2014-07-16T10:08:20.897+0000: 23.906: [GC [PSYoungGen: 257728K->42848K(300608K)] 257728K->57688K(987584K), 0.1045540 secs] [Times: user=0.27 sys=0.03, real=0.10 secs] 
2014-07-16T10:08:21.174+0000: 24.183: [GC [PSYoungGen: 300576K->42870K(300608K)] 315416K->63928K(987584K), 0.0675320 secs] [Times: user=0.22 sys=0.03, real=0.07 secs] 
2014-07-16T10:08:22.676+0000: 25.684: [GC [PSYoungGen: 300598K->42870K(300608K)] 321656K->65048K(987584K), 0.0734950 secs] [Times: user=0.28 sys=0.00, real=0.08 secs] 
2014-07-16T10:08:23.912+0000: 26.921: [GC [PSYoungGen: 300598K->42858K(558336K)] 322776K->65956K(1245312K), 0.0757750 secs] [Times: user=0.28 sys=0.02, real=0.08 secs] 
2014-07-16T10:08:26.290+0000: 29.299: [GC [PSYoungGen: 558314K->42876K(558336K)] 581412K->66110K(1245312K), 0.0592090 secs] [Times: user=0.22 sys=0.02, real=0.06 secs] 
2014-07-16T10:08:28.429+0000: 31.437: [GC [PSYoungGen: 558332K->43202K(1088768K)] 581566K->66436K(1775744K), 0.0718600 secs] [Times: user=0.25 sys=0.02, real=0.07 secs] 
2014-07-16T10:08:32.358+0000: 35.366: [GC [PSYoungGen: 1074114K->2340K(1089600K)] 1097348K->65880K(1776576K), 0.0714910 secs] [Times: user=0.26 sys=0.02, real=0.08 secs] 
2014-07-16T10:08:35.957+0000: 38.966: [GC [PSYoungGen: 1033252K->2148K(2124288K)] 1096792K->66144K(2811264K), 0.0058450 secs] [Times: user=0.02 sys=0.01, real=0.01 secs] 
2014-07-16T10:08:41.662+0000: 44.671: [GC [PSYoungGen: 2059556K->1490K(2128704K)] 2123552K->65846K(2815680K), 0.0103610 secs] [Times: user=0.03 sys=0.01, real=0.01 secs] 
2014-07-16T10:08:46.506+0000: 49.515: [GC [PSYoungGen: 2058898K->1462K(2720256K)] 2123254K->66394K(3407232K), 0.0171670 secs] [Times: user=0.06 sys=0.00, real=0.02 secs] 
2014-07-16T10:08:52.731+0000: 55.740: [GC [PSYoungGen: 2647990K->1266K(2647808K)] 2712922K->66806K(3334784K), 0.0205940 secs] [Times: user=0.08 sys=0.00, real=0.03 secs] 
2014-07-16T10:08:58.327+0000: 61.336: [GC [PSYoungGen: 2647794K->580K(2721664K)] 2713334K->66440K(3408640K), 0.0049230 secs] [Times: user=0.01 sys=0.00, real=0.01 secs] 
2014-07-16T10:09:03.897+0000: 66.905: [GC [PSYoungGen: 2647236K->416K(2647104K)] 2713096K->66556K(3334080K), 0.0057190 secs] [Times: user=0.01 sys=0.00, real=0.00 secs] 
2014-07-16T10:09:09.483+0000: 72.491: [GC [PSYoungGen: 2647072K->576K(2526656K)] 2713212K->66948K(3213632K), 0.0036770 secs] [Times: user=0.01 sys=0.00, real=0.01 secs] 
2014-07-16T10:09:14.866+0000: 77.875: [GC [PSYoungGen: 2526656K->480K(2483264K)] 2593028K->67076K(3170240K), 0.0048050 secs] [Times: user=0.01 sys=0.00, real=0.00 secs] 
2014-07-16T10:09:19.984+0000: 82.992: [GC [PSYoungGen: 2412000K->594K(2303232K)] 2478596K->67534K(2990208K), 0.0142360 secs] [Times: user=0.06 sys=0.00, real=0.02 secs] 
2014-07-16T10:09:24.846+0000: 87.855: [GC [PSYoungGen: 2303186K->608K(2266496K)] 2370126K->67692K(2953472K), 0.0308520 secs] [Times: user=0.11 sys=0.00, real=0.04 secs] 
2014-07-16T10:09:29.492+0000: 92.500: [GC [PSYoungGen: 2199712K->288K(2101056K)] 2266796K->67620K(2788032K), 0.0098180 secs] [Times: user=0.02 sys=0.01, real=0.01 secs] 
2014-07-16T10:09:33.999+0000: 97.007: [GC [PSYoungGen: 2101024K->576K(2069312K)] 2168356K->68052K(2756288K), 0.0139380 secs] [Times: user=0.05 sys=0.00, real=0.01 secs] 
2014-07-16T10:09:38.303+0000: 101.312: [GC [PSYoungGen: 2007807K->480K(1918848K)] 2075283K->68236K(2605824K), 0.0118850 secs] [Times: user=0.01 sys=0.00, real=0.01 secs] 
2014-07-16T10:09:42.425+0000: 105.433: [GC [PSYoungGen: 1918816K->416K(1890176K)] 1986572K->68340K(2577152K), 0.0056010 secs] [Times: user=0.01 sys=0.00, real=0.01 secs] 
2014-07-16T10:09:46.322+0000: 109.331: [GC [PSYoungGen: 1834208K->416K(1753856K)] 1902132K->68508K(2440832K), 0.0166620 secs] [Times: user=0.03 sys=0.01, real=0.01 secs] 
2014-07-16T10:09:50.057+0000: 113.065: [GC [PSYoungGen: 1753824K->498K(1727680K)] 1821916K->68838K(2414656K), 0.0105700 secs] [Times: user=0.03 sys=0.00, real=0.01 secs] 
2014-07-16T10:09:53.667+0000: 116.675: [GC [PSYoungGen: 1677490K->1042K(1605440K)] 1745830K->69462K(2292416K), 0.0109930 secs] [Times: user=0.02 sys=0.00, real=0.01 secs] 
2014-07-16T10:09:57.044+0000: 120.052: [GC [PSYoungGen: 1605394K->484K(1580288K)] 1673814K->69192K(2267264K), 0.0124890 secs] [Times: user=0.05 sys=0.00, real=0.01 secs] 
2014-07-16T10:10:00.304+0000: 123.313: [GC [PSYoungGen: 1535780K->370K(1469952K)] 1604488K->69246K(2156928K), 0.0378980 secs] [Times: user=0.12 sys=0.01, real=0.04 secs] 
2014-07-16T10:10:03.450+0000: 126.459: [GC [PSYoungGen: 1469938K->690K(1446912K)] 1538814K->69638K(2133888K), 0.0075120 secs] [Times: user=0.03 sys=0.00, real=0.01 secs] 
2014-07-16T10:10:06.464+0000: 129.472: [GC [PSYoungGen: 1407794K->384K(1348032K)] 1476742K->69588K(2035008K), 0.0071440 secs] [Times: user=0.01 sys=0.00, real=0.00 secs] 
2014-07-16T10:10:09.297+0000: 132.306: [GC [PSYoungGen: 1348032K->274K(1326080K)] 1417236K->69670K(2013056K), 0.0109510 secs] [Times: user=0.03 sys=0.00, real=0.01 secs] 
2014-07-16T10:10:12.049+0000: 135.057: [GC [PSYoungGen: 1291410K->516K(1237952K)] 1360806K->69952K(1924928K), 0.0092110 secs] [Times: user=0.01 sys=0.01, real=0.01 secs] 
2014-07-16T10:10:14.675+0000: 137.683: [GC [PSYoungGen: 1237892K->434K(1216704K)] 1307328K->69982K(1903680K), 0.0037910 secs] [Times: user=0.01 sys=0.00, real=0.00 secs] 
2014-07-16T10:10:17.291+0000: 140.300: [GC [PSYoungGen: 1186610K->676K(1138176K)] 1256158K->70384K(1825152K), 0.0113950 secs] [Times: user=0.02 sys=0.00, real=0.01 secs] 
2014-07-16T10:10:19.706+0000: 142.714: [GC [PSYoungGen: 1138148K->338K(1117632K)] 1207856K->70206K(1804608K), 0.0041400 secs] [Times: user=0.01 sys=0.01, real=0.00 secs] 
2014-07-16T10:10:22.033+0000: 145.041: [GC [PSYoungGen: 1091474K->224K(1047296K)] 1161342K->70172K(1734272K), 0.0113240 secs] [Times: user=0.03 sys=0.00, real=0.01 secs] 
2014-07-16T10:10:24.273+0000: 147.281: [GC [PSYoungGen: 1047264K->480K(1028096K)] 1117212K->70556K(1715072K), 0.0118210 secs] [Times: user=0.04 sys=0.00, real=0.01 secs] 
2014-07-16T10:10:26.462+0000: 149.470: [GC [PSYoungGen: 1005535K->516K(965696K)] 1075611K->70776K(1652672K), 0.0093280 secs] [Times: user=0.02 sys=0.00, real=0.01 secs] 
2014-07-16T10:10:28.501+0000: 151.509: [GC [PSYoungGen: 965636K->498K(946880K)] 1035896K->70870K(1633856K), 0.0047650 secs] [Times: user=0.01 sys=0.00, real=0.00 secs] 
2014-07-16T10:10:30.468+0000: 153.476: [GC [PSYoungGen: 927538K->434K(891264K)] 997910K->70878K(1578240K), 0.0072630 secs] [Times: user=0.01 sys=0.00, real=0.00 secs] 
2014-07-16T10:10:32.389+0000: 155.398: [GC [PSYoungGen: 891237K->256K(873408K)] 961682K->70748K(1560384K), 0.0105570 secs] [Times: user=0.03 sys=0.01, real=0.01 secs] 
2014-07-16T10:10:34.220+0000: 157.229: [GC [PSYoungGen: 856576K->256K(823680K)] 927068K->70868K(1510656K), 0.0098030 secs] [Times: user=0.01 sys=0.01, real=0.01 secs] 
2014-07-16T10:10:35.977+0000: 158.986: [GC [PSYoungGen: 823680K->384K(806848K)] 894292K->71124K(1493824K), 0.0046830 secs] [Times: user=0.01 sys=0.00, real=0.00 secs] 
2014-07-16T10:10:37.670+0000: 160.679: [GC [PSYoungGen: 792512K->338K(762688K)] 863252K->71166K(1449664K), 0.0071850 secs] [Times: user=0.01 sys=0.00, real=0.00 secs] 
2014-07-16T10:10:39.296+0000: 162.305: [GC [PSYoungGen: 762642K->516K(746432K)] 833470K->71424K(1433408K), 0.0035930 secs] [Times: user=0.01 sys=0.00, real=0.01 secs] 
2014-07-16T10:10:40.864+0000: 163.873: [GC [PSYoungGen: 734339K->726K(707456K)] 805247K->71674K(1394432K), 0.0114310 secs] [Times: user=0.04 sys=0.00, real=0.01 secs] 
2014-07-16T10:10:42.353+0000: 165.361: [GC [PSYoungGen: 707414K->434K(691584K)] 778362K->71422K(1378560K), 0.0066150 secs] [Times: user=0.03 sys=0.00, real=0.01 secs] 
2014-07-16T10:10:43.802+0000: 166.810: [GC [PSYoungGen: 681266K->416K(656640K)] 752254K->71508K(1343616K), 0.0105810 secs] [Times: user=0.04 sys=0.00, real=0.01 secs] 
2014-07-16T10:10:45.240+0000: 168.249: [GC [PSYoungGen: 656608K->256K(641792K)] 727700K->71500K(1328768K), 0.0067950 secs] [Times: user=0.02 sys=0.00, real=0.00 secs] 
2014-07-16T10:10:46.750+0000: 169.759: [GC [PSYoungGen: 632896K->1124K(611328K)] 704140K->72496K(1298304K), 0.0062750 secs] [Times: user=0.01 sys=0.00, real=0.00 secs] 
2014-07-16T10:10:47.964+0000: 170.973: [GC [PSYoungGen: 611300K->224K(588992K)] 682672K->71660K(1275968K), 0.0065760 secs] [Times: user=0.02 sys=0.00, real=0.01 secs] 
2014-07-16T10:10:49.219+0000: 172.228: [GC [PSYoungGen: 588960K->128K(568448K)] 660396K->71604K(1255424K), 0.0050360 secs] [Times: user=0.01 sys=0.00, real=0.00 secs] 
2014-07-16T10:10:50.429+0000: 173.438: [GC [PSYoungGen: 568371K->224K(555584K)] 639847K->71724K(1242560K), 0.0029260 secs] [Times: user=0.01 sys=0.00, real=0.01 secs] 
2014-07-16T10:10:51.688+0000: 174.697: [GC [PSYoungGen: 549024K->1234K(531456K)] 620524K->72758K(1218432K), 0.0195530 secs] [Times: user=0.06 sys=0.00, real=0.02 secs] 
2014-07-16T10:10:52.749+0000: 175.758: [GC [PSYoungGen: 531410K->288K(641856K)] 602934K->71876K(1328832K), 0.0231360 secs] [Times: user=0.07 sys=0.00, real=0.03 secs] 
2014-07-16T10:10:54.127+0000: 177.135: [GC [PSYoungGen: 641824K->434K(619136K)] 713412K->72166K(1306112K), 0.0040430 secs] [Times: user=0.01 sys=0.00, real=0.01 secs] 
2014-07-16T10:10:55.451+0000: 178.459: [GC [PSYoungGen: 619122K->320K(601984K)] 690854K->72180K(1288960K), 0.0072590 secs] [Times: user=0.02 sys=0.00, real=0.00 secs] 
2014-07-16T10:10:56.819+0000: 179.827: [GC [PSYoungGen: 597178K->1124K(577216K)] 669038K->73048K(1264192K), 0.0038780 secs] [Times: user=0.01 sys=0.00, real=0.01 secs] 
2014-07-16T10:10:57.993+0000: 181.002: [GC [PSYoungGen: 577188K->352K(556608K)] 649112K->72372K(1243584K), 0.0121240 secs] [Times: user=0.04 sys=0.01, real=0.01 secs] 
2014-07-16T10:10:59.188+0000: 182.196: [GC [PSYoungGen: 556576K->224K(537536K)] 628596K->72332K(1224512K), 0.0069500 secs] [Times: user=0.02 sys=0.00, real=0.01 secs] 
2014-07-16T10:11:00.336+0000: 183.345: [GC [PSYoungGen: 537471K->406K(523072K)] 609579K->72562K(1210048K), 0.0087700 secs] [Times: user=0.02 sys=0.01, real=0.01 secs] 
2014-07-16T10:11:01.442+0000: 184.451: [GC [PSYoungGen: 519574K->384K(502208K)] 591730K->72564K(1189184K), 0.0046070 secs] [Times: user=0.02 sys=0.00, real=0.00 secs] 
2014-07-16T10:11:02.504+0000: 185.512: [GC [PSYoungGen: 502161K->538K(485824K)] 574342K->72766K(1172800K), 0.0031320 secs] [Times: user=0.01 sys=0.00, real=0.00 secs] 
2014-07-16T10:11:03.531+0000: 186.539: [GC [PSYoungGen: 485786K->224K(469696K)] 558014K->72548K(1156672K), 0.0042830 secs] [Times: user=0.01 sys=0.01, real=0.01 secs] 
2014-07-16T10:11:04.539+0000: 187.547: [GC [PSYoungGen: 469619K->224K(457280K)] 541943K->72628K(1144256K), 0.0084070 secs] [Times: user=0.01 sys=0.00, real=0.01 secs] 
2014-07-16T10:11:05.519+0000: 188.527: [GC [PSYoungGen: 454560K->224K(440128K)] 526964K->72676K(1127104K), 0.0052810 secs] [Times: user=0.01 sys=0.00, real=0.01 secs] 
2014-07-16T10:11:06.453+0000: 189.462: [GC [PSYoungGen: 440096K->256K(428672K)] 512548K->72780K(1115648K), 0.0068190 secs] [Times: user=0.02 sys=0.00, real=0.00 secs] 
2014-07-16T10:11:07.356+0000: 190.364: [GC [PSYoungGen: 426209K->228K(413056K)] 498733K->72776K(1100032K), 0.0065040 secs] [Times: user=0.01 sys=0.00, real=0.01 secs] 
2014-07-16T10:11:08.234+0000: 191.242: [GC [PSYoungGen: 413028K->224K(402432K)] 485576K->72820K(1089408K), 0.0056630 secs] [Times: user=0.01 sys=0.00, real=0.00 secs] 
2014-07-16T10:11:09.099+0000: 192.107: [GC [PSYoungGen: 400327K->548K(388544K)] 472923K->73184K(1075520K), 0.0098780 secs] [Times: user=0.03 sys=0.00, real=0.01 secs] 
2014-07-16T10:11:09.911+0000: 192.919: [GC [PSYoungGen: 388503K->324K(376704K)] 461139K->72992K(1063680K), 0.0076150 secs] [Times: user=0.02 sys=0.00, real=0.01 secs] 
2014-07-16T10:11:10.718+0000: 193.726: [GC [PSYoungGen: 376644K->192K(365376K)] 449312K->72884K(1052352K), 0.0060530 secs] [Times: user=0.02 sys=0.00, real=0.01 secs] 
2014-07-16T10:11:11.492+0000: 194.501: [GC [PSYoungGen: 365376K->224K(356288K)] 438068K->72940K(1043264K), 0.0052110 secs] [Times: user=0.01 sys=0.00, real=0.01 secs] 
2014-07-16T10:11:12.264+0000: 195.272: [GC [PSYoungGen: 354673K->388K(344704K)] 427389K->73152K(1031680K), 0.0063970 secs] [Times: user=0.01 sys=0.00, real=0.00 secs] 
2014-07-16T10:11:12.986+0000: 195.994: [GC [PSYoungGen: 344644K->242K(334720K)] 417408K->73078K(1021696K), 0.0042360 secs] [Times: user=0.01 sys=0.00, real=0.00 secs] 
2014-07-16T10:11:13.707+0000: 196.715: [GC [PSYoungGen: 334706K->416K(325504K)] 407542K->73324K(1012480K), 0.0049460 secs] [Times: user=0.01 sys=0.00, real=0.00 secs] 
2014-07-16T10:11:14.387+0000: 197.395: [GC [PSYoungGen: 325465K->128K(390208K)] 398373K->73100K(1077184K), 0.0163510 secs] [Times: user=0.06 sys=0.00, real=0.02 secs] 
2014-07-16T10:11:15.223+0000: 198.231: [GC [PSYoungGen: 390208K->256K(378624K)] 463180K->73260K(1065600K), 0.0046750 secs] [Times: user=0.01 sys=0.00, real=0.00 secs] 
2014-07-16T10:11:16.054+0000: 199.063: [GC [PSYoungGen: 378620K->960K(368128K)] 451624K->74012K(1055104K), 0.0057470 secs] [Times: user=0.02 sys=0.00, real=0.00 secs] 
2014-07-16T10:11:16.807+0000: 199.816: [GC [PSYoungGen: 368128K->242K(356672K)] 441180K->73334K(1043648K), 0.0056230 secs] [Times: user=0.01 sys=0.01, real=0.00 secs] 
2014-07-16T10:11:17.610+0000: 200.618: [GC [PSYoungGen: 356651K->694K(346816K)] 429743K->73842K(1033792K), 0.0105750 secs] [Times: user=0.04 sys=0.00, real=0.01 secs] 
2014-07-16T10:11:18.338+0000: 201.347: [GC [PSYoungGen: 346785K->128K(336384K)] 419933K->73324K(1023360K), 0.0045720 secs] [Times: user=0.01 sys=0.00, real=0.00 secs] 
2014-07-16T10:11:19.060+0000: 202.069: [GC [PSYoungGen: 336384K->210K(328064K)] 409580K->73422K(1015040K), 0.0037340 secs] [Times: user=0.01 sys=0.00, real=0.01 secs] 
2014-07-16T10:11:19.760+0000: 202.769: [GC [PSYoungGen: 326992K->306K(318016K)] 400204K->73550K(1004992K), 0.0086110 secs] [Times: user=0.03 sys=0.00, real=0.01 secs] 
2014-07-16T10:11:20.437+0000: 203.446: [GC [PSYoungGen: 317958K->324K(309312K)] 391202K->73584K(996288K), 0.0041110 secs] [Times: user=0.01 sys=0.00, real=0.00 secs] 
2014-07-16T10:11:21.102+0000: 204.111: [GC [PSYoungGen: 309252K->516K(301120K)] 382512K->73792K(988096K), 0.0052690 secs] [Times: user=0.01 sys=0.01, real=0.01 secs] 
2014-07-16T10:11:21.734+0000: 204.743: [GC [PSYoungGen: 301060K->356K(292864K)] 374336K->73648K(979840K), 0.0036360 secs] [Times: user=0.01 sys=0.00, real=0.00 secs] 
2014-07-16T10:11:22.417+0000: 205.425: [GC [PSYoungGen: 292834K->320K(285056K)] 366127K->73660K(972032K), 0.0041070 secs] [Times: user=0.01 sys=0.00, real=0.00 secs] 
2014-07-16T10:11:23.003+0000: 206.011: [GC [PSYoungGen: 284965K->502K(277824K)] 358306K->73946K(964800K), 0.0040100 secs] [Times: user=0.01 sys=0.00, real=0.01 secs] 
2014-07-16T10:11:23.591+0000: 206.599: [GC [PSYoungGen: 277812K->484K(333312K)] 351256K->74000K(1020288K), 0.0226330 secs] [Times: user=0.08 sys=0.00, real=0.02 secs] 
2014-07-16T10:11:24.307+0000: 207.315: [GC [PSYoungGen: 333284K->224K(399616K)] 406800K->73788K(1086592K), 0.0061350 secs] [Times: user=0.01 sys=0.00, real=0.00 secs] 
2014-07-16T10:11:25.167+0000: 208.176: [GC [PSYoungGen: 399584K->256K(479488K)] 473148K->73868K(1166464K), 0.0044800 secs] [Times: user=0.01 sys=0.00, real=0.00 secs] 
2014-07-16T10:11:26.218+0000: 209.226: [GC [PSYoungGen: 479484K->352K(464064K)] 553097K->74020K(1151040K), 0.0058120 secs] [Times: user=0.01 sys=0.00, real=0.00 secs] 
2014-07-16T10:11:27.289+0000: 210.297: [GC [PSYoungGen: 464032K->818K(449664K)] 537700K->74630K(1136640K), 0.0075280 secs] [Times: user=0.01 sys=0.00, real=0.01 secs] 
2014-07-16T10:11:28.201+0000: 211.209: [GC [PSYoungGen: 449633K->224K(434880K)] 523445K->74108K(1121856K), 0.0061420 secs] [Times: user=0.02 sys=0.00, real=0.01 secs] 
2014-07-16T10:11:29.133+0000: 212.141: [GC [PSYoungGen: 434771K->224K(421248K)] 508656K->74156K(1108224K), 0.0038830 secs] [Times: user=0.01 sys=0.00, real=0.01 secs] 
2014-07-16T10:11:30.035+0000: 213.043: [GC [PSYoungGen: 421210K->256K(408192K)] 495142K->74220K(1095168K), 0.0074760 secs] [Times: user=0.02 sys=0.00, real=0.01 secs] 
2014-07-16T10:11:30.904+0000: 213.912: [GC [PSYoungGen: 408192K->498K(395968K)] 482156K->74478K(1082944K), 0.0046720 secs] [Times: user=0.01 sys=0.00, real=0.01 secs] 
2014-07-16T10:11:31.735+0000: 214.744: [GC [PSYoungGen: 395954K->224K(474816K)] 469934K->74236K(1161792K), 0.0222010 secs] [Times: user=0.08 sys=0.00, real=0.03 secs] 
2014-07-16T10:11:32.781+0000: 215.789: [GC [PSYoungGen: 474723K->306K(459520K)] 548735K->74374K(1146496K), 0.0036550 secs] [Times: user=0.01 sys=0.00, real=0.00 secs] 
2014-07-16T10:11:33.763+0000: 216.771: [GC [PSYoungGen: 459495K->488K(445056K)] 533563K->74684K(1132032K), 0.0093940 secs] [Times: user=0.04 sys=0.00, real=0.01 secs] 
2014-07-16T10:11:34.735+0000: 217.743: [GC [PSYoungGen: 445032K->480K(534016K)] 519228K->74756K(1220992K), 0.0164690 secs] [Times: user=0.06 sys=0.00, real=0.02 secs] 
2014-07-16T10:11:35.855+0000: 218.863: [GC [PSYoungGen: 533909K->374K(640640K)] 608185K->74722K(1327616K), 0.0079910 secs] [Times: user=0.03 sys=0.00, real=0.01 secs] 
2014-07-16T10:11:37.234+0000: 220.242: [GC [PSYoungGen: 640630K->530K(618048K)] 714978K->74942K(1305024K), 0.0062650 secs] [Times: user=0.01 sys=0.00, real=0.01 secs] 
2014-07-16T10:11:38.605+0000: 221.613: [GC [PSYoungGen: 617994K->552K(596288K)] 692406K->75036K(1283264K), 0.0096450 secs] [Times: user=0.04 sys=0.00, real=0.01 secs] 
2014-07-16T10:11:39.877+0000: 222.886: [GC [PSYoungGen: 596168K->256K(575232K)] 670653K->74796K(1262208K), 0.0035140 secs] [Times: user=0.01 sys=0.00, real=0.00 secs] 
2014-07-16T10:11:41.103+0000: 224.111: [GC [PSYoungGen: 575232K->320K(555456K)] 649772K->74884K(1242432K), 0.0097530 secs] [Times: user=0.04 sys=0.00, real=0.01 secs] 
2014-07-16T10:11:42.294+0000: 225.303: [GC [PSYoungGen: 555456K->352K(536576K)] 630020K->74956K(1223552K), 0.0152010 secs] [Times: user=0.06 sys=0.00, real=0.02 secs] 
2014-07-16T10:11:43.513+0000: 226.521: [GC [PSYoungGen: 536543K->434K(518592K)] 611147K->75134K(1205568K), 0.0109150 secs] [Times: user=0.04 sys=0.00, real=0.01 secs] 
2014-07-16T10:11:44.623+0000: 227.631: [GC [PSYoungGen: 518541K->424K(501312K)] 593242K->75284K(1188288K), 0.0046980 secs] [Times: user=0.01 sys=0.00, real=0.00 secs] 
2014-07-16T10:11:45.703+0000: 228.711: [GC [PSYoungGen: 501288K->480K(484864K)] 576148K->75388K(1171840K), 0.0041560 secs] [Times: user=0.01 sys=0.00, real=0.00 secs] 
2014-07-16T10:11:46.734+0000: 229.742: [GC [PSYoungGen: 484832K->224K(468864K)] 559740K->75204K(1155840K), 0.0063600 secs] [Times: user=0.02 sys=0.00, real=0.01 secs] 
2014-07-16T10:11:47.772+0000: 230.780: [GC [PSYoungGen: 468832K->352K(453888K)] 543812K->75364K(1140864K), 0.0079890 secs] [Times: user=0.02 sys=0.00, real=0.01 secs] 
2014-07-16T10:11:48.746+0000: 231.755: [GC [PSYoungGen: 453856K->516K(439680K)] 528868K->75624K(1126656K), 0.0057750 secs] [Times: user=0.02 sys=0.00, real=0.01 secs] 
2014-07-16T10:11:49.670+0000: 232.679: [GC [PSYoungGen: 439620K->324K(425664K)] 514728K->75464K(1112640K), 0.0059520 secs] [Times: user=0.02 sys=0.00, real=0.00 secs] 
2014-07-16T10:11:50.580+0000: 233.588: [GC [PSYoungGen: 425604K->470K(412608K)] 500744K->75684K(1099584K), 0.0100420 secs] [Times: user=0.03 sys=0.00, real=0.01 secs] 
2014-07-16T10:11:51.459+0000: 234.468: [GC [PSYoungGen: 412563K->146K(399616K)] 487777K->75376K(1086592K), 0.0057020 secs] [Times: user=0.01 sys=0.00, real=0.00 secs] 
2014-07-16T10:11:52.315+0000: 235.324: [GC [PSYoungGen: 399570K->256K(387584K)] 474800K->75534K(1074560K), 0.0065170 secs] [Times: user=0.02 sys=0.00, real=0.01 secs] 
2014-07-16T10:11:53.186+0000: 236.194: [GC [PSYoungGen: 387584K->288K(376064K)] 462862K->75614K(1063040K), 0.0034230 secs] [Times: user=0.01 sys=0.00, real=0.01 secs] 
2014-07-16T10:11:53.980+0000: 236.989: [GC [PSYoungGen: 376029K->256K(364864K)] 451355K->75686K(1051840K), 0.0038260 secs] [Times: user=0.01 sys=0.00, real=0.00 secs] 
2014-07-16T10:11:54.757+0000: 237.765: [GC [PSYoungGen: 364864K->288K(354304K)] 440294K->75766K(1041280K), 0.0058550 secs] [Times: user=0.01 sys=0.00, real=0.01 secs] 
2014-07-16T10:11:55.516+0000: 238.525: [GC [PSYoungGen: 354270K->256K(344000K)] 429748K->75782K(1030976K), 0.0110970 secs] [Times: user=0.04 sys=0.00, real=0.01 secs] 
2014-07-16T10:11:56.253+0000: 239.262: [GC [PSYoungGen: 343996K->402K(334400K)] 419522K->75976K(1021376K), 0.0101240 secs] [Times: user=0.03 sys=0.00, real=0.01 secs] 
2014-07-16T10:11:56.999+0000: 240.007: [GC [PSYoungGen: 334354K->356K(324928K)] 409928K->75978K(1011904K), 0.0043820 secs] [Times: user=0.02 sys=0.00, real=0.01 secs] 
2014-07-16T10:11:57.721+0000: 240.730: [GC [PSYoungGen: 324900K->520K(316096K)] 400522K->76198K(1003072K), 0.0030950 secs] [Times: user=0.01 sys=0.00, real=0.00 secs] 
2014-07-16T10:11:58.361+0000: 241.370: [GC [PSYoungGen: 315969K->374K(307264K)] 391647K->76334K(994240K), 0.0072190 secs] [Times: user=0.02 sys=0.00, real=0.00 secs] 
2014-07-16T10:11:59.026+0000: 242.034: [GC [PSYoungGen: 307254K->658K(368960K)] 383214K->76692K(1055936K), 0.0104450 secs] [Times: user=0.04 sys=0.00, real=0.01 secs] 
2014-07-16T10:11:59.804+0000: 242.813: [GC [PSYoungGen: 368914K->260K(357760K)] 444948K->76342K(1044736K), 0.0065500 secs] [Times: user=0.01 sys=0.00, real=0.01 secs] 
2014-07-16T10:12:00.559+0000: 243.567: [GC [PSYoungGen: 357628K->292K(347392K)] 433711K->76390K(1034368K), 0.0034500 secs] [Times: user=0.01 sys=0.00, real=0.01 secs] 
2014-07-16T10:12:01.300+0000: 244.308: [GC [PSYoungGen: 347267K->406K(337600K)] 423366K->76544K(1024576K), 0.0056620 secs] [Times: user=0.02 sys=0.00, real=0.00 secs] 
2014-07-16T10:12:02.036+0000: 245.044: [GC [PSYoungGen: 337546K->758K(328384K)] 413684K->77184K(1015360K), 0.0039120 secs] [Times: user=0.01 sys=0.00, real=0.01 secs] 
2014-07-16T10:12:02.807+0000: 245.816: [GC [PSYoungGen: 328374K->370K(318848K)] 404800K->77588K(1005824K), 0.0054150 secs] [Times: user=0.02 sys=0.01, real=0.01 secs] 
2014-07-16T10:12:03.403+0000: 246.411: [GC [PSYoungGen: 318834K->608K(382848K)] 396052K->77978K(1069824K), 0.0211560 secs] [Times: user=0.08 sys=0.00, real=0.02 secs] 
2014-07-16T10:12:04.240+0000: 247.248: [GC [PSYoungGen: 382816K->530K(459264K)] 460186K->78172K(1146240K), 0.0038900 secs] [Times: user=0.01 sys=0.00, real=0.01 secs] 
2014-07-16T10:12:05.200+0000: 248.208: [GC [PSYoungGen: 459218K->192K(550656K)] 536860K->77890K(1237632K), 0.0065180 secs] [Times: user=0.01 sys=0.01, real=0.01 secs] 
2014-07-16T10:12:06.378+0000: 249.387: [GC [PSYoungGen: 550656K->452K(532288K)] 628354K->78198K(1219264K), 0.0101150 secs] [Times: user=0.04 sys=0.00, real=0.01 secs] 
2014-07-16T10:12:07.523+0000: 250.531: [GC [PSYoungGen: 532205K->438K(514368K)] 609951K->78256K(1201344K), 0.0094770 secs] [Times: user=0.04 sys=0.00, real=0.01 secs] 
2014-07-16T10:12:08.618+0000: 251.627: [GC [PSYoungGen: 514358K->698K(497536K)] 592176K->78556K(1184512K), 0.0055770 secs] [Times: user=0.01 sys=0.00, real=0.01 secs] 
2014-07-16T10:12:09.672+0000: 252.681: [GC [PSYoungGen: 497530K->242K(596480K)] 575388K->78172K(1283456K), 0.0196750 secs] [Times: user=0.07 sys=0.00, real=0.02 secs] 
2014-07-16T10:12:10.938+0000: 253.947: [GC [PSYoungGen: 596466K->224K(575680K)] 674396K->78186K(1262656K), 0.0065410 secs] [Times: user=0.01 sys=0.00, real=0.01 secs] 
2014-07-16T10:12:12.172+0000: 255.180: [GC [PSYoungGen: 575648K->388K(556032K)] 653610K->78382K(1243008K), 0.0127300 secs] [Times: user=0.05 sys=0.00, real=0.02 secs] 
2014-07-16T10:12:13.353+0000: 256.361: [GC [PSYoungGen: 555972K->434K(537088K)] 633966K->78508K(1224064K), 0.0116400 secs] [Times: user=0.03 sys=0.00, real=0.01 secs] 
2014-07-16T10:12:14.518+0000: 257.526: [GC [PSYoungGen: 537074K->388K(518976K)] 615148K->78590K(1205952K), 0.0035510 secs] [Times: user=0.01 sys=0.01, real=0.00 secs] 
2014-07-16T10:12:15.627+0000: 258.635: [GC [PSYoungGen: 518916K->274K(501568K)] 597118K->78572K(1188544K), 0.0133530 secs] [Times: user=0.05 sys=0.00, real=0.01 secs] 
2014-07-16T10:12:16.718+0000: 259.726: [GC [PSYoungGen: 501522K->356K(485120K)] 579820K->78710K(1172096K), 0.0086970 secs] [Times: user=0.03 sys=0.00, real=0.01 secs] 
2014-07-16T10:12:17.813+0000: 260.821: [GC [PSYoungGen: 485092K->480K(469440K)] 563446K->78906K(1156416K), 0.0057070 secs] [Times: user=0.02 sys=0.00, real=0.01 secs] 
2014-07-16T10:12:18.809+0000: 261.817: [GC [PSYoungGen: 469408K->352K(454208K)] 547834K->78842K(1141184K), 0.0055720 secs] [Times: user=0.01 sys=0.00, real=0.01 secs] 
2014-07-16T10:12:19.763+0000: 262.772: [GC [PSYoungGen: 454176K->160K(439552K)] 532666K->78722K(1126528K), 0.0084190 secs] [Times: user=0.03 sys=0.00, real=0.00 secs] 
2014-07-16T10:12:20.704+0000: 263.712: [GC [PSYoungGen: 439520K->224K(425792K)] 518082K->78810K(1112768K), 0.0120930 secs] [Times: user=0.04 sys=0.00, real=0.01 secs] 
2014-07-16T10:12:21.619+0000: 264.627: [GC [PSYoungGen: 425760K->320K(412608K)] 504346K->78946K(1099584K), 0.0083640 secs] [Times: user=0.03 sys=0.00, real=0.01 secs] 
2014-07-16T10:12:22.491+0000: 265.499: [GC [PSYoungGen: 412608K->192K(399808K)] 491234K->78866K(1086784K), 0.0105000 secs] [Times: user=0.04 sys=0.01, real=0.01 secs] 
2014-07-16T10:12:23.380+0000: 266.389: [GC [PSYoungGen: 399808K->416K(387968K)] 478482K->79146K(1074944K), 0.0047880 secs] [Times: user=0.01 sys=0.00, real=0.01 secs] 
2014-07-16T10:12:24.184+0000: 267.192: [GC [PSYoungGen: 387936K->224K(376192K)] 466666K->79098K(1063168K), 0.0035000 secs] [Times: user=0.01 sys=0.00, real=0.00 secs] 
2014-07-16T10:12:24.999+0000: 268.008: [GC [PSYoungGen: 376131K->662K(365504K)] 455006K->79568K(1052480K), 0.0037420 secs] [Times: user=0.01 sys=0.00, real=0.00 secs] 
2014-07-16T10:12:25.773+0000: 268.781: [GC [PSYoungGen: 365459K->160K(354304K)] 444365K->79122K(1041280K), 0.0086500 secs] [Times: user=0.03 sys=0.00, real=0.01 secs] 
2014-07-16T10:12:26.537+0000: 269.546: [GC [PSYoungGen: 354272K->602K(344512K)] 433234K->79628K(1031488K), 0.0054980 secs] [Times: user=0.01 sys=0.00, real=0.00 secs] 
2014-07-16T10:12:27.262+0000: 270.271: [GC [PSYoungGen: 344474K->406K(334528K)] 423500K->79488K(1021504K), 0.0043380 secs] [Times: user=0.01 sys=0.00, real=0.01 secs] 
2014-07-16T10:12:28.098+0000: 271.107: [GC [PSYoungGen: 334486K->768K(325440K)] 413568K->80154K(1012416K), 0.0056840 secs] [Times: user=0.02 sys=0.00, real=0.01 secs] 
2014-07-16T10:12:28.689+0000: 271.697: [GC [PSYoungGen: 325440K->552K(390208K)] 404826K->80026K(1077184K), 0.0210450 secs] [Times: user=0.08 sys=0.00, real=0.02 secs] 
2014-07-16T10:12:29.510+0000: 272.518: [GC [PSYoungGen: 390179K->160K(467776K)] 469653K->79730K(1154752K), 0.0090140 secs] [Times: user=0.03 sys=0.00, real=0.01 secs] 
2014-07-16T10:12:30.517+0000: 273.525: [GC [PSYoungGen: 467707K->388K(561600K)] 547277K->79998K(1248576K), 0.0086070 secs] [Times: user=0.03 sys=0.00, real=0.01 secs] 
2014-07-16T10:12:31.709+0000: 274.717: [GC [PSYoungGen: 561440K->292K(542272K)] 641050K->79918K(1229248K), 0.0038060 secs] [Times: user=0.01 sys=0.00, real=0.00 secs] 
2014-07-16T10:12:32.875+0000: 275.884: [GC [PSYoungGen: 542244K->772K(524480K)] 621870K->80454K(1211456K), 0.0104710 secs] [Times: user=0.02 sys=0.00, real=0.01 secs] 
2014-07-16T10:12:34.212+0000: 277.220: [GC [PSYoungGen: 524391K->402K(506560K)] 604074K->80156K(1193536K), 0.0068590 secs] [Times: user=0.01 sys=0.00, real=0.01 secs] 
2014-07-16T10:12:35.291+0000: 278.300: [GC [PSYoungGen: 506514K->320K(607680K)] 586268K->80226K(1294656K), 0.0197180 secs] [Times: user=0.06 sys=0.00, real=0.02 secs] 
2014-07-16T10:12:36.637+0000: 279.645: [GC [PSYoungGen: 607659K->480K(586560K)] 687566K->80434K(1273536K), 0.0060420 secs] [Times: user=0.01 sys=0.00, real=0.00 secs] 
2014-07-16T10:12:37.888+0000: 280.897: [GC [PSYoungGen: 586528K->288K(566016K)] 666482K->80322K(1252992K), 0.0051040 secs] [Times: user=0.01 sys=0.00, real=0.00 secs] 
2014-07-16T10:12:39.211+0000: 282.220: [GC [PSYoungGen: 565984K->466K(546816K)] 646018K->80540K(1233792K), 0.0188390 secs] [Times: user=0.06 sys=0.00, real=0.02 secs] 
2014-07-16T10:12:40.376+0000: 283.384: [GC [PSYoungGen: 546747K->374K(528192K)] 626821K->80544K(1215168K), 0.0087830 secs] [Times: user=0.03 sys=0.00, real=0.01 secs] 
2014-07-16T10:12:41.507+0000: 284.516: [GC [PSYoungGen: 528182K->178K(510272K)] 608352K->80372K(1197248K), 0.0033670 secs] [Times: user=0.01 sys=0.00, real=0.00 secs] 
2014-07-16T10:12:42.600+0000: 285.608: [GC [PSYoungGen: 510222K->388K(493632K)] 590416K->80638K(1180608K), 0.0053850 secs] [Times: user=0.02 sys=0.00, real=0.00 secs] 
2014-07-16T10:12:43.670+0000: 286.678: [GC [PSYoungGen: 493571K->452K(477504K)] 573821K->80774K(1164480K), 0.0071530 secs] [Times: user=0.02 sys=0.00, real=0.00 secs] 
2014-07-16T10:12:44.692+0000: 287.700: [GC [PSYoungGen: 477444K->356K(461952K)] 557766K->80814K(1148928K), 0.0045900 secs] [Times: user=0.01 sys=0.00, real=0.00 secs] 
2014-07-16T10:12:45.702+0000: 288.710: [GC [PSYoungGen: 461924K->320K(447104K)] 542382K->80826K(1134080K), 0.0048500 secs] [Times: user=0.01 sys=0.00, real=0.00 secs] 
2014-07-16T10:12:46.644+0000: 289.652: [GC [PSYoungGen: 447104K->434K(433088K)] 527610K->81004K(1120064K), 0.0062910 secs] [Times: user=0.01 sys=0.00, real=0.01 secs] 
2014-07-16T10:12:47.583+0000: 290.591: [GC [PSYoungGen: 433049K->690K(419840K)] 513619K->81404K(1106816K), 0.0056410 secs] [Times: user=0.01 sys=0.00, real=0.01 secs] 
2014-07-16T10:12:48.551+0000: 291.559: [GC [PSYoungGen: 419764K->736K(503744K)] 500479K->81522K(1190720K), 0.0351670 secs] [Times: user=0.11 sys=0.00, real=0.03 secs] 
2014-07-16T10:12:49.630+0000: 292.638: [GC [PSYoungGen: 503712K->256K(603840K)] 584498K->81154K(1290816K), 0.0113370 secs] [Times: user=0.04 sys=0.00, real=0.01 secs] 
2014-07-16T10:12:50.911+0000: 293.920: [GC [PSYoungGen: 603840K->128K(724480K)] 684738K->81058K(1411456K), 0.0033730 secs] [Times: user=0.01 sys=0.00, real=0.00 secs] 
2014-07-16T10:12:52.462+0000: 295.471: [GC [PSYoungGen: 724480K->288K(697984K)] 805410K->81258K(1384960K), 0.0042770 secs] [Times: user=0.02 sys=0.00, real=0.00 secs] 
2014-07-16T10:12:53.972+0000: 296.980: [GC [PSYoungGen: 697952K->352K(672576K)] 778922K->81426K(1359552K), 0.0063240 secs] [Times: user=0.01 sys=0.00, real=0.01 secs] 
2014-07-16T10:12:55.410+0000: 298.419: [GC [PSYoungGen: 672544K->370K(648320K)] 753618K->81588K(1335296K), 0.0095330 secs] [Times: user=0.03 sys=0.00, real=0.01 secs] 
2014-07-16T10:12:56.792+0000: 299.800: [GC [PSYoungGen: 648306K->192K(624960K)] 729524K->81458K(1311936K), 0.0036180 secs] [Times: user=0.00 sys=0.00, real=0.00 secs] 
2014-07-16T10:12:58.127+0000: 301.135: [GC [PSYoungGen: 624960K->384K(603072K)] 706226K->81738K(1290048K), 0.0081530 secs] [Times: user=0.03 sys=0.00, real=0.01 secs] 
2014-07-16T10:12:59.490+0000: 302.498: [GC [PSYoungGen: 603023K->452K(582144K)] 684378K->81870K(1269120K), 0.0032410 secs] [Times: user=0.01 sys=0.00, real=0.00 secs] 
2014-07-16T10:13:00.743+0000: 303.752: [GC [PSYoungGen: 582083K->470K(562048K)] 663501K->82000K(1249024K), 0.0045780 secs] [Times: user=0.02 sys=0.00, real=0.00 secs] 
2014-07-16T10:13:01.953+0000: 304.961: [GC [PSYoungGen: 561989K->552K(542912K)] 643519K->82122K(1229888K), 0.0043810 secs] [Times: user=0.01 sys=0.00, real=0.00 secs] 
2014-07-16T10:13:03.089+0000: 306.097: [GC [PSYoungGen: 542888K->288K(524288K)] 624458K->81946K(1211264K), 0.0061640 secs] [Times: user=0.01 sys=0.00, real=0.01 secs] 
2014-07-16T10:13:04.264+0000: 307.273: [GC [PSYoungGen: 524197K->566K(507008K)] 605855K->82320K(1193984K), 0.0034760 secs] [Times: user=0.01 sys=0.01, real=0.00 secs] 
2014-07-16T10:13:05.333+0000: 308.342: [GC [PSYoungGen: 506998K->192K(489856K)] 588752K->82058K(1176832K), 0.0104440 secs] [Times: user=0.03 sys=0.00, real=0.01 secs] 
2014-07-16T10:13:06.400+0000: 309.409: [GC [PSYoungGen: 489856K->466K(474176K)] 571722K->82404K(1161152K), 0.0080550 secs] [Times: user=0.03 sys=0.00, real=0.00 secs] 
2014-07-16T10:13:07.400+0000: 310.408: [GC [PSYoungGen: 474130K->224K(458624K)] 556068K->82210K(1145600K), 0.0086340 secs] [Times: user=0.03 sys=0.01, real=0.00 secs] 
2014-07-16T10:13:08.383+0000: 311.391: [GC [PSYoungGen: 458592K->178K(443904K)] 540578K->82196K(1130880K), 0.0056210 secs] [Times: user=0.01 sys=0.00, real=0.00 secs] 
2014-07-16T10:13:09.376+0000: 312.384: [GC [PSYoungGen: 443865K->716K(430464K)] 525883K->82798K(1117440K), 0.0085200 secs] [Times: user=0.03 sys=0.00, real=0.01 secs] 
2014-07-16T10:13:10.296+0000: 313.304: [GC [PSYoungGen: 430412K->384K(516032K)] 512494K->82530K(1203008K), 0.0258560 secs] [Times: user=0.09 sys=0.00, real=0.03 secs] 
2014-07-16T10:13:11.394+0000: 314.402: [GC [PSYoungGen: 516023K->424K(498944K)] 598169K->82602K(1185920K), 0.0039810 secs] [Times: user=0.01 sys=0.00, real=0.00 secs] 
2014-07-16T10:13:12.454+0000: 315.462: [GC [PSYoungGen: 498920K->224K(482368K)] 581098K->82442K(1169344K), 0.0045070 secs] [Times: user=0.01 sys=0.00, real=0.00 secs] 
2014-07-16T10:13:13.480+0000: 316.488: [GC [PSYoungGen: 482336K->192K(466624K)] 564554K->82474K(1153600K), 0.0036990 secs] [Times: user=0.00 sys=0.00, real=0.01 secs] 
2014-07-16T10:13:14.478+0000: 317.486: [GC [PSYoungGen: 466623K->256K(451712K)] 548905K->82618K(1138688K), 0.0089100 secs] [Times: user=0.03 sys=0.00, real=0.01 secs] 
2014-07-16T10:13:15.439+0000: 318.448: [GC [PSYoungGen: 451712K->452K(437632K)] 534074K->82902K(1124608K), 0.0086840 secs] [Times: user=0.01 sys=0.00, real=0.01 secs] 
2014-07-16T10:13:16.373+0000: 319.382: [GC [PSYoungGen: 437555K->438K(423872K)] 520006K->82952K(1110848K), 0.0033560 secs] [Times: user=0.01 sys=0.00, real=0.00 secs] 
2014-07-16T10:13:17.281+0000: 320.289: [GC [PSYoungGen: 423862K->338K(410688K)] 506376K->82892K(1097664K), 0.0072720 secs] [Times: user=0.02 sys=0.00, real=0.01 secs] 
2014-07-16T10:13:18.160+0000: 321.169: [GC [PSYoungGen: 410642K->356K(398144K)] 493196K->82958K(1085120K), 0.0156090 secs] [Times: user=0.06 sys=0.00, real=0.02 secs] 
2014-07-16T10:13:19.078+0000: 322.087: [GC [PSYoungGen: 398115K->452K(386240K)] 480718K->83086K(1073216K), 0.0057210 secs] [Times: user=0.02 sys=0.00, real=0.01 secs] 
2014-07-16T10:13:19.886+0000: 322.895: [GC [PSYoungGen: 386180K->530K(374784K)] 468814K->83244K(1061760K), 0.0067060 secs] [Times: user=0.02 sys=0.00, real=0.01 secs] 
2014-07-16T10:13:20.664+0000: 323.673: [GC [PSYoungGen: 374738K->256K(363392K)] 457452K->83034K(1050368K), 0.0093970 secs] [Times: user=0.04 sys=0.00, real=0.01 secs] 
2014-07-16T10:13:21.438+0000: 324.446: [GC [PSYoungGen: 363392K->288K(352896K)] 446170K->83106K(1039872K), 0.0053670 secs] [Times: user=0.02 sys=0.00, real=0.01 secs] 
2014-07-16T10:13:22.187+0000: 325.196: [GC [PSYoungGen: 352864K->192K(342592K)] 435682K->83042K(1029568K), 0.0072270 secs] [Times: user=0.02 sys=0.00, real=0.01 secs] 
2014-07-16T10:13:22.919+0000: 325.927: [GC [PSYoungGen: 342592K->498K(411392K)] 425442K->83388K(1098368K), 0.0118730 secs] [Times: user=0.04 sys=0.01, real=0.01 secs] 
2014-07-16T10:13:23.901+0000: 326.909: [GC [PSYoungGen: 411378K->690K(493760K)] 494268K->84156K(1180736K), 0.0082370 secs] [Times: user=0.02 sys=0.01, real=0.01 secs] 
2014-07-16T10:13:24.846+0000: 327.854: [GC [PSYoungGen: 493746K->672K(477632K)] 577212K->84250K(1164608K), 0.0070990 secs] [Times: user=0.02 sys=0.00, real=0.01 secs] 
2014-07-16T10:13:25.860+0000: 328.869: [GC [PSYoungGen: 477598K->224K(461760K)] 561176K->84002K(1148736K), 0.0092540 secs] [Times: user=0.03 sys=0.01, real=0.01 secs] 
2014-07-16T10:13:26.863+0000: 329.872: [GC [PSYoungGen: 461728K->384K(447104K)] 545506K->84194K(1134080K), 0.0051150 secs] [Times: user=0.01 sys=0.00, real=0.00 secs] 
2014-07-16T10:13:27.817+0000: 330.825: [GC [PSYoungGen: 447104K->338K(432960K)] 530914K->84204K(1119936K), 0.0112490 secs] [Times: user=0.04 sys=0.00, real=0.01 secs] 
2014-07-16T10:13:28.737+0000: 331.746: [GC [PSYoungGen: 432850K->324K(419456K)] 516717K->84222K(1106432K), 0.0108510 secs] [Times: user=0.03 sys=0.00, real=0.01 secs] 
2014-07-16T10:13:29.803+0000: 332.812: [GC [PSYoungGen: 419365K->520K(406720K)] 503264K->84466K(1093696K), 0.0045980 secs] [Times: user=0.01 sys=0.00, real=0.01 secs] 
2014-07-16T10:13:30.760+0000: 333.769: [GC [PSYoungGen: 406664K->896K(394624K)] 490610K->85034K(1081600K), 0.0051340 secs] [Times: user=0.01 sys=0.00, real=0.01 secs] 
2014-07-16T10:13:31.561+0000: 334.569: [GC [PSYoungGen: 394620K->306K(382208K)] 478758K->84492K(1069184K), 0.0037480 secs] [Times: user=0.01 sys=0.00, real=0.01 secs] 
2014-07-16T10:13:32.366+0000: 335.375: [GC [PSYoungGen: 382194K->352K(458688K)] 466380K->84626K(1145664K), 0.0307540 secs] [Times: user=0.10 sys=0.00, real=0.03 secs] 
2014-07-16T10:13:33.345+0000: 336.353: [GC [PSYoungGen: 458656K->288K(550336K)] 542930K->84610K(1237312K), 0.0062670 secs] [Times: user=0.02 sys=0.00, real=0.00 secs] 
2014-07-16T10:13:34.553+0000: 337.561: [GC [PSYoungGen: 550304K->1010K(661056K)] 634626K->85468K(1348032K), 0.0112700 secs] [Times: user=0.04 sys=0.00, real=0.02 secs] 
2014-07-16T10:13:35.947+0000: 338.955: [GC [PSYoungGen: 661013K->356K(792448K)] 745471K->84926K(1479424K), 0.0103230 secs] [Times: user=0.04 sys=0.00, real=0.01 secs] 
2014-07-16T10:13:37.637+0000: 340.645: [GC [PSYoungGen: 792420K->288K(762560K)] 876990K->84954K(1449536K), 0.0051020 secs] [Times: user=0.01 sys=0.00, real=0.00 secs] 
2014-07-16T10:13:39.307+0000: 342.315: [GC [PSYoungGen: 762528K->484K(734272K)] 847194K->85198K(1421248K), 0.0061210 secs] [Times: user=0.01 sys=0.00, real=0.00 secs] 
2014-07-16T10:13:40.924+0000: 343.932: [GC [PSYoungGen: 734244K->808K(707456K)] 818958K->85626K(1394432K), 0.0273030 secs] [Times: user=0.09 sys=0.00, real=0.03 secs] 
2014-07-16T10:13:42.415+0000: 345.423: [GC [PSYoungGen: 707432K->320K(681088K)] 792250K->85226K(1368064K), 0.0043780 secs] [Times: user=0.01 sys=0.00, real=0.01 secs] 
2014-07-16T10:13:43.864+0000: 346.873: [GC [PSYoungGen: 681088K->402K(656576K)] 765994K->85420K(1343552K), 0.0048730 secs] [Times: user=0.01 sys=0.00, real=0.01 secs] 
2014-07-16T10:13:45.272+0000: 348.280: [GC [PSYoungGen: 656530K->352K(632960K)] 741548K->85474K(1319936K), 0.0052530 secs] [Times: user=0.01 sys=0.01, real=0.01 secs] 
2014-07-16T10:13:46.637+0000: 349.645: [GC [PSYoungGen: 632928K->804K(610944K)] 718050K->86038K(1297920K), 0.0097870 secs] [Times: user=0.02 sys=0.00, real=0.01 secs] 
2014-07-16T10:13:47.932+0000: 350.940: [GC [PSYoungGen: 610916K->192K(588864K)] 696150K->85458K(1275840K), 0.0041980 secs] [Times: user=0.00 sys=0.01, real=0.00 secs] 
2014-07-16T10:13:49.288+0000: 352.297: [GC [PSYoungGen: 588864K->1028K(569344K)] 674130K->86350K(1256320K), 0.0047970 secs] [Times: user=0.02 sys=0.00, real=0.00 secs] 
2014-07-16T10:13:50.430+0000: 353.439: [GC [PSYoungGen: 569284K->256K(548992K)] 654606K->85626K(1235968K), 0.0054040 secs] [Times: user=0.01 sys=0.01, real=0.00 secs] 
2014-07-16T10:13:51.632+0000: 354.640: [GC [PSYoungGen: 548956K->402K(530560K)] 634326K->85812K(1217536K), 0.0085380 secs] [Times: user=0.03 sys=0.00, real=0.01 secs] 
2014-07-16T10:13:52.766+0000: 355.775: [GC [PSYoungGen: 530514K->356K(512704K)] 615924K->85870K(1199680K), 0.0059900 secs] [Times: user=0.02 sys=0.00, real=0.01 secs] 
2014-07-16T10:13:53.856+0000: 356.865: [GC [PSYoungGen: 512649K->456K(495808K)] 598163K->86042K(1182784K), 0.0120780 secs] [Times: user=0.04 sys=0.00, real=0.02 secs] 
2014-07-16T10:13:54.927+0000: 357.935: [GC [PSYoungGen: 495752K->256K(479296K)] 581338K->85938K(1166272K), 0.0063640 secs] [Times: user=0.02 sys=0.00, real=0.01 secs] 
2014-07-16T10:13:55.943+0000: 358.952: [GC [PSYoungGen: 479296K->288K(463808K)] 564978K->86090K(1150784K), 0.0061860 secs] [Times: user=0.01 sys=0.00, real=0.01 secs] 
2014-07-16T10:13:56.929+0000: 359.938: [GC [PSYoungGen: 463678K->192K(448832K)] 549481K->86026K(1135808K), 0.0055670 secs] [Times: user=0.02 sys=0.01, real=0.00 secs] 
2014-07-16T10:13:57.893+0000: 360.902: [GC [PSYoungGen: 448829K->324K(434816K)] 534663K->86190K(1121792K), 0.0038580 secs] [Times: user=0.01 sys=0.00, real=0.00 secs] 
2014-07-16T10:13:58.838+0000: 361.847: [GC [PSYoungGen: 434756K->466K(421312K)] 520622K->86372K(1108288K), 0.0118020 secs] [Times: user=0.05 sys=0.00, real=0.01 secs] 
2014-07-16T10:13:59.748+0000: 362.756: [GC [PSYoungGen: 421266K->352K(408192K)] 507172K->86306K(1095168K), 0.0054460 secs] [Times: user=0.01 sys=0.01, real=0.01 secs] 
2014-07-16T10:14:00.626+0000: 363.635: [GC [PSYoungGen: 408160K->224K(395584K)] 494114K->86242K(1082560K), 0.0121610 secs] [Times: user=0.05 sys=0.01, real=0.02 secs] 
2014-07-16T10:14:01.467+0000: 364.475: [GC [PSYoungGen: 395506K->306K(383744K)] 481525K->86348K(1070720K), 0.0038020 secs] [Times: user=0.00 sys=0.00, real=0.01 secs] 
2014-07-16T10:14:02.289+0000: 365.297: [GC [PSYoungGen: 383727K->224K(372224K)] 469769K->86330K(1059200K), 0.0074280 secs] [Times: user=0.03 sys=0.00, real=0.01 secs] 
2014-07-16T10:14:03.079+0000: 366.087: [GC [PSYoungGen: 372121K->306K(361344K)] 458228K->86476K(1048320K), 0.0060830 secs] [Times: user=0.03 sys=0.00, real=0.01 secs] 
2014-07-16T10:14:03.846+0000: 366.854: [GC [PSYoungGen: 361330K->256K(350784K)] 447500K->86514K(1037760K), 0.0046510 secs] [Times: user=0.02 sys=0.00, real=0.01 secs] 
2014-07-16T10:14:04.617+0000: 367.626: [GC [PSYoungGen: 350784K->338K(340864K)] 437042K->86644K(1027840K), 0.0036070 secs] [Times: user=0.01 sys=0.00, real=0.01 secs] 
2014-07-16T10:14:05.351+0000: 368.359: [GC [PSYoungGen: 340818K->274K(331136K)] 427124K->86644K(1018112K), 0.0084930 secs] [Times: user=0.03 sys=0.00, real=0.01 secs] 
2014-07-16T10:14:06.068+0000: 369.077: [GC [PSYoungGen: 331090K->370K(321920K)] 417460K->86772K(1008896K), 0.0098050 secs] [Times: user=0.03 sys=0.00, real=0.01 secs] 
2014-07-16T10:14:06.742+0000: 369.750: [GC [PSYoungGen: 321906K->210K(312896K)] 408308K->86644K(999872K), 0.0047600 secs] [Times: user=0.02 sys=0.00, real=0.00 secs] 
2014-07-16T10:14:07.416+0000: 370.424: [GC [PSYoungGen: 312821K->584K(375808K)] 399255K->87058K(1062784K), 0.0232110 secs] [Times: user=0.08 sys=0.00, real=0.02 secs] 
2014-07-16T10:14:08.219+0000: 371.228: [GC [PSYoungGen: 375750K->434K(450688K)] 462224K->86956K(1137664K), 0.0190430 secs] [Times: user=0.06 sys=0.00, real=0.02 secs] 
2014-07-16T10:14:09.190+0000: 372.198: [GC [PSYoungGen: 450674K->370K(540672K)] 537196K->86924K(1227648K), 0.0043450 secs] [Times: user=0.01 sys=0.00, real=0.01 secs] 
2014-07-16T10:14:10.403+0000: 373.411: [GC [PSYoungGen: 540658K->288K(648704K)] 627212K->86890K(1335680K), 0.0047910 secs] [Times: user=0.01 sys=0.00, real=0.00 secs] 
2014-07-16T10:14:11.821+0000: 374.830: [GC [PSYoungGen: 648672K->544K(625792K)] 735274K->87258K(1312768K), 0.0081930 secs] [Times: user=0.03 sys=0.00, real=0.00 secs] 
2014-07-16T10:14:13.181+0000: 376.190: [GC [PSYoungGen: 625760K->352K(603520K)] 712474K->87178K(1290496K), 0.0136040 secs] [Times: user=0.05 sys=0.00, real=0.01 secs] 
2014-07-16T10:14:14.466+0000: 377.474: [GC [PSYoungGen: 603475K->292K(582336K)] 690302K->87254K(1269312K), 0.0037150 secs] [Times: user=0.01 sys=0.00, real=0.00 secs] 
2014-07-16T10:14:15.746+0000: 378.755: [GC [PSYoungGen: 582231K->288K(562176K)] 669193K->87314K(1249152K), 0.0156330 secs] [Times: user=0.05 sys=0.00, real=0.02 secs] 
2014-07-16T10:14:16.948+0000: 379.957: [GC [PSYoungGen: 562141K->356K(674624K)] 649167K->87462K(1361600K), 0.0242050 secs] [Times: user=0.08 sys=0.00, real=0.03 secs] 
2014-07-16T10:14:18.395+0000: 381.403: [GC [PSYoungGen: 674596K->306K(809408K)] 761702K->87444K(1496384K), 0.0145220 secs] [Times: user=0.05 sys=0.00, real=0.01 secs] 
2014-07-16T10:14:20.179+0000: 383.188: [GC [PSYoungGen: 809360K->566K(779008K)] 896499K->87752K(1465984K), 0.0065010 secs] [Times: user=0.02 sys=0.00, real=0.01 secs] 
2014-07-16T10:14:21.825+0000: 384.833: [GC [PSYoungGen: 778914K->352K(749632K)] 866101K->87634K(1436608K), 0.0092970 secs] [Times: user=0.03 sys=0.00, real=0.01 secs] 
2014-07-16T10:14:23.418+0000: 386.426: [GC [PSYoungGen: 749600K->352K(721792K)] 836882K->87738K(1408768K), 0.0044690 secs] [Times: user=0.01 sys=0.00, real=0.01 secs] 
2014-07-16T10:14:24.982+0000: 387.990: [GC [PSYoungGen: 721760K->320K(695168K)] 809146K->87858K(1382144K), 0.0036230 secs] [Times: user=0.01 sys=0.00, real=0.01 secs] 
2014-07-16T10:14:26.448+0000: 389.456: [GC [PSYoungGen: 695089K->388K(670016K)] 782627K->88030K(1356992K), 0.0065850 secs] [Times: user=0.01 sys=0.00, real=0.01 secs] 
2014-07-16T10:14:27.873+0000: 390.881: [GC [PSYoungGen: 669907K->342K(645824K)] 757550K->88024K(1332800K), 0.0047740 secs] [Times: user=0.00 sys=0.00, real=0.01 secs] 
2014-07-16T10:14:29.247+0000: 392.255: [GC [PSYoungGen: 645694K->352K(622784K)] 733376K->88058K(1309760K), 0.0045770 secs] [Times: user=0.01 sys=0.00, real=0.00 secs] 
2014-07-16T10:14:30.618+0000: 393.626: [GC [PSYoungGen: 622752K->416K(600896K)] 710458K->88162K(1287872K), 0.0029530 secs] [Times: user=0.01 sys=0.00, real=0.00 secs] 
2014-07-16T10:14:31.950+0000: 394.959: [GC [PSYoungGen: 600864K->562K(580032K)] 688610K->88716K(1267008K), 0.0074220 secs] [Times: user=0.01 sys=0.01, real=0.01 secs] 
2014-07-16T10:14:33.191+0000: 396.199: [GC [PSYoungGen: 580013K->192K(559616K)] 668167K->88964K(1246592K), 0.0044100 secs] [Times: user=0.01 sys=0.01, real=0.01 secs] 
2014-07-16T10:14:34.366+0000: 397.374: [GC [PSYoungGen: 559616K->288K(540608K)] 648388K->89228K(1227584K), 0.0146520 secs] [Times: user=0.05 sys=0.00, real=0.01 secs] 
2014-07-16T10:14:35.531+0000: 398.540: [GC [PSYoungGen: 540576K->484K(522560K)] 629516K->89616K(1209536K), 0.0045810 secs] [Times: user=0.01 sys=0.00, real=0.01 secs] 
2014-07-16T10:14:36.661+0000: 399.670: [GC [PSYoungGen: 522532K->818K(505408K)] 611664K->90038K(1192384K), 0.0073820 secs] [Times: user=0.01 sys=0.00, real=0.01 secs] 
2014-07-16T10:14:37.725+0000: 400.734: [GC [PSYoungGen: 505375K->360K(488320K)] 594596K->89660K(1175296K), 0.0107930 secs] [Times: user=0.03 sys=0.01, real=0.01 secs] 
2014-07-16T10:14:38.770+0000: 401.779: [GC [PSYoungGen: 488296K->192K(472192K)] 577596K->89508K(1159168K), 0.0043290 secs] [Times: user=0.01 sys=0.00, real=0.01 secs] 
2014-07-16T10:14:39.785+0000: 402.793: [GC [PSYoungGen: 472192K->256K(457024K)] 561508K->89620K(1144000K), 0.0062880 secs] [Times: user=0.02 sys=0.00, real=0.00 secs] 
2014-07-16T10:14:40.768+0000: 403.776: [GC [PSYoungGen: 457024K->516K(442752K)] 546388K->89896K(1129728K), 0.0069380 secs] [Times: user=0.01 sys=0.00, real=0.00 secs] 
2014-07-16T10:14:41.709+0000: 404.717: [GC [PSYoungGen: 442692K->388K(428672K)] 532072K->89824K(1115648K), 0.0039200 secs] [Times: user=0.01 sys=0.00, real=0.00 secs] 
2014-07-16T10:14:42.620+0000: 405.628: [GC [PSYoungGen: 428543K->224K(415168K)] 517979K->89716K(1102144K), 0.0053570 secs] [Times: user=0.01 sys=0.00, real=0.01 secs] 
2014-07-16T10:14:43.521+0000: 406.529: [GC [PSYoungGen: 415136K->562K(402752K)] 504628K->90150K(1089728K), 0.0079450 secs] [Times: user=0.01 sys=0.00, real=0.01 secs] 
2014-07-16T10:14:44.377+0000: 407.386: [GC [PSYoungGen: 402738K->420K(390400K)] 492326K->90112K(1077376K), 0.0028050 secs] [Times: user=0.01 sys=0.00, real=0.00 secs] 
2014-07-16T10:14:45.271+0000: 408.280: [GC [PSYoungGen: 390355K->644K(468672K)] 480047K->90400K(1155648K), 0.0228850 secs] [Times: user=0.08 sys=0.00, real=0.02 secs] 
2014-07-16T10:14:46.214+0000: 409.222: [GC [PSYoungGen: 468544K->452K(453440K)] 558300K->90312K(1140416K), 0.0079890 secs] [Times: user=0.03 sys=0.00, real=0.01 secs] 
2014-07-16T10:14:47.208+0000: 410.217: [GC [PSYoungGen: 453380K->384K(438912K)] 543240K->90292K(1125888K), 0.0096560 secs] [Times: user=0.03 sys=0.01, real=0.01 secs] 
2014-07-16T10:14:48.143+0000: 411.151: [GC [PSYoungGen: 438912K->256K(425024K)] 528820K->90196K(1112000K), 0.0037730 secs] [Times: user=0.01 sys=0.00, real=0.01 secs] 
2014-07-16T10:14:49.031+0000: 412.040: [GC [PSYoungGen: 425024K->192K(411776K)] 514964K->90180K(1098752K), 0.0044970 secs] [Times: user=0.01 sys=0.00, real=0.00 secs] 
2014-07-16T10:14:49.918+0000: 412.926: [GC [PSYoungGen: 411776K->288K(399296K)] 501764K->90300K(1086272K), 0.0121710 secs] [Times: user=0.04 sys=0.00, real=0.01 secs] 
2014-07-16T10:14:50.785+0000: 413.794: [GC [PSYoungGen: 399264K->598K(387520K)] 489276K->90634K(1074496K), 0.0063820 secs] [Times: user=0.01 sys=0.00, real=0.01 secs] 
2014-07-16T10:14:51.596+0000: 414.605: [GC [PSYoungGen: 387478K->292K(375616K)] 477514K->90360K(1062592K), 0.0061740 secs] [Times: user=0.02 sys=0.00, real=0.00 secs] 
2014-07-16T10:14:52.403+0000: 415.411: [GC [PSYoungGen: 375564K->356K(364608K)] 465633K->90488K(1051584K), 0.0090990 secs] [Times: user=0.03 sys=0.00, real=0.01 secs] 
2014-07-16T10:14:53.190+0000: 416.198: [GC [PSYoungGen: 364579K->434K(437568K)] 454712K->90622K(1124544K), 0.0106520 secs] [Times: user=0.04 sys=0.00, real=0.01 secs] 
2014-07-16T10:14:54.216+0000: 417.225: [GC [PSYoungGen: 437554K->754K(424192K)] 527742K->91046K(1111168K), 0.0046890 secs] [Times: user=0.02 sys=0.00, real=0.01 secs] 
2014-07-16T10:14:55.066+0000: 418.075: [GC [PSYoungGen: 424125K->886K(509056K)] 514418K->91450K(1196032K), 0.0353440 secs] [Times: user=0.12 sys=0.00, real=0.04 secs] 
2014-07-16T10:14:56.230+0000: 419.239: [GC [PSYoungGen: 509046K->192K(609984K)] 599610K->90812K(1296960K), 0.0073320 secs] [Times: user=0.01 sys=0.00, real=0.01 secs] 
2014-07-16T10:14:57.548+0000: 420.556: [GC [PSYoungGen: 609984K->768K(732544K)] 700604K->91500K(1419520K), 0.0095080 secs] [Times: user=0.02 sys=0.00, real=0.01 secs] 
2014-07-16T10:14:59.096+0000: 422.105: [GC [PSYoungGen: 732544K->192K(704960K)] 823276K->90956K(1391936K), 0.0037070 secs] [Times: user=0.01 sys=0.00, real=0.01 secs] 
2014-07-16T10:15:00.621+0000: 423.629: [GC [PSYoungGen: 704898K->320K(679296K)] 795662K->91116K(1366272K), 0.0118590 secs] [Times: user=0.05 sys=0.00, real=0.01 secs] 
2014-07-16T10:15:02.077+0000: 425.086: [GC [PSYoungGen: 679292K->534K(654976K)] 770089K->91394K(1341952K), 0.0048450 secs] [Times: user=0.01 sys=0.00, real=0.01 secs] 
2014-07-16T10:15:03.470+0000: 426.478: [GC [PSYoungGen: 654934K->402K(631424K)] 745794K->91326K(1318400K), 0.0048520 secs] [Times: user=0.01 sys=0.00, real=0.00 secs] 
2014-07-16T10:15:04.863+0000: 427.872: [GC [PSYoungGen: 631378K->256K(608896K)] 722302K->91316K(1295872K), 0.0046570 secs] [Times: user=0.01 sys=0.00, real=0.01 secs] 
2014-07-16T10:15:06.205+0000: 429.213: [GC [PSYoungGen: 608896K->466K(587776K)] 699956K->91638K(1274752K), 0.0063820 secs] [Times: user=0.02 sys=0.00, real=0.01 secs] 
2014-07-16T10:15:07.454+0000: 430.463: [GC [PSYoungGen: 587730K->96K(567040K)] 678902K->91340K(1254016K), 0.0090430 secs] [Times: user=0.04 sys=0.00, real=0.01 secs] 
2014-07-16T10:15:08.664+0000: 431.673: [GC [PSYoungGen: 567008K->160K(547648K)] 658252K->91444K(1234624K), 0.0037170 secs] [Times: user=0.00 sys=0.00, real=0.00 secs] 
2014-07-16T10:15:09.834+0000: 432.843: [GC [PSYoungGen: 547616K->160K(529088K)] 638900K->91468K(1216064K), 0.0102890 secs] [Times: user=0.03 sys=0.00, real=0.01 secs] 
2014-07-16T10:15:11.006+0000: 434.015: [GC [PSYoungGen: 529056K->434K(511616K)] 620364K->91774K(1198592K), 0.0044090 secs] [Times: user=0.01 sys=0.00, real=0.01 secs] 
2014-07-16T10:15:12.118+0000: 435.126: [GC [PSYoungGen: 511602K->256K(494464K)] 602942K->91660K(1181440K), 0.0068480 secs] [Times: user=0.02 sys=0.00, real=0.01 secs] 
2014-07-16T10:15:13.197+0000: 436.205: [GC [PSYoungGen: 494464K->256K(478272K)] 585868K->91796K(1165248K), 0.0099450 secs] [Times: user=0.04 sys=0.00, real=0.01 secs] 
2014-07-16T10:15:14.225+0000: 437.234: [GC [PSYoungGen: 478208K->438K(462976K)] 569748K->92074K(1149952K), 0.0047030 secs] [Times: user=0.01 sys=0.00, real=0.01 secs] 
2014-07-16T10:15:15.217+0000: 438.226: [GC [PSYoungGen: 462966K->160K(447872K)] 554602K->91860K(1134848K), 0.0040770 secs] [Times: user=0.01 sys=0.00, real=0.01 secs] 
2014-07-16T10:15:16.225+0000: 439.233: [GC [PSYoungGen: 447840K->192K(433728K)] 539540K->91948K(1120704K), 0.0053490 secs] [Times: user=0.01 sys=0.00, real=0.01 secs] 
2014-07-16T10:15:17.155+0000: 440.163: [GC [PSYoungGen: 433728K->416K(420416K)] 525484K->92260K(1107392K), 0.0062700 secs] [Times: user=0.01 sys=0.00, real=0.01 secs] 
2014-07-16T10:15:18.043+0000: 441.051: [GC [PSYoungGen: 420384K->242K(407232K)] 512228K->92118K(1094208K), 0.0047410 secs] [Times: user=0.01 sys=0.00, real=0.00 secs] 
2014-07-16T10:15:18.914+0000: 441.923: [GC [PSYoungGen: 407218K->288K(394880K)] 499094K->92188K(1081856K), 0.0059770 secs] [Times: user=0.02 sys=0.00, real=0.01 secs] 
2014-07-16T10:15:19.755+0000: 442.763: [GC [PSYoungGen: 394848K->224K(382912K)] 486748K->92156K(1069888K), 0.0059440 secs] [Times: user=0.01 sys=0.00, real=0.01 secs] 
2014-07-16T10:15:20.663+0000: 443.672: [GC [PSYoungGen: 382880K->676K(371968K)] 474812K->93104K(1058944K), 0.0053380 secs] [Times: user=0.01 sys=0.00, real=0.00 secs] 
2014-07-16T10:15:21.411+0000: 444.419: [GC [PSYoungGen: 371870K->488K(446080K)] 464298K->93052K(1133056K), 0.0299850 secs] [Times: user=0.11 sys=0.00, real=0.03 secs] 
2014-07-16T10:15:22.388+0000: 445.396: [GC [PSYoungGen: 445984K->990K(535744K)] 538548K->93706K(1222720K), 0.0036730 secs] [Times: user=0.01 sys=0.00, real=0.01 secs] 
2014-07-16T10:15:23.529+0000: 446.537: [GC [PSYoungGen: 535710K->320K(641984K)] 628426K->93156K(1328960K), 0.0256490 secs] [Times: user=0.08 sys=0.00, real=0.03 secs] 
2014-07-16T10:15:24.931+0000: 447.940: [GC [PSYoungGen: 641984K->470K(770560K)] 734820K->93442K(1457536K), 0.0044960 secs] [Times: user=0.01 sys=0.00, real=0.00 secs] 
2014-07-16T10:15:26.559+0000: 449.568: [GC [PSYoungGen: 770476K->388K(741696K)] 863448K->93480K(1428672K), 0.0072580 secs] [Times: user=0.01 sys=0.00, real=0.01 secs] 
2014-07-16T10:15:28.153+0000: 451.162: [GC [PSYoungGen: 741636K->352K(714176K)] 834728K->93548K(1401152K), 0.0130800 secs] [Times: user=0.04 sys=0.01, real=0.01 secs] 
2014-07-16T10:15:29.680+0000: 452.688: [GC [PSYoungGen: 714144K->210K(687872K)] 807340K->93446K(1374848K), 0.0059390 secs] [Times: user=0.01 sys=0.00, real=0.01 secs] 
2014-07-16T10:15:31.174+0000: 454.182: [GC [PSYoungGen: 687826K->320K(662976K)] 781062K->93580K(1349952K), 0.0052380 secs] [Times: user=0.02 sys=0.01, real=0.00 secs] 
2014-07-16T10:15:32.569+0000: 455.578: [GC [PSYoungGen: 662976K->320K(639168K)] 756236K->93652K(1326144K), 0.0073350 secs] [Times: user=0.03 sys=0.01, real=0.01 secs] 
2014-07-16T10:15:33.949+0000: 456.958: [GC [PSYoungGen: 639168K->530K(767232K)] 732500K->93958K(1454208K), 0.0439370 secs] [Times: user=0.15 sys=0.00, real=0.05 secs] 
2014-07-16T10:15:35.595+0000: 458.603: [GC [PSYoungGen: 767186K->626K(920640K)] 860614K->94222K(1607616K), 0.0047510 secs] [Times: user=0.01 sys=0.00, real=0.00 secs] 
2014-07-16T10:15:37.556+0000: 460.564: [GC [PSYoungGen: 920626K->256K(884352K)] 1014222K->93932K(1571328K), 0.0037250 secs] [Times: user=0.00 sys=0.00, real=0.00 secs] 
2014-07-16T10:15:39.457+0000: 462.465: [GC [PSYoungGen: 884352K->512K(850432K)] 978028K->94268K(1537408K), 0.0058640 secs] [Times: user=0.02 sys=0.00, real=0.01 secs] 
2014-07-16T10:15:41.271+0000: 464.279: [GC [PSYoungGen: 850432K->402K(817792K)] 944188K->94222K(1504768K), 0.0066490 secs] [Times: user=0.02 sys=0.00, real=0.01 secs] 
2014-07-16T10:15:43.017+0000: 466.025: [GC [PSYoungGen: 817746K->448K(786752K)] 911566K->94380K(1473728K), 0.0072650 secs] [Times: user=0.01 sys=0.00, real=0.00 secs] 
2014-07-16T10:15:44.706+0000: 467.714: [GC [PSYoungGen: 786752K->612K(757376K)] 880684K->94696K(1444352K), 0.0084130 secs] [Times: user=0.01 sys=0.00, real=0.01 secs] 
2014-07-16T10:15:46.452+0000: 469.461: [GC [PSYoungGen: 757348K->626K(729152K)] 851432K->94846K(1416128K), 0.0104080 secs] [Times: user=0.04 sys=0.00, real=0.01 secs] 
2014-07-16T10:15:47.995+0000: 471.003: [GC [PSYoungGen: 729138K->224K(701888K)] 823358K->94588K(1388864K), 0.0081120 secs] [Times: user=0.03 sys=0.00, real=0.01 secs] 
2014-07-16T10:15:49.496+0000: 472.504: [GC [PSYoungGen: 701856K->160K(676224K)] 796220K->94564K(1363200K), 0.0055480 secs] [Times: user=0.03 sys=0.00, real=0.00 secs] 
2014-07-16T10:15:50.947+0000: 473.956: [GC [PSYoungGen: 676192K->224K(651840K)] 770596K->94668K(1338816K), 0.0066130 secs] [Times: user=0.02 sys=0.00, real=0.00 secs] 
2014-07-16T10:15:52.355+0000: 475.363: [GC [PSYoungGen: 651808K->402K(628736K)] 746252K->94886K(1315712K), 0.0047180 secs] [Times: user=0.01 sys=0.00, real=0.01 secs] 
2014-07-16T10:15:53.692+0000: 476.701: [GC [PSYoungGen: 628690K->566K(606592K)] 723174K->95162K(1293568K), 0.0137700 secs] [Times: user=0.04 sys=0.00, real=0.02 secs] 
2014-07-16T10:15:54.996+0000: 478.005: [GC [PSYoungGen: 606581K->530K(585344K)] 701178K->95262K(1272320K), 0.0046840 secs] [Times: user=0.01 sys=0.00, real=0.00 secs] 
2014-07-16T10:15:56.315+0000: 479.324: [GC [PSYoungGen: 585298K->530K(565056K)] 680030K->95334K(1252032K), 0.0055130 secs] [Times: user=0.01 sys=0.00, real=0.01 secs] 
2014-07-16T10:15:57.470+0000: 480.478: [GC [PSYoungGen: 565010K->224K(545408K)] 659814K->95100K(1232384K), 0.0093560 secs] [Times: user=0.03 sys=0.00, real=0.01 secs] 
2014-07-16T10:15:58.644+0000: 481.653: [GC [PSYoungGen: 545376K->256K(526912K)] 640252K->95204K(1213888K), 0.0028180 secs] [Times: user=0.01 sys=0.00, real=0.01 secs] 
2014-07-16T10:15:59.770+0000: 482.779: [GC [PSYoungGen: 526912K->192K(509184K)] 621860K->95164K(1196160K), 0.0045930 secs] [Times: user=0.01 sys=0.00, real=0.00 secs] 
2014-07-16T10:16:00.857+0000: 483.866: [GC [PSYoungGen: 509184K->224K(492416K)] 604156K->95228K(1179392K), 0.0060780 secs] [Times: user=0.01 sys=0.00, real=0.00 secs] 
2014-07-16T10:16:01.932+0000: 484.940: [GC [PSYoungGen: 492384K->274K(476352K)] 587388K->95310K(1163328K), 0.0054810 secs] [Times: user=0.01 sys=0.00, real=0.01 secs] 
2014-07-16T10:16:02.948+0000: 485.957: [GC [PSYoungGen: 476284K->470K(461120K)] 571321K->95618K(1148096K), 0.0063620 secs] [Times: user=0.01 sys=0.00, real=0.00 secs] 
2014-07-16T10:16:03.932+0000: 486.940: [GC [PSYoungGen: 461030K->274K(446208K)] 556178K->95518K(1133184K), 0.0048140 secs] [Times: user=0.01 sys=0.00, real=0.01 secs] 
2014-07-16T10:16:04.897+0000: 487.906: [GC [PSYoungGen: 446162K->612K(432448K)] 541406K->95936K(1119424K), 0.0037640 secs] [Times: user=0.01 sys=0.00, real=0.00 secs] 
2014-07-16T10:16:05.810+0000: 488.819: [GC [PSYoungGen: 432346K->274K(418624K)] 527670K->95654K(1105600K), 0.0041250 secs] [Times: user=0.01 sys=0.00, real=0.00 secs] 
2014-07-16T10:16:06.756+0000: 489.764: [GC [PSYoungGen: 418578K->388K(405824K)] 513958K->95816K(1092800K), 0.0100480 secs] [Times: user=0.04 sys=0.00, real=0.01 secs] 
2014-07-16T10:16:07.621+0000: 490.629: [GC [PSYoungGen: 405764K->306K(393344K)] 501192K->95814K(1080320K), 0.0037900 secs] [Times: user=0.01 sys=0.00, real=0.00 secs] 
2014-07-16T10:16:08.465+0000: 491.473: [GC [PSYoungGen: 393330K->488K(381696K)] 488838K->96044K(1068672K), 0.0110880 secs] [Times: user=0.04 sys=0.00, real=0.01 secs] 
2014-07-16T10:16:09.268+0000: 492.277: [GC [PSYoungGen: 381672K->416K(370304K)] 477228K->96052K(1057280K), 0.0049590 secs] [Times: user=0.01 sys=0.00, real=0.00 secs] 
2014-07-16T10:16:10.069+0000: 493.078: [GC [PSYoungGen: 370271K->292K(359296K)] 465907K->95936K(1046272K), 0.0058270 secs] [Times: user=0.01 sys=0.00, real=0.00 secs] 
2014-07-16T10:16:10.826+0000: 493.835: [GC [PSYoungGen: 359212K->196K(348800K)] 454856K->95856K(1035776K), 0.0137400 secs] [Times: user=0.05 sys=0.00, real=0.02 secs] 
2014-07-16T10:16:11.629+0000: 494.637: [GC [PSYoungGen: 348740K->416K(418752K)] 444400K->96124K(1105728K), 0.0093020 secs] [Times: user=0.03 sys=0.00, real=0.01 secs] 
2014-07-16T10:16:12.511+0000: 495.519: [GC [PSYoungGen: 418718K->256K(405632K)] 514427K->96060K(1092608K), 0.0063720 secs] [Times: user=0.03 sys=0.01, real=0.00 secs] 
2014-07-16T10:16:13.376+0000: 496.384: [GC [PSYoungGen: 405627K->192K(393216K)] 501432K->96052K(1080192K), 0.0037660 secs] [Times: user=0.01 sys=0.00, real=0.01 secs] 
2014-07-16T10:16:14.230+0000: 497.239: [GC [PSYoungGen: 393216K->416K(381632K)] 489076K->96340K(1068608K), 0.0052820 secs] [Times: user=0.01 sys=0.00, real=0.00 secs] 
2014-07-16T10:16:15.039+0000: 498.047: [GC [PSYoungGen: 381507K->506K(370368K)] 477432K->96502K(1057344K), 0.0044340 secs] [Times: user=0.01 sys=0.00, real=0.00 secs] 
2014-07-16T10:16:15.842+0000: 498.850: [GC [PSYoungGen: 370360K->352K(359360K)] 466357K->96412K(1046336K), 0.0122810 secs] [Times: user=0.04 sys=0.00, real=0.01 secs] 
2014-07-16T10:16:16.648+0000: 499.656: [GC [PSYoungGen: 359247K->324K(348928K)] 455308K->96408K(1035904K), 0.0097970 secs] [Times: user=0.03 sys=0.00, real=0.01 secs] 
2014-07-16T10:16:17.396+0000: 500.404: [GC [PSYoungGen: 348844K->634K(418944K)] 444928K->96798K(1105920K), 0.0098350 secs] [Times: user=0.03 sys=0.00, real=0.01 secs] 
2014-07-16T10:16:18.301+0000: 501.309: [GC [PSYoungGen: 418938K->370K(405760K)] 515102K->96582K(1092736K), 0.0039900 secs] [Times: user=0.01 sys=0.00, real=0.00 secs] 
2014-07-16T10:16:19.158+0000: 502.167: [GC [PSYoungGen: 405746K->192K(393216K)] 501958K->96452K(1080192K), 0.0084220 secs] [Times: user=0.03 sys=0.00, real=0.01 secs] 
2014-07-16T10:16:20.006+0000: 503.014: [GC [PSYoungGen: 393213K->388K(381632K)] 489474K->96680K(1068608K), 0.0041960 secs] [Times: user=0.01 sys=0.00, real=0.01 secs] 
2014-07-16T10:16:20.813+0000: 503.821: [GC [PSYoungGen: 381572K->192K(370048K)] 477864K->96516K(1057024K), 0.0041590 secs] [Times: user=0.01 sys=0.00, real=0.00 secs] 
2014-07-16T10:16:21.700+0000: 504.708: [GC [PSYoungGen: 370047K->676K(444544K)] 466372K->97192K(1131520K), 0.0254000 secs] [Times: user=0.09 sys=0.00, real=0.03 secs] 
2014-07-16T10:16:22.618+0000: 505.627: [GC [PSYoungGen: 444488K->466K(533120K)] 541005K->97094K(1220096K), 0.0036670 secs] [Times: user=0.01 sys=0.00, real=0.01 secs] 
2014-07-16T10:16:23.755+0000: 506.764: [GC [PSYoungGen: 533074K->224K(639424K)] 629702K->96972K(1326400K), 0.0117560 secs] [Times: user=0.05 sys=0.00, real=0.01 secs] 
2014-07-16T10:16:25.135+0000: 508.144: [GC [PSYoungGen: 639392K->224K(616704K)] 736140K->97060K(1303680K), 0.0039530 secs] [Times: user=0.01 sys=0.00, real=0.00 secs] 
2014-07-16T10:16:26.462+0000: 509.470: [GC [PSYoungGen: 616672K->192K(594944K)] 713508K->97116K(1281920K), 0.0194450 secs] [Times: user=0.07 sys=0.00, real=0.02 secs] 
2014-07-16T10:16:27.762+0000: 510.770: [GC [PSYoungGen: 594944K->306K(574336K)] 691868K->97294K(1261312K), 0.0038860 secs] [Times: user=0.01 sys=0.00, real=0.00 secs] 
2014-07-16T10:16:28.990+0000: 511.998: [GC [PSYoungGen: 574322K->260K(554560K)] 671310K->97352K(1241536K), 0.0101800 secs] [Times: user=0.03 sys=0.00, real=0.01 secs] 
2014-07-16T10:16:30.185+0000: 513.193: [GC [PSYoungGen: 554500K->160K(535552K)] 651592K->97292K(1222528K), 0.0041470 secs] [Times: user=0.02 sys=0.00, real=0.00 secs] 
2014-07-16T10:16:31.328+0000: 514.337: [GC [PSYoungGen: 535520K->288K(517632K)] 632652K->97468K(1204608K), 0.0032850 secs] [Times: user=0.01 sys=0.00, real=0.01 secs] 
2014-07-16T10:16:32.434+0000: 515.443: [GC [PSYoungGen: 517600K->320K(500416K)] 614780K->97556K(1187392K), 0.0086480 secs] [Times: user=0.03 sys=0.00, real=0.01 secs] 
2014-07-16T10:16:33.516+0000: 516.525: [GC [PSYoungGen: 500387K->356K(600512K)] 597624K->97704K(1287488K), 0.0299230 secs] [Times: user=0.10 sys=0.00, real=0.03 secs] 
2014-07-16T10:16:34.814+0000: 517.822: [GC [PSYoungGen: 600482K->352K(720576K)] 697831K->97804K(1407552K), 0.0133540 secs] [Times: user=0.05 sys=0.00, real=0.01 secs] 
2014-07-16T10:16:36.369+0000: 519.377: [GC [PSYoungGen: 720542K->626K(694336K)] 817995K->98350K(1381312K), 0.0082080 secs] [Times: user=0.02 sys=0.00, real=0.01 secs] 
2014-07-16T10:16:37.859+0000: 520.867: [GC [PSYoungGen: 694322K->320K(668736K)] 792046K->98108K(1355712K), 0.0051010 secs] [Times: user=0.02 sys=0.00, real=0.01 secs] 
2014-07-16T10:16:39.315+0000: 522.324: [GC [PSYoungGen: 668736K->548K(644928K)] 766524K->98480K(1331904K), 0.0039320 secs] [Times: user=0.01 sys=0.00, real=0.00 secs] 
2014-07-16T10:16:40.692+0000: 523.700: [GC [PSYoungGen: 644900K->548K(621952K)] 742832K->98536K(1308928K), 0.0065810 secs] [Times: user=0.01 sys=0.00, real=0.01 secs] 
2014-07-16T10:16:42.085+0000: 525.093: [GC [PSYoungGen: 621924K->708K(600192K)] 719912K->98752K(1287168K), 0.0070860 secs] [Times: user=0.02 sys=0.00, real=0.00 secs] 
2014-07-16T10:16:43.308+0000: 526.317: [GC [PSYoungGen: 600132K->320K(578816K)] 698176K->98492K(1265792K), 0.0043260 secs] [Times: user=0.02 sys=0.00, real=0.00 secs] 
2014-07-16T10:16:44.544+0000: 527.552: [GC [PSYoungGen: 578816K->420K(558976K)] 676988K->98688K(1245952K), 0.0060200 secs] [Times: user=0.02 sys=0.00, real=0.00 secs] 
2014-07-16T10:16:45.735+0000: 528.744: [GC [PSYoungGen: 558948K->384K(539840K)] 657216K->98700K(1226816K), 0.0047660 secs] [Times: user=0.01 sys=0.00, real=0.00 secs] 
2014-07-16T10:16:46.978+0000: 529.986: [GC [PSYoungGen: 539840K->818K(522048K)] 638156K->99462K(1209024K), 0.0061210 secs] [Times: user=0.02 sys=0.00, real=0.01 secs] 
2014-07-16T10:16:48.026+0000: 531.034: [GC [PSYoungGen: 522034K->466K(504320K)] 620678K->99206K(1191296K), 0.0060610 secs] [Times: user=0.02 sys=0.00, real=0.00 secs] 
2014-07-16T10:16:49.083+0000: 532.091: [GC [PSYoungGen: 504274K->256K(487424K)] 603014K->99124K(1174400K), 0.0048180 secs] [Times: user=0.01 sys=0.00, real=0.01 secs] 
2014-07-16T10:16:50.132+0000: 533.141: [GC [PSYoungGen: 487424K->288K(471616K)] 586292K->99180K(1158592K), 0.0061620 secs] [Times: user=0.01 sys=0.00, real=0.01 secs] 
2014-07-16T10:16:51.156+0000: 534.165: [GC [PSYoungGen: 471560K->570K(456640K)] 570452K->99502K(1143616K), 0.0062910 secs] [Times: user=0.03 sys=0.00, real=0.00 secs] 
2014-07-16T10:16:52.202+0000: 535.210: [GC [PSYoungGen: 456634K->384K(441920K)] 555566K->99340K(1128896K), 0.0088310 secs] [Times: user=0.04 sys=0.00, real=0.01 secs] 
2014-07-16T10:16:53.098+0000: 536.107: [GC [PSYoungGen: 441920K->306K(427968K)] 540876K->99382K(1114944K), 0.0101440 secs] [Times: user=0.03 sys=0.00, real=0.01 secs] 
2014-07-16T10:16:54.014+0000: 537.022: [GC [PSYoungGen: 427954K->452K(414848K)] 527030K->99624K(1101824K), 0.0067730 secs] [Times: user=0.01 sys=0.00, real=0.01 secs] 
2014-07-16T10:16:54.901+0000: 537.909: [GC [PSYoungGen: 414788K->384K(401984K)] 513960K->99636K(1088960K), 0.0088750 secs] [Times: user=0.03 sys=0.00, real=0.01 secs] 
2014-07-16T10:16:55.763+0000: 538.771: [GC [PSYoungGen: 401984K->356K(389760K)] 501236K->99664K(1076736K), 0.0083180 secs] [Times: user=0.03 sys=0.00, real=0.01 secs] 
2014-07-16T10:16:56.594+0000: 539.602: [GC [PSYoungGen: 389732K->420K(378112K)] 489040K->99768K(1065088K), 0.0033940 secs] [Times: user=0.01 sys=0.00, real=0.01 secs] 
2014-07-16T10:16:57.399+0000: 540.407: [GC [PSYoungGen: 378076K->128K(366592K)] 477425K->99500K(1053568K), 0.0053700 secs] [Times: user=0.00 sys=0.00, real=0.00 secs] 
2014-07-16T10:16:58.179+0000: 541.187: [GC [PSYoungGen: 366592K->210K(356544K)] 465964K->99606K(1043520K), 0.0122660 secs] [Times: user=0.03 sys=0.00, real=0.01 secs] 
2014-07-16T10:16:58.956+0000: 541.965: [GC [PSYoungGen: 355922K->192K(345600K)] 455318K->99604K(1032576K), 0.0036050 secs] [Times: user=0.01 sys=0.00, real=0.00 secs] 
2014-07-16T10:16:59.696+0000: 542.705: [GC [PSYoungGen: 345600K->306K(414848K)] 445012K->99750K(1101824K), 0.0146470 secs] [Times: user=0.06 sys=0.00, real=0.01 secs] 
2014-07-16T10:17:00.576+0000: 543.585: [GC [PSYoungGen: 414834K->352K(402176K)] 514278K->99812K(1089152K), 0.0044240 secs] [Times: user=0.01 sys=0.00, real=0.00 secs] 
2014-07-16T10:17:01.431+0000: 544.439: [GC [PSYoungGen: 402058K->256K(389824K)] 501519K->99732K(1076800K), 0.0065520 secs] [Times: user=0.01 sys=0.00, real=0.01 secs] 
2014-07-16T10:17:02.440+0000: 545.448: [GC [PSYoungGen: 389824K->320K(378176K)] 489300K->99844K(1065152K), 0.0043950 secs] [Times: user=0.01 sys=0.00, real=0.00 secs] 
2014-07-16T10:17:03.204+0000: 546.212: [GC [PSYoungGen: 378174K->352K(367040K)] 477698K->99980K(1054016K), 0.0105130 secs] [Times: user=0.04 sys=0.00, real=0.01 secs] 
2014-07-16T10:17:03.996+0000: 547.004: [GC [PSYoungGen: 367000K->192K(356096K)] 466629K->99900K(1043072K), 0.0047180 secs] [Times: user=0.01 sys=0.00, real=0.01 secs] 
2014-07-16T10:17:04.766+0000: 547.774: [GC [PSYoungGen: 356096K->288K(345920K)] 455804K->100052K(1032896K), 0.0034500 secs] [Times: user=0.01 sys=0.00, real=0.00 secs] 
2014-07-16T10:17:05.509+0000: 548.517: [GC [PSYoungGen: 345888K->434K(336192K)] 445652K->100246K(1023168K), 0.0032240 secs] [Times: user=0.01 sys=0.00, real=0.00 secs] 
2014-07-16T10:17:06.223+0000: 549.232: [GC [PSYoungGen: 336178K->598K(326912K)] 435990K->100516K(1013888K), 0.0141440 secs] [Times: user=0.04 sys=0.01, real=0.02 secs] 
2014-07-16T10:17:06.920+0000: 549.928: [GC [PSYoungGen: 326869K->192K(391744K)] 426787K->100166K(1078720K), 0.0105390 secs] [Times: user=0.04 sys=0.00, real=0.01 secs] 
2014-07-16T10:17:07.788+0000: 550.797: [GC [PSYoungGen: 391744K->320K(470208K)] 491718K->100326K(1157184K), 0.0064540 secs] [Times: user=0.01 sys=0.00, real=0.00 secs] 
2014-07-16T10:17:08.817+0000: 551.826: [GC [PSYoungGen: 470208K->420K(455168K)] 570214K->100474K(1142144K), 0.0062980 secs] [Times: user=0.01 sys=0.00, real=0.00 secs] 
2014-07-16T10:17:09.788+0000: 552.796: [GC [PSYoungGen: 455140K->306K(440576K)] 555194K->100432K(1127552K), 0.0059300 secs] [Times: user=0.02 sys=0.00, real=0.00 secs] 
2014-07-16T10:17:10.735+0000: 553.743: [GC [PSYoungGen: 440495K->260K(426752K)] 540621K->100402K(1113728K), 0.0078430 secs] [Times: user=0.01 sys=0.00, real=0.01 secs] 
2014-07-16T10:17:11.639+0000: 554.647: [GC [PSYoungGen: 426692K->288K(413504K)] 526834K->100454K(1100480K), 0.0087440 secs] [Times: user=0.03 sys=0.00, real=0.01 secs] 
2014-07-16T10:17:12.561+0000: 555.569: [GC [PSYoungGen: 413382K->566K(401088K)] 513548K->100796K(1088064K), 0.0118030 secs] [Times: user=0.04 sys=0.00, real=0.01 secs] 
2014-07-16T10:17:13.419+0000: 556.428: [GC [PSYoungGen: 401078K->480K(388864K)] 501308K->100846K(1075840K), 0.0063690 secs] [Times: user=0.01 sys=0.01, real=0.00 secs] 
2014-07-16T10:17:14.257+0000: 557.266: [GC [PSYoungGen: 388828K->288K(466368K)] 489195K->100742K(1153344K), 0.0584420 secs] [Times: user=0.21 sys=0.00, real=0.06 secs] 
2014-07-16T10:17:15.255+0000: 558.263: [GC [PSYoungGen: 466336K->288K(559616K)] 566790K->100790K(1246592K), 0.0215200 secs] [Times: user=0.08 sys=0.00, real=0.02 secs] 
2014-07-16T10:17:16.458+0000: 559.467: [GC [PSYoungGen: 559584K->562K(671744K)] 660086K->101152K(1358720K), 0.0090880 secs] [Times: user=0.03 sys=0.00, real=0.00 secs] 
2014-07-16T10:17:17.937+0000: 560.946: [GC [PSYoungGen: 671696K->352K(805824K)] 772287K->100990K(1492800K), 0.0037060 secs] [Times: user=0.01 sys=0.00, real=0.01 secs] 
2014-07-16T10:17:19.736+0000: 562.744: [GC [PSYoungGen: 805792K->502K(967040K)] 906430K->101284K(1654016K), 0.0258240 secs] [Times: user=0.09 sys=0.01, real=0.03 secs] 
2014-07-16T10:17:21.782+0000: 564.791: [GC [PSYoungGen: 967030K->370K(1160256K)] 1067812K->101232K(1847232K), 0.0047060 secs] [Times: user=0.01 sys=0.00, real=0.00 secs] 
2014-07-16T10:17:24.317+0000: 567.326: [GC [PSYoungGen: 1160242K->352K(1112832K)] 1261104K->101294K(1799808K), 0.0131790 secs] [Times: user=0.05 sys=0.00, real=0.02 secs] 
2014-07-16T10:17:26.697+0000: 569.705: [GC [PSYoungGen: 1112800K->288K(1335296K)] 1213742K->101414K(2022272K), 0.0474270 secs] [Times: user=0.16 sys=0.00, real=0.05 secs] 
2014-07-16T10:17:29.619+0000: 572.628: [GC [PSYoungGen: 1335212K->616K(1279680K)] 1436339K->101830K(1966656K), 0.0080500 secs] [Times: user=0.03 sys=0.00, real=0.01 secs] 
2014-07-16T10:17:32.431+0000: 575.439: [GC [PSYoungGen: 1279585K->580K(1226496K)] 1380799K->101954K(1913472K), 0.0067350 secs] [Times: user=0.03 sys=0.00, real=0.01 secs] 
2014-07-16T10:17:35.063+0000: 578.071: [GC [PSYoungGen: 1226436K->320K(1175552K)] 1327810K->102088K(1862528K), 0.0170410 secs] [Times: user=0.06 sys=0.00, real=0.01 secs] 
2014-07-16T10:17:37.572+0000: 580.580: [GC [PSYoungGen: 1175552K->224K(1127296K)] 1277320K->102168K(1814272K), 0.0054350 secs] [Times: user=0.01 sys=0.00, real=0.00 secs] 
2014-07-16T10:17:39.986+0000: 582.994: [GC [PSYoungGen: 1127262K->274K(1081536K)] 1229207K->102322K(1768512K), 0.0034460 secs] [Times: user=0.00 sys=0.00, real=0.00 secs] 
2014-07-16T10:17:42.321+0000: 585.330: [GC [PSYoungGen: 1081490K->498K(1038080K)] 1183538K->102658K(1725056K), 0.0049630 secs] [Times: user=0.02 sys=0.00, real=0.01 secs] 
2014-07-16T10:17:44.541+0000: 587.549: [GC [PSYoungGen: 1038066K->416K(996480K)] 1140226K->102688K(1683456K), 0.0133970 secs] [Times: user=0.05 sys=0.00, real=0.02 secs] 
2014-07-16T10:17:46.699+0000: 589.707: [GC [PSYoungGen: 996448K->804K(957312K)] 1098720K->103284K(1644288K), 0.0090740 secs] [Times: user=0.03 sys=0.01, real=0.01 secs] 
2014-07-16T10:17:48.756+0000: 591.765: [GC [PSYoungGen: 957284K->434K(919296K)] 1059764K->103034K(1606272K), 0.0101470 secs] [Times: user=0.04 sys=0.00, real=0.01 secs] 
2014-07-16T10:17:50.738+0000: 593.747: [GC [PSYoungGen: 919282K->256K(883264K)] 1021882K->102968K(1570240K), 0.0076370 secs] [Times: user=0.01 sys=0.00, real=0.01 secs] 
2014-07-16T10:17:52.629+0000: 595.637: [GC [PSYoungGen: 883264K->288K(849216K)] 985976K->103104K(1536192K), 0.0124640 secs] [Times: user=0.04 sys=0.00, real=0.01 secs] 
2014-07-16T10:17:54.448+0000: 597.456: [GC [PSYoungGen: 849154K->666K(817088K)] 951971K->103626K(1504064K), 0.0062670 secs] [Times: user=0.01 sys=0.00, real=0.01 secs] 
2014-07-16T10:17:56.209+0000: 599.217: [GC [PSYoungGen: 816980K->292K(785728K)] 919941K->103404K(1472704K), 0.0039830 secs] [Times: user=0.01 sys=0.00, real=0.00 secs] 
2014-07-16T10:17:57.890+0000: 600.898: [GC [PSYoungGen: 785700K->452K(756416K)] 888812K->103620K(1443392K), 0.0137740 secs] [Times: user=0.05 sys=0.00, real=0.01 secs] 
2014-07-16T10:17:59.509+0000: 602.518: [GC [PSYoungGen: 756356K->338K(728128K)] 859524K->103554K(1415104K), 0.0035080 secs] [Times: user=0.01 sys=0.00, real=0.00 secs] 
2014-07-16T10:18:01.077+0000: 604.085: [GC [PSYoungGen: 728082K->576K(701504K)] 831298K->103872K(1388480K), 0.0142870 secs] [Times: user=0.05 sys=0.00, real=0.01 secs] 
2014-07-16T10:18:02.590+0000: 605.598: [GC [PSYoungGen: 701504K->256K(675584K)] 804800K->103608K(1362560K), 0.0073970 secs] [Times: user=0.02 sys=0.00, real=0.01 secs] 
2014-07-16T10:18:04.048+0000: 607.056: [GC [PSYoungGen: 675581K->416K(651392K)] 778933K->103896K(1338368K), 0.0056550 secs] [Times: user=0.01 sys=0.00, real=0.00 secs] 
2014-07-16T10:18:05.447+0000: 608.455: [GC [PSYoungGen: 651360K->488K(628160K)] 754840K->104088K(1315136K), 0.0107180 secs] [Times: user=0.04 sys=0.00, real=0.01 secs] 
2014-07-16T10:18:06.785+0000: 609.794: [GC [PSYoungGen: 628136K->306K(605760K)] 731736K->104002K(1292736K), 0.0084140 secs] [Times: user=0.03 sys=0.00, real=0.01 secs] 
2014-07-16T10:18:08.073+0000: 611.082: [GC [PSYoungGen: 605746K->192K(584448K)] 709442K->103912K(1271424K), 0.0032930 secs] [Times: user=0.01 sys=0.00, real=0.01 secs] 
2014-07-16T10:18:09.365+0000: 612.374: [GC [PSYoungGen: 584445K->324K(564416K)] 688165K->104076K(1251392K), 0.0039080 secs] [Times: user=0.01 sys=0.00, real=0.01 secs] 
2014-07-16T10:18:10.571+0000: 613.579: [GC [PSYoungGen: 564325K->242K(544960K)] 668077K->104050K(1231936K), 0.0066320 secs] [Times: user=0.01 sys=0.00, real=0.01 secs] 
2014-07-16T10:18:11.743+0000: 614.751: [GC [PSYoungGen: 544946K->520K(526848K)] 648754K->104360K(1213824K), 0.0059310 secs] [Times: user=0.03 sys=0.00, real=0.01 secs] 
2014-07-16T10:18:12.894+0000: 615.902: [GC [PSYoungGen: 526792K->502K(509184K)] 630632K->104414K(1196160K), 0.0050180 secs] [Times: user=0.01 sys=0.00, real=0.01 secs] 
2014-07-16T10:18:14.005+0000: 617.013: [GC [PSYoungGen: 509174K->516K(492416K)] 613086K->104564K(1179392K), 0.0058870 secs] [Times: user=0.01 sys=0.00, real=0.01 secs] 
2014-07-16T10:18:15.095+0000: 618.103: [GC [PSYoungGen: 492356K->384K(476096K)] 596404K->104552K(1163072K), 0.0126770 secs] [Times: user=0.04 sys=0.00, real=0.02 secs] 
2014-07-16T10:18:16.097+0000: 619.106: [GC [PSYoungGen: 476096K->306K(460608K)] 580264K->104546K(1147584K), 0.0044700 secs] [Times: user=0.01 sys=0.01, real=0.00 secs] 
2014-07-16T10:18:17.099+0000: 620.107: [GC [PSYoungGen: 460594K->754K(446336K)] 564834K->105026K(1133312K), 0.0055470 secs] [Times: user=0.01 sys=0.00, real=0.00 secs] 
2014-07-16T10:18:18.041+0000: 621.050: [GC [PSYoungGen: 446322K->520K(432064K)] 550594K->104848K(1119040K), 0.0090690 secs] [Times: user=0.03 sys=0.00, real=0.01 secs] 
2014-07-16T10:18:19.047+0000: 622.056: [GC [PSYoungGen: 432008K->310K(518144K)] 536336K->104686K(1205120K), 0.0260860 secs] [Times: user=0.09 sys=0.00, real=0.03 secs] 
2014-07-16T10:18:20.158+0000: 623.167: [GC [PSYoungGen: 518134K->224K(500800K)] 622510K->104664K(1187776K), 0.0041200 secs] [Times: user=0.01 sys=0.00, real=0.00 secs] 
2014-07-16T10:18:21.238+0000: 624.247: [GC [PSYoungGen: 500768K->128K(484160K)] 605208K->104584K(1171136K), 0.0035430 secs] [Times: user=0.00 sys=0.01, real=0.00 secs] 
2014-07-16T10:18:22.307+0000: 625.315: [GC [PSYoungGen: 484160K->562K(468864K)] 588616K->105090K(1155840K), 0.0054050 secs] [Times: user=0.02 sys=0.00, real=0.01 secs] 
2014-07-16T10:18:23.285+0000: 626.293: [GC [PSYoungGen: 468765K->452K(453760K)] 573293K->105108K(1140736K), 0.0059710 secs] [Times: user=0.01 sys=0.00, real=0.01 secs] 
2014-07-16T10:18:24.308+0000: 627.317: [GC [PSYoungGen: 453700K->224K(439104K)] 558356K->104960K(1126080K), 0.0041360 secs] [Times: user=0.01 sys=0.00, real=0.01 secs] 
2014-07-16T10:18:25.252+0000: 628.260: [GC [PSYoungGen: 439072K->192K(425280K)] 543808K->105024K(1112256K), 0.0034140 secs] [Times: user=0.01 sys=0.01, real=0.00 secs] 
2014-07-16T10:18:26.178+0000: 629.187: [GC [PSYoungGen: 425280K->818K(412736K)] 530112K->105778K(1099712K), 0.0116580 secs] [Times: user=0.04 sys=0.00, real=0.02 secs] 
2014-07-16T10:18:27.052+0000: 630.060: [GC [PSYoungGen: 412722K->402K(399744K)] 517682K->105402K(1086720K), 0.0050240 secs] [Times: user=0.01 sys=0.00, real=0.00 secs] 
2014-07-16T10:18:27.899+0000: 630.907: [GC [PSYoungGen: 399698K->484K(387712K)] 504698K->105532K(1074688K), 0.0122490 secs] [Times: user=0.05 sys=0.00, real=0.02 secs] 
2014-07-16T10:18:28.825+0000: 631.833: [GC [PSYoungGen: 387681K->896K(376512K)] 492730K->106008K(1063488K), 0.0064280 secs] [Times: user=0.02 sys=0.00, real=0.01 secs] 
2014-07-16T10:18:29.590+0000: 632.599: [GC [PSYoungGen: 376512K->320K(364800K)] 481624K->105520K(1051776K), 0.0071420 secs] [Times: user=0.02 sys=0.00, real=0.00 secs] 
2014-07-16T10:18:30.408+0000: 633.416: [GC [PSYoungGen: 364800K->804K(354688K)] 470000K->106060K(1041664K), 0.0115520 secs] [Times: user=0.04 sys=0.00, real=0.02 secs] 
2014-07-16T10:18:31.166+0000: 634.174: [GC [PSYoungGen: 354660K->320K(424960K)] 459916K->105632K(1111936K), 0.0109340 secs] [Times: user=0.05 sys=0.00, real=0.01 secs] 
2014-07-16T10:18:32.096+0000: 635.104: [GC [PSYoungGen: 424960K->370K(411840K)] 530272K->105730K(1098816K), 0.0049600 secs] [Times: user=0.01 sys=0.00, real=0.01 secs] 
2014-07-16T10:18:33.017+0000: 636.026: [GC [PSYoungGen: 411826K->256K(399104K)] 517186K->105704K(1086080K), 0.0077910 secs] [Times: user=0.01 sys=0.01, real=0.01 secs] 
2014-07-16T10:18:33.911+0000: 636.919: [GC [PSYoungGen: 399066K->538K(387328K)] 504514K->106114K(1074304K), 0.0040590 secs] [Times: user=0.01 sys=0.00, real=0.00 secs] 
2014-07-16T10:18:34.744+0000: 637.752: [GC [PSYoungGen: 387286K->638K(375808K)] 492863K->106310K(1062784K), 0.0064090 secs] [Times: user=0.01 sys=0.00, real=0.01 secs] 
2014-07-16T10:18:35.561+0000: 638.570: [GC [PSYoungGen: 375804K->416K(450688K)] 481476K->106136K(1137664K), 0.0189760 secs] [Times: user=0.07 sys=0.00, real=0.02 secs] 
2014-07-16T10:18:36.513+0000: 639.521: [GC [PSYoungGen: 450656K->192K(436160K)] 556376K->105944K(1123136K), 0.0041240 secs] [Times: user=0.01 sys=0.00, real=0.00 secs] 
2014-07-16T10:18:37.452+0000: 640.461: [GC [PSYoungGen: 436072K->292K(422592K)] 541825K->106084K(1109568K), 0.0065490 secs] [Times: user=0.02 sys=0.00, real=0.00 secs] 
2014-07-16T10:18:38.354+0000: 641.362: [GC [PSYoungGen: 422564K->370K(409600K)] 528356K->106218K(1096576K), 0.0054680 secs] [Times: user=0.01 sys=0.00, real=0.00 secs] 
2014-07-16T10:18:39.240+0000: 642.249: [GC [PSYoungGen: 409586K->402K(397120K)] 515434K->106266K(1084096K), 0.0048030 secs] [Times: user=0.01 sys=0.00, real=0.01 secs] 
2014-07-16T10:18:40.117+0000: 643.125: [GC [PSYoungGen: 397053K->598K(385344K)] 502918K->106518K(1072320K), 0.0041800 secs] [Times: user=0.01 sys=0.00, real=0.01 secs] 
2014-07-16T10:18:40.925+0000: 643.933: [GC [PSYoungGen: 385294K->192K(373440K)] 491214K->106160K(1060416K), 0.0150010 secs] [Times: user=0.06 sys=0.00, real=0.01 secs] 
2014-07-16T10:18:41.739+0000: 644.747: [GC [PSYoungGen: 373440K->484K(362752K)] 479408K->106468K(1049728K), 0.0044490 secs] [Times: user=0.01 sys=0.00, real=0.01 secs] 
2014-07-16T10:18:42.513+0000: 645.521: [GC [PSYoungGen: 362724K->352K(352064K)] 468708K->106424K(1039040K), 0.0064980 secs] [Times: user=0.01 sys=0.00, real=0.00 secs] 
2014-07-16T10:18:43.287+0000: 646.295: [GC [PSYoungGen: 352032K->384K(341952K)] 458104K->106536K(1028928K), 0.0065870 secs] [Times: user=0.03 sys=0.00, real=0.01 secs] 
2014-07-16T10:18:44.026+0000: 647.035: [GC [PSYoungGen: 341952K->306K(332160K)] 448104K->106578K(1019136K), 0.0047580 secs] [Times: user=0.01 sys=0.00, real=0.00 secs] 
2014-07-16T10:18:44.722+0000: 647.730: [GC [PSYoungGen: 332146K->192K(322752K)] 438418K->106552K(1009728K), 0.0080840 secs] [Times: user=0.03 sys=0.00, real=0.00 secs] 
2014-07-16T10:18:45.415+0000: 648.424: [GC [PSYoungGen: 322708K->356K(313984K)] 429068K->106772K(1000960K), 0.0071520 secs] [Times: user=0.01 sys=0.00, real=0.01 secs] 
2014-07-16T10:18:46.084+0000: 649.093: [GC [PSYoungGen: 313952K->320K(305344K)] 420369K->106768K(992320K), 0.0072160 secs] [Times: user=0.02 sys=0.00, real=0.00 secs] 
2014-07-16T10:18:46.731+0000: 649.739: [GC [PSYoungGen: 305344K->192K(296960K)] 411792K->106672K(983936K), 0.0050000 secs] [Times: user=0.02 sys=0.00, real=0.01 secs] 
2014-07-16T10:18:47.370+0000: 650.378: [GC [PSYoungGen: 296960K->160K(356352K)] 403440K->106664K(1043328K), 0.0108320 secs] [Times: user=0.04 sys=0.00, real=0.01 secs] 
2014-07-16T10:18:48.144+0000: 651.152: [GC [PSYoungGen: 356320K->466K(346368K)] 462824K->107018K(1033344K), 0.0051040 secs] [Times: user=0.02 sys=0.00, real=0.00 secs] 
2014-07-16T10:18:49.000+0000: 652.008: [GC [PSYoungGen: 346322K->768K(415808K)] 452874K->107664K(1102784K), 0.0103240 secs] [Times: user=0.03 sys=0.00, real=0.01 secs] 
2014-07-16T10:18:49.776+0000: 652.784: [GC [PSYoungGen: 415808K->320K(498368K)] 522704K->107352K(1185344K), 0.0179830 secs] [Times: user=0.06 sys=0.00, real=0.02 secs] 
2014-07-16T10:18:50.850+0000: 653.859: [GC [PSYoungGen: 498368K->384K(598080K)] 605400K->107560K(1285056K), 0.0172330 secs] [Times: user=0.05 sys=0.00, real=0.02 secs] 
2014-07-16T10:18:52.136+0000: 655.144: [GC [PSYoungGen: 598080K->224K(717504K)] 705256K->107440K(1404480K), 0.0051990 secs] [Times: user=0.01 sys=0.00, real=0.00 secs] 
2014-07-16T10:18:53.730+0000: 656.738: [GC [PSYoungGen: 717472K->384K(691264K)] 824688K->107688K(1378240K), 0.0067200 secs] [Times: user=0.01 sys=0.01, real=0.01 secs] 
2014-07-16T10:18:55.207+0000: 658.215: [GC [PSYoungGen: 691264K->338K(666112K)] 798568K->107818K(1353088K), 0.0036270 secs] [Times: user=0.01 sys=0.00, real=0.00 secs] 
2014-07-16T10:18:56.640+0000: 659.648: [GC [PSYoungGen: 666066K->292K(642112K)] 773546K->107852K(1329088K), 0.0077810 secs] [Times: user=0.03 sys=0.00, real=0.01 secs] 
2014-07-16T10:18:58.006+0000: 661.015: [GC [PSYoungGen: 642084K->288K(619264K)] 749644K->107888K(1306240K), 0.0099020 secs] [Times: user=0.03 sys=0.00, real=0.01 secs] 
2014-07-16T10:18:59.334+0000: 662.342: [GC [PSYoungGen: 619232K->128K(597248K)] 726832K->107752K(1284224K), 0.0036460 secs] [Times: user=0.01 sys=0.00, real=0.01 secs] 
2014-07-16T10:19:00.616+0000: 663.624: [GC [PSYoungGen: 597248K->274K(576640K)] 704872K->107946K(1263616K), 0.0042830 secs] [Times: user=0.01 sys=0.00, real=0.00 secs] 
2014-07-16T10:19:01.859+0000: 664.867: [GC [PSYoungGen: 576594K->352K(556800K)] 684266K->108072K(1243776K), 0.0035850 secs] [Times: user=0.01 sys=0.00, real=0.00 secs] 
2014-07-16T10:19:03.056+0000: 666.064: [GC [PSYoungGen: 556768K->352K(537792K)] 664488K->108152K(1224768K), 0.0090630 secs] [Times: user=0.03 sys=0.00, real=0.01 secs] 
2014-07-16T10:19:04.352+0000: 667.361: [GC [PSYoungGen: 537747K->662K(520000K)] 645547K->108574K(1206976K), 0.0182700 secs] [Times: user=0.06 sys=0.00, real=0.02 secs] 
2014-07-16T10:19:05.410+0000: 668.418: [GC [PSYoungGen: 519958K->370K(502336K)] 627870K->108482K(1189312K), 0.0049850 secs] [Times: user=0.01 sys=0.00, real=0.00 secs] 
2014-07-16T10:19:06.469+0000: 669.477: [GC [PSYoungGen: 502322K->210K(485632K)] 610434K->108362K(1172608K), 0.0038810 secs] [Times: user=0.01 sys=0.00, real=0.00 secs] 
2014-07-16T10:19:07.510+0000: 670.519: [GC [PSYoungGen: 485586K->320K(582784K)] 593738K->108512K(1269760K), 0.0253500 secs] [Times: user=0.09 sys=0.00, real=0.03 secs] 
2014-07-16T10:19:08.764+0000: 671.773: [GC [PSYoungGen: 582784K->306K(562624K)] 690976K->108530K(1249600K), 0.0050480 secs] [Times: user=0.01 sys=0.00, real=0.01 secs] 
2014-07-16T10:19:09.981+0000: 672.989: [GC [PSYoungGen: 562610K->256K(543296K)] 670834K->108520K(1230272K), 0.0050690 secs] [Times: user=0.02 sys=0.00, real=0.01 secs] 
2014-07-16T10:19:11.148+0000: 674.156: [GC [PSYoungGen: 543296K->160K(524864K)] 651560K->108488K(1211840K), 0.0145530 secs] [Times: user=0.05 sys=0.00, real=0.01 secs] 
2014-07-16T10:19:12.275+0000: 675.283: [GC [PSYoungGen: 524832K->434K(630080K)] 633160K->108794K(1317056K), 0.0192440 secs] [Times: user=0.07 sys=0.00, real=0.02 secs] 
2014-07-16T10:19:13.641+0000: 676.649: [GC [PSYoungGen: 630066K->498K(607808K)] 738426K->108946K(1294784K), 0.0050410 secs] [Times: user=0.02 sys=0.00, real=0.00 secs] 
2014-07-16T10:19:15.031+0000: 678.040: [GC [PSYoungGen: 607794K->512K(586496K)] 716242K->109088K(1273472K), 0.0053290 secs] [Times: user=0.01 sys=0.01, real=0.01 secs] 
2014-07-16T10:19:16.272+0000: 679.281: [GC [PSYoungGen: 586496K->786K(566528K)] 695072K->109506K(1253504K), 0.0067150 secs] [Times: user=0.01 sys=0.00, real=0.01 secs] 
2014-07-16T10:19:17.479+0000: 680.488: [GC [PSYoungGen: 566482K->256K(546560K)] 675202K->109048K(1233536K), 0.0065500 secs] [Times: user=0.02 sys=0.00, real=0.00 secs] 
2014-07-16T10:19:18.652+0000: 681.660: [GC [PSYoungGen: 546553K->310K(528128K)] 655346K->109150K(1215104K), 0.0056250 secs] [Times: user=0.02 sys=0.00, real=0.01 secs] 
2014-07-16T10:19:19.803+0000: 682.812: [GC [PSYoungGen: 528105K->680K(510784K)] 636946K->109568K(1197760K), 0.0057620 secs] [Times: user=0.01 sys=0.00, real=0.01 secs] 
2014-07-16T10:19:20.891+0000: 683.900: [GC [PSYoungGen: 510760K->242K(493440K)] 619648K->109186K(1180416K), 0.0041060 secs] [Times: user=0.01 sys=0.00, real=0.00 secs] 
2014-07-16T10:19:21.958+0000: 684.966: [GC [PSYoungGen: 493426K->320K(477312K)] 602370K->109304K(1164288K), 0.0065780 secs] [Times: user=0.02 sys=0.00, real=0.00 secs] 
2014-07-16T10:19:22.981+0000: 685.990: [GC [PSYoungGen: 477312K->256K(461824K)] 586296K->109320K(1148800K), 0.0057700 secs] [Times: user=0.02 sys=0.00, real=0.01 secs] 
2014-07-16T10:19:23.975+0000: 686.984: [GC [PSYoungGen: 461824K->416K(447232K)] 570888K->109592K(1134208K), 0.0099150 secs] [Times: user=0.03 sys=0.00, real=0.01 secs] 
2014-07-16T10:19:25.039+0000: 688.048: [GC [PSYoungGen: 447200K->530K(433216K)] 556376K->109794K(1120192K), 0.0182110 secs] [Times: user=0.06 sys=0.00, real=0.01 secs] 
2014-07-16T10:19:25.967+0000: 688.975: [GC [PSYoungGen: 433170K->384K(419520K)] 542434K->109776K(1106496K), 0.0078800 secs] [Times: user=0.03 sys=0.00, real=0.01 secs] 
2014-07-16T10:19:26.862+0000: 689.870: [GC [PSYoungGen: 419520K->256K(406464K)] 528912K->109696K(1093440K), 0.0067460 secs] [Times: user=0.01 sys=0.00, real=0.01 secs] 
2014-07-16T10:19:27.736+0000: 690.744: [GC [PSYoungGen: 406464K->416K(394240K)] 515904K->109888K(1081216K), 0.0064540 secs] [Times: user=0.01 sys=0.00, real=0.01 secs] 
2014-07-16T10:19:28.576+0000: 691.585: [GC [PSYoungGen: 394179K->360K(382336K)] 503651K->109848K(1069312K), 0.0061490 secs] [Times: user=0.01 sys=0.00, real=0.01 secs] 
2014-07-16T10:19:29.472+0000: 692.480: [GC [PSYoungGen: 382311K->754K(371328K)] 491799K->110418K(1058304K), 0.0032890 secs] [Times: user=0.01 sys=0.00, real=0.00 secs] 
2014-07-16T10:19:30.211+0000: 693.220: [GC [PSYoungGen: 371314K->420K(360128K)] 480978K->110124K(1047104K), 0.0046520 secs] [Times: user=0.01 sys=0.00, real=0.00 secs] 
2014-07-16T10:19:30.982+0000: 693.990: [GC [PSYoungGen: 360096K->224K(431872K)] 469801K->110008K(1118848K), 0.0177010 secs] [Times: user=0.06 sys=0.00, real=0.02 secs] 
2014-07-16T10:19:31.907+0000: 694.916: [GC [PSYoungGen: 431840K->160K(418304K)] 541624K->109968K(1105280K), 0.0075420 secs] [Times: user=0.02 sys=0.01, real=0.01 secs] 
2014-07-16T10:19:32.822+0000: 695.831: [GC [PSYoungGen: 418272K->882K(502656K)] 528080K->110786K(1189632K), 0.0315340 secs] [Times: user=0.12 sys=0.00, real=0.03 secs] 
2014-07-16T10:19:33.920+0000: 696.929: [GC [PSYoungGen: 502563K->484K(602624K)] 612467K->110484K(1289600K), 0.0060490 secs] [Times: user=0.03 sys=0.00, real=0.00 secs] 
2014-07-16T10:19:35.278+0000: 698.286: [GC [PSYoungGen: 602596K->416K(723008K)] 712596K->110544K(1409984K), 0.0093390 secs] [Times: user=0.03 sys=0.00, real=0.01 secs] 
2014-07-16T10:19:36.837+0000: 699.845: [GC [PSYoungGen: 722976K->534K(696512K)] 833104K->110766K(1383488K), 0.0052320 secs] [Times: user=0.02 sys=0.00, real=0.01 secs] 
2014-07-16T10:19:38.317+0000: 701.325: [GC [PSYoungGen: 696470K->192K(670784K)] 806702K->110512K(1357760K), 0.0127760 secs] [Times: user=0.04 sys=0.01, real=0.01 secs] 
2014-07-16T10:19:39.796+0000: 702.805: [GC [PSYoungGen: 670784K->224K(646656K)] 781104K->110576K(1333632K), 0.0102830 secs] [Times: user=0.03 sys=0.00, real=0.01 secs] 
2014-07-16T10:19:41.175+0000: 704.183: [GC [PSYoungGen: 646624K->338K(623680K)] 756976K->110754K(1310656K), 0.0111390 secs] [Times: user=0.04 sys=0.00, real=0.01 secs] 
2014-07-16T10:19:42.521+0000: 705.529: [GC [PSYoungGen: 623634K->338K(601664K)] 734050K->110786K(1288640K), 0.0096910 secs] [Times: user=0.04 sys=0.00, real=0.01 secs] 
2014-07-16T10:19:43.820+0000: 706.829: [GC [PSYoungGen: 601618K->452K(722048K)] 712066K->111012K(1409024K), 0.0238180 secs] [Times: user=0.08 sys=0.00, real=0.03 secs] 
2014-07-16T10:19:45.424+0000: 708.432: [GC [PSYoungGen: 721968K->804K(695808K)] 832529K->111556K(1382784K), 0.0043600 secs] [Times: user=0.01 sys=0.00, real=0.00 secs] 
2014-07-16T10:19:46.949+0000: 709.958: [GC [PSYoungGen: 695718K->356K(670016K)] 806470K->111300K(1356992K), 0.0112820 secs] [Times: user=0.04 sys=0.00, real=0.01 secs] 
2014-07-16T10:19:48.367+0000: 711.375: [GC [PSYoungGen: 669988K->224K(645760K)] 780932K->111280K(1332736K), 0.0112630 secs] [Times: user=0.04 sys=0.00, real=0.01 secs] 
2014-07-16T10:19:49.832+0000: 712.840: [GC [PSYoungGen: 645728K->900K(623424K)] 756784K->112012K(1310400K), 0.0051440 secs] [Times: user=0.01 sys=0.00, real=0.01 secs] 
2014-07-16T10:19:51.087+0000: 714.095: [GC [PSYoungGen: 623364K->192K(600704K)] 734476K->111376K(1287680K), 0.0145100 secs] [Times: user=0.05 sys=0.00, real=0.01 secs] 
2014-07-16T10:19:52.368+0000: 715.376: [GC [PSYoungGen: 600704K->160K(579712K)] 711888K->111376K(1266688K), 0.0040000 secs] [Times: user=0.01 sys=0.01, real=0.01 secs] 
2014-07-16T10:19:53.610+0000: 716.619: [GC [PSYoungGen: 579680K->352K(559872K)] 690896K->111664K(1246848K), 0.0176220 secs] [Times: user=0.06 sys=0.00, real=0.02 secs] 
2014-07-16T10:19:54.890+0000: 717.898: [GC [PSYoungGen: 559840K->996K(541376K)] 671152K->112500K(1228352K), 0.0069830 secs] [Times: user=0.02 sys=0.00, real=0.01 secs] 
2014-07-16T10:19:55.992+0000: 719.000: [GC [PSYoungGen: 541348K->452K(522624K)] 652852K->112068K(1209600K), 0.0041820 secs] [Times: user=0.01 sys=0.00, real=0.01 secs] 
2014-07-16T10:19:57.114+0000: 720.123: [GC [PSYoungGen: 522504K->374K(505024K)] 634120K->112086K(1192000K), 0.0126520 secs] [Times: user=0.04 sys=0.00, real=0.01 secs] 
2014-07-16T10:19:58.228+0000: 721.237: [GC [PSYoungGen: 505014K->210K(488256K)] 616726K->111978K(1175232K), 0.0112400 secs] [Times: user=0.04 sys=0.00, real=0.01 secs] 
2014-07-16T10:19:59.283+0000: 722.292: [GC [PSYoungGen: 488210K->868K(586496K)] 599978K->112700K(1273472K), 0.0260670 secs] [Times: user=0.10 sys=0.00, real=0.02 secs] 
2014-07-16T10:20:00.572+0000: 723.581: [GC [PSYoungGen: 586468K->832K(703552K)] 698300K->112688K(1390528K), 0.0222470 secs] [Times: user=0.08 sys=0.00, real=0.03 secs] 
2014-07-16T10:20:02.093+0000: 725.101: [GC [PSYoungGen: 703552K->744K(844032K)] 815408K->112872K(1531008K), 0.0051220 secs] [Times: user=0.01 sys=0.00, real=0.00 secs] 
2014-07-16T10:20:03.896+0000: 726.904: [GC [PSYoungGen: 844008K->352K(811392K)] 956136K->112568K(1498368K), 0.0052650 secs] [Times: user=0.01 sys=0.00, real=0.00 secs] 
2014-07-16T10:20:05.658+0000: 728.666: [GC [PSYoungGen: 811356K->548K(780864K)] 923572K->112940K(1467840K), 0.0046230 secs] [Times: user=0.01 sys=0.00, real=0.00 secs] 
2014-07-16T10:20:07.332+0000: 730.340: [GC [PSYoungGen: 780836K->320K(751296K)] 893228K->112856K(1438272K), 0.0154240 secs] [Times: user=0.06 sys=0.00, real=0.02 secs] 
2014-07-16T10:20:08.928+0000: 731.936: [GC [PSYoungGen: 751252K->438K(723520K)] 863789K->113038K(1410496K), 0.0077480 secs] [Times: user=0.02 sys=0.00, real=0.01 secs] 
2014-07-16T10:20:10.493+0000: 733.502: [GC [PSYoungGen: 723488K->676K(697152K)] 836089K->113332K(1384128K), 0.0071190 secs] [Times: user=0.01 sys=0.00, real=0.01 secs] 
2014-07-16T10:20:11.967+0000: 734.975: [GC [PSYoungGen: 697037K->342K(671424K)] 809694K->113062K(1358400K), 0.0039910 secs] [Times: user=0.01 sys=0.00, real=0.00 secs] 
2014-07-16T10:20:13.420+0000: 736.428: [GC [PSYoungGen: 671381K->416K(647296K)] 784102K->113208K(1334272K), 0.0129260 secs] [Times: user=0.04 sys=0.00, real=0.01 secs] 
2014-07-16T10:20:14.842+0000: 737.851: [GC [PSYoungGen: 647264K->1056K(624832K)] 760056K->113992K(1311808K), 0.0074840 secs] [Times: user=0.02 sys=0.00, real=0.01 secs] 
2014-07-16T10:20:16.188+0000: 739.196: [GC [PSYoungGen: 624763K->634K(602368K)] 737700K->113666K(1289344K), 0.0045620 secs] [Times: user=0.01 sys=0.00, real=0.00 secs] 
2014-07-16T10:20:17.478+0000: 740.486: [GC [PSYoungGen: 602362K->480K(581184K)] 715394K->113624K(1268160K), 0.0085440 secs] [Times: user=0.03 sys=0.00, real=0.01 secs] 
2014-07-16T10:20:18.713+0000: 741.722: [GC [PSYoungGen: 581152K->288K(560896K)] 694296K->113496K(1247872K), 0.0108960 secs] [Times: user=0.03 sys=0.00, real=0.01 secs] 
2014-07-16T10:20:19.917+0000: 742.926: [GC [PSYoungGen: 560864K->160K(541568K)] 674072K->113408K(1228544K), 0.0025970 secs] [Times: user=0.01 sys=0.00, real=0.00 secs] 
2014-07-16T10:20:21.093+0000: 744.101: [GC [PSYoungGen: 541536K->306K(523392K)] 654784K->113578K(1210368K), 0.0085130 secs] [Times: user=0.03 sys=0.00, real=0.01 secs] 
2014-07-16T10:20:22.211+0000: 745.219: [GC [PSYoungGen: 523378K->306K(505920K)] 636650K->113650K(1192896K), 0.0032630 secs] [Times: user=0.01 sys=0.00, real=0.00 secs] 
2014-07-16T10:20:23.298+0000: 746.306: [GC [PSYoungGen: 505906K->544K(489472K)] 619250K->113960K(1176448K), 0.0260270 secs] [Times: user=0.09 sys=0.00, real=0.02 secs] 
2014-07-16T10:20:24.355+0000: 747.364: [GC [PSYoungGen: 489431K->950K(473856K)] 602847K->114462K(1160832K), 0.0052560 secs] [Times: user=0.02 sys=0.00, real=0.01 secs] 
2014-07-16T10:20:25.478+0000: 748.486: [GC [PSYoungGen: 473846K->868K(458496K)] 587358K->114468K(1145472K), 0.0082640 secs] [Times: user=0.01 sys=0.01, real=0.00 secs] 
2014-07-16T10:20:26.436+0000: 749.445: [GC [PSYoungGen: 458468K->338K(443392K)] 572068K->114066K(1130368K), 0.0048350 secs] [Times: user=0.01 sys=0.00, real=0.01 secs] 
2014-07-16T10:20:27.382+0000: 750.390: [GC [PSYoungGen: 443346K->320K(531968K)] 557074K->114096K(1218944K), 0.0567640 secs] [Times: user=0.20 sys=0.00, real=0.06 secs] 
2014-07-16T10:20:28.596+0000: 751.605: [GC [PSYoungGen: 531968K->740K(638784K)] 645744K->114580K(1325760K), 0.0143930 secs] [Times: user=0.05 sys=0.00, real=0.02 secs] 
2014-07-16T10:20:29.964+0000: 752.972: [GC [PSYoungGen: 638756K->320K(765952K)] 752596K->114264K(1452928K), 0.0063100 secs] [Times: user=0.01 sys=0.00, real=0.01 secs] 
2014-07-16T10:20:31.639+0000: 754.647: [GC [PSYoungGen: 765952K->352K(919168K)] 879896K->114368K(1606144K), 0.0177440 secs] [Times: user=0.06 sys=0.00, real=0.01 secs] 
2014-07-16T10:20:33.633+0000: 756.641: [GC [PSYoungGen: 919136K->434K(1103040K)] 1033152K->114546K(1790016K), 0.0056820 secs] [Times: user=0.02 sys=0.00, real=0.01 secs] 
2014-07-16T10:20:36.058+0000: 759.067: [GC [PSYoungGen: 1102942K->434K(1058368K)] 1217054K->114738K(1745344K), 0.0048040 secs] [Times: user=0.01 sys=0.00, real=0.01 secs] 
2014-07-16T10:20:38.312+0000: 761.320: [GC [PSYoungGen: 1058354K->470K(1015936K)] 1172658K->114918K(1702912K), 0.0042350 secs] [Times: user=0.01 sys=0.00, real=0.00 secs] 
2014-07-16T10:20:40.569+0000: 763.578: [GC [PSYoungGen: 1015894K->864K(975872K)] 1130342K->115368K(1662848K), 0.0063270 secs] [Times: user=0.01 sys=0.00, real=0.00 secs] 
2014-07-16T10:20:42.652+0000: 765.661: [GC [PSYoungGen: 975840K->356K(936832K)] 1090344K->114932K(1623808K), 0.0042580 secs] [Times: user=0.01 sys=0.00, real=0.00 secs] 
2014-07-16T10:20:44.658+0000: 767.666: [GC [PSYoungGen: 936804K->256K(900032K)] 1051380K->114968K(1587008K), 0.0116660 secs] [Times: user=0.04 sys=0.00, real=0.01 secs] 
2014-07-16T10:20:46.647+0000: 769.655: [GC [PSYoungGen: 900032K->402K(865280K)] 1014744K->115234K(1552256K), 0.0142170 secs] [Times: user=0.05 sys=0.00, real=0.02 secs] 
2014-07-16T10:20:48.500+0000: 771.508: [GC [PSYoungGen: 865234K->192K(831744K)] 980066K->115152K(1518720K), 0.0143440 secs] [Times: user=0.05 sys=0.00, real=0.01 secs] 
2014-07-16T10:20:50.354+0000: 773.362: [GC [PSYoungGen: 831744K->960K(800832K)] 946704K->115992K(1487808K), 0.0183390 secs] [Times: user=0.06 sys=0.00, real=0.02 secs] 
2014-07-16T10:20:52.091+0000: 775.099: [GC [PSYoungGen: 800832K->576K(770240K)] 915864K->115712K(1457216K), 0.0302230 secs] [Times: user=0.11 sys=0.00, real=0.03 secs] 
2014-07-16T10:20:53.740+0000: 776.748: [GC [PSYoungGen: 770240K->402K(741312K)] 885376K->115682K(1428288K), 0.0061320 secs] [Times: user=0.02 sys=0.00, real=0.01 secs] 
2014-07-16T10:20:55.332+0000: 778.340: [GC [PSYoungGen: 741266K->256K(713664K)] 856546K->115656K(1400640K), 0.0124640 secs] [Times: user=0.04 sys=0.00, real=0.01 secs] 
2014-07-16T10:20:56.871+0000: 779.879: [GC [PSYoungGen: 713664K->306K(687552K)] 829064K->115786K(1374528K), 0.0031820 secs] [Times: user=0.01 sys=0.00, real=0.01 secs] 
2014-07-16T10:20:58.359+0000: 781.367: [GC [PSYoungGen: 687538K->256K(662528K)] 803018K->115856K(1349504K), 0.0215200 secs] [Times: user=0.07 sys=0.00, real=0.02 secs] 
2014-07-16T10:20:59.777+0000: 782.785: [GC [PSYoungGen: 662528K->384K(638848K)] 778128K->116032K(1325824K), 0.0049870 secs] [Times: user=0.01 sys=0.00, real=0.00 secs] 
2014-07-16T10:21:01.156+0000: 784.165: [GC [PSYoungGen: 638848K->580K(616384K)] 754496K->116292K(1303360K), 0.0195870 secs] [Times: user=0.06 sys=0.00, real=0.02 secs] 
2014-07-16T10:21:02.474+0000: 785.482: [GC [PSYoungGen: 616324K->320K(594368K)] 732036K->116112K(1281344K), 0.0061890 secs] [Times: user=0.02 sys=0.00, real=0.00 secs] 
2014-07-16T10:21:03.743+0000: 786.752: [GC [PSYoungGen: 594368K->288K(573696K)] 710160K->116184K(1260672K), 0.0043730 secs] [Times: user=0.02 sys=0.00, real=0.00 secs] 
2014-07-16T10:21:05.014+0000: 788.022: [GC [PSYoungGen: 573664K->224K(553856K)] 689560K->116224K(1240832K), 0.0144640 secs] [Times: user=0.05 sys=0.00, real=0.01 secs] 
2014-07-16T10:21:06.216+0000: 789.224: [GC [PSYoungGen: 553824K->768K(535488K)] 669824K->116880K(1222464K), 0.0087860 secs] [Times: user=0.03 sys=0.00, real=0.01 secs] 
2014-07-16T10:21:07.363+0000: 790.372: [GC [PSYoungGen: 535421K->292K(517056K)] 651534K->116468K(1204032K), 0.0043810 secs] [Times: user=0.01 sys=0.00, real=0.00 secs] 
2014-07-16T10:21:08.475+0000: 791.483: [GC [PSYoungGen: 516950K->324K(620480K)] 633127K->116564K(1307456K), 0.0326590 secs] [Times: user=0.12 sys=0.00, real=0.03 secs] 
2014-07-16T10:21:09.849+0000: 792.857: [GC [PSYoungGen: 620420K->338K(744512K)] 736660K->116642K(1431488K), 0.0126780 secs] [Times: user=0.04 sys=0.00, real=0.01 secs] 
2014-07-16T10:21:11.454+0000: 794.462: [GC [PSYoungGen: 744466K->288K(893312K)] 860770K->116656K(1580288K), 0.0105810 secs] [Times: user=0.04 sys=0.00, real=0.02 secs] 
2014-07-16T10:21:13.354+0000: 796.363: [GC [PSYoungGen: 893280K->384K(858752K)] 1009648K->116848K(1545728K), 0.0142590 secs] [Times: user=0.04 sys=0.00, real=0.01 secs] 
2014-07-16T10:21:15.216+0000: 798.224: [GC [PSYoungGen: 858752K->544K(825984K)] 975216K->117152K(1512960K), 0.0085110 secs] [Times: user=0.02 sys=0.00, real=0.00 secs] 
2014-07-16T10:21:17.041+0000: 800.049: [GC [PSYoungGen: 825875K->598K(794624K)] 942483K->117382K(1481600K), 0.0070880 secs] [Times: user=0.02 sys=0.00, real=0.01 secs] 
2014-07-16T10:21:18.740+0000: 801.749: [GC [PSYoungGen: 794582K->512K(764544K)] 911366K->117472K(1451520K), 0.0127240 secs] [Times: user=0.04 sys=0.00, real=0.01 secs] 
2014-07-16T10:21:20.387+0000: 803.395: [GC [PSYoungGen: 764544K->320K(735808K)] 881504K->117368K(1422784K), 0.0093460 secs] [Times: user=0.02 sys=0.00, real=0.01 secs] 
2014-07-16T10:21:21.980+0000: 804.989: [GC [PSYoungGen: 735808K->256K(708544K)] 852856K->117384K(1395520K), 0.0106010 secs] [Times: user=0.04 sys=0.00, real=0.01 secs] 
2014-07-16T10:21:23.508+0000: 806.516: [GC [PSYoungGen: 708544K->598K(683008K)] 825672K->117846K(1369984K), 0.0157070 secs] [Times: user=0.06 sys=0.00, real=0.01 secs] 
2014-07-16T10:21:24.984+0000: 807.992: [GC [PSYoungGen: 682966K->406K(658112K)] 800214K->117774K(1345088K), 0.0064250 secs] [Times: user=0.01 sys=0.00, real=0.01 secs] 
2014-07-16T10:21:26.466+0000: 809.475: [GC [PSYoungGen: 658063K->434K(634496K)] 775432K->117898K(1321472K), 0.0158000 secs] [Times: user=0.06 sys=0.00, real=0.01 secs] 
2014-07-16T10:21:27.839+0000: 810.847: [GC [PSYoungGen: 634482K->288K(611840K)] 751946K->117848K(1298816K), 0.0047510 secs] [Times: user=0.01 sys=0.01, real=0.00 secs] 
2014-07-16T10:21:29.156+0000: 812.164: [GC [PSYoungGen: 611807K->274K(590336K)] 729368K->117882K(1277312K), 0.0063260 secs] [Times: user=0.01 sys=0.00, real=0.01 secs] 
2014-07-16T10:21:30.438+0000: 813.447: [GC [PSYoungGen: 590290K->484K(570048K)] 707898K->118140K(1257024K), 0.0147390 secs] [Times: user=0.05 sys=0.01, real=0.01 secs] 
2014-07-16T10:21:31.687+0000: 814.695: [GC [PSYoungGen: 570020K->288K(550272K)] 687676K->118000K(1237248K), 0.0110890 secs] [Times: user=0.04 sys=0.00, real=0.02 secs] 
2014-07-16T10:21:32.869+0000: 815.877: [GC [PSYoungGen: 550240K->192K(531456K)] 667952K->118024K(1218432K), 0.0040200 secs] [Times: user=0.01 sys=0.00, real=0.00 secs] 
2014-07-16T10:21:34.011+0000: 817.019: [GC [PSYoungGen: 531456K->402K(513856K)] 649288K->118314K(1200832K), 0.0073860 secs] [Times: user=0.02 sys=0.00, real=0.01 secs] 
2014-07-16T10:21:35.114+0000: 818.122: [GC [PSYoungGen: 513810K->274K(496640K)] 631722K->118266K(1183616K), 0.0045370 secs] [Times: user=0.01 sys=0.01, real=0.01 secs] 
2014-07-16T10:21:36.177+0000: 819.186: [GC [PSYoungGen: 496594K->288K(480320K)] 614586K->118320K(1167296K), 0.0043260 secs] [Times: user=0.01 sys=0.00, real=0.01 secs] 
2014-07-16T10:21:37.227+0000: 820.235: [GC [PSYoungGen: 480207K->342K(464832K)] 598240K->118430K(1151808K), 0.0047270 secs] [Times: user=0.01 sys=0.00, real=0.01 secs] 
2014-07-16T10:21:38.229+0000: 821.237: [GC [PSYoungGen: 464790K->370K(449920K)] 582878K->118530K(1136896K), 0.0118470 secs] [Times: user=0.04 sys=0.00, real=0.01 secs] 
2014-07-16T10:21:39.198+0000: 822.207: [GC [PSYoungGen: 449906K->256K(435520K)] 568066K->118440K(1122496K), 0.0114510 secs] [Times: user=0.04 sys=0.00, real=0.01 secs] 
2014-07-16T10:21:40.141+0000: 823.149: [GC [PSYoungGen: 435520K->452K(422144K)] 553704K->118684K(1109120K), 0.0064960 secs] [Times: user=0.02 sys=0.01, real=0.00 secs] 
2014-07-16T10:21:41.091+0000: 824.099: [GC [PSYoungGen: 422084K->576K(506560K)] 540316K->118976K(1193536K), 0.0303270 secs] [Times: user=0.10 sys=0.00, real=0.03 secs] 
2014-07-16T10:21:42.246+0000: 825.254: [GC [PSYoungGen: 506560K->544K(607808K)] 624960K->119024K(1294784K), 0.0095750 secs] [Times: user=0.03 sys=0.00, real=0.01 secs] 
2014-07-16T10:21:43.532+0000: 826.541: [GC [PSYoungGen: 607776K->438K(729152K)] 726256K->119190K(1416128K), 0.0099380 secs] [Times: user=0.03 sys=0.00, real=0.01 secs] 
2014-07-16T10:21:45.111+0000: 828.119: [GC [PSYoungGen: 729070K->744K(702592K)] 847822K->119656K(1389568K), 0.0102570 secs] [Times: user=0.02 sys=0.00, real=0.01 secs] 
2014-07-16T10:21:46.703+0000: 829.712: [GC [PSYoungGen: 702566K->562K(676736K)] 821479K->119578K(1363712K), 0.0056250 secs] [Times: user=0.02 sys=0.00, real=0.00 secs] 
2014-07-16T10:21:48.206+0000: 831.214: [GC [PSYoungGen: 676719K->900K(652672K)] 795736K->120020K(1339648K), 0.0099300 secs] [Times: user=0.04 sys=0.01, real=0.01 secs] 
2014-07-16T10:21:49.550+0000: 832.558: [GC [PSYoungGen: 652612K->434K(628864K)] 771732K->119634K(1315840K), 0.0200620 secs] [Times: user=0.07 sys=0.00, real=0.02 secs] 
2014-07-16T10:21:50.896+0000: 833.905: [GC [PSYoungGen: 628848K->256K(606400K)] 748049K->119504K(1293376K), 0.0087380 secs] [Times: user=0.03 sys=0.00, real=0.01 secs] 
2014-07-16T10:21:52.251+0000: 835.259: [GC [PSYoungGen: 606365K->320K(585216K)] 725613K->119600K(1272192K), 0.0059740 secs] [Times: user=0.01 sys=0.00, real=0.00 secs] 
2014-07-16T10:21:53.529+0000: 836.537: [GC [PSYoungGen: 585216K->932K(565568K)] 704496K->120348K(1252544K), 0.0090870 secs] [Times: user=0.02 sys=0.00, real=0.01 secs] 
2014-07-16T10:21:54.748+0000: 837.757: [GC [PSYoungGen: 565472K->544K(678144K)] 684888K->120096K(1365120K), 0.0228290 secs] [Times: user=0.09 sys=0.00, real=0.03 secs] 
2014-07-16T10:21:56.193+0000: 839.201: [GC [PSYoungGen: 678112K->338K(653440K)] 797664K->119970K(1340416K), 0.0102270 secs] [Times: user=0.04 sys=0.00, real=0.01 secs] 
2014-07-16T10:21:57.634+0000: 840.643: [GC [PSYoungGen: 653394K->438K(630144K)] 773026K->120134K(1317120K), 0.0040270 secs] [Times: user=0.01 sys=0.00, real=0.00 secs] 
2014-07-16T10:21:58.991+0000: 841.999: [GC [PSYoungGen: 630134K->338K(607744K)] 749830K->120106K(1294720K), 0.0071950 secs] [Times: user=0.01 sys=0.00, real=0.01 secs] 
2014-07-16T10:22:00.303+0000: 843.312: [GC [PSYoungGen: 607698K->402K(586496K)] 727466K->120242K(1273472K), 0.0104880 secs] [Times: user=0.02 sys=0.01, real=0.01 secs] 
2014-07-16T10:22:01.572+0000: 844.580: [GC [PSYoungGen: 586450K->224K(565952K)] 706290K->120112K(1252928K), 0.0119420 secs] [Times: user=0.04 sys=0.01, real=0.02 secs] 
2014-07-16T10:22:02.801+0000: 845.809: [GC [PSYoungGen: 565920K->320K(546624K)] 685808K->120264K(1233600K), 0.0058900 secs] [Times: user=0.01 sys=0.00, real=0.01 secs] 
2014-07-16T10:22:03.971+0000: 846.979: [GC [PSYoungGen: 546623K->256K(528064K)] 666568K->120304K(1215040K), 0.0066640 secs] [Times: user=0.01 sys=0.00, real=0.01 secs] 
2014-07-16T10:22:05.113+0000: 848.121: [GC [PSYoungGen: 528064K->416K(510528K)] 648112K->120560K(1197504K), 0.0050570 secs] [Times: user=0.01 sys=0.00, real=0.00 secs] 
2014-07-16T10:22:06.202+0000: 849.210: [GC [PSYoungGen: 510496K->128K(493312K)] 630640K->120328K(1180288K), 0.0076480 secs] [Times: user=0.02 sys=0.00, real=0.00 secs] 
2014-07-16T10:22:07.311+0000: 850.319: [GC [PSYoungGen: 493312K->452K(477504K)] 613512K->120708K(1164480K), 0.0104810 secs] [Times: user=0.04 sys=0.00, real=0.01 secs] 
2014-07-16T10:22:08.310+0000: 851.319: [GC [PSYoungGen: 477444K->480K(462080K)] 597700K->120848K(1149056K), 0.0161490 secs] [Times: user=0.05 sys=0.00, real=0.02 secs] 
2014-07-16T10:22:09.309+0000: 852.318: [GC [PSYoungGen: 462048K->370K(447168K)] 582416K->120786K(1134144K), 0.0091230 secs] [Times: user=0.02 sys=0.00, real=0.01 secs] 
2014-07-16T10:22:10.281+0000: 853.290: [GC [PSYoungGen: 447116K->488K(536704K)] 567533K->120952K(1223680K), 0.0147840 secs] [Times: user=0.05 sys=0.00, real=0.02 secs] 
2014-07-16T10:22:11.560+0000: 854.568: [GC [PSYoungGen: 536680K->530K(518720K)] 657144K->121034K(1205696K), 0.0058630 secs] [Times: user=0.01 sys=0.00, real=0.01 secs] 
2014-07-16T10:22:12.676+0000: 855.684: [GC [PSYoungGen: 518671K->320K(501184K)] 639176K->120960K(1188160K), 0.0037240 secs] [Times: user=0.02 sys=0.00, real=0.00 secs] 
2014-07-16T10:22:13.759+0000: 856.767: [GC [PSYoungGen: 501184K->420K(484800K)] 621824K->121196K(1171776K), 0.0045940 secs] [Times: user=0.01 sys=0.00, real=0.01 secs] 
2014-07-16T10:22:14.789+0000: 857.797: [GC [PSYoungGen: 484677K->324K(468992K)] 605454K->121188K(1155968K), 0.0056040 secs] [Times: user=0.01 sys=0.00, real=0.01 secs] 
2014-07-16T10:22:15.795+0000: 858.803: [GC [PSYoungGen: 468932K->128K(453632K)] 589796K->121032K(1140608K), 0.0063290 secs] [Times: user=0.01 sys=0.00, real=0.00 secs] 
2014-07-16T10:22:16.775+0000: 859.783: [GC [PSYoungGen: 453632K->288K(439424K)] 574536K->121248K(1126400K), 0.0147250 secs] [Times: user=0.04 sys=0.00, real=0.01 secs] 
2014-07-16T10:22:17.732+0000: 860.740: [GC [PSYoungGen: 439392K->502K(527488K)] 560352K->121510K(1214464K), 0.0196900 secs] [Times: user=0.06 sys=0.01, real=0.02 secs] 
2014-07-16T10:22:18.857+0000: 861.866: [GC [PSYoungGen: 527465K->338K(632768K)] 648473K->121410K(1319744K), 0.0084590 secs] [Times: user=0.03 sys=0.00, real=0.01 secs] 
2014-07-16T10:22:20.216+0000: 863.224: [GC [PSYoungGen: 632722K->448K(610432K)] 753794K->121560K(1297408K), 0.0042380 secs] [Times: user=0.01 sys=0.00, real=0.00 secs] 
2014-07-16T10:22:21.559+0000: 864.567: [GC [PSYoungGen: 610432K->694K(589248K)] 731544K->121894K(1276224K), 0.0044620 secs] [Times: user=0.01 sys=0.01, real=0.00 secs] 
2014-07-16T10:22:22.882+0000: 865.890: [GC [PSYoungGen: 589238K->320K(568448K)] 710438K->121728K(1255424K), 0.0081700 secs] [Times: user=0.01 sys=0.00, real=0.01 secs] 
2014-07-16T10:22:24.105+0000: 867.113: [GC [PSYoungGen: 568447K->416K(549056K)] 689856K->122016K(1236032K), 0.0223590 secs] [Times: user=0.08 sys=0.00, real=0.02 secs] 
2014-07-16T10:22:25.299+0000: 868.308: [GC [PSYoungGen: 549024K->256K(530240K)] 670624K->121968K(1217216K), 0.0060000 secs] [Times: user=0.03 sys=0.00, real=0.01 secs] 
2014-07-16T10:22:26.435+0000: 869.443: [GC [PSYoungGen: 530240K->420K(512640K)] 651952K->122196K(1199616K), 0.0154290 secs] [Times: user=0.05 sys=0.00, real=0.02 secs] 
2014-07-16T10:22:27.580+0000: 870.588: [GC [PSYoungGen: 512612K->402K(495616K)] 634388K->122226K(1182592K), 0.0107270 secs] [Times: user=0.04 sys=0.00, real=0.01 secs] 
2014-07-16T10:22:28.654+0000: 871.662: [GC [PSYoungGen: 495570K->534K(479488K)] 617394K->122438K(1166464K), 0.0087270 secs] [Times: user=0.03 sys=0.00, real=0.01 secs] 
2014-07-16T10:22:29.682+0000: 872.690: [GC [PSYoungGen: 479443K->224K(463616K)] 601347K->122176K(1150592K), 0.0124700 secs] [Times: user=0.04 sys=0.00, real=0.01 secs] 
2014-07-16T10:22:30.687+0000: 873.695: [GC [PSYoungGen: 463584K->320K(448832K)] 585536K->122304K(1135808K), 0.0053710 secs] [Times: user=0.01 sys=0.00, real=0.00 secs] 
2014-07-16T10:22:31.647+0000: 874.655: [GC [PSYoungGen: 448832K->160K(434496K)] 570816K->122192K(1121472K), 0.0082980 secs] [Times: user=0.01 sys=0.00, real=0.00 secs] 
2014-07-16T10:22:32.630+0000: 875.638: [GC [PSYoungGen: 434463K->288K(421056K)] 556496K->122368K(1108032K), 0.0036270 secs] [Times: user=0.01 sys=0.00, real=0.00 secs] 
2014-07-16T10:22:33.535+0000: 876.544: [GC [PSYoungGen: 421024K->224K(505152K)] 543104K->122440K(1192128K), 0.0335820 secs] [Times: user=0.11 sys=0.00, real=0.04 secs] 
2014-07-16T10:22:34.640+0000: 877.649: [GC [PSYoungGen: 505120K->416K(606336K)] 627336K->122720K(1293312K), 0.0122930 secs] [Times: user=0.04 sys=0.00, real=0.01 secs] 
2014-07-16T10:22:35.937+0000: 878.945: [GC [PSYoungGen: 606304K->224K(727360K)] 728608K->122616K(1414336K), 0.0186750 secs] [Times: user=0.05 sys=0.00, real=0.02 secs] 
2014-07-16T10:22:37.546+0000: 880.554: [GC [PSYoungGen: 727328K->320K(872896K)] 849720K->122768K(1559872K), 0.0133900 secs] [Times: user=0.04 sys=0.00, real=0.02 secs] 
2014-07-16T10:22:39.423+0000: 882.431: [GC [PSYoungGen: 872896K->306K(839232K)] 995344K->122842K(1526208K), 0.0044700 secs] [Times: user=0.01 sys=0.00, real=0.01 secs] 
2014-07-16T10:22:41.247+0000: 884.255: [GC [PSYoungGen: 839218K->466K(1007232K)] 961754K->123090K(1694208K), 0.0227720 secs] [Times: user=0.08 sys=0.00, real=0.03 secs] 
2014-07-16T10:22:43.522+0000: 886.530: [GC [PSYoungGen: 1007186K->498K(967168K)] 1129810K->123274K(1654144K), 0.0057760 secs] [Times: user=0.02 sys=0.00, real=0.00 secs] 
2014-07-16T10:22:45.608+0000: 888.616: [GC [PSYoungGen: 967154K->448K(928960K)] 1089930K->123496K(1615936K), 0.0032220 secs] [Times: user=0.01 sys=0.00, real=0.01 secs] 
2014-07-16T10:22:47.676+0000: 890.684: [GC [PSYoungGen: 928960K->352K(892608K)] 1052008K->123504K(1579584K), 0.0052530 secs] [Times: user=0.02 sys=0.00, real=0.01 secs] 
2014-07-16T10:22:49.597+0000: 892.605: [GC [PSYoungGen: 892479K->388K(858112K)] 1015631K->123644K(1545088K), 0.0121340 secs] [Times: user=0.04 sys=0.00, real=0.02 secs] 
2014-07-16T10:22:51.462+0000: 894.470: [GC [PSYoungGen: 858052K->534K(825280K)] 981308K->123838K(1512256K), 0.0142630 secs] [Times: user=0.05 sys=0.00, real=0.01 secs] 
2014-07-16T10:22:53.347+0000: 896.355: [GC [PSYoungGen: 825238K->676K(794048K)] 948542K->124268K(1481024K), 0.0049040 secs] [Times: user=0.01 sys=0.00, real=0.01 secs] 
2014-07-16T10:22:55.032+0000: 898.040: [GC [PSYoungGen: 793968K->192K(763648K)] 917561K->124836K(1450624K), 0.0066240 secs] [Times: user=0.01 sys=0.00, real=0.00 secs] 
2014-07-16T10:22:56.656+0000: 899.664: [GC [PSYoungGen: 763648K->680K(735680K)] 888292K->125476K(1422656K), 0.0097750 secs] [Times: user=0.02 sys=0.00, real=0.01 secs] 
2014-07-16T10:22:58.282+0000: 901.290: [GC [PSYoungGen: 735656K->274K(708096K)] 860452K->125386K(1395072K), 0.0058680 secs] [Times: user=0.01 sys=0.01, real=0.00 secs] 
2014-07-16T10:22:59.814+0000: 902.823: [GC [PSYoungGen: 708050K->256K(682112K)] 833162K->125472K(1369088K), 0.0070740 secs] [Times: user=0.00 sys=0.00, real=0.01 secs] 
2014-07-16T10:23:01.299+0000: 904.307: [GC [PSYoungGen: 682112K->338K(657536K)] 807328K->125618K(1344512K), 0.0062830 secs] [Times: user=0.01 sys=0.00, real=0.01 secs] 
2014-07-16T10:23:02.831+0000: 905.839: [GC [PSYoungGen: 657433K->1078K(634688K)] 782714K->126502K(1321664K), 0.0055360 secs] [Times: user=0.01 sys=0.00, real=0.01 secs] 
2014-07-16T10:23:04.133+0000: 907.141: [GC [PSYoungGen: 634678K->520K(611712K)] 760102K->126096K(1298688K), 0.0173680 secs] [Times: user=0.06 sys=0.00, real=0.01 secs] 
2014-07-16T10:23:05.444+0000: 908.452: [GC [PSYoungGen: 611656K->160K(589888K)] 737232K->125888K(1276864K), 0.0149850 secs] [Times: user=0.06 sys=0.00, real=0.01 secs] 
2014-07-16T10:23:06.715+0000: 909.724: [GC [PSYoungGen: 589856K->616K(569856K)] 715584K->126384K(1256832K), 0.0066620 secs] [Times: user=0.01 sys=0.00, real=0.01 secs] 
2014-07-16T10:23:08.031+0000: 911.039: [GC [PSYoungGen: 569832K->648K(550336K)] 695600K->126448K(1237312K), 0.0052670 secs] [Times: user=0.02 sys=0.00, real=0.01 secs] 
2014-07-16T10:23:09.173+0000: 912.182: [GC [PSYoungGen: 550280K->548K(531520K)] 676080K->126420K(1218496K), 0.0068160 secs] [Times: user=0.02 sys=0.00, real=0.00 secs] 
2014-07-16T10:23:10.290+0000: 913.299: [GC [PSYoungGen: 531492K->420K(513536K)] 657364K->126356K(1200512K), 0.0072760 secs] [Times: user=0.01 sys=0.00, real=0.01 secs] 
2014-07-16T10:23:11.449+0000: 914.457: [GC [PSYoungGen: 513508K->722K(496832K)] 639444K->126698K(1183808K), 0.0089970 secs] [Times: user=0.02 sys=0.00, real=0.01 secs] 
2014-07-16T10:23:12.495+0000: 915.503: [GC [PSYoungGen: 496786K->274K(480064K)] 622762K->126362K(1167040K), 0.0048030 secs] [Times: user=0.02 sys=0.00, real=0.00 secs] 
2014-07-16T10:23:13.529+0000: 916.537: [GC [PSYoungGen: 480018K->320K(464512K)] 606106K->126504K(1151488K), 0.0102010 secs] [Times: user=0.03 sys=0.00, real=0.01 secs] 
2014-07-16T10:23:14.545+0000: 917.554: [GC [PSYoungGen: 464512K->548K(449856K)] 590696K->126828K(1136832K), 0.0053610 secs] [Times: user=0.02 sys=0.00, real=0.00 secs] 
2014-07-16T10:23:15.537+0000: 918.545: [GC [PSYoungGen: 449828K->580K(435648K)] 576108K->126940K(1122624K), 0.0052310 secs] [Times: user=0.01 sys=0.00, real=0.00 secs] 
2014-07-16T10:23:16.459+0000: 919.468: [GC [PSYoungGen: 435588K->210K(421632K)] 561948K->126634K(1108608K), 0.0062280 secs] [Times: user=0.01 sys=0.00, real=0.01 secs] 
2014-07-16T10:23:17.370+0000: 920.379: [GC [PSYoungGen: 421586K->466K(408832K)] 548010K->126922K(1095808K), 0.0084900 secs] [Times: user=0.03 sys=0.00, real=0.01 secs] 
2014-07-16T10:23:18.382+0000: 921.391: [GC [PSYoungGen: 408786K->598K(396480K)] 535242K->127086K(1083456K), 0.0053790 secs] [Times: user=0.01 sys=0.00, real=0.01 secs] 
2014-07-16T10:23:19.186+0000: 922.195: [GC [PSYoungGen: 396421K->320K(475328K)] 522909K->126928K(1162304K), 0.0210780 secs] [Times: user=0.06 sys=0.00, real=0.02 secs] 
2014-07-16T10:23:20.221+0000: 923.229: [GC [PSYoungGen: 475328K->160K(570240K)] 601936K->126792K(1257216K), 0.0072410 secs] [Times: user=0.02 sys=0.00, real=0.01 secs] 
2014-07-16T10:23:21.451+0000: 924.459: [GC [PSYoungGen: 570208K->384K(550848K)] 696840K->127056K(1237824K), 0.0109290 secs] [Times: user=0.04 sys=0.00, real=0.01 secs] 
2014-07-16T10:23:22.647+0000: 925.656: [GC [PSYoungGen: 550848K->352K(660992K)] 677520K->127112K(1347968K), 0.0192180 secs] [Times: user=0.06 sys=0.00, real=0.02 secs] 
2014-07-16T10:23:24.138+0000: 927.147: [GC [PSYoungGen: 660960K->512K(637376K)] 787720K->127368K(1324352K), 0.0054020 secs] [Times: user=0.01 sys=0.01, real=0.00 secs] 
2014-07-16T10:23:25.486+0000: 928.495: [GC [PSYoungGen: 637376K->466K(614720K)] 764232K->127530K(1301696K), 0.0135980 secs] [Times: user=0.05 sys=0.00, real=0.01 secs] 
2014-07-16T10:23:26.803+0000: 929.812: [GC [PSYoungGen: 614674K->256K(592832K)] 741738K->127384K(1279808K), 0.0151250 secs] [Times: user=0.06 sys=0.00, real=0.02 secs] 
2014-07-16T10:23:28.151+0000: 931.160: [GC [PSYoungGen: 592832K->818K(572800K)] 719960K->128234K(1259776K), 0.0121100 secs] [Times: user=0.04 sys=0.00, real=0.02 secs] 
2014-07-16T10:23:29.320+0000: 932.328: [GC [PSYoungGen: 572786K->338K(552640K)] 700202K->127818K(1239616K), 0.0060900 secs] [Times: user=0.02 sys=0.00, real=0.01 secs] 
2014-07-16T10:23:30.516+0000: 933.524: [GC [PSYoungGen: 552594K->128K(533568K)] 680074K->127720K(1220544K), 0.0077000 secs] [Times: user=0.01 sys=0.00, real=0.00 secs] 
2014-07-16T10:23:31.674+0000: 934.682: [GC [PSYoungGen: 533568K->576K(516096K)] 661160K->128224K(1203072K), 0.0069580 secs] [Times: user=0.01 sys=0.00, real=0.01 secs] 
2014-07-16T10:23:32.780+0000: 935.789: [GC [PSYoungGen: 516096K->434K(498816K)] 643744K->128154K(1185792K), 0.0038430 secs] [Times: user=0.01 sys=0.00, real=0.00 secs] 
2014-07-16T10:23:33.905+0000: 936.913: [GC [PSYoungGen: 498802K->288K(482304K)] 626522K->128112K(1169280K), 0.0120510 secs] [Times: user=0.04 sys=0.00, real=0.02 secs] 
2014-07-16T10:23:35.027+0000: 938.035: [GC [PSYoungGen: 482264K->694K(467008K)] 610088K->128686K(1153984K), 0.0075930 secs] [Times: user=0.02 sys=0.00, real=0.00 secs] 
2014-07-16T10:23:36.013+0000: 939.021: [GC [PSYoungGen: 466998K->416K(451776K)] 594990K->128520K(1138752K), 0.0038240 secs] [Times: user=0.01 sys=0.01, real=0.01 secs] 
2014-07-16T10:23:36.989+0000: 939.997: [GC [PSYoungGen: 451744K->840K(437888K)] 579848K->128992K(1124864K), 0.0176260 secs] [Times: user=0.06 sys=0.00, real=0.02 secs] 
2014-07-16T10:23:37.923+0000: 940.931: [GC [PSYoungGen: 437790K->320K(423616K)] 565943K->128512K(1110592K), 0.0114920 secs] [Times: user=0.04 sys=0.00, real=0.01 secs] 
2014-07-16T10:23:38.868+0000: 941.876: [GC [PSYoungGen: 423616K->160K(410368K)] 551808K->128368K(1097344K), 0.0045880 secs] [Times: user=0.01 sys=0.00, real=0.00 secs] 
2014-07-16T10:23:39.758+0000: 942.766: [GC [PSYoungGen: 410336K->224K(492480K)] 538544K->128504K(1179456K), 0.0179700 secs] [Times: user=0.07 sys=0.00, real=0.01 secs] 
2014-07-16T10:23:40.821+0000: 943.830: [GC [PSYoungGen: 492425K->502K(476608K)] 620706K->128814K(1163584K), 0.0060480 secs] [Times: user=0.01 sys=0.00, real=0.01 secs] 
2014-07-16T10:23:41.848+0000: 944.856: [GC [PSYoungGen: 476598K->192K(460864K)] 604910K->128528K(1147840K), 0.0043880 secs] [Times: user=0.01 sys=0.00, real=0.00 secs] 
2014-07-16T10:23:42.854+0000: 945.863: [GC [PSYoungGen: 460864K->534K(553408K)] 589200K->128958K(1240384K), 0.0150300 secs] [Times: user=0.05 sys=0.00, real=0.02 secs] 
2014-07-16T10:23:44.087+0000: 947.096: [GC [PSYoungGen: 553366K->466K(663936K)] 681790K->128978K(1350912K), 0.0286630 secs] [Times: user=0.10 sys=0.00, real=0.02 secs] 
2014-07-16T10:23:45.564+0000: 948.572: [GC [PSYoungGen: 663890K->626K(796800K)] 792402K->129274K(1483776K), 0.0045980 secs] [Times: user=0.01 sys=0.00, real=0.01 secs] 
2014-07-16T10:23:47.267+0000: 950.275: [GC [PSYoungGen: 796786K->420K(766592K)] 925434K->129196K(1453568K), 0.0112610 secs] [Times: user=0.04 sys=0.01, real=0.02 secs] 
2014-07-16T10:23:48.980+0000: 951.989: [GC [PSYoungGen: 766564K->288K(737856K)] 895340K->129136K(1424832K), 0.0097810 secs] [Times: user=0.02 sys=0.00, real=0.01 secs] 
2014-07-16T10:23:50.563+0000: 953.571: [GC [PSYoungGen: 737824K->402K(710720K)] 866672K->129354K(1397696K), 0.0127500 secs] [Times: user=0.04 sys=0.00, real=0.01 secs] 
2014-07-16T10:23:52.092+0000: 955.100: [GC [PSYoungGen: 710674K->352K(684608K)] 839626K->129352K(1371584K), 0.0071510 secs] [Times: user=0.02 sys=0.00, real=0.01 secs] 
2014-07-16T10:23:53.627+0000: 956.636: [GC [PSYoungGen: 684576K->640K(660032K)] 813576K->129736K(1347008K), 0.0164800 secs] [Times: user=0.06 sys=0.00, real=0.02 secs] 
2014-07-16T10:23:55.066+0000: 958.075: [GC [PSYoungGen: 660032K->548K(636288K)] 789128K->129788K(1323264K), 0.0053840 secs] [Times: user=0.02 sys=0.00, real=0.01 secs] 
2014-07-16T10:23:56.409+0000: 959.417: [GC [PSYoungGen: 636255K->288K(613440K)] 765496K->129640K(1300416K), 0.0045920 secs] [Times: user=0.02 sys=0.00, real=0.01 secs] 
2014-07-16T10:23:57.731+0000: 960.740: [GC [PSYoungGen: 613408K->402K(592000K)] 742760K->129826K(1278976K), 0.0163390 secs] [Times: user=0.05 sys=0.00, real=0.01 secs] 
2014-07-16T10:23:59.065+0000: 962.074: [GC [PSYoungGen: 591954K->256K(571264K)] 721378K->129704K(1258240K), 0.0121490 secs] [Times: user=0.05 sys=0.00, real=0.01 secs] 
2014-07-16T10:24:00.273+0000: 963.281: [GC [PSYoungGen: 571262K->288K(551680K)] 700710K->129808K(1238656K), 0.0120420 secs] [Times: user=0.04 sys=0.01, real=0.01 secs] 
2014-07-16T10:24:01.457+0000: 964.466: [GC [PSYoungGen: 551648K->224K(532864K)] 681168K->129776K(1219840K), 0.0057030 secs] [Times: user=0.01 sys=0.00, real=0.01 secs] 
2014-07-16T10:24:02.629+0000: 965.638: [GC [PSYoungGen: 532832K->580K(515328K)] 662384K->130188K(1202304K), 0.0125100 secs] [Times: user=0.04 sys=0.00, real=0.02 secs] 
2014-07-16T10:24:03.809+0000: 966.817: [GC [PSYoungGen: 515268K->680K(498304K)] 644876K->130688K(1185280K), 0.0046700 secs] [Times: user=0.02 sys=0.00, real=0.01 secs] 
2014-07-16T10:24:04.836+0000: 967.844: [GC [PSYoungGen: 498280K->434K(481664K)] 628288K->130578K(1168640K), 0.0154900 secs] [Times: user=0.06 sys=0.00, real=0.02 secs] 
2014-07-16T10:24:05.895+0000: 968.904: [GC [PSYoungGen: 481650K->320K(465920K)] 611794K->130608K(1152896K), 0.0051600 secs] [Times: user=0.01 sys=0.00, real=0.01 secs] 
2014-07-16T10:24:06.886+0000: 969.895: [GC [PSYoungGen: 465920K->178K(450816K)] 596208K->130522K(1137792K), 0.0071240 secs] [Times: user=0.02 sys=0.00, real=0.01 secs] 
2014-07-16T10:24:07.855+0000: 970.863: [GC [PSYoungGen: 450802K->292K(436672K)] 581146K->130660K(1123648K), 0.0105530 secs] [Times: user=0.04 sys=0.00, real=0.01 secs] 
2014-07-16T10:24:08.870+0000: 971.878: [GC [PSYoungGen: 436644K->786K(423488K)] 567012K->131170K(1110464K), 0.0071910 secs] [Times: user=0.02 sys=0.00, real=0.01 secs] 
2014-07-16T10:24:09.698+0000: 972.706: [GC [PSYoungGen: 423442K->338K(409920K)] 553826K->130778K(1096896K), 0.0045070 secs] [Times: user=0.01 sys=0.00, real=0.01 secs] 
2014-07-16T10:24:10.578+0000: 973.586: [GC [PSYoungGen: 409874K->64K(397056K)] 540314K->130520K(1084032K), 0.0037870 secs] [Times: user=0.01 sys=0.00, real=0.01 secs] 
2014-07-16T10:24:11.434+0000: 974.442: [GC [PSYoungGen: 397056K->320K(385280K)] 527512K->130792K(1072256K), 0.0057100 secs] [Times: user=0.02 sys=0.00, real=0.00 secs] 
2014-07-16T10:24:12.264+0000: 975.273: [GC [PSYoungGen: 385242K->502K(373952K)] 515715K->131038K(1060928K), 0.0134830 secs] [Times: user=0.05 sys=0.00, real=0.01 secs] 
2014-07-16T10:24:13.085+0000: 976.093: [GC [PSYoungGen: 373942K->384K(448512K)] 504478K->130984K(1135488K), 0.0202370 secs] [Times: user=0.08 sys=0.00, real=0.02 secs] 
2014-07-16T10:24:14.101+0000: 977.109: [GC [PSYoungGen: 448512K->612K(538432K)] 579112K->131308K(1225408K), 0.0154580 secs] [Times: user=0.06 sys=0.00, real=0.02 secs] 
2014-07-16T10:24:15.220+0000: 978.228: [GC [PSYoungGen: 538404K->498K(645888K)] 669100K->131314K(1332864K), 0.0042690 secs] [Times: user=0.01 sys=0.00, real=0.01 secs] 
2014-07-16T10:24:16.662+0000: 979.671: [GC [PSYoungGen: 645874K->608K(622976K)] 776690K->131520K(1309952K), 0.0069540 secs] [Times: user=0.01 sys=0.01, real=0.00 secs] 
2014-07-16T10:24:18.015+0000: 981.024: [GC [PSYoungGen: 622944K->530K(600960K)] 753856K->131546K(1287936K), 0.0061100 secs] [Times: user=0.02 sys=0.00, real=0.00 secs] 
2014-07-16T10:24:19.320+0000: 982.328: [GC [PSYoungGen: 600914K->580K(580032K)] 731930K->131668K(1267008K), 0.0159920 secs] [Times: user=0.05 sys=0.00, real=0.02 secs] 
2014-07-16T10:24:20.543+0000: 983.551: [GC [PSYoungGen: 579972K->324K(559744K)] 711060K->131492K(1246720K), 0.0112070 secs] [Times: user=0.04 sys=0.00, real=0.02 secs] 
2014-07-16T10:24:21.742+0000: 984.751: [GC [PSYoungGen: 559684K->392K(540672K)] 690852K->131584K(1227648K), 0.0035390 secs] [Times: user=0.01 sys=0.00, real=0.01 secs] 
2014-07-16T10:24:22.909+0000: 985.917: [GC [PSYoungGen: 540616K->516K(522560K)] 671808K->131756K(1209536K), 0.0044680 secs] [Times: user=0.02 sys=0.00, real=0.01 secs] 
2014-07-16T10:24:24.110+0000: 987.118: [GC [PSYoungGen: 522449K->804K(505344K)] 653690K->132236K(1192320K), 0.0128610 secs] [Times: user=0.03 sys=0.00, real=0.01 secs] 
2014-07-16T10:24:25.138+0000: 988.147: [GC [PSYoungGen: 505316K->320K(488192K)] 636748K->131920K(1175168K), 0.0073930 secs] [Times: user=0.01 sys=0.00, real=0.01 secs] 
2014-07-16T10:24:26.190+0000: 989.198: [GC [PSYoungGen: 488192K->448K(585920K)] 619792K->132128K(1272896K), 0.0254700 secs] [Times: user=0.08 sys=0.01, real=0.03 secs] 
2014-07-16T10:24:27.467+0000: 990.475: [GC [PSYoungGen: 585917K->370K(565568K)] 717597K->132098K(1252544K), 0.0047570 secs] [Times: user=0.01 sys=0.00, real=0.00 secs] 
2014-07-16T10:24:28.686+0000: 991.694: [GC [PSYoungGen: 565554K->160K(545984K)] 697282K->131944K(1232960K), 0.0055580 secs] [Times: user=0.01 sys=0.00, real=0.00 secs] 
2014-07-16T10:24:29.892+0000: 992.901: [GC [PSYoungGen: 545952K->292K(527616K)] 677736K->132100K(1214592K), 0.0075180 secs] [Times: user=0.03 sys=0.00, real=0.01 secs] 
2014-07-16T10:24:31.023+0000: 994.031: [GC [PSYoungGen: 527588K->338K(510016K)] 659396K->132226K(1196992K), 0.0063370 secs] [Times: user=0.01 sys=0.00, real=0.01 secs] 
2014-07-16T10:24:32.127+0000: 995.135: [GC [PSYoungGen: 509970K->370K(493120K)] 641858K->132282K(1180096K), 0.0152850 secs] [Times: user=0.06 sys=0.00, real=0.01 secs] 
2014-07-16T10:24:33.192+0000: 996.201: [GC [PSYoungGen: 493106K->452K(477120K)] 625018K->132436K(1164096K), 0.0068450 secs] [Times: user=0.02 sys=0.00, real=0.01 secs] 
2014-07-16T10:24:34.301+0000: 997.310: [GC [PSYoungGen: 477060K->754K(461952K)] 609044K->132834K(1148928K), 0.0057590 secs] [Times: user=0.02 sys=0.00, real=0.01 secs] 
2014-07-16T10:24:35.236+0000: 998.244: [GC [PSYoungGen: 461938K->224K(446656K)] 594018K->132416K(1133632K), 0.0050010 secs] [Times: user=0.01 sys=0.00, real=0.00 secs] 
2014-07-16T10:24:36.207+0000: 999.216: [GC [PSYoungGen: 446624K->256K(432512K)] 578816K->132504K(1119488K), 0.0045770 secs] [Times: user=0.01 sys=0.00, real=0.00 secs] 
2014-07-16T10:24:37.182+0000: 1000.190: [GC [PSYoungGen: 432512K->320K(419072K)] 564760K->132640K(1106048K), 0.0045730 secs] [Times: user=0.01 sys=0.00, real=0.01 secs] 
2014-07-16T10:24:38.042+0000: 1001.050: [GC [PSYoungGen: 419072K->192K(406016K)] 551392K->132584K(1092992K), 0.0100870 secs] [Times: user=0.04 sys=0.00, real=0.01 secs] 
2014-07-16T10:24:38.915+0000: 1001.924: [GC [PSYoungGen: 406016K->224K(393728K)] 538408K->132632K(1080704K), 0.0052530 secs] [Times: user=0.01 sys=0.00, real=0.00 secs] 
2014-07-16T10:24:39.789+0000: 1002.797: [GC [PSYoungGen: 393696K->288K(472512K)] 526104K->132728K(1159488K), 0.0200480 secs] [Times: user=0.06 sys=0.00, real=0.02 secs] 
2014-07-16T10:24:40.810+0000: 1003.818: [GC [PSYoungGen: 472480K->160K(566848K)] 604920K->132656K(1253824K), 0.0085270 secs] [Times: user=0.03 sys=0.00, real=0.01 secs] 
2014-07-16T10:24:42.047+0000: 1005.056: [GC [PSYoungGen: 566816K->580K(680640K)] 699312K->133116K(1367616K), 0.0124870 secs] [Times: user=0.04 sys=0.00, real=0.01 secs] 
2014-07-16T10:24:43.494+0000: 1006.502: [GC [PSYoungGen: 680580K->288K(655680K)] 813116K->132896K(1342656K), 0.0038010 secs] [Times: user=0.01 sys=0.00, real=0.01 secs] 
2014-07-16T10:24:44.941+0000: 1007.950: [GC [PSYoungGen: 655648K->320K(632192K)] 788256K->133040K(1319168K), 0.0050240 secs] [Times: user=0.01 sys=0.00, real=0.01 secs] 
2014-07-16T10:24:46.305+0000: 1009.313: [GC [PSYoungGen: 632192K->768K(610240K)] 764912K->133794K(1297216K), 0.0103890 secs] [Times: user=0.01 sys=0.00, real=0.01 secs] 
2014-07-16T10:24:47.620+0000: 1010.628: [GC [PSYoungGen: 610237K->484K(588608K)] 743264K->133678K(1275584K), 0.0054290 secs] [Times: user=0.01 sys=0.00, real=0.00 secs] 
2014-07-16T10:24:48.895+0000: 1011.904: [GC [PSYoungGen: 588536K->566K(568256K)] 721730K->133880K(1255232K), 0.0244390 secs] [Times: user=0.09 sys=0.00, real=0.03 secs] 
2014-07-16T10:24:50.237+0000: 1013.246: [GC [PSYoungGen: 568246K->772K(548992K)] 701560K->134166K(1235968K), 0.0069450 secs] [Times: user=0.01 sys=0.00, real=0.00 secs] 
2014-07-16T10:24:51.392+0000: 1014.400: [GC [PSYoungGen: 548932K->324K(529920K)] 682326K->133822K(1216896K), 0.0061410 secs] [Times: user=0.01 sys=0.00, real=0.01 secs] 
2014-07-16T10:24:52.534+0000: 1015.543: [GC [PSYoungGen: 529860K->256K(512000K)] 663358K->133802K(1198976K), 0.0052090 secs] [Times: user=0.01 sys=0.00, real=0.01 secs] 
2014-07-16T10:24:53.665+0000: 1016.673: [GC [PSYoungGen: 512000K->420K(495232K)] 645546K->134054K(1182208K), 0.0162540 secs] [Times: user=0.06 sys=0.00, real=0.02 secs] 
2014-07-16T10:24:54.775+0000: 1017.783: [GC [PSYoungGen: 495204K->516K(479104K)] 628838K->134270K(1166080K), 0.0099600 secs] [Times: user=0.03 sys=0.00, real=0.01 secs] 
2014-07-16T10:24:55.814+0000: 1018.822: [GC [PSYoungGen: 479044K->320K(574592K)] 612798K->134170K(1261568K), 0.0161670 secs] [Times: user=0.05 sys=0.00, real=0.02 secs] 
2014-07-16T10:24:57.048+0000: 1020.057: [GC [PSYoungGen: 574592K->352K(554880K)] 708442K->134258K(1241856K), 0.0044690 secs] [Times: user=0.02 sys=0.00, real=0.00 secs] 
2014-07-16T10:24:58.245+0000: 1021.253: [GC [PSYoungGen: 554848K->160K(535808K)] 688754K->134114K(1222784K), 0.0066850 secs] [Times: user=0.02 sys=0.00, real=0.01 secs] 
2014-07-16T10:24:59.400+0000: 1022.408: [GC [PSYoungGen: 535776K->192K(517760K)] 669730K->134186K(1204736K), 0.0044360 secs] [Times: user=0.01 sys=0.01, real=0.00 secs] 
2014-07-16T10:25:00.574+0000: 1023.582: [GC [PSYoungGen: 517760K->374K(500736K)] 651754K->134400K(1187712K), 0.0045220 secs] [Times: user=0.01 sys=0.00, real=0.00 secs] 
2014-07-16T10:25:01.653+0000: 1024.661: [GC [PSYoungGen: 500721K->224K(484096K)] 634747K->134314K(1171072K), 0.0107410 secs] [Times: user=0.04 sys=0.00, real=0.01 secs] 
2014-07-16T10:25:02.693+0000: 1025.701: [GC [PSYoungGen: 484056K->388K(468544K)] 618147K->134526K(1155520K), 0.0035650 secs] [Times: user=0.01 sys=0.00, real=0.00 secs] 
2014-07-16T10:25:03.709+0000: 1026.717: [GC [PSYoungGen: 468484K->530K(453632K)] 602622K->134756K(1140608K), 0.0071040 secs] [Times: user=0.01 sys=0.00, real=0.01 secs] 
2014-07-16T10:25:04.795+0000: 1027.804: [GC [PSYoungGen: 453586K->818K(439488K)] 587812K->135332K(1126464K), 0.0070400 secs] [Times: user=0.01 sys=0.00, real=0.01 secs] 
2014-07-16T10:25:05.682+0000: 1028.691: [GC [PSYoungGen: 439474K->306K(425216K)] 573988K->134996K(1112192K), 0.0044560 secs] [Times: user=0.01 sys=0.00, real=0.00 secs] 
2014-07-16T10:25:06.592+0000: 1029.600: [GC [PSYoungGen: 425202K->370K(412096K)] 559892K->135180K(1099072K), 0.0040560 secs] [Times: user=0.01 sys=0.00, real=0.00 secs] 
2014-07-16T10:25:07.485+0000: 1030.493: [GC [PSYoungGen: 412081K->626K(399744K)] 546892K->135484K(1086720K), 0.0035900 secs] [Times: user=0.01 sys=0.00, real=0.00 secs] 
2014-07-16T10:25:08.360+0000: 1031.368: [GC [PSYoungGen: 399730K->420K(387456K)] 534588K->135326K(1074432K), 0.0141500 secs] [Times: user=0.05 sys=0.00, real=0.01 secs] 
2014-07-16T10:25:09.189+0000: 1032.198: [GC [PSYoungGen: 387428K->452K(375936K)] 522334K->135446K(1062912K), 0.0071660 secs] [Times: user=0.02 sys=0.01, real=0.01 secs] 
2014-07-16T10:25:09.999+0000: 1033.007: [GC [PSYoungGen: 375875K->192K(364544K)] 510869K->135218K(1051520K), 0.0085510 secs] [Times: user=0.03 sys=0.01, real=0.01 secs] 
2014-07-16T10:25:10.776+0000: 1033.785: [GC [PSYoungGen: 364542K->224K(353984K)] 499569K->135306K(1040960K), 0.0078190 secs] [Times: user=0.03 sys=0.00, real=0.01 secs] 
2014-07-16T10:25:11.540+0000: 1034.548: [GC [PSYoungGen: 353952K->420K(424960K)] 489034K->135534K(1111936K), 0.0110280 secs] [Times: user=0.04 sys=0.00, real=0.02 secs] 
2014-07-16T10:25:12.446+0000: 1035.455: [GC [PSYoungGen: 424932K->338K(509824K)] 560046K->135508K(1196800K), 0.0109610 secs] [Times: user=0.04 sys=0.00, real=0.01 secs] 
2014-07-16T10:25:13.545+0000: 1036.554: [GC [PSYoungGen: 509778K->306K(492864K)] 644948K->135516K(1179840K), 0.0041500 secs] [Times: user=0.01 sys=0.00, real=0.00 secs] 
2014-07-16T10:25:14.599+0000: 1037.608: [GC [PSYoungGen: 492850K->192K(476608K)] 628060K->135490K(1163584K), 0.0042560 secs] [Times: user=0.01 sys=0.00, real=0.01 secs] 
2014-07-16T10:25:15.646+0000: 1038.654: [GC [PSYoungGen: 476608K->384K(461376K)] 611906K->135754K(1148352K), 0.0082310 secs] [Times: user=0.03 sys=0.00, real=0.01 secs] 
2014-07-16T10:25:16.648+0000: 1039.657: [GC [PSYoungGen: 461376K->740K(446976K)] 596746K->136246K(1133952K), 0.0065000 secs] [Times: user=0.01 sys=0.00, real=0.01 secs] 
2014-07-16T10:25:17.602+0000: 1040.610: [GC [PSYoungGen: 446948K->192K(432320K)] 582454K->135746K(1119296K), 0.0087020 secs] [Times: user=0.03 sys=0.00, real=0.00 secs] 
2014-07-16T10:25:18.583+0000: 1041.591: [GC [PSYoungGen: 432320K->384K(419008K)] 567874K->135978K(1105984K), 0.0104900 secs] [Times: user=0.04 sys=0.00, real=0.01 secs] 
2014-07-16T10:25:19.494+0000: 1042.503: [GC [PSYoungGen: 419008K->402K(406144K)] 554602K->136068K(1093120K), 0.0064140 secs] [Times: user=0.01 sys=0.00, real=0.00 secs] 
2014-07-16T10:25:20.371+0000: 1043.380: [GC [PSYoungGen: 406061K->292K(393664K)] 541727K->135982K(1080640K), 0.0039270 secs] [Times: user=0.01 sys=0.00, real=0.01 secs] 
2014-07-16T10:25:21.219+0000: 1044.228: [GC [PSYoungGen: 393636K->256K(381760K)] 529326K->135962K(1068736K), 0.0038900 secs] [Times: user=0.01 sys=0.00, real=0.01 secs] 
2014-07-16T10:25:22.055+0000: 1045.063: [GC [PSYoungGen: 381760K->640K(370816K)] 517466K->136370K(1057792K), 0.0043440 secs] [Times: user=0.02 sys=0.00, real=0.00 secs] 
2014-07-16T10:25:22.827+0000: 1045.836: [GC [PSYoungGen: 370816K->224K(359552K)] 506546K->136026K(1046528K), 0.0081520 secs] [Times: user=0.02 sys=0.00, real=0.01 secs] 
2014-07-16T10:25:23.600+0000: 1046.609: [GC [PSYoungGen: 359520K->256K(349120K)] 495322K->136114K(1036096K), 0.0055190 secs] [Times: user=0.02 sys=0.00, real=0.01 secs] 
2014-07-16T10:25:24.377+0000: 1047.385: [GC [PSYoungGen: 349120K->754K(339648K)] 484978K->136668K(1026624K), 0.0050270 secs] [Times: user=0.02 sys=0.00, real=0.00 secs] 
2014-07-16T10:25:25.301+0000: 1048.309: [GC [PSYoungGen: 339634K->676K(329984K)] 475548K->136838K(1016960K), 0.0059310 secs] [Times: user=0.02 sys=0.00, real=0.01 secs] 
2014-07-16T10:25:26.001+0000: 1049.010: [GC [PSYoungGen: 329956K->466K(320576K)] 466118K->136772K(1007552K), 0.0139780 secs] [Times: user=0.04 sys=0.00, real=0.02 secs] 
2014-07-16T10:25:26.694+0000: 1049.703: [GC [PSYoungGen: 320474K->192K(311424K)] 456781K->136594K(998400K), 0.0059190 secs] [Times: user=0.01 sys=0.00, real=0.00 secs] 
2014-07-16T10:25:27.377+0000: 1050.386: [GC [PSYoungGen: 311424K->434K(303168K)] 447826K->136876K(990144K), 0.0044730 secs] [Times: user=0.01 sys=0.00, real=0.00 secs] 
2014-07-16T10:25:28.043+0000: 1051.052: [GC [PSYoungGen: 303154K->534K(295168K)] 439596K->136992K(982144K), 0.0048620 secs] [Times: user=0.01 sys=0.00, real=0.00 secs] 
2014-07-16T10:25:28.704+0000: 1051.713: [GC [PSYoungGen: 295126K->616K(287424K)] 431584K->137114K(974400K), 0.0047880 secs] [Times: user=0.01 sys=0.00, real=0.00 secs] 
2014-07-16T10:25:29.349+0000: 1052.358: [GC [PSYoungGen: 287400K->466K(344704K)] 423898K->137012K(1031680K), 0.0164240 secs] [Times: user=0.06 sys=0.00, real=0.02 secs] 
2014-07-16T10:25:30.159+0000: 1053.167: [GC [PSYoungGen: 344650K->868K(413952K)] 481197K->137702K(1100928K), 0.0098310 secs] [Times: user=0.02 sys=0.00, real=0.01 secs] 
2014-07-16T10:25:31.030+0000: 1054.038: [GC [PSYoungGen: 413873K->288K(496000K)] 550707K->137170K(1182976K), 0.0086890 secs] [Times: user=0.02 sys=0.00, real=0.01 secs] 
2014-07-16T10:25:32.125+0000: 1055.133: [GC [PSYoungGen: 495964K->256K(595072K)] 632846K->137226K(1282048K), 0.0151640 secs] [Times: user=0.06 sys=0.00, real=0.01 secs] 
2014-07-16T10:25:33.395+0000: 1056.404: [GC [PSYoungGen: 595072K->352K(714176K)] 732042K->137410K(1401152K), 0.0093280 secs] [Times: user=0.03 sys=0.00, real=0.01 secs] 
2014-07-16T10:25:34.947+0000: 1057.955: [GC [PSYoungGen: 714051K->448K(688064K)] 851110K->137666K(1375040K), 0.0080840 secs] [Times: user=0.01 sys=0.00, real=0.01 secs] 
2014-07-16T10:25:36.479+0000: 1059.487: [GC [PSYoungGen: 688064K->256K(662912K)] 825282K->137570K(1349888K), 0.0053740 secs] [Times: user=0.02 sys=0.00, real=0.01 secs] 
2014-07-16T10:25:37.907+0000: 1060.916: [GC [PSYoungGen: 662912K->256K(639104K)] 800226K->137666K(1326080K), 0.0065030 secs] [Times: user=0.01 sys=0.00, real=0.00 secs] 
2014-07-16T10:25:39.301+0000: 1062.310: [GC [PSYoungGen: 639104K->256K(616384K)] 776514K->137714K(1303360K), 0.0149670 secs] [Times: user=0.06 sys=0.01, real=0.02 secs] 
2014-07-16T10:25:40.696+0000: 1063.704: [GC [PSYoungGen: 616377K->370K(594816K)] 753836K->137884K(1281792K), 0.0050380 secs] [Times: user=0.01 sys=0.00, real=0.00 secs] 
2014-07-16T10:25:41.966+0000: 1064.974: [GC [PSYoungGen: 594747K->438K(574208K)] 732262K->138032K(1261184K), 0.0078950 secs] [Times: user=0.02 sys=0.00, real=0.00 secs] 
2014-07-16T10:25:43.207+0000: 1066.215: [GC [PSYoungGen: 574198K->484K(554496K)] 711792K->138174K(1241472K), 0.0249850 secs] [Times: user=0.08 sys=0.00, real=0.02 secs] 
2014-07-16T10:25:44.396+0000: 1067.405: [GC [PSYoungGen: 554468K->484K(535616K)] 692158K->138278K(1222592K), 0.0082750 secs] [Times: user=0.03 sys=0.00, real=0.00 secs] 
2014-07-16T10:25:45.652+0000: 1068.661: [GC [PSYoungGen: 535512K->384K(642560K)] 673307K->138258K(1329536K), 0.0251530 secs] [Times: user=0.09 sys=0.00, real=0.03 secs] 
2014-07-16T10:25:47.043+0000: 1070.051: [GC [PSYoungGen: 642560K->352K(619648K)] 780434K->138354K(1306624K), 0.0060240 secs] [Times: user=0.02 sys=0.01, real=0.01 secs] 
2014-07-16T10:25:48.395+0000: 1071.403: [GC [PSYoungGen: 619616K->356K(597824K)] 757618K->138438K(1284800K), 0.0033400 secs] [Times: user=0.01 sys=0.00, real=0.01 secs] 
2014-07-16T10:25:49.682+0000: 1072.690: [GC [PSYoungGen: 597796K->224K(576832K)] 735878K->138402K(1263808K), 0.0059480 secs] [Times: user=0.02 sys=0.00, real=0.01 secs] 
2014-07-16T10:25:51.039+0000: 1074.047: [GC [PSYoungGen: 576800K->498K(557184K)] 714978K->138740K(1244160K), 0.0090430 secs] [Times: user=0.03 sys=0.00, real=0.01 secs] 
2014-07-16T10:25:52.234+0000: 1075.242: [GC [PSYoungGen: 557170K->580K(538304K)] 695412K->138902K(1225280K), 0.0203220 secs] [Times: user=0.07 sys=0.00, real=0.02 secs] 
2014-07-16T10:25:53.397+0000: 1076.406: [GC [PSYoungGen: 538244K->630K(520192K)] 676566K->139064K(1207168K), 0.0079410 secs] [Times: user=0.01 sys=0.00, real=0.00 secs] 
2014-07-16T10:25:54.505+0000: 1077.514: [GC [PSYoungGen: 520182K->306K(623808K)] 658616K->138884K(1310784K), 0.0165360 secs] [Times: user=0.06 sys=0.00, real=0.02 secs] 
2014-07-16T10:25:55.920+0000: 1078.928: [GC [PSYoungGen: 623794K->352K(601856K)] 762372K->139026K(1288832K), 0.0069240 secs] [Times: user=0.01 sys=0.01, real=0.00 secs] 
2014-07-16T10:25:57.224+0000: 1080.232: [GC [PSYoungGen: 601824K->320K(580800K)] 740498K->139114K(1267776K), 0.0045970 secs] [Times: user=0.02 sys=0.00, real=0.01 secs] 
2014-07-16T10:25:58.488+0000: 1081.497: [GC [PSYoungGen: 580796K->452K(560896K)] 719591K->139286K(1247872K), 0.0104490 secs] [Times: user=0.04 sys=0.00, real=0.01 secs] 
2014-07-16T10:25:59.752+0000: 1082.761: [GC [PSYoungGen: 560836K->516K(541824K)] 699670K->139430K(1228800K), 0.0061690 secs] [Times: user=0.02 sys=0.00, real=0.01 secs] 
2014-07-16T10:26:00.962+0000: 1083.970: [GC [PSYoungGen: 541764K->192K(523136K)] 680678K->139170K(1210112K), 0.0053530 secs] [Times: user=0.01 sys=0.00, real=0.00 secs] 
2014-07-16T10:26:02.090+0000: 1085.099: [GC [PSYoungGen: 523136K->338K(505856K)] 662114K->139420K(1192832K), 0.0190540 secs] [Times: user=0.06 sys=0.00, real=0.02 secs] 
2014-07-16T10:26:03.177+0000: 1086.185: [GC [PSYoungGen: 505810K->452K(489280K)] 644892K->139622K(1176256K), 0.0058370 secs] [Times: user=0.02 sys=0.00, real=0.01 secs] 
2014-07-16T10:26:04.220+0000: 1087.228: [GC [PSYoungGen: 489220K->384K(586944K)] 628390K->139642K(1273920K), 0.0226170 secs] [Times: user=0.07 sys=0.00, real=0.02 secs] 
2014-07-16T10:26:05.481+0000: 1088.490: [GC [PSYoungGen: 586944K->338K(704256K)] 726202K->139668K(1391232K), 0.0112030 secs] [Times: user=0.04 sys=0.00, real=0.01 secs] 
2014-07-16T10:26:07.030+0000: 1090.038: [GC [PSYoungGen: 704189K->384K(678528K)] 843519K->139778K(1365504K), 0.0054890 secs] [Times: user=0.02 sys=0.00, real=0.00 secs] 
2014-07-16T10:26:08.485+0000: 1091.493: [GC [PSYoungGen: 678492K->292K(653952K)] 817887K->139798K(1340928K), 0.0046240 secs] [Times: user=0.01 sys=0.00, real=0.01 secs] 
2014-07-16T10:26:09.929+0000: 1092.938: [GC [PSYoungGen: 653887K->616K(630848K)] 793393K->140682K(1317824K), 0.0086820 secs] [Times: user=0.01 sys=0.00, real=0.00 secs] 
2014-07-16T10:26:11.292+0000: 1094.300: [GC [PSYoungGen: 630819K->448K(608320K)] 770886K->140586K(1295296K), 0.0126780 secs] [Times: user=0.04 sys=0.00, real=0.01 secs] 
2014-07-16T10:26:12.581+0000: 1095.589: [GC [PSYoungGen: 608221K->570K(587136K)] 748360K->140932K(1274112K), 0.0070780 secs] [Times: user=0.02 sys=0.00, real=0.00 secs] 
2014-07-16T10:26:13.846+0000: 1096.855: [GC [PSYoungGen: 587130K->224K(566464K)] 727492K->140690K(1253440K), 0.0125670 secs] [Times: user=0.05 sys=0.00, real=0.01 secs] 
2014-07-16T10:26:15.071+0000: 1098.079: [GC [PSYoungGen: 566432K->868K(547712K)] 706898K->141438K(1234688K), 0.0083010 secs] [Times: user=0.02 sys=0.01, real=0.00 secs] 
2014-07-16T10:26:16.268+0000: 1099.276: [GC [PSYoungGen: 547684K->566K(528832K)] 688254K->141184K(1215808K), 0.0049630 secs] [Times: user=0.01 sys=0.00, real=0.01 secs] 
2014-07-16T10:26:17.399+0000: 1100.407: [GC [PSYoungGen: 528822K->288K(510848K)] 669440K->141010K(1197824K), 0.0064260 secs] [Times: user=0.01 sys=0.00, real=0.01 secs] 
2014-07-16T10:26:18.495+0000: 1101.503: [GC [PSYoungGen: 510816K->274K(493888K)] 651538K->141044K(1180864K), 0.0054390 secs] [Times: user=0.01 sys=0.00, real=0.00 secs] 
2014-07-16T10:26:19.583+0000: 1102.591: [GC [PSYoungGen: 493829K->416K(592768K)] 634599K->141234K(1279744K), 0.0298590 secs] [Times: user=0.11 sys=0.00, real=0.03 secs] 
2014-07-16T10:26:21.025+0000: 1104.034: [GC [PSYoungGen: 592736K->950K(572672K)] 733554K->142088K(1259648K), 0.0078670 secs] [Times: user=0.02 sys=0.00, real=0.01 secs] 
2014-07-16T10:26:22.140+0000: 1105.148: [GC [PSYoungGen: 572662K->466K(686592K)] 713800K->141732K(1373568K), 0.0224130 secs] [Times: user=0.08 sys=0.01, real=0.03 secs] 
2014-07-16T10:26:23.633+0000: 1106.642: [GC [PSYoungGen: 686546K->320K(823616K)] 827812K->141738K(1510592K), 0.0080560 secs] [Times: user=0.03 sys=0.00, real=0.01 secs] 
2014-07-16T10:26:25.409+0000: 1108.417: [GC [PSYoungGen: 823616K->466K(792512K)] 965034K->142020K(1479488K), 0.0137320 secs] [Times: user=0.05 sys=0.01, real=0.02 secs] 
2014-07-16T10:26:27.127+0000: 1110.135: [GC [PSYoungGen: 792466K->352K(762560K)] 934020K->142034K(1449536K), 0.0082360 secs] [Times: user=0.03 sys=0.00, real=0.01 secs] 
2014-07-16T10:26:28.776+0000: 1111.785: [GC [PSYoungGen: 762528K->274K(734080K)] 904210K->142044K(1421056K), 0.0165380 secs] [Times: user=0.05 sys=0.00, real=0.02 secs] 
2014-07-16T10:26:30.375+0000: 1113.383: [GC [PSYoungGen: 734010K->516K(707200K)] 875781K->142358K(1394176K), 0.0108540 secs] [Times: user=0.04 sys=0.01, real=0.01 secs] 
2014-07-16T10:26:31.948+0000: 1114.957: [GC [PSYoungGen: 707053K->598K(681408K)] 848896K->142504K(1368384K), 0.0107980 secs] [Times: user=0.04 sys=0.00, real=0.01 secs] 
2014-07-16T10:26:33.402+0000: 1116.411: [GC [PSYoungGen: 681366K->288K(656448K)] 823272K->142346K(1343424K), 0.0110880 secs] [Times: user=0.04 sys=0.00, real=0.02 secs] 
2014-07-16T10:26:34.850+0000: 1117.858: [GC [PSYoungGen: 656416K->434K(633024K)] 798474K->142612K(1320000K), 0.0056380 secs] [Times: user=0.01 sys=0.00, real=0.01 secs] 
2014-07-16T10:26:36.291+0000: 1119.299: [GC [PSYoungGen: 633010K->466K(610624K)] 775188K->142764K(1297600K), 0.0052220 secs] [Times: user=0.01 sys=0.00, real=0.01 secs] 
2014-07-16T10:26:37.563+0000: 1120.571: [GC [PSYoungGen: 610578K->388K(589120K)] 752876K->142782K(1276096K), 0.0035790 secs] [Times: user=0.01 sys=0.00, real=0.01 secs] 
2014-07-16T10:26:38.835+0000: 1121.844: [GC [PSYoungGen: 589060K->192K(568448K)] 731454K->142634K(1255424K), 0.0047490 secs] [Times: user=0.01 sys=0.00, real=0.00 secs] 
2014-07-16T10:26:40.066+0000: 1123.074: [GC [PSYoungGen: 568354K->356K(549120K)] 710797K->142830K(1236096K), 0.0097090 secs] [Times: user=0.03 sys=0.00, real=0.01 secs] 
2014-07-16T10:26:41.352+0000: 1124.360: [GC [PSYoungGen: 549092K->832K(530944K)] 691566K->143418K(1217920K), 0.0082120 secs] [Times: user=0.02 sys=0.00, real=0.01 secs] 
2014-07-16T10:26:42.485+0000: 1125.493: [GC [PSYoungGen: 530942K->256K(512576K)] 673528K->142930K(1199552K), 0.0062560 secs] [Times: user=0.01 sys=0.00, real=0.00 secs] 
2014-07-16T10:26:43.593+0000: 1126.602: [GC [PSYoungGen: 512576K->466K(495808K)] 655250K->143284K(1182784K), 0.0172080 secs] [Times: user=0.06 sys=0.00, real=0.02 secs] 
2014-07-16T10:26:44.665+0000: 1127.673: [GC [PSYoungGen: 495762K->160K(479232K)] 638580K->143058K(1166208K), 0.0131050 secs] [Times: user=0.05 sys=0.00, real=0.01 secs] 
2014-07-16T10:26:45.708+0000: 1128.716: [GC [PSYoungGen: 479200K->256K(463744K)] 622098K->143218K(1150720K), 0.0086190 secs] [Times: user=0.03 sys=0.00, real=0.01 secs] 
2014-07-16T10:26:46.725+0000: 1129.733: [GC [PSYoungGen: 463653K->392K(449088K)] 606616K->143394K(1136064K), 0.0070220 secs] [Times: user=0.01 sys=0.00, real=0.01 secs] 
2014-07-16T10:26:47.706+0000: 1130.715: [GC [PSYoungGen: 449032K->338K(434816K)] 592034K->143412K(1121792K), 0.0050940 secs] [Times: user=0.01 sys=0.00, real=0.00 secs] 
2014-07-16T10:26:48.637+0000: 1131.645: [GC [PSYoungGen: 434770K->484K(421312K)] 577844K->143598K(1108288K), 0.0049290 secs] [Times: user=0.01 sys=0.00, real=0.00 secs] 
2014-07-16T10:26:49.539+0000: 1132.548: [GC [PSYoungGen: 421284K->242K(408064K)] 564398K->143396K(1095040K), 0.0088240 secs] [Times: user=0.03 sys=0.00, real=0.01 secs] 
2014-07-16T10:26:50.423+0000: 1133.432: [GC [PSYoungGen: 408050K->288K(395648K)] 551204K->143458K(1082624K), 0.0062510 secs] [Times: user=0.01 sys=0.00, real=0.01 secs] 
2014-07-16T10:26:51.388+0000: 1134.396: [GC [PSYoungGen: 395616K->818K(384256K)] 538786K->144316K(1071232K), 0.0064440 secs] [Times: user=0.01 sys=0.00, real=0.00 secs] 
2014-07-16T10:26:52.202+0000: 1135.211: [GC [PSYoungGen: 384242K->544K(372544K)] 527740K->144082K(1059520K), 0.0151920 secs] [Times: user=0.05 sys=0.00, real=0.02 secs] 
2014-07-16T10:26:52.984+0000: 1135.992: [GC [PSYoungGen: 372512K->338K(361408K)] 516050K->144060K(1048384K), 0.0073850 secs] [Times: user=0.03 sys=0.00, real=0.01 secs] 
2014-07-16T10:26:53.763+0000: 1136.771: [GC [PSYoungGen: 361352K->274K(433600K)] 505075K->144068K(1120576K), 0.0089020 secs] [Times: user=0.03 sys=0.00, real=0.01 secs] 
2014-07-16T10:26:54.697+0000: 1137.706: [GC [PSYoungGen: 433552K->128K(419840K)] 577346K->143970K(1106816K), 0.0044470 secs] [Times: user=0.01 sys=0.00, real=0.00 secs] 
2014-07-16T10:26:55.612+0000: 1138.620: [GC [PSYoungGen: 419815K->548K(504256K)] 563658K->144454K(1191232K), 0.0187070 secs] [Times: user=0.06 sys=0.00, real=0.02 secs] 
2014-07-16T10:26:56.765+0000: 1139.773: [GC [PSYoungGen: 504228K->402K(604864K)] 648134K->144372K(1291840K), 0.0127560 secs] [Times: user=0.05 sys=0.00, real=0.02 secs] 
2014-07-16T10:26:58.059+0000: 1141.068: [GC [PSYoungGen: 604719K->452K(725824K)] 748690K->144526K(1412800K), 0.0280390 secs] [Times: user=0.10 sys=0.00, real=0.03 secs] 
2014-07-16T10:26:59.622+0000: 1142.630: [GC [PSYoungGen: 725762K->384K(870784K)] 869836K->144506K(1557760K), 0.0190140 secs] [Times: user=0.06 sys=0.00, real=0.02 secs] 
2014-07-16T10:27:01.577+0000: 1144.585: [GC [PSYoungGen: 870784K->804K(1045312K)] 1014906K->145342K(1732288K), 0.0056590 secs] [Times: user=0.02 sys=0.00, real=0.01 secs] 
2014-07-16T10:27:03.828+0000: 1146.837: [GC [PSYoungGen: 1045234K->1060K(1003712K)] 1189772K->145710K(1690688K), 0.0082670 secs] [Times: user=0.02 sys=0.00, real=0.00 secs] 
2014-07-16T10:27:05.988+0000: 1148.996: [GC [PSYoungGen: 1003684K->292K(963072K)] 1148334K->145406K(1650048K), 0.0204070 secs] [Times: user=0.08 sys=0.00, real=0.03 secs] 
2014-07-16T10:27:08.116+0000: 1151.125: [GC [PSYoungGen: 963044K->562K(925376K)] 1108158K->145820K(1612352K), 0.0213320 secs] [Times: user=0.08 sys=0.00, real=0.02 secs] 
2014-07-16T10:27:10.112+0000: 1153.120: [GC [PSYoungGen: 925362K->288K(888960K)] 1070620K->145698K(1575936K), 0.0039880 secs] [Times: user=0.01 sys=0.00, real=0.00 secs] 
2014-07-16T10:27:12.102+0000: 1155.110: [GC [PSYoungGen: 888928K->562K(854784K)] 1034338K->146052K(1541760K), 0.0076150 secs] [Times: user=0.02 sys=0.00, real=0.01 secs] 
2014-07-16T10:27:13.952+0000: 1156.961: [GC [PSYoungGen: 854770K->384K(821824K)] 1000260K->146042K(1508800K), 0.0230170 secs] [Times: user=0.08 sys=0.00, real=0.02 secs] 
2014-07-16T10:27:15.726+0000: 1158.735: [GC [PSYoungGen: 821824K->224K(790464K)] 967482K->146066K(1477440K), 0.0039290 secs] [Times: user=0.02 sys=0.00, real=0.01 secs] 
2014-07-16T10:27:17.421+0000: 1160.429: [GC [PSYoungGen: 790424K->256K(760704K)] 936266K->146170K(1447680K), 0.0084270 secs] [Times: user=0.02 sys=0.00, real=0.00 secs] 
2014-07-16T10:27:19.063+0000: 1162.071: [GC [PSYoungGen: 760704K->648K(732800K)] 906618K->146650K(1419776K), 0.0049890 secs] [Times: user=0.01 sys=0.00, real=0.00 secs] 
2014-07-16T10:27:20.656+0000: 1163.664: [GC [PSYoungGen: 732741K->502K(705536K)] 878744K->146552K(1392512K), 0.0224490 secs] [Times: user=0.08 sys=0.00, real=0.02 secs] 
2014-07-16T10:27:22.213+0000: 1165.222: [GC [PSYoungGen: 705526K->448K(679680K)] 851576K->146562K(1366656K), 0.0129960 secs] [Times: user=0.04 sys=0.00, real=0.01 secs] 
2014-07-16T10:27:23.705+0000: 1166.714: [GC [PSYoungGen: 679680K->320K(654976K)] 825794K->146570K(1341952K), 0.0150160 secs] [Times: user=0.05 sys=0.00, real=0.01 secs] 
2014-07-16T10:27:25.127+0000: 1168.136: [GC [PSYoungGen: 654974K->256K(631488K)] 801225K->146706K(1318464K), 0.0099930 secs] [Times: user=0.03 sys=0.00, real=0.01 secs] 
2014-07-16T10:27:26.490+0000: 1169.499: [GC [PSYoungGen: 631408K->192K(609024K)] 777859K->146714K(1296000K), 0.0135640 secs] [Times: user=0.05 sys=0.00, real=0.02 secs] 
2014-07-16T10:27:27.805+0000: 1170.813: [GC [PSYoungGen: 609024K->288K(587776K)] 755546K->146850K(1274752K), 0.0066890 secs] [Times: user=0.01 sys=0.00, real=0.01 secs] 
2014-07-16T10:27:29.071+0000: 1172.079: [GC [PSYoungGen: 587744K->242K(567360K)] 734306K->146828K(1254336K), 0.0121630 secs] [Times: user=0.04 sys=0.00, real=0.02 secs] 
2014-07-16T10:27:30.303+0000: 1173.312: [GC [PSYoungGen: 567346K->608K(548288K)] 713932K->147242K(1235264K), 0.0064420 secs] [Times: user=0.01 sys=0.01, real=0.00 secs] 
2014-07-16T10:27:31.471+0000: 1174.479: [GC [PSYoungGen: 548256K->498K(529600K)] 694890K->147204K(1216576K), 0.0062080 secs] [Times: user=0.02 sys=0.00, real=0.01 secs] 
2014-07-16T10:27:32.766+0000: 1175.774: [GC [PSYoungGen: 529586K->612K(512000K)] 676292K->147366K(1198976K), 0.0194890 secs] [Times: user=0.08 sys=0.00, real=0.02 secs] 
2014-07-16T10:27:33.932+0000: 1176.941: [GC [PSYoungGen: 511972K->544K(494976K)] 658726K->147474K(1181952K), 0.0047790 secs] [Times: user=0.01 sys=0.00, real=0.00 secs] 
2014-07-16T10:27:35.038+0000: 1178.046: [GC [PSYoungGen: 494944K->466K(478720K)] 641874K->147540K(1165696K), 0.0087340 secs] [Times: user=0.03 sys=0.01, real=0.01 secs] 
2014-07-16T10:27:36.060+0000: 1179.068: [GC [PSYoungGen: 478642K->570K(463296K)] 625717K->147724K(1150272K), 0.0046890 secs] [Times: user=0.01 sys=0.01, real=0.01 secs] 
2014-07-16T10:27:37.139+0000: 1180.148: [GC [PSYoungGen: 463290K->872K(448768K)] 610444K->148498K(1135744K), 0.0077370 secs] [Times: user=0.02 sys=0.00, real=0.01 secs] 
2014-07-16T10:27:38.032+0000: 1181.041: [GC [PSYoungGen: 448744K->288K(433984K)] 596370K->147978K(1120960K), 0.0036340 secs] [Times: user=0.01 sys=0.00, real=0.01 secs] 
2014-07-16T10:27:38.966+0000: 1181.974: [GC [PSYoungGen: 433903K->292K(420416K)] 581594K->148118K(1107392K), 0.0065960 secs] [Times: user=0.00 sys=0.00, real=0.00 secs] 
2014-07-16T10:27:39.892+0000: 1182.900: [GC [PSYoungGen: 420382K->224K(407360K)] 568209K->148074K(1094336K), 0.0065850 secs] [Times: user=0.01 sys=0.00, real=0.01 secs] 
2014-07-16T10:27:40.767+0000: 1183.775: [GC [PSYoungGen: 407328K->484K(395200K)] 555178K->148382K(1082176K), 0.0065740 secs] [Times: user=0.01 sys=0.00, real=0.01 secs] 
2014-07-16T10:27:41.614+0000: 1184.622: [GC [PSYoungGen: 395172K->384K(383168K)] 543070K->148306K(1070144K), 0.0044390 secs] [Times: user=0.02 sys=0.00, real=0.00 secs] 
2014-07-16T10:27:42.491+0000: 1185.499: [GC [PSYoungGen: 383168K->384K(371776K)] 531090K->148386K(1058752K), 0.0185860 secs] [Times: user=0.07 sys=0.00, real=0.02 secs] 
2014-07-16T10:27:43.289+0000: 1186.298: [GC [PSYoungGen: 371776K->694K(446400K)] 519778K->148848K(1133376K), 0.0230180 secs] [Times: user=0.08 sys=0.00, real=0.02 secs] 
2014-07-16T10:27:44.273+0000: 1187.282: [GC [PSYoungGen: 446372K->388K(535296K)] 594527K->148622K(1222272K), 0.0055240 secs] [Times: user=0.02 sys=0.00, real=0.01 secs] 
2014-07-16T10:27:45.412+0000: 1188.421: [GC [PSYoungGen: 535210K->566K(642432K)] 683445K->148928K(1329408K), 0.0207800 secs] [Times: user=0.07 sys=0.00, real=0.02 secs] 
2014-07-16T10:27:46.803+0000: 1189.812: [GC [PSYoungGen: 642422K->288K(770560K)] 790784K->148698K(1457536K), 0.0121320 secs] [Times: user=0.04 sys=0.00, real=0.02 secs] 
2014-07-16T10:27:48.484+0000: 1191.493: [GC [PSYoungGen: 770528K->324K(924672K)] 918938K->148774K(1611648K), 0.0149320 secs] [Times: user=0.05 sys=0.00, real=0.01 secs] 
2014-07-16T10:27:50.487+0000: 1193.496: [GC [PSYoungGen: 924612K->306K(888512K)] 1073062K->148828K(1575488K), 0.0046300 secs] [Times: user=0.01 sys=0.00, real=0.00 secs] 
2014-07-16T10:27:52.513+0000: 1195.521: [GC [PSYoungGen: 888498K->882K(854720K)] 1037020K->149468K(1541696K), 0.0049270 secs] [Times: user=0.01 sys=0.00, real=0.01 secs] 
2014-07-16T10:27:54.343+0000: 1197.352: [GC [PSYoungGen: 854662K->498K(821568K)] 1003249K->149252K(1508544K), 0.0082640 secs] [Times: user=0.02 sys=0.00, real=0.01 secs] 
2014-07-16T10:27:56.135+0000: 1199.144: [GC [PSYoungGen: 821554K->402K(790272K)] 970308K->149348K(1477248K), 0.0175440 secs] [Times: user=0.06 sys=0.00, real=0.01 secs] 
2014-07-16T10:27:57.891+0000: 1200.900: [GC [PSYoungGen: 790226K->306K(760384K)] 939172K->149332K(1447360K), 0.0053180 secs] [Times: user=0.01 sys=0.00, real=0.01 secs] 
2014-07-16T10:27:59.525+0000: 1202.534: [GC [PSYoungGen: 760362K->352K(732096K)] 909389K->149442K(1419072K), 0.0137280 secs] [Times: user=0.05 sys=0.01, real=0.02 secs] 
2014-07-16T10:28:01.127+0000: 1204.135: [GC [PSYoungGen: 732064K->960K(705664K)] 881154K->150146K(1392640K), 0.0061440 secs] [Times: user=0.02 sys=0.00, real=0.00 secs] 
2014-07-16T10:28:02.724+0000: 1205.732: [GC [PSYoungGen: 705662K->640K(679552K)] 854849K->150282K(1366528K), 0.0205430 secs] [Times: user=0.08 sys=0.00, real=0.02 secs] 
2014-07-16T10:28:04.161+0000: 1207.169: [GC [PSYoungGen: 679552K->562K(654912K)] 829194K->150404K(1341888K), 0.0158100 secs] [Times: user=0.05 sys=0.00, real=0.01 secs] 
2014-07-16T10:28:05.580+0000: 1208.589: [GC [PSYoungGen: 654898K->548K(785792K)] 804740K->150614K(1472768K), 0.0326490 secs] [Times: user=0.12 sys=0.00, real=0.03 secs] 
2014-07-16T10:28:07.280+0000: 1210.288: [GC [PSYoungGen: 785764K->306K(756032K)] 935830K->150452K(1443008K), 0.0048580 secs] [Times: user=0.01 sys=0.00, real=0.00 secs] 
2014-07-16T10:28:08.949+0000: 1211.957: [GC [PSYoungGen: 756018K->324K(727936K)] 906164K->150534K(1414912K), 0.0080510 secs] [Times: user=0.03 sys=0.00, real=0.01 secs] 
2014-07-16T10:28:10.514+0000: 1213.522: [GC [PSYoungGen: 727876K->352K(873472K)] 878086K->150666K(1560448K), 0.0248510 secs] [Times: user=0.09 sys=0.00, real=0.03 secs] 
2014-07-16T10:28:12.433+0000: 1215.442: [GC [PSYoungGen: 873440K->740K(840192K)] 1023754K->151102K(1527168K), 0.0047480 secs] [Times: user=0.01 sys=0.00, real=0.01 secs] 
2014-07-16T10:28:14.253+0000: 1217.261: [GC [PSYoungGen: 840164K->530K(807936K)] 990526K->150996K(1494912K), 0.0053990 secs] [Times: user=0.01 sys=0.00, real=0.01 secs] 
2014-07-16T10:28:16.087+0000: 1219.095: [GC [PSYoungGen: 807890K->512K(777280K)] 958356K->151154K(1464256K), 0.0097400 secs] [Times: user=0.02 sys=0.00, real=0.01 secs] 
2014-07-16T10:28:17.826+0000: 1220.835: [GC [PSYoungGen: 777280K->1010K(748672K)] 927922K->151780K(1435648K), 0.0053490 secs] [Times: user=0.01 sys=0.00, real=0.01 secs] 
2014-07-16T10:28:19.355+0000: 1222.363: [GC [PSYoungGen: 748658K->256K(720128K)] 899428K->151106K(1407104K), 0.0102650 secs] [Times: user=0.03 sys=0.00, real=0.01 secs] 
2014-07-16T10:28:20.935+0000: 1223.943: [GC [PSYoungGen: 720128K->256K(693632K)] 870978K->151154K(1380608K), 0.0049600 secs] [Times: user=0.01 sys=0.01, real=0.01 secs] 
2014-07-16T10:28:22.431+0000: 1225.439: [GC [PSYoungGen: 693632K->288K(668480K)] 844530K->151218K(1355456K), 0.0208080 secs] [Times: user=0.07 sys=0.00, real=0.02 secs] 
2014-07-16T10:28:23.889+0000: 1226.897: [GC [PSYoungGen: 668448K->352K(644480K)] 819378K->151378K(1331456K), 0.0113130 secs] [Times: user=0.04 sys=0.00, real=0.02 secs] 
2014-07-16T10:28:25.287+0000: 1228.295: [GC [PSYoungGen: 644448K->338K(621504K)] 795474K->151532K(1308480K), 0.0051100 secs] [Times: user=0.01 sys=0.00, real=0.01 secs] 
2014-07-16T10:28:26.644+0000: 1229.652: [GC [PSYoungGen: 621458K->758K(600000K)] 772652K->152048K(1286976K), 0.0254350 secs] [Times: user=0.09 sys=0.00, real=0.02 secs] 
2014-07-16T10:28:28.005+0000: 1231.014: [GC [PSYoungGen: 599990K->932K(579264K)] 751280K->152310K(1266240K), 0.0047620 secs] [Times: user=0.02 sys=0.00, real=0.01 secs] 
2014-07-16T10:28:29.187+0000: 1232.196: [GC [PSYoungGen: 579183K->1200K(559552K)] 730562K->152666K(1246528K), 0.0064340 secs] [Times: user=0.01 sys=0.00, real=0.01 secs] 
2014-07-16T10:28:30.393+0000: 1233.401: [GC [PSYoungGen: 559536K->292K(539584K)] 711002K->151886K(1226560K), 0.0062800 secs] [Times: user=0.01 sys=0.00, real=0.00 secs] 
2014-07-16T10:28:31.543+0000: 1234.551: [GC [PSYoungGen: 539556K->288K(521344K)] 691150K->151954K(1208320K), 0.0045400 secs] [Times: user=0.01 sys=0.00, real=0.00 secs] 
2014-07-16T10:28:32.713+0000: 1235.721: [GC [PSYoungGen: 521312K->434K(504064K)] 672978K->152188K(1191040K), 0.0186920 secs] [Times: user=0.06 sys=0.01, real=0.02 secs] 
2014-07-16T10:28:33.862+0000: 1236.870: [GC [PSYoungGen: 504037K->544K(487552K)] 655792K->152442K(1174528K), 0.0087930 secs] [Times: user=0.01 sys=0.00, real=0.00 secs] 
2014-07-16T10:28:34.920+0000: 1237.928: [GC [PSYoungGen: 487520K->352K(584768K)] 639418K->152394K(1271744K), 0.0178760 secs] [Times: user=0.07 sys=0.00, real=0.02 secs] 
2014-07-16T10:28:36.176+0000: 1239.184: [GC [PSYoungGen: 584736K->288K(701632K)] 736778K->152410K(1388608K), 0.0133360 secs] [Times: user=0.05 sys=0.00, real=0.01 secs] 
2014-07-16T10:28:37.719+0000: 1240.728: [GC [PSYoungGen: 701568K->338K(676096K)] 853690K->152508K(1363072K), 0.0101940 secs] [Times: user=0.04 sys=0.00, real=0.01 secs] 
2014-07-16T10:28:39.206+0000: 1242.214: [GC [PSYoungGen: 676050K->256K(651520K)] 828220K->152514K(1338496K), 0.0176330 secs] [Times: user=0.06 sys=0.00, real=0.02 secs] 
2014-07-16T10:28:40.606+0000: 1243.615: [GC [PSYoungGen: 651520K->128K(628096K)] 803778K->152482K(1315072K), 0.0063000 secs] [Times: user=0.01 sys=0.00, real=0.01 secs] 
2014-07-16T10:28:41.966+0000: 1244.974: [GC [PSYoungGen: 628096K->306K(606912K)] 780450K->152700K(1293888K), 0.0103740 secs] [Times: user=0.03 sys=0.01, real=0.01 secs] 
2014-07-16T10:28:43.374+0000: 1246.382: [GC [PSYoungGen: 606066K->648K(585280K)] 758460K->153122K(1272256K), 0.0194920 secs] [Times: user=0.08 sys=0.00, real=0.02 secs] 
2014-07-16T10:28:44.593+0000: 1247.602: [GC [PSYoungGen: 585224K->516K(702080K)] 737698K->153182K(1389056K), 0.0297530 secs] [Times: user=0.10 sys=0.00, real=0.03 secs] 
2014-07-16T10:28:46.114+0000: 1249.122: [GC [PSYoungGen: 702016K->388K(842304K)] 854683K->153134K(1529280K), 0.0078010 secs] [Times: user=0.02 sys=0.00, real=0.00 secs] 
2014-07-16T10:28:47.995+0000: 1251.004: [GC [PSYoungGen: 842188K->466K(810176K)] 994934K->153268K(1497152K), 0.0097880 secs] [Times: user=0.03 sys=0.00, real=0.01 secs] 
2014-07-16T10:28:49.765+0000: 1252.773: [GC [PSYoungGen: 810130K->420K(779456K)] 962932K->153318K(1466432K), 0.0066370 secs] [Times: user=0.01 sys=0.00, real=0.00 secs] 
2014-07-16T10:28:51.438+0000: 1254.447: [GC [PSYoungGen: 779400K->224K(750016K)] 932298K->153210K(1436992K), 0.0138040 secs] [Times: user=0.05 sys=0.00, real=0.01 secs] 
2014-07-16T10:28:53.058+0000: 1256.066: [GC [PSYoungGen: 749984K->562K(722496K)] 902970K->153620K(1409472K), 0.0180320 secs] [Times: user=0.06 sys=0.00, real=0.02 secs] 
2014-07-16T10:28:54.634+0000: 1257.643: [GC [PSYoungGen: 722482K->306K(866624K)] 875540K->153476K(1553600K), 0.0332820 secs] [Times: user=0.12 sys=0.00, real=0.03 secs] 
2014-07-16T10:28:56.531+0000: 1259.539: [GC [PSYoungGen: 866610K->320K(833280K)] 1019780K->153642K(1520256K), 0.0051920 secs] [Times: user=0.01 sys=0.00, real=0.01 secs] 
2014-07-16T10:28:58.450+0000: 1261.459: [GC [PSYoungGen: 833280K->896K(802112K)] 986602K->154522K(1489088K), 0.0092620 secs] [Times: user=0.03 sys=0.00, real=0.01 secs] 
2014-07-16T10:29:00.198+0000: 1263.207: [GC [PSYoungGen: 802112K->480K(961984K)] 955738K->154226K(1648960K), 0.0389170 secs] [Times: user=0.13 sys=0.00, real=0.04 secs] 
2014-07-16T10:29:02.267+0000: 1265.275: [GC [PSYoungGen: 961952K->498K(1154304K)] 1115698K->154396K(1841280K), 0.0128260 secs] [Times: user=0.05 sys=0.00, real=0.01 secs] 
2014-07-16T10:29:04.845+0000: 1267.854: [GC [PSYoungGen: 1154290K->996K(1107712K)] 1308188K->155302K(1794688K), 0.0053000 secs] [Times: user=0.01 sys=0.01, real=0.01 secs] 
2014-07-16T10:29:07.214+0000: 1270.222: [GC [PSYoungGen: 1107684K->448K(1062272K)] 1261990K->154970K(1749248K), 0.0195920 secs] [Times: user=0.07 sys=0.00, real=0.02 secs] 
2014-07-16T10:29:09.591+0000: 1272.599: [GC [PSYoungGen: 1062272K->544K(1019712K)] 1216794K->155274K(1706688K), 0.0194130 secs] [Times: user=0.06 sys=0.01, real=0.02 secs] 
2014-07-16T10:29:11.797+0000: 1274.805: [GC [PSYoungGen: 1019680K->416K(978944K)] 1174410K->155298K(1665920K), 0.0132580 secs] [Times: user=0.04 sys=0.00, real=0.02 secs] 
2014-07-16T10:29:13.952+0000: 1276.961: [GC [PSYoungGen: 978909K->548K(940352K)] 1133792K->155518K(1627328K), 0.0127220 secs] [Times: user=0.05 sys=0.00, real=0.01 secs] 
2014-07-16T10:29:15.978+0000: 1278.986: [GC [PSYoungGen: 940324K->288K(903232K)] 1095294K->155482K(1590208K), 0.0103130 secs] [Times: user=0.02 sys=0.00, real=0.02 secs] 
2014-07-16T10:29:17.993+0000: 1281.002: [GC [PSYoungGen: 903200K->1078K(868928K)] 1058394K->156440K(1555904K), 0.0183390 secs] [Times: user=0.07 sys=0.00, real=0.02 secs] 
2014-07-16T10:29:19.876+0000: 1282.885: [GC [PSYoungGen: 868878K->470K(834944K)] 1024240K->155928K(1521920K), 0.0058050 secs] [Times: user=0.02 sys=0.00, real=0.01 secs] 
2014-07-16T10:29:21.675+0000: 1284.683: [GC [PSYoungGen: 834902K->420K(803008K)] 990360K->156006K(1489984K), 0.0117470 secs] [Times: user=0.04 sys=0.00, real=0.01 secs] 
2014-07-16T10:29:23.400+0000: 1286.409: [GC [PSYoungGen: 802980K->352K(772608K)] 958566K->156026K(1459584K), 0.0102760 secs] [Times: user=0.03 sys=0.00, real=0.01 secs] 
2014-07-16T10:29:25.079+0000: 1288.087: [GC [PSYoungGen: 772576K->416K(743744K)] 928250K->156234K(1430720K), 0.0288760 secs] [Times: user=0.10 sys=0.00, real=0.03 secs] 
2014-07-16T10:29:26.667+0000: 1289.675: [GC [PSYoungGen: 743712K->224K(715968K)] 899530K->156178K(1402944K), 0.0151410 secs] [Times: user=0.06 sys=0.00, real=0.02 secs] 
2014-07-16T10:29:28.228+0000: 1291.236: [GC [PSYoungGen: 715931K->470K(689920K)] 871885K->156512K(1376896K), 0.0093930 secs] [Times: user=0.04 sys=0.00, real=0.01 secs] 
2014-07-16T10:29:29.827+0000: 1292.835: [GC [PSYoungGen: 689796K->932K(665280K)] 845838K->157038K(1352256K), 0.0064210 secs] [Times: user=0.02 sys=0.00, real=0.01 secs] 
2014-07-16T10:29:31.276+0000: 1294.284: [GC [PSYoungGen: 665252K->256K(640704K)] 821358K->156498K(1327680K), 0.0047120 secs] [Times: user=0.01 sys=0.01, real=0.01 secs] 
2014-07-16T10:29:32.674+0000: 1295.682: [GC [PSYoungGen: 640700K->1216K(618880K)] 796943K->157578K(1305856K), 0.0114960 secs] [Times: user=0.02 sys=0.00, real=0.01 secs] 
2014-07-16T10:29:33.999+0000: 1297.007: [GC [PSYoungGen: 618880K->320K(596224K)] 775242K->156810K(1283200K), 0.0194870 secs] [Times: user=0.06 sys=0.00, real=0.02 secs] 
2014-07-16T10:29:35.285+0000: 1298.293: [GC [PSYoungGen: 596224K->352K(715520K)] 752714K->157002K(1402496K), 0.0266190 secs] [Times: user=0.09 sys=0.00, real=0.03 secs] 
2014-07-16T10:29:36.850+0000: 1299.859: [GC [PSYoungGen: 715488K->370K(858560K)] 872138K->157084K(1545536K), 0.0114340 secs] [Times: user=0.04 sys=0.00, real=0.02 secs] 
2014-07-16T10:29:38.708+0000: 1301.717: [GC [PSYoungGen: 858546K->534K(825792K)] 1015260K->157336K(1512768K), 0.0134070 secs] [Times: user=0.05 sys=0.00, real=0.02 secs] 
2014-07-16T10:29:40.771+0000: 1303.779: [GC [PSYoungGen: 825750K->384K(794176K)] 982552K->157234K(1481152K), 0.0047620 secs] [Times: user=0.01 sys=0.00, real=0.01 secs] 
2014-07-16T10:29:42.491+0000: 1305.500: [GC [PSYoungGen: 794176K->484K(764352K)] 951026K->157478K(1451328K), 0.0067320 secs] [Times: user=0.02 sys=0.01, real=0.01 secs] 
2014-07-16T10:29:44.235+0000: 1307.244: [GC [PSYoungGen: 764324K->1060K(917696K)] 921318K->158158K(1604672K), 0.0350830 secs] [Times: user=0.12 sys=0.00, real=0.03 secs] 
2014-07-16T10:29:46.133+0000: 1309.142: [GC [PSYoungGen: 917569K->356K(881280K)] 1074668K->157598K(1568256K), 0.0110230 secs] [Times: user=0.04 sys=0.00, real=0.01 secs] 
2014-07-16T10:29:48.058+0000: 1311.066: [GC [PSYoungGen: 881252K->384K(847232K)] 1038494K->157738K(1534208K), 0.0116030 secs] [Times: user=0.03 sys=0.00, real=0.01 secs] 
2014-07-16T10:29:49.943+0000: 1312.951: [GC [PSYoungGen: 847232K->288K(814720K)] 1004586K->157738K(1501696K), 0.0106760 secs] [Times: user=0.04 sys=0.01, real=0.02 secs] 
2014-07-16T10:29:51.706+0000: 1314.714: [GC [PSYoungGen: 814688K->256K(783744K)] 972138K->157802K(1470720K), 0.0126020 secs] [Times: user=0.05 sys=0.00, real=0.01 secs] 
2014-07-16T10:29:53.406+0000: 1316.414: [GC [PSYoungGen: 783705K->452K(754560K)] 941252K->158070K(1441536K), 0.0092350 secs] [Times: user=0.03 sys=0.00, real=0.01 secs] 
2014-07-16T10:29:55.061+0000: 1318.070: [GC [PSYoungGen: 754500K->658K(726656K)] 912118K->158412K(1413632K), 0.0121390 secs] [Times: user=0.05 sys=0.00, real=0.01 secs] 
2014-07-16T10:29:56.632+0000: 1319.641: [GC [PSYoungGen: 726610K->552K(699776K)] 884364K->158458K(1386752K), 0.0139190 secs] [Times: user=0.05 sys=0.00, real=0.02 secs] 
2014-07-16T10:29:58.155+0000: 1321.163: [GC [PSYoungGen: 699745K->502K(674176K)] 857652K->158464K(1361152K), 0.0063600 secs] [Times: user=0.02 sys=0.01, real=0.00 secs] 
2014-07-16T10:29:59.675+0000: 1322.683: [GC [PSYoungGen: 674166K->274K(649664K)] 832128K->158284K(1336640K), 0.0121090 secs] [Times: user=0.04 sys=0.00, real=0.01 secs] 
2014-07-16T10:30:01.150+0000: 1324.159: [GC [PSYoungGen: 649618K->520K(626688K)] 807628K->158594K(1313664K), 0.0047520 secs] [Times: user=0.01 sys=0.00, real=0.01 secs] 
2014-07-16T10:30:02.517+0000: 1325.525: [GC [PSYoungGen: 626632K->320K(604288K)] 784706K->158474K(1291264K), 0.0123380 secs] [Times: user=0.04 sys=0.00, real=0.01 secs] 
2014-07-16T10:30:03.820+0000: 1326.829: [GC [PSYoungGen: 604248K->320K(583168K)] 762403K->158602K(1270144K), 0.0037650 secs] [Times: user=0.01 sys=0.00, real=0.00 secs] 
2014-07-16T10:30:05.154+0000: 1328.162: [GC [PSYoungGen: 583070K->584K(563328K)] 741353K->159002K(1250304K), 0.0047840 secs] [Times: user=0.01 sys=0.00, real=0.01 secs] 
2014-07-16T10:30:06.397+0000: 1329.406: [GC [PSYoungGen: 563270K->484K(543936K)] 721689K->159022K(1230912K), 0.0053020 secs] [Times: user=0.01 sys=0.00, real=0.00 secs] 
2014-07-16T10:30:07.567+0000: 1330.576: [GC [PSYoungGen: 543908K->470K(525568K)] 702446K->159080K(1212544K), 0.0032490 secs] [Times: user=0.01 sys=0.00, real=0.00 secs] 
2014-07-16T10:30:08.705+0000: 1331.714: [GC [PSYoungGen: 525526K->292K(507776K)] 684136K->158934K(1194752K), 0.0040780 secs] [Times: user=0.00 sys=0.00, real=0.01 secs] 
2014-07-16T10:30:09.880+0000: 1332.889: [GC [PSYoungGen: 507748K->402K(491136K)] 666390K->159084K(1178112K), 0.0098060 secs] [Times: user=0.03 sys=0.00, real=0.01 secs] 
2014-07-16T10:30:10.976+0000: 1333.984: [GC [PSYoungGen: 491090K->662K(475328K)] 649772K->159448K(1162304K), 0.0099360 secs] [Times: user=0.04 sys=0.00, real=0.01 secs] 
2014-07-16T10:30:11.994+0000: 1335.003: [GC [PSYoungGen: 475286K->320K(569920K)] 634072K->159178K(1256896K), 0.0290810 secs] [Times: user=0.10 sys=0.00, real=0.03 secs] 
2014-07-16T10:30:13.228+0000: 1336.236: [GC [PSYoungGen: 569920K->306K(683840K)] 728778K->159228K(1370816K), 0.0100620 secs] [Times: user=0.03 sys=0.00, real=0.01 secs] 
2014-07-16T10:30:14.773+0000: 1337.782: [GC [PSYoungGen: 683826K->630K(659392K)] 842748K->159664K(1346368K), 0.0055600 secs] [Times: user=0.01 sys=0.00, real=0.01 secs] 
2014-07-16T10:30:16.161+0000: 1339.169: [GC [PSYoungGen: 659382K->384K(635520K)] 818416K->159538K(1322496K), 0.0041040 secs] [Times: user=0.01 sys=0.00, real=0.00 secs] 
2014-07-16T10:30:17.538+0000: 1340.547: [GC [PSYoungGen: 635517K->420K(613056K)] 794672K->159638K(1300032K), 0.0163050 secs] [Times: user=0.05 sys=0.00, real=0.01 secs] 
2014-07-16T10:30:18.869+0000: 1341.877: [GC [PSYoungGen: 613028K->256K(591360K)] 772246K->159530K(1278336K), 0.0047260 secs] [Times: user=0.01 sys=0.00, real=0.00 secs] 
2014-07-16T10:30:20.205+0000: 1343.213: [GC [PSYoungGen: 591344K->822K(571392K)] 750619K->160304K(1258368K), 0.0056170 secs] [Times: user=0.02 sys=0.00, real=0.01 secs] 
2014-07-16T10:30:21.423+0000: 1344.432: [GC [PSYoungGen: 571382K->640K(551552K)] 730864K->160338K(1238528K), 0.0053250 secs] [Times: user=0.02 sys=0.00, real=0.01 secs] 
2014-07-16T10:30:22.633+0000: 1345.642: [GC [PSYoungGen: 551552K->612K(532800K)] 711250K->160390K(1219776K), 0.0048070 secs] [Times: user=0.02 sys=0.00, real=0.01 secs] 
2014-07-16T10:30:23.787+0000: 1346.796: [GC [PSYoungGen: 532771K->256K(514496K)] 692550K->160186K(1201472K), 0.0041940 secs] [Times: user=0.01 sys=0.00, real=0.01 secs] 
2014-07-16T10:30:24.955+0000: 1347.963: [GC [PSYoungGen: 514496K->480K(497664K)] 674426K->160498K(1184640K), 0.0197430 secs] [Times: user=0.08 sys=0.00, real=0.02 secs] 
2014-07-16T10:30:25.974+0000: 1348.983: [GC [PSYoungGen: 497632K->288K(481152K)] 657650K->160426K(1168128K), 0.0123400 secs] [Times: user=0.05 sys=0.00, real=0.01 secs] 
2014-07-16T10:30:27.007+0000: 1350.015: [GC [PSYoungGen: 481120K->160K(465408K)] 641258K->160338K(1152384K), 0.0043110 secs] [Times: user=0.01 sys=0.00, real=0.01 secs] 
2014-07-16T10:30:28.014+0000: 1351.022: [GC [PSYoungGen: 465376K->320K(450624K)] 625554K->160538K(1137600K), 0.0155140 secs] [Times: user=0.06 sys=0.00, real=0.02 secs] 
2014-07-16T10:30:28.983+0000: 1351.991: [GC [PSYoungGen: 450624K->388K(540864K)] 610842K->160646K(1227840K), 0.0286780 secs] [Times: user=0.10 sys=0.00, real=0.03 secs] 
2014-07-16T10:30:30.268+0000: 1353.276: [GC [PSYoungGen: 540804K->690K(649216K)] 701062K->160988K(1336192K), 0.0078030 secs] [Times: user=0.01 sys=0.01, real=0.01 secs] 
2014-07-16T10:30:31.616+0000: 1354.624: [GC [PSYoungGen: 649202K->470K(778752K)] 809500K->160864K(1465728K), 0.0185200 secs] [Times: user=0.07 sys=0.01, real=0.02 secs] 
2014-07-16T10:30:33.309+0000: 1356.317: [GC [PSYoungGen: 778710K->466K(934400K)] 939104K->160964K(1621376K), 0.0076280 secs] [Times: user=0.02 sys=0.00, real=0.01 secs] 
2014-07-16T10:30:35.338+0000: 1358.347: [GC [PSYoungGen: 934354K->722K(1121472K)] 1094852K->161372K(1808448K), 0.0223930 secs] [Times: user=0.08 sys=0.00, real=0.03 secs] 
2014-07-16T10:30:37.744+0000: 1360.752: [GC [PSYoungGen: 1121426K->470K(1075712K)] 1282076K->161240K(1762688K), 0.0055930 secs] [Times: user=0.01 sys=0.00, real=0.00 secs] 
2014-07-16T10:30:40.163+0000: 1363.171: [GC [PSYoungGen: 1075670K->882K(1032768K)] 1236440K->161892K(1719744K), 0.0092870 secs] [Times: user=0.01 sys=0.00, real=0.01 secs] 
2014-07-16T10:30:42.331+0000: 1365.339: [GC [PSYoungGen: 1032754K->352K(990976K)] 1193764K->161442K(1677952K), 0.0044300 secs] [Times: user=0.01 sys=0.01, real=0.01 secs] 
2014-07-16T10:30:44.475+0000: 1367.483: [GC [PSYoungGen: 990944K->416K(951744K)] 1152034K->161666K(1638720K), 0.0104520 secs] [Times: user=0.05 sys=0.00, real=0.01 secs] 
2014-07-16T10:30:46.577+0000: 1369.585: [GC [PSYoungGen: 951712K->424K(914368K)] 1112962K->161842K(1601344K), 0.0046190 secs] [Times: user=0.01 sys=0.00, real=0.01 secs] 
2014-07-16T10:30:48.569+0000: 1371.578: [GC [PSYoungGen: 914344K->992K(879360K)] 1075762K->162546K(1566336K), 0.0078950 secs] [Times: user=0.03 sys=0.00, real=0.01 secs] 
2014-07-16T10:30:50.510+0000: 1373.518: [GC [PSYoungGen: 879328K->356K(844800K)] 1040882K->161982K(1531776K), 0.0051940 secs] [Times: user=0.01 sys=0.00, real=0.01 secs] 
2014-07-16T10:30:52.310+0000: 1375.318: [GC [PSYoungGen: 844772K->370K(812480K)] 1006398K->162068K(1499456K), 0.0260880 secs] [Times: user=0.09 sys=0.00, real=0.03 secs] 
2014-07-16T10:30:54.103+0000: 1377.111: [GC [PSYoungGen: 812466K->416K(781760K)] 974164K->162202K(1468736K), 0.0062330 secs] [Times: user=0.02 sys=0.00, real=0.00 secs] 
2014-07-16T10:30:55.805+0000: 1378.813: [GC [PSYoungGen: 781728K->452K(752512K)] 943514K->162438K(1439488K), 0.0122010 secs] [Times: user=0.05 sys=0.00, real=0.01 secs] 
2014-07-16T10:30:57.433+0000: 1380.441: [GC [PSYoungGen: 752452K->320K(724352K)] 914438K->162386K(1411328K), 0.0066300 secs] [Times: user=0.01 sys=0.00, real=0.00 secs] 
2014-07-16T10:30:58.994+0000: 1382.002: [GC [PSYoungGen: 724352K->192K(697536K)] 886418K->162322K(1384512K), 0.0081510 secs] [Times: user=0.03 sys=0.00, real=0.00 secs] 
2014-07-16T10:31:00.562+0000: 1383.571: [GC [PSYoungGen: 697536K->580K(672576K)] 859666K->162726K(1359552K), 0.0071040 secs] [Times: user=0.01 sys=0.00, real=0.01 secs] 
2014-07-16T10:31:02.010+0000: 1385.018: [GC [PSYoungGen: 672516K->402K(648128K)] 834662K->162628K(1335104K), 0.0226760 secs] [Times: user=0.07 sys=0.00, real=0.02 secs] 
2014-07-16T10:31:03.456+0000: 1386.465: [GC [PSYoungGen: 648082K->946K(625536K)] 810308K->163268K(1312512K), 0.0084240 secs] [Times: user=0.01 sys=0.00, real=0.01 secs] 
2014-07-16T10:31:04.826+0000: 1387.834: [GC [PSYoungGen: 625522K->794K(603328K)] 787844K->163300K(1290304K), 0.0162290 secs] [Times: user=0.05 sys=0.00, real=0.01 secs] 
2014-07-16T10:31:06.227+0000: 1389.236: [GC [PSYoungGen: 603198K->570K(582016K)] 765705K->163362K(1268992K), 0.0067900 secs] [Times: user=0.01 sys=0.00, real=0.01 secs] 
2014-07-16T10:31:07.486+0000: 1390.494: [GC [PSYoungGen: 582010K->374K(561728K)] 744802K->163286K(1248704K), 0.0131480 secs] [Times: user=0.04 sys=0.00, real=0.01 secs] 
2014-07-16T10:31:08.714+0000: 1391.723: [GC [PSYoungGen: 561718K->502K(542656K)] 724630K->163470K(1229632K), 0.0044970 secs] [Times: user=0.01 sys=0.00, real=0.01 secs] 
2014-07-16T10:31:09.878+0000: 1392.886: [GC [PSYoungGen: 542646K->224K(524032K)] 705614K->163232K(1211008K), 0.0143870 secs] [Times: user=0.05 sys=0.00, real=0.01 secs] 
2014-07-16T10:31:11.074+0000: 1394.082: [GC [PSYoungGen: 524000K->1036K(507328K)] 687008K->164076K(1194304K), 0.0141780 secs] [Times: user=0.05 sys=0.00, real=0.02 secs] 
2014-07-16T10:31:12.173+0000: 1395.182: [GC [PSYoungGen: 507276K->466K(489984K)] 670316K->163578K(1176960K), 0.0079130 secs] [Times: user=0.01 sys=0.00, real=0.01 secs] 
2014-07-16T10:31:13.218+0000: 1396.226: [GC [PSYoungGen: 489938K->242K(473728K)] 653050K->163442K(1160704K), 0.0141440 secs] [Times: user=0.05 sys=0.00, real=0.01 secs] 
2014-07-16T10:31:14.296+0000: 1397.304: [GC [PSYoungGen: 473714K->676K(568896K)] 636914K->163956K(1255872K), 0.0129690 secs] [Times: user=0.04 sys=0.00, real=0.02 secs] 
2014-07-16T10:31:15.480+0000: 1398.488: [GC [PSYoungGen: 568868K->224K(682112K)] 732148K->163640K(1369088K), 0.0295520 secs] [Times: user=0.10 sys=0.00, real=0.03 secs] 
2014-07-16T10:31:16.995+0000: 1400.003: [GC [PSYoungGen: 682074K->288K(818560K)] 845491K->163760K(1505536K), 0.0139100 secs] [Times: user=0.06 sys=0.00, real=0.02 secs] 
2014-07-16T10:31:18.764+0000: 1401.772: [GC [PSYoungGen: 818528K->370K(982272K)] 982000K->163930K(1669248K), 0.0125280 secs] [Times: user=0.04 sys=0.00, real=0.02 secs] 
2014-07-16T10:31:20.981+0000: 1403.989: [GC [PSYoungGen: 982258K->498K(943552K)] 1145818K->164106K(1630528K), 0.0055440 secs] [Times: user=0.01 sys=0.00, real=0.00 secs] 
2014-07-16T10:31:22.961+0000: 1405.970: [GC [PSYoungGen: 943538K->416K(906496K)] 1107146K->164120K(1593472K), 0.0183120 secs] [Times: user=0.07 sys=0.00, real=0.02 secs] 
2014-07-16T10:31:25.024+0000: 1408.033: [GC [PSYoungGen: 906464K->544K(871360K)] 1070168K->164432K(1558336K), 0.0093190 secs] [Times: user=0.03 sys=0.00, real=0.01 secs] 
2014-07-16T10:31:26.914+0000: 1409.922: [GC [PSYoungGen: 871328K->288K(837568K)] 1035216K->164352K(1524544K), 0.0055170 secs] [Times: user=0.01 sys=0.00, real=0.01 secs] 
2014-07-16T10:31:28.729+0000: 1411.738: [GC [PSYoungGen: 837536K->452K(805760K)] 1001600K->164612K(1492736K), 0.0077150 secs] [Times: user=0.02 sys=0.00, real=0.00 secs] 
2014-07-16T10:31:30.464+0000: 1413.473: [GC [PSYoungGen: 805700K->466K(775296K)] 969860K->164682K(1462272K), 0.0075850 secs] [Times: user=0.02 sys=0.00, real=0.01 secs] 
2014-07-16T10:31:32.149+0000: 1415.157: [GC [PSYoungGen: 775250K->352K(746112K)] 939466K->164640K(1433088K), 0.0040170 secs] [Times: user=0.01 sys=0.00, real=0.00 secs] 
2014-07-16T10:31:33.761+0000: 1416.770: [GC [PSYoungGen: 746056K->320K(718400K)] 910345K->164736K(1405376K), 0.0102790 secs] [Times: user=0.03 sys=0.00, real=0.01 secs] 
2014-07-16T10:31:35.355+0000: 1418.363: [GC [PSYoungGen: 718400K->434K(692160K)] 882816K->164970K(1379136K), 0.0038470 secs] [Times: user=0.01 sys=0.00, real=0.00 secs] 
2014-07-16T10:31:36.827+0000: 1419.836: [GC [PSYoungGen: 692071K->388K(667008K)] 856607K->165052K(1353984K), 0.0132760 secs] [Times: user=0.04 sys=0.00, real=0.02 secs] 
2014-07-16T10:31:38.270+0000: 1421.279: [GC [PSYoungGen: 666948K->192K(642752K)] 831612K->164904K(1329728K), 0.0097540 secs] [Times: user=0.04 sys=0.00, real=0.01 secs] 
2014-07-16T10:31:39.673+0000: 1422.681: [GC [PSYoungGen: 642752K->306K(619968K)] 807464K->165058K(1306944K), 0.0050840 secs] [Times: user=0.02 sys=0.00, real=0.00 secs] 
2014-07-16T10:31:41.122+0000: 1424.130: [GC [PSYoungGen: 619933K->744K(598592K)] 784686K->165888K(1285568K), 0.0078940 secs] [Times: user=0.02 sys=0.01, real=0.00 secs] 
2014-07-16T10:31:42.362+0000: 1425.371: [GC [PSYoungGen: 598568K->434K(577408K)] 763712K->165658K(1264384K), 0.0133420 secs] [Times: user=0.05 sys=0.00, real=0.01 secs] 
2014-07-16T10:31:43.617+0000: 1426.626: [GC [PSYoungGen: 577394K->434K(557504K)] 742618K->165842K(1244480K), 0.0045750 secs] [Times: user=0.01 sys=0.00, real=0.01 secs] 
2014-07-16T10:31:44.820+0000: 1427.829: [GC [PSYoungGen: 557490K->288K(538368K)] 722898K->165808K(1225344K), 0.0143130 secs] [Times: user=0.04 sys=0.00, real=0.01 secs] 
2014-07-16T10:31:46.123+0000: 1429.132: [GC [PSYoungGen: 538336K->882K(520768K)] 703856K->166746K(1207744K), 0.0066800 secs] [Times: user=0.02 sys=0.00, real=0.01 secs] 
2014-07-16T10:31:47.178+0000: 1430.187: [GC [PSYoungGen: 520754K->612K(503168K)] 686618K->166772K(1190144K), 0.0125550 secs] [Times: user=0.04 sys=0.00, real=0.02 secs] 
2014-07-16T10:31:48.275+0000: 1431.283: [GC [PSYoungGen: 503140K->676K(486656K)] 669300K->166964K(1173632K), 0.0082350 secs] [Times: user=0.02 sys=0.00, real=0.01 secs] 
2014-07-16T10:31:49.319+0000: 1432.327: [GC [PSYoungGen: 486625K->448K(470528K)] 652914K->166872K(1157504K), 0.0077020 secs] [Times: user=0.02 sys=0.00, real=0.01 secs] 
2014-07-16T10:31:50.354+0000: 1433.362: [GC [PSYoungGen: 470528K->420K(455360K)] 636952K->166876K(1142336K), 0.0052680 secs] [Times: user=0.01 sys=0.00, real=0.00 secs] 
2014-07-16T10:31:51.395+0000: 1434.403: [GC [PSYoungGen: 455332K->484K(440960K)] 621788K->166996K(1127936K), 0.0095950 secs] [Times: user=0.02 sys=0.00, real=0.01 secs] 
2014-07-16T10:31:52.335+0000: 1435.343: [GC [PSYoungGen: 440932K->320K(426880K)] 607444K->166920K(1113856K), 0.0107490 secs] [Times: user=0.03 sys=0.00, real=0.01 secs] 
2014-07-16T10:31:53.297+0000: 1436.305: [GC [PSYoungGen: 426880K->690K(414016K)] 593480K->167386K(1100992K), 0.0068710 secs] [Times: user=0.02 sys=0.00, real=0.01 secs] 
2014-07-16T10:31:54.184+0000: 1437.193: [GC [PSYoungGen: 414002K->256K(400896K)] 580698K->167088K(1087872K), 0.0122010 secs] [Times: user=0.04 sys=0.00, real=0.01 secs] 
2014-07-16T10:31:55.075+0000: 1438.083: [GC [PSYoungGen: 400896K->626K(481408K)] 567728K->167530K(1168384K), 0.0230950 secs] [Times: user=0.08 sys=0.00, real=0.02 secs] 
2014-07-16T10:31:56.284+0000: 1439.293: [GC [PSYoungGen: 481394K->1088K(578048K)] 648298K->168056K(1265024K), 0.0060230 secs] [Times: user=0.01 sys=0.00, real=0.00 secs] 
2014-07-16T10:31:57.508+0000: 1440.517: [GC [PSYoungGen: 578048K->416K(692800K)] 745016K->167512K(1379776K), 0.0098840 secs] [Times: user=0.02 sys=0.00, real=0.01 secs] 
2014-07-16T10:31:59.041+0000: 1442.050: [GC [PSYoungGen: 692768K->480K(667648K)] 859864K->167648K(1354624K), 0.0039970 secs] [Times: user=0.01 sys=0.00, real=0.01 secs] 
2014-07-16T10:32:00.486+0000: 1443.494: [GC [PSYoungGen: 667616K->256K(643392K)] 834784K->167480K(1330368K), 0.0046970 secs] [Times: user=0.01 sys=0.00, real=0.00 secs] 
2014-07-16T10:32:02.002+0000: 1445.010: [GC [PSYoungGen: 643392K->434K(620672K)] 810616K->167722K(1307648K), 0.0060400 secs] [Times: user=0.02 sys=0.00, real=0.01 secs] 
2014-07-16T10:32:03.341+0000: 1446.349: [GC [PSYoungGen: 620658K->320K(598656K)] 787946K->167752K(1285632K), 0.0266150 secs] [Times: user=0.09 sys=0.00, real=0.03 secs] 
2014-07-16T10:32:04.671+0000: 1447.679: [GC [PSYoungGen: 598656K->288K(577792K)] 766088K->167832K(1264768K), 0.0066440 secs] [Times: user=0.01 sys=0.00, real=0.01 secs] 
2014-07-16T10:32:05.931+0000: 1448.939: [GC [PSYoungGen: 577758K->484K(558080K)] 745303K->168156K(1245056K), 0.0100010 secs] [Times: user=0.03 sys=0.00, real=0.01 secs] 
2014-07-16T10:32:07.222+0000: 1450.230: [GC [PSYoungGen: 558052K->466K(539072K)] 725724K->168210K(1226048K), 0.0124920 secs] [Times: user=0.04 sys=0.00, real=0.02 secs] 
2014-07-16T10:32:08.408+0000: 1451.416: [GC [PSYoungGen: 539026K->608K(521024K)] 706770K->168464K(1208000K), 0.0107390 secs] [Times: user=0.02 sys=0.00, real=0.01 secs] 
2014-07-16T10:32:09.534+0000: 1452.542: [GC [PSYoungGen: 520992K->306K(503360K)] 688848K->168210K(1190336K), 0.0111530 secs] [Times: user=0.04 sys=0.00, real=0.02 secs] 
2014-07-16T10:32:10.635+0000: 1453.643: [GC [PSYoungGen: 503346K->388K(486912K)] 671250K->168340K(1173888K), 0.0119090 secs] [Times: user=0.05 sys=0.00, real=0.01 secs] 
2014-07-16T10:32:11.863+0000: 1454.871: [GC [PSYoungGen: 486852K->744K(471360K)] 654804K->168736K(1158336K), 0.0091850 secs] [Times: user=0.03 sys=0.00, real=0.01 secs] 
2014-07-16T10:32:12.820+0000: 1455.828: [GC [PSYoungGen: 471336K->416K(565184K)] 639328K->168560K(1252160K), 0.0202770 secs] [Times: user=0.07 sys=0.00, real=0.02 secs] 
2014-07-16T10:32:14.040+0000: 1457.048: [GC [PSYoungGen: 565152K->672K(678400K)] 733296K->168920K(1365376K), 0.0072550 secs] [Times: user=0.02 sys=0.00, real=0.01 secs] 
2014-07-16T10:32:15.499+0000: 1458.508: [GC [PSYoungGen: 678368K->224K(653440K)] 846616K->168552K(1340416K), 0.0048370 secs] [Times: user=0.01 sys=0.00, real=0.00 secs] 
2014-07-16T10:32:17.019+0000: 1460.027: [GC [PSYoungGen: 653408K->580K(630464K)] 821736K->168972K(1317440K), 0.0131470 secs] [Times: user=0.04 sys=0.00, real=0.01 secs] 
2014-07-16T10:32:18.411+0000: 1461.419: [GC [PSYoungGen: 630404K->822K(608320K)] 798796K->169358K(1295296K), 0.0156120 secs] [Times: user=0.06 sys=0.00, real=0.02 secs] 
2014-07-16T10:32:19.728+0000: 1462.737: [GC [PSYoungGen: 608310K->338K(586560K)] 776846K->168962K(1273536K), 0.0051430 secs] [Times: user=0.01 sys=0.00, real=0.00 secs] 
2014-07-16T10:32:21.006+0000: 1464.014: [GC [PSYoungGen: 586514K->402K(566272K)] 755138K->169082K(1253248K), 0.0094950 secs] [Times: user=0.03 sys=0.00, real=0.00 secs] 
2014-07-16T10:32:22.245+0000: 1465.254: [GC [PSYoungGen: 566226K->416K(546880K)] 734906K->169144K(1233856K), 0.0099990 secs] [Times: user=0.03 sys=0.00, real=0.01 secs] 
2014-07-16T10:32:23.423+0000: 1466.432: [GC [PSYoungGen: 546848K->274K(528192K)] 715576K->169122K(1215168K), 0.0063340 secs] [Times: user=0.01 sys=0.00, real=0.01 secs] 
2014-07-16T10:32:24.563+0000: 1467.571: [GC [PSYoungGen: 528146K->320K(510464K)] 696994K->169280K(1197440K), 0.0052510 secs] [Times: user=0.01 sys=0.00, real=0.01 secs] 
2014-07-16T10:32:25.713+0000: 1468.721: [GC [PSYoungGen: 510464K->498K(493760K)] 679424K->169530K(1180736K), 0.0081060 secs] [Times: user=0.02 sys=0.00, real=0.01 secs] 
2014-07-16T10:32:26.832+0000: 1469.841: [GC [PSYoungGen: 493746K->886K(477952K)] 662778K->170206K(1164928K), 0.0222240 secs] [Times: user=0.08 sys=0.00, real=0.02 secs] 
2014-07-16T10:32:27.784+0000: 1470.792: [GC [PSYoungGen: 477942K->420K(462080K)] 647262K->169820K(1149056K), 0.0046390 secs] [Times: user=0.01 sys=0.00, real=0.01 secs] 
2014-07-16T10:32:28.782+0000: 1471.791: [GC [PSYoungGen: 462052K->292K(447168K)] 631452K->169788K(1134144K), 0.0097140 secs] [Times: user=0.03 sys=0.01, real=0.01 secs] 
2014-07-16T10:32:29.753+0000: 1472.761: [GC [PSYoungGen: 447140K->288K(433024K)] 616636K->169816K(1120000K), 0.0097290 secs] [Times: user=0.04 sys=0.01, real=0.01 secs] 
2014-07-16T10:32:30.694+0000: 1473.702: [GC [PSYoungGen: 432992K->352K(419584K)] 602520K->169936K(1106560K), 0.0081070 secs] [Times: user=0.01 sys=0.00, real=0.01 secs] 
2014-07-16T10:32:31.602+0000: 1474.610: [GC [PSYoungGen: 419552K->224K(406528K)] 589136K->169832K(1093504K), 0.0049720 secs] [Times: user=0.01 sys=0.00, real=0.00 secs] 
2014-07-16T10:32:32.543+0000: 1475.551: [GC [PSYoungGen: 406496K->594K(394496K)] 576104K->170266K(1081472K), 0.0060210 secs] [Times: user=0.01 sys=0.00, real=0.01 secs] 
2014-07-16T10:32:33.387+0000: 1476.395: [GC [PSYoungGen: 394448K->192K(382208K)] 564121K->170000K(1069184K), 0.0038200 secs] [Times: user=0.01 sys=0.00, real=0.01 secs] 
2014-07-16T10:32:34.220+0000: 1477.228: [GC [PSYoungGen: 382206K->320K(370944K)] 552015K->170224K(1057920K), 0.0165850 secs] [Times: user=0.06 sys=0.00, real=0.01 secs] 
2014-07-16T10:32:35.025+0000: 1478.033: [GC [PSYoungGen: 370944K->448K(360192K)] 540848K->170432K(1047168K), 0.0078390 secs] [Times: user=0.01 sys=0.00, real=0.01 secs] 
2014-07-16T10:32:35.810+0000: 1478.818: [GC [PSYoungGen: 360192K->352K(349696K)] 530176K->170384K(1036672K), 0.0057650 secs] [Times: user=0.01 sys=0.00, real=0.00 secs] 
2014-07-16T10:32:36.567+0000: 1479.575: [GC [PSYoungGen: 349664K->466K(419712K)] 519696K->170562K(1106688K), 0.0106910 secs] [Times: user=0.04 sys=0.00, real=0.01 secs] 
2014-07-16T10:32:37.502+0000: 1480.510: [GC [PSYoungGen: 419666K->666K(406976K)] 589762K->170810K(1093952K), 0.0046030 secs] [Times: user=0.01 sys=0.00, real=0.00 secs] 
2014-07-16T10:32:38.384+0000: 1481.393: [GC [PSYoungGen: 406938K->626K(488192K)] 577082K->170858K(1175168K), 0.0178650 secs] [Times: user=0.06 sys=0.00, real=0.02 secs] 
2014-07-16T10:32:39.428+0000: 1482.436: [GC [PSYoungGen: 488178K->338K(585472K)] 658410K->170610K(1272448K), 0.0303070 secs] [Times: user=0.10 sys=0.00, real=0.03 secs] 
2014-07-16T10:32:40.703+0000: 1483.712: [GC [PSYoungGen: 585426K->338K(702528K)] 755698K->170642K(1389504K), 0.0088840 secs] [Times: user=0.01 sys=0.00, real=0.01 secs] 
2014-07-16T10:32:42.293+0000: 1485.301: [GC [PSYoungGen: 702479K->658K(843328K)] 872784K->171018K(1530304K), 0.0105020 secs] [Times: user=0.02 sys=0.00, real=0.01 secs] 
2014-07-16T10:32:44.091+0000: 1487.099: [GC [PSYoungGen: 843282K->498K(1011712K)] 1013642K->171034K(1698688K), 0.0121150 secs] [Times: user=0.04 sys=0.00, real=0.01 secs] 
2014-07-16T10:32:46.281+0000: 1489.289: [GC [PSYoungGen: 1011698K->484K(971456K)] 1182234K->171156K(1658432K), 0.0059300 secs] [Times: user=0.02 sys=0.00, real=0.00 secs] 
2014-07-16T10:32:48.494+0000: 1491.502: [GC [PSYoungGen: 971428K->498K(933120K)] 1142100K->171298K(1620096K), 0.0044520 secs] [Times: user=0.02 sys=0.00, real=0.00 secs] 
2014-07-16T10:32:50.538+0000: 1493.546: [GC [PSYoungGen: 933106K->416K(896576K)] 1103906K->171384K(1583552K), 0.0275460 secs] [Times: user=0.10 sys=0.00, real=0.03 secs] 
2014-07-16T10:32:52.551+0000: 1495.559: [GC [PSYoungGen: 896544K->480K(861888K)] 1067512K->171520K(1548864K), 0.0053250 secs] [Times: user=0.01 sys=0.01, real=0.01 secs] 
2014-07-16T10:32:54.397+0000: 1497.406: [GC [PSYoungGen: 861856K->320K(828608K)] 1032896K->171536K(1515584K), 0.0128770 secs] [Times: user=0.05 sys=0.00, real=0.01 secs] 
2014-07-16T10:32:56.194+0000: 1499.202: [GC [PSYoungGen: 828608K->512K(797248K)] 999824K->171880K(1484224K), 0.0136530 secs] [Times: user=0.05 sys=0.00, real=0.01 secs] 
2014-07-16T10:32:58.028+0000: 1501.036: [GC [PSYoungGen: 797248K->740K(767424K)] 968616K->172332K(1454400K), 0.0067730 secs] [Times: user=0.02 sys=0.00, real=0.01 secs] 
2014-07-16T10:32:59.679+0000: 1502.688: [GC [PSYoungGen: 767396K->320K(738304K)] 938988K->172080K(1425280K), 0.0052460 secs] [Times: user=0.02 sys=0.00, real=0.01 secs] 
2014-07-16T10:33:01.283+0000: 1504.291: [GC [PSYoungGen: 738304K->416K(711104K)] 910064K->172304K(1398080K), 0.0076620 secs] [Times: user=0.02 sys=0.00, real=0.00 secs] 
2014-07-16T10:33:02.869+0000: 1505.878: [GC [PSYoungGen: 711072K->448K(685056K)] 882960K->172432K(1372032K), 0.0209940 secs] [Times: user=0.08 sys=0.00, real=0.02 secs] 
2014-07-16T10:33:04.390+0000: 1507.399: [GC [PSYoungGen: 685056K->676K(660480K)] 857040K->172844K(1347456K), 0.0199930 secs] [Times: user=0.07 sys=0.00, real=0.02 secs] 
2014-07-16T10:33:05.835+0000: 1508.844: [GC [PSYoungGen: 660443K->434K(636544K)] 832612K->172738K(1323520K), 0.0043060 secs] [Times: user=0.02 sys=0.00, real=0.00 secs] 
2014-07-16T10:33:07.221+0000: 1510.229: [GC [PSYoungGen: 636530K->384K(613888K)] 808834K->172768K(1300864K), 0.0107630 secs] [Times: user=0.04 sys=0.01, real=0.01 secs] 
2014-07-16T10:33:08.631+0000: 1511.639: [GC [PSYoungGen: 613888K->420K(592384K)] 786272K->172884K(1279360K), 0.0141960 secs] [Times: user=0.05 sys=0.00, real=0.02 secs] 
2014-07-16T10:33:09.910+0000: 1512.919: [GC [PSYoungGen: 592356K->470K(710848K)] 764820K->173022K(1397824K), 0.0341990 secs] [Times: user=0.12 sys=0.00, real=0.04 secs] 
2014-07-16T10:33:11.441+0000: 1514.450: [GC [PSYoungGen: 710806K->288K(852736K)] 883358K->172880K(1539712K), 0.0124490 secs] [Times: user=0.05 sys=0.00, real=0.02 secs] 
2014-07-16T10:33:13.314+0000: 1516.322: [GC [PSYoungGen: 852704K->288K(820032K)] 1025296K->172944K(1507008K), 0.0048640 secs] [Times: user=0.02 sys=0.00, real=0.01 secs] 
2014-07-16T10:33:15.108+0000: 1518.116: [GC [PSYoungGen: 819973K->708K(789312K)] 992630K->173524K(1476288K), 0.0088850 secs] [Times: user=0.04 sys=0.00, real=0.01 secs] 
2014-07-16T10:33:16.845+0000: 1519.854: [GC [PSYoungGen: 789252K->562K(759424K)] 962068K->173498K(1446400K), 0.0059160 secs] [Times: user=0.02 sys=0.00, real=0.00 secs] 
2014-07-16T10:33:18.563+0000: 1521.572: [GC [PSYoungGen: 759410K->438K(731008K)] 932346K->173486K(1417984K), 0.0042080 secs] [Times: user=0.02 sys=0.00, real=0.01 secs] 
2014-07-16T10:33:20.140+0000: 1523.148: [GC [PSYoungGen: 730998K->160K(703808K)] 904046K->173312K(1390784K), 0.0097020 secs] [Times: user=0.01 sys=0.00, real=0.01 secs] 
2014-07-16T10:33:21.666+0000: 1524.675: [GC [PSYoungGen: 703776K->384K(678272K)] 876928K->173608K(1365248K), 0.0093170 secs] [Times: user=0.02 sys=0.00, real=0.01 secs] 
2014-07-16T10:33:23.194+0000: 1526.203: [GC [PSYoungGen: 678272K->480K(653888K)] 851496K->173760K(1340864K), 0.0189300 secs] [Times: user=0.07 sys=0.00, real=0.02 secs] 
2014-07-16T10:33:24.622+0000: 1527.631: [GC [PSYoungGen: 653856K->818K(630784K)] 827136K->174258K(1317760K), 0.0083780 secs] [Times: user=0.02 sys=0.00, real=0.01 secs] 
2014-07-16T10:33:25.981+0000: 1528.990: [GC [PSYoungGen: 630770K->192K(607808K)] 804210K->173704K(1294784K), 0.0188230 secs] [Times: user=0.07 sys=0.00, real=0.02 secs] 
2014-07-16T10:33:27.300+0000: 1530.308: [GC [PSYoungGen: 607791K->402K(586752K)] 781304K->173994K(1273728K), 0.0159880 secs] [Times: user=0.06 sys=0.00, real=0.01 secs] 
2014-07-16T10:33:28.661+0000: 1531.669: [GC [PSYoungGen: 586706K->608K(566592K)] 760298K->174272K(1253568K), 0.0151630 secs] [Times: user=0.05 sys=0.00, real=0.02 secs] 
2014-07-16T10:33:29.889+0000: 1532.898: [GC [PSYoungGen: 566560K->456K(547072K)] 740224K->174232K(1234048K), 0.0047650 secs] [Times: user=0.01 sys=0.00, real=0.00 secs] 
2014-07-16T10:33:31.076+0000: 1534.085: [GC [PSYoungGen: 547016K->288K(528320K)] 720792K->174096K(1215296K), 0.0038730 secs] [Times: user=0.01 sys=0.00, real=0.00 secs] 
2014-07-16T10:33:32.206+0000: 1535.214: [GC [PSYoungGen: 528288K->320K(510592K)] 702096K->174160K(1197568K), 0.0049860 secs] [Times: user=0.01 sys=0.00, real=0.01 secs] 
2014-07-16T10:33:33.353+0000: 1536.361: [GC [PSYoungGen: 510592K->822K(494208K)] 684432K->174942K(1181184K), 0.0070340 secs] [Times: user=0.01 sys=0.00, real=0.01 secs] 
2014-07-16T10:33:34.385+0000: 1537.393: [GC [PSYoungGen: 494198K->192K(477376K)] 668318K->174480K(1164352K), 0.0175580 secs] [Times: user=0.06 sys=0.00, real=0.02 secs] 
2014-07-16T10:33:35.427+0000: 1538.435: [GC [PSYoungGen: 477350K->630K(462336K)] 651639K->175038K(1149312K), 0.0053120 secs] [Times: user=0.01 sys=0.01, real=0.01 secs] 
2014-07-16T10:33:36.415+0000: 1539.423: [GC [PSYoungGen: 462326K->288K(447232K)] 636734K->174744K(1134208K), 0.0115940 secs] [Times: user=0.04 sys=0.00, real=0.01 secs] 
2014-07-16T10:33:37.393+0000: 1540.401: [GC [PSYoungGen: 447200K->434K(536768K)] 621656K->174946K(1223744K), 0.0149590 secs] [Times: user=0.04 sys=0.00, real=0.02 secs] 
2014-07-16T10:33:38.586+0000: 1541.595: [GC [PSYoungGen: 536754K->864K(519104K)] 711266K->175400K(1206080K), 0.0053650 secs] [Times: user=0.02 sys=0.00, real=0.01 secs] 
2014-07-16T10:33:39.703+0000: 1542.712: [GC [PSYoungGen: 519072K->288K(622208K)] 693608K->174896K(1309184K), 0.0290470 secs] [Times: user=0.10 sys=0.00, real=0.03 secs] 
2014-07-16T10:33:41.054+0000: 1544.062: [GC [PSYoungGen: 622176K->484K(746816K)] 796784K->175164K(1433792K), 0.0118220 secs] [Times: user=0.04 sys=0.00, real=0.01 secs] 
2014-07-16T10:33:42.702+0000: 1545.711: [GC [PSYoungGen: 746780K->448K(896064K)] 921461K->175168K(1583040K), 0.0210580 secs] [Times: user=0.08 sys=0.00, real=0.02 secs] 
2014-07-16T10:33:44.643+0000: 1547.651: [GC [PSYoungGen: 896064K->434K(1075200K)] 1070784K->175346K(1762176K), 0.0193990 secs] [Times: user=0.07 sys=0.00, real=0.02 secs] 
2014-07-16T10:33:46.963+0000: 1549.972: [GC [PSYoungGen: 1075186K->288K(1290048K)] 1250098K->175304K(1977024K), 0.0148250 secs] [Times: user=0.05 sys=0.00, real=0.01 secs] 
2014-07-16T10:33:49.932+0000: 1552.940: [GC [PSYoungGen: 1289970K->832K(1236864K)] 1464987K->175976K(1923840K), 0.0178420 secs] [Times: user=0.06 sys=0.00, real=0.02 secs] 
2014-07-16T10:33:52.653+0000: 1555.662: [GC [PSYoungGen: 1236864K->580K(1185536K)] 1412008K->175940K(1872512K), 0.0114500 secs] [Times: user=0.03 sys=0.00, real=0.01 secs] 
2014-07-16T10:33:55.308+0000: 1558.316: [GC [PSYoungGen: 1185476K->608K(1136896K)] 1360836K->176192K(1823872K), 0.0327270 secs] [Times: user=0.13 sys=0.00, real=0.04 secs] 
2014-07-16T10:33:57.781+0000: 1560.789: [GC [PSYoungGen: 1136864K->690K(1090688K)] 1312448K->176498K(1777664K), 0.0066920 secs] [Times: user=0.02 sys=0.00, real=0.00 secs] 
2014-07-16T10:34:00.238+0000: 1563.246: [GC [PSYoungGen: 1090655K->740K(1046720K)] 1266463K->176724K(1733696K), 0.0054310 secs] [Times: user=0.01 sys=0.00, real=0.01 secs] 
2014-07-16T10:34:02.482+0000: 1565.490: [GC [PSYoungGen: 1046692K->352K(1004416K)] 1222676K->176496K(1691392K), 0.0093520 secs] [Times: user=0.02 sys=0.00, real=0.01 secs] 
2014-07-16T10:34:04.669+0000: 1567.678: [GC [PSYoungGen: 1004384K->480K(964608K)] 1180528K->176752K(1651584K), 0.0186760 secs] [Times: user=0.06 sys=0.01, real=0.02 secs] 
2014-07-16T10:34:06.766+0000: 1569.774: [GC [PSYoungGen: 964576K->576K(926656K)] 1140848K->177016K(1613632K), 0.0237760 secs] [Times: user=0.08 sys=0.00, real=0.02 secs] 
2014-07-16T10:34:08.838+0000: 1571.846: [GC [PSYoungGen: 926656K->882K(890816K)] 1103096K->177434K(1577792K), 0.0271720 secs] [Times: user=0.10 sys=0.00, real=0.03 secs] 
2014-07-16T10:34:10.748+0000: 1573.756: [GC [PSYoungGen: 890802K->288K(855744K)] 1067354K->176944K(1542720K), 0.0083490 secs] [Times: user=0.01 sys=0.00, real=0.01 secs] 
2014-07-16T10:34:12.595+0000: 1575.603: [GC [PSYoungGen: 855665K->320K(822912K)] 1032321K->177040K(1509888K), 0.0042450 secs] [Times: user=0.01 sys=0.00, real=0.00 secs] 
2014-07-16T10:34:14.403+0000: 1577.411: [GC [PSYoungGen: 822828K->512K(791808K)] 999549K->177376K(1478784K), 0.0121240 secs] [Times: user=0.03 sys=0.00, real=0.01 secs] 
2014-07-16T10:34:16.117+0000: 1579.126: [GC [PSYoungGen: 791808K->338K(761856K)] 968672K->177370K(1448832K), 0.0201890 secs] [Times: user=0.07 sys=0.00, real=0.02 secs] 
2014-07-16T10:34:17.785+0000: 1580.793: [GC [PSYoungGen: 761760K->548K(733632K)] 938793K->177676K(1420608K), 0.0083140 secs] [Times: user=0.03 sys=0.00, real=0.01 secs] 
2014-07-16T10:34:19.452+0000: 1582.460: [GC [PSYoungGen: 733602K->402K(706432K)] 910731K->177602K(1393408K), 0.0052170 secs] [Times: user=0.01 sys=0.00, real=0.01 secs] 
2014-07-16T10:34:21.006+0000: 1584.015: [GC [PSYoungGen: 706386K->502K(680640K)] 883586K->177790K(1367616K), 0.0045600 secs] [Times: user=0.01 sys=0.00, real=0.00 secs] 
2014-07-16T10:34:22.497+0000: 1585.505: [GC [PSYoungGen: 680630K->288K(655808K)] 857918K->177632K(1342784K), 0.0059470 secs] [Times: user=0.01 sys=0.00, real=0.00 secs] 
2014-07-16T10:34:23.991+0000: 1586.999: [GC [PSYoungGen: 655776K->288K(632320K)] 833120K->177760K(1319296K), 0.0050830 secs] [Times: user=0.01 sys=0.00, real=0.01 secs] 
2014-07-16T10:34:25.372+0000: 1588.381: [GC [PSYoungGen: 632288K->520K(610176K)] 809760K->178192K(1297152K), 0.0236640 secs] [Times: user=0.08 sys=0.00, real=0.03 secs] 
2014-07-16T10:34:26.694+0000: 1589.703: [GC [PSYoungGen: 610120K->438K(588672K)] 787792K->178190K(1275648K), 0.0092730 secs] [Times: user=0.02 sys=0.00, real=0.01 secs] 
2014-07-16T10:34:27.983+0000: 1590.991: [GC [PSYoungGen: 588662K->320K(568128K)] 766414K->178152K(1255104K), 0.0080540 secs] [Times: user=0.03 sys=0.00, real=0.01 secs] 
2014-07-16T10:34:29.268+0000: 1592.277: [GC [PSYoungGen: 568128K->672K(548992K)] 745960K->178544K(1235968K), 0.0058390 secs] [Times: user=0.02 sys=0.00, real=0.00 secs] 
2014-07-16T10:34:30.468+0000: 1593.477: [GC [PSYoungGen: 548960K->680K(530368K)] 726832K->178864K(1217344K), 0.0063650 secs] [Times: user=0.01 sys=0.00, real=0.00 secs] 
2014-07-16T10:34:31.621+0000: 1594.629: [GC [PSYoungGen: 530344K->530K(512448K)] 708528K->178770K(1199424K), 0.0253410 secs] [Times: user=0.08 sys=0.00, real=0.03 secs] 
2014-07-16T10:34:32.729+0000: 1595.738: [GC [PSYoungGen: 512402K->352K(614656K)] 690642K->178728K(1301632K), 0.0149380 secs] [Times: user=0.05 sys=0.00, real=0.01 secs] 
2014-07-16T10:34:34.127+0000: 1597.136: [GC [PSYoungGen: 614624K->960K(738112K)] 793000K->179432K(1425088K), 0.0119410 secs] [Times: user=0.02 sys=0.00, real=0.01 secs] 
2014-07-16T10:34:35.713+0000: 1598.722: [GC [PSYoungGen: 738112K->566K(885184K)] 916584K->179198K(1572160K), 0.0150400 secs] [Times: user=0.05 sys=0.00, real=0.02 secs] 
2014-07-16T10:34:37.667+0000: 1600.676: [GC [PSYoungGen: 885155K->708K(1062336K)] 1063788K->179436K(1749312K), 0.0312790 secs] [Times: user=0.10 sys=0.00, real=0.03 secs] 
2014-07-16T10:34:39.966+0000: 1602.975: [GC [PSYoungGen: 1062189K->552K(1274496K)] 1240918K->179392K(1961472K), 0.0179280 secs] [Times: user=0.07 sys=0.00, real=0.02 secs] 
2014-07-16T10:34:42.725+0000: 1605.734: [GC [PSYoungGen: 1274451K->534K(1221568K)] 1453292K->179486K(1908544K), 0.0137270 secs] [Times: user=0.05 sys=0.00, real=0.02 secs] 
2014-07-16T10:34:45.396+0000: 1608.404: [GC [PSYoungGen: 1221526K->530K(1171200K)] 1400478K->179618K(1858176K), 0.0211010 secs] [Times: user=0.08 sys=0.00, real=0.02 secs] 
2014-07-16T10:34:47.950+0000: 1610.958: [GC [PSYoungGen: 1171154K->192K(1122880K)] 1350242K->179488K(1809856K), 0.0044090 secs] [Times: user=0.01 sys=0.00, real=0.00 secs] 
2014-07-16T10:34:50.408+0000: 1613.417: [GC [PSYoungGen: 1122880K->694K(1077760K)] 1302176K->180070K(1764736K), 0.0082730 secs] [Times: user=0.01 sys=0.00, real=0.00 secs] 
2014-07-16T10:34:52.757+0000: 1615.766: [GC [PSYoungGen: 1077750K->512K(1034176K)] 1257126K->180008K(1721152K), 0.0089980 secs] [Times: user=0.03 sys=0.00, real=0.01 secs] 
2014-07-16T10:34:54.984+0000: 1617.993: [GC [PSYoungGen: 1034122K->616K(992960K)] 1213619K->180256K(1679936K), 0.0194380 secs] [Times: user=0.07 sys=0.00, real=0.02 secs] 
2014-07-16T10:34:57.147+0000: 1620.155: [GC [PSYoungGen: 992936K->402K(953408K)] 1172576K->180202K(1640384K), 0.0054980 secs] [Times: user=0.02 sys=0.00, real=0.01 secs] 
2014-07-16T10:34:59.259+0000: 1622.267: [GC [PSYoungGen: 953362K->466K(915968K)] 1133162K->180362K(1602944K), 0.0119540 secs] [Times: user=0.03 sys=0.00, real=0.02 secs] 
2014-07-16T10:35:01.241+0000: 1624.250: [GC [PSYoungGen: 915922K->288K(880064K)] 1095818K->180296K(1567040K), 0.0078590 secs] [Times: user=0.01 sys=0.01, real=0.00 secs] 
2014-07-16T10:35:03.192+0000: 1626.200: [GC [PSYoungGen: 880032K->658K(846464K)] 1060040K->180746K(1533440K), 0.0065940 secs] [Times: user=0.02 sys=0.00, real=0.00 secs] 
2014-07-16T10:35:05.058+0000: 1628.066: [GC [PSYoungGen: 846370K->452K(813888K)] 1026459K->180764K(1500864K), 0.0189900 secs] [Times: user=0.08 sys=0.01, real=0.02 secs] 
2014-07-16T10:35:06.853+0000: 1629.861: [GC [PSYoungGen: 813827K->466K(783040K)] 994139K->180938K(1470016K), 0.0204220 secs] [Times: user=0.08 sys=0.00, real=0.02 secs] 
2014-07-16T10:35:08.542+0000: 1631.551: [GC [PSYoungGen: 782928K->338K(753536K)] 963400K->180914K(1440512K), 0.0062600 secs] [Times: user=0.01 sys=0.00, real=0.00 secs] 
2014-07-16T10:35:10.210+0000: 1633.219: [GC [PSYoungGen: 753490K->402K(725568K)] 934066K->181042K(1412544K), 0.0142480 secs] [Times: user=0.06 sys=0.00, real=0.02 secs] 
2014-07-16T10:35:11.794+0000: 1634.803: [GC [PSYoungGen: 725522K->288K(698752K)] 906162K->181016K(1385728K), 0.0205110 secs] [Times: user=0.08 sys=0.00, real=0.02 secs] 
2014-07-16T10:35:13.306+0000: 1636.315: [GC [PSYoungGen: 698720K->320K(673280K)] 879448K->181128K(1360256K), 0.0160780 secs] [Times: user=0.06 sys=0.00, real=0.02 secs] 
2014-07-16T10:35:14.782+0000: 1637.791: [GC [PSYoungGen: 673237K->634K(649280K)] 854046K->181586K(1336256K), 0.0102930 secs] [Times: user=0.04 sys=0.00, real=0.01 secs] 
2014-07-16T10:35:16.199+0000: 1639.208: [GC [PSYoungGen: 649274K->128K(625600K)] 830226K->181208K(1312576K), 0.0056370 secs] [Times: user=0.01 sys=0.00, real=0.01 secs] 
2014-07-16T10:35:17.558+0000: 1640.567: [GC [PSYoungGen: 625600K->388K(603776K)] 806680K->181524K(1290752K), 0.0124000 secs] [Times: user=0.04 sys=0.00, real=0.01 secs] 
2014-07-16T10:35:18.876+0000: 1641.884: [GC [PSYoungGen: 603716K->406K(582656K)] 784852K->181582K(1269632K), 0.0119150 secs] [Times: user=0.05 sys=0.00, real=0.01 secs] 
2014-07-16T10:35:20.232+0000: 1643.241: [GC [PSYoungGen: 582614K->530K(562624K)] 763790K->181738K(1249600K), 0.0058180 secs] [Times: user=0.02 sys=0.00, real=0.01 secs] 
2014-07-16T10:35:21.449+0000: 1644.457: [GC [PSYoungGen: 562578K->452K(543296K)] 743786K->181756K(1230272K), 0.0125610 secs] [Times: user=0.05 sys=0.00, real=0.01 secs] 
2014-07-16T10:35:22.648+0000: 1645.656: [GC [PSYoungGen: 543236K->224K(524672K)] 724540K->181600K(1211648K), 0.0117260 secs] [Times: user=0.05 sys=0.00, real=0.01 secs] 
2014-07-16T10:35:23.792+0000: 1646.800: [GC [PSYoungGen: 524640K->288K(507200K)] 706016K->181800K(1194176K), 0.0053050 secs] [Times: user=0.01 sys=0.00, real=0.01 secs] 
2014-07-16T10:35:24.987+0000: 1647.995: [GC [PSYoungGen: 507168K->256K(490368K)] 688680K->181856K(1177344K), 0.0068960 secs] [Times: user=0.02 sys=0.00, real=0.01 secs] 
2014-07-16T10:35:26.064+0000: 1649.073: [GC [PSYoungGen: 490368K->288K(474432K)] 671968K->182000K(1161408K), 0.0061840 secs] [Times: user=0.02 sys=0.00, real=0.00 secs] 
2014-07-16T10:35:27.085+0000: 1650.094: [GC [PSYoungGen: 474400K->224K(459072K)] 656112K->182000K(1146048K), 0.0087500 secs] [Times: user=0.02 sys=0.00, real=0.00 secs] 
2014-07-16T10:35:28.095+0000: 1651.103: [GC [PSYoungGen: 459040K->704K(551296K)] 640816K->182512K(1238272K), 0.0360010 secs] [Times: user=0.14 sys=0.00, real=0.03 secs] 
2014-07-16T10:35:29.299+0000: 1652.308: [GC [PSYoungGen: 551296K->470K(661248K)] 733104K->182318K(1348224K), 0.0063270 secs] [Times: user=0.01 sys=0.00, real=0.01 secs] 
2014-07-16T10:35:30.826+0000: 1653.834: [GC [PSYoungGen: 661198K->502K(637504K)] 843047K->182654K(1324480K), 0.0052110 secs] [Times: user=0.01 sys=0.00, real=0.00 secs] 
2014-07-16T10:35:32.190+0000: 1655.199: [GC [PSYoungGen: 637469K->612K(614976K)] 819622K->182852K(1301952K), 0.0104530 secs] [Times: user=0.04 sys=0.00, real=0.01 secs] 
2014-07-16T10:35:33.588+0000: 1656.596: [GC [PSYoungGen: 614948K->786K(593536K)] 797188K->183218K(1280512K), 0.0122930 secs] [Times: user=0.04 sys=0.00, real=0.01 secs] 
2014-07-16T10:35:34.988+0000: 1657.997: [GC [PSYoungGen: 593490K->480K(572608K)] 775922K->183128K(1259584K), 0.0064480 secs] [Times: user=0.01 sys=0.00, real=0.00 secs] 
2014-07-16T10:35:36.208+0000: 1659.216: [GC [PSYoungGen: 572576K->324K(552768K)] 755224K->183116K(1239744K), 0.0130910 secs] [Times: user=0.05 sys=0.00, real=0.01 secs] 
2014-07-16T10:35:37.431+0000: 1660.439: [GC [PSYoungGen: 552707K->434K(663360K)] 735500K->183290K(1350336K), 0.0179610 secs] [Times: user=0.06 sys=0.00, real=0.02 secs] 
2014-07-16T10:35:38.849+0000: 1661.857: [GC [PSYoungGen: 663346K->210K(639360K)] 846202K->183114K(1326336K), 0.0051190 secs] [Times: user=0.01 sys=0.00, real=0.00 secs] 
2014-07-16T10:35:40.284+0000: 1663.292: [GC [PSYoungGen: 639275K->716K(617152K)] 822180K->183653K(1304128K), 0.0054620 secs] [Times: user=0.01 sys=0.00, real=0.01 secs] 
2014-07-16T10:35:41.595+0000: 1664.603: [GC [PSYoungGen: 617088K->406K(595136K)] 800025K->183423K(1282112K), 0.0041820 secs] [Times: user=0.01 sys=0.00, real=0.01 secs] 
2014-07-16T10:35:42.902+0000: 1665.910: [GC [PSYoungGen: 595094K->694K(574656K)] 778111K->183782K(1261632K), 0.0042880 secs] [Times: user=0.01 sys=0.00, real=0.01 secs] 
2014-07-16T10:35:44.141+0000: 1667.150: [GC [PSYoungGen: 574643K->352K(554560K)] 757732K->183560K(1241536K), 0.0161300 secs] [Times: user=0.05 sys=0.00, real=0.02 secs] 
2014-07-16T10:35:45.344+0000: 1668.352: [GC [PSYoungGen: 554528K->192K(535488K)] 737736K->183496K(1222464K), 0.0040130 secs] [Times: user=0.01 sys=0.00, real=0.01 secs] 
2014-07-16T10:35:46.507+0000: 1669.515: [GC [PSYoungGen: 535488K->288K(517568K)] 718792K->183680K(1204544K), 0.0047950 secs] [Times: user=0.01 sys=0.00, real=0.01 secs] 
2014-07-16T10:35:47.627+0000: 1670.635: [GC [PSYoungGen: 517536K->320K(500352K)] 700928K->183792K(1187328K), 0.0069280 secs] [Times: user=0.01 sys=0.00, real=0.00 secs] 
2014-07-16T10:35:48.733+0000: 1671.742: [GC [PSYoungGen: 500352K->832K(484416K)] 683824K->184360K(1171392K), 0.0075950 secs] [Times: user=0.02 sys=0.00, real=0.01 secs] 
2014-07-16T10:35:49.785+0000: 1672.793: [GC [PSYoungGen: 484416K->320K(468160K)] 667944K->183896K(1155136K), 0.0051960 secs] [Times: user=0.01 sys=0.00, real=0.01 secs] 
2014-07-16T10:35:50.802+0000: 1673.811: [GC [PSYoungGen: 468160K->466K(561920K)] 651736K->184138K(1248896K), 0.0262840 secs] [Times: user=0.09 sys=0.00, real=0.03 secs] 
2014-07-16T10:35:52.038+0000: 1675.046: [GC [PSYoungGen: 561870K->608K(674368K)] 745543K->184352K(1361344K), 0.0256270 secs] [Times: user=0.09 sys=0.00, real=0.03 secs] 
2014-07-16T10:35:53.507+0000: 1676.515: [GC [PSYoungGen: 674336K->466K(809024K)] 858080K->184322K(1496000K), 0.0100910 secs] [Times: user=0.02 sys=0.00, real=0.01 secs] 
2014-07-16T10:35:55.321+0000: 1678.329: [GC [PSYoungGen: 808978K->434K(970688K)] 992834K->184474K(1657664K), 0.0309750 secs] [Times: user=0.10 sys=0.00, real=0.03 secs] 
2014-07-16T10:35:57.420+0000: 1680.428: [GC [PSYoungGen: 970674K->338K(1164672K)] 1154714K->184506K(1851648K), 0.0039290 secs] [Times: user=0.01 sys=0.00, real=0.00 secs] 
2014-07-16T10:36:00.064+0000: 1683.072: [GC [PSYoungGen: 1164590K->808K(1117504K)] 1348759K->185489K(1804480K), 0.0050610 secs] [Times: user=0.01 sys=0.00, real=0.00 secs] 
2014-07-16T10:36:02.396+0000: 1685.404: [GC [PSYoungGen: 1117480K->416K(1071808K)] 1302161K->185192K(1758784K), 0.0202750 secs] [Times: user=0.07 sys=0.00, real=0.02 secs] 
2014-07-16T10:36:04.856+0000: 1687.865: [GC [PSYoungGen: 1071776K->580K(1028864K)] 1256552K->185604K(1715840K), 0.0138710 secs] [Times: user=0.06 sys=0.00, real=0.02 secs] 
2014-07-16T10:36:07.136+0000: 1690.144: [GC [PSYoungGen: 1028804K->416K(987584K)] 1213828K->185680K(1674560K), 0.0234180 secs] [Times: user=0.09 sys=0.00, real=0.02 secs] 
2014-07-16T10:36:09.282+0000: 1692.290: [GC [PSYoungGen: 987546K->374K(948416K)] 1172811K->185758K(1635392K), 0.0227930 secs] [Times: user=0.09 sys=0.00, real=0.02 secs] 
2014-07-16T10:36:11.357+0000: 1694.366: [GC [PSYoungGen: 948358K->516K(911360K)] 1133743K->186004K(1598336K), 0.0226790 secs] [Times: user=0.08 sys=0.00, real=0.02 secs] 
2014-07-16T10:36:13.373+0000: 1696.381: [GC [PSYoungGen: 911300K->946K(876288K)] 1096788K->186586K(1563264K), 0.0134400 secs] [Times: user=0.05 sys=0.00, real=0.01 secs] 
2014-07-16T10:36:15.341+0000: 1698.349: [GC [PSYoungGen: 876274K->420K(841984K)] 1061914K->186429K(1528960K), 0.0094860 secs] [Times: user=0.04 sys=0.00, real=0.00 secs] 
2014-07-16T10:36:17.140+0000: 1700.149: [GC [PSYoungGen: 841956K->484K(809856K)] 1027965K->186652K(1496832K), 0.0040780 secs] [Times: user=0.01 sys=0.00, real=0.01 secs] 
2014-07-16T10:36:18.884+0000: 1701.893: [GC [PSYoungGen: 809828K->562K(779264K)] 995996K->186834K(1466240K), 0.0326880 secs] [Times: user=0.12 sys=0.00, real=0.03 secs] 
2014-07-16T10:36:20.590+0000: 1703.599: [GC [PSYoungGen: 779250K->352K(749824K)] 965522K->186672K(1436800K), 0.0104050 secs] [Times: user=0.04 sys=0.00, real=0.01 secs] 
2014-07-16T10:36:22.257+0000: 1705.265: [GC [PSYoungGen: 749790K->640K(722240K)] 936111K->187048K(1409216K), 0.0066060 secs] [Times: user=0.02 sys=0.00, real=0.01 secs] 
2014-07-16T10:36:23.817+0000: 1706.826: [GC [PSYoungGen: 722240K->644K(695744K)] 908648K->187181K(1382720K), 0.0102640 secs] [Times: user=0.03 sys=0.00, real=0.01 secs] 
2014-07-16T10:36:25.422+0000: 1708.431: [GC [PSYoungGen: 695681K->882K(670592K)] 882218K->187810K(1357568K), 0.0116890 secs] [Times: user=0.04 sys=0.01, real=0.02 secs] 
2014-07-16T10:36:26.870+0000: 1709.878: [GC [PSYoungGen: 670578K->288K(645888K)] 857506K->187296K(1332864K), 0.0179680 secs] [Times: user=0.06 sys=0.00, real=0.02 secs] 
2014-07-16T10:36:28.280+0000: 1711.288: [GC [PSYoungGen: 645823K->434K(622976K)] 832832K->187570K(1309952K), 0.0116020 secs] [Times: user=0.03 sys=0.00, real=0.01 secs] 
2014-07-16T10:36:29.627+0000: 1712.635: [GC [PSYoungGen: 622962K->256K(600832K)] 810098K->187432K(1287808K), 0.0043790 secs] [Times: user=0.02 sys=0.00, real=0.00 secs] 
2014-07-16T10:36:31.013+0000: 1714.021: [GC [PSYoungGen: 600828K->1138K(580736K)] 788005K->188370K(1267712K), 0.0068360 secs] [Times: user=0.02 sys=0.00, real=0.01 secs] 
2014-07-16T10:36:32.253+0000: 1715.261: [GC [PSYoungGen: 580722K->320K(559872K)] 767954K->187632K(1246848K), 0.0129610 secs] [Times: user=0.05 sys=0.00, real=0.02 secs] 
2014-07-16T10:36:33.497+0000: 1716.505: [GC [PSYoungGen: 559872K->320K(540736K)] 747184K->187720K(1227712K), 0.0081310 secs] [Times: user=0.01 sys=0.00, real=0.01 secs] 
2014-07-16T10:36:34.683+0000: 1717.691: [GC [PSYoungGen: 540701K->648K(522880K)] 728102K->188217K(1209856K), 0.0209050 secs] [Times: user=0.07 sys=0.00, real=0.03 secs] 
2014-07-16T10:36:35.872+0000: 1718.880: [GC [PSYoungGen: 522824K->352K(505088K)] 710393K->188032K(1192064K), 0.0122150 secs] [Times: user=0.03 sys=0.00, real=0.02 secs] 
2014-07-16T10:36:36.962+0000: 1719.970: [GC [PSYoungGen: 505056K->288K(488320K)] 692736K->188064K(1175296K), 0.0082990 secs] [Times: user=0.02 sys=0.00, real=0.01 secs] 
2014-07-16T10:36:38.027+0000: 1721.035: [GC [PSYoungGen: 488288K->370K(472448K)] 676064K->188194K(1159424K), 0.0117020 secs] [Times: user=0.05 sys=0.00, real=0.01 secs] 
2014-07-16T10:36:39.057+0000: 1722.065: [GC [PSYoungGen: 472434K->548K(567104K)] 660258K->188429K(1254080K), 0.0156660 secs] [Times: user=0.05 sys=0.00, real=0.01 secs] 
2014-07-16T10:36:40.297+0000: 1723.306: [GC [PSYoungGen: 567076K->662K(680576K)] 754957K->188599K(1367552K), 0.0109860 secs] [Times: user=0.02 sys=0.00, real=0.01 secs] 
2014-07-16T10:36:41.812+0000: 1724.820: [GC [PSYoungGen: 680534K->402K(816320K)] 868471K->188402K(1503296K), 0.0152710 secs] [Times: user=0.06 sys=0.00, real=0.02 secs] 
2014-07-16T10:36:43.587+0000: 1726.596: [GC [PSYoungGen: 816274K->480K(785408K)] 1004274K->188608K(1472384K), 0.0050830 secs] [Times: user=0.01 sys=0.00, real=0.00 secs] 
2014-07-16T10:36:45.308+0000: 1728.316: [GC [PSYoungGen: 785376K->448K(755840K)] 973504K->188760K(1442816K), 0.0083490 secs] [Times: user=0.02 sys=0.00, real=0.01 secs] 
2014-07-16T10:36:46.965+0000: 1729.973: [GC [PSYoungGen: 755840K->548K(727808K)] 944152K->188973K(1414784K), 0.0146950 secs] [Times: user=0.05 sys=0.00, real=0.02 secs] 
2014-07-16T10:36:48.538+0000: 1731.547: [GC [PSYoungGen: 727780K->306K(700736K)] 916205K->188818K(1387712K), 0.0046620 secs] [Times: user=0.01 sys=0.01, real=0.00 secs] 
2014-07-16T10:36:50.072+0000: 1733.080: [GC [PSYoungGen: 700722K->388K(675264K)] 889234K->188949K(1362240K), 0.0040010 secs] [Times: user=0.02 sys=0.00, real=0.00 secs] 
2014-07-16T10:36:51.545+0000: 1734.553: [GC [PSYoungGen: 675177K->648K(651136K)] 863738K->189241K(1338112K), 0.0147370 secs] [Times: user=0.05 sys=0.01, real=0.02 secs] 
2014-07-16T10:36:52.954+0000: 1735.963: [GC [PSYoungGen: 651009K->452K(627712K)] 839602K->189156K(1314688K), 0.0099590 secs] [Times: user=0.02 sys=0.00, real=0.01 secs] 
2014-07-16T10:36:54.334+0000: 1737.343: [GC [PSYoungGen: 627652K->352K(605376K)] 816356K->189208K(1292352K), 0.0056460 secs] [Times: user=0.02 sys=0.00, real=0.01 secs] 
2014-07-16T10:36:55.652+0000: 1738.661: [GC [PSYoungGen: 605300K->502K(584320K)] 794157K->189495K(1271296K), 0.0126080 secs] [Times: user=0.04 sys=0.00, real=0.01 secs] 
2014-07-16T10:36:56.923+0000: 1739.932: [GC [PSYoungGen: 584310K->256K(563840K)] 773303K->189360K(1250816K), 0.0191750 secs] [Times: user=0.07 sys=0.00, real=0.02 secs] 
2014-07-16T10:36:58.143+0000: 1741.151: [GC [PSYoungGen: 563840K->160K(544448K)] 752944K->189320K(1231424K), 0.0056640 secs] [Times: user=0.02 sys=0.00, real=0.01 secs] 
2014-07-16T10:36:59.335+0000: 1742.343: [GC [PSYoungGen: 544416K->356K(526208K)] 733576K->189549K(1213184K), 0.0156710 secs] [Times: user=0.05 sys=0.00, real=0.02 secs] 
2014-07-16T10:37:00.477+0000: 1743.486: [GC [PSYoungGen: 526180K->320K(631360K)] 715373K->189576K(1318336K), 0.0258420 secs] [Times: user=0.09 sys=0.00, real=0.03 secs] 
2014-07-16T10:37:01.856+0000: 1744.864: [GC [PSYoungGen: 631360K->480K(757760K)] 820616K->189784K(1444736K), 0.0271990 secs] [Times: user=0.09 sys=0.00, real=0.03 secs] 
2014-07-16T10:37:03.511+0000: 1746.520: [GC [PSYoungGen: 757657K->566K(909312K)] 946962K->189991K(1596288K), 0.0107870 secs] [Times: user=0.03 sys=0.01, real=0.01 secs] 
2014-07-16T10:37:05.478+0000: 1748.486: [GC [PSYoungGen: 909301K->644K(1091200K)] 1098726K->190253K(1778176K), 0.0066550 secs] [Times: user=0.01 sys=0.00, real=0.01 secs] 
2014-07-16T10:37:07.875+0000: 1750.883: [GC [PSYoungGen: 1091133K->438K(1309056K)] 1280742K->190159K(1996032K), 0.0262410 secs] [Times: user=0.09 sys=0.00, real=0.03 secs] 
2014-07-16T10:37:10.699+0000: 1753.708: [GC [PSYoungGen: 1309046K->256K(1254208K)] 1498767K->190104K(1941184K), 0.0060720 secs] [Times: user=0.01 sys=0.00, real=0.01 secs] 
2014-07-16T10:37:13.475+0000: 1756.484: [GC [PSYoungGen: 1254208K->882K(1202880K)] 1444056K->190978K(1889856K), 0.0075150 secs] [Times: user=0.02 sys=0.00, real=0.01 secs] 
2014-07-16T10:37:16.134+0000: 1759.142: [GC [PSYoungGen: 1202866K->1074K(1153600K)] 1392962K->191602K(1840576K), 0.0059550 secs] [Times: user=0.02 sys=0.00, real=0.03 secs] 
2014-07-16T10:37:18.692+0000: 1761.700: [GC [PSYoungGen: 1153586K->256K(1105728K)] 1344114K->191154K(1792704K), 0.0236180 secs] [Times: user=0.09 sys=0.00, real=0.02 secs] 
2014-07-16T10:37:21.089+0000: 1764.098: [GC [PSYoungGen: 1105728K->384K(1061056K)] 1296626K->191450K(1748032K), 0.0152080 secs] [Times: user=0.06 sys=0.00, real=0.02 secs] 
2014-07-16T10:37:23.465+0000: 1766.473: [GC [PSYoungGen: 1061056K->740K(1018816K)] 1252122K->191895K(1705792K), 0.0064010 secs] [Times: user=0.01 sys=0.00, real=0.00 secs] 
2014-07-16T10:37:25.692+0000: 1768.700: [GC [PSYoungGen: 1018788K->466K(977984K)] 1209943K->191877K(1664960K), 0.0263940 secs] [Times: user=0.09 sys=0.00, real=0.03 secs] 
2014-07-16T10:37:27.868+0000: 1770.876: [GC [PSYoungGen: 977938K->434K(939264K)] 1169349K->191989K(1626240K), 0.0177040 secs] [Times: user=0.07 sys=0.00, real=0.02 secs] 
2014-07-16T10:37:29.930+0000: 1772.938: [GC [PSYoungGen: 939250K->338K(902400K)] 1130805K->192021K(1589376K), 0.0056330 secs] [Times: user=0.01 sys=0.00, real=0.01 secs] 
2014-07-16T10:37:31.929+0000: 1774.937: [GC [PSYoungGen: 902351K->616K(867584K)] 1094034K->192403K(1554560K), 0.0314500 secs] [Times: user=0.11 sys=0.00, real=0.03 secs] 
2014-07-16T10:37:33.855+0000: 1776.863: [GC [PSYoungGen: 867508K->566K(834112K)] 1059295K->192481K(1521088K), 0.0145470 secs] [Times: user=0.05 sys=0.00, real=0.01 secs] 
2014-07-16T10:37:35.684+0000: 1778.692: [GC [PSYoungGen: 834102K->562K(802304K)] 1026017K->192661K(1489280K), 0.0063810 secs] [Times: user=0.01 sys=0.00, real=0.01 secs] 
2014-07-16T10:37:37.507+0000: 1780.515: [GC [PSYoungGen: 802290K->538K(962688K)] 994389K->192725K(1649664K), 0.0507490 secs] [Times: user=0.18 sys=0.00, real=0.05 secs] 
2014-07-16T10:37:39.632+0000: 1782.640: [GC [PSYoungGen: 962650K->932K(1155520K)] 1154837K->193247K(1842496K), 0.0289080 secs] [Times: user=0.11 sys=0.00, real=0.03 secs] 
2014-07-16T10:37:42.198+0000: 1785.206: [GC [PSYoungGen: 1155492K->626K(1108032K)] 1347807K->193013K(1795008K), 0.0064350 secs] [Times: user=0.02 sys=0.00, real=0.00 secs] 
2014-07-16T10:37:44.586+0000: 1787.595: [GC [PSYoungGen: 1108018K->562K(1063104K)] 1300405K->193109K(1750080K), 0.0060990 secs] [Times: user=0.01 sys=0.00, real=0.00 secs] 
2014-07-16T10:37:46.965+0000: 1789.973: [GC [PSYoungGen: 1063090K->946K(1020736K)] 1255637K->193685K(1707712K), 0.0062730 secs] [Times: user=0.02 sys=0.01, real=0.01 secs] 
2014-07-16T10:37:49.160+0000: 1792.168: [GC [PSYoungGen: 1020722K->402K(979584K)] 1213461K->193277K(1666560K), 0.0041360 secs] [Times: user=0.01 sys=0.00, real=0.00 secs] 
2014-07-16T10:37:51.279+0000: 1794.288: [GC [PSYoungGen: 979538K->548K(940992K)] 1172413K->193503K(1627968K), 0.0103540 secs] [Times: user=0.03 sys=0.00, real=0.01 secs] 
2014-07-16T10:37:53.345+0000: 1796.353: [GC [PSYoungGen: 940884K->598K(904192K)] 1133839K->193601K(1591168K), 0.0058530 secs] [Times: user=0.01 sys=0.00, real=0.01 secs] 
2014-07-16T10:37:55.320+0000: 1798.328: [GC [PSYoungGen: 904147K->900K(869376K)] 1097150K->194079K(1556352K), 0.0258080 secs] [Times: user=0.09 sys=0.00, real=0.02 secs] 
2014-07-16T10:37:57.231+0000: 1800.239: [GC [PSYoungGen: 869316K->402K(835392K)] 1062495K->193725K(1522368K), 0.0095860 secs] [Times: user=0.03 sys=0.00, real=0.01 secs] 
2014-07-16T10:37:59.066+0000: 1802.074: [GC [PSYoungGen: 835346K->512K(803584K)] 1028669K->193938K(1490560K), 0.0061200 secs] [Times: user=0.02 sys=0.01, real=0.01 secs] 
2014-07-16T10:38:00.796+0000: 1803.804: [GC [PSYoungGen: 803584K->274K(773056K)] 997010K->193765K(1460032K), 0.0159540 secs] [Times: user=0.05 sys=0.00, real=0.02 secs] 
2014-07-16T10:38:02.577+0000: 1805.585: [GC [PSYoungGen: 773010K->566K(744384K)] 966501K->194089K(1431360K), 0.0271680 secs] [Times: user=0.10 sys=0.00, real=0.03 secs] 
2014-07-16T10:38:04.216+0000: 1807.225: [GC [PSYoungGen: 744374K->786K(717056K)] 937897K->194517K(1404032K), 0.0091720 secs] [Times: user=0.02 sys=0.00, real=0.01 secs] 
2014-07-16T10:38:05.812+0000: 1808.820: [GC [PSYoungGen: 717010K->1010K(690944K)] 910741K->194869K(1377920K), 0.0098430 secs] [Times: user=0.02 sys=0.00, real=0.01 secs] 
2014-07-16T10:38:07.382+0000: 1810.391: [GC [PSYoungGen: 690930K->370K(828288K)] 884789K->194551K(1515264K), 0.0365850 secs] [Times: user=0.13 sys=0.00, real=0.04 secs] 
2014-07-16T10:38:09.221+0000: 1812.229: [GC [PSYoungGen: 828271K->370K(796736K)] 1022452K->194687K(1483712K), 0.0104010 secs] [Times: user=0.04 sys=0.00, real=0.01 secs] 
2014-07-16T10:38:10.948+0000: 1813.957: [GC [PSYoungGen: 796627K->352K(766656K)] 990944K->194797K(1453632K), 0.0105740 secs] [Times: user=0.03 sys=0.00, real=0.01 secs] 
2014-07-16T10:38:12.631+0000: 1815.639: [GC [PSYoungGen: 766624K->448K(738112K)] 961069K->194957K(1425088K), 0.0113170 secs] [Times: user=0.03 sys=0.00, real=0.01 secs] 
2014-07-16T10:38:14.241+0000: 1817.249: [GC [PSYoungGen: 738112K->256K(710592K)] 932621K->194925K(1397568K), 0.0148250 secs] [Times: user=0.05 sys=0.00, real=0.01 secs] 
2014-07-16T10:38:15.825+0000: 1818.834: [GC [PSYoungGen: 710592K->352K(684672K)] 905261K->195133K(1371648K), 0.0139470 secs] [Times: user=0.05 sys=0.00, real=0.01 secs] 
2014-07-16T10:38:17.430+0000: 1820.438: [GC [PSYoungGen: 684610K->580K(660096K)] 879391K->195473K(1347072K), 0.0087800 secs] [Times: user=0.03 sys=0.00, real=0.01 secs] 
2014-07-16T10:38:18.863+0000: 1821.872: [GC [PSYoungGen: 660036K->562K(636352K)] 854929K->195591K(1323328K), 0.0243010 secs] [Times: user=0.09 sys=0.00, real=0.02 secs] 
2014-07-16T10:38:20.304+0000: 1823.313: [GC [PSYoungGen: 636338K->370K(613568K)] 831367K->195455K(1300544K), 0.0105620 secs] [Times: user=0.03 sys=0.00, real=0.01 secs] 
2014-07-16T10:38:21.647+0000: 1824.656: [GC [PSYoungGen: 613553K->960K(736832K)] 808638K->196157K(1423808K), 0.0199220 secs] [Times: user=0.08 sys=0.00, real=0.02 secs] 
2014-07-16T10:38:23.227+0000: 1826.235: [GC [PSYoungGen: 736832K->740K(883840K)] 932029K->196009K(1570816K), 0.0139990 secs] [Times: user=0.05 sys=0.00, real=0.01 secs] 
2014-07-16T10:38:24.905+0000: 1827.913: [GC [PSYoungGen: 883812K->790K(849728K)] 1079081K->196267K(1536704K), 0.0070900 secs] [Times: user=0.02 sys=0.00, real=0.01 secs] 
2014-07-16T10:38:26.547+0000: 1829.555: [GC [PSYoungGen: 849686K->384K(816768K)] 1045163K->195989K(1503744K), 0.0092860 secs] [Times: user=0.03 sys=0.00, real=0.01 secs] 
2014-07-16T10:38:28.181+0000: 1831.189: [GC [PSYoungGen: 816768K->722K(786176K)] 1012373K->196439K(1473152K), 0.0145140 secs] [Times: user=0.05 sys=0.00, real=0.02 secs] 
2014-07-16T10:38:29.804+0000: 1832.813: [GC [PSYoungGen: 786047K->608K(756544K)] 981764K->196445K(1443520K), 0.0081420 secs] [Times: user=0.02 sys=0.00, real=0.01 secs] 
2014-07-16T10:38:31.309+0000: 1834.317: [GC [PSYoungGen: 756512K->608K(728384K)] 952349K->196573K(1415360K), 0.0095690 secs] [Times: user=0.03 sys=0.00, real=0.01 secs] 
2014-07-16T10:38:32.828+0000: 1835.836: [GC [PSYoungGen: 728352K->448K(701376K)] 924317K->196501K(1388352K), 0.0255400 secs] [Times: user=0.08 sys=0.00, real=0.03 secs] 
2014-07-16T10:38:34.157+0000: 1837.165: [GC [PSYoungGen: 701376K->530K(675904K)] 897429K->196783K(1362880K), 0.0069220 secs] [Times: user=0.01 sys=0.00, real=0.01 secs] 
2014-07-16T10:38:35.514+0000: 1838.522: [GC [PSYoungGen: 675858K->448K(651392K)] 872111K->196821K(1338368K), 0.0093360 secs] [Times: user=0.03 sys=0.00, real=0.01 secs] 
2014-07-16T10:38:36.766+0000: 1839.775: [GC [PSYoungGen: 651392K->484K(628160K)] 847765K->196969K(1315136K), 0.0046420 secs] [Times: user=0.02 sys=0.01, real=0.00 secs] 
2014-07-16T10:38:38.131+0000: 1841.139: [GC [PSYoungGen: 628129K->530K(606016K)] 824614K->197095K(1292992K), 0.0088290 secs] [Times: user=0.02 sys=0.00, real=0.01 secs] 
2014-07-16T10:38:39.381+0000: 1842.389: [GC [PSYoungGen: 605970K->562K(584832K)] 802535K->197255K(1271808K), 0.0131690 secs] [Times: user=0.05 sys=0.01, real=0.02 secs] 
2014-07-16T10:38:40.530+0000: 1843.539: [GC [PSYoungGen: 584772K->648K(564736K)] 781465K->197405K(1251712K), 0.0083680 secs] [Times: user=0.03 sys=0.00, real=0.01 secs] 
2014-07-16T10:38:41.682+0000: 1844.691: [GC [PSYoungGen: 564680K->320K(545024K)] 761437K->197125K(1232000K), 0.0128140 secs] [Times: user=0.03 sys=0.00, real=0.02 secs] 
2014-07-16T10:38:42.864+0000: 1845.873: [GC [PSYoungGen: 545024K->562K(526848K)] 741829K->197463K(1213824K), 0.0047470 secs] [Times: user=0.01 sys=0.00, real=0.00 secs] 
2014-07-16T10:38:43.900+0000: 1846.909: [GC [PSYoungGen: 526834K->512K(509184K)] 723735K->197589K(1196160K), 0.0068090 secs] [Times: user=0.03 sys=0.00, real=0.01 secs] 
2014-07-16T10:38:44.890+0000: 1847.898: [GC [PSYoungGen: 509184K->758K(611200K)] 706261K->197971K(1298176K), 0.0267470 secs] [Times: user=0.09 sys=0.00, real=0.03 secs] 
2014-07-16T10:38:46.047+0000: 1849.055: [GC [PSYoungGen: 611189K->594K(733184K)] 808402K->197887K(1420160K), 0.0150500 secs] [Times: user=0.05 sys=0.00, real=0.01 secs] 
2014-07-16T10:38:47.499+0000: 1850.507: [GC [PSYoungGen: 733138K->480K(879616K)] 930431K->197837K(1566592K), 0.0075450 secs] [Times: user=0.02 sys=0.00, real=0.01 secs] 
2014-07-16T10:38:49.289+0000: 1852.297: [GC [PSYoungGen: 879584K->612K(1055616K)] 1076941K->198049K(1742592K), 0.0256040 secs] [Times: user=0.09 sys=0.00, real=0.02 secs] 
2014-07-16T10:38:51.344+0000: 1854.352: [GC [PSYoungGen: 1055583K->548K(1266560K)] 1253020K->198113K(1953536K), 0.0283940 secs] [Times: user=0.09 sys=0.00, real=0.03 secs] 
2014-07-16T10:38:53.976+0000: 1856.985: [GC [PSYoungGen: 1266532K->608K(1214080K)] 1464097K->198277K(1901056K), 0.0084440 secs] [Times: user=0.03 sys=0.00, real=0.00 secs] 
2014-07-16T10:38:56.396+0000: 1859.404: [GC [PSYoungGen: 1214048K->626K(1164096K)] 1411717K->199015K(1851072K), 0.0076550 secs] [Times: user=0.02 sys=0.00, real=0.01 secs] 
2014-07-16T10:38:58.692+0000: 1861.700: [GC [PSYoungGen: 1164082K->530K(1116416K)] 1362471K->199063K(1803392K), 0.0035530 secs] [Times: user=0.02 sys=0.00, real=0.00 secs] 
2014-07-16T10:39:00.829+0000: 1863.837: [GC [PSYoungGen: 1116370K->480K(1071040K)] 1314903K->199221K(1758016K), 0.0131150 secs] [Times: user=0.05 sys=0.00, real=0.01 secs] 
2014-07-16T10:39:02.984+0000: 1865.992: [GC [PSYoungGen: 1071008K->1074K(1028480K)] 1269749K->200095K(1715456K), 0.0195030 secs] [Times: user=0.07 sys=0.00, real=0.02 secs] 
2014-07-16T10:39:04.908+0000: 1867.917: [GC [PSYoungGen: 1028466K->640K(987008K)] 1227487K->199877K(1673984K), 0.0264810 secs] [Times: user=0.10 sys=0.00, real=0.02 secs] 
2014-07-16T10:39:06.817+0000: 1869.825: [GC [PSYoungGen: 986961K->644K(948032K)] 1186198K->200137K(1635008K), 0.0183570 secs] [Times: user=0.05 sys=0.00, real=0.02 secs] 
2014-07-16T10:39:08.727+0000: 1871.735: [GC [PSYoungGen: 947972K->530K(910720K)] 1147465K->200127K(1597696K), 0.0067360 secs] [Times: user=0.02 sys=0.00, real=0.01 secs] 
2014-07-16T10:39:10.522+0000: 1873.530: [GC [PSYoungGen: 910613K->676K(875392K)] 1110210K->200393K(1562368K), 0.0175900 secs] [Times: user=0.06 sys=0.00, real=0.02 secs] 
2014-07-16T10:39:12.207+0000: 1875.216: [GC [PSYoungGen: 875364K->562K(841536K)] 1075081K->200375K(1528512K), 0.0100750 secs] [Times: user=0.04 sys=0.00, real=0.01 secs] 
2014-07-16T10:39:13.864+0000: 1876.872: [GC [PSYoungGen: 841522K->512K(1009664K)] 1041335K->200453K(1696640K), 0.0363440 secs] [Times: user=0.13 sys=0.00, real=0.04 secs] 
2014-07-16T10:39:15.898+0000: 1878.906: [GC [PSYoungGen: 1009663K->1152K(970112K)] 1209604K->201317K(1657088K), 0.0116470 secs] [Times: user=0.02 sys=0.00, real=0.02 secs] 
2014-07-16T10:39:17.748+0000: 1880.756: [GC [PSYoungGen: 970112K->320K(931072K)] 1170277K->200629K(1618048K), 0.0056330 secs] [Times: user=0.02 sys=0.00, real=0.01 secs] 
2014-07-16T10:39:19.770+0000: 1882.778: [GC [PSYoungGen: 931063K->594K(894976K)] 1131372K->201007K(1581952K), 0.0296030 secs] [Times: user=0.11 sys=0.00, real=0.03 secs] 
2014-07-16T10:39:21.552+0000: 1884.561: [GC [PSYoungGen: 894930K->580K(860288K)] 1095343K->201129K(1547264K), 0.0134360 secs] [Times: user=0.04 sys=0.00, real=0.01 secs] 
2014-07-16T10:39:23.319+0000: 1886.328: [GC [PSYoungGen: 860228K->1156K(827840K)] 1060777K->201825K(1514816K), 0.0065240 secs] [Times: user=0.02 sys=0.00, real=0.01 secs] 
2014-07-16T10:39:24.824+0000: 1887.832: [GC [PSYoungGen: 827733K->864K(796032K)] 1028402K->201773K(1483008K), 0.0217710 secs] [Times: user=0.08 sys=0.00, real=0.02 secs] 
2014-07-16T10:39:26.375+0000: 1889.383: [GC [PSYoungGen: 795971K->630K(765760K)] 996880K->201659K(1452736K), 0.0058700 secs] [Times: user=0.01 sys=0.00, real=0.01 secs] 
2014-07-16T10:39:27.857+0000: 1890.865: [GC [PSYoungGen: 765743K->808K(737344K)] 966772K->201933K(1424320K), 0.0159240 secs] [Times: user=0.06 sys=0.00, real=0.02 secs] 
2014-07-16T10:39:29.440+0000: 1892.448: [GC [PSYoungGen: 737244K->772K(710080K)] 938369K->201985K(1397056K), 0.0119830 secs] [Times: user=0.04 sys=0.00, real=0.02 secs] 
2014-07-16T10:39:31.010+0000: 1894.019: [GC [PSYoungGen: 710020K->768K(684032K)] 911233K->202101K(1371008K), 0.0065530 secs] [Times: user=0.01 sys=0.00, real=0.01 secs] 
2014-07-16T10:39:32.269+0000: 1895.278: [GC [PSYoungGen: 684032K->608K(659136K)] 885365K->202021K(1346112K), 0.0054840 secs] [Times: user=0.01 sys=0.01, real=0.01 secs] 
2014-07-16T10:39:33.595+0000: 1896.603: [GC [PSYoungGen: 659104K->612K(635520K)] 860517K->202121K(1322496K), 0.0046890 secs] [Times: user=0.02 sys=0.00, real=0.00 secs] 
2014-07-16T10:39:34.773+0000: 1897.781: [GC [PSYoungGen: 635492K->416K(612800K)] 837001K->202109K(1299776K), 0.0107760 secs] [Times: user=0.03 sys=0.00, real=0.01 secs] 
2014-07-16T10:39:35.952+0000: 1898.960: [GC [PSYoungGen: 612768K->498K(591360K)] 814461K->202287K(1278336K), 0.0115070 secs] [Times: user=0.04 sys=0.00, real=0.01 secs] 
2014-07-16T10:39:37.173+0000: 1900.182: [GC [PSYoungGen: 591346K->416K(570752K)] 793135K->202261K(1257728K), 0.0095140 secs] [Times: user=0.03 sys=0.00, real=0.01 secs] 
2014-07-16T10:39:38.251+0000: 1901.260: [GC [PSYoungGen: 570720K->374K(551104K)] 772565K->202307K(1238080K), 0.0076110 secs] [Times: user=0.02 sys=0.00, real=0.01 secs] 
2014-07-16T10:39:39.368+0000: 1902.377: [GC [PSYoungGen: 551094K->320K(532288K)] 753027K->202309K(1219264K), 0.0085730 secs] [Times: user=0.03 sys=0.00, real=0.01 secs] 
2014-07-16T10:39:40.442+0000: 1903.451: [GC [PSYoungGen: 532288K->416K(514560K)] 734277K->202501K(1201536K), 0.0085480 secs] [Times: user=0.02 sys=0.00, real=0.00 secs] 
2014-07-16T10:39:41.437+0000: 1904.445: [GC [PSYoungGen: 514528K->384K(497408K)] 716613K->202557K(1184384K), 0.0080920 secs] [Times: user=0.02 sys=0.00, real=0.01 secs] 
2014-07-16T10:39:42.346+0000: 1905.355: [GC [PSYoungGen: 497346K->320K(481024K)] 699519K->202557K(1168000K), 0.0107360 secs] [Times: user=0.04 sys=0.00, real=0.01 secs] 
2014-07-16T10:39:43.228+0000: 1906.236: [GC [PSYoungGen: 481024K->420K(465536K)] 683261K->202729K(1152512K), 0.0044750 secs] [Times: user=0.01 sys=0.00, real=0.00 secs] 
2014-07-16T10:39:44.176+0000: 1907.185: [GC [PSYoungGen: 465508K->256K(450432K)] 667817K->202661K(1137408K), 0.0054790 secs] [Times: user=0.01 sys=0.00, real=0.00 secs] 
2014-07-16T10:39:45.028+0000: 1908.037: [GC [PSYoungGen: 450432K->480K(436416K)] 652837K->203013K(1123392K), 0.0082580 secs] [Times: user=0.02 sys=0.01, real=0.01 secs] 
2014-07-16T10:39:45.854+0000: 1908.862: [GC [PSYoungGen: 436384K->416K(422656K)] 638917K->202997K(1109632K), 0.0106020 secs] [Times: user=0.03 sys=0.00, real=0.01 secs] 
2014-07-16T10:39:46.637+0000: 1909.645: [GC [PSYoungGen: 422624K->384K(409536K)] 625205K->203021K(1096512K), 0.0054330 secs] [Times: user=0.02 sys=0.00, real=0.00 secs] 
2014-07-16T10:39:47.436+0000: 1910.444: [GC [PSYoungGen: 409536K->402K(397056K)] 612173K->203079K(1084032K), 0.0045810 secs] [Times: user=0.01 sys=0.00, real=0.00 secs] 
2014-07-16T10:39:48.232+0000: 1911.240: [GC [PSYoungGen: 397004K->530K(385216K)] 599681K->203263K(1072192K), 0.0129890 secs] [Times: user=0.04 sys=0.00, real=0.02 secs] 
2014-07-16T10:39:49.100+0000: 1912.108: [GC [PSYoungGen: 385163K->854K(374080K)] 587896K->203635K(1061056K), 0.0051290 secs] [Times: user=0.01 sys=0.00, real=0.01 secs] 
2014-07-16T10:39:49.850+0000: 1912.858: [GC [PSYoungGen: 374038K->384K(362560K)] 576819K->203613K(1049536K), 0.0099010 secs] [Times: user=0.03 sys=0.00, real=0.01 secs] 
2014-07-16T10:39:50.634+0000: 1913.643: [GC [PSYoungGen: 362560K->434K(352064K)] 565789K->203703K(1039040K), 0.0048760 secs] [Times: user=0.02 sys=0.00, real=0.00 secs] 
2014-07-16T10:39:51.300+0000: 1914.308: [GC [PSYoungGen: 352050K->416K(341952K)] 555319K->203837K(1028928K), 0.0078610 secs] [Times: user=0.01 sys=0.00, real=0.01 secs] 
2014-07-16T10:39:51.919+0000: 1914.928: [GC [PSYoungGen: 341920K->416K(410304K)] 545341K->203893K(1097280K), 0.0170520 secs] [Times: user=0.06 sys=0.00, real=0.02 secs] 
2014-07-16T10:39:52.671+0000: 1915.680: [GC [PSYoungGen: 410211K->402K(492288K)] 613688K->203951K(1179264K), 0.0103960 secs] [Times: user=0.04 sys=0.00, real=0.01 secs] 
2014-07-16T10:39:53.687+0000: 1916.695: [GC [PSYoungGen: 492242K->530K(590784K)] 695791K->204167K(1277760K), 0.0205410 secs] [Times: user=0.08 sys=0.00, real=0.02 secs] 
2014-07-16T10:39:54.818+0000: 1917.827: [GC [PSYoungGen: 590738K->306K(708608K)] 794375K->204087K(1395584K), 0.0054620 secs] [Times: user=0.01 sys=0.00, real=0.00 secs] 
2014-07-16T10:39:56.165+0000: 1919.173: [GC [PSYoungGen: 708594K->534K(850560K)] 912375K->204395K(1537536K), 0.0053180 secs] [Times: user=0.01 sys=0.01, real=0.01 secs] 
2014-07-16T10:39:57.770+0000: 1920.778: [GC [PSYoungGen: 850516K->416K(817856K)] 1054377K->204349K(1504832K), 0.0069540 secs] [Times: user=0.02 sys=0.00, real=0.01 secs] 
2014-07-16T10:39:59.431+0000: 1922.439: [GC [PSYoungGen: 817824K->882K(787264K)] 1021757K->204911K(1474240K), 0.0069080 secs] [Times: user=0.01 sys=0.00, real=0.01 secs] 
2014-07-16T10:40:01.009+0000: 1924.017: [GC [PSYoungGen: 787250K->352K(757184K)] 991279K->204477K(1444160K), 0.0067270 secs] [Times: user=0.01 sys=0.00, real=0.00 secs] 
2014-07-16T10:40:02.425+0000: 1925.433: [GC [PSYoungGen: 757152K->544K(729152K)] 961277K->204741K(1416128K), 0.0057490 secs] [Times: user=0.02 sys=0.00, real=0.01 secs] 
2014-07-16T10:40:03.969+0000: 1926.978: [GC [PSYoungGen: 729067K->946K(702656K)] 933264K->205543K(1389632K), 0.0051820 secs] [Times: user=0.02 sys=0.00, real=0.00 secs] 
2014-07-16T10:40:05.210+0000: 1928.218: [GC [PSYoungGen: 702642K->416K(676544K)] 907239K->205197K(1363520K), 0.0043300 secs] [Times: user=0.02 sys=0.00, real=0.00 secs] 
2014-07-16T10:40:06.513+0000: 1929.521: [GC [PSYoungGen: 676512K->480K(652160K)] 881293K->205421K(1339136K), 0.0059120 secs] [Times: user=0.02 sys=0.00, real=0.01 secs] 
2014-07-16T10:40:07.735+0000: 1930.743: [GC [PSYoungGen: 652128K->320K(628672K)] 857069K->205333K(1315648K), 0.0060760 secs] [Times: user=0.01 sys=0.00, real=0.01 secs] 
2014-07-16T10:40:09.041+0000: 1932.049: [GC [PSYoungGen: 628672K->1138K(607232K)] 833685K->206215K(1294208K), 0.0153970 secs] [Times: user=0.05 sys=0.01, real=0.02 secs] 
2014-07-16T10:40:10.246+0000: 1933.255: [GC [PSYoungGen: 607218K->626K(585472K)] 812295K->205791K(1272448K), 0.0222360 secs] [Times: user=0.08 sys=0.00, real=0.03 secs] 
2014-07-16T10:40:11.508+0000: 1934.517: [GC [PSYoungGen: 585395K->616K(702464K)] 790560K->205861K(1389440K), 0.0327770 secs] [Times: user=0.11 sys=0.00, real=0.03 secs] 
2014-07-16T10:40:12.834+0000: 1935.842: [GC [PSYoungGen: 702440K->288K(842560K)] 907685K->205629K(1529536K), 0.0066180 secs] [Times: user=0.02 sys=0.00, real=0.01 secs] 
2014-07-16T10:40:14.530+0000: 1937.539: [GC [PSYoungGen: 842505K->594K(810688K)] 1047846K->206071K(1497664K), 0.0041770 secs] [Times: user=0.02 sys=0.00, real=0.00 secs] 
2014-07-16T10:40:16.049+0000: 1939.058: [GC [PSYoungGen: 810642K->904K(973056K)] 1016119K->206581K(1660032K), 0.0232140 secs] [Times: user=0.08 sys=0.00, real=0.02 secs] 
2014-07-16T10:40:17.878+0000: 1940.886: [GC [PSYoungGen: 973000K->512K(934208K)] 1178677K->206293K(1621184K), 0.0118200 secs] [Times: user=0.02 sys=0.00, real=0.01 secs] 
2014-07-16T10:40:19.805+0000: 1942.814: [GC [PSYoungGen: 934208K->448K(897600K)] 1139989K->206301K(1584576K), 0.0042220 secs] [Times: user=0.01 sys=0.00, real=0.01 secs] 
2014-07-16T10:40:21.570+0000: 1944.578: [GC [PSYoungGen: 897600K->416K(862784K)] 1103453K->206389K(1549760K), 0.0138210 secs] [Times: user=0.05 sys=0.00, real=0.01 secs] 
2014-07-16T10:40:23.284+0000: 1946.293: [GC [PSYoungGen: 862752K->786K(830016K)] 1068725K->206879K(1516992K), 0.0076820 secs] [Times: user=0.02 sys=0.00, real=0.01 secs] 
2014-07-16T10:40:24.960+0000: 1947.968: [GC [PSYoungGen: 829970K->384K(797952K)] 1036063K->206693K(1484928K), 0.0083160 secs] [Times: user=0.01 sys=0.00, real=0.00 secs] 
2014-07-16T10:40:26.540+0000: 1949.548: [GC [PSYoungGen: 797952K->598K(768128K)] 1004261K->207051K(1455104K), 0.0192560 secs] [Times: user=0.07 sys=0.00, real=0.01 secs] 
2014-07-16T10:40:28.038+0000: 1951.046: [GC [PSYoungGen: 768086K->512K(739328K)] 974539K->207069K(1426304K), 0.0171150 secs] [Times: user=0.07 sys=0.00, real=0.02 secs] 
2014-07-16T10:40:29.576+0000: 1952.584: [GC [PSYoungGen: 739326K->576K(712064K)] 945883K->207221K(1399040K), 0.0097620 secs] [Times: user=0.03 sys=0.00, real=0.01 secs] 
2014-07-16T10:40:30.948+0000: 1953.956: [GC [PSYoungGen: 712064K->562K(685952K)] 918709K->207303K(1372928K), 0.0068520 secs] [Times: user=0.02 sys=0.00, real=0.01 secs] 
2014-07-16T10:40:32.298+0000: 1955.306: [GC [PSYoungGen: 685933K->950K(661440K)] 892674K->207747K(1348416K), 0.0107810 secs] [Times: user=0.02 sys=0.00, real=0.01 secs] 
2014-07-16T10:40:33.593+0000: 1956.601: [GC [PSYoungGen: 661361K->448K(637184K)] 868158K->207549K(1324160K), 0.0050320 secs] [Times: user=0.02 sys=0.00, real=0.00 secs] 
2014-07-16T10:40:34.938+0000: 1957.947: [GC [PSYoungGen: 637089K->512K(614592K)] 844190K->207781K(1301568K), 0.0038340 secs] [Times: user=0.01 sys=0.00, real=0.01 secs] 
2014-07-16T10:40:36.145+0000: 1959.154: [GC [PSYoungGen: 614592K->256K(592768K)] 821861K->207693K(1279744K), 0.0259090 secs] [Times: user=0.10 sys=0.00, real=0.03 secs] 
2014-07-16T10:40:37.287+0000: 1960.295: [GC [PSYoungGen: 592768K->452K(572416K)] 800205K->207977K(1259392K), 0.0033590 secs] [Times: user=0.01 sys=0.00, real=0.00 secs] 
2014-07-16T10:40:38.379+0000: 1961.388: [GC [PSYoungGen: 572356K->434K(552640K)] 779881K->208031K(1239616K), 0.0129920 secs] [Times: user=0.05 sys=0.00, real=0.02 secs] 
2014-07-16T10:40:39.580+0000: 1962.588: [GC [PSYoungGen: 552626K->1024K(534400K)] 760223K->208725K(1221376K), 0.0067160 secs] [Times: user=0.02 sys=0.00, real=0.01 secs] 
2014-07-16T10:40:40.635+0000: 1963.643: [GC [PSYoungGen: 534400K->580K(516096K)] 742101K->208361K(1203072K), 0.0047440 secs] [Times: user=0.01 sys=0.00, real=0.00 secs] 
2014-07-16T10:40:41.711+0000: 1964.720: [GC [PSYoungGen: 516036K->448K(498752K)] 723817K->208293K(1185728K), 0.0078430 secs] [Times: user=0.02 sys=0.00, real=0.01 secs] 
2014-07-16T10:40:42.640+0000: 1965.648: [GC [PSYoungGen: 498752K->352K(598400K)] 706597K->208317K(1285376K), 0.0304620 secs] [Times: user=0.11 sys=0.00, real=0.03 secs] 
2014-07-16T10:40:43.820+0000: 1966.829: [GC [PSYoungGen: 598359K->544K(718208K)] 806324K->208621K(1405184K), 0.0082090 secs] [Times: user=0.01 sys=0.00, real=0.01 secs] 
2014-07-16T10:40:45.267+0000: 1968.276: [GC [PSYoungGen: 718176K->608K(861824K)] 926253K->208861K(1548800K), 0.0079290 secs] [Times: user=0.02 sys=0.00, real=0.01 secs] 
2014-07-16T10:40:46.788+0000: 1969.796: [GC [PSYoungGen: 861792K->352K(828480K)] 1070045K->208725K(1515456K), 0.0072770 secs] [Times: user=0.01 sys=0.00, real=0.01 secs] 
2014-07-16T10:40:48.394+0000: 1971.402: [GC [PSYoungGen: 828448K->402K(796992K)] 1036821K->208815K(1483968K), 0.0055860 secs] [Times: user=0.02 sys=0.00, real=0.00 secs] 
2014-07-16T10:40:50.059+0000: 1973.067: [GC [PSYoungGen: 796941K->758K(767232K)] 1005354K->209267K(1454208K), 0.0138440 secs] [Times: user=0.04 sys=0.00, real=0.01 secs] 
2014-07-16T10:40:51.501+0000: 1974.509: [GC [PSYoungGen: 767217K->480K(738304K)] 975726K->209109K(1425280K), 0.0162000 secs] [Times: user=0.05 sys=0.00, real=0.02 secs] 
2014-07-16T10:40:52.910+0000: 1975.919: [GC [PSYoungGen: 738229K->416K(710912K)] 946858K->209125K(1397888K), 0.0047140 secs] [Times: user=0.01 sys=0.00, real=0.01 secs] 
2014-07-16T10:40:54.281+0000: 1977.290: [GC [PSYoungGen: 710880K->580K(853248K)] 919589K->209441K(1540224K), 0.0342720 secs] [Times: user=0.13 sys=0.01, real=0.04 secs] 
2014-07-16T10:40:55.969+0000: 1978.977: [GC [PSYoungGen: 853185K->320K(820224K)] 1062046K->209309K(1507200K), 0.0056180 secs] [Times: user=0.01 sys=0.00, real=0.01 secs] 
2014-07-16T10:40:57.514+0000: 1980.523: [GC [PSYoungGen: 820192K->804K(984768K)] 1029181K->209921K(1671744K), 0.0275310 secs] [Times: user=0.10 sys=0.00, real=0.02 secs] 
2014-07-16T10:40:59.500+0000: 1982.509: [GC [PSYoungGen: 984740K->576K(945536K)] 1193857K->209757K(1632512K), 0.0064560 secs] [Times: user=0.01 sys=0.00, real=0.01 secs] 
2014-07-16T10:41:01.315+0000: 1984.323: [GC [PSYoungGen: 945536K->480K(908352K)] 1154717K->209773K(1595328K), 0.0078760 secs] [Times: user=0.03 sys=0.00, real=0.01 secs] 
2014-07-16T10:41:03.103+0000: 1986.111: [GC [PSYoungGen: 908320K->448K(872960K)] 1117613K->209829K(1559936K), 0.0284260 secs] [Times: user=0.11 sys=0.00, real=0.03 secs] 
2014-07-16T10:41:04.861+0000: 1987.870: [GC [PSYoungGen: 872960K->946K(839808K)] 1082341K->210511K(1526784K), 0.0044980 secs] [Times: user=0.01 sys=0.00, real=0.01 secs] 
2014-07-16T10:41:06.612+0000: 1989.620: [GC [PSYoungGen: 839770K->826K(807616K)] 1049335K->210559K(1494592K), 0.0105300 secs] [Times: user=0.04 sys=0.00, real=0.01 secs] 
2014-07-16T10:41:08.216+0000: 1991.225: [GC [PSYoungGen: 807610K->434K(776704K)] 1017343K->210511K(1463680K), 0.0245850 secs] [Times: user=0.09 sys=0.00, real=0.02 secs] 
2014-07-16T10:41:09.652+0000: 1992.660: [GC [PSYoungGen: 776612K->434K(747584K)] 986689K->210615K(1434560K), 0.0131190 secs] [Times: user=0.04 sys=0.00, real=0.01 secs] 
2014-07-16T10:41:11.302+0000: 1994.311: [GC [PSYoungGen: 747543K->562K(897152K)] 957724K->210847K(1584128K), 0.0278290 secs] [Times: user=0.10 sys=0.00, real=0.03 secs] 
2014-07-16T10:41:13.101+0000: 1996.109: [GC [PSYoungGen: 897137K->576K(862336K)] 1107422K->210989K(1549312K), 0.0073130 secs] [Times: user=0.01 sys=0.00, real=0.01 secs] 
2014-07-16T10:41:14.700+0000: 1997.709: [GC [PSYoungGen: 862323K->598K(829248K)] 1072736K->211219K(1516224K), 0.0035200 secs] [Times: user=0.01 sys=0.00, real=0.00 secs] 
2014-07-16T10:41:16.335+0000: 1999.343: [GC [PSYoungGen: 829206K->498K(994880K)] 1039827K->211239K(1681856K), 0.0375260 secs] [Times: user=0.12 sys=0.00, real=0.04 secs] 
2014-07-16T10:41:18.190+0000: 2001.198: [GC [PSYoungGen: 994866K->434K(955392K)] 1205607K->211295K(1642368K), 0.0083390 secs] [Times: user=0.01 sys=0.00, real=0.01 secs] 
2014-07-16T10:41:19.998+0000: 2003.006: [GC [PSYoungGen: 955378K->416K(917824K)] 1166239K->211349K(1604800K), 0.0162830 secs] [Times: user=0.06 sys=0.01, real=0.01 secs] 
2014-07-16T10:41:21.939+0000: 2004.948: [GC [PSYoungGen: 917792K->562K(882176K)] 1128725K->211567K(1569152K), 0.0104310 secs] [Times: user=0.02 sys=0.00, real=0.01 secs] 
2014-07-16T10:41:23.722+0000: 2006.730: [GC [PSYoungGen: 882162K->544K(848128K)] 1093167K->211725K(1535104K), 0.0057020 secs] [Times: user=0.01 sys=0.01, real=0.00 secs] 
2014-07-16T10:41:25.495+0000: 2008.504: [GC [PSYoungGen: 848065K->676K(815808K)] 1059246K->212553K(1502784K), 0.0081620 secs] [Times: user=0.02 sys=0.01, real=0.01 secs] 
2014-07-16T10:41:26.978+0000: 2009.986: [GC [PSYoungGen: 815775K->626K(784832K)] 1027652K->212663K(1471808K), 0.0144740 secs] [Times: user=0.05 sys=0.00, real=0.02 secs] 
2014-07-16T10:41:28.407+0000: 2011.415: [GC [PSYoungGen: 784818K->320K(755008K)] 996855K->212533K(1441984K), 0.0069340 secs] [Times: user=0.02 sys=0.00, real=0.01 secs] 
2014-07-16T10:41:29.949+0000: 2012.958: [GC [PSYoungGen: 755008K->466K(727104K)] 967221K->212727K(1414080K), 0.0047200 secs] [Times: user=0.02 sys=0.00, real=0.00 secs] 
2014-07-16T10:41:31.540+0000: 2014.548: [GC [PSYoungGen: 727058K->612K(700416K)] 939319K->212953K(1387392K), 0.0111520 secs] [Times: user=0.04 sys=0.00, real=0.01 secs] 
2014-07-16T10:41:32.933+0000: 2015.942: [GC [PSYoungGen: 700388K->530K(674816K)] 912729K->212999K(1361792K), 0.0088380 secs] [Times: user=0.02 sys=0.01, real=0.01 secs] 
2014-07-16T10:41:34.355+0000: 2017.364: [GC [PSYoungGen: 674768K->612K(650496K)] 887237K->213241K(1337472K), 0.0073040 secs] [Times: user=0.03 sys=0.00, real=0.01 secs] 
2014-07-16T10:41:35.676+0000: 2018.685: [GC [PSYoungGen: 650468K->612K(627264K)] 863097K->213417K(1314240K), 0.0109170 secs] [Times: user=0.04 sys=0.00, real=0.01 secs] 
2014-07-16T10:41:36.885+0000: 2019.894: [GC [PSYoungGen: 627236K->694K(605184K)] 840041K->213691K(1292160K), 0.0070320 secs] [Times: user=0.01 sys=0.01, real=0.01 secs] 
2014-07-16T10:41:38.061+0000: 2021.069: [GC [PSYoungGen: 605174K->640K(583936K)] 818171K->213701K(1270912K), 0.0083210 secs] [Times: user=0.01 sys=0.00, real=0.00 secs] 
2014-07-16T10:41:39.181+0000: 2022.190: [GC [PSYoungGen: 583936K->484K(563584K)] 796997K->213617K(1250560K), 0.0061350 secs] [Times: user=0.02 sys=0.00, real=0.00 secs] 
2014-07-16T10:41:40.259+0000: 2023.267: [GC [PSYoungGen: 563556K->544K(676288K)] 776689K->213741K(1363264K), 0.0307060 secs] [Times: user=0.11 sys=0.00, real=0.03 secs] 
2014-07-16T10:41:41.718+0000: 2024.726: [GC [PSYoungGen: 676256K->512K(811392K)] 889453K->213765K(1498368K), 0.0214170 secs] [Times: user=0.08 sys=0.00, real=0.02 secs] 
2014-07-16T10:41:43.475+0000: 2026.483: [GC [PSYoungGen: 811392K->932K(974016K)] 1024645K->214449K(1660992K), 0.0277980 secs] [Times: user=0.10 sys=0.00, real=0.03 secs] 
2014-07-16T10:41:45.354+0000: 2028.362: [GC [PSYoungGen: 973905K->502K(1168192K)] 1187422K->214315K(1855168K), 0.0064350 secs] [Times: user=0.02 sys=0.00, real=0.00 secs] 
2014-07-16T10:41:47.565+0000: 2030.574: [GC [PSYoungGen: 1168182K->434K(1120320K)] 1381995K->214423K(1807296K), 0.0126390 secs] [Times: user=0.05 sys=0.00, real=0.01 secs] 
2014-07-16T10:41:49.642+0000: 2032.650: [GC [PSYoungGen: 1120306K->512K(1074880K)] 1334295K->214637K(1761856K), 0.0185410 secs] [Times: user=0.06 sys=0.00, real=0.02 secs] 
2014-07-16T10:41:51.770+0000: 2034.778: [GC [PSYoungGen: 1074880K->516K(1031680K)] 1289005K->214721K(1718656K), 0.0091630 secs] [Times: user=0.03 sys=0.00, real=0.01 secs] 
2014-07-16T10:41:53.825+0000: 2036.833: [GC [PSYoungGen: 1031620K->790K(990720K)] 1245825K->215131K(1677696K), 0.0184980 secs] [Times: user=0.07 sys=0.00, real=0.02 secs] 
2014-07-16T10:41:55.743+0000: 2038.751: [GC [PSYoungGen: 990678K->662K(951360K)] 1205019K->215243K(1638336K), 0.0118480 secs] [Times: user=0.02 sys=0.00, real=0.02 secs] 
2014-07-16T10:41:57.551+0000: 2040.559: [GC [PSYoungGen: 951316K->448K(913728K)] 1165897K->215165K(1600704K), 0.0126910 secs] [Times: user=0.03 sys=0.00, real=0.02 secs] 
2014-07-16T10:41:59.318+0000: 2042.326: [GC [PSYoungGen: 913728K->794K(878528K)] 1128445K->215599K(1565504K), 0.0134700 secs] [Times: user=0.04 sys=0.00, real=0.01 secs] 
2014-07-16T10:42:01.284+0000: 2044.292: [GC [PSYoungGen: 878490K->868K(844672K)] 1093295K->215761K(1531648K), 0.0226150 secs] [Times: user=0.09 sys=0.00, real=0.03 secs] 
2014-07-16T10:42:03.030+0000: 2046.039: [GC [PSYoungGen: 844636K->822K(812352K)] 1059529K->215843K(1499328K), 0.0221030 secs] [Times: user=0.08 sys=0.00, real=0.02 secs] 
2014-07-16T10:42:04.640+0000: 2047.648: [GC [PSYoungGen: 812300K->616K(781376K)] 1027321K->216037K(1468352K), 0.0120880 secs] [Times: user=0.04 sys=0.00, real=0.01 secs] 
2014-07-16T10:42:06.330+0000: 2049.338: [GC [PSYoungGen: 781352K->1202K(752640K)] 996773K->216847K(1439616K), 0.0071270 secs] [Times: user=0.02 sys=0.00, real=0.01 secs] 
2014-07-16T10:42:07.687+0000: 2050.695: [GC [PSYoungGen: 752626K->434K(723904K)] 968271K->216247K(1410880K), 0.0055780 secs] [Times: user=0.01 sys=0.00, real=0.00 secs] 
2014-07-16T10:42:09.095+0000: 2052.103: [GC [PSYoungGen: 723890K->566K(697408K)] 939703K->216451K(1384384K), 0.0271990 secs] [Times: user=0.09 sys=0.00, real=0.03 secs] 
2014-07-16T10:42:10.429+0000: 2053.437: [GC [PSYoungGen: 697398K->370K(836608K)] 913283K->216319K(1523584K), 0.0194440 secs] [Times: user=0.07 sys=0.00, real=0.02 secs] 
2014-07-16T10:42:12.196+0000: 2055.204: [GC [PSYoungGen: 836594K->676K(804992K)] 1052543K->216673K(1491968K), 0.0055950 secs] [Times: user=0.02 sys=0.00, real=0.01 secs] 
2014-07-16T10:42:13.805+0000: 2056.813: [GC [PSYoungGen: 804964K->772K(774720K)] 1020961K->216937K(1461696K), 0.0169980 secs] [Times: user=0.06 sys=0.00, real=0.02 secs] 
2014-07-16T10:42:15.288+0000: 2058.296: [GC [PSYoungGen: 774660K->434K(745344K)] 990825K->216807K(1432320K), 0.0097400 secs] [Times: user=0.02 sys=0.00, real=0.01 secs] 
2014-07-16T10:42:16.811+0000: 2059.819: [GC [PSYoungGen: 745330K->256K(717504K)] 961703K->216725K(1404480K), 0.0080360 secs] [Times: user=0.01 sys=0.00, real=0.01 secs] 
2014-07-16T10:42:18.155+0000: 2061.163: [GC [PSYoungGen: 717504K->946K(691840K)] 933973K->217519K(1378816K), 0.0195940 secs] [Times: user=0.07 sys=0.00, real=0.02 secs] 
2014-07-16T10:42:19.461+0000: 2062.469: [GC [PSYoungGen: 691826K->320K(666048K)] 908399K->216941K(1353024K), 0.0051340 secs] [Times: user=0.01 sys=0.00, real=0.00 secs] 
2014-07-16T10:42:20.771+0000: 2063.779: [GC [PSYoungGen: 666048K->466K(642304K)] 882669K->217143K(1329280K), 0.0147400 secs] [Times: user=0.05 sys=0.00, real=0.01 secs] 
2014-07-16T10:42:22.045+0000: 2065.054: [GC [PSYoungGen: 642258K->630K(619584K)] 858935K->217363K(1306560K), 0.0153970 secs] [Times: user=0.06 sys=0.00, real=0.02 secs] 
2014-07-16T10:42:23.232+0000: 2066.240: [GC [PSYoungGen: 619509K->644K(743488K)] 836242K->217473K(1430464K), 0.0221270 secs] [Times: user=0.08 sys=0.00, real=0.02 secs] 
2014-07-16T10:42:24.711+0000: 2067.719: [GC [PSYoungGen: 743425K->598K(715904K)] 960254K->217571K(1402880K), 0.0062410 secs] [Times: user=0.02 sys=0.00, real=0.01 secs] 
2014-07-16T10:42:26.050+0000: 2069.059: [GC [PSYoungGen: 715862K->640K(689664K)] 932835K->217733K(1376640K), 0.0066450 secs] [Times: user=0.01 sys=0.01, real=0.00 secs] 
2014-07-16T10:42:27.447+0000: 2070.455: [GC [PSYoungGen: 689664K->384K(664384K)] 906757K->217541K(1351360K), 0.0081070 secs] [Times: user=0.02 sys=0.00, real=0.01 secs] 
2014-07-16T10:42:28.663+0000: 2071.672: [GC [PSYoungGen: 664383K->498K(640640K)] 881540K->217735K(1327616K), 0.0059720 secs] [Times: user=0.01 sys=0.00, real=0.01 secs] 
2014-07-16T10:42:29.848+0000: 2072.856: [GC [PSYoungGen: 640626K->498K(617856K)] 857863K->217775K(1304832K), 0.0049280 secs] [Times: user=0.01 sys=0.00, real=0.00 secs] 
2014-07-16T10:42:30.987+0000: 2073.996: [GC [PSYoungGen: 617842K->356K(595968K)] 835119K->217681K(1282944K), 0.0078160 secs] [Times: user=0.02 sys=0.00, real=0.01 secs] 
2014-07-16T10:42:32.239+0000: 2075.247: [GC [PSYoungGen: 595940K->512K(575360K)] 813265K->217893K(1262336K), 0.0155390 secs] [Times: user=0.06 sys=0.00, real=0.01 secs] 
2014-07-16T10:42:33.343+0000: 2076.351: [GC [PSYoungGen: 575360K->576K(555584K)] 792741K->218125K(1242560K), 0.0093950 secs] [Times: user=0.03 sys=0.00, real=0.01 secs] 
2014-07-16T10:42:34.416+0000: 2077.425: [GC [PSYoungGen: 555584K->612K(666688K)] 773133K->218313K(1353664K), 0.0191670 secs] [Times: user=0.07 sys=0.00, real=0.02 secs] 
2014-07-16T10:42:35.758+0000: 2078.766: [GC [PSYoungGen: 666660K->466K(799808K)] 884361K->218279K(1486784K), 0.0309780 secs] [Times: user=0.10 sys=0.00, real=0.03 secs] 
2014-07-16T10:42:37.345+0000: 2080.353: [GC [PSYoungGen: 799723K->680K(959872K)] 1017536K->218613K(1646848K), 0.0148320 secs] [Times: user=0.05 sys=0.00, real=0.02 secs] 
2014-07-16T10:42:39.146+0000: 2082.154: [GC [PSYoungGen: 959848K->384K(1151424K)] 1177781K->218413K(1838400K), 0.0186060 secs] [Times: user=0.07 sys=0.00, real=0.02 secs] 
2014-07-16T10:42:41.345+0000: 2084.354: [GC [PSYoungGen: 1151424K->480K(1381760K)] 1369453K->218565K(2068736K), 0.0146060 secs] [Times: user=0.05 sys=0.00, real=0.02 secs] 
2014-07-16T10:42:44.178+0000: 2087.186: [GC [PSYoungGen: 1381728K->768K(1323840K)] 1599813K->218981K(2010816K), 0.0142340 secs] [Times: user=0.05 sys=0.00, real=0.02 secs] 
2014-07-16T10:42:46.626+0000: 2089.634: [GC [PSYoungGen: 1323787K->288K(1268032K)] 1542000K->218829K(1955008K), 0.0092550 secs] [Times: user=0.01 sys=0.00, real=0.01 secs] 
2014-07-16T10:42:49.081+0000: 2092.090: [GC [PSYoungGen: 1268000K->946K(1216000K)] 1486541K->219591K(1902976K), 0.0058510 secs] [Times: user=0.01 sys=0.00, real=0.01 secs] 
2014-07-16T10:42:51.356+0000: 2094.365: [GC [PSYoungGen: 1215986K->516K(1165504K)] 1434631K->219289K(1852480K), 0.0187980 secs] [Times: user=0.07 sys=0.00, real=0.02 secs] 
2014-07-16T10:42:53.769+0000: 2096.778: [GC [PSYoungGen: 1165444K->576K(1117824K)] 1384217K->219437K(1804800K), 0.0047900 secs] [Times: user=0.01 sys=0.01, real=0.01 secs] 
2014-07-16T10:42:56.073+0000: 2099.081: [GC [PSYoungGen: 1117824K->448K(1072320K)] 1336685K->219605K(1759296K), 0.0203250 secs] [Times: user=0.08 sys=0.00, real=0.02 secs] 
2014-07-16T10:42:58.231+0000: 2101.239: [GC [PSYoungGen: 1072287K->644K(1029376K)] 1291444K->219993K(1716352K), 0.0078420 secs] [Times: user=0.01 sys=0.00, real=0.01 secs] 
2014-07-16T10:43:00.251+0000: 2103.259: [GC [PSYoungGen: 1029316K->690K(988288K)] 1248665K->220151K(1675264K), 0.0054170 secs] [Times: user=0.01 sys=0.00, real=0.01 secs] 
2014-07-16T10:43:02.311+0000: 2105.319: [GC [PSYoungGen: 988274K->932K(949440K)] 1207735K->220465K(1636416K), 0.0282500 secs] [Times: user=0.11 sys=0.00, real=0.03 secs] 
2014-07-16T10:43:04.179+0000: 2107.187: [GC [PSYoungGen: 949412K->434K(911680K)] 1168945K->220771K(1598656K), 0.0079060 secs] [Times: user=0.02 sys=0.01, real=0.01 secs] 
2014-07-16T10:43:06.021+0000: 2109.030: [GC [PSYoungGen: 911666K->1060K(876864K)] 1132003K->221613K(1563840K), 0.0100170 secs] [Times: user=0.02 sys=0.00, real=0.01 secs] 
2014-07-16T10:43:07.714+0000: 2110.723: [GC [PSYoungGen: 876809K->516K(842560K)] 1097362K->221301K(1529536K), 0.0077200 secs] [Times: user=0.02 sys=0.00, real=0.00 secs] 
2014-07-16T10:43:09.288+0000: 2112.296: [GC [PSYoungGen: 842500K->384K(810176K)] 1063285K->221297K(1497152K), 0.0074840 secs] [Times: user=0.01 sys=0.01, real=0.01 secs] 
2014-07-16T10:43:10.871+0000: 2113.879: [GC [PSYoungGen: 810176K->950K(780096K)] 1031089K->221943K(1467072K), 0.0318900 secs] [Times: user=0.10 sys=0.00, real=0.03 secs] 
2014-07-16T10:43:12.493+0000: 2115.501: [GC [PSYoungGen: 780086K->658K(750592K)] 1001079K->221715K(1437568K), 0.0124010 secs] [Times: user=0.04 sys=0.01, real=0.02 secs] 
2014-07-16T10:43:13.994+0000: 2117.002: [GC [PSYoungGen: 750546K->1088K(723072K)] 971603K->222305K(1410048K), 0.0133590 secs] [Times: user=0.04 sys=0.00, real=0.02 secs] 
2014-07-16T10:43:15.415+0000: 2118.424: [GC [PSYoungGen: 723072K->772K(867264K)] 944289K->222173K(1554240K), 0.0240310 secs] [Times: user=0.08 sys=0.00, real=0.02 secs] 
2014-07-16T10:43:17.072+0000: 2120.080: [GC [PSYoungGen: 867204K->644K(1040448K)] 1088605K->222157K(1727424K), 0.0154540 secs] [Times: user=0.04 sys=0.01, real=0.02 secs] 
2014-07-16T10:43:19.149+0000: 2122.157: [GC [PSYoungGen: 1040372K->1136K(999296K)] 1261885K->222745K(1686272K), 0.0055520 secs] [Times: user=0.02 sys=0.00, real=0.00 secs] 
2014-07-16T10:43:21.062+0000: 2124.070: [GC [PSYoungGen: 999246K->498K(959040K)] 1220855K->222211K(1646016K), 0.0063310 secs] [Times: user=0.01 sys=0.01, real=0.01 secs] 
2014-07-16T10:43:22.993+0000: 2126.001: [GC [PSYoungGen: 959026K->672K(921472K)] 1180739K->222457K(1608448K), 0.0065660 secs] [Times: user=0.01 sys=0.00, real=0.01 secs] 
2014-07-16T10:43:24.765+0000: 2127.773: [GC [PSYoungGen: 921375K->648K(885504K)] 1143160K->222673K(1572480K), 0.0140010 secs] [Times: user=0.05 sys=0.00, real=0.02 secs] 
2014-07-16T10:43:26.496+0000: 2129.504: [GC [PSYoungGen: 885448K->530K(851136K)] 1107473K->222699K(1538112K), 0.0070050 secs] [Times: user=0.02 sys=0.00, real=0.01 secs] 
2014-07-16T10:43:28.210+0000: 2131.218: [GC [PSYoungGen: 851090K->352K(818368K)] 1073259K->222625K(1505344K), 0.0092200 secs] [Times: user=0.03 sys=0.00, real=0.01 secs] 
2014-07-16T10:43:29.776+0000: 2132.784: [GC [PSYoungGen: 818336K->384K(787328K)] 1040609K->222793K(1474304K), 0.0108710 secs] [Times: user=0.03 sys=0.00, real=0.01 secs] 
2014-07-16T10:43:31.217+0000: 2134.225: [GC [PSYoungGen: 787328K->740K(758080K)] 1009737K->223213K(1445056K), 0.0061540 secs] [Times: user=0.02 sys=0.00, real=0.01 secs] 
2014-07-16T10:43:32.775+0000: 2135.783: [GC [PSYoungGen: 758052K->978K(730112K)] 980525K->223491K(1417088K), 0.0058530 secs] [Times: user=0.02 sys=0.00, real=0.01 secs] 
2014-07-16T10:43:34.155+0000: 2137.163: [GC [PSYoungGen: 730014K->708K(702976K)] 952527K->223405K(1389952K), 0.0135520 secs] [Times: user=0.05 sys=0.00, real=0.02 secs] 
2014-07-16T10:43:35.572+0000: 2138.580: [GC [PSYoungGen: 702916K->580K(677184K)] 925613K->223437K(1364160K), 0.0149970 secs] [Times: user=0.05 sys=0.00, real=0.01 secs] 
2014-07-16T10:43:36.960+0000: 2139.968: [GC [PSYoungGen: 677124K->676K(652800K)] 899981K->223653K(1339776K), 0.0134940 secs] [Times: user=0.04 sys=0.00, real=0.01 secs] 
2014-07-16T10:43:38.290+0000: 2141.299: [GC [PSYoungGen: 652772K->690K(783232K)] 875749K->223747K(1470208K), 0.0281740 secs] [Times: user=0.09 sys=0.00, real=0.02 secs] 
2014-07-16T10:43:39.787+0000: 2142.796: [GC [PSYoungGen: 783137K->954K(940032K)] 1006194K->224235K(1627008K), 0.0355300 secs] [Times: user=0.13 sys=0.00, real=0.04 secs] 
2014-07-16T10:43:41.666+0000: 2144.675: [GC [PSYoungGen: 940026K->512K(1127424K)] 1163307K->223865K(1814400K), 0.0160830 secs] [Times: user=0.07 sys=0.00, real=0.02 secs] 
2014-07-16T10:43:43.939+0000: 2146.948: [GC [PSYoungGen: 1127344K->1018K(1353344K)] 1350697K->224531K(2040320K), 0.0106410 secs] [Times: user=0.04 sys=0.00, real=0.02 secs] 
2014-07-16T10:43:46.571+0000: 2149.579: [GC [PSYoungGen: 1353334K->928K(1296512K)] 1576847K->224697K(1983488K), 0.0055000 secs] [Times: user=0.01 sys=0.00, real=0.00 secs] 
2014-07-16T10:43:49.171+0000: 2152.179: [GC [PSYoungGen: 1296445K->680K(1242240K)] 1520214K->224601K(1929216K), 0.0053570 secs] [Times: user=0.02 sys=0.00, real=0.00 secs] 
2014-07-16T10:43:51.479+0000: 2154.487: [GC [PSYoungGen: 1242216K->416K(1190592K)] 1466137K->224505K(1877568K), 0.0256000 secs] [Times: user=0.08 sys=0.00, real=0.03 secs] 
2014-07-16T10:43:53.747+0000: 2156.756: [GC [PSYoungGen: 1190560K->594K(1141888K)] 1414649K->224771K(1828864K), 0.0073210 secs] [Times: user=0.02 sys=0.00, real=0.01 secs] 
2014-07-16T10:43:55.942+0000: 2158.950: [GC [PSYoungGen: 1141842K->320K(1095040K)] 1366019K->224721K(1782016K), 0.0045320 secs] [Times: user=0.02 sys=0.00, real=0.00 secs] 
2014-07-16T10:43:58.339+0000: 2161.347: [GC [PSYoungGen: 1095040K->594K(1051072K)] 1319441K->225131K(1738048K), 0.0231980 secs] [Times: user=0.09 sys=0.00, real=0.03 secs] 
2014-07-16T10:44:00.249+0000: 2163.257: [GC [PSYoungGen: 1051026K->534K(1008896K)] 1275563K->225231K(1695872K), 0.0069010 secs] [Times: user=0.02 sys=0.00, real=0.01 secs] 
2014-07-16T10:44:02.178+0000: 2165.186: [GC [PSYoungGen: 1008854K->708K(968960K)] 1233551K->225461K(1655936K), 0.0199250 secs] [Times: user=0.07 sys=0.00, real=0.02 secs] 
2014-07-16T10:44:04.133+0000: 2167.141: [GC [PSYoungGen: 968900K->626K(930624K)] 1193653K->225499K(1617600K), 0.0217550 secs] [Times: user=0.08 sys=0.00, real=0.02 secs] 
2014-07-16T10:44:05.910+0000: 2168.918: [GC [PSYoungGen: 930610K->580K(894272K)] 1155483K->225685K(1581248K), 0.0102450 secs] [Times: user=0.04 sys=0.00, real=0.01 secs] 
2014-07-16T10:44:07.717+0000: 2170.726: [GC [PSYoungGen: 894113K->420K(859456K)] 1119218K->225613K(1546432K), 0.0045780 secs] [Times: user=0.02 sys=0.00, real=0.00 secs] 
2014-07-16T10:44:09.410+0000: 2172.419: [GC [PSYoungGen: 859428K->502K(826496K)] 1084621K->225807K(1513472K), 0.0115310 secs] [Times: user=0.04 sys=0.00, real=0.01 secs] 
2014-07-16T10:44:10.892+0000: 2173.900: [GC [PSYoungGen: 826402K->402K(795008K)] 1051708K->225803K(1481984K), 0.0064290 secs] [Times: user=0.02 sys=0.00, real=0.01 secs] 
2014-07-16T10:44:12.390+0000: 2175.399: [GC [PSYoungGen: 794962K->658K(765312K)] 1020363K->226115K(1452288K), 0.0191150 secs] [Times: user=0.06 sys=0.00, real=0.02 secs] 
2014-07-16T10:44:13.887+0000: 2176.895: [GC [PSYoungGen: 765266K->384K(736448K)] 990723K->225937K(1423424K), 0.0193710 secs] [Times: user=0.08 sys=0.00, real=0.02 secs] 
2014-07-16T10:44:15.274+0000: 2178.282: [GC [PSYoungGen: 736448K->448K(709312K)] 962001K->226193K(1396288K), 0.0128700 secs] [Times: user=0.04 sys=0.00, real=0.01 secs] 
2014-07-16T10:44:16.657+0000: 2179.666: [GC [PSYoungGen: 709307K->352K(683264K)] 935052K->226193K(1370240K), 0.0106990 secs] [Times: user=0.04 sys=0.00, real=0.01 secs] 
2014-07-16T10:44:18.027+0000: 2181.036: [GC [PSYoungGen: 683229K->320K(658432K)] 909070K->226241K(1345408K), 0.0195120 secs] [Times: user=0.08 sys=0.00, real=0.02 secs] 
2014-07-16T10:44:19.402+0000: 2182.410: [GC [PSYoungGen: 658432K->384K(634880K)] 884353K->226401K(1321856K), 0.0111710 secs] [Times: user=0.05 sys=0.00, real=0.01 secs] 
2014-07-16T10:44:20.564+0000: 2183.572: [GC [PSYoungGen: 634880K->452K(612480K)] 860897K->226557K(1299456K), 0.0052480 secs] [Times: user=0.01 sys=0.00, real=0.01 secs] 
2014-07-16T10:44:21.699+0000: 2184.707: [GC [PSYoungGen: 612420K->256K(590720K)] 838525K->226401K(1277696K), 0.0168760 secs] [Times: user=0.06 sys=0.00, real=0.02 secs] 
2014-07-16T10:44:22.803+0000: 2185.811: [GC [PSYoungGen: 590718K->484K(570432K)] 816863K->226693K(1257408K), 0.0064110 secs] [Times: user=0.01 sys=0.00, real=0.01 secs] 
2014-07-16T10:44:24.044+0000: 2187.052: [GC [PSYoungGen: 570404K->530K(550912K)] 796613K->226843K(1237888K), 0.0053620 secs] [Times: user=0.02 sys=0.00, real=0.01 secs] 
2014-07-16T10:44:25.087+0000: 2188.096: [GC [PSYoungGen: 550809K->708K(532416K)] 777122K->227189K(1219392K), 0.0055250 secs] [Times: user=0.01 sys=0.00, real=0.00 secs] 
2014-07-16T10:44:26.114+0000: 2189.122: [GC [PSYoungGen: 532261K->580K(514432K)] 758742K->227149K(1201408K), 0.0073740 secs] [Times: user=0.01 sys=0.00, real=0.01 secs] 
2014-07-16T10:44:27.137+0000: 2190.145: [GC [PSYoungGen: 514372K->576K(497280K)] 740941K->227217K(1184256K), 0.0058910 secs] [Times: user=0.01 sys=0.00, real=0.00 secs] 
2014-07-16T10:44:28.202+0000: 2191.210: [GC [PSYoungGen: 497280K->530K(480960K)] 723921K->227251K(1167936K), 0.0135200 secs] [Times: user=0.05 sys=0.00, real=0.01 secs] 
2014-07-16T10:44:29.259+0000: 2192.267: [GC [PSYoungGen: 480914K->434K(576960K)] 707635K->227235K(1263936K), 0.0239340 secs] [Times: user=0.08 sys=0.00, real=0.02 secs] 
2014-07-16T10:44:30.323+0000: 2193.331: [GC [PSYoungGen: 576946K->338K(692224K)] 803747K->227219K(1379200K), 0.0182160 secs] [Times: user=0.07 sys=0.00, real=0.02 secs] 
2014-07-16T10:44:31.654+0000: 2194.662: [GC [PSYoungGen: 692178K->256K(830464K)] 919059K->227169K(1517440K), 0.0066900 secs] [Times: user=0.01 sys=0.00, real=0.01 secs] 
2014-07-16T10:44:33.205+0000: 2196.213: [GC [PSYoungGen: 830463K->690K(799296K)] 1057376K->227731K(1486272K), 0.0095910 secs] [Times: user=0.02 sys=0.00, real=0.01 secs] 
2014-07-16T10:44:34.732+0000: 2197.740: [GC [PSYoungGen: 799282K->352K(768832K)] 1026323K->227553K(1455808K), 0.0059740 secs] [Times: user=0.01 sys=0.00, real=0.01 secs] 
2014-07-16T10:44:36.191+0000: 2199.200: [GC [PSYoungGen: 768793K->498K(740224K)] 995994K->227819K(1427200K), 0.0058900 secs] [Times: user=0.02 sys=0.01, real=0.01 secs] 
2014-07-16T10:44:37.691+0000: 2200.699: [GC [PSYoungGen: 740210K->448K(712768K)] 967531K->227865K(1399744K), 0.0114260 secs] [Times: user=0.03 sys=0.00, real=0.01 secs] 
2014-07-16T10:44:39.310+0000: 2202.319: [GC [PSYoungGen: 712768K->832K(687040K)] 940185K->228545K(1374016K), 0.0063520 secs] [Times: user=0.02 sys=0.00, real=0.00 secs] 
2014-07-16T10:44:40.567+0000: 2203.576: [GC [PSYoungGen: 687040K->352K(661696K)] 914753K->228177K(1348672K), 0.0140850 secs] [Times: user=0.05 sys=0.00, real=0.02 secs] 
2014-07-16T10:44:41.802+0000: 2204.810: [GC [PSYoungGen: 661664K->516K(638144K)] 889489K->228429K(1325120K), 0.0079990 secs] [Times: user=0.02 sys=0.00, real=0.01 secs] 
2014-07-16T10:44:43.002+0000: 2206.010: [GC [PSYoungGen: 638084K->384K(615296K)] 865997K->228369K(1302272K), 0.0053060 secs] [Times: user=0.01 sys=0.00, real=0.00 secs] 
2014-07-16T10:44:44.294+0000: 2207.302: [GC [PSYoungGen: 615213K->598K(593920K)] 843198K->228703K(1280896K), 0.0186700 secs] [Times: user=0.07 sys=0.00, real=0.02 secs] 
2014-07-16T10:44:45.437+0000: 2208.446: [GC [PSYoungGen: 593878K->708K(573376K)] 821983K->228981K(1260352K), 0.0111130 secs] [Times: user=0.04 sys=0.00, real=0.01 secs] 
2014-07-16T10:44:46.512+0000: 2209.521: [GC [PSYoungGen: 573316K->384K(553280K)] 801589K->228745K(1240256K), 0.0144810 secs] [Times: user=0.05 sys=0.00, real=0.01 secs] 
2014-07-16T10:44:47.573+0000: 2210.581: [GC [PSYoungGen: 553280K->480K(664000K)] 781641K->228897K(1350976K), 0.0131040 secs] [Times: user=0.05 sys=0.00, real=0.01 secs] 
2014-07-16T10:44:48.879+0000: 2211.888: [GC [PSYoungGen: 663872K->502K(640128K)] 892289K->228967K(1327104K), 0.0053550 secs] [Times: user=0.01 sys=0.00, real=0.00 secs] 
2014-07-16T10:44:50.284+0000: 2213.292: [GC [PSYoungGen: 640118K->662K(617536K)] 868583K->229223K(1304512K), 0.0114410 secs] [Times: user=0.03 sys=0.00, real=0.01 secs] 
2014-07-16T10:44:51.424+0000: 2214.432: [GC [PSYoungGen: 617494K->320K(595456K)] 846055K->228985K(1282432K), 0.0127230 secs] [Times: user=0.04 sys=0.00, real=0.01 secs] 
2014-07-16T10:44:52.497+0000: 2215.505: [GC [PSYoungGen: 595456K->416K(574848K)] 824121K->229153K(1261824K), 0.0114080 secs] [Times: user=0.04 sys=0.00, real=0.01 secs] 
2014-07-16T10:44:53.578+0000: 2216.587: [GC [PSYoungGen: 574816K->384K(555008K)] 803553K->229209K(1241984K), 0.0090510 secs] [Times: user=0.03 sys=0.00, real=0.01 secs] 
2014-07-16T10:44:54.735+0000: 2217.743: [GC [PSYoungGen: 555008K->548K(536320K)] 783833K->229509K(1223296K), 0.0110200 secs] [Times: user=0.03 sys=0.01, real=0.01 secs] 
2014-07-16T10:44:55.741+0000: 2218.749: [GC [PSYoungGen: 536292K->256K(517952K)] 765253K->229345K(1204928K), 0.0036620 secs] [Times: user=0.01 sys=0.00, real=0.00 secs] 
2014-07-16T10:44:56.725+0000: 2219.733: [GC [PSYoungGen: 517952K->644K(501120K)] 747041K->229813K(1188096K), 0.0135810 secs] [Times: user=0.04 sys=0.00, real=0.01 secs] 
2014-07-16T10:44:57.743+0000: 2220.752: [GC [PSYoungGen: 501060K->612K(484544K)] 730229K->229829K(1171520K), 0.0075000 secs] [Times: user=0.02 sys=0.00, real=0.00 secs] 
2014-07-16T10:44:58.702+0000: 2221.710: [GC [PSYoungGen: 484448K->420K(468608K)] 713665K->229725K(1155584K), 0.0108330 secs] [Times: user=0.04 sys=0.00, real=0.01 secs] 
2014-07-16T10:44:59.764+0000: 2222.772: [GC [PSYoungGen: 468577K->562K(562368K)] 697882K->229923K(1249344K), 0.0222000 secs] [Times: user=0.08 sys=0.00, real=0.02 secs] 
2014-07-16T10:45:00.881+0000: 2223.889: [GC [PSYoungGen: 562354K->352K(674560K)] 791715K->229809K(1361536K), 0.0083310 secs] [Times: user=0.02 sys=0.00, real=0.01 secs] 
2014-07-16T10:45:02.137+0000: 2225.145: [GC [PSYoungGen: 674528K->384K(809408K)] 903985K->229897K(1496384K), 0.0187010 secs] [Times: user=0.07 sys=0.00, real=0.02 secs] 
2014-07-16T10:45:03.647+0000: 2226.655: [GC [PSYoungGen: 809408K->512K(971392K)] 1038921K->230113K(1658368K), 0.0187420 secs] [Times: user=0.07 sys=0.00, real=0.02 secs] 
2014-07-16T10:45:05.559+0000: 2228.568: [GC [PSYoungGen: 971389K->804K(1165888K)] 1200990K->230605K(1852864K), 0.0086340 secs] [Times: user=0.02 sys=0.00, real=0.01 secs] 
2014-07-16T10:45:07.745+0000: 2230.753: [GC [PSYoungGen: 1165860K->384K(1117760K)] 1395661K->230361K(1804736K), 0.0172560 secs] [Times: user=0.06 sys=0.00, real=0.02 secs] 
2014-07-16T10:45:10.103+0000: 2233.111: [GC [PSYoungGen: 1117760K->498K(1072512K)] 1347737K->230579K(1759488K), 0.0077780 secs] [Times: user=0.01 sys=0.00, real=0.01 secs] 
2014-07-16T10:45:12.176+0000: 2235.184: [GC [PSYoungGen: 1072498K->480K(1029312K)] 1302579K->230713K(1716288K), 0.0097070 secs] [Times: user=0.03 sys=0.00, real=0.01 secs] 
2014-07-16T10:45:14.035+0000: 2237.044: [GC [PSYoungGen: 1029280K->384K(988096K)] 1259513K->230745K(1675072K), 0.0042620 secs] [Times: user=0.02 sys=0.00, real=0.00 secs] 
2014-07-16T10:45:15.998+0000: 2239.006: [GC [PSYoungGen: 988096K->448K(949056K)] 1218457K->230993K(1636032K), 0.0076350 secs] [Times: user=0.03 sys=0.00, real=0.01 secs] 
2014-07-16T10:45:17.812+0000: 2240.821: [GC [PSYoungGen: 949056K->484K(911872K)] 1179601K->231173K(1598848K), 0.0048040 secs] [Times: user=0.02 sys=0.01, real=0.01 secs] 
2014-07-16T10:45:19.731+0000: 2242.739: [GC [PSYoungGen: 911844K->640K(876480K)] 1142533K->231417K(1563456K), 0.0051430 secs] [Times: user=0.02 sys=0.00, real=0.01 secs] 
2014-07-16T10:45:21.508+0000: 2244.517: [GC [PSYoungGen: 876480K->594K(842688K)] 1107257K->231499K(1529664K), 0.0162410 secs] [Times: user=0.06 sys=0.00, real=0.02 secs] 
2014-07-16T10:45:23.132+0000: 2246.140: [GC [PSYoungGen: 842610K->434K(810304K)] 1073515K->231475K(1497280K), 0.0048840 secs] [Times: user=0.02 sys=0.00, real=0.01 secs] 
2014-07-16T10:45:24.702+0000: 2247.710: [GC [PSYoungGen: 810290K->818K(780032K)] 1041331K->232387K(1467008K), 0.0215660 secs] [Times: user=0.08 sys=0.00, real=0.02 secs] 
2014-07-16T10:45:26.163+0000: 2249.172: [GC [PSYoungGen: 780018K->448K(750400K)] 1011587K->232129K(1437376K), 0.0070900 secs] [Times: user=0.01 sys=0.00, real=0.01 secs] 
2014-07-16T10:45:27.542+0000: 2250.550: [GC [PSYoungGen: 750400K->356K(722432K)] 982081K->232213K(1409408K), 0.0054970 secs] [Times: user=0.01 sys=0.00, real=0.01 secs] 
2014-07-16T10:45:28.911+0000: 2251.920: [GC [PSYoungGen: 722341K->456K(696000K)] 954198K->232361K(1382976K), 0.0055590 secs] [Times: user=0.01 sys=0.00, real=0.01 secs] 
2014-07-16T10:45:30.411+0000: 2253.419: [GC [PSYoungGen: 695944K->580K(670784K)] 927849K->232541K(1357760K), 0.0180160 secs] [Times: user=0.06 sys=0.00, real=0.02 secs] 
2014-07-16T10:45:31.818+0000: 2254.826: [GC [PSYoungGen: 670724K->1024K(646976K)] 902685K->233259K(1333952K), 0.0078560 secs] [Times: user=0.02 sys=0.00, real=0.00 secs] 
2014-07-16T10:45:32.983+0000: 2255.991: [GC [PSYoungGen: 646976K->416K(623360K)] 879211K->232779K(1310336K), 0.0201010 secs] [Times: user=0.07 sys=0.00, real=0.02 secs] 
2014-07-16T10:45:34.142+0000: 2257.151: [GC [PSYoungGen: 623328K->484K(601408K)] 855691K->232991K(1288384K), 0.0047850 secs] [Times: user=0.02 sys=0.00, real=0.01 secs] 
2014-07-16T10:45:35.399+0000: 2258.408: [GC [PSYoungGen: 601286K->762K(721856K)] 833793K->233357K(1408832K), 0.0294480 secs] [Times: user=0.11 sys=0.00, real=0.03 secs] 
2014-07-16T10:45:36.752+0000: 2259.760: [GC [PSYoungGen: 721774K->320K(865664K)] 954369K->233035K(1552640K), 0.0223290 secs] [Times: user=0.08 sys=0.00, real=0.02 secs] 
2014-07-16T10:45:38.446+0000: 2261.455: [GC [PSYoungGen: 865664K->320K(1038784K)] 1098379K->233099K(1725760K), 0.0038550 secs] [Times: user=0.01 sys=0.00, real=0.01 secs] 
2014-07-16T10:45:40.606+0000: 2263.615: [GC [PSYoungGen: 1038784K->544K(1246784K)] 1271563K->233427K(1933760K), 0.0287980 secs] [Times: user=0.11 sys=0.00, real=0.03 secs] 
2014-07-16T10:45:43.091+0000: 2266.099: [GC [PSYoungGen: 1246752K->576K(1195200K)] 1479635K->233595K(1882176K), 0.0169990 secs] [Times: user=0.06 sys=0.00, real=0.01 secs] 
2014-07-16T10:45:45.352+0000: 2268.361: [GC [PSYoungGen: 1195200K->480K(1146048K)] 1428219K->233739K(1833024K), 0.0181720 secs] [Times: user=0.07 sys=0.00, real=0.02 secs] 
2014-07-16T10:45:47.545+0000: 2270.553: [GC [PSYoungGen: 1146016K->594K(1099456K)] 1379275K->234005K(1786432K), 0.0073070 secs] [Times: user=0.01 sys=0.00, real=0.01 secs] 
2014-07-16T10:45:49.566+0000: 2272.575: [GC [PSYoungGen: 1099410K->466K(1054848K)] 1332821K->233981K(1741824K), 0.0178640 secs] [Times: user=0.06 sys=0.00, real=0.02 secs] 
2014-07-16T10:45:51.639+0000: 2274.647: [GC [PSYoungGen: 1054802K->790K(1012864K)] 1288317K->234385K(1699840K), 0.0061060 secs] [Times: user=0.02 sys=0.00, real=0.01 secs] 
2014-07-16T10:45:53.655+0000: 2276.663: [GC [PSYoungGen: 1012822K->512K(972224K)] 1246417K->234235K(1659200K), 0.0150950 secs] [Times: user=0.06 sys=0.00, real=0.02 secs] 
2014-07-16T10:45:55.600+0000: 2278.609: [GC [PSYoungGen: 972224K->630K(933952K)] 1205947K->234585K(1620928K), 0.0255610 secs] [Times: user=0.10 sys=0.00, real=0.02 secs] 
2014-07-16T10:45:57.374+0000: 2280.382: [GC [PSYoungGen: 933942K->388K(897216K)] 1167897K->234479K(1584192K), 0.0043590 secs] [Times: user=0.01 sys=0.00, real=0.00 secs] 
2014-07-16T10:45:59.054+0000: 2282.063: [GC [PSYoungGen: 897156K->932K(862912K)] 1131247K->235095K(1549888K), 0.0054100 secs] [Times: user=0.01 sys=0.00, real=0.00 secs] 
2014-07-16T10:46:00.795+0000: 2283.803: [GC [PSYoungGen: 862884K->338K(829184K)] 1097047K->234557K(1516160K), 0.0041300 secs] [Times: user=0.01 sys=0.00, real=0.00 secs] 
2014-07-16T10:46:02.452+0000: 2285.461: [GC [PSYoungGen: 829138K->448K(797696K)] 1063357K->234771K(1484672K), 0.0221180 secs] [Times: user=0.08 sys=0.00, real=0.02 secs] 
2014-07-16T10:46:04.043+0000: 2287.052: [GC [PSYoungGen: 797656K->448K(767616K)] 1031979K->234907K(1454592K), 0.0151400 secs] [Times: user=0.05 sys=0.00, real=0.01 secs] 
2014-07-16T10:46:05.670+0000: 2288.678: [GC [PSYoungGen: 767613K->580K(739136K)] 1002072K->235223K(1426112K), 0.0123770 secs] [Times: user=0.04 sys=0.00, real=0.02 secs] 
2014-07-16T10:46:07.122+0000: 2290.130: [GC [PSYoungGen: 739076K->960K(712128K)] 973719K->235755K(1399104K), 0.0068420 secs] [Times: user=0.02 sys=0.00, real=0.00 secs] 
2014-07-16T10:46:08.395+0000: 2291.404: [GC [PSYoungGen: 712128K->516K(685696K)] 946923K->235399K(1372672K), 0.0087980 secs] [Times: user=0.03 sys=0.00, real=0.01 secs] 
2014-07-16T10:46:09.655+0000: 2292.663: [GC [PSYoungGen: 685636K->256K(660544K)] 920519K->235179K(1347520K), 0.0248800 secs] [Times: user=0.09 sys=0.00, real=0.02 secs] 
2014-07-16T10:46:11.100+0000: 2294.108: [GC [PSYoungGen: 660544K->726K(793152K)] 895467K->235713K(1480128K), 0.0261780 secs] [Times: user=0.09 sys=0.00, real=0.03 secs] 
2014-07-16T10:46:12.652+0000: 2295.660: [GC [PSYoungGen: 793045K->964K(951936K)] 1028033K->236047K(1638912K), 0.0082150 secs] [Times: user=0.03 sys=0.00, real=0.00 secs] 
2014-07-16T10:46:14.531+0000: 2297.539: [GC [PSYoungGen: 951804K->644K(914240K)] 1186887K->235879K(1601216K), 0.0148310 secs] [Times: user=0.05 sys=0.00, real=0.02 secs] 
2014-07-16T10:46:16.379+0000: 2299.387: [GC [PSYoungGen: 914094K->480K(878464K)] 1149329K->235899K(1565440K), 0.0117850 secs] [Times: user=0.03 sys=0.00, real=0.01 secs] 
2014-07-16T10:46:17.978+0000: 2300.987: [GC [PSYoungGen: 878432K->256K(844288K)] 1113851K->235803K(1531264K), 0.0055630 secs] [Times: user=0.01 sys=0.00, real=0.01 secs] 
2014-07-16T10:46:19.606+0000: 2302.615: [GC [PSYoungGen: 844288K->772K(812544K)] 1079835K->236375K(1499520K), 0.0215900 secs] [Times: user=0.08 sys=0.00, real=0.02 secs] 
2014-07-16T10:46:21.239+0000: 2304.247: [GC [PSYoungGen: 812484K->384K(781312K)] 1048087K->236043K(1468288K), 0.0048460 secs] [Times: user=0.02 sys=0.00, real=0.01 secs] 
2014-07-16T10:46:22.726+0000: 2305.734: [GC [PSYoungGen: 781312K->594K(752256K)] 1016971K->236373K(1439232K), 0.0204030 secs] [Times: user=0.08 sys=0.00, real=0.02 secs] 
2014-07-16T10:46:24.262+0000: 2307.271: [GC [PSYoungGen: 752210K->726K(902720K)] 987989K->236657K(1589696K), 0.0220980 secs] [Times: user=0.08 sys=0.00, real=0.03 secs] 
2014-07-16T10:46:26.151+0000: 2309.159: [GC [PSYoungGen: 902678K->726K(867648K)] 1138609K->236833K(1554624K), 0.0057110 secs] [Times: user=0.02 sys=0.00, real=0.01 secs] 
2014-07-16T10:46:27.735+0000: 2310.743: [GC [PSYoungGen: 867578K->452K(833984K)] 1103685K->236703K(1520960K), 0.0153970 secs] [Times: user=0.06 sys=0.00, real=0.01 secs] 
2014-07-16T10:46:29.343+0000: 2312.352: [GC [PSYoungGen: 833924K->480K(802176K)] 1070175K->236787K(1489152K), 0.0134420 secs] [Times: user=0.05 sys=0.00, real=0.02 secs] 
2014-07-16T10:46:31.044+0000: 2314.052: [GC [PSYoungGen: 802144K->964K(772416K)] 1038451K->237335K(1459392K), 0.0110830 secs] [Times: user=0.01 sys=0.01, real=0.02 secs] 
2014-07-16T10:46:32.632+0000: 2315.640: [GC [PSYoungGen: 772326K->512K(743040K)] 1008697K->236995K(1430016K), 0.0222800 secs] [Times: user=0.08 sys=0.00, real=0.02 secs] 
2014-07-16T10:46:34.117+0000: 2317.126: [GC [PSYoungGen: 742988K->580K(715648K)] 979471K->237255K(1402624K), 0.0045730 secs] [Times: user=0.02 sys=0.01, real=0.00 secs] 
2014-07-16T10:46:35.584+0000: 2318.592: [GC [PSYoungGen: 715588K->416K(689216K)] 952263K->237259K(1376192K), 0.0216880 secs] [Times: user=0.08 sys=0.00, real=0.02 secs] 
2014-07-16T10:46:36.955+0000: 2319.963: [GC [PSYoungGen: 689184K->448K(664192K)] 926027K->237427K(1351168K), 0.0121190 secs] [Times: user=0.04 sys=0.00, real=0.02 secs] 
2014-07-16T10:46:38.201+0000: 2321.209: [GC [PSYoungGen: 664189K->576K(640448K)] 901168K->237659K(1327424K), 0.0122640 secs] [Times: user=0.02 sys=0.00, real=0.01 secs] 
2014-07-16T10:46:39.365+0000: 2322.374: [GC [PSYoungGen: 640448K->192K(617280K)] 877531K->237323K(1304256K), 0.0042500 secs] [Times: user=0.01 sys=0.00, real=0.01 secs] 
2014-07-16T10:46:40.560+0000: 2323.568: [GC [PSYoungGen: 617280K->616K(595968K)] 854411K->237803K(1282944K), 0.0061810 secs] [Times: user=0.02 sys=0.00, real=0.01 secs] 
2014-07-16T10:46:41.818+0000: 2324.826: [GC [PSYoungGen: 595944K->480K(575104K)] 833131K->237715K(1262080K), 0.0069470 secs] [Times: user=0.02 sys=0.00, real=0.00 secs] 
2014-07-16T10:46:43.007+0000: 2326.015: [GC [PSYoungGen: 575072K->950K(555776K)] 812307K->238449K(1242752K), 0.0108700 secs] [Times: user=0.03 sys=0.00, real=0.02 secs] 
2014-07-16T10:46:44.043+0000: 2327.051: [GC [PSYoungGen: 555766K->576K(666368K)] 793265K->238259K(1353344K), 0.0256580 secs] [Times: user=0.08 sys=0.00, real=0.03 secs] 
2014-07-16T10:46:45.452+0000: 2328.461: [GC [PSYoungGen: 666368K->960K(799936K)] 904051K->238795K(1486912K), 0.0218840 secs] [Times: user=0.07 sys=0.01, real=0.02 secs] 
2014-07-16T10:46:47.079+0000: 2330.087: [GC [PSYoungGen: 799936K->1014K(959808K)] 1037771K->238969K(1646784K), 0.0060150 secs] [Times: user=0.01 sys=0.00, real=0.00 secs] 
2014-07-16T10:46:48.879+0000: 2331.887: [GC [PSYoungGen: 959798K->320K(921344K)] 1197753K->238379K(1608320K), 0.0084870 secs] [Times: user=0.01 sys=0.00, real=0.00 secs] 
2014-07-16T10:46:50.614+0000: 2333.623: [GC [PSYoungGen: 921325K->498K(885568K)] 1159385K->238629K(1572544K), 0.0178160 secs] [Times: user=0.07 sys=0.00, real=0.02 secs] 
2014-07-16T10:46:52.498+0000: 2335.506: [GC [PSYoungGen: 885554K->722K(1062848K)] 1123685K->238917K(1749824K), 0.0381020 secs] [Times: user=0.15 sys=0.00, real=0.04 secs] 
2014-07-16T10:46:54.607+0000: 2337.615: [GC [PSYoungGen: 1062802K->594K(1275136K)] 1300997K->238989K(1962112K), 0.0191570 secs] [Times: user=0.07 sys=0.00, real=0.02 secs] 
2014-07-16T10:46:57.435+0000: 2340.443: [GC [PSYoungGen: 1275090K->800K(1222336K)] 1513485K->239395K(1909312K), 0.0178260 secs] [Times: user=0.07 sys=0.00, real=0.02 secs] 
2014-07-16T10:46:59.727+0000: 2342.735: [GC [PSYoungGen: 1222304K->698K(1171776K)] 1460899K->239533K(1858752K), 0.0201180 secs] [Times: user=0.06 sys=0.00, real=0.02 secs] 
2014-07-16T10:47:02.039+0000: 2345.048: [GC [PSYoungGen: 1171770K->726K(1123904K)] 1410605K->239633K(1810880K), 0.0059070 secs] [Times: user=0.02 sys=0.00, real=0.01 secs] 
2014-07-16T10:47:04.190+0000: 2347.198: [GC [PSYoungGen: 1123862K->658K(1078208K)] 1362769K->239733K(1765184K), 0.0110560 secs] [Times: user=0.04 sys=0.00, real=0.02 secs] 
2014-07-16T10:47:06.379+0000: 2349.387: [GC [PSYoungGen: 1078108K->882K(1034944K)] 1317183K->240181K(1721920K), 0.0249270 secs] [Times: user=0.10 sys=0.00, real=0.03 secs] 
2014-07-16T10:47:08.474+0000: 2351.482: [GC [PSYoungGen: 1034930K->832K(1241728K)] 1274229K->240283K(1928704K), 0.0329770 secs] [Times: user=0.13 sys=0.00, real=0.03 secs] 
2014-07-16T10:47:10.777+0000: 2353.786: [GC [PSYoungGen: 1241728K->516K(1190144K)] 1481179K->240095K(1877120K), 0.0156550 secs] [Times: user=0.06 sys=0.00, real=0.02 secs] 
2014-07-16T10:47:13.115+0000: 2356.123: [GC [PSYoungGen: 1190084K->850K(1141632K)] 1429663K->240509K(1828608K), 0.0188900 secs] [Times: user=0.07 sys=0.00, real=0.02 secs] 
2014-07-16T10:47:15.334+0000: 2358.342: [GC [PSYoungGen: 1141586K->804K(1095104K)] 1381245K->240711K(1782080K), 0.0166890 secs] [Times: user=0.04 sys=0.00, real=0.01 secs] 
2014-07-16T10:47:17.567+0000: 2360.575: [GC [PSYoungGen: 1095076K->672K(1050752K)] 1334983K->240763K(1737728K), 0.0161190 secs] [Times: user=0.05 sys=0.00, real=0.02 secs] 
2014-07-16T10:47:19.585+0000: 2362.594: [GC [PSYoungGen: 1050720K->512K(1008448K)] 1290811K->240795K(1695424K), 0.0289910 secs] [Times: user=0.10 sys=0.00, real=0.03 secs] 
2014-07-16T10:47:21.483+0000: 2364.492: [GC [PSYoungGen: 1008448K->512K(1210048K)] 1248731K->240875K(1897024K), 0.0212500 secs] [Times: user=0.08 sys=0.00, real=0.02 secs] 
2014-07-16T10:47:24.018+0000: 2367.026: [GC [PSYoungGen: 1210048K->886K(1160640K)] 1450411K->241329K(1847616K), 0.0058870 secs] [Times: user=0.01 sys=0.00, real=0.01 secs] 
2014-07-16T10:47:26.471+0000: 2369.480: [GC [PSYoungGen: 1160630K->758K(1113088K)] 1401073K->241465K(1800064K), 0.0052970 secs] [Times: user=0.01 sys=0.00, real=0.01 secs] 
2014-07-16T10:47:28.762+0000: 2371.770: [GC [PSYoungGen: 1113078K->480K(1067712K)] 1353785K->241379K(1754688K), 0.0046610 secs] [Times: user=0.01 sys=0.00, real=0.01 secs] 
2014-07-16T10:47:30.780+0000: 2373.789: [GC [PSYoungGen: 1067680K->448K(1024704K)] 1308579K->241499K(1711680K), 0.0089300 secs] [Times: user=0.02 sys=0.00, real=0.01 secs] 
2014-07-16T10:47:32.855+0000: 2375.864: [GC [PSYoungGen: 1024704K->580K(984000K)] 1265755K->241695K(1670976K), 0.0088170 secs] [Times: user=0.02 sys=0.00, real=0.01 secs] 
2014-07-16T10:47:34.858+0000: 2377.867: [GC [PSYoungGen: 983879K->712K(945216K)] 1224994K->242059K(1632192K), 0.0069040 secs] [Times: user=0.02 sys=0.01, real=0.01 secs] 
2014-07-16T10:47:36.840+0000: 2379.848: [GC [PSYoungGen: 945160K->612K(908032K)] 1186507K->242167K(1595008K), 0.0194040 secs] [Times: user=0.07 sys=0.00, real=0.02 secs] 
2014-07-16T10:47:38.767+0000: 2381.775: [GC [PSYoungGen: 908004K->448K(872512K)] 1149559K->242115K(1559488K), 0.0064670 secs] [Times: user=0.01 sys=0.00, real=0.00 secs] 
2014-07-16T10:47:40.447+0000: 2383.455: [GC [PSYoungGen: 872512K->320K(838784K)] 1114179K->242115K(1525760K), 0.0047270 secs] [Times: user=0.01 sys=0.01, real=0.00 secs] 
2014-07-16T10:47:42.156+0000: 2385.165: [GC [PSYoungGen: 838711K->1078K(807488K)] 1080506K->243185K(1494464K), 0.0283200 secs] [Times: user=0.09 sys=0.00, real=0.02 secs] 
2014-07-16T10:47:43.726+0000: 2386.735: [GC [PSYoungGen: 807478K->690K(776576K)] 1049585K->242925K(1463552K), 0.0241420 secs] [Times: user=0.09 sys=0.00, real=0.02 secs] 
2014-07-16T10:47:45.327+0000: 2388.335: [GC [PSYoungGen: 776562K->576K(747328K)] 1018797K->243051K(1434304K), 0.0062600 secs] [Times: user=0.02 sys=0.00, real=0.00 secs] 
2014-07-16T10:47:46.913+0000: 2389.922: [GC [PSYoungGen: 747328K->562K(719616K)] 989803K->243189K(1406592K), 0.0142220 secs] [Times: user=0.06 sys=0.00, real=0.02 secs] 
2014-07-16T10:47:48.366+0000: 2391.375: [GC [PSYoungGen: 719602K->676K(693312K)] 962229K->243431K(1380288K), 0.0114010 secs] [Times: user=0.05 sys=0.00, real=0.02 secs] 
2014-07-16T10:47:49.777+0000: 2392.785: [GC [PSYoungGen: 693280K->320K(667712K)] 936035K->243147K(1354688K), 0.0053020 secs] [Times: user=0.02 sys=0.00, real=0.01 secs] 
2014-07-16T10:47:51.101+0000: 2394.109: [GC [PSYoungGen: 667684K->644K(644032K)] 910511K->243543K(1331008K), 0.0138420 secs] [Times: user=0.05 sys=0.00, real=0.01 secs] 
2014-07-16T10:47:52.539+0000: 2395.547: [GC [PSYoungGen: 643972K->626K(621056K)] 886871K->243581K(1308032K), 0.0098260 secs] [Times: user=0.03 sys=0.00, real=0.01 secs] 
2014-07-16T10:47:53.836+0000: 2396.845: [GC [PSYoungGen: 621042K->768K(745280K)] 863997K->243899K(1432256K), 0.0314370 secs] [Times: user=0.13 sys=0.00, real=0.04 secs] 
2014-07-16T10:47:55.373+0000: 2398.382: [GC [PSYoungGen: 745280K->722K(894208K)] 988411K->244029K(1581184K), 0.0130750 secs] [Times: user=0.04 sys=0.00, real=0.01 secs] 
2014-07-16T10:47:57.146+0000: 2400.154: [GC [PSYoungGen: 894162K->484K(1072640K)] 1137469K->243919K(1759616K), 0.0199680 secs] [Times: user=0.08 sys=0.00, real=0.02 secs] 
2014-07-16T10:47:59.342+0000: 2402.350: [GC [PSYoungGen: 1072561K->726K(1029696K)] 1315996K->244273K(1716672K), 0.0064460 secs] [Times: user=0.01 sys=0.00, real=0.01 secs] 
2014-07-16T10:48:01.307+0000: 2404.315: [GC [PSYoungGen: 1029654K->580K(988480K)] 1273201K->244239K(1675456K), 0.0071530 secs] [Times: user=0.02 sys=0.00, real=0.01 secs] 
2014-07-16T10:48:03.337+0000: 2406.346: [GC [PSYoungGen: 988419K->676K(949376K)] 1232078K->244871K(1636352K), 0.0151040 secs] [Times: user=0.05 sys=0.00, real=0.02 secs] 
2014-07-16T10:48:05.226+0000: 2408.234: [GC [PSYoungGen: 949348K->822K(1139264K)] 1193543K->245257K(1826240K), 0.0441050 secs] [Times: user=0.16 sys=0.00, real=0.05 secs] 
2014-07-16T10:48:07.454+0000: 2410.462: [GC [PSYoungGen: 1139169K->904K(1092992K)] 1383604K->245611K(1779968K), 0.0091160 secs] [Times: user=0.01 sys=0.00, real=0.01 secs] 
2014-07-16T10:48:09.606+0000: 2412.615: [GC [PSYoungGen: 1092936K->644K(1048576K)] 1337643K->245479K(1735552K), 0.0114770 secs] [Times: user=0.05 sys=0.00, real=0.01 secs] 
2014-07-16T10:48:11.518+0000: 2414.527: [GC [PSYoungGen: 1048516K->288K(1006144K)] 1293351K->245227K(1693120K), 0.0136330 secs] [Times: user=0.05 sys=0.00, real=0.02 secs] 
2014-07-16T10:48:13.489+0000: 2416.497: [GC [PSYoungGen: 1006112K->580K(966464K)] 1251051K->245591K(1653440K), 0.0138710 secs] [Times: user=0.05 sys=0.00, real=0.02 secs] 
2014-07-16T10:48:15.378+0000: 2418.387: [GC [PSYoungGen: 966404K->644K(1159744K)] 1211415K->245887K(1846720K), 0.0386430 secs] [Times: user=0.12 sys=0.00, real=0.04 secs] 
2014-07-16T10:48:17.942+0000: 2420.950: [GC [PSYoungGen: 1159684K->1074K(1112768K)] 1404927K->246453K(1799744K), 0.0062700 secs] [Times: user=0.02 sys=0.00, real=0.00 secs] 
2014-07-16T10:48:20.120+0000: 2423.129: [GC [PSYoungGen: 1112754K->562K(1067136K)] 1358133K->246301K(1754112K), 0.0085300 secs] [Times: user=0.03 sys=0.00, real=0.01 secs] 
2014-07-16T10:48:22.155+0000: 2425.163: [GC [PSYoungGen: 1067040K->708K(1024384K)] 1312779K->246519K(1711360K), 0.0064140 secs] [Times: user=0.01 sys=0.00, real=0.00 secs] 
2014-07-16T10:48:24.276+0000: 2427.285: [GC [PSYoungGen: 1024324K->658K(983488K)] 1270135K->246613K(1670464K), 0.0082160 secs] [Times: user=0.02 sys=0.00, real=0.01 secs] 
2014-07-16T10:48:26.247+0000: 2429.256: [GC [PSYoungGen: 983436K->840K(944768K)] 1229391K->247075K(1631744K), 0.0171550 secs] [Times: user=0.06 sys=0.01, real=0.02 secs] 
2014-07-16T10:48:28.316+0000: 2431.325: [GC [PSYoungGen: 944712K->868K(907712K)] 1190947K->247399K(1594688K), 0.0076340 secs] [Times: user=0.03 sys=0.00, real=0.01 secs] 
2014-07-16T10:48:30.145+0000: 2433.154: [GC [PSYoungGen: 907684K->580K(872192K)] 1154215K->247247K(1559168K), 0.0171880 secs] [Times: user=0.06 sys=0.00, real=0.01 secs] 
2014-07-16T10:48:31.745+0000: 2434.753: [GC [PSYoungGen: 872132K->402K(838400K)] 1118799K->247189K(1525376K), 0.0221340 secs] [Times: user=0.08 sys=0.00, real=0.02 secs] 
2014-07-16T10:48:33.425+0000: 2436.433: [GC [PSYoungGen: 838354K->672K(806656K)] 1085141K->247539K(1493632K), 0.0150080 secs] [Times: user=0.05 sys=0.00, real=0.01 secs] 
2014-07-16T10:48:34.941+0000: 2437.949: [GC [PSYoungGen: 806624K->416K(775872K)] 1053491K->247499K(1462848K), 0.0158440 secs] [Times: user=0.05 sys=0.00, real=0.02 secs] 
2014-07-16T10:48:36.462+0000: 2439.471: [GC [PSYoungGen: 775840K->530K(746944K)] 1022923K->247733K(1433920K), 0.0081410 secs] [Times: user=0.02 sys=0.00, real=0.01 secs] 
2014-07-16T10:48:37.889+0000: 2440.898: [GC [PSYoungGen: 746898K->452K(719168K)] 994101K->247751K(1406144K), 0.0105130 secs] [Times: user=0.03 sys=0.00, real=0.01 secs] 
2014-07-16T10:48:39.526+0000: 2442.534: [GC [PSYoungGen: 719105K->680K(692928K)] 966405K->248051K(1379904K), 0.0147110 secs] [Times: user=0.06 sys=0.00, real=0.01 secs] 
2014-07-16T10:48:40.783+0000: 2443.791: [GC [PSYoungGen: 692806K->342K(667392K)] 940177K->247849K(1354368K), 0.0068780 secs] [Times: user=0.02 sys=0.00, real=0.01 secs] 
2014-07-16T10:48:42.031+0000: 2445.039: [GC [PSYoungGen: 667274K->704K(643712K)] 914781K->248235K(1330688K), 0.0051030 secs] [Times: user=0.02 sys=0.00, real=0.01 secs] 
2014-07-16T10:48:43.461+0000: 2446.470: [GC [PSYoungGen: 643648K->1018K(621120K)] 891179K->248645K(1308096K), 0.0276240 secs] [Times: user=0.10 sys=0.00, real=0.03 secs] 
2014-07-16T10:48:44.675+0000: 2447.684: [GC [PSYoungGen: 621114K->448K(598656K)] 868741K->248283K(1285632K), 0.0059410 secs] [Times: user=0.02 sys=0.00, real=0.00 secs] 
2014-07-16T10:48:45.856+0000: 2448.864: [GC [PSYoungGen: 598656K->512K(577856K)] 846491K->248451K(1264832K), 0.0118660 secs] [Times: user=0.03 sys=0.00, real=0.01 secs] 
2014-07-16T10:48:47.063+0000: 2450.071: [GC [PSYoungGen: 577856K->580K(558080K)] 825795K->248583K(1245056K), 0.0067410 secs] [Times: user=0.02 sys=0.00, real=0.01 secs] 
2014-07-16T10:48:48.144+0000: 2451.153: [GC [PSYoungGen: 558020K->384K(669312K)] 806023K->248475K(1356288K), 0.0236090 secs] [Times: user=0.09 sys=0.00, real=0.03 secs] 
2014-07-16T10:48:49.722+0000: 2452.730: [GC [PSYoungGen: 669312K->320K(645120K)] 917403K->248459K(1332096K), 0.0044420 secs] [Times: user=0.02 sys=0.00, real=0.01 secs] 
2014-07-16T10:48:50.978+0000: 2453.986: [GC [PSYoungGen: 645120K->402K(774208K)] 893259K->248669K(1461184K), 0.0172890 secs] [Times: user=0.06 sys=0.00, real=0.01 secs] 
2014-07-16T10:48:52.542+0000: 2455.550: [GC [PSYoungGen: 774126K->644K(929216K)] 1022393K->248967K(1616192K), 0.0230070 secs] [Times: user=0.08 sys=0.00, real=0.02 secs] 
2014-07-16T10:48:54.479+0000: 2457.487: [GC [PSYoungGen: 929156K->658K(892928K)] 1177479K->249149K(1579904K), 0.0095080 secs] [Times: user=0.02 sys=0.01, real=0.01 secs] 
2014-07-16T10:48:56.183+0000: 2459.192: [GC [PSYoungGen: 892831K->850K(858560K)] 1141322K->249565K(1545536K), 0.0177500 secs] [Times: user=0.06 sys=0.00, real=0.02 secs] 
2014-07-16T10:48:57.927+0000: 2460.935: [GC [PSYoungGen: 858514K->626K(825344K)] 1107229K->249437K(1512320K), 0.0048690 secs] [Times: user=0.02 sys=0.00, real=0.01 secs] 
2014-07-16T10:48:59.740+0000: 2462.749: [GC [PSYoungGen: 825330K->704K(794048K)] 1074141K->249619K(1481024K), 0.0058250 secs] [Times: user=0.01 sys=0.01, real=0.00 secs] 
2014-07-16T10:49:01.204+0000: 2464.212: [GC [PSYoungGen: 793996K->320K(763776K)] 1042912K->249347K(1450752K), 0.0095770 secs] [Times: user=0.03 sys=0.01, real=0.01 secs] 
2014-07-16T10:49:02.627+0000: 2465.635: [GC [PSYoungGen: 763776K->516K(735552K)] 1012803K->249599K(1422528K), 0.0128340 secs] [Times: user=0.04 sys=0.00, real=0.02 secs] 
2014-07-16T10:49:04.089+0000: 2467.097: [GC [PSYoungGen: 735492K->608K(708416K)] 984575K->249827K(1395392K), 0.0254500 secs] [Times: user=0.09 sys=0.00, real=0.02 secs] 
2014-07-16T10:49:05.455+0000: 2468.463: [GC [PSYoungGen: 708384K->530K(849920K)] 957603K->249909K(1536896K), 0.0173950 secs] [Times: user=0.06 sys=0.00, real=0.02 secs] 
2014-07-16T10:49:07.164+0000: 2470.173: [GC [PSYoungGen: 849874K->466K(817280K)] 1099253K->249933K(1504256K), 0.0136760 secs] [Times: user=0.05 sys=0.00, real=0.01 secs] 
2014-07-16T10:49:08.966+0000: 2471.974: [GC [PSYoungGen: 817234K->708K(786496K)] 1066701K->250279K(1473472K), 0.0084970 secs] [Times: user=0.04 sys=0.00, real=0.01 secs] 
2014-07-16T10:49:10.587+0000: 2473.596: [GC [PSYoungGen: 786436K->466K(756672K)] 1036007K->250181K(1443648K), 0.0130300 secs] [Times: user=0.05 sys=0.00, real=0.02 secs] 
2014-07-16T10:49:12.073+0000: 2475.081: [GC [PSYoungGen: 756626K->448K(728448K)] 1006341K->250251K(1415424K), 0.0085490 secs] [Times: user=0.02 sys=0.00, real=0.01 secs] 
2014-07-16T10:49:13.408+0000: 2476.417: [GC [PSYoungGen: 728448K->320K(701440K)] 978251K->250219K(1388416K), 0.0047640 secs] [Times: user=0.01 sys=0.00, real=0.01 secs] 
2014-07-16T10:49:14.852+0000: 2477.861: [GC [PSYoungGen: 701440K->480K(841856K)] 951339K->250499K(1528832K), 0.0389690 secs] [Times: user=0.14 sys=0.00, real=0.04 secs] 
2014-07-16T10:49:16.479+0000: 2479.487: [GC [PSYoungGen: 841824K->320K(1009984K)] 1091843K->250491K(1696960K), 0.0141150 secs] [Times: user=0.05 sys=0.00, real=0.02 secs] 
2014-07-16T10:49:18.532+0000: 2481.541: [GC [PSYoungGen: 1009984K->644K(970176K)] 1260155K->250919K(1657152K), 0.0139210 secs] [Times: user=0.05 sys=0.00, real=0.01 secs] 
2014-07-16T10:49:20.598+0000: 2483.606: [GC [PSYoungGen: 970106K->680K(931904K)] 1220382K->251083K(1618880K), 0.0081380 secs] [Times: user=0.01 sys=0.00, real=0.01 secs] 
2014-07-16T10:49:22.355+0000: 2485.363: [GC [PSYoungGen: 931780K->666K(895488K)] 1182184K->251205K(1582464K), 0.0060700 secs] [Times: user=0.01 sys=0.00, real=0.00 secs] 
2014-07-16T10:49:24.215+0000: 2487.223: [GC [PSYoungGen: 895450K->548K(860672K)] 1145989K->251439K(1547648K), 0.0073950 secs] [Times: user=0.02 sys=0.00, real=0.01 secs] 
2014-07-16T10:49:25.848+0000: 2488.856: [GC [PSYoungGen: 860644K->530K(827584K)] 1111535K->251661K(1514560K), 0.0171550 secs] [Times: user=0.06 sys=0.00, real=0.02 secs] 
2014-07-16T10:49:27.502+0000: 2490.510: [GC [PSYoungGen: 827538K->466K(796032K)] 1078669K->251733K(1483008K), 0.0204680 secs] [Times: user=0.07 sys=0.00, real=0.02 secs] 
2014-07-16T10:49:29.162+0000: 2492.170: [GC [PSYoungGen: 795986K->868K(955520K)] 1047253K->252239K(1642496K), 0.0351370 secs] [Times: user=0.12 sys=0.00, real=0.04 secs] 
2014-07-16T10:49:31.013+0000: 2494.021: [GC [PSYoungGen: 955490K->608K(1146240K)] 1206861K->252091K(1833216K), 0.0259550 secs] [Times: user=0.10 sys=0.00, real=0.02 secs] 
2014-07-16T10:49:33.232+0000: 2496.241: [GC [PSYoungGen: 1146208K->544K(1375296K)] 1397691K->252107K(2062272K), 0.0176760 secs] [Times: user=0.07 sys=0.00, real=0.02 secs] 
2014-07-16T10:49:35.898+0000: 2498.906: [GC [PSYoungGen: 1375264K->544K(1317440K)] 1626827K->252339K(2004416K), 0.0098080 secs] [Times: user=0.04 sys=0.00, real=0.01 secs] 
2014-07-16T10:49:38.613+0000: 2501.622: [GC [PSYoungGen: 1317394K->694K(1262528K)] 1569189K->252673K(1949504K), 0.0095980 secs] [Times: user=0.02 sys=0.00, real=0.01 secs] 
2014-07-16T10:49:41.263+0000: 2504.271: [GC [PSYoungGen: 1262481K->680K(1210176K)] 1514460K->252987K(1897152K), 0.0228930 secs] [Times: user=0.09 sys=0.00, real=0.03 secs] 
2014-07-16T10:49:43.783+0000: 2506.792: [GC [PSYoungGen: 1210152K->804K(1160512K)] 1462459K->253239K(1847488K), 0.0075660 secs] [Times: user=0.02 sys=0.00, real=0.01 secs] 
2014-07-16T10:49:46.108+0000: 2509.116: [GC [PSYoungGen: 1160406K->698K(1112960K)] 1412841K->253973K(1799936K), 0.0067630 secs] [Times: user=0.02 sys=0.00, real=0.00 secs] 
2014-07-16T10:49:48.216+0000: 2511.224: [GC [PSYoungGen: 1112954K->946K(1068096K)] 1366229K->254381K(1755072K), 0.0084910 secs] [Times: user=0.02 sys=0.00, real=0.00 secs] 
2014-07-16T10:49:50.449+0000: 2513.458: [GC [PSYoungGen: 1068082K->822K(1025024K)] 1321517K->254449K(1712000K), 0.0127840 secs] [Times: user=0.04 sys=0.00, real=0.01 secs] 
2014-07-16T10:49:52.532+0000: 2515.540: [GC [PSYoungGen: 1025014K->544K(983872K)] 1278641K->254291K(1670848K), 0.0063580 secs] [Times: user=0.01 sys=0.00, real=0.01 secs] 
2014-07-16T10:49:54.511+0000: 2517.519: [GC [PSYoungGen: 983839K->886K(945280K)] 1237586K->254817K(1632256K), 0.0089390 secs] [Times: user=0.02 sys=0.00, real=0.01 secs] 
2014-07-16T10:49:56.364+0000: 2519.373: [GC [PSYoungGen: 945270K->498K(907840K)] 1199201K->254621K(1594816K), 0.0060960 secs] [Times: user=0.01 sys=0.00, real=0.01 secs] 
2014-07-16T10:49:58.073+0000: 2521.082: [GC [PSYoungGen: 907750K->320K(872320K)] 1161873K->254579K(1559296K), 0.0049050 secs] [Times: user=0.01 sys=0.00, real=0.01 secs] 
2014-07-16T10:49:59.963+0000: 2522.972: [GC [PSYoungGen: 872320K->644K(839104K)] 1126579K->254975K(1526080K), 0.0183180 secs] [Times: user=0.07 sys=0.00, real=0.02 secs] 
2014-07-16T10:50:01.700+0000: 2524.708: [GC [PSYoungGen: 839044K->256K(806656K)] 1093375K->254707K(1493632K), 0.0199070 secs] [Times: user=0.07 sys=0.00, real=0.02 secs] 
2014-07-16T10:50:03.222+0000: 2526.230: [GC [PSYoungGen: 806656K->480K(776384K)] 1061107K->255059K(1463360K), 0.0121470 secs] [Times: user=0.03 sys=0.00, real=0.01 secs] 
2014-07-16T10:50:04.837+0000: 2527.845: [GC [PSYoungGen: 776352K->800K(747584K)] 1030931K->255539K(1434560K), 0.0119080 secs] [Times: user=0.04 sys=0.01, real=0.02 secs] 
2014-07-16T10:50:06.258+0000: 2529.267: [GC [PSYoungGen: 747552K->352K(719424K)] 1002291K->255251K(1406400K), 0.0209530 secs] [Times: user=0.08 sys=0.00, real=0.02 secs] 
2014-07-16T10:50:07.621+0000: 2530.630: [GC [PSYoungGen: 719392K->466K(693120K)] 974291K->255445K(1380096K), 0.0108830 secs] [Times: user=0.04 sys=0.00, real=0.01 secs] 
2014-07-16T10:50:08.936+0000: 2531.944: [GC [PSYoungGen: 693074K->552K(667968K)] 948053K->255595K(1354944K), 0.0138280 secs] [Times: user=0.05 sys=0.00, real=0.02 secs] 
2014-07-16T10:50:10.353+0000: 2533.361: [GC [PSYoungGen: 667944K->434K(643776K)] 922987K->255533K(1330752K), 0.0116830 secs] [Times: user=0.04 sys=0.00, real=0.01 secs] 
2014-07-16T10:50:11.693+0000: 2534.701: [GC [PSYoungGen: 643707K->826K(621248K)] 898806K->256021K(1308224K), 0.0068140 secs] [Times: user=0.02 sys=0.00, real=0.01 secs] 
2014-07-16T10:50:12.977+0000: 2535.985: [GC [PSYoungGen: 621242K->964K(745536K)] 876437K->256263K(1432512K), 0.0280610 secs] [Times: user=0.11 sys=0.00, real=0.03 secs] 
2014-07-16T10:50:14.465+0000: 2537.473: [GC [PSYoungGen: 745476K->548K(894016K)] 1000775K->256023K(1580992K), 0.0238520 secs] [Times: user=0.09 sys=0.00, real=0.02 secs] 
2014-07-16T10:50:16.335+0000: 2539.344: [GC [PSYoungGen: 893988K->612K(1072768K)] 1149463K->256223K(1759744K), 0.0072770 secs] [Times: user=0.02 sys=0.00, real=0.01 secs] 
2014-07-16T10:50:18.377+0000: 2541.386: [GC [PSYoungGen: 1072740K->850K(1029824K)] 1328351K->256621K(1716800K), 0.0100750 secs] [Times: user=0.02 sys=0.00, real=0.01 secs] 
2014-07-16T10:50:20.548+0000: 2543.556: [GC [PSYoungGen: 1029778K->832K(988672K)] 1285549K->256763K(1675648K), 0.0192790 secs] [Times: user=0.06 sys=0.00, real=0.02 secs] 
2014-07-16T10:50:22.601+0000: 2545.609: [GC [PSYoungGen: 988672K->914K(949632K)] 1244603K->256989K(1636608K), 0.0073770 secs] [Times: user=0.02 sys=0.00, real=0.00 secs] 
2014-07-16T10:50:24.588+0000: 2547.596: [GC [PSYoungGen: 949490K->826K(912256K)] 1205566K->257565K(1599232K), 0.0067120 secs] [Times: user=0.02 sys=0.00, real=0.01 secs] 
2014-07-16T10:50:26.446+0000: 2549.455: [GC [PSYoungGen: 912250K->672K(876608K)] 1168989K->257643K(1563584K), 0.0092880 secs] [Times: user=0.03 sys=0.00, real=0.01 secs] 
2014-07-16T10:50:28.176+0000: 2551.185: [GC [PSYoungGen: 876576K->768K(842880K)] 1133547K->257971K(1529856K), 0.0062780 secs] [Times: user=0.01 sys=0.00, real=0.01 secs] 
2014-07-16T10:50:29.806+0000: 2552.815: [GC [PSYoungGen: 842880K->352K(810304K)] 1100083K->257651K(1497280K), 0.0095830 secs] [Times: user=0.03 sys=0.01, real=0.01 secs] 
2014-07-16T10:50:31.555+0000: 2554.563: [GC [PSYoungGen: 810272K->790K(780032K)] 1067571K->258145K(1467008K), 0.0161240 secs] [Times: user=0.06 sys=0.01, real=0.02 secs] 
2014-07-16T10:50:33.080+0000: 2556.089: [GC [PSYoungGen: 779990K->740K(750720K)] 1037345K->258223K(1437696K), 0.0161390 secs] [Times: user=0.05 sys=0.01, real=0.02 secs] 
2014-07-16T10:50:34.485+0000: 2557.493: [GC [PSYoungGen: 750664K->516K(900544K)] 1008147K->258151K(1587520K), 0.0282200 secs] [Times: user=0.10 sys=0.01, real=0.03 secs] 
2014-07-16T10:50:36.322+0000: 2559.330: [GC [PSYoungGen: 900484K->576K(865600K)] 1158119K->258315K(1552576K), 0.0074780 secs] [Times: user=0.01 sys=0.00, real=0.01 secs] 
2014-07-16T10:50:38.081+0000: 2561.089: [GC [PSYoungGen: 865600K->530K(832320K)] 1123339K->258389K(1519296K), 0.0106160 secs] [Times: user=0.04 sys=0.00, real=0.01 secs] 
2014-07-16T10:50:39.734+0000: 2562.742: [GC [PSYoungGen: 832274K->740K(800768K)] 1090133K->258727K(1487744K), 0.0231940 secs] [Times: user=0.08 sys=0.00, real=0.02 secs] 
2014-07-16T10:50:41.615+0000: 2564.623: [GC [PSYoungGen: 800740K->900K(770752K)] 1058727K->258983K(1457728K), 0.0160500 secs] [Times: user=0.06 sys=0.00, real=0.01 secs] 
2014-07-16T10:50:43.175+0000: 2566.184: [GC [PSYoungGen: 770648K->932K(741952K)] 1028731K->259191K(1428928K), 0.0089760 secs] [Times: user=0.01 sys=0.00, real=0.01 secs] 
2014-07-16T10:50:44.616+0000: 2567.624: [GC [PSYoungGen: 741924K->566K(714112K)] 1000183K->259009K(1401088K), 0.0067960 secs] [Times: user=0.02 sys=0.00, real=0.00 secs] 
2014-07-16T10:50:46.160+0000: 2569.169: [GC [PSYoungGen: 714102K->594K(688000K)] 972545K->259157K(1374976K), 0.0143750 secs] [Times: user=0.04 sys=0.00, real=0.02 secs] 
2014-07-16T10:50:47.461+0000: 2570.469: [GC [PSYoungGen: 687951K->448K(662848K)] 946514K->259147K(1349824K), 0.0059790 secs] [Times: user=0.01 sys=0.00, real=0.01 secs] 
2014-07-16T10:50:48.753+0000: 2571.761: [GC [PSYoungGen: 662848K->448K(639040K)] 921547K->259195K(1326016K), 0.0048070 secs] [Times: user=0.01 sys=0.00, real=0.01 secs] 
2014-07-16T10:50:50.052+0000: 2573.060: [GC [PSYoungGen: 639040K->1202K(617088K)] 897787K->260037K(1304064K), 0.0100720 secs] [Times: user=0.02 sys=0.00, real=0.01 secs] 
2014-07-16T10:50:51.394+0000: 2574.403: [GC [PSYoungGen: 617074K->530K(594752K)] 875909K->259421K(1281728K), 0.0124940 secs] [Times: user=0.04 sys=0.00, real=0.01 secs] 
2014-07-16T10:50:52.640+0000: 2575.648: [GC [PSYoungGen: 594689K->772K(574336K)] 853580K->259767K(1261312K), 0.0109800 secs] [Times: user=0.04 sys=0.00, real=0.01 secs] 
2014-07-16T10:50:53.773+0000: 2576.781: [GC [PSYoungGen: 574276K->530K(554304K)] 833271K->259693K(1241280K), 0.0158090 secs] [Times: user=0.06 sys=0.00, real=0.02 secs] 
2014-07-16T10:50:54.876+0000: 2577.885: [GC [PSYoungGen: 554258K->416K(664960K)] 813421K->259715K(1351936K), 0.0143130 secs] [Times: user=0.06 sys=0.00, real=0.01 secs] 
2014-07-16T10:50:56.252+0000: 2579.260: [GC [PSYoungGen: 664846K->512K(641088K)] 924145K->259907K(1328064K), 0.0070130 secs] [Times: user=0.02 sys=0.00, real=0.01 secs] 
2014-07-16T10:50:57.505+0000: 2580.513: [GC [PSYoungGen: 641088K->452K(769216K)] 900483K->259943K(1456192K), 0.0309950 secs] [Times: user=0.12 sys=0.00, real=0.04 secs] 
2014-07-16T10:50:59.040+0000: 2582.049: [GC [PSYoungGen: 769155K->512K(923008K)] 1028646K->260075K(1609984K), 0.0107340 secs] [Times: user=0.04 sys=0.00, real=0.01 secs] 
2014-07-16T10:51:01.043+0000: 2584.052: [GC [PSYoungGen: 923002K->854K(887360K)] 1182565K->260505K(1574336K), 0.0095910 secs] [Times: user=0.03 sys=0.00, real=0.01 secs] 
2014-07-16T10:51:02.961+0000: 2585.970: [GC [PSYoungGen: 887318K->576K(852736K)] 1146969K->260339K(1539712K), 0.0059910 secs] [Times: user=0.02 sys=0.00, real=0.01 secs] 
2014-07-16T10:51:04.596+0000: 2587.604: [GC [PSYoungGen: 852713K->598K(820096K)] 1112476K->260625K(1507072K), 0.0233660 secs] [Times: user=0.09 sys=0.00, real=0.03 secs] 
2014-07-16T10:51:06.285+0000: 2589.294: [GC [PSYoungGen: 820054K->864K(789184K)] 1080081K->261019K(1476160K), 0.0192010 secs] [Times: user=0.07 sys=0.01, real=0.02 secs] 
2014-07-16T10:51:07.865+0000: 2590.874: [GC [PSYoungGen: 789148K->402K(759040K)] 1049304K->260693K(1446016K), 0.0092690 secs] [Times: user=0.04 sys=0.00, real=0.01 secs] 
2014-07-16T10:51:09.353+0000: 2592.362: [GC [PSYoungGen: 758994K->516K(730880K)] 1019285K->260911K(1417856K), 0.0197890 secs] [Times: user=0.07 sys=0.01, real=0.02 secs] 
2014-07-16T10:51:10.855+0000: 2593.863: [GC [PSYoungGen: 730820K->434K(876864K)] 991215K->260885K(1563840K), 0.0207300 secs] [Times: user=0.07 sys=0.00, real=0.02 secs] 
2014-07-16T10:51:12.658+0000: 2595.666: [GC [PSYoungGen: 876850K->978K(843584K)] 1137301K->261501K(1530560K), 0.0068660 secs] [Times: user=0.02 sys=0.00, real=0.00 secs] 
2014-07-16T10:51:14.262+0000: 2597.270: [GC [PSYoungGen: 843472K->448K(1011520K)] 1103995K->261163K(1698496K), 0.0304450 secs] [Times: user=0.12 sys=0.00, real=0.03 secs] 
2014-07-16T10:51:16.285+0000: 2599.293: [GC [PSYoungGen: 1011520K->480K(971328K)] 1272235K->261363K(1658304K), 0.0092520 secs] [Times: user=0.02 sys=0.00, real=0.01 secs] 
2014-07-16T10:51:18.161+0000: 2601.169: [GC [PSYoungGen: 971296K->384K(932864K)] 1232179K->261411K(1619840K), 0.0139180 secs] [Times: user=0.05 sys=0.00, real=0.01 secs] 
2014-07-16T10:51:20.013+0000: 2603.021: [GC [PSYoungGen: 932864K->512K(896512K)] 1193891K->261635K(1583488K), 0.0116570 secs] [Times: user=0.03 sys=0.00, real=0.01 secs] 
2014-07-16T10:51:21.832+0000: 2604.841: [GC [PSYoungGen: 896512K->416K(861696K)] 1157635K->261635K(1548672K), 0.0166850 secs] [Times: user=0.07 sys=0.00, real=0.02 secs] 
2014-07-16T10:51:23.568+0000: 2606.576: [GC [PSYoungGen: 861664K->722K(828928K)] 1122883K->262069K(1515904K), 0.0208510 secs] [Times: user=0.08 sys=0.00, real=0.02 secs] 
2014-07-16T10:51:25.164+0000: 2608.172: [GC [PSYoungGen: 828880K->1000K(994816K)] 1090227K->262635K(1681792K), 0.0437910 secs] [Times: user=0.16 sys=0.00, real=0.04 secs] 
2014-07-16T10:51:27.225+0000: 2610.234: [GC [PSYoungGen: 994732K->580K(1193216K)] 1256368K->262327K(1880192K), 0.0065230 secs] [Times: user=0.02 sys=0.00, real=0.01 secs] 
2014-07-16T10:51:29.515+0000: 2612.524: [GC [PSYoungGen: 1193156K->936K(1144512K)] 1454903K->262851K(1831488K), 0.0072030 secs] [Times: user=0.01 sys=0.00, real=0.01 secs] 
2014-07-16T10:51:31.856+0000: 2614.864: [GC [PSYoungGen: 1144488K->512K(1097408K)] 1406403K->262523K(1784384K), 0.0200400 secs] [Times: user=0.07 sys=0.00, real=0.02 secs] 
2014-07-16T10:51:34.196+0000: 2617.205: [GC [PSYoungGen: 1097408K->740K(1053312K)] 1359419K->262911K(1740288K), 0.0123540 secs] [Times: user=0.03 sys=0.00, real=0.01 secs] 
2014-07-16T10:51:36.312+0000: 2619.321: [GC [PSYoungGen: 1053284K->676K(1011008K)] 1315455K->263135K(1697984K), 0.0209750 secs] [Times: user=0.07 sys=0.00, real=0.02 secs] 
2014-07-16T10:51:38.188+0000: 2621.197: [GC [PSYoungGen: 1010966K->420K(970560K)] 1273425K->263015K(1657536K), 0.0177710 secs] [Times: user=0.06 sys=0.00, real=0.02 secs] 
2014-07-16T10:51:40.079+0000: 2623.087: [GC [PSYoungGen: 970532K->594K(932480K)] 1233127K->263269K(1619456K), 0.0154560 secs] [Times: user=0.06 sys=0.00, real=0.02 secs] 
2014-07-16T10:51:42.002+0000: 2625.010: [GC [PSYoungGen: 932434K->640K(896000K)] 1195109K->263403K(1582976K), 0.0195980 secs] [Times: user=0.07 sys=0.00, real=0.02 secs] 
2014-07-16T10:51:43.870+0000: 2626.878: [GC [PSYoungGen: 896000K->644K(861312K)] 1158763K->263559K(1548288K), 0.0083980 secs] [Times: user=0.02 sys=0.00, real=0.01 secs] 
2014-07-16T10:51:45.504+0000: 2628.513: [GC [PSYoungGen: 861252K->466K(828032K)] 1124167K->263621K(1515008K), 0.0075140 secs] [Times: user=0.03 sys=0.00, real=0.00 secs] 
2014-07-16T10:51:47.160+0000: 2630.169: [GC [PSYoungGen: 827984K->704K(993728K)] 1091139K->263971K(1680704K), 0.0325310 secs] [Times: user=0.12 sys=0.00, real=0.03 secs] 
2014-07-16T10:51:49.073+0000: 2632.081: [GC [PSYoungGen: 993728K->804K(1192512K)] 1256995K->264207K(1879488K), 0.0329810 secs] [Times: user=0.12 sys=0.00, real=0.03 secs] 
2014-07-16T10:51:51.660+0000: 2634.669: [GC [PSYoungGen: 1192484K->818K(1143552K)] 1455887K->264301K(1830528K), 0.0046990 secs] [Times: user=0.02 sys=0.00, real=0.01 secs] 
2014-07-16T10:51:54.211+0000: 2637.219: [GC [PSYoungGen: 1143538K->562K(1096704K)] 1407021K->264503K(1783680K), 0.0066070 secs] [Times: user=0.02 sys=0.00, real=0.01 secs] 
2014-07-16T10:51:56.335+0000: 2639.343: [GC [PSYoungGen: 1096690K->580K(1052416K)] 1360631K->264841K(1739392K), 0.0205850 secs] [Times: user=0.07 sys=0.00, real=0.02 secs] 
2014-07-16T10:51:58.458+0000: 2641.467: [GC [PSYoungGen: 1052356K->288K(1009920K)] 1316617K->264701K(1696896K), 0.0048070 secs] [Times: user=0.02 sys=0.00, real=0.00 secs] 
2014-07-16T10:52:00.384+0000: 2643.392: [GC [PSYoungGen: 1009888K->562K(969984K)] 1274301K->265079K(1656960K), 0.0066620 secs] [Times: user=0.01 sys=0.00, real=0.01 secs] 
2014-07-16T10:52:02.297+0000: 2645.306: [GC [PSYoungGen: 969970K->370K(931520K)] 1234487K->264943K(1618496K), 0.0209140 secs] [Times: user=0.08 sys=0.00, real=0.02 secs] 
2014-07-16T10:52:04.082+0000: 2647.091: [GC [PSYoungGen: 931506K->562K(895296K)] 1196079K->265255K(1582272K), 0.0190780 secs] [Times: user=0.07 sys=0.00, real=0.02 secs] 
2014-07-16T10:52:05.860+0000: 2648.868: [GC [PSYoungGen: 895282K->658K(860736K)] 1159975K->265567K(1547712K), 0.0152090 secs] [Times: user=0.03 sys=0.00, real=0.01 secs] 
2014-07-16T10:52:07.535+0000: 2650.544: [GC [PSYoungGen: 860690K->416K(827456K)] 1125599K->265453K(1514432K), 0.0076650 secs] [Times: user=0.03 sys=0.01, real=0.01 secs] 
2014-07-16T10:52:09.127+0000: 2652.135: [GC [PSYoungGen: 827424K->448K(992896K)] 1092461K->265621K(1679872K), 0.0318910 secs] [Times: user=0.12 sys=0.00, real=0.03 secs] 
2014-07-16T10:52:11.007+0000: 2654.015: [GC [PSYoungGen: 992896K->548K(953664K)] 1258069K->265777K(1640640K), 0.0051060 secs] [Times: user=0.02 sys=0.01, real=0.01 secs] 
2014-07-16T10:52:12.908+0000: 2655.916: [GC [PSYoungGen: 953630K->608K(916224K)] 1218859K->265893K(1603200K), 0.0124370 secs] [Times: user=0.05 sys=0.00, real=0.01 secs] 
2014-07-16T10:52:14.795+0000: 2657.803: [GC [PSYoungGen: 916192K->744K(880640K)] 1181477K->266253K(1567616K), 0.0265760 secs] [Times: user=0.09 sys=0.00, real=0.03 secs] 
2014-07-16T10:52:16.520+0000: 2659.529: [GC [PSYoungGen: 880615K->548K(846464K)] 1146124K->266257K(1533440K), 0.0122120 secs] [Times: user=0.04 sys=0.00, real=0.01 secs] 
2014-07-16T10:52:18.225+0000: 2661.233: [GC [PSYoungGen: 846436K->484K(814016K)] 1112145K->266305K(1500992K), 0.0069330 secs] [Times: user=0.01 sys=0.00, real=0.01 secs] 
2014-07-16T10:52:19.748+0000: 2662.756: [GC [PSYoungGen: 813988K->740K(977024K)] 1079809K->266681K(1664000K), 0.0310840 secs] [Times: user=0.09 sys=0.00, real=0.04 secs] 
2014-07-16T10:52:21.629+0000: 2664.637: [GC [PSYoungGen: 976996K->758K(1172288K)] 1242937K->266763K(1859264K), 0.0278600 secs] [Times: user=0.10 sys=0.00, real=0.02 secs] 
2014-07-16T10:52:24.069+0000: 2667.077: [GC [PSYoungGen: 1172278K->448K(1389632K)] 1438283K->266597K(2076608K), 0.0213150 secs] [Times: user=0.08 sys=0.00, real=0.02 secs] 
2014-07-16T10:52:26.931+0000: 2669.939: [GC [PSYoungGen: 1389556K->608K(1390144K)] 1655706K->267037K(2077120K), 0.0256550 secs] [Times: user=0.09 sys=0.00, real=0.02 secs] 
2014-07-16T10:52:29.649+0000: 2672.657: [GC [PSYoungGen: 1389792K->352K(1331008K)] 1656221K->266997K(2017984K), 0.0050940 secs] [Times: user=0.02 sys=0.00, real=0.01 secs] 
2014-07-16T10:52:32.323+0000: 2675.331: [GC [PSYoungGen: 1330976K->754K(1275712K)] 1597621K->267519K(1962688K), 0.0166250 secs] [Times: user=0.05 sys=0.00, real=0.01 secs] 
2014-07-16T10:52:34.800+0000: 2677.809: [GC [PSYoungGen: 1275698K->530K(1222528K)] 1542463K->267463K(1909504K), 0.0254960 secs] [Times: user=0.09 sys=0.00, real=0.02 secs] 
2014-07-16T10:52:37.392+0000: 2680.401: [GC [PSYoungGen: 1222450K->658K(1172224K)] 1489383K->267823K(1859200K), 0.0308600 secs] [Times: user=0.12 sys=0.00, real=0.03 secs] 
2014-07-16T10:52:39.595+0000: 2682.603: [GC [PSYoungGen: 1172178K->384K(1123904K)] 1439343K->267749K(1810880K), 0.0142220 secs] [Times: user=0.06 sys=0.00, real=0.01 secs] 
2014-07-16T10:52:41.807+0000: 2684.815: [GC [PSYoungGen: 1123871K->918K(1078848K)] 1391236K->268355K(1765824K), 0.0115710 secs] [Times: user=0.02 sys=0.00, real=0.01 secs] 
2014-07-16T10:52:44.071+0000: 2687.079: [GC [PSYoungGen: 1078806K->626K(1035072K)] 1346243K->268191K(1722048K), 0.0150560 secs] [Times: user=0.05 sys=0.00, real=0.02 secs] 
2014-07-16T10:52:46.134+0000: 2689.143: [GC [PSYoungGen: 1035058K->498K(993600K)] 1302623K->268319K(1680576K), 0.0062590 secs] [Times: user=0.01 sys=0.01, real=0.00 secs] 
2014-07-16T10:52:48.166+0000: 2691.175: [GC [PSYoungGen: 993586K->580K(954368K)] 1261407K->268529K(1641344K), 0.0049660 secs] [Times: user=0.01 sys=0.00, real=0.00 secs] 
2014-07-16T10:52:49.918+0000: 2692.926: [GC [PSYoungGen: 954285K->566K(916800K)] 1222235K->268643K(1603776K), 0.0117040 secs] [Times: user=0.03 sys=0.00, real=0.01 secs] 
2014-07-16T10:52:51.646+0000: 2694.654: [GC [PSYoungGen: 916790K->256K(880768K)] 1184867K->268365K(1567744K), 0.0177880 secs] [Times: user=0.05 sys=0.00, real=0.02 secs] 
2014-07-16T10:52:53.456+0000: 2696.464: [GC [PSYoungGen: 880768K->964K(847488K)] 1148877K->269177K(1534464K), 0.0064950 secs] [Times: user=0.02 sys=0.01, real=0.00 secs] 
2014-07-16T10:52:55.142+0000: 2698.150: [GC [PSYoungGen: 847428K->658K(814784K)] 1115641K->269111K(1501760K), 0.0084210 secs] [Times: user=0.02 sys=0.00, real=0.01 secs] 
2014-07-16T10:52:56.878+0000: 2699.887: [GC [PSYoungGen: 814738K->676K(783872K)] 1083191K->269265K(1470848K), 0.0083680 secs] [Times: user=0.02 sys=0.00, real=0.01 secs] 
2014-07-16T10:52:58.485+0000: 2701.493: [GC [PSYoungGen: 783783K->620K(754368K)] 1052372K->269345K(1441344K), 0.0066530 secs] [Times: user=0.02 sys=0.00, real=0.00 secs] 
2014-07-16T10:52:59.892+0000: 2702.900: [GC [PSYoungGen: 754271K->306K(726016K)] 1022996K->269119K(1412992K), 0.0193410 secs] [Times: user=0.08 sys=0.00, real=0.02 secs] 
2014-07-16T10:53:01.233+0000: 2704.241: [GC [PSYoungGen: 726002K->320K(871168K)] 994815K->269189K(1558144K), 0.0394310 secs] [Times: user=0.14 sys=0.00, real=0.04 secs] 
2014-07-16T10:53:03.001+0000: 2706.009: [GC [PSYoungGen: 871168K->672K(1045760K)] 1140037K->269581K(1732736K), 0.0145810 secs] [Times: user=0.05 sys=0.00, real=0.02 secs] 
2014-07-16T10:53:05.058+0000: 2708.066: [GC [PSYoungGen: 1045728K->818K(1004032K)] 1314637K->269959K(1691008K), 0.0110700 secs] [Times: user=0.02 sys=0.01, real=0.01 secs] 
2014-07-16T10:53:07.021+0000: 2710.029: [GC [PSYoungGen: 1004015K->580K(963968K)] 1273156K->269905K(1650944K), 0.0064770 secs] [Times: user=0.02 sys=0.00, real=0.01 secs] 
2014-07-16T10:53:09.000+0000: 2712.009: [GC [PSYoungGen: 963908K->448K(925824K)] 1233233K->269893K(1612800K), 0.0206390 secs] [Times: user=0.07 sys=0.00, real=0.02 secs] 
2014-07-16T10:53:10.766+0000: 2713.775: [GC [PSYoungGen: 925824K->516K(1111040K)] 1195269K->270081K(1798016K), 0.0431720 secs] [Times: user=0.15 sys=0.00, real=0.04 secs] 
2014-07-16T10:53:13.073+0000: 2716.081: [GC [PSYoungGen: 1110980K->1010K(1333632K)] 1380545K->270695K(2020608K), 0.0167580 secs] [Times: user=0.05 sys=0.00, real=0.02 secs] 
2014-07-16T10:53:15.633+0000: 2718.641: [GC [PSYoungGen: 1333618K->448K(1599616K)] 1603303K->270381K(2286592K), 0.0345190 secs] [Times: user=0.12 sys=0.00, real=0.04 secs] 
2014-07-16T10:53:19.111+0000: 2722.119: [GC [PSYoungGen: 1599616K->704K(1531072K)] 1869549K->270837K(2218048K), 0.0140690 secs] [Times: user=0.04 sys=0.00, real=0.01 secs] 
2014-07-16T10:53:22.024+0000: 2725.033: [GC [PSYoungGen: 1531056K->758K(1465664K)] 1801189K->271147K(2152640K), 0.0124440 secs] [Times: user=0.03 sys=0.00, real=0.02 secs] 
2014-07-16T10:53:25.173+0000: 2728.181: [GC [PSYoungGen: 1465654K->530K(1403200K)] 1736043K->271063K(2090176K), 0.0094560 secs] [Times: user=0.03 sys=0.00, real=0.01 secs] 
2014-07-16T10:53:28.363+0000: 2731.371: [GC [PSYoungGen: 1403154K->544K(1344000K)] 1673687K->271325K(2030976K), 0.0198770 secs] [Times: user=0.07 sys=0.00, real=0.02 secs] 
2014-07-16T10:53:31.336+0000: 2734.345: [GC [PSYoungGen: 1343968K->580K(1287744K)] 1614749K->271545K(1974720K), 0.0343760 secs] [Times: user=0.13 sys=0.00, real=0.04 secs] 
2014-07-16T10:53:34.258+0000: 2737.266: [GC [PSYoungGen: 1287684K->704K(1234240K)] 1558649K->271805K(1921216K), 0.0260050 secs] [Times: user=0.09 sys=0.00, real=0.03 secs] 
2014-07-16T10:53:37.042+0000: 2740.051: [GC [PSYoungGen: 1234240K->758K(1183296K)] 1505341K->272379K(1870272K), 0.0076660 secs] [Times: user=0.02 sys=0.00, real=0.01 secs] 
2014-07-16T10:53:39.790+0000: 2742.798: [GC [PSYoungGen: 1183247K->658K(1134720K)] 1454868K->272431K(1821696K), 0.0093080 secs] [Times: user=0.03 sys=0.00, real=0.01 secs] 
2014-07-16T10:53:42.276+0000: 2745.284: [GC [PSYoungGen: 1134674K->402K(1088320K)] 1406447K->272407K(1775296K), 0.0176730 secs] [Times: user=0.06 sys=0.00, real=0.02 secs] 
2014-07-16T10:53:44.689+0000: 2747.697: [GC [PSYoungGen: 1088274K->516K(1044480K)] 1360279K->272665K(1731456K), 0.0059480 secs] [Times: user=0.01 sys=0.00, real=0.01 secs] 
2014-07-16T10:53:47.020+0000: 2750.028: [GC [PSYoungGen: 1044420K->530K(1002624K)] 1316569K->272871K(1689600K), 0.0037790 secs] [Times: user=0.02 sys=0.00, real=0.01 secs] 
2014-07-16T10:53:49.359+0000: 2752.368: [GC [PSYoungGen: 1002578K->320K(962560K)] 1274919K->272773K(1649536K), 0.0248670 secs] [Times: user=0.09 sys=0.00, real=0.03 secs] 
2014-07-16T10:53:51.489+0000: 2754.497: [GC [PSYoungGen: 962472K->548K(924928K)] 1234925K->273169K(1611904K), 0.0137680 secs] [Times: user=0.04 sys=0.00, real=0.02 secs] 
2014-07-16T10:53:53.619+0000: 2756.627: [GC [PSYoungGen: 924872K->1078K(889344K)] 1197493K->273987K(1576320K), 0.0264700 secs] [Times: user=0.10 sys=0.01, real=0.03 secs] 
2014-07-16T10:53:55.533+0000: 2758.541: [GC [PSYoungGen: 889334K->576K(854464K)] 1162243K->273685K(1541440K), 0.0158050 secs] [Times: user=0.05 sys=0.00, real=0.01 secs] 
2014-07-16T10:53:57.438+0000: 2760.446: [GC [PSYoungGen: 854464K->630K(821760K)] 1127573K->273915K(1508736K), 0.0291850 secs] [Times: user=0.11 sys=0.00, real=0.03 secs] 
2014-07-16T10:53:59.333+0000: 2762.342: [GC [PSYoungGen: 821750K->804K(986176K)] 1095035K->274177K(1673152K), 0.0266490 secs] [Times: user=0.10 sys=0.00, real=0.02 secs] 
2014-07-16T10:54:01.469+0000: 2764.477: [GC [PSYoungGen: 986147K->224K(946560K)] 1259521K->273741K(1633536K), 0.0079560 secs] [Times: user=0.02 sys=0.00, real=0.01 secs] 
2014-07-16T10:54:03.558+0000: 2766.567: [GC [PSYoungGen: 946472K->502K(909632K)] 1219989K->274091K(1596608K), 0.0219930 secs] [Times: user=0.07 sys=0.00, real=0.02 secs] 
2014-07-16T10:54:05.583+0000: 2768.592: [GC [PSYoungGen: 909622K->832K(874560K)] 1183211K->274581K(1561536K), 0.0064970 secs] [Times: user=0.01 sys=0.01, real=0.01 secs] 
2014-07-16T10:54:07.511+0000: 2770.520: [GC [PSYoungGen: 874560K->370K(840384K)] 1148309K->274287K(1527360K), 0.0053400 secs] [Times: user=0.02 sys=0.00, real=0.01 secs] 
2014-07-16T10:54:09.429+0000: 2772.437: [GC [PSYoungGen: 840281K->370K(808256K)] 1114198K->274359K(1495232K), 0.0105910 secs] [Times: user=0.04 sys=0.01, real=0.01 secs] 
2014-07-16T10:54:11.210+0000: 2774.218: [GC [PSYoungGen: 808242K->324K(777664K)] 1082231K->274441K(1464640K), 0.0100160 secs] [Times: user=0.03 sys=0.00, real=0.01 secs] 
2014-07-16T10:54:12.921+0000: 2775.929: [GC [PSYoungGen: 777601K->580K(933376K)] 1051718K->274745K(1620352K), 0.0401470 secs] [Times: user=0.15 sys=0.00, real=0.04 secs] 
2014-07-16T10:54:14.965+0000: 2777.973: [GC [PSYoungGen: 933316K->530K(896832K)] 1207481K->274815K(1583808K), 0.0051880 secs] [Times: user=0.02 sys=0.00, real=0.01 secs] 
2014-07-16T10:54:16.950+0000: 2779.958: [GC [PSYoungGen: 896786K->552K(862080K)] 1171071K->275013K(1549056K), 0.0160730 secs] [Times: user=0.05 sys=0.00, real=0.01 secs] 
2014-07-16T10:54:18.952+0000: 2781.961: [GC [PSYoungGen: 862056K->1088K(829440K)] 1136517K->275733K(1516416K), 0.0253030 secs] [Times: user=0.10 sys=0.00, real=0.03 secs] 
2014-07-16T10:54:20.694+0000: 2783.702: [GC [PSYoungGen: 829440K->352K(797184K)] 1104085K->275085K(1484160K), 0.0135850 secs] [Times: user=0.06 sys=0.00, real=0.02 secs] 
2014-07-16T10:54:22.438+0000: 2785.446: [GC [PSYoungGen: 797152K->256K(766976K)] 1071885K->275093K(1453952K), 0.0045310 secs] [Times: user=0.01 sys=0.00, real=0.00 secs] 
2014-07-16T10:54:24.196+0000: 2787.204: [GC [PSYoungGen: 766976K->662K(738752K)] 1041813K->275619K(1425728K), 0.0199690 secs] [Times: user=0.08 sys=0.00, real=0.02 secs] 
2014-07-16T10:54:25.763+0000: 2788.772: [GC [PSYoungGen: 738706K->498K(711232K)] 1013663K->275623K(1398208K), 0.0210680 secs] [Times: user=0.08 sys=0.00, real=0.02 secs] 
2014-07-16T10:54:27.320+0000: 2790.329: [GC [PSYoungGen: 711218K->356K(685056K)] 986343K->275561K(1372032K), 0.0062470 secs] [Times: user=0.01 sys=0.00, real=0.00 secs] 
2014-07-16T10:54:28.835+0000: 2791.844: [GC [PSYoungGen: 685028K->452K(660352K)] 960233K->275729K(1347328K), 0.0110180 secs] [Times: user=0.04 sys=0.00, real=0.01 secs] 
2014-07-16T10:54:30.437+0000: 2793.446: [GC [PSYoungGen: 660292K->516K(636736K)] 935569K->275865K(1323712K), 0.0111550 secs] [Times: user=0.04 sys=0.00, real=0.02 secs] 
2014-07-16T10:54:31.833+0000: 2794.841: [GC [PSYoungGen: 636676K->192K(613760K)] 912025K->275685K(1300736K), 0.0047450 secs] [Times: user=0.01 sys=0.00, real=0.00 secs] 
2014-07-16T10:54:33.188+0000: 2796.197: [GC [PSYoungGen: 613756K->616K(592640K)] 889249K->276213K(1279616K), 0.0132480 secs] [Times: user=0.04 sys=0.00, real=0.01 secs] 
2014-07-16T10:54:34.540+0000: 2797.548: [GC [PSYoungGen: 592614K->512K(571904K)] 868212K->276245K(1258880K), 0.0126480 secs] [Times: user=0.04 sys=0.00, real=0.01 secs] 
2014-07-16T10:54:35.791+0000: 2798.800: [GC [PSYoungGen: 571904K->256K(552000K)] 847637K->276133K(1238976K), 0.0079370 secs] [Times: user=0.02 sys=0.00, real=0.01 secs] 
2014-07-16T10:54:37.031+0000: 2800.039: [GC [PSYoungGen: 552000K->576K(662720K)] 827877K->276541K(1349696K), 0.0482720 secs] [Times: user=0.18 sys=0.00, real=0.05 secs] 
2014-07-16T10:54:38.493+0000: 2801.501: [GC [PSYoungGen: 662720K->612K(795264K)] 938685K->276633K(1482240K), 0.0223890 secs] [Times: user=0.08 sys=0.00, real=0.02 secs] 
2014-07-16T10:54:40.322+0000: 2803.331: [GC [PSYoungGen: 795235K->480K(954112K)] 1071256K->276589K(1641088K), 0.0194240 secs] [Times: user=0.07 sys=0.00, real=0.02 secs] 
2014-07-16T10:54:42.446+0000: 2805.455: [GC [PSYoungGen: 954080K->566K(1144896K)] 1230189K->276795K(1831872K), 0.0071020 secs] [Times: user=0.02 sys=0.01, real=0.01 secs] 
2014-07-16T10:54:45.043+0000: 2808.051: [GC [PSYoungGen: 1144886K->416K(1098112K)] 1421115K->276773K(1785088K), 0.0049850 secs] [Times: user=0.01 sys=0.01, real=0.00 secs] 
2014-07-16T10:54:47.456+0000: 2810.464: [GC [PSYoungGen: 1098080K->256K(1053504K)] 1374437K->276821K(1740480K), 0.0225160 secs] [Times: user=0.09 sys=0.00, real=0.02 secs] 
2014-07-16T10:54:49.896+0000: 2812.904: [GC [PSYoungGen: 1053430K->448K(1011392K)] 1329995K->277101K(1698368K), 0.0053760 secs] [Times: user=0.01 sys=0.00, real=0.01 secs] 
2014-07-16T10:54:52.153+0000: 2815.161: [GC [PSYoungGen: 1011392K->480K(971200K)] 1288045K->277269K(1658176K), 0.0321600 secs] [Times: user=0.12 sys=0.00, real=0.03 secs] 
2014-07-16T10:54:54.336+0000: 2817.344: [GC [PSYoungGen: 971168K->626K(1165504K)] 1247957K->277567K(1852480K), 0.0305720 secs] [Times: user=0.10 sys=0.00, real=0.03 secs] 
2014-07-16T10:54:57.003+0000: 2820.012: [GC [PSYoungGen: 1165450K->502K(1117696K)] 1442391K->277675K(1804672K), 0.0056990 secs] [Times: user=0.02 sys=0.00, real=0.00 secs] 
2014-07-16T10:54:59.486+0000: 2822.494: [GC [PSYoungGen: 1117686K->704K(1072512K)] 1394859K->278061K(1759488K), 0.0157810 secs] [Times: user=0.04 sys=0.00, real=0.02 secs] 
2014-07-16T10:55:01.878+0000: 2824.886: [GC [PSYoungGen: 1072512K->530K(1029184K)] 1349869K->277983K(1716160K), 0.0271710 secs] [Times: user=0.09 sys=0.00, real=0.03 secs] 
2014-07-16T10:55:04.142+0000: 2827.151: [GC [PSYoungGen: 1029138K->384K(987904K)] 1306591K->277989K(1674880K), 0.0157130 secs] [Times: user=0.05 sys=0.00, real=0.02 secs] 
2014-07-16T10:55:06.338+0000: 2829.346: [GC [PSYoungGen: 987904K->416K(948864K)] 1265509K->278181K(1635840K), 0.0184500 secs] [Times: user=0.07 sys=0.00, real=0.02 secs] 
2014-07-16T10:55:08.421+0000: 2831.430: [GC [PSYoungGen: 948832K->288K(911488K)] 1226597K->278205K(1598464K), 0.0194170 secs] [Times: user=0.07 sys=0.00, real=0.02 secs] 
2014-07-16T10:55:10.506+0000: 2833.514: [GC [PSYoungGen: 911455K->384K(876096K)] 1189372K->278373K(1563072K), 0.0137890 secs] [Times: user=0.05 sys=0.00, real=0.01 secs] 
2014-07-16T10:55:12.473+0000: 2835.481: [GC [PSYoungGen: 876094K->530K(842496K)] 1154084K->278631K(1529472K), 0.0053680 secs] [Times: user=0.01 sys=0.01, real=0.01 secs] 
2014-07-16T10:55:14.308+0000: 2837.316: [GC [PSYoungGen: 842450K->320K(810048K)] 1120551K->278589K(1497024K), 0.0243830 secs] [Times: user=0.09 sys=0.00, real=0.02 secs] 
2014-07-16T10:55:16.104+0000: 2839.112: [GC [PSYoungGen: 810048K->320K(779392K)] 1088317K->278717K(1466368K), 0.0054400 secs] [Times: user=0.01 sys=0.00, real=0.01 secs] 
2014-07-16T10:55:17.809+0000: 2840.817: [GC [PSYoungGen: 779392K->370K(750208K)] 1057789K->278879K(1437184K), 0.0216400 secs] [Times: user=0.09 sys=0.00, real=0.02 secs] 
2014-07-16T10:55:19.456+0000: 2842.465: [GC [PSYoungGen: 750194K->192K(722176K)] 1028703K->278765K(1409152K), 0.0043970 secs] [Times: user=0.02 sys=0.00, real=0.00 secs] 
2014-07-16T10:55:21.107+0000: 2844.116: [GC [PSYoungGen: 722176K->512K(695936K)] 1000749K->279149K(1382912K), 0.0104080 secs] [Times: user=0.04 sys=0.00, real=0.01 secs] 
2014-07-16T10:55:22.657+0000: 2845.665: [GC [PSYoungGen: 695919K->534K(670656K)] 974557K->279267K(1357632K), 0.0301330 secs] [Times: user=0.11 sys=0.00, real=0.03 secs] 
2014-07-16T10:55:24.141+0000: 2847.149: [GC [PSYoungGen: 670614K->544K(646464K)] 949347K->279445K(1333440K), 0.0129160 secs] [Times: user=0.03 sys=0.00, real=0.01 secs] 
2014-07-16T10:55:25.559+0000: 2848.567: [GC [PSYoungGen: 646432K->530K(623424K)] 925333K->279551K(1310400K), 0.0094640 secs] [Times: user=0.04 sys=0.00, real=0.01 secs] 
2014-07-16T10:55:26.953+0000: 2849.961: [GC [PSYoungGen: 623378K->612K(601472K)] 902399K->279721K(1288448K), 0.0138760 secs] [Times: user=0.04 sys=0.00, real=0.02 secs] 
2014-07-16T10:55:28.327+0000: 2851.336: [GC [PSYoungGen: 601378K->498K(580352K)] 880487K->279695K(1267328K), 0.0106820 secs] [Times: user=0.04 sys=0.00, real=0.01 secs] 
2014-07-16T10:55:29.629+0000: 2852.638: [GC [PSYoungGen: 580338K->370K(696192K)] 859535K->279647K(1383168K), 0.0204250 secs] [Times: user=0.08 sys=0.00, real=0.02 secs] 
2014-07-16T10:55:31.288+0000: 2854.296: [GC [PSYoungGen: 696176K->818K(835840K)] 975453K->280231K(1522816K), 0.0225290 secs] [Times: user=0.08 sys=0.00, real=0.02 secs] 
2014-07-16T10:55:33.155+0000: 2856.163: [GC [PSYoungGen: 835826K->580K(1002688K)] 1115239K->280137K(1689664K), 0.0207820 secs] [Times: user=0.07 sys=0.00, real=0.02 secs] 
2014-07-16T10:55:35.434+0000: 2858.442: [GC [PSYoungGen: 1002564K->484K(1203008K)] 1282121K->280305K(1889984K), 0.0234960 secs] [Times: user=0.08 sys=0.00, real=0.02 secs] 
2014-07-16T10:55:38.086+0000: 2861.095: [GC [PSYoungGen: 1202980K->562K(1153600K)] 1482801K->280543K(1840576K), 0.0134110 secs] [Times: user=0.05 sys=0.00, real=0.02 secs] 
2014-07-16T10:55:40.640+0000: 2863.648: [GC [PSYoungGen: 1153586K->320K(1106240K)] 1433567K->280397K(1793216K), 0.0059590 secs] [Times: user=0.01 sys=0.00, real=0.00 secs] 
2014-07-16T10:55:43.112+0000: 2866.121: [GC [PSYoungGen: 1106240K->676K(1061824K)] 1386317K->280841K(1748800K), 0.0054850 secs] [Times: user=0.02 sys=0.00, real=0.00 secs] 
2014-07-16T10:55:45.525+0000: 2868.534: [GC [PSYoungGen: 1061779K->900K(1019456K)] 1341945K->281289K(1706432K), 0.0091090 secs] [Times: user=0.02 sys=0.00, real=0.01 secs] 
2014-07-16T10:55:47.754+0000: 2870.762: [GC [PSYoungGen: 1019396K->516K(978432K)] 1299785K->281089K(1665408K), 0.0230120 secs] [Times: user=0.09 sys=0.00, real=0.02 secs] 
2014-07-16T10:55:49.895+0000: 2872.904: [GC [PSYoungGen: 978372K->256K(939456K)] 1258945K->280901K(1626432K), 0.0266940 secs] [Times: user=0.10 sys=0.00, real=0.03 secs] 
2014-07-16T10:55:51.966+0000: 2874.974: [GC [PSYoungGen: 939456K->452K(902912K)] 1220101K->281145K(1589888K), 0.0046840 secs] [Times: user=0.01 sys=0.00, real=0.01 secs] 
2014-07-16T10:55:53.944+0000: 2876.952: [GC [PSYoungGen: 902852K->288K(867648K)] 1183545K->281077K(1554624K), 0.0047270 secs] [Times: user=0.02 sys=0.00, real=0.00 secs] 
2014-07-16T10:55:55.976+0000: 2878.984: [GC [PSYoungGen: 867610K->448K(834368K)] 1148399K->281389K(1521344K), 0.0135880 secs] [Times: user=0.05 sys=0.00, real=0.01 secs] 
2014-07-16T10:55:57.810+0000: 2880.819: [GC [PSYoungGen: 834368K->288K(802432K)] 1115309K->281389K(1489408K), 0.0202710 secs] [Times: user=0.07 sys=0.00, real=0.02 secs] 
2014-07-16T10:55:59.559+0000: 2882.568: [GC [PSYoungGen: 802400K->342K(772160K)] 1083501K->281499K(1459136K), 0.0178510 secs] [Times: user=0.06 sys=0.00, real=0.02 secs] 
2014-07-16T10:56:01.314+0000: 2884.322: [GC [PSYoungGen: 772118K->352K(926528K)] 1053275K->281549K(1613504K), 0.0304140 secs] [Times: user=0.12 sys=0.00, real=0.03 secs] 
2014-07-16T10:56:03.371+0000: 2886.379: [GC [PSYoungGen: 926496K->576K(890496K)] 1207693K->281909K(1577472K), 0.0067100 secs] [Times: user=0.02 sys=0.00, real=0.01 secs] 
2014-07-16T10:56:05.352+0000: 2888.360: [GC [PSYoungGen: 890496K->288K(855744K)] 1171829K->281829K(1542720K), 0.0097800 secs] [Times: user=0.03 sys=0.01, real=0.00 secs] 
2014-07-16T10:56:07.260+0000: 2890.268: [GC [PSYoungGen: 855712K->288K(822912K)] 1137253K->281949K(1509888K), 0.0065910 secs] [Times: user=0.01 sys=0.00, real=0.01 secs] 
2014-07-16T10:56:09.076+0000: 2892.084: [GC [PSYoungGen: 822840K->320K(791616K)] 1104502K->282085K(1478592K), 0.0341030 secs] [Times: user=0.13 sys=0.01, real=0.03 secs] 
2014-07-16T10:56:10.880+0000: 2893.888: [GC [PSYoungGen: 791613K->818K(762304K)] 1073378K->282663K(1449280K), 0.0149810 secs] [Times: user=0.04 sys=0.00, real=0.02 secs] 
2014-07-16T10:56:12.509+0000: 2895.517: [GC [PSYoungGen: 762290K->434K(733504K)] 1044135K->282375K(1420480K), 0.0069890 secs] [Times: user=0.02 sys=0.00, real=0.01 secs] 
2014-07-16T10:56:14.176+0000: 2897.184: [GC [PSYoungGen: 733486K->954K(706944K)] 1015427K->283359K(1393920K), 0.0072650 secs] [Times: user=0.02 sys=0.01, real=0.00 secs] 
2014-07-16T10:56:15.699+0000: 2898.708: [GC [PSYoungGen: 706938K->256K(680384K)] 989343K->282837K(1367360K), 0.0057990 secs] [Times: user=0.01 sys=0.00, real=0.01 secs] 
2014-07-16T10:56:17.227+0000: 2900.236: [GC [PSYoungGen: 680384K->416K(655936K)] 962965K->283181K(1342912K), 0.0132690 secs] [Times: user=0.05 sys=0.00, real=0.01 secs] 
2014-07-16T10:56:18.684+0000: 2901.692: [GC [PSYoungGen: 655904K->530K(632576K)] 938669K->283407K(1319552K), 0.0221270 secs] [Times: user=0.08 sys=0.00, real=0.02 secs] 
2014-07-16T10:56:20.072+0000: 2903.080: [GC [PSYoungGen: 632530K->452K(610112K)] 915407K->283385K(1297088K), 0.0052450 secs] [Times: user=0.02 sys=0.00, real=0.01 secs] 
2014-07-16T10:56:21.548+0000: 2904.556: [GC [PSYoungGen: 610052K->694K(588928K)] 892985K->283667K(1275904K), 0.0153360 secs] [Times: user=0.05 sys=0.01, real=0.01 secs] 
2014-07-16T10:56:22.833+0000: 2905.842: [GC [PSYoungGen: 588918K->320K(568128K)] 871891K->283437K(1255104K), 0.0160230 secs] [Times: user=0.05 sys=0.00, real=0.02 secs] 
2014-07-16T10:56:24.087+0000: 2907.095: [GC [PSYoungGen: 568128K->516K(548864K)] 851245K->283769K(1235840K), 0.0123890 secs] [Times: user=0.04 sys=0.00, real=0.01 secs] 
2014-07-16T10:56:25.299+0000: 2908.308: [GC [PSYoungGen: 548709K->584K(658624K)] 831963K->283973K(1345600K), 0.0215540 secs] [Times: user=0.08 sys=0.00, real=0.02 secs] 
2014-07-16T10:56:26.758+0000: 2909.767: [GC [PSYoungGen: 658530K->726K(790400K)] 941919K->284195K(1477376K), 0.0278530 secs] [Times: user=0.10 sys=0.00, real=0.03 secs] 
2014-07-16T10:56:28.485+0000: 2911.493: [GC [PSYoungGen: 790304K->438K(948032K)] 1073774K->283987K(1635008K), 0.0082550 secs] [Times: user=0.02 sys=0.00, real=0.01 secs] 
2014-07-16T10:56:30.582+0000: 2913.591: [GC [PSYoungGen: 948022K->352K(1137536K)] 1231571K->283957K(1824512K), 0.0192030 secs] [Times: user=0.07 sys=0.00, real=0.02 secs] 
2014-07-16T10:56:33.128+0000: 2916.136: [GC [PSYoungGen: 1137504K->758K(1091584K)] 1421109K->284443K(1778560K), 0.0063320 secs] [Times: user=0.01 sys=0.00, real=0.00 secs] 
2014-07-16T10:56:35.619+0000: 2918.628: [GC [PSYoungGen: 1091574K->946K(1047680K)] 1375259K->285167K(1734656K), 0.0332840 secs] [Times: user=0.13 sys=0.00, real=0.03 secs] 
2014-07-16T10:56:37.891+0000: 2920.900: [GC [PSYoungGen: 1047666K->384K(1005120K)] 1331887K->284781K(1692096K), 0.0067450 secs] [Times: user=0.01 sys=0.01, real=0.01 secs] 
2014-07-16T10:56:40.126+0000: 2923.135: [GC [PSYoungGen: 1005120K->402K(965248K)] 1289517K->284959K(1652224K), 0.0106990 secs] [Times: user=0.04 sys=0.00, real=0.02 secs] 
2014-07-16T10:56:42.303+0000: 2925.312: [GC [PSYoungGen: 965202K->416K(927232K)] 1249759K->285069K(1614208K), 0.0251710 secs] [Times: user=0.09 sys=0.00, real=0.03 secs] 
2014-07-16T10:56:44.356+0000: 2927.364: [GC [PSYoungGen: 927200K->352K(890944K)] 1211853K->285165K(1577920K), 0.0287220 secs] [Times: user=0.11 sys=0.00, real=0.03 secs] 
2014-07-16T10:56:46.495+0000: 2929.504: [GC [PSYoungGen: 890912K->822K(856896K)] 1175725K->285827K(1543872K), 0.0163330 secs] [Times: user=0.05 sys=0.00, real=0.02 secs] 
2014-07-16T10:56:48.394+0000: 2931.402: [GC [PSYoungGen: 856800K->388K(823616K)] 1141805K->285577K(1510592K), 0.0050610 secs] [Times: user=0.01 sys=0.00, real=0.01 secs] 
2014-07-16T10:56:50.241+0000: 2933.249: [GC [PSYoungGen: 823556K->338K(792256K)] 1108745K->285615K(1479232K), 0.0163350 secs] [Times: user=0.06 sys=0.00, real=0.01 secs] 
2014-07-16T10:56:52.093+0000: 2935.101: [GC [PSYoungGen: 792210K->594K(762688K)] 1077487K->285943K(1449664K), 0.0073100 secs] [Times: user=0.02 sys=0.00, real=0.01 secs] 
2014-07-16T10:56:53.759+0000: 2936.767: [GC [PSYoungGen: 762642K->384K(734016K)] 1047991K->285909K(1420992K), 0.0233720 secs] [Times: user=0.08 sys=0.00, real=0.03 secs] 
2014-07-16T10:56:55.410+0000: 2938.418: [GC [PSYoungGen: 734016K->1124K(707648K)] 1019541K->286833K(1394624K), 0.0213640 secs] [Times: user=0.08 sys=0.00, real=0.03 secs] 
2014-07-16T10:56:57.057+0000: 2940.066: [GC [PSYoungGen: 707620K->786K(681472K)] 993329K->286631K(1368448K), 0.0147780 secs] [Times: user=0.04 sys=0.00, real=0.02 secs] 
2014-07-16T10:56:58.555+0000: 2941.564: [GC [PSYoungGen: 681426K->320K(817088K)] 967271K->286285K(1504064K), 0.0586880 secs] [Times: user=0.21 sys=0.00, real=0.06 secs] 
2014-07-16T10:57:00.386+0000: 2943.394: [GC [PSYoungGen: 817088K->1028K(981248K)] 1103053K->287057K(1668224K), 0.0261060 secs] [Times: user=0.10 sys=0.00, real=0.03 secs] 
2014-07-16T10:57:02.660+0000: 2945.669: [GC [PSYoungGen: 981188K->544K(1176768K)] 1267217K->286653K(1863744K), 0.0236300 secs] [Times: user=0.09 sys=0.00, real=0.03 secs] 
2014-07-16T10:57:05.287+0000: 2948.296: [GC [PSYoungGen: 1176736K->900K(1412416K)] 1462845K->287233K(2099392K), 0.0178670 secs] [Times: user=0.07 sys=0.00, real=0.02 secs] 
2014-07-16T10:57:08.420+0000: 2951.429: [GC [PSYoungGen: 1412356K->416K(1605568K)] 1698689K->286925K(2292544K), 0.0161470 secs] [Times: user=0.06 sys=0.00, real=0.02 secs] 
2014-07-16T10:57:12.002+0000: 2955.010: [GC [PSYoungGen: 1604721K->772K(1536128K)] 1891231K->287441K(2223104K), 0.0059760 secs] [Times: user=0.02 sys=0.00, real=0.00 secs] 
2014-07-16T10:57:15.403+0000: 2958.411: [GC [PSYoungGen: 1536068K->480K(1470080K)] 1822737K->287301K(2157056K), 0.0204680 secs] [Times: user=0.08 sys=0.00, real=0.03 secs] 
2014-07-16T10:57:18.734+0000: 2961.743: [GC [PSYoungGen: 1470048K->562K(1407680K)] 1756869K->287663K(2094656K), 0.0133340 secs] [Times: user=0.05 sys=0.00, real=0.01 secs] 
2014-07-16T10:57:21.954+0000: 2964.962: [GC [PSYoungGen: 1407666K->1266K(1348928K)] 1694767K->288519K(2035904K), 0.0073490 secs] [Times: user=0.02 sys=0.00, real=0.00 secs] 
2014-07-16T10:57:24.838+0000: 2967.847: [GC [PSYoungGen: 1348914K->576K(1291712K)] 1636167K->287973K(1978688K), 0.0256760 secs] [Times: user=0.09 sys=0.00, real=0.03 secs] 
2014-07-16T10:57:27.784+0000: 2970.792: [GC [PSYoungGen: 1291712K->1000K(1238400K)] 1579109K->288813K(1925376K), 0.0424070 secs] [Times: user=0.16 sys=0.00, real=0.05 secs] 
2014-07-16T10:57:30.558+0000: 2973.566: [GC [PSYoungGen: 1238376K->548K(1186752K)] 1526189K->288545K(1873728K), 0.0076870 secs] [Times: user=0.02 sys=0.00, real=0.01 secs] 
2014-07-16T10:57:33.222+0000: 2976.231: [GC [PSYoungGen: 1186724K->594K(1138112K)] 1474721K->288743K(1825088K), 0.0316490 secs] [Times: user=0.12 sys=0.00, real=0.03 secs] 
2014-07-16T10:57:35.758+0000: 2978.766: [GC [PSYoungGen: 1138064K->320K(1091456K)] 1426213K->288693K(1778432K), 0.0212880 secs] [Times: user=0.08 sys=0.00, real=0.02 secs] 
2014-07-16T10:57:38.220+0000: 2981.229: [GC [PSYoungGen: 1091456K->384K(1047424K)] 1379829K->288933K(1734400K), 0.0280480 secs] [Times: user=0.10 sys=0.00, real=0.03 secs] 
2014-07-16T10:57:40.522+0000: 2983.531: [GC [PSYoungGen: 1047424K->160K(1005248K)] 1335973K->288853K(1692224K), 0.0183190 secs] [Times: user=0.07 sys=0.00, real=0.02 secs] 
2014-07-16T10:57:42.823+0000: 2985.832: [GC [PSYoungGen: 1005216K->480K(965632K)] 1293909K->289221K(1652608K), 0.0051560 secs] [Times: user=0.02 sys=0.00, real=0.01 secs] 
2014-07-16T10:57:44.958+0000: 2987.966: [GC [PSYoungGen: 965600K->594K(927680K)] 1254341K->289527K(1614656K), 0.0325860 secs] [Times: user=0.12 sys=0.00, real=0.03 secs] 
2014-07-16T10:57:47.037+0000: 2990.045: [GC [PSYoungGen: 927634K->544K(891392K)] 1216567K->289645K(1578368K), 0.0198400 secs] [Times: user=0.07 sys=0.00, real=0.02 secs] 
2014-07-16T10:57:49.086+0000: 2992.095: [GC [PSYoungGen: 891360K->1078K(857408K)] 1180461K->290347K(1544384K), 0.0242910 secs] [Times: user=0.09 sys=0.00, real=0.03 secs] 
2014-07-16T10:57:50.952+0000: 2993.960: [GC [PSYoungGen: 857398K->192K(823616K)] 1146667K->289573K(1510592K), 0.0051210 secs] [Times: user=0.01 sys=0.00, real=0.00 secs] 
2014-07-16T10:57:52.778+0000: 2995.786: [GC [PSYoungGen: 823616K->384K(792512K)] 1112997K->289813K(1479488K), 0.0120800 secs] [Times: user=0.02 sys=0.01, real=0.02 secs] 
2014-07-16T10:57:54.520+0000: 2997.528: [GC [PSYoungGen: 792512K->512K(762816K)] 1081941K->290109K(1449792K), 0.0219350 secs] [Times: user=0.08 sys=0.00, real=0.02 secs] 
2014-07-16T10:57:56.206+0000: 2999.215: [GC [PSYoungGen: 762761K->420K(734272K)] 1052359K->290129K(1421248K), 0.0152050 secs] [Times: user=0.05 sys=0.00, real=0.02 secs] 
2014-07-16T10:57:57.842+0000: 3000.851: [GC [PSYoungGen: 734228K->548K(707264K)] 1023937K->290353K(1394240K), 0.0089050 secs] [Times: user=0.01 sys=0.00, real=0.01 secs] 
2014-07-16T10:57:59.431+0000: 3002.440: [GC [PSYoungGen: 707236K->548K(681408K)] 997041K->290433K(1368384K), 0.0058460 secs] [Times: user=0.01 sys=0.00, real=0.00 secs] 
2014-07-16T10:58:00.913+0000: 3003.921: [GC [PSYoungGen: 681380K->534K(656768K)] 971265K->290539K(1343744K), 0.0065030 secs] [Times: user=0.02 sys=0.00, real=0.00 secs] 
2014-07-16T10:58:02.490+0000: 3005.499: [GC [PSYoungGen: 656726K->1074K(633728K)] 946731K->291223K(1320704K), 0.0139310 secs] [Times: user=0.05 sys=0.01, real=0.01 secs] 
2014-07-16T10:58:03.855+0000: 3006.863: [GC [PSYoungGen: 633643K->416K(610624K)] 923792K->290685K(1297600K), 0.0109610 secs] [Times: user=0.04 sys=0.00, real=0.01 secs] 
2014-07-16T10:58:05.201+0000: 3008.210: [GC [PSYoungGen: 610592K->192K(588928K)] 900861K->290661K(1275904K), 0.0169290 secs] [Times: user=0.07 sys=0.00, real=0.01 secs] 
2014-07-16T10:58:06.497+0000: 3009.505: [GC [PSYoungGen: 588928K->160K(706688K)] 879397K->290693K(1393664K), 0.0224760 secs] [Times: user=0.08 sys=0.00, real=0.02 secs] 
2014-07-16T10:58:08.123+0000: 3011.132: [GC [PSYoungGen: 706656K->666K(848512K)] 997189K->291255K(1535488K), 0.0295200 secs] [Times: user=0.10 sys=0.00, real=0.03 secs] 
2014-07-16T10:58:10.070+0000: 3013.079: [GC [PSYoungGen: 848474K->288K(1017728K)] 1139063K->290965K(1704704K), 0.0274340 secs] [Times: user=0.10 sys=0.00, real=0.03 secs] 
2014-07-16T10:58:12.265+0000: 3015.273: [GC [PSYoungGen: 1017696K->356K(1221312K)] 1308373K->291145K(1908288K), 0.0121980 secs] [Times: user=0.04 sys=0.01, real=0.01 secs] 
2014-07-16T10:58:14.983+0000: 3017.991: [GC [PSYoungGen: 1221284K->754K(1171328K)] 1512073K->291671K(1858304K), 0.0085890 secs] [Times: user=0.02 sys=0.00, real=0.00 secs] 
2014-07-16T10:58:17.635+0000: 3020.643: [GC [PSYoungGen: 1171314K->1188K(1123840K)] 1462231K->292313K(1810816K), 0.0131130 secs] [Times: user=0.05 sys=0.00, real=0.01 secs] 
2014-07-16T10:58:20.253+0000: 3023.262: [GC [PSYoungGen: 1123779K->502K(1077504K)] 1414904K->291835K(1764480K), 0.0272770 secs] [Times: user=0.09 sys=0.00, real=0.02 secs] 
2014-07-16T10:58:22.643+0000: 3025.651: [GC [PSYoungGen: 1077494K->1152K(1034752K)] 1368827K->292669K(1721728K), 0.0072100 secs] [Times: user=0.02 sys=0.00, real=0.01 secs] 
2014-07-16T10:58:24.921+0000: 3027.930: [GC [PSYoungGen: 1034752K->416K(992704K)] 1326269K->292101K(1679680K), 0.0246530 secs] [Times: user=0.07 sys=0.00, real=0.03 secs] 
2014-07-16T10:58:27.112+0000: 3030.121: [GC [PSYoungGen: 992672K->466K(953408K)] 1284357K->292367K(1640384K), 0.0284300 secs] [Times: user=0.11 sys=0.00, real=0.03 secs] 
2014-07-16T10:58:29.299+0000: 3032.307: [GC [PSYoungGen: 953362K->384K(915840K)] 1245263K->292365K(1602816K), 0.0261210 secs] [Times: user=0.10 sys=0.01, real=0.03 secs] 
2014-07-16T10:58:31.340+0000: 3034.348: [GC [PSYoungGen: 915840K->370K(880128K)] 1207821K->292495K(1567104K), 0.0190420 secs] [Times: user=0.08 sys=0.00, real=0.02 secs] 
2014-07-16T10:58:33.364+0000: 3036.372: [GC [PSYoungGen: 880087K->694K(1056448K)] 1172212K->292915K(1743424K), 0.0219420 secs] [Times: user=0.08 sys=0.00, real=0.03 secs] 
2014-07-16T10:58:35.657+0000: 3038.665: [GC [PSYoungGen: 1056434K->644K(1014080K)] 1348655K->293065K(1701056K), 0.0088230 secs] [Times: user=0.02 sys=0.00, real=0.01 secs] 
2014-07-16T10:58:37.895+0000: 3040.903: [GC [PSYoungGen: 1014020K->864K(973888K)] 1306441K->293429K(1660864K), 0.0090190 secs] [Times: user=0.02 sys=0.00, real=0.01 secs] 
2014-07-16T10:58:40.098+0000: 3043.107: [GC [PSYoungGen: 973856K->484K(935104K)] 1266421K->293137K(1622080K), 0.0145830 secs] [Times: user=0.05 sys=0.00, real=0.01 secs] 
2014-07-16T10:58:42.198+0000: 3045.206: [GC [PSYoungGen: 935076K->594K(898624K)] 1227729K->293391K(1585600K), 0.0237710 secs] [Times: user=0.08 sys=0.00, real=0.02 secs] 
2014-07-16T10:58:44.267+0000: 3047.275: [GC [PSYoungGen: 898578K->384K(863488K)] 1191375K->293333K(1550464K), 0.0198450 secs] [Times: user=0.07 sys=0.00, real=0.02 secs] 
2014-07-16T10:58:46.185+0000: 3049.193: [GC [PSYoungGen: 863488K->352K(830272K)] 1156437K->293509K(1517248K), 0.0276630 secs] [Times: user=0.11 sys=0.00, real=0.03 secs] 
2014-07-16T10:58:48.011+0000: 3051.019: [GC [PSYoungGen: 830240K->402K(996352K)] 1123397K->293671K(1683328K), 0.0364580 secs] [Times: user=0.13 sys=0.00, real=0.04 secs] 
2014-07-16T10:58:50.285+0000: 3053.293: [GC [PSYoungGen: 996306K->416K(1195584K)] 1289575K->293741K(1882560K), 0.0195890 secs] [Times: user=0.07 sys=0.00, real=0.02 secs] 
2014-07-16T10:58:52.970+0000: 3055.979: [GC [PSYoungGen: 1195486K->708K(1146752K)] 1488811K->294169K(1833728K), 0.0062390 secs] [Times: user=0.01 sys=0.00, real=0.00 secs] 
2014-07-16T10:58:55.601+0000: 3058.609: [GC [PSYoungGen: 1146665K->996K(1376256K)] 1440126K->295001K(2063232K), 0.0434880 secs] [Times: user=0.16 sys=0.00, real=0.04 secs] 
2014-07-16T10:58:58.727+0000: 3061.735: [GC [PSYoungGen: 1376183K->544K(1579264K)] 1670189K->294757K(2266240K), 0.0259460 secs] [Times: user=0.09 sys=0.00, real=0.03 secs] 
2014-07-16T10:59:02.215+0000: 3065.223: [GC [PSYoungGen: 1578400K->512K(1651712K)] 1872613K->294957K(2338688K), 0.0412710 secs] [Times: user=0.15 sys=0.00, real=0.04 secs] 
2014-07-16T10:59:05.938+0000: 3068.946: [GC [PSYoungGen: 1650880K->544K(1579584K)] 1945325K->295149K(2266560K), 0.0072320 secs] [Times: user=0.03 sys=0.00, real=0.01 secs] 
2014-07-16T10:59:09.494+0000: 3072.503: [GC [PSYoungGen: 1579548K->704K(1511872K)] 1874153K->295597K(2198848K), 0.0121520 secs] [Times: user=0.05 sys=0.00, real=0.01 secs] 
2014-07-16T10:59:12.901+0000: 3075.910: [GC [PSYoungGen: 1511872K->594K(1447296K)] 1806765K->295639K(2134272K), 0.0262220 secs] [Times: user=0.09 sys=0.00, real=0.02 secs] 
2014-07-16T10:59:16.115+0000: 3079.124: [GC [PSYoungGen: 1447216K->598K(1385920K)] 1742261K->295907K(2072896K), 0.0090440 secs] [Times: user=0.03 sys=0.00, real=0.01 secs] 
2014-07-16T10:59:19.214+0000: 3082.222: [GC [PSYoungGen: 1385846K->416K(1327360K)] 1681155K->295909K(2014336K), 0.0068360 secs] [Times: user=0.01 sys=0.00, real=0.00 secs] 
2014-07-16T10:59:22.145+0000: 3085.153: [GC [PSYoungGen: 1327328K->352K(1271744K)] 1622821K->295981K(1958720K), 0.0080350 secs] [Times: user=0.03 sys=0.00, real=0.01 secs] 
2014-07-16T10:59:24.947+0000: 3087.956: [GC [PSYoungGen: 1271712K->640K(1219200K)] 1567341K->296413K(1906176K), 0.0093470 secs] [Times: user=0.03 sys=0.00, real=0.01 secs] 
2014-07-16T10:59:27.652+0000: 3090.661: [GC [PSYoungGen: 1219200K->420K(1168768K)] 1514973K->296457K(1855744K), 0.0107970 secs] [Times: user=0.04 sys=0.00, real=0.02 secs] 
2014-07-16T10:59:30.250+0000: 3093.259: [GC [PSYoungGen: 1168674K->534K(1121088K)] 1464712K->296683K(1808064K), 0.0072480 secs] [Times: user=0.03 sys=0.00, real=0.01 secs] 
2014-07-16T10:59:32.729+0000: 3095.738: [GC [PSYoungGen: 1121042K->498K(1075520K)] 1417191K->296791K(1762496K), 0.0164520 secs] [Times: user=0.06 sys=0.00, real=0.02 secs] 
2014-07-16T10:59:35.191+0000: 3098.200: [GC [PSYoungGen: 1075506K->676K(1032384K)] 1371799K->297137K(1719360K), 0.0135420 secs] [Times: user=0.04 sys=0.00, real=0.02 secs] 
2014-07-16T10:59:37.456+0000: 3100.464: [GC [PSYoungGen: 1032356K->352K(990848K)] 1328817K->297069K(1677824K), 0.0048830 secs] [Times: user=0.01 sys=0.00, real=0.00 secs] 
2014-07-16T10:59:39.689+0000: 3102.697: [GC [PSYoungGen: 990816K->484K(951680K)] 1287533K->297281K(1638656K), 0.0061920 secs] [Times: user=0.02 sys=0.00, real=0.00 secs] 
2014-07-16T10:59:41.794+0000: 3104.802: [GC [PSYoungGen: 951652K->420K(914240K)] 1248449K->297321K(1601216K), 0.0176510 secs] [Times: user=0.06 sys=0.00, real=0.02 secs] 
2014-07-16T10:59:43.880+0000: 3106.888: [GC [PSYoungGen: 914212K->448K(878656K)] 1211113K->297429K(1565632K), 0.0061480 secs] [Times: user=0.02 sys=0.00, real=0.01 secs] 
2014-07-16T10:59:45.815+0000: 3108.824: [GC [PSYoungGen: 878656K->434K(844736K)] 1175637K->297639K(1531712K), 0.0129020 secs] [Times: user=0.05 sys=0.00, real=0.02 secs] 
2014-07-16T10:59:47.668+0000: 3110.677: [GC [PSYoungGen: 844722K->356K(812352K)] 1141927K->297665K(1499328K), 0.0110460 secs] [Times: user=0.04 sys=0.00, real=0.01 secs] 
2014-07-16T10:59:49.497+0000: 3112.506: [GC [PSYoungGen: 812324K->434K(781632K)] 1109633K->297791K(1468608K), 0.0050280 secs] [Times: user=0.01 sys=0.00, real=0.00 secs] 
2014-07-16T10:59:51.228+0000: 3114.236: [GC [PSYoungGen: 781618K->434K(752320K)] 1078975K->297871K(1439296K), 0.0141830 secs] [Times: user=0.05 sys=0.00, real=0.01 secs] 
2014-07-16T10:59:52.888+0000: 3115.896: [GC [PSYoungGen: 752306K->544K(724480K)] 1049743K->298045K(1411456K), 0.0367710 secs] [Times: user=0.13 sys=0.00, real=0.03 secs] 
2014-07-16T10:59:54.569+0000: 3117.577: [GC [PSYoungGen: 724448K->676K(697920K)] 1021949K->298305K(1384896K), 0.0056810 secs] [Times: user=0.02 sys=0.01, real=0.00 secs] 
2014-07-16T10:59:56.135+0000: 3119.143: [GC [PSYoungGen: 697822K->438K(672256K)] 995452K->298347K(1359232K), 0.0098440 secs] [Times: user=0.03 sys=0.00, real=0.01 secs] 
2014-07-16T10:59:57.636+0000: 3120.644: [GC [PSYoungGen: 672245K->868K(648448K)] 970154K->298889K(1335424K), 0.0078310 secs] [Times: user=0.02 sys=0.00, real=0.01 secs] 
2014-07-16T10:59:59.065+0000: 3122.074: [GC [PSYoungGen: 648420K->256K(624704K)] 946441K->298357K(1311680K), 0.0060800 secs] [Times: user=0.01 sys=0.00, real=0.01 secs] 
2014-07-16T11:00:00.515+0000: 3123.523: [GC [PSYoungGen: 624704K->320K(602688K)] 922805K->298485K(1289664K), 0.0245490 secs] [Times: user=0.09 sys=0.00, real=0.03 secs] 
2014-07-16T11:00:01.868+0000: 3124.876: [GC [PSYoungGen: 602688K->306K(581632K)] 900853K->298559K(1268608K), 0.0058380 secs] [Times: user=0.01 sys=0.00, real=0.01 secs] 
2014-07-16T11:00:03.153+0000: 3126.161: [GC [PSYoungGen: 581570K->374K(697984K)] 879823K->298715K(1384960K), 0.0271350 secs] [Times: user=0.10 sys=0.00, real=0.03 secs] 
2014-07-16T11:00:04.737+0000: 3127.745: [GC [PSYoungGen: 697974K->448K(672640K)] 996315K->298917K(1359616K), 0.0094140 secs] [Times: user=0.03 sys=0.00, real=0.01 secs] 
2014-07-16T11:00:06.240+0000: 3129.248: [GC [PSYoungGen: 672633K->338K(648320K)] 971103K->298943K(1335296K), 0.0048450 secs] [Times: user=0.01 sys=0.01, real=0.00 secs] 
2014-07-16T11:00:07.689+0000: 3130.697: [GC [PSYoungGen: 648235K->538K(625344K)] 946841K->299231K(1312320K), 0.0047920 secs] [Times: user=0.02 sys=0.00, real=0.01 secs] 
2014-07-16T11:00:09.133+0000: 3132.141: [GC [PSYoungGen: 625298K->352K(603072K)] 923991K->299117K(1290048K), 0.0069030 secs] [Times: user=0.01 sys=0.01, real=0.01 secs] 
2014-07-16T11:00:10.556+0000: 3133.565: [GC [PSYoungGen: 603040K->320K(581952K)] 901805K->299165K(1268928K), 0.0106000 secs] [Times: user=0.04 sys=0.00, real=0.01 secs] 
2014-07-16T11:00:11.841+0000: 3134.849: [GC [PSYoungGen: 581952K->320K(561856K)] 880797K->299269K(1248832K), 0.0063090 secs] [Times: user=0.01 sys=0.00, real=0.00 secs] 
2014-07-16T11:00:13.082+0000: 3136.090: [GC [PSYoungGen: 561856K->470K(542848K)] 860805K->299499K(1229824K), 0.0044440 secs] [Times: user=0.01 sys=0.00, real=0.00 secs] 
2014-07-16T11:00:14.312+0000: 3137.320: [GC [PSYoungGen: 542806K->384K(524352K)] 841835K->299525K(1211328K), 0.0104640 secs] [Times: user=0.01 sys=0.00, real=0.01 secs] 
2014-07-16T11:00:15.526+0000: 3138.535: [GC [PSYoungGen: 524352K->416K(506880K)] 823493K->299685K(1193856K), 0.0171330 secs] [Times: user=0.07 sys=0.00, real=0.02 secs] 
2014-07-16T11:00:16.647+0000: 3139.656: [GC [PSYoungGen: 506848K->128K(489792K)] 806117K->299525K(1176768K), 0.0118970 secs] [Times: user=0.04 sys=0.00, real=0.01 secs] 
2014-07-16T11:00:17.726+0000: 3140.734: [GC [PSYoungGen: 489792K->356K(474048K)] 789189K->299809K(1161024K), 0.0135650 secs] [Times: user=0.05 sys=0.00, real=0.01 secs] 
2014-07-16T11:00:18.775+0000: 3141.783: [GC [PSYoungGen: 474020K->288K(568768K)] 773473K->299789K(1255744K), 0.0350350 secs] [Times: user=0.12 sys=0.00, real=0.03 secs] 
2014-07-16T11:00:20.068+0000: 3143.076: [GC [PSYoungGen: 568736K->448K(682624K)] 868237K->299989K(1369600K), 0.0048900 secs] [Times: user=0.01 sys=0.01, real=0.01 secs] 
2014-07-16T11:00:21.573+0000: 3144.581: [GC [PSYoungGen: 682624K->740K(819392K)] 982165K->300377K(1506368K), 0.0213140 secs] [Times: user=0.07 sys=0.00, real=0.02 secs] 
2014-07-16T11:00:23.377+0000: 3146.385: [GC [PSYoungGen: 819364K->384K(982784K)] 1119001K->300125K(1669760K), 0.0281470 secs] [Times: user=0.10 sys=0.00, real=0.03 secs] 
2014-07-16T11:00:25.602+0000: 3148.610: [GC [PSYoungGen: 982784K->480K(1179392K)] 1282525K->300413K(1866368K), 0.0310260 secs] [Times: user=0.11 sys=0.00, real=0.04 secs] 
2014-07-16T11:00:28.213+0000: 3151.221: [GC [PSYoungGen: 1179360K->320K(1414976K)] 1479293K->300421K(2101952K), 0.0061060 secs] [Times: user=0.02 sys=0.00, real=0.00 secs] 
2014-07-16T11:00:31.363+0000: 3154.372: [GC [PSYoungGen: 1414976K->434K(1355328K)] 1715077K->300599K(2042304K), 0.0139600 secs] [Times: user=0.05 sys=0.00, real=0.01 secs] 
2014-07-16T11:00:34.373+0000: 3157.381: [GC [PSYoungGen: 1355314K->562K(1298560K)] 1655479K->300871K(1985536K), 0.0086340 secs] [Times: user=0.03 sys=0.00, real=0.01 secs] 
2014-07-16T11:00:37.297+0000: 3160.306: [GC [PSYoungGen: 1298546K->512K(1244352K)] 1598855K->301077K(1931328K), 0.0135300 secs] [Times: user=0.04 sys=0.00, real=0.01 secs] 
2014-07-16T11:00:40.125+0000: 3163.134: [GC [PSYoungGen: 1244352K->498K(1192896K)] 1544917K->301911K(1879872K), 0.0265060 secs] [Times: user=0.11 sys=0.00, real=0.02 secs] 
2014-07-16T11:00:42.746+0000: 3165.755: [GC [PSYoungGen: 1192804K->946K(1144384K)] 1494217K->302463K(1831360K), 0.0130000 secs] [Times: user=0.04 sys=0.00, real=0.01 secs] 
2014-07-16T11:00:45.382+0000: 3168.391: [GC [PSYoungGen: 1144370K->768K(1097600K)] 1445887K->302725K(1784576K), 0.0227430 secs] [Times: user=0.08 sys=0.00, real=0.03 secs] 
2014-07-16T11:00:47.795+0000: 3170.803: [GC [PSYoungGen: 1097600K->192K(1052672K)] 1399557K->302373K(1739648K), 0.0214680 secs] [Times: user=0.08 sys=0.01, real=0.03 secs] 
2014-07-16T11:00:50.123+0000: 3173.131: [GC [PSYoungGen: 1052672K->516K(1010816K)] 1354853K->302793K(1697792K), 0.0148580 secs] [Times: user=0.05 sys=0.00, real=0.02 secs] 
2014-07-16T11:00:52.396+0000: 3175.405: [GC [PSYoungGen: 1010756K->530K(970624K)] 1313033K->302871K(1657600K), 0.0346400 secs] [Times: user=0.13 sys=0.00, real=0.03 secs] 
2014-07-16T11:00:54.531+0000: 3177.540: [GC [PSYoungGen: 970578K->544K(932352K)] 1272919K->303069K(1619328K), 0.0067000 secs] [Times: user=0.02 sys=0.00, real=0.01 secs] 
2014-07-16T11:00:56.653+0000: 3179.662: [GC [PSYoungGen: 932320K->438K(895744K)] 1234845K->303139K(1582720K), 0.0049420 secs] [Times: user=0.01 sys=0.00, real=0.01 secs] 
2014-07-16T11:00:58.640+0000: 3181.648: [GC [PSYoungGen: 895734K->502K(861056K)] 1198435K->303331K(1548032K), 0.0148140 secs] [Times: user=0.06 sys=0.00, real=0.01 secs] 
2014-07-16T11:01:00.600+0000: 3183.608: [GC [PSYoungGen: 860973K->370K(827840K)] 1163802K->303263K(1514816K), 0.0106210 secs] [Times: user=0.04 sys=0.00, real=0.01 secs] 
2014-07-16T11:01:02.421+0000: 3185.430: [GC [PSYoungGen: 827826K->448K(796416K)] 1130719K->303421K(1483392K), 0.0068390 secs] [Times: user=0.02 sys=0.00, real=0.01 secs] 
2014-07-16T11:01:04.170+0000: 3187.178: [GC [PSYoungGen: 796352K->516K(766528K)] 1099325K->303577K(1453504K), 0.0231220 secs] [Times: user=0.08 sys=0.01, real=0.02 secs] 
2014-07-16T11:01:05.939+0000: 3188.948: [GC [PSYoungGen: 766468K->402K(737792K)] 1069529K->303607K(1424768K), 0.0092030 secs] [Times: user=0.02 sys=0.00, real=0.01 secs] 
2014-07-16T11:01:07.635+0000: 3190.644: [GC [PSYoungGen: 737741K->626K(710720K)] 1040947K->303991K(1397696K), 0.0285590 secs] [Times: user=0.11 sys=0.00, real=0.03 secs] 
2014-07-16T11:01:09.188+0000: 3192.196: [GC [PSYoungGen: 710706K->420K(852544K)] 1014071K->303905K(1539520K), 0.0221320 secs] [Times: user=0.09 sys=0.00, real=0.03 secs] 
2014-07-16T11:01:11.117+0000: 3194.126: [GC [PSYoungGen: 852516K->288K(819712K)] 1156001K->303853K(1506688K), 0.0059910 secs] [Times: user=0.02 sys=0.00, real=0.01 secs] 
2014-07-16T11:01:12.926+0000: 3195.935: [GC [PSYoungGen: 819680K->320K(788608K)] 1123245K->303957K(1475584K), 0.0163370 secs] [Times: user=0.06 sys=0.00, real=0.02 secs] 
2014-07-16T11:01:14.689+0000: 3197.697: [GC [PSYoungGen: 788608K->562K(946560K)] 1092245K->304351K(1633536K), 0.0499790 secs] [Times: user=0.18 sys=0.00, real=0.05 secs] 
2014-07-16T11:01:16.822+0000: 3199.830: [GC [PSYoungGen: 946546K->644K(1135936K)] 1250335K->304553K(1822912K), 0.0097300 secs] [Times: user=0.04 sys=0.00, real=0.01 secs] 
2014-07-16T11:01:19.358+0000: 3202.367: [GC [PSYoungGen: 1135876K->256K(1089280K)] 1439785K->304325K(1776256K), 0.0051760 secs] [Times: user=0.02 sys=0.00, real=0.01 secs] 
2014-07-16T11:01:21.764+0000: 3204.772: [GC [PSYoungGen: 1089246K->420K(1045504K)] 1393315K->304585K(1732480K), 0.0052940 secs] [Times: user=0.01 sys=0.00, real=0.00 secs] 
2014-07-16T11:01:24.076+0000: 3207.084: [GC [PSYoungGen: 1045472K->680K(1003904K)] 1349637K->304965K(1690880K), 0.0260050 secs] [Times: user=0.10 sys=0.00, real=0.03 secs] 
2014-07-16T11:01:26.360+0000: 3209.368: [GC [PSYoungGen: 1003798K->544K(963904K)] 1308083K->304989K(1650880K), 0.0182740 secs] [Times: user=0.07 sys=0.00, real=0.02 secs] 
2014-07-16T11:01:28.545+0000: 3211.554: [GC [PSYoungGen: 963872K->448K(925824K)] 1268317K->305093K(1612800K), 0.0115460 secs] [Times: user=0.03 sys=0.01, real=0.01 secs] 
2014-07-16T11:01:30.622+0000: 3213.631: [GC [PSYoungGen: 925824K->320K(889536K)] 1230469K->305109K(1576512K), 0.0047020 secs] [Times: user=0.01 sys=0.00, real=0.00 secs] 
2014-07-16T11:01:32.655+0000: 3215.664: [GC [PSYoungGen: 889536K->598K(855424K)] 1194325K->305467K(1542400K), 0.0149360 secs] [Times: user=0.05 sys=0.00, real=0.01 secs] 
2014-07-16T11:01:34.567+0000: 3217.575: [GC [PSYoungGen: 855382K->626K(822592K)] 1160251K->305679K(1509568K), 0.0284650 secs] [Times: user=0.09 sys=0.00, real=0.03 secs] 
2014-07-16T11:01:36.428+0000: 3219.437: [GC [PSYoungGen: 822578K->352K(791104K)] 1127631K->305581K(1478080K), 0.0098680 secs] [Times: user=0.02 sys=0.00, real=0.01 secs] 
2014-07-16T11:01:38.236+0000: 3221.244: [GC [PSYoungGen: 791072K->416K(761408K)] 1096301K->305757K(1448384K), 0.0201270 secs] [Times: user=0.08 sys=0.00, real=0.02 secs] 
2014-07-16T11:01:39.882+0000: 3222.891: [GC [PSYoungGen: 761376K->370K(732928K)] 1066717K->305855K(1419904K), 0.0079980 secs] [Times: user=0.03 sys=0.00, real=0.01 secs] 
2014-07-16T11:01:41.531+0000: 3224.539: [GC [PSYoungGen: 732914K->416K(705920K)] 1038399K->305949K(1392896K), 0.0144720 secs] [Times: user=0.05 sys=0.00, real=0.02 secs] 
2014-07-16T11:01:43.079+0000: 3226.088: [GC [PSYoungGen: 705888K->420K(680128K)] 1011421K->306073K(1367104K), 0.0118060 secs] [Times: user=0.05 sys=0.00, real=0.01 secs] 
2014-07-16T11:01:44.573+0000: 3227.581: [GC [PSYoungGen: 680100K->256K(655296K)] 985753K->306013K(1342272K), 0.0105830 secs] [Times: user=0.03 sys=0.00, real=0.01 secs] 
2014-07-16T11:01:46.024+0000: 3229.032: [GC [PSYoungGen: 655226K->402K(632000K)] 960983K->306247K(1318976K), 0.0052630 secs] [Times: user=0.01 sys=0.00, real=0.00 secs] 
2014-07-16T11:01:47.477+0000: 3230.485: [GC [PSYoungGen: 631954K->402K(609600K)] 937799K->306327K(1296576K), 0.0206460 secs] [Times: user=0.08 sys=0.00, real=0.02 secs] 
2014-07-16T11:01:48.861+0000: 3231.869: [GC [PSYoungGen: 609554K->320K(588096K)] 915479K->306349K(1275072K), 0.0146980 secs] [Times: user=0.06 sys=0.00, real=0.02 secs] 
2014-07-16T11:01:50.170+0000: 3233.178: [GC [PSYoungGen: 588002K->556K(705920K)] 894032K->306673K(1392896K), 0.0506700 secs] [Times: user=0.18 sys=0.00, real=0.05 secs] 
2014-07-16T11:01:51.744+0000: 3234.752: [GC [PSYoungGen: 705900K->466K(846976K)] 1012017K->306631K(1533952K), 0.0197890 secs] [Times: user=0.08 sys=0.00, real=0.02 secs] 
2014-07-16T11:01:53.615+0000: 3236.623: [GC [PSYoungGen: 846930K->484K(1016320K)] 1153095K->306809K(1703296K), 0.0342470 secs] [Times: user=0.13 sys=0.00, real=0.04 secs] 
2014-07-16T11:01:55.888+0000: 3238.896: [GC [PSYoungGen: 1016292K->740K(1219776K)] 1322617K->307321K(1906752K), 0.0204170 secs] [Times: user=0.07 sys=0.00, real=0.02 secs] 
2014-07-16T11:01:58.664+0000: 3241.673: [GC [PSYoungGen: 1219748K->306K(1463168K)] 1526329K->307329K(2150144K), 0.0263160 secs] [Times: user=0.10 sys=0.00, real=0.03 secs] 
2014-07-16T11:02:01.980+0000: 3244.988: [GC [PSYoungGen: 1463154K->416K(1615808K)] 1770177K->307583K(2302784K), 0.0144360 secs] [Times: user=0.06 sys=0.00, real=0.01 secs] 
2014-07-16T11:02:05.537+0000: 3248.546: [GC [PSYoungGen: 1615200K->562K(1545792K)] 1922367K->308001K(2232768K), 0.0070410 secs] [Times: user=0.02 sys=0.00, real=0.00 secs] 
2014-07-16T11:02:08.995+0000: 3252.003: [GC [PSYoungGen: 1545778K->512K(1479552K)] 1853217K->308231K(2166528K), 0.0469230 secs] [Times: user=0.16 sys=0.00, real=0.05 secs] 
2014-07-16T11:02:12.277+0000: 3255.286: [GC [PSYoungGen: 1479552K->594K(1755584K)] 1787271K->308473K(2442560K), 0.0435530 secs] [Times: user=0.15 sys=0.00, real=0.05 secs] 
2014-07-16T11:02:16.146+0000: 3259.154: [GC [PSYoungGen: 1755282K->530K(1678784K)] 2063161K->308553K(2365760K), 0.0293550 secs] [Times: user=0.10 sys=0.00, real=0.03 secs] 
2014-07-16T11:02:19.948+0000: 3262.956: [GC [PSYoungGen: 1678738K->384K(1605888K)] 1986761K->308687K(2292864K), 0.0209390 secs] [Times: user=0.09 sys=0.00, real=0.02 secs] 
2014-07-16T11:02:23.500+0000: 3266.509: [GC [PSYoungGen: 1605888K->544K(1536960K)] 1914191K->309071K(2223936K), 0.0261270 secs] [Times: user=0.10 sys=0.00, real=0.02 secs] 
2014-07-16T11:02:26.968+0000: 3269.976: [GC [PSYoungGen: 1536928K->658K(1471360K)] 1845455K->309433K(2158336K), 0.0143900 secs] [Times: user=0.06 sys=0.00, real=0.02 secs] 
2014-07-16T11:02:30.198+0000: 3273.207: [GC [PSYoungGen: 1471314K->452K(1408640K)] 1780089K->309387K(2095616K), 0.0068050 secs] [Times: user=0.02 sys=0.00, real=0.01 secs] 
2014-07-16T11:02:33.406+0000: 3276.414: [GC [PSYoungGen: 1408580K->630K(1349312K)] 1717515K->310043K(2036288K), 0.0058490 secs] [Times: user=0.01 sys=0.00, real=0.01 secs] 
2014-07-16T11:02:36.379+0000: 3279.387: [GC [PSYoungGen: 1349302K->580K(1292736K)] 1658715K->310297K(1979712K), 0.0069980 secs] [Times: user=0.02 sys=0.00, real=0.01 secs] 
2014-07-16T11:02:39.246+0000: 3282.255: [GC [PSYoungGen: 1292676K->288K(1238592K)] 1602393K->310165K(1925568K), 0.0123460 secs] [Times: user=0.05 sys=0.00, real=0.01 secs] 
2014-07-16T11:02:42.103+0000: 3285.112: [GC [PSYoungGen: 1238560K->1010K(1188096K)] 1548437K->311191K(1875072K), 0.0071410 secs] [Times: user=0.02 sys=0.00, real=0.00 secs] 
2014-07-16T11:02:44.714+0000: 3287.722: [GC [PSYoungGen: 1188082K->758K(1139136K)] 1498263K->311163K(1826112K), 0.0233700 secs] [Times: user=0.08 sys=0.00, real=0.02 secs] 
2014-07-16T11:02:47.329+0000: 3290.337: [GC [PSYoungGen: 1139126K->680K(1092672K)] 1449531K->311349K(1779648K), 0.0249670 secs] [Times: user=0.10 sys=0.00, real=0.03 secs] 
2014-07-16T11:02:49.759+0000: 3292.767: [GC [PSYoungGen: 1092648K->480K(1048320K)] 1403317K->311309K(1735296K), 0.0126490 secs] [Times: user=0.04 sys=0.00, real=0.01 secs] 
2014-07-16T11:02:52.074+0000: 3295.083: [GC [PSYoungGen: 1048288K->466K(1006336K)] 1359117K->311423K(1693312K), 0.0086430 secs] [Times: user=0.02 sys=0.01, real=0.00 secs] 
2014-07-16T11:02:54.306+0000: 3297.314: [GC [PSYoungGen: 1006276K->452K(966336K)] 1317233K->311537K(1653312K), 0.0311090 secs] [Times: user=0.11 sys=0.00, real=0.03 secs] 
2014-07-16T11:02:56.452+0000: 3299.460: [GC [PSYoungGen: 966276K->928K(928704K)] 1277361K->312205K(1615680K), 0.0335370 secs] [Times: user=0.13 sys=0.00, real=0.04 secs] 
2014-07-16T11:02:58.592+0000: 3301.601: [GC [PSYoungGen: 928621K->548K(892032K)] 1239899K->311921K(1579008K), 0.0222240 secs] [Times: user=0.08 sys=0.00, real=0.02 secs] 
2014-07-16T11:03:00.678+0000: 3303.686: [GC [PSYoungGen: 892004K->868K(1070656K)] 1203377K->312401K(1757632K), 0.0250150 secs] [Times: user=0.08 sys=0.00, real=0.02 secs] 
2014-07-16T11:03:03.074+0000: 3306.082: [GC [PSYoungGen: 1070628K->612K(1027328K)] 1382161K->312281K(1714304K), 0.0191540 secs] [Times: user=0.07 sys=0.00, real=0.02 secs] 
2014-07-16T11:03:05.317+0000: 3308.326: [GC [PSYoungGen: 1027300K->480K(986176K)] 1338969K->312381K(1673152K), 0.0232260 secs] [Times: user=0.08 sys=0.00, real=0.02 secs] 
2014-07-16T11:03:07.566+0000: 3310.575: [GC [PSYoungGen: 986144K->530K(947200K)] 1298045K->312551K(1634176K), 0.0123880 secs] [Times: user=0.05 sys=0.00, real=0.01 secs] 
2014-07-16T11:03:09.662+0000: 3312.671: [GC [PSYoungGen: 947154K->324K(909824K)] 1259175K->312457K(1596800K), 0.0062530 secs] [Times: user=0.01 sys=0.00, real=0.01 secs] 
2014-07-16T11:03:11.707+0000: 3314.716: [GC [PSYoungGen: 909764K->964K(875072K)] 1221897K->313185K(1562048K), 0.0069300 secs] [Times: user=0.02 sys=0.00, real=0.00 secs] 
2014-07-16T11:03:13.689+0000: 3316.697: [GC [PSYoungGen: 875012K->466K(840832K)] 1187233K->312839K(1527808K), 0.0094970 secs] [Times: user=0.03 sys=0.00, real=0.01 secs] 
2014-07-16T11:03:15.567+0000: 3318.576: [GC [PSYoungGen: 840786K->484K(808704K)] 1153159K->313049K(1495680K), 0.0265530 secs] [Times: user=0.09 sys=0.00, real=0.03 secs] 
2014-07-16T11:03:17.363+0000: 3320.371: [GC [PSYoungGen: 808676K->352K(777984K)] 1121241K->313053K(1464960K), 0.0184720 secs] [Times: user=0.06 sys=0.00, real=0.02 secs] 
2014-07-16T11:03:19.131+0000: 3322.140: [GC [PSYoungGen: 777918K->484K(748928K)] 1090620K->313257K(1435904K), 0.0120270 secs] [Times: user=0.04 sys=0.00, real=0.01 secs] 
2014-07-16T11:03:20.833+0000: 3323.842: [GC [PSYoungGen: 748900K->384K(898496K)] 1061673K->313261K(1585472K), 0.0316760 secs] [Times: user=0.12 sys=0.00, real=0.03 secs] 
2014-07-16T11:03:22.880+0000: 3325.889: [GC [PSYoungGen: 898438K->480K(863744K)] 1211316K->313453K(1550720K), 0.0119350 secs] [Times: user=0.03 sys=0.01, real=0.01 secs] 
2014-07-16T11:03:24.760+0000: 3327.769: [GC [PSYoungGen: 863712K->416K(830464K)] 1176685K->313613K(1517440K), 0.0059820 secs] [Times: user=0.01 sys=0.00, real=0.00 secs] 
2014-07-16T11:03:26.592+0000: 3329.600: [GC [PSYoungGen: 830432K->288K(798720K)] 1143629K->313613K(1485696K), 0.0245390 secs] [Times: user=0.09 sys=0.00, real=0.02 secs] 
2014-07-16T11:03:28.413+0000: 3331.422: [GC [PSYoungGen: 798685K->562K(768832K)] 1112010K->313967K(1455808K), 0.0082860 secs] [Times: user=0.02 sys=0.00, real=0.01 secs] 
2014-07-16T11:03:30.121+0000: 3333.130: [GC [PSYoungGen: 768818K->288K(739840K)] 1082223K->313805K(1426816K), 0.0249780 secs] [Times: user=0.09 sys=0.00, real=0.02 secs] 
2014-07-16T11:03:31.819+0000: 3334.828: [GC [PSYoungGen: 739805K->434K(887872K)] 1053322K->314023K(1574848K), 0.0221290 secs] [Times: user=0.08 sys=0.00, real=0.03 secs] 
2014-07-16T11:03:33.843+0000: 3336.852: [GC [PSYoungGen: 887858K->932K(1065920K)] 1201447K->314897K(1752896K), 0.0213320 secs] [Times: user=0.08 sys=0.00, real=0.02 secs] 
2014-07-16T11:03:36.174+0000: 3339.182: [GC [PSYoungGen: 1065892K->598K(1278592K)] 1379857K->314811K(1965568K), 0.0223890 secs] [Times: user=0.08 sys=0.00, real=0.02 secs] 
2014-07-16T11:03:38.996+0000: 3342.004: [GC [PSYoungGen: 1278550K->320K(1225152K)] 1592763K->314685K(1912128K), 0.0229820 secs] [Times: user=0.09 sys=0.00, real=0.02 secs] 
2014-07-16T11:03:41.708+0000: 3344.717: [GC [PSYoungGen: 1225152K->402K(1174720K)] 1539517K->314863K(1861696K), 0.0216600 secs] [Times: user=0.09 sys=0.00, real=0.02 secs] 
2014-07-16T11:03:44.392+0000: 3347.400: [GC [PSYoungGen: 1174674K->758K(1126912K)] 1489135K->315363K(1813888K), 0.0177270 secs] [Times: user=0.07 sys=0.00, real=0.02 secs] 
2014-07-16T11:03:46.887+0000: 3349.896: [GC [PSYoungGen: 1126902K->160K(1080576K)] 1441507K->315037K(1767552K), 0.0177700 secs] [Times: user=0.06 sys=0.00, real=0.02 secs] 
2014-07-16T11:03:49.316+0000: 3352.324: [GC [PSYoungGen: 1080544K->914K(1037760K)] 1395421K->315879K(1724736K), 0.0123080 secs] [Times: user=0.05 sys=0.00, real=0.01 secs] 
2014-07-16T11:03:51.688+0000: 3354.696: [GC [PSYoungGen: 1037714K->594K(995968K)] 1352679K->315663K(1682944K), 0.0229240 secs] [Times: user=0.09 sys=0.00, real=0.02 secs] 
2014-07-16T11:03:54.095+0000: 3357.104: [GC [PSYoungGen: 995831K->694K(956544K)] 1310900K->315915K(1643520K), 0.0052380 secs] [Times: user=0.01 sys=0.00, real=0.00 secs] 
2014-07-16T11:03:56.193+0000: 3359.202: [GC [PSYoungGen: 956534K->630K(918848K)] 1271755K->316131K(1605824K), 0.0061730 secs] [Times: user=0.02 sys=0.00, real=0.01 secs] 
2014-07-16T11:03:58.309+0000: 3361.318: [GC [PSYoungGen: 918744K->996K(883392K)] 1234245K->316721K(1570368K), 0.0209060 secs] [Times: user=0.07 sys=0.00, real=0.02 secs] 
2014-07-16T11:04:00.287+0000: 3363.295: [GC [PSYoungGen: 883364K->1024K(849280K)] 1199089K->316853K(1536256K), 0.0172370 secs] [Times: user=0.06 sys=0.00, real=0.02 secs] 
2014-07-16T11:04:02.164+0000: 3365.172: [GC [PSYoungGen: 849280K->416K(816192K)] 1165109K->316389K(1503168K), 0.0177380 secs] [Times: user=0.06 sys=0.00, real=0.02 secs] 
2014-07-16T11:04:04.133+0000: 3367.142: [GC [PSYoungGen: 816160K->658K(785472K)] 1132133K->316775K(1472448K), 0.0187580 secs] [Times: user=0.06 sys=0.00, real=0.02 secs] 
2014-07-16T11:04:05.844+0000: 3368.852: [GC [PSYoungGen: 785426K->356K(755648K)] 1101543K->316737K(1442624K), 0.0188770 secs] [Times: user=0.07 sys=0.00, real=0.02 secs] 
2014-07-16T11:04:07.522+0000: 3370.530: [GC [PSYoungGen: 755595K->352K(906752K)] 1071976K->316829K(1593728K), 0.0307590 secs] [Times: user=0.11 sys=0.00, real=0.03 secs] 
2014-07-16T11:04:09.595+0000: 3372.604: [GC [PSYoungGen: 906691K->638K(1088320K)] 1223169K->317171K(1775296K), 0.0181910 secs] [Times: user=0.07 sys=0.00, real=0.02 secs] 
2014-07-16T11:04:12.022+0000: 3375.031: [GC [PSYoungGen: 1088318K->452K(1044288K)] 1404851K->317097K(1731264K), 0.0116230 secs] [Times: user=0.04 sys=0.00, real=0.01 secs] 
2014-07-16T11:04:14.447+0000: 3377.455: [GC [PSYoungGen: 1044228K->736K(1253312K)] 1360873K->317525K(1940288K), 0.0506480 secs] [Times: user=0.19 sys=0.00, real=0.06 secs] 
2014-07-16T11:04:17.370+0000: 3380.378: [GC [PSYoungGen: 1253280K->448K(1503552K)] 1570069K->317493K(2190528K), 0.0168240 secs] [Times: user=0.05 sys=0.00, real=0.01 secs] 
2014-07-16T11:04:20.828+0000: 3383.836: [GC [PSYoungGen: 1503523K->868K(1439872K)] 1820568K->318113K(2126848K), 0.0235250 secs] [Times: user=0.08 sys=0.00, real=0.03 secs] 
2014-07-16T11:04:23.996+0000: 3387.004: [GC [PSYoungGen: 1439844K->562K(1727360K)] 1757089K->317959K(2414336K), 0.0378740 secs] [Times: user=0.14 sys=0.00, real=0.04 secs] 
2014-07-16T11:04:27.858+0000: 3390.867: [GC [PSYoungGen: 1727346K->416K(1652160K)] 2044743K->318077K(2339136K), 0.0262670 secs] [Times: user=0.09 sys=0.00, real=0.03 secs] 
2014-07-16T11:04:31.640+0000: 3394.649: [GC [PSYoungGen: 1652128K->512K(1580800K)] 1969789K->318357K(2267776K), 0.0197710 secs] [Times: user=0.07 sys=0.00, real=0.02 secs] 
2014-07-16T11:04:35.136+0000: 3398.145: [GC [PSYoungGen: 1580800K->512K(1512896K)] 1898645K->318581K(2199872K), 0.0050630 secs] [Times: user=0.02 sys=0.00, real=0.01 secs] 
2014-07-16T11:04:38.484+0000: 3401.492: [GC [PSYoungGen: 1512896K->356K(1448192K)] 1830965K->318721K(2135168K), 0.0225590 secs] [Times: user=0.08 sys=0.00, real=0.02 secs] 
2014-07-16T11:04:41.738+0000: 3404.746: [GC [PSYoungGen: 1448164K->416K(1386816K)] 1766529K->318877K(2073792K), 0.0134190 secs] [Times: user=0.05 sys=0.00, real=0.02 secs] 
2014-07-16T11:04:44.915+0000: 3407.923: [GC [PSYoungGen: 1386705K->1000K(1328960K)] 1705166K->319637K(2015936K), 0.0263410 secs] [Times: user=0.09 sys=0.00, real=0.03 secs] 
2014-07-16T11:04:47.924+0000: 3410.932: [GC [PSYoungGen: 1328936K->630K(1273024K)] 1647573K->319563K(1960000K), 0.0108150 secs] [Times: user=0.04 sys=0.00, real=0.01 secs] 
2014-07-16T11:04:50.761+0000: 3413.770: [GC [PSYoungGen: 1272967K->224K(1219776K)] 1591901K->319261K(1906752K), 0.0198570 secs] [Times: user=0.08 sys=0.00, real=0.02 secs] 
2014-07-16T11:04:53.474+0000: 3416.483: [GC [PSYoungGen: 1219744K->416K(1169664K)] 1538781K->319565K(1856640K), 0.0072010 secs] [Times: user=0.02 sys=0.00, real=0.00 secs] 
2014-07-16T11:04:56.133+0000: 3419.142: [GC [PSYoungGen: 1169632K->662K(1122048K)] 1488781K->320043K(1809024K), 0.0177020 secs] [Times: user=0.06 sys=0.00, real=0.01 secs] 
2014-07-16T11:04:58.581+0000: 3421.589: [GC [PSYoungGen: 1121994K->534K(1076352K)] 1441375K->320147K(1763328K), 0.0075260 secs] [Times: user=0.03 sys=0.00, real=0.01 secs] 
2014-07-16T11:05:00.957+0000: 3423.966: [GC [PSYoungGen: 1076306K->256K(1032640K)] 1395919K->319965K(1719616K), 0.0131550 secs] [Times: user=0.05 sys=0.00, real=0.01 secs] 
2014-07-16T11:05:03.232+0000: 3426.241: [GC [PSYoungGen: 1032640K->370K(991488K)] 1352349K->320143K(1678464K), 0.0206010 secs] [Times: user=0.08 sys=0.00, real=0.02 secs] 
2014-07-16T11:05:05.576+0000: 3428.585: [GC [PSYoungGen: 991443K->744K(952576K)] 1311216K->320693K(1639552K), 0.0379280 secs] [Times: user=0.13 sys=0.00, real=0.04 secs] 
2014-07-16T11:05:07.774+0000: 3430.782: [GC [PSYoungGen: 952552K->224K(914624K)] 1272501K->320389K(1601600K), 0.0060820 secs] [Times: user=0.02 sys=0.00, real=0.01 secs] 
2014-07-16T11:05:09.874+0000: 3432.882: [GC [PSYoungGen: 914569K->470K(879232K)] 1234734K->320755K(1566208K), 0.0185520 secs] [Times: user=0.07 sys=0.00, real=0.02 secs] 
2014-07-16T11:05:11.813+0000: 3434.822: [GC [PSYoungGen: 879189K->288K(845120K)] 1199475K->320661K(1532096K), 0.0110090 secs] [Times: user=0.03 sys=0.00, real=0.01 secs] 
2014-07-16T11:05:13.681+0000: 3436.689: [GC [PSYoungGen: 845088K->352K(812864K)] 1165461K->320813K(1499840K), 0.0124610 secs] [Times: user=0.04 sys=0.00, real=0.01 secs] 
2014-07-16T11:05:15.598+0000: 3438.606: [GC [PSYoungGen: 812832K->680K(782400K)] 1133293K->321293K(1469376K), 0.0233460 secs] [Times: user=0.09 sys=0.00, real=0.02 secs] 
2014-07-16T11:05:17.365+0000: 3440.373: [GC [PSYoungGen: 782329K->768K(753088K)] 1102942K->321557K(1440064K), 0.0105040 secs] [Times: user=0.02 sys=0.00, real=0.01 secs] 
2014-07-16T11:05:19.032+0000: 3442.040: [GC [PSYoungGen: 753088K->416K(724800K)] 1073877K->321293K(1411776K), 0.0054020 secs] [Times: user=0.02 sys=0.00, real=0.01 secs] 
2014-07-16T11:05:20.687+0000: 3443.696: [GC [PSYoungGen: 724768K->466K(698176K)] 1045645K->321447K(1385152K), 0.0089540 secs] [Times: user=0.02 sys=0.00, real=0.00 secs] 
2014-07-16T11:05:22.235+0000: 3445.244: [GC [PSYoungGen: 698130K->512K(672704K)] 1019111K->321597K(1359680K), 0.0087720 secs] [Times: user=0.02 sys=0.00, real=0.01 secs] 
2014-07-16T11:05:23.705+0000: 3446.714: [GC [PSYoungGen: 672704K->420K(648384K)] 993789K->321625K(1335360K), 0.0189450 secs] [Times: user=0.07 sys=0.00, real=0.02 secs] 
2014-07-16T11:05:25.180+0000: 3448.189: [GC [PSYoungGen: 648356K->498K(778048K)] 969561K->321839K(1465024K), 0.0262580 secs] [Times: user=0.08 sys=0.00, real=0.02 secs] 
2014-07-16T11:05:26.968+0000: 3449.976: [GC [PSYoungGen: 778034K->630K(748992K)] 1099375K->322123K(1435968K), 0.0116330 secs] [Times: user=0.04 sys=0.01, real=0.01 secs] 
2014-07-16T11:05:28.638+0000: 3451.646: [GC [PSYoungGen: 748982K->192K(720768K)] 1070475K->321765K(1407744K), 0.0169240 secs] [Times: user=0.06 sys=0.00, real=0.01 secs] 
2014-07-16T11:05:30.271+0000: 3453.279: [GC [PSYoungGen: 720768K->676K(694784K)] 1042341K->322369K(1381760K), 0.0176800 secs] [Times: user=0.06 sys=0.00, real=0.02 secs] 
2014-07-16T11:05:31.804+0000: 3454.812: [GC [PSYoungGen: 694756K->580K(669440K)] 1016449K->322361K(1356416K), 0.0161500 secs] [Times: user=0.05 sys=0.00, real=0.02 secs] 
2014-07-16T11:05:33.289+0000: 3456.297: [GC [PSYoungGen: 669380K->480K(803072K)] 991161K->322373K(1490048K), 0.0306340 secs] [Times: user=0.09 sys=0.00, real=0.04 secs] 
2014-07-16T11:05:35.117+0000: 3458.125: [GC [PSYoungGen: 803040K->466K(963584K)] 1124933K->322487K(1650560K), 0.0119000 secs] [Times: user=0.03 sys=0.00, real=0.01 secs] 
2014-07-16T11:05:37.265+0000: 3460.274: [GC [PSYoungGen: 963522K->534K(925696K)] 1285543K->322739K(1612672K), 0.0092340 secs] [Times: user=0.03 sys=0.00, real=0.01 secs] 
2014-07-16T11:05:39.353+0000: 3462.361: [GC [PSYoungGen: 925654K->320K(889280K)] 1247859K->322653K(1576256K), 0.0065130 secs] [Times: user=0.02 sys=0.00, real=0.01 secs] 
2014-07-16T11:05:41.317+0000: 3464.325: [GC [PSYoungGen: 889280K->452K(855040K)] 1211613K->322889K(1542016K), 0.0158700 secs] [Times: user=0.06 sys=0.00, real=0.02 secs] 
2014-07-16T11:05:43.215+0000: 3466.224: [GC [PSYoungGen: 854980K->498K(822272K)] 1177417K->323039K(1509248K), 0.0109250 secs] [Times: user=0.04 sys=0.00, real=0.01 secs] 
2014-07-16T11:05:45.115+0000: 3468.123: [GC [PSYoungGen: 822258K->754K(791296K)] 1144799K->323895K(1478272K), 0.0161960 secs] [Times: user=0.06 sys=0.00, real=0.02 secs] 
2014-07-16T11:05:46.793+0000: 3469.801: [GC [PSYoungGen: 791282K->320K(761088K)] 1114423K->323677K(1448064K), 0.0268390 secs] [Times: user=0.10 sys=0.00, real=0.02 secs] 
2014-07-16T11:05:48.501+0000: 3471.509: [GC [PSYoungGen: 761088K->804K(733248K)] 1084445K->324345K(1420224K), 0.0179230 secs] [Times: user=0.05 sys=0.01, real=0.02 secs] 
2014-07-16T11:05:50.232+0000: 3473.240: [GC [PSYoungGen: 733220K->932K(706304K)] 1056761K->324689K(1393280K), 0.0075200 secs] [Times: user=0.02 sys=0.00, real=0.00 secs] 
2014-07-16T11:05:51.722+0000: 3474.731: [GC [PSYoungGen: 706276K->320K(679872K)] 1030033K->324149K(1366848K), 0.0106420 secs] [Times: user=0.03 sys=0.00, real=0.01 secs] 
2014-07-16T11:05:53.240+0000: 3476.248: [GC [PSYoungGen: 679872K->616K(655616K)] 1003701K->324549K(1342592K), 0.0166250 secs] [Times: user=0.06 sys=0.00, real=0.02 secs] 
2014-07-16T11:05:54.696+0000: 3477.704: [GC [PSYoungGen: 655584K->672K(632192K)] 979518K->324749K(1319168K), 0.0188730 secs] [Times: user=0.06 sys=0.00, real=0.02 secs] 
2014-07-16T11:05:56.139+0000: 3479.147: [GC [PSYoungGen: 632160K->370K(609472K)] 956237K->324527K(1296448K), 0.0065550 secs] [Times: user=0.02 sys=0.00, real=0.01 secs] 
2014-07-16T11:05:57.491+0000: 3480.499: [GC [PSYoungGen: 609362K->288K(588032K)] 933519K->324573K(1275008K), 0.0201580 secs] [Times: user=0.07 sys=0.00, real=0.02 secs] 
2014-07-16T11:05:58.826+0000: 3481.835: [GC [PSYoungGen: 588000K->708K(568064K)] 912285K->325097K(1255040K), 0.0120680 secs] [Times: user=0.03 sys=0.01, real=0.01 secs] 
2014-07-16T11:06:00.141+0000: 3483.149: [GC [PSYoungGen: 568004K->402K(681216K)] 892393K->324863K(1368192K), 0.0305260 secs] [Times: user=0.11 sys=0.00, real=0.03 secs] 
2014-07-16T11:06:01.731+0000: 3484.740: [GC [PSYoungGen: 681097K->452K(817472K)] 1005559K->325025K(1504448K), 0.0066380 secs] [Times: user=0.02 sys=0.00, real=0.01 secs] 
2014-07-16T11:06:03.537+0000: 3486.545: [GC [PSYoungGen: 817412K->320K(786240K)] 1141985K->324989K(1473216K), 0.0061890 secs] [Times: user=0.01 sys=0.00, real=0.01 secs] 
2014-07-16T11:06:05.291+0000: 3488.299: [GC [PSYoungGen: 786225K->1028K(757440K)] 1110895K->325825K(1444416K), 0.0055270 secs] [Times: user=0.02 sys=0.00, real=0.01 secs] 
2014-07-16T11:06:07.063+0000: 3490.071: [GC [PSYoungGen: 757374K->516K(728768K)] 1082172K->325425K(1415744K), 0.0313750 secs] [Times: user=0.10 sys=0.00, real=0.04 secs] 
2014-07-16T11:06:08.755+0000: 3491.763: [GC [PSYoungGen: 728669K->548K(701888K)] 1053579K->325569K(1388864K), 0.0112240 secs] [Times: user=0.04 sys=0.00, real=0.01 secs] 
2014-07-16T11:06:10.336+0000: 3493.345: [GC [PSYoungGen: 701860K->448K(676160K)] 1026881K->325589K(1363136K), 0.0052550 secs] [Times: user=0.02 sys=0.00, real=0.00 secs] 
2014-07-16T11:06:11.918+0000: 3494.926: [GC [PSYoungGen: 676160K->804K(811712K)] 1001301K->326057K(1498688K), 0.0427120 secs] [Times: user=0.15 sys=0.00, real=0.04 secs] 
2014-07-16T11:06:13.707+0000: 3496.715: [GC [PSYoungGen: 811684K->470K(973568K)] 1136937K->325843K(1660544K), 0.0123800 secs] [Times: user=0.04 sys=0.00, real=0.01 secs] 
2014-07-16T11:06:15.928+0000: 3498.936: [GC [PSYoungGen: 973496K->694K(1168384K)] 1298870K->326235K(1855360K), 0.0333500 secs] [Times: user=0.12 sys=0.00, real=0.03 secs] 
2014-07-16T11:06:18.516+0000: 3501.525: [GC [PSYoungGen: 1168374K->320K(1401536K)] 1493915K->325997K(2088512K), 0.0128030 secs] [Times: user=0.05 sys=0.00, real=0.01 secs] 
2014-07-16T11:06:21.668+0000: 3504.677: [GC [PSYoungGen: 1401536K->1074K(1343168K)] 1727213K->326887K(2030144K), 0.0146310 secs] [Times: user=0.03 sys=0.00, real=0.01 secs] 
2014-07-16T11:06:24.618+0000: 3507.626: [GC [PSYoungGen: 1343154K->534K(1286400K)] 1668967K->326547K(1973376K), 0.0250220 secs] [Times: user=0.09 sys=0.00, real=0.02 secs] 
2014-07-16T11:06:27.498+0000: 3510.506: [GC [PSYoungGen: 1286358K->512K(1232832K)] 1612371K->326741K(1919808K), 0.0320040 secs] [Times: user=0.12 sys=0.00, real=0.03 secs] 
2014-07-16T11:06:30.306+0000: 3513.314: [GC [PSYoungGen: 1232830K->704K(1182080K)] 1559059K->327133K(1869056K), 0.0099940 secs] [Times: user=0.02 sys=0.01, real=0.01 secs] 
2014-07-16T11:06:32.947+0000: 3515.956: [GC [PSYoungGen: 1182080K->498K(1133440K)] 1508509K->327095K(1820416K), 0.0300850 secs] [Times: user=0.11 sys=0.00, real=0.03 secs] 
2014-07-16T11:06:35.441+0000: 3518.450: [GC [PSYoungGen: 1133426K->288K(1087104K)] 1460023K->327053K(1774080K), 0.0051240 secs] [Times: user=0.02 sys=0.00, real=0.00 secs] 
2014-07-16T11:06:38.018+0000: 3521.027: [GC [PSYoungGen: 1087072K->530K(1043456K)] 1413837K->327455K(1730432K), 0.0203890 secs] [Times: user=0.08 sys=0.00, real=0.02 secs] 
2014-07-16T11:06:40.349+0000: 3523.358: [GC [PSYoungGen: 1043410K->626K(1001728K)] 1370335K->327719K(1688704K), 0.0168760 secs] [Times: user=0.06 sys=0.00, real=0.01 secs] 
2014-07-16T11:06:42.609+0000: 3525.618: [GC [PSYoungGen: 1001714K->544K(961920K)] 1328807K->327733K(1648896K), 0.0064010 secs] [Times: user=0.01 sys=0.00, real=0.00 secs] 
2014-07-16T11:06:44.760+0000: 3527.768: [GC [PSYoungGen: 961888K->562K(924032K)] 1289077K->327943K(1611008K), 0.0105880 secs] [Times: user=0.03 sys=0.00, real=0.01 secs] 
2014-07-16T11:06:46.848+0000: 3529.857: [GC [PSYoungGen: 924018K->448K(887808K)] 1251399K->327989K(1574784K), 0.0217500 secs] [Times: user=0.08 sys=0.00, real=0.03 secs] 
2014-07-16T11:06:48.821+0000: 3531.829: [GC [PSYoungGen: 887808K->466K(853504K)] 1215349K->328143K(1540480K), 0.0257370 secs] [Times: user=0.10 sys=0.00, real=0.02 secs] 
2014-07-16T11:06:50.736+0000: 3533.744: [GC [PSYoungGen: 853416K->288K(820608K)] 1181094K->328029K(1507584K), 0.0047990 secs] [Times: user=0.01 sys=0.00, real=0.01 secs] 
2014-07-16T11:06:52.595+0000: 3535.603: [GC [PSYoungGen: 820576K->612K(789760K)] 1148317K->328465K(1476736K), 0.0147820 secs] [Times: user=0.05 sys=0.00, real=0.01 secs] 
2014-07-16T11:06:54.396+0000: 3537.404: [GC [PSYoungGen: 789732K->676K(760128K)] 1117585K->328689K(1447104K), 0.0291700 secs] [Times: user=0.10 sys=0.00, real=0.03 secs] 
2014-07-16T11:06:56.109+0000: 3539.117: [GC [PSYoungGen: 760100K->530K(731712K)] 1088113K->328727K(1418688K), 0.0161060 secs] [Times: user=0.06 sys=0.00, real=0.04 secs] 
2014-07-16T11:06:57.799+0000: 3540.807: [GC [PSYoungGen: 731666K->384K(704512K)] 1059863K->328685K(1391488K), 0.0085240 secs] [Times: user=0.03 sys=0.00, real=0.01 secs] 
2014-07-16T11:06:59.344+0000: 3542.352: [GC [PSYoungGen: 704512K->352K(678784K)] 1032813K->328789K(1365760K), 0.0135620 secs] [Times: user=0.04 sys=0.01, real=0.01 secs] 
2014-07-16T11:07:00.847+0000: 3543.855: [GC [PSYoungGen: 678724K->320K(654144K)] 1007161K->328829K(1341120K), 0.0088180 secs] [Times: user=0.02 sys=0.00, real=0.01 secs] 
2014-07-16T11:07:02.382+0000: 3545.390: [GC [PSYoungGen: 654144K->612K(785280K)] 982653K->329161K(1472256K), 0.0340700 secs] [Times: user=0.13 sys=0.00, real=0.04 secs] 
2014-07-16T11:07:04.117+0000: 3547.126: [GC [PSYoungGen: 785252K->452K(942080K)] 1113801K->329185K(1629056K), 0.0253980 secs] [Times: user=0.10 sys=0.00, real=0.03 secs] 
2014-07-16T11:07:06.206+0000: 3549.214: [GC [PSYoungGen: 941940K->420K(1130368K)] 1270673K->329313K(1817344K), 0.0159060 secs] [Times: user=0.05 sys=0.00, real=0.01 secs] 
2014-07-16T11:07:08.761+0000: 3551.769: [GC [PSYoungGen: 1130340K->256K(1356160K)] 1459233K->329245K(2043136K), 0.0258230 secs] [Times: user=0.10 sys=0.00, real=0.03 secs] 
2014-07-16T11:07:11.863+0000: 3554.871: [GC [PSYoungGen: 1356160K->662K(1299648K)] 1685149K->329763K(1986624K), 0.0152670 secs] [Times: user=0.05 sys=0.00, real=0.02 secs] 
2014-07-16T11:07:14.751+0000: 3557.759: [GC [PSYoungGen: 1299606K->630K(1245440K)] 1628707K->329915K(1932416K), 0.0105200 secs] [Times: user=0.04 sys=0.00, real=0.01 secs] 
2014-07-16T11:07:17.554+0000: 3560.563: [GC [PSYoungGen: 1245430K->544K(1193856K)] 1574715K->330045K(1880832K), 0.0175510 secs] [Times: user=0.06 sys=0.00, real=0.01 secs] 
2014-07-16T11:07:20.200+0000: 3563.209: [GC [PSYoungGen: 1193753K->388K(1144704K)] 1523255K->330057K(1831680K), 0.0220590 secs] [Times: user=0.07 sys=0.00, real=0.02 secs] 
2014-07-16T11:07:22.849+0000: 3565.857: [GC [PSYoungGen: 1144644K->690K(1098304K)] 1474313K->330479K(1785280K), 0.0377120 secs] [Times: user=0.14 sys=0.00, real=0.04 secs] 
2014-07-16T11:07:25.257+0000: 3568.265: [GC [PSYoungGen: 1098290K->352K(1053568K)] 1428079K->330397K(1740544K), 0.0214110 secs] [Times: user=0.08 sys=0.00, real=0.02 secs] 
2014-07-16T11:07:27.622+0000: 3570.631: [GC [PSYoungGen: 1053536K->352K(1011264K)] 1383581K->330565K(1698240K), 0.0162090 secs] [Times: user=0.06 sys=0.00, real=0.02 secs] 
2014-07-16T11:07:29.892+0000: 3572.901: [GC [PSYoungGen: 1011164K->694K(971328K)] 1341377K->331043K(1658304K), 0.0278380 secs] [Times: user=0.10 sys=0.00, real=0.03 secs] 
2014-07-16T11:07:32.144+0000: 3575.152: [GC [PSYoungGen: 971318K->658K(1165504K)] 1301667K->331095K(1852480K), 0.0344350 secs] [Times: user=0.13 sys=0.00, real=0.04 secs] 
2014-07-16T11:07:34.750+0000: 3577.759: [GC [PSYoungGen: 1165458K->512K(1398272K)] 1495895K->331189K(2085248K), 0.0292030 secs] [Times: user=0.10 sys=0.00, real=0.03 secs] 
2014-07-16T11:07:37.863+0000: 3580.871: [GC [PSYoungGen: 1398272K->352K(1677696K)] 1728949K->331261K(2364672K), 0.0270910 secs] [Times: user=0.11 sys=0.00, real=0.03 secs] 
2014-07-16T11:07:41.609+0000: 3584.617: [GC [PSYoungGen: 1677664K->544K(1690880K)] 2008573K->331613K(2377856K), 0.0352840 secs] [Times: user=0.14 sys=0.00, real=0.03 secs] 
2014-07-16T11:07:45.398+0000: 3588.407: [GC [PSYoungGen: 1690528K->626K(1617344K)] 2021597K->331855K(2304320K), 0.0104230 secs] [Times: user=0.03 sys=0.00, real=0.01 secs] 
2014-07-16T11:07:49.054+0000: 3592.063: [GC [PSYoungGen: 1617330K->320K(1547328K)] 1948559K->332277K(2234304K), 0.0230740 secs] [Times: user=0.08 sys=0.01, real=0.02 secs] 
2014-07-16T11:07:52.587+0000: 3595.595: [GC [PSYoungGen: 1547328K->946K(1481664K)] 1879285K->333063K(2168640K), 0.0104980 secs] [Times: user=0.02 sys=0.00, real=0.01 secs] 
2014-07-16T11:07:56.002+0000: 3599.010: [GC [PSYoungGen: 1481650K->562K(1418240K)] 1813767K->333023K(2105216K), 0.0183150 secs] [Times: user=0.06 sys=0.00, real=0.02 secs] 
2014-07-16T11:07:59.262+0000: 3602.271: [GC [PSYoungGen: 1418226K->562K(1358272K)] 1750687K->333311K(2045248K), 0.0264870 secs] [Times: user=0.10 sys=0.01, real=0.02 secs] 
2014-07-16T11:08:02.379+0000: 3605.388: [GC [PSYoungGen: 1358257K->1088K(1301760K)] 1691006K->333981K(1988736K), 0.0075750 secs] [Times: user=0.02 sys=0.00, real=0.01 secs] 
2014-07-16T11:08:05.258+0000: 3608.267: [GC [PSYoungGen: 1301760K->434K(1246848K)] 1634653K->333535K(1933824K), 0.0065460 secs] [Times: user=0.02 sys=0.00, real=0.01 secs] 
2014-07-16T11:08:08.038+0000: 3611.046: [GC [PSYoungGen: 1246834K->726K(1195584K)] 1579935K->334051K(1882560K), 0.0190630 secs] [Times: user=0.06 sys=0.00, real=0.02 secs] 
2014-07-16T11:08:10.687+0000: 3613.695: [GC [PSYoungGen: 1195542K->402K(1146176K)] 1528867K->333823K(1833152K), 0.0160490 secs] [Times: user=0.06 sys=0.00, real=0.02 secs] 
2014-07-16T11:08:13.312+0000: 3616.320: [GC [PSYoungGen: 1146130K->416K(1099456K)] 1479551K->333909K(1786432K), 0.0117930 secs] [Times: user=0.03 sys=0.00, real=0.02 secs] 
2014-07-16T11:08:15.838+0000: 3618.846: [GC [PSYoungGen: 1099424K->666K(1055232K)] 1432917K->334423K(1742208K), 0.0065820 secs] [Times: user=0.02 sys=0.00, real=0.01 secs] 
2014-07-16T11:08:18.233+0000: 3621.242: [GC [PSYoungGen: 1055194K->416K(1012608K)] 1388951K->334341K(1699584K), 0.0062510 secs] [Times: user=0.01 sys=0.00, real=0.01 secs] 
2014-07-16T11:08:20.474+0000: 3623.483: [GC [PSYoungGen: 1012576K->224K(972096K)] 1346501K->334253K(1659072K), 0.0537470 secs] [Times: user=0.21 sys=0.00, real=0.05 secs] 
Heap
 PSYoungGen      total 972096K, used 936167K [0x0000000755560000, 0x00000007bc380000, 0x0000000800000000)
  eden space 971840K, 96% used [0x0000000755560000,0x000000078e761cd0,0x0000000790a70000)
  from space 256K, 87% used [0x00000007bc1a0000,0x00000007bc1d8000,0x00000007bc1e0000)
  to   space 1152K, 0% used [0x00000007bc260000,0x00000007bc260000,0x00000007bc380000)
 ParOldGen       total 686976K, used 334029K [0x0000000600000000, 0x0000000629ee0000, 0x0000000755560000)
  object space 686976K, 48% used [0x0000000600000000,0x0000000614633580,0x0000000629ee0000)
 PSPermGen       total 21248K, used 11722K [0x00000005f5a00000, 0x00000005f6ec0000, 0x0000000600000000)
  object space 21248K, 55% used [0x00000005f5a00000,0x00000005f6572b18,0x00000005f6ec0000)
