2014-07-08T11:49:56.558+0000: 23.481: [GC [PSYoungGen: 257728K->42869K(300608K)] 257728K->72498K(987584K), 0.1131600 secs] [Times: user=0.35 sys=0.04, real=0.12 secs] 
2014-07-08T11:49:58.295+0000: 25.218: [GC [PSYoungGen: 300597K->42869K(300608K)] 330226K->74876K(987584K), 0.0725390 secs] [Times: user=0.26 sys=0.03, real=0.07 secs] 
2014-07-08T11:49:59.427+0000: 26.350: [GC [PSYoungGen: 300597K->42877K(300608K)] 332604K->77267K(987584K), 0.0594280 secs] [Times: user=0.22 sys=0.00, real=0.06 secs] 
2014-07-08T11:50:00.620+0000: 27.543: [GC [PSYoungGen: 300605K->42872K(558336K)] 334995K->77957K(1245312K), 0.0626820 secs] [Times: user=0.22 sys=0.03, real=0.07 secs] 
2014-07-08T11:50:03.135+0000: 30.058: [GC [PSYoungGen: 558296K->42866K(558336K)] 593381K->78065K(1245312K), 0.0449360 secs] [Times: user=0.15 sys=0.03, real=0.04 secs] 
2014-07-08T11:50:06.713+0000: 33.637: [GC [PSYoungGen: 558287K->43341K(1099456K)] 593486K->78541K(1786432K), 0.0863890 secs] [Times: user=0.31 sys=0.03, real=0.08 secs] 
2014-07-08T11:50:22.675+0000: 49.598: [GC [PSYoungGen: 1074253K->6067K(1101504K)] 1109453K->80417K(1788480K), 0.0774700 secs] [Times: user=0.20 sys=0.03, real=0.07 secs] 
2014-07-08T11:50:38.266+0000: 65.189: [GC [PSYoungGen: 1036979K->5364K(2135616K)] 1111329K->81477K(2822592K), 0.0394100 secs] [Times: user=0.15 sys=0.01, real=0.04 secs] 
2014-07-08T11:51:07.801+0000: 94.724: [GC [PSYoungGen: 2063884K->8564K(2138880K)] 2139997K->85303K(2825856K), 0.0235640 secs] [Times: user=0.08 sys=0.00, real=0.03 secs] 
2014-07-08T11:51:33.560+0000: 120.483: [GC [PSYoungGen: 2067124K->6775K(2714560K)] 2143863K->86910K(3401536K), 0.0640110 secs] [Times: user=0.22 sys=0.01, real=0.06 secs] 
2014-07-08T11:52:09.408+0000: 156.331: [GC [PSYoungGen: 2640119K->4709K(2518208K)] 2720254K->89074K(3205184K), 0.0443440 secs] [Times: user=0.15 sys=0.00, real=0.05 secs] 
2014-07-08T11:53:02.728+0000: 209.652: [GC [PSYoungGen: 2518181K->4852K(2404352K)] 2602546K->91448K(3091328K), 0.0478480 secs] [Times: user=0.18 sys=0.00, real=0.05 secs] 
2014-07-08T11:53:37.517+0000: 244.440: [GC [PSYoungGen: 2404306K->5442K(2296704K)] 2490902K->94110K(2983680K), 0.0508170 secs] [Times: user=0.18 sys=0.01, real=0.05 secs] 
2014-07-08T12:00:39.505+0000: 666.428: [GC [PSYoungGen: 2296642K->4716K(2192960K)] 2385310K->95704K(2879936K), 0.0866890 secs] [Times: user=0.29 sys=0.01, real=0.09 secs] 
2014-07-08T12:07:41.731+0000: 1088.654: [GC [PSYoungGen: 2192940K->5474K(2095872K)] 2283928K->99078K(2782848K), 0.0408390 secs] [Times: user=0.16 sys=0.00, real=0.04 secs] 
2014-07-08T12:16:48.526+0000: 1635.449: [GC [PSYoungGen: 2095842K->5268K(2002688K)] 2189446K->101896K(2689664K), 0.0699540 secs] [Times: user=0.24 sys=0.01, real=0.07 secs] 
2014-07-08T12:24:02.070+0000: 2068.994: [GC [PSYoungGen: 2002547K->4834K(1913792K)] 2099175K->104726K(2600768K), 0.0303500 secs] [Times: user=0.09 sys=0.01, real=0.03 secs] 
2014-07-08T12:28:20.228+0000: 2327.151: [GC [PSYoungGen: 1913762K->5505K(1830464K)] 2013654K->108149K(2517440K), 0.0724110 secs] [Times: user=0.25 sys=0.01, real=0.07 secs] 
2014-07-08T12:36:39.160+0000: 2826.083: [GC [PSYoungGen: 1830401K->4628K(1749632K)] 1933045K->110311K(2436608K), 0.0563390 secs] [Times: user=0.21 sys=0.00, real=0.05 secs] 
2014-07-08T12:45:53.616+0000: 3380.539: [GC [PSYoungGen: 1749588K->4244K(1673280K)] 1855271K->112767K(2360256K), 0.0534570 secs] [Times: user=0.14 sys=0.01, real=0.05 secs] 
Heap
 PSYoungGen      total 1673280K, used 1055388K [0x0000000755560000, 0x00000007e53e0000, 0x0000000800000000)
  eden space 1668992K, 62% used [0x0000000755560000,0x00000007957e2208,0x00000007bb340000)
  from space 4288K, 98% used [0x00000007e4fb0000,0x00000007e53d50f0,0x00000007e53e0000)
  to   space 60288K, 0% used [0x00000007dde20000,0x00000007dde20000,0x00000007e1900000)
 ParOldGen       total 686976K, used 108523K [0x0000000600000000, 0x0000000629ee0000, 0x0000000755560000)
  object space 686976K, 15% used [0x0000000600000000,0x00000006069fac28,0x0000000629ee0000)
 PSPermGen       total 21248K, used 11303K [0x00000005f5a00000, 0x00000005f6ec0000, 0x0000000600000000)
  object space 21248K, 53% used [0x00000005f5a00000,0x00000005f6509fa0,0x00000005f6ec0000)
