2014-07-08T14:15:18.656+0000: 25.088: [GC [PSYoungGen: 257728K->42864K(300608K)] 257728K->57690K(987584K), 0.0966980 secs] [Times: user=0.35 sys=0.02, real=0.10 secs] 
2014-07-08T14:15:19.006+0000: 25.438: [GC [PSYoungGen: 300592K->42864K(300608K)] 315418K->63763K(987584K), 0.0911310 secs] [Times: user=0.33 sys=0.02, real=0.10 secs] 
2014-07-08T14:15:20.457+0000: 26.890: [GC [PSYoungGen: 300592K->42870K(300608K)] 321491K->64689K(987584K), 0.0737310 secs] [Times: user=0.27 sys=0.00, real=0.07 secs] 
2014-07-08T14:15:21.816+0000: 28.249: [GC [PSYoungGen: 300598K->42870K(558336K)] 322417K->65713K(1245312K), 0.0576570 secs] [Times: user=0.19 sys=0.03, real=0.06 secs] 
2014-07-08T14:15:24.655+0000: 31.087: [GC [PSYoungGen: 558326K->42852K(558336K)] 581169K->66007K(1245312K), 0.0485640 secs] [Times: user=0.16 sys=0.03, real=0.05 secs] 
2014-07-08T14:15:26.754+0000: 33.186: [GC [PSYoungGen: 558308K->43060K(1088768K)] 581463K->66215K(1775744K), 0.0917750 secs] [Times: user=0.33 sys=0.02, real=0.09 secs] 
2014-07-08T14:15:31.182+0000: 37.614: [GC [PSYoungGen: 1073972K->2404K(1089536K)] 1097127K->65921K(1776512K), 0.0766870 secs] [Times: user=0.26 sys=0.03, real=0.07 secs] 
2014-07-08T14:15:37.920+0000: 44.352: [GC [PSYoungGen: 1033316K->2706K(2124224K)] 1096833K->66647K(2811200K), 0.0293760 secs] [Times: user=0.11 sys=0.00, real=0.02 secs] 
2014-07-08T14:15:51.034+0000: 57.466: [GC [PSYoungGen: 2060178K->3360K(2128576K)] 2124119K->67677K(2815552K), 0.0144510 secs] [Times: user=0.03 sys=0.01, real=0.01 secs] 
2014-07-08T14:16:04.231+0000: 70.663: [GC [PSYoungGen: 2060832K->3488K(2721152K)] 2125149K->68813K(3408128K), 0.0298310 secs] [Times: user=0.10 sys=0.00, real=0.03 secs] 
2014-07-08T14:16:22.293+0000: 88.725: [GC [PSYoungGen: 2651336K->2866K(2650816K)] 2716661K->70615K(3337792K), 0.0562260 secs] [Times: user=0.21 sys=0.01, real=0.06 secs] 
2014-07-08T14:18:40.736+0000: 227.169: [GC [PSYoungGen: 2650802K->2788K(2722624K)] 2718551K->72121K(3409600K), 0.0102980 secs] [Times: user=0.03 sys=0.00, real=0.01 secs] 
2014-07-08T14:19:03.232+0000: 249.664: [GC [PSYoungGen: 2651236K->3332K(2651840K)] 2720569K->74089K(3338816K), 0.0639620 secs] [Times: user=0.24 sys=0.01, real=0.06 secs] 
2014-07-08T14:19:27.477+0000: 273.910: [GC [PSYoungGen: 2651780K->3250K(2531072K)] 2722537K->75959K(3218048K), 0.0407080 secs] [Times: user=0.15 sys=0.01, real=0.04 secs] 
2014-07-08T14:19:46.187+0000: 292.620: [GC [PSYoungGen: 2531058K->3030K(2416192K)] 2603767K->77691K(3103168K), 0.0240080 secs] [Times: user=0.08 sys=0.00, real=0.02 secs] 
2014-07-08T14:20:02.496+0000: 308.929: [GC [PSYoungGen: 2416150K->2624K(2306752K)] 2490811K->78917K(2993728K), 0.0338630 secs] [Times: user=0.13 sys=0.01, real=0.04 secs] 
2014-07-08T14:20:20.784+0000: 327.217: [GC [PSYoungGen: 2306752K->2752K(2203264K)] 2383045K->80485K(2890240K), 0.0495350 secs] [Times: user=0.17 sys=0.00, real=0.05 secs] 
2014-07-08T14:20:34.778+0000: 341.210: [GC [PSYoungGen: 2203264K->2596K(2104704K)] 2280997K->81881K(2791680K), 0.0329990 secs] [Times: user=0.09 sys=0.01, real=0.03 secs] 
2014-07-08T14:20:51.367+0000: 357.799: [GC [PSYoungGen: 2104676K->2528K(2069696K)] 2183961K->83037K(2756672K), 0.0274490 secs] [Times: user=0.10 sys=0.00, real=0.03 secs] 
2014-07-08T14:22:29.495+0000: 455.927: [GC [PSYoungGen: 2011040K->2258K(1921856K)] 2091549K->84199K(2608832K), 0.0134720 secs] [Times: user=0.02 sys=0.01, real=0.01 secs] 
2014-07-08T14:23:16.697+0000: 503.129: [GC [PSYoungGen: 1921810K->2290K(1890752K)] 2003751K->85207K(2577728K), 0.0088130 secs] [Times: user=0.02 sys=0.01, real=0.01 secs] 
2014-07-08T14:23:26.057+0000: 512.489: [GC [PSYoungGen: 1837234K->2550K(1757120K)] 1920151K->86531K(2444096K), 0.0514000 secs] [Times: user=0.18 sys=0.01, real=0.05 secs] 
2014-07-08T14:23:43.340+0000: 529.773: [GC [PSYoungGen: 1757110K->2738K(1728448K)] 1841091K->87815K(2415424K), 0.0452090 secs] [Times: user=0.16 sys=0.01, real=0.05 secs] 
2014-07-08T14:24:00.515+0000: 546.948: [GC [PSYoungGen: 1680818K->2564K(1608000K)] 1765895K->88953K(2294976K), 0.0695620 secs] [Times: user=0.25 sys=0.02, real=0.07 secs] 
2014-07-08T14:24:14.694+0000: 561.126: [GC [PSYoungGen: 1607887K->2486K(1581248K)] 1694276K->90163K(2268224K), 0.0143870 secs] [Times: user=0.05 sys=0.01, real=0.02 secs] 
2014-07-08T14:24:25.457+0000: 571.889: [GC [PSYoungGen: 1538742K->2176K(1472704K)] 1626419K->91077K(2159680K), 0.0128700 secs] [Times: user=0.03 sys=0.01, real=0.02 secs] 
2014-07-08T14:24:36.305+0000: 582.737: [GC [PSYoungGen: 1472685K->2262K(1448064K)] 1561587K->92147K(2135040K), 0.0072480 secs] [Times: user=0.03 sys=0.00, real=0.01 secs] 
2014-07-08T14:24:45.388+0000: 591.821: [GC [PSYoungGen: 1410262K->2176K(1350720K)] 1500147K->92973K(2037696K), 0.0328730 secs] [Times: user=0.11 sys=0.01, real=0.03 secs] 
2014-07-08T14:24:56.733+0000: 603.165: [GC [PSYoungGen: 1350720K->2048K(1327424K)] 1441517K->93789K(2014400K), 0.0091770 secs] [Times: user=0.03 sys=0.00, real=0.01 secs] 
2014-07-08T14:25:07.858+0000: 614.290: [GC [PSYoungGen: 1294016K->2198K(1240384K)] 1385757K->94795K(1927360K), 0.0306150 secs] [Times: user=0.10 sys=0.01, real=0.03 secs] 
2014-07-08T14:25:17.952+0000: 624.384: [GC [PSYoungGen: 1240342K->2098K(1189056K)] 1332939K->95559K(1876032K), 0.0255200 secs] [Times: user=0.10 sys=0.00, real=0.02 secs] 
2014-07-08T14:25:27.684+0000: 634.116: [GC [PSYoungGen: 1189042K->2052K(1140352K)] 1282503K->96361K(1827328K), 0.0169590 secs] [Times: user=0.05 sys=0.00, real=0.02 secs] 
2014-07-08T14:25:37.068+0000: 643.500: [GC [PSYoungGen: 1140292K->2070K(1093952K)] 1234601K->97187K(1780928K), 0.0096740 secs] [Times: user=0.03 sys=0.00, real=0.01 secs] 
2014-07-08T14:25:45.880+0000: 652.312: [GC [PSYoungGen: 1093910K->1956K(1049664K)] 1189027K->97857K(1736640K), 0.0122660 secs] [Times: user=0.03 sys=0.00, real=0.01 secs] 
2014-07-08T14:25:53.388+0000: 659.820: [GC [PSYoungGen: 1049636K->1892K(1007616K)] 1145537K->98513K(1694592K), 0.0080140 secs] [Times: user=0.02 sys=0.01, real=0.01 secs] 
2014-07-08T14:26:02.656+0000: 669.088: [GC [PSYoungGen: 1007588K->2034K(967744K)] 1104209K->99335K(1654720K), 0.0349250 secs] [Times: user=0.13 sys=0.01, real=0.03 secs] 
2014-07-08T14:26:08.543+0000: 674.975: [GC [PSYoungGen: 967730K->1860K(929536K)] 1065031K->99889K(1616512K), 0.0162990 secs] [Times: user=0.06 sys=0.00, real=0.02 secs] 
2014-07-08T14:26:17.691+0000: 684.123: [GC [PSYoungGen: 929414K->2152K(893504K)] 1027443K->100797K(1580480K), 0.0417930 secs] [Times: user=0.14 sys=0.01, real=0.04 secs] 
2014-07-08T14:26:27.238+0000: 693.670: [GC [PSYoungGen: 893480K->2070K(858880K)] 992125K->101443K(1545856K), 0.0113020 secs] [Times: user=0.03 sys=0.00, real=0.01 secs] 
2014-07-08T14:26:36.650+0000: 703.083: [GC [PSYoungGen: 858771K->2230K(826112K)] 958144K->102363K(1513088K), 0.0379910 secs] [Times: user=0.13 sys=0.00, real=0.03 secs] 
2014-07-08T14:26:44.883+0000: 711.315: [GC [PSYoungGen: 826100K->1892K(794432K)] 926233K->102753K(1481408K), 0.0259410 secs] [Times: user=0.08 sys=0.00, real=0.02 secs] 
2014-07-08T14:26:52.949+0000: 719.381: [GC [PSYoungGen: 794403K->1906K(764544K)] 895264K->103399K(1451520K), 0.0095640 secs] [Times: user=0.03 sys=0.01, real=0.01 secs] 
2014-07-08T14:27:00.809+0000: 727.241: [GC [PSYoungGen: 764530K->1924K(736128K)] 866023K->104057K(1423104K), 0.0222650 secs] [Times: user=0.08 sys=0.00, real=0.02 secs] 
2014-07-08T14:27:08.667+0000: 735.099: [GC [PSYoungGen: 736068K->1942K(708992K)] 838201K->104691K(1395968K), 0.0171750 secs] [Times: user=0.06 sys=0.01, real=0.01 secs] 
2014-07-08T14:27:15.641+0000: 742.073: [GC [PSYoungGen: 708950K->1892K(683072K)] 811699K->105233K(1370048K), 0.0112180 secs] [Times: user=0.03 sys=0.00, real=0.01 secs] 
2014-07-08T14:27:21.758+0000: 748.191: [GC [PSYoungGen: 683039K->1828K(658304K)] 786381K->105745K(1345280K), 0.0245910 secs] [Times: user=0.09 sys=0.00, real=0.02 secs] 
2014-07-08T14:27:28.905+0000: 755.337: [GC [PSYoungGen: 658271K->1728K(634624K)] 762189K->106141K(1321600K), 0.0068500 secs] [Times: user=0.02 sys=0.00, real=0.01 secs] 
2014-07-08T14:27:35.606+0000: 762.038: [GC [PSYoungGen: 634624K->1924K(612416K)] 739037K->106865K(1299392K), 0.0433700 secs] [Times: user=0.17 sys=0.00, real=0.05 secs] 
2014-07-08T14:27:41.694+0000: 768.127: [GC [PSYoungGen: 612356K->1778K(590784K)] 717297K->107247K(1277760K), 0.0372210 secs] [Times: user=0.14 sys=0.00, real=0.04 secs] 
2014-07-08T14:27:46.034+0000: 772.466: [GC [PSYoungGen: 590770K->1896K(570432K)] 696239K->107877K(1257408K), 0.0104410 secs] [Times: user=0.02 sys=0.00, real=0.01 secs] 
2014-07-08T14:27:52.185+0000: 778.617: [GC [PSYoungGen: 570408K->1668K(550720K)] 676389K->108121K(1237696K), 0.0056760 secs] [Times: user=0.02 sys=0.00, real=0.00 secs] 
2014-07-08T14:27:56.804+0000: 783.236: [GC [PSYoungGen: 550660K->1750K(532160K)] 657113K->108635K(1219136K), 0.0173740 secs] [Times: user=0.05 sys=0.00, real=0.01 secs] 
2014-07-08T14:28:05.822+0000: 792.254: [GC [PSYoungGen: 532118K->1426K(514048K)] 639003K->108767K(1201024K), 0.0062920 secs] [Times: user=0.02 sys=0.00, real=0.01 secs] 
2014-07-08T14:28:06.324+0000: 792.756: [GC [PSYoungGen: 514002K->1280K(496832K)] 621343K->108949K(1183808K), 0.0084650 secs] [Times: user=0.02 sys=0.00, real=0.00 secs] 
2014-07-08T14:28:08.332+0000: 794.765: [GC [PSYoungGen: 496832K->1508K(480832K)] 604501K->109313K(1167808K), 0.0086100 secs] [Times: user=0.02 sys=0.00, real=0.01 secs] 
2014-07-08T14:28:11.845+0000: 798.277: [GC [PSYoungGen: 480804K->1668K(465472K)] 588609K->109769K(1152448K), 0.0084890 secs] [Times: user=0.02 sys=0.00, real=0.00 secs] 
2014-07-08T14:28:16.409+0000: 802.841: [GC [PSYoungGen: 465401K->1700K(450624K)] 573503K->110209K(1137600K), 0.0419040 secs] [Times: user=0.15 sys=0.00, real=0.04 secs] 
2014-07-08T14:28:20.850+0000: 807.282: [GC [PSYoungGen: 450596K->1590K(436288K)] 559105K->110459K(1123264K), 0.0087660 secs] [Times: user=0.02 sys=0.00, real=0.01 secs] 
2014-07-08T14:28:25.468+0000: 811.900: [GC [PSYoungGen: 436278K->1586K(422656K)] 545147K->110807K(1109632K), 0.0104830 secs] [Times: user=0.02 sys=0.00, real=0.01 secs] 
2014-07-08T14:28:29.284+0000: 815.717: [GC [PSYoungGen: 422559K->1682K(409728K)] 531781K->111295K(1096704K), 0.0238060 secs] [Times: user=0.09 sys=0.00, real=0.03 secs] 
2014-07-08T14:28:33.334+0000: 819.766: [GC [PSYoungGen: 409682K->1632K(397184K)] 519295K->111565K(1084160K), 0.0269530 secs] [Times: user=0.10 sys=0.00, real=0.03 secs] 
2014-07-08T14:28:37.322+0000: 823.755: [GC [PSYoungGen: 397152K->1736K(385344K)] 507085K->112037K(1072320K), 0.0338100 secs] [Times: user=0.14 sys=0.00, real=0.03 secs] 
2014-07-08T14:28:41.551+0000: 827.983: [GC [PSYoungGen: 385283K->1572K(373696K)] 495584K->112193K(1060672K), 0.0173450 secs] [Times: user=0.06 sys=0.00, real=0.01 secs] 
2014-07-08T14:28:45.693+0000: 832.126: [GC [PSYoungGen: 373668K->1622K(362816K)] 484289K->112555K(1049792K), 0.0094030 secs] [Times: user=0.03 sys=0.01, real=0.01 secs] 
2014-07-08T14:28:49.294+0000: 835.726: [GC [PSYoungGen: 362774K->1376K(352064K)] 473707K->112621K(1039040K), 0.0107560 secs] [Times: user=0.02 sys=0.00, real=0.01 secs] 
2014-07-08T14:28:52.108+0000: 838.540: [GC [PSYoungGen: 352032K->1522K(342144K)] 463277K->113039K(1029120K), 0.0085010 secs] [Times: user=0.02 sys=0.00, real=0.01 secs] 
2014-07-08T14:28:54.968+0000: 841.401: [GC [PSYoungGen: 342130K->1554K(332544K)] 453647K->113399K(1019520K), 0.0407360 secs] [Times: user=0.16 sys=0.00, real=0.04 secs] 
2014-07-08T14:28:57.652+0000: 844.084: [GC [PSYoungGen: 332498K->1522K(323200K)] 444343K->113591K(1010176K), 0.0075470 secs] [Times: user=0.02 sys=0.00, real=0.00 secs] 
2014-07-08T14:29:00.086+0000: 846.518: [GC [PSYoungGen: 323186K->1412K(314240K)] 435255K->113721K(1001216K), 0.0106420 secs] [Times: user=0.04 sys=0.00, real=0.01 secs] 
2014-07-08T14:29:02.554+0000: 848.986: [GC [PSYoungGen: 314180K->1440K(305728K)] 426489K->113965K(992704K), 0.0051970 secs] [Times: user=0.02 sys=0.00, real=0.00 secs] 
2014-07-08T14:29:04.985+0000: 851.417: [GC [PSYoungGen: 305696K->1444K(297536K)] 418221K->114257K(984512K), 0.0046520 secs] [Times: user=0.01 sys=0.00, real=0.00 secs] 
2014-07-08T14:29:07.520+0000: 853.953: [GC [PSYoungGen: 297508K->1640K(289856K)] 410321K->114669K(976832K), 0.0411780 secs] [Times: user=0.15 sys=0.00, real=0.04 secs] 
2014-07-08T14:29:09.907+0000: 856.340: [GC [PSYoungGen: 289832K->1416K(282112K)] 402861K->114677K(969088K), 0.0074280 secs] [Times: user=0.02 sys=0.00, real=0.01 secs] 
2014-07-08T14:29:12.161+0000: 858.593: [GC [PSYoungGen: 282056K->1444K(274816K)] 395317K->114889K(961792K), 0.0053740 secs] [Times: user=0.02 sys=0.01, real=0.01 secs] 
2014-07-08T14:29:14.110+0000: 860.542: [GC [PSYoungGen: 274709K->1398K(267776K)] 388155K->115107K(954752K), 0.0059430 secs] [Times: user=0.02 sys=0.00, real=0.01 secs] 
2014-07-08T14:29:16.231+0000: 862.663: [GC [PSYoungGen: 267766K->1312K(260992K)] 381475K->115221K(947968K), 0.0044910 secs] [Times: user=0.02 sys=0.00, real=0.01 secs] 
2014-07-08T14:29:18.199+0000: 864.632: [GC [PSYoungGen: 260955K->1380K(254592K)] 374865K->115481K(941568K), 0.0047610 secs] [Times: user=0.02 sys=0.00, real=0.01 secs] 
2014-07-08T14:29:20.383+0000: 866.815: [GC [PSYoungGen: 254564K->1476K(248448K)] 368665K->115745K(935424K), 0.0091920 secs] [Times: user=0.03 sys=0.01, real=0.01 secs] 
2014-07-08T14:29:22.435+0000: 868.867: [GC [PSYoungGen: 248388K->1376K(242304K)] 362657K->115829K(929280K), 0.0054540 secs] [Times: user=0.01 sys=0.00, real=0.01 secs] 
2014-07-08T14:29:24.422+0000: 870.855: [GC [PSYoungGen: 242272K->1412K(236608K)] 356725K->116105K(923584K), 0.0087290 secs] [Times: user=0.03 sys=0.00, real=0.01 secs] 
2014-07-08T14:29:26.130+0000: 872.563: [GC [PSYoungGen: 236548K->1426K(231040K)] 351241K->116295K(918016K), 0.0442070 secs] [Times: user=0.18 sys=0.00, real=0.04 secs] 
2014-07-08T14:29:28.011+0000: 874.444: [GC [PSYoungGen: 230994K->1394K(225600K)] 345863K->116439K(912576K), 0.0122070 secs] [Times: user=0.04 sys=0.00, real=0.01 secs] 
2014-07-08T14:29:29.997+0000: 876.429: [GC [PSYoungGen: 225586K->1330K(220352K)] 340631K->116527K(907328K), 0.0059840 secs] [Times: user=0.02 sys=0.00, real=0.00 secs] 
2014-07-08T14:29:31.790+0000: 878.222: [GC [PSYoungGen: 220337K->1508K(215552K)] 335534K->116873K(902528K), 0.0087320 secs] [Times: user=0.01 sys=0.00, real=0.01 secs] 
2014-07-08T14:29:33.455+0000: 879.888: [GC [PSYoungGen: 215516K->1394K(210624K)] 330881K->116991K(897600K), 0.0100870 secs] [Times: user=0.02 sys=0.00, real=0.01 secs] 
2014-07-08T14:29:35.271+0000: 881.703: [GC [PSYoungGen: 210610K->1206K(205760K)] 326207K->117147K(892736K), 0.0048310 secs] [Times: user=0.01 sys=0.00, real=0.00 secs] 
2014-07-08T14:29:39.848+0000: 886.280: [GC [PSYoungGen: 205750K->1462K(201536K)] 321691K->117555K(888512K), 0.0071390 secs] [Times: user=0.01 sys=0.01, real=0.00 secs] 
2014-07-08T14:29:40.072+0000: 886.504: [GC [PSYoungGen: 201523K->1184K(241344K)] 317617K->117525K(928320K), 0.0254270 secs] [Times: user=0.09 sys=0.00, real=0.02 secs] 
2014-07-08T14:29:40.338+0000: 886.770: [GC [PSYoungGen: 241312K->1252K(289472K)] 357653K->117713K(976448K), 0.0075200 secs] [Times: user=0.02 sys=0.00, real=0.01 secs] 
2014-07-08T14:29:40.786+0000: 887.219: [GC [PSYoungGen: 289440K->1380K(347264K)] 405902K->117929K(1034240K), 0.0071620 secs] [Times: user=0.02 sys=0.00, real=0.01 secs] 
2014-07-08T14:29:42.505+0000: 888.937: [GC [PSYoungGen: 347235K->1490K(416576K)] 463784K->118175K(1103552K), 0.0484240 secs] [Times: user=0.19 sys=0.00, real=0.05 secs] 
2014-07-08T14:29:45.885+0000: 892.318: [GC [PSYoungGen: 416530K->932K(499008K)] 533215K->118417K(1185984K), 0.0054690 secs] [Times: user=0.02 sys=0.00, real=0.01 secs] 
2014-07-08T14:29:50.282+0000: 896.714: [GC [PSYoungGen: 498979K->1882K(599616K)] 616464K->119703K(1286592K), 0.0075380 secs] [Times: user=0.02 sys=0.00, real=0.01 secs] 
2014-07-08T14:29:55.407+0000: 901.840: [GC [PSYoungGen: 599578K->1124K(718400K)] 717399K->119929K(1405376K), 0.0411270 secs] [Times: user=0.16 sys=0.00, real=0.04 secs] 
2014-07-08T14:30:00.654+0000: 907.086: [GC [PSYoungGen: 718372K->1956K(862720K)] 837177K->121201K(1549696K), 0.0293210 secs] [Times: user=0.11 sys=0.01, real=0.03 secs] 
2014-07-08T14:30:19.938+0000: 926.371: [GC [PSYoungGen: 862690K->1380K(829056K)] 981935K->121425K(1516032K), 0.0113550 secs] [Times: user=0.02 sys=0.00, real=0.01 secs] 
2014-07-08T14:30:24.898+0000: 931.330: [GC [PSYoungGen: 829028K->1522K(797632K)] 949073K->121951K(1484608K), 0.0213180 secs] [Times: user=0.08 sys=0.01, real=0.02 secs] 
2014-07-08T14:30:27.788+0000: 934.220: [GC [PSYoungGen: 797618K->1668K(767808K)] 918047K->122497K(1454784K), 0.0384940 secs] [Times: user=0.14 sys=0.01, real=0.04 secs] 
2014-07-08T14:30:34.315+0000: 940.747: [GC [PSYoungGen: 767748K->1974K(739456K)] 888577K->123171K(1426432K), 0.0257790 secs] [Times: user=0.10 sys=0.00, real=0.03 secs] 
2014-07-08T14:30:41.613+0000: 948.046: [GC [PSYoungGen: 739446K->1060K(711296K)] 860643K->123697K(1398272K), 0.0349720 secs] [Times: user=0.14 sys=0.00, real=0.04 secs] 
2014-07-08T14:30:49.009+0000: 955.441: [GC [PSYoungGen: 711211K->2006K(686208K)] 833849K->125221K(1373184K), 0.0116210 secs] [Times: user=0.02 sys=0.00, real=0.01 secs] 
2014-07-08T14:31:20.369+0000: 986.801: [GC [PSYoungGen: 686166K->1668K(661056K)] 809381K->125611K(1348032K), 0.0249740 secs] [Times: user=0.08 sys=0.00, real=0.03 secs] 
2014-07-08T14:31:21.230+0000: 987.663: [GC [PSYoungGen: 660996K->1458K(637120K)] 784939K->125769K(1324096K), 0.0108800 secs] [Times: user=0.04 sys=0.00, real=0.01 secs] 
2014-07-08T14:31:27.269+0000: 993.702: [GC [PSYoungGen: 637106K->1828K(614912K)] 761417K->126331K(1301888K), 0.0108880 secs] [Times: user=0.03 sys=0.00, real=0.01 secs] 
2014-07-08T14:31:32.750+0000: 999.182: [GC [PSYoungGen: 614882K->1764K(593280K)] 739385K->126835K(1280256K), 0.0200600 secs] [Times: user=0.08 sys=0.00, real=0.02 secs] 
2014-07-08T14:31:53.423+0000: 1019.855: [GC [PSYoungGen: 593252K->1380K(572352K)] 718323K->127299K(1259328K), 0.0263460 secs] [Times: user=0.10 sys=0.01, real=0.03 secs] 
2014-07-08T14:31:59.036+0000: 1025.468: [GC [PSYoungGen: 572324K->1572K(552896K)] 698243K->127939K(1239872K), 0.0071340 secs] [Times: user=0.02 sys=0.01, real=0.01 secs] 
2014-07-08T14:31:59.629+0000: 1026.062: [GC [PSYoungGen: 552868K->1380K(533952K)] 679235K->128107K(1220928K), 0.0129360 secs] [Times: user=0.04 sys=0.01, real=0.01 secs] 
2014-07-08T14:32:04.452+0000: 1030.884: [GC [PSYoungGen: 533924K->1682K(516352K)] 660651K->128593K(1203328K), 0.0057870 secs] [Times: user=0.03 sys=0.00, real=0.00 secs] 
2014-07-08T14:32:09.785+0000: 1036.217: [GC [PSYoungGen: 516306K->1718K(499264K)] 643217K->129133K(1186240K), 0.0262360 secs] [Times: user=0.09 sys=0.01, real=0.03 secs] 
2014-07-08T14:32:14.782+0000: 1041.214: [GC [PSYoungGen: 499203K->1750K(482944K)] 626618K->129533K(1169920K), 0.0225590 secs] [Times: user=0.09 sys=0.00, real=0.02 secs] 
2014-07-08T14:32:19.446+0000: 1045.878: [GC [PSYoungGen: 482902K->1270K(466816K)] 610685K->129837K(1153792K), 0.0075030 secs] [Times: user=0.01 sys=0.00, real=0.01 secs] 
2014-07-08T14:32:24.083+0000: 1050.516: [GC [PSYoungGen: 466806K->1832K(452416K)] 595373K->130727K(1139392K), 0.0064170 secs] [Times: user=0.02 sys=0.00, real=0.00 secs] 
2014-07-08T14:32:28.650+0000: 1055.082: [GC [PSYoungGen: 452391K->1640K(437952K)] 581286K->131143K(1124928K), 0.0257870 secs] [Times: user=0.10 sys=0.00, real=0.03 secs] 
2014-07-08T14:32:33.167+0000: 1059.600: [GC [PSYoungGen: 437927K->1700K(424320K)] 567430K->131547K(1111296K), 0.0193230 secs] [Times: user=0.07 sys=0.00, real=0.02 secs] 
2014-07-08T14:32:37.573+0000: 1064.005: [GC [PSYoungGen: 424292K->1654K(411136K)] 554139K->131901K(1098112K), 0.0309180 secs] [Times: user=0.12 sys=0.00, real=0.03 secs] 
2014-07-08T14:32:41.794+0000: 1068.226: [GC [PSYoungGen: 411055K->1622K(398592K)] 541303K->132229K(1085568K), 0.0181420 secs] [Times: user=0.07 sys=0.00, real=0.02 secs] 
2014-07-08T14:32:45.943+0000: 1072.375: [GC [PSYoungGen: 398550K->1668K(386624K)] 529157K->132643K(1073600K), 0.0102540 secs] [Times: user=0.03 sys=0.00, real=0.01 secs] 
2014-07-08T14:32:50.217+0000: 1076.649: [GC [PSYoungGen: 386564K->1490K(374912K)] 517539K->132777K(1061888K), 0.0298300 secs] [Times: user=0.10 sys=0.00, real=0.03 secs] 
2014-07-08T14:32:53.996+0000: 1080.428: [GC [PSYoungGen: 374838K->1636K(364032K)] 506126K->133243K(1051008K), 0.0260350 secs] [Times: user=0.11 sys=0.00, real=0.03 secs] 
2014-07-08T14:32:57.912+0000: 1084.344: [GC [PSYoungGen: 364004K->1522K(353344K)] 495611K->133449K(1040320K), 0.0217460 secs] [Times: user=0.08 sys=0.00, real=0.02 secs] 
2014-07-08T14:33:01.633+0000: 1088.065: [GC [PSYoungGen: 353325K->1522K(343232K)] 485253K->133761K(1030208K), 0.0186390 secs] [Times: user=0.06 sys=0.00, real=0.02 secs] 
2014-07-08T14:33:04.944+0000: 1091.376: [GC [PSYoungGen: 343218K->1622K(333632K)] 475457K->134173K(1020608K), 0.0085530 secs] [Times: user=0.02 sys=0.00, real=0.01 secs] 
2014-07-08T14:33:08.537+0000: 1094.969: [GC [PSYoungGen: 333590K->1458K(324096K)] 466141K->134289K(1011072K), 0.0380800 secs] [Times: user=0.15 sys=0.00, real=0.04 secs] 
2014-07-08T14:33:11.442+0000: 1097.874: [GC [PSYoungGen: 324082K->1508K(315200K)] 456913K->134611K(1002176K), 0.0068150 secs] [Times: user=0.02 sys=0.00, real=0.00 secs] 
2014-07-08T14:33:14.822+0000: 1101.254: [GC [PSYoungGen: 315170K->1526K(306624K)] 448274K->134909K(993600K), 0.0058240 secs] [Times: user=0.02 sys=0.00, real=0.00 secs] 
2014-07-08T14:33:18.032+0000: 1104.465: [GC [PSYoungGen: 306549K->1568K(298432K)] 439933K->135223K(985408K), 0.0528530 secs] [Times: user=0.19 sys=0.00, real=0.05 secs] 
2014-07-08T14:33:20.844+0000: 1107.276: [GC [PSYoungGen: 298400K->1380K(290304K)] 432055K->135411K(977280K), 0.0389380 secs] [Times: user=0.15 sys=0.00, real=0.04 secs] 
2014-07-08T14:33:23.715+0000: 1110.147: [GC [PSYoungGen: 290274K->1590K(282880K)] 424306K->135869K(969856K), 0.0080070 secs] [Times: user=0.01 sys=0.01, real=0.01 secs] 
2014-07-08T14:33:26.668+0000: 1113.100: [GC [PSYoungGen: 282870K->1380K(275392K)] 417149K->136059K(962368K), 0.0310580 secs] [Times: user=0.13 sys=0.00, real=0.03 secs] 
2014-07-08T14:33:29.415+0000: 1115.848: [GC [PSYoungGen: 275364K->1312K(268288K)] 410043K->136231K(955264K), 0.0052740 secs] [Times: user=0.01 sys=0.00, real=0.00 secs] 
2014-07-08T14:33:32.043+0000: 1118.476: [GC [PSYoungGen: 268255K->1536K(261696K)] 403175K->136703K(948672K), 0.0519760 secs] [Times: user=0.18 sys=0.00, real=0.05 secs] 
2014-07-08T14:33:34.530+0000: 1120.962: [GC [PSYoungGen: 261696K->1540K(255232K)] 396863K->136979K(942208K), 0.0096090 secs] [Times: user=0.03 sys=0.00, real=0.01 secs] 
2014-07-08T14:33:37.963+0000: 1124.395: [GC [PSYoungGen: 255172K->1266K(248640K)] 390611K->136993K(935616K), 0.0475400 secs] [Times: user=0.18 sys=0.01, real=0.05 secs] 
2014-07-08T14:33:38.264+0000: 1124.696: [GC [PSYoungGen: 248622K->1394K(298240K)] 384350K->137321K(985216K), 0.0400470 secs] [Times: user=0.16 sys=0.00, real=0.04 secs] 
2014-07-08T14:33:39.327+0000: 1125.760: [GC [PSYoungGen: 298226K->1544K(357824K)] 434153K->137591K(1044800K), 0.0100670 secs] [Times: user=0.03 sys=0.00, real=0.01 secs] 
2014-07-08T14:33:42.445+0000: 1128.877: [GC [PSYoungGen: 357768K->1768K(429312K)] 493815K->137951K(1116288K), 0.0294030 secs] [Times: user=0.11 sys=0.01, real=0.03 secs] 
2014-07-08T14:33:47.063+0000: 1133.495: [GC [PSYoungGen: 429241K->768K(513792K)] 565425K->137959K(1200768K), 0.0083850 secs] [Times: user=0.02 sys=0.00, real=0.01 secs] 
2014-07-08T14:33:51.498+0000: 1137.930: [GC [PSYoungGen: 513768K->1878K(617600K)] 650959K->139445K(1304576K), 0.0093360 secs] [Times: user=0.03 sys=0.00, real=0.01 secs] 
2014-07-08T14:33:57.626+0000: 1144.059: [GC [PSYoungGen: 617558K->1600K(740416K)] 755125K->139695K(1427392K), 0.0418200 secs] [Times: user=0.15 sys=0.00, real=0.05 secs] 
2014-07-08T14:34:04.972+0000: 1151.404: [GC [PSYoungGen: 740416K->1938K(888576K)] 878511K->140529K(1575552K), 0.0374860 secs] [Times: user=0.14 sys=0.00, real=0.04 secs] 
2014-07-08T14:34:14.443+0000: 1160.876: [GC [PSYoungGen: 888530K->946K(853248K)] 1027121K->141057K(1540224K), 0.0444710 secs] [Times: user=0.17 sys=0.01, real=0.04 secs] 
2014-07-08T14:34:23.042+0000: 1169.474: [GC [PSYoungGen: 853234K->2208K(821824K)] 993345K->142999K(1508800K), 0.0319450 secs] [Times: user=0.12 sys=0.00, real=0.03 secs] 
2014-07-08T14:34:30.396+0000: 1176.828: [GC [PSYoungGen: 821792K->1828K(790272K)] 962583K->143499K(1477248K), 0.0341280 secs] [Times: user=0.14 sys=0.00, real=0.03 secs] 
2014-07-08T14:34:36.976+0000: 1183.409: [GC [PSYoungGen: 790244K->1956K(760704K)] 931915K->144243K(1447680K), 0.0401960 secs] [Times: user=0.16 sys=0.00, real=0.04 secs] 
2014-07-08T14:34:43.541+0000: 1189.973: [GC [PSYoungGen: 760675K->1316K(731776K)] 902963K->144547K(1418752K), 0.0210840 secs] [Times: user=0.09 sys=0.01, real=0.02 secs] 
2014-07-08T14:34:49.965+0000: 1196.397: [GC [PSYoungGen: 731748K->2124K(705664K)] 874979K->145899K(1392640K), 0.0082590 secs] [Times: user=0.02 sys=0.00, real=0.00 secs] 
2014-07-08T14:34:55.607+0000: 1202.040: [GC [PSYoungGen: 705612K->1764K(679552K)] 849387K->146123K(1366528K), 0.0100470 secs] [Times: user=0.02 sys=0.01, real=0.01 secs] 
2014-07-08T14:35:00.820+0000: 1207.252: [GC [PSYoungGen: 679507K->1960K(655232K)] 823867K->146823K(1342208K), 0.0125930 secs] [Times: user=0.04 sys=0.00, real=0.01 secs] 
2014-07-08T14:35:06.570+0000: 1213.002: [GC [PSYoungGen: 655208K->1636K(631552K)] 800071K->146979K(1318528K), 0.0106770 secs] [Times: user=0.02 sys=0.00, real=0.01 secs] 
2014-07-08T14:35:11.950+0000: 1218.382: [GC [PSYoungGen: 631524K->1732K(609344K)] 776867K->147555K(1296320K), 0.0061750 secs] [Times: user=0.02 sys=0.00, real=0.00 secs] 
2014-07-08T14:35:17.103+0000: 1223.535: [GC [PSYoungGen: 609284K->1618K(587904K)] 755107K->147913K(1274880K), 0.0330140 secs] [Times: user=0.12 sys=0.00, real=0.03 secs] 
2014-07-08T14:35:21.347+0000: 1227.780: [GC [PSYoungGen: 587858K->1768K(567680K)] 734153K->148471K(1254656K), 0.0070310 secs] [Times: user=0.02 sys=0.00, real=0.01 secs] 
2014-07-08T14:35:26.231+0000: 1232.663: [GC [PSYoungGen: 567656K->1554K(548096K)] 714359K->148697K(1235072K), 0.0553690 secs] [Times: user=0.19 sys=0.01, real=0.05 secs] 
2014-07-08T14:36:13.094+0000: 1279.527: [GC [PSYoungGen: 548050K->1714K(529664K)] 695193K->149265K(1216640K), 0.0235770 secs] [Times: user=0.06 sys=0.01, real=0.03 secs] 
2014-07-08T14:36:13.643+0000: 1280.075: [GC [PSYoungGen: 529650K->1540K(511808K)] 677201K->149467K(1198784K), 0.0091350 secs] [Times: user=0.03 sys=0.00, real=0.01 secs] 
2014-07-08T14:36:14.168+0000: 1280.600: [GC [PSYoungGen: 511748K->1562K(494912K)] 659675K->149721K(1181888K), 0.0079870 secs] [Times: user=0.03 sys=0.00, real=0.01 secs] 
2014-07-08T14:36:23.953+0000: 1290.386: [GC [PSYoungGen: 494874K->1554K(478720K)] 643033K->149873K(1165696K), 0.0107750 secs] [Times: user=0.02 sys=0.00, real=0.01 secs] 
2014-07-08T14:36:24.425+0000: 1290.857: [GC [PSYoungGen: 478674K->1284K(573888K)] 626993K->149979K(1260864K), 0.0189850 secs] [Times: user=0.06 sys=0.00, real=0.02 secs] 
2014-07-08T14:36:29.324+0000: 1295.756: [GC [PSYoungGen: 573828K->1846K(688960K)] 722523K->150677K(1375936K), 0.0191120 secs] [Times: user=0.06 sys=0.00, real=0.02 secs] 
2014-07-08T14:36:32.481+0000: 1298.914: [GC [PSYoungGen: 688950K->1618K(663808K)] 837781K->150881K(1350784K), 0.0067780 secs] [Times: user=0.02 sys=0.01, real=0.00 secs] 
2014-07-08T14:36:39.117+0000: 1305.549: [GC [PSYoungGen: 663744K->1384K(639744K)] 813008K->151407K(1326720K), 0.0127170 secs] [Times: user=0.05 sys=0.00, real=0.01 secs] 
2014-07-08T14:36:45.710+0000: 1312.143: [GC [PSYoungGen: 639720K->1874K(617536K)] 789743K->152425K(1304512K), 0.0076200 secs] [Times: user=0.02 sys=0.00, real=0.01 secs] 
2014-07-08T14:36:51.968+0000: 1318.400: [GC [PSYoungGen: 617490K->1718K(595648K)] 768041K->153029K(1282624K), 0.0112760 secs] [Times: user=0.04 sys=0.00, real=0.01 secs] 
2014-07-08T14:36:58.142+0000: 1324.574: [GC [PSYoungGen: 595638K->1696K(574976K)] 746949K->153511K(1261952K), 0.0251400 secs] [Times: user=0.09 sys=0.00, real=0.03 secs] 
2014-07-08T14:37:03.976+0000: 1330.408: [GC [PSYoungGen: 574944K->1760K(555328K)] 726759K->154095K(1242304K), 0.0359080 secs] [Times: user=0.14 sys=0.00, real=0.03 secs] 
2014-07-08T14:37:08.921+0000: 1335.354: [GC [PSYoungGen: 555289K->1586K(536256K)] 707624K->154377K(1223232K), 0.0325450 secs] [Times: user=0.13 sys=0.00, real=0.03 secs] 
2014-07-08T14:37:14.263+0000: 1340.695: [GC [PSYoungGen: 536242K->1714K(518400K)] 689033K->154913K(1205376K), 0.0085780 secs] [Times: user=0.02 sys=0.01, real=0.01 secs] 
2014-07-08T14:37:19.239+0000: 1345.671: [GC [PSYoungGen: 518386K->1472K(500928K)] 671585K->155119K(1187904K), 0.0314340 secs] [Times: user=0.12 sys=0.00, real=0.03 secs] 
2014-07-08T14:37:24.347+0000: 1350.779: [GC [PSYoungGen: 500928K->1664K(484672K)] 654575K->155703K(1171648K), 0.0573390 secs] [Times: user=0.20 sys=0.01, real=0.06 secs] 
2014-07-08T14:37:29.431+0000: 1355.864: [GC [PSYoungGen: 484672K->1604K(468928K)] 638711K->156075K(1155904K), 0.0207480 secs] [Times: user=0.07 sys=0.01, real=0.02 secs] 
2014-07-08T14:37:34.496+0000: 1360.929: [GC [PSYoungGen: 468868K->1586K(453824K)] 623339K->156537K(1140800K), 0.0200730 secs] [Times: user=0.06 sys=0.00, real=0.02 secs] 
2014-07-08T14:37:39.147+0000: 1365.579: [GC [PSYoungGen: 453810K->1600K(439424K)] 608761K->156983K(1126400K), 0.0407650 secs] [Times: user=0.15 sys=0.00, real=0.04 secs] 
2014-07-08T14:39:01.142+0000: 1447.575: [GC [PSYoungGen: 439424K->1568K(425664K)] 594807K->157335K(1112640K), 0.0193450 secs] [Times: user=0.07 sys=0.00, real=0.02 secs] 
2014-07-08T14:39:01.546+0000: 1447.978: [GC [PSYoungGen: 425632K->1444K(412352K)] 581399K->157547K(1099328K), 0.0095470 secs] [Times: user=0.03 sys=0.00, real=0.01 secs] 
2014-07-08T14:39:01.978+0000: 1448.411: [GC [PSYoungGen: 412324K->1494K(494592K)] 568427K->157797K(1181568K), 0.0119680 secs] [Times: user=0.05 sys=0.00, real=0.01 secs] 
2014-07-08T14:39:17.060+0000: 1463.492: [GC [PSYoungGen: 494550K->1554K(593280K)] 650853K->157985K(1280256K), 0.0074620 secs] [Times: user=0.02 sys=0.01, real=0.01 secs] 
2014-07-08T14:39:17.671+0000: 1464.103: [GC [PSYoungGen: 593234K->1522K(711552K)] 749665K->158299K(1398528K), 0.0110400 secs] [Times: user=0.01 sys=0.01, real=0.01 secs] 
2014-07-08T14:39:19.380+0000: 1465.812: [GC [PSYoungGen: 711538K->1668K(853760K)] 868315K->158709K(1540736K), 0.0408190 secs] [Times: user=0.16 sys=0.01, real=0.04 secs] 
2014-07-08T14:39:26.046+0000: 1472.479: [GC [PSYoungGen: 853700K->1408K(1023872K)] 1010741K->159105K(1710848K), 0.0116480 secs] [Times: user=0.03 sys=0.01, real=0.02 secs] 
2014-07-08T14:39:34.865+0000: 1481.297: [GC [PSYoungGen: 1023872K->2230K(1229248K)] 1181569K->160591K(1916224K), 0.0537900 secs] [Times: user=0.22 sys=0.00, real=0.06 secs] 
2014-07-08T14:39:44.654+0000: 1491.086: [GC [PSYoungGen: 1229238K->1010K(1177344K)] 1387599K->161271K(1864320K), 0.0552900 secs] [Times: user=0.20 sys=0.01, real=0.05 secs] 
2014-07-08T14:39:53.521+0000: 1499.953: [GC [PSYoungGen: 1177330K->1970K(1130112K)] 1337591K->163015K(1817088K), 0.0078770 secs] [Times: user=0.02 sys=0.00, real=0.01 secs] 
2014-07-08T14:40:02.436+0000: 1508.869: [GC [PSYoungGen: 1130098K->2180K(1084480K)] 1291143K->163985K(1771456K), 0.0097220 secs] [Times: user=0.03 sys=0.00, real=0.01 secs] 
2014-07-08T14:40:13.112+0000: 1519.544: [GC [PSYoungGen: 1084420K->1778K(1040384K)] 1246225K->164447K(1727360K), 0.0418850 secs] [Times: user=0.15 sys=0.00, real=0.04 secs] 
2014-07-08T14:40:19.140+0000: 1525.572: [GC [PSYoungGen: 1040370K->1508K(998528K)] 1203039K->164985K(1685504K), 0.0342090 secs] [Times: user=0.13 sys=0.00, real=0.03 secs] 
2014-07-08T14:40:27.304+0000: 1533.736: [GC [PSYoungGen: 998500K->2084K(959552K)] 1161977K->166177K(1646528K), 0.0092670 secs] [Times: user=0.02 sys=0.00, real=0.01 secs] 
2014-07-08T14:40:40.765+0000: 1547.197: [GC [PSYoungGen: 959524K->1970K(921728K)] 1123617K->166863K(1608704K), 0.0242240 secs] [Times: user=0.09 sys=0.00, real=0.03 secs] 
2014-07-08T14:40:41.798+0000: 1548.230: [GC [PSYoungGen: 921714K->1608K(885504K)] 1086607K->167213K(1572480K), 0.0080650 secs] [Times: user=0.02 sys=0.00, real=0.01 secs] 
2014-07-08T14:40:48.409+0000: 1554.842: [GC [PSYoungGen: 885448K->1778K(851456K)] 1051053K->167679K(1538432K), 0.0342160 secs] [Times: user=0.12 sys=0.00, real=0.03 secs] 
2014-07-08T14:40:56.431+0000: 1562.864: [GC [PSYoungGen: 851442K->1970K(819072K)] 1017343K->168487K(1506048K), 0.0205420 secs] [Times: user=0.08 sys=0.00, real=0.02 secs] 
2014-07-08T14:41:04.624+0000: 1571.056: [GC [PSYoungGen: 819058K->1664K(787712K)] 985575K->169053K(1474688K), 0.0377810 secs] [Times: user=0.15 sys=0.00, real=0.03 secs] 
2014-07-08T14:41:15.338+0000: 1581.770: [GC [PSYoungGen: 787712K->1846K(758336K)] 955101K->169883K(1445312K), 0.0294680 secs] [Times: user=0.12 sys=0.01, real=0.03 secs] 
2014-07-08T14:41:17.184+0000: 1583.617: [GC [PSYoungGen: 758326K->1554K(729920K)] 926363K->170143K(1416896K), 0.0170510 secs] [Times: user=0.06 sys=0.01, real=0.01 secs] 
2014-07-08T14:41:24.363+0000: 1590.795: [GC [PSYoungGen: 729873K->1988K(703488K)] 898462K->170905K(1390464K), 0.0278830 secs] [Times: user=0.11 sys=0.00, real=0.03 secs] 
2014-07-08T14:41:31.253+0000: 1597.685: [GC [PSYoungGen: 703428K->1764K(677632K)] 872345K->171353K(1364608K), 0.0147960 secs] [Times: user=0.05 sys=0.00, real=0.02 secs] 
2014-07-08T14:41:37.259+0000: 1603.692: [GC [PSYoungGen: 677604K->1896K(653312K)] 847193K->172045K(1340288K), 0.0232510 secs] [Times: user=0.08 sys=0.00, real=0.02 secs] 
2014-07-08T14:42:03.257+0000: 1629.689: [GC [PSYoungGen: 653288K->1668K(629824K)] 823437K->172337K(1316800K), 0.0065260 secs] [Times: user=0.02 sys=0.00, real=0.01 secs] 
2014-07-08T14:42:03.913+0000: 1630.346: [GC [PSYoungGen: 629764K->1362K(607296K)] 800433K->172423K(1294272K), 0.0160430 secs] [Times: user=0.05 sys=0.00, real=0.01 secs] 
2014-07-08T14:42:08.640+0000: 1635.072: [GC [PSYoungGen: 607250K->1714K(586368K)] 778311K->172935K(1273344K), 0.0082860 secs] [Times: user=0.02 sys=0.00, real=0.01 secs] 
2014-07-08T14:42:14.531+0000: 1640.963: [GC [PSYoungGen: 586346K->1732K(566144K)] 757568K->173441K(1253120K), 0.0088530 secs] [Times: user=0.02 sys=0.00, real=0.01 secs] 
2014-07-08T14:42:19.805+0000: 1646.237: [GC [PSYoungGen: 566084K->1732K(546816K)] 737793K->173945K(1233792K), 0.0113350 secs] [Times: user=0.04 sys=0.00, real=0.01 secs] 
2014-07-08T14:42:23.790+0000: 1650.222: [GC [PSYoungGen: 546754K->1618K(528192K)] 718968K->174271K(1215168K), 0.0318640 secs] [Times: user=0.11 sys=0.00, real=0.03 secs] 
2014-07-08T14:42:28.866+0000: 1655.299: [GC [PSYoungGen: 528146K->1632K(510528K)] 700799K->174709K(1197504K), 0.0181020 secs] [Times: user=0.07 sys=0.00, real=0.01 secs] 
2014-07-08T14:42:33.874+0000: 1660.306: [GC [PSYoungGen: 510496K->1846K(493888K)] 683573K->175315K(1180864K), 0.0353420 secs] [Times: user=0.13 sys=0.01, real=0.04 secs] 
2014-07-08T14:42:39.078+0000: 1665.510: [GC [PSYoungGen: 493878K->1536K(477440K)] 667347K->175421K(1164416K), 0.0250750 secs] [Times: user=0.09 sys=0.00, real=0.02 secs] 
2014-07-08T14:42:43.786+0000: 1670.219: [GC [PSYoungGen: 477440K->1878K(462400K)] 651325K->176171K(1149376K), 0.0244910 secs] [Times: user=0.09 sys=0.00, real=0.03 secs] 
2014-07-08T14:42:48.912+0000: 1675.344: [GC [PSYoungGen: 462351K->1444K(447232K)] 636645K->176233K(1134208K), 0.0090830 secs] [Times: user=0.02 sys=0.00, real=0.01 secs] 
2014-07-08T14:42:53.537+0000: 1679.970: [GC [PSYoungGen: 447204K->1782K(433472K)] 621993K->176939K(1120448K), 0.0397380 secs] [Times: user=0.15 sys=0.00, real=0.04 secs] 
2014-07-08T14:42:58.228+0000: 1684.661: [GC [PSYoungGen: 433462K->1504K(419712K)] 608619K->177069K(1106688K), 0.0156310 secs] [Times: user=0.06 sys=0.00, real=0.02 secs] 
2014-07-08T14:43:02.755+0000: 1689.187: [GC [PSYoungGen: 419680K->1668K(406976K)] 595245K->177601K(1093952K), 0.0064600 secs] [Times: user=0.02 sys=0.00, real=0.01 secs] 
2014-07-08T14:43:06.904+0000: 1693.337: [GC [PSYoungGen: 406916K->1508K(394432K)] 582849K->177849K(1081408K), 0.0116190 secs] [Times: user=0.03 sys=0.01, real=0.01 secs] 
2014-07-08T14:43:11.086+0000: 1697.518: [GC [PSYoungGen: 394404K->1636K(382720K)] 570745K->178329K(1069696K), 0.0295470 secs] [Times: user=0.11 sys=0.00, real=0.03 secs] 
2014-07-08T14:43:14.901+0000: 1701.334: [GC [PSYoungGen: 382692K->1462K(371200K)] 559385K->178595K(1058176K), 0.0473950 secs] [Times: user=0.17 sys=0.00, real=0.04 secs] 
2014-07-08T14:43:18.774+0000: 1705.206: [GC [PSYoungGen: 371190K->1590K(360448K)] 548323K->179043K(1047424K), 0.0068170 secs] [Times: user=0.02 sys=0.00, real=0.00 secs] 
2014-07-08T14:43:22.587+0000: 1709.019: [GC [PSYoungGen: 360438K->1554K(350016K)] 537891K->179319K(1036992K), 0.0399410 secs] [Times: user=0.16 sys=0.00, real=0.04 secs] 
2014-07-08T14:43:26.405+0000: 1712.838: [GC [PSYoungGen: 349970K->1554K(340032K)] 527735K->179655K(1027008K), 0.0523590 secs] [Times: user=0.20 sys=0.00, real=0.05 secs] 
2014-07-08T14:43:29.602+0000: 1716.034: [GC [PSYoungGen: 339986K->1316K(330176K)] 518087K->179921K(1017152K), 0.0254770 secs] [Times: user=0.09 sys=0.01, real=0.03 secs] 
2014-07-08T14:43:32.964+0000: 1719.397: [GC [PSYoungGen: 330148K->1746K(321408K)] 508753K->180623K(1008384K), 0.0232720 secs] [Times: user=0.09 sys=0.00, real=0.02 secs] 
2014-07-08T14:43:36.065+0000: 1722.497: [GC [PSYoungGen: 321361K->1408K(312192K)] 500239K->180653K(999168K), 0.0455630 secs] [Times: user=0.18 sys=0.00, real=0.04 secs] 
2014-07-08T14:43:38.954+0000: 1725.386: [GC [PSYoungGen: 312192K->1504K(303872K)] 491437K->181045K(990848K), 0.0264480 secs] [Times: user=0.09 sys=0.00, real=0.03 secs] 
2014-07-08T14:43:42.013+0000: 1728.445: [GC [PSYoungGen: 303840K->1458K(364288K)] 483381K->181239K(1051264K), 0.0386190 secs] [Times: user=0.14 sys=0.00, real=0.04 secs] 
2014-07-08T14:43:46.944+0000: 1733.376: [GC [PSYoungGen: 364274K->1572K(353856K)] 544055K->181625K(1040832K), 0.0060910 secs] [Times: user=0.02 sys=0.01, real=0.01 secs] 
2014-07-08T14:43:47.314+0000: 1733.746: [GC [PSYoungGen: 353828K->1188K(423936K)] 533881K->181665K(1110912K), 0.0128240 secs] [Times: user=0.04 sys=0.00, real=0.02 secs] 
2014-07-08T14:43:48.922+0000: 1735.355: [GC [PSYoungGen: 423906K->1376K(508672K)] 604384K->182013K(1195648K), 0.0209940 secs] [Times: user=0.08 sys=0.01, real=0.02 secs] 
2014-07-08T14:43:52.932+0000: 1739.365: [GC [PSYoungGen: 508640K->1650K(610432K)] 689277K->182511K(1297408K), 0.0074730 secs] [Times: user=0.02 sys=0.00, real=0.01 secs] 
2014-07-08T14:43:57.964+0000: 1744.396: [GC [PSYoungGen: 610418K->1786K(589184K)] 791279K->183047K(1276160K), 0.0064990 secs] [Times: user=0.02 sys=0.01, real=0.01 secs] 
2014-07-08T14:44:02.542+0000: 1748.975: [GC [PSYoungGen: 589178K->932K(568000K)] 770439K->183313K(1254976K), 0.0162280 secs] [Times: user=0.05 sys=0.00, real=0.01 secs] 
2014-07-08T14:44:07.425+0000: 1753.857: [GC [PSYoungGen: 567972K->1810K(549440K)] 750353K->184591K(1236416K), 0.0100840 secs] [Times: user=0.03 sys=0.00, real=0.01 secs] 
2014-07-08T14:44:12.008+0000: 1758.440: [GC [PSYoungGen: 549390K->1714K(530752K)] 732171K->185063K(1217728K), 0.0202870 secs] [Times: user=0.06 sys=0.00, real=0.02 secs] 
2014-07-08T14:44:16.254+0000: 1762.686: [GC [PSYoungGen: 530738K->1636K(512960K)] 714087K->185385K(1199936K), 0.0112420 secs] [Times: user=0.04 sys=0.00, real=0.01 secs] 
2014-07-08T14:44:20.289+0000: 1766.722: [GC [PSYoungGen: 512932K->1408K(495744K)] 696681K->185597K(1182720K), 0.0232940 secs] [Times: user=0.09 sys=0.01, real=0.03 secs] 
2014-07-08T14:44:24.353+0000: 1770.785: [GC [PSYoungGen: 495744K->1650K(479808K)] 679933K->186199K(1166784K), 0.0240390 secs] [Times: user=0.08 sys=0.00, real=0.02 secs] 
2014-07-08T14:44:28.647+0000: 1775.079: [GC [PSYoungGen: 479794K->1504K(464192K)] 664343K->186437K(1151168K), 0.0170380 secs] [Times: user=0.06 sys=0.00, real=0.02 secs] 
2014-07-08T14:44:32.491+0000: 1778.924: [GC [PSYoungGen: 464160K->1704K(449536K)] 649093K->186973K(1136512K), 0.0123610 secs] [Times: user=0.04 sys=0.00, real=0.02 secs] 
2014-07-08T14:44:36.181+0000: 1782.614: [GC [PSYoungGen: 449507K->1402K(435008K)] 634777K->187343K(1121984K), 0.0277810 secs] [Times: user=0.09 sys=0.00, real=0.03 secs] 
2014-07-08T14:44:40.191+0000: 1786.624: [GC [PSYoungGen: 434926K->1868K(421952K)] 620867K->188137K(1108928K), 0.0388770 secs] [Times: user=0.15 sys=0.01, real=0.04 secs] 
2014-07-08T14:44:43.566+0000: 1789.998: [GC [PSYoungGen: 421900K->1316K(408384K)] 608169K->188169K(1095360K), 0.0067150 secs] [Times: user=0.02 sys=0.00, real=0.00 secs] 
2014-07-08T14:44:47.073+0000: 1793.505: [GC [PSYoungGen: 408356K->1508K(396160K)] 595209K->188697K(1083136K), 0.0134320 secs] [Times: user=0.03 sys=0.00, real=0.02 secs] 
2014-07-08T14:44:48.837+0000: 1795.269: [GC [PSYoungGen: 396132K->1440K(384192K)] 583321K->188965K(1071168K), 0.0419090 secs] [Times: user=0.13 sys=0.00, real=0.04 secs] 
2014-07-08T14:45:05.015+0000: 1811.447: [GC [PSYoungGen: 384160K->1640K(372992K)] 571685K->189397K(1059968K), 0.0062920 secs] [Times: user=0.02 sys=0.00, real=0.01 secs] 
2014-07-08T14:45:05.382+0000: 1811.814: [GC [PSYoungGen: 372968K->1366K(447040K)] 560725K->189395K(1134016K), 0.0166650 secs] [Times: user=0.05 sys=0.00, real=0.02 secs] 
2014-07-08T14:45:05.893+0000: 1812.326: [GC [PSYoungGen: 446973K->1366K(536192K)] 635003K->189547K(1223168K), 0.0074580 secs] [Times: user=0.02 sys=0.00, real=0.01 secs] 
2014-07-08T14:45:07.662+0000: 1814.095: [GC [PSYoungGen: 536150K->1604K(643456K)] 724331K->189905K(1330432K), 0.0081860 secs] [Times: user=0.02 sys=0.00, real=0.01 secs] 
2014-07-08T14:45:13.070+0000: 1819.502: [GC [PSYoungGen: 643396K->1778K(771968K)] 831697K->190359K(1458944K), 0.0304380 secs] [Times: user=0.11 sys=0.00, real=0.03 secs] 
2014-07-08T14:45:19.560+0000: 1825.992: [GC [PSYoungGen: 771954K->1060K(742464K)] 960535K->190745K(1429440K), 0.0291010 secs] [Times: user=0.11 sys=0.00, real=0.02 secs] 
2014-07-08T14:45:26.073+0000: 1832.506: [GC [PSYoungGen: 742436K->1938K(715904K)] 932121K->192135K(1402880K), 0.0372590 secs] [Times: user=0.11 sys=0.00, real=0.03 secs] 
2014-07-08T14:45:32.081+0000: 1838.514: [GC [PSYoungGen: 715846K->1718K(689472K)] 906044K->192731K(1376448K), 0.0363250 secs] [Times: user=0.12 sys=0.01, real=0.04 secs] 
2014-07-08T14:45:39.072+0000: 1845.504: [GC [PSYoungGen: 689462K->1874K(664704K)] 880475K->193407K(1351680K), 0.0388980 secs] [Times: user=0.15 sys=0.00, real=0.04 secs] 
2014-07-08T14:45:45.726+0000: 1852.158: [GC [PSYoungGen: 664658K->1650K(640640K)] 856191K->193751K(1327616K), 0.0065460 secs] [Times: user=0.02 sys=0.00, real=0.00 secs] 
2014-07-08T14:45:52.203+0000: 1858.635: [GC [PSYoungGen: 640626K->1846K(618112K)] 832727K->194475K(1305088K), 0.0100970 secs] [Times: user=0.03 sys=0.00, real=0.01 secs] 
2014-07-08T14:45:58.508+0000: 1864.940: [GC [PSYoungGen: 618100K->1696K(596288K)] 810729K->194885K(1283264K), 0.0253110 secs] [Times: user=0.09 sys=0.00, real=0.02 secs] 
2014-07-08T14:46:04.268+0000: 1870.700: [GC [PSYoungGen: 596256K->1796K(575680K)] 789445K->195449K(1262656K), 0.0068830 secs] [Times: user=0.03 sys=0.00, real=0.00 secs] 
2014-07-08T14:46:09.891+0000: 1876.323: [GC [PSYoungGen: 575620K->1458K(555520K)] 769273K->195727K(1242496K), 0.0631070 secs] [Times: user=0.23 sys=0.01, real=0.06 secs] 
2014-07-08T14:46:15.724+0000: 1882.156: [GC [PSYoungGen: 555506K->1796K(537024K)] 749775K->196481K(1224000K), 0.0450570 secs] [Times: user=0.17 sys=0.01, real=0.05 secs] 
2014-07-08T14:46:21.310+0000: 1887.742: [GC [PSYoungGen: 536964K->1726K(518848K)] 731649K->197035K(1205824K), 0.0094070 secs] [Times: user=0.03 sys=0.00, real=0.01 secs] 
2014-07-08T14:46:26.539+0000: 1892.972: [GC [PSYoungGen: 518771K->1796K(501760K)] 714081K->197505K(1188736K), 0.0566880 secs] [Times: user=0.21 sys=0.01, real=0.06 secs] 
2014-07-08T14:46:31.524+0000: 1897.957: [GC [PSYoungGen: 501700K->1572K(485056K)] 697409K->197809K(1172032K), 0.0377220 secs] [Times: user=0.15 sys=0.00, real=0.04 secs] 
2014-07-08T14:46:36.528+0000: 1902.960: [GC [PSYoungGen: 485025K->1750K(469504K)] 681262K->198403K(1156480K), 0.0196630 secs] [Times: user=0.08 sys=0.00, real=0.02 secs] 
2014-07-08T14:46:41.552+0000: 1907.984: [GC [PSYoungGen: 469462K->1700K(454400K)] 666115K->198753K(1141376K), 0.0275140 secs] [Times: user=0.10 sys=0.00, real=0.03 secs] 
2014-07-08T14:46:46.038+0000: 1912.470: [GC [PSYoungGen: 454372K->1636K(439936K)] 651425K->199065K(1126912K), 0.0076610 secs] [Times: user=0.02 sys=0.00, real=0.01 secs] 
2014-07-08T14:46:50.456+0000: 1916.888: [GC [PSYoungGen: 439908K->1522K(426048K)] 637337K->199335K(1113024K), 0.0224040 secs] [Times: user=0.09 sys=0.01, real=0.02 secs] 
2014-07-08T14:46:54.836+0000: 1921.268: [GC [PSYoungGen: 426034K->1618K(412992K)] 623847K->199767K(1099968K), 0.0423400 secs] [Times: user=0.15 sys=0.00, real=0.04 secs] 
2014-07-08T14:46:59.294+0000: 1925.727: [GC [PSYoungGen: 412946K->1764K(400512K)] 611095K->200297K(1087488K), 0.0377130 secs] [Times: user=0.14 sys=0.00, real=0.04 secs] 
2014-07-08T14:47:03.430+0000: 1929.863: [GC [PSYoungGen: 400484K->1746K(388416K)] 599017K->200623K(1075392K), 0.0416070 secs] [Times: user=0.16 sys=0.00, real=0.04 secs] 
2014-07-08T14:47:07.515+0000: 1933.948: [GC [PSYoungGen: 388370K->1188K(376256K)] 587247K->200689K(1063232K), 0.0266700 secs] [Times: user=0.10 sys=0.00, real=0.03 secs] 
2014-07-08T14:47:11.154+0000: 1937.586: [GC [PSYoungGen: 376228K->1554K(365568K)] 575729K->201383K(1052544K), 0.0104020 secs] [Times: user=0.02 sys=0.00, real=0.01 secs] 
2014-07-08T14:47:14.896+0000: 1941.328: [GC [PSYoungGen: 365522K->1604K(355008K)] 565351K->201793K(1041984K), 0.0461730 secs] [Times: user=0.17 sys=0.00, real=0.05 secs] 
2014-07-08T14:47:18.405+0000: 1944.837: [GC [PSYoungGen: 354948K->1458K(344640K)] 555137K->201935K(1031616K), 0.0124450 secs] [Times: user=0.04 sys=0.00, real=0.01 secs] 
2014-07-08T14:47:21.666+0000: 1948.099: [GC [PSYoungGen: 344626K->1394K(334784K)] 545103K->202271K(1021760K), 0.0367520 secs] [Times: user=0.14 sys=0.00, real=0.04 secs] 
2014-07-08T14:47:25.051+0000: 1951.484: [GC [PSYoungGen: 334770K->1504K(325568K)] 535647K->202693K(1012544K), 0.0240160 secs] [Times: user=0.10 sys=0.00, real=0.02 secs] 
2014-07-08T14:47:28.183+0000: 1954.615: [GC [PSYoungGen: 325536K->1576K(316608K)] 526725K->203061K(1003584K), 0.0073250 secs] [Times: user=0.02 sys=0.00, real=0.01 secs] 
2014-07-08T14:47:31.182+0000: 1957.614: [GC [PSYoungGen: 316527K->1626K(308032K)] 518013K->203359K(995008K), 0.0060420 secs] [Times: user=0.02 sys=0.01, real=0.00 secs] 
2014-07-08T14:47:34.419+0000: 1960.852: [GC [PSYoungGen: 307994K->1266K(299392K)] 509727K->203471K(986368K), 0.0211970 secs] [Times: user=0.06 sys=0.01, real=0.02 secs] 
2014-07-08T14:47:37.296+0000: 1963.729: [GC [PSYoungGen: 299378K->1704K(291904K)] 501583K->204157K(978880K), 0.0473470 secs] [Times: user=0.18 sys=0.00, real=0.05 secs] 
2014-07-08T14:47:40.171+0000: 1966.604: [GC [PSYoungGen: 291826K->1402K(283904K)] 494279K->204327K(970880K), 0.0380220 secs] [Times: user=0.15 sys=0.00, real=0.04 secs] 
2014-07-08T14:47:43.435+0000: 1969.868: [GC [PSYoungGen: 283898K->1700K(340736K)] 486823K->204833K(1027712K), 0.0525050 secs] [Times: user=0.19 sys=0.00, real=0.05 secs] 
2014-07-08T14:47:46.499+0000: 1972.931: [GC [PSYoungGen: 340708K->1142K(408000K)] 543841K->204979K(1094976K), 0.0383750 secs] [Times: user=0.14 sys=0.01, real=0.04 secs] 
2014-07-08T14:47:50.203+0000: 1976.636: [GC [PSYoungGen: 407990K->1718K(489984K)] 611827K->205827K(1176960K), 0.0339600 secs] [Times: user=0.11 sys=0.00, real=0.03 secs] 
2014-07-08T14:47:55.148+0000: 1981.580: [GC [PSYoungGen: 489974K->1394K(473728K)] 694083K->206095K(1160704K), 0.0158900 secs] [Times: user=0.05 sys=0.00, real=0.01 secs] 
2014-07-08T14:47:59.121+0000: 1985.554: [GC [PSYoungGen: 473714K->1590K(458688K)] 678415K->206707K(1145664K), 0.0076770 secs] [Times: user=0.02 sys=0.00, real=0.01 secs] 
2014-07-08T14:48:01.126+0000: 1987.558: [GC [PSYoungGen: 458678K->1252K(443776K)] 663795K->206969K(1130752K), 0.0060360 secs] [Times: user=0.03 sys=0.00, real=0.00 secs] 
2014-07-08T14:48:05.672+0000: 1992.105: [GC [PSYoungGen: 443747K->1668K(430272K)] 649465K->207673K(1117248K), 0.0078420 secs] [Times: user=0.03 sys=0.00, real=0.01 secs] 
2014-07-08T14:48:09.768+0000: 1996.200: [GC [PSYoungGen: 430210K->1270K(416448K)] 636216K->207971K(1103424K), 0.0536700 secs] [Times: user=0.21 sys=0.00, real=0.05 secs] 
2014-07-08T14:48:13.936+0000: 2000.369: [GC [PSYoungGen: 416438K->1682K(404096K)] 623139K->208663K(1091072K), 0.0059190 secs] [Times: user=0.02 sys=0.00, real=0.01 secs] 
2014-07-08T14:48:18.098+0000: 2004.531: [GC [PSYoungGen: 404014K->1408K(391552K)] 610995K->208861K(1078528K), 0.0098890 secs] [Times: user=0.03 sys=0.00, real=0.01 secs] 
2014-07-08T14:48:22.011+0000: 2008.443: [GC [PSYoungGen: 391552K->1554K(380032K)] 599005K->209335K(1067008K), 0.0059060 secs] [Times: user=0.02 sys=0.00, real=0.00 secs] 
2014-07-08T14:48:26.018+0000: 2012.451: [GC [PSYoungGen: 379986K->1394K(368640K)] 587767K->209639K(1055616K), 0.0078660 secs] [Times: user=0.03 sys=0.00, real=0.01 secs] 
2014-07-08T14:48:29.779+0000: 2016.211: [GC [PSYoungGen: 368626K->1554K(358080K)] 576871K->210095K(1045056K), 0.0101600 secs] [Times: user=0.01 sys=0.00, real=0.01 secs] 
2014-07-08T14:48:33.152+0000: 2019.584: [GC [PSYoungGen: 358034K->1408K(347584K)] 566575K->210301K(1034560K), 0.0323320 secs] [Times: user=0.13 sys=0.00, real=0.03 secs] 
2014-07-08T14:48:36.509+0000: 2022.942: [GC [PSYoungGen: 347584K->1558K(337856K)] 556477K->210755K(1024832K), 0.0073620 secs] [Times: user=0.03 sys=0.00, real=0.01 secs] 
2014-07-08T14:48:40.290+0000: 2026.722: [GC [PSYoungGen: 337750K->1266K(328064K)] 546948K->210959K(1015040K), 0.0221090 secs] [Times: user=0.08 sys=0.00, real=0.03 secs] 
2014-07-08T14:48:43.921+0000: 2030.354: [GC [PSYoungGen: 328050K->1536K(319232K)] 537743K->211477K(1006208K), 0.0286190 secs] [Times: user=0.10 sys=0.00, real=0.03 secs] 
2014-07-08T14:48:48.129+0000: 2034.561: [GC [PSYoungGen: 319232K->1448K(310400K)] 529173K->211837K(997376K), 0.0084730 secs] [Times: user=0.03 sys=0.00, real=0.01 secs] 
2014-07-08T14:48:48.451+0000: 2034.883: [GC [PSYoungGen: 310376K->1366K(372160K)] 520765K->212043K(1059136K), 0.0313230 secs] [Times: user=0.11 sys=0.00, real=0.04 secs] 
2014-07-08T14:48:50.724+0000: 2037.156: [GC [PSYoungGen: 372118K->1380K(446336K)] 582795K->212273K(1133312K), 0.0245850 secs] [Times: user=0.10 sys=0.00, real=0.02 secs] 
2014-07-08T14:48:55.009+0000: 2041.441: [GC [PSYoungGen: 446293K->1850K(535808K)] 657187K->212991K(1222784K), 0.0407520 secs] [Times: user=0.14 sys=0.01, real=0.04 secs] 
2014-07-08T14:49:00.679+0000: 2047.112: [GC [PSYoungGen: 535802K->1014K(641792K)] 746943K->213251K(1328768K), 0.0444510 secs] [Times: user=0.16 sys=0.00, real=0.05 secs] 
2014-07-08T14:49:07.226+0000: 2053.658: [GC [PSYoungGen: 641782K->1924K(770944K)] 854019K->214577K(1457920K), 0.0137070 secs] [Times: user=0.03 sys=0.01, real=0.01 secs] 
2014-07-08T14:49:15.819+0000: 2062.251: [GC [PSYoungGen: 770884K->1508K(924288K)] 983537K->215137K(1611264K), 0.0437640 secs] [Times: user=0.17 sys=0.00, real=0.04 secs] 
2014-07-08T14:49:24.911+0000: 2071.344: [GC [PSYoungGen: 924260K->2166K(888896K)] 1137889K->216427K(1575872K), 0.0252330 secs] [Times: user=0.09 sys=0.00, real=0.02 secs] 
2014-07-08T14:49:32.338+0000: 2078.770: [GC [PSYoungGen: 888846K->1330K(853760K)] 1103108K->216943K(1540736K), 0.0469600 secs] [Times: user=0.17 sys=0.01, real=0.05 secs] 
2014-07-08T14:49:38.565+0000: 2084.997: [GC [PSYoungGen: 853746K->1906K(821632K)] 1069359K->218151K(1508608K), 0.0435830 secs] [Times: user=0.16 sys=0.00, real=0.04 secs] 
2014-07-08T14:49:55.682+0000: 2102.115: [GC [PSYoungGen: 821618K->1472K(790016K)] 1037863K->218341K(1476992K), 0.0057330 secs] [Times: user=0.02 sys=0.00, real=0.00 secs] 
2014-07-08T14:49:58.304+0000: 2104.736: [GC [PSYoungGen: 790016K->1668K(760576K)] 1006885K->218937K(1447552K), 0.0267170 secs] [Times: user=0.07 sys=0.01, real=0.02 secs] 
2014-07-08T14:50:04.890+0000: 2111.322: [GC [PSYoungGen: 760516K->1988K(732608K)] 977785K->219641K(1419584K), 0.0523020 secs] [Times: user=0.20 sys=0.00, real=0.05 secs] 
2014-07-08T14:51:03.737+0000: 2170.169: [GC [PSYoungGen: 732548K->1878K(705536K)] 950201K->220139K(1392512K), 0.0077780 secs] [Times: user=0.02 sys=0.00, real=0.01 secs] 
2014-07-08T14:51:04.517+0000: 2170.949: [GC [PSYoungGen: 705494K->1344K(845696K)] 923755K->220093K(1532672K), 0.0336990 secs] [Times: user=0.13 sys=0.00, real=0.03 secs] 
2014-07-08T14:51:11.391+0000: 2177.823: [GC [PSYoungGen: 845696K->2088K(1015360K)] 1064445K->221021K(1702336K), 0.0338950 secs] [Times: user=0.13 sys=0.00, real=0.04 secs] 
2014-07-08T14:51:21.270+0000: 2187.703: [GC [PSYoungGen: 1015293K->1586K(974464K)] 1234227K->221719K(1661440K), 0.0332870 secs] [Times: user=0.13 sys=0.00, real=0.03 secs] 
2014-07-08T14:51:31.290+0000: 2197.722: [GC [PSYoungGen: 974450K->2290K(936768K)] 1194583K->223207K(1623744K), 0.0533320 secs] [Times: user=0.19 sys=0.01, real=0.05 secs] 
2014-07-08T14:51:40.563+0000: 2206.996: [GC [PSYoungGen: 936754K->1792K(899648K)] 1157671K->223581K(1586624K), 0.0196260 secs] [Times: user=0.08 sys=0.00, real=0.02 secs] 
2014-07-08T14:51:50.226+0000: 2216.659: [GC [PSYoungGen: 899621K->2202K(865216K)] 1121411K->224711K(1552192K), 0.0283970 secs] [Times: user=0.10 sys=0.01, real=0.03 secs] 
2014-07-08T14:51:59.153+0000: 2225.585: [GC [PSYoungGen: 865178K->1924K(831744K)] 1087687K->225169K(1518720K), 0.0173610 secs] [Times: user=0.06 sys=0.01, real=0.01 secs] 
2014-07-08T14:52:04.179+0000: 2230.611: [GC [PSYoungGen: 831684K->1874K(800064K)] 1054929K->225807K(1487040K), 0.0176860 secs] [Times: user=0.06 sys=0.01, real=0.02 secs] 
2014-07-08T14:52:10.412+0000: 2236.844: [GC [PSYoungGen: 800018K->1604K(769664K)] 1023951K->226153K(1456640K), 0.0063170 secs] [Times: user=0.02 sys=0.00, real=0.01 secs] 
2014-07-08T14:52:16.269+0000: 2242.701: [GC [PSYoungGen: 769604K->1842K(741120K)] 994153K->226871K(1428096K), 0.0200390 secs] [Times: user=0.07 sys=0.00, real=0.02 secs] 
2014-07-08T14:52:23.784+0000: 2250.216: [GC [PSYoungGen: 741106K->2056K(713984K)] 966135K->227701K(1400960K), 0.0445460 secs] [Times: user=0.17 sys=0.00, real=0.05 secs] 
2014-07-08T14:52:47.563+0000: 2273.995: [GC [PSYoungGen: 713925K->1778K(687552K)] 939571K->227983K(1374528K), 0.0088920 secs] [Times: user=0.03 sys=0.01, real=0.01 secs] 
2014-07-08T14:52:48.282+0000: 2274.714: [GC [PSYoungGen: 687538K->1508K(662400K)] 913743K->228233K(1349376K), 0.0075660 secs] [Times: user=0.02 sys=0.00, real=0.01 secs] 
2014-07-08T14:52:51.284+0000: 2277.716: [GC [PSYoungGen: 662372K->1682K(638848K)] 889097K->228663K(1325824K), 0.0099070 secs] [Times: user=0.04 sys=0.01, real=0.01 secs] 
2014-07-08T14:52:57.429+0000: 2283.862: [GC [PSYoungGen: 638802K->1828K(616320K)] 865783K->229225K(1303296K), 0.0076760 secs] [Times: user=0.03 sys=0.00, real=0.01 secs] 
2014-07-08T14:53:03.704+0000: 2290.136: [GC [PSYoungGen: 616292K->1910K(594752K)] 843689K->229827K(1281728K), 0.0252860 secs] [Times: user=0.10 sys=0.00, real=0.02 secs] 
2014-07-08T14:53:09.915+0000: 2296.347: [GC [PSYoungGen: 594742K->1522K(573760K)] 822659K->230103K(1260736K), 0.0267210 secs] [Times: user=0.10 sys=0.01, real=0.03 secs] 
2014-07-08T14:53:15.714+0000: 2302.146: [GC [PSYoungGen: 573746K->1714K(554240K)] 802327K->230751K(1241216K), 0.0116350 secs] [Times: user=0.03 sys=0.00, real=0.01 secs] 
2014-07-08T14:53:21.300+0000: 2307.732: [GC [PSYoungGen: 554226K->1764K(535488K)] 783263K->231297K(1222464K), 0.0369860 secs] [Times: user=0.11 sys=0.00, real=0.04 secs] 
2014-07-08T14:53:27.887+0000: 2314.319: [GC [PSYoungGen: 535460K->1554K(517312K)] 764993K->231543K(1204288K), 0.0081310 secs] [Times: user=0.02 sys=0.00, real=0.01 secs] 
2014-07-08T14:53:29.325+0000: 2315.757: [GC [PSYoungGen: 517258K->1654K(500224K)] 747248K->232019K(1187200K), 0.0305950 secs] [Times: user=0.11 sys=0.00, real=0.04 secs] 
2014-07-08T14:53:34.332+0000: 2320.765: [GC [PSYoungGen: 500136K->1896K(484096K)] 730502K->232493K(1171072K), 0.0324310 secs] [Times: user=0.13 sys=0.00, real=0.03 secs] 
2014-07-08T14:53:41.059+0000: 2327.491: [GC [PSYoungGen: 484072K->1458K(467968K)] 714669K->232551K(1154944K), 0.0068980 secs] [Times: user=0.02 sys=0.01, real=0.00 secs] 
2014-07-08T14:53:41.567+0000: 2327.999: [GC [PSYoungGen: 467954K->1376K(561216K)] 699047K->232853K(1248192K), 0.0260060 secs] [Times: user=0.09 sys=0.00, real=0.03 secs] 
2014-07-08T14:53:46.007+0000: 2332.439: [GC [PSYoungGen: 561184K->1778K(673600K)] 792661K->233415K(1360576K), 0.0263220 secs] [Times: user=0.10 sys=0.00, real=0.03 secs] 
2014-07-08T14:53:52.778+0000: 2339.210: [GC [PSYoungGen: 673586K->1828K(808064K)] 905223K->233929K(1495040K), 0.0245100 secs] [Times: user=0.09 sys=0.01, real=0.03 secs] 
2014-07-08T14:54:00.422+0000: 2346.854: [GC [PSYoungGen: 808036K->1252K(968768K)] 1040137K->234605K(1655744K), 0.0468990 secs] [Times: user=0.18 sys=0.00, real=0.04 secs] 
2014-07-08T14:54:05.502+0000: 2351.934: [GC [PSYoungGen: 968739K->2024K(931392K)] 1202092K->235961K(1618368K), 0.0150570 secs] [Times: user=0.04 sys=0.00, real=0.01 secs] 
2014-07-08T14:54:13.064+0000: 2359.497: [GC [PSYoungGen: 931368K->1856K(894848K)] 1165305K->236457K(1581824K), 0.0098730 secs] [Times: user=0.03 sys=0.00, real=0.01 secs] 
2014-07-08T14:54:20.310+0000: 2366.742: [GC [PSYoungGen: 894848K->1910K(860288K)] 1129449K->237159K(1547264K), 0.0081260 secs] [Times: user=0.03 sys=0.00, real=0.01 secs] 
2014-07-08T14:54:27.423+0000: 2373.855: [GC [PSYoungGen: 860278K->1778K(827200K)] 1095527K->237651K(1514176K), 0.0300520 secs] [Times: user=0.11 sys=0.00, real=0.03 secs] 
2014-07-08T14:54:33.981+0000: 2380.413: [GC [PSYoungGen: 827186K->1874K(795904K)] 1063059K->238331K(1482880K), 0.0137030 secs] [Times: user=0.04 sys=0.00, real=0.01 secs] 
2014-07-08T14:54:40.856+0000: 2387.288: [GC [PSYoungGen: 795858K->1850K(765888K)] 1032315K->239083K(1452864K), 0.0439370 secs] [Times: user=0.17 sys=0.00, real=0.05 secs] 
2014-07-08T14:54:46.960+0000: 2393.393: [GC [PSYoungGen: 765832K->2038K(737536K)] 1003066K->239799K(1424512K), 0.0153410 secs] [Times: user=0.05 sys=0.00, real=0.01 secs] 
2014-07-08T14:54:54.365+0000: 2400.797: [GC [PSYoungGen: 737480K->1914K(710208K)] 975242K->240315K(1397184K), 0.0098140 secs] [Times: user=0.03 sys=0.00, real=0.01 secs] 
2014-07-08T14:55:00.772+0000: 2407.204: [GC [PSYoungGen: 710202K->1796K(684224K)] 948603K->240741K(1371200K), 0.0299710 secs] [Times: user=0.10 sys=0.00, real=0.03 secs] 
2014-07-08T14:55:06.226+0000: 2412.658: [GC [PSYoungGen: 684164K->1746K(659456K)] 923109K->241219K(1346432K), 0.0373460 secs] [Times: user=0.13 sys=0.01, real=0.04 secs] 
2014-07-08T14:55:11.747+0000: 2418.179: [GC [PSYoungGen: 659381K->1732K(635840K)] 898855K->241669K(1322816K), 0.0227770 secs] [Times: user=0.08 sys=0.00, real=0.02 secs] 
2014-07-08T14:55:17.277+0000: 2423.709: [GC [PSYoungGen: 635780K->1828K(613376K)] 875717K->242253K(1300352K), 0.0115870 secs] [Times: user=0.05 sys=0.01, real=0.01 secs] 
2014-07-08T14:55:22.574+0000: 2429.007: [GC [PSYoungGen: 613348K->1700K(591744K)] 853773K->242573K(1278720K), 0.0188360 secs] [Times: user=0.07 sys=0.00, real=0.02 secs] 
2014-07-08T14:55:27.577+0000: 2434.009: [GC [PSYoungGen: 591716K->1696K(571264K)] 832589K->243057K(1258240K), 0.0112190 secs] [Times: user=0.04 sys=0.00, real=0.01 secs] 
2014-07-08T14:56:37.344+0000: 2503.777: [GC [PSYoungGen: 571232K->1750K(551744K)] 812593K->243511K(1238720K), 0.0090540 secs] [Times: user=0.02 sys=0.01, real=0.01 secs] 
2014-07-08T14:56:37.898+0000: 2504.331: [GC [PSYoungGen: 551702K->1508K(532800K)] 793463K->243669K(1219776K), 0.0108730 secs] [Times: user=0.03 sys=0.01, real=0.01 secs] 
2014-07-08T14:56:46.735+0000: 2513.167: [GC [PSYoungGen: 532712K->1572K(515008K)] 774874K->243893K(1201984K), 0.0098400 secs] [Times: user=0.04 sys=0.00, real=0.01 secs] 
2014-07-08T14:57:27.158+0000: 2553.590: [GC [PSYoungGen: 514980K->1522K(497856K)] 757301K->244139K(1184832K), 0.0225370 secs] [Times: user=0.08 sys=0.00, real=0.02 secs] 
2014-07-08T14:57:27.683+0000: 2554.116: [GC [PSYoungGen: 497842K->1544K(597184K)] 740459K->244465K(1284160K), 0.0409190 secs] [Times: user=0.15 sys=0.00, real=0.04 secs] 
2014-07-08T14:57:29.308+0000: 2555.741: [GC [PSYoungGen: 597049K->1622K(716416K)] 839971K->244687K(1403392K), 0.0064770 secs] [Times: user=0.03 sys=0.00, real=0.01 secs] 
2014-07-08T14:57:33.068+0000: 2559.500: [GC [PSYoungGen: 716374K->2084K(859840K)] 959439K->245461K(1546816K), 0.0074880 secs] [Times: user=0.03 sys=0.00, real=0.01 secs] 
2014-07-08T14:57:38.835+0000: 2565.267: [GC [PSYoungGen: 859812K->1394K(1030720K)] 1103189K->245475K(1717696K), 0.0258770 secs] [Times: user=0.09 sys=0.01, real=0.02 secs] 
2014-07-08T14:57:49.154+0000: 2575.586: [GC [PSYoungGen: 1030706K->2166K(990336K)] 1274787K->246775K(1677312K), 0.0305350 secs] [Times: user=0.11 sys=0.01, real=0.04 secs] 
2014-07-08T14:57:59.487+0000: 2585.919: [GC [PSYoungGen: 990252K->1700K(950720K)] 1234862K->247437K(1637696K), 0.0418210 secs] [Times: user=0.16 sys=0.00, real=0.04 secs] 
2014-07-08T14:58:09.866+0000: 2596.299: [GC [PSYoungGen: 950692K->2212K(913920K)] 1196429K->248749K(1600896K), 0.0390520 secs] [Times: user=0.14 sys=0.01, real=0.04 secs] 
2014-07-08T14:58:39.673+0000: 2626.106: [GC [PSYoungGen: 913886K->1888K(878080K)] 1160424K->249281K(1565056K), 0.0130810 secs] [Times: user=0.04 sys=0.00, real=0.01 secs] 
2014-07-08T14:59:04.557+0000: 2650.990: [GC [PSYoungGen: 878048K->1686K(844096K)] 1125441K->249799K(1531072K), 0.0083950 secs] [Times: user=0.02 sys=0.00, real=0.00 secs] 
2014-07-08T15:00:12.324+0000: 2718.756: [GC [PSYoungGen: 844054K->1814K(812032K)] 1092167K->250247K(1499008K), 0.0132120 secs] [Times: user=0.02 sys=0.00, real=0.02 secs] 
2014-07-08T15:00:13.172+0000: 2719.604: [GC [PSYoungGen: 811990K->1540K(781056K)] 1060423K->250485K(1468032K), 0.0056800 secs] [Times: user=0.02 sys=0.00, real=0.01 secs] 
2014-07-08T15:00:17.585+0000: 2724.018: [GC [PSYoungGen: 780993K->1842K(752064K)] 1029939K->251035K(1439040K), 0.0084150 secs] [Times: user=0.02 sys=0.00, real=0.01 secs] 
2014-07-08T15:00:23.797+0000: 2730.230: [GC [PSYoungGen: 752049K->2020K(724352K)] 1001243K->251797K(1411328K), 0.0112500 secs] [Times: user=0.04 sys=0.01, real=0.02 secs] 
2014-07-08T15:00:29.652+0000: 2736.084: [GC [PSYoungGen: 724324K->1526K(697280K)] 974101K->252151K(1384256K), 0.0386990 secs] [Times: user=0.15 sys=0.00, real=0.04 secs] 
2014-07-08T15:00:35.266+0000: 2741.699: [GC [PSYoungGen: 697270K->1988K(672448K)] 947895K->253069K(1359424K), 0.0342420 secs] [Times: user=0.14 sys=0.00, real=0.04 secs] 
2014-07-08T15:00:52.061+0000: 2758.494: [GC [PSYoungGen: 672388K->1800K(648064K)] 923469K->253457K(1335040K), 0.0076800 secs] [Times: user=0.02 sys=0.00, real=0.01 secs] 
2014-07-08T15:00:52.778+0000: 2759.211: [GC [PSYoungGen: 648008K->1380K(624576K)] 899665K->253493K(1311552K), 0.0103020 secs] [Times: user=0.02 sys=0.00, real=0.01 secs] 
2014-07-08T15:00:56.675+0000: 2763.107: [GC [PSYoungGen: 624451K->1778K(602944K)] 876565K->254083K(1289920K), 0.0250580 secs] [Times: user=0.10 sys=0.00, real=0.02 secs] 
2014-07-08T15:01:01.377+0000: 2767.809: [GC [PSYoungGen: 602930K->1568K(581760K)] 855235K->254305K(1268736K), 0.0075170 secs] [Times: user=0.02 sys=0.00, real=0.01 secs] 
2014-07-08T15:01:06.398+0000: 2772.830: [GC [PSYoungGen: 581728K->1636K(561792K)] 834465K->254821K(1248768K), 0.0277700 secs] [Times: user=0.10 sys=0.00, real=0.03 secs] 
2014-07-08T15:01:11.010+0000: 2777.443: [GC [PSYoungGen: 561764K->1650K(542656K)] 814949K->255251K(1229632K), 0.0091390 secs] [Times: user=0.03 sys=0.00, real=0.01 secs] 
2014-07-08T15:01:15.620+0000: 2782.052: [GC [PSYoungGen: 542642K->1810K(524544K)] 796243K->255859K(1211520K), 0.0289750 secs] [Times: user=0.11 sys=0.00, real=0.03 secs] 
2014-07-08T15:01:20.172+0000: 2786.604: [GC [PSYoungGen: 524498K->1700K(506944K)] 778547K->256165K(1193920K), 0.0284700 secs] [Times: user=0.10 sys=0.00, real=0.03 secs] 
2014-07-08T15:01:23.014+0000: 2789.447: [GC [PSYoungGen: 506910K->1316K(489856K)] 761376K->256333K(1176832K), 0.0072190 secs] [Times: user=0.02 sys=0.00, real=0.01 secs] 
2014-07-08T15:01:51.821+0000: 2818.253: [GC [PSYoungGen: 489828K->1586K(474176K)] 744845K->256971K(1161152K), 0.0270270 secs] [Times: user=0.10 sys=0.00, real=0.03 secs] 
2014-07-08T15:01:52.288+0000: 2818.720: [GC [PSYoungGen: 474162K->1398K(568512K)] 729547K->257159K(1255488K), 0.0268810 secs] [Times: user=0.10 sys=0.01, real=0.03 secs] 
2014-07-08T15:01:54.183+0000: 2820.615: [GC [PSYoungGen: 568502K->1490K(682112K)] 824263K->257395K(1369088K), 0.0361430 secs] [Times: user=0.12 sys=0.01, real=0.03 secs] 
2014-07-08T15:02:00.824+0000: 2827.256: [GC [PSYoungGen: 682066K->1846K(818560K)] 937971K->257999K(1505536K), 0.0313300 secs] [Times: user=0.12 sys=0.00, real=0.03 secs] 
2014-07-08T15:02:08.932+0000: 2835.364: [GC [PSYoungGen: 818550K->1860K(982016K)] 1074703K->258605K(1668992K), 0.0080380 secs] [Times: user=0.02 sys=0.01, real=0.01 secs] 
2014-07-08T15:02:19.235+0000: 2845.667: [GC [PSYoungGen: 981956K->1138K(942464K)] 1238701K->259235K(1629440K), 0.0262450 secs] [Times: user=0.10 sys=0.00, real=0.03 secs] 
2014-07-08T15:02:28.731+0000: 2855.164: [GC [PSYoungGen: 942450K->2144K(906560K)] 1200547K->261033K(1593536K), 0.0082270 secs] [Times: user=0.03 sys=0.00, real=0.01 secs] 
2014-07-08T15:02:37.906+0000: 2864.338: [GC [PSYoungGen: 906528K->1970K(871232K)] 1165417K->261795K(1558208K), 0.0692770 secs] [Times: user=0.27 sys=0.00, real=0.07 secs] 
2014-07-08T15:02:45.647+0000: 2872.079: [GC [PSYoungGen: 871218K->1906K(837696K)] 1131043K->262507K(1524672K), 0.0278050 secs] [Times: user=0.10 sys=0.00, real=0.03 secs] 
2014-07-08T15:02:54.194+0000: 2880.627: [GC [PSYoungGen: 837682K->1920K(805760K)] 1098283K->263201K(1492736K), 0.0263360 secs] [Times: user=0.10 sys=0.00, real=0.03 secs] 
2014-07-08T15:03:02.585+0000: 2889.017: [GC [PSYoungGen: 805760K->1974K(775424K)] 1067041K->263911K(1462400K), 0.0091240 secs] [Times: user=0.03 sys=0.01, real=0.01 secs] 
2014-07-08T15:03:10.851+0000: 2897.283: [GC [PSYoungGen: 775414K->1778K(746240K)] 1037351K->264387K(1433216K), 0.0271040 secs] [Times: user=0.09 sys=0.01, real=0.03 secs] 
2014-07-08T15:03:18.242+0000: 2904.674: [GC [PSYoungGen: 746226K->1760K(718592K)] 1008835K->264993K(1405568K), 0.0406050 secs] [Times: user=0.14 sys=0.00, real=0.04 secs] 
2014-07-08T15:03:25.611+0000: 2912.043: [GC [PSYoungGen: 718560K->1842K(692352K)] 981793K->265659K(1379328K), 0.0295060 secs] [Times: user=0.11 sys=0.00, real=0.03 secs] 
2014-07-08T15:03:32.491+0000: 2918.923: [GC [PSYoungGen: 692338K->1796K(667264K)] 956155K->266237K(1354240K), 0.0377690 secs] [Times: user=0.14 sys=0.00, real=0.04 secs] 
2014-07-08T15:03:39.035+0000: 2925.467: [GC [PSYoungGen: 667201K->1778K(643264K)] 931643K->266755K(1330240K), 0.0415260 secs] [Times: user=0.16 sys=0.00, real=0.04 secs] 
2014-07-08T15:03:44.945+0000: 2931.377: [GC [PSYoungGen: 643186K->1860K(620544K)] 908164K->267357K(1307520K), 0.0575810 secs] [Times: user=0.21 sys=0.00, real=0.06 secs] 
2014-07-08T15:03:51.072+0000: 2937.504: [GC [PSYoungGen: 620482K->1586K(598400K)] 885980K->267992K(1285376K), 0.0328380 secs] [Times: user=0.13 sys=0.00, real=0.03 secs] 
2014-07-08T15:03:57.129+0000: 2943.562: [GC [PSYoungGen: 598386K->2120K(578176K)] 864792K->269038K(1265152K), 0.0412880 secs] [Times: user=0.16 sys=0.00, real=0.05 secs] 
2014-07-08T15:04:03.014+0000: 2949.446: [GC [PSYoungGen: 578118K->1778K(557952K)] 845036K->269224K(1244928K), 0.0311290 secs] [Times: user=0.12 sys=0.00, real=0.03 secs] 
2014-07-08T15:04:08.653+0000: 2955.085: [GC [PSYoungGen: 557932K->1636K(538880K)] 825378K->269546K(1225856K), 0.0094700 secs] [Times: user=0.03 sys=0.00, real=0.01 secs] 
2014-07-08T15:04:13.965+0000: 2960.397: [GC [PSYoungGen: 538852K->1828K(520960K)] 806762K->270178K(1207936K), 0.0262630 secs] [Times: user=0.09 sys=0.01, real=0.02 secs] 
2014-07-08T15:04:18.568+0000: 2965.000: [GC [PSYoungGen: 520932K->1800K(503616K)] 789282K->270606K(1190592K), 0.0604780 secs] [Times: user=0.21 sys=0.00, real=0.06 secs] 
2014-07-08T15:04:22.665+0000: 2969.097: [GC [PSYoungGen: 503470K->1654K(486912K)] 772276K->270828K(1173888K), 0.0246120 secs] [Times: user=0.09 sys=0.00, real=0.02 secs] 
2014-07-08T15:04:26.679+0000: 2973.112: [GC [PSYoungGen: 486902K->1700K(471168K)] 756076K->271306K(1158144K), 0.0267520 secs] [Times: user=0.07 sys=0.00, real=0.03 secs] 
2014-07-08T15:04:30.164+0000: 2976.596: [GC [PSYoungGen: 471138K->1522K(455872K)] 740744K->271440K(1142848K), 0.0166190 secs] [Times: user=0.06 sys=0.00, real=0.02 secs] 
2014-07-08T15:04:33.791+0000: 2980.223: [GC [PSYoungGen: 455858K->1800K(441728K)] 725776K->272030K(1128704K), 0.0207360 secs] [Times: user=0.07 sys=0.01, real=0.02 secs] 
2014-07-08T15:04:37.619+0000: 2984.052: [GC [PSYoungGen: 441672K->1636K(427712K)] 711902K->272226K(1114688K), 0.0108520 secs] [Times: user=0.02 sys=0.01, real=0.01 secs] 
2014-07-08T15:04:41.087+0000: 2987.520: [GC [PSYoungGen: 427682K->1490K(414336K)] 698272K->272400K(1101312K), 0.0072810 secs] [Times: user=0.02 sys=0.00, real=0.00 secs] 
2014-07-08T15:04:44.328+0000: 2990.761: [GC [PSYoungGen: 414290K->1440K(401600K)] 685200K->272654K(1088576K), 0.0332570 secs] [Times: user=0.10 sys=0.00, real=0.03 secs] 
2014-07-08T15:04:47.726+0000: 2994.158: [GC [PSYoungGen: 401568K->1586K(389568K)] 672782K->273096K(1076544K), 0.0066440 secs] [Times: user=0.02 sys=0.00, real=0.01 secs] 
2014-07-08T15:04:50.923+0000: 2997.355: [GC [PSYoungGen: 389554K->1654K(377984K)] 661064K->273460K(1064960K), 0.0508310 secs] [Times: user=0.19 sys=0.00, real=0.05 secs] 
2014-07-08T15:04:53.912+0000: 3000.345: [GC [PSYoungGen: 377969K->1654K(366848K)] 649775K->273756K(1053824K), 0.0260010 secs] [Times: user=0.09 sys=0.00, real=0.02 secs] 
2014-07-08T15:04:57.273+0000: 3003.705: [GC [PSYoungGen: 366838K->1572K(356096K)] 638940K->273962K(1043072K), 0.0129630 secs] [Times: user=0.05 sys=0.01, real=0.01 secs] 
2014-07-08T15:05:04.447+0000: 3010.879: [GC [PSYoungGen: 356022K->1508K(345792K)] 628412K->274186K(1032768K), 0.0079720 secs] [Times: user=0.02 sys=0.01, real=0.01 secs] 
2014-07-08T15:05:04.809+0000: 3011.242: [GC [PSYoungGen: 345764K->1430K(414592K)] 618442K->274372K(1101568K), 0.0098090 secs] [Times: user=0.03 sys=0.00, real=0.01 secs] 
2014-07-08T15:05:05.439+0000: 3011.872: [GC [PSYoungGen: 414550K->1298K(497088K)] 687492K->274384K(1184064K), 0.0059960 secs] [Times: user=0.02 sys=0.00, real=0.01 secs] 
2014-07-08T15:05:08.810+0000: 3015.242: [GC [PSYoungGen: 497042K->1604K(596608K)] 770128K->274850K(1283584K), 0.0390700 secs] [Times: user=0.11 sys=0.01, real=0.04 secs] 
2014-07-08T15:05:25.083+0000: 3031.515: [GC [PSYoungGen: 596548K->1892K(576128K)] 869794K->275530K(1263104K), 0.0343980 secs] [Times: user=0.13 sys=0.00, real=0.04 secs] 
2014-07-08T15:05:37.075+0000: 3043.507: [GC [PSYoungGen: 576100K->1088K(555520K)] 849738K->275534K(1242496K), 0.0190410 secs] [Times: user=0.06 sys=0.01, real=0.02 secs] 
2014-07-08T15:05:37.712+0000: 3044.144: [GC [PSYoungGen: 555520K->1312K(536896K)] 829966K->276070K(1223872K), 0.0086920 secs] [Times: user=0.02 sys=0.00, real=0.01 secs] 
2014-07-08T15:05:42.002+0000: 3048.435: [GC [PSYoungGen: 536808K->1682K(519232K)] 811566K->276648K(1206208K), 0.0062360 secs] [Times: user=0.02 sys=0.00, real=0.01 secs] 
2014-07-08T15:05:46.284+0000: 3052.716: [GC [PSYoungGen: 519186K->1682K(502016K)] 794152K->277184K(1188992K), 0.0355680 secs] [Times: user=0.13 sys=0.00, real=0.04 secs] 
2014-07-08T15:05:50.255+0000: 3056.687: [GC [PSYoungGen: 501873K->1216K(485056K)] 777375K->277350K(1172032K), 0.0292590 secs] [Times: user=0.12 sys=0.00, real=0.03 secs] 
2014-07-08T15:05:54.285+0000: 3060.718: [GC [PSYoungGen: 485056K->1714K(469824K)] 761190K->278184K(1156800K), 0.0288920 secs] [Times: user=0.10 sys=0.00, real=0.03 secs] 
2014-07-08T15:05:59.260+0000: 3065.692: [GC [PSYoungGen: 469810K->1408K(454464K)] 746280K->278286K(1141440K), 0.0355040 secs] [Times: user=0.12 sys=0.01, real=0.03 secs] 
2014-07-08T15:05:59.732+0000: 3066.165: [GC [PSYoungGen: 454459K->1366K(545088K)] 731337K->278604K(1232064K), 0.0130060 secs] [Times: user=0.03 sys=0.00, real=0.01 secs] 
2014-07-08T15:06:03.118+0000: 3069.550: [GC [PSYoungGen: 545046K->1590K(654016K)] 822284K->279116K(1340992K), 0.0651830 secs] [Times: user=0.25 sys=0.01, real=0.07 secs] 
2014-07-08T15:06:09.831+0000: 3076.264: [GC [PSYoungGen: 654005K->1910K(784832K)] 931531K->279812K(1471808K), 0.0538240 secs] [Times: user=0.21 sys=0.00, real=0.05 secs] 
2014-07-08T15:06:18.094+0000: 3084.526: [GC [PSYoungGen: 784822K->1024K(754496K)] 1062724K->280142K(1441472K), 0.0099960 secs] [Times: user=0.03 sys=0.00, real=0.01 secs] 
2014-07-08T15:06:26.021+0000: 3092.453: [GC [PSYoungGen: 754496K->2116K(727616K)] 1033614K->281858K(1414592K), 0.0292790 secs] [Times: user=0.11 sys=0.00, real=0.03 secs] 
2014-07-08T15:06:28.965+0000: 3095.398: [GC [PSYoungGen: 727556K->1714K(700416K)] 1007298K->282256K(1387392K), 0.0354110 secs] [Times: user=0.14 sys=0.01, real=0.03 secs] 
2014-07-08T15:06:35.841+0000: 3102.274: [GC [PSYoungGen: 700402K->1960K(675200K)] 980944K->282902K(1362176K), 0.0228500 secs] [Times: user=0.08 sys=0.00, real=0.03 secs] 
2014-07-08T15:07:01.951+0000: 3128.383: [GC [PSYoungGen: 675176K->1664K(650560K)] 956118K->283174K(1337536K), 0.0189450 secs] [Times: user=0.06 sys=0.00, real=0.02 secs] 
2014-07-08T15:07:02.636+0000: 3129.069: [GC [PSYoungGen: 650560K->1412K(627200K)] 932070K->283378K(1314176K), 0.0062700 secs] [Times: user=0.03 sys=0.00, real=0.01 secs] 
2014-07-08T15:07:08.479+0000: 3134.912: [GC [PSYoungGen: 627140K->1476K(605120K)] 909106K->283626K(1292096K), 0.0076720 secs] [Times: user=0.02 sys=0.00, real=0.00 secs] 
2014-07-08T15:07:10.576+0000: 3137.009: [GC [PSYoungGen: 605060K->1540K(584064K)] 887210K->283978K(1271040K), 0.0114100 secs] [Times: user=0.04 sys=0.00, real=0.01 secs] 
2014-07-08T15:07:16.865+0000: 3143.297: [GC [PSYoungGen: 583997K->1760K(564096K)] 866435K->284478K(1251072K), 0.0345490 secs] [Times: user=0.13 sys=0.00, real=0.03 secs] 
2014-07-08T15:07:22.728+0000: 3149.160: [GC [PSYoungGen: 564064K->1824K(544896K)] 846782K->285054K(1231872K), 0.0331530 secs] [Times: user=0.13 sys=0.00, real=0.03 secs] 
2014-07-08T15:07:28.239+0000: 3154.671: [GC [PSYoungGen: 544864K->1408K(526080K)] 828094K->285278K(1213056K), 0.0266600 secs] [Times: user=0.10 sys=0.01, real=0.03 secs] 
2014-07-08T15:07:33.666+0000: 3160.098: [GC [PSYoungGen: 526076K->1892K(509056K)] 809946K->286138K(1196032K), 0.0229410 secs] [Times: user=0.09 sys=0.00, real=0.02 secs] 
2014-07-08T15:07:38.643+0000: 3165.075: [GC [PSYoungGen: 509025K->1700K(492096K)] 793271K->286426K(1179072K), 0.0298590 secs] [Times: user=0.11 sys=0.00, real=0.03 secs] 
2014-07-08T15:07:43.282+0000: 3169.715: [GC [PSYoungGen: 492061K->1846K(476160K)] 776787K->286972K(1163136K), 0.0403010 secs] [Times: user=0.14 sys=0.00, real=0.04 secs] 
2014-07-08T15:07:47.806+0000: 3174.238: [GC [PSYoungGen: 476147K->1572K(460544K)] 761273K->287138K(1147520K), 0.0112040 secs] [Times: user=0.04 sys=0.00, real=0.01 secs] 
2014-07-08T15:07:52.572+0000: 3179.004: [GC [PSYoungGen: 460515K->1718K(446016K)] 746081K->287660K(1132992K), 0.0624700 secs] [Times: user=0.24 sys=0.00, real=0.06 secs] 
2014-07-08T15:08:25.825+0000: 3212.257: [GC [PSYoungGen: 446006K->1554K(431872K)] 731948K->287896K(1118848K), 0.0224780 secs] [Times: user=0.09 sys=0.00, real=0.02 secs] 
2014-07-08T15:08:26.270+0000: 3212.702: [GC [PSYoungGen: 431824K->1458K(517824K)] 718166K->288104K(1204800K), 0.0167410 secs] [Times: user=0.04 sys=0.01, real=0.02 secs] 
2014-07-08T15:08:27.054+0000: 3213.487: [GC [PSYoungGen: 517810K->1458K(621120K)] 804456K->288288K(1308096K), 0.0145740 secs] [Times: user=0.05 sys=0.00, real=0.01 secs] 
2014-07-08T15:08:28.987+0000: 3215.420: [GC [PSYoungGen: 621106K->1572K(745216K)] 907936K->288626K(1432192K), 0.0086040 secs] [Times: user=0.02 sys=0.01, real=0.01 secs] 
2014-07-08T15:08:36.347+0000: 3222.779: [GC [PSYoungGen: 745188K->1842K(894208K)] 1032242K->289232K(1581184K), 0.0563410 secs] [Times: user=0.22 sys=0.01, real=0.06 secs] 
2014-07-08T15:08:45.478+0000: 3231.910: [GC [PSYoungGen: 894194K->2034K(859840K)] 1181584K->290032K(1546816K), 0.0074960 secs] [Times: user=0.03 sys=0.01, real=0.01 secs] 
2014-07-08T15:08:53.474+0000: 3239.906: [GC [PSYoungGen: 859826K->1146K(825984K)] 1147824K->290776K(1512960K), 0.0238550 secs] [Times: user=0.09 sys=0.00, real=0.03 secs] 
2014-07-08T15:09:00.397+0000: 3246.829: [GC [PSYoungGen: 825978K->2180K(795712K)] 1115608K->292466K(1482688K), 0.0398750 secs] [Times: user=0.14 sys=0.00, real=0.04 secs] 
2014-07-08T15:09:06.768+0000: 3253.200: [GC [PSYoungGen: 795648K->1782K(765376K)] 1085935K->292820K(1452352K), 0.0067540 secs] [Times: user=0.02 sys=0.00, real=0.00 secs] 
2014-07-08T15:09:13.029+0000: 3259.461: [GC [PSYoungGen: 765316K->1892K(736960K)] 1056354K->293490K(1423936K), 0.0450030 secs] [Times: user=0.18 sys=0.00, real=0.04 secs] 
2014-07-08T15:09:19.274+0000: 3265.706: [GC [PSYoungGen: 736932K->1810K(709696K)] 1028530K->293936K(1396672K), 0.0073150 secs] [Times: user=0.02 sys=0.00, real=0.01 secs] 
2014-07-08T15:09:25.564+0000: 3271.997: [GC [PSYoungGen: 709650K->1828K(683776K)] 1001776K->294442K(1370752K), 0.0548140 secs] [Times: user=0.20 sys=0.01, real=0.05 secs] 
2014-07-08T15:09:31.403+0000: 3277.836: [GC [PSYoungGen: 683748K->1586K(658816K)] 976362K->294808K(1345792K), 0.0094130 secs] [Times: user=0.03 sys=0.00, real=0.01 secs] 
2014-07-08T15:09:36.987+0000: 3283.420: [GC [PSYoungGen: 658725K->1714K(635392K)] 951947K->295448K(1322368K), 0.0141130 secs] [Times: user=0.02 sys=0.00, real=0.01 secs] 
2014-07-08T15:09:42.451+0000: 3288.883: [GC [PSYoungGen: 635378K->1764K(612992K)] 929112K->295978K(1299968K), 0.0177380 secs] [Times: user=0.07 sys=0.00, real=0.02 secs] 
2014-07-08T15:09:46.409+0000: 3292.841: [GC [PSYoungGen: 612964K->1490K(591296K)] 907178K->296168K(1278272K), 0.0058730 secs] [Times: user=0.02 sys=0.00, real=0.01 secs] 
2014-07-08T15:09:49.933+0000: 3296.366: [GC [PSYoungGen: 591216K->1786K(571072K)] 885895K->296848K(1258048K), 0.0278540 secs] [Times: user=0.08 sys=0.00, real=0.03 secs] 
2014-07-08T15:09:54.666+0000: 3301.098: [GC [PSYoungGen: 571066K->1732K(551488K)] 866128K->297114K(1238464K), 0.0304060 secs] [Times: user=0.11 sys=0.01, real=0.03 secs] 
2014-07-08T15:09:59.530+0000: 3305.962: [GC [PSYoungGen: 551428K->1466K(532480K)] 846810K->297560K(1219456K), 0.0422010 secs] [Times: user=0.16 sys=0.01, real=0.04 secs] 
2014-07-08T15:10:04.030+0000: 3310.463: [GC [PSYoungGen: 532474K->1828K(515008K)] 828568K->298306K(1201984K), 0.0134700 secs] [Times: user=0.05 sys=0.00, real=0.01 secs] 
2014-07-08T15:10:08.287+0000: 3314.719: [GC [PSYoungGen: 514980K->1718K(497856K)] 811458K->298692K(1184832K), 0.0296220 secs] [Times: user=0.12 sys=0.00, real=0.03 secs] 
2014-07-08T15:10:12.490+0000: 3318.923: [GC [PSYoungGen: 497846K->1536K(481344K)] 794820K->298886K(1168320K), 0.0276400 secs] [Times: user=0.11 sys=0.00, real=0.03 secs] 
2014-07-08T15:10:16.646+0000: 3323.079: [GC [PSYoungGen: 481344K->1604K(465920K)] 778694K->299346K(1152896K), 0.0382400 secs] [Times: user=0.15 sys=0.00, real=0.04 secs] 
2014-07-08T15:10:21.751+0000: 3328.184: [GC [PSYoungGen: 465786K->1490K(450880K)] 763528K->299592K(1137856K), 0.0113690 secs] [Times: user=0.02 sys=0.00, real=0.01 secs] 
2014-07-08T15:10:22.388+0000: 3328.820: [GC [PSYoungGen: 450834K->1248K(436352K)] 748936K->299678K(1123328K), 0.0063290 secs] [Times: user=0.02 sys=0.00, real=0.01 secs] 
2014-07-08T15:10:25.465+0000: 3331.897: [GC [PSYoungGen: 436320K->1650K(423104K)] 734750K->300248K(1110080K), 0.0453410 secs] [Times: user=0.17 sys=0.00, real=0.05 secs] 
2014-07-08T15:10:29.171+0000: 3335.603: [GC [PSYoungGen: 423090K->1522K(409920K)] 721688K->300456K(1096896K), 0.0080410 secs] [Times: user=0.03 sys=0.00, real=0.00 secs] 
2014-07-08T15:10:32.699+0000: 3339.132: [GC [PSYoungGen: 409906K->1654K(397568K)] 708840K->300900K(1084544K), 0.0259800 secs] [Times: user=0.10 sys=0.00, real=0.03 secs] 
2014-07-08T15:10:36.213+0000: 3342.645: [GC [PSYoungGen: 397558K->1608K(385600K)] 696804K->301222K(1072576K), 0.0077300 secs] [Times: user=0.03 sys=0.00, real=0.01 secs] 
2014-07-08T15:10:39.720+0000: 3346.153: [GC [PSYoungGen: 385544K->1640K(374144K)] 685158K->301526K(1061120K), 0.0083830 secs] [Times: user=0.03 sys=0.00, real=0.01 secs] 
2014-07-08T15:10:43.029+0000: 3349.461: [GC [PSYoungGen: 374119K->1344K(362880K)] 674005K->301806K(1049856K), 0.0418760 secs] [Times: user=0.16 sys=0.01, real=0.04 secs] 
2014-07-08T15:11:01.552+0000: 3367.984: [GC [PSYoungGen: 362880K->1586K(352640K)] 663342K->302440K(1039616K), 0.0416530 secs] [Times: user=0.15 sys=0.00, real=0.04 secs] 
2014-07-08T15:11:01.955+0000: 3368.387: [GC [PSYoungGen: 352626K->1412K(422720K)] 653480K->302562K(1109696K), 0.0349720 secs] [Times: user=0.13 sys=0.00, real=0.04 secs] 
2014-07-08T15:11:02.464+0000: 3368.896: [GC [PSYoungGen: 422660K->1366K(506944K)] 723810K->302676K(1193920K), 0.0107310 secs] [Times: user=0.03 sys=0.00, real=0.02 secs] 
2014-07-08T15:11:04.180+0000: 3370.612: [GC [PSYoungGen: 506897K->1408K(608064K)] 808207K->302846K(1295040K), 0.0241280 secs] [Times: user=0.09 sys=0.00, real=0.02 secs] 
2014-07-08T15:11:06.058+0000: 3372.490: [GC [PSYoungGen: 607991K->1426K(729472K)] 909429K->303120K(1416448K), 0.0199250 secs] [Times: user=0.07 sys=0.00, real=0.02 secs] 
2014-07-08T15:11:12.351+0000: 3378.783: [GC [PSYoungGen: 729426K->1650K(875264K)] 1031120K->303736K(1562240K), 0.0473190 secs] [Times: user=0.19 sys=0.00, real=0.05 secs] 
2014-07-08T15:11:20.843+0000: 3387.275: [GC [PSYoungGen: 875250K->1924K(1050304K)] 1177336K->304522K(1737280K), 0.0137270 secs] [Times: user=0.06 sys=0.00, real=0.01 secs] 
2014-07-08T15:11:31.459+0000: 3397.892: [GC [PSYoungGen: 1050244K->1010K(1259008K)] 1352842K->305422K(1945984K), 0.0235290 secs] [Times: user=0.09 sys=0.00, real=0.02 secs] 
2014-07-08T15:11:43.844+0000: 3410.277: [GC [PSYoungGen: 1258894K->2632K(1208512K)] 1563306K->307868K(1895488K), 0.0095220 secs] [Times: user=0.03 sys=0.00, real=0.01 secs] 
2014-07-08T15:11:56.122+0000: 3422.555: [GC [PSYoungGen: 1208456K->1846K(1158016K)] 1513692K->308674K(1844992K), 0.0559310 secs] [Times: user=0.20 sys=0.00, real=0.06 secs] 
2014-07-08T15:12:07.607+0000: 3434.040: [GC [PSYoungGen: 1158006K->2308K(1111296K)] 1464834K->310072K(1798272K), 0.0284130 secs] [Times: user=0.10 sys=0.00, real=0.03 secs] 
2014-07-08T15:12:18.591+0000: 3445.024: [GC [PSYoungGen: 1111236K->2048K(1066048K)] 1419000K->310820K(1753024K), 0.0302350 secs] [Times: user=0.11 sys=0.01, real=0.03 secs] 
2014-07-08T15:12:29.333+0000: 3455.766: [GC [PSYoungGen: 1066048K->2244K(1023488K)] 1374820K->311888K(1710464K), 0.0444330 secs] [Times: user=0.17 sys=0.00, real=0.04 secs] 
2014-07-08T15:12:38.941+0000: 3465.373: [GC [PSYoungGen: 1023428K->2148K(982592K)] 1333072K->312656K(1669568K), 0.0304960 secs] [Times: user=0.11 sys=0.01, real=0.03 secs] 
2014-07-08T15:12:49.200+0000: 3475.632: [GC [PSYoungGen: 982534K->2080K(943744K)] 1293042K->313372K(1630720K), 0.0328470 secs] [Times: user=0.12 sys=0.01, real=0.04 secs] 
2014-07-08T15:12:59.104+0000: 3485.536: [GC [PSYoungGen: 943712K->2034K(906752K)] 1255004K->314118K(1593728K), 0.0420020 secs] [Times: user=0.16 sys=0.00, real=0.04 secs] 
2014-07-08T15:13:07.535+0000: 3493.968: [GC [PSYoungGen: 906738K->1810K(871360K)] 1218822K->314654K(1558336K), 0.0159010 secs] [Times: user=0.05 sys=0.00, real=0.01 secs] 
2014-07-08T15:13:14.364+0000: 3500.797: [GC [PSYoungGen: 871314K->2024K(838080K)] 1184158K->315532K(1525056K), 0.0104110 secs] [Times: user=0.03 sys=0.00, real=0.01 secs] 
2014-07-08T15:13:22.623+0000: 3509.055: [GC [PSYoungGen: 838034K->2070K(806208K)] 1151542K->316210K(1493184K), 0.0178220 secs] [Times: user=0.06 sys=0.00, real=0.02 secs] 
2014-07-08T15:13:30.695+0000: 3517.127: [GC [PSYoungGen: 806166K->1988K(775744K)] 1120306K->316800K(1462720K), 0.0817220 secs] [Times: user=0.32 sys=0.00, real=0.08 secs] 
2014-07-08T15:13:45.504+0000: 3531.937: [GC [PSYoungGen: 775684K->1946K(746688K)] 1090496K->317366K(1433664K), 0.0063170 secs] [Times: user=0.02 sys=0.00, real=0.01 secs] 
2014-07-08T15:13:46.615+0000: 3533.047: [GC [PSYoungGen: 746650K->1608K(718720K)] 1062070K->317652K(1405696K), 0.0295700 secs] [Times: user=0.10 sys=0.01, real=0.03 secs] 
2014-07-08T15:13:52.677+0000: 3539.109: [GC [PSYoungGen: 718664K->2038K(692736K)] 1034708K->318346K(1379712K), 0.0307570 secs] [Times: user=0.11 sys=0.01, real=0.03 secs] 
2014-07-08T15:13:59.857+0000: 3546.290: [GC [PSYoungGen: 692674K->2010K(667648K)] 1008982K->318950K(1354624K), 0.0272920 secs] [Times: user=0.10 sys=0.00, real=0.03 secs] 
2014-07-08T15:14:06.810+0000: 3553.243: [GC [PSYoungGen: 667610K->1892K(643584K)] 984550K->319376K(1330560K), 0.0388520 secs] [Times: user=0.15 sys=0.00, real=0.04 secs] 
2014-07-08T15:14:13.259+0000: 3559.692: [GC [PSYoungGen: 643556K->1572K(620416K)] 961040K->319832K(1307392K), 0.0444720 secs] [Times: user=0.17 sys=0.00, real=0.04 secs] 
2014-07-08T15:14:33.687+0000: 3580.120: [GC [PSYoungGen: 620388K->1764K(598784K)] 938648K->320552K(1285760K), 0.0334410 secs] [Times: user=0.12 sys=0.00, real=0.03 secs] 
2014-07-08T15:14:34.379+0000: 3580.812: [GC [PSYoungGen: 598753K->1280K(717696K)] 917542K->320540K(1404672K), 0.0334180 secs] [Times: user=0.11 sys=0.00, real=0.03 secs] 
2014-07-08T15:14:38.592+0000: 3585.024: [GC [PSYoungGen: 717696K->1664K(861376K)] 1036956K->321116K(1548352K), 0.0074050 secs] [Times: user=0.03 sys=0.00, real=0.01 secs] 
2014-07-08T15:14:45.776+0000: 3592.208: [GC [PSYoungGen: 861368K->1856K(828544K)] 1180820K->321772K(1515520K), 0.0126160 secs] [Times: user=0.05 sys=0.00, real=0.01 secs] 
2014-07-08T15:14:52.636+0000: 3599.068: [GC [PSYoungGen: 828544K->1874K(797120K)] 1148460K->322430K(1484096K), 0.0092140 secs] [Times: user=0.02 sys=0.01, real=0.01 secs] 
2014-07-08T15:14:59.446+0000: 3605.878: [GC [PSYoungGen: 797071K->1636K(766848K)] 1117627K->322832K(1453824K), 0.0383090 secs] [Times: user=0.14 sys=0.01, real=0.04 secs] 
2014-07-08T15:15:05.771+0000: 3612.204: [GC [PSYoungGen: 766820K->1824K(738432K)] 1088016K->323556K(1425408K), 0.0395530 secs] [Times: user=0.13 sys=0.00, real=0.04 secs] 
2014-07-08T15:15:11.905+0000: 3618.337: [GC [PSYoungGen: 738400K->1764K(711104K)] 1060132K->324032K(1398080K), 0.0216030 secs] [Times: user=0.07 sys=0.01, real=0.02 secs] 
2014-07-08T15:15:18.002+0000: 3624.434: [GC [PSYoungGen: 711076K->1650K(684992K)] 1033344K->324462K(1371968K), 0.0087220 secs] [Times: user=0.03 sys=0.00, real=0.01 secs] 
2014-07-08T15:15:23.063+0000: 3629.495: [GC [PSYoungGen: 684978K->502K(659072K)] 1007790K->323794K(1346048K), 0.0043600 secs] [Times: user=0.01 sys=0.00, real=0.01 secs] 
2014-07-08T15:15:28.155+0000: 3634.588: [GC [PSYoungGen: 659062K->2752K(637696K)] 982354K->389042K(1324672K), 0.1392520 secs] [Times: user=0.53 sys=0.01, real=0.13 secs] 
Heap
 PSYoungGen      total 637696K, used 162182K [0x0000000755560000, 0x00000007bee00000, 0x0000000800000000)
  eden space 634944K, 25% used [0x0000000755560000,0x000000075f111a28,0x000000077c170000)
  from space 2752K, 100% used [0x00000007be910000,0x00000007bebc0000,0x00000007bebc0000)
  to   space 2304K, 0% used [0x00000007bebc0000,0x00000007bebc0000,0x00000007bee00000)
 ParOldGen       total 686976K, used 386290K [0x0000000600000000, 0x0000000629ee0000, 0x0000000755560000)
  object space 686976K, 56% used [0x0000000600000000,0x000000061793c928,0x0000000629ee0000)
 PSPermGen       total 21248K, used 11733K [0x00000005f5a00000, 0x00000005f6ec0000, 0x0000000600000000)
  object space 21248K, 55% used [0x00000005f5a00000,0x00000005f6575678,0x00000005f6ec0000)
