2014-07-08T15:29:33.807+0000: 22.644: [GC [PSYoungGen: 257728K->18967K(300608K)] 257728K->18975K(987584K), 0.0730490 secs] [Times: user=0.15 sys=0.02, real=0.07 secs] 
2014-07-08T15:29:37.058+0000: 25.895: [GC [PSYoungGen: 276695K->20996K(300608K)] 276703K->21012K(987584K), 0.0229520 secs] [Times: user=0.15 sys=0.02, real=0.02 secs] 
2014-07-08T15:29:39.085+0000: 27.922: [GC [PSYoungGen: 278724K->21204K(300608K)] 278740K->21228K(987584K), 0.0115280 secs] [Times: user=0.05 sys=0.00, real=0.01 secs] 
2014-07-08T15:29:40.829+0000: 29.666: [GC [PSYoungGen: 278932K->21092K(300608K)] 278956K->21124K(987584K), 0.0069520 secs] [Times: user=0.04 sys=0.00, real=0.01 secs] 
2014-07-08T15:29:42.649+0000: 31.486: [GC [PSYoungGen: 278820K->21108K(272448K)] 278852K->21140K(959424K), 0.0153130 secs] [Times: user=0.09 sys=0.00, real=0.01 secs] 
2014-07-08T15:29:44.454+0000: 33.291: [GC [PSYoungGen: 272436K->21793K(267008K)] 272468K->22071K(953984K), 0.0295320 secs] [Times: user=0.19 sys=0.01, real=0.03 secs] 
2014-07-08T15:29:45.949+0000: 34.786: [GC [PSYoungGen: 266977K->7393K(246656K)] 267255K->27305K(933632K), 0.0192300 secs] [Times: user=0.05 sys=0.02, real=0.02 secs] 
2014-07-08T15:29:47.672+0000: 36.509: [GC [PSYoungGen: 246625K->10337K(255232K)] 266537K->30546K(942208K), 0.0048250 secs] [Times: user=0.02 sys=0.00, real=0.01 secs] 
2014-07-08T15:29:50.619+0000: 39.456: [GC [PSYoungGen: 243873K->11435K(239488K)] 264082K->32649K(926464K), 0.0090810 secs] [Times: user=0.05 sys=0.00, real=0.01 secs] 
2014-07-08T15:29:53.167+0000: 42.004: [GC [PSYoungGen: 239467K->5513K(246336K)] 260681K->34766K(933312K), 0.0058420 secs] [Times: user=0.03 sys=0.01, real=0.01 secs] 
2014-07-08T15:29:55.973+0000: 44.810: [GC [PSYoungGen: 228196K->2854K(220480K)] 257449K->35895K(907456K), 0.0074630 secs] [Times: user=0.04 sys=0.01, real=0.01 secs] 
2014-07-08T15:29:58.359+0000: 47.196: [GC [PSYoungGen: 220454K->2623K(238016K)] 253495K->37219K(924992K), 0.0068650 secs] [Times: user=0.01 sys=0.00, real=0.00 secs] 
2014-07-08T15:30:00.712+0000: 49.549: [GC [PSYoungGen: 215295K->2765K(210688K)] 249891K->38221K(897664K), 0.0122450 secs] [Times: user=0.06 sys=0.00, real=0.01 secs] 
2014-07-08T15:30:03.030+0000: 51.868: [GC [PSYoungGen: 210637K->2187K(228544K)] 246093K->38911K(915520K), 0.0052120 secs] [Times: user=0.01 sys=0.00, real=0.00 secs] 
2014-07-08T15:30:05.490+0000: 54.328: [GC [PSYoungGen: 205451K->2387K(201216K)] 242175K->39954K(888192K), 0.0046330 secs] [Times: user=0.02 sys=0.00, real=0.00 secs] 
2014-07-08T15:30:07.816+0000: 56.653: [GC [PSYoungGen: 201171K->1771K(218944K)] 238738K->40316K(905920K), 0.0051660 secs] [Times: user=0.01 sys=0.01, real=0.01 secs] 
2014-07-08T15:30:10.104+0000: 58.941: [GC [PSYoungGen: 196267K->1550K(191936K)] 234812K->40515K(878912K), 0.0071620 secs] [Times: user=0.04 sys=0.00, real=0.01 secs] 
2014-07-08T15:30:12.223+0000: 61.060: [GC [PSYoungGen: 191886K->1650K(209280K)] 230851K->40754K(896256K), 0.0071010 secs] [Times: user=0.03 sys=0.00, real=0.01 secs] 
2014-07-08T15:30:14.350+0000: 63.187: [GC [PSYoungGen: 187954K->1649K(184064K)] 227058K->41030K(871040K), 0.0085190 secs] [Times: user=0.02 sys=0.01, real=0.01 secs] 
2014-07-08T15:30:16.411+0000: 65.248: [GC [PSYoungGen: 184049K->1596K(199872K)] 223430K->41277K(886848K), 0.0103150 secs] [Times: user=0.06 sys=0.00, real=0.01 secs] 
2014-07-08T15:30:18.469+0000: 67.306: [GC [PSYoungGen: 180220K->1766K(176768K)] 219901K->41470K(863744K), 0.0104310 secs] [Times: user=0.06 sys=0.00, real=0.01 secs] 
2014-07-08T15:30:20.390+0000: 69.227: [GC [PSYoungGen: 176740K->1757K(190720K)] 216445K->41805K(877696K), 0.0074870 secs] [Times: user=0.04 sys=0.00, real=0.01 secs] 
2014-07-08T15:30:22.230+0000: 71.067: [GC [PSYoungGen: 173213K->1483K(169600K)] 213261K->41841K(856576K), 0.0100360 secs] [Times: user=0.03 sys=0.01, real=0.01 secs] 
2014-07-08T15:30:24.199+0000: 73.036: [GC [PSYoungGen: 169547K->1390K(182336K)] 209905K->42069K(869312K), 0.0096350 secs] [Times: user=0.05 sys=0.00, real=0.01 secs] 
2014-07-08T15:30:26.171+0000: 75.008: [GC [PSYoungGen: 166156K->1540K(163200K)] 206835K->42243K(850176K), 0.0056010 secs] [Times: user=0.02 sys=0.00, real=0.01 secs] 
2014-07-08T15:30:28.110+0000: 76.947: [GC [PSYoungGen: 163140K->1440K(174144K)] 203843K->42175K(861120K), 0.0075390 secs] [Times: user=0.01 sys=0.01, real=0.01 secs] 
2014-07-08T15:30:29.958+0000: 78.795: [GC [PSYoungGen: 159968K->1358K(156928K)] 200703K->42125K(843904K), 0.0056580 secs] [Times: user=0.01 sys=0.00, real=0.01 secs] 
2014-07-08T15:30:31.733+0000: 80.570: [GC [PSYoungGen: 156878K->1549K(166400K)] 197645K->42356K(853376K), 0.0047880 secs] [Times: user=0.02 sys=0.00, real=0.00 secs] 
2014-07-08T15:30:33.298+0000: 82.135: [GC [PSYoungGen: 154180K->1472K(151360K)] 194987K->42428K(838336K), 0.0177140 secs] [Times: user=0.08 sys=0.01, real=0.02 secs] 
2014-07-08T15:30:34.906+0000: 83.743: [GC [PSYoungGen: 151271K->1707K(159040K)] 192227K->42759K(846016K), 0.0069140 secs] [Times: user=0.03 sys=0.00, real=0.00 secs] 
2014-07-08T15:30:36.473+0000: 85.311: [GC [PSYoungGen: 148779K->1529K(145984K)] 189831K->42763K(832960K), 0.0119670 secs] [Times: user=0.06 sys=0.00, real=0.01 secs] 
2014-07-08T15:30:38.165+0000: 87.002: [GC [PSYoungGen: 145949K->2319K(152064K)] 187182K->43780K(839040K), 0.0053500 secs] [Times: user=0.03 sys=0.00, real=0.00 secs] 
2014-07-08T15:30:39.251+0000: 88.089: [GC [PSYoungGen: 144207K->1544K(140992K)] 185668K->43036K(827968K), 0.0103310 secs] [Times: user=0.06 sys=0.01, real=0.01 secs] 
2014-07-08T15:30:40.154+0000: 88.991: [GC [PSYoungGen: 140936K->1448K(145984K)] 182428K->42996K(832960K), 0.0059770 secs] [Times: user=0.03 sys=0.00, real=0.01 secs] 
2014-07-08T15:30:41.108+0000: 89.945: [GC [PSYoungGen: 138364K->1754K(136384K)] 179913K->43382K(823360K), 0.0057460 secs] [Times: user=0.02 sys=0.00, real=0.00 secs] 
2014-07-08T15:30:42.068+0000: 90.905: [GC [PSYoungGen: 136346K->1868K(140032K)] 177974K->43544K(827008K), 0.0051460 secs] [Times: user=0.02 sys=0.00, real=0.00 secs] 
2014-07-08T15:30:43.019+0000: 91.856: [GC [PSYoungGen: 134156K->1572K(131648K)] 175832K->43444K(818624K), 0.0065830 secs] [Times: user=0.04 sys=0.00, real=0.01 secs] 
2014-07-08T15:30:44.456+0000: 93.294: [GC [PSYoungGen: 131608K->2371K(134400K)] 173481K->44308K(821376K), 0.0072350 secs] [Times: user=0.03 sys=0.00, real=0.00 secs] 
2014-07-08T15:30:46.150+0000: 94.988: [GC [PSYoungGen: 130215K->1764K(127552K)] 172152K->43717K(814528K), 0.0089800 secs] [Times: user=0.03 sys=0.00, real=0.01 secs] 
2014-07-08T15:30:47.804+0000: 96.641: [GC [PSYoungGen: 127524K->1632K(129472K)] 169477K->43609K(816448K), 0.0066760 secs] [Times: user=0.01 sys=0.00, real=0.01 secs] 
2014-07-08T15:30:49.566+0000: 98.403: [GC [PSYoungGen: 125344K->2106K(123840K)] 167321K->44179K(810816K), 0.0079790 secs] [Times: user=0.05 sys=0.00, real=0.00 secs] 
2014-07-08T15:30:51.194+0000: 100.031: [GC [PSYoungGen: 123834K->1944K(124672K)] 165907K->44065K(811648K), 0.0061050 secs] [Times: user=0.03 sys=0.00, real=0.01 secs] 
2014-07-08T15:30:52.826+0000: 101.663: [GC [PSYoungGen: 121752K->1550K(119552K)] 163873K->43726K(806528K), 0.0038670 secs] [Times: user=0.01 sys=0.00, real=0.00 secs] 
2014-07-08T15:30:54.304+0000: 103.141: [GC [PSYoungGen: 119502K->2310K(120384K)] 161678K->44542K(807360K), 0.0104500 secs] [Times: user=0.06 sys=0.00, real=0.01 secs] 
2014-07-08T15:30:55.676+0000: 104.513: [GC [PSYoungGen: 118470K->2287K(116672K)] 160702K->44748K(803648K), 0.0036470 secs] [Times: user=0.02 sys=0.00, real=0.01 secs] 
2014-07-08T15:30:56.667+0000: 105.504: [GC [PSYoungGen: 116655K->1792K(116352K)] 159116K->44310K(803328K), 0.0034620 secs] [Times: user=0.02 sys=0.00, real=0.00 secs] 
2014-07-08T15:30:57.433+0000: 106.270: [GC [PSYoungGen: 114432K->2136K(113152K)] 156950K->44726K(800128K), 0.0070810 secs] [Times: user=0.04 sys=0.00, real=0.01 secs] 
2014-07-08T15:30:58.196+0000: 107.033: [GC [PSYoungGen: 113112K->2382K(112576K)] 155702K->45044K(799552K), 0.0082650 secs] [Times: user=0.05 sys=0.00, real=0.01 secs] 
2014-07-08T15:30:59.066+0000: 107.903: [GC [PSYoungGen: 111687K->1892K(109632K)] 154348K->44626K(796608K), 0.0072130 secs] [Times: user=0.04 sys=0.00, real=0.01 secs] 
2014-07-08T15:30:59.907+0000: 108.744: [GC [PSYoungGen: 109604K->1660K(109184K)] 152338K->44474K(796160K), 0.0082890 secs] [Times: user=0.05 sys=0.00, real=0.01 secs] 
2014-07-08T15:31:00.702+0000: 109.539: [GC [PSYoungGen: 107836K->1834K(106496K)] 150650K->44720K(793472K), 0.0079360 secs] [Times: user=0.04 sys=0.01, real=0.01 secs] 
2014-07-08T15:31:01.363+0000: 110.200: [GC [PSYoungGen: 106473K->1678K(105856K)] 149358K->44612K(792832K), 0.0076160 secs] [Times: user=0.04 sys=0.00, real=0.01 secs] 
2014-07-08T15:31:02.035+0000: 110.872: [GC [PSYoungGen: 104804K->2090K(103808K)] 147738K->45103K(790784K), 0.0083740 secs] [Times: user=0.05 sys=0.00, real=0.01 secs] 
2014-07-08T15:31:02.935+0000: 111.772: [GC [PSYoungGen: 103755K->1706K(102784K)] 146768K->44890K(789760K), 0.0090350 secs] [Times: user=0.04 sys=0.01, real=0.01 secs] 
2014-07-08T15:31:03.901+0000: 112.739: [GC [PSYoungGen: 101994K->2020K(100992K)] 145178K->45307K(787968K), 0.0071320 secs] [Times: user=0.04 sys=0.00, real=0.01 secs] 
2014-07-08T15:31:04.989+0000: 113.827: [GC [PSYoungGen: 100962K->1630K(99840K)] 144250K->44957K(786816K), 0.0090420 secs] [Times: user=0.05 sys=0.00, real=0.01 secs] 
2014-07-08T15:31:06.184+0000: 115.021: [GC [PSYoungGen: 99218K->2258K(98624K)] 142545K->45649K(785600K), 0.0058320 secs] [Times: user=0.02 sys=0.00, real=0.01 secs] 
2014-07-08T15:31:07.483+0000: 116.320: [GC [PSYoungGen: 98578K->2176K(97280K)] 141969K->45663K(784256K), 0.0061320 secs] [Times: user=0.04 sys=0.01, real=0.01 secs] 
2014-07-08T15:31:08.814+0000: 117.651: [GC [PSYoungGen: 97205K->1444K(95232K)] 140692K->45003K(782208K), 0.0120240 secs] [Times: user=0.06 sys=0.00, real=0.01 secs] 
2014-07-08T15:31:09.976+0000: 118.813: [GC [PSYoungGen: 95204K->2054K(94656K)] 138763K->45693K(781632K), 0.0060720 secs] [Times: user=0.03 sys=0.00, real=0.01 secs] 
2014-07-08T15:31:11.304+0000: 120.141: [GC [PSYoungGen: 94598K->1918K(93248K)] 138237K->45613K(780224K), 0.0055650 secs] [Times: user=0.03 sys=0.00, real=0.01 secs] 
2014-07-08T15:31:12.417+0000: 121.254: [GC [PSYoungGen: 93246K->2190K(92416K)] 136941K->45982K(779392K), 0.0051950 secs] [Times: user=0.03 sys=0.00, real=0.01 secs] 
2014-07-08T15:31:13.575+0000: 122.412: [GC [PSYoungGen: 92366K->1280K(90368K)] 136158K->45127K(777344K), 0.0082170 secs] [Times: user=0.05 sys=0.00, real=0.01 secs] 
2014-07-08T15:31:13.745+0000: 122.582: [GC [PSYoungGen: 90290K->1280K(90048K)] 134138K->45215K(777024K), 0.0029490 secs] [Times: user=0.01 sys=0.00, real=0.00 secs] 
2014-07-08T15:31:13.932+0000: 122.769: [GC [PSYoungGen: 89194K->1544K(91136K)] 133129K->45543K(778112K), 0.0103100 secs] [Times: user=0.04 sys=0.00, real=0.01 secs] 
2014-07-08T15:31:14.718+0000: 123.555: [GC [PSYoungGen: 89479K->1898K(108416K)] 133479K->45921K(795392K), 0.0100220 secs] [Times: user=0.04 sys=0.00, real=0.01 secs] 
2014-07-08T15:31:16.048+0000: 124.885: [GC [PSYoungGen: 107433K->1632K(108544K)] 151457K->45751K(795520K), 0.0049040 secs] [Times: user=0.03 sys=0.00, real=0.01 secs] 
2014-07-08T15:31:17.375+0000: 126.212: [GC [PSYoungGen: 107155K->2229K(129536K)] 151274K->46429K(816512K), 0.0064780 secs] [Times: user=0.04 sys=0.00, real=0.01 secs] 
2014-07-08T15:31:19.059+0000: 127.896: [GC [PSYoungGen: 128821K->2297K(126848K)] 173021K->46560K(813824K), 0.0036080 secs] [Times: user=0.01 sys=0.01, real=0.01 secs] 
2014-07-08T15:31:20.572+0000: 129.409: [GC [PSYoungGen: 126841K->1646K(124224K)] 171104K->46254K(811200K), 0.0070900 secs] [Times: user=0.04 sys=0.01, real=0.00 secs] 
2014-07-08T15:31:22.123+0000: 130.960: [GC [PSYoungGen: 124189K->2010K(122688K)] 168796K->46689K(809664K), 0.0048270 secs] [Times: user=0.02 sys=0.00, real=0.00 secs] 
2014-07-08T15:31:23.633+0000: 132.471: [GC [PSYoungGen: 122639K->1910K(120640K)] 167319K->46735K(807616K), 0.0108710 secs] [Times: user=0.06 sys=0.00, real=0.01 secs] 
2014-07-08T15:31:25.228+0000: 134.065: [GC [PSYoungGen: 120628K->1990K(118912K)] 165454K->46864K(805888K), 0.0052710 secs] [Times: user=0.01 sys=0.00, real=0.01 secs] 
2014-07-08T15:31:26.834+0000: 135.671: [GC [PSYoungGen: 118854K->1714K(116800K)] 163728K->46739K(803776K), 0.0044430 secs] [Times: user=0.02 sys=0.00, real=0.00 secs] 
2014-07-08T15:31:28.278+0000: 137.115: [GC [PSYoungGen: 116766K->2020K(115392K)] 161791K->47085K(802368K), 0.0071820 secs] [Times: user=0.02 sys=0.01, real=0.01 secs] 
2014-07-08T15:31:30.082+0000: 138.919: [GC [PSYoungGen: 115345K->1526K(113152K)] 160411K->46607K(800128K), 0.0138990 secs] [Times: user=0.07 sys=0.00, real=0.02 secs] 
2014-07-08T15:31:55.694+0000: 164.531: [GC [PSYoungGen: 113142K->1860K(111872K)] 158223K->47077K(798848K), 0.0098240 secs] [Times: user=0.07 sys=0.00, real=0.01 secs] 
2014-07-08T15:32:16.587+0000: 185.424: [GC [PSYoungGen: 111812K->1216K(109568K)] 157029K->46473K(796544K), 0.0065350 secs] [Times: user=0.03 sys=0.00, real=0.01 secs] 
2014-07-08T15:32:16.761+0000: 185.599: [GC [PSYoungGen: 109568K->1628K(120256K)] 154825K->46918K(807232K), 0.0059020 secs] [Times: user=0.02 sys=0.00, real=0.00 secs] 
2014-07-08T15:32:16.954+0000: 185.791: [GC [PSYoungGen: 119260K->1794K(132672K)] 164550K->47131K(819648K), 0.0039160 secs] [Times: user=0.01 sys=0.00, real=0.00 secs] 
2014-07-08T15:32:17.192+0000: 186.029: [GC [PSYoungGen: 131905K->1988K(132608K)] 177242K->47366K(819584K), 0.0072500 secs] [Times: user=0.04 sys=0.00, real=0.01 secs] 
2014-07-08T15:32:17.417+0000: 186.255: [GC [PSYoungGen: 132100K->1896K(158656K)] 177478K->47329K(845632K), 0.0041300 secs] [Times: user=0.01 sys=0.01, real=0.01 secs] 
2014-07-08T15:32:18.430+0000: 187.267: [GC [PSYoungGen: 158056K->1618K(158656K)] 203489K->47107K(845632K), 0.0041130 secs] [Times: user=0.02 sys=0.01, real=0.00 secs] 
2014-07-08T15:32:20.646+0000: 189.483: [GC [PSYoungGen: 157778K->1988K(189824K)] 203267K->47493K(876800K), 0.0046770 secs] [Times: user=0.03 sys=0.00, real=0.01 secs] 
2014-07-08T15:32:23.066+0000: 191.903: [GC [PSYoungGen: 189333K->2094K(185600K)] 234839K->47616K(872576K), 0.0151470 secs] [Times: user=0.08 sys=0.00, real=0.02 secs] 
2014-07-08T15:32:25.556+0000: 194.393: [GC [PSYoungGen: 185582K->384K(180096K)] 231104K->47498K(867072K), 0.0093720 secs] [Times: user=0.04 sys=0.00, real=0.01 secs] 
2014-07-08T15:32:27.736+0000: 196.573: [GC [PSYoungGen: 180096K->1938K(178048K)] 227210K->49068K(865024K), 0.0066720 secs] [Times: user=0.02 sys=0.00, real=0.01 secs] 
2014-07-08T15:32:30.198+0000: 199.036: [GC [PSYoungGen: 178002K->2264K(174848K)] 225132K->49721K(861824K), 0.0075990 secs] [Times: user=0.05 sys=0.00, real=0.01 secs] 
2014-07-08T15:32:32.661+0000: 201.499: [GC [PSYoungGen: 174808K->1782K(170880K)] 222265K->49238K(857856K), 0.0037180 secs] [Times: user=0.02 sys=0.00, real=0.00 secs] 
2014-07-08T15:32:35.066+0000: 203.903: [GC [PSYoungGen: 170870K->1070K(166848K)] 218326K->49360K(853824K), 0.0067150 secs] [Times: user=0.02 sys=0.01, real=0.01 secs] 
2014-07-08T15:32:37.411+0000: 206.249: [GC [PSYoungGen: 166830K->2138K(164736K)] 215120K->50476K(851712K), 0.0045810 secs] [Times: user=0.03 sys=0.01, real=0.01 secs] 
2014-07-08T15:32:39.609+0000: 208.446: [GC [PSYoungGen: 164698K->1653K(161088K)] 213036K->50902K(848064K), 0.0049530 secs] [Times: user=0.03 sys=0.00, real=0.01 secs] 
2014-07-08T15:32:42.117+0000: 210.954: [GC [PSYoungGen: 161077K->1778K(158208K)] 210326K->51067K(845184K), 0.0081120 secs] [Times: user=0.05 sys=0.00, real=0.01 secs] 
2014-07-08T15:32:44.394+0000: 213.231: [GC [PSYoungGen: 158193K->1636K(155136K)] 207483K->51063K(842112K), 0.0060730 secs] [Times: user=0.04 sys=0.01, real=0.00 secs] 
2014-07-08T15:32:46.405+0000: 215.242: [GC [PSYoungGen: 155108K->2539K(153216K)] 204535K->52014K(840192K), 0.0119030 secs] [Times: user=0.04 sys=0.00, real=0.01 secs] 
2014-07-08T15:32:48.545+0000: 217.382: [GC [PSYoungGen: 153188K->1059K(148992K)] 202664K->51302K(835968K), 0.0040460 secs] [Times: user=0.02 sys=0.00, real=0.00 secs] 
2014-07-08T15:32:50.369+0000: 219.206: [GC [PSYoungGen: 148963K->1846K(147072K)] 199206K->52186K(834048K), 0.0053600 secs] [Times: user=0.02 sys=0.00, real=0.01 secs] 
2014-07-08T15:32:52.465+0000: 221.302: [GC [PSYoungGen: 147062K->2126K(144832K)] 197402K->52663K(831808K), 0.0086780 secs] [Times: user=0.06 sys=0.00, real=0.00 secs] 
2014-07-08T15:32:54.403+0000: 223.240: [GC [PSYoungGen: 144782K->1992K(142208K)] 195319K->52584K(829184K), 0.0070780 secs] [Times: user=0.03 sys=0.01, real=0.01 secs] 
2014-07-08T15:32:56.150+0000: 224.988: [GC [PSYoungGen: 142108K->1184K(138944K)] 192701K->52373K(825920K), 0.0063470 secs] [Times: user=0.04 sys=0.00, real=0.01 secs] 
2014-07-08T15:32:58.226+0000: 227.063: [GC [PSYoungGen: 138912K->2184K(137600K)] 190101K->53479K(824576K), 0.0078750 secs] [Times: user=0.04 sys=0.00, real=0.00 secs] 
2014-07-08T15:33:00.058+0000: 228.895: [GC [PSYoungGen: 137511K->1644K(134720K)] 188805K->53401K(821696K), 0.0039310 secs] [Times: user=0.02 sys=0.00, real=0.00 secs] 
2014-07-08T15:33:01.955+0000: 230.793: [GC [PSYoungGen: 134700K->2471K(133312K)] 186457K->54300K(820288K), 0.0102280 secs] [Times: user=0.05 sys=0.00, real=0.01 secs] 
2014-07-08T15:33:03.903+0000: 232.740: [GC [PSYoungGen: 133287K->1138K(129792K)] 185116K->53821K(816768K), 0.0047580 secs] [Times: user=0.03 sys=0.00, real=0.01 secs] 
2014-07-08T15:33:05.835+0000: 234.673: [GC [PSYoungGen: 129752K->2317K(128896K)] 182435K->55064K(815872K), 0.0048960 secs] [Times: user=0.03 sys=0.00, real=0.01 secs] 
2014-07-08T15:33:07.746+0000: 236.583: [GC [PSYoungGen: 128843K->1906K(126400K)] 181590K->55092K(813376K), 0.0069470 secs] [Times: user=0.03 sys=0.00, real=0.01 secs] 
2014-07-08T15:33:09.514+0000: 238.351: [GC [PSYoungGen: 126365K->2404K(124928K)] 179551K->55670K(811904K), 0.0105010 secs] [Times: user=0.06 sys=0.00, real=0.01 secs] 
2014-07-08T15:33:11.022+0000: 239.860: [GC [PSYoungGen: 124900K->1184K(121792K)] 178166K->55197K(808768K), 0.0045160 secs] [Times: user=0.02 sys=0.00, real=0.01 secs] 
2014-07-08T15:33:12.699+0000: 241.536: [GC [PSYoungGen: 121748K->2653K(121344K)] 175762K->56747K(808320K), 0.0083210 secs] [Times: user=0.04 sys=0.00, real=0.01 secs] 
2014-07-08T15:33:14.338+0000: 243.175: [GC [PSYoungGen: 121303K->1788K(118592K)] 175396K->56391K(805568K), 0.0071390 secs] [Times: user=0.02 sys=0.00, real=0.00 secs] 
2014-07-08T15:33:16.124+0000: 244.961: [GC [PSYoungGen: 118584K->2106K(117120K)] 173187K->56790K(804096K), 0.0053560 secs] [Times: user=0.02 sys=0.01, real=0.01 secs] 
2014-07-08T15:33:17.851+0000: 246.688: [GC [PSYoungGen: 117114K->2037K(115328K)] 171798K->56820K(802304K), 0.0052150 secs] [Times: user=0.01 sys=0.00, real=0.00 secs] 
2014-07-08T15:33:19.780+0000: 248.617: [GC [PSYoungGen: 115317K->1920K(113536K)] 170100K->56758K(800512K), 0.0061230 secs] [Times: user=0.02 sys=0.00, real=0.00 secs] 
2014-07-08T15:33:21.435+0000: 250.272: [GC [PSYoungGen: 113458K->1644K(111552K)] 168297K->56554K(798528K), 0.0072370 secs] [Times: user=0.05 sys=0.00, real=0.01 secs] 
2014-07-08T15:33:22.964+0000: 251.801: [GC [PSYoungGen: 111532K->2233K(110528K)] 166442K->57207K(797504K), 0.0048580 secs] [Times: user=0.02 sys=0.00, real=0.00 secs] 
2014-07-08T15:33:24.504+0000: 253.342: [GC [PSYoungGen: 110521K->1638K(108352K)] 165495K->56991K(795328K), 0.0061340 secs] [Times: user=0.03 sys=0.00, real=0.01 secs] 
2014-07-08T15:33:25.962+0000: 254.799: [GC [PSYoungGen: 108326K->1582K(106752K)] 163679K->56966K(793728K), 0.0100960 secs] [Times: user=0.06 sys=0.00, real=0.01 secs] 
2014-07-08T15:33:27.404+0000: 256.241: [GC [PSYoungGen: 106734K->2108K(105792K)] 162118K->57597K(792768K), 0.0088810 secs] [Times: user=0.05 sys=0.01, real=0.01 secs] 
2014-07-08T15:33:28.773+0000: 257.610: [GC [PSYoungGen: 105788K->1984K(104256K)] 161277K->57537K(791232K), 0.0071310 secs] [Times: user=0.03 sys=0.00, real=0.01 secs] 
2014-07-08T15:33:30.031+0000: 258.868: [GC [PSYoungGen: 104192K->1266K(102080K)] 159745K->57532K(789056K), 0.0083460 secs] [Times: user=0.05 sys=0.00, real=0.00 secs] 
2014-07-08T15:33:31.576+0000: 260.413: [GC [PSYoungGen: 102066K->2447K(101888K)] 158332K->58769K(788864K), 0.0041410 secs] [Times: user=0.02 sys=0.00, real=0.01 secs] 
2014-07-08T15:33:32.941+0000: 261.778: [GC [PSYoungGen: 101839K->1528K(99584K)] 158161K->58353K(786560K), 0.0078750 secs] [Times: user=0.05 sys=0.00, real=0.00 secs] 
2014-07-08T15:33:34.256+0000: 263.093: [GC [PSYoungGen: 99576K->1938K(98688K)] 156401K->58811K(785664K), 0.0078250 secs] [Times: user=0.04 sys=0.00, real=0.01 secs] 
2014-07-08T15:33:35.665+0000: 264.502: [GC [PSYoungGen: 98640K->1778K(97216K)] 155513K->58932K(784192K), 0.0082220 secs] [Times: user=0.05 sys=0.00, real=0.01 secs] 
2014-07-08T15:33:37.091+0000: 265.928: [GC [PSYoungGen: 97202K->2468K(96640K)] 154356K->59711K(783616K), 0.0077980 secs] [Times: user=0.03 sys=0.01, real=0.01 secs] 
2014-07-08T15:33:38.482+0000: 267.319: [GC [PSYoungGen: 96610K->895K(93824K)] 153853K->58883K(780800K), 0.0040700 secs] [Times: user=0.02 sys=0.00, real=0.00 secs] 
2014-07-08T15:33:39.870+0000: 268.708: [GC [PSYoungGen: 93823K->2370K(94144K)] 151811K->60446K(781120K), 0.0047370 secs] [Times: user=0.03 sys=0.00, real=0.01 secs] 
2014-07-08T15:33:41.248+0000: 270.085: [GC [PSYoungGen: 94082K->1846K(92416K)] 152158K->60437K(779392K), 0.0100730 secs] [Times: user=0.07 sys=0.01, real=0.01 secs] 
2014-07-08T15:33:42.564+0000: 271.401: [GC [PSYoungGen: 92406K->1948K(91392K)] 150997K->60612K(778368K), 0.0116420 secs] [Times: user=0.08 sys=0.00, real=0.01 secs] 
2014-07-08T15:33:43.944+0000: 272.781: [GC [PSYoungGen: 91356K->1720K(90048K)] 150020K->60925K(777024K), 0.0127860 secs] [Times: user=0.10 sys=0.00, real=0.01 secs] 
2014-07-08T15:33:45.230+0000: 274.067: [GC [PSYoungGen: 90040K->1856K(89152K)] 149245K->61116K(776128K), 0.0068960 secs] [Times: user=0.04 sys=0.01, real=0.01 secs] 
2014-07-08T15:33:46.382+0000: 275.220: [GC [PSYoungGen: 89088K->1774K(87936K)] 148348K->61357K(774912K), 0.0035700 secs] [Times: user=0.02 sys=0.00, real=0.00 secs] 
2014-07-08T15:33:47.698+0000: 276.536: [GC [PSYoungGen: 87918K->2066K(87232K)] 147501K->61705K(774208K), 0.0085870 secs] [Times: user=0.03 sys=0.00, real=0.01 secs] 
2014-07-08T15:33:49.010+0000: 277.847: [GC [PSYoungGen: 87177K->1390K(85504K)] 146816K->61429K(772480K), 0.0028940 secs] [Times: user=0.01 sys=0.01, real=0.01 secs] 
2014-07-08T15:33:50.263+0000: 279.100: [GC [PSYoungGen: 85486K->1454K(84544K)] 145525K->61549K(771520K), 0.0170330 secs] [Times: user=0.09 sys=0.00, real=0.01 secs] 
2014-07-08T15:33:51.466+0000: 280.303: [GC [PSYoungGen: 84507K->2290K(84416K)] 144602K->62481K(771392K), 0.0108400 secs] [Times: user=0.07 sys=0.00, real=0.01 secs] 
2014-07-08T15:33:52.652+0000: 281.490: [GC [PSYoungGen: 84402K->1528K(82688K)] 144593K->61759K(769664K), 0.0081990 secs] [Times: user=0.04 sys=0.01, real=0.01 secs] 
2014-07-08T15:33:53.718+0000: 282.555: [GC [PSYoungGen: 82680K->1590K(81792K)] 142911K->62279K(768768K), 0.0086090 secs] [Times: user=0.05 sys=0.01, real=0.01 secs] 
2014-07-08T15:33:54.838+0000: 283.675: [GC [PSYoungGen: 81782K->1786K(81088K)] 142471K->62507K(768064K), 0.0130880 secs] [Times: user=0.08 sys=0.00, real=0.01 secs] 
2014-07-08T15:33:56.019+0000: 284.857: [GC [PSYoungGen: 81082K->1728K(80192K)] 141803K->62513K(767168K), 0.0063470 secs] [Times: user=0.04 sys=0.00, real=0.01 secs] 
2014-07-08T15:33:57.214+0000: 286.052: [GC [PSYoungGen: 80128K->1348K(78912K)] 140913K->62189K(765888K), 0.0075930 secs] [Times: user=0.04 sys=0.00, real=0.00 secs] 
2014-07-08T15:33:58.281+0000: 287.119: [GC [PSYoungGen: 78851K->2090K(78784K)] 139692K->63019K(765760K), 0.0130540 secs] [Times: user=0.09 sys=0.00, real=0.02 secs] 
2014-07-08T15:33:59.320+0000: 288.157: [GC [PSYoungGen: 78762K->1962K(77824K)] 139691K->62964K(764800K), 0.0073980 secs] [Times: user=0.04 sys=0.00, real=0.01 secs] 
2014-07-08T15:34:00.262+0000: 289.099: [GC [PSYoungGen: 77802K->1316K(76352K)] 138804K->62759K(763328K), 0.0097170 secs] [Times: user=0.06 sys=0.00, real=0.01 secs] 
2014-07-08T15:34:01.161+0000: 289.998: [GC [PSYoungGen: 76324K->2222K(76416K)] 137767K->63745K(763392K), 0.0049900 secs] [Times: user=0.02 sys=0.00, real=0.01 secs] 
2014-07-08T15:34:02.189+0000: 291.026: [GC [PSYoungGen: 76398K->1582K(75008K)] 137921K->63405K(761984K), 0.0083000 secs] [Times: user=0.04 sys=0.00, real=0.01 secs] 
2014-07-08T15:34:03.126+0000: 291.963: [GC [PSYoungGen: 74990K->1820K(74496K)] 136813K->63855K(761472K), 0.0090580 secs] [Times: user=0.05 sys=0.01, real=0.01 secs] 
2014-07-08T15:34:04.172+0000: 293.009: [GC [PSYoungGen: 74460K->1582K(73472K)] 136495K->63649K(760448K), 0.0087790 secs] [Times: user=0.02 sys=0.00, real=0.01 secs] 
2014-07-08T15:34:05.043+0000: 293.880: [GC [PSYoungGen: 73454K->1956K(73088K)] 135521K->64111K(760064K), 0.0073460 secs] [Times: user=0.04 sys=0.00, real=0.01 secs] 
2014-07-08T15:34:05.996+0000: 294.834: [GC [PSYoungGen: 73039K->1457K(71808K)] 135195K->64163K(758784K), 0.0083900 secs] [Times: user=0.04 sys=0.00, real=0.00 secs] 
2014-07-08T15:34:06.787+0000: 295.624: [GC [PSYoungGen: 71792K->1996K(71680K)] 134498K->64789K(758656K), 0.0060250 secs] [Times: user=0.03 sys=0.00, real=0.00 secs] 
2014-07-08T15:34:07.656+0000: 296.493: [GC [PSYoungGen: 71628K->1524K(85120K)] 134421K->64768K(772096K), 0.0170570 secs] [Times: user=0.10 sys=0.00, real=0.01 secs] 
2014-07-08T15:34:08.737+0000: 297.574: [GC [PSYoungGen: 85088K->2173K(102528K)] 148332K->65504K(789504K), 0.0113210 secs] [Times: user=0.08 sys=0.00, real=0.01 secs] 
2014-07-08T15:34:10.074+0000: 298.912: [GC [PSYoungGen: 102518K->1188K(100224K)] 165849K->64919K(787200K), 0.0069590 secs] [Times: user=0.04 sys=0.01, real=0.01 secs] 
2014-07-08T15:34:11.329+0000: 300.166: [GC [PSYoungGen: 100196K->1792K(99520K)] 163927K->65572K(786496K), 0.0068280 secs] [Times: user=0.03 sys=0.00, real=0.00 secs] 
2014-07-08T15:34:12.492+0000: 301.329: [GC [PSYoungGen: 99456K->1906K(98304K)] 163236K->65955K(785280K), 0.0050580 secs] [Times: user=0.02 sys=0.01, real=0.01 secs] 
2014-07-08T15:34:13.729+0000: 302.567: [GC [PSYoungGen: 98290K->1820K(96960K)] 162339K->65934K(783936K), 0.0102760 secs] [Times: user=0.06 sys=0.00, real=0.01 secs] 
2014-07-08T15:34:14.843+0000: 303.680: [GC [PSYoungGen: 96924K->1146K(94976K)] 161038K->66148K(781952K), 0.0072890 secs] [Times: user=0.05 sys=0.00, real=0.01 secs] 
2014-07-08T15:34:15.955+0000: 304.792: [GC [PSYoungGen: 94970K->2358K(94976K)] 159972K->67416K(781952K), 0.0059470 secs] [Times: user=0.03 sys=0.01, real=0.01 secs] 
2014-07-08T15:34:17.049+0000: 305.887: [GC [PSYoungGen: 94966K->1270K(92672K)] 160024K->67044K(779648K), 0.0083380 secs] [Times: user=0.04 sys=0.01, real=0.01 secs] 
2014-07-08T15:34:18.118+0000: 306.955: [GC [PSYoungGen: 92662K->1866K(92160K)] 158436K->67688K(779136K), 0.0087260 secs] [Times: user=0.04 sys=0.00, real=0.00 secs] 
2014-07-08T15:34:19.057+0000: 307.894: [GC [PSYoungGen: 92106K->1852K(90944K)] 157928K->67859K(777920K), 0.0124050 secs] [Times: user=0.07 sys=0.00, real=0.01 secs] 
2014-07-08T15:34:20.053+0000: 308.890: [GC [PSYoungGen: 90940K->1756K(89792K)] 156947K->67802K(776768K), 0.0051420 secs] [Times: user=0.01 sys=0.00, real=0.01 secs] 
2014-07-08T15:34:21.063+0000: 309.900: [GC [PSYoungGen: 89756K->1252K(88192K)] 155802K->67863K(775168K), 0.0082290 secs] [Times: user=0.04 sys=0.01, real=0.01 secs] 
2014-07-08T15:34:21.931+0000: 310.768: [GC [PSYoungGen: 88164K->2344K(88192K)] 154775K->69034K(775168K), 0.0047910 secs] [Times: user=0.03 sys=0.00, real=0.00 secs] 
2014-07-08T15:34:22.685+0000: 311.522: [GC [PSYoungGen: 88122K->1120K(85952K)] 154813K->68573K(772928K), 0.0046630 secs] [Times: user=0.02 sys=0.00, real=0.01 secs] 
2014-07-08T15:34:23.508+0000: 312.346: [GC [PSYoungGen: 85920K->2301K(86080K)] 153373K->69794K(773056K), 0.0161420 secs] [Times: user=0.09 sys=0.00, real=0.01 secs] 
2014-07-08T15:34:24.492+0000: 313.329: [GC [PSYoungGen: 86077K->1583K(84352K)] 153570K->69571K(771328K), 0.0079110 secs] [Times: user=0.05 sys=0.00, real=0.01 secs] 
2014-07-08T15:34:25.571+0000: 314.408: [GC [PSYoungGen: 84335K->1804K(83648K)] 152323K->69888K(770624K), 0.0116980 secs] [Times: user=0.07 sys=0.00, real=0.01 secs] 
2014-07-08T15:34:26.649+0000: 315.486: [GC [PSYoungGen: 83596K->1724K(82560K)] 151680K->70048K(769536K), 0.0052600 secs] [Times: user=0.03 sys=0.00, real=0.00 secs] 
2014-07-08T15:34:27.779+0000: 316.616: [GC [PSYoungGen: 82556K->1518K(81408K)] 150880K->69890K(768384K), 0.0083730 secs] [Times: user=0.05 sys=0.00, real=0.00 secs] 
2014-07-08T15:34:28.865+0000: 317.702: [GC [PSYoungGen: 81390K->1686K(80704K)] 149762K->70129K(767680K), 0.0035480 secs] [Times: user=0.02 sys=0.00, real=0.00 secs] 
2014-07-08T15:34:29.904+0000: 318.741: [GC [PSYoungGen: 80662K->1824K(79936K)] 149105K->70348K(766912K), 0.0048200 secs] [Times: user=0.01 sys=0.00, real=0.01 secs] 
2014-07-08T15:34:30.792+0000: 319.629: [GC [PSYoungGen: 79828K->1450K(78656K)] 148352K->70802K(765632K), 0.0045380 secs] [Times: user=0.02 sys=0.01, real=0.00 secs] 
2014-07-08T15:34:31.706+0000: 320.543: [GC [PSYoungGen: 78634K->1896K(78272K)] 147986K->71296K(765248K), 0.0066750 secs] [Times: user=0.03 sys=0.00, real=0.01 secs] 
2014-07-08T15:34:32.762+0000: 321.600: [GC [PSYoungGen: 78248K->1550K(77120K)] 147648K->71246K(764096K), 0.0111200 secs] [Times: user=0.06 sys=0.00, real=0.01 secs] 
2014-07-08T15:34:33.727+0000: 322.564: [GC [PSYoungGen: 77017K->2070K(76800K)] 146713K->71823K(763776K), 0.0044180 secs] [Times: user=0.02 sys=0.00, real=0.01 secs] 
2014-07-08T15:34:34.727+0000: 323.564: [GC [PSYoungGen: 76758K->1326K(75200K)] 146511K->72105K(762176K), 0.0162640 secs] [Times: user=0.10 sys=0.01, real=0.02 secs] 
2014-07-08T15:34:35.741+0000: 324.578: [GC [PSYoungGen: 75152K->1856K(75008K)] 145931K->72715K(761984K), 0.0057820 secs] [Times: user=0.03 sys=0.00, real=0.00 secs] 
2014-07-08T15:34:36.659+0000: 325.496: [GC [PSYoungGen: 74944K->1866K(74240K)] 145803K->72901K(761216K), 0.0089400 secs] [Times: user=0.06 sys=0.00, real=0.01 secs] 
2014-07-08T15:34:37.600+0000: 326.437: [GC [PSYoungGen: 74173K->2062K(73664K)] 145208K->73161K(760640K), 0.0069840 secs] [Times: user=0.04 sys=0.00, real=0.01 secs] 
2014-07-08T15:34:38.531+0000: 327.368: [GC [PSYoungGen: 73600K->1021K(71808K)] 144699K->73017K(758784K), 0.0056970 secs] [Times: user=0.04 sys=0.00, real=0.00 secs] 
2014-07-08T15:34:39.454+0000: 328.291: [GC [PSYoungGen: 71805K->2308K(72448K)] 143801K->74384K(759424K), 0.0068580 secs] [Times: user=0.04 sys=0.00, real=0.01 secs] 
2014-07-08T15:34:40.334+0000: 329.171: [GC [PSYoungGen: 72373K->1643K(71040K)] 144450K->74434K(758016K), 0.0149020 secs] [Times: user=0.09 sys=0.01, real=0.01 secs] 
2014-07-08T15:34:41.252+0000: 330.089: [GC [PSYoungGen: 71019K->2028K(85312K)] 143810K->74890K(772288K), 0.0104960 secs] [Times: user=0.07 sys=0.00, real=0.01 secs] 
2014-07-08T15:34:42.387+0000: 331.224: [GC [PSYoungGen: 85292K->1582K(83904K)] 158154K->74665K(770880K), 0.0105460 secs] [Times: user=0.05 sys=0.00, real=0.01 secs] 
2014-07-08T15:34:43.429+0000: 332.266: [GC [PSYoungGen: 83886K->2344K(101184K)] 156969K->75475K(788160K), 0.0121210 secs] [Times: user=0.08 sys=0.00, real=0.01 secs] 
2014-07-08T15:34:44.675+0000: 333.512: [GC [PSYoungGen: 101160K->1192K(98688K)] 174291K->74866K(785664K), 0.0114320 secs] [Times: user=0.07 sys=0.00, real=0.01 secs] 
2014-07-08T15:34:45.940+0000: 334.778: [GC [PSYoungGen: 98631K->2252K(98496K)] 172306K->75943K(785472K), 0.0080590 secs] [Times: user=0.02 sys=0.00, real=0.01 secs] 
2014-07-08T15:34:47.385+0000: 336.222: [GC [PSYoungGen: 98444K->1774K(96704K)] 172135K->75973K(783680K), 0.0062600 secs] [Times: user=0.03 sys=0.00, real=0.00 secs] 
2014-07-08T15:34:48.591+0000: 337.429: [GC [PSYoungGen: 96686K->2144K(95872K)] 170885K->76399K(782848K), 0.0131640 secs] [Times: user=0.07 sys=0.00, real=0.02 secs] 
2014-07-08T15:34:49.610+0000: 338.447: [GC [PSYoungGen: 95840K->1440K(93952K)] 170095K->75767K(780928K), 0.0039340 secs] [Times: user=0.02 sys=0.00, real=0.01 secs] 
2014-07-08T15:34:50.632+0000: 339.469: [GC [PSYoungGen: 93920K->1988K(93312K)] 168247K->76411K(780288K), 0.0085940 secs] [Times: user=0.05 sys=0.00, real=0.01 secs] 
2014-07-08T15:34:51.885+0000: 340.723: [GC [PSYoungGen: 93252K->1902K(92032K)] 167675K->76583K(779008K), 0.0072920 secs] [Times: user=0.04 sys=0.00, real=0.01 secs] 
2014-07-08T15:34:53.026+0000: 341.863: [GC [PSYoungGen: 92014K->2044K(91008K)] 166695K->76789K(777984K), 0.0061120 secs] [Times: user=0.03 sys=0.00, real=0.00 secs] 
2014-07-08T15:34:54.123+0000: 342.960: [GC [PSYoungGen: 90983K->1330K(89216K)] 165729K->76261K(776192K), 0.0063240 secs] [Times: user=0.03 sys=0.01, real=0.00 secs] 
2014-07-08T15:34:55.235+0000: 344.072: [GC [PSYoungGen: 89202K->1792K(88640K)] 164133K->76803K(775616K), 0.0093640 secs] [Times: user=0.05 sys=0.00, real=0.01 secs] 
2014-07-08T15:34:56.354+0000: 345.191: [GC [PSYoungGen: 88556K->2006K(87744K)] 163567K->77097K(774720K), 0.0062800 secs] [Times: user=0.04 sys=0.00, real=0.00 secs] 
2014-07-08T15:34:57.532+0000: 346.369: [GC [PSYoungGen: 87702K->1596K(86272K)] 162793K->76775K(773248K), 0.0046520 secs] [Times: user=0.02 sys=0.00, real=0.01 secs] 
2014-07-08T15:34:58.637+0000: 347.474: [GC [PSYoungGen: 86267K->1522K(85184K)] 161446K->76821K(772160K), 0.0071930 secs] [Times: user=0.04 sys=0.00, real=0.01 secs] 
2014-07-08T15:34:59.806+0000: 348.643: [GC [PSYoungGen: 85170K->1508K(84160K)] 160469K->76855K(771136K), 0.0094740 secs] [Times: user=0.04 sys=0.01, real=0.01 secs] 
2014-07-08T15:35:00.972+0000: 349.809: [GC [PSYoungGen: 84132K->1810K(83520K)] 159479K->77245K(770496K), 0.0055800 secs] [Times: user=0.03 sys=0.00, real=0.01 secs] 
2014-07-08T15:35:02.012+0000: 350.849: [GC [PSYoungGen: 83463K->1924K(82688K)] 158899K->77415K(769664K), 0.0078890 secs] [Times: user=0.04 sys=0.00, real=0.01 secs] 
2014-07-08T15:35:03.132+0000: 351.969: [GC [PSYoungGen: 82627K->1213K(80960K)] 158118K->77249K(767936K), 0.0040380 secs] [Times: user=0.02 sys=0.00, real=0.01 secs] 
2014-07-08T15:35:04.279+0000: 353.116: [GC [PSYoungGen: 80957K->1490K(80384K)] 156993K->77582K(767360K), 0.0038230 secs] [Times: user=0.02 sys=0.00, real=0.00 secs] 
2014-07-08T15:35:05.329+0000: 354.167: [GC [PSYoungGen: 80338K->1810K(79808K)] 156430K->78096K(766784K), 0.0068590 secs] [Times: user=0.04 sys=0.00, real=0.01 secs] 
2014-07-08T15:35:06.155+0000: 354.992: [GC [PSYoungGen: 79762K->2112K(79232K)] 156048K->78487K(766208K), 0.0096490 secs] [Times: user=0.07 sys=0.00, real=0.01 secs] 
2014-07-08T15:35:07.133+0000: 355.971: [GC [PSYoungGen: 79168K->761K(76992K)] 155543K->78375K(763968K), 0.0059020 secs] [Times: user=0.03 sys=0.01, real=0.01 secs] 
2014-07-08T15:35:08.168+0000: 357.006: [GC [PSYoungGen: 76896K->2405K(92352K)] 154510K->80206K(779328K), 0.0233910 secs] [Times: user=0.14 sys=0.00, real=0.02 secs] 
2014-07-08T15:35:09.195+0000: 358.032: [GC [PSYoungGen: 92296K->1992K(94144K)] 170097K->80276K(781120K), 0.0151850 secs] [Times: user=0.10 sys=0.00, real=0.01 secs] 
2014-07-08T15:35:09.972+0000: 358.809: [GC [PSYoungGen: 93504K->2091K(92480K)] 171788K->80416K(779456K), 0.0041830 secs] [Times: user=0.02 sys=0.00, real=0.01 secs] 
2014-07-08T15:35:10.884+0000: 359.721: [GC [PSYoungGen: 92459K->1658K(93056K)] 170784K->80046K(780032K), 0.0097440 secs] [Times: user=0.06 sys=0.01, real=0.01 secs] 
2014-07-08T15:35:11.840+0000: 360.677: [GC [PSYoungGen: 92730K->1888K(93632K)] 171118K->80348K(780608K), 0.0108980 secs] [Times: user=0.07 sys=0.00, real=0.01 secs] 
2014-07-08T15:35:12.982+0000: 361.819: [GC [PSYoungGen: 92960K->2030K(91968K)] 171420K->80594K(778944K), 0.0067950 secs] [Times: user=0.04 sys=0.00, real=0.01 secs] 
2014-07-08T15:35:14.141+0000: 362.978: [GC [PSYoungGen: 91906K->1896K(90688K)] 170470K->80548K(777664K), 0.0072230 secs] [Times: user=0.03 sys=0.00, real=0.01 secs] 
2014-07-08T15:35:15.100+0000: 363.937: [GC [PSYoungGen: 90664K->1078K(88768K)] 169316K->80306K(775744K), 0.0057500 secs] [Times: user=0.03 sys=0.00, real=0.00 secs] 
2014-07-08T15:35:16.027+0000: 364.864: [GC [PSYoungGen: 88757K->2290K(88896K)] 167986K->81582K(775872K), 0.0086190 secs] [Times: user=0.05 sys=0.00, real=0.01 secs] 
2014-07-08T15:35:16.873+0000: 365.711: [GC [PSYoungGen: 88882K->1518K(87040K)] 168174K->81140K(774016K), 0.0082830 secs] [Times: user=0.05 sys=0.00, real=0.01 secs] 
2014-07-08T15:35:17.981+0000: 366.818: [GC [PSYoungGen: 87022K->1963K(86464K)] 166644K->81633K(773440K), 0.0054020 secs] [Times: user=0.02 sys=0.00, real=0.01 secs] 
2014-07-08T15:35:18.819+0000: 367.656: [GC [PSYoungGen: 86442K->1212K(84672K)] 166112K->80906K(771648K), 0.0052010 secs] [Times: user=0.02 sys=0.00, real=0.00 secs] 
2014-07-08T15:35:19.844+0000: 368.681: [GC [PSYoungGen: 84668K->1906K(84416K)] 164362K->81672K(771392K), 0.0113800 secs] [Times: user=0.08 sys=0.00, real=0.01 secs] 
2014-07-08T15:35:20.943+0000: 369.780: [GC [PSYoungGen: 84399K->1594K(83136K)] 164166K->81440K(770112K), 0.0053840 secs] [Times: user=0.03 sys=0.00, real=0.01 secs] 
2014-07-08T15:35:22.006+0000: 370.843: [GC [PSYoungGen: 83130K->2090K(82688K)] 162976K->82001K(769664K), 0.0058740 secs] [Times: user=0.03 sys=0.00, real=0.01 secs] 
2014-07-08T15:35:23.068+0000: 371.905: [GC [PSYoungGen: 82666K->1343K(81024K)] 162577K->82041K(768000K), 0.0097050 secs] [Times: user=0.07 sys=0.00, real=0.01 secs] 
2014-07-08T15:35:24.123+0000: 372.960: [GC [PSYoungGen: 81023K->1920K(80768K)] 161721K->82658K(767744K), 0.0089390 secs] [Times: user=0.05 sys=0.00, real=0.01 secs] 
2014-07-08T15:35:25.177+0000: 374.014: [GC [PSYoungGen: 80704K->1738K(79680K)] 161442K->82612K(766656K), 0.0143620 secs] [Times: user=0.10 sys=0.00, real=0.02 secs] 
2014-07-08T15:35:25.980+0000: 374.817: [GC [PSYoungGen: 79625K->1998K(95552K)] 160499K->82944K(782528K), 0.0217370 secs] [Times: user=0.15 sys=0.01, real=0.02 secs] 
2014-07-08T15:35:27.190+0000: 376.028: [GC [PSYoungGen: 95501K->1206K(100352K)] 176447K->82431K(787328K), 0.0062260 secs] [Times: user=0.03 sys=0.01, real=0.00 secs] 
2014-07-08T15:35:28.430+0000: 377.267: [GC [PSYoungGen: 100342K->2258K(100096K)] 181567K->83540K(787072K), 0.0053640 secs] [Times: user=0.03 sys=0.00, real=0.00 secs] 
2014-07-08T15:35:29.719+0000: 378.556: [GC [PSYoungGen: 100050K->1444K(97920K)] 181332K->83618K(784896K), 0.0081790 secs] [Times: user=0.04 sys=0.00, real=0.00 secs] 
2014-07-08T15:35:30.977+0000: 379.815: [GC [PSYoungGen: 97892K->1818K(97024K)] 180066K->84048K(784000K), 0.0066310 secs] [Times: user=0.03 sys=0.00, real=0.01 secs] 
2014-07-08T15:35:32.207+0000: 381.044: [GC [PSYoungGen: 96986K->2091K(96000K)] 179216K->84945K(782976K), 0.0071750 secs] [Times: user=0.02 sys=0.00, real=0.01 secs] 
2014-07-08T15:35:33.405+0000: 382.242: [GC [PSYoungGen: 95979K->2148K(94848K)] 178833K->85059K(781824K), 0.0075800 secs] [Times: user=0.05 sys=0.00, real=0.01 secs] 
2014-07-08T15:35:34.700+0000: 383.537: [GC [PSYoungGen: 94819K->1398K(92864K)] 177730K->84576K(779840K), 0.0039080 secs] [Times: user=0.02 sys=0.00, real=0.00 secs] 
2014-07-08T15:35:35.870+0000: 384.707: [GC [PSYoungGen: 92854K->1718K(92032K)] 176032K->84968K(779008K), 0.0068010 secs] [Times: user=0.04 sys=0.00, real=0.00 secs] 
2014-07-08T15:35:37.108+0000: 385.945: [GC [PSYoungGen: 92014K->1746K(90944K)] 175264K->85068K(777920K), 0.0060680 secs] [Times: user=0.03 sys=0.00, real=0.01 secs] 
2014-07-08T15:35:38.306+0000: 387.143: [GC [PSYoungGen: 90898K->1910K(89984K)] 174220K->85264K(776960K), 0.0127220 secs] [Times: user=0.07 sys=0.00, real=0.01 secs] 
2014-07-08T15:35:39.406+0000: 388.244: [GC [PSYoungGen: 89973K->1838K(88832K)] 173327K->85312K(775808K), 0.0141150 secs] [Times: user=0.07 sys=0.00, real=0.02 secs] 
2014-07-08T15:35:40.558+0000: 389.396: [GC [PSYoungGen: 88814K->2543K(88448K)] 172288K->86097K(775424K), 0.0047340 secs] [Times: user=0.03 sys=0.00, real=0.01 secs] 
2014-07-08T15:35:41.917+0000: 390.754: [GC [PSYoungGen: 88431K->754K(85632K)] 171985K->85216K(772608K), 0.0093870 secs] [Times: user=0.05 sys=0.00, real=0.01 secs] 
2014-07-08T15:35:43.144+0000: 391.981: [GC [PSYoungGen: 85578K->1758K(85632K)] 170041K->86252K(772608K), 0.0064440 secs] [Times: user=0.01 sys=0.01, real=0.01 secs] 
2014-07-08T15:35:44.159+0000: 392.996: [GC [PSYoungGen: 85593K->1956K(84800K)] 170087K->86795K(771776K), 0.0052090 secs] [Times: user=0.02 sys=0.01, real=0.01 secs] 
2014-07-08T15:35:45.288+0000: 394.125: [GC [PSYoungGen: 84772K->1955K(83840K)] 169611K->86858K(770816K), 0.0082790 secs] [Times: user=0.05 sys=0.00, real=0.01 secs] 
2014-07-08T15:35:46.381+0000: 395.218: [GC [PSYoungGen: 83811K->1266K(82176K)] 168714K->86192K(769152K), 0.0065260 secs] [Times: user=0.02 sys=0.00, real=0.01 secs] 
2014-07-08T15:35:47.355+0000: 396.192: [GC [PSYoungGen: 82161K->1842K(81792K)] 167088K->86825K(768768K), 0.0094850 secs] [Times: user=0.06 sys=0.00, real=0.01 secs] 
2014-07-08T15:35:48.410+0000: 397.247: [GC [PSYoungGen: 81778K->2046K(81088K)] 166761K->87076K(768064K), 0.0133280 secs] [Times: user=0.07 sys=0.01, real=0.02 secs] 
2014-07-08T15:35:49.518+0000: 398.355: [GC [PSYoungGen: 81067K->1618K(79808K)] 166098K->86688K(766784K), 0.0122030 secs] [Times: user=0.07 sys=0.00, real=0.01 secs] 
2014-07-08T15:35:50.602+0000: 399.439: [GC [PSYoungGen: 79762K->1458K(78720K)] 164832K->86760K(765696K), 0.0048450 secs] [Times: user=0.03 sys=0.00, real=0.00 secs] 
2014-07-08T15:35:51.705+0000: 400.542: [GC [PSYoungGen: 78706K->1978K(78400K)] 164008K->87336K(765376K), 0.0104960 secs] [Times: user=0.06 sys=0.00, real=0.01 secs] 
2014-07-08T15:35:52.757+0000: 401.594: [GC [PSYoungGen: 78394K->1568K(77184K)] 163752K->87255K(764160K), 0.0040070 secs] [Times: user=0.01 sys=0.00, real=0.01 secs] 
2014-07-08T15:35:53.552+0000: 402.389: [GC [PSYoungGen: 77152K->2286K(77056K)] 162839K->88021K(764032K), 0.0049640 secs] [Times: user=0.03 sys=0.00, real=0.01 secs] 
2014-07-08T15:35:54.526+0000: 403.364: [GC [PSYoungGen: 77038K->1020K(74944K)] 162773K->87470K(761920K), 0.0121790 secs] [Times: user=0.07 sys=0.00, real=0.01 secs] 
2014-07-08T15:35:57.188+0000: 406.025: [GC [PSYoungGen: 74940K->2304K(75520K)] 161390K->88819K(762496K), 0.0065890 secs] [Times: user=0.04 sys=0.00, real=0.01 secs] 
2014-07-08T15:36:11.441+0000: 420.279: [GC [PSYoungGen: 75456K->1640K(74048K)] 161971K->88366K(761024K), 0.0050220 secs] [Times: user=0.02 sys=0.00, real=0.01 secs] 
2014-07-08T15:36:11.571+0000: 420.408: [GC [PSYoungGen: 74004K->1598K(80512K)] 160730K->88356K(767488K), 0.0140010 secs] [Times: user=0.08 sys=0.00, real=0.02 secs] 
2014-07-08T15:36:11.710+0000: 420.547: [GC [PSYoungGen: 79486K->1664K(89472K)] 166244K->88455K(776448K), 0.0041270 secs] [Times: user=0.02 sys=0.00, real=0.01 secs] 
2014-07-08T15:36:11.859+0000: 420.696: [GC [PSYoungGen: 88566K->1714K(89472K)] 175357K->88553K(776448K), 0.0157430 secs] [Times: user=0.11 sys=0.01, real=0.02 secs] 
2014-07-08T15:36:12.032+0000: 420.869: [GC [PSYoungGen: 88596K->2073K(106752K)] 175434K->88960K(793728K), 0.0068460 secs] [Times: user=0.03 sys=0.00, real=0.01 secs] 
2014-07-08T15:36:12.238+0000: 421.075: [GC [PSYoungGen: 106329K->1852K(106816K)] 193216K->88795K(793792K), 0.0029910 secs] [Times: user=0.02 sys=0.00, real=0.00 secs] 
2014-07-08T15:36:12.452+0000: 421.289: [GC [PSYoungGen: 106108K->1494K(127616K)] 193051K->88492K(814592K), 0.0094330 secs] [Times: user=0.06 sys=0.00, real=0.01 secs] 
2014-07-08T15:36:13.024+0000: 421.861: [GC [PSYoungGen: 126614K->2034K(127616K)] 213612K->89104K(814592K), 0.0114710 secs] [Times: user=0.07 sys=0.01, real=0.02 secs] 
2014-07-08T15:36:14.490+0000: 423.327: [GC [PSYoungGen: 127154K->1938K(152640K)] 214224K->89072K(839616K), 0.0047790 secs] [Times: user=0.02 sys=0.00, real=0.00 secs] 
2014-07-08T15:36:23.532+0000: 432.369: [GC [PSYoungGen: 152082K->1554K(152640K)] 239216K->88768K(839616K), 0.0102600 secs] [Times: user=0.07 sys=0.00, real=0.01 secs] 
2014-07-08T15:36:49.992+0000: 458.829: [GC [PSYoungGen: 151698K->1630K(182656K)] 238912K->88892K(869632K), 0.0043910 secs] [Times: user=0.02 sys=0.01, real=0.00 secs] 
2014-07-08T15:36:50.295+0000: 459.133: [GC [PSYoungGen: 181852K->2070K(182656K)] 269115K->89421K(869632K), 0.0036120 secs] [Times: user=0.02 sys=0.00, real=0.00 secs] 
2014-07-08T15:36:50.634+0000: 459.471: [GC [PSYoungGen: 182294K->1394K(218816K)] 269645K->88808K(905792K), 0.0038010 secs] [Times: user=0.01 sys=0.00, real=0.00 secs] 
2014-07-08T15:36:51.198+0000: 460.035: [GC [PSYoungGen: 217714K->1738K(218816K)] 305128K->89217K(905792K), 0.0063140 secs] [Times: user=0.04 sys=0.00, real=0.01 secs] 
2014-07-08T15:36:55.188+0000: 464.025: [GC [PSYoungGen: 218025K->1352K(212800K)] 305503K->88862K(899776K), 0.0059900 secs] [Times: user=0.03 sys=0.00, real=0.01 secs] 
2014-07-08T15:36:55.860+0000: 464.697: [GC [PSYoungGen: 212744K->2258K(208960K)] 300254K->89849K(895936K), 0.0060780 secs] [Times: user=0.04 sys=0.01, real=0.01 secs] 
2014-07-08T15:36:58.531+0000: 467.368: [GC [PSYoungGen: 208870K->1198K(203328K)] 296460K->89519K(890304K), 0.0204990 secs] [Times: user=0.11 sys=0.00, real=0.02 secs] 
2014-07-08T15:37:01.490+0000: 470.327: [GC [PSYoungGen: 203310K->2382K(200128K)] 291631K->90736K(887104K), 0.0063970 secs] [Times: user=0.03 sys=0.00, real=0.01 secs] 
2014-07-08T15:37:04.231+0000: 473.068: [GC [PSYoungGen: 200054K->1522K(194944K)] 288407K->90440K(881920K), 0.0085490 secs] [Times: user=0.04 sys=0.00, real=0.01 secs] 
2014-07-08T15:37:06.989+0000: 475.826: [GC [PSYoungGen: 194930K->1970K(191296K)] 283848K->90905K(878272K), 0.0083430 secs] [Times: user=0.05 sys=0.00, real=0.01 secs] 
2014-07-08T15:37:09.798+0000: 478.635: [GC [PSYoungGen: 191282K->1500K(186880K)] 280217K->90451K(873856K), 0.0063550 secs] [Times: user=0.04 sys=0.00, real=0.01 secs] 
2014-07-08T15:37:12.372+0000: 481.210: [GC [PSYoungGen: 186829K->2037K(183552K)] 275780K->90988K(870528K), 0.0069210 secs] [Times: user=0.04 sys=0.00, real=0.01 secs] 
2014-07-08T15:37:14.804+0000: 483.642: [GC [PSYoungGen: 183541K->1706K(179520K)] 272492K->90795K(866496K), 0.0038930 secs] [Times: user=0.02 sys=0.00, real=0.00 secs] 
2014-07-08T15:37:17.391+0000: 486.228: [GC [PSYoungGen: 179498K->1696K(175936K)] 268587K->90809K(862912K), 0.0065210 secs] [Times: user=0.04 sys=0.00, real=0.01 secs] 
2014-07-08T15:37:33.160+0000: 501.997: [GC [PSYoungGen: 175904K->1422K(172224K)] 265017K->90607K(859200K), 0.0072810 secs] [Times: user=0.04 sys=0.00, real=0.01 secs] 
2014-07-08T15:37:33.460+0000: 502.297: [GC [PSYoungGen: 172174K->1334K(168704K)] 261359K->90590K(855680K), 0.0081600 secs] [Times: user=0.05 sys=0.00, real=0.01 secs] 
2014-07-08T15:37:33.783+0000: 502.620: [GC [PSYoungGen: 168694K->1252K(202112K)] 257950K->90556K(889088K), 0.0116830 secs] [Times: user=0.07 sys=0.00, real=0.01 secs] 
2014-07-08T15:37:34.176+0000: 503.013: [GC [PSYoungGen: 202084K->1284K(242368K)] 291388K->90628K(929344K), 0.0046950 secs] [Times: user=0.02 sys=0.00, real=0.01 secs] 
2014-07-08T15:37:38.827+0000: 507.664: [GC [PSYoungGen: 242301K->2170K(249344K)] 331646K->91571K(936320K), 0.0032420 secs] [Times: user=0.02 sys=0.00, real=0.01 secs] 
2014-07-08T15:37:39.381+0000: 508.219: [GC [PSYoungGen: 248909K->1924K(249408K)] 338310K->91389K(936384K), 0.0061550 secs] [Times: user=0.04 sys=0.00, real=0.00 secs] 
2014-07-08T15:37:42.530+0000: 511.367: [GC [PSYoungGen: 248687K->2124K(242944K)] 338152K->91589K(929920K), 0.0160740 secs] [Times: user=0.10 sys=0.00, real=0.01 secs] 
2014-07-08T15:37:45.951+0000: 514.788: [GC [PSYoungGen: 242892K->2229K(237248K)] 332357K->91694K(924224K), 0.0090800 secs] [Times: user=0.04 sys=0.00, real=0.01 secs] 
2014-07-08T15:37:49.471+0000: 518.309: [GC [PSYoungGen: 237237K->1014K(230464K)] 326702K->91041K(917440K), 0.0119580 secs] [Times: user=0.07 sys=0.00, real=0.01 secs] 
2014-07-08T15:37:52.742+0000: 521.579: [GC [PSYoungGen: 230454K->1968K(226048K)] 320481K->92027K(913024K), 0.0066390 secs] [Times: user=0.04 sys=0.00, real=0.00 secs] 
2014-07-08T15:37:55.579+0000: 524.417: [GC [PSYoungGen: 226030K->2222K(221120K)] 316089K->92719K(908096K), 0.0092310 secs] [Times: user=0.04 sys=0.00, real=0.01 secs] 
2014-07-08T15:37:58.744+0000: 527.582: [GC [PSYoungGen: 221102K->2002K(215936K)] 311599K->92499K(902912K), 0.0147280 secs] [Times: user=0.08 sys=0.00, real=0.01 secs] 
2014-07-08T15:38:02.146+0000: 530.983: [GC [PSYoungGen: 215890K->1266K(210368K)] 306387K->92355K(897344K), 0.0093590 secs] [Times: user=0.06 sys=0.00, real=0.01 secs] 
2014-07-08T15:38:05.176+0000: 534.013: [GC [PSYoungGen: 210351K->1942K(206400K)] 301440K->93063K(893376K), 0.0048320 secs] [Times: user=0.02 sys=0.00, real=0.00 secs] 
2014-07-08T15:38:08.119+0000: 536.956: [GC [PSYoungGen: 206357K->1774K(201728K)] 297478K->93283K(888704K), 0.0129830 secs] [Times: user=0.07 sys=0.00, real=0.02 secs] 
2014-07-08T15:38:10.803+0000: 539.641: [GC [PSYoungGen: 201692K->1796K(197440K)] 293201K->93305K(884416K), 0.0074140 secs] [Times: user=0.04 sys=0.01, real=0.00 secs] 
2014-07-08T15:38:13.581+0000: 542.418: [GC [PSYoungGen: 197360K->1532K(192960K)] 288869K->93483K(879936K), 0.0157560 secs] [Times: user=0.09 sys=0.01, real=0.02 secs] 
2014-07-08T15:38:16.343+0000: 545.180: [GC [PSYoungGen: 192956K->2194K(189632K)] 284907K->94178K(876608K), 0.0085740 secs] [Times: user=0.06 sys=0.00, real=0.00 secs] 
2014-07-08T15:38:18.978+0000: 547.815: [GC [PSYoungGen: 189586K->1270K(184768K)] 281569K->94084K(871744K), 0.0193030 secs] [Times: user=0.13 sys=0.01, real=0.02 secs] 
2014-07-08T15:38:21.621+0000: 550.458: [GC [PSYoungGen: 184758K->2090K(181824K)] 277572K->94944K(868800K), 0.0128070 secs] [Times: user=0.08 sys=0.00, real=0.02 secs] 
2014-07-08T15:38:24.473+0000: 553.311: [GC [PSYoungGen: 181802K->1436K(177536K)] 274656K->94346K(864512K), 0.0069470 secs] [Times: user=0.02 sys=0.00, real=0.01 secs] 
2014-07-08T15:38:27.117+0000: 555.954: [GC [PSYoungGen: 177500K->1764K(174336K)] 270410K->94674K(861312K), 0.0149230 secs] [Times: user=0.09 sys=0.00, real=0.01 secs] 
2014-07-08T15:38:29.810+0000: 558.647: [GC [PSYoungGen: 174308K->1856K(171008K)] 267218K->94766K(857984K), 0.0097080 secs] [Times: user=0.06 sys=0.00, real=0.01 secs] 
2014-07-08T15:38:32.252+0000: 561.089: [GC [PSYoungGen: 170944K->2219K(168000K)] 263854K->95145K(854976K), 0.0080070 secs] [Times: user=0.03 sys=0.01, real=0.01 secs] 
2014-07-08T15:38:34.585+0000: 563.422: [GC [PSYoungGen: 167932K->875K(163456K)] 260858K->94766K(850432K), 0.0051320 secs] [Times: user=0.03 sys=0.00, real=0.01 secs] 
2014-07-08T15:38:36.862+0000: 565.699: [GC [PSYoungGen: 163435K->2064K(161536K)] 257326K->96021K(848512K), 0.0072460 secs] [Times: user=0.02 sys=0.00, real=0.01 secs] 
2014-07-08T15:38:39.102+0000: 567.939: [GC [PSYoungGen: 161449K->2045K(158464K)] 255406K->96686K(845440K), 0.0075610 secs] [Times: user=0.05 sys=0.01, real=0.01 secs] 
2014-07-08T15:38:55.444+0000: 584.281: [GC [PSYoungGen: 158461K->2014K(155520K)] 253102K->96711K(842496K), 0.0065840 secs] [Times: user=0.03 sys=0.00, real=0.01 secs] 
2014-07-08T15:38:55.713+0000: 584.550: [GC [PSYoungGen: 155486K->1454K(152128K)] 250183K->96263K(839104K), 0.0053410 secs] [Times: user=0.03 sys=0.00, real=0.00 secs] 
2014-07-08T15:38:55.981+0000: 584.818: [GC [PSYoungGen: 152110K->1536K(149504K)] 246919K->96409K(836480K), 0.0033160 secs] [Times: user=0.01 sys=0.00, real=0.00 secs] 
2014-07-08T15:38:56.266+0000: 585.103: [GC [PSYoungGen: 149440K->1958K(147200K)] 244313K->96880K(834176K), 0.0037290 secs] [Times: user=0.01 sys=0.00, real=0.01 secs] 
2014-07-08T15:38:56.770+0000: 585.607: [GC [PSYoungGen: 147133K->1980K(144640K)] 242054K->96957K(831616K), 0.0068710 secs] [Times: user=0.03 sys=0.00, real=0.00 secs] 
2014-07-08T15:38:58.315+0000: 587.152: [GC [PSYoungGen: 144636K->1336K(141504K)] 239613K->96735K(828480K), 0.0068730 secs] [Times: user=0.05 sys=0.00, real=0.01 secs] 
2014-07-08T15:39:00.074+0000: 588.911: [GC [PSYoungGen: 141496K->1728K(139520K)] 236895K->97176K(826496K), 0.0059490 secs] [Times: user=0.03 sys=0.00, real=0.01 secs] 
2014-07-08T15:39:01.840+0000: 590.677: [GC [PSYoungGen: 139456K->2031K(137408K)] 234904K->97891K(824384K), 0.0065340 secs] [Times: user=0.04 sys=0.00, real=0.01 secs] 
2014-07-08T15:39:03.582+0000: 592.420: [GC [PSYoungGen: 137391K->1792K(134912K)] 233251K->97716K(821888K), 0.0074530 secs] [Times: user=0.03 sys=0.00, real=0.01 secs] 
2014-07-08T15:39:05.355+0000: 594.192: [GC [PSYoungGen: 134848K->1532K(132352K)] 230772K->97762K(819328K), 0.0086510 secs] [Times: user=0.06 sys=0.00, real=0.01 secs] 
2014-07-08T15:39:06.974+0000: 595.811: [GC [PSYoungGen: 132348K->1632K(130304K)] 228578K->97910K(817280K), 0.0049960 secs] [Times: user=0.02 sys=0.00, real=0.00 secs] 
2014-07-08T15:39:08.711+0000: 597.548: [GC [PSYoungGen: 130245K->1878K(128448K)] 226523K->98278K(815424K), 0.0060640 secs] [Times: user=0.04 sys=0.00, real=0.01 secs] 
2014-07-08T15:39:10.315+0000: 599.152: [GC [PSYoungGen: 128347K->2027K(126528K)] 224747K->98483K(813504K), 0.0128310 secs] [Times: user=0.07 sys=0.00, real=0.01 secs] 
2014-07-08T15:39:11.878+0000: 600.715: [GC [PSYoungGen: 126507K->1056K(123584K)] 222963K->98048K(810560K), 0.0095690 secs] [Times: user=0.05 sys=0.00, real=0.01 secs] 
2014-07-08T15:39:13.330+0000: 602.167: [GC [PSYoungGen: 123527K->1766K(122368K)] 220519K->98856K(809344K), 0.0107320 secs] [Times: user=0.05 sys=0.01, real=0.01 secs] 
2014-07-08T15:39:14.790+0000: 603.627: [GC [PSYoungGen: 122342K->1668K(120384K)] 219432K->99218K(807360K), 0.0045300 secs] [Times: user=0.02 sys=0.00, real=0.01 secs] 
2014-07-08T15:39:16.315+0000: 605.152: [GC [PSYoungGen: 120324K->1248K(118080K)] 217874K->98838K(805056K), 0.0104110 secs] [Times: user=0.06 sys=0.00, real=0.01 secs] 
2014-07-08T15:39:17.722+0000: 606.559: [GC [PSYoungGen: 118041K->1896K(116928K)] 215632K->99678K(803904K), 0.0040350 secs] [Times: user=0.01 sys=0.00, real=0.01 secs] 
2014-07-08T15:39:21.956+0000: 610.793: [GC [PSYoungGen: 116904K->1644K(114944K)] 214686K->99516K(801920K), 0.0069900 secs] [Times: user=0.03 sys=0.00, real=0.01 secs] 
2014-07-08T15:39:22.155+0000: 610.992: [GC [PSYoungGen: 114924K->1088K(137024K)] 212796K->99124K(824000K), 0.0058910 secs] [Times: user=0.03 sys=0.00, real=0.00 secs] 
2014-07-08T15:39:22.414+0000: 611.251: [GC [PSYoungGen: 137024K->1682K(164864K)] 235060K->99726K(851840K), 0.0076270 secs] [Times: user=0.01 sys=0.00, real=0.00 secs] 
2014-07-08T15:39:22.966+0000: 611.803: [GC [PSYoungGen: 164818K->1836K(197632K)] 262862K->99912K(884608K), 0.0204700 secs] [Times: user=0.12 sys=0.01, real=0.02 secs] 
2014-07-08T15:39:24.388+0000: 613.226: [GC [PSYoungGen: 197612K->1654K(236608K)] 295688K->99818K(923584K), 0.0072770 secs] [Times: user=0.04 sys=0.00, real=0.01 secs] 
2014-07-08T15:39:31.617+0000: 620.454: [GC [PSYoungGen: 236598K->1397K(261696K)] 334762K->100006K(948672K), 0.0055020 secs] [Times: user=0.03 sys=0.00, real=0.00 secs] 
2014-07-08T15:40:03.527+0000: 652.364: [GC [PSYoungGen: 261685K->1682K(255488K)] 360294K->100340K(942464K), 0.0063870 secs] [Times: user=0.04 sys=0.00, real=0.01 secs] 
2014-07-08T15:40:03.983+0000: 652.820: [GC [PSYoungGen: 255418K->683K(260288K)] 354075K->100776K(947264K), 0.0061660 secs] [Times: user=0.04 sys=0.01, real=0.00 secs] 
2014-07-08T15:40:05.016+0000: 653.853: [GC [PSYoungGen: 260267K->1906K(255040K)] 360360K->102155K(942016K), 0.0042060 secs] [Times: user=0.02 sys=0.00, real=0.01 secs] 
2014-07-08T15:41:05.848+0000: 714.685: [GC [PSYoungGen: 255026K->558K(247488K)] 355275K->102540K(934464K), 0.0043770 secs] [Times: user=0.02 sys=0.00, real=0.01 secs] 
2014-07-08T15:41:06.287+0000: 715.124: [GC [PSYoungGen: 247470K->2302K(243200K)] 349452K->104341K(930176K), 0.0086690 secs] [Times: user=0.05 sys=0.00, real=0.01 secs] 
2014-07-08T15:41:06.733+0000: 715.570: [GC [PSYoungGen: 243198K->1656K(258944K)] 345237K->104143K(945920K), 0.0078180 secs] [Times: user=0.05 sys=0.00, real=0.01 secs] 
2014-07-08T15:42:00.341+0000: 769.178: [GC [PSYoungGen: 258424K->1454K(251840K)] 360911K->103940K(938816K), 0.0162900 secs] [Times: user=0.09 sys=0.00, real=0.02 secs] 
2014-07-08T15:42:21.435+0000: 790.272: [GC [PSYoungGen: 251762K->1206K(245440K)] 354248K->104041K(932416K), 0.0052940 secs] [Times: user=0.01 sys=0.00, real=0.00 secs] 
2014-07-08T15:42:21.866+0000: 790.703: [GC [PSYoungGen: 245390K->1878K(240256K)] 348225K->104777K(927232K), 0.0043220 secs] [Times: user=0.01 sys=0.00, real=0.00 secs] 
2014-07-08T15:42:22.733+0000: 791.570: [GC [PSYoungGen: 240214K->1362K(234048K)] 343113K->104475K(921024K), 0.0047940 secs] [Times: user=0.03 sys=0.01, real=0.00 secs] 
2014-07-08T15:44:56.107+0000: 944.944: [GC [PSYoungGen: 234002K->1700K(228864K)] 337115K->104933K(915840K), 0.0104450 secs] [Times: user=0.06 sys=0.00, real=0.01 secs] 
2014-07-08T15:45:34.727+0000: 983.564: [GC [PSYoungGen: 228836K->1572K(223424K)] 332069K->104805K(910400K), 0.0073430 secs] [Times: user=0.04 sys=0.00, real=0.01 secs] 
2014-07-08T15:45:35.101+0000: 983.938: [GC [PSYoungGen: 223396K->2002K(218752K)] 326629K->105291K(905728K), 0.0054100 secs] [Times: user=0.03 sys=0.00, real=0.00 secs] 
2014-07-08T15:45:35.487+0000: 984.324: [GC [PSYoungGen: 218706K->1270K(251904K)] 321995K->105093K(938880K), 0.0155350 secs] [Times: user=0.08 sys=0.00, real=0.02 secs] 
2014-07-08T15:45:38.368+0000: 987.205: [GC [PSYoungGen: 251856K->1783K(253056K)] 355680K->105646K(940032K), 0.0061650 secs] [Times: user=0.04 sys=0.00, real=0.01 secs] 
2014-07-08T15:45:41.903+0000: 990.741: [GC [PSYoungGen: 252407K->1486K(246016K)] 356270K->105737K(932992K), 0.0068650 secs] [Times: user=0.03 sys=0.00, real=0.00 secs] 
2014-07-08T15:49:16.819+0000: 1205.656: [GC [PSYoungGen: 245893K->1384K(240000K)] 350144K->106123K(926976K), 0.0131270 secs] [Times: user=0.09 sys=0.00, real=0.01 secs] 
2014-07-08T15:50:33.284+0000: 1282.121: [GC [PSYoungGen: 239976K->1326K(234240K)] 344715K->106066K(921216K), 0.0042650 secs] [Times: user=0.02 sys=0.00, real=0.01 secs] 
2014-07-08T15:50:33.649+0000: 1282.486: [GC [PSYoungGen: 234221K->1504K(281024K)] 338961K->106365K(968000K), 0.0097730 secs] [Times: user=0.02 sys=0.01, real=0.01 secs] 
2014-07-08T15:50:34.670+0000: 1283.507: [GC [PSYoungGen: 280992K->1632K(273920K)] 385853K->106542K(960896K), 0.0053500 secs] [Times: user=0.03 sys=0.00, real=0.00 secs] 
2014-07-08T15:53:55.803+0000: 1484.640: [GC [PSYoungGen: 273888K->1762K(267072K)] 378798K->106671K(954048K), 0.0074770 secs] [Times: user=0.05 sys=0.00, real=0.01 secs] 
2014-07-08T15:53:56.253+0000: 1485.090: [GC [PSYoungGen: 267042K->1066K(259648K)] 371951K->106580K(946624K), 0.0053160 secs] [Times: user=0.02 sys=0.00, real=0.01 secs] 
2014-07-08T15:53:56.675+0000: 1485.512: [GC [PSYoungGen: 259626K->2020K(254144K)] 365140K->107598K(941120K), 0.0060290 secs] [Times: user=0.03 sys=0.01, real=0.01 secs] 
2014-07-08T15:53:58.389+0000: 1487.226: [GC [PSYoungGen: 254116K->1274K(247168K)] 359694K->107652K(934144K), 0.0050940 secs] [Times: user=0.03 sys=0.00, real=0.00 secs] 
2014-07-08T15:55:00.208+0000: 1549.045: [GC [PSYoungGen: 247162K->1980K(241920K)] 353540K->108383K(928896K), 0.0072560 secs] [Times: user=0.03 sys=0.01, real=0.00 secs] 
2014-07-08T15:55:00.616+0000: 1549.453: [GC [PSYoungGen: 241916K->1380K(235584K)] 348319K->107846K(922560K), 0.0081470 secs] [Times: user=0.05 sys=0.00, real=0.01 secs] 
2014-07-08T15:55:01.031+0000: 1549.868: [GC [PSYoungGen: 235556K->1124K(229760K)] 342022K->107670K(916736K), 0.0032730 secs] [Times: user=0.02 sys=0.00, real=0.00 secs] 
2014-07-08T15:55:04.227+0000: 1553.064: [GC [PSYoungGen: 229731K->1746K(225088K)] 336277K->108292K(912064K), 0.0051430 secs] [Times: user=0.02 sys=0.01, real=0.01 secs] 
2014-07-08T15:55:13.826+0000: 1562.663: [GC [PSYoungGen: 225042K->1572K(219776K)] 331588K->108119K(906752K), 0.0052980 secs] [Times: user=0.03 sys=0.00, real=0.01 secs] 
2014-07-08T15:55:14.193+0000: 1563.030: [GC [PSYoungGen: 219748K->1390K(214592K)] 326295K->108155K(901568K), 0.0052990 secs] [Times: user=0.03 sys=0.00, real=0.01 secs] 
2014-07-08T15:55:14.993+0000: 1563.831: [GC [PSYoungGen: 214574K->1686K(210112K)] 321339K->108507K(897088K), 0.0063030 secs] [Times: user=0.02 sys=0.01, real=0.01 secs] 
2014-07-08T15:55:17.324+0000: 1566.161: [GC [PSYoungGen: 210070K->1422K(205248K)] 316891K->108317K(892224K), 0.0075900 secs] [Times: user=0.04 sys=0.01, real=0.01 secs] 
2014-07-08T15:56:41.515+0000: 1650.353: [GC [PSYoungGen: 205198K->1572K(200896K)] 312093K->108467K(887872K), 0.0092790 secs] [Times: user=0.02 sys=0.00, real=0.01 secs] 
2014-07-08T15:57:42.844+0000: 1711.681: [GC [PSYoungGen: 200868K->1469K(196480K)] 307763K->108584K(883456K), 0.0028570 secs] [Times: user=0.02 sys=0.00, real=0.00 secs] 
2014-07-08T15:57:43.158+0000: 1711.995: [GC [PSYoungGen: 196451K->1306K(192192K)] 303566K->108508K(879168K), 0.0031470 secs] [Times: user=0.01 sys=0.01, real=0.00 secs] 
2014-07-08T15:57:43.458+0000: 1712.295: [GC [PSYoungGen: 192154K->1583K(188416K)] 299356K->108866K(875392K), 0.0044510 secs] [Times: user=0.02 sys=0.00, real=0.01 secs] 
2014-07-08T15:57:44.366+0000: 1713.203: [GC [PSYoungGen: 188399K->1426K(225664K)] 295682K->108733K(912640K), 0.0169940 secs] [Times: user=0.10 sys=0.01, real=0.02 secs] 
2014-07-08T15:57:50.106+0000: 1718.943: [GC [PSYoungGen: 225618K->1206K(220224K)] 332925K->108608K(907200K), 0.0160470 secs] [Times: user=0.10 sys=0.00, real=0.02 secs] 
2014-07-08T16:00:19.795+0000: 1868.633: [GC [PSYoungGen: 220214K->1654K(215680K)] 327616K->109089K(902656K), 0.0075380 secs] [Times: user=0.05 sys=0.00, real=0.00 secs] 
2014-07-08T16:00:20.181+0000: 1869.019: [GC [PSYoungGen: 215670K->1404K(210624K)] 323105K->108961K(897600K), 0.0031640 secs] [Times: user=0.02 sys=0.00, real=0.00 secs] 
2014-07-08T16:00:20.531+0000: 1869.368: [GC [PSYoungGen: 210620K->1550K(206144K)] 318177K->109179K(893120K), 0.0035080 secs] [Times: user=0.02 sys=0.00, real=0.00 secs] 
2014-07-08T16:00:21.244+0000: 1870.081: [GC [PSYoungGen: 206094K->1120K(201216K)] 313723K->108965K(888192K), 0.0090950 secs] [Times: user=0.05 sys=0.00, real=0.01 secs] 
2014-07-08T16:00:42.003+0000: 1890.840: [GC [PSYoungGen: 201184K->1970K(197696K)] 309029K->110031K(884672K), 0.0052940 secs] [Times: user=0.02 sys=0.00, real=0.01 secs] 
2014-07-08T16:00:42.332+0000: 1891.169: [GC [PSYoungGen: 197682K->886K(192448K)] 305743K->110004K(879424K), 0.0033090 secs] [Times: user=0.01 sys=0.00, real=0.00 secs] 
2014-07-08T16:00:42.632+0000: 1891.469: [GC [PSYoungGen: 192437K->1494K(231424K)] 301555K->110644K(918400K), 0.0109760 secs] [Times: user=0.07 sys=0.01, real=0.01 secs] 
2014-07-08T16:00:43.339+0000: 1892.176: [GC [PSYoungGen: 231378K->1522K(277440K)] 340528K->110950K(964416K), 0.0060940 secs] [Times: user=0.04 sys=0.01, real=0.00 secs] 
2014-07-08T16:01:01.867+0000: 1910.704: [GC [PSYoungGen: 277426K->1430K(270272K)] 386854K->110858K(957248K), 0.0061790 secs] [Times: user=0.04 sys=0.01, real=0.01 secs] 
2014-07-08T16:02:04.943+0000: 1973.780: [GC [PSYoungGen: 270230K->1398K(263360K)] 379658K->110834K(950336K), 0.0033330 secs] [Times: user=0.01 sys=0.00, real=0.00 secs] 
2014-07-08T16:02:05.377+0000: 1974.215: [GC [PSYoungGen: 263350K->1568K(279360K)] 372786K->111108K(966336K), 0.0084960 secs] [Times: user=0.04 sys=0.00, real=0.01 secs] 
2014-07-08T16:02:06.684+0000: 1975.522: [GC [PSYoungGen: 278816K->1476K(271616K)] 388356K->111072K(958592K), 0.0056950 secs] [Times: user=0.04 sys=0.00, real=0.00 secs] 
2014-07-08T16:02:33.958+0000: 2002.795: [GC [PSYoungGen: 271556K->1944K(265216K)] 381152K->111541K(952192K), 0.0064400 secs] [Times: user=0.03 sys=0.00, real=0.00 secs] 
2014-07-08T16:03:23.773+0000: 2052.610: [GC [PSYoungGen: 265176K->633K(257280K)] 374773K->110895K(944256K), 0.0036440 secs] [Times: user=0.02 sys=0.00, real=0.00 secs] 
2014-07-08T16:03:24.202+0000: 2053.040: [GC [PSYoungGen: 257273K->1783K(252032K)] 367535K->112102K(939008K), 0.0084630 secs] [Times: user=0.05 sys=0.00, real=0.01 secs] 
2014-07-08T16:03:25.737+0000: 2054.574: [GC [PSYoungGen: 252023K->1422K(245568K)] 362342K->112143K(932544K), 0.0117740 secs] [Times: user=0.07 sys=0.00, real=0.01 secs] 
2014-07-08T16:03:48.748+0000: 2077.585: [GC [PSYoungGen: 245518K->1763K(240000K)] 356239K->112484K(926976K), 0.0038720 secs] [Times: user=0.02 sys=0.00, real=0.00 secs] 
2014-07-08T16:03:49.149+0000: 2077.986: [GC [PSYoungGen: 239971K->1151K(233664K)] 350692K->112505K(920640K), 0.0040310 secs] [Times: user=0.01 sys=0.00, real=0.00 secs] 
2014-07-08T16:03:49.545+0000: 2078.382: [GC [PSYoungGen: 233663K->1448K(228480K)] 345017K->112850K(915456K), 0.0050750 secs] [Times: user=0.02 sys=0.00, real=0.01 secs] 
2014-07-08T16:03:53.595+0000: 2082.432: [GC [PSYoungGen: 228455K->1380K(223104K)] 339857K->113060K(910080K), 0.0149140 secs] [Times: user=0.10 sys=0.00, real=0.02 secs] 
2014-07-08T16:05:13.098+0000: 2161.935: [GC [PSYoungGen: 223076K->2087K(218688K)] 334756K->113857K(905664K), 0.0062030 secs] [Times: user=0.04 sys=0.00, real=0.01 secs] 
2014-07-08T16:05:13.493+0000: 2162.330: [GC [PSYoungGen: 218663K->768K(212416K)] 330433K->113006K(899392K), 0.0032420 secs] [Times: user=0.01 sys=0.00, real=0.00 secs] 
2014-07-08T16:05:13.847+0000: 2162.684: [GC [PSYoungGen: 212369K->1701K(208640K)] 324607K->113995K(895616K), 0.0035630 secs] [Times: user=0.02 sys=0.00, real=0.01 secs] 
2014-07-08T16:05:15.148+0000: 2163.986: [GC [PSYoungGen: 208613K->1458K(203840K)] 320907K->114030K(890816K), 0.0077650 secs] [Times: user=0.05 sys=0.00, real=0.01 secs] 
2014-07-08T16:05:16.013+0000: 2164.851: [GC [PSYoungGen: 203826K->1646K(199616K)] 316398K->114274K(886592K), 0.0076590 secs] [Times: user=0.02 sys=0.00, real=0.01 secs] 
2014-07-08T16:05:55.014+0000: 2203.851: [GC [PSYoungGen: 199574K->1394K(195072K)] 312203K->114054K(882048K), 0.0106240 secs] [Times: user=0.03 sys=0.00, real=0.02 secs] 
2014-07-08T16:06:51.108+0000: 2259.945: [GC [PSYoungGen: 195039K->1648K(191232K)] 307699K->114324K(878208K), 0.0035710 secs] [Times: user=0.02 sys=0.01, real=0.00 secs] 
2014-07-08T16:06:51.433+0000: 2260.270: [GC [PSYoungGen: 191216K->1302K(186944K)] 303892K->114068K(873920K), 0.0050040 secs] [Times: user=0.02 sys=0.00, real=0.01 secs] 
2014-07-08T16:06:51.743+0000: 2260.581: [GC [PSYoungGen: 186902K->1422K(224192K)] 299668K->114228K(911168K), 0.0126180 secs] [Times: user=0.06 sys=0.00, real=0.02 secs] 
2014-07-08T16:06:54.473+0000: 2263.310: [GC [PSYoungGen: 224142K->1440K(268736K)] 336948K->114342K(955712K), 0.0126220 secs] [Times: user=0.08 sys=0.01, real=0.02 secs] 
2014-07-08T16:09:14.175+0000: 2403.013: [GC [PSYoungGen: 268704K->1316K(261824K)] 381606K->114258K(948800K), 0.0147290 secs] [Times: user=0.08 sys=0.00, real=0.02 secs] 
2014-07-08T16:09:14.645+0000: 2403.482: [GC [PSYoungGen: 261782K->1338K(302336K)] 374724K->114328K(989312K), 0.0069670 secs] [Times: user=0.04 sys=0.00, real=0.01 secs] 
2014-07-08T16:09:15.300+0000: 2404.137: [GC [PSYoungGen: 302330K->1298K(303040K)] 415320K->114344K(990016K), 0.0075390 secs] [Times: user=0.04 sys=0.00, real=0.01 secs] 
2014-07-08T16:12:09.470+0000: 2578.307: [GC [PSYoungGen: 302290K->1976K(294912K)] 415336K->115039K(981888K), 0.0127810 secs] [Times: user=0.07 sys=0.00, real=0.02 secs] 
2014-07-08T16:13:15.299+0000: 2644.136: [GC [PSYoungGen: 294904K->1610K(286848K)] 407967K->114680K(973824K), 0.0072000 secs] [Times: user=0.03 sys=0.01, real=0.01 secs] 
2014-07-08T16:13:15.806+0000: 2644.643: [GC [PSYoungGen: 286794K->754K(278464K)] 399864K->114316K(965440K), 0.0045190 secs] [Times: user=0.02 sys=0.01, real=0.00 secs] 
2014-07-08T16:13:33.956+0000: 2662.794: [GC [PSYoungGen: 278450K->1626K(272192K)] 392012K->115220K(959168K), 0.0079620 secs] [Times: user=0.03 sys=0.00, real=0.00 secs] 
2014-07-08T16:14:56.395+0000: 2745.232: [GC [PSYoungGen: 272154K->1518K(265152K)] 385748K->115309K(952128K), 0.0036800 secs] [Times: user=0.02 sys=0.00, real=0.01 secs] 
2014-07-08T16:14:56.867+0000: 2745.704: [GC [PSYoungGen: 265134K->1650K(258624K)] 378925K->115528K(945600K), 0.0036580 secs] [Times: user=0.01 sys=0.00, real=0.01 secs] 
2014-07-08T16:14:57.900+0000: 2746.737: [GC [PSYoungGen: 258610K->932K(251520K)] 372488K->115205K(938496K), 0.0078160 secs] [Times: user=0.05 sys=0.00, real=0.00 secs] 
2014-07-08T16:17:31.273+0000: 2900.110: [GC [PSYoungGen: 251492K->2023K(246464K)] 365765K->116800K(933440K), 0.0045070 secs] [Times: user=0.02 sys=0.01, real=0.00 secs] 
2014-07-08T16:17:31.702+0000: 2900.539: [GC [PSYoungGen: 246439K->1148K(294464K)] 361216K->116475K(981440K), 0.0126660 secs] [Times: user=0.09 sys=0.00, real=0.01 secs] 
2014-07-08T16:17:32.179+0000: 2901.016: [GC [PSYoungGen: 294460K->1596K(287168K)] 409787K->117003K(974144K), 0.0028450 secs] [Times: user=0.02 sys=0.00, real=0.01 secs] 
2014-07-08T16:17:38.893+0000: 2907.730: [GC [PSYoungGen: 287164K->1294K(279424K)] 402571K->117078K(966400K), 0.0046060 secs] [Times: user=0.02 sys=0.00, real=0.00 secs] 
2014-07-08T16:17:39.405+0000: 2908.242: [GC [PSYoungGen: 279342K->1398K(272320K)] 395125K->117253K(959296K), 0.0045390 secs] [Times: user=0.02 sys=0.00, real=0.00 secs] 
2014-07-08T16:17:42.415+0000: 2911.252: [GC [PSYoungGen: 272310K->1536K(265600K)] 388165K->117391K(952576K), 0.0058420 secs] [Times: user=0.02 sys=0.00, real=0.00 secs] 
2014-07-08T16:20:29.963+0000: 3078.800: [GC [PSYoungGen: 265536K->1905K(259264K)] 381391K->117760K(946240K), 0.0185210 secs] [Times: user=0.10 sys=0.00, real=0.02 secs] 
2014-07-08T16:21:15.620+0000: 3124.457: [GC [PSYoungGen: 259249K->885K(251840K)] 375104K->117068K(938816K), 0.0041800 secs] [Times: user=0.02 sys=0.01, real=0.00 secs] 
2014-07-08T16:21:16.017+0000: 3124.854: [GC [PSYoungGen: 251829K->1526K(246336K)] 368012K->117764K(933312K), 0.0045290 secs] [Times: user=0.02 sys=0.01, real=0.00 secs] 
2014-07-08T16:21:16.968+0000: 3125.805: [GC [PSYoungGen: 246326K->1330K(240192K)] 362564K->117756K(927168K), 0.0044140 secs] [Times: user=0.02 sys=0.00, real=0.00 secs] 
2014-07-08T16:21:42.378+0000: 3151.215: [GC [PSYoungGen: 240177K->1590K(234752K)] 356604K->118017K(921728K), 0.0087840 secs] [Times: user=0.05 sys=0.00, real=0.01 secs] 
2014-07-08T16:25:44.588+0000: 3393.425: [GC [PSYoungGen: 234742K->1454K(229120K)] 351169K->117931K(916096K), 0.0169260 secs] [Times: user=0.11 sys=0.00, real=0.01 secs] 
2014-07-08T16:25:44.981+0000: 3393.818: [GC [PSYoungGen: 229102K->1909K(275136K)] 345579K->118458K(962112K), 0.0136370 secs] [Times: user=0.10 sys=0.00, real=0.01 secs] 
2014-07-08T16:25:45.462+0000: 3394.300: [GC [PSYoungGen: 275108K->893K(328768K)] 391657K->117969K(1015744K), 0.0062580 secs] [Times: user=0.01 sys=0.00, real=0.01 secs] 
2014-07-08T16:27:35.765+0000: 3504.602: [GC [PSYoungGen: 328765K->2039K(320768K)] 445841K->119189K(1007744K), 0.0078050 secs] [Times: user=0.03 sys=0.00, real=0.00 secs] 
2014-07-08T16:28:26.474+0000: 3555.311: [GC [PSYoungGen: 320759K->1266K(311232K)] 437909K->118828K(998208K), 0.0046050 secs] [Times: user=0.02 sys=0.00, real=0.00 secs] 
2014-07-08T16:28:26.991+0000: 3555.828: [GC [PSYoungGen: 311182K->1469K(302976K)] 428744K->119103K(989952K), 0.0066910 secs] [Times: user=0.03 sys=0.00, real=0.01 secs] 
2014-07-08T16:28:34.661+0000: 3563.499: [GC [PSYoungGen: 302973K->1298K(294784K)] 420607K->118932K(981760K), 0.0103770 secs] [Times: user=0.07 sys=0.00, real=0.02 secs] 
2014-07-08T16:29:14.766+0000: 3603.603: [GC [PSYoungGen: 294738K->1532K(287168K)] 412372K->119166K(974144K), 0.0082160 secs] [Times: user=0.05 sys=0.00, real=0.01 secs] 
2014-07-08T16:29:15.233+0000: 3604.070: [GC [PSYoungGen: 287164K->1426K(279616K)] 404798K->119100K(966592K), 0.0035590 secs] [Times: user=0.02 sys=0.00, real=0.00 secs] 
2014-07-08T16:29:19.060+0000: 3607.897: [GC [PSYoungGen: 279570K->1682K(272704K)] 397244K->119356K(959680K), 0.0062860 secs] [Times: user=0.04 sys=0.01, real=0.00 secs] 
2014-07-08T16:29:19.636+0000: 3608.474: [GC [PSYoungGen: 272658K->1082K(265152K)] 390332K->119397K(952128K), 0.0057220 secs] [Times: user=0.02 sys=0.00, real=0.01 secs] 
2014-07-08T16:29:26.425+0000: 3615.262: [GC [PSYoungGen: 265146K->2109K(259520K)] 383461K->120504K(946496K), 0.0052640 secs] [Times: user=0.03 sys=0.00, real=0.01 secs] 
Heap
 PSYoungGen      total 259520K, used 67171K [0x0000000755560000, 0x000000076a5e0000, 0x0000000800000000)
  eden space 257408K, 25% used [0x0000000755560000,0x00000007594e9a38,0x00000007650c0000)
  from space 2112K, 99% used [0x000000076a2c0000,0x000000076a4cf560,0x000000076a4d0000)
  to   space 1088K, 0% used [0x000000076a4d0000,0x000000076a4d0000,0x000000076a5e0000)
 ParOldGen       total 686976K, used 118394K [0x0000000600000000, 0x0000000629ee0000, 0x0000000755560000)
  object space 686976K, 17% used [0x0000000600000000,0x000000060739ebe0,0x0000000629ee0000)
 PSPermGen       total 21248K, used 11807K [0x00000005f5a00000, 0x00000005f6ec0000, 0x0000000600000000)
  object space 21248K, 55% used [0x00000005f5a00000,0x00000005f6587f18,0x00000005f6ec0000)
