2014-07-08T13:00:18.994+0000: 24.080: [GC [PSYoungGen: 257728K->42848K(300608K)] 257728K->57726K(987584K), 0.0956830 secs] [Times: user=0.35 sys=0.03, real=0.09 secs] 
2014-07-08T13:00:19.284+0000: 24.370: [GC [PSYoungGen: 300576K->42880K(300608K)] 315454K->63951K(987584K), 0.0598520 secs] [Times: user=0.22 sys=0.02, real=0.06 secs] 
2014-07-08T13:00:20.427+0000: 25.513: [GC [PSYoungGen: 300608K->42864K(300608K)] 321679K->64671K(987584K), 0.0444280 secs] [Times: user=0.18 sys=0.00, real=0.04 secs] 
2014-07-08T13:00:21.804+0000: 26.890: [GC [PSYoungGen: 300592K->42854K(558336K)] 322399K->65598K(1245312K), 0.0816110 secs] [Times: user=0.29 sys=0.02, real=0.08 secs] 
2014-07-08T13:00:24.644+0000: 29.730: [GC [PSYoungGen: 558310K->42848K(558336K)] 581054K->65831K(1245312K), 0.0717960 secs] [Times: user=0.19 sys=0.02, real=0.07 secs] 
2014-07-08T13:00:26.827+0000: 31.913: [GC [PSYoungGen: 558304K->43436K(1088512K)] 581287K->66420K(1775488K), 0.0600800 secs] [Times: user=0.19 sys=0.03, real=0.06 secs] 
2014-07-08T13:00:30.851+0000: 35.937: [GC [PSYoungGen: 1074348K->2450K(1089472K)] 1097332K->65947K(1776448K), 0.0627780 secs] [Times: user=0.21 sys=0.02, real=0.06 secs] 
2014-07-08T13:00:36.472+0000: 41.558: [GC [PSYoungGen: 1033362K->2596K(2124224K)] 1096859K->66501K(2811200K), 0.0093840 secs] [Times: user=0.03 sys=0.00, real=0.01 secs] 
2014-07-08T13:00:49.702+0000: 54.788: [GC [PSYoungGen: 2060068K->3236K(2128576K)] 2123973K->67501K(2815552K), 0.0353440 secs] [Times: user=0.13 sys=0.01, real=0.04 secs] 
2014-07-08T13:01:02.970+0000: 68.056: [GC [PSYoungGen: 2060708K->3698K(2721216K)] 2124973K->68907K(3408192K), 0.0256490 secs] [Times: user=0.08 sys=0.01, real=0.02 secs] 
2014-07-08T13:02:53.613+0000: 178.698: [GC [PSYoungGen: 2651634K->3230K(2722048K)] 2716843K->70903K(3409024K), 0.0125050 secs] [Times: user=0.03 sys=0.01, real=0.01 secs] 
2014-07-08T13:03:05.717+0000: 190.803: [GC [PSYoungGen: 2651166K->2870K(2720768K)] 2718839K->72215K(3407744K), 0.0107060 secs] [Times: user=0.03 sys=0.01, real=0.01 secs] 
2014-07-08T13:03:26.422+0000: 211.508: [GC [PSYoungGen: 2650806K->2884K(2530240K)] 2720151K->73765K(3217216K), 0.0631320 secs] [Times: user=0.24 sys=0.01, real=0.06 secs] 
2014-07-08T13:03:45.424+0000: 230.510: [GC [PSYoungGen: 2530180K->2692K(2415424K)] 2601061K->75037K(3102400K), 0.0141070 secs] [Times: user=0.03 sys=0.01, real=0.01 secs] 
2014-07-08T13:04:05.953+0000: 251.039: [GC [PSYoungGen: 2415364K->2902K(2306688K)] 2487709K->76655K(2993664K), 0.0176100 secs] [Times: user=0.06 sys=0.01, real=0.02 secs] 
2014-07-08T13:04:23.924+0000: 269.010: [GC [PSYoungGen: 2306646K->2432K(2202624K)] 2380399K->77689K(2889600K), 0.0654450 secs] [Times: user=0.21 sys=0.01, real=0.06 secs] 
2014-07-08T13:04:35.584+0000: 280.670: [GC [PSYoungGen: 2202624K->2386K(2168128K)] 2277881K->78971K(2855104K), 0.0215790 secs] [Times: user=0.09 sys=0.00, real=0.02 secs] 
2014-07-08T13:04:52.763+0000: 297.849: [GC [PSYoungGen: 2104146K->2774K(2011008K)] 2180731K->80463K(2697984K), 0.0839370 secs] [Times: user=0.22 sys=0.01, real=0.09 secs] 
2014-07-08T13:05:05.745+0000: 310.831: [GC [PSYoungGen: 2010966K->2386K(1921664K)] 2088655K->81443K(2608640K), 0.0216550 secs] [Times: user=0.07 sys=0.01, real=0.03 secs] 
2014-07-08T13:05:21.330+0000: 326.416: [GC [PSYoungGen: 1921618K->2596K(1837312K)] 2000675K->82805K(2524288K), 0.0410800 secs] [Times: user=0.13 sys=0.02, real=0.04 secs] 
2014-07-08T13:05:36.123+0000: 341.209: [GC [PSYoungGen: 1837284K->2486K(1810112K)] 1917493K->83943K(2497088K), 0.0099840 secs] [Times: user=0.03 sys=0.00, real=0.01 secs] 
2014-07-08T13:05:50.761+0000: 355.847: [GC [PSYoungGen: 1756790K->2568K(1680512K)] 1838247K->85225K(2367488K), 0.0258010 secs] [Times: user=0.07 sys=0.01, real=0.03 secs] 
2014-07-08T13:06:02.733+0000: 367.819: [GC [PSYoungGen: 1680456K->2386K(1655488K)] 1763113K->86163K(2342464K), 0.0303910 secs] [Times: user=0.12 sys=0.00, real=0.03 secs] 
2014-07-08T13:06:18.486+0000: 383.572: [GC [PSYoungGen: 1607570K->2468K(1538560K)] 1691347K->87301K(2225536K), 0.0305790 secs] [Times: user=0.10 sys=0.01, real=0.03 secs] 
2014-07-08T13:06:34.496+0000: 399.582: [GC [PSYoungGen: 1538449K->2518K(1515392K)] 1623282K->88383K(2202368K), 0.0385630 secs] [Times: user=0.13 sys=0.01, real=0.04 secs] 
2014-07-08T13:06:49.338+0000: 414.424: [GC [PSYoungGen: 1472854K->2176K(1409984K)] 1558719K->89161K(2096960K), 0.0472150 secs] [Times: user=0.16 sys=0.01, real=0.05 secs] 
2014-07-08T13:07:02.938+0000: 428.024: [GC [PSYoungGen: 1409984K->2308K(1388416K)] 1496969K->90293K(2075392K), 0.0287340 secs] [Times: user=0.11 sys=0.00, real=0.03 secs] 
2014-07-08T13:07:16.431+0000: 441.517: [GC [PSYoungGen: 1350660K->2284K(1294080K)] 1438645K->91253K(1981056K), 0.0134270 secs] [Times: user=0.02 sys=0.01, real=0.01 secs] 
2014-07-08T13:07:25.858+0000: 450.943: [GC [PSYoungGen: 1294060K->2066K(1240064K)] 1383029K->91923K(1927040K), 0.0556410 secs] [Times: user=0.21 sys=0.00, real=0.06 secs] 
2014-07-08T13:07:38.815+0000: 463.901: [GC [PSYoungGen: 1240018K->2130K(1188928K)] 1329875K->92787K(1875904K), 0.0142130 secs] [Times: user=0.02 sys=0.01, real=0.01 secs] 
2014-07-08T13:07:51.908+0000: 476.994: [GC [PSYoungGen: 1188882K->2258K(1140352K)] 1279539K->93803K(1827328K), 0.0264270 secs] [Times: user=0.09 sys=0.01, real=0.03 secs] 
2014-07-08T13:08:03.465+0000: 488.551: [GC [PSYoungGen: 1140306K->2244K(1094016K)] 1231851K->94709K(1780992K), 0.0248320 secs] [Times: user=0.08 sys=0.00, real=0.02 secs] 
2014-07-08T13:08:13.997+0000: 499.083: [GC [PSYoungGen: 1093953K->1988K(1049600K)] 1186418K->95269K(1736576K), 0.0145460 secs] [Times: user=0.05 sys=0.00, real=0.01 secs] 
2014-07-08T13:08:24.845+0000: 509.931: [GC [PSYoungGen: 1049466K->1970K(1007552K)] 1142748K->95987K(1694528K), 0.0158910 secs] [Times: user=0.04 sys=0.00, real=0.02 secs] 
2014-07-08T13:08:34.654+0000: 519.740: [GC [PSYoungGen: 1007538K->2006K(967616K)] 1101555K->96735K(1654592K), 0.0099640 secs] [Times: user=0.02 sys=0.01, real=0.01 secs] 
2014-07-08T13:08:42.951+0000: 528.037: [GC [PSYoungGen: 967574K->1956K(929472K)] 1062303K->97357K(1616448K), 0.0306800 secs] [Times: user=0.11 sys=0.00, real=0.03 secs] 
2014-07-08T13:08:50.493+0000: 535.579: [GC [PSYoungGen: 929444K->1956K(893184K)] 1024845K->97989K(1580160K), 0.0244360 secs] [Times: user=0.09 sys=0.00, real=0.02 secs] 
2014-07-08T13:08:58.119+0000: 543.205: [GC [PSYoungGen: 893156K->1778K(858432K)] 989189K->98371K(1545408K), 0.0081620 secs] [Times: user=0.02 sys=0.00, real=0.01 secs] 
2014-07-08T13:09:04.743+0000: 549.829: [GC [PSYoungGen: 858418K->2038K(825792K)] 955011K->99215K(1512768K), 0.0320710 secs] [Times: user=0.12 sys=0.01, real=0.03 secs] 
2014-07-08T13:09:11.249+0000: 556.335: [GC [PSYoungGen: 825782K->1814K(794240K)] 922959K->99551K(1481216K), 0.0100660 secs] [Times: user=0.02 sys=0.00, real=0.01 secs] 
2014-07-08T13:09:17.498+0000: 562.584: [GC [PSYoungGen: 794198K->1714K(764224K)] 891935K->99979K(1451200K), 0.0087250 secs] [Times: user=0.02 sys=0.00, real=0.01 secs] 
2014-07-08T13:09:22.644+0000: 567.730: [GC [PSYoungGen: 764207K->1846K(735872K)] 862472K->100583K(1422848K), 0.0085890 secs] [Times: user=0.02 sys=0.01, real=0.01 secs] 
2014-07-08T13:09:42.651+0000: 587.737: [GC [PSYoungGen: 735862K->1842K(708736K)] 834599K->101083K(1395712K), 0.0272390 secs] [Times: user=0.09 sys=0.00, real=0.03 secs] 
2014-07-08T13:09:43.394+0000: 588.480: [GC [PSYoungGen: 708710K->1508K(682560K)] 807951K->101301K(1369536K), 0.0221140 secs] [Times: user=0.08 sys=0.00, real=0.02 secs] 
2014-07-08T13:09:45.946+0000: 591.032: [GC [PSYoungGen: 682532K->1704K(658112K)] 782325K->101729K(1345088K), 0.0054760 secs] [Times: user=0.02 sys=0.00, real=0.01 secs] 
2014-07-08T13:09:50.985+0000: 596.071: [GC [PSYoungGen: 658088K->1828K(634688K)] 758113K->102165K(1321664K), 0.0241270 secs] [Times: user=0.09 sys=0.00, real=0.02 secs] 
2014-07-08T13:09:56.169+0000: 601.255: [GC [PSYoungGen: 634657K->1796K(612224K)] 734994K->102605K(1299200K), 0.0136040 secs] [Times: user=0.04 sys=0.00, real=0.02 secs] 
2014-07-08T13:10:01.521+0000: 606.607: [GC [PSYoungGen: 612164K->1864K(590848K)] 712973K->103089K(1277824K), 0.0314530 secs] [Times: user=0.11 sys=0.00, real=0.04 secs] 
2014-07-08T13:10:06.347+0000: 611.433: [GC [PSYoungGen: 590792K->1536K(569984K)] 692017K->103177K(1256960K), 0.0061540 secs] [Times: user=0.02 sys=0.00, real=0.01 secs] 
2014-07-08T13:10:10.922+0000: 616.008: [GC [PSYoungGen: 569937K->1700K(550656K)] 671579K->103701K(1237632K), 0.0344090 secs] [Times: user=0.12 sys=0.01, real=0.04 secs] 
2014-07-08T13:10:15.658+0000: 620.743: [GC [PSYoungGen: 550628K->1700K(532032K)] 652629K->104085K(1219008K), 0.0089350 secs] [Times: user=0.03 sys=0.00, real=0.01 secs] 
2014-07-08T13:10:20.161+0000: 625.247: [GC [PSYoungGen: 532004K->1732K(514304K)] 634389K->104493K(1201280K), 0.0317390 secs] [Times: user=0.12 sys=0.01, real=0.03 secs] 
2014-07-08T13:10:24.580+0000: 629.666: [GC [PSYoungGen: 514244K->1536K(497024K)] 617005K->104633K(1184000K), 0.0081380 secs] [Times: user=0.01 sys=0.00, real=0.01 secs] 
2014-07-08T13:10:28.176+0000: 633.262: [GC [PSYoungGen: 497024K->1526K(480768K)] 600121K->104999K(1167744K), 0.0074100 secs] [Times: user=0.01 sys=0.01, real=0.00 secs] 
2014-07-08T13:10:29.758+0000: 634.844: [GC [PSYoungGen: 480753K->1376K(465088K)] 584226K->105137K(1152064K), 0.0081140 secs] [Times: user=0.02 sys=0.00, real=0.01 secs] 
2014-07-08T13:10:34.167+0000: 639.253: [GC [PSYoungGen: 465056K->1618K(450496K)] 568817K->105627K(1137472K), 0.0239680 secs] [Times: user=0.09 sys=0.00, real=0.02 secs] 
2014-07-08T13:10:38.389+0000: 643.475: [GC [PSYoungGen: 450450K->1440K(436096K)] 554459K->105809K(1123072K), 0.0064540 secs] [Times: user=0.02 sys=0.00, real=0.00 secs] 
2014-07-08T13:10:42.627+0000: 647.713: [GC [PSYoungGen: 436064K->1618K(422656K)] 540433K->106291K(1109632K), 0.0365720 secs] [Times: user=0.14 sys=0.01, real=0.04 secs] 
2014-07-08T13:10:46.953+0000: 652.039: [GC [PSYoungGen: 422610K->1672K(409664K)] 527283K->106705K(1096640K), 0.0366490 secs] [Times: user=0.14 sys=0.01, real=0.04 secs] 
2014-07-08T13:10:51.101+0000: 656.187: [GC [PSYoungGen: 409601K->1718K(397184K)] 514634K->107039K(1084160K), 0.0156230 secs] [Times: user=0.05 sys=0.00, real=0.01 secs] 
2014-07-08T13:10:54.958+0000: 660.044: [GC [PSYoungGen: 397174K->1540K(385088K)] 502495K->107189K(1072064K), 0.0218630 secs] [Times: user=0.08 sys=0.00, real=0.03 secs] 
2014-07-08T13:10:59.107+0000: 664.193: [GC [PSYoungGen: 385028K->1608K(373696K)] 490677K->107561K(1060672K), 0.0092080 secs] [Times: user=0.02 sys=0.00, real=0.01 secs] 
2014-07-08T13:11:02.970+0000: 668.056: [GC [PSYoungGen: 373640K->1814K(362944K)] 479593K->108063K(1049920K), 0.0385420 secs] [Times: user=0.15 sys=0.01, real=0.04 secs] 
2014-07-08T13:11:06.979+0000: 672.065: [GC [PSYoungGen: 362902K->1572K(352192K)] 469151K->108165K(1039168K), 0.0231550 secs] [Times: user=0.09 sys=0.00, real=0.03 secs] 
2014-07-08T13:11:10.299+0000: 675.385: [GC [PSYoungGen: 352164K->1608K(342208K)] 458757K->108449K(1029184K), 0.0061450 secs] [Times: user=0.02 sys=0.00, real=0.01 secs] 
2014-07-08T13:11:13.690+0000: 678.776: [GC [PSYoungGen: 342152K->1540K(332480K)] 448993K->108629K(1019456K), 0.0181710 secs] [Times: user=0.07 sys=0.00, real=0.02 secs] 
2014-07-08T13:11:16.728+0000: 681.814: [GC [PSYoungGen: 332331K->1508K(323136K)] 439421K->108893K(1010112K), 0.0102530 secs] [Times: user=0.03 sys=0.00, real=0.01 secs] 
2014-07-08T13:11:19.865+0000: 684.951: [GC [PSYoungGen: 323024K->1686K(314432K)] 430410K->109287K(1001408K), 0.0513840 secs] [Times: user=0.20 sys=0.01, real=0.05 secs] 
2014-07-08T13:11:23.147+0000: 688.233: [GC [PSYoungGen: 314386K->1572K(305792K)] 421987K->109397K(992768K), 0.0075970 secs] [Times: user=0.02 sys=0.00, real=0.01 secs] 
2014-07-08T13:11:26.509+0000: 691.595: [GC [PSYoungGen: 305764K->1572K(297600K)] 413589K->109701K(984576K), 0.0454750 secs] [Times: user=0.17 sys=0.00, real=0.05 secs] 
2014-07-08T13:11:29.428+0000: 694.514: [GC [PSYoungGen: 297520K->1508K(289664K)] 405650K->109845K(976640K), 0.0441640 secs] [Times: user=0.17 sys=0.00, real=0.04 secs] 
2014-07-08T13:11:32.280+0000: 697.366: [GC [PSYoungGen: 289633K->1686K(282304K)] 397971K->110247K(969280K), 0.0079120 secs] [Times: user=0.02 sys=0.00, real=0.01 secs] 
2014-07-08T13:11:34.946+0000: 700.032: [GC [PSYoungGen: 282262K->1376K(274688K)] 390823K->110217K(961664K), 0.0093830 secs] [Times: user=0.03 sys=0.00, real=0.01 secs] 
2014-07-08T13:11:37.790+0000: 702.876: [GC [PSYoungGen: 274656K->1572K(267904K)] 383497K->110621K(954880K), 0.0199310 secs] [Times: user=0.08 sys=0.00, real=0.02 secs] 
2014-07-08T13:11:40.533+0000: 705.619: [GC [PSYoungGen: 267876K->1508K(261120K)] 376925K->110741K(948096K), 0.0506380 secs] [Times: user=0.19 sys=0.01, real=0.05 secs] 
2014-07-08T13:11:43.357+0000: 708.442: [GC [PSYoungGen: 261092K->1572K(254720K)] 370325K->111029K(941696K), 0.0263080 secs] [Times: user=0.10 sys=0.01, real=0.03 secs] 
2014-07-08T13:11:45.940+0000: 711.026: [GC [PSYoungGen: 254692K->1426K(248384K)] 364149K->111131K(935360K), 0.0069240 secs] [Times: user=0.02 sys=0.01, real=0.00 secs] 
2014-07-08T13:11:48.679+0000: 713.765: [GC [PSYoungGen: 248338K->1394K(297728K)] 358043K->111291K(984704K), 0.0473960 secs] [Times: user=0.17 sys=0.01, real=0.04 secs] 
2014-07-08T13:11:51.790+0000: 716.876: [GC [PSYoungGen: 297707K->1572K(290048K)] 407605K->111645K(977024K), 0.0099450 secs] [Times: user=0.03 sys=0.01, real=0.01 secs] 
2014-07-08T13:11:54.458+0000: 719.544: [GC [PSYoungGen: 290020K->1344K(282176K)] 400093K->111673K(969152K), 0.0073090 secs] [Times: user=0.02 sys=0.00, real=0.00 secs] 
2014-07-08T13:11:57.240+0000: 722.326: [GC [PSYoungGen: 282176K->1494K(275072K)] 392505K->112055K(962048K), 0.0113880 secs] [Times: user=0.04 sys=0.00, real=0.01 secs] 
2014-07-08T13:11:59.754+0000: 724.840: [GC [PSYoungGen: 275030K->1330K(267840K)] 385591K->112083K(954816K), 0.0046450 secs] [Times: user=0.02 sys=0.00, real=0.00 secs] 
2014-07-08T13:12:02.366+0000: 727.452: [GC [PSYoungGen: 267826K->1476K(261312K)] 378579K->112437K(948288K), 0.0244090 secs] [Times: user=0.09 sys=0.00, real=0.03 secs] 
2014-07-08T13:12:05.117+0000: 730.203: [GC [PSYoungGen: 261252K->1394K(254720K)] 372213K->112611K(941696K), 0.0050450 secs] [Times: user=0.02 sys=0.00, real=0.01 secs] 
2014-07-08T13:12:07.577+0000: 732.663: [GC [PSYoungGen: 254704K->1458K(248512K)] 365921K->112883K(935488K), 0.0099310 secs] [Times: user=0.01 sys=0.00, real=0.01 secs] 
2014-07-08T13:12:09.571+0000: 734.657: [GC [PSYoungGen: 248498K->1398K(242432K)] 359923K->112999K(929408K), 0.0074820 secs] [Times: user=0.02 sys=0.00, real=0.00 secs] 
2014-07-08T13:12:11.920+0000: 737.006: [GC [PSYoungGen: 242416K->1690K(236992K)] 354018K->113459K(923968K), 0.0147160 secs] [Times: user=0.05 sys=0.00, real=0.02 secs] 
2014-07-08T13:12:14.270+0000: 739.356: [GC [PSYoungGen: 236954K->868K(230592K)] 348723K->113389K(917568K), 0.0080090 secs] [Times: user=0.01 sys=0.00, real=0.01 secs] 
2014-07-08T13:12:16.730+0000: 741.816: [GC [PSYoungGen: 230564K->1640K(225984K)] 343085K->114337K(912960K), 0.0099390 secs] [Times: user=0.02 sys=0.00, real=0.01 secs] 
2014-07-08T13:12:18.524+0000: 743.610: [GC [PSYoungGen: 225957K->1494K(220672K)] 338655K->114463K(907648K), 0.0046690 secs] [Times: user=0.02 sys=0.00, real=0.00 secs] 
2014-07-08T13:12:20.202+0000: 745.288: [GC [PSYoungGen: 220630K->1508K(215680K)] 333599K->114653K(902656K), 0.0203560 secs] [Times: user=0.08 sys=0.00, real=0.03 secs] 
2014-07-08T13:12:22.495+0000: 747.581: [GC [PSYoungGen: 215634K->950K(210304K)] 328779K->114775K(897280K), 0.0059290 secs] [Times: user=0.01 sys=0.01, real=0.00 secs] 
2014-07-08T13:12:24.829+0000: 749.915: [GC [PSYoungGen: 210286K->1786K(206464K)] 324112K->115819K(893440K), 0.0309040 secs] [Times: user=0.12 sys=0.00, real=0.03 secs] 
2014-07-08T13:12:26.664+0000: 751.750: [GC [PSYoungGen: 206397K->1138K(201344K)] 320430K->115587K(888320K), 0.0282130 secs] [Times: user=0.10 sys=0.00, real=0.02 secs] 
2014-07-08T13:12:28.764+0000: 753.850: [GC [PSYoungGen: 201330K->1608K(241920K)] 315779K->116209K(928896K), 0.0302400 secs] [Times: user=0.11 sys=0.01, real=0.03 secs] 
2014-07-08T13:12:31.352+0000: 756.438: [GC [PSYoungGen: 241837K->1192K(289536K)] 356439K->116385K(976512K), 0.0331660 secs] [Times: user=0.13 sys=0.00, real=0.04 secs] 
2014-07-08T13:12:34.385+0000: 759.471: [GC [PSYoungGen: 289512K->1650K(347648K)] 404705K->117067K(1034624K), 0.0328210 secs] [Times: user=0.12 sys=0.00, real=0.03 secs] 
2014-07-08T13:13:20.040+0000: 805.126: [GC [PSYoungGen: 347634K->1124K(337280K)] 463051K->117213K(1024256K), 0.0059040 secs] [Times: user=0.02 sys=0.01, real=0.01 secs] 
2014-07-08T13:13:20.362+0000: 805.448: [GC [PSYoungGen: 337252K->1376K(404800K)] 453341K->117721K(1091776K), 0.0527930 secs] [Times: user=0.20 sys=0.00, real=0.05 secs] 
2014-07-08T13:13:20.810+0000: 805.896: [GC [PSYoungGen: 404768K->1462K(485568K)] 521113K->118171K(1172544K), 0.0111770 secs] [Times: user=0.03 sys=0.00, real=0.01 secs] 
2014-07-08T13:13:23.502+0000: 808.588: [GC [PSYoungGen: 485475K->1558K(582528K)] 602185K->118387K(1269504K), 0.0088680 secs] [Times: user=0.03 sys=0.00, real=0.00 secs] 
2014-07-08T13:13:25.798+0000: 810.884: [GC [PSYoungGen: 582486K->1074K(698240K)] 699315K->118271K(1385216K), 0.0059060 secs] [Times: user=0.01 sys=0.01, real=0.01 secs] 
2014-07-08T13:13:32.769+0000: 817.855: [GC [PSYoungGen: 698226K->1920K(838528K)] 815423K->119245K(1525504K), 0.0293790 secs] [Times: user=0.11 sys=0.00, real=0.03 secs] 
2014-07-08T13:13:53.859+0000: 838.944: [GC [PSYoungGen: 838528K->1142K(1005120K)] 955853K->119635K(1692096K), 0.0425040 secs] [Times: user=0.17 sys=0.00, real=0.04 secs] 
2014-07-08T13:13:56.992+0000: 842.078: [GC [PSYoungGen: 1005110K->1910K(1206720K)] 1123603K->120883K(1893696K), 0.0507390 secs] [Times: user=0.20 sys=0.00, real=0.05 secs] 
2014-07-08T13:14:09.532+0000: 854.618: [GC [PSYoungGen: 1206710K->1590K(1447360K)] 1325683K->121679K(2134336K), 0.0090220 secs] [Times: user=0.02 sys=0.00, real=0.01 secs] 
2014-07-08T13:14:39.051+0000: 884.137: [GC [PSYoungGen: 1447350K->2244K(1386752K)] 1567439K->123149K(2073728K), 0.0097210 secs] [Times: user=0.02 sys=0.00, real=0.01 secs] 
2014-07-08T13:14:45.890+0000: 890.976: [GC [PSYoungGen: 1386692K->1398K(1327552K)] 1507597K->123903K(2014528K), 0.0472490 secs] [Times: user=0.14 sys=0.01, real=0.05 secs] 
2014-07-08T13:15:24.575+0000: 929.661: [GC [PSYoungGen: 1327464K->2276K(1272960K)] 1449970K->125477K(1959936K), 0.0257180 secs] [Times: user=0.09 sys=0.01, real=0.03 secs] 
2014-07-08T13:15:58.386+0000: 963.472: [GC [PSYoungGen: 1272932K->1924K(1219840K)] 1396133K->126141K(1906816K), 0.0332620 secs] [Times: user=0.12 sys=0.01, real=0.04 secs] 
2014-07-08T13:16:00.382+0000: 965.468: [GC [PSYoungGen: 1219779K->1586K(1169216K)] 1343997K->126363K(1856192K), 0.0217560 secs] [Times: user=0.07 sys=0.01, real=0.02 secs] 
2014-07-08T13:16:17.570+0000: 982.656: [GC [PSYoungGen: 1169102K->2038K(1121856K)] 1293880K->127263K(1808832K), 0.0339900 secs] [Times: user=0.13 sys=0.00, real=0.03 secs] 
2014-07-08T13:16:56.187+0000: 1021.273: [GC [PSYoungGen: 1121846K->1650K(1075968K)] 1247071K->127563K(1762944K), 0.0051070 secs] [Times: user=0.02 sys=0.00, real=0.00 secs] 
2014-07-08T13:17:58.878+0000: 1083.964: [GC [PSYoungGen: 1075954K->1924K(1033024K)] 1201867K->128189K(1720000K), 0.0083690 secs] [Times: user=0.02 sys=0.00, real=0.01 secs] 
2014-07-08T13:19:41.751+0000: 1186.837: [GC [PSYoungGen: 1032964K->1878K(991744K)] 1159229K->128719K(1678720K), 0.0512220 secs] [Times: user=0.19 sys=0.00, real=0.05 secs] 
2014-07-08T13:19:53.252+0000: 1198.338: [GC [PSYoungGen: 991699K->1536K(952128K)] 1118541K->128921K(1639104K), 0.0102380 secs] [Times: user=0.02 sys=0.01, real=0.01 secs] 
2014-07-08T13:21:52.475+0000: 1317.561: [GC [PSYoungGen: 952128K->2098K(915328K)] 1079513K->129803K(1602304K), 0.0546690 secs] [Times: user=0.18 sys=0.00, real=0.06 secs] 
2014-07-08T13:22:22.202+0000: 1347.288: [GC [PSYoungGen: 915314K->1572K(879232K)] 1043019K->130029K(1566208K), 0.0050800 secs] [Times: user=0.02 sys=0.00, real=0.01 secs] 
2014-07-08T13:22:26.388+0000: 1351.474: [GC [PSYoungGen: 879204K->1924K(845696K)] 1007661K->130669K(1532672K), 0.0062310 secs] [Times: user=0.02 sys=0.00, real=0.00 secs] 
2014-07-08T13:24:18.630+0000: 1463.716: [GC [PSYoungGen: 845636K->1728K(813184K)] 974381K->131081K(1500160K), 0.0082880 secs] [Times: user=0.02 sys=0.00, real=0.01 secs] 
2014-07-08T13:24:19.356+0000: 1464.442: [GC [PSYoungGen: 813184K->1458K(782144K)] 942537K->131339K(1469120K), 0.0176820 secs] [Times: user=0.06 sys=0.00, real=0.02 secs] 
2014-07-08T13:24:32.808+0000: 1477.894: [GC [PSYoungGen: 782128K->1964K(753344K)] 912010K->132157K(1440320K), 0.0142580 secs] [Times: user=0.03 sys=0.00, real=0.01 secs] 
2014-07-08T13:25:45.519+0000: 1550.604: [GC [PSYoungGen: 753324K->1818K(725248K)] 883517K->132651K(1412224K), 0.0073830 secs] [Times: user=0.03 sys=0.00, real=0.01 secs] 
2014-07-08T13:25:46.821+0000: 1551.907: [GC [PSYoungGen: 725210K->1522K(698304K)] 856043K->132707K(1385280K), 0.0080100 secs] [Times: user=0.02 sys=0.00, real=0.01 secs] 
2014-07-08T13:25:53.447+0000: 1558.533: [GC [PSYoungGen: 698290K->1746K(673152K)] 829475K->133195K(1360128K), 0.0104390 secs] [Times: user=0.03 sys=0.00, real=0.01 secs] 
2014-07-08T13:25:55.991+0000: 1561.077: [GC [PSYoungGen: 673105K->1750K(648896K)] 804554K->133671K(1335872K), 0.0327380 secs] [Times: user=0.12 sys=0.00, real=0.03 secs] 
2014-07-08T13:26:23.468+0000: 1588.554: [GC [PSYoungGen: 648854K->1736K(625792K)] 780775K->134073K(1312768K), 0.0057000 secs] [Times: user=0.02 sys=0.00, real=0.01 secs] 
2014-07-08T13:26:24.032+0000: 1589.118: [GC [PSYoungGen: 625736K->1312K(603264K)] 758073K->134001K(1290240K), 0.0075310 secs] [Times: user=0.02 sys=0.00, real=0.00 secs] 
2014-07-08T13:27:15.584+0000: 1640.670: [GC [PSYoungGen: 603232K->1746K(582656K)] 735921K->134539K(1269632K), 0.0056370 secs] [Times: user=0.02 sys=0.00, real=0.01 secs] 
2014-07-08T13:27:21.137+0000: 1646.223: [GC [PSYoungGen: 582610K->1608K(562432K)] 715403K->134889K(1249408K), 0.0083830 secs] [Times: user=0.02 sys=0.00, real=0.01 secs] 
2014-07-08T13:27:21.703+0000: 1646.789: [GC [PSYoungGen: 562376K->1280K(542848K)] 695657K->134793K(1229824K), 0.0055330 secs] [Times: user=0.02 sys=0.00, real=0.00 secs] 
2014-07-08T13:28:36.071+0000: 1721.157: [GC [PSYoungGen: 542848K->1682K(524992K)] 676361K->135315K(1211968K), 0.0259820 secs] [Times: user=0.10 sys=0.00, real=0.03 secs] 
2014-07-08T13:29:00.920+0000: 1746.005: [GC [PSYoungGen: 524946K->1526K(507328K)] 658579K->135599K(1194304K), 0.0070940 secs] [Times: user=0.02 sys=0.01, real=0.01 secs] 
2014-07-08T13:29:01.383+0000: 1746.469: [GC [PSYoungGen: 507318K->1398K(490496K)] 641391K->135711K(1177472K), 0.0086570 secs] [Times: user=0.03 sys=0.00, real=0.01 secs] 
2014-07-08T13:29:04.073+0000: 1749.159: [GC [PSYoungGen: 490486K->1504K(474624K)] 624799K->135913K(1161600K), 0.0057780 secs] [Times: user=0.02 sys=0.01, real=0.01 secs] 
2014-07-08T13:29:07.968+0000: 1753.054: [GC [PSYoungGen: 474592K->1586K(459392K)] 609001K->136347K(1146368K), 0.0066750 secs] [Times: user=0.02 sys=0.00, real=0.00 secs] 
2014-07-08T13:29:11.496+0000: 1756.582: [GC [PSYoungGen: 459348K->1732K(444992K)] 594109K->136909K(1131968K), 0.0218530 secs] [Times: user=0.08 sys=0.00, real=0.02 secs] 
2014-07-08T13:29:18.238+0000: 1763.324: [GC [PSYoungGen: 444932K->1124K(430400K)] 580109K->137189K(1117376K), 0.0075630 secs] [Times: user=0.02 sys=0.00, real=0.01 secs] 
2014-07-08T13:29:18.658+0000: 1763.744: [GC [PSYoungGen: 430372K->1508K(516672K)] 566437K->137973K(1203648K), 0.0296060 secs] [Times: user=0.10 sys=0.00, real=0.03 secs] 
2014-07-08T13:29:21.342+0000: 1766.428: [GC [PSYoungGen: 516643K->1718K(619904K)] 653109K->138479K(1306880K), 0.0264380 secs] [Times: user=0.10 sys=0.00, real=0.03 secs] 
2014-07-08T13:29:26.467+0000: 1771.553: [GC [PSYoungGen: 619894K->1878K(743744K)] 756655K->138999K(1430720K), 0.0327670 secs] [Times: user=0.12 sys=0.00, real=0.04 secs] 
2014-07-08T13:29:33.781+0000: 1778.867: [GC [PSYoungGen: 743702K->882K(891136K)] 880823K->139051K(1578112K), 0.0079520 secs] [Times: user=0.01 sys=0.00, real=0.01 secs] 
2014-07-08T13:29:39.407+0000: 1784.493: [GC [PSYoungGen: 891122K->1942K(857728K)] 1029291K->140447K(1544704K), 0.0099460 secs] [Times: user=0.02 sys=0.00, real=0.01 secs] 
2014-07-08T13:29:46.356+0000: 1791.442: [GC [PSYoungGen: 857616K->1658K(824576K)] 996122K->141131K(1511552K), 0.0309880 secs] [Times: user=0.12 sys=0.00, real=0.03 secs] 
2014-07-08T13:29:53.078+0000: 1798.164: [GC [PSYoungGen: 824570K->1906K(793536K)] 964043K->141955K(1480512K), 0.0184810 secs] [Times: user=0.05 sys=0.00, real=0.02 secs] 
2014-07-08T13:29:59.245+0000: 1804.331: [GC [PSYoungGen: 793515K->1572K(763392K)] 933565K->142317K(1450368K), 0.0086100 secs] [Times: user=0.02 sys=0.00, real=0.01 secs] 
2014-07-08T13:30:05.776+0000: 1810.862: [GC [PSYoungGen: 763364K->1860K(735296K)] 904109K->143069K(1422272K), 0.0240960 secs] [Times: user=0.09 sys=0.00, real=0.02 secs] 
2014-07-08T13:30:21.582+0000: 1826.668: [GC [PSYoungGen: 735236K->1668K(708032K)] 876445K->143389K(1395008K), 0.0085230 secs] [Times: user=0.02 sys=0.01, real=0.01 secs] 
2014-07-08T13:30:22.330+0000: 1827.416: [GC [PSYoungGen: 707972K->1366K(681856K)] 849693K->143543K(1368832K), 0.0188050 secs] [Times: user=0.06 sys=0.00, real=0.02 secs] 
2014-07-08T13:30:27.098+0000: 1832.184: [GC [PSYoungGen: 681783K->1800K(657664K)] 823961K->144129K(1344640K), 0.0055460 secs] [Times: user=0.02 sys=0.00, real=0.00 secs] 
2014-07-08T13:30:32.545+0000: 1837.631: [GC [PSYoungGen: 657608K->1796K(634176K)] 799937K->144541K(1321152K), 0.0079670 secs] [Times: user=0.02 sys=0.00, real=0.01 secs] 
2014-07-08T13:30:37.783+0000: 1842.869: [GC [PSYoungGen: 634116K->1320K(611264K)] 776861K->145069K(1298240K), 0.0236780 secs] [Times: user=0.08 sys=0.01, real=0.02 secs] 
2014-07-08T13:30:42.592+0000: 1847.678: [GC [PSYoungGen: 611240K->1810K(590400K)] 754989K->145983K(1277376K), 0.0318510 secs] [Times: user=0.11 sys=0.01, real=0.03 secs] 
2014-07-08T13:30:47.590+0000: 1852.676: [GC [PSYoungGen: 590349K->1732K(569920K)] 734522K->146425K(1256896K), 0.0273270 secs] [Times: user=0.11 sys=0.00, real=0.03 secs] 
2014-07-08T13:30:52.479+0000: 1857.565: [GC [PSYoungGen: 569860K->1732K(550400K)] 714553K->146817K(1237376K), 0.0114530 secs] [Times: user=0.04 sys=0.00, real=0.01 secs] 
2014-07-08T13:30:57.092+0000: 1862.178: [GC [PSYoungGen: 550340K->1330K(531328K)] 695425K->146935K(1218304K), 0.0105150 secs] [Times: user=0.03 sys=0.00, real=0.01 secs] 
2014-07-08T13:31:02.359+0000: 1867.445: [GC [PSYoungGen: 531314K->1832K(514048K)] 676919K->147757K(1201024K), 0.0325820 secs] [Times: user=0.12 sys=0.01, real=0.03 secs] 
2014-07-08T13:31:07.449+0000: 1872.535: [GC [PSYoungGen: 514024K->1586K(496768K)] 659949K->147951K(1183744K), 0.0104940 secs] [Times: user=0.03 sys=0.00, real=0.01 secs] 
2014-07-08T13:31:12.987+0000: 1878.072: [GC [PSYoungGen: 496753K->1650K(480576K)] 643119K->148375K(1167552K), 0.0095770 secs] [Times: user=0.03 sys=0.00, real=0.01 secs] 
2014-07-08T13:31:18.010+0000: 1883.096: [GC [PSYoungGen: 480562K->1526K(464896K)] 627287K->148755K(1151872K), 0.0168360 secs] [Times: user=0.06 sys=0.00, real=0.02 secs] 
2014-07-08T13:31:22.544+0000: 1887.630: [GC [PSYoungGen: 464795K->1828K(450368K)] 612025K->149393K(1137344K), 0.0126880 secs] [Times: user=0.04 sys=0.00, real=0.02 secs] 
2014-07-08T13:31:27.438+0000: 1892.524: [GC [PSYoungGen: 450340K->1394K(435712K)] 597905K->149423K(1122688K), 0.0063130 secs] [Times: user=0.02 sys=0.00, real=0.00 secs] 
2014-07-08T13:31:31.772+0000: 1896.857: [GC [PSYoungGen: 435698K->1472K(422208K)] 583727K->149813K(1109184K), 0.0231530 secs] [Times: user=0.09 sys=0.00, real=0.02 secs] 
2014-07-08T13:31:36.087+0000: 1901.173: [GC [PSYoungGen: 422208K->1590K(409344K)] 570549K->150259K(1096320K), 0.0076650 secs] [Times: user=0.03 sys=0.00, real=0.01 secs] 
2014-07-08T13:31:40.164+0000: 1905.250: [GC [PSYoungGen: 409273K->1622K(396928K)] 557943K->150571K(1083904K), 0.0071900 secs] [Times: user=0.02 sys=0.00, real=0.01 secs] 
2014-07-08T13:31:43.987+0000: 1909.073: [GC [PSYoungGen: 396886K->1394K(384768K)] 545835K->150891K(1071744K), 0.0324700 secs] [Times: user=0.13 sys=0.00, real=0.04 secs] 
2014-07-08T13:31:47.700+0000: 1912.786: [GC [PSYoungGen: 384754K->1472K(373376K)] 534251K->151313K(1060352K), 0.0092780 secs] [Times: user=0.02 sys=0.00, real=0.00 secs] 
2014-07-08T13:31:51.541+0000: 1916.627: [GC [PSYoungGen: 373376K->1622K(362624K)] 523217K->151727K(1049600K), 0.0142230 secs] [Times: user=0.04 sys=0.00, real=0.01 secs] 
2014-07-08T13:31:55.291+0000: 1920.377: [GC [PSYoungGen: 362547K->1654K(352128K)] 512652K->152063K(1039104K), 0.0210080 secs] [Times: user=0.07 sys=0.01, real=0.03 secs] 
2014-07-08T13:32:20.744+0000: 1945.830: [GC [PSYoungGen: 352118K->1216K(341632K)] 502527K->152033K(1028608K), 0.0084630 secs] [Times: user=0.01 sys=0.00, real=0.01 secs] 
2014-07-08T13:32:21.069+0000: 1946.154: [GC [PSYoungGen: 341632K->1330K(409856K)] 492449K->152411K(1096832K), 0.0230740 secs] [Times: user=0.09 sys=0.00, real=0.02 secs] 
2014-07-08T13:32:21.511+0000: 1946.597: [GC [PSYoungGen: 409842K->1366K(491648K)] 560923K->152599K(1178624K), 0.0191220 secs] [Times: user=0.07 sys=0.00, real=0.02 secs] 
2014-07-08T13:32:23.962+0000: 1949.048: [GC [PSYoungGen: 491606K->1540K(589888K)] 642839K->152877K(1276864K), 0.0381400 secs] [Times: user=0.15 sys=0.00, real=0.04 secs] 
2014-07-08T13:32:29.497+0000: 1954.583: [GC [PSYoungGen: 589828K->1526K(707520K)] 741165K->153287K(1394496K), 0.0331170 secs] [Times: user=0.12 sys=0.00, real=0.03 secs] 
2014-07-08T13:32:36.984+0000: 1962.070: [GC [PSYoungGen: 707510K->1888K(849152K)] 859271K->154001K(1536128K), 0.0139480 secs] [Times: user=0.05 sys=0.01, real=0.02 secs] 
2014-07-08T13:32:51.240+0000: 1976.326: [GC [PSYoungGen: 849120K->1078K(1017792K)] 1001233K->154367K(1704768K), 0.0094590 secs] [Times: user=0.02 sys=0.00, real=0.01 secs] 
2014-07-08T13:32:55.656+0000: 1980.742: [GC [PSYoungGen: 1017782K->1860K(978112K)] 1171071K->155701K(1665088K), 0.0086660 secs] [Times: user=0.02 sys=0.00, real=0.01 secs] 
2014-07-08T13:33:05.087+0000: 1990.173: [GC [PSYoungGen: 978037K->1888K(939520K)] 1131878K->156305K(1626496K), 0.0090860 secs] [Times: user=0.02 sys=0.00, real=0.01 secs] 
2014-07-08T13:33:14.534+0000: 1999.620: [GC [PSYoungGen: 939484K->2024K(902912K)] 1093902K->157137K(1589888K), 0.0249840 secs] [Times: user=0.09 sys=0.01, real=0.02 secs] 
2014-07-08T13:33:23.125+0000: 2008.211: [GC [PSYoungGen: 902888K->818K(866688K)] 1058001K->157531K(1553664K), 0.0119780 secs] [Times: user=0.02 sys=0.00, real=0.01 secs] 
2014-07-08T13:33:32.153+0000: 2017.239: [GC [PSYoungGen: 866674K->2376K(834944K)] 1023387K->159729K(1521920K), 0.0418700 secs] [Times: user=0.16 sys=0.00, real=0.04 secs] 
2014-07-08T13:33:39.636+0000: 2024.722: [GC [PSYoungGen: 834888K->1714K(802496K)] 992241K->159843K(1489472K), 0.0082370 secs] [Times: user=0.02 sys=0.00, real=0.01 secs] 
2014-07-08T13:33:47.431+0000: 2032.517: [GC [PSYoungGen: 802442K->1928K(772480K)] 960572K->160617K(1459456K), 0.0105340 secs] [Times: user=0.02 sys=0.00, real=0.01 secs] 
2014-07-08T13:33:54.578+0000: 2039.664: [GC [PSYoungGen: 772335K->1714K(743360K)] 931025K->161075K(1430336K), 0.0446370 secs] [Times: user=0.17 sys=0.00, real=0.05 secs] 
2014-07-08T13:34:00.183+0000: 2045.268: [GC [PSYoungGen: 743346K->1750K(715968K)] 902707K->161631K(1402944K), 0.0352790 secs] [Times: user=0.14 sys=0.00, real=0.03 secs] 
2014-07-08T13:34:05.602+0000: 2050.688: [GC [PSYoungGen: 715852K->1878K(689920K)] 875734K->162223K(1376896K), 0.0185080 secs] [Times: user=0.07 sys=0.00, real=0.01 secs] 
2014-07-08T13:34:34.127+0000: 2079.213: [GC [PSYoungGen: 689878K->1896K(664896K)] 850223K->162753K(1351872K), 0.0063420 secs] [Times: user=0.02 sys=0.01, real=0.00 secs] 
2014-07-08T13:34:34.784+0000: 2079.870: [GC [PSYoungGen: 664872K->1348K(640576K)] 825729K->162629K(1327552K), 0.0145840 secs] [Times: user=0.04 sys=0.00, real=0.02 secs] 
2014-07-08T13:34:37.620+0000: 2082.706: [GC [PSYoungGen: 640516K->1572K(618048K)] 801797K->163045K(1305024K), 0.0056510 secs] [Times: user=0.02 sys=0.00, real=0.00 secs] 
2014-07-08T13:34:42.710+0000: 2087.796: [GC [PSYoungGen: 618020K->1796K(596608K)] 779493K->163621K(1283584K), 0.0127370 secs] [Times: user=0.04 sys=0.00, real=0.01 secs] 
2014-07-08T13:34:47.766+0000: 2092.852: [GC [PSYoungGen: 596548K->1654K(575680K)] 758373K->163911K(1262656K), 0.0667680 secs] [Times: user=0.25 sys=0.01, real=0.07 secs] 
2014-07-08T13:35:25.388+0000: 2130.474: [GC [PSYoungGen: 575670K->1536K(555776K)] 737927K->164145K(1242752K), 0.0422920 secs] [Times: user=0.17 sys=0.00, real=0.04 secs] 
2014-07-08T13:35:25.982+0000: 2131.068: [GC [PSYoungGen: 555776K->1458K(666560K)] 718385K->164419K(1353536K), 0.0387580 secs] [Times: user=0.15 sys=0.00, real=0.04 secs] 
2014-07-08T13:35:29.730+0000: 2134.816: [GC [PSYoungGen: 666545K->1800K(800000K)] 829507K->164897K(1486976K), 0.0116580 secs] [Times: user=0.04 sys=0.00, real=0.01 secs] 
2014-07-08T13:35:37.955+0000: 2143.041: [GC [PSYoungGen: 799944K->2038K(959872K)] 963041K->165551K(1646848K), 0.0270080 secs] [Times: user=0.09 sys=0.00, real=0.02 secs] 
2014-07-08T13:35:50.963+0000: 2156.049: [GC [PSYoungGen: 959862K->868K(921024K)] 1123375K->165637K(1608000K), 0.0082670 secs] [Times: user=0.01 sys=0.00, real=0.01 secs] 
2014-07-08T13:35:57.985+0000: 2163.071: [GC [PSYoungGen: 920996K->1924K(886208K)] 1085765K->166997K(1573184K), 0.0071960 secs] [Times: user=0.03 sys=0.00, real=0.01 secs] 
2014-07-08T13:36:36.759+0000: 2201.845: [GC [PSYoungGen: 886148K->1878K(851968K)] 1051221K->167599K(1538944K), 0.0065880 secs] [Times: user=0.02 sys=0.01, real=0.01 secs] 
2014-07-08T13:36:37.774+0000: 2202.860: [GC [PSYoungGen: 851926K->1512K(819008K)] 1017647K->167785K(1505984K), 0.0092340 secs] [Times: user=0.02 sys=0.01, real=0.00 secs] 
2014-07-08T13:36:45.354+0000: 2210.440: [GC [PSYoungGen: 818984K->1458K(787904K)] 985257K->168307K(1474880K), 0.0257520 secs] [Times: user=0.10 sys=0.00, real=0.03 secs] 
2014-07-08T13:36:58.039+0000: 2223.125: [GC [PSYoungGen: 787890K->1650K(758528K)] 954739K->169155K(1445504K), 0.0062120 secs] [Times: user=0.02 sys=0.01, real=0.00 secs] 
2014-07-08T13:37:00.537+0000: 2225.623: [GC [PSYoungGen: 758514K->1568K(730240K)] 926019K->169633K(1417216K), 0.0307350 secs] [Times: user=0.11 sys=0.00, real=0.03 secs] 
2014-07-08T13:37:34.796+0000: 2259.882: [GC [PSYoungGen: 730208K->1896K(703680K)] 898273K->170329K(1390656K), 0.0088030 secs] [Times: user=0.02 sys=0.00, real=0.01 secs] 
2014-07-08T13:37:35.465+0000: 2260.551: [GC [PSYoungGen: 703656K->1398K(677568K)] 872089K->170383K(1364544K), 0.0083670 secs] [Times: user=0.01 sys=0.00, real=0.01 secs] 
2014-07-08T13:37:38.480+0000: 2263.566: [GC [PSYoungGen: 677501K->1668K(653440K)] 846487K->170861K(1340416K), 0.0209470 secs] [Times: user=0.08 sys=0.00, real=0.02 secs] 
2014-07-08T13:38:13.532+0000: 2298.618: [GC [PSYoungGen: 653380K->1650K(630080K)] 822573K->171219K(1317056K), 0.0090150 secs] [Times: user=0.02 sys=0.00, real=0.01 secs] 
2014-07-08T13:38:14.122+0000: 2299.208: [GC [PSYoungGen: 630066K->1462K(755584K)] 799635K->171543K(1442560K), 0.0192490 secs] [Times: user=0.06 sys=0.00, real=0.02 secs] 
2014-07-08T13:38:18.114+0000: 2303.200: [GC [PSYoungGen: 755574K->1654K(727680K)] 925655K->171903K(1414656K), 0.0054300 secs] [Times: user=0.02 sys=0.00, real=0.01 secs] 
2014-07-08T13:38:25.217+0000: 2310.302: [GC [PSYoungGen: 727670K->1810K(701120K)] 897919K->172483K(1388096K), 0.0230110 secs] [Times: user=0.08 sys=0.00, real=0.02 secs] 
2014-07-08T13:38:31.927+0000: 2317.013: [GC [PSYoungGen: 701074K->1252K(675008K)] 871747K->172957K(1361984K), 0.0114350 secs] [Times: user=0.04 sys=0.00, real=0.01 secs] 
2014-07-08T13:38:38.728+0000: 2323.814: [GC [PSYoungGen: 674980K->1938K(651392K)] 846685K->174171K(1338368K), 0.0583530 secs] [Times: user=0.22 sys=0.00, real=0.06 secs] 
2014-07-08T13:38:43.867+0000: 2328.953: [GC [PSYoungGen: 651346K->1522K(627712K)] 823579K->174291K(1314688K), 0.0335910 secs] [Times: user=0.13 sys=0.00, real=0.03 secs] 
2014-07-08T13:38:47.916+0000: 2333.002: [GC [PSYoungGen: 627698K->1750K(605824K)] 800467K->174951K(1292800K), 0.0129590 secs] [Times: user=0.05 sys=0.00, real=0.01 secs] 
2014-07-08T13:38:54.507+0000: 2339.593: [GC [PSYoungGen: 605782K->1590K(584512K)] 778983K->175367K(1271488K), 0.0515560 secs] [Times: user=0.19 sys=0.00, real=0.05 secs] 
2014-07-08T13:39:00.605+0000: 2345.691: [GC [PSYoungGen: 584499K->1668K(564480K)] 758276K->175893K(1251456K), 0.0185350 secs] [Times: user=0.06 sys=0.00, real=0.02 secs] 
2014-07-08T13:39:06.174+0000: 2351.260: [GC [PSYoungGen: 564420K->1718K(545216K)] 738645K->176415K(1232192K), 0.0345580 secs] [Times: user=0.14 sys=0.00, real=0.04 secs] 
2014-07-08T13:39:11.571+0000: 2356.657: [GC [PSYoungGen: 545129K->1864K(526976K)] 719827K->176969K(1213952K), 0.0494990 secs] [Times: user=0.19 sys=0.00, real=0.05 secs] 
2014-07-08T13:39:16.456+0000: 2361.542: [GC [PSYoungGen: 526920K->1408K(508864K)] 702025K->176953K(1195840K), 0.0060520 secs] [Times: user=0.02 sys=0.00, real=0.01 secs] 
2014-07-08T13:39:21.585+0000: 2366.671: [GC [PSYoungGen: 508864K->1750K(492480K)] 684409K->177663K(1179456K), 0.0484570 secs] [Times: user=0.18 sys=0.01, real=0.05 secs] 
2014-07-08T13:39:26.156+0000: 2371.242: [GC [PSYoungGen: 492438K->1586K(476224K)] 668351K->177907K(1163200K), 0.0606980 secs] [Times: user=0.22 sys=0.00, real=0.06 secs] 
2014-07-08T13:39:30.429+0000: 2375.515: [GC [PSYoungGen: 476210K->1572K(460864K)] 652531K->178205K(1147840K), 0.0056190 secs] [Times: user=0.02 sys=0.00, real=0.01 secs] 
2014-07-08T13:39:34.323+0000: 2379.408: [GC [PSYoungGen: 460835K->1536K(446144K)] 637469K->178489K(1133120K), 0.0067410 secs] [Times: user=0.02 sys=0.00, real=0.00 secs] 
2014-07-08T13:39:38.017+0000: 2383.103: [GC [PSYoungGen: 446144K->1440K(432064K)] 623097K->178737K(1119040K), 0.0349140 secs] [Times: user=0.13 sys=0.01, real=0.04 secs] 
2014-07-08T13:39:41.282+0000: 2386.368: [GC [PSYoungGen: 432032K->1504K(418688K)] 609329K->179073K(1105664K), 0.0085680 secs] [Times: user=0.02 sys=0.00, real=0.00 secs] 
2014-07-08T13:39:44.858+0000: 2389.944: [GC [PSYoungGen: 418656K->1604K(405952K)] 596225K->179525K(1092928K), 0.0251070 secs] [Times: user=0.09 sys=0.00, real=0.03 secs] 
2014-07-08T13:39:48.237+0000: 2393.323: [GC [PSYoungGen: 405892K->1572K(393600K)] 583813K->179789K(1080576K), 0.0375110 secs] [Times: user=0.14 sys=0.00, real=0.04 secs] 
2014-07-08T13:39:51.322+0000: 2396.408: [GC [PSYoungGen: 393572K->1440K(381696K)] 571789K->179929K(1068672K), 0.0055990 secs] [Times: user=0.02 sys=0.00, real=0.01 secs] 
2014-07-08T13:39:54.308+0000: 2399.394: [GC [PSYoungGen: 381664K->1576K(370496K)] 560153K->180369K(1057472K), 0.0092300 secs] [Times: user=0.03 sys=0.00, real=0.01 secs] 
2014-07-08T13:39:57.411+0000: 2402.497: [GC [PSYoungGen: 370472K->1658K(359744K)] 549265K->180707K(1046720K), 0.0062430 secs] [Times: user=0.02 sys=0.00, real=0.01 secs] 
2014-07-08T13:40:00.446+0000: 2405.532: [GC [PSYoungGen: 359738K->1380K(349120K)] 538787K->180685K(1036096K), 0.0055390 secs] [Times: user=0.02 sys=0.00, real=0.00 secs] 
2014-07-08T13:40:03.269+0000: 2408.355: [GC [PSYoungGen: 349092K->1508K(339264K)] 528397K->181053K(1026240K), 0.0068700 secs] [Times: user=0.02 sys=0.00, real=0.01 secs] 
2014-07-08T13:40:06.033+0000: 2411.118: [GC [PSYoungGen: 339231K->1590K(329792K)] 518777K->181439K(1016768K), 0.0273330 secs] [Times: user=0.08 sys=0.00, real=0.03 secs] 
2014-07-08T13:40:08.633+0000: 2413.719: [GC [PSYoungGen: 329782K->1558K(320640K)] 509631K->181623K(1007616K), 0.0170810 secs] [Times: user=0.06 sys=0.01, real=0.02 secs] 
2014-07-08T13:40:11.297+0000: 2416.383: [GC [PSYoungGen: 320598K->1188K(311488K)] 500663K->181797K(998464K), 0.0158490 secs] [Times: user=0.06 sys=0.00, real=0.01 secs] 
2014-07-08T13:40:13.721+0000: 2418.807: [GC [PSYoungGen: 311460K->1540K(303424K)] 492069K->182397K(990400K), 0.0078400 secs] [Times: user=0.02 sys=0.00, real=0.01 secs] 
2014-07-08T13:40:16.056+0000: 2421.142: [GC [PSYoungGen: 303364K->1394K(295104K)] 484221K->182539K(982080K), 0.0184550 secs] [Times: user=0.06 sys=0.00, real=0.02 secs] 
2014-07-08T13:40:18.331+0000: 2423.417: [GC [PSYoungGen: 295090K->1394K(287296K)] 476235K->182715K(974272K), 0.0073520 secs] [Times: user=0.02 sys=0.00, real=0.01 secs] 
2014-07-08T13:40:20.424+0000: 2425.510: [GC [PSYoungGen: 287282K->1362K(279808K)] 468603K->182891K(966784K), 0.0082820 secs] [Times: user=0.01 sys=0.01, real=0.01 secs] 
2014-07-08T13:40:22.517+0000: 2427.603: [GC [PSYoungGen: 279754K->1540K(272832K)] 461284K->183277K(959808K), 0.0090250 secs] [Times: user=0.03 sys=0.00, real=0.01 secs] 
2014-07-08T13:40:24.906+0000: 2429.992: [GC [PSYoungGen: 272772K->1270K(265600K)] 454509K->183431K(952576K), 0.0061830 secs] [Times: user=0.01 sys=0.00, real=0.01 secs] 
2014-07-08T13:40:27.206+0000: 2432.292: [GC [PSYoungGen: 265590K->1408K(259072K)] 447751K->183737K(946048K), 0.0056520 secs] [Times: user=0.02 sys=0.00, real=0.01 secs] 
2014-07-08T13:40:29.490+0000: 2434.576: [GC [PSYoungGen: 259070K->1448K(252736K)] 441400K->184033K(939712K), 0.0053370 secs] [Times: user=0.02 sys=0.00, real=0.00 secs] 
2014-07-08T13:40:31.383+0000: 2436.469: [GC [PSYoungGen: 252712K->1444K(246592K)] 435297K->184165K(933568K), 0.0119060 secs] [Times: user=0.05 sys=0.00, real=0.01 secs] 
2014-07-08T13:40:33.450+0000: 2438.536: [GC [PSYoungGen: 246564K->1188K(240384K)] 429285K->184357K(927360K), 0.0155770 secs] [Times: user=0.05 sys=0.01, real=0.02 secs] 
2014-07-08T13:40:35.331+0000: 2440.417: [GC [PSYoungGen: 240356K->1522K(235008K)] 423525K->184899K(921984K), 0.0099900 secs] [Times: user=0.04 sys=0.00, real=0.01 secs] 
2014-07-08T13:40:37.162+0000: 2442.248: [GC [PSYoungGen: 234994K->1362K(229376K)] 418371K->184947K(916352K), 0.0060790 secs] [Times: user=0.02 sys=0.00, real=0.00 secs] 
2014-07-08T13:40:39.045+0000: 2444.131: [GC [PSYoungGen: 229261K->1398K(224064K)] 412847K->185151K(911040K), 0.0051570 secs] [Times: user=0.02 sys=0.01, real=0.00 secs] 
2014-07-08T13:40:40.924+0000: 2446.010: [GC [PSYoungGen: 224054K->1214K(218752K)] 407807K->185591K(905728K), 0.0196980 secs] [Times: user=0.07 sys=0.00, real=0.02 secs] 
2014-07-08T13:40:42.674+0000: 2447.760: [GC [PSYoungGen: 218746K->1426K(214080K)] 403124K->185987K(901056K), 0.0388820 secs] [Times: user=0.14 sys=0.00, real=0.04 secs] 
2014-07-08T13:40:44.382+0000: 2449.468: [GC [PSYoungGen: 214034K->1344K(209152K)] 398595K->186201K(896128K), 0.0103810 secs] [Times: user=0.02 sys=0.01, real=0.01 secs] 
2014-07-08T13:40:46.134+0000: 2451.220: [GC [PSYoungGen: 209150K->1348K(204608K)] 394008K->186341K(891584K), 0.0051180 secs] [Times: user=0.02 sys=0.00, real=0.00 secs] 
2014-07-08T13:40:47.850+0000: 2452.936: [GC [PSYoungGen: 204548K->1252K(200064K)] 389541K->186493K(887040K), 0.0063650 secs] [Times: user=0.03 sys=0.00, real=0.01 secs] 
2014-07-08T13:40:49.479+0000: 2454.565: [GC [PSYoungGen: 200036K->1394K(195904K)] 385277K->186763K(882880K), 0.0049350 secs] [Times: user=0.02 sys=0.00, real=0.01 secs] 
2014-07-08T13:40:50.992+0000: 2456.078: [GC [PSYoungGen: 195793K->1334K(191680K)] 381163K->186895K(878656K), 0.0049910 secs] [Times: user=0.01 sys=0.00, real=0.00 secs] 
2014-07-08T13:40:52.434+0000: 2457.520: [GC [PSYoungGen: 191670K->1298K(187648K)] 377231K->187035K(874624K), 0.0077230 secs] [Times: user=0.02 sys=0.00, real=0.00 secs] 
2014-07-08T13:40:54.033+0000: 2459.119: [GC [PSYoungGen: 187528K->1210K(183616K)] 373266K->187539K(870592K), 0.0252760 secs] [Times: user=0.10 sys=0.00, real=0.02 secs] 
2014-07-08T13:40:55.783+0000: 2460.869: [GC [PSYoungGen: 183607K->1622K(220544K)] 369937K->188095K(907520K), 0.0427670 secs] [Times: user=0.16 sys=0.00, real=0.04 secs] 
2014-07-08T13:40:57.587+0000: 2462.673: [GC [PSYoungGen: 220448K->1146K(263808K)] 406922K->188163K(950784K), 0.0100340 secs] [Times: user=0.02 sys=0.00, real=0.01 secs] 
2014-07-08T13:40:59.852+0000: 2464.938: [GC [PSYoungGen: 263802K->1590K(257664K)] 450819K->188759K(944640K), 0.0063370 secs] [Times: user=0.01 sys=0.00, real=0.01 secs] 
2014-07-08T13:41:01.969+0000: 2467.055: [GC [PSYoungGen: 257654K->1252K(308608K)] 444823K->188853K(995584K), 0.0368200 secs] [Times: user=0.13 sys=0.01, real=0.04 secs] 
2014-07-08T13:41:04.295+0000: 2469.381: [GC [PSYoungGen: 308572K->1590K(370432K)] 496174K->189431K(1057408K), 0.0199850 secs] [Times: user=0.07 sys=0.00, real=0.02 secs] 
2014-07-08T13:41:07.332+0000: 2472.418: [GC [PSYoungGen: 370422K->1152K(359168K)] 558263K->189549K(1046144K), 0.0072260 secs] [Times: user=0.01 sys=0.00, real=0.01 secs] 
2014-07-08T13:41:10.404+0000: 2475.490: [GC [PSYoungGen: 359168K->1732K(349440K)] 547565K->190393K(1036416K), 0.0389490 secs] [Times: user=0.15 sys=0.01, real=0.04 secs] 
2014-07-08T13:41:28.452+0000: 2493.538: [GC [PSYoungGen: 349380K->1074K(338816K)] 538041K->190327K(1025792K), 0.0060830 secs] [Times: user=0.02 sys=0.00, real=0.01 secs] 
2014-07-08T13:41:28.794+0000: 2493.880: [GC [PSYoungGen: 338801K->1458K(406784K)] 528055K->190935K(1093760K), 0.0089350 secs] [Times: user=0.02 sys=0.00, real=0.01 secs] 
2014-07-08T13:41:29.221+0000: 2494.307: [GC [PSYoungGen: 406733K->1416K(487872K)] 596211K->191109K(1174848K), 0.0108890 secs] [Times: user=0.03 sys=0.00, real=0.01 secs] 
2014-07-08T13:41:32.360+0000: 2497.446: [GC [PSYoungGen: 487816K->1522K(585216K)] 677509K->191319K(1272192K), 0.0075200 secs] [Times: user=0.02 sys=0.00, real=0.00 secs] 
2014-07-08T13:41:35.576+0000: 2500.661: [GC [PSYoungGen: 585129K->1000K(701440K)] 774927K->191749K(1388416K), 0.0360860 secs] [Times: user=0.14 sys=0.01, real=0.04 secs] 
2014-07-08T13:41:42.803+0000: 2507.889: [GC [PSYoungGen: 701416K->1974K(676800K)] 892165K->192987K(1363776K), 0.0074050 secs] [Times: user=0.03 sys=0.00, real=0.01 secs] 
2014-07-08T13:42:24.689+0000: 2549.774: [GC [PSYoungGen: 676790K->1138K(651584K)] 867803K->193239K(1338560K), 0.0096540 secs] [Times: user=0.02 sys=0.00, real=0.01 secs] 
2014-07-08T13:42:25.326+0000: 2550.412: [GC [PSYoungGen: 651570K->1458K(628672K)] 843671K->193895K(1315648K), 0.0128350 secs] [Times: user=0.03 sys=0.00, real=0.02 secs] 
2014-07-08T13:42:30.924+0000: 2556.010: [GC [PSYoungGen: 628658K->1946K(606976K)] 821095K->194615K(1293952K), 0.0127570 secs] [Times: user=0.04 sys=0.01, real=0.01 secs] 
2014-07-08T13:42:36.612+0000: 2561.698: [GC [PSYoungGen: 606938K->1778K(585600K)] 799607K->194919K(1272576K), 0.0285410 secs] [Times: user=0.10 sys=0.00, real=0.03 secs] 
2014-07-08T13:42:42.401+0000: 2567.487: [GC [PSYoungGen: 585583K->1014K(564608K)] 778725K->195275K(1251584K), 0.0070680 secs] [Times: user=0.02 sys=0.00, real=0.00 secs] 
2014-07-08T13:42:47.956+0000: 2573.042: [GC [PSYoungGen: 564598K->1536K(545792K)] 758859K->196245K(1232768K), 0.0064250 secs] [Times: user=0.02 sys=0.00, real=0.01 secs] 
2014-07-08T13:42:51.736+0000: 2576.822: [GC [PSYoungGen: 545792K->1736K(527616K)] 740501K->196853K(1214592K), 0.0348840 secs] [Times: user=0.12 sys=0.01, real=0.04 secs] 
2014-07-08T13:42:57.008+0000: 2582.094: [GC [PSYoungGen: 527560K->1554K(509824K)] 722677K->197031K(1196800K), 0.0089110 secs] [Times: user=0.02 sys=0.00, real=0.01 secs] 
2014-07-08T13:43:02.064+0000: 2587.150: [GC [PSYoungGen: 509778K->1252K(492672K)] 705255K->197481K(1179648K), 0.0146480 secs] [Times: user=0.04 sys=0.00, real=0.01 secs] 
2014-07-08T13:43:06.059+0000: 2591.145: [GC [PSYoungGen: 492644K->1832K(477184K)] 688873K->198453K(1164160K), 0.0142690 secs] [Times: user=0.04 sys=0.00, real=0.02 secs] 
2014-07-08T13:43:10.987+0000: 2596.073: [GC [PSYoungGen: 477153K->1654K(461632K)] 673775K->198659K(1148608K), 0.0053100 secs] [Times: user=0.01 sys=0.00, real=0.00 secs] 
2014-07-08T13:43:15.444+0000: 2600.530: [GC [PSYoungGen: 461622K->1572K(446848K)] 658627K->198913K(1133824K), 0.0080380 secs] [Times: user=0.02 sys=0.00, real=0.00 secs] 
2014-07-08T13:43:20.149+0000: 2605.234: [GC [PSYoungGen: 446817K->1394K(432576K)] 644159K->199111K(1119552K), 0.0315050 secs] [Times: user=0.12 sys=0.00, real=0.03 secs] 
2014-07-08T13:43:23.372+0000: 2608.458: [GC [PSYoungGen: 432548K->1522K(419264K)] 630266K->199543K(1106240K), 0.0188320 secs] [Times: user=0.07 sys=0.01, real=0.02 secs] 
2014-07-08T13:43:27.526+0000: 2612.612: [GC [PSYoungGen: 419250K->1572K(406464K)] 617271K->199937K(1093440K), 0.0055390 secs] [Times: user=0.02 sys=0.00, real=0.01 secs] 
2014-07-08T13:43:34.901+0000: 2619.987: [GC [PSYoungGen: 406436K->1586K(394112K)] 604801K->200279K(1081088K), 0.0084590 secs] [Times: user=0.02 sys=0.00, real=0.01 secs] 
2014-07-08T13:43:35.294+0000: 2620.380: [GC [PSYoungGen: 394096K->1316K(472384K)] 592790K->200321K(1159360K), 0.0450030 secs] [Times: user=0.18 sys=0.00, real=0.05 secs] 
2014-07-08T13:43:38.654+0000: 2623.740: [GC [PSYoungGen: 472356K->1522K(566784K)] 671361K->200655K(1253760K), 0.0056370 secs] [Times: user=0.02 sys=0.00, real=0.01 secs] 
2014-07-08T13:43:44.541+0000: 2629.627: [GC [PSYoungGen: 566770K->1526K(679872K)] 765903K->201275K(1366848K), 0.0091830 secs] [Times: user=0.03 sys=0.00, real=0.01 secs] 
2014-07-08T13:43:51.318+0000: 2636.404: [GC [PSYoungGen: 679854K->1714K(815744K)] 879604K->201871K(1502720K), 0.0071430 secs] [Times: user=0.02 sys=0.00, real=0.01 secs] 
2014-07-08T13:43:59.348+0000: 2644.434: [GC [PSYoungGen: 815730K->1384K(978240K)] 1015887K->202581K(1665216K), 0.0238680 secs] [Times: user=0.09 sys=0.01, real=0.03 secs] 
2014-07-08T13:44:08.839+0000: 2653.925: [GC [PSYoungGen: 978216K->2266K(940544K)] 1179413K->203959K(1627520K), 0.0355360 secs] [Times: user=0.11 sys=0.00, real=0.04 secs] 
2014-07-08T13:44:16.417+0000: 2661.502: [GC [PSYoungGen: 940505K->1206K(902656K)] 1142199K->204395K(1589632K), 0.0284050 secs] [Times: user=0.10 sys=0.00, real=0.03 secs] 
2014-07-08T13:44:23.617+0000: 2668.703: [GC [PSYoungGen: 902646K->2198K(868672K)] 1105835K->205979K(1555648K), 0.0103370 secs] [Times: user=0.03 sys=0.00, real=0.01 secs] 
2014-07-08T13:44:31.053+0000: 2676.139: [GC [PSYoungGen: 868630K->1892K(835008K)] 1072411K->206457K(1521984K), 0.0362830 secs] [Times: user=0.12 sys=0.00, real=0.04 secs] 
2014-07-08T13:44:56.937+0000: 2702.023: [GC [PSYoungGen: 834980K->1910K(803200K)] 1039545K->207043K(1490176K), 0.0104630 secs] [Times: user=0.02 sys=0.01, real=0.01 secs] 
2014-07-08T13:44:57.754+0000: 2702.840: [GC [PSYoungGen: 803190K->1394K(772416K)] 1008323K->207095K(1459392K), 0.0064550 secs] [Times: user=0.02 sys=0.00, real=0.01 secs] 
2014-07-08T13:45:09.643+0000: 2714.729: [GC [PSYoungGen: 772402K->1874K(744064K)] 978103K->207815K(1431040K), 0.0131920 secs] [Times: user=0.05 sys=0.00, real=0.01 secs] 
2014-07-08T13:45:33.456+0000: 2738.542: [GC [PSYoungGen: 744018K->1458K(716096K)] 949959K->207943K(1403072K), 0.0150790 secs] [Times: user=0.05 sys=0.00, real=0.01 secs] 
2014-07-08T13:45:36.094+0000: 2741.180: [GC [PSYoungGen: 716082K->1540K(689984K)] 922567K->208289K(1376960K), 0.0082240 secs] [Times: user=0.02 sys=0.00, real=0.01 secs] 
2014-07-08T13:45:41.825+0000: 2746.911: [GC [PSYoungGen: 689887K->1746K(665152K)] 896637K->208815K(1352128K), 0.0062680 secs] [Times: user=0.02 sys=0.00, real=0.01 secs] 
2014-07-08T13:45:47.198+0000: 2752.284: [GC [PSYoungGen: 665106K->1632K(641152K)] 872175K->209149K(1328128K), 0.0293420 secs] [Times: user=0.11 sys=0.00, real=0.03 secs] 
2014-07-08T13:45:52.770+0000: 2757.856: [GC [PSYoungGen: 641120K->1704K(618432K)] 848637K->209757K(1305408K), 0.0416620 secs] [Times: user=0.16 sys=0.00, real=0.04 secs] 
2014-07-08T13:45:57.967+0000: 2763.053: [GC [PSYoungGen: 618403K->2024K(597056K)] 826457K->210589K(1284032K), 0.0258220 secs] [Times: user=0.10 sys=0.01, real=0.03 secs] 
2014-07-08T13:46:03.954+0000: 2769.040: [GC [PSYoungGen: 597032K->1516K(575808K)] 805597K->210810K(1262784K), 0.0093830 secs] [Times: user=0.03 sys=0.00, real=0.01 secs] 
2014-07-08T13:46:09.869+0000: 2774.955: [GC [PSYoungGen: 575788K->1910K(556416K)] 785082K->211635K(1243392K), 0.0371310 secs] [Times: user=0.13 sys=0.00, real=0.04 secs] 
2014-07-08T13:46:13.468+0000: 2778.554: [GC [PSYoungGen: 556406K->1586K(537216K)] 766131K->211743K(1224192K), 0.0157400 secs] [Times: user=0.05 sys=0.00, real=0.02 secs] 
2014-07-08T13:46:19.827+0000: 2784.913: [GC [PSYoungGen: 537143K->1612K(519232K)] 747301K->212201K(1206208K), 0.0326770 secs] [Times: user=0.11 sys=0.00, real=0.03 secs] 
2014-07-08T13:46:22.265+0000: 2787.351: [GC [PSYoungGen: 519180K->1508K(501888K)] 729769K->212369K(1188864K), 0.0064190 secs] [Times: user=0.02 sys=0.00, real=0.00 secs] 
2014-07-08T13:46:29.538+0000: 2794.624: [GC [PSYoungGen: 501856K->1444K(485312K)] 712718K->212609K(1172288K), 0.0140270 secs] [Times: user=0.04 sys=0.00, real=0.01 secs] 
2014-07-08T13:46:31.051+0000: 2796.137: [GC [PSYoungGen: 485284K->1444K(469568K)] 696449K->212889K(1156544K), 0.0120100 secs] [Times: user=0.04 sys=0.00, real=0.01 secs] 
2014-07-08T13:46:35.644+0000: 2800.730: [GC [PSYoungGen: 469540K->1750K(454848K)] 680985K->213443K(1141824K), 0.0414650 secs] [Times: user=0.16 sys=0.00, real=0.05 secs] 
2014-07-08T13:46:50.065+0000: 2815.151: [GC [PSYoungGen: 454806K->1668K(440384K)] 666499K->213689K(1127360K), 0.0350210 secs] [Times: user=0.13 sys=0.00, real=0.04 secs] 
2014-07-08T13:46:59.752+0000: 2824.838: [GC [PSYoungGen: 440324K->1394K(426304K)] 652345K->213727K(1113280K), 0.0065710 secs] [Times: user=0.02 sys=0.00, real=0.01 secs] 
2014-07-08T13:47:00.199+0000: 2825.285: [GC [PSYoungGen: 426290K->1316K(413056K)] 638623K->213857K(1100032K), 0.0060640 secs] [Times: user=0.02 sys=0.00, real=0.00 secs] 
2014-07-08T13:47:01.564+0000: 2826.650: [GC [PSYoungGen: 413028K->1654K(400768K)] 625569K->214339K(1087744K), 0.0125730 secs] [Times: user=0.03 sys=0.00, real=0.01 secs] 
2014-07-08T13:47:05.526+0000: 2830.612: [GC [PSYoungGen: 400740K->1772K(388800K)] 613426K->214690K(1075776K), 0.0113030 secs] [Times: user=0.04 sys=0.00, real=0.01 secs] 
2014-07-08T13:47:09.686+0000: 2834.772: [GC [PSYoungGen: 388780K->1490K(376960K)] 601698K->214655K(1063936K), 0.0090130 secs] [Times: user=0.03 sys=0.01, real=0.01 secs] 
2014-07-08T13:47:13.594+0000: 2838.680: [GC [PSYoungGen: 376909K->1444K(365824K)] 590075K->214913K(1052800K), 0.0192380 secs] [Times: user=0.06 sys=0.00, real=0.02 secs] 
2014-07-08T13:47:17.535+0000: 2842.621: [GC [PSYoungGen: 365796K->1540K(355328K)] 579265K->215329K(1042304K), 0.0248500 secs] [Times: user=0.09 sys=0.00, real=0.02 secs] 
2014-07-08T13:47:21.260+0000: 2846.346: [GC [PSYoungGen: 355268K->1490K(345088K)] 569057K->215543K(1032064K), 0.0339920 secs] [Times: user=0.13 sys=0.00, real=0.04 secs] 
2014-07-08T13:47:24.565+0000: 2849.651: [GC [PSYoungGen: 345042K->1686K(335488K)] 559095K->216043K(1022464K), 0.0540650 secs] [Times: user=0.20 sys=0.00, real=0.05 secs] 
2014-07-08T13:47:27.537+0000: 2852.623: [GC [PSYoungGen: 335446K->1270K(325632K)] 549803K->216107K(1012608K), 0.0055100 secs] [Times: user=0.03 sys=0.00, real=0.01 secs] 
2014-07-08T13:47:30.750+0000: 2855.836: [GC [PSYoungGen: 325622K->1736K(317120K)] 540459K->216813K(1004096K), 0.0429040 secs] [Times: user=0.16 sys=0.00, real=0.05 secs] 
2014-07-08T13:47:33.994+0000: 2859.080: [GC [PSYoungGen: 317064K->1338K(308032K)] 532141K->217080K(995008K), 0.0335900 secs] [Times: user=0.13 sys=0.00, real=0.03 secs] 
2014-07-08T13:47:37.077+0000: 2862.163: [GC [PSYoungGen: 308026K->1690K(300096K)] 523768K->217696K(987072K), 0.0142920 secs] [Times: user=0.03 sys=0.00, real=0.01 secs] 
2014-07-08T13:47:40.355+0000: 2865.440: [GC [PSYoungGen: 300033K->1458K(291840K)] 516039K->217807K(978816K), 0.0486310 secs] [Times: user=0.18 sys=0.00, real=0.05 secs] 
2014-07-08T13:47:43.174+0000: 2868.260: [GC [PSYoungGen: 291826K->1704K(350208K)] 508175K->218285K(1037184K), 0.0337210 secs] [Times: user=0.13 sys=0.00, real=0.04 secs] 
2014-07-08T13:47:46.242+0000: 2871.328: [GC [PSYoungGen: 350184K->1216K(339712K)] 566765K->218149K(1026688K), 0.0081670 secs] [Times: user=0.02 sys=0.01, real=0.01 secs] 
2014-07-08T13:47:49.735+0000: 2874.821: [GC [PSYoungGen: 339712K->1508K(330432K)] 556645K->218681K(1017408K), 0.0311490 secs] [Times: user=0.11 sys=0.00, real=0.04 secs] 
2014-07-08T13:47:52.986+0000: 2878.072: [GC [PSYoungGen: 330340K->1526K(321216K)] 547514K->219107K(1008192K), 0.0121730 secs] [Times: user=0.04 sys=0.00, real=0.02 secs] 
2014-07-08T13:47:55.915+0000: 2881.001: [GC [PSYoungGen: 321199K->1622K(312512K)] 538781K->219515K(999488K), 0.0433020 secs] [Times: user=0.17 sys=0.01, real=0.05 secs] 
2014-07-08T13:47:59.099+0000: 2884.185: [GC [PSYoungGen: 312470K->1206K(303616K)] 530363K->219571K(990592K), 0.0055190 secs] [Times: user=0.02 sys=0.00, real=0.00 secs] 
2014-07-08T13:48:02.143+0000: 2887.229: [GC [PSYoungGen: 303605K->1604K(295936K)] 521971K->220161K(982912K), 0.0073950 secs] [Times: user=0.02 sys=0.00, real=0.01 secs] 
2014-07-08T13:48:05.138+0000: 2890.224: [GC [PSYoungGen: 295854K->1394K(287872K)] 514412K->220279K(974848K), 0.0291670 secs] [Times: user=0.10 sys=0.00, real=0.02 secs] 
2014-07-08T13:48:07.875+0000: 2892.961: [GC [PSYoungGen: 287858K->1440K(280448K)] 506743K->220533K(967424K), 0.0410560 secs] [Times: user=0.16 sys=0.00, real=0.04 secs] 
2014-07-08T13:48:10.768+0000: 2895.854: [GC [PSYoungGen: 280415K->1256K(273024K)] 499509K->220845K(960000K), 0.0318250 secs] [Times: user=0.12 sys=0.00, real=0.04 secs] 
2014-07-08T13:48:13.485+0000: 2898.571: [GC [PSYoungGen: 273000K->1722K(266560K)] 492589K->221544K(953536K), 0.0277060 secs] [Times: user=0.10 sys=0.01, real=0.03 secs] 
2014-07-08T13:48:16.468+0000: 2901.554: [GC [PSYoungGen: 266554K->1124K(259328K)] 486376K->221601K(946304K), 0.0333630 secs] [Times: user=0.12 sys=0.00, real=0.04 secs] 
2014-07-08T13:48:19.165+0000: 2904.251: [GC [PSYoungGen: 259300K->1472K(253248K)] 479777K->222157K(940224K), 0.0206220 secs] [Times: user=0.07 sys=0.00, real=0.02 secs] 
2014-07-08T13:48:26.599+0000: 2911.685: [GC [PSYoungGen: 253248K->1512K(247104K)] 473933K->222638K(934080K), 0.0509340 secs] [Times: user=0.19 sys=0.00, real=0.05 secs] 
2014-07-08T13:48:29.147+0000: 2914.233: [GC [PSYoungGen: 247080K->1430K(241088K)] 468206K->222819K(928064K), 0.0111160 secs] [Times: user=0.01 sys=0.00, real=0.01 secs] 
2014-07-08T13:48:29.379+0000: 2914.465: [GC [PSYoungGen: 241043K->1188K(288768K)] 462433K->222745K(975744K), 0.0145870 secs] [Times: user=0.05 sys=0.01, real=0.02 secs] 
2014-07-08T13:48:29.714+0000: 2914.800: [GC [PSYoungGen: 288740K->1312K(346432K)] 510297K->222973K(1033408K), 0.0105830 secs] [Times: user=0.03 sys=0.01, real=0.01 secs] 
2014-07-08T13:48:32.029+0000: 2917.115: [GC [PSYoungGen: 346400K->1736K(415936K)] 568061K->223526K(1102912K), 0.0367970 secs] [Times: user=0.14 sys=0.00, real=0.04 secs] 
2014-07-08T13:48:36.108+0000: 2921.194: [GC [PSYoungGen: 415880K->1618K(498688K)] 637670K->223711K(1185664K), 0.0408280 secs] [Times: user=0.15 sys=0.00, real=0.04 secs] 
2014-07-08T13:48:40.765+0000: 2925.851: [GC [PSYoungGen: 498642K->960K(597440K)] 720735K->223869K(1284416K), 0.0400980 secs] [Times: user=0.14 sys=0.00, real=0.04 secs] 
2014-07-08T13:48:46.694+0000: 2931.780: [GC [PSYoungGen: 597440K->1828K(717632K)] 820349K->225081K(1404608K), 0.0081580 secs] [Times: user=0.02 sys=0.00, real=0.01 secs] 
2014-07-08T13:48:52.549+0000: 2937.635: [GC [PSYoungGen: 717604K->1462K(690944K)] 940857K->225572K(1377920K), 0.0087490 secs] [Times: user=0.02 sys=0.01, real=0.01 secs] 
2014-07-08T13:48:58.199+0000: 2943.285: [GC [PSYoungGen: 690901K->1814K(666240K)] 915011K->226444K(1353216K), 0.0064840 secs] [Times: user=0.02 sys=0.00, real=0.00 secs] 
2014-07-08T13:49:03.690+0000: 2948.776: [GC [PSYoungGen: 666198K->1452K(641984K)] 890828K->226882K(1328960K), 0.0451160 secs] [Times: user=0.16 sys=0.00, real=0.04 secs] 
2014-07-08T13:49:08.803+0000: 2953.889: [GC [PSYoungGen: 641964K->1778K(619520K)] 867394K->227679K(1306496K), 0.0092060 secs] [Times: user=0.03 sys=0.00, real=0.01 secs] 
2014-07-08T13:49:12.415+0000: 2957.501: [GC [PSYoungGen: 619506K->1522K(597504K)] 845407K->227887K(1284480K), 0.0062420 secs] [Times: user=0.02 sys=0.00, real=0.01 secs] 
2014-07-08T13:49:17.010+0000: 2962.096: [GC [PSYoungGen: 597490K->1394K(576576K)] 823855K->228199K(1263552K), 0.0103030 secs] [Times: user=0.01 sys=0.00, real=0.01 secs] 
2014-07-08T13:49:20.081+0000: 2965.167: [GC [PSYoungGen: 576562K->1750K(557120K)] 803367K->228796K(1244096K), 0.0142490 secs] [Times: user=0.05 sys=0.00, real=0.01 secs] 
2014-07-08T13:49:24.482+0000: 2969.568: [GC [PSYoungGen: 557078K->1828K(538240K)] 784124K->229186K(1225216K), 0.0733330 secs] [Times: user=0.27 sys=0.00, real=0.07 secs] 
2014-07-08T13:49:28.970+0000: 2974.056: [GC [PSYoungGen: 538209K->1142K(519424K)] 765567K->229340K(1206400K), 0.0066900 secs] [Times: user=0.03 sys=0.00, real=0.01 secs] 
2014-07-08T13:49:33.107+0000: 2978.193: [GC [PSYoungGen: 519411K->1682K(502720K)] 747609K->230223K(1189696K), 0.0085150 secs] [Times: user=0.03 sys=0.00, real=0.01 secs] 
2014-07-08T13:49:37.284+0000: 2982.370: [GC [PSYoungGen: 502674K->1490K(486016K)] 731215K->230536K(1172992K), 0.0338570 secs] [Times: user=0.10 sys=0.00, real=0.03 secs] 
2014-07-08T13:49:40.892+0000: 2985.978: [GC [PSYoungGen: 485968K->1636K(470336K)] 715014K->231010K(1157312K), 0.0262450 secs] [Times: user=0.09 sys=0.00, real=0.03 secs] 
2014-07-08T13:49:44.393+0000: 2989.479: [GC [PSYoungGen: 470253K->1462K(455040K)] 699627K->231340K(1142016K), 0.0053070 secs] [Times: user=0.02 sys=0.00, real=0.01 secs] 
2014-07-08T13:49:47.963+0000: 2993.049: [GC [PSYoungGen: 455030K->1540K(440768K)] 684908K->231762K(1127744K), 0.0060170 secs] [Times: user=0.02 sys=0.00, real=0.01 secs] 
2014-07-08T13:50:03.656+0000: 3008.742: [GC [PSYoungGen: 440708K->1554K(426944K)] 670930K->232088K(1113920K), 0.0056710 secs] [Times: user=0.01 sys=0.00, real=0.00 secs] 
2014-07-08T13:50:18.565+0000: 3023.651: [GC [PSYoungGen: 426898K->1490K(413696K)] 657432K->232320K(1100672K), 0.0063910 secs] [Times: user=0.02 sys=0.00, real=0.01 secs] 
2014-07-08T13:50:18.995+0000: 3024.081: [GC [PSYoungGen: 413650K->1248K(495872K)] 644480K->232293K(1182848K), 0.0414610 secs] [Times: user=0.14 sys=0.00, real=0.04 secs] 
2014-07-08T13:50:20.864+0000: 3025.950: [GC [PSYoungGen: 495840K->1540K(595136K)] 726885K->232714K(1282112K), 0.0085150 secs] [Times: user=0.02 sys=0.00, real=0.01 secs] 
2014-07-08T13:50:25.817+0000: 3030.903: [GC [PSYoungGen: 595068K->1664K(713920K)] 826242K->233141K(1400896K), 0.0309240 secs] [Times: user=0.10 sys=0.00, real=0.03 secs] 
2014-07-08T13:50:31.801+0000: 3036.887: [GC [PSYoungGen: 713920K->1992K(856768K)] 945397K->233902K(1543744K), 0.0343230 secs] [Times: user=0.13 sys=0.00, real=0.04 secs] 
2014-07-08T13:50:40.555+0000: 3045.641: [GC [PSYoungGen: 856686K->936K(1026624K)] 1088596K->234374K(1713600K), 0.0290310 secs] [Times: user=0.10 sys=0.00, real=0.03 secs] 
2014-07-08T13:50:50.681+0000: 3055.767: [GC [PSYoungGen: 1026600K->2212K(986944K)] 1260038K->236218K(1673920K), 0.0088720 secs] [Times: user=0.02 sys=0.00, real=0.01 secs] 
2014-07-08T13:51:00.632+0000: 3065.718: [GC [PSYoungGen: 986916K->1970K(947712K)] 1220922K->236968K(1634688K), 0.0543460 secs] [Times: user=0.21 sys=0.00, real=0.06 secs] 
2014-07-08T13:51:08.511+0000: 3073.597: [GC [PSYoungGen: 947698K->1778K(910400K)] 1182696K->237480K(1597376K), 0.0310420 secs] [Times: user=0.11 sys=0.00, real=0.03 secs] 
2014-07-08T13:51:32.068+0000: 3097.154: [GC [PSYoungGen: 910386K->1914K(875200K)] 1146088K->238128K(1562176K), 0.0146130 secs] [Times: user=0.05 sys=0.00, real=0.02 secs] 
2014-07-08T13:51:35.383+0000: 3100.469: [GC [PSYoungGen: 875194K->1668K(841344K)] 1111408K->238378K(1528320K), 0.0087680 secs] [Times: user=0.03 sys=0.00, real=0.01 secs] 
2014-07-08T13:51:43.565+0000: 3108.651: [GC [PSYoungGen: 841284K->1938K(809536K)] 1077994K->239040K(1496512K), 0.0142180 secs] [Times: user=0.04 sys=0.00, real=0.01 secs] 
2014-07-08T13:51:51.552+0000: 3116.638: [GC [PSYoungGen: 809490K->2024K(779008K)] 1046592K->239718K(1465984K), 0.0694260 secs] [Times: user=0.27 sys=0.00, real=0.07 secs] 
2014-07-08T13:51:59.380+0000: 3124.466: [GC [PSYoungGen: 778983K->1380K(749248K)] 1016677K->240034K(1436224K), 0.0489630 secs] [Times: user=0.19 sys=0.01, real=0.05 secs] 
2014-07-08T13:52:16.339+0000: 3141.424: [GC [PSYoungGen: 749220K->1988K(722112K)] 987874K->241130K(1409088K), 0.0315740 secs] [Times: user=0.12 sys=0.00, real=0.03 secs] 
2014-07-08T13:52:29.272+0000: 3154.358: [GC [PSYoungGen: 722049K->1608K(695232K)] 961191K->241406K(1382208K), 0.0077070 secs] [Times: user=0.03 sys=0.00, real=0.01 secs] 
2014-07-08T13:52:31.857+0000: 3156.943: [GC [PSYoungGen: 695176K->1764K(670080K)] 934974K->241858K(1357056K), 0.0410790 secs] [Times: user=0.15 sys=0.01, real=0.04 secs] 
2014-07-08T13:52:38.373+0000: 3163.459: [GC [PSYoungGen: 670052K->1568K(645824K)] 910146K->242021K(1332800K), 0.0059810 secs] [Times: user=0.02 sys=0.01, real=0.00 secs] 
2014-07-08T13:52:44.786+0000: 3169.872: [GC [PSYoungGen: 645792K->1846K(623104K)] 886245K->242732K(1310080K), 0.0213710 secs] [Times: user=0.08 sys=0.00, real=0.02 secs] 
2014-07-08T13:52:51.176+0000: 3176.262: [GC [PSYoungGen: 623094K->1814K(601152K)] 863980K->243188K(1288128K), 0.0094710 secs] [Times: user=0.02 sys=0.00, real=0.01 secs] 
2014-07-08T13:52:55.525+0000: 3180.611: [GC [PSYoungGen: 601110K->1814K(580224K)] 842484K->243620K(1267200K), 0.0222470 secs] [Times: user=0.08 sys=0.00, real=0.02 secs] 
2014-07-08T13:53:01.342+0000: 3186.427: [GC [PSYoungGen: 580182K->1316K(559744K)] 821988K->243914K(1246720K), 0.0462170 secs] [Times: user=0.18 sys=0.00, real=0.05 secs] 
2014-07-08T13:53:07.215+0000: 3192.301: [GC [PSYoungGen: 559716K->1764K(541120K)] 802314K->244762K(1228096K), 0.0230590 secs] [Times: user=0.09 sys=0.01, real=0.02 secs] 
2014-07-08T13:53:12.719+0000: 3197.805: [GC [PSYoungGen: 541048K->1874K(523008K)] 784046K->245360K(1209984K), 0.0263550 secs] [Times: user=0.10 sys=0.00, real=0.03 secs] 
2014-07-08T13:53:18.064+0000: 3203.150: [GC [PSYoungGen: 522962K->1768K(505472K)] 766448K->245686K(1192448K), 0.0093340 secs] [Times: user=0.02 sys=0.00, real=0.01 secs] 
2014-07-08T13:54:06.481+0000: 3251.567: [GC [PSYoungGen: 505448K->1088K(488128K)] 749366K->245653K(1175104K), 0.0073660 secs] [Times: user=0.02 sys=0.00, real=0.01 secs] 
2014-07-08T13:54:06.967+0000: 3252.053: [GC [PSYoungGen: 488128K->1408K(472576K)] 732693K->246269K(1159552K), 0.0047960 secs] [Times: user=0.02 sys=0.00, real=0.00 secs] 
2014-07-08T13:54:07.996+0000: 3253.082: [GC [PSYoungGen: 472570K->1426K(566912K)] 717432K->246496K(1253888K), 0.0287050 secs] [Times: user=0.11 sys=0.00, real=0.03 secs] 
2014-07-08T13:54:20.665+0000: 3265.751: [GC [PSYoungGen: 566866K->1604K(547712K)] 811936K->246914K(1234688K), 0.0083700 secs] [Times: user=0.02 sys=0.00, real=0.00 secs] 
2014-07-08T13:54:21.712+0000: 3266.798: [GC [PSYoungGen: 547652K->1344K(656640K)] 792962K->246989K(1343616K), 0.0249060 secs] [Times: user=0.09 sys=0.00, real=0.03 secs] 
2014-07-08T13:54:27.369+0000: 3272.455: [GC [PSYoungGen: 656640K->1860K(633728K)] 902285K->247722K(1320704K), 0.0227010 secs] [Times: user=0.07 sys=0.00, real=0.02 secs] 
2014-07-08T13:54:32.557+0000: 3277.643: [GC [PSYoungGen: 633668K->1536K(610944K)] 879530K->247941K(1297920K), 0.0095320 secs] [Times: user=0.02 sys=0.00, real=0.01 secs] 
2014-07-08T13:54:37.237+0000: 3282.323: [GC [PSYoungGen: 610940K->1882K(589952K)] 857346K->248760K(1276928K), 0.0068790 secs] [Times: user=0.02 sys=0.00, real=0.01 secs] 
2014-07-08T13:54:42.027+0000: 3287.112: [GC [PSYoungGen: 589914K->1462K(569088K)] 836792K->248932K(1256064K), 0.0277400 secs] [Times: user=0.11 sys=0.00, real=0.03 secs] 
2014-07-08T13:54:46.487+0000: 3291.573: [GC [PSYoungGen: 569078K->1604K(549824K)] 816548K->249482K(1236800K), 0.0065900 secs] [Times: user=0.02 sys=0.00, real=0.01 secs] 
2014-07-08T13:54:51.187+0000: 3296.273: [GC [PSYoungGen: 549680K->1700K(531264K)] 797558K->249946K(1218240K), 0.0142670 secs] [Times: user=0.05 sys=0.00, real=0.02 secs] 
2014-07-08T13:54:55.533+0000: 3300.619: [GC [PSYoungGen: 531236K->1636K(513408K)] 779482K->250290K(1200384K), 0.0068510 secs] [Times: user=0.02 sys=0.00, real=0.00 secs] 
2014-07-08T13:54:59.771+0000: 3304.857: [GC [PSYoungGen: 513380K->1394K(496192K)] 762034K->250552K(1183168K), 0.0239130 secs] [Times: user=0.08 sys=0.00, real=0.03 secs] 
2014-07-08T13:55:03.129+0000: 3308.215: [GC [PSYoungGen: 496178K->1782K(480320K)] 745336K->251252K(1167296K), 0.0318660 secs] [Times: user=0.11 sys=0.00, real=0.03 secs] 
2014-07-08T13:55:06.990+0000: 3312.076: [GC [PSYoungGen: 480310K->1590K(464640K)] 729780K->251484K(1151616K), 0.0083390 secs] [Times: user=0.03 sys=0.00, real=0.01 secs] 
2014-07-08T13:55:11.117+0000: 3316.203: [GC [PSYoungGen: 464630K->1618K(449856K)] 714524K->251872K(1136832K), 0.0392380 secs] [Times: user=0.14 sys=0.00, real=0.04 secs] 
2014-07-08T13:55:15.859+0000: 3320.945: [GC [PSYoungGen: 449810K->1384K(435392K)] 700064K->252246K(1122368K), 0.0264350 secs] [Times: user=0.11 sys=0.00, real=0.03 secs] 
2014-07-08T13:55:19.885+0000: 3324.971: [GC [PSYoungGen: 435361K->1536K(421952K)] 686223K->252709K(1108928K), 0.0257590 secs] [Times: user=0.09 sys=0.00, real=0.02 secs] 
2014-07-08T13:55:23.663+0000: 3328.749: [GC [PSYoungGen: 421945K->1828K(409280K)] 673119K->253402K(1096256K), 0.0713370 secs] [Times: user=0.28 sys=0.00, real=0.07 secs] 
2014-07-08T13:55:30.222+0000: 3335.308: [GC [PSYoungGen: 409252K->1554K(396608K)] 660826K->253480K(1083584K), 0.0302840 secs] [Times: user=0.11 sys=0.01, real=0.03 secs] 
2014-07-08T13:55:30.640+0000: 3335.726: [GC [PSYoungGen: 396562K->1448K(475520K)] 648488K->253726K(1162496K), 0.0339830 secs] [Times: user=0.12 sys=0.00, real=0.03 secs] 
2014-07-08T13:55:33.171+0000: 3338.257: [GC [PSYoungGen: 475496K->1586K(570496K)] 727774K->254000K(1257472K), 0.0066460 secs] [Times: user=0.02 sys=0.00, real=0.01 secs] 
2014-07-08T13:55:37.817+0000: 3342.903: [GC [PSYoungGen: 570482K->1704K(684416K)] 822896K->254406K(1371392K), 0.0058460 secs] [Times: user=0.02 sys=0.00, real=0.00 secs] 
2014-07-08T13:55:43.372+0000: 3348.458: [GC [PSYoungGen: 684361K->1896K(821184K)] 937063K->254966K(1508160K), 0.0107060 secs] [Times: user=0.02 sys=0.00, real=0.01 secs] 
2014-07-08T13:56:11.315+0000: 3376.400: [GC [PSYoungGen: 821160K->1124K(789312K)] 1074230K->255278K(1476288K), 0.0121330 secs] [Times: user=0.04 sys=0.00, real=0.01 secs] 
2014-07-08T13:56:14.181+0000: 3379.267: [GC [PSYoungGen: 789284K->1778K(760256K)] 1043438K->256364K(1447232K), 0.0309410 secs] [Times: user=0.12 sys=0.00, real=0.03 secs] 
2014-07-08T13:56:20.774+0000: 3385.860: [GC [PSYoungGen: 760240K->1924K(732160K)] 1014826K->256950K(1419136K), 0.0232170 secs] [Times: user=0.08 sys=0.00, real=0.03 secs] 
2014-07-08T13:56:27.062+0000: 3392.148: [GC [PSYoungGen: 732100K->1814K(705088K)] 987126K->257376K(1392064K), 0.0277510 secs] [Times: user=0.10 sys=0.00, real=0.03 secs] 
2014-07-08T13:56:33.377+0000: 3398.463: [GC [PSYoungGen: 705046K->946K(678464K)] 960608K->257716K(1365440K), 0.0174150 secs] [Times: user=0.05 sys=0.01, real=0.01 secs] 
2014-07-08T13:56:40.199+0000: 3405.284: [GC [PSYoungGen: 678450K->1906K(654912K)] 935220K->259156K(1341888K), 0.0198200 secs] [Times: user=0.06 sys=0.01, real=0.02 secs] 
2014-07-08T13:56:46.761+0000: 3411.847: [GC [PSYoungGen: 654898K->1810K(631488K)] 912148K->259684K(1318464K), 0.0290640 secs] [Times: user=0.10 sys=0.00, real=0.03 secs] 
2014-07-08T13:56:53.204+0000: 3418.290: [GC [PSYoungGen: 631442K->1978K(609280K)] 889316K->260316K(1296256K), 0.0302520 secs] [Times: user=0.12 sys=0.00, real=0.03 secs] 
2014-07-08T13:56:59.253+0000: 3424.339: [GC [PSYoungGen: 609274K->936K(586944K)] 867612K->260570K(1273920K), 0.0370300 secs] [Times: user=0.15 sys=0.00, real=0.04 secs] 
2014-07-08T13:57:05.083+0000: 3430.169: [GC [PSYoungGen: 586855K->1810K(567552K)] 846489K->261812K(1254528K), 0.0080770 secs] [Times: user=0.02 sys=0.00, real=0.01 secs] 
2014-07-08T13:57:10.394+0000: 3435.480: [GC [PSYoungGen: 567506K->1654K(547968K)] 827508K->262264K(1234944K), 0.0138810 secs] [Times: user=0.05 sys=0.00, real=0.01 secs] 
2014-07-08T13:57:15.563+0000: 3440.649: [GC [PSYoungGen: 547958K->1718K(529536K)] 808568K->262712K(1216512K), 0.0076200 secs] [Times: user=0.02 sys=0.00, real=0.00 secs] 
2014-07-08T13:57:20.497+0000: 3445.583: [GC [PSYoungGen: 529443K->1384K(511488K)] 790437K->263122K(1198464K), 0.0102710 secs] [Times: user=0.04 sys=0.00, real=0.01 secs] 
2014-07-08T13:57:55.163+0000: 3480.249: [GC [PSYoungGen: 511464K->1942K(495168K)] 773202K->264032K(1182144K), 0.0243400 secs] [Times: user=0.08 sys=0.00, real=0.02 secs] 
2014-07-08T13:57:55.654+0000: 3480.740: [GC [PSYoungGen: 495124K->1376K(593280K)] 757214K->263938K(1280256K), 0.0341800 secs] [Times: user=0.13 sys=0.00, real=0.04 secs] 
2014-07-08T13:57:56.585+0000: 3481.671: [GC [PSYoungGen: 593248K->1590K(711872K)] 855810K->264360K(1398848K), 0.0132840 secs] [Times: user=0.05 sys=0.00, real=0.02 secs] 
2014-07-08T13:58:03.665+0000: 3488.751: [GC [PSYoungGen: 711820K->1892K(854272K)] 974590K->264894K(1541248K), 0.0342030 secs] [Times: user=0.13 sys=0.00, real=0.04 secs] 
2014-07-08T13:58:12.321+0000: 3497.407: [GC [PSYoungGen: 854244K->2056K(1024960K)] 1117246K->265610K(1711936K), 0.0178070 secs] [Times: user=0.06 sys=0.00, real=0.02 secs] 
2014-07-08T13:58:22.489+0000: 3507.575: [GC [PSYoungGen: 1024904K->1014K(983040K)] 1288458K->266176K(1670016K), 0.0368510 secs] [Times: user=0.14 sys=0.00, real=0.04 secs] 
2014-07-08T13:58:32.595+0000: 3517.681: [GC [PSYoungGen: 983029K->2436K(945664K)] 1248191K->268294K(1632640K), 0.0484260 secs] [Times: user=0.17 sys=0.01, real=0.04 secs] 
2014-07-08T13:58:56.510+0000: 3541.596: [GC [PSYoungGen: 945604K->1914K(908096K)] 1211462K->268676K(1595072K), 0.0078020 secs] [Times: user=0.02 sys=0.00, real=0.01 secs] 
2014-07-08T13:58:58.642+0000: 3543.728: [GC [PSYoungGen: 908090K->1672K(872640K)] 1174852K->269018K(1559616K), 0.0138370 secs] [Times: user=0.04 sys=0.00, real=0.01 secs] 
2014-07-08T13:59:06.122+0000: 3551.208: [GC [PSYoungGen: 872584K->1892K(839232K)] 1139930K->269550K(1526208K), 0.0306480 secs] [Times: user=0.11 sys=0.00, real=0.03 secs] 
2014-07-08T13:59:37.260+0000: 3582.346: [GC [PSYoungGen: 839204K->1874K(807232K)] 1106862K->270164K(1494208K), 0.0126250 secs] [Times: user=0.03 sys=0.00, real=0.01 secs] 
2014-07-08T13:59:41.950+0000: 3587.035: [GC [PSYoungGen: 807186K->1490K(776384K)] 1075476K->270396K(1463360K), 0.0049400 secs] [Times: user=0.02 sys=0.00, real=0.01 secs] 
2014-07-08T13:59:52.304+0000: 3597.389: [GC [PSYoungGen: 776338K->1536K(747328K)] 1045244K->270746K(1434304K), 0.0194760 secs] [Times: user=0.06 sys=0.01, real=0.02 secs] 
2014-07-08T13:59:53.813+0000: 3598.899: [GC [PSYoungGen: 747328K->1622K(719744K)] 1016538K->271264K(1406720K), 0.0128380 secs] [Times: user=0.02 sys=0.00, real=0.02 secs] 
2014-07-08T13:59:59.931+0000: 3605.017: [GC [PSYoungGen: 719702K->1828K(693568K)] 989344K->271742K(1380544K), 0.0245400 secs] [Times: user=0.10 sys=0.00, real=0.02 secs] 
2014-07-08T14:00:05.604+0000: 3610.690: [GC [PSYoungGen: 693540K->1636K(668224K)] 963454K->272102K(1355200K), 0.0132350 secs] [Times: user=0.05 sys=0.00, real=0.01 secs] 
2014-07-08T14:00:10.994+0000: 3616.080: [GC [PSYoungGen: 668193K->1714K(644288K)] 938659K->272604K(1331264K), 0.0528310 secs] [Times: user=0.19 sys=0.00, real=0.05 secs] 
Heap
 PSYoungGen      total 644288K, used 550690K [0x0000000755560000, 0x00000007bf9c0000, 0x0000000800000000)
  eden space 642560K, 85% used [0x0000000755560000,0x0000000776d7c168,0x000000077c8e0000)
  from space 1728K, 99% used [0x00000007bf650000,0x00000007bf7fc810,0x00000007bf800000)
  to   space 1792K, 0% used [0x00000007bf800000,0x00000007bf800000,0x00000007bf9c0000)
 ParOldGen       total 686976K, used 270890K [0x0000000600000000, 0x0000000629ee0000, 0x0000000755560000)
  object space 686976K, 39% used [0x0000000600000000,0x000000061088a838,0x0000000629ee0000)
 PSPermGen       total 21248K, used 11733K [0x00000005f5a00000, 0x00000005f6ec0000, 0x0000000600000000)
  object space 21248K, 55% used [0x00000005f5a00000,0x00000005f65755a0,0x00000005f6ec0000)
