2014-07-08T13:00:17.755+0000: 22.841: [GC [PSYoungGen: 257728K->14248K(300608K)] 257728K->14256K(987584K), 0.0223160 secs] [Times: user=0.05 sys=0.02, real=0.02 secs] 
2014-07-08T13:00:21.797+0000: 26.883: [GC [PSYoungGen: 271976K->14658K(300608K)] 271984K->14674K(987584K), 0.0254940 secs] [Times: user=0.15 sys=0.02, real=0.02 secs] 
2014-07-08T13:00:24.308+0000: 29.395: [GC [PSYoungGen: 272386K->15710K(300608K)] 272402K->15734K(987584K), 0.0220940 secs] [Times: user=0.13 sys=0.01, real=0.02 secs] 
2014-07-08T13:00:26.185+0000: 31.271: [GC [PSYoungGen: 273438K->18544K(300608K)] 273462K->18576K(987584K), 0.0059260 secs] [Times: user=0.03 sys=0.01, real=0.00 secs] 
2014-07-08T13:00:28.008+0000: 33.094: [GC [PSYoungGen: 276272K->21220K(272576K)] 276304K->21252K(959552K), 0.0227070 secs] [Times: user=0.11 sys=0.02, real=0.02 secs] 
2014-07-08T13:00:29.740+0000: 34.826: [GC [PSYoungGen: 272548K->21686K(266880K)] 272580K->23440K(953856K), 0.0262230 secs] [Times: user=0.16 sys=0.03, real=0.03 secs] 
2014-07-08T13:00:31.618+0000: 36.704: [GC [PSYoungGen: 266870K->10737K(249984K)] 268624K->25262K(936960K), 0.0207450 secs] [Times: user=0.13 sys=0.02, real=0.02 secs] 
2014-07-08T13:00:33.766+0000: 38.852: [GC [PSYoungGen: 249969K->8462K(254464K)] 264494K->26644K(941440K), 0.0038240 secs] [Times: user=0.02 sys=0.00, real=0.00 secs] 
2014-07-08T13:00:36.623+0000: 41.709: [GC [PSYoungGen: 241998K->4570K(232640K)] 260180K->27488K(919616K), 0.0063950 secs] [Times: user=0.04 sys=0.01, real=0.01 secs] 
2014-07-08T13:00:39.290+0000: 44.376: [GC [PSYoungGen: 232602K->2056K(246272K)] 255520K->27797K(933248K), 0.0063660 secs] [Times: user=0.03 sys=0.00, real=0.01 secs] 
2014-07-08T13:00:41.914+0000: 47.000: [GC [PSYoungGen: 224776K->924K(218560K)] 250517K->27641K(905536K), 0.0032450 secs] [Times: user=0.02 sys=0.00, real=0.01 secs] 
2014-07-08T13:00:44.478+0000: 49.564: [GC [PSYoungGen: 218523K->1316K(236672K)] 245240K->28179K(923648K), 0.0054510 secs] [Times: user=0.03 sys=0.00, real=0.00 secs] 
2014-07-08T13:00:46.990+0000: 52.076: [GC [PSYoungGen: 213988K->1061K(208960K)] 240851K->27934K(895936K), 0.0035270 secs] [Times: user=0.02 sys=0.00, real=0.00 secs] 
2014-07-08T13:00:49.289+0000: 54.375: [GC [PSYoungGen: 208933K->1368K(226560K)] 235806K->28387K(913536K), 0.0041900 secs] [Times: user=0.02 sys=0.01, real=0.00 secs] 
2014-07-08T13:00:51.628+0000: 56.714: [GC [PSYoungGen: 204614K->918K(199744K)] 231632K->28226K(886720K), 0.0045620 secs] [Times: user=0.02 sys=0.00, real=0.01 secs] 
2014-07-08T13:00:53.952+0000: 59.038: [GC [PSYoungGen: 199702K->1130K(216512K)] 227010K->28439K(903488K), 0.0064330 secs] [Times: user=0.03 sys=0.00, real=0.01 secs] 
2014-07-08T13:00:56.253+0000: 61.339: [GC [PSYoungGen: 195626K->1404K(191744K)] 222935K->28851K(878720K), 0.0044790 secs] [Times: user=0.01 sys=0.01, real=0.00 secs] 
2014-07-08T13:00:58.407+0000: 63.493: [GC [PSYoungGen: 191740K->1437K(206592K)] 219187K->28884K(893568K), 0.0057780 secs] [Times: user=0.04 sys=0.00, real=0.01 secs] 
2014-07-08T13:01:00.553+0000: 65.640: [GC [PSYoungGen: 187741K->1290K(183744K)] 215188K->28880K(870720K), 0.0104330 secs] [Times: user=0.05 sys=0.00, real=0.01 secs] 
2014-07-08T13:01:02.690+0000: 67.776: [GC [PSYoungGen: 183677K->1216K(197056K)] 211267K->28806K(884032K), 0.0063590 secs] [Times: user=0.03 sys=0.01, real=0.00 secs] 
2014-07-08T13:01:04.838+0000: 69.924: [GC [PSYoungGen: 179835K->1088K(176128K)] 207425K->28678K(863104K), 0.0050140 secs] [Times: user=0.03 sys=0.00, real=0.01 secs] 
2014-07-08T13:01:06.783+0000: 71.869: [GC [PSYoungGen: 176061K->1138K(187968K)] 203651K->28768K(874944K), 0.0055600 secs] [Times: user=0.03 sys=0.00, real=0.00 secs] 
2014-07-08T13:01:08.764+0000: 73.850: [GC [PSYoungGen: 172594K->772K(168896K)] 200224K->28425K(855872K), 0.0106880 secs] [Times: user=0.06 sys=0.00, real=0.01 secs] 
2014-07-08T13:01:10.667+0000: 75.753: [GC [PSYoungGen: 168836K->956K(179648K)] 196489K->28658K(866624K), 0.0043010 secs] [Times: user=0.02 sys=0.00, real=0.01 secs] 
2014-07-08T13:01:12.576+0000: 77.662: [GC [PSYoungGen: 165746K->1024K(162688K)] 193447K->28766K(849664K), 0.0034380 secs] [Times: user=0.01 sys=0.00, real=0.00 secs] 
2014-07-08T13:01:14.424+0000: 79.510: [GC [PSYoungGen: 162624K->978K(171520K)] 190366K->28759K(858496K), 0.0061550 secs] [Times: user=0.01 sys=0.00, real=0.00 secs] 
2014-07-08T13:01:16.359+0000: 81.445: [GC [PSYoungGen: 159506K->1194K(156736K)] 187287K->29008K(843712K), 0.0043810 secs] [Times: user=0.02 sys=0.01, real=0.01 secs] 
2014-07-08T13:01:34.225+0000: 99.311: [GC [PSYoungGen: 156714K->1258K(163968K)] 184528K->29072K(850944K), 0.0059010 secs] [Times: user=0.03 sys=0.00, real=0.00 secs] 
2014-07-08T13:02:53.590+0000: 178.676: [GC [PSYoungGen: 153898K->1085K(150912K)] 181712K->28899K(837888K), 0.0040280 secs] [Times: user=0.02 sys=0.00, real=0.00 secs] 
2014-07-08T13:02:53.832+0000: 178.918: [GC [PSYoungGen: 150909K->1131K(156800K)] 178723K->29048K(843776K), 0.0035190 secs] [Times: user=0.01 sys=0.00, real=0.01 secs] 
2014-07-08T13:02:54.053+0000: 179.139: [GC [PSYoungGen: 148203K->1379K(145856K)] 176120K->29313K(832832K), 0.0030730 secs] [Times: user=0.01 sys=0.00, real=0.01 secs] 
2014-07-08T13:02:54.281+0000: 179.368: [GC [PSYoungGen: 145827K->1248K(150208K)] 173761K->29230K(837184K), 0.0037150 secs] [Times: user=0.02 sys=0.00, real=0.00 secs] 
2014-07-08T13:02:54.512+0000: 179.598: [GC [PSYoungGen: 143136K->1056K(140480K)] 171118K->29102K(827456K), 0.0042890 secs] [Times: user=0.02 sys=0.00, real=0.01 secs] 
2014-07-08T13:02:55.588+0000: 180.674: [GC [PSYoungGen: 140408K->1146K(144128K)] 168453K->29247K(831104K), 0.0050220 secs] [Times: user=0.02 sys=0.00, real=0.00 secs] 
2014-07-08T13:02:57.432+0000: 182.518: [GC [PSYoungGen: 138106K->1114K(135744K)] 166207K->29255K(822720K), 0.0077980 secs] [Times: user=0.04 sys=0.00, real=0.01 secs] 
2014-07-08T13:02:59.108+0000: 184.194: [GC [PSYoungGen: 135706K->956K(138496K)] 163847K->29130K(825472K), 0.0061910 secs] [Times: user=0.03 sys=0.00, real=0.00 secs] 
2014-07-08T13:03:00.721+0000: 185.807: [GC [PSYoungGen: 133244K->1028K(131136K)] 161418K->29257K(818112K), 0.0059780 secs] [Times: user=0.03 sys=0.00, real=0.00 secs] 
2014-07-08T13:03:02.335+0000: 187.421: [GC [PSYoungGen: 131060K->1312K(133056K)] 159289K->29590K(820032K), 0.0077250 secs] [Times: user=0.04 sys=0.00, real=0.01 secs] 
2014-07-08T13:03:04.026+0000: 189.112: [GC [PSYoungGen: 129178K->1088K(126912K)] 157456K->29414K(813888K), 0.0041560 secs] [Times: user=0.03 sys=0.00, real=0.01 secs] 
2014-07-08T13:03:05.675+0000: 190.761: [GC [PSYoungGen: 126848K->1088K(128128K)] 155174K->29446K(815104K), 0.0034460 secs] [Times: user=0.02 sys=0.00, real=0.01 secs] 
2014-07-08T13:03:07.540+0000: 192.626: [GC [PSYoungGen: 124767K->1784K(123520K)] 153125K->30174K(810496K), 0.0035730 secs] [Times: user=0.02 sys=0.00, real=0.00 secs] 
2014-07-08T13:03:10.990+0000: 196.076: [GC [PSYoungGen: 123512K->918K(123648K)] 151902K->29371K(810624K), 0.0030460 secs] [Times: user=0.01 sys=0.00, real=0.00 secs] 
2014-07-08T13:03:11.184+0000: 196.270: [GC [PSYoungGen: 120726K->936K(118912K)] 149179K->29421K(805888K), 0.0033820 secs] [Times: user=0.01 sys=0.00, real=0.00 secs] 
2014-07-08T13:03:11.390+0000: 196.476: [GC [PSYoungGen: 118888K->1056K(119424K)] 147373K->29629K(806400K), 0.0028280 secs] [Times: user=0.01 sys=0.00, real=0.00 secs] 
2014-07-08T13:03:11.745+0000: 196.831: [GC [PSYoungGen: 117216K->1536K(115968K)] 145789K->30142K(802944K), 0.0055530 secs] [Times: user=0.02 sys=0.00, real=0.01 secs] 
2014-07-08T13:03:13.107+0000: 198.193: [GC [PSYoungGen: 115904K->1370K(115264K)] 144510K->29991K(802240K), 0.0176750 secs] [Times: user=0.08 sys=0.01, real=0.02 secs] 
2014-07-08T13:03:14.514+0000: 199.600: [GC [PSYoungGen: 114010K->1244K(112256K)] 142631K->29906K(799232K), 0.0070630 secs] [Times: user=0.04 sys=0.00, real=0.01 secs] 
2014-07-08T13:03:16.027+0000: 201.113: [GC [PSYoungGen: 112220K->1252K(111616K)] 140882K->29978K(798592K), 0.0046780 secs] [Times: user=0.03 sys=0.00, real=0.01 secs] 
2014-07-08T13:03:17.991+0000: 203.077: [GC [PSYoungGen: 110564K->882K(108608K)] 139290K->29631K(795584K), 0.0059070 secs] [Times: user=0.02 sys=0.00, real=0.00 secs] 
2014-07-08T13:03:19.858+0000: 204.944: [GC [PSYoungGen: 108594K->1486K(108160K)] 137343K->30268K(795136K), 0.0066150 secs] [Times: user=0.03 sys=0.01, real=0.01 secs] 
2014-07-08T13:03:21.594+0000: 206.680: [GC [PSYoungGen: 107662K->1258K(105920K)] 136444K->30096K(792896K), 0.0075300 secs] [Times: user=0.04 sys=0.00, real=0.01 secs] 
2014-07-08T13:03:23.213+0000: 208.299: [GC [PSYoungGen: 105881K->1028K(104896K)] 134719K->29921K(791872K), 0.0057570 secs] [Times: user=0.04 sys=0.00, real=0.00 secs] 
2014-07-08T13:03:24.930+0000: 210.016: [GC [PSYoungGen: 104196K->1380K(103104K)] 133089K->30346K(790080K), 0.0078590 secs] [Times: user=0.05 sys=0.01, real=0.01 secs] 
2014-07-08T13:03:26.660+0000: 211.746: [GC [PSYoungGen: 103076K->910K(101824K)] 132042K->29900K(788800K), 0.0041600 secs] [Times: user=0.01 sys=0.00, real=0.01 secs] 
2014-07-08T13:03:28.349+0000: 213.435: [GC [PSYoungGen: 101198K->1280K(100288K)] 130188K->30318K(787264K), 0.0061400 secs] [Times: user=0.03 sys=0.00, real=0.01 secs] 
2014-07-08T13:03:33.500+0000: 218.586: [GC [PSYoungGen: 100222K->1408K(99072K)] 129260K->30550K(786048K), 0.0043350 secs] [Times: user=0.02 sys=0.00, real=0.01 secs] 
2014-07-08T13:03:33.676+0000: 218.762: [GC [PSYoungGen: 99008K->1088K(97472K)] 128150K->30286K(784448K), 0.0026750 secs] [Times: user=0.01 sys=0.00, real=0.00 secs] 
2014-07-08T13:03:33.840+0000: 218.927: [GC [PSYoungGen: 97408K->1056K(96128K)] 126606K->30318K(783104K), 0.0039590 secs] [Times: user=0.02 sys=0.00, real=0.01 secs] 
2014-07-08T13:03:34.017+0000: 219.103: [GC [PSYoungGen: 96095K->1096K(97984K)] 125357K->30373K(784960K), 0.0041990 secs] [Times: user=0.01 sys=0.00, real=0.00 secs] 
2014-07-08T13:03:34.191+0000: 219.277: [GC [PSYoungGen: 96455K->1284K(116608K)] 125732K->30618K(803584K), 0.0029410 secs] [Times: user=0.02 sys=0.00, real=0.01 secs] 
2014-07-08T13:03:34.864+0000: 219.950: [GC [PSYoungGen: 115395K->1010K(116544K)] 144729K->30375K(803520K), 0.0097190 secs] [Times: user=0.05 sys=0.01, real=0.01 secs] 
2014-07-08T13:03:35.783+0000: 220.869: [GC [PSYoungGen: 115122K->1336K(139136K)] 144487K->30774K(826112K), 0.0039380 secs] [Times: user=0.03 sys=0.00, real=0.00 secs] 
2014-07-08T13:03:37.587+0000: 222.673: [GC [PSYoungGen: 138296K->1454K(136064K)] 167734K->30916K(823040K), 0.0061110 secs] [Times: user=0.02 sys=0.00, real=0.01 secs] 
2014-07-08T13:03:39.755+0000: 224.841: [GC [PSYoungGen: 136046K->872K(133184K)] 165508K->30719K(820160K), 0.0089220 secs] [Times: user=0.06 sys=0.01, real=0.01 secs] 
2014-07-08T13:03:42.097+0000: 227.183: [GC [PSYoungGen: 133160K->1290K(131392K)] 163007K->31170K(818368K), 0.0098000 secs] [Times: user=0.04 sys=0.00, real=0.01 secs] 
2014-07-08T13:03:44.115+0000: 229.201: [GC [PSYoungGen: 131338K->1326K(129216K)] 161218K->31312K(816192K), 0.0037150 secs] [Times: user=0.02 sys=0.00, real=0.00 secs] 
2014-07-08T13:03:45.704+0000: 230.790: [GC [PSYoungGen: 129198K->1206K(126976K)] 159184K->31247K(813952K), 0.0077420 secs] [Times: user=0.04 sys=0.00, real=0.00 secs] 
2014-07-08T13:03:47.516+0000: 232.602: [GC [PSYoungGen: 126965K->1452K(125184K)] 157007K->31542K(812160K), 0.0061700 secs] [Times: user=0.03 sys=0.00, real=0.00 secs] 
2014-07-08T13:03:49.582+0000: 234.668: [GC [PSYoungGen: 125164K->1376K(123136K)] 155254K->31522K(810112K), 0.0057910 secs] [Times: user=0.03 sys=0.00, real=0.01 secs] 
2014-07-08T13:03:51.594+0000: 236.680: [GC [PSYoungGen: 123104K->1130K(120960K)] 153250K->31396K(807936K), 0.0102140 secs] [Times: user=0.05 sys=0.00, real=0.01 secs] 
2014-07-08T13:03:53.604+0000: 238.690: [GC [PSYoungGen: 120901K->1618K(119616K)] 151167K->31924K(806592K), 0.0058240 secs] [Times: user=0.04 sys=0.00, real=0.01 secs] 
2014-07-08T13:03:55.471+0000: 240.557: [GC [PSYoungGen: 119570K->942K(117120K)] 149876K->31489K(804096K), 0.0085440 secs] [Times: user=0.05 sys=0.00, real=0.01 secs] 
2014-07-08T13:03:57.310+0000: 242.396: [GC [PSYoungGen: 117102K->1160K(115584K)] 147649K->31779K(802560K), 0.0041530 secs] [Times: user=0.02 sys=0.00, real=0.00 secs] 
2014-07-08T13:03:59.073+0000: 244.159: [GC [PSYoungGen: 115528K->1496K(114176K)] 146147K->32222K(801152K), 0.0042530 secs] [Times: user=0.03 sys=0.00, real=0.01 secs] 
2014-07-08T13:04:00.614+0000: 245.700: [GC [PSYoungGen: 114136K->1134K(112128K)] 144862K->31900K(799104K), 0.0047810 secs] [Times: user=0.02 sys=0.00, real=0.01 secs] 
2014-07-08T13:04:02.301+0000: 247.387: [GC [PSYoungGen: 112110K->1206K(110528K)] 142876K->32035K(797504K), 0.0050020 secs] [Times: user=0.02 sys=0.00, real=0.00 secs] 
2014-07-08T13:04:03.852+0000: 248.938: [GC [PSYoungGen: 110518K->1554K(109312K)] 141347K->32432K(796288K), 0.0046420 secs] [Times: user=0.02 sys=0.00, real=0.00 secs] 
2014-07-08T13:04:05.136+0000: 250.222: [GC [PSYoungGen: 109254K->938K(107136K)] 140132K->32605K(794112K), 0.0063330 secs] [Times: user=0.04 sys=0.00, real=0.01 secs] 
2014-07-08T13:04:05.846+0000: 250.932: [GC [PSYoungGen: 107114K->1704K(106368K)] 138781K->33451K(793344K), 0.0057520 secs] [Times: user=0.03 sys=0.01, real=0.01 secs] 
2014-07-08T13:04:06.472+0000: 251.558: [GC [PSYoungGen: 106344K->914K(104128K)] 138091K->32966K(791104K), 0.0031560 secs] [Times: user=0.01 sys=0.00, real=0.00 secs] 
2014-07-08T13:04:07.219+0000: 252.305: [GC [PSYoungGen: 104082K->1248K(102976K)] 136134K->33356K(789952K), 0.0038290 secs] [Times: user=0.01 sys=0.01, real=0.00 secs] 
2014-07-08T13:04:08.104+0000: 253.190: [GC [PSYoungGen: 102944K->1208K(101504K)] 135052K->33397K(788480K), 0.0040990 secs] [Times: user=0.03 sys=0.00, real=0.01 secs] 
2014-07-08T13:04:09.126+0000: 254.212: [GC [PSYoungGen: 101496K->1322K(100288K)] 133685K->33591K(787264K), 0.0048860 secs] [Times: user=0.03 sys=0.00, real=0.01 secs] 
2014-07-08T13:04:10.475+0000: 255.561: [GC [PSYoungGen: 100266K->946K(98560K)] 132535K->33230K(785536K), 0.0045840 secs] [Times: user=0.02 sys=0.00, real=0.01 secs] 
2014-07-08T13:04:11.809+0000: 256.895: [GC [PSYoungGen: 98546K->1340K(97664K)] 130830K->33721K(784640K), 0.0075370 secs] [Times: user=0.05 sys=0.00, real=0.00 secs] 
2014-07-08T13:04:13.149+0000: 258.235: [GC [PSYoungGen: 97660K->1106K(96192K)] 130041K->33534K(783168K), 0.0091880 secs] [Times: user=0.05 sys=0.00, real=0.01 secs] 
2014-07-08T13:04:14.441+0000: 259.527: [GC [PSYoungGen: 96142K->1220K(95040K)] 128571K->33704K(782016K), 0.0064680 secs] [Times: user=0.04 sys=0.01, real=0.00 secs] 
2014-07-08T13:04:15.441+0000: 260.527: [GC [PSYoungGen: 94980K->1000K(93568K)] 127464K->33548K(780544K), 0.0065480 secs] [Times: user=0.05 sys=0.01, real=0.00 secs] 
2014-07-08T13:04:16.452+0000: 261.538: [GC [PSYoungGen: 93544K->1160K(92544K)] 126092K->33788K(779520K), 0.0029730 secs] [Times: user=0.01 sys=0.01, real=0.00 secs] 
2014-07-08T13:04:17.806+0000: 262.892: [GC [PSYoungGen: 92488K->1384K(91584K)] 125116K->34092K(778560K), 0.0036370 secs] [Times: user=0.01 sys=0.00, real=0.01 secs] 
2014-07-08T13:04:18.881+0000: 263.967: [GC [PSYoungGen: 91560K->1362K(90432K)] 124268K->34167K(777408K), 0.0027700 secs] [Times: user=0.02 sys=0.00, real=0.00 secs] 
2014-07-08T13:04:23.720+0000: 268.806: [GC [PSYoungGen: 90386K->828K(88768K)] 123191K->33792K(775744K), 0.0044170 secs] [Times: user=0.02 sys=0.00, real=0.01 secs] 
2014-07-08T13:04:23.870+0000: 268.956: [GC [PSYoungGen: 88764K->1362K(88256K)] 121728K->34407K(775232K), 0.0045360 secs] [Times: user=0.02 sys=0.00, real=0.00 secs] 
2014-07-08T13:04:24.083+0000: 269.169: [GC [PSYoungGen: 88210K->854K(105152K)] 121255K->34080K(792128K), 0.0051670 secs] [Times: user=0.03 sys=0.00, real=0.00 secs] 
2014-07-08T13:04:24.260+0000: 269.346: [GC [PSYoungGen: 105110K->1426K(117504K)] 138336K->34693K(804480K), 0.0045910 secs] [Times: user=0.03 sys=0.00, real=0.00 secs] 
2014-07-08T13:04:24.461+0000: 269.547: [GC [PSYoungGen: 117138K->1394K(126848K)] 150405K->34709K(813824K), 0.0054950 secs] [Times: user=0.03 sys=0.01, real=0.00 secs] 
2014-07-08T13:04:24.895+0000: 269.981: [GC [PSYoungGen: 126449K->1120K(126912K)] 159764K->34466K(813888K), 0.0025040 secs] [Times: user=0.01 sys=0.00, real=0.00 secs] 
2014-07-08T13:04:25.831+0000: 270.917: [GC [PSYoungGen: 126176K->1166K(151744K)] 159522K->34569K(838720K), 0.0039740 secs] [Times: user=0.02 sys=0.00, real=0.00 secs] 
2014-07-08T13:04:27.478+0000: 272.564: [GC [PSYoungGen: 151236K->1526K(151808K)] 184638K->35016K(838784K), 0.0077470 secs] [Times: user=0.05 sys=0.00, real=0.01 secs] 
2014-07-08T13:04:29.543+0000: 274.629: [GC [PSYoungGen: 151606K->882K(148224K)] 185096K->34380K(835200K), 0.0034750 secs] [Times: user=0.02 sys=0.00, real=0.00 secs] 
2014-07-08T13:04:31.526+0000: 276.612: [GC [PSYoungGen: 148210K->1152K(145920K)] 181708K->34675K(832896K), 0.0047280 secs] [Times: user=0.03 sys=0.00, real=0.00 secs] 
2014-07-08T13:04:33.564+0000: 278.650: [GC [PSYoungGen: 145856K->1064K(143232K)] 179379K->34594K(830208K), 0.0062990 secs] [Times: user=0.02 sys=0.00, real=0.00 secs] 
2014-07-08T13:04:35.521+0000: 280.607: [GC [PSYoungGen: 143208K->1277K(140928K)] 176738K->34831K(827904K), 0.0088030 secs] [Times: user=0.04 sys=0.00, real=0.01 secs] 
2014-07-08T13:04:37.175+0000: 282.261: [GC [PSYoungGen: 140925K->1124K(138368K)] 174479K->35002K(825344K), 0.0050350 secs] [Times: user=0.01 sys=0.00, real=0.00 secs] 
2014-07-08T13:04:38.870+0000: 283.956: [GC [PSYoungGen: 138340K->1010K(135872K)] 172218K->34936K(822848K), 0.0076340 secs] [Times: user=0.04 sys=0.01, real=0.01 secs] 
2014-07-08T13:04:40.800+0000: 285.887: [GC [PSYoungGen: 135856K->946K(133504K)] 169783K->34912K(820480K), 0.0050160 secs] [Times: user=0.03 sys=0.01, real=0.01 secs] 
2014-07-08T13:04:42.701+0000: 287.787: [GC [PSYoungGen: 133452K->1408K(131776K)] 167419K->35422K(818752K), 0.0060870 secs] [Times: user=0.04 sys=0.00, real=0.01 secs] 
2014-07-08T13:04:44.597+0000: 289.683: [GC [PSYoungGen: 131711K->1066K(129216K)] 165726K->35194K(816192K), 0.0060090 secs] [Times: user=0.03 sys=0.00, real=0.01 secs] 
2014-07-08T13:04:46.415+0000: 291.501: [GC [PSYoungGen: 129194K->1110K(127168K)] 163322K->35286K(814144K), 0.0032690 secs] [Times: user=0.01 sys=0.00, real=0.00 secs] 
2014-07-08T13:04:48.375+0000: 293.462: [GC [PSYoungGen: 127126K->1262K(125248K)] 161302K->35537K(812224K), 0.0026330 secs] [Times: user=0.02 sys=0.00, real=0.00 secs] 
2014-07-08T13:04:50.190+0000: 295.276: [GC [PSYoungGen: 125230K->1422K(123456K)] 159505K->35769K(810432K), 0.0106130 secs] [Times: user=0.07 sys=0.00, real=0.01 secs] 
2014-07-08T13:04:51.781+0000: 296.867: [GC [PSYoungGen: 123397K->760K(120832K)] 157744K->35673K(807808K), 0.0030850 secs] [Times: user=0.01 sys=0.00, real=0.01 secs] 
2014-07-08T13:04:53.468+0000: 298.554: [GC [PSYoungGen: 120824K->1488K(119744K)] 155737K->36474K(806720K), 0.0123930 secs] [Times: user=0.07 sys=0.00, real=0.01 secs] 
2014-07-08T13:04:54.851+0000: 299.937: [GC [PSYoungGen: 119682K->1198K(117568K)] 154669K->36597K(804544K), 0.0048140 secs] [Times: user=0.02 sys=0.00, real=0.01 secs] 
2014-07-08T13:04:56.532+0000: 301.618: [GC [PSYoungGen: 117550K->800K(115392K)] 152949K->36238K(802368K), 0.0032430 secs] [Times: user=0.01 sys=0.00, real=0.00 secs] 
2014-07-08T13:04:58.126+0000: 303.212: [GC [PSYoungGen: 115337K->1722K(114560K)] 150776K->37241K(801536K), 0.0040580 secs] [Times: user=0.02 sys=0.00, real=0.00 secs] 
2014-07-08T13:04:59.572+0000: 304.658: [GC [PSYoungGen: 114545K->1440K(112640K)] 150064K->36999K(799616K), 0.0057930 secs] [Times: user=0.02 sys=0.01, real=0.01 secs] 
2014-07-08T13:05:01.007+0000: 306.093: [GC [PSYoungGen: 112608K->932K(110464K)] 148167K->36959K(797440K), 0.0125330 secs] [Times: user=0.08 sys=0.00, real=0.01 secs] 
2014-07-08T13:05:02.525+0000: 307.611: [GC [PSYoungGen: 110435K->1245K(109184K)] 146462K->37320K(796160K), 0.0028250 secs] [Times: user=0.01 sys=0.00, real=0.01 secs] 
2014-07-08T13:05:02.717+0000: 307.803: [GC [PSYoungGen: 109149K->1368K(130944K)] 145224K->37623K(817920K), 0.0059630 secs] [Times: user=0.03 sys=0.01, real=0.00 secs] 
2014-07-08T13:05:03.199+0000: 308.286: [GC [PSYoungGen: 130904K->1088K(156608K)] 167159K->37359K(843584K), 0.0048040 secs] [Times: user=0.01 sys=0.01, real=0.00 secs] 
2014-07-08T13:05:05.182+0000: 310.268: [GC [PSYoungGen: 156503K->1326K(153920K)] 192774K->37677K(840896K), 0.0046720 secs] [Times: user=0.03 sys=0.00, real=0.01 secs] 
2014-07-08T13:05:07.528+0000: 312.614: [GC [PSYoungGen: 153902K->1206K(150976K)] 190253K->37565K(837952K), 0.0101280 secs] [Times: user=0.05 sys=0.00, real=0.01 secs] 
2014-07-08T13:05:09.584+0000: 314.670: [GC [PSYoungGen: 150966K->1010K(148096K)] 187325K->37393K(835072K), 0.0044840 secs] [Times: user=0.02 sys=0.00, real=0.01 secs] 
2014-07-08T13:05:11.673+0000: 316.759: [GC [PSYoungGen: 148082K->1476K(145984K)] 184465K->37883K(832960K), 0.0073920 secs] [Times: user=0.05 sys=0.00, real=0.01 secs] 
2014-07-08T13:05:13.731+0000: 318.817: [GC [PSYoungGen: 145924K->1192K(143104K)] 182331K->37631K(830080K), 0.0070900 secs] [Times: user=0.04 sys=0.00, real=0.00 secs] 
2014-07-08T13:05:15.633+0000: 320.719: [GC [PSYoungGen: 143080K->1208K(140608K)] 179519K->37679K(827584K), 0.0066950 secs] [Times: user=0.04 sys=0.01, real=0.01 secs] 
2014-07-08T13:05:17.589+0000: 322.676: [GC [PSYoungGen: 140591K->1202K(138176K)] 177062K->37833K(825152K), 0.0068230 secs] [Times: user=0.04 sys=0.00, real=0.00 secs] 
2014-07-08T13:05:19.526+0000: 324.612: [GC [PSYoungGen: 138086K->1700K(136320K)] 174717K->38427K(823296K), 0.0093110 secs] [Times: user=0.06 sys=0.01, real=0.01 secs] 
2014-07-08T13:05:21.203+0000: 326.289: [GC [PSYoungGen: 136292K->576K(132864K)] 173019K->37691K(819840K), 0.0059390 secs] [Times: user=0.04 sys=0.00, real=0.01 secs] 
2014-07-08T13:05:22.895+0000: 327.981: [GC [PSYoungGen: 132864K->1398K(131456K)] 169979K->38545K(818432K), 0.0047940 secs] [Times: user=0.03 sys=0.01, real=0.01 secs] 
2014-07-08T13:05:24.730+0000: 329.816: [GC [PSYoungGen: 131446K->1354K(129280K)] 168593K->38755K(816256K), 0.0041490 secs] [Times: user=0.03 sys=0.00, real=0.00 secs] 
2014-07-08T13:05:26.601+0000: 331.687: [GC [PSYoungGen: 129225K->1522K(127296K)] 166627K->38963K(814272K), 0.0053470 secs] [Times: user=0.03 sys=0.00, real=0.00 secs] 
2014-07-08T13:05:28.004+0000: 333.090: [GC [PSYoungGen: 127282K->814K(124544K)] 164723K->38519K(811520K), 0.0032430 secs] [Times: user=0.01 sys=0.00, real=0.00 secs] 
2014-07-08T13:05:29.652+0000: 334.738: [GC [PSYoungGen: 124526K->1398K(123136K)] 162231K->39151K(810112K), 0.0084820 secs] [Times: user=0.05 sys=0.00, real=0.01 secs] 
2014-07-08T13:05:31.442+0000: 336.528: [GC [PSYoungGen: 123126K->1430K(121280K)] 160879K->39471K(808256K), 0.0060700 secs] [Times: user=0.03 sys=0.00, real=0.00 secs] 
2014-07-08T13:05:33.163+0000: 338.249: [GC [PSYoungGen: 121238K->1114K(119104K)] 159279K->39227K(806080K), 0.0043400 secs] [Times: user=0.03 sys=0.00, real=0.00 secs] 
2014-07-08T13:05:34.829+0000: 339.915: [GC [PSYoungGen: 119066K->1144K(117312K)] 157179K->39305K(804288K), 0.0029060 secs] [Times: user=0.02 sys=0.00, real=0.01 secs] 
2014-07-08T13:05:36.502+0000: 341.588: [GC [PSYoungGen: 117304K->1448K(115840K)] 155465K->39657K(802816K), 0.0055750 secs] [Times: user=0.02 sys=0.01, real=0.00 secs] 
2014-07-08T13:05:37.976+0000: 343.062: [GC [PSYoungGen: 115816K->1023K(113664K)] 154025K->39406K(800640K), 0.0048730 secs] [Times: user=0.02 sys=0.00, real=0.01 secs] 
2014-07-08T13:05:39.403+0000: 344.489: [GC [PSYoungGen: 113663K->1200K(112192K)] 152046K->39622K(799168K), 0.0032040 secs] [Times: user=0.01 sys=0.00, real=0.00 secs] 
2014-07-08T13:05:41.098+0000: 346.184: [GC [PSYoungGen: 112176K->1383K(110720K)] 150598K->40175K(797696K), 0.0042520 secs] [Times: user=0.02 sys=0.00, real=0.01 secs] 
2014-07-08T13:05:42.552+0000: 347.638: [GC [PSYoungGen: 110659K->1516K(109248K)] 149451K->40412K(796224K), 0.0042320 secs] [Times: user=0.02 sys=0.00, real=0.00 secs] 
2014-07-08T13:05:44.071+0000: 349.157: [GC [PSYoungGen: 109174K->804K(107008K)] 148071K->40133K(793984K), 0.0061080 secs] [Times: user=0.03 sys=0.00, real=0.01 secs] 
2014-07-08T13:05:45.612+0000: 350.698: [GC [PSYoungGen: 106980K->1370K(106048K)] 146309K->40747K(793024K), 0.0042520 secs] [Times: user=0.02 sys=0.01, real=0.00 secs] 
2014-07-08T13:05:47.203+0000: 352.289: [GC [PSYoungGen: 106010K->1014K(104192K)] 145387K->40639K(791168K), 0.0051710 secs] [Times: user=0.02 sys=0.00, real=0.01 secs] 
2014-07-08T13:05:48.631+0000: 353.717: [GC [PSYoungGen: 104182K->1270K(102976K)] 143807K->40951K(789952K), 0.0048520 secs] [Times: user=0.03 sys=0.00, real=0.01 secs] 
2014-07-08T13:05:49.940+0000: 355.026: [GC [PSYoungGen: 102966K->1298K(101632K)] 142647K->41051K(788608K), 0.0048820 secs] [Times: user=0.02 sys=0.00, real=0.01 secs] 
2014-07-08T13:05:51.339+0000: 356.425: [GC [PSYoungGen: 101586K->1348K(100352K)] 141339K->41189K(787328K), 0.0030100 secs] [Times: user=0.02 sys=0.00, real=0.00 secs] 
2014-07-08T13:05:52.792+0000: 357.878: [GC [PSYoungGen: 100292K->740K(98368K)] 140133K->41091K(785344K), 0.0055730 secs] [Times: user=0.02 sys=0.00, real=0.01 secs] 
2014-07-08T13:05:54.106+0000: 359.192: [GC [PSYoungGen: 98340K->1430K(97792K)] 138691K->41878K(784768K), 0.0027920 secs] [Times: user=0.02 sys=0.00, real=0.00 secs] 
2014-07-08T13:05:55.228+0000: 360.314: [GC [PSYoungGen: 97750K->1230K(96320K)] 138198K->41966K(783296K), 0.0042410 secs] [Times: user=0.02 sys=0.00, real=0.00 secs] 
2014-07-08T13:05:56.559+0000: 361.645: [GC [PSYoungGen: 96254K->1618K(95424K)] 136990K->42402K(782400K), 0.0047580 secs] [Times: user=0.02 sys=0.00, real=0.00 secs] 
2014-07-08T13:05:57.877+0000: 362.963: [GC [PSYoungGen: 95349K->434K(92992K)] 136133K->41930K(779968K), 0.0060120 secs] [Times: user=0.04 sys=0.00, real=0.00 secs] 
2014-07-08T13:05:59.160+0000: 364.246: [GC [PSYoungGen: 92934K->1784K(93120K)] 134430K->43662K(780096K), 0.0047250 secs] [Times: user=0.01 sys=0.00, real=0.01 secs] 
2014-07-08T13:06:00.452+0000: 365.538: [GC [PSYoungGen: 93110K->1340K(91520K)] 134989K->43665K(778496K), 0.0054850 secs] [Times: user=0.04 sys=0.00, real=0.01 secs] 
2014-07-08T13:06:01.556+0000: 366.642: [GC [PSYoungGen: 91513K->1164K(90240K)] 133838K->43552K(777216K), 0.0062450 secs] [Times: user=0.03 sys=0.00, real=0.00 secs] 
2014-07-08T13:06:01.798+0000: 366.884: [GC [PSYoungGen: 90147K->1000K(88960K)] 132536K->43452K(775936K), 0.0058860 secs] [Times: user=0.04 sys=0.00, real=0.00 secs] 
2014-07-08T13:06:02.424+0000: 367.511: [GC [PSYoungGen: 88837K->1223K(88128K)] 131290K->43732K(775104K), 0.0032770 secs] [Times: user=0.01 sys=0.00, real=0.01 secs] 
2014-07-08T13:06:03.565+0000: 368.651: [GC [PSYoungGen: 88021K->1178K(86976K)] 130529K->43742K(773952K), 0.0027690 secs] [Times: user=0.01 sys=0.00, real=0.00 secs] 
2014-07-08T13:06:04.696+0000: 369.782: [GC [PSYoungGen: 86938K->1416K(86208K)] 129502K->44021K(773184K), 0.0046480 secs] [Times: user=0.02 sys=0.01, real=0.00 secs] 
2014-07-08T13:06:06.188+0000: 371.274: [GC [PSYoungGen: 86152K->1208K(84928K)] 128756K->44098K(771904K), 0.0039050 secs] [Times: user=0.02 sys=0.00, real=0.00 secs] 
2014-07-08T13:06:07.523+0000: 372.609: [GC [PSYoungGen: 84920K->1500K(84224K)] 127810K->44469K(771200K), 0.0094540 secs] [Times: user=0.06 sys=0.01, real=0.01 secs] 
2014-07-08T13:06:08.911+0000: 373.997: [GC [PSYoungGen: 84188K->1131K(82880K)] 127157K->44378K(769856K), 0.0033910 secs] [Times: user=0.02 sys=0.00, real=0.00 secs] 
2014-07-08T13:06:10.332+0000: 375.418: [GC [PSYoungGen: 82825K->1554K(82368K)] 126072K->44873K(769344K), 0.0063840 secs] [Times: user=0.04 sys=0.00, real=0.01 secs] 
2014-07-08T13:06:11.731+0000: 376.817: [GC [PSYoungGen: 82322K->1002K(80832K)] 125641K->44815K(767808K), 0.0032490 secs] [Times: user=0.02 sys=0.00, real=0.00 secs] 
2014-07-08T13:06:12.989+0000: 378.075: [GC [PSYoungGen: 80810K->1216K(80192K)] 124623K->45076K(767168K), 0.0024720 secs] [Times: user=0.01 sys=0.00, real=0.00 secs] 
2014-07-08T13:06:14.369+0000: 379.455: [GC [PSYoungGen: 80128K->1362K(79424K)] 123988K->45271K(766400K), 0.0173500 secs] [Times: user=0.09 sys=0.00, real=0.01 secs] 
2014-07-08T13:06:15.637+0000: 380.723: [GC [PSYoungGen: 79378K->1288K(78464K)] 123287K->45300K(765440K), 0.0066130 secs] [Times: user=0.04 sys=0.00, real=0.00 secs] 
2014-07-08T13:06:17.143+0000: 382.229: [GC [PSYoungGen: 78408K->992K(77312K)] 122420K->45084K(764288K), 0.0078780 secs] [Times: user=0.02 sys=0.01, real=0.01 secs] 
2014-07-08T13:06:18.401+0000: 383.487: [GC [PSYoungGen: 77248K->1096K(76608K)] 121341K->45252K(763584K), 0.0054620 secs] [Times: user=0.03 sys=0.00, real=0.00 secs] 
2014-07-08T13:06:19.661+0000: 384.747: [GC [PSYoungGen: 76552K->982K(75648K)] 120708K->45178K(762624K), 0.0136160 secs] [Times: user=0.08 sys=0.01, real=0.01 secs] 
2014-07-08T13:06:21.134+0000: 386.220: [GC [PSYoungGen: 75606K->1060K(74880K)] 119802K->45280K(761856K), 0.0065820 secs] [Times: user=0.02 sys=0.00, real=0.01 secs] 
2014-07-08T13:06:22.366+0000: 387.452: [GC [PSYoungGen: 74852K->1280K(74368K)] 119072K->45581K(761344K), 0.0059390 secs] [Times: user=0.04 sys=0.00, real=0.01 secs] 
2014-07-08T13:06:23.812+0000: 388.899: [GC [PSYoungGen: 74303K->1500K(73792K)] 118603K->45889K(760768K), 0.0053630 secs] [Times: user=0.03 sys=0.00, real=0.00 secs] 
2014-07-08T13:06:25.054+0000: 390.140: [GC [PSYoungGen: 73756K->758K(72256K)] 118145K->45396K(759232K), 0.0098400 secs] [Times: user=0.06 sys=0.01, real=0.01 secs] 
2014-07-08T13:06:26.162+0000: 391.248: [GC [PSYoungGen: 72202K->1790K(72512K)] 116841K->46525K(759488K), 0.0048360 secs] [Times: user=0.03 sys=0.00, real=0.00 secs] 
2014-07-08T13:06:27.389+0000: 392.475: [GC [PSYoungGen: 72510K->1066K(71104K)] 117245K->46225K(758080K), 0.0070660 secs] [Times: user=0.04 sys=0.00, real=0.01 secs] 
2014-07-08T13:06:28.527+0000: 393.613: [GC [PSYoungGen: 71080K->1142K(70464K)] 116238K->46372K(757440K), 0.0055950 secs] [Times: user=0.03 sys=0.00, real=0.01 secs] 
2014-07-08T13:06:29.628+0000: 394.714: [GC [PSYoungGen: 70454K->1242K(69888K)] 115684K->46636K(756864K), 0.0095190 secs] [Times: user=0.06 sys=0.00, real=0.01 secs] 
2014-07-08T13:06:30.776+0000: 395.862: [GC [PSYoungGen: 69814K->1078K(68992K)] 115208K->46536K(755968K), 0.0059180 secs] [Times: user=0.04 sys=0.00, real=0.01 secs] 
2014-07-08T13:06:32.027+0000: 397.113: [GC [PSYoungGen: 68966K->1202K(68416K)] 114425K->46709K(755392K), 0.0119370 secs] [Times: user=0.07 sys=0.00, real=0.01 secs] 
2014-07-08T13:06:33.248+0000: 398.334: [GC [PSYoungGen: 68400K->1014K(67584K)] 113907K->46544K(754560K), 0.0046120 secs] [Times: user=0.02 sys=0.00, real=0.01 secs] 
2014-07-08T13:06:34.485+0000: 399.571: [GC [PSYoungGen: 67574K->1020K(66944K)] 113104K->46615K(753920K), 0.0070370 secs] [Times: user=0.04 sys=0.00, real=0.01 secs] 
2014-07-08T13:06:35.578+0000: 400.664: [GC [PSYoungGen: 66940K->1042K(66368K)] 112535K->46700K(753344K), 0.0090610 secs] [Times: user=0.05 sys=0.00, real=0.01 secs] 
2014-07-08T13:06:36.748+0000: 401.834: [GC [PSYoungGen: 66322K->1525K(66176K)] 111980K->47510K(753152K), 0.0043470 secs] [Times: user=0.02 sys=0.00, real=0.01 secs] 
2014-07-08T13:06:37.765+0000: 402.851: [GC [PSYoungGen: 66165K->1366K(65408K)] 112150K->47391K(752384K), 0.0128060 secs] [Times: user=0.08 sys=0.00, real=0.01 secs] 
2014-07-08T13:06:38.799+0000: 403.885: [GC [PSYoungGen: 65309K->1077K(64512K)] 111334K->47464K(751488K), 0.0072640 secs] [Times: user=0.05 sys=0.01, real=0.01 secs] 
2014-07-08T13:06:39.938+0000: 405.024: [GC [PSYoungGen: 64501K->1082K(63936K)] 110888K->47485K(750912K), 0.0051280 secs] [Times: user=0.01 sys=0.01, real=0.01 secs] 
2014-07-08T13:06:41.141+0000: 406.227: [GC [PSYoungGen: 63930K->1262K(63552K)] 110333K->47845K(750528K), 0.0036520 secs] [Times: user=0.01 sys=0.00, real=0.00 secs] 
2014-07-08T13:06:42.078+0000: 407.164: [GC [PSYoungGen: 63486K->1486K(63232K)] 110069K->48133K(750208K), 0.0124340 secs] [Times: user=0.07 sys=0.00, real=0.02 secs] 
2014-07-08T13:06:43.132+0000: 408.218: [GC [PSYoungGen: 63182K->952K(62080K)] 109829K->47849K(749056K), 0.0039190 secs] [Times: user=0.03 sys=0.00, real=0.00 secs] 
2014-07-08T13:06:44.035+0000: 409.121: [GC [PSYoungGen: 62048K->1404K(61952K)] 108945K->48350K(748928K), 0.0086890 secs] [Times: user=0.06 sys=0.00, real=0.01 secs] 
2014-07-08T13:06:45.261+0000: 410.347: [GC [PSYoungGen: 61883K->1398K(61440K)] 108828K->48463K(748416K), 0.0050760 secs] [Times: user=0.03 sys=0.00, real=0.00 secs] 
2014-07-08T13:06:46.249+0000: 411.336: [GC [PSYoungGen: 61430K->1543K(61120K)] 108495K->48672K(748096K), 0.0083080 secs] [Times: user=0.04 sys=0.00, real=0.01 secs] 
2014-07-08T13:06:47.356+0000: 412.442: [GC [PSYoungGen: 61041K->740K(59776K)] 108170K->48127K(746752K), 0.0056460 secs] [Times: user=0.04 sys=0.00, real=0.00 secs] 
2014-07-08T13:06:48.488+0000: 413.574: [GC [PSYoungGen: 59748K->1292K(59840K)] 107135K->48743K(746816K), 0.0086450 secs] [Times: user=0.05 sys=0.00, real=0.01 secs] 
2014-07-08T13:06:49.446+0000: 414.532: [GC [PSYoungGen: 59788K->1184K(59200K)] 107239K->48732K(746176K), 0.0033020 secs] [Times: user=0.02 sys=0.00, real=0.00 secs] 
2014-07-08T13:06:50.326+0000: 415.412: [GC [PSYoungGen: 59168K->1220K(58752K)] 106716K->48823K(745728K), 0.0172230 secs] [Times: user=0.10 sys=0.01, real=0.02 secs] 
2014-07-08T13:06:51.111+0000: 416.197: [GC [PSYoungGen: 58673K->1148K(58112K)] 106277K->49290K(745088K), 0.0071170 secs] [Times: user=0.05 sys=0.00, real=0.01 secs] 
2014-07-08T13:06:51.961+0000: 417.047: [GC [PSYoungGen: 58108K->1078K(57536K)] 106250K->49251K(744512K), 0.0099790 secs] [Times: user=0.06 sys=0.01, real=0.01 secs] 
2014-07-08T13:06:52.932+0000: 418.018: [GC [PSYoungGen: 57496K->1326K(69120K)] 105670K->49606K(756096K), 0.0115740 secs] [Times: user=0.07 sys=0.01, real=0.02 secs] 
2014-07-08T13:06:53.966+0000: 419.052: [GC [PSYoungGen: 69102K->1590K(68672K)] 117382K->49934K(755648K), 0.0040640 secs] [Times: user=0.01 sys=0.00, real=0.00 secs] 
2014-07-08T13:06:55.046+0000: 420.132: [GC [PSYoungGen: 68614K->818K(67264K)] 116958K->49483K(754240K), 0.0051900 secs] [Times: user=0.03 sys=0.00, real=0.00 secs] 
2014-07-08T13:06:56.281+0000: 421.367: [GC [PSYoungGen: 67250K->1836K(67648K)] 115915K->50582K(754624K), 0.0099110 secs] [Times: user=0.05 sys=0.01, real=0.01 secs] 
2014-07-08T13:06:57.304+0000: 422.391: [GC [PSYoungGen: 67628K->1067K(66240K)] 116374K->50316K(753216K), 0.0033470 secs] [Times: user=0.02 sys=0.00, real=0.00 secs] 
2014-07-08T13:06:58.494+0000: 423.580: [GC [PSYoungGen: 66219K->1699K(66240K)] 115468K->51044K(753216K), 0.0045480 secs] [Times: user=0.02 sys=0.00, real=0.00 secs] 
2014-07-08T13:06:59.643+0000: 424.729: [GC [PSYoungGen: 66211K->928K(64832K)] 115556K->50337K(751808K), 0.0050030 secs] [Times: user=0.03 sys=0.00, real=0.01 secs] 
2014-07-08T13:07:00.781+0000: 425.867: [GC [PSYoungGen: 64771K->1352K(64704K)] 114180K->50801K(751680K), 0.0060110 secs] [Times: user=0.02 sys=0.00, real=0.01 secs] 
2014-07-08T13:07:01.924+0000: 427.010: [GC [PSYoungGen: 64631K->1242K(64000K)] 114080K->50747K(750976K), 0.0102950 secs] [Times: user=0.06 sys=0.01, real=0.02 secs] 
2014-07-08T13:07:02.816+0000: 427.902: [GC [PSYoungGen: 63962K->1418K(63616K)] 113467K->50987K(750592K), 0.0062490 secs] [Times: user=0.03 sys=0.01, real=0.00 secs] 
2014-07-08T13:07:03.907+0000: 428.993: [GC [PSYoungGen: 63562K->1252K(62848K)] 113131K->50925K(749824K), 0.0213620 secs] [Times: user=0.13 sys=0.00, real=0.02 secs] 
2014-07-08T13:07:04.739+0000: 429.825: [GC [PSYoungGen: 62820K->1611K(62656K)] 112493K->51332K(749632K), 0.0046270 secs] [Times: user=0.02 sys=0.00, real=0.00 secs] 
2014-07-08T13:07:05.814+0000: 430.900: [GC [PSYoungGen: 62603K->943K(61376K)] 112324K->50845K(748352K), 0.0039590 secs] [Times: user=0.03 sys=0.00, real=0.01 secs] 
2014-07-08T13:07:06.768+0000: 431.854: [GC [PSYoungGen: 61359K->1244K(61184K)] 111261K->51179K(748160K), 0.0041930 secs] [Times: user=0.02 sys=0.00, real=0.00 secs] 
2014-07-08T13:07:07.716+0000: 432.802: [GC [PSYoungGen: 61148K->1401K(60800K)] 111083K->51383K(747776K), 0.0029240 secs] [Times: user=0.02 sys=0.00, real=0.00 secs] 
2014-07-08T13:07:08.695+0000: 433.781: [GC [PSYoungGen: 60793K->1451K(60352K)] 110775K->51497K(747328K), 0.0080970 secs] [Times: user=0.05 sys=0.00, real=0.01 secs] 
2014-07-08T13:07:09.509+0000: 434.595: [GC [PSYoungGen: 60331K->886K(59264K)] 110377K->51445K(746240K), 0.0036440 secs] [Times: user=0.02 sys=0.00, real=0.00 secs] 
2014-07-08T13:07:10.461+0000: 435.547: [GC [PSYoungGen: 59254K->1625K(59520K)] 109813K->52256K(746496K), 0.0071590 secs] [Times: user=0.05 sys=0.00, real=0.01 secs] 
2014-07-08T13:07:11.539+0000: 436.625: [GC [PSYoungGen: 59481K->1078K(58432K)] 110112K->51773K(745408K), 0.0054200 secs] [Times: user=0.03 sys=0.00, real=0.00 secs] 
2014-07-08T13:07:12.529+0000: 437.615: [GC [PSYoungGen: 58400K->1501K(58368K)] 109096K->52252K(745344K), 0.0063450 secs] [Times: user=0.04 sys=0.00, real=0.00 secs] 
2014-07-08T13:07:13.530+0000: 438.616: [GC [PSYoungGen: 58333K->1138K(57472K)] 109084K->52003K(744448K), 0.0049740 secs] [Times: user=0.02 sys=0.00, real=0.00 secs] 
2014-07-08T13:07:14.567+0000: 439.654: [GC [PSYoungGen: 57458K->1436K(57344K)] 108323K->52381K(744320K), 0.0101530 secs] [Times: user=0.07 sys=0.00, real=0.01 secs] 
2014-07-08T13:07:15.505+0000: 440.591: [GC [PSYoungGen: 57308K->1138K(56576K)] 108253K->52293K(743552K), 0.0045160 secs] [Times: user=0.03 sys=0.00, real=0.01 secs] 
2014-07-08T13:07:16.395+0000: 441.481: [GC [PSYoungGen: 56562K->1337K(56320K)] 107717K->52524K(743296K), 0.0042090 secs] [Times: user=0.01 sys=0.01, real=0.01 secs] 
2014-07-08T13:07:17.270+0000: 442.356: [GC [PSYoungGen: 56313K->1148K(55680K)] 107500K->52758K(742656K), 0.0046930 secs] [Times: user=0.03 sys=0.00, real=0.00 secs] 
2014-07-08T13:07:18.192+0000: 443.278: [GC [PSYoungGen: 55676K->1092K(55232K)] 107286K->52757K(742208K), 0.0097030 secs] [Times: user=0.06 sys=0.01, real=0.01 secs] 
2014-07-08T13:07:19.013+0000: 444.100: [GC [PSYoungGen: 55146K->1252K(54912K)] 106812K->52958K(741888K), 0.0037680 secs] [Times: user=0.02 sys=0.00, real=0.01 secs] 
2014-07-08T13:07:19.995+0000: 445.081: [GC [PSYoungGen: 54884K->1354K(54592K)] 106590K->53132K(741568K), 0.0084960 secs] [Times: user=0.05 sys=0.00, real=0.01 secs] 
2014-07-08T13:07:20.947+0000: 446.033: [GC [PSYoungGen: 54538K->946K(53696K)] 106316K->52903K(740672K), 0.0061580 secs] [Times: user=0.03 sys=0.00, real=0.01 secs] 
2014-07-08T13:07:21.918+0000: 447.004: [GC [PSYoungGen: 53682K->1110K(53504K)] 105639K->53115K(740480K), 0.0067560 secs] [Times: user=0.04 sys=0.00, real=0.00 secs] 
2014-07-08T13:07:22.795+0000: 447.881: [GC [PSYoungGen: 53462K->1386K(53376K)] 105467K->53456K(740352K), 0.0067640 secs] [Times: user=0.04 sys=0.01, real=0.01 secs] 
2014-07-08T13:07:23.774+0000: 448.860: [GC [PSYoungGen: 53354K->1344K(52992K)] 105424K->53533K(739968K), 0.0055610 secs] [Times: user=0.04 sys=0.00, real=0.01 secs] 
2014-07-08T13:07:24.395+0000: 449.481: [GC [PSYoungGen: 52928K->804K(52032K)] 105117K->53227K(739008K), 0.0034100 secs] [Times: user=0.02 sys=0.00, real=0.01 secs] 
2014-07-08T13:07:24.484+0000: 449.570: [GC [PSYoungGen: 51991K->925K(62400K)] 104415K->53388K(749376K), 0.0069920 secs] [Times: user=0.03 sys=0.00, real=0.01 secs] 
2014-07-08T13:07:24.590+0000: 449.676: [GC [PSYoungGen: 62365K->772K(74560K)] 114828K->53283K(761536K), 0.0099300 secs] [Times: user=0.07 sys=0.00, real=0.01 secs] 
2014-07-08T13:07:24.838+0000: 449.924: [GC [PSYoungGen: 74500K->1354K(89920K)] 127011K->53890K(776896K), 0.0039560 secs] [Times: user=0.01 sys=0.00, real=0.00 secs] 
2014-07-08T13:07:25.702+0000: 450.788: [GC [PSYoungGen: 89866K->1290K(98496K)] 142402K->53842K(785472K), 0.0056380 secs] [Times: user=0.04 sys=0.00, real=0.01 secs] 
2014-07-08T13:07:27.304+0000: 452.390: [GC [PSYoungGen: 98338K->1142K(98880K)] 150889K->53765K(785856K), 0.0039710 secs] [Times: user=0.02 sys=0.00, real=0.01 secs] 
2014-07-08T13:07:29.070+0000: 454.156: [GC [PSYoungGen: 98221K->1362K(118272K)] 150845K->54049K(805248K), 0.0052020 secs] [Times: user=0.04 sys=0.00, real=0.00 secs] 
2014-07-08T13:07:31.258+0000: 456.344: [GC [PSYoungGen: 117906K->1458K(118272K)] 170593K->54193K(805248K), 0.0054890 secs] [Times: user=0.03 sys=0.00, real=0.01 secs] 
2014-07-08T13:07:33.415+0000: 458.501: [GC [PSYoungGen: 117989K->1238K(141568K)] 170725K->54021K(828544K), 0.0048890 secs] [Times: user=0.02 sys=0.00, real=0.01 secs] 
2014-07-08T13:07:35.857+0000: 460.943: [GC [PSYoungGen: 141138K->1324K(138816K)] 193921K->54115K(825792K), 0.0058940 secs] [Times: user=0.03 sys=0.00, real=0.01 secs] 
2014-07-08T13:07:38.252+0000: 463.338: [GC [PSYoungGen: 138796K->508K(135616K)] 191587K->54308K(822592K), 0.0055310 secs] [Times: user=0.04 sys=0.00, real=0.00 secs] 
2014-07-08T13:07:40.731+0000: 465.817: [GC [PSYoungGen: 135612K->1384K(134208K)] 189412K->55208K(821184K), 0.0056740 secs] [Times: user=0.03 sys=0.00, real=0.00 secs] 
2014-07-08T13:07:43.106+0000: 468.192: [GC [PSYoungGen: 134184K->1372K(131968K)] 188008K->55533K(818944K), 0.0046680 secs] [Times: user=0.03 sys=0.00, real=0.01 secs] 
2014-07-08T13:07:45.431+0000: 470.517: [GC [PSYoungGen: 131932K->1400K(129792K)] 186093K->55577K(816768K), 0.0126030 secs] [Times: user=0.07 sys=0.01, real=0.01 secs] 
2014-07-08T13:07:48.161+0000: 473.247: [GC [PSYoungGen: 129784K->690K(126976K)] 183961K->55302K(813952K), 0.0139320 secs] [Times: user=0.08 sys=0.01, real=0.01 secs] 
2014-07-08T13:07:50.331+0000: 475.417: [GC [PSYoungGen: 126962K->1246K(125504K)] 181574K->55907K(812480K), 0.0060030 secs] [Times: user=0.03 sys=0.01, real=0.00 secs] 
2014-07-08T13:07:52.734+0000: 477.820: [GC [PSYoungGen: 125470K->1515K(123776K)] 180131K->56323K(810752K), 0.0063350 secs] [Times: user=0.03 sys=0.00, real=0.00 secs] 
2014-07-08T13:07:55.064+0000: 480.150: [GC [PSYoungGen: 123753K->1408K(121792K)] 178562K->56233K(808768K), 0.0071370 secs] [Times: user=0.03 sys=0.00, real=0.00 secs] 
2014-07-08T13:07:57.160+0000: 482.246: [GC [PSYoungGen: 121728K->622K(119104K)] 176553K->55905K(806080K), 0.0174300 secs] [Times: user=0.10 sys=0.01, real=0.02 secs] 
2014-07-08T13:07:59.016+0000: 484.102: [GC [PSYoungGen: 119086K->1772K(118400K)] 174369K->57159K(805376K), 0.0048900 secs] [Times: user=0.02 sys=0.00, real=0.00 secs] 
2014-07-08T13:08:00.674+0000: 485.760: [GC [PSYoungGen: 118380K->1204K(116032K)] 173767K->57086K(803008K), 0.0093230 secs] [Times: user=0.06 sys=0.00, real=0.01 secs] 
2014-07-08T13:08:02.991+0000: 488.077: [GC [PSYoungGen: 116020K->1336K(114432K)] 171902K->57241K(801408K), 0.0071980 secs] [Times: user=0.04 sys=0.00, real=0.01 secs] 
2014-07-08T13:08:04.961+0000: 490.047: [GC [PSYoungGen: 114424K->1592K(113024K)] 170329K->57530K(800000K), 0.0048420 secs] [Times: user=0.03 sys=0.00, real=0.01 secs] 
2014-07-08T13:08:06.599+0000: 491.685: [GC [PSYoungGen: 113016K->946K(110720K)] 168954K->56947K(797696K), 0.0044150 secs] [Times: user=0.02 sys=0.01, real=0.00 secs] 
2014-07-08T13:08:08.343+0000: 493.429: [GC [PSYoungGen: 110706K->1362K(109568K)] 166707K->57427K(796544K), 0.0046310 secs] [Times: user=0.03 sys=0.01, real=0.01 secs] 
2014-07-08T13:08:10.195+0000: 495.281: [GC [PSYoungGen: 109522K->1398K(108032K)] 165587K->57511K(795008K), 0.0047210 secs] [Times: user=0.02 sys=0.00, real=0.00 secs] 
2014-07-08T13:08:11.886+0000: 496.972: [GC [PSYoungGen: 108022K->1198K(106304K)] 164135K->57391K(793280K), 0.0075720 secs] [Times: user=0.05 sys=0.00, real=0.00 secs] 
2014-07-08T13:08:13.790+0000: 498.877: [GC [PSYoungGen: 106286K->1426K(105088K)] 162479K->57675K(792064K), 0.0083880 secs] [Times: user=0.05 sys=0.00, real=0.01 secs] 
2014-07-08T13:08:15.487+0000: 500.573: [GC [PSYoungGen: 105042K->1070K(103232K)] 161291K->57513K(790208K), 0.0065410 secs] [Times: user=0.03 sys=0.00, real=0.00 secs] 
2014-07-08T13:08:17.372+0000: 502.458: [GC [PSYoungGen: 103186K->1473K(102272K)] 159629K->57972K(789248K), 0.0067300 secs] [Times: user=0.05 sys=0.00, real=0.01 secs] 
2014-07-08T13:08:19.227+0000: 504.313: [GC [PSYoungGen: 102207K->1146K(100480K)] 158706K->57775K(787456K), 0.0031300 secs] [Times: user=0.02 sys=0.00, real=0.00 secs] 
2014-07-08T13:08:20.906+0000: 505.992: [GC [PSYoungGen: 100474K->1162K(99200K)] 157103K->57815K(786176K), 0.0053860 secs] [Times: user=0.02 sys=0.00, real=0.01 secs] 
2014-07-08T13:08:22.620+0000: 507.706: [GC [PSYoungGen: 99126K->1194K(97856K)] 155779K->57879K(784832K), 0.0063570 secs] [Times: user=0.03 sys=0.00, real=0.01 secs] 
2014-07-08T13:08:24.323+0000: 509.409: [GC [PSYoungGen: 97834K->1415K(96832K)] 154519K->58148K(783808K), 0.0041380 secs] [Times: user=0.02 sys=0.00, real=0.00 secs] 
2014-07-08T13:08:26.031+0000: 511.117: [GC [PSYoungGen: 96775K->948K(95040K)] 153508K->58386K(782016K), 0.0091600 secs] [Times: user=0.06 sys=0.00, real=0.01 secs] 
2014-07-08T13:08:27.538+0000: 512.624: [GC [PSYoungGen: 95028K->1572K(94464K)] 152466K->59058K(781440K), 0.0060300 secs] [Times: user=0.03 sys=0.00, real=0.00 secs] 
2014-07-08T13:08:29.044+0000: 514.130: [GC [PSYoungGen: 94413K->1202K(92864K)] 151898K->59526K(779840K), 0.0072880 secs] [Times: user=0.05 sys=0.00, real=0.01 secs] 
2014-07-08T13:08:30.764+0000: 515.850: [GC [PSYoungGen: 92850K->1334K(91840K)] 151174K->59714K(778816K), 0.0097480 secs] [Times: user=0.05 sys=0.01, real=0.01 secs] 
2014-07-08T13:08:32.392+0000: 517.478: [GC [PSYoungGen: 91830K->1468K(90816K)] 150210K->60070K(777792K), 0.0060870 secs] [Times: user=0.03 sys=0.00, real=0.00 secs] 
2014-07-08T13:08:33.720+0000: 518.806: [GC [PSYoungGen: 90812K->1112K(89408K)] 149414K->59754K(776384K), 0.0050730 secs] [Times: user=0.03 sys=0.00, real=0.00 secs] 
2014-07-08T13:08:34.815+0000: 519.901: [GC [PSYoungGen: 89367K->974K(88192K)] 148009K->59648K(775168K), 0.0082360 secs] [Times: user=0.05 sys=0.00, real=0.01 secs] 
2014-07-08T13:08:35.870+0000: 520.956: [GC [PSYoungGen: 88142K->1276K(87360K)] 146816K->60022K(774336K), 0.0043330 secs] [Times: user=0.02 sys=0.00, real=0.00 secs] 
2014-07-08T13:08:36.865+0000: 521.951: [GC [PSYoungGen: 87356K->1448K(86528K)] 146102K->60226K(773504K), 0.0063250 secs] [Times: user=0.03 sys=0.00, real=0.01 secs] 
2014-07-08T13:08:37.914+0000: 523.000: [GC [PSYoungGen: 86504K->1482K(85568K)] 145282K->60292K(772544K), 0.0068440 secs] [Times: user=0.02 sys=0.00, real=0.01 secs] 
2014-07-08T13:08:39.262+0000: 524.348: [GC [PSYoungGen: 85497K->889K(83904K)] 144307K->60359K(770880K), 0.0072970 secs] [Times: user=0.04 sys=0.00, real=0.01 secs] 
2014-07-08T13:08:40.767+0000: 525.853: [GC [PSYoungGen: 83896K->1701K(83776K)] 143367K->61219K(770752K), 0.0095530 secs] [Times: user=0.05 sys=0.01, real=0.01 secs] 
2014-07-08T13:08:41.956+0000: 527.042: [GC [PSYoungGen: 83733K->1273K(82368K)] 143252K->61285K(769344K), 0.0050040 secs] [Times: user=0.02 sys=0.00, real=0.01 secs] 
2014-07-08T13:08:43.154+0000: 528.240: [GC [PSYoungGen: 82357K->1148K(81280K)] 142369K->61200K(768256K), 0.0130010 secs] [Times: user=0.08 sys=0.00, real=0.01 secs] 
2014-07-08T13:08:44.232+0000: 529.318: [GC [PSYoungGen: 81276K->1713K(80960K)] 141328K->62015K(767936K), 0.0038860 secs] [Times: user=0.02 sys=0.00, real=0.00 secs] 
2014-07-08T13:08:45.320+0000: 530.406: [GC [PSYoungGen: 80945K->1298K(79680K)] 141247K->61680K(766656K), 0.0047590 secs] [Times: user=0.03 sys=0.01, real=0.01 secs] 
2014-07-08T13:08:46.361+0000: 531.448: [GC [PSYoungGen: 79634K->1188K(78656K)] 140016K->61594K(765632K), 0.0040060 secs] [Times: user=0.01 sys=0.00, real=0.00 secs] 
2014-07-08T13:08:47.323+0000: 532.409: [GC [PSYoungGen: 78541K->1796K(78464K)] 138947K->62258K(765440K), 0.0031370 secs] [Times: user=0.01 sys=0.00, real=0.00 secs] 
2014-07-08T13:08:48.425+0000: 533.511: [GC [PSYoungGen: 78388K->1334K(77120K)] 138850K->61892K(764096K), 0.0055060 secs] [Times: user=0.03 sys=0.00, real=0.01 secs] 
2014-07-08T13:08:49.345+0000: 534.431: [GC [PSYoungGen: 77110K->1522K(76480K)] 137668K->62128K(763456K), 0.0045560 secs] [Times: user=0.02 sys=0.00, real=0.00 secs] 
2014-07-08T13:08:50.396+0000: 535.482: [GC [PSYoungGen: 76466K->1394K(75520K)] 137072K->62080K(762496K), 0.0047560 secs] [Times: user=0.02 sys=0.00, real=0.01 secs] 
2014-07-08T13:08:51.591+0000: 536.677: [GC [PSYoungGen: 75502K->1394K(74752K)] 136188K->62152K(761728K), 0.0050270 secs] [Times: user=0.03 sys=0.00, real=0.01 secs] 
2014-07-08T13:08:52.704+0000: 537.790: [GC [PSYoungGen: 74738K->1258K(73856K)] 135496K->62064K(760832K), 0.0037940 secs] [Times: user=0.02 sys=0.00, real=0.00 secs] 
2014-07-08T13:08:53.585+0000: 538.671: [GC [PSYoungGen: 73788K->1422K(73280K)] 134594K->62276K(760256K), 0.0058300 secs] [Times: user=0.04 sys=0.01, real=0.01 secs] 
2014-07-08T13:08:54.626+0000: 539.712: [GC [PSYoungGen: 73230K->1248K(72320K)] 134084K->62182K(759296K), 0.0082400 secs] [Times: user=0.06 sys=0.00, real=0.01 secs] 
2014-07-08T13:08:55.581+0000: 540.667: [GC [PSYoungGen: 72288K->1260K(71616K)] 133222K->62274K(758592K), 0.0083650 secs] [Times: user=0.05 sys=0.00, real=0.00 secs] 
2014-07-08T13:08:56.613+0000: 541.700: [GC [PSYoungGen: 71558K->1320K(70976K)] 132573K->62390K(757952K), 0.0054170 secs] [Times: user=0.04 sys=0.00, real=0.00 secs] 
2014-07-08T13:08:57.542+0000: 542.628: [GC [PSYoungGen: 70952K->1433K(70400K)] 132022K->62559K(757376K), 0.0069880 secs] [Times: user=0.04 sys=0.00, real=0.00 secs] 
2014-07-08T13:08:58.464+0000: 543.550: [GC [PSYoungGen: 70361K->956K(69184K)] 131487K->62472K(756160K), 0.0073210 secs] [Times: user=0.04 sys=0.00, real=0.00 secs] 
2014-07-08T13:08:59.246+0000: 544.332: [GC [PSYoungGen: 69180K->1780K(69312K)] 130696K->63369K(756288K), 0.0045480 secs] [Times: user=0.02 sys=0.00, real=0.00 secs] 
2014-07-08T13:08:59.998+0000: 545.084: [GC [PSYoungGen: 69300K->882K(67776K)] 130889K->63211K(754752K), 0.0053590 secs] [Times: user=0.03 sys=0.00, real=0.01 secs] 
2014-07-08T13:09:00.777+0000: 545.864: [GC [PSYoungGen: 67754K->1056K(67328K)] 130084K->63417K(754304K), 0.0050980 secs] [Times: user=0.01 sys=0.00, real=0.01 secs] 
2014-07-08T13:09:01.654+0000: 546.740: [GC [PSYoungGen: 67296K->1230K(66880K)] 129657K->63615K(753856K), 0.0109880 secs] [Times: user=0.06 sys=0.00, real=0.01 secs] 
2014-07-08T13:09:02.681+0000: 547.767: [GC [PSYoungGen: 66828K->1138K(66112K)] 129214K->63595K(753088K), 0.0049240 secs] [Times: user=0.02 sys=0.00, real=0.01 secs] 
2014-07-08T13:09:03.647+0000: 548.733: [GC [PSYoungGen: 66095K->1583K(65920K)] 128552K->64128K(752896K), 0.0045360 secs] [Times: user=0.03 sys=0.00, real=0.00 secs] 
2014-07-08T13:09:04.523+0000: 549.609: [GC [PSYoungGen: 65903K->1202K(64896K)] 128448K->63819K(751872K), 0.0041360 secs] [Times: user=0.03 sys=0.00, real=0.01 secs] 
2014-07-08T13:09:05.374+0000: 550.460: [GC [PSYoungGen: 64865K->1123K(64256K)] 127483K->63796K(751232K), 0.0027550 secs] [Times: user=0.01 sys=0.00, real=0.00 secs] 
2014-07-08T13:09:06.090+0000: 551.176: [GC [PSYoungGen: 64227K->1088K(63680K)] 126900K->63817K(750656K), 0.0056320 secs] [Times: user=0.04 sys=0.00, real=0.01 secs] 
2014-07-08T13:09:06.963+0000: 552.049: [GC [PSYoungGen: 63616K->1010K(62976K)] 126345K->63803K(749952K), 0.0038050 secs] [Times: user=0.02 sys=0.00, real=0.00 secs] 
2014-07-08T13:09:07.798+0000: 552.884: [GC [PSYoungGen: 62955K->1814K(63232K)] 125748K->64664K(750208K), 0.0061840 secs] [Times: user=0.02 sys=0.00, real=0.01 secs] 
2014-07-08T13:09:08.571+0000: 553.657: [GC [PSYoungGen: 63190K->1138K(61952K)] 126040K->64404K(748928K), 0.0057880 secs] [Times: user=0.03 sys=0.00, real=0.01 secs] 
2014-07-08T13:09:09.330+0000: 554.416: [GC [PSYoungGen: 61938K->1286K(61568K)] 125204K->64568K(748544K), 0.0053740 secs] [Times: user=0.02 sys=0.00, real=0.01 secs] 
2014-07-08T13:09:10.083+0000: 555.169: [GC [PSYoungGen: 61471K->1768K(61504K)] 124753K->65195K(748480K), 0.0042720 secs] [Times: user=0.03 sys=0.00, real=0.00 secs] 
2014-07-08T13:09:10.938+0000: 556.024: [GC [PSYoungGen: 61452K->1479K(60736K)] 124880K->64979K(747712K), 0.0093740 secs] [Times: user=0.06 sys=0.00, real=0.01 secs] 
2014-07-08T13:09:11.732+0000: 556.818: [GC [PSYoungGen: 60678K->952K(59648K)] 124177K->64694K(746624K), 0.0063800 secs] [Times: user=0.04 sys=0.00, real=0.01 secs] 
2014-07-08T13:09:12.532+0000: 557.618: [GC [PSYoungGen: 59640K->1626K(59840K)] 123382K->65400K(746816K), 0.0082890 secs] [Times: user=0.05 sys=0.00, real=0.01 secs] 
2014-07-08T13:09:13.411+0000: 558.497: [GC [PSYoungGen: 59720K->918K(58624K)] 123494K->64916K(745600K), 0.0081130 secs] [Times: user=0.04 sys=0.00, real=0.01 secs] 
2014-07-08T13:09:14.128+0000: 559.214: [GC [PSYoungGen: 58582K->1174K(58368K)] 122580K->65220K(745344K), 0.0038570 secs] [Times: user=0.01 sys=0.00, real=0.00 secs] 
2014-07-08T13:09:14.789+0000: 559.875: [GC [PSYoungGen: 58326K->1629K(58304K)] 122372K->65739K(745280K), 0.0030990 secs] [Times: user=0.01 sys=0.00, real=0.00 secs] 
2014-07-08T13:09:15.449+0000: 560.535: [GC [PSYoungGen: 58221K->1690K(57920K)] 122331K->65888K(744896K), 0.0029150 secs] [Times: user=0.02 sys=0.00, real=0.00 secs] 
2014-07-08T13:09:16.265+0000: 561.351: [GC [PSYoungGen: 57882K->878K(56640K)] 122080K->65310K(743616K), 0.0035820 secs] [Times: user=0.02 sys=0.00, real=0.00 secs] 
2014-07-08T13:09:16.997+0000: 562.083: [GC [PSYoungGen: 56620K->1448K(56768K)] 121052K->65928K(743744K), 0.0078540 secs] [Times: user=0.05 sys=0.00, real=0.00 secs] 
2014-07-08T13:09:17.802+0000: 562.888: [GC [PSYoungGen: 56744K->1565K(56448K)] 121224K->66217K(743424K), 0.0051380 secs] [Times: user=0.03 sys=0.00, real=0.01 secs] 
2014-07-08T13:09:18.599+0000: 563.685: [GC [PSYoungGen: 56413K->1326K(67200K)] 121065K->66018K(754176K), 0.0438340 secs] [Times: user=0.34 sys=0.00, real=0.04 secs] 
2014-07-08T13:09:19.109+0000: 564.195: [GC [PSYoungGen: 67182K->1038K(80128K)] 131874K->65802K(767104K), 0.0044260 secs] [Times: user=0.03 sys=0.00, real=0.00 secs] 
2014-07-08T13:09:19.764+0000: 564.850: [GC [PSYoungGen: 80078K->1344K(90112K)] 144842K->66164K(777088K), 0.0031860 secs] [Times: user=0.02 sys=0.00, real=0.01 secs] 
2014-07-08T13:09:20.764+0000: 565.851: [GC [PSYoungGen: 89408K->1448K(96896K)] 154228K->66348K(783872K), 0.0028320 secs] [Times: user=0.01 sys=0.00, real=0.01 secs] 
2014-07-08T13:09:21.960+0000: 567.047: [GC [PSYoungGen: 96360K->1116K(96832K)] 161260K->66064K(783808K), 0.0107340 secs] [Times: user=0.06 sys=0.01, real=0.01 secs] 
2014-07-08T13:09:23.001+0000: 568.088: [GC [PSYoungGen: 96028K->1533K(95232K)] 160976K->66537K(782208K), 0.0029060 secs] [Times: user=0.01 sys=0.01, real=0.00 secs] 
2014-07-08T13:09:24.116+0000: 569.202: [GC [PSYoungGen: 95229K->900K(93440K)] 160233K->65968K(780416K), 0.0041300 secs] [Times: user=0.02 sys=0.00, real=0.01 secs] 
2014-07-08T13:09:25.223+0000: 570.310: [GC [PSYoungGen: 93379K->974K(92288K)] 158447K->66074K(779264K), 0.0136700 secs] [Times: user=0.08 sys=0.00, real=0.02 secs] 
2014-07-08T13:09:26.380+0000: 571.466: [GC [PSYoungGen: 92238K->1046K(91200K)] 157338K->66202K(778176K), 0.0027960 secs] [Times: user=0.01 sys=0.00, real=0.00 secs] 
2014-07-08T13:09:36.576+0000: 581.662: [GC [PSYoungGen: 91158K->726K(89728K)] 156314K->66518K(776704K), 0.0071950 secs] [Times: user=0.05 sys=0.00, real=0.01 secs] 
2014-07-08T13:09:42.770+0000: 587.856: [GC [PSYoungGen: 89686K->1238K(89152K)] 155478K->67030K(776128K), 0.0069660 secs] [Times: user=0.03 sys=0.01, real=0.00 secs] 
2014-07-08T13:09:42.920+0000: 588.006: [GC [PSYoungGen: 89110K->1386K(106880K)] 154902K->67348K(793856K), 0.0043700 secs] [Times: user=0.02 sys=0.00, real=0.00 secs] 
2014-07-08T13:09:43.094+0000: 588.181: [GC [PSYoungGen: 106858K->1156K(110272K)] 172820K->67158K(797248K), 0.0068280 secs] [Times: user=0.03 sys=0.00, real=0.01 secs] 
2014-07-08T13:09:43.297+0000: 588.383: [GC [PSYoungGen: 109508K->1096K(128512K)] 175510K->67138K(815488K), 0.0056130 secs] [Times: user=0.02 sys=0.01, real=0.01 secs] 
2014-07-08T13:09:43.551+0000: 588.637: [GC [PSYoungGen: 127723K->1629K(128448K)] 193765K->67735K(815424K), 0.0065020 secs] [Times: user=0.03 sys=0.00, real=0.00 secs] 
2014-07-08T13:09:43.786+0000: 588.872: [GC [PSYoungGen: 128285K->950K(153920K)] 194391K->67112K(840896K), 0.0027610 secs] [Times: user=0.02 sys=0.00, real=0.01 secs] 
2014-07-08T13:09:45.421+0000: 590.507: [GC [PSYoungGen: 152950K->1056K(153920K)] 219112K->67290K(840896K), 0.0054390 secs] [Times: user=0.04 sys=0.00, real=0.00 secs] 
2014-07-08T13:09:47.450+0000: 592.536: [GC [PSYoungGen: 153056K->1340K(184256K)] 219290K->67598K(871232K), 0.0037570 secs] [Times: user=0.02 sys=0.00, real=0.00 secs] 
2014-07-08T13:09:49.808+0000: 594.894: [GC [PSYoungGen: 183740K->1358K(180032K)] 249998K->67616K(867008K), 0.0062530 secs] [Times: user=0.04 sys=0.00, real=0.01 secs] 
2014-07-08T13:09:52.269+0000: 597.355: [GC [PSYoungGen: 179934K->490K(175488K)] 246192K->67540K(862464K), 0.0057440 secs] [Times: user=0.04 sys=0.00, real=0.01 secs] 
2014-07-08T13:09:54.687+0000: 599.773: [GC [PSYoungGen: 175451K->1783K(173248K)] 242502K->69029K(860224K), 0.0052920 secs] [Times: user=0.01 sys=0.00, real=0.01 secs] 
2014-07-08T13:09:57.215+0000: 602.301: [GC [PSYoungGen: 173213K->1164K(169280K)] 240460K->68964K(856256K), 0.0037510 secs] [Times: user=0.03 sys=0.00, real=0.00 secs] 
2014-07-08T13:09:59.564+0000: 604.650: [GC [PSYoungGen: 169228K->1038K(165888K)] 237028K->68920K(852864K), 0.0056670 secs] [Times: user=0.02 sys=0.00, real=0.00 secs] 
2014-07-08T13:10:01.844+0000: 606.930: [GC [PSYoungGen: 165799K->1617K(163264K)] 233681K->69516K(850240K), 0.0052900 secs] [Times: user=0.03 sys=0.00, real=0.00 secs] 
2014-07-08T13:10:04.132+0000: 609.218: [GC [PSYoungGen: 163217K->1164K(159744K)] 231116K->69070K(846720K), 0.0050980 secs] [Times: user=0.02 sys=0.00, real=0.01 secs] 
2014-07-08T13:10:06.348+0000: 611.434: [GC [PSYoungGen: 159692K->1142K(156672K)] 227598K->69056K(843648K), 0.0098570 secs] [Times: user=0.06 sys=0.00, real=0.01 secs] 
2014-07-08T13:10:08.253+0000: 613.339: [GC [PSYoungGen: 156662K->1486K(154176K)] 224576K->69449K(841152K), 0.0093610 secs] [Times: user=0.06 sys=0.00, real=0.01 secs] 
2014-07-08T13:10:10.605+0000: 615.691: [GC [PSYoungGen: 154091K->1210K(151040K)] 222053K->69424K(838016K), 0.0091270 secs] [Times: user=0.04 sys=0.01, real=0.01 secs] 
2014-07-08T13:10:12.693+0000: 617.779: [GC [PSYoungGen: 151034K->1344K(148480K)] 219248K->69606K(835456K), 0.0046150 secs] [Times: user=0.03 sys=0.00, real=0.01 secs] 
2014-07-08T13:10:14.867+0000: 619.953: [GC [PSYoungGen: 148416K->1258K(145728K)] 216678K->69625K(832704K), 0.0070560 secs] [Times: user=0.05 sys=0.00, real=0.01 secs] 
2014-07-08T13:10:16.853+0000: 621.939: [GC [PSYoungGen: 145706K->1294K(143232K)] 214073K->69693K(830208K), 0.0043630 secs] [Times: user=0.01 sys=0.00, real=0.01 secs] 
2014-07-08T13:10:18.911+0000: 623.997: [GC [PSYoungGen: 143182K->1138K(140544K)] 211581K->69568K(827520K), 0.0039200 secs] [Times: user=0.02 sys=0.00, real=0.01 secs] 
2014-07-08T13:10:20.868+0000: 625.954: [GC [PSYoungGen: 140530K->1070K(138048K)] 208960K->69548K(825024K), 0.0075060 secs] [Times: user=0.04 sys=0.01, real=0.01 secs] 
2014-07-08T13:10:22.854+0000: 627.940: [GC [PSYoungGen: 138030K->1032K(135680K)] 206508K->69542K(822656K), 0.0104420 secs] [Times: user=0.07 sys=0.00, real=0.01 secs] 
2014-07-08T13:10:24.859+0000: 629.945: [GC [PSYoungGen: 135602K->1124K(133440K)] 204112K->69674K(820416K), 0.0057690 secs] [Times: user=0.04 sys=0.00, real=0.00 secs] 
2014-07-08T13:10:26.694+0000: 631.780: [GC [PSYoungGen: 133412K->868K(130944K)] 201962K->69450K(817920K), 0.0071050 secs] [Times: user=0.04 sys=0.00, real=0.01 secs] 
2014-07-08T13:10:28.160+0000: 633.246: [GC [PSYoungGen: 130916K->1020K(128896K)] 199498K->69682K(815872K), 0.0036770 secs] [Times: user=0.02 sys=0.00, real=0.00 secs] 
2014-07-08T13:10:28.384+0000: 633.470: [GC [PSYoungGen: 128868K->1110K(154624K)] 197530K->69804K(841600K), 0.0129850 secs] [Times: user=0.07 sys=0.00, real=0.02 secs] 
2014-07-08T13:10:29.787+0000: 634.873: [GC [PSYoungGen: 154582K->914K(171264K)] 223276K->69624K(858240K), 0.0045670 secs] [Times: user=0.02 sys=0.00, real=0.00 secs] 
2014-07-08T13:10:32.363+0000: 637.449: [GC [PSYoungGen: 170450K->1160K(185984K)] 239160K->69870K(872960K), 0.0126800 secs] [Times: user=0.07 sys=0.00, real=0.01 secs] 
2014-07-08T13:10:35.407+0000: 640.493: [GC [PSYoungGen: 185416K->1266K(181696K)] 254126K->69976K(868672K), 0.0067500 secs] [Times: user=0.04 sys=0.00, real=0.00 secs] 
2014-07-08T13:10:38.371+0000: 643.457: [GC [PSYoungGen: 181682K->434K(177152K)] 250392K->69782K(864128K), 0.0060110 secs] [Times: user=0.04 sys=0.00, real=0.01 secs] 
2014-07-08T13:10:41.406+0000: 646.493: [GC [PSYoungGen: 177093K->1578K(174720K)] 246442K->70966K(861696K), 0.0046540 secs] [Times: user=0.03 sys=0.00, real=0.01 secs] 
2014-07-08T13:10:44.280+0000: 649.366: [GC [PSYoungGen: 174698K->1201K(170880K)] 244086K->71596K(857856K), 0.0044990 secs] [Times: user=0.02 sys=0.00, real=0.00 secs] 
2014-07-08T13:10:47.198+0000: 652.284: [GC [PSYoungGen: 170865K->1340K(167680K)] 241260K->71775K(854656K), 0.0084580 secs] [Times: user=0.06 sys=0.00, real=0.00 secs] 
2014-07-08T13:10:50.144+0000: 655.230: [GC [PSYoungGen: 167676K->1070K(164224K)] 238111K->71521K(851200K), 0.0043810 secs] [Times: user=0.02 sys=0.00, real=0.00 secs] 
2014-07-08T13:10:52.937+0000: 658.023: [GC [PSYoungGen: 164206K->1514K(161536K)] 234657K->71965K(848512K), 0.0085560 secs] [Times: user=0.05 sys=0.00, real=0.01 secs] 
2014-07-08T13:10:55.551+0000: 660.637: [GC [PSYoungGen: 161495K->1170K(158208K)] 231946K->71621K(845184K), 0.0061220 secs] [Times: user=0.03 sys=0.00, real=0.00 secs] 
2014-07-08T13:10:58.486+0000: 663.572: [GC [PSYoungGen: 158162K->1336K(155392K)] 228613K->71787K(842368K), 0.0033050 secs] [Times: user=0.02 sys=0.00, real=0.00 secs] 
2014-07-08T13:11:01.277+0000: 666.363: [GC [PSYoungGen: 155383K->1170K(152384K)] 225834K->71620K(839360K), 0.0075010 secs] [Times: user=0.02 sys=0.00, real=0.01 secs] 
2014-07-08T13:11:03.824+0000: 668.910: [GC [PSYoungGen: 152338K->1422K(149888K)] 222788K->71873K(836864K), 0.0112960 secs] [Times: user=0.07 sys=0.00, real=0.01 secs] 
2014-07-08T13:11:06.691+0000: 671.777: [GC [PSYoungGen: 149838K->1080K(146816K)] 220289K->71867K(833792K), 0.0066210 secs] [Times: user=0.04 sys=0.00, real=0.00 secs] 
2014-07-08T13:11:08.877+0000: 673.963: [GC [PSYoungGen: 146808K->1582K(144704K)] 217595K->72417K(831680K), 0.0076830 secs] [Times: user=0.04 sys=0.00, real=0.01 secs] 
2014-07-08T13:11:11.538+0000: 676.624: [GC [PSYoungGen: 144686K->1064K(141696K)] 215521K->72045K(828672K), 0.0074310 secs] [Times: user=0.05 sys=0.00, real=0.01 secs] 
2014-07-08T13:11:13.698+0000: 678.784: [GC [PSYoungGen: 141662K->1504K(139712K)] 212643K->72509K(826688K), 0.0042760 secs] [Times: user=0.03 sys=0.00, real=0.01 secs] 
2014-07-08T13:11:15.805+0000: 680.892: [GC [PSYoungGen: 139680K->1142K(136960K)] 210685K->72171K(823936K), 0.0049780 secs] [Times: user=0.03 sys=0.00, real=0.00 secs] 
2014-07-08T13:11:17.976+0000: 683.062: [GC [PSYoungGen: 136950K->1312K(134848K)] 207979K->72365K(821824K), 0.0067790 secs] [Times: user=0.03 sys=0.00, real=0.01 secs] 
2014-07-08T13:11:20.372+0000: 685.459: [GC [PSYoungGen: 134816K->1188K(132480K)] 205869K->72257K(819456K), 0.0098920 secs] [Times: user=0.06 sys=0.00, real=0.01 secs] 
2014-07-08T13:11:22.812+0000: 687.898: [GC [PSYoungGen: 132417K->1216K(130368K)] 203487K->72285K(817344K), 0.0098460 secs] [Times: user=0.06 sys=0.00, real=0.01 secs] 
2014-07-08T13:11:25.205+0000: 690.291: [GC [PSYoungGen: 130269K->1138K(128128K)] 201338K->72343K(815104K), 0.0099830 secs] [Times: user=0.06 sys=0.00, real=0.01 secs] 
2014-07-08T13:11:27.526+0000: 692.612: [GC [PSYoungGen: 128114K->1607K(126592K)] 199319K->72852K(813568K), 0.0054380 secs] [Times: user=0.03 sys=0.00, real=0.00 secs] 
2014-07-08T13:11:29.593+0000: 694.679: [GC [PSYoungGen: 126535K->704K(123648K)] 197780K->72133K(810624K), 0.0036930 secs] [Times: user=0.02 sys=0.00, real=0.01 secs] 
2014-07-08T13:11:31.717+0000: 696.803: [GC [PSYoungGen: 123648K->1344K(122368K)] 195077K->72813K(809344K), 0.0039140 secs] [Times: user=0.02 sys=0.00, real=0.00 secs] 
2014-07-08T13:11:33.716+0000: 698.802: [GC [PSYoungGen: 122304K->1536K(120640K)] 193773K->73153K(807616K), 0.0082290 secs] [Times: user=0.05 sys=0.00, real=0.00 secs] 
2014-07-08T13:11:35.588+0000: 700.674: [GC [PSYoungGen: 120576K->1390K(118592K)] 192193K->73063K(805568K), 0.0089070 secs] [Times: user=0.03 sys=0.00, real=0.01 secs] 
2014-07-08T13:11:37.711+0000: 702.797: [GC [PSYoungGen: 118574K->764K(116160K)] 190247K->72979K(803136K), 0.0067530 secs] [Times: user=0.05 sys=0.00, real=0.01 secs] 
2014-07-08T13:11:39.717+0000: 704.803: [GC [PSYoungGen: 116156K->1484K(115200K)] 188371K->73723K(802176K), 0.0060000 secs] [Times: user=0.03 sys=0.01, real=0.00 secs] 
2014-07-08T13:11:41.877+0000: 706.963: [GC [PSYoungGen: 115107K->1320K(113280K)] 187346K->73903K(800256K), 0.0084580 secs] [Times: user=0.06 sys=0.00, real=0.01 secs] 
2014-07-08T13:11:43.954+0000: 709.040: [GC [PSYoungGen: 113243K->1312K(111616K)] 185827K->73927K(798592K), 0.0164340 secs] [Times: user=0.10 sys=0.00, real=0.02 secs] 
2014-07-08T13:11:45.783+0000: 710.869: [GC [PSYoungGen: 111584K->1067K(109760K)] 184199K->73937K(796736K), 0.0130400 secs] [Times: user=0.07 sys=0.01, real=0.01 secs] 
2014-07-08T13:11:47.753+0000: 712.839: [GC [PSYoungGen: 109739K->1340K(108416K)] 182609K->74251K(795392K), 0.0095720 secs] [Times: user=0.05 sys=0.00, real=0.01 secs] 
2014-07-08T13:11:49.758+0000: 714.844: [GC [PSYoungGen: 108412K->992K(106560K)] 181323K->73918K(793536K), 0.0067910 secs] [Times: user=0.04 sys=0.00, real=0.00 secs] 
2014-07-08T13:11:51.622+0000: 716.708: [GC [PSYoungGen: 106528K->1116K(105216K)] 179454K->74091K(792192K), 0.0058890 secs] [Times: user=0.03 sys=0.00, real=0.00 secs] 
2014-07-08T13:11:53.378+0000: 718.464: [GC [PSYoungGen: 105180K->1326K(103936K)] 178155K->74397K(790912K), 0.0083720 secs] [Times: user=0.06 sys=0.01, real=0.00 secs] 
2014-07-08T13:11:54.996+0000: 720.082: [GC [PSYoungGen: 103904K->1526K(102720K)] 176975K->74661K(789696K), 0.0061860 secs] [Times: user=0.03 sys=0.00, real=0.01 secs] 
2014-07-08T13:11:56.716+0000: 721.802: [GC [PSYoungGen: 102710K->622K(100416K)] 175845K->74323K(787392K), 0.0044300 secs] [Times: user=0.03 sys=0.00, real=0.01 secs] 
2014-07-08T13:11:58.408+0000: 723.494: [GC [PSYoungGen: 100398K->1756K(100224K)] 174099K->75489K(787200K), 0.0106110 secs] [Times: user=0.06 sys=0.00, real=0.01 secs] 
2014-07-08T13:11:59.874+0000: 724.960: [GC [PSYoungGen: 100188K->1092K(98240K)] 173920K->75036K(785216K), 0.0070250 secs] [Times: user=0.05 sys=0.00, real=0.01 secs] 
2014-07-08T13:12:01.436+0000: 726.522: [GC [PSYoungGen: 98180K->1423K(97280K)] 172124K->75424K(784256K), 0.0070230 secs] [Times: user=0.03 sys=0.00, real=0.01 secs] 
2014-07-08T13:12:03.099+0000: 728.185: [GC [PSYoungGen: 97231K->1146K(95680K)] 171232K->75397K(782656K), 0.0070510 secs] [Times: user=0.03 sys=0.00, real=0.01 secs] 
2014-07-08T13:12:04.861+0000: 729.947: [GC [PSYoungGen: 95674K->1450K(94784K)] 169925K->75757K(781760K), 0.0053680 secs] [Times: user=0.03 sys=0.01, real=0.00 secs] 
2014-07-08T13:12:06.413+0000: 731.499: [GC [PSYoungGen: 94762K->1120K(93248K)] 169069K->75571K(780224K), 0.0043630 secs] [Times: user=0.03 sys=0.00, real=0.00 secs] 
2014-07-08T13:12:07.816+0000: 732.902: [GC [PSYoungGen: 93215K->1494K(92480K)] 167667K->76017K(779456K), 0.0096070 secs] [Times: user=0.06 sys=0.00, real=0.01 secs] 
2014-07-08T13:12:09.092+0000: 734.178: [GC [PSYoungGen: 92438K->938K(90752K)] 166961K->76108K(777728K), 0.0068680 secs] [Times: user=0.04 sys=0.00, real=0.00 secs] 
2014-07-08T13:12:10.479+0000: 735.565: [GC [PSYoungGen: 90684K->1510K(90176K)] 165854K->76744K(777152K), 0.0059110 secs] [Times: user=0.03 sys=0.00, real=0.01 secs] 
2014-07-08T13:12:11.889+0000: 736.975: [GC [PSYoungGen: 90150K->1258K(88832K)] 165383K->76784K(775808K), 0.0050880 secs] [Times: user=0.03 sys=0.00, real=0.01 secs] 
2014-07-08T13:12:13.285+0000: 738.371: [GC [PSYoungGen: 88810K->1820K(88320K)] 164336K->77410K(775296K), 0.0089520 secs] [Times: user=0.05 sys=0.00, real=0.01 secs] 
2014-07-08T13:12:14.697+0000: 739.783: [GC [PSYoungGen: 88278K->639K(86080K)] 163867K->76934K(773056K), 0.0074940 secs] [Times: user=0.05 sys=0.00, real=0.01 secs] 
2014-07-08T13:12:16.311+0000: 741.397: [GC [PSYoungGen: 86079K->1911K(86336K)] 162374K->78328K(773312K), 0.0165240 secs] [Times: user=0.11 sys=0.00, real=0.02 secs] 
2014-07-08T13:12:17.669+0000: 742.756: [GC [PSYoungGen: 86326K->1274K(84672K)] 162743K->78151K(771648K), 0.0049460 secs] [Times: user=0.03 sys=0.00, real=0.01 secs] 
2014-07-08T13:12:18.664+0000: 743.750: [GC [PSYoungGen: 84666K->1552K(84032K)] 161543K->78518K(771008K), 0.0051460 secs] [Times: user=0.03 sys=0.00, real=0.00 secs] 
2014-07-08T13:12:19.671+0000: 744.757: [GC [PSYoungGen: 83984K->932K(82432K)] 160950K->77913K(769408K), 0.0048820 secs] [Times: user=0.01 sys=0.00, real=0.01 secs] 
2014-07-08T13:12:20.975+0000: 746.061: [GC [PSYoungGen: 82404K->1565K(82112K)] 159385K->78610K(769088K), 0.0053750 secs] [Times: user=0.03 sys=0.00, real=0.00 secs] 
2014-07-08T13:12:22.518+0000: 747.604: [GC [PSYoungGen: 82077K->1248K(80896K)] 159122K->78373K(767872K), 0.0047250 secs] [Times: user=0.03 sys=0.00, real=0.01 secs] 
2014-07-08T13:12:24.083+0000: 749.169: [GC [PSYoungGen: 80864K->1302K(80064K)] 157989K->78515K(767040K), 0.0096820 secs] [Times: user=0.06 sys=0.00, real=0.01 secs] 
2014-07-08T13:12:25.400+0000: 750.486: [GC [PSYoungGen: 80022K->1174K(79040K)] 157235K->78443K(766016K), 0.0046060 secs] [Times: user=0.02 sys=0.00, real=0.01 secs] 
2014-07-08T13:12:26.553+0000: 751.639: [GC [PSYoungGen: 78958K->932K(77888K)] 156228K->78241K(764864K), 0.0073160 secs] [Times: user=0.04 sys=0.00, real=0.01 secs] 
2014-07-08T13:12:27.806+0000: 752.892: [GC [PSYoungGen: 77860K->1216K(77376K)] 155169K->78574K(764352K), 0.0062820 secs] [Times: user=0.04 sys=0.00, real=0.00 secs] 
2014-07-08T13:12:29.126+0000: 754.212: [GC [PSYoungGen: 77308K->1486K(76800K)] 154665K->78884K(763776K), 0.0157750 secs] [Times: user=0.10 sys=0.00, real=0.01 secs] 
2014-07-08T13:12:30.437+0000: 755.523: [GC [PSYoungGen: 76750K->1186K(75648K)] 154148K->78956K(762624K), 0.0074440 secs] [Times: user=0.04 sys=0.00, real=0.01 secs] 
2014-07-08T13:12:31.867+0000: 756.953: [GC [PSYoungGen: 75618K->1176K(74816K)] 153388K->78978K(761792K), 0.0111240 secs] [Times: user=0.07 sys=0.01, real=0.01 secs] 
2014-07-08T13:12:33.159+0000: 758.245: [GC [PSYoungGen: 74776K->1078K(73920K)] 152578K->78935K(760896K), 0.0077260 secs] [Times: user=0.04 sys=0.00, real=0.01 secs] 
2014-07-08T13:12:34.508+0000: 759.594: [GC [PSYoungGen: 73910K->1322K(73408K)] 151767K->79244K(760384K), 0.0072460 secs] [Times: user=0.05 sys=0.01, real=0.01 secs] 
2014-07-08T13:12:41.638+0000: 766.724: [GC [PSYoungGen: 73386K->1070K(72384K)] 151308K->79080K(759360K), 0.0049420 secs] [Times: user=0.03 sys=0.00, real=0.00 secs] 
2014-07-08T13:13:19.954+0000: 805.040: [GC [PSYoungGen: 72366K->1296K(71872K)] 150376K->79377K(758848K), 0.0033550 secs] [Times: user=0.02 sys=0.00, real=0.00 secs] 
2014-07-08T13:13:20.074+0000: 805.160: [GC [PSYoungGen: 71824K->850K(70720K)] 149905K->79127K(757696K), 0.0029900 secs] [Times: user=0.01 sys=0.00, real=0.00 secs] 
2014-07-08T13:13:20.188+0000: 805.274: [GC [PSYoungGen: 70674K->1404K(85248K)] 148951K->79697K(772224K), 0.0072950 secs] [Times: user=0.03 sys=0.00, real=0.01 secs] 
2014-07-08T13:13:20.326+0000: 805.413: [GC [PSYoungGen: 85244K->854K(101504K)] 163537K->79163K(788480K), 0.0032480 secs] [Times: user=0.01 sys=0.00, real=0.00 secs] 
2014-07-08T13:13:20.548+0000: 805.634: [GC [PSYoungGen: 101377K->1202K(121984K)] 179687K->79544K(808960K), 0.0036240 secs] [Times: user=0.02 sys=0.00, real=0.00 secs] 
2014-07-08T13:13:20.752+0000: 805.838: [GC [PSYoungGen: 121970K->1312K(144064K)] 200312K->79693K(831040K), 0.0046250 secs] [Times: user=0.03 sys=0.00, real=0.01 secs] 
2014-07-08T13:13:20.993+0000: 806.079: [GC [PSYoungGen: 143712K->1024K(144192K)] 222093K->79429K(831168K), 0.0087150 secs] [Times: user=0.05 sys=0.00, real=0.00 secs] 
2014-07-08T13:13:21.818+0000: 806.904: [GC [PSYoungGen: 143424K->1092K(172544K)] 221829K->79665K(859520K), 0.0050930 secs] [Times: user=0.03 sys=0.00, real=0.01 secs] 
2014-07-08T13:13:25.210+0000: 810.296: [GC [PSYoungGen: 171972K->1020K(172608K)] 250545K->79593K(859584K), 0.0038900 secs] [Times: user=0.02 sys=0.00, real=0.01 secs] 
2014-07-08T13:13:25.609+0000: 810.695: [GC [PSYoungGen: 171900K->1130K(206656K)] 250473K->79736K(893632K), 0.0143210 secs] [Times: user=0.09 sys=0.00, real=0.02 secs] 
2014-07-08T13:13:29.044+0000: 814.130: [GC [PSYoungGen: 206178K->1174K(206720K)] 284784K->79779K(893696K), 0.0065820 secs] [Times: user=0.04 sys=0.00, real=0.00 secs] 
2014-07-08T13:13:32.466+0000: 817.552: [GC [PSYoungGen: 206230K->1198K(247680K)] 284835K->79803K(934656K), 0.0064980 secs] [Times: user=0.04 sys=0.01, real=0.00 secs] 
2014-07-08T13:13:44.898+0000: 829.984: [GC [PSYoungGen: 247264K->1440K(241600K)] 325869K->80046K(928576K), 0.0062410 secs] [Times: user=0.04 sys=0.01, real=0.00 secs] 
2014-07-08T13:13:53.834+0000: 838.920: [GC [PSYoungGen: 241568K->178K(234560K)] 320174K->79429K(921536K), 0.0060480 secs] [Times: user=0.04 sys=0.00, real=0.01 secs] 
2014-07-08T13:13:54.298+0000: 839.384: [GC [PSYoungGen: 234545K->1342K(230144K)] 313797K->80626K(917120K), 0.0030470 secs] [Times: user=0.01 sys=0.00, real=0.00 secs] 
2014-07-08T13:13:55.055+0000: 840.141: [GC [PSYoungGen: 230142K->1276K(224704K)] 309426K->81060K(911680K), 0.0064690 secs] [Times: user=0.03 sys=0.00, real=0.01 secs] 
2014-07-08T13:13:58.502+0000: 843.588: [GC [PSYoungGen: 224700K->1657K(219904K)] 304484K->81449K(906880K), 0.0050220 secs] [Times: user=0.02 sys=0.00, real=0.01 secs] 
2014-07-08T13:14:02.401+0000: 847.487: [GC [PSYoungGen: 219897K->448K(213696K)] 299689K->80838K(900672K), 0.0062800 secs] [Times: user=0.04 sys=0.00, real=0.00 secs] 
2014-07-08T13:14:06.226+0000: 851.312: [GC [PSYoungGen: 213696K->1722K(210176K)] 294086K->82144K(897152K), 0.0106430 secs] [Times: user=0.07 sys=0.00, real=0.01 secs] 
2014-07-08T13:14:09.952+0000: 855.038: [GC [PSYoungGen: 210170K->1447K(205312K)] 290592K->82357K(892288K), 0.0057010 secs] [Times: user=0.03 sys=0.00, real=0.00 secs] 
2014-07-08T13:14:13.146+0000: 858.233: [GC [PSYoungGen: 205287K->1324K(200704K)] 286197K->82258K(887680K), 0.0090650 secs] [Times: user=0.06 sys=0.00, real=0.01 secs] 
2014-07-08T13:14:16.638+0000: 861.724: [GC [PSYoungGen: 200684K->1312K(196416K)] 281618K->82246K(883392K), 0.0046240 secs] [Times: user=0.02 sys=0.00, real=0.01 secs] 
2014-07-08T13:14:38.678+0000: 883.764: [GC [PSYoungGen: 196384K->850K(191808K)] 277318K->81800K(878784K), 0.0114640 secs] [Times: user=0.08 sys=0.00, real=0.01 secs] 
2014-07-08T13:14:38.989+0000: 884.076: [GC [PSYoungGen: 191762K->1006K(187904K)] 272712K->82028K(874880K), 0.0051800 secs] [Times: user=0.03 sys=0.00, real=0.01 secs] 
2014-07-08T13:14:39.333+0000: 884.419: [GC [PSYoungGen: 187886K->1052K(184064K)] 268908K->82114K(871040K), 0.0052200 secs] [Times: user=0.03 sys=0.00, real=0.01 secs] 
2014-07-08T13:14:39.677+0000: 884.763: [GC [PSYoungGen: 184028K->1326K(220928K)] 265090K->82437K(907904K), 0.0085460 secs] [Times: user=0.04 sys=0.00, real=0.01 secs] 
2014-07-08T13:14:42.456+0000: 887.542: [GC [PSYoungGen: 220910K->1206K(215808K)] 302021K->82316K(902784K), 0.0078110 secs] [Times: user=0.05 sys=0.00, real=0.00 secs] 
2014-07-08T13:14:45.596+0000: 890.682: [GC [PSYoungGen: 215798K->1340K(211072K)] 296908K->82671K(898048K), 0.0028450 secs] [Times: user=0.02 sys=0.00, real=0.00 secs] 
2014-07-08T13:14:48.806+0000: 893.892: [GC [PSYoungGen: 211068K->1060K(206144K)] 292399K->82422K(893120K), 0.0057620 secs] [Times: user=0.02 sys=0.00, real=0.00 secs] 
2014-07-08T13:14:51.702+0000: 896.788: [GC [PSYoungGen: 206116K->1426K(202048K)] 287478K->82995K(889024K), 0.0090570 secs] [Times: user=0.04 sys=0.00, real=0.01 secs] 
2014-07-08T13:15:24.306+0000: 929.392: [GC [PSYoungGen: 202002K->964K(197248K)] 283571K->82589K(884224K), 0.0047380 secs] [Times: user=0.03 sys=0.00, real=0.01 secs] 
2014-07-08T13:15:24.652+0000: 929.738: [GC [PSYoungGen: 197188K->1162K(193216K)] 278813K->82860K(880192K), 0.0078260 secs] [Times: user=0.04 sys=0.00, real=0.01 secs] 
2014-07-08T13:15:24.974+0000: 930.060: [GC [PSYoungGen: 193129K->1142K(231552K)] 274826K->82871K(918528K), 0.0079680 secs] [Times: user=0.05 sys=0.01, real=0.01 secs] 
2014-07-08T13:15:25.611+0000: 930.697: [GC [PSYoungGen: 231537K->1092K(233408K)] 313267K->82853K(920384K), 0.0056540 secs] [Times: user=0.03 sys=0.00, real=0.01 secs] 
2014-07-08T13:15:58.324+0000: 963.410: [GC [PSYoungGen: 233092K->1074K(227648K)] 314853K->82835K(914624K), 0.0036560 secs] [Times: user=0.02 sys=0.00, real=0.01 secs] 
2014-07-08T13:15:58.710+0000: 963.796: [GC [PSYoungGen: 227634K->742K(222080K)] 309395K->82990K(909056K), 0.0035310 secs] [Times: user=0.02 sys=0.00, real=0.00 secs] 
2014-07-08T13:15:59.113+0000: 964.199: [GC [PSYoungGen: 222054K->1270K(232192K)] 304302K->83549K(919168K), 0.0069320 secs] [Times: user=0.04 sys=0.00, real=0.01 secs] 
2014-07-08T13:16:00.271+0000: 965.357: [GC [PSYoungGen: 231798K->1148K(226240K)] 314077K->83707K(913216K), 0.0030570 secs] [Times: user=0.02 sys=0.00, real=0.00 secs] 
2014-07-08T13:16:01.375+0000: 966.461: [GC [PSYoungGen: 226236K->1184K(221120K)] 308795K->83839K(908096K), 0.0032600 secs] [Times: user=0.02 sys=0.01, real=0.01 secs] 
2014-07-08T13:16:02.592+0000: 967.679: [GC [PSYoungGen: 221088K->800K(215680K)] 303743K->83495K(902656K), 0.0079720 secs] [Times: user=0.04 sys=0.00, real=0.01 secs] 
2014-07-08T13:16:05.934+0000: 971.020: [GC [PSYoungGen: 215648K->882K(210880K)] 298343K->83577K(897856K), 0.0098130 secs] [Times: user=0.06 sys=0.00, real=0.01 secs] 
2014-07-08T13:16:55.373+0000: 1020.459: [GC [PSYoungGen: 210866K->914K(206272K)] 293561K->83609K(893248K), 0.0036490 secs] [Times: user=0.02 sys=0.00, real=0.01 secs] 
2014-07-08T13:16:55.689+0000: 1020.775: [GC [PSYoungGen: 206226K->868K(201664K)] 288921K->83627K(888640K), 0.0057580 secs] [Times: user=0.03 sys=0.00, real=0.01 secs] 
2014-07-08T13:16:56.034+0000: 1021.120: [GC [PSYoungGen: 201602K->1088K(197568K)] 284361K->83887K(884544K), 0.0047900 secs] [Times: user=0.03 sys=0.00, real=0.00 secs] 
2014-07-08T13:16:56.779+0000: 1021.865: [GC [PSYoungGen: 197504K->818K(193024K)] 280303K->83657K(880000K), 0.0068810 secs] [Times: user=0.04 sys=0.00, real=0.01 secs] 
2014-07-08T13:17:58.366+0000: 1083.452: [GC [PSYoungGen: 193010K->786K(188928K)] 275849K->83625K(875904K), 0.0050970 secs] [Times: user=0.03 sys=0.00, real=0.00 secs] 
2014-07-08T13:17:58.670+0000: 1083.756: [GC [PSYoungGen: 188882K->988K(185216K)] 271721K->83907K(872192K), 0.0042820 secs] [Times: user=0.03 sys=0.00, real=0.01 secs] 
2014-07-08T13:17:58.979+0000: 1084.065: [GC [PSYoungGen: 185180K->988K(222080K)] 268099K->83931K(909056K), 0.0049000 secs] [Times: user=0.03 sys=0.00, real=0.00 secs] 
2014-07-08T13:17:59.356+0000: 1084.442: [GC [PSYoungGen: 222044K->942K(216960K)] 304987K->83909K(903936K), 0.0037810 secs] [Times: user=0.02 sys=0.00, real=0.00 secs] 
2014-07-08T13:18:26.265+0000: 1111.351: [GC [PSYoungGen: 216853K->1010K(212160K)] 299820K->84249K(899136K), 0.0074280 secs] [Times: user=0.03 sys=0.01, real=0.01 secs] 
2014-07-08T13:19:52.502+0000: 1197.588: [GC [PSYoungGen: 212099K->1260K(207680K)] 295339K->84515K(894656K), 0.0035230 secs] [Times: user=0.02 sys=0.00, real=0.00 secs] 
2014-07-08T13:19:52.836+0000: 1197.922: [GC [PSYoungGen: 207660K->818K(202688K)] 290915K->84253K(889664K), 0.0030750 secs] [Times: user=0.01 sys=0.01, real=0.00 secs] 
2014-07-08T13:19:53.171+0000: 1198.257: [GC [PSYoungGen: 202674K->1276K(198720K)] 286109K->84767K(885696K), 0.0043910 secs] [Times: user=0.03 sys=0.00, real=0.00 secs] 
2014-07-08T13:19:54.059+0000: 1199.145: [GC [PSYoungGen: 198716K->992K(194240K)] 282207K->84678K(881216K), 0.0047350 secs] [Times: user=0.01 sys=0.00, real=0.01 secs] 
2014-07-08T13:19:56.249+0000: 1201.336: [GC [PSYoungGen: 194208K->1088K(190272K)] 277894K->84798K(877248K), 0.0075620 secs] [Times: user=0.04 sys=0.00, real=0.01 secs] 
2014-07-08T13:21:36.034+0000: 1301.120: [GC [PSYoungGen: 190208K->1066K(186240K)] 273918K->84848K(873216K), 0.0322290 secs] [Times: user=0.19 sys=0.00, real=0.03 secs] 
2014-07-08T13:22:21.649+0000: 1346.735: [GC [PSYoungGen: 186218K->1238K(182592K)] 270000K->85028K(869568K), 0.0057500 secs] [Times: user=0.03 sys=0.00, real=0.01 secs] 
2014-07-08T13:22:21.930+0000: 1347.016: [GC [PSYoungGen: 182550K->750K(178368K)] 266340K->84748K(865344K), 0.0044000 secs] [Times: user=0.02 sys=0.00, real=0.01 secs] 
2014-07-08T13:22:22.206+0000: 1347.292: [GC [PSYoungGen: 178350K->676K(174720K)] 262348K->84754K(861696K), 0.0041120 secs] [Times: user=0.02 sys=0.00, real=0.00 secs] 
2014-07-08T13:22:22.666+0000: 1347.752: [GC [PSYoungGen: 174692K->1056K(171648K)] 258770K->85264K(858624K), 0.0045180 secs] [Times: user=0.03 sys=0.00, real=0.00 secs] 
2014-07-08T13:22:24.563+0000: 1349.649: [GC [PSYoungGen: 171616K->818K(168000K)] 255824K->85042K(854976K), 0.0050040 secs] [Times: user=0.03 sys=0.00, real=0.01 secs] 
2014-07-08T13:22:26.547+0000: 1351.633: [GC [PSYoungGen: 167986K->1080K(164992K)] 252210K->85328K(851968K), 0.0054090 secs] [Times: user=0.03 sys=0.00, real=0.00 secs] 
2014-07-08T13:22:28.444+0000: 1353.530: [GC [PSYoungGen: 164981K->1074K(161856K)] 249229K->85338K(848832K), 0.0056200 secs] [Times: user=0.01 sys=0.00, real=0.01 secs] 
2014-07-08T13:22:58.081+0000: 1383.167: [GC [PSYoungGen: 161842K->829K(158528K)] 246106K->85478K(845504K), 0.0058870 secs] [Times: user=0.03 sys=0.00, real=0.00 secs] 
2014-07-08T13:24:18.652+0000: 1463.738: [GC [PSYoungGen: 158525K->1110K(155904K)] 243174K->85799K(842880K), 0.0023090 secs] [Times: user=0.02 sys=0.00, real=0.00 secs] 
2014-07-08T13:24:18.884+0000: 1463.970: [GC [PSYoungGen: 155862K->1006K(152896K)] 240551K->85815K(839872K), 0.0027300 secs] [Times: user=0.02 sys=0.00, real=0.00 secs] 
2014-07-08T13:24:19.122+0000: 1464.208: [GC [PSYoungGen: 152878K->1070K(150208K)] 237687K->85943K(837184K), 0.0035690 secs] [Times: user=0.02 sys=0.00, real=0.01 secs] 
2014-07-08T13:24:19.351+0000: 1464.438: [GC [PSYoungGen: 150190K->878K(179840K)] 235063K->85863K(866816K), 0.0052700 secs] [Times: user=0.04 sys=0.00, real=0.01 secs] 
2014-07-08T13:24:20.266+0000: 1465.352: [GC [PSYoungGen: 179822K->974K(176320K)] 264807K->85999K(863296K), 0.0055870 secs] [Times: user=0.02 sys=0.01, real=0.00 secs] 
2014-07-08T13:24:22.271+0000: 1467.357: [GC [PSYoungGen: 176270K->952K(172736K)] 261295K->86235K(859712K), 0.0040820 secs] [Times: user=0.03 sys=0.00, real=0.01 secs] 
2014-07-08T13:25:25.842+0000: 1530.928: [GC [PSYoungGen: 172727K->840K(169280K)] 258011K->86405K(856256K), 0.0034990 secs] [Times: user=0.01 sys=0.01, real=0.00 secs] 
2014-07-08T13:25:45.204+0000: 1550.290: [GC [PSYoungGen: 169224K->1010K(166144K)] 254789K->86855K(853120K), 0.0060400 secs] [Times: user=0.03 sys=0.00, real=0.01 secs] 
2014-07-08T13:25:45.472+0000: 1550.558: [GC [PSYoungGen: 166130K->918K(162880K)] 251975K->86835K(849856K), 0.0038490 secs] [Times: user=0.03 sys=0.00, real=0.01 secs] 
2014-07-08T13:25:45.755+0000: 1550.841: [GC [PSYoungGen: 162838K->882K(159744K)] 248755K->86847K(846720K), 0.0030390 secs] [Times: user=0.01 sys=0.00, real=0.00 secs] 
2014-07-08T13:25:46.022+0000: 1551.108: [GC [PSYoungGen: 159692K->1086K(156928K)] 245658K->87107K(843904K), 0.0038210 secs] [Times: user=0.01 sys=0.00, real=0.01 secs] 
2014-07-08T13:25:47.209+0000: 1552.295: [GC [PSYoungGen: 156898K->1010K(153984K)] 242919K->87347K(840960K), 0.0038240 secs] [Times: user=0.02 sys=0.00, real=0.00 secs] 
2014-07-08T13:25:51.422+0000: 1556.508: [GC [PSYoungGen: 153970K->1404K(151552K)] 240307K->87765K(838528K), 0.0074820 secs] [Times: user=0.04 sys=0.00, real=0.01 secs] 
2014-07-08T13:25:53.343+0000: 1558.429: [GC [PSYoungGen: 151544K->690K(148096K)] 237906K->87251K(835072K), 0.0039580 secs] [Times: user=0.02 sys=0.00, real=0.01 secs] 
2014-07-08T13:25:53.587+0000: 1558.673: [GC [PSYoungGen: 148082K->1376K(146176K)] 234643K->88018K(833152K), 0.0053760 secs] [Times: user=0.04 sys=0.00, real=0.00 secs] 
2014-07-08T13:25:54.108+0000: 1559.194: [GC [PSYoungGen: 146144K->992K(143232K)] 232786K->87723K(830208K), 0.0044060 secs] [Times: user=0.03 sys=0.00, real=0.00 secs] 
2014-07-08T13:25:55.864+0000: 1560.950: [GC [PSYoungGen: 143200K->1238K(140992K)] 229931K->88009K(827968K), 0.0085350 secs] [Times: user=0.02 sys=0.00, real=0.01 secs] 
2014-07-08T13:26:23.068+0000: 1588.154: [GC [PSYoungGen: 140950K->946K(138240K)] 227721K->88002K(825216K), 0.0075690 secs] [Times: user=0.05 sys=0.00, real=0.01 secs] 
2014-07-08T13:26:23.294+0000: 1588.380: [GC [PSYoungGen: 138226K->1096K(165888K)] 225282K->88199K(852864K), 0.0058960 secs] [Times: user=0.03 sys=0.00, real=0.00 secs] 
2014-07-08T13:26:23.553+0000: 1588.639: [GC [PSYoungGen: 165832K->1138K(198848K)] 252935K->88298K(885824K), 0.0052150 secs] [Times: user=0.04 sys=0.00, real=0.00 secs] 
2014-07-08T13:26:23.865+0000: 1588.951: [GC [PSYoungGen: 198834K->1358K(238656K)] 285994K->88558K(925632K), 0.0041790 secs] [Times: user=0.03 sys=0.00, real=0.00 secs] 
2014-07-08T13:26:25.173+0000: 1590.259: [GC [PSYoungGen: 238606K->548K(242176K)] 325806K->88093K(929152K), 0.0067020 secs] [Times: user=0.04 sys=0.00, real=0.00 secs] 
2014-07-08T13:27:20.625+0000: 1645.711: [GC [PSYoungGen: 242148K->1274K(237056K)] 329693K->88884K(924032K), 0.0043650 secs] [Times: user=0.03 sys=0.00, real=0.01 secs] 
2014-07-08T13:27:21.001+0000: 1646.087: [GC [PSYoungGen: 237050K->370K(230528K)] 324660K->88876K(917504K), 0.0046880 secs] [Times: user=0.02 sys=0.00, real=0.00 secs] 
2014-07-08T13:27:21.366+0000: 1646.452: [GC [PSYoungGen: 230514K->1342K(241664K)] 319020K->89888K(928640K), 0.0048290 secs] [Times: user=0.03 sys=0.00, real=0.01 secs] 
2014-07-08T13:27:22.264+0000: 1647.350: [GC [PSYoungGen: 241406K->800K(235136K)] 329952K->89750K(922112K), 0.0033320 secs] [Times: user=0.02 sys=0.00, real=0.00 secs] 
2014-07-08T13:28:20.679+0000: 1705.765: [GC [PSYoungGen: 235104K->936K(229696K)] 324054K->89894K(916672K), 0.0102290 secs] [Times: user=0.01 sys=0.00, real=0.01 secs] 
2014-07-08T13:29:00.774+0000: 1745.861: [GC [PSYoungGen: 229672K->1110K(224512K)] 318630K->90100K(911488K), 0.0044140 secs] [Times: user=0.02 sys=0.01, real=0.00 secs] 
2014-07-08T13:29:01.134+0000: 1746.220: [GC [PSYoungGen: 224470K->946K(219136K)] 313460K->90040K(906112K), 0.0032470 secs] [Times: user=0.02 sys=0.00, real=0.01 secs] 
2014-07-08T13:29:01.485+0000: 1746.572: [GC [PSYoungGen: 219122K->1120K(214336K)] 308216K->90438K(901312K), 0.0030370 secs] [Times: user=0.02 sys=0.00, real=0.00 secs] 
2014-07-08T13:29:03.877+0000: 1748.963: [GC [PSYoungGen: 214304K->1412K(209856K)] 303622K->90771K(896832K), 0.0078290 secs] [Times: user=0.05 sys=0.00, real=0.01 secs] 
2014-07-08T13:29:06.827+0000: 1751.913: [GC [PSYoungGen: 209796K->618K(204416K)] 299155K->90462K(891392K), 0.0042620 secs] [Times: user=0.02 sys=0.00, real=0.00 secs] 
2014-07-08T13:29:09.635+0000: 1754.721: [GC [PSYoungGen: 204329K->1637K(200960K)] 294173K->91522K(887936K), 0.0043380 secs] [Times: user=0.01 sys=0.00, real=0.01 secs] 
2014-07-08T13:29:12.189+0000: 1757.275: [GC [PSYoungGen: 200933K->1064K(196096K)] 290818K->91394K(883072K), 0.0060780 secs] [Times: user=0.03 sys=0.00, real=0.00 secs] 
2014-07-08T13:29:18.222+0000: 1763.308: [GC [PSYoungGen: 196072K->800K(191680K)] 286402K->91146K(878656K), 0.0042390 secs] [Times: user=0.02 sys=0.01, real=0.00 secs] 
2014-07-08T13:29:18.550+0000: 1763.636: [GC [PSYoungGen: 191648K->1070K(187904K)] 281994K->91513K(874880K), 0.0031940 secs] [Times: user=0.02 sys=0.00, real=0.00 secs] 
2014-07-08T13:29:19.052+0000: 1764.138: [GC [PSYoungGen: 187886K->918K(183872K)] 278329K->91392K(870848K), 0.0064500 secs] [Times: user=0.04 sys=0.00, real=0.01 secs] 
2014-07-08T13:29:21.337+0000: 1766.423: [GC [PSYoungGen: 183830K->1336K(180480K)] 274304K->91819K(867456K), 0.0031710 secs] [Times: user=0.01 sys=0.01, real=0.01 secs] 
2014-07-08T13:29:23.866+0000: 1768.952: [GC [PSYoungGen: 180472K->1628K(177152K)] 270955K->92111K(864128K), 0.0039180 secs] [Times: user=0.02 sys=0.00, real=0.01 secs] 
2014-07-08T13:29:26.041+0000: 1771.127: [GC [PSYoungGen: 177116K->505K(172480K)] 267599K->91823K(859456K), 0.0039390 secs] [Times: user=0.02 sys=0.01, real=0.00 secs] 
2014-07-08T13:29:33.294+0000: 1778.380: [GC [PSYoungGen: 172473K->1164K(169792K)] 263791K->92530K(856768K), 0.0049310 secs] [Times: user=0.03 sys=0.00, real=0.00 secs] 
2014-07-08T13:29:33.585+0000: 1778.671: [GC [PSYoungGen: 169710K->1056K(166336K)] 261076K->92734K(853312K), 0.0067600 secs] [Times: user=0.02 sys=0.00, real=0.01 secs] 
2014-07-08T13:29:33.895+0000: 1778.981: [GC [PSYoungGen: 166304K->1252K(163328K)] 257982K->92978K(850304K), 0.0032440 secs] [Times: user=0.01 sys=0.00, real=0.00 secs] 
2014-07-08T13:29:35.053+0000: 1780.139: [GC [PSYoungGen: 163204K->1213K(160192K)] 254930K->92971K(847168K), 0.0067540 secs] [Times: user=0.03 sys=0.00, real=0.00 secs] 
2014-07-08T13:29:37.416+0000: 1782.502: [GC [PSYoungGen: 160189K->1582K(157568K)] 251947K->93341K(844544K), 0.0064190 secs] [Times: user=0.03 sys=0.01, real=0.01 secs] 
2014-07-08T13:29:39.559+0000: 1784.645: [GC [PSYoungGen: 157550K->544K(153664K)] 249309K->93519K(840640K), 0.0134200 secs] [Times: user=0.09 sys=0.00, real=0.02 secs] 
2014-07-08T13:29:41.469+0000: 1786.555: [GC [PSYoungGen: 153583K->1846K(152128K)] 246558K->94845K(839104K), 0.0053610 secs] [Times: user=0.03 sys=0.00, real=0.01 secs] 
2014-07-08T13:29:43.480+0000: 1788.566: [GC [PSYoungGen: 152118K->1436K(148992K)] 245117K->94673K(835968K), 0.0070630 secs] [Times: user=0.01 sys=0.00, real=0.01 secs] 
2014-07-08T13:29:45.576+0000: 1790.662: [GC [PSYoungGen: 148956K->1628K(146560K)] 242193K->94882K(833536K), 0.0080650 secs] [Times: user=0.04 sys=0.00, real=0.01 secs] 
2014-07-08T13:29:47.670+0000: 1792.756: [GC [PSYoungGen: 146524K->1010K(143360K)] 239778K->94597K(830336K), 0.0051350 secs] [Times: user=0.02 sys=0.00, real=0.01 secs] 
2014-07-08T13:29:49.622+0000: 1794.708: [GC [PSYoungGen: 143346K->1372K(141248K)] 236933K->95000K(828224K), 0.0044680 secs] [Times: user=0.02 sys=0.00, real=0.01 secs] 
2014-07-08T13:29:51.483+0000: 1796.569: [GC [PSYoungGen: 141179K->1369K(138816K)] 234806K->95020K(825792K), 0.0051480 secs] [Times: user=0.01 sys=0.00, real=0.00 secs] 
2014-07-08T13:29:53.450+0000: 1798.536: [GC [PSYoungGen: 138777K->1028K(136128K)] 232428K->94759K(823104K), 0.0046400 secs] [Times: user=0.03 sys=0.00, real=0.01 secs] 
2014-07-08T13:29:55.435+0000: 1800.521: [GC [PSYoungGen: 136068K->1344K(134144K)] 229799K->95123K(821120K), 0.0029560 secs] [Times: user=0.02 sys=0.00, real=0.00 secs] 
2014-07-08T13:29:57.185+0000: 1802.271: [GC [PSYoungGen: 134080K->1344K(131904K)] 227859K->95140K(818880K), 0.0052740 secs] [Times: user=0.02 sys=0.00, real=0.00 secs] 
2014-07-08T13:29:58.785+0000: 1803.871: [GC [PSYoungGen: 131837K->928K(129280K)] 225632K->95246K(816256K), 0.0028590 secs] [Times: user=0.02 sys=0.00, real=0.00 secs] 
2014-07-08T13:30:00.489+0000: 1805.575: [GC [PSYoungGen: 129211K->1566K(127808K)] 223529K->95924K(814784K), 0.0076450 secs] [Times: user=0.04 sys=0.01, real=0.01 secs] 
2014-07-08T13:30:02.288+0000: 1807.374: [GC [PSYoungGen: 127730K->1078K(125248K)] 222088K->95814K(812224K), 0.0043920 secs] [Times: user=0.03 sys=0.00, real=0.00 secs] 
2014-07-08T13:30:04.044+0000: 1809.130: [GC [PSYoungGen: 125238K->1308K(123520K)] 219974K->96108K(810496K), 0.0034960 secs] [Times: user=0.02 sys=0.00, real=0.00 secs] 
2014-07-08T13:30:05.789+0000: 1810.875: [GC [PSYoungGen: 123445K->1064K(121344K)] 218245K->95920K(808320K), 0.0026700 secs] [Times: user=0.01 sys=0.00, real=0.00 secs] 
2014-07-08T13:30:07.471+0000: 1812.557: [GC [PSYoungGen: 121280K->1340K(119744K)] 216137K->96276K(806720K), 0.0114140 secs] [Times: user=0.06 sys=0.00, real=0.01 secs] 
2014-07-08T13:30:21.246+0000: 1826.332: [GC [PSYoungGen: 119728K->1003K(117568K)] 214664K->96011K(804544K), 0.0026860 secs] [Times: user=0.02 sys=0.00, real=0.01 secs] 
2014-07-08T13:30:21.447+0000: 1826.533: [GC [PSYoungGen: 117547K->1284K(116096K)] 212555K->96404K(803072K), 0.0036040 secs] [Times: user=0.02 sys=0.01, real=0.00 secs] 
2014-07-08T13:30:21.655+0000: 1826.741: [GC [PSYoungGen: 116036K->1074K(114112K)] 211156K->96316K(801088K), 0.0041980 secs] [Times: user=0.03 sys=0.01, real=0.01 secs] 
2014-07-08T13:30:21.856+0000: 1826.942: [GC [PSYoungGen: 114098K->996K(136704K)] 209340K->96278K(823680K), 0.0059510 secs] [Times: user=0.04 sys=0.00, real=0.01 secs] 
2014-07-08T13:30:22.118+0000: 1827.204: [GC [PSYoungGen: 136676K->1380K(164224K)] 231958K->96774K(851200K), 0.0042240 secs] [Times: user=0.03 sys=0.01, real=0.00 secs] 
2014-07-08T13:30:22.536+0000: 1827.622: [GC [PSYoungGen: 164196K->1206K(196608K)] 259590K->96648K(883584K), 0.0052920 secs] [Times: user=0.03 sys=0.00, real=0.01 secs] 
2014-07-08T13:30:25.103+0000: 1830.189: [GC [PSYoungGen: 196598K->1010K(235520K)] 292040K->96689K(922496K), 0.0026440 secs] [Times: user=0.01 sys=0.00, real=0.00 secs] 
2014-07-08T13:30:28.272+0000: 1833.358: [GC [PSYoungGen: 235472K->1394K(230336K)] 331151K->97113K(917312K), 0.0069010 secs] [Times: user=0.04 sys=0.00, real=0.01 secs] 
2014-07-08T13:30:31.606+0000: 1836.692: [GC [PSYoungGen: 230322K->1060K(224640K)] 326041K->96907K(911616K), 0.0067780 secs] [Times: user=0.04 sys=0.01, real=0.01 secs] 
2014-07-08T13:30:34.805+0000: 1839.891: [GC [PSYoungGen: 224612K->1404K(219776K)] 320459K->97307K(906752K), 0.0048150 secs] [Times: user=0.02 sys=0.00, real=0.01 secs] 
2014-07-08T13:30:37.764+0000: 1842.850: [GC [PSYoungGen: 219772K->1002K(214400K)] 315675K->97496K(901376K), 0.0041650 secs] [Times: user=0.02 sys=0.00, real=0.00 secs] 
2014-07-08T13:30:40.429+0000: 1845.515: [GC [PSYoungGen: 214378K->1764K(210368K)] 310872K->98274K(897344K), 0.0153370 secs] [Times: user=0.10 sys=0.00, real=0.02 secs] 
2014-07-08T13:30:43.294+0000: 1848.381: [GC [PSYoungGen: 210340K->822K(204800K)] 306850K->97804K(891776K), 0.0079670 secs] [Times: user=0.05 sys=0.01, real=0.01 secs] 
2014-07-08T13:30:46.269+0000: 1851.356: [GC [PSYoungGen: 204790K->1206K(200704K)] 301772K->98244K(887680K), 0.0036320 secs] [Times: user=0.02 sys=0.00, real=0.01 secs] 
2014-07-08T13:30:49.153+0000: 1854.239: [GC [PSYoungGen: 200694K->1696K(196928K)] 297732K->98881K(883904K), 0.0169580 secs] [Times: user=0.08 sys=0.00, real=0.01 secs] 
2014-07-08T13:30:52.046+0000: 1857.132: [GC [PSYoungGen: 196896K->1444K(192512K)] 294081K->98644K(879488K), 0.0069180 secs] [Times: user=0.04 sys=0.00, real=0.01 secs] 
2014-07-08T13:30:54.666+0000: 1859.752: [GC [PSYoungGen: 192483K->828K(187840K)] 289684K->98198K(874816K), 0.0031050 secs] [Times: user=0.02 sys=0.00, real=0.00 secs] 
2014-07-08T13:30:57.475+0000: 1862.561: [GC [PSYoungGen: 187836K->982K(184128K)] 285206K->98384K(871104K), 0.0032970 secs] [Times: user=0.01 sys=0.00, real=0.00 secs] 
2014-07-08T13:31:00.390+0000: 1865.476: [GC [PSYoungGen: 184086K->1258K(180608K)] 281488K->98669K(867584K), 0.0125730 secs] [Times: user=0.07 sys=0.00, real=0.02 secs] 
2014-07-08T13:31:03.689+0000: 1868.776: [GC [PSYoungGen: 180586K->1276K(176960K)] 277997K->98687K(863936K), 0.0066740 secs] [Times: user=0.02 sys=0.00, real=0.01 secs] 
2014-07-08T13:31:06.584+0000: 1871.670: [GC [PSYoungGen: 176956K->1298K(173504K)] 274367K->98709K(860480K), 0.0131470 secs] [Times: user=0.07 sys=0.00, real=0.02 secs] 
2014-07-08T13:31:09.831+0000: 1874.917: [GC [PSYoungGen: 173434K->1270K(170048K)] 270844K->98680K(857024K), 0.0089480 secs] [Times: user=0.05 sys=0.00, real=0.01 secs] 
2014-07-08T13:31:12.877+0000: 1877.963: [GC [PSYoungGen: 170023K->992K(166464K)] 267433K->98733K(853440K), 0.0054890 secs] [Times: user=0.03 sys=0.00, real=0.00 secs] 
2014-07-08T13:31:15.873+0000: 1880.959: [GC [PSYoungGen: 166432K->1640K(163904K)] 264173K->99413K(850880K), 0.0086250 secs] [Times: user=0.06 sys=0.01, real=0.01 secs] 
2014-07-08T13:31:18.785+0000: 1883.871: [GC [PSYoungGen: 163880K->804K(160000K)] 261653K->99014K(846976K), 0.0118290 secs] [Times: user=0.07 sys=0.01, real=0.01 secs] 
2014-07-08T13:31:21.369+0000: 1886.455: [GC [PSYoungGen: 159972K->1114K(157312K)] 258182K->99365K(844288K), 0.0049850 secs] [Times: user=0.02 sys=0.00, real=0.00 secs] 
2014-07-08T13:31:23.969+0000: 1889.055: [GC [PSYoungGen: 157274K->1652K(154880K)] 255525K->100215K(841856K), 0.0058400 secs] [Times: user=0.03 sys=0.00, real=0.00 secs] 
2014-07-08T13:31:26.737+0000: 1891.823: [GC [PSYoungGen: 154868K->1266K(151680K)] 253431K->99853K(838656K), 0.0060760 secs] [Times: user=0.03 sys=0.00, real=0.00 secs] 
2014-07-08T13:31:29.399+0000: 1894.485: [GC [PSYoungGen: 151655K->1068K(148736K)] 250242K->99703K(835712K), 0.0040460 secs] [Times: user=0.02 sys=0.00, real=0.00 secs] 
2014-07-08T13:31:31.923+0000: 1897.009: [GC [PSYoungGen: 148716K->1238K(146240K)] 247351K->99913K(833216K), 0.0042900 secs] [Times: user=0.02 sys=0.00, real=0.01 secs] 
2014-07-08T13:31:34.363+0000: 1899.449: [GC [PSYoungGen: 146198K->1408K(143872K)] 244873K->100091K(830848K), 0.0054800 secs] [Times: user=0.03 sys=0.00, real=0.01 secs] 
2014-07-08T13:31:36.907+0000: 1901.993: [GC [PSYoungGen: 143808K->1032K(140992K)] 242491K->99715K(827968K), 0.0048250 secs] [Times: user=0.02 sys=0.00, real=0.01 secs] 
2014-07-08T13:31:39.212+0000: 1904.298: [GC [PSYoungGen: 140936K->1202K(138688K)] 239619K->99885K(825664K), 0.0046910 secs] [Times: user=0.03 sys=0.01, real=0.00 secs] 
2014-07-08T13:31:41.532+0000: 1906.618: [GC [PSYoungGen: 138674K->1518K(136640K)] 237357K->100225K(823616K), 0.0139090 secs] [Times: user=0.09 sys=0.00, real=0.01 secs] 
2014-07-08T13:31:43.812+0000: 1908.898: [GC [PSYoungGen: 136622K->1020K(133824K)] 235329K->99735K(820800K), 0.0052810 secs] [Times: user=0.02 sys=0.00, real=0.00 secs] 
2014-07-08T13:31:45.816+0000: 1910.902: [GC [PSYoungGen: 133739K->1383K(131968K)] 232454K->100122K(818944K), 0.0058200 secs] [Times: user=0.04 sys=0.00, real=0.01 secs] 
2014-07-08T13:31:47.984+0000: 1913.071: [GC [PSYoungGen: 131905K->1096K(129536K)] 230644K->99859K(816512K), 0.0063400 secs] [Times: user=0.03 sys=0.00, real=0.01 secs] 
2014-07-08T13:31:50.269+0000: 1915.355: [GC [PSYoungGen: 129465K->1452K(127744K)] 228228K->100255K(814720K), 0.0178050 secs] [Times: user=0.11 sys=0.01, real=0.02 secs] 
2014-07-08T13:31:52.442+0000: 1917.528: [GC [PSYoungGen: 127695K->1135K(125376K)] 226498K->100135K(812352K), 0.0045560 secs] [Times: user=0.03 sys=0.00, real=0.00 secs] 
2014-07-08T13:31:54.549+0000: 1919.635: [GC [PSYoungGen: 125359K->1593K(123840K)] 224359K->100641K(810816K), 0.0055360 secs] [Times: user=0.04 sys=0.00, real=0.01 secs] 
2014-07-08T13:32:01.656+0000: 1926.742: [GC [PSYoungGen: 123808K->878K(121216K)] 222856K->100455K(808192K), 0.0088780 secs] [Times: user=0.07 sys=0.00, real=0.01 secs] 
2014-07-08T13:32:20.734+0000: 1945.820: [GC [PSYoungGen: 121198K->1089K(119616K)] 220775K->100713K(806592K), 0.0052560 secs] [Times: user=0.03 sys=0.00, real=0.01 secs] 
2014-07-08T13:32:20.928+0000: 1946.014: [GC [PSYoungGen: 119542K->1465K(118080K)] 219166K->101301K(805056K), 0.0027290 secs] [Times: user=0.02 sys=0.00, real=0.00 secs] 
2014-07-08T13:32:21.145+0000: 1946.231: [GC [PSYoungGen: 118073K->914K(115776K)] 217909K->100782K(802752K), 0.0029630 secs] [Times: user=0.02 sys=0.00, real=0.00 secs] 
2014-07-08T13:32:21.352+0000: 1946.438: [GC [PSYoungGen: 115730K->1324K(139136K)] 215598K->101272K(826112K), 0.0044140 secs] [Times: user=0.03 sys=0.00, real=0.01 secs] 
2014-07-08T13:32:21.617+0000: 1946.703: [GC [PSYoungGen: 139116K->932K(166336K)] 239064K->100936K(853312K), 0.0045450 secs] [Times: user=0.03 sys=0.00, real=0.00 secs] 
2014-07-08T13:32:22.858+0000: 1947.944: [GC [PSYoungGen: 166308K->1428K(199936K)] 266312K->101465K(886912K), 0.0088710 secs] [Times: user=0.05 sys=0.00, real=0.01 secs] 
2014-07-08T13:32:26.211+0000: 1951.297: [GC [PSYoungGen: 199892K->964K(195200K)] 299929K->101000K(882176K), 0.0058640 secs] [Times: user=0.03 sys=0.00, real=0.01 secs] 
2014-07-08T13:32:29.261+0000: 1954.347: [GC [PSYoungGen: 195140K->1262K(191296K)] 295176K->101299K(878272K), 0.0037230 secs] [Times: user=0.01 sys=0.00, real=0.00 secs] 
2014-07-08T13:32:32.513+0000: 1957.599: [GC [PSYoungGen: 191278K->1674K(187776K)] 291315K->101711K(874752K), 0.0092300 secs] [Times: user=0.06 sys=0.00, real=0.01 secs] 
2014-07-08T13:32:35.933+0000: 1961.019: [GC [PSYoungGen: 187682K->622K(182848K)] 287719K->101563K(869824K), 0.0062270 secs] [Times: user=0.03 sys=0.00, real=0.01 secs] 
2014-07-08T13:32:38.973+0000: 1964.059: [GC [PSYoungGen: 182808K->1900K(180416K)] 283749K->103015K(867392K), 0.0059800 secs] [Times: user=0.03 sys=0.01, real=0.01 secs] 
2014-07-08T13:32:49.126+0000: 1974.212: [GC [PSYoungGen: 180396K->1294K(176192K)] 281511K->102855K(863168K), 0.0084340 secs] [Times: user=0.05 sys=0.01, real=0.01 secs] 
2014-07-08T13:32:51.190+0000: 1976.276: [GC [PSYoungGen: 176142K->956K(172288K)] 277703K->102597K(859264K), 0.0029500 secs] [Times: user=0.01 sys=0.00, real=0.00 secs] 
2014-07-08T13:32:51.480+0000: 1976.567: [GC [PSYoungGen: 172269K->1131K(169088K)] 273910K->102876K(856064K), 0.0033490 secs] [Times: user=0.03 sys=0.00, real=0.00 secs] 
2014-07-08T13:32:51.816+0000: 1976.902: [GC [PSYoungGen: 169067K->1366K(166080K)] 270812K->103167K(853056K), 0.0067910 secs] [Times: user=0.04 sys=0.00, real=0.01 secs] 
2014-07-08T13:32:53.956+0000: 1979.042: [GC [PSYoungGen: 166038K->1180K(162688K)] 267839K->102989K(849664K), 0.0083510 secs] [Times: user=0.05 sys=0.00, real=0.01 secs] 
2014-07-08T13:32:56.480+0000: 1981.566: [GC [PSYoungGen: 162618K->1238K(159680K)] 264427K->103047K(846656K), 0.0117960 secs] [Times: user=0.07 sys=0.00, real=0.02 secs] 
2014-07-08T13:32:59.292+0000: 1984.378: [GC [PSYoungGen: 159638K->1284K(156736K)] 261447K->103093K(843712K), 0.0054450 secs] [Times: user=0.03 sys=0.00, real=0.00 secs] 
2014-07-08T13:33:01.766+0000: 1986.852: [GC [PSYoungGen: 156676K->988K(153536K)] 258485K->102797K(840512K), 0.0089310 secs] [Times: user=0.05 sys=0.00, real=0.01 secs] 
2014-07-08T13:33:04.227+0000: 1989.313: [GC [PSYoungGen: 153500K->1110K(150848K)] 255309K->102919K(837824K), 0.0077280 secs] [Times: user=0.05 sys=0.00, real=0.01 secs] 
2014-07-08T13:33:06.681+0000: 1991.767: [GC [PSYoungGen: 150806K->1699K(148736K)] 252615K->103508K(835712K), 0.0108510 secs] [Times: user=0.07 sys=0.00, real=0.02 secs] 
2014-07-08T13:33:09.327+0000: 1994.413: [GC [PSYoungGen: 148707K->874K(145280K)] 250516K->103300K(832256K), 0.0164050 secs] [Times: user=0.10 sys=0.00, real=0.02 secs] 
2014-07-08T13:33:11.653+0000: 1996.739: [GC [PSYoungGen: 145258K->1978K(143808K)] 247684K->104436K(830784K), 0.0108860 secs] [Times: user=0.06 sys=0.00, real=0.02 secs] 
2014-07-08T13:33:14.036+0000: 1999.122: [GC [PSYoungGen: 143802K->1141K(140480K)] 246260K->104118K(827456K), 0.0070540 secs] [Times: user=0.04 sys=0.01, real=0.01 secs] 
2014-07-08T13:33:16.196+0000: 2001.282: [GC [PSYoungGen: 140469K->1436K(138368K)] 243446K->104445K(825344K), 0.0041990 secs] [Times: user=0.02 sys=0.00, real=0.00 secs] 
2014-07-08T13:33:18.365+0000: 2003.451: [GC [PSYoungGen: 138332K->1124K(135680K)] 241341K->104157K(822656K), 0.0055710 secs] [Times: user=0.02 sys=0.00, real=0.00 secs] 
2014-07-08T13:33:20.526+0000: 2005.612: [GC [PSYoungGen: 135652K->1106K(133376K)] 238685K->104139K(820352K), 0.0045200 secs] [Times: user=0.02 sys=0.00, real=0.00 secs] 
2014-07-08T13:33:22.789+0000: 2007.875: [GC [PSYoungGen: 133330K->1212K(131200K)] 236363K->104245K(818176K), 0.0048880 secs] [Times: user=0.02 sys=0.00, real=0.00 secs] 
2014-07-08T13:33:25.078+0000: 2010.164: [GC [PSYoungGen: 131196K->960K(128768K)] 234229K->104017K(815744K), 0.0068310 secs] [Times: user=0.04 sys=0.00, real=0.01 secs] 
2014-07-08T13:33:27.186+0000: 2012.272: [GC [PSYoungGen: 128768K->1890K(127616K)] 231825K->105003K(814592K), 0.0080780 secs] [Times: user=0.06 sys=0.00, real=0.00 secs] 
2014-07-08T13:33:29.279+0000: 2014.366: [GC [PSYoungGen: 127586K->1110K(124800K)] 230699K->104239K(811776K), 0.0060010 secs] [Times: user=0.04 sys=0.00, real=0.01 secs] 
2014-07-08T13:33:31.573+0000: 2016.659: [GC [PSYoungGen: 124719K->1334K(123008K)] 227848K->104601K(809984K), 0.0061960 secs] [Times: user=0.03 sys=0.00, real=0.01 secs] 
2014-07-08T13:33:33.445+0000: 2018.531: [GC [PSYoungGen: 122998K->1386K(121152K)] 226265K->104693K(808128K), 0.0043150 secs] [Times: user=0.03 sys=0.00, real=0.01 secs] 
2014-07-08T13:33:35.712+0000: 2020.798: [GC [PSYoungGen: 121130K->1525K(119424K)] 224437K->104864K(806400K), 0.0071710 secs] [Times: user=0.04 sys=0.00, real=0.01 secs] 
2014-07-08T13:33:37.342+0000: 2022.428: [GC [PSYoungGen: 119362K->1608K(117760K)] 222701K->104995K(804736K), 0.0045040 secs] [Times: user=0.02 sys=0.00, real=0.01 secs] 
2014-07-08T13:33:38.792+0000: 2023.878: [GC [PSYoungGen: 117684K->932K(115264K)] 221071K->104823K(802240K), 0.0025540 secs] [Times: user=0.02 sys=0.00, real=0.00 secs] 
2014-07-08T13:33:40.635+0000: 2025.721: [GC [PSYoungGen: 115194K->1416K(114048K)] 219086K->105379K(801024K), 0.0048990 secs] [Times: user=0.03 sys=0.00, real=0.01 secs] 
2014-07-08T13:33:42.436+0000: 2027.522: [GC [PSYoungGen: 113992K->1270K(112192K)] 217955K->105297K(799168K), 0.0088970 secs] [Times: user=0.06 sys=0.00, real=0.01 secs] 
2014-07-08T13:33:44.350+0000: 2029.436: [GC [PSYoungGen: 112182K->1326K(110592K)] 216209K->105402K(797568K), 0.0059020 secs] [Times: user=0.03 sys=0.01, real=0.00 secs] 
2014-07-08T13:33:46.183+0000: 2031.269: [GC [PSYoungGen: 110574K->1092K(108800K)] 214650K->105207K(795776K), 0.0065250 secs] [Times: user=0.04 sys=0.00, real=0.01 secs] 
2014-07-08T13:33:47.978+0000: 2033.064: [GC [PSYoungGen: 108740K->1266K(107392K)] 212855K->105438K(794368K), 0.0052830 secs] [Times: user=0.03 sys=0.00, real=0.00 secs] 
2014-07-08T13:33:49.813+0000: 2034.899: [GC [PSYoungGen: 107378K->1134K(105728K)] 211550K->105345K(792704K), 0.0066030 secs] [Times: user=0.04 sys=0.00, real=0.01 secs] 
2014-07-08T13:33:51.438+0000: 2036.524: [GC [PSYoungGen: 105710K->1450K(104576K)] 209921K->105758K(791552K), 0.0049530 secs] [Times: user=0.03 sys=0.01, real=0.01 secs] 
2014-07-08T13:33:52.906+0000: 2037.992: [GC [PSYoungGen: 104554K->1084K(102720K)] 208862K->105432K(789696K), 0.0043320 secs] [Times: user=0.02 sys=0.00, real=0.01 secs] 
2014-07-08T13:33:54.297+0000: 2039.383: [GC [PSYoungGen: 102716K->1408K(101696K)] 207064K->105820K(788672K), 0.0079570 secs] [Times: user=0.04 sys=0.00, real=0.01 secs] 
2014-07-08T13:33:55.727+0000: 2040.813: [GC [PSYoungGen: 101602K->964K(99904K)] 206013K->105415K(786880K), 0.0090470 secs] [Times: user=0.05 sys=0.01, real=0.01 secs] 
2014-07-08T13:33:57.033+0000: 2042.120: [GC [PSYoungGen: 99844K->1230K(98816K)] 204295K->105761K(785792K), 0.0034610 secs] [Times: user=0.01 sys=0.00, real=0.00 secs] 
2014-07-08T13:33:58.237+0000: 2043.323: [GC [PSYoungGen: 98766K->1446K(97728K)] 203297K->106098K(784704K), 0.0036800 secs] [Times: user=0.02 sys=0.00, real=0.01 secs] 
2014-07-08T13:33:59.431+0000: 2044.517: [GC [PSYoungGen: 97671K->1050K(96064K)] 202322K->105757K(783040K), 0.0058320 secs] [Times: user=0.02 sys=0.00, real=0.00 secs] 
2014-07-08T13:34:00.527+0000: 2045.613: [GC [PSYoungGen: 96011K->1206K(94976K)] 200719K->106043K(781952K), 0.0030810 secs] [Times: user=0.02 sys=0.00, real=0.00 secs] 
2014-07-08T13:34:01.650+0000: 2046.736: [GC [PSYoungGen: 94966K->1330K(93888K)] 199803K->106224K(780864K), 0.0050840 secs] [Times: user=0.02 sys=0.00, real=0.01 secs] 
2014-07-08T13:34:02.954+0000: 2048.040: [GC [PSYoungGen: 93874K->1078K(92416K)] 198768K->106075K(779392K), 0.0044950 secs] [Times: user=0.03 sys=0.01, real=0.00 secs] 
2014-07-08T13:34:04.139+0000: 2049.225: [GC [PSYoungGen: 92359K->1210K(91392K)] 197357K->106255K(778368K), 0.0126950 secs] [Times: user=0.07 sys=0.01, real=0.02 secs] 
2014-07-08T13:34:05.285+0000: 2050.371: [GC [PSYoungGen: 91386K->1192K(90240K)] 196431K->106562K(777216K), 0.0050960 secs] [Times: user=0.03 sys=0.00, real=0.00 secs] 
2014-07-08T13:34:06.388+0000: 2051.474: [GC [PSYoungGen: 90216K->1162K(89152K)] 195586K->106564K(776128K), 0.0036890 secs] [Times: user=0.01 sys=0.00, real=0.01 secs] 
2014-07-08T13:34:07.746+0000: 2052.832: [GC [PSYoungGen: 89076K->1202K(88064K)] 194478K->106668K(775040K), 0.0098940 secs] [Times: user=0.06 sys=0.01, real=0.01 secs] 
2014-07-08T13:34:09.147+0000: 2054.233: [GC [PSYoungGen: 88050K->1500K(87296K)] 193516K->107023K(774272K), 0.0092460 secs] [Times: user=0.06 sys=0.00, real=0.01 secs] 
2014-07-08T13:34:30.565+0000: 2075.651: [GC [PSYoungGen: 87250K->726K(85504K)] 192772K->107004K(772480K), 0.0040520 secs] [Times: user=0.02 sys=0.00, real=0.01 secs] 
2014-07-08T13:34:34.128+0000: 2079.214: [GC [PSYoungGen: 85462K->1547K(85312K)] 191740K->107842K(772288K), 0.0036330 secs] [Times: user=0.02 sys=0.00, real=0.00 secs] 
2014-07-08T13:34:34.264+0000: 2079.350: [GC [PSYoungGen: 85259K->1180K(83904K)] 191554K->107605K(770880K), 0.0026950 secs] [Times: user=0.01 sys=0.00, real=0.01 secs] 
2014-07-08T13:34:34.390+0000: 2079.477: [GC [PSYoungGen: 83868K->978K(100288K)] 190293K->107458K(787264K), 0.0069040 secs] [Times: user=0.04 sys=0.00, real=0.01 secs] 
2014-07-08T13:34:34.568+0000: 2079.654: [GC [PSYoungGen: 100242K->1494K(120704K)] 206722K->108022K(807680K), 0.0037730 secs] [Times: user=0.03 sys=0.00, real=0.00 secs] 
2014-07-08T13:34:34.787+0000: 2079.873: [GC [PSYoungGen: 120662K->896K(144000K)] 227190K->107465K(830976K), 0.0033040 secs] [Times: user=0.01 sys=0.00, real=0.00 secs] 
2014-07-08T13:34:35.054+0000: 2080.140: [GC [PSYoungGen: 143936K->882K(172544K)] 250505K->107498K(859520K), 0.0027130 secs] [Times: user=0.01 sys=0.00, real=0.01 secs] 
2014-07-08T13:34:36.922+0000: 2082.008: [GC [PSYoungGen: 172530K->1242K(191232K)] 279146K->107930K(878208K), 0.0036470 secs] [Times: user=0.02 sys=0.00, real=0.00 secs] 
2014-07-08T13:34:39.427+0000: 2084.513: [GC [PSYoungGen: 190618K->1274K(186688K)] 297306K->107962K(873664K), 0.0048180 secs] [Times: user=0.03 sys=0.00, real=0.00 secs] 
2014-07-08T13:34:42.061+0000: 2087.147: [GC [PSYoungGen: 186650K->1472K(183104K)] 293338K->108169K(870080K), 0.0033220 secs] [Times: user=0.02 sys=0.01, real=0.00 secs] 
2014-07-08T13:34:44.642+0000: 2089.728: [GC [PSYoungGen: 182999K->800K(178688K)] 289696K->107817K(865664K), 0.0073590 secs] [Times: user=0.04 sys=0.00, real=0.01 secs] 
2014-07-08T13:34:47.086+0000: 2092.172: [GC [PSYoungGen: 178656K->1372K(175680K)] 285673K->108487K(862656K), 0.0055910 secs] [Times: user=0.03 sys=0.00, real=0.01 secs] 
2014-07-08T13:35:07.851+0000: 2112.937: [GC [PSYoungGen: 175644K->1120K(171968K)] 282759K->108366K(858944K), 0.0061500 secs] [Times: user=0.03 sys=0.00, real=0.00 secs] 
2014-07-08T13:35:25.334+0000: 2130.420: [GC [PSYoungGen: 171932K->1234K(168704K)] 279179K->108545K(855680K), 0.0044260 secs] [Times: user=0.03 sys=0.00, real=0.00 secs] 
2014-07-08T13:35:25.653+0000: 2130.739: [GC [PSYoungGen: 168635K->1178K(165376K)] 275946K->108536K(852352K), 0.0056170 secs] [Times: user=0.03 sys=0.00, real=0.00 secs] 
2014-07-08T13:35:25.940+0000: 2131.026: [GC [PSYoungGen: 165321K->1302K(162368K)] 272680K->108701K(849344K), 0.0051720 secs] [Times: user=0.03 sys=0.00, real=0.01 secs] 
2014-07-08T13:35:26.351+0000: 2131.437: [GC [PSYoungGen: 162326K->804K(194112K)] 269725K->108397K(881088K), 0.0071350 secs] [Times: user=0.04 sys=0.00, real=0.01 secs] 
2014-07-08T13:35:28.878+0000: 2133.964: [GC [PSYoungGen: 194084K->1390K(190592K)] 301677K->109007K(877568K), 0.0046330 secs] [Times: user=0.03 sys=0.01, real=0.00 secs] 
2014-07-08T13:35:31.643+0000: 2136.729: [GC [PSYoungGen: 190574K->1144K(186368K)] 298191K->108875K(873344K), 0.0066290 secs] [Times: user=0.03 sys=0.00, real=0.01 secs] 
2014-07-08T13:35:34.178+0000: 2139.264: [GC [PSYoungGen: 186341K->1266K(182656K)] 294073K->109013K(869632K), 0.0028490 secs] [Times: user=0.02 sys=0.00, real=0.00 secs] 
2014-07-08T13:35:44.606+0000: 2149.692: [GC [PSYoungGen: 182642K->953K(178624K)] 290389K->109069K(865600K), 0.0056240 secs] [Times: user=0.03 sys=0.01, real=0.00 secs] 
2014-07-08T13:35:50.358+0000: 2155.444: [GC [PSYoungGen: 178524K->1241K(175360K)] 286641K->109390K(862336K), 0.0112800 secs] [Times: user=0.07 sys=0.00, real=0.01 secs] 
2014-07-08T13:35:50.665+0000: 2155.751: [GC [PSYoungGen: 175321K->964K(171648K)] 283470K->109200K(858624K), 0.0041810 secs] [Times: user=0.02 sys=0.00, real=0.01 secs] 
2014-07-08T13:35:50.968+0000: 2156.054: [GC [PSYoungGen: 171581K->882K(168128K)] 279818K->109182K(855104K), 0.0043760 secs] [Times: user=0.03 sys=0.01, real=0.00 secs] 
2014-07-08T13:35:51.717+0000: 2156.803: [GC [PSYoungGen: 168114K->1322K(165312K)] 276414K->109703K(852288K), 0.0058770 secs] [Times: user=0.04 sys=0.01, real=0.00 secs] 
2014-07-08T13:35:54.325+0000: 2159.411: [GC [PSYoungGen: 165290K->1180K(162048K)] 273671K->109584K(849024K), 0.0059980 secs] [Times: user=0.03 sys=0.00, real=0.01 secs] 
2014-07-08T13:35:57.187+0000: 2162.273: [GC [PSYoungGen: 162012K->818K(158592K)] 270416K->109573K(845568K), 0.0087910 secs] [Times: user=0.04 sys=0.00, real=0.01 secs] 
2014-07-08T13:35:59.864+0000: 2164.950: [GC [PSYoungGen: 158578K->1472K(156352K)] 267333K->110259K(843328K), 0.0102160 secs] [Times: user=0.06 sys=0.00, real=0.01 secs] 
2014-07-08T13:36:20.600+0000: 2185.686: [GC [PSYoungGen: 156276K->864K(152832K)] 265063K->109923K(839808K), 0.0106960 secs] [Times: user=0.07 sys=0.00, real=0.01 secs] 
2014-07-08T13:36:36.615+0000: 2201.701: [GC [PSYoungGen: 152798K->1270K(150400K)] 261857K->110393K(837376K), 0.0045850 secs] [Times: user=0.02 sys=0.01, real=0.00 secs] 
2014-07-08T13:36:36.842+0000: 2201.928: [GC [PSYoungGen: 150390K->1187K(147648K)] 259513K->110708K(834624K), 0.0031910 secs] [Times: user=0.02 sys=0.00, real=0.01 secs] 
2014-07-08T13:36:37.088+0000: 2202.174: [GC [PSYoungGen: 147619K->1497K(145344K)] 257140K->111089K(832320K), 0.0041960 secs] [Times: user=0.03 sys=0.00, real=0.00 secs] 
2014-07-08T13:36:37.337+0000: 2202.423: [GC [PSYoungGen: 145305K->740K(173376K)] 254897K->110516K(860352K), 0.0044500 secs] [Times: user=0.03 sys=0.00, real=0.00 secs] 
2014-07-08T13:36:38.023+0000: 2203.109: [GC [PSYoungGen: 173348K->1592K(195072K)] 283124K->111433K(882048K), 0.0062640 secs] [Times: user=0.03 sys=0.01, real=0.01 secs] 
2014-07-08T13:36:41.291+0000: 2206.378: [GC [PSYoungGen: 194872K->1685K(190912K)] 304713K->111549K(877888K), 0.0237270 secs] [Times: user=0.18 sys=0.01, real=0.03 secs] 
2014-07-08T13:36:44.415+0000: 2209.501: [GC [PSYoungGen: 190869K->1294K(186560K)] 300733K->111158K(873536K), 0.0044920 secs] [Times: user=0.03 sys=0.00, real=0.00 secs] 
2014-07-08T13:36:46.847+0000: 2211.933: [GC [PSYoungGen: 186510K->804K(182208K)] 296374K->111064K(869184K), 0.0079310 secs] [Times: user=0.05 sys=0.00, real=0.01 secs] 
2014-07-08T13:36:57.783+0000: 2222.869: [GC [PSYoungGen: 182180K->1508K(179200K)] 292440K->111793K(866176K), 0.0041850 secs] [Times: user=0.02 sys=0.00, real=0.01 secs] 
2014-07-08T13:36:58.080+0000: 2223.166: [GC [PSYoungGen: 179172K->1112K(175232K)] 289457K->111711K(862208K), 0.0033460 secs] [Times: user=0.01 sys=0.00, real=0.00 secs] 
2014-07-08T13:36:58.378+0000: 2223.465: [GC [PSYoungGen: 175192K->1038K(171712K)] 285791K->111701K(858688K), 0.0061720 secs] [Times: user=0.03 sys=0.00, real=0.00 secs] 
2014-07-08T13:36:59.410+0000: 2224.496: [GC [PSYoungGen: 171662K->1038K(168320K)] 282325K->111733K(855296K), 0.0054720 secs] [Times: user=0.03 sys=0.00, real=0.00 secs] 
2014-07-08T13:37:02.192+0000: 2227.278: [GC [PSYoungGen: 168270K->1134K(165120K)] 278965K->111829K(852096K), 0.0058400 secs] [Times: user=0.02 sys=0.01, real=0.00 secs] 
2014-07-08T13:37:03.393+0000: 2228.479: [GC [PSYoungGen: 165102K->722K(161600K)] 275797K->111448K(848576K), 0.0038550 secs] [Times: user=0.01 sys=0.01, real=0.00 secs] 
2014-07-08T13:37:34.810+0000: 2259.896: [GC [PSYoungGen: 161554K->890K(158656K)] 272280K->111616K(845632K), 0.0038370 secs] [Times: user=0.02 sys=0.00, real=0.01 secs] 
2014-07-08T13:37:35.085+0000: 2260.171: [GC [PSYoungGen: 158650K->1376K(156224K)] 269376K->112199K(843200K), 0.0028530 secs] [Times: user=0.02 sys=0.00, real=0.00 secs] 
2014-07-08T13:37:35.328+0000: 2260.414: [GC [PSYoungGen: 156192K->1144K(153088K)] 267015K->112023K(840064K), 0.0037200 secs] [Times: user=0.02 sys=0.00, real=0.00 secs] 
2014-07-08T13:37:35.599+0000: 2260.685: [GC [PSYoungGen: 153080K->1188K(183552K)] 263959K->112122K(870528K), 0.0049950 secs] [Times: user=0.03 sys=0.00, real=0.01 secs] 
2014-07-08T13:37:36.307+0000: 2261.393: [GC [PSYoungGen: 183524K->946K(200512K)] 294458K->111920K(887488K), 0.0084530 secs] [Times: user=0.06 sys=0.00, real=0.01 secs] 
2014-07-08T13:37:39.436+0000: 2264.522: [GC [PSYoungGen: 199730K->1224K(195776K)] 310704K->112198K(882752K), 0.0058850 secs] [Times: user=0.03 sys=0.00, real=0.00 secs] 
2014-07-08T13:37:46.949+0000: 2272.035: [GC [PSYoungGen: 195720K->1110K(191488K)] 306694K->112100K(878464K), 0.0055490 secs] [Times: user=0.03 sys=0.00, real=0.01 secs] 
2014-07-08T13:38:13.651+0000: 2298.738: [GC [PSYoungGen: 191446K->1018K(187328K)] 302436K->112040K(874304K), 0.0034590 secs] [Times: user=0.02 sys=0.00, real=0.00 secs] 
2014-07-08T13:38:13.942+0000: 2299.028: [GC [PSYoungGen: 187322K->1120K(183552K)] 298344K->112230K(870528K), 0.0050210 secs] [Times: user=0.03 sys=0.00, real=0.00 secs] 
2014-07-08T13:38:14.271+0000: 2299.357: [GC [PSYoungGen: 183520K->1212K(179840K)] 294630K->112475K(866816K), 0.0026750 secs] [Times: user=0.01 sys=0.00, real=0.00 secs] 
2014-07-08T13:38:15.142+0000: 2300.228: [GC [PSYoungGen: 179836K->1078K(176064K)] 291099K->112404K(863040K), 0.0069860 secs] [Times: user=0.04 sys=0.00, real=0.01 secs] 
2014-07-08T13:38:18.127+0000: 2303.213: [GC [PSYoungGen: 176054K->956K(172416K)] 287380K->112346K(859392K), 0.0028590 secs] [Times: user=0.01 sys=0.00, real=0.01 secs] 
2014-07-08T13:38:20.912+0000: 2305.998: [GC [PSYoungGen: 172412K->1304K(169408K)] 283802K->112711K(856384K), 0.0036460 secs] [Times: user=0.02 sys=0.00, real=0.00 secs] 
2014-07-08T13:38:23.681+0000: 2308.767: [GC [PSYoungGen: 169339K->956K(165760K)] 280746K->112522K(852736K), 0.0054580 secs] [Times: user=0.03 sys=0.00, real=0.00 secs] 
2014-07-08T13:38:26.499+0000: 2311.585: [GC [PSYoungGen: 165756K->1428K(163072K)] 277322K->113027K(850048K), 0.0041070 secs] [Times: user=0.02 sys=0.00, real=0.01 secs] 
2014-07-08T13:38:29.221+0000: 2314.307: [GC [PSYoungGen: 162982K->822K(159360K)] 274581K->112582K(846336K), 0.0028540 secs] [Times: user=0.02 sys=0.00, real=0.00 secs] 
2014-07-08T13:38:31.648+0000: 2316.734: [GC [PSYoungGen: 159350K->1180K(156736K)] 271110K->112989K(843712K), 0.0084930 secs] [Times: user=0.05 sys=0.01, real=0.01 secs] 
2014-07-08T13:38:34.475+0000: 2319.561: [GC [PSYoungGen: 156700K->1194K(153856K)] 268509K->113231K(840832K), 0.0035540 secs] [Times: user=0.01 sys=0.00, real=0.00 secs] 
2014-07-08T13:38:36.929+0000: 2322.015: [GC [PSYoungGen: 153834K->1589K(151424K)] 265871K->113641K(838400K), 0.0084880 secs] [Times: user=0.06 sys=0.00, real=0.01 secs] 
2014-07-08T13:38:39.445+0000: 2324.532: [GC [PSYoungGen: 151413K->576K(147648K)] 263465K->113159K(834624K), 0.0029540 secs] [Times: user=0.02 sys=0.00, real=0.00 secs] 
2014-07-08T13:38:41.799+0000: 2326.885: [GC [PSYoungGen: 147615K->1412K(145920K)] 260198K->114035K(832896K), 0.0052970 secs] [Times: user=0.03 sys=0.00, real=0.01 secs] 
2014-07-08T13:38:43.794+0000: 2328.880: [GC [PSYoungGen: 145860K->924K(142848K)] 258483K->113595K(829824K), 0.0045500 secs] [Times: user=0.03 sys=0.01, real=0.00 secs] 
2014-07-08T13:38:44.194+0000: 2329.280: [GC [PSYoungGen: 142812K->900K(140352K)] 255483K->113619K(827328K), 0.0037580 secs] [Times: user=0.02 sys=0.00, real=0.00 secs] 
2014-07-08T13:38:45.895+0000: 2330.981: [GC [PSYoungGen: 140292K->1234K(138240K)] 253011K->113985K(825216K), 0.0051610 secs] [Times: user=0.03 sys=0.00, real=0.00 secs] 
2014-07-08T13:38:48.310+0000: 2333.396: [GC [PSYoungGen: 138173K->1720K(136320K)] 250924K->114495K(823296K), 0.0081630 secs] [Times: user=0.03 sys=0.00, real=0.01 secs] 
2014-07-08T13:38:50.737+0000: 2335.823: [GC [PSYoungGen: 136312K->498K(132800K)] 249087K->113723K(819776K), 0.0075810 secs] [Times: user=0.05 sys=0.01, real=0.01 secs] 
2014-07-08T13:38:53.048+0000: 2338.134: [GC [PSYoungGen: 132785K->1460K(131520K)] 246010K->114701K(818496K), 0.0061850 secs] [Times: user=0.04 sys=0.01, real=0.01 secs] 
2014-07-08T13:38:55.555+0000: 2340.642: [GC [PSYoungGen: 131508K->1174K(129088K)] 244749K->114811K(816064K), 0.0096930 secs] [Times: user=0.06 sys=0.00, real=0.01 secs] 
2014-07-08T13:38:57.574+0000: 2342.660: [GC [PSYoungGen: 129003K->1472K(127296K)] 242640K->115165K(814272K), 0.0098090 secs] [Times: user=0.05 sys=0.00, real=0.01 secs] 
2014-07-08T13:38:59.809+0000: 2344.895: [GC [PSYoungGen: 127206K->1010K(124736K)] 240900K->115274K(811712K), 0.0151700 secs] [Times: user=0.09 sys=0.00, real=0.01 secs] 
2014-07-08T13:39:01.935+0000: 2347.021: [GC [PSYoungGen: 124722K->1674K(123456K)] 238986K->115994K(810432K), 0.0094380 secs] [Times: user=0.06 sys=0.01, real=0.01 secs] 
2014-07-08T13:39:03.809+0000: 2348.895: [GC [PSYoungGen: 123402K->1138K(120960K)] 237722K->115664K(807936K), 0.0030350 secs] [Times: user=0.02 sys=0.00, real=0.00 secs] 
2014-07-08T13:39:05.967+0000: 2351.054: [GC [PSYoungGen: 120946K->1316K(119296K)] 235472K->115898K(806272K), 0.0052430 secs] [Times: user=0.04 sys=0.00, real=0.00 secs] 
2014-07-08T13:39:07.822+0000: 2352.908: [GC [PSYoungGen: 119227K->1508K(117696K)] 233809K->116170K(804672K), 0.0058840 secs] [Times: user=0.03 sys=0.00, real=0.01 secs] 
2014-07-08T13:39:09.850+0000: 2354.936: [GC [PSYoungGen: 117668K->1322K(115712K)] 232329K->116016K(802688K), 0.0086720 secs] [Times: user=0.03 sys=0.00, real=0.01 secs] 
2014-07-08T13:39:11.632+0000: 2356.718: [GC [PSYoungGen: 115690K->964K(113664K)] 230384K->115673K(800640K), 0.0063140 secs] [Times: user=0.04 sys=0.00, real=0.01 secs] 
2014-07-08T13:39:13.266+0000: 2358.352: [GC [PSYoungGen: 113560K->1212K(112192K)] 228269K->115978K(799168K), 0.0093310 secs] [Times: user=0.06 sys=0.00, real=0.01 secs] 
2014-07-08T13:39:15.162+0000: 2360.248: [GC [PSYoungGen: 112188K->1330K(110656K)] 226954K->116152K(797632K), 0.0049930 secs] [Times: user=0.02 sys=0.00, real=0.00 secs] 
2014-07-08T13:39:17.097+0000: 2362.183: [GC [PSYoungGen: 110642K->1348K(109120K)] 225464K->116193K(796096K), 0.0135680 secs] [Times: user=0.08 sys=0.01, real=0.02 secs] 
2014-07-08T13:39:18.895+0000: 2363.981: [GC [PSYoungGen: 109060K->886K(107072K)] 223905K->116040K(794048K), 0.0119080 secs] [Times: user=0.06 sys=0.01, real=0.01 secs] 
2014-07-08T13:39:20.784+0000: 2365.871: [GC [PSYoungGen: 107062K->1070K(105728K)] 222216K->116264K(792704K), 0.0056550 secs] [Times: user=0.04 sys=0.00, real=0.01 secs] 
2014-07-08T13:39:22.656+0000: 2367.742: [GC [PSYoungGen: 105708K->1290K(104512K)] 220903K->116525K(791488K), 0.0042720 secs] [Times: user=0.02 sys=0.00, real=0.01 secs] 
2014-07-08T13:39:24.078+0000: 2369.164: [GC [PSYoungGen: 104458K->1010K(102720K)] 219693K->116300K(789696K), 0.0040760 secs] [Times: user=0.01 sys=0.00, real=0.01 secs] 
2014-07-08T13:39:25.775+0000: 2370.861: [GC [PSYoungGen: 102706K->914K(101248K)] 217996K->116244K(788224K), 0.0033310 secs] [Times: user=0.01 sys=0.00, real=0.00 secs] 
2014-07-08T13:39:27.133+0000: 2372.219: [GC [PSYoungGen: 101202K->1298K(100288K)] 216532K->116700K(787264K), 0.0038770 secs] [Times: user=0.03 sys=0.00, real=0.00 secs] 
2014-07-08T13:39:28.886+0000: 2373.972: [GC [PSYoungGen: 100242K->1191K(98816K)] 215644K->116869K(785792K), 0.0045160 secs] [Times: user=0.03 sys=0.00, real=0.01 secs] 
2014-07-08T13:39:30.316+0000: 2375.402: [GC [PSYoungGen: 98791K->1398K(97728K)] 214469K->117132K(784704K), 0.0091730 secs] [Times: user=0.05 sys=0.00, real=0.01 secs] 
2014-07-08T13:39:31.691+0000: 2376.777: [GC [PSYoungGen: 97718K->878K(95936K)] 213452K->116824K(782912K), 0.0052130 secs] [Times: user=0.01 sys=0.00, real=0.00 secs] 
2014-07-08T13:39:33.078+0000: 2378.164: [GC [PSYoungGen: 95918K->1625K(95424K)] 211864K->117627K(782400K), 0.0042650 secs] [Times: user=0.02 sys=0.00, real=0.01 secs] 
2014-07-08T13:39:34.438+0000: 2379.524: [GC [PSYoungGen: 95385K->950K(93504K)] 211387K->117370K(780480K), 0.0061150 secs] [Times: user=0.04 sys=0.00, real=0.01 secs] 
2014-07-08T13:39:35.787+0000: 2380.873: [GC [PSYoungGen: 93493K->1678K(93056K)] 209914K->118147K(780032K), 0.0069580 secs] [Times: user=0.04 sys=0.00, real=0.01 secs] 
2014-07-08T13:39:36.997+0000: 2382.083: [GC [PSYoungGen: 93006K->954K(91136K)] 209475K->117893K(778112K), 0.0099120 secs] [Times: user=0.07 sys=0.00, real=0.01 secs] 
2014-07-08T13:39:38.264+0000: 2383.350: [GC [PSYoungGen: 91130K->1362K(90432K)] 208069K->118365K(777408K), 0.0061320 secs] [Times: user=0.03 sys=0.00, real=0.00 secs] 
2014-07-08T13:39:39.672+0000: 2384.758: [GC [PSYoungGen: 90386K->1092K(89088K)] 207389K->118135K(776064K), 0.0085250 secs] [Times: user=0.04 sys=0.00, real=0.00 secs] 
2014-07-08T13:39:40.724+0000: 2385.810: [GC [PSYoungGen: 89027K->1532K(88384K)] 206071K->118664K(775360K), 0.0039900 secs] [Times: user=0.02 sys=0.00, real=0.00 secs] 
2014-07-08T13:39:41.595+0000: 2386.681: [GC [PSYoungGen: 88380K->1058K(86848K)] 205512K->118626K(773824K), 0.0054940 secs] [Times: user=0.03 sys=0.01, real=0.00 secs] 
2014-07-08T13:39:42.910+0000: 2387.996: [GC [PSYoungGen: 86818K->1210K(85952K)] 204386K->118833K(772928K), 0.0084160 secs] [Times: user=0.05 sys=0.00, real=0.01 secs] 
2014-07-08T13:39:44.149+0000: 2389.235: [GC [PSYoungGen: 85946K->1352K(85120K)] 203569K->119121K(772096K), 0.0058760 secs] [Times: user=0.03 sys=0.00, real=0.01 secs] 
2014-07-08T13:39:45.322+0000: 2390.408: [GC [PSYoungGen: 85064K->1352K(84096K)] 202833K->119161K(771072K), 0.0039760 secs] [Times: user=0.02 sys=0.00, real=0.00 secs] 
2014-07-08T13:39:46.501+0000: 2391.587: [GC [PSYoungGen: 84040K->818K(82560K)] 201849K->118861K(769536K), 0.0031540 secs] [Times: user=0.02 sys=0.00, real=0.01 secs] 
2014-07-08T13:39:47.641+0000: 2392.727: [GC [PSYoungGen: 82546K->1546K(82368K)] 200589K->119670K(769344K), 0.0059150 secs] [Times: user=0.04 sys=0.00, real=0.01 secs] 
2014-07-08T13:39:48.802+0000: 2393.888: [GC [PSYoungGen: 82314K->1208K(81024K)] 200438K->119404K(768000K), 0.0036540 secs] [Times: user=0.02 sys=0.00, real=0.01 secs] 
2014-07-08T13:39:49.864+0000: 2394.950: [GC [PSYoungGen: 80998K->1720K(80640K)] 199194K->120012K(767616K), 0.0052520 secs] [Times: user=0.03 sys=0.01, real=0.00 secs] 
2014-07-08T13:39:50.895+0000: 2395.981: [GC [PSYoungGen: 80632K->678K(78720K)] 198924K->120204K(765696K), 0.0088090 secs] [Times: user=0.06 sys=0.00, real=0.01 secs] 
2014-07-08T13:39:51.956+0000: 2397.042: [GC [PSYoungGen: 78682K->1890K(79040K)] 198209K->121480K(766016K), 0.0054600 secs] [Times: user=0.03 sys=0.00, real=0.00 secs] 
2014-07-08T13:39:52.996+0000: 2398.082: [GC [PSYoungGen: 79010K->928K(77248K)] 198600K->120756K(764224K), 0.0031860 secs] [Times: user=0.01 sys=0.00, real=0.00 secs] 
2014-07-08T13:39:53.997+0000: 2399.083: [GC [PSYoungGen: 77216K->1302K(76800K)] 197044K->121178K(763776K), 0.0050120 secs] [Times: user=0.03 sys=0.00, real=0.00 secs] 
2014-07-08T13:39:55.099+0000: 2400.185: [GC [PSYoungGen: 76758K->1230K(75904K)] 196634K->121187K(762880K), 0.0048940 secs] [Times: user=0.03 sys=0.00, real=0.01 secs] 
2014-07-08T13:39:56.175+0000: 2401.261: [GC [PSYoungGen: 75852K->1394K(75200K)] 195808K->121374K(762176K), 0.0196130 secs] [Times: user=0.12 sys=0.00, real=0.02 secs] 
2014-07-08T13:39:57.187+0000: 2402.273: [GC [PSYoungGen: 75185K->1216K(74304K)] 195165K->121244K(761280K), 0.0096050 secs] [Times: user=0.05 sys=0.01, real=0.01 secs] 
2014-07-08T13:39:58.253+0000: 2403.339: [GC [PSYoungGen: 74238K->1248K(73536K)] 194266K->121340K(760512K), 0.0075120 secs] [Times: user=0.05 sys=0.00, real=0.01 secs] 
2014-07-08T13:39:59.240+0000: 2404.326: [GC [PSYoungGen: 73504K->1354K(72896K)] 193596K->121503K(759872K), 0.0062470 secs] [Times: user=0.04 sys=0.00, real=0.01 secs] 
2014-07-08T13:40:00.226+0000: 2405.312: [GC [PSYoungGen: 72794K->1252K(72000K)] 192943K->121432K(758976K), 0.0044020 secs] [Times: user=0.02 sys=0.00, real=0.00 secs] 
2014-07-08T13:40:01.193+0000: 2406.279: [GC [PSYoungGen: 71972K->1184K(71232K)] 192152K->121500K(758208K), 0.0056330 secs] [Times: user=0.04 sys=0.00, real=0.01 secs] 
2014-07-08T13:40:02.105+0000: 2407.191: [GC [PSYoungGen: 71200K->1582K(70912K)] 191516K->121955K(757888K), 0.0062430 secs] [Times: user=0.03 sys=0.01, real=0.01 secs] 
2014-07-08T13:40:03.054+0000: 2408.140: [GC [PSYoungGen: 70894K->950K(69568K)] 191267K->121778K(756544K), 0.0046400 secs] [Times: user=0.02 sys=0.01, real=0.01 secs] 
2014-07-08T13:40:03.972+0000: 2409.058: [GC [PSYoungGen: 69558K->1562K(69504K)] 190386K->122455K(756480K), 0.0083830 secs] [Times: user=0.05 sys=0.01, real=0.01 secs] 
2014-07-08T13:40:04.923+0000: 2410.009: [GC [PSYoungGen: 69442K->1214K(68416K)] 190335K->122170K(755392K), 0.0047440 secs] [Times: user=0.03 sys=0.00, real=0.01 secs] 
2014-07-08T13:40:05.843+0000: 2410.929: [GC [PSYoungGen: 68389K->1500K(68096K)] 189346K->122513K(755072K), 0.0032440 secs] [Times: user=0.02 sys=0.00, real=0.01 secs] 
2014-07-08T13:40:06.706+0000: 2411.792: [GC [PSYoungGen: 68060K->1006K(66944K)] 189073K->122365K(753920K), 0.0059980 secs] [Times: user=0.03 sys=0.00, real=0.01 secs] 
2014-07-08T13:40:07.592+0000: 2412.678: [GC [PSYoungGen: 66926K->1452K(66752K)] 188285K->122866K(753728K), 0.0039550 secs] [Times: user=0.01 sys=0.00, real=0.01 secs] 
2014-07-08T13:40:08.454+0000: 2413.540: [GC [PSYoungGen: 66707K->1134K(65792K)] 188122K->122697K(752768K), 0.0102840 secs] [Times: user=0.05 sys=0.00, real=0.01 secs] 
2014-07-08T13:40:09.429+0000: 2414.515: [GC [PSYoungGen: 65774K->1618K(65664K)] 187337K->123277K(752640K), 0.0082840 secs] [Times: user=0.05 sys=0.00, real=0.01 secs] 
2014-07-08T13:40:10.267+0000: 2415.354: [GC [PSYoungGen: 65618K->804K(64256K)] 187277K->122664K(751232K), 0.0066390 secs] [Times: user=0.04 sys=0.00, real=0.00 secs] 
2014-07-08T13:40:11.215+0000: 2416.301: [GC [PSYoungGen: 64228K->1292K(64192K)] 186088K->123193K(751168K), 0.0039680 secs] [Times: user=0.02 sys=0.00, real=0.01 secs] 
2014-07-08T13:40:12.116+0000: 2417.202: [GC [PSYoungGen: 64122K->1270K(63552K)] 186023K->123292K(750528K), 0.0045370 secs] [Times: user=0.03 sys=0.00, real=0.01 secs] 
2014-07-08T13:40:12.997+0000: 2418.083: [GC [PSYoungGen: 63542K->1160K(62912K)] 185564K->123222K(749888K), 0.0042520 secs] [Times: user=0.02 sys=0.00, real=0.00 secs] 
2014-07-08T13:40:13.692+0000: 2418.778: [GC [PSYoungGen: 62856K->1134K(62272K)] 184918K->123433K(749248K), 0.0028520 secs] [Times: user=0.02 sys=0.00, real=0.00 secs] 
2014-07-08T13:40:14.456+0000: 2419.542: [GC [PSYoungGen: 62231K->1696K(62272K)] 184530K->124083K(749248K), 0.0072250 secs] [Times: user=0.04 sys=0.00, real=0.01 secs] 
2014-07-08T13:40:15.174+0000: 2420.260: [GC [PSYoungGen: 62221K->758K(60800K)] 184608K->123477K(747776K), 0.0026270 secs] [Times: user=0.01 sys=0.00, real=0.00 secs] 
2014-07-08T13:40:16.007+0000: 2421.093: [GC [PSYoungGen: 60790K->1850K(61376K)] 183509K->124634K(748352K), 0.0071970 secs] [Times: user=0.04 sys=0.00, real=0.01 secs] 
2014-07-08T13:40:16.811+0000: 2421.897: [GC [PSYoungGen: 61370K->1141K(60160K)] 184154K->124407K(747136K), 0.0124720 secs] [Times: user=0.08 sys=0.00, real=0.01 secs] 
2014-07-08T13:40:17.562+0000: 2422.648: [GC [PSYoungGen: 60149K->1668K(72576K)] 183415K->124991K(759552K), 0.0147750 secs] [Times: user=0.11 sys=0.00, real=0.02 secs] 
2014-07-08T13:40:18.463+0000: 2423.549: [GC [PSYoungGen: 72516K->1106K(71296K)] 195839K->124500K(758272K), 0.0042430 secs] [Times: user=0.02 sys=0.00, real=0.01 secs] 
2014-07-08T13:40:19.332+0000: 2424.418: [GC [PSYoungGen: 71250K->1010K(70464K)] 194644K->124468K(757440K), 0.0042980 secs] [Times: user=0.03 sys=0.00, real=0.00 secs] 
2014-07-08T13:40:20.185+0000: 2425.271: [GC [PSYoungGen: 70417K->1384K(70144K)] 193875K->124890K(757120K), 0.0057440 secs] [Times: user=0.03 sys=0.00, real=0.01 secs] 
2014-07-08T13:40:21.071+0000: 2426.157: [GC [PSYoungGen: 70119K->1340K(69376K)] 193626K->124911K(756352K), 0.0063590 secs] [Times: user=0.03 sys=0.00, real=0.00 secs] 
2014-07-08T13:40:21.973+0000: 2427.060: [GC [PSYoungGen: 69372K->1252K(68608K)] 192943K->124878K(755584K), 0.0110380 secs] [Times: user=0.06 sys=0.00, real=0.01 secs] 
2014-07-08T13:40:22.902+0000: 2427.988: [GC [PSYoungGen: 68580K->1404K(68096K)] 192206K->125079K(755072K), 0.0095900 secs] [Times: user=0.05 sys=0.00, real=0.01 secs] 
2014-07-08T13:40:23.921+0000: 2429.007: [GC [PSYoungGen: 68092K->1202K(67264K)] 191767K->125028K(754240K), 0.0047200 secs] [Times: user=0.02 sys=0.00, real=0.00 secs] 
2014-07-08T13:40:24.863+0000: 2429.950: [GC [PSYoungGen: 67250K->1603K(67072K)] 191076K->125525K(754048K), 0.0035390 secs] [Times: user=0.02 sys=0.00, real=0.00 secs] 
2014-07-08T13:40:25.838+0000: 2430.924: [GC [PSYoungGen: 67011K->864K(65664K)] 190933K->124988K(752640K), 0.0037840 secs] [Times: user=0.02 sys=0.00, real=0.01 secs] 
2014-07-08T13:40:26.768+0000: 2431.854: [GC [PSYoungGen: 65631K->1310K(65472K)] 189755K->125490K(752448K), 0.0029470 secs] [Times: user=0.01 sys=0.00, real=0.01 secs] 
2014-07-08T13:40:27.698+0000: 2432.784: [GC [PSYoungGen: 65438K->1510K(65088K)] 189618K->125905K(752064K), 0.0051350 secs] [Times: user=0.03 sys=0.00, real=0.01 secs] 
2014-07-08T13:40:28.658+0000: 2433.744: [GC [PSYoungGen: 65056K->1070K(64064K)] 189450K->125520K(751040K), 0.0054190 secs] [Times: user=0.03 sys=0.00, real=0.01 secs] 
2014-07-08T13:40:29.530+0000: 2434.616: [GC [PSYoungGen: 64046K->1262K(63680K)] 188496K->125995K(750656K), 0.0066560 secs] [Times: user=0.04 sys=0.00, real=0.00 secs] 
2014-07-08T13:40:30.281+0000: 2435.368: [GC [PSYoungGen: 63662K->1366K(63232K)] 188395K->126155K(750208K), 0.0075390 secs] [Times: user=0.05 sys=0.00, real=0.01 secs] 
2014-07-08T13:40:31.056+0000: 2436.142: [GC [PSYoungGen: 63162K->1184K(62464K)] 187951K->126521K(749440K), 0.0074530 secs] [Times: user=0.04 sys=0.01, real=0.01 secs] 
2014-07-08T13:40:31.950+0000: 2437.036: [GC [PSYoungGen: 62432K->1330K(62016K)] 187769K->126773K(748992K), 0.0034120 secs] [Times: user=0.02 sys=0.00, real=0.01 secs] 
2014-07-08T13:40:32.778+0000: 2437.864: [GC [PSYoungGen: 61964K->1384K(61504K)] 187407K->127007K(748480K), 0.0030450 secs] [Times: user=0.02 sys=0.00, real=0.01 secs] 
2014-07-08T13:40:33.580+0000: 2438.666: [GC [PSYoungGen: 61480K->1458K(61056K)] 187103K->127121K(748032K), 0.0067620 secs] [Times: user=0.04 sys=0.00, real=0.00 secs] 
2014-07-08T13:40:34.386+0000: 2439.472: [GC [PSYoungGen: 61042K->1010K(60096K)] 186705K->127035K(747072K), 0.0065240 secs] [Times: user=0.03 sys=0.00, real=0.01 secs] 
2014-07-08T13:40:35.212+0000: 2440.298: [GC [PSYoungGen: 60082K->1334K(59904K)] 186107K->127415K(746880K), 0.0046110 secs] [Times: user=0.03 sys=0.00, real=0.00 secs] 
2014-07-08T13:40:35.998+0000: 2441.084: [GC [PSYoungGen: 59868K->1401K(59456K)] 185949K->127718K(746432K), 0.0073740 secs] [Times: user=0.04 sys=0.00, real=0.01 secs] 
2014-07-08T13:40:36.749+0000: 2441.835: [GC [PSYoungGen: 59449K->1390K(58944K)] 185766K->127771K(745920K), 0.0059990 secs] [Times: user=0.03 sys=0.00, real=0.01 secs] 
2014-07-08T13:40:37.522+0000: 2442.608: [GC [PSYoungGen: 58926K->928K(57984K)] 185307K->127689K(744960K), 0.0058660 secs] [Times: user=0.03 sys=0.00, real=0.00 secs] 
2014-07-08T13:40:38.274+0000: 2443.360: [GC [PSYoungGen: 57952K->1184K(57728K)] 184713K->128001K(744704K), 0.0039870 secs] [Times: user=0.01 sys=0.00, real=0.00 secs] 
2014-07-08T13:40:39.022+0000: 2444.109: [GC [PSYoungGen: 57696K->1208K(57280K)] 184513K->128155K(744256K), 0.0075440 secs] [Times: user=0.05 sys=0.01, real=0.00 secs] 
2014-07-08T13:40:39.888+0000: 2444.974: [GC [PSYoungGen: 57272K->1348K(57024K)] 184219K->128351K(744000K), 0.0062660 secs] [Times: user=0.03 sys=0.00, real=0.01 secs] 
2014-07-08T13:40:40.639+0000: 2445.725: [GC [PSYoungGen: 56964K->1010K(56192K)] 183967K->128101K(743168K), 0.0063810 secs] [Times: user=0.04 sys=0.00, real=0.01 secs] 
2014-07-08T13:40:41.320+0000: 2446.406: [GC [PSYoungGen: 56137K->1736K(56512K)] 183229K->128907K(743488K), 0.0032740 secs] [Times: user=0.02 sys=0.01, real=0.01 secs] 
2014-07-08T13:40:42.151+0000: 2447.237: [GC [PSYoungGen: 56456K->804K(55104K)] 183627K->128273K(742080K), 0.0033590 secs] [Times: user=0.01 sys=0.01, real=0.00 secs] 
2014-07-08T13:40:42.769+0000: 2447.855: [GC [PSYoungGen: 55076K->1304K(55168K)] 182545K->128845K(742144K), 0.0043520 secs] [Times: user=0.03 sys=0.00, real=0.01 secs] 
2014-07-08T13:40:43.550+0000: 2448.636: [GC [PSYoungGen: 55128K->1110K(54528K)] 182669K->128715K(741504K), 0.0069730 secs] [Times: user=0.04 sys=0.00, real=0.01 secs] 
2014-07-08T13:40:44.295+0000: 2449.381: [GC [PSYoungGen: 54485K->1088K(54080K)] 182090K->128725K(741056K), 0.0091860 secs] [Times: user=0.06 sys=0.00, real=0.01 secs] 
2014-07-08T13:40:45.021+0000: 2450.107: [GC [PSYoungGen: 54014K->1344K(53888K)] 181652K->129029K(740864K), 0.0067980 secs] [Times: user=0.04 sys=0.00, real=0.01 secs] 
2014-07-08T13:40:45.835+0000: 2450.921: [GC [PSYoungGen: 53810K->1060K(53184K)] 181495K->128801K(740160K), 0.0092940 secs] [Times: user=0.03 sys=0.00, real=0.01 secs] 
2014-07-08T13:40:46.537+0000: 2451.623: [GC [PSYoungGen: 53156K->1120K(52864K)] 180897K->129187K(739840K), 0.0038710 secs] [Times: user=0.02 sys=0.00, real=0.00 secs] 
2014-07-08T13:40:47.249+0000: 2452.335: [GC [PSYoungGen: 52784K->1482K(52864K)] 180852K->129614K(739840K), 0.0056420 secs] [Times: user=0.03 sys=0.00, real=0.01 secs] 
2014-07-08T13:40:48.032+0000: 2453.118: [GC [PSYoungGen: 52810K->946K(51904K)] 180942K->129394K(738880K), 0.0087710 secs] [Times: user=0.06 sys=0.00, real=0.01 secs] 
2014-07-08T13:40:48.727+0000: 2453.813: [GC [PSYoungGen: 51861K->1775K(62976K)] 180309K->130353K(749952K), 0.0109740 secs] [Times: user=0.07 sys=0.00, real=0.01 secs] 
2014-07-08T13:40:49.560+0000: 2454.646: [GC [PSYoungGen: 62958K->886K(74368K)] 191536K->129926K(761344K), 0.0097760 secs] [Times: user=0.06 sys=0.00, real=0.01 secs] 
2014-07-08T13:40:50.555+0000: 2455.641: [GC [PSYoungGen: 74357K->1480K(74240K)] 203397K->130584K(761216K), 0.0076180 secs] [Times: user=0.05 sys=0.00, real=0.01 secs] 
2014-07-08T13:40:51.405+0000: 2456.491: [GC [PSYoungGen: 74184K->1304K(73280K)] 203288K->130580K(760256K), 0.0044050 secs] [Times: user=0.02 sys=0.00, real=0.00 secs] 
2014-07-08T13:40:52.340+0000: 2457.426: [GC [PSYoungGen: 73240K->1216K(87616K)] 202516K->130532K(774592K), 0.0223380 secs] [Times: user=0.11 sys=0.00, real=0.02 secs] 
2014-07-08T13:40:53.545+0000: 2458.631: [GC [PSYoungGen: 87552K->1148K(104768K)] 216868K->130692K(791744K), 0.0064850 secs] [Times: user=0.03 sys=0.00, real=0.00 secs] 
2014-07-08T13:40:55.255+0000: 2460.341: [GC [PSYoungGen: 104764K->1536K(103744K)] 234308K->131128K(790720K), 0.0066260 secs] [Times: user=0.04 sys=0.01, real=0.00 secs] 
2014-07-08T13:40:56.701+0000: 2461.787: [GC [PSYoungGen: 103680K->864K(101632K)] 233272K->130744K(788608K), 0.0074380 secs] [Times: user=0.05 sys=0.01, real=0.01 secs] 
2014-07-08T13:40:58.167+0000: 2463.254: [GC [PSYoungGen: 101600K->1014K(100352K)] 231480K->130942K(787328K), 0.0039410 secs] [Times: user=0.02 sys=0.00, real=0.00 secs] 
2014-07-08T13:40:59.680+0000: 2464.767: [GC [PSYoungGen: 100342K->914K(98944K)] 230270K->130964K(785920K), 0.0037660 secs] [Times: user=0.02 sys=0.00, real=0.01 secs] 
2014-07-08T13:41:01.093+0000: 2466.179: [GC [PSYoungGen: 98898K->946K(97600K)] 228948K->131044K(784576K), 0.0101880 secs] [Times: user=0.06 sys=0.00, real=0.01 secs] 
2014-07-08T13:41:02.217+0000: 2467.303: [GC [PSYoungGen: 97584K->1358K(96768K)] 227683K->131528K(783744K), 0.0050910 secs] [Times: user=0.02 sys=0.00, real=0.00 secs] 
2014-07-08T13:41:03.558+0000: 2468.644: [GC [PSYoungGen: 96718K->1426K(95552K)] 226888K->131652K(782528K), 0.0105950 secs] [Times: user=0.05 sys=0.00, real=0.01 secs] 
2014-07-08T13:41:04.885+0000: 2469.971: [GC [PSYoungGen: 95497K->868K(93760K)] 225724K->131432K(780736K), 0.0061030 secs] [Times: user=0.03 sys=0.00, real=0.01 secs] 
2014-07-08T13:41:06.162+0000: 2471.249: [GC [PSYoungGen: 93732K->1774K(93440K)] 224296K->132394K(780416K), 0.0051330 secs] [Times: user=0.02 sys=0.00, real=0.01 secs] 
2014-07-08T13:41:07.429+0000: 2472.515: [GC [PSYoungGen: 93421K->950K(91456K)] 224041K->132325K(778432K), 0.0038310 secs] [Times: user=0.02 sys=0.01, real=0.00 secs] 
2014-07-08T13:41:08.772+0000: 2473.858: [GC [PSYoungGen: 91446K->1188K(90560K)] 222821K->132603K(777536K), 0.0075460 secs] [Times: user=0.04 sys=0.00, real=0.01 secs] 
2014-07-08T13:41:10.002+0000: 2475.088: [GC [PSYoungGen: 90532K->1280K(89600K)] 221947K->132775K(776576K), 0.0036680 secs] [Times: user=0.02 sys=0.00, real=0.01 secs] 
2014-07-08T13:41:20.167+0000: 2485.253: [GC [PSYoungGen: 89536K->466K(87680K)] 221031K->132725K(774656K), 0.0083130 secs] [Times: user=0.04 sys=0.01, real=0.00 secs] 
2014-07-08T13:41:28.356+0000: 2493.442: [GC [PSYoungGen: 87601K->832K(86912K)] 219860K->133091K(773888K), 0.0031020 secs] [Times: user=0.02 sys=0.00, real=0.01 secs] 
2014-07-08T13:41:28.519+0000: 2493.606: [GC [PSYoungGen: 86912K->708K(104064K)] 219171K->133039K(791040K), 0.0077360 secs] [Times: user=0.05 sys=0.00, real=0.00 secs] 
2014-07-08T13:41:28.697+0000: 2493.783: [GC [PSYoungGen: 104004K->1046K(125056K)] 236335K->133433K(812032K), 0.0039130 secs] [Times: user=0.01 sys=0.01, real=0.01 secs] 
2014-07-08T13:41:28.917+0000: 2494.004: [GC [PSYoungGen: 125014K->1050K(133440K)] 257401K->133461K(820416K), 0.0044360 secs] [Times: user=0.03 sys=0.00, real=0.01 secs] 
2014-07-08T13:41:29.161+0000: 2494.247: [GC [PSYoungGen: 132506K->1322K(150720K)] 264917K->133766K(837696K), 0.0033570 secs] [Times: user=0.01 sys=0.01, real=0.00 secs] 
2014-07-08T13:41:29.641+0000: 2494.727: [GC [PSYoungGen: 150080K->1252K(150720K)] 282523K->133727K(837696K), 0.0055720 secs] [Times: user=0.01 sys=0.00, real=0.00 secs] 
2014-07-08T13:41:32.335+0000: 2497.421: [GC [PSYoungGen: 150052K->942K(180416K)] 282527K->133441K(867392K), 0.0037750 secs] [Times: user=0.03 sys=0.00, real=0.00 secs] 
2014-07-08T13:41:32.722+0000: 2497.808: [GC [PSYoungGen: 179463K->1124K(180416K)] 311962K->133711K(867392K), 0.0029070 secs] [Times: user=0.02 sys=0.00, real=0.00 secs] 
2014-07-08T13:41:35.695+0000: 2500.781: [GC [PSYoungGen: 179683K->868K(175808K)] 312271K->133455K(862784K), 0.0056390 secs] [Times: user=0.03 sys=0.00, real=0.01 secs] 
2014-07-08T13:41:38.937+0000: 2504.023: [GC [PSYoungGen: 175780K->1454K(172864K)] 308367K->134042K(859840K), 0.0085070 secs] [Times: user=0.06 sys=0.00, real=0.01 secs] 
2014-07-08T13:41:42.058+0000: 2507.144: [GC [PSYoungGen: 172846K->1124K(169152K)] 305434K->134002K(856128K), 0.0054090 secs] [Times: user=0.02 sys=0.00, real=0.01 secs] 
2014-07-08T13:42:17.272+0000: 2542.358: [GC [PSYoungGen: 169124K->1632K(166400K)] 302002K->134550K(853376K), 0.0151840 secs] [Times: user=0.09 sys=0.00, real=0.02 secs] 
2014-07-08T13:42:24.511+0000: 2549.597: [GC [PSYoungGen: 166368K->932K(162496K)] 299286K->134051K(849472K), 0.0064940 secs] [Times: user=0.04 sys=0.00, real=0.01 secs] 
2014-07-08T13:42:24.781+0000: 2549.867: [GC [PSYoungGen: 162466K->1070K(159552K)] 295586K->134262K(846528K), 0.0054380 secs] [Times: user=0.04 sys=0.00, real=0.00 secs] 
2014-07-08T13:42:25.040+0000: 2550.126: [GC [PSYoungGen: 159534K->1064K(191296K)] 292726K->134327K(878272K), 0.0049660 secs] [Times: user=0.02 sys=0.00, real=0.00 secs] 
2014-07-08T13:42:25.483+0000: 2550.569: [GC [PSYoungGen: 191244K->1234K(211584K)] 324507K->134546K(898560K), 0.0043320 secs] [Times: user=0.03 sys=0.00, real=0.01 secs] 
2014-07-08T13:42:28.429+0000: 2553.515: [GC [PSYoungGen: 211026K->1703K(206848K)] 344338K->135015K(893824K), 0.0044230 secs] [Times: user=0.02 sys=0.00, real=0.00 secs] 
2014-07-08T13:42:31.909+0000: 2556.995: [GC [PSYoungGen: 206823K->1430K(202048K)] 340135K->134742K(889024K), 0.0048630 secs] [Times: user=0.03 sys=0.00, real=0.00 secs] 
2014-07-08T13:42:35.211+0000: 2560.297: [GC [PSYoungGen: 202006K->672K(196928K)] 335318K->134722K(883904K), 0.0046520 secs] [Times: user=0.01 sys=0.00, real=0.00 secs] 
2014-07-08T13:42:38.279+0000: 2563.365: [GC [PSYoungGen: 196896K->1518K(193536K)] 330946K->135593K(880512K), 0.0138180 secs] [Times: user=0.10 sys=0.00, real=0.01 secs] 
2014-07-08T13:42:41.333+0000: 2566.419: [GC [PSYoungGen: 193518K->1340K(189248K)] 327593K->135643K(876224K), 0.0041790 secs] [Times: user=0.03 sys=0.00, real=0.00 secs] 
2014-07-08T13:42:47.625+0000: 2572.711: [GC [PSYoungGen: 189244K->868K(184896K)] 323547K->135194K(871872K), 0.0027790 secs] [Times: user=0.01 sys=0.00, real=0.00 secs] 
2014-07-08T13:42:47.928+0000: 2573.014: [GC [PSYoungGen: 184868K->1212K(181440K)] 319194K->135619K(868416K), 0.0030250 secs] [Times: user=0.02 sys=0.00, real=0.01 secs] 
2014-07-08T13:42:49.159+0000: 2574.245: [GC [PSYoungGen: 181436K->1160K(177792K)] 315843K->135582K(864768K), 0.0180710 secs] [Times: user=0.11 sys=0.00, real=0.02 secs] 
2014-07-08T13:42:52.097+0000: 2577.183: [GC [PSYoungGen: 177731K->1323K(174336K)] 312153K->135754K(861312K), 0.0048060 secs] [Times: user=0.03 sys=0.00, real=0.01 secs] 
2014-07-08T13:42:55.053+0000: 2580.139: [GC [PSYoungGen: 174315K->1198K(170752K)] 308746K->135636K(857728K), 0.0057500 secs] [Times: user=0.03 sys=0.00, real=0.00 secs] 
2014-07-08T13:42:58.039+0000: 2583.125: [GC [PSYoungGen: 170734K->1063K(167296K)] 305172K->136160K(854272K), 0.0099350 secs] [Times: user=0.06 sys=0.00, real=0.01 secs] 
2014-07-08T13:43:01.106+0000: 2586.192: [GC [PSYoungGen: 167271K->1334K(164352K)] 302368K->136463K(851328K), 0.0037670 secs] [Times: user=0.01 sys=0.00, real=0.00 secs] 
2014-07-08T13:43:03.205+0000: 2588.291: [GC [PSYoungGen: 164267K->1316K(161216K)] 299396K->136693K(848192K), 0.0045190 secs] [Times: user=0.02 sys=0.00, real=0.00 secs] 
2014-07-08T13:43:05.385+0000: 2590.471: [GC [PSYoungGen: 161173K->1618K(158528K)] 296550K->137019K(845504K), 0.0119930 secs] [Times: user=0.08 sys=0.01, real=0.01 secs] 
2014-07-08T13:43:07.974+0000: 2593.060: [GC [PSYoungGen: 158482K->874K(154816K)] 293883K->137342K(841792K), 0.0069120 secs] [Times: user=0.05 sys=0.01, real=0.00 secs] 
2014-07-08T13:43:10.670+0000: 2595.756: [GC [PSYoungGen: 154794K->1896K(153024K)] 291262K->138412K(840000K), 0.0057570 secs] [Times: user=0.03 sys=0.00, real=0.01 secs] 
2014-07-08T13:43:13.075+0000: 2598.161: [GC [PSYoungGen: 153000K->1348K(149760K)] 289516K->138086K(836736K), 0.0074860 secs] [Times: user=0.05 sys=0.00, real=0.00 secs] 
2014-07-08T13:43:15.521+0000: 2600.607: [GC [PSYoungGen: 149665K->1302K(147008K)] 286403K->138040K(833984K), 0.0060470 secs] [Times: user=0.04 sys=0.00, real=0.01 secs] 
2014-07-08T13:43:18.025+0000: 2603.111: [GC [PSYoungGen: 146965K->1262K(144320K)] 283704K->138008K(831296K), 0.0068900 secs] [Times: user=0.04 sys=0.00, real=0.00 secs] 
2014-07-08T13:43:20.562+0000: 2605.648: [GC [PSYoungGen: 144302K->1020K(141568K)] 281048K->137774K(828544K), 0.0036540 secs] [Times: user=0.02 sys=0.00, real=0.01 secs] 
2014-07-08T13:43:22.535+0000: 2607.621: [GC [PSYoungGen: 141564K->1060K(139200K)] 278318K->137862K(826176K), 0.0034310 secs] [Times: user=0.01 sys=0.00, real=0.01 secs] 
2014-07-08T13:43:23.988+0000: 2609.074: [GC [PSYoungGen: 139172K->1304K(137088K)] 275974K->138162K(824064K), 0.0057190 secs] [Times: user=0.03 sys=0.00, real=0.00 secs] 
2014-07-08T13:43:26.522+0000: 2611.608: [GC [PSYoungGen: 137047K->1238K(134720K)] 273905K->138096K(821696K), 0.0071320 secs] [Times: user=0.04 sys=0.01, real=0.01 secs] 
2014-07-08T13:43:28.884+0000: 2613.970: [GC [PSYoungGen: 134664K->1178K(132416K)] 271522K->138036K(819392K), 0.0147630 secs] [Times: user=0.09 sys=0.00, real=0.02 secs] 
2014-07-08T13:43:34.836+0000: 2619.922: [GC [PSYoungGen: 132341K->1120K(130176K)] 269200K->138034K(817152K), 0.0025610 secs] [Times: user=0.01 sys=0.00, real=0.01 secs] 
2014-07-08T13:43:35.064+0000: 2620.150: [GC [PSYoungGen: 130144K->1184K(128128K)] 267058K->138170K(815104K), 0.0045100 secs] [Times: user=0.03 sys=0.01, real=0.01 secs] 
2014-07-08T13:43:35.277+0000: 2620.364: [GC [PSYoungGen: 128096K->1134K(153472K)] 265082K->138184K(840448K), 0.0052010 secs] [Times: user=0.04 sys=0.00, real=0.00 secs] 
2014-07-08T13:43:36.206+0000: 2621.292: [GC [PSYoungGen: 153454K->1560K(151104K)] 290504K->138635K(838080K), 0.0047460 secs] [Times: user=0.03 sys=0.00, real=0.01 secs] 
2014-07-08T13:43:38.977+0000: 2624.063: [GC [PSYoungGen: 151064K->1012K(147840K)] 288139K->138473K(834816K), 0.0069080 secs] [Times: user=0.05 sys=0.00, real=0.01 secs] 
2014-07-08T13:43:41.728+0000: 2626.814: [GC [PSYoungGen: 147828K->996K(145216K)] 285289K->138480K(832192K), 0.0040540 secs] [Times: user=0.02 sys=0.00, real=0.01 secs] 
2014-07-08T13:43:44.179+0000: 2629.265: [GC [PSYoungGen: 145183K->1398K(143040K)] 282668K->138907K(830016K), 0.0058240 secs] [Times: user=0.03 sys=0.00, real=0.01 secs] 
2014-07-08T13:43:46.655+0000: 2631.741: [GC [PSYoungGen: 143030K->1078K(140224K)] 280539K->138586K(827200K), 0.0085100 secs] [Times: user=0.03 sys=0.01, real=0.01 secs] 
2014-07-08T13:43:49.149+0000: 2634.235: [GC [PSYoungGen: 140213K->1148K(137856K)] 277722K->138665K(824832K), 0.0104400 secs] [Times: user=0.06 sys=0.01, real=0.01 secs] 
2014-07-08T13:43:51.218+0000: 2636.304: [GC [PSYoungGen: 137816K->1487K(135872K)] 275333K->139060K(822848K), 0.0094160 secs] [Times: user=0.07 sys=0.00, real=0.01 secs] 
2014-07-08T13:43:53.563+0000: 2638.650: [GC [PSYoungGen: 135823K->960K(133056K)] 273396K->138949K(820032K), 0.0066740 secs] [Times: user=0.04 sys=0.00, real=0.01 secs] 
2014-07-08T13:43:55.798+0000: 2640.884: [GC [PSYoungGen: 133056K->1624K(131584K)] 271045K->139646K(818560K), 0.0104830 secs] [Times: user=0.06 sys=0.01, real=0.01 secs] 
2014-07-08T13:43:57.744+0000: 2642.830: [GC [PSYoungGen: 131544K->1138K(128896K)] 269566K->139590K(815872K), 0.0091100 secs] [Times: user=0.07 sys=0.00, real=0.01 secs] 
2014-07-08T13:43:59.809+0000: 2644.895: [GC [PSYoungGen: 128882K->1382K(127040K)] 267334K->139882K(814016K), 0.0100290 secs] [Times: user=0.06 sys=0.01, real=0.01 secs] 
2014-07-08T13:44:01.908+0000: 2646.994: [GC [PSYoungGen: 127014K->1322K(124928K)] 265514K->139846K(811904K), 0.0048330 secs] [Times: user=0.03 sys=0.00, real=0.01 secs] 
2014-07-08T13:44:03.934+0000: 2649.020: [GC [PSYoungGen: 124906K->1170K(122816K)] 263430K->139749K(809792K), 0.0128810 secs] [Times: user=0.08 sys=0.00, real=0.01 secs] 
2014-07-08T13:44:06.077+0000: 2651.163: [GC [PSYoungGen: 122770K->1188K(120896K)] 261349K->140063K(807872K), 0.0056210 secs] [Times: user=0.04 sys=0.00, real=0.01 secs] 
2014-07-08T13:44:07.832+0000: 2652.918: [GC [PSYoungGen: 120829K->1352K(119232K)] 259704K->140291K(806208K), 0.0055830 secs] [Times: user=0.03 sys=0.00, real=0.00 secs] 
2014-07-08T13:44:09.433+0000: 2654.519: [GC [PSYoungGen: 119176K->1145K(117184K)] 258115K->140444K(804160K), 0.0055900 secs] [Times: user=0.03 sys=0.00, real=0.01 secs] 
2014-07-08T13:44:10.965+0000: 2656.051: [GC [PSYoungGen: 117177K->1575K(115840K)] 256476K->140897K(802816K), 0.0044640 secs] [Times: user=0.02 sys=0.00, real=0.00 secs] 
2014-07-08T13:44:12.637+0000: 2657.723: [GC [PSYoungGen: 115755K->892K(113408K)] 255078K->141202K(800384K), 0.0049340 secs] [Times: user=0.03 sys=0.00, real=0.00 secs] 
2014-07-08T13:44:14.098+0000: 2659.184: [GC [PSYoungGen: 113404K->1775K(112640K)] 253714K->142149K(799616K), 0.0043350 secs] [Times: user=0.02 sys=0.00, real=0.00 secs] 
2014-07-08T13:44:15.686+0000: 2660.772: [GC [PSYoungGen: 112623K->1329K(110528K)] 252997K->142102K(797504K), 0.0052480 secs] [Times: user=0.03 sys=0.00, real=0.00 secs] 
2014-07-08T13:44:17.201+0000: 2662.287: [GC [PSYoungGen: 110493K->1050K(108672K)] 251266K->141847K(795648K), 0.0088230 secs] [Times: user=0.04 sys=0.00, real=0.01 secs] 
2014-07-08T13:44:18.514+0000: 2663.600: [GC [PSYoungGen: 108634K->1102K(107200K)] 249431K->141931K(794176K), 0.0070310 secs] [Times: user=0.03 sys=0.01, real=0.00 secs] 
2014-07-08T13:44:19.857+0000: 2664.943: [GC [PSYoungGen: 107106K->1422K(105984K)] 247935K->142291K(792960K), 0.0034450 secs] [Times: user=0.02 sys=0.00, real=0.00 secs] 
2014-07-08T13:44:21.373+0000: 2666.459: [GC [PSYoungGen: 105934K->1514K(104576K)] 246803K->142472K(791552K), 0.0043400 secs] [Times: user=0.03 sys=0.00, real=0.01 secs] 
2014-07-08T13:44:22.762+0000: 2667.848: [GC [PSYoungGen: 104554K->1230K(102912K)] 245512K->142267K(789888K), 0.0044600 secs] [Times: user=0.03 sys=0.00, real=0.01 secs] 
2014-07-08T13:44:24.269+0000: 2669.355: [GC [PSYoungGen: 102862K->1318K(101568K)] 243899K->142436K(788544K), 0.0077860 secs] [Times: user=0.05 sys=0.00, real=0.01 secs] 
2014-07-08T13:44:25.875+0000: 2670.961: [GC [PSYoungGen: 101535K->1390K(100288K)] 242652K->142556K(787264K), 0.0066600 secs] [Times: user=0.03 sys=0.00, real=0.00 secs] 
2014-07-08T13:44:27.337+0000: 2672.423: [GC [PSYoungGen: 100270K->1138K(98688K)] 241436K->142678K(785664K), 0.0042730 secs] [Times: user=0.02 sys=0.01, real=0.00 secs] 
2014-07-08T13:44:28.717+0000: 2673.803: [GC [PSYoungGen: 98674K->1486K(97792K)] 240214K->143090K(784768K), 0.0123910 secs] [Times: user=0.07 sys=0.00, real=0.01 secs] 
2014-07-08T13:44:29.998+0000: 2675.084: [GC [PSYoungGen: 97742K->1206K(96192K)] 239346K->142889K(783168K), 0.0034770 secs] [Times: user=0.02 sys=0.00, real=0.00 secs] 
2014-07-08T13:44:31.288+0000: 2676.374: [GC [PSYoungGen: 96182K->1184K(94976K)] 237865K->142931K(781952K), 0.0053540 secs] [Times: user=0.03 sys=0.00, real=0.00 secs] 
2014-07-08T13:44:32.640+0000: 2677.726: [GC [PSYoungGen: 94944K->1323K(93888K)] 236691K->143281K(780864K), 0.0054630 secs] [Times: user=0.04 sys=0.00, real=0.00 secs] 
2014-07-08T13:44:33.428+0000: 2678.514: [GC [PSYoungGen: 93867K->1014K(92352K)] 235825K->143044K(779328K), 0.0026190 secs] [Times: user=0.01 sys=0.01, real=0.00 secs] 
2014-07-08T13:44:33.886+0000: 2678.972: [GC [PSYoungGen: 92340K->900K(91136K)] 234370K->142986K(778112K), 0.0031490 secs] [Times: user=0.02 sys=0.00, real=0.01 secs] 
2014-07-08T13:44:37.660+0000: 2682.746: [GC [PSYoungGen: 91036K->1028K(90112K)] 233122K->143114K(777088K), 0.0096910 secs] [Times: user=0.06 sys=0.00, real=0.01 secs] 
2014-07-08T13:44:56.924+0000: 2702.010: [GC [PSYoungGen: 90052K->864K(88832K)] 232138K->142950K(775808K), 0.0040430 secs] [Times: user=0.02 sys=0.00, real=0.00 secs] 
2014-07-08T13:44:57.085+0000: 2702.171: [GC [PSYoungGen: 88731K->1028K(106624K)] 230817K->143202K(793600K), 0.0057020 secs] [Times: user=0.03 sys=0.00, real=0.01 secs] 
2014-07-08T13:44:57.262+0000: 2702.348: [GC [PSYoungGen: 106564K->1276K(127936K)] 248738K->143474K(814912K), 0.0051650 secs] [Times: user=0.03 sys=0.00, real=0.00 secs] 
2014-07-08T13:44:57.473+0000: 2702.559: [GC [PSYoungGen: 127929K->1256K(153280K)] 270127K->143510K(840256K), 0.0043950 secs] [Times: user=0.03 sys=0.00, real=0.00 secs] 
2014-07-08T13:44:57.755+0000: 2702.841: [GC [PSYoungGen: 153256K->982K(183424K)] 295510K->143292K(870400K), 0.0030420 secs] [Times: user=0.02 sys=0.00, real=0.00 secs] 
2014-07-08T13:44:58.591+0000: 2703.678: [GC [PSYoungGen: 183382K->1272K(185728K)] 325692K->143622K(872704K), 0.0075750 secs] [Times: user=0.05 sys=0.00, real=0.00 secs] 
2014-07-08T13:45:00.945+0000: 2706.031: [GC [PSYoungGen: 185167K->1092K(220608K)] 327517K->143442K(907584K), 0.0066660 secs] [Times: user=0.04 sys=0.00, real=0.01 secs] 
2014-07-08T13:45:32.988+0000: 2738.074: [GC [PSYoungGen: 219972K->914K(214848K)] 362322K->143336K(901824K), 0.0037040 secs] [Times: user=0.03 sys=0.00, real=0.00 secs] 
2014-07-08T13:45:33.329+0000: 2738.415: [GC [PSYoungGen: 214802K->821K(209920K)] 357224K->143947K(896896K), 0.0044010 secs] [Times: user=0.03 sys=0.00, real=0.00 secs] 
2014-07-08T13:45:33.720+0000: 2738.806: [GC [PSYoungGen: 209909K->1096K(205568K)] 353035K->144269K(892544K), 0.0039740 secs] [Times: user=0.01 sys=0.00, real=0.00 secs] 
2014-07-08T13:45:35.052+0000: 2740.138: [GC [PSYoungGen: 205499K->1014K(200960K)] 348673K->144351K(887936K), 0.0030570 secs] [Times: user=0.01 sys=0.00, real=0.00 secs] 
2014-07-08T13:45:37.938+0000: 2743.024: [GC [PSYoungGen: 200944K->1682K(197312K)] 344281K->145020K(884288K), 0.0072290 secs] [Times: user=0.04 sys=0.00, real=0.00 secs] 
2014-07-08T13:45:40.708+0000: 2745.794: [GC [PSYoungGen: 197266K->760K(192192K)] 340604K->144674K(879168K), 0.0092060 secs] [Times: user=0.04 sys=0.00, real=0.01 secs] 
2014-07-08T13:45:43.338+0000: 2748.424: [GC [PSYoungGen: 192184K->1718K(189120K)] 336098K->145664K(876096K), 0.0064400 secs] [Times: user=0.04 sys=0.00, real=0.00 secs] 
2014-07-08T13:45:45.761+0000: 2750.848: [GC [PSYoungGen: 189110K->914K(184448K)] 333056K->145205K(871424K), 0.0056510 secs] [Times: user=0.03 sys=0.00, real=0.01 secs] 
2014-07-08T13:45:48.224+0000: 2753.310: [GC [PSYoungGen: 184402K->964K(180736K)] 328693K->145255K(867712K), 0.0038330 secs] [Times: user=0.01 sys=0.01, real=0.01 secs] 
2014-07-08T13:45:50.929+0000: 2756.015: [GC [PSYoungGen: 180676K->1020K(177088K)] 324967K->145312K(864064K), 0.0082950 secs] [Times: user=0.06 sys=0.00, real=0.00 secs] 
2014-07-08T13:45:53.322+0000: 2758.408: [GC [PSYoungGen: 177061K->1280K(173888K)] 321353K->145571K(860864K), 0.0097290 secs] [Times: user=0.06 sys=0.00, real=0.01 secs] 
2014-07-08T13:45:55.751+0000: 2760.838: [GC [PSYoungGen: 173823K->1496K(170624K)] 318115K->145788K(857600K), 0.0107830 secs] [Times: user=0.06 sys=0.00, real=0.01 secs] 
2014-07-08T13:45:58.101+0000: 2763.187: [GC [PSYoungGen: 170584K->1675K(167488K)] 314876K->145966K(854464K), 0.0047310 secs] [Times: user=0.02 sys=0.00, real=0.00 secs] 
2014-07-08T13:46:00.677+0000: 2765.763: [GC [PSYoungGen: 167435K->628K(163200K)] 311726K->145734K(850176K), 0.0029470 secs] [Times: user=0.01 sys=0.00, real=0.01 secs] 
2014-07-08T13:46:03.591+0000: 2768.677: [GC [PSYoungGen: 163154K->1498K(160960K)] 308260K->146636K(847936K), 0.0063600 secs] [Times: user=0.03 sys=0.00, real=0.00 secs] 
2014-07-08T13:46:06.566+0000: 2771.653: [GC [PSYoungGen: 160876K->1334K(157760K)] 306014K->146760K(844736K), 0.0049430 secs] [Times: user=0.03 sys=0.00, real=0.01 secs] 
2014-07-08T13:46:09.142+0000: 2774.228: [GC [PSYoungGen: 157731K->1631K(155136K)] 303157K->147058K(842112K), 0.0264950 secs] [Times: user=0.18 sys=0.00, real=0.02 secs] 
2014-07-08T13:46:11.557+0000: 2776.643: [GC [PSYoungGen: 155103K->1010K(151680K)] 300530K->146796K(838656K), 0.0058750 secs] [Times: user=0.04 sys=0.00, real=0.01 secs] 
2014-07-08T13:46:12.707+0000: 2777.793: [GC [PSYoungGen: 151666K->1074K(148992K)] 297452K->146917K(835968K), 0.0055580 secs] [Times: user=0.02 sys=0.00, real=0.01 secs] 
2014-07-08T13:46:19.450+0000: 2784.536: [GC [PSYoungGen: 148978K->1078K(146304K)] 294821K->146944K(833280K), 0.0029340 secs] [Times: user=0.01 sys=0.00, real=0.01 secs] 
2014-07-08T13:46:19.688+0000: 2784.775: [GC [PSYoungGen: 146294K->1053K(143744K)] 292160K->146999K(830720K), 0.0033690 secs] [Times: user=0.02 sys=0.00, real=0.00 secs] 
2014-07-08T13:46:19.960+0000: 2785.046: [GC [PSYoungGen: 143709K->1258K(141440K)] 289655K->147245K(828416K), 0.0057900 secs] [Times: user=0.04 sys=0.00, real=0.01 secs] 
2014-07-08T13:46:20.697+0000: 2785.783: [GC [PSYoungGen: 141418K->1610K(169856K)] 287405K->147629K(856832K), 0.0184130 secs] [Times: user=0.10 sys=0.01, real=0.02 secs] 
2014-07-08T13:46:22.983+0000: 2788.069: [GC [PSYoungGen: 169802K->810K(202688K)] 315821K->147407K(889664K), 0.0042530 secs] [Times: user=0.03 sys=0.00, real=0.01 secs] 
2014-07-08T13:46:29.474+0000: 2794.560: [GC [PSYoungGen: 202666K->1064K(198528K)] 349263K->147725K(885504K), 0.0027610 secs] [Times: user=0.01 sys=0.00, real=0.00 secs] 
2014-07-08T13:46:29.810+0000: 2794.896: [GC [PSYoungGen: 198504K->992K(194240K)] 345165K->147899K(881216K), 0.0053860 secs] [Times: user=0.04 sys=0.00, real=0.01 secs] 
2014-07-08T13:46:32.280+0000: 2797.366: [GC [PSYoungGen: 194208K->1088K(190272K)] 341115K->147995K(877248K), 0.0070380 secs] [Times: user=0.04 sys=0.00, real=0.01 secs] 
2014-07-08T13:46:35.346+0000: 2800.432: [GC [PSYoungGen: 190208K->1384K(186560K)] 337115K->148291K(873536K), 0.0086580 secs] [Times: user=0.05 sys=0.01, real=0.00 secs] 
2014-07-08T13:46:38.396+0000: 2803.482: [GC [PSYoungGen: 186536K->1539K(182912K)] 333443K->148446K(869888K), 0.0068210 secs] [Times: user=0.03 sys=0.01, real=0.00 secs] 
2014-07-08T13:46:59.471+0000: 2824.557: [GC [PSYoungGen: 182851K->754K(178368K)] 329758K->148035K(865344K), 0.0055740 secs] [Times: user=0.04 sys=0.00, real=0.00 secs] 
2014-07-08T13:46:59.774+0000: 2824.860: [GC [PSYoungGen: 178354K->918K(174976K)] 325635K->148263K(861952K), 0.0045220 secs] [Times: user=0.03 sys=0.00, real=0.01 secs] 
2014-07-08T13:47:00.080+0000: 2825.166: [GC [PSYoungGen: 174934K->1110K(199488K)] 322279K->148537K(886464K), 0.0082410 secs] [Times: user=0.04 sys=0.00, real=0.00 secs] 
2014-07-08T13:47:00.450+0000: 2825.536: [GC [PSYoungGen: 198742K->1240K(199488K)] 346169K->148708K(886464K), 0.0058650 secs] [Times: user=0.04 sys=0.00, real=0.00 secs] 
2014-07-08T13:47:03.207+0000: 2828.293: [GC [PSYoungGen: 198863K->1248K(194624K)] 346331K->148715K(881600K), 0.0054920 secs] [Times: user=0.04 sys=0.00, real=0.01 secs] 
2014-07-08T13:47:06.473+0000: 2831.559: [GC [PSYoungGen: 194592K->1508K(190784K)] 342059K->148975K(877760K), 0.0050990 secs] [Times: user=0.03 sys=0.00, real=0.00 secs] 
2014-07-08T13:47:09.742+0000: 2834.828: [GC [PSYoungGen: 190756K->686K(185984K)] 338223K->148703K(872960K), 0.0060230 secs] [Times: user=0.03 sys=0.00, real=0.00 secs] 
2014-07-08T13:47:13.094+0000: 2838.180: [GC [PSYoungGen: 185966K->1702K(183168K)] 333983K->149792K(870144K), 0.0126050 secs] [Times: user=0.07 sys=0.01, real=0.01 secs] 
2014-07-08T13:47:16.250+0000: 2841.336: [GC [PSYoungGen: 183142K->1076K(178816K)] 331232K->149850K(865792K), 0.0096290 secs] [Times: user=0.06 sys=0.01, real=0.01 secs] 
2014-07-08T13:47:19.677+0000: 2844.763: [GC [PSYoungGen: 178804K->1110K(175296K)] 327578K->149899K(862272K), 0.0165090 secs] [Times: user=0.07 sys=0.01, real=0.02 secs] 
2014-07-08T13:47:22.472+0000: 2847.558: [GC [PSYoungGen: 175252K->1401K(172096K)] 324042K->150198K(859072K), 0.0059680 secs] [Times: user=0.02 sys=0.00, real=0.00 secs] 
2014-07-08T13:47:25.356+0000: 2850.442: [GC [PSYoungGen: 172089K->1422K(168768K)] 320886K->150220K(855744K), 0.0054380 secs] [Times: user=0.03 sys=0.00, real=0.00 secs] 
2014-07-08T13:47:27.911+0000: 2852.997: [GC [PSYoungGen: 168718K->998K(165056K)] 317516K->150016K(852032K), 0.0055630 secs] [Times: user=0.03 sys=0.00, real=0.01 secs] 
2014-07-08T13:47:30.585+0000: 2855.671: [GC [PSYoungGen: 165014K->1028K(161984K)] 314032K->150109K(848960K), 0.0052380 secs] [Times: user=0.04 sys=0.00, real=0.00 secs] 
2014-07-08T13:47:33.429+0000: 2858.515: [GC [PSYoungGen: 161924K->1162K(159040K)] 311005K->150252K(846016K), 0.0071660 secs] [Times: user=0.04 sys=0.00, real=0.01 secs] 
2014-07-08T13:47:36.158+0000: 2861.244: [GC [PSYoungGen: 158962K->1412K(156352K)] 308052K->150502K(843328K), 0.0051200 secs] [Times: user=0.02 sys=0.01, real=0.00 secs] 
2014-07-08T13:47:38.790+0000: 2863.876: [GC [PSYoungGen: 156292K->1059K(153088K)] 305382K->150330K(840064K), 0.0055660 secs] [Times: user=0.04 sys=0.00, real=0.01 secs] 
2014-07-08T13:47:41.408+0000: 2866.494: [GC [PSYoungGen: 153059K->1784K(150976K)] 302330K->151207K(837952K), 0.0050350 secs] [Times: user=0.02 sys=0.00, real=0.00 secs] 
2014-07-08T13:47:44.025+0000: 2869.111: [GC [PSYoungGen: 150968K->754K(147264K)] 300391K->150607K(834240K), 0.0057350 secs] [Times: user=0.03 sys=0.00, real=0.00 secs] 
2014-07-08T13:47:46.072+0000: 2871.158: [GC [PSYoungGen: 147206K->1476K(145408K)] 297059K->151361K(832384K), 0.0115860 secs] [Times: user=0.07 sys=0.00, real=0.01 secs] 
2014-07-08T13:47:48.529+0000: 2873.615: [GC [PSYoungGen: 145348K->1418K(142784K)] 295233K->151377K(829760K), 0.0069620 secs] [Times: user=0.04 sys=0.00, real=0.01 secs] 
2014-07-08T13:47:50.909+0000: 2875.995: [GC [PSYoungGen: 142730K->1084K(139904K)] 292689K->151051K(826880K), 0.0068280 secs] [Times: user=0.04 sys=0.00, real=0.01 secs] 
2014-07-08T13:47:53.289+0000: 2878.375: [GC [PSYoungGen: 139870K->1174K(137664K)] 289837K->151141K(824640K), 0.0071160 secs] [Times: user=0.03 sys=0.00, real=0.00 secs] 
2014-07-08T13:47:55.420+0000: 2880.506: [GC [PSYoungGen: 137622K->1621K(135808K)] 287589K->151596K(822784K), 0.0070850 secs] [Times: user=0.05 sys=0.00, real=0.00 secs] 
2014-07-08T13:47:57.599+0000: 2882.685: [GC [PSYoungGen: 135765K->1020K(132928K)] 285740K->151314K(819904K), 0.0055120 secs] [Times: user=0.02 sys=0.00, real=0.00 secs] 
2014-07-08T13:47:59.985+0000: 2885.071: [GC [PSYoungGen: 132924K->1238K(131008K)] 283218K->151587K(817984K), 0.0058010 secs] [Times: user=0.04 sys=0.00, real=0.01 secs] 
2014-07-08T13:48:02.101+0000: 2887.187: [GC [PSYoungGen: 130966K->1258K(128896K)] 281315K->151648K(815872K), 0.0048700 secs] [Times: user=0.03 sys=0.00, real=0.00 secs] 
2014-07-08T13:48:04.104+0000: 2889.190: [GC [PSYoungGen: 128874K->1454K(126976K)] 279264K->151868K(813952K), 0.0081360 secs] [Times: user=0.02 sys=0.01, real=0.01 secs] 
2014-07-08T13:48:06.340+0000: 2891.427: [GC [PSYoungGen: 126958K->868K(124352K)] 277372K->151385K(811328K), 0.0050730 secs] [Times: user=0.03 sys=0.00, real=0.00 secs] 
2014-07-08T13:48:08.248+0000: 2893.334: [GC [PSYoungGen: 124324K->1404K(122880K)] 274841K->151978K(809856K), 0.0080240 secs] [Times: user=0.05 sys=0.00, real=0.01 secs] 
2014-07-08T13:48:10.432+0000: 2895.518: [GC [PSYoungGen: 122876K->1266K(120832K)] 273450K->151863K(807808K), 0.0063410 secs] [Times: user=0.03 sys=0.00, real=0.00 secs] 
2014-07-08T13:48:12.219+0000: 2897.305: [GC [PSYoungGen: 120818K->1280K(119040K)] 271415K->151926K(806016K), 0.0050170 secs] [Times: user=0.02 sys=0.00, real=0.01 secs] 
2014-07-08T13:48:14.611+0000: 2899.697: [GC [PSYoungGen: 118976K->1010K(116928K)] 269622K->151834K(803904K), 0.0081720 secs] [Times: user=0.03 sys=0.01, real=0.00 secs] 
2014-07-08T13:48:16.784+0000: 2901.870: [GC [PSYoungGen: 116914K->1116K(115264K)] 267738K->151972K(802240K), 0.0050720 secs] [Times: user=0.03 sys=0.01, real=0.00 secs] 
2014-07-08T13:48:18.861+0000: 2903.948: [GC [PSYoungGen: 115228K->1316K(113728K)] 266084K->152332K(800704K), 0.0052380 secs] [Times: user=0.03 sys=0.01, real=0.00 secs] 
2014-07-08T13:48:20.625+0000: 2905.712: [GC [PSYoungGen: 113695K->1721K(112448K)] 264711K->152825K(799424K), 0.0119560 secs] [Times: user=0.06 sys=0.01, real=0.01 secs] 
2014-07-08T13:48:29.009+0000: 2914.095: [GC [PSYoungGen: 112441K->448K(109568K)] 263545K->151888K(796544K), 0.0029020 secs] [Times: user=0.02 sys=0.00, real=0.00 secs] 
2014-07-08T13:48:29.194+0000: 2914.280: [GC [PSYoungGen: 109568K->1294K(108864K)] 261008K->152814K(795840K), 0.0049120 secs] [Times: user=0.03 sys=0.00, real=0.00 secs] 
2014-07-08T13:48:29.373+0000: 2914.459: [GC [PSYoungGen: 108814K->1096K(130176K)] 260334K->152828K(817152K), 0.0039090 secs] [Times: user=0.02 sys=0.01, real=0.00 secs] 
2014-07-08T13:48:29.613+0000: 2914.699: [GC [PSYoungGen: 130085K->1231K(156160K)] 281817K->153011K(843136K), 0.0030090 secs] [Times: user=0.02 sys=0.00, real=0.00 secs] 
2014-07-08T13:48:30.949+0000: 2916.035: [GC [PSYoungGen: 156111K->1006K(186880K)] 307891K->152810K(873856K), 0.0070530 secs] [Times: user=0.04 sys=0.00, real=0.01 secs] 
2014-07-08T13:48:33.566+0000: 2918.652: [GC [PSYoungGen: 186862K->1404K(183424K)] 338666K->153208K(870400K), 0.0031780 secs] [Times: user=0.02 sys=0.00, real=0.00 secs] 
2014-07-08T13:48:36.557+0000: 2921.643: [GC [PSYoungGen: 183420K->1138K(179456K)] 335224K->152942K(866432K), 0.0104480 secs] [Times: user=0.05 sys=0.00, real=0.01 secs] 
2014-07-08T13:48:39.652+0000: 2924.738: [GC [PSYoungGen: 179426K->1782K(176512K)] 331230K->153586K(863488K), 0.0100630 secs] [Times: user=0.06 sys=0.01, real=0.01 secs] 
2014-07-08T13:48:42.356+0000: 2927.442: [GC [PSYoungGen: 176441K->676K(171904K)] 328245K->152796K(858880K), 0.0050070 secs] [Times: user=0.03 sys=0.00, real=0.00 secs] 
2014-07-08T13:48:45.505+0000: 2930.592: [GC [PSYoungGen: 171876K->1078K(168896K)] 323996K->153222K(855872K), 0.0080930 secs] [Times: user=0.05 sys=0.00, real=0.00 secs] 
2014-07-08T13:48:48.007+0000: 2933.093: [GC [PSYoungGen: 168886K->1638K(166208K)] 321030K->153981K(853184K), 0.0095530 secs] [Times: user=0.06 sys=0.00, real=0.01 secs] 
2014-07-08T13:48:50.299+0000: 2935.385: [GC [PSYoungGen: 166182K->1174K(162560K)] 318525K->153516K(849536K), 0.0040920 secs] [Times: user=0.02 sys=0.00, real=0.00 secs] 
2014-07-08T13:48:52.471+0000: 2937.557: [GC [PSYoungGen: 162518K->1134K(159424K)] 314860K->153728K(846400K), 0.0051960 secs] [Times: user=0.02 sys=0.01, real=0.01 secs] 
2014-07-08T13:48:54.715+0000: 2939.801: [GC [PSYoungGen: 159406K->1390K(156672K)] 312000K->154016K(843648K), 0.0093030 secs] [Times: user=0.05 sys=0.00, real=0.01 secs] 
2014-07-08T13:48:56.800+0000: 2941.887: [GC [PSYoungGen: 156654K->1220K(153664K)] 309280K->153886K(840640K), 0.0063820 secs] [Times: user=0.04 sys=0.00, real=0.01 secs] 
2014-07-08T13:48:58.739+0000: 2943.825: [GC [PSYoungGen: 153604K->1482K(151104K)] 306270K->154212K(838080K), 0.0035410 secs] [Times: user=0.02 sys=0.00, real=0.00 secs] 
2014-07-08T13:49:00.820+0000: 2945.906: [GC [PSYoungGen: 151031K->958K(147840K)] 303761K->153932K(834816K), 0.0095860 secs] [Times: user=0.05 sys=0.00, real=0.01 secs] 
2014-07-08T13:49:02.777+0000: 2947.863: [GC [PSYoungGen: 147838K->1420K(145728K)] 300812K->154450K(832704K), 0.0056510 secs] [Times: user=0.03 sys=0.00, real=0.00 secs] 
2014-07-08T13:49:04.627+0000: 2949.714: [GC [PSYoungGen: 145676K->1312K(143040K)] 298706K->154520K(830016K), 0.0075590 secs] [Times: user=0.05 sys=0.00, real=0.00 secs] 
2014-07-08T13:49:06.561+0000: 2951.647: [GC [PSYoungGen: 142991K->1192K(140416K)] 296199K->154456K(827392K), 0.0067010 secs] [Times: user=0.04 sys=0.01, real=0.00 secs] 
2014-07-08T13:49:08.616+0000: 2953.702: [GC [PSYoungGen: 140353K->1198K(137984K)] 293617K->154600K(824960K), 0.0056220 secs] [Times: user=0.03 sys=0.01, real=0.01 secs] 
2014-07-08T13:49:10.506+0000: 2955.592: [GC [PSYoungGen: 137966K->1699K(136128K)] 291368K->155149K(823104K), 0.0082580 secs] [Times: user=0.05 sys=0.01, real=0.01 secs] 
2014-07-08T13:49:11.918+0000: 2957.004: [GC [PSYoungGen: 136099K->690K(132864K)] 289549K->154244K(819840K), 0.0028880 secs] [Times: user=0.02 sys=0.00, real=0.01 secs] 
2014-07-08T13:49:12.726+0000: 2957.812: [GC [PSYoungGen: 132850K->1024K(131072K)] 286404K->154626K(818048K), 0.0071770 secs] [Times: user=0.04 sys=0.00, real=0.01 secs] 
2014-07-08T13:49:16.707+0000: 2961.793: [GC [PSYoungGen: 131005K->932K(128768K)] 284607K->154584K(815744K), 0.0041180 secs] [Times: user=0.02 sys=0.01, real=0.01 secs] 
2014-07-08T13:49:16.928+0000: 2962.014: [GC [PSYoungGen: 128740K->996K(126720K)] 282392K->154752K(813696K), 0.0039010 secs] [Times: user=0.02 sys=0.00, real=0.01 secs] 
2014-07-08T13:49:17.149+0000: 2962.235: [GC [PSYoungGen: 126692K->1006K(151872K)] 280448K->154802K(838848K), 0.0123540 secs] [Times: user=0.07 sys=0.00, real=0.01 secs] 
2014-07-08T13:49:18.698+0000: 2963.784: [GC [PSYoungGen: 151854K->932K(182016K)] 305650K->154760K(868992K), 0.0063650 secs] [Times: user=0.03 sys=0.00, real=0.01 secs] 
2014-07-08T13:49:21.189+0000: 2966.275: [GC [PSYoungGen: 181988K->1078K(202432K)] 335816K->154906K(889408K), 0.0040870 secs] [Times: user=0.03 sys=0.00, real=0.01 secs] 
2014-07-08T13:49:23.976+0000: 2969.062: [GC [PSYoungGen: 201676K->1302K(197632K)] 355505K->155130K(884608K), 0.0032490 secs] [Times: user=0.02 sys=0.00, real=0.00 secs] 
2014-07-08T13:49:26.665+0000: 2971.751: [GC [PSYoungGen: 197590K->508K(192576K)] 351418K->155032K(879552K), 0.0101000 secs] [Times: user=0.06 sys=0.00, real=0.01 secs] 
2014-07-08T13:49:29.423+0000: 2974.509: [GC [PSYoungGen: 192572K->1726K(189696K)] 347096K->156290K(876672K), 0.0077800 secs] [Times: user=0.05 sys=0.00, real=0.00 secs] 
2014-07-08T13:49:31.842+0000: 2976.928: [GC [PSYoungGen: 189694K->1192K(185280K)] 344258K->156252K(872256K), 0.0104550 secs] [Times: user=0.06 sys=0.00, real=0.01 secs] 
2014-07-08T13:49:34.372+0000: 2979.458: [GC [PSYoungGen: 185256K->1330K(181632K)] 340316K->156390K(868608K), 0.0085350 secs] [Times: user=0.05 sys=0.00, real=0.01 secs] 
2014-07-08T13:49:36.962+0000: 2982.048: [GC [PSYoungGen: 181618K->1198K(177856K)] 336678K->156266K(864832K), 0.0085130 secs] [Times: user=0.06 sys=0.00, real=0.00 secs] 
2014-07-08T13:49:39.265+0000: 2984.351: [GC [PSYoungGen: 177838K->1290K(174400K)] 332906K->156407K(861376K), 0.0051280 secs] [Times: user=0.03 sys=0.00, real=0.00 secs] 
2014-07-08T13:49:41.340+0000: 2986.426: [GC [PSYoungGen: 174346K->1024K(170688K)] 329462K->156140K(857664K), 0.0056610 secs] [Times: user=0.03 sys=0.01, real=0.01 secs] 
2014-07-08T13:49:43.433+0000: 2988.520: [GC [PSYoungGen: 170594K->1024K(167360K)] 325711K->156148K(854336K), 0.0034290 secs] [Times: user=0.02 sys=0.00, real=0.00 secs] 
2014-07-08T13:49:45.815+0000: 2990.901: [GC [PSYoungGen: 167287K->1078K(164160K)] 322411K->156202K(851136K), 0.0053250 secs] [Times: user=0.03 sys=0.00, real=0.00 secs] 
2014-07-08T13:49:47.923+0000: 2993.009: [GC [PSYoungGen: 164130K->1592K(161536K)] 319255K->156733K(848512K), 0.0063810 secs] [Times: user=0.04 sys=0.00, real=0.01 secs] 
2014-07-08T13:49:50.058+0000: 2995.144: [GC [PSYoungGen: 161528K->690K(157632K)] 316669K->156369K(844608K), 0.0029640 secs] [Times: user=0.02 sys=0.00, real=0.00 secs] 
2014-07-08T13:50:18.219+0000: 3023.305: [GC [PSYoungGen: 157618K->1334K(155328K)] 313297K->157077K(842304K), 0.0046100 secs] [Times: user=0.02 sys=0.00, real=0.00 secs] 
2014-07-08T13:50:18.476+0000: 3023.562: [GC [PSYoungGen: 155318K->900K(152128K)] 311061K->156939K(839104K), 0.0090030 secs] [Times: user=0.06 sys=0.00, real=0.01 secs] 
2014-07-08T13:50:18.762+0000: 3023.848: [GC [PSYoungGen: 152068K->1006K(182464K)] 308107K->157077K(869440K), 0.0042170 secs] [Times: user=0.03 sys=0.00, real=0.00 secs] 
2014-07-08T13:50:19.130+0000: 3024.217: [GC [PSYoungGen: 182433K->1156K(193664K)] 338504K->157275K(880640K), 0.0058410 secs] [Times: user=0.04 sys=0.00, real=0.00 secs] 
2014-07-08T13:50:20.366+0000: 3025.452: [GC [PSYoungGen: 193283K->1046K(193792K)] 349402K->157197K(880768K), 0.0074690 secs] [Times: user=0.04 sys=0.00, real=0.01 secs] 
2014-07-08T13:50:23.150+0000: 3028.236: [GC [PSYoungGen: 193174K->1298K(189376K)] 349325K->157449K(876352K), 0.0067220 secs] [Times: user=0.04 sys=0.00, real=0.00 secs] 
2014-07-08T13:50:25.781+0000: 3030.867: [GC [PSYoungGen: 189330K->1192K(185344K)] 345481K->157343K(872320K), 0.0049590 secs] [Times: user=0.02 sys=0.00, real=0.00 secs] 
2014-07-08T13:50:28.260+0000: 3033.346: [GC [PSYoungGen: 185303K->825K(181184K)] 341454K->157391K(868160K), 0.0030460 secs] [Times: user=0.01 sys=0.00, real=0.00 secs] 
2014-07-08T13:50:30.639+0000: 3035.725: [GC [PSYoungGen: 181159K->1552K(178240K)] 337725K->158158K(865216K), 0.0089320 secs] [Times: user=0.06 sys=0.00, real=0.01 secs] 
2014-07-08T13:50:34.042+0000: 3039.128: [GC [PSYoungGen: 178190K->818K(173888K)] 334796K->157968K(860864K), 0.0053200 secs] [Times: user=0.03 sys=0.00, real=0.00 secs] 
2014-07-08T13:50:37.008+0000: 3042.094: [GC [PSYoungGen: 173874K->1384K(171008K)] 331024K->158558K(857984K), 0.0088670 secs] [Times: user=0.05 sys=0.00, real=0.01 secs] 
2014-07-08T13:50:39.517+0000: 3044.603: [GC [PSYoungGen: 170984K->1276K(167552K)] 328158K->158713K(854528K), 0.0062500 secs] [Times: user=0.03 sys=0.00, real=0.01 secs] 
2014-07-08T13:50:42.462+0000: 3047.549: [GC [PSYoungGen: 167529K->1500K(164608K)] 324966K->158968K(851584K), 0.0076450 secs] [Times: user=0.04 sys=0.00, real=0.00 secs] 
2014-07-08T13:50:45.114+0000: 3050.200: [GC [PSYoungGen: 164572K->814K(160768K)] 322040K->158710K(847744K), 0.0075540 secs] [Times: user=0.05 sys=0.00, real=0.00 secs] 
2014-07-08T13:50:47.893+0000: 3052.979: [GC [PSYoungGen: 160739K->1537K(158528K)] 318635K->159481K(845504K), 0.0098880 secs] [Times: user=0.06 sys=0.00, real=0.01 secs] 
2014-07-08T13:50:50.641+0000: 3055.727: [GC [PSYoungGen: 158465K->1128K(155136K)] 316409K->159204K(842112K), 0.0090370 secs] [Times: user=0.06 sys=0.00, real=0.01 secs] 
2014-07-08T13:50:53.251+0000: 3058.337: [GC [PSYoungGen: 155104K->1266K(152448K)] 313181K->159342K(839424K), 0.0120520 secs] [Times: user=0.07 sys=0.00, real=0.01 secs] 
2014-07-08T13:50:55.785+0000: 3060.871: [GC [PSYoungGen: 152434K->1196K(149632K)] 310510K->159352K(836608K), 0.0063370 secs] [Times: user=0.02 sys=0.00, real=0.00 secs] 
2014-07-08T13:50:58.300+0000: 3063.386: [GC [PSYoungGen: 149612K->1142K(146880K)] 307768K->159322K(833856K), 0.0038210 secs] [Times: user=0.01 sys=0.00, real=0.00 secs] 
2014-07-08T13:51:00.977+0000: 3066.063: [GC [PSYoungGen: 146865K->1127K(144256K)] 305045K->159599K(831232K), 0.0078070 secs] [Times: user=0.04 sys=0.00, real=0.01 secs] 
2014-07-08T13:51:06.895+0000: 3071.981: [GC [PSYoungGen: 144231K->1156K(141824K)] 302703K->159700K(828800K), 0.0027660 secs] [Times: user=0.01 sys=0.00, real=0.01 secs] 
2014-07-08T13:51:07.135+0000: 3072.221: [GC [PSYoungGen: 141764K->868K(139072K)] 300308K->159626K(826048K), 0.0068710 secs] [Times: user=0.04 sys=0.01, real=0.01 secs] 
2014-07-08T13:51:07.428+0000: 3072.514: [GC [PSYoungGen: 139044K->1504K(137344K)] 297802K->160327K(824320K), 0.0032240 secs] [Times: user=0.01 sys=0.00, real=0.00 secs] 
2014-07-08T13:51:09.291+0000: 3074.377: [GC [PSYoungGen: 137288K->1085K(134592K)] 296111K->160067K(821568K), 0.0101710 secs] [Times: user=0.06 sys=0.00, real=0.01 secs] 
2014-07-08T13:51:18.061+0000: 3083.147: [GC [PSYoungGen: 134589K->1120K(132416K)] 293571K->160150K(819392K), 0.0105400 secs] [Times: user=0.06 sys=0.00, real=0.01 secs] 
2014-07-08T13:51:31.686+0000: 3096.772: [GC [PSYoungGen: 132384K->996K(130112K)] 291414K->160090K(817088K), 0.0037190 secs] [Times: user=0.02 sys=0.00, real=0.00 secs] 
2014-07-08T13:51:31.912+0000: 3096.998: [GC [PSYoungGen: 130084K->964K(128000K)] 289178K->160106K(814976K), 0.0033250 secs] [Times: user=0.01 sys=0.00, real=0.00 secs] 
2014-07-08T13:51:32.152+0000: 3097.238: [GC [PSYoungGen: 127940K->736K(125696K)] 287082K->159910K(812672K), 0.0030440 secs] [Times: user=0.01 sys=0.00, real=0.00 secs] 
2014-07-08T13:51:32.374+0000: 3097.460: [GC [PSYoungGen: 125664K->1134K(151104K)] 284838K->160356K(838080K), 0.0074400 secs] [Times: user=0.05 sys=0.00, real=0.01 secs] 
2014-07-08T13:51:32.675+0000: 3097.761: [GC [PSYoungGen: 151086K->978K(180992K)] 310308K->160248K(867968K), 0.0032400 secs] [Times: user=0.02 sys=0.00, real=0.00 secs] 
2014-07-08T13:51:35.253+0000: 3100.339: [GC [PSYoungGen: 180943K->1120K(217152K)] 340213K->160390K(904128K), 0.0093590 secs] [Times: user=0.06 sys=0.00, real=0.01 secs] 
2014-07-08T13:51:38.844+0000: 3103.930: [GC [PSYoungGen: 217077K->1064K(212224K)] 376347K->160334K(899200K), 0.0049640 secs] [Times: user=0.02 sys=0.00, real=0.00 secs] 
2014-07-08T13:51:42.259+0000: 3107.345: [GC [PSYoungGen: 212200K->1433K(207872K)] 371470K->160703K(894848K), 0.0060580 secs] [Times: user=0.03 sys=0.00, real=0.01 secs] 
2014-07-08T13:51:45.577+0000: 3110.663: [GC [PSYoungGen: 207805K->680K(202560K)] 367075K->160444K(889536K), 0.0050800 secs] [Times: user=0.03 sys=0.00, real=0.00 secs] 
2014-07-08T13:51:48.968+0000: 3114.054: [GC [PSYoungGen: 202536K->1416K(198912K)] 362300K->161221K(885888K), 0.0064370 secs] [Times: user=0.03 sys=0.00, real=0.01 secs] 
2014-07-08T13:51:52.278+0000: 3117.364: [GC [PSYoungGen: 198851K->1080K(194304K)] 358656K->161622K(881280K), 0.0112960 secs] [Times: user=0.07 sys=0.00, real=0.01 secs] 
2014-07-08T13:51:55.775+0000: 3120.861: [GC [PSYoungGen: 194296K->1106K(190272K)] 354838K->161679K(877248K), 0.0038970 secs] [Times: user=0.01 sys=0.00, real=0.00 secs] 
2014-07-08T13:51:59.113+0000: 3124.200: [GC [PSYoungGen: 190200K->1530K(186688K)] 350774K->162251K(873664K), 0.0050550 secs] [Times: user=0.02 sys=0.00, real=0.01 secs] 
2014-07-08T13:52:02.612+0000: 3127.698: [GC [PSYoungGen: 186670K->1479K(182848K)] 347391K->162216K(869824K), 0.0055850 secs] [Times: user=0.01 sys=0.00, real=0.01 secs] 
2014-07-08T13:52:05.931+0000: 3131.017: [GC [PSYoungGen: 182776K->828K(178432K)] 343514K->161919K(865408K), 0.0053830 secs] [Times: user=0.04 sys=0.00, real=0.01 secs] 
2014-07-08T13:52:28.699+0000: 3153.785: [GC [PSYoungGen: 178428K->1448K(175488K)] 339519K->162619K(862464K), 0.0062820 secs] [Times: user=0.04 sys=0.00, real=0.00 secs] 
2014-07-08T13:52:28.980+0000: 3154.066: [GC [PSYoungGen: 175464K->1166K(171776K)] 336635K->162541K(858752K), 0.0040210 secs] [Times: user=0.02 sys=0.00, real=0.00 secs] 
2014-07-08T13:52:29.266+0000: 3154.352: [GC [PSYoungGen: 171726K->1302K(168512K)] 333101K->162741K(855488K), 0.0037820 secs] [Times: user=0.02 sys=0.00, real=0.01 secs] 
2014-07-08T13:52:29.567+0000: 3154.653: [GC [PSYoungGen: 168470K->1188K(165120K)] 329909K->162925K(852096K), 0.0058080 secs] [Times: user=0.04 sys=0.00, real=0.01 secs] 
2014-07-08T13:52:30.879+0000: 3155.965: [GC [PSYoungGen: 165073K->1306K(162112K)] 326811K->163091K(849088K), 0.0058620 secs] [Times: user=0.03 sys=0.00, real=0.01 secs] 
2014-07-08T13:52:33.523+0000: 3158.609: [GC [PSYoungGen: 162074K->1209K(158912K)] 323859K->163334K(845888K), 0.0140300 secs] [Times: user=0.08 sys=0.00, real=0.01 secs] 
2014-07-08T13:52:36.008+0000: 3161.094: [GC [PSYoungGen: 158881K->1721K(156480K)] 321006K->163869K(843456K), 0.0089390 secs] [Times: user=0.06 sys=0.00, real=0.01 secs] 
2014-07-08T13:52:38.533+0000: 3163.619: [GC [PSYoungGen: 156473K->810K(152704K)] 318621K->163211K(839680K), 0.0062970 secs] [Times: user=0.03 sys=0.00, real=0.00 secs] 
2014-07-08T13:52:40.939+0000: 3166.025: [GC [PSYoungGen: 152682K->1388K(150528K)] 315083K->163821K(837504K), 0.0123380 secs] [Times: user=0.09 sys=0.00, real=0.02 secs] 
2014-07-08T13:52:43.561+0000: 3168.647: [GC [PSYoungGen: 150508K->1082K(147520K)] 312941K->163755K(834496K), 0.0046170 secs] [Times: user=0.02 sys=0.01, real=0.00 secs] 
2014-07-08T13:52:46.146+0000: 3171.232: [GC [PSYoungGen: 147493K->1512K(145344K)] 310166K->164193K(832320K), 0.0145190 secs] [Times: user=0.11 sys=0.00, real=0.01 secs] 
2014-07-08T13:52:48.478+0000: 3173.564: [GC [PSYoungGen: 145320K->1272K(142528K)] 308001K->163977K(829504K), 0.0065980 secs] [Times: user=0.04 sys=0.00, real=0.01 secs] 
2014-07-08T13:52:51.046+0000: 3176.132: [GC [PSYoungGen: 142520K->1436K(140224K)] 305225K->164157K(827200K), 0.0106740 secs] [Times: user=0.08 sys=0.00, real=0.01 secs] 
2014-07-08T13:52:52.238+0000: 3177.324: [GC [PSYoungGen: 140181K->992K(137408K)] 302902K->163777K(824384K), 0.0063040 secs] [Times: user=0.02 sys=0.00, real=0.01 secs] 
2014-07-08T13:52:53.850+0000: 3178.936: [GC [PSYoungGen: 137376K->1615K(135744K)] 300161K->164472K(822720K), 0.0057390 secs] [Times: user=0.03 sys=0.00, real=0.01 secs] 
2014-07-08T13:52:56.196+0000: 3181.282: [GC [PSYoungGen: 135695K->1074K(132928K)] 298552K->164181K(819904K), 0.0120120 secs] [Times: user=0.03 sys=0.01, real=0.01 secs] 
2014-07-08T13:52:58.592+0000: 3183.678: [GC [PSYoungGen: 132914K->1330K(131008K)] 296021K->164453K(817984K), 0.0075580 secs] [Times: user=0.04 sys=0.00, real=0.01 secs] 
2014-07-08T13:53:00.687+0000: 3185.773: [GC [PSYoungGen: 130994K->1337K(128896K)] 294117K->164606K(815872K), 0.0081530 secs] [Times: user=0.05 sys=0.00, real=0.01 secs] 
2014-07-08T13:53:02.944+0000: 3188.030: [GC [PSYoungGen: 128889K->1248K(126784K)] 292158K->164549K(813760K), 0.0098880 secs] [Times: user=0.06 sys=0.00, real=0.01 secs] 
2014-07-08T13:53:05.376+0000: 3190.463: [GC [PSYoungGen: 126752K->1130K(124608K)] 290053K->164756K(811584K), 0.0139660 secs] [Times: user=0.08 sys=0.00, real=0.01 secs] 
2014-07-08T13:53:07.347+0000: 3192.433: [GC [PSYoungGen: 124586K->1252K(122752K)] 288212K->164925K(809728K), 0.0067180 secs] [Times: user=0.04 sys=0.00, real=0.01 secs] 
2014-07-08T13:53:09.603+0000: 3194.689: [GC [PSYoungGen: 122724K->1212K(120768K)] 286397K->165088K(807744K), 0.0031190 secs] [Times: user=0.02 sys=0.01, real=0.01 secs] 
2014-07-08T13:53:11.531+0000: 3196.617: [GC [PSYoungGen: 120764K->1412K(119168K)] 284640K->165360K(806144K), 0.0063500 secs] [Times: user=0.03 sys=0.00, real=0.01 secs] 
2014-07-08T13:53:13.667+0000: 3198.753: [GC [PSYoungGen: 119100K->950K(116864K)] 283047K->165482K(803840K), 0.0046920 secs] [Times: user=0.03 sys=0.00, real=0.00 secs] 
2014-07-08T13:53:15.615+0000: 3200.701: [GC [PSYoungGen: 116854K->1234K(115392K)] 281386K->165806K(802368K), 0.0129540 secs] [Times: user=0.07 sys=0.01, real=0.02 secs] 
2014-07-08T13:53:17.610+0000: 3202.696: [GC [PSYoungGen: 115346K->1398K(113792K)] 279918K->166182K(800768K), 0.0085210 secs] [Times: user=0.05 sys=0.00, real=0.01 secs] 
2014-07-08T13:53:28.716+0000: 3213.802: [GC [PSYoungGen: 113782K->1386K(112128K)] 278566K->166274K(799104K), 0.0052410 secs] [Times: user=0.03 sys=0.00, real=0.01 secs] 
2014-07-08T13:54:06.319+0000: 3251.405: [GC [PSYoungGen: 112106K->800K(109952K)] 276994K->166162K(796928K), 0.0061520 secs] [Times: user=0.04 sys=0.00, real=0.01 secs] 
2014-07-08T13:54:06.504+0000: 3251.590: [GC [PSYoungGen: 109920K->1032K(108608K)] 275282K->166450K(795584K), 0.0030780 secs] [Times: user=0.01 sys=0.01, real=0.00 secs] 
2014-07-08T13:54:06.673+0000: 3251.759: [GC [PSYoungGen: 108471K->1507K(130560K)] 273889K->167113K(817536K), 0.0057220 secs] [Times: user=0.03 sys=0.00, real=0.01 secs] 
2014-07-08T13:54:06.905+0000: 3251.991: [GC [PSYoungGen: 130531K->864K(155776K)] 296137K->166501K(842752K), 0.0061800 secs] [Times: user=0.03 sys=0.00, real=0.00 secs] 
2014-07-08T13:54:07.177+0000: 3252.263: [GC [PSYoungGen: 155744K->1160K(187072K)] 321381K->166846K(874048K), 0.0029060 secs] [Times: user=0.01 sys=0.01, real=0.00 secs] 
2014-07-08T13:54:10.733+0000: 3255.819: [GC [PSYoungGen: 187016K->1522K(194688K)] 352702K->167208K(881664K), 0.0049430 secs] [Times: user=0.03 sys=0.00, real=0.01 secs] 
2014-07-08T13:54:20.481+0000: 3265.567: [GC [PSYoungGen: 194418K->1128K(189952K)] 360104K->166870K(876928K), 0.0036690 secs] [Times: user=0.02 sys=0.00, real=0.00 secs] 
2014-07-08T13:54:20.829+0000: 3265.915: [GC [PSYoungGen: 189913K->1496K(186368K)] 355655K->167350K(873344K), 0.0042830 secs] [Times: user=0.02 sys=0.00, real=0.00 secs] 
2014-07-08T13:54:21.329+0000: 3266.415: [GC [PSYoungGen: 186328K->1060K(182080K)] 352182K->166970K(869056K), 0.0032310 secs] [Times: user=0.01 sys=0.00, real=0.00 secs] 
2014-07-08T13:54:23.933+0000: 3269.019: [GC [PSYoungGen: 182052K->1144K(178432K)] 347962K->167054K(865408K), 0.0055700 secs] [Times: user=0.03 sys=0.00, real=0.01 secs] 
2014-07-08T13:54:26.470+0000: 3271.556: [GC [PSYoungGen: 178424K->1046K(174784K)] 344334K->166964K(861760K), 0.0064800 secs] [Times: user=0.03 sys=0.00, real=0.01 secs] 
2014-07-08T13:54:28.994+0000: 3274.080: [GC [PSYoungGen: 174740K->1110K(171392K)] 340658K->167028K(858368K), 0.0045250 secs] [Times: user=0.03 sys=0.00, real=0.01 secs] 
2014-07-08T13:54:31.431+0000: 3276.517: [GC [PSYoungGen: 171309K->1390K(168320K)] 337226K->167414K(855296K), 0.0073480 secs] [Times: user=0.05 sys=0.00, real=0.01 secs] 
2014-07-08T13:54:33.683+0000: 3278.769: [GC [PSYoungGen: 168302K->1198K(164864K)] 334326K->167230K(851840K), 0.0072190 secs] [Times: user=0.04 sys=0.00, real=0.01 secs] 
2014-07-08T13:54:35.692+0000: 3280.778: [GC [PSYoungGen: 164846K->1151K(161664K)] 330878K->167536K(848640K), 0.0057480 secs] [Times: user=0.03 sys=0.00, real=0.01 secs] 
2014-07-08T13:54:37.789+0000: 3282.875: [GC [PSYoungGen: 161663K->1444K(158912K)] 328048K->167869K(845888K), 0.0036450 secs] [Times: user=0.02 sys=0.00, real=0.00 secs] 
2014-07-08T13:54:40.103+0000: 3285.189: [GC [PSYoungGen: 158884K->1149K(155648K)] 325309K->168006K(842624K), 0.0038560 secs] [Times: user=0.02 sys=0.00, real=0.00 secs] 
2014-07-08T13:54:41.988+0000: 3287.074: [GC [PSYoungGen: 155627K->1476K(153152K)] 322484K->168397K(840128K), 0.0030260 secs] [Times: user=0.02 sys=0.00, real=0.01 secs] 
2014-07-08T13:54:43.887+0000: 3288.973: [GC [PSYoungGen: 153092K->1210K(150080K)] 320013K->168202K(837056K), 0.0061280 secs] [Times: user=0.04 sys=0.00, real=0.01 secs] 
2014-07-08T13:54:45.964+0000: 3291.050: [GC [PSYoungGen: 150074K->1084K(147264K)] 317066K->168101K(834240K), 0.0054270 secs] [Times: user=0.03 sys=0.00, real=0.01 secs] 
2014-07-08T13:54:47.845+0000: 3292.931: [GC [PSYoungGen: 147260K->896K(144448K)] 314277K->167944K(831424K), 0.0046060 secs] [Times: user=0.02 sys=0.01, real=0.00 secs] 
2014-07-08T13:54:50.018+0000: 3295.104: [GC [PSYoungGen: 144448K->1337K(142336K)] 311496K->168393K(829312K), 0.0069200 secs] [Times: user=0.03 sys=0.00, real=0.01 secs] 
2014-07-08T13:54:52.109+0000: 3297.195: [GC [PSYoungGen: 142329K->1046K(139648K)] 309385K->168118K(826624K), 0.0083260 secs] [Times: user=0.05 sys=0.00, real=0.01 secs] 
2014-07-08T13:54:53.919+0000: 3299.005: [GC [PSYoungGen: 139606K->1354K(137600K)] 306678K->168491K(824576K), 0.0094010 secs] [Times: user=0.07 sys=0.00, real=0.01 secs] 
2014-07-08T13:54:55.773+0000: 3300.859: [GC [PSYoungGen: 137545K->1146K(135040K)] 304681K->168601K(822016K), 0.0085130 secs] [Times: user=0.05 sys=0.01, real=0.01 secs] 
2014-07-08T13:54:57.688+0000: 3302.774: [GC [PSYoungGen: 135034K->1500K(133184K)] 302489K->169003K(820160K), 0.0044120 secs] [Times: user=0.03 sys=0.00, real=0.01 secs] 
2014-07-08T13:54:59.455+0000: 3304.541: [GC [PSYoungGen: 133089K->1059K(130560K)] 300592K->169127K(817536K), 0.0071680 secs] [Times: user=0.05 sys=0.00, real=0.01 secs] 
2014-07-08T13:55:01.127+0000: 3306.213: [GC [PSYoungGen: 130531K->1508K(128896K)] 298599K->169623K(815872K), 0.0068160 secs] [Times: user=0.04 sys=0.00, real=0.01 secs] 
2014-07-08T13:55:02.466+0000: 3307.552: [GC [PSYoungGen: 128868K->1277K(126592K)] 296983K->169514K(813568K), 0.0049880 secs] [Times: user=0.03 sys=0.00, real=0.00 secs] 
2014-07-08T13:55:03.954+0000: 3309.040: [GC [PSYoungGen: 126589K->1362K(124672K)] 294826K->169640K(811648K), 0.0058300 secs] [Times: user=0.03 sys=0.00, real=0.00 secs] 
2014-07-08T13:55:05.713+0000: 3310.799: [GC [PSYoungGen: 124622K->1202K(122496K)] 292899K->169734K(809472K), 0.0041840 secs] [Times: user=0.02 sys=0.00, real=0.00 secs] 
2014-07-08T13:55:07.565+0000: 3312.651: [GC [PSYoungGen: 122463K->1693K(121088K)] 290995K->170288K(808064K), 0.0051200 secs] [Times: user=0.03 sys=0.00, real=0.00 secs] 
2014-07-08T13:55:09.292+0000: 3314.378: [GC [PSYoungGen: 121053K->829K(118336K)] 289648K->169930K(805312K), 0.0053940 secs] [Times: user=0.03 sys=0.00, real=0.01 secs] 
2014-07-08T13:55:11.054+0000: 3316.140: [GC [PSYoungGen: 118315K->1454K(117184K)] 287416K->170603K(804160K), 0.0056430 secs] [Times: user=0.03 sys=0.00, real=0.00 secs] 
2014-07-08T13:55:13.005+0000: 3318.091: [GC [PSYoungGen: 117166K->1280K(115264K)] 286315K->170585K(802240K), 0.0072620 secs] [Times: user=0.03 sys=0.01, real=0.00 secs] 
2014-07-08T13:55:15.269+0000: 3320.355: [GC [PSYoungGen: 115200K->1070K(113280K)] 284505K->170375K(800256K), 0.0110660 secs] [Times: user=0.08 sys=0.00, real=0.01 secs] 
2014-07-08T13:55:16.954+0000: 3322.040: [GC [PSYoungGen: 113262K->1334K(111872K)] 282567K->170791K(798848K), 0.0039880 secs] [Times: user=0.02 sys=0.00, real=0.00 secs] 
2014-07-08T13:55:18.958+0000: 3324.044: [GC [PSYoungGen: 111862K->1500K(110464K)] 281319K->171013K(797440K), 0.0126090 secs] [Times: user=0.08 sys=0.00, real=0.01 secs] 
2014-07-08T13:55:20.422+0000: 3325.508: [GC [PSYoungGen: 110424K->875K(108224K)] 279937K->171015K(795200K), 0.0100140 secs] [Times: user=0.06 sys=0.00, real=0.01 secs] 
2014-07-08T13:55:22.099+0000: 3327.185: [GC [PSYoungGen: 108203K->1674K(107520K)] 278343K->171830K(794496K), 0.0061270 secs] [Times: user=0.02 sys=0.00, real=0.01 secs] 
2014-07-08T13:55:23.738+0000: 3328.824: [GC [PSYoungGen: 107465K->712K(105024K)] 277622K->171148K(792000K), 0.0026740 secs] [Times: user=0.01 sys=0.00, real=0.00 secs] 
2014-07-08T13:55:26.784+0000: 3331.870: [GC [PSYoungGen: 104968K->1084K(103872K)] 275404K->171552K(790848K), 0.0091160 secs] [Times: user=0.04 sys=0.00, real=0.01 secs] 
2014-07-08T13:55:30.174+0000: 3335.260: [GC [PSYoungGen: 103831K->1496K(102912K)] 274299K->172037K(789888K), 0.0027970 secs] [Times: user=0.02 sys=0.00, real=0.01 secs] 
2014-07-08T13:55:30.373+0000: 3335.459: [GC [PSYoungGen: 102872K->832K(100800K)] 273413K->171436K(787776K), 0.0031600 secs] [Times: user=0.01 sys=0.00, real=0.00 secs] 
2014-07-08T13:55:30.546+0000: 3335.632: [GC [PSYoungGen: 100800K->1324K(121344K)] 271404K->171992K(808320K), 0.0051410 secs] [Times: user=0.04 sys=0.00, real=0.00 secs] 
2014-07-08T13:55:30.801+0000: 3335.887: [GC [PSYoungGen: 121324K->1256K(145280K)] 291992K->172004K(832256K), 0.0050640 secs] [Times: user=0.03 sys=0.00, real=0.00 secs] 
2014-07-08T13:55:32.236+0000: 3337.322: [GC [PSYoungGen: 145256K->1276K(174080K)] 316004K->172072K(861056K), 0.0104500 secs] [Times: user=0.06 sys=0.00, real=0.01 secs] 
2014-07-08T13:55:34.722+0000: 3339.809: [GC [PSYoungGen: 174076K->1479K(170880K)] 344872K->172300K(857856K), 0.0061500 secs] [Times: user=0.02 sys=0.00, real=0.01 secs] 
2014-07-08T13:55:36.996+0000: 3342.082: [GC [PSYoungGen: 170823K->936K(166976K)] 341644K->171990K(853952K), 0.0158700 secs] [Times: user=0.12 sys=0.00, real=0.02 secs] 
2014-07-08T13:55:39.222+0000: 3344.309: [GC [PSYoungGen: 166952K->1274K(164096K)] 338006K->172352K(851072K), 0.0031940 secs] [Times: user=0.01 sys=0.00, real=0.00 secs] 
2014-07-08T13:55:41.556+0000: 3346.642: [GC [PSYoungGen: 164090K->1535K(161216K)] 335168K->172802K(848192K), 0.0113200 secs] [Times: user=0.07 sys=0.00, real=0.01 secs] 
2014-07-08T13:55:43.565+0000: 3348.651: [GC [PSYoungGen: 161215K->1116K(157824K)] 332482K->172415K(844800K), 0.0059090 secs] [Times: user=0.03 sys=0.00, real=0.01 secs] 
2014-07-08T13:56:10.814+0000: 3375.900: [GC [PSYoungGen: 157788K->964K(154752K)] 329087K->172326K(841728K), 0.0044380 secs] [Times: user=0.02 sys=0.00, real=0.00 secs] 
2014-07-08T13:56:11.061+0000: 3376.147: [GC [PSYoungGen: 154692K->1162K(152128K)] 326054K->172589K(839104K), 0.0034410 secs] [Times: user=0.01 sys=0.01, real=0.01 secs] 
2014-07-08T13:56:11.338+0000: 3376.424: [GC [PSYoungGen: 152074K->978K(149184K)] 323501K->172437K(836160K), 0.0029150 secs] [Times: user=0.02 sys=0.00, real=0.00 secs] 
2014-07-08T13:56:11.603+0000: 3376.689: [GC [PSYoungGen: 149138K->1202K(179008K)] 320597K->172709K(865984K), 0.0058700 secs] [Times: user=0.04 sys=0.00, real=0.00 secs] 
2014-07-08T13:56:12.467+0000: 3377.553: [GC [PSYoungGen: 178994K->1515K(193344K)] 350501K->173069K(880320K), 0.0079280 secs] [Times: user=0.05 sys=0.00, real=0.01 secs] 
2014-07-08T13:56:15.221+0000: 3380.307: [GC [PSYoungGen: 193323K->1568K(189376K)] 364877K->173139K(876352K), 0.0066690 secs] [Times: user=0.02 sys=0.00, real=0.01 secs] 
2014-07-08T13:56:18.007+0000: 3383.093: [GC [PSYoungGen: 189344K->298K(184192K)] 360915K->172664K(871168K), 0.0063190 secs] [Times: user=0.05 sys=0.00, real=0.01 secs] 
2014-07-08T13:56:20.796+0000: 3385.882: [GC [PSYoungGen: 184170K->1652K(181760K)] 356536K->174043K(868736K), 0.0079730 secs] [Times: user=0.05 sys=0.00, real=0.00 secs] 
2014-07-08T13:56:23.383+0000: 3388.469: [GC [PSYoungGen: 181725K->1276K(177728K)] 354115K->174219K(864704K), 0.0081900 secs] [Times: user=0.04 sys=0.00, real=0.01 secs] 
2014-07-08T13:56:25.974+0000: 3391.060: [GC [PSYoungGen: 177724K->1322K(174208K)] 350667K->174273K(861184K), 0.0067140 secs] [Times: user=0.05 sys=0.00, real=0.01 secs] 
2014-07-08T13:56:28.414+0000: 3393.500: [GC [PSYoungGen: 174186K->1156K(170624K)] 347137K->174106K(857600K), 0.0050940 secs] [Times: user=0.04 sys=0.00, real=0.01 secs] 
2014-07-08T13:56:30.692+0000: 3395.778: [GC [PSYoungGen: 170564K->1444K(167552K)] 343514K->174411K(854528K), 0.0068140 secs] [Times: user=0.04 sys=0.00, real=0.01 secs] 
2014-07-08T13:56:33.497+0000: 3398.583: [GC [PSYoungGen: 167524K->1074K(163968K)] 340491K->174185K(850944K), 0.0063520 secs] [Times: user=0.02 sys=0.00, real=0.00 secs] 
2014-07-08T13:56:36.244+0000: 3401.330: [GC [PSYoungGen: 163954K->1404K(161152K)] 337065K->174539K(848128K), 0.0047400 secs] [Times: user=0.03 sys=0.00, real=0.01 secs] 
2014-07-08T13:56:38.784+0000: 3403.870: [GC [PSYoungGen: 161148K->1146K(157888K)] 334283K->174605K(844864K), 0.0100550 secs] [Times: user=0.06 sys=0.00, real=0.01 secs] 
2014-07-08T13:56:41.549+0000: 3406.635: [GC [PSYoungGen: 157858K->1380K(155200K)] 331317K->174871K(842176K), 0.0080840 secs] [Times: user=0.06 sys=0.00, real=0.01 secs] 
2014-07-08T13:56:43.868+0000: 3408.954: [GC [PSYoungGen: 155172K->1066K(152064K)] 328663K->174930K(839040K), 0.0064980 secs] [Times: user=0.03 sys=0.00, real=0.00 secs] 
2014-07-08T13:56:46.500+0000: 3411.586: [GC [PSYoungGen: 152042K->996K(149248K)] 325906K->174883K(836224K), 0.0059460 secs] [Times: user=0.03 sys=0.00, real=0.00 secs] 
2014-07-08T13:56:49.160+0000: 3414.246: [GC [PSYoungGen: 149220K->1390K(146944K)] 323107K->175325K(833920K), 0.0083960 secs] [Times: user=0.06 sys=0.00, real=0.01 secs] 
2014-07-08T13:56:51.717+0000: 3416.803: [GC [PSYoungGen: 146919K->1334K(144256K)] 320855K->175270K(831232K), 0.0032630 secs] [Times: user=0.02 sys=0.01, real=0.01 secs] 
2014-07-08T13:56:54.063+0000: 3419.149: [GC [PSYoungGen: 144179K->864K(141312K)] 318115K->175308K(828288K), 0.0082730 secs] [Times: user=0.05 sys=0.00, real=0.01 secs] 
2014-07-08T13:56:56.529+0000: 3421.615: [GC [PSYoungGen: 141280K->1712K(139712K)] 315724K->176500K(826688K), 0.0079380 secs] [Times: user=0.04 sys=0.01, real=0.01 secs] 
2014-07-08T13:56:58.846+0000: 3423.932: [GC [PSYoungGen: 139696K->889K(136512K)] 314484K->176077K(823488K), 0.0077270 secs] [Times: user=0.05 sys=0.00, real=0.01 secs] 
2014-07-08T13:57:01.251+0000: 3426.337: [GC [PSYoungGen: 136505K->1166K(134528K)] 311693K->176386K(821504K), 0.0072440 secs] [Times: user=0.04 sys=0.00, real=0.00 secs] 
2014-07-08T13:57:03.536+0000: 3428.622: [GC [PSYoungGen: 134478K->1404K(132480K)] 309698K->176632K(819456K), 0.0063790 secs] [Times: user=0.04 sys=0.00, real=0.01 secs] 
2014-07-08T13:57:05.570+0000: 3430.656: [GC [PSYoungGen: 132476K->1372K(130304K)] 307704K->176624K(817280K), 0.0211730 secs] [Times: user=0.14 sys=0.01, real=0.03 secs] 
2014-07-08T13:57:07.638+0000: 3432.724: [GC [PSYoungGen: 130219K->954K(127744K)] 305471K->176752K(814720K), 0.0122660 secs] [Times: user=0.07 sys=0.00, real=0.01 secs] 
2014-07-08T13:57:09.555+0000: 3434.641: [GC [PSYoungGen: 127738K->1832K(126592K)] 303536K->177734K(813568K), 0.0081010 secs] [Times: user=0.05 sys=0.00, real=0.01 secs] 
2014-07-08T13:57:11.449+0000: 3436.535: [GC [PSYoungGen: 126535K->950K(123712K)] 302437K->177484K(810688K), 0.0067070 secs] [Times: user=0.04 sys=0.00, real=0.01 secs] 
2014-07-08T13:57:13.443+0000: 3438.529: [GC [PSYoungGen: 123702K->1593K(122432K)] 300236K->178183K(809408K), 0.0076010 secs] [Times: user=0.04 sys=0.00, real=0.00 secs] 
2014-07-08T13:57:15.437+0000: 3440.523: [GC [PSYoungGen: 122425K->1156K(120128K)] 299015K->177778K(807104K), 0.0059650 secs] [Times: user=0.03 sys=0.00, real=0.01 secs] 
2014-07-08T13:57:17.188+0000: 3442.274: [GC [PSYoungGen: 120068K->1781K(118848K)] 296690K->178484K(805824K), 0.0074550 secs] [Times: user=0.05 sys=0.01, real=0.01 secs] 
2014-07-08T13:57:18.996+0000: 3444.083: [GC [PSYoungGen: 118837K->1000K(116288K)] 295540K->178090K(803264K), 0.0095960 secs] [Times: user=0.07 sys=0.00, real=0.01 secs] 
2014-07-08T13:57:20.910+0000: 3445.996: [GC [PSYoungGen: 116264K->1500K(115072K)] 293354K->178655K(802048K), 0.0088030 secs] [Times: user=0.05 sys=0.00, real=0.01 secs] 
2014-07-08T13:57:22.824+0000: 3447.911: [GC [PSYoungGen: 115036K->1170K(113024K)] 292191K->178372K(800000K), 0.0067400 secs] [Times: user=0.04 sys=0.01, real=0.00 secs] 
2014-07-08T13:57:40.917+0000: 3466.003: [GC [PSYoungGen: 112978K->1064K(111232K)] 290180K->178466K(798208K), 0.0079770 secs] [Times: user=0.05 sys=0.01, real=0.00 secs] 
2014-07-08T13:57:55.271+0000: 3480.357: [GC [PSYoungGen: 111208K->1210K(109760K)] 288610K->178636K(796736K), 0.0051040 secs] [Times: user=0.04 sys=0.00, real=0.00 secs] 
2014-07-08T13:57:55.445+0000: 3480.531: [GC [PSYoungGen: 109754K->978K(107968K)] 287180K->178508K(794944K), 0.0043730 secs] [Times: user=0.02 sys=0.00, real=0.01 secs] 
2014-07-08T13:57:55.629+0000: 3480.716: [GC [PSYoungGen: 107922K->1146K(106560K)] 285452K->178716K(793536K), 0.0028000 secs] [Times: user=0.01 sys=0.00, real=0.00 secs] 
2014-07-08T13:57:55.849+0000: 3480.935: [GC [PSYoungGen: 106544K->1210K(127744K)] 284114K->178836K(814720K), 0.0053890 secs] [Times: user=0.03 sys=0.00, real=0.00 secs] 
2014-07-08T13:57:56.077+0000: 3481.163: [GC [PSYoungGen: 127738K->1252K(153152K)] 305364K->178918K(840128K), 0.0051770 secs] [Times: user=0.03 sys=0.00, real=0.01 secs] 
2014-07-08T13:57:57.158+0000: 3482.244: [GC [PSYoungGen: 153124K->1408K(171072K)] 330790K->179106K(858048K), 0.0065550 secs] [Times: user=0.03 sys=0.00, real=0.01 secs] 
2014-07-08T13:58:00.146+0000: 3485.232: [GC [PSYoungGen: 170622K->1020K(184128K)] 348321K->178718K(871104K), 0.0104170 secs] [Times: user=0.06 sys=0.00, real=0.01 secs] 
2014-07-08T13:58:03.065+0000: 3488.151: [GC [PSYoungGen: 183292K->1603K(180224K)] 360990K->179301K(867200K), 0.0083480 secs] [Times: user=0.05 sys=0.01, real=0.01 secs] 
2014-07-08T13:58:06.263+0000: 3491.349: [GC [PSYoungGen: 180163K->256K(175168K)] 357861K->178930K(862144K), 0.0070410 secs] [Times: user=0.04 sys=0.00, real=0.01 secs] 
2014-07-08T13:58:09.357+0000: 3494.443: [GC [PSYoungGen: 175168K->1794K(173248K)] 353842K->180517K(860224K), 0.0066070 secs] [Times: user=0.04 sys=0.01, real=0.01 secs] 
2014-07-08T13:58:12.137+0000: 3497.224: [GC [PSYoungGen: 173186K->1643K(169664K)] 351909K->180770K(856640K), 0.0038290 secs] [Times: user=0.02 sys=0.00, real=0.01 secs] 
2014-07-08T13:58:14.795+0000: 3499.881: [GC [PSYoungGen: 169643K->1356K(166144K)] 348770K->180482K(853120K), 0.0077000 secs] [Times: user=0.06 sys=0.00, real=0.01 secs] 
2014-07-08T13:58:17.642+0000: 3502.728: [GC [PSYoungGen: 166092K->1070K(162624K)] 345218K->180197K(849600K), 0.0075220 secs] [Times: user=0.05 sys=0.00, real=0.00 secs] 
2014-07-08T13:58:20.242+0000: 3505.328: [GC [PSYoungGen: 162606K->1070K(159552K)] 341733K->180197K(846528K), 0.0036960 secs] [Times: user=0.02 sys=0.00, real=0.01 secs] 
2014-07-08T13:58:22.878+0000: 3507.964: [GC [PSYoungGen: 159534K->1184K(156672K)] 338661K->180311K(843648K), 0.0056760 secs] [Times: user=0.03 sys=0.00, real=0.01 secs] 
2014-07-08T13:58:25.651+0000: 3510.737: [GC [PSYoungGen: 156640K->1316K(153920K)] 335767K->180443K(840896K), 0.0055780 secs] [Times: user=0.03 sys=0.00, real=0.01 secs] 
2014-07-08T13:58:28.345+0000: 3513.431: [GC [PSYoungGen: 153892K->1340K(151104K)] 333019K->180571K(838080K), 0.0041830 secs] [Times: user=0.02 sys=0.00, real=0.00 secs] 
2014-07-08T13:58:30.912+0000: 3515.998: [GC [PSYoungGen: 151100K->1294K(148416K)] 330331K->180557K(835392K), 0.0091490 secs] [Times: user=0.06 sys=0.01, real=0.01 secs] 
2014-07-08T13:58:33.689+0000: 3518.775: [GC [PSYoungGen: 148366K->1066K(145536K)] 327629K->180425K(832512K), 0.0070720 secs] [Times: user=0.04 sys=0.00, real=0.01 secs] 
2014-07-08T13:58:36.228+0000: 3521.314: [GC [PSYoungGen: 145514K->1646K(143552K)] 324873K->181021K(830528K), 0.0121180 secs] [Times: user=0.08 sys=0.01, real=0.01 secs] 
2014-07-08T13:58:51.523+0000: 3536.610: [GC [PSYoungGen: 143534K->882K(140288K)] 322909K->180336K(827264K), 0.0194430 secs] [Times: user=0.10 sys=0.01, real=0.02 secs] 
2014-07-08T13:58:56.405+0000: 3541.491: [GC [PSYoungGen: 140274K->1144K(138112K)] 319728K->180639K(825088K), 0.0057430 secs] [Times: user=0.04 sys=0.00, real=0.01 secs] 
2014-07-08T13:58:56.637+0000: 3541.723: [GC [PSYoungGen: 138074K->946K(135552K)] 317569K->180520K(822528K), 0.0041400 secs] [Times: user=0.02 sys=0.00, real=0.00 secs] 
2014-07-08T13:58:56.873+0000: 3541.959: [GC [PSYoungGen: 135538K->1220K(162816K)] 315112K->180859K(849792K), 0.0060500 secs] [Times: user=0.04 sys=0.00, real=0.01 secs] 
2014-07-08T13:58:57.154+0000: 3542.240: [GC [PSYoungGen: 162756K->1290K(172864K)] 342395K->180977K(859840K), 0.0053170 secs] [Times: user=0.03 sys=0.00, real=0.01 secs] 
2014-07-08T13:58:59.170+0000: 3544.256: [GC [PSYoungGen: 172618K->1336K(173120K)] 352305K->181039K(860096K), 0.0062110 secs] [Times: user=0.04 sys=0.00, real=0.00 secs] 
2014-07-08T13:59:02.054+0000: 3547.140: [GC [PSYoungGen: 172664K->1060K(169024K)] 352367K->180762K(856000K), 0.0046390 secs] [Times: user=0.02 sys=0.00, real=0.01 secs] 
2014-07-08T13:59:04.348+0000: 3549.434: [GC [PSYoungGen: 168996K->1142K(165824K)] 348698K->180844K(852800K), 0.0097060 secs] [Times: user=0.06 sys=0.00, real=0.01 secs] 
2014-07-08T13:59:06.574+0000: 3551.660: [GC [PSYoungGen: 165814K->1262K(162752K)] 345516K->180981K(849728K), 0.0109340 secs] [Times: user=0.05 sys=0.00, real=0.01 secs] 
2014-07-08T13:59:08.911+0000: 3553.997: [GC [PSYoungGen: 162734K->1298K(159744K)] 342453K->181041K(846720K), 0.0134900 secs] [Times: user=0.08 sys=0.00, real=0.01 secs] 
2014-07-08T13:59:11.132+0000: 3556.218: [GC [PSYoungGen: 159698K->744K(156160K)] 339441K->180972K(843136K), 0.0067480 secs] [Times: user=0.04 sys=0.01, real=0.00 secs] 
2014-07-08T13:59:41.155+0000: 3586.241: [GC [PSYoungGen: 156113K->1476K(154048K)] 336342K->181761K(841024K), 0.0027260 secs] [Times: user=0.01 sys=0.00, real=0.00 secs] 
2014-07-08T13:59:41.410+0000: 3586.496: [GC [PSYoungGen: 153988K->1052K(150784K)] 334273K->181433K(837760K), 0.0045110 secs] [Times: user=0.02 sys=0.00, real=0.01 secs] 
2014-07-08T13:59:41.672+0000: 3586.758: [GC [PSYoungGen: 150748K->1138K(180800K)] 331129K->181582K(867776K), 0.0056770 secs] [Times: user=0.03 sys=0.00, real=0.01 secs] 
2014-07-08T13:59:42.006+0000: 3587.092: [GC [PSYoungGen: 180786K->1120K(202944K)] 361230K->181621K(889920K), 0.0057880 secs] [Times: user=0.03 sys=0.01, real=0.00 secs] 
2014-07-08T13:59:42.957+0000: 3588.044: [GC [PSYoungGen: 202912K->1088K(203392K)] 383413K->181653K(890368K), 0.0071350 secs] [Times: user=0.04 sys=0.00, real=0.01 secs] 
2014-07-08T13:59:52.278+0000: 3597.364: [GC [PSYoungGen: 202880K->1148K(198528K)] 383445K->181721K(885504K), 0.0043980 secs] [Times: user=0.03 sys=0.00, real=0.00 secs] 
2014-07-08T13:59:52.657+0000: 3597.743: [GC [PSYoungGen: 198524K->1429K(238336K)] 379097K->182058K(925312K), 0.0070850 secs] [Times: user=0.05 sys=0.00, real=0.00 secs] 
2014-07-08T13:59:53.711+0000: 3598.797: [GC [PSYoungGen: 238293K->638K(231872K)] 418922K->181971K(918848K), 0.0062260 secs] [Times: user=0.02 sys=0.00, real=0.01 secs] 
2014-07-08T13:59:57.094+0000: 3602.180: [GC [PSYoungGen: 231830K->1544K(227392K)] 413163K->182893K(914368K), 0.0068090 secs] [Times: user=0.05 sys=0.01, real=0.01 secs] 
2014-07-08T14:00:00.268+0000: 3605.354: [GC [PSYoungGen: 227336K->1151K(221696K)] 408685K->183216K(908672K), 0.0029690 secs] [Times: user=0.01 sys=0.00, real=0.00 secs] 
2014-07-08T14:00:02.986+0000: 3608.072: [GC [PSYoungGen: 221695K->1320K(216832K)] 403760K->183416K(903808K), 0.0058640 secs] [Times: user=0.04 sys=0.00, real=0.01 secs] 
2014-07-08T14:00:06.160+0000: 3611.246: [GC [PSYoungGen: 216779K->1380K(212032K)] 398875K->183625K(899008K), 0.0048620 secs] [Times: user=0.01 sys=0.00, real=0.00 secs] 
2014-07-08T14:00:08.932+0000: 3614.018: [GC [PSYoungGen: 212004K->1387K(207296K)] 394249K->183647K(894272K), 0.0040920 secs] [Times: user=0.01 sys=0.00, real=0.00 secs] 
2014-07-08T14:00:11.759+0000: 3616.845: [GC [PSYoungGen: 207275K->928K(202304K)] 389535K->183252K(889280K), 0.0052540 secs] [Times: user=0.03 sys=0.00, real=0.01 secs] 
Heap
 PSYoungGen      total 202304K, used 96336K [0x0000000755560000, 0x0000000764090000, 0x0000000800000000)
  eden space 201344K, 47% used [0x0000000755560000,0x000000075b28bf58,0x0000000761a00000)
  from space 960K, 96% used [0x0000000763fa0000,0x00000007640880f0,0x0000000764090000)
  to   space 1856K, 0% used [0x0000000763cf0000,0x0000000763cf0000,0x0000000763ec0000)
 ParOldGen       total 686976K, used 182324K [0x0000000600000000, 0x0000000629ee0000, 0x0000000755560000)
  object space 686976K, 26% used [0x0000000600000000,0x000000060b20d270,0x0000000629ee0000)
 PSPermGen       total 21248K, used 11796K [0x00000005f5a00000, 0x00000005f6ec0000, 0x0000000600000000)
  object space 21248K, 55% used [0x00000005f5a00000,0x00000005f6585170,0x00000005f6ec0000)
