2014-07-08T14:15:17.318+0000: 23.750: [GC [PSYoungGen: 257728K->15339K(300608K)] 257728K->15347K(987584K), 0.0225110 secs] [Times: user=0.05 sys=0.01, real=0.02 secs] 
2014-07-08T14:15:20.978+0000: 27.410: [GC [PSYoungGen: 273067K->17010K(300608K)] 273075K->17026K(987584K), 0.0080570 secs] [Times: user=0.03 sys=0.02, real=0.00 secs] 
2014-07-08T14:15:23.479+0000: 29.911: [GC [PSYoungGen: 274738K->18271K(300608K)] 274754K->18295K(987584K), 0.0152570 secs] [Times: user=0.07 sys=0.00, real=0.01 secs] 
2014-07-08T14:15:25.525+0000: 31.958: [GC [PSYoungGen: 275999K->22292K(300608K)] 276023K->22316K(987584K), 0.0117610 secs] [Times: user=0.06 sys=0.01, real=0.01 secs] 
2014-07-08T14:15:27.401+0000: 33.833: [GC [PSYoungGen: 280020K->25218K(276608K)] 280044K->25242K(963584K), 0.0160970 secs] [Times: user=0.07 sys=0.01, real=0.01 secs] 
2014-07-08T14:15:29.279+0000: 35.711: [GC [PSYoungGen: 276546K->21937K(267136K)] 276570K->26712K(954112K), 0.0352460 secs] [Times: user=0.21 sys=0.02, real=0.03 secs] 
2014-07-08T14:15:31.088+0000: 37.520: [GC [PSYoungGen: 267121K->9719K(248960K)] 271896K->28851K(935936K), 0.0265410 secs] [Times: user=0.18 sys=0.02, real=0.03 secs] 
2014-07-08T14:15:33.790+0000: 40.222: [GC [PSYoungGen: 248951K->6737K(260736K)] 268083K->29675K(947712K), 0.0044970 secs] [Times: user=0.02 sys=0.00, real=0.00 secs] 
2014-07-08T14:15:36.685+0000: 43.117: [GC [PSYoungGen: 240273K->3704K(231744K)] 263211K->30009K(918720K), 0.0069450 secs] [Times: user=0.04 sys=0.01, real=0.01 secs] 
2014-07-08T14:15:39.542+0000: 45.974: [GC [PSYoungGen: 231736K->1770K(251840K)] 258041K->30533K(938816K), 0.0038910 secs] [Times: user=0.03 sys=0.00, real=0.00 secs] 
2014-07-08T14:15:42.173+0000: 48.605: [GC [PSYoungGen: 224489K->1654K(219264K)] 253252K->30835K(906240K), 0.0065700 secs] [Times: user=0.03 sys=0.00, real=0.00 secs] 
2014-07-08T14:15:44.749+0000: 51.181: [GC [PSYoungGen: 219254K->1642K(241664K)] 248435K->31261K(928640K), 0.0077150 secs] [Times: user=0.04 sys=0.00, real=0.01 secs] 
2014-07-08T14:15:47.202+0000: 53.634: [GC [PSYoungGen: 214314K->1455K(209344K)] 243933K->31221K(896320K), 0.0051640 secs] [Times: user=0.03 sys=0.01, real=0.00 secs] 
2014-07-08T14:15:49.531+0000: 55.963: [GC [PSYoungGen: 209325K->1384K(231104K)] 239090K->31297K(918080K), 0.0083890 secs] [Times: user=0.02 sys=0.00, real=0.00 secs] 
2014-07-08T14:15:51.785+0000: 58.217: [GC [PSYoungGen: 204646K->1042K(199872K)] 234559K->30955K(886848K), 0.0077540 secs] [Times: user=0.03 sys=0.00, real=0.01 secs] 
2014-07-08T14:15:54.024+0000: 60.456: [GC [PSYoungGen: 199826K->1448K(220608K)] 229739K->31361K(907584K), 0.0058230 secs] [Times: user=0.03 sys=0.00, real=0.00 secs] 
2014-07-08T14:15:56.313+0000: 62.745: [GC [PSYoungGen: 195944K->1366K(191744K)] 225857K->31421K(878720K), 0.0048740 secs] [Times: user=0.01 sys=0.00, real=0.00 secs] 
2014-07-08T14:15:58.514+0000: 64.946: [GC [PSYoungGen: 191682K->1433K(210240K)] 221737K->31488K(897216K), 0.0051820 secs] [Times: user=0.03 sys=0.00, real=0.00 secs] 
2014-07-08T14:16:00.697+0000: 67.130: [GC [PSYoungGen: 187737K->1421K(183872K)] 217792K->31476K(870848K), 0.0045290 secs] [Times: user=0.01 sys=0.00, real=0.00 secs] 
2014-07-08T14:16:02.871+0000: 69.303: [GC [PSYoungGen: 183820K->1404K(200192K)] 213875K->31600K(887168K), 0.0065910 secs] [Times: user=0.03 sys=0.01, real=0.01 secs] 
2014-07-08T14:16:04.924+0000: 71.356: [GC [PSYoungGen: 180028K->1703K(176704K)] 210224K->31899K(863680K), 0.0080930 secs] [Times: user=0.04 sys=0.01, real=0.01 secs] 
2014-07-08T14:16:06.896+0000: 73.328: [GC [PSYoungGen: 176679K->1334K(190720K)] 206875K->31538K(877696K), 0.0095900 secs] [Times: user=0.05 sys=0.00, real=0.01 secs] 
2014-07-08T14:16:08.878+0000: 75.310: [GC [PSYoungGen: 172790K->1405K(169472K)] 202994K->31625K(856448K), 0.0054670 secs] [Times: user=0.02 sys=0.00, real=0.00 secs] 
2014-07-08T14:16:10.807+0000: 77.239: [GC [PSYoungGen: 169452K->1412K(181952K)] 199673K->31664K(868928K), 0.0074000 secs] [Times: user=0.04 sys=0.00, real=0.00 secs] 
2014-07-08T14:16:12.695+0000: 79.127: [GC [PSYoungGen: 166212K->1074K(162688K)] 196464K->31342K(849664K), 0.0060760 secs] [Times: user=0.03 sys=0.00, real=0.00 secs] 
2014-07-08T14:16:14.577+0000: 81.010: [GC [PSYoungGen: 162674K->1418K(173632K)] 192942K->31727K(860608K), 0.0052300 secs] [Times: user=0.02 sys=0.00, real=0.00 secs] 
2014-07-08T14:16:16.347+0000: 82.779: [GC [PSYoungGen: 159946K->1446K(156992K)] 190255K->31771K(843968K), 0.0066590 secs] [Times: user=0.01 sys=0.00, real=0.00 secs] 
2014-07-08T14:16:18.121+0000: 84.553: [GC [PSYoungGen: 156966K->1184K(165888K)] 187291K->31604K(852864K), 0.0048960 secs] [Times: user=0.02 sys=0.00, real=0.00 secs] 
2014-07-08T14:16:19.888+0000: 86.320: [GC [PSYoungGen: 153788K->1312K(151168K)] 184209K->31756K(838144K), 0.0191040 secs] [Times: user=0.12 sys=0.00, real=0.02 secs] 
2014-07-08T14:16:33.706+0000: 100.138: [GC [PSYoungGen: 151136K->1368K(158528K)] 181580K->31812K(845504K), 0.0125050 secs] [Times: user=0.07 sys=0.01, real=0.02 secs] 
2014-07-08T14:18:31.476+0000: 217.908: [GC [PSYoungGen: 148440K->1298K(145792K)] 178884K->31742K(832768K), 0.0060330 secs] [Times: user=0.03 sys=0.01, real=0.01 secs] 
2014-07-08T14:18:32.800+0000: 219.233: [GC [PSYoungGen: 145746K->1184K(151872K)] 176190K->31708K(838848K), 0.0067190 secs] [Times: user=0.01 sys=0.00, real=0.01 secs] 
2014-07-08T14:18:33.030+0000: 219.463: [GC [PSYoungGen: 143072K->1486K(140928K)] 173596K->32042K(827904K), 0.0051970 secs] [Times: user=0.02 sys=0.01, real=0.00 secs] 
2014-07-08T14:18:33.285+0000: 219.718: [GC [PSYoungGen: 140878K->1276K(152640K)] 171434K->31888K(839616K), 0.0058270 secs] [Times: user=0.03 sys=0.00, real=0.01 secs] 
2014-07-08T14:18:33.523+0000: 219.955: [GC [PSYoungGen: 141436K->1248K(151872K)] 172048K->31892K(838848K), 0.0034720 secs] [Times: user=0.01 sys=0.00, real=0.01 secs] 
2014-07-08T14:18:34.277+0000: 220.710: [GC [PSYoungGen: 141408K->1266K(184832K)] 172052K->31950K(871808K), 0.0089240 secs] [Times: user=0.05 sys=0.00, real=0.01 secs] 
2014-07-08T14:18:35.747+0000: 222.180: [GC [PSYoungGen: 176498K->1252K(172992K)] 207182K->32016K(859968K), 0.0065180 secs] [Times: user=0.03 sys=0.01, real=0.00 secs] 
2014-07-08T14:18:37.825+0000: 224.257: [GC [PSYoungGen: 172964K->1316K(173312K)] 203728K->32088K(860288K), 0.0045240 secs] [Times: user=0.03 sys=0.01, real=0.01 secs] 
2014-07-08T14:18:39.894+0000: 226.326: [GC [PSYoungGen: 169636K->1462K(166528K)] 200408K->32234K(853504K), 0.0061910 secs] [Times: user=0.02 sys=0.00, real=0.01 secs] 
2014-07-08T14:18:41.960+0000: 228.393: [GC [PSYoungGen: 166518K->1618K(165952K)] 197290K->32398K(852928K), 0.0043520 secs] [Times: user=0.02 sys=0.00, real=0.00 secs] 
2014-07-08T14:18:43.982+0000: 230.414: [GC [PSYoungGen: 163474K->1384K(160192K)] 194254K->32172K(847168K), 0.0072970 secs] [Times: user=0.05 sys=0.00, real=0.01 secs] 
2014-07-08T14:18:46.277+0000: 232.709: [GC [PSYoungGen: 160099K->1654K(159040K)] 190887K->32442K(846016K), 0.0114240 secs] [Times: user=0.08 sys=0.00, real=0.02 secs] 
2014-07-08T14:18:48.919+0000: 235.351: [GC [PSYoungGen: 157430K->1430K(154368K)] 188218K->32218K(841344K), 0.0118690 secs] [Times: user=0.07 sys=0.01, real=0.02 secs] 
2014-07-08T14:18:51.185+0000: 237.617: [GC [PSYoungGen: 154326K->1504K(152320K)] 185114K->32300K(839296K), 0.0049910 secs] [Times: user=0.02 sys=0.01, real=0.01 secs] 
2014-07-08T14:18:53.041+0000: 239.473: [GC [PSYoungGen: 151584K->1724K(149056K)] 182380K->32577K(836032K), 0.0106580 secs] [Times: user=0.06 sys=0.00, real=0.01 secs] 
2014-07-08T14:18:54.784+0000: 241.217: [GC [PSYoungGen: 149051K->1874K(146624K)] 179904K->32783K(833600K), 0.0061170 secs] [Times: user=0.04 sys=0.00, real=0.01 secs] 
2014-07-08T14:18:57.002+0000: 243.434: [GC [PSYoungGen: 146578K->1522K(143680K)] 177487K->32438K(830656K), 0.0090170 secs] [Times: user=0.05 sys=0.01, real=0.01 secs] 
2014-07-08T14:18:59.397+0000: 245.829: [GC [PSYoungGen: 143666K->1820K(141504K)] 174582K->32744K(828480K), 0.0068500 secs] [Times: user=0.03 sys=0.01, real=0.01 secs] 
2014-07-08T14:19:01.836+0000: 248.269: [GC [PSYoungGen: 141468K->1504K(138752K)] 172392K->32436K(825728K), 0.0106180 secs] [Times: user=0.07 sys=0.00, real=0.01 secs] 
2014-07-08T14:19:03.961+0000: 250.394: [GC [PSYoungGen: 138720K->1646K(136512K)] 169652K->32602K(823488K), 0.0040480 secs] [Times: user=0.01 sys=0.00, real=0.00 secs] 
2014-07-08T14:19:05.709+0000: 252.141: [GC [PSYoungGen: 136492K->1308K(133888K)] 167449K->32296K(820864K), 0.0056070 secs] [Times: user=0.01 sys=0.00, real=0.01 secs] 
2014-07-08T14:19:07.635+0000: 254.067: [GC [PSYoungGen: 133851K->1202K(131520K)] 164840K->32246K(818496K), 0.0066550 secs] [Times: user=0.03 sys=0.00, real=0.00 secs] 
2014-07-08T14:19:09.712+0000: 256.144: [GC [PSYoungGen: 131504K->1554K(129728K)] 162548K->32622K(816704K), 0.0059880 secs] [Times: user=0.03 sys=0.00, real=0.01 secs] 
2014-07-08T14:19:11.903+0000: 258.335: [GC [PSYoungGen: 129654K->1774K(127808K)] 160723K->32875K(814784K), 0.0111070 secs] [Times: user=0.06 sys=0.00, real=0.01 secs] 
2014-07-08T14:19:14.143+0000: 260.575: [GC [PSYoungGen: 127790K->1532K(125504K)] 158891K->32648K(812480K), 0.0046220 secs] [Times: user=0.03 sys=0.00, real=0.01 secs] 
2014-07-08T14:19:16.013+0000: 262.446: [GC [PSYoungGen: 125500K->1188K(123200K)] 156616K->32368K(810176K), 0.0091250 secs] [Times: user=0.05 sys=0.00, real=0.00 secs] 
2014-07-08T14:19:17.868+0000: 264.300: [GC [PSYoungGen: 123172K->1462K(121536K)] 154352K->32722K(808512K), 0.0064220 secs] [Times: user=0.03 sys=0.01, real=0.01 secs] 
2014-07-08T14:19:20.047+0000: 266.480: [GC [PSYoungGen: 121526K->1828K(120064K)] 152786K->33096K(807040K), 0.0161970 secs] [Times: user=0.10 sys=0.00, real=0.02 secs] 
2014-07-08T14:19:21.754+0000: 268.187: [GC [PSYoungGen: 120036K->1935K(118336K)] 151304K->33267K(805312K), 0.0118460 secs] [Times: user=0.06 sys=0.00, real=0.01 secs] 
2014-07-08T14:19:23.735+0000: 270.167: [GC [PSYoungGen: 118257K->1646K(116224K)] 149589K->33050K(803200K), 0.0061660 secs] [Times: user=0.03 sys=0.01, real=0.00 secs] 
2014-07-08T14:19:25.807+0000: 272.240: [GC [PSYoungGen: 116206K->1550K(114432K)] 147610K->32954K(801408K), 0.0032790 secs] [Times: user=0.02 sys=0.00, real=0.00 secs] 
2014-07-08T14:19:28.041+0000: 274.473: [GC [PSYoungGen: 114342K->1416K(112640K)] 145746K->32852K(799616K), 0.0101330 secs] [Times: user=0.06 sys=0.01, real=0.01 secs] 
2014-07-08T14:19:30.263+0000: 276.695: [GC [PSYoungGen: 112549K->1614K(111168K)] 143985K->33074K(798144K), 0.0039340 secs] [Times: user=0.02 sys=0.00, real=0.01 secs] 
2014-07-08T14:19:32.202+0000: 278.634: [GC [PSYoungGen: 111118K->1711K(109632K)] 142578K->33243K(796608K), 0.0060010 secs] [Times: user=0.04 sys=0.00, real=0.01 secs] 
2014-07-08T14:19:34.320+0000: 280.753: [GC [PSYoungGen: 109615K->1330K(107712K)] 141147K->32894K(794688K), 0.0072250 secs] [Times: user=0.04 sys=0.00, real=0.01 secs] 
2014-07-08T14:19:35.793+0000: 282.225: [GC [PSYoungGen: 107698K->1432K(106304K)] 139262K->33069K(793280K), 0.0064910 secs] [Times: user=0.04 sys=0.00, real=0.01 secs] 
2014-07-08T14:19:37.285+0000: 283.717: [GC [PSYoungGen: 106240K->1434K(104832K)] 137876K->33110K(791808K), 0.0173950 secs] [Times: user=0.10 sys=0.00, real=0.02 secs] 
2014-07-08T14:19:38.570+0000: 285.002: [GC [PSYoungGen: 104793K->1352K(103296K)] 136469K->33092K(790272K), 0.0039430 secs] [Times: user=0.02 sys=0.00, real=0.00 secs] 
2014-07-08T14:19:40.030+0000: 286.462: [GC [PSYoungGen: 103240K->1482K(102016K)] 134980K->33262K(788992K), 0.0084830 secs] [Times: user=0.05 sys=0.00, real=0.01 secs] 
2014-07-08T14:19:41.431+0000: 287.864: [GC [PSYoungGen: 101962K->1536K(100672K)] 133742K->33388K(787648K), 0.0032570 secs] [Times: user=0.02 sys=0.00, real=0.00 secs] 
2014-07-08T14:19:42.905+0000: 289.337: [GC [PSYoungGen: 100607K->1546K(99328K)] 132460K->33438K(786304K), 0.0103760 secs] [Times: user=0.06 sys=0.00, real=0.01 secs] 
2014-07-08T14:19:45.310+0000: 291.742: [GC [PSYoungGen: 99274K->950K(97408K)] 131166K->32866K(784384K), 0.0040590 secs] [Times: user=0.01 sys=0.01, real=0.00 secs] 
2014-07-08T14:19:45.477+0000: 291.910: [GC [PSYoungGen: 97397K->1444K(116032K)] 129314K->33456K(803008K), 0.0129850 secs] [Times: user=0.09 sys=0.00, real=0.01 secs] 
2014-07-08T14:19:45.684+0000: 292.116: [GC [PSYoungGen: 115300K->1308K(117888K)] 147312K->33377K(804864K), 0.0102580 secs] [Times: user=0.08 sys=0.00, real=0.01 secs] 
2014-07-08T14:19:45.930+0000: 292.362: [GC [PSYoungGen: 117084K->2009K(117888K)] 149153K->34133K(804864K), 0.0071660 secs] [Times: user=0.05 sys=0.00, real=0.01 secs] 
2014-07-08T14:19:46.803+0000: 293.235: [GC [PSYoungGen: 117740K->1640K(141184K)] 149864K->33836K(828160K), 0.0068130 secs] [Times: user=0.04 sys=0.01, real=0.01 secs] 
2014-07-08T14:19:47.600+0000: 294.032: [GC [PSYoungGen: 140584K->1472K(141184K)] 172780K->33716K(828160K), 0.0037630 secs] [Times: user=0.02 sys=0.00, real=0.00 secs] 
2014-07-08T14:19:48.645+0000: 295.077: [GC [PSYoungGen: 140416K->1234K(168960K)] 172660K->33566K(855936K), 0.0037990 secs] [Times: user=0.01 sys=0.01, real=0.01 secs] 
2014-07-08T14:19:51.018+0000: 297.450: [GC [PSYoungGen: 168018K->1466K(168960K)] 200350K->33798K(855936K), 0.0093580 secs] [Times: user=0.06 sys=0.00, real=0.01 secs] 
2014-07-08T14:19:53.242+0000: 299.674: [GC [PSYoungGen: 168239K->1352K(164928K)] 200571K->33700K(851904K), 0.0058930 secs] [Times: user=0.03 sys=0.00, real=0.00 secs] 
2014-07-08T14:19:55.193+0000: 301.625: [GC [PSYoungGen: 164872K->1444K(161856K)] 197220K->33864K(848832K), 0.0097850 secs] [Times: user=0.04 sys=0.01, real=0.01 secs] 
2014-07-08T14:19:57.568+0000: 304.001: [GC [PSYoungGen: 161828K->1270K(158592K)] 194248K->33884K(845568K), 0.0069430 secs] [Times: user=0.04 sys=0.00, real=0.01 secs] 
2014-07-08T14:19:59.839+0000: 306.271: [GC [PSYoungGen: 158582K->1308K(155712K)] 191196K->33947K(842688K), 0.0065320 secs] [Times: user=0.01 sys=0.00, real=0.01 secs] 
2014-07-08T14:20:01.551+0000: 307.984: [GC [PSYoungGen: 155672K->1384K(152896K)] 188310K->34111K(839872K), 0.0042960 secs] [Times: user=0.02 sys=0.00, real=0.00 secs] 
2014-07-08T14:20:03.711+0000: 310.144: [GC [PSYoungGen: 152852K->1764K(150528K)] 185578K->34515K(837504K), 0.0045380 secs] [Times: user=0.02 sys=0.00, real=0.00 secs] 
2014-07-08T14:20:05.815+0000: 312.247: [GC [PSYoungGen: 150500K->704K(146752K)] 183251K->34000K(833728K), 0.0056930 secs] [Times: user=0.04 sys=0.01, real=0.01 secs] 
2014-07-08T14:20:08.012+0000: 314.444: [GC [PSYoungGen: 146752K->1979K(145408K)] 180048K->35387K(832384K), 0.0080650 secs] [Times: user=0.04 sys=0.00, real=0.00 secs] 
2014-07-08T14:20:10.090+0000: 316.522: [GC [PSYoungGen: 145403K->1340K(142208K)] 178811K->35477K(829184K), 0.0032990 secs] [Times: user=0.02 sys=0.00, real=0.01 secs] 
2014-07-08T14:20:12.100+0000: 318.532: [GC [PSYoungGen: 142188K->1572K(140032K)] 176324K->35780K(827008K), 0.0068660 secs] [Times: user=0.04 sys=0.00, real=0.01 secs] 
2014-07-08T14:20:14.092+0000: 320.524: [GC [PSYoungGen: 139907K->1707K(137792K)] 174116K->36004K(824768K), 0.0055470 secs] [Times: user=0.04 sys=0.00, real=0.01 secs] 
2014-07-08T14:20:16.102+0000: 322.534: [GC [PSYoungGen: 137771K->1532K(135296K)] 172068K->35861K(822272K), 0.0036300 secs] [Times: user=0.01 sys=0.00, real=0.00 secs] 
2014-07-08T14:20:18.077+0000: 324.509: [GC [PSYoungGen: 135289K->1256K(132800K)] 169618K->35901K(819776K), 0.0048430 secs] [Times: user=0.02 sys=0.00, real=0.00 secs] 
2014-07-08T14:20:19.977+0000: 326.409: [GC [PSYoungGen: 132776K->1454K(130816K)] 167421K->36163K(817792K), 0.0063620 secs] [Times: user=0.04 sys=0.00, real=0.01 secs] 
2014-07-08T14:20:20.922+0000: 327.355: [GC [PSYoungGen: 130797K->1514K(128768K)] 165506K->36377K(815744K), 0.0057390 secs] [Times: user=0.01 sys=0.01, real=0.01 secs] 
2014-07-08T14:20:22.328+0000: 328.760: [GC [PSYoungGen: 128700K->1110K(126336K)] 163564K->36005K(813312K), 0.0106690 secs] [Times: user=0.05 sys=0.01, real=0.01 secs] 
2014-07-08T14:20:23.877+0000: 330.309: [GC [PSYoungGen: 126293K->1334K(124544K)] 161188K->36269K(811520K), 0.0055200 secs] [Times: user=0.02 sys=0.01, real=0.00 secs] 
2014-07-08T14:20:27.202+0000: 333.634: [GC [PSYoungGen: 124534K->1266K(122496K)] 159469K->36257K(809472K), 0.0073670 secs] [Times: user=0.03 sys=0.00, real=0.01 secs] 
2014-07-08T14:20:27.413+0000: 333.846: [GC [PSYoungGen: 122482K->1120K(120448K)] 157473K->36207K(807424K), 0.0034180 secs] [Times: user=0.02 sys=0.00, real=0.01 secs] 
2014-07-08T14:20:27.617+0000: 334.050: [GC [PSYoungGen: 120416K->1128K(144320K)] 155503K->36263K(831296K), 0.0075690 secs] [Times: user=0.04 sys=0.00, real=0.01 secs] 
2014-07-08T14:20:28.152+0000: 334.584: [GC [PSYoungGen: 144294K->1494K(173376K)] 179429K->36653K(860352K), 0.0096540 secs] [Times: user=0.05 sys=0.00, real=0.01 secs] 
2014-07-08T14:20:30.364+0000: 336.796: [GC [PSYoungGen: 173289K->1340K(187904K)] 208448K->36499K(874880K), 0.0070260 secs] [Times: user=0.02 sys=0.00, real=0.00 secs] 
2014-07-08T14:20:33.160+0000: 339.592: [GC [PSYoungGen: 187176K->1500K(183552K)] 222335K->36659K(870528K), 0.0051420 secs] [Times: user=0.04 sys=0.00, real=0.00 secs] 
2014-07-08T14:20:35.798+0000: 342.230: [GC [PSYoungGen: 183516K->1448K(179776K)] 218675K->36607K(866752K), 0.0080320 secs] [Times: user=0.04 sys=0.00, real=0.01 secs] 
2014-07-08T14:20:38.354+0000: 344.786: [GC [PSYoungGen: 179752K->1020K(175744K)] 214911K->36571K(862720K), 0.0042460 secs] [Times: user=0.02 sys=0.00, real=0.01 secs] 
2014-07-08T14:20:40.623+0000: 347.055: [GC [PSYoungGen: 175706K->1526K(172736K)] 211257K->37109K(859712K), 0.0070390 secs] [Times: user=0.04 sys=0.00, real=0.01 secs] 
2014-07-08T14:20:42.898+0000: 349.330: [GC [PSYoungGen: 172726K->1340K(169152K)] 208309K->37189K(856128K), 0.0063070 secs] [Times: user=0.04 sys=0.00, real=0.00 secs] 
2014-07-08T14:20:45.326+0000: 351.758: [GC [PSYoungGen: 169148K->1380K(165952K)] 204997K->37253K(852928K), 0.0037870 secs] [Times: user=0.02 sys=0.00, real=0.01 secs] 
2014-07-08T14:20:47.599+0000: 354.032: [GC [PSYoungGen: 165924K->1124K(162496K)] 201797K->37343K(849472K), 0.0054360 secs] [Times: user=0.03 sys=0.00, real=0.00 secs] 
2014-07-08T14:20:49.872+0000: 356.304: [GC [PSYoungGen: 162429K->1156K(159488K)] 198649K->37407K(846464K), 0.0040720 secs] [Times: user=0.01 sys=0.01, real=0.00 secs] 
2014-07-08T14:20:55.147+0000: 361.579: [GC [PSYoungGen: 159427K->1266K(156544K)] 195678K->37589K(843520K), 0.0064180 secs] [Times: user=0.04 sys=0.00, real=0.01 secs] 
2014-07-08T14:21:31.596+0000: 398.028: [GC [PSYoungGen: 156528K->1174K(153600K)] 192851K->37545K(840576K), 0.0055030 secs] [Times: user=0.03 sys=0.01, real=0.00 secs] 
2014-07-08T14:21:31.843+0000: 398.275: [GC [PSYoungGen: 153558K->1258K(150848K)] 189929K->37814K(837824K), 0.0045370 secs] [Times: user=0.02 sys=0.00, real=0.01 secs] 
2014-07-08T14:21:32.094+0000: 398.526: [GC [PSYoungGen: 150826K->1480K(148416K)] 187382K->38091K(835392K), 0.0052470 secs] [Times: user=0.03 sys=0.00, real=0.00 secs] 
2014-07-08T14:21:32.358+0000: 398.791: [GC [PSYoungGen: 148360K->946K(177216K)] 184971K->37751K(864192K), 0.0051160 secs] [Times: user=0.03 sys=0.00, real=0.00 secs] 
2014-07-08T14:21:33.173+0000: 399.605: [GC [PSYoungGen: 177202K->1422K(200576K)] 214007K->38259K(887552K), 0.0068540 secs] [Times: user=0.03 sys=0.01, real=0.01 secs] 
2014-07-08T14:22:29.318+0000: 455.750: [GC [PSYoungGen: 200206K->1464K(195968K)] 237043K->38318K(882944K), 0.0064050 secs] [Times: user=0.04 sys=0.00, real=0.01 secs] 
2014-07-08T14:22:29.666+0000: 456.098: [GC [PSYoungGen: 195960K->1298K(212992K)] 232814K->38223K(899968K), 0.0147680 secs] [Times: user=0.08 sys=0.00, real=0.01 secs] 
2014-07-08T14:22:30.040+0000: 456.473: [GC [PSYoungGen: 212498K->1156K(235200K)] 249423K->38129K(922176K), 0.0054120 secs] [Times: user=0.02 sys=0.00, real=0.01 secs] 
2014-07-08T14:22:30.796+0000: 457.229: [GC [PSYoungGen: 234564K->1372K(235200K)] 271537K->38401K(922176K), 0.0071630 secs] [Times: user=0.04 sys=0.00, real=0.01 secs] 
2014-07-08T14:22:34.168+0000: 460.600: [GC [PSYoungGen: 234780K->1234K(281856K)] 271809K->38263K(968832K), 0.0133010 secs] [Times: user=0.07 sys=0.00, real=0.01 secs] 
2014-07-08T14:23:16.604+0000: 503.036: [GC [PSYoungGen: 281362K->978K(273920K)] 318391K->38023K(960896K), 0.0037380 secs] [Times: user=0.01 sys=0.00, real=0.00 secs] 
2014-07-08T14:23:17.056+0000: 503.489: [GC [PSYoungGen: 273874K->740K(266688K)] 310919K->38131K(953664K), 0.0043130 secs] [Times: user=0.02 sys=0.00, real=0.01 secs] 
2014-07-08T14:23:17.542+0000: 503.975: [GC [PSYoungGen: 266658K->1526K(260736K)] 304050K->38973K(947712K), 0.0038600 secs] [Times: user=0.02 sys=0.01, real=0.00 secs] 
2014-07-08T14:23:20.755+0000: 507.188: [GC [PSYoungGen: 260726K->1206K(253952K)] 298173K->39027K(940928K), 0.0037010 secs] [Times: user=0.02 sys=0.00, real=0.00 secs] 
2014-07-08T14:23:24.903+0000: 511.335: [GC [PSYoungGen: 253942K->1518K(248064K)] 291763K->39371K(935040K), 0.0044760 secs] [Times: user=0.02 sys=0.00, real=0.00 secs] 
2014-07-08T14:23:29.642+0000: 516.074: [GC [PSYoungGen: 248046K->996K(241536K)] 285899K->39227K(928512K), 0.0062580 secs] [Times: user=0.03 sys=0.00, real=0.00 secs] 
2014-07-08T14:23:33.772+0000: 520.205: [GC [PSYoungGen: 241508K->1632K(236416K)] 279739K->39880K(923392K), 0.0078940 secs] [Times: user=0.04 sys=0.00, real=0.00 secs] 
2014-07-08T14:23:38.172+0000: 524.604: [GC [PSYoungGen: 236384K->1074K(230272K)] 274632K->39603K(917248K), 0.0091400 secs] [Times: user=0.06 sys=0.00, real=0.01 secs] 
2014-07-08T14:23:41.775+0000: 528.207: [GC [PSYoungGen: 230258K->1436K(225280K)] 268787K->39981K(912256K), 0.0115840 secs] [Times: user=0.07 sys=0.00, real=0.01 secs] 
2014-07-08T14:23:45.452+0000: 531.884: [GC [PSYoungGen: 225242K->1192K(219840K)] 263788K->40011K(906816K), 0.0091260 secs] [Times: user=0.05 sys=0.00, real=0.01 secs] 
2014-07-08T14:23:49.216+0000: 535.648: [GC [PSYoungGen: 219801K->1750K(215424K)] 258621K->40594K(902400K), 0.0137450 secs] [Times: user=0.08 sys=0.00, real=0.01 secs] 
2014-07-08T14:23:53.255+0000: 539.687: [GC [PSYoungGen: 215382K->640K(209472K)] 254226K->40013K(896448K), 0.0048020 secs] [Times: user=0.03 sys=0.00, real=0.01 secs] 
2014-07-08T14:23:56.999+0000: 543.432: [GC [PSYoungGen: 209472K->1896K(206080K)] 248845K->41480K(893056K), 0.0109290 secs] [Times: user=0.06 sys=0.00, real=0.01 secs] 
2014-07-08T14:24:00.550+0000: 546.982: [GC [PSYoungGen: 206056K->1330K(201024K)] 245640K->41468K(888000K), 0.0031830 secs] [Times: user=0.02 sys=0.00, real=0.00 secs] 
2014-07-08T14:24:03.604+0000: 550.036: [GC [PSYoungGen: 201010K->1564K(196928K)] 241148K->41742K(883904K), 0.0044230 secs] [Times: user=0.02 sys=0.00, real=0.01 secs] 
2014-07-08T14:24:06.798+0000: 553.230: [GC [PSYoungGen: 196892K->1450K(192640K)] 237070K->41780K(879616K), 0.0044470 secs] [Times: user=0.03 sys=0.00, real=0.00 secs] 
2014-07-08T14:24:10.313+0000: 556.745: [GC [PSYoungGen: 192601K->2013K(189184K)] 232931K->42367K(876160K), 0.0049230 secs] [Times: user=0.02 sys=0.00, real=0.00 secs] 
2014-07-08T14:24:13.242+0000: 559.675: [GC [PSYoungGen: 189149K->768K(184000K)] 229503K->41572K(870976K), 0.0045860 secs] [Times: user=0.03 sys=0.00, real=0.00 secs] 
2014-07-08T14:24:14.772+0000: 561.204: [GC [PSYoungGen: 184000K->1252K(180736K)] 224804K->42120K(867712K), 0.0053690 secs] [Times: user=0.02 sys=0.00, real=0.00 secs] 
2014-07-08T14:24:16.574+0000: 563.006: [GC [PSYoungGen: 180708K->1344K(177216K)] 221576K->42408K(864192K), 0.0065200 secs] [Times: user=0.02 sys=0.01, real=0.01 secs] 
2014-07-08T14:24:18.903+0000: 565.335: [GC [PSYoungGen: 177152K->1682K(174016K)] 218216K->42746K(860992K), 0.0073710 secs] [Times: user=0.04 sys=0.00, real=0.01 secs] 
2014-07-08T14:24:21.482+0000: 567.914: [GC [PSYoungGen: 173970K->1248K(170176K)] 215034K->42547K(857152K), 0.0046890 secs] [Times: user=0.03 sys=0.00, real=0.00 secs] 
2014-07-08T14:24:23.802+0000: 570.234: [GC [PSYoungGen: 170144K->1678K(167296K)] 211443K->43009K(854272K), 0.0041230 secs] [Times: user=0.02 sys=0.00, real=0.00 secs] 
2014-07-08T14:24:25.634+0000: 572.066: [GC [PSYoungGen: 167246K->1262K(163648K)] 208577K->42729K(850624K), 0.0056680 secs] [Times: user=0.03 sys=0.00, real=0.00 secs] 
2014-07-08T14:24:27.133+0000: 573.565: [GC [PSYoungGen: 163630K->1916K(161152K)] 205097K->43463K(848128K), 0.0050000 secs] [Times: user=0.03 sys=0.00, real=0.00 secs] 
2014-07-08T14:24:28.863+0000: 575.295: [GC [PSYoungGen: 161147K->1070K(157312K)] 202694K->43165K(844288K), 0.0036540 secs] [Times: user=0.01 sys=0.00, real=0.00 secs] 
2014-07-08T14:24:31.071+0000: 577.503: [GC [PSYoungGen: 157294K->1938K(155264K)] 199389K->44049K(842240K), 0.0055680 secs] [Times: user=0.02 sys=0.00, real=0.01 secs] 
2014-07-08T14:24:33.491+0000: 579.923: [GC [PSYoungGen: 155218K->1334K(151808K)] 197329K->43721K(838784K), 0.0044920 secs] [Times: user=0.02 sys=0.00, real=0.00 secs] 
2014-07-08T14:24:35.646+0000: 582.078: [GC [PSYoungGen: 151798K->1298K(149056K)] 194185K->43725K(836032K), 0.0057690 secs] [Times: user=0.04 sys=0.00, real=0.01 secs] 
2014-07-08T14:24:37.955+0000: 584.387: [GC [PSYoungGen: 148970K->1444K(146496K)] 191397K->43879K(833472K), 0.0071220 secs] [Times: user=0.04 sys=0.00, real=0.00 secs] 
2014-07-08T14:24:40.010+0000: 586.442: [GC [PSYoungGen: 146468K->1334K(143808K)] 188903K->43777K(830784K), 0.0061050 secs] [Times: user=0.04 sys=0.00, real=0.01 secs] 
2014-07-08T14:24:41.865+0000: 588.297: [GC [PSYoungGen: 143798K->1304K(141312K)] 186241K->43811K(828288K), 0.0029990 secs] [Times: user=0.01 sys=0.01, real=0.00 secs] 
2014-07-08T14:24:42.148+0000: 588.580: [GC [PSYoungGen: 141222K->1511K(139072K)] 183729K->44066K(826048K), 0.0056610 secs] [Times: user=0.03 sys=0.00, real=0.01 secs] 
2014-07-08T14:24:43.480+0000: 589.912: [GC [PSYoungGen: 139047K->1376K(136576K)] 181602K->43995K(823552K), 0.0097470 secs] [Times: user=0.05 sys=0.00, real=0.01 secs] 
2014-07-08T14:24:45.432+0000: 591.864: [GC [PSYoungGen: 136544K->1316K(134208K)] 179163K->43991K(821184K), 0.0058200 secs] [Times: user=0.03 sys=0.00, real=0.01 secs] 
2014-07-08T14:24:47.363+0000: 593.795: [GC [PSYoungGen: 134180K->1266K(131904K)] 176855K->44013K(818880K), 0.0052990 secs] [Times: user=0.03 sys=0.00, real=0.00 secs] 
2014-07-08T14:24:48.989+0000: 595.421: [GC [PSYoungGen: 131890K->1806K(130304K)] 174637K->44633K(817280K), 0.0046730 secs] [Times: user=0.02 sys=0.01, real=0.01 secs] 
2014-07-08T14:24:50.887+0000: 597.319: [GC [PSYoungGen: 130254K->874K(127232K)] 173081K->44327K(814208K), 0.0043340 secs] [Times: user=0.01 sys=0.01, real=0.00 secs] 
2014-07-08T14:24:52.996+0000: 599.428: [GC [PSYoungGen: 127210K->1430K(125760K)] 170663K->44907K(812736K), 0.0078020 secs] [Times: user=0.05 sys=0.00, real=0.01 secs] 
2014-07-08T14:24:54.795+0000: 601.227: [GC [PSYoungGen: 125717K->1646K(123968K)] 169194K->45309K(810944K), 0.0045940 secs] [Times: user=0.03 sys=0.00, real=0.00 secs] 
2014-07-08T14:24:56.741+0000: 603.173: [GC [PSYoungGen: 123950K->1270K(121664K)] 167613K->44981K(808640K), 0.0062470 secs] [Times: user=0.04 sys=0.00, real=0.01 secs] 
2014-07-08T14:24:58.524+0000: 604.956: [GC [PSYoungGen: 121654K->1192K(119744K)] 165365K->45071K(806720K), 0.0059550 secs] [Times: user=0.04 sys=0.00, real=0.01 secs] 
2014-07-08T14:25:00.341+0000: 606.773: [GC [PSYoungGen: 119720K->1576K(118272K)] 163599K->45527K(805248K), 0.0060090 secs] [Times: user=0.03 sys=0.01, real=0.01 secs] 
2014-07-08T14:25:02.014+0000: 608.446: [GC [PSYoungGen: 118248K->1326K(116224K)] 162199K->45653K(803200K), 0.0065740 secs] [Times: user=0.04 sys=0.00, real=0.01 secs] 
2014-07-08T14:25:03.714+0000: 610.147: [GC [PSYoungGen: 116166K->1694K(114880K)] 160493K->46101K(801856K), 0.0056850 secs] [Times: user=0.03 sys=0.00, real=0.01 secs] 
2014-07-08T14:25:05.455+0000: 611.887: [GC [PSYoungGen: 114846K->1088K(112576K)] 159253K->45705K(799552K), 0.0048190 secs] [Times: user=0.03 sys=0.00, real=0.01 secs] 
2014-07-08T14:25:07.204+0000: 613.636: [GC [PSYoungGen: 112509K->1522K(111360K)] 157126K->46195K(798336K), 0.0057500 secs] [Times: user=0.03 sys=0.00, real=0.01 secs] 
2014-07-08T14:25:08.730+0000: 615.163: [GC [PSYoungGen: 111346K->1522K(109760K)] 156019K->46291K(796736K), 0.0092370 secs] [Times: user=0.05 sys=0.01, real=0.01 secs] 
2014-07-08T14:25:10.391+0000: 616.823: [GC [PSYoungGen: 109746K->1376K(108032K)] 154515K->46201K(795008K), 0.0053410 secs] [Times: user=0.03 sys=0.00, real=0.00 secs] 
2014-07-08T14:25:11.978+0000: 618.410: [GC [PSYoungGen: 108000K->1074K(106176K)] 152825K->46069K(793152K), 0.0050350 secs] [Times: user=0.02 sys=0.00, real=0.00 secs] 
2014-07-08T14:25:13.544+0000: 619.976: [GC [PSYoungGen: 106162K->1440K(105088K)] 151157K->46459K(792064K), 0.0054600 secs] [Times: user=0.02 sys=0.01, real=0.01 secs] 
2014-07-08T14:25:14.930+0000: 621.362: [GC [PSYoungGen: 105001K->1466K(103616K)] 150021K->46695K(790592K), 0.0069140 secs] [Times: user=0.05 sys=0.00, real=0.01 secs] 
2014-07-08T14:25:16.353+0000: 622.785: [GC [PSYoungGen: 103610K->1454K(102208K)] 148839K->46716K(789184K), 0.0086600 secs] [Times: user=0.05 sys=0.00, real=0.01 secs] 
2014-07-08T14:25:17.742+0000: 624.174: [GC [PSYoungGen: 102190K->1070K(100416K)] 147452K->46950K(787392K), 0.0040290 secs] [Times: user=0.02 sys=0.00, real=0.00 secs] 
2014-07-08T14:25:18.967+0000: 625.399: [GC [PSYoungGen: 100398K->1564K(99584K)] 146278K->47524K(786560K), 0.0049880 secs] [Times: user=0.03 sys=0.00, real=0.01 secs] 
2014-07-08T14:25:20.443+0000: 626.875: [GC [PSYoungGen: 99540K->1288K(97984K)] 145500K->47319K(784960K), 0.0054260 secs] [Times: user=0.03 sys=0.00, real=0.01 secs] 
2014-07-08T14:25:21.859+0000: 628.291: [GC [PSYoungGen: 97926K->1362K(96768K)] 143958K->47465K(783744K), 0.0092870 secs] [Times: user=0.06 sys=0.00, real=0.01 secs] 
2014-07-08T14:25:23.199+0000: 629.631: [GC [PSYoungGen: 96722K->1130K(95232K)] 142825K->47752K(782208K), 0.0065940 secs] [Times: user=0.03 sys=0.00, real=0.01 secs] 
2014-07-08T14:25:24.606+0000: 631.038: [GC [PSYoungGen: 95210K->1917K(94784K)] 141832K->48773K(781760K), 0.0132330 secs] [Times: user=0.08 sys=0.00, real=0.02 secs] 
2014-07-08T14:25:25.906+0000: 632.339: [GC [PSYoungGen: 94757K->818K(92480K)] 141613K->48502K(779456K), 0.0057190 secs] [Times: user=0.03 sys=0.00, real=0.01 secs] 
2014-07-08T14:25:27.183+0000: 633.615: [GC [PSYoungGen: 92434K->1886K(92416K)] 140118K->49643K(779392K), 0.0116280 secs] [Times: user=0.06 sys=0.00, real=0.01 secs] 
2014-07-08T14:25:28.446+0000: 634.879: [GC [PSYoungGen: 92336K->1518K(90880K)] 140092K->49989K(777856K), 0.0067870 secs] [Times: user=0.03 sys=0.00, real=0.01 secs] 
2014-07-08T14:25:29.783+0000: 636.215: [GC [PSYoungGen: 90862K->1498K(89792K)] 139333K->50041K(776768K), 0.0057170 secs] [Times: user=0.03 sys=0.00, real=0.00 secs] 
2014-07-08T14:25:31.096+0000: 637.528: [GC [PSYoungGen: 89754K->1710K(88896K)] 138297K->50365K(775872K), 0.0160400 secs] [Times: user=0.09 sys=0.01, real=0.02 secs] 
2014-07-08T14:25:32.407+0000: 638.839: [GC [PSYoungGen: 88878K->1720K(87808K)] 137533K->50432K(774784K), 0.0210670 secs] [Times: user=0.12 sys=0.01, real=0.02 secs] 
2014-07-08T14:25:33.648+0000: 640.080: [GC [PSYoungGen: 87800K->1198K(104512K)] 136512K->50061K(791488K), 0.0227430 secs] [Times: user=0.15 sys=0.00, real=0.03 secs] 
2014-07-08T14:25:35.224+0000: 641.656: [GC [PSYoungGen: 104494K->1440K(125440K)] 153357K->50351K(812416K), 0.0143720 secs] [Times: user=0.09 sys=0.00, real=0.01 secs] 
2014-07-08T14:25:36.914+0000: 643.346: [GC [PSYoungGen: 125408K->1764K(123776K)] 174319K->50763K(810752K), 0.0045210 secs] [Times: user=0.02 sys=0.00, real=0.00 secs] 
2014-07-08T14:25:38.591+0000: 645.023: [GC [PSYoungGen: 123735K->2148K(122240K)] 172734K->51220K(809216K), 0.0077060 secs] [Times: user=0.04 sys=0.00, real=0.01 secs] 
2014-07-08T14:25:40.291+0000: 646.723: [GC [PSYoungGen: 122212K->550K(118784K)] 171284K->50622K(805760K), 0.0040080 secs] [Times: user=0.02 sys=0.00, real=0.01 secs] 
2014-07-08T14:25:42.154+0000: 648.586: [GC [PSYoungGen: 118758K->1872K(118272K)] 168830K->51999K(805248K), 0.0106060 secs] [Times: user=0.06 sys=0.00, real=0.01 secs] 
2014-07-08T14:25:43.680+0000: 650.112: [GC [PSYoungGen: 118224K->1532K(116096K)] 168351K->52258K(803072K), 0.0065410 secs] [Times: user=0.03 sys=0.01, real=0.01 secs] 
2014-07-08T14:25:45.197+0000: 651.630: [GC [PSYoungGen: 116092K->1600K(114496K)] 166818K->52405K(801472K), 0.0064610 secs] [Times: user=0.04 sys=0.00, real=0.01 secs] 
2014-07-08T14:25:46.925+0000: 653.357: [GC [PSYoungGen: 114431K->1230K(112448K)] 165237K->52075K(799424K), 0.0074030 secs] [Times: user=0.02 sys=0.00, real=0.01 secs] 
2014-07-08T14:25:48.589+0000: 655.021: [GC [PSYoungGen: 112398K->1980K(111488K)] 163243K->52922K(798464K), 0.0054350 secs] [Times: user=0.03 sys=0.01, real=0.01 secs] 
2014-07-08T14:25:49.801+0000: 656.234: [GC [PSYoungGen: 111484K->1380K(109312K)] 162426K->52393K(796288K), 0.0086350 secs] [Times: user=0.05 sys=0.00, real=0.01 secs] 
2014-07-08T14:25:50.838+0000: 657.270: [GC [PSYoungGen: 109284K->1512K(107904K)] 160297K->52597K(794880K), 0.0097200 secs] [Times: user=0.06 sys=0.00, real=0.01 secs] 
2014-07-08T14:25:52.252+0000: 658.684: [GC [PSYoungGen: 107877K->1700K(106560K)] 158963K->52929K(793536K), 0.0066170 secs] [Times: user=0.03 sys=0.00, real=0.01 secs] 
2014-07-08T14:25:53.399+0000: 659.831: [GC [PSYoungGen: 106531K->1422K(104832K)] 157761K->52739K(791808K), 0.0064740 secs] [Times: user=0.04 sys=0.00, real=0.01 secs] 
2014-07-08T14:25:54.777+0000: 661.209: [GC [PSYoungGen: 104782K->1469K(103360K)] 156099K->52911K(790336K), 0.0054500 secs] [Times: user=0.02 sys=0.01, real=0.00 secs] 
2014-07-08T14:25:56.258+0000: 662.690: [GC [PSYoungGen: 103357K->1688K(102208K)] 154799K->53219K(789184K), 0.0090280 secs] [Times: user=0.05 sys=0.00, real=0.01 secs] 
2014-07-08T14:25:57.796+0000: 664.228: [GC [PSYoungGen: 102168K->1330K(100416K)] 153699K->52964K(787392K), 0.0075920 secs] [Times: user=0.05 sys=0.00, real=0.00 secs] 
2014-07-08T14:25:59.433+0000: 665.865: [GC [PSYoungGen: 100399K->1838K(99584K)] 152034K->53545K(786560K), 0.0076360 secs] [Times: user=0.04 sys=0.01, real=0.01 secs] 
2014-07-08T14:26:01.119+0000: 667.552: [GC [PSYoungGen: 99557K->1188K(97664K)] 151264K->53000K(784640K), 0.0105500 secs] [Times: user=0.06 sys=0.01, real=0.01 secs] 
2014-07-08T14:26:03.157+0000: 669.589: [GC [PSYoungGen: 97636K->1458K(96640K)] 149448K->53311K(783616K), 0.0199110 secs] [Times: user=0.12 sys=0.00, real=0.02 secs] 
2014-07-08T14:26:04.820+0000: 671.253: [GC [PSYoungGen: 96626K->1575K(95488K)] 148479K->53475K(782464K), 0.0312700 secs] [Times: user=0.22 sys=0.00, real=0.03 secs] 
2014-07-08T14:26:06.637+0000: 673.069: [GC [PSYoungGen: 95463K->1508K(94208K)] 147363K->53488K(781184K), 0.0036030 secs] [Times: user=0.02 sys=0.01, real=0.00 secs] 
2014-07-08T14:26:06.795+0000: 673.228: [GC [PSYoungGen: 94180K->836K(112128K)] 146160K->52872K(799104K), 0.0060440 secs] [Times: user=0.04 sys=0.01, real=0.00 secs] 
2014-07-08T14:26:07.073+0000: 673.505: [GC [PSYoungGen: 112068K->1330K(134848K)] 164104K->53391K(821824K), 0.0059930 secs] [Times: user=0.01 sys=0.00, real=0.01 secs] 
2014-07-08T14:26:08.564+0000: 674.996: [GC [PSYoungGen: 134834K->1546K(161856K)] 186895K->53655K(848832K), 0.0140510 secs] [Times: user=0.07 sys=0.01, real=0.02 secs] 
2014-07-08T14:26:11.450+0000: 677.882: [GC [PSYoungGen: 161802K->1568K(193920K)] 213911K->53676K(880896K), 0.0076500 secs] [Times: user=0.05 sys=0.00, real=0.01 secs] 
2014-07-08T14:26:14.708+0000: 681.140: [GC [PSYoungGen: 193888K->1078K(189312K)] 245996K->53729K(876288K), 0.0042290 secs] [Times: user=0.02 sys=0.00, real=0.00 secs] 
2014-07-08T14:26:17.772+0000: 684.204: [GC [PSYoungGen: 189302K->1792K(186112K)] 241953K->54476K(873088K), 0.0073520 secs] [Times: user=0.03 sys=0.01, real=0.01 secs] 
2014-07-08T14:26:21.026+0000: 687.458: [GC [PSYoungGen: 186048K->1188K(181632K)] 238731K->54269K(868608K), 0.0096800 secs] [Times: user=0.06 sys=0.00, real=0.01 secs] 
2014-07-08T14:26:24.616+0000: 691.049: [GC [PSYoungGen: 181604K->1572K(178304K)] 234685K->54685K(865280K), 0.0084310 secs] [Times: user=0.04 sys=0.00, real=0.01 secs] 
2014-07-08T14:26:27.873+0000: 694.305: [GC [PSYoungGen: 178276K->1316K(174464K)] 231389K->54495K(861440K), 0.0058780 secs] [Times: user=0.04 sys=0.01, real=0.01 secs] 
2014-07-08T14:26:31.427+0000: 697.859: [GC [PSYoungGen: 174436K->1394K(171072K)] 227615K->54581K(858048K), 0.0039340 secs] [Times: user=0.01 sys=0.00, real=0.01 secs] 
2014-07-08T14:26:34.720+0000: 701.152: [GC [PSYoungGen: 171014K->1266K(167616K)] 224201K->54615K(854592K), 0.0039830 secs] [Times: user=0.01 sys=0.00, real=0.00 secs] 
2014-07-08T14:26:37.569+0000: 704.001: [GC [PSYoungGen: 167602K->1756K(164928K)] 220951K->55130K(851904K), 0.0112720 secs] [Times: user=0.07 sys=0.00, real=0.02 secs] 
2014-07-08T14:26:40.387+0000: 706.820: [GC [PSYoungGen: 164892K->942K(160960K)] 218266K->54724K(847936K), 0.0117160 secs] [Times: user=0.06 sys=0.00, real=0.01 secs] 
2014-07-08T14:26:43.268+0000: 709.700: [GC [PSYoungGen: 160942K->1842K(158848K)] 214724K->55649K(845824K), 0.0124370 secs] [Times: user=0.08 sys=0.00, real=0.01 secs] 
2014-07-08T14:26:45.820+0000: 712.252: [GC [PSYoungGen: 158809K->1198K(155264K)] 212616K->55454K(842240K), 0.0164890 secs] [Times: user=0.10 sys=0.01, real=0.02 secs] 
2014-07-08T14:26:48.509+0000: 714.942: [GC [PSYoungGen: 155245K->1770K(152960K)] 209502K->56043K(839936K), 0.0132220 secs] [Times: user=0.10 sys=0.00, real=0.02 secs] 
2014-07-08T14:26:51.370+0000: 717.803: [GC [PSYoungGen: 152938K->1124K(149568K)] 207211K->55636K(836544K), 0.0069920 secs] [Times: user=0.03 sys=0.01, real=0.01 secs] 
2014-07-08T14:26:54.182+0000: 720.614: [GC [PSYoungGen: 149528K->1498K(147264K)] 204041K->56026K(834240K), 0.0050990 secs] [Times: user=0.03 sys=0.00, real=0.00 secs] 
2014-07-08T14:26:56.921+0000: 723.353: [GC [PSYoungGen: 147226K->1554K(144704K)] 201754K->56115K(831680K), 0.0091280 secs] [Times: user=0.06 sys=0.00, real=0.01 secs] 
2014-07-08T14:26:59.253+0000: 725.685: [GC [PSYoungGen: 144657K->1248K(141888K)] 199218K->55808K(828864K), 0.0069290 secs] [Times: user=0.01 sys=0.00, real=0.01 secs] 
2014-07-08T14:27:01.810+0000: 728.242: [GC [PSYoungGen: 141856K->1120K(139328K)] 196416K->55915K(826304K), 0.0046710 secs] [Times: user=0.02 sys=0.00, real=0.01 secs] 
2014-07-08T14:27:04.447+0000: 730.879: [GC [PSYoungGen: 139294K->1848K(137664K)] 194089K->56659K(824640K), 0.0069110 secs] [Times: user=0.03 sys=0.00, real=0.01 secs] 
2014-07-08T14:27:06.921+0000: 733.354: [GC [PSYoungGen: 137656K->1000K(134528K)] 192467K->56499K(821504K), 0.0065580 secs] [Times: user=0.04 sys=0.00, real=0.01 secs] 
2014-07-08T14:27:09.503+0000: 735.935: [GC [PSYoungGen: 134504K->1530K(132800K)] 190003K->57053K(819776K), 0.0129240 secs] [Times: user=0.07 sys=0.00, real=0.02 secs] 
2014-07-08T14:27:11.828+0000: 738.260: [GC [PSYoungGen: 132794K->1582K(130688K)] 188317K->57417K(817664K), 0.0066350 secs] [Times: user=0.04 sys=0.00, real=0.00 secs] 
2014-07-08T14:27:13.986+0000: 740.418: [GC [PSYoungGen: 130670K->1692K(128704K)] 186505K->57560K(815680K), 0.0064230 secs] [Times: user=0.04 sys=0.00, real=0.00 secs] 
2014-07-08T14:27:15.815+0000: 742.247: [GC [PSYoungGen: 128668K->936K(125888K)] 184536K->57423K(812864K), 0.0088270 secs] [Times: user=0.05 sys=0.00, real=0.01 secs] 
2014-07-08T14:27:17.355+0000: 743.787: [GC [PSYoungGen: 125864K->1562K(124544K)] 182351K->58081K(811520K), 0.0116250 secs] [Times: user=0.05 sys=0.00, real=0.02 secs] 
2014-07-08T14:27:19.295+0000: 745.727: [GC [PSYoungGen: 124506K->1496K(122496K)] 181025K->58260K(809472K), 0.0065080 secs] [Times: user=0.04 sys=0.00, real=0.01 secs] 
2014-07-08T14:27:21.664+0000: 748.096: [GC [PSYoungGen: 122456K->1696K(120768K)] 179220K->58483K(807744K), 0.0074330 secs] [Times: user=0.03 sys=0.01, real=0.01 secs] 
2014-07-08T14:27:24.040+0000: 750.472: [GC [PSYoungGen: 120736K->750K(117952K)] 177523K->58206K(804928K), 0.0058810 secs] [Times: user=0.04 sys=0.00, real=0.00 secs] 
2014-07-08T14:27:26.298+0000: 752.730: [GC [PSYoungGen: 117934K->1922K(117376K)] 175390K->59442K(804352K), 0.0100650 secs] [Times: user=0.07 sys=0.00, real=0.01 secs] 
2014-07-08T14:27:28.416+0000: 754.848: [GC [PSYoungGen: 117314K->1266K(114944K)] 174834K->59552K(801920K), 0.0098390 secs] [Times: user=0.04 sys=0.01, real=0.01 secs] 
2014-07-08T14:27:30.623+0000: 757.055: [GC [PSYoungGen: 114882K->1284K(113280K)] 173169K->59602K(800256K), 0.0136470 secs] [Times: user=0.07 sys=0.01, real=0.01 secs] 
2014-07-08T14:27:32.690+0000: 759.123: [GC [PSYoungGen: 113199K->1494K(111808K)] 171517K->59918K(798784K), 0.0031460 secs] [Times: user=0.01 sys=0.01, real=0.00 secs] 
2014-07-08T14:27:34.631+0000: 761.064: [GC [PSYoungGen: 111766K->1710K(110400K)] 170190K->60191K(797376K), 0.0064740 secs] [Times: user=0.04 sys=0.00, real=0.00 secs] 
2014-07-08T14:27:36.447+0000: 762.879: [GC [PSYoungGen: 110382K->1134K(108224K)] 168863K->59986K(795200K), 0.0053330 secs] [Times: user=0.03 sys=0.01, real=0.01 secs] 
2014-07-08T14:27:38.208+0000: 764.640: [GC [PSYoungGen: 108206K->1860K(107456K)] 167058K->60744K(794432K), 0.0082570 secs] [Times: user=0.03 sys=0.01, real=0.01 secs] 
2014-07-08T14:27:40.157+0000: 766.589: [GC [PSYoungGen: 107394K->1216K(105280K)] 166278K->60164K(792256K), 0.0066090 secs] [Times: user=0.04 sys=0.00, real=0.01 secs] 
2014-07-08T14:27:41.806+0000: 768.238: [GC [PSYoungGen: 105280K->1522K(104128K)] 164228K->60518K(791104K), 0.0105020 secs] [Times: user=0.05 sys=0.01, real=0.01 secs] 
2014-07-08T14:27:42.681+0000: 769.113: [GC [PSYoungGen: 104090K->1604K(102848K)] 163086K->60664K(789824K), 0.0041260 secs] [Times: user=0.02 sys=0.00, real=0.00 secs] 
2014-07-08T14:27:44.004+0000: 770.436: [GC [PSYoungGen: 102788K->1408K(101184K)] 161848K->60524K(788160K), 0.0080600 secs] [Times: user=0.05 sys=0.00, real=0.01 secs] 
2014-07-08T14:27:45.681+0000: 772.113: [GC [PSYoungGen: 101184K->1201K(99648K)] 160300K->60913K(786624K), 0.0162200 secs] [Times: user=0.09 sys=0.01, real=0.01 secs] 
2014-07-08T14:27:47.463+0000: 773.895: [GC [PSYoungGen: 99633K->1646K(98752K)] 159345K->61439K(785728K), 0.0175350 secs] [Times: user=0.12 sys=0.00, real=0.01 secs] 
2014-07-08T14:27:49.263+0000: 775.695: [GC [PSYoungGen: 98671K->1387K(97216K)] 158464K->61438K(784192K), 0.0137480 secs] [Times: user=0.08 sys=0.00, real=0.01 secs] 
2014-07-08T14:27:51.037+0000: 777.469: [GC [PSYoungGen: 97195K->1674K(96256K)] 157246K->61781K(783232K), 0.0067110 secs] [Times: user=0.03 sys=0.00, real=0.01 secs] 
2014-07-08T14:27:52.673+0000: 779.105: [GC [PSYoungGen: 96201K->1010K(94336K)] 156308K->61469K(781312K), 0.0027680 secs] [Times: user=0.02 sys=0.00, real=0.00 secs] 
2014-07-08T14:27:53.968+0000: 780.400: [GC [PSYoungGen: 94322K->1682K(93824K)] 154781K->62197K(780800K), 0.0085540 secs] [Times: user=0.05 sys=0.00, real=0.01 secs] 
2014-07-08T14:27:55.709+0000: 782.141: [GC [PSYoungGen: 93741K->1407K(92352K)] 154256K->62594K(779328K), 0.0097130 secs] [Times: user=0.07 sys=0.00, real=0.01 secs] 
2014-07-08T14:27:56.784+0000: 783.216: [GC [PSYoungGen: 92351K->1224K(91072K)] 153538K->62459K(778048K), 0.0038970 secs] [Times: user=0.02 sys=0.00, real=0.00 secs] 
2014-07-08T14:27:57.291+0000: 783.724: [GC [PSYoungGen: 91016K->1262K(89920K)] 152251K->62677K(776896K), 0.0110210 secs] [Times: user=0.06 sys=0.00, real=0.02 secs] 
2014-07-08T14:28:01.148+0000: 787.580: [GC [PSYoungGen: 89891K->1508K(89088K)] 151306K->62923K(776064K), 0.0086850 secs] [Times: user=0.05 sys=0.00, real=0.01 secs] 
2014-07-08T14:28:05.744+0000: 792.177: [GC [PSYoungGen: 89060K->1152K(87616K)] 150475K->62567K(774592K), 0.0028010 secs] [Times: user=0.02 sys=0.00, real=0.00 secs] 
2014-07-08T14:28:05.900+0000: 792.332: [GC [PSYoungGen: 87616K->1508K(105344K)] 149031K->62987K(792320K), 0.0052830 secs] [Times: user=0.03 sys=0.00, real=0.01 secs] 
2014-07-08T14:28:06.075+0000: 792.507: [GC [PSYoungGen: 105316K->1152K(125760K)] 166795K->62695K(812736K), 0.0053410 secs] [Times: user=0.03 sys=0.00, real=0.00 secs] 
2014-07-08T14:28:06.284+0000: 792.716: [GC [PSYoungGen: 125760K->1394K(150976K)] 187303K->62985K(837952K), 0.0032890 secs] [Times: user=0.01 sys=0.00, real=0.00 secs] 
2014-07-08T14:28:06.804+0000: 793.236: [GC [PSYoungGen: 150962K->1642K(181184K)] 212553K->63273K(868160K), 0.0074690 secs] [Times: user=0.04 sys=0.00, real=0.00 secs] 
2014-07-08T14:28:08.683+0000: 795.115: [GC [PSYoungGen: 181162K->1728K(189952K)] 242793K->63463K(876928K), 0.0096270 secs] [Times: user=0.05 sys=0.00, real=0.01 secs] 
2014-07-08T14:28:10.808+0000: 797.241: [GC [PSYoungGen: 189632K->1472K(217600K)] 251367K->63207K(904576K), 0.0058140 secs] [Times: user=0.03 sys=0.00, real=0.01 secs] 
2014-07-08T14:28:14.432+0000: 800.864: [GC [PSYoungGen: 216931K->1494K(212160K)] 278666K->63229K(899136K), 0.0071630 secs] [Times: user=0.04 sys=0.00, real=0.01 secs] 
2014-07-08T14:28:17.712+0000: 804.144: [GC [PSYoungGen: 212118K->572K(206464K)] 273853K->63113K(893440K), 0.0056970 secs] [Times: user=0.02 sys=0.01, real=0.01 secs] 
2014-07-08T14:28:21.673+0000: 808.105: [GC [PSYoungGen: 206460K->1964K(203328K)] 269001K->64634K(890304K), 0.0248710 secs] [Times: user=0.16 sys=0.00, real=0.03 secs] 
2014-07-08T14:28:25.389+0000: 811.821: [GC [PSYoungGen: 203308K->1440K(198464K)] 265978K->64787K(885440K), 0.0169430 secs] [Times: user=0.10 sys=0.00, real=0.02 secs] 
2014-07-08T14:28:28.640+0000: 815.072: [GC [PSYoungGen: 198432K->2049K(194880K)] 261779K->65428K(881856K), 0.0138040 secs] [Times: user=0.08 sys=0.00, real=0.01 secs] 
2014-07-08T14:28:31.683+0000: 818.116: [GC [PSYoungGen: 194817K->1084K(189760K)] 258196K->65238K(876736K), 0.0038300 secs] [Times: user=0.02 sys=0.00, real=0.01 secs] 
2014-07-08T14:28:34.909+0000: 821.341: [GC [PSYoungGen: 189756K->1518K(186240K)] 253910K->65720K(873216K), 0.0078840 secs] [Times: user=0.05 sys=0.01, real=0.00 secs] 
2014-07-08T14:28:38.317+0000: 824.749: [GC [PSYoungGen: 186219K->1454K(182336K)] 250421K->65712K(869312K), 0.0093340 secs] [Times: user=0.06 sys=0.00, real=0.01 secs] 
2014-07-08T14:28:41.797+0000: 828.230: [GC [PSYoungGen: 182316K->1330K(178496K)] 246574K->65588K(865472K), 0.0110180 secs] [Times: user=0.06 sys=0.00, real=0.01 secs] 
2014-07-08T14:28:45.187+0000: 831.620: [GC [PSYoungGen: 178466K->1672K(175296K)] 242724K->65930K(862272K), 0.0045250 secs] [Times: user=0.03 sys=0.01, real=0.01 secs] 
2014-07-08T14:28:48.184+0000: 834.616: [GC [PSYoungGen: 175240K->1656K(171776K)] 239498K->65914K(858752K), 0.0133520 secs] [Times: user=0.08 sys=0.01, real=0.01 secs] 
2014-07-08T14:28:50.866+0000: 837.298: [GC [PSYoungGen: 171768K->1258K(168064K)] 236026K->65756K(855040K), 0.0055770 secs] [Times: user=0.04 sys=0.00, real=0.01 secs] 
2014-07-08T14:28:53.209+0000: 839.641: [GC [PSYoungGen: 168042K->1376K(164928K)] 232540K->65898K(851904K), 0.0036500 secs] [Times: user=0.01 sys=0.00, real=0.01 secs] 
2014-07-08T14:28:55.558+0000: 841.990: [GC [PSYoungGen: 164896K->1180K(161600K)] 229418K->65776K(848576K), 0.0078630 secs] [Times: user=0.04 sys=0.00, real=0.01 secs] 
2014-07-08T14:28:57.810+0000: 844.242: [GC [PSYoungGen: 161564K->1298K(158656K)] 226160K->65894K(845632K), 0.0073050 secs] [Times: user=0.04 sys=0.00, real=0.01 secs] 
2014-07-08T14:28:59.892+0000: 846.324: [GC [PSYoungGen: 158610K->1326K(155712K)] 223206K->65930K(842688K), 0.0065830 secs] [Times: user=0.04 sys=0.00, real=0.01 secs] 
2014-07-08T14:29:01.992+0000: 848.424: [GC [PSYoungGen: 155694K->1390K(152896K)] 220298K->66002K(839872K), 0.0056530 secs] [Times: user=0.02 sys=0.01, real=0.01 secs] 
2014-07-08T14:29:04.264+0000: 850.697: [GC [PSYoungGen: 152878K->1526K(150272K)] 217490K->66364K(837248K), 0.0109980 secs] [Times: user=0.06 sys=0.00, real=0.01 secs] 
2014-07-08T14:29:06.281+0000: 852.713: [GC [PSYoungGen: 150262K->1550K(147648K)] 215100K->66412K(834624K), 0.0082640 secs] [Times: user=0.05 sys=0.00, real=0.01 secs] 
2014-07-08T14:29:08.419+0000: 854.851: [GC [PSYoungGen: 147598K->1130K(144576K)] 212460K->66541K(831552K), 0.0045010 secs] [Times: user=0.02 sys=0.01, real=0.01 secs] 
2014-07-08T14:29:10.550+0000: 856.982: [GC [PSYoungGen: 144554K->1640K(142528K)] 209965K->67082K(829504K), 0.0057730 secs] [Times: user=0.02 sys=0.00, real=0.01 secs] 
2014-07-08T14:29:12.442+0000: 858.875: [GC [PSYoungGen: 142504K->1170K(139648K)] 207946K->66832K(826624K), 0.0117010 secs] [Times: user=0.08 sys=0.00, real=0.02 secs] 
2014-07-08T14:29:14.191+0000: 860.623: [GC [PSYoungGen: 139602K->1380K(137472K)] 205264K->67090K(824448K), 0.0167590 secs] [Times: user=0.09 sys=0.00, real=0.02 secs] 
2014-07-08T14:29:16.095+0000: 862.528: [GC [PSYoungGen: 137444K->1642K(135424K)] 203154K->67529K(822400K), 0.0058260 secs] [Times: user=0.02 sys=0.00, real=0.00 secs] 
2014-07-08T14:29:17.769+0000: 864.202: [GC [PSYoungGen: 135378K->1782K(133312K)] 201264K->67749K(820288K), 0.0075390 secs] [Times: user=0.02 sys=0.01, real=0.01 secs] 
2014-07-08T14:29:19.791+0000: 866.224: [GC [PSYoungGen: 133302K->822K(130176K)] 199269K->67434K(817152K), 0.0071310 secs] [Times: user=0.04 sys=0.00, real=0.01 secs] 
2014-07-08T14:29:21.741+0000: 868.173: [GC [PSYoungGen: 130164K->2096K(129344K)] 196777K->68741K(816320K), 0.0112580 secs] [Times: user=0.07 sys=0.00, real=0.01 secs] 
2014-07-08T14:29:23.625+0000: 870.058: [GC [PSYoungGen: 129328K->1334K(126528K)] 195973K->68608K(813504K), 0.0098630 secs] [Times: user=0.05 sys=0.00, real=0.01 secs] 
2014-07-08T14:29:25.210+0000: 871.642: [GC [PSYoungGen: 126518K->1302K(124544K)] 193792K->68616K(811520K), 0.0050790 secs] [Times: user=0.02 sys=0.00, real=0.01 secs] 
2014-07-08T14:29:26.861+0000: 873.293: [GC [PSYoungGen: 124502K->1802K(123072K)] 191816K->69181K(810048K), 0.0051650 secs] [Times: user=0.03 sys=0.00, real=0.01 secs] 
2014-07-08T14:29:28.663+0000: 875.095: [GC [PSYoungGen: 123018K->1632K(120960K)] 190397K->69059K(807936K), 0.0140480 secs] [Times: user=0.07 sys=0.00, real=0.02 secs] 
2014-07-08T14:29:30.513+0000: 876.945: [GC [PSYoungGen: 120927K->1252K(118720K)] 188354K->68854K(805696K), 0.0052220 secs] [Times: user=0.03 sys=0.00, real=0.01 secs] 
2014-07-08T14:29:32.042+0000: 878.475: [GC [PSYoungGen: 118690K->1486K(117184K)] 186293K->69177K(804160K), 0.0095430 secs] [Times: user=0.04 sys=0.01, real=0.01 secs] 
2014-07-08T14:29:33.656+0000: 880.088: [GC [PSYoungGen: 117134K->1344K(115328K)] 184825K->69125K(802304K), 0.0147890 secs] [Times: user=0.08 sys=0.00, real=0.02 secs] 
2014-07-08T14:29:35.357+0000: 881.789: [GC [PSYoungGen: 115264K->1472K(113728K)] 183045K->69333K(800704K), 0.0051440 secs] [Times: user=0.02 sys=0.00, real=0.00 secs] 
2014-07-08T14:29:39.836+0000: 886.269: [GC [PSYoungGen: 113664K->956K(111488K)] 181525K->68849K(798464K), 0.0068790 secs] [Times: user=0.03 sys=0.00, real=0.01 secs] 
2014-07-08T14:29:40.050+0000: 886.482: [GC [PSYoungGen: 111484K->1046K(133760K)] 179377K->68954K(820736K), 0.0121900 secs] [Times: user=0.06 sys=0.00, real=0.01 secs] 
2014-07-08T14:29:40.313+0000: 886.745: [GC [PSYoungGen: 133718K->1120K(160384K)] 201626K->69085K(847360K), 0.0049400 secs] [Times: user=0.03 sys=0.00, real=0.00 secs] 
2014-07-08T14:29:40.671+0000: 887.103: [GC [PSYoungGen: 160352K->1362K(188800K)] 228317K->69351K(875776K), 0.0060780 secs] [Times: user=0.02 sys=0.00, real=0.00 secs] 
2014-07-08T14:29:42.124+0000: 888.556: [GC [PSYoungGen: 187939K->1540K(193216K)] 255928K->69617K(880192K), 0.0060800 secs] [Times: user=0.04 sys=0.00, real=0.01 secs] 
2014-07-08T14:29:44.660+0000: 891.092: [GC [PSYoungGen: 192644K->1710K(193216K)] 260721K->69787K(880192K), 0.0072560 secs] [Times: user=0.04 sys=0.01, real=0.00 secs] 
2014-07-08T14:29:47.607+0000: 894.039: [GC [PSYoungGen: 192814K->1820K(188928K)] 260891K->69897K(875904K), 0.0155400 secs] [Times: user=0.10 sys=0.00, real=0.02 secs] 
2014-07-08T14:29:50.400+0000: 896.832: [GC [PSYoungGen: 188892K->1934K(185152K)] 256969K->70011K(872128K), 0.0055520 secs] [Times: user=0.03 sys=0.00, real=0.00 secs] 
2014-07-08T14:29:53.148+0000: 899.580: [GC [PSYoungGen: 185102K->700K(180096K)] 253179K->69367K(867072K), 0.0058470 secs] [Times: user=0.03 sys=0.00, real=0.01 secs] 
2014-07-08T14:29:55.641+0000: 902.073: [GC [PSYoungGen: 180092K->1968K(177728K)] 248759K->70651K(864704K), 0.0087190 secs] [Times: user=0.05 sys=0.01, real=0.00 secs] 
2014-07-08T14:29:57.836+0000: 904.268: [GC [PSYoungGen: 177710K->1646K(173888K)] 246393K->70881K(860864K), 0.0054580 secs] [Times: user=0.04 sys=0.00, real=0.01 secs] 
2014-07-08T14:30:00.045+0000: 906.478: [GC [PSYoungGen: 173866K->1756K(170624K)] 243101K->71007K(857600K), 0.0086070 secs] [Times: user=0.04 sys=0.01, real=0.01 secs] 
2014-07-08T14:30:19.292+0000: 925.725: [GC [PSYoungGen: 170588K->1156K(166720K)] 239839K->70463K(853696K), 0.0071130 secs] [Times: user=0.04 sys=0.00, real=0.01 secs] 
2014-07-08T14:30:19.585+0000: 926.017: [GC [PSYoungGen: 166653K->1440K(163776K)] 235960K->70811K(850752K), 0.0068770 secs] [Times: user=0.04 sys=0.00, real=0.00 secs] 
2014-07-08T14:30:19.873+0000: 926.305: [GC [PSYoungGen: 163744K->1298K(196160K)] 233115K->70725K(883136K), 0.0060560 secs] [Times: user=0.03 sys=0.00, real=0.01 secs] 
2014-07-08T14:30:20.235+0000: 926.667: [GC [PSYoungGen: 196114K->1482K(224960K)] 265541K->70981K(911936K), 0.0085900 secs] [Times: user=0.05 sys=0.01, real=0.00 secs] 
2014-07-08T14:30:24.742+0000: 931.175: [GC [PSYoungGen: 224202K->1284K(235968K)] 293701K->70783K(922944K), 0.0063020 secs] [Times: user=0.03 sys=0.00, real=0.01 secs] 
2014-07-08T14:30:25.180+0000: 931.613: [GC [PSYoungGen: 235076K->1628K(229952K)] 304575K->71223K(916928K), 0.0032340 secs] [Times: user=0.01 sys=0.01, real=0.00 secs] 
2014-07-08T14:30:26.700+0000: 933.133: [GC [PSYoungGen: 229913K->576K(223552K)] 299508K->70891K(910528K), 0.0035790 secs] [Times: user=0.02 sys=0.00, real=0.00 secs] 
2014-07-08T14:30:29.876+0000: 936.308: [GC [PSYoungGen: 223551K->2092K(219968K)] 293867K->72568K(906944K), 0.0084720 secs] [Times: user=0.04 sys=0.00, real=0.00 secs] 
2014-07-08T14:30:33.170+0000: 939.603: [GC [PSYoungGen: 219904K->1589K(214528K)] 290379K->72858K(901504K), 0.0074750 secs] [Times: user=0.04 sys=0.00, real=0.01 secs] 
2014-07-08T14:30:36.765+0000: 943.197: [GC [PSYoungGen: 214517K->1486K(209664K)] 285786K->72788K(896640K), 0.0353840 secs] [Times: user=0.23 sys=0.00, real=0.04 secs] 
2014-07-08T14:30:40.173+0000: 946.605: [GC [PSYoungGen: 209614K->1476K(205056K)] 280916K->72786K(892032K), 0.0073860 secs] [Times: user=0.04 sys=0.00, real=0.01 secs] 
2014-07-08T14:30:43.911+0000: 950.343: [GC [PSYoungGen: 204996K->1540K(200640K)] 276306K->72849K(887616K), 0.0087470 secs] [Times: user=0.02 sys=0.00, real=0.01 secs] 
2014-07-08T14:30:47.596+0000: 954.028: [GC [PSYoungGen: 200578K->1692K(196480K)] 271888K->73001K(883456K), 0.0044690 secs] [Times: user=0.02 sys=0.00, real=0.01 secs] 
2014-07-08T14:31:19.885+0000: 986.318: [GC [PSYoungGen: 196444K->1074K(191680K)] 267753K->72383K(878656K), 0.0036910 secs] [Times: user=0.02 sys=0.00, real=0.00 secs] 
2014-07-08T14:31:20.210+0000: 986.643: [GC [PSYoungGen: 191666K->1184K(187776K)] 262975K->72510K(874752K), 0.0058660 secs] [Times: user=0.01 sys=0.00, real=0.01 secs] 
2014-07-08T14:31:20.550+0000: 986.983: [GC [PSYoungGen: 187744K->1532K(184192K)] 259070K->72906K(871168K), 0.0041760 secs] [Times: user=0.01 sys=0.00, real=0.01 secs] 
2014-07-08T14:31:20.872+0000: 987.305: [GC [PSYoungGen: 184188K->1248K(220480K)] 255562K->72669K(907456K), 0.0059460 secs] [Times: user=0.01 sys=0.00, real=0.01 secs] 
2014-07-08T14:31:23.037+0000: 989.469: [GC [PSYoungGen: 220448K->1202K(215424K)] 291869K->72639K(902400K), 0.0092680 secs] [Times: user=0.06 sys=0.00, real=0.01 secs] 
2014-07-08T14:31:26.788+0000: 993.221: [GC [PSYoungGen: 215410K->1526K(210944K)] 286847K->72963K(897920K), 0.0075840 secs] [Times: user=0.05 sys=0.00, real=0.01 secs] 
2014-07-08T14:31:30.134+0000: 996.566: [GC [PSYoungGen: 210934K->1738K(206528K)] 282371K->73176K(893504K), 0.0061410 secs] [Times: user=0.02 sys=0.00, real=0.00 secs] 
2014-07-08T14:31:33.550+0000: 999.982: [GC [PSYoungGen: 206474K->1074K(201344K)] 277912K->72695K(888320K), 0.0085870 secs] [Times: user=0.05 sys=0.00, real=0.01 secs] 
2014-07-08T14:31:37.192+0000: 1003.625: [GC [PSYoungGen: 201330K->1522K(197440K)] 272951K->73167K(884416K), 0.0070480 secs] [Times: user=0.04 sys=0.00, real=0.01 secs] 
2014-07-08T14:31:58.627+0000: 1025.059: [GC [PSYoungGen: 197426K->1348K(193088K)] 269071K->73065K(880064K), 0.0031000 secs] [Times: user=0.02 sys=0.00, real=0.01 secs] 
2014-07-08T14:31:58.943+0000: 1025.375: [GC [PSYoungGen: 193028K->1234K(188928K)] 264745K->72991K(875904K), 0.0047110 secs] [Times: user=0.01 sys=0.01, real=0.00 secs] 
2014-07-08T14:31:59.291+0000: 1025.724: [GC [PSYoungGen: 188882K->1540K(185344K)] 260639K->73354K(872320K), 0.0038680 secs] [Times: user=0.02 sys=0.00, real=0.00 secs] 
2014-07-08T14:31:59.688+0000: 1026.120: [GC [PSYoungGen: 185284K->1771K(219712K)] 257098K->73649K(906688K), 0.0084310 secs] [Times: user=0.05 sys=0.00, real=0.01 secs] 
2014-07-08T14:32:03.190+0000: 1029.622: [GC [PSYoungGen: 219435K->1908K(214656K)] 291313K->73786K(901632K), 0.0053720 secs] [Times: user=0.02 sys=0.01, real=0.00 secs] 
2014-07-08T14:32:06.843+0000: 1033.276: [GC [PSYoungGen: 214644K->1788K(209728K)] 286522K->73666K(896704K), 0.0104630 secs] [Times: user=0.05 sys=0.00, real=0.01 secs] 
2014-07-08T14:32:10.549+0000: 1036.981: [GC [PSYoungGen: 209724K->700K(204032K)] 281602K->73384K(891008K), 0.0103900 secs] [Times: user=0.07 sys=0.00, real=0.01 secs] 
2014-07-08T14:32:14.129+0000: 1040.561: [GC [PSYoungGen: 204028K->1888K(200768K)] 276712K->74588K(887744K), 0.0103480 secs] [Times: user=0.06 sys=0.00, real=0.01 secs] 
2014-07-08T14:32:17.620+0000: 1044.053: [GC [PSYoungGen: 200736K->1372K(195968K)] 273436K->74324K(882944K), 0.0143180 secs] [Times: user=0.09 sys=0.01, real=0.02 secs] 
2014-07-08T14:32:20.879+0000: 1047.311: [GC [PSYoungGen: 195932K->1298K(191744K)] 268884K->74249K(878720K), 0.0055300 secs] [Times: user=0.03 sys=0.00, real=0.01 secs] 
2014-07-08T14:32:24.105+0000: 1050.537: [GC [PSYoungGen: 191671K->1777K(188160K)] 264623K->74830K(875136K), 0.0090910 secs] [Times: user=0.06 sys=0.00, real=0.01 secs] 
2014-07-08T14:32:27.383+0000: 1053.815: [GC [PSYoungGen: 188145K->1284K(183808K)] 261198K->74353K(870784K), 0.0083990 secs] [Times: user=0.04 sys=0.00, real=0.00 secs] 
2014-07-08T14:32:30.824+0000: 1057.257: [GC [PSYoungGen: 183748K->1376K(180096K)] 256817K->74525K(867072K), 0.0039370 secs] [Times: user=0.03 sys=0.01, real=0.00 secs] 
2014-07-08T14:32:33.924+0000: 1060.357: [GC [PSYoungGen: 180064K->1480K(176576K)] 253213K->74645K(863552K), 0.0065550 secs] [Times: user=0.04 sys=0.00, real=0.00 secs] 
2014-07-08T14:32:37.087+0000: 1063.519: [GC [PSYoungGen: 176520K->1462K(172992K)] 249685K->74627K(859968K), 0.0088220 secs] [Times: user=0.06 sys=0.00, real=0.01 secs] 
2014-07-08T14:32:40.142+0000: 1066.574: [GC [PSYoungGen: 172982K->1550K(169728K)] 246147K->74715K(856704K), 0.0060600 secs] [Times: user=0.04 sys=0.00, real=0.01 secs] 
2014-07-08T14:32:43.137+0000: 1069.570: [GC [PSYoungGen: 169678K->1201K(166080K)] 242843K->74734K(853056K), 0.0082150 secs] [Times: user=0.04 sys=0.00, real=0.01 secs] 
2014-07-08T14:32:46.146+0000: 1072.578: [GC [PSYoungGen: 166065K->1430K(163136K)] 239598K->74979K(850112K), 0.0049550 secs] [Times: user=0.02 sys=0.01, real=0.01 secs] 
2014-07-08T14:32:49.192+0000: 1075.624: [GC [PSYoungGen: 163062K->1448K(160064K)] 236611K->75275K(847040K), 0.0046050 secs] [Times: user=0.02 sys=0.00, real=0.01 secs] 
2014-07-08T14:32:52.246+0000: 1078.679: [GC [PSYoungGen: 160040K->1514K(157120K)] 233867K->75366K(844096K), 0.0099370 secs] [Times: user=0.06 sys=0.00, real=0.01 secs] 
2014-07-08T14:32:54.876+0000: 1081.309: [GC [PSYoungGen: 157098K->1142K(153856K)] 230950K->75334K(840832K), 0.0095340 secs] [Times: user=0.06 sys=0.00, real=0.01 secs] 
2014-07-08T14:32:57.709+0000: 1084.141: [GC [PSYoungGen: 153840K->1586K(151488K)] 228032K->75802K(838464K), 0.0120150 secs] [Times: user=0.04 sys=0.00, real=0.01 secs] 
2014-07-08T14:33:00.490+0000: 1086.922: [GC [PSYoungGen: 151466K->1138K(148288K)] 225682K->75800K(835264K), 0.0086280 secs] [Times: user=0.05 sys=0.00, real=0.01 secs] 
2014-07-08T14:33:03.095+0000: 1089.528: [GC [PSYoungGen: 148274K->1480K(146048K)] 222936K->76182K(833024K), 0.0044720 secs] [Times: user=0.02 sys=0.00, real=0.01 secs] 
2014-07-08T14:33:05.475+0000: 1091.908: [GC [PSYoungGen: 145992K->1198K(143168K)] 220694K->76380K(830144K), 0.0055420 secs] [Times: user=0.04 sys=0.00, real=0.01 secs] 
2014-07-08T14:33:08.150+0000: 1094.582: [GC [PSYoungGen: 143150K->1750K(141248K)] 218332K->76965K(828224K), 0.0095400 secs] [Times: user=0.04 sys=0.00, real=0.01 secs] 
2014-07-08T14:33:10.301+0000: 1096.733: [GC [PSYoungGen: 141206K->882K(137920K)] 216421K->76522K(824896K), 0.0090510 secs] [Times: user=0.04 sys=0.00, real=0.01 secs] 
2014-07-08T14:33:12.761+0000: 1099.193: [GC [PSYoungGen: 137906K->1746K(136448K)] 213546K->77418K(823424K), 0.0043690 secs] [Times: user=0.02 sys=0.00, real=0.00 secs] 
2014-07-08T14:33:15.249+0000: 1101.681: [GC [PSYoungGen: 136365K->1330K(133696K)] 212037K->77435K(820672K), 0.0074620 secs] [Times: user=0.04 sys=0.00, real=0.01 secs] 
2014-07-08T14:33:17.805+0000: 1104.237: [GC [PSYoungGen: 133676K->2027K(132160K)] 209781K->78274K(819136K), 0.0128720 secs] [Times: user=0.08 sys=0.00, real=0.01 secs] 
2014-07-08T14:33:20.021+0000: 1106.453: [GC [PSYoungGen: 132052K->763K(128704K)] 208298K->78356K(815680K), 0.0043440 secs] [Times: user=0.02 sys=0.00, real=0.01 secs] 
2014-07-08T14:33:22.115+0000: 1108.547: [GC [PSYoungGen: 128699K->2216K(128064K)] 206292K->79940K(815040K), 0.0145840 secs] [Times: user=0.10 sys=0.00, real=0.01 secs] 
2014-07-08T14:33:24.187+0000: 1110.619: [GC [PSYoungGen: 128040K->1366K(125184K)] 205764K->79639K(812160K), 0.0117510 secs] [Times: user=0.08 sys=0.01, real=0.01 secs] 
2014-07-08T14:33:26.472+0000: 1112.904: [GC [PSYoungGen: 125142K->1600K(123456K)] 203415K->79906K(810432K), 0.0091080 secs] [Times: user=0.06 sys=0.00, real=0.01 secs] 
2014-07-08T14:33:28.573+0000: 1115.006: [GC [PSYoungGen: 123392K->1532K(121408K)] 201698K->79845K(808384K), 0.0116930 secs] [Times: user=0.07 sys=0.00, real=0.01 secs] 
2014-07-08T14:33:30.731+0000: 1117.163: [GC [PSYoungGen: 121388K->1384K(119424K)] 199702K->79721K(806400K), 0.0127710 secs] [Times: user=0.08 sys=0.00, real=0.02 secs] 
2014-07-08T14:33:32.706+0000: 1119.139: [GC [PSYoungGen: 119392K->1504K(117760K)] 197730K->79897K(804736K), 0.0112770 secs] [Times: user=0.07 sys=0.00, real=0.01 secs] 
2014-07-08T14:33:35.317+0000: 1121.749: [GC [PSYoungGen: 117728K->1817K(116288K)] 196121K->80267K(803264K), 0.0119560 secs] [Times: user=0.07 sys=0.01, real=0.01 secs] 
2014-07-08T14:33:37.924+0000: 1124.356: [GC [PSYoungGen: 116249K->1270K(113984K)] 194699K->79759K(800960K), 0.0064110 secs] [Times: user=0.03 sys=0.00, real=0.00 secs] 
2014-07-08T14:33:38.174+0000: 1124.606: [GC [PSYoungGen: 113974K->1134K(136448K)] 192463K->79663K(823424K), 0.0092990 secs] [Times: user=0.05 sys=0.00, real=0.01 secs] 
2014-07-08T14:33:38.524+0000: 1124.956: [GC [PSYoungGen: 136426K->1472K(163904K)] 214956K->80042K(850880K), 0.0109630 secs] [Times: user=0.06 sys=0.00, real=0.02 secs] 
2014-07-08T14:33:40.445+0000: 1126.878: [GC [PSYoungGen: 163840K->1330K(196224K)] 242410K->79923K(883200K), 0.0112200 secs] [Times: user=0.06 sys=0.00, real=0.01 secs] 
2014-07-08T14:33:43.841+0000: 1130.273: [GC [PSYoungGen: 196210K->1408K(197184K)] 274803K->80002K(884160K), 0.0062470 secs] [Times: user=0.04 sys=0.00, real=0.01 secs] 
2014-07-08T14:33:47.359+0000: 1133.792: [GC [PSYoungGen: 196352K->1230K(192064K)] 274946K->79824K(879040K), 0.0043080 secs] [Times: user=0.02 sys=0.00, real=0.00 secs] 
2014-07-08T14:33:50.347+0000: 1136.779: [GC [PSYoungGen: 192014K->959K(187712K)] 270608K->80150K(874688K), 0.0114360 secs] [Times: user=0.06 sys=0.00, real=0.01 secs] 
2014-07-08T14:33:53.331+0000: 1139.763: [GC [PSYoungGen: 187709K->1610K(184512K)] 266899K->80817K(871488K), 0.0036080 secs] [Times: user=0.02 sys=0.00, real=0.00 secs] 
2014-07-08T14:33:56.580+0000: 1143.012: [GC [PSYoungGen: 184453K->1660K(180736K)] 263660K->81043K(867712K), 0.0105280 secs] [Times: user=0.07 sys=0.00, real=0.01 secs] 
2014-07-08T14:33:59.473+0000: 1145.905: [GC [PSYoungGen: 180718K->1380K(176832K)] 260101K->80794K(863808K), 0.0086960 secs] [Times: user=0.05 sys=0.01, real=0.01 secs] 
2014-07-08T14:34:02.531+0000: 1148.963: [GC [PSYoungGen: 176804K->1312K(173248K)] 256218K->80903K(860224K), 0.0092870 secs] [Times: user=0.05 sys=0.00, real=0.01 secs] 
2014-07-08T14:34:05.491+0000: 1151.923: [GC [PSYoungGen: 173216K->1536K(170112K)] 252807K->81159K(857088K), 0.0087620 secs] [Times: user=0.06 sys=0.00, real=0.01 secs] 
2014-07-08T14:34:08.803+0000: 1155.236: [GC [PSYoungGen: 170048K->1312K(166528K)] 249671K->81111K(853504K), 0.0179110 secs] [Times: user=0.09 sys=0.00, real=0.02 secs] 
2014-07-08T14:34:11.981+0000: 1158.413: [GC [PSYoungGen: 166496K->1688K(163712K)] 246295K->81495K(850688K), 0.0087250 secs] [Times: user=0.04 sys=0.00, real=0.01 secs] 
2014-07-08T14:34:14.780+0000: 1161.212: [GC [PSYoungGen: 163672K->946K(159872K)] 243479K->81098K(846848K), 0.0088200 secs] [Times: user=0.05 sys=0.00, real=0.01 secs] 
2014-07-08T14:34:17.714+0000: 1164.146: [GC [PSYoungGen: 159831K->1398K(157312K)] 239984K->81582K(844288K), 0.0040810 secs] [Times: user=0.02 sys=0.00, real=0.00 secs] 
2014-07-08T14:34:20.605+0000: 1167.037: [GC [PSYoungGen: 157302K->1468K(154496K)] 237486K->81685K(841472K), 0.0049720 secs] [Times: user=0.03 sys=0.00, real=0.00 secs] 
2014-07-08T14:34:23.061+0000: 1169.493: [GC [PSYoungGen: 154492K->1348K(151616K)] 234709K->81564K(838592K), 0.0065010 secs] [Times: user=0.03 sys=0.00, real=0.01 secs] 
2014-07-08T14:34:25.800+0000: 1172.232: [GC [PSYoungGen: 151556K->1020K(148480K)] 231772K->81607K(835456K), 0.0067300 secs] [Times: user=0.04 sys=0.00, real=0.01 secs] 
2014-07-08T14:34:27.942+0000: 1174.374: [GC [PSYoungGen: 148436K->1786K(146624K)] 229023K->82405K(833600K), 0.0060940 secs] [Times: user=0.03 sys=0.00, real=0.00 secs] 
2014-07-08T14:34:29.928+0000: 1176.360: [GC [PSYoungGen: 146618K->1078K(143360K)] 227237K->82263K(830336K), 0.0063290 secs] [Times: user=0.03 sys=0.00, real=0.01 secs] 
2014-07-08T14:34:31.974+0000: 1178.406: [GC [PSYoungGen: 143330K->1636K(141440K)] 224515K->82869K(828416K), 0.0034170 secs] [Times: user=0.02 sys=0.00, real=0.00 secs] 
2014-07-08T14:34:33.961+0000: 1180.393: [GC [PSYoungGen: 141398K->1270K(138624K)] 222631K->82867K(825600K), 0.0064100 secs] [Times: user=0.04 sys=0.00, real=0.01 secs] 
2014-07-08T14:34:35.909+0000: 1182.341: [GC [PSYoungGen: 138614K->1714K(136704K)] 220211K->83367K(823680K), 0.0084370 secs] [Times: user=0.04 sys=0.00, real=0.01 secs] 
2014-07-08T14:34:37.979+0000: 1184.411: [GC [PSYoungGen: 136690K->1010K(133696K)] 218343K->83237K(820672K), 0.0091370 secs] [Times: user=0.06 sys=0.00, real=0.01 secs] 
2014-07-08T14:34:39.928+0000: 1186.360: [GC [PSYoungGen: 133682K->1768K(132224K)] 215909K->84019K(819200K), 0.0120930 secs] [Times: user=0.06 sys=0.00, real=0.01 secs] 
2014-07-08T14:34:41.870+0000: 1188.302: [GC [PSYoungGen: 132200K->1206K(129472K)] 214451K->84332K(816448K), 0.0146670 secs] [Times: user=0.10 sys=0.00, real=0.02 secs] 
2014-07-08T14:34:43.836+0000: 1190.268: [GC [PSYoungGen: 129462K->2031K(128192K)] 212588K->85188K(815168K), 0.0109990 secs] [Times: user=0.06 sys=0.00, real=0.01 secs] 
2014-07-08T14:34:45.753+0000: 1192.185: [GC [PSYoungGen: 128175K->1134K(125248K)] 211332K->85106K(812224K), 0.0034400 secs] [Times: user=0.02 sys=0.00, real=0.01 secs] 
2014-07-08T14:34:47.523+0000: 1193.955: [GC [PSYoungGen: 125227K->2012K(124160K)] 209198K->86024K(811136K), 0.0070930 secs] [Times: user=0.04 sys=0.00, real=0.01 secs] 
2014-07-08T14:34:49.578+0000: 1196.010: [GC [PSYoungGen: 124122K->1462K(121664K)] 208134K->86082K(808640K), 0.0048150 secs] [Times: user=0.03 sys=0.00, real=0.00 secs] 
2014-07-08T14:34:51.317+0000: 1197.749: [GC [PSYoungGen: 121654K->1892K(120256K)] 206274K->86560K(807232K), 0.0155830 secs] [Times: user=0.09 sys=0.00, real=0.01 secs] 
2014-07-08T14:34:52.848+0000: 1199.280: [GC [PSYoungGen: 120227K->1472K(118016K)] 204895K->86419K(804992K), 0.0050830 secs] [Times: user=0.02 sys=0.00, real=0.00 secs] 
2014-07-08T14:34:54.538+0000: 1200.970: [GC [PSYoungGen: 117952K->1550K(116288K)] 202899K->86544K(803264K), 0.0042090 secs] [Times: user=0.02 sys=0.00, real=0.00 secs] 
2014-07-08T14:34:56.074+0000: 1202.506: [GC [PSYoungGen: 116238K->1604K(114624K)] 201232K->86662K(801600K), 0.0057300 secs] [Times: user=0.03 sys=0.00, real=0.01 secs] 
2014-07-08T14:34:57.708+0000: 1204.140: [GC [PSYoungGen: 114564K->1334K(112640K)] 199622K->86432K(799616K), 0.0196630 secs] [Times: user=0.12 sys=0.00, real=0.02 secs] 
2014-07-08T14:34:59.028+0000: 1205.460: [GC [PSYoungGen: 112630K->1649K(111296K)] 197728K->86971K(798272K), 0.0185350 secs] [Times: user=0.12 sys=0.00, real=0.02 secs] 
2014-07-08T14:35:00.471+0000: 1206.903: [GC [PSYoungGen: 111238K->1728K(109824K)] 196560K->87115K(796800K), 0.0091350 secs] [Times: user=0.05 sys=0.00, real=0.01 secs] 
2014-07-08T14:35:02.210+0000: 1208.642: [GC [PSYoungGen: 109760K->1316K(107840K)] 195147K->86945K(794816K), 0.0170510 secs] [Times: user=0.10 sys=0.00, real=0.02 secs] 
2014-07-08T14:35:03.844+0000: 1210.276: [GC [PSYoungGen: 107812K->1622K(106624K)] 193441K->87315K(793600K), 0.0061470 secs] [Times: user=0.03 sys=0.00, real=0.01 secs] 
2014-07-08T14:35:05.402+0000: 1211.834: [GC [PSYoungGen: 106563K->1522K(105024K)] 192256K->87395K(792000K), 0.0057790 secs] [Times: user=0.04 sys=0.00, real=0.01 secs] 
2014-07-08T14:35:06.969+0000: 1213.401: [GC [PSYoungGen: 105010K->1394K(103424K)] 190883K->87346K(790400K), 0.0058770 secs] [Times: user=0.03 sys=0.01, real=0.00 secs] 
2014-07-08T14:35:08.504+0000: 1214.936: [GC [PSYoungGen: 103410K->1294K(101952K)] 189362K->87311K(788928K), 0.0091360 secs] [Times: user=0.05 sys=0.00, real=0.01 secs] 
2014-07-08T14:35:09.807+0000: 1216.239: [GC [PSYoungGen: 101902K->1746K(100992K)] 187919K->87851K(787968K), 0.0090320 secs] [Times: user=0.06 sys=0.01, real=0.01 secs] 
2014-07-08T14:35:11.392+0000: 1217.824: [GC [PSYoungGen: 100928K->1272K(99136K)] 187033K->87739K(786112K), 0.0082150 secs] [Times: user=0.05 sys=0.00, real=0.01 secs] 
2014-07-08T14:35:12.846+0000: 1219.278: [GC [PSYoungGen: 99128K->1700K(98240K)] 185595K->88247K(785216K), 0.0065660 secs] [Times: user=0.04 sys=0.00, real=0.01 secs] 
2014-07-08T14:35:14.355+0000: 1220.787: [GC [PSYoungGen: 98180K->1380K(96640K)] 184727K->88223K(783616K), 0.0039900 secs] [Times: user=0.03 sys=0.00, real=0.01 secs] 
2014-07-08T14:35:15.786+0000: 1222.218: [GC [PSYoungGen: 96593K->1920K(95936K)] 183436K->88827K(782912K), 0.0090890 secs] [Times: user=0.06 sys=0.00, real=0.01 secs] 
2014-07-08T14:35:17.091+0000: 1223.523: [GC [PSYoungGen: 95872K->882K(93632K)] 182779K->88121K(780608K), 0.0064910 secs] [Times: user=0.04 sys=0.00, real=0.00 secs] 
2014-07-08T14:35:18.290+0000: 1224.723: [GC [PSYoungGen: 93618K->1330K(92864K)] 180857K->88625K(779840K), 0.0058240 secs] [Times: user=0.03 sys=0.00, real=0.00 secs] 
2014-07-08T14:35:19.407+0000: 1225.840: [GC [PSYoungGen: 92850K->1284K(91712K)] 180145K->88767K(778688K), 0.0057710 secs] [Times: user=0.03 sys=0.00, real=0.01 secs] 
2014-07-08T14:35:20.527+0000: 1226.959: [GC [PSYoungGen: 91630K->1408K(90688K)] 179113K->88971K(777664K), 0.0062360 secs] [Times: user=0.04 sys=0.00, real=0.01 secs] 
2014-07-08T14:35:21.726+0000: 1228.158: [GC [PSYoungGen: 90542K->1575K(89728K)] 178105K->89290K(776704K), 0.0086800 secs] [Times: user=0.03 sys=0.00, real=0.01 secs] 
2014-07-08T14:35:23.103+0000: 1229.535: [GC [PSYoungGen: 89703K->1522K(88576K)] 177418K->89285K(775552K), 0.0152790 secs] [Times: user=0.09 sys=0.00, real=0.01 secs] 
2014-07-08T14:35:24.498+0000: 1230.930: [GC [PSYoungGen: 88535K->1256K(87232K)] 176298K->89211K(774208K), 0.0040480 secs] [Times: user=0.02 sys=0.00, real=0.01 secs] 
2014-07-08T14:35:25.819+0000: 1232.251: [GC [PSYoungGen: 87208K->1945K(86912K)] 175163K->89972K(773888K), 0.0183990 secs] [Times: user=0.13 sys=0.00, real=0.02 secs] 
2014-07-08T14:35:26.769+0000: 1233.201: [GC [PSYoungGen: 86873K->868K(84800K)] 174900K->89209K(771776K), 0.0051470 secs] [Times: user=0.03 sys=0.00, real=0.01 secs] 
2014-07-08T14:35:27.863+0000: 1234.295: [GC [PSYoungGen: 84751K->1455K(84352K)] 173092K->89836K(771328K), 0.0065900 secs] [Times: user=0.01 sys=0.00, real=0.00 secs] 
2014-07-08T14:35:34.430+0000: 1240.862: [GC [PSYoungGen: 84335K->1568K(83520K)] 172716K->90177K(770496K), 0.0093840 secs] [Times: user=0.04 sys=0.00, real=0.01 secs] 
2014-07-08T14:36:13.065+0000: 1279.497: [GC [PSYoungGen: 83488K->1138K(82112K)] 172097K->89755K(769088K), 0.0068610 secs] [Times: user=0.04 sys=0.00, real=0.01 secs] 
2014-07-08T14:36:13.227+0000: 1279.659: [GC [PSYoungGen: 82098K->1270K(98432K)] 170715K->89959K(785408K), 0.0097010 secs] [Times: user=0.07 sys=0.00, real=0.01 secs] 
2014-07-08T14:36:13.388+0000: 1279.821: [GC [PSYoungGen: 98422K->900K(117568K)] 187111K->89605K(804544K), 0.0077780 secs] [Times: user=0.03 sys=0.00, real=0.00 secs] 
2014-07-08T14:36:13.593+0000: 1280.025: [GC [PSYoungGen: 117508K->1450K(141440K)] 206213K->90179K(828416K), 0.0048670 secs] [Times: user=0.02 sys=0.00, real=0.01 secs] 
2014-07-08T14:36:13.852+0000: 1280.284: [GC [PSYoungGen: 141418K->1106K(157568K)] 230147K->89883K(844544K), 0.0066130 secs] [Times: user=0.04 sys=0.00, real=0.01 secs] 
2014-07-08T14:36:14.125+0000: 1280.557: [GC [PSYoungGen: 156626K->1110K(170048K)] 245403K->89951K(857024K), 0.0070280 secs] [Times: user=0.04 sys=0.00, real=0.01 secs] 
2014-07-08T14:36:22.514+0000: 1288.946: [GC [PSYoungGen: 169110K->1280K(170048K)] 257951K->90121K(857024K), 0.0059950 secs] [Times: user=0.03 sys=0.00, real=0.01 secs] 
2014-07-08T14:36:24.016+0000: 1290.449: [GC [PSYoungGen: 169280K->1512K(203584K)] 258121K->90433K(890560K), 0.0031590 secs] [Times: user=0.01 sys=0.01, real=0.01 secs] 
2014-07-08T14:36:24.362+0000: 1290.794: [GC [PSYoungGen: 203112K->1345K(203584K)] 292033K->90338K(890560K), 0.0046570 secs] [Times: user=0.03 sys=0.00, real=0.00 secs] 
2014-07-08T14:36:25.491+0000: 1291.924: [GC [PSYoungGen: 202936K->1696K(243776K)] 291929K->90745K(930752K), 0.0074310 secs] [Times: user=0.04 sys=0.01, real=0.00 secs] 
2014-07-08T14:36:30.699+0000: 1297.132: [GC [PSYoungGen: 243552K->1642K(237696K)] 332601K->90692K(924672K), 0.0056710 secs] [Times: user=0.02 sys=0.00, real=0.01 secs] 
2014-07-08T14:36:31.284+0000: 1297.717: [GC [PSYoungGen: 237674K->362K(230784K)] 326724K->90540K(917760K), 0.0056990 secs] [Times: user=0.04 sys=0.00, real=0.01 secs] 
2014-07-08T14:36:35.242+0000: 1301.674: [GC [PSYoungGen: 230762K->1954K(227008K)] 320940K->92211K(913984K), 0.0054590 secs] [Times: user=0.03 sys=0.00, real=0.00 secs] 
2014-07-08T14:36:39.153+0000: 1305.585: [GC [PSYoungGen: 226978K->1628K(221504K)] 317235K->92492K(908480K), 0.0069330 secs] [Times: user=0.05 sys=0.00, real=0.00 secs] 
2014-07-08T14:36:42.944+0000: 1309.376: [GC [PSYoungGen: 221468K->1496K(216320K)] 312332K->92368K(903296K), 0.0088020 secs] [Times: user=0.05 sys=0.00, real=0.01 secs] 
2014-07-08T14:36:46.880+0000: 1313.312: [GC [PSYoungGen: 216280K->1202K(211136K)] 307152K->92097K(898112K), 0.0060340 secs] [Times: user=0.04 sys=0.01, real=0.01 secs] 
2014-07-08T14:36:50.764+0000: 1317.197: [GC [PSYoungGen: 211122K->1630K(206912K)] 302017K->92542K(893888K), 0.0119690 secs] [Times: user=0.08 sys=0.01, real=0.01 secs] 
2014-07-08T14:36:54.642+0000: 1321.074: [GC [PSYoungGen: 206855K->1380K(202112K)] 297767K->92355K(889088K), 0.0054100 secs] [Times: user=0.03 sys=0.01, real=0.01 secs] 
2014-07-08T14:36:58.097+0000: 1324.530: [GC [PSYoungGen: 202084K->1589K(197952K)] 293059K->92581K(884928K), 0.0227850 secs] [Times: user=0.14 sys=0.00, real=0.02 secs] 
2014-07-08T14:37:01.461+0000: 1327.893: [GC [PSYoungGen: 197941K->1134K(193280K)] 288933K->92472K(880256K), 0.0075290 secs] [Times: user=0.05 sys=0.00, real=0.01 secs] 
2014-07-08T14:37:04.865+0000: 1331.297: [GC [PSYoungGen: 193213K->1971K(190016K)] 284551K->93341K(876992K), 0.0094340 secs] [Times: user=0.06 sys=0.00, real=0.00 secs] 
2014-07-08T14:37:07.494+0000: 1333.926: [GC [PSYoungGen: 190003K->874K(185024K)] 281373K->93124K(872000K), 0.0085840 secs] [Times: user=0.05 sys=0.00, real=0.01 secs] 
2014-07-08T14:37:10.518+0000: 1336.951: [GC [PSYoungGen: 185002K->2088K(182464K)] 277252K->94527K(869440K), 0.0074750 secs] [Times: user=0.05 sys=0.00, real=0.01 secs] 
2014-07-08T14:37:13.769+0000: 1340.202: [GC [PSYoungGen: 182440K->1248K(177920K)] 274879K->94279K(864896K), 0.0064720 secs] [Times: user=0.03 sys=0.01, real=0.00 secs] 
2014-07-08T14:37:16.819+0000: 1343.251: [GC [PSYoungGen: 177879K->2109K(175168K)] 270910K->95188K(862144K), 0.0091910 secs] [Times: user=0.06 sys=0.00, real=0.01 secs] 
2014-07-08T14:37:19.845+0000: 1346.277: [GC [PSYoungGen: 175165K->1380K(171008K)] 268244K->94525K(857984K), 0.0101090 secs] [Times: user=0.07 sys=0.00, real=0.01 secs] 
2014-07-08T14:37:22.931+0000: 1349.363: [GC [PSYoungGen: 170914K->1366K(167680K)] 264059K->94511K(854656K), 0.0072890 secs] [Times: user=0.05 sys=0.00, real=0.00 secs] 
2014-07-08T14:37:25.642+0000: 1352.074: [GC [PSYoungGen: 167638K->1262K(164352K)] 260783K->94408K(851328K), 0.0092350 secs] [Times: user=0.04 sys=0.01, real=0.01 secs] 
2014-07-08T14:37:28.872+0000: 1355.304: [GC [PSYoungGen: 164285K->1754K(161728K)] 257431K->94899K(848704K), 0.0071240 secs] [Times: user=0.04 sys=0.00, real=0.00 secs] 
2014-07-08T14:37:31.770+0000: 1358.202: [GC [PSYoungGen: 161690K->1760K(158720K)] 254835K->94906K(845696K), 0.0089240 secs] [Times: user=0.06 sys=0.01, real=0.01 secs] 
2014-07-08T14:37:34.600+0000: 1361.032: [GC [PSYoungGen: 158688K->1380K(155392K)] 251834K->94525K(842368K), 0.0065940 secs] [Times: user=0.04 sys=0.00, real=0.00 secs] 
2014-07-08T14:37:37.464+0000: 1363.896: [GC [PSYoungGen: 155364K->1572K(152768K)] 248509K->94717K(839744K), 0.0084640 secs] [Times: user=0.05 sys=0.00, real=0.01 secs] 
2014-07-08T14:37:40.464+0000: 1366.897: [GC [PSYoungGen: 152740K->1394K(149824K)] 245885K->94555K(836800K), 0.0129990 secs] [Times: user=0.08 sys=0.00, real=0.01 secs] 
2014-07-08T14:39:01.060+0000: 1447.492: [GC [PSYoungGen: 149727K->1490K(147264K)] 242889K->94716K(834240K), 0.0036360 secs] [Times: user=0.02 sys=0.00, real=0.01 secs] 
2014-07-08T14:39:01.318+0000: 1447.750: [GC [PSYoungGen: 147218K->1472K(144640K)] 240444K->94754K(831616K), 0.0054820 secs] [Times: user=0.02 sys=0.00, real=0.01 secs] 
2014-07-08T14:39:01.546+0000: 1447.978: [GC [PSYoungGen: 144576K->1184K(172992K)] 237858K->94505K(859968K), 0.0099860 secs] [Times: user=0.06 sys=0.00, real=0.01 secs] 
2014-07-08T14:39:01.852+0000: 1448.284: [GC [PSYoungGen: 172960K->1106K(207296K)] 266281K->94467K(894272K), 0.0060520 secs] [Times: user=0.03 sys=0.00, real=0.01 secs] 
2014-07-08T14:39:02.400+0000: 1448.832: [GC [PSYoungGen: 207250K->1877K(224512K)] 300611K->95286K(911488K), 0.0082370 secs] [Times: user=0.05 sys=0.00, real=0.01 secs] 
2014-07-08T14:39:17.202+0000: 1463.635: [GC [PSYoungGen: 224341K->1529K(224704K)] 317750K->94938K(911680K), 0.0070690 secs] [Times: user=0.03 sys=0.00, real=0.01 secs] 
2014-07-08T14:39:17.579+0000: 1464.011: [GC [PSYoungGen: 223993K->1362K(269184K)] 317402K->94811K(956160K), 0.0136500 secs] [Times: user=0.08 sys=0.01, real=0.01 secs] 
2014-07-08T14:39:18.089+0000: 1464.522: [GC [PSYoungGen: 268370K->1398K(269184K)] 361819K->94927K(956160K), 0.0045390 secs] [Times: user=0.02 sys=0.00, real=0.00 secs] 
2014-07-08T14:39:20.547+0000: 1466.979: [GC [PSYoungGen: 268404K->1202K(322560K)] 361934K->94731K(1009536K), 0.0065080 secs] [Times: user=0.03 sys=0.00, real=0.00 secs] 
2014-07-08T14:39:24.994+0000: 1471.427: [GC [PSYoungGen: 321650K->1202K(312832K)] 415179K->94731K(999808K), 0.0094790 secs] [Times: user=0.05 sys=0.00, real=0.01 secs] 
2014-07-08T14:39:29.656+0000: 1476.088: [GC [PSYoungGen: 312818K->946K(304064K)] 406347K->94675K(991040K), 0.0049660 secs] [Times: user=0.02 sys=0.00, real=0.01 secs] 
2014-07-08T14:39:34.030+0000: 1480.462: [GC [PSYoungGen: 304050K->1650K(296640K)] 397779K->95403K(983616K), 0.0077290 secs] [Times: user=0.04 sys=0.00, real=0.00 secs] 
2014-07-08T14:39:38.115+0000: 1484.547: [GC [PSYoungGen: 296626K->1412K(288640K)] 390379K->95240K(975616K), 0.0054220 secs] [Times: user=0.02 sys=0.00, real=0.01 secs] 
2014-07-08T14:39:42.073+0000: 1488.505: [GC [PSYoungGen: 288580K->1280K(280896K)] 382408K->95107K(967872K), 0.0103510 secs] [Times: user=0.03 sys=0.00, real=0.01 secs] 
2014-07-08T14:39:48.537+0000: 1494.970: [GC [PSYoungGen: 280886K->1380K(273792K)] 374714K->95207K(960768K), 0.0080240 secs] [Times: user=0.04 sys=0.00, real=0.01 secs] 
2014-07-08T14:39:52.606+0000: 1499.039: [GC [PSYoungGen: 273764K->1718K(267136K)] 367591K->95609K(954112K), 0.0055250 secs] [Times: user=0.02 sys=0.00, real=0.01 secs] 
2014-07-08T14:39:53.254+0000: 1499.686: [GC [PSYoungGen: 267126K->878K(259584K)] 361017K->95418K(946560K), 0.0060710 secs] [Times: user=0.03 sys=0.00, real=0.00 secs] 
2014-07-08T14:39:56.120+0000: 1502.552: [GC [PSYoungGen: 259532K->1862K(254144K)] 354072K->96418K(941120K), 0.0037150 secs] [Times: user=0.02 sys=0.00, real=0.01 secs] 
2014-07-08T14:39:59.792+0000: 1506.224: [GC [PSYoungGen: 254086K->1187K(247232K)] 348642K->96609K(934208K), 0.0082340 secs] [Times: user=0.05 sys=0.00, real=0.00 secs] 
2014-07-08T14:40:03.402+0000: 1509.834: [GC [PSYoungGen: 247203K->1622K(241728K)] 342625K->97084K(928704K), 0.0066150 secs] [Times: user=0.03 sys=0.01, real=0.00 secs] 
2014-07-08T14:40:12.574+0000: 1519.007: [GC [PSYoungGen: 241686K->1220K(235584K)] 337148K->96870K(922560K), 0.0065120 secs] [Times: user=0.01 sys=0.00, real=0.00 secs] 
2014-07-08T14:40:12.982+0000: 1519.414: [GC [PSYoungGen: 235524K->1306K(230080K)] 331174K->97004K(917056K), 0.0043170 secs] [Times: user=0.02 sys=0.00, real=0.01 secs] 
2014-07-08T14:40:13.529+0000: 1519.962: [GC [PSYoungGen: 230042K->1618K(225024K)] 325740K->97372K(912000K), 0.0061400 secs] [Times: user=0.03 sys=0.01, real=0.01 secs] 
2014-07-08T14:40:16.110+0000: 1522.542: [GC [PSYoungGen: 224978K->1742K(219968K)] 320732K->97496K(906944K), 0.0048670 secs] [Times: user=0.02 sys=0.00, real=0.01 secs] 
2014-07-08T14:40:19.185+0000: 1525.617: [GC [PSYoungGen: 219918K->928K(214144K)] 315672K->97048K(901120K), 0.0075700 secs] [Times: user=0.03 sys=0.00, real=0.01 secs] 
2014-07-08T14:40:22.395+0000: 1528.828: [GC [PSYoungGen: 214112K->1810K(210240K)] 310232K->97946K(897216K), 0.0061970 secs] [Times: user=0.04 sys=0.00, real=0.00 secs] 
2014-07-08T14:40:25.336+0000: 1531.768: [GC [PSYoungGen: 210194K->1330K(205120K)] 306330K->97678K(892096K), 0.0034340 secs] [Times: user=0.02 sys=0.00, real=0.00 secs] 
2014-07-08T14:40:28.062+0000: 1534.495: [GC [PSYoungGen: 205106K->1738K(201088K)] 301454K->98086K(888064K), 0.0066300 secs] [Times: user=0.02 sys=0.00, real=0.01 secs] 
2014-07-08T14:40:30.721+0000: 1537.153: [GC [PSYoungGen: 201002K->1188K(196224K)] 297350K->97536K(883200K), 0.0118190 secs] [Times: user=0.08 sys=0.00, real=0.01 secs] 
2014-07-08T14:40:33.720+0000: 1540.152: [GC [PSYoungGen: 196192K->1572K(192448K)] 292540K->97928K(879424K), 0.0068690 secs] [Times: user=0.04 sys=0.00, real=0.00 secs] 
2014-07-08T14:40:40.955+0000: 1547.388: [GC [PSYoungGen: 192420K->1436K(188288K)] 288776K->97824K(875264K), 0.0104460 secs] [Times: user=0.05 sys=0.00, real=0.01 secs] 
2014-07-08T14:40:41.287+0000: 1547.720: [GC [PSYoungGen: 188252K->1320K(184256K)] 284640K->97764K(871232K), 0.0036430 secs] [Times: user=0.02 sys=0.00, real=0.01 secs] 
2014-07-08T14:40:41.641+0000: 1548.073: [GC [PSYoungGen: 184232K->1458K(220992K)] 280676K->98141K(907968K), 0.0100460 secs] [Times: user=0.05 sys=0.00, real=0.01 secs] 
2014-07-08T14:40:43.041+0000: 1549.473: [GC [PSYoungGen: 220978K->1380K(215936K)] 317661K->98119K(902912K), 0.0078620 secs] [Times: user=0.04 sys=0.00, real=0.01 secs] 
2014-07-08T14:40:46.035+0000: 1552.467: [GC [PSYoungGen: 215908K->1394K(211072K)] 312647K->98368K(898048K), 0.0053200 secs] [Times: user=0.03 sys=0.00, real=0.01 secs] 
2014-07-08T14:40:49.246+0000: 1555.678: [GC [PSYoungGen: 211047K->1885K(206912K)] 308021K->98891K(893888K), 0.0097350 secs] [Times: user=0.06 sys=0.00, real=0.01 secs] 
2014-07-08T14:40:52.369+0000: 1558.802: [GC [PSYoungGen: 206877K->822K(201344K)] 303883K->98463K(888320K), 0.0082780 secs] [Times: user=0.03 sys=0.00, real=0.01 secs] 
2014-07-08T14:40:56.135+0000: 1562.567: [GC [PSYoungGen: 201334K->1676K(197888K)] 298975K->99342K(884864K), 0.0134740 secs] [Times: user=0.08 sys=0.00, real=0.01 secs] 
2014-07-08T14:40:59.697+0000: 1566.129: [GC [PSYoungGen: 197836K->1216K(193152K)] 295502K->99409K(880128K), 0.0067990 secs] [Times: user=0.04 sys=0.00, real=0.01 secs] 
2014-07-08T14:41:02.851+0000: 1569.284: [GC [PSYoungGen: 193152K->1536K(189440K)] 291345K->99730K(876416K), 0.0082700 secs] [Times: user=0.04 sys=0.00, real=0.00 secs] 
2014-07-08T14:41:06.084+0000: 1572.516: [GC [PSYoungGen: 189363K->1440K(185408K)] 287557K->99690K(872384K), 0.0078910 secs] [Times: user=0.05 sys=0.00, real=0.00 secs] 
2014-07-08T14:41:15.006+0000: 1581.438: [GC [PSYoungGen: 185376K->1284K(181504K)] 283626K->99557K(868480K), 0.0046850 secs] [Times: user=0.02 sys=0.00, real=0.00 secs] 
2014-07-08T14:41:15.332+0000: 1581.765: [GC [PSYoungGen: 181444K->1206K(177728K)] 279717K->99690K(864704K), 0.0037270 secs] [Times: user=0.02 sys=0.00, real=0.01 secs] 
2014-07-08T14:41:15.653+0000: 1582.085: [GC [PSYoungGen: 177718K->1326K(174272K)] 276202K->99874K(861248K), 0.0079690 secs] [Times: user=0.01 sys=0.00, real=0.00 secs] 
2014-07-08T14:41:16.409+0000: 1582.841: [GC [PSYoungGen: 174167K->1376K(170880K)] 272715K->99972K(857856K), 0.0035280 secs] [Times: user=0.02 sys=0.00, real=0.00 secs] 
2014-07-08T14:41:18.676+0000: 1585.108: [GC [PSYoungGen: 170836K->1728K(167936K)] 269432K->100332K(854912K), 0.0064230 secs] [Times: user=0.02 sys=0.01, real=0.00 secs] 
2014-07-08T14:41:21.458+0000: 1587.890: [GC [PSYoungGen: 167872K->690K(163648K)] 266476K->99856K(850624K), 0.0049170 secs] [Times: user=0.03 sys=0.00, real=0.00 secs] 
2014-07-08T14:41:24.287+0000: 1590.719: [GC [PSYoungGen: 163634K->1968K(161792K)] 262800K->101199K(848768K), 0.0115890 secs] [Times: user=0.07 sys=0.00, real=0.01 secs] 
2014-07-08T14:41:26.955+0000: 1593.387: [GC [PSYoungGen: 161776K->1326K(158144K)] 261007K->101233K(845120K), 0.0077320 secs] [Times: user=0.05 sys=0.00, real=0.00 secs] 
2014-07-08T14:41:29.693+0000: 1596.125: [GC [PSYoungGen: 158126K->1590K(155456K)] 258033K->101528K(842432K), 0.0113890 secs] [Times: user=0.07 sys=0.00, real=0.01 secs] 
2014-07-08T14:41:32.247+0000: 1598.679: [GC [PSYoungGen: 155446K->1412K(152512K)] 255384K->101382K(839488K), 0.0072100 secs] [Times: user=0.04 sys=0.00, real=0.00 secs] 
2014-07-08T14:41:34.744+0000: 1601.176: [GC [PSYoungGen: 152452K->1458K(149760K)] 252422K->101436K(836736K), 0.0062080 secs] [Times: user=0.03 sys=0.00, real=0.01 secs] 
2014-07-08T14:41:36.973+0000: 1603.405: [GC [PSYoungGen: 149746K->1276K(146880K)] 249724K->101263K(833856K), 0.0063870 secs] [Times: user=0.03 sys=0.01, real=0.01 secs] 
2014-07-08T14:41:47.941+0000: 1614.373: [GC [PSYoungGen: 146846K->1550K(144576K)] 246833K->101624K(831552K), 0.0073380 secs] [Times: user=0.04 sys=0.00, real=0.01 secs] 
2014-07-08T14:42:03.073+0000: 1629.505: [GC [PSYoungGen: 144526K->1284K(141824K)] 244600K->101391K(828800K), 0.0124150 secs] [Times: user=0.08 sys=0.00, real=0.01 secs] 
2014-07-08T14:42:03.308+0000: 1629.740: [GC [PSYoungGen: 141764K->1408K(139520K)] 241871K->101595K(826496K), 0.0034440 secs] [Times: user=0.02 sys=0.00, real=0.01 secs] 
2014-07-08T14:42:03.554+0000: 1629.986: [GC [PSYoungGen: 139456K->1280K(166976K)] 239643K->101522K(853952K), 0.0063780 secs] [Times: user=0.02 sys=0.01, real=0.00 secs] 
2014-07-08T14:42:03.860+0000: 1630.293: [GC [PSYoungGen: 166976K->1426K(200320K)] 267218K->101748K(887296K), 0.0048930 secs] [Times: user=0.03 sys=0.00, real=0.01 secs] 
2014-07-08T14:42:05.777+0000: 1632.209: [GC [PSYoungGen: 200274K->1248K(239936K)] 300596K->101829K(926912K), 0.0120180 secs] [Times: user=0.07 sys=0.00, real=0.01 secs] 
2014-07-08T14:42:09.670+0000: 1636.102: [GC [PSYoungGen: 239892K->1884K(234880K)] 340472K->102481K(921856K), 0.0148180 secs] [Times: user=0.09 sys=0.00, real=0.02 secs] 
2014-07-08T14:42:14.058+0000: 1640.490: [GC [PSYoungGen: 234844K->690K(228160K)] 335441K->101766K(915136K), 0.0060720 secs] [Times: user=0.02 sys=0.01, real=0.01 secs] 
2014-07-08T14:42:17.804+0000: 1644.236: [GC [PSYoungGen: 228146K->1912K(224064K)] 329222K->103012K(911040K), 0.0039720 secs] [Times: user=0.01 sys=0.00, real=0.00 secs] 
2014-07-08T14:42:21.315+0000: 1647.748: [GC [PSYoungGen: 224056K->1528K(218560K)] 325156K->103309K(905536K), 0.0066950 secs] [Times: user=0.03 sys=0.00, real=0.00 secs] 
2014-07-08T14:42:23.826+0000: 1650.258: [GC [PSYoungGen: 218552K->1330K(213440K)] 320333K->103151K(900416K), 0.0036090 secs] [Times: user=0.02 sys=0.00, real=0.00 secs] 
2014-07-08T14:42:27.526+0000: 1653.958: [GC [PSYoungGen: 213426K->1596K(208960K)] 315247K->103433K(895936K), 0.0107640 secs] [Times: user=0.07 sys=0.00, real=0.01 secs] 
2014-07-08T14:42:30.916+0000: 1657.348: [GC [PSYoungGen: 208953K->1906K(204672K)] 310790K->103743K(891648K), 0.0214920 secs] [Times: user=0.13 sys=0.01, real=0.02 secs] 
2014-07-08T14:42:34.393+0000: 1660.825: [GC [PSYoungGen: 204645K->1000K(199360K)] 306481K->103327K(886336K), 0.0106090 secs] [Times: user=0.06 sys=0.00, real=0.01 secs] 
2014-07-08T14:42:37.920+0000: 1664.352: [GC [PSYoungGen: 199336K->2106K(196160K)] 301663K->104523K(883136K), 0.0083180 secs] [Times: user=0.03 sys=0.00, real=0.01 secs] 
2014-07-08T14:42:41.394+0000: 1667.827: [GC [PSYoungGen: 196153K->1518K(191424K)] 298570K->104279K(878400K), 0.0093340 secs] [Times: user=0.05 sys=0.00, real=0.01 secs] 
2014-07-08T14:42:44.749+0000: 1671.181: [GC [PSYoungGen: 191406K->1298K(187264K)] 294167K->104075K(874240K), 0.0107940 secs] [Times: user=0.05 sys=0.00, real=0.01 secs] 
2014-07-08T14:42:48.277+0000: 1674.709: [GC [PSYoungGen: 187218K->2017K(184128K)] 289995K->104794K(871104K), 0.0095550 secs] [Times: user=0.05 sys=0.01, real=0.01 secs] 
2014-07-08T14:42:51.754+0000: 1678.186: [GC [PSYoungGen: 184082K->1774K(180160K)] 286859K->104551K(867136K), 0.0134970 secs] [Times: user=0.08 sys=0.00, real=0.01 secs] 
2014-07-08T14:42:54.863+0000: 1681.295: [GC [PSYoungGen: 180142K->1209K(176000K)] 282919K->104153K(862976K), 0.0101970 secs] [Times: user=0.06 sys=0.00, real=0.01 secs] 
2014-07-08T14:42:58.213+0000: 1684.645: [GC [PSYoungGen: 175993K->1334K(172608K)] 278937K->104294K(859584K), 0.0039520 secs] [Times: user=0.02 sys=0.00, real=0.00 secs] 
2014-07-08T14:43:01.445+0000: 1687.877: [GC [PSYoungGen: 172598K->1554K(169472K)] 275558K->104514K(856448K), 0.0085090 secs] [Times: user=0.05 sys=0.00, real=0.01 secs] 
2014-07-08T14:43:04.592+0000: 1691.024: [GC [PSYoungGen: 169424K->1576K(166208K)] 272385K->104536K(853184K), 0.0159210 secs] [Times: user=0.10 sys=0.00, real=0.01 secs] 
2014-07-08T14:43:07.446+0000: 1693.879: [GC [PSYoungGen: 166184K->1447K(162880K)] 269144K->104689K(849856K), 0.0085870 secs] [Times: user=0.06 sys=0.01, real=0.01 secs] 
2014-07-08T14:43:10.524+0000: 1696.956: [GC [PSYoungGen: 162850K->1722K(160064K)] 266092K->104996K(847040K), 0.0067700 secs] [Times: user=0.03 sys=0.00, real=0.01 secs] 
2014-07-08T14:43:13.348+0000: 1699.781: [GC [PSYoungGen: 160058K->1330K(156672K)] 263332K->104720K(843648K), 0.0071790 secs] [Times: user=0.04 sys=0.00, real=0.01 secs] 
2014-07-08T14:43:15.982+0000: 1702.414: [GC [PSYoungGen: 156658K->2215K(154688K)] 260048K->105613K(841664K), 0.0096160 secs] [Times: user=0.06 sys=0.01, real=0.01 secs] 
2014-07-08T14:43:18.780+0000: 1705.212: [GC [PSYoungGen: 154663K->932K(150592K)] 258061K->104702K(837568K), 0.0074340 secs] [Times: user=0.03 sys=0.00, real=0.01 secs] 
2014-07-08T14:43:21.498+0000: 1707.930: [GC [PSYoungGen: 150564K->1224K(148224K)] 254334K->105034K(835200K), 0.0037620 secs] [Times: user=0.01 sys=0.01, real=0.00 secs] 
2014-07-08T14:43:24.243+0000: 1710.675: [GC [PSYoungGen: 148168K->1482K(145856K)] 251978K->105433K(832832K), 0.0086040 secs] [Times: user=0.05 sys=0.00, real=0.01 secs] 
2014-07-08T14:43:26.913+0000: 1713.345: [GC [PSYoungGen: 145802K->1358K(143168K)] 249753K->105309K(830144K), 0.0079520 secs] [Times: user=0.04 sys=0.00, real=0.00 secs] 
2014-07-08T14:43:29.298+0000: 1715.730: [GC [PSYoungGen: 143118K->1458K(140736K)] 247069K->105408K(827712K), 0.0073890 secs] [Times: user=0.04 sys=0.01, real=0.01 secs] 
2014-07-08T14:43:31.646+0000: 1718.079: [GC [PSYoungGen: 140722K->1632K(138496K)] 244672K->105583K(825472K), 0.0059120 secs] [Times: user=0.04 sys=0.00, real=0.00 secs] 
2014-07-08T14:43:34.233+0000: 1720.666: [GC [PSYoungGen: 138464K->1404K(135872K)] 242415K->105386K(822848K), 0.0053130 secs] [Times: user=0.03 sys=0.00, real=0.01 secs] 
2014-07-08T14:43:36.313+0000: 1722.746: [GC [PSYoungGen: 135868K->1632K(133824K)] 239850K->105655K(820800K), 0.0101890 secs] [Times: user=0.06 sys=0.00, real=0.01 secs] 
2014-07-08T14:43:38.480+0000: 1724.913: [GC [PSYoungGen: 133792K->1316K(131328K)] 237815K->105354K(818304K), 0.0080160 secs] [Times: user=0.02 sys=0.00, real=0.01 secs] 
2014-07-08T14:43:40.745+0000: 1727.177: [GC [PSYoungGen: 131300K->1696K(129536K)] 235338K->105751K(816512K), 0.0079130 secs] [Times: user=0.05 sys=0.00, real=0.01 secs] 
2014-07-08T14:43:43.139+0000: 1729.571: [GC [PSYoungGen: 129504K->1212K(126912K)] 233559K->105839K(813888K), 0.0194020 secs] [Times: user=0.10 sys=0.00, real=0.02 secs] 
2014-07-08T14:43:46.892+0000: 1733.324: [GC [PSYoungGen: 126908K->1572K(125248K)] 231535K->106239K(812224K), 0.0075100 secs] [Times: user=0.04 sys=0.00, real=0.01 secs] 
2014-07-08T14:43:47.131+0000: 1733.563: [GC [PSYoungGen: 125220K->1416K(123136K)] 229887K->106350K(810112K), 0.0055290 secs] [Times: user=0.03 sys=0.00, real=0.01 secs] 
2014-07-08T14:43:47.355+0000: 1733.787: [GC [PSYoungGen: 123080K->1476K(147584K)] 228014K->106475K(834560K), 0.0052800 secs] [Times: user=0.03 sys=0.00, real=0.01 secs] 
2014-07-08T14:43:48.110+0000: 1734.542: [GC [PSYoungGen: 147524K->1142K(176448K)] 252523K->106327K(863424K), 0.0150530 secs] [Times: user=0.10 sys=0.00, real=0.01 secs] 
2014-07-08T14:43:50.308+0000: 1736.740: [GC [PSYoungGen: 176416K->1412K(211840K)] 281601K->106621K(898816K), 0.0051040 secs] [Times: user=0.03 sys=0.00, real=0.00 secs] 
2014-07-08T14:43:53.206+0000: 1739.638: [GC [PSYoungGen: 211772K->1504K(207232K)] 316981K->106843K(894208K), 0.0058950 secs] [Times: user=0.03 sys=0.00, real=0.01 secs] 
2014-07-08T14:43:56.118+0000: 1742.550: [GC [PSYoungGen: 207200K->1816K(203008K)] 312539K->107179K(889984K), 0.0090130 secs] [Times: user=0.06 sys=0.00, real=0.00 secs] 
2014-07-08T14:43:59.059+0000: 1745.491: [GC [PSYoungGen: 202968K->615K(197440K)] 308331K->106961K(884416K), 0.0070990 secs] [Times: user=0.04 sys=0.00, real=0.00 secs] 
2014-07-08T14:44:01.491+0000: 1747.923: [GC [PSYoungGen: 197415K->2042K(194624K)] 303761K->108502K(881600K), 0.0047860 secs] [Times: user=0.02 sys=0.00, real=0.00 secs] 
2014-07-08T14:44:04.104+0000: 1750.536: [GC [PSYoungGen: 194618K->1334K(189824K)] 301078K->108178K(876800K), 0.0067650 secs] [Times: user=0.03 sys=0.00, real=0.01 secs] 
2014-07-08T14:44:07.138+0000: 1753.570: [GC [PSYoungGen: 189814K->1462K(185984K)] 296658K->108306K(872960K), 0.0118320 secs] [Times: user=0.08 sys=0.00, real=0.02 secs] 
2014-07-08T14:44:09.804+0000: 1756.237: [GC [PSYoungGen: 185974K->1486K(182208K)] 292818K->108330K(869184K), 0.0126010 secs] [Times: user=0.09 sys=0.00, real=0.01 secs] 
2014-07-08T14:44:12.406+0000: 1758.838: [GC [PSYoungGen: 182158K->1586K(178560K)] 289002K->108431K(865536K), 0.0068460 secs] [Times: user=0.04 sys=0.00, real=0.01 secs] 
2014-07-08T14:44:14.897+0000: 1761.329: [GC [PSYoungGen: 178516K->1124K(174528K)] 285361K->108082K(861504K), 0.0135880 secs] [Times: user=0.10 sys=0.00, real=0.01 secs] 
2014-07-08T14:44:17.246+0000: 1763.678: [GC [PSYoungGen: 174500K->1362K(171328K)] 281458K->108352K(858304K), 0.0088480 secs] [Times: user=0.05 sys=0.00, real=0.01 secs] 
2014-07-08T14:44:19.579+0000: 1766.011: [GC [PSYoungGen: 171276K->1636K(168256K)] 278266K->108627K(855232K), 0.0122660 secs] [Times: user=0.08 sys=0.00, real=0.02 secs] 
2014-07-08T14:44:21.929+0000: 1768.362: [GC [PSYoungGen: 168228K->1884K(165248K)] 275219K->108875K(852224K), 0.0059590 secs] [Times: user=0.04 sys=0.00, real=0.01 secs] 
2014-07-08T14:44:24.290+0000: 1770.723: [GC [PSYoungGen: 165212K->554K(160768K)] 272203K->108212K(847744K), 0.0035340 secs] [Times: user=0.02 sys=0.00, real=0.01 secs] 
2014-07-08T14:44:26.789+0000: 1773.221: [GC [PSYoungGen: 160746K->1792K(159040K)] 268404K->109467K(846016K), 0.0063940 secs] [Times: user=0.02 sys=0.00, real=0.01 secs] 
2014-07-08T14:44:29.058+0000: 1775.491: [GC [PSYoungGen: 158944K->1580K(155840K)] 266619K->109588K(842816K), 0.0075640 secs] [Times: user=0.04 sys=0.00, real=0.01 secs] 
2014-07-08T14:44:31.277+0000: 1777.709: [GC [PSYoungGen: 155820K->1650K(153024K)] 263828K->109659K(840000K), 0.0063420 secs] [Times: user=0.03 sys=0.00, real=0.01 secs] 
2014-07-08T14:44:33.573+0000: 1780.006: [GC [PSYoungGen: 153010K->1014K(149632K)] 261019K->109310K(836608K), 0.0161000 secs] [Times: user=0.11 sys=0.00, real=0.01 secs] 
2014-07-08T14:44:35.581+0000: 1782.013: [GC [PSYoungGen: 149622K->1622K(147584K)] 257918K->109943K(834560K), 0.0145300 secs] [Times: user=0.08 sys=0.00, real=0.02 secs] 
2014-07-08T14:44:38.035+0000: 1784.467: [GC [PSYoungGen: 147542K->1544K(144896K)] 255863K->109946K(831872K), 0.0080680 secs] [Times: user=0.05 sys=0.00, real=0.00 secs] 
2014-07-08T14:44:40.222+0000: 1786.654: [GC [PSYoungGen: 144813K->1348K(142144K)] 253216K->109775K(829120K), 0.0064170 secs] [Times: user=0.03 sys=0.00, real=0.01 secs] 
2014-07-08T14:44:42.252+0000: 1788.685: [GC [PSYoungGen: 142084K->1148K(139456K)] 250511K->109897K(826432K), 0.0069130 secs] [Times: user=0.04 sys=0.00, real=0.01 secs] 
2014-07-08T14:44:44.046+0000: 1790.479: [GC [PSYoungGen: 139452K->1682K(137664K)] 248200K->110487K(824640K), 0.0109870 secs] [Times: user=0.07 sys=0.00, real=0.01 secs] 
2014-07-08T14:44:46.050+0000: 1792.482: [GC [PSYoungGen: 137618K->1138K(134784K)] 246423K->110295K(821760K), 0.0065680 secs] [Times: user=0.03 sys=0.00, real=0.01 secs] 
2014-07-08T14:44:48.023+0000: 1794.456: [GC [PSYoungGen: 134770K->1526K(132928K)] 243927K->110738K(819904K), 0.0067220 secs] [Times: user=0.03 sys=0.00, real=0.01 secs] 
2014-07-08T14:44:48.593+0000: 1795.026: [GC [PSYoungGen: 132918K->978K(130240K)] 242130K->110362K(817216K), 0.0065900 secs] [Times: user=0.02 sys=0.00, real=0.01 secs] 
2014-07-08T14:44:59.694+0000: 1806.126: [GC [PSYoungGen: 130194K->1384K(128512K)] 239578K->110768K(815488K), 0.0051750 secs] [Times: user=0.02 sys=0.00, real=0.01 secs] 
2014-07-08T14:45:05.039+0000: 1811.471: [GC [PSYoungGen: 128475K->1515K(126592K)] 237860K->110900K(813568K), 0.0057120 secs] [Times: user=0.03 sys=0.00, real=0.00 secs] 
2014-07-08T14:45:05.256+0000: 1811.688: [GC [PSYoungGen: 126571K->1280K(151360K)] 235956K->110744K(838336K), 0.0076170 secs] [Times: user=0.04 sys=0.00, real=0.01 secs] 
2014-07-08T14:45:05.536+0000: 1811.968: [GC [PSYoungGen: 151360K->1074K(181184K)] 260824K->111227K(868160K), 0.0045650 secs] [Times: user=0.02 sys=0.00, real=0.01 secs] 
2014-07-08T14:45:05.892+0000: 1812.324: [GC [PSYoungGen: 181170K->1206K(217344K)] 291323K->111383K(904320K), 0.0081620 secs] [Times: user=0.04 sys=0.00, real=0.01 secs] 
2014-07-08T14:45:06.842+0000: 1813.274: [GC [PSYoungGen: 217334K->1706K(243968K)] 327511K->112104K(930944K), 0.0065620 secs] [Times: user=0.03 sys=0.00, real=0.00 secs] 
2014-07-08T14:45:09.690+0000: 1816.122: [GC [PSYoungGen: 243946K->1902K(238336K)] 354344K->112299K(925312K), 0.0053470 secs] [Times: user=0.03 sys=0.00, real=0.00 secs] 
2014-07-08T14:45:13.441+0000: 1819.873: [GC [PSYoungGen: 238318K->242K(231040K)] 348715K->111683K(918016K), 0.0174140 secs] [Times: user=0.11 sys=0.00, real=0.01 secs] 
2014-07-08T14:45:16.787+0000: 1823.219: [GC [PSYoungGen: 230981K->2147K(227520K)] 342423K->113692K(914496K), 0.0091020 secs] [Times: user=0.06 sys=0.00, real=0.01 secs] 
2014-07-08T14:45:19.999+0000: 1826.432: [GC [PSYoungGen: 227491K->1664K(221824K)] 339036K->113981K(908800K), 0.0039510 secs] [Times: user=0.02 sys=0.01, real=0.01 secs] 
2014-07-08T14:45:23.392+0000: 1829.825: [GC [PSYoungGen: 221760K->1600K(216704K)] 334077K->113917K(903680K), 0.0042690 secs] [Times: user=0.02 sys=0.00, real=0.00 secs] 
2014-07-08T14:45:26.789+0000: 1833.222: [GC [PSYoungGen: 216640K->1404K(211584K)] 328957K->113954K(898560K), 0.0065150 secs] [Times: user=0.04 sys=0.00, real=0.01 secs] 
2014-07-08T14:45:29.897+0000: 1836.329: [GC [PSYoungGen: 211580K->1494K(207040K)] 324130K->114067K(894016K), 0.0040360 secs] [Times: user=0.02 sys=0.01, real=0.00 secs] 
2014-07-08T14:45:32.654+0000: 1839.086: [GC [PSYoungGen: 206998K->1504K(202496K)] 319571K->114117K(889472K), 0.0094840 secs] [Times: user=0.06 sys=0.00, real=0.01 secs] 
2014-07-08T14:45:36.457+0000: 1842.889: [GC [PSYoungGen: 202464K->1184K(197824K)] 315077K->113797K(884800K), 0.0036500 secs] [Times: user=0.02 sys=0.00, real=0.00 secs] 
2014-07-08T14:45:39.811+0000: 1846.244: [GC [PSYoungGen: 197790K->1514K(193920K)] 310403K->114176K(880896K), 0.0131290 secs] [Times: user=0.08 sys=0.00, real=0.02 secs] 
2014-07-08T14:45:43.291+0000: 1849.724: [GC [PSYoungGen: 193897K->1546K(189888K)] 306558K->114224K(876864K), 0.0155470 secs] [Times: user=0.10 sys=0.01, real=0.02 secs] 
2014-07-08T14:45:46.678+0000: 1853.110: [GC [PSYoungGen: 189834K->1134K(185472K)] 302512K->114131K(872448K), 0.0127460 secs] [Times: user=0.08 sys=0.00, real=0.01 secs] 
2014-07-08T14:45:49.954+0000: 1856.386: [GC [PSYoungGen: 185406K->1700K(182208K)] 298404K->114722K(869184K), 0.0097990 secs] [Times: user=0.06 sys=0.00, real=0.01 secs] 
2014-07-08T14:45:52.958+0000: 1859.391: [GC [PSYoungGen: 182155K->1252K(178048K)] 295176K->114417K(865024K), 0.0077140 secs] [Times: user=0.04 sys=0.00, real=0.01 secs] 
2014-07-08T14:45:56.163+0000: 1862.595: [GC [PSYoungGen: 178020K->1398K(174592K)] 291185K->114587K(861568K), 0.0041030 secs] [Times: user=0.02 sys=0.01, real=0.01 secs] 
2014-07-08T14:45:59.190+0000: 1865.622: [GC [PSYoungGen: 174582K->1468K(171200K)] 287771K->114860K(858176K), 0.0124220 secs] [Times: user=0.06 sys=0.01, real=0.01 secs] 
2014-07-08T14:46:02.166+0000: 1868.598: [GC [PSYoungGen: 171196K->1344K(167744K)] 284588K->114767K(854720K), 0.0033370 secs] [Times: user=0.02 sys=0.00, real=0.01 secs] 
2014-07-08T14:46:05.048+0000: 1871.480: [GC [PSYoungGen: 167744K->1198K(164352K)] 281167K->114685K(851328K), 0.0079420 secs] [Times: user=0.03 sys=0.00, real=0.00 secs] 
2014-07-08T14:46:07.782+0000: 1874.214: [GC [PSYoungGen: 164334K->1088K(161088K)] 277821K->114591K(848064K), 0.0069350 secs] [Times: user=0.04 sys=0.00, real=0.01 secs] 
2014-07-08T14:46:10.303+0000: 1876.736: [GC [PSYoungGen: 161088K->1646K(158656K)] 274591K->115150K(845632K), 0.0149510 secs] [Times: user=0.09 sys=0.00, real=0.02 secs] 
2014-07-08T14:46:13.238+0000: 1879.670: [GC [PSYoungGen: 158638K->1408K(155520K)] 272142K->114911K(842496K), 0.0068460 secs] [Times: user=0.04 sys=0.01, real=0.01 secs] 
2014-07-08T14:46:16.111+0000: 1882.543: [GC [PSYoungGen: 155411K->992K(152192K)] 268915K->115021K(839168K), 0.0149800 secs] [Times: user=0.11 sys=0.00, real=0.01 secs] 
2014-07-08T14:46:18.858+0000: 1885.290: [GC [PSYoungGen: 152160K->1964K(150400K)] 266189K->116018K(837376K), 0.0074380 secs] [Times: user=0.04 sys=0.00, real=0.01 secs] 
2014-07-08T14:46:21.631+0000: 1888.064: [GC [PSYoungGen: 150380K->1009K(146752K)] 264434K->116316K(833728K), 0.0145910 secs] [Times: user=0.09 sys=0.00, real=0.01 secs] 
2014-07-08T14:46:24.187+0000: 1890.619: [GC [PSYoungGen: 146700K->1982K(145088K)] 262007K->117297K(832064K), 0.0132850 secs] [Times: user=0.09 sys=0.00, real=0.02 secs] 
2014-07-08T14:46:26.695+0000: 1893.127: [GC [PSYoungGen: 145086K->1600K(142272K)] 260401K->117087K(829248K), 0.0038990 secs] [Times: user=0.02 sys=0.00, real=0.00 secs] 
2014-07-08T14:46:29.309+0000: 1895.741: [GC [PSYoungGen: 142207K->1835K(140032K)] 257694K->117322K(827008K), 0.0076630 secs] [Times: user=0.04 sys=0.01, real=0.01 secs] 
2014-07-08T14:46:31.509+0000: 1897.941: [GC [PSYoungGen: 140011K->1131K(136960K)] 255498K->116991K(823936K), 0.0123720 secs] [Times: user=0.08 sys=0.01, real=0.02 secs] 
2014-07-08T14:46:33.938+0000: 1900.370: [GC [PSYoungGen: 136939K->1778K(135296K)] 252799K->117670K(822272K), 0.0086820 secs] [Times: user=0.05 sys=0.00, real=0.01 secs] 
2014-07-08T14:46:36.362+0000: 1902.794: [GC [PSYoungGen: 135244K->1380K(132672K)] 251136K->117377K(819648K), 0.0113420 secs] [Times: user=0.07 sys=0.00, real=0.01 secs] 
2014-07-08T14:46:38.869+0000: 1905.301: [GC [PSYoungGen: 132634K->1682K(130816K)] 248632K->117688K(817792K), 0.0154570 secs] [Times: user=0.10 sys=0.00, real=0.02 secs] 
2014-07-08T14:46:41.287+0000: 1907.719: [GC [PSYoungGen: 130770K->1362K(128384K)] 246776K->117367K(815360K), 0.0055070 secs] [Times: user=0.03 sys=0.00, real=0.00 secs] 
2014-07-08T14:46:43.548+0000: 1909.980: [GC [PSYoungGen: 128336K->1550K(126528K)] 244342K->117572K(813504K), 0.0043660 secs] [Times: user=0.02 sys=0.00, real=0.00 secs] 
2014-07-08T14:46:45.675+0000: 1912.108: [GC [PSYoungGen: 126478K->1266K(124224K)] 242500K->117287K(811200K), 0.0137140 secs] [Times: user=0.08 sys=0.00, real=0.01 secs] 
2014-07-08T14:46:47.828+0000: 1914.261: [GC [PSYoungGen: 124208K->1480K(122496K)] 240230K->117534K(809472K), 0.0091730 secs] [Times: user=0.05 sys=0.00, real=0.01 secs] 
2014-07-08T14:46:49.759+0000: 1916.191: [GC [PSYoungGen: 122440K->1390K(120448K)] 238494K->117484K(807424K), 0.0058040 secs] [Times: user=0.03 sys=0.00, real=0.01 secs] 
2014-07-08T14:46:52.040+0000: 1918.472: [GC [PSYoungGen: 120429K->1820K(119040K)] 236523K->117962K(806016K), 0.0097200 secs] [Times: user=0.05 sys=0.00, real=0.01 secs] 
2014-07-08T14:46:54.136+0000: 1920.568: [GC [PSYoungGen: 119004K->996K(116416K)] 235146K->117329K(803392K), 0.0065100 secs] [Times: user=0.03 sys=0.01, real=0.00 secs] 
2014-07-08T14:46:56.235+0000: 1922.667: [GC [PSYoungGen: 116388K->1504K(115200K)] 232721K->117886K(802176K), 0.0034540 secs] [Times: user=0.02 sys=0.00, real=0.01 secs] 
2014-07-08T14:46:58.444+0000: 1924.876: [GC [PSYoungGen: 115167K->1594K(113536K)] 231549K->118016K(800512K), 0.0071870 secs] [Times: user=0.04 sys=0.00, real=0.01 secs] 
2014-07-08T14:47:00.456+0000: 1926.888: [GC [PSYoungGen: 113529K->1472K(111808K)] 229951K->117926K(798784K), 0.0091340 secs] [Times: user=0.04 sys=0.00, real=0.00 secs] 
2014-07-08T14:47:02.370+0000: 1928.802: [GC [PSYoungGen: 111744K->1020K(109696K)] 228198K->117954K(796672K), 0.0062990 secs] [Times: user=0.03 sys=0.00, real=0.01 secs] 
2014-07-08T14:47:04.370+0000: 1930.802: [GC [PSYoungGen: 109692K->1452K(108544K)] 226626K->118442K(795520K), 0.0043150 secs] [Times: user=0.02 sys=0.00, real=0.00 secs] 
2014-07-08T14:47:06.444+0000: 1932.876: [GC [PSYoungGen: 108524K->1532K(107072K)] 225514K->119004K(794048K), 0.0087230 secs] [Times: user=0.04 sys=0.00, real=0.01 secs] 
2014-07-08T14:47:08.310+0000: 1934.742: [GC [PSYoungGen: 107068K->2084K(106176K)] 224540K->119596K(793152K), 0.0118380 secs] [Times: user=0.07 sys=0.00, real=0.01 secs] 
2014-07-08T14:47:10.035+0000: 1936.468: [GC [PSYoungGen: 106109K->622K(103232K)] 223621K->119094K(790208K), 0.0063230 secs] [Times: user=0.03 sys=0.00, real=0.01 secs] 
2014-07-08T14:47:11.792+0000: 1938.225: [GC [PSYoungGen: 103214K->2066K(103296K)] 221686K->120563K(790272K), 0.0164880 secs] [Times: user=0.09 sys=0.00, real=0.02 secs] 
2014-07-08T14:47:13.555+0000: 1939.987: [GC [PSYoungGen: 103250K->1590K(101376K)] 221747K->120534K(788352K), 0.0064010 secs] [Times: user=0.03 sys=0.00, real=0.01 secs] 
2014-07-08T14:47:15.323+0000: 1941.755: [GC [PSYoungGen: 101366K->1702K(100160K)] 220310K->120719K(787136K), 0.0054270 secs] [Times: user=0.04 sys=0.00, real=0.01 secs] 
2014-07-08T14:47:16.945+0000: 1943.377: [GC [PSYoungGen: 100134K->1212K(98304K)] 219151K->120396K(785280K), 0.0042610 secs] [Times: user=0.02 sys=0.00, real=0.01 secs] 
2014-07-08T14:47:18.733+0000: 1945.165: [GC [PSYoungGen: 98300K->1657K(97472K)] 217484K->120905K(784448K), 0.0081970 secs] [Times: user=0.06 sys=0.00, real=0.01 secs] 
2014-07-08T14:47:20.281+0000: 1946.714: [GC [PSYoungGen: 97465K->1632K(96192K)] 216713K->120960K(783168K), 0.0063270 secs] [Times: user=0.04 sys=0.00, real=0.00 secs] 
2014-07-08T14:47:21.904+0000: 1948.337: [GC [PSYoungGen: 96160K->1380K(94720K)] 215488K->120772K(781696K), 0.0110950 secs] [Times: user=0.06 sys=0.00, real=0.01 secs] 
2014-07-08T14:47:23.651+0000: 1950.084: [GC [PSYoungGen: 94692K->1316K(93440K)] 214084K->120950K(780416K), 0.0068190 secs] [Times: user=0.05 sys=0.00, real=0.00 secs] 
2014-07-08T14:47:25.224+0000: 1951.656: [GC [PSYoungGen: 93412K->1696K(92672K)] 213046K->121410K(779648K), 0.0107180 secs] [Times: user=0.07 sys=0.00, real=0.01 secs] 
2014-07-08T14:47:26.824+0000: 1953.256: [GC [PSYoungGen: 92617K->1210K(91008K)] 212331K->121294K(777984K), 0.0111410 secs] [Times: user=0.08 sys=0.00, real=0.01 secs] 
2014-07-08T14:47:28.218+0000: 1954.651: [GC [PSYoungGen: 91002K->1686K(90368K)] 211086K->121876K(777344K), 0.0189110 secs] [Times: user=0.12 sys=0.00, real=0.02 secs] 
2014-07-08T14:47:29.790+0000: 1956.222: [GC [PSYoungGen: 90326K->1202K(88768K)] 210516K->121822K(775744K), 0.0115040 secs] [Times: user=0.06 sys=0.00, real=0.02 secs] 
2014-07-08T14:47:31.123+0000: 1957.555: [GC [PSYoungGen: 88754K->1636K(88128K)] 209374K->122362K(775104K), 0.0129950 secs] [Times: user=0.08 sys=0.00, real=0.01 secs] 
2014-07-08T14:47:32.552+0000: 1958.984: [GC [PSYoungGen: 88100K->1142K(86592K)] 208826K->122402K(773568K), 0.0116240 secs] [Times: user=0.07 sys=0.00, real=0.01 secs] 
2014-07-08T14:47:34.265+0000: 1960.698: [GC [PSYoungGen: 86582K->1628K(86080K)] 207842K->122961K(773056K), 0.0064800 secs] [Times: user=0.03 sys=0.00, real=0.01 secs] 
2014-07-08T14:47:35.735+0000: 1962.167: [GC [PSYoungGen: 86043K->1212K(84608K)] 207376K->122722K(771584K), 0.0099130 secs] [Times: user=0.05 sys=0.00, real=0.01 secs] 
2014-07-08T14:47:37.062+0000: 1963.494: [GC [PSYoungGen: 84604K->1248K(83712K)] 206114K->122799K(770688K), 0.0101720 secs] [Times: user=0.06 sys=0.00, real=0.01 secs] 
2014-07-08T14:47:38.444+0000: 1964.877: [GC [PSYoungGen: 83680K->1284K(82816K)] 205231K->122906K(769792K), 0.0129300 secs] [Times: user=0.09 sys=0.01, real=0.01 secs] 
2014-07-08T14:47:39.791+0000: 1966.223: [GC [PSYoungGen: 82753K->1578K(82112K)] 204375K->123273K(769088K), 0.0107330 secs] [Times: user=0.08 sys=0.00, real=0.01 secs] 
2014-07-08T14:47:41.518+0000: 1967.950: [GC [PSYoungGen: 82090K->1088K(80704K)] 203785K->123046K(767680K), 0.0091780 secs] [Times: user=0.06 sys=0.00, real=0.01 secs] 
2014-07-08T14:47:43.108+0000: 1969.541: [GC [PSYoungGen: 80702K->1654K(80384K)] 202661K->123692K(767360K), 0.0093730 secs] [Times: user=0.06 sys=0.01, real=0.01 secs] 
2014-07-08T14:47:44.269+0000: 1970.701: [GC [PSYoungGen: 80374K->1248K(79104K)] 202412K->123675K(766080K), 0.0131150 secs] [Times: user=0.07 sys=0.00, real=0.02 secs] 
2014-07-08T14:47:45.563+0000: 1971.995: [GC [PSYoungGen: 79071K->1756K(78720K)] 201497K->124246K(765696K), 0.0193180 secs] [Times: user=0.12 sys=0.01, real=0.01 secs] 
2014-07-08T14:47:46.767+0000: 1973.199: [GC [PSYoungGen: 78684K->952K(77056K)] 201174K->124219K(764032K), 0.0040840 secs] [Times: user=0.02 sys=0.01, real=0.00 secs] 
2014-07-08T14:47:47.912+0000: 1974.344: [GC [PSYoungGen: 77048K->2017K(77312K)] 200315K->125425K(764288K), 0.0085690 secs] [Times: user=0.06 sys=0.00, real=0.01 secs] 
2014-07-08T14:47:49.005+0000: 1975.438: [GC [PSYoungGen: 77281K->1134K(75584K)] 200689K->125082K(762560K), 0.0098690 secs] [Times: user=0.07 sys=0.00, real=0.01 secs] 
2014-07-08T14:47:50.328+0000: 1976.760: [GC [PSYoungGen: 75529K->1718K(75328K)] 199477K->125722K(762304K), 0.0110190 secs] [Times: user=0.07 sys=0.00, real=0.01 secs] 
2014-07-08T14:47:51.551+0000: 1977.984: [GC [PSYoungGen: 75318K->1454K(74304K)] 199322K->125514K(761280K), 0.0147330 secs] [Times: user=0.09 sys=0.00, real=0.02 secs] 
2014-07-08T14:47:52.880+0000: 1979.312: [GC [PSYoungGen: 74286K->1440K(73536K)] 198346K->125588K(760512K), 0.0173470 secs] [Times: user=0.13 sys=0.00, real=0.02 secs] 
2014-07-08T14:47:54.136+0000: 1980.568: [GC [PSYoungGen: 73504K->1340K(72640K)] 197652K->125544K(759616K), 0.0100180 secs] [Times: user=0.06 sys=0.00, real=0.01 secs] 
2014-07-08T14:47:55.415+0000: 1981.847: [GC [PSYoungGen: 72636K->1244K(71808K)] 196840K->125512K(758784K), 0.0039260 secs] [Times: user=0.02 sys=0.00, real=0.00 secs] 
2014-07-08T14:47:56.457+0000: 1982.889: [GC [PSYoungGen: 71772K->1480K(71360K)] 196040K->125812K(758336K), 0.0063400 secs] [Times: user=0.03 sys=0.00, real=0.00 secs] 
2014-07-08T14:47:58.915+0000: 1985.347: [GC [PSYoungGen: 71304K->1555K(70720K)] 195636K->125911K(757696K), 0.0047610 secs] [Times: user=0.01 sys=0.00, real=0.01 secs] 
2014-07-08T14:47:59.038+0000: 1985.470: [GC [PSYoungGen: 70675K->996K(83968K)] 195031K->125592K(770944K), 0.0039000 secs] [Times: user=0.02 sys=0.00, real=0.00 secs] 
2014-07-08T14:47:59.188+0000: 1985.620: [GC [PSYoungGen: 83857K->1263K(100864K)] 208453K->125955K(787840K), 0.0051020 secs] [Times: user=0.03 sys=0.00, real=0.00 secs] 
2014-07-08T14:47:59.458+0000: 1985.890: [GC [PSYoungGen: 100847K->1436K(121024K)] 225539K->126234K(808000K), 0.0050810 secs] [Times: user=0.02 sys=0.00, real=0.00 secs] 
2014-07-08T14:48:01.106+0000: 1987.538: [GC [PSYoungGen: 120930K->1576K(145088K)] 245728K->126422K(832064K), 0.0143440 secs] [Times: user=0.08 sys=0.01, real=0.01 secs] 
2014-07-08T14:48:03.596+0000: 1990.028: [GC [PSYoungGen: 145064K->956K(173184K)] 269910K->125978K(860160K), 0.0039270 secs] [Times: user=0.02 sys=0.00, real=0.00 secs] 
2014-07-08T14:48:06.339+0000: 1992.771: [GC [PSYoungGen: 173180K->1444K(170304K)] 298202K->126498K(857280K), 0.0058320 secs] [Times: user=0.03 sys=0.00, real=0.00 secs] 
2014-07-08T14:48:09.343+0000: 1995.775: [GC [PSYoungGen: 170209K->1533K(167040K)] 295263K->126619K(854016K), 0.0098860 secs] [Times: user=0.06 sys=0.01, real=0.01 secs] 
2014-07-08T14:48:12.136+0000: 1998.569: [GC [PSYoungGen: 167037K->1412K(163776K)] 292123K->126498K(850752K), 0.0088970 secs] [Times: user=0.05 sys=0.00, real=0.01 secs] 
2014-07-08T14:48:15.086+0000: 2001.518: [GC [PSYoungGen: 163714K->868K(160128K)] 288800K->126442K(847104K), 0.0136730 secs] [Times: user=0.09 sys=0.00, real=0.02 secs] 
2014-07-08T14:48:17.961+0000: 2004.393: [GC [PSYoungGen: 160094K->1590K(157824K)] 285669K->127196K(844800K), 0.0107240 secs] [Times: user=0.06 sys=0.00, real=0.01 secs] 
2014-07-08T14:48:20.693+0000: 2007.125: [GC [PSYoungGen: 157809K->1270K(154560K)] 283416K->127258K(841536K), 0.0039160 secs] [Times: user=0.02 sys=0.01, real=0.00 secs] 
2014-07-08T14:48:23.342+0000: 2009.775: [GC [PSYoungGen: 154550K->1682K(152192K)] 280538K->127702K(839168K), 0.0059460 secs] [Times: user=0.04 sys=0.00, real=0.01 secs] 
2014-07-08T14:48:26.086+0000: 2012.519: [GC [PSYoungGen: 152146K->868K(148608K)] 278166K->127450K(835584K), 0.0101780 secs] [Times: user=0.07 sys=0.00, real=0.01 secs] 
2014-07-08T14:48:28.604+0000: 2015.036: [GC [PSYoungGen: 148580K->1917K(146944K)] 275162K->128625K(833920K), 0.0070830 secs] [Times: user=0.03 sys=0.00, real=0.01 secs] 
2014-07-08T14:48:31.299+0000: 2017.731: [GC [PSYoungGen: 146941K->1088K(143552K)] 273649K->128105K(830528K), 0.0063670 secs] [Times: user=0.04 sys=0.00, real=0.01 secs] 
2014-07-08T14:48:33.568+0000: 2020.000: [GC [PSYoungGen: 143552K->1782K(141760K)] 270569K->128831K(828736K), 0.0064510 secs] [Times: user=0.04 sys=0.00, real=0.01 secs] 
2014-07-08T14:48:35.918+0000: 2022.350: [GC [PSYoungGen: 141750K->1258K(138816K)] 268799K->128784K(825792K), 0.0054060 secs] [Times: user=0.04 sys=0.00, real=0.01 secs] 
2014-07-08T14:48:38.472+0000: 2024.904: [GC [PSYoungGen: 138790K->2091K(137280K)] 266316K->129672K(824256K), 0.0091850 secs] [Times: user=0.05 sys=0.01, real=0.01 secs] 
2014-07-08T14:48:41.019+0000: 2027.451: [GC [PSYoungGen: 137208K->889K(133760K)] 264790K->129100K(820736K), 0.0074380 secs] [Times: user=0.05 sys=0.00, real=0.01 secs] 
2014-07-08T14:48:43.763+0000: 2030.195: [GC [PSYoungGen: 133705K->1676K(132352K)] 261917K->129911K(819328K), 0.0141480 secs] [Times: user=0.08 sys=0.00, real=0.01 secs] 
2014-07-08T14:48:45.891+0000: 2032.324: [GC [PSYoungGen: 132300K->1594K(130048K)] 260535K->130075K(817024K), 0.0106850 secs] [Times: user=0.06 sys=0.01, real=0.02 secs] 
2014-07-08T14:48:48.247+0000: 2034.679: [GC [PSYoungGen: 130019K->1568K(127936K)] 258501K->130098K(814912K), 0.0134420 secs] [Times: user=0.06 sys=0.00, real=0.01 secs] 
2014-07-08T14:48:48.502+0000: 2034.934: [GC [PSYoungGen: 127904K->972K(152640K)] 256434K->129573K(839616K), 0.0126300 secs] [Times: user=0.09 sys=0.00, real=0.02 secs] 
2014-07-08T14:48:49.765+0000: 2036.198: [GC [PSYoungGen: 152588K->1518K(179584K)] 281189K->130160K(866560K), 0.0066070 secs] [Times: user=0.04 sys=0.00, real=0.01 secs] 
2014-07-08T14:48:52.746+0000: 2039.178: [GC [PSYoungGen: 178855K->2037K(183936K)] 307497K->130679K(870912K), 0.0115960 secs] [Times: user=0.07 sys=0.01, real=0.01 secs] 
2014-07-08T14:48:55.930+0000: 2042.362: [GC [PSYoungGen: 183861K->1738K(179904K)] 312503K->130380K(866880K), 0.0058050 secs] [Times: user=0.03 sys=0.00, real=0.01 secs] 
2014-07-08T14:48:59.241+0000: 2045.673: [GC [PSYoungGen: 179850K->508K(175040K)] 308492K->130368K(862016K), 0.0060850 secs] [Times: user=0.04 sys=0.01, real=0.01 secs] 
2014-07-08T14:49:02.428+0000: 2048.861: [GC [PSYoungGen: 175036K->1764K(172800K)] 304896K->131648K(859776K), 0.0088700 secs] [Times: user=0.03 sys=0.00, real=0.01 secs] 
2014-07-08T14:49:05.367+0000: 2051.800: [GC [PSYoungGen: 172754K->1806K(169472K)] 302639K->132107K(856448K), 0.0073230 secs] [Times: user=0.04 sys=0.00, real=0.00 secs] 
2014-07-08T14:49:08.450+0000: 2054.882: [GC [PSYoungGen: 169422K->1504K(165888K)] 299723K->131804K(852864K), 0.0078410 secs] [Times: user=0.04 sys=0.00, real=0.01 secs] 
2014-07-08T14:49:11.504+0000: 2057.937: [GC [PSYoungGen: 165856K->1134K(162368K)] 296156K->131570K(849344K), 0.0119810 secs] [Times: user=0.07 sys=0.00, real=0.02 secs] 
2014-07-08T14:49:14.707+0000: 2061.139: [GC [PSYoungGen: 162350K->1893K(160064K)] 292786K->132345K(847040K), 0.0083930 secs] [Times: user=0.04 sys=0.00, real=0.00 secs] 
2014-07-08T14:49:17.687+0000: 2064.119: [GC [PSYoungGen: 160037K->1330K(156544K)] 290489K->132283K(843520K), 0.0108950 secs] [Times: user=0.08 sys=0.00, real=0.02 secs] 
2014-07-08T14:49:20.571+0000: 2067.003: [GC [PSYoungGen: 156530K->1888K(154240K)] 287483K->132881K(841216K), 0.0039320 secs] [Times: user=0.02 sys=0.00, real=0.00 secs] 
2014-07-08T14:49:23.130+0000: 2069.562: [GC [PSYoungGen: 154208K->1262K(150784K)] 285201K->132595K(837760K), 0.0106560 secs] [Times: user=0.07 sys=0.00, real=0.01 secs] 
2014-07-08T14:49:25.297+0000: 2071.729: [GC [PSYoungGen: 150766K->1664K(148480K)] 282099K->133029K(835456K), 0.0050310 secs] [Times: user=0.03 sys=0.00, real=0.01 secs] 
2014-07-08T14:49:27.435+0000: 2073.867: [GC [PSYoungGen: 148480K->1476K(145728K)] 279845K->132865K(832704K), 0.0073530 secs] [Times: user=0.03 sys=0.00, real=0.01 secs] 
2014-07-08T14:49:29.599+0000: 2076.031: [GC [PSYoungGen: 145668K->1368K(143040K)] 277057K->132773K(830016K), 0.0061430 secs] [Times: user=0.02 sys=0.00, real=0.00 secs] 
2014-07-08T14:49:31.736+0000: 2078.169: [GC [PSYoungGen: 142998K->1444K(140608K)] 274404K->132929K(827584K), 0.0043400 secs] [Times: user=0.02 sys=0.00, real=0.01 secs] 
2014-07-08T14:49:33.568+0000: 2080.000: [GC [PSYoungGen: 140580K->1302K(138048K)] 272065K->132835K(825024K), 0.0038570 secs] [Times: user=0.02 sys=0.00, real=0.01 secs] 
2014-07-08T14:49:35.390+0000: 2081.823: [GC [PSYoungGen: 138006K->1454K(135808K)] 269539K->133019K(822784K), 0.0053460 secs] [Times: user=0.02 sys=0.00, real=0.00 secs] 
2014-07-08T14:49:36.998+0000: 2083.430: [GC [PSYoungGen: 135790K->992K(133120K)] 267355K->132613K(820096K), 0.0063850 secs] [Times: user=0.04 sys=0.00, real=0.01 secs] 
2014-07-08T14:49:38.661+0000: 2085.093: [GC [PSYoungGen: 133088K->1124K(131072K)] 264709K->132761K(818048K), 0.0207360 secs] [Times: user=0.11 sys=0.00, real=0.02 secs] 
2014-07-08T14:49:55.080+0000: 2101.512: [GC [PSYoungGen: 131044K->1766K(129536K)] 262681K->133412K(816512K), 0.0077640 secs] [Times: user=0.04 sys=0.00, real=0.01 secs] 
2014-07-08T14:49:55.306+0000: 2101.738: [GC [PSYoungGen: 129510K->1334K(154688K)] 261156K->133019K(841664K), 0.0116210 secs] [Times: user=0.04 sys=0.00, real=0.01 secs] 
2014-07-08T14:49:55.582+0000: 2102.014: [GC [PSYoungGen: 154678K->1266K(169536K)] 286363K->133007K(856512K), 0.0098100 secs] [Times: user=0.07 sys=0.00, real=0.01 secs] 
2014-07-08T14:49:55.905+0000: 2102.338: [GC [PSYoungGen: 168626K->1170K(186176K)] 300367K->132975K(873152K), 0.0057950 secs] [Times: user=0.03 sys=0.01, real=0.00 secs] 
2014-07-08T14:49:56.367+0000: 2102.799: [GC [PSYoungGen: 185234K->1817K(186176K)] 317039K->133686K(873152K), 0.0054280 secs] [Times: user=0.04 sys=0.00, real=0.00 secs] 
2014-07-08T14:49:58.833+0000: 2105.265: [GC [PSYoungGen: 185838K->1714K(223040K)] 317708K->133583K(910016K), 0.0128470 secs] [Times: user=0.08 sys=0.01, real=0.01 secs] 
2014-07-08T14:50:02.220+0000: 2108.652: [GC [PSYoungGen: 222578K->1668K(223104K)] 354447K->133537K(910080K), 0.0071570 secs] [Times: user=0.03 sys=0.00, real=0.01 secs] 
2014-07-08T14:50:05.287+0000: 2111.719: [GC [PSYoungGen: 222509K->1170K(217024K)] 354378K->133039K(904000K), 0.0038030 secs] [Times: user=0.02 sys=0.01, real=0.00 secs] 
2014-07-08T14:51:03.460+0000: 2169.893: [GC [PSYoungGen: 216977K->1551K(212544K)] 348846K->133468K(899520K), 0.0068370 secs] [Times: user=0.04 sys=0.00, real=0.01 secs] 
2014-07-08T14:51:03.821+0000: 2170.253: [GC [PSYoungGen: 212495K->1593K(254784K)] 344412K->133698K(941760K), 0.0114900 secs] [Times: user=0.07 sys=0.00, real=0.01 secs] 
2014-07-08T14:51:04.286+0000: 2170.718: [GC [PSYoungGen: 254777K->1500K(265216K)] 386882K->133662K(952192K), 0.0073290 secs] [Times: user=0.05 sys=0.00, real=0.01 secs] 
2014-07-08T14:51:06.388+0000: 2172.820: [GC [PSYoungGen: 264540K->1596K(305984K)] 396702K->133758K(992960K), 0.0067670 secs] [Times: user=0.04 sys=0.00, real=0.01 secs] 
2014-07-08T14:51:11.089+0000: 2177.521: [GC [PSYoungGen: 305468K->1664K(297408K)] 437630K->133825K(984384K), 0.0041330 secs] [Times: user=0.02 sys=0.00, real=0.00 secs] 
2014-07-08T14:51:15.794+0000: 2182.227: [GC [PSYoungGen: 297312K->438K(288256K)] 429473K->133563K(975232K), 0.0090480 secs] [Times: user=0.06 sys=0.00, real=0.01 secs] 
2014-07-08T14:51:20.823+0000: 2187.256: [GC [PSYoungGen: 288234K->2046K(282304K)] 421360K->135644K(969280K), 0.0128440 secs] [Times: user=0.08 sys=0.00, real=0.02 secs] 
2014-07-08T14:51:25.861+0000: 2192.294: [GC [PSYoungGen: 282302K->1398K(274368K)] 415900K->135662K(961344K), 0.0064540 secs] [Times: user=0.04 sys=0.00, real=0.01 secs] 
2014-07-08T14:51:30.679+0000: 2197.112: [GC [PSYoungGen: 274358K->1298K(267328K)] 408622K->135636K(954304K), 0.0099530 secs] [Times: user=0.06 sys=0.00, real=0.01 secs] 
2014-07-08T14:51:35.019+0000: 2201.451: [GC [PSYoungGen: 267282K->1298K(260608K)] 401620K->135636K(947584K), 0.0074730 secs] [Times: user=0.04 sys=0.00, real=0.00 secs] 
2014-07-08T14:51:39.652+0000: 2206.084: [GC [PSYoungGen: 260562K->1472K(254336K)] 394900K->135810K(941312K), 0.0093760 secs] [Times: user=0.05 sys=0.01, real=0.01 secs] 
2014-07-08T14:51:44.177+0000: 2210.609: [GC [PSYoungGen: 254272K->1436K(248064K)] 388610K->135774K(935040K), 0.0068380 secs] [Times: user=0.04 sys=0.00, real=0.01 secs] 
2014-07-08T14:51:49.011+0000: 2215.443: [GC [PSYoungGen: 248028K->1358K(241984K)] 382366K->135696K(928960K), 0.0064360 secs] [Times: user=0.02 sys=0.00, real=0.00 secs] 
2014-07-08T14:51:53.413+0000: 2219.845: [GC [PSYoungGen: 241931K->1220K(236096K)] 376269K->135558K(923072K), 0.0129710 secs] [Times: user=0.08 sys=0.00, real=0.01 secs] 
2014-07-08T14:51:57.576+0000: 2224.008: [GC [PSYoungGen: 236036K->1948K(231232K)] 370374K->136286K(918208K), 0.0070510 secs] [Times: user=0.04 sys=0.00, real=0.01 secs] 
2014-07-08T14:52:01.529+0000: 2227.961: [GC [PSYoungGen: 231196K->1148K(225024K)] 365534K->135840K(912000K), 0.0057910 secs] [Times: user=0.02 sys=0.00, real=0.01 secs] 
2014-07-08T14:52:02.957+0000: 2229.390: [GC [PSYoungGen: 225020K->1206K(219904K)] 359712K->135922K(906880K), 0.0173470 secs] [Times: user=0.11 sys=0.00, real=0.02 secs] 
2014-07-08T14:52:05.617+0000: 2232.049: [GC [PSYoungGen: 219865K->1436K(215168K)] 354581K->136192K(902144K), 0.0042860 secs] [Times: user=0.02 sys=0.01, real=0.00 secs] 
2014-07-08T14:52:09.518+0000: 2235.950: [GC [PSYoungGen: 215132K->1540K(210496K)] 349888K->136296K(897472K), 0.0065890 secs] [Times: user=0.03 sys=0.00, real=0.01 secs] 
2014-07-08T14:52:10.579+0000: 2237.011: [GC [PSYoungGen: 210436K->1188K(205440K)] 345192K->136032K(892416K), 0.0128050 secs] [Times: user=0.08 sys=0.00, real=0.01 secs] 
2014-07-08T14:52:13.434+0000: 2239.867: [GC [PSYoungGen: 205412K->1316K(201088K)] 340256K->136176K(888064K), 0.0091900 secs] [Times: user=0.05 sys=0.01, real=0.01 secs] 
2014-07-08T14:52:17.120+0000: 2243.552: [GC [PSYoungGen: 201060K->1380K(196800K)] 335920K->136256K(883776K), 0.0059670 secs] [Times: user=0.03 sys=0.00, real=0.01 secs] 
2014-07-08T14:52:20.494+0000: 2246.926: [GC [PSYoungGen: 196772K->1913K(193152K)] 331648K->136789K(880128K), 0.0079880 secs] [Times: user=0.05 sys=0.00, real=0.01 secs] 
2014-07-08T14:52:23.810+0000: 2250.242: [GC [PSYoungGen: 193110K->678K(187904K)] 327986K->136126K(874880K), 0.0085530 secs] [Times: user=0.03 sys=0.01, real=0.01 secs] 
2014-07-08T14:52:27.276+0000: 2253.708: [GC [PSYoungGen: 187825K->2096K(185408K)] 323273K->137616K(872384K), 0.0206010 secs] [Times: user=0.14 sys=0.00, real=0.02 secs] 
2014-07-08T14:52:42.750+0000: 2269.182: [GC [PSYoungGen: 185392K->1454K(180992K)] 320912K->137745K(867968K), 0.0208890 secs] [Times: user=0.10 sys=0.00, real=0.02 secs] 
2014-07-08T14:52:47.804+0000: 2274.236: [GC [PSYoungGen: 180974K->1274K(177152K)] 317265K->137604K(864128K), 0.0068040 secs] [Times: user=0.04 sys=0.00, real=0.01 secs] 
2014-07-08T14:52:48.118+0000: 2274.550: [GC [PSYoungGen: 177146K->1682K(174080K)] 313476K->138224K(861056K), 0.0037170 secs] [Times: user=0.01 sys=0.01, real=0.01 secs] 
2014-07-08T14:52:48.457+0000: 2274.890: [GC [PSYoungGen: 174034K->1586K(170560K)] 310576K->138184K(857536K), 0.0073160 secs] [Times: user=0.02 sys=0.00, real=0.01 secs] 
2014-07-08T14:52:49.359+0000: 2275.791: [GC [PSYoungGen: 170546K->1568K(167232K)] 307144K->138246K(854208K), 0.0101840 secs] [Times: user=0.07 sys=0.00, real=0.01 secs] 
2014-07-08T14:52:52.070+0000: 2278.502: [GC [PSYoungGen: 167200K->1636K(164096K)] 303878K->138330K(851072K), 0.0176960 secs] [Times: user=0.12 sys=0.00, real=0.01 secs] 
2014-07-08T14:52:54.921+0000: 2281.353: [GC [PSYoungGen: 163992K->1398K(160704K)] 300686K->138212K(847680K), 0.0134690 secs] [Times: user=0.09 sys=0.00, real=0.01 secs] 
2014-07-08T14:52:57.476+0000: 2283.909: [GC [PSYoungGen: 160694K->1592K(157888K)] 297508K->138439K(844864K), 0.0118210 secs] [Times: user=0.06 sys=0.00, real=0.01 secs] 
2014-07-08T14:53:00.082+0000: 2286.514: [GC [PSYoungGen: 157880K->1248K(154624K)] 294727K->138094K(841600K), 0.0048000 secs] [Times: user=0.03 sys=0.01, real=0.00 secs] 
2014-07-08T14:53:02.888+0000: 2289.320: [GC [PSYoungGen: 154592K->1714K(152256K)] 291438K->138560K(839232K), 0.0085770 secs] [Times: user=0.03 sys=0.00, real=0.01 secs] 
2014-07-08T14:53:05.734+0000: 2292.166: [GC [PSYoungGen: 152242K->1276K(149056K)] 289088K->138441K(836032K), 0.0178410 secs] [Times: user=0.11 sys=0.01, real=0.02 secs] 
2014-07-08T14:53:08.462+0000: 2294.894: [GC [PSYoungGen: 149052K->1362K(146496K)] 286217K->138550K(833472K), 0.0062580 secs] [Times: user=0.04 sys=0.00, real=0.01 secs] 
2014-07-08T14:53:10.952+0000: 2297.385: [GC [PSYoungGen: 146450K->1568K(144128K)] 283638K->138788K(831104K), 0.0060770 secs] [Times: user=0.03 sys=0.00, real=0.00 secs] 
2014-07-08T14:53:13.502+0000: 2299.934: [GC [PSYoungGen: 144079K->1676K(141760K)] 281299K->138896K(828736K), 0.0103590 secs] [Times: user=0.07 sys=0.00, real=0.02 secs] 
2014-07-08T14:53:15.874+0000: 2302.307: [GC [PSYoungGen: 141708K->828K(138432K)] 278928K->138690K(825408K), 0.0107950 secs] [Times: user=0.08 sys=0.00, real=0.01 secs] 
2014-07-08T14:53:18.433+0000: 2304.866: [GC [PSYoungGen: 138428K->1632K(136896K)] 276290K->139518K(823872K), 0.0084170 secs] [Times: user=0.05 sys=0.00, real=0.00 secs] 
2014-07-08T14:53:20.613+0000: 2307.045: [GC [PSYoungGen: 136860K->1508K(134464K)] 274747K->139750K(821440K), 0.0164850 secs] [Times: user=0.10 sys=0.01, real=0.02 secs] 
2014-07-08T14:53:22.567+0000: 2308.999: [GC [PSYoungGen: 134402K->1774K(132480K)] 272644K->140057K(819456K), 0.0140870 secs] [Times: user=0.09 sys=0.00, real=0.01 secs] 
2014-07-08T14:53:27.739+0000: 2314.171: [GC [PSYoungGen: 132462K->818K(129344K)] 270745K->139416K(816320K), 0.0032650 secs] [Times: user=0.02 sys=0.00, real=0.00 secs] 
2014-07-08T14:53:27.966+0000: 2314.398: [GC [PSYoungGen: 129330K->1280K(127744K)] 267928K->139959K(814720K), 0.0054260 secs] [Times: user=0.04 sys=0.00, real=0.00 secs] 
2014-07-08T14:53:28.192+0000: 2314.625: [GC [PSYoungGen: 127680K->1508K(153216K)] 266359K->140250K(840192K), 0.0033710 secs] [Times: user=0.01 sys=0.00, real=0.01 secs] 
2014-07-08T14:53:29.807+0000: 2316.239: [GC [PSYoungGen: 153188K->1422K(150400K)] 291930K->140236K(837376K), 0.0070960 secs] [Times: user=0.04 sys=0.00, real=0.00 secs] 
2014-07-08T14:53:32.338+0000: 2318.770: [GC [PSYoungGen: 150321K->1142K(147392K)] 289136K->140318K(834368K), 0.0041750 secs] [Times: user=0.03 sys=0.01, real=0.00 secs] 
2014-07-08T14:53:35.023+0000: 2321.455: [GC [PSYoungGen: 147382K->1714K(145344K)] 286558K->140973K(832320K), 0.0124640 secs] [Times: user=0.07 sys=0.00, real=0.01 secs] 
2014-07-08T14:53:39.600+0000: 2326.032: [GC [PSYoungGen: 145330K->1148K(142208K)] 284589K->140853K(829184K), 0.0079620 secs] [Times: user=0.06 sys=0.00, real=0.01 secs] 
2014-07-08T14:53:41.151+0000: 2327.583: [GC [PSYoungGen: 142204K->1444K(140096K)] 281909K->141181K(827072K), 0.0051190 secs] [Times: user=0.02 sys=0.01, real=0.00 secs] 
2014-07-08T14:53:41.398+0000: 2327.830: [GC [PSYoungGen: 140064K->1394K(137664K)] 279801K->141235K(824640K), 0.0033610 secs] [Times: user=0.02 sys=0.01, real=0.00 secs] 
2014-07-08T14:53:42.116+0000: 2328.548: [GC [PSYoungGen: 137650K->1888K(135872K)] 277491K->141817K(822848K), 0.0067710 secs] [Times: user=0.02 sys=0.00, real=0.01 secs] 
2014-07-08T14:53:44.196+0000: 2330.628: [GC [PSYoungGen: 135840K->562K(132288K)] 275769K->141122K(819264K), 0.0114120 secs] [Times: user=0.08 sys=0.00, real=0.02 secs] 
2014-07-08T14:53:46.120+0000: 2332.552: [GC [PSYoungGen: 132185K->1986K(131584K)] 272746K->142587K(818560K), 0.0090240 secs] [Times: user=0.05 sys=0.00, real=0.01 secs] 
2014-07-08T14:53:48.330+0000: 2334.762: [GC [PSYoungGen: 131493K->1636K(129088K)] 272094K->142827K(816064K), 0.0107680 secs] [Times: user=0.07 sys=0.00, real=0.01 secs] 
2014-07-08T14:53:50.548+0000: 2336.980: [GC [PSYoungGen: 129060K->1550K(126976K)] 270251K->142789K(813952K), 0.0140160 secs] [Times: user=0.09 sys=0.00, real=0.01 secs] 
2014-07-08T14:53:52.740+0000: 2339.173: [GC [PSYoungGen: 126926K->1504K(124864K)] 268165K->142807K(811840K), 0.0070070 secs] [Times: user=0.04 sys=0.00, real=0.00 secs] 
2014-07-08T14:53:54.894+0000: 2341.326: [GC [PSYoungGen: 124832K->1454K(122816K)] 266135K->142781K(809792K), 0.0053310 secs] [Times: user=0.03 sys=0.00, real=0.01 secs] 
2014-07-08T14:53:56.475+0000: 2342.907: [GC [PSYoungGen: 122798K->1188K(120640K)] 264125K->142578K(807616K), 0.0067120 secs] [Times: user=0.04 sys=0.01, real=0.01 secs] 
2014-07-08T14:53:58.743+0000: 2345.176: [GC [PSYoungGen: 120612K->1714K(119296K)] 262002K->143121K(806272K), 0.0081920 secs] [Times: user=0.04 sys=0.00, real=0.01 secs] 
2014-07-08T14:54:00.524+0000: 2346.956: [GC [PSYoungGen: 119282K->1138K(116928K)] 260689K->142600K(803904K), 0.0039020 secs] [Times: user=0.02 sys=0.00, real=0.00 secs] 
2014-07-08T14:54:03.929+0000: 2350.361: [GC [PSYoungGen: 116914K->1440K(115456K)] 258376K->142991K(802432K), 0.0036300 secs] [Times: user=0.02 sys=0.00, real=0.01 secs] 
2014-07-08T14:54:04.130+0000: 2350.562: [GC [PSYoungGen: 115424K->1231K(138112K)] 256975K->142822K(825088K), 0.0080060 secs] [Times: user=0.04 sys=0.00, real=0.01 secs] 
2014-07-08T14:54:04.378+0000: 2350.810: [GC [PSYoungGen: 138063K->1028K(165312K)] 279654K->142674K(852288K), 0.0058010 secs] [Times: user=0.03 sys=0.00, real=0.01 secs] 
2014-07-08T14:54:05.350+0000: 2351.783: [GC [PSYoungGen: 165252K->1628K(198784K)] 306898K->143347K(885760K), 0.0065810 secs] [Times: user=0.04 sys=0.00, real=0.00 secs] 
2014-07-08T14:54:08.329+0000: 2354.762: [GC [PSYoungGen: 198748K->1518K(194432K)] 340467K->143237K(881408K), 0.0051050 secs] [Times: user=0.03 sys=0.00, real=0.01 secs] 
2014-07-08T14:54:10.845+0000: 2357.278: [GC [PSYoungGen: 194414K->1188K(190016K)] 336133K->143157K(876992K), 0.0073580 secs] [Times: user=0.05 sys=0.00, real=0.01 secs] 
2014-07-08T14:54:13.610+0000: 2360.042: [GC [PSYoungGen: 189981K->1878K(186752K)] 331950K->143863K(873728K), 0.0051890 secs] [Times: user=0.02 sys=0.00, real=0.01 secs] 
2014-07-08T14:54:16.212+0000: 2362.644: [GC [PSYoungGen: 186710K->1132K(182144K)] 328695K->143315K(869120K), 0.0072810 secs] [Times: user=0.03 sys=0.00, real=0.01 secs] 
2014-07-08T14:54:18.722+0000: 2365.154: [GC [PSYoungGen: 182121K->1892K(179200K)] 324305K->144100K(866176K), 0.0058030 secs] [Times: user=0.03 sys=0.00, real=0.00 secs] 
2014-07-08T14:54:21.427+0000: 2367.859: [GC [PSYoungGen: 179172K->1334K(175040K)] 321380K->143728K(862016K), 0.0064030 secs] [Times: user=0.02 sys=0.00, real=0.01 secs] 
2014-07-08T14:54:23.913+0000: 2370.346: [GC [PSYoungGen: 175030K->1600K(171904K)] 317424K->144002K(858880K), 0.0066890 secs] [Times: user=0.03 sys=0.00, real=0.00 secs] 
2014-07-08T14:54:26.195+0000: 2372.627: [GC [PSYoungGen: 171840K->1390K(168320K)] 314242K->144024K(855296K), 0.0085620 secs] [Times: user=0.04 sys=0.00, real=0.00 secs] 
2014-07-08T14:54:28.604+0000: 2375.036: [GC [PSYoungGen: 168296K->1436K(165120K)] 310930K->144094K(852096K), 0.0065820 secs] [Times: user=0.03 sys=0.00, real=0.01 secs] 
2014-07-08T14:54:30.836+0000: 2377.269: [GC [PSYoungGen: 165084K->1294K(161856K)] 307742K->143976K(848832K), 0.0038450 secs] [Times: user=0.01 sys=0.00, real=0.00 secs] 
2014-07-08T14:54:32.998+0000: 2379.431: [GC [PSYoungGen: 161806K->1610K(159104K)] 304488K->144316K(846080K), 0.0085330 secs] [Times: user=0.05 sys=0.00, real=0.01 secs] 
2014-07-08T14:54:35.290+0000: 2381.722: [GC [PSYoungGen: 159050K->1124K(155648K)] 301756K->144054K(842624K), 0.0117010 secs] [Times: user=0.06 sys=0.00, real=0.01 secs] 
2014-07-08T14:54:37.507+0000: 2383.939: [GC [PSYoungGen: 155620K->1522K(153152K)] 298550K->144476K(840128K), 0.0034010 secs] [Times: user=0.02 sys=0.00, real=0.00 secs] 
2014-07-08T14:54:39.938+0000: 2386.370: [GC [PSYoungGen: 153138K->1454K(150336K)] 296092K->144707K(837312K), 0.0036230 secs] [Times: user=0.03 sys=0.00, real=0.00 secs] 
2014-07-08T14:54:41.712+0000: 2388.144: [GC [PSYoungGen: 150318K->1696K(147904K)] 293571K->145028K(834880K), 0.0072810 secs] [Times: user=0.04 sys=0.00, real=0.01 secs] 
2014-07-08T14:54:43.583+0000: 2390.015: [GC [PSYoungGen: 147872K->932K(144512K)] 291204K->144722K(831488K), 0.0035620 secs] [Times: user=0.02 sys=0.00, real=0.01 secs] 
2014-07-08T14:54:45.983+0000: 2392.416: [GC [PSYoungGen: 144484K->1950K(142976K)] 288274K->145772K(829952K), 0.0101610 secs] [Times: user=0.05 sys=0.00, real=0.01 secs] 
2014-07-08T14:54:48.504+0000: 2394.936: [GC [PSYoungGen: 142942K->1208K(139776K)] 286764K->145696K(826752K), 0.0177120 secs] [Times: user=0.11 sys=0.00, real=0.02 secs] 
2014-07-08T14:54:50.839+0000: 2397.272: [GC [PSYoungGen: 139717K->1605K(137856K)] 284206K->146125K(824832K), 0.0061130 secs] [Times: user=0.02 sys=0.00, real=0.00 secs] 
2014-07-08T14:54:53.020+0000: 2399.453: [GC [PSYoungGen: 137797K->1532K(135424K)] 282317K->146561K(822400K), 0.0120330 secs] [Times: user=0.08 sys=0.00, real=0.01 secs] 
2014-07-08T14:54:55.263+0000: 2401.695: [GC [PSYoungGen: 135420K->1671K(133376K)] 280449K->146739K(820352K), 0.0044380 secs] [Times: user=0.02 sys=0.00, real=0.00 secs] 
2014-07-08T14:54:57.274+0000: 2403.706: [GC [PSYoungGen: 133310K->1266K(130752K)] 278379K->146366K(817728K), 0.0071070 secs] [Times: user=0.05 sys=0.00, real=0.01 secs] 
2014-07-08T14:54:59.499+0000: 2405.931: [GC [PSYoungGen: 130738K->2001K(129408K)] 275838K->147133K(816384K), 0.0077070 secs] [Times: user=0.04 sys=0.01, real=0.01 secs] 
2014-07-08T14:55:01.352+0000: 2407.784: [GC [PSYoungGen: 129361K->1188K(126528K)] 274493K->146553K(813504K), 0.0144710 secs] [Times: user=0.10 sys=0.00, real=0.01 secs] 
2014-07-08T14:55:03.013+0000: 2409.446: [GC [PSYoungGen: 126500K->1572K(124864K)] 271865K->147008K(811840K), 0.0058280 secs] [Times: user=0.04 sys=0.00, real=0.01 secs] 
2014-07-08T14:55:04.778+0000: 2411.210: [GC [PSYoungGen: 124804K->1561K(122880K)] 270240K->147183K(809856K), 0.0045470 secs] [Times: user=0.02 sys=0.00, real=0.01 secs] 
2014-07-08T14:55:06.515+0000: 2412.947: [GC [PSYoungGen: 122797K->1152K(120512K)] 268420K->146838K(807488K), 0.0082020 secs] [Times: user=0.04 sys=0.00, real=0.01 secs] 
2014-07-08T14:55:08.189+0000: 2414.621: [GC [PSYoungGen: 120485K->1636K(119168K)] 266171K->147653K(806144K), 0.0038890 secs] [Times: user=0.02 sys=0.01, real=0.01 secs] 
2014-07-08T14:55:09.983+0000: 2416.415: [GC [PSYoungGen: 119140K->1472K(117248K)] 265157K->147537K(804224K), 0.0052130 secs] [Times: user=0.03 sys=0.00, real=0.00 secs] 
2014-07-08T14:55:11.617+0000: 2418.050: [GC [PSYoungGen: 117184K->1348K(115328K)] 263249K->147452K(802304K), 0.0125470 secs] [Times: user=0.07 sys=0.00, real=0.02 secs] 
2014-07-08T14:55:13.331+0000: 2419.763: [GC [PSYoungGen: 115268K->2157K(114368K)] 261372K->148310K(801344K), 0.0058330 secs] [Times: user=0.02 sys=0.00, real=0.01 secs] 
2014-07-08T14:55:15.020+0000: 2421.452: [GC [PSYoungGen: 114349K->956K(111488K)] 260502K->147495K(798464K), 0.0056720 secs] [Times: user=0.03 sys=0.00, real=0.01 secs] 
2014-07-08T14:55:16.625+0000: 2423.057: [GC [PSYoungGen: 111464K->1910K(110848K)] 258003K->148521K(797824K), 0.0040640 secs] [Times: user=0.02 sys=0.00, real=0.00 secs] 
2014-07-08T14:55:18.242+0000: 2424.674: [GC [PSYoungGen: 110838K->1692K(109056K)] 257449K->148499K(796032K), 0.0087420 secs] [Times: user=0.06 sys=0.00, real=0.00 secs] 
2014-07-08T14:55:19.891+0000: 2426.323: [GC [PSYoungGen: 109006K->1440K(107264K)] 255813K->148295K(794240K), 0.0041300 secs] [Times: user=0.02 sys=0.00, real=0.01 secs] 
2014-07-08T14:55:21.652+0000: 2428.084: [GC [PSYoungGen: 107232K->1578K(105856K)] 254087K->148553K(792832K), 0.0083710 secs] [Times: user=0.05 sys=0.00, real=0.00 secs] 
2014-07-08T14:55:23.136+0000: 2429.568: [GC [PSYoungGen: 105834K->1614K(104448K)] 252809K->148661K(791424K), 0.0196820 secs] [Times: user=0.14 sys=0.00, real=0.02 secs] 
2014-07-08T14:55:24.628+0000: 2431.060: [GC [PSYoungGen: 104360K->1400K(102784K)] 251407K->148756K(789760K), 0.0047160 secs] [Times: user=0.03 sys=0.01, real=0.01 secs] 
2014-07-08T14:55:26.079+0000: 2432.511: [GC [PSYoungGen: 102761K->1632K(101632K)] 250117K->149075K(788608K), 0.0049400 secs] [Times: user=0.02 sys=0.00, real=0.01 secs] 
2014-07-08T14:55:27.712+0000: 2434.144: [GC [PSYoungGen: 101600K->1338K(99968K)] 249043K->148853K(786944K), 0.0073800 secs] [Times: user=0.04 sys=0.00, real=0.01 secs] 
2014-07-08T14:55:40.995+0000: 2447.428: [GC [PSYoungGen: 99962K->918K(98240K)] 247477K->148859K(785216K), 0.0072080 secs] [Times: user=0.04 sys=0.00, real=0.00 secs] 
2014-07-08T14:56:37.122+0000: 2503.554: [GC [PSYoungGen: 98198K->1490K(97536K)] 246139K->149431K(784512K), 0.0105680 secs] [Times: user=0.06 sys=0.00, real=0.01 secs] 
2014-07-08T14:56:37.290+0000: 2503.723: [GC [PSYoungGen: 97490K->1234K(116480K)] 245431K->149345K(803456K), 0.0064640 secs] [Times: user=0.04 sys=0.00, real=0.01 secs] 
2014-07-08T14:56:37.494+0000: 2503.926: [GC [PSYoungGen: 116434K->1234K(139520K)] 264545K->149393K(826496K), 0.0068100 secs] [Times: user=0.02 sys=0.00, real=0.00 secs] 
2014-07-08T14:56:37.731+0000: 2504.164: [GC [PSYoungGen: 139474K->1504K(167424K)] 287633K->149671K(854400K), 0.0083690 secs] [Times: user=0.02 sys=0.01, real=0.01 secs] 
2014-07-08T14:56:38.041+0000: 2504.474: [GC [PSYoungGen: 167392K->1230K(200384K)] 315559K->149445K(887360K), 0.0043530 secs] [Times: user=0.01 sys=0.00, real=0.01 secs] 
2014-07-08T14:56:40.873+0000: 2507.306: [GC [PSYoungGen: 200298K->1390K(230848K)] 348514K->149605K(917824K), 0.0131420 secs] [Times: user=0.08 sys=0.00, real=0.02 secs] 
2014-07-08T14:57:26.965+0000: 2553.397: [GC [PSYoungGen: 230190K->1500K(240960K)] 378405K->149716K(927936K), 0.0285980 secs] [Times: user=0.16 sys=0.00, real=0.03 secs] 
2014-07-08T14:57:27.426+0000: 2553.859: [GC [PSYoungGen: 240476K->1206K(240960K)] 388692K->149453K(927936K), 0.0107240 secs] [Times: user=0.06 sys=0.01, real=0.01 secs] 
2014-07-08T14:57:27.895+0000: 2554.327: [GC [PSYoungGen: 240182K->1358K(288640K)] 388429K->149669K(975616K), 0.0068740 secs] [Times: user=0.03 sys=0.00, real=0.01 secs] 
2014-07-08T14:57:29.861+0000: 2556.294: [GC [PSYoungGen: 288116K->1426K(288704K)] 436427K->149793K(975680K), 0.0092530 secs] [Times: user=0.05 sys=0.00, real=0.00 secs] 
2014-07-08T14:57:32.923+0000: 2559.355: [GC [PSYoungGen: 288205K->1434K(280704K)] 436572K->149801K(967680K), 0.0053230 secs] [Times: user=0.03 sys=0.00, real=0.00 secs] 
2014-07-08T14:57:34.173+0000: 2560.605: [GC [PSYoungGen: 280666K->1550K(273600K)] 429033K->149982K(960576K), 0.0040400 secs] [Times: user=0.02 sys=0.00, real=0.00 secs] 
2014-07-08T14:57:38.608+0000: 2565.040: [GC [PSYoungGen: 273550K->690K(265728K)] 421982K->149797K(952704K), 0.0079880 secs] [Times: user=0.04 sys=0.00, real=0.01 secs] 
2014-07-08T14:57:43.104+0000: 2569.536: [GC [PSYoungGen: 265714K->1836K(260224K)] 414821K->151103K(947200K), 0.0136180 secs] [Times: user=0.08 sys=0.00, real=0.01 secs] 
2014-07-08T14:57:47.666+0000: 2574.099: [GC [PSYoungGen: 260204K->1202K(253120K)] 409471K->150895K(940096K), 0.0122200 secs] [Times: user=0.07 sys=0.00, real=0.01 secs] 
2014-07-08T14:57:52.138+0000: 2578.570: [GC [PSYoungGen: 253106K->1632K(247360K)] 402799K->151341K(934336K), 0.0107740 secs] [Times: user=0.07 sys=0.01, real=0.01 secs] 
2014-07-08T14:57:56.467+0000: 2582.899: [GC [PSYoungGen: 247328K->1124K(240896K)] 397037K->151452K(927872K), 0.0098460 secs] [Times: user=0.07 sys=0.00, real=0.01 secs] 
2014-07-08T14:58:01.086+0000: 2587.519: [GC [PSYoungGen: 240868K->1540K(235584K)] 391196K->151900K(922560K), 0.0097460 secs] [Times: user=0.06 sys=0.01, real=0.01 secs] 
2014-07-08T14:58:05.427+0000: 2591.860: [GC [PSYoungGen: 235524K->1298K(229824K)] 385884K->151740K(916800K), 0.0077120 secs] [Times: user=0.05 sys=0.00, real=0.00 secs] 
2014-07-08T14:58:09.884+0000: 2596.317: [GC [PSYoungGen: 229778K->1308K(224512K)] 380220K->151750K(911488K), 0.0097760 secs] [Times: user=0.06 sys=0.00, real=0.01 secs] 
2014-07-08T14:58:13.930+0000: 2600.363: [GC [PSYoungGen: 224476K->1334K(219392K)] 374918K->151904K(906368K), 0.0081900 secs] [Times: user=0.04 sys=0.00, real=0.01 secs] 
2014-07-08T14:58:17.765+0000: 2604.198: [GC [PSYoungGen: 219382K->1526K(214592K)] 369952K->152128K(901568K), 0.0115610 secs] [Times: user=0.07 sys=0.00, real=0.01 secs] 
2014-07-08T14:59:03.935+0000: 2650.368: [GC [PSYoungGen: 214582K->1017K(209280K)] 365184K->151959K(896256K), 0.0057040 secs] [Times: user=0.03 sys=0.00, real=0.01 secs] 
2014-07-08T14:59:04.282+0000: 2650.714: [GC [PSYoungGen: 209273K->1625K(205312K)] 360215K->152655K(892288K), 0.0051630 secs] [Times: user=0.03 sys=0.00, real=0.01 secs] 
2014-07-08T14:59:04.633+0000: 2651.065: [GC [PSYoungGen: 205268K->1198K(245632K)] 356298K->152474K(932608K), 0.0105720 secs] [Times: user=0.06 sys=0.00, real=0.01 secs] 
2014-07-08T14:59:09.305+0000: 2655.737: [GC [PSYoungGen: 245613K->1220K(239808K)] 396889K->152512K(926784K), 0.0102270 secs] [Times: user=0.07 sys=0.00, real=0.01 secs] 
2014-07-08T15:00:12.399+0000: 2718.831: [GC [PSYoungGen: 239747K->1042K(233920K)] 391039K->152342K(920896K), 0.0047370 secs] [Times: user=0.02 sys=0.00, real=0.00 secs] 
2014-07-08T15:00:12.829+0000: 2719.261: [GC [PSYoungGen: 233874K->1295K(280768K)] 385174K->152659K(967744K), 0.0095520 secs] [Times: user=0.06 sys=0.00, real=0.01 secs] 
2014-07-08T15:00:13.339+0000: 2719.772: [GC [PSYoungGen: 280719K->1458K(273664K)] 432083K->152886K(960640K), 0.0040520 secs] [Times: user=0.02 sys=0.01, real=0.00 secs] 
2014-07-08T15:00:16.550+0000: 2722.982: [GC [PSYoungGen: 273650K->1522K(266752K)] 425078K->152950K(953728K), 0.0200330 secs] [Times: user=0.12 sys=0.00, real=0.02 secs] 
2014-07-08T15:00:20.159+0000: 2726.591: [GC [PSYoungGen: 266738K->754K(259264K)] 418166K->152762K(946240K), 0.0036460 secs] [Times: user=0.02 sys=0.00, real=0.00 secs] 
2014-07-08T15:00:23.870+0000: 2730.302: [GC [PSYoungGen: 259250K->1686K(253760K)] 411258K->153719K(940736K), 0.0112830 secs] [Times: user=0.07 sys=0.00, real=0.01 secs] 
2014-07-08T15:00:27.358+0000: 2733.791: [GC [PSYoungGen: 253718K->1088K(246912K)] 405751K->153432K(933888K), 0.0093240 secs] [Times: user=0.05 sys=0.00, real=0.00 secs] 
2014-07-08T15:00:30.540+0000: 2736.973: [GC [PSYoungGen: 246912K->1902K(241792K)] 399256K->154255K(928768K), 0.0069290 secs] [Times: user=0.04 sys=0.00, real=0.00 secs] 
2014-07-08T15:00:34.198+0000: 2740.631: [GC [PSYoungGen: 241774K->892K(235008K)] 394127K->153680K(921984K), 0.0060190 secs] [Times: user=0.04 sys=0.00, real=0.01 secs] 
2014-07-08T15:00:46.635+0000: 2753.068: [GC [PSYoungGen: 235004K->2031K(230592K)] 387792K->154851K(917568K), 0.0070950 secs] [Times: user=0.03 sys=0.00, real=0.01 secs] 
2014-07-08T15:00:52.052+0000: 2758.484: [GC [PSYoungGen: 230570K->1212K(224448K)] 383390K->154539K(911424K), 0.0061800 secs] [Times: user=0.04 sys=0.00, real=0.01 secs] 
2014-07-08T15:00:52.491+0000: 2758.923: [GC [PSYoungGen: 224425K->1768K(219904K)] 377752K->155215K(906880K), 0.0050840 secs] [Times: user=0.02 sys=0.00, real=0.01 secs] 
2014-07-08T15:00:53.065+0000: 2759.497: [GC [PSYoungGen: 219880K->1376K(214528K)] 373327K->154968K(901504K), 0.0086580 secs] [Times: user=0.06 sys=0.01, real=0.01 secs] 
2014-07-08T15:00:55.649+0000: 2762.081: [GC [PSYoungGen: 214496K->1746K(210112K)] 368088K->155339K(897088K), 0.0071640 secs] [Times: user=0.03 sys=0.00, real=0.01 secs] 
2014-07-08T15:00:58.417+0000: 2764.849: [GC [PSYoungGen: 210066K->1198K(204928K)] 363659K->155129K(891904K), 0.0084480 secs] [Times: user=0.05 sys=0.00, real=0.01 secs] 
2014-07-08T15:01:01.239+0000: 2767.672: [GC [PSYoungGen: 204872K->1974K(201216K)] 358803K->155929K(888192K), 0.0139510 secs] [Times: user=0.08 sys=0.00, real=0.01 secs] 
2014-07-08T15:01:04.306+0000: 2770.739: [GC [PSYoungGen: 201206K->1194K(196160K)] 355161K->155859K(883136K), 0.0162450 secs] [Times: user=0.09 sys=0.00, real=0.01 secs] 
2014-07-08T15:01:07.102+0000: 2773.534: [GC [PSYoungGen: 196117K->1782K(192576K)] 350782K->156471K(879552K), 0.0065900 secs] [Times: user=0.03 sys=0.00, real=0.01 secs] 
2014-07-08T15:01:09.999+0000: 2776.431: [GC [PSYoungGen: 192566K->1614K(188416K)] 347255K->156467K(875392K), 0.0049070 secs] [Times: user=0.03 sys=0.00, real=0.00 secs] 
2014-07-08T15:01:12.728+0000: 2779.160: [GC [PSYoungGen: 188325K->1312K(184192K)] 343178K->156164K(871168K), 0.0096840 secs] [Times: user=0.07 sys=0.00, real=0.01 secs] 
2014-07-08T15:01:15.319+0000: 2781.751: [GC [PSYoungGen: 184160K->1512K(180608K)] 339012K->156437K(867584K), 0.0055280 secs] [Times: user=0.03 sys=0.00, real=0.00 secs] 
2014-07-08T15:01:18.105+0000: 2784.537: [GC [PSYoungGen: 180584K->1262K(176704K)] 335509K->156211K(863680K), 0.0147040 secs] [Times: user=0.08 sys=0.00, real=0.02 secs] 
2014-07-08T15:01:20.495+0000: 2786.927: [GC [PSYoungGen: 176659K->1590K(173504K)] 331608K->156539K(860480K), 0.0094950 secs] [Times: user=0.06 sys=0.00, real=0.01 secs] 
2014-07-08T15:01:22.584+0000: 2789.016: [GC [PSYoungGen: 173494K->1358K(169920K)] 328443K->156307K(856896K), 0.0087660 secs] [Times: user=0.05 sys=0.01, real=0.01 secs] 
2014-07-08T15:01:27.367+0000: 2793.800: [GC [PSYoungGen: 169869K->1270K(166464K)] 324818K->156267K(853440K), 0.0100580 secs] [Times: user=0.07 sys=0.00, real=0.01 secs] 
2014-07-08T15:01:51.766+0000: 2818.198: [GC [PSYoungGen: 166454K->1096K(163136K)] 321451K->156109K(850112K), 0.0068330 secs] [Times: user=0.04 sys=0.00, real=0.01 secs] 
2014-07-08T15:01:52.066+0000: 2818.499: [GC [PSYoungGen: 163080K->1454K(160384K)] 318093K->156515K(847360K), 0.0069770 secs] [Times: user=0.04 sys=0.00, real=0.01 secs] 
2014-07-08T15:01:52.357+0000: 2818.789: [GC [PSYoungGen: 160366K->1198K(191936K)] 315427K->156307K(878912K), 0.0066040 secs] [Times: user=0.04 sys=0.00, real=0.01 secs] 
2014-07-08T15:01:52.720+0000: 2819.152: [GC [PSYoungGen: 191879K->1454K(230336K)] 346988K->156757K(917312K), 0.0135110 secs] [Times: user=0.08 sys=0.00, real=0.02 secs] 
2014-07-08T15:01:56.098+0000: 2822.530: [GC [PSYoungGen: 230318K->1618K(276352K)] 385621K->156953K(963328K), 0.0131430 secs] [Times: user=0.08 sys=0.00, real=0.01 secs] 
2014-07-08T15:02:00.732+0000: 2827.164: [GC [PSYoungGen: 276306K->1014K(317248K)] 431641K->156711K(1004224K), 0.0077750 secs] [Times: user=0.05 sys=0.01, real=0.01 secs] 
2014-07-08T15:02:06.044+0000: 2832.477: [GC [PSYoungGen: 317238K->1430K(308992K)] 472935K->157159K(995968K), 0.0099010 secs] [Times: user=0.05 sys=0.00, real=0.01 secs] 
2014-07-08T15:02:11.687+0000: 2838.119: [GC [PSYoungGen: 308900K->612K(299840K)] 464629K->157563K(986816K), 0.0098890 secs] [Times: user=0.06 sys=0.00, real=0.01 secs] 
2014-07-08T15:02:17.142+0000: 2843.575: [GC [PSYoungGen: 299812K->1751K(292992K)] 456763K->158726K(979968K), 0.0085490 secs] [Times: user=0.05 sys=0.00, real=0.01 secs] 
2014-07-08T15:02:22.454+0000: 2848.887: [GC [PSYoungGen: 292951K->1316K(284864K)] 449926K->158796K(971840K), 0.0166530 secs] [Times: user=0.09 sys=0.01, real=0.02 secs] 
2014-07-08T15:02:27.160+0000: 2853.593: [GC [PSYoungGen: 284796K->1352K(277504K)] 442276K->158832K(964480K), 0.0054210 secs] [Times: user=0.03 sys=0.00, real=0.00 secs] 
2014-07-08T15:02:32.356+0000: 2858.788: [GC [PSYoungGen: 277448K->1432K(270464K)] 434928K->158913K(957440K), 0.0070390 secs] [Times: user=0.04 sys=0.00, real=0.01 secs] 
2014-07-08T15:02:36.644+0000: 2863.076: [GC [PSYoungGen: 270424K->1426K(263616K)] 427905K->158906K(950592K), 0.0076160 secs] [Times: user=0.02 sys=0.00, real=0.01 secs] 
2014-07-08T15:02:40.776+0000: 2867.208: [GC [PSYoungGen: 263570K->1208K(256768K)] 421050K->158785K(943744K), 0.0049250 secs] [Times: user=0.03 sys=0.00, real=0.01 secs] 
2014-07-08T15:02:44.855+0000: 2871.287: [GC [PSYoungGen: 256760K->1276K(250496K)] 414337K->158876K(937472K), 0.0081680 secs] [Times: user=0.05 sys=0.01, real=0.01 secs] 
2014-07-08T15:02:49.282+0000: 2875.714: [GC [PSYoungGen: 250492K->1464K(244608K)] 408092K->159073K(931584K), 0.0042960 secs] [Times: user=0.02 sys=0.00, real=0.00 secs] 
2014-07-08T15:02:53.743+0000: 2880.175: [GC [PSYoungGen: 244600K->1516K(238784K)] 402209K->159124K(925760K), 0.0093840 secs] [Times: user=0.05 sys=0.00, real=0.01 secs] 
2014-07-08T15:02:57.952+0000: 2884.385: [GC [PSYoungGen: 238764K->882K(232512K)] 396372K->158674K(919488K), 0.0054250 secs] [Times: user=0.03 sys=0.00, real=0.00 secs] 
2014-07-08T15:03:02.094+0000: 2888.526: [GC [PSYoungGen: 232498K->1568K(227776K)] 390290K->159384K(914752K), 0.0063910 secs] [Times: user=0.04 sys=0.00, real=0.00 secs] 
2014-07-08T15:03:06.486+0000: 2892.918: [GC [PSYoungGen: 227744K->1386K(222336K)] 385560K->159614K(909312K), 0.0086270 secs] [Times: user=0.05 sys=0.01, real=0.01 secs] 
2014-07-08T15:03:10.435+0000: 2896.867: [GC [PSYoungGen: 222314K->1632K(217536K)] 380542K->159884K(904512K), 0.0071820 secs] [Times: user=0.04 sys=0.00, real=0.00 secs] 
2014-07-08T15:03:14.366+0000: 2900.798: [GC [PSYoungGen: 217504K->1070K(212096K)] 375756K->159694K(899072K), 0.0105560 secs] [Times: user=0.08 sys=0.00, real=0.01 secs] 
2014-07-08T15:03:17.873+0000: 2904.305: [GC [PSYoungGen: 212078K->1650K(207936K)] 370702K->160306K(894912K), 0.0095870 secs] [Times: user=0.06 sys=0.00, real=0.01 secs] 
2014-07-08T15:03:21.539+0000: 2907.971: [GC [PSYoungGen: 207888K->1266K(203008K)] 366544K->160076K(889984K), 0.0125310 secs] [Times: user=0.07 sys=0.00, real=0.01 secs] 
2014-07-08T15:03:25.146+0000: 2911.578: [GC [PSYoungGen: 202994K->1412K(198784K)] 361804K->160246K(885760K), 0.0055460 secs] [Times: user=0.03 sys=0.00, real=0.00 secs] 
2014-07-08T15:03:28.673+0000: 2915.105: [GC [PSYoungGen: 198724K->1258K(194368K)] 357558K->160616K(881344K), 0.0082040 secs] [Times: user=0.05 sys=0.01, real=0.01 secs] 
2014-07-08T15:03:32.094+0000: 2918.526: [GC [PSYoungGen: 194346K->1764K(190784K)] 353704K->161154K(877760K), 0.0062060 secs] [Times: user=0.04 sys=0.00, real=0.01 secs] 
2014-07-08T15:03:35.373+0000: 2921.805: [GC [PSYoungGen: 190756K->942K(185984K)] 350146K->160817K(872960K), 0.0106270 secs] [Times: user=0.07 sys=0.00, real=0.01 secs] 
2014-07-08T15:03:38.394+0000: 2924.826: [GC [PSYoungGen: 185966K->1462K(182656K)] 345841K->161368K(869632K), 0.0100070 secs] [Times: user=0.07 sys=0.01, real=0.01 secs] 
2014-07-08T15:03:41.408+0000: 2927.841: [GC [PSYoungGen: 182646K->1586K(179072K)] 342552K->161606K(866048K), 0.0114350 secs] [Times: user=0.08 sys=0.00, real=0.01 secs] 
2014-07-08T15:03:44.042+0000: 2930.475: [GC [PSYoungGen: 179039K->1462K(175360K)] 339059K->161482K(862336K), 0.0097020 secs] [Times: user=0.05 sys=0.00, real=0.01 secs] 
2014-07-08T15:03:47.011+0000: 2933.444: [GC [PSYoungGen: 175350K->932K(171392K)] 335370K->161290K(858368K), 0.0050050 secs] [Times: user=0.03 sys=0.01, real=0.00 secs] 
2014-07-08T15:03:50.132+0000: 2936.564: [GC [PSYoungGen: 171341K->1900K(168960K)] 331700K->162307K(855936K), 0.0075400 secs] [Times: user=0.04 sys=0.00, real=0.01 secs] 
2014-07-08T15:03:53.145+0000: 2939.577: [GC [PSYoungGen: 168939K->992K(164800K)] 329345K->161941K(851776K), 0.0089400 secs] [Times: user=0.04 sys=0.01, real=0.01 secs] 
2014-07-08T15:03:55.961+0000: 2942.394: [GC [PSYoungGen: 164768K->1480K(162176K)] 325717K->162460K(849152K), 0.0042660 secs] [Times: user=0.03 sys=0.00, real=0.00 secs] 
2014-07-08T15:03:58.740+0000: 2945.172: [GC [PSYoungGen: 162115K->1586K(159168K)] 323095K->162804K(846144K), 0.0104890 secs] [Times: user=0.07 sys=0.00, real=0.01 secs] 
2014-07-08T15:04:01.652+0000: 2948.084: [GC [PSYoungGen: 159154K->1494K(156160K)] 320372K->162728K(843136K), 0.0108020 secs] [Times: user=0.07 sys=0.00, real=0.01 secs] 
2014-07-08T15:04:04.302+0000: 2950.734: [GC [PSYoungGen: 156118K->992K(152768K)] 317352K->162823K(839744K), 0.0041330 secs] [Times: user=0.02 sys=0.00, real=0.00 secs] 
2014-07-08T15:04:06.861+0000: 2953.293: [GC [PSYoungGen: 152699K->1982K(150976K)] 314531K->163845K(837952K), 0.0056910 secs] [Times: user=0.04 sys=0.00, real=0.01 secs] 
2014-07-08T15:04:09.452+0000: 2955.885: [GC [PSYoungGen: 150946K->1006K(147328K)] 312809K->163872K(834304K), 0.0084810 secs] [Times: user=0.04 sys=0.00, real=0.00 secs] 
2014-07-08T15:04:11.997+0000: 2958.430: [GC [PSYoungGen: 147310K->1782K(145472K)] 310176K->164672K(832448K), 0.0077540 secs] [Times: user=0.04 sys=0.00, real=0.01 secs] 
2014-07-08T15:04:14.455+0000: 2960.887: [GC [PSYoungGen: 145462K->1376K(142528K)] 308352K->164511K(829504K), 0.0113780 secs] [Times: user=0.07 sys=0.00, real=0.01 secs] 
2014-07-08T15:04:16.760+0000: 2963.192: [GC [PSYoungGen: 142496K->1632K(140288K)] 305631K->164775K(827264K), 0.0147010 secs] [Times: user=0.10 sys=0.00, real=0.02 secs] 
2014-07-08T15:04:18.660+0000: 2965.092: [GC [PSYoungGen: 140256K->1322K(137600K)] 303399K->164514K(824576K), 0.0040760 secs] [Times: user=0.02 sys=0.00, real=0.01 secs] 
2014-07-08T15:04:20.645+0000: 2967.077: [GC [PSYoungGen: 137577K->1344K(135360K)] 300769K->164576K(822336K), 0.0086640 secs] [Times: user=0.04 sys=0.00, real=0.01 secs] 
2014-07-08T15:04:22.558+0000: 2968.991: [GC [PSYoungGen: 135296K->1636K(133376K)] 298528K->164948K(820352K), 0.0054410 secs] [Times: user=0.01 sys=0.00, real=0.01 secs] 
2014-07-08T15:04:24.560+0000: 2970.993: [GC [PSYoungGen: 133348K->1810K(131392K)] 296660K->165178K(818368K), 0.0067130 secs] [Times: user=0.03 sys=0.00, real=0.01 secs] 
2014-07-08T15:04:26.366+0000: 2972.798: [GC [PSYoungGen: 131346K->882K(128320K)] 294714K->164702K(815296K), 0.0057840 secs] [Times: user=0.04 sys=0.00, real=0.00 secs] 
2014-07-08T15:04:28.116+0000: 2974.548: [GC [PSYoungGen: 128287K->1769K(127168K)] 292107K->165645K(814144K), 0.0074600 secs] [Times: user=0.05 sys=0.00, real=0.00 secs] 
2014-07-08T15:04:29.702+0000: 2976.134: [GC [PSYoungGen: 127145K->1639K(124992K)] 291021K->165903K(811968K), 0.0072780 secs] [Times: user=0.04 sys=0.01, real=0.01 secs] 
2014-07-08T15:04:31.038+0000: 2977.470: [GC [PSYoungGen: 124957K->1874K(123264K)] 289221K->166210K(810240K), 0.0041610 secs] [Times: user=0.02 sys=0.00, real=0.00 secs] 
2014-07-08T15:04:32.880+0000: 2979.312: [GC [PSYoungGen: 123190K->682K(120128K)] 287526K->165516K(807104K), 0.0039770 secs] [Times: user=0.02 sys=0.00, real=0.00 secs] 
2014-07-08T15:04:34.492+0000: 2980.924: [GC [PSYoungGen: 120106K->2239K(119808K)] 284940K->167161K(806784K), 0.0080630 secs] [Times: user=0.05 sys=0.00, real=0.01 secs] 
2014-07-08T15:04:36.368+0000: 2982.800: [GC [PSYoungGen: 119805K->1572K(117376K)] 284728K->167276K(804352K), 0.0158950 secs] [Times: user=0.09 sys=0.00, real=0.01 secs] 
2014-07-08T15:04:38.054+0000: 2984.486: [GC [PSYoungGen: 117318K->1810K(115840K)] 283023K->167570K(802816K), 0.0111940 secs] [Times: user=0.07 sys=0.00, real=0.01 secs] 
2014-07-08T15:04:39.658+0000: 2986.090: [GC [PSYoungGen: 115760K->1636K(113920K)] 281521K->167460K(800896K), 0.0069230 secs] [Times: user=0.04 sys=0.00, real=0.00 secs] 
2014-07-08T15:04:41.281+0000: 2987.713: [GC [PSYoungGen: 113892K->1394K(112000K)] 279716K->167290K(798976K), 0.0088740 secs] [Times: user=0.05 sys=0.00, real=0.01 secs] 
2014-07-08T15:04:42.891+0000: 2989.323: [GC [PSYoungGen: 111986K->1696K(110720K)] 277882K->167672K(797696K), 0.0078600 secs] [Times: user=0.05 sys=0.00, real=0.01 secs] 
2014-07-08T15:04:44.284+0000: 2990.716: [GC [PSYoungGen: 110688K->1692K(109120K)] 276664K->167740K(796096K), 0.0065240 secs] [Times: user=0.04 sys=0.00, real=0.01 secs] 
2014-07-08T15:04:45.765+0000: 2992.197: [GC [PSYoungGen: 109084K->1340K(107200K)] 275132K->167920K(794176K), 0.0088270 secs] [Times: user=0.05 sys=0.00, real=0.01 secs] 
2014-07-08T15:04:47.401+0000: 2993.833: [GC [PSYoungGen: 107196K->1800K(106176K)] 273776K->168452K(793152K), 0.0076500 secs] [Times: user=0.04 sys=0.00, real=0.01 secs] 
2014-07-08T15:04:48.911+0000: 2995.343: [GC [PSYoungGen: 106056K->1415K(104320K)] 272708K->168247K(791296K), 0.0038910 secs] [Times: user=0.02 sys=0.00, real=0.00 secs] 
2014-07-08T15:04:50.415+0000: 2996.847: [GC [PSYoungGen: 104263K->1636K(103104K)] 271095K->168549K(790080K), 0.0049170 secs] [Times: user=0.02 sys=0.00, real=0.01 secs] 
2014-07-08T15:04:51.760+0000: 2998.193: [GC [PSYoungGen: 103076K->1534K(101568K)] 269989K->168590K(788544K), 0.0103200 secs] [Times: user=0.06 sys=0.00, real=0.01 secs] 
2014-07-08T15:04:53.190+0000: 2999.622: [GC [PSYoungGen: 101566K->1316K(100032K)] 268622K->168412K(787008K), 0.0104100 secs] [Times: user=0.06 sys=0.00, real=0.01 secs] 
2014-07-08T15:04:54.627+0000: 3001.059: [GC [PSYoungGen: 100004K->1252K(98624K)] 267100K->168396K(785600K), 0.0081880 secs] [Times: user=0.04 sys=0.00, real=0.01 secs] 
2014-07-08T15:04:56.124+0000: 3002.557: [GC [PSYoungGen: 98581K->2008K(98112K)] 265726K->169241K(785088K), 0.0118070 secs] [Times: user=0.07 sys=0.00, real=0.01 secs] 
2014-07-08T15:04:57.669+0000: 3004.101: [GC [PSYoungGen: 98072K->1210K(96000K)] 265305K->168690K(782976K), 0.0156620 secs] [Times: user=0.11 sys=0.00, real=0.02 secs] 
2014-07-08T15:05:03.799+0000: 3010.231: [GC [PSYoungGen: 95955K->1174K(94784K)] 263435K->169234K(781760K), 0.0098930 secs] [Times: user=0.06 sys=0.00, real=0.01 secs] 
2014-07-08T15:05:04.470+0000: 3010.902: [GC [PSYoungGen: 94742K->1344K(93760K)] 262802K->169608K(780736K), 0.0048510 secs] [Times: user=0.03 sys=0.00, real=0.01 secs] 
2014-07-08T15:05:04.632+0000: 3011.064: [GC [PSYoungGen: 93696K->964K(111872K)] 261960K->169334K(798848K), 0.0074000 secs] [Times: user=0.02 sys=0.00, real=0.00 secs] 
2014-07-08T15:05:04.851+0000: 3011.283: [GC [PSYoungGen: 111804K->1316K(134400K)] 280175K->169766K(821376K), 0.0048140 secs] [Times: user=0.02 sys=0.00, real=0.00 secs] 
2014-07-08T15:05:05.120+0000: 3011.552: [GC [PSYoungGen: 134372K->1448K(161152K)] 302822K->169946K(848128K), 0.0040750 secs] [Times: user=0.02 sys=0.00, real=0.01 secs] 
2014-07-08T15:05:06.010+0000: 3012.442: [GC [PSYoungGen: 161128K->1280K(192896K)] 329626K->169826K(879872K), 0.0046150 secs] [Times: user=0.02 sys=0.00, real=0.01 secs] 
2014-07-08T15:05:08.593+0000: 3015.025: [GC [PSYoungGen: 192896K->1582K(231552K)] 361442K->170129K(918528K), 0.0073180 secs] [Times: user=0.05 sys=0.00, real=0.00 secs] 
2014-07-08T15:05:11.728+0000: 3018.161: [GC [PSYoungGen: 231534K->1528K(226112K)] 400080K->170155K(913088K), 0.0207150 secs] [Times: user=0.15 sys=0.00, real=0.02 secs] 
2014-07-08T15:05:36.640+0000: 3043.072: [GC [PSYoungGen: 226104K->1338K(220736K)] 394731K->170044K(907712K), 0.0069150 secs] [Times: user=0.04 sys=0.00, real=0.01 secs] 
2014-07-08T15:05:37.023+0000: 3043.456: [GC [PSYoungGen: 220730K->1379K(264704K)] 389436K->170243K(951680K), 0.0084510 secs] [Times: user=0.04 sys=0.00, real=0.01 secs] 
2014-07-08T15:05:37.551+0000: 3043.983: [GC [PSYoungGen: 264675K->1512K(269376K)] 433539K->170439K(956352K), 0.0041840 secs] [Times: user=0.02 sys=0.00, real=0.00 secs] 
2014-07-08T15:05:40.152+0000: 3046.585: [GC [PSYoungGen: 268840K->1724K(262272K)] 437767K->170676K(949248K), 0.0098540 secs] [Times: user=0.06 sys=0.00, real=0.01 secs] 
2014-07-08T15:05:44.313+0000: 3050.745: [GC [PSYoungGen: 262256K->1462K(255488K)] 431208K->170413K(942464K), 0.0041450 secs] [Times: user=0.01 sys=0.00, real=0.00 secs] 
2014-07-08T15:05:47.458+0000: 3053.890: [GC [PSYoungGen: 255443K->932K(248704K)] 424395K->170417K(935680K), 0.0060970 secs] [Times: user=0.03 sys=0.00, real=0.00 secs] 
2014-07-08T15:05:50.992+0000: 3057.424: [GC [PSYoungGen: 248636K->1850K(243584K)] 418122K->171418K(930560K), 0.0153660 secs] [Times: user=0.10 sys=0.00, real=0.01 secs] 
2014-07-08T15:05:54.411+0000: 3060.844: [GC [PSYoungGen: 243578K->1024K(236928K)] 413146K->170805K(923904K), 0.0095900 secs] [Times: user=0.06 sys=0.00, real=0.01 secs] 
2014-07-08T15:05:59.235+0000: 3065.667: [GC [PSYoungGen: 236928K->1484K(231808K)] 406709K->171266K(918784K), 0.0036460 secs] [Times: user=0.02 sys=0.00, real=0.00 secs] 
2014-07-08T15:05:59.673+0000: 3066.105: [GC [PSYoungGen: 231756K->1142K(226048K)] 401538K->170988K(913024K), 0.0058030 secs] [Times: user=0.04 sys=0.00, real=0.01 secs] 
2014-07-08T15:06:01.136+0000: 3067.568: [GC [PSYoungGen: 226038K->1490K(221248K)] 395884K->171384K(908224K), 0.0076780 secs] [Times: user=0.03 sys=0.00, real=0.01 secs] 
2014-07-08T15:06:04.887+0000: 3071.319: [GC [PSYoungGen: 221202K->1464K(216192K)] 391096K->171512K(903168K), 0.0218330 secs] [Times: user=0.14 sys=0.00, real=0.02 secs] 
2014-07-08T15:06:08.644+0000: 3075.076: [GC [PSYoungGen: 216184K->1562K(211456K)] 386232K->171634K(898432K), 0.0060550 secs] [Times: user=0.03 sys=0.01, real=0.01 secs] 
2014-07-08T15:06:12.578+0000: 3079.010: [GC [PSYoungGen: 211412K->960K(206144K)] 381484K->171306K(893120K), 0.0057600 secs] [Times: user=0.02 sys=0.00, real=0.01 secs] 
2014-07-08T15:06:16.164+0000: 3082.597: [GC [PSYoungGen: 206142K->1640K(202304K)] 376488K->172018K(889280K), 0.0096180 secs] [Times: user=0.04 sys=0.00, real=0.01 secs] 
2014-07-08T15:06:19.806+0000: 3086.238: [GC [PSYoungGen: 202275K->1376K(197696K)] 372653K->172206K(884672K), 0.0110310 secs] [Times: user=0.08 sys=0.00, real=0.01 secs] 
2014-07-08T15:06:23.379+0000: 3089.811: [GC [PSYoungGen: 197664K->2089K(194176K)] 368494K->173209K(881152K), 0.0083280 secs] [Times: user=0.05 sys=0.00, real=0.01 secs] 
2014-07-08T15:06:26.643+0000: 3093.075: [GC [PSYoungGen: 194153K->758K(188736K)] 365273K->172540K(875712K), 0.0064780 secs] [Times: user=0.03 sys=0.00, real=0.00 secs] 
2014-07-08T15:06:27.544+0000: 3093.977: [GC [PSYoungGen: 188726K->1234K(185344K)] 360508K->173056K(872320K), 0.0140700 secs] [Times: user=0.08 sys=0.00, real=0.01 secs] 
2014-07-08T15:06:29.105+0000: 3095.537: [GC [PSYoungGen: 185298K->1362K(181696K)] 357120K->173320K(868672K), 0.0040870 secs] [Times: user=0.02 sys=0.01, real=0.00 secs] 
2014-07-08T15:06:32.178+0000: 3098.610: [GC [PSYoungGen: 181650K->1234K(177920K)] 353608K->173192K(864896K), 0.0064970 secs] [Times: user=0.02 sys=0.00, real=0.01 secs] 
2014-07-08T15:06:35.039+0000: 3101.472: [GC [PSYoungGen: 177874K->1340K(174400K)] 349832K->173299K(861376K), 0.0120590 secs] [Times: user=0.07 sys=0.00, real=0.01 secs] 
2014-07-08T15:06:38.047+0000: 3104.479: [GC [PSYoungGen: 174396K->1504K(171136K)] 346355K->173462K(858112K), 0.0098490 secs] [Times: user=0.06 sys=0.00, real=0.01 secs] 
2014-07-08T15:07:01.793+0000: 3128.225: [GC [PSYoungGen: 171104K->1156K(167488K)] 343062K->173170K(854464K), 0.0059900 secs] [Times: user=0.04 sys=0.00, real=0.01 secs] 
2014-07-08T15:07:02.089+0000: 3128.522: [GC [PSYoungGen: 167428K->1024K(164096K)] 339442K->173102K(851072K), 0.0069400 secs] [Times: user=0.04 sys=0.00, real=0.00 secs] 
2014-07-08T15:07:02.384+0000: 3128.816: [GC [PSYoungGen: 164096K->1426K(161408K)] 336174K->173553K(848384K), 0.0047350 secs] [Times: user=0.02 sys=0.00, real=0.01 secs] 
2014-07-08T15:07:02.706+0000: 3129.138: [GC [PSYoungGen: 161361K->1486K(193472K)] 333487K->173652K(880448K), 0.0051690 secs] [Times: user=0.03 sys=0.00, real=0.01 secs] 
2014-07-08T15:07:05.335+0000: 3131.768: [GC [PSYoungGen: 193414K->1138K(188992K)] 365581K->174127K(875968K), 0.0130300 secs] [Times: user=0.08 sys=0.00, real=0.01 secs] 
2014-07-08T15:07:08.585+0000: 3135.017: [GC [PSYoungGen: 188978K->1832K(185792K)] 361967K->174901K(872768K), 0.0033960 secs] [Times: user=0.02 sys=0.00, real=0.00 secs] 
2014-07-08T15:07:09.037+0000: 3135.470: [GC [PSYoungGen: 185761K->1404K(181568K)] 358830K->174709K(868544K), 0.0048720 secs] [Times: user=0.02 sys=0.00, real=0.01 secs] 
2014-07-08T15:07:12.097+0000: 3138.529: [GC [PSYoungGen: 181564K->1808K(178368K)] 354869K->175121K(865344K), 0.0105210 secs] [Times: user=0.07 sys=0.00, real=0.01 secs] 
2014-07-08T15:07:15.195+0000: 3141.628: [GC [PSYoungGen: 178320K->1266K(174208K)] 351633K->174723K(861184K), 0.0141950 secs] [Times: user=0.09 sys=0.00, real=0.01 secs] 
2014-07-08T15:07:18.410+0000: 3144.842: [GC [PSYoungGen: 174152K->1988K(171520K)] 347610K->175469K(858496K), 0.0072190 secs] [Times: user=0.03 sys=0.01, real=0.01 secs] 
2014-07-08T15:07:21.572+0000: 3148.005: [GC [PSYoungGen: 171460K->1186K(167360K)] 344941K->175336K(854336K), 0.0043100 secs] [Times: user=0.03 sys=0.00, real=0.00 secs] 
2014-07-08T15:07:24.397+0000: 3150.829: [GC [PSYoungGen: 167330K->1867K(164864K)] 341480K->176049K(851840K), 0.0185300 secs] [Times: user=0.11 sys=0.00, real=0.02 secs] 
2014-07-08T15:07:27.300+0000: 3153.733: [GC [PSYoungGen: 164811K->1522K(161344K)] 338993K->175910K(848320K), 0.0113020 secs] [Times: user=0.07 sys=0.00, real=0.01 secs] 
2014-07-08T15:07:30.299+0000: 3156.731: [GC [PSYoungGen: 161330K->1656K(158464K)] 335718K->176044K(845440K), 0.0146000 secs] [Times: user=0.09 sys=0.00, real=0.02 secs] 
2014-07-08T15:07:33.020+0000: 3159.452: [GC [PSYoungGen: 158455K->1440K(155328K)] 332843K->176142K(842304K), 0.0097220 secs] [Times: user=0.07 sys=0.00, real=0.01 secs] 
2014-07-08T15:07:35.537+0000: 3161.969: [GC [PSYoungGen: 155296K->1788K(152832K)] 329998K->176514K(839808K), 0.0094630 secs] [Times: user=0.05 sys=0.00, real=0.01 secs] 
2014-07-08T15:07:38.138+0000: 3164.571: [GC [PSYoungGen: 152828K->1258K(149568K)] 327554K->176476K(836544K), 0.0107640 secs] [Times: user=0.06 sys=0.00, real=0.01 secs] 
2014-07-08T15:07:40.792+0000: 3167.224: [GC [PSYoungGen: 149546K->1736K(147392K)] 324764K->176986K(834368K), 0.0112780 secs] [Times: user=0.07 sys=0.00, real=0.01 secs] 
2014-07-08T15:07:43.002+0000: 3169.434: [GC [PSYoungGen: 147336K->1440K(144448K)] 322586K->177014K(831424K), 0.0053800 secs] [Times: user=0.03 sys=0.00, real=0.01 secs] 
2014-07-08T15:07:45.537+0000: 3171.969: [GC [PSYoungGen: 144416K->1650K(142144K)] 319990K->177256K(829120K), 0.0125630 secs] [Times: user=0.07 sys=0.00, real=0.01 secs] 
2014-07-08T15:07:47.692+0000: 3174.124: [GC [PSYoungGen: 142130K->1258K(139328K)] 317736K->177268K(826304K), 0.0247050 secs] [Times: user=0.16 sys=0.01, real=0.03 secs] 
2014-07-08T15:07:50.125+0000: 3176.558: [GC [PSYoungGen: 139306K->1750K(137472K)] 315316K->177800K(824448K), 0.0056110 secs] [Times: user=0.03 sys=0.01, real=0.01 secs] 
2014-07-08T15:07:52.537+0000: 3178.969: [GC [PSYoungGen: 137412K->1200K(134592K)] 313463K->177795K(821568K), 0.0084540 secs] [Times: user=0.06 sys=0.00, real=0.00 secs] 
2014-07-08T15:08:25.615+0000: 3212.047: [GC [PSYoungGen: 134576K->1534K(132672K)] 311171K->178200K(819648K), 0.0041970 secs] [Times: user=0.02 sys=0.00, real=0.00 secs] 
2014-07-08T15:08:25.864+0000: 3212.296: [GC [PSYoungGen: 132670K->1386K(130368K)] 309336K->178347K(817344K), 0.0060410 secs] [Times: user=0.04 sys=0.00, real=0.00 secs] 
2014-07-08T15:08:26.077+0000: 3212.509: [GC [PSYoungGen: 130346K->1344K(156160K)] 307307K->178400K(843136K), 0.0035950 secs] [Times: user=0.02 sys=0.00, real=0.00 secs] 
2014-07-08T15:08:26.373+0000: 3212.805: [GC [PSYoungGen: 156096K->1320K(187072K)] 333152K->178666K(874048K), 0.0046040 secs] [Times: user=0.03 sys=0.00, real=0.00 secs] 
2014-07-08T15:08:26.713+0000: 3213.145: [GC [PSYoungGen: 187048K->1010K(223936K)] 364394K->178380K(910912K), 0.0064120 secs] [Times: user=0.01 sys=0.00, real=0.00 secs] 
2014-07-08T15:08:27.892+0000: 3214.325: [GC [PSYoungGen: 223898K->1348K(268928K)] 401268K->178782K(955904K), 0.0071010 secs] [Times: user=0.04 sys=0.00, real=0.00 secs] 
2014-07-08T15:08:30.173+0000: 3216.605: [GC [PSYoungGen: 268834K->1326K(262080K)] 446269K->178760K(949056K), 0.0083630 secs] [Times: user=0.05 sys=0.00, real=0.00 secs] 
2014-07-08T15:08:34.698+0000: 3221.130: [GC [PSYoungGen: 262062K->1252K(255488K)] 439496K->178686K(942464K), 0.0074280 secs] [Times: user=0.05 sys=0.00, real=0.01 secs] 
2014-07-08T15:08:39.122+0000: 3225.554: [GC [PSYoungGen: 255460K->1312K(249280K)] 432894K->178746K(936256K), 0.0072220 secs] [Times: user=0.03 sys=0.00, real=0.01 secs] 
2014-07-08T15:08:43.532+0000: 3229.965: [GC [PSYoungGen: 249248K->1490K(243456K)] 426682K->178924K(930432K), 0.0112260 secs] [Times: user=0.08 sys=0.00, real=0.01 secs] 
2014-07-08T15:08:47.544+0000: 3233.977: [GC [PSYoungGen: 243410K->1500K(237632K)] 420844K->178934K(924608K), 0.0053290 secs] [Times: user=0.04 sys=0.00, real=0.00 secs] 
2014-07-08T15:08:51.149+0000: 3237.581: [GC [PSYoungGen: 237596K->952K(231424K)] 415030K->179009K(918400K), 0.0077510 secs] [Times: user=0.04 sys=0.00, real=0.01 secs] 
2014-07-08T15:08:54.946+0000: 3241.378: [GC [PSYoungGen: 231416K->1810K(226944K)] 409473K->179883K(913920K), 0.0053950 secs] [Times: user=0.03 sys=0.00, real=0.01 secs] 
2014-07-08T15:08:58.301+0000: 3244.733: [GC [PSYoungGen: 226898K->1074K(220992K)] 404971K->179861K(907968K), 0.0089000 secs] [Times: user=0.05 sys=0.00, real=0.01 secs] 
2014-07-08T15:09:01.346+0000: 3247.778: [GC [PSYoungGen: 220978K->1710K(216576K)] 399765K->180522K(903552K), 0.0059910 secs] [Times: user=0.04 sys=0.00, real=0.01 secs] 
2014-07-08T15:09:04.460+0000: 3250.892: [GC [PSYoungGen: 216558K->1330K(211328K)] 395370K->180345K(898304K), 0.0034950 secs] [Times: user=0.02 sys=0.00, real=0.00 secs] 
2014-07-08T15:09:07.389+0000: 3253.821: [GC [PSYoungGen: 211311K->1586K(206912K)] 390327K->180617K(893888K), 0.0081000 secs] [Times: user=0.03 sys=0.00, real=0.01 secs] 
2014-07-08T15:09:10.320+0000: 3256.753: [GC [PSYoungGen: 206898K->1206K(201984K)] 385929K->180245K(888960K), 0.0054780 secs] [Times: user=0.01 sys=0.00, real=0.00 secs] 
2014-07-08T15:09:13.086+0000: 3259.518: [GC [PSYoungGen: 201974K->1750K(198208K)] 381013K->180798K(885184K), 0.0100780 secs] [Times: user=0.05 sys=0.00, real=0.01 secs] 
2014-07-08T15:09:16.054+0000: 3262.486: [GC [PSYoungGen: 198070K->1142K(193344K)] 377118K->180495K(880320K), 0.0174770 secs] [Times: user=0.09 sys=0.00, real=0.02 secs] 
2014-07-08T15:09:18.850+0000: 3265.282: [GC [PSYoungGen: 193334K->1548K(189696K)] 372687K->180917K(876672K), 0.0047840 secs] [Times: user=0.02 sys=0.00, real=0.00 secs] 
2014-07-08T15:09:21.722+0000: 3268.155: [GC [PSYoungGen: 189644K->1398K(185600K)] 369013K->181019K(872576K), 0.0099610 secs] [Times: user=0.06 sys=0.00, real=0.01 secs] 
2014-07-08T15:09:24.557+0000: 3270.989: [GC [PSYoungGen: 185590K->1412K(181888K)] 365211K->181065K(868864K), 0.0053520 secs] [Times: user=0.02 sys=0.01, real=0.01 secs] 
2014-07-08T15:09:27.226+0000: 3273.659: [GC [PSYoungGen: 181827K->1138K(177856K)] 361481K->180855K(864832K), 0.0106320 secs] [Times: user=0.05 sys=0.00, real=0.01 secs] 
2014-07-08T15:09:29.770+0000: 3276.203: [GC [PSYoungGen: 177818K->1803K(174976K)] 357535K->181537K(861952K), 0.0058990 secs] [Times: user=0.03 sys=0.01, real=0.01 secs] 
2014-07-08T15:09:32.394+0000: 3278.827: [GC [PSYoungGen: 174923K->1024K(170688K)] 354657K->180909K(857664K), 0.0079800 secs] [Times: user=0.04 sys=0.00, real=0.01 secs] 
2014-07-08T15:09:34.885+0000: 3281.317: [GC [PSYoungGen: 170688K->1436K(167808K)] 350573K->181338K(854784K), 0.0057260 secs] [Times: user=0.03 sys=0.00, real=0.00 secs] 
2014-07-08T15:09:37.426+0000: 3283.859: [GC [PSYoungGen: 167772K->1412K(164608K)] 347674K->181338K(851584K), 0.0073790 secs] [Times: user=0.04 sys=0.00, real=0.01 secs] 
2014-07-08T15:09:39.776+0000: 3286.208: [GC [PSYoungGen: 164503K->1508K(161536K)] 344429K->181434K(848512K), 0.0100990 secs] [Times: user=0.04 sys=0.00, real=0.01 secs] 
2014-07-08T15:09:42.140+0000: 3288.572: [GC [PSYoungGen: 161508K->1014K(158016K)] 341434K->181067K(844992K), 0.0056570 secs] [Times: user=0.03 sys=0.00, real=0.01 secs] 
2014-07-08T15:09:45.393+0000: 3291.825: [GC [PSYoungGen: 158006K->1966K(156032K)] 338059K->182084K(843008K), 0.0057130 secs] [Times: user=0.03 sys=0.00, real=0.00 secs] 
2014-07-08T15:09:46.303+0000: 3292.735: [GC [PSYoungGen: 156014K->996K(152192K)] 336132K->181462K(839168K), 0.0059930 secs] [Times: user=0.03 sys=0.00, real=0.01 secs] 
2014-07-08T15:09:46.651+0000: 3293.083: [GC [PSYoungGen: 152164K->1508K(149952K)] 332630K->182030K(836928K), 0.0073920 secs] [Times: user=0.04 sys=0.00, real=0.01 secs] 
2014-07-08T15:09:48.638+0000: 3295.070: [GC [PSYoungGen: 149924K->1706K(147456K)] 330446K->182276K(834432K), 0.0129930 secs] [Times: user=0.08 sys=0.00, real=0.01 secs] 
2014-07-08T15:09:50.676+0000: 3297.108: [GC [PSYoungGen: 147433K->1514K(144640K)] 328002K->182116K(831616K), 0.0061150 secs] [Times: user=0.04 sys=0.00, real=0.00 secs] 
2014-07-08T15:09:52.783+0000: 3299.216: [GC [PSYoungGen: 144618K->882K(141504K)] 325220K->181683K(828480K), 0.0100390 secs] [Times: user=0.06 sys=0.00, real=0.01 secs] 
2014-07-08T15:09:54.796+0000: 3301.228: [GC [PSYoungGen: 141490K->1860K(140096K)] 322291K->182710K(827072K), 0.0040590 secs] [Times: user=0.02 sys=0.00, real=0.00 secs] 
2014-07-08T15:09:57.067+0000: 3303.500: [GC [PSYoungGen: 139988K->1266K(137088K)] 320837K->182163K(824064K), 0.0063990 secs] [Times: user=0.05 sys=0.00, real=0.00 secs] 
2014-07-08T15:09:59.109+0000: 3305.541: [GC [PSYoungGen: 137074K->1642K(135168K)] 317971K->182548K(822144K), 0.0074360 secs] [Times: user=0.04 sys=0.00, real=0.01 secs] 
2014-07-08T15:10:00.916+0000: 3307.348: [GC [PSYoungGen: 135116K->1316K(132608K)] 316022K->182592K(819584K), 0.0049770 secs] [Times: user=0.02 sys=0.00, real=0.00 secs] 
2014-07-08T15:10:02.909+0000: 3309.341: [GC [PSYoungGen: 132580K->1554K(130688K)] 313855K->182904K(817664K), 0.0159980 secs] [Times: user=0.08 sys=0.01, real=0.01 secs] 
2014-07-08T15:10:04.863+0000: 3311.296: [GC [PSYoungGen: 130608K->1340K(128320K)] 311958K->182908K(815296K), 0.0110930 secs] [Times: user=0.05 sys=0.00, real=0.01 secs] 
2014-07-08T15:10:06.647+0000: 3313.079: [GC [PSYoungGen: 128316K->1362K(126336K)] 309884K->183012K(813312K), 0.0156510 secs] [Times: user=0.08 sys=0.00, real=0.01 secs] 
2014-07-08T15:10:08.471+0000: 3314.903: [GC [PSYoungGen: 126290K->1408K(124352K)] 307940K->183172K(811328K), 0.0174720 secs] [Times: user=0.12 sys=0.00, real=0.02 secs] 
2014-07-08T15:10:10.283+0000: 3316.715: [GC [PSYoungGen: 124352K->1572K(122560K)] 306116K->183400K(809536K), 0.0146150 secs] [Times: user=0.06 sys=0.00, real=0.02 secs] 
2014-07-08T15:10:12.077+0000: 3318.509: [GC [PSYoungGen: 122532K->1010K(120064K)] 304360K->183128K(807040K), 0.0039250 secs] [Times: user=0.03 sys=0.00, real=0.00 secs] 
2014-07-08T15:10:13.927+0000: 3320.360: [GC [PSYoungGen: 120050K->1284K(118528K)] 302168K->183450K(805504K), 0.0102090 secs] [Times: user=0.06 sys=0.00, real=0.01 secs] 
2014-07-08T15:10:15.788+0000: 3322.220: [GC [PSYoungGen: 118468K->1404K(116800K)] 300634K->183692K(803776K), 0.0035960 secs] [Times: user=0.02 sys=0.00, real=0.00 secs] 
2014-07-08T15:10:17.368+0000: 3323.800: [GC [PSYoungGen: 116796K->1846K(115520K)] 299084K->184182K(802496K), 0.0074970 secs] [Times: user=0.03 sys=0.00, real=0.00 secs] 
2014-07-08T15:10:21.562+0000: 3327.994: [GC [PSYoungGen: 115509K->626K(112576K)] 297845K->183462K(799552K), 0.0050180 secs] [Times: user=0.02 sys=0.00, real=0.00 secs] 
2014-07-08T15:10:21.772+0000: 3328.204: [GC [PSYoungGen: 112562K->1296K(111616K)] 295398K->184212K(798592K), 0.0043210 secs] [Times: user=0.03 sys=0.00, real=0.00 secs] 
2014-07-08T15:10:21.967+0000: 3328.399: [GC [PSYoungGen: 111568K->1348K(133760K)] 294484K->184624K(820736K), 0.0105480 secs] [Times: user=0.06 sys=0.00, real=0.01 secs] 
2014-07-08T15:10:22.322+0000: 3328.754: [GC [PSYoungGen: 133700K->1294K(160192K)] 316976K->184642K(847168K), 0.0074530 secs] [Times: user=0.04 sys=0.00, real=0.01 secs] 
2014-07-08T15:10:24.131+0000: 3330.564: [GC [PSYoungGen: 160134K->1262K(191936K)] 343482K->184682K(878912K), 0.0058510 secs] [Times: user=0.04 sys=0.00, real=0.00 secs] 
2014-07-08T15:10:26.881+0000: 3333.313: [GC [PSYoungGen: 191918K->1500K(230336K)] 375338K->184936K(917312K), 0.0048640 secs] [Times: user=0.02 sys=0.00, real=0.00 secs] 
2014-07-08T15:10:30.386+0000: 3336.818: [GC [PSYoungGen: 230300K->1070K(224512K)] 413736K->184892K(911488K), 0.0093520 secs] [Times: user=0.05 sys=0.01, real=0.01 secs] 
2014-07-08T15:10:33.675+0000: 3340.107: [GC [PSYoungGen: 224494K->1494K(219776K)] 408316K->185332K(906752K), 0.0166710 secs] [Times: user=0.11 sys=0.00, real=0.02 secs] 
2014-07-08T15:10:37.001+0000: 3343.433: [GC [PSYoungGen: 219731K->1144K(214400K)] 403569K->185513K(901376K), 0.0113820 secs] [Times: user=0.03 sys=0.01, real=0.01 secs] 
2014-07-08T15:10:40.351+0000: 3346.783: [GC [PSYoungGen: 214392K->1892K(210368K)] 398761K->186300K(897344K), 0.0134490 secs] [Times: user=0.08 sys=0.00, real=0.02 secs] 
2014-07-08T15:10:48.371+0000: 3354.803: [GC [PSYoungGen: 210340K->822K(204672K)] 394748K->186056K(891648K), 0.0094560 secs] [Times: user=0.05 sys=0.00, real=0.01 secs] 
2014-07-08T15:11:01.646+0000: 3368.078: [GC [PSYoungGen: 204662K->1748K(201152K)] 389896K->187046K(888128K), 0.0075260 secs] [Times: user=0.05 sys=0.00, real=0.00 secs] 
2014-07-08T15:11:02.041+0000: 3368.473: [GC [PSYoungGen: 201108K->1518K(196608K)] 386406K->187343K(883584K), 0.0071950 secs] [Times: user=0.04 sys=0.00, real=0.01 secs] 
2014-07-08T15:11:02.425+0000: 3368.857: [GC [PSYoungGen: 196590K->1280K(235392K)] 382415K->187184K(922368K), 0.0077550 secs] [Times: user=0.05 sys=0.00, real=0.01 secs] 
2014-07-08T15:11:03.515+0000: 3369.948: [GC [PSYoungGen: 235392K->1238K(249536K)] 421296K->187206K(936512K), 0.0133880 secs] [Times: user=0.07 sys=0.01, real=0.01 secs] 
2014-07-08T15:11:05.197+0000: 3371.630: [GC [PSYoungGen: 249046K->1869K(243712K)] 435014K->187926K(930688K), 0.0126010 secs] [Times: user=0.08 sys=0.00, real=0.01 secs] 
2014-07-08T15:11:06.509+0000: 3372.941: [GC [PSYoungGen: 243661K->320K(236288K)] 429718K->187494K(923264K), 0.0055250 secs] [Times: user=0.03 sys=0.00, real=0.00 secs] 
2014-07-08T15:11:10.405+0000: 3376.837: [GC [PSYoungGen: 236288K->2216K(232576K)] 423462K->189415K(919552K), 0.0127560 secs] [Times: user=0.08 sys=0.00, real=0.02 secs] 
2014-07-08T15:11:14.348+0000: 3380.780: [GC [PSYoungGen: 232552K->1981K(226944K)] 419751K->189828K(913920K), 0.0157940 secs] [Times: user=0.10 sys=0.00, real=0.01 secs] 
2014-07-08T15:11:18.061+0000: 3384.493: [GC [PSYoungGen: 226939K->1774K(221568K)] 414786K->189629K(908544K), 0.0054390 secs] [Times: user=0.02 sys=0.01, real=0.00 secs] 
2014-07-08T15:11:21.891+0000: 3388.324: [GC [PSYoungGen: 221550K->1568K(216320K)] 409405K->189423K(903296K), 0.0085640 secs] [Times: user=0.04 sys=0.00, real=0.01 secs] 
2014-07-08T15:11:25.649+0000: 3392.081: [GC [PSYoungGen: 216288K->1526K(211392K)] 404143K->189381K(898368K), 0.0130600 secs] [Times: user=0.08 sys=0.01, real=0.01 secs] 
2014-07-08T15:11:29.419+0000: 3395.851: [GC [PSYoungGen: 211382K->1472K(206720K)] 399237K->189327K(893696K), 0.0038370 secs] [Times: user=0.01 sys=0.00, real=0.01 secs] 
2014-07-08T15:11:33.005+0000: 3399.438: [GC [PSYoungGen: 206656K->2098K(202752K)] 394511K->189953K(889728K), 0.0102870 secs] [Times: user=0.05 sys=0.00, real=0.01 secs] 
2014-07-08T15:11:36.348+0000: 3402.781: [GC [PSYoungGen: 202738K->1386K(197696K)] 390593K->189393K(884672K), 0.0160270 secs] [Times: user=0.11 sys=0.00, real=0.02 secs] 
2014-07-08T15:11:39.548+0000: 3405.980: [GC [PSYoungGen: 197674K->1959K(194048K)] 385681K->189990K(881024K), 0.0117820 secs] [Times: user=0.07 sys=0.00, real=0.01 secs] 
2014-07-08T15:11:42.950+0000: 3409.382: [GC [PSYoungGen: 194023K->1248K(189248K)] 382054K->189345K(876224K), 0.0121150 secs] [Times: user=0.08 sys=0.00, real=0.02 secs] 
2014-07-08T15:11:46.439+0000: 3412.872: [GC [PSYoungGen: 189216K->1650K(185728K)] 377313K->189747K(872704K), 0.0063010 secs] [Times: user=0.03 sys=0.00, real=0.01 secs] 
2014-07-08T15:11:49.578+0000: 3416.010: [GC [PSYoungGen: 185714K->1654K(181952K)] 373811K->189751K(868928K), 0.0102030 secs] [Times: user=0.06 sys=0.00, real=0.01 secs] 
2014-07-08T15:11:52.772+0000: 3419.205: [GC [PSYoungGen: 181942K->1550K(178240K)] 370039K->189647K(865216K), 0.0066710 secs] [Times: user=0.03 sys=0.00, real=0.01 secs] 
2014-07-08T15:11:55.800+0000: 3422.232: [GC [PSYoungGen: 178190K->1362K(174464K)] 366287K->189459K(861440K), 0.0095880 secs] [Times: user=0.06 sys=0.00, real=0.01 secs] 
2014-07-08T15:11:58.737+0000: 3425.169: [GC [PSYoungGen: 174418K->1386K(171008K)] 362515K->189483K(857984K), 0.0053390 secs] [Times: user=0.02 sys=0.00, real=0.00 secs] 
2014-07-08T15:12:01.796+0000: 3428.228: [GC [PSYoungGen: 170986K->1408K(167744K)] 359083K->189505K(854720K), 0.0054640 secs] [Times: user=0.03 sys=0.00, real=0.00 secs] 
2014-07-08T15:12:04.684+0000: 3431.116: [GC [PSYoungGen: 167680K->2165K(165248K)] 355777K->190262K(852224K), 0.0073530 secs] [Times: user=0.04 sys=0.00, real=0.01 secs] 
2014-07-08T15:12:07.341+0000: 3433.774: [GC [PSYoungGen: 165237K->872K(160832K)] 353334K->189377K(847808K), 0.0044170 secs] [Times: user=0.02 sys=0.00, real=0.01 secs] 
2014-07-08T15:12:10.087+0000: 3436.520: [GC [PSYoungGen: 160808K->1864K(158848K)] 349313K->190393K(845824K), 0.0099640 secs] [Times: user=0.06 sys=0.01, real=0.01 secs] 
2014-07-08T15:12:12.714+0000: 3439.146: [GC [PSYoungGen: 158792K->1188K(155200K)] 347321K->190095K(842176K), 0.0088240 secs] [Times: user=0.05 sys=0.00, real=0.01 secs] 
2014-07-08T15:12:15.348+0000: 3441.780: [GC [PSYoungGen: 155172K->1604K(152832K)] 344079K->190511K(839808K), 0.0115980 secs] [Times: user=0.08 sys=0.00, real=0.01 secs] 
2014-07-08T15:12:18.036+0000: 3444.468: [GC [PSYoungGen: 152746K->1934K(150400K)] 341654K->190842K(837376K), 0.0064710 secs] [Times: user=0.03 sys=0.00, real=0.00 secs] 
2014-07-08T15:12:20.652+0000: 3447.085: [GC [PSYoungGen: 150350K->1458K(147200K)] 339258K->190365K(834176K), 0.0049250 secs] [Times: user=0.02 sys=0.00, real=0.01 secs] 
2014-07-08T15:12:23.278+0000: 3449.711: [GC [PSYoungGen: 147184K->1412K(144576K)] 336091K->190319K(831552K), 0.0190060 secs] [Times: user=0.12 sys=0.01, real=0.02 secs] 
2014-07-08T15:12:25.775+0000: 3452.207: [GC [PSYoungGen: 144441K->1515K(142144K)] 333348K->190422K(829120K), 0.0170270 secs] [Times: user=0.10 sys=0.00, real=0.02 secs] 
2014-07-08T15:12:28.117+0000: 3454.549: [GC [PSYoungGen: 142123K->1540K(139776K)] 331030K->190447K(826752K), 0.0100870 secs] [Times: user=0.06 sys=0.00, real=0.01 secs] 
2014-07-08T15:12:30.516+0000: 3456.948: [GC [PSYoungGen: 139714K->1710K(137536K)] 328622K->190617K(824512K), 0.0134490 secs] [Times: user=0.08 sys=0.01, real=0.02 secs] 
2014-07-08T15:12:32.720+0000: 3459.153: [GC [PSYoungGen: 137518K->1078K(134592K)] 326425K->190267K(821568K), 0.0122180 secs] [Times: user=0.08 sys=0.00, real=0.01 secs] 
2014-07-08T15:12:34.990+0000: 3461.422: [GC [PSYoungGen: 134581K->1626K(132928K)] 323770K->190839K(819904K), 0.0035900 secs] [Times: user=0.01 sys=0.01, real=0.00 secs] 
2014-07-08T15:12:36.990+0000: 3463.422: [GC [PSYoungGen: 132890K->1450K(130560K)] 322103K->190754K(817536K), 0.0101840 secs] [Times: user=0.06 sys=0.00, real=0.01 secs] 
2014-07-08T15:12:39.203+0000: 3465.635: [GC [PSYoungGen: 130538K->1612K(128640K)] 319842K->190931K(815616K), 0.0067440 secs] [Times: user=0.04 sys=0.00, real=0.00 secs] 
2014-07-08T15:12:41.639+0000: 3468.071: [GC [PSYoungGen: 128588K->1138K(126080K)] 317907K->190667K(813056K), 0.0100240 secs] [Times: user=0.07 sys=0.00, real=0.01 secs] 
2014-07-08T15:12:43.984+0000: 3470.416: [GC [PSYoungGen: 126066K->1735K(124736K)] 315595K->191297K(811712K), 0.0056150 secs] [Times: user=0.04 sys=0.00, real=0.00 secs] 
2014-07-08T15:12:46.186+0000: 3472.618: [GC [PSYoungGen: 124653K->1208K(122176K)] 314215K->191136K(809152K), 0.0107410 secs] [Times: user=0.08 sys=0.00, real=0.01 secs] 
2014-07-08T15:12:48.089+0000: 3474.522: [GC [PSYoungGen: 122168K->1692K(120768K)] 312096K->191676K(807744K), 0.0036880 secs] [Times: user=0.02 sys=0.00, real=0.01 secs] 
2014-07-08T15:12:50.177+0000: 3476.609: [GC [PSYoungGen: 120732K->1196K(118400K)] 310716K->191814K(805376K), 0.0065670 secs] [Times: user=0.03 sys=0.00, real=0.01 secs] 
2014-07-08T15:12:52.342+0000: 3478.774: [GC [PSYoungGen: 118380K->1764K(117184K)] 308998K->192438K(804160K), 0.0098600 secs] [Times: user=0.06 sys=0.00, real=0.01 secs] 
2014-07-08T15:12:54.739+0000: 3481.171: [GC [PSYoungGen: 117156K->1262K(114944K)] 307830K->192261K(801920K), 0.0177960 secs] [Times: user=0.11 sys=0.00, real=0.02 secs] 
2014-07-08T15:12:56.800+0000: 3483.232: [GC [PSYoungGen: 114926K->1366K(113344K)] 305925K->192420K(800320K), 0.0139700 secs] [Times: user=0.08 sys=0.00, real=0.02 secs] 
2014-07-08T15:12:58.773+0000: 3485.206: [GC [PSYoungGen: 113281K->1344K(111616K)] 304336K->192570K(798592K), 0.0117170 secs] [Times: user=0.05 sys=0.00, real=0.01 secs] 
2014-07-08T15:13:00.916+0000: 3487.348: [GC [PSYoungGen: 111606K->1550K(110272K)] 302832K->192801K(797248K), 0.0122320 secs] [Times: user=0.08 sys=0.00, real=0.01 secs] 
2014-07-08T15:13:02.718+0000: 3489.150: [GC [PSYoungGen: 110175K->1210K(108288K)] 301426K->192961K(795264K), 0.0076270 secs] [Times: user=0.05 sys=0.00, real=0.01 secs] 
2014-07-08T15:13:04.947+0000: 3491.379: [GC [PSYoungGen: 108268K->2022K(107584K)] 300020K->193895K(794560K), 0.0087140 secs] [Times: user=0.05 sys=0.00, real=0.01 secs] 
2014-07-08T15:13:07.325+0000: 3493.757: [GC [PSYoungGen: 107558K->892K(104960K)] 299431K->193203K(791936K), 0.0110720 secs] [Times: user=0.06 sys=0.00, real=0.01 secs] 
2014-07-08T15:13:07.507+0000: 3493.939: [GC [PSYoungGen: 104956K->1602K(126592K)] 297267K->194009K(813568K), 0.0183940 secs] [Times: user=0.13 sys=0.00, real=0.02 secs] 
2014-07-08T15:13:07.863+0000: 3494.295: [GC [PSYoungGen: 126504K->1554K(151552K)] 318912K->194316K(838528K), 0.0142550 secs] [Times: user=0.09 sys=0.00, real=0.02 secs] 
2014-07-08T15:13:10.347+0000: 3496.779: [GC [PSYoungGen: 151476K->1974K(181952K)] 344238K->194736K(868928K), 0.0075930 secs] [Times: user=0.04 sys=0.00, real=0.01 secs] 
2014-07-08T15:13:13.591+0000: 3500.024: [GC [PSYoungGen: 181942K->682K(213568K)] 374704K->194246K(900544K), 0.0156470 secs] [Times: user=0.09 sys=0.00, real=0.02 secs] 
2014-07-08T15:13:17.107+0000: 3503.539: [GC [PSYoungGen: 213546K->1872K(215040K)] 407110K->195467K(902016K), 0.0060220 secs] [Times: user=0.04 sys=0.00, real=0.00 secs] 
2014-07-08T15:13:20.870+0000: 3507.302: [GC [PSYoungGen: 214736K->1376K(257664K)] 408331K->195416K(944640K), 0.0070480 secs] [Times: user=0.05 sys=0.00, real=0.01 secs] 
2014-07-08T15:13:25.358+0000: 3511.790: [GC [PSYoungGen: 256864K->1230K(250432K)] 450904K->195270K(937408K), 0.0088440 secs] [Times: user=0.04 sys=0.00, real=0.00 secs] 
2014-07-08T15:13:29.553+0000: 3515.985: [GC [PSYoungGen: 250382K->946K(244032K)] 444422K->195297K(931008K), 0.0066880 secs] [Times: user=0.05 sys=0.00, real=0.01 secs] 
2014-07-08T15:13:33.066+0000: 3519.498: [GC [PSYoungGen: 244018K->1326K(238528K)] 438369K->195718K(925504K), 0.0041820 secs] [Times: user=0.01 sys=0.01, real=0.01 secs] 
2014-07-08T15:13:45.443+0000: 3531.875: [GC [PSYoungGen: 238510K->1272K(232832K)] 432902K->195712K(919808K), 0.0096890 secs] [Times: user=0.05 sys=0.00, real=0.01 secs] 
2014-07-08T15:13:45.859+0000: 3532.292: [GC [PSYoungGen: 232822K->1736K(227904K)] 427262K->196272K(914880K), 0.0072510 secs] [Times: user=0.04 sys=0.00, real=0.01 secs] 
2014-07-08T15:13:46.646+0000: 3533.078: [GC [PSYoungGen: 227848K->876K(221760K)] 422384K->195491K(908736K), 0.0047980 secs] [Times: user=0.03 sys=0.00, real=0.01 secs] 
2014-07-08T15:13:49.531+0000: 3535.963: [GC [PSYoungGen: 221740K->1522K(217344K)] 416355K->196138K(904320K), 0.0123040 secs] [Times: user=0.07 sys=0.00, real=0.01 secs] 
2014-07-08T15:13:53.231+0000: 3539.663: [GC [PSYoungGen: 217330K->1508K(212480K)] 411946K->196123K(899456K), 0.0073800 secs] [Times: user=0.05 sys=0.00, real=0.01 secs] 
2014-07-08T15:13:56.773+0000: 3543.206: [GC [PSYoungGen: 212429K->2091K(208320K)] 407045K->196707K(895296K), 0.0104640 secs] [Times: user=0.06 sys=0.00, real=0.01 secs] 
2014-07-08T15:14:00.713+0000: 3547.145: [GC [PSYoungGen: 208299K->622K(202304K)] 402915K->195992K(889280K), 0.0037370 secs] [Times: user=0.02 sys=0.00, real=0.00 secs] 
2014-07-08T15:14:04.207+0000: 3550.639: [GC [PSYoungGen: 202286K->2142K(199424K)] 397656K->197520K(886400K), 0.0040390 secs] [Times: user=0.03 sys=0.00, real=0.00 secs] 
2014-07-08T15:14:07.936+0000: 3554.368: [GC [PSYoungGen: 199388K->1708K(194752K)] 394766K->197670K(881728K), 0.0157270 secs] [Times: user=0.10 sys=0.00, real=0.01 secs] 
2014-07-08T15:14:11.218+0000: 3557.650: [GC [PSYoungGen: 194732K->1284K(190272K)] 390694K->197246K(877248K), 0.0043360 secs] [Times: user=0.02 sys=0.00, real=0.00 secs] 
2014-07-08T15:14:14.419+0000: 3560.851: [GC [PSYoungGen: 190212K->1448K(186432K)] 386174K->197410K(873408K), 0.0104810 secs] [Times: user=0.06 sys=0.01, real=0.01 secs] 
2014-07-08T15:14:33.512+0000: 3579.944: [GC [PSYoungGen: 186408K->1328K(182464K)] 382370K->197346K(869440K), 0.0091170 secs] [Times: user=0.05 sys=0.00, real=0.01 secs] 
2014-07-08T15:14:33.868+0000: 3580.300: [GC [PSYoungGen: 182448K->1412K(178880K)] 378466K->197477K(865856K), 0.0103570 secs] [Times: user=0.06 sys=0.01, real=0.01 secs] 
2014-07-08T15:14:34.207+0000: 3580.639: [GC [PSYoungGen: 178820K->1814K(214784K)] 374885K->197976K(901760K), 0.0064700 secs] [Times: user=0.04 sys=0.00, real=0.01 secs] 
2014-07-08T15:14:34.741+0000: 3581.173: [GC [PSYoungGen: 214742K->1184K(243520K)] 410904K->197554K(930496K), 0.0067500 secs] [Times: user=0.04 sys=0.00, real=0.01 secs] 
2014-07-08T15:14:38.052+0000: 3584.484: [GC [PSYoungGen: 243488K->1266K(237760K)] 439858K->197667K(924736K), 0.0100370 secs] [Times: user=0.06 sys=0.00, real=0.01 secs] 
2014-07-08T15:14:41.503+0000: 3587.935: [GC [PSYoungGen: 237746K->1014K(231872K)] 434147K->197842K(918848K), 0.0177190 secs] [Times: user=0.10 sys=0.00, real=0.02 secs] 
2014-07-08T15:14:44.770+0000: 3591.202: [GC [PSYoungGen: 231862K->2070K(227520K)] 428690K->198930K(914496K), 0.0073120 secs] [Times: user=0.03 sys=0.00, real=0.00 secs] 
2014-07-08T15:14:48.020+0000: 3594.452: [GC [PSYoungGen: 227477K->1134K(221312K)] 424337K->198386K(908288K), 0.0231280 secs] [Times: user=0.13 sys=0.00, real=0.02 secs] 
2014-07-08T15:14:51.244+0000: 3597.677: [GC [PSYoungGen: 221294K->1672K(216832K)] 418546K->198940K(903808K), 0.0077020 secs] [Times: user=0.04 sys=0.00, real=0.01 secs] 
2014-07-08T15:14:54.461+0000: 3600.893: [GC [PSYoungGen: 216776K->1220K(211520K)] 414044K->198554K(898496K), 0.0089500 secs] [Times: user=0.05 sys=0.00, real=0.00 secs] 
2014-07-08T15:14:57.580+0000: 3604.012: [GC [PSYoungGen: 211460K->1276K(206848K)] 408794K->198610K(893824K), 0.0080010 secs] [Times: user=0.02 sys=0.00, real=0.01 secs] 
2014-07-08T15:15:00.629+0000: 3607.062: [GC [PSYoungGen: 206844K->1774K(202816K)] 404178K->199108K(889792K), 0.0124310 secs] [Times: user=0.07 sys=0.00, real=0.02 secs] 
2014-07-08T15:15:03.495+0000: 3609.927: [GC [PSYoungGen: 202798K->1614K(198336K)] 400132K->198948K(885312K), 0.0092770 secs] [Times: user=0.05 sys=0.00, real=0.01 secs] 
2014-07-08T15:15:06.301+0000: 3612.733: [GC [PSYoungGen: 198286K->1070K(193536K)] 395620K->198678K(880512K), 0.0070450 secs] [Times: user=0.04 sys=0.00, real=0.01 secs] 
2014-07-08T15:15:09.079+0000: 3615.511: [GC [PSYoungGen: 193518K->1968K(190336K)] 391126K->199600K(877312K), 0.0075260 secs] [Times: user=0.03 sys=0.00, real=0.01 secs] 
2014-07-08T15:15:11.909+0000: 3618.342: [GC [PSYoungGen: 190320K->1212K(185600K)] 387952K->198934K(872576K), 0.0038550 secs] [Times: user=0.02 sys=0.00, real=0.01 secs] 
2014-07-08T15:15:14.713+0000: 3621.145: [GC [PSYoungGen: 185596K->1444K(182016K)] 383318K->199166K(868992K), 0.0041010 secs] [Times: user=0.02 sys=0.00, real=0.00 secs] 
2014-07-08T15:15:17.364+0000: 3623.797: [GC [PSYoungGen: 181905K->1590K(178432K)] 379627K->199312K(865408K), 0.0066670 secs] [Times: user=0.03 sys=0.00, real=0.00 secs] 
2014-07-08T15:15:19.826+0000: 3626.258: [GC [PSYoungGen: 178380K->1734K(175040K)] 376102K->199464K(862016K), 0.0061410 secs] [Times: user=0.03 sys=0.01, real=0.00 secs] 
2014-07-08T15:15:21.576+0000: 3628.009: [GC [PSYoungGen: 174978K->1018K(170816K)] 372708K->199498K(857792K), 0.0065070 secs] [Times: user=0.02 sys=0.00, real=0.00 secs] 
2014-07-08T15:15:23.037+0000: 3629.470: [GC [PSYoungGen: 170810K->1527K(168000K)] 369290K->200055K(854976K), 0.0067400 secs] [Times: user=0.03 sys=0.00, real=0.00 secs] 
2014-07-08T15:15:24.313+0000: 3630.745: [GC [PSYoungGen: 167991K->612K(163840K)] 366519K->199580K(850816K), 0.0055240 secs] [Times: user=0.03 sys=0.00, real=0.01 secs] 
Heap
 PSYoungGen      total 163840K, used 121354K [0x0000000755560000, 0x00000007638d0000, 0x0000000800000000)
  eden space 163200K, 73% used [0x0000000755560000,0x000000075cb49ba8,0x000000075f4c0000)
  from space 640K, 95% used [0x0000000763830000,0x00000007638c9030,0x00000007638d0000)
  to   space 2240K, 0% used [0x0000000763470000,0x0000000763470000,0x00000007636a0000)
 ParOldGen       total 686976K, used 198968K [0x0000000600000000, 0x0000000629ee0000, 0x0000000755560000)
  object space 686976K, 28% used [0x0000000600000000,0x000000060c24e2d8,0x0000000629ee0000)
 PSPermGen       total 21248K, used 11804K [0x00000005f5a00000, 0x00000005f6ec0000, 0x0000000600000000)
  object space 21248K, 55% used [0x00000005f5a00000,0x00000005f65873e8,0x00000005f6ec0000)
