2014-07-08T16:43:58.500+0000: 24.377: [GC [PSYoungGen: 257728K->42848K(300608K)] 257728K->57765K(987584K), 0.0704850 secs] [Times: user=0.21 sys=0.03, real=0.07 secs] 
2014-07-08T16:43:58.801+0000: 24.678: [GC [PSYoungGen: 300576K->42870K(300608K)] 315493K->63885K(987584K), 0.0730130 secs] [Times: user=0.25 sys=0.02, real=0.08 secs] 
2014-07-08T16:44:00.019+0000: 25.896: [GC [PSYoungGen: 300598K->42870K(300608K)] 321613K->64909K(987584K), 0.0540330 secs] [Times: user=0.20 sys=0.00, real=0.06 secs] 
2014-07-08T16:44:01.385+0000: 27.262: [GC [PSYoungGen: 300598K->42864K(558336K)] 322637K->65495K(1245312K), 0.0605080 secs] [Times: user=0.22 sys=0.02, real=0.06 secs] 
2014-07-08T16:44:03.687+0000: 29.564: [GC [PSYoungGen: 558320K->42860K(558336K)] 580951K->66075K(1245312K), 0.0626140 secs] [Times: user=0.22 sys=0.03, real=0.06 secs] 
2014-07-08T16:44:05.569+0000: 31.446: [GC [PSYoungGen: 558264K->43224K(1088704K)] 581479K->66439K(1775680K), 0.0774980 secs] [Times: user=0.23 sys=0.02, real=0.08 secs] 
2014-07-08T16:44:09.440+0000: 35.318: [GC [PSYoungGen: 1074136K->2308K(1089536K)] 1097351K->65833K(1776512K), 0.0593090 secs] [Times: user=0.20 sys=0.03, real=0.06 secs] 
2014-07-08T16:44:15.565+0000: 41.443: [GC [PSYoungGen: 1033220K->2464K(2124288K)] 1096745K->66413K(2811264K), 0.0286600 secs] [Times: user=0.10 sys=0.00, real=0.02 secs] 
2014-07-08T16:44:28.147+0000: 54.024: [GC [PSYoungGen: 2059936K->3296K(2128640K)] 2123885K->67613K(2815616K), 0.0443710 secs] [Times: user=0.16 sys=0.00, real=0.05 secs] 
2014-07-08T16:44:41.156+0000: 67.033: [GC [PSYoungGen: 2060768K->3780K(2721280K)] 2125085K->69073K(3408256K), 0.0396970 secs] [Times: user=0.15 sys=0.00, real=0.04 secs] 
2014-07-08T16:44:57.804+0000: 83.681: [GC [PSYoungGen: 2651716K->2898K(2650880K)] 2717009K->70735K(3337856K), 0.0121080 secs] [Times: user=0.04 sys=0.00, real=0.01 secs] 
2014-07-08T16:45:12.602+0000: 98.479: [GC [PSYoungGen: 2650834K->2806K(2722624K)] 2718671K->72307K(3409600K), 0.0498720 secs] [Times: user=0.19 sys=0.01, real=0.05 secs] 
2014-07-08T16:45:25.936+0000: 111.813: [GC [PSYoungGen: 2651254K->2194K(2650688K)] 2720755K->73055K(3337664K), 0.0354060 secs] [Times: user=0.09 sys=0.00, real=0.04 secs] 
2014-07-08T16:45:44.587+0000: 130.464: [GC [PSYoungGen: 2650642K->2678K(2530496K)] 2721503K->74467K(3217472K), 0.0385070 secs] [Times: user=0.14 sys=0.00, real=0.04 secs] 
2014-07-08T16:46:01.586+0000: 147.463: [GC [PSYoungGen: 2530486K->2386K(2415552K)] 2602275K->75391K(3102528K), 0.0165120 secs] [Times: user=0.03 sys=0.01, real=0.02 secs] 
2014-07-08T16:46:17.875+0000: 163.752: [GC [PSYoungGen: 2415506K->2614K(2306752K)] 2488511K->76779K(2993728K), 0.0096740 secs] [Times: user=0.03 sys=0.01, real=0.01 secs] 
2014-07-08T16:46:33.862+0000: 179.739: [GC [PSYoungGen: 2306686K->2792K(2266944K)] 2380851K->78093K(2953920K), 0.0480820 secs] [Times: user=0.18 sys=0.01, real=0.05 secs] 
2014-07-08T16:47:33.299+0000: 239.177: [GC [PSYoungGen: 2203304K->2500K(2104640K)] 2278605K->78905K(2791616K), 0.0152900 secs] [Times: user=0.03 sys=0.00, real=0.01 secs] 
2014-07-08T16:52:38.639+0000: 544.517: [GC [PSYoungGen: 2104580K->2550K(2069760K)] 2180985K->80075K(2756736K), 0.0379850 secs] [Times: user=0.15 sys=0.00, real=0.04 secs] 
2014-07-08T16:56:43.574+0000: 789.452: [GC [PSYoungGen: 2011062K->2418K(1921984K)] 2088587K->81111K(2608960K), 0.0179490 secs] [Times: user=0.03 sys=0.01, real=0.02 secs] 
2014-07-08T17:01:45.083+0000: 1090.961: [GC [PSYoungGen: 1921970K->2852K(1890752K)] 2000663K->82657K(2577728K), 0.0379070 secs] [Times: user=0.14 sys=0.00, real=0.04 secs] 
2014-07-08T17:05:01.864+0000: 1287.742: [GC [PSYoungGen: 1837796K->2194K(1756800K)] 1917601K->83503K(2443776K), 0.0474550 secs] [Times: user=0.14 sys=0.01, real=0.05 secs] 
2014-07-08T17:05:18.676+0000: 1304.553: [GC [PSYoungGen: 1756754K->2358K(1728384K)] 1838063K->84515K(2415360K), 0.0264850 secs] [Times: user=0.08 sys=0.01, real=0.03 secs] 
2014-07-08T17:07:08.574+0000: 1414.451: [GC [PSYoungGen: 1680438K->2586K(1608000K)] 1762595K->85687K(2294976K), 0.0140200 secs] [Times: user=0.02 sys=0.01, real=0.01 secs] 
2014-07-08T17:08:53.698+0000: 1519.575: [GC [PSYoungGen: 1607962K->2198K(1538496K)] 1691063K->86355K(2225472K), 0.0077400 secs] [Times: user=0.03 sys=0.00, real=0.01 secs] 
2014-07-08T17:09:54.323+0000: 1580.200: [GC [PSYoungGen: 1538454K->2184K(1472768K)] 1622611K->87181K(2159744K), 0.0391040 secs] [Times: user=0.13 sys=0.01, real=0.04 secs] 
2014-07-08T17:13:08.457+0000: 1774.334: [GC [PSYoungGen: 1472712K->2216K(1448000K)] 1557709K->87949K(2134976K), 0.0099390 secs] [Times: user=0.02 sys=0.00, real=0.01 secs] 
2014-07-08T17:13:11.274+0000: 1777.151: [GC [PSYoungGen: 1410136K->1988K(1350592K)] 1495869K->88505K(2037568K), 0.0235320 secs] [Times: user=0.06 sys=0.01, real=0.02 secs] 
2014-07-08T17:18:49.129+0000: 2115.006: [GC [PSYoungGen: 1350532K->2536K(1327424K)] 1437049K->89709K(2014400K), 0.0088380 secs] [Times: user=0.03 sys=0.00, real=0.01 secs] 
2014-07-08T17:20:41.292+0000: 2227.170: [GC [PSYoungGen: 1294504K->2148K(1240320K)] 1381677K->90361K(1927296K), 0.0346050 secs] [Times: user=0.10 sys=0.01, real=0.04 secs] 
2014-07-08T17:20:43.924+0000: 2229.802: [GC [PSYoungGen: 1240292K->1878K(1188864K)] 1328505K->90819K(1875840K), 0.0269620 secs] [Times: user=0.10 sys=0.00, real=0.03 secs] 
2014-07-08T17:24:29.255+0000: 2455.132: [GC [PSYoungGen: 1188822K->2130K(1140416K)] 1277763K->91575K(1827392K), 0.0227780 secs] [Times: user=0.05 sys=0.01, real=0.02 secs] 
2014-07-08T17:24:32.743+0000: 2458.620: [GC [PSYoungGen: 1140370K->1992K(1093888K)] 1229815K->92157K(1780864K), 0.0608130 secs] [Times: user=0.21 sys=0.00, real=0.07 secs] 
2014-07-08T17:25:57.542+0000: 2543.420: [GC [PSYoungGen: 1093832K->2066K(1049792K)] 1183997K->92767K(1736768K), 0.0126010 secs] [Times: user=0.03 sys=0.00, real=0.02 secs] 
2014-07-08T17:25:58.830+0000: 2544.707: [GC [PSYoungGen: 1049746K->1668K(1007424K)] 1140447K->93153K(1694400K), 0.0098130 secs] [Times: user=0.04 sys=0.00, real=0.01 secs] 
2014-07-08T17:26:35.903+0000: 2581.780: [GC [PSYoungGen: 1007364K->1796K(967552K)] 1098849K->93609K(1654528K), 0.0080250 secs] [Times: user=0.02 sys=0.01, real=0.00 secs] 
2014-07-08T17:27:58.131+0000: 2664.008: [GC [PSYoungGen: 967492K->2106K(929728K)] 1059305K->94423K(1616704K), 0.0155360 secs] [Times: user=0.05 sys=0.00, real=0.02 secs] 
2014-07-08T17:27:59.051+0000: 2664.928: [GC [PSYoungGen: 929722K->1504K(892864K)] 1022039K->94413K(1579840K), 0.0110640 secs] [Times: user=0.01 sys=0.00, real=0.01 secs] 
2014-07-08T17:30:41.342+0000: 2827.219: [GC [PSYoungGen: 892832K->2002K(858816K)] 985741K->95191K(1545792K), 0.0097980 secs] [Times: user=0.03 sys=0.00, real=0.01 secs] 
2014-07-08T17:30:42.219+0000: 2828.097: [GC [PSYoungGen: 858770K->1654K(825536K)] 951959K->95643K(1512512K), 0.0136860 secs] [Times: user=0.01 sys=0.01, real=0.01 secs] 
2014-07-08T17:30:45.944+0000: 2831.822: [GC [PSYoungGen: 825526K->1650K(794176K)] 919515K->95871K(1481152K), 0.0102210 secs] [Times: user=0.02 sys=0.00, real=0.01 secs] 
2014-07-08T17:31:35.907+0000: 2881.784: [GC [PSYoungGen: 794162K->1988K(764672K)] 888383K->96513K(1451648K), 0.0143490 secs] [Times: user=0.03 sys=0.00, real=0.01 secs] 
2014-07-08T17:36:51.230+0000: 3197.107: [GC [PSYoungGen: 764612K->1888K(736064K)] 859137K->97133K(1423040K), 0.0259640 secs] [Times: user=0.10 sys=0.00, real=0.03 secs] 
2014-07-08T17:36:51.972+0000: 3197.850: [GC [PSYoungGen: 736032K->1554K(708608K)] 831277K->97399K(1395584K), 0.0150620 secs] [Times: user=0.05 sys=0.00, real=0.02 secs] 
2014-07-08T17:39:04.834+0000: 3330.711: [GC [PSYoungGen: 708562K->1942K(683136K)] 804407K->97987K(1370112K), 0.0156550 secs] [Times: user=0.05 sys=0.00, real=0.02 secs] 
2014-07-08T17:39:05.512+0000: 3331.389: [GC [PSYoungGen: 683094K->1476K(657984K)] 779139K->98081K(1344960K), 0.0092170 secs] [Times: user=0.02 sys=0.00, real=0.01 secs] 
2014-07-08T17:39:54.983+0000: 3380.860: [GC [PSYoungGen: 657924K->1714K(634624K)] 754529K->98519K(1321600K), 0.0311040 secs] [Times: user=0.09 sys=0.00, real=0.04 secs] 
2014-07-08T17:39:55.627+0000: 3381.505: [GC [PSYoungGen: 634610K->1604K(773824K)] 731415K->98849K(1460800K), 0.0303970 secs] [Times: user=0.11 sys=0.00, real=0.03 secs] 
2014-07-08T17:40:06.163+0000: 3392.040: [GC [PSYoungGen: 773764K->1828K(936192K)] 871009K->99313K(1623168K), 0.0092910 secs] [Times: user=0.02 sys=0.00, real=0.01 secs] 
2014-07-08T17:40:07.261+0000: 3393.138: [GC [PSYoungGen: 936164K->1536K(1132096K)] 1033649K->99453K(1819072K), 0.0164250 secs] [Times: user=0.05 sys=0.01, real=0.02 secs] 
2014-07-08T17:43:19.963+0000: 3585.840: [GC [PSYoungGen: 1132096K->2468K(1087040K)] 1230013K->100737K(1774016K), 0.0129840 secs] [Times: user=0.05 sys=0.01, real=0.02 secs] 
2014-07-08T17:43:21.560+0000: 3587.438: [GC [PSYoungGen: 1087012K->1764K(1042560K)] 1185281K->101065K(1729536K), 0.0093080 secs] [Times: user=0.03 sys=0.00, real=0.01 secs] 
Heap
 PSYoungGen      total 1042560K, used 693606K [0x0000000755560000, 0x00000007d7d40000, 0x0000000800000000)
  eden space 1040768K, 66% used [0x0000000755560000,0x000000077f900bd0,0x0000000794dc0000)
  from space 1792K, 98% used [0x00000007d7b80000,0x00000007d7d39020,0x00000007d7d40000)
  to   space 7360K, 0% used [0x00000007d6ee0000,0x00000007d6ee0000,0x00000007d7610000)
 ParOldGen       total 686976K, used 99301K [0x0000000600000000, 0x0000000629ee0000, 0x0000000755560000)
  object space 686976K, 14% used [0x0000000600000000,0x00000006060f95e0,0x0000000629ee0000)
 PSPermGen       total 21248K, used 11736K [0x00000005f5a00000, 0x00000005f6ec0000, 0x0000000600000000)
  object space 21248K, 55% used [0x00000005f5a00000,0x00000005f6576330,0x00000005f6ec0000)
