2014-07-08T21:13:01.466+0000: 23.604: [GC [PSYoungGen: 257728K->42871K(300608K)] 257728K->72605K(987584K), 0.0908810 secs] [Times: user=0.31 sys=0.04, real=0.09 secs] 
2014-07-08T21:13:03.786+0000: 25.924: [GC [PSYoungGen: 300599K->42877K(300608K)] 330333K->74472K(987584K), 0.0661620 secs] [Times: user=0.24 sys=0.02, real=0.07 secs] 
2014-07-08T21:13:05.232+0000: 27.370: [GC [PSYoungGen: 300605K->42874K(300608K)] 332200K->78586K(987584K), 0.0554370 secs] [Times: user=0.21 sys=0.01, real=0.06 secs] 
2014-07-08T21:13:06.851+0000: 28.989: [GC [PSYoungGen: 300602K->42860K(558336K)] 336314K->79404K(1245312K), 0.0522640 secs] [Times: user=0.17 sys=0.02, real=0.05 secs] 
2014-07-08T21:13:10.088+0000: 32.226: [GC [PSYoungGen: 558316K->42599K(558336K)] 594860K->79143K(1245312K), 0.0443720 secs] [Times: user=0.14 sys=0.02, real=0.04 secs] 
2014-07-08T21:13:19.597+0000: 41.735: [GC [PSYoungGen: 558055K->42850K(1099968K)] 594599K->79394K(1786944K), 0.0609420 secs] [Times: user=0.21 sys=0.03, real=0.06 secs] 
2014-07-08T21:13:31.890+0000: 54.028: [GC [PSYoungGen: 1073762K->6091K(1101824K)] 1110306K->80530K(1788800K), 0.0657790 secs] [Times: user=0.21 sys=0.04, real=0.07 secs] 
2014-07-08T21:13:46.720+0000: 68.859: [GC [PSYoungGen: 1036972K->5111K(2135872K)] 1111410K->82122K(2822848K), 0.0548170 secs] [Times: user=0.20 sys=0.00, real=0.06 secs] 
2014-07-08T21:14:13.225+0000: 95.363: [GC [PSYoungGen: 2063607K->5953K(1973056K)] 2140618K->83926K(2660032K), 0.0351370 secs] [Times: user=0.12 sys=0.02, real=0.04 secs] 
2014-07-08T21:14:40.092+0000: 122.230: [GC [PSYoungGen: 1972993K->3696K(1883840K)] 2050966K->83941K(2570816K), 0.0261700 secs] [Times: user=0.09 sys=0.00, real=0.02 secs] 
2014-07-08T21:15:04.657+0000: 146.795: [GC [PSYoungGen: 1883824K->2924K(1800448K)] 1964069K->85384K(2487424K), 0.0494050 secs] [Times: user=0.17 sys=0.00, real=0.05 secs] 
2014-07-08T21:15:29.064+0000: 171.202: [GC [PSYoungGen: 1800368K->2921K(1721856K)] 1882827K->86236K(2408832K), 0.0378370 secs] [Times: user=0.12 sys=0.01, real=0.04 secs] 
2014-07-08T21:15:57.754+0000: 199.892: [GC [PSYoungGen: 1721833K->3085K(1647360K)] 1805148K->87280K(2334336K), 0.0417160 secs] [Times: user=0.16 sys=0.01, real=0.04 secs] 
2014-07-08T21:16:25.173+0000: 227.311: [GC [PSYoungGen: 1647309K->2790K(1576000K)] 1731504K->88041K(2262976K), 0.0186020 secs] [Times: user=0.03 sys=0.01, real=0.02 secs] 
2014-07-08T21:16:53.656+0000: 255.794: [GC [PSYoungGen: 1575969K->3116K(1508736K)] 1661220K->89391K(2195712K), 0.0297880 secs] [Times: user=0.12 sys=0.00, real=0.03 secs] 
2014-07-08T21:17:17.311+0000: 279.449: [GC [PSYoungGen: 1508682K->2768K(1444160K)] 1594957K->90059K(2131136K), 0.0420000 secs] [Times: user=0.11 sys=0.02, real=0.04 secs] 
2014-07-08T21:17:39.085+0000: 301.223: [GC [PSYoungGen: 1444107K->3401K(1453056K)] 1531397K->91603K(2140032K), 0.0379850 secs] [Times: user=0.13 sys=0.00, real=0.04 secs] 
2014-07-08T21:18:02.284+0000: 324.422: [GC [PSYoungGen: 1383625K->2516K(1324672K)] 1471827K->91518K(2011648K), 0.0256540 secs] [Times: user=0.06 sys=0.00, real=0.02 secs] 
2014-07-08T21:18:24.967+0000: 347.106: [GC [PSYoungGen: 1324628K->2796K(1333824K)] 1413630K->92655K(2020800K), 0.0278020 secs] [Times: user=0.10 sys=0.00, real=0.03 secs] 
2014-07-08T21:18:48.304+0000: 370.443: [GC [PSYoungGen: 1269612K->2576K(1216832K)] 1359471K->93290K(1903808K), 0.0383680 secs] [Times: user=0.12 sys=0.01, real=0.04 secs] 
2014-07-08T21:19:09.597+0000: 391.735: [GC [PSYoungGen: 1216756K->2953K(1225088K)] 1307471K->94531K(1912064K), 0.0339190 secs] [Times: user=0.12 sys=0.00, real=0.03 secs] 
2014-07-08T21:19:29.255+0000: 411.393: [GC [PSYoungGen: 1167113K->2985K(1119552K)] 1258691K->95331K(1806528K), 0.0320700 secs] [Times: user=0.10 sys=0.01, real=0.03 secs] 
2014-07-08T21:19:46.340+0000: 428.478: [GC [PSYoungGen: 1119529K->2668K(1126016K)] 1211875K->95742K(1812992K), 0.0275980 secs] [Times: user=0.10 sys=0.00, real=0.02 secs] 
2014-07-08T21:20:02.157+0000: 444.295: [GC [PSYoungGen: 1073900K->2356K(1030464K)] 1166974K->96054K(1717440K), 0.0390630 secs] [Times: user=0.13 sys=0.01, real=0.04 secs] 
2014-07-08T21:20:16.996+0000: 459.134: [GC [PSYoungGen: 1030452K->2448K(1036032K)] 1124150K->96698K(1723008K), 0.0306520 secs] [Times: user=0.09 sys=0.00, real=0.03 secs] 
2014-07-08T21:20:31.064+0000: 473.202: [GC [PSYoungGen: 989456K->2476K(950400K)] 1083706K->97303K(1637376K), 0.0145570 secs] [Times: user=0.03 sys=0.00, real=0.02 secs] 
2014-07-08T21:20:44.319+0000: 486.457: [GC [PSYoungGen: 950380K->2572K(954176K)] 1045207K->97847K(1641152K), 0.0059340 secs] [Times: user=0.02 sys=0.00, real=0.00 secs] 
2014-07-08T21:20:56.274+0000: 498.412: [GC [PSYoungGen: 913221K->2246K(877504K)] 1008495K->98048K(1564480K), 0.0257850 secs] [Times: user=0.09 sys=0.01, real=0.03 secs] 
2014-07-08T21:21:07.382+0000: 509.521: [GC [PSYoungGen: 877410K->2569K(879936K)] 973213K->98835K(1566912K), 0.0206390 secs] [Times: user=0.07 sys=0.00, real=0.02 secs] 
2014-07-08T21:21:18.143+0000: 520.281: [GC [PSYoungGen: 843977K->2476K(811712K)] 940243K->99143K(1498688K), 0.0158360 secs] [Times: user=0.04 sys=0.01, real=0.01 secs] 
2014-07-08T21:21:33.290+0000: 535.428: [GC [PSYoungGen: 811692K->2374K(780992K)] 908359K->99440K(1467968K), 0.0320530 secs] [Times: user=0.12 sys=0.00, real=0.03 secs] 
2014-07-08T21:21:48.358+0000: 550.497: [GC [PSYoungGen: 780934K->2825K(752256K)] 878000K->100435K(1439232K), 0.0206690 secs] [Times: user=0.06 sys=0.00, real=0.02 secs] 
2014-07-08T21:22:01.850+0000: 563.988: [GC [PSYoungGen: 752201K->2508K(724096K)] 849811K->100687K(1411072K), 0.0173760 secs] [Times: user=0.05 sys=0.00, real=0.01 secs] 
2014-07-08T21:22:14.562+0000: 576.700: [GC [PSYoungGen: 724024K->2683K(697664K)] 822202K->101333K(1384640K), 0.0460800 secs] [Times: user=0.17 sys=0.00, real=0.04 secs] 
2014-07-08T21:22:26.764+0000: 588.902: [GC [PSYoungGen: 697659K->2384K(672064K)] 796309K->101554K(1359040K), 0.0249750 secs] [Times: user=0.09 sys=0.00, real=0.02 secs] 
2014-07-08T21:22:39.622+0000: 601.761: [GC [PSYoungGen: 672010K->2640K(648192K)] 771180K->102291K(1335168K), 0.0306170 secs] [Times: user=0.11 sys=0.00, real=0.03 secs] 
2014-07-08T21:22:51.837+0000: 613.975: [GC [PSYoungGen: 648144K->2164K(624640K)] 747795K->102262K(1311616K), 0.0345820 secs] [Times: user=0.12 sys=0.01, real=0.03 secs] 
2014-07-08T21:23:03.343+0000: 625.481: [GC [PSYoungGen: 624627K->2508K(603072K)] 724725K->103031K(1290048K), 0.0256800 secs] [Times: user=0.08 sys=0.01, real=0.03 secs] 
2014-07-08T21:23:14.180+0000: 636.318: [GC [PSYoungGen: 603020K->2412K(581952K)] 703543K->103407K(1268928K), 0.0172660 secs] [Times: user=0.07 sys=0.00, real=0.01 secs] 
2014-07-08T21:23:25.044+0000: 647.182: [GC [PSYoungGen: 581905K->2384K(561920K)] 682899K->103802K(1248896K), 0.0295650 secs] [Times: user=0.10 sys=0.00, real=0.03 secs] 
2014-07-08T21:23:35.744+0000: 657.883: [GC [PSYoungGen: 561844K->2150K(542528K)] 663262K->103992K(1229504K), 0.0262470 secs] [Times: user=0.10 sys=0.00, real=0.02 secs] 
2014-07-08T21:23:44.498+0000: 666.636: [GC [PSYoungGen: 542502K->2224K(524352K)] 644344K->104466K(1211328K), 0.0247870 secs] [Times: user=0.09 sys=0.00, real=0.02 secs] 
2014-07-08T21:23:54.289+0000: 676.427: [GC [PSYoungGen: 524300K->2600K(507264K)] 626542K->105179K(1194240K), 0.0207030 secs] [Times: user=0.06 sys=0.00, real=0.02 secs] 
2014-07-08T21:24:04.196+0000: 686.334: [GC [PSYoungGen: 507192K->2182K(490240K)] 609770K->105152K(1177216K), 0.0215100 secs] [Times: user=0.07 sys=0.00, real=0.03 secs] 
2014-07-08T21:24:11.163+0000: 693.301: [GC [PSYoungGen: 490182K->2249K(474368K)] 593152K->105587K(1161344K), 0.0169910 secs] [Times: user=0.04 sys=0.00, real=0.02 secs] 
2014-07-08T21:24:17.654+0000: 699.793: [GC [PSYoungGen: 474313K->2409K(459264K)] 577651K->105987K(1146240K), 0.0149870 secs] [Times: user=0.06 sys=0.00, real=0.02 secs] 
2014-07-08T21:24:23.373+0000: 705.511: [GC [PSYoungGen: 459241K->2349K(444608K)] 562819K->106215K(1131584K), 0.0121460 secs] [Times: user=0.04 sys=0.00, real=0.01 secs] 
2014-07-08T21:24:30.016+0000: 712.154: [GC [PSYoungGen: 444589K->1798K(430144K)] 548455K->105880K(1117120K), 0.0060340 secs] [Times: user=0.01 sys=0.00, real=0.01 secs] 
2014-07-08T21:24:34.861+0000: 716.999: [GC [PSYoungGen: 430077K->2284K(417280K)] 534159K->106631K(1104256K), 0.0194780 secs] [Times: user=0.07 sys=0.00, real=0.02 secs] 
2014-07-08T21:24:40.365+0000: 722.503: [GC [PSYoungGen: 417258K->2096K(404352K)] 521605K->106658K(1091328K), 0.0172490 secs] [Times: user=0.06 sys=0.00, real=0.02 secs] 
2014-07-08T21:24:45.378+0000: 727.516: [GC [PSYoungGen: 404318K->2345K(392384K)] 508880K->107083K(1079360K), 0.0176520 secs] [Times: user=0.04 sys=0.00, real=0.02 secs] 
2014-07-08T21:24:50.828+0000: 732.966: [GC [PSYoungGen: 392342K->2189K(380544K)] 497080K->107167K(1067520K), 0.0095980 secs] [Times: user=0.04 sys=0.00, real=0.01 secs] 
2014-07-08T21:24:55.838+0000: 737.976: [GC [PSYoungGen: 380493K->2160K(369280K)] 485471K->107306K(1056256K), 0.0200240 secs] [Times: user=0.07 sys=0.00, real=0.02 secs] 
2014-07-08T21:25:02.023+0000: 744.162: [GC [PSYoungGen: 369264K->2164K(358528K)] 474410K->107558K(1045504K), 0.0147040 secs] [Times: user=0.05 sys=0.00, real=0.02 secs] 
2014-07-08T21:25:06.712+0000: 748.850: [GC [PSYoungGen: 358516K->2128K(348224K)] 463910K->107730K(1035200K), 0.0125560 secs] [Times: user=0.04 sys=0.00, real=0.01 secs] 
2014-07-08T21:25:10.225+0000: 752.364: [GC [PSYoungGen: 348136K->1712K(337920K)] 453738K->107547K(1024896K), 0.0241770 secs] [Times: user=0.08 sys=0.00, real=0.03 secs] 
2014-07-08T21:25:14.481+0000: 756.619: [GC [PSYoungGen: 337904K->2000K(328768K)] 443739K->107946K(1015744K), 0.0181900 secs] [Times: user=0.06 sys=0.00, real=0.02 secs] 
2014-07-08T21:25:18.992+0000: 761.130: [GC [PSYoungGen: 328677K->2156K(319808K)] 434623K->108303K(1006784K), 0.0187060 secs] [Times: user=0.06 sys=0.00, real=0.02 secs] 
2014-07-08T21:25:24.462+0000: 766.600: [GC [PSYoungGen: 319788K->2437K(311424K)] 425935K->108759K(998400K), 0.0312610 secs] [Times: user=0.12 sys=0.00, real=0.03 secs] 
2014-07-08T21:25:28.367+0000: 770.505: [GC [PSYoungGen: 311365K->1936K(302528K)] 417687K->108506K(989504K), 0.0253040 secs] [Times: user=0.09 sys=0.00, real=0.03 secs] 
2014-07-08T21:25:33.209+0000: 775.347: [GC [PSYoungGen: 302480K->1940K(294464K)] 409050K->108669K(981440K), 0.0122390 secs] [Times: user=0.03 sys=0.00, real=0.02 secs] 
2014-07-08T21:25:37.305+0000: 779.443: [GC [PSYoungGen: 294420K->2252K(287040K)] 401149K->109158K(974016K), 0.0218240 secs] [Times: user=0.08 sys=0.00, real=0.02 secs] 
2014-07-08T21:25:41.052+0000: 783.191: [GC [PSYoungGen: 286979K->2188K(279552K)] 393884K->109294K(966528K), 0.0244950 secs] [Times: user=0.09 sys=0.00, real=0.02 secs] 
2014-07-08T21:25:45.725+0000: 787.863: [GC [PSYoungGen: 279500K->2316K(272512K)] 386606K->109534K(959488K), 0.0223850 secs] [Times: user=0.08 sys=0.00, real=0.02 secs] 
2014-07-08T21:25:50.691+0000: 792.829: [GC [PSYoungGen: 272424K->1812K(265088K)] 379641K->109262K(952064K), 0.0099730 secs] [Times: user=0.03 sys=0.00, real=0.01 secs] 
2014-07-08T21:25:55.902+0000: 798.040: [GC [PSYoungGen: 265044K->1872K(258560K)] 372494K->109490K(945536K), 0.0112180 secs] [Times: user=0.03 sys=0.01, real=0.01 secs] 
2014-07-08T21:26:00.602+0000: 802.741: [GC [PSYoungGen: 258500K->2334K(252608K)] 366118K->110192K(939584K), 0.0100830 secs] [Times: user=0.02 sys=0.00, real=0.01 secs] 
2014-07-08T21:26:04.539+0000: 806.677: [GC [PSYoungGen: 252574K->2281K(246400K)] 360432K->110307K(933376K), 0.0325800 secs] [Times: user=0.12 sys=0.00, real=0.03 secs] 
2014-07-08T21:26:09.385+0000: 811.524: [GC [PSYoungGen: 246361K->2441K(240704K)] 354386K->110650K(927680K), 0.0263570 secs] [Times: user=0.09 sys=0.00, real=0.03 secs] 
2014-07-08T21:26:13.351+0000: 815.489: [GC [PSYoungGen: 240649K->1876K(234432K)] 348858K->110277K(921408K), 0.0167700 secs] [Times: user=0.06 sys=0.00, real=0.02 secs] 
2014-07-08T21:26:16.731+0000: 818.869: [GC [PSYoungGen: 234328K->1976K(228992K)] 342729K->110545K(915968K), 0.0304470 secs] [Times: user=0.10 sys=0.00, real=0.03 secs] 
2014-07-08T21:26:20.917+0000: 823.055: [GC [PSYoungGen: 228984K->2000K(223744K)] 337553K->110738K(910720K), 0.0138240 secs] [Times: user=0.05 sys=0.00, real=0.02 secs] 
2014-07-08T21:26:24.861+0000: 826.999: [GC [PSYoungGen: 223660K->2004K(218624K)] 332398K->110869K(905600K), 0.0269080 secs] [Times: user=0.09 sys=0.00, real=0.02 secs] 
2014-07-08T21:26:28.595+0000: 830.733: [GC [PSYoungGen: 218544K->2252K(213952K)] 327409K->111318K(900928K), 0.0178250 secs] [Times: user=0.06 sys=0.00, real=0.02 secs] 
2014-07-08T21:26:32.402+0000: 834.540: [GC [PSYoungGen: 213900K->2345K(209280K)] 322966K->111570K(896256K), 0.0190460 secs] [Times: user=0.07 sys=0.00, real=0.02 secs] 
2014-07-08T21:26:36.263+0000: 838.401: [GC [PSYoungGen: 209257K->1908K(204288K)] 318482K->111455K(891264K), 0.0168100 secs] [Times: user=0.06 sys=0.00, real=0.02 secs] 
2014-07-08T21:26:39.570+0000: 841.708: [GC [PSYoungGen: 204276K->1936K(199936K)] 313823K->111684K(886912K), 0.0222930 secs] [Times: user=0.08 sys=0.00, real=0.03 secs] 
2014-07-08T21:26:43.122+0000: 845.261: [GC [PSYoungGen: 199802K->1801K(195520K)] 309549K->111660K(882496K), 0.0056750 secs] [Times: user=0.01 sys=0.00, real=0.00 secs] 
2014-07-08T21:26:46.628+0000: 848.767: [GC [PSYoungGen: 195423K->2128K(191744K)] 305282K->112124K(878720K), 0.0112750 secs] [Times: user=0.04 sys=0.00, real=0.01 secs] 
2014-07-08T21:26:50.037+0000: 852.176: [GC [PSYoungGen: 191663K->2171K(187776K)] 301658K->112414K(874752K), 0.0148290 secs] [Times: user=0.05 sys=0.00, real=0.02 secs] 
2014-07-08T21:26:53.347+0000: 855.485: [GC [PSYoungGen: 187769K->2096K(183872K)] 298012K->112451K(870848K), 0.0177080 secs] [Times: user=0.06 sys=0.00, real=0.02 secs] 
2014-07-08T21:26:57.088+0000: 859.226: [GC [PSYoungGen: 183856K->1779K(179840K)] 294211K->112532K(866816K), 0.0223980 secs] [Times: user=0.07 sys=0.00, real=0.02 secs] 
2014-07-08T21:27:00.348+0000: 862.486: [GC [PSYoungGen: 179826K->1876K(176384K)] 290579K->112797K(863360K), 0.0180410 secs] [Times: user=0.07 sys=0.00, real=0.02 secs] 
2014-07-08T21:27:03.793+0000: 865.931: [GC [PSYoungGen: 176303K->2089K(173056K)] 287224K->113219K(860032K), 0.0093660 secs] [Times: user=0.02 sys=0.00, real=0.01 secs] 
2014-07-08T21:27:07.402+0000: 869.541: [GC [PSYoungGen: 173033K->2377K(169984K)] 284163K->113666K(856960K), 0.0054770 secs] [Times: user=0.02 sys=0.00, real=0.01 secs] 
2014-07-08T21:27:10.819+0000: 872.958: [GC [PSYoungGen: 169928K->1132K(165440K)] 281218K->112991K(852416K), 0.0326110 secs] [Times: user=0.10 sys=0.00, real=0.03 secs] 
2014-07-08T21:27:13.099+0000: 875.237: [GC [PSYoungGen: 165420K->2459K(163648K)] 277279K->114423K(850624K), 0.0160260 secs] [Times: user=0.05 sys=0.00, real=0.01 secs] 
2014-07-08T21:27:16.501+0000: 878.640: [GC [PSYoungGen: 163611K->1964K(160064K)] 275575K->114122K(847040K), 0.0089300 secs] [Times: user=0.02 sys=0.00, real=0.01 secs] 
2014-07-08T21:27:19.881+0000: 882.019: [GC [PSYoungGen: 160043K->1712K(156864K)] 272201K->114038K(843840K), 0.0064490 secs] [Times: user=0.01 sys=0.00, real=0.01 secs] 
2014-07-08T21:27:22.703+0000: 884.841: [GC [PSYoungGen: 156848K->2092K(154368K)] 269174K->114570K(841344K), 0.0238310 secs] [Times: user=0.09 sys=0.00, real=0.02 secs] 
2014-07-08T21:27:25.644+0000: 887.782: [GC [PSYoungGen: 154332K->1972K(151424K)] 266810K->114585K(838400K), 0.0290360 secs] [Times: user=0.09 sys=0.00, real=0.03 secs] 
2014-07-08T21:27:28.703+0000: 890.841: [GC [PSYoungGen: 151377K->1709K(148480K)] 263991K->114642K(835456K), 0.0283860 secs] [Times: user=0.10 sys=0.01, real=0.03 secs] 
2014-07-08T21:27:31.101+0000: 893.239: [GC [PSYoungGen: 148461K->1936K(146112K)] 261394K->114998K(833088K), 0.0127050 secs] [Times: user=0.04 sys=0.00, real=0.01 secs] 
2014-07-08T21:27:34.189+0000: 896.328: [GC [PSYoungGen: 146063K->1829K(143424K)] 259124K->115247K(830400K), 0.0177760 secs] [Times: user=0.07 sys=0.00, real=0.01 secs] 
2014-07-08T21:27:36.432+0000: 898.571: [GC [PSYoungGen: 143372K->2331K(141440K)] 256790K->115916K(828416K), 0.0167510 secs] [Times: user=0.04 sys=0.00, real=0.02 secs] 
2014-07-08T21:27:38.880+0000: 901.018: [GC [PSYoungGen: 141400K->1200K(137856K)] 254986K->115362K(824832K), 0.0201030 secs] [Times: user=0.07 sys=0.00, real=0.02 secs] 
2014-07-08T21:27:41.860+0000: 903.998: [GC [PSYoungGen: 137840K->2249K(136640K)] 252002K->116515K(823616K), 0.0102730 secs] [Times: user=0.03 sys=0.00, real=0.01 secs] 
2014-07-08T21:27:44.390+0000: 906.528: [GC [PSYoungGen: 136585K->2000K(134144K)] 250851K->116434K(821120K), 0.0124480 secs] [Times: user=0.04 sys=0.00, real=0.01 secs] 
2014-07-08T21:27:46.612+0000: 908.751: [GC [PSYoungGen: 134080K->2128K(132096K)] 248514K->116706K(819072K), 0.0160450 secs] [Times: user=0.05 sys=0.01, real=0.01 secs] 
2014-07-08T21:27:49.069+0000: 911.207: [GC [PSYoungGen: 132048K->1200K(128960K)] 246626K->116174K(815936K), 0.0077730 secs] [Times: user=0.03 sys=0.00, real=0.01 secs] 
2014-07-08T21:27:51.629+0000: 913.767: [GC [PSYoungGen: 128944K->2188K(127872K)] 243918K->117243K(814848K), 0.0110860 secs] [Times: user=0.04 sys=0.00, real=0.01 secs] 
2014-07-08T21:27:53.475+0000: 915.613: [GC [PSYoungGen: 127820K->1968K(125568K)] 242875K->117150K(812544K), 0.0196480 secs] [Times: user=0.07 sys=0.00, real=0.02 secs] 
2014-07-08T21:27:56.096+0000: 918.235: [GC [PSYoungGen: 125552K->2289K(123904K)] 240734K->117615K(810880K), 0.0081060 secs] [Times: user=0.02 sys=0.01, real=0.01 secs] 
2014-07-08T21:27:58.137+0000: 920.275: [GC [PSYoungGen: 123889K->1014K(120704K)] 239215K->117078K(807680K), 0.0112350 secs] [Times: user=0.04 sys=0.01, real=0.01 secs] 
2014-07-08T21:28:00.838+0000: 922.977: [GC [PSYoungGen: 120694K->2012K(119872K)] 236758K->118148K(806848K), 0.0126260 secs] [Times: user=0.03 sys=0.01, real=0.01 secs] 
2014-07-08T21:28:02.973+0000: 925.112: [GC [PSYoungGen: 119810K->2206K(118272K)] 235946K->118743K(805248K), 0.0246020 secs] [Times: user=0.08 sys=0.00, real=0.02 secs] 
2014-07-08T21:28:05.592+0000: 927.730: [GC [PSYoungGen: 118238K->1833K(116096K)] 234775K->118474K(803072K), 0.0198920 secs] [Times: user=0.07 sys=0.00, real=0.02 secs] 
2014-07-08T21:28:07.605+0000: 929.743: [GC [PSYoungGen: 116073K->1200K(113728K)] 232714K->118284K(800704K), 0.0194670 secs] [Times: user=0.07 sys=0.00, real=0.02 secs] 
2014-07-08T21:28:10.362+0000: 932.500: [GC [PSYoungGen: 113712K->1958K(112832K)] 230796K->119130K(799808K), 0.0151030 secs] [Times: user=0.05 sys=0.00, real=0.02 secs] 
2014-07-08T21:28:11.911+0000: 934.049: [GC [PSYoungGen: 112806K->1968K(111168K)] 229978K->119294K(798144K), 0.0175110 secs] [Times: user=0.06 sys=0.00, real=0.02 secs] 
2014-07-08T21:28:14.782+0000: 936.920: [GC [PSYoungGen: 111152K->1648K(109248K)] 228478K->119071K(796224K), 0.0199890 secs] [Times: user=0.07 sys=0.00, real=0.02 secs] 
2014-07-08T21:28:16.253+0000: 938.391: [GC [PSYoungGen: 109232K->1406K(107456K)] 226655K->119239K(794432K), 0.0165630 secs] [Times: user=0.06 sys=0.00, real=0.02 secs] 
2014-07-08T21:28:17.504+0000: 939.642: [GC [PSYoungGen: 107454K->2042K(129344K)] 225287K->120061K(816320K), 0.0183580 secs] [Times: user=0.05 sys=0.00, real=0.02 secs] 
2014-07-08T21:28:19.015+0000: 941.154: [GC [PSYoungGen: 129338K->1574K(154368K)] 247357K->119832K(841344K), 0.0182190 secs] [Times: user=0.07 sys=0.00, real=0.02 secs] 
2014-07-08T21:28:21.228+0000: 943.366: [GC [PSYoungGen: 154298K->2018K(152000K)] 272557K->120439K(838976K), 0.0188290 secs] [Times: user=0.07 sys=0.01, real=0.02 secs] 
2014-07-08T21:28:24.370+0000: 946.509: [GC [PSYoungGen: 151905K->1277K(148480K)] 270325K->120414K(835456K), 0.0187900 secs] [Times: user=0.06 sys=0.00, real=0.02 secs] 
2014-07-08T21:28:26.507+0000: 948.645: [GC [PSYoungGen: 148477K->2030K(146624K)] 267614K->121319K(833600K), 0.0166450 secs] [Times: user=0.06 sys=0.00, real=0.01 secs] 
2014-07-08T21:28:28.940+0000: 951.078: [GC [PSYoungGen: 146599K->1584K(143616K)] 265888K->121427K(830592K), 0.0213970 secs] [Times: user=0.07 sys=0.00, real=0.02 secs] 
2014-07-08T21:28:31.071+0000: 953.209: [GC [PSYoungGen: 143575K->1993K(141568K)] 263418K->121932K(828544K), 0.0096380 secs] [Times: user=0.03 sys=0.00, real=0.01 secs] 
2014-07-08T21:28:34.206+0000: 956.344: [GC [PSYoungGen: 141469K->1248K(138368K)] 261407K->121911K(825344K), 0.0188690 secs] [Times: user=0.07 sys=0.00, real=0.02 secs] 
2014-07-08T21:28:36.274+0000: 958.412: [GC [PSYoungGen: 138336K->2363K(137088K)] 258998K->123308K(824064K), 0.0177020 secs] [Times: user=0.07 sys=0.00, real=0.02 secs] 
2014-07-08T21:28:39.540+0000: 961.678: [GC [PSYoungGen: 137082K->1142K(133568K)] 258027K->123115K(820544K), 0.0217850 secs] [Times: user=0.08 sys=0.00, real=0.02 secs] 
2014-07-08T21:28:41.495+0000: 963.634: [GC [PSYoungGen: 133558K->2338K(132544K)] 255531K->124416K(819520K), 0.0220200 secs] [Times: user=0.07 sys=0.01, real=0.02 secs] 
2014-07-08T21:28:43.355+0000: 965.493: [GC [PSYoungGen: 132469K->1651K(129664K)] 254547K->124390K(816640K), 0.0184530 secs] [Times: user=0.06 sys=0.00, real=0.02 secs] 
2014-07-08T21:28:45.765+0000: 967.903: [GC [PSYoungGen: 129651K->2143K(128064K)] 252390K->124995K(815040K), 0.0055480 secs] [Times: user=0.01 sys=0.00, real=0.01 secs] 
2014-07-08T21:28:47.434+0000: 969.572: [GC [PSYoungGen: 128031K->1456K(125312K)] 250883K->124670K(812288K), 0.0132730 secs] [Times: user=0.04 sys=0.00, real=0.01 secs] 
2014-07-08T21:28:49.215+0000: 971.353: [GC [PSYoungGen: 125277K->2018K(123904K)] 248490K->125336K(810880K), 0.0228240 secs] [Times: user=0.08 sys=0.00, real=0.02 secs] 
2014-07-08T21:28:50.537+0000: 972.675: [GC [PSYoungGen: 123874K->1764K(121728K)] 247192K->125594K(808704K), 0.0071490 secs] [Times: user=0.02 sys=0.00, real=0.01 secs] 
2014-07-08T21:28:52.338+0000: 974.476: [GC [PSYoungGen: 121700K->1808K(119936K)] 245530K->125718K(806912K), 0.0088000 secs] [Times: user=0.03 sys=0.01, real=0.01 secs] 
2014-07-08T21:28:54.305+0000: 976.443: [GC [PSYoungGen: 119858K->1634K(117952K)] 243768K->125816K(804928K), 0.0126460 secs] [Times: user=0.04 sys=0.00, real=0.01 secs] 
2014-07-08T21:28:55.448+0000: 977.586: [GC [PSYoungGen: 117921K->1996K(116544K)] 242103K->126322K(803520K), 0.0090690 secs] [Times: user=0.03 sys=0.00, real=0.01 secs] 
2014-07-08T21:28:56.500+0000: 978.638: [GC [PSYoungGen: 116492K->1456K(114240K)] 240818K->126022K(801216K), 0.0107990 secs] [Times: user=0.05 sys=0.00, real=0.02 secs] 
2014-07-08T21:28:57.676+0000: 979.815: [GC [PSYoungGen: 114224K->2248K(137664K)] 238790K->126910K(824640K), 0.0275250 secs] [Times: user=0.10 sys=0.00, real=0.03 secs] 
2014-07-08T21:28:59.302+0000: 981.441: [GC [PSYoungGen: 137608K->1396K(134464K)] 262270K->126430K(821440K), 0.0048630 secs] [Times: user=0.02 sys=0.00, real=0.00 secs] 
2014-07-08T21:29:00.620+0000: 982.758: [GC [PSYoungGen: 134439K->1954K(161664K)] 259473K->127092K(848640K), 0.0228150 secs] [Times: user=0.09 sys=0.00, real=0.03 secs] 
2014-07-08T21:29:02.479+0000: 984.617: [GC [PSYoungGen: 161621K->1770K(158464K)] 286759K->127060K(845440K), 0.0040510 secs] [Times: user=0.01 sys=0.00, real=0.01 secs] 
2014-07-08T21:29:05.163+0000: 987.301: [GC [PSYoungGen: 158434K->2135K(155904K)] 283724K->127538K(842880K), 0.0193570 secs] [Times: user=0.06 sys=0.01, real=0.01 secs] 
2014-07-08T21:29:07.550+0000: 989.689: [GC [PSYoungGen: 155863K->1078K(152000K)] 281266K->127170K(838976K), 0.0179990 secs] [Times: user=0.06 sys=0.00, real=0.02 secs] 
2014-07-08T21:29:09.632+0000: 991.771: [GC [PSYoungGen: 151963K->2246K(150464K)] 278055K->128427K(837440K), 0.0135850 secs] [Times: user=0.04 sys=0.00, real=0.02 secs] 
2014-07-08T21:29:11.209+0000: 993.347: [GC [PSYoungGen: 150405K->1648K(147136K)] 276585K->128266K(834112K), 0.0072840 secs] [Times: user=0.02 sys=0.01, real=0.01 secs] 
2014-07-08T21:29:12.812+0000: 994.951: [GC [PSYoungGen: 147112K->1936K(144832K)] 273730K->128651K(831808K), 0.0190960 secs] [Times: user=0.05 sys=0.00, real=0.02 secs] 
2014-07-08T21:29:14.271+0000: 996.410: [GC [PSYoungGen: 144784K->1406K(141760K)] 271499K->128451K(828736K), 0.0091860 secs] [Times: user=0.03 sys=0.00, real=0.01 secs] 
2014-07-08T21:29:15.891+0000: 998.029: [GC [PSYoungGen: 141758K->2000K(139968K)] 268803K->129157K(826944K), 0.0227270 secs] [Times: user=0.08 sys=0.00, real=0.02 secs] 
2014-07-08T21:29:18.083+0000: 1000.221: [GC [PSYoungGen: 139877K->1597K(137152K)] 267034K->129382K(824128K), 0.0195190 secs] [Times: user=0.06 sys=0.00, real=0.02 secs] 
2014-07-08T21:29:19.546+0000: 1001.685: [GC [PSYoungGen: 137077K->2185K(135488K)] 264862K->130058K(822464K), 0.0134310 secs] [Times: user=0.05 sys=0.00, real=0.01 secs] 
2014-07-08T21:29:21.538+0000: 1003.676: [GC [PSYoungGen: 135390K->1199K(132224K)] 263263K->129772K(819200K), 0.0078670 secs] [Times: user=0.03 sys=0.00, real=0.01 secs] 
2014-07-08T21:29:23.592+0000: 1005.730: [GC [PSYoungGen: 132207K->2416K(131264K)] 260780K->131038K(818240K), 0.0105600 secs] [Times: user=0.03 sys=0.00, real=0.01 secs] 
2014-07-08T21:29:24.967+0000: 1007.106: [GC [PSYoungGen: 131225K->1380K(128128K)] 259846K->130630K(815104K), 0.0201670 secs] [Times: user=0.07 sys=0.00, real=0.02 secs] 
2014-07-08T21:29:26.888+0000: 1009.027: [GC [PSYoungGen: 128017K->2153K(126848K)] 257266K->131490K(813824K), 0.0209390 secs] [Times: user=0.07 sys=0.00, real=0.02 secs] 
2014-07-08T21:29:28.504+0000: 1010.642: [GC [PSYoungGen: 126825K->1584K(124288K)] 256162K->131161K(811264K), 0.0166010 secs] [Times: user=0.06 sys=0.00, real=0.02 secs] 
2014-07-08T21:29:30.035+0000: 1012.173: [GC [PSYoungGen: 124272K->2028K(122816K)] 253849K->131702K(809792K), 0.0082920 secs] [Times: user=0.03 sys=0.00, real=0.01 secs] 
2014-07-08T21:29:32.252+0000: 1014.390: [GC [PSYoungGen: 122796K->1505K(120384K)] 252470K->131706K(807360K), 0.0277710 secs] [Times: user=0.10 sys=0.00, real=0.03 secs] 
2014-07-08T21:29:33.490+0000: 1015.628: [GC [PSYoungGen: 120353K->2110K(144768K)] 250554K->132432K(831744K), 0.0211680 secs] [Times: user=0.07 sys=0.00, real=0.02 secs] 
2014-07-08T21:29:35.599+0000: 1017.737: [GC [PSYoungGen: 144765K->1250K(141440K)] 275086K->131895K(828416K), 0.0079500 secs] [Times: user=0.02 sys=0.00, real=0.01 secs] 
2014-07-08T21:29:37.102+0000: 1019.240: [GC [PSYoungGen: 141373K->1943K(139712K)] 272018K->132724K(826688K), 0.0105100 secs] [Times: user=0.04 sys=0.00, real=0.01 secs] 
2014-07-08T21:29:38.834+0000: 1020.972: [GC [PSYoungGen: 139656K->1780K(137152K)] 270437K->132657K(824128K), 0.0138690 secs] [Times: user=0.04 sys=0.00, real=0.01 secs] 
2014-07-08T21:29:40.451+0000: 1022.590: [GC [PSYoungGen: 137140K->1936K(135040K)] 268017K->132902K(822016K), 0.0114530 secs] [Times: user=0.03 sys=0.01, real=0.01 secs] 
2014-07-08T21:29:42.309+0000: 1024.448: [GC [PSYoungGen: 134992K->1142K(131968K)] 265958K->132871K(818944K), 0.0094300 secs] [Times: user=0.03 sys=0.00, real=0.01 secs] 
2014-07-08T21:29:43.770+0000: 1025.908: [GC [PSYoungGen: 131947K->1866K(158912K)] 263676K->133690K(845888K), 0.0300990 secs] [Times: user=0.12 sys=0.00, real=0.03 secs] 
2014-07-08T21:29:45.888+0000: 1028.026: [GC [PSYoungGen: 158858K->1726K(155776K)] 290682K->133903K(842752K), 0.0124360 secs] [Times: user=0.04 sys=0.00, real=0.02 secs] 
2014-07-08T21:29:48.386+0000: 1030.524: [GC [PSYoungGen: 155774K->1894K(153088K)] 287951K->134199K(840064K), 0.0208400 secs] [Times: user=0.07 sys=0.01, real=0.02 secs] 
2014-07-08T21:29:50.517+0000: 1032.655: [GC [PSYoungGen: 153062K->1136K(149568K)] 285367K->133895K(836544K), 0.0159120 secs] [Times: user=0.05 sys=0.00, real=0.02 secs] 
2014-07-08T21:29:52.942+0000: 1035.081: [GC [PSYoungGen: 149552K->2000K(147776K)] 282311K->134823K(834752K), 0.0195680 secs] [Times: user=0.08 sys=0.00, real=0.02 secs] 
2014-07-08T21:29:55.095+0000: 1037.233: [GC [PSYoungGen: 147697K->1584K(176512K)] 280520K->134655K(863488K), 0.0334880 secs] [Times: user=0.12 sys=0.01, real=0.03 secs] 
2014-07-08T21:29:57.447+0000: 1039.585: [GC [PSYoungGen: 176496K->1886K(173312K)] 309567K->135307K(860288K), 0.0130490 secs] [Times: user=0.05 sys=0.00, real=0.01 secs] 
2014-07-08T21:29:59.456+0000: 1041.594: [GC [PSYoungGen: 173278K->1128K(169152K)] 306699K->135564K(856128K), 0.0138290 secs] [Times: user=0.05 sys=0.00, real=0.01 secs] 
2014-07-08T21:30:01.529+0000: 1043.668: [GC [PSYoungGen: 169099K->2044K(166784K)] 303536K->136595K(853760K), 0.0142990 secs] [Times: user=0.05 sys=0.00, real=0.02 secs] 
2014-07-08T21:30:03.219+0000: 1045.358: [GC [PSYoungGen: 166780K->1593K(163136K)] 301331K->137138K(850112K), 0.0162340 secs] [Times: user=0.05 sys=0.00, real=0.02 secs] 
2014-07-08T21:30:05.703+0000: 1047.841: [GC [PSYoungGen: 163129K->2263K(160768K)] 298674K->137978K(847744K), 0.0118120 secs] [Times: user=0.03 sys=0.00, real=0.01 secs] 
2014-07-08T21:30:08.173+0000: 1050.311: [GC [PSYoungGen: 160726K->1274K(156736K)] 296442K->137565K(843712K), 0.0129420 secs] [Times: user=0.04 sys=0.00, real=0.01 secs] 
2014-07-08T21:30:10.030+0000: 1052.168: [GC [PSYoungGen: 156730K->2124K(154752K)] 293021K->138562K(841728K), 0.0080920 secs] [Times: user=0.03 sys=0.00, real=0.01 secs] 
2014-07-08T21:30:12.302+0000: 1054.440: [GC [PSYoungGen: 154655K->1716K(151488K)] 291092K->138297K(838464K), 0.0179680 secs] [Times: user=0.06 sys=0.00, real=0.02 secs] 
2014-07-08T21:30:14.099+0000: 1056.238: [GC [PSYoungGen: 151476K->2000K(149120K)] 288057K->138701K(836096K), 0.0174060 secs] [Times: user=0.06 sys=0.00, real=0.02 secs] 
2014-07-08T21:30:15.962+0000: 1058.101: [GC [PSYoungGen: 149071K->1396K(145856K)] 285772K->138345K(832832K), 0.0091210 secs] [Times: user=0.03 sys=0.00, real=0.01 secs] 
2014-07-08T21:30:18.390+0000: 1060.528: [GC [PSYoungGen: 145844K->1780K(143680K)] 282793K->138881K(830656K), 0.0095120 secs] [Times: user=0.03 sys=0.00, real=0.01 secs] 
2014-07-08T21:30:19.817+0000: 1061.955: [GC [PSYoungGen: 143634K->1819K(141248K)] 280736K->139017K(828224K), 0.0161620 secs] [Times: user=0.05 sys=0.00, real=0.01 secs] 
2014-07-08T21:30:21.869+0000: 1064.008: [GC [PSYoungGen: 141211K->2313K(139328K)] 278409K->139566K(826304K), 0.0246640 secs] [Times: user=0.09 sys=0.00, real=0.03 secs] 
2014-07-08T21:30:24.193+0000: 1066.331: [GC [PSYoungGen: 139272K->672K(135296K)] 276525K->139138K(822272K), 0.0138140 secs] [Times: user=0.05 sys=0.01, real=0.02 secs] 
2014-07-08T21:30:26.379+0000: 1068.517: [GC [PSYoungGen: 135264K->2428K(134720K)] 273730K->140982K(821696K), 0.0082330 secs] [Times: user=0.03 sys=0.00, real=0.01 secs] 
2014-07-08T21:30:29.105+0000: 1071.243: [GC [PSYoungGen: 134670K->1908K(131968K)] 273224K->141124K(818944K), 0.0156610 secs] [Times: user=0.05 sys=0.00, real=0.01 secs] 
2014-07-08T21:30:30.357+0000: 1072.495: [GC [PSYoungGen: 131956K->1936K(129856K)] 271172K->141288K(816832K), 0.0166350 secs] [Times: user=0.05 sys=0.00, real=0.01 secs] 
2014-07-08T21:30:32.862+0000: 1075.001: [GC [PSYoungGen: 129808K->1658K(127424K)] 269160K->141497K(814400K), 0.0233030 secs] [Times: user=0.09 sys=0.00, real=0.03 secs] 
2014-07-08T21:30:34.929+0000: 1077.068: [GC [PSYoungGen: 127372K->1936K(125696K)] 267211K->141918K(812672K), 0.0227660 secs] [Times: user=0.08 sys=0.00, real=0.02 secs] 
2014-07-08T21:30:36.526+0000: 1078.664: [GC [PSYoungGen: 125648K->1776K(123520K)] 265630K->142022K(810496K), 0.0123580 secs] [Times: user=0.04 sys=0.00, real=0.02 secs] 
2014-07-08T21:30:39.197+0000: 1081.335: [GC [PSYoungGen: 123480K->2189K(122048K)] 263726K->142555K(809024K), 0.0206080 secs] [Times: user=0.08 sys=0.00, real=0.02 secs] 
2014-07-08T21:30:41.951+0000: 1084.090: [GC [PSYoungGen: 121992K->1266K(119232K)] 262359K->142391K(806208K), 0.0243610 secs] [Times: user=0.07 sys=0.00, real=0.02 secs] 
2014-07-08T21:30:42.963+0000: 1085.101: [GC [PSYoungGen: 119217K->2534K(118720K)] 260342K->143795K(805696K), 0.0091060 secs] [Times: user=0.02 sys=0.01, real=0.01 secs] 
2014-07-08T21:30:45.607+0000: 1087.745: [GC [PSYoungGen: 118694K->1338K(115712K)] 259955K->143319K(802688K), 0.0197830 secs] [Times: user=0.07 sys=0.00, real=0.02 secs] 
2014-07-08T21:30:47.333+0000: 1089.472: [GC [PSYoungGen: 115658K->1812K(139136K)] 257640K->143953K(826112K), 0.0333650 secs] [Times: user=0.11 sys=0.00, real=0.03 secs] 
2014-07-08T21:30:49.358+0000: 1091.496: [GC [PSYoungGen: 139092K->2093K(166848K)] 281233K->144354K(853824K), 0.0183690 secs] [Times: user=0.07 sys=0.00, real=0.02 secs] 
2014-07-08T21:30:52.720+0000: 1094.858: [GC [PSYoungGen: 166829K->2253K(163840K)] 309090K->144594K(850816K), 0.0091120 secs] [Times: user=0.03 sys=0.00, real=0.00 secs] 
2014-07-08T21:30:55.507+0000: 1097.645: [GC [PSYoungGen: 163789K->890K(159360K)] 306130K->144125K(846336K), 0.0252430 secs] [Times: user=0.09 sys=0.00, real=0.03 secs] 
2014-07-08T21:30:58.727+0000: 1100.865: [GC [PSYoungGen: 159328K->2524K(158016K)] 302564K->145895K(844992K), 0.0207760 secs] [Times: user=0.08 sys=0.00, real=0.02 secs] 
2014-07-08T21:31:02.313+0000: 1104.452: [GC [PSYoungGen: 157951K->1836K(154432K)] 301323K->145728K(841408K), 0.0090110 secs] [Times: user=0.03 sys=0.00, real=0.01 secs] 
2014-07-08T21:31:05.680+0000: 1107.819: [GC [PSYoungGen: 154412K->2348K(152128K)] 298304K->146368K(839104K), 0.0195040 secs] [Times: user=0.07 sys=0.00, real=0.02 secs] 
2014-07-08T21:31:08.520+0000: 1110.658: [GC [PSYoungGen: 152108K->1460K(148544K)] 296128K->145792K(835520K), 0.0168590 secs] [Times: user=0.06 sys=0.00, real=0.02 secs] 
2014-07-08T21:31:11.278+0000: 1113.416: [GC [PSYoungGen: 148532K->2188K(146688K)] 292864K->146640K(833664K), 0.0253950 secs] [Times: user=0.09 sys=0.00, real=0.03 secs] 
2014-07-08T21:31:14.704+0000: 1116.842: [GC [PSYoungGen: 146636K->1968K(143872K)] 291088K->146548K(830848K), 0.0171410 secs] [Times: user=0.04 sys=0.00, real=0.01 secs] 
2014-07-08T21:31:16.889+0000: 1119.027: [GC [PSYoungGen: 143856K->2000K(141440K)] 288436K->146764K(828416K), 0.0291610 secs] [Times: user=0.09 sys=0.00, real=0.03 secs] 
2014-07-08T21:31:19.991+0000: 1122.129: [GC [PSYoungGen: 141392K->1398K(138368K)] 286156K->146544K(825344K), 0.0127600 secs] [Times: user=0.05 sys=0.00, real=0.02 secs] 
2014-07-08T21:31:22.529+0000: 1124.667: [GC [PSYoungGen: 138358K->1908K(136512K)] 283504K->147158K(823488K), 0.0255840 secs] [Times: user=0.09 sys=0.00, real=0.03 secs] 
2014-07-08T21:31:24.760+0000: 1126.898: [GC [PSYoungGen: 136500K->2092K(134400K)] 281750K->147526K(821376K), 0.0206470 secs] [Times: user=0.06 sys=0.01, real=0.02 secs] 
2014-07-08T21:31:26.769+0000: 1128.907: [GC [PSYoungGen: 134380K->2156K(132224K)] 279814K->147742K(819200K), 0.0186890 secs] [Times: user=0.06 sys=0.00, real=0.02 secs] 
2014-07-08T21:31:28.645+0000: 1130.783: [GC [PSYoungGen: 132200K->1120K(129024K)] 277786K->147576K(816000K), 0.0147670 secs] [Times: user=0.04 sys=0.00, real=0.01 secs] 
2014-07-08T21:31:31.160+0000: 1133.298: [GC [PSYoungGen: 128992K->2108K(127872K)] 275448K->148636K(814848K), 0.0227100 secs] [Times: user=0.08 sys=0.00, real=0.02 secs] 
2014-07-08T21:31:34.289+0000: 1136.427: [GC [PSYoungGen: 127835K->1830K(125568K)] 274363K->148718K(812544K), 0.0131480 secs] [Times: user=0.05 sys=0.00, real=0.01 secs] 
2014-07-08T21:31:35.747+0000: 1137.885: [GC [PSYoungGen: 125542K->1932K(123712K)] 272430K->148964K(810688K), 0.0186550 secs] [Times: user=0.06 sys=0.00, real=0.01 secs] 
2014-07-08T21:31:38.198+0000: 1140.336: [GC [PSYoungGen: 123660K->1338K(121152K)] 270692K->148792K(808128K), 0.0156720 secs] [Times: user=0.05 sys=0.01, real=0.01 secs] 
2014-07-08T21:31:40.523+0000: 1142.661: [GC [PSYoungGen: 121090K->1944K(119936K)] 268544K->149486K(806912K), 0.0169420 secs] [Times: user=0.05 sys=0.00, real=0.02 secs] 
2014-07-08T21:31:43.161+0000: 1145.299: [GC [PSYoungGen: 119895K->1776K(117952K)] 267438K->149406K(804928K), 0.0259550 secs] [Times: user=0.09 sys=0.00, real=0.03 secs] 
2014-07-08T21:31:45.278+0000: 1147.416: [GC [PSYoungGen: 117907K->1926K(116352K)] 265537K->149724K(803328K), 0.0194120 secs] [Times: user=0.07 sys=0.00, real=0.02 secs] 
2014-07-08T21:31:46.625+0000: 1148.763: [GC [PSYoungGen: 116294K->1274K(113920K)] 264092K->149526K(800896K), 0.0109790 secs] [Times: user=0.04 sys=0.00, real=0.01 secs] 
2014-07-08T21:31:47.902+0000: 1150.040: [GC [PSYoungGen: 113900K->2214K(113216K)] 262152K->150546K(800192K), 0.0087610 secs] [Times: user=0.03 sys=0.00, real=0.01 secs] 
2014-07-08T21:31:49.702+0000: 1151.840: [GC [PSYoungGen: 113186K->1389K(110720K)] 261519K->150225K(797696K), 0.0149280 secs] [Times: user=0.05 sys=0.01, real=0.01 secs] 
2014-07-08T21:31:51.367+0000: 1153.505: [GC [PSYoungGen: 110701K->1904K(109632K)] 259536K->150836K(796608K), 0.0269670 secs] [Times: user=0.09 sys=0.00, real=0.03 secs] 
2014-07-08T21:31:54.122+0000: 1156.260: [GC [PSYoungGen: 109607K->1712K(131008K)] 258539K->150902K(817984K), 0.0522330 secs] [Times: user=0.20 sys=0.00, real=0.05 secs] 
2014-07-08T21:31:57.189+0000: 1159.327: [GC [PSYoungGen: 130992K->1844K(156992K)] 280182K->151249K(843968K), 0.0362890 secs] [Times: user=0.14 sys=0.00, real=0.04 secs] 
2014-07-08T21:31:58.554+0000: 1160.692: [GC [PSYoungGen: 156980K->1192K(187392K)] 306385K->151158K(874368K), 0.0123980 secs] [Times: user=0.03 sys=0.00, real=0.01 secs] 
2014-07-08T21:32:02.510+0000: 1164.648: [GC [PSYoungGen: 187339K->2239K(184512K)] 337305K->152284K(871488K), 0.0228350 secs] [Times: user=0.08 sys=0.00, real=0.02 secs] 
2014-07-08T21:32:05.625+0000: 1167.763: [GC [PSYoungGen: 184511K->1328K(220096K)] 334556K->151851K(907072K), 0.0519700 secs] [Times: user=0.22 sys=0.01, real=0.05 secs] 
2014-07-08T21:32:09.184+0000: 1171.322: [GC [PSYoungGen: 220080K->1940K(215744K)] 370603K->152624K(902720K), 0.0121020 secs] [Times: user=0.02 sys=0.00, real=0.01 secs] 
2014-07-08T21:32:13.766+0000: 1175.905: [GC [PSYoungGen: 215664K->1584K(210560K)] 366347K->152550K(897536K), 0.0086550 secs] [Times: user=0.03 sys=0.00, real=0.01 secs] 
2014-07-08T21:32:17.973+0000: 1180.111: [GC [PSYoungGen: 210508K->1812K(206144K)] 361474K->152946K(893120K), 0.0275890 secs] [Times: user=0.10 sys=0.00, real=0.02 secs] 
2014-07-08T21:32:21.303+0000: 1183.441: [GC [PSYoungGen: 206100K->1338K(201152K)] 357234K->152974K(888128K), 0.0282690 secs] [Times: user=0.10 sys=0.00, real=0.02 secs] 
2014-07-08T21:32:24.587+0000: 1186.725: [GC [PSYoungGen: 201146K->2284K(197760K)] 352781K->154056K(884736K), 0.0116560 secs] [Times: user=0.04 sys=0.00, real=0.01 secs] 
2014-07-08T21:32:28.523+0000: 1190.661: [GC [PSYoungGen: 197740K->996K(192320K)] 349512K->153660K(879296K), 0.0214140 secs] [Times: user=0.08 sys=0.00, real=0.03 secs] 
2014-07-08T21:32:31.455+0000: 1193.594: [GC [PSYoungGen: 192262K->2356K(189632K)] 344926K->155329K(876608K), 0.0280220 secs] [Times: user=0.11 sys=0.01, real=0.02 secs] 
2014-07-08T21:32:35.186+0000: 1197.324: [GC [PSYoungGen: 189620K->1378K(184768K)] 342593K->154904K(871744K), 0.0292290 secs] [Times: user=0.12 sys=0.00, real=0.03 secs] 
2014-07-08T21:32:38.830+0000: 1200.968: [GC [PSYoungGen: 184691K->2018K(181632K)] 338217K->155777K(868608K), 0.0330560 secs] [Times: user=0.11 sys=0.00, real=0.03 secs] 
2014-07-08T21:32:42.083+0000: 1204.221: [GC [PSYoungGen: 181602K->1720K(177664K)] 335361K->155744K(864640K), 0.0154400 secs] [Times: user=0.05 sys=0.00, real=0.02 secs] 
2014-07-08T21:32:45.501+0000: 1207.639: [GC [PSYoungGen: 177612K->2160K(174592K)] 331637K->156353K(861568K), 0.0115620 secs] [Times: user=0.04 sys=0.00, real=0.01 secs] 
2014-07-08T21:32:49.573+0000: 1211.711: [GC [PSYoungGen: 174545K->1142K(170176K)] 328737K->156001K(857152K), 0.0249800 secs] [Times: user=0.09 sys=0.00, real=0.03 secs] 
2014-07-08T21:32:52.846+0000: 1214.984: [GC [PSYoungGen: 170165K->2453K(168192K)] 325024K->157423K(855168K), 0.0102060 secs] [Times: user=0.02 sys=0.00, real=0.01 secs] 
2014-07-08T21:32:56.389+0000: 1218.527: [GC [PSYoungGen: 168149K->1402K(163904K)] 323119K->157199K(850880K), 0.0087700 secs] [Times: user=0.03 sys=0.00, real=0.00 secs] 
2014-07-08T21:32:59.322+0000: 1221.461: [GC [PSYoungGen: 163898K->1556K(160960K)] 319695K->157521K(847936K), 0.0060450 secs] [Times: user=0.01 sys=0.00, real=0.01 secs] 
2014-07-08T21:33:02.562+0000: 1224.701: [GC [PSYoungGen: 160916K->2281K(158656K)] 316881K->158358K(845632K), 0.0240020 secs] [Times: user=0.09 sys=0.00, real=0.02 secs] 
2014-07-08T21:33:05.518+0000: 1227.656: [GC [PSYoungGen: 158599K->2270K(155712K)] 314676K->158499K(842688K), 0.0180880 secs] [Times: user=0.06 sys=0.00, real=0.02 secs] 
2014-07-08T21:33:07.949+0000: 1230.087: [GC [PSYoungGen: 155678K->826K(151424K)] 311907K->157833K(838400K), 0.0195840 secs] [Times: user=0.07 sys=0.00, real=0.02 secs] 
2014-07-08T21:33:09.604+0000: 1231.742: [GC [PSYoungGen: 151415K->2339K(150208K)] 308422K->159484K(837184K), 0.0202600 secs] [Times: user=0.06 sys=0.00, real=0.02 secs] 
2014-07-08T21:33:12.158+0000: 1234.296: [GC [PSYoungGen: 150179K->1830K(147008K)] 307324K->159303K(833984K), 0.0191830 secs] [Times: user=0.07 sys=0.00, real=0.02 secs] 
2014-07-08T21:33:14.164+0000: 1236.302: [GC [PSYoungGen: 146981K->2220K(144832K)] 304454K->159880K(831808K), 0.0201880 secs] [Times: user=0.07 sys=0.00, real=0.02 secs] 
2014-07-08T21:33:16.387+0000: 1238.525: [GC [PSYoungGen: 144812K->1460K(141568K)] 302472K->159367K(828544K), 0.0147780 secs] [Times: user=0.05 sys=0.00, real=0.02 secs] 
2014-07-08T21:33:18.752+0000: 1240.890: [GC [PSYoungGen: 141556K->1812K(139520K)] 299463K->159863K(826496K), 0.0151480 secs] [Times: user=0.05 sys=0.00, real=0.01 secs] 
2014-07-08T21:33:21.009+0000: 1243.147: [GC [PSYoungGen: 139476K->2217K(137536K)] 297527K->160380K(824512K), 0.0214750 secs] [Times: user=0.05 sys=0.00, real=0.02 secs] 
2014-07-08T21:33:23.998+0000: 1246.137: [GC [PSYoungGen: 137513K->2188K(135232K)] 295676K->160440K(822208K), 0.0277800 secs] [Times: user=0.11 sys=0.00, real=0.03 secs] 
2014-07-08T21:33:26.600+0000: 1248.738: [GC [PSYoungGen: 135160K->1068K(131840K)] 293411K->160132K(818816K), 0.0399820 secs] [Times: user=0.15 sys=0.00, real=0.04 secs] 
2014-07-08T21:33:28.533+0000: 1250.671: [GC [PSYoungGen: 131820K->2345K(159296K)] 290884K->161529K(846272K), 0.0335430 secs] [Times: user=0.12 sys=0.00, real=0.04 secs] 
2014-07-08T21:33:30.574+0000: 1252.713: [GC [PSYoungGen: 159273K->1964K(190336K)] 318457K->161424K(877312K), 0.0292070 secs] [Times: user=0.11 sys=0.00, real=0.03 secs] 
2014-07-08T21:33:33.189+0000: 1255.327: [GC [PSYoungGen: 190274K->1904K(227968K)] 349734K->161460K(914944K), 0.0231390 secs] [Times: user=0.08 sys=0.00, real=0.02 secs] 
2014-07-08T21:33:36.688+0000: 1258.826: [GC [PSYoungGen: 227913K->1648K(222464K)] 387469K->161542K(909440K), 0.0111000 secs] [Times: user=0.04 sys=0.00, real=0.01 secs] 
2014-07-08T21:33:41.508+0000: 1263.647: [GC [PSYoungGen: 222448K->2285K(218048K)] 382342K->162347K(905024K), 0.0218110 secs] [Times: user=0.08 sys=0.00, real=0.02 secs] 
2014-07-08T21:33:45.249+0000: 1267.387: [GC [PSYoungGen: 218029K->1320K(212224K)] 378091K->161926K(899200K), 0.0148170 secs] [Times: user=0.05 sys=0.00, real=0.01 secs] 
2014-07-08T21:33:49.047+0000: 1271.186: [GC [PSYoungGen: 212199K->1926K(208128K)] 372805K->162740K(895104K), 0.0175080 secs] [Times: user=0.07 sys=0.00, real=0.01 secs] 
2014-07-08T21:33:52.060+0000: 1274.198: [GC [PSYoungGen: 208034K->2082K(203712K)] 368848K->163186K(890688K), 0.0209370 secs] [Times: user=0.08 sys=0.00, real=0.02 secs] 
2014-07-08T21:33:55.216+0000: 1277.355: [GC [PSYoungGen: 203682K->2032K(199232K)] 364786K->163264K(886208K), 0.0218890 secs] [Times: user=0.07 sys=0.00, real=0.03 secs] 
2014-07-08T21:33:58.699+0000: 1280.837: [GC [PSYoungGen: 199213K->1256K(194240K)] 360445K->163056K(881216K), 0.0096510 secs] [Times: user=0.03 sys=0.00, real=0.01 secs] 
2014-07-08T21:34:02.754+0000: 1284.892: [GC [PSYoungGen: 194216K->2196K(191104K)] 356016K->164125K(878080K), 0.0294630 secs] [Times: user=0.11 sys=0.00, real=0.03 secs] 
2014-07-08T21:34:06.157+0000: 1288.295: [GC [PSYoungGen: 191059K->1780K(186688K)] 352987K->164024K(873664K), 0.0194340 secs] [Times: user=0.07 sys=0.00, real=0.02 secs] 
2014-07-08T21:34:09.945+0000: 1292.083: [GC [PSYoungGen: 186676K->1968K(183040K)] 348920K->164396K(870016K), 0.0194890 secs] [Times: user=0.06 sys=0.00, real=0.02 secs] 
2014-07-08T21:34:13.578+0000: 1295.716: [GC [PSYoungGen: 183024K->1399K(178752K)] 345452K->164191K(865728K), 0.0050600 secs] [Times: user=0.02 sys=0.00, real=0.01 secs] 
2014-07-08T21:34:16.854+0000: 1298.992: [GC [PSYoungGen: 178743K->2281K(176064K)] 341535K->165257K(863040K), 0.0260990 secs] [Times: user=0.10 sys=0.00, real=0.03 secs] 
2014-07-08T21:34:20.365+0000: 1302.503: [GC [PSYoungGen: 176003K->1470K(171776K)] 338979K->165115K(858752K), 0.0127530 secs] [Times: user=0.05 sys=0.00, real=0.01 secs] 
2014-07-08T21:34:22.594+0000: 1304.732: [GC [PSYoungGen: 171774K->2000K(169024K)] 335419K->165773K(856000K), 0.0098180 secs] [Times: user=0.03 sys=0.00, real=0.01 secs] 
2014-07-08T21:34:25.189+0000: 1307.327: [GC [PSYoungGen: 168975K->1657K(165376K)] 332748K->166010K(852352K), 0.0077450 secs] [Times: user=0.02 sys=0.00, real=0.01 secs] 
2014-07-08T21:34:27.148+0000: 1309.286: [GC [PSYoungGen: 165369K->2202K(162816K)] 329722K->166840K(849792K), 0.0205440 secs] [Times: user=0.06 sys=0.01, real=0.02 secs] 
2014-07-08T21:34:29.144+0000: 1311.282: [GC [PSYoungGen: 162778K->1258K(158784K)] 327416K->166696K(845760K), 0.0174030 secs] [Times: user=0.06 sys=0.00, real=0.01 secs] 
2014-07-08T21:34:30.823+0000: 1312.962: [GC [PSYoungGen: 158748K->2032K(156608K)] 324185K->167566K(843584K), 0.0178630 secs] [Times: user=0.06 sys=0.01, real=0.01 secs] 
2014-07-08T21:34:33.105+0000: 1315.243: [GC [PSYoungGen: 156592K->1854K(153536K)] 322126K->167778K(840512K), 0.0246450 secs] [Times: user=0.09 sys=0.00, real=0.02 secs] 
2014-07-08T21:34:35.184+0000: 1317.322: [GC [PSYoungGen: 153533K->2437K(151424K)] 319458K->168490K(838400K), 0.0172560 secs] [Times: user=0.06 sys=0.00, real=0.01 secs] 
2014-07-08T21:34:36.994+0000: 1319.132: [GC [PSYoungGen: 151365K->696K(146944K)] 317418K->167993K(833920K), 0.0254390 secs] [Times: user=0.10 sys=0.01, real=0.02 secs] 
2014-07-08T21:34:38.866+0000: 1321.004: [GC [PSYoungGen: 146936K->2340K(145984K)] 314233K->169693K(832960K), 0.0204660 secs] [Times: user=0.08 sys=0.00, real=0.02 secs] 
2014-07-08T21:34:41.227+0000: 1323.365: [GC [PSYoungGen: 145926K->2000K(143104K)] 313279K->169961K(830080K), 0.0123300 secs] [Times: user=0.04 sys=0.00, real=0.01 secs] 
2014-07-08T21:34:43.532+0000: 1325.670: [GC [PSYoungGen: 143056K->2157K(140800K)] 311017K->170222K(827776K), 0.0175400 secs] [Times: user=0.06 sys=0.01, real=0.02 secs] 
2014-07-08T21:34:45.395+0000: 1327.534: [GC [PSYoungGen: 140780K->1067K(137344K)] 308845K->170174K(824320K), 0.0128520 secs] [Times: user=0.04 sys=0.00, real=0.01 secs] 
2014-07-08T21:34:47.187+0000: 1329.325: [GC [PSYoungGen: 137305K->2507K(136512K)] 306413K->171752K(823488K), 0.0091050 secs] [Times: user=0.03 sys=0.01, real=0.01 secs] 
2014-07-08T21:34:49.029+0000: 1331.168: [GC [PSYoungGen: 136459K->1524K(133248K)] 305704K->171310K(820224K), 0.0145060 secs] [Times: user=0.04 sys=0.00, real=0.01 secs] 
2014-07-08T21:34:50.956+0000: 1333.094: [GC [PSYoungGen: 133236K->2281K(131840K)] 303022K->172170K(818816K), 0.0115700 secs] [Times: user=0.03 sys=0.01, real=0.01 secs] 
2014-07-08T21:34:53.219+0000: 1335.357: [GC [PSYoungGen: 131817K->1460K(128896K)] 301706K->171574K(815872K), 0.0185250 secs] [Times: user=0.05 sys=0.00, real=0.02 secs] 
2014-07-08T21:34:54.792+0000: 1336.931: [GC [PSYoungGen: 128884K->2313K(127744K)] 298998K->172538K(814720K), 0.0061340 secs] [Times: user=0.01 sys=0.00, real=0.01 secs] 
2014-07-08T21:34:56.511+0000: 1338.650: [GC [PSYoungGen: 127657K->1587K(124928K)] 297882K->172326K(811904K), 0.0315130 secs] [Times: user=0.11 sys=0.00, real=0.03 secs] 
2014-07-08T21:34:57.734+0000: 1339.872: [GC [PSYoungGen: 124886K->1834K(149888K)] 295625K->172677K(836864K), 0.0203280 secs] [Times: user=0.07 sys=0.00, real=0.02 secs] 
2014-07-08T21:35:00.500+0000: 1342.639: [GC [PSYoungGen: 149864K->1840K(147200K)] 320707K->172879K(834176K), 0.0181320 secs] [Times: user=0.04 sys=0.00, real=0.02 secs] 
2014-07-08T21:35:02.032+0000: 1344.170: [GC [PSYoungGen: 147184K->2405K(176896K)] 318223K->173564K(863872K), 0.0269230 secs] [Times: user=0.10 sys=0.00, real=0.03 secs] 
2014-07-08T21:35:04.850+0000: 1346.988: [GC [PSYoungGen: 176841K->1014K(210432K)] 348001K->172895K(897408K), 0.0241050 secs] [Times: user=0.08 sys=0.00, real=0.02 secs] 
2014-07-08T21:35:08.124+0000: 1350.262: [GC [PSYoungGen: 210413K->2222K(206976K)] 382294K->174249K(893952K), 0.0051370 secs] [Times: user=0.01 sys=0.00, real=0.01 secs] 
2014-07-08T21:35:10.550+0000: 1352.688: [GC [PSYoungGen: 206958K->2153K(202432K)] 378985K->174694K(889408K), 0.0191070 secs] [Times: user=0.06 sys=0.00, real=0.02 secs] 
2014-07-08T21:35:13.240+0000: 1355.378: [GC [PSYoungGen: 202409K->2061K(198016K)] 374950K->174682K(884992K), 0.0198990 secs] [Times: user=0.06 sys=0.00, real=0.02 secs] 
2014-07-08T21:35:16.010+0000: 1358.149: [GC [PSYoungGen: 197965K->1380K(193088K)] 370586K->174506K(880064K), 0.0248710 secs] [Times: user=0.09 sys=0.00, real=0.02 secs] 
2014-07-08T21:35:19.278+0000: 1361.416: [GC [PSYoungGen: 193034K->2132K(189824K)] 366159K->175394K(876800K), 0.0195580 secs] [Times: user=0.07 sys=0.00, real=0.02 secs] 
2014-07-08T21:35:22.175+0000: 1364.313: [GC [PSYoungGen: 189780K->1982K(185728K)] 363042K->175529K(872704K), 0.0091000 secs] [Times: user=0.03 sys=0.00, real=0.01 secs] 
2014-07-08T21:35:23.618+0000: 1365.756: [GC [PSYoungGen: 185726K->1936K(181952K)] 359273K->175580K(868928K), 0.0234380 secs] [Times: user=0.09 sys=0.00, real=0.03 secs] 
2014-07-08T21:35:26.637+0000: 1368.775: [GC [PSYoungGen: 181904K->1470K(177792K)] 355548K->175560K(864768K), 0.0176110 secs] [Times: user=0.06 sys=0.00, real=0.02 secs] 
2014-07-08T21:35:28.909+0000: 1371.047: [GC [PSYoungGen: 177790K->2277K(175104K)] 351880K->176503K(862080K), 0.0167710 secs] [Times: user=0.05 sys=0.00, real=0.02 secs] 
2014-07-08T21:35:30.974+0000: 1373.112: [GC [PSYoungGen: 175051K->1634K(171008K)] 349277K->176084K(857984K), 0.0262820 secs] [Times: user=0.09 sys=0.00, real=0.02 secs] 
2014-07-08T21:35:33.378+0000: 1375.516: [GC [PSYoungGen: 170978K->1947K(168000K)] 345428K->176592K(854976K), 0.0157090 secs] [Times: user=0.06 sys=0.00, real=0.02 secs] 
2014-07-08T21:35:35.518+0000: 1377.656: [GC [PSYoungGen: 167953K->1766K(164608K)] 342599K->176580K(851584K), 0.0150490 secs] [Times: user=0.06 sys=0.00, real=0.02 secs] 
2014-07-08T21:35:38.307+0000: 1380.445: [GC [PSYoungGen: 164582K->1584K(161280K)] 339396K->176568K(848256K), 0.0198740 secs] [Times: user=0.07 sys=0.00, real=0.02 secs] 
2014-07-08T21:35:40.404+0000: 1382.542: [GC [PSYoungGen: 161239K->1844K(158528K)] 336223K->176940K(845504K), 0.0292390 secs] [Times: user=0.10 sys=0.00, real=0.03 secs] 
2014-07-08T21:35:42.979+0000: 1385.117: [GC [PSYoungGen: 158492K->1744K(155520K)] 333588K->176920K(842496K), 0.0197610 secs] [Times: user=0.07 sys=0.00, real=0.02 secs] 
2014-07-08T21:35:45.277+0000: 1387.415: [GC [PSYoungGen: 155437K->1652K(152576K)] 330613K->177044K(839552K), 0.0285650 secs] [Times: user=0.10 sys=0.00, real=0.03 secs] 
2014-07-08T21:35:47.228+0000: 1389.366: [GC [PSYoungGen: 152564K->2217K(183360K)] 327956K->177745K(870336K), 0.0339740 secs] [Times: user=0.12 sys=0.00, real=0.03 secs] 
2014-07-08T21:35:50.213+0000: 1392.351: [GC [PSYoungGen: 183337K->1274K(178688K)] 358865K->177200K(865664K), 0.0089470 secs] [Times: user=0.03 sys=0.00, real=0.01 secs] 
2014-07-08T21:35:52.289+0000: 1394.427: [GC [PSYoungGen: 178635K->2189K(176064K)] 354561K->178211K(863040K), 0.0120000 secs] [Times: user=0.03 sys=0.01, real=0.01 secs] 
2014-07-08T21:35:54.794+0000: 1396.932: [GC [PSYoungGen: 175996K->1652K(172032K)] 352018K->177866K(859008K), 0.0238190 secs] [Times: user=0.09 sys=0.00, real=0.03 secs] 
2014-07-08T21:35:57.129+0000: 1399.267: [GC [PSYoungGen: 172018K->2189K(169280K)] 348232K->178555K(856256K), 0.0164490 secs] [Times: user=0.05 sys=0.00, real=0.02 secs] 
2014-07-08T21:35:59.228+0000: 1401.366: [GC [PSYoungGen: 169229K->1268K(165056K)] 345595K->178078K(852032K), 0.0284040 secs] [Times: user=0.11 sys=0.00, real=0.03 secs] 
2014-07-08T21:36:01.632+0000: 1403.770: [GC [PSYoungGen: 165044K->2345K(163008K)] 341854K->179219K(849984K), 0.0214390 secs] [Times: user=0.07 sys=0.00, real=0.02 secs] 
2014-07-08T21:36:04.459+0000: 1406.597: [GC [PSYoungGen: 162983K->1534K(159104K)] 339858K->178706K(846080K), 0.0147330 secs] [Times: user=0.05 sys=0.00, real=0.01 secs] 
2014-07-08T21:36:07.137+0000: 1409.275: [GC [PSYoungGen: 159102K->2195K(156864K)] 336274K->179544K(843840K), 0.0317740 secs] [Times: user=0.12 sys=0.00, real=0.03 secs] 
2014-07-08T21:36:09.952+0000: 1412.090: [GC [PSYoungGen: 156818K->1527K(153280K)] 334167K->179353K(840256K), 0.0195700 secs] [Times: user=0.06 sys=0.00, real=0.02 secs] 
2014-07-08T21:36:13.205+0000: 1415.343: [GC [PSYoungGen: 153271K->1901K(150912K)] 331097K->179831K(837888K), 0.0146310 secs] [Times: user=0.05 sys=0.00, real=0.02 secs] 
2014-07-08T21:36:16.132+0000: 1418.270: [GC [PSYoungGen: 150892K->1844K(148160K)] 328823K->179926K(835136K), 0.0104350 secs] [Times: user=0.02 sys=0.00, real=0.01 secs] 
2014-07-08T21:36:19.086+0000: 1421.224: [GC [PSYoungGen: 148145K->1844K(145536K)] 326228K->180078K(832512K), 0.0257420 secs] [Times: user=0.09 sys=0.00, real=0.03 secs] 
2014-07-08T21:36:21.195+0000: 1423.333: [GC [PSYoungGen: 145524K->1324K(142464K)] 323758K->180095K(829440K), 0.0153530 secs] [Times: user=0.05 sys=0.01, real=0.02 secs] 
2014-07-08T21:36:22.766+0000: 1424.905: [GC [PSYoungGen: 142423K->2459K(141120K)] 321193K->181342K(828096K), 0.0240070 secs] [Times: user=0.08 sys=0.00, real=0.03 secs] 
2014-07-08T21:36:24.790+0000: 1426.928: [GC [PSYoungGen: 141083K->1184K(137472K)] 319966K->181021K(824448K), 0.0101800 secs] [Times: user=0.03 sys=0.00, real=0.01 secs] 
2014-07-08T21:36:28.039+0000: 1430.177: [GC [PSYoungGen: 137437K->2147K(136128K)] 317274K->182096K(823104K), 0.0271350 secs] [Times: user=0.10 sys=0.00, real=0.03 secs] 
2014-07-08T21:36:29.779+0000: 1431.918: [GC [PSYoungGen: 136051K->1898K(133632K)] 316000K->182147K(820608K), 0.0264870 secs] [Times: user=0.10 sys=0.00, real=0.03 secs] 
2014-07-08T21:36:32.447+0000: 1434.585: [GC [PSYoungGen: 133609K->2377K(131968K)] 313858K->182690K(818944K), 0.0102970 secs] [Times: user=0.03 sys=0.00, real=0.01 secs] 
2014-07-08T21:36:34.751+0000: 1436.889: [GC [PSYoungGen: 131913K->940K(128384K)] 312226K->182229K(815360K), 0.0174690 secs] [Times: user=0.06 sys=0.00, real=0.01 secs] 
2014-07-08T21:36:36.850+0000: 1438.988: [GC [PSYoungGen: 128364K->2314K(127744K)] 309653K->183708K(814720K), 0.0216550 secs] [Times: user=0.07 sys=0.00, real=0.03 secs] 
2014-07-08T21:36:39.494+0000: 1441.633: [GC [PSYoungGen: 127690K->1914K(125248K)] 309084K->183716K(812224K), 0.0189230 secs] [Times: user=0.07 sys=0.00, real=0.02 secs] 
2014-07-08T21:36:41.696+0000: 1443.834: [GC [PSYoungGen: 125217K->2232K(123584K)] 307019K->184170K(810560K), 0.0097720 secs] [Times: user=0.02 sys=0.01, real=0.01 secs] 
2014-07-08T21:36:43.683+0000: 1445.821: [GC [PSYoungGen: 123576K->1128K(120576K)] 305514K->183880K(807552K), 0.0142950 secs] [Times: user=0.05 sys=0.00, real=0.01 secs] 
2014-07-08T21:36:45.877+0000: 1448.016: [GC [PSYoungGen: 120552K->2527K(120128K)] 303304K->185399K(807104K), 0.0185610 secs] [Times: user=0.07 sys=0.01, real=0.02 secs] 
2014-07-08T21:36:47.428+0000: 1449.566: [GC [PSYoungGen: 120093K->1577K(117376K)] 302966K->184912K(804352K), 0.0128020 secs] [Times: user=0.05 sys=0.00, real=0.01 secs] 
2014-07-08T21:36:49.942+0000: 1452.080: [GC [PSYoungGen: 117353K->2156K(116160K)] 300688K->185611K(803136K), 0.0173720 secs] [Times: user=0.06 sys=0.00, real=0.02 secs] 
2014-07-08T21:36:51.449+0000: 1453.588: [GC [PSYoungGen: 116140K->1652K(113920K)] 299595K->185322K(800896K), 0.0177880 secs] [Times: user=0.06 sys=0.00, real=0.02 secs] 
2014-07-08T21:36:52.809+0000: 1454.947: [GC [PSYoungGen: 113908K->1598K(112192K)] 297578K->185415K(799168K), 0.0135430 secs] [Times: user=0.05 sys=0.01, real=0.01 secs] 
2014-07-08T21:36:54.013+0000: 1456.151: [GC [PSYoungGen: 112158K->2036K(111040K)] 295974K->186029K(798016K), 0.0118280 secs] [Times: user=0.04 sys=0.00, real=0.02 secs] 
2014-07-08T21:36:56.247+0000: 1458.386: [GC [PSYoungGen: 110994K->2243K(109696K)] 294986K->186413K(796672K), 0.0182390 secs] [Times: user=0.07 sys=0.00, real=0.02 secs] 
2014-07-08T21:36:57.719+0000: 1459.858: [GC [PSYoungGen: 109635K->953K(106816K)] 293805K->185959K(793792K), 0.0103190 secs] [Times: user=0.03 sys=0.01, real=0.01 secs] 
2014-07-08T21:36:59.205+0000: 1461.343: [GC [PSYoungGen: 106775K->2389K(106752K)] 291781K->187466K(793728K), 0.0227910 secs] [Times: user=0.08 sys=0.00, real=0.03 secs] 
2014-07-08T21:37:01.556+0000: 1463.695: [GC [PSYoungGen: 106709K->1780K(104640K)] 291786K->187168K(791616K), 0.0207930 secs] [Times: user=0.08 sys=0.00, real=0.02 secs] 
2014-07-08T21:37:02.875+0000: 1465.013: [GC [PSYoungGen: 104592K->1754K(125248K)] 289980K->187312K(812224K), 0.0339150 secs] [Times: user=0.13 sys=0.01, real=0.03 secs] 
2014-07-08T21:37:05.383+0000: 1467.521: [GC [PSYoungGen: 125210K->1854K(150016K)] 310768K->187644K(836992K), 0.0277240 secs] [Times: user=0.10 sys=0.00, real=0.03 secs] 
2014-07-08T21:37:08.189+0000: 1470.327: [GC [PSYoungGen: 150014K->1780K(179584K)] 335804K->187804K(866560K), 0.0219410 secs] [Times: user=0.08 sys=0.00, real=0.02 secs] 
2014-07-08T21:37:11.461+0000: 1473.599: [GC [PSYoungGen: 179525K->1652K(215040K)] 365549K->187948K(902016K), 0.0256420 secs] [Times: user=0.09 sys=0.00, real=0.02 secs] 
2014-07-08T21:37:14.631+0000: 1476.770: [GC [PSYoungGen: 215028K->2156K(210752K)] 401324K->188588K(897728K), 0.0243800 secs] [Times: user=0.08 sys=0.00, real=0.02 secs] 
2014-07-08T21:37:18.692+0000: 1480.830: [GC [PSYoungGen: 210732K->1338K(205312K)] 397164K->188372K(892288K), 0.0092850 secs] [Times: user=0.03 sys=0.00, real=0.01 secs] 
2014-07-08T21:37:23.103+0000: 1485.241: [GC [PSYoungGen: 205306K->2221K(201728K)] 392340K->189407K(888704K), 0.0272790 secs] [Times: user=0.09 sys=0.01, real=0.03 secs] 
2014-07-08T21:37:26.332+0000: 1488.471: [GC [PSYoungGen: 201709K->1583K(196800K)] 388895K->189471K(883776K), 0.0213060 secs] [Times: user=0.07 sys=0.00, real=0.02 secs] 
2014-07-08T21:37:28.536+0000: 1490.675: [GC [PSYoungGen: 196783K->1972K(193024K)] 384671K->190020K(880000K), 0.0195830 secs] [Times: user=0.06 sys=0.00, real=0.02 secs] 
2014-07-08T21:37:30.491+0000: 1492.630: [GC [PSYoungGen: 192973K->1711K(188736K)] 381021K->190314K(875712K), 0.0146980 secs] [Times: user=0.05 sys=0.00, real=0.01 secs] 
2014-07-08T21:37:33.669+0000: 1495.807: [GC [PSYoungGen: 188719K->2284K(185408K)] 377322K->190959K(872384K), 0.0193800 secs] [Times: user=0.07 sys=0.00, real=0.02 secs] 
2014-07-08T21:37:36.703+0000: 1498.841: [GC [PSYoungGen: 185388K->1269K(180608K)] 374063K->190794K(867584K), 0.0422370 secs] [Times: user=0.15 sys=0.00, real=0.04 secs] 
2014-07-08T21:37:39.800+0000: 1501.938: [GC [PSYoungGen: 180597K->1990K(177728K)] 370122K->191644K(864704K), 0.0199600 secs] [Times: user=0.07 sys=0.00, real=0.02 secs] 
2014-07-08T21:37:42.249+0000: 1504.387: [GC [PSYoungGen: 177670K->1716K(173888K)] 367324K->191647K(860864K), 0.0146510 secs] [Times: user=0.05 sys=0.00, real=0.02 secs] 
2014-07-08T21:37:44.799+0000: 1506.937: [GC [PSYoungGen: 173843K->2220K(171008K)] 363774K->192264K(857984K), 0.0210690 secs] [Times: user=0.08 sys=0.00, real=0.02 secs] 
2014-07-08T21:37:47.596+0000: 1509.734: [GC [PSYoungGen: 170988K->1214K(166656K)] 361032K->191775K(853632K), 0.0262480 secs] [Times: user=0.10 sys=0.01, real=0.03 secs] 
2014-07-08T21:37:50.937+0000: 1513.075: [GC [PSYoungGen: 166654K->2132K(164416K)] 357215K->192805K(851392K), 0.0173560 secs] [Times: user=0.06 sys=0.00, real=0.02 secs] 
2014-07-08T21:37:54.157+0000: 1516.295: [GC [PSYoungGen: 164371K->1876K(161088K)] 355044K->192777K(848064K), 0.0228440 secs] [Times: user=0.08 sys=0.00, real=0.02 secs] 
2014-07-08T21:37:56.796+0000: 1518.934: [GC [PSYoungGen: 161044K->1812K(158016K)] 351945K->192889K(844992K), 0.0173100 secs] [Times: user=0.06 sys=0.00, real=0.01 secs] 
2014-07-08T21:38:00.144+0000: 1522.282: [GC [PSYoungGen: 157972K->1394K(154624K)] 349049K->193082K(841600K), 0.0199810 secs] [Times: user=0.07 sys=0.00, real=0.02 secs] 
2014-07-08T21:38:03.060+0000: 1525.198: [GC [PSYoungGen: 154610K->2303K(152704K)] 346298K->194102K(839680K), 0.0172610 secs] [Times: user=0.06 sys=0.00, real=0.02 secs] 
2014-07-08T21:38:05.968+0000: 1528.107: [GC [PSYoungGen: 152703K->1338K(148992K)] 344502K->193698K(835968K), 0.0104720 secs] [Times: user=0.04 sys=0.00, real=0.01 secs] 
2014-07-08T21:38:08.701+0000: 1530.840: [GC [PSYoungGen: 148953K->2178K(147200K)] 341313K->194674K(834176K), 0.0249220 secs] [Times: user=0.09 sys=0.00, real=0.03 secs] 
2014-07-08T21:38:11.070+0000: 1533.208: [GC [PSYoungGen: 147138K->1588K(144000K)] 339634K->194299K(830976K), 0.0166280 secs] [Times: user=0.05 sys=0.00, real=0.02 secs] 
2014-07-08T21:38:13.307+0000: 1535.446: [GC [PSYoungGen: 143951K->2000K(141952K)] 336662K->194824K(828928K), 0.0167680 secs] [Times: user=0.06 sys=0.01, real=0.01 secs] 
2014-07-08T21:38:15.709+0000: 1537.847: [GC [PSYoungGen: 141904K->1533K(139008K)] 334728K->194904K(825984K), 0.0326720 secs] [Times: user=0.11 sys=0.00, real=0.03 secs] 
2014-07-08T21:38:18.516+0000: 1540.654: [GC [PSYoungGen: 138998K->2142K(137280K)] 332370K->195650K(824256K), 0.0105110 secs] [Times: user=0.02 sys=0.01, real=0.01 secs] 
2014-07-08T21:38:20.627+0000: 1542.765: [GC [PSYoungGen: 137246K->1316K(134144K)] 330754K->195410K(821120K), 0.0231130 secs] [Times: user=0.08 sys=0.00, real=0.02 secs] 
2014-07-08T21:38:23.868+0000: 1546.006: [GC [PSYoungGen: 134116K->2221K(132800K)] 328210K->196379K(819776K), 0.0153430 secs] [Times: user=0.05 sys=0.00, real=0.01 secs] 
2014-07-08T21:38:26.209+0000: 1548.347: [GC [PSYoungGen: 132781K->1338K(129728K)] 326939K->196070K(816704K), 0.0199040 secs] [Times: user=0.07 sys=0.00, real=0.02 secs] 
2014-07-08T21:38:28.465+0000: 1550.604: [GC [PSYoungGen: 129718K->2413K(128704K)] 324450K->197281K(815680K), 0.0164060 secs] [Times: user=0.05 sys=0.00, real=0.02 secs] 
2014-07-08T21:38:30.387+0000: 1552.525: [GC [PSYoungGen: 128685K->1268K(125504K)] 323553K->197025K(812480K), 0.0170600 secs] [Times: user=0.06 sys=0.00, real=0.02 secs] 
2014-07-08T21:38:33.332+0000: 1555.470: [GC [PSYoungGen: 125484K->1968K(124224K)] 321241K->197814K(811200K), 0.0159800 secs] [Times: user=0.06 sys=0.00, real=0.01 secs] 
2014-07-08T21:38:35.667+0000: 1557.805: [GC [PSYoungGen: 124208K->1680K(122048K)] 320054K->197669K(809024K), 0.0219510 secs] [Times: user=0.08 sys=0.00, real=0.02 secs] 
2014-07-08T21:38:38.139+0000: 1560.277: [GC [PSYoungGen: 122000K->2060K(120576K)] 317989K->198194K(807552K), 0.0193780 secs] [Times: user=0.07 sys=0.00, real=0.02 secs] 
2014-07-08T21:38:39.935+0000: 1562.073: [GC [PSYoungGen: 120524K->1318K(117952K)] 316658K->197814K(804928K), 0.0211290 secs] [Times: user=0.07 sys=0.00, real=0.02 secs] 
2014-07-08T21:38:42.306+0000: 1564.444: [GC [PSYoungGen: 117918K->1712K(116544K)] 314413K->198280K(803520K), 0.0161750 secs] [Times: user=0.05 sys=0.00, real=0.02 secs] 
2014-07-08T21:38:44.174+0000: 1566.312: [GC [PSYoungGen: 116506K->2032K(115136K)] 313074K->198712K(802112K), 0.0139180 secs] [Times: user=0.05 sys=0.00, real=0.01 secs] 
2014-07-08T21:38:45.724+0000: 1567.862: [GC [PSYoungGen: 115120K->2000K(113472K)] 311799K->198840K(800448K), 0.0191760 secs] [Times: user=0.07 sys=0.00, real=0.02 secs] 
2014-07-08T21:38:47.026+0000: 1569.164: [GC [PSYoungGen: 113424K->940K(110720K)] 310264K->198512K(797696K), 0.0105760 secs] [Times: user=0.04 sys=0.00, real=0.01 secs] 
2014-07-08T21:38:48.347+0000: 1570.485: [GC [PSYoungGen: 110685K->2044K(110208K)] 308257K->199688K(797184K), 0.0152710 secs] [Times: user=0.05 sys=0.00, real=0.02 secs] 
2014-07-08T21:38:50.005+0000: 1572.143: [GC [PSYoungGen: 110204K->2028K(108672K)] 307848K->200031K(795648K), 0.0200910 secs] [Times: user=0.07 sys=0.00, real=0.02 secs] 
2014-07-08T21:38:51.803+0000: 1573.941: [GC [PSYoungGen: 108652K->1812K(106944K)] 306655K->199934K(793920K), 0.0162480 secs] [Times: user=0.05 sys=0.00, real=0.01 secs] 
2014-07-08T21:38:53.540+0000: 1575.679: [GC [PSYoungGen: 106900K->1266K(127424K)] 305022K->199951K(814400K), 0.0216170 secs] [Times: user=0.07 sys=0.00, real=0.03 secs] 
2014-07-08T21:38:56.245+0000: 1578.383: [GC [PSYoungGen: 127410K->2249K(126400K)] 326095K->201021K(813376K), 0.0183280 secs] [Times: user=0.07 sys=0.01, real=0.02 secs] 
2014-07-08T21:38:58.305+0000: 1580.443: [GC [PSYoungGen: 126345K->1460K(123584K)] 325117K->200568K(810560K), 0.0198350 secs] [Times: user=0.08 sys=0.00, real=0.02 secs] 
2014-07-08T21:39:00.798+0000: 1582.936: [GC [PSYoungGen: 123572K->2028K(122240K)] 322680K->201241K(809216K), 0.0094500 secs] [Times: user=0.04 sys=0.00, real=0.01 secs] 
2014-07-08T21:39:02.378+0000: 1584.516: [GC [PSYoungGen: 122219K->1651K(120000K)] 321431K->201285K(806976K), 0.0125990 secs] [Times: user=0.04 sys=0.00, real=0.01 secs] 
2014-07-08T21:39:03.974+0000: 1586.112: [GC [PSYoungGen: 119987K->2124K(118656K)] 319621K->201863K(805632K), 0.0154890 secs] [Times: user=0.05 sys=0.01, real=0.02 secs] 
2014-07-08T21:39:06.167+0000: 1588.306: [GC [PSYoungGen: 118563K->1184K(115904K)] 318301K->201647K(802880K), 0.0105090 secs] [Times: user=0.04 sys=0.00, real=0.01 secs] 
2014-07-08T21:39:07.425+0000: 1589.563: [GC [PSYoungGen: 115862K->2467K(115456K)] 316324K->203123K(802432K), 0.0122840 secs] [Times: user=0.04 sys=0.00, real=0.01 secs] 
2014-07-08T21:39:08.590+0000: 1590.728: [GC [PSYoungGen: 115426K->1318K(112640K)] 316082K->202587K(799616K), 0.0183140 secs] [Times: user=0.06 sys=0.00, real=0.02 secs] 
2014-07-08T21:39:09.746+0000: 1591.884: [GC [PSYoungGen: 112613K->1708K(135296K)] 313882K->203058K(822272K), 0.0356470 secs] [Times: user=0.13 sys=0.00, real=0.03 secs] 
2014-07-08T21:39:11.421+0000: 1593.560: [GC [PSYoungGen: 135276K->1716K(162048K)] 336626K->203185K(849024K), 0.0188900 secs] [Times: user=0.05 sys=0.00, real=0.02 secs] 
2014-07-08T21:39:13.462+0000: 1595.600: [GC [PSYoungGen: 162036K->2060K(194496K)] 363505K->203633K(881472K), 0.0081310 secs] [Times: user=0.02 sys=0.00, real=0.01 secs] 
2014-07-08T21:39:15.463+0000: 1597.602: [GC [PSYoungGen: 194444K->1462K(189760K)] 396017K->203442K(876736K), 0.0071120 secs] [Times: user=0.03 sys=0.00, real=0.01 secs] 
2014-07-08T21:39:18.251+0000: 1600.389: [GC [PSYoungGen: 189750K->1936K(186304K)] 391730K->204035K(873280K), 0.0146330 secs] [Times: user=0.05 sys=0.00, real=0.01 secs] 
2014-07-08T21:39:20.654+0000: 1602.792: [GC [PSYoungGen: 186234K->1716K(182208K)] 388334K->203991K(869184K), 0.0103680 secs] [Times: user=0.04 sys=0.00, real=0.01 secs] 
2014-07-08T21:39:23.602+0000: 1605.740: [GC [PSYoungGen: 182196K->1908K(178688K)] 384471K->204255K(865664K), 0.0424240 secs] [Times: user=0.15 sys=0.00, real=0.04 secs] 
2014-07-08T21:39:25.329+0000: 1607.467: [GC [PSYoungGen: 178627K->1382K(213568K)] 380974K->204049K(900544K), 0.0322280 secs] [Times: user=0.12 sys=0.00, real=0.03 secs] 
2014-07-08T21:39:28.045+0000: 1610.183: [GC [PSYoungGen: 213540K->2074K(209536K)] 416207K->204952K(896512K), 0.0139510 secs] [Times: user=0.05 sys=0.00, real=0.02 secs] 
2014-07-08T21:39:30.807+0000: 1612.945: [GC [PSYoungGen: 209498K->1388K(204224K)] 412376K->204727K(891200K), 0.0222620 secs] [Times: user=0.07 sys=0.00, real=0.03 secs] 
2014-07-08T21:39:33.656+0000: 1615.794: [GC [PSYoungGen: 204204K->2128K(200576K)] 407543K->205555K(887552K), 0.0229220 secs] [Times: user=0.07 sys=0.00, real=0.03 secs] 
2014-07-08T21:39:36.570+0000: 1618.709: [GC [PSYoungGen: 200528K->1330K(195456K)] 403955K->205524K(882432K), 0.0154150 secs] [Times: user=0.05 sys=0.00, real=0.01 secs] 
2014-07-08T21:39:39.399+0000: 1621.538: [GC [PSYoungGen: 195396K->2256K(192256K)] 399590K->206602K(879232K), 0.0158090 secs] [Times: user=0.06 sys=0.00, real=0.01 secs] 
2014-07-08T21:39:42.606+0000: 1624.744: [GC [PSYoungGen: 192208K->1274K(187264K)] 396554K->206222K(874240K), 0.0138820 secs] [Times: user=0.05 sys=0.00, real=0.02 secs] 
2014-07-08T21:39:44.846+0000: 1626.984: [GC [PSYoungGen: 187258K->1876K(184064K)] 392206K->206984K(871040K), 0.0356590 secs] [Times: user=0.13 sys=0.00, real=0.04 secs] 
2014-07-08T21:39:46.779+0000: 1628.917: [GC [PSYoungGen: 184014K->1826K(180288K)] 389122K->207094K(867264K), 0.0067210 secs] [Times: user=0.02 sys=0.00, real=0.01 secs] 
2014-07-08T21:39:48.922+0000: 1631.060: [GC [PSYoungGen: 180233K->1822K(176640K)] 385501K->207268K(863616K), 0.0141840 secs] [Times: user=0.05 sys=0.00, real=0.01 secs] 
2014-07-08T21:39:51.696+0000: 1633.835: [GC [PSYoungGen: 176606K->1195K(172480K)] 382052K->207653K(859456K), 0.0114620 secs] [Times: user=0.04 sys=0.00, real=0.01 secs] 
2014-07-08T21:39:53.974+0000: 1636.112: [GC [PSYoungGen: 172448K->2406K(170304K)] 378906K->209027K(857280K), 0.0154900 secs] [Times: user=0.06 sys=0.00, real=0.01 secs] 
2014-07-08T21:39:56.683+0000: 1638.821: [GC [PSYoungGen: 170278K->1274K(165888K)] 376899K->208645K(852864K), 0.0188360 secs] [Times: user=0.07 sys=0.00, real=0.01 secs] 
2014-07-08T21:39:58.740+0000: 1640.878: [GC [PSYoungGen: 165882K->2065K(163520K)] 373253K->209564K(850496K), 0.0091900 secs] [Times: user=0.03 sys=0.00, real=0.01 secs] 
2014-07-08T21:40:00.646+0000: 1642.784: [GC [PSYoungGen: 163473K->1783K(160128K)] 370972K->209669K(847104K), 0.0049510 secs] [Times: user=0.02 sys=0.00, real=0.00 secs] 
2014-07-08T21:40:03.655+0000: 1645.793: [GC [PSYoungGen: 160119K->2188K(157568K)] 368005K->210221K(844544K), 0.0113300 secs] [Times: user=0.03 sys=0.00, real=0.01 secs] 
2014-07-08T21:40:05.206+0000: 1647.344: [GC [PSYoungGen: 157516K->1144K(153600K)] 365549K->210458K(840576K), 0.0319610 secs] [Times: user=0.12 sys=0.00, real=0.03 secs] 
2014-07-08T21:40:07.524+0000: 1649.662: [GC [PSYoungGen: 153592K->2484K(152128K)] 362906K->211878K(839104K), 0.0302200 secs] [Times: user=0.09 sys=0.00, real=0.03 secs] 
2014-07-08T21:40:09.641+0000: 1651.779: [GC [PSYoungGen: 152115K->1648K(148608K)] 361509K->211514K(835584K), 0.0091550 secs] [Times: user=0.04 sys=0.00, real=0.01 secs] 
2014-07-08T21:40:11.663+0000: 1653.801: [GC [PSYoungGen: 148584K->2000K(146368K)] 358449K->211937K(833344K), 0.0088740 secs] [Times: user=0.03 sys=0.00, real=0.01 secs] 
2014-07-08T21:40:14.335+0000: 1656.474: [GC [PSYoungGen: 146320K->1708K(143488K)] 356257K->211782K(830464K), 0.0199370 secs] [Times: user=0.06 sys=0.00, real=0.02 secs] 
2014-07-08T21:40:15.686+0000: 1657.824: [GC [PSYoungGen: 143468K->1844K(141120K)] 353542K->212069K(828096K), 0.0124990 secs] [Times: user=0.05 sys=0.00, real=0.01 secs] 
2014-07-08T21:40:17.344+0000: 1659.482: [GC [PSYoungGen: 141108K->1712K(138560K)] 351333K->212058K(825536K), 0.0215680 secs] [Times: user=0.08 sys=0.00, real=0.03 secs] 
2014-07-08T21:40:18.423+0000: 1660.562: [GC [PSYoungGen: 138544K->1804K(166080K)] 348890K->212246K(853056K), 0.0281880 secs] [Times: user=0.11 sys=0.00, real=0.03 secs] 
2014-07-08T21:40:20.141+0000: 1662.279: [GC [PSYoungGen: 165994K->1702K(198848K)] 376435K->212303K(885824K), 0.0077330 secs] [Times: user=0.02 sys=0.00, real=0.01 secs] 
2014-07-08T21:40:22.239+0000: 1664.377: [GC [PSYoungGen: 198799K->2014K(238592K)] 409401K->212704K(925568K), 0.0200910 secs] [Times: user=0.07 sys=0.01, real=0.02 secs] 
2014-07-08T21:40:25.851+0000: 1667.989: [GC [PSYoungGen: 238557K->1394K(232320K)] 449247K->212646K(919296K), 0.0057900 secs] [Times: user=0.02 sys=0.00, real=0.01 secs] 
2014-07-08T21:40:28.832+0000: 1670.970: [GC [PSYoungGen: 232306K->2384K(227904K)] 443558K->213788K(914880K), 0.0078120 secs] [Times: user=0.02 sys=0.00, real=0.01 secs] 
2014-07-08T21:40:30.985+0000: 1673.123: [GC [PSYoungGen: 227844K->1192K(221440K)] 439248K->213240K(908416K), 0.0284430 secs] [Times: user=0.10 sys=0.00, real=0.03 secs] 
2014-07-08T21:40:34.428+0000: 1676.566: [GC [PSYoungGen: 221416K->2427K(217600K)] 433464K->214605K(904576K), 0.0099460 secs] [Times: user=0.03 sys=0.00, real=0.01 secs] 
2014-07-08T21:40:37.129+0000: 1679.267: [GC [PSYoungGen: 217595K->1520K(211840K)] 429773K->214084K(898816K), 0.0203360 secs] [Times: user=0.08 sys=0.00, real=0.02 secs] 
2014-07-08T21:40:40.205+0000: 1682.343: [GC [PSYoungGen: 211807K->2124K(207808K)] 424371K->214800K(894784K), 0.0052880 secs] [Times: user=0.01 sys=0.00, real=0.01 secs] 
2014-07-08T21:40:43.863+0000: 1686.001: [GC [PSYoungGen: 207756K->1577K(202688K)] 420432K->214648K(889664K), 0.0175300 secs] [Times: user=0.07 sys=0.00, real=0.02 secs] 
2014-07-08T21:40:47.843+0000: 1689.981: [GC [PSYoungGen: 202665K->2529K(199296K)] 415736K->215849K(886272K), 0.0179790 secs] [Times: user=0.06 sys=0.01, real=0.02 secs] 
2014-07-08T21:40:50.644+0000: 1692.782: [GC [PSYoungGen: 199265K->996K(193536K)] 412584K->215152K(880512K), 0.0199630 secs] [Times: user=0.07 sys=0.01, real=0.02 secs] 
2014-07-08T21:40:53.640+0000: 1695.779: [GC [PSYoungGen: 193472K->2609K(191040K)] 407628K->216887K(878016K), 0.0216610 secs] [Times: user=0.08 sys=0.00, real=0.02 secs] 
2014-07-08T21:40:57.606+0000: 1699.744: [GC [PSYoungGen: 191025K->1897K(186368K)] 405303K->216719K(873344K), 0.0312120 secs] [Times: user=0.11 sys=0.00, real=0.03 secs] 
2014-07-08T21:41:01.648+0000: 1703.787: [GC [PSYoungGen: 186345K->2196K(182848K)] 401167K->217194K(869824K), 0.0214240 secs] [Times: user=0.08 sys=0.00, real=0.02 secs] 
2014-07-08T21:41:04.970+0000: 1707.109: [GC [PSYoungGen: 182804K->1772K(178688K)] 397802K->217010K(865664K), 0.0044880 secs] [Times: user=0.02 sys=0.00, real=0.01 secs] 
2014-07-08T21:41:08.251+0000: 1710.389: [GC [PSYoungGen: 178668K->2270K(175616K)] 393906K->217700K(862592K), 0.0185240 secs] [Times: user=0.06 sys=0.00, real=0.02 secs] 
2014-07-08T21:41:11.910+0000: 1714.048: [GC [PSYoungGen: 175582K->1588K(171456K)] 391012K->217218K(858432K), 0.0172890 secs] [Times: user=0.06 sys=0.00, real=0.02 secs] 
2014-07-08T21:41:15.391+0000: 1717.529: [GC [PSYoungGen: 171444K->2032K(168576K)] 387074K->217806K(855552K), 0.0106010 secs] [Times: user=0.04 sys=0.01, real=0.01 secs] 
2014-07-08T21:41:18.871+0000: 1721.009: [GC [PSYoungGen: 168560K->2028K(165312K)] 384334K->218002K(852288K), 0.0116540 secs] [Times: user=0.04 sys=0.00, real=0.01 secs] 
2014-07-08T21:41:21.861+0000: 1723.999: [GC [PSYoungGen: 165292K->1876K(162048K)] 381266K->217978K(849024K), 0.0223490 secs] [Times: user=0.07 sys=0.00, real=0.02 secs] 
2014-07-08T21:41:24.528+0000: 1726.667: [GC [PSYoungGen: 161961K->1584K(158720K)] 378064K->218036K(845696K), 0.0140540 secs] [Times: user=0.04 sys=0.00, real=0.01 secs] 
2014-07-08T21:41:27.150+0000: 1729.288: [GC [PSYoungGen: 158693K->2050K(156288K)] 375145K->218678K(843264K), 0.0282950 secs] [Times: user=0.10 sys=0.01, real=0.03 secs] 
2014-07-08T21:41:29.919+0000: 1732.057: [GC [PSYoungGen: 156226K->1726K(153024K)] 372854K->218588K(840000K), 0.0320580 secs] [Times: user=0.11 sys=0.00, real=0.03 secs] 
2014-07-08T21:41:32.775+0000: 1734.914: [GC [PSYoungGen: 152975K->1726K(150272K)] 369837K->218808K(837248K), 0.0303340 secs] [Times: user=0.12 sys=0.00, real=0.03 secs] 
2014-07-08T21:41:35.756+0000: 1737.894: [GC [PSYoungGen: 150270K->1698K(147584K)] 367352K->219134K(834560K), 0.0277840 secs] [Times: user=0.10 sys=0.00, real=0.03 secs] 
2014-07-08T21:41:38.510+0000: 1740.648: [GC [PSYoungGen: 147516K->2501K(145792K)] 364952K->220189K(832768K), 0.0168780 secs] [Times: user=0.06 sys=0.00, real=0.02 secs] 
2014-07-08T21:41:41.111+0000: 1743.249: [GC [PSYoungGen: 145733K->876K(141632K)] 363421K->219424K(828608K), 0.0121810 secs] [Times: user=0.02 sys=0.00, real=0.01 secs] 
2014-07-08T21:41:44.049+0000: 1746.187: [GC [PSYoungGen: 141612K->2286K(140608K)] 360160K->220906K(827584K), 0.0262250 secs] [Times: user=0.10 sys=0.00, real=0.02 secs] 
2014-07-08T21:41:46.943+0000: 1749.082: [GC [PSYoungGen: 140590K->1908K(137856K)] 359210K->221002K(824832K), 0.0319710 secs] [Times: user=0.11 sys=0.00, real=0.03 secs] 
2014-07-08T21:41:49.157+0000: 1751.296: [GC [PSYoungGen: 137746K->2153K(165312K)] 356840K->221392K(852288K), 0.0352730 secs] [Times: user=0.12 sys=0.00, real=0.04 secs] 
2014-07-08T21:41:51.926+0000: 1754.065: [GC [PSYoungGen: 165249K->1335K(161344K)] 384488K->221128K(848320K), 0.0110590 secs] [Times: user=0.04 sys=0.01, real=0.01 secs] 
2014-07-08T21:41:54.982+0000: 1757.121: [GC [PSYoungGen: 161335K->2189K(159232K)] 381128K->222110K(846208K), 0.0293390 secs] [Times: user=0.11 sys=0.00, real=0.03 secs] 
2014-07-08T21:41:57.489+0000: 1759.627: [GC [PSYoungGen: 159181K->1716K(155776K)] 379102K->221877K(842752K), 0.0205810 secs] [Times: user=0.07 sys=0.00, real=0.02 secs] 
2014-07-08T21:42:00.553+0000: 1762.691: [GC [PSYoungGen: 155760K->1826K(153024K)] 375921K->222173K(840000K), 0.0237570 secs] [Times: user=0.09 sys=0.00, real=0.02 secs] 
2014-07-08T21:42:03.296+0000: 1765.434: [GC [PSYoungGen: 152994K->1574K(150016K)] 373341K->222177K(836992K), 0.0290570 secs] [Times: user=0.10 sys=0.00, real=0.03 secs] 
2014-07-08T21:42:06.427+0000: 1768.566: [GC [PSYoungGen: 149973K->2344K(180480K)] 370576K->223157K(867456K), 0.0444330 secs] [Times: user=0.17 sys=0.01, real=0.05 secs] 
2014-07-08T21:42:09.631+0000: 1771.769: [GC [PSYoungGen: 180421K->1195K(175744K)] 401234K->223058K(862720K), 0.0241540 secs] [Times: user=0.10 sys=0.00, real=0.03 secs] 
2014-07-08T21:42:12.942+0000: 1775.080: [GC [PSYoungGen: 175723K->2264K(173312K)] 397586K->224247K(860288K), 0.0224780 secs] [Times: user=0.09 sys=0.00, real=0.03 secs] 
2014-07-08T21:42:16.295+0000: 1778.433: [GC [PSYoungGen: 173191K->1790K(169408K)] 395174K->224357K(856384K), 0.0395510 secs] [Times: user=0.15 sys=0.00, real=0.04 secs] 
2014-07-08T21:42:19.254+0000: 1781.392: [GC [PSYoungGen: 169406K->2249K(166656K)] 391973K->225016K(853632K), 0.0167660 secs] [Times: user=0.05 sys=0.00, real=0.01 secs] 
2014-07-08T21:42:22.180+0000: 1784.318: [GC [PSYoungGen: 166601K->1462K(162688K)] 389368K->224635K(849664K), 0.0257530 secs] [Times: user=0.09 sys=0.01, real=0.03 secs] 
2014-07-08T21:42:24.964+0000: 1787.102: [GC [PSYoungGen: 162659K->2188K(160384K)] 385832K->225489K(847360K), 0.0185790 secs] [Times: user=0.06 sys=0.00, real=0.02 secs] 
2014-07-08T21:42:27.250+0000: 1789.388: [GC [PSYoungGen: 160322K->1705K(156928K)] 383623K->225270K(843904K), 0.0143100 secs] [Times: user=0.05 sys=0.00, real=0.01 secs] 
2014-07-08T21:42:30.325+0000: 1792.463: [GC [PSYoungGen: 156905K->1876K(154240K)] 380470K->225553K(841216K), 0.0081200 secs] [Times: user=0.02 sys=0.00, real=0.01 secs] 
2014-07-08T21:42:33.902+0000: 1796.040: [GC [PSYoungGen: 154196K->1652K(151168K)] 377873K->225561K(838144K), 0.0241310 secs] [Times: user=0.09 sys=0.00, real=0.03 secs] 
2014-07-08T21:42:36.497+0000: 1798.635: [GC [PSYoungGen: 151156K->2000K(148864K)] 375065K->226077K(835840K), 0.0206330 secs] [Times: user=0.08 sys=0.00, real=0.02 secs] 
2014-07-08T21:42:39.676+0000: 1801.814: [GC [PSYoungGen: 148798K->1594K(145792K)] 372875K->226115K(832768K), 0.0160110 secs] [Times: user=0.06 sys=0.00, real=0.02 secs] 
2014-07-08T21:42:42.457+0000: 1804.596: [GC [PSYoungGen: 145785K->2469K(144128K)] 370306K->227126K(831104K), 0.0112790 secs] [Times: user=0.03 sys=0.00, real=0.01 secs] 
2014-07-08T21:42:45.108+0000: 1807.246: [GC [PSYoungGen: 144099K->940K(140096K)] 368756K->226309K(827072K), 0.0247580 secs] [Times: user=0.09 sys=0.00, real=0.02 secs] 
2014-07-08T21:42:48.197+0000: 1810.336: [GC [PSYoungGen: 140045K->2517K(139264K)] 365414K->228006K(826240K), 0.0341840 secs] [Times: user=0.12 sys=0.00, real=0.04 secs] 
2014-07-08T21:42:50.619+0000: 1812.757: [GC [PSYoungGen: 139134K->1918K(136256K)] 364623K->227962K(823232K), 0.0245020 secs] [Times: user=0.09 sys=0.00, real=0.02 secs] 
2014-07-08T21:42:52.430+0000: 1814.568: [GC [PSYoungGen: 136219K->1926K(134080K)] 362262K->228057K(821056K), 0.0142990 secs] [Times: user=0.05 sys=0.01, real=0.01 secs] 
2014-07-08T21:42:54.924+0000: 1817.063: [GC [PSYoungGen: 133984K->1908K(131840K)] 360115K->228286K(818816K), 0.0287100 secs] [Times: user=0.11 sys=0.00, real=0.03 secs] 
2014-07-08T21:42:56.801+0000: 1818.940: [GC [PSYoungGen: 131827K->2035K(129792K)] 358206K->228607K(816768K), 0.0238670 secs] [Times: user=0.09 sys=0.00, real=0.02 secs] 
2014-07-08T21:42:59.690+0000: 1821.829: [GC [PSYoungGen: 129779K->1706K(127360K)] 356351K->228523K(814336K), 0.0109720 secs] [Times: user=0.04 sys=0.00, real=0.01 secs] 
2014-07-08T21:43:02.324+0000: 1824.462: [GC [PSYoungGen: 127338K->1968K(125568K)] 354155K->228972K(812544K), 0.0162970 secs] [Times: user=0.05 sys=0.01, real=0.02 secs] 
2014-07-08T21:43:04.497+0000: 1826.635: [GC [PSYoungGen: 125552K->1708K(123328K)] 352556K->228944K(810304K), 0.0192360 secs] [Times: user=0.07 sys=0.00, real=0.02 secs] 
2014-07-08T21:43:06.625+0000: 1828.763: [GC [PSYoungGen: 123308K->2000K(121728K)] 350544K->229419K(808704K), 0.0281730 secs] [Times: user=0.10 sys=0.01, real=0.03 secs] 
2014-07-08T21:43:09.323+0000: 1831.462: [GC [PSYoungGen: 121680K->1512K(119360K)] 349099K->229312K(806336K), 0.0050410 secs] [Times: user=0.02 sys=0.00, real=0.00 secs] 
2014-07-08T21:43:11.521+0000: 1833.659: [GC [PSYoungGen: 119336K->1904K(117952K)] 347136K->229864K(804928K), 0.0206310 secs] [Times: user=0.06 sys=0.00, real=0.02 secs] 
2014-07-08T21:43:13.447+0000: 1835.586: [GC [PSYoungGen: 117879K->1720K(115968K)] 345839K->229879K(802944K), 0.0252620 secs] [Times: user=0.09 sys=0.00, real=0.03 secs] 
2014-07-08T21:43:15.166+0000: 1837.304: [GC [PSYoungGen: 115960K->2064K(114624K)] 344119K->230368K(801600K), 0.0145120 secs] [Times: user=0.05 sys=0.01, real=0.01 secs] 
2014-07-08T21:43:17.451+0000: 1839.589: [GC [PSYoungGen: 114576K->1184K(112064K)] 342880K->230588K(799040K), 0.0232870 secs] [Times: user=0.09 sys=0.00, real=0.03 secs] 
2014-07-08T21:43:19.672+0000: 1841.810: [GC [PSYoungGen: 112032K->1948K(111168K)] 341436K->231448K(798144K), 0.0223950 secs] [Times: user=0.07 sys=0.00, real=0.03 secs] 
2014-07-08T21:43:21.515+0000: 1843.653: [GC [PSYoungGen: 111107K->1954K(133056K)] 340607K->231822K(820032K), 0.0294510 secs] [Times: user=0.11 sys=0.01, real=0.03 secs] 
2014-07-08T21:43:23.418+0000: 1845.557: [GC [PSYoungGen: 133026K->1886K(130816K)] 362894K->231876K(817792K), 0.0121410 secs] [Times: user=0.03 sys=0.00, real=0.01 secs] 
2014-07-08T21:43:25.838+0000: 1847.976: [GC [PSYoungGen: 130782K->1253K(128064K)] 360772K->231864K(815040K), 0.0224110 secs] [Times: user=0.08 sys=0.00, real=0.02 secs] 
2014-07-08T21:43:28.812+0000: 1850.950: [GC [PSYoungGen: 128037K->2032K(126784K)] 358648K->232830K(813760K), 0.0172400 secs] [Times: user=0.06 sys=0.00, real=0.02 secs] 
2014-07-08T21:43:30.826+0000: 1852.965: [GC [PSYoungGen: 126766K->1851K(151552K)] 357563K->232976K(838528K), 0.0387140 secs] [Times: user=0.13 sys=0.00, real=0.04 secs] 
2014-07-08T21:43:34.523+0000: 1856.662: [GC [PSYoungGen: 151547K->1940K(181632K)] 382672K->233145K(868608K), 0.0313130 secs] [Times: user=0.11 sys=0.00, real=0.03 secs] 
2014-07-08T21:43:37.978+0000: 1860.116: [GC [PSYoungGen: 181582K->1200K(177216K)] 412788K->232987K(864192K), 0.0202070 secs] [Times: user=0.07 sys=0.01, real=0.02 secs] 
2014-07-08T21:43:40.220+0000: 1862.359: [GC [PSYoungGen: 177198K->2331K(174848K)] 408986K->234247K(861824K), 0.0226610 secs] [Times: user=0.07 sys=0.01, real=0.02 secs] 
2014-07-08T21:43:42.795+0000: 1864.933: [GC [PSYoungGen: 174811K->1455K(170496K)] 406727K->233927K(857472K), 0.0051370 secs] [Times: user=0.02 sys=0.00, real=0.01 secs] 
2014-07-08T21:43:46.179+0000: 1868.317: [GC [PSYoungGen: 170466K->2473K(168192K)] 402937K->235169K(855168K), 0.0138470 secs] [Times: user=0.05 sys=0.00, real=0.01 secs] 
2014-07-08T21:43:49.564+0000: 1871.703: [GC [PSYoungGen: 168169K->1078K(163584K)] 400865K->234660K(850560K), 0.0061210 secs] [Times: user=0.01 sys=0.00, real=0.01 secs] 
2014-07-08T21:43:52.857+0000: 1874.995: [GC [PSYoungGen: 163572K->2452K(161856K)] 397154K->236130K(848832K), 0.0400660 secs] [Times: user=0.14 sys=0.00, real=0.04 secs] 
2014-07-08T21:43:55.782+0000: 1877.920: [GC [PSYoungGen: 161812K->1840K(158208K)] 395490K->236038K(845184K), 0.0252720 secs] [Times: user=0.09 sys=0.00, real=0.02 secs] 
2014-07-08T21:43:58.209+0000: 1880.348: [GC [PSYoungGen: 158192K->2281K(155712K)] 392390K->236647K(842688K), 0.0228680 secs] [Times: user=0.08 sys=0.01, real=0.02 secs] 
2014-07-08T21:44:01.119+0000: 1883.257: [GC [PSYoungGen: 155689K->1519K(152128K)] 390055K->236359K(839104K), 0.0142880 secs] [Times: user=0.04 sys=0.01, real=0.01 secs] 
2014-07-08T21:44:04.168+0000: 1886.306: [GC [PSYoungGen: 152085K->2032K(149888K)] 386925K->237026K(836864K), 0.0107800 secs] [Times: user=0.03 sys=0.00, real=0.01 secs] 
2014-07-08T21:44:07.253+0000: 1889.391: [GC [PSYoungGen: 149872K->1954K(147136K)] 384866K->237116K(834112K), 0.0160820 secs] [Times: user=0.05 sys=0.00, real=0.01 secs] 
2014-07-08T21:44:09.372+0000: 1891.511: [GC [PSYoungGen: 147106K->1552K(144192K)] 382268K->236908K(831168K), 0.0257380 secs] [Times: user=0.07 sys=0.00, real=0.02 secs] 
2014-07-08T21:44:11.354+0000: 1893.493: [GC [PSYoungGen: 144110K->1716K(141824K)] 379466K->237240K(828800K), 0.0139080 secs] [Times: user=0.04 sys=0.01, real=0.01 secs] 
2014-07-08T21:44:14.276+0000: 1896.414: [GC [PSYoungGen: 141812K->2408K(140096K)] 377336K->238094K(827072K), 0.0192850 secs] [Times: user=0.05 sys=0.01, real=0.02 secs] 
2014-07-08T21:44:17.030+0000: 1899.168: [GC [PSYoungGen: 140043K->1264K(136576K)] 375729K->237648K(823552K), 0.0247340 secs] [Times: user=0.09 sys=0.01, real=0.03 secs] 
2014-07-08T21:44:20.235+0000: 1902.373: [GC [PSYoungGen: 136528K->2288K(135296K)] 372913K->238793K(822272K), 0.0170850 secs] [Times: user=0.06 sys=0.00, real=0.02 secs] 
2014-07-08T21:44:22.781+0000: 1904.919: [GC [PSYoungGen: 135280K->1851K(132608K)] 371785K->238866K(819584K), 0.0253260 secs] [Times: user=0.10 sys=0.00, real=0.03 secs] 
2014-07-08T21:44:25.309+0000: 1907.447: [GC [PSYoungGen: 132603K->1940K(130560K)] 369618K->239075K(817536K), 0.0375610 secs] [Times: user=0.14 sys=0.00, real=0.04 secs] 
2014-07-08T21:44:27.414+0000: 1909.553: [GC [PSYoungGen: 130516K->1709K(128192K)] 367651K->239108K(815168K), 0.0163070 secs] [Times: user=0.05 sys=0.00, real=0.01 secs] 
2014-07-08T21:44:30.483+0000: 1912.621: [GC [PSYoungGen: 128173K->2000K(126464K)] 365572K->239487K(813440K), 0.0215160 secs] [Times: user=0.07 sys=0.01, real=0.02 secs] 
2014-07-08T21:44:32.806+0000: 1914.944: [GC [PSYoungGen: 126416K->1650K(124096K)] 363903K->239591K(811072K), 0.0162120 secs] [Times: user=0.06 sys=0.00, real=0.01 secs] 
2014-07-08T21:44:35.006+0000: 1917.144: [GC [PSYoungGen: 124049K->1986K(122560K)] 361990K->240063K(809536K), 0.0151220 secs] [Times: user=0.05 sys=0.00, real=0.01 secs] 
2014-07-08T21:44:37.867+0000: 1920.006: [GC [PSYoungGen: 122498K->1583K(120256K)] 360575K->240246K(807232K), 0.0106350 secs] [Times: user=0.03 sys=0.00, real=0.01 secs] 
2014-07-08T21:44:39.042+0000: 1921.180: [GC [PSYoungGen: 120236K->1968K(118784K)] 358899K->240743K(805760K), 0.0127360 secs] [Times: user=0.04 sys=0.00, real=0.01 secs] 
2014-07-08T21:44:40.338+0000: 1922.476: [GC [PSYoungGen: 118768K->1580K(116608K)] 357543K->240627K(803584K), 0.0153900 secs] [Times: user=0.05 sys=0.00, real=0.01 secs] 
2014-07-08T21:44:41.889+0000: 1924.027: [GC [PSYoungGen: 116588K->1588K(114880K)] 355635K->240707K(801856K), 0.0175490 secs] [Times: user=0.05 sys=0.00, real=0.02 secs] 
2014-07-08T21:44:43.180+0000: 1925.318: [GC [PSYoungGen: 114868K->1978K(137920K)] 353987K->241291K(824896K), 0.0227430 secs] [Times: user=0.08 sys=0.00, real=0.02 secs] 
2014-07-08T21:44:44.906+0000: 1927.045: [GC [PSYoungGen: 137914K->2060K(165248K)] 377227K->241517K(852224K), 0.0243420 secs] [Times: user=0.09 sys=0.00, real=0.02 secs] 
2014-07-08T21:44:47.388+0000: 1929.526: [GC [PSYoungGen: 165188K->1070K(196864K)] 404645K->241422K(883840K), 0.0253820 secs] [Times: user=0.08 sys=0.00, real=0.02 secs] 
2014-07-08T21:44:50.590+0000: 1932.728: [GC [PSYoungGen: 196846K->2080K(237056K)] 437198K->242511K(924032K), 0.0361760 secs] [Times: user=0.13 sys=0.00, real=0.04 secs] 
2014-07-08T21:44:53.465+0000: 1935.603: [GC [PSYoungGen: 237024K->1833K(231232K)] 477455K->242908K(918208K), 0.0115440 secs] [Times: user=0.04 sys=0.00, real=0.01 secs] 
2014-07-08T21:44:55.798+0000: 1937.936: [GC [PSYoungGen: 231209K->2093K(277376K)] 472284K->243312K(964352K), 0.0282720 secs] [Times: user=0.11 sys=0.00, real=0.02 secs] 
2014-07-08T21:44:59.154+0000: 1941.292: [GC [PSYoungGen: 277354K->1330K(269504K)] 518573K->243176K(956480K), 0.0065440 secs] [Times: user=0.02 sys=0.00, real=0.01 secs] 
2014-07-08T21:45:02.971+0000: 1945.109: [GC [PSYoungGen: 269490K->2285K(263680K)] 511336K->244234K(950656K), 0.0196280 secs] [Times: user=0.07 sys=0.00, real=0.02 secs] 
2014-07-08T21:45:06.055+0000: 1948.193: [GC [PSYoungGen: 263660K->1534K(256384K)] 505609K->243854K(943360K), 0.0093120 secs] [Times: user=0.03 sys=0.00, real=0.01 secs] 
2014-07-08T21:45:08.880+0000: 1951.019: [GC [PSYoungGen: 256375K->2000K(250624K)] 498695K->244472K(937600K), 0.0194970 secs] [Times: user=0.06 sys=0.00, real=0.02 secs] 
2014-07-08T21:45:11.905+0000: 1954.043: [GC [PSYoungGen: 250576K->1584K(244096K)] 493048K->244336K(931072K), 0.0112830 secs] [Times: user=0.03 sys=0.00, real=0.01 secs] 
2014-07-08T21:45:15.385+0000: 1957.523: [GC [PSYoungGen: 244080K->2466K(239168K)] 486832K->245337K(926144K), 0.0136920 secs] [Times: user=0.04 sys=0.00, real=0.01 secs] 
2014-07-08T21:45:18.219+0000: 1960.357: [GC [PSYoungGen: 239138K->940K(232000K)] 482009K->244531K(918976K), 0.0319010 secs] [Times: user=0.11 sys=0.00, real=0.03 secs] 
2014-07-08T21:45:21.061+0000: 1963.199: [GC [PSYoungGen: 231980K->2200K(227840K)] 475571K->245880K(914816K), 0.0283580 secs] [Times: user=0.10 sys=0.01, real=0.03 secs] 
2014-07-08T21:45:24.447+0000: 1966.586: [GC [PSYoungGen: 227799K->2089K(222464K)] 471479K->246176K(909440K), 0.0146460 secs] [Times: user=0.05 sys=0.01, real=0.02 secs] 
2014-07-08T21:45:27.883+0000: 1970.021: [GC [PSYoungGen: 222441K->2348K(217664K)] 466528K->246596K(904640K), 0.0179820 secs] [Times: user=0.06 sys=0.00, real=0.01 secs] 
2014-07-08T21:45:29.863+0000: 1972.001: [GC [PSYoungGen: 217627K->1078K(211520K)] 461875K->246070K(898496K), 0.0102560 secs] [Times: user=0.03 sys=0.00, real=0.01 secs] 
2014-07-08T21:45:32.763+0000: 1974.901: [GC [PSYoungGen: 211510K->1798K(207616K)] 456502K->246846K(894592K), 0.0170260 secs] [Times: user=0.06 sys=0.00, real=0.01 secs] 
2014-07-08T21:45:35.163+0000: 1977.301: [GC [PSYoungGen: 207536K->2303K(203520K)] 452584K->247544K(890496K), 0.0255710 secs] [Times: user=0.09 sys=0.01, real=0.03 secs] 
2014-07-08T21:45:37.821+0000: 1979.959: [GC [PSYoungGen: 203518K->2281K(199168K)] 448759K->247658K(886144K), 0.0118530 secs] [Times: user=0.04 sys=0.00, real=0.01 secs] 
2014-07-08T21:45:40.064+0000: 1982.203: [GC [PSYoungGen: 199145K->932K(193600K)] 444522K->247237K(880576K), 0.0096880 secs] [Times: user=0.03 sys=0.00, real=0.01 secs] 
2014-07-08T21:45:42.242+0000: 1984.380: [GC [PSYoungGen: 193572K->2176K(190784K)] 439877K->248553K(877760K), 0.0114860 secs] [Times: user=0.04 sys=0.00, real=0.01 secs] 
2014-07-08T21:45:44.651+0000: 1986.789: [GC [PSYoungGen: 190673K->2156K(186752K)] 437050K->248952K(873728K), 0.0130400 secs] [Times: user=0.04 sys=0.00, real=0.01 secs] 
2014-07-08T21:45:46.625+0000: 1988.763: [GC [PSYoungGen: 186719K->1862K(182656K)] 433514K->248809K(869632K), 0.0217650 secs] [Times: user=0.08 sys=0.00, real=0.03 secs] 
2014-07-08T21:45:49.542+0000: 1991.680: [GC [PSYoungGen: 182579K->1332K(178368K)] 429527K->248535K(865344K), 0.0198480 secs] [Times: user=0.07 sys=0.00, real=0.02 secs] 
2014-07-08T21:45:51.474+0000: 1993.612: [GC [PSYoungGen: 178356K->2216K(175680K)] 425559K->249532K(862656K), 0.0136200 secs] [Times: user=0.05 sys=0.00, real=0.02 secs] 
2014-07-08T21:45:53.271+0000: 1995.409: [GC [PSYoungGen: 175643K->1854K(171840K)] 422958K->249404K(858816K), 0.0127760 secs] [Times: user=0.05 sys=0.00, real=0.01 secs] 
2014-07-08T21:45:55.098+0000: 1997.236: [GC [PSYoungGen: 171838K->1890K(168576K)] 419388K->249592K(855552K), 0.0142340 secs] [Times: user=0.05 sys=0.00, real=0.01 secs] 
2014-07-08T21:45:57.123+0000: 1999.262: [GC [PSYoungGen: 168468K->1658K(165056K)] 416169K->249808K(852032K), 0.0144300 secs] [Times: user=0.05 sys=0.00, real=0.02 secs] 
2014-07-08T21:45:59.931+0000: 2002.069: [GC [PSYoungGen: 165050K->1748K(162048K)] 413199K->250009K(849024K), 0.0125350 secs] [Times: user=0.05 sys=0.00, real=0.01 secs] 
2014-07-08T21:46:01.586+0000: 2003.725: [GC [PSYoungGen: 162004K->1836K(159040K)] 410265K->250298K(846016K), 0.0280910 secs] [Times: user=0.11 sys=0.00, real=0.03 secs] 
2014-07-08T21:46:03.620+0000: 2005.758: [GC [PSYoungGen: 159020K->2469K(191168K)] 407482K->250979K(878144K), 0.0278560 secs] [Times: user=0.10 sys=0.00, real=0.03 secs] 
2014-07-08T21:46:05.451+0000: 2007.589: [GC [PSYoungGen: 191141K->826K(227264K)] 439651K->250222K(914240K), 0.0259230 secs] [Times: user=0.10 sys=0.00, real=0.02 secs] 
2014-07-08T21:46:08.825+0000: 2010.964: [GC [PSYoungGen: 227258K->2420K(274176K)] 476654K->251897K(961152K), 0.0232900 secs] [Times: user=0.08 sys=0.00, real=0.03 secs] 
2014-07-08T21:46:11.801+0000: 2013.939: [GC [PSYoungGen: 274164K->2153K(267008K)] 523641K->252069K(953984K), 0.0142590 secs] [Times: user=0.04 sys=0.00, real=0.01 secs] 
2014-07-08T21:46:14.842+0000: 2016.981: [GC [PSYoungGen: 266985K->1936K(260160K)] 516901K->251981K(947136K), 0.0138050 secs] [Times: user=0.05 sys=0.00, real=0.01 secs] 
2014-07-08T21:46:20.447+0000: 2022.585: [GC [PSYoungGen: 260112K->1640K(253440K)] 510157K->252129K(940416K), 0.0251720 secs] [Times: user=0.09 sys=0.00, real=0.03 secs] 
2014-07-08T21:46:24.707+0000: 2026.845: [GC [PSYoungGen: 253369K->2533K(248128K)] 503858K->253190K(935104K), 0.0287690 secs] [Times: user=0.10 sys=0.00, real=0.03 secs] 
2014-07-08T21:46:29.697+0000: 2031.835: [GC [PSYoungGen: 248101K->1323K(240960K)] 498757K->252889K(927936K), 0.0055810 secs] [Times: user=0.02 sys=0.00, real=0.01 secs] 
2014-07-08T21:46:34.879+0000: 2037.018: [GC [PSYoungGen: 240936K->2719K(236608K)] 492503K->254429K(923584K), 0.0435370 secs] [Times: user=0.15 sys=0.00, real=0.05 secs] 
2014-07-08T21:46:39.404+0000: 2041.542: [GC [PSYoungGen: 236575K->1598K(229952K)] 488285K->253965K(916928K), 0.0270380 secs] [Times: user=0.10 sys=0.00, real=0.02 secs] 
2014-07-08T21:46:43.263+0000: 2045.401: [GC [PSYoungGen: 229950K->2064K(225152K)] 482317K->254599K(912128K), 0.0128470 secs] [Times: user=0.03 sys=0.00, real=0.02 secs] 
2014-07-08T21:46:48.336+0000: 2050.474: [GC [PSYoungGen: 225104K->2036K(219968K)] 477639K->254738K(906944K), 0.0370620 secs] [Times: user=0.13 sys=0.00, real=0.03 secs] 
2014-07-08T21:46:52.622+0000: 2054.760: [GC [PSYoungGen: 219941K->2189K(215168K)] 472644K->255107K(902144K), 0.0246280 secs] [Times: user=0.09 sys=0.00, real=0.03 secs] 
2014-07-08T21:46:56.778+0000: 2058.916: [GC [PSYoungGen: 215117K->1402K(209536K)] 468035K->254807K(896512K), 0.0236870 secs] [Times: user=0.09 sys=0.00, real=0.02 secs] 
2014-07-08T21:47:00.627+0000: 2062.765: [GC [PSYoungGen: 209511K->1990K(205568K)] 462916K->255586K(892544K), 0.0236060 secs] [Times: user=0.08 sys=0.00, real=0.02 secs] 
2014-07-08T21:47:04.816+0000: 2066.954: [GC [PSYoungGen: 205510K->2092K(201152K)] 459106K->255889K(888128K), 0.0240980 secs] [Times: user=0.09 sys=0.01, real=0.03 secs] 
2014-07-08T21:47:08.926+0000: 2071.064: [GC [PSYoungGen: 201132K->2345K(197120K)] 454929K->256349K(884096K), 0.0101610 secs] [Times: user=0.04 sys=0.00, real=0.01 secs] 
2014-07-08T21:47:12.449+0000: 2074.587: [GC [PSYoungGen: 197089K->1081K(191680K)] 451094K->256017K(878656K), 0.0248850 secs] [Times: user=0.09 sys=0.00, real=0.02 secs] 
2014-07-08T21:47:16.311+0000: 2078.449: [GC [PSYoungGen: 191673K->2733K(189312K)] 446609K->257797K(876288K), 0.0221210 secs] [Times: user=0.07 sys=0.00, real=0.02 secs] 
2014-07-08T21:47:19.132+0000: 2081.271: [GC [PSYoungGen: 189239K->1720K(184384K)] 444303K->257352K(871360K), 0.0424610 secs] [Times: user=0.14 sys=0.00, real=0.04 secs] 
2014-07-08T21:47:22.794+0000: 2084.932: [GC [PSYoungGen: 184376K->2156K(181056K)] 440008K->257900K(868032K), 0.0247840 secs] [Times: user=0.09 sys=0.00, real=0.02 secs] 
2014-07-08T21:47:26.433+0000: 2088.572: [GC [PSYoungGen: 181036K->1904K(177152K)] 436780K->257816K(864128K), 0.0319590 secs] [Times: user=0.12 sys=0.00, real=0.03 secs] 
2014-07-08T21:47:29.579+0000: 2091.717: [GC [PSYoungGen: 177116K->2345K(174080K)] 433028K->258433K(861056K), 0.0222900 secs] [Times: user=0.08 sys=0.00, real=0.03 secs] 
2014-07-08T21:47:32.300+0000: 2094.438: [GC [PSYoungGen: 174054K->1406K(169728K)] 430142K->257856K(856704K), 0.0166880 secs] [Times: user=0.06 sys=0.00, real=0.02 secs] 
2014-07-08T21:47:35.659+0000: 2097.797: [GC [PSYoungGen: 169714K->1976K(167040K)] 426164K->258546K(854016K), 0.0375010 secs] [Times: user=0.14 sys=0.00, real=0.04 secs] 
2014-07-08T21:47:38.171+0000: 2100.309: [GC [PSYoungGen: 167032K->2281K(164160K)] 423602K->259101K(851136K), 0.0180700 secs] [Times: user=0.06 sys=0.00, real=0.02 secs] 
2014-07-08T21:47:40.629+0000: 2102.767: [GC [PSYoungGen: 164134K->1968K(160768K)] 420954K->258916K(847744K), 0.0180030 secs] [Times: user=0.06 sys=0.01, real=0.02 secs] 
2014-07-08T21:47:43.020+0000: 2105.158: [GC [PSYoungGen: 160752K->1520K(157312K)] 417700K->258716K(844288K), 0.0213260 secs] [Times: user=0.08 sys=0.00, real=0.02 secs] 
2014-07-08T21:47:45.741+0000: 2107.879: [GC [PSYoungGen: 157204K->2288K(155200K)] 414400K->259620K(842176K), 0.0258470 secs] [Times: user=0.09 sys=0.00, real=0.03 secs] 
2014-07-08T21:47:49.421+0000: 2111.560: [GC [PSYoungGen: 155147K->1968K(152064K)] 412479K->259556K(839040K), 0.0137610 secs] [Times: user=0.05 sys=0.00, real=0.02 secs] 
2014-07-08T21:47:50.991+0000: 2113.129: [GC [PSYoungGen: 152048K->2312K(149696K)] 409636K->260036K(836672K), 0.0246550 secs] [Times: user=0.09 sys=0.00, real=0.03 secs] 
2014-07-08T21:47:53.308+0000: 2115.446: [GC [PSYoungGen: 149602K->1314K(146048K)] 407326K->259352K(833024K), 0.0170450 secs] [Times: user=0.06 sys=0.01, real=0.02 secs] 
2014-07-08T21:47:56.411+0000: 2118.549: [GC [PSYoungGen: 146018K->1876K(144064K)] 404056K->260050K(831040K), 0.0164380 secs] [Times: user=0.06 sys=0.01, real=0.02 secs] 
2014-07-08T21:47:59.508+0000: 2121.646: [GC [PSYoungGen: 143984K->2267K(141952K)] 402159K->260625K(828928K), 0.0127420 secs] [Times: user=0.05 sys=0.00, real=0.01 secs] 
2014-07-08T21:48:02.747+0000: 2124.886: [GC [PSYoungGen: 141915K->1844K(139072K)] 400273K->260322K(826048K), 0.0230490 secs] [Times: user=0.08 sys=0.00, real=0.02 secs] 
2014-07-08T21:48:05.485+0000: 2127.623: [GC [PSYoungGen: 138967K->1516K(136384K)] 397446K->260538K(823360K), 0.0389990 secs] [Times: user=0.14 sys=0.00, real=0.04 secs] 
2014-07-08T21:48:08.679+0000: 2130.817: [GC [PSYoungGen: 136322K->2389K(134976K)] 395344K->261579K(821952K), 0.0379220 secs] [Times: user=0.13 sys=0.01, real=0.03 secs] 
2014-07-08T21:48:10.806+0000: 2132.944: [GC [PSYoungGen: 134923K->1448K(131776K)] 394113K->261365K(818752K), 0.0244370 secs] [Times: user=0.08 sys=0.00, real=0.03 secs] 
2014-07-08T21:48:12.789+0000: 2134.927: [GC [PSYoungGen: 131752K->1822K(129984K)] 391669K->261877K(816960K), 0.0202990 secs] [Times: user=0.07 sys=0.00, real=0.02 secs] 
2014-07-08T21:48:14.863+0000: 2137.002: [GC [PSYoungGen: 129911K->2235K(156032K)] 389965K->262538K(843008K), 0.0352600 secs] [Times: user=0.13 sys=0.00, real=0.04 secs] 
2014-07-08T21:48:18.175+0000: 2140.313: [GC [PSYoungGen: 156024K->1872K(152896K)] 416326K->262361K(839872K), 0.0158740 secs] [Times: user=0.06 sys=0.00, real=0.02 secs] 
2014-07-08T21:48:21.337+0000: 2143.475: [GC [PSYoungGen: 152846K->1524K(149760K)] 413335K->262389K(836736K), 0.0227990 secs] [Times: user=0.07 sys=0.00, real=0.03 secs] 
2014-07-08T21:48:24.286+0000: 2146.424: [GC [PSYoungGen: 149748K->1968K(147520K)] 410613K->263003K(834496K), 0.0355670 secs] [Times: user=0.13 sys=0.00, real=0.04 secs] 
2014-07-08T21:48:27.176+0000: 2149.314: [GC [PSYoungGen: 147502K->1928K(144896K)] 408537K->263319K(831872K), 0.0191930 secs] [Times: user=0.06 sys=0.00, real=0.02 secs] 
2014-07-08T21:48:29.913+0000: 2152.052: [GC [PSYoungGen: 144840K->2533K(142976K)] 406231K->264108K(829952K), 0.0332040 secs] [Times: user=0.12 sys=0.00, real=0.03 secs] 
2014-07-08T21:48:31.850+0000: 2153.988: [GC [PSYoungGen: 142949K->868K(169408K)] 404524K->263331K(856384K), 0.0240990 secs] [Times: user=0.08 sys=0.00, real=0.03 secs] 
2014-07-08T21:48:34.549+0000: 2156.687: [GC [PSYoungGen: 169380K->2453K(204736K)] 431843K->264988K(891712K), 0.0247380 secs] [Times: user=0.09 sys=0.00, real=0.03 secs] 
2014-07-08T21:48:38.240+0000: 2160.378: [GC [PSYoungGen: 204673K->2160K(200000K)] 467208K->265111K(886976K), 0.0195440 secs] [Times: user=0.06 sys=0.00, real=0.02 secs] 
2014-07-08T21:48:41.833+0000: 2163.971: [GC [PSYoungGen: 199984K->2032K(195584K)] 462935K->265151K(882560K), 0.0189140 secs] [Times: user=0.06 sys=0.00, real=0.02 secs] 
2014-07-08T21:48:45.350+0000: 2167.488: [GC [PSYoungGen: 195524K->1454K(190912K)] 458642K->265449K(877888K), 0.0352370 secs] [Times: user=0.13 sys=0.00, real=0.04 secs] 
2014-07-08T21:48:48.586+0000: 2170.724: [GC [PSYoungGen: 190894K->2218K(187712K)] 454889K->266389K(874688K), 0.0178290 secs] [Times: user=0.07 sys=0.00, real=0.02 secs] 
2014-07-08T21:48:52.187+0000: 2174.325: [GC [PSYoungGen: 187690K->1836K(183488K)] 451861K->266498K(870464K), 0.0332610 secs] [Times: user=0.12 sys=0.00, real=0.03 secs] 
2014-07-08T21:48:55.741+0000: 2177.879: [GC [PSYoungGen: 183459K->2516K(180480K)] 448121K->267313K(867456K), 0.0307160 secs] [Times: user=0.10 sys=0.00, real=0.03 secs] 
2014-07-08T21:48:59.137+0000: 2181.275: [GC [PSYoungGen: 180436K->1120K(175488K)] 445233K->266746K(862464K), 0.0095530 secs] [Times: user=0.03 sys=0.01, real=0.01 secs] 
2014-07-08T21:49:02.707+0000: 2184.845: [GC [PSYoungGen: 175456K->2559K(173440K)] 441082K->268296K(860416K), 0.0308990 secs] [Times: user=0.11 sys=0.00, real=0.03 secs] 
2014-07-08T21:49:05.256+0000: 2187.394: [GC [PSYoungGen: 173439K->1968K(169472K)] 439176K->268095K(856448K), 0.0230260 secs] [Times: user=0.09 sys=0.00, real=0.02 secs] 
2014-07-08T21:49:08.089+0000: 2190.227: [GC [PSYoungGen: 169436K->2086K(166336K)] 435563K->268366K(853312K), 0.0214870 secs] [Times: user=0.08 sys=0.00, real=0.02 secs] 
2014-07-08T21:49:11.148+0000: 2193.286: [GC [PSYoungGen: 166284K->1720K(162816K)] 432564K->268257K(849792K), 0.0369120 secs] [Times: user=0.14 sys=0.00, real=0.03 secs] 
2014-07-08T21:49:14.402+0000: 2196.541: [GC [PSYoungGen: 162762K->2377K(160448K)] 429300K->269018K(847424K), 0.0297560 secs] [Times: user=0.11 sys=0.00, real=0.03 secs] 
2014-07-08T21:49:16.667+0000: 2198.805: [GC [PSYoungGen: 160393K->1526K(156608K)] 427034K->268702K(843584K), 0.0085090 secs] [Times: user=0.03 sys=0.00, real=0.00 secs] 
2014-07-08T21:49:18.585+0000: 2200.723: [GC [PSYoungGen: 156598K->2161K(154368K)] 423774K->269480K(841344K), 0.0081530 secs] [Times: user=0.02 sys=0.01, real=0.01 secs] 
2014-07-08T21:49:19.991+0000: 2202.130: [GC [PSYoungGen: 154293K->1837K(151232K)] 421612K->269332K(838208K), 0.0143540 secs] [Times: user=0.05 sys=0.00, real=0.01 secs] 
2014-07-08T21:49:22.461+0000: 2204.599: [GC [PSYoungGen: 151212K->1812K(148544K)] 418708K->269379K(835520K), 0.0256670 secs] [Times: user=0.09 sys=0.00, real=0.02 secs] 
2014-07-08T21:49:24.508+0000: 2206.646: [GC [PSYoungGen: 148500K->1840K(145920K)] 416067K->269631K(832896K), 0.0116230 secs] [Times: user=0.04 sys=0.00, real=0.02 secs] 
2014-07-08T21:49:26.061+0000: 2208.199: [GC [PSYoungGen: 145902K->2156K(143680K)] 413694K->270132K(830656K), 0.0156340 secs] [Times: user=0.05 sys=0.00, real=0.01 secs] 
2014-07-08T21:49:28.458+0000: 2210.597: [GC [PSYoungGen: 143659K->1403K(140416K)] 411635K->269728K(827392K), 0.0177500 secs] [Times: user=0.05 sys=0.00, real=0.02 secs] 
2014-07-08T21:49:30.012+0000: 2212.150: [GC [PSYoungGen: 140389K->2121K(138752K)] 408714K->270573K(825728K), 0.0234210 secs] [Times: user=0.09 sys=0.00, real=0.02 secs] 
2014-07-08T21:49:31.472+0000: 2213.610: [GC [PSYoungGen: 138696K->1850K(165760K)] 407149K->270521K(852736K), 0.0300320 secs] [Times: user=0.11 sys=0.00, real=0.03 secs] 
2014-07-08T21:49:33.134+0000: 2215.272: [GC [PSYoungGen: 165752K->2160K(198912K)] 434423K->270919K(885888K), 0.0150610 secs] [Times: user=0.05 sys=0.00, real=0.02 secs] 
2014-07-08T21:49:35.630+0000: 2217.768: [GC [PSYoungGen: 198896K->1150K(237248K)] 467655K->270394K(924224K), 0.0187230 secs] [Times: user=0.07 sys=0.00, real=0.02 secs] 
2014-07-08T21:49:39.035+0000: 2221.174: [GC [PSYoungGen: 237246K->2239K(232704K)] 506490K->271619K(919680K), 0.0217450 secs] [Times: user=0.06 sys=0.00, real=0.02 secs] 
2014-07-08T21:49:42.319+0000: 2224.457: [GC [PSYoungGen: 232680K->1901K(227008K)] 502061K->271492K(913984K), 0.0129420 secs] [Times: user=0.04 sys=0.00, real=0.02 secs] 
2014-07-08T21:49:45.145+0000: 2227.284: [GC [PSYoungGen: 226978K->2331K(222272K)] 496568K->272050K(909248K), 0.0130890 secs] [Times: user=0.03 sys=0.00, real=0.01 secs] 
2014-07-08T21:49:48.005+0000: 2230.143: [GC [PSYoungGen: 222235K->874K(215744K)] 491954K->271915K(902720K), 0.0049890 secs] [Times: user=0.02 sys=0.00, real=0.00 secs] 
2014-07-08T21:49:50.133+0000: 2232.271: [GC [PSYoungGen: 215722K->2438K(212480K)] 486763K->273560K(899456K), 0.0134300 secs] [Times: user=0.04 sys=0.00, real=0.01 secs] 
2014-07-08T21:49:53.427+0000: 2235.565: [GC [PSYoungGen: 212402K->1890K(207232K)] 483523K->273502K(894208K), 0.0070330 secs] [Times: user=0.03 sys=0.00, real=0.01 secs] 
2014-07-08T21:49:56.093+0000: 2238.231: [GC [PSYoungGen: 207187K->1862K(202688K)] 478799K->273633K(889664K), 0.0070570 secs] [Times: user=0.01 sys=0.00, real=0.00 secs] 
2014-07-08T21:49:58.294+0000: 2240.432: [GC [PSYoungGen: 202630K->1684K(198144K)] 474401K->273615K(885120K), 0.0138650 secs] [Times: user=0.05 sys=0.00, real=0.01 secs] 
2014-07-08T21:50:00.810+0000: 2242.949: [GC [PSYoungGen: 198056K->2298K(194496K)] 469988K->274342K(881472K), 0.0220380 secs] [Times: user=0.09 sys=0.00, real=0.02 secs] 
2014-07-08T21:50:03.970+0000: 2246.108: [GC [PSYoungGen: 194490K->1520K(189632K)] 466534K->273740K(876608K), 0.0208310 secs] [Times: user=0.05 sys=0.00, real=0.02 secs] 
2014-07-08T21:50:05.940+0000: 2248.078: [GC [PSYoungGen: 189602K->2018K(186240K)] 461822K->274430K(873216K), 0.0165910 secs] [Times: user=0.06 sys=0.00, real=0.02 secs] 
2014-07-08T21:50:07.593+0000: 2249.731: [GC [PSYoungGen: 186181K->1978K(182400K)] 458592K->274592K(869376K), 0.0227920 secs] [Times: user=0.09 sys=0.00, real=0.03 secs] 
2014-07-08T21:50:10.037+0000: 2252.175: [GC [PSYoungGen: 182394K->1968K(178688K)] 455008K->274670K(865664K), 0.0274120 secs] [Times: user=0.10 sys=0.00, real=0.02 secs] 
2014-07-08T21:50:11.740+0000: 2253.878: [GC [PSYoungGen: 178671K->1466K(213568K)] 451373K->274562K(900544K), 0.0230650 secs] [Times: user=0.08 sys=0.01, real=0.02 secs] 
2014-07-08T21:50:14.270+0000: 2256.408: [GC [PSYoungGen: 213542K->1908K(256448K)] 486638K->275099K(943424K), 0.0572400 secs] [Times: user=0.21 sys=0.00, real=0.06 secs] 
2014-07-08T21:50:18.042+0000: 2260.181: [GC [PSYoungGen: 256436K->1914K(307392K)] 529627K->275428K(994368K), 0.0284920 secs] [Times: user=0.10 sys=0.00, real=0.03 secs] 
2014-07-08T21:50:22.340+0000: 2264.478: [GC [PSYoungGen: 307386K->2188K(368832K)] 580900K->275878K(1055808K), 0.0236900 secs] [Times: user=0.08 sys=0.00, real=0.02 secs] 
2014-07-08T21:50:25.945+0000: 2268.083: [GC [PSYoungGen: 368780K->1132K(356992K)] 642470K->275810K(1043968K), 0.0257880 secs] [Times: user=0.09 sys=0.01, real=0.03 secs] 
2014-07-08T21:50:30.735+0000: 2272.874: [GC [PSYoungGen: 356972K->1876K(347456K)] 631650K->276722K(1034432K), 0.0105980 secs] [Times: user=0.04 sys=0.00, real=0.01 secs] 
2014-07-08T21:50:34.813+0000: 2276.951: [GC [PSYoungGen: 347412K->1972K(337664K)] 622258K->276986K(1024640K), 0.0183840 secs] [Times: user=0.05 sys=0.00, real=0.02 secs] 
2014-07-08T21:50:39.954+0000: 2282.092: [GC [PSYoungGen: 337650K->2409K(328640K)] 612665K->277639K(1015616K), 0.0240150 secs] [Times: user=0.08 sys=0.00, real=0.02 secs] 
2014-07-08T21:50:43.351+0000: 2285.490: [GC [PSYoungGen: 328617K->750K(317888K)] 603847K->277436K(1004864K), 0.0215450 secs] [Times: user=0.08 sys=0.00, real=0.02 secs] 
2014-07-08T21:50:48.122+0000: 2290.260: [GC [PSYoungGen: 317870K->2608K(311040K)] 594556K->279646K(998016K), 0.0205320 secs] [Times: user=0.07 sys=0.00, real=0.02 secs] 
2014-07-08T21:50:53.693+0000: 2295.831: [GC [PSYoungGen: 311024K->1912K(301952K)] 588062K->279665K(988928K), 0.0157310 secs] [Times: user=0.06 sys=0.00, real=0.01 secs] 
2014-07-08T21:50:57.270+0000: 2299.409: [GC [PSYoungGen: 301944K->2220K(294208K)] 579697K->280198K(981184K), 0.0259390 secs] [Times: user=0.09 sys=0.01, real=0.03 secs] 
2014-07-08T21:51:03.529+0000: 2305.667: [GC [PSYoungGen: 294165K->1890K(286144K)] 572142K->280084K(973120K), 0.0249110 secs] [Times: user=0.09 sys=0.00, real=0.03 secs] 
2014-07-08T21:51:08.368+0000: 2310.506: [GC [PSYoungGen: 286114K->2629K(279488K)] 564308K->281062K(966464K), 0.0223550 secs] [Times: user=0.07 sys=0.01, real=0.02 secs] 
2014-07-08T21:51:13.478+0000: 2315.616: [GC [PSYoungGen: 279414K->1206K(270912K)] 557847K->280528K(957888K), 0.0207590 secs] [Times: user=0.06 sys=0.01, real=0.02 secs] 
2014-07-08T21:51:19.537+0000: 2321.675: [GC [PSYoungGen: 270888K->2104K(264960K)] 550210K->281618K(951936K), 0.0169610 secs] [Times: user=0.06 sys=0.00, real=0.01 secs] 
2014-07-08T21:51:24.519+0000: 2326.657: [GC [PSYoungGen: 264930K->2427K(258688K)] 544444K->282289K(945664K), 0.0297860 secs] [Times: user=0.11 sys=0.00, real=0.03 secs] 
2014-07-08T21:51:28.916+0000: 2331.054: [GC [PSYoungGen: 258683K->1780K(251712K)] 538545K->281874K(938688K), 0.0184430 secs] [Times: user=0.07 sys=0.00, real=0.02 secs] 
2014-07-08T21:51:34.169+0000: 2336.307: [GC [PSYoungGen: 251700K->1598K(245376K)] 531794K->282078K(932352K), 0.0249660 secs] [Times: user=0.09 sys=0.00, real=0.02 secs] 
2014-07-08T21:51:38.466+0000: 2340.604: [GC [PSYoungGen: 245374K->2313K(240256K)] 525854K->283009K(927232K), 0.0232040 secs] [Times: user=0.09 sys=0.01, real=0.03 secs] 
2014-07-08T21:51:43.532+0000: 2345.670: [GC [PSYoungGen: 240201K->1836K(234048K)] 520897K->282894K(921024K), 0.0229450 secs] [Times: user=0.08 sys=0.00, real=0.02 secs] 
2014-07-08T21:51:48.675+0000: 2350.814: [GC [PSYoungGen: 234028K->2160K(228928K)] 515086K->283418K(915904K), 0.0193230 secs] [Times: user=0.07 sys=0.00, real=0.02 secs] 
2014-07-08T21:51:52.724+0000: 2354.862: [GC [PSYoungGen: 228912K->1648K(223168K)] 510170K->283234K(910144K), 0.0240140 secs] [Times: user=0.08 sys=0.00, real=0.02 secs] 
2014-07-08T21:51:56.939+0000: 2359.077: [GC [PSYoungGen: 223152K->2128K(218624K)] 504738K->283874K(905600K), 0.0271850 secs] [Times: user=0.10 sys=0.00, real=0.03 secs] 
2014-07-08T21:52:01.243+0000: 2363.381: [GC [PSYoungGen: 218576K->1712K(213248K)] 500322K->283738K(900224K), 0.0343450 secs] [Times: user=0.12 sys=0.00, real=0.03 secs] 
2014-07-08T21:52:04.966+0000: 2367.104: [GC [PSYoungGen: 213222K->2239K(209024K)] 495248K->284409K(896000K), 0.0356680 secs] [Times: user=0.13 sys=0.00, real=0.03 secs] 
2014-07-08T21:52:08.886+0000: 2371.024: [GC [PSYoungGen: 209023K->1444K(203712K)] 491193K->284363K(890688K), 0.0228860 secs] [Times: user=0.09 sys=0.00, real=0.02 secs] 
2014-07-08T21:52:13.302+0000: 2375.441: [GC [PSYoungGen: 203664K->1908K(199744K)] 486583K->284986K(886720K), 0.0337490 secs] [Times: user=0.12 sys=0.00, real=0.04 secs] 
2014-07-08T21:52:16.803+0000: 2378.941: [GC [PSYoungGen: 199700K->1914K(195456K)] 482779K->285371K(882432K), 0.0202060 secs] [Times: user=0.06 sys=0.00, real=0.02 secs] 
2014-07-08T21:52:20.936+0000: 2383.074: [GC [PSYoungGen: 195441K->1926K(191424K)] 478897K->285624K(878400K), 0.0377010 secs] [Times: user=0.13 sys=0.00, real=0.03 secs] 
2014-07-08T21:52:24.512+0000: 2386.650: [GC [PSYoungGen: 191365K->1394K(186880K)] 475064K->285851K(873856K), 0.0265960 secs] [Times: user=0.10 sys=0.00, real=0.03 secs] 
2014-07-08T21:52:28.322+0000: 2390.460: [GC [PSYoungGen: 186837K->2238K(183872K)] 471294K->286871K(870848K), 0.0260980 secs] [Times: user=0.09 sys=0.00, real=0.03 secs] 
2014-07-08T21:52:31.994+0000: 2394.132: [GC [PSYoungGen: 183870K->1534K(179456K)] 468503K->286587K(866432K), 0.0207100 secs] [Times: user=0.08 sys=0.01, real=0.02 secs] 
2014-07-08T21:52:35.143+0000: 2397.282: [GC [PSYoungGen: 179440K->2409K(176768K)] 464493K->287656K(863744K), 0.0073410 secs] [Times: user=0.02 sys=0.00, real=0.01 secs] 
2014-07-08T21:52:38.450+0000: 2400.588: [GC [PSYoungGen: 176745K->1202K(172096K)] 461992K->287166K(859072K), 0.0197820 secs] [Times: user=0.08 sys=0.00, real=0.02 secs] 
2014-07-08T21:52:41.602+0000: 2403.741: [GC [PSYoungGen: 172081K->2609K(170112K)] 458045K->288750K(857088K), 0.0168960 secs] [Times: user=0.06 sys=0.00, real=0.02 secs] 
2014-07-08T21:52:44.183+0000: 2406.321: [GC [PSYoungGen: 170053K->1444K(165696K)] 456195K->288340K(852672K), 0.0343310 secs] [Times: user=0.12 sys=0.01, real=0.03 secs] 
2014-07-08T21:52:47.541+0000: 2409.679: [GC [PSYoungGen: 165643K->2146K(163264K)] 452539K->289202K(850240K), 0.0194300 secs] [Times: user=0.07 sys=0.00, real=0.02 secs] 
2014-07-08T21:52:50.428+0000: 2412.566: [GC [PSYoungGen: 163234K->1779K(159808K)] 450290K->289410K(846784K), 0.0256850 secs] [Times: user=0.09 sys=0.01, real=0.03 secs] 
2014-07-08T21:52:52.974+0000: 2415.112: [GC [PSYoungGen: 159795K->2032K(157120K)] 447426K->289760K(844096K), 0.0175860 secs] [Times: user=0.07 sys=0.01, real=0.02 secs] 
2014-07-08T21:52:55.413+0000: 2417.551: [GC [PSYoungGen: 157104K->1594K(153792K)] 444832K->289768K(840768K), 0.0181300 secs] [Times: user=0.07 sys=0.00, real=0.02 secs] 
2014-07-08T21:52:58.212+0000: 2420.350: [GC [PSYoungGen: 153784K->2313K(151744K)] 441958K->290631K(838720K), 0.0172410 secs] [Times: user=0.06 sys=0.00, real=0.01 secs] 
2014-07-08T21:53:00.541+0000: 2422.679: [GC [PSYoungGen: 151643K->1332K(148032K)] 439961K->289969K(835008K), 0.0100430 secs] [Times: user=0.03 sys=0.00, real=0.01 secs] 
2014-07-08T21:53:03.634+0000: 2425.772: [GC [PSYoungGen: 148020K->2064K(146176K)] 436657K->290806K(833152K), 0.0147170 secs] [Times: user=0.06 sys=0.00, real=0.01 secs] 
2014-07-08T21:53:07.039+0000: 2429.177: [GC [PSYoungGen: 146128K->1964K(143488K)] 434870K->290882K(830464K), 0.0166720 secs] [Times: user=0.06 sys=0.00, real=0.02 secs] 
2014-07-08T21:53:10.137+0000: 2432.276: [GC [PSYoungGen: 143466K->1968K(140992K)] 432384K->291086K(827968K), 0.0419780 secs] [Times: user=0.15 sys=0.00, real=0.04 secs] 
2014-07-08T21:53:13.138+0000: 2435.276: [GC [PSYoungGen: 140976K->1338K(137920K)] 430094K->290910K(824896K), 0.0250070 secs] [Times: user=0.09 sys=0.01, real=0.02 secs] 
2014-07-08T21:53:15.596+0000: 2437.734: [GC [PSYoungGen: 137914K->2028K(136320K)] 427486K->291850K(823296K), 0.0224400 secs] [Times: user=0.08 sys=0.00, real=0.02 secs] 
2014-07-08T21:53:18.371+0000: 2440.509: [GC [PSYoungGen: 136267K->1918K(133952K)] 426089K->292014K(820928K), 0.0185810 secs] [Times: user=0.06 sys=0.00, real=0.02 secs] 
2014-07-08T21:53:20.584+0000: 2442.722: [GC [PSYoungGen: 133929K->1836K(131712K)] 424025K->292068K(818688K), 0.0315410 secs] [Times: user=0.11 sys=0.00, real=0.03 secs] 
2014-07-08T21:53:22.765+0000: 2444.903: [GC [PSYoungGen: 131692K->1402K(129152K)] 421924K->292363K(816128K), 0.0124610 secs] [Times: user=0.05 sys=0.01, real=0.01 secs] 
2014-07-08T21:53:25.871+0000: 2448.009: [GC [PSYoungGen: 129146K->2338K(128000K)] 420107K->293486K(814976K), 0.0270350 secs] [Times: user=0.10 sys=0.00, real=0.03 secs] 
2014-07-08T21:53:27.502+0000: 2449.640: [GC [PSYoungGen: 127970K->1274K(124864K)] 419118K->293073K(811840K), 0.0242320 secs] [Times: user=0.09 sys=0.00, real=0.03 secs] 
2014-07-08T21:53:29.078+0000: 2451.216: [GC [PSYoungGen: 124837K->2224K(150592K)] 416636K->294136K(837568K), 0.0305250 secs] [Times: user=0.10 sys=0.00, real=0.03 secs] 
2014-07-08T21:53:31.170+0000: 2453.309: [GC [PSYoungGen: 150576K->1645K(179712K)] 442487K->293902K(866688K), 0.0267340 secs] [Times: user=0.09 sys=0.00, real=0.03 secs] 
2014-07-08T21:53:34.249+0000: 2456.387: [GC [PSYoungGen: 179693K->1936K(215680K)] 471950K->294273K(902656K), 0.0293320 secs] [Times: user=0.10 sys=0.00, real=0.03 secs] 
2014-07-08T21:53:37.932+0000: 2460.070: [GC [PSYoungGen: 215632K->1524K(257984K)] 507969K->294205K(944960K), 0.0376140 secs] [Times: user=0.14 sys=0.00, real=0.04 secs] 
2014-07-08T21:53:42.961+0000: 2465.099: [GC [PSYoungGen: 257931K->2288K(252416K)] 550612K->295162K(939392K), 0.0151460 secs] [Times: user=0.05 sys=0.00, real=0.01 secs] 
2014-07-08T21:53:48.610+0000: 2470.748: [GC [PSYoungGen: 252350K->1196K(245184K)] 545224K->294733K(932160K), 0.0349580 secs] [Times: user=0.13 sys=0.00, real=0.03 secs] 
2014-07-08T21:53:52.621+0000: 2474.759: [GC [PSYoungGen: 245164K->2214K(240320K)] 538701K->295968K(927296K), 0.0172560 secs] [Times: user=0.06 sys=0.00, real=0.01 secs] 
2014-07-08T21:53:56.614+0000: 2478.752: [GC [PSYoungGen: 240294K->1725K(234112K)] 534048K->296175K(921088K), 0.0140890 secs] [Times: user=0.04 sys=0.00, real=0.01 secs] 
2014-07-08T21:53:59.318+0000: 2481.456: [GC [PSYoungGen: 234109K->1876K(228800K)] 528559K->296541K(915776K), 0.0249390 secs] [Times: user=0.09 sys=0.00, real=0.03 secs] 
2014-07-08T21:54:02.453+0000: 2484.591: [GC [PSYoungGen: 228756K->1648K(223296K)] 523421K->296505K(910272K), 0.0315540 secs] [Times: user=0.11 sys=0.00, real=0.03 secs] 
2014-07-08T21:54:05.571+0000: 2487.710: [GC [PSYoungGen: 223233K->2309K(218880K)] 518090K->297311K(905856K), 0.0296360 secs] [Times: user=0.10 sys=0.00, real=0.03 secs] 
2014-07-08T21:54:07.679+0000: 2489.817: [GC [PSYoungGen: 218821K->1248K(212864K)] 513823K->296934K(899840K), 0.0180430 secs] [Times: user=0.06 sys=0.00, real=0.02 secs] 
2014-07-08T21:54:10.137+0000: 2492.275: [GC [PSYoungGen: 212832K->1912K(208768K)] 508518K->297701K(895744K), 0.0261800 secs] [Times: user=0.11 sys=0.00, real=0.03 secs] 
2014-07-08T21:54:12.534+0000: 2494.672: [GC [PSYoungGen: 208734K->2085K(204416K)] 504524K->298215K(891392K), 0.0158950 secs] [Times: user=0.06 sys=0.00, real=0.01 secs] 
2014-07-08T21:54:14.649+0000: 2496.787: [GC [PSYoungGen: 204385K->2174K(200064K)] 500514K->298456K(887040K), 0.0055850 secs] [Times: user=0.02 sys=0.00, real=0.01 secs] 
2014-07-08T21:54:16.807+0000: 2498.946: [GC [PSYoungGen: 200062K->1124K(194752K)] 496344K->298314K(881728K), 0.0117260 secs] [Times: user=0.04 sys=0.00, real=0.01 secs] 
2014-07-08T21:54:20.383+0000: 2502.521: [GC [PSYoungGen: 194724K->2532K(192064K)] 491914K->299827K(879040K), 0.0137990 secs] [Times: user=0.06 sys=0.00, real=0.02 secs] 
2014-07-08T21:54:22.765+0000: 2504.903: [GC [PSYoungGen: 192006K->1588K(187136K)] 489300K->299058K(874112K), 0.0093690 secs] [Times: user=0.03 sys=0.00, real=0.01 secs] 
2014-07-08T21:54:24.788+0000: 2506.927: [GC [PSYoungGen: 187124K->1844K(183552K)] 484594K->299442K(870528K), 0.0205620 secs] [Times: user=0.06 sys=0.00, real=0.02 secs] 
2014-07-08T21:54:26.684+0000: 2508.822: [GC [PSYoungGen: 183540K->2064K(180096K)] 481138K->299791K(867072K), 0.0324340 secs] [Times: user=0.11 sys=0.00, real=0.04 secs] 
2014-07-08T21:54:28.396+0000: 2510.535: [GC [PSYoungGen: 180048K->1936K(176384K)] 477775K->299806K(863360K), 0.0124640 secs] [Times: user=0.04 sys=0.00, real=0.01 secs] 
2014-07-08T21:54:30.383+0000: 2512.521: [GC [PSYoungGen: 176334K->1342K(172288K)] 474205K->299614K(859264K), 0.0239300 secs] [Times: user=0.08 sys=0.00, real=0.03 secs] 
2014-07-08T21:54:32.038+0000: 2514.177: [GC [PSYoungGen: 172276K->2174K(207360K)] 470549K->300551K(894336K), 0.0361360 secs] [Times: user=0.14 sys=0.00, real=0.03 secs] 
2014-07-08T21:54:35.260+0000: 2517.398: [GC [PSYoungGen: 207358K->1787K(248064K)] 505735K->300437K(935040K), 0.0304070 secs] [Times: user=0.12 sys=0.00, real=0.03 secs] 
2014-07-08T21:54:38.906+0000: 2521.044: [GC [PSYoungGen: 248059K->1947K(297536K)] 546709K->300781K(984512K), 0.0196690 secs] [Times: user=0.07 sys=0.01, real=0.02 secs] 
2014-07-08T21:54:43.705+0000: 2525.843: [GC [PSYoungGen: 297456K->1376K(289088K)] 596290K->300911K(976064K), 0.0309080 secs] [Times: user=0.12 sys=0.00, real=0.03 secs] 
2014-07-08T21:54:47.525+0000: 2529.664: [GC [PSYoungGen: 289053K->2491K(282624K)] 588588K->302193K(969600K), 0.0102370 secs] [Times: user=0.03 sys=0.00, real=0.01 secs] 
2014-07-08T21:54:50.807+0000: 2532.946: [GC [PSYoungGen: 282619K->1120K(274048K)] 582321K->301693K(961024K), 0.0330080 secs] [Times: user=0.11 sys=0.00, real=0.04 secs] 
2014-07-08T21:54:54.046+0000: 2536.184: [GC [PSYoungGen: 273980K->2595K(268544K)] 574553K->303319K(955520K), 0.0296880 secs] [Times: user=0.11 sys=0.00, real=0.03 secs] 
2014-07-08T21:54:58.430+0000: 2540.568: [GC [PSYoungGen: 268515K->1519K(260736K)] 569239K->303133K(947712K), 0.0256230 secs] [Times: user=0.10 sys=0.00, real=0.02 secs] 
2014-07-08T21:55:02.669+0000: 2544.808: [GC [PSYoungGen: 260719K->2509K(255296K)] 562333K->304283K(942272K), 0.0119860 secs] [Times: user=0.04 sys=0.00, real=0.01 secs] 
2014-07-08T21:55:06.090+0000: 2548.228: [GC [PSYoungGen: 255245K->1590K(248128K)] 557019K->303951K(935104K), 0.0205780 secs] [Times: user=0.07 sys=0.00, real=0.03 secs] 
2014-07-08T21:55:08.447+0000: 2550.586: [GC [PSYoungGen: 248117K->1808K(242368K)] 550478K->304353K(929344K), 0.0355500 secs] [Times: user=0.14 sys=0.00, real=0.04 secs] 
2014-07-08T21:55:11.139+0000: 2553.278: [GC [PSYoungGen: 242320K->2124K(236928K)] 544865K->304773K(923904K), 0.0049880 secs] [Times: user=0.02 sys=0.01, real=0.01 secs] 
2014-07-08T21:55:14.490+0000: 2556.628: [GC [PSYoungGen: 236875K->2409K(231616K)] 539524K->305138K(918592K), 0.0221520 secs] [Times: user=0.08 sys=0.00, real=0.03 secs] 
2014-07-08T21:55:17.838+0000: 2559.977: [GC [PSYoungGen: 231592K->946K(224768K)] 534321K->304873K(911744K), 0.0219240 secs] [Times: user=0.08 sys=0.00, real=0.02 secs] 
2014-07-08T21:55:21.284+0000: 2563.422: [GC [PSYoungGen: 224739K->2457K(221120K)] 528667K->306488K(908096K), 0.0107980 secs] [Times: user=0.04 sys=0.00, real=0.01 secs] 
2014-07-08T21:55:23.514+0000: 2565.652: [GC [PSYoungGen: 221081K->2089K(215744K)] 525112K->306817K(902720K), 0.0230790 secs] [Times: user=0.09 sys=0.00, real=0.02 secs] 
2014-07-08T21:55:25.496+0000: 2567.634: [GC [PSYoungGen: 215720K->2150K(211008K)] 520448K->307014K(897984K), 0.0288870 secs] [Times: user=0.09 sys=0.00, real=0.03 secs] 
2014-07-08T21:55:28.240+0000: 2570.378: [GC [PSYoungGen: 210982K->1652K(205824K)] 515846K->306724K(892800K), 0.0288540 secs] [Times: user=0.11 sys=0.00, real=0.03 secs] 
2014-07-08T21:55:30.364+0000: 2572.502: [GC [PSYoungGen: 205785K->1833K(201536K)] 510857K->307033K(888512K), 0.0230830 secs] [Times: user=0.08 sys=0.00, real=0.03 secs] 
2014-07-08T21:55:33.292+0000: 2575.431: [GC [PSYoungGen: 201463K->2214K(197568K)] 506663K->307486K(884544K), 0.0179600 secs] [Times: user=0.06 sys=0.00, real=0.02 secs] 
2014-07-08T21:55:35.334+0000: 2577.472: [GC [PSYoungGen: 197542K->2050K(193280K)] 502814K->307490K(880256K), 0.0200270 secs] [Times: user=0.06 sys=0.01, real=0.02 secs] 
2014-07-08T21:55:37.530+0000: 2579.668: [GC [PSYoungGen: 193194K->1470K(188608K)] 498634K->307202K(875584K), 0.0055390 secs] [Times: user=0.02 sys=0.00, real=0.01 secs] 
2014-07-08T21:55:40.352+0000: 2582.490: [GC [PSYoungGen: 188606K->2281K(185536K)] 494338K->308125K(872512K), 0.0175380 secs] [Times: user=0.07 sys=0.00, real=0.02 secs] 
2014-07-08T21:55:42.970+0000: 2585.108: [GC [PSYoungGen: 185513K->1904K(181376K)] 491357K->307868K(868352K), 0.0247540 secs] [Times: user=0.09 sys=0.00, real=0.02 secs] 
2014-07-08T21:55:45.865+0000: 2588.003: [GC [PSYoungGen: 181360K->2288K(178112K)] 487324K->308396K(865088K), 0.0131210 secs] [Times: user=0.04 sys=0.00, real=0.02 secs] 
2014-07-08T21:55:48.287+0000: 2590.425: [GC [PSYoungGen: 178078K->1320K(173632K)] 484186K->307948K(860608K), 0.0272370 secs] [Times: user=0.11 sys=0.00, real=0.02 secs] 
2014-07-08T21:55:50.116+0000: 2592.254: [GC [PSYoungGen: 173608K->2267K(171200K)] 480236K->309015K(858176K), 0.0117370 secs] [Times: user=0.03 sys=0.00, real=0.02 secs] 
2014-07-08T21:55:52.053+0000: 2594.192: [GC [PSYoungGen: 171163K->1900K(167488K)] 477911K->308850K(854464K), 0.0149290 secs] [Times: user=0.06 sys=0.00, real=0.02 secs] 
2014-07-08T21:55:55.247+0000: 2597.385: [GC [PSYoungGen: 167468K->2064K(164480K)] 474418K->309110K(851456K), 0.0080450 secs] [Times: user=0.02 sys=0.00, real=0.00 secs] 
2014-07-08T21:55:58.211+0000: 2600.349: [GC [PSYoungGen: 164432K->1380K(160640K)] 471478K->308994K(847616K), 0.0080870 secs] [Times: user=0.03 sys=0.00, real=0.01 secs] 
2014-07-08T21:56:01.608+0000: 2603.746: [GC [PSYoungGen: 160612K->2096K(158336K)] 468226K->309814K(845312K), 0.0177920 secs] [Times: user=0.07 sys=0.00, real=0.02 secs] 
2014-07-08T21:56:04.731+0000: 2606.869: [GC [PSYoungGen: 158320K->1783K(155072K)] 466038K->309855K(842048K), 0.0203740 secs] [Times: user=0.07 sys=0.00, real=0.02 secs] 
2014-07-08T21:56:07.756+0000: 2609.895: [GC [PSYoungGen: 155038K->2331K(152832K)] 463110K->310579K(839808K), 0.0257600 secs] [Times: user=0.10 sys=0.00, real=0.03 secs] 
2014-07-08T21:56:10.921+0000: 2613.059: [GC [PSYoungGen: 152770K->1014K(148736K)] 461018K->310117K(835712K), 0.0385640 secs] [Times: user=0.13 sys=0.00, real=0.03 secs] 
2014-07-08T21:56:14.170+0000: 2616.308: [GC [PSYoungGen: 148726K->2264K(147328K)] 457829K->311471K(834304K), 0.0227660 secs] [Times: user=0.08 sys=0.01, real=0.02 secs] 
2014-07-08T21:56:16.281+0000: 2618.419: [GC [PSYoungGen: 147288K->1975K(144448K)] 456495K->311736K(831424K), 0.0262350 secs] [Times: user=0.10 sys=0.00, real=0.03 secs] 
2014-07-08T21:56:18.948+0000: 2621.086: [GC [PSYoungGen: 144393K->2160K(142144K)] 454153K->312073K(829120K), 0.0365590 secs] [Times: user=0.13 sys=0.01, real=0.04 secs] 
2014-07-08T21:56:20.914+0000: 2623.052: [GC [PSYoungGen: 142128K->1266K(169280K)] 452041K->311719K(856256K), 0.0430860 secs] [Times: user=0.16 sys=0.00, real=0.04 secs] 
2014-07-08T21:56:23.978+0000: 2626.116: [GC [PSYoungGen: 169266K->2124K(203776K)] 479719K->312681K(890752K), 0.0390070 secs] [Times: user=0.15 sys=0.00, real=0.04 secs] 
2014-07-08T21:56:27.883+0000: 2630.022: [GC [PSYoungGen: 203664K->1972K(243904K)] 514221K->312737K(930880K), 0.0359660 secs] [Times: user=0.13 sys=0.00, real=0.03 secs] 
2014-07-08T21:56:32.235+0000: 2634.373: [GC [PSYoungGen: 243892K->2593K(292928K)] 554657K->313542K(979904K), 0.0260350 secs] [Times: user=0.10 sys=0.01, real=0.02 secs] 
2014-07-08T21:56:37.008+0000: 2639.146: [GC [PSYoungGen: 292897K->686K(283328K)] 603846K->313230K(970304K), 0.0065460 secs] [Times: user=0.02 sys=0.00, real=0.01 secs] 
2014-07-08T21:56:43.045+0000: 2645.183: [GC [PSYoungGen: 283310K->2668K(277952K)] 595854K->315858K(964928K), 0.0231830 secs] [Times: user=0.08 sys=0.00, real=0.03 secs] 
2014-07-08T21:56:47.997+0000: 2650.135: [GC [PSYoungGen: 277905K->2046K(270208K)] 591095K->316052K(957184K), 0.0245880 secs] [Times: user=0.09 sys=0.00, real=0.02 secs] 
2014-07-08T21:56:52.929+0000: 2655.067: [GC [PSYoungGen: 270206K->2128K(263552K)] 584212K->316366K(950528K), 0.0305780 secs] [Times: user=0.10 sys=0.00, real=0.03 secs] 
2014-07-08T21:56:57.916+0000: 2660.055: [GC [PSYoungGen: 263487K->2213K(257088K)] 577725K->316825K(944064K), 0.0359820 secs] [Times: user=0.13 sys=0.00, real=0.04 secs] 
2014-07-08T21:57:03.524+0000: 2665.662: [GC [PSYoungGen: 257061K->2555K(251136K)] 571673K->317399K(938112K), 0.0458020 secs] [Times: user=0.17 sys=0.00, real=0.05 secs] 
2014-07-08T21:57:08.979+0000: 2671.118: [GC [PSYoungGen: 251111K->1648K(244160K)] 565955K->316852K(931136K), 0.0312660 secs] [Times: user=0.12 sys=0.00, real=0.03 secs] 
2014-07-08T21:57:13.123+0000: 2675.261: [GC [PSYoungGen: 244144K->2188K(238912K)] 559348K->317600K(925888K), 0.0287100 secs] [Times: user=0.10 sys=0.00, real=0.03 secs] 
2014-07-08T21:57:17.945+0000: 2680.084: [GC [PSYoungGen: 238860K->2408K(233472K)] 554272K->318004K(920448K), 0.0106800 secs] [Times: user=0.04 sys=0.00, real=0.01 secs] 
2014-07-08T21:57:21.864+0000: 2684.002: [GC [PSYoungGen: 233448K->2096K(227712K)] 549044K->317908K(914688K), 0.0118670 secs] [Times: user=0.04 sys=0.00, real=0.01 secs] 
2014-07-08T21:57:26.195+0000: 2688.333: [GC [PSYoungGen: 227696K->1790K(222144K)] 543508K->317860K(909120K), 0.0136260 secs] [Times: user=0.04 sys=0.00, real=0.01 secs] 
2014-07-08T21:57:30.524+0000: 2692.662: [GC [PSYoungGen: 222142K->2320K(217664K)] 538212K->318630K(904640K), 0.0352070 secs] [Times: user=0.13 sys=0.00, real=0.03 secs] 
2014-07-08T21:57:35.009+0000: 2697.147: [GC [PSYoungGen: 217616K->1908K(212352K)] 533926K->318370K(899328K), 0.0451070 secs] [Times: user=0.17 sys=0.00, real=0.05 secs] 
2014-07-08T21:57:39.041+0000: 2701.180: [GC [PSYoungGen: 212338K->2220K(208000K)] 528800K->318906K(894976K), 0.0315590 secs] [Times: user=0.12 sys=0.00, real=0.04 secs] 
2014-07-08T21:57:42.623+0000: 2704.761: [GC [PSYoungGen: 207958K->1904K(203136K)] 524644K->318766K(890112K), 0.0239520 secs] [Times: user=0.09 sys=0.00, real=0.03 secs] 
2014-07-08T21:57:45.773+0000: 2707.911: [GC [PSYoungGen: 203071K->2562K(199488K)] 519933K->319568K(886464K), 0.0296080 secs] [Times: user=0.11 sys=0.01, real=0.03 secs] 
2014-07-08T21:57:49.239+0000: 2711.378: [GC [PSYoungGen: 199426K->1264K(193920K)] 516432K->318730K(880896K), 0.0360160 secs] [Times: user=0.12 sys=0.00, real=0.04 secs] 
2014-07-08T21:57:53.496+0000: 2715.634: [GC [PSYoungGen: 193904K->2366K(190912K)] 511370K->319960K(877888K), 0.0315360 secs] [Times: user=0.11 sys=0.00, real=0.03 secs] 
2014-07-08T21:57:57.123+0000: 2719.262: [GC [PSYoungGen: 190908K->1926K(186560K)] 508502K->319762K(873536K), 0.0203750 secs] [Times: user=0.08 sys=0.00, real=0.02 secs] 
2014-07-08T21:58:00.606+0000: 2722.744: [GC [PSYoungGen: 186469K->1730K(182528K)] 504305K->319718K(869504K), 0.0219780 secs] [Times: user=0.07 sys=0.00, real=0.03 secs] 
2014-07-08T21:58:03.393+0000: 2725.531: [GC [PSYoungGen: 182466K->2153K(179200K)] 500454K->320309K(866176K), 0.0203240 secs] [Times: user=0.06 sys=0.00, real=0.02 secs] 
2014-07-08T21:58:07.087+0000: 2729.225: [GC [PSYoungGen: 179177K->1940K(175424K)] 497333K->320256K(862400K), 0.0104870 secs] [Times: user=0.03 sys=0.01, real=0.01 secs] 
2014-07-08T21:58:10.450+0000: 2732.588: [GC [PSYoungGen: 175364K->1772K(171776K)] 493680K->320360K(858752K), 0.0262570 secs] [Times: user=0.10 sys=0.00, real=0.02 secs] 
2014-07-08T21:58:13.844+0000: 2735.982: [GC [PSYoungGen: 171736K->1880K(168576K)] 490324K->320588K(855552K), 0.0195180 secs] [Times: user=0.06 sys=0.00, real=0.02 secs] 
2014-07-08T21:58:17.225+0000: 2739.363: [GC [PSYoungGen: 168529K->2107K(165504K)] 487237K->321023K(852480K), 0.0258020 secs] [Times: user=0.09 sys=0.01, real=0.03 secs] 
2014-07-08T21:58:20.546+0000: 2742.684: [GC [PSYoungGen: 165499K->2028K(162304K)] 484415K->321105K(849280K), 0.0380380 secs] [Times: user=0.13 sys=0.00, real=0.04 secs] 
2014-07-08T21:58:23.820+0000: 2745.958: [GC [PSYoungGen: 162235K->1526K(158720K)] 481311K->321016K(845696K), 0.0156090 secs] [Times: user=0.05 sys=0.00, real=0.01 secs] 
2014-07-08T21:58:26.703+0000: 2748.841: [GC [PSYoungGen: 158669K->2188K(156480K)] 478159K->321872K(843456K), 0.0218950 secs] [Times: user=0.07 sys=0.00, real=0.02 secs] 
2014-07-08T21:58:29.455+0000: 2751.593: [GC [PSYoungGen: 156418K->1769K(153152K)] 476103K->321605K(840128K), 0.0142170 secs] [Times: user=0.04 sys=0.00, real=0.01 secs] 
2014-07-08T21:58:32.122+0000: 2754.260: [GC [PSYoungGen: 153083K->1812K(150464K)] 472919K->321802K(837440K), 0.0245450 secs] [Times: user=0.08 sys=0.00, real=0.02 secs] 
2014-07-08T21:58:35.129+0000: 2757.267: [GC [PSYoungGen: 150420K->1892K(147840K)] 470410K->322289K(834816K), 0.0377900 secs] [Times: user=0.14 sys=0.00, real=0.04 secs] 
2014-07-08T21:58:37.823+0000: 2759.961: [GC [PSYoungGen: 147812K->1712K(176832K)] 468209K->322326K(863808K), 0.0742420 secs] [Times: user=0.27 sys=0.00, real=0.07 secs] 
2014-07-08T21:58:40.600+0000: 2762.738: [GC [PSYoungGen: 176816K->1894K(212096K)] 497430K->322748K(899072K), 0.0200130 secs] [Times: user=0.07 sys=0.00, real=0.02 secs] 
2014-07-08T21:58:43.819+0000: 2765.958: [GC [PSYoungGen: 212060K->2043K(207552K)] 532914K->322993K(894528K), 0.0125960 secs] [Times: user=0.03 sys=0.00, real=0.01 secs] 
2014-07-08T21:58:47.158+0000: 2769.296: [GC [PSYoungGen: 207509K->1446K(202432K)] 528459K->322668K(889408K), 0.0304240 secs] [Times: user=0.11 sys=0.00, real=0.03 secs] 
2014-07-08T21:58:51.082+0000: 2773.220: [GC [PSYoungGen: 202403K->2469K(199104K)] 523625K->323843K(886080K), 0.0296190 secs] [Times: user=0.12 sys=0.00, real=0.03 secs] 
2014-07-08T21:58:54.866+0000: 2777.004: [GC [PSYoungGen: 199077K->1326K(193728K)] 520451K->323635K(880704K), 0.0280490 secs] [Times: user=0.11 sys=0.00, real=0.02 secs] 
2014-07-08T21:58:57.865+0000: 2780.003: [GC [PSYoungGen: 193710K->2261K(190592K)] 516019K->324746K(877568K), 0.0318000 secs] [Times: user=0.12 sys=0.00, real=0.03 secs] 
2014-07-08T21:59:01.571+0000: 2783.709: [GC [PSYoungGen: 190547K->1896K(186240K)] 513033K->324890K(873216K), 0.0403440 secs] [Times: user=0.16 sys=0.00, real=0.04 secs] 
2014-07-08T21:59:05.106+0000: 2787.244: [GC [PSYoungGen: 186215K->2004K(182528K)] 509208K->325125K(869504K), 0.0225620 secs] [Times: user=0.08 sys=0.00, real=0.02 secs] 
2014-07-08T21:59:09.216+0000: 2791.354: [GC [PSYoungGen: 182484K->1708K(178496K)] 505605K->325174K(865472K), 0.0120840 secs] [Times: user=0.05 sys=0.00, real=0.02 secs] 
2014-07-08T21:59:12.380+0000: 2794.518: [GC [PSYoungGen: 178476K->2156K(175360K)] 501942K->325766K(862336K), 0.0118700 secs] [Times: user=0.04 sys=0.00, real=0.01 secs] 
2014-07-08T21:59:15.782+0000: 2797.920: [GC [PSYoungGen: 175326K->1534K(171264K)] 498936K->325638K(858240K), 0.0215570 secs] [Times: user=0.08 sys=0.00, real=0.02 secs] 
2014-07-08T21:59:19.198+0000: 2801.336: [GC [PSYoungGen: 171227K->1954K(168384K)] 495331K->326250K(855360K), 0.0268130 secs] [Times: user=0.09 sys=0.00, real=0.03 secs] 
2014-07-08T21:59:22.439+0000: 2804.578: [GC [PSYoungGen: 168354K->1788K(164928K)] 492650K->326894K(851904K), 0.0214290 secs] [Times: user=0.07 sys=0.00, real=0.02 secs] 
2014-07-08T21:59:25.998+0000: 2808.136: [GC [PSYoungGen: 164923K->2445K(162496K)] 490030K->327688K(849472K), 0.0226920 secs] [Times: user=0.07 sys=0.00, real=0.03 secs] 
2014-07-08T21:59:29.486+0000: 2811.624: [GC [PSYoungGen: 162445K->1269K(158272K)] 487688K->327503K(845248K), 0.0215280 secs] [Times: user=0.07 sys=0.00, real=0.02 secs] 
2014-07-08T21:59:32.647+0000: 2814.785: [GC [PSYoungGen: 158261K->2399K(156480K)] 484495K->328761K(843456K), 0.0115070 secs] [Times: user=0.04 sys=0.00, real=0.01 secs] 
2014-07-08T21:59:34.860+0000: 2816.998: [GC [PSYoungGen: 156447K->1836K(153024K)] 482809K->328652K(840000K), 0.0223140 secs] [Times: user=0.08 sys=0.00, real=0.03 secs] 
2014-07-08T21:59:36.307+0000: 2818.445: [GC [PSYoungGen: 152957K->1965K(150400K)] 479773K->328948K(837376K), 0.0280840 secs] [Times: user=0.08 sys=0.00, real=0.03 secs] 
2014-07-08T21:59:38.612+0000: 2820.750: [GC [PSYoungGen: 150339K->1556K(147328K)] 477322K->328627K(834304K), 0.0065260 secs] [Times: user=0.01 sys=0.00, real=0.00 secs] 
2014-07-08T21:59:41.052+0000: 2823.190: [GC [PSYoungGen: 147284K->1996K(145152K)] 474355K->329156K(832128K), 0.0319180 secs] [Times: user=0.11 sys=0.01, real=0.04 secs] 
2014-07-08T21:59:43.293+0000: 2825.431: [GC [PSYoungGen: 145100K->2000K(142656K)] 472260K->329232K(829632K), 0.0245390 secs] [Times: user=0.10 sys=0.00, real=0.02 secs] 
2014-07-08T21:59:45.664+0000: 2827.802: [GC [PSYoungGen: 142589K->2032K(140224K)] 469820K->329598K(827200K), 0.0146090 secs] [Times: user=0.04 sys=0.00, real=0.01 secs] 
2014-07-08T21:59:47.835+0000: 2829.973: [GC [PSYoungGen: 140208K->1456K(137280K)] 467774K->329312K(824256K), 0.0157910 secs] [Times: user=0.05 sys=0.00, real=0.01 secs] 
2014-07-08T21:59:49.875+0000: 2832.013: [GC [PSYoungGen: 137233K->2124K(135680K)] 465089K->330142K(822656K), 0.0251000 secs] [Times: user=0.06 sys=0.01, real=0.02 secs] 
2014-07-08T21:59:52.343+0000: 2834.481: [GC [PSYoungGen: 135628K->1773K(133056K)] 463646K->329879K(820032K), 0.0085390 secs] [Times: user=0.02 sys=0.00, real=0.01 secs] 
2014-07-08T21:59:53.796+0000: 2835.934: [GC [PSYoungGen: 133037K->2028K(131136K)] 461143K->330334K(818112K), 0.0177150 secs] [Times: user=0.06 sys=0.00, real=0.01 secs] 
2014-07-08T21:59:56.199+0000: 2838.337: [GC [PSYoungGen: 131116K->1462K(128448K)] 459422K->330230K(815424K), 0.0099570 secs] [Times: user=0.03 sys=0.00, real=0.01 secs] 
2014-07-08T21:59:57.344+0000: 2839.482: [GC [PSYoungGen: 128438K->1534K(153920K)] 457206K->330464K(840896K), 0.0239190 secs] [Times: user=0.07 sys=0.00, real=0.03 secs] 
2014-07-08T21:59:59.133+0000: 2841.271: [GC [PSYoungGen: 153917K->1854K(151424K)] 482847K->330864K(838400K), 0.0119500 secs] [Times: user=0.03 sys=0.00, real=0.02 secs] 
2014-07-08T22:00:00.221+0000: 2842.359: [GC [PSYoungGen: 151395K->2235K(149120K)] 480405K->331383K(836096K), 0.0079180 secs] [Times: user=0.01 sys=0.00, real=0.01 secs] 
2014-07-08T22:00:01.940+0000: 2844.079: [GC [PSYoungGen: 149115K->1058K(145344K)] 478263K->330584K(832320K), 0.0224500 secs] [Times: user=0.08 sys=0.01, real=0.02 secs] 
2014-07-08T22:00:04.003+0000: 2846.141: [GC [PSYoungGen: 145314K->1662K(143360K)] 474840K->331326K(830336K), 0.0047320 secs] [Times: user=0.01 sys=0.00, real=0.01 secs] 
2014-07-08T22:00:05.728+0000: 2847.866: [GC [PSYoungGen: 143320K->2100K(172160K)] 472984K->331948K(859136K), 0.0326230 secs] [Times: user=0.11 sys=0.00, real=0.03 secs] 
2014-07-08T22:00:07.539+0000: 2849.677: [GC [PSYoungGen: 172148K->2028K(206144K)] 501996K->332054K(893120K), 0.0352810 secs] [Times: user=0.12 sys=0.00, real=0.03 secs] 
2014-07-08T22:00:10.782+0000: 2852.920: [GC [PSYoungGen: 206124K->1128K(246080K)] 536150K->331706K(933056K), 0.0135410 secs] [Times: user=0.05 sys=0.00, real=0.01 secs] 
2014-07-08T22:00:13.642+0000: 2855.780: [GC [PSYoungGen: 246056K->2384K(241408K)] 576634K->333051K(928384K), 0.0175700 secs] [Times: user=0.06 sys=0.00, real=0.02 secs] 
2014-07-08T22:00:15.933+0000: 2858.071: [GC [PSYoungGen: 241360K->1584K(234880K)] 572027K->332628K(921856K), 0.0234940 secs] [Times: user=0.08 sys=0.00, real=0.02 secs] 
2014-07-08T22:00:18.738+0000: 2860.877: [GC [PSYoungGen: 234864K->2000K(229824K)] 565908K->333172K(916800K), 0.0124870 secs] [Times: user=0.04 sys=0.00, real=0.01 secs] 
2014-07-08T22:00:21.559+0000: 2863.697: [GC [PSYoungGen: 229776K->1658K(224128K)] 560948K->333180K(911104K), 0.0287430 secs] [Times: user=0.11 sys=0.00, real=0.02 secs] 
2014-07-08T22:00:25.123+0000: 2867.261: [GC [PSYoungGen: 224122K->2220K(219584K)] 555644K->333839K(906560K), 0.0347380 secs] [Times: user=0.09 sys=0.00, real=0.03 secs] 
2014-07-08T22:00:28.623+0000: 2870.761: [GC [PSYoungGen: 219521K->1134K(213568K)] 551140K->333728K(900544K), 0.0293640 secs] [Times: user=0.10 sys=0.00, real=0.03 secs] 
2014-07-08T22:00:30.736+0000: 2872.874: [GC [PSYoungGen: 213532K->2464K(210176K)] 546126K->335154K(897152K), 0.0154550 secs] [Times: user=0.05 sys=0.00, real=0.02 secs] 
2014-07-08T22:00:32.610+0000: 2874.748: [GC [PSYoungGen: 210144K->1512K(204608K)] 542834K->334916K(891584K), 0.0107740 secs] [Times: user=0.04 sys=0.00, real=0.01 secs] 
2014-07-08T22:00:35.548+0000: 2877.686: [GC [PSYoungGen: 204584K->2032K(200704K)] 537988K->335572K(887680K), 0.0357810 secs] [Times: user=0.12 sys=0.00, real=0.04 secs] 
2014-07-08T22:00:37.653+0000: 2879.791: [GC [PSYoungGen: 200688K->1840K(196224K)] 534228K->335604K(883200K), 0.0276170 secs] [Times: user=0.09 sys=0.00, real=0.03 secs] 
2014-07-08T22:00:39.879+0000: 2882.018: [GC [PSYoungGen: 196208K->2124K(192384K)] 529972K->336024K(879360K), 0.0184520 secs] [Times: user=0.06 sys=0.00, real=0.02 secs] 
2014-07-08T22:00:42.900+0000: 2885.038: [GC [PSYoungGen: 192332K->1150K(187328K)] 526232K->335572K(874304K), 0.0185130 secs] [Times: user=0.07 sys=0.00, real=0.02 secs] 
2014-07-08T22:00:45.340+0000: 2887.478: [GC [PSYoungGen: 187316K->2423K(184704K)] 521738K->336989K(871680K), 0.0293020 secs] [Times: user=0.10 sys=0.00, real=0.03 secs] 
2014-07-08T22:00:48.453+0000: 2890.591: [GC [PSYoungGen: 184695K->1583K(180160K)] 519261K->336703K(867136K), 0.0277940 secs] [Times: user=0.11 sys=0.00, real=0.02 secs] 
2014-07-08T22:00:50.864+0000: 2893.002: [GC [PSYoungGen: 180142K->2188K(216512K)] 515263K->337453K(903488K), 0.0342810 secs] [Times: user=0.10 sys=0.00, real=0.03 secs] 
2014-07-08T22:00:54.502+0000: 2896.640: [GC [PSYoungGen: 216422K->1448K(210944K)] 551686K->337302K(897920K), 0.0129210 secs] [Times: user=0.04 sys=0.00, real=0.02 secs] 
2014-07-08T22:00:57.919+0000: 2900.058: [GC [PSYoungGen: 210889K->2559K(207360K)] 546743K->338638K(894336K), 0.0159660 secs] [Times: user=0.05 sys=0.00, real=0.02 secs] 
2014-07-08T22:01:00.328+0000: 2902.467: [GC [PSYoungGen: 207359K->1136K(201472K)] 543438K->337906K(888448K), 0.0152000 secs] [Times: user=0.05 sys=0.00, real=0.01 secs] 
2014-07-08T22:01:02.881+0000: 2905.019: [GC [PSYoungGen: 201456K->1936K(197952K)] 538226K->338787K(884928K), 0.0178160 secs] [Times: user=0.07 sys=0.00, real=0.02 secs] 
2014-07-08T22:01:05.293+0000: 2907.431: [GC [PSYoungGen: 197873K->1844K(193600K)] 534724K->338862K(880576K), 0.0280640 secs] [Times: user=0.10 sys=0.00, real=0.03 secs] 
2014-07-08T22:01:07.737+0000: 2909.875: [GC [PSYoungGen: 193588K->1648K(189376K)] 530606K->338795K(876352K), 0.0058410 secs] [Times: user=0.01 sys=0.00, real=0.00 secs] 
2014-07-08T22:01:09.839+0000: 2911.977: [GC [PSYoungGen: 189360K->1996K(185856K)] 526507K->339255K(872832K), 0.0162300 secs] [Times: user=0.06 sys=0.00, real=0.01 secs] 
2014-07-08T22:01:11.960+0000: 2914.098: [GC [PSYoungGen: 185781K->2061K(182144K)] 523040K->339391K(869120K), 0.0218730 secs] [Times: user=0.08 sys=0.00, real=0.02 secs] 
2014-07-08T22:01:15.274+0000: 2917.412: [GC [PSYoungGen: 182093K->1259K(177664K)] 519423K->339387K(864640K), 0.0246340 secs] [Times: user=0.10 sys=0.00, real=0.03 secs] 
2014-07-08T22:01:18.437+0000: 2920.576: [GC [PSYoungGen: 177643K->2076K(174976K)] 515771K->340349K(861952K), 0.0279500 secs] [Times: user=0.10 sys=0.00, real=0.02 secs] 
2014-07-08T22:01:21.277+0000: 2923.415: [GC [PSYoungGen: 174900K->1762K(171200K)] 513173K->340459K(858176K), 0.0286280 secs] [Times: user=0.10 sys=0.00, real=0.02 secs] 
2014-07-08T22:01:24.267+0000: 2926.405: [GC [PSYoungGen: 171151K->2115K(168256K)] 509848K->341020K(855232K), 0.0256240 secs] [Times: user=0.09 sys=0.00, real=0.03 secs] 
2014-07-08T22:01:27.331+0000: 2929.469: [GC [PSYoungGen: 168175K->1184K(164096K)] 507080K->340885K(851072K), 0.0085150 secs] [Times: user=0.02 sys=0.00, real=0.01 secs] 
2014-07-08T22:01:29.464+0000: 2931.602: [GC [PSYoungGen: 164027K->2218K(161984K)] 503728K->342113K(848960K), 0.0259460 secs] [Times: user=0.10 sys=0.01, real=0.03 secs] 
2014-07-08T22:01:32.576+0000: 2934.714: [GC [PSYoungGen: 161962K->1595K(193344K)] 501857K->342070K(880320K), 0.0583250 secs] [Times: user=0.21 sys=0.00, real=0.06 secs] 
2014-07-08T22:01:34.819+0000: 2936.957: [GC [PSYoungGen: 193339K->2050K(232256K)] 533814K->342661K(919232K), 0.0281090 secs] [Times: user=0.11 sys=0.00, real=0.02 secs] 
2014-07-08T22:01:39.427+0000: 2941.565: [GC [PSYoungGen: 232156K->1312K(226112K)] 572767K->342649K(913088K), 0.0165560 secs] [Times: user=0.05 sys=0.00, real=0.02 secs] 
2014-07-08T22:01:42.623+0000: 2944.761: [GC [PSYoungGen: 226080K->1918K(221504K)] 567417K->343455K(908480K), 0.0310210 secs] [Times: user=0.12 sys=0.00, real=0.03 secs] 
2014-07-08T22:01:45.769+0000: 2947.907: [GC [PSYoungGen: 221499K->1652K(216256K)] 563036K->343685K(903232K), 0.0237480 secs] [Times: user=0.09 sys=0.00, real=0.03 secs] 
2014-07-08T22:01:50.023+0000: 2952.162: [GC [PSYoungGen: 216221K->2252K(212032K)] 558254K->344504K(899008K), 0.0233240 secs] [Times: user=0.09 sys=0.00, real=0.02 secs] 
2014-07-08T22:01:53.241+0000: 2955.379: [GC [PSYoungGen: 211924K->950K(206016K)] 554175K->344472K(892992K), 0.0435080 secs] [Times: user=0.16 sys=0.00, real=0.05 secs] 
2014-07-08T22:01:57.366+0000: 2959.504: [GC [PSYoungGen: 206006K->2410K(203008K)] 549528K->346086K(889984K), 0.0485820 secs] [Times: user=0.18 sys=0.00, real=0.05 secs] 
2014-07-08T22:02:00.131+0000: 2962.270: [GC [PSYoungGen: 202986K->1648K(197888K)] 546662K->346042K(884864K), 0.0241470 secs] [Times: user=0.09 sys=0.00, real=0.03 secs] 
2014-07-08T22:02:03.587+0000: 2965.726: [GC [PSYoungGen: 197872K->1918K(193920K)] 542266K->346540K(880896K), 0.0260280 secs] [Times: user=0.08 sys=0.01, real=0.03 secs] 
2014-07-08T22:02:07.276+0000: 2969.415: [GC [PSYoungGen: 193918K->1715K(189632K)] 538540K->346825K(876608K), 0.0390000 secs] [Times: user=0.14 sys=0.00, real=0.04 secs] 
2014-07-08T22:02:10.774+0000: 2972.912: [GC [PSYoungGen: 189588K->2124K(186176K)] 534699K->347419K(873152K), 0.0168860 secs] [Times: user=0.05 sys=0.01, real=0.02 secs] 
2014-07-08T22:02:14.126+0000: 2976.264: [GC [PSYoungGen: 186124K->1402K(181632K)] 531419K->347158K(868608K), 0.0101930 secs] [Times: user=0.04 sys=0.00, real=0.01 secs] 
2014-07-08T22:02:17.519+0000: 2979.657: [GC [PSYoungGen: 181600K->2344K(178944K)] 527357K->348277K(865920K), 0.0380600 secs] [Times: user=0.14 sys=0.00, real=0.04 secs] 
2014-07-08T22:02:21.103+0000: 2983.241: [GC [PSYoungGen: 178873K->1383K(174400K)] 524805K->348264K(861376K), 0.0229020 secs] [Times: user=0.08 sys=0.00, real=0.02 secs] 
2014-07-08T22:02:24.578+0000: 2986.716: [GC [PSYoungGen: 174340K->2545K(172096K)] 521221K->349529K(859072K), 0.0124880 secs] [Times: user=0.03 sys=0.00, real=0.01 secs] 
2014-07-08T22:02:27.872+0000: 2990.011: [GC [PSYoungGen: 172064K->1320K(167552K)] 519049K->348973K(854528K), 0.0303450 secs] [Times: user=0.12 sys=0.00, real=0.03 secs] 
2014-07-08T22:02:30.875+0000: 2993.013: [GC [PSYoungGen: 167490K->2054K(165120K)] 515142K->349859K(852096K), 0.0265150 secs] [Times: user=0.10 sys=0.00, real=0.03 secs] 
2014-07-08T22:02:34.004+0000: 2996.142: [GC [PSYoungGen: 165038K->2032K(161920K)] 512843K->350065K(848896K), 0.0314710 secs] [Times: user=0.10 sys=0.00, real=0.03 secs] 
2014-07-08T22:02:36.501+0000: 2998.640: [GC [PSYoungGen: 161904K->1904K(158784K)] 509937K->350089K(845760K), 0.0300190 secs] [Times: user=0.12 sys=0.00, real=0.03 secs] 
2014-07-08T22:02:39.324+0000: 3001.462: [GC [PSYoungGen: 158768K->1460K(155392K)] 506953K->349837K(842368K), 0.0113270 secs] [Times: user=0.04 sys=0.00, real=0.01 secs] 
2014-07-08T22:02:41.903+0000: 3004.041: [GC [PSYoungGen: 155374K->2060K(186816K)] 503751K->350557K(873792K), 0.0451580 secs] [Times: user=0.16 sys=0.00, real=0.04 secs] 
2014-07-08T22:02:44.938+0000: 3007.076: [GC [PSYoungGen: 186741K->1762K(182656K)] 535238K->350371K(869632K), 0.0145160 secs] [Times: user=0.05 sys=0.00, real=0.02 secs] 
2014-07-08T22:02:48.109+0000: 3010.247: [GC [PSYoungGen: 182615K->1780K(178944K)] 531224K->350613K(865920K), 0.0389400 secs] [Times: user=0.13 sys=0.01, real=0.04 secs] 
2014-07-08T22:02:51.981+0000: 3014.119: [GC [PSYoungGen: 178932K->1708K(175296K)] 527765K->350825K(862272K), 0.0245090 secs] [Times: user=0.09 sys=0.00, real=0.03 secs] 
2014-07-08T22:02:54.927+0000: 3017.065: [GC [PSYoungGen: 175276K->2156K(172288K)] 524393K->351473K(859264K), 0.0210080 secs] [Times: user=0.07 sys=0.00, real=0.02 secs] 
2014-07-08T22:02:58.191+0000: 3020.329: [GC [PSYoungGen: 172268K->1274K(168064K)] 521585K->351117K(855040K), 0.0239640 secs] [Times: user=0.09 sys=0.00, real=0.03 secs] 
2014-07-08T22:03:01.863+0000: 3024.001: [GC [PSYoungGen: 168011K->1986K(165568K)] 517854K->351973K(852544K), 0.0225350 secs] [Times: user=0.08 sys=0.00, real=0.02 secs] 
2014-07-08T22:03:05.147+0000: 3027.286: [GC [PSYoungGen: 165506K->1844K(162240K)] 515493K->352031K(849216K), 0.0115320 secs] [Times: user=0.03 sys=0.00, real=0.01 secs] 
2014-07-08T22:03:08.484+0000: 3030.622: [GC [PSYoungGen: 162228K->2377K(159744K)] 512415K->352756K(846720K), 0.0222170 secs] [Times: user=0.08 sys=0.00, real=0.02 secs] 
2014-07-08T22:03:10.809+0000: 3032.947: [GC [PSYoungGen: 159689K->736K(155136K)] 510068K->352295K(842112K), 0.0357340 secs] [Times: user=0.13 sys=0.00, real=0.04 secs] 
2014-07-08T22:03:13.625+0000: 3035.763: [GC [PSYoungGen: 155104K->2438K(153984K)] 506663K->354110K(840960K), 0.0205230 secs] [Times: user=0.08 sys=0.00, real=0.02 secs] 
2014-07-08T22:03:16.133+0000: 3038.271: [GC [PSYoungGen: 153925K->1900K(150656K)] 505597K->354182K(837632K), 0.0138430 secs] [Times: user=0.04 sys=0.00, real=0.02 secs] 
2014-07-08T22:03:19.476+0000: 3041.614: [GC [PSYoungGen: 150594K->2224K(148288K)] 502875K->354634K(835264K), 0.0222890 secs] [Times: user=0.08 sys=0.01, real=0.02 secs] 
2014-07-08T22:03:22.467+0000: 3044.605: [GC [PSYoungGen: 148272K->1380K(144832K)] 500682K->354390K(831808K), 0.0170300 secs] [Times: user=0.05 sys=0.00, real=0.01 secs] 
2014-07-08T22:03:24.936+0000: 3047.074: [GC [PSYoungGen: 144782K->2188K(143104K)] 497792K->355318K(830080K), 0.0209840 secs] [Times: user=0.08 sys=0.00, real=0.02 secs] 
2014-07-08T22:03:28.039+0000: 3050.177: [GC [PSYoungGen: 143052K->1772K(140224K)] 496182K->355086K(827200K), 0.0067460 secs] [Times: user=0.01 sys=0.00, real=0.00 secs] 
2014-07-08T22:03:31.026+0000: 3053.164: [GC [PSYoungGen: 140204K->2032K(138112K)] 493518K->355506K(825088K), 0.0346240 secs] [Times: user=0.12 sys=0.00, real=0.04 secs] 
2014-07-08T22:03:33.928+0000: 3056.067: [GC [PSYoungGen: 138062K->1470K(135232K)] 491536K->355290K(822208K), 0.0264680 secs] [Times: user=0.10 sys=0.00, real=0.02 secs] 
2014-07-08T22:03:37.131+0000: 3059.269: [GC [PSYoungGen: 135228K->2469K(134016K)] 489048K->356465K(820992K), 0.0220500 secs] [Times: user=0.08 sys=0.00, real=0.02 secs] 
2014-07-08T22:03:39.083+0000: 3061.221: [GC [PSYoungGen: 133979K->1314K(130688K)] 487975K->355851K(817664K), 0.0246620 secs] [Times: user=0.09 sys=0.00, real=0.02 secs] 
2014-07-08T22:03:41.175+0000: 3063.313: [GC [PSYoungGen: 130583K->2039K(129280K)] 485120K->356713K(816256K), 0.0201890 secs] [Times: user=0.08 sys=0.00, real=0.02 secs] 
2014-07-08T22:03:42.476+0000: 3064.614: [GC [PSYoungGen: 129179K->1737K(126976K)] 483853K->356677K(813952K), 0.0140710 secs] [Times: user=0.05 sys=0.00, real=0.02 secs] 
2014-07-08T22:03:45.522+0000: 3067.660: [GC [PSYoungGen: 126895K->2555K(125760K)] 481834K->357664K(812736K), 0.0243950 secs] [Times: user=0.08 sys=0.00, real=0.02 secs] 
2014-07-08T22:03:47.255+0000: 3069.393: [GC [PSYoungGen: 125755K->956K(148800K)] 480864K->357513K(835776K), 0.0269940 secs] [Times: user=0.10 sys=0.01, real=0.03 secs] 
2014-07-08T22:03:50.188+0000: 3072.326: [GC [PSYoungGen: 148770K->1710K(146880K)] 505327K->358413K(833856K), 0.0112990 secs] [Times: user=0.03 sys=0.00, real=0.01 secs] 
2014-07-08T22:03:52.844+0000: 3074.982: [GC [PSYoungGen: 146763K->2473K(145088K)] 503465K->359592K(832064K), 0.0202200 secs] [Times: user=0.07 sys=0.00, real=0.02 secs] 
2014-07-08T22:03:55.503+0000: 3077.641: [GC [PSYoungGen: 145065K->1716K(141824K)] 502184K->358971K(828800K), 0.0352900 secs] [Times: user=0.14 sys=0.00, real=0.03 secs] 
2014-07-08T22:03:58.831+0000: 3080.970: [GC [PSYoungGen: 141767K->1570K(139264K)] 499021K->359155K(826240K), 0.0249610 secs] [Times: user=0.09 sys=0.00, real=0.02 secs] 
2014-07-08T22:04:02.111+0000: 3084.249: [GC [PSYoungGen: 139230K->1933K(137280K)] 496815K->359645K(824256K), 0.0161600 secs] [Times: user=0.05 sys=0.00, real=0.02 secs] 
2014-07-08T22:04:04.535+0000: 3086.673: [GC [PSYoungGen: 137224K->2235K(135232K)] 494937K->360172K(822208K), 0.0348720 secs] [Times: user=0.12 sys=0.00, real=0.03 secs] 
2014-07-08T22:04:07.588+0000: 3089.727: [GC [PSYoungGen: 135227K->2092K(132864K)] 493164K->360181K(819840K), 0.0135690 secs] [Times: user=0.05 sys=0.00, real=0.02 secs] 
2014-07-08T22:04:10.210+0000: 3092.348: [GC [PSYoungGen: 132820K->1470K(130048K)] 490909K->360093K(817024K), 0.0251940 secs] [Times: user=0.08 sys=0.00, real=0.03 secs] 
2014-07-08T22:04:11.788+0000: 3093.926: [GC [PSYoungGen: 130046K->2000K(156352K)] 488669K->360727K(843328K), 0.0268150 secs] [Times: user=0.09 sys=0.00, real=0.03 secs] 
2014-07-08T22:04:14.172+0000: 3096.310: [GC [PSYoungGen: 156258K->2036K(153472K)] 514985K->360957K(840448K), 0.0159200 secs] [Times: user=0.05 sys=0.00, real=0.02 secs] 
2014-07-08T22:04:16.502+0000: 3098.640: [GC [PSYoungGen: 153460K->2270K(150976K)] 512381K->361344K(837952K), 0.0182110 secs] [Times: user=0.06 sys=0.01, real=0.02 secs] 
2014-07-08T22:04:18.673+0000: 3100.811: [GC [PSYoungGen: 150926K->1084K(147072K)] 509999K->361024K(834048K), 0.0098380 secs] [Times: user=0.03 sys=0.00, real=0.01 secs] 
2014-07-08T22:04:20.763+0000: 3102.901: [GC [PSYoungGen: 147068K->2439K(145856K)] 507008K->362458K(832832K), 0.0218960 secs] [Times: user=0.08 sys=0.00, real=0.03 secs] 
2014-07-08T22:04:22.646+0000: 3104.785: [GC [PSYoungGen: 145795K->1826K(142656K)] 505815K->362272K(829632K), 0.0202680 secs] [Times: user=0.07 sys=0.00, real=0.02 secs] 
2014-07-08T22:04:25.090+0000: 3107.228: [GC [PSYoungGen: 142626K->2092K(140480K)] 503072K->362650K(827456K), 0.0281000 secs] [Times: user=0.10 sys=0.00, real=0.03 secs] 
2014-07-08T22:04:26.358+0000: 3108.496: [GC [PSYoungGen: 140426K->1594K(167680K)] 500984K->362474K(854656K), 0.0304370 secs] [Times: user=0.11 sys=0.00, real=0.03 secs] 
2014-07-08T22:04:28.236+0000: 3110.374: [GC [PSYoungGen: 167674K->2174K(201472K)] 528554K->363150K(888448K), 0.0071790 secs] [Times: user=0.02 sys=0.00, real=0.00 secs] 
2014-07-08T22:04:30.262+0000: 3112.400: [GC [PSYoungGen: 201470K->1637K(240832K)] 562446K->363231K(927808K), 0.0200660 secs] [Times: user=0.07 sys=0.00, real=0.02 secs] 
2014-07-08T22:04:32.983+0000: 3115.121: [GC [PSYoungGen: 240804K->2316K(289408K)] 602398K->363990K(976384K), 0.0250160 secs] [Times: user=0.09 sys=0.00, real=0.03 secs] 
2014-07-08T22:04:36.580+0000: 3118.718: [GC [PSYoungGen: 289341K->1253K(280768K)] 651015K->363688K(967744K), 0.0155000 secs] [Times: user=0.05 sys=0.00, real=0.01 secs] 
2014-07-08T22:04:39.517+0000: 3121.656: [GC [PSYoungGen: 280741K->2224K(274496K)] 643176K->364820K(961472K), 0.0178610 secs] [Times: user=0.06 sys=0.01, real=0.01 secs] 
2014-07-08T22:04:42.484+0000: 3124.622: [GC [PSYoungGen: 274480K->1776K(267072K)] 637076K->364600K(954048K), 0.0061140 secs] [Times: user=0.01 sys=0.00, real=0.01 secs] 
2014-07-08T22:04:45.390+0000: 3127.528: [GC [PSYoungGen: 267056K->2060K(260672K)] 629880K->365020K(947648K), 0.0266870 secs] [Times: user=0.10 sys=0.00, real=0.02 secs] 
2014-07-08T22:04:49.426+0000: 3131.564: [GC [PSYoungGen: 260620K->1397K(253504K)] 623580K->365252K(940480K), 0.0229120 secs] [Times: user=0.09 sys=0.00, real=0.02 secs] 
2014-07-08T22:04:51.984+0000: 3134.122: [GC [PSYoungGen: 253493K->2335K(248256K)] 617348K->366319K(935232K), 0.0324430 secs] [Times: user=0.12 sys=0.00, real=0.03 secs] 
2014-07-08T22:04:54.728+0000: 3136.866: [GC [PSYoungGen: 248223K->1524K(241472K)] 612207K->365794K(928448K), 0.0054160 secs] [Times: user=0.02 sys=0.00, real=0.01 secs] 
2014-07-08T22:04:57.428+0000: 3139.567: [GC [PSYoungGen: 241460K->1876K(236096K)] 605730K->366298K(923072K), 0.0315940 secs] [Times: user=0.11 sys=0.00, real=0.04 secs] 
2014-07-08T22:05:00.798+0000: 3142.937: [GC [PSYoungGen: 236043K->1961K(230592K)] 600464K->366649K(917568K), 0.0354340 secs] [Times: user=0.13 sys=0.00, real=0.04 secs] 
2014-07-08T22:05:03.523+0000: 3145.662: [GC [PSYoungGen: 230569K->1908K(225216K)] 595257K->366708K(912192K), 0.0351840 secs] [Times: user=0.11 sys=0.00, real=0.03 secs] 
2014-07-08T22:05:05.660+0000: 3147.799: [GC [PSYoungGen: 225204K->1524K(219712K)] 590004K->366636K(906688K), 0.0226260 secs] [Times: user=0.08 sys=0.01, real=0.03 secs] 
2014-07-08T22:05:07.742+0000: 3149.880: [GC [PSYoungGen: 219687K->2266K(215488K)] 584799K->367514K(902464K), 0.0158870 secs] [Times: user=0.06 sys=0.00, real=0.01 secs] 
2014-07-08T22:05:10.071+0000: 3152.209: [GC [PSYoungGen: 215417K->1460K(209856K)] 580665K->366804K(896832K), 0.0145450 secs] [Times: user=0.06 sys=0.00, real=0.02 secs] 
2014-07-08T22:05:12.202+0000: 3154.340: [GC [PSYoungGen: 209844K->2377K(206208K)] 575188K->367793K(893184K), 0.0297820 secs] [Times: user=0.11 sys=0.00, real=0.02 secs] 
2014-07-08T22:05:15.195+0000: 3157.333: [GC [PSYoungGen: 206153K->1526K(200832K)] 571568K->367364K(887808K), 0.0187540 secs] [Times: user=0.07 sys=0.00, real=0.02 secs] 
2014-07-08T22:05:17.149+0000: 3159.287: [GC [PSYoungGen: 200822K->2217K(241408K)] 566660K->368199K(928384K), 0.0350040 secs] [Times: user=0.13 sys=0.00, real=0.04 secs] 
2014-07-08T22:05:19.271+0000: 3161.409: [GC [PSYoungGen: 241377K->1638K(288704K)] 607359K->367804K(975680K), 0.0165350 secs] [Times: user=0.06 sys=0.00, real=0.02 secs] 
2014-07-08T22:05:23.382+0000: 3165.520: [GC [PSYoungGen: 288678K->1808K(281344K)] 654844K->368054K(968320K), 0.0122910 secs] [Times: user=0.04 sys=0.00, real=0.02 secs] 
2014-07-08T22:05:27.595+0000: 3169.733: [GC [PSYoungGen: 281296K->1897K(274176K)] 647542K->368471K(961152K), 0.0269890 secs] [Times: user=0.10 sys=0.00, real=0.02 secs] 
2014-07-08T22:05:31.552+0000: 3173.690: [GC [PSYoungGen: 274114K->2196K(267520K)] 640688K->368954K(954496K), 0.0223810 secs] [Times: user=0.08 sys=0.01, real=0.02 secs] 
2014-07-08T22:05:34.472+0000: 3176.610: [GC [PSYoungGen: 267457K->1256K(259840K)] 634215K->368568K(946816K), 0.0148160 secs] [Times: user=0.06 sys=0.00, real=0.02 secs] 
2014-07-08T22:05:37.439+0000: 3179.577: [GC [PSYoungGen: 259816K->2132K(254272K)] 627128K->369596K(941248K), 0.0214320 secs] [Times: user=0.07 sys=0.00, real=0.02 secs] 
2014-07-08T22:05:39.806+0000: 3181.944: [GC [PSYoungGen: 254194K->1954K(247872K)] 621658K->369678K(934848K), 0.0372350 secs] [Times: user=0.13 sys=0.00, real=0.03 secs] 
2014-07-08T22:05:43.598+0000: 3185.737: [GC [PSYoungGen: 247842K->2000K(241984K)] 615566K->369804K(928960K), 0.0174540 secs] [Times: user=0.06 sys=0.00, real=0.01 secs] 
2014-07-08T22:05:47.433+0000: 3189.571: [GC [PSYoungGen: 241936K->1270K(235456K)] 609740K->369808K(922432K), 0.0241550 secs] [Times: user=0.09 sys=0.00, real=0.03 secs] 
2014-07-08T22:05:51.930+0000: 3194.068: [GC [PSYoungGen: 235445K->2239K(230848K)] 603984K->370938K(917824K), 0.0228900 secs] [Times: user=0.08 sys=0.00, real=0.02 secs] 
2014-07-08T22:05:56.590+0000: 3198.728: [GC [PSYoungGen: 230821K->1648K(224960K)] 599519K->370743K(911936K), 0.0311680 secs] [Times: user=0.12 sys=0.01, real=0.03 secs] 
2014-07-08T22:06:00.756+0000: 3202.894: [GC [PSYoungGen: 224944K->1936K(220160K)] 594039K->371263K(907136K), 0.0273210 secs] [Times: user=0.10 sys=0.00, real=0.03 secs] 
2014-07-08T22:06:04.837+0000: 3206.975: [GC [PSYoungGen: 220112K->1518K(214720K)] 589439K->371479K(901696K), 0.0178650 secs] [Times: user=0.06 sys=0.00, real=0.02 secs] 
2014-07-08T22:06:08.434+0000: 3210.573: [GC [PSYoungGen: 214702K->2096K(210496K)] 584663K->372240K(897472K), 0.0373840 secs] [Times: user=0.14 sys=0.00, real=0.04 secs] 
2014-07-08T22:06:12.213+0000: 3214.352: [GC [PSYoungGen: 210480K->1388K(205184K)] 580624K->371937K(892160K), 0.0332050 secs] [Times: user=0.13 sys=0.00, real=0.03 secs] 
2014-07-08T22:06:16.252+0000: 3218.390: [GC [PSYoungGen: 205163K->2064K(201408K)] 575711K->372749K(888384K), 0.0272820 secs] [Times: user=0.09 sys=0.00, real=0.03 secs] 
2014-07-08T22:06:20.250+0000: 3222.389: [GC [PSYoungGen: 201360K->1508K(196544K)] 572045K->372761K(883520K), 0.0311650 secs] [Times: user=0.10 sys=0.00, real=0.03 secs] 
2014-07-08T22:06:25.064+0000: 3227.202: [GC [PSYoungGen: 196516K->2409K(193280K)] 567769K->373806K(880256K), 0.0339400 secs] [Times: user=0.13 sys=0.00, real=0.03 secs] 
2014-07-08T22:06:28.380+0000: 3230.519: [GC [PSYoungGen: 193230K->940K(187776K)] 564627K->373147K(874752K), 0.0345150 secs] [Times: user=0.13 sys=0.00, real=0.04 secs] 
2014-07-08T22:06:32.500+0000: 3234.638: [GC [PSYoungGen: 187756K->2421K(185344K)] 559963K->374731K(872320K), 0.0253190 secs] [Times: user=0.10 sys=0.00, real=0.03 secs] 
2014-07-08T22:06:35.739+0000: 3237.877: [GC [PSYoungGen: 185332K->1904K(181056K)] 557643K->374711K(868032K), 0.0271590 secs] [Times: user=0.08 sys=0.00, real=0.03 secs] 
2014-07-08T22:06:38.768+0000: 3240.906: [GC [PSYoungGen: 181015K->1716K(177216K)] 553822K->374731K(864192K), 0.0134270 secs] [Times: user=0.04 sys=0.00, real=0.01 secs] 
2014-07-08T22:06:41.996+0000: 3244.135: [GC [PSYoungGen: 177200K->1904K(173888K)] 550215K->375119K(860864K), 0.0245390 secs] [Times: user=0.09 sys=0.00, real=0.02 secs] 
2014-07-08T22:06:44.682+0000: 3246.820: [GC [PSYoungGen: 173872K->2000K(170624K)] 547087K->375375K(857600K), 0.0377740 secs] [Times: user=0.14 sys=0.00, real=0.04 secs] 
2014-07-08T22:06:47.894+0000: 3250.033: [GC [PSYoungGen: 170545K->1469K(166720K)] 543920K->375586K(853696K), 0.0228420 secs] [Times: user=0.08 sys=0.00, real=0.03 secs] 
2014-07-08T22:06:51.089+0000: 3253.227: [GC [PSYoungGen: 166717K->2210K(164288K)] 540834K->376487K(851264K), 0.0236220 secs] [Times: user=0.09 sys=0.00, real=0.02 secs] 
2014-07-08T22:06:54.154+0000: 3256.293: [GC [PSYoungGen: 164244K->1588K(160576K)] 538522K->376271K(847552K), 0.0351150 secs] [Times: user=0.13 sys=0.00, real=0.04 secs] 
2014-07-08T22:06:57.836+0000: 3259.974: [GC [PSYoungGen: 160563K->2377K(158400K)] 535246K->377244K(845376K), 0.0258110 secs] [Times: user=0.09 sys=0.00, real=0.03 secs] 
2014-07-08T22:07:00.425+0000: 3262.564: [GC [PSYoungGen: 158345K->1274K(188480K)] 533212K->376683K(875456K), 0.0448630 secs] [Times: user=0.16 sys=0.00, real=0.05 secs] 
2014-07-08T22:07:03.870+0000: 3266.009: [GC [PSYoungGen: 188474K->2662K(185984K)] 563883K->378175K(872960K), 0.0269980 secs] [Times: user=0.10 sys=0.01, real=0.02 secs] 
2014-07-08T22:07:06.824+0000: 3268.962: [GC [PSYoungGen: 185958K->1470K(180992K)] 561471K->377445K(867968K), 0.0226620 secs] [Times: user=0.08 sys=0.00, real=0.02 secs] 
2014-07-08T22:07:10.113+0000: 3272.251: [GC [PSYoungGen: 180983K->2182K(178112K)] 556959K->378317K(865088K), 0.0355290 secs] [Times: user=0.13 sys=0.00, real=0.03 secs] 
2014-07-08T22:07:13.171+0000: 3275.309: [GC [PSYoungGen: 178026K->1968K(174336K)] 554161K->378295K(861312K), 0.0270410 secs] [Times: user=0.09 sys=0.01, real=0.03 secs] 
2014-07-08T22:07:16.520+0000: 3278.658: [GC [PSYoungGen: 174288K->2032K(171008K)] 550616K->378560K(857984K), 0.0341150 secs] [Times: user=0.13 sys=0.00, real=0.04 secs] 
2014-07-08T22:07:19.835+0000: 3281.973: [GC [PSYoungGen: 170991K->1406K(167040K)] 547519K->378409K(854016K), 0.0154570 secs] [Times: user=0.05 sys=0.00, real=0.01 secs] 
2014-07-08T22:07:22.963+0000: 3285.101: [GC [PSYoungGen: 167037K->1961K(164416K)] 544041K->379076K(851392K), 0.0106020 secs] [Times: user=0.03 sys=0.01, real=0.01 secs] 
2014-07-08T22:07:26.282+0000: 3288.420: [GC [PSYoungGen: 164393K->2028K(161344K)] 541508K->379392K(848320K), 0.0271370 secs] [Times: user=0.10 sys=0.00, real=0.03 secs] 
2014-07-08T22:07:29.288+0000: 3291.427: [GC [PSYoungGen: 161296K->1940K(158272K)] 538659K->379463K(845248K), 0.0332780 secs] [Times: user=0.12 sys=0.00, real=0.03 secs] 
2014-07-08T22:07:32.075+0000: 3294.213: [GC [PSYoungGen: 158228K->1264K(154624K)] 535751K->379167K(841600K), 0.0202180 secs] [Times: user=0.08 sys=0.00, real=0.02 secs] 
2014-07-08T22:07:35.388+0000: 3297.526: [GC [PSYoungGen: 154608K->2106K(152640K)] 532511K->380180K(839616K), 0.0310220 secs] [Times: user=0.11 sys=0.00, real=0.03 secs] 
2014-07-08T22:07:38.558+0000: 3300.696: [GC [PSYoungGen: 152634K->1890K(149696K)] 530708K->380196K(836672K), 0.0250890 secs] [Times: user=0.09 sys=0.00, real=0.02 secs] 
2014-07-08T22:07:41.203+0000: 3303.342: [GC [PSYoungGen: 149666K->1904K(147008K)] 527972K->380427K(833984K), 0.0253770 secs] [Times: user=0.09 sys=0.00, real=0.03 secs] 
2014-07-08T22:07:44.181+0000: 3306.319: [GC [PSYoungGen: 146991K->1338K(143872K)] 525515K->380448K(830848K), 0.0370850 secs] [Times: user=0.13 sys=0.00, real=0.04 secs] 
2014-07-08T22:07:46.498+0000: 3308.636: [GC [PSYoungGen: 143860K->2138K(173248K)] 522970K->381514K(860224K), 0.0287620 secs] [Times: user=0.11 sys=0.00, real=0.03 secs] 
2014-07-08T22:07:49.533+0000: 3311.671: [GC [PSYoungGen: 173210K->1652K(169344K)] 552586K->381358K(856320K), 0.0182670 secs] [Times: user=0.06 sys=0.00, real=0.02 secs] 
2014-07-08T22:07:52.630+0000: 3314.768: [GC [PSYoungGen: 169332K->1997K(166464K)] 549038K->381939K(853440K), 0.0050780 secs] [Times: user=0.02 sys=0.00, real=0.00 secs] 
2014-07-08T22:07:55.431+0000: 3317.569: [GC [PSYoungGen: 166413K->1330K(162560K)] 546355K->381940K(849536K), 0.0202080 secs] [Times: user=0.08 sys=0.01, real=0.02 secs] 
2014-07-08T22:07:58.186+0000: 3320.324: [GC [PSYoungGen: 162522K->2396K(160576K)] 543132K->383166K(847552K), 0.0345210 secs] [Times: user=0.13 sys=0.00, real=0.04 secs] 
2014-07-08T22:08:01.393+0000: 3323.531: [GC [PSYoungGen: 160540K->1142K(156352K)] 541310K->382762K(843328K), 0.0190480 secs] [Times: user=0.07 sys=0.01, real=0.02 secs] 
2014-07-08T22:08:04.734+0000: 3326.872: [GC [PSYoungGen: 156342K->2172K(154496K)] 537962K->383888K(841472K), 0.0180790 secs] [Times: user=0.06 sys=0.00, real=0.02 secs] 
2014-07-08T22:08:07.988+0000: 3330.126: [GC [PSYoungGen: 154460K->1719K(151232K)] 536176K->384016K(838208K), 0.0251490 secs] [Times: user=0.10 sys=0.00, real=0.03 secs] 
2014-07-08T22:08:10.773+0000: 3332.911: [GC [PSYoungGen: 151142K->2558K(149376K)] 533439K->385039K(836352K), 0.0432300 secs] [Times: user=0.15 sys=0.00, real=0.04 secs] 
2014-07-08T22:08:14.117+0000: 3336.256: [GC [PSYoungGen: 149374K->874K(145088K)] 531855K->384421K(832064K), 0.0157960 secs] [Times: user=0.05 sys=0.01, real=0.02 secs] 
2014-07-08T22:08:16.985+0000: 3339.123: [GC [PSYoungGen: 145066K->2478K(144128K)] 528613K->386121K(831104K), 0.0260580 secs] [Times: user=0.09 sys=0.01, real=0.03 secs] 
2014-07-08T22:08:19.994+0000: 3342.132: [GC [PSYoungGen: 144110K->1950K(141120K)] 527753K->386249K(828096K), 0.0220870 secs] [Times: user=0.09 sys=0.00, real=0.02 secs] 
2014-07-08T22:08:22.160+0000: 3344.298: [GC [PSYoungGen: 141086K->2018K(138752K)] 525385K->386461K(825728K), 0.0215560 secs] [Times: user=0.08 sys=0.00, real=0.03 secs] 
2014-07-08T22:08:24.266+0000: 3346.404: [GC [PSYoungGen: 138722K->1526K(135872K)] 523164K->386581K(822848K), 0.0265360 secs] [Times: user=0.10 sys=0.00, real=0.03 secs] 
2014-07-08T22:08:26.681+0000: 3348.819: [GC [PSYoungGen: 135862K->2451K(163712K)] 520917K->387822K(850688K), 0.0365600 secs] [Times: user=0.14 sys=0.00, real=0.04 secs] 
2014-07-08T22:08:29.471+0000: 3351.610: [GC [PSYoungGen: 163667K->1395K(194880K)] 549038K->387354K(881856K), 0.0217390 secs] [Times: user=0.07 sys=0.01, real=0.03 secs] 
2014-07-08T22:08:32.181+0000: 3354.319: [GC [PSYoungGen: 194851K->1830K(191232K)] 580811K->387967K(878208K), 0.0218550 secs] [Times: user=0.08 sys=0.00, real=0.02 secs] 
2014-07-08T22:08:36.130+0000: 3358.268: [GC [PSYoungGen: 191177K->2192K(187648K)] 577314K->388458K(874624K), 0.0059440 secs] [Times: user=0.02 sys=0.00, real=0.01 secs] 
2014-07-08T22:08:39.406+0000: 3361.544: [GC [PSYoungGen: 187599K->1968K(183552K)] 573865K->388465K(870528K), 0.0203770 secs] [Times: user=0.08 sys=0.00, real=0.02 secs] 
2014-07-08T22:08:42.130+0000: 3364.268: [GC [PSYoungGen: 183536K->1184K(179072K)] 570033K->388406K(866048K), 0.0259950 secs] [Times: user=0.10 sys=0.00, real=0.03 secs] 
2014-07-08T22:08:44.865+0000: 3367.004: [GC [PSYoungGen: 179040K->2058K(176384K)] 566262K->389392K(863360K), 0.0345380 secs] [Times: user=0.13 sys=0.00, real=0.03 secs] 
2014-07-08T22:08:47.687+0000: 3369.826: [GC [PSYoungGen: 176330K->1968K(172800K)] 563664K->389668K(859776K), 0.0253600 secs] [Times: user=0.10 sys=0.00, real=0.02 secs] 
2014-07-08T22:08:49.402+0000: 3371.540: [GC [PSYoungGen: 172783K->2028K(207040K)] 560483K->389920K(894016K), 0.0365980 secs] [Times: user=0.14 sys=0.00, real=0.04 secs] 
2014-07-08T22:08:52.569+0000: 3374.707: [GC [PSYoungGen: 207020K->1273K(247296K)] 594912K->389824K(934272K), 0.0218030 secs] [Times: user=0.06 sys=0.01, real=0.02 secs] 
2014-07-08T22:08:55.448+0000: 3377.586: [GC [PSYoungGen: 247289K->2138K(242240K)] 635840K->390867K(929216K), 0.0157140 secs] [Times: user=0.06 sys=0.00, real=0.01 secs] 
2014-07-08T22:08:57.634+0000: 3379.772: [GC [PSYoungGen: 242199K->1698K(236032K)] 630928K->390643K(923008K), 0.0099740 secs] [Times: user=0.03 sys=0.00, real=0.01 secs] 
2014-07-08T22:08:59.974+0000: 3382.112: [GC [PSYoungGen: 235964K->1684K(230464K)] 624909K->390799K(917440K), 0.0350930 secs] [Times: user=0.13 sys=0.00, real=0.04 secs] 
2014-07-08T22:09:02.608+0000: 3384.746: [GC [PSYoungGen: 230420K->1709K(225088K)] 619535K->391016K(912064K), 0.0107980 secs] [Times: user=0.03 sys=0.00, real=0.01 secs] 
2014-07-08T22:09:05.970+0000: 3388.108: [GC [PSYoungGen: 225069K->2125K(220352K)] 614376K->391576K(907328K), 0.0385090 secs] [Times: user=0.14 sys=0.00, real=0.04 secs] 
2014-07-08T22:09:08.216+0000: 3390.354: [GC [PSYoungGen: 220299K->1274K(214464K)] 609751K->391179K(901440K), 0.0179050 secs] [Times: user=0.05 sys=0.01, real=0.02 secs] 
2014-07-08T22:09:10.517+0000: 3392.656: [GC [PSYoungGen: 214451K->2060K(257984K)] 604356K->392078K(944960K), 0.0376890 secs] [Times: user=0.14 sys=0.00, real=0.04 secs] 
2014-07-08T22:09:13.238+0000: 3395.376: [GC [PSYoungGen: 257890K->1783K(251328K)] 647908K->392119K(938304K), 0.0209980 secs] [Times: user=0.07 sys=0.00, real=0.03 secs] 
2014-07-08T22:09:15.790+0000: 3397.929: [GC [PSYoungGen: 251309K->2082K(245568K)] 641644K->392586K(932544K), 0.0205560 secs] [Times: user=0.07 sys=0.00, real=0.02 secs] 
2014-07-08T22:09:18.291+0000: 3400.429: [GC [PSYoungGen: 245532K->1142K(238720K)] 636035K->392634K(925696K), 0.0116290 secs] [Times: user=0.04 sys=0.00, real=0.01 secs] 
2014-07-08T22:09:20.622+0000: 3402.760: [GC [PSYoungGen: 238710K->2331K(234240K)] 630202K->393943K(921216K), 0.0276690 secs] [Times: user=0.11 sys=0.00, real=0.02 secs] 
2014-07-08T22:09:24.911+0000: 3407.049: [GC [PSYoungGen: 234203K->1524K(227968K)] 625815K->393418K(914944K), 0.0186370 secs] [Times: user=0.06 sys=0.00, real=0.02 secs] 
2014-07-08T22:09:27.414+0000: 3409.552: [GC [PSYoungGen: 227945K->2345K(223552K)] 619839K->394447K(910528K), 0.0268110 secs] [Times: user=0.10 sys=0.00, real=0.02 secs] 
2014-07-08T22:09:29.750+0000: 3411.889: [GC [PSYoungGen: 223485K->1274K(217408K)] 615587K->393898K(904384K), 0.0214140 secs] [Times: user=0.08 sys=0.01, real=0.03 secs] 
2014-07-08T22:09:32.302+0000: 3414.440: [GC [PSYoungGen: 217360K->2388K(213632K)] 609984K->395158K(900608K), 0.0286030 secs] [Times: user=0.10 sys=0.00, real=0.03 secs] 
2014-07-08T22:09:34.653+0000: 3416.791: [GC [PSYoungGen: 213569K->1576K(255040K)] 606339K->394897K(942016K), 0.0290550 secs] [Times: user=0.10 sys=0.01, real=0.03 secs] 
2014-07-08T22:09:37.465+0000: 3419.603: [GC [PSYoungGen: 255016K->2032K(306176K)] 648337K->395496K(993152K), 0.0284070 secs] [Times: user=0.10 sys=0.00, real=0.03 secs] 
2014-07-08T22:09:40.565+0000: 3422.703: [GC [PSYoungGen: 306155K->1648K(297600K)] 699619K->395320K(984576K), 0.0049440 secs] [Times: user=0.01 sys=0.00, real=0.00 secs] 
2014-07-08T22:09:44.340+0000: 3426.478: [GC [PSYoungGen: 297550K->2331K(290432K)] 691222K->396123K(977408K), 0.0218800 secs] [Times: user=0.08 sys=0.00, real=0.02 secs] 
2014-07-08T22:09:47.027+0000: 3429.165: [GC [PSYoungGen: 290395K->1134K(281664K)] 684187K->395733K(968640K), 0.0128250 secs] [Times: user=0.05 sys=0.00, real=0.01 secs] 
2014-07-08T22:09:50.011+0000: 3432.149: [GC [PSYoungGen: 281646K->2420K(275648K)] 676245K->397123K(962624K), 0.0292670 secs] [Times: user=0.10 sys=0.00, real=0.03 secs] 
2014-07-08T22:09:54.303+0000: 3436.441: [GC [PSYoungGen: 275636K->1715K(267968K)] 670339K->397127K(954944K), 0.0119310 secs] [Times: user=0.04 sys=0.01, real=0.02 secs] 
2014-07-08T22:09:57.574+0000: 3439.712: [GC [PSYoungGen: 267955K->1968K(261504K)] 663367K->397548K(948480K), 0.0212280 secs] [Times: user=0.06 sys=0.00, real=0.02 secs] 
2014-07-08T22:10:00.207+0000: 3442.346: [GC [PSYoungGen: 261481K->1854K(254912K)] 657062K->397858K(941888K), 0.0236260 secs] [Times: user=0.09 sys=0.00, real=0.02 secs] 
2014-07-08T22:10:03.023+0000: 3445.161: [GC [PSYoungGen: 254910K->2331K(249216K)] 650914K->398438K(936192K), 0.0102480 secs] [Times: user=0.04 sys=0.00, real=0.01 secs] 
2014-07-08T22:10:05.859+0000: 3447.997: [GC [PSYoungGen: 249179K->1314K(242176K)] 645286K->398096K(929152K), 0.0116650 secs] [Times: user=0.03 sys=0.01, real=0.01 secs] 
2014-07-08T22:10:08.110+0000: 3450.248: [GC [PSYoungGen: 242112K->2508K(237632K)] 638895K->399442K(924608K), 0.0240780 secs] [Times: user=0.08 sys=0.01, real=0.02 secs] 
2014-07-08T22:10:12.139+0000: 3454.278: [GC [PSYoungGen: 237536K->1526K(231040K)] 634470K->398866K(918016K), 0.0224200 secs] [Times: user=0.08 sys=0.00, real=0.02 secs] 
2014-07-08T22:10:15.521+0000: 3457.659: [GC [PSYoungGen: 231023K->2371K(226560K)] 628363K->399855K(913536K), 0.0281200 secs] [Times: user=0.10 sys=0.00, real=0.03 secs] 
2014-07-08T22:10:18.864+0000: 3461.002: [GC [PSYoungGen: 226499K->1588K(220544K)] 623983K->399272K(907520K), 0.0213340 secs] [Times: user=0.07 sys=0.00, real=0.02 secs] 
2014-07-08T22:10:21.568+0000: 3463.706: [GC [PSYoungGen: 220531K->2312K(216320K)] 618215K->400109K(903296K), 0.0245310 secs] [Times: user=0.09 sys=0.00, real=0.03 secs] 
2014-07-08T22:10:24.559+0000: 3466.697: [GC [PSYoungGen: 216233K->1722K(210880K)] 614030K->399801K(897856K), 0.0223320 secs] [Times: user=0.08 sys=0.00, real=0.03 secs] 
2014-07-08T22:10:27.305+0000: 3469.443: [GC [PSYoungGen: 210874K->1904K(206400K)] 608953K->400142K(893376K), 0.0270230 secs] [Times: user=0.10 sys=0.00, real=0.03 secs] 
2014-07-08T22:10:31.164+0000: 3473.302: [GC [PSYoungGen: 206380K->1890K(201920K)] 604619K->400360K(888896K), 0.0241330 secs] [Times: user=0.09 sys=0.01, real=0.02 secs] 
2014-07-08T22:10:34.471+0000: 3476.609: [GC [PSYoungGen: 201863K->1990K(197696K)] 600333K->400596K(884672K), 0.0373990 secs] [Times: user=0.14 sys=0.00, real=0.03 secs] 
2014-07-08T22:10:38.282+0000: 3480.420: [GC [PSYoungGen: 197637K->1460K(192960K)] 596244K->400402K(879936K), 0.0323090 secs] [Times: user=0.12 sys=0.00, real=0.04 secs] 
2014-07-08T22:10:41.780+0000: 3483.919: [GC [PSYoungGen: 192948K->1808K(189312K)] 591890K->400911K(876288K), 0.0226110 secs] [Times: user=0.09 sys=0.00, real=0.03 secs] 
2014-07-08T22:10:45.159+0000: 3487.298: [GC [PSYoungGen: 189262K->2085K(185664K)] 588365K->401423K(872640K), 0.0237820 secs] [Times: user=0.09 sys=0.00, real=0.03 secs] 
2014-07-08T22:10:48.744+0000: 3490.882: [GC [PSYoungGen: 185635K->2124K(181952K)] 584974K->401671K(868928K), 0.0331710 secs] [Times: user=0.13 sys=0.00, real=0.03 secs] 
2014-07-08T22:10:52.341+0000: 3494.479: [GC [PSYoungGen: 181899K->1004K(177152K)] 581445K->401222K(864128K), 0.0350850 secs] [Times: user=0.13 sys=0.00, real=0.04 secs] 
2014-07-08T22:10:55.391+0000: 3497.529: [GC [PSYoungGen: 177060K->2208K(174848K)] 577278K->402546K(861824K), 0.0275940 secs] [Times: user=0.10 sys=0.00, real=0.03 secs] 
2014-07-08T22:10:57.875+0000: 3500.013: [GC [PSYoungGen: 174796K->2025K(171200K)] 575135K->402884K(858176K), 0.0286000 secs] [Times: user=0.11 sys=0.00, real=0.02 secs] 
2014-07-08T22:11:01.310+0000: 3503.448: [GC [PSYoungGen: 171177K->1918K(167744K)] 572036K->403127K(854720K), 0.0318510 secs] [Times: user=0.12 sys=0.00, real=0.03 secs] 
2014-07-08T22:11:04.513+0000: 3506.651: [GC [PSYoungGen: 167712K->1584K(164224K)] 568921K->403107K(851200K), 0.0291430 secs] [Times: user=0.11 sys=0.00, real=0.03 secs] 
2014-07-08T22:11:07.739+0000: 3509.877: [GC [PSYoungGen: 164177K->2249K(161792K)] 565700K->403998K(848768K), 0.0204800 secs] [Times: user=0.07 sys=0.00, real=0.02 secs] 
2014-07-08T22:11:10.470+0000: 3512.609: [GC [PSYoungGen: 161737K->1526K(158016K)] 563486K->404114K(844992K), 0.0283820 secs] [Times: user=0.11 sys=0.00, real=0.03 secs] 
2014-07-08T22:11:13.686+0000: 3515.825: [GC [PSYoungGen: 157992K->2156K(155712K)] 560580K->404872K(842688K), 0.0249650 secs] [Times: user=0.09 sys=0.00, real=0.03 secs] 
2014-07-08T22:11:16.689+0000: 3518.828: [GC [PSYoungGen: 155689K->1847K(152576K)] 558405K->404909K(839552K), 0.0393980 secs] [Times: user=0.14 sys=0.00, real=0.04 secs] 
2014-07-08T22:11:19.506+0000: 3521.645: [GC [PSYoungGen: 152550K->2086K(182976K)] 555612K->405332K(869952K), 0.0348150 secs] [Times: user=0.12 sys=0.00, real=0.04 secs] 
2014-07-08T22:11:22.843+0000: 3524.982: [GC [PSYoungGen: 182941K->1470K(178624K)] 586187K->405078K(865600K), 0.0225500 secs] [Times: user=0.09 sys=0.00, real=0.02 secs] 
2014-07-08T22:11:26.656+0000: 3528.794: [GC [PSYoungGen: 178622K->2427K(176000K)] 582230K->406163K(862976K), 0.0261530 secs] [Times: user=0.10 sys=0.00, real=0.03 secs] 
2014-07-08T22:11:29.895+0000: 3532.033: [GC [PSYoungGen: 175983K->1406K(171520K)] 579719K->405660K(858496K), 0.0279900 secs] [Times: user=0.10 sys=0.00, real=0.03 secs] 
2014-07-08T22:11:33.471+0000: 3535.609: [GC [PSYoungGen: 171518K->2252K(169088K)] 575772K->406618K(856064K), 0.0203730 secs] [Times: user=0.08 sys=0.01, real=0.02 secs] 
2014-07-08T22:11:37.038+0000: 3539.176: [GC [PSYoungGen: 169036K->1712K(165248K)] 573402K->406310K(852224K), 0.0350690 secs] [Times: user=0.12 sys=0.00, real=0.04 secs] 
2014-07-08T22:11:40.257+0000: 3542.395: [GC [PSYoungGen: 165232K->2014K(162432K)] 569830K->406862K(849408K), 0.0347250 secs] [Times: user=0.13 sys=0.00, real=0.04 secs] 
2014-07-08T22:11:43.011+0000: 3545.149: [GC [PSYoungGen: 162398K->1657K(158976K)] 567246K->407159K(845952K), 0.0347320 secs] [Times: user=0.14 sys=0.00, real=0.04 secs] 
2014-07-08T22:11:46.183+0000: 3548.322: [GC [PSYoungGen: 158969K->2157K(156544K)] 564471K->407853K(843520K), 0.0207480 secs] [Times: user=0.07 sys=0.01, real=0.02 secs] 
2014-07-08T22:11:48.848+0000: 3550.986: [GC [PSYoungGen: 156525K->1452K(152960K)] 562221K->407592K(839936K), 0.0306280 secs] [Times: user=0.12 sys=0.00, real=0.03 secs] 
2014-07-08T22:11:51.782+0000: 3553.920: [GC [PSYoungGen: 152928K->2004K(150784K)] 559068K->408241K(837760K), 0.0163970 secs] [Times: user=0.06 sys=0.01, real=0.02 secs] 
2014-07-08T22:11:54.863+0000: 3557.001: [GC [PSYoungGen: 150740K->1780K(147840K)] 556976K->408176K(834816K), 0.0190400 secs] [Times: user=0.06 sys=0.00, real=0.01 secs] 
2014-07-08T22:11:57.727+0000: 3559.865: [GC [PSYoungGen: 147828K->1776K(145216K)] 554224K->408340K(832192K), 0.0316340 secs] [Times: user=0.12 sys=0.00, real=0.03 secs] 
2014-07-08T22:12:00.042+0000: 3562.180: [GC [PSYoungGen: 145169K->1591K(142464K)] 551733K->408420K(829440K), 0.0198270 secs] [Times: user=0.07 sys=0.00, real=0.02 secs] 
2014-07-08T22:12:03.004+0000: 3565.142: [GC [PSYoungGen: 142455K->2465K(140928K)] 549284K->409389K(827904K), 0.0321020 secs] [Times: user=0.11 sys=0.00, real=0.04 secs] 
2014-07-08T22:12:06.363+0000: 3568.501: [GC [PSYoungGen: 140886K->1078K(137152K)] 547810K->408921K(824128K), 0.0299350 secs] [Times: user=0.10 sys=0.00, real=0.03 secs] 
2014-07-08T22:12:08.723+0000: 3570.861: [GC [PSYoungGen: 137142K->2545K(165888K)] 544985K->410581K(852864K), 0.0356810 secs] [Times: user=0.14 sys=0.00, real=0.04 secs] 
2014-07-08T22:12:10.853+0000: 3572.991: [GC [PSYoungGen: 165873K->1648K(197696K)] 573909K->410205K(884672K), 0.0390420 secs] [Times: user=0.16 sys=0.00, real=0.04 secs] 
2014-07-08T22:12:14.951+0000: 3577.090: [GC [PSYoungGen: 197680K->2160K(193984K)] 606237K->410781K(880960K), 0.0110430 secs] [Times: user=0.04 sys=0.00, real=0.01 secs] 
2014-07-08T22:12:17.951+0000: 3580.089: [GC [PSYoungGen: 193961K->1576K(189376K)] 602582K->410681K(876352K), 0.0128030 secs] [Times: user=0.03 sys=0.00, real=0.01 secs] 
2014-07-08T22:12:21.254+0000: 3583.392: [GC [PSYoungGen: 189352K->1812K(185728K)] 598457K->411085K(872704K), 0.0199250 secs] [Times: user=0.07 sys=0.00, real=0.02 secs] 
2014-07-08T22:12:24.927+0000: 3587.065: [GC [PSYoungGen: 185680K->1837K(181952K)] 594953K->411333K(868928K), 0.0431490 secs] [Times: user=0.17 sys=0.00, real=0.05 secs] 
2014-07-08T22:12:27.854+0000: 3589.993: [GC [PSYoungGen: 181894K->2558K(179008K)] 591391K->412271K(865984K), 0.0123110 secs] [Times: user=0.04 sys=0.00, real=0.01 secs] 
2014-07-08T22:12:31.286+0000: 3593.424: [GC [PSYoungGen: 179006K->736K(173632K)] 588719K->411833K(860608K), 0.0282380 secs] [Times: user=0.11 sys=0.00, real=0.03 secs] 
2014-07-08T22:12:35.008+0000: 3597.146: [GC [PSYoungGen: 173578K->2542K(171968K)] 584675K->413712K(858944K), 0.0166350 secs] [Times: user=0.06 sys=0.00, real=0.02 secs] 
2014-07-08T22:12:38.132+0000: 3600.271: [GC [PSYoungGen: 171950K->2000K(168128K)] 583120K->413766K(855104K), 0.0312070 secs] [Times: user=0.12 sys=0.00, real=0.03 secs] 
2014-07-08T22:12:41.690+0000: 3603.828: [GC [PSYoungGen: 168080K->2252K(165184K)] 579846K->414146K(852160K), 0.0256410 secs] [Times: user=0.10 sys=0.00, real=0.03 secs] 
2014-07-08T22:12:44.709+0000: 3606.847: [GC [PSYoungGen: 165132K->1323K(161088K)] 577025K->413977K(848064K), 0.0319900 secs] [Times: user=0.13 sys=0.00, real=0.04 secs] 
2014-07-08T22:12:47.756+0000: 3609.894: [GC [PSYoungGen: 161067K->2214K(158976K)] 573721K->415020K(845952K), 0.0304860 secs] [Times: user=0.12 sys=0.00, real=0.03 secs] 
2014-07-08T22:12:50.790+0000: 3612.928: [GC [PSYoungGen: 158950K->1961K(155776K)] 571756K->415205K(842752K), 0.0386720 secs] [Times: user=0.14 sys=0.00, real=0.04 secs] 
2014-07-08T22:12:53.922+0000: 3616.061: [GC [PSYoungGen: 155711K->1876K(186496K)] 568955K->415272K(873472K), 0.0378440 secs] [Times: user=0.14 sys=0.00, real=0.03 secs] 
2014-07-08T22:12:57.714+0000: 3619.852: [GC [PSYoungGen: 186452K->1652K(182400K)] 599848K->415280K(869376K), 0.0215140 secs] [Times: user=0.08 sys=0.00, real=0.02 secs] 
2014-07-08T22:13:01.436+0000: 3623.574: [GC [PSYoungGen: 182385K->2220K(179264K)] 596013K->416064K(866240K), 0.0390340 secs] [Times: user=0.15 sys=0.00, real=0.04 secs] 
2014-07-08T22:13:03.003+0000: 3625.141: [GC [PSYoungGen: 179163K->1584K(214080K)] 593007K->415572K(901056K), 0.0584390 secs] [Times: user=0.22 sys=0.00, real=0.06 secs] 
2014-07-08T22:13:05.732+0000: 3627.870: [GC [PSYoungGen: 214064K->2752K(257728K)] 628052K->444542K(944704K), 0.1001010 secs] [Times: user=0.39 sys=0.01, real=0.10 secs] 
Heap
 PSYoungGen      total 257728K, used 158104K [0x0000000755560000, 0x0000000770880000, 0x0000000800000000)
  eden space 254976K, 60% used [0x0000000755560000,0x000000075ed16010,0x0000000764e60000)
  from space 2752K, 100% used [0x00000007704a0000,0x0000000770750000,0x0000000770750000)
  to   space 1216K, 0% used [0x0000000770750000,0x0000000770750000,0x0000000770880000)
 ParOldGen       total 686976K, used 441790K [0x0000000600000000, 0x0000000629ee0000, 0x0000000755560000)
  object space 686976K, 64% used [0x0000000600000000,0x000000061af6f958,0x0000000629ee0000)
 PSPermGen       total 21248K, used 11304K [0x00000005f5a00000, 0x00000005f6ec0000, 0x0000000600000000)
  object space 21248K, 53% used [0x00000005f5a00000,0x00000005f650a3c0,0x00000005f6ec0000)
