2014-07-08T22:22:21.899+0000: 22.708: [GC [PSYoungGen: 257728K->15093K(300608K)] 257728K->15101K(987584K), 0.0302000 secs] [Times: user=0.13 sys=0.02, real=0.04 secs] 
2014-07-08T22:22:25.713+0000: 26.522: [GC [PSYoungGen: 272821K->17998K(300608K)] 272829K->18014K(987584K), 0.0141740 secs] [Times: user=0.06 sys=0.01, real=0.01 secs] 
2014-07-08T22:22:27.479+0000: 28.288: [GC [PSYoungGen: 275726K->20432K(300608K)] 275742K->20456K(987584K), 0.0198590 secs] [Times: user=0.11 sys=0.00, real=0.02 secs] 
2014-07-08T22:22:29.171+0000: 29.979: [GC [PSYoungGen: 278160K->24007K(300608K)] 278184K->24039K(987584K), 0.0352210 secs] [Times: user=0.23 sys=0.01, real=0.03 secs] 
2014-07-08T22:22:30.613+0000: 31.422: [GC [PSYoungGen: 281735K->27250K(278592K)] 281767K->27282K(965568K), 0.0183230 secs] [Times: user=0.10 sys=0.01, real=0.02 secs] 
2014-07-08T22:22:31.906+0000: 32.715: [GC [PSYoungGen: 278578K->26227K(278528K)] 278610K->28407K(965504K), 0.0240810 secs] [Times: user=0.15 sys=0.02, real=0.03 secs] 
2014-07-08T22:22:33.289+0000: 34.098: [GC [PSYoungGen: 278515K->10981K(284992K)] 280695K->29066K(971968K), 0.0190500 secs] [Times: user=0.12 sys=0.01, real=0.02 secs] 
2014-07-08T22:22:35.400+0000: 36.209: [GC [PSYoungGen: 263261K->7003K(537216K)] 281346K->30539K(1224192K), 0.0076990 secs] [Times: user=0.04 sys=0.02, real=0.01 secs] 
2014-07-08T22:22:40.875+0000: 41.684: [GC [PSYoungGen: 510491K->3439K(490304K)] 534027K->31015K(1177280K), 0.0087680 secs] [Times: user=0.02 sys=0.01, real=0.01 secs] 
2014-07-08T22:22:45.907+0000: 46.716: [GC [PSYoungGen: 490287K->2222K(492416K)] 517863K->31107K(1179392K), 0.0083090 secs] [Times: user=0.05 sys=0.01, real=0.01 secs] 
2014-07-08T22:22:50.161+0000: 50.970: [GC [PSYoungGen: 473198K->1475K(457344K)] 502083K->31206K(1144320K), 0.0077410 secs] [Times: user=0.02 sys=0.00, real=0.01 secs] 
2014-07-08T22:22:54.772+0000: 55.580: [GC [PSYoungGen: 457187K->1739K(463424K)] 486918K->31620K(1150400K), 0.0148040 secs] [Times: user=0.08 sys=0.01, real=0.02 secs] 
2014-07-08T22:22:58.941+0000: 59.750: [GC [PSYoungGen: 443019K->1302K(428736K)] 472900K->31182K(1115712K), 0.0060130 secs] [Times: user=0.03 sys=0.00, real=0.01 secs] 
2014-07-08T22:23:05.646+0000: 66.455: [GC [PSYoungGen: 428659K->1408K(435904K)] 458539K->31288K(1122880K), 0.0118060 secs] [Times: user=0.06 sys=0.01, real=0.01 secs] 
2014-07-08T22:23:12.577+0000: 73.386: [GC [PSYoungGen: 415488K->1508K(402880K)] 445368K->31388K(1089856K), 0.0069450 secs] [Times: user=0.02 sys=0.00, real=0.00 secs] 
2014-07-08T22:23:17.931+0000: 78.740: [GC [PSYoungGen: 402852K->1334K(409856K)] 432732K->31222K(1096832K), 0.0112490 secs] [Times: user=0.05 sys=0.00, real=0.01 secs] 
2014-07-08T22:23:23.673+0000: 84.482: [GC [PSYoungGen: 390518K->1536K(379136K)] 420406K->31425K(1066112K), 0.0155280 secs] [Times: user=0.05 sys=0.01, real=0.02 secs] 
2014-07-08T22:23:29.674+0000: 90.482: [GC [PSYoungGen: 379072K->1504K(385216K)] 408961K->31400K(1072192K), 0.0128550 secs] [Times: user=0.07 sys=0.01, real=0.01 secs] 
2014-07-08T22:23:32.959+0000: 93.768: [GC [PSYoungGen: 367840K->1390K(356992K)] 397736K->31286K(1043968K), 0.0077690 secs] [Times: user=0.03 sys=0.00, real=0.00 secs] 
2014-07-08T22:23:37.923+0000: 98.732: [GC [PSYoungGen: 356974K->1598K(362304K)] 386870K->31494K(1049280K), 0.0094160 secs] [Times: user=0.03 sys=0.01, real=0.01 secs] 
2014-07-08T22:23:42.720+0000: 103.529: [GC [PSYoungGen: 346878K->1788K(337216K)] 376774K->31685K(1024192K), 0.0107140 secs] [Times: user=0.05 sys=0.00, real=0.01 secs] 
2014-07-08T22:23:45.968+0000: 106.777: [GC [PSYoungGen: 337207K->1366K(341120K)] 367103K->31262K(1028096K), 0.0091400 secs] [Times: user=0.05 sys=0.00, real=0.01 secs] 
2014-07-08T22:23:49.905+0000: 110.714: [GC [PSYoungGen: 327285K->1708K(318592K)] 357181K->31604K(1005568K), 0.0081040 secs] [Times: user=0.02 sys=0.01, real=0.01 secs] 
2014-07-08T22:23:53.362+0000: 114.170: [GC [PSYoungGen: 318572K->1504K(321280K)] 348468K->31400K(1008256K), 0.0057150 secs] [Times: user=0.03 sys=0.00, real=0.01 secs] 
2014-07-08T22:23:56.754+0000: 117.562: [GC [PSYoungGen: 309664K->1586K(301376K)] 339560K->31482K(988352K), 0.0066680 secs] [Times: user=0.03 sys=0.00, real=0.00 secs] 
2014-07-08T22:23:59.748+0000: 120.557: [GC [PSYoungGen: 301341K->1454K(303232K)] 331237K->31350K(990208K), 0.0073430 secs] [Times: user=0.02 sys=0.00, real=0.01 secs] 
2014-07-08T22:24:02.189+0000: 122.998: [GC [PSYoungGen: 293230K->1422K(285504K)] 323126K->31334K(972480K), 0.0059810 secs] [Times: user=0.01 sys=0.01, real=0.01 secs] 
2014-07-08T22:24:05.736+0000: 126.545: [GC [PSYoungGen: 285454K->1380K(286464K)] 315366K->31292K(973440K), 0.0060150 secs] [Times: user=0.02 sys=0.01, real=0.00 secs] 
2014-07-08T22:24:08.652+0000: 129.461: [GC [PSYoungGen: 277986K->1636K(271168K)] 307899K->31548K(958144K), 0.0092800 secs] [Times: user=0.05 sys=0.01, real=0.01 secs] 
2014-07-08T22:24:11.510+0000: 132.319: [GC [PSYoungGen: 271128K->1274K(270976K)] 301040K->31186K(957952K), 0.0065390 secs] [Times: user=0.03 sys=0.01, real=0.01 secs] 
2014-07-08T22:24:14.706+0000: 135.515: [GC [PSYoungGen: 263930K->1534K(257600K)] 293842K->31446K(944576K), 0.0034750 secs] [Times: user=0.02 sys=0.00, real=0.00 secs] 
2014-07-08T22:24:18.069+0000: 138.878: [GC [PSYoungGen: 257598K->1522K(256448K)] 287510K->31434K(943424K), 0.0055790 secs] [Times: user=0.03 sys=0.01, real=0.00 secs] 
2014-07-08T22:24:20.470+0000: 141.279: [GC [PSYoungGen: 251250K->1810K(245440K)] 281162K->31739K(932416K), 0.0084030 secs] [Times: user=0.05 sys=0.00, real=0.01 secs] 
2014-07-08T22:24:23.302+0000: 144.110: [GC [PSYoungGen: 245384K->1420K(242048K)] 275312K->31348K(929024K), 0.0102560 secs] [Times: user=0.05 sys=0.00, real=0.01 secs] 
2014-07-08T22:24:25.972+0000: 146.780: [GC [PSYoungGen: 239115K->1718K(233728K)] 269044K->31646K(920704K), 0.0106670 secs] [Times: user=0.06 sys=0.00, real=0.01 secs] 
2014-07-08T22:24:29.192+0000: 150.001: [GC [PSYoungGen: 233718K->1660K(228288K)] 263646K->31588K(915264K), 0.0079120 secs] [Times: user=0.03 sys=0.00, real=0.01 secs] 
2014-07-08T22:24:31.121+0000: 151.930: [GC [PSYoungGen: 228220K->1366K(222720K)] 258148K->31342K(909696K), 0.0062770 secs] [Times: user=0.02 sys=0.00, real=0.00 secs] 
2014-07-08T22:24:33.932+0000: 154.741: [GC [PSYoungGen: 222678K->1504K(217792K)] 252654K->31480K(904768K), 0.0058930 secs] [Times: user=0.02 sys=0.01, real=0.00 secs] 
2014-07-08T22:24:35.921+0000: 156.730: [GC [PSYoungGen: 217760K->1734K(213120K)] 247736K->31759K(900096K), 0.0044230 secs] [Times: user=0.03 sys=0.00, real=0.00 secs] 
2014-07-08T22:24:38.079+0000: 158.888: [GC [PSYoungGen: 213062K->1490K(208128K)] 243087K->31514K(895104K), 0.0035140 secs] [Times: user=0.02 sys=0.00, real=0.00 secs] 
2014-07-08T22:24:39.700+0000: 160.509: [GC [PSYoungGen: 208082K->1622K(203712K)] 238106K->31710K(890688K), 0.0050060 secs] [Times: user=0.03 sys=0.00, real=0.00 secs] 
2014-07-08T22:24:41.515+0000: 162.324: [GC [PSYoungGen: 203649K->1206K(198848K)] 233737K->31366K(885824K), 0.0068020 secs] [Times: user=0.04 sys=0.00, real=0.01 secs] 
2014-07-08T22:24:43.191+0000: 164.000: [GC [PSYoungGen: 198838K->1352K(194752K)] 228998K->31584K(881728K), 0.0056840 secs] [Times: user=0.02 sys=0.00, real=0.00 secs] 
2014-07-08T22:24:45.703+0000: 166.512: [GC [PSYoungGen: 194696K->1230K(190528K)] 224928K->31462K(877504K), 0.0066690 secs] [Times: user=0.03 sys=0.00, real=0.00 secs] 
2014-07-08T22:24:47.631+0000: 168.439: [GC [PSYoungGen: 190478K->1426K(186752K)] 220710K->31738K(873728K), 0.0050390 secs] [Times: user=0.03 sys=0.00, real=0.01 secs] 
2014-07-08T22:24:49.256+0000: 170.064: [GC [PSYoungGen: 186691K->1238K(182720K)] 217003K->31622K(869696K), 0.0070180 secs] [Times: user=0.03 sys=0.00, real=0.01 secs] 
2014-07-08T22:24:51.291+0000: 172.100: [GC [PSYoungGen: 182642K->1362K(179136K)] 213026K->31778K(866112K), 0.0040610 secs] [Times: user=0.02 sys=0.00, real=0.00 secs] 
2014-07-08T22:24:53.785+0000: 174.593: [GC [PSYoungGen: 179065K->1568K(175744K)] 209481K->32001K(862720K), 0.0053090 secs] [Times: user=0.02 sys=0.01, real=0.00 secs] 
2014-07-08T22:24:55.604+0000: 176.413: [GC [PSYoungGen: 175712K->1380K(172096K)] 206145K->31876K(859072K), 0.0050370 secs] [Times: user=0.02 sys=0.01, real=0.00 secs] 
2014-07-08T22:24:57.108+0000: 177.917: [GC [PSYoungGen: 172068K->1206K(168512K)] 202564K->31758K(855488K), 0.0062210 secs] [Times: user=0.03 sys=0.00, real=0.01 secs] 
2014-07-08T22:24:59.160+0000: 179.968: [GC [PSYoungGen: 168477K->1416K(165504K)] 199029K->32008K(852480K), 0.0045730 secs] [Times: user=0.01 sys=0.00, real=0.01 secs] 
2014-07-08T22:25:00.599+0000: 181.407: [GC [PSYoungGen: 165448K->1436K(162368K)] 196040K->32093K(849344K), 0.0090860 secs] [Times: user=0.04 sys=0.00, real=0.01 secs] 
2014-07-08T22:25:02.033+0000: 182.842: [GC [PSYoungGen: 162332K->1810K(159680K)] 192989K->32555K(846656K), 0.0094300 secs] [Times: user=0.06 sys=0.00, real=0.00 secs] 
2014-07-08T22:25:04.372+0000: 185.181: [GC [PSYoungGen: 159592K->1359K(156288K)] 190337K->32111K(843264K), 0.0065050 secs] [Times: user=0.03 sys=0.00, real=0.01 secs] 
2014-07-08T22:25:06.046+0000: 186.855: [GC [PSYoungGen: 156239K->1230K(153280K)] 186991K->32046K(840256K), 0.0039120 secs] [Times: user=0.01 sys=0.00, real=0.00 secs] 
2014-07-08T22:25:07.502+0000: 188.311: [GC [PSYoungGen: 153230K->1188K(150400K)] 184046K->32092K(837376K), 0.0062740 secs] [Times: user=0.03 sys=0.00, real=0.01 secs] 
2014-07-08T22:25:08.906+0000: 189.715: [GC [PSYoungGen: 150348K->1352K(147904K)] 181252K->32304K(834880K), 0.0045590 secs] [Times: user=0.01 sys=0.00, real=0.00 secs] 
2014-07-08T22:25:10.380+0000: 191.189: [GC [PSYoungGen: 147848K->1306K(145216K)] 178800K->32314K(832192K), 0.0032000 secs] [Times: user=0.02 sys=0.01, real=0.00 secs] 
2014-07-08T22:25:11.634+0000: 192.443: [GC [PSYoungGen: 145151K->1792K(143168K)] 176160K->32864K(830144K), 0.0034160 secs] [Times: user=0.01 sys=0.00, real=0.00 secs] 
2014-07-08T22:25:13.521+0000: 194.330: [GC [PSYoungGen: 143104K->1312K(140160K)] 174176K->32448K(827136K), 0.0072990 secs] [Times: user=0.04 sys=0.00, real=0.01 secs] 
2014-07-08T22:25:14.900+0000: 195.709: [GC [PSYoungGen: 140050K->1461K(137920K)] 171187K->32693K(824896K), 0.0046420 secs] [Times: user=0.03 sys=0.00, real=0.00 secs] 
2014-07-08T22:25:16.677+0000: 197.486: [GC [PSYoungGen: 137909K->1416K(135616K)] 169141K->32712K(822592K), 0.0073700 secs] [Times: user=0.04 sys=0.00, real=0.00 secs] 
2014-07-08T22:25:17.970+0000: 198.779: [GC [PSYoungGen: 135560K->1312K(133248K)] 166856K->32664K(820224K), 0.0075310 secs] [Times: user=0.04 sys=0.00, real=0.01 secs] 
2014-07-08T22:25:19.638+0000: 200.447: [GC [PSYoungGen: 133137K->1398K(131136K)] 164489K->32790K(818112K), 0.0118330 secs] [Times: user=0.07 sys=0.00, real=0.01 secs] 
2014-07-08T22:25:20.813+0000: 201.622: [GC [PSYoungGen: 131126K->1352K(129024K)] 162518K->32832K(816000K), 0.0032880 secs] [Times: user=0.02 sys=0.00, real=0.01 secs] 
2014-07-08T22:25:22.457+0000: 203.266: [GC [PSYoungGen: 128922K->1402K(126912K)] 160403K->32978K(813888K), 0.0064620 secs] [Times: user=0.04 sys=0.00, real=0.00 secs] 
2014-07-08T22:25:24.056+0000: 204.865: [GC [PSYoungGen: 126906K->1540K(125056K)] 158482K->33180K(812032K), 0.0038270 secs] [Times: user=0.02 sys=0.00, real=0.00 secs] 
2014-07-08T22:25:25.803+0000: 206.612: [GC [PSYoungGen: 124996K->1536K(123072K)] 156636K->33224K(810048K), 0.0073710 secs] [Times: user=0.04 sys=0.00, real=0.01 secs] 
2014-07-08T22:25:26.559+0000: 207.368: [GC [PSYoungGen: 123008K->1412K(121024K)] 154696K->33188K(808000K), 0.0082130 secs] [Times: user=0.05 sys=0.01, real=0.01 secs] 
2014-07-08T22:25:27.792+0000: 208.601: [GC [PSYoungGen: 120964K->1462K(119168K)] 152740K->33432K(806144K), 0.0068920 secs] [Times: user=0.04 sys=0.00, real=0.01 secs] 
2014-07-08T22:25:29.479+0000: 210.288: [GC [PSYoungGen: 119158K->1444K(117376K)] 151128K->33494K(804352K), 0.0062940 secs] [Times: user=0.03 sys=0.00, real=0.00 secs] 
2014-07-08T22:25:30.732+0000: 211.540: [GC [PSYoungGen: 117348K->1446K(115584K)] 149398K->33731K(802560K), 0.0041900 secs] [Times: user=0.02 sys=0.00, real=0.00 secs] 
2014-07-08T22:25:32.142+0000: 212.951: [GC [PSYoungGen: 115555K->1416K(113856K)] 147839K->33756K(800832K), 0.0070780 secs] [Times: user=0.04 sys=0.00, real=0.01 secs] 
2014-07-08T22:25:33.576+0000: 214.384: [GC [PSYoungGen: 113800K->1380K(112128K)] 146140K->33768K(799104K), 0.0089020 secs] [Times: user=0.05 sys=0.00, real=0.01 secs] 
2014-07-08T22:25:34.214+0000: 215.023: [GC [PSYoungGen: 112100K->1302K(110464K)] 144488K->33794K(797440K), 0.0121000 secs] [Times: user=0.08 sys=0.00, real=0.01 secs] 
2014-07-08T22:25:35.627+0000: 216.435: [GC [PSYoungGen: 110422K->1188K(108736K)] 142914K->33760K(795712K), 0.0051700 secs] [Times: user=0.04 sys=0.00, real=0.01 secs] 
2014-07-08T22:25:36.956+0000: 217.765: [GC [PSYoungGen: 108708K->1466K(107456K)] 141280K->34102K(794432K), 0.0062330 secs] [Times: user=0.03 sys=0.01, real=0.01 secs] 
2014-07-08T22:25:37.840+0000: 218.649: [GC [PSYoungGen: 107450K->1458K(105920K)] 140086K->34174K(792896K), 0.0038740 secs] [Times: user=0.02 sys=0.00, real=0.00 secs] 
2014-07-08T22:25:38.730+0000: 219.539: [GC [PSYoungGen: 105906K->1270K(104256K)] 138622K->34082K(791232K), 0.0058450 secs] [Times: user=0.03 sys=0.00, real=0.00 secs] 
2014-07-08T22:25:40.330+0000: 221.139: [GC [PSYoungGen: 104246K->1266K(102848K)] 137058K->34302K(789824K), 0.0052670 secs] [Times: user=0.02 sys=0.00, real=0.00 secs] 
2014-07-08T22:25:41.506+0000: 222.315: [GC [PSYoungGen: 102818K->1654K(101824K)] 135855K->34778K(788800K), 0.0044150 secs] [Times: user=0.02 sys=0.00, real=0.01 secs] 
2014-07-08T22:25:42.261+0000: 223.069: [GC [PSYoungGen: 101797K->942K(99776K)] 134921K->34412K(786752K), 0.0056000 secs] [Times: user=0.03 sys=0.00, real=0.00 secs] 
2014-07-08T22:25:43.544+0000: 224.353: [GC [PSYoungGen: 99758K->1450K(98944K)] 133228K->35011K(785920K), 0.0048690 secs] [Times: user=0.01 sys=0.01, real=0.00 secs] 
2014-07-08T22:25:44.971+0000: 225.780: [GC [PSYoungGen: 98922K->1348K(97600K)] 132483K->35062K(784576K), 0.0048650 secs] [Times: user=0.03 sys=0.00, real=0.00 secs] 
2014-07-08T22:25:46.134+0000: 226.943: [GC [PSYoungGen: 97540K->1562K(96512K)] 131254K->35356K(783488K), 0.0098370 secs] [Times: user=0.05 sys=0.01, real=0.01 secs] 
2014-07-08T22:25:47.510+0000: 228.319: [GC [PSYoungGen: 96474K->740K(94464K)] 130268K->34906K(781440K), 0.0058490 secs] [Times: user=0.03 sys=0.00, real=0.00 secs] 
2014-07-08T22:25:49.088+0000: 229.897: [GC [PSYoungGen: 94391K->1772K(94272K)] 128558K->36002K(781248K), 0.0094190 secs] [Times: user=0.05 sys=0.00, real=0.01 secs] 
2014-07-08T22:25:50.143+0000: 230.951: [GC [PSYoungGen: 94252K->1320K(92608K)] 128482K->35892K(779584K), 0.0047980 secs] [Times: user=0.03 sys=0.00, real=0.00 secs] 
2014-07-08T22:25:51.202+0000: 232.011: [GC [PSYoungGen: 92584K->1056K(91200K)] 127156K->35684K(778176K), 0.0050550 secs] [Times: user=0.02 sys=0.00, real=0.00 secs] 
2014-07-08T22:25:52.061+0000: 232.870: [GC [PSYoungGen: 91154K->1434K(90432K)] 125783K->36142K(777408K), 0.0064550 secs] [Times: user=0.04 sys=0.01, real=0.01 secs] 
2014-07-08T22:25:52.772+0000: 233.581: [GC [PSYoungGen: 90389K->1416K(89344K)] 125097K->36196K(776320K), 0.0058960 secs] [Times: user=0.02 sys=0.00, real=0.00 secs] 
2014-07-08T22:25:53.315+0000: 234.124: [GC [PSYoungGen: 89288K->1056K(87872K)] 124068K->36159K(774848K), 0.0059750 secs] [Times: user=0.03 sys=0.00, real=0.01 secs] 
2014-07-08T22:25:54.385+0000: 235.194: [GC [PSYoungGen: 87840K->1312K(87040K)] 122943K->36495K(774016K), 0.0128400 secs] [Times: user=0.07 sys=0.00, real=0.01 secs] 
2014-07-08T22:25:54.999+0000: 235.807: [GC [PSYoungGen: 87008K->1284K(104192K)] 122191K->36578K(791168K), 0.0184230 secs] [Times: user=0.12 sys=0.00, real=0.02 secs] 
2014-07-08T22:25:55.939+0000: 236.748: [GC [PSYoungGen: 104132K->1658K(125120K)] 139426K->37041K(812096K), 0.0130500 secs] [Times: user=0.08 sys=0.00, real=0.02 secs] 
2014-07-08T22:25:57.020+0000: 237.829: [GC [PSYoungGen: 125114K->754K(148928K)] 160497K->36837K(835904K), 0.0101040 secs] [Times: user=0.07 sys=0.00, real=0.01 secs] 
2014-07-08T22:25:58.607+0000: 239.416: [GC [PSYoungGen: 148914K->1838K(150464K)] 184997K->38001K(837440K), 0.0070340 secs] [Times: user=0.03 sys=0.00, real=0.01 secs] 
2014-07-08T22:26:00.844+0000: 241.653: [GC [PSYoungGen: 150446K->1234K(147200K)] 186609K->37543K(834176K), 0.0087300 secs] [Times: user=0.06 sys=0.00, real=0.01 secs] 
2014-07-08T22:26:02.063+0000: 242.871: [GC [PSYoungGen: 147146K->1415K(144768K)] 183455K->37780K(831744K), 0.0060870 secs] [Times: user=0.03 sys=0.00, real=0.00 secs] 
2014-07-08T22:26:03.627+0000: 244.436: [GC [PSYoungGen: 144711K->1256K(142016K)] 181076K->37805K(828992K), 0.0086660 secs] [Times: user=0.06 sys=0.00, real=0.01 secs] 
2014-07-08T22:26:06.048+0000: 246.857: [GC [PSYoungGen: 141992K->1534K(139840K)] 178541K->38107K(826816K), 0.0059680 secs] [Times: user=0.03 sys=0.00, real=0.01 secs] 
2014-07-08T22:26:07.699+0000: 248.508: [GC [PSYoungGen: 139838K->1074K(137024K)] 176411K->37943K(824000K), 0.0034160 secs] [Times: user=0.01 sys=0.00, real=0.00 secs] 
2014-07-08T22:26:08.776+0000: 249.585: [GC [PSYoungGen: 137010K->1270K(134912K)] 173879K->38203K(821888K), 0.0063430 secs] [Times: user=0.03 sys=0.00, real=0.00 secs] 
2014-07-08T22:26:10.210+0000: 251.018: [GC [PSYoungGen: 134902K->1352K(132800K)] 171835K->38421K(819776K), 0.0099580 secs] [Times: user=0.06 sys=0.00, real=0.01 secs] 
2014-07-08T22:26:12.725+0000: 253.534: [GC [PSYoungGen: 132744K->1302K(130560K)] 169813K->38371K(817536K), 0.0060080 secs] [Times: user=0.03 sys=0.00, real=0.00 secs] 
2014-07-08T22:26:14.428+0000: 255.237: [GC [PSYoungGen: 130518K->1014K(128128K)] 167587K->38357K(815104K), 0.0044980 secs] [Times: user=0.03 sys=0.00, real=0.00 secs] 
2014-07-08T22:26:16.523+0000: 257.332: [GC [PSYoungGen: 128118K->1320K(126400K)] 165461K->38719K(813376K), 0.0060130 secs] [Times: user=0.03 sys=0.00, real=0.01 secs] 
2014-07-08T22:26:18.254+0000: 259.063: [GC [PSYoungGen: 126376K->1120K(124224K)] 163775K->38599K(811200K), 0.0057660 secs] [Times: user=0.03 sys=0.00, real=0.01 secs] 
2014-07-08T22:26:19.195+0000: 260.003: [GC [PSYoungGen: 124192K->1220K(122368K)] 161671K->38763K(809344K), 0.0058100 secs] [Times: user=0.02 sys=0.00, real=0.01 secs] 
2014-07-08T22:26:20.257+0000: 261.066: [GC [PSYoungGen: 122308K->1206K(120384K)] 159851K->38853K(807360K), 0.0064920 secs] [Times: user=0.03 sys=0.00, real=0.00 secs] 
2014-07-08T22:26:21.146+0000: 261.955: [GC [PSYoungGen: 120374K->1270K(118592K)] 158021K->39021K(805568K), 0.0093200 secs] [Times: user=0.05 sys=0.00, real=0.01 secs] 
2014-07-08T22:26:22.096+0000: 262.904: [GC [PSYoungGen: 118582K->1010K(116544K)] 156333K->39034K(803520K), 0.0103650 secs] [Times: user=0.06 sys=0.01, real=0.01 secs] 
2014-07-08T22:26:22.937+0000: 263.746: [GC [PSYoungGen: 116530K->1656K(115456K)] 154554K->39889K(802432K), 0.0107680 secs] [Times: user=0.06 sys=0.00, real=0.01 secs] 
2014-07-08T22:26:24.141+0000: 264.950: [GC [PSYoungGen: 115448K->698K(112768K)] 153681K->40004K(799744K), 0.0090840 secs] [Times: user=0.06 sys=0.00, real=0.01 secs] 
2014-07-08T22:26:25.848+0000: 266.657: [GC [PSYoungGen: 112762K->1648K(112064K)] 152068K->41110K(799040K), 0.0060790 secs] [Times: user=0.04 sys=0.00, real=0.00 secs] 
2014-07-08T22:26:27.801+0000: 268.610: [GC [PSYoungGen: 112048K->1234K(110080K)] 151510K->41212K(797056K), 0.0085080 secs] [Times: user=0.05 sys=0.00, real=0.01 secs] 
2014-07-08T22:26:29.746+0000: 270.555: [GC [PSYoungGen: 110034K->1636K(108864K)] 150012K->41702K(795840K), 0.0063310 secs] [Times: user=0.03 sys=0.00, real=0.00 secs] 
2014-07-08T22:26:31.917+0000: 272.726: [GC [PSYoungGen: 108836K->1074K(106752K)] 148902K->41380K(793728K), 0.0059620 secs] [Times: user=0.03 sys=0.00, real=0.01 secs] 
2014-07-08T22:26:32.925+0000: 273.734: [GC [PSYoungGen: 106738K->1202K(105344K)] 147044K->41596K(792320K), 0.0043270 secs] [Times: user=0.03 sys=0.00, real=0.01 secs] 
2014-07-08T22:26:34.583+0000: 275.392: [GC [PSYoungGen: 105330K->1498K(104192K)] 145724K->41996K(791168K), 0.0102490 secs] [Times: user=0.07 sys=0.00, real=0.01 secs] 
2014-07-08T22:26:36.304+0000: 277.113: [GC [PSYoungGen: 104107K->1394K(102656K)] 144605K->41956K(789632K), 0.0128540 secs] [Times: user=0.08 sys=0.00, real=0.02 secs] 
2014-07-08T22:26:38.141+0000: 278.950: [GC [PSYoungGen: 102642K->936K(100800K)] 143204K->41992K(787776K), 0.0129970 secs] [Times: user=0.08 sys=0.00, real=0.01 secs] 
2014-07-08T22:26:39.919+0000: 280.728: [GC [PSYoungGen: 100776K->1590K(100096K)] 141832K->42678K(787072K), 0.0171580 secs] [Times: user=0.11 sys=0.01, real=0.01 secs] 
2014-07-08T22:26:41.661+0000: 282.470: [GC [PSYoungGen: 100060K->1210K(98368K)] 141148K->42686K(785344K), 0.0068440 secs] [Times: user=0.04 sys=0.00, real=0.01 secs] 
2014-07-08T22:26:43.151+0000: 283.960: [GC [PSYoungGen: 98306K->1596K(97472K)] 139783K->43169K(784448K), 0.0045890 secs] [Times: user=0.02 sys=0.00, real=0.00 secs] 
2014-07-08T22:26:44.033+0000: 284.842: [GC [PSYoungGen: 97468K->1060K(95680K)] 139041K->42956K(782656K), 0.0052200 secs] [Times: user=0.03 sys=0.01, real=0.01 secs] 
2014-07-08T22:26:45.409+0000: 286.218: [GC [PSYoungGen: 95652K->1810K(95232K)] 137548K->43795K(782208K), 0.0075450 secs] [Times: user=0.04 sys=0.00, real=0.00 secs] 
2014-07-08T22:26:46.900+0000: 287.709: [GC [PSYoungGen: 95186K->804K(92992K)] 137171K->43127K(779968K), 0.0051450 secs] [Times: user=0.03 sys=0.00, real=0.00 secs] 
2014-07-08T22:26:47.635+0000: 288.444: [GC [PSYoungGen: 92962K->1610K(92672K)] 135285K->43997K(779648K), 0.0116130 secs] [Times: user=0.07 sys=0.00, real=0.01 secs] 
2014-07-08T22:26:48.054+0000: 288.863: [GC [PSYoungGen: 92617K->1526K(91392K)] 135004K->44065K(778368K), 0.0044810 secs] [Times: user=0.03 sys=0.00, real=0.00 secs] 
2014-07-08T22:26:49.451+0000: 290.260: [GC [PSYoungGen: 91382K->1060K(89792K)] 133921K->43631K(776768K), 0.0068960 secs] [Times: user=0.03 sys=0.00, real=0.00 secs] 
2014-07-08T22:26:50.702+0000: 291.511: [GC [PSYoungGen: 89733K->1530K(89152K)] 132304K->44268K(776128K), 0.0095150 secs] [Times: user=0.07 sys=0.00, real=0.01 secs] 
2014-07-08T22:26:51.844+0000: 292.652: [GC [PSYoungGen: 89146K->1338K(87872K)] 131884K->44206K(774848K), 0.0071650 secs] [Times: user=0.03 sys=0.01, real=0.01 secs] 
2014-07-08T22:26:53.713+0000: 294.522: [GC [PSYoungGen: 87866K->1272K(86784K)] 130734K->44364K(773760K), 0.0062250 secs] [Times: user=0.03 sys=0.00, real=0.00 secs] 
2014-07-08T22:26:55.347+0000: 296.156: [GC [PSYoungGen: 86776K->1252K(85760K)] 129868K->44408K(772736K), 0.0039370 secs] [Times: user=0.02 sys=0.00, real=0.01 secs] 
2014-07-08T22:26:55.812+0000: 296.621: [GC [PSYoungGen: 85732K->1394K(102784K)] 128888K->44672K(789760K), 0.0122230 secs] [Times: user=0.07 sys=0.00, real=0.01 secs] 
2014-07-08T22:26:57.459+0000: 298.267: [GC [PSYoungGen: 102770K->1835K(101824K)] 146048K->45193K(788800K), 0.0118720 secs] [Times: user=0.07 sys=0.01, real=0.01 secs] 
2014-07-08T22:26:59.037+0000: 299.846: [GC [PSYoungGen: 101803K->618K(99264K)] 145161K->44912K(786240K), 0.0067180 secs] [Times: user=0.03 sys=0.00, real=0.01 secs] 
2014-07-08T22:26:59.855+0000: 300.664: [GC [PSYoungGen: 99242K->1604K(98944K)] 143536K->46003K(785920K), 0.0108660 secs] [Times: user=0.06 sys=0.00, real=0.01 secs] 
2014-07-08T22:27:00.787+0000: 301.596: [GC [PSYoungGen: 98884K->1120K(97152K)] 143283K->45852K(784128K), 0.0040870 secs] [Times: user=0.02 sys=0.00, real=0.01 secs] 
2014-07-08T22:27:01.500+0000: 302.309: [GC [PSYoungGen: 97120K->1323K(96064K)] 141852K->46111K(783040K), 0.0066400 secs] [Times: user=0.02 sys=0.00, real=0.01 secs] 
2014-07-08T22:27:02.453+0000: 303.262: [GC [PSYoungGen: 96015K->1302K(94848K)] 140804K->46154K(781824K), 0.0102720 secs] [Times: user=0.06 sys=0.00, real=0.01 secs] 
2014-07-08T22:27:03.214+0000: 304.023: [GC [PSYoungGen: 94806K->1330K(93632K)] 139658K->46262K(780608K), 0.0064180 secs] [Times: user=0.03 sys=0.00, real=0.00 secs] 
2014-07-08T22:27:04.040+0000: 304.849: [GC [PSYoungGen: 93618K->1212K(92288K)] 138550K->46377K(779264K), 0.0113910 secs] [Times: user=0.07 sys=0.00, real=0.01 secs] 
2014-07-08T22:27:05.615+0000: 306.424: [GC [PSYoungGen: 92284K->1704K(91648K)] 137449K->46925K(778624K), 0.0088690 secs] [Times: user=0.05 sys=0.00, real=0.01 secs] 
2014-07-08T22:27:07.244+0000: 308.053: [GC [PSYoungGen: 91624K->804K(89600K)] 136845K->46420K(776576K), 0.0127700 secs] [Times: user=0.08 sys=0.01, real=0.01 secs] 
2014-07-08T22:27:08.055+0000: 308.864: [GC [PSYoungGen: 89572K->1604K(89344K)] 135188K->47301K(776320K), 0.0053970 secs] [Times: user=0.03 sys=0.00, real=0.00 secs] 
2014-07-08T22:27:08.728+0000: 309.537: [GC [PSYoungGen: 89284K->1384K(88000K)] 134981K->47575K(774976K), 0.0049450 secs] [Times: user=0.03 sys=0.00, real=0.01 secs] 
2014-07-08T22:27:09.644+0000: 310.453: [GC [PSYoungGen: 87976K->1444K(86976K)] 134167K->47739K(773952K), 0.0046310 secs] [Times: user=0.03 sys=0.01, real=0.00 secs] 
2014-07-08T22:27:10.429+0000: 311.238: [GC [PSYoungGen: 86948K->1152K(85632K)] 133243K->47651K(772608K), 0.0066260 secs] [Times: user=0.05 sys=0.00, real=0.01 secs] 
2014-07-08T22:27:11.003+0000: 311.812: [GC [PSYoungGen: 85632K->1408K(84928K)] 132131K->47979K(771904K), 0.0056060 secs] [Times: user=0.03 sys=0.00, real=0.00 secs] 
2014-07-08T22:27:11.810+0000: 312.619: [GC [PSYoungGen: 84864K->1512K(84032K)] 131435K->48358K(771008K), 0.0085530 secs] [Times: user=0.05 sys=0.00, real=0.01 secs] 
2014-07-08T22:27:12.516+0000: 313.325: [GC [PSYoungGen: 84008K->1554K(83136K)] 130854K->48495K(770112K), 0.0100440 secs] [Times: user=0.05 sys=0.00, real=0.01 secs] 
2014-07-08T22:27:13.098+0000: 313.907: [GC [PSYoungGen: 83090K->1014K(81600K)] 130031K->48179K(768576K), 0.0037650 secs] [Times: user=0.02 sys=0.00, real=0.00 secs] 
2014-07-08T22:27:14.176+0000: 314.985: [GC [PSYoungGen: 81590K->1458K(81152K)] 128755K->48704K(768128K), 0.0088300 secs] [Times: user=0.05 sys=0.00, real=0.01 secs] 
2014-07-08T22:27:15.171+0000: 315.980: [GC [PSYoungGen: 81138K->1572K(80384K)] 128384K->48996K(767360K), 0.0099460 secs] [Times: user=0.06 sys=0.01, real=0.01 secs] 
2014-07-08T22:27:16.278+0000: 317.087: [GC [PSYoungGen: 80356K->1398K(79296K)] 127780K->48933K(766272K), 0.0072520 secs] [Times: user=0.04 sys=0.00, real=0.01 secs] 
2014-07-08T22:27:17.674+0000: 318.482: [GC [PSYoungGen: 79263K->1000K(78016K)] 126799K->48940K(764992K), 0.0108000 secs] [Times: user=0.07 sys=0.00, real=0.02 secs] 
2014-07-08T22:27:18.275+0000: 319.083: [GC [PSYoungGen: 77961K->1552K(77760K)] 125901K->49604K(764736K), 0.0075520 secs] [Times: user=0.04 sys=0.00, real=0.00 secs] 
2014-07-08T22:27:18.586+0000: 319.395: [GC [PSYoungGen: 77712K->1266K(92672K)] 125764K->49618K(779648K), 0.0048500 secs] [Times: user=0.02 sys=0.00, real=0.00 secs] 
2014-07-08T22:27:20.013+0000: 320.822: [GC [PSYoungGen: 92638K->1334K(91584K)] 140990K->49774K(778560K), 0.0083140 secs] [Times: user=0.04 sys=0.00, real=0.01 secs] 
2014-07-08T22:27:21.259+0000: 322.068: [GC [PSYoungGen: 91574K->1120K(90240K)] 140014K->49900K(777216K), 0.0079100 secs] [Times: user=0.03 sys=0.00, real=0.01 secs] 
2014-07-08T22:27:22.831+0000: 323.639: [GC [PSYoungGen: 90208K->1480K(89536K)] 138988K->50340K(776512K), 0.0083280 secs] [Times: user=0.04 sys=0.00, real=0.01 secs] 
2014-07-08T22:27:24.141+0000: 324.950: [GC [PSYoungGen: 89480K->1060K(88000K)] 138340K->50160K(774976K), 0.0063950 secs] [Times: user=0.03 sys=0.01, real=0.01 secs] 
2014-07-08T22:27:24.540+0000: 325.349: [GC [PSYoungGen: 87972K->1722K(106048K)] 137072K->50942K(793024K), 0.0084060 secs] [Times: user=0.06 sys=0.00, real=0.01 secs] 
2014-07-08T22:27:26.193+0000: 327.002: [GC [PSYoungGen: 106042K->803K(103680K)] 155262K->50555K(790656K), 0.0070290 secs] [Times: user=0.03 sys=0.00, real=0.01 secs] 
2014-07-08T22:27:28.044+0000: 328.853: [GC [PSYoungGen: 103651K->1836K(103296K)] 153403K->51684K(790272K), 0.0079160 secs] [Times: user=0.05 sys=0.01, real=0.01 secs] 
2014-07-08T22:27:30.264+0000: 331.072: [GC [PSYoungGen: 103276K->1060K(101120K)] 153124K->51610K(788096K), 0.0093430 secs] [Times: user=0.06 sys=0.00, real=0.01 secs] 
2014-07-08T22:27:31.155+0000: 331.964: [GC [PSYoungGen: 101092K->1138K(99840K)] 151642K->51760K(786816K), 0.0140880 secs] [Times: user=0.08 sys=0.00, real=0.02 secs] 
2014-07-08T22:27:32.803+0000: 333.611: [GC [PSYoungGen: 99826K->1490K(98880K)] 150448K->52192K(785856K), 0.0064390 secs] [Times: user=0.04 sys=0.00, real=0.01 secs] 
2014-07-08T22:27:34.534+0000: 335.343: [GC [PSYoungGen: 98834K->1266K(97344K)] 149536K->52040K(784320K), 0.0080310 secs] [Times: user=0.04 sys=0.00, real=0.01 secs] 
2014-07-08T22:27:36.373+0000: 337.182: [GC [PSYoungGen: 97330K->1212K(96000K)] 148104K->52425K(782976K), 0.0118660 secs] [Times: user=0.07 sys=0.00, real=0.01 secs] 
2014-07-08T22:27:37.196+0000: 338.005: [GC [PSYoungGen: 95996K->1502K(95104K)] 147209K->52802K(782080K), 0.0070140 secs] [Times: user=0.04 sys=0.00, real=0.01 secs] 
2014-07-08T22:27:38.826+0000: 339.635: [GC [PSYoungGen: 95070K->1276K(93632K)] 146370K->52730K(780608K), 0.0076570 secs] [Times: user=0.04 sys=0.00, real=0.01 secs] 
2014-07-08T22:27:40.478+0000: 341.287: [GC [PSYoungGen: 93596K->1540K(92736K)] 145051K->53090K(779712K), 0.0069140 secs] [Times: user=0.04 sys=0.00, real=0.00 secs] 
2014-07-08T22:27:41.765+0000: 342.574: [GC [PSYoungGen: 92593K->1124K(91136K)] 144144K->52770K(778112K), 0.0089540 secs] [Times: user=0.05 sys=0.01, real=0.01 secs] 
2014-07-08T22:27:43.357+0000: 344.166: [GC [PSYoungGen: 91108K->1408K(90304K)] 142754K->53118K(777280K), 0.0115360 secs] [Times: user=0.05 sys=0.00, real=0.02 secs] 
2014-07-08T22:27:45.221+0000: 346.030: [GC [PSYoungGen: 90240K->1266K(89024K)] 141950K->53324K(776000K), 0.0061430 secs] [Times: user=0.03 sys=0.00, real=0.00 secs] 
2014-07-08T22:27:45.984+0000: 346.793: [GC [PSYoungGen: 89007K->1302K(88000K)] 141066K->53456K(774976K), 0.0070760 secs] [Times: user=0.03 sys=0.00, real=0.01 secs] 
2014-07-08T22:27:47.406+0000: 348.215: [GC [PSYoungGen: 87958K->1256K(86848K)] 140112K->53630K(773824K), 0.0062210 secs] [Times: user=0.03 sys=0.00, real=0.01 secs] 
2014-07-08T22:27:48.823+0000: 349.632: [GC [PSYoungGen: 86824K->1518K(86080K)] 139198K->53964K(773056K), 0.0062570 secs] [Times: user=0.02 sys=0.00, real=0.01 secs] 
2014-07-08T22:27:50.373+0000: 351.182: [GC [PSYoungGen: 86061K->932K(84480K)] 138507K->53686K(771456K), 0.0116540 secs] [Times: user=0.08 sys=0.00, real=0.01 secs] 
2014-07-08T22:27:51.795+0000: 352.604: [GC [PSYoungGen: 84420K->1426K(84032K)] 137175K->54245K(771008K), 0.0074460 secs] [Times: user=0.04 sys=0.01, real=0.01 secs] 
2014-07-08T22:27:52.633+0000: 353.442: [GC [PSYoungGen: 83984K->1323K(82944K)] 136803K->54307K(769920K), 0.0072120 secs] [Times: user=0.05 sys=0.00, real=0.01 secs] 
2014-07-08T22:27:53.852+0000: 354.661: [GC [PSYoungGen: 82923K->1284K(81984K)] 135907K->54371K(768960K), 0.0081290 secs] [Times: user=0.05 sys=0.00, real=0.01 secs] 
2014-07-08T22:27:54.518+0000: 355.326: [GC [PSYoungGen: 81924K->932K(80640K)] 135011K->54211K(767616K), 0.0054510 secs] [Times: user=0.03 sys=0.00, real=0.01 secs] 
2014-07-08T22:27:55.007+0000: 355.816: [GC [PSYoungGen: 80520K->1701K(80512K)] 133800K->55069K(767488K), 0.0061840 secs] [Times: user=0.04 sys=0.00, real=0.01 secs] 
2014-07-08T22:27:56.411+0000: 357.220: [GC [PSYoungGen: 80485K->950K(78848K)] 133853K->54656K(765824K), 0.0092300 secs] [Times: user=0.07 sys=0.00, real=0.01 secs] 
2014-07-08T22:27:57.614+0000: 358.423: [GC [PSYoungGen: 78838K->1266K(78272K)] 132544K->55059K(765248K), 0.0039770 secs] [Times: user=0.02 sys=0.00, real=0.00 secs] 
2014-07-08T22:27:58.157+0000: 358.966: [GC [PSYoungGen: 78244K->1420K(77632K)] 132038K->55368K(764608K), 0.0088550 secs] [Times: user=0.06 sys=0.00, real=0.01 secs] 
2014-07-08T22:27:59.070+0000: 359.879: [GC [PSYoungGen: 77578K->1248K(76608K)] 131526K->55275K(763584K), 0.0113280 secs] [Times: user=0.07 sys=0.00, real=0.01 secs] 
2014-07-08T22:27:59.943+0000: 360.752: [GC [PSYoungGen: 76572K->882K(91328K)] 130600K->55500K(778304K), 0.0136640 secs] [Times: user=0.10 sys=0.00, real=0.01 secs] 
2014-07-08T22:28:01.484+0000: 362.293: [GC [PSYoungGen: 91314K->1774K(91072K)] 145932K->56472K(778048K), 0.0084470 secs] [Times: user=0.05 sys=0.00, real=0.01 secs] 
2014-07-08T22:28:03.059+0000: 363.867: [GC [PSYoungGen: 91054K->946K(89152K)] 145752K->56194K(776128K), 0.0105150 secs] [Times: user=0.06 sys=0.00, real=0.01 secs] 
2014-07-08T22:28:04.665+0000: 365.474: [GC [PSYoungGen: 89138K->1650K(88768K)] 144386K->56962K(775744K), 0.0162930 secs] [Times: user=0.11 sys=0.00, real=0.02 secs] 
2014-07-08T22:28:06.121+0000: 366.930: [GC [PSYoungGen: 88754K->1262K(87296K)] 144066K->56840K(774272K), 0.0059380 secs] [Times: user=0.03 sys=0.00, real=0.00 secs] 
2014-07-08T22:28:06.820+0000: 367.629: [GC [PSYoungGen: 87278K->1316K(86336K)] 142856K->56990K(773312K), 0.0053440 secs] [Times: user=0.03 sys=0.01, real=0.01 secs] 
2014-07-08T22:28:07.740+0000: 368.548: [GC [PSYoungGen: 86305K->1192K(85184K)] 141979K->56922K(772160K), 0.0055950 secs] [Times: user=0.02 sys=0.00, real=0.01 secs] 
2014-07-08T22:28:08.207+0000: 369.016: [GC [PSYoungGen: 85160K->1394K(84352K)] 140890K->57204K(771328K), 0.0055600 secs] [Times: user=0.03 sys=0.00, real=0.01 secs] 
2014-07-08T22:28:08.943+0000: 369.752: [GC [PSYoungGen: 84296K->1248K(83264K)] 140106K->57284K(770240K), 0.0070960 secs] [Times: user=0.03 sys=0.00, real=0.00 secs] 
2014-07-08T22:28:10.041+0000: 370.850: [GC [PSYoungGen: 83221K->1534K(82560K)] 139258K->57650K(769536K), 0.0051250 secs] [Times: user=0.03 sys=0.00, real=0.01 secs] 
2014-07-08T22:28:11.163+0000: 371.971: [GC [PSYoungGen: 82558K->950K(81024K)] 138674K->57504K(768000K), 0.0066700 secs] [Times: user=0.04 sys=0.00, real=0.00 secs] 
2014-07-08T22:28:12.721+0000: 373.530: [GC [PSYoungGen: 81014K->1552K(80768K)] 137568K->58154K(767744K), 0.0076630 secs] [Times: user=0.05 sys=0.00, real=0.01 secs] 
2014-07-08T22:28:13.905+0000: 374.714: [GC [PSYoungGen: 80720K->1056K(79360K)] 137322K->58149K(766336K), 0.0090690 secs] [Times: user=0.06 sys=0.00, real=0.01 secs] 
2014-07-08T22:28:14.523+0000: 375.332: [GC [PSYoungGen: 79328K->1652K(79040K)] 136421K->58824K(766016K), 0.0083930 secs] [Times: user=0.04 sys=0.00, real=0.01 secs] 
2014-07-08T22:28:15.878+0000: 376.687: [GC [PSYoungGen: 79028K->1018K(77568K)] 136200K->58768K(764544K), 0.0139810 secs] [Times: user=0.09 sys=0.00, real=0.02 secs] 
2014-07-08T22:28:17.217+0000: 378.025: [GC [PSYoungGen: 77562K->1370K(77120K)] 135312K->59177K(764096K), 0.0103210 secs] [Times: user=0.07 sys=0.00, real=0.01 secs] 
2014-07-08T22:28:18.387+0000: 379.196: [GC [PSYoungGen: 77082K->1338K(76224K)] 134889K->59475K(763200K), 0.0072140 secs] [Times: user=0.04 sys=0.00, real=0.01 secs] 
2014-07-08T22:28:19.397+0000: 380.205: [GC [PSYoungGen: 76217K->1384K(75456K)] 134354K->59625K(762432K), 0.0093630 secs] [Times: user=0.06 sys=0.00, real=0.01 secs] 
2014-07-08T22:28:20.777+0000: 381.586: [GC [PSYoungGen: 75416K->1151K(74432K)] 133657K->59725K(761408K), 0.0098090 secs] [Times: user=0.06 sys=0.01, real=0.01 secs] 
2014-07-08T22:28:22.084+0000: 382.893: [GC [PSYoungGen: 74431K->1626K(74176K)] 133005K->60279K(761152K), 0.0068420 secs] [Times: user=0.04 sys=0.00, real=0.00 secs] 
2014-07-08T22:28:22.947+0000: 383.756: [GC [PSYoungGen: 74138K->950K(72704K)] 132791K->60085K(759680K), 0.0108390 secs] [Times: user=0.08 sys=0.00, real=0.01 secs] 
2014-07-08T22:28:23.681+0000: 384.490: [GC [PSYoungGen: 72694K->1604K(72640K)] 131829K->60811K(759616K), 0.0067710 secs] [Times: user=0.04 sys=0.00, real=0.01 secs] 
2014-07-08T22:28:24.316+0000: 385.124: [GC [PSYoungGen: 72580K->1138K(71424K)] 131787K->60561K(758400K), 0.0053750 secs] [Times: user=0.03 sys=0.00, real=0.00 secs] 
2014-07-08T22:28:24.744+0000: 385.553: [GC [PSYoungGen: 71410K->1426K(71040K)] 130833K->60937K(758016K), 0.0034390 secs] [Times: user=0.01 sys=0.00, real=0.01 secs] 
2014-07-08T22:28:25.250+0000: 386.059: [GC [PSYoungGen: 70992K->1138K(70016K)] 130504K->60963K(756992K), 0.0053160 secs] [Times: user=0.03 sys=0.00, real=0.01 secs] 
2014-07-08T22:28:26.282+0000: 387.091: [GC [PSYoungGen: 69973K->1676K(69888K)] 129798K->61582K(756864K), 0.0085580 secs] [Times: user=0.05 sys=0.00, real=0.01 secs] 
2014-07-08T22:28:27.065+0000: 387.874: [GC [PSYoungGen: 69836K->746K(68224K)] 129742K->61536K(755200K), 0.0094130 secs] [Times: user=0.06 sys=0.00, real=0.01 secs] 
2014-07-08T22:28:28.444+0000: 389.253: [GC [PSYoungGen: 68202K->1776K(68608K)] 128992K->62629K(755584K), 0.0109160 secs] [Times: user=0.07 sys=0.00, real=0.02 secs] 
2014-07-08T22:28:29.543+0000: 390.352: [GC [PSYoungGen: 68592K->1206K(67392K)] 129445K->62617K(754368K), 0.0065980 secs] [Times: user=0.04 sys=0.00, real=0.01 secs] 
2014-07-08T22:28:30.579+0000: 391.388: [GC [PSYoungGen: 67382K->1188K(66752K)] 128793K->62655K(753728K), 0.0126590 secs] [Times: user=0.07 sys=0.00, real=0.01 secs] 
2014-07-08T22:28:30.888+0000: 391.697: [GC [PSYoungGen: 66724K->1501K(80192K)] 128191K->63056K(767168K), 0.0094940 secs] [Times: user=0.06 sys=0.00, real=0.01 secs] 
2014-07-08T22:28:31.636+0000: 392.444: [GC [PSYoungGen: 80157K->1234K(95680K)] 141712K->62861K(782656K), 0.0036520 secs] [Times: user=0.01 sys=0.00, real=0.00 secs] 
2014-07-08T22:28:32.579+0000: 393.388: [GC [PSYoungGen: 95634K->1216K(106944K)] 157261K->62915K(793920K), 0.0091900 secs] [Times: user=0.06 sys=0.00, real=0.01 secs] 
2014-07-08T22:28:33.443+0000: 394.252: [GC [PSYoungGen: 106934K->1280K(107712K)] 168634K->63043K(794688K), 0.0107490 secs] [Times: user=0.06 sys=0.00, real=0.01 secs] 
2014-07-08T22:28:34.413+0000: 395.222: [GC [PSYoungGen: 106994K->1302K(128768K)] 168758K->63161K(815744K), 0.0092270 secs] [Times: user=0.07 sys=0.01, real=0.01 secs] 
2014-07-08T22:28:35.523+0000: 396.332: [GC [PSYoungGen: 128214K->1252K(126144K)] 190073K->63215K(813120K), 0.0078590 secs] [Times: user=0.04 sys=0.00, real=0.01 secs] 
2014-07-08T22:28:36.476+0000: 397.285: [GC [PSYoungGen: 126116K->740K(127040K)] 188079K->63179K(814016K), 0.0137330 secs] [Times: user=0.07 sys=0.00, real=0.02 secs] 
2014-07-08T22:28:37.696+0000: 398.505: [GC [PSYoungGen: 127012K->1284K(128192K)] 189451K->63819K(815168K), 0.0100390 secs] [Times: user=0.06 sys=0.00, real=0.02 secs] 
2014-07-08T22:28:39.681+0000: 400.490: [GC [PSYoungGen: 127555K->1437K(125696K)] 190091K->64132K(812672K), 0.0102150 secs] [Times: user=0.06 sys=0.00, real=0.01 secs] 
2014-07-08T22:28:41.756+0000: 402.565: [GC [PSYoungGen: 125661K->1152K(123392K)] 188356K->63911K(810368K), 0.0055980 secs] [Times: user=0.03 sys=0.00, real=0.00 secs] 
2014-07-08T22:28:43.117+0000: 403.926: [GC [PSYoungGen: 123377K->1120K(121472K)] 186137K->64310K(808448K), 0.0041190 secs] [Times: user=0.02 sys=0.01, real=0.00 secs] 
2014-07-08T22:28:45.086+0000: 405.895: [GC [PSYoungGen: 121414K->1792K(120320K)] 184604K->65054K(807296K), 0.0065540 secs] [Times: user=0.03 sys=0.00, real=0.01 secs] 
2014-07-08T22:28:46.323+0000: 407.132: [GC [PSYoungGen: 120256K->740K(117376K)] 183518K->64536K(804352K), 0.0099790 secs] [Times: user=0.06 sys=0.00, real=0.01 secs] 
2014-07-08T22:28:47.919+0000: 408.728: [GC [PSYoungGen: 117300K->1538K(116416K)] 181096K->65390K(803392K), 0.0123510 secs] [Times: user=0.08 sys=0.00, real=0.01 secs] 
2014-07-08T22:28:49.964+0000: 410.773: [GC [PSYoungGen: 116322K->1306K(114432K)] 180174K->65404K(801408K), 0.0105250 secs] [Times: user=0.06 sys=0.00, real=0.01 secs] 
2014-07-08T22:28:51.009+0000: 411.817: [GC [PSYoungGen: 114394K->1764K(113216K)] 178492K->65926K(800192K), 0.0058640 secs] [Times: user=0.02 sys=0.00, real=0.00 secs] 
2014-07-08T22:28:52.251+0000: 413.060: [GC [PSYoungGen: 113168K->740K(110528K)] 177330K->65486K(797504K), 0.0034720 secs] [Times: user=0.01 sys=0.00, real=0.00 secs] 
2014-07-08T22:28:53.199+0000: 414.008: [GC [PSYoungGen: 110500K->1594K(109760K)] 175246K->66454K(796736K), 0.0044780 secs] [Times: user=0.03 sys=0.00, real=0.00 secs] 
2014-07-08T22:28:54.116+0000: 414.925: [GC [PSYoungGen: 109754K->1010K(107648K)] 174614K->66148K(794624K), 0.0070740 secs] [Times: user=0.04 sys=0.00, real=0.01 secs] 
2014-07-08T22:28:55.085+0000: 415.894: [GC [PSYoungGen: 107632K->1452K(106560K)] 172771K->66702K(793536K), 0.0117500 secs] [Times: user=0.07 sys=0.00, real=0.01 secs] 
2014-07-08T22:28:55.949+0000: 416.758: [GC [PSYoungGen: 106540K->1526K(105152K)] 171790K->66840K(792128K), 0.0040660 secs] [Times: user=0.01 sys=0.00, real=0.00 secs] 
2014-07-08T22:28:56.792+0000: 417.601: [GC [PSYoungGen: 105122K->1558K(103744K)] 170436K->66928K(790720K), 0.0126630 secs] [Times: user=0.08 sys=0.00, real=0.01 secs] 
2014-07-08T22:28:57.758+0000: 418.567: [GC [PSYoungGen: 103702K->886K(123520K)] 169072K->66490K(810496K), 0.0177280 secs] [Times: user=0.11 sys=0.01, real=0.02 secs] 
2014-07-08T22:28:58.819+0000: 419.628: [GC [PSYoungGen: 123510K->1454K(122176K)] 189114K->67162K(809152K), 0.0054750 secs] [Times: user=0.03 sys=0.01, real=0.00 secs] 
2014-07-08T22:29:00.493+0000: 421.302: [GC [PSYoungGen: 122154K->1604K(120448K)] 187862K->67416K(807424K), 0.0061200 secs] [Times: user=0.03 sys=0.00, real=0.01 secs] 
2014-07-08T22:29:02.831+0000: 423.640: [GC [PSYoungGen: 120361K->1728K(118720K)] 186173K->67557K(805696K), 0.0093260 secs] [Times: user=0.06 sys=0.01, real=0.01 secs] 
2014-07-08T22:29:03.947+0000: 424.756: [GC [PSYoungGen: 118656K->562K(115712K)] 184485K->66952K(802688K), 0.0069430 secs] [Times: user=0.04 sys=0.00, real=0.01 secs] 
2014-07-08T22:29:05.955+0000: 426.763: [GC [PSYoungGen: 115698K->1714K(115136K)] 182088K->68145K(802112K), 0.0065050 secs] [Times: user=0.03 sys=0.01, real=0.01 secs] 
2014-07-08T22:29:07.586+0000: 428.395: [GC [PSYoungGen: 115122K->1238K(112960K)] 181553K->67944K(799936K), 0.0136180 secs] [Times: user=0.08 sys=0.00, real=0.02 secs] 
2014-07-08T22:29:08.318+0000: 429.127: [GC [PSYoungGen: 112918K->1430K(111488K)] 179624K->68216K(798464K), 0.0078950 secs] [Times: user=0.05 sys=0.00, real=0.01 secs] 
2014-07-08T22:29:09.834+0000: 430.642: [GC [PSYoungGen: 111446K->1380K(109824K)] 178232K->68263K(796800K), 0.0095510 secs] [Times: user=0.06 sys=0.00, real=0.01 secs] 
2014-07-08T22:29:11.357+0000: 432.166: [GC [PSYoungGen: 109796K->1516K(108352K)] 176679K->68502K(795328K), 0.0093690 secs] [Times: user=0.05 sys=0.01, real=0.01 secs] 
2014-07-08T22:29:12.999+0000: 433.808: [GC [PSYoungGen: 108331K->1070K(106368K)] 175318K->68281K(793344K), 0.0097960 secs] [Times: user=0.06 sys=0.00, real=0.01 secs] 
2014-07-08T22:29:14.509+0000: 435.318: [GC [PSYoungGen: 106349K->1334K(105152K)] 173559K->68592K(792128K), 0.0072630 secs] [Times: user=0.04 sys=0.00, real=0.01 secs] 
2014-07-08T22:29:16.304+0000: 437.113: [GC [PSYoungGen: 105142K->1440K(103808K)] 172400K->68821K(790784K), 0.0082260 secs] [Times: user=0.05 sys=0.01, real=0.01 secs] 
2014-07-08T22:29:18.054+0000: 438.863: [GC [PSYoungGen: 103742K->1516K(102464K)] 171122K->68968K(789440K), 0.0099300 secs] [Times: user=0.07 sys=0.00, real=0.01 secs] 
2014-07-08T22:29:19.886+0000: 440.695: [GC [PSYoungGen: 102439K->758K(100288K)] 169892K->69067K(787264K), 0.0068300 secs] [Times: user=0.03 sys=0.01, real=0.01 secs] 
2014-07-08T22:29:20.548+0000: 441.357: [GC [PSYoungGen: 100278K->1398K(99584K)] 168587K->69771K(786560K), 0.0070620 secs] [Times: user=0.03 sys=0.01, real=0.01 secs] 
2014-07-08T22:29:21.970+0000: 442.779: [GC [PSYoungGen: 99574K->1596K(98432K)] 167947K->70195K(785408K), 0.0056630 secs] [Times: user=0.02 sys=0.00, real=0.01 secs] 
2014-07-08T22:29:23.163+0000: 443.972: [GC [PSYoungGen: 98428K->1242K(96832K)] 167027K->69889K(783808K), 0.0090810 secs] [Times: user=0.04 sys=0.00, real=0.00 secs] 
2014-07-08T22:29:24.184+0000: 444.993: [GC [PSYoungGen: 96794K->1014K(95296K)] 165441K->70059K(782272K), 0.0082860 secs] [Times: user=0.05 sys=0.00, real=0.00 secs] 
2014-07-08T22:29:25.338+0000: 446.147: [GC [PSYoungGen: 95286K->1320K(94400K)] 164331K->70429K(781376K), 0.0111360 secs] [Times: user=0.07 sys=0.00, real=0.01 secs] 
2014-07-08T22:29:26.628+0000: 447.437: [GC [PSYoungGen: 94376K->1505K(93376K)] 163485K->70838K(780352K), 0.0052840 secs] [Times: user=0.02 sys=0.00, real=0.01 secs] 
2014-07-08T22:29:27.766+0000: 448.575: [GC [PSYoungGen: 93345K->1710K(92416K)] 162678K->71139K(779392K), 0.0054450 secs] [Times: user=0.03 sys=0.00, real=0.00 secs] 
2014-07-08T22:29:28.912+0000: 449.721: [GC [PSYoungGen: 92398K->758K(90304K)] 161827K->70777K(777280K), 0.0097080 secs] [Times: user=0.06 sys=0.00, real=0.01 secs] 
2014-07-08T22:29:30.157+0000: 450.966: [GC [PSYoungGen: 90294K->1956K(90368K)] 160313K->72039K(777344K), 0.0076780 secs] [Times: user=0.04 sys=0.01, real=0.01 secs] 
2014-07-08T22:29:31.127+0000: 451.936: [GC [PSYoungGen: 90340K->1142K(88448K)] 160423K->71585K(775424K), 0.0070890 secs] [Times: user=0.05 sys=0.01, real=0.01 secs] 
2014-07-08T22:29:31.989+0000: 452.798: [GC [PSYoungGen: 88438K->1252K(87488K)] 158881K->71783K(774464K), 0.0037210 secs] [Times: user=0.02 sys=0.00, real=0.00 secs] 
2014-07-08T22:29:33.207+0000: 454.016: [GC [PSYoungGen: 87460K->1398K(86592K)] 157991K->72001K(773568K), 0.0048220 secs] [Times: user=0.03 sys=0.00, real=0.00 secs] 
2014-07-08T22:29:33.893+0000: 454.702: [GC [PSYoungGen: 86582K->1408K(85632K)] 157185K->72115K(772608K), 0.0056900 secs] [Times: user=0.04 sys=0.00, real=0.01 secs] 
2014-07-08T22:29:34.468+0000: 455.277: [GC [PSYoungGen: 85568K->1270K(84416K)] 156275K->72089K(771392K), 0.0052590 secs] [Times: user=0.03 sys=0.00, real=0.00 secs] 
2014-07-08T22:29:35.250+0000: 456.059: [GC [PSYoungGen: 84406K->1316K(83520K)] 155225K->72265K(770496K), 0.0037930 secs] [Times: user=0.02 sys=0.00, real=0.00 secs] 
2014-07-08T22:29:35.918+0000: 456.727: [GC [PSYoungGen: 83468K->1402K(82624K)] 154418K->72471K(769600K), 0.0073390 secs] [Times: user=0.04 sys=0.00, real=0.01 secs] 
2014-07-08T22:29:36.440+0000: 457.249: [GC [PSYoungGen: 82618K->1270K(81536K)] 153687K->72419K(768512K), 0.0082650 secs] [Times: user=0.04 sys=0.00, real=0.01 secs] 
2014-07-08T22:29:37.531+0000: 458.339: [GC [PSYoungGen: 81526K->1124K(80512K)] 152675K->72329K(767488K), 0.0074340 secs] [Times: user=0.03 sys=0.00, real=0.01 secs] 
2014-07-08T22:29:38.589+0000: 459.398: [GC [PSYoungGen: 80484K->1348K(79872K)] 151689K->72641K(766848K), 0.0060170 secs] [Times: user=0.04 sys=0.01, real=0.01 secs] 
2014-07-08T22:29:39.104+0000: 459.913: [GC [PSYoungGen: 79812K->1342K(78912K)] 151105K->72819K(765888K), 0.0061320 secs] [Times: user=0.03 sys=0.00, real=0.01 secs] 
2014-07-08T22:29:40.201+0000: 461.010: [GC [PSYoungGen: 78897K->1572K(78272K)] 150375K->73121K(765248K), 0.0063350 secs] [Times: user=0.03 sys=0.00, real=0.01 secs] 
2014-07-08T22:29:41.281+0000: 462.090: [GC [PSYoungGen: 78244K->832K(76672K)] 149793K->72661K(763648K), 0.0069200 secs] [Times: user=0.04 sys=0.00, real=0.01 secs] 
2014-07-08T22:29:42.331+0000: 463.140: [GC [PSYoungGen: 76672K->1910K(76928K)] 148501K->73851K(763904K), 0.0083350 secs] [Times: user=0.05 sys=0.00, real=0.01 secs] 
2014-07-08T22:29:43.256+0000: 464.065: [GC [PSYoungGen: 76918K->1142K(75328K)] 148859K->73337K(762304K), 0.0065580 secs] [Times: user=0.04 sys=0.00, real=0.00 secs] 
2014-07-08T22:29:43.704+0000: 464.513: [GC [PSYoungGen: 75314K->1784K(75200K)] 147510K->74084K(762176K), 0.0072120 secs] [Times: user=0.05 sys=0.00, real=0.01 secs] 
2014-07-08T22:29:44.703+0000: 465.512: [GC [PSYoungGen: 75192K->1184K(73856K)] 147492K->73651K(760832K), 0.0097620 secs] [Times: user=0.05 sys=0.01, real=0.01 secs] 
2014-07-08T22:29:45.532+0000: 466.340: [GC [PSYoungGen: 73824K->1504K(88704K)] 146291K->74083K(775680K), 0.0131690 secs] [Times: user=0.10 sys=0.00, real=0.01 secs] 
2014-07-08T22:29:46.217+0000: 467.026: [GC [PSYoungGen: 88672K->1376K(106048K)] 161251K->74207K(793024K), 0.0132640 secs] [Times: user=0.07 sys=0.01, real=0.01 secs] 
2014-07-08T22:29:47.541+0000: 468.350: [GC [PSYoungGen: 106016K->1352K(119488K)] 178847K->74263K(806464K), 0.0065230 secs] [Times: user=0.03 sys=0.00, real=0.01 secs] 
2014-07-08T22:29:48.731+0000: 469.540: [GC [PSYoungGen: 118792K->1388K(117056K)] 191703K->74421K(804032K), 0.0069630 secs] [Times: user=0.03 sys=0.00, real=0.01 secs] 
2014-07-08T22:29:49.807+0000: 470.616: [GC [PSYoungGen: 117036K->1312K(115264K)] 190069K->74401K(802240K), 0.0055620 secs] [Times: user=0.03 sys=0.01, real=0.00 secs] 
2014-07-08T22:29:50.710+0000: 471.519: [GC [PSYoungGen: 115232K->1270K(113472K)] 188321K->74479K(800448K), 0.0049710 secs] [Times: user=0.03 sys=0.00, real=0.00 secs] 
2014-07-08T22:29:51.556+0000: 472.365: [GC [PSYoungGen: 113462K->1234K(111808K)] 186671K->74515K(798784K), 0.0092770 secs] [Times: user=0.05 sys=0.01, real=0.01 secs] 
2014-07-08T22:29:52.728+0000: 473.537: [GC [PSYoungGen: 111762K->1324K(110272K)] 185043K->74864K(797248K), 0.0046350 secs] [Times: user=0.02 sys=0.00, real=0.00 secs] 
2014-07-08T22:29:54.004+0000: 474.812: [GC [PSYoungGen: 110252K->1416K(108800K)] 183792K->74996K(795776K), 0.0119250 secs] [Times: user=0.07 sys=0.00, real=0.01 secs] 
2014-07-08T22:29:54.817+0000: 475.626: [GC [PSYoungGen: 108744K->1060K(106880K)] 182324K->74906K(793856K), 0.0076970 secs] [Times: user=0.05 sys=0.01, real=0.00 secs] 
2014-07-08T22:29:55.634+0000: 476.442: [GC [PSYoungGen: 106852K->1578K(105856K)] 180698K->75520K(792832K), 0.0057560 secs] [Times: user=0.03 sys=0.00, real=0.01 secs] 
2014-07-08T22:29:57.087+0000: 477.895: [GC [PSYoungGen: 105834K->1078K(103872K)] 179776K->75493K(790848K), 0.0052820 secs] [Times: user=0.04 sys=0.00, real=0.01 secs] 
2014-07-08T22:29:57.979+0000: 478.788: [GC [PSYoungGen: 103862K->1398K(102784K)] 178277K->75908K(789760K), 0.0033000 secs] [Times: user=0.02 sys=0.00, real=0.00 secs] 
2014-07-08T22:29:59.368+0000: 480.177: [GC [PSYoungGen: 102756K->1252K(101248K)] 177267K->75954K(788224K), 0.0042220 secs] [Times: user=0.02 sys=0.00, real=0.00 secs] 
2014-07-08T22:30:00.689+0000: 481.498: [GC [PSYoungGen: 101220K->1582K(100224K)] 175922K->76357K(787200K), 0.0035590 secs] [Times: user=0.02 sys=0.00, real=0.00 secs] 
2014-07-08T22:30:01.272+0000: 482.081: [GC [PSYoungGen: 100206K->768K(98048K)] 174981K->75946K(785024K), 0.0046900 secs] [Times: user=0.03 sys=0.01, real=0.00 secs] 
2014-07-08T22:30:02.621+0000: 483.430: [GC [PSYoungGen: 98048K->1184K(97216K)] 173226K->76442K(784192K), 0.0103280 secs] [Times: user=0.06 sys=0.00, real=0.01 secs] 
2014-07-08T22:30:03.895+0000: 484.704: [GC [PSYoungGen: 97184K->1426K(96192K)] 172442K->76781K(783168K), 0.0062850 secs] [Times: user=0.03 sys=0.00, real=0.01 secs] 
2014-07-08T22:30:04.837+0000: 485.646: [GC [PSYoungGen: 96146K->1530K(95040K)] 171501K->76964K(782016K), 0.0046170 secs] [Times: user=0.02 sys=0.00, real=0.01 secs] 
2014-07-08T22:30:05.566+0000: 486.375: [GC [PSYoungGen: 95034K->626K(92928K)] 170468K->76476K(779904K), 0.0058580 secs] [Times: user=0.03 sys=0.01, real=0.01 secs] 
2014-07-08T22:30:06.096+0000: 486.905: [GC [PSYoungGen: 92914K->1844K(92928K)] 168764K->77882K(779904K), 0.0065160 secs] [Times: user=0.04 sys=0.00, real=0.01 secs] 
2014-07-08T22:30:07.315+0000: 488.124: [GC [PSYoungGen: 92876K->1248K(91200K)] 168915K->77967K(778176K), 0.0048010 secs] [Times: user=0.02 sys=0.00, real=0.01 secs] 
2014-07-08T22:30:08.116+0000: 488.924: [GC [PSYoungGen: 91168K->1711K(90496K)] 167887K->78502K(777472K), 0.0057340 secs] [Times: user=0.03 sys=0.00, real=0.01 secs] 
2014-07-08T22:30:08.969+0000: 489.778: [GC [PSYoungGen: 90479K->1210K(88896K)] 167269K->78148K(775872K), 0.0048420 secs] [Times: user=0.02 sys=0.00, real=0.01 secs] 
2014-07-08T22:30:09.718+0000: 490.527: [GC [PSYoungGen: 88888K->1338K(87936K)] 165827K->78340K(774912K), 0.0083000 secs] [Times: user=0.04 sys=0.00, real=0.01 secs] 
2014-07-08T22:30:10.251+0000: 491.060: [GC [PSYoungGen: 87930K->1536K(105536K)] 164932K->78619K(792512K), 0.0124490 secs] [Times: user=0.09 sys=0.00, real=0.01 secs] 
2014-07-08T22:30:11.627+0000: 492.436: [GC [PSYoungGen: 105472K->1152K(103616K)] 182555K->78306K(790592K), 0.0071310 secs] [Times: user=0.03 sys=0.00, real=0.01 secs] 
2014-07-08T22:30:12.857+0000: 493.666: [GC [PSYoungGen: 103616K->1490K(102592K)] 180770K->78767K(789568K), 0.0084930 secs] [Times: user=0.05 sys=0.00, real=0.01 secs] 
2014-07-08T22:30:14.112+0000: 494.921: [GC [PSYoungGen: 102546K->1448K(101120K)] 179823K->78788K(788096K), 0.0059750 secs] [Times: user=0.02 sys=0.00, real=0.00 secs] 
2014-07-08T22:30:14.708+0000: 495.517: [GC [PSYoungGen: 101096K->1092K(99456K)] 178436K->78512K(786432K), 0.0063910 secs] [Times: user=0.05 sys=0.00, real=0.01 secs] 
2014-07-08T22:30:16.120+0000: 496.928: [GC [PSYoungGen: 99396K->1554K(98560K)] 176816K->79062K(785536K), 0.0049720 secs] [Times: user=0.03 sys=0.00, real=0.01 secs] 
2014-07-08T22:30:17.534+0000: 498.343: [GC [PSYoungGen: 98514K->1248K(96960K)] 176022K->78813K(783936K), 0.0051340 secs] [Times: user=0.04 sys=0.00, real=0.00 secs] 
2014-07-08T22:30:18.601+0000: 499.409: [GC [PSYoungGen: 96928K->1504K(95936K)] 174493K->79157K(782912K), 0.0075520 secs] [Times: user=0.05 sys=0.00, real=0.01 secs] 
2014-07-08T22:30:19.138+0000: 499.947: [GC [PSYoungGen: 95904K->1202K(94400K)] 173557K->79047K(781376K), 0.0078740 secs] [Times: user=0.04 sys=0.00, real=0.01 secs] 
2014-07-08T22:30:19.994+0000: 500.802: [GC [PSYoungGen: 94386K->1806K(93824K)] 172231K->79723K(780800K), 0.0077850 secs] [Times: user=0.04 sys=0.00, real=0.01 secs] 
2014-07-08T22:30:21.016+0000: 501.825: [GC [PSYoungGen: 93774K->810K(91648K)] 171691K->79263K(778624K), 0.0047820 secs] [Times: user=0.03 sys=0.01, real=0.01 secs] 
2014-07-08T22:30:21.638+0000: 502.447: [GC [PSYoungGen: 91602K->1320K(91008K)] 170055K->79820K(777984K), 0.0093450 secs] [Times: user=0.05 sys=0.00, real=0.01 secs] 
2014-07-08T22:30:22.601+0000: 503.410: [GC [PSYoungGen: 90984K->1572K(106880K)] 169484K->80177K(793856K), 0.0166840 secs] [Times: user=0.12 sys=0.00, real=0.02 secs] 
2014-07-08T22:30:23.559+0000: 504.368: [GC [PSYoungGen: 106596K->1572K(105152K)] 185201K->80241K(792128K), 0.0059800 secs] [Times: user=0.02 sys=0.00, real=0.01 secs] 
2014-07-08T22:30:24.596+0000: 505.405: [GC [PSYoungGen: 105094K->758K(102848K)] 183763K->79903K(789824K), 0.0041110 secs] [Times: user=0.02 sys=0.00, real=0.00 secs] 
2014-07-08T22:30:25.416+0000: 506.224: [GC [PSYoungGen: 102838K->1516K(102208K)] 181983K->80709K(789184K), 0.0059270 secs] [Times: user=0.02 sys=0.00, real=0.00 secs] 
2014-07-08T22:30:26.737+0000: 507.546: [GC [PSYoungGen: 102187K->1430K(100736K)] 181380K->80975K(787712K), 0.0041880 secs] [Times: user=0.02 sys=0.00, real=0.00 secs] 
2014-07-08T22:30:27.933+0000: 508.742: [GC [PSYoungGen: 100673K->1206K(99136K)] 180218K->80847K(786112K), 0.0029990 secs] [Times: user=0.01 sys=0.00, real=0.01 secs] 
2014-07-08T22:30:28.646+0000: 509.454: [GC [PSYoungGen: 99126K->1070K(97664K)] 178767K->80951K(784640K), 0.0043270 secs] [Times: user=0.02 sys=0.00, real=0.00 secs] 
2014-07-08T22:30:29.624+0000: 510.433: [GC [PSYoungGen: 97646K->1444K(96768K)] 177527K->81357K(783744K), 0.0114480 secs] [Times: user=0.06 sys=0.00, real=0.01 secs] 
2014-07-08T22:30:30.615+0000: 511.424: [GC [PSYoungGen: 96740K->1194K(95232K)] 176653K->81481K(782208K), 0.0035390 secs] [Times: user=0.01 sys=0.01, real=0.00 secs] 
2014-07-08T22:30:31.740+0000: 512.549: [GC [PSYoungGen: 95210K->1490K(94336K)] 175497K->81865K(781312K), 0.0046130 secs] [Times: user=0.01 sys=0.00, real=0.01 secs] 
2014-07-08T22:30:32.899+0000: 513.707: [GC [PSYoungGen: 94290K->1000K(92608K)] 174665K->81845K(779584K), 0.0031650 secs] [Times: user=0.01 sys=0.01, real=0.00 secs] 
2014-07-08T22:30:34.124+0000: 514.933: [GC [PSYoungGen: 92584K->1604K(92096K)] 173429K->82513K(779072K), 0.0054620 secs] [Times: user=0.03 sys=0.00, real=0.00 secs] 
2014-07-08T22:30:35.149+0000: 515.958: [GC [PSYoungGen: 92036K->946K(90240K)] 172945K->82081K(777216K), 0.0075900 secs] [Times: user=0.03 sys=0.00, real=0.01 secs] 
2014-07-08T22:30:35.895+0000: 516.703: [GC [PSYoungGen: 90218K->1458K(89664K)] 171353K->82681K(776640K), 0.0097760 secs] [Times: user=0.06 sys=0.01, real=0.01 secs] 
2014-07-08T22:30:36.485+0000: 517.293: [GC [PSYoungGen: 89649K->1334K(88448K)] 170873K->82629K(775424K), 0.0057220 secs] [Times: user=0.03 sys=0.00, real=0.00 secs] 
2014-07-08T22:30:37.523+0000: 518.332: [GC [PSYoungGen: 88438K->1522K(87552K)] 169733K->82905K(774528K), 0.0114140 secs] [Times: user=0.07 sys=0.00, real=0.02 secs] 
2014-07-08T22:30:38.426+0000: 519.235: [GC [PSYoungGen: 87537K->740K(85760K)] 168921K->82725K(772736K), 0.0065420 secs] [Times: user=0.03 sys=0.00, real=0.00 secs] 
2014-07-08T22:30:38.942+0000: 519.751: [GC [PSYoungGen: 85732K->1430K(98048K)] 167717K->83487K(785024K), 0.0083650 secs] [Times: user=0.05 sys=0.00, real=0.01 secs] 
2014-07-08T22:30:39.889+0000: 520.698: [GC [PSYoungGen: 97686K->1348K(96384K)] 179743K->83557K(783360K), 0.0057020 secs] [Times: user=0.02 sys=0.00, real=0.01 secs] 
2014-07-08T22:30:40.695+0000: 521.504: [GC [PSYoungGen: 96324K->1266K(95040K)] 178533K->83563K(782016K), 0.0035360 secs] [Times: user=0.02 sys=0.00, real=0.00 secs] 
2014-07-08T22:30:41.668+0000: 522.477: [GC [PSYoungGen: 95026K->814K(93376K)] 177323K->83604K(780352K), 0.0082370 secs] [Times: user=0.05 sys=0.01, real=0.01 secs] 
2014-07-08T22:30:42.423+0000: 523.232: [GC [PSYoungGen: 93312K->1718K(93056K)] 176102K->84620K(780032K), 0.0065300 secs] [Times: user=0.04 sys=0.00, real=0.01 secs] 
2014-07-08T22:30:43.319+0000: 524.128: [GC [PSYoungGen: 93046K->946K(91136K)] 175948K->84137K(778112K), 0.0075240 secs] [Times: user=0.05 sys=0.00, real=0.01 secs] 
2014-07-08T22:30:44.454+0000: 525.263: [GC [PSYoungGen: 91122K->1480K(90560K)] 174313K->84759K(777536K), 0.0052220 secs] [Times: user=0.03 sys=0.00, real=0.01 secs] 
2014-07-08T22:30:45.844+0000: 526.653: [GC [PSYoungGen: 90502K->1276K(89216K)] 173781K->84822K(776192K), 0.0049920 secs] [Times: user=0.02 sys=0.00, real=0.01 secs] 
2014-07-08T22:30:46.915+0000: 527.724: [GC [PSYoungGen: 89212K->1498K(88384K)] 172758K->85091K(775360K), 0.0126550 secs] [Times: user=0.06 sys=0.00, real=0.01 secs] 
2014-07-08T22:30:48.126+0000: 528.935: [GC [PSYoungGen: 88289K->932K(86720K)] 171883K->84851K(773696K), 0.0117210 secs] [Times: user=0.06 sys=0.00, real=0.02 secs] 
2014-07-08T22:30:49.135+0000: 529.944: [GC [PSYoungGen: 86692K->1522K(86272K)] 170611K->85522K(773248K), 0.0133150 secs] [Times: user=0.09 sys=0.00, real=0.02 secs] 
2014-07-08T22:30:49.887+0000: 530.696: [GC [PSYoungGen: 86258K->1120K(84864K)] 170258K->85343K(771840K), 0.0048670 secs] [Times: user=0.02 sys=0.00, real=0.00 secs] 
2014-07-08T22:30:50.359+0000: 531.168: [GC [PSYoungGen: 84832K->1390K(84096K)] 169055K->85686K(771072K), 0.0057060 secs] [Times: user=0.03 sys=0.00, real=0.00 secs] 
2014-07-08T22:30:51.212+0000: 532.021: [GC [PSYoungGen: 84078K->1070K(82816K)] 168374K->85680K(769792K), 0.0095800 secs] [Times: user=0.05 sys=0.00, real=0.01 secs] 
2014-07-08T22:30:51.865+0000: 532.674: [GC [PSYoungGen: 82798K->1700K(82496K)] 167408K->86366K(769472K), 0.0065160 secs] [Times: user=0.03 sys=0.00, real=0.01 secs] 
2014-07-08T22:30:52.267+0000: 533.076: [GC [PSYoungGen: 82464K->690K(96064K)] 167130K->85864K(783040K), 0.0179550 secs] [Times: user=0.13 sys=0.00, real=0.01 secs] 
2014-07-08T22:30:53.316+0000: 534.125: [GC [PSYoungGen: 96027K->1765K(97216K)] 181201K->87011K(784192K), 0.0035550 secs] [Times: user=0.02 sys=0.00, real=0.01 secs] 
2014-07-08T22:30:54.169+0000: 534.978: [GC [PSYoungGen: 97106K->1368K(116352K)] 182352K->86932K(803328K), 0.0069320 secs] [Times: user=0.04 sys=0.00, real=0.00 secs] 
2014-07-08T22:30:55.197+0000: 536.006: [GC [PSYoungGen: 115800K->1444K(116352K)] 201364K->87080K(803328K), 0.0065910 secs] [Times: user=0.04 sys=0.00, real=0.00 secs] 
2014-07-08T22:30:55.824+0000: 536.633: [GC [PSYoungGen: 115874K->1664K(139136K)] 201511K->87372K(826112K), 0.0051370 secs] [Times: user=0.03 sys=0.01, real=0.01 secs] 
2014-07-08T22:30:57.393+0000: 538.202: [GC [PSYoungGen: 138937K->1562K(136512K)] 224645K->87334K(823488K), 0.0082210 secs] [Times: user=0.04 sys=0.00, real=0.01 secs] 
2014-07-08T22:30:58.257+0000: 539.066: [GC [PSYoungGen: 136474K->384K(132992K)] 222246K->86766K(819968K), 0.0040410 secs] [Times: user=0.02 sys=0.00, real=0.01 secs] 
2014-07-08T22:31:00.113+0000: 540.922: [GC [PSYoungGen: 132992K->1901K(132288K)] 219374K->88509K(819264K), 0.0049340 secs] [Times: user=0.03 sys=0.00, real=0.01 secs] 
2014-07-08T22:31:01.269+0000: 542.078: [GC [PSYoungGen: 132269K->1476K(129728K)] 218877K->88572K(816704K), 0.0093330 secs] [Times: user=0.07 sys=0.00, real=0.01 secs] 
2014-07-08T22:31:02.414+0000: 543.223: [GC [PSYoungGen: 129668K->1596K(127680K)] 216764K->88757K(814656K), 0.0060940 secs] [Times: user=0.04 sys=0.00, real=0.01 secs] 
2014-07-08T22:31:04.227+0000: 545.036: [GC [PSYoungGen: 127676K->1134K(125184K)] 214837K->88440K(812160K), 0.0180800 secs] [Times: user=0.10 sys=0.00, real=0.02 secs] 
2014-07-08T22:31:06.522+0000: 547.331: [GC [PSYoungGen: 125151K->1438K(123520K)] 212458K->88768K(810496K), 0.0067870 secs] [Times: user=0.03 sys=0.00, real=0.01 secs] 
2014-07-08T22:31:08.230+0000: 549.038: [GC [PSYoungGen: 123485K->1380K(121536K)] 210816K->88790K(808512K), 0.0033840 secs] [Times: user=0.02 sys=0.00, real=0.00 secs] 
2014-07-08T22:31:09.107+0000: 549.916: [GC [PSYoungGen: 121508K->1440K(119744K)] 208918K->88946K(806720K), 0.0114000 secs] [Times: user=0.08 sys=0.00, real=0.01 secs] 
2014-07-08T22:31:10.902+0000: 551.711: [GC [PSYoungGen: 119674K->1142K(117568K)] 207180K->88998K(804544K), 0.0092320 secs] [Times: user=0.06 sys=0.00, real=0.01 secs] 
2014-07-08T22:31:13.177+0000: 553.986: [GC [PSYoungGen: 117558K->1554K(116224K)] 205414K->89458K(803200K), 0.0106070 secs] [Times: user=0.06 sys=0.00, real=0.01 secs] 
2014-07-08T22:31:14.621+0000: 555.429: [GC [PSYoungGen: 116177K->1131K(114048K)] 204082K->89304K(801024K), 0.0038120 secs] [Times: user=0.02 sys=0.00, real=0.00 secs] 
2014-07-08T22:31:15.836+0000: 556.645: [GC [PSYoungGen: 114027K->1454K(112704K)] 202200K->89732K(799680K), 0.0052440 secs] [Times: user=0.03 sys=0.00, real=0.01 secs] 
2014-07-08T22:31:17.415+0000: 558.223: [GC [PSYoungGen: 112686K->1146K(110720K)] 200964K->89559K(797696K), 0.0197360 secs] [Times: user=0.14 sys=0.00, real=0.02 secs] 
2014-07-08T22:31:18.219+0000: 559.028: [GC [PSYoungGen: 110714K->1248K(109248K)] 199127K->89749K(796224K), 0.0099890 secs] [Times: user=0.06 sys=0.01, real=0.01 secs] 
2014-07-08T22:31:19.991+0000: 560.800: [GC [PSYoungGen: 109216K->1330K(107776K)] 197717K->89975K(794752K), 0.0040790 secs] [Times: user=0.02 sys=0.00, real=0.00 secs] 
2014-07-08T22:31:22.140+0000: 562.949: [GC [PSYoungGen: 107762K->1436K(106368K)] 196407K->90121K(793344K), 0.0078180 secs] [Times: user=0.03 sys=0.00, real=0.01 secs] 
2014-07-08T22:31:23.661+0000: 564.470: [GC [PSYoungGen: 106332K->814K(104256K)] 195017K->89901K(791232K), 0.0035520 secs] [Times: user=0.01 sys=0.01, real=0.00 secs] 
2014-07-08T22:31:25.018+0000: 565.827: [GC [PSYoungGen: 104238K->1454K(103424K)] 193325K->90606K(790400K), 0.0060030 secs] [Times: user=0.03 sys=0.00, real=0.01 secs] 
2014-07-08T22:31:26.651+0000: 567.460: [GC [PSYoungGen: 103392K->1302K(101888K)] 192544K->90745K(788864K), 0.0055640 secs] [Times: user=0.03 sys=0.00, real=0.00 secs] 
2014-07-08T22:31:28.330+0000: 569.139: [GC [PSYoungGen: 101834K->1643K(100800K)] 191278K->91175K(787776K), 0.0077450 secs] [Times: user=0.03 sys=0.01, real=0.01 secs] 
2014-07-08T22:31:29.832+0000: 570.641: [GC [PSYoungGen: 100779K->484K(98304K)] 190311K->91036K(785280K), 0.0119230 secs] [Times: user=0.08 sys=0.00, real=0.02 secs] 
2014-07-08T22:31:30.655+0000: 571.464: [GC [PSYoungGen: 98244K->1780K(98240K)] 188797K->92494K(785216K), 0.0054960 secs] [Times: user=0.03 sys=0.00, real=0.00 secs] 
2014-07-08T22:31:31.518+0000: 572.327: [GC [PSYoungGen: 98153K->1313K(96512K)] 188868K->92616K(783488K), 0.0081030 secs] [Times: user=0.06 sys=0.00, real=0.01 secs] 
2014-07-08T22:31:32.411+0000: 573.220: [GC [PSYoungGen: 96481K->1422K(95360K)] 187784K->92837K(782336K), 0.0067270 secs] [Times: user=0.04 sys=0.00, real=0.01 secs] 
2014-07-08T22:31:33.113+0000: 573.922: [GC [PSYoungGen: 95310K->1320K(94016K)] 186725K->92823K(780992K), 0.0114180 secs] [Times: user=0.07 sys=0.00, real=0.01 secs] 
2014-07-08T22:31:34.166+0000: 574.974: [GC [PSYoungGen: 93992K->1358K(92864K)] 185495K->92984K(779840K), 0.0050390 secs] [Times: user=0.02 sys=0.00, real=0.00 secs] 
2014-07-08T22:31:34.875+0000: 575.683: [GC [PSYoungGen: 92814K->1266K(91584K)] 184440K->93198K(778560K), 0.0068200 secs] [Times: user=0.04 sys=0.00, real=0.00 secs] 
2014-07-08T22:31:36.524+0000: 577.333: [GC [PSYoungGen: 91570K->1572K(90752K)] 183502K->93584K(777728K), 0.0099600 secs] [Times: user=0.06 sys=0.00, real=0.01 secs] 
2014-07-08T22:31:38.229+0000: 579.038: [GC [PSYoungGen: 90724K->1106K(89216K)] 182736K->93181K(776192K), 0.0108020 secs] [Times: user=0.07 sys=0.00, real=0.01 secs] 
2014-07-08T22:31:38.925+0000: 579.734: [GC [PSYoungGen: 89170K->1142K(88128K)] 181245K->93290K(775104K), 0.0084160 secs] [Times: user=0.05 sys=0.00, real=0.01 secs] 
2014-07-08T22:31:39.950+0000: 580.759: [GC [PSYoungGen: 88118K->1718K(87616K)] 180266K->93938K(774592K), 0.0096420 secs] [Times: user=0.06 sys=0.00, real=0.01 secs] 
2014-07-08T22:31:41.134+0000: 581.943: [GC [PSYoungGen: 87606K->1584K(86464K)] 179826K->93908K(773440K), 0.0081840 secs] [Times: user=0.06 sys=0.00, real=0.01 secs] 
2014-07-08T22:31:42.913+0000: 583.722: [GC [PSYoungGen: 86446K->822K(84672K)] 178770K->93694K(771648K), 0.0056470 secs] [Times: user=0.03 sys=0.00, real=0.01 secs] 
2014-07-08T22:31:44.311+0000: 585.120: [GC [PSYoungGen: 84616K->1526K(84352K)] 177488K->94520K(771328K), 0.0058660 secs] [Times: user=0.03 sys=0.00, real=0.01 secs] 
2014-07-08T22:31:45.357+0000: 586.166: [GC [PSYoungGen: 84342K->1468K(83328K)] 177336K->94631K(770304K), 0.0055270 secs] [Times: user=0.04 sys=0.00, real=0.00 secs] 
2014-07-08T22:31:46.132+0000: 586.941: [GC [PSYoungGen: 83324K->1564K(82496K)] 176487K->94830K(769472K), 0.0055060 secs] [Times: user=0.03 sys=0.01, real=0.01 secs] 
2014-07-08T22:31:46.700+0000: 587.509: [GC [PSYoungGen: 82460K->800K(80768K)] 175726K->94556K(767744K), 0.0081400 secs] [Times: user=0.05 sys=0.00, real=0.01 secs] 
2014-07-08T22:31:47.486+0000: 588.294: [GC [PSYoungGen: 80736K->1690K(80768K)] 174492K->95502K(767744K), 0.0053640 secs] [Times: user=0.03 sys=0.00, real=0.00 secs] 
2014-07-08T22:31:47.969+0000: 588.778: [GC [PSYoungGen: 80730K->1320K(96192K)] 174542K->95652K(783168K), 0.0096710 secs] [Times: user=0.06 sys=0.00, real=0.01 secs] 
2014-07-08T22:31:49.120+0000: 589.929: [GC [PSYoungGen: 96135K->1148K(115008K)] 190468K->95520K(801984K), 0.0181510 secs] [Times: user=0.12 sys=0.00, real=0.02 secs] 
2014-07-08T22:31:50.689+0000: 591.498: [GC [PSYoungGen: 115004K->1544K(115904K)] 209376K->95988K(802880K), 0.0110710 secs] [Times: user=0.07 sys=0.00, real=0.01 secs] 
2014-07-08T22:31:52.802+0000: 593.611: [GC [PSYoungGen: 115400K->1532K(113664K)] 209844K->96008K(800640K), 0.0067910 secs] [Times: user=0.03 sys=0.00, real=0.01 secs] 
2014-07-08T22:31:54.336+0000: 595.145: [GC [PSYoungGen: 113660K->676K(111168K)] 208136K->95586K(798144K), 0.0062560 secs] [Times: user=0.03 sys=0.00, real=0.00 secs] 
2014-07-08T22:31:55.058+0000: 595.867: [GC [PSYoungGen: 111077K->1502K(110400K)] 205988K->96476K(797376K), 0.0090870 secs] [Times: user=0.06 sys=0.00, real=0.01 secs] 
2014-07-08T22:31:56.162+0000: 596.971: [GC [PSYoungGen: 110366K->1490K(108800K)] 205340K->96814K(795776K), 0.0048030 secs] [Times: user=0.03 sys=0.00, real=0.01 secs] 
2014-07-08T22:31:57.248+0000: 598.057: [GC [PSYoungGen: 108754K->1298K(107072K)] 204078K->96678K(794048K), 0.0170170 secs] [Times: user=0.10 sys=0.00, real=0.01 secs] 
2014-07-08T22:31:57.937+0000: 598.746: [GC [PSYoungGen: 107026K->1010K(105216K)] 202406K->96622K(792192K), 0.0080020 secs] [Times: user=0.04 sys=0.00, real=0.00 secs] 
2014-07-08T22:31:58.780+0000: 599.589: [GC [PSYoungGen: 105202K->1654K(104384K)] 200814K->97338K(791360K), 0.0046970 secs] [Times: user=0.03 sys=0.00, real=0.00 secs] 
2014-07-08T22:32:00.217+0000: 601.025: [GC [PSYoungGen: 104286K->1196K(102528K)] 199970K->97304K(789504K), 0.0090650 secs] [Times: user=0.06 sys=0.00, real=0.01 secs] 
2014-07-08T22:32:01.841+0000: 602.650: [GC [PSYoungGen: 102508K->1298K(101248K)] 198616K->97502K(788224K), 0.0076890 secs] [Times: user=0.04 sys=0.00, real=0.01 secs] 
2014-07-08T22:32:03.637+0000: 604.446: [GC [PSYoungGen: 101179K->1434K(100032K)] 197384K->97718K(787008K), 0.0042240 secs] [Times: user=0.02 sys=0.00, real=0.01 secs] 
2014-07-08T22:32:05.310+0000: 606.119: [GC [PSYoungGen: 99994K->1426K(98688K)] 196278K->97782K(785664K), 0.0076330 secs] [Times: user=0.03 sys=0.00, real=0.01 secs] 
2014-07-08T22:32:06.815+0000: 607.624: [GC [PSYoungGen: 98642K->946K(96896K)] 194998K->97584K(783872K), 0.0089540 secs] [Times: user=0.06 sys=0.00, real=0.01 secs] 
2014-07-08T22:32:08.609+0000: 609.418: [GC [PSYoungGen: 96882K->1256K(95936K)] 193520K->97950K(782912K), 0.0077420 secs] [Times: user=0.04 sys=0.00, real=0.00 secs] 
2014-07-08T22:32:09.762+0000: 610.571: [GC [PSYoungGen: 95879K->1220K(94720K)] 192574K->98052K(781696K), 0.0042100 secs] [Times: user=0.02 sys=0.00, real=0.00 secs] 
2014-07-08T22:32:10.706+0000: 611.514: [GC [PSYoungGen: 94660K->1458K(93696K)] 191492K->98354K(780672K), 0.0096080 secs] [Times: user=0.06 sys=0.00, real=0.01 secs] 
2014-07-08T22:32:11.930+0000: 612.738: [GC [PSYoungGen: 93682K->1000K(92096K)] 190578K->98192K(779072K), 0.0078630 secs] [Times: user=0.04 sys=0.00, real=0.00 secs] 
2014-07-08T22:32:13.533+0000: 614.342: [GC [PSYoungGen: 92067K->1738K(91712K)] 189259K->98963K(778688K), 0.0127120 secs] [Times: user=0.07 sys=0.00, real=0.01 secs] 
2014-07-08T22:32:14.563+0000: 615.372: [GC [PSYoungGen: 91658K->814K(89600K)] 188883K->98470K(776576K), 0.0046810 secs] [Times: user=0.02 sys=0.00, real=0.00 secs] 
2014-07-08T22:32:15.798+0000: 616.607: [GC [PSYoungGen: 89582K->1644K(89344K)] 187238K->99348K(776320K), 0.0107020 secs] [Times: user=0.07 sys=0.00, real=0.02 secs] 
2014-07-08T22:32:17.013+0000: 617.822: [GC [PSYoungGen: 89324K->1248K(87872K)] 187028K->99334K(774848K), 0.0122590 secs] [Times: user=0.08 sys=0.00, real=0.01 secs] 
2014-07-08T22:32:18.299+0000: 619.108: [GC [PSYoungGen: 87822K->1732K(87296K)] 185908K->99939K(774272K), 0.0064830 secs] [Times: user=0.03 sys=0.01, real=0.00 secs] 
2014-07-08T22:32:18.818+0000: 619.626: [GC [PSYoungGen: 87235K->936K(85440K)] 185442K->99398K(772416K), 0.0079300 secs] [Times: user=0.06 sys=0.00, real=0.01 secs] 
2014-07-08T22:32:19.785+0000: 620.594: [GC [PSYoungGen: 85366K->1644K(85120K)] 183829K->100236K(772096K), 0.0063000 secs] [Times: user=0.04 sys=0.00, real=0.01 secs] 
2014-07-08T22:32:20.846+0000: 621.655: [GC [PSYoungGen: 85096K->1384K(83904K)] 183689K->100104K(770880K), 0.0102880 secs] [Times: user=0.06 sys=0.00, real=0.01 secs] 
2014-07-08T22:32:21.745+0000: 622.554: [GC [PSYoungGen: 83858K->1793K(83392K)] 182579K->100578K(770368K), 0.0067750 secs] [Times: user=0.04 sys=0.00, real=0.01 secs] 
2014-07-08T22:32:22.519+0000: 623.328: [GC [PSYoungGen: 83329K->740K(81344K)] 182114K->99976K(768320K), 0.0035740 secs] [Times: user=0.02 sys=0.00, real=0.01 secs] 
2014-07-08T22:32:23.160+0000: 623.969: [GC [PSYoungGen: 81316K->1472K(81216K)] 180552K->100789K(768192K), 0.0065260 secs] [Times: user=0.03 sys=0.00, real=0.00 secs] 
2014-07-08T22:32:23.803+0000: 624.612: [GC [PSYoungGen: 81152K->1458K(80256K)] 180469K->100935K(767232K), 0.0058860 secs] [Times: user=0.03 sys=0.01, real=0.00 secs] 
2014-07-08T22:32:24.444+0000: 625.252: [GC [PSYoungGen: 80242K->1720K(79616K)] 179719K->101293K(766592K), 0.0034480 secs] [Times: user=0.02 sys=0.00, real=0.00 secs] 
2014-07-08T22:32:25.452+0000: 626.261: [GC [PSYoungGen: 79608K->804K(77824K)] 179181K->101219K(764800K), 0.0113860 secs] [Times: user=0.08 sys=0.00, real=0.01 secs] 
2014-07-08T22:32:26.103+0000: 626.912: [GC [PSYoungGen: 77796K->1868K(78080K)] 178211K->102363K(765056K), 0.0091890 secs] [Times: user=0.06 sys=0.00, real=0.01 secs] 
2014-07-08T22:32:26.509+0000: 627.318: [GC [PSYoungGen: 78028K->1266K(92672K)] 178523K->102133K(779648K), 0.0063180 secs] [Times: user=0.04 sys=0.00, real=0.01 secs] 
2014-07-08T22:32:28.017+0000: 628.826: [GC [PSYoungGen: 92658K->1448K(91712K)] 193525K->102371K(778688K), 0.0073280 secs] [Times: user=0.03 sys=0.00, real=0.01 secs] 
2014-07-08T22:32:29.622+0000: 630.431: [GC [PSYoungGen: 91688K->1518K(90624K)] 192611K->102505K(777600K), 0.0053860 secs] [Times: user=0.03 sys=0.00, real=0.00 secs] 
2014-07-08T22:32:31.087+0000: 631.896: [GC [PSYoungGen: 90606K->1316K(89344K)] 191593K->102391K(776320K), 0.0095430 secs] [Times: user=0.04 sys=0.00, real=0.01 secs] 
2014-07-08T22:32:32.480+0000: 633.289: [GC [PSYoungGen: 89304K->1124K(88064K)] 190379K->102515K(775040K), 0.0062470 secs] [Times: user=0.03 sys=0.00, real=0.01 secs] 
2014-07-08T22:32:33.087+0000: 633.896: [GC [PSYoungGen: 88036K->1262K(87104K)] 189427K->102725K(774080K), 0.0032880 secs] [Times: user=0.01 sys=0.00, real=0.00 secs] 
2014-07-08T22:32:34.131+0000: 634.940: [GC [PSYoungGen: 87086K->1464K(86272K)] 188549K->103090K(773248K), 0.0076360 secs] [Times: user=0.04 sys=0.00, real=0.01 secs] 
2014-07-08T22:32:35.282+0000: 636.091: [GC [PSYoungGen: 86264K->1466K(85248K)] 187890K->103211K(772224K), 0.0077580 secs] [Times: user=0.06 sys=0.00, real=0.00 secs] 
2014-07-08T22:32:36.969+0000: 637.778: [GC [PSYoungGen: 85217K->953K(83712K)] 186962K->103072K(770688K), 0.0098670 secs] [Times: user=0.06 sys=0.00, real=0.01 secs] 
2014-07-08T22:32:38.579+0000: 639.387: [GC [PSYoungGen: 83705K->1380K(83200K)] 185824K->103555K(770176K), 0.0100610 secs] [Times: user=0.06 sys=0.00, real=0.01 secs] 
2014-07-08T22:32:39.121+0000: 639.930: [GC [PSYoungGen: 83172K->1202K(91328K)] 185347K->103497K(778304K), 0.0153410 secs] [Times: user=0.11 sys=0.00, real=0.02 secs] 
2014-07-08T22:32:40.772+0000: 641.581: [GC [PSYoungGen: 91122K->1522K(90304K)] 193417K->103921K(777280K), 0.0056450 secs] [Times: user=0.03 sys=0.01, real=0.01 secs] 
2014-07-08T22:32:42.204+0000: 643.013: [GC [PSYoungGen: 90290K->992K(88704K)] 192689K->103952K(775680K), 0.0028840 secs] [Times: user=0.02 sys=0.00, real=0.00 secs] 
2014-07-08T22:32:42.771+0000: 643.580: [GC [PSYoungGen: 88655K->1562K(90624K)] 191615K->104610K(777600K), 0.0108570 secs] [Times: user=0.08 sys=0.00, real=0.01 secs] 
2014-07-08T22:32:43.828+0000: 644.637: [GC [PSYoungGen: 90304K->1501K(89216K)] 193352K->104769K(776192K), 0.0062070 secs] [Times: user=0.03 sys=0.00, real=0.01 secs] 
2014-07-08T22:32:44.876+0000: 645.685: [GC [PSYoungGen: 89178K->1316K(87936K)] 192445K->104647K(774912K), 0.0072330 secs] [Times: user=0.04 sys=0.00, real=0.01 secs] 
2014-07-08T22:32:46.183+0000: 646.992: [GC [PSYoungGen: 87908K->886K(86400K)] 191239K->104688K(773376K), 0.0150300 secs] [Times: user=0.11 sys=0.00, real=0.02 secs] 
2014-07-08T22:32:47.571+0000: 648.380: [GC [PSYoungGen: 86387K->1294K(85824K)] 190189K->105152K(772800K), 0.0073120 secs] [Times: user=0.03 sys=0.01, real=0.01 secs] 
2014-07-08T22:32:48.559+0000: 649.368: [GC [PSYoungGen: 85774K->1387K(84864K)] 189632K->105381K(771840K), 0.0074900 secs] [Times: user=0.04 sys=0.00, real=0.01 secs] 
2014-07-08T22:32:49.581+0000: 650.390: [GC [PSYoungGen: 84812K->1562K(84096K)] 188806K->105636K(771072K), 0.0080750 secs] [Times: user=0.04 sys=0.01, real=0.01 secs] 
2014-07-08T22:32:50.910+0000: 651.718: [GC [PSYoungGen: 84058K->618K(82176K)] 188132K->105340K(769152K), 0.0103580 secs] [Times: user=0.05 sys=0.00, real=0.01 secs] 
2014-07-08T22:32:52.545+0000: 653.354: [GC [PSYoungGen: 82154K->1696K(82304K)] 186876K->106498K(769280K), 0.0109020 secs] [Times: user=0.07 sys=0.00, real=0.01 secs] 
2014-07-08T22:32:53.979+0000: 654.787: [GC [PSYoungGen: 82271K->1252K(80960K)] 187073K->106408K(767936K), 0.0141020 secs] [Times: user=0.09 sys=0.00, real=0.01 secs] 
2014-07-08T22:32:55.144+0000: 655.953: [GC [PSYoungGen: 80932K->1402K(80192K)] 186088K->106662K(767168K), 0.0129960 secs] [Times: user=0.09 sys=0.00, real=0.02 secs] 
2014-07-08T22:32:56.550+0000: 657.359: [GC [PSYoungGen: 80186K->1210K(79104K)] 185446K->106770K(766080K), 0.0085640 secs] [Times: user=0.06 sys=0.00, real=0.01 secs] 
2014-07-08T22:32:57.784+0000: 658.593: [GC [PSYoungGen: 79071K->1406K(78400K)] 184632K->107014K(765376K), 0.0134290 secs] [Times: user=0.08 sys=0.00, real=0.02 secs] 
2014-07-08T22:32:59.185+0000: 659.994: [GC [PSYoungGen: 78398K->1130K(77312K)] 184006K->107069K(764288K), 0.0102320 secs] [Times: user=0.07 sys=0.00, real=0.01 secs] 
2014-07-08T22:32:59.687+0000: 660.496: [GC [PSYoungGen: 77290K->1536K(92992K)] 183229K->107562K(779968K), 0.0102500 secs] [Times: user=0.08 sys=0.00, real=0.01 secs] 
2014-07-08T22:33:00.405+0000: 661.214: [GC [PSYoungGen: 92928K->878K(99136K)] 198954K->107417K(786112K), 0.0116770 secs] [Times: user=0.06 sys=0.00, real=0.02 secs] 
2014-07-08T22:33:01.499+0000: 662.308: [GC [PSYoungGen: 99118K->1774K(100032K)] 205657K->108443K(787008K), 0.0087820 secs] [Times: user=0.05 sys=0.00, real=0.01 secs] 
2014-07-08T22:33:02.223+0000: 663.032: [GC [PSYoungGen: 100013K->1412K(119808K)] 206682K->108224K(806784K), 0.0075520 secs] [Times: user=0.05 sys=0.00, real=0.01 secs] 
2014-07-08T22:33:03.630+0000: 664.439: [GC [PSYoungGen: 119300K->1234K(117376K)] 226112K->108126K(804352K), 0.0078990 secs] [Times: user=0.04 sys=0.01, real=0.01 secs] 
2014-07-08T22:33:04.562+0000: 665.371: [GC [PSYoungGen: 117330K->758K(115072K)] 224222K->108002K(802048K), 0.0104070 secs] [Times: user=0.05 sys=0.00, real=0.01 secs] 
2014-07-08T22:33:06.517+0000: 667.326: [GC [PSYoungGen: 115050K->1665K(114304K)] 222295K->108981K(801280K), 0.0077480 secs] [Times: user=0.06 sys=0.01, real=0.01 secs] 
2014-07-08T22:33:07.913+0000: 668.721: [GC [PSYoungGen: 114241K->1344K(112256K)] 221557K->108896K(799232K), 0.0068490 secs] [Times: user=0.03 sys=0.01, real=0.01 secs] 
2014-07-08T22:33:08.904+0000: 669.713: [GC [PSYoungGen: 112256K->1568K(110848K)] 219808K->109193K(797824K), 0.0055990 secs] [Times: user=0.03 sys=0.00, real=0.01 secs] 
2014-07-08T22:33:09.883+0000: 670.692: [GC [PSYoungGen: 110816K->932K(108608K)] 218441K->108798K(795584K), 0.0037300 secs] [Times: user=0.02 sys=0.00, real=0.01 secs] 
2014-07-08T22:33:10.721+0000: 671.530: [GC [PSYoungGen: 108580K->1501K(107648K)] 216446K->109416K(794624K), 0.0048710 secs] [Times: user=0.03 sys=0.00, real=0.00 secs] 
2014-07-08T22:33:11.957+0000: 672.766: [GC [PSYoungGen: 107569K->1377K(105984K)] 215484K->109412K(792960K), 0.0068870 secs] [Times: user=0.04 sys=0.00, real=0.00 secs] 
2014-07-08T22:33:13.219+0000: 674.028: [GC [PSYoungGen: 105953K->1362K(104512K)] 213988K->109485K(791488K), 0.0107600 secs] [Times: user=0.06 sys=0.00, real=0.01 secs] 
2014-07-08T22:33:14.221+0000: 675.030: [GC [PSYoungGen: 104466K->1056K(102720K)] 212589K->109545K(789696K), 0.0083610 secs] [Times: user=0.05 sys=0.00, real=0.01 secs] 
2014-07-08T22:33:15.215+0000: 676.024: [GC [PSYoungGen: 102688K->1508K(101760K)] 211177K->110077K(788736K), 0.0074220 secs] [Times: user=0.04 sys=0.00, real=0.01 secs] 
2014-07-08T22:33:16.603+0000: 677.412: [GC [PSYoungGen: 101732K->1142K(100032K)] 210301K->109857K(787008K), 0.0063970 secs] [Times: user=0.03 sys=0.00, real=0.01 secs] 
2014-07-08T22:33:18.729+0000: 679.538: [GC [PSYoungGen: 100021K->1672K(99264K)] 208736K->110451K(786240K), 0.0050730 secs] [Times: user=0.03 sys=0.00, real=0.00 secs] 
2014-07-08T22:33:20.595+0000: 681.404: [GC [PSYoungGen: 99208K->881K(97152K)] 207987K->110207K(784128K), 0.0097040 secs] [Times: user=0.07 sys=0.00, real=0.01 secs] 
2014-07-08T22:33:22.074+0000: 682.883: [GC [PSYoungGen: 97123K->1790K(96768K)] 206450K->111172K(783744K), 0.0118200 secs] [Times: user=0.08 sys=0.00, real=0.01 secs] 
2014-07-08T22:33:23.996+0000: 684.805: [GC [PSYoungGen: 96766K->1074K(94848K)] 206148K->110774K(781824K), 0.0122600 secs] [Times: user=0.07 sys=0.00, real=0.01 secs] 
2014-07-08T22:33:24.809+0000: 685.618: [GC [PSYoungGen: 94834K->1234K(93824K)] 204534K->111046K(780800K), 0.0089050 secs] [Times: user=0.06 sys=0.00, real=0.01 secs] 
2014-07-08T22:33:26.486+0000: 687.294: [GC [PSYoungGen: 93777K->1416K(92800K)] 203589K->111284K(779776K), 0.0185610 secs] [Times: user=0.12 sys=0.00, real=0.02 secs] 
2014-07-08T22:33:28.172+0000: 688.981: [GC [PSYoungGen: 92744K->1526K(91712K)] 202612K->111482K(778688K), 0.0085940 secs] [Times: user=0.05 sys=0.00, real=0.01 secs] 
2014-07-08T22:33:29.875+0000: 690.684: [GC [PSYoungGen: 91701K->743K(89792K)] 201658K->111403K(776768K), 0.0092540 secs] [Times: user=0.05 sys=0.00, real=0.01 secs] 
2014-07-08T22:33:30.653+0000: 691.462: [GC [PSYoungGen: 89767K->1768K(89728K)] 200427K->112508K(776704K), 0.0075600 secs] [Times: user=0.04 sys=0.00, real=0.01 secs] 
2014-07-08T22:33:32.229+0000: 693.038: [GC [PSYoungGen: 89704K->1206K(88064K)] 200444K->112564K(775040K), 0.0104390 secs] [Times: user=0.06 sys=0.01, real=0.01 secs] 
2014-07-08T22:33:33.651+0000: 694.460: [GC [PSYoungGen: 88010K->1384K(87168K)] 199368K->112830K(774144K), 0.0114680 secs] [Times: user=0.08 sys=0.00, real=0.01 secs] 
2014-07-08T22:33:34.288+0000: 695.097: [GC [PSYoungGen: 87144K->1252K(86016K)] 198590K->112770K(772992K), 0.0063810 secs] [Times: user=0.04 sys=0.00, real=0.01 secs] 
2014-07-08T22:33:35.301+0000: 696.110: [GC [PSYoungGen: 85988K->1604K(85376K)] 197506K->113186K(772352K), 0.0049400 secs] [Times: user=0.02 sys=0.00, real=0.01 secs] 
2014-07-08T22:33:36.618+0000: 697.427: [GC [PSYoungGen: 85296K->1064K(83776K)] 196878K->112798K(770752K), 0.0106630 secs] [Times: user=0.07 sys=0.00, real=0.01 secs] 
2014-07-08T22:33:37.854+0000: 698.663: [GC [PSYoungGen: 83751K->1384K(83136K)] 195486K->113182K(770112K), 0.0152320 secs] [Times: user=0.10 sys=0.00, real=0.01 secs] 
2014-07-08T22:33:39.180+0000: 699.989: [GC [PSYoungGen: 83112K->1501K(82304K)] 194910K->113424K(769280K), 0.0055790 secs] [Times: user=0.03 sys=0.00, real=0.01 secs] 
2014-07-08T22:33:40.573+0000: 701.381: [GC [PSYoungGen: 82269K->1284K(81152K)] 194192K->113287K(768128K), 0.0053390 secs] [Times: user=0.03 sys=0.01, real=0.00 secs] 
2014-07-08T22:33:41.580+0000: 702.388: [GC [PSYoungGen: 81092K->996K(79936K)] 193095K->113297K(766912K), 0.0076820 secs] [Times: user=0.05 sys=0.00, real=0.01 secs] 
2014-07-08T22:33:43.204+0000: 704.013: [GC [PSYoungGen: 79908K->1540K(79616K)] 192209K->113945K(766592K), 0.0098280 secs] [Times: user=0.06 sys=0.00, real=0.01 secs] 
2014-07-08T22:33:44.594+0000: 705.402: [GC [PSYoungGen: 79556K->1144K(78272K)] 191961K->113876K(765248K), 0.0094900 secs] [Times: user=0.04 sys=0.00, real=0.01 secs] 
2014-07-08T22:33:45.389+0000: 706.198: [GC [PSYoungGen: 78264K->1174K(77504K)] 190996K->113945K(764480K), 0.0078650 secs] [Times: user=0.05 sys=0.00, real=0.01 secs] 
2014-07-08T22:33:46.169+0000: 706.978: [GC [PSYoungGen: 77462K->1394K(76864K)] 190233K->114399K(763840K), 0.0118880 secs] [Times: user=0.07 sys=0.00, real=0.01 secs] 
2014-07-08T22:33:46.635+0000: 707.443: [GC [PSYoungGen: 76850K->1288K(91904K)] 189855K->114365K(778880K), 0.0130350 secs] [Times: user=0.10 sys=0.00, real=0.01 secs] 
2014-07-08T22:33:47.531+0000: 708.339: [GC [PSYoungGen: 91848K->1142K(99264K)] 204925K->114307K(786240K), 0.0063470 secs] [Times: user=0.04 sys=0.00, real=0.01 secs] 
2014-07-08T22:33:48.619+0000: 709.428: [GC [PSYoungGen: 99254K->1607K(99968K)] 212419K->114844K(786944K), 0.0069360 secs] [Times: user=0.04 sys=0.00, real=0.01 secs] 
2014-07-08T22:33:49.115+0000: 709.923: [GC [PSYoungGen: 99719K->1280K(119552K)] 212956K->114581K(806528K), 0.0059990 secs] [Times: user=0.03 sys=0.00, real=0.00 secs] 
2014-07-08T22:33:50.896+0000: 711.705: [GC [PSYoungGen: 119034K->1426K(117440K)] 232336K->114791K(804416K), 0.0065210 secs] [Times: user=0.03 sys=0.00, real=0.00 secs] 
2014-07-08T22:33:52.724+0000: 713.533: [GC [PSYoungGen: 117354K->484K(114688K)] 230719K->114697K(801664K), 0.0113190 secs] [Times: user=0.07 sys=0.01, real=0.01 secs] 
2014-07-08T22:33:53.484+0000: 714.293: [GC [PSYoungGen: 114619K->1762K(117952K)] 228833K->116340K(804928K), 0.0156620 secs] [Times: user=0.11 sys=0.00, real=0.02 secs] 
2014-07-08T22:33:55.047+0000: 715.856: [GC [PSYoungGen: 117885K->1388K(115776K)] 232463K->116532K(802752K), 0.0062170 secs] [Times: user=0.02 sys=0.00, real=0.00 secs] 
2014-07-08T22:33:56.686+0000: 717.495: [GC [PSYoungGen: 115756K->1658K(114304K)] 230900K->116948K(801280K), 0.0091180 secs] [Times: user=0.05 sys=0.01, real=0.01 secs] 
2014-07-08T22:33:58.257+0000: 719.066: [GC [PSYoungGen: 114298K->946K(111936K)] 229588K->116420K(798912K), 0.0101910 secs] [Times: user=0.06 sys=0.00, real=0.01 secs] 
2014-07-08T22:33:59.216+0000: 720.025: [GC [PSYoungGen: 111922K->1206K(110528K)] 227396K->116696K(797504K), 0.0128330 secs] [Times: user=0.06 sys=0.00, real=0.01 secs] 
2014-07-08T22:34:00.137+0000: 720.945: [GC [PSYoungGen: 110501K->1358K(109120K)] 225991K->116978K(796096K), 0.0066530 secs] [Times: user=0.03 sys=0.00, real=0.00 secs] 
2014-07-08T22:34:01.340+0000: 722.149: [GC [PSYoungGen: 109070K->1686K(107904K)] 224690K->117394K(794880K), 0.0109250 secs] [Times: user=0.07 sys=0.00, real=0.01 secs] 
2014-07-08T22:34:03.408+0000: 724.217: [GC [PSYoungGen: 107862K->896K(105536K)] 223570K->116846K(792512K), 0.0072520 secs] [Times: user=0.04 sys=0.01, real=0.01 secs] 
2014-07-08T22:34:04.313+0000: 725.122: [GC [PSYoungGen: 105536K->1532K(104704K)] 221486K->117538K(791680K), 0.0082570 secs] [Times: user=0.05 sys=0.00, real=0.01 secs] 
2014-07-08T22:34:05.670+0000: 726.479: [GC [PSYoungGen: 104700K->1188K(102912K)] 220706K->117282K(789888K), 0.0081830 secs] [Times: user=0.06 sys=0.00, real=0.01 secs] 
2014-07-08T22:34:06.271+0000: 727.080: [GC [PSYoungGen: 102884K->1366K(123456K)] 218978K->117516K(810432K), 0.0147850 secs] [Times: user=0.10 sys=0.00, real=0.02 secs] 
2014-07-08T22:34:07.477+0000: 728.285: [GC [PSYoungGen: 123414K->1202K(121344K)] 239564K->117440K(808320K), 0.0059860 secs] [Times: user=0.04 sys=0.00, real=0.00 secs] 
2014-07-08T22:34:08.610+0000: 729.418: [GC [PSYoungGen: 121330K->1266K(119552K)] 237568K->117576K(806528K), 0.0050370 secs] [Times: user=0.03 sys=0.00, real=0.00 secs] 
2014-07-08T22:34:09.553+0000: 730.362: [GC [PSYoungGen: 119538K->1106K(117568K)] 235848K->117488K(804544K), 0.0050440 secs] [Times: user=0.03 sys=0.00, real=0.01 secs] 
2014-07-08T22:34:10.678+0000: 731.487: [GC [PSYoungGen: 117522K->1514K(116160K)] 233904K->117976K(803136K), 0.0044230 secs] [Times: user=0.02 sys=0.00, real=0.00 secs] 
2014-07-08T22:34:11.469+0000: 732.278: [GC [PSYoungGen: 116138K->1188K(114112K)] 232600K->117818K(801088K), 0.0078620 secs] [Times: user=0.02 sys=0.00, real=0.01 secs] 
2014-07-08T22:34:12.528+0000: 733.337: [GC [PSYoungGen: 114084K->1384K(112640K)] 230714K->118054K(799616K), 0.0077380 secs] [Times: user=0.04 sys=0.00, real=0.00 secs] 
2014-07-08T22:34:13.566+0000: 734.374: [GC [PSYoungGen: 112606K->1134K(110720K)] 229276K->118126K(797696K), 0.0057360 secs] [Times: user=0.04 sys=0.00, real=0.01 secs] 
2014-07-08T22:34:14.637+0000: 735.446: [GC [PSYoungGen: 110702K->1616K(109632K)] 227694K->118738K(796608K), 0.0062100 secs] [Times: user=0.04 sys=0.00, real=0.00 secs] 
2014-07-08T22:34:15.572+0000: 736.381: [GC [PSYoungGen: 109584K->828K(107264K)] 226706K->118500K(794240K), 0.0033780 secs] [Times: user=0.01 sys=0.00, real=0.00 secs] 
2014-07-08T22:34:16.563+0000: 737.372: [GC [PSYoungGen: 107260K->1692K(106624K)] 224932K->119428K(793600K), 0.0121870 secs] [Times: user=0.08 sys=0.00, real=0.01 secs] 
2014-07-08T22:34:17.422+0000: 738.230: [GC [PSYoungGen: 106588K->1074K(104512K)] 224324K->119330K(791488K), 0.0133270 secs] [Times: user=0.09 sys=0.00, real=0.01 secs] 
2014-07-08T22:34:18.182+0000: 738.991: [GC [PSYoungGen: 104498K->1320K(125504K)] 222754K->119624K(812480K), 0.0155690 secs] [Times: user=0.10 sys=0.00, real=0.01 secs] 
2014-07-08T22:34:19.363+0000: 740.171: [GC [PSYoungGen: 125480K->1362K(126016K)] 243784K->119804K(812992K), 0.0143090 secs] [Times: user=0.09 sys=0.00, real=0.01 secs] 
2014-07-08T22:34:20.530+0000: 741.339: [GC [PSYoungGen: 125522K->1778K(126016K)] 243964K->120293K(812992K), 0.0127260 secs] [Times: user=0.08 sys=0.00, real=0.01 secs] 
2014-07-08T22:34:21.868+0000: 742.677: [GC [PSYoungGen: 125938K->1316K(150912K)] 244453K->119894K(837888K), 0.0116760 secs] [Times: user=0.07 sys=0.01, real=0.01 secs] 
2014-07-08T22:34:24.218+0000: 745.026: [GC [PSYoungGen: 150308K->1434K(147776K)] 268886K->120028K(834752K), 0.0094670 secs] [Times: user=0.06 sys=0.01, real=0.01 secs] 
2014-07-08T22:34:26.098+0000: 746.907: [GC [PSYoungGen: 147710K->484K(144192K)] 266305K->119950K(831168K), 0.0091200 secs] [Times: user=0.06 sys=0.00, real=0.01 secs] 
2014-07-08T22:34:27.762+0000: 748.571: [GC [PSYoungGen: 144163K->1852K(142976K)] 263629K->121510K(829952K), 0.0042360 secs] [Times: user=0.02 sys=0.01, real=0.00 secs] 
2014-07-08T22:34:29.611+0000: 750.420: [GC [PSYoungGen: 142970K->1316K(139968K)] 262629K->121688K(826944K), 0.0052720 secs] [Times: user=0.04 sys=0.00, real=0.00 secs] 
2014-07-08T22:34:30.925+0000: 751.733: [GC [PSYoungGen: 139940K->1498K(137792K)] 260312K->121942K(824768K), 0.0034700 secs] [Times: user=0.02 sys=0.00, real=0.00 secs] 
2014-07-08T22:34:32.835+0000: 753.644: [GC [PSYoungGen: 137754K->1270K(135232K)] 258198K->121898K(822208K), 0.0050480 secs] [Times: user=0.03 sys=0.00, real=0.01 secs] 
2014-07-08T22:34:34.514+0000: 755.323: [GC [PSYoungGen: 135188K->1760K(133504K)] 255817K->122437K(820480K), 0.0102360 secs] [Times: user=0.07 sys=0.00, real=0.01 secs] 
2014-07-08T22:34:35.793+0000: 756.602: [GC [PSYoungGen: 133472K->824K(130368K)] 254149K->122247K(817344K), 0.0040730 secs] [Times: user=0.02 sys=0.00, real=0.00 secs] 
2014-07-08T22:34:37.377+0000: 758.186: [GC [PSYoungGen: 130320K->1981K(129408K)] 251743K->123516K(816384K), 0.0049680 secs] [Times: user=0.02 sys=0.00, real=0.01 secs] 
2014-07-08T22:34:39.004+0000: 759.813: [GC [PSYoungGen: 129405K->1138K(126528K)] 250940K->123146K(813504K), 0.0043600 secs] [Times: user=0.02 sys=0.00, real=0.00 secs] 
2014-07-08T22:34:40.004+0000: 760.813: [GC [PSYoungGen: 126466K->1980K(125312K)] 248475K->124077K(812288K), 0.0034900 secs] [Times: user=0.01 sys=0.01, real=0.00 secs] 
2014-07-08T22:34:40.850+0000: 761.659: [GC [PSYoungGen: 125264K->1263K(122624K)] 247361K->123484K(809600K), 0.0064470 secs] [Times: user=0.02 sys=0.00, real=0.01 secs] 
2014-07-08T22:34:42.423+0000: 763.232: [GC [PSYoungGen: 122569K->1306K(120768K)] 244790K->123599K(807744K), 0.0033680 secs] [Times: user=0.01 sys=0.00, real=0.00 secs] 
2014-07-08T22:34:43.500+0000: 764.309: [GC [PSYoungGen: 120730K->1554K(119168K)] 243023K->123927K(806144K), 0.0033580 secs] [Times: user=0.02 sys=0.00, real=0.01 secs] 
2014-07-08T22:34:44.957+0000: 765.766: [GC [PSYoungGen: 119109K->1707K(117504K)] 241482K->124144K(804480K), 0.0083470 secs] [Times: user=0.04 sys=0.00, real=0.01 secs] 
2014-07-08T22:34:46.539+0000: 767.348: [GC [PSYoungGen: 117483K->1060K(115072K)] 239920K->123829K(802048K), 0.0076510 secs] [Times: user=0.05 sys=0.00, real=0.01 secs] 
2014-07-08T22:34:47.837+0000: 768.646: [GC [PSYoungGen: 115044K->1430K(113728K)] 237813K->124271K(800704K), 0.0067000 secs] [Times: user=0.03 sys=0.00, real=0.01 secs] 
2014-07-08T22:34:48.761+0000: 769.570: [GC [PSYoungGen: 113686K->1156K(111808K)] 236527K->124141K(798784K), 0.0054220 secs] [Times: user=0.03 sys=0.00, real=0.01 secs] 
2014-07-08T22:34:49.816+0000: 770.625: [GC [PSYoungGen: 111748K->1498K(110528K)] 234733K->124547K(797504K), 0.0066510 secs] [Times: user=0.04 sys=0.00, real=0.01 secs] 
2014-07-08T22:34:51.156+0000: 771.965: [GC [PSYoungGen: 110490K->1504K(108928K)] 233539K->124739K(795904K), 0.0056220 secs] [Times: user=0.03 sys=0.00, real=0.00 secs] 
2014-07-08T22:34:52.189+0000: 772.998: [GC [PSYoungGen: 108851K->1622K(107520K)] 232086K->124937K(794496K), 0.0039720 secs] [Times: user=0.02 sys=0.00, real=0.00 secs] 
2014-07-08T22:34:53.374+0000: 774.183: [GC [PSYoungGen: 107470K->928K(105280K)] 230785K->124791K(792256K), 0.0034790 secs] [Times: user=0.02 sys=0.00, real=0.00 secs] 
2014-07-08T22:34:54.924+0000: 775.733: [GC [PSYoungGen: 105199K->1814K(104704K)] 229063K->125758K(791680K), 0.0156340 secs] [Times: user=0.10 sys=0.00, real=0.01 secs] 
2014-07-08T22:34:56.376+0000: 777.185: [GC [PSYoungGen: 104662K->1334K(102784K)] 228606K->125521K(789760K), 0.0116720 secs] [Times: user=0.07 sys=0.00, real=0.01 secs] 
2014-07-08T22:34:57.648+0000: 778.457: [GC [PSYoungGen: 102774K->1628K(101696K)] 226961K->125912K(788672K), 0.0063770 secs] [Times: user=0.03 sys=0.00, real=0.01 secs] 
2014-07-08T22:34:58.358+0000: 779.167: [GC [PSYoungGen: 101645K->1128K(99840K)] 225929K->125685K(786816K), 0.0073710 secs] [Times: user=0.04 sys=0.00, real=0.01 secs] 
2014-07-08T22:34:59.134+0000: 779.943: [GC [PSYoungGen: 99816K->1569K(98944K)] 224373K->126183K(785920K), 0.0054020 secs] [Times: user=0.03 sys=0.00, real=0.00 secs] 
2014-07-08T22:35:00.074+0000: 780.883: [GC [PSYoungGen: 98913K->1256K(97344K)] 223527K->126023K(784320K), 0.0124050 secs] [Times: user=0.07 sys=0.00, real=0.01 secs] 
2014-07-08T22:35:00.966+0000: 781.775: [GC [PSYoungGen: 97320K->1742K(96576K)] 222087K->126574K(783552K), 0.0074800 secs] [Times: user=0.04 sys=0.00, real=0.00 secs] 
2014-07-08T22:35:01.787+0000: 782.596: [GC [PSYoungGen: 96526K->938K(94528K)] 221358K->126626K(781504K), 0.0073980 secs] [Times: user=0.05 sys=0.00, real=0.01 secs] 
2014-07-08T22:35:02.428+0000: 783.237: [GC [PSYoungGen: 94479K->1698K(94080K)] 220167K->127474K(781056K), 0.0060430 secs] [Times: user=0.04 sys=0.00, real=0.01 secs] 
2014-07-08T22:35:03.390+0000: 784.199: [GC [PSYoungGen: 94050K->1170K(92352K)] 219826K->127272K(779328K), 0.0090370 secs] [Times: user=0.05 sys=0.00, real=0.01 secs] 
2014-07-08T22:35:04.108+0000: 784.917: [GC [PSYoungGen: 92294K->1572K(91584K)] 218396K->127746K(778560K), 0.0035700 secs] [Times: user=0.01 sys=0.00, real=0.00 secs] 
2014-07-08T22:35:04.793+0000: 785.602: [GC [PSYoungGen: 91556K->1312K(90176K)] 217730K->127728K(777152K), 0.0089320 secs] [Times: user=0.04 sys=0.01, real=0.01 secs] 
2014-07-08T22:35:05.361+0000: 786.170: [GC [PSYoungGen: 90144K->1156K(107840K)] 216560K->127676K(794816K), 0.0092150 secs] [Times: user=0.05 sys=0.00, real=0.01 secs] 
2014-07-08T22:35:06.630+0000: 787.439: [GC [PSYoungGen: 107691K->1323K(106432K)] 234211K->127999K(793408K), 0.0039510 secs] [Times: user=0.02 sys=0.00, real=0.00 secs] 
2014-07-08T22:35:07.757+0000: 788.566: [GC [PSYoungGen: 106410K->992K(104640K)] 233087K->127758K(791616K), 0.0055890 secs] [Times: user=0.02 sys=0.00, real=0.00 secs] 
2014-07-08T22:35:09.046+0000: 789.855: [GC [PSYoungGen: 104608K->1202K(103360K)] 231374K->128024K(790336K), 0.0072940 secs] [Times: user=0.04 sys=0.00, real=0.00 secs] 
2014-07-08T22:35:10.093+0000: 790.902: [GC [PSYoungGen: 103346K->1252K(102016K)] 230168K->128146K(788992K), 0.0073580 secs] [Times: user=0.04 sys=0.00, real=0.01 secs] 
2014-07-08T22:35:10.664+0000: 791.473: [GC [PSYoungGen: 101988K->1501K(100864K)] 228882K->128436K(787840K), 0.0065910 secs] [Times: user=0.04 sys=0.00, real=0.01 secs] 
2014-07-08T22:35:11.539+0000: 792.348: [GC [PSYoungGen: 100797K->1924K(99968K)] 227731K->128931K(786944K), 0.0032960 secs] [Times: user=0.01 sys=0.00, real=0.00 secs] 
2014-07-08T22:35:12.303+0000: 793.112: [GC [PSYoungGen: 99875K->498K(97152K)] 226882K->128451K(784128K), 0.0076070 secs] [Times: user=0.05 sys=0.00, real=0.01 secs] 
2014-07-08T22:35:13.365+0000: 794.174: [GC [PSYoungGen: 97127K->1623K(97024K)] 225081K->129601K(784000K), 0.0068160 secs] [Times: user=0.02 sys=0.00, real=0.01 secs] 
2014-07-08T22:35:14.739+0000: 795.548: [GC [PSYoungGen: 96983K->1366K(95488K)] 224961K->129813K(782464K), 0.0080220 secs] [Times: user=0.05 sys=0.00, real=0.01 secs] 
2014-07-08T22:35:15.764+0000: 796.573: [GC [PSYoungGen: 95446K->1174K(94080K)] 223893K->129661K(781056K), 0.0096800 secs] [Times: user=0.04 sys=0.00, real=0.01 secs] 
2014-07-08T22:35:16.482+0000: 797.291: [GC [PSYoungGen: 93941K->1516K(93184K)] 222428K->130075K(780160K), 0.0064130 secs] [Times: user=0.04 sys=0.00, real=0.01 secs] 
2014-07-08T22:35:16.995+0000: 797.804: [GC [PSYoungGen: 93164K->1486K(92032K)] 221723K->130117K(779008K), 0.0078020 secs] [Times: user=0.04 sys=0.00, real=0.01 secs] 
2014-07-08T22:35:17.712+0000: 798.521: [GC [PSYoungGen: 91982K->1064K(90432K)] 220613K->130085K(777408K), 0.0062600 secs] [Times: user=0.02 sys=0.00, real=0.01 secs] 
2014-07-08T22:35:18.482+0000: 799.291: [GC [PSYoungGen: 90407K->1710K(89984K)] 219428K->130820K(776960K), 0.0044720 secs] [Times: user=0.02 sys=0.00, real=0.00 secs] 
2014-07-08T22:35:19.055+0000: 799.863: [GC [PSYoungGen: 89966K->1064K(88256K)] 219076K->130551K(775232K), 0.0047670 secs] [Times: user=0.02 sys=0.00, real=0.01 secs] 
2014-07-08T22:35:20.317+0000: 801.126: [GC [PSYoungGen: 88228K->1576K(87680K)] 217716K->131143K(774656K), 0.0062160 secs] [Times: user=0.03 sys=0.00, real=0.00 secs] 
2014-07-08T22:35:21.433+0000: 802.242: [GC [PSYoungGen: 87656K->1184K(86272K)] 217223K->130943K(773248K), 0.0082440 secs] [Times: user=0.06 sys=0.00, real=0.01 secs] 
2014-07-08T22:35:22.212+0000: 803.021: [GC [PSYoungGen: 86233K->1470K(85504K)] 215993K->131317K(772480K), 0.0051150 secs] [Times: user=0.02 sys=0.01, real=0.01 secs] 
2014-07-08T22:35:22.710+0000: 803.519: [GC [PSYoungGen: 85502K->1206K(84224K)] 215349K->131287K(771200K), 0.0048950 secs] [Times: user=0.03 sys=0.00, real=0.00 secs] 
2014-07-08T22:35:23.690+0000: 804.499: [GC [PSYoungGen: 84214K->1245K(83328K)] 214295K->131456K(770304K), 0.0046710 secs] [Times: user=0.02 sys=0.01, real=0.00 secs] 
2014-07-08T22:35:24.137+0000: 804.946: [GC [PSYoungGen: 83293K->1255K(99776K)] 213504K->131596K(786752K), 0.0162630 secs] [Times: user=0.09 sys=0.00, real=0.02 secs] 
2014-07-08T22:35:25.176+0000: 805.985: [GC [PSYoungGen: 99751K->1568K(116032K)] 230092K->132005K(803008K), 0.0062340 secs] [Times: user=0.04 sys=0.00, real=0.01 secs] 
2014-07-08T22:35:26.535+0000: 807.344: [GC [PSYoungGen: 115808K->1562K(120064K)] 246245K->132047K(807040K), 0.0091590 secs] [Times: user=0.05 sys=0.00, real=0.01 secs] 
2014-07-08T22:35:27.598+0000: 808.407: [GC [PSYoungGen: 119770K->1384K(120064K)] 250255K->131941K(807040K), 0.0093730 secs] [Times: user=0.06 sys=0.00, real=0.01 secs] 
2014-07-08T22:35:28.615+0000: 809.424: [GC [PSYoungGen: 119592K->1344K(117760K)] 250149K->131981K(804736K), 0.0076240 secs] [Times: user=0.04 sys=0.00, real=0.01 secs] 
2014-07-08T22:35:29.854+0000: 810.663: [GC [PSYoungGen: 117696K->1398K(115968K)] 248333K->132139K(802944K), 0.0074050 secs] [Times: user=0.04 sys=0.00, real=0.01 secs] 
2014-07-08T22:35:30.719+0000: 811.528: [GC [PSYoungGen: 115958K->822K(113664K)] 246699K->131965K(800640K), 0.0087790 secs] [Times: user=0.05 sys=0.00, real=0.00 secs] 
2014-07-08T22:35:31.635+0000: 812.444: [GC [PSYoungGen: 113654K->1540K(112768K)] 244797K->132756K(799744K), 0.0030540 secs] [Times: user=0.01 sys=0.00, real=0.00 secs] 
2014-07-08T22:35:32.521+0000: 813.330: [GC [PSYoungGen: 112708K->1202K(110720K)] 243924K->132683K(797696K), 0.0068340 secs] [Times: user=0.04 sys=0.00, real=0.00 secs] 
2014-07-08T22:35:33.435+0000: 814.244: [GC [PSYoungGen: 110706K->1124K(109056K)] 242187K->132661K(796032K), 0.0075090 secs] [Times: user=0.05 sys=0.00, real=0.01 secs] 
2014-07-08T22:35:34.494+0000: 815.303: [GC [PSYoungGen: 109028K->1250K(107648K)] 240565K->132875K(794624K), 0.0032980 secs] [Times: user=0.01 sys=0.00, real=0.00 secs] 
2014-07-08T22:35:35.299+0000: 816.108: [GC [PSYoungGen: 107618K->1306K(106176K)] 239243K->132987K(793152K), 0.0067140 secs] [Times: user=0.04 sys=0.00, real=0.00 secs] 
2014-07-08T22:35:36.295+0000: 817.104: [GC [PSYoungGen: 106138K->1002K(104384K)] 237819K->133168K(791360K), 0.0037270 secs] [Times: user=0.01 sys=0.00, real=0.00 secs] 
2014-07-08T22:35:37.344+0000: 818.153: [GC [PSYoungGen: 104362K->1562K(103488K)] 236528K->133792K(790464K), 0.0063220 secs] [Times: user=0.04 sys=0.00, real=0.01 secs] 
2014-07-08T22:35:38.709+0000: 819.518: [GC [PSYoungGen: 103450K->872K(101376K)] 235680K->133580K(788352K), 0.0090170 secs] [Times: user=0.06 sys=0.00, real=0.01 secs] 
2014-07-08T22:35:40.016+0000: 820.825: [GC [PSYoungGen: 101352K->1448K(100544K)] 234060K->134236K(787520K), 0.0065640 secs] [Times: user=0.04 sys=0.00, real=0.01 secs] 
2014-07-08T22:35:40.708+0000: 821.517: [GC [PSYoungGen: 100520K->1262K(99008K)] 233308K->134324K(785984K), 0.0075020 secs] [Times: user=0.04 sys=0.00, real=0.01 secs] 
2014-07-08T22:35:41.659+0000: 822.468: [GC [PSYoungGen: 98990K->1238K(97728K)] 232052K->134356K(784704K), 0.0089620 secs] [Times: user=0.04 sys=0.00, real=0.01 secs] 
2014-07-08T22:35:42.913+0000: 823.722: [GC [PSYoungGen: 97686K->1064K(96256K)] 230804K->134620K(783232K), 0.0040440 secs] [Times: user=0.02 sys=0.00, real=0.00 secs] 
2014-07-08T22:35:44.099+0000: 824.908: [GC [PSYoungGen: 96209K->1476K(95424K)] 229765K->135120K(782400K), 0.0039760 secs] [Times: user=0.01 sys=0.00, real=0.01 secs] 
2014-07-08T22:35:45.031+0000: 825.839: [GC [PSYoungGen: 95364K->1006K(93696K)] 229008K->135138K(780672K), 0.0075920 secs] [Times: user=0.05 sys=0.00, real=0.01 secs] 
2014-07-08T22:35:45.705+0000: 826.514: [GC [PSYoungGen: 93593K->1704K(93184K)] 227726K->135932K(780160K), 0.0075240 secs] [Times: user=0.04 sys=0.00, real=0.01 secs] 
2014-07-08T22:35:46.982+0000: 827.790: [GC [PSYoungGen: 93160K->764K(91072K)] 227388K->135989K(778048K), 0.0033200 secs] [Times: user=0.02 sys=0.00, real=0.00 secs] 
2014-07-08T22:35:48.251+0000: 829.060: [GC [PSYoungGen: 91067K->1650K(90816K)] 226292K->136947K(777792K), 0.0066720 secs] [Times: user=0.03 sys=0.00, real=0.01 secs] 
2014-07-08T22:35:49.341+0000: 830.150: [GC [PSYoungGen: 90802K->1454K(89536K)] 226099K->137035K(776512K), 0.0044330 secs] [Times: user=0.01 sys=0.00, real=0.00 secs] 
2014-07-08T22:35:50.697+0000: 831.506: [GC [PSYoungGen: 89518K->1534K(88512K)] 225099K->137195K(775488K), 0.0042140 secs] [Times: user=0.02 sys=0.00, real=0.00 secs] 
2014-07-08T22:35:51.473+0000: 832.281: [GC [PSYoungGen: 88510K->1005K(86912K)] 224171K->137323K(773888K), 0.0080270 secs] [Times: user=0.04 sys=0.00, real=0.00 secs] 
2014-07-08T22:35:52.312+0000: 833.121: [GC [PSYoungGen: 86892K->1714K(86592K)] 223210K->138081K(773568K), 0.0083650 secs] [Times: user=0.03 sys=0.00, real=0.01 secs] 
2014-07-08T22:35:52.873+0000: 833.682: [GC [PSYoungGen: 86578K->1273K(85120K)] 222945K->138389K(772096K), 0.0055820 secs] [Times: user=0.03 sys=0.00, real=0.00 secs] 
2014-07-08T22:35:53.882+0000: 834.691: [GC [PSYoungGen: 85113K->2006K(84864K)] 222229K->139179K(771840K), 0.0084350 secs] [Times: user=0.05 sys=0.00, real=0.00 secs] 
2014-07-08T22:35:54.894+0000: 835.703: [GC [PSYoungGen: 84822K->950K(82816K)] 221995K->138538K(769792K), 0.0123470 secs] [Times: user=0.06 sys=0.00, real=0.01 secs] 
2014-07-08T22:35:55.576+0000: 836.385: [GC [PSYoungGen: 82806K->1518K(82432K)] 220394K->139171K(769408K), 0.0058580 secs] [Times: user=0.02 sys=0.00, real=0.01 secs] 
2014-07-08T22:35:56.030+0000: 836.839: [GC [PSYoungGen: 82366K->1742K(98880K)] 220018K->139549K(785856K), 0.0076730 secs] [Times: user=0.05 sys=0.00, real=0.01 secs] 
2014-07-08T22:35:56.990+0000: 837.798: [GC [PSYoungGen: 98830K->1646K(97472K)] 236637K->139517K(784448K), 0.0080070 secs] [Times: user=0.04 sys=0.00, real=0.01 secs] 
2014-07-08T22:35:58.138+0000: 838.947: [GC [PSYoungGen: 97454K->942K(95488K)] 235324K->139142K(782464K), 0.0053720 secs] [Times: user=0.03 sys=0.00, real=0.01 secs] 
2014-07-08T22:35:58.973+0000: 839.782: [GC [PSYoungGen: 95470K->1576K(94912K)] 233670K->139824K(781888K), 0.0121280 secs] [Times: user=0.08 sys=0.00, real=0.02 secs] 
2014-07-08T22:35:59.666+0000: 840.474: [GC [PSYoungGen: 94888K->1480K(93632K)] 233136K->139832K(780608K), 0.0070340 secs] [Times: user=0.04 sys=0.00, real=0.00 secs] 
2014-07-08T22:36:00.555+0000: 841.364: [GC [PSYoungGen: 93576K->1376K(92352K)] 231928K->139824K(779328K), 0.0072650 secs] [Times: user=0.04 sys=0.01, real=0.00 secs] 
2014-07-08T22:36:01.110+0000: 841.919: [GC [PSYoungGen: 92320K->1192K(91008K)] 230768K->139770K(777984K), 0.0053980 secs] [Times: user=0.02 sys=0.00, real=0.01 secs] 
2014-07-08T22:36:02.380+0000: 843.189: [GC [PSYoungGen: 90984K->1242K(89920K)] 229562K->139908K(776896K), 0.0131020 secs] [Times: user=0.08 sys=0.00, real=0.02 secs] 
2014-07-08T22:36:03.522+0000: 844.331: [GC [PSYoungGen: 89882K->1558K(107968K)] 228548K->140281K(794944K), 0.0135420 secs] [Times: user=0.09 sys=0.00, real=0.02 secs] 
2014-07-08T22:36:04.376+0000: 845.185: [GC [PSYoungGen: 107926K->1572K(106432K)] 246649K->140351K(793408K), 0.0040090 secs] [Times: user=0.02 sys=0.00, real=0.00 secs] 
2014-07-08T22:36:05.315+0000: 846.123: [GC [PSYoungGen: 106404K->804K(104192K)] 245183K->139912K(791168K), 0.0040310 secs] [Times: user=0.02 sys=0.00, real=0.00 secs] 
2014-07-08T22:36:06.378+0000: 847.187: [GC [PSYoungGen: 104164K->1334K(103232K)] 243272K->140522K(790208K), 0.0097530 secs] [Times: user=0.06 sys=0.00, real=0.01 secs] 
2014-07-08T22:36:07.216+0000: 848.025: [GC [PSYoungGen: 103222K->1234K(101760K)] 242410K->140584K(788736K), 0.0084800 secs] [Times: user=0.05 sys=0.01, real=0.01 secs] 
2014-07-08T22:36:08.195+0000: 849.004: [GC [PSYoungGen: 101714K->1502K(100608K)] 241064K->140916K(787584K), 0.0101750 secs] [Times: user=0.06 sys=0.00, real=0.01 secs] 
2014-07-08T22:36:09.210+0000: 850.019: [GC [PSYoungGen: 100574K->1184K(98944K)] 239988K->140798K(785920K), 0.0035210 secs] [Times: user=0.01 sys=0.00, real=0.00 secs] 
2014-07-08T22:36:09.927+0000: 850.736: [GC [PSYoungGen: 98912K->1568K(98048K)] 238526K->141246K(785024K), 0.0054970 secs] [Times: user=0.03 sys=0.00, real=0.00 secs] 
2014-07-08T22:36:11.229+0000: 852.038: [GC [PSYoungGen: 98016K->1060K(96256K)] 237694K->140834K(783232K), 0.0180940 secs] [Times: user=0.11 sys=0.00, real=0.02 secs] 
2014-07-08T22:36:11.685+0000: 852.494: [GC [PSYoungGen: 96228K->1269K(115520K)] 236002K->141100K(802496K), 0.0118910 secs] [Times: user=0.05 sys=0.00, real=0.02 secs] 
2014-07-08T22:36:13.294+0000: 854.103: [GC [PSYoungGen: 115509K->1514K(116480K)] 255340K->141401K(803456K), 0.0125790 secs] [Times: user=0.08 sys=0.00, real=0.02 secs] 
2014-07-08T22:36:14.647+0000: 855.456: [GC [PSYoungGen: 116458K->1502K(114752K)] 256345K->141476K(801728K), 0.0057950 secs] [Times: user=0.03 sys=0.01, real=0.00 secs] 
2014-07-08T22:36:15.900+0000: 856.709: [GC [PSYoungGen: 114685K->434K(112000K)] 254659K->141106K(798976K), 0.0030230 secs] [Times: user=0.02 sys=0.00, real=0.00 secs] 
2014-07-08T22:36:16.523+0000: 857.331: [GC [PSYoungGen: 111986K->1822K(111744K)] 252658K->142551K(798720K), 0.0031820 secs] [Times: user=0.02 sys=0.00, real=0.00 secs] 
2014-07-08T22:36:17.580+0000: 858.389: [GC [PSYoungGen: 111710K->1338K(109632K)] 252439K->142656K(796608K), 0.0150080 secs] [Times: user=0.10 sys=0.00, real=0.01 secs] 
2014-07-08T22:36:18.820+0000: 859.629: [GC [PSYoungGen: 109626K->1750K(108480K)] 250944K->143141K(795456K), 0.0135100 secs] [Times: user=0.08 sys=0.00, real=0.01 secs] 
2014-07-08T22:36:19.496+0000: 860.305: [GC [PSYoungGen: 108438K->868K(106048K)] 249829K->142654K(793024K), 0.0052090 secs] [Times: user=0.04 sys=0.01, real=0.00 secs] 
2014-07-08T22:36:20.549+0000: 861.357: [GC [PSYoungGen: 105987K->1698K(105408K)] 247774K->143549K(792384K), 0.0036980 secs] [Times: user=0.02 sys=0.00, real=0.00 secs] 
2014-07-08T22:36:21.785+0000: 862.593: [GC [PSYoungGen: 105354K->1406K(103616K)] 247205K->143424K(790592K), 0.0075930 secs] [Times: user=0.04 sys=0.00, real=0.01 secs] 
2014-07-08T22:36:23.579+0000: 864.388: [GC [PSYoungGen: 103608K->1636K(102464K)] 245627K->143735K(789440K), 0.0064960 secs] [Times: user=0.03 sys=0.00, real=0.00 secs] 
2014-07-08T22:36:24.439+0000: 865.248: [GC [PSYoungGen: 102408K->1082K(100480K)] 244507K->143579K(787456K), 0.0107860 secs] [Times: user=0.07 sys=0.00, real=0.01 secs] 
2014-07-08T22:36:25.932+0000: 866.741: [GC [PSYoungGen: 100474K->1448K(99520K)] 242971K->144001K(786496K), 0.0083980 secs] [Times: user=0.03 sys=0.01, real=0.01 secs] 
2014-07-08T22:36:27.878+0000: 868.687: [GC [PSYoungGen: 99496K->1448K(98176K)] 242049K->144347K(785152K), 0.0124540 secs] [Times: user=0.08 sys=0.00, real=0.01 secs] 
2014-07-08T22:36:29.526+0000: 870.335: [GC [PSYoungGen: 98152K->1174K(96640K)] 241051K->144129K(783616K), 0.0101700 secs] [Times: user=0.06 sys=0.00, real=0.01 secs] 
2014-07-08T22:36:30.308+0000: 871.117: [GC [PSYoungGen: 96590K->1388K(108416K)] 239545K->144439K(795392K), 0.0184610 secs] [Times: user=0.11 sys=0.00, real=0.01 secs] 
2014-07-08T22:36:31.313+0000: 872.122: [GC [PSYoungGen: 108290K->1587K(108928K)] 251341K->144694K(795904K), 0.0178110 secs] [Times: user=0.12 sys=0.00, real=0.02 secs] 
2014-07-08T22:36:32.097+0000: 872.906: [GC [PSYoungGen: 108486K->1916K(130240K)] 251593K->145111K(817216K), 0.0185230 secs] [Times: user=0.11 sys=0.00, real=0.02 secs] 
2014-07-08T22:36:34.056+0000: 874.865: [GC [PSYoungGen: 130141K->1302K(130368K)] 273336K->144553K(817344K), 0.0113590 secs] [Times: user=0.06 sys=0.00, real=0.01 secs] 
2014-07-08T22:36:36.313+0000: 877.122: [GC [PSYoungGen: 129558K->1138K(156032K)] 272809K->144405K(843008K), 0.0116610 secs] [Times: user=0.07 sys=0.00, real=0.01 secs] 
2014-07-08T22:36:38.981+0000: 879.790: [GC [PSYoungGen: 155058K->1234K(152384K)] 298325K->144501K(839360K), 0.0114080 secs] [Times: user=0.07 sys=0.00, real=0.01 secs] 
2014-07-08T22:36:42.145+0000: 882.954: [GC [PSYoungGen: 152338K->868K(149248K)] 295605K->144571K(836224K), 0.0092110 secs] [Times: user=0.06 sys=0.00, real=0.01 secs] 
2014-07-08T22:36:43.948+0000: 884.757: [GC [PSYoungGen: 149180K->1444K(147136K)] 292883K->145219K(834112K), 0.0105820 secs] [Times: user=0.08 sys=0.00, real=0.01 secs] 
2014-07-08T22:36:46.355+0000: 887.164: [GC [PSYoungGen: 147108K->1276K(144320K)] 290883K->145189K(831296K), 0.0097700 secs] [Times: user=0.06 sys=0.00, real=0.01 secs] 
2014-07-08T22:36:48.636+0000: 889.445: [GC [PSYoungGen: 144316K->1156K(141760K)] 288229K->145101K(828736K), 0.0136870 secs] [Times: user=0.08 sys=0.00, real=0.01 secs] 
2014-07-08T22:36:50.669+0000: 891.478: [GC [PSYoungGen: 141700K->1352K(139520K)] 285645K->145353K(826496K), 0.0074060 secs] [Times: user=0.04 sys=0.00, real=0.01 secs] 
2014-07-08T22:36:52.378+0000: 893.187: [GC [PSYoungGen: 139464K->1248K(137024K)] 283465K->145321K(824000K), 0.0064070 secs] [Times: user=0.03 sys=0.01, real=0.01 secs] 
2014-07-08T22:36:55.090+0000: 895.899: [GC [PSYoungGen: 136992K->1188K(134656K)] 281065K->145619K(821632K), 0.0128990 secs] [Times: user=0.07 sys=0.00, real=0.02 secs] 
2014-07-08T22:36:56.472+0000: 897.280: [GC [PSYoungGen: 134628K->1486K(132736K)] 279059K->146005K(819712K), 0.0058270 secs] [Times: user=0.03 sys=0.00, real=0.01 secs] 
2014-07-08T22:36:58.856+0000: 899.665: [GC [PSYoungGen: 132649K->1148K(130176K)] 277168K->145819K(817152K), 0.0064760 secs] [Times: user=0.03 sys=0.01, real=0.01 secs] 
2014-07-08T22:37:00.752+0000: 901.561: [GC [PSYoungGen: 130172K->1316K(128256K)] 274843K->146059K(815232K), 0.0062370 secs] [Times: user=0.03 sys=0.00, real=0.00 secs] 
2014-07-08T22:37:03.144+0000: 903.953: [GC [PSYoungGen: 128128K->1255K(126144K)] 272872K->146487K(813120K), 0.0102440 secs] [Times: user=0.07 sys=0.00, real=0.01 secs] 
2014-07-08T22:37:04.468+0000: 905.277: [GC [PSYoungGen: 126119K->1856K(124800K)] 271351K->147160K(811776K), 0.0112250 secs] [Times: user=0.03 sys=0.00, real=0.01 secs] 
2014-07-08T22:37:06.324+0000: 907.133: [GC [PSYoungGen: 124728K->700K(121664K)] 270032K->146845K(808640K), 0.0127900 secs] [Times: user=0.08 sys=0.00, real=0.01 secs] 
2014-07-08T22:37:08.626+0000: 909.435: [GC [PSYoungGen: 121660K->1831K(120896K)] 267805K->148016K(807872K), 0.0099400 secs] [Times: user=0.06 sys=0.00, real=0.01 secs] 
2014-07-08T22:37:10.111+0000: 910.920: [GC [PSYoungGen: 120871K->1452K(118656K)] 267056K->148090K(805632K), 0.0151870 secs] [Times: user=0.09 sys=0.00, real=0.02 secs] 
2014-07-08T22:37:12.052+0000: 912.861: [GC [PSYoungGen: 118636K->1712K(117120K)] 265274K->148430K(804096K), 0.0111190 secs] [Times: user=0.07 sys=0.00, real=0.01 secs] 
2014-07-08T22:37:13.806+0000: 914.615: [GC [PSYoungGen: 117104K->950K(114624K)] 263822K->147950K(801600K), 0.0114100 secs] [Times: user=0.08 sys=0.00, real=0.01 secs] 
2014-07-08T22:37:14.851+0000: 915.660: [GC [PSYoungGen: 114586K->1238K(113216K)] 261587K->148318K(800192K), 0.0123860 secs] [Times: user=0.08 sys=0.00, real=0.01 secs] 
2014-07-08T22:37:15.967+0000: 916.775: [GC [PSYoungGen: 113174K->1188K(111488K)] 260254K->148324K(798464K), 0.0117470 secs] [Times: user=0.08 sys=0.01, real=0.01 secs] 
2014-07-08T22:37:16.673+0000: 917.482: [GC [PSYoungGen: 111460K->1472K(133888K)] 258596K->148664K(820864K), 0.0170440 secs] [Times: user=0.10 sys=0.00, real=0.02 secs] 
2014-07-08T22:37:18.053+0000: 918.861: [GC [PSYoungGen: 133809K->1220K(131392K)] 281001K->148476K(818368K), 0.0040750 secs] [Times: user=0.02 sys=0.00, real=0.01 secs] 
2014-07-08T22:37:19.284+0000: 920.092: [GC [PSYoungGen: 131332K->1106K(129088K)] 278588K->148434K(816064K), 0.0113500 secs] [Times: user=0.07 sys=0.00, real=0.02 secs] 
2014-07-08T22:37:21.070+0000: 921.878: [GC [PSYoungGen: 129008K->1544K(127424K)] 276336K->148936K(814400K), 0.0127280 secs] [Times: user=0.08 sys=0.00, real=0.01 secs] 
2014-07-08T22:37:23.812+0000: 924.621: [GC [PSYoungGen: 127367K->1276K(125056K)] 274759K->148708K(812032K), 0.0146160 secs] [Times: user=0.09 sys=0.00, real=0.02 secs] 
2014-07-08T22:37:25.136+0000: 925.944: [GC [PSYoungGen: 125052K->1134K(122944K)] 272484K->148662K(809920K), 0.0111690 secs] [Times: user=0.07 sys=0.00, real=0.02 secs] 
2014-07-08T22:37:27.155+0000: 927.964: [GC [PSYoungGen: 122907K->1658K(121536K)] 270435K->149259K(808512K), 0.0088770 secs] [Times: user=0.06 sys=0.00, real=0.01 secs] 
2014-07-08T22:37:28.311+0000: 929.119: [GC [PSYoungGen: 121502K->1060K(119104K)] 269102K->149000K(806080K), 0.0151390 secs] [Times: user=0.08 sys=0.00, real=0.01 secs] 
2014-07-08T22:37:30.405+0000: 931.213: [GC [PSYoungGen: 119076K->1544K(117824K)] 267016K->149548K(804800K), 0.0082910 secs] [Times: user=0.05 sys=0.00, real=0.01 secs] 
2014-07-08T22:37:31.474+0000: 932.283: [GC [PSYoungGen: 117768K->1202K(115648K)] 265772K->149598K(802624K), 0.0067050 secs] [Times: user=0.04 sys=0.00, real=0.01 secs] 
2014-07-08T22:37:33.394+0000: 934.203: [GC [PSYoungGen: 115634K->1586K(114304K)] 264030K->150031K(801280K), 0.0101100 secs] [Times: user=0.04 sys=0.00, real=0.01 secs] 
2014-07-08T22:37:34.685+0000: 935.494: [GC [PSYoungGen: 114290K->1060K(112128K)] 262735K->149640K(799104K), 0.0117190 secs] [Times: user=0.06 sys=0.00, real=0.02 secs] 
2014-07-08T22:37:35.762+0000: 936.571: [GC [PSYoungGen: 112076K->1416K(110848K)] 260657K->150076K(797824K), 0.0061770 secs] [Times: user=0.03 sys=0.00, real=0.01 secs] 
2014-07-08T22:37:36.599+0000: 937.408: [GC [PSYoungGen: 110770K->1444K(109248K)] 259431K->150543K(796224K), 0.0157350 secs] [Times: user=0.10 sys=0.01, real=0.01 secs] 
2014-07-08T22:37:37.470+0000: 938.279: [GC [PSYoungGen: 109219K->1736K(108032K)] 258318K->150923K(795008K), 0.0076840 secs] [Times: user=0.05 sys=0.00, real=0.01 secs] 
2014-07-08T22:37:38.746+0000: 939.554: [GC [PSYoungGen: 107976K->882K(105600K)] 257163K->150269K(792576K), 0.0037040 secs] [Times: user=0.02 sys=0.00, real=0.01 secs] 
2014-07-08T22:37:40.716+0000: 941.525: [GC [PSYoungGen: 105586K->1792K(105088K)] 254973K->151251K(792064K), 0.0062180 secs] [Times: user=0.03 sys=0.00, real=0.01 secs] 
2014-07-08T22:37:42.338+0000: 943.147: [GC [PSYoungGen: 105024K->1505K(103296K)] 254483K->151102K(790272K), 0.0046610 secs] [Times: user=0.01 sys=0.00, real=0.01 secs] 
2014-07-08T22:37:43.854+0000: 944.663: [GC [PSYoungGen: 103265K->1582K(101952K)] 252862K->151267K(788928K), 0.0095030 secs] [Times: user=0.06 sys=0.00, real=0.01 secs] 
2014-07-08T22:37:45.709+0000: 946.518: [GC [PSYoungGen: 101934K->1256K(100288K)] 251619K->151085K(787264K), 0.0111920 secs] [Times: user=0.07 sys=0.00, real=0.01 secs] 
2014-07-08T22:37:46.674+0000: 947.483: [GC [PSYoungGen: 100264K->1458K(99136K)] 250093K->151383K(786112K), 0.0087530 secs] [Times: user=0.06 sys=0.00, real=0.01 secs] 
2014-07-08T22:37:47.337+0000: 948.146: [GC [PSYoungGen: 99122K->1384K(118656K)] 249047K->151527K(805632K), 0.0185670 secs] [Times: user=0.12 sys=0.00, real=0.02 secs] 
2014-07-08T22:37:48.866+0000: 949.675: [GC [PSYoungGen: 118590K->1508K(116992K)] 268734K->151763K(803968K), 0.0068860 secs] [Times: user=0.03 sys=0.00, real=0.01 secs] 
2014-07-08T22:37:50.906+0000: 951.715: [GC [PSYoungGen: 116963K->1195K(114944K)] 267218K->151668K(801920K), 0.0059350 secs] [Times: user=0.03 sys=0.00, real=0.01 secs] 
2014-07-08T22:37:52.751+0000: 953.560: [GC [PSYoungGen: 114923K->1316K(113344K)] 265396K->151885K(800320K), 0.0081970 secs] [Times: user=0.05 sys=0.00, real=0.00 secs] 
2014-07-08T22:37:53.634+0000: 954.443: [GC [PSYoungGen: 113316K->1320K(111680K)] 263885K->152069K(798656K), 0.0091210 secs] [Times: user=0.06 sys=0.01, real=0.01 secs] 
2014-07-08T22:37:54.849+0000: 955.658: [GC [PSYoungGen: 111656K->1584K(110336K)] 262405K->152437K(797312K), 0.0087290 secs] [Times: user=0.05 sys=0.01, real=0.01 secs] 
2014-07-08T22:37:56.408+0000: 957.217: [GC [PSYoungGen: 110320K->956K(108096K)] 261173K->152115K(795072K), 0.0063500 secs] [Times: user=0.04 sys=0.00, real=0.01 secs] 
2014-07-08T22:37:58.283+0000: 959.091: [GC [PSYoungGen: 108045K->1486K(107136K)] 259204K->152693K(794112K), 0.0122130 secs] [Times: user=0.08 sys=0.00, real=0.01 secs] 
2014-07-08T22:37:59.518+0000: 960.327: [GC [PSYoungGen: 107086K->1376K(105536K)] 258293K->152849K(792512K), 0.0063430 secs] [Times: user=0.03 sys=0.00, real=0.01 secs] 
2014-07-08T22:38:01.114+0000: 961.923: [GC [PSYoungGen: 105469K->1458K(104128K)] 256942K->153011K(791104K), 0.0065220 secs] [Times: user=0.03 sys=0.00, real=0.00 secs] 
2014-07-08T22:38:02.709+0000: 963.518: [GC [PSYoungGen: 104114K->1014K(102272K)] 255667K->152843K(789248K), 0.0073410 secs] [Times: user=0.05 sys=0.00, real=0.01 secs] 
2014-07-08T22:38:03.743+0000: 964.552: [GC [PSYoungGen: 102262K->1616K(101504K)] 254091K->153517K(788480K), 0.0120140 secs] [Times: user=0.08 sys=0.00, real=0.01 secs] 
2014-07-08T22:38:04.633+0000: 965.442: [GC [PSYoungGen: 101456K->1074K(99584K)] 253357K->153169K(786560K), 0.0096250 secs] [Times: user=0.06 sys=0.00, real=0.01 secs] 
2014-07-08T22:38:05.589+0000: 966.398: [GC [PSYoungGen: 99570K->1202K(98368K)] 251665K->153393K(785344K), 0.0092820 secs] [Times: user=0.06 sys=0.00, real=0.01 secs] 
2014-07-08T22:38:06.515+0000: 967.324: [GC [PSYoungGen: 98354K->1452K(97344K)] 250545K->153731K(784320K), 0.0128760 secs] [Times: user=0.08 sys=0.00, real=0.01 secs] 
2014-07-08T22:38:07.685+0000: 968.494: [GC [PSYoungGen: 97324K->1504K(96128K)] 249603K->153879K(783104K), 0.0064610 secs] [Times: user=0.04 sys=0.00, real=0.00 secs] 
2014-07-08T22:38:09.487+0000: 970.295: [GC [PSYoungGen: 96083K->758K(94144K)] 248459K->153667K(781120K), 0.0088890 secs] [Times: user=0.06 sys=0.00, real=0.01 secs] 
2014-07-08T22:38:11.183+0000: 971.992: [GC [PSYoungGen: 94134K->1490K(93696K)] 247043K->154463K(780672K), 0.0059340 secs] [Times: user=0.03 sys=0.01, real=0.00 secs] 
2014-07-08T22:38:12.806+0000: 973.615: [GC [PSYoungGen: 93650K->1416K(92480K)] 246623K->154615K(779456K), 0.0076050 secs] [Times: user=0.04 sys=0.00, real=0.01 secs] 
2014-07-08T22:38:14.037+0000: 974.846: [GC [PSYoungGen: 92424K->1450K(91328K)] 245623K->154722K(778304K), 0.0061200 secs] [Times: user=0.03 sys=0.00, real=0.01 secs] 
2014-07-08T22:38:14.541+0000: 975.350: [GC [PSYoungGen: 91306K->690K(89408K)] 244578K->154297K(776384K), 0.0097980 secs] [Times: user=0.06 sys=0.00, real=0.01 secs] 
2014-07-08T22:38:15.991+0000: 976.800: [GC [PSYoungGen: 89394K->1778K(89408K)] 243001K->155497K(776384K), 0.0132330 secs] [Times: user=0.08 sys=0.00, real=0.02 secs] 
2014-07-08T22:38:17.455+0000: 978.264: [GC [PSYoungGen: 89394K->1146K(87680K)] 243113K->155239K(774656K), 0.0089730 secs] [Times: user=0.04 sys=0.01, real=0.01 secs] 
2014-07-08T22:38:18.297+0000: 979.106: [GC [PSYoungGen: 87674K->1694K(105600K)] 241767K->155851K(792576K), 0.0172540 secs] [Times: user=0.11 sys=0.00, real=0.02 secs] 
2014-07-08T22:38:20.406+0000: 981.215: [GC [PSYoungGen: 105566K->1002K(116416K)] 259723K->155859K(803392K), 0.0164070 secs] [Times: user=0.08 sys=0.00, real=0.01 secs] 
2014-07-08T22:38:21.574+0000: 982.383: [GC [PSYoungGen: 116394K->1630K(115328K)] 271251K->156575K(802304K), 0.0074910 secs] [Times: user=0.04 sys=0.00, real=0.01 secs] 
2014-07-08T22:38:23.442+0000: 984.251: [GC [PSYoungGen: 115294K->554K(112512K)] 270239K->156439K(799488K), 0.0096680 secs] [Times: user=0.06 sys=0.00, real=0.01 secs] 
2014-07-08T22:38:25.482+0000: 986.291: [GC [PSYoungGen: 112490K->1906K(112192K)] 268375K->157848K(799168K), 0.0079480 secs] [Times: user=0.05 sys=0.00, real=0.01 secs] 
2014-07-08T22:38:27.352+0000: 988.161: [GC [PSYoungGen: 112136K->1518K(110208K)] 268078K->157840K(797184K), 0.0100070 secs] [Times: user=0.07 sys=0.00, real=0.01 secs] 
2014-07-08T22:38:28.560+0000: 989.368: [GC [PSYoungGen: 110190K->1650K(108736K)] 266512K->158060K(795712K), 0.0117520 secs] [Times: user=0.08 sys=0.00, real=0.01 secs] 
2014-07-08T22:38:29.528+0000: 990.337: [GC [PSYoungGen: 108685K->1188K(106752K)] 265095K->157832K(793728K), 0.0115540 secs] [Times: user=0.08 sys=0.00, real=0.01 secs] 
2014-07-08T22:38:30.632+0000: 991.441: [GC [PSYoungGen: 106724K->1785K(105856K)] 263368K->158500K(792832K), 0.0058860 secs] [Times: user=0.03 sys=0.00, real=0.01 secs] 
2014-07-08T22:38:31.657+0000: 992.466: [GC [PSYoungGen: 105849K->1160K(103808K)] 262564K->157939K(790784K), 0.0039420 secs] [Times: user=0.02 sys=0.00, real=0.00 secs] 
2014-07-08T22:38:32.523+0000: 993.332: [GC [PSYoungGen: 103752K->1504K(102720K)] 260531K->158372K(789696K), 0.0072440 secs] [Times: user=0.04 sys=0.00, real=0.01 secs] 
2014-07-08T22:38:33.437+0000: 994.246: [GC [PSYoungGen: 102687K->1320K(101120K)] 259554K->158251K(788096K), 0.0102710 secs] [Times: user=0.07 sys=0.00, real=0.01 secs] 
2014-07-08T22:38:34.832+0000: 995.641: [GC [PSYoungGen: 101096K->1530K(99968K)] 258027K->158542K(786944K), 0.0102410 secs] [Times: user=0.07 sys=0.00, real=0.01 secs] 
2014-07-08T22:38:36.273+0000: 997.082: [GC [PSYoungGen: 99962K->1316K(98432K)] 256974K->158441K(785408K), 0.0122920 secs] [Times: user=0.09 sys=0.01, real=0.01 secs] 
2014-07-08T22:38:37.138+0000: 997.947: [GC [PSYoungGen: 98387K->1604K(97472K)] 255513K->158802K(784448K), 0.0090990 secs] [Times: user=0.05 sys=0.00, real=0.01 secs] 
2014-07-08T22:38:38.781+0000: 999.590: [GC [PSYoungGen: 97412K->1146K(95680K)] 254610K->158551K(782656K), 0.0071280 secs] [Times: user=0.04 sys=0.01, real=0.01 secs] 
2014-07-08T22:38:40.422+0000: 1001.231: [GC [PSYoungGen: 95674K->1686K(95040K)] 253079K->159180K(782016K), 0.0115960 secs] [Times: user=0.07 sys=0.00, real=0.01 secs] 
2014-07-08T22:38:41.167+0000: 1001.976: [GC [PSYoungGen: 94977K->1128K(93248K)] 252471K->158805K(780224K), 0.0051690 secs] [Times: user=0.03 sys=0.00, real=0.00 secs] 
2014-07-08T22:38:42.066+0000: 1002.875: [GC [PSYoungGen: 93224K->1294K(92288K)] 250901K->159084K(779264K), 0.0112460 secs] [Times: user=0.06 sys=0.00, real=0.01 secs] 
2014-07-08T22:38:43.185+0000: 1003.994: [GC [PSYoungGen: 92238K->1380K(91200K)] 250028K->159233K(778176K), 0.0069430 secs] [Times: user=0.04 sys=0.00, real=0.01 secs] 
2014-07-08T22:38:44.506+0000: 1005.314: [GC [PSYoungGen: 91172K->1522K(90176K)] 249025K->159440K(777152K), 0.0113310 secs] [Times: user=0.06 sys=0.00, real=0.01 secs] 
2014-07-08T22:38:46.169+0000: 1006.978: [GC [PSYoungGen: 90142K->1082K(88640K)] 248059K->159404K(775616K), 0.0120290 secs] [Times: user=0.08 sys=0.00, real=0.01 secs] 
2014-07-08T22:38:47.760+0000: 1008.569: [GC [PSYoungGen: 88586K->1558K(88064K)] 246908K->159952K(775040K), 0.0048760 secs] [Times: user=0.03 sys=0.00, real=0.00 secs] 
2014-07-08T22:38:48.478+0000: 1009.287: [GC [PSYoungGen: 87983K->1198K(86656K)] 246377K->159874K(773632K), 0.0081140 secs] [Times: user=0.06 sys=0.00, real=0.01 secs] 
2014-07-08T22:38:50.117+0000: 1010.926: [GC [PSYoungGen: 86586K->1743K(86208K)] 245262K->160507K(773184K), 0.0100660 secs] [Times: user=0.06 sys=0.00, real=0.01 secs] 
2014-07-08T22:38:51.462+0000: 1012.271: [GC [PSYoungGen: 86159K->754K(84160K)] 244923K->159848K(771136K), 0.0156160 secs] [Times: user=0.10 sys=0.00, real=0.01 secs] 
2014-07-08T22:38:52.156+0000: 1012.965: [GC [PSYoungGen: 84146K->1896K(102016K)] 243240K->161071K(788992K), 0.0142140 secs] [Times: user=0.10 sys=0.00, real=0.02 secs] 
2014-07-08T22:38:53.677+0000: 1014.486: [GC [PSYoungGen: 101992K->1238K(100032K)] 261167K->160648K(787008K), 0.0037850 secs] [Times: user=0.02 sys=0.00, real=0.01 secs] 
2014-07-08T22:38:55.399+0000: 1016.207: [GC [PSYoungGen: 99969K->1778K(99200K)] 259380K->161277K(786176K), 0.0074950 secs] [Times: user=0.05 sys=0.00, real=0.01 secs] 
2014-07-08T22:38:56.920+0000: 1017.729: [GC [PSYoungGen: 99186K->1064K(97216K)] 258685K->160802K(784192K), 0.0109050 secs] [Times: user=0.07 sys=0.00, real=0.01 secs] 
2014-07-08T22:38:57.640+0000: 1018.449: [GC [PSYoungGen: 97192K->1230K(100544K)] 256930K->161098K(787520K), 0.0136760 secs] [Times: user=0.08 sys=0.00, real=0.02 secs] 
2014-07-08T22:38:59.273+0000: 1020.082: [GC [PSYoungGen: 99662K->1522K(98624K)] 259530K->161462K(785600K), 0.0064780 secs] [Times: user=0.03 sys=0.01, real=0.00 secs] 
2014-07-08T22:39:00.948+0000: 1021.757: [GC [PSYoungGen: 98610K->1496K(97344K)] 258550K->161524K(784320K), 0.0145810 secs] [Times: user=0.09 sys=0.00, real=0.02 secs] 
2014-07-08T22:39:02.139+0000: 1022.948: [GC [PSYoungGen: 97304K->1078K(95616K)] 257332K->161314K(782592K), 0.0089670 secs] [Times: user=0.05 sys=0.01, real=0.01 secs] 
2014-07-08T22:39:03.649+0000: 1024.457: [GC [PSYoungGen: 95583K->1698K(95040K)] 255819K->162014K(782016K), 0.0069820 secs] [Times: user=0.05 sys=0.00, real=0.01 secs] 
2014-07-08T22:39:04.244+0000: 1025.052: [GC [PSYoungGen: 95010K->1192K(93312K)] 255326K->161710K(780288K), 0.0069620 secs] [Times: user=0.05 sys=0.00, real=0.00 secs] 
2014-07-08T22:39:05.380+0000: 1026.189: [GC [PSYoungGen: 93288K->1534K(92480K)] 253806K->162124K(779456K), 0.0046220 secs] [Times: user=0.02 sys=0.00, real=0.01 secs] 
2014-07-08T22:39:06.429+0000: 1027.237: [GC [PSYoungGen: 92478K->1248K(91072K)] 253068K->162022K(778048K), 0.0062760 secs] [Times: user=0.02 sys=0.00, real=0.01 secs] 
2014-07-08T22:39:07.640+0000: 1028.449: [GC [PSYoungGen: 91040K->1468K(90112K)] 251814K->162299K(777088K), 0.0067620 secs] [Times: user=0.04 sys=0.01, real=0.01 secs] 
2014-07-08T22:39:08.805+0000: 1029.614: [GC [PSYoungGen: 90108K->1130K(88704K)] 250939K->162341K(775680K), 0.0065190 secs] [Times: user=0.04 sys=0.00, real=0.01 secs] 
2014-07-08T22:39:09.685+0000: 1030.494: [GC [PSYoungGen: 88682K->1598K(88064K)] 249893K->162880K(775040K), 0.0067650 secs] [Times: user=0.04 sys=0.00, real=0.00 secs] 
2014-07-08T22:39:10.490+0000: 1031.299: [GC [PSYoungGen: 88062K->996K(86464K)] 249344K->162642K(773440K), 0.0147220 secs] [Times: user=0.07 sys=0.00, real=0.02 secs] 
2014-07-08T22:39:11.059+0000: 1031.868: [GC [PSYoungGen: 86436K->1657K(86080K)] 248082K->163376K(773056K), 0.0058240 secs] [Times: user=0.03 sys=0.01, real=0.01 secs] 
2014-07-08T22:39:12.224+0000: 1033.033: [GC [PSYoungGen: 86073K->1078K(84480K)] 247792K->162996K(771456K), 0.0066270 secs] [Times: user=0.04 sys=0.00, real=0.00 secs] 
2014-07-08T22:39:13.152+0000: 1033.961: [GC [PSYoungGen: 84470K->1586K(84032K)] 246388K->163560K(771008K), 0.0080440 secs] [Times: user=0.03 sys=0.00, real=0.00 secs] 
2014-07-08T22:39:13.907+0000: 1034.716: [GC [PSYoungGen: 84018K->1202K(82688K)] 245992K->163282K(769664K), 0.0067710 secs] [Times: user=0.04 sys=0.00, real=0.01 secs] 
2014-07-08T22:39:14.887+0000: 1035.696: [GC [PSYoungGen: 82674K->1764K(82304K)] 244754K->163901K(769280K), 0.0079160 secs] [Times: user=0.03 sys=0.00, real=0.01 secs] 
2014-07-08T22:39:15.533+0000: 1036.342: [GC [PSYoungGen: 82276K->872K(97536K)] 244413K->163362K(784512K), 0.0101660 secs] [Times: user=0.06 sys=0.00, real=0.01 secs] 
2014-07-08T22:39:16.644+0000: 1037.453: [GC [PSYoungGen: 97512K->1786K(97152K)] 260002K->164348K(784128K), 0.0106040 secs] [Times: user=0.06 sys=0.00, real=0.01 secs] 
2014-07-08T22:39:17.855+0000: 1038.664: [GC [PSYoungGen: 97136K->1327K(95424K)] 259699K->164101K(782400K), 0.0092060 secs] [Times: user=0.05 sys=0.00, real=0.01 secs] 
2014-07-08T22:39:18.675+0000: 1039.484: [GC [PSYoungGen: 95407K->1326K(94208K)] 258181K->164172K(781184K), 0.0077050 secs] [Times: user=0.05 sys=0.00, real=0.00 secs] 
2014-07-08T22:39:19.616+0000: 1040.425: [GC [PSYoungGen: 94190K->1010K(92672K)] 257036K->163912K(779648K), 0.0035050 secs] [Times: user=0.02 sys=0.00, real=0.00 secs] 
2014-07-08T22:39:21.059+0000: 1041.868: [GC [PSYoungGen: 92658K->1548K(92096K)] 255560K->164538K(779072K), 0.0068230 secs] [Times: user=0.03 sys=0.00, real=0.01 secs] 
2014-07-08T22:39:22.357+0000: 1043.166: [GC [PSYoungGen: 92044K->1416K(90816K)] 255034K->164494K(777792K), 0.0032380 secs] [Times: user=0.02 sys=0.00, real=0.00 secs] 
2014-07-08T22:39:23.058+0000: 1043.867: [GC [PSYoungGen: 90757K->1512K(89792K)] 253835K->164654K(776768K), 0.0100220 secs] [Times: user=0.05 sys=0.00, real=0.01 secs] 
2014-07-08T22:39:23.686+0000: 1044.495: [GC [PSYoungGen: 89768K->1010K(88192K)] 252910K->164338K(775168K), 0.0075670 secs] [Times: user=0.02 sys=0.00, real=0.00 secs] 
2014-07-08T22:39:24.737+0000: 1045.546: [GC [PSYoungGen: 88178K->1604K(87744K)] 251506K->165028K(774720K), 0.0067050 secs] [Times: user=0.03 sys=0.00, real=0.00 secs] 
2014-07-08T22:39:25.584+0000: 1046.393: [GC [PSYoungGen: 87647K->1210K(86272K)] 251072K->164740K(773248K), 0.0101650 secs] [Times: user=0.06 sys=0.01, real=0.01 secs] 
2014-07-08T22:39:26.186+0000: 1046.994: [GC [PSYoungGen: 86266K->1714K(102144K)] 249796K->165341K(789120K), 0.0082140 secs] [Times: user=0.05 sys=0.00, real=0.00 secs] 
2014-07-08T22:39:27.309+0000: 1048.118: [GC [PSYoungGen: 101938K->1512K(104064K)] 265565K->165195K(791040K), 0.0164460 secs] [Times: user=0.10 sys=0.00, real=0.02 secs] 
2014-07-08T22:39:28.680+0000: 1049.489: [GC [PSYoungGen: 103592K->1544K(104064K)] 267274K->165282K(791040K), 0.0088140 secs] [Times: user=0.04 sys=0.00, real=0.01 secs] 
2014-07-08T22:39:29.601+0000: 1050.410: [GC [PSYoungGen: 103594K->1238K(124416K)] 267333K->165032K(811392K), 0.0118070 secs] [Times: user=0.08 sys=0.00, real=0.01 secs] 
2014-07-08T22:39:30.358+0000: 1051.167: [GC [PSYoungGen: 123734K->1660K(124416K)] 287528K->165535K(811392K), 0.0155950 secs] [Times: user=0.10 sys=0.01, real=0.01 secs] 
2014-07-08T22:39:31.676+0000: 1052.485: [GC [PSYoungGen: 124156K->1608K(148992K)] 288031K->165578K(835968K), 0.0095790 secs] [Times: user=0.06 sys=0.00, real=0.01 secs] 
2014-07-08T22:39:33.563+0000: 1054.372: [GC [PSYoungGen: 148615K->1320K(145728K)] 312586K->165338K(832704K), 0.0081990 secs] [Times: user=0.05 sys=0.00, real=0.01 secs] 
2014-07-08T22:39:35.004+0000: 1055.812: [GC [PSYoungGen: 145704K->686K(142528K)] 309722K->165507K(829504K), 0.0070140 secs] [Times: user=0.04 sys=0.00, real=0.01 secs] 
2014-07-08T22:39:36.654+0000: 1057.463: [GC [PSYoungGen: 142509K->1470K(140800K)] 307330K->166347K(827776K), 0.0040570 secs] [Times: user=0.02 sys=0.00, real=0.01 secs] 
2014-07-08T22:39:37.875+0000: 1058.684: [GC [PSYoungGen: 140798K->1576K(138496K)] 305675K->166911K(825472K), 0.0063190 secs] [Times: user=0.03 sys=0.00, real=0.01 secs] 
2014-07-08T22:39:39.093+0000: 1059.901: [GC [PSYoungGen: 138471K->1380K(135936K)] 303806K->166795K(822912K), 0.0056190 secs] [Times: user=0.03 sys=0.00, real=0.01 secs] 
2014-07-08T22:39:40.156+0000: 1060.965: [GC [PSYoungGen: 135908K->758K(132992K)] 301323K->166715K(819968K), 0.0129980 secs] [Times: user=0.10 sys=0.00, real=0.01 secs] 
2014-07-08T22:39:41.468+0000: 1062.277: [GC [PSYoungGen: 132982K->1594K(131584K)] 298939K->167592K(818560K), 0.0066930 secs] [Times: user=0.04 sys=0.00, real=0.00 secs] 
2014-07-08T22:39:42.799+0000: 1063.608: [GC [PSYoungGen: 131577K->1394K(129216K)] 297574K->168030K(816192K), 0.0062840 secs] [Times: user=0.04 sys=0.00, real=0.00 secs] 
2014-07-08T22:39:44.379+0000: 1065.188: [GC [PSYoungGen: 129164K->1586K(127296K)] 295799K->168278K(814272K), 0.0063750 secs] [Times: user=0.04 sys=0.00, real=0.00 secs] 
2014-07-08T22:39:45.327+0000: 1066.136: [GC [PSYoungGen: 127225K->1121K(124800K)] 293917K->168169K(811776K), 0.0043130 secs] [Times: user=0.03 sys=0.00, real=0.01 secs] 
2014-07-08T22:39:46.466+0000: 1067.275: [GC [PSYoungGen: 124727K->1942K(123648K)] 291775K->169078K(810624K), 0.0048910 secs] [Times: user=0.03 sys=0.00, real=0.01 secs] 
2014-07-08T22:39:48.013+0000: 1068.822: [GC [PSYoungGen: 123606K->893K(120640K)] 290742K->168768K(807616K), 0.0054800 secs] [Times: user=0.03 sys=0.00, real=0.01 secs] 
2014-07-08T22:39:49.276+0000: 1070.085: [GC [PSYoungGen: 120636K->1598K(119488K)] 288512K->169593K(806464K), 0.0081470 secs] [Times: user=0.05 sys=0.00, real=0.01 secs] 
2014-07-08T22:39:50.683+0000: 1071.492: [GC [PSYoungGen: 119446K->1380K(117504K)] 287442K->169463K(804480K), 0.0070520 secs] [Times: user=0.02 sys=0.00, real=0.01 secs] 
2014-07-08T22:39:52.073+0000: 1072.882: [GC [PSYoungGen: 117476K->1242K(115584K)] 285559K->169381K(802560K), 0.0040210 secs] [Times: user=0.01 sys=0.01, real=0.00 secs] 
2014-07-08T22:39:53.220+0000: 1074.029: [GC [PSYoungGen: 115546K->1468K(114048K)] 283685K->169873K(801024K), 0.0040690 secs] [Times: user=0.01 sys=0.01, real=0.00 secs] 
2014-07-08T22:39:54.572+0000: 1075.381: [GC [PSYoungGen: 114044K->1120K(112064K)] 282449K->169597K(799040K), 0.0054760 secs] [Times: user=0.03 sys=0.00, real=0.00 secs] 
2014-07-08T22:39:55.440+0000: 1076.249: [GC [PSYoungGen: 111983K->1523K(110784K)] 280461K->170072K(797760K), 0.0048270 secs] [Times: user=0.02 sys=0.00, real=0.00 secs] 
2014-07-08T22:39:56.730+0000: 1077.539: [GC [PSYoungGen: 110771K->1394K(109056K)] 279320K->169999K(796032K), 0.0060660 secs] [Times: user=0.03 sys=0.00, real=0.00 secs] 
2014-07-08T22:39:58.082+0000: 1078.891: [GC [PSYoungGen: 109041K->1195K(107328K)] 277647K->169941K(794304K), 0.0032950 secs] [Times: user=0.01 sys=0.00, real=0.00 secs] 
2014-07-08T22:39:59.664+0000: 1080.473: [GC [PSYoungGen: 107307K->1518K(106112K)] 276053K->170313K(793088K), 0.0117680 secs] [Times: user=0.06 sys=0.00, real=0.01 secs] 
2014-07-08T22:40:01.177+0000: 1081.985: [GC [PSYoungGen: 106094K->1256K(104384K)] 274889K->170348K(791360K), 0.0151000 secs] [Times: user=0.09 sys=0.00, real=0.02 secs] 
2014-07-08T22:40:02.537+0000: 1083.345: [GC [PSYoungGen: 104360K->1380K(103040K)] 273452K->170528K(790016K), 0.0128640 secs] [Times: user=0.09 sys=0.01, real=0.01 secs] 
2014-07-08T22:40:03.439+0000: 1084.248: [GC [PSYoungGen: 103012K->1330K(101568K)] 272160K->170647K(788544K), 0.0171540 secs] [Times: user=0.12 sys=0.00, real=0.02 secs] 
2014-07-08T22:40:04.290+0000: 1085.098: [GC [PSYoungGen: 101554K->1654K(121984K)] 270871K->171058K(808960K), 0.0209300 secs] [Times: user=0.15 sys=0.00, real=0.03 secs] 
2014-07-08T22:40:05.307+0000: 1086.116: [GC [PSYoungGen: 121974K->885K(132736K)] 291378K->170716K(819712K), 0.0229460 secs] [Times: user=0.16 sys=0.00, real=0.03 secs] 
2014-07-08T22:40:06.587+0000: 1087.396: [GC [PSYoungGen: 132725K->1586K(133760K)] 302556K->171490K(820736K), 0.0113980 secs] [Times: user=0.07 sys=0.00, real=0.01 secs] 
2014-07-08T22:40:08.272+0000: 1089.080: [GC [PSYoungGen: 133426K->1294K(160128K)] 303330K->171318K(847104K), 0.0094800 secs] [Times: user=0.07 sys=0.00, real=0.01 secs] 
2014-07-08T22:40:09.800+0000: 1090.609: [GC [PSYoungGen: 159502K->1394K(160128K)] 329526K->171482K(847104K), 0.0108680 secs] [Times: user=0.07 sys=0.00, real=0.02 secs] 
2014-07-08T22:40:11.872+0000: 1092.681: [GC [PSYoungGen: 159583K->1680K(156928K)] 329670K->171823K(843904K), 0.0095420 secs] [Times: user=0.06 sys=0.00, real=0.01 secs] 
2014-07-08T22:40:13.440+0000: 1094.249: [GC [PSYoungGen: 156880K->1544K(153920K)] 327023K->171768K(840896K), 0.0090660 secs] [Times: user=0.06 sys=0.00, real=0.01 secs] 
2014-07-08T22:40:14.914+0000: 1095.723: [GC [PSYoungGen: 153864K->565K(150080K)] 324088K->171416K(837056K), 0.0101000 secs] [Times: user=0.06 sys=0.00, real=0.01 secs] 
2014-07-08T22:40:17.194+0000: 1098.003: [GC [PSYoungGen: 150067K->1892K(148736K)] 320918K->172791K(835712K), 0.0073060 secs] [Times: user=0.04 sys=0.00, real=0.00 secs] 
2014-07-08T22:40:18.651+0000: 1099.460: [GC [PSYoungGen: 148708K->1362K(145600K)] 319607K->172719K(832576K), 0.0065670 secs] [Times: user=0.03 sys=0.00, real=0.01 secs] 
2014-07-08T22:40:19.604+0000: 1100.413: [GC [PSYoungGen: 145554K->1720K(143360K)] 316911K->173173K(830336K), 0.0064400 secs] [Times: user=0.03 sys=0.00, real=0.00 secs] 
2014-07-08T22:40:21.560+0000: 1102.369: [GC [PSYoungGen: 143352K->882K(140032K)] 314805K->172959K(827008K), 0.0061000 secs] [Times: user=0.03 sys=0.00, real=0.01 secs] 
2014-07-08T22:40:22.948+0000: 1103.757: [GC [PSYoungGen: 140018K->1408K(138176K)] 312095K->173541K(825152K), 0.0088480 secs] [Times: user=0.05 sys=0.00, real=0.01 secs] 
2014-07-08T22:40:24.316+0000: 1105.125: [GC [PSYoungGen: 138112K->1390K(135744K)] 310245K->173675K(822720K), 0.0078940 secs] [Times: user=0.04 sys=0.00, real=0.01 secs] 
2014-07-08T22:40:25.560+0000: 1106.369: [GC [PSYoungGen: 135667K->1270K(133376K)] 307953K->173643K(820352K), 0.0154570 secs] [Times: user=0.09 sys=0.00, real=0.02 secs] 
2014-07-08T22:40:26.329+0000: 1107.138: [GC [PSYoungGen: 133366K->1206K(131136K)] 305739K->173951K(818112K), 0.0053110 secs] [Times: user=0.03 sys=0.00, real=0.01 secs] 
2014-07-08T22:40:28.086+0000: 1108.895: [GC [PSYoungGen: 131126K->1284K(129088K)] 303871K->174069K(816064K), 0.0114860 secs] [Times: user=0.07 sys=0.00, real=0.01 secs] 
2014-07-08T22:40:29.384+0000: 1110.193: [GC [PSYoungGen: 129028K->1316K(126976K)] 301813K->174384K(813952K), 0.0036850 secs] [Times: user=0.02 sys=0.00, real=0.01 secs] 
2014-07-08T22:40:31.024+0000: 1111.833: [GC [PSYoungGen: 126948K->1160K(124800K)] 300016K->174283K(811776K), 0.0064040 secs] [Times: user=0.04 sys=0.00, real=0.00 secs] 
2014-07-08T22:40:32.622+0000: 1113.431: [GC [PSYoungGen: 124744K->1330K(122944K)] 297867K->174525K(809920K), 0.0070730 secs] [Times: user=0.03 sys=0.00, real=0.01 secs] 
2014-07-08T22:40:34.558+0000: 1115.367: [GC [PSYoungGen: 122930K->1430K(121152K)] 296125K->174673K(808128K), 0.0035770 secs] [Times: user=0.02 sys=0.00, real=0.00 secs] 
2014-07-08T22:40:35.651+0000: 1116.460: [GC [PSYoungGen: 121054K->1064K(118912K)] 294297K->174671K(805888K), 0.0059690 secs] [Times: user=0.03 sys=0.00, real=0.01 secs] 
2014-07-08T22:40:36.797+0000: 1117.605: [GC [PSYoungGen: 118876K->1406K(117440K)] 292484K->175061K(804416K), 0.0064630 secs] [Times: user=0.04 sys=0.00, real=0.00 secs] 
2014-07-08T22:40:38.510+0000: 1119.319: [GC [PSYoungGen: 117438K->1188K(115456K)] 291093K->175089K(802432K), 0.0116820 secs] [Times: user=0.06 sys=0.00, real=0.01 secs] 
2014-07-08T22:40:39.549+0000: 1120.358: [GC [PSYoungGen: 115428K->1356K(113920K)] 289329K->175337K(800896K), 0.0138320 secs] [Times: user=0.09 sys=0.00, real=0.01 secs] 
2014-07-08T22:40:40.705+0000: 1121.514: [GC [PSYoungGen: 113868K->996K(111872K)] 287849K->175073K(798848K), 0.0175050 secs] [Times: user=0.14 sys=0.00, real=0.02 secs] 
2014-07-08T22:40:42.586+0000: 1123.395: [GC [PSYoungGen: 111814K->1484K(110720K)] 285891K->175649K(797696K), 0.0227120 secs] [Times: user=0.17 sys=0.01, real=0.02 secs] 
2014-07-08T22:40:44.663+0000: 1125.472: [GC [PSYoungGen: 110668K->1074K(108672K)] 284833K->175922K(795648K), 0.0048600 secs] [Times: user=0.04 sys=0.00, real=0.01 secs] 
2014-07-08T22:40:46.353+0000: 1127.162: [GC [PSYoungGen: 108658K->1452K(107520K)] 283506K->176356K(794496K), 0.0152340 secs] [Times: user=0.10 sys=0.00, real=0.02 secs] 
2014-07-08T22:40:47.446+0000: 1128.255: [GC [PSYoungGen: 107500K->1312K(105856K)] 282404K->176344K(792832K), 0.0103880 secs] [Times: user=0.08 sys=0.00, real=0.01 secs] 
2014-07-08T22:40:48.942+0000: 1129.751: [GC [PSYoungGen: 105821K->1366K(104448K)] 280853K->176478K(791424K), 0.0088010 secs] [Times: user=0.05 sys=0.00, real=0.01 secs] 
2014-07-08T22:40:50.856+0000: 1131.664: [GC [PSYoungGen: 104406K->996K(102656K)] 279518K->176276K(789632K), 0.0144650 secs] [Times: user=0.06 sys=0.00, real=0.02 secs] 
2014-07-08T22:40:51.866+0000: 1132.675: [GC [PSYoungGen: 102628K->1452K(101696K)] 277908K->176804K(788672K), 0.0089000 secs] [Times: user=0.04 sys=0.00, real=0.01 secs] 
2014-07-08T22:40:53.645+0000: 1134.454: [GC [PSYoungGen: 101676K->1152K(100032K)] 277028K->176592K(787008K), 0.0065240 secs] [Times: user=0.04 sys=0.00, real=0.01 secs] 
2014-07-08T22:40:54.790+0000: 1135.599: [GC [PSYoungGen: 100032K->1380K(98944K)] 275472K->176916K(785920K), 0.0068220 secs] [Times: user=0.03 sys=0.01, real=0.00 secs] 
2014-07-08T22:40:56.501+0000: 1137.310: [GC [PSYoungGen: 98916K->1064K(97344K)] 274452K->176868K(784320K), 0.0120960 secs] [Times: user=0.07 sys=0.00, real=0.01 secs] 
2014-07-08T22:40:58.046+0000: 1138.854: [GC [PSYoungGen: 97320K->1430K(96448K)] 273124K->177298K(783424K), 0.0125850 secs] [Times: user=0.05 sys=0.00, real=0.02 secs] 
2014-07-08T22:40:59.031+0000: 1139.840: [GC [PSYoungGen: 96394K->939K(94720K)] 272262K->177369K(781696K), 0.0096610 secs] [Times: user=0.07 sys=0.00, real=0.01 secs] 
2014-07-08T22:40:59.791+0000: 1140.600: [GC [PSYoungGen: 94699K->1598K(94144K)] 271129K->178076K(781120K), 0.0062500 secs] [Times: user=0.03 sys=0.00, real=0.00 secs] 
2014-07-08T22:41:01.105+0000: 1141.914: [GC [PSYoungGen: 94142K->932K(92288K)] 270620K->177702K(779264K), 0.0117550 secs] [Times: user=0.08 sys=0.00, real=0.01 secs] 
2014-07-08T22:41:01.970+0000: 1142.779: [GC [PSYoungGen: 92260K->1498K(91712K)] 269030K->178340K(778688K), 0.0075140 secs] [Times: user=0.04 sys=0.00, real=0.00 secs] 
2014-07-08T22:41:02.729+0000: 1143.538: [GC [PSYoungGen: 91674K->1127K(90176K)] 268516K->178398K(777152K), 0.0061640 secs] [Times: user=0.04 sys=0.01, real=0.01 secs] 
2014-07-08T22:41:03.377+0000: 1144.186: [GC [PSYoungGen: 90151K->1704K(108608K)] 267422K->179063K(795584K), 0.0161530 secs] [Times: user=0.10 sys=0.01, real=0.02 secs] 
2014-07-08T22:41:04.724+0000: 1145.533: [GC [PSYoungGen: 108584K->747K(129024K)] 285943K->178833K(816000K), 0.0089560 secs] [Times: user=0.06 sys=0.00, real=0.01 secs] 
2014-07-08T22:41:06.440+0000: 1147.249: [GC [PSYoungGen: 129001K->1494K(155456K)] 307086K->179620K(842432K), 0.0160110 secs] [Times: user=0.10 sys=0.00, real=0.02 secs] 
2014-07-08T22:41:08.349+0000: 1149.158: [GC [PSYoungGen: 155407K->1451K(152576K)] 333533K->180179K(839552K), 0.0066130 secs] [Times: user=0.04 sys=0.00, real=0.01 secs] 
2014-07-08T22:41:09.952+0000: 1150.760: [GC [PSYoungGen: 152555K->1572K(149952K)] 331283K->180372K(836928K), 0.0087350 secs] [Times: user=0.03 sys=0.00, real=0.01 secs] 
2014-07-08T22:41:11.634+0000: 1152.443: [GC [PSYoungGen: 149924K->960K(146624K)] 328724K->180142K(833600K), 0.0081260 secs] [Times: user=0.06 sys=0.00, real=0.01 secs] 
2014-07-08T22:41:14.078+0000: 1154.886: [GC [PSYoungGen: 146624K->1518K(144576K)] 325806K->180740K(831552K), 0.0163730 secs] [Times: user=0.10 sys=0.00, real=0.02 secs] 
2014-07-08T22:41:15.461+0000: 1156.269: [GC [PSYoungGen: 144557K->1518K(142080K)] 323779K->180828K(829056K), 0.0086010 secs] [Times: user=0.05 sys=0.00, real=0.01 secs] 
2014-07-08T22:41:17.549+0000: 1158.358: [GC [PSYoungGen: 142036K->1252K(139392K)] 321346K->180610K(826368K), 0.0037680 secs] [Times: user=0.02 sys=0.00, real=0.01 secs] 
2014-07-08T22:41:19.127+0000: 1159.936: [GC [PSYoungGen: 139364K->1064K(136832K)] 318722K->180812K(823808K), 0.0105170 secs] [Times: user=0.07 sys=0.00, real=0.01 secs] 
2014-07-08T22:41:21.066+0000: 1161.875: [GC [PSYoungGen: 136777K->1643K(135104K)] 316526K->181471K(822080K), 0.0069630 secs] [Times: user=0.03 sys=0.00, real=0.01 secs] 
2014-07-08T22:41:22.824+0000: 1163.633: [GC [PSYoungGen: 135083K->1014K(132224K)] 314911K->181068K(819200K), 0.0080060 secs] [Times: user=0.03 sys=0.00, real=0.01 secs] 
2014-07-08T22:41:25.098+0000: 1165.907: [GC [PSYoungGen: 132214K->1416K(130496K)] 312268K->181534K(817472K), 0.0101590 secs] [Times: user=0.07 sys=0.00, real=0.01 secs] 
2014-07-08T22:41:27.826+0000: 1168.634: [GC [PSYoungGen: 130439K->1376K(128320K)] 310558K->181609K(815296K), 0.0115050 secs] [Times: user=0.08 sys=0.00, real=0.01 secs] 
2014-07-08T22:41:29.251+0000: 1170.060: [GC [PSYoungGen: 128288K->1476K(126400K)] 308521K->181813K(813376K), 0.0093180 secs] [Times: user=0.06 sys=0.00, real=0.01 secs] 
2014-07-08T22:41:30.506+0000: 1171.315: [GC [PSYoungGen: 126340K->822K(123712K)] 306677K->181847K(810688K), 0.0064820 secs] [Times: user=0.03 sys=0.00, real=0.00 secs] 
2014-07-08T22:41:31.646+0000: 1172.455: [GC [PSYoungGen: 123701K->1402K(122368K)] 304726K->182483K(809344K), 0.0111470 secs] [Times: user=0.07 sys=0.00, real=0.01 secs] 
2014-07-08T22:41:32.918+0000: 1173.727: [GC [PSYoungGen: 122362K->1380K(120448K)] 303443K->182789K(807424K), 0.0124060 secs] [Times: user=0.08 sys=0.00, real=0.01 secs] 
2014-07-08T22:41:34.041+0000: 1174.850: [GC [PSYoungGen: 120420K->1330K(118528K)] 301829K->182811K(805504K), 0.0041490 secs] [Times: user=0.02 sys=0.00, real=0.01 secs] 
2014-07-08T22:41:34.905+0000: 1175.714: [GC [PSYoungGen: 118514K->886K(116288K)] 299995K->182715K(803264K), 0.0122910 secs] [Times: user=0.07 sys=0.00, real=0.01 secs] 
2014-07-08T22:41:36.283+0000: 1177.092: [GC [PSYoungGen: 116278K->1398K(115072K)] 298107K->183275K(802048K), 0.0124520 secs] [Times: user=0.07 sys=0.00, real=0.02 secs] 
2014-07-08T22:41:37.313+0000: 1178.122: [GC [PSYoungGen: 115062K->1316K(113280K)] 296939K->183321K(800256K), 0.0062550 secs] [Times: user=0.04 sys=0.00, real=0.01 secs] 
2014-07-08T22:41:38.450+0000: 1179.259: [GC [PSYoungGen: 113252K->1486K(111808K)] 295257K->183564K(798784K), 0.0067220 secs] [Times: user=0.03 sys=0.00, real=0.01 secs] 
2014-07-08T22:41:39.582+0000: 1180.391: [GC [PSYoungGen: 111758K->622K(109312K)] 293836K->183450K(796288K), 0.0087210 secs] [Times: user=0.06 sys=0.00, real=0.01 secs] 
2014-07-08T22:41:40.770+0000: 1181.579: [GC [PSYoungGen: 109294K->1714K(108800K)] 292122K->184678K(795776K), 0.0128470 secs] [Times: user=0.08 sys=0.00, real=0.01 secs] 
2014-07-08T22:41:42.502+0000: 1183.311: [GC [PSYoungGen: 108786K->1134K(106688K)] 291750K->184588K(793664K), 0.0058250 secs] [Times: user=0.03 sys=0.01, real=0.01 secs] 
2014-07-08T22:41:43.453+0000: 1184.262: [GC [PSYoungGen: 106670K->1854K(105920K)] 290124K->185396K(792896K), 0.0066260 secs] [Times: user=0.03 sys=0.00, real=0.01 secs] 
2014-07-08T22:41:45.348+0000: 1186.157: [GC [PSYoungGen: 105918K->740K(103360K)] 289460K->184774K(790336K), 0.0083060 secs] [Times: user=0.05 sys=0.00, real=0.01 secs] 
2014-07-08T22:41:46.724+0000: 1187.533: [GC [PSYoungGen: 103332K->1270K(102464K)] 287366K->185360K(789440K), 0.0038290 secs] [Times: user=0.02 sys=0.00, real=0.01 secs] 
2014-07-08T22:41:48.390+0000: 1189.199: [GC [PSYoungGen: 102454K->1454K(101248K)] 286544K->185772K(788224K), 0.0067300 secs] [Times: user=0.03 sys=0.00, real=0.01 secs] 
2014-07-08T22:41:50.205+0000: 1191.014: [GC [PSYoungGen: 101219K->1484K(99968K)] 285537K->185890K(786944K), 0.0080110 secs] [Times: user=0.03 sys=0.01, real=0.01 secs] 
2014-07-08T22:41:52.290+0000: 1193.099: [GC [PSYoungGen: 99916K->886K(97984K)] 284322K->185712K(784960K), 0.0142300 secs] [Times: user=0.09 sys=0.00, real=0.01 secs] 
2014-07-08T22:41:53.274+0000: 1194.083: [GC [PSYoungGen: 97974K->1472K(97344K)] 282800K->186378K(784320K), 0.0047670 secs] [Times: user=0.02 sys=0.01, real=0.01 secs] 
2014-07-08T22:41:54.267+0000: 1195.076: [GC [PSYoungGen: 97280K->1312K(95872K)] 282186K->186731K(782848K), 0.0045800 secs] [Times: user=0.03 sys=0.00, real=0.00 secs] 
2014-07-08T22:41:55.104+0000: 1195.913: [GC [PSYoungGen: 95840K->1612K(94976K)] 281259K->187110K(781952K), 0.0062300 secs] [Times: user=0.04 sys=0.00, real=0.01 secs] 
2014-07-08T22:41:56.867+0000: 1197.676: [GC [PSYoungGen: 94924K->872K(92992K)] 280422K->186848K(779968K), 0.0155480 secs] [Times: user=0.08 sys=0.01, real=0.02 secs] 
2014-07-08T22:41:58.544+0000: 1199.353: [GC [PSYoungGen: 92968K->1560K(92544K)] 278944K->187617K(779520K), 0.0103340 secs] [Times: user=0.07 sys=0.00, real=0.01 secs] 
2014-07-08T22:42:00.221+0000: 1201.030: [GC [PSYoungGen: 92504K->1376K(91200K)] 278560K->187795K(778176K), 0.0131200 secs] [Times: user=0.08 sys=0.00, real=0.01 secs] 
2014-07-08T22:42:01.929+0000: 1202.738: [GC [PSYoungGen: 91120K->1640K(90304K)] 277538K->188189K(777280K), 0.0069760 secs] [Times: user=0.04 sys=0.01, real=0.00 secs] 
2014-07-08T22:42:02.909+0000: 1203.718: [GC [PSYoungGen: 90280K->950K(88512K)] 276829K->187868K(775488K), 0.0109960 secs] [Times: user=0.07 sys=0.00, real=0.01 secs] 
2014-07-08T22:42:04.427+0000: 1205.236: [GC [PSYoungGen: 88502K->1696K(88192K)] 275420K->188679K(775168K), 0.0049160 secs] [Times: user=0.03 sys=0.00, real=0.01 secs] 
2014-07-08T22:42:06.088+0000: 1206.897: [GC [PSYoungGen: 88160K->1284K(86784K)] 275143K->188428K(773760K), 0.0070790 secs] [Times: user=0.04 sys=0.00, real=0.01 secs] 
2014-07-08T22:42:06.834+0000: 1207.643: [GC [PSYoungGen: 86724K->1206K(85632K)] 273868K->188422K(772608K), 0.0076770 secs] [Times: user=0.04 sys=0.00, real=0.01 secs] 
2014-07-08T22:42:08.376+0000: 1209.185: [GC [PSYoungGen: 85622K->1444K(84864K)] 272838K->188765K(771840K), 0.0103170 secs] [Times: user=0.07 sys=0.00, real=0.02 secs] 
2014-07-08T22:42:09.794+0000: 1210.603: [GC [PSYoungGen: 84817K->1166K(83648K)] 272138K->188542K(770624K), 0.0159920 secs] [Times: user=0.10 sys=0.00, real=0.02 secs] 
2014-07-08T22:42:10.441+0000: 1211.250: [GC [PSYoungGen: 83598K->1326K(100288K)] 270974K->189017K(787264K), 0.0135700 secs] [Times: user=0.10 sys=0.00, real=0.01 secs] 
2014-07-08T22:42:11.376+0000: 1212.184: [GC [PSYoungGen: 100270K->1448K(120256K)] 287961K->189202K(807232K), 0.0086730 secs] [Times: user=0.04 sys=0.01, real=0.01 secs] 
2014-07-08T22:42:12.977+0000: 1213.786: [GC [PSYoungGen: 120189K->1195K(118144K)] 307944K->189321K(805120K), 0.0096520 secs] [Times: user=0.07 sys=0.01, real=0.01 secs] 
2014-07-08T22:42:15.231+0000: 1216.040: [GC [PSYoungGen: 118123K->1562K(116736K)] 306249K->189802K(803712K), 0.0087540 secs] [Times: user=0.05 sys=0.00, real=0.01 secs] 
2014-07-08T22:42:16.612+0000: 1217.420: [GC [PSYoungGen: 116698K->1078K(114496K)] 304938K->189716K(801472K), 0.0133480 secs] [Times: user=0.08 sys=0.00, real=0.01 secs] 
2014-07-08T22:42:17.548+0000: 1218.357: [GC [PSYoungGen: 114486K->1394K(113088K)] 303124K->190129K(800064K), 0.0106030 secs] [Times: user=0.07 sys=0.00, real=0.01 secs] 
2014-07-08T22:42:19.521+0000: 1220.330: [GC [PSYoungGen: 113074K->1398K(111424K)] 301809K->190196K(798400K), 0.0075980 secs] [Times: user=0.04 sys=0.00, real=0.00 secs] 
2014-07-08T22:42:21.276+0000: 1222.085: [GC [PSYoungGen: 111414K->1416K(109888K)] 300212K->190254K(796864K), 0.0136890 secs] [Times: user=0.08 sys=0.00, real=0.01 secs] 
2014-07-08T22:42:23.155+0000: 1223.964: [GC [PSYoungGen: 109832K->896K(107712K)] 298670K->190048K(794688K), 0.0081730 secs] [Times: user=0.05 sys=0.00, real=0.01 secs] 
2014-07-08T22:42:24.904+0000: 1225.713: [GC [PSYoungGen: 107712K->1506K(106816K)] 296864K->190715K(793792K), 0.0124120 secs] [Times: user=0.07 sys=0.00, real=0.01 secs] 
2014-07-08T22:42:25.805+0000: 1226.613: [GC [PSYoungGen: 106786K->1316K(105152K)] 295995K->190962K(792128K), 0.0084250 secs] [Times: user=0.05 sys=0.00, real=0.01 secs] 
2014-07-08T22:42:27.218+0000: 1228.027: [GC [PSYoungGen: 105106K->1601K(104000K)] 294752K->191327K(790976K), 0.0107910 secs] [Times: user=0.06 sys=0.00, real=0.01 secs] 
2014-07-08T22:42:29.394+0000: 1230.203: [GC [PSYoungGen: 103932K->886K(101824K)] 293658K->191318K(788800K), 0.0103640 secs] [Times: user=0.08 sys=0.00, real=0.01 secs] 
2014-07-08T22:42:30.423+0000: 1231.231: [GC [PSYoungGen: 101814K->1810K(101376K)] 292246K->192338K(788352K), 0.0063200 secs] [Times: user=0.04 sys=0.00, real=0.00 secs] 
2014-07-08T22:42:32.163+0000: 1232.972: [GC [PSYoungGen: 101330K->1138K(99328K)] 291858K->192006K(786304K), 0.0116810 secs] [Times: user=0.07 sys=0.00, real=0.01 secs] 
2014-07-08T22:42:33.790+0000: 1234.599: [GC [PSYoungGen: 99314K->1452K(98304K)] 290182K->192384K(785280K), 0.0085150 secs] [Times: user=0.04 sys=0.00, real=0.01 secs] 
2014-07-08T22:42:34.637+0000: 1235.446: [GC [PSYoungGen: 98284K->1252K(96832K)] 289216K->192442K(783808K), 0.0079050 secs] [Times: user=0.05 sys=0.00, real=0.01 secs] 
2014-07-08T22:42:35.531+0000: 1236.340: [GC [PSYoungGen: 96804K->1426K(95744K)] 287994K->192696K(782720K), 0.0072160 secs] [Times: user=0.05 sys=0.00, real=0.01 secs] 
2014-07-08T22:42:37.106+0000: 1237.915: [GC [PSYoungGen: 95676K->1010K(94080K)] 286946K->192732K(781056K), 0.0088110 secs] [Times: user=0.06 sys=0.00, real=0.01 secs] 
2014-07-08T22:42:38.689+0000: 1239.498: [GC [PSYoungGen: 94066K->1618K(93504K)] 285788K->193404K(780480K), 0.0099510 secs] [Times: user=0.06 sys=0.00, real=0.01 secs] 
2014-07-08T22:42:40.080+0000: 1240.889: [GC [PSYoungGen: 93458K->1060K(91776K)] 285244K->193144K(778752K), 0.0107300 secs] [Times: user=0.07 sys=0.00, real=0.01 secs] 
2014-07-08T22:42:41.747+0000: 1242.556: [GC [PSYoungGen: 91748K->1618K(91200K)] 283832K->193774K(778176K), 0.0117320 secs] [Times: user=0.06 sys=0.00, real=0.01 secs] 
2014-07-08T22:42:42.422+0000: 1243.231: [GC [PSYoungGen: 91154K->1016K(89408K)] 283310K->193622K(776384K), 0.0066380 secs] [Times: user=0.04 sys=0.00, real=0.01 secs] 
2014-07-08T22:42:44.051+0000: 1244.860: [GC [PSYoungGen: 89400K->1512K(88832K)] 282006K->194206K(775808K), 0.0116490 secs] [Times: user=0.07 sys=0.01, real=0.01 secs] 
2014-07-08T22:42:45.510+0000: 1246.319: [GC [PSYoungGen: 88808K->1216K(87424K)] 281502K->194144K(774400K), 0.0120410 secs] [Times: user=0.07 sys=0.00, real=0.01 secs] 
2014-07-08T22:42:46.394+0000: 1247.203: [GC [PSYoungGen: 87420K->1508K(86720K)] 280348K->194540K(773696K), 0.0114880 secs] [Times: user=0.06 sys=0.00, real=0.02 secs] 
2014-07-08T22:42:47.305+0000: 1248.113: [GC [PSYoungGen: 86692K->890K(85056K)] 279724K->194204K(772032K), 0.0097090 secs] [Times: user=0.06 sys=0.00, real=0.01 secs] 
2014-07-08T22:42:48.444+0000: 1249.253: [GC [PSYoungGen: 85050K->1466K(84608K)] 278364K->194876K(771584K), 0.0064380 secs] [Times: user=0.03 sys=0.00, real=0.01 secs] 
2014-07-08T22:42:50.014+0000: 1250.823: [GC [PSYoungGen: 84602K->1256K(83456K)] 278012K->194842K(770432K), 0.0137630 secs] [Times: user=0.09 sys=0.00, real=0.02 secs] 
2014-07-08T22:42:51.407+0000: 1252.216: [GC [PSYoungGen: 83432K->1430K(82688K)] 277018K->195120K(769664K), 0.0131940 secs] [Times: user=0.09 sys=0.00, real=0.01 secs] 
2014-07-08T22:42:52.043+0000: 1252.852: [GC [PSYoungGen: 82646K->744K(98240K)] 276336K->195080K(785216K), 0.0111610 secs] [Times: user=0.07 sys=0.00, real=0.01 secs] 
2014-07-08T22:42:52.747+0000: 1253.556: [GC [PSYoungGen: 98216K->1696K(118720K)] 292552K->196177K(805696K), 0.0101340 secs] [Times: user=0.07 sys=0.00, real=0.01 secs] 
2014-07-08T22:42:53.950+0000: 1254.759: [GC [PSYoungGen: 118640K->1010K(116224K)] 313121K->196136K(803200K), 0.0065120 secs] [Times: user=0.03 sys=0.00, real=0.01 secs] 
2014-07-08T22:42:55.532+0000: 1256.341: [GC [PSYoungGen: 116210K->1775K(115264K)] 311336K->196958K(802240K), 0.0075360 secs] [Times: user=0.04 sys=0.00, real=0.01 secs] 
2014-07-08T22:42:57.658+0000: 1258.467: [GC [PSYoungGen: 115247K->946K(112704K)] 310430K->196498K(799680K), 0.0082070 secs] [Times: user=0.05 sys=0.00, real=0.01 secs] 
2014-07-08T22:42:58.929+0000: 1259.738: [GC [PSYoungGen: 112690K->1618K(111744K)] 308242K->197250K(798720K), 0.0144420 secs] [Times: user=0.10 sys=0.00, real=0.01 secs] 
2014-07-08T22:43:01.007+0000: 1261.816: [GC [PSYoungGen: 111698K->1276K(109760K)] 307330K->197249K(796736K), 0.0078960 secs] [Times: user=0.04 sys=0.00, real=0.01 secs] 
2014-07-08T22:43:02.761+0000: 1263.570: [GC [PSYoungGen: 109756K->1440K(108352K)] 305729K->197469K(795328K), 0.0056870 secs] [Times: user=0.03 sys=0.00, real=0.00 secs] 
2014-07-08T22:43:04.589+0000: 1265.398: [GC [PSYoungGen: 108320K->1138K(106496K)] 304349K->197513K(793472K), 0.0068150 secs] [Times: user=0.03 sys=0.00, real=0.00 secs] 
2014-07-08T22:43:06.347+0000: 1267.156: [GC [PSYoungGen: 106482K->1302K(105216K)] 302857K->197740K(792192K), 0.0101990 secs] [Times: user=0.07 sys=0.00, real=0.01 secs] 
2014-07-08T22:43:07.339+0000: 1268.148: [GC [PSYoungGen: 105174K->1088K(103488K)] 301612K->197622K(790464K), 0.0067830 secs] [Times: user=0.04 sys=0.00, real=0.00 secs] 
2014-07-08T22:43:08.318+0000: 1269.127: [GC [PSYoungGen: 103488K->1206K(102208K)] 300022K->197812K(789184K), 0.0091740 secs] [Times: user=0.05 sys=0.00, real=0.01 secs] 
2014-07-08T22:43:09.542+0000: 1270.351: [GC [PSYoungGen: 102198K->1572K(101184K)] 298804K->198341K(788160K), 0.0116280 secs] [Times: user=0.09 sys=0.00, real=0.01 secs] 
2014-07-08T22:43:11.370+0000: 1272.179: [GC [PSYoungGen: 101154K->1352K(99648K)] 297923K->198224K(786624K), 0.0122210 secs] [Times: user=0.08 sys=0.00, real=0.01 secs] 
2014-07-08T22:43:12.297+0000: 1273.105: [GC [PSYoungGen: 99569K->1010K(97920K)] 296442K->198255K(784896K), 0.0063220 secs] [Times: user=0.04 sys=0.00, real=0.01 secs] 
2014-07-08T22:43:14.093+0000: 1274.902: [GC [PSYoungGen: 97906K->1798K(97472K)] 295151K->199157K(784448K), 0.0074840 secs] [Times: user=0.05 sys=0.00, real=0.01 secs] 
2014-07-08T22:43:15.721+0000: 1276.530: [GC [PSYoungGen: 97414K->1006K(95360K)] 294773K->198835K(782336K), 0.0209330 secs] [Times: user=0.13 sys=0.00, real=0.02 secs] 
2014-07-08T22:43:16.712+0000: 1277.521: [GC [PSYoungGen: 95342K->1604K(94784K)] 293171K->199545K(781760K), 0.0128220 secs] [Times: user=0.09 sys=0.00, real=0.01 secs] 
2014-07-08T22:43:17.664+0000: 1278.473: [GC [PSYoungGen: 94724K->1312K(93248K)] 292665K->199457K(780224K), 0.0113270 secs] [Times: user=0.05 sys=0.00, real=0.01 secs] 
2014-07-08T22:43:18.465+0000: 1279.274: [GC [PSYoungGen: 93216K->1340K(111680K)] 291361K->199605K(798656K), 0.0150470 secs] [Times: user=0.08 sys=0.00, real=0.02 secs] 
2014-07-08T22:43:19.516+0000: 1280.324: [GC [PSYoungGen: 111676K->1188K(119232K)] 309941K->199685K(806208K), 0.0115660 secs] [Times: user=0.08 sys=0.00, real=0.01 secs] 
2014-07-08T22:43:20.609+0000: 1281.417: [GC [PSYoungGen: 119204K->1780K(119936K)] 317701K->200333K(806912K), 0.0145320 secs] [Times: user=0.09 sys=0.00, real=0.02 secs] 
2014-07-08T22:43:21.587+0000: 1282.396: [GC [PSYoungGen: 119796K->1440K(143488K)] 318349K->200065K(830464K), 0.0090390 secs] [Times: user=0.05 sys=0.00, real=0.01 secs] 
2014-07-08T22:43:23.162+0000: 1283.970: [GC [PSYoungGen: 143072K->1348K(143552K)] 341697K->200044K(830528K), 0.0120810 secs] [Times: user=0.07 sys=0.00, real=0.01 secs] 
2014-07-08T22:43:25.263+0000: 1286.072: [GC [PSYoungGen: 142974K->1348K(140544K)] 341671K->200092K(827520K), 0.0105240 secs] [Times: user=0.07 sys=0.00, real=0.01 secs] 
2014-07-08T22:43:27.170+0000: 1287.979: [GC [PSYoungGen: 140484K->1288K(138048K)] 339228K->200104K(825024K), 0.0165790 secs] [Times: user=0.13 sys=0.00, real=0.02 secs] 
2014-07-08T22:43:29.453+0000: 1290.262: [GC [PSYoungGen: 137992K->1124K(135488K)] 336808K->199996K(822464K), 0.0063720 secs] [Times: user=0.03 sys=0.00, real=0.00 secs] 
2014-07-08T22:43:30.969+0000: 1291.778: [GC [PSYoungGen: 135460K->1570K(133696K)] 334332K->200547K(820672K), 0.0115640 secs] [Times: user=0.07 sys=0.00, real=0.01 secs] 
2014-07-08T22:43:32.659+0000: 1293.468: [GC [PSYoungGen: 133666K->1010K(130944K)] 332643K->200172K(817920K), 0.0111780 secs] [Times: user=0.06 sys=0.01, real=0.01 secs] 
2014-07-08T22:43:34.888+0000: 1295.697: [GC [PSYoungGen: 130930K->1120K(128896K)] 330092K->200322K(815872K), 0.0099280 secs] [Times: user=0.06 sys=0.01, real=0.01 secs] 
2014-07-08T22:43:36.872+0000: 1297.680: [GC [PSYoungGen: 128864K->1714K(127360K)] 328066K->201055K(814336K), 0.0069490 secs] [Times: user=0.03 sys=0.01, real=0.01 secs] 
2014-07-08T22:43:38.383+0000: 1299.192: [GC [PSYoungGen: 127346K->1120K(124736K)] 326687K->200588K(811712K), 0.0102950 secs] [Times: user=0.07 sys=0.00, real=0.02 secs] 
2014-07-08T22:43:40.923+0000: 1301.732: [GC [PSYoungGen: 124704K->1262K(122880K)] 324172K->200835K(809856K), 0.0101370 secs] [Times: user=0.07 sys=0.00, real=0.01 secs] 
2014-07-08T22:43:42.274+0000: 1303.083: [GC [PSYoungGen: 122862K->1500K(121216K)] 322435K->201177K(808192K), 0.0120190 secs] [Times: user=0.07 sys=0.00, real=0.01 secs] 
2014-07-08T22:43:44.554+0000: 1305.362: [GC [PSYoungGen: 121180K->1184K(119040K)] 320857K->201021K(806016K), 0.0055510 secs] [Times: user=0.03 sys=0.00, real=0.01 secs] 
2014-07-08T22:43:45.672+0000: 1306.481: [GC [PSYoungGen: 119008K->1458K(117504K)] 318845K->201375K(804480K), 0.0105970 secs] [Times: user=0.06 sys=0.00, real=0.01 secs] 
2014-07-08T22:43:47.481+0000: 1308.290: [GC [PSYoungGen: 117464K->1210K(115456K)] 317381K->201308K(802432K), 0.0082730 secs] [Times: user=0.05 sys=0.00, real=0.01 secs] 
2014-07-08T22:43:48.835+0000: 1309.644: [GC [PSYoungGen: 115450K->1454K(113984K)] 315548K->201648K(800960K), 0.0068200 secs] [Times: user=0.03 sys=0.00, real=0.00 secs] 
2014-07-08T22:43:51.162+0000: 1311.971: [GC [PSYoungGen: 113966K->1088K(111936K)] 314160K->201354K(798912K), 0.0074380 secs] [Times: user=0.05 sys=0.00, real=0.01 secs] 
2014-07-08T22:43:52.317+0000: 1313.126: [GC [PSYoungGen: 111936K->1288K(110528K)] 312202K->201650K(797504K), 0.0096580 secs] [Times: user=0.06 sys=0.00, real=0.01 secs] 
2014-07-08T22:43:54.427+0000: 1315.236: [GC [PSYoungGen: 110472K->1326K(108928K)] 310834K->201744K(795904K), 0.0140270 secs] [Times: user=0.09 sys=0.00, real=0.01 secs] 
2014-07-08T22:43:55.678+0000: 1316.486: [GC [PSYoungGen: 108910K->1558K(107648K)] 309328K->202056K(794624K), 0.0085280 secs] [Times: user=0.05 sys=0.00, real=0.01 secs] 
2014-07-08T22:43:57.371+0000: 1318.180: [GC [PSYoungGen: 107606K->694K(105216K)] 308104K->201788K(792192K), 0.0077120 secs] [Times: user=0.04 sys=0.00, real=0.01 secs] 
2014-07-08T22:43:58.402+0000: 1319.211: [GC [PSYoungGen: 105206K->1730K(104832K)] 306300K->202912K(791808K), 0.0125500 secs] [Times: user=0.09 sys=0.00, real=0.01 secs] 
2014-07-08T22:43:59.388+0000: 1320.197: [GC [PSYoungGen: 104735K->1142K(102784K)] 305917K->202774K(789760K), 0.0104430 secs] [Times: user=0.07 sys=0.00, real=0.01 secs] 
2014-07-08T22:44:00.151+0000: 1320.960: [GC [PSYoungGen: 102774K->1358K(101632K)] 304406K->203086K(788608K), 0.0073840 secs] [Times: user=0.03 sys=0.01, real=0.01 secs] 
2014-07-08T22:44:01.344+0000: 1322.153: [GC [PSYoungGen: 101582K->1326K(100224K)] 303310K->203198K(787200K), 0.0062850 secs] [Times: user=0.04 sys=0.00, real=0.01 secs] 
2014-07-08T22:44:02.818+0000: 1323.627: [GC [PSYoungGen: 100163K->1274K(98816K)] 302035K->203194K(785792K), 0.0138110 secs] [Times: user=0.08 sys=0.00, real=0.01 secs] 
2014-07-08T22:44:04.556+0000: 1325.365: [GC [PSYoungGen: 98810K->1142K(97408K)] 300730K->203200K(784384K), 0.0096040 secs] [Times: user=0.06 sys=0.00, real=0.01 secs] 
2014-07-08T22:44:05.444+0000: 1326.253: [GC [PSYoungGen: 97398K->1508K(96512K)] 299456K->203630K(783488K), 0.0137610 secs] [Times: user=0.08 sys=0.00, real=0.02 secs] 
2014-07-08T22:44:07.206+0000: 1328.015: [GC [PSYoungGen: 96484K->1078K(94848K)] 298606K->203304K(781824K), 0.0105520 secs] [Times: user=0.06 sys=0.01, real=0.02 secs] 
2014-07-08T22:44:08.803+0000: 1329.612: [GC [PSYoungGen: 94838K->1522K(94080K)] 297064K->203804K(781056K), 0.0070890 secs] [Times: user=0.03 sys=0.01, real=0.01 secs] 
2014-07-08T22:44:09.962+0000: 1330.771: [GC [PSYoungGen: 94066K->1088K(92416K)] 296348K->203450K(779392K), 0.0121190 secs] [Times: user=0.07 sys=0.00, real=0.01 secs] 
2014-07-08T22:44:11.651+0000: 1332.460: [GC [PSYoungGen: 92416K->1312K(91520K)] 294778K->203762K(778496K), 0.0134890 secs] [Times: user=0.09 sys=0.00, real=0.01 secs] 
2014-07-08T22:44:13.134+0000: 1333.942: [GC [PSYoungGen: 91488K->1316K(90368K)] 293938K->203934K(777344K), 0.0084740 secs] [Times: user=0.06 sys=0.00, real=0.01 secs] 
2014-07-08T22:44:13.976+0000: 1334.785: [GC [PSYoungGen: 90306K->1074K(89024K)] 292924K->203830K(776000K), 0.0132690 secs] [Times: user=0.08 sys=0.01, real=0.02 secs] 
2014-07-08T22:44:14.775+0000: 1335.584: [GC [PSYoungGen: 89010K->1198K(106752K)] 291766K->204154K(793728K), 0.0132450 secs] [Times: user=0.09 sys=0.00, real=0.02 secs] 
2014-07-08T22:44:15.822+0000: 1336.630: [GC [PSYoungGen: 106713K->1416K(128128K)] 309669K->204468K(815104K), 0.0119130 secs] [Times: user=0.07 sys=0.00, real=0.01 secs] 
2014-07-08T22:44:17.342+0000: 1338.151: [GC [PSYoungGen: 128072K->932K(152000K)] 331124K->204250K(838976K), 0.0143040 secs] [Times: user=0.09 sys=0.00, real=0.01 secs] 
2014-07-08T22:44:18.600+0000: 1339.409: [GC [PSYoungGen: 151972K->1534K(149824K)] 355290K->204948K(836800K), 0.0098680 secs] [Times: user=0.07 sys=0.00, real=0.01 secs] 
2014-07-08T22:44:21.265+0000: 1342.073: [GC [PSYoungGen: 149822K->320K(145920K)] 353236K->204562K(832896K), 0.0104650 secs] [Times: user=0.07 sys=0.00, real=0.01 secs] 
2014-07-08T22:44:22.389+0000: 1343.198: [GC [PSYoungGen: 145920K->1666K(144704K)] 350162K->205964K(831680K), 0.0097480 secs] [Times: user=0.06 sys=0.00, real=0.01 secs] 
2014-07-08T22:44:24.554+0000: 1345.363: [GC [PSYoungGen: 144642K->1494K(142016K)] 348940K->206432K(828992K), 0.0076490 secs] [Times: user=0.03 sys=0.00, real=0.01 secs] 
2014-07-08T22:44:26.955+0000: 1347.764: [GC [PSYoungGen: 141974K->1294K(139392K)] 346912K->206256K(826368K), 0.0074950 secs] [Times: user=0.03 sys=0.00, real=0.01 secs] 
2014-07-08T22:44:29.468+0000: 1350.277: [GC [PSYoungGen: 139312K->882K(136576K)] 344275K->206310K(823552K), 0.0089250 secs] [Times: user=0.07 sys=0.00, real=0.01 secs] 
2014-07-08T22:44:31.130+0000: 1351.939: [GC [PSYoungGen: 136561K->1708K(135104K)] 341989K->207234K(822080K), 0.0094140 secs] [Times: user=0.05 sys=0.00, real=0.01 secs] 
2014-07-08T22:44:33.365+0000: 1354.173: [GC [PSYoungGen: 135084K->1006K(132160K)] 340610K->207012K(819136K), 0.0061390 secs] [Times: user=0.04 sys=0.00, real=0.00 secs] 
2014-07-08T22:44:35.267+0000: 1356.075: [GC [PSYoungGen: 132142K->1437K(130432K)] 338148K->207499K(817408K), 0.0113690 secs] [Times: user=0.07 sys=0.00, real=0.01 secs] 
2014-07-08T22:44:36.992+0000: 1357.801: [GC [PSYoungGen: 130397K->1251K(128128K)] 336459K->207906K(815104K), 0.0053000 secs] [Times: user=0.03 sys=0.00, real=0.00 secs] 
2014-07-08T22:44:38.187+0000: 1358.996: [GC [PSYoungGen: 128099K->1356K(126208K)] 334754K->208067K(813184K), 0.0041940 secs] [Times: user=0.03 sys=0.00, real=0.00 secs] 
2014-07-08T22:44:39.682+0000: 1360.491: [GC [PSYoungGen: 126154K->1323K(124160K)] 332865K->208379K(811136K), 0.0067950 secs] [Times: user=0.04 sys=0.00, real=0.00 secs] 
2014-07-08T22:44:41.524+0000: 1362.333: [GC [PSYoungGen: 124137K->1480K(122432K)] 331193K->208616K(809408K), 0.0050360 secs] [Times: user=0.02 sys=0.00, real=0.00 secs] 
2014-07-08T22:44:42.960+0000: 1363.769: [GC [PSYoungGen: 122376K->1150K(120128K)] 329512K->208676K(807104K), 0.0061160 secs] [Times: user=0.03 sys=0.00, real=0.01 secs] 
2014-07-08T22:44:44.066+0000: 1364.875: [GC [PSYoungGen: 120112K->1904K(119040K)] 327638K->209478K(806016K), 0.0066940 secs] [Times: user=0.04 sys=0.00, real=0.00 secs] 
2014-07-08T22:44:45.271+0000: 1366.080: [GC [PSYoungGen: 119024K->814K(116160K)] 326598K->209111K(803136K), 0.0076270 secs] [Times: user=0.04 sys=0.00, real=0.01 secs] 
2014-07-08T22:44:46.642+0000: 1367.451: [GC [PSYoungGen: 116126K->1701K(115328K)] 324423K->210078K(802304K), 0.0109860 secs] [Times: user=0.07 sys=0.00, real=0.02 secs] 
2014-07-08T22:44:47.859+0000: 1368.668: [GC [PSYoungGen: 115276K->1394K(113280K)] 323653K->210231K(800256K), 0.0083840 secs] [Times: user=0.05 sys=0.00, real=0.01 secs] 
2014-07-08T22:44:49.168+0000: 1369.977: [GC [PSYoungGen: 113242K->1448K(111680K)] 322079K->210348K(798656K), 0.0097930 secs] [Times: user=0.06 sys=0.00, real=0.01 secs] 
2014-07-08T22:44:50.489+0000: 1371.298: [GC [PSYoungGen: 111656K->1092K(109760K)] 320556K->210032K(796736K), 0.0063140 secs] [Times: user=0.02 sys=0.00, real=0.01 secs] 
2014-07-08T22:44:51.831+0000: 1372.640: [GC [PSYoungGen: 109699K->1824K(108864K)] 318640K->210837K(795840K), 0.0051930 secs] [Times: user=0.03 sys=0.00, real=0.01 secs] 
2014-07-08T22:44:53.169+0000: 1373.977: [GC [PSYoungGen: 108832K->1024K(106496K)] 317845K->210198K(793472K), 0.0061110 secs] [Times: user=0.04 sys=0.00, real=0.01 secs] 
2014-07-08T22:44:54.030+0000: 1374.838: [GC [PSYoungGen: 106496K->1394K(105408K)] 315670K->210657K(792384K), 0.0050820 secs] [Times: user=0.03 sys=0.00, real=0.01 secs] 
2014-07-08T22:44:55.231+0000: 1376.040: [GC [PSYoungGen: 105394K->1344K(103936K)] 314657K->210679K(790912K), 0.0080550 secs] [Times: user=0.05 sys=0.00, real=0.01 secs] 
2014-07-08T22:44:56.945+0000: 1377.754: [GC [PSYoungGen: 103872K->1504K(102656K)] 313207K->210903K(789632K), 0.0088450 secs] [Times: user=0.05 sys=0.00, real=0.00 secs] 
2014-07-08T22:44:57.780+0000: 1378.589: [GC [PSYoungGen: 102624K->1078K(100800K)] 312023K->210628K(787776K), 0.0128680 secs] [Times: user=0.08 sys=0.00, real=0.01 secs] 
2014-07-08T22:44:59.477+0000: 1380.286: [GC [PSYoungGen: 100790K->1288K(99712K)] 310340K->210943K(786688K), 0.0063160 secs] [Times: user=0.05 sys=0.00, real=0.00 secs] 
2014-07-08T22:45:00.245+0000: 1381.053: [GC [PSYoungGen: 99656K->1416K(98496K)] 309311K->211217K(785472K), 0.0058820 secs] [Times: user=0.04 sys=0.00, real=0.01 secs] 
2014-07-08T22:45:01.702+0000: 1382.510: [GC [PSYoungGen: 98440K->1468K(97216K)] 308241K->211325K(784192K), 0.0055020 secs] [Times: user=0.03 sys=0.00, real=0.01 secs] 
2014-07-08T22:45:02.877+0000: 1383.686: [GC [PSYoungGen: 97212K->950K(95424K)] 307069K->211137K(782400K), 0.0088700 secs] [Times: user=0.05 sys=0.00, real=0.00 secs] 
2014-07-08T22:45:03.849+0000: 1384.658: [GC [PSYoungGen: 95414K->1408K(114880K)] 305601K->211651K(801856K), 0.0229950 secs] [Times: user=0.13 sys=0.00, real=0.02 secs] 
2014-07-08T22:45:04.945+0000: 1385.754: [GC [PSYoungGen: 114816K->1042K(112768K)] 325059K->211357K(799744K), 0.0057030 secs] [Times: user=0.04 sys=0.00, real=0.01 secs] 
2014-07-08T22:45:05.782+0000: 1386.591: [GC [PSYoungGen: 112722K->1570K(111616K)] 323037K->211981K(798592K), 0.0050130 secs] [Times: user=0.03 sys=0.00, real=0.01 secs] 
2014-07-08T22:45:06.985+0000: 1387.793: [GC [PSYoungGen: 111583K->1074K(109504K)] 321994K->211865K(796480K), 0.0051660 secs] [Times: user=0.03 sys=0.00, real=0.01 secs] 
2014-07-08T22:45:07.804+0000: 1388.613: [GC [PSYoungGen: 109490K->1636K(108480K)] 320281K->212508K(795456K), 0.0064740 secs] [Times: user=0.04 sys=0.00, real=0.01 secs] 
2014-07-08T22:45:08.935+0000: 1389.744: [GC [PSYoungGen: 108422K->1014K(106304K)] 319293K->212287K(793280K), 0.0075700 secs] [Times: user=0.05 sys=0.00, real=0.01 secs] 
2014-07-08T22:45:10.340+0000: 1391.149: [GC [PSYoungGen: 106294K->1522K(105344K)] 317567K->212843K(792320K), 0.0062250 secs] [Times: user=0.04 sys=0.00, real=0.00 secs] 
2014-07-08T22:45:11.282+0000: 1392.091: [GC [PSYoungGen: 105330K->1202K(103552K)] 316651K->212834K(790528K), 0.0081560 secs] [Times: user=0.04 sys=0.00, real=0.01 secs] 
2014-07-08T22:45:12.150+0000: 1392.959: [GC [PSYoungGen: 103527K->1845K(102784K)] 315159K->213581K(789760K), 0.0094490 secs] [Times: user=0.05 sys=0.00, real=0.01 secs] 
2014-07-08T22:45:13.973+0000: 1394.782: [GC [PSYoungGen: 102737K->679K(100224K)] 314473K->213161K(787200K), 0.0182910 secs] [Times: user=0.11 sys=0.00, real=0.02 secs] 
2014-07-08T22:45:14.777+0000: 1395.586: [GC [PSYoungGen: 100199K->1832K(121280K)] 312681K->214370K(808256K), 0.0126610 secs] [Times: user=0.07 sys=0.00, real=0.02 secs] 
2014-07-08T22:45:16.369+0000: 1397.178: [GC [PSYoungGen: 121256K->1312K(118912K)] 333794K->214473K(805888K), 0.0074520 secs] [Times: user=0.05 sys=0.00, real=0.00 secs] 
2014-07-08T22:45:17.924+0000: 1398.733: [GC [PSYoungGen: 118880K->1451K(117248K)] 332041K->214699K(804224K), 0.0085830 secs] [Times: user=0.05 sys=0.00, real=0.01 secs] 
2014-07-08T22:45:19.423+0000: 1400.232: [GC [PSYoungGen: 117197K->1320K(115328K)] 330445K->214648K(802304K), 0.0071880 secs] [Times: user=0.03 sys=0.00, real=0.01 secs] 
2014-07-08T22:45:20.416+0000: 1401.224: [GC [PSYoungGen: 115304K->1234K(113536K)] 328632K->214666K(800512K), 0.0072640 secs] [Times: user=0.04 sys=0.00, real=0.01 secs] 
2014-07-08T22:45:21.350+0000: 1402.159: [GC [PSYoungGen: 113490K->1074K(111680K)] 326922K->214546K(798656K), 0.0044610 secs] [Times: user=0.02 sys=0.00, real=0.00 secs] 
2014-07-08T22:45:22.405+0000: 1403.214: [GC [PSYoungGen: 111666K->1412K(110464K)] 325138K->214924K(797440K), 0.0069400 secs] [Times: user=0.02 sys=0.00, real=0.01 secs] 
2014-07-08T22:45:23.637+0000: 1404.445: [GC [PSYoungGen: 110404K->1284K(108736K)] 323916K->214868K(795712K), 0.0035400 secs] [Times: user=0.02 sys=0.00, real=0.01 secs] 
2014-07-08T22:45:24.719+0000: 1405.528: [GC [PSYoungGen: 108676K->1366K(107264K)] 322260K->215022K(794240K), 0.0064520 secs] [Times: user=0.03 sys=0.00, real=0.00 secs] 
2014-07-08T22:45:26.031+0000: 1406.840: [GC [PSYoungGen: 107222K->1262K(105600K)] 320878K->215014K(792576K), 0.0069590 secs] [Times: user=0.04 sys=0.00, real=0.00 secs] 
2014-07-08T22:45:27.396+0000: 1408.205: [GC [PSYoungGen: 105582K->1174K(104064K)] 319334K->214990K(791040K), 0.0062470 secs] [Times: user=0.03 sys=0.00, real=0.01 secs] 
2014-07-08T22:45:28.316+0000: 1409.124: [GC [PSYoungGen: 104022K->1010K(102464K)] 317838K->214850K(789440K), 0.0102680 secs] [Times: user=0.04 sys=0.00, real=0.01 secs] 
2014-07-08T22:45:29.359+0000: 1410.168: [GC [PSYoungGen: 102450K->1874K(101952K)] 316290K->215786K(788928K), 0.0054620 secs] [Times: user=0.03 sys=0.00, real=0.01 secs] 
2014-07-08T22:45:30.989+0000: 1411.798: [GC [PSYoungGen: 101906K->928K(99648K)] 315818K->215276K(786624K), 0.0056490 secs] [Times: user=0.04 sys=0.00, real=0.01 secs] 
2014-07-08T22:45:31.810+0000: 1412.619: [GC [PSYoungGen: 99575K->1626K(99008K)] 313923K->216055K(785984K), 0.0054480 secs] [Times: user=0.03 sys=0.00, real=0.01 secs] 
2014-07-08T22:45:33.405+0000: 1414.214: [GC [PSYoungGen: 98970K->1400K(97472K)] 313399K->216219K(784448K), 0.0047820 secs] [Times: user=0.03 sys=0.00, real=0.00 secs] 
2014-07-08T22:45:34.547+0000: 1415.356: [GC [PSYoungGen: 97464K->1472K(96320K)] 312283K->216354K(783296K), 0.0133950 secs] [Times: user=0.08 sys=0.00, real=0.02 secs] 
2014-07-08T22:45:35.314+0000: 1416.123: [GC [PSYoungGen: 96254K->1284K(94912K)] 311137K->216304K(781888K), 0.0077850 secs] [Times: user=0.05 sys=0.00, real=0.01 secs] 
2014-07-08T22:45:36.153+0000: 1416.962: [GC [PSYoungGen: 94852K->1156K(93568K)] 309872K->216240K(780544K), 0.0070760 secs] [Times: user=0.03 sys=0.00, real=0.00 secs] 
2014-07-08T22:45:37.148+0000: 1417.957: [GC [PSYoungGen: 93508K->1586K(92736K)] 308592K->216719K(779712K), 0.0058750 secs] [Times: user=0.03 sys=0.00, real=0.01 secs] 
2014-07-08T22:45:37.711+0000: 1418.520: [GC [PSYoungGen: 92722K->1384K(91392K)] 307855K->216604K(778368K), 0.0077790 secs] [Times: user=0.04 sys=0.00, real=0.01 secs] 
2014-07-08T22:45:38.821+0000: 1419.630: [GC [PSYoungGen: 91368K->1142K(89984K)] 306588K->216580K(776960K), 0.0100760 secs] [Times: user=0.05 sys=0.00, real=0.01 secs] 
2014-07-08T22:45:40.262+0000: 1421.071: [GC [PSYoungGen: 89971K->1874K(89664K)] 305410K->217507K(776640K), 0.0037560 secs] [Times: user=0.02 sys=0.00, real=0.00 secs] 
2014-07-08T22:45:41.346+0000: 1422.154: [GC [PSYoungGen: 89618K->824K(87488K)] 305251K->217111K(774464K), 0.0067830 secs] [Times: user=0.04 sys=0.00, real=0.01 secs] 
2014-07-08T22:45:41.917+0000: 1422.726: [GC [PSYoungGen: 87480K->1458K(105472K)] 303767K->217801K(792448K), 0.0144130 secs] [Times: user=0.09 sys=0.00, real=0.02 secs] 
2014-07-08T22:45:43.088+0000: 1423.897: [GC [PSYoungGen: 105458K->1718K(114048K)] 321801K->218237K(801024K), 0.0127570 secs] [Times: user=0.08 sys=0.00, real=0.01 secs] 
2014-07-08T22:45:44.648+0000: 1425.457: [GC [PSYoungGen: 114038K->1586K(112256K)] 330557K->218201K(799232K), 0.0063120 secs] [Times: user=0.04 sys=0.00, real=0.01 secs] 
2014-07-08T22:45:45.819+0000: 1426.628: [GC [PSYoungGen: 112242K->690K(109760K)] 328857K->217681K(796736K), 0.0036850 secs] [Times: user=0.02 sys=0.00, real=0.01 secs] 
2014-07-08T22:45:47.279+0000: 1428.088: [GC [PSYoungGen: 109746K->1632K(109120K)] 326737K->218663K(796096K), 0.0124780 secs] [Times: user=0.07 sys=0.00, real=0.01 secs] 
2014-07-08T22:45:49.005+0000: 1429.814: [GC [PSYoungGen: 109088K->1252K(107200K)] 326119K->218485K(794176K), 0.0076040 secs] [Times: user=0.04 sys=0.00, real=0.00 secs] 
2014-07-08T22:45:49.787+0000: 1430.596: [GC [PSYoungGen: 107172K->1316K(111424K)] 324405K->218669K(798400K), 0.0166220 secs] [Times: user=0.11 sys=0.00, real=0.02 secs] 
2014-07-08T22:45:51.422+0000: 1432.231: [GC [PSYoungGen: 110692K->1452K(109248K)] 328045K->218909K(796224K), 0.0068060 secs] [Times: user=0.04 sys=0.00, real=0.01 secs] 
2014-07-08T22:45:52.407+0000: 1433.215: [GC [PSYoungGen: 109228K->1280K(107584K)] 326685K->218801K(794560K), 0.0096930 secs] [Times: user=0.06 sys=0.00, real=0.01 secs] 
2014-07-08T22:45:53.859+0000: 1434.667: [GC [PSYoungGen: 107519K->1078K(127232K)] 325040K->218745K(814208K), 0.0194040 secs] [Times: user=0.13 sys=0.00, real=0.02 secs] 
2014-07-08T22:45:55.338+0000: 1436.147: [GC [PSYoungGen: 127222K->1406K(125504K)] 344889K->219113K(812480K), 0.0092000 secs] [Times: user=0.05 sys=0.00, real=0.01 secs] 
2014-07-08T22:45:56.527+0000: 1437.336: [GC [PSYoungGen: 125472K->572K(122688K)] 343179K->219103K(809664K), 0.0077220 secs] [Times: user=0.05 sys=0.00, real=0.01 secs] 
2014-07-08T22:45:57.689+0000: 1438.498: [GC [PSYoungGen: 122684K->1761K(121984K)] 341215K->220444K(808960K), 0.0092260 secs] [Times: user=0.05 sys=0.00, real=0.01 secs] 
2014-07-08T22:45:59.688+0000: 1440.497: [GC [PSYoungGen: 121899K->1274K(119616K)] 340582K->220878K(806592K), 0.0048110 secs] [Times: user=0.02 sys=0.00, real=0.00 secs] 
2014-07-08T22:46:01.056+0000: 1441.865: [GC [PSYoungGen: 119609K->1558K(118080K)] 339213K->221292K(805056K), 0.0056050 secs] [Times: user=0.03 sys=0.00, real=0.00 secs] 
2014-07-08T22:46:02.893+0000: 1443.701: [GC [PSYoungGen: 118038K->1512K(116224K)] 337772K->221941K(803200K), 0.0069880 secs] [Times: user=0.04 sys=0.00, real=0.01 secs] 
2014-07-08T22:46:03.945+0000: 1444.753: [GC [PSYoungGen: 116200K->1370K(114368K)] 336629K->221871K(801344K), 0.0214260 secs] [Times: user=0.14 sys=0.00, real=0.03 secs] 
2014-07-08T22:46:05.093+0000: 1445.902: [GC [PSYoungGen: 114330K->1184K(112512K)] 334831K->221733K(799488K), 0.0044220 secs] [Times: user=0.02 sys=0.00, real=0.01 secs] 
2014-07-08T22:46:06.306+0000: 1447.115: [GC [PSYoungGen: 112480K->1450K(111104K)] 333029K->222079K(798080K), 0.0046800 secs] [Times: user=0.02 sys=0.00, real=0.00 secs] 
2014-07-08T22:46:07.337+0000: 1448.146: [GC [PSYoungGen: 111082K->1494K(109568K)] 331711K->222187K(796544K), 0.0082610 secs] [Times: user=0.05 sys=0.00, real=0.01 secs] 
2014-07-08T22:46:08.430+0000: 1449.239: [GC [PSYoungGen: 109526K->1366K(107904K)] 330219K->222131K(794880K), 0.0080440 secs] [Times: user=0.04 sys=0.00, real=0.01 secs] 
2014-07-08T22:46:09.451+0000: 1450.260: [GC [PSYoungGen: 107862K->1468K(106432K)] 328627K->222401K(793408K), 0.0071000 secs] [Times: user=0.04 sys=0.00, real=0.01 secs] 
2014-07-08T22:46:10.436+0000: 1451.245: [GC [PSYoungGen: 106428K->1564K(105088K)] 327361K->222601K(792064K), 0.0047840 secs] [Times: user=0.03 sys=0.00, real=0.01 secs] 
2014-07-08T22:46:11.417+0000: 1452.226: [GC [PSYoungGen: 105052K->1212K(103232K)] 326089K->222329K(790208K), 0.0088000 secs] [Times: user=0.05 sys=0.00, real=0.01 secs] 
2014-07-08T22:46:12.710+0000: 1453.519: [GC [PSYoungGen: 103196K->1462K(102080K)] 324313K->222666K(789056K), 0.0069240 secs] [Times: user=0.04 sys=0.00, real=0.01 secs] 
2014-07-08T22:46:13.560+0000: 1454.369: [GC [PSYoungGen: 102038K->1440K(100672K)] 323243K->222783K(787648K), 0.0045180 secs] [Times: user=0.02 sys=0.01, real=0.00 secs] 
2014-07-08T22:46:14.426+0000: 1455.235: [GC [PSYoungGen: 100640K->1188K(99072K)] 321983K->222587K(786048K), 0.0090530 secs] [Times: user=0.04 sys=0.00, real=0.00 secs] 
2014-07-08T22:46:15.201+0000: 1456.010: [GC [PSYoungGen: 99041K->1256K(97792K)] 320440K->222743K(784768K), 0.0080510 secs] [Times: user=0.05 sys=0.00, real=0.01 secs] 
2014-07-08T22:46:15.973+0000: 1456.781: [GC [PSYoungGen: 97768K->1486K(96768K)] 319255K->223061K(783744K), 0.0078120 secs] [Times: user=0.05 sys=0.00, real=0.01 secs] 
2014-07-08T22:46:17.397+0000: 1458.206: [GC [PSYoungGen: 96718K->1106K(95104K)] 318293K->222720K(782080K), 0.0040760 secs] [Times: user=0.02 sys=0.00, real=0.00 secs] 
2014-07-08T22:46:18.808+0000: 1459.616: [GC [PSYoungGen: 95051K->1480K(94272K)] 316666K->223159K(781248K), 0.0071360 secs] [Times: user=0.03 sys=0.00, real=0.00 secs] 
2014-07-08T22:46:19.663+0000: 1460.472: [GC [PSYoungGen: 94216K->1312K(92864K)] 315895K->223063K(779840K), 0.0147510 secs] [Times: user=0.10 sys=0.00, real=0.02 secs] 
2014-07-08T22:46:20.539+0000: 1461.348: [GC [PSYoungGen: 92832K->1568K(111424K)] 314583K->223383K(798400K), 0.0129720 secs] [Times: user=0.09 sys=0.00, real=0.01 secs] 
2014-07-08T22:46:21.836+0000: 1462.645: [GC [PSYoungGen: 111374K->939K(109184K)] 333189K->223010K(796160K), 0.0112490 secs] [Times: user=0.07 sys=0.00, real=0.01 secs] 
2014-07-08T22:46:23.602+0000: 1464.411: [GC [PSYoungGen: 109146K->1722K(108352K)] 331217K->223881K(795328K), 0.0068170 secs] [Times: user=0.04 sys=0.00, real=0.01 secs] 
2014-07-08T22:46:24.551+0000: 1465.360: [GC [PSYoungGen: 108346K->1198K(106304K)] 330505K->223885K(793280K), 0.0113430 secs] [Times: user=0.08 sys=0.01, real=0.01 secs] 
2014-07-08T22:46:26.177+0000: 1466.985: [GC [PSYoungGen: 106242K->1526K(105152K)] 328929K->224285K(792128K), 0.0105800 secs] [Times: user=0.07 sys=0.00, real=0.01 secs] 
2014-07-08T22:46:27.642+0000: 1468.450: [GC [PSYoungGen: 105142K->1406K(103552K)] 327901K->224497K(790528K), 0.0114160 secs] [Times: user=0.07 sys=0.01, real=0.01 secs] 
2014-07-08T22:46:29.549+0000: 1470.358: [GC [PSYoungGen: 103550K->1206K(101952K)] 326641K->224369K(788928K), 0.0103310 secs] [Times: user=0.06 sys=0.00, real=0.01 secs] 
2014-07-08T22:46:31.342+0000: 1472.151: [GC [PSYoungGen: 101942K->1120K(100480K)] 325105K->224347K(787456K), 0.0123790 secs] [Times: user=0.08 sys=0.00, real=0.01 secs] 
2014-07-08T22:46:32.976+0000: 1473.785: [GC [PSYoungGen: 100448K->1330K(99328K)] 323675K->224653K(786304K), 0.0103980 secs] [Times: user=0.06 sys=0.00, real=0.01 secs] 
2014-07-08T22:46:34.819+0000: 1475.628: [GC [PSYoungGen: 99314K->1584K(98240K)] 322637K->224987K(785216K), 0.0105080 secs] [Times: user=0.07 sys=0.00, real=0.01 secs] 
2014-07-08T22:46:35.726+0000: 1476.535: [GC [PSYoungGen: 98224K->1512K(106752K)] 321627K->225011K(793728K), 0.0235640 secs] [Times: user=0.17 sys=0.00, real=0.02 secs] 
2014-07-08T22:46:37.121+0000: 1477.930: [GC [PSYoungGen: 106280K->1352K(104704K)] 329779K->224915K(791680K), 0.0044720 secs] [Times: user=0.02 sys=0.00, real=0.00 secs] 
2014-07-08T22:46:38.364+0000: 1479.173: [GC [PSYoungGen: 104648K->1452K(103296K)] 328211K->225111K(790272K), 0.0110340 secs] [Times: user=0.08 sys=0.00, real=0.01 secs] 
2014-07-08T22:46:40.090+0000: 1480.899: [GC [PSYoungGen: 103276K->1014K(101440K)] 326935K->224981K(788416K), 0.0092400 secs] [Times: user=0.04 sys=0.00, real=0.00 secs] 
2014-07-08T22:46:41.224+0000: 1482.033: [GC [PSYoungGen: 101430K->1206K(100288K)] 325397K->225237K(787264K), 0.0111120 secs] [Times: user=0.07 sys=0.00, real=0.01 secs] 
2014-07-08T22:46:42.558+0000: 1483.366: [GC [PSYoungGen: 100233K->1518K(99264K)] 324264K->225727K(786240K), 0.0160230 secs] [Times: user=0.10 sys=0.00, real=0.02 secs] 
2014-07-08T22:46:43.535+0000: 1484.344: [GC [PSYoungGen: 99246K->1380K(97856K)] 323455K->225685K(784832K), 0.0069930 secs] [Times: user=0.04 sys=0.00, real=0.01 secs] 
2014-07-08T22:46:44.928+0000: 1485.737: [GC [PSYoungGen: 97827K->942K(96128K)] 322132K->225575K(783104K), 0.0087400 secs] [Times: user=0.05 sys=0.01, real=0.01 secs] 
2014-07-08T22:46:46.103+0000: 1486.912: [GC [PSYoungGen: 96074K->1534K(95424K)] 320707K->226231K(782400K), 0.0065320 secs] [Times: user=0.04 sys=0.00, real=0.00 secs] 
2014-07-08T22:46:47.327+0000: 1488.135: [GC [PSYoungGen: 95421K->1252K(93952K)] 320118K->226287K(780928K), 0.0122630 secs] [Times: user=0.09 sys=0.00, real=0.01 secs] 
2014-07-08T22:46:49.174+0000: 1489.983: [GC [PSYoungGen: 93924K->1630K(93120K)] 318959K->226721K(780096K), 0.0066690 secs] [Times: user=0.03 sys=0.01, real=0.00 secs] 
2014-07-08T22:46:50.368+0000: 1491.177: [GC [PSYoungGen: 93086K->950K(91264K)] 318177K->226291K(778240K), 0.0047840 secs] [Times: user=0.02 sys=0.00, real=0.01 secs] 
2014-07-08T22:46:51.819+0000: 1492.628: [GC [PSYoungGen: 91254K->1376K(90560K)] 316595K->226773K(777536K), 0.0170510 secs] [Times: user=0.10 sys=0.00, real=0.02 secs] 
2014-07-08T22:46:53.156+0000: 1493.965: [GC [PSYoungGen: 90528K->1334K(89408K)] 315925K->226851K(776384K), 0.0111190 secs] [Times: user=0.07 sys=0.00, real=0.01 secs] 
2014-07-08T22:46:54.505+0000: 1495.314: [GC [PSYoungGen: 89357K->1522K(88512K)] 314874K->227127K(775488K), 0.0154440 secs] [Times: user=0.11 sys=0.00, real=0.01 secs] 
2014-07-08T22:46:56.248+0000: 1497.057: [GC [PSYoungGen: 88498K->882K(86784K)] 314103K->226711K(773760K), 0.0092770 secs] [Times: user=0.06 sys=0.00, real=0.01 secs] 
2014-07-08T22:46:57.610+0000: 1498.418: [GC [PSYoungGen: 86725K->1391K(86272K)] 312554K->227268K(773248K), 0.0061920 secs] [Times: user=0.03 sys=0.00, real=0.01 secs] 
2014-07-08T22:46:58.515+0000: 1499.324: [GC [PSYoungGen: 86255K->1028K(84928K)] 312132K->227051K(771904K), 0.0089500 secs] [Times: user=0.05 sys=0.00, real=0.01 secs] 
2014-07-08T22:47:00.277+0000: 1501.085: [GC [PSYoungGen: 84867K->1380K(84224K)] 310890K->227483K(771200K), 0.0098350 secs] [Times: user=0.06 sys=0.00, real=0.01 secs] 
2014-07-08T22:47:01.215+0000: 1502.024: [GC [PSYoungGen: 84196K->1270K(83136K)] 310299K->227509K(770112K), 0.0045230 secs] [Times: user=0.02 sys=0.00, real=0.00 secs] 
2014-07-08T22:47:02.483+0000: 1503.292: [GC [PSYoungGen: 83126K->1306K(82240K)] 309365K->227625K(769216K), 0.0108150 secs] [Times: user=0.06 sys=0.00, real=0.02 secs] 
2014-07-08T22:47:03.937+0000: 1504.746: [GC [PSYoungGen: 82202K->1010K(80960K)] 308521K->227742K(767936K), 0.0134260 secs] [Times: user=0.09 sys=0.00, real=0.01 secs] 
2014-07-08T22:47:04.707+0000: 1505.516: [GC [PSYoungGen: 80946K->1362K(80448K)] 307678K->228165K(767424K), 0.0061260 secs] [Times: user=0.03 sys=0.01, real=0.00 secs] 
2014-07-08T22:47:06.348+0000: 1507.157: [GC [PSYoungGen: 80402K->1056K(79232K)] 307205K->228189K(766208K), 0.0168310 secs] [Times: user=0.11 sys=0.00, real=0.02 secs] 
2014-07-08T22:47:07.762+0000: 1508.570: [GC [PSYoungGen: 79200K->1352K(78656K)] 306333K->228573K(765632K), 0.0057530 secs] [Times: user=0.04 sys=0.00, real=0.01 secs] 
2014-07-08T22:47:08.495+0000: 1509.304: [GC [PSYoungGen: 78600K->888K(77312K)] 305821K->228816K(764288K), 0.0111770 secs] [Times: user=0.07 sys=0.00, real=0.01 secs] 
2014-07-08T22:47:10.088+0000: 1510.896: [GC [PSYoungGen: 77304K->1700K(77312K)] 305232K->229788K(764288K), 0.0108400 secs] [Times: user=0.07 sys=0.00, real=0.01 secs] 
2014-07-08T22:47:11.407+0000: 1512.216: [GC [PSYoungGen: 77284K->890K(75648K)] 305372K->229815K(762624K), 0.0062900 secs] [Times: user=0.03 sys=0.01, real=0.00 secs] 
2014-07-08T22:47:12.134+0000: 1512.942: [GC [PSYoungGen: 75641K->1334K(75264K)] 304567K->230331K(762240K), 0.0070600 secs] [Times: user=0.03 sys=0.00, real=0.01 secs] 
2014-07-08T22:47:13.750+0000: 1514.559: [GC [PSYoungGen: 75254K->1248K(74432K)] 304251K->230513K(761408K), 0.0148080 secs] [Times: user=0.07 sys=0.00, real=0.02 secs] 
2014-07-08T22:47:14.912+0000: 1515.721: [GC [PSYoungGen: 74400K->1270K(73664K)] 303665K->230607K(760640K), 0.0116240 secs] [Times: user=0.07 sys=0.00, real=0.01 secs] 
2014-07-08T22:47:15.692+0000: 1516.501: [GC [PSYoungGen: 73654K->1334K(88256K)] 302991K->230930K(775232K), 0.0139430 secs] [Times: user=0.09 sys=0.00, real=0.01 secs] 
2014-07-08T22:47:17.552+0000: 1518.361: [GC [PSYoungGen: 88246K->1600K(87488K)] 317842K->231252K(774464K), 0.0129520 secs] [Times: user=0.06 sys=0.00, real=0.01 secs] 
2014-07-08T22:47:18.739+0000: 1519.548: [GC [PSYoungGen: 87424K->878K(85696K)] 317076K->231148K(772672K), 0.0050840 secs] [Times: user=0.03 sys=0.00, real=0.00 secs] 
2014-07-08T22:47:19.588+0000: 1520.396: [GC [PSYoungGen: 85678K->1676K(85504K)] 315948K->232018K(772480K), 0.0085940 secs] [Times: user=0.05 sys=0.01, real=0.01 secs] 
2014-07-08T22:47:20.189+0000: 1520.998: [GC [PSYoungGen: 85452K->1106K(98304K)] 315794K->231668K(785280K), 0.0125420 secs] [Times: user=0.08 sys=0.00, real=0.01 secs] 
2014-07-08T22:47:21.952+0000: 1522.761: [GC [PSYoungGen: 98130K->1462K(97216K)] 328692K->232097K(784192K), 0.0041760 secs] [Times: user=0.02 sys=0.00, real=0.00 secs] 
2014-07-08T22:47:23.307+0000: 1524.116: [GC [PSYoungGen: 97206K->1082K(95552K)] 327841K->232128K(782528K), 0.0098370 secs] [Times: user=0.06 sys=0.00, real=0.01 secs] 
2014-07-08T22:47:24.073+0000: 1524.882: [GC [PSYoungGen: 95546K->1124K(94400K)] 326592K->232218K(781376K), 0.0068220 secs] [Times: user=0.04 sys=0.00, real=0.01 secs] 
2014-07-08T22:47:24.978+0000: 1525.786: [GC [PSYoungGen: 94357K->1590K(93632K)] 325451K->232797K(780608K), 0.0069330 secs] [Times: user=0.04 sys=0.01, real=0.00 secs] 
2014-07-08T22:47:26.566+0000: 1527.375: [GC [PSYoungGen: 93622K->1348K(92288K)] 324829K->232626K(779264K), 0.0163540 secs] [Times: user=0.10 sys=0.01, real=0.02 secs] 
2014-07-08T22:47:27.967+0000: 1528.776: [GC [PSYoungGen: 92228K->890K(90624K)] 323506K->232703K(777600K), 0.0063210 secs] [Times: user=0.03 sys=0.01, real=0.01 secs] 
2014-07-08T22:47:29.446+0000: 1530.254: [GC [PSYoungGen: 90618K->1402K(89984K)] 322431K->233279K(776960K), 0.0072100 secs] [Times: user=0.04 sys=0.00, real=0.01 secs] 
2014-07-08T22:47:31.354+0000: 1532.163: [GC [PSYoungGen: 89924K->1466K(88960K)] 321801K->233685K(775936K), 0.0159470 secs] [Times: user=0.11 sys=0.00, real=0.02 secs] 
2014-07-08T22:47:32.006+0000: 1532.815: [GC [PSYoungGen: 88954K->1707K(94208K)] 321173K->234014K(781184K), 0.0149050 secs] [Times: user=0.10 sys=0.00, real=0.02 secs] 
2014-07-08T22:47:33.847+0000: 1534.656: [GC [PSYoungGen: 93995K->1472K(92608K)] 326302K->233843K(779584K), 0.0114930 secs] [Times: user=0.06 sys=0.00, real=0.02 secs] 
2014-07-08T22:47:34.999+0000: 1535.808: [GC [PSYoungGen: 92544K->1764K(91712K)] 324915K->234191K(778688K), 0.0093270 secs] [Times: user=0.05 sys=0.00, real=0.00 secs] 
2014-07-08T22:47:36.323+0000: 1537.132: [GC [PSYoungGen: 91645K->548K(105088K)] 324072K->233761K(792064K), 0.0177990 secs] [Times: user=0.12 sys=0.00, real=0.02 secs] 
2014-07-08T22:47:37.972+0000: 1538.781: [GC [PSYoungGen: 105060K->1618K(104704K)] 338273K->234903K(791680K), 0.0089690 secs] [Times: user=0.06 sys=0.00, real=0.01 secs] 
2014-07-08T22:47:39.636+0000: 1540.445: [GC [PSYoungGen: 104644K->808K(102464K)] 337929K->235007K(789440K), 0.0107870 secs] [Times: user=0.07 sys=0.01, real=0.01 secs] 
2014-07-08T22:47:41.326+0000: 1542.134: [GC [PSYoungGen: 102418K->1640K(101888K)] 336618K->235904K(788864K), 0.0096850 secs] [Times: user=0.07 sys=0.00, real=0.01 secs] 
2014-07-08T22:47:43.092+0000: 1543.901: [GC [PSYoungGen: 101863K->1532K(100416K)] 336127K->236040K(787392K), 0.0116070 secs] [Times: user=0.07 sys=0.00, real=0.01 secs] 
2014-07-08T22:47:44.366+0000: 1545.175: [GC [PSYoungGen: 100412K->1266K(98816K)] 334920K->235837K(785792K), 0.0079450 secs] [Times: user=0.04 sys=0.00, real=0.01 secs] 
2014-07-08T22:47:45.796+0000: 1546.605: [GC [PSYoungGen: 98802K->1336K(97600K)] 333373K->236248K(784576K), 0.0113660 secs] [Times: user=0.04 sys=0.01, real=0.01 secs] 
2014-07-08T22:47:47.838+0000: 1548.647: [GC [PSYoungGen: 97592K->1416K(96448K)] 332504K->236416K(783424K), 0.0094090 secs] [Times: user=0.06 sys=0.00, real=0.01 secs] 
2014-07-08T22:47:48.545+0000: 1549.354: [GC [PSYoungGen: 96392K->1326K(95104K)] 331392K->236568K(782080K), 0.0098880 secs] [Times: user=0.07 sys=0.00, real=0.01 secs] 
2014-07-08T22:47:50.392+0000: 1551.201: [GC [PSYoungGen: 95086K->1722K(94272K)] 330328K->237044K(781248K), 0.0139310 secs] [Times: user=0.10 sys=0.00, real=0.01 secs] 
2014-07-08T22:47:51.788+0000: 1552.597: [GC [PSYoungGen: 94266K->946K(92288K)] 329588K->236636K(779264K), 0.0111410 secs] [Times: user=0.07 sys=0.00, real=0.01 secs] 
2014-07-08T22:47:52.676+0000: 1553.485: [GC [PSYoungGen: 92274K->1836K(100160K)] 327964K->237590K(787136K), 0.0244870 secs] [Times: user=0.15 sys=0.00, real=0.02 secs] 
2014-07-08T22:47:53.647+0000: 1554.455: [GC [PSYoungGen: 99948K->1526K(111808K)] 335702K->237598K(798784K), 0.0085850 secs] [Times: user=0.04 sys=0.00, real=0.01 secs] 
2014-07-08T22:47:55.538+0000: 1556.347: [GC [PSYoungGen: 111222K->1678K(109824K)] 347294K->237822K(796800K), 0.0086790 secs] [Times: user=0.05 sys=0.01, real=0.02 secs] 
2014-07-08T22:47:57.561+0000: 1558.370: [GC [PSYoungGen: 109774K->758K(107328K)] 345918K->237368K(794304K), 0.0116290 secs] [Times: user=0.07 sys=0.00, real=0.02 secs] 
2014-07-08T22:47:58.587+0000: 1559.396: [GC [PSYoungGen: 107318K->1188K(110144K)] 343928K->237822K(797120K), 0.0165620 secs] [Times: user=0.08 sys=0.00, real=0.02 secs] 
2014-07-08T22:48:00.607+0000: 1561.416: [GC [PSYoungGen: 109284K->1468K(108032K)] 345918K->238313K(795008K), 0.0113960 secs] [Times: user=0.08 sys=0.00, real=0.01 secs] 
2014-07-08T22:48:02.037+0000: 1562.846: [GC [PSYoungGen: 108027K->1466K(106496K)] 344871K->238382K(793472K), 0.0072600 secs] [Times: user=0.04 sys=0.00, real=0.01 secs] 
2014-07-08T22:48:03.365+0000: 1564.174: [GC [PSYoungGen: 106490K->1194K(104768K)] 343406K->238382K(791744K), 0.0114180 secs] [Times: user=0.08 sys=0.00, real=0.01 secs] 
2014-07-08T22:48:04.048+0000: 1564.857: [GC [PSYoungGen: 104746K->1661K(125952K)] 341934K->238897K(812928K), 0.0108500 secs] [Times: user=0.06 sys=0.00, real=0.01 secs] 
2014-07-08T22:48:05.734+0000: 1566.543: [GC [PSYoungGen: 125949K->1014K(123328K)] 363185K->238746K(810304K), 0.0072250 secs] [Times: user=0.04 sys=0.00, real=0.00 secs] 
2014-07-08T22:48:07.003+0000: 1567.811: [GC [PSYoungGen: 123292K->1352K(121792K)] 361024K->239148K(808768K), 0.0069550 secs] [Times: user=0.03 sys=0.00, real=0.01 secs] 
2014-07-08T22:48:08.713+0000: 1569.522: [GC [PSYoungGen: 121735K->1440K(120000K)] 359532K->239372K(806976K), 0.0057190 secs] [Times: user=0.04 sys=0.00, real=0.01 secs] 
2014-07-08T22:48:10.251+0000: 1571.060: [GC [PSYoungGen: 119968K->1330K(118016K)] 357900K->239350K(804992K), 0.0123960 secs] [Times: user=0.07 sys=0.00, real=0.01 secs] 
2014-07-08T22:48:12.105+0000: 1572.914: [GC [PSYoungGen: 118002K->1056K(115968K)] 356022K->239294K(802944K), 0.0104960 secs] [Times: user=0.07 sys=0.00, real=0.01 secs] 
2014-07-08T22:48:14.043+0000: 1574.852: [GC [PSYoungGen: 115936K->1540K(114752K)] 354174K->239835K(801728K), 0.0149370 secs] [Times: user=0.09 sys=0.00, real=0.02 secs] 
2014-07-08T22:48:16.250+0000: 1577.059: [GC [PSYoungGen: 114692K->1184K(112704K)] 352987K->239639K(799680K), 0.0099040 secs] [Times: user=0.06 sys=0.00, real=0.01 secs] 
2014-07-08T22:48:17.664+0000: 1578.473: [GC [PSYoungGen: 112672K->1370K(111232K)] 351127K->239904K(798208K), 0.0096830 secs] [Times: user=0.06 sys=0.00, real=0.01 secs] 
2014-07-08T22:48:19.599+0000: 1580.408: [GC [PSYoungGen: 111194K->1124K(109376K)] 349728K->240071K(796352K), 0.0066280 secs] [Times: user=0.04 sys=0.00, real=0.01 secs] 
2014-07-08T22:48:21.336+0000: 1582.145: [GC [PSYoungGen: 109347K->1390K(108032K)] 348294K->240401K(795008K), 0.0095600 secs] [Times: user=0.05 sys=0.00, real=0.00 secs] 
2014-07-08T22:48:22.470+0000: 1583.279: [GC [PSYoungGen: 108014K->1202K(106304K)] 347025K->240437K(793280K), 0.0181340 secs] [Times: user=0.11 sys=0.00, real=0.02 secs] 
2014-07-08T22:48:23.415+0000: 1584.224: [GC [PSYoungGen: 106290K->1752K(105408K)] 345525K->241051K(792384K), 0.0090100 secs] [Times: user=0.06 sys=0.00, real=0.01 secs] 
2014-07-08T22:48:24.544+0000: 1585.353: [GC [PSYoungGen: 105368K->615K(102784K)] 344667K->240520K(789760K), 0.0147630 secs] [Times: user=0.08 sys=0.00, real=0.02 secs] 
2014-07-08T22:48:25.170+0000: 1585.979: [GC [PSYoungGen: 102759K->1552K(120192K)] 342664K->241513K(807168K), 0.0163080 secs] [Times: user=0.10 sys=0.00, real=0.02 secs] 
2014-07-08T22:48:27.141+0000: 1587.950: [GC [PSYoungGen: 119883K->1572K(124480K)] 359844K->242017K(811456K), 0.0216410 secs] [Times: user=0.14 sys=0.00, real=0.02 secs] 
2014-07-08T22:48:28.510+0000: 1589.319: [GC [PSYoungGen: 124196K->1245K(124480K)] 364641K->241738K(811456K), 0.0100750 secs] [Times: user=0.06 sys=0.00, real=0.01 secs] 
2014-07-08T22:48:30.438+0000: 1591.247: [GC [PSYoungGen: 123841K->1384K(122112K)] 364334K->241957K(809088K), 0.0072490 secs] [Times: user=0.04 sys=0.00, real=0.00 secs] 
2014-07-08T22:48:32.597+0000: 1593.406: [GC [PSYoungGen: 122088K->1504K(120320K)] 362661K->242133K(807296K), 0.0136990 secs] [Times: user=0.08 sys=0.00, real=0.01 secs] 
2014-07-08T22:48:34.618+0000: 1595.427: [GC [PSYoungGen: 120288K->808K(117760K)] 360917K->241919K(804736K), 0.0067690 secs] [Times: user=0.03 sys=0.01, real=0.00 secs] 
2014-07-08T22:48:36.623+0000: 1597.432: [GC [PSYoungGen: 117736K->1750K(116928K)] 358847K->242925K(803904K), 0.0061360 secs] [Times: user=0.04 sys=0.00, real=0.01 secs] 
2014-07-08T22:48:38.225+0000: 1599.034: [GC [PSYoungGen: 116886K->1128K(114560K)] 358061K->242593K(801536K), 0.0106490 secs] [Times: user=0.06 sys=0.00, real=0.01 secs] 
2014-07-08T22:48:39.934+0000: 1600.743: [GC [PSYoungGen: 114536K->1502K(113216K)] 356001K->243047K(800192K), 0.0105030 secs] [Times: user=0.07 sys=0.00, real=0.01 secs] 
2014-07-08T22:48:41.562+0000: 1602.371: [GC [PSYoungGen: 113175K->1056K(111104K)] 354720K->242899K(798080K), 0.0056010 secs] [Times: user=0.03 sys=0.00, real=0.00 secs] 
2014-07-08T22:48:43.350+0000: 1604.159: [GC [PSYoungGen: 111072K->1288K(109760K)] 352915K->243195K(796736K), 0.0123200 secs] [Times: user=0.07 sys=0.00, real=0.01 secs] 
2014-07-08T22:48:44.713+0000: 1605.522: [GC [PSYoungGen: 109703K->1330K(108160K)] 351611K->243301K(795136K), 0.0139160 secs] [Times: user=0.08 sys=0.00, real=0.01 secs] 
2014-07-08T22:48:46.741+0000: 1607.550: [GC [PSYoungGen: 108146K->1284K(106624K)] 350117K->243319K(793600K), 0.0124760 secs] [Times: user=0.08 sys=0.00, real=0.01 secs] 
2014-07-08T22:48:48.583+0000: 1609.391: [GC [PSYoungGen: 106564K->936K(104768K)] 348599K->243243K(791744K), 0.0066650 secs] [Times: user=0.04 sys=0.00, real=0.00 secs] 
2014-07-08T22:48:50.270+0000: 1611.078: [GC [PSYoungGen: 104726K->1742K(104128K)] 347034K->244114K(791104K), 0.0117440 secs] [Times: user=0.07 sys=0.00, real=0.02 secs] 
2014-07-08T22:48:51.323+0000: 1612.132: [GC [PSYoungGen: 104078K->868K(101824K)] 346450K->243641K(788800K), 0.0057290 secs] [Times: user=0.03 sys=0.00, real=0.00 secs] 
2014-07-08T22:48:52.515+0000: 1613.324: [GC [PSYoungGen: 101774K->1572K(101120K)] 344547K->244425K(788096K), 0.0107450 secs] [Times: user=0.07 sys=0.00, real=0.01 secs] 
2014-07-08T22:48:54.150+0000: 1614.959: [GC [PSYoungGen: 101083K->1263K(99456K)] 343936K->244337K(786432K), 0.0114440 secs] [Times: user=0.07 sys=0.00, real=0.02 secs] 
2014-07-08T22:48:55.215+0000: 1616.024: [GC [PSYoungGen: 99439K->1632K(98496K)] 342513K->244803K(785472K), 0.0119400 secs] [Times: user=0.08 sys=0.00, real=0.01 secs] 
2014-07-08T22:48:56.058+0000: 1616.867: [GC [PSYoungGen: 98424K->804K(117056K)] 341594K->244444K(804032K), 0.0207200 secs] [Times: user=0.14 sys=0.00, real=0.02 secs] 
2014-07-08T22:48:57.978+0000: 1618.786: [GC [PSYoungGen: 117026K->1348K(140096K)] 360667K->245052K(827072K), 0.0126090 secs] [Times: user=0.08 sys=0.00, real=0.01 secs] 
2014-07-08T22:48:59.843+0000: 1620.652: [GC [PSYoungGen: 139524K->1376K(137216K)] 383228K->245209K(824192K), 0.0136680 secs] [Times: user=0.10 sys=0.00, real=0.01 secs] 
2014-07-08T22:49:01.601+0000: 1622.409: [GC [PSYoungGen: 137161K->1626K(135168K)] 380994K->245539K(822144K), 0.0085020 secs] [Times: user=0.06 sys=0.00, real=0.01 secs] 
2014-07-08T22:49:03.065+0000: 1623.873: [GC [PSYoungGen: 135129K->690K(131968K)] 379042K->245038K(818944K), 0.0145990 secs] [Times: user=0.09 sys=0.00, real=0.01 secs] 
2014-07-08T22:49:05.334+0000: 1626.143: [GC [PSYoungGen: 131953K->1844K(130944K)] 376302K->246249K(817920K), 0.0109090 secs] [Times: user=0.07 sys=0.00, real=0.01 secs] 
2014-07-08T22:49:06.809+0000: 1627.618: [GC [PSYoungGen: 130932K->1208K(128192K)] 375337K->246153K(815168K), 0.0130440 secs] [Times: user=0.09 sys=0.00, real=0.01 secs] 
2014-07-08T22:49:09.019+0000: 1629.828: [GC [PSYoungGen: 128173K->1516K(126464K)] 373117K->246533K(813440K), 0.0131720 secs] [Times: user=0.09 sys=0.00, real=0.01 secs] 
2014-07-08T22:49:10.561+0000: 1631.370: [GC [PSYoungGen: 126427K->1192K(124160K)] 371444K->246339K(811136K), 0.0073500 secs] [Times: user=0.05 sys=0.00, real=0.01 secs] 
2014-07-08T22:49:11.515+0000: 1632.324: [GC [PSYoungGen: 124136K->1458K(122432K)] 369282K->246701K(809408K), 0.0104730 secs] [Times: user=0.06 sys=0.00, real=0.01 secs] 
2014-07-08T22:49:13.224+0000: 1634.033: [GC [PSYoungGen: 122418K->1454K(120512K)] 367661K->246956K(807488K), 0.0079460 secs] [Times: user=0.04 sys=0.00, real=0.00 secs] 
2014-07-08T22:49:15.202+0000: 1636.011: [GC [PSYoungGen: 120493K->1398K(118592K)] 365994K->246979K(805568K), 0.0129770 secs] [Times: user=0.08 sys=0.00, real=0.02 secs] 
2014-07-08T22:49:16.155+0000: 1636.964: [GC [PSYoungGen: 118545K->1248K(116672K)] 364127K->247063K(803648K), 0.0142460 secs] [Times: user=0.11 sys=0.00, real=0.01 secs] 
2014-07-08T22:49:17.621+0000: 1638.430: [GC [PSYoungGen: 116640K->1888K(115584K)] 362455K->247930K(802560K), 0.0168380 secs] [Times: user=0.13 sys=0.00, real=0.02 secs] 
2014-07-08T22:49:19.099+0000: 1639.908: [GC [PSYoungGen: 115528K->686K(112640K)] 361569K->247209K(799616K), 0.0080980 secs] [Times: user=0.05 sys=0.00, real=0.01 secs] 
2014-07-08T22:49:20.447+0000: 1641.256: [GC [PSYoungGen: 112622K->1522K(111808K)] 359145K->248094K(798784K), 0.0140580 secs] [Times: user=0.09 sys=0.00, real=0.01 secs] 
2014-07-08T22:49:21.913+0000: 1642.722: [GC [PSYoungGen: 111794K->1412K(110144K)] 358366K->248373K(797120K), 0.0182110 secs] [Times: user=0.12 sys=0.00, real=0.02 secs] 
2014-07-08T22:49:23.267+0000: 1644.076: [GC [PSYoungGen: 110083K->1092K(108224K)] 357045K->248101K(795200K), 0.0052340 secs] [Times: user=0.02 sys=0.00, real=0.00 secs] 
2014-07-08T22:49:24.586+0000: 1645.395: [GC [PSYoungGen: 108096K->1533K(107072K)] 355105K->248615K(794048K), 0.0066020 secs] [Times: user=0.04 sys=0.00, real=0.00 secs] 
2014-07-08T22:49:25.715+0000: 1646.524: [GC [PSYoungGen: 107069K->1608K(105728K)] 354151K->248761K(792704K), 0.0120450 secs] [Times: user=0.08 sys=0.00, real=0.02 secs] 
2014-07-08T22:49:26.742+0000: 1647.550: [GC [PSYoungGen: 105608K->953K(103552K)] 352762K->248629K(790528K), 0.0060710 secs] [Times: user=0.04 sys=0.00, real=0.01 secs] 
2014-07-08T22:49:27.996+0000: 1648.805: [GC [PSYoungGen: 103543K->1835K(103040K)] 351219K->249575K(790016K), 0.0032300 secs] [Times: user=0.01 sys=0.00, real=0.00 secs] 
2014-07-08T22:49:28.999+0000: 1649.808: [GC [PSYoungGen: 103019K->1202K(100992K)] 350759K->249369K(787968K), 0.0031600 secs] [Times: user=0.02 sys=0.00, real=0.00 secs] 
2014-07-08T22:49:30.445+0000: 1651.254: [GC [PSYoungGen: 100978K->1298K(99776K)] 349145K->249497K(786752K), 0.0106240 secs] [Times: user=0.06 sys=0.00, real=0.02 secs] 
2014-07-08T22:49:31.222+0000: 1652.031: [GC [PSYoungGen: 99692K->1266K(98368K)] 347891K->249611K(785344K), 0.0049080 secs] [Times: user=0.03 sys=0.00, real=0.01 secs] 
2014-07-08T22:49:32.379+0000: 1653.188: [GC [PSYoungGen: 98307K->1356K(97216K)] 346652K->249789K(784192K), 0.0098350 secs] [Times: user=0.06 sys=0.00, real=0.01 secs] 
2014-07-08T22:49:33.419+0000: 1654.228: [GC [PSYoungGen: 97162K->1450K(96000K)] 345595K->250003K(782976K), 0.0073190 secs] [Times: user=0.05 sys=0.01, real=0.00 secs] 
2014-07-08T22:49:34.758+0000: 1655.567: [GC [PSYoungGen: 95978K->1582K(94912K)] 344531K->250231K(781888K), 0.0058130 secs] [Times: user=0.03 sys=0.00, real=0.00 secs] 
2014-07-08T22:49:36.008+0000: 1656.817: [GC [PSYoungGen: 94894K->936K(93056K)] 343543K->249825K(780032K), 0.0089260 secs] [Times: user=0.05 sys=0.00, real=0.01 secs] 
2014-07-08T22:49:36.796+0000: 1657.604: [GC [PSYoungGen: 93009K->1804K(92800K)] 341898K->250789K(779776K), 0.0110620 secs] [Times: user=0.08 sys=0.00, real=0.01 secs] 
2014-07-08T22:49:37.711+0000: 1658.520: [GC [PSYoungGen: 92748K->1206K(110400K)] 341733K->250319K(797376K), 0.0193750 secs] [Times: user=0.11 sys=0.00, real=0.02 secs] 
2014-07-08T22:49:38.759+0000: 1659.568: [GC [PSYoungGen: 110390K->1614K(123648K)] 359503K->250815K(810624K), 0.0270890 secs] [Times: user=0.21 sys=0.00, real=0.02 secs] 
2014-07-08T22:49:40.223+0000: 1661.032: [GC [PSYoungGen: 123180K->1502K(133184K)] 372381K->250767K(820160K), 0.0157260 secs] [Times: user=0.11 sys=0.00, real=0.02 secs] 
2014-07-08T22:49:41.835+0000: 1662.644: [GC [PSYoungGen: 132603K->1256K(133120K)] 381868K->250585K(820096K), 0.0177900 secs] [Times: user=0.11 sys=0.01, real=0.02 secs] 
2014-07-08T22:49:42.974+0000: 1663.783: [GC [PSYoungGen: 132352K->1707K(159296K)] 381681K->251100K(846272K), 0.0107780 secs] [Times: user=0.07 sys=0.00, real=0.01 secs] 
2014-07-08T22:49:45.004+0000: 1665.812: [GC [PSYoungGen: 158978K->1376K(155776K)] 408371K->250849K(842752K), 0.0075410 secs] [Times: user=0.04 sys=0.01, real=0.01 secs] 
2014-07-08T22:49:46.675+0000: 1667.484: [GC [PSYoungGen: 155744K->676K(152192K)] 405217K->250731K(839168K), 0.0090700 secs] [Times: user=0.06 sys=0.00, real=0.01 secs] 
2014-07-08T22:49:48.237+0000: 1669.046: [GC [PSYoungGen: 152164K->1956K(150720K)] 402219K->252068K(837696K), 0.0093760 secs] [Times: user=0.05 sys=0.00, real=0.01 secs] 
2014-07-08T22:49:50.067+0000: 1670.876: [GC [PSYoungGen: 150692K->1326K(147392K)] 400804K->251871K(834368K), 0.0062790 secs] [Times: user=0.04 sys=0.01, real=0.01 secs] 
2014-07-08T22:49:51.582+0000: 1672.390: [GC [PSYoungGen: 147374K->1448K(144896K)] 397919K->252073K(831872K), 0.0077950 secs] [Times: user=0.05 sys=0.00, real=0.01 secs] 
2014-07-08T22:49:53.286+0000: 1674.095: [GC [PSYoungGen: 144836K->1590K(142464K)] 395461K->252303K(829440K), 0.0069030 secs] [Times: user=0.04 sys=0.00, real=0.01 secs] 
2014-07-08T22:49:54.841+0000: 1675.650: [GC [PSYoungGen: 142454K->1433K(139904K)] 393167K->252202K(826880K), 0.0040810 secs] [Times: user=0.03 sys=0.00, real=0.00 secs] 
2014-07-08T22:49:56.368+0000: 1677.177: [GC [PSYoungGen: 139865K->1188K(137280K)] 390634K->252215K(824256K), 0.0065590 secs] [Times: user=0.04 sys=0.00, real=0.01 secs] 
2014-07-08T22:49:57.785+0000: 1678.594: [GC [PSYoungGen: 137252K->1344K(135168K)] 388279K->252419K(822144K), 0.0132140 secs] [Times: user=0.08 sys=0.00, real=0.01 secs] 
2014-07-08T22:49:59.124+0000: 1679.933: [GC [PSYoungGen: 135104K->1376K(132928K)] 386179K->252523K(819904K), 0.0050100 secs] [Times: user=0.02 sys=0.01, real=0.00 secs] 
2014-07-08T22:50:00.933+0000: 1681.742: [GC [PSYoungGen: 132896K->1238K(130624K)] 384043K->252465K(817600K), 0.0126670 secs] [Times: user=0.07 sys=0.00, real=0.01 secs] 
2014-07-08T22:50:02.277+0000: 1683.086: [GC [PSYoungGen: 130581K->1174K(128448K)] 381809K->252465K(815424K), 0.0116220 secs] [Times: user=0.07 sys=0.00, real=0.01 secs] 
2014-07-08T22:50:03.811+0000: 1684.620: [GC [PSYoungGen: 128385K->1170K(126400K)] 379676K->252549K(813376K), 0.0095150 secs] [Times: user=0.05 sys=0.01, real=0.00 secs] 
2014-07-08T22:50:05.750+0000: 1686.559: [GC [PSYoungGen: 126354K->1416K(124672K)] 377733K->252867K(811648K), 0.0055740 secs] [Times: user=0.04 sys=0.00, real=0.01 secs] 
2014-07-08T22:50:06.798+0000: 1687.607: [GC [PSYoungGen: 124616K->1394K(122624K)] 376067K->252925K(809600K), 0.0079770 secs] [Times: user=0.05 sys=0.00, real=0.01 secs] 
2014-07-08T22:50:08.492+0000: 1689.301: [GC [PSYoungGen: 122610K->992K(120320K)] 374141K->252797K(807296K), 0.0102160 secs] [Times: user=0.05 sys=0.00, real=0.02 secs] 
2014-07-08T22:50:09.729+0000: 1690.537: [GC [PSYoungGen: 120288K->1766K(119232K)] 372093K->253652K(806208K), 0.0040430 secs] [Times: user=0.03 sys=0.00, real=0.01 secs] 
2014-07-08T22:50:11.267+0000: 1692.076: [GC [PSYoungGen: 119206K->932K(116608K)] 371091K->253155K(803584K), 0.0099120 secs] [Times: user=0.06 sys=0.00, real=0.01 secs] 
2014-07-08T22:50:12.417+0000: 1693.226: [GC [PSYoungGen: 116580K->1452K(115392K)] 368803K->253739K(802368K), 0.0092950 secs] [Times: user=0.05 sys=0.00, real=0.01 secs] 
2014-07-08T22:50:13.675+0000: 1694.484: [GC [PSYoungGen: 115372K->1470K(113664K)] 367659K->253953K(800640K), 0.0074990 secs] [Times: user=0.05 sys=0.00, real=0.00 secs] 
2014-07-08T22:50:14.796+0000: 1695.605: [GC [PSYoungGen: 113650K->1562K(112128K)] 366134K->254201K(799104K), 0.0094520 secs] [Times: user=0.05 sys=0.00, real=0.01 secs] 
2014-07-08T22:50:15.681+0000: 1696.490: [GC [PSYoungGen: 112090K->676K(109632K)] 364729K->253747K(796608K), 0.0154930 secs] [Times: user=0.11 sys=0.00, real=0.02 secs] 
2014-07-08T22:50:16.687+0000: 1697.495: [GC [PSYoungGen: 109604K->1892K(109248K)] 362675K->255036K(796224K), 0.0047020 secs] [Times: user=0.02 sys=0.00, real=0.00 secs] 
2014-07-08T22:50:17.795+0000: 1698.604: [GC [PSYoungGen: 109218K->1270K(107072K)] 362361K->254863K(794048K), 0.0112200 secs] [Times: user=0.06 sys=0.00, real=0.01 secs] 
2014-07-08T22:50:19.006+0000: 1699.814: [GC [PSYoungGen: 107062K->1590K(105856K)] 360655K->255264K(792832K), 0.0103580 secs] [Times: user=0.06 sys=0.00, real=0.01 secs] 
2014-07-08T22:50:20.012+0000: 1700.821: [GC [PSYoungGen: 105839K->1390K(104192K)] 359513K->255215K(791168K), 0.0080720 secs] [Times: user=0.04 sys=0.00, real=0.01 secs] 
2014-07-08T22:50:20.762+0000: 1701.571: [GC [PSYoungGen: 104174K->1504K(102912K)] 357999K->255417K(789888K), 0.0087580 secs] [Times: user=0.06 sys=0.00, real=0.01 secs] 
2014-07-08T22:50:21.981+0000: 1702.790: [GC [PSYoungGen: 102880K->1202K(101184K)] 356793K->255349K(788160K), 0.0055020 secs] [Times: user=0.03 sys=0.00, real=0.01 secs] 
2014-07-08T22:50:22.861+0000: 1703.670: [GC [PSYoungGen: 101170K->1430K(100096K)] 355317K->255673K(787072K), 0.0039210 secs] [Times: user=0.01 sys=0.00, real=0.01 secs] 
2014-07-08T22:50:23.954+0000: 1704.763: [GC [PSYoungGen: 100054K->1322K(98624K)] 354297K->255702K(785600K), 0.0099350 secs] [Times: user=0.05 sys=0.00, real=0.01 secs] 
2014-07-08T22:50:25.231+0000: 1706.040: [GC [PSYoungGen: 98598K->1502K(97536K)] 352978K->255961K(784512K), 0.0049010 secs] [Times: user=0.02 sys=0.00, real=0.01 secs] 
2014-07-08T22:50:26.050+0000: 1706.859: [GC [PSYoungGen: 97502K->1010K(95744K)] 351961K->255701K(782720K), 0.0139860 secs] [Times: user=0.08 sys=0.00, real=0.01 secs] 
2014-07-08T22:50:26.769+0000: 1707.578: [GC [PSYoungGen: 95719K->1630K(115328K)] 350411K->256385K(802304K), 0.0098660 secs] [Times: user=0.05 sys=0.00, real=0.01 secs] 
2014-07-08T22:50:27.316+0000: 1708.125: [GC [PSYoungGen: 115292K->1074K(137536K)] 370048K->256376K(824512K), 0.0090900 secs] [Times: user=0.06 sys=0.00, real=0.01 secs] 
2014-07-08T22:50:28.403+0000: 1709.212: [GC [PSYoungGen: 137503K->1484K(138752K)] 392805K->256833K(825728K), 0.0055910 secs] [Times: user=0.03 sys=0.00, real=0.01 secs] 
2014-07-08T22:50:29.293+0000: 1710.102: [GC [PSYoungGen: 138316K->1384K(135872K)] 393665K->257037K(822848K), 0.0056030 secs] [Times: user=0.02 sys=0.00, real=0.01 secs] 
2014-07-08T22:50:30.278+0000: 1711.087: [GC [PSYoungGen: 135819K->1533K(133696K)] 391473K->257226K(820672K), 0.0122420 secs] [Times: user=0.07 sys=0.00, real=0.01 secs] 
2014-07-08T22:50:31.365+0000: 1712.174: [GC [PSYoungGen: 133667K->818K(130816K)] 389361K->256861K(817792K), 0.0094740 secs] [Times: user=0.05 sys=0.00, real=0.00 secs] 
2014-07-08T22:50:32.618+0000: 1713.426: [GC [PSYoungGen: 130802K->1462K(129280K)] 386845K->257562K(816256K), 0.0117760 secs] [Times: user=0.07 sys=0.00, real=0.01 secs] 
2014-07-08T22:50:34.673+0000: 1715.482: [GC [PSYoungGen: 129270K->1448K(127168K)] 385370K->257717K(814144K), 0.0199910 secs] [Times: user=0.14 sys=0.00, real=0.02 secs] 
2014-07-08T22:50:35.752+0000: 1716.561: [GC [PSYoungGen: 127144K->1774K(152640K)] 383413K->258124K(839616K), 0.0145370 secs] [Times: user=0.09 sys=0.00, real=0.02 secs] 
2014-07-08T22:50:37.282+0000: 1718.091: [GC [PSYoungGen: 152622K->494K(148608K)] 408972K->257684K(835584K), 0.0035520 secs] [Times: user=0.02 sys=0.00, real=0.00 secs] 
2014-07-08T22:50:39.364+0000: 1720.172: [GC [PSYoungGen: 148590K->1908K(147328K)] 405780K->259310K(834304K), 0.0148020 secs] [Times: user=0.09 sys=0.00, real=0.02 secs] 
2014-07-08T22:50:41.591+0000: 1722.400: [GC [PSYoungGen: 147316K->1438K(144320K)] 404718K->259344K(831296K), 0.0117660 secs] [Times: user=0.08 sys=0.00, real=0.01 secs] 
2014-07-08T22:50:42.884+0000: 1723.693: [GC [PSYoungGen: 144253K->1662K(142016K)] 402159K->259782K(828992K), 0.0212730 secs] [Times: user=0.12 sys=0.00, real=0.02 secs] 
2014-07-08T22:50:44.036+0000: 1724.845: [GC [PSYoungGen: 142014K->1010K(138944K)] 400134K->259476K(825920K), 0.0070630 secs] [Times: user=0.04 sys=0.00, real=0.01 secs] 
2014-07-08T22:50:45.137+0000: 1725.946: [GC [PSYoungGen: 138909K->1516K(159616K)] 397375K->260062K(846592K), 0.0197420 secs] [Times: user=0.13 sys=0.00, real=0.02 secs] 
2014-07-08T22:50:47.228+0000: 1728.037: [GC [PSYoungGen: 159084K->1742K(167424K)] 417630K->260500K(854400K), 0.0183470 secs] [Times: user=0.12 sys=0.00, real=0.01 secs] 
2014-07-08T22:50:48.991+0000: 1729.799: [GC [PSYoungGen: 167148K->1518K(167488K)] 425906K->260316K(854464K), 0.0171590 secs] [Times: user=0.12 sys=0.00, real=0.01 secs] 
2014-07-08T22:50:50.869+0000: 1731.678: [GC [PSYoungGen: 166958K->1824K(164096K)] 425756K->260663K(851072K), 0.0053370 secs] [Times: user=0.02 sys=0.00, real=0.00 secs] 
2014-07-08T22:50:52.376+0000: 1733.185: [GC [PSYoungGen: 164064K->1480K(160704K)] 422903K->260406K(847680K), 0.0072080 secs] [Times: user=0.04 sys=0.00, real=0.01 secs] 
2014-07-08T22:50:54.376+0000: 1735.185: [GC [PSYoungGen: 160648K->750K(156928K)] 419574K->260265K(843904K), 0.0074950 secs] [Times: user=0.06 sys=0.00, real=0.01 secs] 
2014-07-08T22:50:55.831+0000: 1736.640: [GC [PSYoungGen: 156902K->1748K(155008K)] 416417K->261334K(841984K), 0.0051830 secs] [Times: user=0.03 sys=0.00, real=0.00 secs] 
2014-07-08T22:50:56.965+0000: 1737.774: [GC [PSYoungGen: 154964K->1138K(151552K)] 414550K->261216K(838528K), 0.0090600 secs] [Times: user=0.05 sys=0.00, real=0.01 secs] 
2014-07-08T22:50:59.069+0000: 1739.878: [GC [PSYoungGen: 151538K->1288K(148992K)] 411616K->261438K(835968K), 0.0085980 secs] [Times: user=0.06 sys=0.00, real=0.01 secs] 
2014-07-08T22:51:01.221+0000: 1742.029: [GC [PSYoungGen: 148936K->1156K(146176K)] 409086K->261362K(833152K), 0.0034310 secs] [Times: user=0.02 sys=0.00, real=0.00 secs] 
2014-07-08T22:51:02.357+0000: 1743.166: [GC [PSYoungGen: 146108K->1345K(143808K)] 406315K->261584K(830784K), 0.0052250 secs] [Times: user=0.02 sys=0.00, real=0.01 secs] 
2014-07-08T22:51:04.230+0000: 1745.039: [GC [PSYoungGen: 143745K->1526K(141440K)] 403984K->261805K(828416K), 0.0043950 secs] [Times: user=0.02 sys=0.00, real=0.00 secs] 
2014-07-08T22:51:05.586+0000: 1746.395: [GC [PSYoungGen: 141426K->1278K(138752K)] 401705K->261580K(825728K), 0.0222930 secs] [Times: user=0.14 sys=0.00, real=0.02 secs] 
2014-07-08T22:51:07.576+0000: 1748.385: [GC [PSYoungGen: 138750K->1188K(136320K)] 399052K->261659K(823296K), 0.0079060 secs] [Times: user=0.05 sys=0.00, real=0.01 secs] 
2014-07-08T22:51:08.853+0000: 1749.662: [GC [PSYoungGen: 136292K->1486K(134336K)] 396763K->262021K(821312K), 0.0083630 secs] [Times: user=0.05 sys=0.00, real=0.01 secs] 
2014-07-08T22:51:10.324+0000: 1751.132: [GC [PSYoungGen: 134286K->1128K(131712K)] 394821K->261766K(818688K), 0.0104760 secs] [Times: user=0.07 sys=0.00, real=0.01 secs] 
2014-07-08T22:51:12.234+0000: 1753.043: [GC [PSYoungGen: 131688K->1484K(129920K)] 392326K->262194K(816896K), 0.0075460 secs] [Times: user=0.04 sys=0.00, real=0.00 secs] 
2014-07-08T22:51:13.572+0000: 1754.381: [GC [PSYoungGen: 129868K->1198K(127488K)] 390578K->262077K(814464K), 0.0071070 secs] [Times: user=0.04 sys=0.00, real=0.00 secs] 
2014-07-08T22:51:15.202+0000: 1756.011: [GC [PSYoungGen: 127427K->1622K(125888K)] 388306K->262597K(812864K), 0.0144100 secs] [Times: user=0.09 sys=0.00, real=0.01 secs] 
2014-07-08T22:51:16.095+0000: 1756.904: [GC [PSYoungGen: 125846K->892K(123136K)] 386821K->262106K(810112K), 0.0049660 secs] [Times: user=0.03 sys=0.00, real=0.00 secs] 
2014-07-08T22:51:17.753+0000: 1758.562: [GC [PSYoungGen: 123132K->1388K(121728K)] 384346K->262658K(808704K), 0.0101180 secs] [Times: user=0.06 sys=0.00, real=0.01 secs] 
2014-07-08T22:51:19.420+0000: 1760.229: [GC [PSYoungGen: 121708K->1544K(120064K)] 382978K->262977K(807040K), 0.0125720 secs] [Times: user=0.08 sys=0.00, real=0.02 secs] 
2014-07-08T22:51:20.568+0000: 1761.377: [GC [PSYoungGen: 120008K->1366K(118016K)] 381441K->262878K(804992K), 0.0108360 secs] [Times: user=0.08 sys=0.00, real=0.01 secs] 
2014-07-08T22:51:21.963+0000: 1762.772: [GC [PSYoungGen: 117943K->754K(115584K)] 379456K->263088K(802560K), 0.0130490 secs] [Times: user=0.07 sys=0.00, real=0.02 secs] 
2014-07-08T22:51:23.323+0000: 1764.132: [GC [PSYoungGen: 115570K->1584K(114688K)] 377904K->263974K(801664K), 0.0082250 secs] [Times: user=0.05 sys=0.00, real=0.00 secs] 
2014-07-08T22:51:24.844+0000: 1765.653: [GC [PSYoungGen: 114646K->1312K(112768K)] 377036K->264192K(799744K), 0.0037540 secs] [Times: user=0.02 sys=0.00, real=0.01 secs] 
2014-07-08T22:51:26.476+0000: 1767.285: [GC [PSYoungGen: 112722K->1825K(111616K)] 375602K->264904K(798592K), 0.0215270 secs] [Times: user=0.14 sys=0.00, real=0.02 secs] 
2014-07-08T22:51:28.263+0000: 1769.072: [GC [PSYoungGen: 111585K->562K(108736K)] 374664K->264379K(795712K), 0.0069620 secs] [Times: user=0.04 sys=0.00, real=0.01 secs] 
2014-07-08T22:51:30.022+0000: 1770.831: [GC [PSYoungGen: 108720K->1996K(108672K)] 372537K->265885K(795648K), 0.0046750 secs] [Times: user=0.02 sys=0.00, real=0.01 secs] 
2014-07-08T22:51:31.026+0000: 1771.835: [GC [PSYoungGen: 108620K->1480K(106624K)] 372509K->265835K(793600K), 0.0042400 secs] [Times: user=0.02 sys=0.00, real=0.00 secs] 
2014-07-08T22:51:32.105+0000: 1772.914: [GC [PSYoungGen: 106568K->1124K(104768K)] 370923K->265559K(791744K), 0.0112070 secs] [Times: user=0.07 sys=0.00, real=0.01 secs] 
2014-07-08T22:51:33.567+0000: 1774.376: [GC [PSYoungGen: 104740K->1576K(103744K)] 369175K->266115K(790720K), 0.0064800 secs] [Times: user=0.04 sys=0.00, real=0.00 secs] 
2014-07-08T22:51:34.408+0000: 1775.216: [GC [PSYoungGen: 103707K->1238K(102016K)] 368246K->265841K(788992K), 0.0113750 secs] [Times: user=0.07 sys=0.00, real=0.01 secs] 
2014-07-08T22:51:36.228+0000: 1777.037: [GC [PSYoungGen: 101973K->1377K(100736K)] 366576K->266100K(787712K), 0.0127160 secs] [Times: user=0.08 sys=0.00, real=0.01 secs] 
2014-07-08T22:51:37.205+0000: 1778.014: [GC [PSYoungGen: 100688K->1459K(99456K)] 365411K->266294K(786432K), 0.0098970 secs] [Times: user=0.07 sys=0.00, real=0.01 secs] 
2014-07-08T22:51:39.164+0000: 1779.973: [GC [PSYoungGen: 99443K->1273K(97920K)] 364278K->266427K(784896K), 0.0229770 secs] [Times: user=0.14 sys=0.00, real=0.03 secs] 
2014-07-08T22:51:40.361+0000: 1781.169: [GC [PSYoungGen: 97913K->1810K(97216K)] 363067K->267044K(784192K), 0.0120760 secs] [Times: user=0.08 sys=0.00, real=0.01 secs] 
2014-07-08T22:51:41.684+0000: 1782.493: [GC [PSYoungGen: 97162K->864K(94976K)] 362395K->266669K(781952K), 0.0127560 secs] [Times: user=0.09 sys=0.00, real=0.02 secs] 
2014-07-08T22:51:43.144+0000: 1783.952: [GC [PSYoungGen: 94942K->1957K(94848K)] 360747K->267819K(781824K), 0.0097470 secs] [Times: user=0.06 sys=0.00, real=0.01 secs] 
2014-07-08T22:51:44.631+0000: 1785.440: [GC [PSYoungGen: 94782K->1274K(92928K)] 360643K->267429K(779904K), 0.0108490 secs] [Times: user=0.07 sys=0.00, real=0.01 secs] 
2014-07-08T22:51:45.818+0000: 1786.627: [GC [PSYoungGen: 92922K->1554K(92096K)] 359077K->267798K(779072K), 0.0107600 secs] [Times: user=0.07 sys=0.00, real=0.01 secs] 
2014-07-08T22:51:46.900+0000: 1787.709: [GC [PSYoungGen: 92050K->1252K(90624K)] 358294K->267567K(777600K), 0.0046040 secs] [Times: user=0.02 sys=0.00, real=0.00 secs] 
2014-07-08T22:51:47.840+0000: 1788.649: [GC [PSYoungGen: 90594K->1452K(89728K)] 356909K->267839K(776704K), 0.0085960 secs] [Times: user=0.05 sys=0.00, real=0.01 secs] 
2014-07-08T22:51:48.982+0000: 1789.790: [GC [PSYoungGen: 89708K->1384K(88576K)] 356095K->267923K(775552K), 0.0107160 secs] [Times: user=0.07 sys=0.00, real=0.01 secs] 
2014-07-08T22:51:49.807+0000: 1790.616: [GC [PSYoungGen: 88552K->1408K(87552K)] 355091K->268060K(774528K), 0.0126550 secs] [Times: user=0.09 sys=0.00, real=0.01 secs] 
2014-07-08T22:51:50.581+0000: 1791.390: [GC [PSYoungGen: 87488K->1134K(104448K)] 354140K->268075K(791424K), 0.0114000 secs] [Times: user=0.08 sys=0.00, real=0.01 secs] 
2014-07-08T22:51:51.839+0000: 1792.648: [GC [PSYoungGen: 104430K->1550K(103424K)] 371371K->268563K(790400K), 0.0075460 secs] [Times: user=0.04 sys=0.00, real=0.00 secs] 
2014-07-08T22:51:53.429+0000: 1794.238: [GC [PSYoungGen: 103350K->1134K(101568K)] 370364K->268323K(788544K), 0.0181660 secs] [Times: user=0.12 sys=0.00, real=0.01 secs] 
2014-07-08T22:51:55.107+0000: 1795.916: [GC [PSYoungGen: 101524K->1900K(100992K)] 368713K->269122K(787968K), 0.0069170 secs] [Times: user=0.03 sys=0.00, real=0.01 secs] 
2014-07-08T22:51:57.065+0000: 1797.873: [GC [PSYoungGen: 100930K->808K(98560K)] 368152K->268696K(785536K), 0.0213290 secs] [Times: user=0.13 sys=0.00, real=0.02 secs] 
2014-07-08T22:51:58.228+0000: 1799.037: [GC [PSYoungGen: 98535K->1676K(98176K)] 366423K->269686K(785152K), 0.0138520 secs] [Times: user=0.10 sys=0.00, real=0.02 secs] 
2014-07-08T22:51:59.883+0000: 1800.691: [GC [PSYoungGen: 98124K->1302K(96512K)] 366134K->269604K(783488K), 0.0112430 secs] [Times: user=0.07 sys=0.00, real=0.01 secs] 
2014-07-08T22:52:01.600+0000: 1802.409: [GC [PSYoungGen: 96470K->1274K(95168K)] 364772K->269624K(782144K), 0.0107840 secs] [Times: user=0.04 sys=0.01, real=0.01 secs] 
2014-07-08T22:52:03.325+0000: 1804.134: [GC [PSYoungGen: 95162K->1280K(94016K)] 363512K->269702K(780992K), 0.0060920 secs] [Times: user=0.04 sys=0.00, real=0.01 secs] 
2014-07-08T22:52:04.718+0000: 1805.527: [GC [PSYoungGen: 93952K->1234K(92736K)] 362374K->269720K(779712K), 0.0101390 secs] [Times: user=0.06 sys=0.00, real=0.01 secs] 
2014-07-08T22:52:06.345+0000: 1807.154: [GC [PSYoungGen: 92690K->1405K(91712K)] 361176K->270048K(778688K), 0.0108990 secs] [Times: user=0.08 sys=0.00, real=0.01 secs] 
2014-07-08T22:52:07.767+0000: 1808.576: [GC [PSYoungGen: 91709K->1452K(90624K)] 360352K->270167K(777600K), 0.0078510 secs] [Times: user=0.04 sys=0.00, real=0.01 secs] 
2014-07-08T22:52:09.396+0000: 1810.205: [GC [PSYoungGen: 90596K->1141K(89216K)] 359311K->270146K(776192K), 0.0106690 secs] [Times: user=0.08 sys=0.00, real=0.01 secs] 
2014-07-08T22:52:10.727+0000: 1811.535: [GC [PSYoungGen: 89205K->1206K(88192K)] 358210K->270267K(775168K), 0.0089760 secs] [Times: user=0.05 sys=0.00, real=0.01 secs] 
2014-07-08T22:52:11.583+0000: 1812.392: [GC [PSYoungGen: 88182K->1398K(87296K)] 357243K->270727K(774272K), 0.0069400 secs] [Times: user=0.05 sys=0.00, real=0.00 secs] 
2014-07-08T22:52:12.616+0000: 1813.424: [GC [PSYoungGen: 87259K->1458K(86336K)] 356588K->270883K(773312K), 0.0070510 secs] [Times: user=0.05 sys=0.00, real=0.01 secs] 
2014-07-08T22:52:14.213+0000: 1815.021: [GC [PSYoungGen: 86322K->996K(84864K)] 355747K->270897K(771840K), 0.0151300 secs] [Times: user=0.10 sys=0.00, real=0.01 secs] 
2014-07-08T22:52:15.595+0000: 1816.403: [GC [PSYoungGen: 84836K->1326K(84160K)] 354737K->271291K(771136K), 0.0184730 secs] [Times: user=0.14 sys=0.00, real=0.02 secs] 
2014-07-08T22:52:16.270+0000: 1817.079: [GC [PSYoungGen: 84095K->1404K(83264K)] 354060K->271537K(770240K), 0.0080630 secs] [Times: user=0.05 sys=0.00, real=0.01 secs] 
2014-07-08T22:52:17.603+0000: 1818.412: [GC [PSYoungGen: 83260K->1174K(82112K)] 353393K->271355K(769088K), 0.0139570 secs] [Times: user=0.07 sys=0.00, real=0.01 secs] 
2014-07-08T22:52:19.229+0000: 1820.038: [GC [PSYoungGen: 82070K->1142K(81088K)] 352251K->271411K(768064K), 0.0096560 secs] [Times: user=0.06 sys=0.01, real=0.01 secs] 
2014-07-08T22:52:20.689+0000: 1821.497: [GC [PSYoungGen: 81078K->1476K(80576K)] 351347K->271825K(767552K), 0.0079010 secs] [Times: user=0.04 sys=0.01, real=0.01 secs] 
2014-07-08T22:52:21.209+0000: 1822.017: [GC [PSYoungGen: 80516K->1056K(79232K)] 350865K->271639K(766208K), 0.0072000 secs] [Times: user=0.03 sys=0.00, real=0.01 secs] 
2014-07-08T22:52:22.796+0000: 1823.604: [GC [PSYoungGen: 79174K->1572K(78848K)] 349757K->272251K(765824K), 0.0108570 secs] [Times: user=0.06 sys=0.00, real=0.01 secs] 
2014-07-08T22:52:24.064+0000: 1824.873: [GC [PSYoungGen: 78789K->950K(77376K)] 349468K->271893K(764352K), 0.0061630 secs] [Times: user=0.04 sys=0.00, real=0.00 secs] 
2014-07-08T22:52:24.768+0000: 1825.577: [GC [PSYoungGen: 77348K->1626K(93376K)] 348291K->272665K(780352K), 0.0152190 secs] [Times: user=0.10 sys=0.00, real=0.02 secs] 
2014-07-08T22:52:26.187+0000: 1826.996: [GC [PSYoungGen: 93338K->1142K(111232K)] 364377K->272397K(798208K), 0.0160380 secs] [Times: user=0.10 sys=0.00, real=0.02 secs] 
2014-07-08T22:52:28.238+0000: 1829.047: [GC [PSYoungGen: 111222K->1220K(109760K)] 382477K->272573K(796736K), 0.0089940 secs] [Times: user=0.05 sys=0.00, real=0.01 secs] 
2014-07-08T22:52:29.162+0000: 1829.971: [GC [PSYoungGen: 109649K->1331K(108224K)] 381002K->272821K(795200K), 0.0055410 secs] [Times: user=0.03 sys=0.01, real=0.01 secs] 
2014-07-08T22:52:31.149+0000: 1831.958: [GC [PSYoungGen: 108211K->1440K(106816K)] 379701K->273009K(793792K), 0.0056510 secs] [Times: user=0.02 sys=0.00, real=0.01 secs] 
2014-07-08T22:52:32.862+0000: 1833.671: [GC [PSYoungGen: 106784K->954K(104832K)] 378353K->272755K(791808K), 0.0191250 secs] [Times: user=0.12 sys=0.00, real=0.02 secs] 
2014-07-08T22:52:33.639+0000: 1834.448: [GC [PSYoungGen: 104826K->1742K(126464K)] 376627K->273608K(813440K), 0.0143890 secs] [Times: user=0.05 sys=0.00, real=0.01 secs] 
2014-07-08T22:52:35.157+0000: 1835.966: [GC [PSYoungGen: 126414K->882K(123584K)] 398280K->273133K(810560K), 0.0102880 secs] [Times: user=0.07 sys=0.00, real=0.01 secs] 
2014-07-08T22:52:37.524+0000: 1838.332: [GC [PSYoungGen: 123570K->1636K(122432K)] 395821K->273928K(809408K), 0.0077000 secs] [Times: user=0.04 sys=0.00, real=0.01 secs] 
2014-07-08T22:52:39.031+0000: 1839.839: [GC [PSYoungGen: 122404K->1184K(120064K)] 394695K->273805K(807040K), 0.0067040 secs] [Times: user=0.03 sys=0.00, real=0.01 secs] 
2014-07-08T22:52:41.224+0000: 1842.033: [GC [PSYoungGen: 120032K->1678K(118720K)] 392653K->274340K(805696K), 0.0075840 secs] [Times: user=0.05 sys=0.00, real=0.01 secs] 
2014-07-08T22:52:42.571+0000: 1843.380: [GC [PSYoungGen: 118646K->958K(116160K)] 391308K->274284K(803136K), 0.0069140 secs] [Times: user=0.04 sys=0.00, real=0.01 secs] 
2014-07-08T22:52:44.779+0000: 1845.588: [GC [PSYoungGen: 116158K->1818K(115328K)] 389484K->275208K(802304K), 0.0127560 secs] [Times: user=0.09 sys=0.01, real=0.01 secs] 
2014-07-08T22:52:45.946+0000: 1846.754: [GC [PSYoungGen: 115290K->1206K(112960K)] 388680K->274944K(799936K), 0.0069960 secs] [Times: user=0.04 sys=0.01, real=0.01 secs] 
2014-07-08T22:52:47.977+0000: 1848.786: [GC [PSYoungGen: 112950K->1546K(111680K)] 386688K->275348K(798656K), 0.0147630 secs] [Times: user=0.10 sys=0.00, real=0.01 secs] 
2014-07-08T22:52:50.000+0000: 1850.809: [GC [PSYoungGen: 111626K->1202K(109696K)] 385428K->275156K(796672K), 0.0249950 secs] [Times: user=0.16 sys=0.00, real=0.02 secs] 
2014-07-08T22:52:51.944+0000: 1852.752: [GC [PSYoungGen: 109647K->1526K(108416K)] 383602K->275560K(795392K), 0.0153540 secs] [Times: user=0.11 sys=0.00, real=0.02 secs] 
2014-07-08T22:52:53.558+0000: 1854.366: [GC [PSYoungGen: 108406K->1276K(106624K)] 382440K->275462K(793600K), 0.0067710 secs] [Times: user=0.04 sys=0.00, real=0.00 secs] 
2014-07-08T22:52:54.514+0000: 1855.323: [GC [PSYoungGen: 106620K->1408K(105344K)] 380806K->275682K(792320K), 0.0112630 secs] [Times: user=0.07 sys=0.00, real=0.01 secs] 
2014-07-08T22:52:55.503+0000: 1856.312: [GC [PSYoungGen: 105249K->1146K(103552K)] 379523K->275660K(790528K), 0.0126530 secs] [Times: user=0.08 sys=0.00, real=0.01 secs] 
2014-07-08T22:52:56.288+0000: 1857.097: [GC [PSYoungGen: 103546K->1518K(102528K)] 378060K->276120K(789504K), 0.0057160 secs] [Times: user=0.02 sys=0.00, real=0.00 secs] 
2014-07-08T22:52:57.625+0000: 1858.434: [GC [PSYoungGen: 102510K->1064K(100672K)] 377112K->275918K(787648K), 0.0100550 secs] [Times: user=0.07 sys=0.00, real=0.01 secs] 
2014-07-08T22:52:59.259+0000: 1860.068: [GC [PSYoungGen: 100623K->1596K(99840K)] 375477K->276546K(786816K), 0.0102770 secs] [Times: user=0.07 sys=0.00, real=0.01 secs] 
2014-07-08T22:53:00.259+0000: 1861.068: [GC [PSYoungGen: 99836K->1060K(97984K)] 374786K->276296K(784960K), 0.0099090 secs] [Times: user=0.06 sys=0.00, real=0.01 secs] 
2014-07-08T22:53:01.721+0000: 1862.530: [GC [PSYoungGen: 97945K->1600K(97280K)] 373182K->276901K(784256K), 0.0152460 secs] [Times: user=0.10 sys=0.01, real=0.01 secs] 
2014-07-08T22:53:03.757+0000: 1864.566: [GC [PSYoungGen: 97215K->1014K(95360K)] 372516K->276546K(782336K), 0.0121850 secs] [Times: user=0.09 sys=0.00, real=0.02 secs] 
2014-07-08T22:53:04.730+0000: 1865.538: [GC [PSYoungGen: 95350K->1736K(94912K)] 370882K->277349K(781888K), 0.0147570 secs] [Times: user=0.10 sys=0.01, real=0.01 secs] 
2014-07-08T22:53:06.380+0000: 1867.189: [GC [PSYoungGen: 94856K->942K(92864K)] 370469K->276883K(779840K), 0.0097350 secs] [Times: user=0.06 sys=0.00, real=0.01 secs] 
2014-07-08T22:53:07.117+0000: 1867.925: [GC [PSYoungGen: 92846K->1576K(92352K)] 368787K->277581K(779328K), 0.0061510 secs] [Times: user=0.04 sys=0.00, real=0.01 secs] 
2014-07-08T22:53:08.188+0000: 1868.997: [GC [PSYoungGen: 92326K->1326K(90944K)] 368331K->277656K(777920K), 0.0081330 secs] [Times: user=0.06 sys=0.00, real=0.01 secs] 
2014-07-08T22:53:08.996+0000: 1869.805: [GC [PSYoungGen: 90926K->1088K(89536K)] 367256K->277556K(776512K), 0.0111090 secs] [Times: user=0.07 sys=0.00, real=0.01 secs] 
2014-07-08T22:53:09.666+0000: 1870.475: [GC [PSYoungGen: 89536K->1444K(107648K)] 366004K->278115K(794624K), 0.0105040 secs] [Times: user=0.07 sys=0.00, real=0.01 secs] 
2014-07-08T22:53:11.177+0000: 1871.986: [GC [PSYoungGen: 107620K->1334K(128768K)] 384291K->278150K(815744K), 0.0164580 secs] [Times: user=0.11 sys=0.00, real=0.02 secs] 
2014-07-08T22:53:13.922+0000: 1874.731: [GC [PSYoungGen: 128758K->1188K(126592K)] 405574K->278214K(813568K), 0.0076700 secs] [Times: user=0.05 sys=0.01, real=0.01 secs] 
2014-07-08T22:53:15.422+0000: 1876.231: [GC [PSYoungGen: 126564K->1316K(124672K)] 403590K->278422K(811648K), 0.0098800 secs] [Times: user=0.06 sys=0.00, real=0.01 secs] 
2014-07-08T22:53:17.510+0000: 1878.319: [GC [PSYoungGen: 124644K->1316K(122688K)] 401750K->278478K(809664K), 0.0128040 secs] [Times: user=0.09 sys=0.00, real=0.02 secs] 
2014-07-08T22:53:19.843+0000: 1880.652: [GC [PSYoungGen: 122647K->1607K(121088K)] 399810K->278794K(808064K), 0.0118820 secs] [Times: user=0.07 sys=0.00, real=0.01 secs] 
2014-07-08T22:53:21.319+0000: 1882.128: [GC [PSYoungGen: 121012K->758K(118336K)] 398199K->278370K(805312K), 0.0113610 secs] [Times: user=0.08 sys=0.00, real=0.02 secs] 
2014-07-08T22:53:22.890+0000: 1883.699: [GC [PSYoungGen: 118283K->1786K(117568K)] 395895K->279471K(804544K), 0.0100280 secs] [Times: user=0.06 sys=0.00, real=0.01 secs] 
2014-07-08T22:53:24.881+0000: 1885.690: [GC [PSYoungGen: 117562K->1334K(115328K)] 395247K->279336K(802304K), 0.0057860 secs] [Times: user=0.04 sys=0.00, real=0.01 secs] 
2014-07-08T22:53:26.262+0000: 1887.071: [GC [PSYoungGen: 115318K->1504K(113792K)] 393320K->279603K(800768K), 0.0039020 secs] [Times: user=0.01 sys=0.00, real=0.00 secs] 
2014-07-08T22:53:27.972+0000: 1888.781: [GC [PSYoungGen: 113760K->1124K(111744K)] 391859K->279486K(798720K), 0.0091740 secs] [Times: user=0.06 sys=0.00, real=0.00 secs] 
2014-07-08T22:53:29.202+0000: 1890.011: [GC [PSYoungGen: 111716K->1714K(110720K)] 390078K->280149K(797696K), 0.0121230 secs] [Times: user=0.09 sys=0.00, real=0.01 secs] 
2014-07-08T22:53:31.220+0000: 1892.029: [GC [PSYoungGen: 110706K->1006K(108416K)] 389141K->279797K(795392K), 0.0105000 secs] [Times: user=0.04 sys=0.01, real=0.01 secs] 
2014-07-08T22:53:32.541+0000: 1893.350: [GC [PSYoungGen: 108398K->1490K(107392K)] 387189K->280345K(794368K), 0.0235970 secs] [Times: user=0.16 sys=0.00, real=0.03 secs] 
2014-07-08T22:53:33.687+0000: 1894.496: [GC [PSYoungGen: 107346K->1334K(105664K)] 386201K->280324K(792640K), 0.0095660 secs] [Times: user=0.06 sys=0.00, real=0.01 secs] 
2014-07-08T22:53:34.792+0000: 1895.601: [GC [PSYoungGen: 105631K->1566K(104448K)] 384622K->280661K(791424K), 0.0069720 secs] [Times: user=0.04 sys=0.00, real=0.01 secs] 
2014-07-08T22:53:36.413+0000: 1897.222: [GC [PSYoungGen: 104414K->826K(102272K)] 383509K->280485K(789248K), 0.0096600 secs] [Times: user=0.06 sys=0.01, real=0.01 secs] 
2014-07-08T22:53:38.260+0000: 1899.069: [GC [PSYoungGen: 102266K->1800K(101888K)] 381925K->281523K(788864K), 0.0173840 secs] [Times: user=0.11 sys=0.00, real=0.02 secs] 
2014-07-08T22:53:40.163+0000: 1900.972: [GC [PSYoungGen: 101832K->1064K(99776K)] 381555K->281259K(786752K), 0.0253330 secs] [Times: user=0.18 sys=0.00, real=0.03 secs] 
2014-07-08T22:53:41.523+0000: 1902.332: [GC [PSYoungGen: 99752K->1202K(98560K)] 379947K->281477K(785536K), 0.0108680 secs] [Times: user=0.07 sys=0.00, real=0.01 secs] 
2014-07-08T22:53:42.543+0000: 1903.352: [GC [PSYoungGen: 98546K->1398K(97472K)] 378821K->281761K(784448K), 0.0061490 secs] [Times: user=0.03 sys=0.00, real=0.01 secs] 
2014-07-08T22:53:43.723+0000: 1904.532: [GC [PSYoungGen: 97462K->1220K(116608K)] 377825K->281639K(803584K), 0.0254230 secs] [Times: user=0.14 sys=0.00, real=0.03 secs] 
2014-07-08T22:53:44.901+0000: 1905.710: [GC [PSYoungGen: 116548K->1188K(131456K)] 396967K->281855K(818432K), 0.0080370 secs] [Times: user=0.05 sys=0.01, real=0.01 secs] 
2014-07-08T22:53:46.131+0000: 1906.940: [GC [PSYoungGen: 131349K->1748K(129856K)] 412016K->282537K(816832K), 0.0085620 secs] [Times: user=0.05 sys=0.00, real=0.01 secs] 
2014-07-08T22:53:47.145+0000: 1907.953: [GC [PSYoungGen: 129790K->128K(126080K)] 410579K->282707K(813056K), 0.0081130 secs] [Times: user=0.05 sys=0.00, real=0.01 secs] 
2014-07-08T22:53:49.131+0000: 1909.940: [GC [PSYoungGen: 126077K->1782K(125696K)] 408657K->284402K(812672K), 0.0114130 secs] [Times: user=0.08 sys=0.00, real=0.01 secs] 
2014-07-08T22:53:50.872+0000: 1911.681: [GC [PSYoungGen: 125686K->1636K(123584K)] 408306K->284842K(810560K), 0.0068610 secs] [Times: user=0.04 sys=0.00, real=0.01 secs] 
2014-07-08T22:53:51.784+0000: 1912.593: [GC [PSYoungGen: 123556K->1450K(121472K)] 406762K->284744K(808448K), 0.0126490 secs] [Times: user=0.09 sys=0.00, real=0.02 secs] 
2014-07-08T22:53:53.362+0000: 1914.171: [GC [PSYoungGen: 121450K->1124K(119296K)] 404744K->284764K(806272K), 0.0113150 secs] [Times: user=0.08 sys=0.00, real=0.01 secs] 
2014-07-08T22:53:55.716+0000: 1916.525: [GC [PSYoungGen: 119243K->1504K(117824K)] 402883K->285184K(804800K), 0.0098560 secs] [Times: user=0.06 sys=0.00, real=0.01 secs] 
2014-07-08T22:53:56.907+0000: 1917.716: [GC [PSYoungGen: 117792K->1316K(115840K)] 401472K->285147K(802816K), 0.0062720 secs] [Times: user=0.04 sys=0.00, real=0.01 secs] 
2014-07-08T22:53:58.362+0000: 1919.171: [GC [PSYoungGen: 115812K->1370K(114176K)] 399643K->285265K(801152K), 0.0195460 secs] [Times: user=0.13 sys=0.00, real=0.02 secs] 
2014-07-08T22:54:00.465+0000: 1921.274: [GC [PSYoungGen: 114138K->1252K(112384K)] 398033K->285203K(799360K), 0.0094180 secs] [Times: user=0.06 sys=0.00, real=0.01 secs] 
2014-07-08T22:54:01.790+0000: 1922.599: [GC [PSYoungGen: 112356K->1376K(110848K)] 396307K->285400K(797824K), 0.0046760 secs] [Times: user=0.02 sys=0.00, real=0.00 secs] 
2014-07-08T22:54:04.100+0000: 1924.909: [GC [PSYoungGen: 110816K->1210K(109056K)] 394840K->285526K(796032K), 0.0109610 secs] [Times: user=0.07 sys=0.00, real=0.01 secs] 
2014-07-08T22:54:05.436+0000: 1926.245: [GC [PSYoungGen: 109021K->1362K(107712K)] 393337K->285758K(794688K), 0.0143010 secs] [Times: user=0.10 sys=0.00, real=0.02 secs] 
2014-07-08T22:54:07.581+0000: 1928.390: [GC [PSYoungGen: 107666K->1252K(106048K)] 392062K->285850K(793024K), 0.0122480 secs] [Times: user=0.08 sys=0.00, real=0.01 secs] 
2014-07-08T22:54:08.745+0000: 1929.554: [GC [PSYoungGen: 106020K->1202K(104512K)] 390618K->285888K(791488K), 0.0041580 secs] [Times: user=0.02 sys=0.00, real=0.01 secs] 
2014-07-08T22:54:10.615+0000: 1931.424: [GC [PSYoungGen: 104497K->1266K(103104K)] 389183K->286168K(790080K), 0.0100020 secs] [Times: user=0.07 sys=0.00, real=0.01 secs] 
2014-07-08T22:54:12.318+0000: 1933.127: [GC [PSYoungGen: 103088K->1586K(102016K)] 387990K->286544K(788992K), 0.0072180 secs] [Times: user=0.04 sys=0.00, real=0.01 secs] 
2014-07-08T22:54:13.351+0000: 1934.160: [GC [PSYoungGen: 101974K->750K(99840K)] 386933K->286365K(786816K), 0.0096420 secs] [Times: user=0.07 sys=0.00, real=0.01 secs] 
2014-07-08T22:54:14.359+0000: 1935.167: [GC [PSYoungGen: 99822K->1786K(99520K)] 385437K->287488K(786496K), 0.0120350 secs] [Times: user=0.07 sys=0.00, real=0.02 secs] 
2014-07-08T22:54:15.963+0000: 1936.772: [GC [PSYoungGen: 99514K->1078K(97536K)] 385216K->287254K(784512K), 0.0118390 secs] [Times: user=0.07 sys=0.00, real=0.01 secs] 
2014-07-08T22:54:16.991+0000: 1937.800: [GC [PSYoungGen: 97526K->1298K(96512K)] 383702K->287562K(783488K), 0.0038810 secs] [Times: user=0.02 sys=0.00, real=0.00 secs] 
2014-07-08T22:54:18.095+0000: 1938.904: [GC [PSYoungGen: 96466K->1455K(95360K)] 382730K->287791K(782336K), 0.0150220 secs] [Times: user=0.10 sys=0.00, real=0.02 secs] 
2014-07-08T22:54:19.199+0000: 1940.008: [GC [PSYoungGen: 95343K->1386K(94080K)] 381679K->287771K(781056K), 0.0117730 secs] [Times: user=0.06 sys=0.00, real=0.02 secs] 
2014-07-08T22:54:19.959+0000: 1940.767: [GC [PSYoungGen: 94058K->1006K(92480K)] 380443K->287665K(779456K), 0.0070230 secs] [Times: user=0.04 sys=0.00, real=0.01 secs] 
2014-07-08T22:54:20.881+0000: 1941.690: [GC [PSYoungGen: 92462K->1668K(92032K)] 379121K->288415K(779008K), 0.0055430 secs] [Times: user=0.03 sys=0.00, real=0.00 secs] 
2014-07-08T22:54:21.978+0000: 1942.787: [GC [PSYoungGen: 91972K->1010K(90176K)] 378719K->288285K(777152K), 0.0069270 secs] [Times: user=0.05 sys=0.00, real=0.01 secs] 
2014-07-08T22:54:23.177+0000: 1943.986: [GC [PSYoungGen: 90162K->1650K(89728K)] 377437K->288981K(776704K), 0.0102730 secs] [Times: user=0.07 sys=0.00, real=0.01 secs] 
2014-07-08T22:54:23.994+0000: 1944.803: [GC [PSYoungGen: 89714K->1106K(88128K)] 377045K->288622K(775104K), 0.0094970 secs] [Times: user=0.05 sys=0.01, real=0.01 secs] 
2014-07-08T22:54:25.109+0000: 1945.918: [GC [PSYoungGen: 88082K->1842K(87744K)] 375598K->289447K(774720K), 0.0100240 secs] [Times: user=0.07 sys=0.00, real=0.01 secs] 
2014-07-08T22:54:25.907+0000: 1946.716: [GC [PSYoungGen: 87730K->886K(104000K)] 375335K->288973K(790976K), 0.0179520 secs] [Times: user=0.13 sys=0.01, real=0.02 secs] 
2014-07-08T22:54:26.786+0000: 1947.595: [GC [PSYoungGen: 103990K->1608K(114688K)] 392077K->289801K(801664K), 0.0062850 secs] [Times: user=0.03 sys=0.00, real=0.01 secs] 
2014-07-08T22:54:28.072+0000: 1948.881: [GC [PSYoungGen: 114312K->1718K(125696K)] 402505K->289983K(812672K), 0.0101630 secs] [Times: user=0.06 sys=0.00, real=0.01 secs] 
2014-07-08T22:54:29.752+0000: 1950.560: [GC [PSYoungGen: 125430K->1586K(123328K)] 413695K->289939K(810304K), 0.0039850 secs] [Times: user=0.02 sys=0.01, real=0.01 secs] 
2014-07-08T22:54:30.807+0000: 1951.616: [GC [PSYoungGen: 123288K->484K(120320K)] 411641K->289587K(807296K), 0.0060780 secs] [Times: user=0.04 sys=0.00, real=0.01 secs] 
2014-07-08T22:54:32.621+0000: 1953.430: [GC [PSYoungGen: 120249K->2014K(120000K)] 409352K->291141K(806976K), 0.0051330 secs] [Times: user=0.02 sys=0.00, real=0.01 secs] 
2014-07-08T22:54:33.712+0000: 1954.521: [GC [PSYoungGen: 119966K->1412K(117632K)] 409093K->290995K(804608K), 0.0057440 secs] [Times: user=0.03 sys=0.00, real=0.01 secs] 
2014-07-08T22:54:34.906+0000: 1955.715: [GC [PSYoungGen: 117572K->1448K(115840K)] 407155K->291119K(802816K), 0.0099860 secs] [Times: user=0.06 sys=0.00, real=0.01 secs] 
2014-07-08T22:54:36.004+0000: 1956.813: [GC [PSYoungGen: 115816K->1334K(113984K)] 405487K->291159K(800960K), 0.0194530 secs] [Times: user=0.14 sys=0.00, real=0.02 secs] 
2014-07-08T22:54:37.239+0000: 1958.048: [GC [PSYoungGen: 113973K->1256K(112256K)] 403798K->291153K(799232K), 0.0093500 secs] [Times: user=0.06 sys=0.00, real=0.01 secs] 
2014-07-08T22:54:38.537+0000: 1959.346: [GC [PSYoungGen: 112232K->1284K(110656K)] 402129K->291261K(797632K), 0.0099510 secs] [Times: user=0.07 sys=0.00, real=0.01 secs] 
2014-07-08T22:54:39.884+0000: 1960.693: [GC [PSYoungGen: 110568K->1448K(109184K)] 400545K->291505K(796160K), 0.0075690 secs] [Times: user=0.05 sys=0.00, real=0.00 secs] 
2014-07-08T22:54:41.207+0000: 1962.016: [GC [PSYoungGen: 109131K->1341K(107520K)] 399189K->291622K(794496K), 0.0075590 secs] [Times: user=0.05 sys=0.00, real=0.01 secs] 
2014-07-08T22:54:42.110+0000: 1962.919: [GC [PSYoungGen: 107517K->1682K(106368K)] 397798K->292028K(793344K), 0.0074290 secs] [Times: user=0.04 sys=0.00, real=0.01 secs] 
2014-07-08T22:54:43.117+0000: 1963.926: [GC [PSYoungGen: 106322K->943K(104128K)] 396668K->291909K(791104K), 0.0050250 secs] [Times: user=0.02 sys=0.01, real=0.00 secs] 
2014-07-08T22:54:44.334+0000: 1965.143: [GC [PSYoungGen: 104111K->1975K(103680K)] 395077K->293085K(790656K), 0.0115780 secs] [Times: user=0.07 sys=0.00, real=0.02 secs] 
2014-07-08T22:54:45.002+0000: 1965.811: [GC [PSYoungGen: 103671K->1056K(101376K)] 394781K->292789K(788352K), 0.0051050 secs] [Times: user=0.03 sys=0.00, real=0.01 secs] 
2014-07-08T22:54:46.113+0000: 1966.922: [GC [PSYoungGen: 101344K->1188K(100160K)] 393077K->292968K(787136K), 0.0081730 secs] [Times: user=0.05 sys=0.00, real=0.01 secs] 
2014-07-08T22:54:47.346+0000: 1968.155: [GC [PSYoungGen: 100132K->1192K(98816K)] 391912K->293020K(785792K), 0.0045310 secs] [Times: user=0.02 sys=0.00, real=0.00 secs] 
2014-07-08T22:54:48.579+0000: 1969.387: [GC [PSYoungGen: 98792K->1142K(97472K)] 390620K->293034K(784448K), 0.0036050 secs] [Times: user=0.02 sys=0.00, real=0.00 secs] 
2014-07-08T22:54:49.741+0000: 1970.550: [GC [PSYoungGen: 97462K->1654K(96704K)] 389354K->293627K(783680K), 0.0041970 secs] [Times: user=0.02 sys=0.00, real=0.01 secs] 
2014-07-08T22:54:51.400+0000: 1972.209: [GC [PSYoungGen: 96694K->1518K(95296K)] 388667K->293571K(782272K), 0.0125590 secs] [Times: user=0.09 sys=0.00, real=0.01 secs] 
2014-07-08T22:54:51.969+0000: 1972.777: [GC [PSYoungGen: 95278K->1192K(111936K)] 387331K->293404K(798912K), 0.0181440 secs] [Times: user=0.14 sys=0.00, real=0.02 secs] 
2014-07-08T22:54:53.477+0000: 1974.285: [GC [PSYoungGen: 111899K->1324K(112768K)] 404111K->293600K(799744K), 0.0081950 secs] [Times: user=0.05 sys=0.00, real=0.01 secs] 
2014-07-08T22:54:54.719+0000: 1975.528: [GC [PSYoungGen: 112044K->1456K(134784K)] 404320K->293804K(821760K), 0.0122830 secs] [Times: user=0.08 sys=0.00, real=0.01 secs] 
2014-07-08T22:54:56.963+0000: 1977.772: [GC [PSYoungGen: 134318K->1394K(132032K)] 426667K->293782K(819008K), 0.0133980 secs] [Times: user=0.09 sys=0.00, real=0.02 secs] 
2014-07-08T22:54:58.467+0000: 1979.275: [GC [PSYoungGen: 132003K->680K(129152K)] 424391K->293724K(816128K), 0.0174100 secs] [Times: user=0.11 sys=0.01, real=0.01 secs] 
2014-07-08T22:55:00.627+0000: 1981.436: [GC [PSYoungGen: 129128K->1889K(128256K)] 422172K->295077K(815232K), 0.0227740 secs] [Times: user=0.15 sys=0.00, real=0.02 secs] 
2014-07-08T22:55:02.428+0000: 1983.237: [GC [PSYoungGen: 128222K->1272K(132224K)] 421411K->294933K(819200K), 0.0251410 secs] [Times: user=0.16 sys=0.01, real=0.02 secs] 
2014-07-08T22:55:04.463+0000: 1985.272: [GC [PSYoungGen: 132179K->1366K(130176K)] 425839K->295074K(817152K), 0.0134260 secs] [Times: user=0.08 sys=0.01, real=0.01 secs] 
2014-07-08T22:55:06.037+0000: 1986.846: [GC [PSYoungGen: 130134K->760K(127424K)] 423842K->295137K(814400K), 0.0087180 secs] [Times: user=0.06 sys=0.01, real=0.01 secs] 
2014-07-08T22:55:07.793+0000: 1988.602: [GC [PSYoungGen: 127415K->1854K(126464K)] 421792K->296279K(813440K), 0.0044480 secs] [Times: user=0.02 sys=0.00, real=0.01 secs] 
2014-07-08T22:55:08.928+0000: 1989.737: [GC [PSYoungGen: 126462K->1358K(124032K)] 420887K->295999K(811008K), 0.0113090 secs] [Times: user=0.07 sys=0.00, real=0.01 secs] 
2014-07-08T22:55:10.239+0000: 1991.047: [GC [PSYoungGen: 123982K->1298K(122048K)] 418623K->296002K(809024K), 0.0088320 secs] [Times: user=0.05 sys=0.00, real=0.00 secs] 
2014-07-08T22:55:11.566+0000: 1992.375: [GC [PSYoungGen: 121969K->1420K(120256K)] 416674K->296205K(807232K), 0.0069490 secs] [Times: user=0.04 sys=0.00, real=0.01 secs] 
2014-07-08T22:55:12.816+0000: 1993.625: [GC [PSYoungGen: 120204K->1562K(118528K)] 414989K->296434K(805504K), 0.0094840 secs] [Times: user=0.06 sys=0.00, real=0.01 secs] 
2014-07-08T22:55:14.716+0000: 1995.525: [GC [PSYoungGen: 118469K->1074K(116224K)] 413342K->296433K(803200K), 0.0106720 secs] [Times: user=0.08 sys=0.00, real=0.01 secs] 
2014-07-08T22:55:15.578+0000: 1996.387: [GC [PSYoungGen: 116210K->1736K(115200K)] 411569K->297201K(802176K), 0.0073050 secs] [Times: user=0.04 sys=0.00, real=0.01 secs] 
2014-07-08T22:55:16.794+0000: 1997.603: [GC [PSYoungGen: 115139K->1142K(112832K)] 410605K->296899K(799808K), 0.0057290 secs] [Times: user=0.03 sys=0.00, real=0.01 secs] 
2014-07-08T22:55:18.576+0000: 1999.385: [GC [PSYoungGen: 112822K->1562K(111616K)] 408579K->297423K(798592K), 0.0054190 secs] [Times: user=0.03 sys=0.01, real=0.01 secs] 
2014-07-08T22:55:19.820+0000: 2000.629: [GC [PSYoungGen: 111578K->1256K(109696K)] 407439K->297213K(796672K), 0.0067050 secs] [Times: user=0.04 sys=0.00, real=0.00 secs] 
2014-07-08T22:55:21.295+0000: 2002.104: [GC [PSYoungGen: 109652K->1156K(108032K)] 405609K->297243K(795008K), 0.0098350 secs] [Times: user=0.06 sys=0.00, real=0.01 secs] 
2014-07-08T22:55:22.270+0000: 2003.079: [GC [PSYoungGen: 107972K->1304K(106624K)] 404059K->297431K(793600K), 0.0037010 secs] [Times: user=0.02 sys=0.00, real=0.01 secs] 
2014-07-08T22:55:23.672+0000: 2004.481: [GC [PSYoungGen: 106584K->1334K(105152K)] 402711K->297541K(792128K), 0.0095800 secs] [Times: user=0.05 sys=0.00, real=0.01 secs] 
2014-07-08T22:55:24.763+0000: 2005.571: [GC [PSYoungGen: 105142K->1320K(103680K)] 401349K->297639K(790656K), 0.0077360 secs] [Times: user=0.04 sys=0.00, real=0.01 secs] 
2014-07-08T22:55:25.738+0000: 2006.546: [GC [PSYoungGen: 103656K->1262K(102208K)] 399975K->297637K(789184K), 0.0145210 secs] [Times: user=0.09 sys=0.00, real=0.02 secs] 
2014-07-08T22:55:26.855+0000: 2007.664: [GC [PSYoungGen: 102190K->1269K(100800K)] 398565K->297858K(787776K), 0.0060980 secs] [Times: user=0.04 sys=0.01, real=0.01 secs] 
2014-07-08T22:55:28.434+0000: 2009.243: [GC [PSYoungGen: 100788K->1420K(99648K)] 397377K->298072K(786624K), 0.0081810 secs] [Times: user=0.05 sys=0.00, real=0.01 secs] 
2014-07-08T22:55:29.646+0000: 2010.454: [GC [PSYoungGen: 99596K->1010K(97856K)] 396248K->297862K(784832K), 0.0092720 secs] [Times: user=0.05 sys=0.00, real=0.01 secs] 
2014-07-08T22:55:30.855+0000: 2011.664: [GC [PSYoungGen: 97841K->1384K(96960K)] 394693K->298324K(783936K), 0.0199400 secs] [Times: user=0.15 sys=0.00, real=0.02 secs] 
2014-07-08T22:55:32.194+0000: 2013.003: [GC [PSYoungGen: 96936K->1210K(115904K)] 393876K->298270K(802880K), 0.0188440 secs] [Times: user=0.12 sys=0.00, real=0.02 secs] 
2014-07-08T22:55:33.086+0000: 2013.894: [GC [PSYoungGen: 115896K->1772K(114752K)] 412956K->298944K(801728K), 0.0076150 secs] [Times: user=0.05 sys=0.00, real=0.01 secs] 
2014-07-08T22:55:34.155+0000: 2014.964: [GC [PSYoungGen: 114698K->626K(111936K)] 411870K->298541K(798912K), 0.0083670 secs] [Times: user=0.04 sys=0.00, real=0.01 secs] 
2014-07-08T22:55:34.980+0000: 2015.789: [GC [PSYoungGen: 111922K->1636K(111296K)] 409837K->299632K(798272K), 0.0077850 secs] [Times: user=0.05 sys=0.00, real=0.01 secs] 
2014-07-08T22:55:36.550+0000: 2017.358: [GC [PSYoungGen: 111268K->1234K(109312K)] 409264K->299605K(796288K), 0.0081070 secs] [Times: user=0.04 sys=0.00, real=0.01 secs] 
2014-07-08T22:55:38.180+0000: 2018.989: [GC [PSYoungGen: 109258K->1170K(107712K)] 407629K->299597K(794688K), 0.0143970 secs] [Times: user=0.08 sys=0.00, real=0.02 secs] 
2014-07-08T22:55:39.176+0000: 2019.985: [GC [PSYoungGen: 107666K->1188K(106176K)] 406093K->299703K(793152K), 0.0114790 secs] [Times: user=0.07 sys=0.00, real=0.01 secs] 
2014-07-08T22:55:40.832+0000: 2021.641: [GC [PSYoungGen: 106148K->1348K(104896K)] 404663K->299943K(791872K), 0.0069810 secs] [Times: user=0.04 sys=0.00, real=0.00 secs] 
2014-07-08T22:55:41.784+0000: 2022.593: [GC [PSYoungGen: 104836K->1274K(103296K)] 403431K->300021K(790272K), 0.0068460 secs] [Times: user=0.04 sys=0.00, real=0.00 secs] 
2014-07-08T22:55:43.260+0000: 2024.069: [GC [PSYoungGen: 103290K->1274K(101888K)] 402037K->300069K(788864K), 0.0040560 secs] [Times: user=0.02 sys=0.00, real=0.01 secs] 
2014-07-08T22:55:44.411+0000: 2025.220: [GC [PSYoungGen: 101882K->1205K(100416K)] 400677K->300351K(787392K), 0.0071660 secs] [Times: user=0.04 sys=0.00, real=0.01 secs] 
2014-07-08T22:55:45.347+0000: 2026.156: [GC [PSYoungGen: 100405K->1728K(99648K)] 399551K->300994K(786624K), 0.0058340 secs] [Times: user=0.03 sys=0.01, real=0.00 secs] 
2014-07-08T22:55:46.287+0000: 2027.096: [GC [PSYoungGen: 99584K->754K(97280K)] 398850K->300479K(784256K), 0.0056910 secs] [Times: user=0.04 sys=0.00, real=0.01 secs] 
2014-07-08T22:55:47.823+0000: 2028.632: [GC [PSYoungGen: 97266K->1676K(96960K)] 396991K->301449K(783936K), 0.0050680 secs] [Times: user=0.02 sys=0.00, real=0.01 secs] 
2014-07-08T22:55:48.466+0000: 2029.275: [GC [PSYoungGen: 96908K->1230K(95232K)] 396681K->301164K(782208K), 0.0038180 secs] [Times: user=0.02 sys=0.00, real=0.00 secs] 
2014-07-08T22:55:50.044+0000: 2030.853: [GC [PSYoungGen: 95158K->1404K(94144K)] 395092K->301410K(781120K), 0.0075380 secs] [Times: user=0.04 sys=0.00, real=0.00 secs] 
2014-07-08T22:55:50.959+0000: 2031.768: [GC [PSYoungGen: 94138K->1194K(92736K)] 394144K->301402K(779712K), 0.0033390 secs] [Times: user=0.02 sys=0.00, real=0.00 secs] 
2014-07-08T22:55:52.164+0000: 2032.972: [GC [PSYoungGen: 92714K->1330K(91712K)] 392922K->301601K(778688K), 0.0091050 secs] [Times: user=0.06 sys=0.00, real=0.01 secs] 
2014-07-08T22:55:53.088+0000: 2033.896: [GC [PSYoungGen: 91660K->1210K(90432K)] 391932K->301577K(777408K), 0.0066690 secs] [Times: user=0.04 sys=0.00, real=0.01 secs] 
2014-07-08T22:55:53.977+0000: 2034.786: [GC [PSYoungGen: 90426K->1312K(89472K)] 390793K->301768K(776448K), 0.0116870 secs] [Times: user=0.08 sys=0.00, real=0.01 secs] 
2014-07-08T22:55:54.663+0000: 2035.472: [GC [PSYoungGen: 89440K->1074K(88128K)] 389896K->301764K(775104K), 0.0061240 secs] [Times: user=0.04 sys=0.00, real=0.01 secs] 
2014-07-08T22:55:55.811+0000: 2036.620: [GC [PSYoungGen: 88114K->1188K(87168K)] 388804K->301991K(774144K), 0.0084030 secs] [Times: user=0.05 sys=0.00, real=0.01 secs] 
2014-07-08T22:55:56.696+0000: 2037.505: [GC [PSYoungGen: 87139K->1010K(85952K)] 387943K->301919K(772928K), 0.0078360 secs] [Times: user=0.06 sys=0.00, real=0.00 secs] 
2014-07-08T22:55:57.580+0000: 2038.389: [GC [PSYoungGen: 85893K->1324K(85248K)] 386803K->302306K(772224K), 0.0071610 secs] [Times: user=0.05 sys=0.00, real=0.01 secs] 
2014-07-08T22:55:58.843+0000: 2039.651: [GC [PSYoungGen: 85189K->1256K(84160K)] 386171K->302572K(771136K), 0.0046620 secs] [Times: user=0.02 sys=0.00, real=0.01 secs] 
2014-07-08T22:55:59.513+0000: 2040.322: [GC [PSYoungGen: 84136K->1604K(83584K)] 385452K->303016K(770560K), 0.0079020 secs] [Times: user=0.05 sys=0.00, real=0.01 secs] 
2014-07-08T22:56:00.345+0000: 2041.154: [GC [PSYoungGen: 83524K->700K(81664K)] 384936K->302746K(768640K), 0.0057180 secs] [Times: user=0.04 sys=0.00, real=0.00 secs] 
2014-07-08T22:56:01.210+0000: 2042.019: [GC [PSYoungGen: 81660K->1680K(81728K)] 383706K->303822K(768704K), 0.0058250 secs] [Times: user=0.04 sys=0.00, real=0.01 secs] 
2014-07-08T22:56:01.807+0000: 2042.616: [GC [PSYoungGen: 81679K->1202K(80320K)] 383821K->303644K(767296K), 0.0102610 secs] [Times: user=0.07 sys=0.00, real=0.01 secs] 
2014-07-08T22:56:02.434+0000: 2043.243: [GC [PSYoungGen: 80306K->1344K(79616K)] 382748K->303882K(766592K), 0.0041410 secs] [Times: user=0.03 sys=0.00, real=0.01 secs] 
2014-07-08T22:56:03.524+0000: 2044.333: [GC [PSYoungGen: 79552K->1142K(78464K)] 382090K->303736K(765440K), 0.0074110 secs] [Times: user=0.04 sys=0.00, real=0.01 secs] 
2014-07-08T22:56:04.505+0000: 2045.314: [GC [PSYoungGen: 78454K->1206K(77696K)] 381048K->303904K(764672K), 0.0053420 secs] [Times: user=0.03 sys=0.00, real=0.01 secs] 
2014-07-08T22:56:05.299+0000: 2046.108: [GC [PSYoungGen: 77669K->1092K(76800K)] 380368K->303862K(763776K), 0.0075270 secs] [Times: user=0.05 sys=0.00, real=0.01 secs] 
2014-07-08T22:56:06.251+0000: 2047.060: [GC [PSYoungGen: 76706K->1330K(76160K)] 379476K->304180K(763136K), 0.0042860 secs] [Times: user=0.02 sys=0.00, real=0.00 secs] 
2014-07-08T22:56:07.248+0000: 2048.057: [GC [PSYoungGen: 76129K->1138K(75136K)] 378979K->304060K(762112K), 0.0123960 secs] [Times: user=0.06 sys=0.00, real=0.01 secs] 
2014-07-08T22:56:08.112+0000: 2048.921: [GC [PSYoungGen: 75119K->1490K(74752K)] 378041K->304532K(761728K), 0.0121350 secs] [Times: user=0.07 sys=0.00, real=0.01 secs] 
2014-07-08T22:56:08.648+0000: 2049.457: [GC [PSYoungGen: 74706K->810K(88704K)] 377748K->304208K(775680K), 0.0217680 secs] [Times: user=0.17 sys=0.00, real=0.02 secs] 
2014-07-08T22:56:09.842+0000: 2050.651: [GC [PSYoungGen: 88651K->1576K(99648K)] 392049K->305046K(786624K), 0.0107810 secs] [Times: user=0.07 sys=0.00, real=0.01 secs] 
2014-07-08T22:56:10.736+0000: 2051.545: [GC [PSYoungGen: 99432K->1192K(107264K)] 402902K->304840K(794240K), 0.0070890 secs] [Times: user=0.05 sys=0.00, real=0.01 secs] 
2014-07-08T22:56:11.766+0000: 2052.575: [GC [PSYoungGen: 106664K->1180K(107264K)] 410312K->304876K(794240K), 0.0088440 secs] [Times: user=0.06 sys=0.00, real=0.01 secs] 
2014-07-08T22:56:13.053+0000: 2053.862: [GC [PSYoungGen: 106632K->1448K(128384K)] 410329K->305208K(815360K), 0.0089700 secs] [Times: user=0.05 sys=0.01, real=0.01 secs] 
2014-07-08T22:56:14.629+0000: 2055.438: [GC [PSYoungGen: 128011K->1476K(126080K)] 431771K->305324K(813056K), 0.0036720 secs] [Times: user=0.02 sys=0.00, real=0.00 secs] 
2014-07-08T22:56:16.401+0000: 2057.210: [GC [PSYoungGen: 126020K->320K(122880K)] 429868K->305292K(809856K), 0.0104900 secs] [Times: user=0.07 sys=0.00, real=0.01 secs] 
2014-07-08T22:56:18.221+0000: 2059.030: [GC [PSYoungGen: 122880K->1776K(122432K)] 427852K->307039K(809408K), 0.0090610 secs] [Times: user=0.05 sys=0.00, real=0.01 secs] 
2014-07-08T22:56:19.801+0000: 2060.610: [GC [PSYoungGen: 122416K->1234K(120000K)] 427679K->306927K(806976K), 0.0078390 secs] [Times: user=0.04 sys=0.00, real=0.01 secs] 
2014-07-08T22:56:21.491+0000: 2062.300: [GC [PSYoungGen: 119919K->1284K(118208K)] 425612K->307025K(805184K), 0.0224950 secs] [Times: user=0.16 sys=0.00, real=0.02 secs] 
2014-07-08T22:56:22.731+0000: 2063.540: [GC [PSYoungGen: 118148K->1284K(116416K)] 423889K->307105K(803392K), 0.0066660 secs] [Times: user=0.03 sys=0.00, real=0.00 secs] 
2014-07-08T22:56:24.368+0000: 2065.177: [GC [PSYoungGen: 116356K->1596K(114944K)] 422177K->307489K(801920K), 0.0123240 secs] [Times: user=0.08 sys=0.00, real=0.02 secs] 
2014-07-08T22:56:25.879+0000: 2066.688: [GC [PSYoungGen: 114909K->950K(112576K)] 420803K->307043K(799552K), 0.0133540 secs] [Times: user=0.08 sys=0.00, real=0.01 secs] 
2014-07-08T22:56:27.772+0000: 2068.581: [GC [PSYoungGen: 112566K->1672K(111680K)] 418659K->307853K(798656K), 0.0058820 secs] [Times: user=0.03 sys=0.00, real=0.00 secs] 
2014-07-08T22:56:29.411+0000: 2070.220: [GC [PSYoungGen: 111624K->1206K(109568K)] 417805K->307533K(796544K), 0.0035200 secs] [Times: user=0.03 sys=0.00, real=0.00 secs] 
2014-07-08T22:56:30.788+0000: 2071.597: [GC [PSYoungGen: 109558K->1338K(108096K)] 415885K->307721K(795072K), 0.0075850 secs] [Times: user=0.04 sys=0.00, real=0.01 secs] 
2014-07-08T22:56:31.760+0000: 2072.569: [GC [PSYoungGen: 108090K->1330K(106560K)] 414473K->307777K(793536K), 0.0084550 secs] [Times: user=0.06 sys=0.00, real=0.00 secs] 
2014-07-08T22:56:33.087+0000: 2073.896: [GC [PSYoungGen: 106542K->1651K(105408K)] 412990K->308186K(792384K), 0.0117360 secs] [Times: user=0.06 sys=0.00, real=0.01 secs] 
2014-07-08T22:56:34.502+0000: 2075.311: [GC [PSYoungGen: 105395K->758K(103040K)] 411930K->307853K(790016K), 0.0052070 secs] [Times: user=0.03 sys=0.00, real=0.00 secs] 
2014-07-08T22:56:36.070+0000: 2076.879: [GC [PSYoungGen: 102990K->1730K(102656K)] 410086K->308921K(789632K), 0.0090590 secs] [Times: user=0.06 sys=0.00, real=0.01 secs] 
2014-07-08T22:56:37.848+0000: 2078.657: [GC [PSYoungGen: 102594K->1334K(100800K)] 409785K->308843K(787776K), 0.0215050 secs] [Times: user=0.15 sys=0.00, real=0.02 secs] 
2014-07-08T22:56:38.907+0000: 2079.716: [GC [PSYoungGen: 100790K->1344K(99520K)] 408299K->308957K(786496K), 0.0067920 secs] [Times: user=0.05 sys=0.00, real=0.01 secs] 
2014-07-08T22:56:40.927+0000: 2081.736: [GC [PSYoungGen: 99435K->1128K(97920K)] 407049K->308985K(784896K), 0.0074720 secs] [Times: user=0.04 sys=0.01, real=0.01 secs] 
2014-07-08T22:56:41.967+0000: 2082.776: [GC [PSYoungGen: 97896K->1618K(97152K)] 405753K->309579K(784128K), 0.0087590 secs] [Times: user=0.04 sys=0.00, real=0.01 secs] 
2014-07-08T22:56:43.762+0000: 2084.570: [GC [PSYoungGen: 97105K->942K(95168K)] 405067K->309365K(782144K), 0.0111230 secs] [Times: user=0.06 sys=0.00, real=0.02 secs] 
2014-07-08T22:56:44.930+0000: 2085.739: [GC [PSYoungGen: 95150K->1370K(94400K)] 403573K->309865K(781376K), 0.0065420 secs] [Times: user=0.04 sys=0.00, real=0.01 secs] 
2014-07-08T22:56:46.284+0000: 2087.093: [GC [PSYoungGen: 94362K->1380K(93184K)] 402857K->310298K(780160K), 0.0099810 secs] [Times: user=0.06 sys=0.00, real=0.01 secs] 
2014-07-08T22:56:47.873+0000: 2088.682: [GC [PSYoungGen: 93156K->1568K(92224K)] 402074K->310542K(779200K), 0.0169520 secs] [Times: user=0.11 sys=0.00, real=0.01 secs] 
2014-07-08T22:56:49.199+0000: 2090.008: [GC [PSYoungGen: 92190K->868K(90368K)] 401163K->310345K(777344K), 0.0089290 secs] [Times: user=0.06 sys=0.00, real=0.01 secs] 
2014-07-08T22:56:49.916+0000: 2090.725: [GC [PSYoungGen: 90336K->1306K(108736K)] 399814K->310889K(795712K), 0.0141800 secs] [Times: user=0.08 sys=0.00, real=0.01 secs] 
2014-07-08T22:56:51.077+0000: 2091.886: [GC [PSYoungGen: 108698K->1390K(107264K)] 418281K->311119K(794240K), 0.0104580 secs] [Times: user=0.07 sys=0.00, real=0.01 secs] 
2014-07-08T22:56:52.288+0000: 2093.097: [GC [PSYoungGen: 107246K->1504K(105856K)] 416975K->311321K(792832K), 0.0070140 secs] [Times: user=0.04 sys=0.00, real=0.01 secs] 
2014-07-08T22:56:53.205+0000: 2094.014: [GC [PSYoungGen: 105824K->814K(112320K)] 415641K->311134K(799296K), 0.0137930 secs] [Times: user=0.09 sys=0.01, real=0.01 secs] 
2014-07-08T22:56:54.280+0000: 2095.088: [GC [PSYoungGen: 112302K->1366K(113344K)] 422622K->311733K(800320K), 0.0196720 secs] [Times: user=0.14 sys=0.00, real=0.02 secs] 
2014-07-08T22:56:55.488+0000: 2096.297: [GC [PSYoungGen: 112854K->1775K(135424K)] 423221K->312326K(822400K), 0.0262400 secs] [Times: user=0.18 sys=0.00, real=0.03 secs] 
2014-07-08T22:56:56.801+0000: 2097.609: [GC [PSYoungGen: 135407K->1448K(135616K)] 445958K->312079K(822592K), 0.0051110 secs] [Times: user=0.03 sys=0.00, real=0.01 secs] 
2014-07-08T22:56:58.048+0000: 2098.857: [GC [PSYoungGen: 135080K->1490K(162304K)] 445711K->312218K(849280K), 0.0113030 secs] [Times: user=0.07 sys=0.00, real=0.01 secs] 
2014-07-08T22:56:59.805+0000: 2100.614: [GC [PSYoungGen: 161874K->1170K(158528K)] 472602K->311945K(845504K), 0.0110920 secs] [Times: user=0.03 sys=0.00, real=0.01 secs] 
2014-07-08T22:57:01.153+0000: 2101.961: [GC [PSYoungGen: 158482K->736K(160512K)] 469257K->312074K(847488K), 0.0302520 secs] [Times: user=0.21 sys=0.00, real=0.03 secs] 
2014-07-08T22:57:03.498+0000: 2104.307: [GC [PSYoungGen: 160480K->1430K(161600K)] 471818K->312815K(848576K), 0.0179280 secs] [Times: user=0.11 sys=0.01, real=0.02 secs] 
2014-07-08T22:57:05.844+0000: 2106.653: [GC [PSYoungGen: 161174K->1252K(193600K)] 472559K->313011K(880576K), 0.0132000 secs] [Times: user=0.09 sys=0.00, real=0.02 secs] 
2014-07-08T22:57:09.294+0000: 2110.103: [GC [PSYoungGen: 192995K->1454K(189184K)] 504754K->313214K(876160K), 0.0084490 secs] [Times: user=0.04 sys=0.00, real=0.01 secs] 
2014-07-08T22:57:11.603+0000: 2112.411: [GC [PSYoungGen: 189133K->434K(184256K)] 500892K->313051K(871232K), 0.0127980 secs] [Times: user=0.09 sys=0.00, real=0.01 secs] 
2014-07-08T22:57:14.377+0000: 2115.186: [GC [PSYoungGen: 184242K->1769K(181824K)] 496859K->314523K(868800K), 0.0152030 secs] [Times: user=0.11 sys=0.00, real=0.01 secs] 
2014-07-08T22:57:16.875+0000: 2117.684: [GC [PSYoungGen: 181801K->1270K(177664K)] 494555K->314564K(864640K), 0.0119890 secs] [Times: user=0.09 sys=0.00, real=0.02 secs] 
2014-07-08T22:57:19.530+0000: 2120.339: [GC [PSYoungGen: 177654K->1450K(174336K)] 490948K->314760K(861312K), 0.0085930 secs] [Times: user=0.06 sys=0.00, real=0.01 secs] 
2014-07-08T22:57:22.937+0000: 2123.746: [GC [PSYoungGen: 174314K->1142K(170560K)] 487624K->314452K(857536K), 0.0093960 secs] [Times: user=0.06 sys=0.00, real=0.01 secs] 
2014-07-08T22:57:25.683+0000: 2126.492: [GC [PSYoungGen: 170549K->1380K(167488K)] 483859K->314706K(854464K), 0.0063200 secs] [Times: user=0.03 sys=0.00, real=0.01 secs] 
2014-07-08T22:57:28.212+0000: 2129.021: [GC [PSYoungGen: 167460K->1320K(164224K)] 480786K->314670K(851200K), 0.0104440 secs] [Times: user=0.07 sys=0.00, real=0.01 secs] 
2014-07-08T22:57:30.482+0000: 2131.291: [GC [PSYoungGen: 164200K->1500K(161280K)] 477550K->314882K(848256K), 0.0047380 secs] [Times: user=0.03 sys=0.00, real=0.00 secs] 
2014-07-08T22:57:31.981+0000: 2132.790: [GC [PSYoungGen: 161244K->882K(157632K)] 474626K->314588K(844608K), 0.0040270 secs] [Times: user=0.02 sys=0.00, real=0.00 secs] 
2014-07-08T22:57:34.079+0000: 2134.888: [GC [PSYoungGen: 157618K->1430K(155264K)] 471324K->315192K(842240K), 0.0113490 secs] [Times: user=0.06 sys=0.00, real=0.02 secs] 
2014-07-08T22:57:36.078+0000: 2136.887: [GC [PSYoungGen: 155222K->1266K(152256K)] 468984K->315140K(839232K), 0.0106130 secs] [Times: user=0.07 sys=0.01, real=0.01 secs] 
2014-07-08T22:57:38.764+0000: 2139.573: [GC [PSYoungGen: 152242K->1252K(149504K)] 466116K->315134K(836480K), 0.0094670 secs] [Times: user=0.05 sys=0.00, real=0.01 secs] 
2014-07-08T22:57:41.189+0000: 2141.998: [GC [PSYoungGen: 149476K->1074K(146624K)] 463358K->314988K(833600K), 0.0071630 secs] [Times: user=0.03 sys=0.00, real=0.01 secs] 
2014-07-08T22:57:43.475+0000: 2144.284: [GC [PSYoungGen: 146609K->1242K(144192K)] 460523K->315220K(831168K), 0.0073970 secs] [Times: user=0.04 sys=0.00, real=0.01 secs] 
2014-07-08T22:57:45.737+0000: 2146.546: [GC [PSYoungGen: 144130K->1195K(141632K)] 458108K->315213K(828608K), 0.0067050 secs] [Times: user=0.03 sys=0.01, real=0.01 secs] 
2014-07-08T22:57:47.796+0000: 2148.605: [GC [PSYoungGen: 141611K->1330K(139328K)] 455629K->315388K(826304K), 0.0160110 secs] [Times: user=0.10 sys=0.00, real=0.01 secs] 
2014-07-08T22:57:49.550+0000: 2150.359: [GC [PSYoungGen: 139314K->928K(136576K)] 453372K->315576K(823552K), 0.0120620 secs] [Times: user=0.08 sys=0.01, real=0.02 secs] 
2014-07-08T22:57:51.931+0000: 2152.740: [GC [PSYoungGen: 136544K->1718K(135040K)] 451192K->316480K(822016K), 0.0148260 secs] [Times: user=0.09 sys=0.00, real=0.02 secs] 
2014-07-08T22:57:53.988+0000: 2154.797: [GC [PSYoungGen: 134986K->814K(131904K)] 449749K->316447K(818880K), 0.0088150 secs] [Times: user=0.05 sys=0.00, real=0.01 secs] 
2014-07-08T22:57:56.608+0000: 2157.417: [GC [PSYoungGen: 131886K->1844K(130752K)] 447519K->317551K(817728K), 0.0111060 secs] [Times: user=0.08 sys=0.00, real=0.01 secs] 
2014-07-08T22:57:58.173+0000: 2158.982: [GC [PSYoungGen: 130691K->1210K(128000K)] 446398K->317397K(814976K), 0.0120110 secs] [Times: user=0.08 sys=0.00, real=0.01 secs] 
2014-07-08T22:58:00.604+0000: 2161.412: [GC [PSYoungGen: 127961K->1536K(126336K)] 444148K->317755K(813312K), 0.0107990 secs] [Times: user=0.05 sys=0.00, real=0.02 secs] 
2014-07-08T22:58:02.023+0000: 2162.832: [GC [PSYoungGen: 126272K->1280K(124096K)] 442491K->317587K(811072K), 0.0121930 secs] [Times: user=0.08 sys=0.00, real=0.02 secs] 
2014-07-08T22:58:03.673+0000: 2164.481: [GC [PSYoungGen: 124032K->1661K(122496K)] 440339K->318064K(809472K), 0.0115600 secs] [Times: user=0.07 sys=0.00, real=0.02 secs] 
2014-07-08T22:58:05.401+0000: 2166.210: [GC [PSYoungGen: 122453K->1138K(120064K)] 438856K->317859K(807040K), 0.0080550 secs] [Times: user=0.05 sys=0.00, real=0.01 secs] 
2014-07-08T22:58:06.370+0000: 2167.179: [GC [PSYoungGen: 120050K->1604K(118720K)] 436771K->318421K(805696K), 0.0084740 secs] [Times: user=0.06 sys=0.00, real=0.01 secs] 
2014-07-08T22:58:07.162+0000: 2167.971: [GC [PSYoungGen: 118659K->1202K(116480K)] 435476K->318115K(803456K), 0.0056700 secs] [Times: user=0.03 sys=0.00, real=0.01 secs] 
2014-07-08T22:58:09.303+0000: 2170.112: [GC [PSYoungGen: 116466K->1334K(114880K)] 433379K->318311K(801856K), 0.0128370 secs] [Times: user=0.08 sys=0.00, real=0.02 secs] 
2014-07-08T22:58:11.120+0000: 2171.929: [GC [PSYoungGen: 114835K->1438K(113280K)] 431812K->318487K(800256K), 0.0074930 secs] [Times: user=0.05 sys=0.00, real=0.01 secs] 
2014-07-08T22:58:12.954+0000: 2173.763: [GC [PSYoungGen: 113246K->1412K(111616K)] 430295K->318541K(798592K), 0.0066870 secs] [Times: user=0.04 sys=0.00, real=0.01 secs] 
2014-07-08T22:58:14.856+0000: 2175.665: [GC [PSYoungGen: 111543K->959K(109504K)] 428672K->318854K(796480K), 0.0152360 secs] [Times: user=0.09 sys=0.00, real=0.01 secs] 
2014-07-08T22:58:16.001+0000: 2176.810: [GC [PSYoungGen: 109503K->1876K(108864K)] 427398K->319842K(795840K), 0.0072020 secs] [Times: user=0.04 sys=0.00, real=0.01 secs] 
2014-07-08T22:58:16.864+0000: 2177.673: [GC [PSYoungGen: 108799K->996K(106432K)] 426766K->319394K(793408K), 0.0072620 secs] [Times: user=0.05 sys=0.00, real=0.01 secs] 
2014-07-08T22:58:18.013+0000: 2178.822: [GC [PSYoungGen: 106404K->1024K(104960K)] 424802K->319486K(791936K), 0.0133210 secs] [Times: user=0.08 sys=0.00, real=0.02 secs] 
2014-07-08T22:58:19.057+0000: 2179.866: [GC [PSYoungGen: 104943K->1380K(103872K)] 423406K->319907K(790848K), 0.0140810 secs] [Times: user=0.10 sys=0.00, real=0.02 secs] 
2014-07-08T22:58:20.042+0000: 2180.851: [GC [PSYoungGen: 103843K->1430K(102528K)] 422369K->320045K(789504K), 0.0121820 secs] [Times: user=0.08 sys=0.00, real=0.01 secs] 
2014-07-08T22:58:21.026+0000: 2181.835: [GC [PSYoungGen: 102486K->1124K(122432K)] 421101K->319980K(809408K), 0.0108840 secs] [Times: user=0.08 sys=0.00, real=0.02 secs] 
2014-07-08T22:58:22.023+0000: 2182.832: [GC [PSYoungGen: 122404K->1358K(120768K)] 441260K->320311K(807744K), 0.0073050 secs] [Times: user=0.04 sys=0.00, real=0.01 secs] 
2014-07-08T22:58:23.355+0000: 2184.164: [GC [PSYoungGen: 120718K->1333K(118848K)] 439671K->320509K(805824K), 0.0047590 secs] [Times: user=0.02 sys=0.00, real=0.01 secs] 
2014-07-08T22:58:25.053+0000: 2185.862: [GC [PSYoungGen: 118837K->1736K(117504K)] 438013K->320976K(804480K), 0.0081390 secs] [Times: user=0.04 sys=0.00, real=0.01 secs] 
2014-07-08T22:58:27.186+0000: 2187.995: [GC [PSYoungGen: 117422K->764K(114688K)] 436662K->320676K(801664K), 0.0096570 secs] [Times: user=0.06 sys=0.00, real=0.01 secs] 
2014-07-08T22:58:28.881+0000: 2189.690: [GC [PSYoungGen: 114684K->1412K(113664K)] 434596K->321404K(800640K), 0.0071170 secs] [Times: user=0.04 sys=0.00, real=0.01 secs] 
2014-07-08T22:58:29.928+0000: 2190.737: [GC [PSYoungGen: 113604K->1633K(112192K)] 433596K->321956K(799168K), 0.0090980 secs] [Times: user=0.06 sys=0.00, real=0.01 secs] 
2014-07-08T22:58:31.106+0000: 2191.915: [GC [PSYoungGen: 112067K->1505K(110464K)] 432389K->321931K(797440K), 0.0083080 secs] [Times: user=0.04 sys=0.00, real=0.01 secs] 
2014-07-08T22:58:32.724+0000: 2193.533: [GC [PSYoungGen: 110400K->928K(108288K)] 430826K->321832K(795264K), 0.0130990 secs] [Times: user=0.09 sys=0.00, real=0.01 secs] 
2014-07-08T22:58:34.172+0000: 2194.981: [GC [PSYoungGen: 108256K->1522K(107328K)] 429160K->322498K(794304K), 0.0172960 secs] [Times: user=0.11 sys=0.00, real=0.02 secs] 
2014-07-08T22:58:35.959+0000: 2196.767: [GC [PSYoungGen: 107269K->1420K(105728K)] 428246K->322582K(792704K), 0.0082890 secs] [Times: user=0.04 sys=0.01, real=0.01 secs] 
2014-07-08T22:58:37.667+0000: 2198.476: [GC [PSYoungGen: 105676K->1422K(104256K)] 426838K->322664K(791232K), 0.0073600 secs] [Times: user=0.04 sys=0.00, real=0.01 secs] 
2014-07-08T22:58:38.691+0000: 2199.500: [GC [PSYoungGen: 104150K->932K(102336K)] 425392K->322432K(789312K), 0.0139010 secs] [Times: user=0.08 sys=0.00, real=0.01 secs] 
2014-07-08T22:58:39.614+0000: 2200.423: [GC [PSYoungGen: 102308K->1494K(101504K)] 423808K->323098K(788480K), 0.0104410 secs] [Times: user=0.06 sys=0.00, real=0.01 secs] 
2014-07-08T22:58:41.041+0000: 2201.850: [GC [PSYoungGen: 101462K->1376K(100032K)] 423066K->323252K(787008K), 0.0070070 secs] [Times: user=0.03 sys=0.01, real=0.00 secs] 
2014-07-08T22:58:42.984+0000: 2203.793: [GC [PSYoungGen: 99967K->1480K(98816K)] 421843K->323436K(785792K), 0.0114410 secs] [Times: user=0.08 sys=0.00, real=0.01 secs] 
2014-07-08T22:58:43.965+0000: 2204.774: [GC [PSYoungGen: 98760K->942K(96960K)] 420716K->323181K(783936K), 0.0065950 secs] [Times: user=0.04 sys=0.00, real=0.01 secs] 
2014-07-08T22:58:45.616+0000: 2206.425: [GC [PSYoungGen: 96942K->1362K(96128K)] 419181K->323648K(783104K), 0.0083350 secs] [Times: user=0.04 sys=0.00, real=0.01 secs] 
2014-07-08T22:58:47.313+0000: 2208.122: [GC [PSYoungGen: 96082K->1398K(94912K)] 418368K->324009K(781888K), 0.0137890 secs] [Times: user=0.09 sys=0.00, real=0.01 secs] 
2014-07-08T22:58:48.935+0000: 2209.744: [GC [PSYoungGen: 94902K->1390K(93696K)] 417513K->324081K(780672K), 0.0129350 secs] [Times: user=0.10 sys=0.00, real=0.01 secs] 
2014-07-08T22:58:50.520+0000: 2211.329: [GC [PSYoungGen: 93650K->1078K(92160K)] 416341K->324009K(779136K), 0.0063740 secs] [Times: user=0.04 sys=0.00, real=0.01 secs] 
2014-07-08T22:58:51.439+0000: 2212.248: [GC [PSYoungGen: 92150K->1604K(91584K)] 415081K->324615K(778560K), 0.0057840 secs] [Times: user=0.02 sys=0.00, real=0.01 secs] 
2014-07-08T22:58:52.526+0000: 2213.335: [GC [PSYoungGen: 91524K->996K(89792K)] 414535K->324283K(776768K), 0.0084300 secs] [Times: user=0.06 sys=0.00, real=0.01 secs] 
2014-07-08T22:58:53.237+0000: 2214.046: [GC [PSYoungGen: 89764K->1138K(88832K)] 413051K->324555K(775808K), 0.0069280 secs] [Times: user=0.04 sys=0.01, real=0.01 secs] 
2014-07-08T22:58:54.094+0000: 2214.903: [GC [PSYoungGen: 88805K->1306K(87936K)] 412222K->324779K(774912K), 0.0130290 secs] [Times: user=0.08 sys=0.00, real=0.01 secs] 
2014-07-08T22:58:55.262+0000: 2216.071: [GC [PSYoungGen: 87898K->1774K(105728K)] 411371K->325311K(792704K), 0.0152170 secs] [Times: user=0.11 sys=0.00, real=0.02 secs] 
2014-07-08T22:58:56.237+0000: 2217.046: [GC [PSYoungGen: 105710K->626K(103104K)] 429247K->324793K(790080K), 0.0054000 secs] [Times: user=0.03 sys=0.00, real=0.01 secs] 
2014-07-08T22:58:57.558+0000: 2218.366: [GC [PSYoungGen: 103071K->1380K(102464K)] 427239K->325603K(789440K), 0.0090970 secs] [Times: user=0.05 sys=0.00, real=0.01 secs] 
2014-07-08T22:58:59.089+0000: 2219.898: [GC [PSYoungGen: 102436K->1504K(101184K)] 426659K->325871K(788160K), 0.0050900 secs] [Times: user=0.02 sys=0.00, real=0.01 secs] 
2014-07-08T22:59:00.340+0000: 2221.149: [GC [PSYoungGen: 101152K->1358K(99712K)] 425519K->325797K(786688K), 0.0081380 secs] [Times: user=0.05 sys=0.00, real=0.01 secs] 
2014-07-08T22:59:01.518+0000: 2222.327: [GC [PSYoungGen: 99662K->950K(97920K)] 424101K->325801K(784896K), 0.0061550 secs] [Times: user=0.03 sys=0.00, real=0.01 secs] 
2014-07-08T22:59:02.690+0000: 2223.499: [GC [PSYoungGen: 97910K->1710K(97408K)] 422761K->326649K(784384K), 0.0074440 secs] [Times: user=0.04 sys=0.00, real=0.01 secs] 
2014-07-08T22:59:03.505+0000: 2224.314: [GC [PSYoungGen: 97390K->1082K(95488K)] 422329K->326231K(782464K), 0.0039090 secs] [Times: user=0.03 sys=0.00, real=0.00 secs] 
2014-07-08T22:59:04.374+0000: 2225.183: [GC [PSYoungGen: 95482K->1572K(94784K)] 420631K->326801K(781760K), 0.0055540 secs] [Times: user=0.03 sys=0.00, real=0.00 secs] 
2014-07-08T22:59:05.741+0000: 2226.549: [GC [PSYoungGen: 94752K->1042K(93056K)] 419981K->326377K(780032K), 0.0171760 secs] [Times: user=0.10 sys=0.00, real=0.02 secs] 
2014-07-08T22:59:07.000+0000: 2227.809: [GC [PSYoungGen: 92986K->1398K(92224K)] 418321K->326821K(779200K), 0.0043320 secs] [Times: user=0.03 sys=0.00, real=0.01 secs] 
2014-07-08T22:59:07.861+0000: 2228.670: [GC [PSYoungGen: 92182K->1284K(91008K)] 417605K->326771K(777984K), 0.0091170 secs] [Times: user=0.06 sys=0.00, real=0.01 secs] 
2014-07-08T22:59:08.721+0000: 2229.530: [GC [PSYoungGen: 90948K->1480K(90048K)] 416435K->327055K(777024K), 0.0043060 secs] [Times: user=0.02 sys=0.00, real=0.01 secs] 
2014-07-08T22:59:09.931+0000: 2230.740: [GC [PSYoungGen: 89992K->878K(88320K)] 415567K->327029K(775296K), 0.0061160 secs] [Times: user=0.03 sys=0.00, real=0.01 secs] 
2014-07-08T22:59:10.863+0000: 2231.672: [GC [PSYoungGen: 88302K->1718K(88064K)] 414453K->327965K(775040K), 0.0057870 secs] [Times: user=0.04 sys=0.00, real=0.01 secs] 
2014-07-08T22:59:12.077+0000: 2232.885: [GC [PSYoungGen: 88054K->1010K(86336K)] 414301K->327461K(773312K), 0.0116730 secs] [Times: user=0.06 sys=0.00, real=0.01 secs] 
2014-07-08T22:59:13.106+0000: 2233.915: [GC [PSYoungGen: 86322K->1504K(85824K)] 412773K->328019K(772800K), 0.0045100 secs] [Times: user=0.02 sys=0.00, real=0.00 secs] 
2014-07-08T22:59:14.060+0000: 2234.868: [GC [PSYoungGen: 85792K->1248K(84544K)] 412307K->327819K(771520K), 0.0061950 secs] [Times: user=0.03 sys=0.00, real=0.01 secs] 
2014-07-08T22:59:14.832+0000: 2235.641: [GC [PSYoungGen: 84464K->1430K(101440K)] 411035K->328049K(788416K), 0.0193070 secs] [Times: user=0.13 sys=0.00, real=0.02 secs] 
2014-07-08T22:59:15.786+0000: 2236.595: [GC [PSYoungGen: 101398K->1008K(121024K)] 428017K->328154K(808000K), 0.0082030 secs] [Times: user=0.04 sys=0.00, real=0.00 secs] 
2014-07-08T22:59:16.940+0000: 2237.749: [GC [PSYoungGen: 121008K->1850K(120000K)] 448153K->329084K(806976K), 0.0073450 secs] [Times: user=0.03 sys=0.00, real=0.01 secs] 
2014-07-08T22:59:18.094+0000: 2238.903: [GC [PSYoungGen: 119994K->878K(117184K)] 447228K->328761K(804160K), 0.0035320 secs] [Times: user=0.02 sys=0.00, real=0.01 secs] 
2014-07-08T22:59:19.614+0000: 2240.423: [GC [PSYoungGen: 117163K->1833K(116352K)] 445046K->329780K(803328K), 0.0075890 secs] [Times: user=0.03 sys=0.00, real=0.01 secs] 
2014-07-08T22:59:21.183+0000: 2241.991: [GC [PSYoungGen: 116297K->1275K(114048K)] 444245K->329910K(801024K), 0.0143510 secs] [Times: user=0.09 sys=0.00, real=0.02 secs] 
2014-07-08T22:59:22.648+0000: 2243.457: [GC [PSYoungGen: 114043K->1576K(112704K)] 442678K->330324K(799680K), 0.0156160 secs] [Times: user=0.10 sys=0.00, real=0.01 secs] 
2014-07-08T22:59:24.013+0000: 2244.822: [GC [PSYoungGen: 112680K->1368K(110848K)] 441428K->330369K(797824K), 0.0062990 secs] [Times: user=0.04 sys=0.00, real=0.01 secs] 
2014-07-08T22:59:25.239+0000: 2246.048: [GC [PSYoungGen: 110798K->1384K(109248K)] 439799K->330433K(796224K), 0.0116420 secs] [Times: user=0.02 sys=0.00, real=0.01 secs] 
2014-07-08T22:59:26.338+0000: 2247.147: [GC [PSYoungGen: 109223K->1380K(107712K)] 438272K->330485K(794688K), 0.0057250 secs] [Times: user=0.03 sys=0.00, real=0.00 secs] 
2014-07-08T22:59:27.652+0000: 2248.461: [GC [PSYoungGen: 107684K->1466K(106240K)] 436789K->330643K(793216K), 0.0135890 secs] [Times: user=0.08 sys=0.00, real=0.01 secs] 
2014-07-08T22:59:29.092+0000: 2249.901: [GC [PSYoungGen: 106226K->1256K(104576K)] 435403K->330749K(791552K), 0.0118160 secs] [Times: user=0.05 sys=0.00, real=0.01 secs] 
2014-07-08T22:59:30.025+0000: 2250.834: [GC [PSYoungGen: 104552K->1490K(125504K)] 434045K->331121K(812480K), 0.0308860 secs] [Times: user=0.23 sys=0.00, real=0.03 secs] 
2014-07-08T22:59:31.418+0000: 2252.227: [GC [PSYoungGen: 125458K->1184K(139840K)] 455089K->331033K(826816K), 0.0157390 secs] [Times: user=0.11 sys=0.00, real=0.02 secs] 
2014-07-08T22:59:32.947+0000: 2253.756: [GC [PSYoungGen: 139779K->1384K(140544K)] 469628K->331281K(827520K), 0.0125700 secs] [Times: user=0.08 sys=0.00, real=0.02 secs] 
2014-07-08T22:59:34.954+0000: 2255.763: [GC [PSYoungGen: 140008K->1294K(168320K)] 469905K->331247K(855296K), 0.0147320 secs] [Times: user=0.10 sys=0.00, real=0.02 secs] 
2014-07-08T22:59:36.814+0000: 2257.623: [GC [PSYoungGen: 167694K->1427K(164608K)] 497647K->331444K(851584K), 0.0091090 secs] [Times: user=0.05 sys=0.01, real=0.01 secs] 
2014-07-08T22:59:38.582+0000: 2259.391: [GC [PSYoungGen: 164503K->484K(160512K)] 494521K->331275K(847488K), 0.0079000 secs] [Times: user=0.05 sys=0.00, real=0.01 secs] 
2014-07-08T22:59:40.310+0000: 2261.119: [GC [PSYoungGen: 160484K->1830K(158848K)] 491275K->332685K(845824K), 0.0105620 secs] [Times: user=0.06 sys=0.01, real=0.01 secs] 
2014-07-08T22:59:42.191+0000: 2263.000: [GC [PSYoungGen: 158822K->1404K(155456K)] 489677K->333054K(842432K), 0.0086560 secs] [Times: user=0.05 sys=0.00, real=0.01 secs] 
2014-07-08T22:59:44.552+0000: 2265.361: [GC [PSYoungGen: 155452K->1440K(152640K)] 487102K->333145K(839616K), 0.0123900 secs] [Times: user=0.08 sys=0.00, real=0.01 secs] 
2014-07-08T22:59:46.051+0000: 2266.860: [GC [PSYoungGen: 152576K->1508K(149952K)] 484282K->333293K(836928K), 0.0139260 secs] [Times: user=0.09 sys=0.00, real=0.01 secs] 
2014-07-08T22:59:47.416+0000: 2268.225: [GC [PSYoungGen: 149923K->1434K(147200K)] 481709K->333299K(834176K), 0.0114970 secs] [Times: user=0.06 sys=0.00, real=0.01 secs] 
2014-07-08T22:59:49.333+0000: 2270.141: [GC [PSYoungGen: 147160K->1256K(144384K)] 479026K->333161K(831360K), 0.0064030 secs] [Times: user=0.02 sys=0.00, real=0.00 secs] 
2014-07-08T22:59:50.767+0000: 2271.576: [GC [PSYoungGen: 144358K->1610K(142272K)] 476264K->333620K(829248K), 0.0039870 secs] [Times: user=0.02 sys=0.00, real=0.01 secs] 
2014-07-08T22:59:52.182+0000: 2272.991: [GC [PSYoungGen: 142201K->1312K(139520K)] 474210K->333588K(826496K), 0.0079050 secs] [Times: user=0.05 sys=0.00, real=0.00 secs] 
2014-07-08T22:59:53.603+0000: 2274.412: [GC [PSYoungGen: 139488K->1366K(137216K)] 471764K->333729K(824192K), 0.0066330 secs] [Times: user=0.05 sys=0.00, real=0.00 secs] 
2014-07-08T22:59:55.085+0000: 2275.894: [GC [PSYoungGen: 137154K->1406K(134912K)] 469517K->334012K(821888K), 0.0123010 secs] [Times: user=0.06 sys=0.00, real=0.01 secs] 
2014-07-08T22:59:56.318+0000: 2277.127: [GC [PSYoungGen: 134910K->1336K(132608K)] 467516K->333998K(819584K), 0.0055850 secs] [Times: user=0.03 sys=0.01, real=0.01 secs] 
2014-07-08T22:59:57.686+0000: 2278.495: [GC [PSYoungGen: 132600K->1398K(130496K)] 465262K->334213K(817472K), 0.0081450 secs] [Times: user=0.06 sys=0.00, real=0.01 secs] 
2014-07-08T22:59:59.471+0000: 2280.280: [GC [PSYoungGen: 130440K->1913K(128896K)] 463256K->334793K(815872K), 0.0036340 secs] [Times: user=0.02 sys=0.00, real=0.01 secs] 
2014-07-08T23:00:00.744+0000: 2281.552: [GC [PSYoungGen: 128889K->676K(125632K)] 461768K->334053K(812608K), 0.0055090 secs] [Times: user=0.04 sys=0.01, real=0.00 secs] 
2014-07-08T23:00:02.416+0000: 2283.225: [GC [PSYoungGen: 125604K->1640K(124608K)] 458981K->335066K(811584K), 0.0048190 secs] [Times: user=0.02 sys=0.00, real=0.00 secs] 
2014-07-08T23:00:03.710+0000: 2284.519: [GC [PSYoungGen: 124571K->1918K(122880K)] 457997K->335777K(809856K), 0.0122880 secs] [Times: user=0.08 sys=0.00, real=0.02 secs] 
2014-07-08T23:00:04.942+0000: 2285.751: [GC [PSYoungGen: 122878K->1368K(120448K)] 456737K->335316K(807424K), 0.0039240 secs] [Times: user=0.03 sys=0.00, real=0.01 secs] 
2014-07-08T23:00:06.738+0000: 2287.547: [GC [PSYoungGen: 120408K->1060K(118272K)] 454356K->335159K(805248K), 0.0086920 secs] [Times: user=0.05 sys=0.00, real=0.01 secs] 
2014-07-08T23:00:07.886+0000: 2288.695: [GC [PSYoungGen: 118243K->1608K(117056K)] 452343K->335780K(804032K), 0.0110130 secs] [Times: user=0.07 sys=0.01, real=0.01 secs] 
2014-07-08T23:00:09.904+0000: 2290.713: [GC [PSYoungGen: 117000K->1348K(115072K)] 451172K->335560K(802048K), 0.0077060 secs] [Times: user=0.05 sys=0.00, real=0.00 secs] 
2014-07-08T23:00:10.973+0000: 2291.782: [GC [PSYoungGen: 115012K->1444K(113408K)] 449224K->335736K(800384K), 0.0116990 secs] [Times: user=0.06 sys=0.00, real=0.02 secs] 
2014-07-08T23:00:11.888+0000: 2292.697: [GC [PSYoungGen: 113380K->1376K(111680K)] 447672K->335788K(798656K), 0.0091030 secs] [Times: user=0.07 sys=0.00, real=0.01 secs] 
2014-07-08T23:00:13.247+0000: 2294.056: [GC [PSYoungGen: 111648K->1352K(110080K)] 446060K->335860K(797056K), 0.0097920 secs] [Times: user=0.06 sys=0.00, real=0.01 secs] 
2014-07-08T23:00:14.353+0000: 2295.162: [GC [PSYoungGen: 110024K->1188K(108288K)] 444532K->335896K(795264K), 0.0147890 secs] [Times: user=0.11 sys=0.00, real=0.02 secs] 
2014-07-08T23:00:15.246+0000: 2296.055: [GC [PSYoungGen: 108260K->1526K(130048K)] 442968K->336282K(817024K), 0.0248900 secs] [Times: user=0.17 sys=0.01, real=0.02 secs] 
2014-07-08T23:00:17.431+0000: 2298.240: [GC [PSYoungGen: 130038K->1138K(150400K)] 464794K->336290K(837376K), 0.0067860 secs] [Times: user=0.04 sys=0.00, real=0.01 secs] 
2014-07-08T23:00:18.906+0000: 2299.714: [GC [PSYoungGen: 150386K->1252K(147840K)] 485538K->336444K(834816K), 0.0107650 secs] [Times: user=0.07 sys=0.00, real=0.01 secs] 
2014-07-08T23:00:20.661+0000: 2301.470: [GC [PSYoungGen: 147812K->690K(144640K)] 483004K->336300K(831616K), 0.0121760 secs] [Times: user=0.08 sys=0.00, real=0.01 secs] 
2014-07-08T23:00:22.244+0000: 2303.053: [GC [PSYoungGen: 144626K->1672K(143104K)] 480236K->337354K(830080K), 0.0065230 secs] [Times: user=0.04 sys=0.00, real=0.01 secs] 
2014-07-08T23:00:24.046+0000: 2304.855: [GC [PSYoungGen: 143048K->1450K(140352K)] 478730K->337590K(827328K), 0.0180000 secs] [Times: user=0.11 sys=0.00, real=0.01 secs] 
2014-07-08T23:00:25.765+0000: 2306.573: [GC [PSYoungGen: 140321K->1462K(137984K)] 476461K->337674K(824960K), 0.0133370 secs] [Times: user=0.09 sys=0.00, real=0.02 secs] 
2014-07-08T23:00:27.242+0000: 2308.051: [GC [PSYoungGen: 137973K->1238K(135488K)] 474185K->337530K(822464K), 0.0045550 secs] [Times: user=0.02 sys=0.00, real=0.01 secs] 
2014-07-08T23:00:28.503+0000: 2309.312: [GC [PSYoungGen: 135446K->1430K(133440K)] 471738K->337844K(820416K), 0.0140680 secs] [Times: user=0.09 sys=0.00, real=0.02 secs] 
2014-07-08T23:00:30.133+0000: 2310.941: [GC [PSYoungGen: 133398K->1320K(131136K)] 469812K->337814K(818112K), 0.0118210 secs] [Times: user=0.08 sys=0.00, real=0.01 secs] 
2014-07-08T23:00:31.778+0000: 2312.586: [GC [PSYoungGen: 131111K->1498K(129216K)] 467605K->338072K(816192K), 0.0101660 secs] [Times: user=0.06 sys=0.00, real=0.01 secs] 
2014-07-08T23:00:33.295+0000: 2314.104: [GC [PSYoungGen: 129178K->1138K(126720K)] 465752K->337816K(813696K), 0.0083490 secs] [Times: user=0.04 sys=0.00, real=0.01 secs] 
2014-07-08T23:00:34.836+0000: 2315.645: [GC [PSYoungGen: 126706K->1422K(124992K)] 463384K->338204K(811968K), 0.0095170 secs] [Times: user=0.06 sys=0.00, real=0.01 secs] 
2014-07-08T23:00:35.801+0000: 2316.610: [GC [PSYoungGen: 124942K->1248K(122816K)] 461724K->338336K(809792K), 0.0045140 secs] [Times: user=0.02 sys=0.00, real=0.00 secs] 
2014-07-08T23:00:37.120+0000: 2317.929: [GC [PSYoungGen: 122783K->1402K(121024K)] 459871K->338562K(808000K), 0.0110620 secs] [Times: user=0.07 sys=0.00, real=0.01 secs] 
2014-07-08T23:00:38.407+0000: 2319.216: [GC [PSYoungGen: 120963K->1078K(118848K)] 458123K->338607K(805824K), 0.0089420 secs] [Times: user=0.06 sys=0.00, real=0.01 secs] 
2014-07-08T23:00:39.639+0000: 2320.448: [GC [PSYoungGen: 118838K->1765K(117760K)] 456367K->339342K(804736K), 0.0176630 secs] [Times: user=0.10 sys=0.00, real=0.02 secs] 
2014-07-08T23:00:40.844+0000: 2321.653: [GC [PSYoungGen: 117733K->750K(114944K)] 455310K->339169K(801920K), 0.0117890 secs] [Times: user=0.08 sys=0.00, real=0.01 secs] 
2014-07-08T23:00:42.126+0000: 2322.935: [GC [PSYoungGen: 114926K->1544K(138624K)] 453345K->339987K(825600K), 0.0188350 secs] [Times: user=0.10 sys=0.00, real=0.02 secs] 
2014-07-08T23:00:43.066+0000: 2323.874: [GC [PSYoungGen: 138565K->1486K(136192K)] 477008K->340271K(823168K), 0.0070410 secs] [Times: user=0.04 sys=0.00, real=0.01 secs] 
2014-07-08T23:00:45.300+0000: 2326.109: [GC [PSYoungGen: 136142K->1384K(133760K)] 474927K->340201K(820736K), 0.0127560 secs] [Times: user=0.09 sys=0.00, real=0.01 secs] 
2014-07-08T23:00:47.248+0000: 2328.056: [GC [PSYoungGen: 133736K->828K(130944K)] 472553K->340091K(817920K), 0.0130990 secs] [Times: user=0.09 sys=0.00, real=0.02 secs] 
2014-07-08T23:00:49.930+0000: 2330.739: [GC [PSYoungGen: 130940K->1320K(129280K)] 470203K->340607K(816256K), 0.0156360 secs] [Times: user=0.09 sys=0.00, real=0.01 secs] 
2014-07-08T23:00:51.863+0000: 2332.672: [GC [PSYoungGen: 129256K->1593K(127424K)] 468543K->341127K(814400K), 0.0178320 secs] [Times: user=0.12 sys=0.00, real=0.02 secs] 
2014-07-08T23:00:53.813+0000: 2334.622: [GC [PSYoungGen: 127417K->1358K(125184K)] 466951K->340972K(812160K), 0.0124760 secs] [Times: user=0.09 sys=0.00, real=0.01 secs] 
2014-07-08T23:00:55.457+0000: 2336.266: [GC [PSYoungGen: 125099K->886K(122688K)] 464713K->340888K(809664K), 0.0103660 secs] [Times: user=0.07 sys=0.00, real=0.01 secs] 
2014-07-08T23:00:56.669+0000: 2337.477: [GC [PSYoungGen: 122677K->1480K(121408K)] 462679K->341578K(808384K), 0.0103880 secs] [Times: user=0.07 sys=0.00, real=0.01 secs] 
2014-07-08T23:00:57.452+0000: 2338.261: [GC [PSYoungGen: 121352K->1422K(119488K)] 461450K->341714K(806464K), 0.0098720 secs] [Times: user=0.06 sys=0.01, real=0.01 secs] 
2014-07-08T23:00:59.801+0000: 2340.610: [GC [PSYoungGen: 119438K->1632K(117888K)] 459730K->341965K(804864K), 0.0057040 secs] [Times: user=0.02 sys=0.00, real=0.00 secs] 
2014-07-08T23:01:00.878+0000: 2341.687: [GC [PSYoungGen: 117855K->612K(115072K)] 458187K->341664K(802048K), 0.0094650 secs] [Times: user=0.06 sys=0.00, real=0.01 secs] 
2014-07-08T23:01:02.683+0000: 2343.492: [GC [PSYoungGen: 115010K->1854K(114560K)] 456063K->343019K(801536K), 0.0164860 secs] [Times: user=0.10 sys=0.00, real=0.01 secs] 
2014-07-08T23:01:04.578+0000: 2345.387: [GC [PSYoungGen: 114558K->1142K(112192K)] 455723K->342723K(799168K), 0.0143790 secs] [Times: user=0.08 sys=0.00, real=0.02 secs] 
2014-07-08T23:01:06.603+0000: 2347.412: [GC [PSYoungGen: 112182K->1546K(110976K)] 453763K->343199K(797952K), 0.0126950 secs] [Times: user=0.08 sys=0.01, real=0.01 secs] 
2014-07-08T23:01:08.070+0000: 2348.879: [GC [PSYoungGen: 110884K->1390K(109184K)] 452537K->343229K(796160K), 0.0071330 secs] [Times: user=0.05 sys=0.00, real=0.01 secs] 
2014-07-08T23:01:09.400+0000: 2350.208: [GC [PSYoungGen: 109166K->1486K(107776K)] 451005K->343398K(794752K), 0.0043280 secs] [Times: user=0.03 sys=0.00, real=0.01 secs] 
2014-07-08T23:01:10.393+0000: 2351.202: [GC [PSYoungGen: 107701K->1064K(105792K)] 449612K->343233K(792768K), 0.0061700 secs] [Times: user=0.04 sys=0.00, real=0.01 secs] 
2014-07-08T23:01:11.654+0000: 2352.463: [GC [PSYoungGen: 105767K->1696K(104960K)] 447936K->343937K(791936K), 0.0114860 secs] [Times: user=0.08 sys=0.00, real=0.01 secs] 
2014-07-08T23:01:12.496+0000: 2353.305: [GC [PSYoungGen: 104928K->1068K(102848K)] 447169K->343535K(789824K), 0.0128330 secs] [Times: user=0.09 sys=0.00, real=0.01 secs] 
2014-07-08T23:01:14.445+0000: 2355.254: [GC [PSYoungGen: 102809K->1434K(101824K)] 445276K->343981K(788800K), 0.0194180 secs] [Times: user=0.14 sys=0.00, real=0.02 secs] 
2014-07-08T23:01:15.956+0000: 2356.765: [GC [PSYoungGen: 101786K->1188K(100224K)] 444333K->343807K(787200K), 0.0099660 secs] [Times: user=0.06 sys=0.00, real=0.01 secs] 
2014-07-08T23:01:16.989+0000: 2357.798: [GC [PSYoungGen: 100196K->1590K(99264K)] 442815K->344305K(786240K), 0.0142900 secs] [Times: user=0.09 sys=0.00, real=0.01 secs] 
2014-07-08T23:01:17.982+0000: 2358.791: [GC [PSYoungGen: 99254K->1074K(97472K)] 441969K->343877K(784448K), 0.0077460 secs] [Times: user=0.04 sys=0.01, real=0.01 secs] 
2014-07-08T23:01:19.426+0000: 2360.235: [GC [PSYoungGen: 97458K->1316K(96448K)] 440261K->344199K(783424K), 0.0172560 secs] [Times: user=0.10 sys=0.00, real=0.01 secs] 
2014-07-08T23:01:21.246+0000: 2362.055: [GC [PSYoungGen: 96420K->1452K(95296K)] 439303K->344431K(782272K), 0.0114390 secs] [Times: user=0.07 sys=0.00, real=0.01 secs] 
2014-07-08T23:01:23.317+0000: 2364.126: [GC [PSYoungGen: 95214K->1548K(94208K)] 438194K->344575K(781184K), 0.0089510 secs] [Times: user=0.04 sys=0.00, real=0.01 secs] 
2014-07-08T23:01:24.279+0000: 2365.088: [GC [PSYoungGen: 94156K->690K(92096K)] 437183K->344211K(779072K), 0.0118300 secs] [Times: user=0.05 sys=0.00, real=0.01 secs] 
2014-07-08T23:01:26.050+0000: 2366.859: [GC [PSYoungGen: 92082K->1320K(91584K)] 435603K->344897K(778560K), 0.0142520 secs] [Times: user=0.08 sys=0.00, real=0.01 secs] 
2014-07-08T23:01:27.502+0000: 2368.311: [GC [PSYoungGen: 91560K->1330K(90432K)] 435137K->345225K(777408K), 0.0056770 secs] [Times: user=0.02 sys=0.00, real=0.01 secs] 
2014-07-08T23:01:28.502+0000: 2369.310: [GC [PSYoungGen: 90418K->1622K(89664K)] 434313K->345605K(776640K), 0.0058630 secs] [Times: user=0.04 sys=0.00, real=0.01 secs] 
2014-07-08T23:01:29.327+0000: 2370.136: [GC [PSYoungGen: 89622K->736K(87680K)] 433605K->345430K(774656K), 0.0158250 secs] [Times: user=0.10 sys=0.00, real=0.01 secs] 
2014-07-08T23:01:31.145+0000: 2371.954: [GC [PSYoungGen: 87648K->1853K(87680K)] 432342K->346602K(774656K), 0.0091060 secs] [Times: user=0.05 sys=0.00, real=0.01 secs] 
2014-07-08T23:01:32.422+0000: 2373.231: [GC [PSYoungGen: 87677K->1124K(85952K)] 432426K->346287K(772928K), 0.0115330 secs] [Times: user=0.07 sys=0.00, real=0.01 secs] 
2014-07-08T23:01:33.183+0000: 2373.992: [GC [PSYoungGen: 85924K->1390K(85184K)] 431087K->346649K(772160K), 0.0057880 secs] [Times: user=0.03 sys=0.00, real=0.01 secs] 
2014-07-08T23:01:34.126+0000: 2374.935: [GC [PSYoungGen: 85166K->1455K(84224K)] 430425K->346912K(771200K), 0.0094340 secs] [Times: user=0.06 sys=0.01, real=0.00 secs] 
2014-07-08T23:01:34.779+0000: 2375.587: [GC [PSYoungGen: 84207K->1803K(83648K)] 429664K->347470K(770624K), 0.0091560 secs] [Times: user=0.06 sys=0.00, real=0.01 secs] 
2014-07-08T23:01:35.468+0000: 2376.277: [GC [PSYoungGen: 83595K->676K(98880K)] 429262K->346981K(785856K), 0.0082520 secs] [Times: user=0.05 sys=0.00, real=0.01 secs] 
2014-07-08T23:01:36.928+0000: 2377.737: [GC [PSYoungGen: 98852K->1704K(98560K)] 445157K->348057K(785536K), 0.0074740 secs] [Times: user=0.04 sys=0.00, real=0.00 secs] 
2014-07-08T23:01:38.680+0000: 2379.489: [GC [PSYoungGen: 98536K->1540K(97152K)] 444889K->348101K(784128K), 0.0087940 secs] [Times: user=0.05 sys=0.00, real=0.01 secs] 
2014-07-08T23:01:40.432+0000: 2381.241: [GC [PSYoungGen: 97092K->1202K(95488K)] 443653K->347867K(782464K), 0.0112890 secs] [Times: user=0.08 sys=0.00, real=0.01 secs] 
2014-07-08T23:01:42.172+0000: 2382.981: [GC [PSYoungGen: 95474K->1198K(94272K)] 442139K->348123K(781248K), 0.0042730 secs] [Times: user=0.03 sys=0.00, real=0.00 secs] 
2014-07-08T23:01:42.931+0000: 2383.740: [GC [PSYoungGen: 94251K->1458K(93312K)] 441177K->348495K(780288K), 0.0123700 secs] [Times: user=0.08 sys=0.00, real=0.01 secs] 
2014-07-08T23:01:44.413+0000: 2385.222: [GC [PSYoungGen: 93298K->1316K(92032K)] 440335K->348513K(779008K), 0.0124900 secs] [Times: user=0.07 sys=0.00, real=0.01 secs] 
2014-07-08T23:01:46.141+0000: 2386.950: [GC [PSYoungGen: 92004K->1450K(91008K)] 439201K->348719K(777984K), 0.0176440 secs] [Times: user=0.13 sys=0.00, real=0.02 secs] 
2014-07-08T23:01:47.622+0000: 2388.430: [GC [PSYoungGen: 90986K->942K(89344K)] 438255K->348663K(776320K), 0.0063150 secs] [Times: user=0.03 sys=0.00, real=0.01 secs] 
2014-07-08T23:01:48.456+0000: 2389.265: [GC [PSYoungGen: 89326K->1390K(88704K)] 437047K->349223K(775680K), 0.0128300 secs] [Times: user=0.09 sys=0.00, real=0.02 secs] 
2014-07-08T23:01:49.649+0000: 2390.458: [GC [PSYoungGen: 88686K->1402K(87616K)] 436519K->349419K(774592K), 0.0120320 secs] [Times: user=0.08 sys=0.01, real=0.02 secs] 
2014-07-08T23:01:51.166+0000: 2391.975: [GC [PSYoungGen: 87610K->1444K(86656K)] 435627K->349533K(773632K), 0.0070750 secs] [Times: user=0.03 sys=0.00, real=0.01 secs] 
2014-07-08T23:01:52.584+0000: 2393.393: [GC [PSYoungGen: 86628K->882K(85056K)] 434717K->349171K(772032K), 0.0072610 secs] [Times: user=0.04 sys=0.00, real=0.01 secs] 
2014-07-08T23:01:53.877+0000: 2394.685: [GC [PSYoungGen: 85042K->1384K(84544K)] 433331K->349753K(771520K), 0.0162360 secs] [Times: user=0.11 sys=0.00, real=0.02 secs] 
2014-07-08T23:01:55.296+0000: 2396.105: [GC [PSYoungGen: 84520K->1308K(101120K)] 432889K->349815K(788096K), 0.0276930 secs] [Times: user=0.19 sys=0.00, real=0.03 secs] 
2014-07-08T23:01:56.323+0000: 2397.132: [GC [PSYoungGen: 101084K->1370K(112384K)] 449591K->349941K(799360K), 0.0209340 secs] [Times: user=0.15 sys=0.00, real=0.02 secs] 
2014-07-08T23:01:56.974+0000: 2397.783: [GC [PSYoungGen: 111919K->1512K(121536K)] 460491K->350237K(808512K), 0.0169390 secs] [Times: user=0.12 sys=0.00, real=0.02 secs] 
2014-07-08T23:01:59.248+0000: 2400.056: [GC [PSYoungGen: 121254K->1440K(121536K)] 469980K->350213K(808512K), 0.0094680 secs] [Times: user=0.06 sys=0.00, real=0.01 secs] 
2014-07-08T23:02:00.519+0000: 2401.328: [GC [PSYoungGen: 121184K->1362K(145472K)] 469957K->350223K(832448K), 0.0101950 secs] [Times: user=0.07 sys=0.00, real=0.01 secs] 
2014-07-08T23:02:02.837+0000: 2403.646: [GC [PSYoungGen: 145078K->1564K(145472K)] 493940K->350458K(832448K), 0.0132530 secs] [Times: user=0.09 sys=0.01, real=0.01 secs] 
2014-07-08T23:02:04.924+0000: 2405.733: [GC [PSYoungGen: 145308K->1554K(142784K)] 494202K->350479K(829760K), 0.0163260 secs] [Times: user=0.10 sys=0.00, real=0.01 secs] 
2014-07-08T23:02:07.650+0000: 2408.459: [GC [PSYoungGen: 142719K->1334K(140032K)] 491644K->350283K(827008K), 0.0064070 secs] [Times: user=0.03 sys=0.00, real=0.01 secs] 
2014-07-08T23:02:09.754+0000: 2410.563: [GC [PSYoungGen: 140022K->690K(137024K)] 488971K->350205K(824000K), 0.0124550 secs] [Times: user=0.08 sys=0.00, real=0.01 secs] 
2014-07-08T23:02:11.321+0000: 2412.130: [GC [PSYoungGen: 137010K->1598K(135616K)] 486525K->351186K(822592K), 0.0060270 secs] [Times: user=0.04 sys=0.00, real=0.01 secs] 
2014-07-08T23:02:13.621+0000: 2414.430: [GC [PSYoungGen: 135613K->1302K(133120K)] 485201K->351176K(820096K), 0.0131950 secs] [Times: user=0.08 sys=0.00, real=0.02 secs] 
2014-07-08T23:02:15.170+0000: 2415.979: [GC [PSYoungGen: 133065K->1448K(131072K)] 482939K->351386K(818048K), 0.0155760 secs] [Times: user=0.10 sys=0.00, real=0.02 secs] 
2014-07-08T23:02:17.521+0000: 2418.330: [GC [PSYoungGen: 131041K->814K(128320K)] 480979K->351323K(815296K), 0.0091050 secs] [Times: user=0.05 sys=0.00, real=0.01 secs] 
2014-07-08T23:02:19.053+0000: 2419.862: [GC [PSYoungGen: 128302K->1679K(127168K)] 478811K->352228K(814144K), 0.0235210 secs] [Times: user=0.16 sys=0.00, real=0.02 secs] 
2014-07-08T23:02:20.380+0000: 2421.189: [GC [PSYoungGen: 127119K->946K(124352K)] 477668K->352042K(811328K), 0.0096020 secs] [Times: user=0.06 sys=0.00, real=0.01 secs] 
2014-07-08T23:02:22.336+0000: 2423.145: [GC [PSYoungGen: 124334K->1420K(122880K)] 475431K->352572K(809856K), 0.0121880 secs] [Times: user=0.08 sys=0.00, real=0.01 secs] 
2014-07-08T23:02:23.623+0000: 2424.432: [GC [PSYoungGen: 122828K->1188K(120704K)] 473980K->352494K(807680K), 0.0129690 secs] [Times: user=0.08 sys=0.00, real=0.02 secs] 
2014-07-08T23:02:25.225+0000: 2426.034: [GC [PSYoungGen: 120676K->1722K(119360K)] 471982K->353132K(806336K), 0.0112770 secs] [Times: user=0.08 sys=0.00, real=0.01 secs] 
2014-07-08T23:02:27.124+0000: 2427.933: [GC [PSYoungGen: 119354K->562K(116416K)] 470764K->352520K(803392K), 0.0164360 secs] [Times: user=0.10 sys=0.00, real=0.02 secs] 
2014-07-08T23:02:29.360+0000: 2430.169: [GC [PSYoungGen: 116401K->1686K(115776K)] 468360K->353708K(802752K), 0.0182750 secs] [Times: user=0.14 sys=0.00, real=0.02 secs] 
2014-07-08T23:02:30.906+0000: 2431.715: [GC [PSYoungGen: 115734K->1294K(113664K)] 467756K->353658K(800640K), 0.0127840 secs] [Times: user=0.08 sys=0.00, real=0.01 secs] 
2014-07-08T23:02:31.936+0000: 2432.745: [GC [PSYoungGen: 113614K->1436K(112128K)] 465978K->353865K(799104K), 0.0041570 secs] [Times: user=0.03 sys=0.01, real=0.00 secs] 
2014-07-08T23:02:32.657+0000: 2433.465: [GC [PSYoungGen: 111996K->1071K(110144K)] 464424K->353797K(797120K), 0.0108290 secs] [Times: user=0.08 sys=0.00, real=0.01 secs] 
2014-07-08T23:02:34.623+0000: 2435.431: [GC [PSYoungGen: 110127K->1338K(108800K)] 462853K->354120K(795776K), 0.0139800 secs] [Times: user=0.10 sys=0.00, real=0.02 secs] 
2014-07-08T23:02:35.745+0000: 2436.554: [GC [PSYoungGen: 108794K->1326K(107264K)] 461576K->354589K(794240K), 0.0084320 secs] [Times: user=0.06 sys=0.01, real=0.01 secs] 
2014-07-08T23:02:37.502+0000: 2438.311: [GC [PSYoungGen: 107211K->1479K(105920K)] 460474K->354838K(792896K), 0.0133610 secs] [Times: user=0.08 sys=0.00, real=0.01 secs] 
2014-07-08T23:02:39.055+0000: 2439.864: [GC [PSYoungGen: 105849K->1018K(103936K)] 459208K->354634K(790912K), 0.0138070 secs] [Times: user=0.09 sys=0.00, real=0.02 secs] 
2014-07-08T23:02:40.176+0000: 2440.985: [GC [PSYoungGen: 103928K->1458K(102976K)] 457545K->355139K(789952K), 0.0165090 secs] [Times: user=0.10 sys=0.01, real=0.01 secs] 
2014-07-08T23:02:40.928+0000: 2441.736: [GC [PSYoungGen: 102962K->1220K(123136K)] 456643K->355030K(810112K), 0.0092150 secs] [Times: user=0.06 sys=0.00, real=0.01 secs] 
2014-07-08T23:02:42.537+0000: 2443.345: [GC [PSYoungGen: 123067K->1508K(121472K)] 476878K->355439K(808448K), 0.0113420 secs] [Times: user=0.08 sys=0.00, real=0.02 secs] 
2014-07-08T23:02:44.825+0000: 2445.634: [GC [PSYoungGen: 121444K->946K(119040K)] 475375K->355151K(806016K), 0.0143330 secs] [Times: user=0.11 sys=0.00, real=0.02 secs] 
2014-07-08T23:02:46.735+0000: 2447.543: [GC [PSYoungGen: 119025K->1184K(117504K)] 473230K->355437K(804480K), 0.0221190 secs] [Times: user=0.14 sys=0.00, real=0.02 secs] 
2014-07-08T23:02:48.771+0000: 2449.580: [GC [PSYoungGen: 117470K->1584K(116096K)] 471723K->355901K(803072K), 0.0122170 secs] [Times: user=0.08 sys=0.00, real=0.01 secs] 
2014-07-08T23:02:50.732+0000: 2451.541: [GC [PSYoungGen: 116080K->1366K(114176K)] 470397K->355763K(801152K), 0.0092030 secs] [Times: user=0.06 sys=0.01, real=0.01 secs] 
2014-07-08T23:02:51.857+0000: 2452.666: [GC [PSYoungGen: 114134K->754K(111872K)] 468531K->355507K(798848K), 0.0071230 secs] [Times: user=0.04 sys=0.00, real=0.01 secs] 
2014-07-08T23:02:53.000+0000: 2453.809: [GC [PSYoungGen: 111858K->1522K(110976K)] 466611K->356355K(797952K), 0.0117230 secs] [Times: user=0.08 sys=0.00, real=0.01 secs] 
2014-07-08T23:02:54.045+0000: 2454.853: [GC [PSYoungGen: 110939K->1280K(109184K)] 465772K->356267K(796160K), 0.0134590 secs] [Times: user=0.09 sys=0.00, real=0.02 secs] 
2014-07-08T23:02:55.131+0000: 2455.940: [GC [PSYoungGen: 109120K->1170K(130624K)] 464107K->356229K(817600K), 0.0161710 secs] [Times: user=0.11 sys=0.00, real=0.01 secs] 
2014-07-08T23:02:57.110+0000: 2457.919: [GC [PSYoungGen: 130564K->1188K(128512K)] 485623K->356691K(815488K), 0.0123090 secs] [Times: user=0.09 sys=0.00, real=0.01 secs] 
2014-07-08T23:02:58.389+0000: 2459.198: [GC [PSYoungGen: 128478K->1658K(126912K)] 483981K->357257K(813888K), 0.0130470 secs] [Times: user=0.08 sys=0.01, real=0.02 secs] 
2014-07-08T23:02:59.774+0000: 2460.583: [GC [PSYoungGen: 126906K->1010K(124224K)] 482505K->357169K(811200K), 0.0111380 secs] [Times: user=0.05 sys=0.00, real=0.01 secs] 
2014-07-08T23:03:01.400+0000: 2462.209: [GC [PSYoungGen: 124191K->1954K(123200K)] 480350K->358252K(810176K), 0.0082040 secs] [Times: user=0.06 sys=0.00, real=0.00 secs] 
2014-07-08T23:03:02.655+0000: 2463.464: [GC [PSYoungGen: 123170K->992K(120320K)] 479468K->357893K(807296K), 0.0105330 secs] [Times: user=0.06 sys=0.00, real=0.01 secs] 
2014-07-08T23:03:04.165+0000: 2464.973: [GC [PSYoungGen: 120288K->1284K(118784K)] 477189K->358315K(805760K), 0.0157680 secs] [Times: user=0.11 sys=0.00, real=0.02 secs] 
2014-07-08T23:03:06.158+0000: 2466.966: [GC [PSYoungGen: 118724K->1498K(117184K)] 475755K->358617K(804160K), 0.0093930 secs] [Times: user=0.05 sys=0.00, real=0.01 secs] 
2014-07-08T23:03:07.424+0000: 2468.233: [GC [PSYoungGen: 117122K->1416K(115392K)] 474242K->358639K(802368K), 0.0103950 secs] [Times: user=0.06 sys=0.00, real=0.01 secs] 
2014-07-08T23:03:09.397+0000: 2470.206: [GC [PSYoungGen: 115336K->1146K(113344K)] 472559K->358553K(800320K), 0.0123030 secs] [Times: user=0.09 sys=0.00, real=0.01 secs] 
2014-07-08T23:03:10.779+0000: 2471.588: [GC [PSYoungGen: 113337K->1160K(111744K)] 470745K->358623K(798720K), 0.0062500 secs] [Times: user=0.04 sys=0.00, real=0.01 secs] 
2014-07-08T23:03:12.921+0000: 2473.729: [GC [PSYoungGen: 111688K->1640K(110592K)] 469151K->359210K(797568K), 0.0130060 secs] [Times: user=0.09 sys=0.00, real=0.02 secs] 
2014-07-08T23:03:14.566+0000: 2475.374: [GC [PSYoungGen: 110556K->1626K(108992K)] 468125K->359276K(795968K), 0.0162840 secs] [Times: user=0.10 sys=0.00, real=0.02 secs] 
2014-07-08T23:03:16.583+0000: 2477.392: [GC [PSYoungGen: 108954K->690K(106496K)] 466604K->358831K(793472K), 0.0129180 secs] [Times: user=0.09 sys=0.01, real=0.01 secs] 
2014-07-08T23:03:18.036+0000: 2478.845: [GC [PSYoungGen: 106482K->1184K(105472K)] 464623K->359357K(792448K), 0.0160590 secs] [Times: user=0.10 sys=0.00, real=0.02 secs] 
2014-07-08T23:03:19.776+0000: 2480.585: [GC [PSYoungGen: 105440K->1434K(104256K)] 463613K->359767K(791232K), 0.0133830 secs] [Times: user=0.10 sys=0.01, real=0.01 secs] 
2014-07-08T23:03:21.493+0000: 2482.302: [GC [PSYoungGen: 104218K->1256K(102656K)] 462551K->359653K(789632K), 0.0132560 secs] [Times: user=0.08 sys=0.01, real=0.01 secs] 
2014-07-08T23:03:23.274+0000: 2484.083: [GC [PSYoungGen: 102632K->1270K(101248K)] 461029K->359852K(788224K), 0.0128870 secs] [Times: user=0.08 sys=0.00, real=0.01 secs] 
2014-07-08T23:03:24.083+0000: 2484.892: [GC [PSYoungGen: 101238K->1262K(99904K)] 459820K->359923K(786880K), 0.0144510 secs] [Times: user=0.09 sys=0.00, real=0.02 secs] 
2014-07-08T23:03:25.793+0000: 2486.602: [GC [PSYoungGen: 99886K->1330K(98624K)] 458547K->360088K(785600K), 0.0110180 secs] [Times: user=0.07 sys=0.00, real=0.01 secs] 
2014-07-08T23:03:26.802+0000: 2487.611: [GC [PSYoungGen: 98605K->1138K(117888K)] 457362K->359967K(804864K), 0.0138740 secs] [Times: user=0.08 sys=0.00, real=0.02 secs] 
2014-07-08T23:03:27.994+0000: 2488.803: [GC [PSYoungGen: 117874K->1256K(141376K)] 476703K->360205K(828352K), 0.0122290 secs] [Times: user=0.08 sys=0.00, real=0.01 secs] 
2014-07-08T23:03:30.495+0000: 2491.304: [GC [PSYoungGen: 141352K->1482K(139200K)] 500301K->360471K(826176K), 0.0072530 secs] [Times: user=0.05 sys=0.00, real=0.00 secs] 
2014-07-08T23:03:31.856+0000: 2492.665: [GC [PSYoungGen: 139146K->804K(136128K)] 498135K->360107K(823104K), 0.0103740 secs] [Times: user=0.06 sys=0.00, real=0.01 secs] 
2014-07-08T23:03:33.988+0000: 2494.797: [GC [PSYoungGen: 136100K->1598K(134592K)] 495403K->360957K(821568K), 0.0072560 secs] [Times: user=0.05 sys=0.00, real=0.01 secs] 
2014-07-08T23:03:35.856+0000: 2496.665: [GC [PSYoungGen: 134590K->1206K(131968K)] 493949K->360922K(818944K), 0.0123530 secs] [Times: user=0.08 sys=0.00, real=0.01 secs] 
2014-07-08T23:03:37.457+0000: 2498.266: [GC [PSYoungGen: 131958K->1394K(129984K)] 491674K->361182K(816960K), 0.0146450 secs] [Times: user=0.09 sys=0.00, real=0.01 secs] 
2014-07-08T23:03:39.221+0000: 2500.030: [GC [PSYoungGen: 129946K->1135K(127616K)] 489734K->361175K(814592K), 0.0063600 secs] [Times: user=0.04 sys=0.00, real=0.01 secs] 
2014-07-08T23:03:41.132+0000: 2501.941: [GC [PSYoungGen: 127567K->1390K(125824K)] 487607K->361494K(812800K), 0.0112460 secs] [Times: user=0.07 sys=0.00, real=0.01 secs] 
2014-07-08T23:03:42.584+0000: 2503.393: [GC [PSYoungGen: 125806K->1074K(123520K)] 485910K->361506K(810496K), 0.0076600 secs] [Times: user=0.05 sys=0.01, real=0.01 secs] 
2014-07-08T23:03:44.453+0000: 2505.262: [GC [PSYoungGen: 123506K->1430K(121984K)] 483938K->361926K(808960K), 0.0121160 secs] [Times: user=0.07 sys=0.00, real=0.01 secs] 
2014-07-08T23:03:46.478+0000: 2507.287: [GC [PSYoungGen: 121942K->928K(119616K)] 482438K->361924K(806592K), 0.0052630 secs] [Times: user=0.03 sys=0.00, real=0.00 secs] 
2014-07-08T23:03:48.076+0000: 2508.884: [GC [PSYoungGen: 119584K->1600K(118464K)] 480580K->362668K(805440K), 0.0124370 secs] [Times: user=0.07 sys=0.00, real=0.02 secs] 
2014-07-08T23:03:49.656+0000: 2510.465: [GC [PSYoungGen: 118398K->872K(115904K)] 479467K->362472K(802880K), 0.0122480 secs] [Times: user=0.07 sys=0.00, real=0.02 secs] 
2014-07-08T23:03:51.525+0000: 2512.334: [GC [PSYoungGen: 115880K->1700K(115008K)] 477480K->363429K(801984K), 0.0180290 secs] [Times: user=0.13 sys=0.00, real=0.02 secs] 
2014-07-08T23:03:53.406+0000: 2514.215: [GC [PSYoungGen: 114980K->892K(112448K)] 476709K->363178K(799424K), 0.0159240 secs] [Times: user=0.11 sys=0.00, real=0.02 secs] 
2014-07-08T23:03:55.229+0000: 2516.038: [GC [PSYoungGen: 112443K->1352K(111296K)] 474730K->363702K(798272K), 0.0120720 secs] [Times: user=0.09 sys=0.00, real=0.01 secs] 
2014-07-08T23:03:57.024+0000: 2517.833: [GC [PSYoungGen: 111240K->1340K(109632K)] 473590K->363907K(796608K), 0.0154060 secs] [Times: user=0.09 sys=0.00, real=0.02 secs] 
2014-07-08T23:03:58.473+0000: 2519.281: [GC [PSYoungGen: 109628K->1418K(108160K)] 472195K->364057K(795136K), 0.0137000 secs] [Times: user=0.08 sys=0.01, real=0.01 secs] 
2014-07-08T23:03:59.575+0000: 2520.384: [GC [PSYoungGen: 108106K->818K(105984K)] 470745K->363762K(792960K), 0.0118520 secs] [Times: user=0.08 sys=0.00, real=0.01 secs] 
2014-07-08T23:04:01.243+0000: 2522.052: [GC [PSYoungGen: 105970K->1356K(105088K)] 468914K->364380K(792064K), 0.0083170 secs] [Times: user=0.06 sys=0.00, real=0.01 secs] 
2014-07-08T23:04:02.528+0000: 2523.337: [GC [PSYoungGen: 105036K->1188K(103424K)] 468060K->364316K(790400K), 0.0165110 secs] [Times: user=0.10 sys=0.00, real=0.02 secs] 
2014-07-08T23:04:03.694+0000: 2524.502: [GC [PSYoungGen: 103349K->1338K(124032K)] 466478K->364530K(811008K), 0.0178440 secs] [Times: user=0.08 sys=0.00, real=0.02 secs] 
2014-07-08T23:04:05.034+0000: 2525.842: [GC [PSYoungGen: 124026K->1080K(133056K)] 487218K->364587K(820032K), 0.0158050 secs] [Times: user=0.11 sys=0.00, real=0.02 secs] 
2014-07-08T23:04:06.099+0000: 2526.907: [GC [PSYoungGen: 133048K->1220K(131072K)] 496555K->364806K(818048K), 0.0081430 secs] [Times: user=0.04 sys=0.00, real=0.01 secs] 
2014-07-08T23:04:07.761+0000: 2528.570: [GC [PSYoungGen: 131012K->498K(128192K)] 494598K->365001K(815168K), 0.0114540 secs] [Times: user=0.08 sys=0.00, real=0.01 secs] 
2014-07-08T23:04:09.464+0000: 2530.273: [GC [PSYoungGen: 128178K->1472K(127104K)] 492681K->366031K(814080K), 0.0168050 secs] [Times: user=0.11 sys=0.00, real=0.02 secs] 
2014-07-08T23:04:11.018+0000: 2531.827: [GC [PSYoungGen: 127011K->1454K(124992K)] 491570K->366591K(811968K), 0.0088040 secs] [Times: user=0.04 sys=0.01, real=0.01 secs] 
2014-07-08T23:04:13.050+0000: 2533.859: [GC [PSYoungGen: 124974K->1619K(123200K)] 490111K->366827K(810176K), 0.0192300 secs] [Times: user=0.11 sys=0.01, real=0.01 secs] 
2014-07-08T23:04:14.341+0000: 2535.150: [GC [PSYoungGen: 123155K->758K(120384K)] 488363K->367042K(807360K), 0.0106230 secs] [Times: user=0.06 sys=0.00, real=0.02 secs] 
2014-07-08T23:04:16.154+0000: 2536.963: [GC [PSYoungGen: 120374K->1857K(119680K)] 486658K->368197K(806656K), 0.0148050 secs] [Times: user=0.11 sys=0.00, real=0.01 secs] 
2014-07-08T23:04:17.785+0000: 2538.594: [GC [PSYoungGen: 119617K->1212K(117184K)] 485957K->368016K(804160K), 0.0069550 secs] [Times: user=0.04 sys=0.00, real=0.01 secs] 
2014-07-08T23:04:19.394+0000: 2540.203: [GC [PSYoungGen: 117180K->1348K(115584K)] 483984K->368255K(802560K), 0.0081530 secs] [Times: user=0.05 sys=0.00, real=0.01 secs] 
2014-07-08T23:04:21.133+0000: 2541.942: [GC [PSYoungGen: 115524K->1452K(113920K)] 482431K->368463K(800896K), 0.0046350 secs] [Times: user=0.02 sys=0.00, real=0.00 secs] 
2014-07-08T23:04:22.453+0000: 2543.262: [GC [PSYoungGen: 113900K->1408K(112256K)] 480911K->368492K(799232K), 0.0142730 secs] [Times: user=0.09 sys=0.00, real=0.01 secs] 
2014-07-08T23:04:23.679+0000: 2544.488: [GC [PSYoungGen: 112167K->1188K(110336K)] 479251K->368465K(797312K), 0.0070130 secs] [Times: user=0.05 sys=0.00, real=0.01 secs] 
2014-07-08T23:04:25.368+0000: 2546.177: [GC [PSYoungGen: 110288K->1270K(108800K)] 477566K->368643K(795776K), 0.0124710 secs] [Times: user=0.08 sys=0.00, real=0.01 secs] 
2014-07-08T23:04:26.923+0000: 2547.732: [GC [PSYoungGen: 108744K->1526K(107520K)] 476118K->369300K(794496K), 0.0134370 secs] [Times: user=0.09 sys=0.00, real=0.01 secs] 
2014-07-08T23:04:28.800+0000: 2549.609: [GC [PSYoungGen: 107478K->1798K(106304K)] 475252K->369660K(793280K), 0.0126110 secs] [Times: user=0.08 sys=0.00, real=0.01 secs] 
2014-07-08T23:04:29.822+0000: 2550.631: [GC [PSYoungGen: 106246K->868K(103872K)] 474108K->369076K(790848K), 0.0076550 secs] [Times: user=0.06 sys=0.00, real=0.01 secs] 
2014-07-08T23:04:30.840+0000: 2551.649: [GC [PSYoungGen: 103844K->1562K(103168K)] 472052K->369842K(790144K), 0.0082050 secs] [Times: user=0.05 sys=0.00, real=0.01 secs] 
2014-07-08T23:04:32.084+0000: 2552.892: [GC [PSYoungGen: 103130K->1362K(101568K)] 471410K->369770K(788544K), 0.0085230 secs] [Times: user=0.03 sys=0.00, real=0.00 secs] 
2014-07-08T23:04:33.060+0000: 2553.869: [GC [PSYoungGen: 101522K->1312K(100160K)] 469930K->369784K(787136K), 0.0058780 secs] [Times: user=0.03 sys=0.00, real=0.01 secs] 
2014-07-08T23:04:34.652+0000: 2555.461: [GC [PSYoungGen: 100111K->1373K(98880K)] 468583K->369925K(785856K), 0.0066400 secs] [Times: user=0.04 sys=0.00, real=0.01 secs] 
2014-07-08T23:04:35.406+0000: 2556.214: [GC [PSYoungGen: 98845K->1664K(97920K)] 467397K->370321K(784896K), 0.0110580 secs] [Times: user=0.08 sys=0.00, real=0.01 secs] 
2014-07-08T23:04:36.390+0000: 2557.199: [GC [PSYoungGen: 97856K->882K(95808K)] 466513K->369740K(782784K), 0.0034560 secs] [Times: user=0.02 sys=0.00, real=0.00 secs] 
2014-07-08T23:04:37.198+0000: 2558.006: [GC [PSYoungGen: 95794K->1949K(95680K)] 464652K->370872K(782656K), 0.0082030 secs] [Times: user=0.05 sys=0.00, real=0.01 secs] 
2014-07-08T23:04:37.972+0000: 2558.781: [GC [PSYoungGen: 95645K->1270K(113728K)] 464568K->370322K(800704K), 0.0163430 secs] [Times: user=0.11 sys=0.00, real=0.02 secs] 
2014-07-08T23:04:39.064+0000: 2559.873: [GC [PSYoungGen: 113718K->1244K(118656K)] 482770K->370368K(805632K), 0.0236110 secs] [Times: user=0.17 sys=0.00, real=0.02 secs] 
2014-07-08T23:04:40.116+0000: 2560.925: [GC [PSYoungGen: 117724K->1270K(137088K)] 486848K->370458K(824064K), 0.0085980 secs] [Times: user=0.05 sys=0.00, real=0.01 secs] 
2014-07-08T23:04:41.411+0000: 2562.220: [GC [PSYoungGen: 136246K->1174K(137088K)] 505434K->370426K(824064K), 0.0081000 secs] [Times: user=0.05 sys=0.00, real=0.01 secs] 
2014-07-08T23:04:42.600+0000: 2563.409: [GC [PSYoungGen: 136150K->1590K(134272K)] 505402K->370956K(821248K), 0.0084260 secs] [Times: user=0.05 sys=0.00, real=0.01 secs] 
2014-07-08T23:04:43.929+0000: 2564.738: [GC [PSYoungGen: 134262K->1436K(131904K)] 503628K->370875K(818880K), 0.0105500 secs] [Times: user=0.07 sys=0.00, real=0.01 secs] 
2014-07-08T23:04:45.580+0000: 2566.389: [GC [PSYoungGen: 131868K->992K(129280K)] 501306K->370486K(816256K), 0.0130160 secs] [Times: user=0.08 sys=0.00, real=0.01 secs] 
2014-07-08T23:04:47.569+0000: 2568.378: [GC [PSYoungGen: 129248K->1949K(128128K)] 498742K->371523K(815104K), 0.0196910 secs] [Times: user=0.13 sys=0.00, real=0.02 secs] 
2014-07-08T23:04:48.823+0000: 2569.632: [GC [PSYoungGen: 128093K->1128K(125248K)] 497667K->370910K(812224K), 0.0074420 secs] [Times: user=0.04 sys=0.00, real=0.01 secs] 
2014-07-08T23:04:50.620+0000: 2571.429: [GC [PSYoungGen: 125224K->1550K(123712K)] 495006K->371380K(810688K), 0.0123270 secs] [Times: user=0.07 sys=0.00, real=0.01 secs] 
2014-07-08T23:04:52.176+0000: 2572.985: [GC [PSYoungGen: 123661K->1454K(121664K)] 493492K->371364K(808640K), 0.0062860 secs] [Times: user=0.04 sys=0.01, real=0.00 secs] 
2014-07-08T23:04:53.417+0000: 2574.226: [GC [PSYoungGen: 121635K->1686K(120064K)] 491545K->371660K(807040K), 0.0083680 secs] [Times: user=0.04 sys=0.00, real=0.00 secs] 
2014-07-08T23:04:54.669+0000: 2575.478: [GC [PSYoungGen: 120022K->956K(117440K)] 489996K->371220K(804416K), 0.0118630 secs] [Times: user=0.08 sys=0.01, real=0.01 secs] 
2014-07-08T23:04:56.122+0000: 2576.931: [GC [PSYoungGen: 117436K->1466K(116160K)] 487700K->371810K(803136K), 0.0131190 secs] [Times: user=0.09 sys=0.00, real=0.01 secs] 
2014-07-08T23:04:57.694+0000: 2578.503: [GC [PSYoungGen: 116121K->1398K(114368K)] 486465K->371880K(801344K), 0.0106090 secs] [Times: user=0.06 sys=0.00, real=0.01 secs] 
2014-07-08T23:04:58.694+0000: 2579.503: [GC [PSYoungGen: 114357K->1340K(112640K)] 484839K->371918K(799616K), 0.0068690 secs] [Times: user=0.03 sys=0.00, real=0.01 secs] 
2014-07-08T23:04:59.927+0000: 2580.736: [GC [PSYoungGen: 112636K->1266K(110912K)] 483214K->371990K(797888K), 0.0098980 secs] [Times: user=0.06 sys=0.01, real=0.01 secs] 
2014-07-08T23:05:01.387+0000: 2582.196: [GC [PSYoungGen: 110898K->1562K(109632K)] 481622K->372382K(796608K), 0.0114660 secs] [Times: user=0.07 sys=0.00, real=0.02 secs] 
2014-07-08T23:05:02.536+0000: 2583.345: [GC [PSYoungGen: 109594K->992K(107520K)] 480414K->372044K(794496K), 0.0062940 secs] [Times: user=0.03 sys=0.00, real=0.01 secs] 
2014-07-08T23:05:03.614+0000: 2584.423: [GC [PSYoungGen: 107488K->1452K(106432K)] 478540K->372568K(793408K), 0.0064190 secs] [Times: user=0.03 sys=0.00, real=0.01 secs] 
2014-07-08T23:05:04.930+0000: 2585.739: [GC [PSYoungGen: 106412K->1398K(104896K)] 477528K->372788K(791872K), 0.0048060 secs] [Times: user=0.03 sys=0.00, real=0.00 secs] 
2014-07-08T23:05:06.653+0000: 2587.462: [GC [PSYoungGen: 104886K->1170K(103232K)] 476276K->372632K(790208K), 0.0131740 secs] [Times: user=0.07 sys=0.01, real=0.01 secs] 
2014-07-08T23:05:07.616+0000: 2588.424: [GC [PSYoungGen: 103186K->1262K(101888K)] 474648K->372876K(788864K), 0.0124620 secs] [Times: user=0.06 sys=0.00, real=0.01 secs] 
2014-07-08T23:05:08.645+0000: 2589.453: [GC [PSYoungGen: 101870K->1490K(100736K)] 473484K->373176K(787712K), 0.0081360 secs] [Times: user=0.06 sys=0.00, real=0.01 secs] 
2014-07-08T23:05:09.626+0000: 2590.435: [GC [PSYoungGen: 100690K->932K(98816K)] 472376K->372860K(785792K), 0.0103920 secs] [Times: user=0.06 sys=0.00, real=0.01 secs] 
2014-07-08T23:05:10.595+0000: 2591.403: [GC [PSYoungGen: 98772K->1280K(97856K)] 470700K->373256K(784832K), 0.0054500 secs] [Times: user=0.03 sys=0.00, real=0.01 secs] 
2014-07-08T23:05:11.702+0000: 2592.511: [GC [PSYoungGen: 97792K->1458K(96704K)] 469768K->373522K(783680K), 0.0076420 secs] [Times: user=0.04 sys=0.00, real=0.01 secs] 
2014-07-08T23:05:13.170+0000: 2593.979: [GC [PSYoungGen: 96690K->1334K(95296K)] 468754K->373446K(782272K), 0.0088000 secs] [Times: user=0.03 sys=0.00, real=0.00 secs] 
2014-07-08T23:05:13.804+0000: 2594.613: [GC [PSYoungGen: 95286K->950K(93696K)] 467398K->373312K(780672K), 0.0080010 secs] [Times: user=0.04 sys=0.00, real=0.01 secs] 
2014-07-08T23:05:15.171+0000: 2595.980: [GC [PSYoungGen: 93686K->1610K(93184K)] 466048K->374045K(780160K), 0.0088640 secs] [Times: user=0.05 sys=0.00, real=0.00 secs] 
2014-07-08T23:05:16.403+0000: 2597.211: [GC [PSYoungGen: 93091K->1002K(91392K)] 465525K->374023K(778368K), 0.0138630 secs] [Times: user=0.08 sys=0.00, real=0.01 secs] 
2014-07-08T23:05:17.241+0000: 2598.050: [GC [PSYoungGen: 91368K->1864K(91136K)] 464388K->374949K(778112K), 0.0052730 secs] [Times: user=0.02 sys=0.00, real=0.00 secs] 
2014-07-08T23:05:18.462+0000: 2599.271: [GC [PSYoungGen: 91080K->928K(89088K)] 464165K->374729K(776064K), 0.0073400 secs] [Times: user=0.05 sys=0.00, real=0.00 secs] 
2014-07-08T23:05:19.045+0000: 2599.854: [GC [PSYoungGen: 89054K->1224K(88320K)] 462854K->375104K(775296K), 0.0047300 secs] [Times: user=0.03 sys=0.00, real=0.00 secs] 
2014-07-08T23:05:20.458+0000: 2601.267: [GC [PSYoungGen: 88264K->1430K(87424K)] 462144K->375546K(774400K), 0.0087160 secs] [Times: user=0.06 sys=0.00, real=0.01 secs] 
2014-07-08T23:05:21.492+0000: 2602.301: [GC [PSYoungGen: 87361K->1508K(86464K)] 461477K->375729K(773440K), 0.0077440 secs] [Times: user=0.05 sys=0.00, real=0.00 secs] 
2014-07-08T23:05:22.223+0000: 2603.032: [GC [PSYoungGen: 86436K->992K(102976K)] 460657K->375923K(789952K), 0.0148950 secs] [Times: user=0.09 sys=0.00, real=0.01 secs] 
2014-07-08T23:05:23.066+0000: 2603.875: [GC [PSYoungGen: 102944K->1836K(124224K)] 477875K->376855K(811200K), 0.0105070 secs] [Times: user=0.07 sys=0.01, real=0.01 secs] 
2014-07-08T23:05:24.417+0000: 2605.226: [GC [PSYoungGen: 124204K->1120K(121600K)] 499223K->376659K(808576K), 0.0084080 secs] [Times: user=0.05 sys=0.00, real=0.01 secs] 
2014-07-08T23:05:25.950+0000: 2606.759: [GC [PSYoungGen: 121568K->1270K(119872K)] 497107K->376889K(806848K), 0.0043120 secs] [Times: user=0.03 sys=0.00, real=0.01 secs] 
2014-07-08T23:05:27.573+0000: 2608.382: [GC [PSYoungGen: 119862K->1476K(118272K)] 495481K->377175K(805248K), 0.0075930 secs] [Times: user=0.06 sys=0.00, real=0.00 secs] 
2014-07-08T23:05:28.644+0000: 2609.453: [GC [PSYoungGen: 118212K->1256K(116224K)] 493911K->377035K(803200K), 0.0098940 secs] [Times: user=0.06 sys=0.00, real=0.01 secs] 
2014-07-08T23:05:30.346+0000: 2611.155: [GC [PSYoungGen: 116200K->1195K(114432K)] 491979K->377243K(801408K), 0.0113620 secs] [Times: user=0.08 sys=0.00, real=0.01 secs] 
2014-07-08T23:05:31.414+0000: 2612.223: [GC [PSYoungGen: 114411K->1298K(112896K)] 490459K->377426K(799872K), 0.0096750 secs] [Times: user=0.06 sys=0.00, real=0.01 secs] 
2014-07-08T23:05:32.283+0000: 2613.092: [GC [PSYoungGen: 112822K->1447K(111360K)] 488951K->377816K(798336K), 0.0121270 secs] [Times: user=0.07 sys=0.00, real=0.01 secs] 
2014-07-08T23:05:33.440+0000: 2614.248: [GC [PSYoungGen: 111335K->1572K(109888K)] 487704K->378037K(796864K), 0.0071630 secs] [Times: user=0.05 sys=0.00, real=0.01 secs] 
2014-07-08T23:05:34.760+0000: 2615.569: [GC [PSYoungGen: 109820K->811K(107520K)] 486286K->378147K(794496K), 0.0072750 secs] [Times: user=0.04 sys=0.00, real=0.01 secs] 
2014-07-08T23:05:35.945+0000: 2616.754: [GC [PSYoungGen: 107499K->1899K(107072K)] 484835K->379413K(794048K), 0.0045620 secs] [Times: user=0.02 sys=0.00, real=0.00 secs] 
2014-07-08T23:05:36.830+0000: 2617.639: [GC [PSYoungGen: 107051K->1138K(104832K)] 484565K->379139K(791808K), 0.0047460 secs] [Times: user=0.02 sys=0.00, real=0.01 secs] 
2014-07-08T23:05:37.776+0000: 2618.585: [GC [PSYoungGen: 104818K->1650K(103872K)] 482819K->379732K(790848K), 0.0108620 secs] [Times: user=0.05 sys=0.00, real=0.01 secs] 
2014-07-08T23:05:38.825+0000: 2619.634: [GC [PSYoungGen: 103858K->1462K(102272K)] 481940K->379940K(789248K), 0.0083290 secs] [Times: user=0.04 sys=0.00, real=0.01 secs] 
2014-07-08T23:05:40.649+0000: 2621.458: [GC [PSYoungGen: 102230K->1384K(100800K)] 480708K->379925K(787776K), 0.0089450 secs] [Times: user=0.06 sys=0.00, real=0.01 secs] 
2014-07-08T23:05:41.504+0000: 2622.312: [GC [PSYoungGen: 100776K->1508K(99584K)] 479317K->380154K(786560K), 0.0118090 secs] [Times: user=0.08 sys=0.00, real=0.02 secs] 
2014-07-08T23:05:42.991+0000: 2623.799: [GC [PSYoungGen: 99556K->1592K(98304K)] 478202K->380318K(785280K), 0.0139580 secs] [Times: user=0.08 sys=0.00, real=0.02 secs] 
2014-07-08T23:05:44.582+0000: 2625.391: [GC [PSYoungGen: 98296K->1124K(96576K)] 477022K->379945K(783552K), 0.0089580 secs] [Times: user=0.05 sys=0.00, real=0.01 secs] 
2014-07-08T23:05:45.710+0000: 2626.519: [GC [PSYoungGen: 96548K->1262K(95424K)] 475369K->380147K(782400K), 0.0077450 secs] [Times: user=0.05 sys=0.00, real=0.01 secs] 
2014-07-08T23:05:46.844+0000: 2627.653: [GC [PSYoungGen: 95406K->1554K(94528K)] 474291K->380504K(781504K), 0.0062700 secs] [Times: user=0.03 sys=0.00, real=0.01 secs] 
2014-07-08T23:05:47.838+0000: 2628.647: [GC [PSYoungGen: 94476K->1266K(92992K)] 473425K->380271K(779968K), 0.0087470 secs] [Times: user=0.05 sys=0.00, real=0.01 secs] 
2014-07-08T23:05:48.712+0000: 2629.521: [GC [PSYoungGen: 92945K->1256K(91840K)] 471951K->380628K(778816K), 0.0040640 secs] [Times: user=0.02 sys=0.00, real=0.01 secs] 
2014-07-08T23:05:49.874+0000: 2630.683: [GC [PSYoungGen: 91816K->1156K(90624K)] 471188K->380583K(777600K), 0.0107530 secs] [Times: user=0.06 sys=0.00, real=0.02 secs] 
2014-07-08T23:05:51.058+0000: 2631.867: [GC [PSYoungGen: 90564K->1344K(89728K)] 469991K->380860K(776704K), 0.0076560 secs] [Times: user=0.05 sys=0.00, real=0.01 secs] 
2014-07-08T23:05:51.976+0000: 2632.785: [GC [PSYoungGen: 89630K->1334K(88576K)] 469146K->380945K(775552K), 0.0077090 secs] [Times: user=0.04 sys=0.00, real=0.00 secs] 
2014-07-08T23:05:52.925+0000: 2633.734: [GC [PSYoungGen: 88564K->1256K(87424K)] 468176K->381045K(774400K), 0.0071170 secs] [Times: user=0.04 sys=0.00, real=0.01 secs] 
2014-07-08T23:05:53.716+0000: 2634.525: [GC [PSYoungGen: 87387K->1430K(86592K)] 467177K->381292K(773568K), 0.0069200 secs] [Times: user=0.04 sys=0.01, real=0.00 secs] 
2014-07-08T23:05:54.337+0000: 2635.146: [GC [PSYoungGen: 86550K->1145K(103296K)] 466412K->381276K(790272K), 0.0110340 secs] [Times: user=0.06 sys=0.00, real=0.01 secs] 
2014-07-08T23:05:55.244+0000: 2636.053: [GC [PSYoungGen: 103289K->1826K(102592K)] 483420K->382013K(789568K), 0.0064320 secs] [Times: user=0.03 sys=0.00, real=0.01 secs] 
2014-07-08T23:05:56.728+0000: 2637.536: [GC [PSYoungGen: 102538K->746K(100096K)] 482725K->381943K(787072K), 0.0115120 secs] [Times: user=0.08 sys=0.00, real=0.01 secs] 
2014-07-08T23:05:57.794+0000: 2638.603: [GC [PSYoungGen: 100074K->1890K(99904K)] 481271K->383159K(786880K), 0.0092810 secs] [Times: user=0.05 sys=0.00, real=0.01 secs] 
2014-07-08T23:05:59.018+0000: 2639.827: [GC [PSYoungGen: 99865K->1468K(98112K)] 481134K->383249K(785088K), 0.0064250 secs] [Times: user=0.02 sys=0.01, real=0.00 secs] 
2014-07-08T23:06:00.421+0000: 2641.230: [GC [PSYoungGen: 98108K->1426K(96832K)] 479889K->383303K(783808K), 0.0179280 secs] [Times: user=0.13 sys=0.00, real=0.02 secs] 
2014-07-08T23:06:01.196+0000: 2642.005: [GC [PSYoungGen: 96786K->1348K(115840K)] 478663K->383379K(802816K), 0.0214660 secs] [Times: user=0.13 sys=0.00, real=0.03 secs] 
2014-07-08T23:06:02.600+0000: 2643.409: [GC [PSYoungGen: 115780K->1280K(122816K)] 497811K->383425K(809792K), 0.0164050 secs] [Times: user=0.10 sys=0.00, real=0.01 secs] 
2014-07-08T23:06:04.173+0000: 2644.982: [GC [PSYoungGen: 121920K->1192K(139520K)] 504065K->383483K(826496K), 0.0046450 secs] [Times: user=0.02 sys=0.00, real=0.01 secs] 
2014-07-08T23:06:05.904+0000: 2646.713: [GC [PSYoungGen: 138536K->1376K(136384K)] 520827K->383813K(823360K), 0.0074030 secs] [Times: user=0.04 sys=0.01, real=0.01 secs] 
2014-07-08T23:06:07.110+0000: 2647.919: [GC [PSYoungGen: 136344K->808K(133504K)] 518782K->383745K(820480K), 0.0085110 secs] [Times: user=0.06 sys=0.01, real=0.01 secs] 
2014-07-08T23:06:08.725+0000: 2649.534: [GC [PSYoungGen: 133480K->1722K(132160K)] 516417K->384731K(819136K), 0.0068670 secs] [Times: user=0.04 sys=0.00, real=0.01 secs] 
2014-07-08T23:06:10.105+0000: 2650.914: [GC [PSYoungGen: 132154K->1266K(129536K)] 515163K->384683K(816512K), 0.0090880 secs] [Times: user=0.05 sys=0.00, real=0.01 secs] 
2014-07-08T23:06:12.307+0000: 2653.116: [GC [PSYoungGen: 129522K->1514K(127680K)] 512939K->384996K(814656K), 0.0122650 secs] [Times: user=0.09 sys=0.00, real=0.02 secs] 
2014-07-08T23:06:13.980+0000: 2654.788: [GC [PSYoungGen: 127658K->1450K(125568K)] 511140K->385134K(812544K), 0.0113860 secs] [Times: user=0.06 sys=0.00, real=0.01 secs] 
2014-07-08T23:06:16.533+0000: 2657.342: [GC [PSYoungGen: 125546K->1923K(124096K)] 509230K->385662K(811072K), 0.0119630 secs] [Times: user=0.08 sys=0.01, real=0.01 secs] 
2014-07-08T23:06:18.135+0000: 2658.944: [GC [PSYoungGen: 124035K->676K(120896K)] 507774K->384931K(807872K), 0.0250640 secs] [Times: user=0.16 sys=0.00, real=0.03 secs] 
2014-07-08T23:06:20.642+0000: 2661.451: [GC [PSYoungGen: 120868K->1808K(120192K)] 505123K->386103K(807168K), 0.0095860 secs] [Times: user=0.06 sys=0.01, real=0.01 secs] 
2014-07-08T23:06:22.111+0000: 2662.920: [GC [PSYoungGen: 120139K->1839K(118336K)] 504435K->386692K(805312K), 0.0117220 secs] [Times: user=0.04 sys=0.00, real=0.01 secs] 
2014-07-08T23:06:24.124+0000: 2664.932: [GC [PSYoungGen: 118319K->1678K(116416K)] 503172K->386588K(803392K), 0.0060200 secs] [Times: user=0.03 sys=0.00, real=0.00 secs] 
2014-07-08T23:06:25.693+0000: 2666.502: [GC [PSYoungGen: 116366K->1452K(114432K)] 501276K->386459K(801408K), 0.0172080 secs] [Times: user=0.12 sys=0.00, real=0.01 secs] 
2014-07-08T23:06:27.486+0000: 2668.295: [GC [PSYoungGen: 114412K->1484K(112832K)] 499419K->386563K(799808K), 0.0182530 secs] [Times: user=0.12 sys=0.00, real=0.02 secs] 
2014-07-08T23:06:29.521+0000: 2670.330: [GC [PSYoungGen: 112780K->1220K(110912K)] 497859K->386395K(797888K), 0.0136580 secs] [Times: user=0.09 sys=0.00, real=0.02 secs] 
2014-07-08T23:06:31.021+0000: 2671.830: [GC [PSYoungGen: 110852K->1514K(109568K)] 496027K->386754K(796544K), 0.0113340 secs] [Times: user=0.08 sys=0.00, real=0.01 secs] 
2014-07-08T23:06:32.928+0000: 2673.737: [GC [PSYoungGen: 109546K->1454K(107968K)] 494786K->386741K(794944K), 0.0105320 secs] [Times: user=0.08 sys=0.01, real=0.01 secs] 
2014-07-08T23:06:35.000+0000: 2675.809: [GC [PSYoungGen: 107950K->1486K(106496K)] 493237K->386837K(793472K), 0.0175030 secs] [Times: user=0.12 sys=0.00, real=0.02 secs] 
2014-07-08T23:06:36.716+0000: 2677.524: [GC [PSYoungGen: 106446K->1380K(104896K)] 491797K->386948K(791872K), 0.0146770 secs] [Times: user=0.09 sys=0.01, real=0.01 secs] 
2014-07-08T23:06:37.675+0000: 2678.484: [GC [PSYoungGen: 104868K->1420K(103488K)] 490436K->387075K(790464K), 0.0139790 secs] [Times: user=0.09 sys=0.00, real=0.01 secs] 
2014-07-08T23:06:38.535+0000: 2679.343: [GC [PSYoungGen: 103436K->1397K(102016K)] 489091K->387403K(788992K), 0.0093970 secs] [Times: user=0.07 sys=0.00, real=0.01 secs] 
2014-07-08T23:06:39.547+0000: 2680.356: [GC [PSYoungGen: 101998K->1595K(100800K)] 488004K->387689K(787776K), 0.0051070 secs] [Times: user=0.03 sys=0.00, real=0.00 secs] 
2014-07-08T23:06:40.529+0000: 2681.338: [GC [PSYoungGen: 100795K->1270K(99136K)] 486889K->387673K(786112K), 0.0102240 secs] [Times: user=0.06 sys=0.00, real=0.01 secs] 
2014-07-08T23:06:41.605+0000: 2682.414: [GC [PSYoungGen: 99126K->1458K(97984K)] 485529K->387958K(784960K), 0.0138350 secs] [Times: user=0.10 sys=0.01, real=0.01 secs] 
2014-07-08T23:06:42.618+0000: 2683.427: [GC [PSYoungGen: 97970K->1377K(96640K)] 484470K->388034K(783616K), 0.0070250 secs] [Times: user=0.04 sys=0.01, real=0.01 secs] 
2014-07-08T23:06:43.603+0000: 2684.412: [GC [PSYoungGen: 96609K->1526K(115840K)] 483266K->388295K(802816K), 0.0135040 secs] [Times: user=0.10 sys=0.00, real=0.01 secs] 
2014-07-08T23:06:44.932+0000: 2685.741: [GC [PSYoungGen: 115830K->1070K(113664K)] 502599K->388007K(800640K), 0.0097960 secs] [Times: user=0.05 sys=0.00, real=0.01 secs] 
2014-07-08T23:06:46.734+0000: 2687.543: [GC [PSYoungGen: 113646K->1384K(112320K)] 500583K->388401K(799296K), 0.0095650 secs] [Times: user=0.07 sys=0.00, real=0.01 secs] 
2014-07-08T23:06:48.231+0000: 2689.040: [GC [PSYoungGen: 112296K->1384K(110656K)] 499313K->388521K(797632K), 0.0126500 secs] [Times: user=0.09 sys=0.00, real=0.02 secs] 
2014-07-08T23:06:50.192+0000: 2691.001: [GC [PSYoungGen: 110632K->1598K(109248K)] 497769K->388807K(796224K), 0.0112010 secs] [Times: user=0.04 sys=0.00, real=0.01 secs] 
2014-07-08T23:06:51.661+0000: 2692.470: [GC [PSYoungGen: 109246K->876K(107008K)] 496455K->388575K(793984K), 0.0122960 secs] [Times: user=0.07 sys=0.00, real=0.01 secs] 
2014-07-08T23:06:53.174+0000: 2693.983: [GC [PSYoungGen: 106914K->1839K(106432K)] 494613K->389634K(793408K), 0.0113030 secs] [Times: user=0.08 sys=0.00, real=0.02 secs] 
2014-07-08T23:06:54.044+0000: 2694.853: [GC [PSYoungGen: 106415K->1009K(104128K)] 494210K->389543K(791104K), 0.0138640 secs] [Times: user=0.09 sys=0.00, real=0.02 secs] 
2014-07-08T23:06:55.793+0000: 2696.602: [GC [PSYoungGen: 104113K->1981K(103616K)] 492647K->390728K(790592K), 0.0143210 secs] [Times: user=0.10 sys=0.00, real=0.02 secs] 
2014-07-08T23:06:57.071+0000: 2697.880: [GC [PSYoungGen: 103613K->1000K(116928K)] 492360K->390199K(803904K), 0.0196200 secs] [Times: user=0.14 sys=0.01, real=0.02 secs] 
2014-07-08T23:06:58.576+0000: 2699.385: [GC [PSYoungGen: 116904K->1224K(115392K)] 506103K->390487K(802368K), 0.0070810 secs] [Times: user=0.05 sys=0.00, real=0.00 secs] 
2014-07-08T23:07:00.815+0000: 2701.624: [GC [PSYoungGen: 115336K->1266K(113664K)] 504599K->390805K(800640K), 0.0103130 secs] [Times: user=0.05 sys=0.01, real=0.01 secs] 
2014-07-08T23:07:02.068+0000: 2702.876: [GC [PSYoungGen: 113650K->1156K(111936K)] 503189K->390791K(798912K), 0.0136620 secs] [Times: user=0.09 sys=0.00, real=0.01 secs] 
2014-07-08T23:07:04.093+0000: 2704.902: [GC [PSYoungGen: 111876K->1614K(110784K)] 501511K->391338K(797760K), 0.0090390 secs] [Times: user=0.05 sys=0.00, real=0.01 secs] 
2014-07-08T23:07:05.428+0000: 2706.237: [GC [PSYoungGen: 110734K->1472K(109056K)] 500458K->391276K(796032K), 0.0067800 secs] [Times: user=0.04 sys=0.00, real=0.00 secs] 
2014-07-08T23:07:07.694+0000: 2708.503: [GC [PSYoungGen: 108984K->1060K(107072K)] 498787K->391031K(794048K), 0.0129930 secs] [Times: user=0.08 sys=0.00, real=0.02 secs] 
2014-07-08T23:07:08.870+0000: 2709.678: [GC [PSYoungGen: 107044K->1610K(106112K)] 497015K->391654K(793088K), 0.0143540 secs] [Times: user=0.10 sys=0.00, real=0.01 secs] 
2014-07-08T23:07:11.104+0000: 2711.913: [GC [PSYoungGen: 106058K->1394K(104384K)] 496102K->391582K(791360K), 0.0136650 secs] [Times: user=0.10 sys=0.00, real=0.02 secs] 
2014-07-08T23:07:12.292+0000: 2713.101: [GC [PSYoungGen: 104370K->1838K(103424K)] 494558K->392114K(790400K), 0.0141510 secs] [Times: user=0.10 sys=0.00, real=0.01 secs] 
2014-07-08T23:07:14.166+0000: 2714.975: [GC [PSYoungGen: 103406K->886K(101056K)] 493682K->391573K(788032K), 0.0157300 secs] [Times: user=0.11 sys=0.01, real=0.02 secs] 
2014-07-08T23:07:15.614+0000: 2716.423: [GC [PSYoungGen: 101046K->1800K(100672K)] 491733K->392576K(787648K), 0.0079920 secs] [Times: user=0.05 sys=0.00, real=0.01 secs] 
2014-07-08T23:07:17.043+0000: 2717.852: [GC [PSYoungGen: 100616K->1530K(99008K)] 491392K->392476K(785984K), 0.0108400 secs] [Times: user=0.08 sys=0.00, real=0.01 secs] 
2014-07-08T23:07:18.913+0000: 2719.722: [GC [PSYoungGen: 99002K->1138K(97344K)] 489948K->392163K(784320K), 0.0089830 secs] [Times: user=0.06 sys=0.00, real=0.01 secs] 
2014-07-08T23:07:20.166+0000: 2720.975: [GC [PSYoungGen: 97330K->1306K(96256K)] 488355K->392404K(783232K), 0.0165780 secs] [Times: user=0.11 sys=0.00, real=0.02 secs] 
2014-07-08T23:07:21.780+0000: 2722.589: [GC [PSYoungGen: 96218K->1540K(95296K)] 487316K->392742K(782272K), 0.0112430 secs] [Times: user=0.07 sys=0.00, real=0.01 secs] 
2014-07-08T23:07:22.702+0000: 2723.511: [GC [PSYoungGen: 95231K->1214K(93696K)] 486433K->392632K(780672K), 0.0084020 secs] [Times: user=0.05 sys=0.00, real=0.01 secs] 
2014-07-08T23:07:24.448+0000: 2725.257: [GC [PSYoungGen: 93694K->1532K(92800K)] 485112K->393072K(779776K), 0.0153610 secs] [Times: user=0.09 sys=0.00, real=0.02 secs] 
2014-07-08T23:07:25.532+0000: 2726.341: [GC [PSYoungGen: 92796K->1252K(91392K)] 484336K->392968K(778368K), 0.0073430 secs] [Times: user=0.02 sys=0.00, real=0.00 secs] 
2014-07-08T23:07:27.077+0000: 2727.886: [GC [PSYoungGen: 91364K->1476K(90496K)] 483080K->393264K(777472K), 0.0146030 secs] [Times: user=0.10 sys=0.00, real=0.02 secs] 
2014-07-08T23:07:28.652+0000: 2729.461: [GC [PSYoungGen: 90419K->1088K(88960K)] 482207K->393013K(775936K), 0.0087430 secs] [Times: user=0.05 sys=0.00, real=0.01 secs] 
2014-07-08T23:07:29.460+0000: 2730.268: [GC [PSYoungGen: 88960K->1330K(88128K)] 480885K->393336K(775104K), 0.0133850 secs] [Times: user=0.08 sys=0.00, real=0.02 secs] 
2014-07-08T23:07:30.563+0000: 2731.372: [GC [PSYoungGen: 88114K->1202K(86912K)] 480120K->393288K(773888K), 0.0105650 secs] [Times: user=0.07 sys=0.00, real=0.01 secs] 
2014-07-08T23:07:31.970+0000: 2732.779: [GC [PSYoungGen: 86898K->1786K(86464K)] 478984K->393952K(773440K), 0.0068470 secs] [Times: user=0.04 sys=0.00, real=0.01 secs] 
2014-07-08T23:07:33.771+0000: 2734.580: [GC [PSYoungGen: 86439K->890K(84544K)] 478605K->393582K(771520K), 0.0074260 secs] [Times: user=0.04 sys=0.00, real=0.00 secs] 
2014-07-08T23:07:34.434+0000: 2735.243: [GC [PSYoungGen: 84538K->1420K(84096K)] 477230K->394208K(771072K), 0.0080930 secs] [Times: user=0.04 sys=0.01, real=0.01 secs] 
2014-07-08T23:07:36.136+0000: 2736.945: [GC [PSYoungGen: 84044K->1308K(83008K)] 476832K->394272K(769984K), 0.0085770 secs] [Times: user=0.05 sys=0.00, real=0.01 secs] 
2014-07-08T23:07:37.444+0000: 2738.253: [GC [PSYoungGen: 82947K->1416K(82176K)] 475911K->394500K(769152K), 0.0091880 secs] [Times: user=0.06 sys=0.00, real=0.01 secs] 
2014-07-08T23:07:38.434+0000: 2739.243: [GC [PSYoungGen: 82098K->942K(80704K)] 475182K->394356K(767680K), 0.0129850 secs] [Times: user=0.08 sys=0.00, real=0.01 secs] 
2014-07-08T23:07:39.499+0000: 2740.308: [GC [PSYoungGen: 80685K->1628K(80512K)] 474099K->395157K(767488K), 0.0090660 secs] [Times: user=0.05 sys=0.00, real=0.01 secs] 
2014-07-08T23:07:40.857+0000: 2741.666: [GC [PSYoungGen: 80476K->1142K(79104K)] 474005K->394898K(766080K), 0.0168280 secs] [Times: user=0.12 sys=0.00, real=0.02 secs] 
2014-07-08T23:07:41.611+0000: 2742.420: [GC [PSYoungGen: 79091K->1430K(95040K)] 472848K->395274K(782016K), 0.0134170 secs] [Times: user=0.08 sys=0.00, real=0.02 secs] 
2014-07-08T23:07:42.398+0000: 2743.207: [GC [PSYoungGen: 94998K->1074K(98368K)] 488842K->394966K(785344K), 0.0175290 secs] [Times: user=0.12 sys=0.00, real=0.02 secs] 
2014-07-08T23:07:43.377+0000: 2744.186: [GC [PSYoungGen: 98290K->1252K(99072K)] 492182K->395224K(786048K), 0.0174490 secs] [Times: user=0.13 sys=0.00, real=0.02 secs] 
2014-07-08T23:07:44.690+0000: 2745.498: [GC [PSYoungGen: 98468K->1490K(118464K)] 492440K->395542K(805440K), 0.0077130 secs] [Times: user=0.05 sys=0.00, real=0.01 secs] 
2014-07-08T23:07:46.958+0000: 2747.766: [GC [PSYoungGen: 118160K->1302K(118464K)] 512213K->395386K(805440K), 0.0100220 secs] [Times: user=0.06 sys=0.01, real=0.01 secs] 
2014-07-08T23:07:48.101+0000: 2748.910: [GC [PSYoungGen: 117974K->1220K(141824K)] 512058K->395408K(828800K), 0.0120030 secs] [Times: user=0.07 sys=0.00, real=0.02 secs] 
2014-07-08T23:07:50.961+0000: 2751.770: [GC [PSYoungGen: 141251K->1710K(139328K)] 535439K->395915K(826304K), 0.0167880 secs] [Times: user=0.12 sys=0.01, real=0.02 secs] 
2014-07-08T23:07:52.592+0000: 2753.401: [GC [PSYoungGen: 139310K->128K(135360K)] 533515K->395286K(822336K), 0.0088630 secs] [Times: user=0.05 sys=0.01, real=0.01 secs] 
2014-07-08T23:07:54.676+0000: 2755.485: [GC [PSYoungGen: 135360K->1608K(134592K)] 530518K->396790K(821568K), 0.0067300 secs] [Times: user=0.05 sys=0.00, real=0.00 secs] 
2014-07-08T23:07:56.193+0000: 2757.002: [GC [PSYoungGen: 134536K->1284K(132032K)] 529718K->396884K(819008K), 0.0072910 secs] [Times: user=0.04 sys=0.00, real=0.01 secs] 
2014-07-08T23:07:57.866+0000: 2758.675: [GC [PSYoungGen: 131972K->1426K(129984K)] 527572K->397091K(816960K), 0.0108620 secs] [Times: user=0.07 sys=0.00, real=0.01 secs] 
2014-07-08T23:08:00.433+0000: 2761.242: [GC [PSYoungGen: 129938K->1060K(127488K)] 525602K->396812K(814464K), 0.0080930 secs] [Times: user=0.04 sys=0.00, real=0.01 secs] 
2014-07-08T23:08:02.089+0000: 2762.898: [GC [PSYoungGen: 127460K->1252K(125632K)] 523212K->397092K(812608K), 0.0158040 secs] [Times: user=0.11 sys=0.00, real=0.02 secs] 
2014-07-08T23:08:03.812+0000: 2764.621: [GC [PSYoungGen: 125604K->1386K(123776K)] 521444K->397346K(810752K), 0.0133600 secs] [Times: user=0.09 sys=0.00, real=0.02 secs] 
2014-07-08T23:08:05.595+0000: 2766.404: [GC [PSYoungGen: 123754K->1518K(121984K)] 519714K->397574K(808960K), 0.0090730 secs] [Times: user=0.06 sys=0.00, real=0.01 secs] 
2014-07-08T23:08:07.627+0000: 2768.436: [GC [PSYoungGen: 121966K->818K(119424K)] 518022K->397238K(806400K), 0.0122340 secs] [Times: user=0.08 sys=0.00, real=0.01 secs] 
2014-07-08T23:08:08.917+0000: 2769.725: [GC [PSYoungGen: 119410K->1799K(118592K)] 515830K->398299K(805568K), 0.0090840 secs] [Times: user=0.06 sys=0.00, real=0.00 secs] 
2014-07-08T23:08:11.097+0000: 2771.906: [GC [PSYoungGen: 118525K->1068K(116032K)] 515025K->397955K(803008K), 0.0225010 secs] [Times: user=0.16 sys=0.00, real=0.02 secs] 
2014-07-08T23:08:12.676+0000: 2773.485: [GC [PSYoungGen: 115993K->1786K(115008K)] 512880K->398745K(801984K), 0.0194570 secs] [Times: user=0.14 sys=0.00, real=0.02 secs] 
2014-07-08T23:08:14.514+0000: 2775.323: [GC [PSYoungGen: 115002K->1000K(112576K)] 511961K->398267K(799552K), 0.0142950 secs] [Times: user=0.10 sys=0.00, real=0.02 secs] 
2014-07-08T23:08:16.582+0000: 2777.391: [GC [PSYoungGen: 112552K->1362K(111296K)] 509819K->398677K(798272K), 0.0090020 secs] [Times: user=0.04 sys=0.00, real=0.01 secs] 
2014-07-08T23:08:18.032+0000: 2778.841: [GC [PSYoungGen: 111250K->1088K(109376K)] 508565K->398498K(796352K), 0.0100870 secs] [Times: user=0.08 sys=0.00, real=0.01 secs] 
2014-07-08T23:08:19.447+0000: 2780.255: [GC [PSYoungGen: 109376K->1402K(108096K)] 506786K->398909K(795072K), 0.0109460 secs] [Times: user=0.08 sys=0.00, real=0.01 secs] 
2014-07-08T23:08:21.168+0000: 2781.977: [GC [PSYoungGen: 108087K->1384K(106560K)] 505594K->398947K(793536K), 0.0091970 secs] [Times: user=0.04 sys=0.00, real=0.00 secs] 
2014-07-08T23:08:22.349+0000: 2783.158: [GC [PSYoungGen: 106536K->1138K(104832K)] 504099K->398804K(791808K), 0.0127160 secs] [Times: user=0.08 sys=0.00, real=0.01 secs] 
2014-07-08T23:08:23.436+0000: 2784.245: [GC [PSYoungGen: 104805K->1188K(103424K)] 502471K->399091K(790400K), 0.0106590 secs] [Times: user=0.07 sys=0.01, real=0.01 secs] 
2014-07-08T23:08:24.674+0000: 2785.483: [GC [PSYoungGen: 103396K->1516K(102336K)] 501299K->399515K(789312K), 0.0084130 secs] [Times: user=0.05 sys=0.00, real=0.01 secs] 
2014-07-08T23:08:25.958+0000: 2786.766: [GC [PSYoungGen: 102316K->1000K(100416K)] 500315K->399509K(787392K), 0.0121250 secs] [Times: user=0.07 sys=0.00, real=0.02 secs] 
2014-07-08T23:08:26.843+0000: 2787.651: [GC [PSYoungGen: 100387K->1672K(99776K)] 498896K->400269K(786752K), 0.0043290 secs] [Times: user=0.03 sys=0.00, real=0.00 secs] 
2014-07-08T23:08:27.965+0000: 2788.774: [GC [PSYoungGen: 99720K->992K(97728K)] 498317K->400091K(784704K), 0.0127200 secs] [Times: user=0.09 sys=0.00, real=0.01 secs] 
2014-07-08T23:08:28.870+0000: 2789.678: [GC [PSYoungGen: 97696K->1839K(97280K)] 496795K->401056K(784256K), 0.0090100 secs] [Times: user=0.05 sys=0.00, real=0.00 secs] 
2014-07-08T23:08:29.734+0000: 2790.543: [GC [PSYoungGen: 97263K->868K(115456K)] 496480K->400536K(802432K), 0.0179520 secs] [Times: user=0.11 sys=0.00, real=0.02 secs] 
2014-07-08T23:08:30.962+0000: 2791.770: [GC [PSYoungGen: 115428K->1612K(126784K)] 515096K->401368K(813760K), 0.0146080 secs] [Times: user=0.11 sys=0.00, real=0.01 secs] 
2014-07-08T23:08:33.023+0000: 2793.832: [GC [PSYoungGen: 126412K->1280K(124160K)] 526168K->401215K(811136K), 0.0078320 secs] [Times: user=0.05 sys=0.00, real=0.01 secs] 
2014-07-08T23:08:34.711+0000: 2795.520: [GC [PSYoungGen: 124096K->1142K(122048K)] 524031K->401124K(809024K), 0.0108370 secs] [Times: user=0.07 sys=0.00, real=0.01 secs] 
2014-07-08T23:08:36.730+0000: 2797.538: [GC [PSYoungGen: 122038K->1500K(120512K)] 522020K->401571K(807488K), 0.0150750 secs] [Times: user=0.10 sys=0.00, real=0.02 secs] 
2014-07-08T23:08:38.350+0000: 2799.159: [GC [PSYoungGen: 120436K->1430K(118592K)] 520506K->401589K(805568K), 0.0071130 secs] [Times: user=0.04 sys=0.00, real=0.01 secs] 
2014-07-08T23:08:39.543+0000: 2800.351: [GC [PSYoungGen: 118550K->996K(116352K)] 518709K->401494K(803328K), 0.0062890 secs] [Times: user=0.04 sys=0.00, real=0.00 secs] 
2014-07-08T23:08:40.936+0000: 2801.745: [GC [PSYoungGen: 116292K->1434K(115072K)] 516790K->401988K(802048K), 0.0172920 secs] [Times: user=0.12 sys=0.01, real=0.02 secs] 
2014-07-08T23:08:43.240+0000: 2804.049: [GC [PSYoungGen: 115034K->1380K(113280K)] 515588K->402137K(800256K), 0.0130310 secs] [Times: user=0.09 sys=0.00, real=0.02 secs] 
2014-07-08T23:08:45.039+0000: 2805.847: [GC [PSYoungGen: 113252K->1366K(111616K)] 514009K->402210K(798592K), 0.0115080 secs] [Times: user=0.07 sys=0.00, real=0.01 secs] 
2014-07-08T23:08:46.955+0000: 2807.764: [GC [PSYoungGen: 111574K->950K(109568K)] 512418K->402092K(796544K), 0.0127850 secs] [Times: user=0.09 sys=0.00, real=0.01 secs] 
2014-07-08T23:08:48.336+0000: 2809.145: [GC [PSYoungGen: 109558K->1572K(108608K)] 510700K->402771K(795584K), 0.0122740 secs] [Times: user=0.08 sys=0.00, real=0.01 secs] 
2014-07-08T23:08:50.008+0000: 2810.817: [GC [PSYoungGen: 108579K->1198K(106688K)] 509777K->402494K(793664K), 0.0192580 secs] [Times: user=0.14 sys=0.00, real=0.02 secs] 
2014-07-08T23:08:52.018+0000: 2812.827: [GC [PSYoungGen: 106669K->1256K(105280K)] 507966K->402600K(792256K), 0.0134040 secs] [Times: user=0.09 sys=0.00, real=0.01 secs] 
2014-07-08T23:08:53.917+0000: 2814.725: [GC [PSYoungGen: 105256K->1248K(103808K)] 506600K->402841K(790784K), 0.0067970 secs] [Times: user=0.04 sys=0.00, real=0.01 secs] 
2014-07-08T23:08:55.419+0000: 2816.228: [GC [PSYoungGen: 103760K->1586K(102720K)] 505353K->403259K(789696K), 0.0081890 secs] [Times: user=0.04 sys=0.00, real=0.01 secs] 
2014-07-08T23:08:56.946+0000: 2817.755: [GC [PSYoungGen: 102683K->864K(100608K)] 504355K->403159K(787584K), 0.0261930 secs] [Times: user=0.20 sys=0.00, real=0.02 secs] 
2014-07-08T23:08:58.136+0000: 2818.945: [GC [PSYoungGen: 100575K->1548K(121280K)] 502870K->403930K(808256K), 0.0191800 secs] [Times: user=0.14 sys=0.01, real=0.02 secs] 
2014-07-08T23:08:59.199+0000: 2820.008: [GC [PSYoungGen: 121228K->1252K(129856K)] 523610K->403994K(816832K), 0.0130960 secs] [Times: user=0.10 sys=0.00, real=0.01 secs] 
2014-07-08T23:09:00.453+0000: 2821.262: [GC [PSYoungGen: 129823K->1830K(130432K)] 532566K->404653K(817408K), 0.0134710 secs] [Times: user=0.09 sys=0.00, real=0.02 secs] 
2014-07-08T23:09:02.398+0000: 2823.206: [GC [PSYoungGen: 130406K->1472K(156288K)] 533229K->404351K(843264K), 0.0172280 secs] [Times: user=0.11 sys=0.00, real=0.02 secs] 
2014-07-08T23:09:04.226+0000: 2825.035: [GC [PSYoungGen: 155738K->1306K(152768K)] 558617K->404265K(839744K), 0.0078960 secs] [Times: user=0.05 sys=0.01, real=0.00 secs] 
2014-07-08T23:09:06.038+0000: 2826.846: [GC [PSYoungGen: 152730K->704K(149376K)] 555689K->404042K(836352K), 0.0230940 secs] [Times: user=0.16 sys=0.01, real=0.02 secs] 
2014-07-08T23:09:08.294+0000: 2829.103: [GC [PSYoungGen: 149376K->1839K(147840K)] 552714K->405218K(834816K), 0.0079630 secs] [Times: user=0.04 sys=0.00, real=0.01 secs] 
2014-07-08T23:09:09.622+0000: 2830.431: [GC [PSYoungGen: 147823K->1376K(144768K)] 551202K->404951K(831744K), 0.0057820 secs] [Times: user=0.02 sys=0.00, real=0.01 secs] 
2014-07-08T23:09:11.816+0000: 2832.624: [GC [PSYoungGen: 144734K->1512K(142336K)] 548309K->405151K(829312K), 0.0175570 secs] [Times: user=0.10 sys=0.00, real=0.02 secs] 
2014-07-08T23:09:13.889+0000: 2834.698: [GC [PSYoungGen: 142312K->1206K(139584K)] 545951K->405201K(826560K), 0.0109660 secs] [Times: user=0.05 sys=0.00, real=0.01 secs] 
2014-07-08T23:09:15.373+0000: 2836.181: [GC [PSYoungGen: 139574K->1458K(137472K)] 543569K->405517K(824448K), 0.0276310 secs] [Times: user=0.18 sys=0.00, real=0.03 secs] 
2014-07-08T23:09:16.775+0000: 2837.584: [GC [PSYoungGen: 137458K->1284K(135040K)] 541517K->405521K(822016K), 0.0152470 secs] [Times: user=0.10 sys=0.00, real=0.02 secs] 
2014-07-08T23:09:18.794+0000: 2839.603: [GC [PSYoungGen: 134949K->1444K(132928K)] 539186K->405737K(819904K), 0.0103910 secs] [Times: user=0.06 sys=0.00, real=0.01 secs] 
2014-07-08T23:09:20.114+0000: 2840.923: [GC [PSYoungGen: 132875K->1082K(130368K)] 537168K->405627K(817344K), 0.0152390 secs] [Times: user=0.08 sys=0.01, real=0.02 secs] 
2014-07-08T23:09:21.709+0000: 2842.518: [GC [PSYoungGen: 130360K->1394K(128576K)] 534906K->405987K(815552K), 0.0078080 secs] [Times: user=0.04 sys=0.00, real=0.00 secs] 
2014-07-08T23:09:22.791+0000: 2843.600: [GC [PSYoungGen: 128562K->1252K(126400K)] 533155K->406073K(813376K), 0.0128440 secs] [Times: user=0.08 sys=0.00, real=0.01 secs] 
2014-07-08T23:09:23.972+0000: 2844.781: [GC [PSYoungGen: 126372K->1120K(124288K)] 531193K->406005K(811264K), 0.0149000 secs] [Times: user=0.10 sys=0.00, real=0.01 secs] 
2014-07-08T23:09:25.196+0000: 2846.004: [GC [PSYoungGen: 124230K->1184K(122368K)] 529116K->406245K(809344K), 0.0113150 secs] [Times: user=0.08 sys=0.00, real=0.01 secs] 
2014-07-08T23:09:26.505+0000: 2847.313: [GC [PSYoungGen: 122336K->1558K(120832K)] 527397K->406691K(807808K), 0.0048070 secs] [Times: user=0.02 sys=0.01, real=0.01 secs] 
2014-07-08T23:09:28.245+0000: 2849.054: [GC [PSYoungGen: 120789K->824K(118208K)] 525923K->406554K(805184K), 0.0113690 secs] [Times: user=0.07 sys=0.00, real=0.01 secs] 
2014-07-08T23:09:29.630+0000: 2850.439: [GC [PSYoungGen: 118200K->1654K(117248K)] 523930K->407471K(804224K), 0.0154170 secs] [Times: user=0.09 sys=0.00, real=0.01 secs] 
2014-07-08T23:09:31.124+0000: 2851.932: [GC [PSYoungGen: 117238K->1124K(115008K)] 523055K->407610K(801984K), 0.0077800 secs] [Times: user=0.05 sys=0.00, real=0.01 secs] 
2014-07-08T23:09:32.619+0000: 2853.428: [GC [PSYoungGen: 114980K->1432K(113600K)] 521466K->407966K(800576K), 0.0075170 secs] [Times: user=0.04 sys=0.00, real=0.01 secs] 
2014-07-08T23:09:33.800+0000: 2854.609: [GC [PSYoungGen: 113538K->1256K(111744K)] 520071K->408090K(798720K), 0.0110540 secs] [Times: user=0.07 sys=0.00, real=0.01 secs] 
2014-07-08T23:09:35.217+0000: 2856.026: [GC [PSYoungGen: 111720K->1518K(110400K)] 518554K->408448K(797376K), 0.0075720 secs] [Times: user=0.05 sys=0.00, real=0.01 secs] 
2014-07-08T23:09:36.317+0000: 2857.126: [GC [PSYoungGen: 110382K->1074K(108352K)] 517312K->408318K(795328K), 0.0119970 secs] [Times: user=0.08 sys=0.00, real=0.02 secs] 
2014-07-08T23:09:37.398+0000: 2858.207: [GC [PSYoungGen: 108338K->1647K(107392K)] 515582K->409063K(794368K), 0.0068360 secs] [Times: user=0.04 sys=0.00, real=0.01 secs] 
2014-07-08T23:09:38.786+0000: 2859.595: [GC [PSYoungGen: 107375K->1024K(105216K)] 514791K->408528K(792192K), 0.0082150 secs] [Times: user=0.05 sys=0.00, real=0.01 secs] 
2014-07-08T23:09:40.143+0000: 2860.952: [GC [PSYoungGen: 105216K->1298K(104064K)] 512720K->408858K(791040K), 0.0089190 secs] [Times: user=0.06 sys=0.00, real=0.01 secs] 
2014-07-08T23:09:41.471+0000: 2862.280: [GC [PSYoungGen: 104018K->1305K(102656K)] 511578K->408937K(789632K), 0.0067490 secs] [Times: user=0.04 sys=0.00, real=0.00 secs] 
2014-07-08T23:09:42.516+0000: 2863.325: [GC [PSYoungGen: 102617K->1142K(101056K)] 510249K->408838K(788032K), 0.0101680 secs] [Times: user=0.06 sys=0.00, real=0.01 secs] 
2014-07-08T23:09:43.824+0000: 2864.632: [GC [PSYoungGen: 101046K->1276K(99840K)] 508742K->409036K(786816K), 0.0132440 secs] [Times: user=0.09 sys=0.00, real=0.01 secs] 
2014-07-08T23:09:45.275+0000: 2866.083: [GC [PSYoungGen: 99836K->1298K(98560K)] 507596K->409130K(785536K), 0.0154050 secs] [Times: user=0.10 sys=0.00, real=0.01 secs] 
2014-07-08T23:09:46.159+0000: 2866.968: [GC [PSYoungGen: 98514K->1142K(97088K)] 506346K->409038K(784064K), 0.0083350 secs] [Times: user=0.06 sys=0.00, real=0.01 secs] 
2014-07-08T23:09:47.143+0000: 2867.952: [GC [PSYoungGen: 97078K->1362K(96064K)] 504974K->409330K(783040K), 0.0102630 secs] [Times: user=0.06 sys=0.00, real=0.01 secs] 
2014-07-08T23:09:48.411+0000: 2869.220: [GC [PSYoungGen: 96018K->1064K(94528K)] 503986K->409533K(781504K), 0.0054530 secs] [Times: user=0.03 sys=0.00, real=0.01 secs] 
2014-07-08T23:09:49.488+0000: 2870.297: [GC [PSYoungGen: 94503K->1309K(93568K)] 502973K->409851K(780544K), 0.0100570 secs] [Times: user=0.07 sys=0.00, real=0.01 secs] 
2014-07-08T23:09:50.632+0000: 2871.441: [GC [PSYoungGen: 93486K->1192K(92288K)] 502028K->409967K(779264K), 0.0150440 secs] [Times: user=0.10 sys=0.00, real=0.01 secs] 
2014-07-08T23:09:51.774+0000: 2872.583: [GC [PSYoungGen: 92234K->1260K(91200K)] 501009K->410141K(778176K), 0.0070630 secs] [Times: user=0.04 sys=0.00, real=0.00 secs] 
2014-07-08T23:09:53.064+0000: 2873.872: [GC [PSYoungGen: 91180K->1028K(89856K)] 500061K->409957K(776832K), 0.0117170 secs] [Times: user=0.07 sys=0.00, real=0.01 secs] 
2014-07-08T23:09:53.787+0000: 2874.596: [GC [PSYoungGen: 89796K->1266K(88960K)] 498725K->410283K(775936K), 0.0085230 secs] [Times: user=0.05 sys=0.00, real=0.01 secs] 
2014-07-08T23:09:54.529+0000: 2875.338: [GC [PSYoungGen: 88946K->1262K(87872K)] 497963K->410513K(774848K), 0.0042520 secs] [Times: user=0.03 sys=0.00, real=0.01 secs] 
2014-07-08T23:09:55.216+0000: 2876.025: [GC [PSYoungGen: 87851K->1632K(87168K)] 497102K->410963K(774144K), 0.0049930 secs] [Times: user=0.03 sys=0.00, real=0.00 secs] 
2014-07-08T23:09:56.129+0000: 2876.937: [GC [PSYoungGen: 87136K->676K(85184K)] 496467K->410599K(772160K), 0.0050640 secs] [Times: user=0.03 sys=0.00, real=0.01 secs] 
2014-07-08T23:09:57.024+0000: 2877.833: [GC [PSYoungGen: 85156K->1456K(84928K)] 495079K->411419K(771904K), 0.0096850 secs] [Times: user=0.06 sys=0.00, real=0.01 secs] 
2014-07-08T23:09:57.755+0000: 2878.564: [GC [PSYoungGen: 84912K->1170K(83712K)] 494875K->411519K(770688K), 0.0075900 secs] [Times: user=0.05 sys=0.00, real=0.00 secs] 
2014-07-08T23:09:58.368+0000: 2879.177: [GC [PSYoungGen: 83666K->1434K(83008K)] 494015K->411855K(769984K), 0.0050950 secs] [Times: user=0.02 sys=0.01, real=0.01 secs] 
2014-07-08T23:09:59.646+0000: 2880.455: [GC [PSYoungGen: 82970K->946K(81536K)] 493391K->411519K(768512K), 0.0098200 secs] [Times: user=0.07 sys=0.00, real=0.01 secs] 
2014-07-08T23:10:00.759+0000: 2881.568: [GC [PSYoungGen: 81522K->1618K(81344K)] 492095K->412280K(768320K), 0.0113320 secs] [Times: user=0.06 sys=0.00, real=0.01 secs] 
2014-07-08T23:10:01.276+0000: 2882.085: [GC [PSYoungGen: 81298K->1004K(96640K)] 491960K->412035K(783616K), 0.0116570 secs] [Times: user=0.07 sys=0.00, real=0.01 secs] 
2014-07-08T23:10:02.893+0000: 2883.702: [GC [PSYoungGen: 96620K->1284K(116096K)] 507651K->412403K(803072K), 0.0227280 secs] [Times: user=0.17 sys=0.00, real=0.03 secs] 
2014-07-08T23:10:04.761+0000: 2885.570: [GC [PSYoungGen: 116002K->1252K(129472K)] 527121K->412669K(816448K), 0.0128300 secs] [Times: user=0.08 sys=0.00, real=0.02 secs] 
2014-07-08T23:10:05.940+0000: 2886.749: [GC [PSYoungGen: 129444K->1270K(129984K)] 540861K->412767K(816960K), 0.0117990 secs] [Times: user=0.09 sys=0.00, real=0.01 secs] 
2014-07-08T23:10:07.109+0000: 2887.918: [GC [PSYoungGen: 129462K->1610K(155584K)] 540959K->413172K(842560K), 0.0093070 secs] [Times: user=0.06 sys=0.00, real=0.01 secs] 
2014-07-08T23:10:08.437+0000: 2889.245: [GC [PSYoungGen: 155375K->1828K(152832K)] 566937K->413520K(839808K), 0.0076700 secs] [Times: user=0.04 sys=0.00, real=0.01 secs] 
2014-07-08T23:10:09.623+0000: 2890.432: [GC [PSYoungGen: 152804K->64K(148288K)] 564496K->412981K(835264K), 0.0077010 secs] [Times: user=0.06 sys=0.00, real=0.01 secs] 
2014-07-08T23:10:11.225+0000: 2892.033: [GC [PSYoungGen: 148286K->1726K(147264K)] 561204K->414683K(834240K), 0.0116300 secs] [Times: user=0.07 sys=0.00, real=0.02 secs] 
2014-07-08T23:10:12.590+0000: 2893.399: [GC [PSYoungGen: 147262K->1274K(144192K)] 560219K->414699K(831168K), 0.0116050 secs] [Times: user=0.07 sys=0.00, real=0.01 secs] 
2014-07-08T23:10:13.662+0000: 2894.471: [GC [PSYoungGen: 144186K->1764K(142208K)] 557611K->415246K(829184K), 0.0124500 secs] [Times: user=0.07 sys=0.00, real=0.01 secs] 
2014-07-08T23:10:15.528+0000: 2896.337: [GC [PSYoungGen: 142180K->928K(138944K)] 555662K->414674K(825920K), 0.0161910 secs] [Times: user=0.10 sys=0.00, real=0.01 secs] 
2014-07-08T23:10:16.998+0000: 2897.807: [GC [PSYoungGen: 138912K->1274K(136896K)] 552658K->415075K(823872K), 0.0093330 secs] [Times: user=0.06 sys=0.00, real=0.01 secs] 
2014-07-08T23:10:18.324+0000: 2899.132: [GC [PSYoungGen: 136890K->1760K(135104K)] 550691K->415890K(822080K), 0.0047070 secs] [Times: user=0.02 sys=0.00, real=0.01 secs] 
2014-07-08T23:10:19.715+0000: 2900.524: [GC [PSYoungGen: 135072K->1394K(132480K)] 549202K->415588K(819456K), 0.0143420 secs] [Times: user=0.10 sys=0.00, real=0.02 secs] 
2014-07-08T23:10:21.686+0000: 2902.495: [GC [PSYoungGen: 132466K->1066K(129984K)] 546660K->415754K(816960K), 0.0122150 secs] [Times: user=0.09 sys=0.00, real=0.02 secs] 
2014-07-08T23:10:22.988+0000: 2903.797: [GC [PSYoungGen: 129962K->1376K(128192K)] 544650K->416120K(815168K), 0.0093250 secs] [Times: user=0.05 sys=0.00, real=0.01 secs] 
2014-07-08T23:10:24.521+0000: 2905.330: [GC [PSYoungGen: 128160K->1280K(126080K)] 542904K->416252K(813056K), 0.0111190 secs] [Times: user=0.07 sys=0.00, real=0.01 secs] 
2014-07-08T23:10:26.007+0000: 2906.816: [GC [PSYoungGen: 126016K->1156K(123968K)] 540988K->416192K(810944K), 0.0068990 secs] [Times: user=0.04 sys=0.00, real=0.00 secs] 
2014-07-08T23:10:27.182+0000: 2907.991: [GC [PSYoungGen: 123908K->1470K(122304K)] 538944K->416634K(809280K), 0.0080910 secs] [Times: user=0.04 sys=0.00, real=0.01 secs] 
2014-07-08T23:10:28.038+0000: 2908.846: [GC [PSYoungGen: 122302K->1600K(120576K)] 537466K->417011K(807552K), 0.0108830 secs] [Times: user=0.06 sys=0.00, real=0.01 secs] 
2014-07-08T23:10:29.107+0000: 2909.916: [GC [PSYoungGen: 120512K->882K(117952K)] 535923K->416532K(804928K), 0.0089390 secs] [Times: user=0.05 sys=0.00, real=0.00 secs] 
2014-07-08T23:10:30.271+0000: 2911.080: [GC [PSYoungGen: 117937K->1156K(116480K)] 533588K->416854K(803456K), 0.0053780 secs] [Times: user=0.03 sys=0.00, real=0.00 secs] 
2014-07-08T23:10:31.971+0000: 2912.779: [GC [PSYoungGen: 116404K->1344K(114944K)] 532103K->417130K(801920K), 0.0156900 secs] [Times: user=0.09 sys=0.01, real=0.01 secs] 
2014-07-08T23:10:33.251+0000: 2914.060: [GC [PSYoungGen: 114855K->1522K(113344K)] 530641K->417412K(800320K), 0.0094200 secs] [Times: user=0.06 sys=0.00, real=0.01 secs] 
2014-07-08T23:10:34.197+0000: 2915.006: [GC [PSYoungGen: 113330K->936K(111104K)] 529220K->417445K(798080K), 0.0078010 secs] [Times: user=0.05 sys=0.01, real=0.01 secs] 
2014-07-08T23:10:35.552+0000: 2916.361: [GC [PSYoungGen: 111049K->1170K(109760K)] 527558K->417735K(796736K), 0.0058560 secs] [Times: user=0.03 sys=0.00, real=0.01 secs] 
2014-07-08T23:10:36.526+0000: 2917.335: [GC [PSYoungGen: 109713K->1394K(108352K)] 526278K->418071K(795328K), 0.0112240 secs] [Times: user=0.07 sys=0.00, real=0.01 secs] 
2014-07-08T23:10:38.252+0000: 2919.061: [GC [PSYoungGen: 108338K->1284K(106752K)] 525015K->418041K(793728K), 0.0067080 secs] [Times: user=0.04 sys=0.00, real=0.00 secs] 
2014-07-08T23:10:39.199+0000: 2920.008: [GC [PSYoungGen: 106692K->1006K(104960K)] 523449K->418029K(791936K), 0.0111000 secs] [Times: user=0.08 sys=0.00, real=0.01 secs] 
2014-07-08T23:10:40.026+0000: 2920.835: [GC [PSYoungGen: 104942K->1554K(104064K)] 521965K->418657K(791040K), 0.0062640 secs] [Times: user=0.03 sys=0.01, real=0.01 secs] 
2014-07-08T23:10:41.002+0000: 2921.810: [GC [PSYoungGen: 104017K->1141K(102208K)] 521121K->418822K(789184K), 0.0060110 secs] [Times: user=0.02 sys=0.00, real=0.00 secs] 
2014-07-08T23:10:41.976+0000: 2922.785: [GC [PSYoungGen: 102197K->1892K(123200K)] 519878K->419630K(810176K), 0.0269600 secs] [Times: user=0.15 sys=0.00, real=0.03 secs] 
2014-07-08T23:10:43.763+0000: 2924.572: [GC [PSYoungGen: 123161K->806K(137600K)] 540898K->419420K(824576K), 0.0067460 secs] [Times: user=0.04 sys=0.01, real=0.00 secs] 
2014-07-08T23:10:45.042+0000: 2925.851: [GC [PSYoungGen: 137574K->1796K(136256K)] 556187K->420474K(823232K), 0.0101760 secs] [Times: user=0.07 sys=0.00, real=0.01 secs] 
2014-07-08T23:10:47.014+0000: 2927.823: [GC [PSYoungGen: 136196K->306K(132480K)] 554874K->420297K(819456K), 0.0069550 secs] [Times: user=0.04 sys=0.00, real=0.01 secs] 
2014-07-08T23:10:48.481+0000: 2929.290: [GC [PSYoungGen: 132420K->1893K(131904K)] 552412K->421932K(818880K), 0.0107690 secs] [Times: user=0.06 sys=0.00, real=0.01 secs] 
2014-07-08T23:10:50.201+0000: 2931.010: [GC [PSYoungGen: 131877K->1490K(129344K)] 551916K->422100K(816320K), 0.0118620 secs] [Times: user=0.08 sys=0.00, real=0.01 secs] 
2014-07-08T23:10:52.469+0000: 2933.278: [GC [PSYoungGen: 129298K->1302K(127040K)] 549908K->421935K(814016K), 0.0215240 secs] [Times: user=0.12 sys=0.00, real=0.02 secs] 
2014-07-08T23:10:53.885+0000: 2934.694: [GC [PSYoungGen: 126998K->992K(124672K)] 547631K->421665K(811648K), 0.0119710 secs] [Times: user=0.07 sys=0.00, real=0.01 secs] 
2014-07-08T23:10:56.159+0000: 2936.968: [GC [PSYoungGen: 124595K->1156K(122880K)] 545268K->421869K(809856K), 0.0172050 secs] [Times: user=0.11 sys=0.00, real=0.02 secs] 
2014-07-08T23:10:57.953+0000: 2938.762: [GC [PSYoungGen: 122820K->1743K(121536K)] 543533K->422504K(808512K), 0.0093410 secs] [Times: user=0.05 sys=0.00, real=0.01 secs] 
2014-07-08T23:10:59.075+0000: 2939.884: [GC [PSYoungGen: 121487K->1142K(119040K)] 542248K->421967K(806016K), 0.0048370 secs] [Times: user=0.02 sys=0.00, real=0.00 secs] 
2014-07-08T23:11:00.133+0000: 2940.942: [GC [PSYoungGen: 119023K->1480K(117632K)] 539848K->422385K(804608K), 0.0097080 secs] [Times: user=0.06 sys=0.01, real=0.01 secs] 
2014-07-08T23:11:01.340+0000: 2942.149: [GC [PSYoungGen: 117576K->1430K(115776K)] 538481K->422375K(802752K), 0.0104220 secs] [Times: user=0.04 sys=0.00, real=0.01 secs] 
2014-07-08T23:11:02.552+0000: 2943.361: [GC [PSYoungGen: 115692K->1259K(113856K)] 536637K->422670K(800832K), 0.0096250 secs] [Times: user=0.06 sys=0.00, real=0.01 secs] 
2014-07-08T23:11:03.953+0000: 2944.762: [GC [PSYoungGen: 113835K->1718K(129472K)] 535246K->423219K(816448K), 0.0268590 secs] [Times: user=0.17 sys=0.00, real=0.02 secs] 
2014-07-08T23:11:05.577+0000: 2946.386: [GC [PSYoungGen: 129078K->1504K(126848K)] 550579K->423209K(813824K), 0.0088780 secs] [Times: user=0.05 sys=0.00, real=0.01 secs] 
2014-07-08T23:11:07.081+0000: 2947.890: [GC [PSYoungGen: 126816K->1216K(124480K)] 548521K->423001K(811456K), 0.0166440 secs] [Times: user=0.11 sys=0.00, real=0.02 secs] 
2014-07-08T23:11:09.165+0000: 2949.974: [GC [PSYoungGen: 124480K->1466K(122752K)] 546265K->423323K(809728K), 0.0118710 secs] [Times: user=0.08 sys=0.00, real=0.01 secs] 
2014-07-08T23:11:11.261+0000: 2952.070: [GC [PSYoungGen: 122746K->1412K(120832K)] 544603K->423317K(807808K), 0.0236980 secs] [Times: user=0.14 sys=0.01, real=0.03 secs] 
2014-07-08T23:11:13.363+0000: 2954.172: [GC [PSYoungGen: 120772K->1202K(118720K)] 542677K->423139K(805696K), 0.0152520 secs] [Times: user=0.10 sys=0.00, real=0.02 secs] 
2014-07-08T23:11:15.358+0000: 2956.167: [GC [PSYoungGen: 118702K->1438K(117184K)] 540639K->423471K(804160K), 0.0118320 secs] [Times: user=0.08 sys=0.00, real=0.01 secs] 
2014-07-08T23:11:16.526+0000: 2957.335: [GC [PSYoungGen: 117150K->1188K(115136K)] 539183K->423293K(802112K), 0.0152280 secs] [Times: user=0.10 sys=0.00, real=0.01 secs] 
2014-07-08T23:11:18.829+0000: 2959.638: [GC [PSYoungGen: 115104K->1174K(113408K)] 537210K->423319K(800384K), 0.0151350 secs] [Times: user=0.10 sys=0.00, real=0.01 secs] 
2014-07-08T23:11:20.024+0000: 2960.833: [GC [PSYoungGen: 113325K->1376K(111936K)] 535470K->423593K(798912K), 0.0098770 secs] [Times: user=0.06 sys=0.00, real=0.01 secs] 
2014-07-08T23:11:22.394+0000: 2963.203: [GC [PSYoungGen: 111885K->1316K(110272K)] 534102K->423581K(797248K), 0.0224280 secs] [Times: user=0.14 sys=0.00, real=0.03 secs] 
2014-07-08T23:11:23.477+0000: 2964.286: [GC [PSYoungGen: 110227K->1014K(130176K)] 532492K->423457K(817152K), 0.0201680 secs] [Times: user=0.12 sys=0.00, real=0.02 secs] 
2014-07-08T23:11:26.009+0000: 2966.818: [GC [PSYoungGen: 130147K->1270K(128320K)] 552590K->423745K(815296K), 0.0135990 secs] [Times: user=0.08 sys=0.00, real=0.01 secs] 
2014-07-08T23:11:27.375+0000: 2968.183: [GC [PSYoungGen: 128310K->622K(125632K)] 550785K->423931K(812608K), 0.0099730 secs] [Times: user=0.05 sys=0.00, real=0.01 secs] 
2014-07-08T23:11:29.194+0000: 2970.003: [GC [PSYoungGen: 125614K->1622K(124672K)] 548923K->424987K(811648K), 0.0070050 secs] [Times: user=0.04 sys=0.00, real=0.01 secs] 
2014-07-08T23:11:31.181+0000: 2971.990: [GC [PSYoungGen: 124630K->1326K(122368K)] 547995K->425121K(809344K), 0.0150330 secs] [Times: user=0.09 sys=0.01, real=0.01 secs] 
2014-07-08T23:11:32.614+0000: 2973.423: [GC [PSYoungGen: 122350K->1486K(120640K)] 546145K->425345K(807616K), 0.0152440 secs] [Times: user=0.10 sys=0.00, real=0.02 secs] 
2014-07-08T23:11:34.416+0000: 2975.225: [GC [PSYoungGen: 120572K->1010K(118272K)] 544432K->424941K(805248K), 0.0057310 secs] [Times: user=0.03 sys=0.00, real=0.01 secs] 
2014-07-08T23:11:36.069+0000: 2976.878: [GC [PSYoungGen: 118258K->1578K(117056K)] 542189K->425598K(804032K), 0.0082970 secs] [Times: user=0.04 sys=0.00, real=0.00 secs] 
2014-07-08T23:11:37.915+0000: 2978.724: [GC [PSYoungGen: 117034K->1278K(115008K)] 541054K->425523K(801984K), 0.0086090 secs] [Times: user=0.05 sys=0.01, real=0.01 secs] 
2014-07-08T23:11:39.613+0000: 2980.422: [GC [PSYoungGen: 115005K->1552K(113600K)] 539250K->425869K(800576K), 0.0136200 secs] [Times: user=0.09 sys=0.00, real=0.01 secs] 
2014-07-08T23:11:41.630+0000: 2982.439: [GC [PSYoungGen: 113544K->992K(111360K)] 537861K->425699K(798336K), 0.0137690 secs] [Times: user=0.09 sys=0.00, real=0.01 secs] 
2014-07-08T23:11:43.149+0000: 2983.958: [GC [PSYoungGen: 111328K->1644K(110400K)] 536035K->426473K(797376K), 0.0151330 secs] [Times: user=0.09 sys=0.00, real=0.01 secs] 
2014-07-08T23:11:44.258+0000: 2985.067: [GC [PSYoungGen: 110380K->1202K(108352K)] 535209K->426355K(795328K), 0.0068720 secs] [Times: user=0.05 sys=0.00, real=0.01 secs] 
2014-07-08T23:11:45.938+0000: 2986.747: [GC [PSYoungGen: 108338K->1380K(107008K)] 533491K->426629K(793984K), 0.0070720 secs] [Times: user=0.04 sys=0.01, real=0.01 secs] 
2014-07-08T23:11:48.098+0000: 2988.907: [GC [PSYoungGen: 106980K->1266K(105408K)] 532229K->426571K(792384K), 0.0132450 secs] [Times: user=0.10 sys=0.01, real=0.02 secs] 
2014-07-08T23:11:49.477+0000: 2990.286: [GC [PSYoungGen: 105394K->1596K(104256K)] 530699K->426982K(791232K), 0.0093060 secs] [Times: user=0.05 sys=0.00, real=0.01 secs] 
2014-07-08T23:11:51.459+0000: 2992.268: [GC [PSYoungGen: 104252K->882K(102144K)] 529638K->426517K(789120K), 0.0085800 secs] [Times: user=0.06 sys=0.00, real=0.01 secs] 
2014-07-08T23:11:52.669+0000: 2993.478: [GC [PSYoungGen: 102130K->1648K(101504K)] 527765K->427331K(788480K), 0.0203600 secs] [Times: user=0.12 sys=0.00, real=0.02 secs] 
2014-07-08T23:11:53.751+0000: 2994.560: [GC [PSYoungGen: 101488K->1106K(99648K)] 527171K->427069K(786624K), 0.0155520 secs] [Times: user=0.12 sys=0.00, real=0.01 secs] 
2014-07-08T23:11:55.342+0000: 2996.151: [GC [PSYoungGen: 99602K->1480K(98688K)] 525565K->427547K(785664K), 0.0056560 secs] [Times: user=0.03 sys=0.00, real=0.00 secs] 
2014-07-08T23:11:56.433+0000: 2997.241: [GC [PSYoungGen: 98632K->1202K(97088K)] 524699K->427470K(784064K), 0.0095590 secs] [Times: user=0.06 sys=0.00, real=0.01 secs] 
2014-07-08T23:11:58.248+0000: 2999.056: [GC [PSYoungGen: 97046K->1366K(96000K)] 523314K->427705K(782976K), 0.0116520 secs] [Times: user=0.07 sys=0.00, real=0.01 secs] 
2014-07-08T23:11:59.255+0000: 3000.064: [GC [PSYoungGen: 95958K->1144K(94528K)] 522297K->427726K(781504K), 0.0062750 secs] [Times: user=0.03 sys=0.01, real=0.01 secs] 
2014-07-08T23:12:00.901+0000: 3001.709: [GC [PSYoungGen: 94520K->1612K(93824K)] 521102K->428241K(780800K), 0.0095820 secs] [Times: user=0.04 sys=0.00, real=0.01 secs] 
2014-07-08T23:12:02.418+0000: 3003.227: [GC [PSYoungGen: 93757K->804K(91840K)] 520387K->427779K(778816K), 0.0059020 secs] [Times: user=0.03 sys=0.01, real=0.01 secs] 
2014-07-08T23:12:03.420+0000: 3004.229: [GC [PSYoungGen: 91812K->1416K(91328K)] 518787K->428511K(778304K), 0.0098470 secs] [Times: user=0.06 sys=0.00, real=0.01 secs] 
2014-07-08T23:12:05.250+0000: 3006.059: [GC [PSYoungGen: 91272K->1440K(90176K)] 518367K->428804K(777152K), 0.0165010 secs] [Times: user=0.09 sys=0.00, real=0.02 secs] 
2014-07-08T23:12:06.261+0000: 3007.070: [GC [PSYoungGen: 90144K->1316K(88960K)] 517508K->428767K(775936K), 0.0080810 secs] [Times: user=0.04 sys=0.00, real=0.01 secs] 
2014-07-08T23:12:08.061+0000: 3008.870: [GC [PSYoungGen: 88932K->1056K(87616K)] 516383K->428708K(774592K), 0.0158310 secs] [Times: user=0.12 sys=0.00, real=0.02 secs] 
2014-07-08T23:12:09.662+0000: 3010.471: [GC [PSYoungGen: 87563K->1458K(86976K)] 515215K->429190K(773952K), 0.0116580 secs] [Times: user=0.07 sys=0.00, real=0.02 secs] 
2014-07-08T23:12:11.289+0000: 3012.097: [GC [PSYoungGen: 86962K->1202K(85696K)] 514694K->429047K(772672K), 0.0065940 secs] [Times: user=0.04 sys=0.00, real=0.01 secs] 
2014-07-08T23:12:11.862+0000: 3012.671: [GC [PSYoungGen: 85682K->1586K(85056K)] 513527K->429570K(772032K), 0.0113050 secs] [Times: user=0.08 sys=0.00, real=0.02 secs] 
2014-07-08T23:12:13.302+0000: 3014.111: [GC [PSYoungGen: 85017K->828K(83328K)] 513000K->429874K(770304K), 0.0070300 secs] [Times: user=0.04 sys=0.00, real=0.01 secs] 
2014-07-08T23:12:14.612+0000: 3015.421: [GC [PSYoungGen: 83324K->1694K(83264K)] 512370K->430836K(770240K), 0.0069290 secs] [Times: user=0.05 sys=0.00, real=0.01 secs] 
2014-07-08T23:12:15.500+0000: 3016.309: [GC [PSYoungGen: 83230K->1444K(82048K)] 512372K->430974K(769024K), 0.0150780 secs] [Times: user=0.12 sys=0.00, real=0.02 secs] 
2014-07-08T23:12:17.297+0000: 3018.106: [GC [PSYoungGen: 82020K->1138K(97856K)] 511550K->430790K(784832K), 0.0208080 secs] [Times: user=0.14 sys=0.00, real=0.02 secs] 
2014-07-08T23:12:19.216+0000: 3020.025: [GC [PSYoungGen: 97842K->1284K(110848K)] 527494K->431016K(797824K), 0.0270750 secs] [Times: user=0.19 sys=0.01, real=0.02 secs] 
2014-07-08T23:12:20.345+0000: 3021.154: [GC [PSYoungGen: 110724K->1544K(111424K)] 540456K->431380K(798400K), 0.0113010 secs] [Times: user=0.08 sys=0.00, real=0.01 secs] 
2014-07-08T23:12:22.585+0000: 3023.394: [GC [PSYoungGen: 110936K->1248K(109120K)] 540772K->431148K(796096K), 0.0106960 secs] [Times: user=0.08 sys=0.00, real=0.02 secs] 
2014-07-08T23:12:23.921+0000: 3024.730: [GC [PSYoungGen: 109088K->1398K(107712K)] 538988K->431378K(794688K), 0.0076120 secs] [Times: user=0.04 sys=0.00, real=0.01 secs] 
2014-07-08T23:12:25.826+0000: 3026.635: [GC [PSYoungGen: 107702K->1204K(105984K)] 537682K->431581K(792960K), 0.0083770 secs] [Times: user=0.04 sys=0.00, real=0.01 secs] 
2014-07-08T23:12:26.984+0000: 3027.793: [GC [PSYoungGen: 105972K->1600K(104960K)] 536349K->432048K(791936K), 0.0141000 secs] [Times: user=0.10 sys=0.00, real=0.02 secs] 
2014-07-08T23:12:28.868+0000: 3029.677: [GC [PSYoungGen: 104896K->1024K(102848K)] 535344K->431600K(789824K), 0.0087620 secs] [Times: user=0.06 sys=0.01, real=0.01 secs] 
2014-07-08T23:12:31.084+0000: 3031.893: [GC [PSYoungGen: 102848K->1564K(102016K)] 533424K->432221K(788992K), 0.0129950 secs] [Times: user=0.08 sys=0.00, real=0.02 secs] 
2014-07-08T23:12:32.197+0000: 3033.006: [GC [PSYoungGen: 101980K->1274K(100352K)] 532637K->432042K(787328K), 0.0156510 secs] [Times: user=0.10 sys=0.00, real=0.01 secs] 
2014-07-08T23:12:34.092+0000: 3034.901: [GC [PSYoungGen: 100346K->1916K(99648K)] 531114K->432765K(786624K), 0.0124560 secs] [Times: user=0.05 sys=0.00, real=0.01 secs] 
2014-07-08T23:12:35.267+0000: 3036.075: [GC [PSYoungGen: 99629K->672K(97152K)] 530478K->432330K(784128K), 0.0100100 secs] [Times: user=0.06 sys=0.00, real=0.01 secs] 
2014-07-08T23:12:37.024+0000: 3037.833: [GC [PSYoungGen: 97120K->1952K(97152K)] 528778K->433691K(784128K), 0.0127990 secs] [Times: user=0.09 sys=0.01, real=0.02 secs] 
2014-07-08T23:12:38.448+0000: 3039.257: [GC [PSYoungGen: 97120K->1302K(95232K)] 528859K->433412K(782208K), 0.0042620 secs] [Times: user=0.03 sys=0.00, real=0.00 secs] 
2014-07-08T23:12:39.963+0000: 3040.772: [GC [PSYoungGen: 95190K->1440K(94144K)] 527300K->433663K(781120K), 0.0135720 secs] [Times: user=0.09 sys=0.00, real=0.02 secs] 
2014-07-08T23:12:41.396+0000: 3042.205: [GC [PSYoungGen: 94069K->1452K(92928K)] 526292K->433787K(779904K), 0.0189670 secs] [Times: user=0.14 sys=0.00, real=0.02 secs] 
2014-07-08T23:12:42.477+0000: 3043.286: [GC [PSYoungGen: 92908K->1348K(91712K)] 525242K->433739K(778688K), 0.0146980 secs] [Times: user=0.08 sys=0.00, real=0.02 secs] 
2014-07-08T23:12:43.346+0000: 3044.155: [GC [PSYoungGen: 91649K->1248K(109696K)] 524040K->433841K(796672K), 0.0116400 secs] [Times: user=0.08 sys=0.00, real=0.02 secs] 
2014-07-08T23:12:45.306+0000: 3046.115: [GC [PSYoungGen: 109664K->1516K(108352K)] 542257K->434188K(795328K), 0.0051110 secs] [Times: user=0.02 sys=0.00, real=0.01 secs] 
2014-07-08T23:12:46.740+0000: 3047.549: [GC [PSYoungGen: 108332K->1202K(106496K)] 541004K->434229K(793472K), 0.0076440 secs] [Times: user=0.03 sys=0.00, real=0.01 secs] 
2014-07-08T23:12:48.963+0000: 3049.772: [GC [PSYoungGen: 106482K->1326K(105152K)] 539509K->434409K(792128K), 0.0164700 secs] [Times: user=0.12 sys=0.00, real=0.02 secs] 
2014-07-08T23:12:50.139+0000: 3050.948: [GC [PSYoungGen: 105134K->1152K(103488K)] 538217K->434323K(790464K), 0.0083090 secs] [Times: user=0.06 sys=0.00, real=0.00 secs] 
2014-07-08T23:12:52.021+0000: 3052.829: [GC [PSYoungGen: 103488K->1639K(102592K)] 536659K->434906K(789568K), 0.0099400 secs] [Times: user=0.07 sys=0.00, real=0.01 secs] 
2014-07-08T23:12:53.320+0000: 3054.129: [GC [PSYoungGen: 102567K->1064K(100608K)] 535834K->434661K(787584K), 0.0116690 secs] [Times: user=0.08 sys=0.00, real=0.01 secs] 
2014-07-08T23:12:55.150+0000: 3055.959: [GC [PSYoungGen: 100584K->1628K(99840K)] 534181K->435282K(786816K), 0.0086940 secs] [Times: user=0.05 sys=0.00, real=0.00 secs] 
2014-07-08T23:12:56.912+0000: 3057.721: [GC [PSYoungGen: 99804K->1148K(97984K)] 533458K->435169K(784960K), 0.0156070 secs] [Times: user=0.11 sys=0.00, real=0.01 secs] 
2014-07-08T23:12:58.495+0000: 3059.304: [GC [PSYoungGen: 97980K->1426K(97024K)] 532001K->435527K(784000K), 0.0167810 secs] [Times: user=0.11 sys=0.01, real=0.02 secs] 
2014-07-08T23:12:59.510+0000: 3060.319: [GC [PSYoungGen: 96978K->1142K(95424K)] 531079K->435291K(782400K), 0.0100040 secs] [Times: user=0.05 sys=0.00, real=0.01 secs] 
2014-07-08T23:13:00.393+0000: 3061.202: [GC [PSYoungGen: 95414K->1124K(94208K)] 529563K->435337K(781184K), 0.0113710 secs] [Times: user=0.06 sys=0.00, real=0.01 secs] 
2014-07-08T23:13:01.357+0000: 3062.166: [GC [PSYoungGen: 94180K->1533K(93376K)] 528393K->435851K(780352K), 0.0099790 secs] [Times: user=0.06 sys=0.00, real=0.01 secs] 
2014-07-08T23:13:02.258+0000: 3063.067: [GC [PSYoungGen: 93373K->1320K(111552K)] 527691K->435717K(798528K), 0.0124460 secs] [Times: user=0.06 sys=0.00, real=0.02 secs] 
2014-07-08T23:13:03.590+0000: 3064.399: [GC [PSYoungGen: 111528K->1024K(116224K)] 545925K->435605K(803200K), 0.0123830 secs] [Times: user=0.09 sys=0.00, real=0.02 secs] 
2014-07-08T23:13:05.562+0000: 3066.371: [GC [PSYoungGen: 116224K->1366K(117056K)] 550805K->435987K(804032K), 0.0213680 secs] [Times: user=0.14 sys=0.00, real=0.02 secs] 
2014-07-08T23:13:07.569+0000: 3068.377: [GC [PSYoungGen: 116566K->1220K(114752K)] 551187K->435905K(801728K), 0.0155870 secs] [Times: user=0.11 sys=0.00, real=0.02 secs] 
2014-07-08T23:13:09.290+0000: 3070.099: [GC [PSYoungGen: 114692K->1330K(113088K)] 549377K->436103K(800064K), 0.0110250 secs] [Times: user=0.07 sys=0.00, real=0.01 secs] 
2014-07-08T23:13:10.820+0000: 3071.629: [GC [PSYoungGen: 113074K->992K(111104K)] 547847K->435886K(798080K), 0.0099150 secs] [Times: user=0.06 sys=0.00, real=0.01 secs] 
2014-07-08T23:13:12.787+0000: 3073.596: [GC [PSYoungGen: 111072K->1294K(109824K)] 545966K->436252K(796800K), 0.0203960 secs] [Times: user=0.13 sys=0.00, real=0.02 secs] 
2014-07-08T23:13:14.810+0000: 3075.619: [GC [PSYoungGen: 109771K->1276K(108160K)] 544728K->436466K(795136K), 0.0100910 secs] [Times: user=0.07 sys=0.00, real=0.01 secs] 
2014-07-08T23:13:16.018+0000: 3076.827: [GC [PSYoungGen: 108156K->1476K(106880K)] 543346K->436738K(793856K), 0.0200670 secs] [Times: user=0.15 sys=0.00, real=0.02 secs] 
2014-07-08T23:13:17.996+0000: 3078.805: [GC [PSYoungGen: 106820K->818K(104704K)] 542082K->436475K(791680K), 0.0118290 secs] [Times: user=0.08 sys=0.00, real=0.01 secs] 
2014-07-08T23:13:19.339+0000: 3080.148: [GC [PSYoungGen: 104690K->1302K(103744K)] 540347K->437031K(790720K), 0.0091840 secs] [Times: user=0.07 sys=0.00, real=0.01 secs] 
2014-07-08T23:13:21.172+0000: 3081.981: [GC [PSYoungGen: 103702K->1284K(102336K)] 539431K->437133K(789312K), 0.0074310 secs] [Times: user=0.04 sys=0.00, real=0.01 secs] 
2014-07-08T23:13:22.674+0000: 3083.483: [GC [PSYoungGen: 102276K->1074K(100672K)] 538125K->436995K(787648K), 0.0101500 secs] [Times: user=0.06 sys=0.00, real=0.01 secs] 
2014-07-08T23:13:24.520+0000: 3085.329: [GC [PSYoungGen: 100658K->1056K(99328K)] 536579K->437201K(786304K), 0.0185250 secs] [Times: user=0.12 sys=0.00, real=0.02 secs] 
2014-07-08T23:13:26.287+0000: 3087.096: [GC [PSYoungGen: 99296K->1530K(98432K)] 535441K->437797K(785408K), 0.0124850 secs] [Times: user=0.08 sys=0.01, real=0.01 secs] 
2014-07-08T23:13:27.801+0000: 3088.610: [GC [PSYoungGen: 98426K->868K(96512K)] 534693K->437433K(783488K), 0.0155100 secs] [Times: user=0.09 sys=0.00, real=0.02 secs] 
2014-07-08T23:13:29.122+0000: 3089.930: [GC [PSYoungGen: 96484K->1572K(95936K)] 533049K->438218K(782912K), 0.0082290 secs] [Times: user=0.04 sys=0.00, real=0.01 secs] 
2014-07-08T23:13:30.983+0000: 3091.792: [GC [PSYoungGen: 95908K->996K(94144K)] 532554K->438104K(781120K), 0.0186370 secs] [Times: user=0.13 sys=0.00, real=0.02 secs] 
2014-07-08T23:13:32.367+0000: 3093.176: [GC [PSYoungGen: 94078K->1605K(93568K)] 531186K->438777K(780544K), 0.0067390 secs] [Times: user=0.04 sys=0.00, real=0.00 secs] 
2014-07-08T23:13:33.551+0000: 3094.360: [GC [PSYoungGen: 93509K->932K(91712K)] 530681K->438378K(778688K), 0.0130140 secs] [Times: user=0.08 sys=0.01, real=0.01 secs] 
2014-07-08T23:13:34.883+0000: 3095.692: [GC [PSYoungGen: 91684K->1342K(90944K)] 529130K->438836K(777920K), 0.0130290 secs] [Times: user=0.07 sys=0.00, real=0.02 secs] 
2014-07-08T23:13:35.818+0000: 3096.627: [GC [PSYoungGen: 90942K->1448K(108992K)] 528436K->439094K(795968K), 0.0201780 secs] [Times: user=0.14 sys=0.00, real=0.02 secs] 
2014-07-08T23:13:37.923+0000: 3098.732: [GC [PSYoungGen: 108968K->1710K(130240K)] 546614K->439428K(817216K), 0.0144530 secs] [Times: user=0.09 sys=0.00, real=0.02 secs] 
2014-07-08T23:13:39.596+0000: 3100.404: [GC [PSYoungGen: 130052K->1356K(127680K)] 567771K->439130K(814656K), 0.0114810 secs] [Times: user=0.05 sys=0.00, real=0.02 secs] 
2014-07-08T23:13:41.741+0000: 3102.550: [GC [PSYoungGen: 127628K->1316K(125568K)] 565402K->439138K(812544K), 0.0119420 secs] [Times: user=0.07 sys=0.00, real=0.01 secs] 
2014-07-08T23:13:43.310+0000: 3104.119: [GC [PSYoungGen: 125540K->992K(123264K)] 563362K->439317K(810240K), 0.0062270 secs] [Times: user=0.03 sys=0.01, real=0.00 secs] 
2014-07-08T23:13:45.249+0000: 3106.058: [GC [PSYoungGen: 123232K->1530K(121856K)] 561557K->439926K(808832K), 0.0123500 secs] [Times: user=0.08 sys=0.00, real=0.01 secs] 
2014-07-08T23:13:46.843+0000: 3107.652: [GC [PSYoungGen: 121850K->1206K(119680K)] 560246K->439786K(806656K), 0.0076320 secs] [Times: user=0.04 sys=0.00, real=0.01 secs] 
2014-07-08T23:13:47.893+0000: 3108.702: [GC [PSYoungGen: 119670K->1384K(118016K)] 558250K->440036K(804992K), 0.0068210 secs] [Times: user=0.04 sys=0.00, real=0.01 secs] 
2014-07-08T23:13:48.972+0000: 3109.781: [GC [PSYoungGen: 117974K->996K(115840K)] 556627K->439990K(802816K), 0.0041090 secs] [Times: user=0.03 sys=0.00, real=0.00 secs] 
2014-07-08T23:13:50.691+0000: 3111.500: [GC [PSYoungGen: 115782K->1256K(114368K)] 554777K->440314K(801344K), 0.0108340 secs] [Times: user=0.07 sys=0.00, real=0.01 secs] 
2014-07-08T23:13:51.930+0000: 3112.738: [GC [PSYoungGen: 114337K->1152K(112576K)] 553396K->440290K(799552K), 0.0065470 secs] [Times: user=0.04 sys=0.00, real=0.00 secs] 
2014-07-08T23:13:52.838+0000: 3113.647: [GC [PSYoungGen: 112576K->1244K(111040K)] 551714K->440471K(798016K), 0.0107490 secs] [Times: user=0.06 sys=0.00, real=0.01 secs] 
2014-07-08T23:13:54.337+0000: 3115.146: [GC [PSYoungGen: 111004K->1210K(109376K)] 550231K->440644K(796352K), 0.0107380 secs] [Times: user=0.06 sys=0.00, real=0.01 secs] 
2014-07-08T23:13:55.272+0000: 3116.081: [GC [PSYoungGen: 109370K->1590K(108224K)] 548804K->441113K(795200K), 0.0085360 secs] [Times: user=0.05 sys=0.00, real=0.01 secs] 
2014-07-08T23:13:56.641+0000: 3117.450: [GC [PSYoungGen: 108214K->694K(105792K)] 547737K->440672K(792768K), 0.0094120 secs] [Times: user=0.05 sys=0.00, real=0.01 secs] 
2014-07-08T23:13:57.672+0000: 3118.480: [GC [PSYoungGen: 105782K->1462K(105088K)] 545760K->441457K(792064K), 0.0086240 secs] [Times: user=0.02 sys=0.00, real=0.01 secs] 
2014-07-08T23:13:58.726+0000: 3119.535: [GC [PSYoungGen: 105030K->1352K(103552K)] 545025K->441747K(790528K), 0.0107520 secs] [Times: user=0.07 sys=0.00, real=0.01 secs] 
2014-07-08T23:14:00.323+0000: 3121.132: [GC [PSYoungGen: 103496K->1726K(102464K)] 543891K->442209K(789440K), 0.0135950 secs] [Times: user=0.09 sys=0.00, real=0.01 secs] 
2014-07-08T23:14:01.692+0000: 3122.500: [GC [PSYoungGen: 102462K->384K(99712K)] 542945K->441593K(786688K), 0.0136980 secs] [Times: user=0.08 sys=0.00, real=0.01 secs] 
2014-07-08T23:14:03.025+0000: 3123.834: [GC [PSYoungGen: 99712K->1722K(99712K)] 540921K->442995K(786688K), 0.0087940 secs] [Times: user=0.04 sys=0.00, real=0.01 secs] 
2014-07-08T23:14:04.005+0000: 3124.814: [GC [PSYoungGen: 99706K->1320K(97984K)] 540979K->443199K(784960K), 0.0124450 secs] [Times: user=0.08 sys=0.00, real=0.01 secs] 
2014-07-08T23:14:04.984+0000: 3125.793: [GC [PSYoungGen: 97960K->1509K(96896K)] 539839K->443510K(783872K), 0.0098570 secs] [Times: user=0.05 sys=0.01, real=0.01 secs] 
2014-07-08T23:14:06.289+0000: 3127.097: [GC [PSYoungGen: 96869K->1006K(95104K)] 538870K->443215K(782080K), 0.0087850 secs] [Times: user=0.06 sys=0.01, real=0.01 secs] 
2014-07-08T23:14:07.119+0000: 3127.928: [GC [PSYoungGen: 95085K->1338K(114240K)] 537294K->443595K(801216K), 0.0132110 secs] [Times: user=0.08 sys=0.00, real=0.02 secs] 
2014-07-08T23:14:08.198+0000: 3129.007: [GC [PSYoungGen: 114197K->1516K(112768K)] 556455K->444051K(799744K), 0.0048680 secs] [Times: user=0.03 sys=0.00, real=0.01 secs] 
2014-07-08T23:14:09.320+0000: 3130.128: [GC [PSYoungGen: 112745K->1334K(110912K)] 555280K->443901K(797888K), 0.0144950 secs] [Times: user=0.08 sys=0.00, real=0.02 secs] 
2014-07-08T23:14:10.514+0000: 3131.323: [GC [PSYoungGen: 110902K->1142K(109120K)] 553469K->443935K(796096K), 0.0076870 secs] [Times: user=0.04 sys=0.00, real=0.01 secs] 
2014-07-08T23:14:11.715+0000: 3132.524: [GC [PSYoungGen: 109110K->1484K(107968K)] 551903K->444365K(794944K), 0.0159820 secs] [Times: user=0.10 sys=0.00, real=0.02 secs] 
2014-07-08T23:14:12.905+0000: 3133.714: [GC [PSYoungGen: 107913K->1208K(106112K)] 550794K->444372K(793088K), 0.0118070 secs] [Times: user=0.07 sys=0.00, real=0.01 secs] 
2014-07-08T23:14:13.646+0000: 3134.455: [GC [PSYoungGen: 106087K->1526K(104960K)] 549250K->444801K(791936K), 0.0044120 secs] [Times: user=0.03 sys=0.00, real=0.00 secs] 
2014-07-08T23:14:14.997+0000: 3135.806: [GC [PSYoungGen: 104950K->1006K(102976K)] 548225K->444677K(789952K), 0.0089690 secs] [Times: user=0.06 sys=0.00, real=0.01 secs] 
2014-07-08T23:14:16.016+0000: 3136.825: [GC [PSYoungGen: 102948K->1794K(102400K)] 546620K->445614K(789376K), 0.0046970 secs] [Times: user=0.02 sys=0.00, real=0.00 secs] 
2014-07-08T23:14:16.993+0000: 3137.802: [GC [PSYoungGen: 102338K->882K(100032K)] 546158K->445289K(787008K), 0.0046340 secs] [Times: user=0.03 sys=0.00, real=0.00 secs] 
2014-07-08T23:14:17.891+0000: 3138.700: [GC [PSYoungGen: 100018K->1512K(99328K)] 544425K->445983K(786304K), 0.0076670 secs] [Times: user=0.04 sys=0.00, real=0.01 secs] 
2014-07-08T23:14:18.888+0000: 3139.697: [GC [PSYoungGen: 99304K->1336K(97792K)] 543775K->446060K(784768K), 0.0044770 secs] [Times: user=0.02 sys=0.00, real=0.01 secs] 
2014-07-08T23:14:19.725+0000: 3140.534: [GC [PSYoungGen: 97784K->1220K(96448K)] 542508K->446039K(783424K), 0.0078710 secs] [Times: user=0.04 sys=0.00, real=0.00 secs] 
2014-07-08T23:14:21.119+0000: 3141.928: [GC [PSYoungGen: 96345K->1138K(95040K)] 541165K->446206K(782016K), 0.0122120 secs] [Times: user=0.09 sys=0.00, real=0.01 secs] 
2014-07-08T23:14:22.155+0000: 3142.964: [GC [PSYoungGen: 95026K->1711K(94400K)] 540094K->446842K(781376K), 0.0080090 secs] [Times: user=0.04 sys=0.00, real=0.01 secs] 
2014-07-08T23:14:23.290+0000: 3144.099: [GC [PSYoungGen: 94383K->890K(92352K)] 539514K->446540K(779328K), 0.0118650 secs] [Times: user=0.08 sys=0.01, real=0.01 secs] 
2014-07-08T23:14:24.251+0000: 3145.059: [GC [PSYoungGen: 92346K->1714K(92032K)] 537996K->447420K(779008K), 0.0070350 secs] [Times: user=0.05 sys=0.00, real=0.01 secs] 
2014-07-08T23:14:25.041+0000: 3145.850: [GC [PSYoungGen: 91976K->1124K(90304K)] 537682K->447342K(777280K), 0.0123920 secs] [Times: user=0.08 sys=0.01, real=0.02 secs] 
2014-07-08T23:14:26.037+0000: 3146.845: [GC [PSYoungGen: 90275K->1444K(108480K)] 536493K->447710K(795456K), 0.0142090 secs] [Times: user=0.09 sys=0.00, real=0.01 secs] 
2014-07-08T23:14:27.389+0000: 3148.198: [GC [PSYoungGen: 108452K->1452K(108992K)] 554718K->447822K(795968K), 0.0120560 secs] [Times: user=0.08 sys=0.00, real=0.01 secs] 
2014-07-08T23:14:28.429+0000: 3149.238: [GC [PSYoungGen: 108970K->1518K(109376K)] 555340K->447952K(796352K), 0.0226360 secs] [Times: user=0.15 sys=0.00, real=0.02 secs] 
2014-07-08T23:14:29.433+0000: 3150.242: [GC [PSYoungGen: 109038K->1461K(130880K)] 555472K->447991K(817856K), 0.0091540 secs] [Times: user=0.07 sys=0.00, real=0.01 secs] 
2014-07-08T23:14:30.515+0000: 3151.323: [GC [PSYoungGen: 130485K->1230K(130880K)] 577015K->447832K(817856K), 0.0122270 secs] [Times: user=0.07 sys=0.00, real=0.01 secs] 
2014-07-08T23:14:31.725+0000: 3152.534: [GC [PSYoungGen: 130254K->1192K(156736K)] 576856K->447850K(843712K), 0.0174510 secs] [Times: user=0.11 sys=0.00, real=0.01 secs] 
2014-07-08T23:14:33.259+0000: 3154.068: [GC [PSYoungGen: 156071K->1676K(156736K)] 602730K->448406K(843712K), 0.0106520 secs] [Times: user=0.07 sys=0.00, real=0.01 secs] 
2014-07-08T23:14:34.480+0000: 3155.289: [GC [PSYoungGen: 156556K->1650K(187776K)] 603286K->448436K(874752K), 0.0104290 secs] [Times: user=0.05 sys=0.00, real=0.01 secs] 
2014-07-08T23:14:36.203+0000: 3157.012: [GC [PSYoungGen: 187505K->1536K(183616K)] 634292K->448394K(870592K), 0.0100510 secs] [Times: user=0.06 sys=0.00, real=0.01 secs] 
2014-07-08T23:14:38.445+0000: 3159.254: [GC [PSYoungGen: 183552K->384K(178688K)] 630410K->447884K(865664K), 0.0087350 secs] [Times: user=0.06 sys=0.00, real=0.01 secs] 
2014-07-08T23:14:40.798+0000: 3161.607: [GC [PSYoungGen: 178688K->1794K(176576K)] 626188K->449326K(863552K), 0.0174300 secs] [Times: user=0.10 sys=0.00, real=0.01 secs] 
2014-07-08T23:14:43.055+0000: 3163.864: [GC [PSYoungGen: 176514K->1426K(172672K)] 624046K->449382K(859648K), 0.0094600 secs] [Times: user=0.06 sys=0.00, real=0.01 secs] 
2014-07-08T23:14:45.276+0000: 3166.085: [GC [PSYoungGen: 172626K->1188K(169024K)] 620582K->449152K(856000K), 0.0093640 secs] [Times: user=0.05 sys=0.00, real=0.00 secs] 
2014-07-08T23:14:47.278+0000: 3168.086: [GC [PSYoungGen: 168996K->1316K(165888K)] 616960K->449434K(852864K), 0.0157060 secs] [Times: user=0.10 sys=0.00, real=0.01 secs] 
2014-07-08T23:14:49.048+0000: 3169.857: [GC [PSYoungGen: 165857K->1042K(162432K)] 613976K->449208K(849408K), 0.0117570 secs] [Times: user=0.08 sys=0.00, real=0.01 secs] 
2014-07-08T23:14:50.941+0000: 3171.749: [GC [PSYoungGen: 162386K->1298K(159616K)] 610552K->449512K(846592K), 0.0100990 secs] [Times: user=0.06 sys=0.00, real=0.01 secs] 
2014-07-08T23:14:52.669+0000: 3173.478: [GC [PSYoungGen: 159539K->1593K(156864K)] 607754K->449895K(843840K), 0.0082510 secs] [Times: user=0.05 sys=0.00, real=0.00 secs] 
2014-07-08T23:14:53.923+0000: 3174.731: [GC [PSYoungGen: 156856K->950K(153344K)] 605159K->449548K(840320K), 0.0042720 secs] [Times: user=0.03 sys=0.00, real=0.00 secs] 
2014-07-08T23:14:55.549+0000: 3176.358: [GC [PSYoungGen: 153334K->1646K(151232K)] 601932K->450309K(838208K), 0.0085700 secs] [Times: user=0.04 sys=0.01, real=0.00 secs] 
2014-07-08T23:14:57.295+0000: 3178.104: [GC [PSYoungGen: 151176K->1252K(148160K)] 599839K->450134K(835136K), 0.0067820 secs] [Times: user=0.03 sys=0.00, real=0.01 secs] 
2014-07-08T23:14:58.786+0000: 3179.595: [GC [PSYoungGen: 148132K->1445K(145728K)] 597014K->450383K(832704K), 0.0079480 secs] [Times: user=0.05 sys=0.00, real=0.01 secs] 
2014-07-08T23:15:00.788+0000: 3181.597: [GC [PSYoungGen: 145699K->1092K(142848K)] 594637K->450054K(829824K), 0.0066350 secs] [Times: user=0.02 sys=0.00, real=0.01 secs] 
2014-07-08T23:15:02.418+0000: 3183.227: [GC [PSYoungGen: 142788K->1696K(140928K)] 591750K->450747K(827904K), 0.0085780 secs] [Times: user=0.06 sys=0.00, real=0.01 secs] 
2014-07-08T23:15:04.077+0000: 3184.886: [GC [PSYoungGen: 140896K->1000K(137792K)] 589947K->450250K(824768K), 0.0090650 secs] [Times: user=0.05 sys=0.00, real=0.01 secs] 
2014-07-08T23:15:05.537+0000: 3186.346: [GC [PSYoungGen: 137768K->1256K(135680K)] 587018K->450554K(822656K), 0.0043300 secs] [Times: user=0.02 sys=0.00, real=0.01 secs] 
2014-07-08T23:15:06.751+0000: 3187.559: [GC [PSYoungGen: 135647K->1192K(133376K)] 584946K->450628K(820352K), 0.0153750 secs] [Times: user=0.09 sys=0.00, real=0.01 secs] 
2014-07-08T23:15:08.131+0000: 3188.940: [GC [PSYoungGen: 133321K->1248K(131264K)] 582757K->450732K(818240K), 0.0160190 secs] [Times: user=0.10 sys=0.00, real=0.01 secs] 
2014-07-08T23:15:09.865+0000: 3190.674: [GC [PSYoungGen: 131232K->1362K(129216K)] 580716K->450910K(816192K), 0.0147900 secs] [Times: user=0.08 sys=0.00, real=0.01 secs] 
2014-07-08T23:15:11.170+0000: 3191.979: [GC [PSYoungGen: 129170K->1418K(127168K)] 578718K->451046K(814144K), 0.0126570 secs] [Times: user=0.09 sys=0.00, real=0.01 secs] 
2014-07-08T23:15:13.332+0000: 3194.141: [GC [PSYoungGen: 127114K->886K(124544K)] 576742K->450778K(811520K), 0.0044380 secs] [Times: user=0.03 sys=0.00, real=0.00 secs] 
2014-07-08T23:15:15.117+0000: 3195.926: [GC [PSYoungGen: 124532K->1656K(123328K)] 574425K->451621K(810304K), 0.0135860 secs] [Times: user=0.09 sys=0.00, real=0.02 secs] 
2014-07-08T23:15:16.141+0000: 3196.950: [GC [PSYoungGen: 123320K->1060K(120832K)] 573285K->451370K(807808K), 0.0090300 secs] [Times: user=0.06 sys=0.00, real=0.00 secs] 
2014-07-08T23:15:18.029+0000: 3198.838: [GC [PSYoungGen: 120804K->1771K(119680K)] 571114K->452129K(806656K), 0.0111380 secs] [Times: user=0.07 sys=0.00, real=0.01 secs] 
2014-07-08T23:15:19.007+0000: 3199.816: [GC [PSYoungGen: 119615K->882K(116992K)] 569973K->451602K(803968K), 0.0160130 secs] [Times: user=0.11 sys=0.00, real=0.02 secs] 
2014-07-08T23:15:20.906+0000: 3201.715: [GC [PSYoungGen: 116978K->1724K(116032K)] 567698K->452493K(803008K), 0.0155420 secs] [Times: user=0.09 sys=0.00, real=0.01 secs] 
2014-07-08T23:15:22.070+0000: 3202.879: [GC [PSYoungGen: 116028K->1266K(113856K)] 566797K->452140K(800832K), 0.0046110 secs] [Times: user=0.03 sys=0.00, real=0.01 secs] 
2014-07-08T23:15:23.282+0000: 3204.091: [GC [PSYoungGen: 113842K->1074K(112000K)] 564716K->452012K(798976K), 0.0124200 secs] [Times: user=0.09 sys=0.00, real=0.02 secs] 
2014-07-08T23:15:24.529+0000: 3205.338: [GC [PSYoungGen: 111986K->1646K(110912K)] 562924K->452665K(797888K), 0.0045050 secs] [Times: user=0.03 sys=0.00, real=0.01 secs] 
2014-07-08T23:15:25.646+0000: 3206.455: [GC [PSYoungGen: 110894K->1380K(109056K)] 561913K->452462K(796032K), 0.0120620 secs] [Times: user=0.06 sys=0.00, real=0.01 secs] 
2014-07-08T23:15:27.165+0000: 3207.973: [GC [PSYoungGen: 108982K->1070K(107200K)] 560064K->452840K(794176K), 0.0096220 secs] [Times: user=0.07 sys=0.00, real=0.01 secs] 
2014-07-08T23:15:28.364+0000: 3209.172: [GC [PSYoungGen: 107182K->1644K(106240K)] 558952K->453477K(793216K), 0.0075460 secs] [Times: user=0.04 sys=0.00, real=0.00 secs] 
2014-07-08T23:15:30.337+0000: 3211.146: [GC [PSYoungGen: 106220K->1386K(104512K)] 558053K->453722K(791488K), 0.0142910 secs] [Times: user=0.09 sys=0.00, real=0.01 secs] 
2014-07-08T23:15:31.503+0000: 3212.312: [GC [PSYoungGen: 104490K->1502K(103168K)] 556826K->453909K(790144K), 0.0143070 secs] [Times: user=0.09 sys=0.00, real=0.01 secs] 
2014-07-08T23:15:33.266+0000: 3214.075: [GC [PSYoungGen: 103095K->1440K(101696K)] 555503K->454036K(788672K), 0.0133160 secs] [Times: user=0.07 sys=0.00, real=0.01 secs] 
2014-07-08T23:15:34.699+0000: 3215.508: [GC [PSYoungGen: 101664K->1426K(100352K)] 554260K->454086K(787328K), 0.0093430 secs] [Times: user=0.06 sys=0.00, real=0.01 secs] 
2014-07-08T23:15:35.471+0000: 3216.280: [GC [PSYoungGen: 100306K->1206K(98752K)] 552966K->453961K(785728K), 0.0096570 secs] [Times: user=0.06 sys=0.01, real=0.01 secs] 
2014-07-08T23:15:36.815+0000: 3217.624: [GC [PSYoungGen: 98742K->1060K(97344K)] 551497K->453895K(784320K), 0.0055250 secs] [Times: user=0.02 sys=0.01, real=0.00 secs] 
2014-07-08T23:15:37.835+0000: 3218.644: [GC [PSYoungGen: 97305K->1454K(96448K)] 550141K->454370K(783424K), 0.0046540 secs] [Times: user=0.03 sys=0.00, real=0.00 secs] 
2014-07-08T23:15:38.640+0000: 3219.448: [GC [PSYoungGen: 96430K->1270K(95040K)] 549346K->454257K(782016K), 0.0089590 secs] [Times: user=0.06 sys=0.00, real=0.01 secs] 
2014-07-08T23:15:39.882+0000: 3220.690: [GC [PSYoungGen: 95012K->1276K(93824K)] 548000K->454590K(780800K), 0.0080130 secs] [Times: user=0.05 sys=0.00, real=0.01 secs] 
2014-07-08T23:15:40.598+0000: 3221.407: [GC [PSYoungGen: 93804K->1571K(92928K)] 547118K->454973K(779904K), 0.0074710 secs] [Times: user=0.04 sys=0.00, real=0.01 secs] 
2014-07-08T23:15:41.882+0000: 3222.691: [GC [PSYoungGen: 92862K->1128K(91328K)] 546264K->454877K(778304K), 0.0046520 secs] [Times: user=0.03 sys=0.00, real=0.01 secs] 
2014-07-08T23:15:43.103+0000: 3223.912: [GC [PSYoungGen: 91304K->1369K(90432K)] 545053K->455214K(777408K), 0.0065870 secs] [Times: user=0.04 sys=0.00, real=0.01 secs] 
2014-07-08T23:15:44.180+0000: 3224.989: [GC [PSYoungGen: 90361K->1330K(89280K)] 544207K->455276K(776256K), 0.0195210 secs] [Times: user=0.13 sys=0.00, real=0.02 secs] 
2014-07-08T23:15:44.999+0000: 3225.808: [GC [PSYoungGen: 89266K->1170K(106752K)] 543212K->455180K(793728K), 0.0116230 secs] [Times: user=0.07 sys=0.00, real=0.01 secs] 
2014-07-08T23:15:47.007+0000: 3227.816: [GC [PSYoungGen: 106679K->1192K(105280K)] 560689K->455518K(792256K), 0.0119110 secs] [Times: user=0.09 sys=0.00, real=0.01 secs] 
2014-07-08T23:15:48.040+0000: 3228.849: [GC [PSYoungGen: 105256K->1494K(104128K)] 559582K->455966K(791104K), 0.0070930 secs] [Times: user=0.04 sys=0.01, real=0.01 secs] 
2014-07-08T23:15:50.259+0000: 3231.068: [GC [PSYoungGen: 104085K->1010K(102208K)] 558558K->455894K(789184K), 0.0100640 secs] [Times: user=0.07 sys=0.00, real=0.01 secs] 
2014-07-08T23:15:51.261+0000: 3232.070: [GC [PSYoungGen: 102194K->1334K(101120K)] 557078K->456298K(788096K), 0.0069850 secs] [Times: user=0.04 sys=0.00, real=0.01 secs] 
2014-07-08T23:15:53.144+0000: 3233.953: [GC [PSYoungGen: 101109K->1248K(99712K)] 556074K->456494K(786688K), 0.0138920 secs] [Times: user=0.10 sys=0.00, real=0.02 secs] 
2014-07-08T23:15:54.702+0000: 3235.511: [GC [PSYoungGen: 99680K->1608K(98752K)] 554926K->456950K(785728K), 0.0116960 secs] [Times: user=0.09 sys=0.00, real=0.01 secs] 
2014-07-08T23:15:55.634+0000: 3236.442: [GC [PSYoungGen: 98696K->690K(96512K)] 554038K->456442K(783488K), 0.0072130 secs] [Times: user=0.05 sys=0.00, real=0.01 secs] 
2014-07-08T23:15:56.650+0000: 3237.458: [GC [PSYoungGen: 96452K->1654K(96192K)] 552204K->457528K(783168K), 0.0043730 secs] [Times: user=0.02 sys=0.00, real=0.00 secs] 
2014-07-08T23:15:57.289+0000: 3238.098: [GC [PSYoungGen: 96182K->1252K(94592K)] 552056K->457384K(781568K), 0.0113020 secs] [Times: user=0.08 sys=0.00, real=0.01 secs] 
2014-07-08T23:15:58.574+0000: 3239.383: [GC [PSYoungGen: 94564K->1734K(113792K)] 550696K->457947K(800768K), 0.0195650 secs] [Times: user=0.13 sys=0.00, real=0.02 secs] 
2014-07-08T23:15:59.642+0000: 3240.451: [GC [PSYoungGen: 113734K->832K(135232K)] 569947K->457302K(822208K), 0.0113830 secs] [Times: user=0.07 sys=0.00, real=0.01 secs] 
2014-07-08T23:16:00.900+0000: 3241.709: [GC [PSYoungGen: 135232K->1320K(152960K)] 591702K->457870K(839936K), 0.0138430 secs] [Times: user=0.09 sys=0.00, real=0.01 secs] 
2014-07-08T23:16:03.305+0000: 3244.114: [GC [PSYoungGen: 152269K->1152K(163200K)] 608820K->457800K(850176K), 0.0236480 secs] [Times: user=0.13 sys=0.00, real=0.03 secs] 
2014-07-08T23:16:05.097+0000: 3245.906: [GC [PSYoungGen: 162335K->1516K(159744K)] 618983K->458212K(846720K), 0.0104690 secs] [Times: user=0.06 sys=0.00, real=0.01 secs] 
2014-07-08T23:16:07.998+0000: 3248.807: [GC [PSYoungGen: 159723K->426K(155648K)] 616419K->458161K(842624K), 0.0152160 secs] [Times: user=0.11 sys=0.00, real=0.02 secs] 
2014-07-08T23:16:09.356+0000: 3250.165: [GC [PSYoungGen: 155621K->1434K(153792K)] 613356K->459225K(840768K), 0.0097340 secs] [Times: user=0.06 sys=0.00, real=0.01 secs] 
2014-07-08T23:16:11.055+0000: 3251.864: [GC [PSYoungGen: 153719K->1074K(150592K)] 611510K->459255K(837568K), 0.0219860 secs] [Times: user=0.13 sys=0.00, real=0.02 secs] 
2014-07-08T23:16:13.168+0000: 3253.977: [GC [PSYoungGen: 150578K->1494K(148352K)] 608759K->459715K(835328K), 0.0254590 secs] [Times: user=0.16 sys=0.00, real=0.03 secs] 
2014-07-08T23:16:14.402+0000: 3255.211: [GC [PSYoungGen: 148310K->1148K(159232K)] 606531K->459675K(846208K), 0.0160460 secs] [Times: user=0.11 sys=0.00, real=0.01 secs] 
2014-07-08T23:16:16.367+0000: 3257.176: [GC [PSYoungGen: 159228K->1512K(156672K)] 617755K->460103K(843648K), 0.0122960 secs] [Times: user=0.08 sys=0.00, real=0.01 secs] 
2014-07-08T23:16:17.976+0000: 3258.785: [GC [PSYoungGen: 156648K->370K(152640K)] 615239K->459937K(839616K), 0.0082290 secs] [Times: user=0.05 sys=0.01, real=0.01 secs] 
2014-07-08T23:16:20.638+0000: 3261.446: [GC [PSYoungGen: 152626K->1850K(151296K)] 612193K->461514K(838272K), 0.0064630 secs] [Times: user=0.02 sys=0.00, real=0.01 secs] 
2014-07-08T23:16:22.694+0000: 3263.503: [GC [PSYoungGen: 151290K->1532K(148288K)] 610954K->461834K(835264K), 0.0137820 secs] [Times: user=0.10 sys=0.00, real=0.01 secs] 
2014-07-08T23:16:24.608+0000: 3265.417: [GC [PSYoungGen: 148284K->1540K(145728K)] 608586K->461929K(832704K), 0.0107260 secs] [Times: user=0.07 sys=0.00, real=0.01 secs] 
2014-07-08T23:16:27.284+0000: 3268.093: [GC [PSYoungGen: 145668K->1252K(142848K)] 606057K->461641K(829824K), 0.0141450 secs] [Times: user=0.08 sys=0.00, real=0.01 secs] 
2014-07-08T23:16:29.314+0000: 3270.123: [GC [PSYoungGen: 142820K->1486K(140608K)] 603209K->461924K(827584K), 0.0081780 secs] [Times: user=0.03 sys=0.00, real=0.01 secs] 
2014-07-08T23:16:31.264+0000: 3272.073: [GC [PSYoungGen: 140558K->1224K(137920K)] 600996K->461717K(824896K), 0.0130020 secs] [Times: user=0.10 sys=0.00, real=0.01 secs] 
2014-07-08T23:16:34.136+0000: 3274.945: [GC [PSYoungGen: 137864K->1440K(135808K)] 598357K->461941K(822784K), 0.0144960 secs] [Times: user=0.10 sys=0.00, real=0.01 secs] 
2014-07-08T23:16:35.724+0000: 3276.533: [GC [PSYoungGen: 135750K->1394K(133504K)] 596252K->461967K(820480K), 0.0075100 secs] [Times: user=0.05 sys=0.00, real=0.00 secs] 
2014-07-08T23:16:37.642+0000: 3278.451: [GC [PSYoungGen: 133490K->1302K(131264K)] 594063K->461955K(818240K), 0.0144040 secs] [Times: user=0.10 sys=0.00, real=0.02 secs] 
2014-07-08T23:16:39.288+0000: 3280.097: [GC [PSYoungGen: 131222K->992K(128768K)] 591875K->461725K(815744K), 0.0111120 secs] [Times: user=0.08 sys=0.00, real=0.01 secs] 
2014-07-08T23:16:41.067+0000: 3281.876: [GC [PSYoungGen: 128735K->1294K(126976K)] 589468K->462091K(813952K), 0.0131620 secs] [Times: user=0.09 sys=0.00, real=0.01 secs] 
2014-07-08T23:16:42.634+0000: 3283.443: [GC [PSYoungGen: 126926K->1266K(124864K)] 587723K->462151K(811840K), 0.0196490 secs] [Times: user=0.14 sys=0.00, real=0.02 secs] 
2014-07-08T23:16:44.793+0000: 3285.602: [GC [PSYoungGen: 124850K->1280K(122944K)] 585735K->462221K(809920K), 0.0152560 secs] [Times: user=0.09 sys=0.00, real=0.02 secs] 
2014-07-08T23:16:46.159+0000: 3286.968: [GC [PSYoungGen: 122880K->1270K(120960K)] 583821K->462495K(807936K), 0.0060290 secs] [Times: user=0.03 sys=0.00, real=0.01 secs] 
2014-07-08T23:16:48.309+0000: 3289.118: [GC [PSYoungGen: 120950K->1220K(119104K)] 582175K->462509K(806080K), 0.0118730 secs] [Times: user=0.07 sys=0.00, real=0.01 secs] 
2014-07-08T23:16:49.752+0000: 3290.561: [GC [PSYoungGen: 119044K->1330K(117376K)] 580333K->462724K(804352K), 0.0098250 secs] [Times: user=0.06 sys=0.01, real=0.01 secs] 
2014-07-08T23:16:51.745+0000: 3292.554: [GC [PSYoungGen: 117362K->1244K(115520K)] 578756K->462694K(802496K), 0.0097990 secs] [Times: user=0.05 sys=0.00, real=0.01 secs] 
2014-07-08T23:16:53.354+0000: 3294.163: [GC [PSYoungGen: 115484K->1144K(113664K)] 576933K->462772K(800640K), 0.0129640 secs] [Times: user=0.06 sys=0.00, real=0.02 secs] 
2014-07-08T23:16:55.450+0000: 3296.259: [GC [PSYoungGen: 113656K->1358K(112256K)] 575284K->463026K(799232K), 0.0091150 secs] [Times: user=0.03 sys=0.00, real=0.01 secs] 
2014-07-08T23:16:56.630+0000: 3297.438: [GC [PSYoungGen: 112201K->1088K(110272K)] 573869K->462875K(797248K), 0.0130930 secs] [Times: user=0.09 sys=0.00, real=0.01 secs] 
2014-07-08T23:16:58.078+0000: 3298.887: [GC [PSYoungGen: 110272K->1700K(109312K)] 572059K->463724K(796288K), 0.0124320 secs] [Times: user=0.09 sys=0.00, real=0.01 secs] 
2014-07-08T23:16:59.811+0000: 3300.620: [GC [PSYoungGen: 109283K->678K(106752K)] 571307K->463348K(793728K), 0.0053600 secs] [Times: user=0.03 sys=0.00, real=0.00 secs] 
2014-07-08T23:17:00.845+0000: 3301.654: [GC [PSYoungGen: 106726K->1914K(106432K)] 569396K->464754K(793408K), 0.0201430 secs] [Times: user=0.13 sys=0.00, real=0.02 secs] 
2014-07-08T23:17:01.911+0000: 3302.720: [GC [PSYoungGen: 106426K->1256K(126720K)] 569266K->464650K(813696K), 0.0128290 secs] [Times: user=0.08 sys=0.01, real=0.01 secs] 
2014-07-08T23:17:04.170+0000: 3304.979: [GC [PSYoungGen: 126696K->1312K(124736K)] 590090K->464738K(811712K), 0.0202030 secs] [Times: user=0.12 sys=0.00, real=0.02 secs] 
2014-07-08T23:17:05.758+0000: 3306.567: [GC [PSYoungGen: 124704K->1092K(122560K)] 588130K->464574K(809536K), 0.0091080 secs] [Times: user=0.06 sys=0.00, real=0.01 secs] 
2014-07-08T23:17:07.717+0000: 3308.526: [GC [PSYoungGen: 122500K->1508K(121024K)] 585982K->465062K(808000K), 0.0117210 secs] [Times: user=0.06 sys=0.00, real=0.02 secs] 
2014-07-08T23:17:09.775+0000: 3310.584: [GC [PSYoungGen: 120996K->1366K(119040K)] 584550K->465016K(806016K), 0.0111740 secs] [Times: user=0.07 sys=0.00, real=0.01 secs] 
2014-07-08T23:17:11.933+0000: 3312.742: [GC [PSYoungGen: 118998K->1490K(117376K)] 582648K->465188K(804352K), 0.0218050 secs] [Times: user=0.14 sys=0.00, real=0.02 secs] 
2014-07-08T23:17:13.836+0000: 3314.644: [GC [PSYoungGen: 117330K->1202K(115264K)] 581028K->465150K(802240K), 0.0076560 secs] [Times: user=0.04 sys=0.00, real=0.01 secs] 
2014-07-08T23:17:15.641+0000: 3316.450: [GC [PSYoungGen: 115250K->1256K(113600K)] 579198K->465260K(800576K), 0.0112100 secs] [Times: user=0.07 sys=0.00, real=0.01 secs] 
2014-07-08T23:17:16.835+0000: 3317.644: [GC [PSYoungGen: 113576K->1192K(111872K)] 577580K->465252K(798848K), 0.0163160 secs] [Times: user=0.10 sys=0.00, real=0.02 secs] 
2014-07-08T23:17:18.416+0000: 3319.225: [GC [PSYoungGen: 111848K->1668K(110784K)] 575908K->465793K(797760K), 0.0135680 secs] [Times: user=0.09 sys=0.00, real=0.01 secs] 
2014-07-08T23:17:20.015+0000: 3320.824: [GC [PSYoungGen: 110724K->946K(108416K)] 574849K->465679K(795392K), 0.0076400 secs] [Times: user=0.04 sys=0.00, real=0.01 secs] 
2014-07-08T23:17:21.744+0000: 3322.552: [GC [PSYoungGen: 108402K->1472K(107456K)] 573135K->466293K(794432K), 0.0088190 secs] [Times: user=0.05 sys=0.01, real=0.01 secs] 
2014-07-08T23:17:22.969+0000: 3323.778: [GC [PSYoungGen: 107392K->1294K(105728K)] 572213K->466383K(792704K), 0.0103840 secs] [Times: user=0.07 sys=0.00, real=0.01 secs] 
2014-07-08T23:17:24.992+0000: 3325.801: [GC [PSYoungGen: 105678K->1706K(104640K)] 570767K->466875K(791616K), 0.0145390 secs] [Times: user=0.08 sys=0.00, real=0.01 secs] 
2014-07-08T23:17:26.212+0000: 3327.021: [GC [PSYoungGen: 104618K->804K(102336K)] 569787K->466419K(789312K), 0.0112310 secs] [Times: user=0.08 sys=0.00, real=0.01 secs] 
2014-07-08T23:17:28.032+0000: 3328.841: [GC [PSYoungGen: 102298K->1746K(101888K)] 567914K->467434K(788864K), 0.0157660 secs] [Times: user=0.11 sys=0.00, real=0.01 secs] 
2014-07-08T23:17:29.683+0000: 3330.492: [GC [PSYoungGen: 101837K->1292K(100096K)] 567525K->467109K(787072K), 0.0141440 secs] [Times: user=0.09 sys=0.00, real=0.01 secs] 
2014-07-08T23:17:30.645+0000: 3331.454: [GC [PSYoungGen: 100001K->1520K(98944K)] 565818K->467417K(785920K), 0.0104410 secs] [Times: user=0.06 sys=0.00, real=0.01 secs] 
2014-07-08T23:17:31.558+0000: 3332.366: [GC [PSYoungGen: 98896K->1138K(118080K)] 564794K->467325K(805056K), 0.0149400 secs] [Times: user=0.11 sys=0.00, real=0.02 secs] 
2014-07-08T23:17:32.780+0000: 3333.589: [GC [PSYoungGen: 118042K->1508K(132544K)] 584229K->467743K(819520K), 0.0121490 secs] [Times: user=0.05 sys=0.01, real=0.02 secs] 
2014-07-08T23:17:34.643+0000: 3335.451: [GC [PSYoungGen: 132132K->1220K(129728K)] 598367K->467535K(816704K), 0.0145360 secs] [Times: user=0.11 sys=0.01, real=0.01 secs] 
2014-07-08T23:17:36.387+0000: 3337.195: [GC [PSYoungGen: 129667K->1744K(128128K)] 595982K->468124K(815104K), 0.0082160 secs] [Times: user=0.04 sys=0.00, real=0.01 secs] 
2014-07-08T23:17:39.016+0000: 3339.825: [GC [PSYoungGen: 128080K->814K(125120K)] 594460K->467653K(812096K), 0.0294020 secs] [Times: user=0.18 sys=0.00, real=0.03 secs] 
2014-07-08T23:17:40.987+0000: 3341.796: [GC [PSYoungGen: 125102K->1540K(123904K)] 591941K->468443K(810880K), 0.0136160 secs] [Times: user=0.09 sys=0.01, real=0.01 secs] 
2014-07-08T23:17:43.466+0000: 3344.275: [GC [PSYoungGen: 123844K->1398K(121792K)] 590747K->468587K(808768K), 0.0104720 secs] [Times: user=0.07 sys=0.00, real=0.01 secs] 
2014-07-08T23:17:45.016+0000: 3345.825: [GC [PSYoungGen: 121782K->1508K(120064K)] 588971K->468769K(807040K), 0.0072790 secs] [Times: user=0.03 sys=0.00, real=0.00 secs] 
2014-07-08T23:17:46.984+0000: 3347.793: [GC [PSYoungGen: 120036K->946K(117632K)] 587297K->468659K(804608K), 0.0134860 secs] [Times: user=0.10 sys=0.00, real=0.01 secs] 
2014-07-08T23:17:48.305+0000: 3349.114: [GC [PSYoungGen: 117618K->1530K(116416K)] 585331K->469315K(803392K), 0.0099990 secs] [Times: user=0.06 sys=0.00, real=0.01 secs] 
2014-07-08T23:17:50.213+0000: 3351.022: [GC [PSYoungGen: 116388K->1248K(114432K)] 584173K->469277K(801408K), 0.0125250 secs] [Times: user=0.09 sys=0.00, real=0.02 secs] 
2014-07-08T23:17:51.020+0000: 3351.828: [GC [PSYoungGen: 114400K->1170K(112704K)] 582429K->469271K(799680K), 0.0106930 secs] [Times: user=0.06 sys=0.00, real=0.01 secs] 
2014-07-08T23:17:53.082+0000: 3353.890: [GC [PSYoungGen: 112658K->1258K(111104K)] 580759K->469512K(798080K), 0.0133580 secs] [Times: user=0.10 sys=0.00, real=0.02 secs] 
2014-07-08T23:17:54.511+0000: 3355.320: [GC [PSYoungGen: 111079K->1448K(109696K)] 579333K->469773K(796672K), 0.0081890 secs] [Times: user=0.03 sys=0.00, real=0.01 secs] 
2014-07-08T23:17:55.986+0000: 3356.795: [GC [PSYoungGen: 109670K->890K(107520K)] 577996K->469828K(794496K), 0.0055870 secs] [Times: user=0.03 sys=0.01, real=0.00 secs] 
2014-07-08T23:17:57.610+0000: 3358.419: [GC [PSYoungGen: 107514K->1780K(106880K)] 576452K->470856K(793856K), 0.0162850 secs] [Times: user=0.11 sys=0.00, real=0.02 secs] 
2014-07-08T23:17:59.269+0000: 3360.078: [GC [PSYoungGen: 106868K->950K(104576K)] 575944K->470570K(791552K), 0.0195180 secs] [Times: user=0.13 sys=0.00, real=0.02 secs] 
2014-07-08T23:18:00.156+0000: 3360.965: [GC [PSYoungGen: 104566K->1276K(103424K)] 574186K->470952K(790400K), 0.0057900 secs] [Times: user=0.04 sys=0.01, real=0.01 secs] 
2014-07-08T23:18:01.021+0000: 3361.830: [GC [PSYoungGen: 103419K->1518K(102272K)] 573095K->471283K(789248K), 0.0045180 secs] [Times: user=0.02 sys=0.00, real=0.00 secs] 
2014-07-08T23:18:02.356+0000: 3363.164: [GC [PSYoungGen: 102254K->1394K(100736K)] 572019K->471231K(787712K), 0.0148720 secs] [Times: user=0.10 sys=0.00, real=0.02 secs] 
2014-07-08T23:18:03.934+0000: 3364.743: [GC [PSYoungGen: 100722K->932K(98944K)] 570559K->471010K(785920K), 0.0152820 secs] [Times: user=0.10 sys=0.00, real=0.02 secs] 
2014-07-08T23:18:05.612+0000: 3366.421: [GC [PSYoungGen: 98916K->1362K(98048K)] 568994K->471512K(785024K), 0.0153130 secs] [Times: user=0.09 sys=0.00, real=0.02 secs] 
2014-07-08T23:18:06.705+0000: 3367.514: [GC [PSYoungGen: 98002K->1206K(96576K)] 568152K->471494K(783552K), 0.0078780 secs] [Times: user=0.04 sys=0.01, real=0.01 secs] 
2014-07-08T23:18:07.990+0000: 3368.799: [GC [PSYoungGen: 96566K->1646K(95744K)] 566854K->472031K(782720K), 0.0164550 secs] [Times: user=0.11 sys=0.00, real=0.01 secs] 
2014-07-08T23:18:08.957+0000: 3369.765: [GC [PSYoungGen: 95726K->878K(113792K)] 566111K->471706K(800768K), 0.0141040 secs] [Times: user=0.10 sys=0.00, real=0.02 secs] 
2014-07-08T23:18:10.978+0000: 3371.787: [GC [PSYoungGen: 113773K->1834K(129408K)] 584602K->472766K(816384K), 0.0175100 secs] [Times: user=0.11 sys=0.00, real=0.01 secs] 
2014-07-08T23:18:12.803+0000: 3373.612: [GC [PSYoungGen: 129386K->1352K(126912K)] 600318K->472710K(813888K), 0.0161310 secs] [Times: user=0.12 sys=0.00, real=0.02 secs] 
2014-07-08T23:18:14.577+0000: 3375.386: [GC [PSYoungGen: 126855K->1238K(124736K)] 598214K->472668K(811712K), 0.0146570 secs] [Times: user=0.09 sys=0.00, real=0.02 secs] 
2014-07-08T23:18:15.955+0000: 3376.764: [GC [PSYoungGen: 124694K->1312K(135680K)] 596124K->472871K(822656K), 0.0272410 secs] [Times: user=0.21 sys=0.00, real=0.03 secs] 
2014-07-08T23:18:17.365+0000: 3378.174: [GC [PSYoungGen: 135648K->1504K(136256K)] 607207K->473143K(823232K), 0.0089860 secs] [Times: user=0.05 sys=0.00, real=0.01 secs] 
2014-07-08T23:18:20.142+0000: 3380.951: [GC [PSYoungGen: 135840K->1578K(133696K)] 607479K->473233K(820672K), 0.0158030 secs] [Times: user=0.10 sys=0.01, real=0.01 secs] 
2014-07-08T23:18:21.847+0000: 3382.656: [GC [PSYoungGen: 133674K->1500K(131456K)] 605329K->473251K(818432K), 0.0192800 secs] [Times: user=0.13 sys=0.00, real=0.02 secs] 
2014-07-08T23:18:23.923+0000: 3384.732: [GC [PSYoungGen: 131420K->758K(128512K)] 603171K->472892K(815488K), 0.0074070 secs] [Times: user=0.03 sys=0.01, real=0.01 secs] 
2014-07-08T23:18:25.656+0000: 3386.465: [GC [PSYoungGen: 128502K->1668K(127360K)] 600636K->473819K(814336K), 0.0231840 secs] [Times: user=0.13 sys=0.00, real=0.02 secs] 
2014-07-08T23:18:27.729+0000: 3388.538: [GC [PSYoungGen: 127299K->1370K(124992K)] 599449K->473822K(811968K), 0.0072690 secs] [Times: user=0.05 sys=0.00, real=0.01 secs] 
2014-07-08T23:18:29.324+0000: 3390.133: [GC [PSYoungGen: 124954K->1692K(123328K)] 597406K->474249K(810304K), 0.0082650 secs] [Times: user=0.06 sys=0.01, real=0.01 secs] 
2014-07-08T23:18:31.832+0000: 3392.641: [GC [PSYoungGen: 123276K->747K(120448K)] 595833K->473955K(807424K), 0.0162750 secs] [Times: user=0.10 sys=0.00, real=0.01 secs] 
2014-07-08T23:18:33.531+0000: 3394.339: [GC [PSYoungGen: 120427K->1897K(119744K)] 593635K->475201K(806720K), 0.0159760 secs] [Times: user=0.11 sys=0.01, real=0.02 secs] 
2014-07-08T23:18:35.125+0000: 3395.934: [GC [PSYoungGen: 119721K->1213K(117248K)] 593025K->475026K(804224K), 0.0086350 secs] [Times: user=0.04 sys=0.00, real=0.01 secs] 
2014-07-08T23:18:37.027+0000: 3397.836: [GC [PSYoungGen: 117245K->1640K(115904K)] 591058K->475517K(802880K), 0.0256960 secs] [Times: user=0.18 sys=0.00, real=0.03 secs] 
2014-07-08T23:18:38.240+0000: 3399.049: [GC [PSYoungGen: 115880K->1376K(113920K)] 589757K->475325K(800896K), 0.0151970 secs] [Times: user=0.10 sys=0.00, real=0.02 secs] 
2014-07-08T23:18:39.318+0000: 3400.127: [GC [PSYoungGen: 113857K->1484K(112384K)] 587807K->475513K(799360K), 0.0110610 secs] [Times: user=0.07 sys=0.00, real=0.01 secs] 
2014-07-08T23:18:40.667+0000: 3401.476: [GC [PSYoungGen: 112332K->1202K(110400K)] 586361K->475415K(797376K), 0.0093190 secs] [Times: user=0.05 sys=0.00, real=0.01 secs] 
2014-07-08T23:18:42.850+0000: 3403.659: [GC [PSYoungGen: 110386K->1444K(109056K)] 584599K->475737K(796032K), 0.0156330 secs] [Times: user=0.10 sys=0.00, real=0.02 secs] 
2014-07-08T23:18:43.855+0000: 3404.664: [GC [PSYoungGen: 109028K->1316K(107392K)] 583321K->475761K(794368K), 0.0133880 secs] [Times: user=0.08 sys=0.00, real=0.01 secs] 
2014-07-08T23:18:45.860+0000: 3406.669: [GC [PSYoungGen: 107316K->1323K(105856K)] 581761K->475856K(792832K), 0.0157860 secs] [Times: user=0.09 sys=0.00, real=0.02 secs] 
2014-07-08T23:18:47.121+0000: 3407.930: [GC [PSYoungGen: 105835K->1210K(104256K)] 580368K->475905K(791232K), 0.0134280 secs] [Times: user=0.09 sys=0.00, real=0.02 secs] 
2014-07-08T23:18:48.661+0000: 3409.470: [GC [PSYoungGen: 104250K->1426K(103104K)] 578945K->476193K(790080K), 0.0114260 secs] [Times: user=0.06 sys=0.00, real=0.01 secs] 
2014-07-08T23:18:49.802+0000: 3410.611: [GC [PSYoungGen: 103058K->1184K(101440K)] 577825K->476223K(788416K), 0.0082220 secs] [Times: user=0.05 sys=0.00, real=0.01 secs] 
2014-07-08T23:18:50.881+0000: 3411.690: [GC [PSYoungGen: 101408K->1284K(121664K)] 576447K->476491K(808640K), 0.0229630 secs] [Times: user=0.16 sys=0.00, real=0.03 secs] 
2014-07-08T23:18:53.274+0000: 3414.083: [GC [PSYoungGen: 121604K->1216K(119680K)] 596811K->476503K(806656K), 0.0076630 secs] [Times: user=0.04 sys=0.00, real=0.00 secs] 
2014-07-08T23:18:54.786+0000: 3415.595: [GC [PSYoungGen: 119680K->1374K(143616K)] 594967K->476733K(830592K), 0.0219140 secs] [Times: user=0.16 sys=0.00, real=0.02 secs] 
2014-07-08T23:18:56.627+0000: 3417.436: [GC [PSYoungGen: 143582K->1148K(150272K)] 618941K->476821K(837248K), 0.0200220 secs] [Times: user=0.15 sys=0.00, real=0.02 secs] 
2014-07-08T23:18:59.489+0000: 3420.298: [GC [PSYoungGen: 150268K->1302K(147776K)] 625941K->477015K(834752K), 0.0165110 secs] [Times: user=0.11 sys=0.00, real=0.02 secs] 
2014-07-08T23:19:01.294+0000: 3422.102: [GC [PSYoungGen: 147733K->512K(144320K)] 623446K->477033K(831296K), 0.0196360 secs] [Times: user=0.13 sys=0.00, real=0.02 secs] 
2014-07-08T23:19:03.598+0000: 3424.406: [GC [PSYoungGen: 144319K->1718K(142976K)] 620841K->478354K(829952K), 0.0152350 secs] [Times: user=0.10 sys=0.00, real=0.01 secs] 
2014-07-08T23:19:06.183+0000: 3426.992: [GC [PSYoungGen: 142927K->1266K(140032K)] 619563K->478250K(827008K), 0.0128000 secs] [Times: user=0.08 sys=0.00, real=0.02 secs] 
2014-07-08T23:19:07.950+0000: 3428.759: [GC [PSYoungGen: 139990K->1498K(137920K)] 616974K->478545K(824896K), 0.0077470 secs] [Times: user=0.04 sys=0.00, real=0.01 secs] 
2014-07-08T23:19:09.497+0000: 3430.306: [GC [PSYoungGen: 137880K->1070K(135168K)] 614928K->478302K(822144K), 0.0065900 secs] [Times: user=0.04 sys=0.00, real=0.00 secs] 
2014-07-08T23:19:11.163+0000: 3431.972: [GC [PSYoungGen: 135145K->1508K(133376K)] 612377K->478780K(820352K), 0.0092280 secs] [Times: user=0.04 sys=0.00, real=0.01 secs] 
2014-07-08T23:19:13.779+0000: 3434.588: [GC [PSYoungGen: 133348K->1148K(130816K)] 610620K->478640K(817792K), 0.0168140 secs] [Times: user=0.11 sys=0.00, real=0.01 secs] 
2014-07-08T23:19:15.733+0000: 3436.542: [GC [PSYoungGen: 130812K->1610K(129216K)] 608304K->479166K(816192K), 0.0182250 secs] [Times: user=0.13 sys=0.00, real=0.02 secs] 
2014-07-08T23:19:17.161+0000: 3437.970: [GC [PSYoungGen: 129162K->946K(126464K)] 606718K->478733K(813440K), 0.0053700 secs] [Times: user=0.02 sys=0.00, real=0.00 secs] 
2014-07-08T23:19:19.482+0000: 3440.291: [GC [PSYoungGen: 126450K->1746K(125248K)] 604237K->479598K(812224K), 0.0109730 secs] [Times: user=0.08 sys=0.00, real=0.01 secs] 
2014-07-08T23:19:21.495+0000: 3442.304: [GC [PSYoungGen: 125200K->996K(122496K)] 603052K->479198K(809472K), 0.0137850 secs] [Times: user=0.09 sys=0.00, real=0.02 secs] 
2014-07-08T23:19:23.440+0000: 3444.249: [GC [PSYoungGen: 122466K->1572K(121152K)] 600669K->479878K(808128K), 0.0062370 secs] [Times: user=0.04 sys=0.00, real=0.00 secs] 
2014-07-08T23:19:24.629+0000: 3445.438: [GC [PSYoungGen: 121124K->1266K(118976K)] 599430K->479724K(805952K), 0.0049290 secs] [Times: user=0.03 sys=0.01, real=0.01 secs] 
2014-07-08T23:19:25.807+0000: 3446.616: [GC [PSYoungGen: 118962K->1124K(117056K)] 597420K->479704K(804032K), 0.0065300 secs] [Times: user=0.03 sys=0.00, real=0.01 secs] 
2014-07-08T23:19:27.567+0000: 3448.376: [GC [PSYoungGen: 116986K->1320K(115456K)] 595567K->480069K(802432K), 0.0212260 secs] [Times: user=0.13 sys=0.00, real=0.02 secs] 
2014-07-08T23:19:28.655+0000: 3449.464: [GC [PSYoungGen: 115432K->1352K(113792K)] 594181K->480222K(800768K), 0.0154480 secs] [Times: user=0.09 sys=0.00, real=0.02 secs] 
2014-07-08T23:19:29.854+0000: 3450.663: [GC [PSYoungGen: 113736K->1010K(111744K)] 592606K->480563K(798720K), 0.0125110 secs] [Times: user=0.09 sys=0.00, real=0.01 secs] 
2014-07-08T23:19:31.336+0000: 3452.145: [GC [PSYoungGen: 111730K->1380K(110528K)] 591283K->480965K(797504K), 0.0047640 secs] [Times: user=0.02 sys=0.00, real=0.01 secs] 
2014-07-08T23:19:32.327+0000: 3453.136: [GC [PSYoungGen: 110500K->1454K(108992K)] 590085K->481347K(795968K), 0.0050160 secs] [Times: user=0.02 sys=0.00, real=0.01 secs] 
2014-07-08T23:19:33.489+0000: 3454.297: [GC [PSYoungGen: 108974K->1380K(107392K)] 588867K->481361K(794368K), 0.0103240 secs] [Times: user=0.06 sys=0.00, real=0.01 secs] 
2014-07-08T23:19:34.570+0000: 3455.379: [GC [PSYoungGen: 107364K->1151K(105600K)] 587345K->481706K(792576K), 0.0081630 secs] [Times: user=0.04 sys=0.00, real=0.00 secs] 
2014-07-08T23:19:36.059+0000: 3456.868: [GC [PSYoungGen: 105599K->1938K(104960K)] 586154K->482516K(791936K), 0.0258800 secs] [Times: user=0.13 sys=0.00, real=0.03 secs] 
2014-07-08T23:19:37.239+0000: 3458.048: [GC [PSYoungGen: 104914K->886K(102464K)] 585492K->481818K(789440K), 0.0125360 secs] [Times: user=0.06 sys=0.00, real=0.02 secs] 
2014-07-08T23:19:38.448+0000: 3459.257: [GC [PSYoungGen: 102424K->1561K(101760K)] 583357K->482557K(788736K), 0.0092800 secs] [Times: user=0.06 sys=0.00, real=0.01 secs] 
2014-07-08T23:19:39.450+0000: 3460.259: [GC [PSYoungGen: 101721K->1224K(100096K)] 582717K->482356K(787072K), 0.0110480 secs] [Times: user=0.06 sys=0.00, real=0.02 secs] 
2014-07-08T23:19:40.386+0000: 3461.195: [GC [PSYoungGen: 100040K->1576K(99072K)] 581172K->482772K(786048K), 0.0083460 secs] [Times: user=0.04 sys=0.00, real=0.01 secs] 
2014-07-08T23:19:41.350+0000: 3462.159: [GC [PSYoungGen: 99048K->1270K(97472K)] 580244K->482554K(784448K), 0.0064960 secs] [Times: user=0.04 sys=0.00, real=0.01 secs] 
2014-07-08T23:19:42.076+0000: 3462.885: [GC [PSYoungGen: 97462K->1298K(96256K)] 578746K->482646K(783232K), 0.0043020 secs] [Times: user=0.02 sys=0.00, real=0.00 secs] 
2014-07-08T23:19:42.868+0000: 3463.677: [GC [PSYoungGen: 96210K->1532K(95232K)] 577558K->483033K(782208K), 0.0077300 secs] [Times: user=0.04 sys=0.00, real=0.01 secs] 
2014-07-08T23:19:44.176+0000: 3464.985: [GC [PSYoungGen: 95187K->1423K(93952K)] 576687K->482995K(780928K), 0.0117430 secs] [Times: user=0.07 sys=0.00, real=0.01 secs] 
2014-07-08T23:19:45.496+0000: 3466.305: [GC [PSYoungGen: 93902K->1142K(92416K)] 575475K->482958K(779392K), 0.0091110 secs] [Times: user=0.04 sys=0.01, real=0.01 secs] 
2014-07-08T23:19:46.817+0000: 3467.626: [GC [PSYoungGen: 92406K->1398K(91520K)] 574222K->483262K(778496K), 0.0126290 secs] [Times: user=0.08 sys=0.00, real=0.01 secs] 
2014-07-08T23:19:48.111+0000: 3468.920: [GC [PSYoungGen: 91510K->1452K(109632K)] 573374K->483486K(796608K), 0.0288890 secs] [Times: user=0.17 sys=0.00, real=0.03 secs] 
2014-07-08T23:19:49.197+0000: 3470.006: [GC [PSYoungGen: 109612K->1348K(131136K)] 591646K->483471K(818112K), 0.0127090 secs] [Times: user=0.08 sys=0.00, real=0.01 secs] 
2014-07-08T23:19:50.068+0000: 3470.877: [GC [PSYoungGen: 130564K->1188K(131712K)] 612687K->483390K(818688K), 0.0169590 secs] [Times: user=0.12 sys=0.00, real=0.02 secs] 
2014-07-08T23:19:51.318+0000: 3472.127: [GC [PSYoungGen: 130980K->1338K(131712K)] 613182K->483628K(818688K), 0.0116650 secs] [Times: user=0.06 sys=0.00, real=0.01 secs] 
2014-07-08T23:19:53.122+0000: 3473.931: [GC [PSYoungGen: 131130K->1156K(157696K)] 613420K->483510K(844672K), 0.0070470 secs] [Times: user=0.04 sys=0.00, real=0.01 secs] 
2014-07-08T23:19:54.324+0000: 3475.132: [GC [PSYoungGen: 156869K->1655K(157696K)] 639224K->484098K(844672K), 0.0117570 secs] [Times: user=0.07 sys=0.00, real=0.01 secs] 
2014-07-08T23:19:55.929+0000: 3476.738: [GC [PSYoungGen: 157431K->1586K(154496K)] 639874K->484125K(841472K), 0.0075000 secs] [Times: user=0.04 sys=0.01, real=0.01 secs] 
2014-07-08T23:19:57.280+0000: 3478.089: [GC [PSYoungGen: 154436K->1811K(151936K)] 636975K->484430K(838912K), 0.0138950 secs] [Times: user=0.09 sys=0.00, real=0.01 secs] 
2014-07-08T23:19:58.631+0000: 3479.440: [GC [PSYoungGen: 151891K->548K(147904K)] 634510K->483808K(834880K), 0.0098220 secs] [Times: user=0.07 sys=0.00, real=0.01 secs] 
2014-07-08T23:20:00.593+0000: 3481.402: [GC [PSYoungGen: 147876K->2014K(146752K)] 631136K->485323K(833728K), 0.0109050 secs] [Times: user=0.08 sys=0.00, real=0.02 secs] 
2014-07-08T23:20:02.002+0000: 3482.811: [GC [PSYoungGen: 146718K->1270K(143424K)] 630027K->485063K(830400K), 0.0120200 secs] [Times: user=0.07 sys=0.00, real=0.01 secs] 
2014-07-08T23:20:04.006+0000: 3484.814: [GC [PSYoungGen: 143414K->1138K(140800K)] 627207K->484978K(827776K), 0.0182630 secs] [Times: user=0.13 sys=0.00, real=0.01 secs] 
2014-07-08T23:20:05.538+0000: 3486.347: [GC [PSYoungGen: 140776K->1392K(138624K)] 624617K->485281K(825600K), 0.0134730 secs] [Times: user=0.05 sys=0.00, real=0.01 secs] 
2014-07-08T23:20:07.197+0000: 3488.006: [GC [PSYoungGen: 138608K->1138K(136000K)] 622497K->485106K(822976K), 0.0156290 secs] [Times: user=0.10 sys=0.01, real=0.01 secs] 
2014-07-08T23:20:08.616+0000: 3489.425: [GC [PSYoungGen: 135955K->1423K(134016K)] 619924K->485448K(820992K), 0.0054700 secs] [Times: user=0.02 sys=0.01, real=0.00 secs] 
2014-07-08T23:20:10.236+0000: 3491.045: [GC [PSYoungGen: 133966K->1480K(131840K)] 617991K->485561K(818816K), 0.0067130 secs] [Times: user=0.03 sys=0.00, real=0.01 secs] 
2014-07-08T23:20:11.495+0000: 3492.304: [GC [PSYoungGen: 131784K->1138K(129280K)] 615865K->485290K(816256K), 0.0155280 secs] [Times: user=0.10 sys=0.00, real=0.02 secs] 
2014-07-08T23:20:13.490+0000: 3494.299: [GC [PSYoungGen: 129266K->1220K(127296K)] 613418K->485412K(814272K), 0.0179440 secs] [Times: user=0.10 sys=0.00, real=0.02 secs] 
2014-07-08T23:20:14.534+0000: 3495.343: [GC [PSYoungGen: 127236K->1402K(152640K)] 611428K->485667K(839616K), 0.0277930 secs] [Times: user=0.19 sys=0.00, real=0.03 secs] 
2014-07-08T23:20:16.183+0000: 3496.992: [GC [PSYoungGen: 152634K->1184K(180160K)] 636899K->485512K(867136K), 0.0125630 secs] [Times: user=0.08 sys=0.00, real=0.01 secs] 
2014-07-08T23:20:18.566+0000: 3499.375: [GC [PSYoungGen: 179424K->1316K(176000K)] 663752K->485668K(862976K), 0.0137970 secs] [Times: user=0.07 sys=0.01, real=0.02 secs] 
2014-07-08T23:20:20.712+0000: 3501.520: [GC [PSYoungGen: 175972K->1572K(172736K)] 660324K->485981K(859712K), 0.0044540 secs] [Times: user=0.02 sys=0.00, real=0.00 secs] 
2014-07-08T23:20:23.522+0000: 3504.331: [GC [PSYoungGen: 172708K->818K(168576K)] 657117K->485527K(855552K), 0.0114440 secs] [Times: user=0.06 sys=0.00, real=0.01 secs] 
2014-07-08T23:20:24.653+0000: 3505.462: [GC [PSYoungGen: 168552K->1484K(166016K)] 653261K->486265K(852992K), 0.0080740 secs] [Times: user=0.05 sys=0.00, real=0.01 secs] 
2014-07-08T23:20:26.297+0000: 3507.106: [GC [PSYoungGen: 165964K->1352K(162688K)] 650745K->486237K(849664K), 0.0142450 secs] [Times: user=0.09 sys=0.00, real=0.02 secs] 
2014-07-08T23:20:27.650+0000: 3508.459: [GC [PSYoungGen: 162632K->1298K(159552K)] 647517K->486231K(846528K), 0.0051580 secs] [Times: user=0.02 sys=0.00, real=0.00 secs] 
2014-07-08T23:20:29.218+0000: 3510.026: [GC [PSYoungGen: 159506K->1014K(156224K)] 644439K->486107K(843200K), 0.0112140 secs] [Times: user=0.08 sys=0.00, real=0.02 secs] 
2014-07-08T23:20:30.566+0000: 3511.375: [GC [PSYoungGen: 156214K->1234K(153600K)] 641307K->486423K(840576K), 0.0095790 secs] [Times: user=0.05 sys=0.00, real=0.01 secs] 
2014-07-08T23:20:31.792+0000: 3512.600: [GC [PSYoungGen: 153554K->1324K(150848K)] 638743K->486641K(837824K), 0.0061560 secs] [Times: user=0.04 sys=0.00, real=0.00 secs] 
2014-07-08T23:20:33.374+0000: 3514.183: [GC [PSYoungGen: 150828K->1772K(148608K)] 636145K->487185K(835584K), 0.0061360 secs] [Times: user=0.04 sys=0.00, real=0.01 secs] 
2014-07-08T23:20:35.167+0000: 3515.976: [GC [PSYoungGen: 148571K->502K(144704K)] 633984K->487107K(831680K), 0.0063750 secs] [Times: user=0.05 sys=0.00, real=0.01 secs] 
2014-07-08T23:20:36.451+0000: 3517.259: [GC [PSYoungGen: 144657K->1740K(143424K)] 631263K->488425K(830400K), 0.0055630 secs] [Times: user=0.03 sys=0.00, real=0.00 secs] 
2014-07-08T23:20:38.615+0000: 3519.424: [GC [PSYoungGen: 143372K->1302K(140480K)] 630057K->488419K(827456K), 0.0195710 secs] [Times: user=0.13 sys=0.00, real=0.02 secs] 
2014-07-08T23:20:40.486+0000: 3521.295: [GC [PSYoungGen: 140431K->1238K(137984K)] 627549K->488395K(824960K), 0.0049640 secs] [Times: user=0.02 sys=0.00, real=0.01 secs] 
2014-07-08T23:20:41.984+0000: 3522.793: [GC [PSYoungGen: 137926K->1352K(135744K)] 625084K->488582K(822720K), 0.0049330 secs] [Times: user=0.03 sys=0.00, real=0.00 secs] 
2014-07-08T23:20:43.524+0000: 3524.333: [GC [PSYoungGen: 135676K->1576K(133696K)] 622906K->488878K(820672K), 0.0048200 secs] [Times: user=0.02 sys=0.00, real=0.00 secs] 
2014-07-08T23:20:45.300+0000: 3526.109: [GC [PSYoungGen: 133672K->874K(130816K)] 620974K->488772K(817792K), 0.0175780 secs] [Times: user=0.10 sys=0.00, real=0.02 secs] 
2014-07-08T23:20:46.655+0000: 3527.464: [GC [PSYoungGen: 130794K->1708K(129472K)] 618692K->489670K(816448K), 0.0094930 secs] [Times: user=0.05 sys=0.00, real=0.01 secs] 
2014-07-08T23:20:47.864+0000: 3528.673: [GC [PSYoungGen: 129452K->1274K(126912K)] 617414K->489732K(813888K), 0.0069080 secs] [Times: user=0.04 sys=0.00, real=0.00 secs] 
2014-07-08T23:20:49.187+0000: 3529.996: [GC [PSYoungGen: 126906K->1320K(124928K)] 615364K->489850K(811904K), 0.0096660 secs] [Times: user=0.06 sys=0.00, real=0.01 secs] 
2014-07-08T23:20:50.433+0000: 3531.242: [GC [PSYoungGen: 124904K->1324K(122944K)] 613434K->489894K(809920K), 0.0106220 secs] [Times: user=0.06 sys=0.00, real=0.01 secs] 
2014-07-08T23:20:51.744+0000: 3532.553: [GC [PSYoungGen: 122924K->1394K(121088K)] 611494K->490036K(808064K), 0.0094120 secs] [Times: user=0.06 sys=0.00, real=0.01 secs] 
2014-07-08T23:20:52.946+0000: 3533.755: [GC [PSYoungGen: 121074K->1248K(119104K)] 609716K->490174K(806080K), 0.0046680 secs] [Times: user=0.02 sys=0.00, real=0.00 secs] 
2014-07-08T23:20:54.035+0000: 3534.843: [GC [PSYoungGen: 119072K->1174K(117248K)] 607998K->490164K(804224K), 0.0117060 secs] [Times: user=0.08 sys=0.00, real=0.01 secs] 
2014-07-08T23:20:55.008+0000: 3535.817: [GC [PSYoungGen: 117206K->1266K(115520K)] 606196K->490312K(802496K), 0.0044100 secs] [Times: user=0.01 sys=0.00, real=0.00 secs] 
2014-07-08T23:20:56.056+0000: 3536.864: [GC [PSYoungGen: 115506K->1400K(113920K)] 604552K->490511K(800896K), 0.0095100 secs] [Times: user=0.06 sys=0.01, real=0.01 secs] 
2014-07-08T23:20:57.298+0000: 3538.107: [GC [PSYoungGen: 113912K->1192K(112064K)] 603023K->490358K(799040K), 0.0071850 secs] [Times: user=0.04 sys=0.00, real=0.01 secs] 
2014-07-08T23:20:58.983+0000: 3539.792: [GC [PSYoungGen: 112040K->1494K(110720K)] 601206K->490716K(797696K), 0.0145790 secs] [Times: user=0.07 sys=0.00, real=0.01 secs] 
2014-07-08T23:21:00.011+0000: 3540.820: [GC [PSYoungGen: 110678K->1010K(132096K)] 599900K->490605K(819072K), 0.0213180 secs] [Times: user=0.12 sys=0.00, real=0.02 secs] 
2014-07-08T23:21:01.340+0000: 3542.149: [GC [PSYoungGen: 132021K->1665K(159040K)] 621615K->491283K(846016K), 0.0193560 secs] [Times: user=0.12 sys=0.00, real=0.02 secs] 
2014-07-08T23:21:03.099+0000: 3543.907: [GC [PSYoungGen: 158977K->882K(155264K)] 648595K->491122K(842240K), 0.0085840 secs] [Times: user=0.06 sys=0.01, real=0.01 secs] 
2014-07-08T23:21:04.803+0000: 3545.612: [GC [PSYoungGen: 155250K->1830K(153344K)] 645490K->492134K(840320K), 0.0083300 secs] [Times: user=0.06 sys=0.00, real=0.01 secs] 
2014-07-08T23:21:07.352+0000: 3548.161: [GC [PSYoungGen: 153318K->1016K(149760K)] 643622K->492245K(836736K), 0.0082430 secs] [Times: user=0.05 sys=0.00, real=0.01 secs] 
2014-07-08T23:21:09.750+0000: 3550.559: [GC [PSYoungGen: 149752K->1568K(147648K)] 640981K->492845K(834624K), 0.0084960 secs] [Times: user=0.04 sys=0.00, real=0.01 secs] 
2014-07-08T23:21:11.343+0000: 3552.152: [GC [PSYoungGen: 147616K->1540K(145024K)] 638893K->492937K(832000K), 0.0253720 secs] [Times: user=0.17 sys=0.00, real=0.03 secs] 
2014-07-08T23:21:12.917+0000: 3553.726: [GC [PSYoungGen: 144964K->1486K(142400K)] 636361K->492931K(829376K), 0.0143760 secs] [Times: user=0.10 sys=0.00, real=0.01 secs] 
2014-07-08T23:21:14.234+0000: 3555.043: [GC [PSYoungGen: 142348K->996K(139456K)] 633793K->492624K(826432K), 0.0162120 secs] [Times: user=0.11 sys=0.00, real=0.02 secs] 
2014-07-08T23:21:15.858+0000: 3556.667: [GC [PSYoungGen: 139428K->1522K(137600K)] 631056K->493207K(824576K), 0.0051150 secs] [Times: user=0.03 sys=0.00, real=0.00 secs] 
2014-07-08T23:21:17.624+0000: 3558.433: [GC [PSYoungGen: 137547K->1469K(135232K)] 629232K->493512K(822208K), 0.0083420 secs] [Times: user=0.06 sys=0.00, real=0.01 secs] 
2014-07-08T23:21:19.185+0000: 3559.994: [GC [PSYoungGen: 135229K->1630K(133184K)] 627272K->493829K(820160K), 0.0088940 secs] [Times: user=0.05 sys=0.00, real=0.01 secs] 
2014-07-08T23:21:20.621+0000: 3561.430: [GC [PSYoungGen: 133150K->1010K(130368K)] 625349K->493709K(817344K), 0.0109230 secs] [Times: user=0.08 sys=0.00, real=0.01 secs] 
2014-07-08T23:21:23.046+0000: 3563.855: [GC [PSYoungGen: 130354K->1554K(128832K)] 623053K->494293K(815808K), 0.0060200 secs] [Times: user=0.04 sys=0.00, real=0.01 secs] 
2014-07-08T23:21:25.097+0000: 3565.905: [GC [PSYoungGen: 128786K->1384K(126592K)] 621525K->494447K(813568K), 0.0145850 secs] [Times: user=0.11 sys=0.00, real=0.02 secs] 
2014-07-08T23:21:26.464+0000: 3567.272: [GC [PSYoungGen: 126568K->1492K(124736K)] 619631K->494619K(811712K), 0.0080190 secs] [Times: user=0.04 sys=0.00, real=0.01 secs] 
2014-07-08T23:21:28.877+0000: 3569.686: [GC [PSYoungGen: 124692K->1064K(122304K)] 617819K->494457K(809280K), 0.0070930 secs] [Times: user=0.04 sys=0.01, real=0.01 secs] 
2014-07-08T23:21:30.406+0000: 3571.215: [GC [PSYoungGen: 122280K->1708K(121024K)] 615673K->495165K(808000K), 0.0155410 secs] [Times: user=0.10 sys=0.00, real=0.02 secs] 
2014-07-08T23:21:32.380+0000: 3573.189: [GC [PSYoungGen: 120980K->1206K(118656K)] 614437K->494999K(805632K), 0.0080360 secs] [Times: user=0.05 sys=0.01, real=0.01 secs] 
2014-07-08T23:21:33.868+0000: 3574.677: [GC [PSYoungGen: 118646K->1408K(117120K)] 612439K->495313K(804096K), 0.0090140 secs] [Times: user=0.06 sys=0.00, real=0.01 secs] 
2014-07-08T23:21:36.006+0000: 3576.815: [GC [PSYoungGen: 117056K->1192K(115136K)] 610961K->495299K(802112K), 0.0173010 secs] [Times: user=0.13 sys=0.00, real=0.02 secs] 
2014-07-08T23:21:37.158+0000: 3577.967: [GC [PSYoungGen: 115104K->1384K(113600K)] 609211K->495595K(800576K), 0.0162900 secs] [Times: user=0.12 sys=0.00, real=0.02 secs] 
2014-07-08T23:21:39.150+0000: 3579.959: [GC [PSYoungGen: 113576K->1258K(111808K)] 607787K->495622K(798784K), 0.0149590 secs] [Times: user=0.09 sys=0.00, real=0.01 secs] 
2014-07-08T23:21:40.889+0000: 3581.698: [GC [PSYoungGen: 111785K->1206K(110144K)] 606149K->495625K(797120K), 0.0174860 secs] [Times: user=0.11 sys=0.00, real=0.02 secs] 
2014-07-08T23:21:42.844+0000: 3583.653: [GC [PSYoungGen: 110134K->1266K(108608K)] 604553K->495903K(795584K), 0.0189320 secs] [Times: user=0.13 sys=0.00, real=0.02 secs] 
2014-07-08T23:21:44.477+0000: 3585.285: [GC [PSYoungGen: 108594K->1704K(107520K)] 603231K->496429K(794496K), 0.0077770 secs] [Times: user=0.04 sys=0.01, real=0.01 secs] 
2014-07-08T23:21:46.044+0000: 3586.853: [GC [PSYoungGen: 107496K->740K(105024K)] 602221K->496067K(792000K), 0.0186170 secs] [Times: user=0.14 sys=0.00, real=0.02 secs] 
2014-07-08T23:21:48.007+0000: 3588.816: [GC [PSYoungGen: 104996K->1800K(104640K)] 600323K->497192K(791616K), 0.0134490 secs] [Times: user=0.09 sys=0.01, real=0.01 secs] 
2014-07-08T23:21:49.392+0000: 3590.201: [GC [PSYoungGen: 104584K->1248K(102656K)] 599976K->497080K(789632K), 0.0051300 secs] [Times: user=0.03 sys=0.00, real=0.00 secs] 
2014-07-08T23:21:50.949+0000: 3591.758: [GC [PSYoungGen: 102624K->1796K(101824K)] 598456K->497716K(788800K), 0.0085490 secs] [Times: user=0.05 sys=0.00, real=0.01 secs] 
2014-07-08T23:21:52.367+0000: 3593.176: [GC [PSYoungGen: 101764K->892K(99520K)] 597684K->497374K(786496K), 0.0118930 secs] [Times: user=0.07 sys=0.00, real=0.01 secs] 
2014-07-08T23:21:54.289+0000: 3595.098: [GC [PSYoungGen: 99516K->1402K(98688K)] 595998K->497915K(785664K), 0.0111900 secs] [Times: user=0.06 sys=0.00, real=0.01 secs] 
2014-07-08T23:21:55.600+0000: 3596.409: [GC [PSYoungGen: 98682K->1629K(97664K)] 595195K->498328K(784640K), 0.0149550 secs] [Times: user=0.11 sys=0.00, real=0.02 secs] 
2014-07-08T23:21:56.616+0000: 3597.425: [GC [PSYoungGen: 97543K->1419K(116672K)] 594243K->498167K(803648K), 0.0260030 secs] [Times: user=0.17 sys=0.00, real=0.03 secs] 
2014-07-08T23:21:57.811+0000: 3598.620: [GC [PSYoungGen: 116619K->878K(139136K)] 613367K->498046K(826112K), 0.0116850 secs] [Times: user=0.08 sys=0.00, real=0.02 secs] 
2014-07-08T23:22:00.309+0000: 3601.118: [GC [PSYoungGen: 139118K->1334K(147136K)] 636286K->498550K(834112K), 0.0141720 secs] [Times: user=0.09 sys=0.00, real=0.02 secs] 
2014-07-08T23:22:01.790+0000: 3602.599: [GC [PSYoungGen: 146456K->1242K(143872K)] 643672K->498570K(830848K), 0.0067330 secs] [Times: user=0.02 sys=0.00, real=0.01 secs] 
2014-07-08T23:22:03.478+0000: 3604.287: [GC [PSYoungGen: 143834K->1594K(141696K)] 641162K->499010K(828672K), 0.0173780 secs] [Times: user=0.10 sys=0.00, real=0.02 secs] 
2014-07-08T23:22:05.339+0000: 3606.147: [GC [PSYoungGen: 141690K->1134K(138816K)] 639106K->498630K(825792K), 0.0077740 secs] [Times: user=0.05 sys=0.00, real=0.01 secs] 
2014-07-08T23:22:07.011+0000: 3607.820: [GC [PSYoungGen: 138798K->1252K(136576K)] 636294K->498835K(823552K), 0.0080160 secs] [Times: user=0.04 sys=0.00, real=0.01 secs] 
2014-07-08T23:22:09.499+0000: 3610.308: [GC [PSYoungGen: 136517K->1462K(134464K)] 634101K->499062K(821440K), 0.0156830 secs] [Times: user=0.10 sys=0.00, real=0.02 secs] 
2014-07-08T23:22:11.641+0000: 3612.449: [GC [PSYoungGen: 134454K->1238K(132032K)] 632054K->498853K(819008K), 0.0138070 secs] [Times: user=0.09 sys=0.01, real=0.02 secs] 
2014-07-08T23:22:13.292+0000: 3614.101: [GC [PSYoungGen: 131989K->1120K(129728K)] 629605K->499102K(816704K), 0.0164920 secs] [Times: user=0.12 sys=0.00, real=0.02 secs] 
2014-07-08T23:22:15.300+0000: 3616.109: [GC [PSYoungGen: 129691K->1344K(127872K)] 627673K->499390K(814848K), 0.0162420 secs] [Times: user=0.11 sys=0.01, real=0.02 secs] 
2014-07-08T23:22:17.728+0000: 3618.537: [GC [PSYoungGen: 127808K->1188K(125632K)] 625854K->499484K(812608K), 0.0093120 secs] [Times: user=0.05 sys=0.00, real=0.01 secs] 
2014-07-08T23:22:19.212+0000: 3620.021: [GC [PSYoungGen: 125604K->1610K(124096K)] 623900K->499986K(811072K), 0.0130940 secs] [Times: user=0.08 sys=0.01, real=0.02 secs] 
2014-07-08T23:22:21.180+0000: 3621.989: [GC [PSYoungGen: 124042K->758K(121280K)] 622418K->499560K(808256K), 0.0076060 secs] [Times: user=0.05 sys=0.00, real=0.01 secs] 
2014-07-08T23:22:23.289+0000: 3624.098: [GC [PSYoungGen: 121270K->1828K(120512K)] 620072K->500726K(807488K), 0.0131310 secs] [Times: user=0.08 sys=0.00, real=0.01 secs] 
2014-07-08T23:22:24.475+0000: 3625.284: [GC [PSYoungGen: 120484K->1124K(117952K)] 619382K->500518K(804928K), 0.0120610 secs] [Times: user=0.09 sys=0.00, real=0.02 secs] 
2014-07-08T23:22:26.063+0000: 3626.872: [GC [PSYoungGen: 117924K->580K(115648K)] 617318K->500070K(802624K), 0.0079140 secs] [Times: user=0.04 sys=0.00, real=0.01 secs] 
2014-07-08T23:22:28.070+0000: 3628.879: [GC [PSYoungGen: 115588K->320K(113600K)] 615078K->499908K(800576K), 0.0067680 secs] [Times: user=0.02 sys=0.00, real=0.00 secs] 
Heap
 PSYoungGen      total 113600K, used 36270K [0x0000000755560000, 0x000000075f120000, 0x0000000800000000)
  eden space 113280K, 31% used [0x0000000755560000,0x000000075787bbb8,0x000000075c400000)
  from space 320K, 100% used [0x000000075f0d0000,0x000000075f120000,0x000000075f120000)
  to   space 2240K, 0% used [0x000000075ecc0000,0x000000075ecc0000,0x000000075eef0000)
 ParOldGen       total 686976K, used 499588K [0x0000000600000000, 0x0000000629ee0000, 0x0000000755560000)
  object space 686976K, 72% used [0x0000000600000000,0x000000061e7e1220,0x0000000629ee0000)
 PSPermGen       total 21248K, used 11801K [0x00000005f5a00000, 0x00000005f6ec0000, 0x0000000600000000)
  object space 21248K, 55% used [0x00000005f5a00000,0x00000005f65865f8,0x00000005f6ec0000)
