2014-07-08T22:22:23.675+0000: 24.484: [GC [PSYoungGen: 257728K->42864K(300608K)] 257728K->57717K(987584K), 0.0741880 secs] [Times: user=0.26 sys=0.04, real=0.08 secs] 
2014-07-08T22:22:23.965+0000: 24.774: [GC [PSYoungGen: 300592K->42854K(300608K)] 315445K->64109K(987584K), 0.0576210 secs] [Times: user=0.19 sys=0.03, real=0.06 secs] 
2014-07-08T22:22:25.214+0000: 26.023: [GC [PSYoungGen: 300582K->42864K(300608K)] 321837K->64351K(987584K), 0.0537580 secs] [Times: user=0.21 sys=0.01, real=0.05 secs] 
2014-07-08T22:22:26.427+0000: 27.236: [GC [PSYoungGen: 300592K->42864K(558336K)] 322079K->65695K(1245312K), 0.0402620 secs] [Times: user=0.13 sys=0.02, real=0.04 secs] 
2014-07-08T22:22:28.617+0000: 29.425: [GC [PSYoungGen: 558320K->42870K(558336K)] 581151K->65989K(1245312K), 0.0494440 secs] [Times: user=0.16 sys=0.03, real=0.05 secs] 
2014-07-08T22:22:30.333+0000: 31.142: [GC [PSYoungGen: 558326K->43342K(1088576K)] 581445K->66461K(1775552K), 0.0720460 secs] [Times: user=0.26 sys=0.02, real=0.07 secs] 
2014-07-08T22:22:33.707+0000: 34.515: [GC [PSYoungGen: 1074254K->2276K(1089472K)] 1097373K->65853K(1776448K), 0.0869960 secs] [Times: user=0.32 sys=0.02, real=0.09 secs] 
2014-07-08T22:22:39.094+0000: 39.903: [GC [PSYoungGen: 1033188K->2450K(2124288K)] 1096765K->66451K(2811264K), 0.0240060 secs] [Times: user=0.08 sys=0.01, real=0.02 secs] 
2014-07-08T22:22:51.581+0000: 52.389: [GC [PSYoungGen: 2059888K->3378K(2128640K)] 2123889K->67771K(2815616K), 0.0364500 secs] [Times: user=0.13 sys=0.01, real=0.04 secs] 
2014-07-08T22:23:05.384+0000: 66.193: [GC [PSYoungGen: 2060850K->3990K(2721344K)] 2125243K->69255K(3408320K), 0.0542820 secs] [Times: user=0.21 sys=0.01, real=0.06 secs] 
2014-07-08T22:23:28.832+0000: 89.641: [GC [PSYoungGen: 2652054K->3396K(2722112K)] 2717319K->71269K(3409088K), 0.0436270 secs] [Times: user=0.16 sys=0.01, real=0.04 secs] 
2014-07-08T22:23:46.572+0000: 107.381: [GC [PSYoungGen: 2651460K->2944K(2720832K)] 2719333K->72897K(3407808K), 0.0312580 secs] [Times: user=0.12 sys=0.00, real=0.03 secs] 
2014-07-08T22:24:03.007+0000: 123.816: [GC [PSYoungGen: 2651008K->2688K(2721472K)] 2720961K->74457K(3408448K), 0.0385110 secs] [Times: user=0.14 sys=0.00, real=0.04 secs] 
2014-07-08T22:24:20.510+0000: 141.319: [GC [PSYoungGen: 2650752K->2898K(2530368K)] 2722521K->76251K(3217344K), 0.0530410 secs] [Times: user=0.19 sys=0.00, real=0.05 secs] 
2014-07-08T22:24:37.095+0000: 157.903: [GC [PSYoungGen: 2530322K->2770K(2415616K)] 2603675K->77739K(3102592K), 0.0272140 secs] [Times: user=0.09 sys=0.00, real=0.03 secs] 
2014-07-08T22:24:50.621+0000: 171.430: [GC [PSYoungGen: 2415570K->2628K(2306496K)] 2490539K->79165K(2993472K), 0.0107650 secs] [Times: user=0.03 sys=0.00, real=0.01 secs] 
2014-07-08T22:25:05.889+0000: 186.698: [GC [PSYoungGen: 2306436K->2564K(2202880K)] 2382973K->80429K(2889856K), 0.0267520 secs] [Times: user=0.09 sys=0.01, real=0.03 secs] 
2014-07-08T22:25:19.111+0000: 199.919: [GC [PSYoungGen: 2202820K->2696K(2104576K)] 2280685K->81921K(2791552K), 0.0229420 secs] [Times: user=0.07 sys=0.01, real=0.02 secs] 
2014-07-08T22:25:33.067+0000: 213.876: [GC [PSYoungGen: 2104520K->2464K(2069504K)] 2183745K->83001K(2756480K), 0.0318300 secs] [Times: user=0.13 sys=0.00, real=0.04 secs] 
2014-07-08T22:25:45.929+0000: 226.738: [GC [PSYoungGen: 2010720K->2450K(1921792K)] 2091257K->84243K(2608768K), 0.0607550 secs] [Times: user=0.21 sys=0.02, real=0.06 secs] 
2014-07-08T22:25:57.557+0000: 238.366: [GC [PSYoungGen: 1921746K->2336K(1890624K)] 2003539K->85337K(2577600K), 0.0088800 secs] [Times: user=0.02 sys=0.00, real=0.01 secs] 
2014-07-08T22:26:10.344+0000: 251.153: [GC [PSYoungGen: 1837088K->2546K(1756928K)] 1920089K->86731K(2443904K), 0.0452230 secs] [Times: user=0.15 sys=0.01, real=0.04 secs] 
2014-07-08T22:26:22.305+0000: 263.113: [GC [PSYoungGen: 1756914K->2372K(1728256K)] 1841099K->87789K(2415232K), 0.0237950 secs] [Times: user=0.09 sys=0.00, real=0.03 secs] 
2014-07-08T22:26:36.943+0000: 277.752: [GC [PSYoungGen: 1680260K->2518K(1607744K)] 1765677K->89039K(2294720K), 0.0423100 secs] [Times: user=0.14 sys=0.01, real=0.04 secs] 
2014-07-08T22:26:49.542+0000: 290.351: [GC [PSYoungGen: 1607702K->2404K(1581120K)] 1694223K->90085K(2268096K), 0.0224520 secs] [Times: user=0.08 sys=0.00, real=0.02 secs] 
2014-07-08T22:27:01.442+0000: 302.251: [GC [PSYoungGen: 1538468K->2226K(1472576K)] 1626149K->91059K(2159552K), 0.0158950 secs] [Times: user=0.03 sys=0.01, real=0.01 secs] 
2014-07-08T22:27:10.743+0000: 311.552: [GC [PSYoungGen: 1472562K->2048K(1447872K)] 1561395K->91953K(2134848K), 0.0269180 secs] [Times: user=0.08 sys=0.00, real=0.02 secs] 
2014-07-08T22:27:19.130+0000: 319.939: [GC [PSYoungGen: 1409856K->2166K(1350528K)] 1499761K->92967K(2037504K), 0.0256380 secs] [Times: user=0.07 sys=0.01, real=0.03 secs] 
2014-07-08T22:27:30.787+0000: 331.596: [GC [PSYoungGen: 1350518K->2230K(1327296K)] 1441319K->93831K(2014272K), 0.0328030 secs] [Times: user=0.13 sys=0.00, real=0.03 secs] 
2014-07-08T22:27:42.899+0000: 343.708: [GC [PSYoungGen: 1294006K->2262K(1240256K)] 1385607K->94855K(1927232K), 0.0603100 secs] [Times: user=0.21 sys=0.01, real=0.06 secs] 
2014-07-08T22:27:54.150+0000: 354.959: [GC [PSYoungGen: 1240214K->2230K(1188992K)] 1332807K->95807K(1875968K), 0.0384010 secs] [Times: user=0.13 sys=0.00, real=0.03 secs] 
2014-07-08T22:28:02.736+0000: 363.545: [GC [PSYoungGen: 1188982K->2066K(1140160K)] 1282559K->96563K(1827136K), 0.0313220 secs] [Times: user=0.10 sys=0.00, real=0.03 secs] 
2014-07-08T22:28:10.700+0000: 371.509: [GC [PSYoungGen: 1140114K->1920K(1093632K)] 1234611K->97241K(1780608K), 0.0193670 secs] [Times: user=0.07 sys=0.00, real=0.02 secs] 
2014-07-08T22:28:20.813+0000: 381.621: [GC [PSYoungGen: 1093632K->1984K(1049536K)] 1188953K->98073K(1736512K), 0.0088690 secs] [Times: user=0.02 sys=0.00, real=0.01 secs] 
2014-07-08T22:28:28.161+0000: 388.970: [GC [PSYoungGen: 1049536K->2084K(1007680K)] 1145625K->98957K(1694656K), 0.0373020 secs] [Times: user=0.14 sys=0.00, real=0.04 secs] 
2014-07-08T22:28:34.207+0000: 395.016: [GC [PSYoungGen: 1007652K->1632K(967232K)] 1104525K->99249K(1654208K), 0.0173190 secs] [Times: user=0.04 sys=0.01, real=0.01 secs] 
2014-07-08T22:28:40.486+0000: 401.295: [GC [PSYoungGen: 967200K->1974K(929472K)] 1064817K->100143K(1616448K), 0.0356480 secs] [Times: user=0.14 sys=0.00, real=0.03 secs] 
2014-07-08T22:28:47.522+0000: 408.330: [GC [PSYoungGen: 929462K->1924K(893184K)] 1027631K->100797K(1580160K), 0.0243350 secs] [Times: user=0.08 sys=0.01, real=0.02 secs] 
2014-07-08T22:28:53.657+0000: 414.465: [GC [PSYoungGen: 893124K->1860K(858560K)] 991997K->101357K(1545536K), 0.0185090 secs] [Times: user=0.07 sys=0.00, real=0.02 secs] 
2014-07-08T22:28:57.961+0000: 418.770: [GC [PSYoungGen: 858500K->1746K(825536K)] 957997K->101787K(1512512K), 0.0244590 secs] [Times: user=0.07 sys=0.01, real=0.02 secs] 
2014-07-08T22:29:04.614+0000: 425.423: [GC [PSYoungGen: 825490K->1714K(794112K)] 925531K->102259K(1481088K), 0.0199720 secs] [Times: user=0.06 sys=0.00, real=0.02 secs] 
2014-07-08T22:29:10.478+0000: 431.287: [GC [PSYoungGen: 794096K->1810K(764352K)] 894641K->102899K(1451328K), 0.0494650 secs] [Times: user=0.18 sys=0.00, real=0.05 secs] 
2014-07-08T22:29:17.415+0000: 438.223: [GC [PSYoungGen: 764306K->1892K(735936K)] 865395K->103605K(1422912K), 0.0435380 secs] [Times: user=0.16 sys=0.00, real=0.04 secs] 
2014-07-08T22:29:23.177+0000: 443.986: [GC [PSYoungGen: 735908K->1650K(708544K)] 837621K->103899K(1395520K), 0.0180570 secs] [Times: user=0.06 sys=0.01, real=0.02 secs] 
2014-07-08T22:29:28.342+0000: 449.151: [GC [PSYoungGen: 708530K->1682K(682752K)] 810779K->104443K(1369728K), 0.0244080 secs] [Times: user=0.09 sys=0.00, real=0.03 secs] 
2014-07-08T22:29:33.139+0000: 453.948: [GC [PSYoungGen: 682606K->1668K(658112K)] 785367K->104901K(1345088K), 0.0418610 secs] [Times: user=0.16 sys=0.00, real=0.04 secs] 
2014-07-08T22:29:36.121+0000: 456.930: [GC [PSYoungGen: 658052K->1604K(634496K)] 761285K->105237K(1321472K), 0.0064900 secs] [Times: user=0.02 sys=0.00, real=0.01 secs] 
2014-07-08T22:29:40.313+0000: 461.121: [GC [PSYoungGen: 634436K->1618K(612032K)] 738069K->105635K(1299008K), 0.0093020 secs] [Times: user=0.02 sys=0.00, real=0.01 secs] 
2014-07-08T22:29:44.634+0000: 465.443: [GC [PSYoungGen: 611986K->1604K(590592K)] 716003K->105989K(1277568K), 0.0391100 secs] [Times: user=0.15 sys=0.00, real=0.04 secs] 
2014-07-08T22:29:48.422+0000: 469.231: [GC [PSYoungGen: 590532K->1654K(570112K)] 694917K->106375K(1257088K), 0.0069770 secs] [Times: user=0.02 sys=0.01, real=0.01 secs] 
2014-07-08T22:29:51.170+0000: 471.979: [GC [PSYoungGen: 570102K->1490K(550464K)] 674823K->106651K(1237440K), 0.0141350 secs] [Times: user=0.03 sys=0.00, real=0.01 secs] 
2014-07-08T22:29:54.166+0000: 474.975: [GC [PSYoungGen: 550417K->1362K(531712K)] 655579K->106787K(1218688K), 0.0089680 secs] [Times: user=0.02 sys=0.00, real=0.01 secs] 
2014-07-08T22:29:57.636+0000: 478.445: [GC [PSYoungGen: 531637K->1768K(514304K)] 637063K->107457K(1201280K), 0.0372990 secs] [Times: user=0.14 sys=0.00, real=0.04 secs] 
2014-07-08T22:30:00.839+0000: 481.648: [GC [PSYoungGen: 514280K->1458K(496960K)] 619969K->107515K(1183936K), 0.0072380 secs] [Times: user=0.02 sys=0.01, real=0.00 secs] 
2014-07-08T22:30:04.119+0000: 484.928: [GC [PSYoungGen: 496945K->1412K(480704K)] 603002K->107789K(1167680K), 0.0056140 secs] [Times: user=0.02 sys=0.00, real=0.00 secs] 
2014-07-08T22:30:06.385+0000: 487.193: [GC [PSYoungGen: 480644K->1522K(465216K)] 587021K->108163K(1152192K), 0.0114410 secs] [Times: user=0.04 sys=0.01, real=0.01 secs] 
2014-07-08T22:30:09.165+0000: 489.974: [GC [PSYoungGen: 465202K->1408K(450240K)] 571843K->108393K(1137216K), 0.0132180 secs] [Times: user=0.04 sys=0.01, real=0.01 secs] 
2014-07-08T22:30:11.692+0000: 492.501: [GC [PSYoungGen: 450240K->1440K(436096K)] 557225K->108697K(1123072K), 0.0095180 secs] [Times: user=0.02 sys=0.00, real=0.01 secs] 
2014-07-08T22:30:14.422+0000: 495.231: [GC [PSYoungGen: 436064K->1508K(422528K)] 543321K->109021K(1109504K), 0.0294360 secs] [Times: user=0.11 sys=0.00, real=0.03 secs] 
2014-07-08T22:30:17.708+0000: 498.517: [GC [PSYoungGen: 422500K->1772K(409728K)] 530013K->109509K(1096704K), 0.0061670 secs] [Times: user=0.02 sys=0.00, real=0.01 secs] 
2014-07-08T22:30:19.883+0000: 500.692: [GC [PSYoungGen: 409701K->1530K(396992K)] 517438K->109587K(1083968K), 0.0055290 secs] [Times: user=0.02 sys=0.00, real=0.00 secs] 
2014-07-08T22:30:21.714+0000: 502.523: [GC [PSYoungGen: 396946K->1344K(384832K)] 505003K->109641K(1071808K), 0.0093340 secs] [Times: user=0.02 sys=0.00, real=0.01 secs] 
2014-07-08T22:30:24.045+0000: 504.854: [GC [PSYoungGen: 384832K->1412K(373504K)] 493129K->109909K(1060480K), 0.0171650 secs] [Times: user=0.05 sys=0.00, real=0.02 secs] 
2014-07-08T22:30:26.197+0000: 507.006: [GC [PSYoungGen: 373442K->1476K(362624K)] 481940K->110149K(1049600K), 0.0130830 secs] [Times: user=0.05 sys=0.00, real=0.01 secs] 
2014-07-08T22:30:28.273+0000: 509.082: [GC [PSYoungGen: 362564K->1376K(352000K)] 471237K->110321K(1038976K), 0.0325510 secs] [Times: user=0.12 sys=0.00, real=0.03 secs] 
2014-07-08T22:30:30.528+0000: 511.337: [GC [PSYoungGen: 351968K->1462K(342016K)] 460913K->110655K(1028992K), 0.0135010 secs] [Times: user=0.04 sys=0.01, real=0.01 secs] 
2014-07-08T22:30:32.851+0000: 513.660: [GC [PSYoungGen: 342005K->1544K(332480K)] 451198K->110945K(1019456K), 0.0357410 secs] [Times: user=0.14 sys=0.00, real=0.04 secs] 
2014-07-08T22:30:35.181+0000: 515.990: [GC [PSYoungGen: 332424K->1426K(323072K)] 441825K->111019K(1010048K), 0.0073530 secs] [Times: user=0.01 sys=0.00, real=0.01 secs] 
2014-07-08T22:30:36.625+0000: 517.434: [GC [PSYoungGen: 323026K->1526K(314240K)] 432619K->111343K(1001216K), 0.0061320 secs] [Times: user=0.02 sys=0.00, real=0.00 secs] 
2014-07-08T22:30:38.544+0000: 519.353: [GC [PSYoungGen: 314209K->1316K(305536K)] 424026K->111365K(992512K), 0.0055820 secs] [Times: user=0.02 sys=0.01, real=0.00 secs] 
2014-07-08T22:30:40.002+0000: 520.811: [GC [PSYoungGen: 305508K->1248K(297280K)] 415557K->111489K(984256K), 0.0047710 secs] [Times: user=0.01 sys=0.00, real=0.01 secs] 
2014-07-08T22:30:41.633+0000: 522.442: [GC [PSYoungGen: 297248K->1462K(289600K)] 407489K->111855K(976576K), 0.0099060 secs] [Times: user=0.04 sys=0.00, real=0.01 secs] 
2014-07-08T22:30:43.100+0000: 523.909: [GC [PSYoungGen: 289590K->1448K(282048K)] 399983K->111993K(969024K), 0.0067200 secs] [Times: user=0.02 sys=0.00, real=0.01 secs] 
2014-07-08T22:30:45.149+0000: 525.958: [GC [PSYoungGen: 282024K->1380K(274688K)] 392569K->112053K(961664K), 0.0108410 secs] [Times: user=0.04 sys=0.00, real=0.01 secs] 
2014-07-08T22:30:47.480+0000: 528.288: [GC [PSYoungGen: 274657K->1394K(267712K)] 385330K->112243K(954688K), 0.0067710 secs] [Times: user=0.02 sys=0.00, real=0.01 secs] 
2014-07-08T22:30:49.221+0000: 530.030: [GC [PSYoungGen: 267698K->1298K(260928K)] 378547K->112411K(947904K), 0.0096340 secs] [Times: user=0.03 sys=0.00, real=0.01 secs] 
2014-07-08T22:30:50.367+0000: 531.176: [GC [PSYoungGen: 260841K->1362K(254528K)] 371954K->112659K(941504K), 0.0094260 secs] [Times: user=0.04 sys=0.00, real=0.01 secs] 
2014-07-08T22:30:51.747+0000: 532.556: [GC [PSYoungGen: 254477K->1216K(248128K)] 365774K->112689K(935104K), 0.0185180 secs] [Times: user=0.06 sys=0.01, real=0.02 secs] 
2014-07-08T22:30:53.055+0000: 533.863: [GC [PSYoungGen: 248128K->1366K(242304K)] 359601K->112983K(929280K), 0.0070130 secs] [Times: user=0.02 sys=0.00, real=0.01 secs] 
2014-07-08T22:30:54.191+0000: 534.999: [GC [PSYoungGen: 242258K->1334K(236480K)] 353875K->113071K(923456K), 0.0077490 secs] [Times: user=0.02 sys=0.00, real=0.01 secs] 
2014-07-08T22:30:55.316+0000: 536.125: [GC [PSYoungGen: 236470K->1266K(230848K)] 348207K->113091K(917824K), 0.0059410 secs] [Times: user=0.01 sys=0.00, real=0.01 secs] 
2014-07-08T22:30:56.246+0000: 537.054: [GC [PSYoungGen: 230834K->1266K(276800K)] 342659K->113259K(963776K), 0.0236080 secs] [Times: user=0.09 sys=0.00, real=0.03 secs] 
2014-07-08T22:30:57.857+0000: 538.666: [GC [PSYoungGen: 276783K->1316K(269760K)] 388776K->113477K(956736K), 0.0048480 secs] [Times: user=0.02 sys=0.00, real=0.01 secs] 
2014-07-08T22:30:59.616+0000: 540.424: [GC [PSYoungGen: 269732K->1362K(323520K)] 381893K->113699K(1010496K), 0.0281190 secs] [Times: user=0.11 sys=0.00, real=0.03 secs] 
2014-07-08T22:31:01.496+0000: 542.305: [GC [PSYoungGen: 323474K->1312K(314560K)] 435811K->113825K(1001536K), 0.0088260 secs] [Times: user=0.03 sys=0.00, real=0.01 secs] 
2014-07-08T22:31:03.439+0000: 544.248: [GC [PSYoungGen: 314528K->1138K(305792K)] 427041K->113915K(992768K), 0.0111240 secs] [Times: user=0.03 sys=0.00, real=0.01 secs] 
2014-07-08T22:31:06.420+0000: 547.229: [GC [PSYoungGen: 305775K->1558K(298048K)] 418552K->114487K(985024K), 0.0133780 secs] [Times: user=0.04 sys=0.01, real=0.01 secs] 
2014-07-08T22:31:08.614+0000: 549.423: [GC [PSYoungGen: 297989K->1024K(289600K)] 410918K->114569K(976576K), 0.0282450 secs] [Times: user=0.11 sys=0.00, real=0.03 secs] 
2014-07-08T22:31:10.499+0000: 551.308: [GC [PSYoungGen: 289600K->1558K(282560K)] 403145K->115375K(969536K), 0.0104320 secs] [Times: user=0.04 sys=0.01, real=0.02 secs] 
2014-07-08T22:31:13.568+0000: 554.377: [GC [PSYoungGen: 282518K->1266K(274944K)] 396335K->115411K(961920K), 0.0095660 secs] [Times: user=0.03 sys=0.00, real=0.01 secs] 
2014-07-08T22:31:15.591+0000: 556.400: [GC [PSYoungGen: 274930K->1412K(329920K)] 389075K->115773K(1016896K), 0.0516420 secs] [Times: user=0.19 sys=0.00, real=0.05 secs] 
2014-07-08T22:31:17.638+0000: 558.447: [GC [PSYoungGen: 329858K->1138K(320448K)] 444220K->116019K(1007424K), 0.0080820 secs] [Times: user=0.03 sys=0.00, real=0.01 secs] 
2014-07-08T22:31:19.949+0000: 560.758: [GC [PSYoungGen: 320433K->1476K(384704K)] 435314K->116613K(1071680K), 0.0373060 secs] [Times: user=0.13 sys=0.00, real=0.04 secs] 
2014-07-08T22:31:23.698+0000: 564.507: [GC [PSYoungGen: 384644K->1188K(372992K)] 499781K->116829K(1059968K), 0.0146930 secs] [Times: user=0.06 sys=0.00, real=0.02 secs] 
2014-07-08T22:31:27.040+0000: 567.849: [GC [PSYoungGen: 372964K->1714K(362560K)] 488605K->117675K(1049536K), 0.0326710 secs] [Times: user=0.13 sys=0.00, real=0.04 secs] 
2014-07-08T22:31:29.984+0000: 570.793: [GC [PSYoungGen: 362539K->936K(351296K)] 478501K->117857K(1038272K), 0.0321050 secs] [Times: user=0.11 sys=0.00, real=0.03 secs] 
2014-07-08T22:31:31.969+0000: 572.778: [GC [PSYoungGen: 351269K->1718K(422144K)] 468191K->118919K(1109120K), 0.0367190 secs] [Times: user=0.15 sys=0.00, real=0.04 secs] 
2014-07-08T22:31:34.203+0000: 575.012: [GC [PSYoungGen: 422134K->1398K(505920K)] 539335K->118991K(1192896K), 0.0388910 secs] [Times: user=0.13 sys=0.00, real=0.03 secs] 
2014-07-08T22:31:38.515+0000: 579.324: [GC [PSYoungGen: 505910K->1586K(607040K)] 623503K->119379K(1294016K), 0.0126960 secs] [Times: user=0.04 sys=0.00, real=0.01 secs] 
2014-07-08T22:31:43.426+0000: 584.234: [GC [PSYoungGen: 607026K->1138K(585408K)] 724819K->119715K(1272384K), 0.0106840 secs] [Times: user=0.04 sys=0.00, real=0.01 secs] 
2014-07-08T22:31:47.293+0000: 588.102: [GC [PSYoungGen: 585360K->2024K(566080K)] 703938K->121049K(1253056K), 0.0254400 secs] [Times: user=0.10 sys=0.00, real=0.03 secs] 
2014-07-08T22:31:50.882+0000: 591.690: [GC [PSYoungGen: 566056K->1074K(545792K)] 685081K->121011K(1232768K), 0.0132640 secs] [Times: user=0.05 sys=0.00, real=0.02 secs] 
2014-07-08T22:31:54.982+0000: 595.791: [GC [PSYoungGen: 545778K->1782K(528064K)] 665715K->122087K(1215040K), 0.0370810 secs] [Times: user=0.14 sys=0.01, real=0.04 secs] 
2014-07-08T22:31:57.867+0000: 598.676: [GC [PSYoungGen: 528054K->1632K(510336K)] 648359K->122385K(1197312K), 0.0307110 secs] [Times: user=0.10 sys=0.00, real=0.03 secs] 
2014-07-08T22:32:01.294+0000: 602.103: [GC [PSYoungGen: 510303K->1782K(493632K)] 631057K->122871K(1180608K), 0.0326050 secs] [Times: user=0.13 sys=0.00, real=0.04 secs] 
2014-07-08T22:32:06.040+0000: 606.848: [GC [PSYoungGen: 493603K->1074K(476800K)] 614692K->123019K(1163776K), 0.0259890 secs] [Times: user=0.10 sys=0.00, real=0.02 secs] 
2014-07-08T22:32:10.103+0000: 610.912: [GC [PSYoungGen: 476786K->1682K(462016K)] 598731K->124011K(1148992K), 0.0344550 secs] [Times: user=0.12 sys=0.01, real=0.03 secs] 
2014-07-08T22:32:14.337+0000: 615.146: [GC [PSYoungGen: 461970K->1722K(447296K)] 584299K->124547K(1134272K), 0.0659640 secs] [Times: user=0.25 sys=0.00, real=0.07 secs] 
2014-07-08T22:32:17.853+0000: 618.662: [GC [PSYoungGen: 447290K->1536K(433024K)] 570115K->124681K(1120000K), 0.0123090 secs] [Times: user=0.04 sys=0.00, real=0.01 secs] 
2014-07-08T22:32:20.512+0000: 621.321: [GC [PSYoungGen: 433013K->1142K(419136K)] 556159K->125071K(1106112K), 0.0359790 secs] [Times: user=0.12 sys=0.01, real=0.03 secs] 
2014-07-08T22:32:22.695+0000: 623.504: [GC [PSYoungGen: 419126K->1458K(503104K)] 543055K->125691K(1190080K), 0.0257860 secs] [Times: user=0.09 sys=0.00, real=0.03 secs] 
2014-07-08T22:32:25.537+0000: 626.346: [GC [PSYoungGen: 503090K->1594K(486720K)] 627323K->126131K(1173696K), 0.0060600 secs] [Times: user=0.02 sys=0.00, real=0.01 secs] 
2014-07-08T22:32:28.951+0000: 629.759: [GC [PSYoungGen: 486714K->1672K(471040K)] 611251K->126513K(1158016K), 0.0114780 secs] [Times: user=0.04 sys=0.01, real=0.02 secs] 
2014-07-08T22:32:32.936+0000: 633.745: [GC [PSYoungGen: 470984K->1078K(455296K)] 595825K->126759K(1142272K), 0.0302060 secs] [Times: user=0.11 sys=0.01, real=0.03 secs] 
2014-07-08T22:32:36.706+0000: 637.515: [GC [PSYoungGen: 455286K->1664K(441408K)] 580967K->127681K(1128384K), 0.0354120 secs] [Times: user=0.14 sys=0.01, real=0.03 secs] 
2014-07-08T22:32:40.567+0000: 641.376: [GC [PSYoungGen: 441408K->1504K(427456K)] 567425K->127945K(1114432K), 0.0097010 secs] [Times: user=0.04 sys=0.00, real=0.01 secs] 
2014-07-08T22:32:43.697+0000: 644.506: [GC [PSYoungGen: 427424K->1704K(414400K)] 553865K->128497K(1101376K), 0.0103630 secs] [Times: user=0.02 sys=0.00, real=0.01 secs] 
2014-07-08T22:32:46.934+0000: 647.742: [GC [PSYoungGen: 414374K->1024K(401024K)] 541167K->128505K(1088000K), 0.0246820 secs] [Times: user=0.09 sys=0.01, real=0.03 secs] 
2014-07-08T22:32:49.981+0000: 650.790: [GC [PSYoungGen: 401024K->1732K(389632K)] 528505K->129565K(1076608K), 0.0330590 secs] [Times: user=0.12 sys=0.01, real=0.04 secs] 
2014-07-08T22:32:54.090+0000: 654.899: [GC [PSYoungGen: 389572K->1334K(377536K)] 517405K->129695K(1064512K), 0.0273270 secs] [Times: user=0.11 sys=0.00, real=0.03 secs] 
2014-07-08T22:32:57.626+0000: 658.435: [GC [PSYoungGen: 377526K->1586K(366656K)] 505887K->130211K(1053632K), 0.0192970 secs] [Times: user=0.07 sys=0.00, real=0.02 secs] 
2014-07-08T22:33:00.264+0000: 661.072: [GC [PSYoungGen: 366642K->1316K(355712K)] 495267K->130445K(1042688K), 0.0121380 secs] [Times: user=0.04 sys=0.00, real=0.01 secs] 
2014-07-08T22:33:02.125+0000: 662.934: [GC [PSYoungGen: 355684K->1412K(345600K)] 484813K->130829K(1032576K), 0.0068500 secs] [Times: user=0.01 sys=0.00, real=0.01 secs] 
2014-07-08T22:33:03.971+0000: 664.780: [GC [PSYoungGen: 345540K->1330K(335680K)] 474957K->130995K(1022656K), 0.0053150 secs] [Times: user=0.01 sys=0.00, real=0.01 secs] 
2014-07-08T22:33:06.993+0000: 667.802: [GC [PSYoungGen: 335666K->1622K(326592K)] 465331K->131439K(1013568K), 0.0058970 secs] [Times: user=0.02 sys=0.01, real=0.01 secs] 
2014-07-08T22:33:08.834+0000: 669.643: [GC [PSYoungGen: 326550K->1266K(317184K)] 456367K->131451K(1004160K), 0.0200820 secs] [Times: user=0.07 sys=0.01, real=0.02 secs] 
2014-07-08T22:33:10.527+0000: 671.336: [GC [PSYoungGen: 317167K->1508K(380672K)] 447352K->131949K(1067648K), 0.0488320 secs] [Times: user=0.18 sys=0.01, real=0.04 secs] 
2014-07-08T22:33:12.806+0000: 673.615: [GC [PSYoungGen: 380644K->1312K(369216K)] 511085K->131969K(1056192K), 0.0129220 secs] [Times: user=0.03 sys=0.01, real=0.02 secs] 
2014-07-08T22:33:14.979+0000: 675.788: [GC [PSYoungGen: 369184K->1490K(443008K)] 499841K->132363K(1129984K), 0.0228040 secs] [Times: user=0.08 sys=0.00, real=0.02 secs] 
2014-07-08T22:33:19.463+0000: 680.272: [GC [PSYoungGen: 442961K->1280K(428864K)] 573834K->132505K(1115840K), 0.0097150 secs] [Times: user=0.04 sys=0.00, real=0.01 secs] 
2014-07-08T22:33:24.072+0000: 684.881: [GC [PSYoungGen: 428817K->1800K(416128K)] 560043K->133385K(1103104K), 0.0261020 secs] [Times: user=0.07 sys=0.00, real=0.02 secs] 
2014-07-08T22:33:27.546+0000: 688.355: [GC [PSYoungGen: 416072K->868K(402432K)] 547657K->133485K(1089408K), 0.0334740 secs] [Times: user=0.12 sys=0.00, real=0.03 secs] 
2014-07-08T22:33:31.152+0000: 691.960: [GC [PSYoungGen: 402383K->1800K(391168K)] 535000K->134769K(1078144K), 0.0114320 secs] [Times: user=0.04 sys=0.00, real=0.01 secs] 
2014-07-08T22:33:34.160+0000: 694.969: [GC [PSYoungGen: 391106K->1526K(379136K)] 524075K->134951K(1066112K), 0.0166250 secs] [Times: user=0.06 sys=0.00, real=0.02 secs] 
2014-07-08T22:33:37.226+0000: 698.034: [GC [PSYoungGen: 379126K->1604K(368064K)] 512551K->135317K(1055040K), 0.0436840 secs] [Times: user=0.15 sys=0.00, real=0.04 secs] 
2014-07-08T22:33:40.707+0000: 701.516: [GC [PSYoungGen: 368004K->1074K(356736K)] 501717K->135483K(1043712K), 0.0248140 secs] [Times: user=0.09 sys=0.01, real=0.02 secs] 
2014-07-08T22:33:44.257+0000: 705.066: [GC [PSYoungGen: 356722K->1622K(347008K)] 491131K->136311K(1033984K), 0.0368400 secs] [Times: user=0.14 sys=0.00, real=0.04 secs] 
2014-07-08T22:33:46.340+0000: 707.149: [GC [PSYoungGen: 346966K->1394K(336896K)] 481655K->136451K(1023872K), 0.0085430 secs] [Times: user=0.02 sys=0.00, real=0.01 secs] 
2014-07-08T22:33:48.308+0000: 709.117: [GC [PSYoungGen: 336882K->1640K(327680K)] 471939K->137017K(1014656K), 0.0246080 secs] [Times: user=0.09 sys=0.00, real=0.02 secs] 
2014-07-08T22:33:50.022+0000: 710.831: [GC [PSYoungGen: 327651K->1060K(318016K)] 463028K->137005K(1004992K), 0.0169720 secs] [Times: user=0.06 sys=0.00, real=0.02 secs] 
2014-07-08T22:33:52.911+0000: 713.720: [GC [PSYoungGen: 317936K->1490K(309760K)] 453882K->137627K(996736K), 0.0274000 secs] [Times: user=0.10 sys=0.00, real=0.03 secs] 
2014-07-08T22:33:54.631+0000: 715.440: [GC [PSYoungGen: 309714K->1394K(301248K)] 445851K->137859K(988224K), 0.0199760 secs] [Times: user=0.07 sys=0.00, real=0.02 secs] 
2014-07-08T22:33:57.047+0000: 717.855: [GC [PSYoungGen: 301234K->1508K(293376K)] 437699K->138141K(980352K), 0.0139600 secs] [Times: user=0.04 sys=0.00, real=0.01 secs] 
2014-07-08T22:33:58.817+0000: 719.625: [GC [PSYoungGen: 293348K->1060K(285184K)] 429981K->138245K(972160K), 0.0049500 secs] [Times: user=0.02 sys=0.00, real=0.00 secs] 
2014-07-08T22:34:00.462+0000: 721.270: [GC [PSYoungGen: 285156K->1476K(278208K)] 422341K->138885K(965184K), 0.0056240 secs] [Times: user=0.02 sys=0.00, real=0.01 secs] 
2014-07-08T22:34:02.896+0000: 723.704: [GC [PSYoungGen: 278148K->1266K(270848K)] 415557K->138947K(957824K), 0.0057460 secs] [Times: user=0.02 sys=0.00, real=0.00 secs] 
2014-07-08T22:34:04.537+0000: 725.346: [GC [PSYoungGen: 270834K->1266K(264000K)] 408515K->139147K(950976K), 0.0096280 secs] [Times: user=0.04 sys=0.00, real=0.01 secs] 
2014-07-08T22:34:06.146+0000: 726.954: [GC [PSYoungGen: 263986K->1334K(257472K)] 401867K->139439K(944448K), 0.0049010 secs] [Times: user=0.02 sys=0.00, real=0.01 secs] 
2014-07-08T22:34:07.475+0000: 728.284: [GC [PSYoungGen: 257442K->1266K(251072K)] 395548K->139595K(938048K), 0.0055190 secs] [Times: user=0.01 sys=0.00, real=0.01 secs] 
2014-07-08T22:34:08.859+0000: 729.668: [GC [PSYoungGen: 251058K->1266K(244928K)] 389387K->139779K(931904K), 0.0113690 secs] [Times: user=0.04 sys=0.01, real=0.01 secs] 
2014-07-08T22:34:10.073+0000: 730.882: [GC [PSYoungGen: 244911K->1316K(239104K)] 383424K->139981K(926080K), 0.0055030 secs] [Times: user=0.02 sys=0.00, real=0.01 secs] 
2014-07-08T22:34:11.294+0000: 732.103: [GC [PSYoungGen: 239076K->1380K(233472K)] 377741K->140165K(920448K), 0.0050520 secs] [Times: user=0.01 sys=0.00, real=0.01 secs] 
2014-07-08T22:34:12.427+0000: 733.236: [GC [PSYoungGen: 233443K->1366K(228032K)] 372228K->140271K(915008K), 0.0085910 secs] [Times: user=0.02 sys=0.01, real=0.00 secs] 
2014-07-08T22:34:13.543+0000: 734.352: [GC [PSYoungGen: 227990K->1060K(222464K)] 366895K->140197K(909440K), 0.0054320 secs] [Times: user=0.02 sys=0.00, real=0.01 secs] 
2014-07-08T22:34:14.739+0000: 735.548: [GC [PSYoungGen: 222435K->1462K(267136K)] 361573K->140703K(954112K), 0.0414100 secs] [Times: user=0.13 sys=0.00, real=0.04 secs] 
2014-07-08T22:34:16.192+0000: 737.001: [GC [PSYoungGen: 267126K->1316K(320192K)] 406367K->140733K(1007168K), 0.0053190 secs] [Times: user=0.02 sys=0.00, real=0.01 secs] 
2014-07-08T22:34:17.628+0000: 738.436: [GC [PSYoungGen: 320159K->1330K(311424K)] 459577K->140955K(998400K), 0.0057780 secs] [Times: user=0.02 sys=0.00, real=0.00 secs] 
2014-07-08T22:34:19.288+0000: 740.097: [GC [PSYoungGen: 311410K->1074K(302720K)] 451035K->141091K(989696K), 0.0046180 secs] [Times: user=0.02 sys=0.01, real=0.01 secs] 
2014-07-08T22:34:20.855+0000: 741.664: [GC [PSYoungGen: 302706K->1480K(295040K)] 442723K->141641K(982016K), 0.0071210 secs] [Times: user=0.02 sys=0.00, real=0.01 secs] 
2014-07-08T22:34:23.252+0000: 744.060: [GC [PSYoungGen: 294984K->996K(286720K)] 435145K->141733K(973696K), 0.0052470 secs] [Times: user=0.01 sys=0.00, real=0.00 secs] 
2014-07-08T22:34:25.755+0000: 746.564: [GC [PSYoungGen: 286613K->1690K(279936K)] 427350K->142627K(966912K), 0.0344590 secs] [Times: user=0.13 sys=0.01, real=0.04 secs] 
2014-07-08T22:34:27.612+0000: 748.421: [GC [PSYoungGen: 279898K->896K(334784K)] 420835K->142717K(1021760K), 0.0344770 secs] [Times: user=0.12 sys=0.00, real=0.03 secs] 
2014-07-08T22:34:29.795+0000: 750.604: [GC [PSYoungGen: 334784K->1540K(326080K)] 476605K->143593K(1013056K), 0.0085950 secs] [Times: user=0.02 sys=0.00, real=0.01 secs] 
2014-07-08T22:34:32.118+0000: 752.927: [GC [PSYoungGen: 326020K->1298K(390720K)] 468073K->143655K(1077696K), 0.0474110 secs] [Times: user=0.16 sys=0.00, real=0.05 secs] 
2014-07-08T22:34:34.793+0000: 755.602: [GC [PSYoungGen: 390674K->1394K(468672K)] 533031K->143943K(1155648K), 0.0237890 secs] [Times: user=0.08 sys=0.00, real=0.02 secs] 
2014-07-08T22:34:38.018+0000: 758.827: [GC [PSYoungGen: 468658K->1138K(453376K)] 611207K->144239K(1140352K), 0.0159720 secs] [Times: user=0.06 sys=0.00, real=0.02 secs] 
2014-07-08T22:34:40.572+0000: 761.381: [GC [PSYoungGen: 453362K->1604K(544384K)] 596463K->145057K(1231360K), 0.0336030 secs] [Times: user=0.13 sys=0.00, real=0.03 secs] 
2014-07-08T22:34:43.686+0000: 764.495: [GC [PSYoungGen: 544324K->1060K(525440K)] 687777K->145185K(1212416K), 0.0122250 secs] [Times: user=0.03 sys=0.00, real=0.01 secs] 
2014-07-08T22:34:47.740+0000: 768.549: [GC [PSYoungGen: 525412K->1732K(508608K)] 669537K->146145K(1195584K), 0.0153850 secs] [Times: user=0.06 sys=0.00, real=0.02 secs] 
2014-07-08T22:34:50.492+0000: 771.301: [GC [PSYoungGen: 508462K->1124K(491200K)] 652876K->146353K(1178176K), 0.0399590 secs] [Times: user=0.15 sys=0.01, real=0.04 secs] 
2014-07-08T22:34:53.561+0000: 774.370: [GC [PSYoungGen: 491140K->1640K(475712K)] 636370K->147149K(1162688K), 0.0274380 secs] [Times: user=0.10 sys=0.00, real=0.03 secs] 
2014-07-08T22:34:57.480+0000: 778.289: [GC [PSYoungGen: 475688K->1444K(460224K)] 621197K->147417K(1147200K), 0.0154230 secs] [Times: user=0.06 sys=0.00, real=0.02 secs] 
2014-07-08T22:34:59.762+0000: 780.571: [GC [PSYoungGen: 460196K->1344K(445440K)] 606169K->147661K(1132416K), 0.0058240 secs] [Times: user=0.01 sys=0.00, real=0.01 secs] 
2014-07-08T22:35:01.933+0000: 782.741: [GC [PSYoungGen: 445440K->1348K(534336K)] 591757K->147977K(1221312K), 0.0524000 secs] [Times: user=0.20 sys=0.00, real=0.06 secs] 
2014-07-08T22:35:04.492+0000: 785.300: [GC [PSYoungGen: 534276K->1344K(516352K)] 680905K->148181K(1203328K), 0.0098810 secs] [Times: user=0.03 sys=0.00, real=0.01 secs] 
2014-07-08T22:35:07.463+0000: 788.271: [GC [PSYoungGen: 516276K->1508K(499392K)] 663113K->148601K(1186368K), 0.0179010 secs] [Times: user=0.07 sys=0.00, real=0.02 secs] 
2014-07-08T22:35:10.408+0000: 791.217: [GC [PSYoungGen: 499364K->1640K(483136K)] 646457K->149085K(1170112K), 0.0221950 secs] [Times: user=0.08 sys=0.01, real=0.02 secs] 
2014-07-08T22:35:12.820+0000: 793.629: [GC [PSYoungGen: 483112K->1074K(466880K)] 630557K->149039K(1153856K), 0.0154710 secs] [Times: user=0.05 sys=0.00, real=0.01 secs] 
2014-07-08T22:35:15.893+0000: 796.702: [GC [PSYoungGen: 466866K->1490K(452352K)] 614831K->149695K(1139328K), 0.0055730 secs] [Times: user=0.01 sys=0.00, real=0.01 secs] 
2014-07-08T22:35:17.746+0000: 798.555: [GC [PSYoungGen: 452306K->1380K(437888K)] 600511K->149953K(1124864K), 0.0133310 secs] [Times: user=0.04 sys=0.01, real=0.02 secs] 
2014-07-08T22:35:20.340+0000: 801.149: [GC [PSYoungGen: 437860K->1476K(424320K)] 586433K->150305K(1111296K), 0.0058450 secs] [Times: user=0.01 sys=0.00, real=0.00 secs] 
2014-07-08T22:35:22.667+0000: 803.476: [GC [PSYoungGen: 424260K->1202K(410880K)] 573089K->150335K(1097856K), 0.0060580 secs] [Times: user=0.02 sys=0.00, real=0.01 secs] 
2014-07-08T22:35:24.760+0000: 805.569: [GC [PSYoungGen: 410864K->1412K(398592K)] 559997K->150729K(1085568K), 0.0147950 secs] [Times: user=0.05 sys=0.00, real=0.01 secs] 
2014-07-08T22:35:27.138+0000: 807.947: [GC [PSYoungGen: 398532K->1316K(386432K)] 547849K->150993K(1073408K), 0.0165150 secs] [Times: user=0.07 sys=0.00, real=0.02 secs] 
2014-07-08T22:35:29.314+0000: 810.123: [GC [PSYoungGen: 386404K->1440K(375040K)] 536081K->151413K(1062016K), 0.0304120 secs] [Times: user=0.11 sys=0.00, real=0.03 secs] 
2014-07-08T22:35:31.024+0000: 811.833: [GC [PSYoungGen: 375008K->1188K(449536K)] 524981K->151625K(1136512K), 0.0303740 secs] [Times: user=0.10 sys=0.01, real=0.03 secs] 
2014-07-08T22:35:33.332+0000: 814.141: [GC [PSYoungGen: 449508K->1522K(539520K)] 599945K->152167K(1226496K), 0.0261710 secs] [Times: user=0.10 sys=0.00, real=0.02 secs] 
2014-07-08T22:35:36.233+0000: 817.042: [GC [PSYoungGen: 539506K->1142K(520960K)] 690151K->152427K(1207936K), 0.0177500 secs] [Times: user=0.07 sys=0.00, real=0.02 secs] 
2014-07-08T22:35:39.945+0000: 820.753: [GC [PSYoungGen: 520950K->1650K(504128K)] 672235K->153287K(1191104K), 0.0264360 secs] [Times: user=0.10 sys=0.00, real=0.03 secs] 
2014-07-08T22:35:42.926+0000: 823.735: [GC [PSYoungGen: 504114K->1202K(487104K)] 655751K->153367K(1174080K), 0.0078080 secs] [Times: user=0.02 sys=0.00, real=0.01 secs] 
2014-07-08T22:35:45.726+0000: 826.535: [GC [PSYoungGen: 487090K->1622K(471680K)] 639255K->154019K(1158656K), 0.0052290 secs] [Times: user=0.02 sys=0.00, real=0.00 secs] 
2014-07-08T22:35:49.378+0000: 830.187: [GC [PSYoungGen: 471638K->1142K(456000K)] 624035K->154363K(1142976K), 0.0301680 secs] [Times: user=0.12 sys=0.00, real=0.03 secs] 
2014-07-08T22:35:52.386+0000: 833.195: [GC [PSYoungGen: 455990K->1654K(442048K)] 609211K->155179K(1129024K), 0.0086630 secs] [Times: user=0.03 sys=0.00, real=0.01 secs] 
2014-07-08T22:35:54.986+0000: 835.795: [GC [PSYoungGen: 442038K->1344K(427840K)] 595563K->155245K(1114816K), 0.0081410 secs] [Times: user=0.01 sys=0.00, real=0.01 secs] 
2014-07-08T22:35:57.026+0000: 837.835: [GC [PSYoungGen: 427840K->1540K(414848K)] 581741K->155681K(1101824K), 0.0074780 secs] [Times: user=0.02 sys=0.00, real=0.01 secs] 
2014-07-08T22:35:59.267+0000: 840.076: [GC [PSYoungGen: 414788K->1202K(401792K)] 568929K->155695K(1088768K), 0.0058170 secs] [Times: user=0.02 sys=0.00, real=0.01 secs] 
2014-07-08T22:36:01.196+0000: 842.005: [GC [PSYoungGen: 401778K->1280K(389696K)] 556271K->155957K(1076672K), 0.0047050 secs] [Times: user=0.02 sys=0.00, real=0.00 secs] 
2014-07-08T22:36:03.802+0000: 844.611: [GC [PSYoungGen: 389689K->1444K(378240K)] 544367K->156345K(1065216K), 0.0294060 secs] [Times: user=0.10 sys=0.01, real=0.03 secs] 
2014-07-08T22:36:06.031+0000: 846.840: [GC [PSYoungGen: 378212K->1522K(367168K)] 533113K->156655K(1054144K), 0.0382590 secs] [Times: user=0.15 sys=0.00, real=0.04 secs] 
2014-07-08T22:36:08.030+0000: 848.839: [GC [PSYoungGen: 367154K->1010K(355968K)] 522287K->156759K(1042944K), 0.0229620 secs] [Times: user=0.09 sys=0.00, real=0.02 secs] 
2014-07-08T22:36:09.838+0000: 850.647: [GC [PSYoungGen: 355954K->1526K(346240K)] 511703K->157531K(1033216K), 0.0115160 secs] [Times: user=0.01 sys=0.00, real=0.01 secs] 
2014-07-08T22:36:11.700+0000: 852.509: [GC [PSYoungGen: 346230K->1398K(336256K)] 502235K->157667K(1023232K), 0.0092920 secs] [Times: user=0.03 sys=0.00, real=0.01 secs] 
2014-07-08T22:36:14.250+0000: 855.059: [GC [PSYoungGen: 336246K->1380K(326848K)] 492515K->157849K(1013824K), 0.0107980 secs] [Times: user=0.02 sys=0.00, real=0.01 secs] 
2014-07-08T22:36:16.185+0000: 856.994: [GC [PSYoungGen: 326820K->1060K(317504K)] 483289K->158073K(1004480K), 0.0048470 secs] [Times: user=0.02 sys=0.01, real=0.00 secs] 
2014-07-08T22:36:17.626+0000: 858.435: [GC [PSYoungGen: 317476K->1604K(309376K)] 474489K->158881K(996352K), 0.0213910 secs] [Times: user=0.08 sys=0.00, real=0.03 secs] 
2014-07-08T22:36:19.392+0000: 860.201: [GC [PSYoungGen: 309316K->1142K(300544K)] 466593K->158891K(987520K), 0.0123850 secs] [Times: user=0.04 sys=0.00, real=0.01 secs] 
2014-07-08T22:36:20.875+0000: 861.684: [GC [PSYoungGen: 300534K->1362K(292800K)] 458283K->159287K(979776K), 0.0059660 secs] [Times: user=0.02 sys=0.00, real=0.01 secs] 
2014-07-08T22:36:23.800+0000: 864.609: [GC [PSYoungGen: 292754K->1344K(285056K)] 450679K->159551K(972032K), 0.0405570 secs] [Times: user=0.15 sys=0.00, real=0.04 secs] 
2014-07-08T22:36:25.688+0000: 866.497: [GC [PSYoungGen: 285056K->1344K(341824K)] 443263K->159775K(1028800K), 0.0306720 secs] [Times: user=0.11 sys=0.00, real=0.03 secs] 
2014-07-08T22:36:29.353+0000: 870.162: [GC [PSYoungGen: 341824K->1188K(332032K)] 500255K->160091K(1019008K), 0.0249930 secs] [Times: user=0.08 sys=0.01, real=0.03 secs] 
2014-07-08T22:36:30.908+0000: 871.717: [GC [PSYoungGen: 332004K->1490K(398528K)] 490907K->160697K(1085504K), 0.0335010 secs] [Times: user=0.13 sys=0.01, real=0.03 secs] 
2014-07-08T22:36:33.717+0000: 874.525: [GC [PSYoungGen: 398478K->1124K(477568K)] 557686K->160979K(1164544K), 0.0103930 secs] [Times: user=0.04 sys=0.00, real=0.01 secs] 
2014-07-08T22:36:38.649+0000: 879.458: [GC [PSYoungGen: 477540K->1864K(462912K)] 637395K->161935K(1149888K), 0.0064560 secs] [Times: user=0.02 sys=0.00, real=0.00 secs] 
2014-07-08T22:36:42.962+0000: 883.771: [GC [PSYoungGen: 462849K->804K(447040K)] 622921K->162075K(1134016K), 0.0378510 secs] [Times: user=0.14 sys=0.01, real=0.03 secs] 
2014-07-08T22:36:47.253+0000: 888.062: [GC [PSYoungGen: 447012K->1878K(434048K)] 608283K->163509K(1121024K), 0.0501830 secs] [Times: user=0.19 sys=0.00, real=0.05 secs] 
2014-07-08T22:36:51.140+0000: 891.949: [GC [PSYoungGen: 434006K->1522K(520128K)] 595637K->163713K(1207104K), 0.0520820 secs] [Times: user=0.20 sys=0.01, real=0.06 secs] 
2014-07-08T22:36:55.927+0000: 896.736: [GC [PSYoungGen: 520114K->1554K(502912K)] 682305K->164057K(1189888K), 0.0179590 secs] [Times: user=0.06 sys=0.00, real=0.02 secs] 
2014-07-08T22:37:00.452+0000: 901.261: [GC [PSYoungGen: 502818K->1280K(486080K)] 665322K->164447K(1173056K), 0.0304760 secs] [Times: user=0.11 sys=0.00, real=0.04 secs] 
2014-07-08T22:37:04.541+0000: 905.350: [GC [PSYoungGen: 485997K->1522K(470528K)] 649164K->165049K(1157504K), 0.0511180 secs] [Times: user=0.19 sys=0.00, real=0.05 secs] 
2014-07-08T22:37:09.214+0000: 910.023: [GC [PSYoungGen: 470514K->1586K(455488K)] 634041K->165521K(1142464K), 0.0274050 secs] [Times: user=0.11 sys=0.00, real=0.02 secs] 
2014-07-08T22:37:13.069+0000: 913.878: [GC [PSYoungGen: 455466K->1554K(441024K)] 619402K->165857K(1128000K), 0.0438270 secs] [Times: user=0.17 sys=0.00, real=0.04 secs] 
2014-07-08T22:37:15.729+0000: 916.538: [GC [PSYoungGen: 440978K->1344K(426944K)] 605281K->166097K(1113920K), 0.0222620 secs] [Times: user=0.07 sys=0.01, real=0.02 secs] 
2014-07-08T22:37:17.899+0000: 918.707: [GC [PSYoungGen: 426944K->1472K(512192K)] 591697K->166537K(1199168K), 0.0520020 secs] [Times: user=0.19 sys=0.00, real=0.05 secs] 
2014-07-08T22:37:21.448+0000: 922.257: [GC [PSYoungGen: 512192K->1572K(614464K)] 677257K->166925K(1301440K), 0.0357390 secs] [Times: user=0.14 sys=0.00, real=0.03 secs] 
2014-07-08T22:37:27.201+0000: 928.010: [GC [PSYoungGen: 614436K->1928K(737472K)] 779789K->167649K(1424448K), 0.0384840 secs] [Times: user=0.14 sys=0.00, real=0.04 secs] 
2014-07-08T22:37:32.805+0000: 933.614: [GC [PSYoungGen: 737390K->950K(709248K)] 903112K->167863K(1396224K), 0.0356660 secs] [Times: user=0.12 sys=0.00, real=0.04 secs] 
2014-07-08T22:37:37.183+0000: 937.992: [GC [PSYoungGen: 709238K->1810K(684224K)] 876151K->169243K(1371200K), 0.0363310 secs] [Times: user=0.13 sys=0.00, real=0.04 secs] 
2014-07-08T22:37:42.414+0000: 943.222: [GC [PSYoungGen: 684178K->1618K(659328K)] 851611K->169675K(1346304K), 0.0258960 secs] [Times: user=0.08 sys=0.00, real=0.03 secs] 
2014-07-08T22:37:47.407+0000: 948.216: [GC [PSYoungGen: 659282K->1782K(635840K)] 827339K->170295K(1322816K), 0.0148830 secs] [Times: user=0.03 sys=0.00, real=0.02 secs] 
2014-07-08T22:37:53.039+0000: 953.847: [GC [PSYoungGen: 635830K->1206K(612736K)] 804343K->170623K(1299712K), 0.0103940 secs] [Times: user=0.02 sys=0.01, real=0.01 secs] 
2014-07-08T22:37:57.583+0000: 958.391: [GC [PSYoungGen: 612726K->1696K(591744K)] 782143K->171537K(1278720K), 0.0227420 secs] [Times: user=0.09 sys=0.00, real=0.02 secs] 
2014-07-08T22:38:02.636+0000: 963.445: [GC [PSYoungGen: 591712K->1842K(571392K)] 761553K->172195K(1258368K), 0.0317300 secs] [Times: user=0.12 sys=0.01, real=0.03 secs] 
2014-07-08T22:38:05.679+0000: 966.488: [GC [PSYoungGen: 571378K->1586K(551552K)] 741731K->172379K(1238528K), 0.0195570 secs] [Times: user=0.07 sys=0.00, real=0.02 secs] 
2014-07-08T22:38:10.291+0000: 971.100: [GC [PSYoungGen: 551538K->1206K(532480K)] 722331K->172927K(1219456K), 0.0417130 secs] [Times: user=0.15 sys=0.00, real=0.04 secs] 
2014-07-08T22:38:14.481+0000: 975.290: [GC [PSYoungGen: 532470K->1568K(515008K)] 704191K->173697K(1201984K), 0.0265610 secs] [Times: user=0.08 sys=0.00, real=0.03 secs] 
2014-07-08T22:38:18.872+0000: 979.681: [GC [PSYoungGen: 514976K->1714K(498048K)] 687105K->174299K(1185024K), 0.0340230 secs] [Times: user=0.13 sys=0.00, real=0.04 secs] 
2014-07-08T22:38:23.276+0000: 984.085: [GC [PSYoungGen: 498034K->1814K(481856K)] 670619K->174847K(1168832K), 0.0335540 secs] [Times: user=0.13 sys=0.00, real=0.03 secs] 
2014-07-08T22:38:27.676+0000: 988.485: [GC [PSYoungGen: 481814K->1074K(465536K)] 654847K->174891K(1152512K), 0.0158450 secs] [Times: user=0.05 sys=0.01, real=0.01 secs] 
2014-07-08T22:38:30.530+0000: 991.339: [GC [PSYoungGen: 465520K->1668K(451264K)] 639337K->175869K(1138240K), 0.0443300 secs] [Times: user=0.16 sys=0.00, real=0.04 secs] 
2014-07-08T22:38:32.773+0000: 993.582: [GC [PSYoungGen: 451204K->1362K(436672K)] 625405K->175979K(1123648K), 0.0153790 secs] [Times: user=0.05 sys=0.00, real=0.02 secs] 
2014-07-08T22:38:36.210+0000: 997.019: [GC [PSYoungGen: 436604K->1490K(523904K)] 611222K->176347K(1210880K), 0.0560910 secs] [Times: user=0.21 sys=0.01, real=0.05 secs] 
2014-07-08T22:38:40.526+0000: 1001.335: [GC [PSYoungGen: 523858K->1472K(506368K)] 698715K->176609K(1193344K), 0.0342450 secs] [Times: user=0.13 sys=0.01, real=0.04 secs] 
2014-07-08T22:38:43.804+0000: 1004.613: [GC [PSYoungGen: 506329K->1508K(489728K)] 681467K->177029K(1176704K), 0.0273800 secs] [Times: user=0.10 sys=0.01, real=0.03 secs] 
2014-07-08T22:38:47.961+0000: 1008.770: [GC [PSYoungGen: 489669K->1512K(473792K)] 665190K->177651K(1160768K), 0.0349540 secs] [Times: user=0.14 sys=0.00, real=0.03 secs] 
2014-07-08T22:38:52.012+0000: 1012.821: [GC [PSYoungGen: 473768K->1896K(458944K)] 649907K->178435K(1145920K), 0.0190590 secs] [Times: user=0.07 sys=0.00, real=0.02 secs] 
2014-07-08T22:38:56.250+0000: 1017.059: [GC [PSYoungGen: 458920K->1216K(443648K)] 635459K->178307K(1130624K), 0.0123790 secs] [Times: user=0.05 sys=0.00, real=0.01 secs] 
2014-07-08T22:38:59.807+0000: 1020.615: [GC [PSYoungGen: 443648K->1764K(430272K)] 620739K->179199K(1117248K), 0.0311430 secs] [Times: user=0.11 sys=0.00, real=0.03 secs] 
2014-07-08T22:39:03.590+0000: 1024.399: [GC [PSYoungGen: 430244K->1408K(416512K)] 607679K->179203K(1103488K), 0.0117300 secs] [Times: user=0.04 sys=0.00, real=0.02 secs] 
2014-07-08T22:39:05.899+0000: 1026.708: [GC [PSYoungGen: 416512K->1572K(403904K)] 594307K->179703K(1090880K), 0.0286600 secs] [Times: user=0.09 sys=0.01, real=0.03 secs] 
2014-07-08T22:39:09.012+0000: 1029.821: [GC [PSYoungGen: 403876K->1522K(391616K)] 582007K->179973K(1078592K), 0.0431770 secs] [Times: user=0.15 sys=0.00, real=0.05 secs] 
2014-07-08T22:39:10.981+0000: 1031.790: [GC [PSYoungGen: 391602K->1394K(379776K)] 570053K->180125K(1066752K), 0.0062220 secs] [Times: user=0.02 sys=0.00, real=0.01 secs] 
2014-07-08T22:39:13.394+0000: 1034.203: [GC [PSYoungGen: 379762K->1362K(368576K)] 558493K->180333K(1055552K), 0.0408820 secs] [Times: user=0.14 sys=0.01, real=0.04 secs] 
2014-07-08T22:39:15.652+0000: 1036.460: [GC [PSYoungGen: 368530K->1508K(357952K)] 547501K->180679K(1044928K), 0.0081760 secs] [Times: user=0.02 sys=0.00, real=0.01 secs] 
2014-07-08T22:39:18.007+0000: 1038.816: [GC [PSYoungGen: 357924K->1576K(347712K)] 537095K->180995K(1034688K), 0.0257480 secs] [Times: user=0.08 sys=0.00, real=0.02 secs] 
2014-07-08T22:39:20.411+0000: 1041.220: [GC [PSYoungGen: 347688K->1344K(337600K)] 527107K->181019K(1024576K), 0.0253390 secs] [Times: user=0.09 sys=0.00, real=0.03 secs] 
2014-07-08T22:39:22.722+0000: 1043.531: [GC [PSYoungGen: 337592K->1394K(328192K)] 517268K->181285K(1015168K), 0.0145050 secs] [Times: user=0.05 sys=0.00, real=0.02 secs] 
2014-07-08T22:39:24.644+0000: 1045.452: [GC [PSYoungGen: 328178K->1590K(319296K)] 508069K->181697K(1006272K), 0.0207540 secs] [Times: user=0.08 sys=0.00, real=0.03 secs] 
2014-07-08T22:39:26.234+0000: 1047.043: [GC [PSYoungGen: 319277K->1274K(382528K)] 499384K->181853K(1069504K), 0.0243830 secs] [Times: user=0.10 sys=0.01, real=0.02 secs] 
2014-07-08T22:39:28.844+0000: 1049.653: [GC [PSYoungGen: 382507K->1590K(459136K)] 563087K->182417K(1146112K), 0.0376840 secs] [Times: user=0.14 sys=0.00, real=0.04 secs] 
2014-07-08T22:39:31.267+0000: 1052.076: [GC [PSYoungGen: 459126K->1344K(444288K)] 639953K->182475K(1131264K), 0.0104110 secs] [Times: user=0.02 sys=0.00, real=0.01 secs] 
2014-07-08T22:39:33.825+0000: 1054.634: [GC [PSYoungGen: 444288K->1462K(430464K)] 625419K->182833K(1117440K), 0.0256700 secs] [Times: user=0.07 sys=0.00, real=0.03 secs] 
2014-07-08T22:39:36.767+0000: 1057.576: [GC [PSYoungGen: 430454K->1316K(416960K)] 611825K->183095K(1103936K), 0.0261110 secs] [Times: user=0.09 sys=0.00, real=0.02 secs] 
2014-07-08T22:39:39.047+0000: 1059.856: [GC [PSYoungGen: 416924K->1426K(404288K)] 598704K->183525K(1091264K), 0.0111130 secs] [Times: user=0.03 sys=0.00, real=0.01 secs] 
2014-07-08T22:39:41.063+0000: 1061.872: [GC [PSYoungGen: 404235K->1316K(391936K)] 586334K->183695K(1078912K), 0.0049760 secs] [Times: user=0.02 sys=0.00, real=0.01 secs] 
2014-07-08T22:39:43.413+0000: 1064.222: [GC [PSYoungGen: 391908K->1362K(380288K)] 574287K->183957K(1067264K), 0.0225600 secs] [Times: user=0.07 sys=0.01, real=0.02 secs] 
2014-07-08T22:39:45.443+0000: 1066.252: [GC [PSYoungGen: 380242K->1252K(368896K)] 562837K->184191K(1055872K), 0.0207660 secs] [Times: user=0.08 sys=0.00, real=0.02 secs] 
2014-07-08T22:39:47.964+0000: 1068.773: [GC [PSYoungGen: 368865K->1718K(442880K)] 551804K->184929K(1129856K), 0.0435320 secs] [Times: user=0.17 sys=0.00, real=0.04 secs] 
2014-07-08T22:39:50.846+0000: 1071.654: [GC [PSYoungGen: 442849K->1014K(428288K)] 626060K->184945K(1115264K), 0.0120180 secs] [Times: user=0.04 sys=0.01, real=0.01 secs] 
2014-07-08T22:39:53.632+0000: 1074.441: [GC [PSYoungGen: 428278K->1622K(415616K)] 612209K->185769K(1102592K), 0.0056820 secs] [Times: user=0.02 sys=0.00, real=0.00 secs] 
2014-07-08T22:39:56.193+0000: 1077.001: [GC [PSYoungGen: 415574K->1448K(402688K)] 599721K->186035K(1089664K), 0.0238980 secs] [Times: user=0.10 sys=0.00, real=0.02 secs] 
2014-07-08T22:39:59.341+0000: 1080.150: [GC [PSYoungGen: 402656K->1522K(390592K)] 587244K->186405K(1077568K), 0.0053080 secs] [Times: user=0.02 sys=0.00, real=0.00 secs] 
2014-07-08T22:40:02.442+0000: 1083.251: [GC [PSYoungGen: 390578K->1138K(378560K)] 575461K->186525K(1065536K), 0.0273420 secs] [Times: user=0.10 sys=0.00, real=0.02 secs] 
2014-07-08T22:40:04.333+0000: 1085.142: [GC [PSYoungGen: 378543K->1522K(367744K)] 563930K->187157K(1054720K), 0.0229430 secs] [Times: user=0.05 sys=0.00, real=0.02 secs] 
2014-07-08T22:40:06.236+0000: 1087.045: [GC [PSYoungGen: 367663K->1316K(356864K)] 553299K->187287K(1043840K), 0.0062820 secs] [Times: user=0.02 sys=0.00, real=0.01 secs] 
2014-07-08T22:40:08.822+0000: 1089.631: [GC [PSYoungGen: 356836K->1508K(346752K)] 542807K->187751K(1033728K), 0.0070760 secs] [Times: user=0.01 sys=0.01, real=0.00 secs] 
2014-07-08T22:40:10.921+0000: 1091.730: [GC [PSYoungGen: 346724K->1124K(336512K)] 532967K->187927K(1023488K), 0.0216840 secs] [Times: user=0.08 sys=0.00, real=0.02 secs] 
2014-07-08T22:40:13.031+0000: 1093.840: [GC [PSYoungGen: 336484K->1394K(327296K)] 523287K->188389K(1014272K), 0.0050790 secs] [Times: user=0.02 sys=0.00, real=0.01 secs] 
2014-07-08T22:40:15.050+0000: 1095.859: [GC [PSYoungGen: 327282K->1362K(318208K)] 514277K->188605K(1005184K), 0.0073970 secs] [Times: user=0.02 sys=0.00, real=0.01 secs] 
2014-07-08T22:40:17.370+0000: 1098.179: [GC [PSYoungGen: 318162K->1622K(309760K)] 505405K->189073K(996736K), 0.0115680 secs] [Times: user=0.04 sys=0.00, real=0.01 secs] 
2014-07-08T22:40:19.290+0000: 1100.098: [GC [PSYoungGen: 309717K->932K(300672K)] 497169K->189047K(987648K), 0.0061640 secs] [Times: user=0.02 sys=0.00, real=0.01 secs] 
2014-07-08T22:40:21.133+0000: 1101.941: [GC [PSYoungGen: 300644K->1508K(293248K)] 488759K->189799K(980224K), 0.0110480 secs] [Times: user=0.04 sys=0.00, real=0.02 secs] 
2014-07-08T22:40:22.969+0000: 1103.778: [GC [PSYoungGen: 293217K->1362K(285440K)] 481509K->189925K(972416K), 0.0058390 secs] [Times: user=0.02 sys=0.00, real=0.01 secs] 
2014-07-08T22:40:24.469+0000: 1105.278: [GC [PSYoungGen: 285394K->1316K(277952K)] 473957K->190039K(964928K), 0.0126730 secs] [Times: user=0.04 sys=0.00, real=0.01 secs] 
2014-07-08T22:40:26.002+0000: 1106.811: [GC [PSYoungGen: 277884K->1138K(270656K)] 466608K->190189K(957632K), 0.0084870 secs] [Times: user=0.02 sys=0.00, real=0.01 secs] 
2014-07-08T22:40:27.450+0000: 1108.259: [GC [PSYoungGen: 270642K->1280K(263936K)] 459693K->190539K(950912K), 0.0064830 secs] [Times: user=0.02 sys=0.00, real=0.01 secs] 
2014-07-08T22:40:29.152+0000: 1109.961: [GC [PSYoungGen: 263934K->1320K(257408K)] 453193K->190867K(944384K), 0.0219960 secs] [Times: user=0.08 sys=0.00, real=0.02 secs] 
2014-07-08T22:40:30.988+0000: 1111.797: [GC [PSYoungGen: 257299K->1462K(251200K)] 446846K->191169K(938176K), 0.0327750 secs] [Times: user=0.12 sys=0.01, real=0.03 secs] 
2014-07-08T22:40:32.946+0000: 1113.755: [GC [PSYoungGen: 251190K->1074K(244672K)] 440897K->191117K(931648K), 0.0095350 secs] [Times: user=0.03 sys=0.00, real=0.01 secs] 
2014-07-08T22:40:35.184+0000: 1115.993: [GC [PSYoungGen: 244648K->1494K(239232K)] 434692K->191689K(926208K), 0.0244450 secs] [Times: user=0.09 sys=0.01, real=0.03 secs] 
2014-07-08T22:40:36.333+0000: 1117.142: [GC [PSYoungGen: 239190K->1128K(286400K)] 429385K->191891K(973376K), 0.0333180 secs] [Times: user=0.12 sys=0.00, real=0.04 secs] 
2014-07-08T22:40:38.466+0000: 1119.274: [GC [PSYoungGen: 286376K->1408K(343744K)] 477139K->192387K(1030720K), 0.0054010 secs] [Times: user=0.02 sys=0.00, real=0.00 secs] 
2014-07-08T22:40:40.459+0000: 1121.268: [GC [PSYoungGen: 343744K->1202K(333824K)] 534723K->192525K(1020800K), 0.0059600 secs] [Times: user=0.02 sys=0.00, real=0.00 secs] 
2014-07-08T22:40:43.642+0000: 1124.451: [GC [PSYoungGen: 333742K->1490K(324800K)] 525066K->193021K(1011776K), 0.0305990 secs] [Times: user=0.12 sys=0.01, real=0.03 secs] 
2014-07-08T22:40:46.496+0000: 1127.305: [GC [PSYoungGen: 324754K->1010K(315328K)] 516285K->193165K(1002304K), 0.0081020 secs] [Times: user=0.02 sys=0.00, real=0.01 secs] 
2014-07-08T22:40:48.914+0000: 1129.723: [GC [PSYoungGen: 315264K->1540K(307328K)] 507420K->193999K(994304K), 0.0367710 secs] [Times: user=0.13 sys=0.00, real=0.04 secs] 
2014-07-08T22:40:51.506+0000: 1132.314: [GC [PSYoungGen: 307268K->1152K(298624K)] 499727K->194175K(985600K), 0.0239910 secs] [Times: user=0.08 sys=0.00, real=0.03 secs] 
2014-07-08T22:40:54.542+0000: 1135.350: [GC [PSYoungGen: 298620K->1362K(290944K)] 491643K->194617K(977920K), 0.0230660 secs] [Times: user=0.07 sys=0.00, real=0.02 secs] 
2014-07-08T22:40:56.632+0000: 1137.441: [GC [PSYoungGen: 290898K->1206K(348672K)] 484153K->195037K(1035648K), 0.0301550 secs] [Times: user=0.10 sys=0.00, real=0.03 secs] 
2014-07-08T22:40:59.381+0000: 1140.190: [GC [PSYoungGen: 348662K->1554K(418560K)] 542493K->195665K(1105536K), 0.0407850 secs] [Times: user=0.15 sys=0.01, real=0.04 secs] 
2014-07-08T22:41:02.024+0000: 1142.833: [GC [PSYoungGen: 418514K->1060K(405184K)] 612625K->195957K(1092160K), 0.0113480 secs] [Times: user=0.04 sys=0.00, real=0.01 secs] 
2014-07-08T22:41:04.408+0000: 1145.216: [GC [PSYoungGen: 405156K->1554K(486528K)] 600053K->196723K(1173504K), 0.0394530 secs] [Times: user=0.15 sys=0.01, real=0.04 secs] 
2014-07-08T22:41:08.127+0000: 1148.935: [GC [PSYoungGen: 486482K->1344K(470464K)] 681651K->196865K(1157440K), 0.0133960 secs] [Times: user=0.05 sys=0.00, real=0.02 secs] 
2014-07-08T22:41:10.455+0000: 1151.263: [GC [PSYoungGen: 470464K->1604K(455680K)] 665985K->197501K(1142656K), 0.0120170 secs] [Times: user=0.04 sys=0.00, real=0.01 secs] 
2014-07-08T22:41:14.435+0000: 1155.244: [GC [PSYoungGen: 455620K->882K(440448K)] 651517K->197651K(1127424K), 0.0461180 secs] [Times: user=0.16 sys=0.01, real=0.05 secs] 
2014-07-08T22:41:17.649+0000: 1158.458: [GC [PSYoungGen: 440434K->1732K(427520K)] 637203K->198757K(1114496K), 0.0053760 secs] [Times: user=0.02 sys=0.00, real=0.01 secs] 
2014-07-08T22:41:21.111+0000: 1161.920: [GC [PSYoungGen: 427393K->1334K(413824K)] 624418K->198983K(1100800K), 0.0092260 secs] [Times: user=0.03 sys=0.00, real=0.01 secs] 
2014-07-08T22:41:24.729+0000: 1165.538: [GC [PSYoungGen: 413813K->1504K(401344K)] 611463K->199457K(1088320K), 0.0063380 secs] [Times: user=0.03 sys=0.00, real=0.01 secs] 
2014-07-08T22:41:28.944+0000: 1169.753: [GC [PSYoungGen: 401312K->1270K(388992K)] 599265K->199839K(1075968K), 0.0237800 secs] [Times: user=0.09 sys=0.00, real=0.02 secs] 
2014-07-08T22:41:31.125+0000: 1171.934: [GC [PSYoungGen: 388982K->1604K(377792K)] 587551K->200517K(1064768K), 0.0524660 secs] [Times: user=0.20 sys=0.01, real=0.05 secs] 
2014-07-08T22:41:33.124+0000: 1173.933: [GC [PSYoungGen: 377731K->1312K(452736K)] 576645K->200593K(1139712K), 0.0344420 secs] [Times: user=0.12 sys=0.00, real=0.03 secs] 
2014-07-08T22:41:35.816+0000: 1176.625: [GC [PSYoungGen: 452704K->1622K(543360K)] 651985K->201111K(1230336K), 0.0276620 secs] [Times: user=0.11 sys=0.00, real=0.02 secs] 
2014-07-08T22:41:39.010+0000: 1179.819: [GC [PSYoungGen: 543318K->1252K(524672K)] 742807K->201293K(1211648K), 0.0058550 secs] [Times: user=0.02 sys=0.00, real=0.01 secs] 
2014-07-08T22:41:42.844+0000: 1183.653: [GC [PSYoungGen: 524644K->1650K(507584K)] 724685K->202003K(1194560K), 0.0088570 secs] [Times: user=0.02 sys=0.00, real=0.01 secs] 
2014-07-08T22:41:46.766+0000: 1187.575: [GC [PSYoungGen: 507570K->1216K(490432K)] 707923K->202233K(1177408K), 0.0092460 secs] [Times: user=0.03 sys=0.00, real=0.00 secs] 
2014-07-08T22:41:52.023+0000: 1192.831: [GC [PSYoungGen: 490411K->1714K(474944K)] 691429K->203131K(1161920K), 0.0375780 secs] [Times: user=0.15 sys=0.00, real=0.04 secs] 
2014-07-08T22:41:54.911+0000: 1195.720: [GC [PSYoungGen: 474912K->1330K(459264K)] 676330K->203323K(1146240K), 0.0261720 secs] [Times: user=0.08 sys=0.00, real=0.03 secs] 
2014-07-08T22:41:59.506+0000: 1200.315: [GC [PSYoungGen: 459250K->1568K(444928K)] 661243K->203889K(1131904K), 0.0444200 secs] [Times: user=0.17 sys=0.00, real=0.05 secs] 
2014-07-08T22:42:03.594+0000: 1204.403: [GC [PSYoungGen: 444896K->1316K(430656K)] 647217K->204149K(1117632K), 0.0332160 secs] [Times: user=0.13 sys=0.00, real=0.03 secs] 
2014-07-08T22:42:07.501+0000: 1208.310: [GC [PSYoungGen: 430628K->1568K(417536K)] 633461K->204705K(1104512K), 0.0467030 secs] [Times: user=0.18 sys=0.00, real=0.04 secs] 
2014-07-08T22:42:10.916+0000: 1211.725: [GC [PSYoungGen: 417504K->1344K(404480K)] 620641K->205027K(1091456K), 0.0405870 secs] [Times: user=0.15 sys=0.00, real=0.04 secs] 
2014-07-08T22:42:13.991+0000: 1214.800: [GC [PSYoungGen: 404480K->1504K(392384K)] 608163K->205483K(1079360K), 0.0127480 secs] [Times: user=0.05 sys=0.00, real=0.01 secs] 
2014-07-08T22:42:17.084+0000: 1217.893: [GC [PSYoungGen: 392350K->1380K(380480K)] 596329K->205751K(1067456K), 0.0372950 secs] [Times: user=0.15 sys=0.01, real=0.04 secs] 
2014-07-08T22:42:20.178+0000: 1220.987: [GC [PSYoungGen: 380452K->1554K(369408K)] 584823K->206261K(1056384K), 0.0272750 secs] [Times: user=0.10 sys=0.00, real=0.03 secs] 
2014-07-08T22:42:23.613+0000: 1224.422: [GC [PSYoungGen: 369362K->1252K(358336K)] 574069K->206375K(1045312K), 0.0115450 secs] [Times: user=0.04 sys=0.01, real=0.01 secs] 
2014-07-08T22:42:26.234+0000: 1227.043: [GC [PSYoungGen: 358306K->1622K(348352K)] 563429K->206977K(1035328K), 0.0125100 secs] [Times: user=0.04 sys=0.00, real=0.01 secs] 
2014-07-08T22:42:29.821+0000: 1230.630: [GC [PSYoungGen: 348223K->1192K(337984K)] 553579K->207243K(1024960K), 0.0316810 secs] [Times: user=0.12 sys=0.00, real=0.04 secs] 
2014-07-08T22:42:32.498+0000: 1233.307: [GC [PSYoungGen: 337956K->1472K(328704K)] 544008K->207819K(1015680K), 0.0281360 secs] [Times: user=0.08 sys=0.00, real=0.03 secs] 
2014-07-08T22:42:34.760+0000: 1235.568: [GC [PSYoungGen: 328702K->1344K(394048K)] 535049K->208027K(1081024K), 0.0437150 secs] [Times: user=0.17 sys=0.00, real=0.05 secs] 
2014-07-08T22:42:38.124+0000: 1238.932: [GC [PSYoungGen: 394048K->1718K(382592K)] 600731K->208633K(1069568K), 0.0118940 secs] [Times: user=0.05 sys=0.01, real=0.02 secs] 
2014-07-08T22:42:41.839+0000: 1242.648: [GC [PSYoungGen: 382582K->1188K(370752K)] 589497K->208703K(1057728K), 0.0212550 secs] [Times: user=0.08 sys=0.00, real=0.02 secs] 
2014-07-08T22:42:44.730+0000: 1245.538: [GC [PSYoungGen: 370724K->1736K(360448K)] 578239K->209539K(1047424K), 0.0223680 secs] [Times: user=0.09 sys=0.00, real=0.02 secs] 
2014-07-08T22:42:47.292+0000: 1248.101: [GC [PSYoungGen: 360392K->1256K(349504K)] 568195K->209779K(1036480K), 0.0389840 secs] [Times: user=0.15 sys=0.00, real=0.04 secs] 
2014-07-08T22:42:50.475+0000: 1251.284: [GC [PSYoungGen: 349453K->1604K(419584K)] 557976K->210447K(1106560K), 0.0452320 secs] [Times: user=0.17 sys=0.00, real=0.04 secs] 
2014-07-08T22:42:53.113+0000: 1253.921: [GC [PSYoungGen: 419524K->1462K(502976K)] 628367K->210665K(1189952K), 0.0624100 secs] [Times: user=0.25 sys=0.00, real=0.06 secs] 
2014-07-08T22:42:57.178+0000: 1257.986: [GC [PSYoungGen: 502966K->1618K(603520K)] 712169K->211093K(1290496K), 0.0252460 secs] [Times: user=0.09 sys=0.00, real=0.02 secs] 
2014-07-08T22:43:02.725+0000: 1263.534: [GC [PSYoungGen: 603474K->1274K(582080K)] 812949K->211565K(1269056K), 0.0064770 secs] [Times: user=0.03 sys=0.00, real=0.01 secs] 
2014-07-08T22:43:07.577+0000: 1268.385: [GC [PSYoungGen: 582074K->1828K(562560K)] 792365K->212567K(1249536K), 0.0334810 secs] [Times: user=0.11 sys=0.01, real=0.04 secs] 
2014-07-08T22:43:11.788+0000: 1272.597: [GC [PSYoungGen: 562526K->1398K(542912K)] 773265K->212841K(1229888K), 0.0063490 secs] [Times: user=0.01 sys=0.00, real=0.01 secs] 
2014-07-08T22:43:16.370+0000: 1277.178: [GC [PSYoungGen: 542902K->1782K(524992K)] 754345K->213625K(1211968K), 0.0309040 secs] [Times: user=0.11 sys=0.00, real=0.03 secs] 
2014-07-08T22:43:19.187+0000: 1279.995: [GC [PSYoungGen: 524982K->1458K(507200K)] 736825K->213773K(1194176K), 0.0220370 secs] [Times: user=0.08 sys=0.00, real=0.02 secs] 
2014-07-08T22:43:21.782+0000: 1282.590: [GC [PSYoungGen: 507185K->1540K(490624K)] 719501K->214175K(1177600K), 0.0186540 secs] [Times: user=0.07 sys=0.01, real=0.02 secs] 
2014-07-08T22:43:26.174+0000: 1286.983: [GC [PSYoungGen: 490564K->1462K(474496K)] 703199K->214505K(1161472K), 0.0557760 secs] [Times: user=0.21 sys=0.00, real=0.05 secs] 
2014-07-08T22:43:30.056+0000: 1290.865: [GC [PSYoungGen: 474486K->1554K(459328K)] 687529K->214917K(1146304K), 0.0132480 secs] [Times: user=0.02 sys=0.00, real=0.01 secs] 
2014-07-08T22:43:33.278+0000: 1294.087: [GC [PSYoungGen: 459274K->1426K(444608K)] 672638K->215165K(1131584K), 0.0360440 secs] [Times: user=0.13 sys=0.01, real=0.04 secs] 
2014-07-08T22:43:37.727+0000: 1298.536: [GC [PSYoungGen: 444506K->1632K(430848K)] 658245K->215691K(1117824K), 0.0247900 secs] [Times: user=0.10 sys=0.00, real=0.02 secs] 
2014-07-08T22:43:41.542+0000: 1302.351: [GC [PSYoungGen: 430816K->1402K(417216K)] 644875K->216045K(1104192K), 0.0066690 secs] [Times: user=0.02 sys=0.00, real=0.01 secs] 
2014-07-08T22:43:45.317+0000: 1306.126: [GC [PSYoungGen: 417175K->1778K(404800K)] 631819K->216789K(1091776K), 0.0243460 secs] [Times: user=0.09 sys=0.01, real=0.02 secs] 
2014-07-08T22:43:48.382+0000: 1309.190: [GC [PSYoungGen: 404786K->1458K(392192K)] 619797K->216829K(1079168K), 0.0097730 secs] [Times: user=0.02 sys=0.00, real=0.01 secs] 
2014-07-08T22:43:51.979+0000: 1312.788: [GC [PSYoungGen: 392178K->1490K(380544K)] 607549K->217181K(1067520K), 0.0065120 secs] [Times: user=0.02 sys=0.00, real=0.01 secs] 
2014-07-08T22:43:55.459+0000: 1316.268: [GC [PSYoungGen: 380498K->1490K(369280K)] 596189K->217509K(1056256K), 0.0258140 secs] [Times: user=0.09 sys=0.00, real=0.02 secs] 
2014-07-08T22:43:57.794+0000: 1318.603: [GC [PSYoungGen: 369234K->1654K(358656K)] 585253K->217937K(1045632K), 0.0363880 secs] [Times: user=0.14 sys=0.01, real=0.04 secs] 
2014-07-08T22:43:59.812+0000: 1320.621: [GC [PSYoungGen: 358643K->1330K(348032K)] 574927K->217933K(1035008K), 0.0112870 secs] [Times: user=0.03 sys=0.00, real=0.01 secs] 
2014-07-08T22:44:02.160+0000: 1322.969: [GC [PSYoungGen: 348016K->1362K(338176K)] 564620K->218213K(1025152K), 0.0127180 secs] [Times: user=0.04 sys=0.00, real=0.01 secs] 
2014-07-08T22:44:05.140+0000: 1325.949: [GC [PSYoungGen: 338130K->1426K(328704K)] 554981K->218493K(1015680K), 0.0069150 secs] [Times: user=0.02 sys=0.00, real=0.01 secs] 
2014-07-08T22:44:08.449+0000: 1329.258: [GC [PSYoungGen: 328564K->1768K(319872K)] 545632K->219083K(1006848K), 0.0202300 secs] [Times: user=0.07 sys=0.00, real=0.02 secs] 
2014-07-08T22:44:11.244+0000: 1332.053: [GC [PSYoungGen: 319848K->1146K(310464K)] 537163K->219149K(997440K), 0.0241650 secs] [Times: user=0.09 sys=0.00, real=0.03 secs] 
2014-07-08T22:44:13.658+0000: 1334.467: [GC [PSYoungGen: 310458K->1572K(302528K)] 528461K->219807K(989504K), 0.0123580 secs] [Times: user=0.04 sys=0.01, real=0.01 secs] 
2014-07-08T22:44:15.285+0000: 1336.094: [GC [PSYoungGen: 302500K->1494K(294400K)] 520735K->220033K(981376K), 0.0063880 secs] [Times: user=0.02 sys=0.00, real=0.01 secs] 
2014-07-08T22:44:17.372+0000: 1338.181: [GC [PSYoungGen: 294358K->1622K(286784K)] 512897K->220401K(973760K), 0.0475140 secs] [Times: user=0.18 sys=0.00, real=0.05 secs] 
2014-07-08T22:44:18.976+0000: 1339.785: [GC [PSYoungGen: 286742K->1060K(343232K)] 505521K->220447K(1030208K), 0.0272980 secs] [Times: user=0.11 sys=0.00, real=0.03 secs] 
2014-07-08T22:44:21.895+0000: 1342.704: [GC [PSYoungGen: 343204K->1472K(412096K)] 562591K->221027K(1099072K), 0.0290630 secs] [Times: user=0.10 sys=0.00, real=0.03 secs] 
2014-07-08T22:44:24.977+0000: 1345.785: [GC [PSYoungGen: 412096K->1522K(494336K)] 631651K->221437K(1181312K), 0.0270280 secs] [Times: user=0.10 sys=0.01, real=0.03 secs] 
2014-07-08T22:44:29.927+0000: 1350.735: [GC [PSYoungGen: 494322K->1654K(478336K)] 714237K->221809K(1165312K), 0.0103770 secs] [Times: user=0.02 sys=0.00, real=0.01 secs] 
2014-07-08T22:44:33.567+0000: 1354.376: [GC [PSYoungGen: 478326K->960K(462208K)] 698481K->222231K(1149184K), 0.0118670 secs] [Times: user=0.05 sys=0.00, real=0.01 secs] 
2014-07-08T22:44:37.655+0000: 1358.463: [GC [PSYoungGen: 462208K->1714K(448192K)] 683479K->223313K(1135168K), 0.0078500 secs] [Times: user=0.02 sys=0.00, real=0.01 secs] 
2014-07-08T22:44:40.548+0000: 1361.357: [GC [PSYoungGen: 448178K->1476K(433856K)] 669777K->223547K(1120832K), 0.0076490 secs] [Times: user=0.03 sys=0.00, real=0.01 secs] 
2014-07-08T22:44:43.507+0000: 1364.316: [GC [PSYoungGen: 433796K->1362K(420224K)] 655867K->223713K(1107200K), 0.0132190 secs] [Times: user=0.05 sys=0.00, real=0.01 secs] 
2014-07-08T22:44:46.127+0000: 1366.936: [GC [PSYoungGen: 420178K->1320K(407232K)] 642529K->224175K(1094208K), 0.0318250 secs] [Times: user=0.13 sys=0.00, real=0.03 secs] 
2014-07-08T22:44:48.715+0000: 1369.524: [GC [PSYoungGen: 407208K->1508K(395072K)] 630063K->224683K(1082048K), 0.0075020 secs] [Times: user=0.02 sys=0.00, real=0.00 secs] 
2014-07-08T22:44:51.574+0000: 1372.383: [GC [PSYoungGen: 395044K->1380K(383104K)] 618219K->225065K(1070080K), 0.0113260 secs] [Times: user=0.04 sys=0.01, real=0.01 secs] 
2014-07-08T22:44:53.891+0000: 1374.700: [GC [PSYoungGen: 383076K->1412K(371776K)] 606761K->225345K(1058752K), 0.0291570 secs] [Times: user=0.10 sys=0.01, real=0.03 secs] 
2014-07-08T22:44:56.894+0000: 1377.703: [GC [PSYoungGen: 371714K->1512K(360960K)] 595648K->225765K(1047936K), 0.0218490 secs] [Times: user=0.08 sys=0.00, real=0.03 secs] 
2014-07-08T22:44:59.569+0000: 1380.378: [GC [PSYoungGen: 360936K->1490K(350528K)] 585189K->226055K(1037504K), 0.0443870 secs] [Times: user=0.15 sys=0.00, real=0.04 secs] 
2014-07-08T22:45:01.822+0000: 1382.631: [GC [PSYoungGen: 350482K->1316K(340352K)] 575047K->226249K(1027328K), 0.0124920 secs] [Times: user=0.05 sys=0.00, real=0.02 secs] 
2014-07-08T22:45:03.974+0000: 1384.783: [GC [PSYoungGen: 340324K->1348K(330816K)] 565257K->226505K(1017792K), 0.0083400 secs] [Times: user=0.02 sys=0.00, real=0.01 secs] 
2014-07-08T22:45:05.732+0000: 1386.541: [GC [PSYoungGen: 330745K->1494K(321728K)] 555903K->226843K(1008704K), 0.0122430 secs] [Times: user=0.05 sys=0.00, real=0.01 secs] 
2014-07-08T22:45:07.495+0000: 1388.304: [GC [PSYoungGen: 321679K->1462K(312832K)] 547029K->227043K(999808K), 0.0059170 secs] [Times: user=0.02 sys=0.00, real=0.01 secs] 
2014-07-08T22:45:09.341+0000: 1390.150: [GC [PSYoungGen: 312806K->1280K(304128K)] 538388K->227101K(991104K), 0.0110900 secs] [Times: user=0.03 sys=0.01, real=0.01 secs] 
2014-07-08T22:45:11.219+0000: 1392.028: [GC [PSYoungGen: 304128K->1526K(364992K)] 529949K->227523K(1051968K), 0.0502820 secs] [Times: user=0.19 sys=0.00, real=0.05 secs] 
2014-07-08T22:45:14.110+0000: 1394.919: [GC [PSYoungGen: 364982K->1330K(354176K)] 590979K->227487K(1041152K), 0.0089170 secs] [Times: user=0.02 sys=0.00, real=0.01 secs] 
2014-07-08T22:45:16.304+0000: 1397.112: [GC [PSYoungGen: 354162K->1736K(344448K)] 580319K->228173K(1031424K), 0.0254780 secs] [Times: user=0.10 sys=0.00, real=0.03 secs] 
2014-07-08T22:45:19.111+0000: 1399.920: [GC [PSYoungGen: 344392K->868K(333824K)] 570829K->228089K(1020800K), 0.0160580 secs] [Times: user=0.06 sys=0.01, real=0.01 secs] 
2014-07-08T22:45:20.929+0000: 1401.738: [GC [PSYoungGen: 333718K->1490K(325120K)] 560940K->228951K(1012096K), 0.0177000 secs] [Times: user=0.06 sys=0.00, real=0.01 secs] 
2014-07-08T22:45:22.511+0000: 1403.320: [GC [PSYoungGen: 325074K->1430K(389824K)] 552535K->229203K(1076800K), 0.0312900 secs] [Times: user=0.11 sys=0.00, real=0.03 secs] 
2014-07-08T22:45:24.881+0000: 1405.690: [GC [PSYoungGen: 389782K->1412K(378176K)] 617555K->229337K(1065152K), 0.0061070 secs] [Times: user=0.03 sys=0.00, real=0.00 secs] 
2014-07-08T22:45:27.558+0000: 1408.366: [GC [PSYoungGen: 378116K->1074K(366656K)] 606041K->229535K(1053632K), 0.0319680 secs] [Times: user=0.13 sys=0.00, real=0.04 secs] 
2014-07-08T22:45:30.163+0000: 1410.971: [GC [PSYoungGen: 366585K->1622K(440384K)] 595047K->230395K(1127360K), 0.0384160 secs] [Times: user=0.14 sys=0.00, real=0.04 secs] 
2014-07-08T22:45:33.532+0000: 1414.341: [GC [PSYoungGen: 440342K->1252K(527744K)] 669115K->230521K(1214720K), 0.0302860 secs] [Times: user=0.12 sys=0.00, real=0.03 secs] 
2014-07-08T22:45:36.623+0000: 1417.432: [GC [PSYoungGen: 527716K->1700K(633536K)] 756985K->231273K(1320512K), 0.0356940 secs] [Times: user=0.14 sys=0.00, real=0.03 secs] 
2014-07-08T22:45:40.637+0000: 1421.446: [GC [PSYoungGen: 633508K->1000K(610432K)] 863081K->231637K(1297408K), 0.0062980 secs] [Times: user=0.02 sys=0.00, real=0.01 secs] 
2014-07-08T22:45:44.768+0000: 1425.577: [GC [PSYoungGen: 610408K->1846K(589888K)] 841045K->232827K(1276864K), 0.0411380 secs] [Times: user=0.16 sys=0.00, real=0.04 secs] 
2014-07-08T22:45:49.257+0000: 1430.066: [GC [PSYoungGen: 589878K->1380K(569024K)] 820859K->233065K(1256000K), 0.0249200 secs] [Times: user=0.10 sys=0.00, real=0.02 secs] 
2014-07-08T22:45:52.697+0000: 1433.506: [GC [PSYoungGen: 568996K->1568K(549760K)] 800681K->233653K(1236736K), 0.0351600 secs] [Times: user=0.13 sys=0.00, real=0.03 secs] 
2014-07-08T22:45:56.487+0000: 1437.295: [GC [PSYoungGen: 549728K->1508K(531072K)] 781813K->234001K(1218048K), 0.0291760 secs] [Times: user=0.11 sys=0.00, real=0.03 secs] 
2014-07-08T22:46:00.372+0000: 1441.181: [GC [PSYoungGen: 531044K->1622K(513408K)] 763537K->234467K(1200384K), 0.0071730 secs] [Times: user=0.02 sys=0.00, real=0.01 secs] 
2014-07-08T22:46:04.029+0000: 1444.837: [GC [PSYoungGen: 513366K->1458K(496256K)] 746211K->234607K(1183232K), 0.0252780 secs] [Times: user=0.09 sys=0.01, real=0.02 secs] 
2014-07-08T22:46:07.020+0000: 1447.829: [GC [PSYoungGen: 496242K->1604K(480192K)] 729391K->235073K(1167168K), 0.0163590 secs] [Times: user=0.04 sys=0.00, real=0.02 secs] 
2014-07-08T22:46:09.739+0000: 1450.548: [GC [PSYoungGen: 480130K->1398K(464448K)] 713600K->235307K(1151424K), 0.0285710 secs] [Times: user=0.11 sys=0.00, real=0.03 secs] 
2014-07-08T22:46:12.720+0000: 1453.529: [GC [PSYoungGen: 464438K->1426K(449664K)] 698347K->235599K(1136640K), 0.0358990 secs] [Times: user=0.12 sys=0.00, real=0.04 secs] 
2014-07-08T22:46:14.784+0000: 1455.593: [GC [PSYoungGen: 449616K->1362K(435392K)] 683790K->235799K(1122368K), 0.0095750 secs] [Times: user=0.02 sys=0.00, real=0.01 secs] 
2014-07-08T22:46:17.737+0000: 1458.546: [GC [PSYoungGen: 435260K->1622K(422080K)] 669698K->236315K(1109056K), 0.0293380 secs] [Times: user=0.11 sys=0.00, real=0.02 secs] 
2014-07-08T22:46:20.473+0000: 1461.282: [GC [PSYoungGen: 422034K->1330K(505856K)] 656728K->236423K(1192832K), 0.0436680 secs] [Times: user=0.17 sys=0.00, real=0.04 secs] 
2014-07-08T22:46:24.073+0000: 1464.882: [GC [PSYoungGen: 505842K->1458K(606912K)] 740935K->236815K(1293888K), 0.0396070 secs] [Times: user=0.15 sys=0.00, real=0.04 secs] 
2014-07-08T22:46:29.707+0000: 1470.515: [GC [PSYoungGen: 606898K->1458K(728000K)] 842255K->237255K(1414976K), 0.0530260 secs] [Times: user=0.18 sys=0.00, real=0.06 secs] 
2014-07-08T22:46:36.657+0000: 1477.466: [GC [PSYoungGen: 727986K->1888K(701696K)] 963783K->238149K(1388672K), 0.0422300 secs] [Times: user=0.16 sys=0.00, real=0.04 secs] 
2014-07-08T22:46:41.584+0000: 1482.393: [GC [PSYoungGen: 701664K->996K(675264K)] 937925K->238537K(1362240K), 0.0601670 secs] [Times: user=0.22 sys=0.00, real=0.06 secs] 
2014-07-08T22:46:46.901+0000: 1487.710: [GC [PSYoungGen: 675236K->2088K(651968K)] 912777K->240125K(1338944K), 0.0193230 secs] [Times: user=0.07 sys=0.01, real=0.01 secs] 
2014-07-08T22:46:52.722+0000: 1493.530: [GC [PSYoungGen: 651944K->1664K(628288K)] 889981K->240349K(1315264K), 0.0321290 secs] [Times: user=0.11 sys=0.01, real=0.04 secs] 
2014-07-08T22:46:58.492+0000: 1499.300: [GC [PSYoungGen: 628288K->1760K(606272K)] 866973K->240957K(1293248K), 0.0379910 secs] [Times: user=0.15 sys=0.00, real=0.04 secs] 
2014-07-08T22:47:04.329+0000: 1505.138: [GC [PSYoungGen: 606240K->1718K(585024K)] 845437K->241403K(1272000K), 0.0509850 secs] [Times: user=0.19 sys=0.00, real=0.05 secs] 
2014-07-08T22:47:09.554+0000: 1510.363: [GC [PSYoungGen: 585014K->1746K(564864K)] 824699K->241887K(1251840K), 0.0224150 secs] [Times: user=0.09 sys=0.00, real=0.03 secs] 
2014-07-08T22:47:14.936+0000: 1515.745: [GC [PSYoungGen: 564818K->1522K(545344K)] 804959K->242135K(1232320K), 0.0277770 secs] [Times: user=0.11 sys=0.00, real=0.02 secs] 
2014-07-08T22:47:19.545+0000: 1520.354: [GC [PSYoungGen: 545330K->1700K(527104K)] 785943K->242737K(1214080K), 0.0368280 secs] [Times: user=0.13 sys=0.00, real=0.04 secs] 
2014-07-08T22:47:23.449+0000: 1524.258: [GC [PSYoungGen: 527076K->1522K(509312K)] 768113K->242999K(1196288K), 0.0346090 secs] [Times: user=0.14 sys=0.00, real=0.03 secs] 
2014-07-08T22:47:27.441+0000: 1528.250: [GC [PSYoungGen: 509298K->1618K(492608K)] 750775K->243463K(1179584K), 0.0115340 secs] [Times: user=0.04 sys=0.01, real=0.01 secs] 
2014-07-08T22:47:31.776+0000: 1532.585: [GC [PSYoungGen: 492558K->1590K(476480K)] 734404K->243843K(1163456K), 0.0336320 secs] [Times: user=0.12 sys=0.00, real=0.04 secs] 
2014-07-08T22:47:36.142+0000: 1536.950: [GC [PSYoungGen: 476470K->1618K(461184K)] 718723K->244271K(1148160K), 0.0262740 secs] [Times: user=0.10 sys=0.00, real=0.02 secs] 
2014-07-08T22:47:40.706+0000: 1541.515: [GC [PSYoungGen: 461138K->1522K(446336K)] 703791K->244559K(1133312K), 0.0213770 secs] [Times: user=0.08 sys=0.00, real=0.02 secs] 
2014-07-08T22:47:44.525+0000: 1545.333: [GC [PSYoungGen: 446320K->1590K(432320K)] 689358K->244963K(1119296K), 0.0119920 secs] [Times: user=0.02 sys=0.00, real=0.01 secs] 
2014-07-08T22:47:48.229+0000: 1549.037: [GC [PSYoungGen: 432310K->1622K(418944K)] 675683K->245291K(1105920K), 0.0312300 secs] [Times: user=0.12 sys=0.00, real=0.03 secs] 
2014-07-08T22:47:51.954+0000: 1552.763: [GC [PSYoungGen: 418902K->1490K(405952K)] 662571K->245527K(1092928K), 0.0124650 secs] [Times: user=0.04 sys=0.00, real=0.01 secs] 
2014-07-08T22:47:54.986+0000: 1555.795: [GC [PSYoungGen: 405906K->1472K(393600K)] 649943K->245869K(1080576K), 0.0487750 secs] [Times: user=0.18 sys=0.00, real=0.05 secs] 
2014-07-08T22:47:58.464+0000: 1559.273: [GC [PSYoungGen: 393600K->1572K(381952K)] 637997K->246233K(1068928K), 0.0196530 secs] [Times: user=0.07 sys=0.00, real=0.02 secs] 
2014-07-08T22:48:01.994+0000: 1562.802: [GC [PSYoungGen: 381924K->1508K(370560K)] 626585K->246505K(1057536K), 0.0226790 secs] [Times: user=0.08 sys=0.00, real=0.02 secs] 
2014-07-08T22:48:04.068+0000: 1564.877: [GC [PSYoungGen: 370532K->1512K(359744K)] 615529K->246821K(1046720K), 0.0257550 secs] [Times: user=0.10 sys=0.00, real=0.03 secs] 
2014-07-08T22:48:06.716+0000: 1567.525: [GC [PSYoungGen: 359720K->1458K(349312K)] 605029K->246991K(1036288K), 0.0084830 secs] [Times: user=0.03 sys=0.00, real=0.01 secs] 
2014-07-08T22:48:09.647+0000: 1570.455: [GC [PSYoungGen: 349298K->1686K(339584K)] 594831K->247539K(1026560K), 0.0509490 secs] [Times: user=0.19 sys=0.00, real=0.05 secs] 
2014-07-08T22:48:12.366+0000: 1573.175: [GC [PSYoungGen: 339542K->1202K(406656K)] 585395K->247583K(1093632K), 0.0372340 secs] [Times: user=0.15 sys=0.00, real=0.03 secs] 
2014-07-08T22:48:16.676+0000: 1577.484: [GC [PSYoungGen: 406640K->1814K(394944K)] 653022K->248459K(1081920K), 0.0303860 secs] [Times: user=0.12 sys=0.00, real=0.03 secs] 
2014-07-08T22:48:20.012+0000: 1580.821: [GC [PSYoungGen: 394899K->1202K(382464K)] 641545K->248569K(1069440K), 0.0284730 secs] [Times: user=0.09 sys=0.00, real=0.03 secs] 
2014-07-08T22:48:22.645+0000: 1583.454: [GC [PSYoungGen: 382450K->1554K(371520K)] 629817K->249209K(1058496K), 0.0193880 secs] [Times: user=0.07 sys=0.00, real=0.02 secs] 
2014-07-08T22:48:24.822+0000: 1585.631: [GC [PSYoungGen: 371474K->1576K(360640K)] 619129K->249592K(1047616K), 0.0057120 secs] [Times: user=0.02 sys=0.00, real=0.01 secs] 
2014-07-08T22:48:27.603+0000: 1588.412: [GC [PSYoungGen: 360616K->1458K(350080K)] 608632K->249697K(1037056K), 0.0351450 secs] [Times: user=0.13 sys=0.00, real=0.04 secs] 
2014-07-08T22:48:30.314+0000: 1591.123: [GC [PSYoungGen: 350066K->1344K(339968K)] 598305K->249983K(1026944K), 0.0203880 secs] [Times: user=0.07 sys=0.00, real=0.02 secs] 
2014-07-08T22:48:33.837+0000: 1594.646: [GC [PSYoungGen: 339966K->1426K(330496K)] 588606K->250321K(1017472K), 0.0193200 secs] [Times: user=0.05 sys=0.00, real=0.02 secs] 
2014-07-08T22:48:37.096+0000: 1597.905: [GC [PSYoungGen: 330443K->1590K(321408K)] 579339K->250757K(1008384K), 0.0448610 secs] [Times: user=0.18 sys=0.00, real=0.05 secs] 
2014-07-08T22:48:39.651+0000: 1600.460: [GC [PSYoungGen: 321398K->1604K(385472K)] 570565K->251075K(1072448K), 0.0335280 secs] [Times: user=0.13 sys=0.00, real=0.03 secs] 
2014-07-08T22:48:43.151+0000: 1603.960: [GC [PSYoungGen: 385412K->1152K(461760K)] 634883K->251063K(1148736K), 0.0347360 secs] [Times: user=0.14 sys=0.00, real=0.03 secs] 
2014-07-08T22:48:47.390+0000: 1608.199: [GC [PSYoungGen: 461760K->1568K(447488K)] 711671K->251743K(1134464K), 0.0408430 secs] [Times: user=0.15 sys=0.01, real=0.04 secs] 
2014-07-08T22:48:51.239+0000: 1612.048: [GC [PSYoungGen: 447456K->1536K(536640K)] 697631K->252127K(1223616K), 0.0665930 secs] [Times: user=0.24 sys=0.00, real=0.07 secs] 
2014-07-08T22:48:55.330+0000: 1616.139: [GC [PSYoungGen: 536640K->1536K(643712K)] 787231K->252487K(1330688K), 0.0251830 secs] [Times: user=0.10 sys=0.00, real=0.03 secs] 
2014-07-08T22:49:00.548+0000: 1621.356: [GC [PSYoungGen: 643712K->1216K(771840K)] 894663K->252895K(1458816K), 0.0521450 secs] [Times: user=0.20 sys=0.00, real=0.05 secs] 
2014-07-08T22:49:06.666+0000: 1627.475: [GC [PSYoungGen: 771840K->1696K(743488K)] 1023519K->253839K(1430464K), 0.0228600 secs] [Times: user=0.08 sys=0.00, real=0.02 secs] 
2014-07-08T22:49:11.891+0000: 1632.700: [GC [PSYoungGen: 743456K->1330K(715584K)] 995599K->254345K(1402560K), 0.0352100 secs] [Times: user=0.14 sys=0.00, real=0.04 secs] 
2014-07-08T22:49:17.277+0000: 1638.085: [GC [PSYoungGen: 715570K->1828K(689856K)] 968585K->255323K(1376832K), 0.0072460 secs] [Times: user=0.02 sys=0.00, real=0.01 secs] 
2014-07-08T22:49:22.291+0000: 1643.100: [GC [PSYoungGen: 689828K->1344K(664320K)] 943323K->255527K(1351296K), 0.0199680 secs] [Times: user=0.08 sys=0.01, real=0.02 secs] 
2014-07-08T22:49:26.665+0000: 1647.474: [GC [PSYoungGen: 664312K->1714K(640896K)] 918496K->256273K(1327872K), 0.0224220 secs] [Times: user=0.08 sys=0.00, real=0.03 secs] 
2014-07-08T22:49:30.817+0000: 1651.626: [GC [PSYoungGen: 640882K->1590K(618048K)] 895441K->256606K(1305024K), 0.0101590 secs] [Times: user=0.03 sys=0.00, real=0.01 secs] 
2014-07-08T22:49:35.283+0000: 1656.092: [GC [PSYoungGen: 618038K->1508K(596288K)] 873054K->256899K(1283264K), 0.0074970 secs] [Times: user=0.02 sys=0.00, real=0.01 secs] 
2014-07-08T22:49:38.828+0000: 1659.637: [GC [PSYoungGen: 596227K->1512K(575552K)] 851619K->257360K(1262528K), 0.0151990 secs] [Times: user=0.05 sys=0.00, real=0.01 secs] 
2014-07-08T22:49:42.731+0000: 1663.540: [GC [PSYoungGen: 575528K->1572K(555840K)] 831376K->257795K(1242816K), 0.0288210 secs] [Times: user=0.10 sys=0.01, real=0.03 secs] 
2014-07-08T22:49:46.098+0000: 1666.907: [GC [PSYoungGen: 555727K->1640K(537024K)] 811951K->258192K(1224000K), 0.0053640 secs] [Times: user=0.02 sys=0.00, real=0.01 secs] 
2014-07-08T22:49:49.780+0000: 1670.589: [GC [PSYoungGen: 537000K->1764K(519104K)] 793552K->258683K(1206080K), 0.0262300 secs] [Times: user=0.10 sys=0.00, real=0.02 secs] 
2014-07-08T22:49:53.225+0000: 1674.034: [GC [PSYoungGen: 519029K->1320K(501440K)] 775949K->258792K(1188416K), 0.0295330 secs] [Times: user=0.11 sys=0.00, real=0.03 secs] 
2014-07-08T22:49:56.399+0000: 1677.208: [GC [PSYoungGen: 501416K->1686K(485376K)] 758888K->259438K(1172352K), 0.0280320 secs] [Times: user=0.10 sys=0.00, real=0.03 secs] 
2014-07-08T22:49:59.266+0000: 1680.075: [GC [PSYoungGen: 485334K->1522K(469440K)] 743086K->259673K(1156416K), 0.0455210 secs] [Times: user=0.17 sys=0.00, real=0.05 secs] 
2014-07-08T22:50:02.705+0000: 1683.514: [GC [PSYoungGen: 469418K->1604K(454528K)] 727569K->260051K(1141504K), 0.0281300 secs] [Times: user=0.11 sys=0.00, real=0.03 secs] 
2014-07-08T22:50:05.958+0000: 1686.767: [GC [PSYoungGen: 454468K->1316K(439808K)] 712915K->260270K(1126784K), 0.0084300 secs] [Times: user=0.03 sys=0.00, real=0.01 secs] 
2014-07-08T22:50:08.826+0000: 1689.635: [GC [PSYoungGen: 439695K->1508K(426240K)] 698649K->260782K(1113216K), 0.0056500 secs] [Times: user=0.02 sys=0.00, real=0.00 secs] 
2014-07-08T22:50:11.715+0000: 1692.524: [GC [PSYoungGen: 426212K->1426K(412992K)] 685486K->261035K(1099968K), 0.0072650 secs] [Times: user=0.02 sys=0.00, real=0.01 secs] 
2014-07-08T22:50:14.571+0000: 1695.379: [GC [PSYoungGen: 412946K->1394K(400320K)] 672555K->261259K(1087296K), 0.0144000 secs] [Times: user=0.03 sys=0.00, real=0.02 secs] 
2014-07-08T22:50:16.333+0000: 1697.142: [GC [PSYoungGen: 400306K->1558K(388416K)] 660171K->261632K(1075392K), 0.0068310 secs] [Times: user=0.02 sys=0.00, real=0.00 secs] 
2014-07-08T22:50:18.900+0000: 1699.709: [GC [PSYoungGen: 388374K->1444K(376704K)] 648448K->261806K(1063680K), 0.0098660 secs] [Times: user=0.02 sys=0.00, real=0.01 secs] 
2014-07-08T22:50:20.748+0000: 1701.557: [GC [PSYoungGen: 376676K->1330K(365504K)] 637038K->261947K(1052480K), 0.0117310 secs] [Times: user=0.04 sys=0.00, real=0.01 secs] 
2014-07-08T22:50:22.973+0000: 1703.782: [GC [PSYoungGen: 365490K->1344K(354880K)] 626107K->262121K(1041856K), 0.0055740 secs] [Times: user=0.02 sys=0.00, real=0.01 secs] 
2014-07-08T22:50:25.432+0000: 1706.240: [GC [PSYoungGen: 354880K->1412K(344832K)] 615657K->262350K(1031808K), 0.0073530 secs] [Times: user=0.03 sys=0.00, real=0.01 secs] 
2014-07-08T22:50:27.002+0000: 1707.811: [GC [PSYoungGen: 344769K->1476K(335104K)] 605707K->262622K(1022080K), 0.0063080 secs] [Times: user=0.01 sys=0.00, real=0.01 secs] 
2014-07-08T22:50:28.190+0000: 1708.999: [GC [PSYoungGen: 335044K->1270K(325440K)] 596190K->262712K(1012416K), 0.0067090 secs] [Times: user=0.02 sys=0.00, real=0.01 secs] 
2014-07-08T22:50:29.561+0000: 1710.369: [GC [PSYoungGen: 325430K->1330K(316480K)] 586872K->262915K(1003456K), 0.0158810 secs] [Times: user=0.06 sys=0.00, real=0.02 secs] 
2014-07-08T22:50:30.992+0000: 1711.801: [GC [PSYoungGen: 316466K->1380K(307904K)] 578051K->263110K(994880K), 0.0061900 secs] [Times: user=0.01 sys=0.00, real=0.01 secs] 
2014-07-08T22:50:32.571+0000: 1713.380: [GC [PSYoungGen: 307876K->1444K(369280K)] 569606K->263350K(1056256K), 0.0390370 secs] [Times: user=0.15 sys=0.00, real=0.04 secs] 
2014-07-08T22:50:35.250+0000: 1716.059: [GC [PSYoungGen: 369252K->1124K(358208K)] 631158K->263406K(1045184K), 0.0071550 secs] [Times: user=0.03 sys=0.00, real=0.01 secs] 
2014-07-08T22:50:37.364+0000: 1718.173: [GC [PSYoungGen: 358180K->1540K(348288K)] 620462K->264078K(1035264K), 0.0092580 secs] [Times: user=0.02 sys=0.00, real=0.01 secs] 
2014-07-08T22:50:40.476+0000: 1721.284: [GC [PSYoungGen: 348226K->1138K(337920K)] 610764K->264219K(1024896K), 0.0133150 secs] [Times: user=0.04 sys=0.00, real=0.02 secs] 
2014-07-08T22:50:42.524+0000: 1723.333: [GC [PSYoungGen: 337906K->1412K(328704K)] 600987K->264734K(1015680K), 0.0327430 secs] [Times: user=0.12 sys=0.01, real=0.03 secs] 
2014-07-08T22:50:44.152+0000: 1724.961: [GC [PSYoungGen: 328644K->1252K(319360K)] 591966K->264830K(1006336K), 0.0056240 secs] [Times: user=0.02 sys=0.01, real=0.01 secs] 
2014-07-08T22:50:45.899+0000: 1726.708: [GC [PSYoungGen: 319271K->1526K(310848K)] 582849K->265256K(997824K), 0.0311310 secs] [Times: user=0.09 sys=0.00, real=0.03 secs] 
2014-07-08T22:50:48.010+0000: 1728.819: [GC [PSYoungGen: 310838K->946K(301888K)] 574568K->265315K(988864K), 0.0112140 secs] [Times: user=0.03 sys=0.01, real=0.01 secs] 
2014-07-08T22:50:50.287+0000: 1731.096: [GC [PSYoungGen: 301874K->1708K(294592K)] 566243K->266302K(981568K), 0.0061920 secs] [Times: user=0.02 sys=0.00, real=0.01 secs] 
2014-07-08T22:50:51.761+0000: 1732.569: [GC [PSYoungGen: 294572K->1060K(286208K)] 559166K->266158K(973184K), 0.0081330 secs] [Times: user=0.02 sys=0.00, real=0.00 secs] 
2014-07-08T22:50:53.899+0000: 1734.708: [GC [PSYoungGen: 286179K->1476K(279232K)] 551277K->266734K(966208K), 0.0122420 secs] [Times: user=0.04 sys=0.00, real=0.01 secs] 
2014-07-08T22:50:55.551+0000: 1736.360: [GC [PSYoungGen: 279172K->1142K(271680K)] 544430K->266920K(958656K), 0.0332970 secs] [Times: user=0.12 sys=0.00, real=0.03 secs] 
2014-07-08T22:50:56.843+0000: 1737.652: [GC [PSYoungGen: 271670K->1394K(265024K)] 537448K->267355K(952000K), 0.0064950 secs] [Times: user=0.02 sys=0.00, real=0.01 secs] 
2014-07-08T22:50:58.758+0000: 1739.567: [GC [PSYoungGen: 264979K->1206K(317568K)] 530941K->267608K(1004544K), 0.0498010 secs] [Times: user=0.18 sys=0.00, real=0.05 secs] 
2014-07-08T22:51:01.312+0000: 1742.120: [GC [PSYoungGen: 317557K->1490K(381184K)] 583959K->268083K(1068160K), 0.0173140 secs] [Times: user=0.05 sys=0.01, real=0.01 secs] 
2014-07-08T22:51:03.512+0000: 1744.321: [GC [PSYoungGen: 381053K->1010K(369408K)] 647647K->268171K(1056384K), 0.0111600 secs] [Times: user=0.04 sys=0.00, real=0.01 secs] 
2014-07-08T22:51:05.854+0000: 1746.663: [GC [PSYoungGen: 369390K->1554K(359168K)] 636552K->268891K(1046144K), 0.0190180 secs] [Times: user=0.07 sys=0.00, real=0.02 secs] 
2014-07-08T22:51:08.706+0000: 1749.515: [GC [PSYoungGen: 359122K->1152K(348352K)] 626459K->269009K(1035328K), 0.0149020 secs] [Times: user=0.04 sys=0.00, real=0.02 secs] 
2014-07-08T22:51:10.910+0000: 1751.719: [GC [PSYoungGen: 348352K->1462K(338752K)] 616209K->269584K(1025728K), 0.0058400 secs] [Times: user=0.02 sys=0.00, real=0.01 secs] 
2014-07-08T22:51:13.104+0000: 1753.913: [GC [PSYoungGen: 338734K->1138K(405888K)] 606856K->269684K(1092864K), 0.0522100 secs] [Times: user=0.20 sys=0.00, real=0.05 secs] 
2014-07-08T22:51:15.760+0000: 1756.569: [GC [PSYoungGen: 405868K->1754K(394176K)] 674414K->270460K(1081152K), 0.0084090 secs] [Times: user=0.03 sys=0.00, real=0.01 secs] 
2014-07-08T22:51:18.859+0000: 1759.668: [GC [PSYoungGen: 394138K->704K(471616K)] 662844K->270434K(1158592K), 0.0505030 secs] [Times: user=0.19 sys=0.00, real=0.05 secs] 
2014-07-08T22:51:21.884+0000: 1762.693: [GC [PSYoungGen: 471612K->1782K(566912K)] 741342K->271800K(1253888K), 0.0297840 secs] [Times: user=0.11 sys=0.00, real=0.03 secs] 
2014-07-08T22:51:26.145+0000: 1766.954: [GC [PSYoungGen: 566902K->1380K(547136K)] 836920K->271982K(1234112K), 0.0159500 secs] [Times: user=0.06 sys=0.00, real=0.01 secs] 
2014-07-08T22:51:30.618+0000: 1771.427: [GC [PSYoungGen: 547108K->1682K(528960K)] 817710K->272612K(1215936K), 0.0252920 secs] [Times: user=0.10 sys=0.00, real=0.02 secs] 
2014-07-08T22:51:34.037+0000: 1774.846: [GC [PSYoungGen: 528914K->1010K(510592K)] 799844K->272772K(1197568K), 0.0373920 secs] [Times: user=0.13 sys=0.00, real=0.04 secs] 
2014-07-08T22:51:38.691+0000: 1779.500: [GC [PSYoungGen: 510577K->1974K(494656K)] 782339K->274056K(1181632K), 0.0142450 secs] [Times: user=0.05 sys=0.00, real=0.01 secs] 
2014-07-08T22:51:42.797+0000: 1783.606: [GC [PSYoungGen: 494646K->1124K(477696K)] 766728K->274158K(1164672K), 0.0686010 secs] [Times: user=0.25 sys=0.01, real=0.07 secs] 
2014-07-08T22:51:46.786+0000: 1787.595: [GC [PSYoungGen: 477668K->1778K(573696K)] 750702K->275188K(1260672K), 0.0468780 secs] [Times: user=0.18 sys=0.00, real=0.05 secs] 
2014-07-08T22:51:50.062+0000: 1790.871: [GC [PSYoungGen: 573682K->1590K(553792K)] 847092K->275464K(1240768K), 0.0133740 secs] [Times: user=0.05 sys=0.00, real=0.01 secs] 
2014-07-08T22:51:54.994+0000: 1795.803: [GC [PSYoungGen: 553761K->1732K(535168K)] 827635K->275950K(1222144K), 0.0377570 secs] [Times: user=0.15 sys=0.00, real=0.04 secs] 
2014-07-08T22:51:59.942+0000: 1800.750: [GC [PSYoungGen: 535102K->1024K(516480K)] 809320K->276210K(1203456K), 0.0357450 secs] [Times: user=0.14 sys=0.00, real=0.03 secs] 
2014-07-08T22:52:05.110+0000: 1805.919: [GC [PSYoungGen: 516476K->1760K(500096K)] 791662K->277354K(1187072K), 0.0413090 secs] [Times: user=0.16 sys=0.01, real=0.05 secs] 
2014-07-08T22:52:09.889+0000: 1810.698: [GC [PSYoungGen: 500064K->1572K(483520K)] 775658K->277710K(1170496K), 0.0351550 secs] [Times: user=0.12 sys=0.00, real=0.04 secs] 
2014-07-08T22:52:13.887+0000: 1814.695: [GC [PSYoungGen: 483492K->1554K(467840K)] 759630K->278092K(1154816K), 0.0266450 secs] [Times: user=0.10 sys=0.00, real=0.03 secs] 
2014-07-08T22:52:17.657+0000: 1818.466: [GC [PSYoungGen: 467794K->1316K(452608K)] 744332K->278534K(1139584K), 0.0392530 secs] [Times: user=0.16 sys=0.00, real=0.04 secs] 
2014-07-08T22:52:21.758+0000: 1822.567: [GC [PSYoungGen: 452580K->1636K(438592K)] 729798K->279246K(1125568K), 0.0220840 secs] [Times: user=0.07 sys=0.00, real=0.02 secs] 
2014-07-08T22:52:25.870+0000: 1826.678: [GC [PSYoungGen: 438564K->1504K(424768K)] 716174K->279546K(1111744K), 0.0562070 secs] [Times: user=0.22 sys=0.00, real=0.06 secs] 
2014-07-08T22:52:29.117+0000: 1829.926: [GC [PSYoungGen: 424735K->1572K(411712K)] 702777K->279950K(1098688K), 0.0412380 secs] [Times: user=0.15 sys=0.00, real=0.04 secs] 
2014-07-08T22:52:32.980+0000: 1833.788: [GC [PSYoungGen: 411680K->1522K(399104K)] 690058K->280268K(1086080K), 0.0279360 secs] [Times: user=0.10 sys=0.01, real=0.03 secs] 
2014-07-08T22:52:35.448+0000: 1836.257: [GC [PSYoungGen: 399088K->1458K(478592K)] 677834K->280516K(1165568K), 0.0440490 secs] [Times: user=0.17 sys=0.00, real=0.04 secs] 
2014-07-08T22:52:40.211+0000: 1841.020: [GC [PSYoungGen: 478576K->1508K(574080K)] 757634K->280974K(1261056K), 0.0327920 secs] [Times: user=0.12 sys=0.00, real=0.03 secs] 
2014-07-08T22:52:45.477+0000: 1846.286: [GC [PSYoungGen: 574052K->1736K(554624K)] 853518K->281546K(1241600K), 0.0092080 secs] [Times: user=0.02 sys=0.00, real=0.01 secs] 
2014-07-08T22:52:50.399+0000: 1851.208: [GC [PSYoungGen: 554568K->1316K(535360K)] 834378K->281854K(1222336K), 0.0139130 secs] [Times: user=0.05 sys=0.00, real=0.01 secs] 
2014-07-08T22:52:54.768+0000: 1855.577: [GC [PSYoungGen: 535332K->1650K(517696K)] 815870K->282604K(1204672K), 0.0323880 secs] [Times: user=0.12 sys=0.00, real=0.03 secs] 
2014-07-08T22:52:57.827+0000: 1858.636: [GC [PSYoungGen: 517682K->1636K(500544K)] 798636K->283038K(1187520K), 0.0326340 secs] [Times: user=0.13 sys=0.00, real=0.04 secs] 
2014-07-08T22:53:02.027+0000: 1862.836: [GC [PSYoungGen: 500503K->1586K(484096K)] 781905K->283380K(1171072K), 0.0494960 secs] [Times: user=0.18 sys=0.00, real=0.05 secs] 
2014-07-08T22:53:06.507+0000: 1867.316: [GC [PSYoungGen: 484079K->1266K(468096K)] 765873K->283660K(1155072K), 0.0541030 secs] [Times: user=0.19 sys=0.00, real=0.06 secs] 
2014-07-08T22:53:09.081+0000: 1869.890: [GC [PSYoungGen: 468082K->1440K(453312K)] 750476K->284194K(1140288K), 0.0086910 secs] [Times: user=0.02 sys=0.00, real=0.01 secs] 
2014-07-08T22:53:13.136+0000: 1873.945: [GC [PSYoungGen: 453280K->1572K(439104K)] 736034K->284678K(1126080K), 0.0436680 secs] [Times: user=0.16 sys=0.01, real=0.04 secs] 
2014-07-08T22:53:16.864+0000: 1877.673: [GC [PSYoungGen: 439076K->1600K(425344K)] 722182K->285042K(1112320K), 0.0309000 secs] [Times: user=0.12 sys=0.01, real=0.03 secs] 
2014-07-08T22:53:20.945+0000: 1881.753: [GC [PSYoungGen: 425338K->1330K(411968K)] 708780K->285260K(1098944K), 0.0509960 secs] [Times: user=0.20 sys=0.01, real=0.05 secs] 
2014-07-08T22:53:24.642+0000: 1885.451: [GC [PSYoungGen: 411948K->1522K(399552K)] 695878K->285764K(1086528K), 0.0311970 secs] [Times: user=0.11 sys=0.00, real=0.03 secs] 
2014-07-08T22:53:27.754+0000: 1888.563: [GC [PSYoungGen: 399538K->1526K(387520K)] 683780K->286192K(1074496K), 0.0310680 secs] [Times: user=0.11 sys=0.00, real=0.03 secs] 
2014-07-08T22:53:31.130+0000: 1891.939: [GC [PSYoungGen: 387510K->1508K(376000K)] 672176K->286526K(1062976K), 0.0143430 secs] [Times: user=0.05 sys=0.00, real=0.02 secs] 
2014-07-08T22:53:33.629+0000: 1894.438: [GC [PSYoungGen: 375964K->1472K(450880K)] 660982K->286834K(1137856K), 0.0485160 secs] [Times: user=0.17 sys=0.00, real=0.05 secs] 
2014-07-08T22:53:37.442+0000: 1898.251: [GC [PSYoungGen: 450880K->1654K(540992K)] 736242K->287264K(1227968K), 0.0411250 secs] [Times: user=0.16 sys=0.00, real=0.04 secs] 
2014-07-08T22:53:42.345+0000: 1903.154: [GC [PSYoungGen: 540982K->1280K(648512K)] 826592K->287458K(1335488K), 0.0520000 secs] [Times: user=0.20 sys=0.00, real=0.05 secs] 
2014-07-08T22:53:46.108+0000: 1906.916: [GC [PSYoungGen: 648512K->1782K(778496K)] 934690K->288336K(1465472K), 0.0559790 secs] [Times: user=0.20 sys=0.00, real=0.05 secs] 
2014-07-08T22:53:51.477+0000: 1912.285: [GC [PSYoungGen: 778486K->1316K(748928K)] 1065040K->288678K(1435904K), 0.0072160 secs] [Times: user=0.02 sys=0.00, real=0.00 secs] 
2014-07-08T22:53:57.488+0000: 1918.296: [GC [PSYoungGen: 748900K->1810K(721664K)] 1036262K->289676K(1408640K), 0.0292270 secs] [Times: user=0.11 sys=0.00, real=0.03 secs] 
2014-07-08T22:54:04.150+0000: 1924.959: [GC [PSYoungGen: 721618K->1344K(694656K)] 1009484K->290042K(1381632K), 0.0365440 secs] [Times: user=0.14 sys=0.00, real=0.03 secs] 
2014-07-08T22:54:10.332+0000: 1931.141: [GC [PSYoungGen: 694656K->2088K(670208K)] 983354K->291298K(1357184K), 0.0376170 secs] [Times: user=0.14 sys=0.00, real=0.04 secs] 
2014-07-08T22:54:15.750+0000: 1936.559: [GC [PSYoungGen: 670138K->1330K(645376K)] 959349K->291412K(1332352K), 0.0434450 secs] [Times: user=0.17 sys=0.01, real=0.04 secs] 
2014-07-08T22:54:19.839+0000: 1940.648: [GC [PSYoungGen: 645278K->1810K(622912K)] 935360K->292356K(1309888K), 0.0342340 secs] [Times: user=0.12 sys=0.00, real=0.04 secs] 
2014-07-08T22:54:23.914+0000: 1944.723: [GC [PSYoungGen: 622866K->1540K(600768K)] 913412K->292534K(1287744K), 0.0072890 secs] [Times: user=0.02 sys=0.00, real=0.01 secs] 
2014-07-08T22:54:27.456+0000: 1948.265: [GC [PSYoungGen: 600708K->1618K(579904K)] 891702K->292940K(1266880K), 0.0148720 secs] [Times: user=0.05 sys=0.00, real=0.02 secs] 
2014-07-08T22:54:31.567+0000: 1952.376: [GC [PSYoungGen: 579858K->1590K(559872K)] 871180K->293352K(1246848K), 0.0293840 secs] [Times: user=0.11 sys=0.00, real=0.03 secs] 
2014-07-08T22:54:35.034+0000: 1955.843: [GC [PSYoungGen: 559861K->1508K(540736K)] 851623K->293598K(1227712K), 0.0067740 secs] [Times: user=0.02 sys=0.00, real=0.00 secs] 
2014-07-08T22:54:38.556+0000: 1959.365: [GC [PSYoungGen: 540610K->1554K(522560K)] 832700K->293956K(1209536K), 0.0090990 secs] [Times: user=0.03 sys=0.00, real=0.01 secs] 
2014-07-08T22:54:41.827+0000: 1962.636: [GC [PSYoungGen: 522514K->1408K(504960K)] 814916K->294186K(1191936K), 0.0292710 secs] [Times: user=0.11 sys=0.00, real=0.03 secs] 
2014-07-08T22:54:44.887+0000: 1965.696: [GC [PSYoungGen: 504942K->1376K(488320K)] 797720K->294434K(1175296K), 0.0059090 secs] [Times: user=0.02 sys=0.00, real=0.00 secs] 
2014-07-08T22:54:48.055+0000: 1968.863: [GC [PSYoungGen: 488288K->1654K(472704K)] 781346K->295000K(1159680K), 0.0224630 secs] [Times: user=0.08 sys=0.00, real=0.02 secs] 
2014-07-08T22:54:51.685+0000: 1972.494: [GC [PSYoungGen: 472694K->1536K(457408K)] 766040K->295210K(1144384K), 0.0108770 secs] [Times: user=0.03 sys=0.00, real=0.01 secs] 
2014-07-08T22:54:54.662+0000: 1975.471: [GC [PSYoungGen: 457408K->1522K(442880K)] 751082K->295556K(1129856K), 0.0345380 secs] [Times: user=0.11 sys=0.00, real=0.04 secs] 
2014-07-08T22:54:58.292+0000: 1979.101: [GC [PSYoungGen: 442866K->1462K(428928K)] 736900K->295992K(1115904K), 0.0357170 secs] [Times: user=0.14 sys=0.00, real=0.04 secs] 
2014-07-08T22:55:02.304+0000: 1983.113: [GC [PSYoungGen: 428905K->1654K(415808K)] 723435K->296504K(1102784K), 0.0085800 secs] [Times: user=0.02 sys=0.00, real=0.01 secs] 
2014-07-08T22:55:05.661+0000: 1986.470: [GC [PSYoungGen: 415797K->1508K(402944K)] 710647K->296790K(1089920K), 0.0277520 secs] [Times: user=0.11 sys=0.00, real=0.03 secs] 
2014-07-08T22:55:08.315+0000: 1989.124: [GC [PSYoungGen: 402916K->1554K(390848K)] 698198K->297108K(1077824K), 0.0217650 secs] [Times: user=0.08 sys=0.01, real=0.02 secs] 
2014-07-08T22:55:10.928+0000: 1991.737: [GC [PSYoungGen: 390802K->1412K(468608K)] 686356K->297270K(1155584K), 0.0529800 secs] [Times: user=0.20 sys=0.00, real=0.05 secs] 
2014-07-08T22:55:14.484+0000: 1995.293: [GC [PSYoungGen: 468542K->1622K(453760K)] 764400K->297712K(1140736K), 0.0230110 secs] [Times: user=0.09 sys=0.00, real=0.02 secs] 
2014-07-08T22:55:17.022+0000: 1997.831: [GC [PSYoungGen: 453697K->1394K(543936K)] 749787K->297876K(1230912K), 0.0352360 secs] [Times: user=0.13 sys=0.00, real=0.03 secs] 
2014-07-08T22:55:21.397+0000: 2002.206: [GC [PSYoungGen: 543922K->1732K(525952K)] 840404K->298550K(1212928K), 0.0288110 secs] [Times: user=0.09 sys=0.01, real=0.03 secs] 
2014-07-08T22:55:24.791+0000: 2005.600: [GC [PSYoungGen: 525892K->1206K(507840K)] 822710K->298640K(1194816K), 0.0074160 secs] [Times: user=0.02 sys=0.00, real=0.00 secs] 
2014-07-08T22:55:28.429+0000: 2009.238: [GC [PSYoungGen: 507830K->1682K(491584K)] 805264K->299404K(1178560K), 0.0462580 secs] [Times: user=0.15 sys=0.00, real=0.05 secs] 
2014-07-08T22:55:32.125+0000: 2012.934: [GC [PSYoungGen: 491535K->1426K(475328K)] 789257K->299572K(1162304K), 0.0258540 secs] [Times: user=0.10 sys=0.00, real=0.03 secs] 
2014-07-08T22:55:34.570+0000: 2015.379: [GC [PSYoungGen: 475282K->1412K(570112K)] 773428K->299854K(1257088K), 0.0597870 secs] [Times: user=0.22 sys=0.01, real=0.06 secs] 
2014-07-08T22:55:38.884+0000: 2019.693: [GC [PSYoungGen: 570052K->1316K(683712K)] 868494K->300278K(1370688K), 0.0383740 secs] [Times: user=0.14 sys=0.00, real=0.04 secs] 
2014-07-08T22:55:43.622+0000: 2024.431: [GC [PSYoungGen: 683684K->1650K(659328K)] 982646K->300972K(1346304K), 0.0162820 secs] [Times: user=0.06 sys=0.01, real=0.02 secs] 
2014-07-08T22:55:47.978+0000: 2028.787: [GC [PSYoungGen: 659307K->1394K(635456K)] 958630K->301404K(1322432K), 0.0097720 secs] [Times: user=0.03 sys=0.00, real=0.01 secs] 
2014-07-08T22:55:52.277+0000: 2033.086: [GC [PSYoungGen: 635442K->1568K(613120K)] 935452K->302026K(1300096K), 0.0359670 secs] [Times: user=0.14 sys=0.00, real=0.03 secs] 
2014-07-08T22:55:55.970+0000: 2036.779: [GC [PSYoungGen: 613088K->1526K(591552K)] 913546K->302504K(1278528K), 0.0384420 secs] [Times: user=0.14 sys=0.00, real=0.04 secs] 
2014-07-08T22:55:59.774+0000: 2040.583: [GC [PSYoungGen: 591541K->1636K(571200K)] 892519K->302942K(1258176K), 0.0286200 secs] [Times: user=0.10 sys=0.00, real=0.03 secs] 
2014-07-08T22:56:02.735+0000: 2043.543: [GC [PSYoungGen: 571172K->1462K(684928K)] 872478K->303184K(1371904K), 0.0620910 secs] [Times: user=0.25 sys=0.00, real=0.07 secs] 
2014-07-08T22:56:07.957+0000: 2048.766: [GC [PSYoungGen: 684918K->1846K(660544K)] 986640K->303832K(1347520K), 0.0071600 secs] [Times: user=0.02 sys=0.00, real=0.00 secs] 
2014-07-08T22:56:11.757+0000: 2052.566: [GC [PSYoungGen: 660534K->1188K(636288K)] 962520K->303950K(1323264K), 0.0249100 secs] [Times: user=0.09 sys=0.00, real=0.02 secs] 
2014-07-08T22:56:16.608+0000: 2057.417: [GC [PSYoungGen: 636260K->1846K(614400K)] 939022K->304984K(1301376K), 0.0429820 secs] [Times: user=0.16 sys=0.00, real=0.04 secs] 
2014-07-08T22:56:21.622+0000: 2062.431: [GC [PSYoungGen: 614390K->1572K(592640K)] 917528K->305214K(1279616K), 0.0284340 secs] [Times: user=0.10 sys=0.01, real=0.03 secs] 
2014-07-08T22:56:26.007+0000: 2066.816: [GC [PSYoungGen: 592612K->1746K(572288K)] 896254K->305788K(1259264K), 0.0273920 secs] [Times: user=0.10 sys=0.01, real=0.03 secs] 
2014-07-08T22:56:30.917+0000: 2071.726: [GC [PSYoungGen: 572242K->1266K(552128K)] 876284K->305980K(1239104K), 0.0279280 secs] [Times: user=0.09 sys=0.00, real=0.03 secs] 
2014-07-08T22:56:34.813+0000: 2075.622: [GC [PSYoungGen: 552114K->1586K(533696K)] 856828K->306692K(1220672K), 0.0066440 secs] [Times: user=0.02 sys=0.00, real=0.00 secs] 
2014-07-08T22:56:39.713+0000: 2080.521: [GC [PSYoungGen: 533682K->1778K(515968K)] 838788K->307284K(1202944K), 0.0377970 secs] [Times: user=0.15 sys=0.00, real=0.03 secs] 
2014-07-08T22:56:44.688+0000: 2085.497: [GC [PSYoungGen: 515954K->1704K(498816K)] 821460K->307634K(1185792K), 0.0238970 secs] [Times: user=0.08 sys=0.01, real=0.03 secs] 
2014-07-08T22:56:48.862+0000: 2089.671: [GC [PSYoungGen: 498746K->1018K(481792K)] 804676K->308028K(1168768K), 0.0718380 secs] [Times: user=0.28 sys=0.01, real=0.08 secs] 
2014-07-08T22:56:51.761+0000: 2092.570: [GC [PSYoungGen: 481786K->1714K(466880K)] 788796K->309132K(1153856K), 0.0302170 secs] [Times: user=0.10 sys=0.00, real=0.03 secs] 
2014-07-08T22:56:54.346+0000: 2095.155: [GC [PSYoungGen: 466866K->1394K(451648K)] 774284K->309276K(1138624K), 0.0070180 secs] [Times: user=0.02 sys=0.00, real=0.00 secs] 
2014-07-08T22:56:57.038+0000: 2097.847: [GC [PSYoungGen: 451634K->1700K(437696K)] 759516K->309822K(1124672K), 0.0391080 secs] [Times: user=0.14 sys=0.00, real=0.04 secs] 
2014-07-08T22:56:59.742+0000: 2100.551: [GC [PSYoungGen: 437668K->1526K(423808K)] 745790K->310000K(1110784K), 0.0334840 secs] [Times: user=0.12 sys=0.00, real=0.04 secs] 
2014-07-08T22:57:01.828+0000: 2102.637: [GC [PSYoungGen: 423798K->1576K(508352K)] 732272K->310330K(1195328K), 0.0267660 secs] [Times: user=0.09 sys=0.00, real=0.03 secs] 
2014-07-08T22:57:06.389+0000: 2107.198: [GC [PSYoungGen: 508328K->1408K(491392K)] 817082K->310580K(1178368K), 0.0256590 secs] [Times: user=0.09 sys=0.01, real=0.03 secs] 
2014-07-08T22:57:11.350+0000: 2112.159: [GC [PSYoungGen: 491392K->1846K(589888K)] 800564K->311426K(1276864K), 0.0637560 secs] [Times: user=0.25 sys=0.01, real=0.06 secs] 
2014-07-08T22:57:15.840+0000: 2116.648: [GC [PSYoungGen: 589878K->1280K(706944K)] 899458K->311508K(1393920K), 0.0534060 secs] [Times: user=0.19 sys=0.00, real=0.05 secs] 
2014-07-08T22:57:22.977+0000: 2123.786: [GC [PSYoungGen: 706944K->1810K(681728K)] 1017172K->312462K(1368704K), 0.0235030 secs] [Times: user=0.08 sys=0.00, real=0.03 secs] 
2014-07-08T22:57:29.375+0000: 2130.184: [GC [PSYoungGen: 681682K->1380K(656640K)] 992334K->313000K(1343616K), 0.0484590 secs] [Times: user=0.19 sys=0.00, real=0.05 secs] 
2014-07-08T22:57:33.535+0000: 2134.344: [GC [PSYoungGen: 656612K->1650K(633408K)] 968232K->313742K(1320384K), 0.0510880 secs] [Times: user=0.19 sys=0.00, real=0.05 secs] 
2014-07-08T22:57:38.905+0000: 2139.714: [GC [PSYoungGen: 633394K->1714K(611072K)] 945486K->314374K(1298048K), 0.0621170 secs] [Times: user=0.23 sys=0.01, real=0.06 secs] 
2014-07-08T22:57:45.199+0000: 2146.008: [GC [PSYoungGen: 611058K->1782K(733056K)] 923718K->314938K(1420032K), 0.0696920 secs] [Times: user=0.27 sys=0.00, real=0.07 secs] 
2014-07-08T22:57:51.292+0000: 2152.101: [GC [PSYoungGen: 733046K->1508K(705792K)] 1046202K->315432K(1392768K), 0.0296120 secs] [Times: user=0.12 sys=0.00, real=0.03 secs] 
2014-07-08T22:57:57.855+0000: 2158.664: [GC [PSYoungGen: 705764K->1878K(680448K)] 1019688K->316354K(1367424K), 0.0500010 secs] [Times: user=0.20 sys=0.00, real=0.05 secs] 
2014-07-08T22:58:03.780+0000: 2164.589: [GC [PSYoungGen: 680344K->1682K(655680K)] 994820K->316750K(1342656K), 0.0099440 secs] [Times: user=0.03 sys=0.00, real=0.01 secs] 
2014-07-08T22:58:07.780+0000: 2168.589: [GC [PSYoungGen: 655552K->1632K(632192K)] 970620K->317164K(1319168K), 0.0100530 secs] [Times: user=0.02 sys=0.00, real=0.01 secs] 
2014-07-08T22:58:13.998+0000: 2174.807: [GC [PSYoungGen: 632158K->1508K(609728K)] 947690K->317656K(1296704K), 0.0371570 secs] [Times: user=0.14 sys=0.00, real=0.03 secs] 
2014-07-08T22:58:17.926+0000: 2178.735: [GC [PSYoungGen: 609700K->1714K(588608K)] 925848K->318310K(1275584K), 0.0501840 secs] [Times: user=0.17 sys=0.01, real=0.05 secs] 
2014-07-08T22:58:21.146+0000: 2181.955: [GC [PSYoungGen: 588594K->1622K(568192K)] 905190K->318706K(1255168K), 0.0121130 secs] [Times: user=0.04 sys=0.00, real=0.02 secs] 
2014-07-08T22:58:24.996+0000: 2185.805: [GC [PSYoungGen: 568149K->1668K(548800K)] 885233K->319080K(1235776K), 0.0346150 secs] [Times: user=0.13 sys=0.00, real=0.04 secs] 
2014-07-08T22:58:29.743+0000: 2190.552: [GC [PSYoungGen: 548740K->1508K(530048K)] 866152K->319440K(1217024K), 0.0359980 secs] [Times: user=0.13 sys=0.00, real=0.04 secs] 
2014-07-08T22:58:33.519+0000: 2194.327: [GC [PSYoungGen: 530020K->1782K(512576K)] 847952K->320162K(1199552K), 0.0371650 secs] [Times: user=0.15 sys=0.00, real=0.04 secs] 
2014-07-08T22:58:38.102+0000: 2198.911: [GC [PSYoungGen: 512566K->1576K(495424K)] 830946K->320436K(1182400K), 0.0398210 secs] [Times: user=0.15 sys=0.01, real=0.04 secs] 
2014-07-08T22:58:41.673+0000: 2202.482: [GC [PSYoungGen: 495400K->1554K(479232K)] 814260K->320798K(1166208K), 0.0425240 secs] [Times: user=0.16 sys=0.00, real=0.04 secs] 
2014-07-08T22:58:45.901+0000: 2206.710: [GC [PSYoungGen: 479186K->1522K(463680K)] 798430K->321142K(1150656K), 0.0432520 secs] [Times: user=0.16 sys=0.00, real=0.04 secs] 
2014-07-08T22:58:50.618+0000: 2211.426: [GC [PSYoungGen: 463635K->1458K(448832K)] 783255K->321406K(1135808K), 0.0244140 secs] [Times: user=0.09 sys=0.00, real=0.03 secs] 
2014-07-08T22:58:53.237+0000: 2214.046: [GC [PSYoungGen: 448818K->1440K(434688K)] 768766K->321708K(1121664K), 0.0076310 secs] [Times: user=0.01 sys=0.00, real=0.01 secs] 
2014-07-08T22:58:56.097+0000: 2216.905: [GC [PSYoungGen: 434656K->1686K(421376K)] 754924K->322298K(1108352K), 0.0157770 secs] [Times: user=0.06 sys=0.00, real=0.02 secs] 
2014-07-08T22:58:59.492+0000: 2220.301: [GC [PSYoungGen: 421334K->1458K(408128K)] 741946K->322398K(1095104K), 0.0408190 secs] [Times: user=0.15 sys=0.00, real=0.04 secs] 
2014-07-08T22:59:02.342+0000: 2223.151: [GC [PSYoungGen: 408114K->1558K(395840K)] 729054K->322778K(1082816K), 0.0063220 secs] [Times: user=0.02 sys=0.00, real=0.01 secs] 
2014-07-08T22:59:04.458+0000: 2225.267: [GC [PSYoungGen: 395798K->1522K(383872K)] 717018K->323022K(1070848K), 0.0345900 secs] [Times: user=0.13 sys=0.00, real=0.03 secs] 
2014-07-08T22:59:07.315+0000: 2228.124: [GC [PSYoungGen: 383858K->1604K(372608K)] 705358K->323312K(1059584K), 0.0219630 secs] [Times: user=0.08 sys=0.01, real=0.02 secs] 
2014-07-08T22:59:09.692+0000: 2230.501: [GC [PSYoungGen: 372527K->1334K(446528K)] 694235K->323538K(1133504K), 0.0442680 secs] [Times: user=0.17 sys=0.00, real=0.05 secs] 
2014-07-08T22:59:13.020+0000: 2233.829: [GC [PSYoungGen: 446518K->1490K(535808K)] 768722K->323918K(1222784K), 0.0241470 secs] [Times: user=0.09 sys=0.00, real=0.02 secs] 
2014-07-08T22:59:16.142+0000: 2236.951: [GC [PSYoungGen: 535745K->1636K(642816K)] 858173K->324376K(1329792K), 0.0554700 secs] [Times: user=0.21 sys=0.00, real=0.06 secs] 
2014-07-08T22:59:20.265+0000: 2241.074: [GC [PSYoungGen: 642788K->1586K(771008K)] 965528K->324710K(1457984K), 0.0435800 secs] [Times: user=0.17 sys=0.00, real=0.05 secs] 
2014-07-08T22:59:25.426+0000: 2246.234: [GC [PSYoungGen: 770994K->1270K(741888K)] 1094118K->325098K(1428864K), 0.0223340 secs] [Times: user=0.09 sys=0.00, real=0.03 secs] 
2014-07-08T22:59:30.323+0000: 2251.132: [GC [PSYoungGen: 741874K->1842K(715008K)] 1065702K->326110K(1401984K), 0.0295290 secs] [Times: user=0.09 sys=0.00, real=0.03 secs] 
2014-07-08T22:59:35.765+0000: 2256.574: [GC [PSYoungGen: 714991K->1536K(688512K)] 1039259K->326372K(1375488K), 0.0082670 secs] [Times: user=0.03 sys=0.00, real=0.01 secs] 
2014-07-08T22:59:40.070+0000: 2260.879: [GC [PSYoungGen: 688512K->1586K(663616K)] 1013348K->326862K(1350592K), 0.0081450 secs] [Times: user=0.02 sys=0.00, real=0.00 secs] 
2014-07-08T22:59:44.840+0000: 2265.649: [GC [PSYoungGen: 663602K->1394K(639616K)] 988878K->327134K(1326592K), 0.0154100 secs] [Times: user=0.06 sys=0.00, real=0.01 secs] 
2014-07-08T22:59:49.096+0000: 2269.905: [GC [PSYoungGen: 639602K->1746K(617280K)] 965342K->327902K(1304256K), 0.0311300 secs] [Times: user=0.12 sys=0.00, real=0.03 secs] 
2014-07-08T22:59:52.979+0000: 2273.787: [GC [PSYoungGen: 617234K->1330K(595200K)] 943390K->328234K(1282176K), 0.0272030 secs] [Times: user=0.10 sys=0.00, real=0.03 secs] 
2014-07-08T22:59:56.333+0000: 2277.142: [GC [PSYoungGen: 595186K->1668K(574912K)] 922090K->328908K(1261888K), 0.0280030 secs] [Times: user=0.10 sys=0.01, real=0.03 secs] 
2014-07-08T22:59:59.976+0000: 2280.785: [GC [PSYoungGen: 574852K->1586K(555072K)] 902092K->329258K(1242048K), 0.0380050 secs] [Times: user=0.15 sys=0.00, real=0.04 secs] 
2014-07-08T23:00:04.037+0000: 2284.845: [GC [PSYoungGen: 555058K->1636K(536256K)] 882730K->329644K(1223232K), 0.0561470 secs] [Times: user=0.21 sys=0.01, real=0.06 secs] 
2014-07-08T23:00:07.567+0000: 2288.376: [GC [PSYoungGen: 536228K->1380K(518016K)] 864236K->329868K(1204992K), 0.0299750 secs] [Times: user=0.12 sys=0.01, real=0.03 secs] 
2014-07-08T23:00:11.545+0000: 2292.354: [GC [PSYoungGen: 517988K->1440K(500864K)] 846476K->330264K(1187840K), 0.0075860 secs] [Times: user=0.02 sys=0.00, real=0.00 secs] 
2014-07-08T23:00:14.436+0000: 2295.244: [GC [PSYoungGen: 500832K->1344K(484288K)] 829656K->330536K(1171264K), 0.0115380 secs] [Times: user=0.02 sys=0.00, real=0.01 secs] 
2014-07-08T23:00:17.775+0000: 2298.584: [GC [PSYoungGen: 484274K->1636K(468864K)] 813466K->331092K(1155840K), 0.0565330 secs] [Times: user=0.22 sys=0.00, real=0.06 secs] 
2014-07-08T23:00:21.252+0000: 2302.061: [GC [PSYoungGen: 468836K->1636K(453824K)] 798292K->331508K(1140800K), 0.0276420 secs] [Times: user=0.10 sys=0.00, real=0.03 secs] 
2014-07-08T23:00:24.224+0000: 2305.033: [GC [PSYoungGen: 453796K->1476K(439296K)] 783668K->331652K(1126272K), 0.0217260 secs] [Times: user=0.08 sys=0.00, real=0.02 secs] 
2014-07-08T23:00:27.231+0000: 2308.040: [GC [PSYoungGen: 439236K->1202K(425216K)] 769412K->331882K(1112192K), 0.0405250 secs] [Times: user=0.15 sys=0.00, real=0.04 secs] 
2014-07-08T23:00:29.892+0000: 2310.701: [GC [PSYoungGen: 425202K->1704K(412544K)] 755882K->332752K(1099520K), 0.0212440 secs] [Times: user=0.09 sys=0.00, real=0.02 secs] 
2014-07-08T23:00:32.812+0000: 2313.621: [GC [PSYoungGen: 412520K->1412K(399680K)] 743568K->332748K(1086656K), 0.0071740 secs] [Times: user=0.02 sys=0.00, real=0.01 secs] 
2014-07-08T23:00:35.549+0000: 2316.358: [GC [PSYoungGen: 399620K->1444K(387648K)] 730956K->333020K(1074624K), 0.0371430 secs] [Times: user=0.13 sys=0.00, real=0.03 secs] 
2014-07-08T23:00:37.816+0000: 2318.624: [GC [PSYoungGen: 387620K->1338K(464768K)] 719196K->333474K(1151744K), 0.0329070 secs] [Times: user=0.13 sys=0.01, real=0.04 secs] 
2014-07-08T23:00:40.568+0000: 2321.377: [GC [PSYoungGen: 464762K->1622K(557824K)] 796898K->334022K(1244800K), 0.0330600 secs] [Times: user=0.13 sys=0.00, real=0.03 secs] 
2014-07-08T23:00:43.883+0000: 2324.692: [GC [PSYoungGen: 557782K->1394K(538624K)] 890182K->334154K(1225600K), 0.0152190 secs] [Times: user=0.06 sys=0.00, real=0.01 secs] 
2014-07-08T23:00:49.156+0000: 2329.965: [GC [PSYoungGen: 538610K->1828K(520960K)] 871370K->334884K(1207936K), 0.0380560 secs] [Times: user=0.13 sys=0.01, real=0.04 secs] 
2014-07-08T23:00:54.007+0000: 2334.816: [GC [PSYoungGen: 520833K->996K(502784K)] 853889K->335020K(1189760K), 0.0345590 secs] [Times: user=0.13 sys=0.00, real=0.04 secs] 
2014-07-08T23:00:57.092+0000: 2337.901: [GC [PSYoungGen: 502753K->1796K(487104K)] 836777K->336196K(1174080K), 0.0318540 secs] [Times: user=0.12 sys=0.00, real=0.03 secs] 
2014-07-08T23:01:00.829+0000: 2341.638: [GC [PSYoungGen: 486982K->1512K(470976K)] 821382K->336464K(1157952K), 0.0093970 secs] [Times: user=0.03 sys=0.00, real=0.01 secs] 
2014-07-08T23:01:05.248+0000: 2346.056: [GC [PSYoungGen: 470910K->1768K(456128K)] 805862K->337072K(1143104K), 0.0395150 secs] [Times: user=0.16 sys=0.00, real=0.04 secs] 
2014-07-08T23:01:09.276+0000: 2350.085: [GC [PSYoungGen: 456104K->1344K(441216K)] 791408K->337096K(1128192K), 0.0502700 secs] [Times: user=0.18 sys=0.00, real=0.05 secs] 
2014-07-08T23:01:11.910+0000: 2352.719: [GC [PSYoungGen: 441216K->1558K(529472K)] 776968K->337662K(1216448K), 0.0465240 secs] [Times: user=0.18 sys=0.00, real=0.05 secs] 
2014-07-08T23:01:16.235+0000: 2357.044: [GC [PSYoungGen: 529430K->1458K(634944K)] 865534K->337898K(1321920K), 0.0333860 secs] [Times: user=0.12 sys=0.00, real=0.03 secs] 
2014-07-08T23:01:21.536+0000: 2362.345: [GC [PSYoungGen: 634929K->1846K(762048K)] 971370K->338694K(1449024K), 0.0719810 secs] [Times: user=0.27 sys=0.01, real=0.07 secs] 
2014-07-08T23:01:28.439+0000: 2369.248: [GC [PSYoungGen: 762038K->1060K(732928K)] 1098886K->339084K(1419904K), 0.0368100 secs] [Times: user=0.14 sys=0.00, real=0.04 secs] 
2014-07-08T23:01:34.040+0000: 2374.849: [GC [PSYoungGen: 732900K->2006K(880256K)] 1070924K->340542K(1567232K), 0.0728070 secs] [Times: user=0.29 sys=0.00, real=0.07 secs] 
2014-07-08T23:01:41.367+0000: 2382.176: [GC [PSYoungGen: 880151K->1522K(845824K)] 1218687K->340962K(1532800K), 0.0495370 secs] [Times: user=0.19 sys=0.01, real=0.05 secs] 
2014-07-08T23:01:48.691+0000: 2389.500: [GC [PSYoungGen: 845808K->2116K(814144K)] 1185248K->342180K(1501120K), 0.0465960 secs] [Times: user=0.16 sys=0.00, real=0.04 secs] 
2014-07-08T23:01:55.897+0000: 2396.706: [GC [PSYoungGen: 814031K->1316K(782528K)] 1154095K->342564K(1469504K), 0.0327010 secs] [Times: user=0.13 sys=0.00, real=0.04 secs] 
2014-07-08T23:02:01.674+0000: 2402.483: [GC [PSYoungGen: 782500K->2216K(754112K)] 1123748K->344096K(1441088K), 0.0319220 secs] [Times: user=0.13 sys=0.00, real=0.03 secs] 
2014-07-08T23:02:08.569+0000: 2409.378: [GC [PSYoungGen: 754088K->1810K(725760K)] 1095968K->344346K(1412736K), 0.0447820 secs] [Times: user=0.17 sys=0.01, real=0.05 secs] 
2014-07-08T23:02:14.560+0000: 2415.369: [GC [PSYoungGen: 725714K->1632K(698880K)] 1068250K->344720K(1385856K), 0.0442420 secs] [Times: user=0.16 sys=0.01, real=0.05 secs] 
2014-07-08T23:02:20.141+0000: 2420.950: [GC [PSYoungGen: 698778K->1878K(673728K)] 1041866K->345502K(1360704K), 0.0436300 secs] [Times: user=0.17 sys=0.00, real=0.05 secs] 
2014-07-08T23:02:25.397+0000: 2426.206: [GC [PSYoungGen: 673677K->1864K(649472K)] 1017301K->346024K(1336448K), 0.0557970 secs] [Times: user=0.21 sys=0.00, real=0.05 secs] 
2014-07-08T23:02:31.146+0000: 2431.955: [GC [PSYoungGen: 649416K->1458K(625920K)] 993576K->346162K(1312896K), 0.0222280 secs] [Times: user=0.06 sys=0.00, real=0.02 secs] 
2014-07-08T23:02:35.612+0000: 2436.421: [GC [PSYoungGen: 625851K->1800K(604224K)] 970555K->346952K(1291200K), 0.0230880 secs] [Times: user=0.08 sys=0.00, real=0.02 secs] 
2014-07-08T23:02:40.245+0000: 2441.054: [GC [PSYoungGen: 604168K->1700K(583040K)] 949320K->347324K(1270016K), 0.0285890 secs] [Times: user=0.09 sys=0.00, real=0.03 secs] 
2014-07-08T23:02:44.905+0000: 2445.714: [GC [PSYoungGen: 583012K->1490K(562752K)] 928636K->347562K(1249728K), 0.0305720 secs] [Times: user=0.11 sys=0.00, real=0.03 secs] 
2014-07-08T23:02:50.624+0000: 2451.433: [GC [PSYoungGen: 562706K->1764K(543808K)] 908778K->348212K(1230784K), 0.0623970 secs] [Times: user=0.24 sys=0.01, real=0.06 secs] 
2014-07-08T23:02:53.633+0000: 2454.442: [GC [PSYoungGen: 543776K->1650K(525376K)] 890224K->348530K(1212352K), 0.0390740 secs] [Times: user=0.15 sys=0.01, real=0.04 secs] 
2014-07-08T23:02:57.567+0000: 2458.376: [GC [PSYoungGen: 525285K->1466K(507648K)] 872166K->348962K(1194624K), 0.0443780 secs] [Times: user=0.15 sys=0.00, real=0.05 secs] 
2014-07-08T23:03:01.205+0000: 2462.014: [GC [PSYoungGen: 507642K->1586K(609024K)] 855138K->349458K(1296000K), 0.0428850 secs] [Times: user=0.15 sys=0.00, real=0.04 secs] 
2014-07-08T23:03:05.623+0000: 2466.432: [GC [PSYoungGen: 609010K->1554K(587712K)] 956882K->349810K(1274688K), 0.0140610 secs] [Times: user=0.04 sys=0.01, real=0.01 secs] 
2014-07-08T23:03:10.510+0000: 2471.319: [GC [PSYoungGen: 587666K->1732K(567552K)] 935922K->350348K(1254528K), 0.0077350 secs] [Times: user=0.02 sys=0.00, real=0.01 secs] 
2014-07-08T23:03:15.799+0000: 2476.608: [GC [PSYoungGen: 567492K->1536K(547904K)] 916108K->350664K(1234880K), 0.0340160 secs] [Times: user=0.13 sys=0.00, real=0.04 secs] 
2014-07-08T23:03:20.847+0000: 2481.655: [GC [PSYoungGen: 547904K->1536K(529344K)] 897032K->351104K(1216320K), 0.0169610 secs] [Times: user=0.06 sys=0.00, real=0.02 secs] 
2014-07-08T23:03:25.472+0000: 2486.280: [GC [PSYoungGen: 529344K->1618K(511744K)] 878912K->351634K(1198720K), 0.0363030 secs] [Times: user=0.13 sys=0.00, real=0.04 secs] 
2014-07-08T23:03:29.313+0000: 2490.122: [GC [PSYoungGen: 511698K->1796K(495040K)] 861714K->352204K(1182016K), 0.0313030 secs] [Times: user=0.12 sys=0.01, real=0.04 secs] 
2014-07-08T23:03:32.914+0000: 2493.723: [GC [PSYoungGen: 494897K->1270K(478272K)] 845305K->352358K(1165248K), 0.0429490 secs] [Times: user=0.16 sys=0.00, real=0.05 secs] 
2014-07-08T23:03:36.556+0000: 2497.365: [GC [PSYoungGen: 478258K->1764K(463360K)] 829346K->353220K(1150336K), 0.0350200 secs] [Times: user=0.13 sys=0.01, real=0.03 secs] 
2014-07-08T23:03:40.675+0000: 2501.484: [GC [PSYoungGen: 463332K->1728K(448512K)] 814788K->353664K(1135488K), 0.0410570 secs] [Times: user=0.15 sys=0.00, real=0.05 secs] 
2014-07-08T23:03:44.351+0000: 2505.159: [GC [PSYoungGen: 448512K->1540K(434240K)] 800448K->353852K(1121216K), 0.0275840 secs] [Times: user=0.10 sys=0.00, real=0.03 secs] 
2014-07-08T23:03:48.136+0000: 2508.945: [GC [PSYoungGen: 434180K->1216K(420352K)] 786492K->354024K(1107328K), 0.0222170 secs] [Times: user=0.09 sys=0.00, real=0.03 secs] 
2014-07-08T23:03:51.648+0000: 2512.456: [GC [PSYoungGen: 420352K->1586K(407808K)] 773160K->354762K(1094784K), 0.0300490 secs] [Times: user=0.11 sys=0.00, real=0.03 secs] 
2014-07-08T23:03:55.626+0000: 2516.435: [GC [PSYoungGen: 407698K->1704K(395520K)] 760874K->355248K(1082496K), 0.0531620 secs] [Times: user=0.20 sys=0.00, real=0.06 secs] 
2014-07-08T23:03:58.718+0000: 2519.527: [GC [PSYoungGen: 395496K->1490K(383488K)] 749040K->355362K(1070464K), 0.0264290 secs] [Times: user=0.09 sys=0.01, real=0.02 secs] 
2014-07-08T23:04:01.652+0000: 2522.460: [GC [PSYoungGen: 383442K->1394K(459776K)] 737314K->355862K(1146752K), 0.0612240 secs] [Times: user=0.23 sys=0.01, real=0.06 secs] 
2014-07-08T23:04:05.069+0000: 2525.878: [GC [PSYoungGen: 459709K->1672K(551808K)] 814177K->356420K(1238784K), 0.0195540 secs] [Times: user=0.06 sys=0.00, real=0.02 secs] 
2014-07-08T23:04:08.878+0000: 2529.687: [GC [PSYoungGen: 551736K->1526K(661632K)] 906485K->356698K(1348608K), 0.0491210 secs] [Times: user=0.19 sys=0.01, real=0.05 secs] 
2014-07-08T23:04:13.636+0000: 2534.445: [GC [PSYoungGen: 661522K->1600K(793728K)] 1016694K->357140K(1480704K), 0.0374460 secs] [Times: user=0.12 sys=0.00, real=0.04 secs] 
2014-07-08T23:04:20.643+0000: 2541.452: [GC [PSYoungGen: 793631K->1526K(763840K)] 1149172K->357970K(1450816K), 0.0456470 secs] [Times: user=0.18 sys=0.00, real=0.04 secs] 
2014-07-08T23:04:26.000+0000: 2546.809: [GC [PSYoungGen: 763793K->2052K(735936K)] 1120237K->359080K(1422912K), 0.0263200 secs] [Times: user=0.10 sys=0.00, real=0.03 secs] 
2014-07-08T23:04:31.629+0000: 2552.437: [GC [PSYoungGen: 735876K->1380K(708096K)] 1092904K->359368K(1395072K), 0.0234730 secs] [Times: user=0.09 sys=0.00, real=0.02 secs] 
2014-07-08T23:04:36.344+0000: 2557.153: [GC [PSYoungGen: 708066K->1746K(682624K)] 1066054K->360238K(1369600K), 0.0443910 secs] [Times: user=0.16 sys=0.01, real=0.04 secs] 
2014-07-08T23:04:39.828+0000: 2560.637: [GC [PSYoungGen: 682566K->1604K(657856K)] 1041058K->360640K(1344832K), 0.0374730 secs] [Times: user=0.14 sys=0.00, real=0.04 secs] 
2014-07-08T23:04:43.518+0000: 2564.327: [GC [PSYoungGen: 657796K->1722K(634368K)] 1016832K->361142K(1321344K), 0.0209510 secs] [Times: user=0.07 sys=0.01, real=0.02 secs] 
2014-07-08T23:04:48.101+0000: 2568.910: [GC [PSYoungGen: 634362K->1536K(611712K)] 993782K->361244K(1298688K), 0.0097560 secs] [Times: user=0.03 sys=0.00, real=0.01 secs] 
2014-07-08T23:04:52.461+0000: 2573.270: [GC [PSYoungGen: 611709K->1608K(590400K)] 971417K->361740K(1277376K), 0.0072460 secs] [Times: user=0.02 sys=0.00, real=0.01 secs] 
2014-07-08T23:04:56.383+0000: 2577.192: [GC [PSYoungGen: 590344K->1668K(570048K)] 950476K->362168K(1257024K), 0.0363460 secs] [Times: user=0.14 sys=0.00, real=0.04 secs] 
2014-07-08T23:05:00.224+0000: 2581.033: [GC [PSYoungGen: 569988K->1604K(550464K)] 930488K->362504K(1237440K), 0.0303380 secs] [Times: user=0.12 sys=0.00, real=0.03 secs] 
2014-07-08T23:05:03.832+0000: 2584.641: [GC [PSYoungGen: 550404K->1508K(531712K)] 911304K->362760K(1218688K), 0.0087030 secs] [Times: user=0.04 sys=0.00, real=0.01 secs] 
2014-07-08T23:05:07.815+0000: 2588.624: [GC [PSYoungGen: 531684K->1686K(514112K)] 892936K->363226K(1201088K), 0.0292180 secs] [Times: user=0.10 sys=0.01, real=0.03 secs] 
2014-07-08T23:05:11.072+0000: 2591.881: [GC [PSYoungGen: 514070K->1522K(496896K)] 875610K->363510K(1183872K), 0.0385920 secs] [Times: user=0.15 sys=0.00, real=0.04 secs] 
2014-07-08T23:05:14.443+0000: 2595.252: [GC [PSYoungGen: 496882K->1426K(480576K)] 858870K->363702K(1167552K), 0.0088110 secs] [Times: user=0.02 sys=0.00, real=0.01 secs] 
2014-07-08T23:05:17.945+0000: 2598.754: [GC [PSYoungGen: 480530K->1554K(576576K)] 842806K->364102K(1263552K), 0.0980030 secs] [Times: user=0.37 sys=0.00, real=0.10 secs] 
2014-07-08T23:05:21.698+0000: 2602.507: [GC [PSYoungGen: 576530K->1426K(691456K)] 939078K->364334K(1378432K), 0.0302940 secs] [Times: user=0.11 sys=0.00, real=0.03 secs] 
2014-07-08T23:05:26.022+0000: 2606.831: [GC [PSYoungGen: 691410K->1586K(666496K)] 1054318K->364806K(1353472K), 0.0264890 secs] [Times: user=0.10 sys=0.00, real=0.02 secs] 
2014-07-08T23:05:31.129+0000: 2611.937: [GC [PSYoungGen: 666425K->1600K(642560K)] 1029645K->365268K(1329536K), 0.0394780 secs] [Times: user=0.14 sys=0.00, real=0.04 secs] 
2014-07-08T23:05:34.657+0000: 2615.465: [GC [PSYoungGen: 642560K->1316K(619456K)] 1006228K->365664K(1306432K), 0.0206330 secs] [Times: user=0.08 sys=0.00, real=0.02 secs] 
2014-07-08T23:05:38.385+0000: 2619.194: [GC [PSYoungGen: 619428K->1878K(598272K)] 983776K->366514K(1285248K), 0.0253660 secs] [Times: user=0.10 sys=0.00, real=0.02 secs] 
2014-07-08T23:05:42.926+0000: 2623.735: [GC [PSYoungGen: 598230K->1380K(576960K)] 962866K->366672K(1263936K), 0.0194980 secs] [Times: user=0.07 sys=0.00, real=0.02 secs] 
2014-07-08T23:05:47.107+0000: 2627.916: [GC [PSYoungGen: 576932K->1632K(557376K)] 942224K->367260K(1244352K), 0.0287430 secs] [Times: user=0.11 sys=0.00, real=0.03 secs] 
2014-07-08T23:05:51.086+0000: 2631.895: [GC [PSYoungGen: 557344K->1508K(538304K)] 922972K->367592K(1225280K), 0.0098670 secs] [Times: user=0.03 sys=0.00, real=0.01 secs] 
2014-07-08T23:05:53.961+0000: 2634.770: [GC [PSYoungGen: 538276K->1458K(520128K)] 904360K->367846K(1207104K), 0.0087730 secs] [Times: user=0.03 sys=0.00, real=0.01 secs] 
2014-07-08T23:05:57.636+0000: 2638.445: [GC [PSYoungGen: 520113K->1650K(503040K)] 886501K->368310K(1190016K), 0.0115330 secs] [Times: user=0.03 sys=0.00, real=0.01 secs] 
2014-07-08T23:06:00.826+0000: 2641.635: [GC [PSYoungGen: 503005K->1640K(486528K)] 869665K->368700K(1173504K), 0.0329050 secs] [Times: user=0.11 sys=0.01, real=0.04 secs] 
2014-07-08T23:06:04.240+0000: 2645.049: [GC [PSYoungGen: 486504K->1188K(470272K)] 853564K->368768K(1157248K), 0.0100940 secs] [Times: user=0.02 sys=0.00, real=0.01 secs] 
2014-07-08T23:06:07.481+0000: 2648.290: [GC [PSYoungGen: 470244K->1682K(455680K)] 837824K->369566K(1142656K), 0.0352340 secs] [Times: user=0.14 sys=0.00, real=0.03 secs] 
2014-07-08T23:06:10.547+0000: 2651.356: [GC [PSYoungGen: 455634K->1426K(440960K)] 823518K->369726K(1127936K), 0.0484570 secs] [Times: user=0.19 sys=0.00, real=0.05 secs] 
2014-07-08T23:06:14.441+0000: 2655.249: [GC [PSYoungGen: 440914K->1504K(427200K)] 809214K->370116K(1114176K), 0.0369170 secs] [Times: user=0.15 sys=0.00, real=0.03 secs] 
2014-07-08T23:06:18.752+0000: 2659.560: [GC [PSYoungGen: 427168K->1266K(413696K)] 795780K->370446K(1100672K), 0.0288060 secs] [Times: user=0.12 sys=0.00, real=0.03 secs] 
2014-07-08T23:06:22.775+0000: 2663.583: [GC [PSYoungGen: 413682K->1636K(401408K)] 782862K->371168K(1088384K), 0.0445670 secs] [Times: user=0.17 sys=0.01, real=0.04 secs] 
2014-07-08T23:06:26.325+0000: 2667.134: [GC [PSYoungGen: 401376K->1316K(388992K)] 770908K->371448K(1075968K), 0.0352340 secs] [Times: user=0.14 sys=0.00, real=0.03 secs] 
2014-07-08T23:06:30.148+0000: 2670.957: [GC [PSYoungGen: 388964K->1554K(377664K)] 759096K->372006K(1064640K), 0.0136930 secs] [Times: user=0.05 sys=0.00, real=0.02 secs] 
2014-07-08T23:06:33.472+0000: 2674.281: [GC [PSYoungGen: 377618K->1444K(366400K)] 748070K->372280K(1053376K), 0.0269150 secs] [Times: user=0.10 sys=0.00, real=0.03 secs] 
2014-07-08T23:06:36.883+0000: 2677.692: [GC [PSYoungGen: 366372K->1572K(355840K)] 737208K->372680K(1042816K), 0.0102920 secs] [Times: user=0.03 sys=0.00, real=0.01 secs] 
2014-07-08T23:06:38.879+0000: 2679.688: [GC [PSYoungGen: 355812K->1202K(345216K)] 726920K->372948K(1032192K), 0.0094230 secs] [Times: user=0.03 sys=0.01, real=0.01 secs] 
2014-07-08T23:06:41.112+0000: 2681.921: [GC [PSYoungGen: 345202K->1508K(414336K)] 716948K->373510K(1101312K), 0.0593670 secs] [Times: user=0.22 sys=0.01, real=0.06 secs] 
2014-07-08T23:06:43.618+0000: 2684.427: [GC [PSYoungGen: 414283K->1362K(496768K)] 786286K->373636K(1183744K), 0.0273680 secs] [Times: user=0.09 sys=0.00, real=0.03 secs] 
2014-07-08T23:06:47.404+0000: 2688.213: [GC [PSYoungGen: 496722K->1586K(596032K)] 868996K->374084K(1283008K), 0.0401940 secs] [Times: user=0.15 sys=0.00, real=0.04 secs] 
2014-07-08T23:06:53.048+0000: 2693.857: [GC [PSYoungGen: 596018K->1266K(575040K)] 968516K->374468K(1262016K), 0.0328330 secs] [Times: user=0.12 sys=0.00, real=0.03 secs] 
2014-07-08T23:06:57.168+0000: 2697.977: [GC [PSYoungGen: 574983K->1810K(555840K)] 948185K->375468K(1242816K), 0.0224970 secs] [Times: user=0.09 sys=0.00, real=0.02 secs] 
2014-07-08T23:07:01.988+0000: 2702.796: [GC [PSYoungGen: 555794K->1252K(536384K)] 929452K->375726K(1223360K), 0.0228920 secs] [Times: user=0.09 sys=0.00, real=0.02 secs] 
2014-07-08T23:07:07.171+0000: 2707.980: [GC [PSYoungGen: 536356K->1810K(518912K)] 910830K->376692K(1205888K), 0.0304020 secs] [Times: user=0.11 sys=0.00, real=0.03 secs] 
2014-07-08T23:07:12.171+0000: 2712.979: [GC [PSYoungGen: 518866K->1508K(501376K)] 893748K->376934K(1188352K), 0.0261710 secs] [Times: user=0.08 sys=0.00, real=0.02 secs] 
2014-07-08T23:07:16.234+0000: 2717.043: [GC [PSYoungGen: 501348K->1568K(484992K)] 876774K->377402K(1171968K), 0.0379060 secs] [Times: user=0.15 sys=0.00, real=0.04 secs] 
2014-07-08T23:07:20.829+0000: 2721.638: [GC [PSYoungGen: 484960K->1526K(469184K)] 860794K->377816K(1156160K), 0.0395030 secs] [Times: user=0.16 sys=0.00, real=0.03 secs] 
2014-07-08T23:07:25.312+0000: 2726.121: [GC [PSYoungGen: 469174K->1664K(454272K)] 845464K->378314K(1141248K), 0.0427740 secs] [Times: user=0.16 sys=0.00, real=0.04 secs] 
2014-07-08T23:07:29.080+0000: 2729.888: [GC [PSYoungGen: 454269K->1586K(544768K)] 830919K->378596K(1231744K), 0.0597540 secs] [Times: user=0.23 sys=0.00, real=0.06 secs] 
2014-07-08T23:07:34.001+0000: 2734.810: [GC [PSYoungGen: 544754K->1586K(526400K)] 921764K->378980K(1213376K), 0.0245860 secs] [Times: user=0.08 sys=0.00, real=0.02 secs] 
2014-07-08T23:07:38.211+0000: 2739.020: [GC [PSYoungGen: 526386K->1444K(508736K)] 903780K->379374K(1195712K), 0.0129070 secs] [Times: user=0.04 sys=0.00, real=0.02 secs] 
2014-07-08T23:07:41.813+0000: 2742.622: [GC [PSYoungGen: 508658K->1540K(492096K)] 886588K->379862K(1179072K), 0.0286410 secs] [Times: user=0.11 sys=0.00, real=0.03 secs] 
2014-07-08T23:07:45.663+0000: 2746.471: [GC [PSYoungGen: 492036K->1618K(476096K)] 870358K->380332K(1163072K), 0.0235090 secs] [Times: user=0.09 sys=0.00, real=0.03 secs] 
2014-07-08T23:07:49.938+0000: 2750.747: [GC [PSYoungGen: 476046K->1568K(460672K)] 854761K->380594K(1147648K), 0.0251100 secs] [Times: user=0.08 sys=0.01, real=0.03 secs] 
2014-07-08T23:07:54.040+0000: 2754.849: [GC [PSYoungGen: 460543K->1380K(445824K)] 839569K->380942K(1132800K), 0.0434850 secs] [Times: user=0.17 sys=0.00, real=0.04 secs] 
2014-07-08T23:07:57.473+0000: 2758.282: [GC [PSYoungGen: 445796K->1732K(432192K)] 825358K->381614K(1119168K), 0.0508670 secs] [Times: user=0.19 sys=0.00, real=0.05 secs] 
2014-07-08T23:08:01.046+0000: 2761.855: [GC [PSYoungGen: 432132K->1472K(418432K)] 812014K->381778K(1105408K), 0.0326160 secs] [Times: user=0.13 sys=0.00, real=0.03 secs] 
2014-07-08T23:08:04.876+0000: 2765.685: [GC [PSYoungGen: 418432K->1508K(405632K)] 798738K->382158K(1092608K), 0.0195280 secs] [Times: user=0.08 sys=0.01, real=0.01 secs] 
2014-07-08T23:08:08.508+0000: 2769.317: [GC [PSYoungGen: 405604K->1522K(393344K)] 786254K->382532K(1080320K), 0.0320840 secs] [Times: user=0.13 sys=0.00, real=0.03 secs] 
2014-07-08T23:08:11.920+0000: 2772.729: [GC [PSYoungGen: 393330K->1554K(381632K)] 774340K->382932K(1068608K), 0.0237740 secs] [Times: user=0.09 sys=0.00, real=0.02 secs] 
2014-07-08T23:08:15.127+0000: 2775.936: [GC [PSYoungGen: 381573K->1380K(370176K)] 762952K->383216K(1057152K), 0.0295130 secs] [Times: user=0.11 sys=0.00, real=0.03 secs] 
2014-07-08T23:08:18.149+0000: 2778.958: [GC [PSYoungGen: 370148K->1554K(359552K)] 751984K->383654K(1046528K), 0.0240120 secs] [Times: user=0.08 sys=0.00, real=0.02 secs] 
2014-07-08T23:08:21.284+0000: 2782.093: [GC [PSYoungGen: 359498K->1462K(349056K)] 741598K->383890K(1036032K), 0.0460040 secs] [Times: user=0.17 sys=0.00, real=0.05 secs] 
2014-07-08T23:08:23.699+0000: 2784.508: [GC [PSYoungGen: 349046K->1586K(418752K)] 731474K->384326K(1105728K), 0.0267410 secs] [Times: user=0.10 sys=0.00, real=0.02 secs] 
2014-07-08T23:08:26.650+0000: 2787.459: [GC [PSYoungGen: 418738K->1458K(502080K)] 801478K->384502K(1189056K), 0.0419670 secs] [Times: user=0.16 sys=0.00, real=0.04 secs] 
2014-07-08T23:08:29.438+0000: 2790.247: [GC [PSYoungGen: 502062K->1640K(602432K)] 885106K->385004K(1289408K), 0.0199280 secs] [Times: user=0.07 sys=0.01, real=0.02 secs] 
2014-07-08T23:08:34.518+0000: 2795.327: [GC [PSYoungGen: 602408K->1270K(722240K)] 985772K->385282K(1409216K), 0.0625440 secs] [Times: user=0.24 sys=0.00, real=0.07 secs] 
2014-07-08T23:08:39.888+0000: 2800.697: [GC [PSYoungGen: 722230K->1942K(696448K)] 1106242K->386330K(1383424K), 0.0145840 secs] [Times: user=0.05 sys=0.00, real=0.02 secs] 
2014-07-08T23:08:46.685+0000: 2807.494: [GC [PSYoungGen: 696406K->1138K(670336K)] 1080794K->386718K(1357312K), 0.0386640 secs] [Times: user=0.15 sys=0.00, real=0.04 secs] 
2014-07-08T23:08:53.027+0000: 2813.836: [GC [PSYoungGen: 670322K->1970K(647040K)] 1055902K->388062K(1334016K), 0.0646510 secs] [Times: user=0.26 sys=0.00, real=0.06 secs] 
2014-07-08T23:08:58.309+0000: 2819.118: [GC [PSYoungGen: 647026K->1636K(623680K)] 1033118K->388512K(1310656K), 0.0347870 secs] [Times: user=0.13 sys=0.00, real=0.04 secs] 
2014-07-08T23:09:02.491+0000: 2823.300: [GC [PSYoungGen: 623597K->1522K(601600K)] 1010473K->388854K(1288576K), 0.0074050 secs] [Times: user=0.02 sys=0.01, real=0.01 secs] 
2014-07-08T23:09:07.040+0000: 2827.849: [GC [PSYoungGen: 601586K->1696K(580864K)] 988918K->389444K(1267840K), 0.0158390 secs] [Times: user=0.05 sys=0.00, real=0.02 secs] 
2014-07-08T23:09:11.194+0000: 2832.003: [GC [PSYoungGen: 580732K->1472K(560576K)] 968481K->389660K(1247552K), 0.0304640 secs] [Times: user=0.11 sys=0.00, real=0.03 secs] 
2014-07-08T23:09:15.416+0000: 2836.225: [GC [PSYoungGen: 560576K->1586K(541632K)] 948764K->390142K(1228608K), 0.0256910 secs] [Times: user=0.09 sys=0.00, real=0.02 secs] 
2014-07-08T23:09:19.032+0000: 2839.841: [GC [PSYoungGen: 541613K->1554K(523392K)] 930169K->390470K(1210368K), 0.0083830 secs] [Times: user=0.03 sys=0.00, real=0.01 secs] 
2014-07-08T23:09:22.631+0000: 2843.440: [GC [PSYoungGen: 523346K->1736K(506176K)] 912262K->391028K(1193152K), 0.0181380 secs] [Times: user=0.06 sys=0.00, real=0.02 secs] 
2014-07-08T23:09:25.545+0000: 2846.354: [GC [PSYoungGen: 506066K->1554K(489344K)] 895358K->391174K(1176320K), 0.0344700 secs] [Times: user=0.12 sys=0.00, real=0.04 secs] 
2014-07-08T23:09:28.767+0000: 2849.576: [GC [PSYoungGen: 489295K->1394K(473216K)] 878915K->391334K(1160192K), 0.0087690 secs] [Times: user=0.02 sys=0.00, real=0.01 secs] 
2014-07-08T23:09:32.547+0000: 2853.356: [GC [PSYoungGen: 473200K->1640K(458240K)] 863140K->391916K(1145216K), 0.0450070 secs] [Times: user=0.17 sys=0.01, real=0.05 secs] 
2014-07-08T23:09:35.488+0000: 2856.297: [GC [PSYoungGen: 458216K->1476K(443584K)] 848492K->392048K(1130560K), 0.0433550 secs] [Times: user=0.17 sys=0.00, real=0.05 secs] 
2014-07-08T23:09:38.667+0000: 2859.476: [GC [PSYoungGen: 443472K->1768K(429888K)] 834045K->392636K(1116864K), 0.0315970 secs] [Times: user=0.09 sys=0.00, real=0.03 secs] 
2014-07-08T23:09:41.553+0000: 2862.362: [GC [PSYoungGen: 429864K->1188K(416000K)] 820732K->392592K(1102976K), 0.0090930 secs] [Times: user=0.02 sys=0.00, real=0.01 secs] 
2014-07-08T23:09:44.785+0000: 2865.594: [GC [PSYoungGen: 415907K->1576K(403648K)] 807311K->393228K(1090624K), 0.0112790 secs] [Times: user=0.03 sys=0.00, real=0.01 secs] 
2014-07-08T23:09:47.225+0000: 2868.034: [GC [PSYoungGen: 403624K->1522K(391360K)] 795276K->393478K(1078336K), 0.0302940 secs] [Times: user=0.12 sys=0.00, real=0.03 secs] 
2014-07-08T23:09:50.076+0000: 2870.885: [GC [PSYoungGen: 391346K->1508K(379648K)] 783302K->393808K(1066624K), 0.0366170 secs] [Times: user=0.14 sys=0.01, real=0.04 secs] 
2014-07-08T23:09:53.079+0000: 2873.888: [GC [PSYoungGen: 379620K->1216K(368128K)] 771920K->393852K(1055104K), 0.0063780 secs] [Times: user=0.02 sys=0.00, real=0.01 secs] 
2014-07-08T23:09:55.014+0000: 2875.823: [GC [PSYoungGen: 368128K->1544K(357760K)] 760764K->394388K(1044736K), 0.0186260 secs] [Times: user=0.07 sys=0.00, real=0.02 secs] 
2014-07-08T23:09:56.983+0000: 2877.792: [GC [PSYoungGen: 357704K->1444K(347328K)] 750548K->394560K(1034304K), 0.0112300 secs] [Times: user=0.02 sys=0.01, real=0.02 secs] 
2014-07-08T23:09:58.817+0000: 2879.626: [GC [PSYoungGen: 347300K->1512K(337536K)] 740416K->394892K(1024512K), 0.0060870 secs] [Times: user=0.02 sys=0.00, real=0.01 secs] 
2014-07-08T23:10:01.139+0000: 2881.948: [GC [PSYoungGen: 337512K->1138K(327680K)] 730892K->394886K(1014656K), 0.0322820 secs] [Times: user=0.12 sys=0.00, real=0.03 secs] 
2014-07-08T23:10:04.127+0000: 2884.936: [GC [PSYoungGen: 327666K->1622K(319104K)] 721414K->395578K(1006080K), 0.0444730 secs] [Times: user=0.12 sys=0.00, real=0.04 secs] 
2014-07-08T23:10:06.333+0000: 2887.141: [GC [PSYoungGen: 319004K->1334K(382272K)] 712961K->395912K(1069248K), 0.0387140 secs] [Times: user=0.14 sys=0.00, real=0.04 secs] 
2014-07-08T23:10:08.317+0000: 2889.126: [GC [PSYoungGen: 382237K->1626K(458816K)] 776815K->396484K(1145792K), 0.0214200 secs] [Times: user=0.07 sys=0.00, real=0.03 secs] 
2014-07-08T23:10:10.461+0000: 2891.270: [GC [PSYoungGen: 458778K->1252K(549888K)] 853636K->396494K(1236864K), 0.0406340 secs] [Times: user=0.16 sys=0.00, real=0.04 secs] 
2014-07-08T23:10:13.513+0000: 2894.322: [GC [PSYoungGen: 549802K->1558K(659968K)] 945045K->397040K(1346944K), 0.0262090 secs] [Times: user=0.10 sys=0.00, real=0.03 secs] 
2014-07-08T23:10:17.693+0000: 2898.502: [GC [PSYoungGen: 659926K->1152K(635904K)] 1055408K->397282K(1322880K), 0.0135890 secs] [Times: user=0.05 sys=0.00, real=0.02 secs] 
2014-07-08T23:10:22.098+0000: 2902.906: [GC [PSYoungGen: 635904K->1568K(763328K)] 1032034K->398122K(1450304K), 0.0484310 secs] [Times: user=0.18 sys=0.00, real=0.05 secs] 
2014-07-08T23:10:27.228+0000: 2908.037: [GC [PSYoungGen: 763296K->1394K(734720K)] 1159850K->398684K(1421696K), 0.0238190 secs] [Times: user=0.08 sys=0.01, real=0.02 secs] 
2014-07-08T23:10:31.364+0000: 2912.173: [GC [PSYoungGen: 734706K->1664K(707904K)] 1131996K->399426K(1394880K), 0.0479730 secs] [Times: user=0.18 sys=0.00, real=0.05 secs] 
2014-07-08T23:10:36.007+0000: 2916.816: [GC [PSYoungGen: 707902K->1316K(681728K)] 1105664K->399854K(1368704K), 0.0433920 secs] [Times: user=0.17 sys=0.00, real=0.05 secs] 
2014-07-08T23:10:40.264+0000: 2921.072: [GC [PSYoungGen: 681700K->1796K(657600K)] 1080238K->400742K(1344576K), 0.0424940 secs] [Times: user=0.17 sys=0.00, real=0.04 secs] 
2014-07-08T23:10:44.604+0000: 2925.412: [GC [PSYoungGen: 657529K->1344K(633600K)] 1056476K->400786K(1320576K), 0.0372410 secs] [Times: user=0.13 sys=0.01, real=0.04 secs] 
2014-07-08T23:10:48.781+0000: 2929.589: [GC [PSYoungGen: 633600K->1664K(611520K)] 1033042K->401482K(1298496K), 0.0167440 secs] [Times: user=0.04 sys=0.00, real=0.01 secs] 
2014-07-08T23:10:54.112+0000: 2934.921: [GC [PSYoungGen: 611502K->1398K(589888K)] 1011320K->401880K(1276864K), 0.0411540 secs] [Times: user=0.16 sys=0.00, real=0.04 secs] 
2014-07-08T23:10:59.026+0000: 2939.834: [GC [PSYoungGen: 589878K->1810K(569920K)] 990360K->402660K(1256896K), 0.0224820 secs] [Times: user=0.08 sys=0.00, real=0.02 secs] 
2014-07-08T23:11:02.421+0000: 2943.230: [GC [PSYoungGen: 569793K->1252K(549824K)] 970644K->402822K(1236800K), 0.0363920 secs] [Times: user=0.14 sys=0.00, real=0.04 secs] 
2014-07-08T23:11:06.646+0000: 2947.454: [GC [PSYoungGen: 549727K->1760K(531712K)] 951297K->403682K(1218688K), 0.0239710 secs] [Times: user=0.09 sys=0.00, real=0.02 secs] 
2014-07-08T23:11:11.289+0000: 2952.098: [GC [PSYoungGen: 531678K->1444K(513600K)] 933601K->403934K(1200576K), 0.0267480 secs] [Times: user=0.10 sys=0.00, real=0.03 secs] 
2014-07-08T23:11:16.231+0000: 2957.039: [GC [PSYoungGen: 513548K->1718K(496832K)] 916039K->404584K(1183808K), 0.0243490 secs] [Times: user=0.09 sys=0.01, real=0.03 secs] 
2014-07-08T23:11:20.184+0000: 2960.993: [GC [PSYoungGen: 496822K->1316K(480192K)] 899688K->404846K(1167168K), 0.0415480 secs] [Times: user=0.16 sys=0.00, real=0.05 secs] 
2014-07-08T23:11:24.754+0000: 2965.563: [GC [PSYoungGen: 480164K->1586K(464896K)] 883694K->405484K(1151872K), 0.0306320 secs] [Times: user=0.11 sys=0.00, real=0.03 secs] 
2014-07-08T23:11:28.415+0000: 2969.224: [GC [PSYoungGen: 464882K->1576K(450048K)] 868780K->405906K(1137024K), 0.0079760 secs] [Times: user=0.02 sys=0.01, real=0.01 secs] 
2014-07-08T23:11:32.119+0000: 2972.928: [GC [PSYoungGen: 450024K->1668K(435968K)] 854354K->406390K(1122944K), 0.0436920 secs] [Times: user=0.17 sys=0.00, real=0.04 secs] 
2014-07-08T23:11:36.004+0000: 2976.812: [GC [PSYoungGen: 435908K->1320K(422016K)] 840630K->406746K(1108992K), 0.0507580 secs] [Times: user=0.19 sys=0.00, real=0.05 secs] 
2014-07-08T23:11:39.650+0000: 2980.459: [GC [PSYoungGen: 421992K->1618K(409344K)] 827418K->407380K(1096320K), 0.0114400 secs] [Times: user=0.03 sys=0.00, real=0.01 secs] 
2014-07-08T23:11:43.279+0000: 2984.088: [GC [PSYoungGen: 409298K->1636K(396864K)] 815060K->407998K(1083840K), 0.0080250 secs] [Times: user=0.03 sys=0.00, real=0.00 secs] 
2014-07-08T23:11:46.747+0000: 2987.556: [GC [PSYoungGen: 396836K->1664K(384960K)] 803198K->408338K(1071936K), 0.0298710 secs] [Times: user=0.12 sys=0.00, real=0.03 secs] 
2014-07-08T23:11:50.572+0000: 2991.381: [GC [PSYoungGen: 384960K->1586K(373440K)] 791634K->408620K(1060416K), 0.0410200 secs] [Times: user=0.16 sys=0.00, real=0.04 secs] 
2014-07-08T23:11:53.180+0000: 2993.989: [GC [PSYoungGen: 373426K->1540K(362496K)] 780460K->408894K(1049472K), 0.0364140 secs] [Times: user=0.11 sys=0.00, real=0.03 secs] 
2014-07-08T23:11:56.236+0000: 2997.045: [GC [PSYoungGen: 362436K->1572K(352000K)] 769790K->409222K(1038976K), 0.0266510 secs] [Times: user=0.10 sys=0.00, real=0.03 secs] 
2014-07-08T23:11:59.264+0000: 3000.072: [GC [PSYoungGen: 351972K->1604K(342016K)] 759622K->409598K(1028992K), 0.0267040 secs] [Times: user=0.10 sys=0.00, real=0.02 secs] 
2014-07-08T23:12:02.497+0000: 3003.306: [GC [PSYoungGen: 341956K->1458K(332160K)] 749950K->409740K(1019136K), 0.0081910 secs] [Times: user=0.02 sys=0.00, real=0.01 secs] 
2014-07-08T23:12:05.676+0000: 3006.484: [GC [PSYoungGen: 332146K->1458K(322880K)] 740428K->410036K(1009856K), 0.0486920 secs] [Times: user=0.19 sys=0.00, real=0.05 secs] 
2014-07-08T23:12:08.533+0000: 3009.341: [GC [PSYoungGen: 322866K->1608K(314176K)] 731444K->410442K(1001152K), 0.0267940 secs] [Times: user=0.11 sys=0.01, real=0.03 secs] 
2014-07-08T23:12:11.532+0000: 3012.341: [GC [PSYoungGen: 314120K->1412K(305472K)] 722954K->410526K(992448K), 0.0080850 secs] [Times: user=0.02 sys=0.00, real=0.01 secs] 
2014-07-08T23:12:14.336+0000: 3015.145: [GC [PSYoungGen: 305406K->1536K(297344K)] 714521K->410930K(984320K), 0.0247540 secs] [Times: user=0.09 sys=0.00, real=0.02 secs] 
2014-07-08T23:12:16.874+0000: 3017.683: [GC [PSYoungGen: 297344K->1654K(356672K)] 706738K->411288K(1043648K), 0.0687540 secs] [Times: user=0.26 sys=0.01, real=0.06 secs] 
2014-07-08T23:12:20.071+0000: 3020.880: [GC [PSYoungGen: 356662K->1316K(427392K)] 766296K->411366K(1114368K), 0.0449220 secs] [Times: user=0.17 sys=0.00, real=0.05 secs] 
2014-07-08T23:12:23.960+0000: 3024.769: [GC [PSYoungGen: 427357K->1714K(513024K)] 837407K->412052K(1200000K), 0.0484900 secs] [Times: user=0.19 sys=0.00, real=0.05 secs] 
2014-07-08T23:12:28.656+0000: 3029.465: [GC [PSYoungGen: 513010K->1316K(614912K)] 923348K->412382K(1301888K), 0.0374850 secs] [Times: user=0.14 sys=0.00, real=0.04 secs] 
2014-07-08T23:12:35.050+0000: 3035.859: [GC [PSYoungGen: 614884K->1732K(593792K)] 1025950K->413190K(1280768K), 0.0068770 secs] [Times: user=0.03 sys=0.00, real=0.00 secs] 
2014-07-08T23:12:40.120+0000: 3040.929: [GC [PSYoungGen: 593732K->1394K(572800K)] 1005190K->413652K(1259776K), 0.0379120 secs] [Times: user=0.14 sys=0.00, real=0.04 secs] 
2014-07-08T23:12:44.629+0000: 3045.438: [GC [PSYoungGen: 572786K->1664K(553408K)] 985044K->414362K(1240384K), 0.0432160 secs] [Times: user=0.17 sys=0.00, real=0.04 secs] 
2014-07-08T23:12:50.030+0000: 3050.839: [GC [PSYoungGen: 553408K->1586K(534592K)] 966106K->414756K(1221568K), 0.0072490 secs] [Times: user=0.03 sys=0.00, real=0.00 secs] 
2014-07-08T23:12:55.055+0000: 3055.864: [GC [PSYoungGen: 534578K->1750K(516864K)] 947748K->415376K(1203840K), 0.0473580 secs] [Times: user=0.18 sys=0.00, real=0.05 secs] 
2014-07-08T23:12:59.510+0000: 3060.319: [GC [PSYoungGen: 516822K->1394K(499328K)] 930448K->415572K(1186304K), 0.0351440 secs] [Times: user=0.14 sys=0.00, real=0.04 secs] 
2014-07-08T23:13:02.324+0000: 3063.133: [GC [PSYoungGen: 499314K->1704K(483264K)] 913492K->416274K(1170240K), 0.0070420 secs] [Times: user=0.03 sys=0.00, real=0.01 secs] 
2014-07-08T23:13:06.643+0000: 3067.452: [GC [PSYoungGen: 483240K->1508K(467392K)] 897810K->416566K(1154368K), 0.0412830 secs] [Times: user=0.16 sys=0.00, real=0.04 secs] 
2014-07-08T23:13:10.806+0000: 3071.615: [GC [PSYoungGen: 467364K->1618K(452544K)] 882422K->417004K(1139520K), 0.0171830 secs] [Times: user=0.06 sys=0.00, real=0.02 secs] 
2014-07-08T23:13:15.626+0000: 3076.435: [GC [PSYoungGen: 452498K->1444K(438016K)] 867884K->417390K(1124992K), 0.0506170 secs] [Times: user=0.20 sys=0.00, real=0.05 secs] 
2014-07-08T23:13:19.300+0000: 3080.109: [GC [PSYoungGen: 437988K->1796K(424704K)] 853934K->418094K(1111680K), 0.0078380 secs] [Times: user=0.02 sys=0.00, real=0.01 secs] 
2014-07-08T23:13:23.006+0000: 3083.815: [GC [PSYoungGen: 424644K->1334K(411072K)] 840942K->418240K(1098048K), 0.0404230 secs] [Times: user=0.15 sys=0.00, real=0.04 secs] 
2014-07-08T23:13:27.383+0000: 3088.192: [GC [PSYoungGen: 411062K->1786K(398976K)] 827968K->418988K(1085952K), 0.0110200 secs] [Times: user=0.03 sys=0.00, real=0.01 secs] 
2014-07-08T23:13:31.282+0000: 3092.091: [GC [PSYoungGen: 398907K->1522K(386688K)] 816109K->419156K(1073664K), 0.0327410 secs] [Times: user=0.11 sys=0.01, real=0.03 secs] 
2014-07-08T23:13:34.272+0000: 3095.081: [GC [PSYoungGen: 386653K->1444K(375104K)] 804287K->419366K(1062080K), 0.0263330 secs] [Times: user=0.11 sys=0.01, real=0.03 secs] 
2014-07-08T23:13:37.808+0000: 3098.617: [GC [PSYoungGen: 375076K->1526K(364160K)] 792998K->419800K(1051136K), 0.0124100 secs] [Times: user=0.04 sys=0.00, real=0.01 secs] 
2014-07-08T23:13:41.105+0000: 3101.914: [GC [PSYoungGen: 364150K->1458K(353536K)] 782424K->420060K(1040512K), 0.0355740 secs] [Times: user=0.14 sys=0.00, real=0.04 secs] 
2014-07-08T23:13:43.687+0000: 3104.496: [GC [PSYoungGen: 353522K->1558K(424128K)] 772124K->420464K(1111104K), 0.0522560 secs] [Times: user=0.20 sys=0.00, real=0.05 secs] 
2014-07-08T23:13:47.465+0000: 3108.274: [GC [PSYoungGen: 424086K->1604K(411072K)] 842992K->420750K(1098048K), 0.0298660 secs] [Times: user=0.11 sys=0.00, real=0.03 secs] 
2014-07-08T23:13:49.672+0000: 3110.481: [GC [PSYoungGen: 411012K->1394K(398272K)] 830158K->420932K(1085248K), 0.0057060 secs] [Times: user=0.02 sys=0.00, real=0.01 secs] 
2014-07-08T23:13:52.536+0000: 3113.344: [GC [PSYoungGen: 398258K->1476K(386432K)] 817796K->421278K(1073408K), 0.0297200 secs] [Times: user=0.11 sys=0.00, real=0.03 secs] 
2014-07-08T23:13:55.083+0000: 3115.891: [GC [PSYoungGen: 386372K->1444K(374848K)] 806174K->421486K(1061824K), 0.0336680 secs] [Times: user=0.12 sys=0.01, real=0.03 secs] 
2014-07-08T23:13:57.491+0000: 3118.300: [GC [PSYoungGen: 374820K->1586K(449664K)] 794862K->421884K(1136640K), 0.0416700 secs] [Times: user=0.16 sys=0.00, real=0.04 secs] 
2014-07-08T23:14:00.542+0000: 3121.351: [GC [PSYoungGen: 449650K->1444K(539200K)] 869948K->422038K(1226176K), 0.0475310 secs] [Times: user=0.18 sys=0.00, real=0.05 secs] 
2014-07-08T23:14:04.143+0000: 3124.952: [GC [PSYoungGen: 539172K->1458K(646784K)] 959766K->422332K(1333760K), 0.0242900 secs] [Times: user=0.09 sys=0.01, real=0.02 secs] 
2014-07-08T23:14:08.318+0000: 3129.127: [GC [PSYoungGen: 646700K->1444K(775872K)] 1067574K->422822K(1462848K), 0.0341850 secs] [Times: user=0.12 sys=0.00, real=0.04 secs] 
2014-07-08T23:14:13.115+0000: 3133.924: [GC [PSYoungGen: 775844K->1764K(747200K)] 1197222K->423582K(1434176K), 0.0309400 secs] [Times: user=0.12 sys=0.00, real=0.03 secs] 
2014-07-08T23:14:17.305+0000: 3138.113: [GC [PSYoungGen: 747171K->1256K(719040K)] 1168989K->424090K(1406016K), 0.0386340 secs] [Times: user=0.14 sys=0.00, real=0.04 secs] 
2014-07-08T23:14:22.088+0000: 3142.897: [GC [PSYoungGen: 719016K->1796K(693248K)] 1141850K->425078K(1380224K), 0.0316880 secs] [Times: user=0.09 sys=0.00, real=0.03 secs] 
2014-07-08T23:14:26.465+0000: 3147.274: [GC [PSYoungGen: 693188K->1636K(667904K)] 1116470K->425470K(1354880K), 0.0299110 secs] [Times: user=0.11 sys=0.01, real=0.03 secs] 
2014-07-08T23:14:30.404+0000: 3151.212: [GC [PSYoungGen: 667873K->1554K(643840K)] 1091707K->425796K(1330816K), 0.0098660 secs] [Times: user=0.03 sys=0.00, real=0.01 secs] 
2014-07-08T23:14:33.689+0000: 3154.498: [GC [PSYoungGen: 643794K->1490K(620864K)] 1068036K->426108K(1307840K), 0.0264240 secs] [Times: user=0.10 sys=0.00, real=0.03 secs] 
2014-07-08T23:14:37.494+0000: 3158.303: [GC [PSYoungGen: 620818K->1586K(599104K)] 1045436K->426476K(1286080K), 0.0108190 secs] [Times: user=0.02 sys=0.00, real=0.01 secs] 
2014-07-08T23:14:41.306+0000: 3162.115: [GC [PSYoungGen: 599090K->1700K(578368K)] 1023980K->427046K(1265344K), 0.0349070 secs] [Times: user=0.14 sys=0.00, real=0.03 secs] 
2014-07-08T23:14:45.735+0000: 3166.543: [GC [PSYoungGen: 578339K->1732K(558528K)] 1003685K->427438K(1245504K), 0.0472290 secs] [Times: user=0.18 sys=0.00, real=0.05 secs] 
2014-07-08T23:14:49.484+0000: 3170.293: [GC [PSYoungGen: 558466K->1152K(538880K)] 984172K->427498K(1225856K), 0.0306630 secs] [Times: user=0.12 sys=0.00, real=0.03 secs] 
2014-07-08T23:14:53.081+0000: 3173.890: [GC [PSYoungGen: 538880K->1650K(521280K)] 965226K->428340K(1208256K), 0.0515810 secs] [Times: user=0.20 sys=0.00, real=0.05 secs] 
2014-07-08T23:14:55.968+0000: 3176.776: [GC [PSYoungGen: 521266K->1586K(503872K)] 947956K->428612K(1190848K), 0.0232750 secs] [Times: user=0.08 sys=0.01, real=0.03 secs] 
2014-07-08T23:14:59.797+0000: 3180.606: [GC [PSYoungGen: 503858K->1654K(604416K)] 930884K->429040K(1291392K), 0.0615870 secs] [Times: user=0.24 sys=0.00, real=0.07 secs] 
2014-07-08T23:15:03.854+0000: 3184.663: [GC [PSYoungGen: 604406K->1138K(582848K)] 1031792K->429092K(1269824K), 0.0244470 secs] [Times: user=0.09 sys=0.01, real=0.02 secs] 
2014-07-08T23:15:07.017+0000: 3187.826: [GC [PSYoungGen: 582834K->1664K(699712K)] 1010788K->429930K(1386688K), 0.0489040 secs] [Times: user=0.17 sys=0.01, real=0.05 secs] 
2014-07-08T23:15:12.559+0000: 3193.368: [GC [PSYoungGen: 699712K->1458K(839168K)] 1127978K->430268K(1526144K), 0.0427430 secs] [Times: user=0.17 sys=0.00, real=0.05 secs] 
2014-07-08T23:15:18.545+0000: 3199.354: [GC [PSYoungGen: 839154K->1860K(807616K)] 1267964K->431126K(1494592K), 0.0104360 secs] [Times: user=0.03 sys=0.00, real=0.01 secs] 
2014-07-08T23:15:24.083+0000: 3204.892: [GC [PSYoungGen: 807556K->1014K(776256K)] 1236822K->431528K(1463232K), 0.0621530 secs] [Times: user=0.24 sys=0.01, real=0.06 secs] 
2014-07-08T23:15:30.357+0000: 3211.165: [GC [PSYoungGen: 776246K->2184K(748416K)] 1206760K->433186K(1435392K), 0.0199330 secs] [Times: user=0.08 sys=0.00, real=0.02 secs] 
2014-07-08T23:15:35.893+0000: 3216.702: [GC [PSYoungGen: 748360K->1398K(719872K)] 1179362K->433560K(1406848K), 0.0480530 secs] [Times: user=0.18 sys=0.00, real=0.05 secs] 
2014-07-08T23:15:40.539+0000: 3221.348: [GC [PSYoungGen: 719862K->1650K(693696K)] 1152024K->434300K(1380672K), 0.0071890 secs] [Times: user=0.02 sys=0.00, real=0.01 secs] 
2014-07-08T23:15:45.436+0000: 3226.245: [GC [PSYoungGen: 693672K->1668K(668608K)] 1126323K->434806K(1355584K), 0.0074950 secs] [Times: user=0.02 sys=0.01, real=0.01 secs] 
2014-07-08T23:15:51.283+0000: 3232.092: [GC [PSYoungGen: 668548K->1810K(644736K)] 1101686K->435420K(1331712K), 0.0450080 secs] [Times: user=0.18 sys=0.00, real=0.05 secs] 
2014-07-08T23:15:56.561+0000: 3237.370: [GC [PSYoungGen: 644690K->1600K(621568K)] 1078300K->435738K(1308544K), 0.0496300 secs] [Times: user=0.18 sys=0.00, real=0.05 secs] 
2014-07-08T23:16:00.199+0000: 3241.008: [GC [PSYoungGen: 621527K->1686K(599808K)] 1055665K->436296K(1286784K), 0.0606600 secs] [Times: user=0.23 sys=0.01, real=0.06 secs] 
2014-07-08T23:16:04.678+0000: 3245.487: [GC [PSYoungGen: 599766K->1700K(578944K)] 1034376K->436710K(1265920K), 0.0359110 secs] [Times: user=0.12 sys=0.00, real=0.04 secs] 
2014-07-08T23:16:09.247+0000: 3250.056: [GC [PSYoungGen: 578916K->1714K(694400K)] 1013926K->437100K(1381376K), 0.0636540 secs] [Times: user=0.25 sys=0.00, real=0.07 secs] 
2014-07-08T23:16:14.117+0000: 3254.926: [GC [PSYoungGen: 694381K->1586K(669056K)] 1129767K->437428K(1356032K), 0.0461980 secs] [Times: user=0.17 sys=0.01, real=0.05 secs] 
2014-07-08T23:16:18.237+0000: 3259.046: [GC [PSYoungGen: 669042K->1796K(645248K)] 1104884K->438086K(1332224K), 0.0305330 secs] [Times: user=0.11 sys=0.00, real=0.03 secs] 
2014-07-08T23:16:24.383+0000: 3265.192: [GC [PSYoungGen: 645188K->1444K(621952K)] 1081478K->438422K(1308928K), 0.0267690 secs] [Times: user=0.10 sys=0.00, real=0.02 secs] 
2014-07-08T23:16:30.060+0000: 3270.869: [GC [PSYoungGen: 621905K->1746K(600384K)] 1058884K->439196K(1287360K), 0.0479720 secs] [Times: user=0.19 sys=0.00, real=0.05 secs] 
2014-07-08T23:16:35.326+0000: 3276.135: [GC [PSYoungGen: 600338K->1636K(579392K)] 1037788K->439646K(1266368K), 0.0322500 secs] [Times: user=0.13 sys=0.00, real=0.03 secs] 
2014-07-08T23:16:40.291+0000: 3281.100: [GC [PSYoungGen: 579364K->1682K(559488K)] 1017374K->440156K(1246464K), 0.0531600 secs] [Times: user=0.20 sys=0.00, real=0.06 secs] 
2014-07-08T23:16:44.786+0000: 3285.595: [GC [PSYoungGen: 559442K->1654K(540352K)] 997916K->440600K(1227328K), 0.0341970 secs] [Times: user=0.13 sys=0.00, real=0.03 secs] 
2014-07-08T23:16:48.826+0000: 3289.634: [GC [PSYoungGen: 540342K->1750K(522304K)] 979288K->441096K(1209280K), 0.0488310 secs] [Times: user=0.18 sys=0.00, real=0.04 secs] 
2014-07-08T23:16:53.932+0000: 3294.741: [GC [PSYoungGen: 522262K->1572K(504768K)] 961608K->441390K(1191744K), 0.0303730 secs] [Times: user=0.11 sys=0.01, real=0.03 secs] 
2014-07-08T23:16:57.939+0000: 3298.748: [GC [PSYoungGen: 504740K->1618K(488256K)] 944558K->441796K(1175232K), 0.0534460 secs] [Times: user=0.20 sys=0.01, real=0.05 secs] 
2014-07-08T23:17:01.197+0000: 3302.005: [GC [PSYoungGen: 488208K->1490K(472256K)] 928386K->442076K(1159232K), 0.0152010 secs] [Times: user=0.03 sys=0.00, real=0.02 secs] 
2014-07-08T23:17:05.603+0000: 3306.412: [GC [PSYoungGen: 472210K->1572K(457152K)] 912796K->442502K(1144128K), 0.0595610 secs] [Times: user=0.23 sys=0.00, real=0.06 secs] 
2014-07-08T23:17:09.970+0000: 3310.778: [GC [PSYoungGen: 457124K->1746K(548480K)] 898054K->443036K(1235456K), 0.0570820 secs] [Times: user=0.23 sys=0.00, real=0.05 secs] 
2014-07-08T23:17:15.554+0000: 3316.362: [GC [PSYoungGen: 548434K->1618K(529792K)] 989724K->443252K(1216768K), 0.0408610 secs] [Times: user=0.16 sys=0.01, real=0.04 secs] 
2014-07-08T23:17:19.847+0000: 3320.656: [GC [PSYoungGen: 529740K->1316K(635136K)] 971374K->443702K(1322112K), 0.0495020 secs] [Times: user=0.18 sys=0.01, real=0.05 secs] 
2014-07-08T23:17:25.464+0000: 3326.273: [GC [PSYoungGen: 635108K->1878K(613184K)] 1077494K->444672K(1300160K), 0.0433870 secs] [Times: user=0.17 sys=0.00, real=0.04 secs] 
2014-07-08T23:17:30.535+0000: 3331.344: [GC [PSYoungGen: 613142K->1664K(735232K)] 1055936K->444978K(1422208K), 0.0828780 secs] [Times: user=0.31 sys=0.00, real=0.08 secs] 
2014-07-08T23:17:35.888+0000: 3336.697: [GC [PSYoungGen: 735232K->1682K(708160K)] 1178546K->445492K(1395136K), 0.0102620 secs] [Times: user=0.04 sys=0.00, real=0.01 secs] 
2014-07-08T23:17:43.425+0000: 3344.234: [GC [PSYoungGen: 708091K->1658K(682240K)] 1151901K->446164K(1369216K), 0.0412590 secs] [Times: user=0.14 sys=0.01, real=0.04 secs] 
2014-07-08T23:17:49.362+0000: 3350.171: [GC [PSYoungGen: 682234K->1906K(657856K)] 1126740K->446924K(1344832K), 0.0626480 secs] [Times: user=0.24 sys=0.01, real=0.07 secs] 
2014-07-08T23:17:54.441+0000: 3355.249: [GC [PSYoungGen: 657842K->1568K(634048K)] 1102860K->447178K(1321024K), 0.0166960 secs] [Times: user=0.04 sys=0.01, real=0.02 secs] 
2014-07-08T23:17:59.502+0000: 3360.311: [GC [PSYoungGen: 634016K->1650K(611648K)] 1079626K->447708K(1298624K), 0.0377100 secs] [Times: user=0.14 sys=0.00, real=0.04 secs] 
2014-07-08T23:18:03.830+0000: 3364.639: [GC [PSYoungGen: 611630K->1622K(590208K)] 1057689K->448160K(1277184K), 0.0339240 secs] [Times: user=0.13 sys=0.00, real=0.03 secs] 
2014-07-08T23:18:08.425+0000: 3369.234: [GC [PSYoungGen: 590125K->1882K(570048K)] 1036663K->448812K(1257024K), 0.0112250 secs] [Times: user=0.04 sys=0.00, real=0.01 secs] 
2014-07-08T23:18:13.763+0000: 3374.571: [GC [PSYoungGen: 570010K->1334K(549952K)] 1016940K->449032K(1236928K), 0.0582500 secs] [Times: user=0.23 sys=0.00, real=0.06 secs] 
2014-07-08T23:18:17.252+0000: 3378.061: [GC [PSYoungGen: 549942K->1828K(531840K)] 997640K->449934K(1218816K), 0.0386380 secs] [Times: user=0.14 sys=0.00, real=0.04 secs] 
2014-07-08T23:18:22.314+0000: 3383.123: [GC [PSYoungGen: 531812K->1796K(514048K)] 979918K->450374K(1201024K), 0.0370520 secs] [Times: user=0.15 sys=0.00, real=0.04 secs] 
2014-07-08T23:18:26.532+0000: 3387.341: [GC [PSYoungGen: 513988K->1586K(496768K)] 962566K->450580K(1183744K), 0.0359710 secs] [Times: user=0.14 sys=0.00, real=0.03 secs] 
2014-07-08T23:18:31.701+0000: 3392.509: [GC [PSYoungGen: 496751K->1316K(480256K)] 945745K->450990K(1167232K), 0.0454870 secs] [Times: user=0.18 sys=0.00, real=0.05 secs] 
2014-07-08T23:18:35.669+0000: 3396.478: [GC [PSYoungGen: 480228K->1764K(465152K)] 929902K->451798K(1152128K), 0.0368150 secs] [Times: user=0.14 sys=0.00, real=0.04 secs] 
2014-07-08T23:18:39.102+0000: 3399.911: [GC [PSYoungGen: 465124K->1640K(557696K)] 915158K->452106K(1244672K), 0.0622960 secs] [Times: user=0.23 sys=0.00, real=0.06 secs] 
2014-07-08T23:18:43.733+0000: 3404.542: [GC [PSYoungGen: 557595K->1700K(538816K)] 1008061K->452526K(1225792K), 0.0153960 secs] [Times: user=0.05 sys=0.00, real=0.02 secs] 
2014-07-08T23:18:48.433+0000: 3409.242: [GC [PSYoungGen: 538788K->1398K(645952K)] 989614K->452896K(1332928K), 0.1028340 secs] [Times: user=0.40 sys=0.00, real=0.10 secs] 
2014-07-08T23:18:53.424+0000: 3414.233: [GC [PSYoungGen: 645941K->1964K(775488K)] 1097440K->453878K(1462464K), 0.0357760 secs] [Times: user=0.14 sys=0.00, real=0.04 secs] 
2014-07-08T23:19:00.177+0000: 3420.986: [GC [PSYoungGen: 775468K->1384K(745920K)] 1227382K->454266K(1432896K), 0.0328580 secs] [Times: user=0.13 sys=0.00, real=0.03 secs] 
2014-07-08T23:19:07.181+0000: 3427.990: [GC [PSYoungGen: 745896K->2024K(718912K)] 1198778K->455458K(1405888K), 0.0352170 secs] [Times: user=0.13 sys=0.00, real=0.04 secs] 
2014-07-08T23:19:13.002+0000: 3433.810: [GC [PSYoungGen: 718888K->1590K(692160K)] 1172322K->455896K(1379136K), 0.0283330 secs] [Times: user=0.11 sys=0.00, real=0.03 secs] 
2014-07-08T23:19:19.172+0000: 3439.981: [GC [PSYoungGen: 692150K->1892K(667392K)] 1146456K->456710K(1354368K), 0.0492270 secs] [Times: user=0.19 sys=0.00, real=0.05 secs] 
2014-07-08T23:19:24.668+0000: 3445.477: [GC [PSYoungGen: 667364K->1764K(643328K)] 1122182K->457182K(1330304K), 0.0455710 secs] [Times: user=0.15 sys=0.00, real=0.05 secs] 
2014-07-08T23:19:28.784+0000: 3449.593: [GC [PSYoungGen: 643300K->1636K(620352K)] 1098718K->457526K(1307328K), 0.0323260 secs] [Times: user=0.12 sys=0.00, real=0.03 secs] 
2014-07-08T23:19:32.953+0000: 3453.762: [GC [PSYoungGen: 620324K->1754K(598656K)] 1076214K->458084K(1285632K), 0.0583530 secs] [Times: user=0.21 sys=0.00, real=0.06 secs] 
2014-07-08T23:19:37.159+0000: 3457.968: [GC [PSYoungGen: 598618K->1814K(577920K)] 1054948K->458528K(1264896K), 0.0500400 secs] [Times: user=0.20 sys=0.00, real=0.05 secs] 
2014-07-08T23:19:40.536+0000: 3461.344: [GC [PSYoungGen: 577878K->1458K(557696K)] 1034592K->458572K(1244672K), 0.0104790 secs] [Times: user=0.04 sys=0.01, real=0.01 secs] 
2014-07-08T23:19:43.825+0000: 3464.634: [GC [PSYoungGen: 557681K->1568K(538880K)] 1014795K->459026K(1225856K), 0.0244740 secs] [Times: user=0.09 sys=0.00, real=0.02 secs] 
2014-07-08T23:19:48.152+0000: 3468.961: [GC [PSYoungGen: 538751K->1782K(520960K)] 996209K->459568K(1207936K), 0.0408970 secs] [Times: user=0.14 sys=0.00, real=0.05 secs] 
2014-07-08T23:19:50.806+0000: 3471.614: [GC [PSYoungGen: 520950K->1440K(503296K)] 978736K->459674K(1190272K), 0.0117690 secs] [Times: user=0.04 sys=0.00, real=0.01 secs] 
2014-07-08T23:19:54.099+0000: 3474.908: [GC [PSYoungGen: 503264K->1522K(486784K)] 961498K->460044K(1173760K), 0.0309070 secs] [Times: user=0.12 sys=0.00, real=0.03 secs] 
2014-07-08T23:19:56.525+0000: 3477.334: [GC [PSYoungGen: 486770K->1458K(470912K)] 945292K->460236K(1157888K), 0.0084230 secs] [Times: user=0.02 sys=0.00, real=0.00 secs] 
2014-07-08T23:19:59.431+0000: 3480.240: [GC [PSYoungGen: 470898K->1472K(564800K)] 929676K->460618K(1251776K), 0.0717630 secs] [Times: user=0.29 sys=0.00, real=0.07 secs] 
2014-07-08T23:20:03.248+0000: 3484.057: [GC [PSYoungGen: 564800K->1440K(545536K)] 1023946K->460866K(1232512K), 0.0253540 secs] [Times: user=0.10 sys=0.00, real=0.02 secs] 
2014-07-08T23:20:07.098+0000: 3487.907: [GC [PSYoungGen: 545504K->1618K(527296K)] 1004930K->461356K(1214272K), 0.0230910 secs] [Times: user=0.09 sys=0.00, real=0.02 secs] 
2014-07-08T23:20:10.780+0000: 3491.589: [GC [PSYoungGen: 527250K->1572K(509632K)] 986988K->461734K(1196608K), 0.0465270 secs] [Times: user=0.18 sys=0.00, real=0.05 secs] 
2014-07-08T23:20:14.237+0000: 3495.046: [GC [PSYoungGen: 509604K->1654K(492864K)] 969766K->462136K(1179840K), 0.0138230 secs] [Times: user=0.05 sys=0.00, real=0.01 secs] 
2014-07-08T23:20:17.371+0000: 3498.180: [GC [PSYoungGen: 492854K->1750K(476928K)] 953336K->462560K(1163904K), 0.0300220 secs] [Times: user=0.11 sys=0.00, real=0.03 secs] 
2014-07-08T23:20:21.030+0000: 3501.839: [GC [PSYoungGen: 476886K->1188K(571392K)] 937696K->462646K(1258368K), 0.0775430 secs] [Times: user=0.22 sys=0.00, real=0.08 secs] 
2014-07-08T23:20:24.811+0000: 3505.620: [GC [PSYoungGen: 571364K->1586K(685824K)] 1032822K->463324K(1372800K), 0.0402440 secs] [Times: user=0.14 sys=0.00, real=0.04 secs] 
2014-07-08T23:20:28.542+0000: 3509.351: [GC [PSYoungGen: 685808K->1718K(661120K)] 1147546K->463848K(1348096K), 0.0120440 secs] [Times: user=0.04 sys=0.00, real=0.01 secs] 
2014-07-08T23:20:31.891+0000: 3512.700: [GC [PSYoungGen: 661110K->1590K(637312K)] 1123240K->464128K(1324288K), 0.0288520 secs] [Times: user=0.11 sys=0.00, real=0.03 secs] 
2014-07-08T23:20:35.994+0000: 3516.803: [GC [PSYoungGen: 637294K->1316K(614464K)] 1099832K->464502K(1301440K), 0.0071320 secs] [Times: user=0.03 sys=0.00, real=0.01 secs] 
2014-07-08T23:20:40.777+0000: 3521.586: [GC [PSYoungGen: 614436K->1778K(593344K)] 1077622K->465364K(1280320K), 0.0296460 secs] [Times: user=0.11 sys=0.00, real=0.03 secs] 
2014-07-08T23:20:44.780+0000: 3525.588: [GC [PSYoungGen: 593330K->1540K(572608K)] 1056916K->465606K(1259584K), 0.0132580 secs] [Times: user=0.05 sys=0.00, real=0.02 secs] 
2014-07-08T23:20:48.136+0000: 3528.945: [GC [PSYoungGen: 572548K->1764K(553152K)] 1036614K->466158K(1240128K), 0.0358080 secs] [Times: user=0.13 sys=0.01, real=0.04 secs] 
2014-07-08T23:20:51.676+0000: 3532.485: [GC [PSYoungGen: 553124K->1252K(533888K)] 1017518K->466302K(1220864K), 0.0464550 secs] [Times: user=0.18 sys=0.00, real=0.05 secs] 
2014-07-08T23:20:54.452+0000: 3535.261: [GC [PSYoungGen: 533860K->1572K(516288K)] 998910K->466910K(1203264K), 0.0342040 secs] [Times: user=0.12 sys=0.00, real=0.04 secs] 
2014-07-08T23:20:57.774+0000: 3538.583: [GC [PSYoungGen: 516260K->1600K(499200K)] 981598K->467250K(1186176K), 0.0311030 secs] [Times: user=0.12 sys=0.00, real=0.03 secs] 
2014-07-08T23:21:00.903+0000: 3541.712: [GC [PSYoungGen: 499200K->1458K(482688K)] 964850K->467492K(1169664K), 0.0355320 secs] [Times: user=0.08 sys=0.00, real=0.04 secs] 
2014-07-08T23:21:04.318+0000: 3545.127: [GC [PSYoungGen: 482669K->1462K(578944K)] 948703K->467832K(1265920K), 0.0468920 secs] [Times: user=0.18 sys=0.01, real=0.05 secs] 
2014-07-08T23:21:09.513+0000: 3550.322: [GC [PSYoungGen: 578934K->1728K(559296K)] 1045304K->468370K(1246272K), 0.0361660 secs] [Times: user=0.14 sys=0.00, real=0.04 secs] 
2014-07-08T23:21:13.120+0000: 3553.929: [GC [PSYoungGen: 559296K->1216K(670336K)] 1025938K->468562K(1357312K), 0.0528140 secs] [Times: user=0.19 sys=0.00, real=0.05 secs] 
2014-07-08T23:21:17.599+0000: 3558.408: [GC [PSYoungGen: 670336K->1932K(646976K)] 1137682K->469622K(1333952K), 0.0232120 secs] [Times: user=0.09 sys=0.00, real=0.02 secs] 
2014-07-08T23:21:22.824+0000: 3563.633: [GC [PSYoungGen: 646825K->1192K(623168K)] 1114515K->469890K(1310144K), 0.0397300 secs] [Times: user=0.15 sys=0.00, real=0.04 secs] 
2014-07-08T23:21:28.240+0000: 3569.049: [GC [PSYoungGen: 623054K->1956K(601984K)] 1091752K->471102K(1288960K), 0.0259350 secs] [Times: user=0.10 sys=0.00, real=0.02 secs] 
2014-07-08T23:21:33.736+0000: 3574.545: [GC [PSYoungGen: 601956K->1572K(580672K)] 1071102K->471286K(1267648K), 0.0069440 secs] [Times: user=0.03 sys=0.00, real=0.01 secs] 
2014-07-08T23:21:38.662+0000: 3579.471: [GC [PSYoungGen: 580644K->1874K(560960K)] 1050358K->472060K(1247936K), 0.0480010 secs] [Times: user=0.18 sys=0.00, real=0.05 secs] 
2014-07-08T23:21:44.297+0000: 3585.105: [GC [PSYoungGen: 560914K->1380K(541376K)] 1031100K->472502K(1228352K), 0.0577170 secs] [Times: user=0.22 sys=0.00, real=0.06 secs] 
2014-07-08T23:21:49.247+0000: 3590.056: [GC [PSYoungGen: 541348K->1764K(523520K)] 1012470K->473310K(1210496K), 0.0318130 secs] [Times: user=0.12 sys=0.00, real=0.03 secs] 
2014-07-08T23:21:53.886+0000: 3594.695: [GC [PSYoungGen: 523492K->1736K(506112K)] 995038K->473834K(1193088K), 0.0350010 secs] [Times: user=0.13 sys=0.00, real=0.03 secs] 
2014-07-08T23:21:57.709+0000: 3598.518: [GC [PSYoungGen: 506056K->1750K(489472K)] 978154K->474240K(1176448K), 0.0316980 secs] [Times: user=0.12 sys=0.01, real=0.03 secs] 
2014-07-08T23:22:01.654+0000: 3602.462: [GC [PSYoungGen: 489430K->1330K(473088K)] 961920K->474452K(1160064K), 0.0371110 secs] [Times: user=0.14 sys=0.00, real=0.03 secs] 
2014-07-08T23:22:05.047+0000: 3605.855: [GC [PSYoungGen: 473067K->1704K(458240K)] 946189K->475194K(1145216K), 0.0508680 secs] [Times: user=0.18 sys=0.00, real=0.05 secs] 
2014-07-08T23:22:08.987+0000: 3609.795: [GC [PSYoungGen: 458216K->1718K(443712K)] 931706K->475568K(1130688K), 0.0337390 secs] [Times: user=0.13 sys=0.00, real=0.03 secs] 
2014-07-08T23:22:13.113+0000: 3613.922: [GC [PSYoungGen: 443702K->1636K(532096K)] 917552K->475886K(1219072K), 0.0720600 secs] [Times: user=0.28 sys=0.01, real=0.08 secs] 
2014-07-08T23:22:17.888+0000: 3618.697: [GC [PSYoungGen: 532068K->1508K(514176K)] 1006318K->476238K(1201152K), 0.0135700 secs] [Times: user=0.02 sys=0.00, real=0.01 secs] 
2014-07-08T23:22:22.645+0000: 3623.454: [GC [PSYoungGen: 514148K->1810K(497472K)] 988878K->476948K(1184448K), 0.0407620 secs] [Times: user=0.15 sys=0.00, real=0.05 secs] 
2014-07-08T23:22:26.932+0000: 3627.741: [GC [PSYoungGen: 497426K->288K(479680K)] 972564K->475858K(1166656K), 0.0481400 secs] [Times: user=0.18 sys=0.00, real=0.05 secs] 
2014-07-08T23:22:31.340+0000: 3632.149: [GC [PSYoungGen: 479648K->2560K(577792K)] 955218K->563912K(1264768K), 0.1463270 secs] [Times: user=0.55 sys=0.04, real=0.14 secs] 
Heap
 PSYoungGen      total 577792K, used 132566K [0x0000000755560000, 0x00000007b0310000, 0x0000000800000000)
  eden space 575232K, 22% used [0x0000000755560000,0x000000075d4558d0,0x0000000778720000)
  from space 2560K, 100% used [0x00000007afe50000,0x00000007b00d0000,0x00000007b00d0000)
  to   space 2304K, 0% used [0x00000007b00d0000,0x00000007b00d0000,0x00000007b0310000)
 ParOldGen       total 686976K, used 561352K [0x0000000600000000, 0x0000000629ee0000, 0x0000000755560000)
  object space 686976K, 81% used [0x0000000600000000,0x0000000622432218,0x0000000629ee0000)
 PSPermGen       total 21248K, used 11737K [0x00000005f5a00000, 0x00000005f6ec0000, 0x0000000600000000)
  object space 21248K, 55% used [0x00000005f5a00000,0x00000005f65764b8,0x00000005f6ec0000)
