2014-07-08T23:37:15.241+0000: 23.204: [GC [PSYoungGen: 257728K->42855K(300608K)] 257728K->72507K(987584K), 0.0614220 secs] [Times: user=0.21 sys=0.04, real=0.07 secs] 
2014-07-08T23:37:16.268+0000: 24.231: [GC [PSYoungGen: 300583K->42850K(300608K)] 331650K->77695K(987584K), 0.0640430 secs] [Times: user=0.23 sys=0.02, real=0.07 secs] 
2014-07-08T23:37:17.422+0000: 25.385: [GC [PSYoungGen: 300578K->42862K(300608K)] 335423K->79468K(987584K), 0.0620210 secs] [Times: user=0.25 sys=0.00, real=0.07 secs] 
2014-07-08T23:37:18.794+0000: 26.757: [GC [PSYoungGen: 300577K->42855K(558336K)] 337183K->79776K(1245312K), 0.0617420 secs] [Times: user=0.22 sys=0.02, real=0.06 secs] 
2014-07-08T23:37:21.752+0000: 29.715: [GC [PSYoungGen: 558298K->42676K(558336K)] 595218K->79597K(1245312K), 0.0716560 secs] [Times: user=0.26 sys=0.02, real=0.08 secs] 
2014-07-08T23:37:24.530+0000: 32.493: [GC [PSYoungGen: 558132K->42742K(1100224K)] 595053K->79663K(1787200K), 0.0867390 secs] [Times: user=0.27 sys=0.04, real=0.09 secs] 
2014-07-08T23:37:29.037+0000: 37.000: [GC [PSYoungGen: 1073654K->2778K(1102208K)] 1110575K->79799K(1789184K), 0.0818690 secs] [Times: user=0.30 sys=0.03, real=0.08 secs] 
2014-07-08T23:37:32.827+0000: 40.790: [GC [PSYoungGen: 1033649K->1894K(2136512K)] 1110671K->79704K(2823488K), 0.0103670 secs] [Times: user=0.04 sys=0.00, real=0.01 secs] 
2014-07-08T23:37:40.539+0000: 48.502: [GC [PSYoungGen: 2060070K->1748K(2140160K)] 2137880K->79871K(2827136K), 0.0145420 secs] [Times: user=0.05 sys=0.00, real=0.01 secs] 
2014-07-08T23:37:49.686+0000: 57.649: [GC [PSYoungGen: 2059924K->1236K(2711488K)] 2138047K->79716K(3398464K), 0.0039490 secs] [Times: user=0.01 sys=0.00, real=0.01 secs] 
2014-07-08T23:38:01.470+0000: 69.433: [GC [PSYoungGen: 2629076K->1392K(2712000K)] 2707556K->80167K(3398976K), 0.0137350 secs] [Times: user=0.05 sys=0.00, real=0.01 secs] 
2014-07-08T23:38:13.216+0000: 81.179: [GC [PSYoungGen: 2629223K->1190K(2509440K)] 2707998K->80148K(3196416K), 0.0101430 secs] [Times: user=0.03 sys=0.00, real=0.01 secs] 
2014-07-08T23:38:24.452+0000: 92.415: [GC [PSYoungGen: 2509387K->1172K(2477056K)] 2588344K->80281K(3164032K), 0.0104890 secs] [Times: user=0.04 sys=0.01, real=0.02 secs] 
2014-07-08T23:38:35.168+0000: 103.131: [GC [PSYoungGen: 2395694K->1410K(2288000K)] 2474803K->80694K(2974976K), 0.0244150 secs] [Times: user=0.08 sys=0.00, real=0.02 secs] 
2014-07-08T23:38:45.427+0000: 113.390: [GC [PSYoungGen: 2287938K->1140K(2262336K)] 2367222K->80570K(2949312K), 0.0089380 secs] [Times: user=0.03 sys=0.00, real=0.01 secs] 
2014-07-08T23:38:55.270+0000: 123.233: [GC [PSYoungGen: 2184921K->1204K(2087360K)] 2264352K->80810K(2774336K), 0.0146410 secs] [Times: user=0.02 sys=0.01, real=0.01 secs] 
2014-07-08T23:39:04.650+0000: 132.613: [GC [PSYoungGen: 2087348K->1140K(2066496K)] 2166954K->80874K(2753472K), 0.0300280 secs] [Times: user=0.10 sys=0.00, real=0.03 secs] 
2014-07-08T23:39:13.605+0000: 141.567: [GC [PSYoungGen: 1994484K->1172K(1906304K)] 2074218K->81050K(2593280K), 0.0179530 secs] [Times: user=0.04 sys=0.01, real=0.02 secs] 
2014-07-08T23:39:22.256+0000: 150.219: [GC [PSYoungGen: 1906260K->1140K(1888256K)] 1986138K->81154K(2575232K), 0.0117230 secs] [Times: user=0.04 sys=0.00, real=0.01 secs] 
2014-07-08T23:39:30.402+0000: 158.365: [GC [PSYoungGen: 1822388K->1328K(1742848K)] 1902402K->81470K(2429824K), 0.0169560 secs] [Times: user=0.03 sys=0.01, real=0.01 secs] 
2014-07-08T23:39:38.252+0000: 166.215: [GC [PSYoungGen: 1742827K->1346K(1726272K)] 1822969K->81625K(2413248K), 0.0040330 secs] [Times: user=0.01 sys=0.00, real=0.01 secs] 
2014-07-08T23:39:45.767+0000: 173.729: [GC [PSYoungGen: 1667010K->1012K(1594624K)] 1747289K->81410K(2281600K), 0.0153060 secs] [Times: user=0.04 sys=0.01, real=0.01 secs] 
2014-07-08T23:39:52.938+0000: 180.901: [GC [PSYoungGen: 1594612K->1328K(1579328K)] 1675010K->81799K(2266304K), 0.0104400 secs] [Times: user=0.04 sys=0.00, real=0.01 secs] 
2014-07-08T23:39:59.830+0000: 187.793: [GC [PSYoungGen: 1526384K->1108K(1460992K)] 1606855K->81666K(2147968K), 0.0132730 secs] [Times: user=0.03 sys=0.01, real=0.01 secs] 
2014-07-08T23:40:06.414+0000: 194.377: [GC [PSYoungGen: 1460948K->1484K(1446016K)] 1541506K->82163K(2132992K), 0.0049820 secs] [Times: user=0.01 sys=0.00, real=0.01 secs] 
2014-07-08T23:40:12.725+0000: 200.688: [GC [PSYoungGen: 1399308K->1076K(1339904K)] 1479987K->81882K(2026880K), 0.0189340 secs] [Times: user=0.06 sys=0.00, real=0.02 secs] 
2014-07-08T23:40:18.730+0000: 206.693: [GC [PSYoungGen: 1339892K->1140K(1325184K)] 1420698K->82018K(2012160K), 0.0066860 secs] [Times: user=0.02 sys=0.00, real=0.00 secs] 
2014-07-08T23:40:24.533+0000: 212.496: [GC [PSYoungGen: 1283828K->980K(1230336K)] 1364706K->81954K(1917312K), 0.0098040 secs] [Times: user=0.02 sys=0.01, real=0.01 secs] 
2014-07-08T23:40:30.045+0000: 218.008: [GC [PSYoungGen: 1230292K->1279K(1215936K)] 1311266K->82309K(1902912K), 0.0132320 secs] [Times: user=0.04 sys=0.00, real=0.01 secs] 
2014-07-08T23:40:35.379+0000: 223.342: [GC [PSYoungGen: 1179792K->1112K(1131392K)] 1260823K->82246K(1818368K), 0.0074010 secs] [Times: user=0.01 sys=0.00, real=0.01 secs] 
2014-07-08T23:40:40.486+0000: 228.448: [GC [PSYoungGen: 1131352K->1062K(1116864K)] 1212486K->82236K(1803840K), 0.0056830 secs] [Times: user=0.01 sys=0.00, real=0.00 secs] 
2014-07-08T23:40:45.391+0000: 233.354: [GC [PSYoungGen: 1085286K->1140K(1041600K)] 1166460K->82410K(1728576K), 0.0322550 secs] [Times: user=0.10 sys=0.00, real=0.03 secs] 
2014-07-08T23:40:50.139+0000: 238.102: [GC [PSYoungGen: 1041588K->1208K(1027200K)] 1122858K->82510K(1714176K), 0.0035170 secs] [Times: user=0.01 sys=0.00, real=0.00 secs] 
2014-07-08T23:40:54.650+0000: 242.613: [GC [PSYoungGen: 999992K->1414K(960576K)] 1081294K->82821K(1647552K), 0.0076060 secs] [Times: user=0.01 sys=0.00, real=0.01 secs] 
2014-07-08T23:40:59.006+0000: 246.969: [GC [PSYoungGen: 960518K->1865K(945920K)] 1041925K->83311K(1632896K), 0.0055720 secs] [Times: user=0.01 sys=0.00, real=0.01 secs] 
2014-07-08T23:41:03.146+0000: 251.109: [GC [PSYoungGen: 923209K->1140K(886528K)] 1004655K->82698K(1573504K), 0.0125890 secs] [Times: user=0.03 sys=0.01, real=0.01 secs] 
2014-07-08T23:41:07.163+0000: 255.126: [GC [PSYoungGen: 886516K->1425K(872320K)] 968074K->83040K(1559296K), 0.0058470 secs] [Times: user=0.02 sys=0.00, real=0.01 secs] 
2014-07-08T23:41:10.999+0000: 258.962: [GC [PSYoungGen: 852561K->1324K(819840K)] 934176K->83035K(1506816K), 0.0063230 secs] [Times: user=0.00 sys=0.00, real=0.00 secs] 
2014-07-08T23:41:14.717+0000: 262.680: [GC [PSYoungGen: 819805K->1378K(805696K)] 901515K->83137K(1492672K), 0.0090300 secs] [Times: user=0.03 sys=0.00, real=0.01 secs] 
2014-07-08T23:41:18.284+0000: 266.247: [GC [PSYoungGen: 788770K->1012K(758784K)] 870529K->82786K(1445760K), 0.0069410 secs] [Times: user=0.01 sys=0.01, real=0.01 secs] 
2014-07-08T23:41:21.737+0000: 269.700: [GC [PSYoungGen: 758772K->1108K(745344K)] 840546K->82994K(1432320K), 0.0130620 secs] [Times: user=0.04 sys=0.01, real=0.02 secs] 
2014-07-08T23:41:25.033+0000: 272.996: [GC [PSYoungGen: 730624K->948K(703552K)] 812511K->82850K(1390528K), 0.0070940 secs] [Times: user=0.01 sys=0.00, real=0.01 secs] 
2014-07-08T23:41:28.254+0000: 276.216: [GC [PSYoungGen: 703540K->1236K(690688K)] 785442K->83186K(1377664K), 0.0092670 secs] [Times: user=0.04 sys=0.00, real=0.01 secs] 
2014-07-08T23:41:31.322+0000: 279.285: [GC [PSYoungGen: 678164K->1044K(653504K)] 760114K->83114K(1340480K), 0.0236920 secs] [Times: user=0.07 sys=0.00, real=0.02 secs] 
2014-07-08T23:41:34.261+0000: 282.224: [GC [PSYoungGen: 653460K->1289K(630400K)] 735530K->83384K(1317376K), 0.0060740 secs] [Times: user=0.02 sys=0.00, real=0.00 secs] 
2014-07-08T23:41:37.131+0000: 285.094: [GC [PSYoungGen: 630345K->1453K(608256K)] 712440K->83579K(1295232K), 0.0140010 secs] [Times: user=0.05 sys=0.00, real=0.01 secs] 
2014-07-08T23:41:39.880+0000: 287.843: [GC [PSYoungGen: 608237K->1332K(586880K)] 690363K->83555K(1273856K), 0.0039000 secs] [Times: user=0.01 sys=0.00, real=0.01 secs] 
2014-07-08T23:41:42.555+0000: 290.518: [GC [PSYoungGen: 586818K->1293K(566592K)] 669041K->83572K(1253568K), 0.0057370 secs] [Times: user=0.01 sys=0.00, real=0.00 secs] 
2014-07-08T23:41:45.091+0000: 293.054: [GC [PSYoungGen: 566541K->1044K(546944K)] 648820K->83346K(1233920K), 0.0036400 secs] [Times: user=0.00 sys=0.00, real=0.01 secs] 
2014-07-08T23:41:47.533+0000: 295.496: [GC [PSYoungGen: 546900K->1140K(528512K)] 629202K->83466K(1215488K), 0.0075390 secs] [Times: user=0.01 sys=0.00, real=0.01 secs] 
2014-07-08T23:41:49.914+0000: 297.877: [GC [PSYoungGen: 528488K->1222K(510976K)] 610815K->83652K(1197952K), 0.0069340 secs] [Times: user=0.03 sys=0.00, real=0.00 secs] 
2014-07-08T23:41:52.225+0000: 300.188: [GC [PSYoungGen: 510918K->980K(493824K)] 593348K->83442K(1180800K), 0.0097510 secs] [Times: user=0.04 sys=0.00, real=0.01 secs] 
2014-07-08T23:41:54.485+0000: 302.448: [GC [PSYoungGen: 493780K->1168K(477888K)] 576242K->83671K(1164864K), 0.0146290 secs] [Times: user=0.05 sys=0.00, real=0.01 secs] 
2014-07-08T23:41:56.649+0000: 304.612: [GC [PSYoungGen: 477840K->1044K(462336K)] 560343K->83570K(1149312K), 0.0044740 secs] [Times: user=0.01 sys=0.00, real=0.00 secs] 
2014-07-08T23:41:58.759+0000: 306.722: [GC [PSYoungGen: 462292K->1012K(447488K)] 544818K->83618K(1134464K), 0.0056390 secs] [Times: user=0.02 sys=0.00, real=0.01 secs] 
2014-07-08T23:42:00.803+0000: 308.766: [GC [PSYoungGen: 447476K->1012K(433344K)] 530082K->83658K(1120320K), 0.0130400 secs] [Times: user=0.04 sys=0.00, real=0.02 secs] 
2014-07-08T23:42:02.731+0000: 310.694: [GC [PSYoungGen: 433332K->1332K(420160K)] 515978K->84043K(1107136K), 0.0160140 secs] [Times: user=0.05 sys=0.00, real=0.02 secs] 
2014-07-08T23:42:04.629+0000: 312.592: [GC [PSYoungGen: 420148K->1044K(406976K)] 502859K->83786K(1093952K), 0.0099410 secs] [Times: user=0.03 sys=0.00, real=0.01 secs] 
2014-07-08T23:42:06.479+0000: 314.442: [GC [PSYoungGen: 406932K->1044K(394624K)] 489674K->83810K(1081600K), 0.0031330 secs] [Times: user=0.01 sys=0.00, real=0.00 secs] 
2014-07-08T23:42:08.278+0000: 316.240: [GC [PSYoungGen: 394537K->1130K(382848K)] 477304K->83968K(1069824K), 0.0053530 secs] [Times: user=0.01 sys=0.00, real=0.00 secs] 
2014-07-08T23:42:09.973+0000: 317.936: [GC [PSYoungGen: 382826K->948K(371264K)] 465664K->83826K(1058240K), 0.0054880 secs] [Times: user=0.01 sys=0.00, real=0.01 secs] 
2014-07-08T23:42:11.630+0000: 319.593: [GC [PSYoungGen: 371224K->1062K(360512K)] 454103K->83964K(1047488K), 0.0036760 secs] [Times: user=0.01 sys=0.00, real=0.00 secs] 
2014-07-08T23:42:13.229+0000: 321.192: [GC [PSYoungGen: 360486K->948K(349952K)] 443388K->83874K(1036928K), 0.0060000 secs] [Times: user=0.01 sys=0.00, real=0.00 secs] 
2014-07-08T23:42:14.797+0000: 322.760: [GC [PSYoungGen: 349940K->948K(339968K)] 432866K->83890K(1026944K), 0.0041990 secs] [Times: user=0.01 sys=0.00, real=0.00 secs] 
2014-07-08T23:42:16.329+0000: 324.292: [GC [PSYoungGen: 339956K->1076K(330496K)] 422898K->84042K(1017472K), 0.0033990 secs] [Times: user=0.01 sys=0.00, real=0.00 secs] 
2014-07-08T23:42:17.820+0000: 325.783: [GC [PSYoungGen: 330484K->1140K(321344K)] 413450K->84186K(1008320K), 0.0068930 secs] [Times: user=0.02 sys=0.00, real=0.00 secs] 
2014-07-08T23:42:19.260+0000: 327.223: [GC [PSYoungGen: 321289K->998K(312384K)] 404336K->84084K(999360K), 0.0058610 secs] [Times: user=0.01 sys=0.00, real=0.00 secs] 
2014-07-08T23:42:20.671+0000: 328.633: [GC [PSYoungGen: 312358K->948K(303808K)] 395444K->84050K(990784K), 0.0054780 secs] [Times: user=0.00 sys=0.00, real=0.00 secs] 
2014-07-08T23:42:22.038+0000: 330.001: [GC [PSYoungGen: 303772K->1012K(295744K)] 386875K->84146K(982720K), 0.0038950 secs] [Times: user=0.01 sys=0.00, real=0.01 secs] 
2014-07-08T23:42:23.365+0000: 331.327: [GC [PSYoungGen: 295732K->1140K(288064K)] 378866K->84298K(975040K), 0.0098510 secs] [Times: user=0.03 sys=0.00, real=0.01 secs] 
2014-07-08T23:42:24.647+0000: 332.610: [GC [PSYoungGen: 288052K->948K(280320K)] 371210K->84122K(967296K), 0.0057530 secs] [Times: user=0.01 sys=0.00, real=0.01 secs] 
2014-07-08T23:42:25.902+0000: 333.865: [GC [PSYoungGen: 280306K->1232K(273408K)] 363480K->84447K(960384K), 0.0057610 secs] [Times: user=0.02 sys=0.00, real=0.00 secs] 
2014-07-08T23:42:27.113+0000: 335.075: [GC [PSYoungGen: 273348K->1311K(266496K)] 356562K->84590K(953472K), 0.0037600 secs] [Times: user=0.01 sys=0.00, real=0.00 secs] 
2014-07-08T23:42:28.307+0000: 336.270: [GC [PSYoungGen: 266463K->1108K(259584K)] 349742K->84450K(946560K), 0.0094100 secs] [Times: user=0.03 sys=0.00, real=0.01 secs] 
2014-07-08T23:42:29.483+0000: 337.446: [GC [PSYoungGen: 259540K->1168K(253184K)] 342882K->84543K(940160K), 0.0070430 secs] [Times: user=0.03 sys=0.00, real=0.01 secs] 
2014-07-08T23:42:30.640+0000: 338.603: [GC [PSYoungGen: 253136K->1567K(247360K)] 336510K->84998K(934336K), 0.0048890 secs] [Times: user=0.02 sys=0.00, real=0.01 secs] 
2014-07-08T23:42:31.750+0000: 339.713: [GC [PSYoungGen: 247297K->998K(240832K)] 330727K->84444K(927808K), 0.0050310 secs] [Times: user=0.01 sys=0.00, real=0.00 secs] 
2014-07-08T23:42:32.831+0000: 340.794: [GC [PSYoungGen: 240780K->1076K(235136K)] 324226K->84562K(922112K), 0.0039960 secs] [Times: user=0.01 sys=0.00, real=0.00 secs] 
2014-07-08T23:42:33.899+0000: 341.862: [GC [PSYoungGen: 235122K->1346K(229888K)] 318609K->84857K(916864K), 0.0118100 secs] [Times: user=0.03 sys=0.00, real=0.02 secs] 
2014-07-08T23:42:34.930+0000: 342.893: [GC [PSYoungGen: 229826K->1140K(224320K)] 313337K->84690K(911296K), 0.0086100 secs] [Times: user=0.02 sys=0.00, real=0.00 secs] 
2014-07-08T23:42:35.939+0000: 343.902: [GC [PSYoungGen: 224308K->980K(219072K)] 307858K->84538K(906048K), 0.0050550 secs] [Times: user=0.01 sys=0.00, real=0.01 secs] 
2014-07-08T23:42:36.925+0000: 344.888: [GC [PSYoungGen: 219026K->980K(214080K)] 302585K->84593K(901056K), 0.0060120 secs] [Times: user=0.01 sys=0.00, real=0.00 secs] 
2014-07-08T23:42:37.893+0000: 345.856: [GC [PSYoungGen: 214036K->948K(209216K)] 297649K->84601K(896192K), 0.0066880 secs] [Times: user=0.01 sys=0.00, real=0.00 secs] 
2014-07-08T23:42:38.830+0000: 346.793: [GC [PSYoungGen: 209204K->1136K(204800K)] 292857K->84822K(891776K), 0.0049890 secs] [Times: user=0.02 sys=0.00, real=0.01 secs] 
2014-07-08T23:42:39.741+0000: 347.703: [GC [PSYoungGen: 204784K->1030K(200256K)] 288470K->84731K(887232K), 0.0038110 secs] [Times: user=0.01 sys=0.00, real=0.01 secs] 
2014-07-08T23:42:40.665+0000: 348.628: [GC [PSYoungGen: 200198K->1044K(195968K)] 283899K->84801K(882944K), 0.0050350 secs] [Times: user=0.01 sys=0.00, real=0.00 secs] 
2014-07-08T23:42:41.557+0000: 349.520: [GC [PSYoungGen: 195924K->1069K(191808K)] 279681K->84851K(878784K), 0.0061400 secs] [Times: user=0.01 sys=0.01, real=0.01 secs] 
2014-07-08T23:42:42.415+0000: 350.378: [GC [PSYoungGen: 191789K->948K(187648K)] 275571K->84745K(874624K), 0.0031280 secs] [Times: user=0.01 sys=0.00, real=0.00 secs] 
2014-07-08T23:42:43.275+0000: 351.238: [GC [PSYoungGen: 187624K->980K(183808K)] 271422K->84809K(870784K), 0.0028820 secs] [Times: user=0.00 sys=0.00, real=0.00 secs] 
2014-07-08T23:42:44.094+0000: 352.056: [GC [PSYoungGen: 183763K->1118K(180160K)] 267593K->85022K(867136K), 0.0036500 secs] [Times: user=0.01 sys=0.00, real=0.00 secs] 
2014-07-08T23:42:44.896+0000: 352.859: [GC [PSYoungGen: 180126K->948K(176320K)] 264030K->84859K(863296K), 0.0052850 secs] [Times: user=0.01 sys=0.01, real=0.00 secs] 
2014-07-08T23:42:45.694+0000: 353.657: [GC [PSYoungGen: 176308K->1012K(172864K)] 260219K->84963K(859840K), 0.0067690 secs] [Times: user=0.02 sys=0.00, real=0.00 secs] 
2014-07-08T23:42:46.463+0000: 354.425: [GC [PSYoungGen: 172852K->1044K(169536K)] 256803K->85051K(856512K), 0.0085750 secs] [Times: user=0.02 sys=0.00, real=0.00 secs] 
2014-07-08T23:42:47.231+0000: 355.194: [GC [PSYoungGen: 169492K->880K(166016K)] 253499K->85131K(852992K), 0.0050080 secs] [Times: user=0.02 sys=0.00, real=0.01 secs] 
2014-07-08T23:42:47.961+0000: 355.924: [GC [PSYoungGen: 166000K->1080K(163008K)] 250251K->85356K(849984K), 0.0059870 secs] [Times: user=0.01 sys=0.00, real=0.01 secs] 
2014-07-08T23:42:48.704+0000: 356.667: [GC [PSYoungGen: 163000K->884K(159744K)] 247276K->85356K(846720K), 0.0063170 secs] [Times: user=0.01 sys=0.00, real=0.00 secs] 
2014-07-08T23:42:49.414+0000: 357.377: [GC [PSYoungGen: 159718K->1265K(157120K)] 244190K->85761K(844096K), 0.0096800 secs] [Times: user=0.03 sys=0.00, real=0.01 secs] 
2014-07-08T23:42:50.120+0000: 358.083: [GC [PSYoungGen: 157042K->556K(153536K)] 241538K->85610K(840512K), 0.0074920 secs] [Times: user=0.02 sys=0.00, real=0.01 secs] 
2014-07-08T23:42:50.822+0000: 358.785: [GC [PSYoungGen: 153516K->1382K(151552K)] 238570K->86526K(838528K), 0.0041100 secs] [Times: user=0.01 sys=0.00, real=0.01 secs] 
2014-07-08T23:42:51.501+0000: 359.464: [GC [PSYoungGen: 151526K->894K(148288K)] 236670K->86722K(835264K), 0.0083650 secs] [Times: user=0.02 sys=0.01, real=0.01 secs] 
2014-07-08T23:42:52.158+0000: 360.121: [GC [PSYoungGen: 148270K->1426K(146240K)] 234098K->87344K(833216K), 0.0064460 secs] [Times: user=0.02 sys=0.00, real=0.01 secs] 
2014-07-08T23:42:52.818+0000: 360.781: [GC [PSYoungGen: 146164K->994K(174784K)] 232082K->87126K(861760K), 0.0110060 secs] [Times: user=0.04 sys=0.00, real=0.01 secs] 
2014-07-08T23:42:53.603+0000: 361.566: [GC [PSYoungGen: 174753K->1080K(209600K)] 260886K->87252K(896576K), 0.0070240 secs] [Times: user=0.02 sys=0.00, real=0.00 secs] 
2014-07-08T23:42:54.535+0000: 362.498: [GC [PSYoungGen: 209592K->1030K(204992K)] 295764K->87284K(891968K), 0.0055500 secs] [Times: user=0.02 sys=0.00, real=0.00 secs] 
2014-07-08T23:42:55.451+0000: 363.414: [GC [PSYoungGen: 204934K->980K(200448K)] 291188K->87250K(887424K), 0.0045740 secs] [Times: user=0.01 sys=0.00, real=0.01 secs] 
2014-07-08T23:42:56.345+0000: 364.308: [GC [PSYoungGen: 200404K->1133K(240512K)] 286674K->87483K(927488K), 0.0197300 secs] [Times: user=0.06 sys=0.01, real=0.02 secs] 
2014-07-08T23:42:57.443+0000: 365.406: [GC [PSYoungGen: 240467K->1126K(288384K)] 326818K->87532K(975360K), 0.0142310 secs] [Times: user=0.04 sys=0.00, real=0.02 secs] 
2014-07-08T23:42:58.754+0000: 366.717: [GC [PSYoungGen: 288358K->954K(280640K)] 374764K->87695K(967616K), 0.0059640 secs] [Times: user=0.02 sys=0.00, real=0.00 secs] 
2014-07-08T23:43:00.011+0000: 367.974: [GC [PSYoungGen: 280634K->1062K(273536K)] 367375K->87834K(960512K), 0.0097040 secs] [Times: user=0.04 sys=0.00, real=0.01 secs] 
2014-07-08T23:43:01.230+0000: 369.192: [GC [PSYoungGen: 273493K->1072K(328064K)] 360266K->88049K(1015040K), 0.0179810 secs] [Times: user=0.07 sys=0.00, real=0.02 secs] 
2014-07-08T23:43:02.712+0000: 370.675: [GC [PSYoungGen: 328038K->1233K(319168K)] 415015K->88226K(1006144K), 0.0063140 secs] [Times: user=0.01 sys=0.00, real=0.01 secs] 
2014-07-08T23:43:04.142+0000: 372.105: [GC [PSYoungGen: 319121K->738K(309888K)] 406114K->87998K(996864K), 0.0048430 secs] [Times: user=0.01 sys=0.01, real=0.01 secs] 
2014-07-08T23:43:05.562+0000: 373.525: [GC [PSYoungGen: 309835K->1158K(301952K)] 397096K->88458K(988928K), 0.0039420 secs] [Times: user=0.01 sys=0.00, real=0.01 secs] 
2014-07-08T23:43:06.929+0000: 374.892: [GC [PSYoungGen: 301894K->1122K(293824K)] 389194K->88682K(980800K), 0.0064200 secs] [Times: user=0.01 sys=0.00, real=0.01 secs] 
2014-07-08T23:43:08.256+0000: 376.218: [GC [PSYoungGen: 293794K->1062K(286016K)] 381354K->88686K(972992K), 0.0038470 secs] [Times: user=0.01 sys=0.00, real=0.00 secs] 
2014-07-08T23:43:09.547+0000: 377.510: [GC [PSYoungGen: 285985K->880K(278400K)] 373610K->88790K(965376K), 0.0045690 secs] [Times: user=0.01 sys=0.00, real=0.00 secs] 
2014-07-08T23:43:10.820+0000: 378.783: [GC [PSYoungGen: 278384K->1254K(271616K)] 366294K->89204K(958592K), 0.0101510 secs] [Times: user=0.04 sys=0.00, real=0.01 secs] 
2014-07-08T23:43:12.063+0000: 380.025: [GC [PSYoungGen: 271543K->934K(264384K)] 359494K->88975K(951360K), 0.0055910 secs] [Times: user=0.01 sys=0.00, real=0.01 secs] 
2014-07-08T23:43:13.234+0000: 381.196: [GC [PSYoungGen: 264358K->1360K(258176K)] 352399K->89417K(945152K), 0.0042580 secs] [Times: user=0.01 sys=0.00, real=0.01 secs] 
2014-07-08T23:43:14.408+0000: 382.371: [GC [PSYoungGen: 258128K->634K(251008K)] 346185K->89044K(937984K), 0.0043000 secs] [Times: user=0.02 sys=0.01, real=0.00 secs] 
2014-07-08T23:43:15.540+0000: 383.503: [GC [PSYoungGen: 251002K->1290K(245568K)] 339412K->89749K(932544K), 0.0101100 secs] [Times: user=0.04 sys=0.00, real=0.01 secs] 
2014-07-08T23:43:16.641+0000: 384.604: [GC [PSYoungGen: 245464K->1108K(239488K)] 333923K->89797K(926464K), 0.0085220 secs] [Times: user=0.03 sys=0.00, real=0.01 secs] 
2014-07-08T23:43:17.731+0000: 385.694: [GC [PSYoungGen: 239444K->1172K(233856K)] 328133K->89925K(920832K), 0.0085760 secs] [Times: user=0.03 sys=0.00, real=0.01 secs] 
2014-07-08T23:43:18.776+0000: 386.738: [GC [PSYoungGen: 233812K->752K(227904K)] 322565K->89709K(914880K), 0.0056620 secs] [Times: user=0.01 sys=0.00, real=0.01 secs] 
2014-07-08T23:43:19.807+0000: 387.770: [GC [PSYoungGen: 227888K->1236K(223104K)] 316845K->90217K(910080K), 0.0028540 secs] [Times: user=0.01 sys=0.00, real=0.01 secs] 
2014-07-08T23:43:20.817+0000: 388.780: [GC [PSYoungGen: 223054K->1044K(217792K)] 312035K->90147K(904768K), 0.0093280 secs] [Times: user=0.03 sys=0.00, real=0.00 secs] 
2014-07-08T23:43:21.799+0000: 389.762: [GC [PSYoungGen: 217748K->916K(212736K)] 306851K->90027K(899712K), 0.0068190 secs] [Times: user=0.01 sys=0.00, real=0.00 secs] 
2014-07-08T23:43:22.764+0000: 390.727: [GC [PSYoungGen: 212658K->951K(208000K)] 301769K->90430K(894976K), 0.0039300 secs] [Times: user=0.01 sys=0.00, real=0.01 secs] 
2014-07-08T23:43:23.691+0000: 391.654: [GC [PSYoungGen: 207991K->1112K(203584K)] 297470K->90607K(890560K), 0.0042590 secs] [Times: user=0.01 sys=0.00, real=0.00 secs] 
2014-07-08T23:43:24.606+0000: 392.569: [GC [PSYoungGen: 203544K->948K(198976K)] 293039K->90607K(885952K), 0.0036200 secs] [Times: user=0.01 sys=0.00, real=0.01 secs] 
2014-07-08T23:43:25.505+0000: 393.468: [GC [PSYoungGen: 198955K->1158K(194944K)] 288614K->90857K(881920K), 0.0047950 secs] [Times: user=0.02 sys=0.00, real=0.01 secs] 
2014-07-08T23:43:26.377+0000: 394.340: [GC [PSYoungGen: 194886K->930K(190592K)] 284585K->90735K(877568K), 0.0027660 secs] [Times: user=0.00 sys=0.00, real=0.01 secs] 
2014-07-08T23:43:27.254+0000: 395.217: [GC [PSYoungGen: 190562K->1172K(186880K)] 280367K->91041K(873856K), 0.0034400 secs] [Times: user=0.01 sys=0.00, real=0.00 secs] 
2014-07-08T23:43:28.093+0000: 396.055: [GC [PSYoungGen: 186836K->830K(182656K)] 276705K->90881K(869632K), 0.0072260 secs] [Times: user=0.03 sys=0.00, real=0.01 secs] 
2014-07-08T23:43:28.912+0000: 396.875: [GC [PSYoungGen: 182654K->948K(179072K)] 272705K->91031K(866048K), 0.0042810 secs] [Times: user=0.01 sys=0.01, real=0.00 secs] 
2014-07-08T23:43:29.705+0000: 397.668: [GC [PSYoungGen: 179044K->1210K(175744K)] 269127K->91524K(862720K), 0.0061480 secs] [Times: user=0.02 sys=0.00, real=0.01 secs] 
2014-07-08T23:43:30.492+0000: 398.455: [GC [PSYoungGen: 175738K->1268K(172288K)] 266052K->91605K(859264K), 0.0032020 secs] [Times: user=0.00 sys=0.00, real=0.00 secs] 
2014-07-08T23:43:31.268+0000: 399.231: [GC [PSYoungGen: 172258K->752K(168384K)] 262595K->91515K(855360K), 0.0030570 secs] [Times: user=0.01 sys=0.00, real=0.01 secs] 
2014-07-08T23:43:32.027+0000: 399.990: [GC [PSYoungGen: 168368K->1290K(165696K)] 259131K->92101K(852672K), 0.0041980 secs] [Times: user=0.01 sys=0.00, real=0.01 secs] 
2014-07-08T23:43:32.770+0000: 400.732: [GC [PSYoungGen: 165642K->916K(162176K)] 256453K->91949K(849152K), 0.0047420 secs] [Times: user=0.01 sys=0.00, real=0.00 secs] 
2014-07-08T23:43:33.501+0000: 401.464: [GC [PSYoungGen: 162117K->1148K(194624K)] 253150K->92205K(881600K), 0.0393670 secs] [Times: user=0.14 sys=0.00, real=0.04 secs] 
2014-07-08T23:43:34.373+0000: 402.336: [GC [PSYoungGen: 194537K->1101K(233344K)] 285595K->92174K(920320K), 0.0081370 secs] [Times: user=0.02 sys=0.00, real=0.01 secs] 
2014-07-08T23:43:35.425+0000: 403.387: [GC [PSYoungGen: 233293K->1012K(279680K)] 324366K->92117K(966656K), 0.0065000 secs] [Times: user=0.02 sys=0.00, real=0.01 secs] 
2014-07-08T23:43:36.700+0000: 404.663: [GC [PSYoungGen: 279668K->944K(335360K)] 370773K->92237K(1022336K), 0.0047540 secs] [Times: user=0.02 sys=0.00, real=0.00 secs] 
2014-07-08T23:43:38.228+0000: 406.191: [GC [PSYoungGen: 335344K->1282K(326336K)] 426637K->92664K(1013312K), 0.0055970 secs] [Times: user=0.01 sys=0.00, real=0.01 secs] 
2014-07-08T23:43:39.685+0000: 407.648: [GC [PSYoungGen: 326261K->688K(390720K)] 417643K->92475K(1077696K), 0.0329530 secs] [Times: user=0.11 sys=0.00, real=0.03 secs] 
2014-07-08T23:43:41.436+0000: 409.399: [GC [PSYoungGen: 390704K->1464K(379776K)] 482491K->93283K(1066752K), 0.0032640 secs] [Times: user=0.01 sys=0.00, real=0.00 secs] 
2014-07-08T23:43:43.157+0000: 411.120: [GC [PSYoungGen: 379727K->816K(367936K)] 471547K->93246K(1054912K), 0.0181560 secs] [Times: user=0.06 sys=0.00, real=0.02 secs] 
2014-07-08T23:43:44.818+0000: 412.781: [GC [PSYoungGen: 367893K->1588K(357952K)] 460323K->94050K(1044928K), 0.0073910 secs] [Times: user=0.02 sys=0.00, real=0.01 secs] 
2014-07-08T23:43:46.429+0000: 414.392: [GC [PSYoungGen: 357940K->816K(346880K)] 450402K->93762K(1033856K), 0.0197820 secs] [Times: user=0.06 sys=0.00, real=0.02 secs] 
2014-07-08T23:43:48.011+0000: 415.974: [GC [PSYoungGen: 346864K->1190K(337408K)] 439810K->94224K(1024384K), 0.0125670 secs] [Times: user=0.05 sys=0.00, real=0.01 secs] 
2014-07-08T23:43:49.542+0000: 417.505: [GC [PSYoungGen: 337362K->1325K(328064K)] 430396K->94489K(1015040K), 0.0074160 secs] [Times: user=0.03 sys=0.01, real=0.00 secs] 
2014-07-08T23:43:50.974+0000: 418.937: [GC [PSYoungGen: 328027K->1388K(319040K)] 421191K->94601K(1006016K), 0.0075790 secs] [Times: user=0.02 sys=0.00, real=0.01 secs] 
2014-07-08T23:43:52.417+0000: 420.380: [GC [PSYoungGen: 319018K->638K(309568K)] 412230K->94395K(996544K), 0.0093360 secs] [Times: user=0.03 sys=0.01, real=0.01 secs] 
2014-07-08T23:43:53.863+0000: 421.826: [GC [PSYoungGen: 309522K->1660K(302208K)] 403280K->95458K(989184K), 0.0056890 secs] [Times: user=0.01 sys=0.00, real=0.00 secs] 
2014-07-08T23:43:55.222+0000: 423.185: [GC [PSYoungGen: 302204K->980K(293504K)] 396002K->95168K(980480K), 0.0041130 secs] [Times: user=0.01 sys=0.00, real=0.01 secs] 
2014-07-08T23:43:56.542+0000: 424.505: [GC [PSYoungGen: 293460K->1076K(285824K)] 387648K->95304K(972800K), 0.0085890 secs] [Times: user=0.03 sys=0.00, real=0.01 secs] 
2014-07-08T23:43:57.843+0000: 425.805: [GC [PSYoungGen: 285746K->1325K(278656K)] 379975K->95674K(965632K), 0.0083410 secs] [Times: user=0.03 sys=0.00, real=0.01 secs] 
2014-07-08T23:43:59.094+0000: 427.057: [GC [PSYoungGen: 278636K->1140K(271296K)] 372985K->95536K(958272K), 0.0060750 secs] [Times: user=0.02 sys=0.00, real=0.00 secs] 
2014-07-08T23:44:00.298+0000: 428.261: [GC [PSYoungGen: 271282K->993K(264256K)] 365679K->95628K(951232K), 0.0024710 secs] [Times: user=0.01 sys=0.00, real=0.00 secs] 
2014-07-08T23:44:01.489+0000: 429.452: [GC [PSYoungGen: 264225K->1062K(257728K)] 358860K->95736K(944704K), 0.0060520 secs] [Times: user=0.02 sys=0.00, real=0.01 secs] 
2014-07-08T23:44:02.655+0000: 430.618: [GC [PSYoungGen: 257702K->916K(251200K)] 352376K->95688K(938176K), 0.0039150 secs] [Times: user=0.01 sys=0.00, real=0.00 secs] 
2014-07-08T23:44:03.764+0000: 431.727: [GC [PSYoungGen: 251156K->1108K(245248K)] 345928K->95920K(932224K), 0.0057300 secs] [Times: user=0.02 sys=0.00, real=0.00 secs] 
2014-07-08T23:44:04.879+0000: 432.842: [GC [PSYoungGen: 245204K->1044K(239296K)] 340016K->95888K(926272K), 0.0043990 secs] [Times: user=0.01 sys=0.00, real=0.00 secs] 
2014-07-08T23:44:05.971+0000: 433.934: [GC [PSYoungGen: 239252K->1208K(233728K)] 334096K->96092K(920704K), 0.0071640 secs] [Times: user=0.02 sys=0.00, real=0.01 secs] 
2014-07-08T23:44:07.048+0000: 435.010: [GC [PSYoungGen: 233720K->930K(227968K)] 328604K->95928K(914944K), 0.0093540 secs] [Times: user=0.03 sys=0.00, real=0.01 secs] 
2014-07-08T23:44:08.099+0000: 436.062: [GC [PSYoungGen: 227938K->948K(222656K)] 322936K->95986K(909632K), 0.0068820 secs] [Times: user=0.01 sys=0.00, real=0.01 secs] 
2014-07-08T23:44:09.087+0000: 437.050: [GC [PSYoungGen: 222643K->1094K(217728K)] 317682K->96156K(904704K), 0.0040540 secs] [Times: user=0.01 sys=0.00, real=0.00 secs] 
2014-07-08T23:44:10.066+0000: 438.029: [GC [PSYoungGen: 217670K->1076K(212736K)] 312732K->96186K(899712K), 0.0114640 secs] [Times: user=0.04 sys=0.00, real=0.01 secs] 
2014-07-08T23:44:11.037+0000: 439.000: [GC [PSYoungGen: 212724K->872K(207808K)] 307834K->96303K(894784K), 0.0084940 secs] [Times: user=0.02 sys=0.00, real=0.01 secs] 
2014-07-08T23:44:11.964+0000: 439.927: [GC [PSYoungGen: 207742K->1030K(249408K)] 303173K->96485K(936384K), 0.0211600 secs] [Times: user=0.07 sys=0.00, real=0.03 secs] 
2014-07-08T23:44:13.084+0000: 441.047: [GC [PSYoungGen: 249350K->1136K(243392K)] 344805K->96713K(930368K), 0.0060000 secs] [Times: user=0.01 sys=0.00, real=0.01 secs] 
2014-07-08T23:44:14.179+0000: 442.141: [GC [PSYoungGen: 243334K->966K(237440K)] 338911K->96551K(924416K), 0.0056750 secs] [Times: user=0.01 sys=0.00, real=0.00 secs] 
2014-07-08T23:44:15.265+0000: 443.228: [GC [PSYoungGen: 237382K->822K(231616K)] 332967K->96721K(918592K), 0.0045180 secs] [Times: user=0.01 sys=0.00, real=0.00 secs] 
2014-07-08T23:44:16.333+0000: 444.296: [GC [PSYoungGen: 231507K->1325K(226688K)] 327406K->97248K(913664K), 0.0066450 secs] [Times: user=0.02 sys=0.00, real=0.01 secs] 
2014-07-08T23:44:17.355+0000: 445.318: [GC [PSYoungGen: 226669K->702K(220800K)] 322592K->97187K(907776K), 0.0101390 secs] [Times: user=0.04 sys=0.00, real=0.01 secs] 
2014-07-08T23:44:18.357+0000: 446.320: [GC [PSYoungGen: 220798K->1144K(216192K)] 317283K->97653K(903168K), 0.0056890 secs] [Times: user=0.00 sys=0.00, real=0.00 secs] 
2014-07-08T23:44:19.332+0000: 447.295: [GC [PSYoungGen: 216184K->980K(211200K)] 312693K->97677K(898176K), 0.0038930 secs] [Times: user=0.01 sys=0.00, real=0.01 secs] 
2014-07-08T23:44:20.299+0000: 448.262: [GC [PSYoungGen: 211142K->948K(206464K)] 307839K->97685K(893440K), 0.0037110 secs] [Times: user=0.01 sys=0.00, real=0.00 secs] 
2014-07-08T23:44:21.230+0000: 449.193: [GC [PSYoungGen: 206452K->1022K(201984K)] 303189K->97881K(888960K), 0.0049330 secs] [Times: user=0.01 sys=0.00, real=0.00 secs] 
2014-07-08T23:44:22.158+0000: 450.121: [GC [PSYoungGen: 201952K->948K(197568K)] 298811K->97815K(884544K), 0.0057870 secs] [Times: user=0.01 sys=0.00, real=0.00 secs] 
2014-07-08T23:44:23.058+0000: 451.021: [GC [PSYoungGen: 197556K->994K(193408K)] 294423K->98023K(880384K), 0.0086440 secs] [Times: user=0.03 sys=0.00, real=0.00 secs] 
2014-07-08T23:44:23.927+0000: 451.889: [GC [PSYoungGen: 193378K->1136K(189440K)] 290407K->98173K(876416K), 0.0061140 secs] [Times: user=0.01 sys=0.00, real=0.01 secs] 
2014-07-08T23:44:24.772+0000: 452.735: [GC [PSYoungGen: 189424K->702K(185024K)] 286461K->97985K(872000K), 0.0032820 secs] [Times: user=0.01 sys=0.01, real=0.00 secs] 
2014-07-08T23:44:25.616+0000: 453.579: [GC [PSYoungGen: 185022K->1126K(181632K)] 282305K->98441K(868608K), 0.0069760 secs] [Times: user=0.02 sys=0.00, real=0.01 secs] 
2014-07-08T23:44:26.444+0000: 454.407: [GC [PSYoungGen: 181571K->1012K(177792K)] 278886K->98563K(864768K), 0.0067130 secs] [Times: user=0.02 sys=0.00, real=0.01 secs] 
2014-07-08T23:44:27.256+0000: 455.219: [GC [PSYoungGen: 177780K->1062K(174272K)] 275331K->98685K(861248K), 0.0027730 secs] [Times: user=0.00 sys=0.00, real=0.01 secs] 
2014-07-08T23:44:28.041+0000: 456.004: [GC [PSYoungGen: 174246K->748K(170496K)] 271869K->98930K(857472K), 0.0058350 secs] [Times: user=0.02 sys=0.00, real=0.01 secs] 
2014-07-08T23:44:28.822+0000: 456.785: [GC [PSYoungGen: 170440K->1148K(167552K)] 268622K->99346K(854528K), 0.0061940 secs] [Times: user=0.01 sys=0.00, real=0.01 secs] 
2014-07-08T23:44:29.559+0000: 457.522: [GC [PSYoungGen: 167547K->1072K(164224K)] 265745K->99484K(851200K), 0.0066040 secs] [Times: user=0.01 sys=0.00, real=0.00 secs] 
2014-07-08T23:44:30.298+0000: 458.261: [GC [PSYoungGen: 164208K->1098K(161152K)] 262620K->99526K(848128K), 0.0058590 secs] [Times: user=0.01 sys=0.00, real=0.00 secs] 
2014-07-08T23:44:31.024+0000: 458.987: [GC [PSYoungGen: 161098K->634K(157632K)] 259526K->99816K(844608K), 0.0096860 secs] [Times: user=0.04 sys=0.00, real=0.01 secs] 
2014-07-08T23:44:31.740+0000: 459.703: [GC [PSYoungGen: 157626K->1464K(155520K)] 256808K->100703K(842496K), 0.0056750 secs] [Times: user=0.01 sys=0.00, real=0.00 secs] 
2014-07-08T23:44:32.450+0000: 460.413: [GC [PSYoungGen: 155506K->866K(152064K)] 254745K->100532K(839040K), 0.0037410 secs] [Times: user=0.01 sys=0.00, real=0.00 secs] 
2014-07-08T23:44:33.151+0000: 461.114: [GC [PSYoungGen: 152013K->1080K(149504K)] 251680K->100762K(836480K), 0.0062280 secs] [Times: user=0.01 sys=0.00, real=0.00 secs] 
2014-07-08T23:44:33.829+0000: 461.792: [GC [PSYoungGen: 149496K->1260K(179392K)] 249178K->101147K(866368K), 0.0163370 secs] [Times: user=0.05 sys=0.01, real=0.01 secs] 
2014-07-08T23:44:34.639+0000: 462.602: [GC [PSYoungGen: 179339K->1044K(175616K)] 279226K->100970K(862592K), 0.0029420 secs] [Times: user=0.01 sys=0.01, real=0.00 secs] 
2014-07-08T23:44:35.419+0000: 463.382: [GC [PSYoungGen: 175571K->1004K(210496K)] 275498K->101103K(897472K), 0.0160940 secs] [Times: user=0.06 sys=0.00, real=0.01 secs] 
2014-07-08T23:44:36.356+0000: 464.319: [GC [PSYoungGen: 210467K->1208K(252608K)] 310566K->101355K(939584K), 0.0072000 secs] [Times: user=0.03 sys=0.00, real=0.01 secs] 
2014-07-08T23:44:37.501+0000: 465.464: [GC [PSYoungGen: 252557K->998K(246272K)] 352703K->101409K(933248K), 0.0035690 secs] [Times: user=0.01 sys=0.00, real=0.00 secs] 
2014-07-08T23:44:38.623+0000: 466.586: [GC [PSYoungGen: 246246K->948K(240256K)] 346657K->101391K(927232K), 0.0048640 secs] [Times: user=0.00 sys=0.00, real=0.00 secs] 
2014-07-08T23:44:39.726+0000: 467.689: [GC [PSYoungGen: 240242K->980K(234560K)] 340684K->101463K(921536K), 0.0050330 secs] [Times: user=0.02 sys=0.00, real=0.01 secs] 
2014-07-08T23:44:40.787+0000: 468.750: [GC [PSYoungGen: 234516K->980K(229056K)] 334999K->101511K(916032K), 0.0132520 secs] [Times: user=0.05 sys=0.00, real=0.02 secs] 
2014-07-08T23:44:41.832+0000: 469.795: [GC [PSYoungGen: 228971K->1012K(223744K)] 329502K->101599K(910720K), 0.0038510 secs] [Times: user=0.01 sys=0.01, real=0.00 secs] 
2014-07-08T23:44:42.856+0000: 470.819: [GC [PSYoungGen: 223732K->1147K(218752K)] 324319K->101766K(905728K), 0.0075160 secs] [Times: user=0.02 sys=0.00, real=0.01 secs] 
2014-07-08T23:44:43.842+0000: 471.805: [GC [PSYoungGen: 218747K->948K(213632K)] 319366K->101599K(900608K), 0.0030340 secs] [Times: user=0.01 sys=0.00, real=0.00 secs] 
2014-07-08T23:44:44.809+0000: 472.772: [GC [PSYoungGen: 213620K->916K(208832K)] 314271K->101583K(895808K), 0.0048270 secs] [Times: user=0.01 sys=0.00, real=0.01 secs] 
2014-07-08T23:44:45.775+0000: 473.738: [GC [PSYoungGen: 208787K->1012K(204288K)] 309454K->101703K(891264K), 0.0033160 secs] [Times: user=0.01 sys=0.00, real=0.00 secs] 
2014-07-08T23:44:46.702+0000: 474.665: [GC [PSYoungGen: 204276K->1012K(199808K)] 304967K->101751K(886784K), 0.0034670 secs] [Times: user=0.01 sys=0.00, real=0.00 secs] 
2014-07-08T23:44:47.610+0000: 475.572: [GC [PSYoungGen: 199796K->948K(195456K)] 300535K->101783K(882432K), 0.0056610 secs] [Times: user=0.01 sys=0.00, real=0.01 secs] 
2014-07-08T23:44:48.506+0000: 476.469: [GC [PSYoungGen: 195444K->1076K(191424K)] 296278K->101951K(878400K), 0.0044910 secs] [Times: user=0.02 sys=0.01, real=0.00 secs] 
2014-07-08T23:44:49.380+0000: 477.343: [GC [PSYoungGen: 191391K->816K(187136K)] 292266K->102061K(874112K), 0.0066140 secs] [Times: user=0.02 sys=0.00, real=0.01 secs] 
2014-07-08T23:44:50.216+0000: 478.179: [GC [PSYoungGen: 187120K->1180K(183616K)] 288365K->102449K(870592K), 0.0051940 secs] [Times: user=0.02 sys=0.00, real=0.01 secs] 
2014-07-08T23:44:51.051+0000: 479.014: [GC [PSYoungGen: 183580K->830K(179456K)] 284849K->102545K(866432K), 0.0050970 secs] [Times: user=0.02 sys=0.00, real=0.00 secs] 
2014-07-08T23:44:51.843+0000: 479.806: [GC [PSYoungGen: 179454K->1126K(176128K)] 281169K->102889K(863104K), 0.0050320 secs] [Times: user=0.01 sys=0.00, real=0.00 secs] 
2014-07-08T23:44:52.640+0000: 480.603: [GC [PSYoungGen: 176091K->980K(172480K)] 277854K->102941K(859456K), 0.0028560 secs] [Times: user=0.01 sys=0.00, real=0.01 secs] 
2014-07-08T23:44:53.401+0000: 481.364: [GC [PSYoungGen: 172436K->916K(169024K)] 274397K->102885K(856000K), 0.0045750 secs] [Times: user=0.01 sys=0.00, real=0.00 secs] 
2014-07-08T23:44:54.178+0000: 482.141: [GC [PSYoungGen: 168980K->880K(165696K)] 270949K->103117K(852672K), 0.0052450 secs] [Times: user=0.02 sys=0.00, real=0.01 secs] 
2014-07-08T23:44:54.933+0000: 482.896: [GC [PSYoungGen: 165679K->1304K(162944K)] 267916K->103557K(849920K), 0.0057870 secs] [Times: user=0.01 sys=0.00, real=0.00 secs] 
2014-07-08T23:44:55.674+0000: 483.636: [GC [PSYoungGen: 162888K->638K(194560K)] 265141K->103389K(881536K), 0.0179790 secs] [Times: user=0.06 sys=0.00, real=0.01 secs] 
2014-07-08T23:44:56.568+0000: 484.531: [GC [PSYoungGen: 194558K->1194K(190976K)] 297309K->103977K(877952K), 0.0053080 secs] [Times: user=0.01 sys=0.00, real=0.01 secs] 
2014-07-08T23:44:57.430+0000: 485.393: [GC [PSYoungGen: 190954K->1044K(228800K)] 293737K->104129K(915776K), 0.0113790 secs] [Times: user=0.04 sys=0.00, real=0.01 secs] 
2014-07-08T23:44:58.428+0000: 486.391: [GC [PSYoungGen: 228756K->1136K(223552K)] 331841K->104262K(910528K), 0.0036320 secs] [Times: user=0.01 sys=0.00, real=0.00 secs] 
2014-07-08T23:44:59.466+0000: 487.429: [GC [PSYoungGen: 223527K->638K(217920K)] 326652K->104089K(904896K), 0.0066250 secs] [Times: user=0.02 sys=0.00, real=0.01 secs] 
2014-07-08T23:45:00.458+0000: 488.421: [GC [PSYoungGen: 217884K->1226K(213632K)] 321336K->104751K(900608K), 0.0031130 secs] [Times: user=0.00 sys=0.00, real=0.00 secs] 
2014-07-08T23:45:01.424+0000: 489.387: [GC [PSYoungGen: 213578K->954K(208576K)] 317103K->104876K(895552K), 0.0033590 secs] [Times: user=0.01 sys=0.00, real=0.00 secs] 
2014-07-08T23:45:02.362+0000: 490.325: [GC [PSYoungGen: 208564K->980K(204032K)] 312485K->104933K(891008K), 0.0095740 secs] [Times: user=0.04 sys=0.00, real=0.01 secs] 
2014-07-08T23:45:03.300+0000: 491.263: [GC [PSYoungGen: 203986K->880K(199488K)] 307940K->105021K(886464K), 0.0056090 secs] [Times: user=0.02 sys=0.00, real=0.01 secs] 
2014-07-08T23:45:04.194+0000: 492.157: [GC [PSYoungGen: 199426K->1076K(195392K)] 303568K->105241K(882368K), 0.0040040 secs] [Times: user=0.01 sys=0.00, real=0.00 secs] 
2014-07-08T23:45:05.067+0000: 493.030: [GC [PSYoungGen: 195380K->880K(191040K)] 299545K->105337K(878016K), 0.0060810 secs] [Times: user=0.01 sys=0.00, real=0.01 secs] 
2014-07-08T23:45:05.941+0000: 493.904: [GC [PSYoungGen: 191021K->1190K(187328K)] 295479K->105680K(874304K), 0.0039140 secs] [Times: user=0.01 sys=0.00, real=0.01 secs] 
2014-07-08T23:45:06.778+0000: 494.741: [GC [PSYoungGen: 187302K->630K(182912K)] 291792K->105764K(869888K), 0.0035180 secs] [Times: user=0.01 sys=0.01, real=0.00 secs] 
2014-07-08T23:45:07.615+0000: 495.578: [GC [PSYoungGen: 182874K->1372K(179968K)] 288008K->106546K(866944K), 0.0067680 secs] [Times: user=0.02 sys=0.01, real=0.00 secs] 
2014-07-08T23:45:08.437+0000: 496.400: [GC [PSYoungGen: 179931K->802K(175744K)] 285105K->106492K(862720K), 0.0081540 secs] [Times: user=0.03 sys=0.00, real=0.01 secs] 
2014-07-08T23:45:09.257+0000: 497.220: [GC [PSYoungGen: 175714K->1336K(172736K)] 281404K->107058K(859712K), 0.0090330 secs] [Times: user=0.03 sys=0.00, real=0.01 secs] 
2014-07-08T23:45:10.052+0000: 498.015: [GC [PSYoungGen: 172728K->948K(206656K)] 278450K->106866K(893632K), 0.0151550 secs] [Times: user=0.05 sys=0.00, real=0.02 secs] 
2014-07-08T23:45:10.998+0000: 498.961: [GC [PSYoungGen: 206644K->1012K(202176K)] 312562K->106962K(889152K), 0.0046220 secs] [Times: user=0.01 sys=0.00, real=0.00 secs] 
2014-07-08T23:45:11.912+0000: 499.875: [GC [PSYoungGen: 202122K->980K(197824K)] 308072K->106954K(884800K), 0.0051930 secs] [Times: user=0.02 sys=0.00, real=0.01 secs] 
2014-07-08T23:45:12.807+0000: 500.770: [GC [PSYoungGen: 197771K->998K(193600K)] 303746K->106988K(880576K), 0.0037860 secs] [Times: user=0.01 sys=0.00, real=0.00 secs] 
2014-07-08T23:45:13.701+0000: 501.664: [GC [PSYoungGen: 193574K->980K(189504K)] 299564K->106986K(876480K), 0.0037690 secs] [Times: user=0.01 sys=0.00, real=0.01 secs] 
2014-07-08T23:45:14.542+0000: 502.505: [GC [PSYoungGen: 189460K->1449K(185984K)] 295466K->107495K(872960K), 0.0098740 secs] [Times: user=0.04 sys=0.00, real=0.01 secs] 
2014-07-08T23:45:15.390+0000: 503.353: [GC [PSYoungGen: 185914K->495K(181184K)] 291960K->107155K(868160K), 0.0036080 secs] [Times: user=0.01 sys=0.00, real=0.00 secs] 
2014-07-08T23:45:16.221+0000: 504.184: [GC [PSYoungGen: 181167K->1508K(178496K)] 287827K->108184K(865472K), 0.0149610 secs] [Times: user=0.04 sys=0.00, real=0.02 secs] 
2014-07-08T23:45:17.005+0000: 504.968: [GC [PSYoungGen: 178468K->980K(174400K)] 285144K->108140K(861376K), 0.0038140 secs] [Times: user=0.01 sys=0.00, real=0.00 secs] 
2014-07-08T23:45:17.777+0000: 505.740: [GC [PSYoungGen: 174345K->1062K(171008K)] 281506K->108254K(857984K), 0.0076540 secs] [Times: user=0.03 sys=0.00, real=0.01 secs] 
2014-07-08T23:45:18.535+0000: 506.498: [GC [PSYoungGen: 170978K->1012K(167616K)] 278171K->108244K(854592K), 0.0082850 secs] [Times: user=0.03 sys=0.00, real=0.00 secs] 
2014-07-08T23:45:19.287+0000: 507.250: [GC [PSYoungGen: 167604K->1048K(164416K)] 274836K->108296K(851392K), 0.0056620 secs] [Times: user=0.01 sys=0.00, real=0.00 secs] 
2014-07-08T23:45:20.025+0000: 507.988: [GC [PSYoungGen: 164376K->1128K(161344K)] 271624K->108549K(848320K), 0.0076600 secs] [Times: user=0.02 sys=0.00, real=0.01 secs] 
2014-07-08T23:45:20.731+0000: 508.694: [GC [PSYoungGen: 161297K->1168K(193472K)] 268718K->108620K(880448K), 0.0104740 secs] [Times: user=0.03 sys=0.00, real=0.01 secs] 
2014-07-08T23:45:21.621+0000: 509.584: [GC [PSYoungGen: 193424K->872K(189056K)] 300876K->108703K(876032K), 0.0055320 secs] [Times: user=0.02 sys=0.00, real=0.01 secs] 
2014-07-08T23:45:22.480+0000: 510.443: [GC [PSYoungGen: 188987K->1194K(185408K)] 296818K->109048K(872384K), 0.0063090 secs] [Times: user=0.02 sys=0.00, real=0.01 secs] 
2014-07-08T23:45:23.308+0000: 511.271: [GC [PSYoungGen: 185386K->1019K(181440K)] 293240K->109211K(868416K), 0.0028800 secs] [Times: user=0.01 sys=0.00, real=0.00 secs] 
2014-07-08T23:45:24.129+0000: 512.092: [GC [PSYoungGen: 181434K->1336K(178048K)] 289626K->109560K(865024K), 0.0141060 secs] [Times: user=0.04 sys=0.00, real=0.01 secs] 
2014-07-08T23:45:24.932+0000: 512.895: [GC [PSYoungGen: 178013K->887K(174016K)] 286238K->109699K(860992K), 0.0062990 secs] [Times: user=0.03 sys=0.00, real=0.01 secs] 
2014-07-08T23:45:25.714+0000: 513.677: [GC [PSYoungGen: 173989K->1414K(171136K)] 282801K->110258K(858112K), 0.0064030 secs] [Times: user=0.03 sys=0.00, real=0.01 secs] 
2014-07-08T23:45:26.508+0000: 514.471: [GC [PSYoungGen: 171078K->1004K(167360K)] 279922K->110234K(854336K), 0.0028960 secs] [Times: user=0.01 sys=0.00, real=0.00 secs] 
2014-07-08T23:45:27.256+0000: 515.219: [GC [PSYoungGen: 167340K->1108K(164288K)] 276570K->110410K(851264K), 0.0087430 secs] [Times: user=0.03 sys=0.00, real=0.00 secs] 
2014-07-08T23:45:28.006+0000: 515.969: [GC [PSYoungGen: 164244K->1076K(161088K)] 273546K->110434K(848064K), 0.0101720 secs] [Times: user=0.04 sys=0.00, real=0.01 secs] 
2014-07-08T23:45:28.714+0000: 516.677: [GC [PSYoungGen: 161076K->916K(157952K)] 270434K->110306K(844928K), 0.0034610 secs] [Times: user=0.00 sys=0.00, real=0.01 secs] 
2014-07-08T23:45:29.429+0000: 517.392: [GC [PSYoungGen: 157908K->1264K(189696K)] 267298K->110694K(876672K), 0.0120950 secs] [Times: user=0.04 sys=0.00, real=0.01 secs] 
2014-07-08T23:45:30.286+0000: 518.249: [GC [PSYoungGen: 189680K->1030K(185536K)] 299110K->110492K(872512K), 0.0064160 secs] [Times: user=0.02 sys=0.00, real=0.01 secs] 
2014-07-08T23:45:31.133+0000: 519.096: [GC [PSYoungGen: 185477K->1022K(181632K)] 294939K->110746K(868608K), 0.0049250 secs] [Times: user=0.02 sys=0.00, real=0.01 secs] 
2014-07-08T23:45:31.954+0000: 519.917: [GC [PSYoungGen: 181603K->1461K(178368K)] 291327K->111225K(865344K), 0.0030820 secs] [Times: user=0.01 sys=0.00, real=0.01 secs] 
2014-07-08T23:45:32.744+0000: 520.707: [GC [PSYoungGen: 178328K->890K(174208K)] 288092K->111098K(861184K), 0.0077160 secs] [Times: user=0.03 sys=0.00, real=0.01 secs] 
2014-07-08T23:45:33.521+0000: 521.484: [GC [PSYoungGen: 174183K->1262K(171136K)] 284392K->111502K(858112K), 0.0096950 secs] [Times: user=0.03 sys=0.00, real=0.01 secs] 
2014-07-08T23:45:34.300+0000: 522.263: [GC [PSYoungGen: 171118K->1331K(167872K)] 281358K->112089K(854848K), 0.0028640 secs] [Times: user=0.01 sys=0.00, real=0.00 secs] 
2014-07-08T23:45:35.067+0000: 523.030: [GC [PSYoungGen: 167830K->1012K(164288K)] 278588K->111794K(851264K), 0.0093560 secs] [Times: user=0.03 sys=0.00, real=0.01 secs] 
2014-07-08T23:45:35.814+0000: 523.777: [GC [PSYoungGen: 164268K->1168K(161344K)] 275050K->112031K(848320K), 0.0051230 secs] [Times: user=0.01 sys=0.00, real=0.01 secs] 
2014-07-08T23:45:36.555+0000: 524.518: [GC [PSYoungGen: 161288K->1378K(193600K)] 272151K->112312K(880576K), 0.0219420 secs] [Times: user=0.08 sys=0.00, real=0.02 secs] 
2014-07-08T23:45:37.416+0000: 525.379: [GC [PSYoungGen: 193570K->1016K(231680K)] 304504K->112014K(918656K), 0.0078240 secs] [Times: user=0.03 sys=0.00, real=0.01 secs] 
2014-07-08T23:45:38.478+0000: 526.441: [GC [PSYoungGen: 231665K->1133K(277952K)] 342664K->112179K(964928K), 0.0057840 secs] [Times: user=0.02 sys=0.00, real=0.00 secs] 
2014-07-08T23:45:39.738+0000: 527.701: [GC [PSYoungGen: 277933K->948K(270656K)] 388979K->112010K(957632K), 0.0051690 secs] [Times: user=0.01 sys=0.00, real=0.00 secs] 
2014-07-08T23:45:40.975+0000: 528.938: [GC [PSYoungGen: 270644K->1108K(264000K)] 381706K->112210K(950976K), 0.0067750 secs] [Times: user=0.02 sys=0.00, real=0.01 secs] 
2014-07-08T23:45:42.138+0000: 530.101: [GC [PSYoungGen: 263948K->1108K(257408K)] 375051K->112242K(944384K), 0.0083280 secs] [Times: user=0.03 sys=0.00, real=0.01 secs] 
2014-07-08T23:45:43.302+0000: 531.264: [GC [PSYoungGen: 257364K->1076K(251008K)] 368498K->112250K(937984K), 0.0036090 secs] [Times: user=0.01 sys=0.00, real=0.00 secs] 
2014-07-08T23:45:44.438+0000: 532.401: [GC [PSYoungGen: 250996K->1136K(244928K)] 362170K->112334K(931904K), 0.0028460 secs] [Times: user=0.01 sys=0.00, real=0.01 secs] 
2014-07-08T23:45:45.541+0000: 533.504: [GC [PSYoungGen: 244912K->1356K(239296K)] 356110K->112595K(926272K), 0.0030200 secs] [Times: user=0.01 sys=0.00, real=0.00 secs] 
2014-07-08T23:45:46.611+0000: 534.574: [GC [PSYoungGen: 239212K->702K(232896K)] 350450K->112290K(919872K), 0.0076210 secs] [Times: user=0.03 sys=0.00, real=0.00 secs] 
2014-07-08T23:45:47.665+0000: 535.628: [GC [PSYoungGen: 232883K->1276K(228032K)] 344471K->112986K(915008K), 0.0030360 secs] [Times: user=0.01 sys=0.00, real=0.00 secs] 
2014-07-08T23:45:48.686+0000: 536.649: [GC [PSYoungGen: 228028K->1108K(222656K)] 339738K->113138K(909632K), 0.0026360 secs] [Times: user=0.01 sys=0.00, real=0.00 secs] 
2014-07-08T23:45:49.708+0000: 537.671: [GC [PSYoungGen: 222586K->1136K(217600K)] 334617K->113182K(904576K), 0.0037580 secs] [Times: user=0.01 sys=0.01, real=0.01 secs] 
2014-07-08T23:45:50.683+0000: 538.646: [GC [PSYoungGen: 217584K->940K(212480K)] 329630K->113151K(899456K), 0.0077600 secs] [Times: user=0.03 sys=0.00, real=0.01 secs] 
2014-07-08T23:45:51.651+0000: 539.614: [GC [PSYoungGen: 212431K->1194K(208000K)] 324641K->113452K(894976K), 0.0127490 secs] [Times: user=0.04 sys=0.00, real=0.01 secs] 
2014-07-08T23:45:52.583+0000: 540.546: [GC [PSYoungGen: 207960K->948K(203200K)] 320219K->113362K(890176K), 0.0027060 secs] [Times: user=0.01 sys=0.00, real=0.00 secs] 
2014-07-08T23:45:53.509+0000: 541.472: [GC [PSYoungGen: 203165K->1012K(198848K)] 315580K->113474K(885824K), 0.0055900 secs] [Times: user=0.02 sys=0.00, real=0.01 secs] 
2014-07-08T23:45:54.422+0000: 542.385: [GC [PSYoungGen: 198834K->1139K(194688K)] 311296K->114028K(881664K), 0.0046370 secs] [Times: user=0.02 sys=0.01, real=0.00 secs] 
2014-07-08T23:45:55.282+0000: 543.245: [GC [PSYoungGen: 194649K->1280K(190784K)] 307538K->114193K(877760K), 0.0049630 secs] [Times: user=0.01 sys=0.00, real=0.00 secs] 
2014-07-08T23:45:56.149+0000: 544.112: [GC [PSYoungGen: 190720K->880K(186368K)] 303633K->114387K(873344K), 0.0103920 secs] [Times: user=0.04 sys=0.00, real=0.01 secs] 
2014-07-08T23:45:56.988+0000: 544.951: [GC [PSYoungGen: 186352K->1030K(223680K)] 299859K->114609K(910656K), 0.0407650 secs] [Times: user=0.14 sys=0.00, real=0.04 secs] 
2014-07-08T23:45:58.009+0000: 545.972: [GC [PSYoungGen: 223622K->1286K(268480K)] 337201K->114971K(955456K), 0.0082240 secs] [Times: user=0.03 sys=0.00, real=0.01 secs] 
2014-07-08T23:45:59.214+0000: 547.177: [GC [PSYoungGen: 268422K->1044K(321664K)] 382107K->114769K(1008640K), 0.0086560 secs] [Times: user=0.03 sys=0.00, real=0.01 secs] 
2014-07-08T23:46:00.671+0000: 548.634: [GC [PSYoungGen: 321620K->940K(385664K)] 435345K->114885K(1072640K), 0.0041310 secs] [Times: user=0.01 sys=0.00, real=0.01 secs] 
2014-07-08T23:46:02.428+0000: 550.391: [GC [PSYoungGen: 385644K->1144K(374400K)] 499589K->115113K(1061376K), 0.0039010 secs] [Times: user=0.01 sys=0.00, real=0.01 secs] 
2014-07-08T23:46:04.135+0000: 552.098: [GC [PSYoungGen: 374392K->1132K(363392K)] 488361K->115469K(1050368K), 0.0100610 secs] [Times: user=0.03 sys=0.00, real=0.01 secs] 
2014-07-08T23:46:05.779+0000: 553.742: [GC [PSYoungGen: 363328K->1485K(353216K)] 477666K->115846K(1040192K), 0.0033260 secs] [Times: user=0.01 sys=0.00, real=0.01 secs] 
2014-07-08T23:46:07.390+0000: 555.353: [GC [PSYoungGen: 353156K->702K(342272K)] 467518K->115521K(1029248K), 0.0040490 secs] [Times: user=0.01 sys=0.00, real=0.01 secs] 
2014-07-08T23:46:08.937+0000: 556.900: [GC [PSYoungGen: 342270K->1240K(333120K)] 457089K->116123K(1020096K), 0.0138320 secs] [Times: user=0.04 sys=0.00, real=0.01 secs] 
2014-07-08T23:46:10.469+0000: 558.431: [GC [PSYoungGen: 333080K->980K(323584K)] 447963K->116035K(1010560K), 0.0060220 secs] [Times: user=0.00 sys=0.00, real=0.01 secs] 
2014-07-08T23:46:11.931+0000: 559.894: [GC [PSYoungGen: 323511K->1108K(314752K)] 438566K->116195K(1001728K), 0.0071740 secs] [Times: user=0.03 sys=0.00, real=0.01 secs] 
2014-07-08T23:46:13.350+0000: 561.313: [GC [PSYoungGen: 314708K->1208K(306240K)] 429795K->116327K(993216K), 0.0157900 secs] [Times: user=0.06 sys=0.00, real=0.02 secs] 
2014-07-08T23:46:14.726+0000: 562.689: [GC [PSYoungGen: 306232K->1044K(297856K)] 421351K->116203K(984832K), 0.0074800 secs] [Times: user=0.03 sys=0.01, real=0.00 secs] 
2014-07-08T23:46:16.082+0000: 564.045: [GC [PSYoungGen: 297812K->930K(289792K)] 412971K->116171K(976768K), 0.0038150 secs] [Times: user=0.01 sys=0.00, real=0.01 secs] 
2014-07-08T23:46:17.398+0000: 565.361: [GC [PSYoungGen: 289761K->1012K(282240K)] 405002K->116333K(969216K), 0.0049580 secs] [Times: user=0.00 sys=0.00, real=0.00 secs] 
2014-07-08T23:46:18.669+0000: 566.632: [GC [PSYoungGen: 282228K->1044K(275008K)] 397549K->116421K(961984K), 0.0078200 secs] [Times: user=0.03 sys=0.00, real=0.01 secs] 
2014-07-08T23:46:19.911+0000: 567.874: [GC [PSYoungGen: 274964K->1264K(268160K)] 390341K->116681K(955136K), 0.0065710 secs] [Times: user=0.01 sys=0.00, real=0.01 secs] 
2014-07-08T23:46:21.109+0000: 569.072: [GC [PSYoungGen: 268104K->752K(260864K)] 383521K->116522K(947840K), 0.0083490 secs] [Times: user=0.01 sys=0.00, real=0.01 secs] 
2014-07-08T23:46:22.272+0000: 570.235: [GC [PSYoungGen: 260848K->1176K(254784K)] 376618K->117012K(941760K), 0.0037660 secs] [Times: user=0.01 sys=0.00, real=0.01 secs] 
2014-07-08T23:46:23.417+0000: 571.380: [GC [PSYoungGen: 254743K->1012K(248320K)] 370579K->117012K(935296K), 0.0119730 secs] [Times: user=0.04 sys=0.00, real=0.01 secs] 
2014-07-08T23:46:24.560+0000: 572.523: [GC [PSYoungGen: 248276K->1104K(242432K)] 364276K->117128K(929408K), 0.0083430 secs] [Times: user=0.02 sys=0.00, real=0.01 secs] 
2014-07-08T23:46:25.666+0000: 573.629: [GC [PSYoungGen: 242383K->805K(236288K)] 358407K->117157K(923264K), 0.0078840 secs] [Times: user=0.01 sys=0.00, real=0.00 secs] 
2014-07-08T23:46:26.726+0000: 574.689: [GC [PSYoungGen: 236261K->1446K(231360K)] 352613K->117920K(918336K), 0.0031880 secs] [Times: user=0.01 sys=0.00, real=0.00 secs] 
2014-07-08T23:46:27.766+0000: 575.729: [GC [PSYoungGen: 231322K->688K(225216K)] 347796K->117734K(912192K), 0.0045120 secs] [Times: user=0.01 sys=0.00, real=0.01 secs] 
2014-07-08T23:46:28.788+0000: 576.751: [GC [PSYoungGen: 225200K->1321K(220672K)] 342246K->118399K(907648K), 0.0037270 secs] [Times: user=0.01 sys=0.00, real=0.00 secs] 
2014-07-08T23:46:29.801+0000: 577.764: [GC [PSYoungGen: 220649K->1044K(215424K)] 337727K->118284K(902400K), 0.0049830 secs] [Times: user=0.01 sys=0.00, real=0.01 secs] 
2014-07-08T23:46:30.783+0000: 578.746: [GC [PSYoungGen: 215368K->1012K(210496K)] 332609K->118292K(897472K), 0.0029740 secs] [Times: user=0.00 sys=0.00, real=0.01 secs] 
2014-07-08T23:46:31.754+0000: 579.717: [GC [PSYoungGen: 210484K->1044K(205888K)] 327764K->118380K(892864K), 0.0033090 secs] [Times: user=0.02 sys=0.00, real=0.01 secs] 
2014-07-08T23:46:32.685+0000: 580.647: [GC [PSYoungGen: 205810K->1062K(201408K)] 323146K->118422K(888384K), 0.0043040 secs] [Times: user=0.01 sys=0.00, real=0.01 secs] 
2014-07-08T23:46:33.594+0000: 581.556: [GC [PSYoungGen: 201361K->951K(196928K)] 318721K->118615K(883904K), 0.0057510 secs] [Times: user=0.01 sys=0.00, real=0.01 secs] 
2014-07-08T23:46:34.497+0000: 582.460: [GC [PSYoungGen: 196919K->1162K(192960K)] 314583K->118850K(879936K), 0.0034030 secs] [Times: user=0.01 sys=0.00, real=0.00 secs] 
2014-07-08T23:46:35.385+0000: 583.348: [GC [PSYoungGen: 192889K->954K(188672K)] 310577K->119121K(875648K), 0.0068350 secs] [Times: user=0.02 sys=0.00, real=0.01 secs] 
2014-07-08T23:46:36.230+0000: 584.193: [GC [PSYoungGen: 188641K->1442K(226752K)] 306808K->119640K(913728K), 0.0228090 secs] [Times: user=0.08 sys=0.00, real=0.02 secs] 
2014-07-08T23:46:37.258+0000: 585.221: [GC [PSYoungGen: 226695K->802K(220864K)] 344893K->119292K(907840K), 0.0044010 secs] [Times: user=0.01 sys=0.00, real=0.00 secs] 
2014-07-08T23:46:38.240+0000: 586.203: [GC [PSYoungGen: 220800K->1208K(216192K)] 339290K->119746K(903168K), 0.0134300 secs] [Times: user=0.05 sys=0.00, real=0.01 secs] 
2014-07-08T23:46:39.226+0000: 587.189: [GC [PSYoungGen: 216184K->1168K(211328K)] 334722K->119844K(898304K), 0.0065860 secs] [Times: user=0.01 sys=0.00, real=0.01 secs] 
2014-07-08T23:46:40.176+0000: 588.139: [GC [PSYoungGen: 211271K->1371K(206848K)] 329947K->120072K(893824K), 0.0089720 secs] [Times: user=0.03 sys=0.00, real=0.01 secs] 
2014-07-08T23:46:41.116+0000: 589.079: [GC [PSYoungGen: 206809K->484K(247040K)] 325510K->120009K(934016K), 0.0122740 secs] [Times: user=0.03 sys=0.00, real=0.02 secs] 
2014-07-08T23:46:42.250+0000: 590.213: [GC [PSYoungGen: 247012K->1358K(297280K)] 366537K->120899K(984256K), 0.0425370 secs] [Times: user=0.15 sys=0.00, real=0.04 secs] 
2014-07-08T23:46:43.610+0000: 591.573: [GC [PSYoungGen: 297215K->948K(356032K)] 416756K->120923K(1043008K), 0.0057090 secs] [Times: user=0.01 sys=0.00, real=0.00 secs] 
2014-07-08T23:46:45.222+0000: 593.185: [GC [PSYoungGen: 356020K->1172K(427328K)] 475995K->121171K(1114304K), 0.0061080 secs] [Times: user=0.02 sys=0.00, real=0.01 secs] 
2014-07-08T23:46:47.162+0000: 595.125: [GC [PSYoungGen: 427284K->1076K(413952K)] 547283K->121107K(1100928K), 0.0110890 secs] [Times: user=0.04 sys=0.00, real=0.01 secs] 
2014-07-08T23:46:49.006+0000: 596.969: [GC [PSYoungGen: 413940K->1325K(401536K)] 533971K->121452K(1088512K), 0.0080940 secs] [Times: user=0.03 sys=0.00, real=0.01 secs] 
2014-07-08T23:46:50.840+0000: 598.803: [GC [PSYoungGen: 401517K->688K(388736K)] 521644K->121107K(1075712K), 0.0046790 secs] [Times: user=0.01 sys=0.00, real=0.00 secs] 
2014-07-08T23:46:52.612+0000: 600.575: [GC [PSYoungGen: 388675K->1112K(377536K)] 509094K->121555K(1064512K), 0.0034310 secs] [Times: user=0.00 sys=0.01, real=0.00 secs] 
2014-07-08T23:46:54.320+0000: 602.283: [GC [PSYoungGen: 377496K->1264K(366528K)] 497939K->121869K(1053504K), 0.0039650 secs] [Times: user=0.01 sys=0.00, real=0.00 secs] 
2014-07-08T23:46:55.981+0000: 603.943: [GC [PSYoungGen: 366509K->1311K(355904K)] 487115K->121956K(1042880K), 0.0063480 secs] [Times: user=0.02 sys=0.00, real=0.00 secs] 
2014-07-08T23:46:57.577+0000: 605.540: [GC [PSYoungGen: 355871K->492K(344832K)] 476516K->121745K(1031808K), 0.0037580 secs] [Times: user=0.01 sys=0.00, real=0.01 secs] 
2014-07-08T23:46:59.141+0000: 607.104: [GC [PSYoungGen: 344782K->1532K(336064K)] 466035K->122963K(1023040K), 0.0101890 secs] [Times: user=0.04 sys=0.00, real=0.01 secs] 
2014-07-08T23:47:00.640+0000: 608.603: [GC [PSYoungGen: 336020K->1030K(326208K)] 457451K->122837K(1013184K), 0.0043420 secs] [Times: user=0.01 sys=0.00, real=0.01 secs] 
2014-07-08T23:47:02.120+0000: 610.083: [GC [PSYoungGen: 326101K->1378K(317504K)] 447909K->123307K(1004480K), 0.0082540 secs] [Times: user=0.03 sys=0.00, real=0.01 secs] 
2014-07-08T23:47:03.556+0000: 611.519: [GC [PSYoungGen: 317451K->1022K(308416K)] 439381K->123140K(995392K), 0.0036510 secs] [Times: user=0.01 sys=0.00, real=0.00 secs] 
2014-07-08T23:47:04.984+0000: 612.947: [GC [PSYoungGen: 308409K->1439K(300544K)] 430526K->123604K(987520K), 0.0125420 secs] [Times: user=0.04 sys=0.00, real=0.01 secs] 
2014-07-08T23:47:06.361+0000: 614.324: [GC [PSYoungGen: 300483K->880K(291968K)] 422648K->123444K(978944K), 0.0143320 secs] [Times: user=0.05 sys=0.00, real=0.01 secs] 
2014-07-08T23:47:07.694+0000: 615.657: [GC [PSYoungGen: 291930K->1254K(284672K)] 414495K->123922K(971648K), 0.0072830 secs] [Times: user=0.02 sys=0.00, real=0.00 secs] 
2014-07-08T23:47:09.010+0000: 616.973: [GC [PSYoungGen: 284623K->1126K(341248K)] 407291K->123916K(1028224K), 0.0333270 secs] [Times: user=0.11 sys=0.00, real=0.04 secs] 
2014-07-08T23:47:10.562+0000: 618.525: [GC [PSYoungGen: 341217K->980K(331456K)] 464007K->123794K(1018432K), 0.0074250 secs] [Times: user=0.03 sys=0.01, real=0.01 secs] 
2014-07-08T23:47:12.053+0000: 620.016: [GC [PSYoungGen: 331412K->1078K(322240K)] 454226K->124139K(1009216K), 0.0035500 secs] [Times: user=0.01 sys=0.00, real=0.00 secs] 
2014-07-08T23:47:13.528+0000: 621.491: [GC [PSYoungGen: 322189K->1080K(313344K)] 445250K->124157K(1000320K), 0.0034730 secs] [Times: user=0.01 sys=0.00, real=0.00 secs] 
2014-07-08T23:47:14.958+0000: 622.921: [GC [PSYoungGen: 313336K->1044K(304832K)] 436413K->124285K(991808K), 0.0085770 secs] [Times: user=0.03 sys=0.00, real=0.01 secs] 
2014-07-08T23:47:16.358+0000: 624.321: [GC [PSYoungGen: 304788K->1076K(296640K)] 428029K->124341K(983616K), 0.0176360 secs] [Times: user=0.06 sys=0.00, real=0.02 secs] 
2014-07-08T23:47:17.732+0000: 625.695: [GC [PSYoungGen: 296628K->1072K(288768K)] 419893K->124465K(975744K), 0.0208850 secs] [Times: user=0.07 sys=0.00, real=0.03 secs] 
2014-07-08T23:47:19.046+0000: 627.009: [GC [PSYoungGen: 288751K->1140K(281280K)] 412144K->124573K(968256K), 0.0069770 secs] [Times: user=0.03 sys=0.00, real=0.01 secs] 
2014-07-08T23:47:20.294+0000: 628.257: [GC [PSYoungGen: 281268K->894K(273792K)] 404701K->124557K(960768K), 0.0098410 secs] [Times: user=0.04 sys=0.00, real=0.01 secs] 
2014-07-08T23:47:21.547+0000: 629.510: [GC [PSYoungGen: 273763K->1350K(267328K)] 397426K->125053K(954304K), 0.0146730 secs] [Times: user=0.05 sys=0.00, real=0.01 secs] 
2014-07-08T23:47:22.763+0000: 630.726: [GC [PSYoungGen: 267270K->826K(319936K)] 390973K->124947K(1006912K), 0.0243710 secs] [Times: user=0.09 sys=0.00, real=0.03 secs] 
2014-07-08T23:47:24.225+0000: 632.188: [GC [PSYoungGen: 319928K->1030K(311424K)] 444049K->125159K(998400K), 0.0069920 secs] [Times: user=0.01 sys=0.00, real=0.00 secs] 
2014-07-08T23:47:25.635+0000: 633.598: [GC [PSYoungGen: 311299K->1207K(373632K)] 435428K->125540K(1060608K), 0.0427550 secs] [Times: user=0.15 sys=0.00, real=0.04 secs] 
2014-07-08T23:47:27.354+0000: 635.317: [GC [PSYoungGen: 373623K->1076K(448000K)] 497956K->125449K(1134976K), 0.0098210 secs] [Times: user=0.03 sys=0.00, real=0.01 secs] 
2014-07-08T23:47:29.383+0000: 637.346: [GC [PSYoungGen: 447988K->948K(433728K)] 572361K->125417K(1120704K), 0.0036740 secs] [Times: user=0.01 sys=0.00, real=0.01 secs] 
2014-07-08T23:47:31.363+0000: 639.326: [GC [PSYoungGen: 433716K->1172K(520576K)] 558185K->125681K(1207552K), 0.0227510 secs] [Times: user=0.08 sys=0.00, real=0.03 secs] 
2014-07-08T23:47:33.732+0000: 641.695: [GC [PSYoungGen: 520491K->1069K(503104K)] 645000K->125610K(1190080K), 0.0066020 secs] [Times: user=0.01 sys=0.00, real=0.01 secs] 
2014-07-08T23:47:35.986+0000: 643.949: [GC [PSYoungGen: 503085K->1108K(486592K)] 627626K->125681K(1173568K), 0.0092310 secs] [Times: user=0.03 sys=0.00, real=0.01 secs] 
2014-07-08T23:47:38.181+0000: 646.144: [GC [PSYoungGen: 486548K->880K(470528K)] 611121K->125697K(1157504K), 0.0058170 secs] [Times: user=0.01 sys=0.00, real=0.01 secs] 
2014-07-08T23:47:40.338+0000: 648.301: [GC [PSYoungGen: 470512K->1446K(456000K)] 595329K->126359K(1142976K), 0.0111390 secs] [Times: user=0.04 sys=0.00, real=0.01 secs] 
2014-07-08T23:47:42.380+0000: 650.343: [GC [PSYoungGen: 455974K->638K(440704K)] 580887K->125993K(1127680K), 0.0057220 secs] [Times: user=0.01 sys=0.00, real=0.00 secs] 
2014-07-08T23:47:44.381+0000: 652.344: [GC [PSYoungGen: 440674K->1422K(427712K)] 566029K->126817K(1114688K), 0.0085630 secs] [Times: user=0.03 sys=0.00, real=0.01 secs] 
2014-07-08T23:47:46.340+0000: 654.303: [GC [PSYoungGen: 427635K->1142K(414144K)] 553030K->126972K(1101120K), 0.0053670 secs] [Times: user=0.01 sys=0.01, real=0.00 secs] 
2014-07-08T23:47:48.202+0000: 656.165: [GC [PSYoungGen: 414134K->1176K(401536K)] 539964K->127085K(1088512K), 0.0066550 secs] [Times: user=0.01 sys=0.00, real=0.01 secs] 
2014-07-08T23:47:50.018+0000: 657.980: [GC [PSYoungGen: 401496K->1048K(389248K)] 527405K->127121K(1076224K), 0.0040260 secs] [Times: user=0.01 sys=0.00, real=0.01 secs] 
2014-07-08T23:47:51.779+0000: 659.742: [GC [PSYoungGen: 389188K->1264K(377792K)] 515262K->127377K(1064768K), 0.0075180 secs] [Times: user=0.03 sys=0.00, real=0.00 secs] 
2014-07-08T23:47:53.497+0000: 661.460: [GC [PSYoungGen: 377776K->948K(366336K)] 503889K->127085K(1053312K), 0.0038060 secs] [Times: user=0.01 sys=0.00, real=0.01 secs] 
2014-07-08T23:47:55.146+0000: 663.109: [GC [PSYoungGen: 366292K->980K(355712K)] 492429K->127141K(1042688K), 0.0101890 secs] [Times: user=0.03 sys=0.00, real=0.01 secs] 
2014-07-08T23:47:56.757+0000: 664.720: [GC [PSYoungGen: 355668K->1272K(345728K)] 481829K->127473K(1032704K), 0.0213900 secs] [Times: user=0.08 sys=0.00, real=0.02 secs] 
2014-07-08T23:47:58.319+0000: 666.282: [GC [PSYoungGen: 345720K->980K(335680K)] 471921K->127293K(1022656K), 0.0170780 secs] [Times: user=0.06 sys=0.00, real=0.01 secs] 
2014-07-08T23:47:59.832+0000: 667.795: [GC [PSYoungGen: 335636K->1076K(326336K)] 461949K->127445K(1013312K), 0.0157780 secs] [Times: user=0.05 sys=0.00, real=0.01 secs] 
2014-07-08T23:48:01.308+0000: 669.271: [GC [PSYoungGen: 326323K->980K(317248K)] 452692K->127373K(1004224K), 0.0125760 secs] [Times: user=0.05 sys=0.00, real=0.02 secs] 
2014-07-08T23:48:02.748+0000: 670.711: [GC [PSYoungGen: 317199K->1098K(308672K)] 443593K->127523K(995648K), 0.0036300 secs] [Times: user=0.01 sys=0.01, real=0.01 secs] 
2014-07-08T23:48:04.150+0000: 672.113: [GC [PSYoungGen: 308569K->980K(300224K)] 434994K->127429K(987200K), 0.0048970 secs] [Times: user=0.01 sys=0.00, real=0.01 secs] 
2014-07-08T23:48:05.509+0000: 673.472: [GC [PSYoungGen: 300135K->930K(292160K)] 426584K->127509K(979136K), 0.0034570 secs] [Times: user=0.01 sys=0.00, real=0.01 secs] 
2014-07-08T23:48:06.841+0000: 674.804: [GC [PSYoungGen: 292130K->1044K(284608K)] 418709K->127655K(971584K), 0.0148810 secs] [Times: user=0.05 sys=0.00, real=0.02 secs] 
2014-07-08T23:48:08.141+0000: 676.104: [GC [PSYoungGen: 284518K->1062K(277184K)] 411129K->127843K(964160K), 0.0085850 secs] [Times: user=0.03 sys=0.00, real=0.00 secs] 
2014-07-08T23:48:09.380+0000: 677.343: [GC [PSYoungGen: 277133K->1108K(270144K)] 403915K->127921K(957120K), 0.0080690 secs] [Times: user=0.03 sys=0.00, real=0.01 secs] 
2014-07-08T23:48:10.628+0000: 678.591: [GC [PSYoungGen: 270100K->766K(262912K)] 396913K->127801K(949888K), 0.0036120 secs] [Times: user=0.01 sys=0.00, real=0.01 secs] 
2014-07-08T23:48:11.808+0000: 679.771: [GC [PSYoungGen: 262906K->1460K(257024K)] 389942K->128560K(944000K), 0.0056850 secs] [Times: user=0.01 sys=0.00, real=0.01 secs] 
2014-07-08T23:48:12.951+0000: 680.914: [GC [PSYoungGen: 257000K->752K(249984K)] 384100K->128153K(936960K), 0.0192830 secs] [Times: user=0.06 sys=0.00, real=0.02 secs] 
2014-07-08T23:48:14.080+0000: 682.043: [GC [PSYoungGen: 249968K->1144K(244288K)] 377369K->128635K(931264K), 0.0040710 secs] [Times: user=0.01 sys=0.00, real=0.01 secs] 
2014-07-08T23:48:15.177+0000: 683.140: [GC [PSYoungGen: 244280K->1108K(238400K)] 371771K->128779K(925376K), 0.0069160 secs] [Times: user=0.03 sys=0.00, real=0.01 secs] 
2014-07-08T23:48:16.236+0000: 684.199: [GC [PSYoungGen: 238349K->1044K(232704K)] 366021K->128731K(919680K), 0.0094810 secs] [Times: user=0.02 sys=0.01, real=0.01 secs] 
2014-07-08T23:48:17.261+0000: 685.223: [GC [PSYoungGen: 232660K->744K(226944K)] 360347K->128904K(913920K), 0.0042210 secs] [Times: user=0.01 sys=0.00, real=0.01 secs] 
2014-07-08T23:48:18.284+0000: 686.247: [GC [PSYoungGen: 226920K->1378K(222336K)] 355080K->129578K(909312K), 0.0039300 secs] [Times: user=0.01 sys=0.00, real=0.00 secs] 
2014-07-08T23:48:19.293+0000: 687.256: [GC [PSYoungGen: 222306K->826K(216704K)] 350506K->129458K(903680K), 0.0062200 secs] [Times: user=0.00 sys=0.00, real=0.00 secs] 
2014-07-08T23:48:20.267+0000: 688.230: [GC [PSYoungGen: 216638K->1350K(212416K)] 345270K->129998K(899392K), 0.0062730 secs] [Times: user=0.01 sys=0.00, real=0.01 secs] 
2014-07-08T23:48:21.216+0000: 689.179: [GC [PSYoungGen: 212358K->876K(207168K)] 341006K->129906K(894144K), 0.0121900 secs] [Times: user=0.03 sys=0.00, real=0.01 secs] 
2014-07-08T23:48:22.152+0000: 690.115: [GC [PSYoungGen: 207119K->1489K(203264K)] 336149K->130558K(890240K), 0.0073490 secs] [Times: user=0.03 sys=0.00, real=0.01 secs] 
2014-07-08T23:48:23.073+0000: 691.036: [GC [PSYoungGen: 203217K->673K(198016K)] 332286K->130341K(884992K), 0.0055530 secs] [Times: user=0.01 sys=0.00, real=0.00 secs] 
2014-07-08T23:48:23.996+0000: 691.959: [GC [PSYoungGen: 197978K->1326K(194432K)] 327646K->131034K(881408K), 0.0059020 secs] [Times: user=0.02 sys=0.00, real=0.00 secs] 
2014-07-08T23:48:24.874+0000: 692.837: [GC [PSYoungGen: 194414K->1012K(190016K)] 324122K->131050K(876992K), 0.0044640 secs] [Times: user=0.01 sys=0.00, real=0.00 secs] 
2014-07-08T23:48:25.739+0000: 693.702: [GC [PSYoungGen: 190004K->980K(186048K)] 320042K->131034K(873024K), 0.0049280 secs] [Times: user=0.01 sys=0.00, real=0.00 secs] 
2014-07-08T23:48:26.572+0000: 694.535: [GC [PSYoungGen: 186004K->980K(182208K)] 316058K->131082K(869184K), 0.0033360 secs] [Times: user=0.01 sys=0.00, real=0.01 secs] 
2014-07-08T23:48:27.380+0000: 695.343: [GC [PSYoungGen: 182164K->1172K(178688K)] 312266K->131322K(865664K), 0.0042720 secs] [Times: user=0.01 sys=0.01, real=0.01 secs] 
2014-07-08T23:48:28.184+0000: 696.147: [GC [PSYoungGen: 178639K->994K(174912K)] 308789K->131290K(861888K), 0.0082140 secs] [Times: user=0.02 sys=0.01, real=0.00 secs] 
2014-07-08T23:48:29.004+0000: 696.967: [GC [PSYoungGen: 174882K->1190K(171648K)] 305178K->131518K(858624K), 0.0103480 secs] [Times: user=0.04 sys=0.00, real=0.01 secs] 
2014-07-08T23:48:29.806+0000: 697.769: [GC [PSYoungGen: 171622K->866K(167936K)] 301950K->131416K(854912K), 0.0043880 secs] [Times: user=0.01 sys=0.00, real=0.00 secs] 
2014-07-08T23:48:30.565+0000: 698.528: [GC [PSYoungGen: 167905K->1293K(165120K)] 298455K->131883K(852096K), 0.0078640 secs] [Times: user=0.03 sys=0.00, real=0.00 secs] 
2014-07-08T23:48:31.314+0000: 699.277: [GC [PSYoungGen: 165069K->766K(161408K)] 295659K->131554K(848384K), 0.0042130 secs] [Times: user=0.02 sys=0.00, real=0.01 secs] 
2014-07-08T23:48:32.036+0000: 699.999: [GC [PSYoungGen: 161404K->1201K(158784K)] 292193K->132005K(845760K), 0.0057070 secs] [Times: user=0.01 sys=0.00, real=0.00 secs] 
2014-07-08T23:48:32.778+0000: 700.741: [GC [PSYoungGen: 158761K->1030K(155712K)] 289565K->131908K(842688K), 0.0085990 secs] [Times: user=0.03 sys=0.00, real=0.01 secs] 
2014-07-08T23:48:33.490+0000: 701.453: [GC [PSYoungGen: 155627K->1126K(186752K)] 286505K->132044K(873728K), 0.0125650 secs] [Times: user=0.05 sys=0.00, real=0.01 secs] 
2014-07-08T23:48:34.320+0000: 702.283: [GC [PSYoungGen: 186726K->762K(223488K)] 317644K->132042K(910464K), 0.0089480 secs] [Times: user=0.03 sys=0.00, real=0.01 secs] 
2014-07-08T23:48:35.338+0000: 703.300: [GC [PSYoungGen: 223482K->1464K(268736K)] 354762K->132769K(955712K), 0.0105480 secs] [Times: user=0.03 sys=0.00, real=0.01 secs] 
2014-07-08T23:48:36.551+0000: 704.514: [GC [PSYoungGen: 268648K->752K(321536K)] 399952K->132741K(1008512K), 0.0121150 secs] [Times: user=0.04 sys=0.00, real=0.01 secs] 
2014-07-08T23:48:37.981+0000: 705.944: [GC [PSYoungGen: 321480K->1322K(313280K)] 453470K->133392K(1000256K), 0.0054410 secs] [Times: user=0.02 sys=0.00, real=0.01 secs] 
2014-07-08T23:48:39.397+0000: 707.360: [GC [PSYoungGen: 313206K->1147K(304576K)] 445276K->133587K(991552K), 0.0106890 secs] [Times: user=0.04 sys=0.01, real=0.01 secs] 
2014-07-08T23:48:40.778+0000: 708.741: [GC [PSYoungGen: 304571K->948K(296192K)] 437011K->133412K(983168K), 0.0041280 secs] [Times: user=0.01 sys=0.00, real=0.00 secs] 
2014-07-08T23:48:42.110+0000: 710.073: [GC [PSYoungGen: 296178K->1048K(288448K)] 428642K->133520K(975424K), 0.0057250 secs] [Times: user=0.00 sys=0.00, real=0.01 secs] 
2014-07-08T23:48:43.393+0000: 711.356: [GC [PSYoungGen: 288408K->1140K(280960K)] 420880K->133644K(967936K), 0.0158190 secs] [Times: user=0.06 sys=0.00, real=0.02 secs] 
2014-07-08T23:48:44.668+0000: 712.631: [GC [PSYoungGen: 280910K->1019K(273600K)] 413414K->133547K(960576K), 0.0176710 secs] [Times: user=0.05 sys=0.00, real=0.01 secs] 
2014-07-08T23:48:45.911+0000: 713.874: [GC [PSYoungGen: 273595K->1293K(266944K)] 406123K->133861K(953920K), 0.0092860 secs] [Times: user=0.03 sys=0.00, real=0.01 secs] 
2014-07-08T23:48:47.102+0000: 715.065: [GC [PSYoungGen: 266893K->866K(319616K)] 399461K->133644K(1006592K), 0.0228490 secs] [Times: user=0.07 sys=0.00, real=0.02 secs] 
2014-07-08T23:48:48.556+0000: 716.519: [GC [PSYoungGen: 319586K->1094K(311104K)] 452364K->133928K(998080K), 0.0031300 secs] [Times: user=0.00 sys=0.00, real=0.01 secs] 
2014-07-08T23:48:49.965+0000: 717.928: [GC [PSYoungGen: 311034K->1204K(373184K)] 443868K->134192K(1060160K), 0.0271540 secs] [Times: user=0.10 sys=0.01, real=0.03 secs] 
2014-07-08T23:48:51.679+0000: 719.641: [GC [PSYoungGen: 373172K->1168K(362240K)] 506160K->134196K(1049216K), 0.0083040 secs] [Times: user=0.03 sys=0.00, real=0.00 secs] 
2014-07-08T23:48:53.325+0000: 721.288: [GC [PSYoungGen: 362192K->830K(351360K)] 495220K->134096K(1038336K), 0.0029200 secs] [Times: user=0.01 sys=0.00, real=0.00 secs] 
2014-07-08T23:48:54.919+0000: 722.882: [GC [PSYoungGen: 351316K->1521K(342016K)] 484582K->134885K(1028992K), 0.0052310 secs] [Times: user=0.01 sys=0.00, real=0.00 secs] 
2014-07-08T23:48:56.449+0000: 724.412: [GC [PSYoungGen: 342001K->752K(331584K)] 475365K->134532K(1018560K), 0.0097520 secs] [Times: user=0.03 sys=0.00, real=0.01 secs] 
2014-07-08T23:48:57.965+0000: 725.928: [GC [PSYoungGen: 331568K->1304K(322880K)] 465348K->135164K(1009856K), 0.0088000 secs] [Times: user=0.03 sys=0.00, real=0.01 secs] 
2014-07-08T23:48:59.443+0000: 727.406: [GC [PSYoungGen: 322840K->1108K(313792K)] 456700K->135196K(1000768K), 0.0059030 secs] [Times: user=0.02 sys=0.00, real=0.00 secs] 
2014-07-08T23:49:00.872+0000: 728.835: [GC [PSYoungGen: 313732K->948K(305088K)] 447820K->135060K(992064K), 0.0061600 secs] [Times: user=0.01 sys=0.00, real=0.00 secs] 
2014-07-08T23:49:02.260+0000: 730.223: [GC [PSYoungGen: 305076K->1108K(297088K)] 439188K->135252K(984064K), 0.0085520 secs] [Times: user=0.02 sys=0.00, real=0.00 secs] 
2014-07-08T23:49:03.631+0000: 731.594: [GC [PSYoungGen: 297034K->1232K(289344K)] 431178K->135408K(976320K), 0.0208660 secs] [Times: user=0.07 sys=0.00, real=0.02 secs] 
2014-07-08T23:49:04.956+0000: 732.919: [GC [PSYoungGen: 289294K->802K(281344K)] 423470K->135228K(968320K), 0.0072440 secs] [Times: user=0.02 sys=0.00, real=0.01 secs] 
2014-07-08T23:49:06.233+0000: 734.196: [GC [PSYoungGen: 281314K->1499K(274752K)] 415740K->135965K(961728K), 0.0077880 secs] [Times: user=0.02 sys=0.00, real=0.01 secs] 
2014-07-08T23:49:07.490+0000: 735.453: [GC [PSYoungGen: 274714K->880K(267136K)] 409180K->135736K(954112K), 0.0069570 secs] [Times: user=0.02 sys=0.00, real=0.01 secs] 
2014-07-08T23:49:08.727+0000: 736.690: [GC [PSYoungGen: 267120K->1094K(260672K)] 401976K->135998K(947648K), 0.0058870 secs] [Times: user=0.02 sys=0.00, real=0.01 secs] 
2014-07-08T23:49:09.920+0000: 737.883: [GC [PSYoungGen: 260566K->1325K(254400K)] 395470K->136311K(941376K), 0.0065550 secs] [Times: user=0.01 sys=0.00, real=0.01 secs] 
2014-07-08T23:49:11.075+0000: 739.038: [GC [PSYoungGen: 254349K->1168K(248064K)] 389336K->136178K(935040K), 0.0063500 secs] [Times: user=0.02 sys=0.00, real=0.01 secs] 
2014-07-08T23:49:12.196+0000: 740.159: [GC [PSYoungGen: 247991K->702K(241536K)] 383002K->136130K(928512K), 0.0095540 secs] [Times: user=0.03 sys=0.00, real=0.01 secs] 
2014-07-08T23:49:13.276+0000: 741.239: [GC [PSYoungGen: 241534K->1574K(236672K)] 376962K->137019K(923648K), 0.0145410 secs] [Times: user=0.04 sys=0.00, real=0.01 secs] 
2014-07-08T23:49:14.342+0000: 742.305: [GC [PSYoungGen: 236614K->958K(230464K)] 372059K->136813K(917440K), 0.0144340 secs] [Times: user=0.04 sys=0.00, real=0.01 secs] 
2014-07-08T23:49:15.378+0000: 743.340: [GC [PSYoungGen: 230453K->1375K(225536K)] 366307K->137278K(912512K), 0.0064760 secs] [Times: user=0.02 sys=0.00, real=0.01 secs] 
2014-07-08T23:49:16.388+0000: 744.351: [GC [PSYoungGen: 225503K->1012K(219968K)] 361406K->137044K(906944K), 0.0050630 secs] [Times: user=0.02 sys=0.00, real=0.01 secs] 
2014-07-08T23:49:17.384+0000: 745.347: [GC [PSYoungGen: 219956K->1328K(215296K)] 355988K->137441K(902272K), 0.0096880 secs] [Times: user=0.04 sys=0.00, real=0.01 secs] 
2014-07-08T23:49:18.368+0000: 746.331: [GC [PSYoungGen: 215280K->1108K(210304K)] 351392K->137284K(897280K), 0.0081160 secs] [Times: user=0.03 sys=0.00, real=0.01 secs] 
2014-07-08T23:49:19.307+0000: 747.270: [GC [PSYoungGen: 210260K->1044K(205568K)] 346436K->137236K(892544K), 0.0037500 secs] [Times: user=0.01 sys=0.00, real=0.00 secs] 
2014-07-08T23:49:20.244+0000: 748.207: [GC [PSYoungGen: 205524K->1122K(201152K)] 341716K->137436K(888128K), 0.0069150 secs] [Times: user=0.02 sys=0.00, real=0.00 secs] 
2014-07-08T23:49:21.179+0000: 749.142: [GC [PSYoungGen: 201122K->1172K(241216K)] 337436K->137518K(928192K), 0.0222010 secs] [Times: user=0.08 sys=0.00, real=0.02 secs] 
2014-07-08T23:49:22.293+0000: 750.256: [GC [PSYoungGen: 241172K->980K(235264K)] 377518K->137366K(922240K), 0.0030130 secs] [Times: user=0.01 sys=0.00, real=0.00 secs] 
2014-07-08T23:49:23.360+0000: 751.323: [GC [PSYoungGen: 235171K->980K(282112K)] 371558K->137390K(969088K), 0.0219470 secs] [Times: user=0.07 sys=0.00, real=0.02 secs] 
2014-07-08T23:49:24.646+0000: 752.609: [GC [PSYoungGen: 282019K->948K(338304K)] 418429K->137382K(1025280K), 0.0068280 secs] [Times: user=0.01 sys=0.00, real=0.01 secs] 
2014-07-08T23:49:26.164+0000: 754.127: [GC [PSYoungGen: 338292K->1140K(328960K)] 474726K->137606K(1015936K), 0.0088970 secs] [Times: user=0.04 sys=0.00, real=0.01 secs] 
2014-07-08T23:49:27.684+0000: 755.647: [GC [PSYoungGen: 328948K->1108K(319808K)] 465414K->137654K(1006784K), 0.0072370 secs] [Times: user=0.02 sys=0.00, real=0.00 secs] 
2014-07-08T23:49:29.133+0000: 757.096: [GC [PSYoungGen: 319723K->1094K(311040K)] 456270K->137704K(998016K), 0.0067320 secs] [Times: user=0.03 sys=0.00, real=0.01 secs] 
2014-07-08T23:49:30.546+0000: 758.508: [GC [PSYoungGen: 310982K->830K(302272K)] 447592K->137694K(989248K), 0.0092090 secs] [Times: user=0.03 sys=0.00, real=0.01 secs] 
2014-07-08T23:49:31.917+0000: 759.880: [GC [PSYoungGen: 302261K->1130K(294528K)] 439125K->138011K(981504K), 0.0036660 secs] [Times: user=0.01 sys=0.00, real=0.00 secs] 
2014-07-08T23:49:33.241+0000: 761.204: [GC [PSYoungGen: 294506K->1015K(286592K)] 431387K->138314K(973568K), 0.0036930 secs] [Times: user=0.01 sys=0.00, real=0.01 secs] 
2014-07-08T23:49:34.520+0000: 762.482: [GC [PSYoungGen: 286550K->1112K(279232K)] 423849K->138427K(966208K), 0.0037520 secs] [Times: user=0.00 sys=0.00, real=0.00 secs] 
2014-07-08T23:49:35.763+0000: 763.726: [GC [PSYoungGen: 279192K->948K(271872K)] 416507K->138477K(958848K), 0.0054250 secs] [Times: user=0.01 sys=0.00, real=0.01 secs] 
2014-07-08T23:49:37.011+0000: 764.974: [GC [PSYoungGen: 271860K->1140K(265152K)] 409389K->138741K(952128K), 0.0190430 secs] [Times: user=0.06 sys=0.00, real=0.02 secs] 
2014-07-08T23:49:38.189+0000: 766.152: [GC [PSYoungGen: 265100K->869K(258240K)] 402701K->138980K(945216K), 0.0113090 secs] [Times: user=0.04 sys=0.00, real=0.01 secs] 
2014-07-08T23:49:39.367+0000: 767.330: [GC [PSYoungGen: 258213K->1080K(252032K)] 396324K->139223K(939008K), 0.0061230 secs] [Times: user=0.01 sys=0.00, real=0.00 secs] 
2014-07-08T23:49:40.507+0000: 768.470: [GC [PSYoungGen: 252002K->1122K(245952K)] 390145K->139503K(932928K), 0.0150040 secs] [Times: user=0.05 sys=0.00, real=0.01 secs] 
2014-07-08T23:49:41.633+0000: 769.596: [GC [PSYoungGen: 245922K->1030K(239936K)] 384303K->139435K(926912K), 0.0133170 secs] [Times: user=0.05 sys=0.00, real=0.02 secs] 
2014-07-08T23:49:42.739+0000: 770.701: [GC [PSYoungGen: 239869K->872K(234048K)] 378274K->139962K(921024K), 0.0113400 secs] [Times: user=0.04 sys=0.00, real=0.01 secs] 
2014-07-08T23:49:43.768+0000: 771.731: [GC [PSYoungGen: 233995K->1492K(281344K)] 373085K->140614K(968320K), 0.0149210 secs] [Times: user=0.04 sys=0.00, real=0.01 secs] 
2014-07-08T23:49:45.041+0000: 773.004: [GC [PSYoungGen: 281250K->933K(273536K)] 420372K->140573K(960512K), 0.0028650 secs] [Times: user=0.01 sys=0.00, real=0.00 secs] 
2014-07-08T23:49:46.303+0000: 774.266: [GC [PSYoungGen: 273485K->1340K(266944K)] 413125K->140988K(953920K), 0.0060260 secs] [Times: user=0.01 sys=0.00, real=0.01 secs] 
2014-07-08T23:49:47.489+0000: 775.452: [GC [PSYoungGen: 266940K->1108K(260032K)] 406588K->141034K(947008K), 0.0120760 secs] [Times: user=0.04 sys=0.00, real=0.01 secs] 
2014-07-08T23:49:48.674+0000: 776.637: [GC [PSYoungGen: 259988K->1300K(253760K)] 399914K->141274K(940736K), 0.0178500 secs] [Times: user=0.07 sys=0.00, real=0.02 secs] 
2014-07-08T23:49:49.842+0000: 777.805: [GC [PSYoungGen: 253716K->1004K(247232K)] 393690K->141158K(934208K), 0.0068560 secs] [Times: user=0.02 sys=0.00, real=0.01 secs] 
2014-07-08T23:49:50.975+0000: 778.937: [GC [PSYoungGen: 247212K->1208K(241472K)] 387366K->141386K(928448K), 0.0072430 secs] [Times: user=0.02 sys=0.00, real=0.01 secs] 
2014-07-08T23:49:52.065+0000: 780.028: [GC [PSYoungGen: 241416K->1062K(235584K)] 381595K->141372K(922560K), 0.0115010 secs] [Times: user=0.04 sys=0.00, real=0.01 secs] 
2014-07-08T23:49:53.138+0000: 781.101: [GC [PSYoungGen: 235558K->1176K(282624K)] 375868K->141510K(969600K), 0.0348020 secs] [Times: user=0.12 sys=0.00, real=0.03 secs] 
2014-07-08T23:49:54.431+0000: 782.394: [GC [PSYoungGen: 282583K->940K(338688K)] 422917K->141438K(1025664K), 0.0054320 secs] [Times: user=0.01 sys=0.00, real=0.00 secs] 
2014-07-08T23:49:55.964+0000: 783.927: [GC [PSYoungGen: 338668K->1222K(406592K)] 479166K->141768K(1093568K), 0.0082630 secs] [Times: user=0.01 sys=0.00, real=0.01 secs] 
2014-07-08T23:49:57.821+0000: 785.784: [GC [PSYoungGen: 406505K->993K(393984K)] 547051K->141944K(1080960K), 0.0049880 secs] [Times: user=0.01 sys=0.00, real=0.00 secs] 
2014-07-08T23:49:59.636+0000: 787.599: [GC [PSYoungGen: 393953K->1144K(382272K)] 534904K->142209K(1069248K), 0.0075560 secs] [Times: user=0.02 sys=0.00, real=0.01 secs] 
2014-07-08T23:50:01.379+0000: 789.341: [GC [PSYoungGen: 382252K->948K(370752K)] 523317K->142185K(1057728K), 0.0041170 secs] [Times: user=0.01 sys=0.00, real=0.00 secs] 
2014-07-08T23:50:03.058+0000: 791.020: [GC [PSYoungGen: 370740K->1452K(360384K)] 511977K->142714K(1047360K), 0.0087370 secs] [Times: user=0.02 sys=0.00, real=0.01 secs] 
2014-07-08T23:50:04.673+0000: 792.636: [GC [PSYoungGen: 360364K->819K(349312K)] 501626K->142446K(1036288K), 0.0102340 secs] [Times: user=0.03 sys=0.00, real=0.01 secs] 
2014-07-08T23:50:06.252+0000: 794.215: [GC [PSYoungGen: 349296K->1382K(339904K)] 490923K->143033K(1026880K), 0.0038320 secs] [Times: user=0.01 sys=0.01, real=0.00 secs] 
2014-07-08T23:50:07.797+0000: 795.760: [GC [PSYoungGen: 339832K->1004K(329920K)] 481482K->143033K(1016896K), 0.0033260 secs] [Times: user=0.01 sys=0.00, real=0.01 secs] 
2014-07-08T23:50:09.268+0000: 797.231: [GC [PSYoungGen: 329900K->1094K(320832K)] 471929K->143179K(1007808K), 0.0184130 secs] [Times: user=0.06 sys=0.00, real=0.02 secs] 
2014-07-08T23:50:10.705+0000: 798.668: [GC [PSYoungGen: 320773K->980K(311872K)] 462858K->143163K(998848K), 0.0029400 secs] [Times: user=0.01 sys=0.00, real=0.00 secs] 
2014-07-08T23:50:12.123+0000: 800.085: [GC [PSYoungGen: 311828K->1108K(303552K)] 454011K->143339K(990528K), 0.0051970 secs] [Times: user=0.02 sys=0.00, real=0.00 secs] 
2014-07-08T23:50:13.512+0000: 801.475: [GC [PSYoungGen: 303508K->1204K(295488K)] 445739K->143459K(982464K), 0.0064210 secs] [Times: user=0.01 sys=0.00, real=0.00 secs] 
2014-07-08T23:50:14.854+0000: 802.817: [GC [PSYoungGen: 295476K->1172K(287680K)] 437731K->143467K(974656K), 0.0115200 secs] [Times: user=0.04 sys=0.00, real=0.01 secs] 
2014-07-08T23:50:16.162+0000: 804.125: [GC [PSYoungGen: 287597K->816K(279808K)] 429892K->143579K(966784K), 0.0244460 secs] [Times: user=0.08 sys=0.00, real=0.02 secs] 
2014-07-08T23:50:17.425+0000: 805.388: [GC [PSYoungGen: 279792K->1326K(273088K)] 422555K->144195K(960064K), 0.0099630 secs] [Times: user=0.04 sys=0.00, real=0.01 secs] 
2014-07-08T23:50:18.670+0000: 806.633: [GC [PSYoungGen: 273024K->951K(265792K)] 415893K->144214K(952768K), 0.0047640 secs] [Times: user=0.01 sys=0.00, real=0.01 secs] 
2014-07-08T23:50:19.878+0000: 807.841: [GC [PSYoungGen: 265783K->1012K(259200K)] 409046K->144323K(946176K), 0.0029410 secs] [Times: user=0.01 sys=0.00, real=0.01 secs] 
2014-07-08T23:50:21.058+0000: 809.021: [GC [PSYoungGen: 259123K->1240K(253056K)] 402434K->144591K(940032K), 0.0164200 secs] [Times: user=0.06 sys=0.00, real=0.02 secs] 
2014-07-08T23:50:22.183+0000: 810.146: [GC [PSYoungGen: 253016K->1012K(246592K)] 396367K->144395K(933568K), 0.0041810 secs] [Times: user=0.01 sys=0.00, real=0.00 secs] 
2014-07-08T23:50:23.293+0000: 811.256: [GC [PSYoungGen: 246580K->816K(240448K)] 389963K->144363K(927424K), 0.0139820 secs] [Times: user=0.05 sys=0.00, real=0.01 secs] 
2014-07-08T23:50:24.408+0000: 812.370: [GC [PSYoungGen: 240389K->1030K(234944K)] 383936K->144593K(921920K), 0.0040070 secs] [Times: user=0.00 sys=0.00, real=0.00 secs] 
2014-07-08T23:50:25.481+0000: 813.444: [GC [PSYoungGen: 234886K->1162K(229568K)] 378449K->144831K(916544K), 0.0031380 secs] [Times: user=0.01 sys=0.00, real=0.01 secs] 
2014-07-08T23:50:26.521+0000: 814.484: [GC [PSYoungGen: 229512K->1264K(224320K)] 373181K->144965K(911296K), 0.0091100 secs] [Times: user=0.03 sys=0.00, real=0.01 secs] 
2014-07-08T23:50:27.528+0000: 815.491: [GC [PSYoungGen: 224304K->638K(218560K)] 368005K->144705K(905536K), 0.0040240 secs] [Times: user=0.01 sys=0.00, real=0.01 secs] 
2014-07-08T23:50:28.525+0000: 816.488: [GC [PSYoungGen: 218558K->1144K(262656K)] 362625K->145235K(949632K), 0.0244850 secs] [Times: user=0.08 sys=0.00, real=0.02 secs] 
2014-07-08T23:50:29.713+0000: 817.676: [GC [PSYoungGen: 262603K->998K(256000K)] 406694K->145269K(942976K), 0.0059780 secs] [Times: user=0.01 sys=0.00, real=0.00 secs] 
2014-07-08T23:50:30.871+0000: 818.834: [GC [PSYoungGen: 255955K->998K(249664K)] 400227K->145293K(936640K), 0.0035210 secs] [Times: user=0.01 sys=0.00, real=0.01 secs] 
2014-07-08T23:50:32.013+0000: 819.976: [GC [PSYoungGen: 249638K->940K(243520K)] 393933K->145447K(930496K), 0.0089910 secs] [Times: user=0.03 sys=0.00, real=0.00 secs] 
2014-07-08T23:50:33.100+0000: 821.063: [GC [PSYoungGen: 243500K->1272K(238016K)] 388007K->145811K(924992K), 0.0104290 secs] [Times: user=0.04 sys=0.00, real=0.01 secs] 
2014-07-08T23:50:34.179+0000: 822.141: [GC [PSYoungGen: 238007K->766K(231872K)] 382546K->145643K(918848K), 0.0047260 secs] [Times: user=0.01 sys=0.00, real=0.01 secs] 
2014-07-08T23:50:35.238+0000: 823.201: [GC [PSYoungGen: 231870K->1076K(226752K)] 376747K->145969K(913728K), 0.0050170 secs] [Times: user=0.01 sys=0.00, real=0.01 secs] 
2014-07-08T23:50:36.255+0000: 824.218: [GC [PSYoungGen: 226740K->1108K(221568K)] 371633K->146049K(908544K), 0.0192770 secs] [Times: user=0.07 sys=0.00, real=0.02 secs] 
2014-07-08T23:50:37.266+0000: 825.229: [GC [PSYoungGen: 221508K->1296K(216704K)] 366450K->146318K(903680K), 0.0086840 secs] [Times: user=0.03 sys=0.00, real=0.01 secs] 
2014-07-08T23:50:38.256+0000: 826.219: [GC [PSYoungGen: 216641K->360K(258816K)] 361663K->146033K(945792K), 0.0140700 secs] [Times: user=0.05 sys=0.00, real=0.01 secs] 
2014-07-08T23:50:39.464+0000: 827.427: [GC [PSYoungGen: 258792K->1464K(311616K)] 404465K->147212K(998592K), 0.0173390 secs] [Times: user=0.07 sys=0.00, real=0.01 secs] 
2014-07-08T23:50:40.888+0000: 828.851: [GC [PSYoungGen: 311593K->980K(373248K)] 457341K->147177K(1060224K), 0.0131490 secs] [Times: user=0.04 sys=0.00, real=0.01 secs] 
2014-07-08T23:50:42.623+0000: 830.586: [GC [PSYoungGen: 373204K->980K(362304K)] 519401K->147201K(1049280K), 0.0034970 secs] [Times: user=0.01 sys=0.00, real=0.01 secs] 
2014-07-08T23:50:44.279+0000: 832.242: [GC [PSYoungGen: 362260K->1076K(351872K)] 508481K->147321K(1038848K), 0.0127540 secs] [Times: user=0.03 sys=0.00, real=0.01 secs] 
2014-07-08T23:50:45.871+0000: 833.834: [GC [PSYoungGen: 351858K->1133K(341888K)] 498104K->147395K(1028864K), 0.0052650 secs] [Times: user=0.01 sys=0.00, real=0.01 secs] 
2014-07-08T23:50:47.432+0000: 835.395: [GC [PSYoungGen: 341869K->755K(331840K)] 488131K->147626K(1018816K), 0.0056190 secs] [Times: user=0.02 sys=0.00, real=0.01 secs] 
2014-07-08T23:50:48.939+0000: 836.902: [GC [PSYoungGen: 331827K->1290K(323136K)] 478698K->148233K(1010112K), 0.0070030 secs] [Times: user=0.02 sys=0.00, real=0.01 secs] 
2014-07-08T23:50:50.394+0000: 838.357: [GC [PSYoungGen: 323082K->1015K(313920K)] 470025K->148394K(1000896K), 0.0035420 secs] [Times: user=0.01 sys=0.00, real=0.01 secs] 
2014-07-08T23:50:51.848+0000: 839.811: [GC [PSYoungGen: 313911K->1048K(305408K)] 461290K->148443K(992384K), 0.0036190 secs] [Times: user=0.01 sys=0.00, real=0.00 secs] 
2014-07-08T23:50:53.235+0000: 841.197: [GC [PSYoungGen: 305334K->1076K(297216K)] 452729K->148627K(984192K), 0.0044640 secs] [Times: user=0.02 sys=0.00, real=0.01 secs] 
2014-07-08T23:50:54.594+0000: 842.557: [GC [PSYoungGen: 297204K->948K(289216K)] 444755K->148539K(976192K), 0.0089100 secs] [Times: user=0.03 sys=0.00, real=0.01 secs] 
2014-07-08T23:50:55.913+0000: 843.876: [GC [PSYoungGen: 289204K->980K(281728K)] 436795K->148603K(968704K), 0.0079660 secs] [Times: user=0.03 sys=0.00, real=0.01 secs] 
2014-07-08T23:50:57.218+0000: 845.181: [GC [PSYoungGen: 281684K->1012K(274432K)] 429307K->148691K(961408K), 0.0092180 secs] [Times: user=0.03 sys=0.00, real=0.01 secs] 
2014-07-08T23:50:58.476+0000: 846.439: [GC [PSYoungGen: 274420K->1058K(267520K)] 422099K->148917K(954496K), 0.0070250 secs] [Times: user=0.03 sys=0.00, real=0.01 secs] 
2014-07-08T23:50:59.704+0000: 847.667: [GC [PSYoungGen: 267473K->1262K(260992K)] 415332K->149145K(947968K), 0.0032470 secs] [Times: user=0.01 sys=0.00, real=0.01 secs] 
2014-07-08T23:51:00.881+0000: 848.844: [GC [PSYoungGen: 260941K->766K(254016K)] 408824K->149037K(940992K), 0.0098230 secs] [Times: user=0.04 sys=0.00, real=0.01 secs] 
2014-07-08T23:51:02.046+0000: 850.009: [GC [PSYoungGen: 254014K->1080K(248064K)] 402285K->149375K(935040K), 0.0040140 secs] [Times: user=0.00 sys=0.00, real=0.01 secs] 
2014-07-08T23:51:03.168+0000: 851.131: [GC [PSYoungGen: 248013K->980K(241984K)] 396309K->149365K(928960K), 0.0058130 secs] [Times: user=0.02 sys=0.01, real=0.00 secs] 
2014-07-08T23:51:04.259+0000: 852.221: [GC [PSYoungGen: 241940K->980K(236224K)] 390325K->149381K(923200K), 0.0046280 secs] [Times: user=0.01 sys=0.00, real=0.00 secs] 
2014-07-08T23:51:05.321+0000: 853.284: [GC [PSYoungGen: 236131K->948K(230592K)] 384532K->149675K(917568K), 0.0070290 secs] [Times: user=0.03 sys=0.00, real=0.01 secs] 
2014-07-08T23:51:06.361+0000: 854.324: [GC [PSYoungGen: 230580K->1226K(225536K)] 379307K->149977K(912512K), 0.0118030 secs] [Times: user=0.04 sys=0.00, real=0.01 secs] 
2014-07-08T23:51:07.380+0000: 855.342: [GC [PSYoungGen: 225482K->880K(219968K)] 374233K->150065K(906944K), 0.0066280 secs] [Times: user=0.02 sys=0.00, real=0.00 secs] 
2014-07-08T23:51:08.383+0000: 856.346: [GC [PSYoungGen: 219952K->1268K(215360K)] 369137K->150493K(902336K), 0.0053800 secs] [Times: user=0.02 sys=0.01, real=0.01 secs] 
2014-07-08T23:51:09.379+0000: 857.342: [GC [PSYoungGen: 215348K->948K(210240K)] 364573K->150305K(897216K), 0.0060520 secs] [Times: user=0.00 sys=0.01, real=0.00 secs] 
2014-07-08T23:51:10.327+0000: 858.290: [GC [PSYoungGen: 210148K->1016K(205632K)] 359505K->150397K(892608K), 0.0059610 secs] [Times: user=0.01 sys=0.00, real=0.01 secs] 
2014-07-08T23:51:11.251+0000: 859.214: [GC [PSYoungGen: 205624K->1012K(201152K)] 355005K->150425K(888128K), 0.0084110 secs] [Times: user=0.03 sys=0.00, real=0.01 secs] 
2014-07-08T23:51:12.166+0000: 860.129: [GC [PSYoungGen: 201140K->980K(196800K)] 350553K->150425K(883776K), 0.0115760 secs] [Times: user=0.04 sys=0.01, real=0.01 secs] 
2014-07-08T23:51:13.079+0000: 861.042: [GC [PSYoungGen: 196756K->980K(192576K)] 346201K->150433K(879552K), 0.0061800 secs] [Times: user=0.00 sys=0.00, real=0.00 secs] 
2014-07-08T23:51:13.944+0000: 861.907: [GC [PSYoungGen: 192508K->1101K(188672K)] 341961K->150570K(875648K), 0.0082320 secs] [Times: user=0.01 sys=0.00, real=0.01 secs] 
2014-07-08T23:51:14.834+0000: 862.797: [GC [PSYoungGen: 188620K->823K(225856K)] 338090K->150578K(912832K), 0.0331420 secs] [Times: user=0.11 sys=0.00, real=0.03 secs] 
2014-07-08T23:51:15.866+0000: 863.829: [GC [PSYoungGen: 225847K->1162K(271296K)] 375602K->150925K(958272K), 0.0061120 secs] [Times: user=0.01 sys=0.00, real=0.01 secs] 
2014-07-08T23:51:17.093+0000: 865.056: [GC [PSYoungGen: 271197K->802K(324928K)] 420961K->151163K(1011904K), 0.0256130 secs] [Times: user=0.09 sys=0.00, real=0.02 secs] 
2014-07-08T23:51:18.575+0000: 866.538: [GC [PSYoungGen: 324897K->1417K(390400K)] 475259K->151835K(1077376K), 0.0061070 secs] [Times: user=0.02 sys=0.01, real=0.01 secs] 
2014-07-08T23:51:20.336+0000: 868.299: [GC [PSYoungGen: 390333K->822K(467584K)] 540751K->151798K(1154560K), 0.0092290 secs] [Times: user=0.03 sys=0.01, real=0.01 secs] 
2014-07-08T23:51:22.455+0000: 870.418: [GC [PSYoungGen: 467574K->1485K(453312K)] 618550K->152509K(1140288K), 0.0154460 secs] [Times: user=0.05 sys=0.00, real=0.02 secs] 
2014-07-08T23:51:24.487+0000: 872.450: [GC [PSYoungGen: 453261K->866K(438336K)] 604285K->152192K(1125312K), 0.0092280 secs] [Times: user=0.03 sys=0.00, real=0.01 secs] 
2014-07-08T23:51:26.506+0000: 874.469: [GC [PSYoungGen: 438306K->1662K(425344K)] 589632K->153036K(1112320K), 0.0058700 secs] [Times: user=0.01 sys=0.01, real=0.01 secs] 
2014-07-08T23:51:28.444+0000: 876.407: [GC [PSYoungGen: 425342K->805K(411392K)] 576716K->152873K(1098368K), 0.0081100 secs] [Times: user=0.02 sys=0.00, real=0.01 secs] 
2014-07-08T23:51:30.308+0000: 878.271: [GC [PSYoungGen: 411365K->1290K(399296K)] 563433K->153406K(1086272K), 0.0078930 secs] [Times: user=0.02 sys=0.00, real=0.01 secs] 
2014-07-08T23:51:32.135+0000: 880.098: [GC [PSYoungGen: 399218K->1165K(387136K)] 551335K->153527K(1074112K), 0.0036350 secs] [Times: user=0.01 sys=0.00, real=0.00 secs] 
2014-07-08T23:51:33.886+0000: 881.849: [GC [PSYoungGen: 387085K->1204K(375616K)] 539447K->153598K(1062592K), 0.0237030 secs] [Times: user=0.08 sys=0.00, real=0.02 secs] 
2014-07-08T23:51:35.616+0000: 883.579: [GC [PSYoungGen: 375604K->1214K(364544K)] 527998K->153682K(1051520K), 0.0209620 secs] [Times: user=0.07 sys=0.00, real=0.02 secs] 
2014-07-08T23:51:37.288+0000: 885.251: [GC [PSYoungGen: 364542K->1360K(354112K)] 517010K->153901K(1041088K), 0.0051870 secs] [Times: user=0.01 sys=0.00, real=0.01 secs] 
2014-07-08T23:51:38.899+0000: 886.862: [GC [PSYoungGen: 354016K->752K(343296K)] 506556K->153576K(1030272K), 0.0047450 secs] [Times: user=0.01 sys=0.00, real=0.01 secs] 
2014-07-08T23:51:40.450+0000: 888.413: [GC [PSYoungGen: 343280K->1208K(334016K)] 496104K->154122K(1020992K), 0.0042630 secs] [Times: user=0.01 sys=0.01, real=0.01 secs] 
2014-07-08T23:51:41.992+0000: 889.955: [GC [PSYoungGen: 334008K->1104K(324608K)] 486922K->154207K(1011584K), 0.0039950 secs] [Times: user=0.01 sys=0.00, real=0.01 secs] 
2014-07-08T23:51:43.459+0000: 891.422: [GC [PSYoungGen: 324560K->1044K(315584K)] 477663K->154186K(1002560K), 0.0030110 secs] [Times: user=0.01 sys=0.00, real=0.00 secs] 
2014-07-08T23:51:44.896+0000: 892.859: [GC [PSYoungGen: 315540K->1147K(307008K)] 468682K->154468K(993984K), 0.0151650 secs] [Times: user=0.04 sys=0.00, real=0.01 secs] 
2014-07-08T23:51:46.314+0000: 894.277: [GC [PSYoungGen: 307003K->1482K(299136K)] 460324K->154842K(986112K), 0.0089240 secs] [Times: user=0.03 sys=0.00, real=0.00 secs] 
2014-07-08T23:51:47.636+0000: 895.599: [GC [PSYoungGen: 299061K->702K(290368K)] 452422K->154634K(977344K), 0.0105490 secs] [Times: user=0.04 sys=0.00, real=0.01 secs] 
2014-07-08T23:51:48.963+0000: 896.925: [GC [PSYoungGen: 290366K->1208K(283264K)] 444298K->155165K(970240K), 0.0064270 secs] [Times: user=0.01 sys=0.00, real=0.01 secs] 
2014-07-08T23:51:50.249+0000: 898.212: [GC [PSYoungGen: 283256K->980K(275712K)] 437213K->155093K(962688K), 0.0074050 secs] [Times: user=0.01 sys=0.00, real=0.01 secs] 
2014-07-08T23:51:51.518+0000: 899.480: [GC [PSYoungGen: 275661K->1396K(269056K)] 429774K->155541K(956032K), 0.0041230 secs] [Times: user=0.01 sys=0.00, real=0.00 secs] 
2014-07-08T23:51:52.726+0000: 900.689: [GC [PSYoungGen: 269018K->951K(261824K)] 423163K->155326K(948800K), 0.0125370 secs] [Times: user=0.04 sys=0.01, real=0.01 secs] 
2014-07-08T23:51:53.924+0000: 901.887: [GC [PSYoungGen: 261786K->1244K(255616K)] 416161K->155659K(942592K), 0.0056030 secs] [Times: user=0.02 sys=0.00, real=0.01 secs] 
2014-07-08T23:51:55.096+0000: 903.059: [GC [PSYoungGen: 255550K->948K(249024K)] 409965K->155511K(936000K), 0.0100030 secs] [Times: user=0.04 sys=0.01, real=0.01 secs] 
2014-07-08T23:51:56.225+0000: 904.188: [GC [PSYoungGen: 249003K->1204K(243200K)] 403566K->155791K(930176K), 0.0145760 secs] [Times: user=0.04 sys=0.00, real=0.02 secs] 
2014-07-08T23:51:57.317+0000: 905.280: [GC [PSYoungGen: 243187K->1082K(237248K)] 397774K->155963K(924224K), 0.0041750 secs] [Times: user=0.01 sys=0.00, real=0.00 secs] 
2014-07-08T23:51:58.388+0000: 906.350: [GC [PSYoungGen: 237242K->1062K(231616K)] 392123K->155991K(918592K), 0.0109390 secs] [Times: user=0.03 sys=0.00, real=0.01 secs] 
2014-07-08T23:51:59.445+0000: 907.408: [GC [PSYoungGen: 231590K->948K(226048K)] 386519K->155959K(913024K), 0.0039860 secs] [Times: user=0.01 sys=0.00, real=0.01 secs] 
2014-07-08T23:52:00.466+0000: 908.429: [GC [PSYoungGen: 226015K->1108K(221056K)] 381026K->156151K(908032K), 0.0074420 secs] [Times: user=0.01 sys=0.00, real=0.00 secs] 
2014-07-08T23:52:01.456+0000: 909.418: [GC [PSYoungGen: 220922K->1146K(216000K)] 375965K->156534K(902976K), 0.0033640 secs] [Times: user=0.01 sys=0.00, real=0.01 secs] 
2014-07-08T23:52:02.443+0000: 910.406: [GC [PSYoungGen: 215994K->1410K(211456K)] 371382K->156853K(898432K), 0.0067180 secs] [Times: user=0.02 sys=0.00, real=0.01 secs] 
2014-07-08T23:52:03.393+0000: 911.356: [GC [PSYoungGen: 211394K->737K(206080K)] 366837K->156778K(893056K), 0.0083380 secs] [Times: user=0.03 sys=0.00, real=0.01 secs] 
2014-07-08T23:52:04.342+0000: 912.305: [GC [PSYoungGen: 206037K->1440K(202240K)] 362079K->157513K(889216K), 0.0032690 secs] [Times: user=0.01 sys=0.00, real=0.00 secs] 
2014-07-08T23:52:05.264+0000: 913.227: [GC [PSYoungGen: 202208K->1094K(197568K)] 358281K->157555K(884544K), 0.0089230 secs] [Times: user=0.03 sys=0.00, real=0.01 secs] 
2014-07-08T23:52:06.147+0000: 914.110: [GC [PSYoungGen: 197509K->1236K(236992K)] 353970K->157729K(923968K), 0.0184800 secs] [Times: user=0.06 sys=0.00, real=0.02 secs] 
2014-07-08T23:52:07.244+0000: 915.207: [GC [PSYoungGen: 236948K->1076K(231232K)] 393441K->157737K(918208K), 0.0072980 secs] [Times: user=0.02 sys=0.00, real=0.01 secs] 
2014-07-08T23:52:08.287+0000: 916.250: [GC [PSYoungGen: 231220K->1076K(225856K)] 387881K->157785K(912832K), 0.0035500 secs] [Times: user=0.01 sys=0.00, real=0.01 secs] 
2014-07-08T23:52:09.316+0000: 917.279: [GC [PSYoungGen: 225825K->1076K(270848K)] 382534K->157841K(957824K), 0.0287390 secs] [Times: user=0.10 sys=0.00, real=0.03 secs] 
2014-07-08T23:52:10.567+0000: 918.530: [GC [PSYoungGen: 270836K->1076K(324800K)] 427601K->157881K(1011776K), 0.0066890 secs] [Times: user=0.02 sys=0.00, real=0.01 secs] 
2014-07-08T23:52:12.016+0000: 919.979: [GC [PSYoungGen: 324788K->980K(315776K)] 481593K->157833K(1002752K), 0.0037820 secs] [Times: user=0.01 sys=0.00, real=0.01 secs] 
2014-07-08T23:52:13.466+0000: 921.429: [GC [PSYoungGen: 315732K->948K(307072K)] 472585K->157817K(994048K), 0.0046290 secs] [Times: user=0.01 sys=0.00, real=0.01 secs] 
2014-07-08T23:52:14.861+0000: 922.824: [GC [PSYoungGen: 307060K->1101K(299008K)] 463929K->157978K(985984K), 0.0057590 secs] [Times: user=0.01 sys=0.00, real=0.00 secs] 
2014-07-08T23:52:16.217+0000: 924.180: [GC [PSYoungGen: 298957K->1360K(291328K)] 455834K->158270K(978304K), 0.0043910 secs] [Times: user=0.01 sys=0.00, real=0.01 secs] 
2014-07-08T23:52:17.523+0000: 925.486: [GC [PSYoungGen: 291280K->574K(282880K)] 448190K->157953K(969856K), 0.0054260 secs] [Times: user=0.02 sys=0.00, real=0.00 secs] 
2014-07-08T23:52:18.805+0000: 926.768: [GC [PSYoungGen: 282838K->1308K(276288K)] 440218K->158735K(963264K), 0.0048460 secs] [Times: user=0.01 sys=0.00, real=0.01 secs] 
2014-07-08T23:52:20.034+0000: 927.997: [GC [PSYoungGen: 276252K->1331K(269248K)] 433679K->159635K(956224K), 0.0079200 secs] [Times: user=0.03 sys=0.00, real=0.01 secs] 
2014-07-08T23:52:21.245+0000: 929.208: [GC [PSYoungGen: 269222K->1250K(262400K)] 427526K->159570K(949376K), 0.0200000 secs] [Times: user=0.07 sys=0.00, real=0.02 secs] 
2014-07-08T23:52:22.432+0000: 930.395: [GC [PSYoungGen: 262370K->1104K(255744K)] 420690K->159530K(942720K), 0.0060500 secs] [Times: user=0.01 sys=0.00, real=0.00 secs] 
2014-07-08T23:52:23.575+0000: 931.538: [GC [PSYoungGen: 255692K->1076K(249408K)] 414118K->159526K(936384K), 0.0045460 secs] [Times: user=0.01 sys=0.01, real=0.00 secs] 
2014-07-08T23:52:24.705+0000: 932.668: [GC [PSYoungGen: 249370K->1151K(243392K)] 407821K->159617K(930368K), 0.0172780 secs] [Times: user=0.06 sys=0.00, real=0.02 secs] 
2014-07-08T23:52:25.829+0000: 933.792: [GC [PSYoungGen: 243391K->1012K(237440K)] 401857K->159494K(924416K), 0.0098390 secs] [Times: user=0.01 sys=0.00, real=0.01 secs] 
2014-07-08T23:52:26.908+0000: 934.871: [GC [PSYoungGen: 237428K->1372K(232192K)] 395910K->159942K(919168K), 0.0088860 secs] [Times: user=0.03 sys=0.00, real=0.01 secs] 
2014-07-08T23:52:27.956+0000: 935.919: [GC [PSYoungGen: 232154K->948K(226304K)] 390724K->159558K(913280K), 0.0086010 secs] [Times: user=0.01 sys=0.00, real=0.01 secs] 
2014-07-08T23:52:28.974+0000: 936.937: [GC [PSYoungGen: 226292K->1197K(221312K)] 384902K->159855K(908288K), 0.0070380 secs] [Times: user=0.02 sys=0.00, real=0.00 secs] 
2014-07-08T23:52:29.988+0000: 937.950: [GC [PSYoungGen: 221264K->980K(216064K)] 379922K->159654K(903040K), 0.0042250 secs] [Times: user=0.01 sys=0.00, real=0.01 secs] 
2014-07-08T23:52:30.983+0000: 938.946: [GC [PSYoungGen: 215958K->1080K(211264K)] 374632K->159778K(898240K), 0.0054090 secs] [Times: user=0.01 sys=0.00, real=0.00 secs] 
2014-07-08T23:52:31.942+0000: 939.905: [GC [PSYoungGen: 211256K->1076K(206592K)] 369954K->159814K(893568K), 0.0088040 secs] [Times: user=0.03 sys=0.00, real=0.00 secs] 
2014-07-08T23:52:32.874+0000: 940.837: [GC [PSYoungGen: 206580K->1104K(202112K)] 365318K->159858K(889088K), 0.0044590 secs] [Times: user=0.01 sys=0.00, real=0.00 secs] 
2014-07-08T23:52:33.797+0000: 941.760: [GC [PSYoungGen: 202064K->1076K(197696K)] 360818K->159862K(884672K), 0.0045770 secs] [Times: user=0.01 sys=0.00, real=0.01 secs] 
2014-07-08T23:52:34.696+0000: 942.659: [GC [PSYoungGen: 197635K->1004K(193408K)] 356421K->160028K(880384K), 0.0106370 secs] [Times: user=0.04 sys=0.00, real=0.01 secs] 
2014-07-08T23:52:35.577+0000: 943.540: [GC [PSYoungGen: 193386K->1443K(189760K)] 352410K->160507K(876736K), 0.0078510 secs] [Times: user=0.02 sys=0.00, real=0.01 secs] 
2014-07-08T23:52:36.425+0000: 944.388: [GC [PSYoungGen: 189731K->752K(185088K)] 348795K->160264K(872064K), 0.0140590 secs] [Times: user=0.05 sys=0.00, real=0.01 secs] 
2014-07-08T23:52:37.283+0000: 945.245: [GC [PSYoungGen: 185071K->1158K(181696K)] 344584K->160710K(868672K), 0.0051650 secs] [Times: user=0.01 sys=0.00, real=0.00 secs] 
2014-07-08T23:52:38.082+0000: 946.045: [GC [PSYoungGen: 181600K->1162K(177984K)] 341153K->160852K(864960K), 0.0031480 secs] [Times: user=0.01 sys=0.00, real=0.00 secs] 
2014-07-08T23:52:38.881+0000: 946.844: [GC [PSYoungGen: 177929K->1136K(174336K)] 337620K->160859K(861312K), 0.0083460 secs] [Times: user=0.03 sys=0.00, real=0.01 secs] 
2014-07-08T23:52:39.653+0000: 947.616: [GC [PSYoungGen: 174320K->762K(170496K)] 334043K->160827K(857472K), 0.0061310 secs] [Times: user=0.01 sys=0.00, real=0.00 secs] 
2014-07-08T23:52:40.437+0000: 948.400: [GC [PSYoungGen: 170490K->1208K(167616K)] 330555K->161304K(854592K), 0.0040460 secs] [Times: user=0.01 sys=0.00, real=0.00 secs] 
2014-07-08T23:52:41.197+0000: 949.160: [GC [PSYoungGen: 167608K->1004K(164160K)] 327704K->161461K(851136K), 0.0071930 secs] [Times: user=0.01 sys=0.00, real=0.01 secs] 
2014-07-08T23:52:41.927+0000: 949.890: [GC [PSYoungGen: 164140K->1062K(161088K)] 324597K->161542K(848064K), 0.0037660 secs] [Times: user=0.01 sys=0.00, real=0.00 secs] 
2014-07-08T23:52:42.669+0000: 950.632: [GC [PSYoungGen: 161061K->948K(157952K)] 321542K->161526K(844928K), 0.0041950 secs] [Times: user=0.01 sys=0.00, real=0.01 secs] 
2014-07-08T23:52:43.381+0000: 951.344: [GC [PSYoungGen: 157940K->1076K(155136K)] 318518K->161686K(842112K), 0.0081420 secs] [Times: user=0.02 sys=0.01, real=0.01 secs] 
2014-07-08T23:52:44.083+0000: 952.046: [GC [PSYoungGen: 155124K->1068K(152256K)] 315734K->161835K(839232K), 0.0106910 secs] [Times: user=0.04 sys=0.00, real=0.01 secs] 
2014-07-08T23:52:44.779+0000: 952.742: [GC [PSYoungGen: 152206K->1198K(149632K)] 312972K->161973K(836608K), 0.0066400 secs] [Times: user=0.00 sys=0.00, real=0.01 secs] 
2014-07-08T23:52:45.455+0000: 953.417: [GC [PSYoungGen: 149591K->680K(178816K)] 310366K->162268K(865792K), 0.0129310 secs] [Times: user=0.05 sys=0.00, real=0.01 secs] 
2014-07-08T23:52:46.265+0000: 954.228: [GC [PSYoungGen: 178792K->1425K(215232K)] 340380K->163045K(902208K), 0.0052520 secs] [Times: user=0.01 sys=0.00, real=0.00 secs] 
2014-07-08T23:52:47.242+0000: 955.205: [GC [PSYoungGen: 215154K->1058K(210048K)] 376774K->163231K(897024K), 0.0082150 secs] [Times: user=0.03 sys=0.00, real=0.01 secs] 
2014-07-08T23:52:48.209+0000: 956.171: [GC [PSYoungGen: 210018K->1236K(252032K)] 372191K->163465K(939008K), 0.0170090 secs] [Times: user=0.06 sys=0.00, real=0.02 secs] 
2014-07-08T23:52:49.344+0000: 957.307: [GC [PSYoungGen: 251988K->1136K(302080K)] 414217K->163631K(989056K), 0.0179780 secs] [Times: user=0.06 sys=0.00, real=0.02 secs] 
2014-07-08T23:52:50.735+0000: 958.698: [GC [PSYoungGen: 302063K->980K(362176K)] 464557K->163548K(1049152K), 0.0063480 secs] [Times: user=0.01 sys=0.00, real=0.00 secs] 
2014-07-08T23:52:52.371+0000: 960.334: [GC [PSYoungGen: 362032K->1314K(352000K)] 524601K->164147K(1038976K), 0.0087750 secs] [Times: user=0.04 sys=0.00, real=0.01 secs] 
2014-07-08T23:52:54.007+0000: 961.970: [GC [PSYoungGen: 351948K->1062K(341696K)] 514781K->163942K(1028672K), 0.0081250 secs] [Times: user=0.03 sys=0.00, real=0.01 secs] 
2014-07-08T23:52:55.571+0000: 963.534: [GC [PSYoungGen: 341670K->1076K(332032K)] 504550K->163980K(1019008K), 0.0195070 secs] [Times: user=0.06 sys=0.00, real=0.02 secs] 
2014-07-08T23:52:57.071+0000: 965.034: [GC [PSYoungGen: 332020K->1108K(322816K)] 494924K->164076K(1009792K), 0.0107660 secs] [Times: user=0.04 sys=0.01, real=0.01 secs] 
2014-07-08T23:52:58.532+0000: 966.495: [GC [PSYoungGen: 322772K->1044K(313856K)] 485740K->164092K(1000832K), 0.0044410 secs] [Times: user=0.02 sys=0.00, real=0.01 secs] 
2014-07-08T23:52:59.964+0000: 967.927: [GC [PSYoungGen: 313787K->1403K(305664K)] 476836K->164484K(992640K), 0.0062810 secs] [Times: user=0.02 sys=0.00, real=0.01 secs] 
2014-07-08T23:53:01.358+0000: 969.321: [GC [PSYoungGen: 305628K->1001K(297088K)] 468708K->164195K(984064K), 0.0162010 secs] [Times: user=0.06 sys=0.00, real=0.01 secs] 
2014-07-08T23:53:02.722+0000: 970.685: [GC [PSYoungGen: 297026K->980K(289216K)] 460220K->164206K(976192K), 0.0040280 secs] [Times: user=0.01 sys=0.00, real=0.01 secs] 
2014-07-08T23:53:04.037+0000: 972.000: [GC [PSYoungGen: 289164K->1030K(281728K)] 452391K->164288K(968704K), 0.0092880 secs] [Times: user=0.03 sys=0.01, real=0.01 secs] 
2014-07-08T23:53:05.277+0000: 973.240: [GC [PSYoungGen: 281665K->1130K(274496K)] 444923K->164404K(961472K), 0.0042720 secs] [Times: user=0.01 sys=0.00, real=0.00 secs] 
2014-07-08T23:53:06.535+0000: 974.498: [GC [PSYoungGen: 274474K->1122K(267520K)] 437748K->164494K(954496K), 0.0110460 secs] [Times: user=0.04 sys=0.00, real=0.02 secs] 
2014-07-08T23:53:07.777+0000: 975.740: [GC [PSYoungGen: 267490K->1108K(260800K)] 430862K->164584K(947776K), 0.0161260 secs] [Times: user=0.06 sys=0.00, real=0.01 secs] 
2014-07-08T23:53:08.954+0000: 976.917: [GC [PSYoungGen: 260756K->948K(254144K)] 424232K->164564K(941120K), 0.0061950 secs] [Times: user=0.01 sys=0.00, real=0.01 secs] 
2014-07-08T23:53:10.093+0000: 978.056: [GC [PSYoungGen: 254132K->1044K(248000K)] 417748K->164684K(934976K), 0.0070680 secs] [Times: user=0.02 sys=0.00, real=0.01 secs] 
2014-07-08T23:53:11.203+0000: 979.166: [GC [PSYoungGen: 247859K->1211K(242112K)] 411500K->164950K(929088K), 0.0033860 secs] [Times: user=0.01 sys=0.00, real=0.00 secs] 
2014-07-08T23:53:12.323+0000: 980.286: [GC [PSYoungGen: 242103K->1062K(236224K)] 405842K->164832K(923200K), 0.0146210 secs] [Times: user=0.05 sys=0.00, real=0.02 secs] 
2014-07-08T23:53:13.401+0000: 981.364: [GC [PSYoungGen: 236196K->930K(230528K)] 399967K->164830K(917504K), 0.0101630 secs] [Times: user=0.03 sys=0.01, real=0.01 secs] 
2014-07-08T23:53:14.447+0000: 982.410: [GC [PSYoungGen: 230498K->1314K(225536K)] 394398K->165247K(912512K), 0.0039730 secs] [Times: user=0.01 sys=0.00, real=0.00 secs] 
2014-07-08T23:53:15.454+0000: 983.417: [GC [PSYoungGen: 225506K->802K(219840K)] 389439K->165066K(906816K), 0.0152540 secs] [Times: user=0.05 sys=0.00, real=0.02 secs] 
2014-07-08T23:53:16.447+0000: 984.410: [GC [PSYoungGen: 219810K->1378K(215424K)] 384074K->165717K(902400K), 0.0070460 secs] [Times: user=0.01 sys=0.01, real=0.01 secs] 
2014-07-08T23:53:17.434+0000: 985.397: [GC [PSYoungGen: 215394K->866K(257728K)] 379733K->165521K(944704K), 0.0157740 secs] [Times: user=0.05 sys=0.00, real=0.02 secs] 
2014-07-08T23:53:18.612+0000: 986.575: [GC [PSYoungGen: 257680K->1126K(309376K)] 422335K->165829K(996352K), 0.0224050 secs] [Times: user=0.08 sys=0.00, real=0.02 secs] 
2014-07-08T23:53:20.030+0000: 987.993: [GC [PSYoungGen: 309329K->1062K(371008K)] 474032K->165845K(1057984K), 0.0054830 secs] [Times: user=0.01 sys=0.01, real=0.00 secs] 
2014-07-08T23:53:21.708+0000: 989.671: [GC [PSYoungGen: 370981K->1136K(360192K)] 535764K->165935K(1047168K), 0.0066180 secs] [Times: user=0.01 sys=0.00, real=0.01 secs] 
2014-07-08T23:53:23.383+0000: 991.346: [GC [PSYoungGen: 360150K->744K(349376K)] 524949K->166147K(1036352K), 0.0201330 secs] [Times: user=0.07 sys=0.00, real=0.02 secs] 
2014-07-08T23:53:24.980+0000: 992.943: [GC [PSYoungGen: 349352K->1308K(339968K)] 514755K->166743K(1026944K), 0.0055420 secs] [Times: user=0.02 sys=0.00, real=0.00 secs] 
2014-07-08T23:53:26.529+0000: 994.492: [GC [PSYoungGen: 339887K->1015K(330048K)] 505322K->166918K(1017024K), 0.0065720 secs] [Times: user=0.02 sys=0.00, real=0.01 secs] 
2014-07-08T23:53:28.050+0000: 996.013: [GC [PSYoungGen: 330039K->1258K(321088K)] 495942K->167265K(1008064K), 0.0160520 secs] [Times: user=0.05 sys=0.00, real=0.01 secs] 
2014-07-08T23:53:29.494+0000: 997.456: [GC [PSYoungGen: 321061K->930K(311936K)] 487068K->167225K(998912K), 0.0070330 secs] [Times: user=0.01 sys=0.00, real=0.01 secs] 
2014-07-08T23:53:30.919+0000: 998.882: [GC [PSYoungGen: 311906K->1361K(303936K)] 478201K->167754K(990912K), 0.0077660 secs] [Times: user=0.02 sys=0.00, real=0.01 secs] 
2014-07-08T23:53:32.277+0000: 1000.240: [GC [PSYoungGen: 303889K->752K(295168K)] 470282K->167481K(982144K), 0.0064550 secs] [Times: user=0.01 sys=0.00, real=0.01 secs] 
2014-07-08T23:53:33.606+0000: 1001.569: [GC [PSYoungGen: 295152K->1126K(287744K)] 461881K->167903K(974720K), 0.0084310 secs] [Times: user=0.03 sys=0.00, real=0.01 secs] 
2014-07-08T23:53:34.918+0000: 1002.881: [GC [PSYoungGen: 287718K->1342K(280448K)] 454495K->168234K(967424K), 0.0040040 secs] [Times: user=0.01 sys=0.00, real=0.01 secs] 
2014-07-08T23:53:36.190+0000: 1004.153: [GC [PSYoungGen: 280413K->1172K(273088K)] 447305K->168111K(960064K), 0.0111700 secs] [Times: user=0.04 sys=0.00, real=0.02 secs] 
2014-07-08T23:53:37.429+0000: 1005.392: [GC [PSYoungGen: 273044K->702K(265600K)] 439983K->167983K(952576K), 0.0111130 secs] [Times: user=0.02 sys=0.00, real=0.01 secs] 
2014-07-08T23:53:38.650+0000: 1006.613: [GC [PSYoungGen: 265598K->1400K(259648K)] 432879K->168729K(946624K), 0.0168550 secs] [Times: user=0.06 sys=0.00, real=0.02 secs] 
2014-07-08T23:53:39.825+0000: 1007.788: [GC [PSYoungGen: 259640K->980K(252864K)] 426969K->168465K(939840K), 0.0039080 secs] [Times: user=0.01 sys=0.00, real=0.00 secs] 
2014-07-08T23:53:40.970+0000: 1008.933: [GC [PSYoungGen: 252820K->1168K(246848K)] 420305K->168686K(933824K), 0.0095410 secs] [Times: user=0.03 sys=0.00, real=0.01 secs] 
2014-07-08T23:53:42.113+0000: 1010.076: [GC [PSYoungGen: 246800K->994K(240704K)] 414318K->168649K(927680K), 0.0034770 secs] [Times: user=0.01 sys=0.00, real=0.00 secs] 
2014-07-08T23:53:43.199+0000: 1011.162: [GC [PSYoungGen: 240674K->1512K(235456K)] 408329K->169308K(922432K), 0.0128950 secs] [Times: user=0.05 sys=0.01, real=0.02 secs] 
2014-07-08T23:53:44.277+0000: 1012.240: [GC [PSYoungGen: 235432K->552K(228992K)] 403228K->168903K(915968K), 0.0084230 secs] [Times: user=0.03 sys=0.00, real=0.01 secs] 
2014-07-08T23:53:45.325+0000: 1013.288: [GC [PSYoungGen: 228950K->1500K(224640K)] 397302K->169868K(911616K), 0.0044650 secs] [Times: user=0.01 sys=0.00, real=0.00 secs] 
2014-07-08T23:53:46.335+0000: 1014.298: [GC [PSYoungGen: 224604K->1112K(219136K)] 392972K->169876K(906112K), 0.0053070 secs] [Times: user=0.01 sys=0.00, real=0.00 secs] 
2014-07-08T23:53:47.344+0000: 1015.306: [GC [PSYoungGen: 219096K->1222K(214272K)] 387860K->170082K(901248K), 0.0131370 secs] [Times: user=0.04 sys=0.00, real=0.01 secs] 
2014-07-08T23:53:48.323+0000: 1016.286: [GC [PSYoungGen: 214175K->916K(209152K)] 383035K->169908K(896128K), 0.0070690 secs] [Times: user=0.01 sys=0.00, real=0.01 secs] 
2014-07-08T23:53:49.280+0000: 1017.243: [GC [PSYoungGen: 209108K->1204K(251072K)] 378100K->170228K(938048K), 0.0272870 secs] [Times: user=0.09 sys=0.01, real=0.03 secs] 
2014-07-08T23:53:50.407+0000: 1018.370: [GC [PSYoungGen: 251060K->980K(300864K)] 420084K->170044K(987840K), 0.0073460 secs] [Times: user=0.03 sys=0.00, real=0.01 secs] 
2014-07-08T23:53:51.772+0000: 1019.735: [GC [PSYoungGen: 300820K->980K(292864K)] 469884K->170076K(979840K), 0.0075700 secs] [Times: user=0.03 sys=0.00, real=0.01 secs] 
2014-07-08T23:53:53.109+0000: 1021.072: [GC [PSYoungGen: 292819K->980K(285120K)] 461915K->170092K(972096K), 0.0038660 secs] [Times: user=0.01 sys=0.00, real=0.01 secs] 
2014-07-08T23:53:54.410+0000: 1022.373: [GC [PSYoungGen: 285076K->1424K(278144K)] 454188K->170568K(965120K), 0.0043590 secs] [Times: user=0.00 sys=0.00, real=0.01 secs] 
2014-07-08T23:53:55.667+0000: 1023.630: [GC [PSYoungGen: 278096K->766K(270336K)] 447240K->170368K(957312K), 0.0164780 secs] [Times: user=0.05 sys=0.00, real=0.01 secs] 
2014-07-08T23:53:56.916+0000: 1024.879: [GC [PSYoungGen: 270334K->1378K(264128K)] 439936K->171029K(951104K), 0.0120970 secs] [Times: user=0.05 sys=0.00, real=0.01 secs] 
2014-07-08T23:53:58.112+0000: 1026.075: [GC [PSYoungGen: 264098K->980K(257152K)] 433749K->170768K(944128K), 0.0055270 secs] [Times: user=0.01 sys=0.00, real=0.01 secs] 
2014-07-08T23:53:59.293+0000: 1027.256: [GC [PSYoungGen: 257108K->1076K(250880K)] 426896K->170896K(937856K), 0.0110800 secs] [Times: user=0.04 sys=0.00, real=0.01 secs] 
2014-07-08T23:54:00.417+0000: 1028.380: [GC [PSYoungGen: 250868K->1168K(244864K)] 420688K->171021K(931840K), 0.0115730 secs] [Times: user=0.05 sys=0.00, real=0.01 secs] 
2014-07-08T23:54:01.521+0000: 1029.484: [GC [PSYoungGen: 244806K->1172K(238976K)] 414658K->171056K(925952K), 0.0133550 secs] [Times: user=0.05 sys=0.01, real=0.01 secs] 
2014-07-08T23:54:02.602+0000: 1030.565: [GC [PSYoungGen: 238891K->816K(232896K)] 408776K->170972K(919872K), 0.0035480 secs] [Times: user=0.01 sys=0.00, real=0.01 secs] 
2014-07-08T23:54:03.672+0000: 1031.635: [GC [PSYoungGen: 232880K->1126K(279680K)] 403036K->171306K(966656K), 0.0247710 secs] [Times: user=0.08 sys=0.00, real=0.03 secs] 
2014-07-08T23:54:04.962+0000: 1032.925: [GC [PSYoungGen: 279654K->1012K(272320K)] 449834K->171274K(959296K), 0.0034270 secs] [Times: user=0.01 sys=0.00, real=0.01 secs] 
2014-07-08T23:54:06.193+0000: 1034.156: [GC [PSYoungGen: 272281K->1236K(326848K)] 442543K->171522K(1013824K), 0.0162140 secs] [Times: user=0.05 sys=0.00, real=0.02 secs] 
2014-07-08T23:54:07.703+0000: 1035.666: [GC [PSYoungGen: 326804K->673K(317248K)] 497090K->171524K(1004224K), 0.0032660 secs] [Times: user=0.01 sys=0.01, real=0.01 secs] 
2014-07-08T23:54:09.169+0000: 1037.132: [GC [PSYoungGen: 317189K->1422K(309312K)] 488039K->172321K(996288K), 0.0040660 secs] [Times: user=0.01 sys=0.00, real=0.00 secs] 
2014-07-08T23:54:10.576+0000: 1038.539: [GC [PSYoungGen: 309262K->816K(300352K)] 480161K->172225K(987328K), 0.0186030 secs] [Times: user=0.07 sys=0.00, real=0.01 secs] 
2014-07-08T23:54:11.941+0000: 1039.904: [GC [PSYoungGen: 300336K->1208K(292736K)] 471745K->172641K(979712K), 0.0083500 secs] [Times: user=0.03 sys=0.00, real=0.01 secs] 
2014-07-08T23:54:13.266+0000: 1041.228: [GC [PSYoungGen: 292728K->980K(284864K)] 464161K->172569K(971840K), 0.0084790 secs] [Times: user=0.03 sys=0.00, real=0.01 secs] 
2014-07-08T23:54:14.560+0000: 1042.523: [GC [PSYoungGen: 284802K->1012K(277440K)] 456391K->172633K(964416K), 0.0065170 secs] [Times: user=0.02 sys=0.00, real=0.01 secs] 
2014-07-08T23:54:15.830+0000: 1043.793: [GC [PSYoungGen: 277428K->1076K(270400K)] 449049K->172721K(957376K), 0.0038850 secs] [Times: user=0.01 sys=0.00, real=0.00 secs] 
2014-07-08T23:54:17.060+0000: 1045.023: [GC [PSYoungGen: 270388K->1030K(263552K)] 442033K->172739K(950528K), 0.0076360 secs] [Times: user=0.02 sys=0.00, real=0.01 secs] 
2014-07-08T23:54:18.243+0000: 1046.206: [GC [PSYoungGen: 263494K->940K(256832K)] 435203K->173005K(943808K), 0.0183970 secs] [Times: user=0.06 sys=0.00, real=0.02 secs] 
2014-07-08T23:54:19.429+0000: 1047.392: [GC [PSYoungGen: 256810K->1276K(250816K)] 428875K->173397K(937792K), 0.0147990 secs] [Times: user=0.04 sys=0.00, real=0.01 secs] 
2014-07-08T23:54:20.566+0000: 1048.529: [GC [PSYoungGen: 250763K->887K(244352K)] 422883K->173413K(931328K), 0.0070270 secs] [Times: user=0.02 sys=0.00, real=0.01 secs] 
2014-07-08T23:54:21.686+0000: 1049.649: [GC [PSYoungGen: 244342K->1520K(239104K)] 416868K->174340K(926080K), 0.0146190 secs] [Times: user=0.05 sys=0.00, real=0.02 secs] 
2014-07-08T23:54:22.784+0000: 1050.747: [GC [PSYoungGen: 239088K->684K(232576K)] 411908K->174020K(919552K), 0.0071440 secs] [Times: user=0.02 sys=0.00, real=0.01 secs] 
2014-07-08T23:54:23.825+0000: 1051.788: [GC [PSYoungGen: 232529K->1692K(280000K)] 405865K->175085K(966976K), 0.0179130 secs] [Times: user=0.06 sys=0.00, real=0.02 secs] 
2014-07-08T23:54:25.119+0000: 1053.082: [GC [PSYoungGen: 279964K->1068K(335040K)] 453357K->174782K(1022016K), 0.0101030 secs] [Times: user=0.03 sys=0.00, real=0.01 secs] 
2014-07-08T23:54:26.637+0000: 1054.599: [GC [PSYoungGen: 335020K->1044K(325632K)] 508734K->174790K(1012608K), 0.0085650 secs] [Times: user=0.02 sys=0.00, real=0.01 secs] 
2014-07-08T23:54:28.130+0000: 1056.093: [GC [PSYoungGen: 325588K->1108K(316672K)] 499334K->174942K(1003648K), 0.0030190 secs] [Times: user=0.01 sys=0.00, real=0.00 secs] 
2014-07-08T23:54:29.575+0000: 1057.538: [GC [PSYoungGen: 316590K->1044K(307968K)] 490424K->174926K(994944K), 0.0084530 secs] [Times: user=0.03 sys=0.00, real=0.01 secs] 
2014-07-08T23:54:30.955+0000: 1058.918: [GC [PSYoungGen: 307924K->1328K(299904K)] 481806K->175275K(986880K), 0.0079200 secs] [Times: user=0.03 sys=0.00, real=0.01 secs] 
2014-07-08T23:54:32.321+0000: 1060.284: [GC [PSYoungGen: 299855K->1190K(291776K)] 473801K->175168K(978752K), 0.0130080 secs] [Times: user=0.05 sys=0.00, real=0.01 secs] 
2014-07-08T23:54:33.656+0000: 1061.619: [GC [PSYoungGen: 291750K->980K(283904K)] 465728K->174990K(970880K), 0.0070570 secs] [Times: user=0.03 sys=0.00, real=0.01 secs] 
2014-07-08T23:54:34.943+0000: 1062.906: [GC [PSYoungGen: 283819K->1048K(276608K)] 457829K->175066K(963584K), 0.0080830 secs] [Times: user=0.01 sys=0.00, real=0.01 secs] 
2014-07-08T23:54:36.215+0000: 1064.177: [GC [PSYoungGen: 276549K->1215K(269632K)] 450568K->175241K(956608K), 0.0078830 secs] [Times: user=0.02 sys=0.00, real=0.01 secs] 
2014-07-08T23:54:37.424+0000: 1065.387: [GC [PSYoungGen: 269631K->1140K(262784K)] 443657K->175238K(949760K), 0.0110190 secs] [Times: user=0.03 sys=0.00, real=0.01 secs] 
2014-07-08T23:54:38.628+0000: 1066.591: [GC [PSYoungGen: 262772K->1012K(256128K)] 436870K->175166K(943104K), 0.0067860 secs] [Times: user=0.02 sys=0.00, real=0.01 secs] 
2014-07-08T23:54:39.806+0000: 1067.769: [GC [PSYoungGen: 256116K->1076K(249856K)] 430270K->175278K(936832K), 0.0086320 secs] [Times: user=0.01 sys=0.00, real=0.01 secs] 
2014-07-08T23:54:40.945+0000: 1068.908: [GC [PSYoungGen: 249772K->1133K(243840K)] 423974K->175367K(930816K), 0.0061580 secs] [Times: user=0.01 sys=0.00, real=0.00 secs] 
2014-07-08T23:54:42.047+0000: 1070.010: [GC [PSYoungGen: 243821K->1044K(237952K)] 418055K->175310K(924928K), 0.0029950 secs] [Times: user=0.00 sys=0.00, real=0.00 secs] 
2014-07-08T23:54:43.132+0000: 1071.095: [GC [PSYoungGen: 237892K->872K(232128K)] 412158K->175559K(919104K), 0.0090890 secs] [Times: user=0.03 sys=0.00, real=0.01 secs] 
2014-07-08T23:54:44.190+0000: 1072.153: [GC [PSYoungGen: 232061K->1492K(227328K)] 406748K->176343K(914304K), 0.0122320 secs] [Times: user=0.05 sys=0.00, real=0.02 secs] 
2014-07-08T23:54:45.236+0000: 1073.199: [GC [PSYoungGen: 227284K->684K(221248K)] 402135K->175986K(908224K), 0.0057960 secs] [Times: user=0.02 sys=0.00, real=0.01 secs] 
2014-07-08T23:54:46.245+0000: 1074.208: [GC [PSYoungGen: 221206K->1308K(216832K)] 396509K->176643K(903808K), 0.0036720 secs] [Times: user=0.01 sys=0.00, real=0.00 secs] 
2014-07-08T23:54:47.223+0000: 1075.186: [GC [PSYoungGen: 216796K->1172K(211840K)] 392131K->176835K(898816K), 0.0132160 secs] [Times: user=0.05 sys=0.00, real=0.01 secs] 
2014-07-08T23:54:48.191+0000: 1076.154: [GC [PSYoungGen: 211796K->1343K(207232K)] 387459K->177070K(894208K), 0.0096730 secs] [Times: user=0.03 sys=0.00, real=0.01 secs] 
2014-07-08T23:54:49.130+0000: 1077.093: [GC [PSYoungGen: 207225K->673K(202048K)] 382952K->176950K(889024K), 0.0080230 secs] [Times: user=0.03 sys=0.00, real=0.01 secs] 
2014-07-08T23:54:50.036+0000: 1077.998: [GC [PSYoungGen: 202015K->1326K(198336K)] 378292K->177651K(885312K), 0.0032350 secs] [Times: user=0.01 sys=0.00, real=0.00 secs] 
2014-07-08T23:54:50.931+0000: 1078.894: [GC [PSYoungGen: 198317K->1044K(193856K)] 374642K->177707K(880832K), 0.0092620 secs] [Times: user=0.03 sys=0.00, real=0.01 secs] 
2014-07-08T23:54:51.802+0000: 1079.765: [GC [PSYoungGen: 193812K->1264K(189952K)] 370475K->177967K(876928K), 0.0049810 secs] [Times: user=0.02 sys=0.00, real=0.00 secs] 
2014-07-08T23:54:52.647+0000: 1080.610: [GC [PSYoungGen: 189936K->880K(185600K)] 366639K->177723K(872576K), 0.0068180 secs] [Times: user=0.02 sys=0.00, real=0.01 secs] 
2014-07-08T23:54:53.485+0000: 1081.448: [GC [PSYoungGen: 185579K->1165K(182080K)] 362422K->178032K(869056K), 0.0146620 secs] [Times: user=0.05 sys=0.00, real=0.01 secs] 
2014-07-08T23:54:54.308+0000: 1082.271: [GC [PSYoungGen: 181984K->1044K(218176K)] 358851K->177959K(905152K), 0.0100800 secs] [Times: user=0.03 sys=0.00, real=0.01 secs] 
2014-07-08T23:54:55.297+0000: 1083.259: [GC [PSYoungGen: 218110K->1250K(261824K)] 395026K->178205K(948800K), 0.0114600 secs] [Times: user=0.03 sys=0.00, real=0.01 secs] 
2014-07-08T23:54:56.493+0000: 1084.456: [GC [PSYoungGen: 261785K->752K(254784K)] 438740K->178057K(941760K), 0.0086580 secs] [Times: user=0.02 sys=0.00, real=0.01 secs] 
2014-07-08T23:54:57.659+0000: 1085.622: [GC [PSYoungGen: 254766K->1240K(249024K)] 432072K->178625K(936000K), 0.0090690 secs] [Times: user=0.02 sys=0.00, real=0.01 secs] 
2014-07-08T23:54:58.783+0000: 1086.746: [GC [PSYoungGen: 248983K->1058K(242816K)] 426368K->178729K(929792K), 0.0139630 secs] [Times: user=0.05 sys=0.00, real=0.01 secs] 
2014-07-08T23:54:59.875+0000: 1087.838: [GC [PSYoungGen: 242786K->1112K(291264K)] 420457K->178815K(978240K), 0.0113720 secs] [Times: user=0.04 sys=0.00, real=0.01 secs] 
2014-07-08T23:55:01.179+0000: 1089.142: [GC [PSYoungGen: 291223K->880K(283328K)] 468927K->178723K(970304K), 0.0045860 secs] [Times: user=0.01 sys=0.00, real=0.00 secs] 
2014-07-08T23:55:02.474+0000: 1090.436: [GC [PSYoungGen: 283270K->1250K(276352K)] 461113K->179125K(963328K), 0.0059550 secs] [Times: user=0.02 sys=0.00, real=0.01 secs] 
2014-07-08T23:55:03.707+0000: 1091.670: [GC [PSYoungGen: 276322K->944K(268992K)] 454197K->179009K(955968K), 0.0089960 secs] [Times: user=0.03 sys=0.00, real=0.01 secs] 
2014-07-08T23:55:04.924+0000: 1092.887: [GC [PSYoungGen: 268976K->1108K(262400K)] 447041K->179197K(949376K), 0.0215460 secs] [Times: user=0.07 sys=0.00, real=0.03 secs] 
2014-07-08T23:55:06.102+0000: 1094.065: [GC [PSYoungGen: 262355K->994K(255744K)] 440445K->179205K(942720K), 0.0068410 secs] [Times: user=0.01 sys=0.01, real=0.01 secs] 
2014-07-08T23:55:07.271+0000: 1095.234: [GC [PSYoungGen: 255681K->1453K(249920K)] 433893K->179744K(936896K), 0.0125250 secs] [Times: user=0.04 sys=0.00, real=0.01 secs] 
2014-07-08T23:55:08.417+0000: 1096.380: [GC [PSYoungGen: 249883K->492K(242880K)] 428174K->179353K(929856K), 0.0107370 secs] [Times: user=0.03 sys=0.01, real=0.01 secs] 
2014-07-08T23:55:09.525+0000: 1097.488: [GC [PSYoungGen: 242860K->1308K(237888K)] 421721K->180201K(924864K), 0.0097860 secs] [Times: user=0.04 sys=0.01, real=0.01 secs] 
2014-07-08T23:55:10.600+0000: 1098.563: [GC [PSYoungGen: 237852K->1044K(232000K)] 416745K->180297K(918976K), 0.0074900 secs] [Times: user=0.02 sys=0.00, real=0.01 secs] 
2014-07-08T23:55:11.679+0000: 1099.642: [GC [PSYoungGen: 231956K->1200K(226688K)] 411209K->180486K(913664K), 0.0074470 secs] [Times: user=0.03 sys=0.00, real=0.01 secs] 
2014-07-08T23:55:12.718+0000: 1100.681: [GC [PSYoungGen: 226672K->930K(221184K)] 405958K->180313K(908160K), 0.0083560 secs] [Times: user=0.04 sys=0.00, real=0.01 secs] 
2014-07-08T23:55:13.735+0000: 1101.698: [GC [PSYoungGen: 221150K->1229K(216448K)] 400533K->180661K(903424K), 0.0068730 secs] [Times: user=0.02 sys=0.00, real=0.01 secs] 
2014-07-08T23:55:14.722+0000: 1102.685: [GC [PSYoungGen: 216397K->890K(211200K)] 395829K->180584K(898176K), 0.0156730 secs] [Times: user=0.05 sys=0.00, real=0.02 secs] 
2014-07-08T23:55:15.688+0000: 1103.651: [GC [PSYoungGen: 211194K->1318K(206976K)] 390888K->181028K(893952K), 0.0044630 secs] [Times: user=0.01 sys=0.00, real=0.00 secs] 
2014-07-08T23:55:16.663+0000: 1104.626: [GC [PSYoungGen: 206934K->752K(201856K)] 386644K->180920K(888832K), 0.0044710 secs] [Times: user=0.01 sys=0.00, real=0.01 secs] 
2014-07-08T23:55:17.573+0000: 1105.535: [GC [PSYoungGen: 201819K->1354K(198144K)] 381987K->181570K(885120K), 0.0065140 secs] [Times: user=0.02 sys=0.00, real=0.01 secs] 
2014-07-08T23:55:18.472+0000: 1106.435: [GC [PSYoungGen: 198090K->948K(193472K)] 378306K->181394K(880448K), 0.0070550 secs] [Times: user=0.03 sys=0.00, real=0.01 secs] 
2014-07-08T23:55:19.335+0000: 1107.298: [GC [PSYoungGen: 193460K->1136K(189568K)] 373906K->181598K(876544K), 0.0042380 secs] [Times: user=0.01 sys=0.00, real=0.01 secs] 
2014-07-08T23:55:20.202+0000: 1108.165: [GC [PSYoungGen: 189511K->1012K(185472K)] 369973K->181522K(872448K), 0.0060680 secs] [Times: user=0.02 sys=0.00, real=0.01 secs] 
2014-07-08T23:55:21.041+0000: 1109.004: [GC [PSYoungGen: 185458K->1044K(181696K)] 365968K->181586K(868672K), 0.0089360 secs] [Times: user=0.03 sys=0.00, real=0.01 secs] 
2014-07-08T23:55:21.857+0000: 1109.820: [GC [PSYoungGen: 181652K->1012K(177920K)] 362194K->181610K(864896K), 0.0102970 secs] [Times: user=0.03 sys=0.00, real=0.01 secs] 
2014-07-08T23:55:22.657+0000: 1110.619: [GC [PSYoungGen: 177859K->1066K(174400K)] 358457K->181688K(861376K), 0.0063800 secs] [Times: user=0.01 sys=0.00, real=0.01 secs] 
2014-07-08T23:55:23.455+0000: 1111.418: [GC [PSYoungGen: 174374K->869K(170752K)] 354996K->181779K(857728K), 0.0044040 secs] [Times: user=0.01 sys=0.00, real=0.01 secs] 
2014-07-08T23:55:24.225+0000: 1112.188: [GC [PSYoungGen: 170693K->1148K(167680K)] 351603K->182074K(854656K), 0.0067560 secs] [Times: user=0.01 sys=0.00, real=0.01 secs] 
2014-07-08T23:55:24.985+0000: 1112.948: [GC [PSYoungGen: 167637K->943K(164224K)] 348564K->182563K(851200K), 0.0066300 secs] [Times: user=0.03 sys=0.00, real=0.01 secs] 
2014-07-08T23:55:25.727+0000: 1113.690: [GC [PSYoungGen: 164163K->1358K(161536K)] 345782K->183001K(848512K), 0.0081450 secs] [Times: user=0.03 sys=0.00, real=0.01 secs] 
2014-07-08T23:55:26.453+0000: 1114.416: [GC [PSYoungGen: 161456K->880K(158016K)] 343100K->183189K(844992K), 0.0032340 secs] [Times: user=0.01 sys=0.01, real=0.00 secs] 
2014-07-08T23:55:27.164+0000: 1115.127: [GC [PSYoungGen: 158000K->1258K(189824K)] 340309K->183631K(876800K), 0.0138470 secs] [Times: user=0.05 sys=0.00, real=0.02 secs] 
2014-07-08T23:55:28.041+0000: 1116.004: [GC [PSYoungGen: 189800K->1168K(227520K)] 372174K->183748K(914496K), 0.0141920 secs] [Times: user=0.05 sys=0.00, real=0.01 secs] 
2014-07-08T23:55:29.087+0000: 1117.050: [GC [PSYoungGen: 227472K->1044K(272704K)] 410052K->183647K(959680K), 0.0122030 secs] [Times: user=0.05 sys=0.00, real=0.02 secs] 
2014-07-08T23:55:30.336+0000: 1118.299: [GC [PSYoungGen: 272660K->1012K(326976K)] 455263K->183647K(1013952K), 0.0094560 secs] [Times: user=0.04 sys=0.00, real=0.01 secs] 
2014-07-08T23:55:31.824+0000: 1119.786: [GC [PSYoungGen: 326963K->1098K(318016K)] 509599K->183765K(1004992K), 0.0042430 secs] [Times: user=0.01 sys=0.00, real=0.00 secs] 
2014-07-08T23:55:33.271+0000: 1121.234: [GC [PSYoungGen: 317930K->1044K(309248K)] 500598K->183735K(996224K), 0.0048430 secs] [Times: user=0.01 sys=0.00, real=0.00 secs] 
2014-07-08T23:55:34.695+0000: 1122.658: [GC [PSYoungGen: 309204K->1197K(300992K)] 491895K->183929K(987968K), 0.0097240 secs] [Times: user=0.03 sys=0.00, real=0.01 secs] 
2014-07-08T23:55:36.057+0000: 1124.020: [GC [PSYoungGen: 300942K->930K(292736K)] 483673K->183871K(979712K), 0.0194290 secs] [Times: user=0.06 sys=0.00, real=0.02 secs] 
2014-07-08T23:55:37.401+0000: 1125.364: [GC [PSYoungGen: 292706K->1158K(285248K)] 475647K->184163K(972224K), 0.0135050 secs] [Times: user=0.05 sys=0.00, real=0.01 secs] 
2014-07-08T23:55:38.696+0000: 1126.659: [GC [PSYoungGen: 285190K->948K(277568K)] 468195K->184157K(964544K), 0.0042290 secs] [Times: user=0.01 sys=0.00, real=0.01 secs] 
2014-07-08T23:55:39.963+0000: 1127.926: [GC [PSYoungGen: 277556K->948K(270464K)] 460765K->184189K(957440K), 0.0044230 secs] [Times: user=0.01 sys=0.00, real=0.00 secs] 
2014-07-08T23:55:41.202+0000: 1129.165: [GC [PSYoungGen: 270452K->1076K(324544K)] 453693K->184357K(1011520K), 0.0290990 secs] [Times: user=0.11 sys=0.00, real=0.03 secs] 
2014-07-08T23:55:42.673+0000: 1130.636: [GC [PSYoungGen: 324532K->980K(315520K)] 507813K->184293K(1002496K), 0.0077140 secs] [Times: user=0.02 sys=0.00, real=0.01 secs] 
2014-07-08T23:55:44.136+0000: 1132.098: [GC [PSYoungGen: 315476K->890K(306752K)] 498789K->184710K(993728K), 0.0179760 secs] [Times: user=0.06 sys=0.00, real=0.02 secs] 
2014-07-08T23:55:45.539+0000: 1133.502: [GC [PSYoungGen: 306745K->1424K(299072K)] 490565K->185284K(986048K), 0.0057050 secs] [Times: user=0.02 sys=0.00, real=0.01 secs] 
2014-07-08T23:55:46.914+0000: 1134.877: [GC [PSYoungGen: 299024K->752K(290432K)] 482884K->184928K(977408K), 0.0050160 secs] [Times: user=0.01 sys=0.00, real=0.00 secs] 
2014-07-08T23:55:48.225+0000: 1136.188: [GC [PSYoungGen: 290380K->1446K(283520K)] 474556K->185670K(970496K), 0.0036510 secs] [Times: user=0.01 sys=0.00, real=0.00 secs] 
2014-07-08T23:55:49.510+0000: 1137.473: [GC [PSYoungGen: 283464K->1012K(275712K)] 467689K->185374K(962688K), 0.0086980 secs] [Times: user=0.03 sys=0.00, real=0.01 secs] 
2014-07-08T23:55:50.747+0000: 1138.709: [GC [PSYoungGen: 275700K->1176K(268864K)] 460062K->185578K(955840K), 0.0085430 secs] [Times: user=0.03 sys=0.00, real=0.01 secs] 
2014-07-08T23:55:51.957+0000: 1139.920: [GC [PSYoungGen: 268824K->993K(261888K)] 453226K->185747K(948864K), 0.0069890 secs] [Times: user=0.03 sys=0.00, real=0.01 secs] 
2014-07-08T23:55:53.132+0000: 1141.095: [GC [PSYoungGen: 261857K->1556K(255936K)] 446611K->186350K(942912K), 0.0040840 secs] [Times: user=0.01 sys=0.00, real=0.00 secs] 
2014-07-08T23:55:54.291+0000: 1142.253: [GC [PSYoungGen: 255892K->624K(248704K)] 440686K->185962K(935680K), 0.0070350 secs] [Times: user=0.01 sys=0.00, real=0.01 secs] 
2014-07-08T23:55:55.405+0000: 1143.368: [GC [PSYoungGen: 248688K->1286K(243328K)] 434026K->186672K(930304K), 0.0057620 secs] [Times: user=0.02 sys=0.00, real=0.00 secs] 
2014-07-08T23:55:56.509+0000: 1144.471: [GC [PSYoungGen: 243221K->1080K(237248K)] 428608K->186660K(924224K), 0.0045260 secs] [Times: user=0.01 sys=0.00, real=0.01 secs] 
2014-07-08T23:55:57.591+0000: 1145.554: [GC [PSYoungGen: 237239K->948K(231488K)] 422819K->186584K(918464K), 0.0065440 secs] [Times: user=0.01 sys=0.00, real=0.01 secs] 
2014-07-08T23:55:58.651+0000: 1146.614: [GC [PSYoungGen: 231472K->1030K(226176K)] 417108K->186690K(913152K), 0.0054930 secs] [Times: user=0.01 sys=0.01, real=0.01 secs] 
2014-07-08T23:55:59.671+0000: 1147.634: [GC [PSYoungGen: 226102K->1158K(221120K)] 411763K->186866K(908096K), 0.0169900 secs] [Times: user=0.06 sys=0.00, real=0.02 secs] 
2014-07-08T23:56:00.686+0000: 1148.649: [GC [PSYoungGen: 221062K->937K(215808K)] 406770K->186899K(902784K), 0.0119340 secs] [Times: user=0.04 sys=0.00, real=0.01 secs] 
2014-07-08T23:56:01.694+0000: 1149.657: [GC [PSYoungGen: 215753K->1094K(211136K)] 401716K->187088K(898112K), 0.0031140 secs] [Times: user=0.01 sys=0.01, real=0.00 secs] 
2014-07-08T23:56:02.661+0000: 1150.623: [GC [PSYoungGen: 211078K->948K(206272K)] 397072K->187056K(893248K), 0.0085310 secs] [Times: user=0.02 sys=0.00, real=0.01 secs] 
2014-07-08T23:56:03.609+0000: 1151.572: [GC [PSYoungGen: 206260K->1062K(201856K)] 392368K->187210K(888832K), 0.0054720 secs] [Times: user=0.02 sys=0.00, real=0.01 secs] 
2014-07-08T23:56:04.522+0000: 1152.485: [GC [PSYoungGen: 201816K->1044K(197504K)] 387964K->187290K(884480K), 0.0083420 secs] [Times: user=0.02 sys=0.01, real=0.01 secs] 
2014-07-08T23:56:05.429+0000: 1153.392: [GC [PSYoungGen: 197460K->1236K(193472K)] 383706K->187522K(880448K), 0.0102730 secs] [Times: user=0.04 sys=0.00, real=0.01 secs] 
2014-07-08T23:56:06.315+0000: 1154.278: [GC [PSYoungGen: 193428K->630K(188736K)] 379714K->187479K(875712K), 0.0055520 secs] [Times: user=0.01 sys=0.00, real=0.00 secs] 
2014-07-08T23:56:07.172+0000: 1155.135: [GC [PSYoungGen: 188726K->1450K(227200K)] 375575K->188354K(914176K), 0.0198860 secs] [Times: user=0.07 sys=0.00, real=0.02 secs] 
2014-07-08T23:56:08.201+0000: 1156.164: [GC [PSYoungGen: 227177K->866K(271808K)] 414082K->188170K(958784K), 0.0061980 secs] [Times: user=0.01 sys=0.00, real=0.01 secs] 
2014-07-08T23:56:09.453+0000: 1157.416: [GC [PSYoungGen: 271769K->1326K(265344K)] 459074K->188671K(952320K), 0.0046090 secs] [Times: user=0.02 sys=0.00, real=0.01 secs] 
2014-07-08T23:56:10.647+0000: 1158.610: [GC [PSYoungGen: 265326K->994K(317824K)] 452671K->188511K(1004800K), 0.0202250 secs] [Times: user=0.06 sys=0.00, real=0.02 secs] 
2014-07-08T23:56:12.112+0000: 1160.075: [GC [PSYoungGen: 317794K->1044K(309184K)] 505311K->188593K(996160K), 0.0068630 secs] [Times: user=0.02 sys=0.00, real=0.01 secs] 
2014-07-08T23:56:13.540+0000: 1161.503: [GC [PSYoungGen: 309140K->996K(300736K)] 496689K->188809K(987712K), 0.0056480 secs] [Times: user=0.01 sys=0.00, real=0.01 secs] 
2014-07-08T23:56:14.917+0000: 1162.880: [GC [PSYoungGen: 300708K->1226K(292992K)] 488521K->189071K(979968K), 0.0100740 secs] [Times: user=0.03 sys=0.01, real=0.01 secs] 
2014-07-08T23:56:16.255+0000: 1164.218: [GC [PSYoungGen: 292938K->816K(284864K)] 480783K->188971K(971840K), 0.0074860 secs] [Times: user=0.02 sys=0.00, real=0.00 secs] 
2014-07-08T23:56:17.555+0000: 1165.518: [GC [PSYoungGen: 284806K->1222K(277888K)] 472961K->189457K(964864K), 0.0102710 secs] [Times: user=0.04 sys=0.00, real=0.01 secs] 
2014-07-08T23:56:18.834+0000: 1166.797: [GC [PSYoungGen: 277783K->1022K(270528K)] 466018K->189581K(957504K), 0.0201780 secs] [Times: user=0.06 sys=0.00, real=0.02 secs] 
2014-07-08T23:56:20.060+0000: 1168.023: [GC [PSYoungGen: 270526K->1232K(263936K)] 459085K->189839K(950912K), 0.0108760 secs] [Times: user=0.04 sys=0.00, real=0.01 secs] 
2014-07-08T23:56:21.268+0000: 1169.231: [GC [PSYoungGen: 263888K->819K(316032K)] 452495K->189988K(1003008K), 0.0208810 secs] [Times: user=0.07 sys=0.00, real=0.02 secs] 
2014-07-08T23:56:22.703+0000: 1170.666: [GC [PSYoungGen: 316019K->1326K(379584K)] 505188K->190535K(1066560K), 0.0097430 secs] [Times: user=0.04 sys=0.00, real=0.01 secs] 
2014-07-08T23:56:24.433+0000: 1172.396: [GC [PSYoungGen: 379566K->948K(368000K)] 568775K->190601K(1054976K), 0.0106660 secs] [Times: user=0.03 sys=0.00, real=0.01 secs] 
2014-07-08T23:56:26.097+0000: 1174.060: [GC [PSYoungGen: 367945K->1314K(357632K)] 557598K->190991K(1044608K), 0.0078910 secs] [Times: user=0.03 sys=0.00, real=0.01 secs] 
2014-07-08T23:56:27.746+0000: 1175.709: [GC [PSYoungGen: 357601K->948K(346944K)] 547279K->190819K(1033920K), 0.0228300 secs] [Times: user=0.07 sys=0.00, real=0.03 secs] 
2014-07-08T23:56:29.361+0000: 1177.324: [GC [PSYoungGen: 346922K->1346K(337536K)] 536793K->191273K(1024512K), 0.0093710 secs] [Times: user=0.03 sys=0.00, real=0.01 secs] 
2014-07-08T23:56:30.879+0000: 1178.842: [GC [PSYoungGen: 337474K->762K(327424K)] 527401K->191095K(1014400K), 0.0142390 secs] [Times: user=0.05 sys=0.00, real=0.01 secs] 
2014-07-08T23:56:32.401+0000: 1180.364: [GC [PSYoungGen: 327418K->1534K(319104K)] 517751K->191958K(1006080K), 0.0086870 secs] [Times: user=0.03 sys=0.00, real=0.01 secs] 
2014-07-08T23:56:33.853+0000: 1181.816: [GC [PSYoungGen: 319055K->816K(309696K)] 509478K->191581K(996672K), 0.0091420 secs] [Times: user=0.03 sys=0.00, real=0.01 secs] 
2014-07-08T23:56:35.259+0000: 1183.222: [GC [PSYoungGen: 309680K->1240K(301760K)] 500445K->192029K(988736K), 0.0047000 secs] [Times: user=0.01 sys=0.00, real=0.00 secs] 
2014-07-08T23:56:36.630+0000: 1184.593: [GC [PSYoungGen: 301702K->1012K(293440K)] 492492K->191933K(980416K), 0.0057790 secs] [Times: user=0.01 sys=0.01, real=0.00 secs] 
2014-07-08T23:56:37.966+0000: 1185.929: [GC [PSYoungGen: 293428K->1012K(285696K)] 484349K->192021K(972672K), 0.0038920 secs] [Times: user=0.01 sys=0.00, real=0.01 secs] 
2014-07-08T23:56:39.274+0000: 1187.237: [GC [PSYoungGen: 285684K->1140K(278400K)] 476693K->192197K(965376K), 0.0088870 secs] [Times: user=0.03 sys=0.00, real=0.01 secs] 
2014-07-08T23:56:40.535+0000: 1188.498: [GC [PSYoungGen: 278388K->1140K(271232K)] 469445K->192245K(958208K), 0.0070300 secs] [Times: user=0.02 sys=0.00, real=0.01 secs] 
2014-07-08T23:56:41.762+0000: 1189.725: [GC [PSYoungGen: 271220K->946K(264192K)] 462325K->192482K(951168K), 0.0043530 secs] [Times: user=0.01 sys=0.00, real=0.00 secs] 
2014-07-08T23:56:42.970+0000: 1190.933: [GC [PSYoungGen: 264141K->1144K(257792K)] 455677K->192695K(944768K), 0.0060710 secs] [Times: user=0.01 sys=0.00, real=0.00 secs] 
2014-07-08T23:56:44.149+0000: 1192.112: [GC [PSYoungGen: 257741K->1030K(251328K)] 449292K->192671K(938304K), 0.0053320 secs] [Times: user=0.01 sys=0.00, real=0.01 secs] 
2014-07-08T23:56:45.296+0000: 1193.259: [GC [PSYoungGen: 251244K->1136K(245248K)] 442885K->192810K(932224K), 0.0048050 secs] [Times: user=0.01 sys=0.00, real=0.01 secs] 
2014-07-08T23:56:46.405+0000: 1194.368: [GC [PSYoungGen: 245232K->1012K(239232K)] 436906K->192733K(926208K), 0.0112000 secs] [Times: user=0.03 sys=0.00, real=0.01 secs] 
2014-07-08T23:56:47.497+0000: 1195.460: [GC [PSYoungGen: 239220K->1012K(233536K)] 430941K->192805K(920512K), 0.0058550 secs] [Times: user=0.01 sys=0.00, real=0.01 secs] 
2014-07-08T23:56:48.582+0000: 1196.545: [GC [PSYoungGen: 233523K->1086K(228096K)] 425317K->193010K(915072K), 0.0225620 secs] [Times: user=0.08 sys=0.01, real=0.02 secs] 
2014-07-08T23:56:49.630+0000: 1197.593: [GC [PSYoungGen: 228094K->1268K(222976K)] 420018K->193247K(909952K), 0.0072040 secs] [Times: user=0.02 sys=0.00, real=0.01 secs] 
2014-07-08T23:56:50.634+0000: 1198.597: [GC [PSYoungGen: 222964K->752K(217344K)] 414943K->192991K(904320K), 0.0125690 secs] [Times: user=0.04 sys=0.00, real=0.01 secs] 
2014-07-08T23:56:51.647+0000: 1199.610: [GC [PSYoungGen: 217328K->1318K(212992K)] 409567K->193589K(899968K), 0.0045670 secs] [Times: user=0.01 sys=0.00, real=0.01 secs] 
2014-07-08T23:56:52.621+0000: 1200.584: [GC [PSYoungGen: 212966K->1000K(207936K)] 405237K->193778K(894912K), 0.0078020 secs] [Times: user=0.03 sys=0.00, real=0.00 secs] 
2014-07-08T23:56:53.560+0000: 1201.523: [GC [PSYoungGen: 207912K->1294K(249664K)] 400690K->194096K(936640K), 0.0368110 secs] [Times: user=0.12 sys=0.00, real=0.04 secs] 
2014-07-08T23:56:54.707+0000: 1202.670: [GC [PSYoungGen: 249614K->1012K(299008K)] 442416K->194176K(985984K), 0.0220170 secs] [Times: user=0.08 sys=0.00, real=0.02 secs] 
2014-07-08T23:56:56.065+0000: 1204.028: [GC [PSYoungGen: 298986K->1325K(358976K)] 492150K->194553K(1045952K), 0.0097860 secs] [Times: user=0.03 sys=0.00, real=0.01 secs] 
2014-07-08T23:56:57.681+0000: 1205.644: [GC [PSYoungGen: 358955K->890K(430080K)] 552183K->194460K(1117056K), 0.0314390 secs] [Times: user=0.10 sys=0.00, real=0.04 secs] 
2014-07-08T23:56:59.621+0000: 1207.584: [GC [PSYoungGen: 430074K->1094K(516224K)] 623644K->194720K(1203200K), 0.0098110 secs] [Times: user=0.04 sys=0.00, real=0.01 secs] 
2014-07-08T23:57:01.931+0000: 1209.894: [GC [PSYoungGen: 516166K->1044K(619200K)] 709792K->194800K(1306176K), 0.0129820 secs] [Times: user=0.05 sys=0.00, real=0.02 secs] 
2014-07-08T23:57:04.762+0000: 1212.725: [GC [PSYoungGen: 619156K->1200K(597568K)] 812912K->194988K(1284544K), 0.0181780 secs] [Times: user=0.06 sys=0.00, real=0.02 secs] 
2014-07-08T23:57:07.487+0000: 1215.450: [GC [PSYoungGen: 597513K->948K(576512K)] 791301K->194922K(1263488K), 0.0138670 secs] [Times: user=0.05 sys=0.00, real=0.01 secs] 
2014-07-08T23:57:10.139+0000: 1218.102: [GC [PSYoungGen: 576492K->1062K(556800K)] 770466K->195132K(1243776K), 0.0086070 secs] [Times: user=0.03 sys=0.00, real=0.01 secs] 
2014-07-08T23:57:12.695+0000: 1220.658: [GC [PSYoungGen: 556774K->948K(537728K)] 750844K->195124K(1224704K), 0.0087580 secs] [Times: user=0.01 sys=0.00, real=0.01 secs] 
2014-07-08T23:57:15.157+0000: 1223.120: [GC [PSYoungGen: 537697K->1289K(520000K)] 731873K->195489K(1206976K), 0.0038260 secs] [Times: user=0.01 sys=0.00, real=0.00 secs] 
2014-07-08T23:57:17.532+0000: 1225.495: [GC [PSYoungGen: 519944K->816K(502208K)] 714144K->195432K(1189184K), 0.0094770 secs] [Times: user=0.03 sys=0.00, real=0.01 secs] 
2014-07-08T23:57:19.824+0000: 1227.787: [GC [PSYoungGen: 502192K->1126K(486016K)] 696808K->195888K(1172992K), 0.0115740 secs] [Times: user=0.04 sys=0.00, real=0.02 secs] 
2014-07-08T23:57:22.032+0000: 1229.995: [GC [PSYoungGen: 485988K->1044K(470144K)] 680751K->195960K(1157120K), 0.0166120 secs] [Times: user=0.06 sys=0.00, real=0.02 secs] 
2014-07-08T23:57:24.173+0000: 1232.136: [GC [PSYoungGen: 470080K->1030K(455040K)] 664996K->195970K(1142016K), 0.0063390 secs] [Times: user=0.01 sys=0.00, real=0.01 secs] 
2014-07-08T23:57:26.242+0000: 1234.205: [GC [PSYoungGen: 454934K->816K(440320K)] 649874K->196050K(1127296K), 0.0066980 secs] [Times: user=0.02 sys=0.00, real=0.01 secs] 
2014-07-08T23:57:28.250+0000: 1236.213: [GC [PSYoungGen: 440304K->1126K(426816K)] 635538K->196432K(1113792K), 0.0118260 secs] [Times: user=0.03 sys=0.01, real=0.01 secs] 
2014-07-08T23:57:30.168+0000: 1238.131: [GC [PSYoungGen: 426790K->1012K(413440K)] 622096K->196536K(1100416K), 0.0063530 secs] [Times: user=0.02 sys=0.00, real=0.00 secs] 
2014-07-08T23:57:32.065+0000: 1240.028: [GC [PSYoungGen: 413398K->1012K(400768K)] 608923K->196584K(1087744K), 0.0073170 secs] [Times: user=0.01 sys=0.00, real=0.01 secs] 
2014-07-08T23:57:33.901+0000: 1241.864: [GC [PSYoungGen: 400711K->816K(388480K)] 596284K->196560K(1075456K), 0.0104000 secs] [Times: user=0.04 sys=0.00, real=0.01 secs] 
2014-07-08T23:57:35.678+0000: 1243.640: [GC [PSYoungGen: 388464K->1375K(377472K)] 584208K->197143K(1064448K), 0.0041160 secs] [Times: user=0.02 sys=0.00, real=0.00 secs] 
2014-07-08T23:57:37.411+0000: 1245.374: [GC [PSYoungGen: 377400K->630K(365568K)] 573169K->197027K(1052544K), 0.0224280 secs] [Times: user=0.08 sys=0.00, real=0.02 secs] 
2014-07-08T23:57:39.091+0000: 1247.054: [GC [PSYoungGen: 365558K->1194K(355456K)] 561955K->197623K(1042432K), 0.0044360 secs] [Times: user=0.01 sys=0.00, real=0.00 secs] 
2014-07-08T23:57:40.715+0000: 1248.678: [GC [PSYoungGen: 355434K->948K(344960K)] 551863K->197655K(1031936K), 0.0053120 secs] [Times: user=0.01 sys=0.01, real=0.01 secs] 
2014-07-08T23:57:42.293+0000: 1250.256: [GC [PSYoungGen: 344947K->1172K(335424K)] 541654K->197935K(1022400K), 0.0096780 secs] [Times: user=0.03 sys=0.00, real=0.01 secs] 
2014-07-08T23:57:43.813+0000: 1251.776: [GC [PSYoungGen: 335380K->830K(325632K)] 532143K->197807K(1012608K), 0.0102880 secs] [Times: user=0.04 sys=0.00, real=0.01 secs] 
2014-07-08T23:57:45.292+0000: 1253.255: [GC [PSYoungGen: 325597K->1304K(317120K)] 522574K->198297K(1004096K), 0.0134530 secs] [Times: user=0.05 sys=0.00, real=0.01 secs] 
2014-07-08T23:57:46.754+0000: 1254.716: [GC [PSYoungGen: 317080K->830K(307968K)] 514073K->198159K(994944K), 0.0107100 secs] [Times: user=0.04 sys=0.00, real=0.01 secs] 
2014-07-08T23:57:48.161+0000: 1256.123: [GC [PSYoungGen: 307966K->1272K(300096K)] 505295K->198705K(987072K), 0.0039370 secs] [Times: user=0.01 sys=0.01, real=0.00 secs] 
2014-07-08T23:57:49.528+0000: 1257.491: [GC [PSYoungGen: 300070K->890K(291712K)] 497503K->198923K(978688K), 0.0041850 secs] [Times: user=0.01 sys=0.00, real=0.01 secs] 
2014-07-08T23:57:50.869+0000: 1258.832: [GC [PSYoungGen: 291696K->1400K(284544K)] 489729K->199489K(971520K), 0.0128480 secs] [Times: user=0.04 sys=0.00, real=0.01 secs] 
2014-07-08T23:57:52.171+0000: 1260.134: [GC [PSYoungGen: 284536K->940K(276736K)] 482625K->199678K(963712K), 0.0081970 secs] [Times: user=0.03 sys=0.00, real=0.00 secs] 
2014-07-08T23:57:53.444+0000: 1261.407: [GC [PSYoungGen: 276716K->1176K(269888K)] 475454K->199953K(956864K), 0.0105190 secs] [Times: user=0.04 sys=0.00, real=0.01 secs] 
2014-07-08T23:57:54.682+0000: 1262.645: [GC [PSYoungGen: 269848K->1076K(262912K)] 468625K->200033K(949888K), 0.0035060 secs] [Times: user=0.01 sys=0.00, real=0.00 secs] 
2014-07-08T23:57:55.871+0000: 1263.834: [GC [PSYoungGen: 262900K->1236K(256512K)] 461857K->200218K(943488K), 0.0046090 secs] [Times: user=0.01 sys=0.00, real=0.00 secs] 
2014-07-08T23:57:57.040+0000: 1265.002: [GC [PSYoungGen: 256468K->1012K(249920K)] 455450K->200057K(936896K), 0.0053520 secs] [Times: user=0.01 sys=0.00, real=0.01 secs] 
2014-07-08T23:57:58.184+0000: 1266.147: [GC [PSYoungGen: 249908K->1140K(243968K)] 448953K->200241K(930944K), 0.0081280 secs] [Times: user=0.02 sys=0.01, real=0.01 secs] 
2014-07-08T23:57:59.270+0000: 1267.233: [GC [PSYoungGen: 243942K->1076K(238016K)] 443044K->200225K(924992K), 0.0067770 secs] [Times: user=0.01 sys=0.00, real=0.01 secs] 
2014-07-08T23:58:00.361+0000: 1268.324: [GC [PSYoungGen: 237989K->1261K(232576K)] 437138K->200467K(919552K), 0.0097030 secs] [Times: user=0.04 sys=0.00, real=0.01 secs] 
2014-07-08T23:58:01.418+0000: 1269.381: [GC [PSYoungGen: 232557K->866K(226752K)] 431762K->200265K(913728K), 0.0120040 secs] [Times: user=0.04 sys=0.00, real=0.01 secs] 
2014-07-08T23:58:02.447+0000: 1270.410: [GC [PSYoungGen: 226722K->1411K(222080K)] 426121K->200851K(909056K), 0.0152070 secs] [Times: user=0.05 sys=0.01, real=0.02 secs] 
2014-07-08T23:58:03.451+0000: 1271.414: [GC [PSYoungGen: 222019K->866K(265664K)] 421459K->200565K(952640K), 0.0160780 secs] [Times: user=0.06 sys=0.00, real=0.01 secs] 
2014-07-08T23:58:04.651+0000: 1272.614: [GC [PSYoungGen: 265634K->1424K(319232K)] 465333K->201172K(1006208K), 0.0093020 secs] [Times: user=0.03 sys=0.00, real=0.01 secs] 
2014-07-08T23:58:06.104+0000: 1274.067: [GC [PSYoungGen: 319184K->883K(309888K)] 518932K->200985K(996864K), 0.0062670 secs] [Times: user=0.02 sys=0.00, real=0.00 secs] 
2014-07-08T23:58:07.520+0000: 1275.483: [GC [PSYoungGen: 309831K->1272K(301888K)] 509933K->201454K(988864K), 0.0102320 secs] [Times: user=0.02 sys=0.00, real=0.01 secs] 
2014-07-08T23:58:08.900+0000: 1276.863: [GC [PSYoungGen: 301880K->1058K(293632K)] 502062K->201528K(980608K), 0.0054600 secs] [Times: user=0.02 sys=0.00, real=0.01 secs] 
2014-07-08T23:58:10.244+0000: 1278.207: [GC [PSYoungGen: 293556K->1272K(286080K)] 494025K->201790K(973056K), 0.0142000 secs] [Times: user=0.05 sys=0.00, real=0.01 secs] 
2014-07-08T23:58:11.530+0000: 1279.493: [GC [PSYoungGen: 286064K->872K(278272K)] 486582K->201903K(965248K), 0.0076270 secs] [Times: user=0.03 sys=0.00, real=0.01 secs] 
2014-07-08T23:58:12.783+0000: 1280.745: [GC [PSYoungGen: 278248K->1350K(271616K)] 479279K->202413K(958592K), 0.0191870 secs] [Times: user=0.07 sys=0.00, real=0.02 secs] 
2014-07-08T23:58:14.030+0000: 1281.993: [GC [PSYoungGen: 271514K->940K(264256K)] 472577K->202477K(951232K), 0.0126250 secs] [Times: user=0.04 sys=0.00, real=0.02 secs] 
2014-07-08T23:58:15.255+0000: 1283.218: [GC [PSYoungGen: 264204K->1194K(257920K)] 465742K->202813K(944896K), 0.0131700 secs] [Times: user=0.04 sys=0.00, real=0.01 secs] 
2014-07-08T23:58:16.458+0000: 1284.421: [GC [PSYoungGen: 257898K->1012K(251328K)] 459517K->202819K(938304K), 0.0086640 secs] [Times: user=0.03 sys=0.00, real=0.01 secs] 
2014-07-08T23:58:17.601+0000: 1285.564: [GC [PSYoungGen: 251316K->1264K(245440K)] 453123K->203159K(932416K), 0.0053360 secs] [Times: user=0.02 sys=0.00, real=0.01 secs] 
2014-07-08T23:58:18.702+0000: 1286.665: [GC [PSYoungGen: 245424K->944K(239232K)] 447319K->203011K(926208K), 0.0062600 secs] [Times: user=0.02 sys=0.00, real=0.01 secs] 
2014-07-08T23:58:19.803+0000: 1287.766: [GC [PSYoungGen: 239204K->1332K(233920K)] 441271K->203439K(920896K), 0.0119460 secs] [Times: user=0.04 sys=0.00, real=0.02 secs] 
2014-07-08T23:58:20.880+0000: 1288.843: [GC [PSYoungGen: 233867K->930K(228032K)] 435975K->203127K(915008K), 0.0051510 secs] [Times: user=0.01 sys=0.00, real=0.01 secs] 
2014-07-08T23:58:21.920+0000: 1289.883: [GC [PSYoungGen: 228002K->948K(222720K)] 430199K->203169K(909696K), 0.0134050 secs] [Times: user=0.05 sys=0.00, real=0.01 secs] 
2014-07-08T23:58:22.933+0000: 1290.896: [GC [PSYoungGen: 222684K->1062K(217728K)] 424905K->203331K(904704K), 0.0079740 secs] [Times: user=0.03 sys=0.00, real=0.01 secs] 
2014-07-08T23:58:23.936+0000: 1291.899: [GC [PSYoungGen: 217682K->1232K(261248K)] 419951K->203525K(948224K), 0.0164670 secs] [Times: user=0.06 sys=0.00, real=0.01 secs] 
2014-07-08T23:58:25.116+0000: 1293.079: [GC [PSYoungGen: 261200K->882K(254400K)] 463493K->203934K(941376K), 0.0074870 secs] [Times: user=0.01 sys=0.00, real=0.00 secs] 
2014-07-08T23:58:26.294+0000: 1294.257: [GC [PSYoungGen: 254386K->1326K(305600K)] 457438K->204394K(992576K), 0.0152600 secs] [Times: user=0.05 sys=0.01, real=0.02 secs] 
2014-07-08T23:58:27.682+0000: 1295.645: [GC [PSYoungGen: 305542K->1172K(366336K)] 508610K->204526K(1053312K), 0.0178360 secs] [Times: user=0.07 sys=0.00, real=0.02 secs] 
2014-07-08T23:58:29.363+0000: 1297.326: [GC [PSYoungGen: 366292K->1424K(355904K)] 569646K->204842K(1042880K), 0.0099110 secs] [Times: user=0.04 sys=0.00, real=0.01 secs] 
2014-07-08T23:58:30.979+0000: 1298.942: [GC [PSYoungGen: 355856K->688K(426048K)] 559274K->204390K(1113024K), 0.0222480 secs] [Times: user=0.08 sys=0.00, real=0.02 secs] 
2014-07-08T23:58:32.894+0000: 1300.857: [GC [PSYoungGen: 426032K->1346K(413568K)] 629734K->205096K(1100544K), 0.0066540 secs] [Times: user=0.02 sys=0.00, real=0.01 secs] 
2014-07-08T23:58:34.777+0000: 1302.740: [GC [PSYoungGen: 413506K->1012K(400512K)] 617256K->204900K(1087488K), 0.0086450 secs] [Times: user=0.01 sys=0.00, real=0.00 secs] 
2014-07-08T23:58:36.603+0000: 1304.566: [GC [PSYoungGen: 400497K->1368K(388800K)] 604385K->205304K(1075776K), 0.0050530 secs] [Times: user=0.02 sys=0.00, real=0.01 secs] 
2014-07-08T23:58:38.385+0000: 1306.347: [GC [PSYoungGen: 388760K->1086K(376896K)] 592696K->205232K(1063872K), 0.0086970 secs] [Times: user=0.03 sys=0.00, real=0.01 secs] 
2014-07-08T23:58:40.110+0000: 1308.073: [GC [PSYoungGen: 376894K->1268K(365952K)] 581040K->205462K(1052928K), 0.0079740 secs] [Times: user=0.03 sys=0.00, real=0.01 secs] 
2014-07-08T23:58:41.800+0000: 1309.763: [GC [PSYoungGen: 365940K->994K(355072K)] 570134K->205318K(1042048K), 0.0136930 secs] [Times: user=0.06 sys=0.00, real=0.01 secs] 
2014-07-08T23:58:43.439+0000: 1311.402: [GC [PSYoungGen: 355013K->1172K(345024K)] 559338K->205528K(1032000K), 0.0069320 secs] [Times: user=0.01 sys=0.00, real=0.00 secs] 
2014-07-08T23:58:45.037+0000: 1313.000: [GC [PSYoungGen: 344942K->1108K(335168K)] 549298K->205512K(1022144K), 0.0112560 secs] [Times: user=0.04 sys=0.00, real=0.02 secs] 
2014-07-08T23:58:46.558+0000: 1314.521: [GC [PSYoungGen: 335124K->1140K(325760K)] 539528K->205568K(1012736K), 0.0149520 secs] [Times: user=0.05 sys=0.00, real=0.02 secs] 
2014-07-08T23:58:48.050+0000: 1316.013: [GC [PSYoungGen: 325748K->930K(316544K)] 530176K->205512K(1003520K), 0.0038430 secs] [Times: user=0.01 sys=0.00, real=0.00 secs] 
2014-07-08T23:58:49.487+0000: 1317.450: [GC [PSYoungGen: 316483K->1428K(308416K)] 521065K->206058K(995392K), 0.0087220 secs] [Times: user=0.03 sys=0.00, real=0.01 secs] 
2014-07-08T23:58:50.905+0000: 1318.868: [GC [PSYoungGen: 308372K->684K(299328K)] 513002K->205668K(986304K), 0.0048980 secs] [Times: user=0.02 sys=0.00, real=0.01 secs] 
2014-07-08T23:58:52.277+0000: 1320.240: [GC [PSYoungGen: 299308K->1194K(291840K)] 504292K->206210K(978816K), 0.0079420 secs] [Times: user=0.02 sys=0.00, real=0.01 secs] 
2014-07-08T23:58:53.607+0000: 1321.569: [GC [PSYoungGen: 291797K->980K(283968K)] 496813K->206218K(970944K), 0.0074710 secs] [Times: user=0.03 sys=0.00, real=0.01 secs] 
2014-07-08T23:58:54.889+0000: 1322.852: [GC [PSYoungGen: 283917K->1130K(276736K)] 489156K->206384K(963712K), 0.0092080 secs] [Times: user=0.02 sys=0.00, real=0.01 secs] 
2014-07-08T23:58:56.147+0000: 1324.110: [GC [PSYoungGen: 276690K->1076K(269568K)] 481944K->206436K(956544K), 0.0102280 secs] [Times: user=0.03 sys=0.00, real=0.01 secs] 
2014-07-08T23:58:57.374+0000: 1325.337: [GC [PSYoungGen: 269513K->1140K(262784K)] 474874K->206604K(949760K), 0.0095710 secs] [Times: user=0.04 sys=0.00, real=0.01 secs] 
2014-07-08T23:58:58.572+0000: 1326.535: [GC [PSYoungGen: 262753K->880K(256000K)] 468217K->206550K(942976K), 0.0056310 secs] [Times: user=0.02 sys=0.00, real=0.00 secs] 
2014-07-08T23:58:59.741+0000: 1327.704: [GC [PSYoungGen: 255983K->1378K(250176K)] 461654K->207096K(937152K), 0.0172800 secs] [Times: user=0.05 sys=0.00, real=0.01 secs] 
2014-07-08T23:59:00.879+0000: 1328.842: [GC [PSYoungGen: 250139K->702K(243392K)] 455858K->206724K(930368K), 0.0041920 secs] [Times: user=0.01 sys=0.00, real=0.01 secs] 
2014-07-08T23:59:01.992+0000: 1329.955: [GC [PSYoungGen: 243353K->1340K(238208K)] 449376K->207410K(925184K), 0.0080690 secs] [Times: user=0.03 sys=0.00, real=0.00 secs] 
2014-07-08T23:59:03.065+0000: 1331.028: [GC [PSYoungGen: 238119K->1080K(232320K)] 444190K->207478K(919296K), 0.0051260 secs] [Times: user=0.02 sys=0.00, real=0.01 secs] 
2014-07-08T23:59:04.113+0000: 1332.076: [GC [PSYoungGen: 232282K->1126K(226944K)] 438680K->207556K(913920K), 0.0102470 secs] [Times: user=0.03 sys=0.00, real=0.01 secs] 
2014-07-08T23:59:05.167+0000: 1333.130: [GC [PSYoungGen: 226918K->1012K(272000K)] 433348K->207506K(958976K), 0.0248090 secs] [Times: user=0.08 sys=0.00, real=0.03 secs] 
2014-07-08T23:59:06.392+0000: 1334.355: [GC [PSYoungGen: 271936K->1435K(326656K)] 478431K->207962K(1013632K), 0.0214580 secs] [Times: user=0.08 sys=0.00, real=0.02 secs] 
2014-07-08T23:59:07.857+0000: 1335.820: [GC [PSYoungGen: 326619K->752K(391040K)] 533146K->207602K(1078016K), 0.0068910 secs] [Times: user=0.01 sys=0.00, real=0.01 secs] 
2014-07-08T23:59:09.640+0000: 1337.603: [GC [PSYoungGen: 390991K->1272K(379840K)] 597842K->208170K(1066816K), 0.0065720 secs] [Times: user=0.02 sys=0.01, real=0.01 secs] 
2014-07-08T23:59:11.387+0000: 1339.350: [GC [PSYoungGen: 379832K->1108K(368512K)] 586730K->208128K(1055488K), 0.0047660 secs] [Times: user=0.01 sys=0.00, real=0.00 secs] 
2014-07-08T23:59:13.080+0000: 1341.043: [GC [PSYoungGen: 368468K->1236K(357888K)] 575488K->208296K(1044864K), 0.0135530 secs] [Times: user=0.04 sys=0.00, real=0.02 secs] 
2014-07-08T23:59:14.716+0000: 1342.679: [GC [PSYoungGen: 357844K->802K(347136K)] 564904K->208173K(1034112K), 0.0066270 secs] [Times: user=0.01 sys=0.00, real=0.01 secs] 
2014-07-08T23:59:16.306+0000: 1344.269: [GC [PSYoungGen: 347080K->1528K(337920K)] 554451K->208939K(1024896K), 0.0039780 secs] [Times: user=0.01 sys=0.00, real=0.00 secs] 
2014-07-08T23:59:17.825+0000: 1345.788: [GC [PSYoungGen: 337912K->766K(327680K)] 545323K->208857K(1014656K), 0.0068460 secs] [Times: user=0.02 sys=0.00, real=0.00 secs] 
2014-07-08T23:59:19.341+0000: 1347.304: [GC [PSYoungGen: 327676K->1262K(319104K)] 535768K->209401K(1006080K), 0.0109450 secs] [Times: user=0.04 sys=0.00, real=0.01 secs] 
2014-07-08T23:59:20.810+0000: 1348.773: [GC [PSYoungGen: 319086K->1012K(310080K)] 527225K->209357K(997056K), 0.0116100 secs] [Times: user=0.04 sys=0.00, real=0.01 secs] 
2014-07-08T23:59:22.205+0000: 1350.168: [GC [PSYoungGen: 310068K->1044K(301760K)] 518413K->209445K(988736K), 0.0120460 secs] [Times: user=0.04 sys=0.00, real=0.01 secs] 
2014-07-08T23:59:23.558+0000: 1351.521: [GC [PSYoungGen: 301716K->1200K(293824K)] 510117K->209634K(980800K), 0.0033380 secs] [Times: user=0.01 sys=0.00, real=0.00 secs] 
2014-07-08T23:59:24.909+0000: 1352.872: [GC [PSYoungGen: 293808K->1200K(286080K)] 502242K->209673K(973056K), 0.0141190 secs] [Times: user=0.05 sys=0.00, real=0.01 secs] 
2014-07-08T23:59:26.219+0000: 1354.182: [GC [PSYoungGen: 286064K->816K(278272K)] 494537K->209517K(965248K), 0.0168360 secs] [Times: user=0.05 sys=0.00, real=0.02 secs] 
2014-07-08T23:59:27.470+0000: 1355.433: [GC [PSYoungGen: 278256K->1524K(271808K)] 486957K->210364K(958784K), 0.0044170 secs] [Times: user=0.02 sys=0.00, real=0.01 secs] 
2014-07-08T23:59:28.713+0000: 1356.676: [GC [PSYoungGen: 271795K->752K(264128K)] 480635K->209949K(951104K), 0.0174170 secs] [Times: user=0.05 sys=0.00, real=0.02 secs] 
2014-07-08T23:59:29.914+0000: 1357.877: [GC [PSYoungGen: 264099K->1194K(257984K)] 473297K->210423K(944960K), 0.0091090 secs] [Times: user=0.03 sys=0.00, real=0.00 secs] 
2014-07-08T23:59:31.081+0000: 1359.044: [GC [PSYoungGen: 257960K->1044K(251456K)] 467190K->210503K(938432K), 0.0101480 secs] [Times: user=0.04 sys=0.00, real=0.01 secs] 
2014-07-08T23:59:32.227+0000: 1360.190: [GC [PSYoungGen: 251412K->1200K(245440K)] 460871K->210708K(932416K), 0.0088610 secs] [Times: user=0.03 sys=0.00, real=0.01 secs] 
2014-07-08T23:59:33.352+0000: 1361.315: [GC [PSYoungGen: 245379K->1065K(239424K)] 454887K->210801K(926400K), 0.0074850 secs] [Times: user=0.02 sys=0.00, real=0.01 secs] 
2014-07-08T23:59:34.461+0000: 1362.424: [GC [PSYoungGen: 239401K->1094K(233792K)] 449137K->210904K(920768K), 0.0044950 secs] [Times: user=0.01 sys=0.00, real=0.01 secs] 
2014-07-08T23:59:35.555+0000: 1363.518: [GC [PSYoungGen: 233688K->998K(228160K)] 443498K->210978K(915136K), 0.0131150 secs] [Times: user=0.04 sys=0.01, real=0.01 secs] 
2014-07-08T23:59:36.595+0000: 1364.558: [GC [PSYoungGen: 228088K->1140K(222976K)] 438068K->211176K(909952K), 0.0091240 secs] [Times: user=0.03 sys=0.00, real=0.01 secs] 
2014-07-08T23:59:37.599+0000: 1365.562: [GC [PSYoungGen: 222963K->940K(217664K)] 432999K->211300K(904640K), 0.0154900 secs] [Times: user=0.06 sys=0.00, real=0.01 secs] 
2014-07-08T23:59:38.587+0000: 1366.550: [GC [PSYoungGen: 217644K->1300K(213120K)] 428004K->211742K(900096K), 0.0100220 secs] [Times: user=0.03 sys=0.00, real=0.01 secs] 
2014-07-08T23:59:39.559+0000: 1367.522: [GC [PSYoungGen: 213076K->816K(207872K)] 423518K->211562K(894848K), 0.0089200 secs] [Times: user=0.03 sys=0.00, real=0.01 secs] 
2014-07-08T23:59:40.521+0000: 1368.484: [GC [PSYoungGen: 207856K->1204K(249664K)] 418602K->211982K(936640K), 0.0291350 secs] [Times: user=0.10 sys=0.00, real=0.03 secs] 
2014-07-08T23:59:41.682+0000: 1369.645: [GC [PSYoungGen: 249652K->948K(299136K)] 460430K->211766K(986112K), 0.0053100 secs] [Times: user=0.02 sys=0.00, real=0.01 secs] 
2014-07-08T23:59:43.060+0000: 1371.023: [GC [PSYoungGen: 299124K->1452K(359296K)] 509942K->212318K(1046272K), 0.0244450 secs] [Times: user=0.08 sys=0.00, real=0.02 secs] 
2014-07-08T23:59:44.710+0000: 1372.672: [GC [PSYoungGen: 359276K->698K(430144K)] 570142K->211918K(1117120K), 0.0034450 secs] [Times: user=0.01 sys=0.00, real=0.00 secs] 
2014-07-08T23:59:46.660+0000: 1374.623: [GC [PSYoungGen: 430138K->1208K(417280K)] 641358K->212460K(1104256K), 0.0094020 secs] [Times: user=0.03 sys=0.00, real=0.01 secs] 
2014-07-08T23:59:48.578+0000: 1376.540: [GC [PSYoungGen: 417263K->948K(404224K)] 628515K->212420K(1091200K), 0.0037330 secs] [Times: user=0.01 sys=0.00, real=0.00 secs] 
2014-07-08T23:59:50.446+0000: 1378.409: [GC [PSYoungGen: 404212K->1208K(392192K)] 615684K->212728K(1079168K), 0.0108670 secs] [Times: user=0.04 sys=0.00, real=0.01 secs] 
2014-07-08T23:59:52.225+0000: 1380.188: [GC [PSYoungGen: 392184K->948K(380160K)] 603704K->212676K(1067136K), 0.0203380 secs] [Times: user=0.06 sys=0.00, real=0.02 secs] 
2014-07-08T23:59:53.964+0000: 1381.927: [GC [PSYoungGen: 380127K->1126K(369088K)] 591855K->212886K(1056064K), 0.0043130 secs] [Times: user=0.01 sys=0.00, real=0.01 secs] 
2014-07-08T23:59:55.640+0000: 1383.603: [GC [PSYoungGen: 369026K->880K(358016K)] 580786K->212852K(1044992K), 0.0145190 secs] [Times: user=0.06 sys=0.00, real=0.01 secs] 
2014-07-08T23:59:57.269+0000: 1385.232: [GC [PSYoungGen: 357951K->1460K(348224K)] 569923K->213488K(1035200K), 0.0271720 secs] [Times: user=0.09 sys=0.00, real=0.02 secs] 
2014-07-08T23:59:58.855+0000: 1386.818: [GC [PSYoungGen: 348194K->638K(337472K)] 560222K->213064K(1024448K), 0.0090630 secs] [Times: user=0.03 sys=0.01, real=0.01 secs] 
2014-07-09T00:00:00.398+0000: 1388.361: [GC [PSYoungGen: 337426K->1443K(328768K)] 549853K->213893K(1015744K), 0.0042690 secs] [Times: user=0.02 sys=0.00, real=0.01 secs] 
2014-07-09T00:00:01.887+0000: 1389.850: [GC [PSYoungGen: 328739K->1012K(319168K)] 541189K->213642K(1006144K), 0.0121330 secs] [Times: user=0.05 sys=0.00, real=0.02 secs] 
2014-07-09T00:00:03.352+0000: 1391.315: [GC [PSYoungGen: 319152K->1158K(310592K)] 531782K->213828K(997568K), 0.0115400 secs] [Times: user=0.03 sys=0.01, real=0.01 secs] 
2014-07-09T00:00:04.802+0000: 1392.765: [GC [PSYoungGen: 310498K->1008K(302016K)] 523168K->213900K(988992K), 0.0189390 secs] [Times: user=0.06 sys=0.00, real=0.02 secs] 
2014-07-09T00:00:06.195+0000: 1394.158: [GC [PSYoungGen: 302000K->1062K(294016K)] 514892K->213978K(980992K), 0.0051560 secs] [Times: user=0.02 sys=0.00, real=0.01 secs] 
2014-07-09T00:00:07.541+0000: 1395.504: [GC [PSYoungGen: 293990K->1012K(286208K)] 506906K->214124K(973184K), 0.0041270 secs] [Times: user=0.02 sys=0.00, real=0.00 secs] 
2014-07-09T00:00:08.833+0000: 1396.796: [GC [PSYoungGen: 286159K->1094K(278848K)] 499271K->214270K(965824K), 0.0099560 secs] [Times: user=0.04 sys=0.00, real=0.01 secs] 
2014-07-09T00:00:10.121+0000: 1398.083: [GC [PSYoungGen: 278754K->940K(271488K)] 491930K->214410K(958464K), 0.0130690 secs] [Times: user=0.04 sys=0.00, real=0.02 secs] 
2014-07-09T00:00:11.340+0000: 1399.303: [GC [PSYoungGen: 271468K->1126K(264768K)] 484938K->214620K(951744K), 0.0148380 secs] [Times: user=0.05 sys=0.00, real=0.02 secs] 
2014-07-09T00:00:12.541+0000: 1400.504: [GC [PSYoungGen: 264658K->883K(257856K)] 478153K->214797K(944832K), 0.0147770 secs] [Times: user=0.05 sys=0.01, real=0.01 secs] 
2014-07-09T00:00:13.728+0000: 1401.691: [GC [PSYoungGen: 257843K->1112K(251712K)] 471757K->215058K(938688K), 0.0044930 secs] [Times: user=0.01 sys=0.00, real=0.01 secs] 
2014-07-09T00:00:14.871+0000: 1402.833: [GC [PSYoungGen: 251668K->944K(245376K)] 465614K->215146K(932352K), 0.0057350 secs] [Times: user=0.01 sys=0.00, real=0.01 secs] 
2014-07-09T00:00:15.987+0000: 1403.950: [GC [PSYoungGen: 245358K->1076K(239616K)] 459560K->215294K(926592K), 0.0122670 secs] [Times: user=0.04 sys=0.00, real=0.01 secs] 
2014-07-09T00:00:17.083+0000: 1405.046: [GC [PSYoungGen: 239511K->940K(233792K)] 453729K->215511K(920768K), 0.0145570 secs] [Times: user=0.05 sys=0.00, real=0.01 secs] 
2014-07-09T00:00:18.151+0000: 1406.114: [GC [PSYoungGen: 233772K->1226K(228608K)] 448343K->215861K(915584K), 0.0063990 secs] [Times: user=0.02 sys=0.00, real=0.01 secs] 
2014-07-09T00:00:19.195+0000: 1407.158: [GC [PSYoungGen: 228512K->766K(222784K)] 443146K->215921K(909760K), 0.0077890 secs] [Times: user=0.02 sys=0.00, real=0.01 secs] 
2014-07-09T00:00:20.217+0000: 1408.180: [GC [PSYoungGen: 222776K->1404K(218304K)] 437931K->216599K(905280K), 0.0131200 secs] [Times: user=0.04 sys=0.00, real=0.01 secs] 
2014-07-09T00:00:21.229+0000: 1409.192: [GC [PSYoungGen: 218273K->816K(212800K)] 433468K->216415K(899776K), 0.0049750 secs] [Times: user=0.02 sys=0.00, real=0.01 secs] 
2014-07-09T00:00:22.188+0000: 1410.151: [GC [PSYoungGen: 212784K->1080K(208320K)] 428383K->216703K(895296K), 0.0040930 secs] [Times: user=0.01 sys=0.00, real=0.00 secs] 
2014-07-09T00:00:23.132+0000: 1411.095: [GC [PSYoungGen: 208307K->1214K(203840K)] 423930K->217101K(890816K), 0.0080090 secs] [Times: user=0.03 sys=0.00, real=0.01 secs] 
2014-07-09T00:00:24.067+0000: 1412.030: [GC [PSYoungGen: 203838K->948K(199168K)] 419725K->216843K(886144K), 0.0073910 secs] [Times: user=0.01 sys=0.00, real=0.01 secs] 
2014-07-09T00:00:24.951+0000: 1412.914: [GC [PSYoungGen: 199137K->1012K(238912K)] 415032K->216947K(925888K), 0.0207090 secs] [Times: user=0.08 sys=0.00, real=0.02 secs] 
2014-07-09T00:00:26.034+0000: 1413.997: [GC [PSYoungGen: 238900K->1012K(286528K)] 454835K->216979K(973504K), 0.0153060 secs] [Times: user=0.05 sys=0.00, real=0.01 secs] 
2014-07-09T00:00:27.350+0000: 1415.312: [GC [PSYoungGen: 286514K->1044K(343744K)] 502481K->217075K(1030720K), 0.0059880 secs] [Times: user=0.01 sys=0.00, real=0.01 secs] 
2014-07-09T00:00:28.923+0000: 1416.886: [GC [PSYoungGen: 343700K->1012K(333952K)] 559731K->217107K(1020928K), 0.0032530 secs] [Times: user=0.01 sys=0.00, real=0.00 secs] 
2014-07-09T00:00:30.447+0000: 1418.410: [GC [PSYoungGen: 333918K->1012K(324608K)] 550013K->217187K(1011584K), 0.0157480 secs] [Times: user=0.05 sys=0.00, real=0.01 secs] 
2014-07-09T00:00:31.909+0000: 1419.872: [GC [PSYoungGen: 324596K->1094K(315776K)] 540771K->217301K(1002752K), 0.0042090 secs] [Times: user=0.01 sys=0.00, real=0.00 secs] 
2014-07-09T00:00:33.363+0000: 1421.326: [GC [PSYoungGen: 315670K->948K(306944K)] 531877K->217311K(993920K), 0.0121320 secs] [Times: user=0.05 sys=0.00, real=0.02 secs] 
2014-07-09T00:00:34.768+0000: 1422.731: [GC [PSYoungGen: 306920K->1076K(298816K)] 523283K->217487K(985792K), 0.0036290 secs] [Times: user=0.02 sys=0.00, real=0.00 secs] 
2014-07-09T00:00:36.110+0000: 1424.073: [GC [PSYoungGen: 298769K->948K(290752K)] 515181K->217547K(977728K), 0.0088800 secs] [Times: user=0.03 sys=0.00, real=0.01 secs] 
2014-07-09T00:00:37.436+0000: 1425.398: [GC [PSYoungGen: 290724K->1403K(283584K)] 507323K->218133K(970560K), 0.0108620 secs] [Times: user=0.03 sys=0.00, real=0.01 secs] 
2014-07-09T00:00:38.731+0000: 1426.694: [GC [PSYoungGen: 283550K->510K(275328K)] 500279K->217907K(962304K), 0.0044070 secs] [Times: user=0.00 sys=0.00, real=0.01 secs] 
2014-07-09T00:00:39.993+0000: 1427.956: [GC [PSYoungGen: 275278K->1404K(269184K)] 492676K->218883K(956160K), 0.0040030 secs] [Times: user=0.01 sys=0.00, real=0.01 secs] 
2014-07-09T00:00:41.203+0000: 1429.166: [GC [PSYoungGen: 269164K->1140K(262144K)] 486644K->218979K(949120K), 0.0092980 secs] [Times: user=0.04 sys=0.00, real=0.01 secs] 
2014-07-09T00:00:42.388+0000: 1430.351: [GC [PSYoungGen: 262105K->1236K(255744K)] 479944K->219115K(942720K), 0.0156190 secs] [Times: user=0.05 sys=0.00, real=0.01 secs] 
2014-07-09T00:00:43.518+0000: 1431.480: [GC [PSYoungGen: 255700K->702K(248896K)] 473579K->218883K(935872K), 0.0057220 secs] [Times: user=0.01 sys=0.00, real=0.00 secs] 
2014-07-09T00:00:44.651+0000: 1432.614: [GC [PSYoungGen: 248894K->1492K(243648K)] 467075K->219756K(930624K), 0.0131760 secs] [Times: user=0.04 sys=0.00, real=0.01 secs] 
2014-07-09T00:00:45.734+0000: 1433.696: [GC [PSYoungGen: 243597K->880K(237184K)] 461860K->219505K(924160K), 0.0103550 secs] [Times: user=0.03 sys=0.00, real=0.01 secs] 
2014-07-09T00:00:46.822+0000: 1434.785: [GC [PSYoungGen: 237168K->1158K(231872K)] 455793K->219840K(918848K), 0.0101290 secs] [Times: user=0.03 sys=0.01, real=0.01 secs] 
2014-07-09T00:00:47.892+0000: 1435.854: [GC [PSYoungGen: 231814K->1150K(226368K)] 450496K->220028K(913344K), 0.0042610 secs] [Times: user=0.01 sys=0.00, real=0.01 secs] 
2014-07-09T00:00:48.925+0000: 1436.888: [GC [PSYoungGen: 226366K->1250K(221248K)] 445244K->220168K(908224K), 0.0101950 secs] [Times: user=0.04 sys=0.00, real=0.01 secs] 
2014-07-09T00:00:49.913+0000: 1437.876: [GC [PSYoungGen: 221218K->816K(215744K)] 440136K->219996K(902720K), 0.0095770 secs] [Times: user=0.03 sys=0.00, real=0.01 secs] 
2014-07-09T00:00:50.896+0000: 1438.859: [GC [PSYoungGen: 215728K->1194K(211264K)] 434908K->220406K(898240K), 0.0095360 secs] [Times: user=0.03 sys=0.00, real=0.01 secs] 
2014-07-09T00:00:51.852+0000: 1439.815: [GC [PSYoungGen: 211240K->948K(206336K)] 430452K->220300K(893312K), 0.0050470 secs] [Times: user=0.01 sys=0.00, real=0.00 secs] 
2014-07-09T00:00:52.806+0000: 1440.769: [GC [PSYoungGen: 206324K->1264K(202112K)] 425676K->220648K(889088K), 0.0093710 secs] [Times: user=0.03 sys=0.00, real=0.01 secs] 
2014-07-09T00:00:53.734+0000: 1441.697: [GC [PSYoungGen: 202095K->880K(197376K)] 421478K->220460K(884352K), 0.0079990 secs] [Times: user=0.03 sys=0.00, real=0.01 secs] 
2014-07-09T00:00:54.591+0000: 1442.554: [GC [PSYoungGen: 197323K->1315K(193600K)] 416903K->220927K(880576K), 0.0122270 secs] [Times: user=0.04 sys=0.00, real=0.01 secs] 
2014-07-09T00:00:55.490+0000: 1443.453: [GC [PSYoungGen: 193571K->890K(189056K)] 413183K->220880K(876032K), 0.0071720 secs] [Times: user=0.02 sys=0.00, real=0.00 secs] 
2014-07-09T00:00:56.353+0000: 1444.316: [GC [PSYoungGen: 189050K->1176K(227008K)] 409040K->221214K(913984K), 0.0224030 secs] [Times: user=0.08 sys=0.00, real=0.02 secs] 
2014-07-09T00:00:57.382+0000: 1445.345: [GC [PSYoungGen: 226968K->1012K(272000K)] 447006K->221294K(958976K), 0.0088880 secs] [Times: user=0.03 sys=0.00, real=0.01 secs] 
2014-07-09T00:00:58.613+0000: 1446.576: [GC [PSYoungGen: 271984K->1264K(326464K)] 492266K->221594K(1013440K), 0.0102280 secs] [Times: user=0.04 sys=0.00, real=0.01 secs] 
2014-07-09T00:01:00.121+0000: 1448.084: [GC [PSYoungGen: 326448K->808K(391104K)] 546778K->221562K(1078080K), 0.0132840 secs] [Times: user=0.05 sys=0.00, real=0.01 secs] 
2014-07-09T00:01:01.913+0000: 1449.876: [GC [PSYoungGen: 391080K->1194K(379776K)] 611834K->221972K(1066752K), 0.0039110 secs] [Times: user=0.01 sys=0.00, real=0.00 secs] 
2014-07-09T00:01:03.664+0000: 1451.627: [GC [PSYoungGen: 379722K->944K(368320K)] 600500K->222102K(1055296K), 0.0121900 secs] [Times: user=0.04 sys=0.00, real=0.01 secs] 
2014-07-09T00:01:05.369+0000: 1453.332: [GC [PSYoungGen: 368269K->1108K(357760K)] 589428K->222306K(1044736K), 0.0077720 secs] [Times: user=0.02 sys=0.01, real=0.00 secs] 
2014-07-09T00:01:06.994+0000: 1454.956: [GC [PSYoungGen: 357716K->866K(347200K)] 578914K->222218K(1034176K), 0.0127110 secs] [Times: user=0.05 sys=0.00, real=0.01 secs] 
2014-07-09T00:01:08.601+0000: 1456.564: [GC [PSYoungGen: 347170K->980K(337408K)] 568522K->222412K(1024384K), 0.0184410 secs] [Times: user=0.07 sys=0.00, real=0.01 secs] 
2014-07-09T00:01:10.146+0000: 1458.109: [GC [PSYoungGen: 337364K->1080K(328000K)] 558796K->222576K(1014976K), 0.0051950 secs] [Times: user=0.01 sys=0.00, real=0.01 secs] 
2014-07-09T00:01:11.659+0000: 1459.622: [GC [PSYoungGen: 327972K->1012K(318848K)] 549469K->222532K(1005824K), 0.0040370 secs] [Times: user=0.01 sys=0.00, real=0.01 secs] 
2014-07-09T00:01:13.113+0000: 1461.076: [GC [PSYoungGen: 318832K->876K(309952K)] 540353K->222901K(996928K), 0.0154280 secs] [Times: user=0.05 sys=0.00, real=0.01 secs] 
2014-07-09T00:01:14.536+0000: 1462.499: [GC [PSYoungGen: 309932K->1208K(301888K)] 531957K->223265K(988864K), 0.0153460 secs] [Times: user=0.05 sys=0.00, real=0.02 secs] 
2014-07-09T00:01:15.906+0000: 1463.869: [GC [PSYoungGen: 301880K->998K(293632K)] 523937K->223357K(980608K), 0.0199060 secs] [Times: user=0.08 sys=0.00, real=0.02 secs] 
2014-07-09T00:01:17.246+0000: 1465.209: [GC [PSYoungGen: 293606K->1254K(286144K)] 515965K->223701K(973120K), 0.0078930 secs] [Times: user=0.01 sys=0.01, real=0.01 secs] 
2014-07-09T00:01:18.536+0000: 1466.499: [GC [PSYoungGen: 286118K->816K(278272K)] 508565K->223541K(965248K), 0.0090270 secs] [Times: user=0.02 sys=0.00, real=0.01 secs] 
2014-07-09T00:01:19.814+0000: 1467.777: [GC [PSYoungGen: 278256K->1176K(271488K)] 500981K->223965K(958464K), 0.0106430 secs] [Times: user=0.04 sys=0.00, real=0.01 secs] 
2014-07-09T00:01:21.039+0000: 1469.002: [GC [PSYoungGen: 271448K->951K(264320K)] 494237K->224142K(951296K), 0.0076680 secs] [Times: user=0.03 sys=0.00, real=0.01 secs] 
2014-07-09T00:01:22.250+0000: 1470.213: [GC [PSYoungGen: 264311K->1468K(258240K)] 487502K->224675K(945216K), 0.0049220 secs] [Times: user=0.02 sys=0.00, real=0.01 secs] 
2014-07-09T00:01:23.430+0000: 1471.393: [GC [PSYoungGen: 258199K->702K(251072K)] 481406K->224451K(938048K), 0.0059840 secs] [Times: user=0.02 sys=0.00, real=0.01 secs] 
2014-07-09T00:01:24.568+0000: 1472.531: [GC [PSYoungGen: 251070K->1144K(245376K)] 474819K->224925K(932352K), 0.0060880 secs] [Times: user=0.02 sys=0.00, real=0.01 secs] 
2014-07-09T00:01:25.696+0000: 1473.659: [GC [PSYoungGen: 245355K->1263K(239616K)] 469137K->225463K(926592K), 0.0192000 secs] [Times: user=0.07 sys=0.00, real=0.02 secs] 
2014-07-09T00:01:26.783+0000: 1474.746: [GC [PSYoungGen: 239599K->1446K(234112K)] 463799K->225717K(921088K), 0.0119450 secs] [Times: user=0.04 sys=0.00, real=0.01 secs] 
2014-07-09T00:01:27.861+0000: 1475.824: [GC [PSYoungGen: 234051K->638K(279808K)] 458322K->225441K(966784K), 0.0149450 secs] [Times: user=0.05 sys=0.00, real=0.02 secs] 
2014-07-09T00:01:29.129+0000: 1477.092: [GC [PSYoungGen: 279774K->1595K(336640K)] 504578K->226463K(1023616K), 0.0124420 secs] [Times: user=0.04 sys=0.00, real=0.01 secs] 
2014-07-09T00:01:30.665+0000: 1478.627: [GC [PSYoungGen: 336635K->1122K(326784K)] 561503K->226350K(1013760K), 0.0083470 secs] [Times: user=0.02 sys=0.00, real=0.00 secs] 
2014-07-09T00:01:32.167+0000: 1480.129: [GC [PSYoungGen: 326753K->948K(317504K)] 551981K->226208K(1004480K), 0.0056190 secs] [Times: user=0.01 sys=0.00, real=0.00 secs] 
2014-07-09T00:01:33.610+0000: 1481.573: [GC [PSYoungGen: 317482K->1222K(309120K)] 542742K->226522K(996096K), 0.0122540 secs] [Times: user=0.05 sys=0.00, real=0.01 secs] 
2014-07-09T00:01:35.017+0000: 1482.980: [GC [PSYoungGen: 309031K->1151K(300672K)] 534331K->226467K(987648K), 0.0052280 secs] [Times: user=0.01 sys=0.00, real=0.00 secs] 
2014-07-09T00:01:36.385+0000: 1484.347: [GC [PSYoungGen: 300655K->1190K(292736K)] 525971K->226538K(979712K), 0.0103040 secs] [Times: user=0.03 sys=0.00, real=0.01 secs] 
2014-07-09T00:01:37.733+0000: 1485.696: [GC [PSYoungGen: 292710K->1328K(285184K)] 518058K->226772K(972160K), 0.0091760 secs] [Times: user=0.03 sys=0.00, real=0.01 secs] 
2014-07-09T00:01:39.021+0000: 1486.984: [GC [PSYoungGen: 285168K->948K(277376K)] 510612K->226504K(964352K), 0.0045730 secs] [Times: user=0.01 sys=0.00, real=0.01 secs] 
2014-07-09T00:01:40.281+0000: 1488.244: [GC [PSYoungGen: 277324K->1300K(270656K)] 502880K->226888K(957632K), 0.0263300 secs] [Times: user=0.09 sys=0.00, real=0.03 secs] 
2014-07-09T00:01:41.494+0000: 1489.457: [GC [PSYoungGen: 270573K->980K(263488K)] 496161K->226600K(950464K), 0.0054710 secs] [Times: user=0.02 sys=0.00, real=0.00 secs] 
2014-07-09T00:01:42.725+0000: 1490.688: [GC [PSYoungGen: 263444K->1520K(316544K)] 489064K->227164K(1003520K), 0.0292380 secs] [Times: user=0.10 sys=0.01, real=0.02 secs] 
2014-07-09T00:01:44.172+0000: 1492.134: [GC [PSYoungGen: 316517K->816K(307200K)] 542161K->226758K(994176K), 0.0052000 secs] [Times: user=0.01 sys=0.00, real=0.01 secs] 
2014-07-09T00:01:45.575+0000: 1493.538: [GC [PSYoungGen: 307184K->1126K(299264K)] 533126K->227100K(986240K), 0.0099970 secs] [Times: user=0.04 sys=0.00, real=0.01 secs] 
2014-07-09T00:01:46.912+0000: 1494.875: [GC [PSYoungGen: 299238K->1076K(291264K)] 525212K->227172K(978240K), 0.0123190 secs] [Times: user=0.04 sys=0.01, real=0.01 secs] 
2014-07-09T00:01:48.248+0000: 1496.211: [GC [PSYoungGen: 291250K->1200K(283712K)] 517346K->227352K(970688K), 0.0039360 secs] [Times: user=0.01 sys=0.00, real=0.00 secs] 
2014-07-09T00:01:49.544+0000: 1497.507: [GC [PSYoungGen: 283693K->1076K(276224K)] 509845K->227324K(963200K), 0.0134810 secs] [Times: user=0.04 sys=0.00, real=0.02 secs] 
2014-07-09T00:01:50.807+0000: 1498.770: [GC [PSYoungGen: 276212K->1204K(331392K)] 502460K->227484K(1018368K), 0.0257690 secs] [Times: user=0.09 sys=0.00, real=0.02 secs] 
2014-07-09T00:01:52.318+0000: 1500.281: [GC [PSYoungGen: 331285K->948K(397184K)] 557565K->227352K(1084160K), 0.0108770 secs] [Times: user=0.02 sys=0.00, real=0.01 secs] 
2014-07-09T00:01:54.140+0000: 1502.103: [GC [PSYoungGen: 397170K->1126K(385408K)] 623574K->227562K(1072384K), 0.0033780 secs] [Times: user=0.01 sys=0.01, real=0.00 secs] 
2014-07-09T00:01:55.881+0000: 1503.844: [GC [PSYoungGen: 385382K->1012K(373824K)] 611818K->227472K(1060800K), 0.0050030 secs] [Times: user=0.01 sys=0.00, real=0.00 secs] 
2014-07-09T00:01:57.603+0000: 1505.566: [GC [PSYoungGen: 373812K->1076K(362880K)] 600272K->227592K(1049856K), 0.0042080 secs] [Times: user=0.01 sys=0.00, real=0.01 secs] 
2014-07-09T00:01:59.284+0000: 1507.247: [GC [PSYoungGen: 362848K->1014K(352256K)] 589364K->227848K(1039232K), 0.0153590 secs] [Times: user=0.05 sys=0.00, real=0.02 secs] 
2014-07-09T00:02:00.896+0000: 1508.859: [GC [PSYoungGen: 352246K->1368K(342528K)] 579080K->228300K(1029504K), 0.0211240 secs] [Times: user=0.06 sys=0.00, real=0.03 secs] 
2014-07-09T00:02:02.472+0000: 1510.435: [GC [PSYoungGen: 342488K->688K(332160K)] 569420K->228076K(1019136K), 0.0244950 secs] [Times: user=0.08 sys=0.01, real=0.02 secs] 
2014-07-09T00:02:03.995+0000: 1511.958: [GC [PSYoungGen: 332109K->1322K(323520K)] 559497K->228758K(1010496K), 0.0104350 secs] [Times: user=0.04 sys=0.00, real=0.01 secs] 
2014-07-09T00:02:05.474+0000: 1513.437: [GC [PSYoungGen: 323463K->1066K(314368K)] 550899K->228738K(1001344K), 0.0059510 secs] [Times: user=0.01 sys=0.00, real=0.01 secs] 
2014-07-09T00:02:06.913+0000: 1514.876: [GC [PSYoungGen: 314346K->1300K(306048K)] 542018K->229013K(993024K), 0.0101630 secs] [Times: user=0.03 sys=0.00, real=0.01 secs] 
2014-07-09T00:02:08.306+0000: 1516.269: [GC [PSYoungGen: 306004K->829K(297344K)] 533717K->229122K(984320K), 0.0212260 secs] [Times: user=0.07 sys=0.00, real=0.02 secs] 
2014-07-09T00:02:09.648+0000: 1517.611: [GC [PSYoungGen: 297341K->1578K(290240K)] 525634K->229934K(977216K), 0.0096960 secs] [Times: user=0.03 sys=0.00, real=0.01 secs] 
2014-07-09T00:02:10.990+0000: 1518.953: [GC [PSYoungGen: 290198K->802K(281856K)] 518555K->229568K(968832K), 0.0079870 secs] [Times: user=0.01 sys=0.00, real=0.00 secs] 
2014-07-09T00:02:12.273+0000: 1520.235: [GC [PSYoungGen: 281826K->1200K(274944K)] 510592K->230007K(961920K), 0.0069510 secs] [Times: user=0.03 sys=0.00, real=0.01 secs] 
2014-07-09T00:02:13.524+0000: 1521.487: [GC [PSYoungGen: 274928K->1200K(267904K)] 503735K->230071K(954880K), 0.0069770 secs] [Times: user=0.02 sys=0.00, real=0.01 secs] 
2014-07-09T00:02:14.767+0000: 1522.730: [GC [PSYoungGen: 267888K->1044K(261056K)] 496759K->229946K(948032K), 0.0134230 secs] [Times: user=0.04 sys=0.00, real=0.02 secs] 
2014-07-09T00:02:15.965+0000: 1523.928: [GC [PSYoungGen: 261002K->1076K(254592K)] 489905K->230034K(941568K), 0.0112450 secs] [Times: user=0.04 sys=0.00, real=0.01 secs] 
2014-07-09T00:02:17.110+0000: 1525.073: [GC [PSYoungGen: 254566K->1264K(248512K)] 483525K->230295K(935488K), 0.0153070 secs] [Times: user=0.05 sys=0.00, real=0.02 secs] 
2014-07-09T00:02:18.247+0000: 1526.210: [GC [PSYoungGen: 248496K->890K(297600K)] 477526K->230222K(984576K), 0.0153200 secs] [Times: user=0.05 sys=0.00, real=0.02 secs] 
2014-07-09T00:02:19.594+0000: 1527.557: [GC [PSYoungGen: 297594K->1222K(290048K)] 526926K->230602K(977024K), 0.0083730 secs] [Times: user=0.03 sys=0.00, real=0.01 secs] 
2014-07-09T00:02:20.938+0000: 1528.901: [GC [PSYoungGen: 289990K->948K(282112K)] 519370K->230450K(969088K), 0.0043910 secs] [Times: user=0.01 sys=0.00, real=0.01 secs] 
2014-07-09T00:02:22.226+0000: 1530.189: [GC [PSYoungGen: 282007K->1257K(275136K)] 511509K->230800K(962112K), 0.0114100 secs] [Times: user=0.04 sys=0.00, real=0.01 secs] 
2014-07-09T00:02:23.470+0000: 1531.432: [GC [PSYoungGen: 275113K->880K(267712K)] 504656K->230562K(954688K), 0.0071310 secs] [Times: user=0.02 sys=0.00, real=0.01 secs] 
2014-07-09T00:02:24.672+0000: 1532.635: [GC [PSYoungGen: 267696K->1296K(261376K)] 497378K->231019K(948352K), 0.0039420 secs] [Times: user=0.01 sys=0.00, real=0.00 secs] 
2014-07-09T00:02:25.874+0000: 1533.837: [GC [PSYoungGen: 261328K->1022K(254528K)] 491051K->230867K(941504K), 0.0256110 secs] [Times: user=0.10 sys=0.00, real=0.02 secs] 
2014-07-09T00:02:27.024+0000: 1534.987: [GC [PSYoungGen: 254526K->1236K(305536K)] 484371K->231168K(992512K), 0.0202680 secs] [Times: user=0.08 sys=0.00, real=0.02 secs] 
2014-07-09T00:02:28.431+0000: 1536.394: [GC [PSYoungGen: 305492K->808K(365952K)] 535424K->231369K(1052928K), 0.0163220 secs] [Times: user=0.05 sys=0.00, real=0.02 secs] 
2014-07-09T00:02:30.097+0000: 1538.060: [GC [PSYoungGen: 365928K->1094K(355584K)] 596489K->231695K(1042560K), 0.0070330 secs] [Times: user=0.03 sys=0.00, real=0.01 secs] 
2014-07-09T00:02:31.715+0000: 1539.678: [GC [PSYoungGen: 355513K->1264K(426624K)] 586114K->232053K(1113600K), 0.0185400 secs] [Times: user=0.06 sys=0.00, real=0.02 secs] 
2014-07-09T00:02:33.658+0000: 1541.621: [GC [PSYoungGen: 426558K->1030K(413248K)] 657348K->231843K(1100224K), 0.0044630 secs] [Times: user=0.01 sys=0.00, real=0.01 secs] 
2014-07-09T00:02:35.546+0000: 1543.509: [GC [PSYoungGen: 413190K->866K(400384K)] 644003K->231933K(1087360K), 0.0091720 secs] [Times: user=0.01 sys=0.01, real=0.01 secs] 
2014-07-09T00:02:37.396+0000: 1545.359: [GC [PSYoungGen: 400326K->1258K(388672K)] 631393K->232381K(1075648K), 0.0118090 secs] [Times: user=0.04 sys=0.00, real=0.01 secs] 
2014-07-09T00:02:39.186+0000: 1547.149: [GC [PSYoungGen: 388650K->948K(376768K)] 619773K->232449K(1063744K), 0.0047100 secs] [Times: user=0.01 sys=0.00, real=0.00 secs] 
2014-07-09T00:02:40.926+0000: 1548.889: [GC [PSYoungGen: 376756K->1390K(366080K)] 608257K->232939K(1053056K), 0.0266100 secs] [Times: user=0.08 sys=0.00, real=0.02 secs] 
2014-07-09T00:02:42.603+0000: 1550.566: [GC [PSYoungGen: 366062K->752K(354816K)] 597611K->232645K(1041792K), 0.0061270 secs] [Times: user=0.01 sys=0.01, real=0.01 secs] 
2014-07-09T00:02:44.247+0000: 1552.210: [GC [PSYoungGen: 354761K->1435K(345280K)] 586654K->233403K(1032256K), 0.0155340 secs] [Times: user=0.06 sys=0.00, real=0.01 secs] 
2014-07-09T00:02:45.829+0000: 1553.792: [GC [PSYoungGen: 345243K->1012K(335040K)] 577211K->233117K(1022016K), 0.0093410 secs] [Times: user=0.03 sys=0.00, real=0.01 secs] 
2014-07-09T00:02:47.388+0000: 1555.351: [GC [PSYoungGen: 335028K->1300K(325952K)] 567133K->233485K(1012928K), 0.0085260 secs] [Times: user=0.03 sys=0.01, real=0.01 secs] 
2014-07-09T00:02:48.871+0000: 1556.834: [GC [PSYoungGen: 325894K->1004K(316608K)] 558080K->233402K(1003584K), 0.0089100 secs] [Times: user=0.02 sys=0.01, real=0.01 secs] 
2014-07-09T00:02:50.329+0000: 1558.292: [GC [PSYoungGen: 316588K->1410K(308416K)] 548986K->233864K(995392K), 0.0161030 secs] [Times: user=0.05 sys=0.00, real=0.02 secs] 
2014-07-09T00:02:51.731+0000: 1559.694: [GC [PSYoungGen: 308354K->752K(299392K)] 540808K->233688K(986368K), 0.0170170 secs] [Times: user=0.05 sys=0.00, real=0.02 secs] 
2014-07-09T00:02:53.111+0000: 1561.073: [GC [PSYoungGen: 299329K->1112K(291776K)] 532265K->234088K(978752K), 0.0033730 secs] [Times: user=0.01 sys=0.00, real=0.00 secs] 
2014-07-09T00:02:54.450+0000: 1562.413: [GC [PSYoungGen: 291688K->1108K(284096K)] 524664K->234198K(971072K), 0.0105900 secs] [Times: user=0.03 sys=0.00, real=0.01 secs] 
2014-07-09T00:02:55.741+0000: 1563.704: [GC [PSYoungGen: 284014K->1258K(276864K)] 517104K->234388K(963840K), 0.0095820 secs] [Times: user=0.04 sys=0.00, real=0.01 secs] 
2014-07-09T00:02:57.020+0000: 1564.982: [GC [PSYoungGen: 276830K->802K(269312K)] 509960K->234190K(956288K), 0.0077040 secs] [Times: user=0.02 sys=0.00, real=0.01 secs] 
2014-07-09T00:02:58.278+0000: 1566.241: [GC [PSYoungGen: 269237K->1208K(262848K)] 502625K->234702K(949824K), 0.0112130 secs] [Times: user=0.04 sys=0.00, real=0.01 secs] 
2014-07-09T00:02:59.494+0000: 1567.456: [GC [PSYoungGen: 262840K->1012K(256128K)] 496334K->234702K(943104K), 0.0129470 secs] [Times: user=0.04 sys=0.00, real=0.02 secs] 
2014-07-09T00:03:00.666+0000: 1568.629: [GC [PSYoungGen: 256107K->1311K(250112K)] 489798K->235057K(937088K), 0.0112190 secs] [Times: user=0.02 sys=0.00, real=0.02 secs] 
2014-07-09T00:03:01.806+0000: 1569.769: [GC [PSYoungGen: 249991K->755K(299328K)] 483737K->235043K(986304K), 0.0186260 secs] [Times: user=0.07 sys=0.00, real=0.02 secs] 
2014-07-09T00:03:03.202+0000: 1571.165: [GC [PSYoungGen: 299315K->1230K(359552K)] 533603K->235542K(1046528K), 0.0252440 secs] [Times: user=0.08 sys=0.00, real=0.03 secs] 
2014-07-09T00:03:04.852+0000: 1572.815: [GC [PSYoungGen: 359485K->1076K(431040K)] 593797K->235710K(1118016K), 0.0069660 secs] [Times: user=0.03 sys=0.00, real=0.01 secs] 
2014-07-09T00:03:06.814+0000: 1574.777: [GC [PSYoungGen: 430983K->1528K(418048K)] 665617K->236261K(1105024K), 0.0062260 secs] [Times: user=0.02 sys=0.01, real=0.01 secs] 
2014-07-09T00:03:08.733+0000: 1576.696: [GC [PSYoungGen: 418020K->492K(404160K)] 652752K->235926K(1091136K), 0.0168400 secs] [Times: user=0.06 sys=0.00, real=0.02 secs] 
2014-07-09T00:03:10.594+0000: 1578.557: [GC [PSYoungGen: 404138K->1478K(392896K)] 639573K->236929K(1079872K), 0.0219540 secs] [Times: user=0.08 sys=0.00, real=0.02 secs] 
2014-07-09T00:03:12.395+0000: 1580.358: [GC [PSYoungGen: 392838K->1193K(380800K)] 628289K->237290K(1067776K), 0.0168120 secs] [Times: user=0.06 sys=0.00, real=0.02 secs] 
2014-07-09T00:03:14.145+0000: 1582.108: [GC [PSYoungGen: 380777K->1300K(369664K)] 616874K->237430K(1056640K), 0.0118640 secs] [Times: user=0.04 sys=0.00, real=0.01 secs] 
2014-07-09T00:03:15.861+0000: 1583.823: [GC [PSYoungGen: 369620K->980K(358528K)] 605750K->237281K(1045504K), 0.0166880 secs] [Times: user=0.06 sys=0.00, real=0.01 secs] 
2014-07-09T00:03:17.498+0000: 1585.461: [GC [PSYoungGen: 358484K->1108K(348288K)] 594785K->237481K(1035264K), 0.0167320 secs] [Times: user=0.05 sys=0.00, real=0.02 secs] 
2014-07-09T00:03:19.085+0000: 1587.048: [GC [PSYoungGen: 348240K->948K(338176K)] 584614K->237361K(1025152K), 0.0095900 secs] [Times: user=0.01 sys=0.00, real=0.01 secs] 
2014-07-09T00:03:20.649+0000: 1588.612: [GC [PSYoungGen: 338161K->1012K(328704K)] 574574K->237473K(1015680K), 0.0070530 secs] [Times: user=0.03 sys=0.00, real=0.01 secs] 
2014-07-09T00:03:22.166+0000: 1590.129: [GC [PSYoungGen: 328692K->1204K(319744K)] 565153K->237713K(1006720K), 0.0089140 secs] [Times: user=0.02 sys=0.00, real=0.01 secs] 
2014-07-09T00:03:23.633+0000: 1591.596: [GC [PSYoungGen: 319718K->1279K(311040K)] 556227K->237844K(998016K), 0.0142450 secs] [Times: user=0.06 sys=0.00, real=0.01 secs] 
2014-07-09T00:03:25.066+0000: 1593.029: [GC [PSYoungGen: 311039K->1012K(302336K)] 547604K->237659K(989312K), 0.0125960 secs] [Times: user=0.05 sys=0.00, real=0.01 secs] 
2014-07-09T00:03:26.461+0000: 1594.424: [GC [PSYoungGen: 302324K->1272K(294528K)] 538971K->237943K(981504K), 0.0051850 secs] [Times: user=0.01 sys=0.01, real=0.00 secs] 
2014-07-09T00:03:27.816+0000: 1595.779: [GC [PSYoungGen: 294520K->1044K(286592K)] 531191K->237819K(973568K), 0.0054720 secs] [Times: user=0.02 sys=0.00, real=0.01 secs] 
2014-07-09T00:03:29.111+0000: 1597.074: [GC [PSYoungGen: 286548K->1300K(279360K)] 523323K->238139K(966336K), 0.0137110 secs] [Times: user=0.04 sys=0.00, real=0.01 secs] 
2014-07-09T00:03:30.377+0000: 1598.340: [GC [PSYoungGen: 279316K->954K(271808K)] 516155K->238244K(958784K), 0.0092200 secs] [Times: user=0.03 sys=0.00, real=0.01 secs] 
2014-07-09T00:03:31.626+0000: 1599.589: [GC [PSYoungGen: 271802K->1222K(326336K)] 509092K->238528K(1013312K), 0.0241190 secs] [Times: user=0.08 sys=0.00, real=0.02 secs] 
2014-07-09T00:03:33.121+0000: 1601.084: [GC [PSYoungGen: 326278K->1101K(317184K)] 563584K->238505K(1004160K), 0.0047360 secs] [Times: user=0.01 sys=0.00, real=0.01 secs] 
2014-07-09T00:03:34.587+0000: 1602.550: [GC [PSYoungGen: 317133K->1172K(380480K)] 554537K->238624K(1067456K), 0.0228500 secs] [Times: user=0.08 sys=0.00, real=0.02 secs] 
2014-07-09T00:03:36.318+0000: 1604.281: [GC [PSYoungGen: 380436K->866K(368896K)] 617888K->238464K(1055872K), 0.0103880 secs] [Times: user=0.03 sys=0.00, real=0.01 secs] 
2014-07-09T00:03:38.021+0000: 1605.984: [GC [PSYoungGen: 368866K->1062K(358272K)] 606464K->238732K(1045248K), 0.0142040 secs] [Times: user=0.05 sys=0.00, real=0.02 secs] 
2014-07-09T00:03:39.649+0000: 1607.611: [GC [PSYoungGen: 358211K->1268K(429952K)] 595881K->239060K(1116928K), 0.0253500 secs] [Times: user=0.09 sys=0.00, real=0.03 secs] 
2014-07-09T00:03:41.598+0000: 1609.561: [GC [PSYoungGen: 429940K->1140K(416448K)] 667732K->238972K(1103424K), 0.0130350 secs] [Times: user=0.04 sys=0.00, real=0.01 secs] 
2014-07-09T00:03:43.511+0000: 1611.474: [GC [PSYoungGen: 416436K->822K(403328K)] 654268K->239048K(1090304K), 0.0146340 secs] [Times: user=0.05 sys=0.00, real=0.02 secs] 
2014-07-09T00:03:45.332+0000: 1613.295: [GC [PSYoungGen: 403318K->1176K(391488K)] 641544K->239426K(1078464K), 0.0095400 secs] [Times: user=0.02 sys=0.00, real=0.01 secs] 
2014-07-09T00:03:47.108+0000: 1615.071: [GC [PSYoungGen: 391448K->1012K(379584K)] 629698K->239426K(1066560K), 0.0063500 secs] [Times: user=0.01 sys=0.00, real=0.01 secs] 
2014-07-09T00:03:48.866+0000: 1616.829: [GC [PSYoungGen: 379572K->980K(368384K)] 617986K->239482K(1055360K), 0.0035200 secs] [Times: user=0.01 sys=0.01, real=0.00 secs] 
2014-07-09T00:03:50.547+0000: 1618.510: [GC [PSYoungGen: 368340K->943K(357568K)] 606842K->239741K(1044544K), 0.0074260 secs] [Times: user=0.02 sys=0.00, real=0.01 secs] 
2014-07-09T00:03:52.177+0000: 1620.139: [GC [PSYoungGen: 357551K->1162K(347520K)] 596349K->239992K(1034496K), 0.0116860 secs] [Times: user=0.04 sys=0.00, real=0.01 secs] 
2014-07-09T00:03:53.775+0000: 1621.738: [GC [PSYoungGen: 347463K->830K(337216K)] 586293K->240090K(1024192K), 0.0095110 secs] [Times: user=0.03 sys=0.00, real=0.01 secs] 
2014-07-09T00:03:55.300+0000: 1623.263: [GC [PSYoungGen: 337203K->1286K(328256K)] 576463K->240570K(1015232K), 0.0108140 secs] [Times: user=0.03 sys=0.01, real=0.01 secs] 
2014-07-09T00:03:56.787+0000: 1624.750: [GC [PSYoungGen: 328198K->816K(318656K)] 567482K->240462K(1005632K), 0.0046680 secs] [Times: user=0.01 sys=0.00, real=0.00 secs] 
2014-07-09T00:03:58.239+0000: 1626.202: [GC [PSYoungGen: 318546K->1436K(310528K)] 558193K->241228K(997504K), 0.0136360 secs] [Times: user=0.05 sys=0.00, real=0.01 secs] 
2014-07-09T00:03:59.677+0000: 1627.640: [GC [PSYoungGen: 310492K->680K(301376K)] 550284K->241345K(988352K), 0.0131280 secs] [Times: user=0.05 sys=0.00, real=0.01 secs] 
2014-07-09T00:04:00.989+0000: 1628.952: [GC [PSYoungGen: 301352K->1510K(294144K)] 542017K->242231K(981120K), 0.0072370 secs] [Times: user=0.03 sys=0.00, real=0.01 secs] 
2014-07-09T00:04:02.326+0000: 1630.289: [GC [PSYoungGen: 294088K->1136K(286016K)] 534809K->242143K(972992K), 0.0115360 secs] [Times: user=0.04 sys=0.00, real=0.02 secs] 
2014-07-09T00:04:03.649+0000: 1631.612: [GC [PSYoungGen: 286000K->1417K(278912K)] 527007K->242456K(965888K), 0.0072320 secs] [Times: user=0.02 sys=0.00, real=0.01 secs] 
2014-07-09T00:04:04.917+0000: 1632.880: [GC [PSYoungGen: 278829K->765K(271040K)] 519868K->242423K(958016K), 0.0066000 secs] [Times: user=0.01 sys=0.00, real=0.00 secs] 
2014-07-09T00:04:06.177+0000: 1634.140: [GC [PSYoungGen: 271028K->1542K(264960K)] 512686K->243240K(951936K), 0.0135150 secs] [Times: user=0.05 sys=0.00, real=0.01 secs] 
2014-07-09T00:04:07.360+0000: 1635.323: [GC [PSYoungGen: 264902K->1136K(257920K)] 506600K->243158K(944896K), 0.0194400 secs] [Times: user=0.08 sys=0.00, real=0.02 secs] 
2014-07-09T00:04:08.531+0000: 1636.494: [GC [PSYoungGen: 257904K->1012K(309184K)] 499926K->243066K(996160K), 0.0249970 secs] [Times: user=0.08 sys=0.00, real=0.02 secs] 
2014-07-09T00:04:09.953+0000: 1637.916: [GC [PSYoungGen: 309172K->1190K(371008K)] 551226K->243292K(1057984K), 0.0046800 secs] [Times: user=0.02 sys=0.00, real=0.01 secs] 
2014-07-09T00:04:11.642+0000: 1639.605: [GC [PSYoungGen: 370973K->1296K(360256K)] 613074K->243438K(1047232K), 0.0146170 secs] [Times: user=0.05 sys=0.00, real=0.01 secs] 
2014-07-09T00:04:13.282+0000: 1641.245: [GC [PSYoungGen: 360208K->954K(349440K)] 602350K->243318K(1036416K), 0.0129830 secs] [Times: user=0.04 sys=0.00, real=0.01 secs] 
2014-07-09T00:04:14.881+0000: 1642.843: [GC [PSYoungGen: 349434K->1012K(419200K)] 591798K->243408K(1106176K), 0.0352300 secs] [Times: user=0.13 sys=0.00, real=0.03 secs] 
2014-07-09T00:04:16.814+0000: 1644.777: [GC [PSYoungGen: 419176K->1158K(503040K)] 661572K->243610K(1190016K), 0.0070380 secs] [Times: user=0.03 sys=0.00, real=0.01 secs] 
2014-07-09T00:04:19.132+0000: 1647.095: [GC [PSYoungGen: 502918K->1165K(486464K)] 745370K->243705K(1173440K), 0.0060080 secs] [Times: user=0.01 sys=0.00, real=0.00 secs] 
2014-07-09T00:04:21.360+0000: 1649.323: [GC [PSYoungGen: 486413K->948K(470400K)] 728953K->243560K(1157376K), 0.0124180 secs] [Times: user=0.04 sys=0.00, real=0.01 secs] 
2014-07-09T00:04:23.530+0000: 1651.492: [GC [PSYoungGen: 470354K->1410K(455808K)] 712965K->244046K(1142784K), 0.0119910 secs] [Times: user=0.04 sys=0.00, real=0.01 secs] 
2014-07-09T00:04:25.613+0000: 1653.576: [GC [PSYoungGen: 455746K->930K(440832K)] 698382K->243752K(1127808K), 0.0165600 secs] [Times: user=0.06 sys=0.00, real=0.02 secs] 
2014-07-09T00:04:27.631+0000: 1655.594: [GC [PSYoungGen: 440802K->1236K(427328K)] 683624K->244138K(1114304K), 0.0117270 secs] [Times: user=0.04 sys=0.00, real=0.01 secs] 
2014-07-09T00:04:29.597+0000: 1657.560: [GC [PSYoungGen: 427284K->1144K(413952K)] 670186K->244256K(1100928K), 0.0039060 secs] [Times: user=0.01 sys=0.00, real=0.01 secs] 
2014-07-09T00:04:31.484+0000: 1659.447: [GC [PSYoungGen: 413944K->1254K(401408K)] 657056K->244406K(1088384K), 0.0097360 secs] [Times: user=0.03 sys=0.00, real=0.01 secs] 
2014-07-09T00:04:33.321+0000: 1661.284: [GC [PSYoungGen: 401382K->948K(388928K)] 644534K->244214K(1075904K), 0.0090480 secs] [Times: user=0.01 sys=0.00, real=0.00 secs] 
2014-07-09T00:04:35.109+0000: 1663.072: [GC [PSYoungGen: 388914K->1464K(377792K)] 632180K->244770K(1064768K), 0.0140100 secs] [Times: user=0.05 sys=0.00, real=0.02 secs] 
2014-07-09T00:04:36.809+0000: 1664.772: [GC [PSYoungGen: 377784K->816K(366016K)] 621090K->244374K(1052992K), 0.0119740 secs] [Times: user=0.04 sys=0.00, real=0.02 secs] 
2014-07-09T00:04:38.481+0000: 1666.444: [GC [PSYoungGen: 365966K->1126K(355648K)] 609524K->244772K(1042624K), 0.0164120 secs] [Times: user=0.07 sys=0.00, real=0.01 secs] 
2014-07-09T00:04:40.123+0000: 1668.086: [GC [PSYoungGen: 355620K->1172K(345472K)] 599266K->244956K(1032448K), 0.0068590 secs] [Times: user=0.03 sys=0.00, real=0.00 secs] 
2014-07-09T00:04:41.703+0000: 1669.666: [GC [PSYoungGen: 345419K->1421K(335936K)] 589203K->245237K(1022912K), 0.0227630 secs] [Times: user=0.08 sys=0.00, real=0.02 secs] 
2014-07-09T00:04:43.245+0000: 1671.208: [GC [PSYoungGen: 335885K->570K(325632K)] 579701K->244756K(1012608K), 0.0058760 secs] [Times: user=0.01 sys=0.00, real=0.00 secs] 
2014-07-09T00:04:44.727+0000: 1672.690: [GC [PSYoungGen: 325588K->1315K(391424K)] 569774K->245525K(1078400K), 0.0390150 secs] [Times: user=0.13 sys=0.00, real=0.04 secs] 
2014-07-09T00:04:46.543+0000: 1674.506: [GC [PSYoungGen: 391297K->1417K(379840K)] 635507K->245866K(1066816K), 0.0066530 secs] [Times: user=0.01 sys=0.00, real=0.01 secs] 
2014-07-09T00:04:48.306+0000: 1676.269: [GC [PSYoungGen: 379785K->1012K(368192K)] 624234K->245548K(1055168K), 0.0179730 secs] [Times: user=0.06 sys=0.00, real=0.02 secs] 
2014-07-09T00:04:49.992+0000: 1677.955: [GC [PSYoungGen: 368180K->866K(357312K)] 612716K->245688K(1044288K), 0.0053630 secs] [Times: user=0.01 sys=0.00, real=0.01 secs] 
2014-07-09T00:04:51.651+0000: 1679.613: [GC [PSYoungGen: 357282K->1392K(347520K)] 602104K->246255K(1034496K), 0.0148690 secs] [Times: user=0.05 sys=0.00, real=0.02 secs] 
2014-07-09T00:04:53.237+0000: 1681.199: [GC [PSYoungGen: 347504K->1076K(337344K)] 592367K->246010K(1024320K), 0.0066310 secs] [Times: user=0.01 sys=0.00, real=0.00 secs] 
2014-07-09T00:04:54.802+0000: 1682.765: [GC [PSYoungGen: 337324K->1218K(328064K)] 582258K->246185K(1015040K), 0.0141650 secs] [Times: user=0.05 sys=0.00, real=0.02 secs] 
2014-07-09T00:04:56.274+0000: 1684.237: [GC [PSYoungGen: 327999K->1012K(318720K)] 572965K->246026K(1005696K), 0.0162930 secs] [Times: user=0.06 sys=0.00, real=0.01 secs] 
2014-07-09T00:04:57.762+0000: 1685.724: [GC [PSYoungGen: 318696K->1140K(310080K)] 563710K->246266K(997056K), 0.0042370 secs] [Times: user=0.01 sys=0.00, real=0.01 secs] 
2014-07-09T00:04:59.195+0000: 1687.158: [GC [PSYoungGen: 310033K->980K(301568K)] 555159K->246162K(988544K), 0.0125320 secs] [Times: user=0.04 sys=0.00, real=0.02 secs] 
2014-07-09T00:05:00.588+0000: 1688.551: [GC [PSYoungGen: 301524K->1388K(293888K)] 546706K->246611K(980864K), 0.0140030 secs] [Times: user=0.04 sys=0.01, real=0.01 secs] 
2014-07-09T00:05:01.917+0000: 1689.880: [GC [PSYoungGen: 293868K->826K(351808K)] 539091K->246425K(1038784K), 0.0218240 secs] [Times: user=0.08 sys=0.00, real=0.02 secs] 
2014-07-09T00:05:03.542+0000: 1691.505: [GC [PSYoungGen: 351802K->1436K(342336K)] 597400K->247074K(1029312K), 0.0138190 secs] [Times: user=0.05 sys=0.00, real=0.02 secs] 
2014-07-09T00:05:05.108+0000: 1693.071: [GC [PSYoungGen: 342300K->958K(332160K)] 587938K->247079K(1019136K), 0.0100360 secs] [Times: user=0.02 sys=0.00, real=0.01 secs] 
2014-07-09T00:05:06.613+0000: 1694.576: [GC [PSYoungGen: 332158K->1538K(399040K)] 578279K->247683K(1086016K), 0.0264130 secs] [Times: user=0.09 sys=0.00, real=0.03 secs] 
2014-07-09T00:05:08.455+0000: 1696.418: [GC [PSYoungGen: 398975K->816K(477760K)] 645120K->247472K(1164736K), 0.0170450 secs] [Times: user=0.06 sys=0.00, real=0.02 secs] 
2014-07-09T00:05:10.637+0000: 1698.600: [GC [PSYoungGen: 477744K->1211K(462720K)] 724400K->247965K(1149696K), 0.0083970 secs] [Times: user=0.03 sys=0.01, real=0.01 secs] 
2014-07-09T00:05:12.761+0000: 1700.723: [GC [PSYoungGen: 462682K->1126K(447872K)] 709436K->248047K(1134848K), 0.0135430 secs] [Times: user=0.05 sys=0.00, real=0.01 secs] 
2014-07-09T00:05:14.820+0000: 1702.783: [GC [PSYoungGen: 447846K->1076K(433664K)] 694767K->248037K(1120640K), 0.0071000 secs] [Times: user=0.01 sys=0.00, real=0.01 secs] 
2014-07-09T00:05:16.804+0000: 1704.767: [GC [PSYoungGen: 433652K->1146K(420224K)] 680613K->248305K(1107200K), 0.0084710 secs] [Times: user=0.02 sys=0.00, real=0.01 secs] 
2014-07-09T00:05:18.744+0000: 1706.707: [GC [PSYoungGen: 420218K->998K(407168K)] 667377K->248253K(1094144K), 0.0064940 secs] [Times: user=0.01 sys=0.00, real=0.01 secs] 
2014-07-09T00:05:20.621+0000: 1708.584: [GC [PSYoungGen: 407130K->1108K(394880K)] 654386K->248453K(1081856K), 0.0118920 secs] [Times: user=0.05 sys=0.00, real=0.01 secs] 
2014-07-09T00:05:22.414+0000: 1710.377: [GC [PSYoungGen: 394745K->1144K(383040K)] 642090K->248521K(1070016K), 0.0139810 secs] [Times: user=0.05 sys=0.00, real=0.01 secs] 
2014-07-09T00:05:24.157+0000: 1712.120: [GC [PSYoungGen: 383032K->1086K(371584K)] 630409K->248617K(1058560K), 0.0036150 secs] [Times: user=0.01 sys=0.00, real=0.01 secs] 
2014-07-09T00:05:25.862+0000: 1713.825: [GC [PSYoungGen: 371582K->1538K(361216K)] 619113K->249102K(1048192K), 0.0119360 secs] [Times: user=0.04 sys=0.00, real=0.01 secs] 
2014-07-09T00:05:27.485+0000: 1715.448: [GC [PSYoungGen: 361083K->573K(349760K)] 608647K->248842K(1036736K), 0.0078480 secs] [Times: user=0.03 sys=0.00, real=0.01 secs] 
2014-07-09T00:05:29.102+0000: 1717.065: [GC [PSYoungGen: 349722K->1326K(340544K)] 597992K->249667K(1027520K), 0.0162810 secs] [Times: user=0.06 sys=0.00, real=0.01 secs] 
2014-07-09T00:05:30.666+0000: 1718.629: [GC [PSYoungGen: 340526K->1012K(330624K)] 588867K->249691K(1017600K), 0.0050900 secs] [Times: user=0.01 sys=0.00, real=0.01 secs] 
2014-07-09T00:05:32.178+0000: 1720.141: [GC [PSYoungGen: 330612K->1356K(396928K)] 579291K->250060K(1083904K), 0.0419600 secs] [Times: user=0.14 sys=0.00, real=0.05 secs] 
2014-07-09T00:05:34.003+0000: 1721.966: [GC [PSYoungGen: 396870K->940K(475584K)] 645574K->249880K(1162560K), 0.0172400 secs] [Times: user=0.05 sys=0.00, real=0.02 secs] 
2014-07-09T00:05:36.195+0000: 1724.158: [GC [PSYoungGen: 475564K->1396K(571008K)] 724504K->250418K(1257984K), 0.0265110 secs] [Times: user=0.10 sys=0.00, real=0.03 secs] 
2014-07-09T00:05:38.823+0000: 1726.786: [GC [PSYoungGen: 570996K->994K(551040K)] 820018K->250301K(1238016K), 0.0097040 secs] [Times: user=0.03 sys=0.00, real=0.01 secs] 
2014-07-09T00:05:41.362+0000: 1729.325: [GC [PSYoungGen: 551010K->1232K(532608K)] 800317K->250596K(1219584K), 0.0055250 secs] [Times: user=0.02 sys=0.00, real=0.00 secs] 
2014-07-09T00:05:43.819+0000: 1731.782: [GC [PSYoungGen: 532560K->1076K(514560K)] 781924K->250567K(1201536K), 0.0218160 secs] [Times: user=0.07 sys=0.00, real=0.03 secs] 
2014-07-09T00:05:46.186+0000: 1734.149: [GC [PSYoungGen: 514514K->1208K(497600K)] 764006K->250748K(1184576K), 0.0114990 secs] [Times: user=0.04 sys=0.00, real=0.01 secs] 
2014-07-09T00:05:48.466+0000: 1736.429: [GC [PSYoungGen: 497592K->948K(481024K)] 747132K->250724K(1168000K), 0.0227790 secs] [Times: user=0.08 sys=0.01, real=0.02 secs] 
2014-07-09T00:05:50.673+0000: 1738.636: [GC [PSYoungGen: 481012K->1076K(465536K)] 730788K->250900K(1152512K), 0.0168860 secs] [Times: user=0.06 sys=0.00, real=0.01 secs] 
2014-07-09T00:05:52.788+0000: 1740.751: [GC [PSYoungGen: 465524K->1086K(450624K)] 715348K->251270K(1137600K), 0.0196490 secs] [Times: user=0.07 sys=0.00, real=0.02 secs] 
2014-07-09T00:05:54.854+0000: 1742.817: [GC [PSYoungGen: 450622K->1080K(436352K)] 700806K->251296K(1123328K), 0.0045970 secs] [Times: user=0.01 sys=0.00, real=0.00 secs] 
2014-07-09T00:05:56.862+0000: 1744.825: [GC [PSYoungGen: 436344K->1058K(422720K)] 686560K->251552K(1109696K), 0.0098460 secs] [Times: user=0.02 sys=0.00, real=0.01 secs] 
2014-07-09T00:05:58.818+0000: 1746.781: [GC [PSYoungGen: 422657K->1126K(409728K)] 673151K->251724K(1096704K), 0.0104910 secs] [Times: user=0.04 sys=0.00, real=0.01 secs] 
2014-07-09T00:06:00.701+0000: 1748.664: [GC [PSYoungGen: 409702K->994K(397120K)] 660300K->251764K(1084096K), 0.0134640 secs] [Times: user=0.05 sys=0.00, real=0.02 secs] 
2014-07-09T00:06:02.551+0000: 1750.514: [GC [PSYoungGen: 397090K->1012K(385152K)] 647860K->251822K(1072128K), 0.0105140 secs] [Times: user=0.04 sys=0.00, real=0.01 secs] 
2014-07-09T00:06:04.345+0000: 1752.308: [GC [PSYoungGen: 385124K->1200K(373888K)] 635934K->252034K(1060864K), 0.0045900 secs] [Times: user=0.01 sys=0.00, real=0.00 secs] 
2014-07-09T00:06:06.055+0000: 1754.018: [GC [PSYoungGen: 373831K->1094K(362816K)] 624665K->251952K(1049792K), 0.0054090 secs] [Times: user=0.02 sys=0.00, real=0.01 secs] 
2014-07-09T00:06:07.706+0000: 1755.669: [GC [PSYoungGen: 362758K->758K(351936K)] 613616K->252114K(1038912K), 0.0089270 secs] [Times: user=0.03 sys=0.00, real=0.00 secs] 
2014-07-09T00:06:09.315+0000: 1757.278: [GC [PSYoungGen: 351926K->1322K(342400K)] 603282K->252750K(1029376K), 0.0159330 secs] [Times: user=0.05 sys=0.00, real=0.01 secs] 
2014-07-09T00:06:10.895+0000: 1758.858: [GC [PSYoungGen: 342347K->1018K(332416K)] 593775K->252906K(1019392K), 0.0263100 secs] [Times: user=0.10 sys=0.00, real=0.02 secs] 
2014-07-09T00:06:12.423+0000: 1760.386: [GC [PSYoungGen: 332396K->1396K(323520K)] 584284K->253383K(1010496K), 0.0099850 secs] [Times: user=0.04 sys=0.00, real=0.01 secs] 
2014-07-09T00:06:13.909+0000: 1761.872: [GC [PSYoungGen: 323508K->830K(314048K)] 575495K->253104K(1001024K), 0.0087490 secs] [Times: user=0.03 sys=0.01, real=0.01 secs] 
2014-07-09T00:06:15.373+0000: 1763.336: [GC [PSYoungGen: 314046K->1194K(305856K)] 566320K->253492K(992832K), 0.0039900 secs] [Times: user=0.01 sys=0.00, real=0.01 secs] 
2014-07-09T00:06:16.780+0000: 1764.743: [GC [PSYoungGen: 305829K->1338K(297792K)] 558127K->253891K(984768K), 0.0088180 secs] [Times: user=0.03 sys=0.00, real=0.01 secs] 
2014-07-09T00:06:18.140+0000: 1766.102: [GC [PSYoungGen: 297786K->1094K(289728K)] 550339K->253734K(976704K), 0.0154010 secs] [Times: user=0.04 sys=0.00, real=0.01 secs] 
2014-07-09T00:06:19.478+0000: 1767.441: [GC [PSYoungGen: 289670K->1012K(347328K)] 542310K->253750K(1034304K), 0.0353840 secs] [Times: user=0.12 sys=0.00, real=0.03 secs] 
2014-07-09T00:06:21.066+0000: 1769.029: [GC [PSYoungGen: 347295K->1076K(416704K)] 600033K->253846K(1103680K), 0.0202000 secs] [Times: user=0.07 sys=0.00, real=0.02 secs] 
2014-07-09T00:06:22.964+0000: 1770.927: [GC [PSYoungGen: 416680K->1080K(403904K)] 669450K->253866K(1090880K), 0.0060450 secs] [Times: user=0.01 sys=0.00, real=0.01 secs] 
2014-07-09T00:06:24.827+0000: 1772.789: [GC [PSYoungGen: 403880K->1076K(391680K)] 656666K->253902K(1078656K), 0.0073350 secs] [Times: user=0.02 sys=0.00, real=0.01 secs] 
2014-07-09T00:06:26.621+0000: 1774.584: [GC [PSYoungGen: 391668K->1197K(380096K)] 644494K->254127K(1067072K), 0.0063870 secs] [Times: user=0.02 sys=0.00, real=0.00 secs] 
2014-07-09T00:06:28.346+0000: 1776.309: [GC [PSYoungGen: 380077K->1264K(368896K)] 633007K->254283K(1055872K), 0.0135210 secs] [Times: user=0.04 sys=0.00, real=0.02 secs] 
2014-07-09T00:06:30.048+0000: 1778.011: [GC [PSYoungGen: 368880K->752K(357632K)] 621899K->254054K(1044608K), 0.0079580 secs] [Times: user=0.01 sys=0.00, real=0.00 secs] 
2014-07-09T00:06:31.686+0000: 1779.649: [GC [PSYoungGen: 357572K->1279K(347840K)] 610875K->254664K(1034816K), 0.0165780 secs] [Times: user=0.06 sys=0.00, real=0.02 secs] 
2014-07-09T00:06:33.259+0000: 1781.222: [GC [PSYoungGen: 347807K->1076K(337728K)] 601192K->254640K(1024704K), 0.0122230 secs] [Times: user=0.04 sys=0.00, real=0.01 secs] 
2014-07-09T00:06:34.817+0000: 1782.780: [GC [PSYoungGen: 337699K->1254K(328448K)] 591263K->254874K(1015424K), 0.0259240 secs] [Times: user=0.09 sys=0.00, real=0.03 secs] 
2014-07-09T00:06:36.352+0000: 1784.315: [GC [PSYoungGen: 328422K->872K(318976K)] 582042K->254797K(1005952K), 0.0119140 secs] [Times: user=0.04 sys=0.00, real=0.01 secs] 
2014-07-09T00:06:37.842+0000: 1785.805: [GC [PSYoungGen: 318952K->1240K(310592K)] 572877K->255252K(997568K), 0.0057220 secs] [Times: user=0.02 sys=0.00, real=0.00 secs] 
2014-07-09T00:06:39.255+0000: 1787.218: [GC [PSYoungGen: 310552K->948K(372160K)] 564564K->255212K(1059136K), 0.0265080 secs] [Times: user=0.09 sys=0.00, real=0.03 secs] 
2014-07-09T00:06:40.973+0000: 1788.936: [GC [PSYoungGen: 372091K->1318K(446784K)] 626356K->255607K(1133760K), 0.0189690 secs] [Times: user=0.07 sys=0.00, real=0.02 secs] 
2014-07-09T00:06:43.033+0000: 1790.996: [GC [PSYoungGen: 446758K->688K(432064K)] 701047K->255292K(1119040K), 0.0074350 secs] [Times: user=0.01 sys=0.00, real=0.01 secs] 
2014-07-09T00:06:45.009+0000: 1792.972: [GC [PSYoungGen: 432016K->1276K(518912K)] 686621K->255921K(1205888K), 0.0367090 secs] [Times: user=0.13 sys=0.00, real=0.04 secs] 
2014-07-09T00:06:47.411+0000: 1795.374: [GC [PSYoungGen: 518908K->1140K(501568K)] 773553K->256047K(1188544K), 0.0105630 secs] [Times: user=0.02 sys=0.00, real=0.02 secs] 
2014-07-09T00:06:49.719+0000: 1797.682: [GC [PSYoungGen: 501556K->1204K(485120K)] 756463K->256231K(1172096K), 0.0141210 secs] [Times: user=0.04 sys=0.00, real=0.02 secs] 
2014-07-09T00:06:51.920+0000: 1799.883: [GC [PSYoungGen: 485108K->752K(468928K)] 740135K->256031K(1155904K), 0.0125040 secs] [Times: user=0.02 sys=0.00, real=0.02 secs] 
2014-07-09T00:06:54.102+0000: 1802.065: [GC [PSYoungGen: 468891K->1279K(454400K)] 724170K->256590K(1141376K), 0.0052630 secs] [Times: user=0.01 sys=0.00, real=0.00 secs] 
2014-07-09T00:06:56.181+0000: 1804.144: [GC [PSYoungGen: 454399K->944K(439680K)] 709710K->256551K(1126656K), 0.0111650 secs] [Times: user=0.04 sys=0.00, real=0.02 secs] 
2014-07-09T00:06:58.209+0000: 1806.172: [GC [PSYoungGen: 439664K->1343K(426304K)] 695271K->257062K(1113280K), 0.0180350 secs] [Times: user=0.07 sys=0.00, real=0.02 secs] 
2014-07-09T00:07:00.185+0000: 1808.148: [GC [PSYoungGen: 426259K->702K(412480K)] 681978K->256908K(1099456K), 0.0146090 secs] [Times: user=0.05 sys=0.00, real=0.01 secs] 
2014-07-09T00:07:02.094+0000: 1810.057: [GC [PSYoungGen: 412478K->1386K(400576K)] 668684K->257624K(1087552K), 0.0087520 secs] [Times: user=0.02 sys=0.00, real=0.00 secs] 
2014-07-09T00:07:03.923+0000: 1811.886: [GC [PSYoungGen: 400554K->880K(387968K)] 656792K->257448K(1074944K), 0.0034960 secs] [Times: user=0.01 sys=0.00, real=0.01 secs] 
2014-07-09T00:07:05.723+0000: 1813.686: [GC [PSYoungGen: 387914K->1361K(376896K)] 644482K->257969K(1063872K), 0.0176590 secs] [Times: user=0.04 sys=0.01, real=0.02 secs] 
2014-07-09T00:07:07.432+0000: 1815.395: [GC [PSYoungGen: 376849K->816K(365248K)] 633457K->257718K(1052224K), 0.0255200 secs] [Times: user=0.09 sys=0.00, real=0.03 secs] 
2014-07-09T00:07:09.116+0000: 1817.079: [GC [PSYoungGen: 365232K->1044K(354880K)] 622134K->258018K(1041856K), 0.0100690 secs] [Times: user=0.04 sys=0.00, real=0.01 secs] 
2014-07-09T00:07:10.754+0000: 1818.717: [GC [PSYoungGen: 354801K->948K(344576K)] 611776K->257994K(1031552K), 0.0033570 secs] [Times: user=0.01 sys=0.00, real=0.01 secs] 
2014-07-09T00:07:12.343+0000: 1820.306: [GC [PSYoungGen: 344541K->1318K(335168K)] 601588K->258396K(1022144K), 0.0149190 secs] [Times: user=0.05 sys=0.00, real=0.02 secs] 
2014-07-09T00:07:13.861+0000: 1821.824: [GC [PSYoungGen: 335141K->816K(325248K)] 592220K->258082K(1012224K), 0.0092290 secs] [Times: user=0.03 sys=0.00, real=0.01 secs] 
2014-07-09T00:07:15.358+0000: 1823.321: [GC [PSYoungGen: 325232K->1492K(316928K)] 582498K->258799K(1003904K), 0.0099720 secs] [Times: user=0.03 sys=0.00, real=0.01 secs] 
2014-07-09T00:07:16.580+0000: 1824.543: [GC [PSYoungGen: 316884K->766K(307520K)] 574191K->258562K(994496K), 0.0040490 secs] [Times: user=0.02 sys=0.01, real=0.00 secs] 
2014-07-09T00:07:17.699+0000: 1825.662: [GC [PSYoungGen: 307484K->1539K(300032K)] 565280K->259407K(987008K), 0.0053140 secs] [Times: user=0.01 sys=0.00, real=0.00 secs] 
2014-07-09T00:07:18.855+0000: 1826.818: [GC [PSYoungGen: 299970K->876K(291328K)] 557839K->259169K(978304K), 0.0044940 secs] [Times: user=0.01 sys=0.00, real=0.01 secs] 
2014-07-09T00:07:19.948+0000: 1827.911: [GC [PSYoungGen: 291259K->1226K(284032K)] 549552K->259542K(971008K), 0.0145680 secs] [Times: user=0.05 sys=0.00, real=0.01 secs] 
2014-07-09T00:07:20.959+0000: 1828.922: [GC [PSYoungGen: 283974K->1172K(276608K)] 542290K->259642K(963584K), 0.0077680 secs] [Times: user=0.01 sys=0.00, real=0.01 secs] 
2014-07-09T00:07:22.006+0000: 1829.969: [GC [PSYoungGen: 276564K->1456K(269760K)] 535034K->259967K(956736K), 0.0143390 secs] [Times: user=0.04 sys=0.01, real=0.02 secs] 
2014-07-09T00:07:23.045+0000: 1831.007: [GC [PSYoungGen: 269731K->556K(322560K)] 528242K->259714K(1009536K), 0.0187410 secs] [Times: user=0.06 sys=0.00, real=0.02 secs] 
2014-07-09T00:07:24.253+0000: 1832.215: [GC [PSYoungGen: 322540K->1525K(387968K)] 581698K->260715K(1074944K), 0.0191630 secs] [Times: user=0.06 sys=0.00, real=0.02 secs] 
2014-07-09T00:07:25.708+0000: 1833.671: [GC [PSYoungGen: 387957K->1277K(465024K)] 647147K->261215K(1152000K), 0.0211450 secs] [Times: user=0.08 sys=0.00, real=0.02 secs] 
2014-07-09T00:07:27.374+0000: 1835.337: [GC [PSYoungGen: 465021K->1204K(557760K)] 724959K->261206K(1244736K), 0.0093390 secs] [Times: user=0.03 sys=0.00, real=0.01 secs] 
2014-07-09T00:07:29.440+0000: 1837.403: [GC [PSYoungGen: 557748K->1392K(538944K)] 817750K->261482K(1225920K), 0.0065700 secs] [Times: user=0.01 sys=0.00, real=0.01 secs] 
2014-07-09T00:07:31.376+0000: 1839.339: [GC [PSYoungGen: 538928K->1136K(520576K)] 799018K->261274K(1207552K), 0.0086080 secs] [Times: user=0.01 sys=0.00, real=0.01 secs] 
2014-07-09T00:07:33.347+0000: 1841.310: [GC [PSYoungGen: 520560K->1076K(503168K)] 780698K->261262K(1190144K), 0.0087410 secs] [Times: user=0.03 sys=0.00, real=0.01 secs] 
2014-07-09T00:07:35.151+0000: 1843.114: [GC [PSYoungGen: 503156K->1264K(486784K)] 763342K->261506K(1173760K), 0.0159150 secs] [Times: user=0.06 sys=0.00, real=0.01 secs] 
2014-07-09T00:07:36.939+0000: 1844.902: [GC [PSYoungGen: 486768K->1396K(471104K)] 747010K->261678K(1158080K), 0.0054310 secs] [Times: user=0.02 sys=0.00, real=0.01 secs] 
2014-07-09T00:07:38.712+0000: 1846.675: [GC [PSYoungGen: 471039K->1226K(455872K)] 731321K->261612K(1142848K), 0.0170620 secs] [Times: user=0.06 sys=0.00, real=0.01 secs] 
2014-07-09T00:07:40.359+0000: 1848.322: [GC [PSYoungGen: 455818K->1076K(441216K)] 716204K->261566K(1128192K), 0.0162890 secs] [Times: user=0.05 sys=0.00, real=0.02 secs] 
2014-07-09T00:07:41.990+0000: 1849.953: [GC [PSYoungGen: 441204K->1290K(427648K)] 701694K->261836K(1114624K), 0.0218430 secs] [Times: user=0.07 sys=0.00, real=0.02 secs] 
2014-07-09T00:07:43.566+0000: 1851.528: [GC [PSYoungGen: 427550K->1193K(414272K)] 688096K->261877K(1101248K), 0.0109610 secs] [Times: user=0.02 sys=0.00, real=0.01 secs] 
2014-07-09T00:07:45.066+0000: 1853.029: [GC [PSYoungGen: 414249K->1108K(401536K)] 674933K->261824K(1088512K), 0.0078270 secs] [Times: user=0.02 sys=0.00, real=0.01 secs] 
2014-07-09T00:07:46.567+0000: 1854.530: [GC [PSYoungGen: 401455K->1126K(481664K)] 662171K->261866K(1168640K), 0.0327500 secs] [Times: user=0.12 sys=0.00, real=0.04 secs] 
2014-07-09T00:07:48.353+0000: 1856.316: [GC [PSYoungGen: 481638K->1204K(466112K)] 742378K->262064K(1153088K), 0.0046200 secs] [Times: user=0.01 sys=0.00, real=0.00 secs] 
2014-07-09T00:07:50.039+0000: 1858.002: [GC [PSYoungGen: 466100K->1022K(451008K)] 726960K->262052K(1137984K), 0.0117010 secs] [Times: user=0.04 sys=0.00, real=0.01 secs] 
2014-07-09T00:07:51.668+0000: 1859.631: [GC [PSYoungGen: 451002K->1396K(437120K)] 712032K->262466K(1124096K), 0.0066020 secs] [Times: user=0.01 sys=0.00, real=0.01 secs] 
2014-07-09T00:07:53.251+0000: 1861.214: [GC [PSYoungGen: 437108K->940K(423040K)] 698178K->262320K(1110016K), 0.0120800 secs] [Times: user=0.04 sys=0.00, real=0.01 secs] 
2014-07-09T00:07:54.784+0000: 1862.747: [GC [PSYoungGen: 423020K->1240K(410304K)] 684400K->262644K(1097280K), 0.0114610 secs] [Times: user=0.03 sys=0.00, real=0.01 secs] 
2014-07-09T00:07:56.319+0000: 1864.282: [GC [PSYoungGen: 410264K->1012K(397504K)] 671668K->262628K(1084480K), 0.0181600 secs] [Times: user=0.07 sys=0.00, real=0.02 secs] 
2014-07-09T00:07:57.788+0000: 1865.751: [GC [PSYoungGen: 397462K->1594K(477376K)] 659078K->263389K(1164352K), 0.0240630 secs] [Times: user=0.08 sys=0.01, real=0.02 secs] 
2014-07-09T00:07:59.515+0000: 1867.478: [GC [PSYoungGen: 477370K->638K(571584K)] 739165K->263058K(1258560K), 0.0232520 secs] [Times: user=0.07 sys=0.00, real=0.02 secs] 
2014-07-09T00:08:01.637+0000: 1869.599: [GC [PSYoungGen: 571582K->1258K(686464K)] 834002K->263734K(1373440K), 0.0143560 secs] [Times: user=0.06 sys=0.00, real=0.01 secs] 
2014-07-09T00:08:04.166+0000: 1872.129: [GC [PSYoungGen: 686442K->1165K(661568K)] 948918K->263928K(1348544K), 0.0038870 secs] [Times: user=0.01 sys=0.00, real=0.00 secs] 
2014-07-09T00:08:06.588+0000: 1874.551: [GC [PSYoungGen: 661517K->1328K(637952K)] 924280K->264139K(1324928K), 0.0145730 secs] [Times: user=0.05 sys=0.00, real=0.01 secs] 
2014-07-09T00:08:08.964+0000: 1876.927: [GC [PSYoungGen: 637936K->816K(614784K)] 900747K->263982K(1301760K), 0.0083280 secs] [Times: user=0.02 sys=0.00, real=0.00 secs] 
2014-07-09T00:08:11.204+0000: 1879.167: [GC [PSYoungGen: 614768K->1250K(593664K)] 877934K->264481K(1280640K), 0.0102610 secs] [Times: user=0.04 sys=0.00, real=0.01 secs] 
2014-07-09T00:08:13.368+0000: 1881.331: [GC [PSYoungGen: 593634K->1122K(572928K)] 856865K->264573K(1259904K), 0.0051840 secs] [Times: user=0.01 sys=0.00, real=0.00 secs] 
2014-07-09T00:08:15.486+0000: 1883.449: [GC [PSYoungGen: 572889K->1268K(553408K)] 836340K->264759K(1240384K), 0.0090660 secs] [Times: user=0.03 sys=0.00, real=0.01 secs] 
2014-07-09T00:08:17.469+0000: 1885.432: [GC [PSYoungGen: 553396K->808K(534144K)] 816887K->264861K(1221120K), 0.0193730 secs] [Times: user=0.07 sys=0.00, real=0.02 secs] 
2014-07-09T00:08:19.415+0000: 1887.378: [GC [PSYoungGen: 534120K->1350K(516800K)] 798173K->265475K(1203776K), 0.0086090 secs] [Times: user=0.03 sys=0.00, real=0.00 secs] 
2014-07-09T00:08:21.294+0000: 1889.257: [GC [PSYoungGen: 516742K->1012K(499264K)] 780867K->265355K(1186240K), 0.0206870 secs] [Times: user=0.07 sys=0.00, real=0.02 secs] 
2014-07-09T00:08:23.117+0000: 1891.080: [GC [PSYoungGen: 499252K->1044K(482944K)] 763595K->265427K(1169920K), 0.0131190 secs] [Times: user=0.05 sys=0.00, real=0.01 secs] 
2014-07-09T00:08:24.968+0000: 1892.931: [GC [PSYoungGen: 482900K->976K(467200K)] 747283K->265515K(1154176K), 0.0109600 secs] [Times: user=0.04 sys=0.00, real=0.01 secs] 
2014-07-09T00:08:26.634+0000: 1894.597: [GC [PSYoungGen: 467152K->1328K(452544K)] 731691K->265915K(1139520K), 0.0213620 secs] [Times: user=0.07 sys=0.01, real=0.02 secs] 
2014-07-09T00:08:28.331+0000: 1896.294: [GC [PSYoungGen: 452511K->880K(542336K)] 717098K->265727K(1229312K), 0.0305360 secs] [Times: user=0.10 sys=0.00, real=0.03 secs] 
2014-07-09T00:08:30.301+0000: 1898.264: [GC [PSYoungGen: 542320K->1222K(651008K)] 807167K->266149K(1337984K), 0.0231060 secs] [Times: user=0.08 sys=0.00, real=0.02 secs] 
2014-07-09T00:08:32.750+0000: 1900.713: [GC [PSYoungGen: 650877K->1062K(627584K)] 915804K->266217K(1314560K), 0.0084870 secs] [Times: user=0.03 sys=0.00, real=0.01 secs] 
2014-07-09T00:08:35.067+0000: 1903.030: [GC [PSYoungGen: 627536K->1296K(753152K)] 892691K->266531K(1440128K), 0.0410680 secs] [Times: user=0.14 sys=0.00, real=0.04 secs] 
2014-07-09T00:08:37.874+0000: 1905.836: [GC [PSYoungGen: 753063K->684K(724544K)] 1018298K->266505K(1411520K), 0.0179040 secs] [Times: user=0.06 sys=0.00, real=0.02 secs] 
2014-07-09T00:08:40.500+0000: 1908.463: [GC [PSYoungGen: 724524K->1510K(698688K)] 990345K->267444K(1385664K), 0.0104050 secs] [Times: user=0.04 sys=0.00, real=0.01 secs] 
2014-07-09T00:08:43.075+0000: 1911.038: [GC [PSYoungGen: 698662K->866K(672640K)] 964596K->267176K(1359616K), 0.0245610 secs] [Times: user=0.09 sys=0.00, real=0.03 secs] 
2014-07-09T00:08:45.563+0000: 1913.526: [GC [PSYoungGen: 672610K->1268K(648768K)] 938920K->267610K(1335744K), 0.0095220 secs] [Times: user=0.03 sys=0.00, real=0.01 secs] 
2014-07-09T00:08:47.977+0000: 1915.940: [GC [PSYoungGen: 648756K->1076K(625472K)] 915098K->267586K(1312448K), 0.0277690 secs] [Times: user=0.10 sys=0.00, real=0.03 secs] 
2014-07-09T00:08:50.265+0000: 1918.228: [GC [PSYoungGen: 625460K->1172K(603520K)] 891970K->267794K(1290496K), 0.0141840 secs] [Times: user=0.05 sys=0.00, real=0.01 secs] 
2014-07-09T00:08:52.493+0000: 1920.456: [GC [PSYoungGen: 603476K->816K(582080K)] 870098K->267682K(1269056K), 0.0126670 secs] [Times: user=0.03 sys=0.00, real=0.01 secs] 
2014-07-09T00:08:54.653+0000: 1922.616: [GC [PSYoungGen: 582033K->1446K(562624K)] 848899K->268360K(1249600K), 0.0118290 secs] [Times: user=0.03 sys=0.00, real=0.01 secs] 
2014-07-09T00:08:56.761+0000: 1924.724: [GC [PSYoungGen: 562598K->830K(542784K)] 829512K->268120K(1229760K), 0.0134720 secs] [Times: user=0.06 sys=0.00, real=0.01 secs] 
2014-07-09T00:08:58.749+0000: 1926.712: [GC [PSYoungGen: 542782K->1364K(525056K)] 810072K->268758K(1212032K), 0.0117100 secs] [Times: user=0.03 sys=0.00, real=0.01 secs] 
2014-07-09T00:09:00.676+0000: 1928.639: [GC [PSYoungGen: 525004K->871K(507008K)] 792398K->268985K(1193984K), 0.0094730 secs] [Times: user=0.03 sys=0.00, real=0.01 secs] 
2014-07-09T00:09:02.483+0000: 1930.446: [GC [PSYoungGen: 506983K->1635K(491072K)] 775097K->269822K(1178048K), 0.0053090 secs] [Times: user=0.01 sys=0.00, real=0.00 secs] 
2014-07-09T00:09:04.260+0000: 1932.223: [GC [PSYoungGen: 491020K->802K(474240K)] 759207K->269544K(1161216K), 0.0052230 secs] [Times: user=0.01 sys=0.00, real=0.01 secs] 
2014-07-09T00:09:06.057+0000: 1934.020: [GC [PSYoungGen: 474210K->1240K(569408K)] 742952K->270022K(1256384K), 0.0529290 secs] [Times: user=0.19 sys=0.00, real=0.05 secs] 
2014-07-09T00:09:08.129+0000: 1936.092: [GC [PSYoungGen: 569368K->1076K(549696K)] 838150K->270110K(1236672K), 0.0095980 secs] [Times: user=0.03 sys=0.00, real=0.01 secs] 
2014-07-09T00:09:10.233+0000: 1938.196: [GC [PSYoungGen: 549638K->1062K(531072K)] 818672K->270168K(1218048K), 0.0120480 secs] [Times: user=0.05 sys=0.00, real=0.01 secs] 
2014-07-09T00:09:12.189+0000: 1940.151: [GC [PSYoungGen: 531019K->1044K(513280K)] 800126K->270206K(1200256K), 0.0141100 secs] [Times: user=0.04 sys=0.00, real=0.01 secs] 
2014-07-09T00:09:14.076+0000: 1942.039: [GC [PSYoungGen: 513236K->1101K(496320K)] 782398K->270279K(1183296K), 0.0078380 secs] [Times: user=0.01 sys=0.00, real=0.01 secs] 
2014-07-09T00:09:15.897+0000: 1943.860: [GC [PSYoungGen: 496232K->1062K(480000K)] 765410K->270256K(1166976K), 0.0061410 secs] [Times: user=0.01 sys=0.00, real=0.00 secs] 
2014-07-09T00:09:17.654+0000: 1945.616: [GC [PSYoungGen: 479974K->1268K(464640K)] 749168K->270566K(1151616K), 0.0189250 secs] [Times: user=0.06 sys=0.00, real=0.02 secs] 
2014-07-09T00:09:19.354+0000: 1947.317: [GC [PSYoungGen: 464628K->1122K(449664K)] 733926K->270566K(1136640K), 0.0183330 secs] [Times: user=0.05 sys=0.00, real=0.02 secs] 
2014-07-09T00:09:21.053+0000: 1949.016: [GC [PSYoungGen: 449634K->1126K(435456K)] 719078K->270610K(1122432K), 0.0144740 secs] [Times: user=0.05 sys=0.00, real=0.02 secs] 
2014-07-09T00:09:22.695+0000: 1950.658: [GC [PSYoungGen: 435430K->1057K(522304K)] 704914K->270929K(1209280K), 0.0277800 secs] [Times: user=0.10 sys=0.00, real=0.02 secs] 
2014-07-09T00:09:24.633+0000: 1952.596: [GC [PSYoungGen: 522273K->1474K(505344K)] 792145K->271394K(1192320K), 0.0062730 secs] [Times: user=0.01 sys=0.00, real=0.01 secs] 
2014-07-09T00:09:26.521+0000: 1954.484: [GC [PSYoungGen: 505267K->748K(487936K)] 775188K->271393K(1174912K), 0.0093120 secs] [Times: user=0.03 sys=0.00, real=0.01 secs] 
2014-07-09T00:09:28.342+0000: 1956.305: [GC [PSYoungGen: 487916K->1414K(472768K)] 758561K->272163K(1159744K), 0.0131960 secs] [Times: user=0.04 sys=0.00, real=0.02 secs] 
2014-07-09T00:09:30.098+0000: 1958.060: [GC [PSYoungGen: 472710K->1278K(566848K)] 743459K->272247K(1253824K), 0.0368680 secs] [Times: user=0.13 sys=0.00, real=0.03 secs] 
2014-07-09T00:09:32.178+0000: 1960.141: [GC [PSYoungGen: 566846K->1012K(679744K)] 837815K->272029K(1366720K), 0.0425000 secs] [Times: user=0.15 sys=0.00, real=0.04 secs] 
2014-07-09T00:09:34.656+0000: 1962.618: [GC [PSYoungGen: 679732K->1324K(815808K)] 950749K->272550K(1502784K), 0.0087070 secs] [Times: user=0.02 sys=0.00, real=0.01 secs] 
2014-07-09T00:09:37.677+0000: 1965.640: [GC [PSYoungGen: 815781K->1471K(785024K)] 1087006K->272728K(1472000K), 0.0117370 secs] [Times: user=0.04 sys=0.00, real=0.01 secs] 
2014-07-09T00:09:40.587+0000: 1968.550: [GC [PSYoungGen: 785023K->954K(755072K)] 1056280K->272625K(1442048K), 0.0172550 secs] [Times: user=0.07 sys=0.00, real=0.01 secs] 
2014-07-09T00:09:43.310+0000: 1971.273: [GC [PSYoungGen: 755066K->1176K(727232K)] 1026737K->272911K(1414208K), 0.0315070 secs] [Times: user=0.10 sys=0.00, real=0.03 secs] 
2014-07-09T00:09:46.058+0000: 1974.021: [GC [PSYoungGen: 727192K->1190K(700480K)] 998927K->273073K(1387456K), 0.0037420 secs] [Times: user=0.01 sys=0.01, real=0.00 secs] 
2014-07-09T00:09:48.579+0000: 1976.542: [GC [PSYoungGen: 700454K->1108K(674880K)] 972337K->273095K(1361856K), 0.0076970 secs] [Times: user=0.02 sys=0.01, real=0.00 secs] 
2014-07-09T00:09:51.136+0000: 1979.099: [GC [PSYoungGen: 674836K->1172K(650624K)] 946823K->273231K(1337600K), 0.0067960 secs] [Times: user=0.02 sys=0.00, real=0.01 secs] 
2014-07-09T00:09:53.464+0000: 1981.427: [GC [PSYoungGen: 650580K->1108K(627328K)] 922639K->273247K(1314304K), 0.0193670 secs] [Times: user=0.06 sys=0.00, real=0.02 secs] 
2014-07-09T00:09:55.837+0000: 1983.800: [GC [PSYoungGen: 627284K->1140K(605184K)] 899423K->273335K(1292160K), 0.0125600 secs] [Times: user=0.04 sys=0.00, real=0.01 secs] 
2014-07-09T00:09:58.032+0000: 1985.995: [GC [PSYoungGen: 605172K->1232K(584192K)] 877367K->273515K(1271168K), 0.0121170 secs] [Times: user=0.04 sys=0.00, real=0.01 secs] 
2014-07-09T00:10:00.154+0000: 1988.116: [GC [PSYoungGen: 584144K->948K(563712K)] 856427K->273335K(1250688K), 0.0048230 secs] [Times: user=0.01 sys=0.00, real=0.00 secs] 
2014-07-09T00:10:02.195+0000: 1990.158: [GC [PSYoungGen: 563700K->1296K(544832K)] 836087K->273739K(1231808K), 0.0113990 secs] [Times: user=0.04 sys=0.00, real=0.01 secs] 
2014-07-09T00:10:04.236+0000: 1992.198: [GC [PSYoungGen: 544784K->1012K(526080K)] 817227K->273519K(1213056K), 0.0071990 secs] [Times: user=0.02 sys=0.00, real=0.01 secs] 
2014-07-09T00:10:06.186+0000: 1994.149: [GC [PSYoungGen: 526068K->1420K(508928K)] 798575K->273960K(1195904K), 0.0125040 secs] [Times: user=0.04 sys=0.00, real=0.01 secs] 
2014-07-09T00:10:08.107+0000: 1996.070: [GC [PSYoungGen: 508876K->866K(491584K)] 781416K->273663K(1178560K), 0.0193230 secs] [Times: user=0.07 sys=0.00, real=0.02 secs] 
2014-07-09T00:10:09.912+0000: 1997.875: [GC [PSYoungGen: 491524K->1062K(475712K)] 764322K->273907K(1162688K), 0.0062280 secs] [Times: user=0.00 sys=0.01, real=0.00 secs] 
2014-07-09T00:10:11.637+0000: 1999.599: [GC [PSYoungGen: 475686K->1236K(460544K)] 748531K->274219K(1147520K), 0.0085680 secs] [Times: user=0.03 sys=0.00, real=0.01 secs] 
2014-07-09T00:10:13.301+0000: 2001.264: [GC [PSYoungGen: 460500K->1140K(445760K)] 733483K->274155K(1132736K), 0.0167390 secs] [Times: user=0.06 sys=0.00, real=0.02 secs] 
2014-07-09T00:10:14.969+0000: 2002.932: [GC [PSYoungGen: 445748K->830K(431424K)] 718763K->274075K(1118400K), 0.0075670 secs] [Times: user=0.03 sys=0.00, real=0.01 secs] 
2014-07-09T00:10:16.607+0000: 2004.570: [GC [PSYoungGen: 431421K->1190K(418368K)] 704666K->274467K(1105344K), 0.0045070 secs] [Times: user=0.01 sys=0.00, real=0.00 secs] 
2014-07-09T00:10:18.168+0000: 2006.131: [GC [PSYoungGen: 418342K->1012K(405312K)] 691619K->274483K(1092288K), 0.0147830 secs] [Times: user=0.05 sys=0.00, real=0.01 secs] 
2014-07-09T00:10:19.635+0000: 2007.598: [GC [PSYoungGen: 405300K->1509K(393536K)] 678771K->275176K(1080512K), 0.0082330 secs] [Times: user=0.02 sys=0.00, real=0.01 secs] 
2014-07-09T00:10:21.125+0000: 2009.088: [GC [PSYoungGen: 393509K->574K(380800K)] 667176K->274777K(1067776K), 0.0084890 secs] [Times: user=0.02 sys=0.00, real=0.01 secs] 
2014-07-09T00:10:22.495+0000: 2010.458: [GC [PSYoungGen: 380798K->1290K(370240K)] 655001K->275541K(1057216K), 0.0241500 secs] [Times: user=0.07 sys=0.00, real=0.02 secs] 
2014-07-09T00:10:23.861+0000: 2011.824: [GC [PSYoungGen: 370160K->1272K(359360K)] 644412K->275817K(1046336K), 0.0126750 secs] [Times: user=0.05 sys=0.00, real=0.01 secs] 
2014-07-09T00:10:25.175+0000: 2013.138: [GC [PSYoungGen: 359352K->1076K(348800K)] 633897K->275653K(1035776K), 0.0118830 secs] [Times: user=0.04 sys=0.00, real=0.01 secs] 
2014-07-09T00:10:26.457+0000: 2014.420: [GC [PSYoungGen: 348788K->1008K(338752K)] 623365K->275781K(1025728K), 0.0083100 secs] [Times: user=0.03 sys=0.00, real=0.01 secs] 
2014-07-09T00:10:27.706+0000: 2015.669: [GC [PSYoungGen: 338736K->1240K(329472K)] 613509K->276117K(1016448K), 0.0125250 secs] [Times: user=0.05 sys=0.00, real=0.01 secs] 
2014-07-09T00:10:28.919+0000: 2016.882: [GC [PSYoungGen: 329432K->948K(320000K)] 604309K->276061K(1006976K), 0.0170640 secs] [Times: user=0.05 sys=0.00, real=0.02 secs] 
2014-07-09T00:10:30.075+0000: 2018.038: [GC [PSYoungGen: 319988K->1204K(311488K)] 595101K->276357K(998464K), 0.0076800 secs] [Times: user=0.03 sys=0.00, real=0.00 secs] 
2014-07-09T00:10:31.237+0000: 2019.200: [GC [PSYoungGen: 311476K->948K(302784K)] 586629K->276391K(989760K), 0.0116820 secs] [Times: user=0.04 sys=0.00, real=0.01 secs] 
2014-07-09T00:10:32.318+0000: 2020.281: [GC [PSYoungGen: 302772K->1062K(294784K)] 578215K->276545K(981760K), 0.0036830 secs] [Times: user=0.01 sys=0.00, real=0.00 secs] 
2014-07-09T00:10:33.380+0000: 2021.343: [GC [PSYoungGen: 294729K->944K(286848K)] 570212K->276699K(973824K), 0.0094730 secs] [Times: user=0.03 sys=0.00, real=0.01 secs] 
2014-07-09T00:10:34.473+0000: 2022.436: [GC [PSYoungGen: 286784K->1200K(279616K)] 562539K->276987K(966592K), 0.0128440 secs] [Times: user=0.04 sys=0.00, real=0.02 secs] 
2014-07-09T00:10:35.477+0000: 2023.440: [GC [PSYoungGen: 279576K->816K(272064K)] 555363K->276881K(959040K), 0.0107900 secs] [Times: user=0.04 sys=0.00, real=0.01 secs] 
2014-07-09T00:10:36.531+0000: 2024.494: [GC [PSYoungGen: 272048K->1368K(326912K)] 548113K->277497K(1013888K), 0.0216530 secs] [Times: user=0.07 sys=0.00, real=0.02 secs] 
2014-07-09T00:10:37.728+0000: 2025.690: [GC [PSYoungGen: 326824K->752K(391424K)] 602953K->277401K(1078400K), 0.0156420 secs] [Times: user=0.06 sys=0.00, real=0.01 secs] 
2014-07-09T00:10:39.189+0000: 2027.152: [GC [PSYoungGen: 391408K->1304K(470144K)] 668057K->278059K(1157120K), 0.0057750 secs] [Times: user=0.02 sys=0.00, real=0.00 secs] 
2014-07-09T00:10:40.948+0000: 2028.911: [GC [PSYoungGen: 470092K->866K(454592K)] 746847K->277955K(1141568K), 0.0129870 secs] [Times: user=0.04 sys=0.00, real=0.01 secs] 
2014-07-09T00:10:42.599+0000: 2030.561: [GC [PSYoungGen: 454546K->1204K(440448K)] 731635K->278333K(1127424K), 0.0114140 secs] [Times: user=0.04 sys=0.00, real=0.01 secs] 
2014-07-09T00:10:44.251+0000: 2032.214: [GC [PSYoungGen: 440436K->894K(426304K)] 717565K->278349K(1113280K), 0.0063010 secs] [Times: user=0.02 sys=0.00, real=0.01 secs] 
2014-07-09T00:10:45.814+0000: 2033.777: [GC [PSYoungGen: 426295K->1176K(413440K)] 703750K->278655K(1100416K), 0.0049200 secs] [Times: user=0.02 sys=0.00, real=0.01 secs] 
2014-07-09T00:10:47.359+0000: 2035.322: [GC [PSYoungGen: 413400K->744K(400320K)] 690879K->278939K(1087296K), 0.0051510 secs] [Times: user=0.01 sys=0.00, real=0.00 secs] 
2014-07-09T00:10:48.869+0000: 2036.832: [GC [PSYoungGen: 400296K->1460K(388928K)] 678491K->279818K(1075904K), 0.0085470 secs] [Times: user=0.02 sys=0.00, real=0.00 secs] 
2014-07-09T00:10:50.279+0000: 2038.242: [GC [PSYoungGen: 388916K->738K(376640K)] 667274K->279822K(1063616K), 0.0049540 secs] [Times: user=0.01 sys=0.01, real=0.00 secs] 
2014-07-09T00:10:51.714+0000: 2039.677: [GC [PSYoungGen: 376581K->1222K(366016K)] 655665K->280404K(1052992K), 0.0251980 secs] [Times: user=0.09 sys=0.00, real=0.03 secs] 
2014-07-09T00:10:53.098+0000: 2041.061: [GC [PSYoungGen: 365958K->1236K(355392K)] 645140K->280644K(1042368K), 0.0075540 secs] [Times: user=0.02 sys=0.00, real=0.01 secs] 
2014-07-09T00:10:54.374+0000: 2042.337: [GC [PSYoungGen: 355348K->1136K(345024K)] 634756K->280560K(1032000K), 0.0080460 secs] [Times: user=0.01 sys=0.00, real=0.01 secs] 
2014-07-09T00:10:55.631+0000: 2043.594: [GC [PSYoungGen: 345008K->802K(334912K)] 624432K->280508K(1021888K), 0.0054340 secs] [Times: user=0.01 sys=0.00, real=0.00 secs] 
2014-07-09T00:10:56.907+0000: 2044.870: [GC [PSYoungGen: 334812K->1386K(326080K)] 614518K->281156K(1013056K), 0.0095080 secs] [Times: user=0.04 sys=0.00, real=0.01 secs] 
2014-07-09T00:10:58.101+0000: 2046.064: [GC [PSYoungGen: 326058K->994K(316672K)] 605828K->281064K(1003648K), 0.0094780 secs] [Times: user=0.03 sys=0.00, real=0.01 secs] 
2014-07-09T00:10:59.227+0000: 2047.190: [GC [PSYoungGen: 316642K->1374K(308416K)] 596712K->281476K(995392K), 0.0142300 secs] [Times: user=0.05 sys=0.00, real=0.02 secs] 
2014-07-09T00:11:00.366+0000: 2048.328: [GC [PSYoungGen: 308382K->802K(299520K)] 588484K->281140K(986496K), 0.0093730 secs] [Times: user=0.02 sys=0.00, real=0.01 secs] 
2014-07-09T00:11:01.445+0000: 2049.408: [GC [PSYoungGen: 299466K->1282K(292032K)] 579804K->281652K(979008K), 0.0046790 secs] [Times: user=0.01 sys=0.00, real=0.00 secs] 
2014-07-09T00:11:02.548+0000: 2050.511: [GC [PSYoungGen: 291970K->1086K(284096K)] 572340K->281700K(971072K), 0.0206980 secs] [Times: user=0.07 sys=0.00, real=0.02 secs] 
2014-07-09T00:11:03.564+0000: 2051.527: [GC [PSYoungGen: 284094K->1236K(276928K)] 564708K->281906K(963904K), 0.0066620 secs] [Times: user=0.03 sys=0.00, real=0.01 secs] 
2014-07-09T00:11:04.568+0000: 2052.531: [GC [PSYoungGen: 276884K->887K(269440K)] 557554K->281830K(956416K), 0.0102300 secs] [Times: user=0.03 sys=0.00, real=0.01 secs] 
2014-07-09T00:11:05.535+0000: 2053.498: [GC [PSYoungGen: 269431K->1520K(263232K)] 550374K->282529K(950208K), 0.0060340 secs] [Times: user=0.01 sys=0.00, real=0.01 secs] 
2014-07-09T00:11:06.509+0000: 2054.472: [GC [PSYoungGen: 263200K->673K(255808K)] 544209K->282418K(942784K), 0.0139540 secs] [Times: user=0.05 sys=0.00, real=0.02 secs] 
2014-07-09T00:11:07.456+0000: 2055.419: [GC [PSYoungGen: 255777K->1508K(250304K)] 537522K->283317K(937280K), 0.0098660 secs] [Times: user=0.04 sys=0.00, real=0.01 secs] 
2014-07-09T00:11:08.377+0000: 2056.340: [GC [PSYoungGen: 250276K->1076K(299648K)] 532085K->283437K(986624K), 0.0177050 secs] [Times: user=0.06 sys=0.00, real=0.02 secs] 
2014-07-09T00:11:09.465+0000: 2057.428: [GC [PSYoungGen: 299636K->1062K(359360K)] 581997K->283455K(1046336K), 0.0123970 secs] [Times: user=0.05 sys=0.00, real=0.01 secs] 
2014-07-09T00:11:10.842+0000: 2058.805: [GC [PSYoungGen: 359334K->1314K(431296K)] 641727K->283764K(1118272K), 0.0117480 secs] [Times: user=0.04 sys=0.00, real=0.01 secs] 
2014-07-09T00:11:12.424+0000: 2060.387: [GC [PSYoungGen: 431266K->1172K(417728K)] 713716K->283669K(1104704K), 0.0078960 secs] [Times: user=0.01 sys=0.00, real=0.01 secs] 
2014-07-09T00:11:13.970+0000: 2061.933: [GC [PSYoungGen: 417682K->944K(404608K)] 700180K->283677K(1091584K), 0.0118430 secs] [Times: user=0.05 sys=0.00, real=0.01 secs] 
2014-07-09T00:11:15.425+0000: 2063.388: [GC [PSYoungGen: 404592K->1318K(392704K)] 687325K->284091K(1079680K), 0.0082550 secs] [Times: user=0.02 sys=0.00, real=0.01 secs] 
2014-07-09T00:11:16.874+0000: 2064.837: [GC [PSYoungGen: 392678K->1076K(380672K)] 675451K->283971K(1067648K), 0.0096410 secs] [Times: user=0.03 sys=0.01, real=0.01 secs] 
2014-07-09T00:11:18.290+0000: 2066.253: [GC [PSYoungGen: 380660K->1264K(369600K)] 663555K->284288K(1056576K), 0.0097160 secs] [Times: user=0.02 sys=0.00, real=0.01 secs] 
2014-07-09T00:11:19.680+0000: 2067.643: [GC [PSYoungGen: 369584K->866K(358400K)] 652608K->284083K(1045376K), 0.0238920 secs] [Times: user=0.07 sys=0.00, real=0.03 secs] 
2014-07-09T00:11:20.994+0000: 2068.957: [GC [PSYoungGen: 358334K->1378K(430464K)] 641551K->284636K(1117440K), 0.0152840 secs] [Times: user=0.05 sys=0.00, real=0.01 secs] 
2014-07-09T00:11:22.627+0000: 2070.590: [GC [PSYoungGen: 430434K->944K(416640K)] 713692K->284496K(1103616K), 0.0099130 secs] [Times: user=0.03 sys=0.00, real=0.01 secs] 
2014-07-09T00:11:24.209+0000: 2072.172: [GC [PSYoungGen: 416624K->1190K(404096K)] 700176K->284782K(1091072K), 0.0096130 secs] [Times: user=0.03 sys=0.00, real=0.01 secs] 
2014-07-09T00:11:25.675+0000: 2073.637: [GC [PSYoungGen: 404070K->1086K(484544K)] 687662K->284882K(1171520K), 0.0241860 secs] [Times: user=0.09 sys=0.00, real=0.02 secs] 
2014-07-09T00:11:27.431+0000: 2075.394: [GC [PSYoungGen: 484542K->1236K(468992K)] 768338K->285104K(1155968K), 0.0097690 secs] [Times: user=0.04 sys=0.00, real=0.01 secs] 
2014-07-09T00:11:29.190+0000: 2077.153: [GC [PSYoungGen: 468948K->752K(453440K)] 752816K->284968K(1140416K), 0.0114130 secs] [Times: user=0.04 sys=0.01, real=0.01 secs] 
2014-07-09T00:11:30.841+0000: 2078.804: [GC [PSYoungGen: 453415K->1236K(439552K)] 737631K->285500K(1126528K), 0.0089900 secs] [Times: user=0.02 sys=0.00, real=0.01 secs] 
2014-07-09T00:11:32.473+0000: 2080.435: [GC [PSYoungGen: 439508K->1058K(425600K)] 723772K->285476K(1112576K), 0.0094750 secs] [Times: user=0.04 sys=0.00, real=0.01 secs] 
2014-07-09T00:11:34.069+0000: 2082.032: [GC [PSYoungGen: 425570K->1012K(412352K)] 709988K->285454K(1099328K), 0.0054970 secs] [Times: user=0.01 sys=0.00, real=0.00 secs] 
2014-07-09T00:11:35.571+0000: 2083.534: [GC [PSYoungGen: 412340K->880K(399616K)] 696782K->285574K(1086592K), 0.0167270 secs] [Times: user=0.05 sys=0.00, real=0.02 secs] 
2014-07-09T00:11:37.070+0000: 2085.033: [GC [PSYoungGen: 399600K->1190K(387840K)] 684294K->285924K(1074816K), 0.0134840 secs] [Times: user=0.04 sys=0.00, real=0.01 secs] 
2014-07-09T00:11:38.547+0000: 2086.510: [GC [PSYoungGen: 387814K->890K(375936K)] 672548K->286064K(1062912K), 0.0118560 secs] [Times: user=0.03 sys=0.00, real=0.01 secs] 
2014-07-09T00:11:39.938+0000: 2087.901: [GC [PSYoungGen: 375930K->1314K(365312K)] 661104K->286536K(1052288K), 0.0088310 secs] [Times: user=0.03 sys=0.00, real=0.01 secs] 
2014-07-09T00:11:41.263+0000: 2089.226: [GC [PSYoungGen: 365282K->766K(354112K)] 650504K->286480K(1041088K), 0.0161060 secs] [Times: user=0.06 sys=0.00, real=0.02 secs] 
2014-07-09T00:11:42.592+0000: 2090.555: [GC [PSYoungGen: 354110K->1272K(425344K)] 639824K->287010K(1112320K), 0.0197920 secs] [Times: user=0.07 sys=0.00, real=0.02 secs] 
2014-07-09T00:11:44.169+0000: 2092.132: [GC [PSYoungGen: 425313K->948K(509888K)] 711051K->286874K(1196864K), 0.0248470 secs] [Times: user=0.07 sys=0.00, real=0.02 secs] 
2014-07-09T00:11:46.055+0000: 2094.018: [GC [PSYoungGen: 509876K->1304K(612096K)] 795802K->287262K(1299072K), 0.0121130 secs] [Times: user=0.04 sys=0.00, real=0.02 secs] 
2014-07-09T00:11:48.370+0000: 2096.333: [GC [PSYoungGen: 612056K->702K(590016K)] 898014K->287138K(1276992K), 0.0094170 secs] [Times: user=0.03 sys=0.00, real=0.01 secs] 
2014-07-09T00:11:50.517+0000: 2098.480: [GC [PSYoungGen: 590014K->1396K(570240K)] 876450K->287905K(1257216K), 0.0057500 secs] [Times: user=0.01 sys=0.00, real=0.01 secs] 
2014-07-09T00:11:52.631+0000: 2100.594: [GC [PSYoungGen: 570228K->890K(550208K)] 856737K->287896K(1237184K), 0.0151830 secs] [Times: user=0.05 sys=0.01, real=0.01 secs] 
2014-07-09T00:11:54.663+0000: 2102.626: [GC [PSYoungGen: 550202K->1524K(532160K)] 837208K->288579K(1219136K), 0.0042120 secs] [Times: user=0.01 sys=0.00, real=0.00 secs] 
2014-07-09T00:11:56.615+0000: 2104.577: [GC [PSYoungGen: 532148K->684K(513472K)] 819203K->288270K(1200448K), 0.0078300 secs] [Times: user=0.03 sys=0.00, real=0.01 secs] 
2014-07-09T00:11:58.513+0000: 2106.476: [GC [PSYoungGen: 513452K->1496K(497280K)] 801038K->289170K(1184256K), 0.0132750 secs] [Times: user=0.05 sys=0.00, real=0.01 secs] 
2014-07-09T00:12:00.334+0000: 2108.296: [GC [PSYoungGen: 497240K->1012K(480512K)] 784914K->288930K(1167488K), 0.0054280 secs] [Times: user=0.02 sys=0.00, real=0.01 secs] 
2014-07-09T00:12:02.093+0000: 2110.056: [GC [PSYoungGen: 480500K->1076K(465024K)] 768418K->289034K(1152000K), 0.0168440 secs] [Times: user=0.06 sys=0.00, real=0.02 secs] 
2014-07-09T00:12:03.806+0000: 2111.768: [GC [PSYoungGen: 464979K->1278K(450304K)] 752937K->289433K(1137280K), 0.0129820 secs] [Times: user=0.05 sys=0.00, real=0.01 secs] 
2014-07-09T00:12:05.474+0000: 2113.437: [GC [PSYoungGen: 450259K->1382K(436224K)] 738413K->289577K(1123200K), 0.0103020 secs] [Times: user=0.04 sys=0.00, real=0.01 secs] 
2014-07-09T00:12:07.094+0000: 2115.057: [GC [PSYoungGen: 436197K->691K(421888K)] 724391K->289647K(1108864K), 0.0099460 secs] [Times: user=0.03 sys=0.01, real=0.01 secs] 
2014-07-09T00:12:08.701+0000: 2116.664: [GC [PSYoungGen: 421875K->1404K(409536K)] 710831K->290432K(1096512K), 0.0293370 secs] [Times: user=0.11 sys=0.00, real=0.03 secs] 
2014-07-09T00:12:10.188+0000: 2118.150: [GC [PSYoungGen: 409532K->1388K(397056K)] 698560K->290801K(1084032K), 0.0066310 secs] [Times: user=0.01 sys=0.01, real=0.01 secs] 
2014-07-09T00:12:11.659+0000: 2119.622: [GC [PSYoungGen: 397036K->1332K(385024K)] 686449K->290792K(1072000K), 0.0099070 secs] [Times: user=0.02 sys=0.00, real=0.01 secs] 
2014-07-09T00:12:13.093+0000: 2121.055: [GC [PSYoungGen: 385012K->630K(372864K)] 674472K->291250K(1059840K), 0.0172460 secs] [Times: user=0.05 sys=0.00, real=0.01 secs] 
2014-07-09T00:12:14.464+0000: 2122.427: [GC [PSYoungGen: 372826K->1390K(362688K)] 663447K->292050K(1049664K), 0.0038230 secs] [Times: user=0.01 sys=0.00, real=0.00 secs] 
2014-07-09T00:12:15.818+0000: 2123.781: [GC [PSYoungGen: 362670K->1044K(351872K)] 653330K->292162K(1038848K), 0.0217160 secs] [Times: user=0.07 sys=0.00, real=0.02 secs] 
2014-07-09T00:12:17.113+0000: 2125.076: [GC [PSYoungGen: 351814K->1609K(422656K)] 642933K->292792K(1109632K), 0.0211060 secs] [Times: user=0.06 sys=0.00, real=0.02 secs] 
2014-07-09T00:12:18.701+0000: 2126.664: [GC [PSYoungGen: 422601K->880K(506112K)] 713784K->292314K(1193088K), 0.0117240 secs] [Times: user=0.05 sys=0.00, real=0.02 secs] 
2014-07-09T00:12:20.527+0000: 2128.489: [GC [PSYoungGen: 506096K->1176K(489728K)] 797530K->292658K(1176704K), 0.0078200 secs] [Times: user=0.02 sys=0.00, real=0.01 secs] 
2014-07-09T00:12:22.298+0000: 2130.261: [GC [PSYoungGen: 489688K->1158K(473792K)] 781170K->292788K(1160768K), 0.0042000 secs] [Times: user=0.02 sys=0.00, real=0.01 secs] 
2014-07-09T00:12:24.070+0000: 2132.033: [GC [PSYoungGen: 473734K->1108K(458496K)] 765364K->292786K(1145472K), 0.0074810 secs] [Times: user=0.01 sys=0.00, real=0.01 secs] 
2014-07-09T00:12:25.731+0000: 2133.694: [GC [PSYoungGen: 458425K->1094K(443904K)] 750103K->292796K(1130880K), 0.0063530 secs] [Times: user=0.01 sys=0.00, real=0.01 secs] 
2014-07-09T00:12:27.385+0000: 2135.348: [GC [PSYoungGen: 443827K->1410K(430272K)] 735529K->293193K(1117248K), 0.0087340 secs] [Times: user=0.03 sys=0.01, real=0.01 secs] 
2014-07-09T00:12:28.986+0000: 2136.948: [GC [PSYoungGen: 430210K->1012K(416448K)] 721993K->292956K(1103424K), 0.0129240 secs] [Times: user=0.05 sys=0.00, real=0.01 secs] 
2014-07-09T00:12:30.474+0000: 2138.437: [GC [PSYoungGen: 416436K->1346K(404032K)] 708380K->293331K(1091008K), 0.0115710 secs] [Times: user=0.04 sys=0.00, real=0.01 secs] 
2014-07-09T00:12:32.039+0000: 2140.002: [GC [PSYoungGen: 403950K->1086K(391488K)] 695935K->293421K(1078464K), 0.0186150 secs] [Times: user=0.07 sys=0.00, real=0.02 secs] 
2014-07-09T00:12:33.505+0000: 2141.468: [GC [PSYoungGen: 391486K->1709K(380416K)] 683821K->294312K(1067392K), 0.0142730 secs] [Times: user=0.04 sys=0.00, real=0.01 secs] 
2014-07-09T00:12:34.911+0000: 2142.874: [GC [PSYoungGen: 380355K->702K(368128K)] 672958K->293883K(1055104K), 0.0075450 secs] [Times: user=0.01 sys=0.01, real=0.01 secs] 
2014-07-09T00:12:36.293+0000: 2144.256: [GC [PSYoungGen: 368100K->1418K(358144K)] 661281K->294647K(1045120K), 0.0141230 secs] [Times: user=0.05 sys=0.00, real=0.02 secs] 
2014-07-09T00:12:37.607+0000: 2145.570: [GC [PSYoungGen: 358090K->1044K(347456K)] 651319K->294557K(1034432K), 0.0129540 secs] [Times: user=0.05 sys=0.00, real=0.01 secs] 
2014-07-09T00:12:38.890+0000: 2146.853: [GC [PSYoungGen: 347407K->1126K(337600K)] 640920K->294687K(1024576K), 0.0122040 secs] [Times: user=0.04 sys=0.00, real=0.01 secs] 
2014-07-09T00:12:40.195+0000: 2148.158: [GC [PSYoungGen: 337574K->1076K(328064K)] 631135K->294693K(1015040K), 0.0145620 secs] [Times: user=0.05 sys=0.00, real=0.02 secs] 
2014-07-09T00:12:41.420+0000: 2149.383: [GC [PSYoungGen: 328052K->1044K(318976K)] 621669K->294693K(1005952K), 0.0139360 secs] [Times: user=0.05 sys=0.00, real=0.01 secs] 
2014-07-09T00:12:42.555+0000: 2150.518: [GC [PSYoungGen: 318932K->1204K(310336K)] 612581K->294885K(997312K), 0.0065730 secs] [Times: user=0.01 sys=0.00, real=0.01 secs] 
2014-07-09T00:12:43.746+0000: 2151.709: [GC [PSYoungGen: 310324K->1108K(301888K)] 604005K->294829K(988864K), 0.0123300 secs] [Times: user=0.03 sys=0.00, real=0.01 secs] 
2014-07-09T00:12:44.887+0000: 2152.850: [GC [PSYoungGen: 301844K->1044K(361984K)] 595565K->294789K(1048960K), 0.0323790 secs] [Times: user=0.11 sys=0.00, real=0.03 secs] 
2014-07-09T00:12:46.192+0000: 2154.154: [GC [PSYoungGen: 361940K->1140K(434240K)] 655685K->294941K(1121216K), 0.0115380 secs] [Times: user=0.04 sys=0.00, real=0.01 secs] 
2014-07-09T00:12:47.791+0000: 2155.754: [GC [PSYoungGen: 434228K->1264K(521024K)] 728029K->295169K(1208000K), 0.0052670 secs] [Times: user=0.01 sys=0.00, real=0.01 secs] 
2014-07-09T00:12:49.722+0000: 2157.685: [GC [PSYoungGen: 521008K->1172K(503616K)] 814913K->295133K(1190592K), 0.0167180 secs] [Times: user=0.05 sys=0.00, real=0.02 secs] 
2014-07-09T00:12:51.550+0000: 2159.513: [GC [PSYoungGen: 503572K->890K(486720K)] 797533K->295169K(1173696K), 0.0040810 secs] [Times: user=0.02 sys=0.00, real=0.00 secs] 
2014-07-09T00:12:53.397+0000: 2161.360: [GC [PSYoungGen: 486714K->1204K(471232K)] 780993K->295523K(1158208K), 0.0105370 secs] [Times: user=0.03 sys=0.00, real=0.02 secs] 
2014-07-09T00:12:55.185+0000: 2163.147: [GC [PSYoungGen: 471219K->1012K(455872K)] 765538K->295403K(1142848K), 0.0107060 secs] [Times: user=0.04 sys=0.00, real=0.01 secs] 
2014-07-09T00:12:56.832+0000: 2164.795: [GC [PSYoungGen: 455857K->1410K(441856K)] 750248K->295833K(1128832K), 0.0205240 secs] [Times: user=0.07 sys=0.00, real=0.02 secs] 
2014-07-09T00:12:58.492+0000: 2166.455: [GC [PSYoungGen: 441761K->752K(427264K)] 736185K->295695K(1114240K), 0.0050280 secs] [Times: user=0.01 sys=0.00, real=0.01 secs] 
2014-07-09T00:13:00.131+0000: 2168.094: [GC [PSYoungGen: 427229K->1322K(414592K)] 722173K->296322K(1101568K), 0.0083120 secs] [Times: user=0.03 sys=0.00, real=0.01 secs] 
2014-07-09T00:13:01.651+0000: 2169.614: [GC [PSYoungGen: 414558K->1147K(401728K)] 709558K->296467K(1088704K), 0.0122100 secs] [Times: user=0.04 sys=0.00, real=0.01 secs] 
2014-07-09T00:13:03.187+0000: 2171.150: [GC [PSYoungGen: 401723K->980K(389440K)] 697043K->296316K(1076416K), 0.0083790 secs] [Times: user=0.01 sys=0.00, real=0.01 secs] 
2014-07-09T00:13:04.616+0000: 2172.579: [GC [PSYoungGen: 389396K->1200K(377984K)] 684732K->296584K(1064960K), 0.0056670 secs] [Times: user=0.01 sys=0.00, real=0.01 secs] 
2014-07-09T00:13:06.030+0000: 2173.993: [GC [PSYoungGen: 377968K->1172K(366848K)] 673352K->296604K(1053824K), 0.0293630 secs] [Times: user=0.09 sys=0.01, real=0.03 secs] 
2014-07-09T00:13:07.404+0000: 2175.367: [GC [PSYoungGen: 366804K->930K(355904K)] 662236K->296500K(1042880K), 0.0043130 secs] [Times: user=0.02 sys=0.00, real=0.00 secs] 
2014-07-09T00:13:08.697+0000: 2176.660: [GC [PSYoungGen: 355874K->1030K(345792K)] 651444K->296664K(1032768K), 0.0117970 secs] [Times: user=0.04 sys=0.00, real=0.01 secs] 
2014-07-09T00:13:10.017+0000: 2177.980: [GC [PSYoungGen: 345734K->1062K(335936K)] 641368K->296786K(1022912K), 0.0127510 secs] [Times: user=0.05 sys=0.00, real=0.02 secs] 
2014-07-09T00:13:11.261+0000: 2179.224: [GC [PSYoungGen: 335910K->1076K(326528K)] 631634K->296848K(1013504K), 0.0078090 secs] [Times: user=0.03 sys=0.00, real=0.00 secs] 
2014-07-09T00:13:12.428+0000: 2180.391: [GC [PSYoungGen: 326516K->1076K(391616K)] 622288K->296888K(1078592K), 0.0275860 secs] [Times: user=0.09 sys=0.00, real=0.03 secs] 
2014-07-09T00:13:13.898+0000: 2181.861: [GC [PSYoungGen: 391511K->1382K(470080K)] 687323K->297242K(1157056K), 0.0078760 secs] [Times: user=0.02 sys=0.00, real=0.01 secs] 
2014-07-09T00:13:15.647+0000: 2183.610: [GC [PSYoungGen: 470054K->638K(563072K)] 765914K->296864K(1250048K), 0.0185840 secs] [Times: user=0.07 sys=0.00, real=0.02 secs] 
2014-07-09T00:13:17.772+0000: 2185.735: [GC [PSYoungGen: 563056K->1240K(544448K)] 859282K->297506K(1231424K), 0.0176370 secs] [Times: user=0.06 sys=0.00, real=0.01 secs] 
2014-07-09T00:13:19.780+0000: 2187.743: [GC [PSYoungGen: 544408K->1264K(526080K)] 840674K->297814K(1213056K), 0.0215300 secs] [Times: user=0.08 sys=0.00, real=0.03 secs] 
2014-07-09T00:13:21.731+0000: 2189.694: [GC [PSYoungGen: 526064K->1591K(508864K)] 822614K->298279K(1195840K), 0.0057940 secs] [Times: user=0.01 sys=0.00, real=0.00 secs] 
2014-07-09T00:13:23.559+0000: 2191.522: [GC [PSYoungGen: 508855K->374K(490880K)] 805543K->297954K(1177856K), 0.0107510 secs] [Times: user=0.04 sys=0.00, real=0.01 secs] 
2014-07-09T00:13:25.393+0000: 2193.356: [GC [PSYoungGen: 490870K->1504K(475968K)] 788450K->299132K(1162944K), 0.0036500 secs] [Times: user=0.01 sys=0.00, real=0.00 secs] 
2014-07-09T00:13:27.177+0000: 2195.140: [GC [PSYoungGen: 475936K->1172K(570560K)] 773564K->299284K(1257536K), 0.0409800 secs] [Times: user=0.14 sys=0.00, real=0.04 secs] 
2014-07-09T00:13:29.259+0000: 2197.222: [GC [PSYoungGen: 570516K->1236K(551040K)] 868628K->299468K(1238016K), 0.0108660 secs] [Times: user=0.04 sys=0.00, real=0.01 secs] 
2014-07-09T00:13:31.332+0000: 2199.294: [GC [PSYoungGen: 550996K->1012K(532096K)] 849228K->299424K(1219072K), 0.0041920 secs] [Times: user=0.01 sys=0.00, real=0.01 secs] 
2014-07-09T00:13:33.283+0000: 2201.246: [GC [PSYoungGen: 532084K->1165K(514432K)] 830496K->299618K(1201408K), 0.0057810 secs] [Times: user=0.01 sys=0.00, real=0.01 secs] 
2014-07-09T00:13:35.243+0000: 2203.206: [GC [PSYoungGen: 514352K->1150K(497344K)] 812804K->299759K(1184320K), 0.0093130 secs] [Times: user=0.03 sys=0.00, real=0.01 secs] 
2014-07-09T00:13:37.066+0000: 2205.029: [GC [PSYoungGen: 497331K->1158K(481088K)] 795940K->299822K(1168064K), 0.0244010 secs] [Times: user=0.09 sys=0.00, real=0.02 secs] 
2014-07-09T00:13:38.836+0000: 2206.799: [GC [PSYoungGen: 481030K->880K(465216K)] 779694K->299838K(1152192K), 0.0131560 secs] [Times: user=0.05 sys=0.00, real=0.01 secs] 
2014-07-09T00:13:40.586+0000: 2208.549: [GC [PSYoungGen: 465199K->1158K(450624K)] 764157K->300188K(1137600K), 0.0081530 secs] [Times: user=0.02 sys=0.00, real=0.01 secs] 
2014-07-09T00:13:42.255+0000: 2210.218: [GC [PSYoungGen: 450566K->1076K(436224K)] 749596K->300220K(1123200K), 0.0149760 secs] [Times: user=0.05 sys=0.00, real=0.01 secs] 
2014-07-09T00:13:43.908+0000: 2211.870: [GC [PSYoungGen: 436212K->1076K(422592K)] 735356K->300252K(1109568K), 0.0115100 secs] [Times: user=0.04 sys=0.00, real=0.01 secs] 
2014-07-09T00:13:45.455+0000: 2213.418: [GC [PSYoungGen: 422557K->951K(409408K)] 721734K->300310K(1096384K), 0.0183200 secs] [Times: user=0.07 sys=0.00, real=0.02 secs] 
2014-07-09T00:13:46.997+0000: 2214.960: [GC [PSYoungGen: 409392K->1190K(397184K)] 708751K->300597K(1084160K), 0.0058310 secs] [Times: user=0.02 sys=0.00, real=0.00 secs] 
2014-07-09T00:13:48.467+0000: 2216.430: [GC [PSYoungGen: 397115K->930K(384960K)] 696522K->300689K(1071936K), 0.0102030 secs] [Times: user=0.03 sys=0.00, real=0.01 secs] 
2014-07-09T00:13:49.920+0000: 2217.883: [GC [PSYoungGen: 384930K->1222K(373824K)] 684689K->301029K(1060800K), 0.0137550 secs] [Times: user=0.05 sys=0.00, real=0.01 secs] 
2014-07-09T00:13:51.293+0000: 2219.256: [GC [PSYoungGen: 373766K->752K(362304K)] 673573K->300821K(1049280K), 0.0052590 secs] [Times: user=0.01 sys=0.01, real=0.01 secs] 
2014-07-09T00:13:52.625+0000: 2220.588: [GC [PSYoungGen: 362288K->1144K(352192K)] 662357K->301245K(1039168K), 0.0051000 secs] [Times: user=0.01 sys=0.00, real=0.01 secs] 
2014-07-09T00:13:53.953+0000: 2221.916: [GC [PSYoungGen: 352184K->1079K(342016K)] 652285K->301484K(1028992K), 0.0193150 secs] [Times: user=0.07 sys=0.00, real=0.02 secs] 
2014-07-09T00:13:55.211+0000: 2223.174: [GC [PSYoungGen: 341980K->1126K(332416K)] 642385K->301571K(1019392K), 0.0128810 secs] [Times: user=0.05 sys=0.00, real=0.01 secs] 
2014-07-09T00:13:56.399+0000: 2224.362: [GC [PSYoungGen: 332390K->890K(322880K)] 632835K->301803K(1009856K), 0.0169110 secs] [Times: user=0.06 sys=0.00, real=0.02 secs] 
2014-07-09T00:13:57.666+0000: 2225.629: [GC [PSYoungGen: 322874K->1516K(387968K)] 623787K->302700K(1074944K), 0.0154370 secs] [Times: user=0.05 sys=0.00, real=0.02 secs] 
2014-07-09T00:13:59.111+0000: 2227.074: [GC [PSYoungGen: 387948K->688K(464448K)] 689132K->302597K(1151424K), 0.0194610 secs] [Times: user=0.07 sys=0.00, real=0.02 secs] 
2014-07-09T00:14:00.854+0000: 2228.817: [GC [PSYoungGen: 464432K->1396K(557952K)] 766341K->303412K(1244928K), 0.0151370 secs] [Times: user=0.04 sys=0.00, real=0.02 secs] 
2014-07-09T00:14:02.935+0000: 2230.898: [GC [PSYoungGen: 557896K->1303K(669248K)] 859912K->303571K(1356224K), 0.0306740 secs] [Times: user=0.12 sys=0.00, real=0.03 secs] 
2014-07-09T00:14:05.413+0000: 2233.376: [GC [PSYoungGen: 669159K->1392K(802944K)] 971427K->303708K(1489920K), 0.0153110 secs] [Times: user=0.05 sys=0.00, real=0.02 secs] 
2014-07-09T00:14:08.410+0000: 2236.373: [GC [PSYoungGen: 802928K->766K(772032K)] 1105244K->303423K(1459008K), 0.0145530 secs] [Times: user=0.05 sys=0.00, real=0.01 secs] 
2014-07-09T00:14:11.320+0000: 2239.283: [GC [PSYoungGen: 772030K->1158K(743616K)] 1074687K->303928K(1430592K), 0.0058980 secs] [Times: user=0.02 sys=0.00, real=0.00 secs] 
2014-07-09T00:14:14.057+0000: 2242.020: [GC [PSYoungGen: 743558K->1012K(715904K)] 1046328K->303952K(1402880K), 0.0054730 secs] [Times: user=0.01 sys=0.01, real=0.01 secs] 
2014-07-09T00:14:16.732+0000: 2244.695: [GC [PSYoungGen: 715892K->1456K(690112K)] 1018832K->304444K(1377088K), 0.0231030 secs] [Times: user=0.09 sys=0.00, real=0.02 secs] 
2014-07-09T00:14:19.219+0000: 2247.181: [GC [PSYoungGen: 690096K->880K(664512K)] 993084K->304112K(1351488K), 0.0115680 secs] [Times: user=0.04 sys=0.00, real=0.02 secs] 
2014-07-09T00:14:21.679+0000: 2249.642: [GC [PSYoungGen: 664470K->1254K(641024K)] 967702K->304550K(1328000K), 0.0077100 secs] [Times: user=0.03 sys=0.00, real=0.01 secs] 
2014-07-09T00:14:24.009+0000: 2251.972: [GC [PSYoungGen: 640998K->1012K(617984K)] 944294K->304414K(1304960K), 0.0050250 secs] [Times: user=0.02 sys=0.00, real=0.01 secs] 
2014-07-09T00:14:26.302+0000: 2254.265: [GC [PSYoungGen: 617972K->1044K(596352K)] 921374K->304462K(1283328K), 0.0283480 secs] [Times: user=0.09 sys=0.00, real=0.02 secs] 
2014-07-09T00:14:28.475+0000: 2256.438: [GC [PSYoungGen: 596308K->1044K(575616K)] 899726K->304574K(1262592K), 0.0050980 secs] [Times: user=0.01 sys=0.00, real=0.00 secs] 
2014-07-09T00:14:30.616+0000: 2258.579: [GC [PSYoungGen: 575572K->1460K(556224K)] 879102K->305070K(1243200K), 0.0159100 secs] [Times: user=0.06 sys=0.00, real=0.02 secs] 
2014-07-09T00:14:32.616+0000: 2260.579: [GC [PSYoungGen: 556209K->802K(536704K)] 859819K->304710K(1223680K), 0.0311850 secs] [Times: user=0.10 sys=0.00, real=0.03 secs] 
2014-07-09T00:14:34.593+0000: 2262.556: [GC [PSYoungGen: 536674K->1190K(519040K)] 840582K->305146K(1206016K), 0.0237640 secs] [Times: user=0.08 sys=0.00, real=0.02 secs] 
2014-07-09T00:14:36.499+0000: 2264.462: [GC [PSYoungGen: 519014K->1328K(501888K)] 822970K->305470K(1188864K), 0.0081630 secs] [Times: user=0.03 sys=0.00, real=0.01 secs] 
2014-07-09T00:14:38.380+0000: 2266.343: [GC [PSYoungGen: 501872K->1076K(485120K)] 806014K->305330K(1172096K), 0.0032860 secs] [Times: user=0.01 sys=0.01, real=0.01 secs] 
2014-07-09T00:14:40.168+0000: 2268.131: [GC [PSYoungGen: 485106K->1044K(469376K)] 789360K->305378K(1156352K), 0.0192910 secs] [Times: user=0.06 sys=0.00, real=0.02 secs] 
2014-07-09T00:14:41.924+0000: 2269.886: [GC [PSYoungGen: 469332K->1108K(454400K)] 773666K->305498K(1141376K), 0.0173610 secs] [Times: user=0.06 sys=0.00, real=0.01 secs] 
2014-07-09T00:14:43.627+0000: 2271.590: [GC [PSYoungGen: 454356K->1012K(439872K)] 758746K->305450K(1126848K), 0.0051970 secs] [Times: user=0.01 sys=0.00, real=0.00 secs] 
2014-07-09T00:14:45.232+0000: 2273.195: [GC [PSYoungGen: 439860K->1108K(426240K)] 744298K->305602K(1113216K), 0.0142540 secs] [Times: user=0.05 sys=0.00, real=0.02 secs] 
2014-07-09T00:14:46.850+0000: 2274.813: [GC [PSYoungGen: 426161K->1140K(413056K)] 730655K->305674K(1100032K), 0.0136590 secs] [Times: user=0.05 sys=0.00, real=0.02 secs] 
2014-07-09T00:14:48.332+0000: 2276.295: [GC [PSYoungGen: 413044K->1140K(400448K)] 717578K->305802K(1087424K), 0.0083380 secs] [Times: user=0.02 sys=0.00, real=0.01 secs] 
2014-07-09T00:14:49.838+0000: 2277.801: [GC [PSYoungGen: 400436K->948K(480128K)] 705098K->305786K(1167104K), 0.0374640 secs] [Times: user=0.13 sys=0.00, real=0.04 secs] 
2014-07-09T00:14:51.656+0000: 2279.619: [GC [PSYoungGen: 480116K->1456K(576512K)] 784954K->306350K(1263488K), 0.0185590 secs] [Times: user=0.06 sys=0.00, real=0.01 secs] 
2014-07-09T00:14:53.763+0000: 2281.726: [GC [PSYoungGen: 576496K->684K(555904K)] 881390K->305946K(1242880K), 0.0108010 secs] [Times: user=0.03 sys=0.00, real=0.01 secs] 
2014-07-09T00:14:55.818+0000: 2283.781: [GC [PSYoungGen: 555853K->1226K(537536K)] 861115K->306504K(1224512K), 0.0148380 secs] [Times: user=0.05 sys=0.00, real=0.01 secs] 
2014-07-09T00:14:57.797+0000: 2285.760: [GC [PSYoungGen: 537471K->1076K(519296K)] 842749K->306624K(1206272K), 0.0044600 secs] [Times: user=0.01 sys=0.00, real=0.00 secs] 
2014-07-09T00:14:59.676+0000: 2287.639: [GC [PSYoungGen: 519284K->1513K(502464K)] 824832K->307157K(1189440K), 0.0149600 secs] [Times: user=0.05 sys=0.01, real=0.01 secs] 
2014-07-09T00:15:01.555+0000: 2289.517: [GC [PSYoungGen: 502441K->506K(484928K)] 808085K->306838K(1171904K), 0.0107850 secs] [Times: user=0.04 sys=0.00, real=0.01 secs] 
2014-07-09T00:15:03.318+0000: 2291.281: [GC [PSYoungGen: 484922K->1308K(469952K)] 791254K->307680K(1156928K), 0.0083480 secs] [Times: user=0.03 sys=0.00, real=0.01 secs] 
2014-07-09T00:15:05.085+0000: 2293.048: [GC [PSYoungGen: 469916K->1076K(454592K)] 776288K->307776K(1141568K), 0.0146320 secs] [Times: user=0.05 sys=0.00, real=0.02 secs] 
2014-07-09T00:15:06.721+0000: 2294.684: [GC [PSYoungGen: 454580K->1300K(440448K)] 761280K->308032K(1127424K), 0.0060710 secs] [Times: user=0.01 sys=0.01, real=0.01 secs] 
2014-07-09T00:15:08.344+0000: 2296.307: [GC [PSYoungGen: 440393K->816K(426112K)] 747125K->308162K(1113088K), 0.0224810 secs] [Times: user=0.09 sys=0.00, real=0.02 secs] 
2014-07-09T00:15:09.977+0000: 2297.939: [GC [PSYoungGen: 426070K->1414K(413568K)] 733416K->308809K(1100544K), 0.0074560 secs] [Times: user=0.01 sys=0.00, real=0.01 secs] 
2014-07-09T00:15:11.529+0000: 2299.492: [GC [PSYoungGen: 413510K->1086K(400512K)] 720905K->308685K(1087488K), 0.0151600 secs] [Times: user=0.05 sys=0.00, real=0.01 secs] 
2014-07-09T00:15:13.001+0000: 2300.963: [GC [PSYoungGen: 400510K->1296K(388672K)] 708109K->308927K(1075648K), 0.0069580 secs] [Times: user=0.02 sys=0.00, real=0.00 secs] 
2014-07-09T00:15:14.431+0000: 2302.394: [GC [PSYoungGen: 388624K->930K(376704K)] 696255K->308706K(1063680K), 0.0165650 secs] [Times: user=0.04 sys=0.00, real=0.01 secs] 
2014-07-09T00:15:15.828+0000: 2303.791: [GC [PSYoungGen: 376674K->1378K(366016K)] 684450K->309195K(1052992K), 0.0099540 secs] [Times: user=0.03 sys=0.00, real=0.01 secs] 
2014-07-09T00:15:17.214+0000: 2305.176: [GC [PSYoungGen: 365956K->880K(354880K)] 673772K->309006K(1041856K), 0.0207640 secs] [Times: user=0.07 sys=0.00, real=0.02 secs] 
2014-07-09T00:15:18.507+0000: 2306.470: [GC [PSYoungGen: 354864K->980K(344768K)] 662990K->309170K(1031744K), 0.0054270 secs] [Times: user=0.02 sys=0.00, real=0.01 secs] 
2014-07-09T00:15:19.812+0000: 2307.775: [GC [PSYoungGen: 344724K->1076K(335040K)] 652914K->309314K(1022016K), 0.0082740 secs] [Times: user=0.01 sys=0.00, real=0.01 secs] 
2014-07-09T00:15:21.032+0000: 2308.994: [GC [PSYoungGen: 335023K->1172K(325760K)] 643262K->309458K(1012736K), 0.0095750 secs] [Times: user=0.03 sys=0.00, real=0.01 secs] 
2014-07-09T00:15:22.242+0000: 2310.205: [GC [PSYoungGen: 325713K->944K(316480K)] 633999K->309444K(1003456K), 0.0040440 secs] [Times: user=0.02 sys=0.00, real=0.00 secs] 
2014-07-09T00:15:23.427+0000: 2311.390: [GC [PSYoungGen: 316464K->1190K(379840K)] 624964K->309731K(1066816K), 0.0352120 secs] [Times: user=0.12 sys=0.00, real=0.04 secs] 
2014-07-09T00:15:24.848+0000: 2312.811: [GC [PSYoungGen: 379814K->954K(455360K)] 688355K->309799K(1142336K), 0.0184340 secs] [Times: user=0.06 sys=0.01, real=0.02 secs] 
2014-07-09T00:15:26.507+0000: 2314.469: [GC [PSYoungGen: 455354K->1446K(546752K)] 764199K->310331K(1233728K), 0.0132580 secs] [Times: user=0.05 sys=0.00, real=0.01 secs] 
2014-07-09T00:15:28.518+0000: 2316.481: [GC [PSYoungGen: 546720K->702K(527488K)] 855605K->310059K(1214464K), 0.0049370 secs] [Times: user=0.01 sys=0.00, real=0.01 secs] 
2014-07-09T00:15:30.466+0000: 2318.429: [GC [PSYoungGen: 527486K->1467K(510592K)] 836843K->310872K(1197568K), 0.0050180 secs] [Times: user=0.01 sys=0.00, real=0.00 secs] 
2014-07-09T00:15:32.395+0000: 2320.358: [GC [PSYoungGen: 510587K->930K(493184K)] 819992K->310627K(1180160K), 0.0255060 secs] [Times: user=0.08 sys=0.00, real=0.02 secs] 
2014-07-09T00:15:34.210+0000: 2322.173: [GC [PSYoungGen: 493134K->1030K(477184K)] 802831K->310759K(1164160K), 0.0061580 secs] [Times: user=0.02 sys=0.00, real=0.01 secs] 
2014-07-09T00:15:35.972+0000: 2323.935: [GC [PSYoungGen: 477058K->1211K(461888K)] 786787K->311080K(1148864K), 0.0115310 secs] [Times: user=0.05 sys=0.00, real=0.01 secs] 
2014-07-09T00:15:37.680+0000: 2325.643: [GC [PSYoungGen: 461883K->1517K(447488K)] 771752K->311490K(1134464K), 0.0208100 secs] [Times: user=0.08 sys=0.00, real=0.02 secs] 
2014-07-09T00:15:39.342+0000: 2327.305: [GC [PSYoungGen: 447469K->352K(535552K)] 757442K->311345K(1222528K), 0.0302760 secs] [Times: user=0.10 sys=0.00, real=0.03 secs] 
2014-07-09T00:15:41.351+0000: 2329.314: [GC [PSYoungGen: 535520K->1568K(643840K)] 846513K->312593K(1330816K), 0.0176620 secs] [Times: user=0.06 sys=0.00, real=0.02 secs] 
2014-07-09T00:15:43.746+0000: 2331.709: [GC [PSYoungGen: 643775K->980K(620352K)] 954801K->312529K(1307328K), 0.0107040 secs] [Times: user=0.04 sys=0.00, real=0.01 secs] 
2014-07-09T00:15:46.000+0000: 2333.963: [GC [PSYoungGen: 620261K->1410K(598976K)] 931810K->313008K(1285952K), 0.0163360 secs] [Times: user=0.06 sys=0.00, real=0.02 secs] 
2014-07-09T00:15:48.232+0000: 2336.195: [GC [PSYoungGen: 598867K->1126K(577792K)] 910464K->312851K(1264768K), 0.0197180 secs] [Times: user=0.07 sys=0.00, real=0.02 secs] 
2014-07-09T00:15:50.336+0000: 2338.299: [GC [PSYoungGen: 577732K->1634K(558400K)] 889458K->313456K(1245376K), 0.0180590 secs] [Times: user=0.07 sys=0.00, real=0.02 secs] 
2014-07-09T00:15:52.418+0000: 2340.381: [GC [PSYoungGen: 558302K->691K(538432K)] 870124K->312979K(1225408K), 0.0112540 secs] [Times: user=0.03 sys=0.00, real=0.01 secs] 
2014-07-09T00:15:54.387+0000: 2342.350: [GC [PSYoungGen: 538382K->1276K(646592K)] 850670K->313588K(1333568K), 0.0393440 secs] [Times: user=0.13 sys=0.00, real=0.04 secs] 
2014-07-09T00:15:56.777+0000: 2344.740: [GC [PSYoungGen: 646588K->1264K(623552K)] 958900K->313872K(1310528K), 0.0085490 secs] [Times: user=0.02 sys=0.00, real=0.01 secs] 
2014-07-09T00:15:59.103+0000: 2347.066: [GC [PSYoungGen: 623536K->1204K(601536K)] 936144K->313924K(1288512K), 0.0080560 secs] [Times: user=0.03 sys=0.00, real=0.01 secs] 
2014-07-09T00:16:01.337+0000: 2349.300: [GC [PSYoungGen: 601524K->980K(580352K)] 914244K->313748K(1267328K), 0.0085630 secs] [Times: user=0.01 sys=0.00, real=0.01 secs] 
2014-07-09T00:16:03.482+0000: 2351.445: [GC [PSYoungGen: 580308K->1172K(560512K)] 893076K->313972K(1247488K), 0.0077510 secs] [Times: user=0.02 sys=0.00, real=0.01 secs] 
2014-07-09T00:16:05.572+0000: 2353.535: [GC [PSYoungGen: 560468K->1232K(541440K)] 873268K->314064K(1228416K), 0.0045150 secs] [Times: user=0.01 sys=0.00, real=0.01 secs] 
2014-07-09T00:16:07.627+0000: 2355.590: [GC [PSYoungGen: 541389K->1204K(523136K)] 854221K->314108K(1210112K), 0.0217010 secs] [Times: user=0.09 sys=0.00, real=0.02 secs] 
2014-07-09T00:16:09.567+0000: 2357.530: [GC [PSYoungGen: 523082K->880K(505408K)] 835986K->314076K(1192384K), 0.0251460 secs] [Times: user=0.09 sys=0.01, real=0.02 secs] 
2014-07-09T00:16:11.450+0000: 2359.413: [GC [PSYoungGen: 505392K->1346K(489280K)] 818588K->314582K(1176256K), 0.0106330 secs] [Times: user=0.04 sys=0.01, real=0.01 secs] 
2014-07-09T00:16:13.306+0000: 2361.269: [GC [PSYoungGen: 489218K->944K(472896K)] 802454K->314370K(1159872K), 0.0182230 secs] [Times: user=0.06 sys=0.00, real=0.02 secs] 
2014-07-09T00:16:15.074+0000: 2363.037: [GC [PSYoungGen: 472880K->1328K(458048K)] 786306K->314794K(1145024K), 0.0150430 secs] [Times: user=0.05 sys=0.00, real=0.02 secs] 
2014-07-09T00:16:16.747+0000: 2364.709: [GC [PSYoungGen: 458032K->930K(443072K)] 771498K->314590K(1130048K), 0.0152490 secs] [Times: user=0.05 sys=0.00, real=0.02 secs] 
2014-07-09T00:16:18.460+0000: 2366.423: [GC [PSYoungGen: 443042K->1140K(429312K)] 756702K->314896K(1116288K), 0.0129530 secs] [Times: user=0.04 sys=0.00, real=0.01 secs] 
2014-07-09T00:16:20.073+0000: 2368.036: [GC [PSYoungGen: 429276K->1136K(416000K)] 743032K->315004K(1102976K), 0.0058270 secs] [Times: user=0.02 sys=0.00, real=0.01 secs] 
2014-07-09T00:16:21.575+0000: 2369.538: [GC [PSYoungGen: 415984K->1204K(403328K)] 729852K->315104K(1090304K), 0.0189320 secs] [Times: user=0.06 sys=0.00, real=0.02 secs] 
2014-07-09T00:16:23.138+0000: 2371.101: [GC [PSYoungGen: 403286K->752K(483328K)] 717186K->315070K(1170304K), 0.0310020 secs] [Times: user=0.12 sys=0.00, real=0.04 secs] 
2014-07-09T00:16:24.905+0000: 2372.868: [GC [PSYoungGen: 483312K->1486K(468416K)] 797630K->315852K(1155392K), 0.0063420 secs] [Times: user=0.02 sys=0.00, real=0.01 secs] 
2014-07-09T00:16:26.610+0000: 2374.573: [GC [PSYoungGen: 468366K->816K(561088K)] 782732K->315716K(1248064K), 0.0257870 secs] [Times: user=0.09 sys=0.00, real=0.02 secs] 
2014-07-09T00:16:28.739+0000: 2376.702: [GC [PSYoungGen: 561072K->1158K(542336K)] 875972K->316146K(1229312K), 0.0096550 secs] [Times: user=0.04 sys=0.00, real=0.01 secs] 
2014-07-09T00:16:30.730+0000: 2378.693: [GC [PSYoungGen: 542278K->1012K(523840K)] 857266K->316154K(1210816K), 0.0062280 secs] [Times: user=0.01 sys=0.00, real=0.01 secs] 
2014-07-09T00:16:32.734+0000: 2380.697: [GC [PSYoungGen: 523828K->1108K(628544K)] 838970K->316298K(1315520K), 0.0396320 secs] [Times: user=0.14 sys=0.00, real=0.04 secs] 
2014-07-09T00:16:35.077+0000: 2383.040: [GC [PSYoungGen: 628459K->1072K(606272K)] 943649K->316394K(1293248K), 0.0137180 secs] [Times: user=0.05 sys=0.00, real=0.02 secs] 
2014-07-09T00:16:37.309+0000: 2385.272: [GC [PSYoungGen: 606254K->1140K(585152K)] 921576K->316502K(1272128K), 0.0250110 secs] [Times: user=0.09 sys=0.00, real=0.03 secs] 
2014-07-09T00:16:39.472+0000: 2387.435: [GC [PSYoungGen: 585140K->890K(564672K)] 900502K->316732K(1251648K), 0.0209880 secs] [Times: user=0.07 sys=0.00, real=0.02 secs] 
2014-07-09T00:16:41.576+0000: 2389.539: [GC [PSYoungGen: 564626K->1396K(545856K)] 880468K->317270K(1232832K), 0.0047930 secs] [Times: user=0.01 sys=0.00, real=0.00 secs] 
2014-07-09T00:16:43.606+0000: 2391.569: [GC [PSYoungGen: 545812K->954K(526976K)] 861686K->317304K(1213952K), 0.0041730 secs] [Times: user=0.01 sys=0.00, real=0.00 secs] 
2014-07-09T00:16:45.551+0000: 2393.514: [GC [PSYoungGen: 526970K->1208K(509632K)] 843320K->317574K(1196608K), 0.0239890 secs] [Times: user=0.08 sys=0.00, real=0.03 secs] 
2014-07-09T00:16:47.422+0000: 2395.385: [GC [PSYoungGen: 509624K->1108K(492736K)] 825990K->317670K(1179712K), 0.0114200 secs] [Times: user=0.04 sys=0.00, real=0.01 secs] 
2014-07-09T00:16:49.259+0000: 2397.222: [GC [PSYoungGen: 492692K->1044K(476608K)] 809254K->317702K(1163584K), 0.0054740 secs] [Times: user=0.01 sys=0.00, real=0.01 secs] 
2014-07-09T00:16:51.005+0000: 2398.968: [GC [PSYoungGen: 476526K->1010K(461184K)] 793184K->318113K(1148160K), 0.0133790 secs] [Times: user=0.05 sys=0.01, real=0.01 secs] 
2014-07-09T00:16:52.668+0000: 2400.631: [GC [PSYoungGen: 461170K->1396K(446848K)] 778273K->318555K(1133824K), 0.0203020 secs] [Times: user=0.07 sys=0.00, real=0.02 secs] 
2014-07-09T00:16:54.352+0000: 2402.315: [GC [PSYoungGen: 446765K->934K(432320K)] 763924K->318449K(1119296K), 0.0079900 secs] [Times: user=0.02 sys=0.00, real=0.01 secs] 
2014-07-09T00:16:55.978+0000: 2403.941: [GC [PSYoungGen: 432294K->1286K(419264K)] 749809K->318833K(1106240K), 0.0208380 secs] [Times: user=0.08 sys=0.00, real=0.02 secs] 
2014-07-09T00:16:57.513+0000: 2405.476: [GC [PSYoungGen: 419206K->1086K(406144K)] 736753K->318957K(1093120K), 0.0213780 secs] [Times: user=0.08 sys=0.00, real=0.03 secs] 
2014-07-09T00:16:59.065+0000: 2407.028: [GC [PSYoungGen: 406142K->1140K(393856K)] 724013K->319083K(1080832K), 0.0045920 secs] [Times: user=0.01 sys=0.00, real=0.00 secs] 
2014-07-09T00:17:00.552+0000: 2408.515: [GC [PSYoungGen: 393832K->1129K(382016K)] 711775K->319276K(1068992K), 0.0081720 secs] [Times: user=0.03 sys=0.00, real=0.01 secs] 
2014-07-09T00:17:01.977+0000: 2409.940: [GC [PSYoungGen: 381993K->1076K(370624K)] 700140K->319271K(1057600K), 0.0186940 secs] [Times: user=0.06 sys=0.00, real=0.02 secs] 
2014-07-09T00:17:03.355+0000: 2411.317: [GC [PSYoungGen: 370612K->1146K(359808K)] 688807K->319579K(1046784K), 0.0144480 secs] [Times: user=0.05 sys=0.00, real=0.02 secs] 
2014-07-09T00:17:04.689+0000: 2412.652: [GC [PSYoungGen: 359802K->1314K(349568K)] 678235K->319779K(1036544K), 0.0066570 secs] [Times: user=0.02 sys=0.00, real=0.01 secs] 
2014-07-09T00:17:06.034+0000: 2413.997: [GC [PSYoungGen: 349538K->880K(339136K)] 668003K->319615K(1026112K), 0.0046720 secs] [Times: user=0.01 sys=0.00, real=0.01 secs] 
2014-07-09T00:17:07.282+0000: 2415.245: [GC [PSYoungGen: 339119K->1410K(330176K)] 657854K->320249K(1017152K), 0.0084200 secs] [Times: user=0.03 sys=0.00, real=0.01 secs] 
2014-07-09T00:17:08.517+0000: 2416.480: [GC [PSYoungGen: 330114K->866K(320448K)] 648953K->319973K(1007424K), 0.0051920 secs] [Times: user=0.01 sys=0.00, real=0.00 secs] 
2014-07-09T00:17:09.700+0000: 2417.663: [GC [PSYoungGen: 320418K->1318K(312064K)] 639525K->320481K(999040K), 0.0173350 secs] [Times: user=0.06 sys=0.00, real=0.02 secs] 
2014-07-09T00:17:10.838+0000: 2418.801: [GC [PSYoungGen: 312038K->1022K(303296K)] 631201K->320688K(990272K), 0.0138460 secs] [Times: user=0.05 sys=0.00, real=0.01 secs] 
2014-07-09T00:17:11.981+0000: 2419.944: [GC [PSYoungGen: 303265K->1663K(295808K)] 622931K->321386K(982784K), 0.0046620 secs] [Times: user=0.01 sys=0.00, real=0.00 secs] 
2014-07-09T00:17:13.065+0000: 2421.028: [GC [PSYoungGen: 295772K->684K(287040K)] 615494K->321034K(974016K), 0.0175380 secs] [Times: user=0.06 sys=0.00, real=0.02 secs] 
2014-07-09T00:17:14.137+0000: 2422.100: [GC [PSYoungGen: 286991K->1208K(280064K)] 607342K->321614K(967040K), 0.0102340 secs] [Times: user=0.04 sys=0.00, real=0.01 secs] 
2014-07-09T00:17:15.175+0000: 2423.138: [GC [PSYoungGen: 280056K->1452K(336128K)] 600462K->322039K(1023104K), 0.0175580 secs] [Times: user=0.06 sys=0.00, real=0.02 secs] 
2014-07-09T00:17:16.409+0000: 2424.372: [GC [PSYoungGen: 336108K->1172K(326464K)] 656695K->321806K(1013440K), 0.0039370 secs] [Times: user=0.02 sys=0.00, real=0.00 secs] 
2014-07-09T00:17:17.623+0000: 2425.586: [GC [PSYoungGen: 326370K->826K(317056K)] 647005K->321843K(1004032K), 0.0060370 secs] [Times: user=0.02 sys=0.00, real=0.01 secs] 
2014-07-09T00:17:18.814+0000: 2426.777: [GC [PSYoungGen: 317050K->1411K(308992K)] 638067K->322518K(995968K), 0.0057320 secs] [Times: user=0.01 sys=0.00, real=0.01 secs] 
2014-07-09T00:17:19.978+0000: 2427.941: [GC [PSYoungGen: 308931K->1108K(300352K)] 630038K->322501K(987328K), 0.0063780 secs] [Times: user=0.02 sys=0.00, real=0.00 secs] 
2014-07-09T00:17:21.084+0000: 2429.047: [GC [PSYoungGen: 300270K->1108K(292352K)] 621663K->322549K(979328K), 0.0102820 secs] [Times: user=0.04 sys=0.00, real=0.01 secs] 
2014-07-09T00:17:22.209+0000: 2430.172: [GC [PSYoungGen: 292308K->1076K(284608K)] 613749K->322565K(971584K), 0.0104580 secs] [Times: user=0.04 sys=0.00, real=0.01 secs] 
2014-07-09T00:17:23.252+0000: 2431.215: [GC [PSYoungGen: 284577K->1254K(341504K)] 606066K->322783K(1028480K), 0.0227410 secs] [Times: user=0.08 sys=0.00, real=0.02 secs] 
2014-07-09T00:17:24.503+0000: 2432.466: [GC [PSYoungGen: 341478K->1044K(409408K)] 663007K->322605K(1096384K), 0.0110810 secs] [Times: user=0.03 sys=0.00, real=0.01 secs] 
2014-07-09T00:17:26.045+0000: 2434.007: [GC [PSYoungGen: 409346K->1428K(397312K)] 730907K->323021K(1084288K), 0.0101260 secs] [Times: user=0.04 sys=0.00, real=0.01 secs] 
2014-07-09T00:17:27.513+0000: 2435.475: [GC [PSYoungGen: 397268K->816K(475840K)] 718861K->322661K(1162816K), 0.0248780 secs] [Times: user=0.09 sys=0.00, real=0.02 secs] 
2014-07-09T00:17:29.293+0000: 2437.255: [GC [PSYoungGen: 475822K->1627K(571712K)] 797667K->323593K(1258688K), 0.0126780 secs] [Times: user=0.05 sys=0.00, real=0.01 secs] 
2014-07-09T00:17:31.448+0000: 2439.411: [GC [PSYoungGen: 571667K->866K(551360K)] 893634K->323043K(1238336K), 0.0106930 secs] [Times: user=0.04 sys=0.00, real=0.01 secs] 
2014-07-09T00:17:33.456+0000: 2441.419: [GC [PSYoungGen: 551330K->1076K(532864K)] 873507K->323285K(1219840K), 0.0039020 secs] [Times: user=0.01 sys=0.00, real=0.01 secs] 
2014-07-09T00:17:35.435+0000: 2443.398: [GC [PSYoungGen: 532832K->1279K(515200K)] 855041K->323560K(1202176K), 0.0062900 secs] [Times: user=0.01 sys=0.00, real=0.01 secs] 
2014-07-09T00:17:37.349+0000: 2445.311: [GC [PSYoungGen: 515199K->1172K(498048K)] 837480K->323493K(1185024K), 0.0125120 secs] [Times: user=0.05 sys=0.00, real=0.02 secs] 
2014-07-09T00:17:39.206+0000: 2447.169: [GC [PSYoungGen: 498002K->1018K(481536K)] 820323K->323681K(1168512K), 0.0226540 secs] [Times: user=0.07 sys=0.00, real=0.02 secs] 
2014-07-09T00:17:40.993+0000: 2448.955: [GC [PSYoungGen: 481528K->1378K(466304K)] 804191K->324097K(1153280K), 0.0141880 secs] [Times: user=0.05 sys=0.00, real=0.01 secs] 
2014-07-09T00:17:42.675+0000: 2450.638: [GC [PSYoungGen: 466274K->954K(450944K)] 788993K->323945K(1137920K), 0.0055790 secs] [Times: user=0.01 sys=0.00, real=0.00 secs] 
2014-07-09T00:17:44.369+0000: 2452.332: [GC [PSYoungGen: 450938K->1204K(436928K)] 773929K->324235K(1123904K), 0.0143210 secs] [Times: user=0.05 sys=0.00, real=0.02 secs] 
2014-07-09T00:17:46.015+0000: 2453.978: [GC [PSYoungGen: 436916K->1140K(423232K)] 759947K->324235K(1110208K), 0.0107370 secs] [Times: user=0.04 sys=0.00, real=0.01 secs] 
2014-07-09T00:17:47.545+0000: 2455.508: [GC [PSYoungGen: 423220K->1236K(410304K)] 746315K->324435K(1097280K), 0.0139120 secs] [Times: user=0.05 sys=0.00, real=0.01 secs] 
2014-07-09T00:17:49.107+0000: 2457.070: [GC [PSYoungGen: 410260K->822K(397312K)] 733459K->324580K(1084288K), 0.0098110 secs] [Times: user=0.03 sys=0.00, real=0.01 secs] 
2014-07-09T00:17:50.534+0000: 2458.497: [GC [PSYoungGen: 397302K->1240K(385792K)] 721060K->325053K(1072768K), 0.0083290 secs] [Times: user=0.02 sys=0.00, real=0.01 secs] 
2014-07-09T00:17:51.985+0000: 2459.947: [GC [PSYoungGen: 385738K->1142K(374208K)] 709551K->325466K(1061184K), 0.0198410 secs] [Times: user=0.07 sys=0.00, real=0.02 secs] 
2014-07-09T00:17:53.374+0000: 2461.337: [GC [PSYoungGen: 374197K->1044K(363136K)] 698521K->325399K(1050112K), 0.0053070 secs] [Times: user=0.01 sys=0.00, real=0.00 secs] 
2014-07-09T00:17:54.776+0000: 2462.739: [GC [PSYoungGen: 363092K->1172K(352704K)] 687447K->325575K(1039680K), 0.0212870 secs] [Times: user=0.07 sys=0.00, real=0.02 secs] 
2014-07-09T00:17:56.102+0000: 2464.065: [GC [PSYoungGen: 352645K->1190K(342592K)] 677049K->325657K(1029568K), 0.0103440 secs] [Times: user=0.03 sys=0.00, real=0.01 secs] 
2014-07-09T00:17:57.370+0000: 2465.333: [GC [PSYoungGen: 342566K->930K(332672K)] 667033K->325615K(1019648K), 0.0104730 secs] [Times: user=0.02 sys=0.00, real=0.01 secs] 
2014-07-09T00:17:58.581+0000: 2466.544: [GC [PSYoungGen: 332641K->1126K(323584K)] 657327K->325867K(1010560K), 0.0049970 secs] [Times: user=0.02 sys=0.00, real=0.01 secs] 
2014-07-09T00:17:59.809+0000: 2467.772: [GC [PSYoungGen: 323549K->1062K(314624K)] 648291K->325909K(1001600K), 0.0051580 secs] [Times: user=0.01 sys=0.00, real=0.01 secs] 
2014-07-09T00:18:00.961+0000: 2468.923: [GC [PSYoungGen: 314598K->1076K(306048K)] 639445K->325963K(993024K), 0.0183620 secs] [Times: user=0.07 sys=0.00, real=0.02 secs] 
2014-07-09T00:18:02.122+0000: 2470.085: [GC [PSYoungGen: 306036K->1086K(367040K)] 630923K->326240K(1054016K), 0.0158520 secs] [Times: user=0.06 sys=0.00, real=0.02 secs] 
2014-07-09T00:18:03.488+0000: 2471.451: [GC [PSYoungGen: 367038K->1410K(440640K)] 692192K->326628K(1127616K), 0.0170780 secs] [Times: user=0.06 sys=0.00, real=0.02 secs] 
2014-07-09T00:18:05.201+0000: 2473.164: [GC [PSYoungGen: 440578K->698K(426048K)] 765796K->326399K(1113024K), 0.0127310 secs] [Times: user=0.04 sys=0.00, real=0.02 secs] 
2014-07-09T00:18:06.728+0000: 2474.691: [GC [PSYoungGen: 426042K->1584K(413760K)] 751743K->327406K(1100736K), 0.0124230 secs] [Times: user=0.04 sys=0.01, real=0.01 secs] 
2014-07-09T00:18:08.324+0000: 2476.287: [GC [PSYoungGen: 413710K->930K(400448K)] 739532K->327178K(1087424K), 0.0141680 secs] [Times: user=0.06 sys=0.00, real=0.01 secs] 
2014-07-09T00:18:09.819+0000: 2477.781: [GC [PSYoungGen: 400418K->1286K(388736K)] 726666K->327614K(1075712K), 0.0181910 secs] [Times: user=0.06 sys=0.00, real=0.02 secs] 
2014-07-09T00:18:11.263+0000: 2479.226: [GC [PSYoungGen: 388678K->1044K(376896K)] 715006K->327478K(1063872K), 0.0070550 secs] [Times: user=0.01 sys=0.00, real=0.01 secs] 
2014-07-09T00:18:12.668+0000: 2480.631: [GC [PSYoungGen: 376850K->1172K(365888K)] 703284K->327638K(1052864K), 0.0080890 secs] [Times: user=0.02 sys=0.00, real=0.01 secs] 
2014-07-09T00:18:14.024+0000: 2481.987: [GC [PSYoungGen: 365830K->1044K(438720K)] 692296K->327534K(1125696K), 0.0428200 secs] [Times: user=0.16 sys=0.00, real=0.05 secs] 
2014-07-09T00:18:15.668+0000: 2483.631: [GC [PSYoungGen: 438664K->1261K(526464K)] 765154K->327775K(1213440K), 0.0177640 secs] [Times: user=0.05 sys=0.00, real=0.02 secs] 
2014-07-09T00:18:17.665+0000: 2485.628: [GC [PSYoungGen: 526445K->994K(631296K)] 852959K->327686K(1318272K), 0.0127180 secs] [Times: user=0.04 sys=0.00, real=0.02 secs] 
2014-07-09T00:18:20.028+0000: 2487.991: [GC [PSYoungGen: 631221K->1218K(757632K)] 957913K->327998K(1444608K), 0.0166880 secs] [Times: user=0.06 sys=0.00, real=0.01 secs] 
2014-07-09T00:18:22.836+0000: 2490.799: [GC [PSYoungGen: 757554K->930K(729152K)] 1084334K->328012K(1416128K), 0.0084020 secs] [Times: user=0.03 sys=0.01, real=0.01 secs] 
2014-07-09T00:18:25.545+0000: 2493.508: [GC [PSYoungGen: 729122K->1272K(702592K)] 1056204K->328394K(1389568K), 0.0051830 secs] [Times: user=0.02 sys=0.00, real=0.01 secs] 
2014-07-09T00:18:28.164+0000: 2496.127: [GC [PSYoungGen: 702584K->880K(676608K)] 1029706K->328354K(1363584K), 0.0044050 secs] [Times: user=0.01 sys=0.00, real=0.01 secs] 
2014-07-09T00:18:30.666+0000: 2498.629: [GC [PSYoungGen: 676592K->1268K(652544K)] 1004066K->328830K(1339520K), 0.0108780 secs] [Times: user=0.01 sys=0.00, real=0.01 secs] 
2014-07-09T00:18:33.090+0000: 2501.053: [GC [PSYoungGen: 652532K->930K(628928K)] 980094K->328754K(1315904K), 0.0041690 secs] [Times: user=0.01 sys=0.00, real=0.00 secs] 
2014-07-09T00:18:35.448+0000: 2503.411: [GC [PSYoungGen: 628898K->1158K(606976K)] 956722K->329014K(1293952K), 0.0194680 secs] [Times: user=0.08 sys=0.00, real=0.02 secs] 
2014-07-09T00:18:37.676+0000: 2505.639: [GC [PSYoungGen: 606889K->805K(585408K)] 934746K->329363K(1272384K), 0.0214900 secs] [Times: user=0.07 sys=0.00, real=0.02 secs] 
2014-07-09T00:18:39.841+0000: 2507.804: [GC [PSYoungGen: 585346K->1528K(565888K)] 913904K->330265K(1252864K), 0.0213740 secs] [Times: user=0.07 sys=0.00, real=0.02 secs] 
2014-07-09T00:18:41.974+0000: 2509.937: [GC [PSYoungGen: 565880K->744K(545792K)] 894617K->330429K(1232768K), 0.0192840 secs] [Times: user=0.07 sys=0.00, real=0.02 secs] 
2014-07-09T00:18:43.985+0000: 2511.948: [GC [PSYoungGen: 545768K->1496K(528064K)] 875453K->331221K(1215040K), 0.0140650 secs] [Times: user=0.04 sys=0.00, real=0.01 secs] 
2014-07-09T00:18:45.959+0000: 2513.922: [GC [PSYoungGen: 528024K->1332K(510208K)] 857749K->331335K(1197184K), 0.0145690 secs] [Times: user=0.04 sys=0.00, real=0.02 secs] 
2014-07-09T00:18:47.807+0000: 2515.770: [GC [PSYoungGen: 510152K->1076K(493120K)] 840155K->331167K(1180096K), 0.0269330 secs] [Times: user=0.09 sys=0.00, real=0.03 secs] 
2014-07-09T00:18:49.687+0000: 2517.649: [GC [PSYoungGen: 493108K->1204K(477120K)] 823199K->331447K(1164096K), 0.0163850 secs] [Times: user=0.05 sys=0.00, real=0.02 secs] 
2014-07-09T00:18:51.479+0000: 2519.442: [GC [PSYoungGen: 477107K->1140K(461632K)] 807350K->331471K(1148608K), 0.0223950 secs] [Times: user=0.08 sys=0.00, real=0.03 secs] 
2014-07-09T00:18:53.211+0000: 2521.174: [GC [PSYoungGen: 461616K->1122K(553728K)] 791947K->331575K(1240704K), 0.0206370 secs] [Times: user=0.06 sys=0.00, real=0.02 secs] 
2014-07-09T00:18:55.299+0000: 2523.261: [GC [PSYoungGen: 553698K->1517K(535296K)] 884151K->332010K(1222272K), 0.0128320 secs] [Times: user=0.05 sys=0.00, real=0.01 secs] 
2014-07-09T00:18:57.276+0000: 2525.239: [GC [PSYoungGen: 535277K->816K(516608K)] 865770K->331609K(1203584K), 0.0042300 secs] [Times: user=0.01 sys=0.00, real=0.00 secs] 
2014-07-09T00:18:59.227+0000: 2527.190: [GC [PSYoungGen: 516592K->1645K(500288K)] 847385K->332526K(1187264K), 0.0334760 secs] [Times: user=0.10 sys=0.00, real=0.03 secs] 
2014-07-09T00:19:01.103+0000: 2529.066: [GC [PSYoungGen: 500269K->1140K(599552K)] 831150K->332265K(1286528K), 0.0316530 secs] [Times: user=0.11 sys=0.00, real=0.04 secs] 
2014-07-09T00:19:03.320+0000: 2531.283: [GC [PSYoungGen: 599539K->1112K(578688K)] 930664K->332269K(1265664K), 0.0119230 secs] [Times: user=0.04 sys=0.01, real=0.01 secs] 
2014-07-09T00:19:05.465+0000: 2533.427: [GC [PSYoungGen: 578648K->1168K(558848K)] 909805K->332365K(1245824K), 0.0058880 secs] [Times: user=0.01 sys=0.00, real=0.00 secs] 
2014-07-09T00:19:07.457+0000: 2535.420: [GC [PSYoungGen: 558798K->1356K(540032K)] 889995K->332602K(1227008K), 0.0062850 secs] [Times: user=0.01 sys=0.00, real=0.01 secs] 
2014-07-09T00:19:09.474+0000: 2537.436: [GC [PSYoungGen: 539980K->1004K(521472K)] 871226K->332577K(1208448K), 0.0280790 secs] [Times: user=0.10 sys=0.00, real=0.03 secs] 
2014-07-09T00:19:11.419+0000: 2539.382: [GC [PSYoungGen: 521452K->1396K(504512K)] 853025K->333017K(1191488K), 0.0089420 secs] [Times: user=0.03 sys=0.00, real=0.01 secs] 
2014-07-09T00:19:13.301+0000: 2541.264: [GC [PSYoungGen: 504500K->980K(487552K)] 836121K->332741K(1174528K), 0.0054370 secs] [Times: user=0.01 sys=0.00, real=0.01 secs] 
2014-07-09T00:19:15.085+0000: 2543.048: [GC [PSYoungGen: 487508K->1172K(471872K)] 819269K->332981K(1158848K), 0.0079570 secs] [Times: user=0.02 sys=0.00, real=0.00 secs] 
2014-07-09T00:19:16.817+0000: 2544.780: [GC [PSYoungGen: 471828K->1268K(456768K)] 803637K->333125K(1143744K), 0.0252600 secs] [Times: user=0.09 sys=0.00, real=0.02 secs] 
2014-07-09T00:19:18.541+0000: 2546.504: [GC [PSYoungGen: 456756K->1044K(442048K)] 788613K->332997K(1129024K), 0.0139610 secs] [Times: user=0.05 sys=0.00, real=0.01 secs] 
2014-07-09T00:19:20.188+0000: 2548.151: [GC [PSYoungGen: 442004K->1126K(428224K)] 773957K->333183K(1115200K), 0.0067210 secs] [Times: user=0.02 sys=0.00, real=0.00 secs] 
2014-07-09T00:19:21.805+0000: 2549.768: [GC [PSYoungGen: 428198K->1300K(415104K)] 760255K->333397K(1102080K), 0.0120870 secs] [Times: user=0.04 sys=0.00, real=0.02 secs] 
2014-07-09T00:19:23.351+0000: 2551.314: [GC [PSYoungGen: 415060K->884K(401920K)] 747157K->333093K(1088896K), 0.0081890 secs] [Times: user=0.01 sys=0.00, real=0.01 secs] 
2014-07-09T00:19:24.797+0000: 2552.760: [GC [PSYoungGen: 401908K->1296K(390208K)] 734117K->333553K(1077184K), 0.0270520 secs] [Times: user=0.09 sys=0.00, real=0.02 secs] 
2014-07-09T00:19:26.278+0000: 2554.241: [GC [PSYoungGen: 390132K->1126K(378368K)] 722389K->333447K(1065344K), 0.0060470 secs] [Times: user=0.02 sys=0.01, real=0.00 secs] 
2014-07-09T00:19:27.652+0000: 2555.615: [GC [PSYoungGen: 378318K->1108K(367168K)] 710639K->333549K(1054144K), 0.0053910 secs] [Times: user=0.02 sys=0.00, real=0.01 secs] 
2014-07-09T00:19:29.013+0000: 2556.976: [GC [PSYoungGen: 367124K->930K(356288K)] 699565K->333575K(1043264K), 0.0139560 secs] [Times: user=0.05 sys=0.00, real=0.01 secs] 
2014-07-09T00:19:30.323+0000: 2558.286: [GC [PSYoungGen: 356258K->1176K(346304K)] 688903K->333877K(1033280K), 0.0090930 secs] [Times: user=0.02 sys=0.00, real=0.01 secs] 
2014-07-09T00:19:31.610+0000: 2559.573: [GC [PSYoungGen: 346264K->1012K(336256K)] 678965K->333869K(1023232K), 0.0059850 secs] [Times: user=0.01 sys=0.00, real=0.00 secs] 
2014-07-09T00:19:32.865+0000: 2560.828: [GC [PSYoungGen: 336244K->1108K(403456K)] 669101K->334021K(1090432K), 0.0340480 secs] [Times: user=0.12 sys=0.00, real=0.04 secs] 
2014-07-09T00:19:34.356+0000: 2562.318: [GC [PSYoungGen: 403412K->930K(391040K)] 736325K->333933K(1078016K), 0.0040010 secs] [Times: user=0.01 sys=0.00, real=0.01 secs] 
2014-07-09T00:19:35.813+0000: 2563.776: [GC [PSYoungGen: 390926K->1522K(379904K)] 723929K->334816K(1066880K), 0.0064920 secs] [Times: user=0.01 sys=0.01, real=0.01 secs] 
2014-07-09T00:19:37.252+0000: 2565.215: [GC [PSYoungGen: 379890K->620K(367808K)] 713184K->334475K(1054784K), 0.0095380 secs] [Times: user=0.04 sys=0.00, real=0.01 secs] 
2014-07-09T00:19:38.592+0000: 2566.555: [GC [PSYoungGen: 367788K->1560K(442240K)] 701643K->335504K(1129216K), 0.0237390 secs] [Times: user=0.08 sys=0.00, real=0.02 secs] 
2014-07-09T00:19:40.273+0000: 2568.236: [GC [PSYoungGen: 442200K->1076K(427840K)] 776144K->335480K(1114816K), 0.0138500 secs] [Times: user=0.05 sys=0.00, real=0.01 secs] 
2014-07-09T00:19:41.886+0000: 2569.849: [GC [PSYoungGen: 427828K->1328K(414848K)] 762232K->335788K(1101824K), 0.0149040 secs] [Times: user=0.04 sys=0.00, real=0.02 secs] 
2014-07-09T00:19:43.410+0000: 2571.373: [GC [PSYoungGen: 414744K->1065K(401856K)] 749204K->335713K(1088832K), 0.0048060 secs] [Times: user=0.01 sys=0.01, real=0.00 secs] 
2014-07-09T00:19:44.884+0000: 2572.847: [GC [PSYoungGen: 401831K->1300K(389952K)] 736480K->335972K(1076928K), 0.0125680 secs] [Times: user=0.04 sys=0.01, real=0.01 secs] 
2014-07-09T00:19:46.389+0000: 2574.352: [GC [PSYoungGen: 389905K->1076K(378048K)] 724578K->335912K(1065024K), 0.0056170 secs] [Times: user=0.02 sys=0.00, real=0.00 secs] 
2014-07-09T00:19:47.767+0000: 2575.730: [GC [PSYoungGen: 377990K->1062K(366912K)] 712826K->336002K(1053888K), 0.0170300 secs] [Times: user=0.07 sys=0.00, real=0.02 secs] 
2014-07-09T00:19:49.117+0000: 2577.080: [GC [PSYoungGen: 366867K->1190K(356352K)] 701807K->336194K(1043328K), 0.0048110 secs] [Times: user=0.01 sys=0.00, real=0.01 secs] 
2014-07-09T00:19:50.439+0000: 2578.402: [GC [PSYoungGen: 356326K->1328K(346240K)] 691330K->336372K(1033216K), 0.0199100 secs] [Times: user=0.07 sys=0.00, real=0.02 secs] 
2014-07-09T00:19:51.752+0000: 2579.714: [GC [PSYoungGen: 346224K->698K(335744K)] 681268K->336128K(1022720K), 0.0061660 secs] [Times: user=0.02 sys=0.00, real=0.00 secs] 
2014-07-09T00:19:52.985+0000: 2580.948: [GC [PSYoungGen: 335735K->1346K(327040K)] 671165K->336824K(1014016K), 0.0097190 secs] [Times: user=0.04 sys=0.00, real=0.01 secs] 
2014-07-09T00:19:54.194+0000: 2582.157: [GC [PSYoungGen: 326978K->1140K(317696K)] 662456K->336806K(1004672K), 0.0126530 secs] [Times: user=0.05 sys=0.00, real=0.01 secs] 
2014-07-09T00:19:55.351+0000: 2583.314: [GC [PSYoungGen: 317652K->1258K(309120K)] 653319K->336964K(996096K), 0.0129940 secs] [Times: user=0.05 sys=0.00, real=0.01 secs] 
2014-07-09T00:19:56.487+0000: 2584.450: [GC [PSYoungGen: 309098K->818K(300352K)] 644804K->337143K(987328K), 0.0057140 secs] [Times: user=0.01 sys=0.00, real=0.01 secs] 
2014-07-09T00:19:57.599+0000: 2585.562: [GC [PSYoungGen: 300338K->1478K(293056K)] 636663K->337875K(980032K), 0.0105340 secs] [Times: user=0.04 sys=0.00, real=0.01 secs] 
2014-07-09T00:19:58.704+0000: 2586.666: [GC [PSYoungGen: 292998K->872K(284736K)] 629395K->337907K(971712K), 0.0137120 secs] [Times: user=0.05 sys=0.00, real=0.01 secs] 
2014-07-09T00:19:59.772+0000: 2587.735: [GC [PSYoungGen: 284712K->1364K(277824K)] 621747K->338439K(964800K), 0.0122200 secs] [Times: user=0.05 sys=0.00, real=0.01 secs] 
2014-07-09T00:20:00.788+0000: 2588.750: [GC [PSYoungGen: 277780K->1012K(332736K)] 614855K->338258K(1019712K), 0.0116720 secs] [Times: user=0.04 sys=0.00, real=0.01 secs] 
2014-07-09T00:20:02.047+0000: 2590.010: [GC [PSYoungGen: 332724K->1140K(399232K)] 669970K->338442K(1086208K), 0.0126180 secs] [Times: user=0.05 sys=0.00, real=0.01 secs] 
2014-07-09T00:20:03.510+0000: 2591.473: [GC [PSYoungGen: 399174K->1190K(387264K)] 736476K->338548K(1074240K), 0.0094760 secs] [Times: user=0.03 sys=0.00, real=0.01 secs] 
2014-07-09T00:20:04.943+0000: 2592.906: [GC [PSYoungGen: 387238K->1332K(375872K)] 724596K->338722K(1062848K), 0.0062990 secs] [Times: user=0.02 sys=0.00, real=0.00 secs] 
2014-07-09T00:20:06.382+0000: 2594.345: [GC [PSYoungGen: 375838K->822K(364288K)] 713229K->338607K(1051264K), 0.0036380 secs] [Times: user=0.02 sys=0.00, real=0.01 secs] 
2014-07-09T00:20:07.712+0000: 2595.675: [GC [PSYoungGen: 364240K->1390K(354240K)] 702025K->339255K(1041216K), 0.0180430 secs] [Times: user=0.06 sys=0.00, real=0.02 secs] 
2014-07-09T00:20:09.050+0000: 2597.013: [GC [PSYoungGen: 354222K->1076K(424512K)] 692087K->339213K(1111488K), 0.0221730 secs] [Times: user=0.08 sys=0.00, real=0.02 secs] 
2014-07-09T00:20:10.559+0000: 2598.522: [GC [PSYoungGen: 424500K->1044K(411392K)] 762637K->339229K(1098368K), 0.0080030 secs] [Times: user=0.03 sys=0.01, real=0.01 secs] 
2014-07-09T00:20:12.114+0000: 2600.077: [GC [PSYoungGen: 411348K->1108K(398912K)] 749533K->339333K(1085888K), 0.0118990 secs] [Times: user=0.04 sys=0.00, real=0.01 secs] 
2014-07-09T00:20:13.599+0000: 2601.562: [GC [PSYoungGen: 398868K->1296K(387072K)] 737093K->339569K(1074048K), 0.0123160 secs] [Times: user=0.04 sys=0.00, real=0.01 secs] 
2014-07-09T00:20:15.056+0000: 2603.019: [GC [PSYoungGen: 387024K->766K(374976K)] 725297K->339447K(1061952K), 0.0087110 secs] [Times: user=0.02 sys=0.00, real=0.01 secs] 
2014-07-09T00:20:16.441+0000: 2604.404: [GC [PSYoungGen: 374974K->1595K(364736K)] 713655K->340568K(1051712K), 0.0169400 secs] [Times: user=0.05 sys=0.00, real=0.02 secs] 
2014-07-09T00:20:17.793+0000: 2605.756: [GC [PSYoungGen: 364731K->880K(353472K)] 703704K->340219K(1040448K), 0.0047120 secs] [Times: user=0.01 sys=0.00, real=0.01 secs] 
2014-07-09T00:20:19.131+0000: 2607.094: [GC [PSYoungGen: 353456K->1158K(343616K)] 692795K->340553K(1030592K), 0.0231320 secs] [Times: user=0.08 sys=0.00, real=0.03 secs] 
2014-07-09T00:20:20.395+0000: 2608.358: [GC [PSYoungGen: 343558K->1076K(333760K)] 682953K->340561K(1020736K), 0.0062940 secs] [Times: user=0.02 sys=0.00, real=0.00 secs] 
2014-07-09T00:20:21.660+0000: 2609.623: [GC [PSYoungGen: 333748K->1197K(324544K)] 673233K->340714K(1011520K), 0.0058240 secs] [Times: user=0.01 sys=0.01, real=0.01 secs] 
2014-07-09T00:20:22.917+0000: 2610.880: [GC [PSYoungGen: 324525K->1076K(315456K)] 664042K->340625K(1002432K), 0.0182260 secs] [Times: user=0.07 sys=0.00, real=0.02 secs] 
2014-07-09T00:20:24.052+0000: 2612.015: [GC [PSYoungGen: 315444K->1044K(306880K)] 654993K->340625K(993856K), 0.0051390 secs] [Times: user=0.01 sys=0.01, real=0.01 secs] 
2014-07-09T00:20:25.172+0000: 2613.135: [GC [PSYoungGen: 306794K->1202K(298752K)] 646375K->341134K(985728K), 0.0099450 secs] [Times: user=0.03 sys=0.01, real=0.01 secs] 
2014-07-09T00:20:26.275+0000: 2614.238: [GC [PSYoungGen: 298738K->1428K(291072K)] 638669K->341391K(978048K), 0.0133450 secs] [Times: user=0.05 sys=0.00, real=0.01 secs] 
2014-07-09T00:20:27.388+0000: 2615.350: [GC [PSYoungGen: 291028K->816K(282816K)] 630991K->341269K(969792K), 0.0048700 secs] [Times: user=0.01 sys=0.00, real=0.00 secs] 
2014-07-09T00:20:28.409+0000: 2616.372: [GC [PSYoungGen: 282800K->1318K(275968K)] 623253K->341812K(962944K), 0.0074300 secs] [Times: user=0.01 sys=0.00, real=0.01 secs] 
2014-07-09T00:20:29.436+0000: 2617.399: [GC [PSYoungGen: 275942K->1264K(268864K)] 616436K->341937K(955840K), 0.0090470 secs] [Times: user=0.03 sys=0.00, real=0.00 secs] 
2014-07-09T00:20:30.412+0000: 2618.375: [GC [PSYoungGen: 268848K->1292K(262144K)] 609521K->341982K(949120K), 0.0062230 secs] [Times: user=0.02 sys=0.00, real=0.01 secs] 
2014-07-09T00:20:31.371+0000: 2619.334: [GC [PSYoungGen: 262092K->766K(255040K)] 602782K->341653K(942016K), 0.0049470 secs] [Times: user=0.02 sys=0.00, real=0.00 secs] 
2014-07-09T00:20:32.384+0000: 2620.346: [GC [PSYoungGen: 255038K->1240K(249280K)] 595925K->342183K(936256K), 0.0084340 secs] [Times: user=0.02 sys=0.00, real=0.01 secs] 
2014-07-09T00:20:33.297+0000: 2621.260: [GC [PSYoungGen: 249240K->1338K(243264K)] 590183K->342536K(930240K), 0.0102520 secs] [Times: user=0.03 sys=0.00, real=0.01 secs] 
2014-07-09T00:20:34.198+0000: 2622.161: [GC [PSYoungGen: 243258K->1094K(291456K)] 584456K->342307K(978432K), 0.0254440 secs] [Times: user=0.09 sys=0.00, real=0.02 secs] 
2014-07-09T00:20:35.267+0000: 2623.230: [GC [PSYoungGen: 291398K->980K(349440K)] 632611K->342283K(1036416K), 0.0042290 secs] [Times: user=0.01 sys=0.00, real=0.00 secs] 
2014-07-09T00:20:36.528+0000: 2624.491: [GC [PSYoungGen: 349374K->1464K(419584K)] 690677K->342807K(1106560K), 0.0358570 secs] [Times: user=0.12 sys=0.00, real=0.03 secs] 
2014-07-09T00:20:38.135+0000: 2626.098: [GC [PSYoungGen: 419575K->994K(502784K)] 760918K->342555K(1189760K), 0.0118960 secs] [Times: user=0.05 sys=0.00, real=0.01 secs] 
2014-07-09T00:20:39.971+0000: 2627.934: [GC [PSYoungGen: 502714K->1076K(603200K)] 844276K->342709K(1290176K), 0.0048660 secs] [Times: user=0.01 sys=0.00, real=0.00 secs] 
2014-07-09T00:20:42.258+0000: 2630.221: [GC [PSYoungGen: 603158K->1144K(582208K)] 944791K->342825K(1269184K), 0.0202590 secs] [Times: user=0.07 sys=0.00, real=0.02 secs] 
2014-07-09T00:20:44.387+0000: 2632.350: [GC [PSYoungGen: 582200K->1012K(561984K)] 923881K->342741K(1248960K), 0.0090440 secs] [Times: user=0.03 sys=0.00, real=0.01 secs] 
2014-07-09T00:20:46.452+0000: 2634.415: [GC [PSYoungGen: 561972K->1108K(542912K)] 903701K->342869K(1229888K), 0.0040760 secs] [Times: user=0.01 sys=0.00, real=0.00 secs] 
2014-07-09T00:20:48.483+0000: 2636.446: [GC [PSYoungGen: 542868K->1222K(524736K)] 884629K->343095K(1211712K), 0.0082200 secs] [Times: user=0.03 sys=0.00, real=0.01 secs] 
2014-07-09T00:20:50.399+0000: 2638.362: [GC [PSYoungGen: 524649K->954K(506880K)] 866523K->343121K(1193856K), 0.0162520 secs] [Times: user=0.06 sys=0.00, real=0.02 secs] 
2014-07-09T00:20:52.313+0000: 2640.275: [GC [PSYoungGen: 506874K->1176K(490432K)] 849041K->343367K(1177408K), 0.0207820 secs] [Times: user=0.07 sys=0.00, real=0.02 secs] 
2014-07-09T00:20:54.173+0000: 2642.136: [GC [PSYoungGen: 490392K->1058K(474304K)] 832583K->343479K(1161280K), 0.0101710 secs] [Times: user=0.03 sys=0.00, real=0.01 secs] 
2014-07-09T00:20:55.925+0000: 2643.888: [GC [PSYoungGen: 474238K->1432K(459392K)] 816660K->343901K(1146368K), 0.0103120 secs] [Times: user=0.04 sys=0.00, real=0.01 secs] 
2014-07-09T00:20:57.583+0000: 2645.546: [GC [PSYoungGen: 459320K->566K(443904K)] 801790K->343726K(1130880K), 0.0200390 secs] [Times: user=0.07 sys=0.00, real=0.02 secs] 
2014-07-09T00:20:59.287+0000: 2647.250: [GC [PSYoungGen: 443882K->1599K(430912K)] 787042K->344873K(1117888K), 0.0222110 secs] [Times: user=0.08 sys=0.00, real=0.02 secs] 
2014-07-09T00:21:00.889+0000: 2648.852: [GC [PSYoungGen: 430911K->1076K(516288K)] 774185K->344798K(1203264K), 0.0223010 secs] [Times: user=0.08 sys=0.00, real=0.03 secs] 
2014-07-09T00:21:02.777+0000: 2650.740: [GC [PSYoungGen: 516247K->1168K(499264K)] 859968K->344930K(1186240K), 0.0115370 secs] [Times: user=0.04 sys=0.00, real=0.01 secs] 
2014-07-09T00:21:04.651+0000: 2652.614: [GC [PSYoungGen: 499212K->1339K(483008K)] 842973K->345273K(1169984K), 0.0184850 secs] [Times: user=0.06 sys=0.00, real=0.02 secs] 
2014-07-09T00:21:06.435+0000: 2654.397: [GC [PSYoungGen: 483003K->1179K(579264K)] 826937K->345153K(1266240K), 0.0251200 secs] [Times: user=0.09 sys=0.00, real=0.02 secs] 
2014-07-09T00:21:08.574+0000: 2656.537: [GC [PSYoungGen: 579227K->1012K(559104K)] 923201K->345090K(1246080K), 0.0040050 secs] [Times: user=0.01 sys=0.00, real=0.00 secs] 
2014-07-09T00:21:10.682+0000: 2658.645: [GC [PSYoungGen: 559092K->1488K(540544K)] 903170K->345622K(1227520K), 0.0263930 secs] [Times: user=0.10 sys=0.00, real=0.02 secs] 
2014-07-09T00:21:12.702+0000: 2660.665: [GC [PSYoungGen: 540496K->1076K(521920K)] 884630K->345338K(1208896K), 0.0078280 secs] [Times: user=0.01 sys=0.00, real=0.01 secs] 
2014-07-09T00:21:14.677+0000: 2662.640: [GC [PSYoungGen: 521904K->1389K(504832K)] 866166K->345691K(1191808K), 0.0211310 secs] [Times: user=0.07 sys=0.00, real=0.02 secs] 
2014-07-09T00:21:16.544+0000: 2664.507: [GC [PSYoungGen: 504813K->1108K(487936K)] 849115K->345466K(1174912K), 0.0048180 secs] [Times: user=0.02 sys=0.00, real=0.00 secs] 
2014-07-09T00:21:18.374+0000: 2666.337: [GC [PSYoungGen: 487892K->1428K(472384K)] 832250K->345898K(1159360K), 0.0129930 secs] [Times: user=0.04 sys=0.00, real=0.01 secs] 
2014-07-09T00:21:20.141+0000: 2668.104: [GC [PSYoungGen: 472317K->866K(456640K)] 816787K->345540K(1143616K), 0.0046050 secs] [Times: user=0.02 sys=0.00, real=0.01 secs] 
2014-07-09T00:21:21.818+0000: 2669.781: [GC [PSYoungGen: 456610K->1158K(442432K)] 801283K->345872K(1129408K), 0.0117630 secs] [Times: user=0.04 sys=0.00, real=0.01 secs] 
2014-07-09T00:21:23.475+0000: 2671.438: [GC [PSYoungGen: 442374K->1200K(428544K)] 787088K->346012K(1115520K), 0.0094850 secs] [Times: user=0.02 sys=0.01, real=0.01 secs] 
2014-07-09T00:21:25.103+0000: 2673.065: [GC [PSYoungGen: 428528K->1108K(415168K)] 773340K->345968K(1102144K), 0.0119060 secs] [Times: user=0.04 sys=0.00, real=0.02 secs] 
2014-07-09T00:21:26.583+0000: 2674.546: [GC [PSYoungGen: 415111K->1150K(402432K)] 759971K->346116K(1089408K), 0.0162350 secs] [Times: user=0.06 sys=0.00, real=0.02 secs] 
2014-07-09T00:21:28.112+0000: 2676.075: [GC [PSYoungGen: 402430K->1172K(390336K)] 747396K->346250K(1077312K), 0.0165630 secs] [Times: user=0.04 sys=0.00, real=0.02 secs] 
2014-07-09T00:21:29.565+0000: 2677.528: [GC [PSYoungGen: 390292K->1022K(378496K)] 735370K->346286K(1065472K), 0.0063240 secs] [Times: user=0.02 sys=0.00, real=0.00 secs] 
2014-07-09T00:21:30.945+0000: 2678.908: [GC [PSYoungGen: 378494K->1314K(367616K)] 723758K->346626K(1054592K), 0.0071750 secs] [Times: user=0.03 sys=0.00, real=0.00 secs] 
2014-07-09T00:21:32.307+0000: 2680.270: [GC [PSYoungGen: 367586K->884K(356480K)] 712898K->346570K(1043456K), 0.0187540 secs] [Times: user=0.06 sys=0.00, real=0.01 secs] 
2014-07-09T00:21:33.593+0000: 2681.556: [GC [PSYoungGen: 356427K->1534K(346816K)] 702113K->347276K(1033792K), 0.0102200 secs] [Times: user=0.03 sys=0.00, real=0.01 secs] 
2014-07-09T00:21:34.897+0000: 2682.860: [GC [PSYoungGen: 346814K->679K(336128K)] 692556K->347414K(1023104K), 0.0106410 secs] [Times: user=0.03 sys=0.00, real=0.01 secs] 
2014-07-09T00:21:36.145+0000: 2684.107: [GC [PSYoungGen: 336103K->1791K(327744K)] 682838K->348682K(1014720K), 0.0175220 secs] [Times: user=0.06 sys=0.00, real=0.02 secs] 
2014-07-09T00:21:37.379+0000: 2685.341: [GC [PSYoungGen: 327743K->1012K(392192K)] 674634K->348490K(1079168K), 0.0238050 secs] [Times: user=0.08 sys=0.00, real=0.02 secs] 
2014-07-09T00:21:38.862+0000: 2686.824: [GC [PSYoungGen: 392154K->980K(380416K)] 739632K->348514K(1067392K), 0.0055400 secs] [Times: user=0.01 sys=0.01, real=0.01 secs] 
2014-07-09T00:21:40.315+0000: 2688.278: [GC [PSYoungGen: 380372K->1232K(369408K)] 727906K->348814K(1056384K), 0.0059350 secs] [Times: user=0.01 sys=0.00, real=0.01 secs] 
2014-07-09T00:21:41.672+0000: 2689.635: [GC [PSYoungGen: 369338K->1140K(358464K)] 716920K->348786K(1045440K), 0.0101220 secs] [Times: user=0.03 sys=0.00, real=0.01 secs] 
2014-07-09T00:21:43.036+0000: 2690.998: [GC [PSYoungGen: 358452K->980K(429824K)] 706098K->348650K(1116800K), 0.0366200 secs] [Times: user=0.12 sys=0.00, real=0.04 secs] 
2014-07-09T00:21:44.648+0000: 2692.611: [GC [PSYoungGen: 429732K->1208K(515776K)] 777402K->348942K(1202752K), 0.0117100 secs] [Times: user=0.05 sys=0.00, real=0.01 secs] 
2014-07-09T00:21:46.565+0000: 2694.528: [GC [PSYoungGen: 515700K->1258K(498752K)] 863434K->349024K(1185728K), 0.0046840 secs] [Times: user=0.02 sys=0.00, real=0.01 secs] 
2014-07-09T00:21:48.406+0000: 2696.369: [GC [PSYoungGen: 498730K->1236K(482368K)] 846496K->349114K(1169344K), 0.0170370 secs] [Times: user=0.06 sys=0.00, real=0.02 secs] 
2014-07-09T00:21:50.239+0000: 2698.202: [GC [PSYoungGen: 482324K->1044K(466560K)] 830202K->348970K(1153536K), 0.0052680 secs] [Times: user=0.01 sys=0.01, real=0.00 secs] 
2014-07-09T00:21:51.990+0000: 2699.952: [GC [PSYoungGen: 466515K->1012K(451520K)] 814441K->348986K(1138496K), 0.0273040 secs] [Times: user=0.09 sys=0.00, real=0.02 secs] 
2014-07-09T00:21:53.667+0000: 2701.630: [GC [PSYoungGen: 451503K->1044K(437312K)] 799477K->349058K(1124288K), 0.0118030 secs] [Times: user=0.04 sys=0.00, real=0.02 secs] 
2014-07-09T00:21:55.294+0000: 2703.257: [GC [PSYoungGen: 437268K->1044K(423616K)] 785282K->349090K(1110592K), 0.0166640 secs] [Times: user=0.06 sys=0.00, real=0.02 secs] 
2014-07-09T00:21:56.875+0000: 2704.837: [GC [PSYoungGen: 423572K->1204K(410624K)] 771618K->349298K(1097600K), 0.0056410 secs] [Times: user=0.02 sys=0.00, real=0.01 secs] 
2014-07-09T00:21:58.369+0000: 2706.332: [GC [PSYoungGen: 410612K->1044K(492416K)] 758706K->349258K(1179392K), 0.0488010 secs] [Times: user=0.17 sys=0.00, real=0.05 secs] 
2014-07-09T00:22:00.239+0000: 2708.202: [GC [PSYoungGen: 492369K->1076K(590720K)] 840583K->349354K(1277696K), 0.0112440 secs] [Times: user=0.03 sys=0.00, real=0.02 secs] 
2014-07-09T00:22:02.432+0000: 2710.395: [GC [PSYoungGen: 590708K->1140K(708736K)] 938986K->349474K(1395712K), 0.0108820 secs] [Times: user=0.02 sys=0.00, real=0.01 secs] 
2014-07-09T00:22:05.076+0000: 2713.038: [GC [PSYoungGen: 708724K->1010K(682688K)] 1057058K->349732K(1369664K), 0.0050220 secs] [Times: user=0.02 sys=0.00, real=0.01 secs] 
2014-07-09T00:22:07.635+0000: 2715.598: [GC [PSYoungGen: 682625K->1368K(658368K)] 1031347K->350146K(1345344K), 0.0086010 secs] [Times: user=0.03 sys=0.00, real=0.01 secs] 
2014-07-09T00:22:10.096+0000: 2718.059: [GC [PSYoungGen: 658303K->816K(634240K)] 1007082K->350098K(1321216K), 0.0252170 secs] [Times: user=0.09 sys=0.00, real=0.03 secs] 
2014-07-09T00:22:12.486+0000: 2720.449: [GC [PSYoungGen: 634224K->1176K(612160K)] 983506K->350548K(1299136K), 0.0171370 secs] [Times: user=0.06 sys=0.00, real=0.02 secs] 
2014-07-09T00:22:14.777+0000: 2722.739: [GC [PSYoungGen: 612120K->1076K(590592K)] 961492K->350620K(1277568K), 0.0178800 secs] [Times: user=0.06 sys=0.00, real=0.02 secs] 
2014-07-09T00:22:17.369+0000: 2725.331: [GC [PSYoungGen: 590580K->1172K(570240K)] 940124K->350756K(1257216K), 0.0185550 secs] [Times: user=0.07 sys=0.00, real=0.02 secs] 
2014-07-09T00:22:20.011+0000: 2727.973: [GC [PSYoungGen: 570110K->935K(550464K)] 919695K->351786K(1237440K), 0.0205140 secs] [Times: user=0.07 sys=0.00, real=0.02 secs] 
2014-07-09T00:22:22.537+0000: 2730.500: [GC [PSYoungGen: 550439K->1560K(532416K)] 901290K->352443K(1219392K), 0.0140090 secs] [Times: user=0.03 sys=0.00, real=0.01 secs] 
2014-07-09T00:22:24.994+0000: 2732.957: [GC [PSYoungGen: 532376K->1268K(514240K)] 883258K->352675K(1201216K), 0.0251500 secs] [Times: user=0.09 sys=0.00, real=0.02 secs] 
2014-07-09T00:22:27.361+0000: 2735.324: [GC [PSYoungGen: 514228K->1172K(497152K)] 865635K->352611K(1184128K), 0.0135230 secs] [Times: user=0.05 sys=0.00, real=0.02 secs] 
2014-07-09T00:22:29.621+0000: 2737.584: [GC [PSYoungGen: 497098K->1222K(480960K)] 848536K->352773K(1167936K), 0.0053360 secs] [Times: user=0.02 sys=0.00, real=0.01 secs] 
2014-07-09T00:22:31.864+0000: 2739.827: [GC [PSYoungGen: 480902K->1044K(465216K)] 832453K->352659K(1152192K), 0.0059010 secs] [Times: user=0.02 sys=0.00, real=0.01 secs] 
2014-07-09T00:22:34.029+0000: 2741.992: [GC [PSYoungGen: 465172K->1172K(450432K)] 816787K->352819K(1137408K), 0.0044260 secs] [Times: user=0.02 sys=0.00, real=0.00 secs] 
2014-07-09T00:22:36.100+0000: 2744.063: [GC [PSYoungGen: 450356K->1108K(436096K)] 802002K->352787K(1123072K), 0.0447800 secs] [Times: user=0.17 sys=0.00, real=0.04 secs] 
2014-07-09T00:22:38.146+0000: 2746.109: [GC [PSYoungGen: 436028K->1144K(422464K)] 787707K->352911K(1109440K), 0.0204800 secs] [Times: user=0.07 sys=0.00, real=0.02 secs] 
2014-07-09T00:22:40.090+0000: 2748.053: [GC [PSYoungGen: 422456K->1172K(409472K)] 774223K->352995K(1096448K), 0.0078850 secs] [Times: user=0.03 sys=0.00, real=0.01 secs] 
2014-07-09T00:22:42.005+0000: 2749.967: [GC [PSYoungGen: 409428K->1150K(396928K)] 761251K->353201K(1083904K), 0.0192330 secs] [Times: user=0.06 sys=0.00, real=0.02 secs] 
2014-07-09T00:22:43.858+0000: 2751.821: [GC [PSYoungGen: 396926K->1108K(384960K)] 748977K->353199K(1071936K), 0.0203090 secs] [Times: user=0.07 sys=0.00, real=0.02 secs] 
2014-07-09T00:22:45.628+0000: 2753.591: [GC [PSYoungGen: 384916K->1076K(373440K)] 737007K->353223K(1060416K), 0.0131560 secs] [Times: user=0.05 sys=0.00, real=0.01 secs] 
2014-07-09T00:22:47.377+0000: 2755.340: [GC [PSYoungGen: 373428K->1076K(362496K)] 725575K->353271K(1049472K), 0.0045920 secs] [Times: user=0.02 sys=0.00, real=0.00 secs] 
2014-07-09T00:22:49.066+0000: 2757.029: [GC [PSYoungGen: 362455K->1215K(352128K)] 714650K->353554K(1039104K), 0.0135670 secs] [Times: user=0.05 sys=0.00, real=0.02 secs] 
2014-07-09T00:22:50.689+0000: 2758.651: [GC [PSYoungGen: 352118K->1282K(342144K)] 704457K->353661K(1029120K), 0.0128990 secs] [Times: user=0.04 sys=0.00, real=0.01 secs] 
2014-07-09T00:22:52.264+0000: 2760.227: [GC [PSYoungGen: 342082K->805K(331968K)] 694461K->353542K(1018944K), 0.0177160 secs] [Times: user=0.06 sys=0.00, real=0.02 secs] 
2014-07-09T00:22:53.778+0000: 2761.741: [GC [PSYoungGen: 331941K->1208K(398592K)] 684678K->353985K(1085568K), 0.0237380 secs] [Times: user=0.09 sys=0.00, real=0.03 secs] 
2014-07-09T00:22:55.594+0000: 2763.557: [GC [PSYoungGen: 398552K->1044K(477952K)] 751329K->354033K(1164928K), 0.0213860 secs] [Times: user=0.07 sys=0.01, real=0.02 secs] 
2014-07-09T00:22:57.828+0000: 2765.791: [GC [PSYoungGen: 477894K->1300K(462784K)] 830883K->354353K(1149760K), 0.0144170 secs] [Times: user=0.05 sys=0.00, real=0.02 secs] 
2014-07-09T00:22:59.983+0000: 2767.946: [GC [PSYoungGen: 462671K->826K(447488K)] 815724K->354353K(1134464K), 0.0061880 secs] [Times: user=0.02 sys=0.00, real=0.01 secs] 
2014-07-09T00:23:02.056+0000: 2770.019: [GC [PSYoungGen: 447482K->1226K(433792K)] 801009K->354785K(1120768K), 0.0042830 secs] [Times: user=0.02 sys=0.00, real=0.01 secs] 
2014-07-09T00:23:04.041+0000: 2772.004: [GC [PSYoungGen: 433716K->1012K(420032K)] 787276K->354817K(1107008K), 0.0250660 secs] [Times: user=0.09 sys=0.00, real=0.02 secs] 
2014-07-09T00:23:06.004+0000: 2773.967: [GC [PSYoungGen: 420020K->1452K(407552K)] 773825K->355298K(1094528K), 0.0167040 secs] [Times: user=0.06 sys=0.00, real=0.02 secs] 
2014-07-09T00:23:07.909+0000: 2775.872: [GC [PSYoungGen: 407532K->620K(394304K)] 761378K->354929K(1081280K), 0.0137840 secs] [Times: user=0.03 sys=0.00, real=0.02 secs] 
2014-07-09T00:23:09.758+0000: 2777.721: [GC [PSYoungGen: 394278K->1457K(383296K)] 748588K->355822K(1070272K), 0.0225600 secs] [Times: user=0.08 sys=0.00, real=0.03 secs] 
2014-07-09T00:23:11.551+0000: 2779.514: [GC [PSYoungGen: 383281K->1044K(371520K)] 737646K->355663K(1058496K), 0.0051060 secs] [Times: user=0.01 sys=0.00, real=0.01 secs] 
2014-07-09T00:23:13.269+0000: 2781.232: [GC [PSYoungGen: 371476K->1353K(360960K)] 726095K->356005K(1047936K), 0.0093070 secs] [Times: user=0.03 sys=0.00, real=0.01 secs] 
2014-07-09T00:23:14.932+0000: 2782.895: [GC [PSYoungGen: 360889K->866K(350016K)] 715540K->355787K(1036992K), 0.0044200 secs] [Times: user=0.01 sys=0.00, real=0.00 secs] 
2014-07-09T00:23:16.548+0000: 2784.511: [GC [PSYoungGen: 349983K->1258K(340416K)] 704904K->356203K(1027392K), 0.0264010 secs] [Times: user=0.10 sys=0.00, real=0.03 secs] 
2014-07-09T00:23:18.140+0000: 2786.103: [GC [PSYoungGen: 340354K->1012K(330560K)] 695299K->356243K(1017536K), 0.0049110 secs] [Times: user=0.01 sys=0.00, real=0.01 secs] 
2014-07-09T00:23:19.666+0000: 2787.629: [GC [PSYoungGen: 330547K->1076K(321408K)] 685779K->356347K(1008384K), 0.0285830 secs] [Times: user=0.10 sys=0.00, real=0.03 secs] 
2014-07-09T00:23:21.165+0000: 2789.128: [GC [PSYoungGen: 321396K->1062K(312576K)] 676667K->356357K(999552K), 0.0123490 secs] [Times: user=0.05 sys=0.00, real=0.01 secs] 
2014-07-09T00:23:22.624+0000: 2790.587: [GC [PSYoungGen: 312550K->980K(374848K)] 667845K->356323K(1061824K), 0.0197710 secs] [Times: user=0.07 sys=0.00, real=0.02 secs] 
2014-07-09T00:23:24.371+0000: 2792.333: [GC [PSYoungGen: 374798K->1112K(449792K)] 730142K->356495K(1136768K), 0.0188730 secs] [Times: user=0.07 sys=0.00, real=0.02 secs] 
2014-07-09T00:23:26.442+0000: 2794.405: [GC [PSYoungGen: 449752K->1108K(539520K)] 805135K->356523K(1226496K), 0.0211880 secs] [Times: user=0.07 sys=0.00, real=0.03 secs] 
2014-07-09T00:23:28.961+0000: 2796.924: [GC [PSYoungGen: 539460K->802K(521024K)] 894875K->356523K(1208000K), 0.0201780 secs] [Times: user=0.07 sys=0.00, real=0.02 secs] 
2014-07-09T00:23:31.382+0000: 2799.345: [GC [PSYoungGen: 520952K->1208K(504064K)] 876674K->356961K(1191040K), 0.0089970 secs] [Times: user=0.03 sys=0.00, real=0.01 secs] 
2014-07-09T00:23:33.697+0000: 2801.660: [GC [PSYoungGen: 504056K->944K(487232K)] 859809K->357001K(1174208K), 0.0100730 secs] [Times: user=0.04 sys=0.00, real=0.01 secs] 
2014-07-09T00:23:35.965+0000: 2803.928: [GC [PSYoungGen: 487198K->1456K(471872K)] 843255K->357562K(1158848K), 0.0065730 secs] [Times: user=0.01 sys=0.00, real=0.00 secs] 
2014-07-09T00:23:38.155+0000: 2806.118: [GC [PSYoungGen: 471856K->556K(455808K)] 827962K->357149K(1142784K), 0.0047650 secs] [Times: user=0.02 sys=0.00, real=0.00 secs] 
2014-07-09T00:23:40.334+0000: 2808.297: [GC [PSYoungGen: 455788K->1244K(441984K)] 812381K->357885K(1128960K), 0.0059530 secs] [Times: user=0.01 sys=0.00, real=0.01 secs] 
2014-07-09T00:23:42.370+0000: 2810.333: [GC [PSYoungGen: 441852K->1165K(428032K)] 798493K->358139K(1115008K), 0.0054590 secs] [Times: user=0.01 sys=0.00, real=0.01 secs] 
2014-07-09T00:23:44.352+0000: 2812.315: [GC [PSYoungGen: 427951K->1072K(414656K)] 784925K->358062K(1101632K), 0.0063510 secs] [Times: user=0.01 sys=0.00, real=0.01 secs] 
2014-07-09T00:23:46.281+0000: 2814.244: [GC [PSYoungGen: 414640K->822K(401664K)] 771630K->358222K(1088640K), 0.0112780 secs] [Times: user=0.04 sys=0.00, real=0.01 secs] 
2014-07-09T00:23:48.150+0000: 2816.113: [GC [PSYoungGen: 401654K->1510K(390208K)] 759054K->359064K(1077184K), 0.0056470 secs] [Times: user=0.01 sys=0.00, real=0.00 secs] 
2014-07-09T00:23:49.960+0000: 2817.923: [GC [PSYoungGen: 390182K->766K(377792K)] 747736K->358854K(1064768K), 0.0120920 secs] [Times: user=0.05 sys=0.00, real=0.01 secs] 
2014-07-09T00:23:51.718+0000: 2819.681: [GC [PSYoungGen: 377790K->1648K(367552K)] 735878K->359858K(1054528K), 0.0110720 secs] [Times: user=0.03 sys=0.00, real=0.01 secs] 
2014-07-09T00:23:53.419+0000: 2821.382: [GC [PSYoungGen: 367536K->948K(356160K)] 725746K->359486K(1043136K), 0.0094770 secs] [Times: user=0.04 sys=0.01, real=0.01 secs] 
2014-07-09T00:23:55.085+0000: 2823.048: [GC [PSYoungGen: 356104K->1126K(346112K)] 714642K->359738K(1033088K), 0.0168660 secs] [Times: user=0.06 sys=0.00, real=0.02 secs] 
2014-07-09T00:23:56.686+0000: 2824.649: [GC [PSYoungGen: 346085K->1108K(336256K)] 704697K->359850K(1023232K), 0.0111700 secs] [Times: user=0.02 sys=0.01, real=0.02 secs] 
2014-07-09T00:23:58.254+0000: 2826.217: [GC [PSYoungGen: 336171K->1513K(327232K)] 694913K->360351K(1014208K), 0.0041450 secs] [Times: user=0.02 sys=0.00, real=0.01 secs] 
2014-07-09T00:23:59.801+0000: 2827.764: [GC [PSYoungGen: 327203K->816K(317440K)] 686041K->359858K(1004416K), 0.0304350 secs] [Times: user=0.10 sys=0.00, real=0.03 secs] 
2014-07-09T00:24:01.295+0000: 2829.258: [GC [PSYoungGen: 317424K->1765K(381760K)] 676466K->361233K(1068736K), 0.0307550 secs] [Times: user=0.11 sys=0.00, real=0.03 secs] 
2014-07-09T00:24:03.012+0000: 2830.975: [GC [PSYoungGen: 381733K->1012K(457024K)] 741201K->360756K(1144000K), 0.0117170 secs] [Times: user=0.03 sys=0.00, real=0.01 secs] 
2014-07-09T00:24:05.155+0000: 2833.118: [GC [PSYoungGen: 457012K->1346K(548608K)] 816756K->361154K(1235584K), 0.0185880 secs] [Times: user=0.06 sys=0.00, real=0.02 secs] 
2014-07-09T00:24:07.713+0000: 2835.676: [GC [PSYoungGen: 548546K->1204K(529856K)] 908354K->361150K(1216832K), 0.0166420 secs] [Times: user=0.04 sys=0.01, real=0.02 secs] 
2014-07-09T00:24:10.185+0000: 2838.148: [GC [PSYoungGen: 529828K->1012K(511936K)] 889775K->361070K(1198912K), 0.0106040 secs] [Times: user=0.04 sys=0.00, real=0.01 secs] 
2014-07-09T00:24:12.572+0000: 2840.535: [GC [PSYoungGen: 511924K->1296K(495296K)] 871982K->361402K(1182272K), 0.0195630 secs] [Times: user=0.06 sys=0.00, real=0.02 secs] 
2014-07-09T00:24:14.879+0000: 2842.842: [GC [PSYoungGen: 495222K->1357K(479168K)] 855328K->361503K(1166144K), 0.0253850 secs] [Times: user=0.09 sys=0.00, real=0.03 secs] 
2014-07-09T00:24:17.133+0000: 2845.096: [GC [PSYoungGen: 479072K->1004K(463296K)] 839219K->361519K(1150272K), 0.0131540 secs] [Times: user=0.05 sys=0.00, real=0.01 secs] 
2014-07-09T00:24:19.269+0000: 2847.232: [GC [PSYoungGen: 463275K->1030K(448576K)] 823789K->361632K(1135552K), 0.0073400 secs] [Times: user=0.01 sys=0.01, real=0.01 secs] 
2014-07-09T00:24:21.365+0000: 2849.328: [GC [PSYoungGen: 448518K->1044K(434432K)] 809120K->361776K(1121408K), 0.0204490 secs] [Times: user=0.07 sys=0.00, real=0.02 secs] 
2014-07-09T00:24:23.362+0000: 2851.325: [GC [PSYoungGen: 434388K->1140K(420928K)] 795120K->361920K(1107904K), 0.0170490 secs] [Times: user=0.07 sys=0.00, real=0.01 secs] 
2014-07-09T00:24:25.304+0000: 2853.267: [GC [PSYoungGen: 420916K->1030K(407872K)] 781696K->361834K(1094848K), 0.0216100 secs] [Times: user=0.08 sys=0.00, real=0.02 secs] 
2014-07-09T00:24:27.221+0000: 2855.184: [GC [PSYoungGen: 407770K->1190K(395584K)] 768575K->362042K(1082560K), 0.0091420 secs] [Times: user=0.03 sys=0.00, real=0.01 secs] 
2014-07-09T00:24:29.025+0000: 2856.988: [GC [PSYoungGen: 395558K->1012K(383488K)] 756410K->361960K(1070464K), 0.0047430 secs] [Times: user=0.01 sys=0.00, real=0.00 secs] 
2014-07-09T00:24:30.796+0000: 2858.759: [GC [PSYoungGen: 383476K->1076K(372160K)] 744424K->362072K(1059136K), 0.0160440 secs] [Times: user=0.05 sys=0.00, real=0.01 secs] 
2014-07-09T00:24:32.544+0000: 2860.507: [GC [PSYoungGen: 372148K->1126K(361280K)] 733144K->362162K(1048256K), 0.0131810 secs] [Times: user=0.04 sys=0.00, real=0.01 secs] 
2014-07-09T00:24:34.205+0000: 2862.168: [GC [PSYoungGen: 361254K->1044K(350784K)] 722290K->362144K(1037760K), 0.0084110 secs] [Times: user=0.01 sys=0.01, real=0.01 secs] 
2014-07-09T00:24:35.838+0000: 2863.801: [GC [PSYoungGen: 350740K->1140K(340800K)] 711840K->362360K(1027776K), 0.0113270 secs] [Times: user=0.03 sys=0.00, real=0.01 secs] 
2014-07-09T00:24:37.427+0000: 2865.390: [GC [PSYoungGen: 340738K->1172K(331264K)] 701959K->362456K(1018240K), 0.0111850 secs] [Times: user=0.04 sys=0.00, real=0.01 secs] 
2014-07-09T00:24:38.946+0000: 2866.908: [GC [PSYoungGen: 331220K->887K(396992K)] 692504K->362549K(1083968K), 0.0330970 secs] [Times: user=0.11 sys=0.00, real=0.03 secs] 
2014-07-09T00:24:40.799+0000: 2868.762: [GC [PSYoungGen: 396983K->1222K(385408K)] 758645K->362924K(1072384K), 0.0098380 secs] [Times: user=0.03 sys=0.00, real=0.01 secs] 
2014-07-09T00:24:42.596+0000: 2870.559: [GC [PSYoungGen: 385350K->1076K(373760K)] 747052K->362900K(1060736K), 0.0135970 secs] [Times: user=0.05 sys=0.00, real=0.01 secs] 
2014-07-09T00:24:44.337+0000: 2872.300: [GC [PSYoungGen: 373748K->1012K(362688K)] 735572K->362876K(1049664K), 0.0146570 secs] [Times: user=0.05 sys=0.00, real=0.01 secs] 
2014-07-09T00:24:46.014+0000: 2873.977: [GC [PSYoungGen: 362646K->1004K(435072K)] 724510K->363120K(1122048K), 0.0257320 secs] [Times: user=0.09 sys=0.00, real=0.03 secs] 
2014-07-09T00:24:48.050+0000: 2876.013: [GC [PSYoungGen: 435044K->1226K(421760K)] 797160K->363472K(1108736K), 0.0138190 secs] [Times: user=0.05 sys=0.00, real=0.01 secs] 
2014-07-09T00:24:50.009+0000: 2877.972: [GC [PSYoungGen: 421683K->816K(408320K)] 783929K->363680K(1095296K), 0.0139870 secs] [Times: user=0.05 sys=0.00, real=0.01 secs] 
2014-07-09T00:24:51.902+0000: 2879.865: [GC [PSYoungGen: 408304K->1322K(396352K)] 771168K->364226K(1083328K), 0.0128470 secs] [Times: user=0.04 sys=0.01, real=0.01 secs] 
2014-07-09T00:24:53.750+0000: 2881.713: [GC [PSYoungGen: 396309K->1062K(384192K)] 759213K->364294K(1071168K), 0.0121130 secs] [Times: user=0.03 sys=0.00, real=0.01 secs] 
2014-07-09T00:24:55.529+0000: 2883.492: [GC [PSYoungGen: 384166K->1044K(372800K)] 747398K->364308K(1059776K), 0.0193470 secs] [Times: user=0.07 sys=0.00, real=0.02 secs] 
2014-07-09T00:24:57.266+0000: 2885.229: [GC [PSYoungGen: 372756K->1076K(361856K)] 736020K->364412K(1048832K), 0.0204280 secs] [Times: user=0.08 sys=0.00, real=0.02 secs] 
2014-07-09T00:24:58.930+0000: 2886.893: [GC [PSYoungGen: 361844K->1549K(351872K)] 725180K->364997K(1038848K), 0.0144090 secs] [Times: user=0.05 sys=0.00, real=0.01 secs] 
2014-07-09T00:25:00.565+0000: 2888.528: [GC [PSYoungGen: 351820K->556K(340800K)] 715268K->364454K(1027776K), 0.0048250 secs] [Times: user=0.01 sys=0.00, real=0.01 secs] 
2014-07-09T00:25:02.153+0000: 2890.115: [GC [PSYoungGen: 340780K->1589K(332160K)] 704678K->365519K(1019136K), 0.0132240 secs] [Times: user=0.05 sys=0.00, real=0.01 secs] 
2014-07-09T00:25:03.677+0000: 2891.640: [GC [PSYoungGen: 332129K->1080K(322368K)] 696059K->365314K(1009344K), 0.0046600 secs] [Times: user=0.01 sys=0.00, real=0.01 secs] 
2014-07-09T00:25:05.186+0000: 2893.149: [GC [PSYoungGen: 322360K->1140K(313536K)] 686594K->365422K(1000512K), 0.0083420 secs] [Times: user=0.03 sys=0.00, real=0.01 secs] 
2014-07-09T00:25:06.647+0000: 2894.610: [GC [PSYoungGen: 313488K->1165K(305088K)] 677771K->365463K(992064K), 0.0057350 secs] [Times: user=0.01 sys=0.00, real=0.01 secs] 
2014-07-09T00:25:08.072+0000: 2896.035: [GC [PSYoungGen: 305037K->1432K(297152K)] 669335K->365826K(984128K), 0.0099260 secs] [Times: user=0.02 sys=0.00, real=0.01 secs] 
2014-07-09T00:25:09.458+0000: 2897.421: [GC [PSYoungGen: 297112K->688K(288512K)] 661506K->365390K(975488K), 0.0043790 secs] [Times: user=0.01 sys=0.00, real=0.01 secs] 
2014-07-09T00:25:10.822+0000: 2898.784: [GC [PSYoungGen: 288455K->1304K(281600K)] 653157K->366038K(968576K), 0.0232280 secs] [Times: user=0.08 sys=0.00, real=0.02 secs] 
2014-07-09T00:25:12.133+0000: 2900.096: [GC [PSYoungGen: 281530K->980K(273984K)] 646264K->365902K(960960K), 0.0103730 secs] [Times: user=0.03 sys=0.00, real=0.01 secs] 
2014-07-09T00:25:13.386+0000: 2901.349: [GC [PSYoungGen: 273939K->1044K(267072K)] 638861K->366006K(954048K), 0.0133960 secs] [Times: user=0.05 sys=0.00, real=0.02 secs] 
2014-07-09T00:25:14.624+0000: 2902.587: [GC [PSYoungGen: 267001K->1165K(260480K)] 631964K->366175K(947456K), 0.0032140 secs] [Times: user=0.01 sys=0.00, real=0.00 secs] 
2014-07-09T00:25:15.826+0000: 2903.789: [GC [PSYoungGen: 260411K->1442K(254272K)] 625422K->366484K(941248K), 0.0152020 secs] [Times: user=0.05 sys=0.00, real=0.02 secs] 
2014-07-09T00:25:17.046+0000: 2905.009: [GC [PSYoungGen: 254242K->702K(247296K)] 619284K->366118K(934272K), 0.0109650 secs] [Times: user=0.03 sys=0.00, real=0.01 secs] 
2014-07-09T00:25:18.194+0000: 2906.157: [GC [PSYoungGen: 247252K->1226K(297216K)] 612668K->366706K(984192K), 0.0182290 secs] [Times: user=0.06 sys=0.00, real=0.02 secs] 
2014-07-09T00:25:19.553+0000: 2907.516: [GC [PSYoungGen: 297162K->1108K(356288K)] 662642K->366858K(1043264K), 0.0210760 secs] [Times: user=0.07 sys=0.00, real=0.02 secs] 
2014-07-09T00:25:21.194+0000: 2909.157: [GC [PSYoungGen: 356244K->1168K(346112K)] 721994K->366950K(1033088K), 0.0056990 secs] [Times: user=0.02 sys=0.00, real=0.00 secs] 
2014-07-09T00:25:22.801+0000: 2910.763: [GC [PSYoungGen: 346064K->866K(335936K)] 711846K->366812K(1022912K), 0.0133570 secs] [Times: user=0.04 sys=0.00, real=0.02 secs] 
2014-07-09T00:25:24.325+0000: 2912.288: [GC [PSYoungGen: 335901K->1400K(327040K)] 701848K->367363K(1014016K), 0.0061800 secs] [Times: user=0.01 sys=0.00, real=0.01 secs] 
2014-07-09T00:25:25.828+0000: 2913.791: [GC [PSYoungGen: 327032K->948K(317504K)] 692995K->367130K(1004480K), 0.0120030 secs] [Times: user=0.03 sys=0.00, real=0.01 secs] 
2014-07-09T00:25:27.317+0000: 2915.280: [GC [PSYoungGen: 317482K->1144K(308992K)] 683664K->367374K(995968K), 0.0128440 secs] [Times: user=0.05 sys=0.00, real=0.01 secs] 
2014-07-09T00:25:28.731+0000: 2916.694: [GC [PSYoungGen: 308984K->1012K(300544K)] 675214K->367346K(987520K), 0.0178760 secs] [Times: user=0.06 sys=0.00, real=0.02 secs] 
2014-07-09T00:25:30.151+0000: 2918.114: [GC [PSYoungGen: 300445K->1489K(293056K)] 666779K->367863K(980032K), 0.0041280 secs] [Times: user=0.01 sys=0.00, real=0.01 secs] 
2014-07-09T00:25:31.510+0000: 2919.472: [GC [PSYoungGen: 293009K->566K(284416K)] 659383K->367527K(971392K), 0.0113580 secs] [Times: user=0.03 sys=0.00, real=0.01 secs] 
2014-07-09T00:25:32.818+0000: 2920.781: [GC [PSYoungGen: 284406K->1440K(277888K)] 651367K->368449K(964864K), 0.0129390 secs] [Times: user=0.05 sys=0.00, real=0.01 secs] 
2014-07-09T00:25:34.127+0000: 2922.090: [GC [PSYoungGen: 277856K->1172K(270528K)] 644865K->368506K(957504K), 0.0177300 secs] [Times: user=0.06 sys=0.00, real=0.02 secs] 
2014-07-09T00:25:35.393+0000: 2923.356: [GC [PSYoungGen: 270484K->1190K(324416K)] 637818K->368549K(1011392K), 0.0199510 secs] [Times: user=0.07 sys=0.00, real=0.02 secs] 
2014-07-09T00:25:36.876+0000: 2924.839: [GC [PSYoungGen: 324356K->802K(388672K)] 691715K->368453K(1075648K), 0.0204750 secs] [Times: user=0.07 sys=0.00, real=0.02 secs] 
2014-07-09T00:25:38.640+0000: 2926.603: [GC [PSYoungGen: 388607K->1222K(466688K)] 756257K->368953K(1153664K), 0.0135240 secs] [Times: user=0.04 sys=0.00, real=0.02 secs] 
2014-07-09T00:25:40.809+0000: 2928.771: [GC [PSYoungGen: 466630K->980K(559552K)] 834361K->368857K(1246528K), 0.0267620 secs] [Times: user=0.07 sys=0.00, real=0.03 secs] 
2014-07-09T00:25:43.445+0000: 2931.407: [GC [PSYoungGen: 559422K->1233K(671552K)] 927299K->369142K(1358528K), 0.0455930 secs] [Times: user=0.15 sys=0.00, real=0.04 secs] 
2014-07-09T00:25:46.555+0000: 2934.518: [GC [PSYoungGen: 671505K->808K(805184K)] 1039414K->369173K(1492160K), 0.0142800 secs] [Times: user=0.06 sys=0.00, real=0.01 secs] 
2014-07-09T00:25:50.306+0000: 2938.269: [GC [PSYoungGen: 805160K->1396K(775360K)] 1173525K->369849K(1462336K), 0.0196760 secs] [Times: user=0.08 sys=0.00, real=0.02 secs] 
2014-07-09T00:25:53.933+0000: 2941.896: [GC [PSYoungGen: 775348K->880K(745856K)] 1143801K->369717K(1432832K), 0.0097700 secs] [Times: user=0.03 sys=0.00, real=0.01 secs] 
2014-07-09T00:25:57.367+0000: 2945.330: [GC [PSYoungGen: 745840K->1108K(718464K)] 1114677K->369977K(1405440K), 0.0155170 secs] [Times: user=0.06 sys=0.00, real=0.01 secs] 
2014-07-09T00:26:00.694+0000: 2948.657: [GC [PSYoungGen: 718420K->1083K(692032K)] 1087289K->370186K(1379008K), 0.0187190 secs] [Times: user=0.07 sys=0.00, real=0.02 secs] 
2014-07-09T00:26:03.921+0000: 2951.884: [GC [PSYoungGen: 691998K->1094K(666944K)] 1061101K->370269K(1353920K), 0.0077720 secs] [Times: user=0.01 sys=0.00, real=0.01 secs] 
2014-07-09T00:26:07.008+0000: 2954.971: [GC [PSYoungGen: 666886K->872K(642752K)] 1036061K->370657K(1329728K), 0.0213490 secs] [Times: user=0.08 sys=0.00, real=0.02 secs] 
2014-07-09T00:26:10.017+0000: 2957.980: [GC [PSYoungGen: 642712K->1354K(620416K)] 1012497K->371235K(1307392K), 0.0140340 secs] [Times: user=0.05 sys=0.00, real=0.02 secs] 
2014-07-09T00:26:12.894+0000: 2960.857: [GC [PSYoungGen: 620346K->948K(598144K)] 990227K->371245K(1285120K), 0.0136460 secs] [Times: user=0.05 sys=0.00, real=0.01 secs] 
2014-07-09T00:26:15.672+0000: 2963.635: [GC [PSYoungGen: 598132K->1108K(577536K)] 968429K->371437K(1264512K), 0.0149130 secs] [Times: user=0.05 sys=0.00, real=0.01 secs] 
2014-07-09T00:26:18.363+0000: 2966.326: [GC [PSYoungGen: 577464K->1012K(557504K)] 947794K->371413K(1244480K), 0.0105810 secs] [Times: user=0.03 sys=0.00, real=0.01 secs] 
2014-07-09T00:26:20.911+0000: 2968.874: [GC [PSYoungGen: 557492K->1012K(538496K)] 927893K->371517K(1225472K), 0.0119720 secs] [Times: user=0.04 sys=0.00, real=0.01 secs] 
2014-07-09T00:26:23.437+0000: 2971.400: [GC [PSYoungGen: 538476K->1108K(520512K)] 908981K->371653K(1207488K), 0.0138780 secs] [Times: user=0.04 sys=0.00, real=0.02 secs] 
2014-07-09T00:26:25.827+0000: 2973.790: [GC [PSYoungGen: 520429K->1492K(503552K)] 890974K->372093K(1190528K), 0.0183370 secs] [Times: user=0.07 sys=0.00, real=0.02 secs] 
2014-07-09T00:26:28.185+0000: 2976.148: [GC [PSYoungGen: 503485K->574K(486016K)] 874086K->371679K(1172992K), 0.0360060 secs] [Times: user=0.12 sys=0.00, real=0.04 secs] 
2014-07-09T00:26:30.444+0000: 2978.407: [GC [PSYoungGen: 486014K->1226K(470912K)] 857119K->372371K(1157888K), 0.0061440 secs] [Times: user=0.01 sys=0.00, real=0.00 secs] 
2014-07-09T00:26:32.619+0000: 2980.582: [GC [PSYoungGen: 470858K->1076K(455616K)] 842003K->372531K(1142592K), 0.0099160 secs] [Times: user=0.01 sys=0.00, real=0.01 secs] 
2014-07-09T00:26:34.769+0000: 2982.732: [GC [PSYoungGen: 455604K->1108K(441216K)] 827059K->372611K(1128192K), 0.0120300 secs] [Times: user=0.04 sys=0.00, real=0.02 secs] 
2014-07-09T00:26:36.836+0000: 2984.799: [GC [PSYoungGen: 441153K->994K(427264K)] 812657K->372651K(1114240K), 0.0147640 secs] [Times: user=0.03 sys=0.00, real=0.01 secs] 
2014-07-09T00:26:38.806+0000: 2986.769: [GC [PSYoungGen: 427226K->1265K(414272K)] 798883K->373010K(1101248K), 0.0108970 secs] [Times: user=0.02 sys=0.01, real=0.01 secs] 
2014-07-09T00:26:40.736+0000: 2988.699: [GC [PSYoungGen: 414257K->808K(401152K)] 786002K->372988K(1088128K), 0.0042540 secs] [Times: user=0.01 sys=0.00, real=0.00 secs] 
2014-07-09T00:26:42.634+0000: 2990.597: [GC [PSYoungGen: 401126K->1144K(389312K)] 773306K->373355K(1076288K), 0.0184650 secs] [Times: user=0.07 sys=0.00, real=0.01 secs] 
2014-07-09T00:26:44.450+0000: 2992.413: [GC [PSYoungGen: 389304K->1136K(377664K)] 761515K->373552K(1064640K), 0.0099720 secs] [Times: user=0.02 sys=0.00, real=0.01 secs] 
2014-07-09T00:26:46.178+0000: 2994.141: [GC [PSYoungGen: 377647K->1172K(366592K)] 750063K->373627K(1053568K), 0.0107620 secs] [Times: user=0.04 sys=0.01, real=0.01 secs] 
2014-07-09T00:26:47.838+0000: 2995.801: [GC [PSYoungGen: 366548K->752K(355456K)] 739003K->373563K(1042432K), 0.0083020 secs] [Times: user=0.02 sys=0.00, real=0.01 secs] 
2014-07-09T00:26:49.501+0000: 2997.463: [GC [PSYoungGen: 355426K->1397K(345856K)] 728237K->374241K(1032832K), 0.0049290 secs] [Times: user=0.01 sys=0.00, real=0.01 secs] 
2014-07-09T00:26:51.104+0000: 2999.067: [GC [PSYoungGen: 345845K->954K(335616K)] 718689K->374274K(1022592K), 0.0307660 secs] [Times: user=0.11 sys=0.00, real=0.03 secs] 
2014-07-09T00:26:52.674+0000: 3000.637: [GC [PSYoungGen: 335609K->1218K(326528K)] 708929K->374570K(1013504K), 0.0055830 secs] [Times: user=0.01 sys=0.00, real=0.01 secs] 
2014-07-09T00:26:54.231+0000: 3002.194: [GC [PSYoungGen: 326459K->1022K(317248K)] 699811K->375042K(1004224K), 0.0141900 secs] [Times: user=0.05 sys=0.00, real=0.02 secs] 
2014-07-09T00:26:55.640+0000: 3003.603: [GC [PSYoungGen: 317246K->1290K(308864K)] 691266K->375392K(995840K), 0.0173940 secs] [Times: user=0.06 sys=0.00, real=0.02 secs] 
2014-07-09T00:26:57.077+0000: 3005.040: [GC [PSYoungGen: 308810K->1136K(300352K)] 682912K->375588K(987328K), 0.0132950 secs] [Times: user=0.03 sys=0.00, real=0.01 secs] 
2014-07-09T00:26:58.481+0000: 3006.444: [GC [PSYoungGen: 300319K->1130K(360192K)] 674771K->375638K(1047168K), 0.0317820 secs] [Times: user=0.10 sys=0.00, real=0.03 secs] 
2014-07-09T00:27:00.180+0000: 3008.143: [GC [PSYoungGen: 360133K->1044K(431936K)] 734641K->375624K(1118912K), 0.0131250 secs] [Times: user=0.05 sys=0.00, real=0.01 secs] 
2014-07-09T00:27:02.157+0000: 3010.120: [GC [PSYoungGen: 431846K->1108K(518208K)] 806426K->375720K(1205184K), 0.0142230 secs] [Times: user=0.04 sys=0.00, real=0.01 secs] 
2014-07-09T00:27:04.566+0000: 3012.529: [GC [PSYoungGen: 518119K->1108K(500992K)] 892731K->375760K(1187968K), 0.0169130 secs] [Times: user=0.04 sys=0.00, real=0.01 secs] 
2014-07-09T00:27:06.902+0000: 3014.865: [GC [PSYoungGen: 500948K->1268K(484672K)] 875600K->375960K(1171648K), 0.0126180 secs] [Times: user=0.05 sys=0.00, real=0.01 secs] 
2014-07-09T00:27:09.166+0000: 3017.129: [GC [PSYoungGen: 484659K->930K(468608K)] 859351K->375792K(1155584K), 0.0293360 secs] [Times: user=0.11 sys=0.00, real=0.03 secs] 
2014-07-09T00:27:11.353+0000: 3019.316: [GC [PSYoungGen: 468578K->1044K(453696K)] 843440K->375954K(1140672K), 0.0177910 secs] [Times: user=0.07 sys=0.00, real=0.02 secs] 
2014-07-09T00:27:13.442+0000: 3021.404: [GC [PSYoungGen: 453652K->1076K(439296K)] 828562K->376042K(1126272K), 0.0146700 secs] [Times: user=0.06 sys=0.00, real=0.01 secs] 
2014-07-09T00:27:15.501+0000: 3023.464: [GC [PSYoungGen: 439235K->1076K(425536K)] 814201K->376082K(1112512K), 0.0058260 secs] [Times: user=0.01 sys=0.00, real=0.00 secs] 
2014-07-09T00:27:17.507+0000: 3025.470: [GC [PSYoungGen: 425493K->1076K(412352K)] 800499K->376138K(1099328K), 0.0282040 secs] [Times: user=0.09 sys=0.00, real=0.03 secs] 
2014-07-09T00:27:19.438+0000: 3027.401: [GC [PSYoungGen: 412340K->1452K(400128K)] 787402K->376594K(1087104K), 0.0245450 secs] [Times: user=0.09 sys=0.00, real=0.02 secs] 
2014-07-09T00:27:21.284+0000: 3029.247: [GC [PSYoungGen: 400064K->574K(387136K)] 775206K->376180K(1074112K), 0.0091980 secs] [Times: user=0.01 sys=0.00, real=0.01 secs] 
2014-07-09T00:27:23.100+0000: 3031.063: [GC [PSYoungGen: 387134K->1414K(376448K)] 762740K->377060K(1063424K), 0.0155950 secs] [Times: user=0.06 sys=0.00, real=0.01 secs] 
2014-07-09T00:27:24.853+0000: 3032.815: [GC [PSYoungGen: 376390K->1140K(451136K)] 752036K->377088K(1138112K), 0.0291000 secs] [Times: user=0.11 sys=0.01, real=0.03 secs] 
2014-07-09T00:27:26.936+0000: 3034.899: [GC [PSYoungGen: 451124K->1108K(541184K)] 827072K->377088K(1228160K), 0.0300220 secs] [Times: user=0.11 sys=0.01, real=0.03 secs] 
2014-07-09T00:27:29.448+0000: 3037.411: [GC [PSYoungGen: 541130K->930K(649024K)] 917110K->377246K(1336000K), 0.0173460 secs] [Times: user=0.07 sys=0.00, real=0.02 secs] 
2014-07-09T00:27:32.456+0000: 3040.418: [GC [PSYoungGen: 648994K->1222K(626176K)] 1025310K->377610K(1313152K), 0.0137420 secs] [Times: user=0.03 sys=0.00, real=0.01 secs] 
2014-07-09T00:27:35.390+0000: 3043.353: [GC [PSYoungGen: 626072K->994K(603840K)] 1002460K->377554K(1290816K), 0.0141880 secs] [Times: user=0.05 sys=0.00, real=0.02 secs] 
2014-07-09T00:27:38.185+0000: 3046.148: [GC [PSYoungGen: 603774K->1140K(582912K)] 980334K->377756K(1269888K), 0.0135090 secs] [Times: user=0.05 sys=0.00, real=0.01 secs] 
2014-07-09T00:27:40.931+0000: 3048.894: [GC [PSYoungGen: 582889K->954K(562624K)] 959506K->377880K(1249600K), 0.0170440 secs] [Times: user=0.06 sys=0.00, real=0.02 secs] 
2014-07-09T00:27:43.542+0000: 3051.505: [GC [PSYoungGen: 562618K->1094K(543616K)] 939544K->378060K(1230592K), 0.0259160 secs] [Times: user=0.10 sys=0.00, real=0.03 secs] 
2014-07-09T00:27:46.032+0000: 3053.995: [GC [PSYoungGen: 543558K->1004K(525120K)] 920524K->378246K(1212096K), 0.0139830 secs] [Times: user=0.03 sys=0.00, real=0.01 secs] 
2014-07-09T00:27:48.480+0000: 3056.443: [GC [PSYoungGen: 525054K->1254K(507840K)] 902297K->378592K(1194816K), 0.0127390 secs] [Times: user=0.03 sys=0.00, real=0.02 secs] 
2014-07-09T00:27:50.833+0000: 3058.795: [GC [PSYoungGen: 507814K->805K(490624K)] 885152K->378567K(1177600K), 0.0121520 secs] [Times: user=0.04 sys=0.00, real=0.02 secs] 
2014-07-09T00:27:53.110+0000: 3061.073: [GC [PSYoungGen: 490562K->1443K(475264K)] 868325K->379269K(1162240K), 0.0239150 secs] [Times: user=0.08 sys=0.00, real=0.03 secs] 
2014-07-09T00:27:55.297+0000: 3063.260: [GC [PSYoungGen: 475235K->698K(459200K)] 853061K->379142K(1146176K), 0.0040850 secs] [Times: user=0.01 sys=0.00, real=0.00 secs] 
2014-07-09T00:27:57.417+0000: 3065.380: [GC [PSYoungGen: 459194K->1390K(445248K)] 837638K->379859K(1132224K), 0.0139670 secs] [Times: user=0.05 sys=0.00, real=0.01 secs] 
2014-07-09T00:27:59.496+0000: 3067.459: [GC [PSYoungGen: 445230K->1044K(430912K)] 823699K->379873K(1117888K), 0.0115100 secs] [Times: user=0.03 sys=0.01, real=0.01 secs] 
2014-07-09T00:28:01.511+0000: 3069.473: [GC [PSYoungGen: 430868K->1250K(417728K)] 809697K->380111K(1104704K), 0.0050530 secs] [Times: user=0.01 sys=0.00, real=0.01 secs] 
2014-07-09T00:28:03.421+0000: 3071.384: [GC [PSYoungGen: 417698K->866K(404544K)] 796559K->379929K(1091520K), 0.0074720 secs] [Times: user=0.01 sys=0.00, real=0.01 secs] 
2014-07-09T00:28:05.308+0000: 3073.271: [GC [PSYoungGen: 404509K->1247K(392640K)] 783572K->380342K(1079616K), 0.0115070 secs] [Times: user=0.04 sys=0.00, real=0.01 secs] 
2014-07-09T00:28:07.128+0000: 3075.091: [GC [PSYoungGen: 392607K->1058K(380672K)] 771702K->380349K(1067648K), 0.0426420 secs] [Times: user=0.15 sys=0.00, real=0.04 secs] 
2014-07-09T00:28:08.901+0000: 3076.864: [GC [PSYoungGen: 380608K->1200K(369536K)] 759899K->380587K(1056512K), 0.0128480 secs] [Times: user=0.05 sys=0.00, real=0.01 secs] 
2014-07-09T00:28:10.617+0000: 3078.580: [GC [PSYoungGen: 369471K->805K(358336K)] 748858K->380560K(1045312K), 0.0156710 secs] [Times: user=0.05 sys=0.00, real=0.01 secs] 
2014-07-09T00:28:12.288+0000: 3080.251: [GC [PSYoungGen: 358218K->1344K(348544K)] 737973K->381131K(1035520K), 0.0178570 secs] [Times: user=0.06 sys=0.00, real=0.01 secs] 
2014-07-09T00:28:13.927+0000: 3081.890: [GC [PSYoungGen: 348460K->752K(417344K)] 728247K->381007K(1104320K), 0.0319860 secs] [Times: user=0.11 sys=0.01, real=0.03 secs] 
2014-07-09T00:28:15.898+0000: 3083.861: [GC [PSYoungGen: 417328K->1290K(405056K)] 797583K->381577K(1092032K), 0.0048500 secs] [Times: user=0.01 sys=0.00, real=0.00 secs] 
2014-07-09T00:28:17.771+0000: 3085.734: [GC [PSYoungGen: 404977K->890K(392320K)] 785264K->381709K(1079296K), 0.0095440 secs] [Times: user=0.02 sys=0.00, real=0.01 secs] 
2014-07-09T00:28:19.607+0000: 3087.570: [GC [PSYoungGen: 392314K->1108K(380800K)] 773133K->381991K(1067776K), 0.0088280 secs] [Times: user=0.01 sys=0.00, real=0.01 secs] 
2014-07-09T00:28:21.373+0000: 3089.336: [GC [PSYoungGen: 380733K->1083K(369472K)] 761616K->382202K(1056448K), 0.0048250 secs] [Times: user=0.02 sys=0.00, real=0.01 secs] 
2014-07-09T00:28:23.120+0000: 3091.083: [GC [PSYoungGen: 369467K->1530K(359104K)] 750586K->382840K(1046080K), 0.0178240 secs] [Times: user=0.07 sys=0.00, real=0.02 secs] 
2014-07-09T00:28:24.781+0000: 3092.744: [GC [PSYoungGen: 359077K->484K(347712K)] 740386K->382665K(1034688K), 0.0273140 secs] [Times: user=0.09 sys=0.00, real=0.03 secs] 
2014-07-09T00:28:26.409+0000: 3094.372: [GC [PSYoungGen: 347663K->1575K(338880K)] 729844K->383920K(1025856K), 0.0103740 secs] [Times: user=0.03 sys=0.00, real=0.01 secs] 
2014-07-09T00:28:27.955+0000: 3095.918: [GC [PSYoungGen: 338855K->1094K(328896K)] 721200K->384045K(1015872K), 0.0072060 secs] [Times: user=0.02 sys=0.00, real=0.01 secs] 
2014-07-09T00:28:29.479+0000: 3097.442: [GC [PSYoungGen: 328838K->980K(319616K)] 711789K->384029K(1006592K), 0.0049110 secs] [Times: user=0.01 sys=0.01, real=0.01 secs] 
2014-07-09T00:28:30.971+0000: 3098.934: [GC [PSYoungGen: 319572K->1140K(310976K)] 702621K->384229K(997952K), 0.0077090 secs] [Times: user=0.02 sys=0.00, real=0.00 secs] 
2014-07-09T00:28:32.454+0000: 3100.416: [GC [PSYoungGen: 310964K->1108K(302528K)] 694053K->384245K(989504K), 0.0142140 secs] [Times: user=0.04 sys=0.01, real=0.01 secs] 
2014-07-09T00:28:33.857+0000: 3101.820: [GC [PSYoungGen: 302480K->1108K(294464K)] 685617K->384293K(981440K), 0.0155600 secs] [Times: user=0.05 sys=0.00, real=0.02 secs] 
2014-07-09T00:28:35.222+0000: 3103.185: [GC [PSYoungGen: 294420K->1204K(353216K)] 677605K->384429K(1040192K), 0.0259330 secs] [Times: user=0.09 sys=0.00, real=0.02 secs] 
2014-07-09T00:28:36.882+0000: 3104.845: [GC [PSYoungGen: 353202K->1140K(343040K)] 736427K->384477K(1030016K), 0.0078520 secs] [Times: user=0.02 sys=0.00, real=0.00 secs] 
2014-07-09T00:28:38.487+0000: 3106.450: [GC [PSYoungGen: 343028K->1140K(411456K)] 726365K->384581K(1098432K), 0.0215440 secs] [Times: user=0.06 sys=0.00, real=0.02 secs] 
2014-07-09T00:28:40.435+0000: 3108.398: [GC [PSYoungGen: 411437K->1076K(398848K)] 794878K->384597K(1085824K), 0.0112860 secs] [Times: user=0.04 sys=0.00, real=0.01 secs] 
2014-07-09T00:28:42.284+0000: 3110.247: [GC [PSYoungGen: 398836K->1300K(478656K)] 782357K->384853K(1165632K), 0.0296440 secs] [Times: user=0.10 sys=0.00, real=0.03 secs] 
2014-07-09T00:28:44.531+0000: 3112.494: [GC [PSYoungGen: 478535K->816K(462656K)] 862088K->384826K(1149632K), 0.0064640 secs] [Times: user=0.02 sys=0.00, real=0.00 secs] 
2014-07-09T00:28:46.676+0000: 3114.639: [GC [PSYoungGen: 462599K->1276K(448320K)] 846609K->385326K(1135296K), 0.0104360 secs] [Times: user=0.04 sys=0.00, real=0.01 secs] 
2014-07-09T00:28:48.752+0000: 3116.715: [GC [PSYoungGen: 448316K->1150K(434048K)] 832366K->385566K(1121024K), 0.0177110 secs] [Times: user=0.06 sys=0.00, real=0.01 secs] 
2014-07-09T00:28:50.815+0000: 3118.778: [GC [PSYoungGen: 434014K->1062K(420480K)] 818430K->385542K(1107456K), 0.0050610 secs] [Times: user=0.01 sys=0.00, real=0.00 secs] 
2014-07-09T00:28:52.763+0000: 3120.726: [GC [PSYoungGen: 420454K->1133K(407616K)] 804934K->385711K(1094592K), 0.0296790 secs] [Times: user=0.11 sys=0.00, real=0.03 secs] 
2014-07-09T00:28:54.654+0000: 3122.616: [GC [PSYoungGen: 407589K->1094K(395200K)] 792167K->385712K(1082176K), 0.0039620 secs] [Times: user=0.01 sys=0.00, real=0.00 secs] 
2014-07-09T00:28:56.485+0000: 3124.448: [GC [PSYoungGen: 395141K->930K(383104K)] 779760K->385710K(1070080K), 0.0078410 secs] [Times: user=0.03 sys=0.00, real=0.01 secs] 
2014-07-09T00:28:58.263+0000: 3126.226: [GC [PSYoungGen: 383074K->1183K(459840K)] 767854K->386043K(1146816K), 0.0457530 secs] [Times: user=0.16 sys=0.00, real=0.04 secs] 
2014-07-09T00:29:00.405+0000: 3128.368: [GC [PSYoungGen: 459807K->1062K(445056K)] 844667K->386028K(1132032K), 0.0044900 secs] [Times: user=0.01 sys=0.01, real=0.00 secs] 
2014-07-09T00:29:02.490+0000: 3130.453: [GC [PSYoungGen: 445004K->1094K(431104K)] 829970K->386108K(1118080K), 0.0195160 secs] [Times: user=0.08 sys=0.00, real=0.02 secs] 
2014-07-09T00:29:04.473+0000: 3132.436: [GC [PSYoungGen: 431010K->884K(417408K)] 816024K->386128K(1104384K), 0.0208290 secs] [Times: user=0.07 sys=0.00, real=0.03 secs] 
2014-07-09T00:29:06.403+0000: 3134.365: [GC [PSYoungGen: 417388K->1375K(405056K)] 802632K->386659K(1092032K), 0.0127330 secs] [Times: user=0.05 sys=0.00, real=0.02 secs] 
2014-07-09T00:29:08.289+0000: 3136.252: [GC [PSYoungGen: 405023K->802K(392192K)] 790307K->386368K(1079168K), 0.0195410 secs] [Times: user=0.07 sys=0.00, real=0.02 secs] 
2014-07-09T00:29:10.115+0000: 3138.078: [GC [PSYoungGen: 392162K->1126K(380736K)] 777728K->386732K(1067712K), 0.0053370 secs] [Times: user=0.01 sys=0.00, real=0.00 secs] 
2014-07-09T00:29:11.877+0000: 3139.840: [GC [PSYoungGen: 380710K->980K(369344K)] 766316K->386716K(1056320K), 0.0095180 secs] [Times: user=0.03 sys=0.00, real=0.01 secs] 
2014-07-09T00:29:13.598+0000: 3141.561: [GC [PSYoungGen: 369300K->1044K(358592K)] 755036K->386820K(1045568K), 0.0079610 secs] [Times: user=0.02 sys=0.00, real=0.01 secs] 
2014-07-09T00:29:15.255+0000: 3143.218: [GC [PSYoungGen: 358548K->994K(348160K)] 744324K->386860K(1035136K), 0.0134520 secs] [Times: user=0.04 sys=0.00, real=0.02 secs] 
2014-07-09T00:29:16.870+0000: 3144.833: [GC [PSYoungGen: 348095K->1254K(338496K)] 733961K->387168K(1025472K), 0.0088550 secs] [Times: user=0.03 sys=0.00, real=0.01 secs] 
2014-07-09T00:29:18.472+0000: 3146.435: [GC [PSYoungGen: 338470K->702K(328384K)] 724384K->386958K(1015360K), 0.0075100 secs] [Times: user=0.02 sys=0.00, real=0.01 secs] 
2014-07-09T00:29:19.996+0000: 3147.959: [GC [PSYoungGen: 328382K->1162K(319744K)] 714638K->387442K(1006720K), 0.0212310 secs] [Times: user=0.08 sys=0.00, real=0.03 secs] 
2014-07-09T00:29:21.485+0000: 3149.448: [GC [PSYoungGen: 319690K->1044K(383360K)] 705970K->387554K(1070336K), 0.0261130 secs] [Times: user=0.10 sys=0.00, real=0.03 secs] 
2014-07-09T00:29:23.261+0000: 3151.224: [GC [PSYoungGen: 383316K->1076K(459840K)] 769826K->387626K(1146816K), 0.0179140 secs] [Times: user=0.07 sys=0.00, real=0.02 secs] 
2014-07-09T00:29:25.421+0000: 3153.384: [GC [PSYoungGen: 459801K->816K(444928K)] 846352K->387700K(1131904K), 0.0112950 secs] [Times: user=0.04 sys=0.00, real=0.01 secs] 
2014-07-09T00:29:27.517+0000: 3155.480: [GC [PSYoungGen: 444912K->1190K(431296K)] 831796K->388106K(1118272K), 0.0183110 secs] [Times: user=0.07 sys=0.00, real=0.02 secs] 
2014-07-09T00:29:29.533+0000: 3157.496: [GC [PSYoungGen: 431270K->816K(417472K)] 818186K->388058K(1104448K), 0.0092960 secs] [Times: user=0.04 sys=0.00, real=0.01 secs] 
2014-07-09T00:29:31.503+0000: 3159.466: [GC [PSYoungGen: 417437K->1282K(405120K)] 804679K->388557K(1092096K), 0.0201270 secs] [Times: user=0.07 sys=0.00, real=0.02 secs] 
2014-07-09T00:29:33.388+0000: 3161.351: [GC [PSYoungGen: 405058K->688K(392192K)] 792333K->388297K(1079168K), 0.0055710 secs] [Times: user=0.01 sys=0.00, real=0.01 secs] 
2014-07-09T00:29:35.228+0000: 3163.191: [GC [PSYoungGen: 392176K->1208K(380928K)] 779785K->388849K(1067904K), 0.0053130 secs] [Times: user=0.02 sys=0.00, real=0.01 secs] 
2014-07-09T00:29:37.002+0000: 3164.965: [GC [PSYoungGen: 380884K->948K(369408K)] 768525K->388971K(1056384K), 0.0143890 secs] [Times: user=0.05 sys=0.00, real=0.01 secs] 
2014-07-09T00:29:38.744+0000: 3166.707: [GC [PSYoungGen: 369379K->1343K(358976K)] 757402K->389454K(1045952K), 0.0106040 secs] [Times: user=0.03 sys=0.00, real=0.01 secs] 
2014-07-09T00:29:40.402+0000: 3168.365: [GC [PSYoungGen: 358934K->684K(347968K)] 747045K->389355K(1034944K), 0.0153700 secs] [Times: user=0.06 sys=0.00, real=0.01 secs] 
2014-07-09T00:29:42.029+0000: 3169.992: [GC [PSYoungGen: 347863K->1463K(338816K)] 736534K->390324K(1025792K), 0.0134720 secs] [Times: user=0.04 sys=0.00, real=0.02 secs] 
2014-07-09T00:29:43.585+0000: 3171.548: [GC [PSYoungGen: 338774K->819K(328640K)] 727635K->390370K(1015616K), 0.0107960 secs] [Times: user=0.04 sys=0.00, real=0.01 secs] 
2014-07-09T00:29:45.122+0000: 3173.085: [GC [PSYoungGen: 328604K->1418K(320128K)] 718155K->391002K(1007104K), 0.0166290 secs] [Times: user=0.06 sys=0.00, real=0.01 secs] 
2014-07-09T00:29:46.596+0000: 3174.559: [GC [PSYoungGen: 320074K->1044K(310976K)] 709658K->390891K(997952K), 0.0091330 secs] [Times: user=0.03 sys=0.00, real=0.01 secs] 
2014-07-09T00:29:48.049+0000: 3176.012: [GC [PSYoungGen: 310932K->1108K(302592K)] 700779K->391051K(989568K), 0.0111740 secs] [Times: user=0.04 sys=0.00, real=0.01 secs] 
2014-07-09T00:29:49.475+0000: 3177.438: [GC [PSYoungGen: 302548K->1108K(294528K)] 692491K->391083K(981504K), 0.0184900 secs] [Times: user=0.07 sys=0.00, real=0.02 secs] 
2014-07-09T00:29:50.854+0000: 3178.817: [GC [PSYoungGen: 294484K->1076K(286656K)] 684459K->391107K(973632K), 0.0134870 secs] [Times: user=0.03 sys=0.00, real=0.01 secs] 
2014-07-09T00:29:52.187+0000: 3180.149: [GC [PSYoungGen: 286644K->1132K(279232K)] 676675K->391320K(966208K), 0.0119870 secs] [Times: user=0.04 sys=0.00, real=0.01 secs] 
2014-07-09T00:29:53.474+0000: 3181.437: [GC [PSYoungGen: 279211K->1044K(272000K)] 669399K->391263K(958976K), 0.0097020 secs] [Times: user=0.03 sys=0.00, real=0.01 secs] 
2014-07-09T00:29:54.751+0000: 3182.714: [GC [PSYoungGen: 271956K->1122K(265152K)] 662175K->391530K(952128K), 0.0161660 secs] [Times: user=0.06 sys=0.00, real=0.02 secs] 
2014-07-09T00:29:55.989+0000: 3183.952: [GC [PSYoungGen: 265096K->1311K(258688K)] 655504K->391759K(945664K), 0.0129660 secs] [Times: user=0.05 sys=0.00, real=0.02 secs] 
2014-07-09T00:29:57.183+0000: 3185.146: [GC [PSYoungGen: 258623K->880K(309760K)] 649071K->391664K(996736K), 0.0248430 secs] [Times: user=0.10 sys=0.00, real=0.02 secs] 
2014-07-09T00:29:58.611+0000: 3186.574: [GC [PSYoungGen: 309716K->1062K(371776K)] 700500K->391902K(1058752K), 0.0055870 secs] [Times: user=0.02 sys=0.00, real=0.01 secs] 
2014-07-09T00:30:00.326+0000: 3188.288: [GC [PSYoungGen: 371700K->1197K(361024K)] 762540K->392127K(1048000K), 0.0123380 secs] [Times: user=0.05 sys=0.00, real=0.01 secs] 
2014-07-09T00:30:01.981+0000: 3189.944: [GC [PSYoungGen: 360924K->1421K(350848K)] 751854K->392375K(1037824K), 0.0056060 secs] [Times: user=0.02 sys=0.00, real=0.01 secs] 
2014-07-09T00:30:03.600+0000: 3191.562: [GC [PSYoungGen: 350797K->438K(339776K)] 741751K->392098K(1026752K), 0.0121910 secs] [Times: user=0.05 sys=0.00, real=0.01 secs] 
2014-07-09T00:30:05.204+0000: 3193.167: [GC [PSYoungGen: 339766K->1358K(331136K)] 731426K->393034K(1018112K), 0.0067020 secs] [Times: user=0.01 sys=0.00, real=0.00 secs] 
2014-07-09T00:30:06.741+0000: 3194.704: [GC [PSYoungGen: 331086K->1236K(396992K)] 722762K->393274K(1083968K), 0.0323770 secs] [Times: user=0.09 sys=0.00, real=0.03 secs] 
2014-07-09T00:30:08.554+0000: 3196.517: [GC [PSYoungGen: 396948K->1044K(384832K)] 788986K->393170K(1071808K), 0.0039180 secs] [Times: user=0.02 sys=0.00, real=0.00 secs] 
2014-07-09T00:30:10.344+0000: 3198.307: [GC [PSYoungGen: 384776K->880K(373184K)] 776903K->393399K(1060160K), 0.0127280 secs] [Times: user=0.05 sys=0.00, real=0.01 secs] 
2014-07-09T00:30:12.099+0000: 3200.062: [GC [PSYoungGen: 373145K->1290K(362688K)] 765664K->393849K(1049664K), 0.0191590 secs] [Times: user=0.07 sys=0.00, real=0.02 secs] 
2014-07-09T00:30:13.757+0000: 3201.720: [GC [PSYoungGen: 362634K->880K(351744K)] 755193K->393695K(1038720K), 0.0146580 secs] [Times: user=0.05 sys=0.00, real=0.01 secs] 
2014-07-09T00:30:15.419+0000: 3203.382: [GC [PSYoungGen: 351726K->1012K(341760K)] 744541K->393875K(1028736K), 0.0125550 secs] [Times: user=0.05 sys=0.00, real=0.01 secs] 
2014-07-09T00:30:17.012+0000: 3204.975: [GC [PSYoungGen: 341728K->1204K(410112K)] 734591K->394123K(1097088K), 0.0274130 secs] [Times: user=0.10 sys=0.00, real=0.03 secs] 
2014-07-09T00:30:18.935+0000: 3206.898: [GC [PSYoungGen: 410100K->1200K(397632K)] 803019K->394199K(1084608K), 0.0152590 secs] [Times: user=0.05 sys=0.00, real=0.02 secs] 
2014-07-09T00:30:20.775+0000: 3208.738: [GC [PSYoungGen: 397616K->684K(385152K)] 790615K->393979K(1072128K), 0.0040170 secs] [Times: user=0.01 sys=0.00, real=0.01 secs] 
2014-07-09T00:30:22.584+0000: 3210.547: [GC [PSYoungGen: 385131K->1262K(374272K)] 778426K->394589K(1061248K), 0.0057940 secs] [Times: user=0.01 sys=0.00, real=0.01 secs] 
2014-07-09T00:30:24.288+0000: 3212.251: [GC [PSYoungGen: 374254K->1012K(363008K)] 767581K->394627K(1049984K), 0.0242080 secs] [Times: user=0.09 sys=0.00, real=0.02 secs] 
2014-07-09T00:30:25.965+0000: 3213.928: [GC [PSYoungGen: 362996K->1296K(435776K)] 756611K->394951K(1122752K), 0.0263230 secs] [Times: user=0.10 sys=0.00, real=0.03 secs] 
2014-07-09T00:30:27.994+0000: 3215.957: [GC [PSYoungGen: 435728K->752K(522112K)] 829383K->394747K(1209088K), 0.0307590 secs] [Times: user=0.09 sys=0.00, real=0.03 secs] 
2014-07-09T00:30:30.392+0000: 3218.355: [GC [PSYoungGen: 522096K->1318K(627008K)] 916091K->395377K(1313984K), 0.0355940 secs] [Times: user=0.13 sys=0.00, real=0.04 secs] 
2014-07-09T00:30:33.292+0000: 3221.255: [GC [PSYoungGen: 626982K->1022K(751872K)] 1021041K->395405K(1438848K), 0.0103540 secs] [Times: user=0.02 sys=0.01, real=0.01 secs] 
2014-07-09T00:30:36.796+0000: 3224.759: [GC [PSYoungGen: 751870K->1158K(724160K)] 1146253K->395573K(1411136K), 0.0042850 secs] [Times: user=0.02 sys=0.00, real=0.01 secs] 
2014-07-09T00:30:40.201+0000: 3228.164: [GC [PSYoungGen: 724099K->878K(697216K)] 1118514K->396217K(1384192K), 0.0129020 secs] [Times: user=0.05 sys=0.00, real=0.01 secs] 
2014-07-09T00:30:43.455+0000: 3231.418: [GC [PSYoungGen: 697169K->1240K(672192K)] 1092508K->396659K(1359168K), 0.0120810 secs] [Times: user=0.03 sys=0.00, real=0.01 secs] 
2014-07-09T00:30:46.622+0000: 3234.585: [GC [PSYoungGen: 672099K->1293K(648064K)] 1067517K->396900K(1335040K), 0.0369250 secs] [Times: user=0.14 sys=0.00, real=0.03 secs] 
2014-07-09T00:30:49.667+0000: 3237.630: [GC [PSYoungGen: 647999K->1200K(624832K)] 1043606K->396903K(1311808K), 0.0129120 secs] [Times: user=0.04 sys=0.00, real=0.02 secs] 
2014-07-09T00:30:52.581+0000: 3240.544: [GC [PSYoungGen: 624816K->816K(602432K)] 1020519K->396723K(1289408K), 0.0105850 secs] [Times: user=0.03 sys=0.00, real=0.01 secs] 
2014-07-09T00:30:55.393+0000: 3243.356: [GC [PSYoungGen: 602372K->1282K(581888K)] 998279K->397229K(1268864K), 0.0162320 secs] [Times: user=0.06 sys=0.00, real=0.01 secs] 
2014-07-09T00:30:58.127+0000: 3246.090: [GC [PSYoungGen: 581826K->1108K(561600K)] 977773K->397169K(1248576K), 0.0050960 secs] [Times: user=0.02 sys=0.00, real=0.01 secs] 
2014-07-09T00:31:00.740+0000: 3248.703: [GC [PSYoungGen: 561520K->1140K(542464K)] 957581K->397305K(1229440K), 0.0143750 secs] [Times: user=0.05 sys=0.00, real=0.02 secs] 
2014-07-09T00:31:03.280+0000: 3251.243: [GC [PSYoungGen: 542411K->948K(523968K)] 938576K->397291K(1210944K), 0.0238460 secs] [Times: user=0.09 sys=0.00, real=0.03 secs] 
2014-07-09T00:31:05.751+0000: 3253.713: [GC [PSYoungGen: 523949K->1126K(506688K)] 920292K->397509K(1193664K), 0.0048330 secs] [Times: user=0.02 sys=0.00, real=0.01 secs] 
2014-07-09T00:31:08.088+0000: 3256.051: [GC [PSYoungGen: 506662K->1122K(489984K)] 903045K->397717K(1176960K), 0.0113550 secs] [Times: user=0.04 sys=0.00, real=0.01 secs] 
2014-07-09T00:31:10.367+0000: 3258.330: [GC [PSYoungGen: 489954K->1190K(474048K)] 886549K->397873K(1161024K), 0.0048250 secs] [Times: user=0.01 sys=0.00, real=0.00 secs] 
2014-07-09T00:31:12.573+0000: 3260.536: [GC [PSYoungGen: 474022K->880K(458432K)] 870705K->397777K(1145408K), 0.0200200 secs] [Times: user=0.07 sys=0.01, real=0.02 secs] 
2014-07-09T00:31:14.710+0000: 3262.673: [GC [PSYoungGen: 458416K->1222K(444224K)] 855313K->398151K(1131200K), 0.0146680 secs] [Times: user=0.05 sys=0.00, real=0.02 secs] 
2014-07-09T00:31:16.790+0000: 3264.753: [GC [PSYoungGen: 444166K->930K(429952K)] 841095K->398031K(1116928K), 0.0125700 secs] [Times: user=0.05 sys=0.00, real=0.01 secs] 
2014-07-09T00:31:18.786+0000: 3266.749: [GC [PSYoungGen: 429920K->1144K(416768K)] 827021K->398325K(1103744K), 0.0160370 secs] [Times: user=0.05 sys=0.00, real=0.01 secs] 
2014-07-09T00:31:20.705+0000: 3268.668: [GC [PSYoungGen: 416760K->876K(403712K)] 813941K->398431K(1090688K), 0.0225610 secs] [Times: user=0.08 sys=0.00, real=0.02 secs] 
2014-07-09T00:31:22.596+0000: 3270.559: [GC [PSYoungGen: 403692K->1030K(391680K)] 801247K->398609K(1078656K), 0.0249220 secs] [Times: user=0.09 sys=0.00, real=0.02 secs] 
2014-07-09T00:31:24.414+0000: 3272.376: [GC [PSYoungGen: 391622K->1012K(379904K)] 789201K->398951K(1066880K), 0.0143170 secs] [Times: user=0.04 sys=0.00, real=0.02 secs] 
2014-07-09T00:31:26.187+0000: 3274.150: [GC [PSYoungGen: 379892K->1268K(368896K)] 777831K->399255K(1055872K), 0.0215670 secs] [Times: user=0.08 sys=0.00, real=0.02 secs] 
2014-07-09T00:31:27.937+0000: 3275.899: [GC [PSYoungGen: 368829K->830K(357696K)] 766816K->399403K(1044672K), 0.0178440 secs] [Times: user=0.06 sys=0.01, real=0.01 secs] 
2014-07-09T00:31:29.584+0000: 3277.547: [GC [PSYoungGen: 357693K->1446K(429760K)] 756266K->400083K(1116736K), 0.0222500 secs] [Times: user=0.07 sys=0.00, real=0.03 secs] 
2014-07-09T00:31:31.592+0000: 3279.555: [GC [PSYoungGen: 429734K->948K(514944K)] 828371K->399961K(1201920K), 0.0245140 secs] [Times: user=0.08 sys=0.00, real=0.02 secs] 
2014-07-09T00:31:33.974+0000: 3281.936: [GC [PSYoungGen: 514932K->1108K(617984K)] 913945K->400211K(1304960K), 0.0190620 secs] [Times: user=0.06 sys=0.00, real=0.02 secs] 
2014-07-09T00:31:36.849+0000: 3284.811: [GC [PSYoungGen: 617940K->1140K(596288K)] 1017043K->400315K(1283264K), 0.0108290 secs] [Times: user=0.04 sys=0.00, real=0.01 secs] 
2014-07-09T00:31:39.678+0000: 3287.640: [GC [PSYoungGen: 596276K->1044K(575488K)] 995451K->400315K(1262464K), 0.0133950 secs] [Times: user=0.04 sys=0.00, real=0.02 secs] 
2014-07-09T00:31:42.354+0000: 3290.317: [GC [PSYoungGen: 575444K->1012K(555648K)] 974715K->400403K(1242624K), 0.0262250 secs] [Times: user=0.10 sys=0.00, real=0.03 secs] 
2014-07-09T00:31:44.970+0000: 3292.933: [GC [PSYoungGen: 555636K->1108K(536896K)] 955027K->400555K(1223872K), 0.0103030 secs] [Times: user=0.04 sys=0.00, real=0.01 secs] 
2014-07-09T00:31:47.512+0000: 3295.475: [GC [PSYoungGen: 536851K->930K(518656K)] 936299K->400728K(1205632K), 0.0088860 secs] [Times: user=0.02 sys=0.00, real=0.01 secs] 
2014-07-09T00:31:49.956+0000: 3297.919: [GC [PSYoungGen: 518626K->1140K(501568K)] 918424K->401042K(1188544K), 0.0108740 secs] [Times: user=0.04 sys=0.00, real=0.01 secs] 
2014-07-09T00:31:52.277+0000: 3300.240: [GC [PSYoungGen: 501556K->1010K(484928K)] 901458K->401403K(1171904K), 0.0085000 secs] [Times: user=0.01 sys=0.00, real=0.01 secs] 
2014-07-09T00:31:54.547+0000: 3302.509: [GC [PSYoungGen: 484877K->1308K(469504K)] 885269K->401716K(1156480K), 0.0062510 secs] [Times: user=0.01 sys=0.00, real=0.01 secs] 
2014-07-09T00:31:56.748+0000: 3304.711: [GC [PSYoungGen: 469468K->894K(454016K)] 869876K->401622K(1140992K), 0.0258830 secs] [Times: user=0.09 sys=0.00, real=0.03 secs] 
2014-07-09T00:31:58.856+0000: 3306.819: [GC [PSYoungGen: 454014K->1290K(440064K)] 854742K->402114K(1127040K), 0.0160640 secs] [Times: user=0.05 sys=0.00, real=0.02 secs] 
2014-07-09T00:32:00.938+0000: 3308.901: [GC [PSYoungGen: 439962K->1022K(425984K)] 840787K->402166K(1112960K), 0.0252010 secs] [Times: user=0.09 sys=0.00, real=0.03 secs] 
2014-07-09T00:32:02.919+0000: 3310.881: [GC [PSYoungGen: 425977K->1108K(412928K)] 827122K->402292K(1099904K), 0.0090580 secs] [Times: user=0.03 sys=0.00, real=0.01 secs] 
2014-07-09T00:32:04.863+0000: 3312.826: [GC [PSYoungGen: 412884K->1012K(400192K)] 814068K->402268K(1087168K), 0.0077600 secs] [Times: user=0.01 sys=0.00, real=0.00 secs] 
2014-07-09T00:32:06.723+0000: 3314.686: [GC [PSYoungGen: 400180K->1279K(388352K)] 801436K->402575K(1075328K), 0.0219590 secs] [Times: user=0.08 sys=0.00, real=0.02 secs] 
2014-07-09T00:32:08.548+0000: 3316.511: [GC [PSYoungGen: 388351K->936K(376448K)] 789647K->403366K(1063424K), 0.0132820 secs] [Times: user=0.04 sys=0.00, real=0.01 secs] 
2014-07-09T00:32:10.306+0000: 3318.269: [GC [PSYoungGen: 376401K->1414K(365888K)] 778831K->403876K(1052864K), 0.0041360 secs] [Times: user=0.02 sys=0.00, real=0.00 secs] 
2014-07-09T00:32:12.013+0000: 3319.975: [GC [PSYoungGen: 365830K->1012K(354816K)] 768292K->403760K(1041792K), 0.0059460 secs] [Times: user=0.01 sys=0.00, real=0.01 secs] 
2014-07-09T00:32:13.665+0000: 3321.628: [GC [PSYoungGen: 354747K->1293K(344960K)] 757495K->404081K(1031936K), 0.0159150 secs] [Times: user=0.06 sys=0.00, real=0.01 secs] 
2014-07-09T00:32:15.284+0000: 3323.247: [GC [PSYoungGen: 344909K->1204K(335040K)] 747697K->404048K(1022016K), 0.0170710 secs] [Times: user=0.05 sys=0.00, real=0.01 secs] 
2014-07-09T00:32:16.834+0000: 3324.796: [GC [PSYoungGen: 334992K->1158K(325632K)] 737836K->404058K(1012608K), 0.0132330 secs] [Times: user=0.04 sys=0.00, real=0.01 secs] 
2014-07-09T00:32:18.371+0000: 3326.334: [GC [PSYoungGen: 325556K->1076K(316480K)] 728456K->404120K(1003456K), 0.0101690 secs] [Times: user=0.03 sys=0.00, real=0.01 secs] 
2014-07-09T00:32:19.840+0000: 3327.803: [GC [PSYoungGen: 316468K->1382K(308160K)] 719512K->404482K(995136K), 0.0054710 secs] [Times: user=0.01 sys=0.00, real=0.01 secs] 
2014-07-09T00:32:21.287+0000: 3329.250: [GC [PSYoungGen: 308134K->1012K(299456K)] 711234K->404292K(986432K), 0.0122620 secs] [Times: user=0.04 sys=0.01, real=0.01 secs] 
2014-07-09T00:32:22.659+0000: 3330.621: [GC [PSYoungGen: 299444K->1062K(291520K)] 702724K->404382K(978496K), 0.0039030 secs] [Times: user=0.01 sys=0.00, real=0.00 secs] 
2014-07-09T00:32:24.045+0000: 3332.008: [GC [PSYoungGen: 291469K->1115K(349696K)] 694789K->404475K(1036672K), 0.0328430 secs] [Times: user=0.12 sys=0.00, real=0.03 secs] 
2014-07-09T00:32:25.657+0000: 3333.620: [GC [PSYoungGen: 349659K->1044K(339648K)] 753019K->404444K(1026624K), 0.0070680 secs] [Times: user=0.02 sys=0.00, real=0.00 secs] 
2014-07-09T00:32:27.247+0000: 3335.210: [GC [PSYoungGen: 339576K->1139K(407424K)] 742976K->404859K(1094400K), 0.0233320 secs] [Times: user=0.07 sys=0.00, real=0.02 secs] 
2014-07-09T00:32:29.144+0000: 3337.107: [GC [PSYoungGen: 407411K->1264K(488832K)] 811131K->405064K(1175808K), 0.0211220 secs] [Times: user=0.07 sys=0.00, real=0.03 secs] 
2014-07-09T00:32:31.438+0000: 3339.401: [GC [PSYoungGen: 488802K->1083K(586176K)] 892602K->405063K(1273152K), 0.0273100 secs] [Times: user=0.09 sys=0.00, real=0.02 secs] 
2014-07-09T00:32:34.160+0000: 3342.123: [GC [PSYoungGen: 586171K->1172K(566016K)] 990151K->405208K(1252992K), 0.0071420 secs] [Times: user=0.01 sys=0.00, real=0.01 secs] 
2014-07-09T00:32:36.769+0000: 3344.732: [GC [PSYoungGen: 565972K->1076K(546560K)] 970008K->405160K(1233536K), 0.0187990 secs] [Times: user=0.07 sys=0.00, real=0.02 secs] 
2014-07-09T00:32:39.294+0000: 3347.257: [GC [PSYoungGen: 546548K->1108K(528128K)] 950632K->405312K(1215104K), 0.0146560 secs] [Times: user=0.05 sys=0.00, real=0.02 secs] 
2014-07-09T00:32:41.732+0000: 3349.694: [GC [PSYoungGen: 528084K->1012K(510336K)] 932288K->405296K(1197312K), 0.0220750 secs] [Times: user=0.07 sys=0.00, real=0.02 secs] 
2014-07-09T00:32:44.125+0000: 3352.088: [GC [PSYoungGen: 510324K->1108K(493568K)] 914608K->405432K(1180544K), 0.0352160 secs] [Times: user=0.13 sys=0.00, real=0.04 secs] 
2014-07-09T00:32:46.442+0000: 3354.405: [GC [PSYoungGen: 493524K->1076K(477376K)] 897848K->405480K(1164352K), 0.0228020 secs] [Times: user=0.07 sys=0.00, real=0.02 secs] 
2014-07-09T00:32:48.641+0000: 3356.604: [GC [PSYoungGen: 477364K->1232K(572864K)] 881768K->405732K(1259840K), 0.0283920 secs] [Times: user=0.10 sys=0.00, real=0.03 secs] 
2014-07-09T00:32:51.296+0000: 3359.259: [GC [PSYoungGen: 572816K->744K(552704K)] 977316K->405772K(1239680K), 0.0173920 secs] [Times: user=0.05 sys=0.00, real=0.02 secs] 
2014-07-09T00:32:53.858+0000: 3361.821: [GC [PSYoungGen: 552680K->1226K(534464K)] 957708K->406286K(1221440K), 0.0161390 secs] [Times: user=0.06 sys=0.00, real=0.02 secs] 
2014-07-09T00:32:56.306+0000: 3364.269: [GC [PSYoungGen: 534410K->1058K(516352K)] 939470K->406486K(1203328K), 0.0345260 secs] [Times: user=0.11 sys=0.00, real=0.04 secs] 
2014-07-09T00:32:58.727+0000: 3366.690: [GC [PSYoungGen: 516319K->1108K(499264K)] 921747K->406648K(1186240K), 0.0195260 secs] [Times: user=0.07 sys=0.00, real=0.02 secs] 
2014-07-09T00:33:01.056+0000: 3369.019: [GC [PSYoungGen: 499195K->869K(482624K)] 904736K->406705K(1169600K), 0.0047280 secs] [Times: user=0.01 sys=0.00, real=0.01 secs] 
2014-07-09T00:33:03.305+0000: 3371.268: [GC [PSYoungGen: 482597K->1386K(467456K)] 888433K->407286K(1154432K), 0.0125290 secs] [Times: user=0.05 sys=0.00, real=0.01 secs] 
2014-07-09T00:33:05.502+0000: 3373.465: [GC [PSYoungGen: 467434K->822K(451904K)] 873334K->407347K(1138880K), 0.0098200 secs] [Times: user=0.04 sys=0.00, real=0.01 secs] 
2014-07-09T00:33:07.578+0000: 3375.541: [GC [PSYoungGen: 451893K->1276K(438016K)] 858417K->407848K(1124992K), 0.0051960 secs] [Times: user=0.02 sys=0.00, real=0.01 secs] 
2014-07-09T00:33:09.600+0000: 3377.563: [GC [PSYoungGen: 437982K->1012K(424064K)] 844555K->407870K(1111040K), 0.0251430 secs] [Times: user=0.09 sys=0.00, real=0.03 secs] 
2014-07-09T00:33:11.589+0000: 3379.552: [GC [PSYoungGen: 424052K->980K(410944K)] 830910K->407886K(1097920K), 0.0124240 secs] [Times: user=0.04 sys=0.00, real=0.01 secs] 
2014-07-09T00:33:13.501+0000: 3381.464: [GC [PSYoungGen: 410900K->1193K(398592K)] 817806K->408313K(1085568K), 0.0105240 secs] [Times: user=0.04 sys=0.00, real=0.01 secs] 
2014-07-09T00:33:15.347+0000: 3383.310: [GC [PSYoungGen: 398519K->1254K(386624K)] 805640K->408407K(1073600K), 0.0339670 secs] [Times: user=0.12 sys=0.00, real=0.03 secs] 
2014-07-09T00:33:17.155+0000: 3385.118: [GC [PSYoungGen: 386598K->880K(374720K)] 793751K->408303K(1061696K), 0.0115690 secs] [Times: user=0.04 sys=0.00, real=0.01 secs] 
2014-07-09T00:33:18.899+0000: 3386.862: [GC [PSYoungGen: 374690K->1378K(364224K)] 782113K->408889K(1051200K), 0.0188530 secs] [Times: user=0.07 sys=0.00, real=0.02 secs] 
2014-07-09T00:33:20.606+0000: 3388.569: [GC [PSYoungGen: 364194K->951K(353216K)] 771705K->408801K(1040192K), 0.0052310 secs] [Times: user=0.01 sys=0.00, real=0.00 secs] 
2014-07-09T00:33:22.264+0000: 3390.227: [GC [PSYoungGen: 353207K->1304K(343488K)] 761057K->409186K(1030464K), 0.0205370 secs] [Times: user=0.07 sys=0.00, real=0.02 secs] 
2014-07-09T00:33:23.850+0000: 3391.813: [GC [PSYoungGen: 343411K->948K(333376K)] 751293K->409020K(1020352K), 0.0065390 secs] [Times: user=0.01 sys=0.00, real=0.01 secs] 
2014-07-09T00:33:25.380+0000: 3393.343: [GC [PSYoungGen: 333362K->1108K(324224K)] 741434K->409228K(1011200K), 0.0133480 secs] [Times: user=0.05 sys=0.00, real=0.01 secs] 
2014-07-09T00:33:26.899+0000: 3394.861: [GC [PSYoungGen: 324179K->1126K(315264K)] 732299K->409334K(1002240K), 0.0115970 secs] [Times: user=0.03 sys=0.00, real=0.01 secs] 
2014-07-09T00:33:28.393+0000: 3396.356: [GC [PSYoungGen: 315225K->1197K(306752K)] 723433K->409485K(993728K), 0.0044750 secs] [Times: user=0.01 sys=0.00, real=0.01 secs] 
2014-07-09T00:33:29.795+0000: 3397.758: [GC [PSYoungGen: 306685K->766K(298048K)] 714973K->409300K(985024K), 0.0152480 secs] [Times: user=0.05 sys=0.00, real=0.02 secs] 
2014-07-09T00:33:31.202+0000: 3399.165: [GC [PSYoungGen: 298005K->1226K(290624K)] 706539K->409808K(977600K), 0.0097440 secs] [Times: user=0.03 sys=0.00, real=0.01 secs] 
2014-07-09T00:33:32.533+0000: 3400.496: [GC [PSYoungGen: 290570K->980K(282752K)] 699152K->409710K(969728K), 0.0037960 secs] [Times: user=0.02 sys=0.00, real=0.01 secs] 
2014-07-09T00:33:33.853+0000: 3401.816: [GC [PSYoungGen: 282668K->1126K(275584K)] 691398K->409888K(962560K), 0.0285120 secs] [Times: user=0.09 sys=0.00, real=0.03 secs] 
2014-07-09T00:33:35.124+0000: 3403.087: [GC [PSYoungGen: 275509K->930K(330304K)] 684271K->409806K(1017280K), 0.0143510 secs] [Times: user=0.05 sys=0.00, real=0.02 secs] 
2014-07-09T00:33:36.636+0000: 3404.598: [GC [PSYoungGen: 330273K->1236K(396544K)] 739149K->410160K(1083520K), 0.0170420 secs] [Times: user=0.06 sys=0.00, real=0.02 secs] 
2014-07-09T00:33:38.470+0000: 3406.433: [GC [PSYoungGen: 396500K->752K(475136K)] 805424K->409984K(1162112K), 0.0189990 secs] [Times: user=0.06 sys=0.00, real=0.02 secs] 
2014-07-09T00:33:40.669+0000: 3408.632: [GC [PSYoungGen: 475120K->1094K(570432K)] 884352K->410374K(1257408K), 0.0359880 secs] [Times: user=0.13 sys=0.00, real=0.03 secs] 
2014-07-09T00:33:43.347+0000: 3411.310: [GC [PSYoungGen: 570374K->1040K(550784K)] 979654K->410566K(1237760K), 0.0113570 secs] [Times: user=0.04 sys=0.00, real=0.02 secs] 
2014-07-09T00:33:45.946+0000: 3413.909: [GC [PSYoungGen: 550736K->1456K(532480K)] 960262K->411022K(1219456K), 0.0144910 secs] [Times: user=0.05 sys=0.00, real=0.02 secs] 
2014-07-09T00:33:48.445+0000: 3416.408: [GC [PSYoungGen: 532461K->442K(513600K)] 942027K->410626K(1200576K), 0.0051480 secs] [Times: user=0.02 sys=0.00, real=0.01 secs] 
2014-07-09T00:33:50.854+0000: 3418.817: [GC [PSYoungGen: 513594K->1358K(497536K)] 923778K->411582K(1184512K), 0.0159090 secs] [Times: user=0.06 sys=0.00, real=0.02 secs] 
2014-07-09T00:33:53.169+0000: 3421.132: [GC [PSYoungGen: 497386K->1208K(481024K)] 907611K->411874K(1168000K), 0.0221650 secs] [Times: user=0.07 sys=0.00, real=0.02 secs] 
2014-07-09T00:33:55.440+0000: 3423.403: [GC [PSYoungGen: 480971K->1126K(465408K)] 891637K->411840K(1152384K), 0.0317410 secs] [Times: user=0.10 sys=0.01, real=0.03 secs] 
2014-07-09T00:33:57.610+0000: 3425.572: [GC [PSYoungGen: 465342K->752K(450112K)] 876057K->411808K(1137088K), 0.0154110 secs] [Times: user=0.05 sys=0.00, real=0.01 secs] 
2014-07-09T00:33:59.728+0000: 3427.691: [GC [PSYoungGen: 450096K->1144K(436224K)] 861152K->412272K(1123200K), 0.0148820 secs] [Times: user=0.05 sys=0.00, real=0.02 secs] 
2014-07-09T00:34:01.774+0000: 3429.737: [GC [PSYoungGen: 436216K->1076K(422528K)] 847344K->412408K(1109504K), 0.0160340 secs] [Times: user=0.05 sys=0.00, real=0.02 secs] 
2014-07-09T00:34:03.733+0000: 3431.696: [GC [PSYoungGen: 422516K->1140K(409536K)] 833848K->412512K(1096512K), 0.0252290 secs] [Times: user=0.09 sys=0.00, real=0.02 secs] 
2014-07-09T00:34:05.669+0000: 3433.632: [GC [PSYoungGen: 409522K->766K(396672K)] 820895K->412416K(1083648K), 0.0161090 secs] [Times: user=0.06 sys=0.00, real=0.02 secs] 
2014-07-09T00:34:07.505+0000: 3435.468: [GC [PSYoungGen: 396659K->1226K(385216K)] 808310K->412925K(1072192K), 0.0051440 secs] [Times: user=0.02 sys=0.00, real=0.01 secs] 
2014-07-09T00:34:09.300+0000: 3437.263: [GC [PSYoungGen: 385159K->805K(373312K)] 796858K->413038K(1060288K), 0.0058100 secs] [Times: user=0.02 sys=0.00, real=0.01 secs] 
2014-07-09T00:34:11.032+0000: 3438.995: [GC [PSYoungGen: 373285K->1336K(362880K)] 785518K->413617K(1049856K), 0.0082160 secs] [Times: user=0.03 sys=0.01, real=0.00 secs] 
2014-07-09T00:34:12.721+0000: 3440.684: [GC [PSYoungGen: 362826K->819K(351872K)] 775107K->413570K(1038848K), 0.0151840 secs] [Times: user=0.05 sys=0.00, real=0.02 secs] 
2014-07-09T00:34:14.334+0000: 3442.297: [GC [PSYoungGen: 351855K->1176K(342144K)] 764606K->413959K(1029120K), 0.0315680 secs] [Times: user=0.10 sys=0.00, real=0.03 secs] 
2014-07-09T00:34:15.931+0000: 3443.894: [GC [PSYoungGen: 342104K->1080K(410240K)] 754887K->414067K(1097216K), 0.0253350 secs] [Times: user=0.08 sys=0.00, real=0.03 secs] 
2014-07-09T00:34:17.835+0000: 3445.798: [GC [PSYoungGen: 410232K->1254K(492288K)] 823219K->414305K(1179264K), 0.0344570 secs] [Times: user=0.11 sys=0.00, real=0.03 secs] 
2014-07-09T00:34:20.133+0000: 3448.096: [GC [PSYoungGen: 492262K->612K(589888K)] 905313K->414760K(1276864K), 0.0085170 secs] [Times: user=0.03 sys=0.00, real=0.00 secs] 
2014-07-09T00:34:22.869+0000: 3450.832: [GC [PSYoungGen: 589860K->1276K(570048K)] 1004008K->415464K(1257024K), 0.0163120 secs] [Times: user=0.06 sys=0.00, real=0.02 secs] 
2014-07-09T00:34:25.514+0000: 3453.477: [GC [PSYoungGen: 570044K->1076K(550336K)] 984232K->415600K(1237312K), 0.0169710 secs] [Times: user=0.07 sys=0.00, real=0.01 secs] 
2014-07-09T00:34:28.085+0000: 3456.048: [GC [PSYoungGen: 550317K->1108K(531712K)] 964842K->415720K(1218688K), 0.0178100 secs] [Times: user=0.05 sys=0.00, real=0.01 secs] 
2014-07-09T00:34:30.549+0000: 3458.512: [GC [PSYoungGen: 531668K->1012K(513792K)] 946280K->415704K(1200768K), 0.0176980 secs] [Times: user=0.07 sys=0.00, real=0.02 secs] 
2014-07-09T00:34:32.978+0000: 3460.941: [GC [PSYoungGen: 513746K->1232K(497024K)] 928438K->415973K(1184000K), 0.0103020 secs] [Times: user=0.04 sys=0.00, real=0.01 secs] 
2014-07-09T00:34:35.326+0000: 3463.289: [GC [PSYoungGen: 496976K->944K(480448K)] 911717K->415856K(1167424K), 0.0128580 secs] [Times: user=0.05 sys=0.00, real=0.01 secs] 
2014-07-09T00:34:37.555+0000: 3465.518: [GC [PSYoungGen: 480432K->1094K(465088K)] 895344K->416038K(1152064K), 0.0048070 secs] [Times: user=0.01 sys=0.00, real=0.00 secs] 
2014-07-09T00:34:39.704+0000: 3467.667: [GC [PSYoungGen: 464980K->1004K(450048K)] 879924K->416235K(1137024K), 0.0050600 secs] [Times: user=0.01 sys=0.00, real=0.01 secs] 
2014-07-09T00:34:41.805+0000: 3469.768: [GC [PSYoungGen: 450028K->1418K(436288K)] 865259K->416689K(1123264K), 0.0037030 secs] [Times: user=0.02 sys=0.00, real=0.01 secs] 
2014-07-09T00:34:43.824+0000: 3471.787: [GC [PSYoungGen: 436219K->620K(421824K)] 851490K->416332K(1108800K), 0.0132460 secs] [Times: user=0.05 sys=0.00, real=0.02 secs] 
2014-07-09T00:34:45.781+0000: 3473.744: [GC [PSYoungGen: 421751K->1575K(409728K)] 837464K->417328K(1096704K), 0.0275890 secs] [Times: user=0.10 sys=0.00, real=0.03 secs] 
2014-07-09T00:34:47.704+0000: 3475.667: [GC [PSYoungGen: 409701K->994K(396672K)] 825454K->417157K(1083648K), 0.0296990 secs] [Times: user=0.11 sys=0.00, real=0.03 secs] 
2014-07-09T00:34:49.586+0000: 3477.548: [GC [PSYoungGen: 396599K->1229K(476096K)] 812762K->417480K(1163072K), 0.0279080 secs] [Times: user=0.10 sys=0.00, real=0.03 secs] 
2014-07-09T00:34:51.807+0000: 3479.770: [GC [PSYoungGen: 476045K->1108K(570944K)] 892296K->417415K(1257920K), 0.0205760 secs] [Times: user=0.06 sys=0.00, real=0.02 secs] 
2014-07-09T00:34:54.494+0000: 3482.457: [GC [PSYoungGen: 570900K->1076K(551296K)] 987207K->417439K(1238272K), 0.0241900 secs] [Times: user=0.08 sys=0.00, real=0.03 secs] 
2014-07-09T00:34:57.038+0000: 3485.001: [GC [PSYoungGen: 551240K->1140K(661440K)] 967603K->417633K(1348416K), 0.0300260 secs] [Times: user=0.11 sys=0.00, real=0.03 secs] 
2014-07-09T00:35:00.124+0000: 3488.087: [GC [PSYoungGen: 661428K->1012K(637568K)] 1077921K->417601K(1324544K), 0.0048050 secs] [Times: user=0.02 sys=0.00, real=0.01 secs] 
2014-07-09T00:35:03.087+0000: 3491.049: [GC [PSYoungGen: 637547K->1086K(615040K)] 1054136K->417845K(1302016K), 0.0134890 secs] [Times: user=0.05 sys=0.00, real=0.02 secs] 
2014-07-09T00:35:05.959+0000: 3493.922: [GC [PSYoungGen: 615001K->1158K(593600K)] 1031760K->417957K(1280576K), 0.0172260 secs] [Times: user=0.05 sys=0.00, real=0.01 secs] 
2014-07-09T00:35:08.744+0000: 3496.707: [GC [PSYoungGen: 593542K->954K(572736K)] 1010341K->418081K(1259712K), 0.0241490 secs] [Times: user=0.09 sys=0.00, real=0.02 secs] 
2014-07-09T00:35:11.461+0000: 3499.424: [GC [PSYoungGen: 572730K->1514K(553664K)] 989857K->418713K(1240640K), 0.0240390 secs] [Times: user=0.08 sys=0.00, real=0.02 secs] 
2014-07-09T00:35:14.043+0000: 3502.006: [GC [PSYoungGen: 553642K->766K(534080K)] 970841K->418361K(1221056K), 0.0053540 secs] [Times: user=0.01 sys=0.00, real=0.00 secs] 
2014-07-09T00:35:16.529+0000: 3504.492: [GC [PSYoungGen: 534062K->1372K(516800K)] 951657K->418991K(1203776K), 0.0270220 secs] [Times: user=0.07 sys=0.00, real=0.03 secs] 
2014-07-09T00:35:18.952+0000: 3506.915: [GC [PSYoungGen: 516764K->1076K(499328K)] 934383K->418931K(1186304K), 0.0307610 secs] [Times: user=0.11 sys=0.00, real=0.03 secs] 
2014-07-09T00:35:21.256+0000: 3509.219: [GC [PSYoungGen: 499316K->1264K(483136K)] 917171K->419175K(1170112K), 0.0117580 secs] [Times: user=0.03 sys=0.00, real=0.01 secs] 
2014-07-09T00:35:23.495+0000: 3511.458: [GC [PSYoungGen: 483120K->1012K(467200K)] 901031K->418971K(1154176K), 0.0153110 secs] [Times: user=0.06 sys=0.00, real=0.01 secs] 
2014-07-09T00:35:25.677+0000: 3513.640: [GC [PSYoungGen: 467148K->1126K(452352K)] 885107K->419141K(1139328K), 0.0117920 secs] [Times: user=0.02 sys=0.00, real=0.01 secs] 
2014-07-09T00:35:27.815+0000: 3515.777: [GC [PSYoungGen: 452326K->1076K(437952K)] 870341K->419203K(1124928K), 0.0144680 secs] [Times: user=0.05 sys=0.00, real=0.01 secs] 
2014-07-09T00:35:29.863+0000: 3517.826: [GC [PSYoungGen: 437940K->1289K(424512K)] 856067K->419555K(1111488K), 0.0063020 secs] [Times: user=0.01 sys=0.00, real=0.00 secs] 
2014-07-09T00:35:31.852+0000: 3519.815: [GC [PSYoungGen: 424457K->680K(410752K)] 842723K->419457K(1097728K), 0.0213490 secs] [Times: user=0.07 sys=0.00, real=0.03 secs] 
2014-07-09T00:35:33.760+0000: 3521.723: [GC [PSYoungGen: 410728K->1372K(398912K)] 829505K->420189K(1085888K), 0.0095410 secs] [Times: user=0.04 sys=0.00, real=0.01 secs] 
2014-07-09T00:35:35.615+0000: 3523.578: [GC [PSYoungGen: 398876K->1022K(386496K)] 817693K->420181K(1073472K), 0.0099480 secs] [Times: user=0.02 sys=0.00, real=0.01 secs] 
2014-07-09T00:35:37.416+0000: 3525.379: [GC [PSYoungGen: 386494K->1254K(375232K)] 805653K->420469K(1062208K), 0.0156020 secs] [Times: user=0.05 sys=0.00, real=0.01 secs] 
2014-07-09T00:35:39.195+0000: 3527.158: [GC [PSYoungGen: 375172K->948K(363904K)] 794388K->420349K(1050880K), 0.0244130 secs] [Times: user=0.08 sys=0.00, real=0.02 secs] 
2014-07-09T00:35:40.883+0000: 3528.846: [GC [PSYoungGen: 363843K->1250K(353664K)] 783244K->420684K(1040640K), 0.0167490 secs] [Times: user=0.06 sys=0.00, real=0.02 secs] 
2014-07-09T00:35:42.538+0000: 3530.501: [GC [PSYoungGen: 353634K->869K(343104K)] 773068K->420542K(1030080K), 0.0076090 secs] [Times: user=0.02 sys=0.00, real=0.01 secs] 
2014-07-09T00:35:44.139+0000: 3532.102: [GC [PSYoungGen: 343036K->1012K(333504K)] 762710K->420717K(1020480K), 0.0262370 secs] [Times: user=0.10 sys=0.00, real=0.03 secs] 
2014-07-09T00:35:45.695+0000: 3533.658: [GC [PSYoungGen: 333492K->1044K(324224K)] 753197K->420797K(1011200K), 0.0080760 secs] [Times: user=0.01 sys=0.00, real=0.00 secs] 
2014-07-09T00:35:47.234+0000: 3535.197: [GC [PSYoungGen: 324180K->1204K(315392K)] 743933K->421029K(1002368K), 0.0121960 secs] [Times: user=0.04 sys=0.00, real=0.02 secs] 
2014-07-09T00:35:48.691+0000: 3536.654: [GC [PSYoungGen: 315339K->816K(306432K)] 735165K->420925K(993408K), 0.0105860 secs] [Times: user=0.02 sys=0.00, real=0.01 secs] 
2014-07-09T00:35:50.139+0000: 3538.102: [GC [PSYoungGen: 306416K->1158K(367936K)] 726525K->421299K(1054912K), 0.0345930 secs] [Times: user=0.12 sys=0.00, real=0.03 secs] 
2014-07-09T00:35:51.855+0000: 3539.818: [GC [PSYoungGen: 367878K->944K(441024K)] 788019K->421379K(1128000K), 0.0157420 secs] [Times: user=0.05 sys=0.00, real=0.02 secs] 
2014-07-09T00:35:53.923+0000: 3541.886: [GC [PSYoungGen: 441008K->1194K(529344K)] 861443K->421685K(1216320K), 0.0211960 secs] [Times: user=0.08 sys=0.00, real=0.02 secs] 
2014-07-09T00:35:56.393+0000: 3544.356: [GC [PSYoungGen: 529278K->802K(511232K)] 949770K->421808K(1198208K), 0.0137760 secs] [Times: user=0.05 sys=0.00, real=0.01 secs] 
2014-07-09T00:35:58.764+0000: 3546.727: [GC [PSYoungGen: 511178K->1272K(494784K)] 932184K->422366K(1181760K), 0.0083730 secs] [Times: user=0.03 sys=0.00, real=0.01 secs] 
2014-07-09T00:36:01.077+0000: 3549.040: [GC [PSYoungGen: 494776K->882K(478208K)] 915870K->422598K(1165184K), 0.0144640 secs] [Times: user=0.06 sys=0.00, real=0.02 secs] 
2014-07-09T00:36:03.318+0000: 3551.281: [GC [PSYoungGen: 478194K->1534K(463360K)] 899910K->423446K(1150336K), 0.0228850 secs] [Times: user=0.08 sys=0.00, real=0.02 secs] 
2014-07-09T00:36:05.500+0000: 3553.463: [GC [PSYoungGen: 463313K->684K(447744K)] 885225K->423236K(1134720K), 0.0241230 secs] [Times: user=0.07 sys=0.00, real=0.02 secs] 
2014-07-09T00:36:07.628+0000: 3555.591: [GC [PSYoungGen: 447724K->1550K(434496K)] 870276K->424174K(1121472K), 0.0066870 secs] [Times: user=0.01 sys=0.01, real=0.01 secs] 
2014-07-09T00:36:09.623+0000: 3557.586: [GC [PSYoungGen: 434446K->1062K(420480K)] 857070K->424244K(1107456K), 0.0209670 secs] [Times: user=0.06 sys=0.00, real=0.02 secs] 
2014-07-09T00:36:11.611+0000: 3559.574: [GC [PSYoungGen: 420454K->980K(407488K)] 843636K->424194K(1094464K), 0.0218600 secs] [Times: user=0.08 sys=0.00, real=0.02 secs] 
2014-07-09T00:36:13.541+0000: 3561.504: [GC [PSYoungGen: 407444K->1076K(395136K)] 830658K->424338K(1082112K), 0.0260040 secs] [Times: user=0.07 sys=0.00, real=0.02 secs] 
2014-07-09T00:36:15.408+0000: 3563.371: [GC [PSYoungGen: 395087K->1378K(383552K)] 818350K->424688K(1070528K), 0.0164500 secs] [Times: user=0.05 sys=0.00, real=0.02 secs] 
2014-07-09T00:36:17.184+0000: 3565.147: [GC [PSYoungGen: 383437K->1275K(372032K)] 806747K->424691K(1059008K), 0.0150150 secs] [Times: user=0.06 sys=0.00, real=0.01 secs] 
2014-07-09T00:36:18.917+0000: 3566.880: [GC [PSYoungGen: 372008K->1212K(361088K)] 795425K->424716K(1048064K), 0.0048760 secs] [Times: user=0.02 sys=0.00, real=0.01 secs] 
2014-07-09T00:36:20.633+0000: 3568.595: [GC [PSYoungGen: 361084K->1150K(350592K)] 784588K->424761K(1037568K), 0.0184740 secs] [Times: user=0.07 sys=0.00, real=0.02 secs] 
2014-07-09T00:36:22.278+0000: 3570.241: [GC [PSYoungGen: 350543K->1083K(420416K)] 774154K->424709K(1107392K), 0.0534920 secs] [Times: user=0.15 sys=0.00, real=0.06 secs] 
2014-07-09T00:36:24.255+0000: 3572.218: [GC [PSYoungGen: 420411K->1108K(504384K)] 844037K->424774K(1191360K), 0.0135940 secs] [Times: user=0.05 sys=0.00, real=0.01 secs] 
2014-07-09T00:36:26.616+0000: 3574.579: [GC [PSYoungGen: 504326K->1229K(605184K)] 927992K->424927K(1292160K), 0.0244240 secs] [Times: user=0.09 sys=0.00, real=0.02 secs] 
2014-07-09T00:36:29.438+0000: 3577.400: [GC [PSYoungGen: 605107K->930K(725696K)] 1028805K->425018K(1412672K), 0.0287740 secs] [Times: user=0.10 sys=0.00, real=0.03 secs] 
2014-07-09T00:36:32.816+0000: 3580.779: [GC [PSYoungGen: 725653K->1158K(699264K)] 1149742K->425310K(1386240K), 0.0049850 secs] [Times: user=0.01 sys=0.00, real=0.00 secs] 
2014-07-09T00:36:36.068+0000: 3584.031: [GC [PSYoungGen: 699206K->1044K(673664K)] 1123358K->425310K(1360640K), 0.0063540 secs] [Times: user=0.01 sys=0.00, real=0.01 secs] 
2014-07-09T00:36:39.203+0000: 3587.166: [GC [PSYoungGen: 673620K->1484K(649856K)] 1097886K->425863K(1336832K), 0.0145300 secs] [Times: user=0.05 sys=0.00, real=0.02 secs] 
2014-07-09T00:36:42.238+0000: 3590.200: [GC [PSYoungGen: 649795K->633K(625792K)] 1074174K->425873K(1312768K), 0.0110920 secs] [Times: user=0.04 sys=0.00, real=0.01 secs] 
2014-07-09T00:36:45.181+0000: 3593.144: [GC [PSYoungGen: 625764K->1586K(604672K)] 1051004K->426850K(1291648K), 0.0202710 secs] [Times: user=0.07 sys=0.00, real=0.02 secs] 
2014-07-09T00:36:47.997+0000: 3595.960: [GC [PSYoungGen: 604658K->1268K(583232K)] 1029922K->427024K(1270208K), 0.0219210 secs] [Times: user=0.08 sys=0.00, real=0.02 secs] 
2014-07-09T00:36:50.684+0000: 3598.647: [GC [PSYoungGen: 583186K->948K(562752K)] 1008943K->426816K(1249728K), 0.0098890 secs] [Times: user=0.02 sys=0.00, real=0.01 secs] 
2014-07-09T00:36:53.338+0000: 3601.300: [GC [PSYoungGen: 562740K->980K(543616K)] 988608K->426880K(1230592K), 0.0090460 secs] [Times: user=0.02 sys=0.00, real=0.01 secs] 
2014-07-09T00:36:55.903+0000: 3603.866: [GC [PSYoungGen: 543530K->1328K(525568K)] 969430K->427260K(1212544K), 0.0061070 secs] [Times: user=0.01 sys=0.00, real=0.01 secs] 
2014-07-09T00:36:58.369+0000: 3606.331: [GC [PSYoungGen: 525552K->1264K(507968K)] 951484K->427260K(1194944K), 0.0128050 secs] [Times: user=0.04 sys=0.01, real=0.01 secs] 
2014-07-09T00:37:00.759+0000: 3608.722: [GC [PSYoungGen: 507951K->1258K(491200K)] 933947K->427342K(1178176K), 0.0289520 secs] [Times: user=0.11 sys=0.00, real=0.03 secs] 
2014-07-09T00:37:03.048+0000: 3611.011: [GC [PSYoungGen: 491132K->1200K(475136K)] 917216K->427507K(1162112K), 0.0129260 secs] [Times: user=0.05 sys=0.00, real=0.01 secs] 
2014-07-09T00:37:05.293+0000: 3613.256: [GC [PSYoungGen: 475120K->1336K(459968K)] 901427K->427690K(1146944K), 0.0100990 secs] [Times: user=0.03 sys=0.00, real=0.01 secs] 
2014-07-09T00:37:07.428+0000: 3615.391: [GC [PSYoungGen: 459936K->1057K(445056K)] 886290K->427941K(1132032K), 0.0254080 secs] [Times: user=0.09 sys=0.00, real=0.03 secs] 
2014-07-09T00:37:09.502+0000: 3617.465: [GC [PSYoungGen: 445025K->1176K(431168K)] 871909K->428155K(1118144K), 0.0203490 secs] [Times: user=0.08 sys=0.00, real=0.02 secs] 
2014-07-09T00:37:11.510+0000: 3619.472: [GC [PSYoungGen: 431082K->1261K(417792K)] 858062K->428445K(1104768K), 0.0122020 secs] [Times: user=0.02 sys=0.00, real=0.01 secs] 
2014-07-09T00:37:13.460+0000: 3621.423: [GC [PSYoungGen: 417773K->1108K(500992K)] 844957K->428331K(1187968K), 0.0404840 secs] [Times: user=0.11 sys=0.00, real=0.04 secs] 
2014-07-09T00:37:17.180+0000: 3625.143: [GC [PSYoungGen: 500948K->1188K(601024K)] 928171K->441146K(1288000K), 0.0940180 secs] [Times: user=0.37 sys=0.00, real=0.09 secs] 
Heap
 PSYoungGen      total 601024K, used 99107K [0x0000000755560000, 0x000000078e6e0000, 0x0000000800000000)
  eden space 599808K, 16% used [0x0000000755560000,0x000000075b4ffdf0,0x0000000779f20000)
  from space 1216K, 97% used [0x000000078e5b0000,0x000000078e6d9030,0x000000078e6e0000)
  to   space 6400K, 0% used [0x000000078da60000,0x000000078da60000,0x000000078e0a0000)
 ParOldGen       total 686976K, used 439958K [0x0000000600000000, 0x0000000629ee0000, 0x0000000755560000)
  object space 686976K, 64% used [0x0000000600000000,0x000000061ada5840,0x0000000629ee0000)
 PSPermGen       total 21248K, used 11295K [0x00000005f5a00000, 0x00000005f6ec0000, 0x0000000600000000)
  object space 21248K, 53% used [0x00000005f5a00000,0x00000005f6507dc0,0x00000005f6ec0000)
