2014-07-09T00:46:39.406+0000: 22.868: [GC [PSYoungGen: 257728K->15342K(300608K)] 257728K->15350K(987584K), 0.0162250 secs] [Times: user=0.04 sys=0.01, real=0.01 secs] 
2014-07-09T00:46:43.393+0000: 26.855: [GC [PSYoungGen: 273070K->16738K(300608K)] 273078K->16754K(987584K), 0.0087020 secs] [Times: user=0.04 sys=0.01, real=0.01 secs] 
2014-07-09T00:46:45.883+0000: 29.345: [GC [PSYoungGen: 274466K->16882K(300608K)] 274482K->16906K(987584K), 0.0124830 secs] [Times: user=0.09 sys=0.00, real=0.01 secs] 
2014-07-09T00:46:48.121+0000: 31.584: [GC [PSYoungGen: 274610K->17138K(300608K)] 274634K->17170K(987584K), 0.0148460 secs] [Times: user=0.09 sys=0.00, real=0.02 secs] 
2014-07-09T00:46:50.413+0000: 33.875: [GC [PSYoungGen: 274866K->17106K(268480K)] 274898K->17146K(955456K), 0.0178400 secs] [Times: user=0.10 sys=0.00, real=0.02 secs] 
2014-07-09T00:46:52.464+0000: 35.926: [GC [PSYoungGen: 268434K->17426K(262656K)] 268474K->17466K(949632K), 0.0226700 secs] [Times: user=0.11 sys=0.01, real=0.02 secs] 
2014-07-09T00:46:54.554+0000: 38.016: [GC [PSYoungGen: 262610K->800K(240064K)] 262650K->16916K(927040K), 0.0308380 secs] [Times: user=0.19 sys=0.02, real=0.03 secs] 
2014-07-09T00:46:55.891+0000: 39.353: [GC [PSYoungGen: 240032K->6301K(247552K)] 256148K->22633K(934528K), 0.0072750 secs] [Times: user=0.04 sys=0.00, real=0.01 secs] 
2014-07-09T00:46:57.107+0000: 40.569: [GC [PSYoungGen: 239837K->8751K(236800K)] 256169K->25186K(923776K), 0.0046630 secs] [Times: user=0.02 sys=0.01, real=0.01 secs] 
2014-07-09T00:46:58.302+0000: 41.764: [GC [PSYoungGen: 236783K->5109K(240576K)] 253217K->26909K(927552K), 0.0053980 secs] [Times: user=0.03 sys=0.01, real=0.01 secs] 
2014-07-09T00:46:59.455+0000: 42.917: [GC [PSYoungGen: 227829K->1907K(219520K)] 249629K->28219K(906496K), 0.0051750 secs] [Times: user=0.02 sys=0.01, real=0.01 secs] 
2014-07-09T00:47:00.586+0000: 44.049: [GC [PSYoungGen: 219507K->1105K(232192K)] 245819K->28750K(919168K), 0.0052010 secs] [Times: user=0.03 sys=0.00, real=0.01 secs] 
2014-07-09T00:47:01.729+0000: 45.191: [GC [PSYoungGen: 213777K->2054K(209984K)] 241422K->30328K(896960K), 0.0048730 secs] [Times: user=0.02 sys=0.00, real=0.00 secs] 
2014-07-09T00:47:02.875+0000: 46.338: [GC [PSYoungGen: 209902K->882K(222592K)] 238176K->30621K(909568K), 0.0070500 secs] [Times: user=0.04 sys=0.01, real=0.01 secs] 
2014-07-09T00:47:03.963+0000: 47.426: [GC [PSYoungGen: 204120K->1080K(199872K)] 233858K->30989K(886848K), 0.0056600 secs] [Times: user=0.02 sys=0.00, real=0.01 secs] 
2014-07-09T00:47:04.982+0000: 48.445: [GC [PSYoungGen: 199827K->712K(213120K)] 229736K->30971K(900096K), 0.0054140 secs] [Times: user=0.03 sys=0.01, real=0.00 secs] 
2014-07-09T00:47:05.965+0000: 49.428: [GC [PSYoungGen: 195208K->853K(191232K)] 225467K->31184K(878208K), 0.0066710 secs] [Times: user=0.04 sys=0.00, real=0.01 secs] 
2014-07-09T00:47:06.940+0000: 50.402: [GC [PSYoungGen: 191189K->895K(203584K)] 221520K->31426K(890560K), 0.0065110 secs] [Times: user=0.03 sys=0.00, real=0.00 secs] 
2014-07-09T00:47:07.907+0000: 51.369: [GC [PSYoungGen: 187128K->666K(183104K)] 217658K->31377K(870080K), 0.0073380 secs] [Times: user=0.03 sys=0.01, real=0.01 secs] 
2014-07-09T00:47:08.848+0000: 52.310: [GC [PSYoungGen: 183021K->730K(194496K)] 213732K->31513K(881472K), 0.0101490 secs] [Times: user=0.05 sys=0.00, real=0.01 secs] 
2014-07-09T00:47:09.814+0000: 53.276: [GC [PSYoungGen: 179310K->630K(175616K)] 210093K->31493K(862592K), 0.0065930 secs] [Times: user=0.04 sys=0.00, real=0.01 secs] 
2014-07-09T00:47:10.759+0000: 54.221: [GC [PSYoungGen: 175606K->676K(185920K)] 206469K->31643K(872896K), 0.0053350 secs] [Times: user=0.02 sys=0.00, real=0.01 secs] 
2014-07-09T00:47:11.621+0000: 55.083: [GC [PSYoungGen: 172132K->787K(168896K)] 203099K->31835K(855872K), 0.0037870 secs] [Times: user=0.01 sys=0.01, real=0.00 secs] 
2014-07-09T00:47:12.473+0000: 55.935: [GC [PSYoungGen: 168851K->1050K(177536K)] 199899K->32325K(864512K), 0.0059430 secs] [Times: user=0.03 sys=0.00, real=0.00 secs] 
2014-07-09T00:47:13.294+0000: 56.756: [GC [PSYoungGen: 165850K->612K(162240K)] 197125K->32125K(849216K), 0.0068760 secs] [Times: user=0.05 sys=0.00, real=0.01 secs] 
2014-07-09T00:47:14.117+0000: 57.579: [GC [PSYoungGen: 162212K->666K(169792K)] 193725K->32235K(856768K), 0.0042260 secs] [Times: user=0.01 sys=0.01, real=0.01 secs] 
2014-07-09T00:47:14.928+0000: 58.390: [GC [PSYoungGen: 159194K->498K(156032K)] 190763K->32147K(843008K), 0.0057110 secs] [Times: user=0.03 sys=0.00, real=0.01 secs] 
2014-07-09T00:47:15.745+0000: 59.207: [GC [PSYoungGen: 156017K->815K(162432K)] 187666K->32560K(849408K), 0.0043180 secs] [Times: user=0.02 sys=0.01, real=0.00 secs] 
2014-07-09T00:47:16.570+0000: 60.033: [GC [PSYoungGen: 153455K->634K(150464K)] 185200K->32435K(837440K), 0.0051980 secs] [Times: user=0.01 sys=0.00, real=0.00 secs] 
2014-07-09T00:47:17.401+0000: 60.864: [GC [PSYoungGen: 150417K->780K(155584K)] 182219K->32645K(842560K), 0.0068770 secs] [Times: user=0.04 sys=0.00, real=0.00 secs] 
2014-07-09T00:47:18.181+0000: 61.643: [GC [PSYoungGen: 147852K->844K(145344K)] 179717K->32813K(832320K), 0.0040840 secs] [Times: user=0.02 sys=0.00, real=0.00 secs] 
2014-07-09T00:47:18.963+0000: 62.425: [GC [PSYoungGen: 145292K->734K(149184K)] 177261K->32751K(836160K), 0.0039130 secs] [Times: user=0.02 sys=0.00, real=0.00 secs] 
2014-07-09T00:47:19.686+0000: 63.148: [GC [PSYoungGen: 142622K->566K(139968K)] 174639K->32639K(826944K), 0.0051490 secs] [Times: user=0.03 sys=0.00, real=0.00 secs] 
2014-07-09T00:47:20.364+0000: 63.827: [GC [PSYoungGen: 139958K->730K(143168K)] 172031K->32867K(830144K), 0.0099910 secs] [Times: user=0.05 sys=0.01, real=0.01 secs] 
2014-07-09T00:47:21.036+0000: 64.499: [GC [PSYoungGen: 137640K->548K(135168K)] 169777K->32741K(822144K), 0.0041890 secs] [Times: user=0.01 sys=0.00, real=0.00 secs] 
2014-07-09T00:47:21.685+0000: 65.148: [GC [PSYoungGen: 135110K->566K(137600K)] 167304K->32799K(824576K), 0.0050240 secs] [Times: user=0.03 sys=0.00, real=0.00 secs] 
2014-07-09T00:47:22.335+0000: 65.797: [GC [PSYoungGen: 132802K->894K(130944K)] 165036K->33231K(817920K), 0.0060580 secs] [Times: user=0.03 sys=0.01, real=0.01 secs] 
2014-07-09T00:47:22.966+0000: 66.429: [GC [PSYoungGen: 130942K->684K(132288K)] 163279K->33077K(819264K), 0.0067410 secs] [Times: user=0.03 sys=0.01, real=0.01 secs] 
2014-07-09T00:47:23.591+0000: 67.053: [GC [PSYoungGen: 128556K->726K(126528K)] 160949K->33199K(813504K), 0.0030560 secs] [Times: user=0.01 sys=0.00, real=0.01 secs] 
2014-07-09T00:47:24.200+0000: 67.662: [GC [PSYoungGen: 126447K->754K(127424K)] 158920K->33284K(814400K), 0.0044020 secs] [Times: user=0.02 sys=0.00, real=0.01 secs] 
2014-07-09T00:47:24.805+0000: 68.268: [GC [PSYoungGen: 124466K->608K(122368K)] 156996K->33233K(809344K), 0.0072850 secs] [Times: user=0.04 sys=0.00, real=0.01 secs] 
2014-07-09T00:47:25.404+0000: 68.866: [GC [PSYoungGen: 122336K->666K(122944K)] 154961K->33371K(809920K), 0.0046500 secs] [Times: user=0.02 sys=0.00, real=0.00 secs] 
2014-07-09T00:47:26.038+0000: 69.500: [GC [PSYoungGen: 120474K->648K(118656K)] 153179K->33401K(805632K), 0.0062060 secs] [Times: user=0.03 sys=0.00, real=0.01 secs] 
2014-07-09T00:47:26.650+0000: 70.113: [GC [PSYoungGen: 118554K->712K(118784K)] 151308K->33553K(805760K), 0.0042650 secs] [Times: user=0.02 sys=0.00, real=0.01 secs] 
2014-07-09T00:47:27.233+0000: 70.695: [GC [PSYoungGen: 116853K->580K(115008K)] 149694K->33501K(801984K), 0.0059740 secs] [Times: user=0.03 sys=0.00, real=0.00 secs] 
2014-07-09T00:47:27.845+0000: 71.307: [GC [PSYoungGen: 114948K->598K(114752K)] 147869K->33607K(801728K), 0.0051910 secs] [Times: user=0.02 sys=0.00, real=0.00 secs] 
2014-07-09T00:47:28.402+0000: 71.864: [GC [PSYoungGen: 113238K->872K(111872K)] 146247K->33946K(798848K), 0.0042080 secs] [Times: user=0.02 sys=0.00, real=0.01 secs] 
2014-07-09T00:47:28.984+0000: 72.446: [GC [PSYoungGen: 111848K->548K(110848K)] 144922K->33669K(797824K), 0.0083070 secs] [Times: user=0.04 sys=0.00, real=0.01 secs] 
2014-07-09T00:47:29.531+0000: 72.993: [GC [PSYoungGen: 109860K->648K(108416K)] 142981K->33817K(795392K), 0.0048390 secs] [Times: user=0.03 sys=0.00, real=0.01 secs] 
2014-07-09T00:47:30.051+0000: 73.513: [GC [PSYoungGen: 108360K->804K(111936K)] 141529K->34030K(798912K), 0.0105430 secs] [Times: user=0.06 sys=0.00, real=0.01 secs] 
2014-07-09T00:47:30.603+0000: 74.066: [GC [PSYoungGen: 109348K->712K(111744K)] 142574K->34001K(798720K), 0.0057260 secs] [Times: user=0.03 sys=0.00, real=0.00 secs] 
2014-07-09T00:47:31.159+0000: 74.621: [GC [PSYoungGen: 109238K->666K(134080K)] 142527K->33987K(821056K), 0.0059010 secs] [Times: user=0.02 sys=0.00, real=0.01 secs] 
2014-07-09T00:47:31.866+0000: 75.328: [GC [PSYoungGen: 132058K->965K(134208K)] 165379K->34382K(821184K), 0.0096220 secs] [Times: user=0.05 sys=0.01, real=0.01 secs] 
2014-07-09T00:47:32.510+0000: 75.973: [GC [PSYoungGen: 132321K->883K(161408K)] 165738K->34364K(848384K), 0.0061990 secs] [Times: user=0.02 sys=0.00, real=0.01 secs] 
2014-07-09T00:47:33.310+0000: 76.773: [GC [PSYoungGen: 159923K->562K(161536K)] 193404K->34107K(848512K), 0.0087330 secs] [Times: user=0.03 sys=0.00, real=0.01 secs] 
2014-07-09T00:47:34.082+0000: 77.544: [GC [PSYoungGen: 159602K->530K(194688K)] 193147K->34147K(881664K), 0.0096490 secs] [Times: user=0.05 sys=0.00, real=0.01 secs] 
2014-07-09T00:47:35.058+0000: 78.521: [GC [PSYoungGen: 192978K->854K(194752K)] 226595K->34544K(881728K), 0.0110980 secs] [Times: user=0.05 sys=0.00, real=0.01 secs] 
2014-07-09T00:47:36.029+0000: 79.491: [GC [PSYoungGen: 193302K->534K(188928K)] 226992K->34279K(875904K), 0.0061030 secs] [Times: user=0.03 sys=0.00, real=0.01 secs] 
2014-07-09T00:47:36.946+0000: 80.408: [GC [PSYoungGen: 188852K->762K(185152K)] 222597K->34587K(872128K), 0.0067190 secs] [Times: user=0.04 sys=0.00, real=0.00 secs] 
2014-07-09T00:47:37.861+0000: 81.323: [GC [PSYoungGen: 185146K->776K(181376K)] 218971K->34697K(868352K), 0.0085360 secs] [Times: user=0.05 sys=0.00, real=0.01 secs] 
2014-07-09T00:47:38.780+0000: 82.243: [GC [PSYoungGen: 181320K->680K(177536K)] 215241K->34681K(864512K), 0.0050740 secs] [Times: user=0.03 sys=0.00, real=0.01 secs] 
2014-07-09T00:47:39.610+0000: 83.072: [GC [PSYoungGen: 177512K->822K(174080K)] 211513K->34855K(861056K), 0.0052090 secs] [Times: user=0.02 sys=0.00, real=0.01 secs] 
2014-07-09T00:47:40.463+0000: 83.926: [GC [PSYoungGen: 174070K->680K(170496K)] 208103K->34761K(857472K), 0.0051330 secs] [Times: user=0.02 sys=0.00, real=0.01 secs] 
2014-07-09T00:47:41.314+0000: 84.777: [GC [PSYoungGen: 170472K->548K(167040K)] 204553K->34669K(854016K), 0.0097070 secs] [Times: user=0.05 sys=0.00, real=0.01 secs] 
2014-07-09T00:47:42.126+0000: 85.589: [GC [PSYoungGen: 167012K->676K(163904K)] 201133K->34877K(850880K), 0.0125110 secs] [Times: user=0.07 sys=0.00, real=0.01 secs] 
2014-07-09T00:47:42.900+0000: 86.363: [GC [PSYoungGen: 163872K->598K(196480K)] 198073K->34847K(883456K), 0.0081380 secs] [Times: user=0.04 sys=0.00, real=0.01 secs] 
2014-07-09T00:47:43.824+0000: 87.286: [GC [PSYoungGen: 196438K->694K(192320K)] 230687K->35031K(879296K), 0.0089140 secs] [Times: user=0.05 sys=0.00, real=0.00 secs] 
2014-07-09T00:47:44.758+0000: 88.220: [GC [PSYoungGen: 192310K->548K(188160K)] 226647K->34949K(875136K), 0.0054930 secs] [Times: user=0.03 sys=0.00, real=0.00 secs] 
2014-07-09T00:47:45.618+0000: 89.080: [GC [PSYoungGen: 188132K->654K(184384K)] 222533K->35127K(871360K), 0.0042170 secs] [Times: user=0.02 sys=0.00, real=0.00 secs] 
2014-07-09T00:47:46.357+0000: 89.819: [GC [PSYoungGen: 184334K->416K(180352K)] 218807K->34937K(867328K), 0.0073300 secs] [Times: user=0.03 sys=0.00, real=0.00 secs] 
2014-07-09T00:47:47.103+0000: 90.565: [GC [PSYoungGen: 180320K->794K(177088K)] 214841K->35395K(864064K), 0.0073890 secs] [Times: user=0.04 sys=0.01, real=0.01 secs] 
2014-07-09T00:47:47.817+0000: 91.279: [GC [PSYoungGen: 177025K->662K(173440K)] 211627K->35303K(860416K), 0.0051960 secs] [Times: user=0.03 sys=0.00, real=0.00 secs] 
2014-07-09T00:47:48.491+0000: 91.953: [GC [PSYoungGen: 173398K->566K(169856K)] 208039K->35255K(856832K), 0.0057400 secs] [Times: user=0.03 sys=0.01, real=0.01 secs] 
2014-07-09T00:47:49.176+0000: 92.638: [GC [PSYoungGen: 169846K->730K(166720K)] 204535K->35483K(853696K), 0.0083920 secs] [Times: user=0.04 sys=0.01, real=0.00 secs] 
2014-07-09T00:47:49.847+0000: 93.309: [GC [PSYoungGen: 166665K->1149K(200320K)] 201418K->35967K(887296K), 0.0122010 secs] [Times: user=0.05 sys=0.01, real=0.01 secs] 
2014-07-09T00:47:50.664+0000: 94.126: [GC [PSYoungGen: 200317K->438K(220672K)] 235135K->35649K(907648K), 0.0057600 secs] [Times: user=0.03 sys=0.00, real=0.01 secs] 
2014-07-09T00:47:51.565+0000: 95.027: [GC [PSYoungGen: 220647K->786K(216000K)] 255859K->36064K(902976K), 0.0062010 secs] [Times: user=0.01 sys=0.00, real=0.01 secs] 
2014-07-09T00:47:52.437+0000: 95.899: [GC [PSYoungGen: 215954K->502K(210816K)] 251232K->35943K(897792K), 0.0055700 secs] [Times: user=0.02 sys=0.00, real=0.00 secs] 
2014-07-09T00:47:53.318+0000: 96.780: [GC [PSYoungGen: 210806K->416K(206080K)] 246247K->35905K(893056K), 0.0039530 secs] [Times: user=0.01 sys=0.00, real=0.00 secs] 
2014-07-09T00:47:54.183+0000: 97.646: [GC [PSYoungGen: 206000K->808K(201920K)] 241490K->36313K(888896K), 0.0051330 secs] [Times: user=0.01 sys=0.00, real=0.01 secs] 
2014-07-09T00:47:54.974+0000: 98.436: [GC [PSYoungGen: 201866K->676K(197440K)] 237372K->36245K(884416K), 0.0065390 secs] [Times: user=0.03 sys=0.01, real=0.01 secs] 
2014-07-09T00:47:55.751+0000: 99.213: [GC [PSYoungGen: 197412K->580K(193152K)] 232981K->36189K(880128K), 0.0030790 secs] [Times: user=0.01 sys=0.00, real=0.00 secs] 
2014-07-09T00:47:56.456+0000: 99.918: [GC [PSYoungGen: 193059K->744K(189184K)] 228669K->36425K(876160K), 0.0083270 secs] [Times: user=0.04 sys=0.00, real=0.01 secs] 
2014-07-09T00:47:57.153+0000: 100.615: [GC [PSYoungGen: 189160K->836K(217920K)] 224841K->36542K(904896K), 0.0144450 secs] [Times: user=0.06 sys=0.00, real=0.02 secs] 
2014-07-09T00:47:57.963+0000: 101.426: [GC [PSYoungGen: 217756K->548K(212608K)] 253461K->36285K(899584K), 0.0044800 secs] [Times: user=0.01 sys=0.00, real=0.01 secs] 
2014-07-09T00:47:58.746+0000: 102.208: [GC [PSYoungGen: 212507K->630K(207936K)] 248245K->36481K(894912K), 0.0035750 secs] [Times: user=0.02 sys=0.00, real=0.01 secs] 
2014-07-09T00:47:59.506+0000: 102.968: [GC [PSYoungGen: 207926K->648K(203392K)] 243777K->36547K(890368K), 0.0047080 secs] [Times: user=0.02 sys=0.00, real=0.01 secs] 
2014-07-09T00:48:00.265+0000: 103.727: [GC [PSYoungGen: 203335K->584K(198912K)] 239234K->36499K(885888K), 0.0040590 secs] [Times: user=0.01 sys=0.00, real=0.01 secs] 
2014-07-09T00:48:01.022+0000: 104.484: [GC [PSYoungGen: 198856K->594K(194624K)] 234771K->36573K(881600K), 0.0061580 secs] [Times: user=0.03 sys=0.01, real=0.01 secs] 
2014-07-09T00:48:01.727+0000: 105.189: [GC [PSYoungGen: 194578K->616K(190464K)] 230557K->36627K(877440K), 0.0075670 secs] [Times: user=0.04 sys=0.00, real=0.00 secs] 
2014-07-09T00:48:02.429+0000: 105.891: [GC [PSYoungGen: 190440K->780K(186688K)] 226451K->36847K(873664K), 0.0045730 secs] [Times: user=0.02 sys=0.00, real=0.00 secs] 
2014-07-09T00:48:03.150+0000: 106.613: [GC [PSYoungGen: 186636K->630K(182656K)] 222703K->36900K(869632K), 0.0055700 secs] [Times: user=0.03 sys=0.00, real=0.00 secs] 
2014-07-09T00:48:03.807+0000: 107.269: [GC [PSYoungGen: 182646K->708K(179072K)] 218916K->37034K(866048K), 0.0080200 secs] [Times: user=0.04 sys=0.00, real=0.01 secs] 
2014-07-09T00:48:04.487+0000: 107.949: [GC [PSYoungGen: 179012K->672K(175424K)] 215338K->37046K(862400K), 0.0042670 secs] [Times: user=0.02 sys=0.00, real=0.01 secs] 
2014-07-09T00:48:05.175+0000: 108.638: [GC [PSYoungGen: 175392K->616K(210304K)] 211766K->37022K(897280K), 0.0146200 secs] [Times: user=0.06 sys=0.01, real=0.02 secs] 
2014-07-09T00:48:05.987+0000: 109.449: [GC [PSYoungGen: 210280K->598K(205632K)] 246686K->37068K(892608K), 0.0044030 secs] [Times: user=0.02 sys=0.01, real=0.01 secs] 
2014-07-09T00:48:06.780+0000: 110.242: [GC [PSYoungGen: 205590K->648K(201216K)] 242060K->37198K(888192K), 0.0044540 secs] [Times: user=0.03 sys=0.00, real=0.00 secs] 
2014-07-09T00:48:07.507+0000: 110.969: [GC [PSYoungGen: 201122K->626K(196800K)] 237672K->37532K(883776K), 0.0037040 secs] [Times: user=0.02 sys=0.00, real=0.01 secs] 
2014-07-09T00:48:08.288+0000: 111.750: [GC [PSYoungGen: 196703K->848K(192832K)] 233609K->37802K(879808K), 0.0036960 secs] [Times: user=0.02 sys=0.00, real=0.01 secs] 
2014-07-09T00:48:08.987+0000: 112.449: [GC [PSYoungGen: 192784K->552K(188416K)] 229738K->37670K(875392K), 0.0064140 secs] [Times: user=0.03 sys=0.00, real=0.01 secs] 
2014-07-09T00:48:09.674+0000: 113.136: [GC [PSYoungGen: 188392K->580K(184576K)] 225510K->37738K(871552K), 0.0071120 secs] [Times: user=0.03 sys=0.00, real=0.01 secs] 
2014-07-09T00:48:10.389+0000: 113.851: [GC [PSYoungGen: 184516K->648K(180864K)] 221674K->37862K(867840K), 0.0035590 secs] [Times: user=0.02 sys=0.00, real=0.00 secs] 
2014-07-09T00:48:11.070+0000: 114.532: [GC [PSYoungGen: 180808K->598K(177152K)] 218022K->37868K(864128K), 0.0036960 secs] [Times: user=0.02 sys=0.00, real=0.00 secs] 
2014-07-09T00:48:11.665+0000: 115.127: [GC [PSYoungGen: 177110K->648K(173632K)] 214380K->37950K(860608K), 0.0088970 secs] [Times: user=0.04 sys=0.00, real=0.01 secs] 
2014-07-09T00:48:12.299+0000: 115.762: [GC [PSYoungGen: 173576K->726K(170240K)] 210878K->38108K(857216K), 0.0026450 secs] [Times: user=0.02 sys=0.00, real=0.00 secs] 
2014-07-09T00:48:12.934+0000: 116.396: [GC [PSYoungGen: 170198K->484K(166656K)] 207580K->38092K(853632K), 0.0040440 secs] [Times: user=0.02 sys=0.00, real=0.00 secs] 
2014-07-09T00:48:13.503+0000: 116.965: [GC [PSYoungGen: 166627K->840K(163840K)] 204235K->38528K(850816K), 0.0034470 secs] [Times: user=0.01 sys=0.00, real=0.00 secs] 
2014-07-09T00:48:14.121+0000: 117.583: [GC [PSYoungGen: 163748K->552K(160384K)] 201437K->38686K(847360K), 0.0026230 secs] [Times: user=0.02 sys=0.00, real=0.00 secs] 
2014-07-09T00:48:14.677+0000: 118.140: [GC [PSYoungGen: 160316K->980K(157824K)] 198451K->39162K(844800K), 0.0043630 secs] [Times: user=0.03 sys=0.00, real=0.01 secs] 
2014-07-09T00:48:15.245+0000: 118.708: [GC [PSYoungGen: 157780K->548K(154432K)] 195962K->38960K(841408K), 0.0047610 secs] [Times: user=0.02 sys=0.01, real=0.01 secs] 
2014-07-09T00:48:15.847+0000: 119.309: [GC [PSYoungGen: 154404K->969K(152064K)] 192816K->39406K(839040K), 0.0066450 secs] [Times: user=0.03 sys=0.00, real=0.01 secs] 
2014-07-09T00:48:16.340+0000: 119.803: [GC [PSYoungGen: 151976K->754K(149056K)] 190412K->39295K(836032K), 0.0043270 secs] [Times: user=0.02 sys=0.00, real=0.00 secs] 
2014-07-09T00:48:16.871+0000: 120.333: [GC [PSYoungGen: 149042K->744K(146368K)] 187583K->39396K(833344K), 0.0040870 secs] [Times: user=0.02 sys=0.00, real=0.00 secs] 
2014-07-09T00:48:17.340+0000: 120.802: [GC [PSYoungGen: 146327K->534K(143552K)] 184980K->39260K(830528K), 0.0049660 secs] [Times: user=0.01 sys=0.00, real=0.00 secs] 
2014-07-09T00:48:17.864+0000: 121.326: [GC [PSYoungGen: 143510K->708K(141248K)] 182236K->39554K(828224K), 0.0040170 secs] [Times: user=0.02 sys=0.00, real=0.00 secs] 
2014-07-09T00:48:18.352+0000: 121.814: [GC [PSYoungGen: 141188K->1000K(139072K)] 180034K->39969K(826048K), 0.0052820 secs] [Times: user=0.03 sys=0.00, real=0.00 secs] 
2014-07-09T00:48:18.825+0000: 122.287: [GC [PSYoungGen: 139048K->1082K(136768K)] 178017K->40139K(823744K), 0.0042670 secs] [Times: user=0.03 sys=0.00, real=0.00 secs] 
2014-07-09T00:48:19.257+0000: 122.720: [GC [PSYoungGen: 136761K->228K(133632K)] 175817K->39808K(820608K), 0.0035160 secs] [Times: user=0.01 sys=0.00, real=0.01 secs] 
2014-07-09T00:48:19.780+0000: 123.242: [GC [PSYoungGen: 133604K->1176K(132352K)] 173184K->40829K(819328K), 0.0051690 secs] [Times: user=0.03 sys=0.00, real=0.01 secs] 
2014-07-09T00:48:20.179+0000: 123.642: [GC [PSYoungGen: 132287K->884K(129856K)] 171940K->40841K(816832K), 0.0042640 secs] [Times: user=0.02 sys=0.00, real=0.01 secs] 
2014-07-09T00:48:20.492+0000: 123.955: [GC [PSYoungGen: 129827K->944K(127808K)] 169784K->40957K(814784K), 0.0028050 secs] [Times: user=0.01 sys=0.00, real=0.00 secs] 
2014-07-09T00:48:20.859+0000: 124.321: [GC [PSYoungGen: 127792K->748K(125568K)] 167805K->40897K(812544K), 0.0035180 secs] [Times: user=0.01 sys=0.00, real=0.01 secs] 
2014-07-09T00:48:21.183+0000: 124.645: [GC [PSYoungGen: 125548K->958K(123776K)] 165697K->41195K(810752K), 0.0034820 secs] [Times: user=0.02 sys=0.00, real=0.00 secs] 
2014-07-09T00:48:21.497+0000: 124.959: [GC [PSYoungGen: 123762K->880K(121792K)] 163999K->41305K(808768K), 0.0037840 secs] [Times: user=0.02 sys=0.00, real=0.01 secs] 
2014-07-09T00:48:21.839+0000: 125.301: [GC [PSYoungGen: 121753K->1254K(120256K)] 162178K->42033K(807232K), 0.0036590 secs] [Times: user=0.01 sys=0.00, real=0.01 secs] 
2014-07-09T00:48:22.146+0000: 125.608: [GC [PSYoungGen: 120230K->433K(117568K)] 161009K->41767K(804544K), 0.0030190 secs] [Times: user=0.01 sys=0.00, real=0.00 secs] 
2014-07-09T00:48:22.455+0000: 125.917: [GC [PSYoungGen: 117519K->1140K(141696K)] 158854K->42564K(828672K), 0.0040710 secs] [Times: user=0.02 sys=0.00, real=0.00 secs] 
2014-07-09T00:48:22.908+0000: 126.370: [GC [PSYoungGen: 141684K->1110K(169856K)] 183108K->42749K(856832K), 0.0043110 secs] [Times: user=0.03 sys=0.00, real=0.01 secs] 
2014-07-09T00:48:23.376+0000: 126.838: [GC [PSYoungGen: 169814K->894K(166272K)] 211453K->42596K(853248K), 0.0028110 secs] [Times: user=0.01 sys=0.00, real=0.00 secs] 
2014-07-09T00:48:23.792+0000: 127.254: [GC [PSYoungGen: 166254K->1086K(163264K)] 207957K->42844K(850240K), 0.0030390 secs] [Times: user=0.01 sys=0.00, real=0.00 secs] 
2014-07-09T00:48:24.161+0000: 127.624: [GC [PSYoungGen: 163215K->1293K(160448K)] 204973K->43139K(847424K), 0.0032400 secs] [Times: user=0.02 sys=0.00, real=0.00 secs] 
2014-07-09T00:48:24.556+0000: 128.018: [GC [PSYoungGen: 160361K->559K(156672K)] 202208K->42799K(843648K), 0.0054140 secs] [Times: user=0.01 sys=0.00, real=0.01 secs] 
2014-07-09T00:48:24.910+0000: 128.372: [GC [PSYoungGen: 156655K->1529K(188864K)] 198895K->44151K(875840K), 0.0057440 secs] [Times: user=0.03 sys=0.00, real=0.01 secs] 
2014-07-09T00:48:25.332+0000: 128.794: [GC [PSYoungGen: 188857K->1002K(199616K)] 231479K->44295K(886592K), 0.0048000 secs] [Times: user=0.03 sys=0.01, real=0.00 secs] 
2014-07-09T00:48:25.828+0000: 129.290: [GC [PSYoungGen: 199594K->1375K(200512K)] 242887K->44890K(887488K), 0.0066730 secs] [Times: user=0.03 sys=0.00, real=0.01 secs] 
2014-07-09T00:48:26.269+0000: 129.731: [GC [PSYoungGen: 199967K->1012K(240256K)] 243482K->44673K(927232K), 0.0041300 secs] [Times: user=0.02 sys=0.01, real=0.01 secs] 
2014-07-09T00:48:26.799+0000: 130.261: [GC [PSYoungGen: 239348K->826K(240256K)] 283009K->44558K(927232K), 0.0044000 secs] [Times: user=0.02 sys=0.00, real=0.01 secs] 
2014-07-09T00:48:27.326+0000: 130.788: [GC [PSYoungGen: 239131K->1168K(233856K)] 282863K->44965K(920832K), 0.0030550 secs] [Times: user=0.01 sys=0.00, real=0.00 secs] 
2014-07-09T00:48:27.833+0000: 131.295: [GC [PSYoungGen: 233807K->1848K(228992K)] 277603K->45693K(915968K), 0.0040940 secs] [Times: user=0.01 sys=0.00, real=0.00 secs] 
2014-07-09T00:48:28.286+0000: 131.748: [GC [PSYoungGen: 228984K->702K(222528K)] 272829K->45025K(909504K), 0.0053620 secs] [Times: user=0.03 sys=0.00, real=0.01 secs] 
2014-07-09T00:48:28.767+0000: 132.229: [GC [PSYoungGen: 222523K->1526K(218240K)] 266846K->45906K(905216K), 0.0034450 secs] [Times: user=0.01 sys=0.00, real=0.00 secs] 
2014-07-09T00:48:29.202+0000: 132.664: [GC [PSYoungGen: 218230K->1761K(213568K)] 262610K->46324K(900544K), 0.0037240 secs] [Times: user=0.02 sys=0.00, real=0.00 secs] 
2014-07-09T00:48:29.704+0000: 133.166: [GC [PSYoungGen: 213537K->1150K(208192K)] 258100K->45816K(895168K), 0.0032590 secs] [Times: user=0.02 sys=0.00, real=0.00 secs] 
2014-07-09T00:48:30.195+0000: 133.657: [GC [PSYoungGen: 208190K->1338K(203776K)] 252856K->46165K(890752K), 0.0052160 secs] [Times: user=0.03 sys=0.00, real=0.00 secs] 
2014-07-09T00:48:30.519+0000: 133.981: [GC [PSYoungGen: 203753K->1372K(199424K)] 248579K->46281K(886400K), 0.0048750 secs] [Times: user=0.01 sys=0.00, real=0.01 secs] 
2014-07-09T00:48:30.935+0000: 134.397: [GC [PSYoungGen: 199319K->1392K(239040K)] 244228K->46597K(926016K), 0.0043630 secs] [Times: user=0.03 sys=0.00, real=0.00 secs] 
2014-07-09T00:48:31.357+0000: 134.819: [GC [PSYoungGen: 239024K->1232K(233216K)] 284229K->46509K(920192K), 0.0032160 secs] [Times: user=0.01 sys=0.00, real=0.00 secs] 
2014-07-09T00:48:31.839+0000: 135.301: [GC [PSYoungGen: 233168K->1589K(279936K)] 278445K->46898K(966912K), 0.0065650 secs] [Times: user=0.01 sys=0.00, real=0.01 secs] 
2014-07-09T00:48:32.390+0000: 135.852: [GC [PSYoungGen: 279925K->1292K(272512K)] 325234K->46681K(959488K), 0.0029480 secs] [Times: user=0.01 sys=0.00, real=0.01 secs] 
2014-07-09T00:48:32.957+0000: 136.419: [GC [PSYoungGen: 272460K->1326K(265600K)] 317849K->47167K(952576K), 0.0072890 secs] [Times: user=0.03 sys=0.00, real=0.01 secs] 
2014-07-09T00:48:33.441+0000: 136.903: [GC [PSYoungGen: 265554K->1622K(259264K)] 311394K->47559K(946240K), 0.0041870 secs] [Times: user=0.02 sys=0.00, real=0.01 secs] 
2014-07-09T00:48:34.039+0000: 137.501: [GC [PSYoungGen: 259222K->1214K(252416K)] 305159K->47249K(939392K), 0.0057870 secs] [Times: user=0.04 sys=0.00, real=0.01 secs] 
2014-07-09T00:48:34.470+0000: 137.932: [GC [PSYoungGen: 252414K->1252K(246336K)] 298449K->47335K(933312K), 0.0033390 secs] [Times: user=0.02 sys=0.00, real=0.01 secs] 
2014-07-09T00:48:35.104+0000: 138.566: [GC [PSYoungGen: 246308K->1430K(276992K)] 292391K->47553K(963968K), 0.0105110 secs] [Times: user=0.07 sys=0.00, real=0.01 secs] 
2014-07-09T00:48:35.668+0000: 139.130: [GC [PSYoungGen: 276630K->972K(277184K)] 322753K->47150K(964160K), 0.0058100 secs] [Times: user=0.03 sys=0.00, real=0.01 secs] 
2014-07-09T00:48:36.340+0000: 139.803: [GC [PSYoungGen: 276122K->1104K(269248K)] 322301K->47339K(956224K), 0.0051680 secs] [Times: user=0.04 sys=0.00, real=0.01 secs] 
2014-07-09T00:48:37.108+0000: 140.571: [GC [PSYoungGen: 269200K->640K(261952K)] 315435K->46970K(948928K), 0.0064110 secs] [Times: user=0.03 sys=0.00, real=0.01 secs] 
2014-07-09T00:48:37.811+0000: 141.274: [GC [PSYoungGen: 261952K->1132K(255936K)] 308282K->47518K(942912K), 0.0038710 secs] [Times: user=0.01 sys=0.00, real=0.01 secs] 
2014-07-09T00:48:38.461+0000: 141.923: [GC [PSYoungGen: 255916K->562K(249088K)] 302302K->47004K(936064K), 0.0043930 secs] [Times: user=0.02 sys=0.00, real=0.01 secs] 
2014-07-09T00:48:39.120+0000: 142.582: [GC [PSYoungGen: 249038K->982K(243456K)] 295480K->47497K(930432K), 0.0065330 secs] [Times: user=0.03 sys=0.00, real=0.01 secs] 
2014-07-09T00:48:39.791+0000: 143.253: [GC [PSYoungGen: 243400K->1142K(237760K)] 289915K->47673K(924736K), 0.0066020 secs] [Times: user=0.01 sys=0.01, real=0.01 secs] 
2014-07-09T00:48:40.420+0000: 143.882: [GC [PSYoungGen: 237750K->804K(231808K)] 284281K->47422K(918784K), 0.0031610 secs] [Times: user=0.01 sys=0.00, real=0.00 secs] 
2014-07-09T00:48:41.058+0000: 144.520: [GC [PSYoungGen: 231780K->790K(226368K)] 278398K->47520K(913344K), 0.0026470 secs] [Times: user=0.02 sys=0.00, real=0.00 secs] 
2014-07-09T00:48:41.626+0000: 145.088: [GC [PSYoungGen: 226326K->676K(220992K)] 273056K->47454K(907968K), 0.0045770 secs] [Times: user=0.01 sys=0.00, real=0.00 secs] 
2014-07-09T00:48:42.205+0000: 145.667: [GC [PSYoungGen: 220964K->544K(215808K)] 267742K->47354K(902784K), 0.0082990 secs] [Times: user=0.02 sys=0.00, real=0.01 secs] 
2014-07-09T00:48:42.771+0000: 146.234: [GC [PSYoungGen: 215775K->894K(211264K)] 262586K->47777K(898240K), 0.0027520 secs] [Times: user=0.01 sys=0.01, real=0.01 secs] 
2014-07-09T00:48:43.317+0000: 146.779: [GC [PSYoungGen: 211262K->576K(206272K)] 258145K->47530K(893248K), 0.0041650 secs] [Times: user=0.02 sys=0.00, real=0.00 secs] 
2014-07-09T00:48:43.862+0000: 147.325: [GC [PSYoungGen: 206272K->990K(202176K)] 253226K->48017K(889152K), 0.0028940 secs] [Times: user=0.01 sys=0.00, real=0.01 secs] 
2014-07-09T00:48:44.377+0000: 147.839: [GC [PSYoungGen: 202142K->698K(197504K)] 249169K->47772K(884480K), 0.0057540 secs] [Times: user=0.03 sys=0.00, real=0.00 secs] 
2014-07-09T00:48:44.946+0000: 148.408: [GC [PSYoungGen: 197498K->754K(193344K)] 244572K->47900K(880320K), 0.0041640 secs] [Times: user=0.03 sys=0.00, real=0.00 secs] 
2014-07-09T00:48:45.455+0000: 148.917: [GC [PSYoungGen: 193330K->726K(189248K)] 240476K->47944K(876224K), 0.0041770 secs] [Times: user=0.02 sys=0.01, real=0.00 secs] 
2014-07-09T00:48:45.989+0000: 149.451: [GC [PSYoungGen: 189167K->928K(185472K)] 236386K->48203K(872448K), 0.0044780 secs] [Times: user=0.03 sys=0.00, real=0.00 secs] 
2014-07-09T00:48:46.443+0000: 149.905: [GC [PSYoungGen: 185440K->576K(181248K)] 232715K->47922K(868224K), 0.0053440 secs] [Times: user=0.03 sys=0.00, real=0.01 secs] 
2014-07-09T00:48:46.949+0000: 150.412: [GC [PSYoungGen: 181248K->672K(177664K)] 228594K->48098K(864640K), 0.0068480 secs] [Times: user=0.03 sys=0.01, real=0.01 secs] 
2014-07-09T00:48:47.395+0000: 150.858: [GC [PSYoungGen: 177632K->918K(174336K)] 225058K->48417K(861312K), 0.0042990 secs] [Times: user=0.02 sys=0.00, real=0.00 secs] 
2014-07-09T00:48:47.874+0000: 151.336: [GC [PSYoungGen: 174288K->580K(208704K)] 221786K->48110K(895680K), 0.0078270 secs] [Times: user=0.04 sys=0.00, real=0.01 secs] 
2014-07-09T00:48:48.400+0000: 151.863: [GC [PSYoungGen: 208644K->566K(250304K)] 256174K->48128K(937280K), 0.0049790 secs] [Times: user=0.03 sys=0.00, real=0.01 secs] 
2014-07-09T00:48:49.080+0000: 152.542: [GC [PSYoungGen: 250262K->914K(244544K)] 297825K->48525K(931520K), 0.0033330 secs] [Times: user=0.01 sys=0.00, real=0.00 secs] 
2014-07-09T00:48:49.694+0000: 153.157: [GC [PSYoungGen: 244498K->762K(238464K)] 292109K->48436K(925440K), 0.0033770 secs] [Times: user=0.01 sys=0.00, real=0.00 secs] 
2014-07-09T00:48:50.367+0000: 153.829: [GC [PSYoungGen: 238458K->676K(232704K)] 286132K->48414K(919680K), 0.0032370 secs] [Times: user=0.02 sys=0.00, real=0.00 secs] 
2014-07-09T00:48:51.000+0000: 154.462: [GC [PSYoungGen: 232676K->868K(227456K)] 280414K->48678K(914432K), 0.0040940 secs] [Times: user=0.01 sys=0.00, real=0.00 secs] 
2014-07-09T00:48:51.569+0000: 155.032: [GC [PSYoungGen: 227428K->612K(221952K)] 275238K->48470K(908928K), 0.0053580 secs] [Times: user=0.02 sys=0.00, real=0.00 secs] 
2014-07-09T00:48:52.172+0000: 155.634: [GC [PSYoungGen: 221921K->808K(217088K)] 269779K->48746K(904064K), 0.0042770 secs] [Times: user=0.03 sys=0.00, real=0.01 secs] 
2014-07-09T00:48:52.725+0000: 156.188: [GC [PSYoungGen: 217019K->885K(212224K)] 264958K->48880K(899200K), 0.0032690 secs] [Times: user=0.01 sys=0.00, real=0.00 secs] 
2014-07-09T00:48:53.325+0000: 156.787: [GC [PSYoungGen: 212213K->1028K(207680K)] 260208K->49103K(894656K), 0.0029140 secs] [Times: user=0.02 sys=0.00, real=0.00 secs] 
2014-07-09T00:48:53.888+0000: 157.350: [GC [PSYoungGen: 207618K->626K(202688K)] 255693K->48796K(889664K), 0.0047840 secs] [Times: user=0.03 sys=0.00, real=0.00 secs] 
2014-07-09T00:48:54.433+0000: 157.895: [GC [PSYoungGen: 202642K->822K(198464K)] 250813K->49049K(885440K), 0.0047840 secs] [Times: user=0.03 sys=0.00, real=0.01 secs] 
2014-07-09T00:48:55.011+0000: 158.473: [GC [PSYoungGen: 198454K->840K(194240K)] 246681K->49188K(881216K), 0.0024250 secs] [Times: user=0.01 sys=0.01, real=0.00 secs] 
2014-07-09T00:48:55.506+0000: 158.968: [GC [PSYoungGen: 194184K->776K(190080K)] 242532K->49212K(877056K), 0.0040820 secs] [Times: user=0.02 sys=0.01, real=0.00 secs] 
2014-07-09T00:48:56.038+0000: 159.501: [GC [PSYoungGen: 190024K->764K(186048K)] 238460K->49241K(873024K), 0.0043890 secs] [Times: user=0.01 sys=0.01, real=0.00 secs] 
2014-07-09T00:48:56.492+0000: 159.955: [GC [PSYoungGen: 186044K->940K(182400K)] 234521K->49505K(869376K), 0.0032500 secs] [Times: user=0.02 sys=0.00, real=0.01 secs] 
2014-07-09T00:48:57.014+0000: 160.476: [GC [PSYoungGen: 182380K->562K(178304K)] 230945K->49182K(865280K), 0.0039950 secs] [Times: user=0.01 sys=0.01, real=0.01 secs] 
2014-07-09T00:48:57.460+0000: 160.922: [GC [PSYoungGen: 178290K->480K(174656K)] 226910K->49148K(861632K), 0.0046920 secs] [Times: user=0.03 sys=0.00, real=0.00 secs] 
2014-07-09T00:48:57.966+0000: 161.429: [GC [PSYoungGen: 174624K->708K(171456K)] 223292K->49456K(858432K), 0.0031180 secs] [Times: user=0.02 sys=0.00, real=0.00 secs] 
2014-07-09T00:48:58.387+0000: 161.849: [GC [PSYoungGen: 171396K->704K(168000K)] 220144K->49548K(854976K), 0.0026310 secs] [Times: user=0.02 sys=0.00, real=0.00 secs] 
2014-07-09T00:48:58.845+0000: 162.307: [GC [PSYoungGen: 168000K->808K(164864K)] 216844K->49700K(851840K), 0.0078900 secs] [Times: user=0.04 sys=0.00, real=0.01 secs] 
2014-07-09T00:48:59.275+0000: 162.737: [GC [PSYoungGen: 164840K->672K(161600K)] 213732K->49644K(848576K), 0.0037300 secs] [Times: user=0.01 sys=0.00, real=0.01 secs] 
2014-07-09T00:48:59.698+0000: 163.161: [GC [PSYoungGen: 161568K->830K(158656K)] 210540K->49941K(845632K), 0.0024910 secs] [Times: user=0.01 sys=0.01, real=0.00 secs] 
2014-07-09T00:49:00.119+0000: 163.582: [GC [PSYoungGen: 158620K->814K(155712K)] 207730K->49997K(842688K), 0.0045290 secs] [Times: user=0.03 sys=0.01, real=0.00 secs] 
2014-07-09T00:49:00.489+0000: 163.951: [GC [PSYoungGen: 155694K->694K(186560K)] 204877K->50105K(873536K), 0.0053160 secs] [Times: user=0.02 sys=0.00, real=0.00 secs] 
2014-07-09T00:49:01.061+0000: 164.524: [GC [PSYoungGen: 186550K->890K(182912K)] 235961K->50405K(869888K), 0.0035150 secs] [Times: user=0.02 sys=0.00, real=0.00 secs] 
2014-07-09T00:49:01.508+0000: 164.971: [GC [PSYoungGen: 182884K->748K(179072K)] 232399K->50311K(866048K), 0.0050770 secs] [Times: user=0.02 sys=0.01, real=0.00 secs] 
2014-07-09T00:49:02.031+0000: 165.493: [GC [PSYoungGen: 179052K->776K(175552K)] 228615K->50435K(862528K), 0.0040310 secs] [Times: user=0.02 sys=0.00, real=0.00 secs] 
2014-07-09T00:49:02.450+0000: 165.913: [GC [PSYoungGen: 175496K->761K(171968K)] 225155K->50593K(858944K), 0.0028930 secs] [Times: user=0.00 sys=0.00, real=0.00 secs] 
2014-07-09T00:49:02.950+0000: 166.413: [GC [PSYoungGen: 171961K->996K(168832K)] 221793K->50908K(855808K), 0.0027850 secs] [Times: user=0.02 sys=0.00, real=0.00 secs] 
2014-07-09T00:49:03.371+0000: 166.834: [GC [PSYoungGen: 168804K->480K(165056K)] 218716K->50490K(852032K), 0.0044860 secs] [Times: user=0.02 sys=0.00, real=0.01 secs] 
2014-07-09T00:49:03.836+0000: 167.298: [GC [PSYoungGen: 165023K->957K(162304K)] 215034K->51031K(849280K), 0.0041610 secs] [Times: user=0.02 sys=0.00, real=0.01 secs] 
2014-07-09T00:49:04.256+0000: 167.719: [GC [PSYoungGen: 162301K->672K(158976K)] 212375K->50826K(845952K), 0.0031810 secs] [Times: user=0.01 sys=0.00, real=0.01 secs] 
2014-07-09T00:49:04.678+0000: 168.140: [GC [PSYoungGen: 158944K->926K(190912K)] 209098K->51136K(877888K), 0.0072460 secs] [Times: user=0.04 sys=0.00, real=0.00 secs] 
2014-07-09T00:49:05.259+0000: 168.722: [GC [PSYoungGen: 190878K->812K(186816K)] 241088K->51221K(873792K), 0.0036580 secs] [Times: user=0.02 sys=0.00, real=0.00 secs] 
2014-07-09T00:49:05.743+0000: 169.205: [GC [PSYoungGen: 186773K->740K(182912K)] 237182K->51245K(869888K), 0.0031080 secs] [Times: user=0.01 sys=0.00, real=0.00 secs] 
2014-07-09T00:49:06.234+0000: 169.696: [GC [PSYoungGen: 182884K->999K(219648K)] 233389K->51626K(906624K), 0.0077700 secs] [Times: user=0.04 sys=0.01, real=0.01 secs] 
2014-07-09T00:49:06.820+0000: 170.283: [GC [PSYoungGen: 219623K->900K(263360K)] 270250K->51567K(950336K), 0.0093040 secs] [Times: user=0.04 sys=0.00, real=0.01 secs] 
2014-07-09T00:49:07.597+0000: 171.059: [GC [PSYoungGen: 263300K->640K(298304K)] 313967K->51421K(985280K), 0.0067420 secs] [Times: user=0.02 sys=0.01, real=0.01 secs] 
2014-07-09T00:49:08.393+0000: 171.855: [GC [PSYoungGen: 298282K->690K(290432K)] 349064K->51543K(977408K), 0.0033450 secs] [Times: user=0.01 sys=0.00, real=0.00 secs] 
2014-07-09T00:49:09.173+0000: 172.635: [GC [PSYoungGen: 290375K->637K(282752K)] 341229K->51726K(969728K), 0.0037080 secs] [Times: user=0.02 sys=0.00, real=0.00 secs] 
2014-07-09T00:49:09.946+0000: 173.409: [GC [PSYoungGen: 282749K->612K(275392K)] 333838K->51773K(962368K), 0.0038400 secs] [Times: user=0.02 sys=0.00, real=0.01 secs] 
2014-07-09T00:49:10.716+0000: 174.178: [GC [PSYoungGen: 275364K->830K(268544K)] 326525K->52139K(955520K), 0.0061270 secs] [Times: user=0.03 sys=0.00, real=0.01 secs] 
2014-07-09T00:49:11.416+0000: 174.879: [GC [PSYoungGen: 268502K->982K(261952K)] 319811K->52395K(948928K), 0.0061690 secs] [Times: user=0.03 sys=0.01, real=0.01 secs] 
2014-07-09T00:49:12.146+0000: 175.608: [GC [PSYoungGen: 261910K->562K(254976K)] 313323K->52039K(941952K), 0.0061900 secs] [Times: user=0.04 sys=0.00, real=0.01 secs] 
2014-07-09T00:49:12.856+0000: 176.318: [GC [PSYoungGen: 254962K->708K(248896K)] 306439K->52265K(935872K), 0.0030030 secs] [Times: user=0.01 sys=0.00, real=0.01 secs] 
2014-07-09T00:49:13.530+0000: 176.992: [GC [PSYoungGen: 248833K->894K(242944K)] 300390K->52539K(929920K), 0.0032250 secs] [Times: user=0.02 sys=0.00, real=0.00 secs] 
2014-07-09T00:49:14.306+0000: 177.768: [GC [PSYoungGen: 242942K->970K(237248K)] 294587K->52664K(924224K), 0.0030480 secs] [Times: user=0.02 sys=0.00, real=0.01 secs] 
2014-07-09T00:49:15.044+0000: 178.506: [GC [PSYoungGen: 237177K->570K(231168K)] 288871K->52557K(918144K), 0.0032780 secs] [Times: user=0.02 sys=0.00, real=0.00 secs] 
2014-07-09T00:49:15.767+0000: 179.229: [GC [PSYoungGen: 231162K->608K(225792K)] 283149K->52659K(912768K), 0.0082930 secs] [Times: user=0.05 sys=0.00, real=0.01 secs] 
2014-07-09T00:49:16.441+0000: 179.903: [GC [PSYoungGen: 225760K->594K(220544K)] 277811K->52725K(907520K), 0.0061230 secs] [Times: user=0.03 sys=0.00, real=0.00 secs] 
2014-07-09T00:49:17.131+0000: 180.593: [GC [PSYoungGen: 220498K->608K(215488K)] 272629K->52835K(902464K), 0.0049740 secs] [Times: user=0.02 sys=0.00, real=0.00 secs] 
2014-07-09T00:49:17.819+0000: 181.282: [GC [PSYoungGen: 215456K->822K(210816K)] 267683K->53153K(897792K), 0.0024970 secs] [Times: user=0.01 sys=0.00, real=0.00 secs] 
2014-07-09T00:49:18.467+0000: 181.929: [GC [PSYoungGen: 210806K->744K(206080K)] 263137K->53171K(893056K), 0.0042210 secs] [Times: user=0.02 sys=0.00, real=0.01 secs] 
2014-07-09T00:49:19.150+0000: 182.612: [GC [PSYoungGen: 206056K->608K(201408K)] 258483K->53115K(888384K), 0.0055260 secs] [Times: user=0.03 sys=0.00, real=0.00 secs] 
2014-07-09T00:49:19.817+0000: 183.279: [GC [PSYoungGen: 201376K->466K(196928K)] 253883K->52989K(883904K), 0.0043830 secs] [Times: user=0.01 sys=0.00, real=0.01 secs] 
2014-07-09T00:49:20.495+0000: 183.957: [GC [PSYoungGen: 196882K->812K(193024K)] 249405K->53399K(880000K), 0.0027790 secs] [Times: user=0.02 sys=0.00, real=0.00 secs] 
2014-07-09T00:49:21.169+0000: 184.632: [GC [PSYoungGen: 193004K->512K(188608K)] 245591K->53163K(875584K), 0.0041080 secs] [Times: user=0.01 sys=0.00, real=0.00 secs] 
2014-07-09T00:49:21.814+0000: 185.276: [GC [PSYoungGen: 188608K->630K(184832K)] 241259K->53313K(871808K), 0.0054920 secs] [Times: user=0.03 sys=0.00, real=0.01 secs] 
2014-07-09T00:49:22.462+0000: 185.925: [GC [PSYoungGen: 184822K->512K(180928K)] 237505K->53235K(867904K), 0.0038420 secs] [Times: user=0.01 sys=0.00, real=0.00 secs] 
2014-07-09T00:49:23.081+0000: 186.543: [GC [PSYoungGen: 180895K->980K(177728K)] 233619K->53783K(864704K), 0.0036910 secs] [Times: user=0.01 sys=0.01, real=0.00 secs] 
2014-07-09T00:49:23.702+0000: 187.165: [GC [PSYoungGen: 177680K->530K(173696K)] 230484K->53389K(860672K), 0.0061170 secs] [Times: user=0.03 sys=0.00, real=0.00 secs] 
2014-07-09T00:49:24.291+0000: 187.753: [GC [PSYoungGen: 173650K->626K(170304K)] 226509K->53549K(857280K), 0.0037470 secs] [Times: user=0.01 sys=0.00, real=0.00 secs] 
2014-07-09T00:49:24.890+0000: 188.352: [GC [PSYoungGen: 170290K->708K(167104K)] 223213K->53727K(854080K), 0.0029280 secs] [Times: user=0.01 sys=0.01, real=0.01 secs] 
2014-07-09T00:49:25.454+0000: 188.916: [GC [PSYoungGen: 167044K->830K(163968K)] 220063K->53905K(850944K), 0.0072600 secs] [Times: user=0.04 sys=0.00, real=0.01 secs] 
2014-07-09T00:49:26.023+0000: 189.485: [GC [PSYoungGen: 163966K->552K(160576K)] 217041K->53643K(847552K), 0.0044480 secs] [Times: user=0.01 sys=0.00, real=0.00 secs] 
2014-07-09T00:49:26.585+0000: 190.047: [GC [PSYoungGen: 160552K->808K(157824K)] 213643K->54053K(844800K), 0.0028100 secs] [Times: user=0.01 sys=0.00, real=0.00 secs] 
2014-07-09T00:49:27.124+0000: 190.586: [GC [PSYoungGen: 157800K->780K(154880K)] 211045K->54089K(841856K), 0.0029480 secs] [Times: user=0.01 sys=0.00, real=0.00 secs] 
2014-07-09T00:49:27.648+0000: 191.110: [GC [PSYoungGen: 154828K->576K(151744K)] 208137K->53989K(838720K), 0.0032250 secs] [Times: user=0.02 sys=0.00, real=0.01 secs] 
2014-07-09T00:49:28.174+0000: 191.637: [GC [PSYoungGen: 151732K->894K(149312K)] 205146K->54355K(836288K), 0.0034590 secs] [Times: user=0.02 sys=0.00, real=0.00 secs] 
2014-07-09T00:49:28.694+0000: 192.156: [GC [PSYoungGen: 149301K->892K(146624K)] 202762K->54564K(833600K), 0.0033270 secs] [Times: user=0.02 sys=0.00, real=0.00 secs] 
2014-07-09T00:49:29.195+0000: 192.657: [GC [PSYoungGen: 146620K->866K(144000K)] 200292K->54593K(830976K), 0.0061470 secs] [Times: user=0.03 sys=0.00, real=0.01 secs] 
2014-07-09T00:49:29.694+0000: 193.156: [GC [PSYoungGen: 143946K->712K(141376K)] 197674K->54561K(828352K), 0.0039270 secs] [Times: user=0.03 sys=0.00, real=0.00 secs] 
2014-07-09T00:49:30.175+0000: 193.637: [GC [PSYoungGen: 141320K->886K(139072K)] 195169K->54792K(826048K), 0.0065050 secs] [Times: user=0.04 sys=0.00, real=0.01 secs] 
2014-07-09T00:49:30.662+0000: 194.124: [GC [PSYoungGen: 139062K->816K(136640K)] 192968K->54835K(823616K), 0.0037160 secs] [Times: user=0.02 sys=0.00, real=0.00 secs] 
2014-07-09T00:49:31.133+0000: 194.595: [GC [PSYoungGen: 136601K->580K(134144K)] 190620K->54687K(821120K), 0.0028560 secs] [Times: user=0.01 sys=0.00, real=0.00 secs] 
2014-07-09T00:49:31.605+0000: 195.067: [GC [PSYoungGen: 134065K->858K(132160K)] 188172K->55037K(819136K), 0.0044860 secs] [Times: user=0.03 sys=0.00, real=0.00 secs] 
2014-07-09T00:49:32.059+0000: 195.522: [GC [PSYoungGen: 132122K->672K(129792K)] 186301K->54883K(816768K), 0.0065630 secs] [Times: user=0.04 sys=0.00, real=0.01 secs] 
2014-07-09T00:49:32.506+0000: 195.968: [GC [PSYoungGen: 129756K->698K(127680K)] 183967K->54973K(814656K), 0.0031250 secs] [Times: user=0.01 sys=0.00, real=0.00 secs] 
2014-07-09T00:49:32.950+0000: 196.412: [GC [PSYoungGen: 127674K->822K(125760K)] 181949K->55169K(812736K), 0.0030080 secs] [Times: user=0.01 sys=0.00, real=0.01 secs] 
2014-07-09T00:49:33.385+0000: 196.847: [GC [PSYoungGen: 125750K->644K(123648K)] 180097K->55103K(810624K), 0.0036680 secs] [Times: user=0.03 sys=0.00, real=0.00 secs] 
2014-07-09T00:49:33.799+0000: 197.261: [GC [PSYoungGen: 123588K->580K(121600K)] 178047K->55103K(808576K), 0.0047540 secs] [Times: user=0.03 sys=0.00, real=0.01 secs] 
2014-07-09T00:49:34.219+0000: 197.681: [GC [PSYoungGen: 121540K->676K(119744K)] 176063K->55271K(806720K), 0.0044630 secs] [Times: user=0.03 sys=0.00, real=0.01 secs] 
2014-07-09T00:49:34.637+0000: 198.099: [GC [PSYoungGen: 119715K->822K(118016K)] 174311K->55489K(804992K), 0.0041460 secs] [Times: user=0.02 sys=0.00, real=0.01 secs] 
2014-07-09T00:49:35.046+0000: 198.508: [GC [PSYoungGen: 118006K->680K(116096K)] 172673K->55641K(803072K), 0.0037960 secs] [Times: user=0.02 sys=0.00, real=0.00 secs] 
2014-07-09T00:49:35.449+0000: 198.912: [GC [PSYoungGen: 116072K->1060K(139584K)] 171033K->56093K(826560K), 0.0088120 secs] [Times: user=0.05 sys=0.00, real=0.01 secs] 
2014-07-09T00:49:35.932+0000: 199.394: [GC [PSYoungGen: 139556K->556K(166784K)] 194589K->55947K(853760K), 0.0044790 secs] [Times: user=0.03 sys=0.00, real=0.00 secs] 
2014-07-09T00:49:36.520+0000: 199.982: [GC [PSYoungGen: 166764K->1028K(200576K)] 222155K->56542K(887552K), 0.0058620 secs] [Times: user=0.03 sys=0.00, real=0.01 secs] 
2014-07-09T00:49:37.216+0000: 200.679: [GC [PSYoungGen: 200516K->790K(196032K)] 256030K->56740K(883008K), 0.0047620 secs] [Times: user=0.02 sys=0.00, real=0.00 secs] 
2014-07-09T00:49:37.880+0000: 201.343: [GC [PSYoungGen: 195990K->762K(191808K)] 251940K->56768K(878784K), 0.0062120 secs] [Times: user=0.03 sys=0.00, real=0.01 secs] 
2014-07-09T00:49:38.533+0000: 201.995: [GC [PSYoungGen: 191802K->648K(187712K)] 247808K->56702K(874688K), 0.0058630 secs] [Times: user=0.03 sys=0.00, real=0.00 secs] 
2014-07-09T00:49:39.171+0000: 202.633: [GC [PSYoungGen: 187656K->630K(183744K)] 243710K->56764K(870720K), 0.0025310 secs] [Times: user=0.01 sys=0.00, real=0.01 secs] 
2014-07-09T00:49:39.806+0000: 203.268: [GC [PSYoungGen: 183724K->598K(179968K)] 239858K->56780K(866944K), 0.0059120 secs] [Times: user=0.02 sys=0.00, real=0.00 secs] 
2014-07-09T00:49:40.436+0000: 203.898: [GC [PSYoungGen: 179924K->662K(176384K)] 236106K->56892K(863360K), 0.0061530 secs] [Times: user=0.03 sys=0.00, real=0.01 secs] 
2014-07-09T00:49:41.047+0000: 204.509: [GC [PSYoungGen: 176342K->894K(173056K)] 232572K->57204K(860032K), 0.0037510 secs] [Times: user=0.02 sys=0.00, real=0.00 secs] 
2014-07-09T00:49:41.640+0000: 205.102: [GC [PSYoungGen: 173054K->716K(169536K)] 229364K->57066K(856512K), 0.0054370 secs] [Times: user=0.03 sys=0.00, real=0.01 secs] 
2014-07-09T00:49:42.230+0000: 205.692: [GC [PSYoungGen: 169484K->829K(166272K)] 225834K->57457K(853248K), 0.0042980 secs] [Times: user=0.02 sys=0.00, real=0.01 secs] 
2014-07-09T00:49:42.803+0000: 206.265: [GC [PSYoungGen: 166269K->1213K(163456K)] 222897K->57921K(850432K), 0.0043020 secs] [Times: user=0.02 sys=0.00, real=0.00 secs] 
2014-07-09T00:49:43.374+0000: 206.837: [GC [PSYoungGen: 163453K->434K(159616K)] 220161K->57496K(846592K), 0.0045600 secs] [Times: user=0.03 sys=0.00, real=0.00 secs] 
2014-07-09T00:49:43.932+0000: 207.394: [GC [PSYoungGen: 159556K->911K(157120K)] 216618K->58029K(844096K), 0.0032830 secs] [Times: user=0.01 sys=0.00, real=0.01 secs] 
2014-07-09T00:49:44.471+0000: 207.933: [GC [PSYoungGen: 157051K->1058K(154304K)] 214170K->58380K(841280K), 0.0037000 secs] [Times: user=0.02 sys=0.00, real=0.01 secs] 
2014-07-09T00:49:44.992+0000: 208.454: [GC [PSYoungGen: 154274K->1036K(151488K)] 211596K->58423K(838464K), 0.0048350 secs] [Times: user=0.03 sys=0.00, real=0.01 secs] 
2014-07-09T00:49:45.513+0000: 208.975: [GC [PSYoungGen: 151432K->568K(148224K)] 208819K->58597K(835200K), 0.0088930 secs] [Times: user=0.04 sys=0.01, real=0.00 secs] 
2014-07-09T00:49:46.021+0000: 209.484: [GC [PSYoungGen: 148180K->1115K(146112K)] 206209K->59192K(833088K), 0.0047340 secs] [Times: user=0.03 sys=0.00, real=0.01 secs] 
2014-07-09T00:49:46.527+0000: 209.989: [GC [PSYoungGen: 146066K->966K(143424K)] 204143K->59489K(830400K), 0.0050660 secs] [Times: user=0.03 sys=0.00, real=0.00 secs] 
2014-07-09T00:49:47.011+0000: 210.474: [GC [PSYoungGen: 143366K->962K(140928K)] 201889K->59533K(827904K), 0.0042100 secs] [Times: user=0.02 sys=0.01, real=0.01 secs] 
2014-07-09T00:49:47.489+0000: 210.951: [GC [PSYoungGen: 140866K->748K(138240K)] 199437K->59399K(825216K), 0.0032310 secs] [Times: user=0.01 sys=0.00, real=0.00 secs] 
2014-07-09T00:49:47.964+0000: 211.426: [GC [PSYoungGen: 138219K->736K(135872K)] 196871K->59459K(822848K), 0.0029150 secs] [Times: user=0.02 sys=0.00, real=0.00 secs] 
2014-07-09T00:49:48.437+0000: 211.899: [GC [PSYoungGen: 135840K->776K(133632K)] 194563K->59563K(820608K), 0.0028520 secs] [Times: user=0.01 sys=0.00, real=0.00 secs] 
2014-07-09T00:49:48.896+0000: 212.358: [GC [PSYoungGen: 133576K->890K(131456K)] 192363K->59773K(818432K), 0.0050490 secs] [Times: user=0.03 sys=0.00, real=0.00 secs] 
2014-07-09T00:49:49.356+0000: 212.819: [GC [PSYoungGen: 131450K->680K(129088K)] 190333K->59603K(816064K), 0.0038720 secs] [Times: user=0.01 sys=0.00, real=0.00 secs] 
2014-07-09T00:49:49.795+0000: 213.257: [GC [PSYoungGen: 129064K->452K(126784K)] 187987K->59391K(813760K), 0.0047970 secs] [Times: user=0.02 sys=0.00, real=0.00 secs] 
2014-07-09T00:49:50.229+0000: 213.691: [GC [PSYoungGen: 126703K->990K(125248K)] 185642K->60001K(812224K), 0.0034040 secs] [Times: user=0.02 sys=0.00, real=0.00 secs] 
2014-07-09T00:49:50.651+0000: 214.114: [GC [PSYoungGen: 125214K->985K(150144K)] 184225K->60036K(837120K), 0.0069680 secs] [Times: user=0.03 sys=0.00, real=0.01 secs] 
2014-07-09T00:49:51.167+0000: 214.629: [GC [PSYoungGen: 150105K->598K(179584K)] 209156K->59697K(866560K), 0.0050280 secs] [Times: user=0.02 sys=0.00, real=0.00 secs] 
2014-07-09T00:49:51.806+0000: 215.269: [GC [PSYoungGen: 179542K->844K(215680K)] 238641K->59991K(902656K), 0.0069620 secs] [Times: user=0.04 sys=0.01, real=0.00 secs] 
2014-07-09T00:49:52.555+0000: 216.017: [GC [PSYoungGen: 215628K->530K(210496K)] 274775K->59733K(897472K), 0.0065110 secs] [Times: user=0.03 sys=0.00, real=0.00 secs] 
2014-07-09T00:49:53.282+0000: 216.744: [GC [PSYoungGen: 210450K->726K(206016K)] 269653K->59985K(892992K), 0.0074290 secs] [Times: user=0.04 sys=0.00, real=0.01 secs] 
2014-07-09T00:49:54.008+0000: 217.470: [GC [PSYoungGen: 205974K->880K(201600K)] 265233K->60203K(888576K), 0.0040930 secs] [Times: user=0.02 sys=0.01, real=0.00 secs] 
2014-07-09T00:49:54.706+0000: 218.169: [GC [PSYoungGen: 201584K->548K(196928K)] 260907K->59927K(883904K), 0.0042510 secs] [Times: user=0.03 sys=0.00, real=0.00 secs] 
2014-07-09T00:49:55.383+0000: 218.845: [GC [PSYoungGen: 196900K->812K(192960K)] 256279K->60279K(879936K), 0.0025960 secs] [Times: user=0.01 sys=0.00, real=0.01 secs] 
2014-07-09T00:49:56.058+0000: 219.520: [GC [PSYoungGen: 192940K->796K(188864K)] 252407K->60319K(875840K), 0.0059620 secs] [Times: user=0.03 sys=0.00, real=0.01 secs] 
2014-07-09T00:49:56.705+0000: 220.167: [GC [PSYoungGen: 188828K->786K(184960K)] 248351K->60397K(871936K), 0.0049240 secs] [Times: user=0.02 sys=0.00, real=0.00 secs] 
2014-07-09T00:49:57.343+0000: 220.805: [GC [PSYoungGen: 184914K->1100K(181504K)] 244525K->60775K(868480K), 0.0047500 secs] [Times: user=0.03 sys=0.00, real=0.01 secs] 
2014-07-09T00:49:57.970+0000: 221.432: [GC [PSYoungGen: 181408K->374K(177024K)] 241083K->60401K(864000K), 0.0066910 secs] [Times: user=0.04 sys=0.00, real=0.01 secs] 
2014-07-09T00:49:58.587+0000: 222.049: [GC [PSYoungGen: 177014K->1194K(174272K)] 237041K->61309K(861248K), 0.0041380 secs] [Times: user=0.01 sys=0.00, real=0.00 secs] 
2014-07-09T00:49:59.192+0000: 222.655: [GC [PSYoungGen: 174226K->894K(170496K)] 234342K->61347K(857472K), 0.0071190 secs] [Times: user=0.04 sys=0.00, real=0.01 secs] 
2014-07-09T00:49:59.783+0000: 223.245: [GC [PSYoungGen: 170494K->676K(166976K)] 230947K->61161K(853952K), 0.0048880 secs] [Times: user=0.02 sys=0.00, real=0.01 secs] 
2014-07-09T00:50:00.372+0000: 223.834: [GC [PSYoungGen: 166948K->612K(163712K)] 227433K->61209K(850688K), 0.0038620 secs] [Times: user=0.02 sys=0.00, real=0.01 secs] 
2014-07-09T00:50:00.934+0000: 224.397: [GC [PSYoungGen: 163684K->780K(196544K)] 224281K->61409K(883520K), 0.0106570 secs] [Times: user=0.05 sys=0.00, real=0.02 secs] 
2014-07-09T00:50:01.623+0000: 225.086: [GC [PSYoungGen: 196492K->762K(192320K)] 257121K->61463K(879296K), 0.0047480 secs] [Times: user=0.02 sys=0.00, real=0.01 secs] 
2014-07-09T00:50:02.282+0000: 225.744: [GC [PSYoungGen: 192314K->712K(188288K)] 253015K->61485K(875264K), 0.0040290 secs] [Times: user=0.02 sys=0.00, real=0.01 secs] 
2014-07-09T00:50:02.920+0000: 226.382: [GC [PSYoungGen: 188232K->876K(184512K)] 249005K->61753K(871488K), 0.0041820 secs] [Times: user=0.02 sys=0.00, real=0.00 secs] 
2014-07-09T00:50:03.544+0000: 227.007: [GC [PSYoungGen: 184492K->1014K(180864K)] 245369K->61963K(867840K), 0.0034230 secs] [Times: user=0.01 sys=0.00, real=0.01 secs] 
2014-07-09T00:50:04.173+0000: 227.635: [GC [PSYoungGen: 180812K->680K(176896K)] 241762K->61801K(863872K), 0.0035570 secs] [Times: user=0.01 sys=0.00, real=0.01 secs] 
2014-07-09T00:50:04.792+0000: 228.255: [GC [PSYoungGen: 176837K->990K(173696K)] 237958K->62207K(860672K), 0.0032670 secs] [Times: user=0.02 sys=0.01, real=0.00 secs] 
2014-07-09T00:50:05.393+0000: 228.856: [GC [PSYoungGen: 173662K->879K(170112K)] 234879K->62210K(857088K), 0.0039670 secs] [Times: user=0.02 sys=0.00, real=0.01 secs] 
2014-07-09T00:50:05.982+0000: 229.445: [GC [PSYoungGen: 170095K->772K(166720K)] 231426K->62159K(853696K), 0.0031150 secs] [Times: user=0.01 sys=0.01, real=0.00 secs] 
2014-07-09T00:50:06.551+0000: 230.013: [GC [PSYoungGen: 166660K->734K(163456K)] 228047K->62153K(850432K), 0.0041960 secs] [Times: user=0.01 sys=0.00, real=0.00 secs] 
2014-07-09T00:50:07.119+0000: 230.581: [GC [PSYoungGen: 163422K->976K(160576K)] 224841K->62467K(847552K), 0.0034170 secs] [Times: user=0.02 sys=0.00, real=0.00 secs] 
2014-07-09T00:50:07.666+0000: 231.128: [GC [PSYoungGen: 160528K->616K(157184K)] 222019K->62179K(844160K), 0.0031230 secs] [Times: user=0.01 sys=0.00, real=0.00 secs] 
2014-07-09T00:50:08.213+0000: 231.675: [GC [PSYoungGen: 157157K->1008K(154624K)] 218721K->62635K(841600K), 0.0027390 secs] [Times: user=0.02 sys=0.00, real=0.00 secs] 
2014-07-09T00:50:08.745+0000: 232.207: [GC [PSYoungGen: 154608K->814K(151616K)] 216235K->62521K(838592K), 0.0086300 secs] [Times: user=0.04 sys=0.01, real=0.01 secs] 
2014-07-09T00:50:09.262+0000: 232.724: [GC [PSYoungGen: 151586K->676K(148736K)] 213293K->62495K(835712K), 0.0041160 secs] [Times: user=0.03 sys=0.00, real=0.01 secs] 
2014-07-09T00:50:09.764+0000: 233.227: [GC [PSYoungGen: 148685K->810K(146176K)] 210505K->62736K(833152K), 0.0049620 secs] [Times: user=0.03 sys=0.00, real=0.01 secs] 
2014-07-09T00:50:10.267+0000: 233.729: [GC [PSYoungGen: 146139K->944K(143744K)] 208065K->62925K(830720K), 0.0030260 secs] [Times: user=0.01 sys=0.00, real=0.01 secs] 
2014-07-09T00:50:10.765+0000: 234.227: [GC [PSYoungGen: 143728K->690K(172096K)] 205709K->63237K(859072K), 0.0115480 secs] [Times: user=0.04 sys=0.00, real=0.01 secs] 
2014-07-09T00:50:11.362+0000: 234.825: [GC [PSYoungGen: 172082K->1236K(206976K)] 234629K->63863K(893952K), 0.0038380 secs] [Times: user=0.03 sys=0.00, real=0.00 secs] 
2014-07-09T00:50:12.076+0000: 235.538: [GC [PSYoungGen: 206932K->658K(201856K)] 269559K->63661K(888832K), 0.0049910 secs] [Times: user=0.03 sys=0.00, real=0.01 secs] 
2014-07-09T00:50:12.770+0000: 236.232: [GC [PSYoungGen: 201810K->840K(197696K)] 264813K->63923K(884672K), 0.0054560 secs] [Times: user=0.02 sys=0.01, real=0.00 secs] 
2014-07-09T00:50:13.453+0000: 236.915: [GC [PSYoungGen: 197622K->1239K(193856K)] 260706K->64363K(880832K), 0.0032170 secs] [Times: user=0.01 sys=0.00, real=0.00 secs] 
2014-07-09T00:50:14.130+0000: 237.592: [GC [PSYoungGen: 193815K->722K(189248K)] 256939K->63917K(876224K), 0.0034370 secs] [Times: user=0.01 sys=0.00, real=0.00 secs] 
2014-07-09T00:50:14.787+0000: 238.250: [GC [PSYoungGen: 189159K->946K(185472K)] 252355K->64264K(872448K), 0.0029900 secs] [Times: user=0.02 sys=0.00, real=0.00 secs] 
2014-07-09T00:50:15.447+0000: 238.909: [GC [PSYoungGen: 185458K->608K(181312K)] 248776K->64013K(868288K), 0.0043350 secs] [Times: user=0.03 sys=0.00, real=0.01 secs] 
2014-07-09T00:50:16.078+0000: 239.540: [GC [PSYoungGen: 181270K->954K(177920K)] 244676K->64455K(864896K), 0.0043700 secs] [Times: user=0.02 sys=0.00, real=0.00 secs] 
2014-07-09T00:50:16.699+0000: 240.162: [GC [PSYoungGen: 177914K->876K(174272K)] 241415K->64457K(861248K), 0.0029500 secs] [Times: user=0.01 sys=0.00, real=0.00 secs] 
2014-07-09T00:50:17.303+0000: 240.765: [GC [PSYoungGen: 174252K->988K(170944K)] 237833K->64692K(857920K), 0.0031450 secs] [Times: user=0.01 sys=0.00, real=0.00 secs] 
2014-07-09T00:50:17.900+0000: 241.362: [GC [PSYoungGen: 170869K->566K(167168K)] 234573K->64309K(854144K), 0.0032680 secs] [Times: user=0.01 sys=0.00, real=0.00 secs] 
2014-07-09T00:50:18.484+0000: 241.947: [GC [PSYoungGen: 167158K->594K(163968K)] 230901K->64417K(850944K), 0.0026320 secs] [Times: user=0.01 sys=0.00, real=0.00 secs] 
2014-07-09T00:50:19.054+0000: 242.516: [GC [PSYoungGen: 163922K->626K(160832K)] 227745K->64513K(847808K), 0.0044910 secs] [Times: user=0.02 sys=0.00, real=0.01 secs] 
2014-07-09T00:50:19.620+0000: 243.082: [GC [PSYoungGen: 160818K->1082K(158272K)] 224705K->65042K(845248K), 0.0044010 secs] [Times: user=0.02 sys=0.00, real=0.00 secs] 
2014-07-09T00:50:20.161+0000: 243.623: [GC [PSYoungGen: 158266K->780K(155072K)] 222226K->64803K(842048K), 0.0065640 secs] [Times: user=0.04 sys=0.00, real=0.00 secs] 
2014-07-09T00:50:20.706+0000: 244.168: [GC [PSYoungGen: 155020K->946K(152320K)] 219043K->65124K(839296K), 0.0059910 secs] [Times: user=0.04 sys=0.00, real=0.01 secs] 
2014-07-09T00:50:21.229+0000: 244.691: [GC [PSYoungGen: 152306K->798K(182464K)] 216484K->65031K(869440K), 0.0083540 secs] [Times: user=0.05 sys=0.00, real=0.00 secs] 
2014-07-09T00:50:21.858+0000: 245.321: [GC [PSYoungGen: 182344K->748K(178688K)] 246578K->65013K(865664K), 0.0031540 secs] [Times: user=0.01 sys=0.00, real=0.00 secs] 
2014-07-09T00:50:22.464+0000: 245.926: [GC [PSYoungGen: 178668K->626K(174976K)] 242933K->64979K(861952K), 0.0050040 secs] [Times: user=0.03 sys=0.01, real=0.01 secs] 
2014-07-09T00:50:23.067+0000: 246.529: [GC [PSYoungGen: 174962K->862K(171776K)] 239315K->65287K(858752K), 0.0048140 secs] [Times: user=0.02 sys=0.00, real=0.01 secs] 
2014-07-09T00:50:23.662+0000: 247.124: [GC [PSYoungGen: 171742K->1076K(168576K)] 236167K->65541K(855552K), 0.0069670 secs] [Times: user=0.04 sys=0.00, real=0.00 secs] 
2014-07-09T00:50:24.251+0000: 247.713: [GC [PSYoungGen: 168564K->620K(164864K)] 233029K->65239K(851840K), 0.0062860 secs] [Times: user=0.04 sys=0.00, real=0.00 secs] 
2014-07-09T00:50:24.824+0000: 248.286: [GC [PSYoungGen: 164842K->1006K(162112K)] 229462K->65698K(849088K), 0.0032150 secs] [Times: user=0.01 sys=0.00, real=0.00 secs] 
2014-07-09T00:50:25.378+0000: 248.840: [GC [PSYoungGen: 162080K->930K(158976K)] 226772K->65725K(845952K), 0.0047900 secs] [Times: user=0.03 sys=0.00, real=0.01 secs] 
2014-07-09T00:50:25.929+0000: 249.391: [GC [PSYoungGen: 158923K->829K(155904K)] 223719K->65697K(842880K), 0.0072740 secs] [Times: user=0.03 sys=0.00, real=0.01 secs] 
2014-07-09T00:50:26.466+0000: 249.928: [GC [PSYoungGen: 155867K->800K(153024K)] 220734K->65740K(840000K), 0.0027700 secs] [Times: user=0.01 sys=0.00, real=0.01 secs] 
2014-07-09T00:50:26.989+0000: 250.451: [GC [PSYoungGen: 152986K->930K(150336K)] 217925K->65933K(837312K), 0.0026870 secs] [Times: user=0.01 sys=0.00, real=0.00 secs] 
2014-07-09T00:50:27.518+0000: 250.980: [GC [PSYoungGen: 150306K->658K(147392K)] 215309K->65717K(834368K), 0.0046900 secs] [Times: user=0.02 sys=0.00, real=0.01 secs] 
2014-07-09T00:50:28.026+0000: 251.488: [GC [PSYoungGen: 147345K->1064K(145152K)] 212405K->66204K(832128K), 0.0033050 secs] [Times: user=0.01 sys=0.00, real=0.01 secs] 
2014-07-09T00:50:28.526+0000: 251.989: [GC [PSYoungGen: 145087K->830K(142336K)] 210227K->66131K(829312K), 0.0059700 secs] [Times: user=0.03 sys=0.00, real=0.01 secs] 
2014-07-09T00:50:29.025+0000: 252.487: [GC [PSYoungGen: 142334K->858K(139904K)] 207635K->66239K(826880K), 0.0034150 secs] [Times: user=0.03 sys=0.00, real=0.00 secs] 
2014-07-09T00:50:29.506+0000: 252.968: [GC [PSYoungGen: 139865K->848K(137472K)] 205247K->66367K(824448K), 0.0042010 secs] [Times: user=0.02 sys=0.00, real=0.01 secs] 
2014-07-09T00:50:29.989+0000: 253.451: [GC [PSYoungGen: 137399K->784K(135104K)] 202919K->66351K(822080K), 0.0028100 secs] [Times: user=0.02 sys=0.00, real=0.01 secs] 
2014-07-09T00:50:30.453+0000: 253.915: [GC [PSYoungGen: 135053K->758K(132800K)] 200621K->66480K(819776K), 0.0075620 secs] [Times: user=0.04 sys=0.00, real=0.01 secs] 
2014-07-09T00:50:30.915+0000: 254.378: [GC [PSYoungGen: 132790K->893K(130752K)] 198512K->66687K(817728K), 0.0029170 secs] [Times: user=0.02 sys=0.00, real=0.00 secs] 
2014-07-09T00:50:31.377+0000: 254.840: [GC [PSYoungGen: 130749K->822K(128576K)] 196543K->66753K(815552K), 0.0036820 secs] [Times: user=0.02 sys=0.00, real=0.01 secs] 
2014-07-09T00:50:31.834+0000: 255.296: [GC [PSYoungGen: 128566K->928K(126592K)] 194497K->66899K(813568K), 0.0038690 secs] [Times: user=0.02 sys=0.00, real=0.00 secs] 
2014-07-09T00:50:32.262+0000: 255.724: [GC [PSYoungGen: 126560K->544K(124160K)] 192531K->66579K(811136K), 0.0031330 secs] [Times: user=0.02 sys=0.00, real=0.00 secs] 
2014-07-09T00:50:32.689+0000: 256.151: [GC [PSYoungGen: 124128K->704K(122304K)] 190163K->66811K(809280K), 0.0048650 secs] [Times: user=0.03 sys=0.00, real=0.01 secs] 
2014-07-09T00:50:33.109+0000: 256.572: [GC [PSYoungGen: 122304K->712K(120448K)] 188411K->66891K(807424K), 0.0032250 secs] [Times: user=0.01 sys=0.00, real=0.01 secs] 
2014-07-09T00:50:33.521+0000: 256.984: [GC [PSYoungGen: 120392K->530K(118400K)] 186571K->66765K(805376K), 0.0058800 secs] [Times: user=0.04 sys=0.00, real=0.00 secs] 
2014-07-09T00:50:33.922+0000: 257.385: [GC [PSYoungGen: 118354K->512K(116544K)] 184589K->66819K(803520K), 0.0031940 secs] [Times: user=0.01 sys=0.00, real=0.00 secs] 
2014-07-09T00:50:34.327+0000: 257.789: [GC [PSYoungGen: 116544K->662K(114944K)] 182851K->67041K(801920K), 0.0041240 secs] [Times: user=0.02 sys=0.00, real=0.01 secs] 
2014-07-09T00:50:34.729+0000: 258.191: [GC [PSYoungGen: 114901K->968K(113536K)] 181281K->67420K(800512K), 0.0048560 secs] [Times: user=0.02 sys=0.00, real=0.01 secs] 
2014-07-09T00:50:35.122+0000: 258.585: [GC [PSYoungGen: 113480K->1014K(111872K)] 179932K->67522K(798848K), 0.0038300 secs] [Times: user=0.01 sys=0.00, real=0.00 secs] 
2014-07-09T00:50:35.507+0000: 258.970: [GC [PSYoungGen: 111862K->445K(109632K)] 178370K->67443K(796608K), 0.0027940 secs] [Times: user=0.01 sys=0.00, real=0.01 secs] 
2014-07-09T00:50:35.895+0000: 259.358: [GC [PSYoungGen: 109629K->1040K(108672K)] 176627K->68102K(795648K), 0.0039920 secs] [Times: user=0.03 sys=0.00, real=0.00 secs] 
2014-07-09T00:50:36.261+0000: 259.724: [GC [PSYoungGen: 108624K->676K(129856K)] 175686K->67958K(816832K), 0.0054870 secs] [Times: user=0.03 sys=0.00, real=0.00 secs] 
2014-07-09T00:50:36.712+0000: 260.175: [GC [PSYoungGen: 129828K->1100K(128192K)] 197110K->68462K(815168K), 0.0038710 secs] [Times: user=0.02 sys=0.00, real=0.00 secs] 
2014-07-09T00:50:37.138+0000: 260.600: [GC [PSYoungGen: 128094K->755K(125760K)] 195456K->68361K(812736K), 0.0035660 secs] [Times: user=0.02 sys=0.00, real=0.01 secs] 
2014-07-09T00:50:37.578+0000: 261.040: [GC [PSYoungGen: 125747K->1176K(124224K)] 193353K->68862K(811200K), 0.0044790 secs] [Times: user=0.03 sys=0.00, real=0.01 secs] 
2014-07-09T00:50:38.008+0000: 261.470: [GC [PSYoungGen: 124181K->766K(121792K)] 191867K->68648K(808768K), 0.0047220 secs] [Times: user=0.03 sys=0.00, real=0.01 secs] 
2014-07-09T00:50:38.416+0000: 261.879: [GC [PSYoungGen: 121789K->784K(146112K)] 189671K->68698K(833088K), 0.0078430 secs] [Times: user=0.05 sys=0.00, real=0.01 secs] 
2014-07-09T00:50:38.921+0000: 262.384: [GC [PSYoungGen: 146064K->876K(175232K)] 213978K->68862K(862208K), 0.0062660 secs] [Times: user=0.03 sys=0.00, real=0.00 secs] 
2014-07-09T00:50:39.521+0000: 262.984: [GC [PSYoungGen: 175212K->758K(209984K)] 243198K->68816K(896960K), 0.0077010 secs] [Times: user=0.04 sys=0.00, real=0.00 secs] 
2014-07-09T00:50:40.261+0000: 263.724: [GC [PSYoungGen: 209944K->630K(225408K)] 278002K->68744K(912384K), 0.0028980 secs] [Times: user=0.02 sys=0.00, real=0.00 secs] 
2014-07-09T00:50:41.036+0000: 264.498: [GC [PSYoungGen: 224950K->562K(219712K)] 293064K->68788K(906688K), 0.0043580 secs] [Times: user=0.02 sys=0.00, real=0.00 secs] 
2014-07-09T00:50:41.798+0000: 265.260: [GC [PSYoungGen: 219698K->808K(214976K)] 287924K->69090K(901952K), 0.0030930 secs] [Times: user=0.01 sys=0.00, real=0.01 secs] 
2014-07-09T00:50:42.553+0000: 266.015: [GC [PSYoungGen: 214952K->612K(209984K)] 283234K->68934K(896960K), 0.0041020 secs] [Times: user=0.01 sys=0.01, real=0.00 secs] 
2014-07-09T00:50:43.284+0000: 266.746: [GC [PSYoungGen: 209956K->812K(205504K)] 278278K->69214K(892480K), 0.0043960 secs] [Times: user=0.02 sys=0.00, real=0.00 secs] 
2014-07-09T00:50:43.995+0000: 267.457: [GC [PSYoungGen: 205484K->780K(201024K)] 273886K->69270K(888000K), 0.0047370 secs] [Times: user=0.03 sys=0.00, real=0.00 secs] 
2014-07-09T00:50:44.690+0000: 268.152: [GC [PSYoungGen: 200972K->562K(196416K)] 269462K->69100K(883392K), 0.0110680 secs] [Times: user=0.06 sys=0.00, real=0.01 secs] 
2014-07-09T00:50:45.369+0000: 268.831: [GC [PSYoungGen: 196402K->434K(192064K)] 264940K->69020K(879040K), 0.0028930 secs] [Times: user=0.02 sys=0.00, real=0.00 secs] 
2014-07-09T00:50:46.039+0000: 269.501: [GC [PSYoungGen: 192050K->676K(188288K)] 260636K->69342K(875264K), 0.0034080 secs] [Times: user=0.01 sys=0.01, real=0.01 secs] 
2014-07-09T00:50:46.682+0000: 270.144: [GC [PSYoungGen: 188260K->830K(184512K)] 256926K->69560K(871488K), 0.0050680 secs] [Times: user=0.03 sys=0.00, real=0.01 secs] 
2014-07-09T00:50:47.320+0000: 270.782: [GC [PSYoungGen: 184509K->914K(180864K)] 253239K->69790K(867840K), 0.0044280 secs] [Times: user=0.03 sys=0.00, real=0.01 secs] 
2014-07-09T00:50:47.953+0000: 271.416: [GC [PSYoungGen: 180818K->936K(177216K)] 249694K->69908K(864192K), 0.0039910 secs] [Times: user=0.02 sys=0.00, real=0.00 secs] 
2014-07-09T00:50:48.567+0000: 272.029: [GC [PSYoungGen: 177192K->570K(173312K)] 246164K->69868K(860288K), 0.0041060 secs] [Times: user=0.01 sys=0.01, real=0.00 secs] 
2014-07-09T00:50:49.165+0000: 272.627: [GC [PSYoungGen: 173306K->694K(169984K)] 242604K->70032K(856960K), 0.0039940 secs] [Times: user=0.01 sys=0.00, real=0.00 secs] 
2014-07-09T00:50:49.757+0000: 273.220: [GC [PSYoungGen: 169974K->598K(166592K)] 239312K->70090K(853568K), 0.0029460 secs] [Times: user=0.02 sys=0.00, real=0.00 secs] 
2014-07-09T00:50:50.331+0000: 273.793: [GC [PSYoungGen: 166550K->548K(163328K)] 236042K->70112K(850304K), 0.0026000 secs] [Times: user=0.02 sys=0.00, real=0.01 secs] 
2014-07-09T00:50:50.895+0000: 274.357: [GC [PSYoungGen: 163270K->1014K(160640K)] 232834K->70690K(847616K), 0.0031620 secs] [Times: user=0.02 sys=0.00, real=0.00 secs] 
2014-07-09T00:50:51.461+0000: 274.923: [GC [PSYoungGen: 160630K->926K(157568K)] 230306K->70658K(844544K), 0.0031040 secs] [Times: user=0.02 sys=0.00, real=0.01 secs] 
2014-07-09T00:50:51.989+0000: 275.451: [GC [PSYoungGen: 157534K->620K(154304K)] 227266K->70596K(841280K), 0.0038770 secs] [Times: user=0.02 sys=0.00, real=0.00 secs] 
2014-07-09T00:50:52.535+0000: 275.998: [GC [PSYoungGen: 154284K->594K(151488K)] 224260K->70642K(838464K), 0.0035160 secs] [Times: user=0.02 sys=0.00, real=0.00 secs] 
2014-07-09T00:50:53.062+0000: 276.524: [GC [PSYoungGen: 151406K->894K(148992K)] 221454K->70990K(835968K), 0.0039850 secs] [Times: user=0.02 sys=0.00, real=0.01 secs] 
2014-07-09T00:50:53.593+0000: 277.055: [GC [PSYoungGen: 148990K->626K(146048K)] 219086K->70802K(833024K), 0.0041400 secs] [Times: user=0.02 sys=0.01, real=0.00 secs] 
2014-07-09T00:50:54.096+0000: 277.558: [GC [PSYoungGen: 145990K->658K(143552K)] 216166K->70906K(830528K), 0.0044620 secs] [Times: user=0.02 sys=0.00, real=0.00 secs] 
2014-07-09T00:50:54.605+0000: 278.067: [GC [PSYoungGen: 143506K->972K(141376K)] 213754K->71276K(828352K), 0.0048220 secs] [Times: user=0.02 sys=0.00, real=0.00 secs] 
2014-07-09T00:50:55.088+0000: 278.550: [GC [PSYoungGen: 141324K->744K(138688K)] 211628K->71178K(825664K), 0.0028620 secs] [Times: user=0.02 sys=0.00, real=0.00 secs] 
2014-07-09T00:50:55.572+0000: 279.034: [GC [PSYoungGen: 138664K->730K(136320K)] 209098K->71236K(823296K), 0.0041920 secs] [Times: user=0.02 sys=0.00, real=0.01 secs] 
2014-07-09T00:50:56.049+0000: 279.511: [GC [PSYoungGen: 136282K->766K(134016K)] 206788K->71352K(820992K), 0.0043260 secs] [Times: user=0.03 sys=0.01, real=0.00 secs] 
2014-07-09T00:50:56.523+0000: 279.985: [GC [PSYoungGen: 134014K->694K(131712K)] 204600K->71352K(818688K), 0.0030100 secs] [Times: user=0.01 sys=0.00, real=0.01 secs] 
2014-07-09T00:50:56.966+0000: 280.428: [GC [PSYoungGen: 131702K->594K(129472K)] 202360K->71308K(816448K), 0.0043260 secs] [Times: user=0.01 sys=0.01, real=0.00 secs] 
2014-07-09T00:50:57.408+0000: 280.870: [GC [PSYoungGen: 129426K->562K(127296K)] 200140K->71372K(814272K), 0.0036450 secs] [Times: user=0.02 sys=0.00, real=0.00 secs] 
2014-07-09T00:50:57.849+0000: 281.311: [GC [PSYoungGen: 127282K->744K(125440K)] 198092K->71634K(812416K), 0.0030650 secs] [Times: user=0.01 sys=0.00, real=0.00 secs] 
2014-07-09T00:50:58.283+0000: 281.745: [GC [PSYoungGen: 125416K->648K(123392K)] 196306K->71586K(810368K), 0.0028500 secs] [Times: user=0.01 sys=0.00, real=0.01 secs] 
2014-07-09T00:50:58.712+0000: 282.174: [GC [PSYoungGen: 123336K->694K(121472K)] 194274K->71704K(808448K), 0.0034300 secs] [Times: user=0.01 sys=0.00, real=0.01 secs] 
2014-07-09T00:50:59.133+0000: 282.596: [GC [PSYoungGen: 121461K->936K(119808K)] 192471K->72026K(806784K), 0.0074600 secs] [Times: user=0.05 sys=0.00, real=0.01 secs] 
2014-07-09T00:50:59.541+0000: 283.003: [GC [PSYoungGen: 119784K->566K(143232K)] 190874K->71884K(830208K), 0.0058270 secs] [Times: user=0.02 sys=0.00, real=0.01 secs] 
2014-07-09T00:51:00.030+0000: 283.492: [GC [PSYoungGen: 143222K->976K(172224K)] 214540K->72398K(859200K), 0.0042640 secs] [Times: user=0.03 sys=0.00, real=0.01 secs] 
2014-07-09T00:51:00.624+0000: 284.086: [GC [PSYoungGen: 172174K->616K(168448K)] 243597K->72258K(855424K), 0.0038300 secs] [Times: user=0.02 sys=0.00, real=0.00 secs] 
2014-07-09T00:51:01.210+0000: 284.672: [GC [PSYoungGen: 168412K->776K(165376K)] 240054K->72474K(852352K), 0.0052090 secs] [Times: user=0.02 sys=0.00, real=0.01 secs] 
2014-07-09T00:51:01.792+0000: 285.254: [GC [PSYoungGen: 165320K->694K(162048K)] 237018K->72440K(849024K), 0.0050720 secs] [Times: user=0.02 sys=0.00, real=0.01 secs] 
2014-07-09T00:51:02.350+0000: 285.813: [GC [PSYoungGen: 162038K->608K(158912K)] 233784K->72426K(845888K), 0.0048600 secs] [Times: user=0.03 sys=0.01, real=0.01 secs] 
2014-07-09T00:51:02.903+0000: 286.365: [GC [PSYoungGen: 158876K->598K(190592K)] 230694K->72448K(877568K), 0.0136790 secs] [Times: user=0.08 sys=0.00, real=0.02 secs] 
2014-07-09T00:51:03.563+0000: 287.026: [GC [PSYoungGen: 190550K->640K(208128K)] 262400K->72570K(895104K), 0.0049340 secs] [Times: user=0.03 sys=0.00, real=0.01 secs] 
2014-07-09T00:51:04.282+0000: 287.744: [GC [PSYoungGen: 207680K->694K(203136K)] 279610K->72696K(890112K), 0.0044190 secs] [Times: user=0.01 sys=0.00, real=0.01 secs] 
2014-07-09T00:51:04.992+0000: 288.454: [GC [PSYoungGen: 203126K->994K(199040K)] 275128K->73118K(886016K), 0.0056740 secs] [Times: user=0.02 sys=0.00, real=0.01 secs] 
2014-07-09T00:51:05.690+0000: 289.152: [GC [PSYoungGen: 199006K->356K(194112K)] 271130K->72778K(881088K), 0.0030680 secs] [Times: user=0.02 sys=0.00, real=0.00 secs] 
2014-07-09T00:51:06.374+0000: 289.836: [GC [PSYoungGen: 194084K->1082K(190720K)] 266506K->73544K(877696K), 0.0071840 secs] [Times: user=0.05 sys=0.00, real=0.01 secs] 
2014-07-09T00:51:07.043+0000: 290.506: [GC [PSYoungGen: 190714K->758K(186432K)] 263176K->73490K(873408K), 0.0035570 secs] [Times: user=0.02 sys=0.00, real=0.01 secs] 
2014-07-09T00:51:07.689+0000: 291.151: [GC [PSYoungGen: 186422K->708K(182592K)] 259154K->73512K(869568K), 0.0036720 secs] [Times: user=0.02 sys=0.01, real=0.00 secs] 
2014-07-09T00:51:08.331+0000: 291.793: [GC [PSYoungGen: 182532K->694K(178816K)] 255336K->73586K(865792K), 0.0040120 secs] [Times: user=0.02 sys=0.01, real=0.00 secs] 
2014-07-09T00:51:08.948+0000: 292.410: [GC [PSYoungGen: 178806K->718K(175296K)] 251698K->73674K(862272K), 0.0033980 secs] [Times: user=0.02 sys=0.00, real=0.00 secs] 
2014-07-09T00:51:09.555+0000: 293.018: [GC [PSYoungGen: 175246K->594K(171648K)] 248202K->73630K(858624K), 0.0033340 secs] [Times: user=0.02 sys=0.00, real=0.01 secs] 
2014-07-09T00:51:10.153+0000: 293.615: [GC [PSYoungGen: 171573K->794K(168448K)] 244609K->73902K(855424K), 0.0067240 secs] [Times: user=0.04 sys=0.00, real=0.01 secs] 
2014-07-09T00:51:10.728+0000: 294.190: [GC [PSYoungGen: 168384K->865K(165248K)] 241492K->74077K(852224K), 0.0025020 secs] [Times: user=0.01 sys=0.00, real=0.00 secs] 
2014-07-09T00:51:11.300+0000: 294.762: [GC [PSYoungGen: 165180K->726K(161984K)] 238393K->74010K(848960K), 0.0034210 secs] [Times: user=0.01 sys=0.00, real=0.00 secs] 
2014-07-09T00:51:11.864+0000: 295.327: [GC [PSYoungGen: 161942K->698K(158848K)] 235226K->74184K(845824K), 0.0026100 secs] [Times: user=0.02 sys=0.00, real=0.01 secs] 
2014-07-09T00:51:12.414+0000: 295.876: [GC [PSYoungGen: 158842K->726K(155968K)] 232328K->74292K(842944K), 0.0075420 secs] [Times: user=0.04 sys=0.00, real=0.01 secs] 
2014-07-09T00:51:12.948+0000: 296.410: [GC [PSYoungGen: 155892K->726K(153088K)] 229458K->74364K(840064K), 0.0036990 secs] [Times: user=0.02 sys=0.00, real=0.00 secs] 
2014-07-09T00:51:13.475+0000: 296.938: [GC [PSYoungGen: 153046K->758K(150272K)] 226684K->74516K(837248K), 0.0064090 secs] [Times: user=0.04 sys=0.00, real=0.01 secs] 
2014-07-09T00:51:13.994+0000: 297.456: [GC [PSYoungGen: 150262K->680K(147520K)] 224020K->74724K(834496K), 0.0043570 secs] [Times: user=0.02 sys=0.00, real=0.01 secs] 
2014-07-09T00:51:14.513+0000: 297.975: [GC [PSYoungGen: 147496K->826K(145024K)] 221540K->74934K(832000K), 0.0036050 secs] [Times: user=0.01 sys=0.00, real=0.01 secs] 
2014-07-09T00:51:15.025+0000: 298.487: [GC [PSYoungGen: 145018K->644K(142336K)] 219126K->74826K(829312K), 0.0060660 secs] [Times: user=0.02 sys=0.00, real=0.01 secs] 
2014-07-09T00:51:15.520+0000: 298.982: [GC [PSYoungGen: 142276K->676K(139840K)] 216458K->74946K(826816K), 0.0030400 secs] [Times: user=0.01 sys=0.00, real=0.00 secs] 
2014-07-09T00:51:16.006+0000: 299.468: [GC [PSYoungGen: 139807K->712K(137472K)] 214078K->75078K(824448K), 0.0031590 secs] [Times: user=0.02 sys=0.00, real=0.01 secs] 
2014-07-09T00:51:16.486+0000: 299.948: [GC [PSYoungGen: 137416K->712K(135104K)] 211782K->75126K(822080K), 0.0082600 secs] [Times: user=0.04 sys=0.00, real=0.01 secs] 
2014-07-09T00:51:16.951+0000: 300.414: [GC [PSYoungGen: 135048K->680K(161920K)] 209462K->75234K(848896K), 0.0063110 secs] [Times: user=0.04 sys=0.00, real=0.01 secs] 
2014-07-09T00:51:17.513+0000: 300.975: [GC [PSYoungGen: 161896K->858K(159040K)] 236450K->75476K(846016K), 0.0034640 secs] [Times: user=0.01 sys=0.00, real=0.00 secs] 
2014-07-09T00:51:18.066+0000: 301.528: [GC [PSYoungGen: 158994K->488K(190336K)] 233613K->75474K(877312K), 0.0074770 secs] [Times: user=0.05 sys=0.00, real=0.01 secs] 
2014-07-09T00:51:18.723+0000: 302.185: [GC [PSYoungGen: 190312K->690K(186560K)] 265298K->75732K(873536K), 0.0055020 secs] [Times: user=0.04 sys=0.00, real=0.01 secs] 
2014-07-09T00:51:19.377+0000: 302.839: [GC [PSYoungGen: 186546K->826K(182848K)] 261588K->75964K(869824K), 0.0044230 secs] [Times: user=0.03 sys=0.00, real=0.01 secs] 
2014-07-09T00:51:20.008+0000: 303.470: [GC [PSYoungGen: 182771K->1011K(179328K)] 257910K->76238K(866304K), 0.0043660 secs] [Times: user=0.02 sys=0.00, real=0.00 secs] 
2014-07-09T00:51:20.632+0000: 304.095: [GC [PSYoungGen: 179315K->256K(174976K)] 254542K->75756K(861952K), 0.0045870 secs] [Times: user=0.02 sys=0.00, real=0.01 secs] 
2014-07-09T00:51:21.246+0000: 304.708: [GC [PSYoungGen: 174976K->904K(172160K)] 250476K->76460K(859136K), 0.0050050 secs] [Times: user=0.02 sys=0.00, real=0.01 secs] 
2014-07-09T00:51:21.838+0000: 305.300: [GC [PSYoungGen: 172104K->594K(168448K)] 247660K->76254K(855424K), 0.0042920 secs] [Times: user=0.03 sys=0.00, real=0.00 secs] 
2014-07-09T00:51:22.416+0000: 305.878: [GC [PSYoungGen: 168402K->880K(165440K)] 244062K->76620K(852416K), 0.0030380 secs] [Times: user=0.02 sys=0.00, real=0.01 secs] 
2014-07-09T00:51:22.991+0000: 306.453: [GC [PSYoungGen: 165423K->804K(162176K)] 241164K->76616K(849152K), 0.0084680 secs] [Times: user=0.05 sys=0.00, real=0.01 secs] 
2014-07-09T00:51:23.543+0000: 307.005: [GC [PSYoungGen: 162137K->1089K(159424K)] 237949K->77006K(846400K), 0.0052610 secs] [Times: user=0.03 sys=0.00, real=0.01 secs] 
2014-07-09T00:51:24.097+0000: 307.559: [GC [PSYoungGen: 159361K->370K(155648K)] 235278K->76472K(842624K), 0.0054330 secs] [Times: user=0.03 sys=0.00, real=0.01 secs] 
2014-07-09T00:51:24.638+0000: 308.100: [GC [PSYoungGen: 155634K->1191K(187584K)] 231736K->77585K(874560K), 0.0074490 secs] [Times: user=0.04 sys=0.01, real=0.00 secs] 
2014-07-09T00:51:25.300+0000: 308.763: [GC [PSYoungGen: 187537K->864K(183360K)] 263931K->77346K(870336K), 0.0045510 secs] [Times: user=0.03 sys=0.00, real=0.00 secs] 
2014-07-09T00:51:25.922+0000: 309.384: [GC [PSYoungGen: 183328K->694K(179392K)] 259810K->77240K(866368K), 0.0032320 secs] [Times: user=0.02 sys=0.00, real=0.00 secs] 
2014-07-09T00:51:26.540+0000: 310.002: [GC [PSYoungGen: 179382K->860K(175936K)] 255928K->77454K(862912K), 0.0051270 secs] [Times: user=0.02 sys=0.00, real=0.00 secs] 
2014-07-09T00:51:27.147+0000: 310.609: [GC [PSYoungGen: 175900K->612K(172160K)] 252494K->77294K(859136K), 0.0047150 secs] [Times: user=0.03 sys=0.00, real=0.01 secs] 
2014-07-09T00:51:27.743+0000: 311.205: [GC [PSYoungGen: 172132K->836K(169024K)] 248814K->77614K(856000K), 0.0046160 secs] [Times: user=0.03 sys=0.00, real=0.00 secs] 
2014-07-09T00:51:28.320+0000: 311.783: [GC [PSYoungGen: 168946K->946K(165824K)] 245724K->77796K(852800K), 0.0044500 secs] [Times: user=0.02 sys=0.00, real=0.00 secs] 
2014-07-09T00:51:28.891+0000: 312.353: [GC [PSYoungGen: 165789K->608K(162304K)] 242639K->77529K(849280K), 0.0045620 secs] [Times: user=0.02 sys=0.00, real=0.00 secs] 
2014-07-09T00:51:29.450+0000: 312.913: [GC [PSYoungGen: 162272K->712K(159360K)] 239193K->77706K(846336K), 0.0079610 secs] [Times: user=0.04 sys=0.00, real=0.00 secs] 
2014-07-09T00:51:30.005+0000: 313.467: [GC [PSYoungGen: 159299K->776K(156416K)] 236293K->77850K(843392K), 0.0049240 secs] [Times: user=0.02 sys=0.00, real=0.01 secs] 
2014-07-09T00:51:30.536+0000: 313.998: [GC [PSYoungGen: 156360K->640K(153344K)] 233434K->77777K(840320K), 0.0046790 secs] [Times: user=0.02 sys=0.01, real=0.01 secs] 
2014-07-09T00:51:31.066+0000: 314.528: [GC [PSYoungGen: 153315K->894K(150784K)] 230453K->78112K(837760K), 0.0059380 secs] [Times: user=0.03 sys=0.00, real=0.01 secs] 
2014-07-09T00:51:31.579+0000: 315.042: [GC [PSYoungGen: 150717K->957K(148096K)] 227935K->78247K(835072K), 0.0047200 secs] [Times: user=0.03 sys=0.00, real=0.00 secs] 
2014-07-09T00:51:32.081+0000: 315.544: [GC [PSYoungGen: 148061K->612K(145152K)] 225351K->78046K(832128K), 0.0040010 secs] [Times: user=0.02 sys=0.00, real=0.00 secs] 
2014-07-09T00:51:32.579+0000: 316.041: [GC [PSYoungGen: 145092K->932K(142912K)] 222526K->78504K(829888K), 0.0042870 secs] [Times: user=0.02 sys=0.00, real=0.00 secs] 
2014-07-09T00:51:33.081+0000: 316.543: [GC [PSYoungGen: 142884K->884K(140352K)] 220456K->78766K(827328K), 0.0034040 secs] [Times: user=0.02 sys=0.00, real=0.00 secs] 
2014-07-09T00:51:33.576+0000: 317.039: [GC [PSYoungGen: 140302K->648K(137728K)] 218184K->78562K(824704K), 0.0059610 secs] [Times: user=0.03 sys=0.00, real=0.01 secs] 
2014-07-09T00:51:34.043+0000: 317.505: [GC [PSYoungGen: 137670K->762K(135424K)] 215584K->78838K(822400K), 0.0038640 secs] [Times: user=0.03 sys=0.00, real=0.00 secs] 
2014-07-09T00:51:34.518+0000: 317.980: [GC [PSYoungGen: 135418K->672K(133056K)] 213494K->78860K(820032K), 0.0047430 secs] [Times: user=0.02 sys=0.00, real=0.01 secs] 
2014-07-09T00:51:34.976+0000: 318.439: [GC [PSYoungGen: 133024K->776K(130944K)] 211212K->79052K(817920K), 0.0035030 secs] [Times: user=0.02 sys=0.00, real=0.01 secs] 
2014-07-09T00:51:35.429+0000: 318.891: [GC [PSYoungGen: 130882K->666K(128640K)] 209158K->78998K(815616K), 0.0041270 secs] [Times: user=0.02 sys=0.00, real=0.01 secs] 
2014-07-09T00:51:35.878+0000: 319.340: [GC [PSYoungGen: 128602K->548K(126400K)] 206934K->78952K(813376K), 0.0039710 secs] [Times: user=0.02 sys=0.00, real=0.01 secs] 
2014-07-09T00:51:36.306+0000: 319.768: [GC [PSYoungGen: 126349K->930K(124736K)] 204753K->79414K(811712K), 0.0063830 secs] [Times: user=0.03 sys=0.00, real=0.01 secs] 
2014-07-09T00:51:36.733+0000: 320.196: [GC [PSYoungGen: 124706K->862K(149440K)] 203190K->79426K(836416K), 0.0047850 secs] [Times: user=0.03 sys=0.00, real=0.00 secs] 
2014-07-09T00:51:37.249+0000: 320.711: [GC [PSYoungGen: 149381K->980K(146880K)] 227945K->79624K(833856K), 0.0034860 secs] [Times: user=0.02 sys=0.00, real=0.01 secs] 
2014-07-09T00:51:37.765+0000: 321.227: [GC [PSYoungGen: 146836K->576K(143808K)] 225480K->79300K(830784K), 0.0046730 secs] [Times: user=0.03 sys=0.00, real=0.00 secs] 
2014-07-09T00:51:38.261+0000: 321.723: [GC [PSYoungGen: 143808K->498K(141248K)] 222532K->79294K(828224K), 0.0030480 secs] [Times: user=0.01 sys=0.00, real=0.00 secs] 
2014-07-09T00:51:38.745+0000: 322.207: [GC [PSYoungGen: 141226K->740K(139072K)] 220022K->79600K(826048K), 0.0072410 secs] [Times: user=0.04 sys=0.00, real=0.01 secs] 
2014-07-09T00:51:39.222+0000: 322.684: [GC [PSYoungGen: 139044K->576K(166592K)] 217904K->79508K(853568K), 0.0054260 secs] [Times: user=0.03 sys=0.01, real=0.00 secs] 
2014-07-09T00:51:39.787+0000: 323.250: [GC [PSYoungGen: 166552K->1000K(163840K)] 245485K->80004K(850816K), 0.0046090 secs] [Times: user=0.03 sys=0.00, real=0.01 secs] 
2014-07-09T00:51:40.354+0000: 323.816: [GC [PSYoungGen: 163816K->772K(160512K)] 242820K->79872K(847488K), 0.0036060 secs] [Times: user=0.02 sys=0.00, real=0.00 secs] 
2014-07-09T00:51:40.902+0000: 324.364: [GC [PSYoungGen: 160452K->762K(192384K)] 239552K->80050K(879360K), 0.0104620 secs] [Times: user=0.06 sys=0.00, real=0.01 secs] 
2014-07-09T00:51:41.561+0000: 325.023: [GC [PSYoungGen: 192378K->890K(202112K)] 271666K->80258K(889088K), 0.0049190 secs] [Times: user=0.03 sys=0.01, real=0.00 secs] 
2014-07-09T00:51:42.264+0000: 325.727: [GC [PSYoungGen: 201762K->566K(197120K)] 281130K->80056K(884096K), 0.0062450 secs] [Times: user=0.04 sys=0.00, real=0.00 secs] 
2014-07-09T00:51:42.953+0000: 326.415: [GC [PSYoungGen: 197061K->794K(193152K)] 276551K->80380K(880128K), 0.0039190 secs] [Times: user=0.02 sys=0.00, real=0.00 secs] 
2014-07-09T00:51:43.626+0000: 327.088: [GC [PSYoungGen: 193114K->1056K(189312K)] 272700K->80754K(876288K), 0.0036160 secs] [Times: user=0.03 sys=0.00, real=0.00 secs] 
2014-07-09T00:51:44.278+0000: 327.741: [GC [PSYoungGen: 189280K->690K(184960K)] 268978K->80468K(871936K), 0.0040300 secs] [Times: user=0.02 sys=0.00, real=0.01 secs] 
2014-07-09T00:51:44.926+0000: 328.388: [GC [PSYoungGen: 184946K->830K(181248K)] 264724K->80706K(868224K), 0.0061970 secs] [Times: user=0.04 sys=0.00, real=0.01 secs] 
2014-07-09T00:51:45.548+0000: 329.011: [GC [PSYoungGen: 181246K->826K(177536K)] 261122K->80814K(864512K), 0.0051180 secs] [Times: user=0.03 sys=0.00, real=0.01 secs] 
2014-07-09T00:51:46.170+0000: 329.632: [GC [PSYoungGen: 177507K->914K(174080K)] 257495K->80974K(861056K), 0.0034210 secs] [Times: user=0.02 sys=0.00, real=0.01 secs] 
2014-07-09T00:51:46.776+0000: 330.239: [GC [PSYoungGen: 174034K->822K(170496K)] 254094K->80954K(857472K), 0.0077430 secs] [Times: user=0.04 sys=0.00, real=0.01 secs] 
2014-07-09T00:51:47.369+0000: 330.831: [GC [PSYoungGen: 170486K->690K(167040K)] 250618K->80918K(854016K), 0.0047390 secs] [Times: user=0.02 sys=0.00, real=0.01 secs] 
2014-07-09T00:51:47.954+0000: 331.416: [GC [PSYoungGen: 167026K->1026K(164224K)] 247254K->81326K(851200K), 0.0049820 secs] [Times: user=0.03 sys=0.00, real=0.00 secs] 
2014-07-09T00:51:48.508+0000: 331.971: [GC [PSYoungGen: 164162K->694K(160704K)] 244462K->81262K(847680K), 0.0026310 secs] [Times: user=0.01 sys=0.00, real=0.00 secs] 
2014-07-09T00:51:49.063+0000: 332.526: [GC [PSYoungGen: 160694K->1128K(158144K)] 241262K->81768K(845120K), 0.0052840 secs] [Times: user=0.02 sys=0.00, real=0.00 secs] 
2014-07-09T00:51:49.611+0000: 333.074: [GC [PSYoungGen: 158120K->616K(154688K)] 238760K->81362K(841664K), 0.0067940 secs] [Times: user=0.03 sys=0.00, real=0.01 secs] 
2014-07-09T00:51:50.137+0000: 333.599: [GC [PSYoungGen: 154664K->1181K(152384K)] 235410K->82015K(839360K), 0.0032170 secs] [Times: user=0.01 sys=0.00, real=0.00 secs] 
2014-07-09T00:51:50.662+0000: 334.125: [GC [PSYoungGen: 152349K->876K(149312K)] 233183K->81798K(836288K), 0.0037420 secs] [Times: user=0.02 sys=0.00, real=0.00 secs] 
2014-07-09T00:51:51.175+0000: 334.637: [GC [PSYoungGen: 149292K->954K(146688K)] 230214K->81940K(833664K), 0.0044010 secs] [Times: user=0.02 sys=0.01, real=0.00 secs] 
2014-07-09T00:51:51.682+0000: 335.144: [GC [PSYoungGen: 146682K->812K(143936K)] 227668K->81878K(830912K), 0.0023800 secs] [Times: user=0.01 sys=0.00, real=0.00 secs] 
2014-07-09T00:51:52.190+0000: 335.652: [GC [PSYoungGen: 143915K->608K(141248K)] 224981K->81738K(828224K), 0.0049880 secs] [Times: user=0.02 sys=0.00, real=0.01 secs] 
2014-07-09T00:51:52.671+0000: 336.133: [GC [PSYoungGen: 141216K->924K(139136K)] 222346K->82102K(826112K), 0.0034510 secs] [Times: user=0.01 sys=0.00, real=0.01 secs] 
2014-07-09T00:51:53.152+0000: 336.614: [GC [PSYoungGen: 139100K->758K(136576K)] 220278K->82024K(823552K), 0.0056800 secs] [Times: user=0.03 sys=0.00, real=0.00 secs] 
2014-07-09T00:51:53.621+0000: 337.083: [GC [PSYoungGen: 136551K->982K(134528K)] 217817K->82328K(821504K), 0.0033320 secs] [Times: user=0.02 sys=0.00, real=0.01 secs] 
2014-07-09T00:51:54.098+0000: 337.560: [GC [PSYoungGen: 134458K->804K(132096K)] 215804K->82214K(819072K), 0.0046600 secs] [Times: user=0.03 sys=0.00, real=0.01 secs] 
2014-07-09T00:51:54.559+0000: 338.021: [GC [PSYoungGen: 132068K->740K(129856K)] 213478K->82254K(816832K), 0.0065270 secs] [Times: user=0.04 sys=0.00, real=0.01 secs] 
2014-07-09T00:51:55.005+0000: 338.468: [GC [PSYoungGen: 129828K->758K(127744K)] 211342K->82336K(814720K), 0.0042160 secs] [Times: user=0.02 sys=0.00, real=0.00 secs] 
2014-07-09T00:51:55.447+0000: 338.909: [GC [PSYoungGen: 127734K->640K(153024K)] 209312K->82298K(840000K), 0.0065680 secs] [Times: user=0.04 sys=0.00, real=0.01 secs] 
2014-07-09T00:51:55.972+0000: 339.435: [GC [PSYoungGen: 153000K->726K(183680K)] 234659K->82472K(870656K), 0.0059880 secs] [Times: user=0.04 sys=0.00, real=0.01 secs] 
2014-07-09T00:51:56.613+0000: 340.075: [GC [PSYoungGen: 183638K->690K(219776K)] 265384K->82492K(906752K), 0.0077090 secs] [Times: user=0.04 sys=0.00, real=0.01 secs] 
2014-07-09T00:51:57.369+0000: 340.831: [GC [PSYoungGen: 219378K->512K(214208K)] 301180K->82378K(901184K), 0.0045840 secs] [Times: user=0.02 sys=0.00, real=0.01 secs] 
2014-07-09T00:51:58.112+0000: 341.574: [GC [PSYoungGen: 214208K->644K(209600K)] 296074K->82598K(896576K), 0.0053210 secs] [Times: user=0.03 sys=0.00, real=0.01 secs] 
2014-07-09T00:51:58.835+0000: 342.298: [GC [PSYoungGen: 209537K->480K(204736K)] 291492K->82490K(891712K), 0.0050650 secs] [Times: user=0.02 sys=0.00, real=0.00 secs] 
2014-07-09T00:51:59.540+0000: 343.002: [GC [PSYoungGen: 204704K->768K(200512K)] 286714K->82826K(887488K), 0.0057170 secs] [Times: user=0.02 sys=0.00, real=0.01 secs] 
2014-07-09T00:52:00.231+0000: 343.694: [GC [PSYoungGen: 200512K->1076K(196480K)] 282570K->83230K(883456K), 0.0032320 secs] [Times: user=0.02 sys=0.00, real=0.01 secs] 
2014-07-09T00:52:00.916+0000: 344.379: [GC [PSYoungGen: 196468K->508K(191744K)] 278622K->82840K(878720K), 0.0038230 secs] [Times: user=0.01 sys=0.00, real=0.00 secs] 
2014-07-09T00:52:01.568+0000: 345.030: [GC [PSYoungGen: 191740K->812K(188032K)] 274072K->83216K(875008K), 0.0043960 secs] [Times: user=0.03 sys=0.00, real=0.00 secs] 
2014-07-09T00:52:02.224+0000: 345.686: [GC [PSYoungGen: 188012K->544K(183872K)] 270416K->83052K(870848K), 0.0031270 secs] [Times: user=0.01 sys=0.01, real=0.01 secs] 
2014-07-09T00:52:02.871+0000: 346.333: [GC [PSYoungGen: 183840K->562K(180096K)] 266348K->83134K(867072K), 0.0053120 secs] [Times: user=0.01 sys=0.00, real=0.01 secs] 
2014-07-09T00:52:03.507+0000: 346.970: [GC [PSYoungGen: 180065K->912K(176832K)] 262637K->83572K(863808K), 0.0038440 secs] [Times: user=0.02 sys=0.00, real=0.00 secs] 
2014-07-09T00:52:04.108+0000: 347.570: [GC [PSYoungGen: 176784K->776K(173184K)] 259444K->83548K(860160K), 0.0049150 secs] [Times: user=0.03 sys=0.00, real=0.00 secs] 
2014-07-09T00:52:04.711+0000: 348.174: [GC [PSYoungGen: 173123K->684K(169664K)] 255895K->83687K(856640K), 0.0027080 secs] [Times: user=0.01 sys=0.00, real=0.01 secs] 
2014-07-09T00:52:05.301+0000: 348.763: [GC [PSYoungGen: 169632K->826K(166464K)] 252635K->83933K(853440K), 0.0061620 secs] [Times: user=0.04 sys=0.00, real=0.01 secs] 
2014-07-09T00:52:05.875+0000: 349.337: [GC [PSYoungGen: 166443K->794K(163264K)] 249551K->83981K(850240K), 0.0031030 secs] [Times: user=0.02 sys=0.00, real=0.00 secs] 
2014-07-09T00:52:06.447+0000: 349.909: [GC [PSYoungGen: 163226K->544K(159872K)] 246413K->83779K(846848K), 0.0062910 secs] [Times: user=0.03 sys=0.01, real=0.00 secs] 
2014-07-09T00:52:06.989+0000: 350.451: [GC [PSYoungGen: 159840K->836K(157184K)] 243075K->84127K(844160K), 0.0055900 secs] [Times: user=0.03 sys=0.00, real=0.01 secs] 
2014-07-09T00:52:07.542+0000: 351.004: [GC [PSYoungGen: 157124K->844K(154240K)] 240415K->84215K(841216K), 0.0060560 secs] [Times: user=0.04 sys=0.00, real=0.01 secs] 
2014-07-09T00:52:08.072+0000: 351.534: [GC [PSYoungGen: 154188K->548K(151104K)] 237559K->84189K(838080K), 0.0059070 secs] [Times: user=0.04 sys=0.00, real=0.01 secs] 
2014-07-09T00:52:08.603+0000: 352.066: [GC [PSYoungGen: 151076K->1110K(148928K)] 234717K->84848K(835904K), 0.0056350 secs] [Times: user=0.03 sys=0.01, real=0.01 secs] 
2014-07-09T00:52:09.105+0000: 352.567: [GC [PSYoungGen: 148886K->634K(145728K)] 232624K->84601K(832704K), 0.0028820 secs] [Times: user=0.02 sys=0.01, real=0.01 secs] 
2014-07-09T00:52:09.619+0000: 353.081: [GC [PSYoungGen: 145722K->882K(143424K)] 229689K->84889K(830400K), 0.0045930 secs] [Times: user=0.02 sys=0.00, real=0.00 secs] 
2014-07-09T00:52:10.115+0000: 353.577: [GC [PSYoungGen: 143410K->701K(140736K)] 227417K->84772K(827712K), 0.0053920 secs] [Times: user=0.03 sys=0.00, real=0.00 secs] 
2014-07-09T00:52:10.596+0000: 354.058: [GC [PSYoungGen: 140733K->814K(138432K)] 224804K->84965K(825408K), 0.0028850 secs] [Times: user=0.01 sys=0.00, real=0.00 secs] 
2014-07-09T00:52:11.079+0000: 354.541: [GC [PSYoungGen: 138414K->680K(135936K)] 222565K->84919K(822912K), 0.0041080 secs] [Times: user=0.01 sys=0.00, real=0.00 secs] 
2014-07-09T00:52:11.559+0000: 355.021: [GC [PSYoungGen: 135912K->790K(133760K)] 220151K->85109K(820736K), 0.0065530 secs] [Times: user=0.04 sys=0.00, real=0.01 secs] 
2014-07-09T00:52:12.028+0000: 355.490: [GC [PSYoungGen: 133718K->819K(131520K)] 218037K->85334K(818496K), 0.0028440 secs] [Times: user=0.01 sys=0.00, real=0.00 secs] 
2014-07-09T00:52:12.486+0000: 355.948: [GC [PSYoungGen: 131507K->946K(129472K)] 216022K->85525K(816448K), 0.0036550 secs] [Times: user=0.01 sys=0.00, real=0.00 secs] 
2014-07-09T00:52:12.936+0000: 356.398: [GC [PSYoungGen: 129458K->570K(126976K)] 214037K->85369K(813952K), 0.0035550 secs] [Times: user=0.01 sys=0.00, real=0.00 secs] 
2014-07-09T00:52:13.385+0000: 356.847: [GC [PSYoungGen: 126970K->680K(125056K)] 211769K->85559K(812032K), 0.0031180 secs] [Times: user=0.02 sys=0.00, real=0.01 secs] 
2014-07-09T00:52:13.810+0000: 357.272: [GC [PSYoungGen: 125031K->812K(150080K)] 209910K->85755K(837056K), 0.0075090 secs] [Times: user=0.05 sys=0.00, real=0.01 secs] 
2014-07-09T00:52:14.337+0000: 357.799: [GC [PSYoungGen: 150060K->800K(147392K)] 235003K->85816K(834368K), 0.0027470 secs] [Times: user=0.01 sys=0.00, real=0.00 secs] 
2014-07-09T00:52:14.839+0000: 358.301: [GC [PSYoungGen: 147313K->673K(144640K)] 232328K->85760K(831616K), 0.0038740 secs] [Times: user=0.01 sys=0.00, real=0.00 secs] 
2014-07-09T00:52:15.337+0000: 358.799: [GC [PSYoungGen: 144561K->1007K(142400K)] 229649K->86151K(829376K), 0.0063710 secs] [Times: user=0.03 sys=0.00, real=0.00 secs] 
2014-07-09T00:52:15.837+0000: 359.299: [GC [PSYoungGen: 142383K->498K(139392K)] 227527K->85863K(826368K), 0.0026780 secs] [Times: user=0.02 sys=0.00, real=0.00 secs] 
2014-07-09T00:52:16.332+0000: 359.794: [GC [PSYoungGen: 139378K->644K(137216K)] 224743K->86097K(824192K), 0.0071780 secs] [Times: user=0.04 sys=0.00, real=0.01 secs] 
2014-07-09T00:52:16.799+0000: 360.261: [GC [PSYoungGen: 137156K->530K(164416K)] 222609K->86047K(851392K), 0.0052440 secs] [Times: user=0.03 sys=0.01, real=0.00 secs] 
2014-07-09T00:52:17.361+0000: 360.823: [GC [PSYoungGen: 164370K->976K(161728K)] 249887K->86589K(848704K), 0.0036840 secs] [Times: user=0.02 sys=0.01, real=0.00 secs] 
2014-07-09T00:52:17.925+0000: 361.387: [GC [PSYoungGen: 161680K->648K(158336K)] 247293K->86341K(845312K), 0.0065350 secs] [Times: user=0.04 sys=0.01, real=0.01 secs] 
2014-07-09T00:52:18.468+0000: 361.931: [GC [PSYoungGen: 158250K->848K(155584K)] 243943K->86613K(842560K), 0.0063980 secs] [Times: user=0.03 sys=0.00, real=0.00 secs] 
2014-07-09T00:52:19.008+0000: 362.470: [GC [PSYoungGen: 155536K->744K(152576K)] 241301K->86589K(839552K), 0.0033700 secs] [Times: user=0.01 sys=0.00, real=0.00 secs] 
2014-07-09T00:52:19.541+0000: 363.004: [GC [PSYoungGen: 152543K->1092K(150208K)] 238389K->87018K(837184K), 0.0054080 secs] [Times: user=0.02 sys=0.00, real=0.01 secs] 
2014-07-09T00:52:20.066+0000: 363.528: [GC [PSYoungGen: 150148K->424K(146816K)] 236074K->86749K(833792K), 0.0035160 secs] [Times: user=0.02 sys=0.00, real=0.01 secs] 
2014-07-09T00:52:20.580+0000: 364.042: [GC [PSYoungGen: 146792K->776K(144576K)] 233117K->87205K(831552K), 0.0052480 secs] [Times: user=0.02 sys=0.00, real=0.00 secs] 
2014-07-09T00:52:21.081+0000: 364.543: [GC [PSYoungGen: 144511K->1029K(142272K)] 230941K->87539K(829248K), 0.0028280 secs] [Times: user=0.01 sys=0.00, real=0.00 secs] 
2014-07-09T00:52:21.562+0000: 365.024: [GC [PSYoungGen: 142213K->904K(139648K)] 228723K->87477K(826624K), 0.0030090 secs] [Times: user=0.01 sys=0.00, real=0.00 secs] 
2014-07-09T00:52:22.040+0000: 365.502: [GC [PSYoungGen: 139592K->434K(136768K)] 226165K->87305K(823744K), 0.0057610 secs] [Times: user=0.04 sys=0.00, real=0.00 secs] 
2014-07-09T00:52:22.507+0000: 365.970: [GC [PSYoungGen: 136754K->1012K(135040K)] 223625K->87947K(822016K), 0.0043730 secs] [Times: user=0.02 sys=0.00, real=0.00 secs] 
2014-07-09T00:52:22.979+0000: 366.441: [GC [PSYoungGen: 135028K->762K(132544K)] 221963K->87911K(819520K), 0.0047170 secs] [Times: user=0.02 sys=0.00, real=0.00 secs] 
2014-07-09T00:52:23.428+0000: 366.891: [GC [PSYoungGen: 132526K->516K(158720K)] 219675K->87705K(845696K), 0.0076880 secs] [Times: user=0.04 sys=0.00, real=0.00 secs] 
2014-07-09T00:52:23.982+0000: 367.445: [GC [PSYoungGen: 158660K->754K(155968K)] 245849K->88031K(842944K), 0.0039290 secs] [Times: user=0.02 sys=0.00, real=0.00 secs] 
2014-07-09T00:52:24.525+0000: 367.987: [GC [PSYoungGen: 155948K->748K(153088K)] 243225K->88105K(840064K), 0.0052340 secs] [Times: user=0.03 sys=0.00, real=0.01 secs] 
2014-07-09T00:52:25.060+0000: 368.522: [GC [PSYoungGen: 153042K->808K(183616K)] 240399K->88245K(870592K), 0.0066010 secs] [Times: user=0.04 sys=0.00, real=0.00 secs] 
2014-07-09T00:52:25.693+0000: 369.156: [GC [PSYoungGen: 183570K->584K(179648K)] 271007K->88037K(866624K), 0.0051150 secs] [Times: user=0.01 sys=0.00, real=0.01 secs] 
2014-07-09T00:52:26.325+0000: 369.787: [GC [PSYoungGen: 179592K->894K(176256K)] 267045K->88509K(863232K), 0.0045730 secs] [Times: user=0.03 sys=0.00, real=0.01 secs] 
2014-07-09T00:52:26.949+0000: 370.412: [GC [PSYoungGen: 176232K->516K(172416K)] 263847K->88179K(859392K), 0.0074180 secs] [Times: user=0.04 sys=0.00, real=0.01 secs] 
2014-07-09T00:52:27.538+0000: 371.001: [GC [PSYoungGen: 172356K->690K(197632K)] 260019K->88425K(884608K), 0.0077970 secs] [Times: user=0.05 sys=0.00, real=0.00 secs] 
2014-07-09T00:52:28.228+0000: 371.690: [GC [PSYoungGen: 197426K->776K(197888K)] 285161K->88599K(884864K), 0.0065650 secs] [Times: user=0.03 sys=0.00, real=0.01 secs] 
2014-07-09T00:52:28.903+0000: 372.365: [GC [PSYoungGen: 197512K->940K(193472K)] 285335K->88827K(880448K), 0.0032790 secs] [Times: user=0.01 sys=0.00, real=0.00 secs] 
2014-07-09T00:52:29.575+0000: 373.038: [GC [PSYoungGen: 193452K->594K(189056K)] 281339K->88545K(876032K), 0.0033570 secs] [Times: user=0.01 sys=0.01, real=0.01 secs] 
2014-07-09T00:52:30.234+0000: 373.696: [GC [PSYoungGen: 189010K->736K(185216K)] 276961K->88841K(872192K), 0.0076840 secs] [Times: user=0.04 sys=0.00, real=0.01 secs] 
2014-07-09T00:52:30.891+0000: 374.353: [GC [PSYoungGen: 185148K->694K(181312K)] 273254K->88863K(868288K), 0.0065280 secs] [Times: user=0.04 sys=0.01, real=0.00 secs] 
2014-07-09T00:52:31.519+0000: 374.981: [GC [PSYoungGen: 181302K->690K(177600K)] 269471K->88981K(864576K), 0.0044490 secs] [Times: user=0.03 sys=0.00, real=0.00 secs] 
2014-07-09T00:52:32.137+0000: 375.600: [GC [PSYoungGen: 177586K->1026K(174400K)] 265877K->89405K(861376K), 0.0046640 secs] [Times: user=0.03 sys=0.00, real=0.01 secs] 
2014-07-09T00:52:32.742+0000: 376.204: [GC [PSYoungGen: 174338K->416K(170304K)] 262717K->88835K(857280K), 0.0032140 secs] [Times: user=0.02 sys=0.00, real=0.00 secs] 
2014-07-09T00:52:33.324+0000: 376.786: [GC [PSYoungGen: 170257K->1168K(167744K)] 258676K->89691K(854720K), 0.0026940 secs] [Times: user=0.01 sys=0.01, real=0.00 secs] 
2014-07-09T00:52:33.916+0000: 377.378: [GC [PSYoungGen: 167671K->808K(164096K)] 256194K->89539K(851072K), 0.0043380 secs] [Times: user=0.02 sys=0.00, real=0.01 secs] 
2014-07-09T00:52:34.479+0000: 377.941: [GC [PSYoungGen: 164072K->822K(160960K)] 252803K->89649K(847936K), 0.0059700 secs] [Times: user=0.04 sys=0.00, real=0.01 secs] 
2014-07-09T00:52:35.027+0000: 378.490: [GC [PSYoungGen: 160950K->944K(158080K)] 249777K->89951K(845056K), 0.0026340 secs] [Times: user=0.02 sys=0.00, real=0.01 secs] 
2014-07-09T00:52:35.583+0000: 379.045: [GC [PSYoungGen: 158064K->1064K(155264K)] 247071K->90159K(842240K), 0.0036410 secs] [Times: user=0.02 sys=0.00, real=0.00 secs] 
2014-07-09T00:52:36.124+0000: 379.586: [GC [PSYoungGen: 155239K->562K(151872K)] 244334K->90049K(838848K), 0.0057810 secs] [Times: user=0.03 sys=0.01, real=0.01 secs] 
2014-07-09T00:52:36.651+0000: 380.113: [GC [PSYoungGen: 151822K->804K(149376K)] 241309K->90339K(836352K), 0.0049850 secs] [Times: user=0.02 sys=0.00, real=0.00 secs] 
2014-07-09T00:52:37.159+0000: 380.621: [GC [PSYoungGen: 149348K->1026K(146944K)] 238883K->90657K(833920K), 0.0079040 secs] [Times: user=0.05 sys=0.00, real=0.00 secs] 
2014-07-09T00:52:37.669+0000: 381.131: [GC [PSYoungGen: 146882K->736K(144000K)] 236513K->90423K(830976K), 0.0047500 secs] [Times: user=0.02 sys=0.00, real=0.01 secs] 
2014-07-09T00:52:38.159+0000: 381.622: [GC [PSYoungGen: 143968K->798K(172736K)] 233655K->90557K(859712K), 0.0065330 secs] [Times: user=0.03 sys=0.01, real=0.00 secs] 
2014-07-09T00:52:38.766+0000: 382.228: [GC [PSYoungGen: 172663K->894K(169408K)] 262422K->90717K(856384K), 0.0027180 secs] [Times: user=0.01 sys=0.00, real=0.00 secs] 
2014-07-09T00:52:39.349+0000: 382.811: [GC [PSYoungGen: 169406K->662K(165888K)] 259229K->90557K(852864K), 0.0033420 secs] [Times: user=0.02 sys=0.00, real=0.00 secs] 
2014-07-09T00:52:39.918+0000: 383.380: [GC [PSYoungGen: 165813K->974K(163008K)] 255708K->90934K(849984K), 0.0038960 secs] [Times: user=0.01 sys=0.00, real=0.01 secs] 
2014-07-09T00:52:40.491+0000: 383.953: [GC [PSYoungGen: 162912K->887K(159808K)] 252871K->90942K(846784K), 0.0047290 secs] [Times: user=0.03 sys=0.00, real=0.00 secs] 
2014-07-09T00:52:41.046+0000: 384.508: [GC [PSYoungGen: 159797K->1263K(157184K)] 249853K->91472K(844160K), 0.0051020 secs] [Times: user=0.03 sys=0.00, real=0.01 secs] 
2014-07-09T00:52:41.588+0000: 385.050: [GC [PSYoungGen: 157167K->434K(153472K)] 247376K->90871K(840448K), 0.0043220 secs] [Times: user=0.01 sys=0.00, real=0.01 secs] 
2014-07-09T00:52:42.121+0000: 385.583: [GC [PSYoungGen: 153458K->1232K(151488K)] 243895K->91765K(838464K), 0.0037400 secs] [Times: user=0.02 sys=0.01, real=0.00 secs] 
2014-07-09T00:52:42.644+0000: 386.106: [GC [PSYoungGen: 151440K->844K(148352K)] 241973K->91515K(835328K), 0.0026170 secs] [Times: user=0.02 sys=0.00, real=0.00 secs] 
2014-07-09T00:52:43.157+0000: 386.619: [GC [PSYoungGen: 148299K->1182K(146048K)] 238970K->91965K(833024K), 0.0043200 secs] [Times: user=0.02 sys=0.01, real=0.01 secs] 
2014-07-09T00:52:43.668+0000: 387.130: [GC [PSYoungGen: 146014K->690K(142976K)] 236797K->91545K(829952K), 0.0085500 secs] [Times: user=0.05 sys=0.00, real=0.01 secs] 
2014-07-09T00:52:44.158+0000: 387.620: [GC [PSYoungGen: 142952K->1074K(140864K)] 233808K->92009K(827840K), 0.0044020 secs] [Times: user=0.03 sys=0.00, real=0.01 secs] 
2014-07-09T00:52:44.659+0000: 388.122: [GC [PSYoungGen: 140850K->932K(138304K)] 231785K->91931K(825280K), 0.0046860 secs] [Times: user=0.02 sys=0.01, real=0.01 secs] 
2014-07-09T00:52:45.133+0000: 388.596: [GC [PSYoungGen: 138276K->750K(165632K)] 229275K->91837K(852608K), 0.0062070 secs] [Times: user=0.03 sys=0.01, real=0.00 secs] 
2014-07-09T00:52:45.702+0000: 389.164: [GC [PSYoungGen: 165614K->662K(198592K)] 256701K->91805K(885568K), 0.0058790 secs] [Times: user=0.02 sys=0.00, real=0.00 secs] 
2014-07-09T00:52:46.393+0000: 389.856: [GC [PSYoungGen: 198550K->858K(194496K)] 289693K->92105K(881472K), 0.0057890 secs] [Times: user=0.03 sys=0.00, real=0.00 secs] 
2014-07-09T00:52:47.060+0000: 390.522: [GC [PSYoungGen: 194458K->1014K(190528K)] 285705K->92373K(877504K), 0.0060620 secs] [Times: user=0.04 sys=0.00, real=0.00 secs] 
2014-07-09T00:52:47.713+0000: 391.175: [GC [PSYoungGen: 190480K->1032K(186624K)] 281840K->92479K(873600K), 0.0042880 secs] [Times: user=0.02 sys=0.00, real=0.00 secs] 
2014-07-09T00:52:48.358+0000: 391.820: [GC [PSYoungGen: 186558K->748K(182464K)] 278005K->92492K(869440K), 0.0040600 secs] [Times: user=0.02 sys=0.00, real=0.01 secs] 
2014-07-09T00:52:48.990+0000: 392.452: [GC [PSYoungGen: 182427K->980K(179008K)] 274171K->92788K(865984K), 0.0029550 secs] [Times: user=0.01 sys=0.00, real=0.01 secs] 
2014-07-09T00:52:49.606+0000: 393.069: [GC [PSYoungGen: 178964K->676K(175104K)] 270772K->92556K(862080K), 0.0032460 secs] [Times: user=0.01 sys=0.00, real=0.00 secs] 
2014-07-09T00:52:50.208+0000: 393.670: [GC [PSYoungGen: 175076K->918K(171904K)] 266956K->92886K(858880K), 0.0066210 secs] [Times: user=0.04 sys=0.01, real=0.01 secs] 
2014-07-09T00:52:50.806+0000: 394.268: [GC [PSYoungGen: 171854K->744K(168320K)] 263823K->92760K(855296K), 0.0036120 secs] [Times: user=0.01 sys=0.00, real=0.00 secs] 
2014-07-09T00:52:51.386+0000: 394.848: [GC [PSYoungGen: 168296K->548K(164864K)] 260312K->92636K(851840K), 0.0045920 secs] [Times: user=0.02 sys=0.00, real=0.00 secs] 
2014-07-09T00:52:51.944+0000: 395.406: [GC [PSYoungGen: 164836K->448K(161600K)] 256924K->92616K(848576K), 0.0028890 secs] [Times: user=0.02 sys=0.00, real=0.00 secs] 
2014-07-09T00:52:52.507+0000: 395.969: [GC [PSYoungGen: 161600K->1144K(159232K)] 253768K->93385K(846208K), 0.0071960 secs] [Times: user=0.04 sys=0.00, real=0.01 secs] 
2014-07-09T00:52:53.060+0000: 396.522: [GC [PSYoungGen: 159224K->846K(156032K)] 251465K->93182K(843008K), 0.0035590 secs] [Times: user=0.03 sys=0.00, real=0.01 secs] 
2014-07-09T00:52:53.598+0000: 397.060: [GC [PSYoungGen: 155972K->882K(153152K)] 248309K->93275K(840128K), 0.0057240 secs] [Times: user=0.03 sys=0.00, real=0.01 secs] 
2014-07-09T00:52:54.134+0000: 397.597: [GC [PSYoungGen: 153138K->744K(150208K)] 245531K->93232K(837184K), 0.0029780 secs] [Times: user=0.02 sys=0.00, real=0.00 secs] 
2014-07-09T00:52:54.653+0000: 398.115: [GC [PSYoungGen: 150184K->718K(147520K)] 242672K->93263K(834496K), 0.0049410 secs] [Times: user=0.02 sys=0.00, real=0.00 secs] 
2014-07-09T00:52:55.174+0000: 398.636: [GC [PSYoungGen: 147470K->1050K(145216K)] 240014K->93691K(832192K), 0.0035070 secs] [Times: user=0.02 sys=0.00, real=0.00 secs] 
2014-07-09T00:52:55.688+0000: 399.150: [GC [PSYoungGen: 145178K->640K(142208K)] 237819K->93344K(829184K), 0.0059100 secs] [Times: user=0.04 sys=0.00, real=0.01 secs] 
2014-07-09T00:52:56.178+0000: 399.640: [GC [PSYoungGen: 142208K->944K(140032K)] 234912K->93720K(827008K), 0.0040800 secs] [Times: user=0.03 sys=0.00, real=0.01 secs] 
2014-07-09T00:52:56.657+0000: 400.119: [GC [PSYoungGen: 140016K->986K(137664K)] 232792K->93827K(824640K), 0.0043290 secs] [Times: user=0.03 sys=0.00, real=0.00 secs] 
2014-07-09T00:52:57.135+0000: 400.597: [GC [PSYoungGen: 137626K->736K(135104K)] 230467K->93707K(822080K), 0.0052600 secs] [Times: user=0.03 sys=0.00, real=0.00 secs] 
2014-07-09T00:52:57.610+0000: 401.072: [GC [PSYoungGen: 135072K->530K(132672K)] 228043K->93540K(819648K), 0.0043980 secs] [Times: user=0.01 sys=0.01, real=0.01 secs] 
2014-07-09T00:52:58.068+0000: 401.530: [GC [PSYoungGen: 132626K->762K(130688K)] 225636K->93844K(817664K), 0.0042330 secs] [Times: user=0.03 sys=0.00, real=0.01 secs] 
2014-07-09T00:52:58.527+0000: 401.990: [GC [PSYoungGen: 130681K->1090K(157056K)] 223764K->94252K(844032K), 0.0099250 secs] [Times: user=0.06 sys=0.00, real=0.01 secs] 
2014-07-09T00:52:59.066+0000: 402.529: [GC [PSYoungGen: 156994K->676K(153728K)] 250156K->94033K(840704K), 0.0023940 secs] [Times: user=0.01 sys=0.00, real=0.00 secs] 
2014-07-09T00:52:59.596+0000: 403.058: [GC [PSYoungGen: 153697K->768K(151040K)] 247053K->94204K(838016K), 0.0052020 secs] [Times: user=0.03 sys=0.00, real=0.00 secs] 
2014-07-09T00:53:00.137+0000: 403.599: [GC [PSYoungGen: 150976K->876K(181184K)] 244412K->94368K(868160K), 0.0070360 secs] [Times: user=0.04 sys=0.00, real=0.01 secs] 
2014-07-09T00:53:00.764+0000: 404.226: [GC [PSYoungGen: 181133K->686K(211072K)] 274625K->94234K(898048K), 0.0076160 secs] [Times: user=0.05 sys=0.00, real=0.00 secs] 
2014-07-09T00:53:01.488+0000: 404.951: [GC [PSYoungGen: 210502K->972K(206208K)] 304051K->94592K(893184K), 0.0026190 secs] [Times: user=0.01 sys=0.00, real=0.00 secs] 
2014-07-09T00:53:02.206+0000: 405.668: [GC [PSYoungGen: 206156K->772K(201472K)] 299776K->94472K(888448K), 0.0031210 secs] [Times: user=0.02 sys=0.01, real=0.00 secs] 
2014-07-09T00:53:02.906+0000: 406.368: [GC [PSYoungGen: 201388K->616K(216448K)] 295089K->94494K(903424K), 0.0139090 secs] [Times: user=0.07 sys=0.00, real=0.01 secs] 
2014-07-09T00:53:03.658+0000: 407.120: [GC [PSYoungGen: 216423K->780K(217024K)] 310301K->94698K(904000K), 0.0099950 secs] [Times: user=0.06 sys=0.00, real=0.01 secs] 
2014-07-09T00:53:04.397+0000: 407.859: [GC [PSYoungGen: 216551K->1150K(212096K)] 310470K->95207K(899072K), 0.0039070 secs] [Times: user=0.01 sys=0.01, real=0.00 secs] 
2014-07-09T00:53:05.135+0000: 408.597: [GC [PSYoungGen: 212094K->747K(206976K)] 306151K->94851K(893952K), 0.0061870 secs] [Times: user=0.03 sys=0.00, real=0.00 secs] 
2014-07-09T00:53:05.844+0000: 409.306: [GC [PSYoungGen: 206955K->702K(202368K)] 301059K->94966K(889344K), 0.0033550 secs] [Times: user=0.02 sys=0.00, real=0.00 secs] 
2014-07-09T00:53:06.537+0000: 409.999: [GC [PSYoungGen: 202366K->562K(197824K)] 296630K->94922K(884800K), 0.0068970 secs] [Times: user=0.04 sys=0.01, real=0.01 secs] 
2014-07-09T00:53:07.231+0000: 410.693: [GC [PSYoungGen: 197809K->1058K(194112K)] 292170K->95506K(881088K), 0.0059560 secs] [Times: user=0.04 sys=0.00, real=0.01 secs] 
2014-07-09T00:53:07.911+0000: 411.373: [GC [PSYoungGen: 194042K->730K(189696K)] 288490K->95234K(876672K), 0.0062290 secs] [Times: user=0.04 sys=0.00, real=0.01 secs] 
2014-07-09T00:53:08.579+0000: 412.042: [GC [PSYoungGen: 189641K->754K(185728K)] 284146K->95331K(872704K), 0.0049010 secs] [Times: user=0.03 sys=0.00, real=0.01 secs] 
2014-07-09T00:53:09.237+0000: 412.699: [GC [PSYoungGen: 185714K->858K(182016K)] 280291K->95506K(868992K), 0.0046180 secs] [Times: user=0.02 sys=0.00, real=0.00 secs] 
2014-07-09T00:53:09.843+0000: 413.305: [GC [PSYoungGen: 181978K->822K(178240K)] 276626K->95675K(865216K), 0.0035260 secs] [Times: user=0.02 sys=0.00, real=0.01 secs] 
2014-07-09T00:53:10.458+0000: 413.920: [GC [PSYoungGen: 178230K->808K(174656K)] 273083K->95724K(861632K), 0.0044170 secs] [Times: user=0.02 sys=0.00, real=0.00 secs] 
2014-07-09T00:53:11.051+0000: 414.513: [GC [PSYoungGen: 174632K->830K(171200K)] 269548K->95786K(858176K), 0.0074980 secs] [Times: user=0.05 sys=0.00, real=0.01 secs] 
2014-07-09T00:53:11.638+0000: 415.100: [GC [PSYoungGen: 171196K->858K(167936K)] 266153K->95910K(854912K), 0.0030890 secs] [Times: user=0.02 sys=0.00, real=0.00 secs] 
2014-07-09T00:53:12.218+0000: 415.680: [GC [PSYoungGen: 167898K->616K(164416K)] 262950K->95844K(851392K), 0.0039990 secs] [Times: user=0.03 sys=0.00, real=0.00 secs] 
2014-07-09T00:53:12.785+0000: 416.247: [GC [PSYoungGen: 164392K->856K(161536K)] 259620K->96149K(848512K), 0.0064050 secs] [Times: user=0.04 sys=0.00, real=0.00 secs] 
2014-07-09T00:53:13.342+0000: 416.804: [GC [PSYoungGen: 161451K->805K(158400K)] 256744K->96424K(845376K), 0.0044860 secs] [Times: user=0.02 sys=0.00, real=0.01 secs] 
2014-07-09T00:53:13.910+0000: 417.372: [GC [PSYoungGen: 158373K->626K(155264K)] 253992K->96324K(842240K), 0.0061920 secs] [Times: user=0.03 sys=0.00, real=0.01 secs] 
2014-07-09T00:53:14.448+0000: 417.910: [GC [PSYoungGen: 155250K->694K(152448K)] 250948K->96496K(839424K), 0.0031170 secs] [Times: user=0.01 sys=0.00, real=0.00 secs] 
2014-07-09T00:53:14.991+0000: 418.453: [GC [PSYoungGen: 152438K->1167K(150208K)] 248240K->97026K(837184K), 0.0032210 secs] [Times: user=0.02 sys=0.00, real=0.00 secs] 
2014-07-09T00:53:15.504+0000: 418.966: [GC [PSYoungGen: 150153K->572K(146880K)] 246012K->96641K(833856K), 0.0090820 secs] [Times: user=0.06 sys=0.00, real=0.01 secs] 
2014-07-09T00:53:16.009+0000: 419.471: [GC [PSYoungGen: 146876K->1228K(144960K)] 242945K->97401K(831936K), 0.0049520 secs] [Times: user=0.02 sys=0.01, real=0.00 secs] 
2014-07-09T00:53:16.509+0000: 419.971: [GC [PSYoungGen: 144908K->766K(141888K)] 241081K->97161K(828864K), 0.0032860 secs] [Times: user=0.01 sys=0.00, real=0.00 secs] 
2014-07-09T00:53:17.013+0000: 420.475: [GC [PSYoungGen: 141886K->990K(139648K)] 238281K->97489K(826624K), 0.0027720 secs] [Times: user=0.02 sys=0.00, real=0.01 secs] 
2014-07-09T00:53:17.491+0000: 420.953: [GC [PSYoungGen: 139614K->936K(137216K)] 236113K->97507K(824192K), 0.0049840 secs] [Times: user=0.02 sys=0.00, real=0.01 secs] 
2014-07-09T00:53:17.969+0000: 421.431: [GC [PSYoungGen: 137188K->630K(134592K)] 233759K->97281K(821568K), 0.0049020 secs] [Times: user=0.03 sys=0.01, real=0.00 secs] 
2014-07-09T00:53:18.444+0000: 421.907: [GC [PSYoungGen: 134582K->640K(132352K)] 231233K->97370K(819328K), 0.0034800 secs] [Times: user=0.02 sys=0.00, real=0.01 secs] 
2014-07-09T00:53:18.901+0000: 422.364: [GC [PSYoungGen: 132332K->616K(130176K)] 229063K->97411K(817152K), 0.0036510 secs] [Times: user=0.02 sys=0.01, real=0.01 secs] 
2014-07-09T00:53:19.351+0000: 422.813: [GC [PSYoungGen: 130152K->730K(128192K)] 226947K->97605K(815168K), 0.0048210 secs] [Times: user=0.03 sys=0.01, real=0.01 secs] 
2014-07-09T00:53:19.799+0000: 423.262: [GC [PSYoungGen: 128059K->733K(126144K)] 224934K->97648K(813120K), 0.0046420 secs] [Times: user=0.02 sys=0.00, real=0.00 secs] 
2014-07-09T00:53:20.231+0000: 423.694: [GC [PSYoungGen: 126109K->930K(124288K)] 223024K->97917K(811264K), 0.0033810 secs] [Times: user=0.02 sys=0.00, real=0.00 secs] 
2014-07-09T00:53:20.655+0000: 424.117: [GC [PSYoungGen: 124258K->964K(122368K)] 221245K->98047K(809344K), 0.0050220 secs] [Times: user=0.03 sys=0.00, real=0.01 secs] 
2014-07-09T00:53:21.074+0000: 424.536: [GC [PSYoungGen: 122308K->416K(146112K)] 219391K->97530K(833088K), 0.0055270 secs] [Times: user=0.02 sys=0.01, real=0.01 secs] 
2014-07-09T00:53:21.586+0000: 425.048: [GC [PSYoungGen: 146080K->844K(175744K)] 243194K->98047K(862720K), 0.0058590 secs] [Times: user=0.03 sys=0.01, real=0.01 secs] 
2014-07-09T00:53:22.193+0000: 425.655: [GC [PSYoungGen: 175692K->830K(172160K)] 272895K->98089K(859136K), 0.0034260 secs] [Times: user=0.01 sys=0.00, real=0.01 secs] 
2014-07-09T00:53:22.792+0000: 426.254: [GC [PSYoungGen: 172135K->812K(168768K)] 269394K->98151K(855744K), 0.0047480 secs] [Times: user=0.03 sys=0.00, real=0.01 secs] 
2014-07-09T00:53:23.377+0000: 426.839: [GC [PSYoungGen: 168708K->808K(165504K)] 266047K->98367K(852480K), 0.0026900 secs] [Times: user=0.02 sys=0.00, real=0.00 secs] 
2014-07-09T00:53:23.999+0000: 427.462: [GC [PSYoungGen: 165480K->1024K(162496K)] 263039K->98678K(849472K), 0.0044060 secs] [Times: user=0.03 sys=0.00, real=0.00 secs] 
2014-07-09T00:53:24.522+0000: 427.984: [GC [PSYoungGen: 162444K->747K(159168K)] 260099K->98474K(846144K), 0.0027130 secs] [Times: user=0.02 sys=0.00, real=0.00 secs] 
2014-07-09T00:53:25.075+0000: 428.537: [GC [PSYoungGen: 159147K->612K(156032K)] 256874K->98427K(843008K), 0.0038110 secs] [Times: user=0.02 sys=0.00, real=0.01 secs] 
2014-07-09T00:53:25.619+0000: 429.081: [GC [PSYoungGen: 155975K->1185K(153728K)] 253790K->99120K(840704K), 0.0057320 secs] [Times: user=0.03 sys=0.00, real=0.00 secs] 
2014-07-09T00:53:26.156+0000: 429.618: [GC [PSYoungGen: 153666K->890K(150592K)] 251601K->98913K(837568K), 0.0060860 secs] [Times: user=0.03 sys=0.00, real=0.01 secs] 
2014-07-09T00:53:26.687+0000: 430.149: [GC [PSYoungGen: 150586K->594K(147648K)] 248609K->98681K(834624K), 0.0062140 secs] [Times: user=0.04 sys=0.00, real=0.00 secs] 
2014-07-09T00:53:27.184+0000: 430.647: [GC [PSYoungGen: 147602K->562K(144960K)] 245689K->98729K(831936K), 0.0060330 secs] [Times: user=0.03 sys=0.01, real=0.01 secs] 
2014-07-09T00:53:27.673+0000: 431.135: [GC [PSYoungGen: 144929K->979K(142848K)] 243096K->99202K(829824K), 0.0047200 secs] [Times: user=0.01 sys=0.00, real=0.01 secs] 
2014-07-09T00:53:28.195+0000: 431.657: [GC [PSYoungGen: 142803K->1338K(171584K)] 241026K->99917K(858560K), 0.0088370 secs] [Times: user=0.06 sys=0.00, real=0.01 secs] 
2014-07-09T00:53:28.760+0000: 432.223: [GC [PSYoungGen: 171578K->374K(204672K)] 270157K->99291K(891648K), 0.0092140 secs] [Times: user=0.06 sys=0.00, real=0.01 secs] 
2014-07-09T00:53:29.472+0000: 432.935: [GC [PSYoungGen: 204662K->1058K(240384K)] 303579K->100171K(927360K), 0.0079550 secs] [Times: user=0.03 sys=0.00, real=0.01 secs] 
2014-07-09T00:53:30.299+0000: 433.761: [GC [PSYoungGen: 239842K->608K(246784K)] 338955K->99899K(933760K), 0.0089340 secs] [Times: user=0.05 sys=0.01, real=0.01 secs] 
2014-07-09T00:53:31.152+0000: 434.615: [GC [PSYoungGen: 245775K->928K(246784K)] 345067K->100315K(933760K), 0.0045600 secs] [Times: user=0.03 sys=0.01, real=0.01 secs] 
2014-07-09T00:53:32.004+0000: 435.466: [GC [PSYoungGen: 246066K->765K(240000K)] 345453K->100224K(926976K), 0.0036670 secs] [Times: user=0.02 sys=0.01, real=0.01 secs] 
2014-07-09T00:53:32.836+0000: 436.298: [GC [PSYoungGen: 239997K->608K(234176K)] 339456K->100147K(921152K), 0.0043220 secs] [Times: user=0.03 sys=0.01, real=0.01 secs] 
2014-07-09T00:53:33.655+0000: 437.117: [GC [PSYoungGen: 234143K->598K(228672K)] 333682K->100169K(915648K), 0.0090400 secs] [Times: user=0.05 sys=0.00, real=0.01 secs] 
2014-07-09T00:53:34.438+0000: 437.900: [GC [PSYoungGen: 228630K->962K(223744K)] 328201K->100605K(910720K), 0.0050190 secs] [Times: user=0.03 sys=0.00, real=0.01 secs] 
2014-07-09T00:53:35.214+0000: 438.677: [GC [PSYoungGen: 223682K->894K(218496K)] 323325K->100609K(905472K), 0.0048340 secs] [Times: user=0.03 sys=0.01, real=0.01 secs] 
2014-07-09T00:53:35.985+0000: 439.447: [GC [PSYoungGen: 218457K->780K(213504K)] 318172K->100543K(900480K), 0.0058670 secs] [Times: user=0.03 sys=0.00, real=0.01 secs] 
2014-07-09T00:53:36.726+0000: 440.188: [GC [PSYoungGen: 213452K->672K(208576K)] 313215K->100531K(895552K), 0.0061900 secs] [Times: user=0.04 sys=0.01, real=0.01 secs] 
2014-07-09T00:53:37.445+0000: 440.907: [GC [PSYoungGen: 208544K->480K(203776K)] 308403K->100419K(890752K), 0.0052410 secs] [Times: user=0.03 sys=0.00, real=0.01 secs] 
2014-07-09T00:53:38.158+0000: 441.621: [GC [PSYoungGen: 203744K->1266K(200064K)] 303683K->101245K(887040K), 0.0046690 secs] [Times: user=0.01 sys=0.00, real=0.00 secs] 
2014-07-09T00:53:38.859+0000: 442.321: [GC [PSYoungGen: 200036K->879K(195392K)] 300015K->100946K(882368K), 0.0031600 secs] [Times: user=0.02 sys=0.01, real=0.00 secs] 
2014-07-09T00:53:39.537+0000: 442.999: [GC [PSYoungGen: 195375K->576K(190912K)] 295442K->100731K(877888K), 0.0048500 secs] [Times: user=0.03 sys=0.00, real=0.01 secs] 
2014-07-09T00:53:40.207+0000: 443.669: [GC [PSYoungGen: 190873K->776K(187136K)] 291028K->100987K(874112K), 0.0087060 secs] [Times: user=0.05 sys=0.00, real=0.01 secs] 
2014-07-09T00:53:40.863+0000: 444.325: [GC [PSYoungGen: 187060K->712K(183168K)] 287271K->100987K(870144K), 0.0031600 secs] [Times: user=0.02 sys=0.00, real=0.00 secs] 
2014-07-09T00:53:41.499+0000: 444.961: [GC [PSYoungGen: 183112K->548K(179200K)] 283387K->100863K(866176K), 0.0055980 secs] [Times: user=0.02 sys=0.00, real=0.00 secs] 
2014-07-09T00:53:42.132+0000: 445.595: [GC [PSYoungGen: 179172K->772K(175808K)] 279487K->101191K(862784K), 0.0071870 secs] [Times: user=0.04 sys=0.00, real=0.01 secs] 
2014-07-09T00:53:42.737+0000: 446.199: [GC [PSYoungGen: 175748K->762K(172224K)] 276167K->101261K(859200K), 0.0055750 secs] [Times: user=0.03 sys=0.00, real=0.01 secs] 
2014-07-09T00:53:43.334+0000: 446.797: [GC [PSYoungGen: 172218K->1004K(206784K)] 272717K->101559K(893760K), 0.0093450 secs] [Times: user=0.03 sys=0.00, real=0.01 secs] 
2014-07-09T00:53:44.030+0000: 447.492: [GC [PSYoungGen: 206764K->726K(247680K)] 307319K->101329K(934656K), 0.0078670 secs] [Times: user=0.01 sys=0.01, real=0.00 secs] 
2014-07-09T00:53:44.883+0000: 448.345: [GC [PSYoungGen: 247638K->784K(241728K)] 348241K->101443K(928704K), 0.0061350 secs] [Times: user=0.03 sys=0.00, real=0.00 secs] 
2014-07-09T00:53:45.716+0000: 449.178: [GC [PSYoungGen: 241680K->762K(235904K)] 342339K->101469K(922880K), 0.0067140 secs] [Times: user=0.03 sys=0.00, real=0.01 secs] 
2014-07-09T00:53:46.527+0000: 449.990: [GC [PSYoungGen: 235894K->880K(230464K)] 336601K->101709K(917440K), 0.0031460 secs] [Times: user=0.01 sys=0.00, real=0.01 secs] 
2014-07-09T00:53:47.343+0000: 450.805: [GC [PSYoungGen: 230448K->1036K(225280K)] 331277K->101953K(912256K), 0.0048220 secs] [Times: user=0.03 sys=0.01, real=0.00 secs] 
2014-07-09T00:53:48.137+0000: 451.599: [GC [PSYoungGen: 225228K->480K(219520K)] 326145K->101755K(906496K), 0.0048330 secs] [Times: user=0.03 sys=0.00, real=0.01 secs] 
2014-07-09T00:53:48.914+0000: 452.376: [GC [PSYoungGen: 219488K->676K(214720K)] 320763K->102015K(901696K), 0.0085300 secs] [Times: user=0.05 sys=0.00, real=0.01 secs] 
2014-07-09T00:53:49.655+0000: 453.118: [GC [PSYoungGen: 214692K->808K(210048K)] 316031K->102243K(897024K), 0.0063100 secs] [Times: user=0.01 sys=0.00, real=0.01 secs] 
2014-07-09T00:53:50.383+0000: 453.845: [GC [PSYoungGen: 210024K->958K(205504K)] 311459K->102473K(892480K), 0.0109750 secs] [Times: user=0.06 sys=0.01, real=0.01 secs] 
2014-07-09T00:53:51.081+0000: 454.543: [GC [PSYoungGen: 205455K->694K(200768K)] 306970K->102405K(887744K), 0.0038670 secs] [Times: user=0.01 sys=0.00, real=0.00 secs] 
2014-07-09T00:53:51.780+0000: 455.243: [GC [PSYoungGen: 200739K->775K(196544K)] 302450K->102574K(883520K), 0.0029600 secs] [Times: user=0.01 sys=0.00, real=0.00 secs] 
2014-07-09T00:53:52.459+0000: 455.921: [GC [PSYoungGen: 196487K->598K(192192K)] 298286K->102461K(879168K), 0.0056850 secs] [Times: user=0.04 sys=0.00, real=0.01 secs] 
2014-07-09T00:53:53.133+0000: 456.595: [GC [PSYoungGen: 192143K->790K(188352K)] 294007K->102749K(875328K), 0.0074000 secs] [Times: user=0.05 sys=0.00, real=0.00 secs] 
2014-07-09T00:53:53.785+0000: 457.247: [GC [PSYoungGen: 188310K->616K(184256K)] 290269K->102599K(871232K), 0.0082640 secs] [Times: user=0.04 sys=0.00, real=0.01 secs] 
2014-07-09T00:53:54.429+0000: 457.891: [GC [PSYoungGen: 184206K->598K(180480K)] 286189K->102653K(867456K), 0.0077640 secs] [Times: user=0.04 sys=0.00, real=0.01 secs] 
2014-07-09T00:53:55.056+0000: 458.518: [GC [PSYoungGen: 180438K->640K(176832K)] 282493K->102791K(863808K), 0.0051070 secs] [Times: user=0.03 sys=0.00, real=0.01 secs] 
2014-07-09T00:53:55.670+0000: 459.133: [GC [PSYoungGen: 176832K->796K(173504K)] 278983K->103035K(860480K), 0.0036310 secs] [Times: user=0.01 sys=0.00, real=0.01 secs] 
2014-07-09T00:53:56.266+0000: 459.728: [GC [PSYoungGen: 173430K->848K(170112K)] 275669K->103143K(857088K), 0.0048830 secs] [Times: user=0.03 sys=0.00, real=0.01 secs] 
2014-07-09T00:53:56.839+0000: 460.302: [GC [PSYoungGen: 170064K->744K(203840K)] 272359K->103119K(890816K), 0.0116530 secs] [Times: user=0.08 sys=0.00, real=0.02 secs] 
2014-07-09T00:53:57.542+0000: 461.005: [GC [PSYoungGen: 203816K->544K(244288K)] 306191K->103323K(931264K), 0.0054390 secs] [Times: user=0.04 sys=0.00, real=0.00 secs] 
2014-07-09T00:53:58.395+0000: 461.857: [GC [PSYoungGen: 244163K->944K(238784K)] 346942K->103802K(925760K), 0.0047300 secs] [Times: user=0.03 sys=0.00, real=0.00 secs] 
2014-07-09T00:53:59.208+0000: 462.670: [GC [PSYoungGen: 238749K->814K(232960K)] 341608K->103934K(919936K), 0.0039640 secs] [Times: user=0.02 sys=0.00, real=0.01 secs] 
2014-07-09T00:54:00.020+0000: 463.482: [GC [PSYoungGen: 232942K->594K(227328K)] 336062K->103786K(914304K), 0.0041170 secs] [Times: user=0.02 sys=0.00, real=0.01 secs] 
2014-07-09T00:54:00.794+0000: 464.256: [GC [PSYoungGen: 227282K->722K(222208K)] 330474K->104010K(909184K), 0.0050790 secs] [Times: user=0.03 sys=0.00, real=0.00 secs] 
2014-07-09T00:54:01.563+0000: 465.025: [GC [PSYoungGen: 222162K->918K(217344K)] 325450K->104263K(904320K), 0.0056050 secs] [Times: user=0.03 sys=0.00, real=0.00 secs] 
2014-07-09T00:54:02.320+0000: 465.782: [GC [PSYoungGen: 217218K->648K(212160K)] 320562K->104072K(899136K), 0.0052360 secs] [Times: user=0.03 sys=0.01, real=0.01 secs] 
2014-07-09T00:54:03.065+0000: 466.527: [GC [PSYoungGen: 212104K->962K(207744K)] 315528K->104458K(894720K), 0.0041950 secs] [Times: user=0.02 sys=0.00, real=0.00 secs] 
2014-07-09T00:54:03.782+0000: 467.245: [GC [PSYoungGen: 207669K->744K(202944K)] 311166K->104320K(889920K), 0.0072590 secs] [Times: user=0.04 sys=0.00, real=0.00 secs] 
2014-07-09T00:54:04.486+0000: 467.948: [GC [PSYoungGen: 202906K->920K(198720K)] 306483K->104561K(885696K), 0.0033150 secs] [Times: user=0.01 sys=0.00, real=0.00 secs] 
2014-07-09T00:54:05.174+0000: 468.636: [GC [PSYoungGen: 198654K->737K(194240K)] 302294K->104868K(881216K), 0.0050770 secs] [Times: user=0.03 sys=0.00, real=0.00 secs] 
2014-07-09T00:54:05.860+0000: 469.322: [GC [PSYoungGen: 194209K->1303K(190720K)] 298340K->105648K(877696K), 0.0056490 secs] [Times: user=0.03 sys=0.00, real=0.01 secs] 
2014-07-09T00:54:06.525+0000: 469.988: [GC [PSYoungGen: 190679K->616K(186048K)] 295024K->105181K(873024K), 0.0060350 secs] [Times: user=0.04 sys=0.00, real=0.00 secs] 
2014-07-09T00:54:07.172+0000: 470.634: [GC [PSYoungGen: 186022K->925K(182528K)] 290587K->105570K(869504K), 0.0041510 secs] [Times: user=0.01 sys=0.00, real=0.01 secs] 
2014-07-09T00:54:07.806+0000: 471.268: [GC [PSYoungGen: 182445K->698K(178560K)] 287090K->105383K(865536K), 0.0052140 secs] [Times: user=0.02 sys=0.00, real=0.00 secs] 
2014-07-09T00:54:08.429+0000: 471.891: [GC [PSYoungGen: 178469K->825K(175104K)] 283154K->105614K(862080K), 0.0085660 secs] [Times: user=0.05 sys=0.01, real=0.01 secs] 
2014-07-09T00:54:09.037+0000: 472.500: [GC [PSYoungGen: 175097K->872K(171712K)] 279886K->105741K(858688K), 0.0032050 secs] [Times: user=0.01 sys=0.00, real=0.00 secs] 
2014-07-09T00:54:09.625+0000: 473.087: [GC [PSYoungGen: 171688K->630K(168064K)] 276557K->105587K(855040K), 0.0047100 secs] [Times: user=0.03 sys=0.00, real=0.00 secs] 
2014-07-09T00:54:10.206+0000: 473.669: [GC [PSYoungGen: 168054K->658K(164864K)] 273011K->105687K(851840K), 0.0051250 secs] [Times: user=0.03 sys=0.00, real=0.00 secs] 
2014-07-09T00:54:10.782+0000: 474.244: [GC [PSYoungGen: 164818K->914K(161984K)] 269847K->106015K(848960K), 0.0049780 secs] [Times: user=0.03 sys=0.00, real=0.01 secs] 
2014-07-09T00:54:11.342+0000: 474.804: [GC [PSYoungGen: 161936K->936K(158912K)] 267037K->106133K(845888K), 0.0063830 secs] [Times: user=0.03 sys=0.00, real=0.01 secs] 
2014-07-09T00:54:11.895+0000: 475.357: [GC [PSYoungGen: 158865K->812K(155840K)] 264062K->106097K(842816K), 0.0060820 secs] [Times: user=0.03 sys=0.00, real=0.00 secs] 
2014-07-09T00:54:12.433+0000: 475.896: [GC [PSYoungGen: 155777K->822K(152960K)] 261062K->106237K(839936K), 0.0059500 secs] [Times: user=0.02 sys=0.00, real=0.00 secs] 
2014-07-09T00:54:12.965+0000: 476.427: [GC [PSYoungGen: 152950K->1032K(150400K)] 258365K->106519K(837376K), 0.0048470 secs] [Times: user=0.03 sys=0.00, real=0.00 secs] 
2014-07-09T00:54:13.482+0000: 476.944: [GC [PSYoungGen: 150344K->694K(147328K)] 255831K->106301K(834304K), 0.0043550 secs] [Times: user=0.02 sys=0.00, real=0.01 secs] 
2014-07-09T00:54:13.978+0000: 477.440: [GC [PSYoungGen: 147318K->932K(144960K)] 252925K->106627K(831936K), 0.0040710 secs] [Times: user=0.02 sys=0.00, real=0.00 secs] 
2014-07-09T00:54:14.477+0000: 477.939: [GC [PSYoungGen: 144932K->776K(173632K)] 250627K->106559K(860608K), 0.0075300 secs] [Times: user=0.05 sys=0.00, real=0.01 secs] 
2014-07-09T00:54:15.077+0000: 478.539: [GC [PSYoungGen: 173542K->448K(169792K)] 279325K->106311K(856768K), 0.0046280 secs] [Times: user=0.02 sys=0.00, real=0.00 secs] 
2014-07-09T00:54:15.676+0000: 479.138: [GC [PSYoungGen: 169792K->1004K(167040K)] 275655K->106947K(854016K), 0.0058400 secs] [Times: user=0.04 sys=0.00, real=0.00 secs] 
2014-07-09T00:54:16.248+0000: 479.710: [GC [PSYoungGen: 166979K->1182K(164032K)] 272922K->107205K(851008K), 0.0035390 secs] [Times: user=0.01 sys=0.00, real=0.00 secs] 
2014-07-09T00:54:16.821+0000: 480.283: [GC [PSYoungGen: 163953K->359K(160064K)] 269976K->106838K(847040K), 0.0038290 secs] [Times: user=0.01 sys=0.01, real=0.01 secs] 
2014-07-09T00:54:17.359+0000: 480.821: [GC [PSYoungGen: 160039K->1308K(158016K)] 266518K->108067K(844992K), 0.0060140 secs] [Times: user=0.03 sys=0.00, real=0.01 secs] 
2014-07-09T00:54:17.914+0000: 481.376: [GC [PSYoungGen: 157980K->680K(154432K)] 264739K->107777K(841408K), 0.0050090 secs] [Times: user=0.03 sys=0.00, real=0.00 secs] 
2014-07-09T00:54:18.438+0000: 481.901: [GC [PSYoungGen: 154407K->634K(151552K)] 261505K->107803K(838528K), 0.0054080 secs] [Times: user=0.03 sys=0.00, real=0.01 secs] 
2014-07-09T00:54:18.971+0000: 482.433: [GC [PSYoungGen: 151546K->1004K(149184K)] 258715K->108229K(836160K), 0.0038120 secs] [Times: user=0.02 sys=0.01, real=0.01 secs] 
2014-07-09T00:54:19.500+0000: 482.962: [GC [PSYoungGen: 149164K->740K(146240K)] 256389K->108061K(833216K), 0.0070760 secs] [Times: user=0.05 sys=0.00, real=0.01 secs] 
2014-07-09T00:54:20.004+0000: 483.467: [GC [PSYoungGen: 146212K->640K(175232K)] 253533K->108033K(862208K), 0.0063720 secs] [Times: user=0.03 sys=0.00, real=0.01 secs] 
2014-07-09T00:54:20.602+0000: 484.064: [GC [PSYoungGen: 175232K->1132K(172224K)] 282625K->108614K(859200K), 0.0043730 secs] [Times: user=0.02 sys=0.00, real=0.01 secs] 
2014-07-09T00:54:21.206+0000: 484.668: [GC [PSYoungGen: 172204K->754K(168448K)] 279686K->108331K(855424K), 0.0027360 secs] [Times: user=0.02 sys=0.00, real=0.00 secs] 
2014-07-09T00:54:21.797+0000: 485.259: [GC [PSYoungGen: 168434K->776K(165248K)] 276011K->108401K(852224K), 0.0076360 secs] [Times: user=0.05 sys=0.00, real=0.00 secs] 
2014-07-09T00:54:22.360+0000: 485.823: [GC [PSYoungGen: 165155K->1018K(162240K)] 272780K->108699K(849216K), 0.0035830 secs] [Times: user=0.02 sys=0.00, real=0.00 secs] 
2014-07-09T00:54:22.920+0000: 486.382: [GC [PSYoungGen: 162234K->872K(159040K)] 269915K->108617K(846016K), 0.0044070 secs] [Times: user=0.01 sys=0.00, real=0.01 secs] 
2014-07-09T00:54:23.465+0000: 486.927: [GC [PSYoungGen: 159016K->790K(156032K)] 266761K->108615K(843008K), 0.0074470 secs] [Times: user=0.04 sys=0.00, real=0.00 secs] 
2014-07-09T00:54:24.007+0000: 487.470: [GC [PSYoungGen: 155990K->1057K(153408K)] 263815K->108962K(840384K), 0.0036600 secs] [Times: user=0.01 sys=0.00, real=0.00 secs] 
2014-07-09T00:54:24.526+0000: 487.988: [GC [PSYoungGen: 153347K->690K(150208K)] 261253K->108922K(837184K), 0.0063870 secs] [Times: user=0.03 sys=0.00, real=0.00 secs] 
2014-07-09T00:54:25.044+0000: 488.507: [GC [PSYoungGen: 150153K->994K(147840K)] 258385K->109330K(834816K), 0.0030920 secs] [Times: user=0.02 sys=0.00, real=0.01 secs] 
2014-07-09T00:54:25.558+0000: 489.020: [GC [PSYoungGen: 147786K->352K(144576K)] 256122K->108786K(831552K), 0.0049780 secs] [Times: user=0.03 sys=0.00, real=0.00 secs] 
2014-07-09T00:54:26.058+0000: 489.520: [GC [PSYoungGen: 144543K->544K(142208K)] 252977K->109058K(829184K), 0.0052790 secs] [Times: user=0.02 sys=0.01, real=0.00 secs] 
2014-07-09T00:54:26.545+0000: 490.007: [GC [PSYoungGen: 142176K->1082K(140224K)] 250690K->109676K(827200K), 0.0035690 secs] [Times: user=0.01 sys=0.00, real=0.01 secs] 
2014-07-09T00:54:27.027+0000: 490.489: [GC [PSYoungGen: 140178K->1010K(137728K)] 248772K->109668K(824704K), 0.0066710 secs] [Times: user=0.03 sys=0.00, real=0.00 secs] 
2014-07-09T00:54:27.491+0000: 490.953: [GC [PSYoungGen: 137714K->812K(135168K)] 246372K->109542K(822144K), 0.0029270 secs] [Times: user=0.01 sys=0.00, real=0.00 secs] 
2014-07-09T00:54:27.958+0000: 491.421: [GC [PSYoungGen: 135148K->562K(132672K)] 243878K->109388K(819648K), 0.0060440 secs] [Times: user=0.03 sys=0.00, real=0.00 secs] 
2014-07-09T00:54:28.419+0000: 491.881: [GC [PSYoungGen: 132658K->986K(130944K)] 241484K->109884K(817920K), 0.0047860 secs] [Times: user=0.03 sys=0.00, real=0.00 secs] 
2014-07-09T00:54:28.877+0000: 492.340: [GC [PSYoungGen: 130906K->1025K(156992K)] 239804K->109971K(843968K), 0.0068970 secs] [Times: user=0.03 sys=0.00, real=0.00 secs] 
2014-07-09T00:54:29.414+0000: 492.876: [GC [PSYoungGen: 156929K->744K(187904K)] 265875K->109918K(874880K), 0.0057510 secs] [Times: user=0.04 sys=0.00, real=0.01 secs] 
2014-07-09T00:54:30.068+0000: 493.530: [GC [PSYoungGen: 187880K->826K(225408K)] 297054K->110072K(912384K), 0.0070790 secs] [Times: user=0.04 sys=0.00, real=0.00 secs] 
2014-07-09T00:54:30.859+0000: 494.322: [GC [PSYoungGen: 225381K->1056K(220480K)] 334627K->110374K(907456K), 0.0048140 secs] [Times: user=0.02 sys=0.00, real=0.00 secs] 
2014-07-09T00:54:31.631+0000: 495.093: [GC [PSYoungGen: 220448K->676K(215104K)] 329766K->110082K(902080K), 0.0055400 secs] [Times: user=0.03 sys=0.00, real=0.01 secs] 
2014-07-09T00:54:32.360+0000: 495.822: [GC [PSYoungGen: 215040K->919K(210496K)] 324446K->110365K(897472K), 0.0099350 secs] [Times: user=0.07 sys=0.00, real=0.01 secs] 
2014-07-09T00:54:33.093+0000: 496.556: [GC [PSYoungGen: 210455K->786K(205696K)] 319901K->110280K(892672K), 0.0035940 secs] [Times: user=0.01 sys=0.00, real=0.01 secs] 
2014-07-09T00:54:33.816+0000: 497.279: [GC [PSYoungGen: 205650K->776K(201216K)] 315144K->110334K(888192K), 0.0060370 secs] [Times: user=0.03 sys=0.00, real=0.01 secs] 
2014-07-09T00:54:34.508+0000: 497.970: [GC [PSYoungGen: 201125K->830K(196864K)] 310683K->110452K(883840K), 0.0043840 secs] [Times: user=0.03 sys=0.00, real=0.00 secs] 
2014-07-09T00:54:35.189+0000: 498.651: [GC [PSYoungGen: 196862K->886K(192704K)] 306484K->110588K(879680K), 0.0030600 secs] [Times: user=0.01 sys=0.01, real=0.00 secs] 
2014-07-09T00:54:35.856+0000: 499.318: [GC [PSYoungGen: 192665K->840K(188672K)] 302367K->110622K(875648K), 0.0030880 secs] [Times: user=0.02 sys=0.00, real=0.01 secs] 
2014-07-09T00:54:36.508+0000: 499.970: [GC [PSYoungGen: 188594K->698K(184576K)] 298376K->110642K(871552K), 0.0032560 secs] [Times: user=0.01 sys=0.00, real=0.00 secs] 
2014-07-09T00:54:37.156+0000: 500.618: [GC [PSYoungGen: 184570K->1032K(181184K)] 294514K->111032K(868160K), 0.0093130 secs] [Times: user=0.05 sys=0.00, real=0.01 secs] 
2014-07-09T00:54:37.784+0000: 501.247: [GC [PSYoungGen: 181128K->566K(177024K)] 291128K->110842K(864000K), 0.0033050 secs] [Times: user=0.01 sys=0.01, real=0.01 secs] 
2014-07-09T00:54:38.387+0000: 501.849: [GC [PSYoungGen: 177014K->662K(173568K)] 287290K->111002K(860544K), 0.0048310 secs] [Times: user=0.01 sys=0.00, real=0.01 secs] 
2014-07-09T00:54:38.995+0000: 502.457: [GC [PSYoungGen: 173526K->794K(170240K)] 283866K->111370K(857216K), 0.0043110 secs] [Times: user=0.03 sys=0.00, real=0.01 secs] 
2014-07-09T00:54:39.585+0000: 503.048: [GC [PSYoungGen: 170202K->776K(166912K)] 280778K->111432K(853888K), 0.0049680 secs] [Times: user=0.03 sys=0.00, real=0.01 secs] 
2014-07-09T00:54:40.174+0000: 503.636: [GC [PSYoungGen: 166831K->694K(163584K)] 277488K->111742K(850560K), 0.0072920 secs] [Times: user=0.04 sys=0.00, real=0.01 secs] 
2014-07-09T00:54:40.744+0000: 504.206: [GC [PSYoungGen: 163574K->814K(160576K)] 274622K->111918K(847552K), 0.0061820 secs] [Times: user=0.04 sys=0.00, real=0.01 secs] 
2014-07-09T00:54:41.304+0000: 504.766: [GC [PSYoungGen: 160558K->936K(157696K)] 271662K->112088K(844672K), 0.0038150 secs] [Times: user=0.02 sys=0.00, real=0.00 secs] 
2014-07-09T00:54:41.853+0000: 505.315: [GC [PSYoungGen: 157672K->612K(154432K)] 268824K->111820K(841408K), 0.0074420 secs] [Times: user=0.04 sys=0.00, real=0.01 secs] 
2014-07-09T00:54:42.390+0000: 505.853: [GC [PSYoungGen: 154402K->594K(151616K)] 265611K->111922K(838592K), 0.0043640 secs] [Times: user=0.03 sys=0.00, real=0.00 secs] 
2014-07-09T00:54:42.915+0000: 506.377: [GC [PSYoungGen: 151570K->1195K(149440K)] 262898K->112603K(836416K), 0.0035920 secs] [Times: user=0.02 sys=0.00, real=0.01 secs] 
2014-07-09T00:54:43.427+0000: 506.889: [GC [PSYoungGen: 149419K->626K(146176K)] 260827K->112146K(833152K), 0.0038730 secs] [Times: user=0.03 sys=0.01, real=0.01 secs] 
2014-07-09T00:54:43.932+0000: 507.394: [GC [PSYoungGen: 146095K->730K(143680K)] 257616K->112314K(830656K), 0.0066680 secs] [Times: user=0.04 sys=0.00, real=0.01 secs] 
2014-07-09T00:54:44.432+0000: 507.894: [GC [PSYoungGen: 143642K->808K(141248K)] 255226K->112464K(828224K), 0.0031310 secs] [Times: user=0.01 sys=0.00, real=0.00 secs] 
2014-07-09T00:54:44.922+0000: 508.384: [GC [PSYoungGen: 141224K->662K(169216K)] 252880K->112366K(856192K), 0.0091630 secs] [Times: user=0.06 sys=0.00, real=0.01 secs] 
2014-07-09T00:54:45.518+0000: 508.980: [GC [PSYoungGen: 169174K->576K(165760K)] 280878K->112376K(852736K), 0.0036930 secs] [Times: user=0.02 sys=0.00, real=0.01 secs] 
2014-07-09T00:54:46.089+0000: 509.551: [GC [PSYoungGen: 165760K->580K(162624K)] 277560K->112452K(849600K), 0.0037750 secs] [Times: user=0.02 sys=0.01, real=0.01 secs] 
2014-07-09T00:54:46.655+0000: 510.117: [GC [PSYoungGen: 162518K->1035K(160000K)] 274391K->112988K(846976K), 0.0046650 secs] [Times: user=0.03 sys=0.00, real=0.01 secs] 
2014-07-09T00:54:47.209+0000: 510.671: [GC [PSYoungGen: 159922K->498K(156416K)] 271875K->112482K(843392K), 0.0076280 secs] [Times: user=0.05 sys=0.00, real=0.01 secs] 
2014-07-09T00:54:47.748+0000: 511.211: [GC [PSYoungGen: 156401K->1010K(154048K)] 268386K->113082K(841024K), 0.0038150 secs] [Times: user=0.02 sys=0.00, real=0.01 secs] 
2014-07-09T00:54:48.283+0000: 511.745: [GC [PSYoungGen: 154034K->776K(151040K)] 266106K->112936K(838016K), 0.0058710 secs] [Times: user=0.04 sys=0.00, real=0.00 secs] 
2014-07-09T00:54:48.806+0000: 512.268: [GC [PSYoungGen: 150984K->886K(181184K)] 263144K->113102K(868160K), 0.0066370 secs] [Times: user=0.04 sys=0.01, real=0.01 secs] 
2014-07-09T00:54:49.426+0000: 512.888: [GC [PSYoungGen: 181174K->740K(217152K)] 293390K->112996K(904128K), 0.0093790 secs] [Times: user=0.05 sys=0.00, real=0.01 secs] 
2014-07-09T00:54:50.174+0000: 513.636: [GC [PSYoungGen: 217124K->832K(238144K)] 329380K->113177K(925120K), 0.0065220 secs] [Times: user=0.04 sys=0.00, real=0.01 secs] 
2014-07-09T00:54:51.002+0000: 514.464: [GC [PSYoungGen: 238016K->747K(238400K)] 350361K->113131K(925376K), 0.0074820 secs] [Times: user=0.04 sys=0.00, real=0.01 secs] 
2014-07-09T00:54:51.827+0000: 515.289: [GC [PSYoungGen: 237931K->848K(232448K)] 350315K->113288K(919424K), 0.0051150 secs] [Times: user=0.02 sys=0.00, real=0.01 secs] 
2014-07-09T00:54:52.619+0000: 516.081: [GC [PSYoungGen: 232395K->1050K(227200K)] 344835K->113610K(914176K), 0.0043420 secs] [Times: user=0.02 sys=0.00, real=0.01 secs] 
2014-07-09T00:54:53.411+0000: 516.874: [GC [PSYoungGen: 227088K->505K(221376K)] 339649K->113309K(908352K), 0.0069750 secs] [Times: user=0.04 sys=0.00, real=0.00 secs] 
2014-07-09T00:54:54.188+0000: 517.651: [GC [PSYoungGen: 221343K->754K(216576K)] 334147K->113638K(903552K), 0.0032200 secs] [Times: user=0.02 sys=0.00, real=0.01 secs] 
2014-07-09T00:54:54.938+0000: 518.400: [GC [PSYoungGen: 216562K->1206K(212160K)] 329446K->114146K(899136K), 0.0071020 secs] [Times: user=0.04 sys=0.00, real=0.01 secs] 
2014-07-09T00:54:55.659+0000: 519.121: [GC [PSYoungGen: 212135K->1040K(207296K)] 325075K->114068K(894272K), 0.0070310 secs] [Times: user=0.04 sys=0.01, real=0.01 secs] 
2014-07-09T00:54:56.375+0000: 519.837: [GC [PSYoungGen: 207204K->438K(202112K)] 320233K->113782K(889088K), 0.0030750 secs] [Times: user=0.02 sys=0.00, real=0.00 secs] 
2014-07-09T00:54:57.076+0000: 520.538: [GC [PSYoungGen: 202100K->872K(198144K)] 315445K->114288K(885120K), 0.0056250 secs] [Times: user=0.03 sys=0.00, real=0.01 secs] 
2014-07-09T00:54:57.766+0000: 521.228: [GC [PSYoungGen: 198118K->1014K(194048K)] 311535K->114569K(881024K), 0.0058490 secs] [Times: user=0.03 sys=0.00, real=0.01 secs] 
2014-07-09T00:54:58.433+0000: 521.895: [GC [PSYoungGen: 194028K->862K(189824K)] 307583K->114504K(876800K), 0.0045580 secs] [Times: user=0.02 sys=0.00, real=0.00 secs] 
2014-07-09T00:54:59.082+0000: 522.544: [GC [PSYoungGen: 189761K->702K(185664K)] 303403K->114664K(872640K), 0.0045030 secs] [Times: user=0.02 sys=0.01, real=0.00 secs] 
2014-07-09T00:54:59.738+0000: 523.201: [GC [PSYoungGen: 185662K->794K(181952K)] 299624K->114828K(868928K), 0.0040380 secs] [Times: user=0.03 sys=0.00, real=0.01 secs] 
2014-07-09T00:55:00.366+0000: 523.828: [GC [PSYoungGen: 181914K->626K(178048K)] 295948K->114798K(865024K), 0.0049390 secs] [Times: user=0.03 sys=0.00, real=0.01 secs] 
2014-07-09T00:55:00.983+0000: 524.446: [GC [PSYoungGen: 178034K->608K(174464K)] 292206K->114868K(861440K), 0.0042370 secs] [Times: user=0.02 sys=0.00, real=0.00 secs] 
2014-07-09T00:55:01.595+0000: 525.057: [GC [PSYoungGen: 174432K->576K(170944K)] 288692K->114916K(857920K), 0.0030380 secs] [Times: user=0.01 sys=0.01, real=0.00 secs] 
2014-07-09T00:55:02.198+0000: 525.660: [GC [PSYoungGen: 170944K->894K(167936K)] 285284K->115306K(854912K), 0.0052200 secs] [Times: user=0.03 sys=0.00, real=0.01 secs] 
2014-07-09T00:55:02.776+0000: 526.238: [GC [PSYoungGen: 167934K->926K(201408K)] 282346K->115394K(888384K), 0.0156400 secs] [Times: user=0.09 sys=0.00, real=0.02 secs] 
2014-07-09T00:55:03.466+0000: 526.928: [GC [PSYoungGen: 201323K->701K(241280K)] 315792K->115265K(928256K), 0.0048410 secs] [Times: user=0.02 sys=0.00, real=0.01 secs] 
2014-07-09T00:55:04.305+0000: 527.767: [GC [PSYoungGen: 241242K->957K(235776K)] 355806K->115760K(922752K), 0.0055310 secs] [Times: user=0.03 sys=0.00, real=0.00 secs] 
2014-07-09T00:55:05.115+0000: 528.578: [GC [PSYoungGen: 235773K->758K(230016K)] 350576K->115632K(916992K), 0.0039960 secs] [Times: user=0.01 sys=0.00, real=0.00 secs] 
2014-07-09T00:55:05.923+0000: 529.386: [GC [PSYoungGen: 230006K->648K(224576K)] 344880K->115594K(911552K), 0.0044260 secs] [Times: user=0.02 sys=0.00, real=0.00 secs] 
2014-07-09T00:55:06.707+0000: 530.169: [GC [PSYoungGen: 224499K->839K(219584K)] 339446K->115834K(906560K), 0.0054550 secs] [Times: user=0.02 sys=0.00, real=0.01 secs] 
2014-07-09T00:55:07.452+0000: 530.914: [GC [PSYoungGen: 219521K->1004K(214720K)] 334516K->116135K(901696K), 0.0033630 secs] [Times: user=0.02 sys=0.00, real=0.01 secs] 
2014-07-09T00:55:08.208+0000: 531.670: [GC [PSYoungGen: 214700K->826K(209728K)] 329831K->116036K(896704K), 0.0051450 secs] [Times: user=0.03 sys=0.00, real=0.01 secs] 
2014-07-09T00:55:08.935+0000: 532.397: [GC [PSYoungGen: 209722K->862K(205120K)] 324932K->116194K(892096K), 0.0060680 secs] [Times: user=0.03 sys=0.00, real=0.00 secs] 
2014-07-09T00:55:09.636+0000: 533.099: [GC [PSYoungGen: 205086K->968K(200768K)] 320418K->116365K(887744K), 0.0048400 secs] [Times: user=0.02 sys=0.01, real=0.00 secs] 
2014-07-09T00:55:10.326+0000: 533.788: [GC [PSYoungGen: 200712K->694K(196096K)] 316109K->116170K(883072K), 0.0033250 secs] [Times: user=0.02 sys=0.00, real=0.00 secs] 
2014-07-09T00:55:11.025+0000: 534.487: [GC [PSYoungGen: 196086K->875K(192128K)] 311562K->116415K(879104K), 0.0062720 secs] [Times: user=0.03 sys=0.00, real=0.00 secs] 
2014-07-09T00:55:11.677+0000: 535.139: [GC [PSYoungGen: 192107K->872K(188096K)] 307647K->116527K(875072K), 0.0051720 secs] [Times: user=0.03 sys=0.00, real=0.01 secs] 
2014-07-09T00:55:12.321+0000: 535.784: [GC [PSYoungGen: 188025K->844K(184192K)] 303679K->116602K(871168K), 0.0059390 secs] [Times: user=0.02 sys=0.00, real=0.01 secs] 
2014-07-09T00:55:12.964+0000: 536.427: [GC [PSYoungGen: 184139K->698K(180224K)] 299898K->116586K(867200K), 0.0067990 secs] [Times: user=0.04 sys=0.00, real=0.00 secs] 
2014-07-09T00:55:13.596+0000: 537.058: [GC [PSYoungGen: 180192K->844K(176768K)] 296081K->116772K(863744K), 0.0038160 secs] [Times: user=0.02 sys=0.00, real=0.00 secs] 
2014-07-09T00:55:14.209+0000: 537.671: [GC [PSYoungGen: 176673K->740K(173120K)] 292602K->116863K(860096K), 0.0030960 secs] [Times: user=0.02 sys=0.00, real=0.00 secs] 
2014-07-09T00:55:14.811+0000: 538.273: [GC [PSYoungGen: 173092K->972K(169984K)] 289215K->117151K(856960K), 0.0062540 secs] [Times: user=0.03 sys=0.00, real=0.01 secs] 
2014-07-09T00:55:15.405+0000: 538.867: [GC [PSYoungGen: 169932K->548K(166208K)] 286111K->116856K(853184K), 0.0035160 secs] [Times: user=0.02 sys=0.00, real=0.00 secs] 
2014-07-09T00:55:15.981+0000: 539.444: [GC [PSYoungGen: 166180K->544K(163008K)] 282488K->116916K(849984K), 0.0049190 secs] [Times: user=0.03 sys=0.01, real=0.01 secs] 
2014-07-09T00:55:16.562+0000: 540.024: [GC [PSYoungGen: 162976K->1008K(160320K)] 279348K->117453K(847296K), 0.0054480 secs] [Times: user=0.03 sys=0.00, real=0.01 secs] 
2014-07-09T00:55:17.116+0000: 540.578: [GC [PSYoungGen: 160304K->1195K(157504K)] 276749K->117712K(844480K), 0.0051750 secs] [Times: user=0.03 sys=0.00, real=0.00 secs] 
2014-07-09T00:55:17.659+0000: 541.121: [GC [PSYoungGen: 157483K->242K(153600K)] 274000K->117241K(840576K), 0.0036720 secs] [Times: user=0.02 sys=0.00, real=0.00 secs] 
2014-07-09T00:55:18.188+0000: 541.650: [GC [PSYoungGen: 153578K->1015K(151552K)] 270577K->118070K(838528K), 0.0085030 secs] [Times: user=0.05 sys=0.00, real=0.01 secs] 
2014-07-09T00:55:18.712+0000: 542.175: [GC [PSYoungGen: 151496K->762K(148544K)] 268551K->118229K(835520K), 0.0035780 secs] [Times: user=0.02 sys=0.00, real=0.01 secs] 
2014-07-09T00:55:19.213+0000: 542.675: [GC [PSYoungGen: 148538K->1042K(146176K)] 266005K->118589K(833152K), 0.0038820 secs] [Times: user=0.02 sys=0.00, real=0.01 secs] 
2014-07-09T00:55:19.728+0000: 543.190: [GC [PSYoungGen: 146130K->680K(143232K)] 263677K->118267K(830208K), 0.0059070 secs] [Times: user=0.03 sys=0.00, real=0.00 secs] 
2014-07-09T00:55:20.231+0000: 543.693: [GC [PSYoungGen: 143177K->1198K(141248K)] 260764K->118865K(828224K), 0.0038530 secs] [Times: user=0.02 sys=0.01, real=0.01 secs] 
2014-07-09T00:55:20.729+0000: 544.191: [GC [PSYoungGen: 141230K->782K(168896K)] 258897K->118513K(855872K), 0.0078510 secs] [Times: user=0.04 sys=0.00, real=0.01 secs] 
2014-07-09T00:55:21.313+0000: 544.776: [GC [PSYoungGen: 168846K->512K(165312K)] 286577K->118323K(852288K), 0.0051690 secs] [Times: user=0.03 sys=0.00, real=0.01 secs] 
2014-07-09T00:55:21.874+0000: 545.337: [GC [PSYoungGen: 165312K->1039K(162688K)] 283123K->118922K(849664K), 0.0041810 secs] [Times: user=0.02 sys=0.00, real=0.00 secs] 
2014-07-09T00:55:22.427+0000: 545.889: [GC [PSYoungGen: 162639K->626K(159168K)] 280522K->118597K(846144K), 0.0051750 secs] [Times: user=0.02 sys=0.01, real=0.00 secs] 
2014-07-09T00:55:22.985+0000: 546.447: [GC [PSYoungGen: 159154K->512K(156032K)] 277125K->118523K(843008K), 0.0063480 secs] [Times: user=0.04 sys=0.00, real=0.00 secs] 
2014-07-09T00:55:23.526+0000: 546.988: [GC [PSYoungGen: 155993K->969K(153664K)] 274004K->119044K(840640K), 0.0057690 secs] [Times: user=0.04 sys=0.00, real=0.00 secs] 
2014-07-09T00:55:24.065+0000: 547.528: [GC [PSYoungGen: 153609K->598K(183808K)] 271684K->118737K(870784K), 0.0067650 secs] [Times: user=0.04 sys=0.00, real=0.00 secs] 
2014-07-09T00:55:24.697+0000: 548.159: [GC [PSYoungGen: 183766K->1377K(221248K)] 301905K->119614K(908224K), 0.0080810 secs] [Times: user=0.03 sys=0.00, real=0.01 secs] 
2014-07-09T00:55:25.471+0000: 548.933: [GC [PSYoungGen: 221217K->822K(215616K)] 339454K->119329K(902592K), 0.0032240 secs] [Times: user=0.02 sys=0.00, real=0.00 secs] 
2014-07-09T00:55:26.231+0000: 549.693: [GC [PSYoungGen: 215606K->898K(210880K)] 334113K->119485K(897856K), 0.0042740 secs] [Times: user=0.02 sys=0.01, real=0.01 secs] 
2014-07-09T00:55:26.964+0000: 550.427: [GC [PSYoungGen: 210818K->726K(206016K)] 329405K->119353K(892992K), 0.0042430 secs] [Times: user=0.01 sys=0.00, real=0.01 secs] 
2014-07-09T00:55:27.678+0000: 551.140: [GC [PSYoungGen: 205974K->1064K(201792K)] 324601K->119779K(888768K), 0.0034290 secs] [Times: user=0.02 sys=0.00, real=0.00 secs] 
2014-07-09T00:55:28.383+0000: 551.846: [GC [PSYoungGen: 201767K->826K(197184K)] 320482K->119629K(884160K), 0.0041440 secs] [Times: user=0.02 sys=0.00, real=0.01 secs] 
2014-07-09T00:55:29.062+0000: 552.524: [GC [PSYoungGen: 197156K->963K(193152K)] 315959K->119838K(880128K), 0.0037130 secs] [Times: user=0.01 sys=0.00, real=0.01 secs] 
2014-07-09T00:55:29.753+0000: 553.215: [GC [PSYoungGen: 193091K->1054K(189120K)] 311966K->120009K(876096K), 0.0030920 secs] [Times: user=0.02 sys=0.00, real=0.01 secs] 
2014-07-09T00:55:30.410+0000: 553.872: [GC [PSYoungGen: 189086K->480K(184640K)] 308041K->119483K(871616K), 0.0048510 secs] [Times: user=0.02 sys=0.00, real=0.00 secs] 
2014-07-09T00:55:31.043+0000: 554.506: [GC [PSYoungGen: 184565K->858K(181248K)] 303568K->119949K(868224K), 0.0035830 secs] [Times: user=0.02 sys=0.01, real=0.01 secs] 
2014-07-09T00:55:31.674+0000: 555.136: [GC [PSYoungGen: 181200K->826K(177472K)] 300291K->119973K(864448K), 0.0052820 secs] [Times: user=0.02 sys=0.00, real=0.01 secs] 
2014-07-09T00:55:32.299+0000: 555.761: [GC [PSYoungGen: 177461K->676K(173760K)] 296609K->119919K(860736K), 0.0041040 secs] [Times: user=0.02 sys=0.00, real=0.00 secs] 
2014-07-09T00:55:32.898+0000: 556.360: [GC [PSYoungGen: 173732K->854K(170496K)] 292975K->120129K(857472K), 0.0088960 secs] [Times: user=0.05 sys=0.00, real=0.01 secs] 
2014-07-09T00:55:33.495+0000: 556.957: [GC [PSYoungGen: 170454K->530K(166848K)] 289729K->119877K(853824K), 0.0059270 secs] [Times: user=0.03 sys=0.00, real=0.01 secs] 
2014-07-09T00:55:34.077+0000: 557.539: [GC [PSYoungGen: 166781K->836K(163968K)] 286129K->120287K(850944K), 0.0056540 secs] [Times: user=0.03 sys=0.00, real=0.00 secs] 
2014-07-09T00:55:34.634+0000: 558.096: [GC [PSYoungGen: 163894K->879K(160832K)] 283345K->120426K(847808K), 0.0050650 secs] [Times: user=0.03 sys=0.00, real=0.01 secs] 
2014-07-09T00:55:35.184+0000: 558.646: [GC [PSYoungGen: 160815K->808K(157760K)] 280362K->120459K(844736K), 0.0034390 secs] [Times: user=0.01 sys=0.01, real=0.01 secs] 
2014-07-09T00:55:35.727+0000: 559.190: [GC [PSYoungGen: 157736K->676K(154688K)] 277387K->120391K(841664K), 0.0057830 secs] [Times: user=0.03 sys=0.00, real=0.00 secs] 
2014-07-09T00:55:36.260+0000: 559.722: [GC [PSYoungGen: 154660K->562K(151744K)] 274375K->120373K(838720K), 0.0059030 secs] [Times: user=0.03 sys=0.00, real=0.00 secs] 
2014-07-09T00:55:36.785+0000: 560.247: [GC [PSYoungGen: 151685K->662K(182144K)] 271497K->120521K(869120K), 0.0101310 secs] [Times: user=0.05 sys=0.01, real=0.01 secs] 
2014-07-09T00:55:37.415+0000: 560.878: [GC [PSYoungGen: 182076K->951K(218688K)] 301935K->120866K(905664K), 0.0045160 secs] [Times: user=0.03 sys=0.00, real=0.01 secs] 
2014-07-09T00:55:38.169+0000: 561.631: [GC [PSYoungGen: 218679K->811K(213632K)] 338594K->120774K(900608K), 0.0029790 secs] [Times: user=0.02 sys=0.00, real=0.00 secs] 
2014-07-09T00:55:38.916+0000: 562.378: [GC [PSYoungGen: 213610K->794K(208832K)] 333573K->120813K(895808K), 0.0047820 secs] [Times: user=0.02 sys=0.00, real=0.01 secs] 
2014-07-09T00:55:39.634+0000: 563.096: [GC [PSYoungGen: 208794K->826K(204224K)] 328813K->120933K(891200K), 0.0051730 secs] [Times: user=0.03 sys=0.00, real=0.01 secs] 
2014-07-09T00:55:40.341+0000: 563.803: [GC [PSYoungGen: 204218K->880K(199808K)] 324325K->121051K(886784K), 0.0066420 secs] [Times: user=0.02 sys=0.00, real=0.01 secs] 
2014-07-09T00:55:41.046+0000: 564.509: [GC [PSYoungGen: 199790K->624K(195264K)] 319961K->121063K(882240K), 0.0068190 secs] [Times: user=0.04 sys=0.00, real=0.01 secs] 
2014-07-09T00:55:41.723+0000: 565.185: [GC [PSYoungGen: 195248K->936K(191424K)] 315687K->121447K(878400K), 0.0050380 secs] [Times: user=0.02 sys=0.00, real=0.01 secs] 
2014-07-09T00:55:42.385+0000: 565.847: [GC [PSYoungGen: 191400K->498K(186944K)] 311911K->121189K(873920K), 0.0036760 secs] [Times: user=0.01 sys=0.00, real=0.01 secs] 
2014-07-09T00:55:43.033+0000: 566.496: [GC [PSYoungGen: 186930K->858K(183424K)] 307621K->121629K(870400K), 0.0026920 secs] [Times: user=0.01 sys=0.00, real=0.00 secs] 
2014-07-09T00:55:43.680+0000: 567.142: [GC [PSYoungGen: 183386K->1078K(179840K)] 304157K->121905K(866816K), 0.0032040 secs] [Times: user=0.02 sys=0.00, real=0.00 secs] 
2014-07-09T00:55:44.306+0000: 567.768: [GC [PSYoungGen: 179830K->898K(176064K)] 300657K->121797K(863040K), 0.0056550 secs] [Times: user=0.03 sys=0.01, real=0.01 secs] 
2014-07-09T00:55:44.932+0000: 568.394: [GC [PSYoungGen: 176002K->558K(172160K)] 296901K->122418K(859136K), 0.0064410 secs] [Times: user=0.04 sys=0.00, real=0.01 secs] 
2014-07-09T00:55:45.522+0000: 568.984: [GC [PSYoungGen: 172125K->1354K(169600K)] 293985K->123277K(856576K), 0.0064320 secs] [Times: user=0.04 sys=0.01, real=0.01 secs] 
2014-07-09T00:55:46.094+0000: 569.557: [GC [PSYoungGen: 169546K->530K(165504K)] 291469K->122939K(852480K), 0.0039250 secs] [Times: user=0.02 sys=0.00, real=0.01 secs] 
2014-07-09T00:55:46.674+0000: 570.136: [GC [PSYoungGen: 165428K->851K(162624K)] 287838K->123309K(849600K), 0.0037460 secs] [Times: user=0.02 sys=0.00, real=0.00 secs] 
2014-07-09T00:55:47.243+0000: 570.706: [GC [PSYoungGen: 162532K->801K(159488K)] 284990K->123299K(846464K), 0.0082680 secs] [Times: user=0.04 sys=0.00, real=0.01 secs] 
2014-07-09T00:55:47.791+0000: 571.253: [GC [PSYoungGen: 159457K->662K(156352K)] 281955K->123199K(843328K), 0.0066710 secs] [Times: user=0.03 sys=0.00, real=0.00 secs] 
2014-07-09T00:55:48.335+0000: 571.797: [GC [PSYoungGen: 156310K->790K(153600K)] 278847K->123423K(840576K), 0.0049320 secs] [Times: user=0.03 sys=0.00, real=0.01 secs] 
2014-07-09T00:55:48.867+0000: 572.329: [GC [PSYoungGen: 153557K->780K(184192K)] 276191K->123469K(871168K), 0.0083700 secs] [Times: user=0.04 sys=0.00, real=0.01 secs] 
2014-07-09T00:55:49.501+0000: 572.964: [GC [PSYoungGen: 184140K->658K(220736K)] 306829K->123419K(907712K), 0.0060470 secs] [Times: user=0.03 sys=0.00, real=0.00 secs] 
2014-07-09T00:55:50.266+0000: 573.728: [GC [PSYoungGen: 220672K->772K(215808K)] 343434K->123590K(902784K), 0.0034670 secs] [Times: user=0.01 sys=0.01, real=0.01 secs] 
2014-07-09T00:55:51.020+0000: 574.482: [GC [PSYoungGen: 215748K->594K(210752K)] 338566K->123475K(897728K), 0.0027980 secs] [Times: user=0.01 sys=0.00, real=0.00 secs] 
2014-07-09T00:55:51.751+0000: 575.213: [GC [PSYoungGen: 210706K->734K(206208K)] 333587K->123647K(893184K), 0.0081120 secs] [Times: user=0.04 sys=0.00, real=0.01 secs] 
2014-07-09T00:55:52.469+0000: 575.931: [GC [PSYoungGen: 206156K->880K(201792K)] 329070K->123906K(888768K), 0.0032230 secs] [Times: user=0.01 sys=0.01, real=0.00 secs] 
2014-07-09T00:55:53.165+0000: 576.627: [GC [PSYoungGen: 201776K->516K(197120K)] 324802K->123605K(884096K), 0.0032990 secs] [Times: user=0.01 sys=0.00, real=0.00 secs] 
2014-07-09T00:55:53.853+0000: 577.316: [GC [PSYoungGen: 197060K->772K(193152K)] 320149K->123949K(880128K), 0.0052340 secs] [Times: user=0.03 sys=0.00, real=0.00 secs] 
2014-07-09T00:55:54.527+0000: 577.989: [GC [PSYoungGen: 193073K->912K(189184K)] 316251K->124146K(876160K), 0.0033590 secs] [Times: user=0.01 sys=0.00, real=0.01 secs] 
2014-07-09T00:55:55.191+0000: 578.653: [GC [PSYoungGen: 189126K->584K(184896K)] 312360K->123857K(871872K), 0.0065820 secs] [Times: user=0.04 sys=0.00, real=0.00 secs] 
2014-07-09T00:55:55.839+0000: 579.302: [GC [PSYoungGen: 184840K->876K(181312K)] 308113K->124229K(868288K), 0.0058660 secs] [Times: user=0.03 sys=0.00, real=0.00 secs] 
2014-07-09T00:55:56.469+0000: 579.931: [GC [PSYoungGen: 181250K->948K(177664K)] 304604K->124382K(864640K), 0.0073180 secs] [Times: user=0.05 sys=0.00, real=0.00 secs] 
2014-07-09T00:55:57.081+0000: 580.543: [GC [PSYoungGen: 177624K->898K(174080K)] 301058K->124388K(861056K), 0.0049770 secs] [Times: user=0.02 sys=0.00, real=0.00 secs] 
2014-07-09T00:55:57.690+0000: 581.153: [GC [PSYoungGen: 174018K->694K(170368K)] 297508K->124223K(857344K), 0.0039050 secs] [Times: user=0.01 sys=0.00, real=0.00 secs] 
2014-07-09T00:55:58.278+0000: 581.740: [GC [PSYoungGen: 170358K->822K(167168K)] 293887K->124439K(854144K), 0.0031970 secs] [Times: user=0.02 sys=0.00, real=0.01 secs] 
2014-07-09T00:55:58.857+0000: 582.319: [GC [PSYoungGen: 167145K->416K(163584K)] 290763K->124057K(850560K), 0.0091860 secs] [Times: user=0.05 sys=0.01, real=0.01 secs] 
2014-07-09T00:55:59.418+0000: 582.880: [GC [PSYoungGen: 163552K->868K(160896K)] 287193K->124582K(847872K), 0.0030830 secs] [Times: user=0.01 sys=0.00, real=0.01 secs] 
2014-07-09T00:55:59.975+0000: 583.438: [GC [PSYoungGen: 160868K->1148K(158144K)] 284582K->125170K(845120K), 0.0043330 secs] [Times: user=0.02 sys=0.00, real=0.00 secs] 
2014-07-09T00:56:00.518+0000: 583.980: [GC [PSYoungGen: 158140K->608K(154688K)] 282162K->124710K(841664K), 0.0055000 secs] [Times: user=0.03 sys=0.00, real=0.01 secs] 
2014-07-09T00:56:01.059+0000: 584.521: [GC [PSYoungGen: 154656K->879K(152064K)] 278758K->125069K(839040K), 0.0053990 secs] [Times: user=0.03 sys=0.00, real=0.01 secs] 
2014-07-09T00:56:01.600+0000: 585.062: [GC [PSYoungGen: 152047K->1207K(149632K)] 276237K->125485K(836608K), 0.0043180 secs] [Times: user=0.02 sys=0.00, real=0.01 secs] 
2014-07-09T00:56:02.132+0000: 585.594: [GC [PSYoungGen: 149623K->764K(146496K)] 273901K->125212K(833472K), 0.0031830 secs] [Times: user=0.02 sys=0.00, real=0.00 secs] 
2014-07-09T00:56:02.630+0000: 586.092: [GC [PSYoungGen: 146492K->530K(143680K)] 270940K->125042K(830656K), 0.0069720 secs] [Times: user=0.04 sys=0.01, real=0.01 secs] 
2014-07-09T00:56:03.122+0000: 586.584: [GC [PSYoungGen: 143631K->908K(141568K)] 268143K->125516K(828544K), 0.0032700 secs] [Times: user=0.02 sys=0.00, real=0.00 secs] 
2014-07-09T00:56:03.614+0000: 587.076: [GC [PSYoungGen: 141516K->498K(138688K)] 266124K->125170K(825664K), 0.0068570 secs] [Times: user=0.04 sys=0.00, real=0.01 secs] 
2014-07-09T00:56:04.089+0000: 587.551: [GC [PSYoungGen: 138674K->712K(136576K)] 263346K->125488K(823552K), 0.0028940 secs] [Times: user=0.02 sys=0.00, real=0.01 secs] 
2014-07-09T00:56:04.562+0000: 588.024: [GC [PSYoungGen: 136506K->1042K(134592K)] 261282K->125898K(821568K), 0.0033610 secs] [Times: user=0.02 sys=0.00, real=0.00 secs] 
2014-07-09T00:56:05.041+0000: 588.503: [GC [PSYoungGen: 134546K->616K(131904K)] 259402K->125520K(818880K), 0.0036750 secs] [Times: user=0.02 sys=0.00, real=0.01 secs] 
2014-07-09T00:56:05.494+0000: 588.956: [GC [PSYoungGen: 131880K->766K(129856K)] 256784K->125726K(816832K), 0.0030830 secs] [Times: user=0.01 sys=0.01, real=0.00 secs] 
2014-07-09T00:56:05.951+0000: 589.413: [GC [PSYoungGen: 129854K->840K(127872K)] 254814K->125880K(814848K), 0.0030530 secs] [Times: user=0.01 sys=0.01, real=0.00 secs] 
2014-07-09T00:56:06.392+0000: 589.854: [GC [PSYoungGen: 127771K->434K(125376K)] 252811K->125538K(812352K), 0.0035550 secs] [Times: user=0.01 sys=0.00, real=0.00 secs] 
2014-07-09T00:56:06.835+0000: 590.297: [GC [PSYoungGen: 125362K->580K(123584K)] 250466K->125756K(810560K), 0.0039680 secs] [Times: user=0.03 sys=0.01, real=0.00 secs] 
2014-07-09T00:56:07.262+0000: 590.724: [GC [PSYoungGen: 123524K->512K(121472K)] 248700K->125744K(808448K), 0.0069640 secs] [Times: user=0.04 sys=0.00, real=0.00 secs] 
2014-07-09T00:56:07.688+0000: 591.150: [GC [PSYoungGen: 121471K->890K(119936K)] 246703K->126194K(806912K), 0.0045590 secs] [Times: user=0.02 sys=0.00, real=0.01 secs] 
2014-07-09T00:56:08.094+0000: 591.556: [GC [PSYoungGen: 119930K->626K(143488K)] 245234K->125994K(830464K), 0.0048010 secs] [Times: user=0.03 sys=0.00, real=0.00 secs] 
2014-07-09T00:56:08.598+0000: 592.060: [GC [PSYoungGen: 143474K->921K(141312K)] 268842K->126369K(828288K), 0.0045980 secs] [Times: user=0.03 sys=0.00, real=0.01 secs] 
2014-07-09T00:56:09.085+0000: 592.548: [GC [PSYoungGen: 141273K->794K(138752K)] 266721K->126354K(825728K), 0.0037400 secs] [Times: user=0.03 sys=0.00, real=0.00 secs] 
2014-07-09T00:56:09.570+0000: 593.032: [GC [PSYoungGen: 138714K->730K(136320K)] 264274K->126402K(823296K), 0.0037570 secs] [Times: user=0.02 sys=0.00, real=0.01 secs] 
2014-07-09T00:56:10.040+0000: 593.502: [GC [PSYoungGen: 136282K->928K(134208K)] 261954K->126664K(821184K), 0.0035820 secs] [Times: user=0.02 sys=0.00, real=0.01 secs] 
2014-07-09T00:56:10.505+0000: 593.967: [GC [PSYoungGen: 134173K->751K(131776K)] 259910K->126697K(818752K), 0.0046740 secs] [Times: user=0.03 sys=0.00, real=0.00 secs] 
2014-07-09T00:56:10.971+0000: 594.433: [GC [PSYoungGen: 131759K->1252K(130112K)] 257705K->127384K(817088K), 0.0047800 secs] [Times: user=0.01 sys=0.01, real=0.00 secs] 
2014-07-09T00:56:11.427+0000: 594.889: [GC [PSYoungGen: 130084K->530K(155200K)] 256216K->126776K(842176K), 0.0068830 secs] [Times: user=0.04 sys=0.00, real=0.01 secs] 
2014-07-09T00:56:11.956+0000: 595.418: [GC [PSYoungGen: 155154K->1022K(186624K)] 281400K->127356K(873600K), 0.0059510 secs] [Times: user=0.03 sys=0.01, real=0.01 secs] 
2014-07-09T00:56:12.598+0000: 596.060: [GC [PSYoungGen: 186618K->754K(182528K)] 312952K->127136K(869504K), 0.0035540 secs] [Times: user=0.02 sys=0.00, real=0.00 secs] 
2014-07-09T00:56:13.234+0000: 596.696: [GC [PSYoungGen: 182514K->780K(178880K)] 308896K->127258K(865856K), 0.0042000 secs] [Times: user=0.02 sys=0.00, real=0.00 secs] 
2014-07-09T00:56:13.857+0000: 597.319: [GC [PSYoungGen: 178794K->864K(175360K)] 305272K->127422K(862336K), 0.0054620 secs] [Times: user=0.03 sys=0.00, real=0.01 secs] 
2014-07-09T00:56:14.448+0000: 597.910: [GC [PSYoungGen: 175328K->970K(171968K)] 301886K->127584K(858944K), 0.0040630 secs] [Times: user=0.02 sys=0.00, real=0.01 secs] 
2014-07-09T00:56:15.043+0000: 598.505: [GC [PSYoungGen: 171914K->826K(168384K)] 298528K->127618K(855360K), 0.0044170 secs] [Times: user=0.03 sys=0.00, real=0.00 secs] 
2014-07-09T00:56:15.632+0000: 599.094: [GC [PSYoungGen: 168374K->658K(164992K)] 295166K->127506K(851968K), 0.0046980 secs] [Times: user=0.03 sys=0.00, real=0.00 secs] 
2014-07-09T00:56:16.198+0000: 599.660: [GC [PSYoungGen: 164946K->748K(161920K)] 291794K->127652K(848896K), 0.0033610 secs] [Times: user=0.02 sys=0.00, real=0.00 secs] 
2014-07-09T00:56:16.766+0000: 600.228: [GC [PSYoungGen: 161891K->992K(159104K)] 288796K->127968K(846080K), 0.0049730 secs] [Times: user=0.03 sys=0.01, real=0.00 secs] 
2014-07-09T00:56:17.314+0000: 600.777: [GC [PSYoungGen: 159072K->448K(190144K)] 286048K->127456K(877120K), 0.0098880 secs] [Times: user=0.05 sys=0.00, real=0.01 secs] 
2014-07-09T00:56:17.977+0000: 601.439: [GC [PSYoungGen: 190144K->1106K(186880K)] 317152K->128170K(873856K), 0.0035030 secs] [Times: user=0.01 sys=0.01, real=0.00 secs] 
2014-07-09T00:56:18.616+0000: 602.078: [GC [PSYoungGen: 186793K->794K(182720K)] 313857K->127906K(869696K), 0.0035170 secs] [Times: user=0.02 sys=0.00, real=0.00 secs] 
2014-07-09T00:56:19.247+0000: 602.710: [GC [PSYoungGen: 182657K->848K(179072K)] 309769K->128032K(866048K), 0.0048540 secs] [Times: user=0.03 sys=0.00, real=0.00 secs] 
2014-07-09T00:56:19.875+0000: 603.337: [GC [PSYoungGen: 178976K->676K(175296K)] 306160K->127924K(862272K), 0.0081510 secs] [Times: user=0.04 sys=0.00, real=0.00 secs] 
2014-07-09T00:56:20.485+0000: 603.947: [GC [PSYoungGen: 175268K->960K(172096K)] 302516K->128304K(859072K), 0.0029780 secs] [Times: user=0.02 sys=0.00, real=0.00 secs] 
2014-07-09T00:56:21.082+0000: 604.544: [GC [PSYoungGen: 172032K->872K(168576K)] 299376K->128372K(855552K), 0.0049580 secs] [Times: user=0.02 sys=0.00, real=0.01 secs] 
2014-07-09T00:56:21.668+0000: 605.130: [GC [PSYoungGen: 168552K->658K(165120K)] 296052K->128246K(852096K), 0.0070260 secs] [Times: user=0.04 sys=0.00, real=0.01 secs] 
2014-07-09T00:56:22.232+0000: 605.695: [GC [PSYoungGen: 165074K->876K(162112K)] 292662K->128536K(849088K), 0.0028500 secs] [Times: user=0.01 sys=0.00, real=0.01 secs] 
2014-07-09T00:56:22.786+0000: 606.249: [GC [PSYoungGen: 162092K->962K(159168K)] 289752K->128678K(846144K), 0.0084370 secs] [Times: user=0.04 sys=0.00, real=0.01 secs] 
2014-07-09T00:56:23.344+0000: 606.806: [GC [PSYoungGen: 159106K->702K(190528K)] 286822K->128564K(877504K), 0.0137300 secs] [Times: user=0.07 sys=0.00, real=0.01 secs] 
2014-07-09T00:56:24.008+0000: 607.471: [GC [PSYoungGen: 190526K->932K(213504K)] 318388K->128882K(900480K), 0.0036220 secs] [Times: user=0.02 sys=0.00, real=0.00 secs] 
2014-07-09T00:56:24.754+0000: 608.216: [GC [PSYoungGen: 213220K->876K(229056K)] 341170K->128882K(916032K), 0.0058260 secs] [Times: user=0.03 sys=0.00, real=0.00 secs] 
2014-07-09T00:56:25.558+0000: 609.020: [GC [PSYoungGen: 228716K->694K(223232K)] 356722K->128804K(910208K), 0.0051710 secs] [Times: user=0.03 sys=0.00, real=0.00 secs] 
2014-07-09T00:56:26.337+0000: 609.799: [GC [PSYoungGen: 223213K->566K(217984K)] 351323K->128820K(904960K), 0.0031400 secs] [Times: user=0.02 sys=0.00, real=0.00 secs] 
2014-07-09T00:56:27.101+0000: 610.563: [GC [PSYoungGen: 217973K->948K(213440K)] 346228K->129282K(900416K), 0.0042220 secs] [Times: user=0.02 sys=0.00, real=0.01 secs] 
2014-07-09T00:56:27.844+0000: 611.306: [GC [PSYoungGen: 213428K->958K(208640K)] 341762K->129412K(895616K), 0.0041590 secs] [Times: user=0.02 sys=0.00, real=0.00 secs] 
2014-07-09T00:56:28.570+0000: 612.032: [GC [PSYoungGen: 208638K->626K(203712K)] 337092K->129152K(890688K), 0.0033710 secs] [Times: user=0.01 sys=0.00, real=0.00 secs] 
2014-07-09T00:56:29.280+0000: 612.742: [GC [PSYoungGen: 203698K->530K(199232K)] 332224K->129104K(886208K), 0.0150790 secs] [Times: user=0.09 sys=0.00, real=0.02 secs] 
2014-07-09T00:56:29.967+0000: 613.429: [GC [PSYoungGen: 199186K->466K(225984K)] 327760K->129064K(912960K), 0.0156320 secs] [Times: user=0.07 sys=0.00, real=0.01 secs] 
2014-07-09T00:56:30.743+0000: 614.206: [GC [PSYoungGen: 225170K->612K(239680K)] 353768K->129306K(926656K), 0.0029420 secs] [Times: user=0.02 sys=0.00, real=0.01 secs] 
2014-07-09T00:56:31.563+0000: 615.025: [GC [PSYoungGen: 239012K->872K(239680K)] 367706K->129630K(926656K), 0.0073160 secs] [Times: user=0.04 sys=0.00, real=0.01 secs] 
2014-07-09T00:56:32.399+0000: 615.861: [GC [PSYoungGen: 239272K->944K(233664K)] 368030K->129766K(920640K), 0.0044000 secs] [Times: user=0.02 sys=0.01, real=0.00 secs] 
2014-07-09T00:56:33.210+0000: 616.673: [GC [PSYoungGen: 233648K->918K(228160K)] 362470K->129836K(915136K), 0.0036060 secs] [Times: user=0.01 sys=0.01, real=0.00 secs] 
2014-07-09T00:56:34.012+0000: 617.474: [GC [PSYoungGen: 228118K->684K(222592K)] 357036K->129812K(909568K), 0.0041580 secs] [Times: user=0.02 sys=0.00, real=0.01 secs] 
2014-07-09T00:56:34.779+0000: 618.241: [GC [PSYoungGen: 222572K->530K(217344K)] 351700K->129730K(904320K), 0.0029990 secs] [Times: user=0.01 sys=0.00, real=0.00 secs] 
2014-07-09T00:56:35.544+0000: 619.006: [GC [PSYoungGen: 217265K->1050K(212928K)] 346466K->130330K(899904K), 0.0046130 secs] [Times: user=0.02 sys=0.00, real=0.01 secs] 
2014-07-09T00:56:36.278+0000: 619.740: [GC [PSYoungGen: 212890K->662K(207808K)] 342170K->130022K(894784K), 0.0038380 secs] [Times: user=0.02 sys=0.00, real=0.00 secs] 
2014-07-09T00:56:36.999+0000: 620.461: [GC [PSYoungGen: 207766K->530K(203072K)] 337126K->129962K(890048K), 0.0031910 secs] [Times: user=0.01 sys=0.00, real=0.00 secs] 
2014-07-09T00:56:37.707+0000: 621.169: [GC [PSYoungGen: 203018K->935K(199040K)] 332450K->130415K(886016K), 0.0152800 secs] [Times: user=0.09 sys=0.00, real=0.01 secs] 
2014-07-09T00:56:38.393+0000: 621.856: [GC [PSYoungGen: 199015K->804K(194624K)] 328495K->130356K(881600K), 0.0030220 secs] [Times: user=0.01 sys=0.00, real=0.01 secs] 
2014-07-09T00:56:39.064+0000: 622.526: [GC [PSYoungGen: 194573K->1270K(190976K)] 324126K->130945K(877952K), 0.0039660 secs] [Times: user=0.02 sys=0.00, real=0.01 secs] 
2014-07-09T00:56:39.729+0000: 623.191: [GC [PSYoungGen: 190966K->508K(186240K)] 320641K->130344K(873216K), 0.0068040 secs] [Times: user=0.05 sys=0.00, real=0.01 secs] 
2014-07-09T00:56:40.374+0000: 623.836: [GC [PSYoungGen: 186236K->893K(182784K)] 316072K->130809K(869760K), 0.0055200 secs] [Times: user=0.03 sys=0.01, real=0.01 secs] 
2014-07-09T00:56:41.003+0000: 624.465: [GC [PSYoungGen: 182781K->768K(178944K)] 312697K->130756K(865920K), 0.0060890 secs] [Times: user=0.03 sys=0.00, real=0.01 secs] 
2014-07-09T00:56:41.622+0000: 625.084: [GC [PSYoungGen: 178944K->804K(175424K)] 308932K->130856K(862400K), 0.0059110 secs] [Times: user=0.03 sys=0.00, real=0.01 secs] 
2014-07-09T00:56:42.233+0000: 625.695: [GC [PSYoungGen: 175396K->748K(171840K)] 305448K->130864K(858816K), 0.0049880 secs] [Times: user=0.03 sys=0.00, real=0.01 secs] 
2014-07-09T00:56:42.841+0000: 626.303: [GC [PSYoungGen: 171820K->878K(168576K)] 301936K->131082K(855552K), 0.0030890 secs] [Times: user=0.01 sys=0.00, real=0.00 secs] 
2014-07-09T00:56:43.426+0000: 626.888: [GC [PSYoungGen: 168558K->676K(165120K)] 298762K->130960K(852096K), 0.0029370 secs] [Times: user=0.02 sys=0.00, real=0.00 secs] 
2014-07-09T00:56:44.004+0000: 627.466: [GC [PSYoungGen: 165092K->732K(161984K)] 295376K->131072K(848960K), 0.0056020 secs] [Times: user=0.03 sys=0.00, real=0.01 secs] 
2014-07-09T00:56:44.569+0000: 628.031: [GC [PSYoungGen: 161948K->940K(159104K)] 292288K->131352K(846080K), 0.0036640 secs] [Times: user=0.01 sys=0.00, real=0.00 secs] 
2014-07-09T00:56:45.118+0000: 628.580: [GC [PSYoungGen: 159080K->868K(156096K)] 289492K->131329K(843072K), 0.0049260 secs] [Times: user=0.02 sys=0.00, real=0.00 secs] 
2014-07-09T00:56:45.669+0000: 629.131: [GC [PSYoungGen: 156067K->612K(152960K)] 286528K->132178K(839936K), 0.0052350 secs] [Times: user=0.03 sys=0.00, real=0.00 secs] 
2014-07-09T00:56:46.195+0000: 629.657: [GC [PSYoungGen: 152932K->1411K(150976K)] 284498K->133041K(837952K), 0.0045050 secs] [Times: user=0.01 sys=0.00, real=0.01 secs] 
2014-07-09T00:56:46.718+0000: 630.180: [GC [PSYoungGen: 150915K->862K(147712K)] 282545K->132925K(834688K), 0.0034490 secs] [Times: user=0.02 sys=0.00, real=0.00 secs] 
2014-07-09T00:56:47.236+0000: 630.699: [GC [PSYoungGen: 147678K->776K(145024K)] 279741K->132919K(832000K), 0.0049690 secs] [Times: user=0.03 sys=0.00, real=0.01 secs] 
2014-07-09T00:56:47.745+0000: 631.207: [GC [PSYoungGen: 144968K->480K(142144K)] 277111K->132679K(829120K), 0.0060720 secs] [Times: user=0.04 sys=0.00, real=0.01 secs] 
2014-07-09T00:56:48.230+0000: 631.692: [GC [PSYoungGen: 142084K->1250K(140416K)] 274284K->133546K(827392K), 0.0033790 secs] [Times: user=0.02 sys=0.00, real=0.00 secs] 
2014-07-09T00:56:48.714+0000: 632.176: [GC [PSYoungGen: 140354K->1046K(137792K)] 272649K->133382K(824768K), 0.0067500 secs] [Times: user=0.03 sys=0.00, real=0.01 secs] 
2014-07-09T00:56:49.189+0000: 632.651: [GC [PSYoungGen: 137750K->726K(135104K)] 270086K->133165K(822080K), 0.0043120 secs] [Times: user=0.02 sys=0.01, real=0.00 secs] 
2014-07-09T00:56:49.653+0000: 633.116: [GC [PSYoungGen: 135062K->847K(162112K)] 267501K->133358K(849088K), 0.0090410 secs] [Times: user=0.06 sys=0.00, real=0.01 secs] 
2014-07-09T00:56:50.213+0000: 633.676: [GC [PSYoungGen: 162063K->1008K(194496K)] 294574K->133623K(881472K), 0.0063050 secs] [Times: user=0.04 sys=0.00, real=0.01 secs] 
2014-07-09T00:56:50.891+0000: 634.353: [GC [PSYoungGen: 194480K->562K(232768K)] 327095K->133225K(919744K), 0.0094260 secs] [Times: user=0.05 sys=0.00, real=0.01 secs] 
2014-07-09T00:56:51.698+0000: 635.160: [GC [PSYoungGen: 232754K->698K(271424K)] 365417K->133417K(958400K), 0.0048670 secs] [Times: user=0.02 sys=0.01, real=0.00 secs] 
2014-07-09T00:56:52.652+0000: 636.114: [GC [PSYoungGen: 270586K->658K(263744K)] 403305K->133457K(950720K), 0.0052530 secs] [Times: user=0.03 sys=0.00, real=0.00 secs] 
2014-07-09T00:56:53.562+0000: 637.024: [GC [PSYoungGen: 263698K->982K(257472K)] 396497K->133870K(944448K), 0.0046490 secs] [Times: user=0.02 sys=0.01, real=0.00 secs] 
2014-07-09T00:56:54.461+0000: 637.923: [GC [PSYoungGen: 257430K->1198K(251328K)] 390318K->134158K(938304K), 0.0046350 secs] [Times: user=0.03 sys=0.00, real=0.00 secs] 
2014-07-09T00:56:55.313+0000: 638.775: [GC [PSYoungGen: 251310K->530K(244544K)] 384270K->133585K(931520K), 0.0056000 secs] [Times: user=0.03 sys=0.00, real=0.01 secs] 
2014-07-09T00:56:56.151+0000: 639.613: [GC [PSYoungGen: 244498K->1058K(239168K)] 377553K->134185K(926144K), 0.0050960 secs] [Times: user=0.03 sys=0.00, real=0.00 secs] 
2014-07-09T00:56:56.979+0000: 640.441: [GC [PSYoungGen: 239138K->726K(233152K)] 372265K->133949K(920128K), 0.0076530 secs] [Times: user=0.04 sys=0.00, real=0.00 secs] 
2014-07-09T00:56:57.784+0000: 641.246: [GC [PSYoungGen: 233059K->762K(227648K)] 366283K->134065K(914624K), 0.0047400 secs] [Times: user=0.03 sys=0.01, real=0.00 secs] 
2014-07-09T00:56:58.562+0000: 642.024: [GC [PSYoungGen: 227641K->826K(222464K)] 360945K->134217K(909440K), 0.0049650 secs] [Times: user=0.02 sys=0.00, real=0.00 secs] 
2014-07-09T00:56:59.327+0000: 642.790: [GC [PSYoungGen: 222458K->748K(217280K)] 355849K->134187K(904256K), 0.0044080 secs] [Times: user=0.01 sys=0.00, real=0.01 secs] 
2014-07-09T00:57:00.083+0000: 643.546: [GC [PSYoungGen: 217236K->858K(212480K)] 350676K->134345K(899456K), 0.0063190 secs] [Times: user=0.02 sys=0.00, real=0.01 secs] 
2014-07-09T00:57:00.851+0000: 644.313: [GC [PSYoungGen: 212442K->1046K(207936K)] 345929K->134605K(894912K), 0.0103430 secs] [Times: user=0.05 sys=0.01, real=0.01 secs] 
2014-07-09T00:57:01.547+0000: 645.010: [GC [PSYoungGen: 207892K->1284K(203648K)] 341451K->134940K(890624K), 0.0040130 secs] [Times: user=0.03 sys=0.00, real=0.01 secs] 
2014-07-09T00:57:02.257+0000: 645.719: [GC [PSYoungGen: 203588K->320K(198208K)] 337244K->134143K(885184K), 0.0050930 secs] [Times: user=0.03 sys=0.00, real=0.01 secs] 
2014-07-09T00:57:02.955+0000: 646.417: [GC [PSYoungGen: 198208K->1110K(194752K)] 332031K->135014K(881728K), 0.0028610 secs] [Times: user=0.02 sys=0.00, real=0.00 secs] 
2014-07-09T00:57:03.647+0000: 647.109: [GC [PSYoungGen: 194710K->758K(190272K)] 328614K->134757K(877248K), 0.0093880 secs] [Times: user=0.05 sys=0.00, real=0.01 secs] 
2014-07-09T00:57:04.292+0000: 647.754: [GC [PSYoungGen: 190262K->928K(186496K)] 324261K->134991K(873472K), 0.0055340 secs] [Times: user=0.03 sys=0.00, real=0.00 secs] 
2014-07-09T00:57:04.945+0000: 648.407: [GC [PSYoungGen: 186464K->872K(182592K)] 320527K->135015K(869568K), 0.0068300 secs] [Times: user=0.03 sys=0.00, real=0.01 secs] 
2014-07-09T00:57:05.588+0000: 649.050: [GC [PSYoungGen: 182530K->1064K(179072K)] 316674K->135296K(866048K), 0.0052150 secs] [Times: user=0.03 sys=0.00, real=0.01 secs] 
2014-07-09T00:57:06.191+0000: 649.654: [GC [PSYoungGen: 179048K->680K(175104K)] 313280K->134983K(862080K), 0.0062880 secs] [Times: user=0.03 sys=0.00, real=0.00 secs] 
2014-07-09T00:57:06.806+0000: 650.269: [GC [PSYoungGen: 175080K->970K(171968K)] 309383K->135354K(858944K), 0.0060690 secs] [Times: user=0.04 sys=0.01, real=0.01 secs] 
2014-07-09T00:57:07.397+0000: 650.859: [GC [PSYoungGen: 171914K->1076K(168640K)] 306298K->135531K(855616K), 0.0061190 secs] [Times: user=0.03 sys=0.01, real=0.01 secs] 
2014-07-09T00:57:07.977+0000: 651.440: [GC [PSYoungGen: 168628K->808K(165120K)] 303083K->135335K(852096K), 0.0061110 secs] [Times: user=0.03 sys=0.01, real=0.01 secs] 
2014-07-09T00:57:08.544+0000: 652.006: [GC [PSYoungGen: 165096K->929K(198144K)] 299623K->135561K(885120K), 0.0070660 secs] [Times: user=0.04 sys=0.00, real=0.01 secs] 
2014-07-09T00:57:09.228+0000: 652.690: [GC [PSYoungGen: 198113K->1277K(194240K)] 332745K->135996K(881216K), 0.0049160 secs] [Times: user=0.02 sys=0.00, real=0.01 secs] 
2014-07-09T00:57:09.905+0000: 653.367: [GC [PSYoungGen: 194189K->616K(189504K)] 328909K->135535K(876480K), 0.0054220 secs] [Times: user=0.03 sys=0.00, real=0.01 secs] 
2014-07-09T00:57:10.570+0000: 654.033: [GC [PSYoungGen: 189480K->1144K(186048K)] 324399K->136143K(873024K), 0.0052030 secs] [Times: user=0.03 sys=0.00, real=0.01 secs] 
2014-07-09T00:57:11.210+0000: 654.672: [GC [PSYoungGen: 186040K->1006K(182080K)] 321039K->136344K(869056K), 0.0051960 secs] [Times: user=0.03 sys=0.00, real=0.01 secs] 
2014-07-09T00:57:11.848+0000: 655.310: [GC [PSYoungGen: 182062K->862K(178240K)] 317400K->136271K(865216K), 0.0039280 secs] [Times: user=0.02 sys=0.00, real=0.01 secs] 
2014-07-09T00:57:12.466+0000: 655.928: [GC [PSYoungGen: 178206K->740K(174528K)] 313615K->136205K(861504K), 0.0062900 secs] [Times: user=0.04 sys=0.00, real=0.01 secs] 
2014-07-09T00:57:13.067+0000: 656.530: [GC [PSYoungGen: 174500K->880K(171200K)] 309965K->136401K(858176K), 0.0080420 secs] [Times: user=0.04 sys=0.00, real=0.01 secs] 
2014-07-09T00:57:13.669+0000: 657.132: [GC [PSYoungGen: 171184K->846K(167872K)] 306705K->136472K(854848K), 0.0072400 secs] [Times: user=0.04 sys=0.00, real=0.01 secs] 
2014-07-09T00:57:14.250+0000: 657.713: [GC [PSYoungGen: 167822K->1036K(164800K)] 303448K->136710K(851776K), 0.0050430 secs] [Times: user=0.03 sys=0.00, real=0.01 secs] 
2014-07-09T00:57:14.822+0000: 658.284: [GC [PSYoungGen: 164748K->750K(161344K)] 300422K->136610K(848320K), 0.0047700 secs] [Times: user=0.02 sys=0.01, real=0.00 secs] 
2014-07-09T00:57:15.372+0000: 658.835: [GC [PSYoungGen: 161276K->822K(158336K)] 297135K->136753K(845312K), 0.0038970 secs] [Times: user=0.02 sys=0.00, real=0.00 secs] 
2014-07-09T00:57:15.917+0000: 659.379: [GC [PSYoungGen: 158308K->894K(155456K)] 294240K->136913K(842432K), 0.0036270 secs] [Times: user=0.02 sys=0.00, real=0.00 secs] 
2014-07-09T00:57:16.448+0000: 659.910: [GC [PSYoungGen: 155453K->640K(152320K)] 291473K->136739K(839296K), 0.0051880 secs] [Times: user=0.02 sys=0.01, real=0.01 secs] 
2014-07-09T00:57:16.984+0000: 660.446: [GC [PSYoungGen: 152281K->922K(149888K)] 288381K->137069K(836864K), 0.0049750 secs] [Times: user=0.02 sys=0.00, real=0.00 secs] 
2014-07-09T00:57:17.507+0000: 660.969: [GC [PSYoungGen: 149850K->762K(147008K)] 285997K->136973K(833984K), 0.0032410 secs] [Times: user=0.01 sys=0.00, real=0.00 secs] 
2014-07-09T00:57:18.027+0000: 661.489: [GC [PSYoungGen: 147000K->878K(176384K)] 283212K->137489K(863360K), 0.0091760 secs] [Times: user=0.05 sys=0.01, real=0.01 secs] 
2014-07-09T00:57:18.629+0000: 662.091: [GC [PSYoungGen: 176366K->1008K(172992K)] 312977K->137700K(859968K), 0.0036490 secs] [Times: user=0.01 sys=0.01, real=0.01 secs] 
2014-07-09T00:57:19.225+0000: 662.687: [GC [PSYoungGen: 172956K->712K(169344K)] 309648K->137876K(856320K), 0.0040470 secs] [Times: user=0.01 sys=0.00, real=0.00 secs] 
2014-07-09T00:57:19.825+0000: 663.287: [GC [PSYoungGen: 169288K->562K(165824K)] 306452K->137798K(852800K), 0.0059430 secs] [Times: user=0.04 sys=0.00, real=0.00 secs] 
2014-07-09T00:57:20.408+0000: 663.870: [GC [PSYoungGen: 165810K->648K(162752K)] 303046K->137924K(849728K), 0.0049880 secs] [Times: user=0.02 sys=0.00, real=0.01 secs] 
2014-07-09T00:57:20.956+0000: 664.418: [GC [PSYoungGen: 162694K->886K(159872K)] 299970K->138250K(846848K), 0.0039950 secs] [Times: user=0.02 sys=0.00, real=0.00 secs] 
2014-07-09T00:57:21.503+0000: 664.965: [GC [PSYoungGen: 159862K->1134K(157120K)] 297226K->138570K(844096K), 0.0036360 secs] [Times: user=0.02 sys=0.00, real=0.00 secs] 
2014-07-09T00:57:22.031+0000: 665.494: [GC [PSYoungGen: 157102K->1192K(154304K)] 294538K->138676K(841280K), 0.0037530 secs] [Times: user=0.02 sys=0.00, real=0.01 secs] 
2014-07-09T00:57:22.563+0000: 666.026: [GC [PSYoungGen: 154238K->505K(150784K)] 291722K->138413K(837760K), 0.0086830 secs] [Times: user=0.05 sys=0.00, real=0.01 secs] 
2014-07-09T00:57:23.095+0000: 666.557: [GC [PSYoungGen: 150777K->1118K(148672K)] 288685K->139098K(835648K), 0.0041670 secs] [Times: user=0.02 sys=0.01, real=0.00 secs] 
2014-07-09T00:57:23.614+0000: 667.076: [GC [PSYoungGen: 148638K->726K(145664K)] 286618K->138978K(832640K), 0.0049860 secs] [Times: user=0.02 sys=0.00, real=0.00 secs] 
2014-07-09T00:57:24.116+0000: 667.578: [GC [PSYoungGen: 145622K->1088K(143488K)] 283874K->139388K(830464K), 0.0044390 secs] [Times: user=0.02 sys=0.00, real=0.00 secs] 
2014-07-09T00:57:24.615+0000: 668.077: [GC [PSYoungGen: 143397K->594K(140480K)] 281697K->138998K(827456K), 0.0036320 secs] [Times: user=0.02 sys=0.00, real=0.00 secs] 
2014-07-09T00:57:25.096+0000: 668.559: [GC [PSYoungGen: 140406K->911K(138368K)] 278810K->139395K(825344K), 0.0046570 secs] [Times: user=0.02 sys=0.00, real=0.00 secs] 
2014-07-09T00:57:25.576+0000: 669.038: [GC [PSYoungGen: 138292K->772K(165760K)] 276776K->139312K(852736K), 0.0073890 secs] [Times: user=0.04 sys=0.00, real=0.01 secs] 
2014-07-09T00:57:26.150+0000: 669.612: [GC [PSYoungGen: 165700K->722K(162496K)] 304240K->139374K(849472K), 0.0051340 secs] [Times: user=0.03 sys=0.00, real=0.01 secs] 
2014-07-09T00:57:26.704+0000: 670.166: [GC [PSYoungGen: 162450K->580K(159296K)] 301102K->139296K(846272K), 0.0033810 secs] [Times: user=0.01 sys=0.00, real=0.00 secs] 
2014-07-09T00:57:27.245+0000: 670.707: [GC [PSYoungGen: 159236K->676K(156352K)] 297952K->139456K(843328K), 0.0032640 secs] [Times: user=0.02 sys=0.00, real=0.00 secs] 
2014-07-09T00:57:27.781+0000: 671.243: [GC [PSYoungGen: 156324K->544K(153344K)] 295104K->139372K(840320K), 0.0028080 secs] [Times: user=0.01 sys=0.00, real=0.01 secs] 
2014-07-09T00:57:28.316+0000: 671.779: [GC [PSYoungGen: 153312K->530K(150528K)] 292140K->139446K(837504K), 0.0052610 secs] [Times: user=0.03 sys=0.00, real=0.00 secs] 
2014-07-09T00:57:28.827+0000: 672.289: [GC [PSYoungGen: 150455K->698K(180672K)] 289371K->139654K(867648K), 0.0144590 secs] [Times: user=0.09 sys=0.00, real=0.01 secs] 
2014-07-09T00:57:29.454+0000: 672.917: [GC [PSYoungGen: 180666K->994K(217024K)] 319622K->140038K(904000K), 0.0109400 secs] [Times: user=0.07 sys=0.00, real=0.01 secs] 
2014-07-09T00:57:30.197+0000: 673.659: [GC [PSYoungGen: 216982K->894K(248576K)] 356026K->139994K(935552K), 0.0071530 secs] [Times: user=0.04 sys=0.00, real=0.01 secs] 
2014-07-09T00:57:31.074+0000: 674.536: [GC [PSYoungGen: 248574K->676K(249024K)] 387674K->139864K(936000K), 0.0031640 secs] [Times: user=0.02 sys=0.00, real=0.01 secs] 
2014-07-09T00:57:31.928+0000: 675.390: [GC [PSYoungGen: 248356K->925K(242624K)] 387544K->140177K(929600K), 0.0032700 secs] [Times: user=0.02 sys=0.00, real=0.00 secs] 
2014-07-09T00:57:32.771+0000: 676.233: [GC [PSYoungGen: 242589K->928K(236800K)] 381841K->140252K(923776K), 0.0040770 secs] [Times: user=0.02 sys=0.01, real=0.01 secs] 
2014-07-09T00:57:33.600+0000: 677.062: [GC [PSYoungGen: 236719K->702K(230912K)] 376043K->140418K(917888K), 0.0079970 secs] [Times: user=0.04 sys=0.00, real=0.01 secs] 
2014-07-09T00:57:34.407+0000: 677.869: [GC [PSYoungGen: 230910K->512K(225344K)] 370626K->140324K(912320K), 0.0089380 secs] [Times: user=0.06 sys=0.00, real=0.01 secs] 
2014-07-09T00:57:35.196+0000: 678.658: [GC [PSYoungGen: 225344K->1050K(220736K)] 365156K->140926K(907712K), 0.0048730 secs] [Times: user=0.02 sys=0.00, real=0.00 secs] 
2014-07-09T00:57:35.969+0000: 679.431: [GC [PSYoungGen: 220698K->748K(215424K)] 360574K->140664K(902400K), 0.0080820 secs] [Times: user=0.04 sys=0.00, real=0.01 secs] 
2014-07-09T00:57:36.714+0000: 680.177: [GC [PSYoungGen: 215404K->826K(210624K)] 355320K->140814K(897600K), 0.0035060 secs] [Times: user=0.02 sys=0.00, real=0.00 secs] 
2014-07-09T00:57:37.451+0000: 680.914: [GC [PSYoungGen: 210578K->926K(206080K)] 350566K->140994K(893056K), 0.0086650 secs] [Times: user=0.05 sys=0.00, real=0.01 secs] 
2014-07-09T00:57:38.169+0000: 681.631: [GC [PSYoungGen: 206046K->715K(201344K)] 346114K->140887K(888320K), 0.0087290 secs] [Times: user=0.05 sys=0.00, real=0.01 secs] 
2014-07-09T00:57:38.866+0000: 682.328: [GC [PSYoungGen: 201273K->1040K(197312K)] 341445K->141268K(884288K), 0.0065520 secs] [Times: user=0.04 sys=0.00, real=0.00 secs] 
2014-07-09T00:57:39.551+0000: 683.014: [GC [PSYoungGen: 197264K->744K(192768K)] 337492K->141060K(879744K), 0.0065020 secs] [Times: user=0.04 sys=0.00, real=0.01 secs] 
2014-07-09T00:57:40.225+0000: 683.688: [GC [PSYoungGen: 192744K->779K(188736K)] 333060K->141167K(875712K), 0.0075740 secs] [Times: user=0.04 sys=0.00, real=0.00 secs] 
2014-07-09T00:57:40.878+0000: 684.340: [GC [PSYoungGen: 188683K->854K(184896K)] 329071K->141282K(871872K), 0.0061430 secs] [Times: user=0.04 sys=0.00, real=0.00 secs] 
2014-07-09T00:57:41.518+0000: 684.980: [GC [PSYoungGen: 184854K->384K(180608K)] 325282K->140860K(867584K), 0.0044920 secs] [Times: user=0.02 sys=0.00, real=0.00 secs] 
2014-07-09T00:57:42.141+0000: 685.603: [GC [PSYoungGen: 180582K->1028K(217408K)] 321058K->141568K(904384K), 0.0098450 secs] [Times: user=0.06 sys=0.00, real=0.01 secs] 
2014-07-09T00:57:42.895+0000: 686.357: [GC [PSYoungGen: 217348K->922K(260544K)] 357888K->141526K(947520K), 0.0101460 secs] [Times: user=0.05 sys=0.00, real=0.01 secs] 
2014-07-09T00:57:43.781+0000: 687.243: [GC [PSYoungGen: 260506K->576K(253696K)] 401110K->141406K(940672K), 0.0053530 secs] [Times: user=0.03 sys=0.00, real=0.01 secs] 
2014-07-09T00:57:44.655+0000: 688.117: [GC [PSYoungGen: 253696K->882K(290688K)] 394526K->141793K(977664K), 0.0134550 secs] [Times: user=0.10 sys=0.00, real=0.02 secs] 
2014-07-09T00:57:45.655+0000: 689.117: [GC [PSYoungGen: 290290K->1021K(282816K)] 431201K->141996K(969792K), 0.0044790 secs] [Times: user=0.03 sys=0.00, real=0.01 secs] 
2014-07-09T00:57:46.629+0000: 690.092: [GC [PSYoungGen: 282812K->626K(275136K)] 423787K->141680K(962112K), 0.0041740 secs] [Times: user=0.02 sys=0.00, real=0.00 secs] 
2014-07-09T00:57:47.588+0000: 691.051: [GC [PSYoungGen: 275122K->530K(268032K)] 416176K->141656K(955008K), 0.0081140 secs] [Times: user=0.05 sys=0.00, real=0.01 secs] 
2014-07-09T00:57:48.510+0000: 691.972: [GC [PSYoungGen: 267986K->936K(261632K)] 409112K->142150K(948608K), 0.0049030 secs] [Times: user=0.03 sys=0.00, real=0.00 secs] 
2014-07-09T00:57:49.412+0000: 692.874: [GC [PSYoungGen: 261580K->644K(254848K)] 402795K->141938K(941824K), 0.0086290 secs] [Times: user=0.05 sys=0.00, real=0.01 secs] 
2014-07-09T00:57:50.303+0000: 693.765: [GC [PSYoungGen: 254788K->712K(248640K)] 396082K->142086K(935616K), 0.0071510 secs] [Times: user=0.04 sys=0.00, real=0.01 secs] 
2014-07-09T00:57:51.167+0000: 694.629: [GC [PSYoungGen: 248584K->758K(242624K)] 389958K->142236K(929600K), 0.0041480 secs] [Times: user=0.02 sys=0.00, real=0.00 secs] 
2014-07-09T00:57:52.009+0000: 695.471: [GC [PSYoungGen: 242603K->1010K(237056K)] 384082K->142529K(924032K), 0.0091200 secs] [Times: user=0.05 sys=0.01, real=0.01 secs] 
2014-07-09T00:57:52.842+0000: 696.304: [GC [PSYoungGen: 237013K->672K(231104K)] 378532K->142328K(918080K), 0.0035260 secs] [Times: user=0.01 sys=0.00, real=0.00 secs] 
2014-07-09T00:57:53.645+0000: 697.107: [GC [PSYoungGen: 231072K->912K(225984K)] 372728K->142624K(912960K), 0.0035330 secs] [Times: user=0.02 sys=0.00, real=0.01 secs] 
2014-07-09T00:57:54.430+0000: 697.892: [GC [PSYoungGen: 225919K->644K(220544K)] 367632K->142444K(907520K), 0.0071110 secs] [Times: user=0.04 sys=0.00, real=0.00 secs] 
2014-07-09T00:57:55.193+0000: 698.655: [GC [PSYoungGen: 220484K->986K(215808K)] 362284K->142843K(902784K), 0.0091670 secs] [Times: user=0.03 sys=0.01, real=0.01 secs] 
2014-07-09T00:57:55.934+0000: 699.397: [GC [PSYoungGen: 215770K->744K(210688K)] 357627K->142904K(897664K), 0.0049390 secs] [Times: user=0.02 sys=0.00, real=0.01 secs] 
2014-07-09T00:57:56.676+0000: 700.138: [GC [PSYoungGen: 210664K->1248K(206528K)] 352824K->143578K(893504K), 0.0065540 secs] [Times: user=0.03 sys=0.00, real=0.01 secs] 
2014-07-09T00:57:57.393+0000: 700.855: [GC [PSYoungGen: 206485K->573K(201280K)] 348816K->143265K(888256K), 0.0093730 secs] [Times: user=0.06 sys=0.00, real=0.01 secs] 
2014-07-09T00:57:58.102+0000: 701.564: [GC [PSYoungGen: 201230K->730K(197120K)] 343922K->143504K(884096K), 0.0044550 secs] [Times: user=0.01 sys=0.00, real=0.00 secs] 
2014-07-09T00:57:58.769+0000: 702.231: [GC [PSYoungGen: 197082K->986K(193152K)] 339856K->143914K(880128K), 0.0056700 secs] [Times: user=0.03 sys=0.00, real=0.00 secs] 
2014-07-09T00:57:59.446+0000: 702.908: [GC [PSYoungGen: 193114K->672K(188736K)] 336042K->143720K(875712K), 0.0051590 secs] [Times: user=0.04 sys=0.00, real=0.01 secs] 
2014-07-09T00:58:00.108+0000: 703.570: [GC [PSYoungGen: 188704K->958K(185088K)] 331752K->144118K(872064K), 0.0045300 secs] [Times: user=0.02 sys=0.00, real=0.01 secs] 
2014-07-09T00:58:00.736+0000: 704.198: [GC [PSYoungGen: 185061K->762K(181120K)] 328221K->143946K(868096K), 0.0099550 secs] [Times: user=0.05 sys=0.00, real=0.01 secs] 
2014-07-09T00:58:01.366+0000: 704.828: [GC [PSYoungGen: 181114K->662K(177344K)] 324298K->143942K(864320K), 0.0048640 secs] [Times: user=0.03 sys=0.00, real=0.01 secs] 
2014-07-09T00:58:01.979+0000: 705.441: [GC [PSYoungGen: 177302K->794K(173888K)] 320582K->144154K(860864K), 0.0038960 secs] [Times: user=0.02 sys=0.00, real=0.00 secs] 
2014-07-09T00:58:02.588+0000: 706.050: [GC [PSYoungGen: 173850K->826K(170432K)] 317210K->144250K(857408K), 0.0032540 secs] [Times: user=0.02 sys=0.00, real=0.01 secs] 
2014-07-09T00:58:03.177+0000: 706.640: [GC [PSYoungGen: 170426K->830K(167104K)] 313850K->144318K(854080K), 0.0053770 secs] [Times: user=0.03 sys=0.00, real=0.01 secs] 
2014-07-09T00:58:03.770+0000: 707.232: [GC [PSYoungGen: 167101K->690K(163776K)] 310589K->144234K(850752K), 0.0040640 secs] [Times: user=0.02 sys=0.00, real=0.00 secs] 
2014-07-09T00:58:04.337+0000: 707.799: [GC [PSYoungGen: 163762K->794K(160768K)] 307306K->144442K(847744K), 0.0041120 secs] [Times: user=0.03 sys=0.00, real=0.01 secs] 
2014-07-09T00:58:04.898+0000: 708.361: [GC [PSYoungGen: 160730K->926K(157888K)] 304378K->144712K(844864K), 0.0029210 secs] [Times: user=0.01 sys=0.00, real=0.01 secs] 
2014-07-09T00:58:05.449+0000: 708.911: [GC [PSYoungGen: 157854K->722K(154752K)] 301640K->144588K(841728K), 0.0056480 secs] [Times: user=0.03 sys=0.00, real=0.00 secs] 
2014-07-09T00:58:05.987+0000: 709.450: [GC [PSYoungGen: 154698K->744K(151936K)] 298564K->144706K(838912K), 0.0068830 secs] [Times: user=0.05 sys=0.00, real=0.01 secs] 
2014-07-09T00:58:06.521+0000: 709.983: [GC [PSYoungGen: 151912K->744K(149184K)] 295874K->144762K(836160K), 0.0063960 secs] [Times: user=0.02 sys=0.00, real=0.00 secs] 
2014-07-09T00:58:07.041+0000: 710.504: [GC [PSYoungGen: 149147K->576K(146304K)] 293165K->144674K(833280K), 0.0050190 secs] [Times: user=0.03 sys=0.00, real=0.00 secs] 
2014-07-09T00:58:07.551+0000: 711.013: [GC [PSYoungGen: 146304K->726K(175680K)] 290402K->144872K(862656K), 0.0103560 secs] [Times: user=0.06 sys=0.01, real=0.01 secs] 
2014-07-09T00:58:08.158+0000: 711.620: [GC [PSYoungGen: 175638K->1014K(210944K)] 319784K->145330K(897920K), 0.0055360 secs] [Times: user=0.03 sys=0.00, real=0.01 secs] 
2014-07-09T00:58:08.903+0000: 712.365: [GC [PSYoungGen: 210934K->830K(206080K)] 355250K->145218K(893056K), 0.0045270 secs] [Times: user=0.03 sys=0.00, real=0.00 secs] 
2014-07-09T00:58:09.619+0000: 713.081: [GC [PSYoungGen: 206057K->502K(201216K)] 350445K->145166K(888192K), 0.0039950 secs] [Times: user=0.02 sys=0.01, real=0.01 secs] 
2014-07-09T00:58:10.321+0000: 713.784: [GC [PSYoungGen: 201206K->1120K(197504K)] 345870K->145913K(884480K), 0.0071150 secs] [Times: user=0.04 sys=0.00, real=0.00 secs] 
2014-07-09T00:58:11.001+0000: 714.463: [GC [PSYoungGen: 197467K->562K(192704K)] 342260K->145402K(879680K), 0.0056260 secs] [Times: user=0.02 sys=0.00, real=0.00 secs] 
2014-07-09T00:58:11.667+0000: 715.129: [GC [PSYoungGen: 192690K->512K(188544K)] 337530K->145440K(875520K), 0.0050090 secs] [Times: user=0.03 sys=0.00, real=0.01 secs] 
2014-07-09T00:58:12.323+0000: 715.785: [GC [PSYoungGen: 188544K->694K(184832K)] 333472K->145710K(871808K), 0.0048310 secs] [Times: user=0.03 sys=0.00, real=0.00 secs] 
2014-07-09T00:58:12.971+0000: 716.434: [GC [PSYoungGen: 184795K->1064K(181440K)] 329811K->146176K(868416K), 0.0061470 secs] [Times: user=0.04 sys=0.00, real=0.00 secs] 
2014-07-09T00:58:13.597+0000: 717.059: [GC [PSYoungGen: 181416K->694K(177344K)] 326528K->145910K(864320K), 0.0043860 secs] [Times: user=0.02 sys=0.00, real=0.01 secs] 
2014-07-09T00:58:14.216+0000: 717.678: [GC [PSYoungGen: 177334K->986K(174080K)] 322550K->146282K(861056K), 0.0046400 secs] [Times: user=0.02 sys=0.00, real=0.01 secs] 
2014-07-09T00:58:14.836+0000: 718.299: [GC [PSYoungGen: 174042K->658K(170304K)] 319338K->146050K(857280K), 0.0043630 secs] [Times: user=0.03 sys=0.00, real=0.01 secs] 
2014-07-09T00:58:15.420+0000: 718.883: [GC [PSYoungGen: 170258K->844K(167168K)] 315650K->146308K(854144K), 0.0035380 secs] [Times: user=0.01 sys=0.00, real=0.00 secs] 
2014-07-09T00:58:16.011+0000: 719.473: [GC [PSYoungGen: 167116K->548K(163648K)] 312580K->146036K(850624K), 0.0058200 secs] [Times: user=0.02 sys=0.00, real=0.00 secs] 
2014-07-09T00:58:16.578+0000: 720.040: [GC [PSYoungGen: 163572K->982K(160960K)] 309060K->146534K(847936K), 0.0040650 secs] [Times: user=0.01 sys=0.00, real=0.01 secs] 
2014-07-09T00:58:17.133+0000: 720.596: [GC [PSYoungGen: 160918K->594K(157568K)] 306470K->146202K(844544K), 0.0054560 secs] [Times: user=0.03 sys=0.00, real=0.00 secs] 
2014-07-09T00:58:17.670+0000: 721.133: [GC [PSYoungGen: 157522K->846K(154880K)] 303130K->146534K(841856K), 0.0074750 secs] [Times: user=0.05 sys=0.01, real=0.01 secs] 
2014-07-09T00:58:18.205+0000: 721.667: [GC [PSYoungGen: 154829K->672K(151872K)] 300518K->146440K(838848K), 0.0065170 secs] [Times: user=0.04 sys=0.00, real=0.01 secs] 
2014-07-09T00:58:18.730+0000: 722.192: [GC [PSYoungGen: 151802K->1211K(149632K)] 297570K->147059K(836608K), 0.0038270 secs] [Times: user=0.02 sys=0.00, real=0.01 secs] 
2014-07-09T00:58:19.246+0000: 722.708: [GC [PSYoungGen: 149622K->569K(146304K)] 295470K->146874K(833280K), 0.0053950 secs] [Times: user=0.03 sys=0.01, real=0.01 secs] 
2014-07-09T00:58:19.753+0000: 723.215: [GC [PSYoungGen: 146297K->1016K(175936K)] 292602K->147345K(862912K), 0.0083700 secs] [Times: user=0.04 sys=0.01, real=0.01 secs] 
2014-07-09T00:58:20.365+0000: 723.827: [GC [PSYoungGen: 175928K->858K(210816K)] 322257K->147432K(897792K), 0.0059510 secs] [Times: user=0.04 sys=0.00, real=0.00 secs] 
2014-07-09T00:58:21.094+0000: 724.557: [GC [PSYoungGen: 210778K->722K(206016K)] 357352K->147376K(892992K), 0.0054450 secs] [Times: user=0.03 sys=0.00, real=0.00 secs] 
2014-07-09T00:58:21.801+0000: 725.264: [GC [PSYoungGen: 205970K->576K(201280K)] 352624K->147286K(888256K), 0.0037560 secs] [Times: user=0.01 sys=0.00, real=0.00 secs] 
2014-07-09T00:58:22.506+0000: 725.969: [GC [PSYoungGen: 201246K->826K(197184K)] 347957K->147616K(884160K), 0.0070710 secs] [Times: user=0.05 sys=0.00, real=0.01 secs] 
2014-07-09T00:58:23.180+0000: 726.642: [GC [PSYoungGen: 197178K->580K(192768K)] 343968K->147418K(879744K), 0.0058720 secs] [Times: user=0.04 sys=0.00, real=0.01 secs] 
2014-07-09T00:58:23.856+0000: 727.318: [GC [PSYoungGen: 192708K->892K(188928K)] 339546K->147779K(875904K), 0.0044420 secs] [Times: user=0.02 sys=0.00, real=0.00 secs] 
2014-07-09T00:58:24.524+0000: 727.987: [GC [PSYoungGen: 188924K->680K(184832K)] 335811K->147630K(871808K), 0.0055450 secs] [Times: user=0.02 sys=0.00, real=0.00 secs] 
2014-07-09T00:58:25.169+0000: 728.631: [GC [PSYoungGen: 184808K->576K(180928K)] 331758K->147582K(867904K), 0.0072090 secs] [Times: user=0.04 sys=0.00, real=0.01 secs] 
2014-07-09T00:58:25.803+0000: 729.265: [GC [PSYoungGen: 180883K->971K(177664K)] 327890K->148026K(864640K), 0.0057080 secs] [Times: user=0.03 sys=0.00, real=0.00 secs] 
2014-07-09T00:58:26.431+0000: 729.893: [GC [PSYoungGen: 177566K->922K(174016K)] 324621K->148040K(860992K), 0.0054770 secs] [Times: user=0.02 sys=0.00, real=0.01 secs] 
2014-07-09T00:58:27.030+0000: 730.493: [GC [PSYoungGen: 173963K->620K(170240K)] 321082K->147977K(857216K), 0.0054810 secs] [Times: user=0.02 sys=0.00, real=0.01 secs] 
2014-07-09T00:58:27.617+0000: 731.079: [GC [PSYoungGen: 170184K->1011K(167296K)] 317541K->148464K(854272K), 0.0058080 secs] [Times: user=0.04 sys=0.00, real=0.01 secs] 
2014-07-09T00:58:28.192+0000: 731.654: [GC [PSYoungGen: 167283K->826K(163904K)] 314736K->148417K(850880K), 0.0036690 secs] [Times: user=0.02 sys=0.00, real=0.01 secs] 
2014-07-09T00:58:28.750+0000: 732.212: [GC [PSYoungGen: 163875K->1078K(161024K)] 311466K->148765K(848000K), 0.0031110 secs] [Times: user=0.01 sys=0.00, real=0.01 secs] 
2014-07-09T00:58:29.317+0000: 732.779: [GC [PSYoungGen: 161014K->612K(157568K)] 308701K->148362K(844544K), 0.0057160 secs] [Times: user=0.02 sys=0.00, real=0.01 secs] 
2014-07-09T00:58:29.871+0000: 733.334: [GC [PSYoungGen: 157540K->826K(154816K)] 305290K->148625K(841792K), 0.0087530 secs] [Times: user=0.05 sys=0.00, real=0.01 secs] 
2014-07-09T00:58:30.412+0000: 733.875: [GC [PSYoungGen: 154763K->708K(151936K)] 302562K->148562K(838912K), 0.0052340 secs] [Times: user=0.03 sys=0.00, real=0.01 secs] 
2014-07-09T00:58:30.948+0000: 734.411: [GC [PSYoungGen: 151876K->608K(149056K)] 299730K->148542K(836032K), 0.0046140 secs] [Times: user=0.03 sys=0.00, real=0.01 secs] 
2014-07-09T00:58:31.453+0000: 734.915: [GC [PSYoungGen: 149024K->1082K(179200K)] 296958K->149235K(866176K), 0.0076090 secs] [Times: user=0.05 sys=0.00, real=0.00 secs] 
2014-07-09T00:58:32.083+0000: 735.546: [GC [PSYoungGen: 179152K->994K(175552K)] 327305K->149235K(862528K), 0.0045310 secs] [Times: user=0.03 sys=0.00, real=0.00 secs] 
2014-07-09T00:58:32.704+0000: 736.167: [GC [PSYoungGen: 175522K->530K(210048K)] 323763K->148835K(897024K), 0.0071460 secs] [Times: user=0.05 sys=0.00, real=0.00 secs] 
2014-07-09T00:58:33.443+0000: 736.905: [GC [PSYoungGen: 210002K->544K(205376K)] 358307K->148945K(892352K), 0.0042150 secs] [Times: user=0.02 sys=0.01, real=0.01 secs] 
2014-07-09T00:58:34.151+0000: 737.613: [GC [PSYoungGen: 205342K->776K(201152K)] 353744K->149241K(888128K), 0.0056110 secs] [Times: user=0.03 sys=0.00, real=0.01 secs] 
2014-07-09T00:58:34.843+0000: 738.306: [GC [PSYoungGen: 201074K->1118K(197120K)] 349539K->149679K(884096K), 0.0088420 secs] [Times: user=0.06 sys=0.00, real=0.00 secs] 
2014-07-09T00:58:35.529+0000: 738.991: [GC [PSYoungGen: 197086K->744K(235968K)] 345647K->149539K(922944K), 0.0084160 secs] [Times: user=0.04 sys=0.00, real=0.01 secs] 
2014-07-09T00:58:36.336+0000: 739.798: [GC [PSYoungGen: 235944K->676K(230336K)] 384739K->149567K(917312K), 0.0044750 secs] [Times: user=0.03 sys=0.00, real=0.00 secs] 
2014-07-09T00:58:37.150+0000: 740.612: [GC [PSYoungGen: 230308K->544K(224832K)] 379199K->149615K(911808K), 0.0104480 secs] [Times: user=0.07 sys=0.00, real=0.01 secs] 
2014-07-09T00:58:37.931+0000: 741.393: [GC [PSYoungGen: 224766K->730K(219840K)] 373838K->149881K(906816K), 0.0057570 secs] [Times: user=0.03 sys=0.00, real=0.01 secs] 
2014-07-09T00:58:38.686+0000: 742.148: [GC [PSYoungGen: 219802K->676K(214784K)] 368953K->149907K(901760K), 0.0043570 secs] [Times: user=0.02 sys=0.01, real=0.00 secs] 
2014-07-09T00:58:39.431+0000: 742.894: [GC [PSYoungGen: 214756K->840K(210176K)] 363987K->150151K(897152K), 0.0047300 secs] [Times: user=0.03 sys=0.00, real=0.01 secs] 
2014-07-09T00:58:40.157+0000: 743.619: [GC [PSYoungGen: 210120K->904K(205568K)] 359431K->150287K(892544K), 0.0038710 secs] [Times: user=0.02 sys=0.00, real=0.00 secs] 
2014-07-09T00:58:40.876+0000: 744.338: [GC [PSYoungGen: 205473K->844K(201024K)] 354856K->150307K(888000K), 0.0088740 secs] [Times: user=0.06 sys=0.00, real=0.01 secs] 
2014-07-09T00:58:41.577+0000: 745.039: [GC [PSYoungGen: 200972K->758K(196544K)] 350435K->150317K(883520K), 0.0043220 secs] [Times: user=0.03 sys=0.01, real=0.00 secs] 
2014-07-09T00:58:42.275+0000: 745.737: [GC [PSYoungGen: 196499K->972K(192576K)] 346059K->150579K(879552K), 0.0102920 secs] [Times: user=0.06 sys=0.00, real=0.01 secs] 
2014-07-09T00:58:42.951+0000: 746.413: [GC [PSYoungGen: 192524K->700K(188224K)] 342131K->150580K(875200K), 0.0036670 secs] [Times: user=0.02 sys=0.00, real=0.01 secs] 
2014-07-09T00:58:43.590+0000: 747.053: [GC [PSYoungGen: 188220K->662K(184320K)] 338100K->150622K(871296K), 0.0045880 secs] [Times: user=0.02 sys=0.01, real=0.01 secs] 
2014-07-09T00:58:44.230+0000: 747.692: [GC [PSYoungGen: 184278K->1079K(180928K)] 334238K->151127K(867904K), 0.0062830 secs] [Times: user=0.04 sys=0.00, real=0.01 secs] 
2014-07-09T00:58:44.859+0000: 748.321: [GC [PSYoungGen: 180875K->871K(177088K)] 330924K->150975K(864064K), 0.0057920 secs] [Times: user=0.02 sys=0.00, real=0.00 secs] 
2014-07-09T00:58:45.472+0000: 748.934: [GC [PSYoungGen: 177063K->634K(212096K)] 327167K->150940K(899072K), 0.0093340 secs] [Times: user=0.06 sys=0.00, real=0.01 secs] 
2014-07-09T00:58:46.210+0000: 749.672: [GC [PSYoungGen: 212090K->840K(207616K)] 362396K->151178K(894592K), 0.0043720 secs] [Times: user=0.01 sys=0.00, real=0.00 secs] 
2014-07-09T00:58:46.934+0000: 750.396: [GC [PSYoungGen: 207560K->928K(203136K)] 357898K->151519K(890112K), 0.0030410 secs] [Times: user=0.01 sys=0.00, real=0.01 secs] 
2014-07-09T00:58:47.653+0000: 751.115: [GC [PSYoungGen: 203104K->946K(198720K)] 353695K->151649K(885696K), 0.0071550 secs] [Times: user=0.05 sys=0.00, real=0.01 secs] 
2014-07-09T00:58:48.343+0000: 751.805: [GC [PSYoungGen: 198706K->698K(194176K)] 349409K->151679K(881152K), 0.0041550 secs] [Times: user=0.03 sys=0.00, real=0.01 secs] 
2014-07-09T00:58:49.028+0000: 752.490: [GC [PSYoungGen: 194156K->808K(190208K)] 345137K->151884K(877184K), 0.0103160 secs] [Times: user=0.06 sys=0.00, real=0.01 secs] 
2014-07-09T00:58:49.685+0000: 753.148: [GC [PSYoungGen: 190184K->672K(186112K)] 341260K->151852K(873088K), 0.0035590 secs] [Times: user=0.02 sys=0.00, real=0.01 secs] 
2014-07-09T00:58:50.336+0000: 753.799: [GC [PSYoungGen: 186074K->783K(182400K)] 337255K->152044K(869376K), 0.0055310 secs] [Times: user=0.03 sys=0.01, real=0.00 secs] 
2014-07-09T00:58:50.960+0000: 754.422: [GC [PSYoungGen: 182351K->922K(178816K)] 333612K->152247K(865792K), 0.0035000 secs] [Times: user=0.01 sys=0.00, real=0.00 secs] 
2014-07-09T00:58:51.584+0000: 755.046: [GC [PSYoungGen: 178778K->772K(175104K)] 330103K->152168K(862080K), 0.0061770 secs] [Times: user=0.04 sys=0.00, real=0.01 secs] 
2014-07-09T00:58:52.192+0000: 755.654: [GC [PSYoungGen: 175021K->686K(171520K)] 326418K->152267K(858496K), 0.0037130 secs] [Times: user=0.02 sys=0.00, real=0.00 secs] 
2014-07-09T00:58:52.800+0000: 756.262: [GC [PSYoungGen: 171502K->1082K(168512K)] 323083K->152735K(855488K), 0.0089720 secs] [Times: user=0.05 sys=0.00, real=0.01 secs] 
2014-07-09T00:58:53.383+0000: 756.845: [GC [PSYoungGen: 168504K->562K(164736K)] 320157K->152633K(851712K), 0.0035480 secs] [Times: user=0.02 sys=0.00, real=0.01 secs] 
2014-07-09T00:58:53.963+0000: 757.425: [GC [PSYoungGen: 164722K->576K(197568K)] 316793K->152695K(884544K), 0.0169150 secs] [Times: user=0.10 sys=0.00, real=0.02 secs] 
2014-07-09T00:58:54.652+0000: 758.114: [GC [PSYoungGen: 197568K->612K(237056K)] 349687K->152835K(924032K), 0.0056280 secs] [Times: user=0.03 sys=0.00, real=0.01 secs] 
2014-07-09T00:58:55.489+0000: 758.951: [GC [PSYoungGen: 237028K->1018K(257280K)] 389251K->153337K(944256K), 0.0053170 secs] [Times: user=0.03 sys=0.00, real=0.00 secs] 
2014-07-09T00:58:56.389+0000: 759.851: [GC [PSYoungGen: 257018K->594K(250304K)] 409337K->153001K(937280K), 0.0063750 secs] [Times: user=0.03 sys=0.00, real=0.00 secs] 
2014-07-09T00:58:57.266+0000: 760.729: [GC [PSYoungGen: 250258K->680K(244288K)] 402665K->153135K(931264K), 0.0039700 secs] [Times: user=0.01 sys=0.00, real=0.01 secs] 
2014-07-09T00:58:58.115+0000: 761.577: [GC [PSYoungGen: 244264K->530K(238272K)] 396719K->153041K(925248K), 0.0036650 secs] [Times: user=0.02 sys=0.00, real=0.01 secs] 
2014-07-09T00:58:58.916+0000: 762.379: [GC [PSYoungGen: 238212K->1249K(233280K)] 390723K->153848K(920256K), 0.0045330 secs] [Times: user=0.02 sys=0.00, real=0.01 secs] 
2014-07-09T00:58:59.726+0000: 763.188: [GC [PSYoungGen: 233219K->662K(227264K)] 385818K->153333K(914240K), 0.0029890 secs] [Times: user=0.01 sys=0.00, real=0.01 secs] 
2014-07-09T00:59:00.518+0000: 763.981: [GC [PSYoungGen: 227221K->466K(221824K)] 379892K->153201K(908800K), 0.0053470 secs] [Times: user=0.03 sys=0.00, real=0.00 secs] 
2014-07-09T00:59:01.284+0000: 764.746: [GC [PSYoungGen: 221778K->794K(217088K)] 374513K->153601K(904064K), 0.0040060 secs] [Times: user=0.03 sys=0.00, real=0.01 secs] 
2014-07-09T00:59:02.045+0000: 765.507: [GC [PSYoungGen: 217050K->780K(212160K)] 369857K->153643K(899136K), 0.0072670 secs] [Times: user=0.04 sys=0.00, real=0.01 secs] 
2014-07-09T00:59:02.785+0000: 766.248: [GC [PSYoungGen: 212097K->896K(207552K)] 364960K->153855K(894528K), 0.0072280 secs] [Times: user=0.05 sys=0.00, real=0.01 secs] 
2014-07-09T00:59:03.503+0000: 766.965: [GC [PSYoungGen: 207405K->972K(203072K)] 360364K->154027K(890048K), 0.0082600 secs] [Times: user=0.05 sys=0.00, real=0.01 secs] 
2014-07-09T00:59:04.202+0000: 767.664: [GC [PSYoungGen: 203020K->544K(198208K)] 356075K->153679K(885184K), 0.0043290 secs] [Times: user=0.03 sys=0.00, real=0.00 secs] 
2014-07-09T00:59:04.897+0000: 768.359: [GC [PSYoungGen: 198176K->1096K(194496K)] 351311K->154319K(881472K), 0.0045230 secs] [Times: user=0.02 sys=0.01, real=0.01 secs] 
2014-07-09T00:59:05.577+0000: 769.039: [GC [PSYoungGen: 194396K->932K(190208K)] 347619K->154251K(877184K), 0.0044640 secs] [Times: user=0.03 sys=0.00, real=0.01 secs] 
2014-07-09T00:59:06.244+0000: 769.706: [GC [PSYoungGen: 190180K->793K(186112K)] 343499K->154216K(873088K), 0.0042440 secs] [Times: user=0.03 sys=0.00, real=0.01 secs] 
2014-07-09T00:59:06.895+0000: 770.357: [GC [PSYoungGen: 186073K->830K(182272K)] 339496K->154309K(869248K), 0.0031280 secs] [Times: user=0.02 sys=0.01, real=0.01 secs] 
2014-07-09T00:59:07.520+0000: 770.982: [GC [PSYoungGen: 182270K->608K(178368K)] 335749K->154183K(865344K), 0.0066250 secs] [Times: user=0.04 sys=0.00, real=0.00 secs] 
2014-07-09T00:59:08.142+0000: 771.604: [GC [PSYoungGen: 178336K->772K(174976K)] 331911K->154427K(861952K), 0.0049150 secs] [Times: user=0.02 sys=0.01, real=0.00 secs] 
2014-07-09T00:59:08.750+0000: 772.212: [GC [PSYoungGen: 174916K->950K(171648K)] 328571K->154677K(858624K), 0.0031820 secs] [Times: user=0.01 sys=0.00, real=0.00 secs] 
2014-07-09T00:59:09.349+0000: 772.811: [GC [PSYoungGen: 171638K->700K(168000K)] 325365K->154515K(854976K), 0.0068540 secs] [Times: user=0.04 sys=0.01, real=0.01 secs] 
2014-07-09T00:59:09.927+0000: 773.390: [GC [PSYoungGen: 167996K->862K(164928K)] 321811K->154733K(851904K), 0.0039390 secs] [Times: user=0.02 sys=0.00, real=0.01 secs] 
2014-07-09T00:59:10.496+0000: 773.959: [GC [PSYoungGen: 164894K->498K(161408K)] 318765K->154433K(848384K), 0.0043910 secs] [Times: user=0.01 sys=0.01, real=0.01 secs] 
2014-07-09T00:59:11.058+0000: 774.520: [GC [PSYoungGen: 161394K->736K(158592K)] 315329K->154775K(845568K), 0.0065340 secs] [Times: user=0.04 sys=0.00, real=0.01 secs] 
2014-07-09T00:59:11.617+0000: 775.080: [GC [PSYoungGen: 158544K->900K(155840K)] 312583K->155043K(842816K), 0.0038500 secs] [Times: user=0.02 sys=0.00, real=0.01 secs] 
2014-07-09T00:59:12.170+0000: 775.632: [GC [PSYoungGen: 155771K->694K(152704K)] 309914K->154885K(839680K), 0.0033690 secs] [Times: user=0.02 sys=0.00, real=0.00 secs] 
2014-07-09T00:59:12.710+0000: 776.172: [GC [PSYoungGen: 152675K->804K(150016K)] 306866K->155183K(836992K), 0.0030400 secs] [Times: user=0.01 sys=0.00, real=0.00 secs] 
2014-07-09T00:59:13.229+0000: 776.692: [GC [PSYoungGen: 149984K->744K(147264K)] 304363K->155211K(834240K), 0.0061480 secs] [Times: user=0.03 sys=0.00, real=0.00 secs] 
2014-07-09T00:59:13.746+0000: 777.209: [GC [PSYoungGen: 147239K->808K(144704K)] 301706K->155371K(831680K), 0.0051940 secs] [Times: user=0.04 sys=0.00, real=0.01 secs] 
2014-07-09T00:59:14.247+0000: 777.709: [GC [PSYoungGen: 144680K->708K(142080K)] 299243K->155391K(829056K), 0.0061980 secs] [Times: user=0.04 sys=0.00, real=0.01 secs] 
2014-07-09T00:59:14.746+0000: 778.208: [GC [PSYoungGen: 142011K->754K(139584K)] 296694K->155731K(826560K), 0.0059630 secs] [Times: user=0.04 sys=0.00, real=0.01 secs] 
2014-07-09T00:59:15.228+0000: 778.690: [GC [PSYoungGen: 139570K->712K(167360K)] 294547K->155785K(854336K), 0.0057720 secs] [Times: user=0.03 sys=0.01, real=0.01 secs] 
2014-07-09T00:59:15.804+0000: 779.266: [GC [PSYoungGen: 167271K->765K(164096K)] 322344K->155910K(851072K), 0.0050810 secs] [Times: user=0.04 sys=0.00, real=0.00 secs] 
2014-07-09T00:59:16.376+0000: 779.839: [GC [PSYoungGen: 164093K->644K(160896K)] 319238K->155853K(847872K), 0.0035280 secs] [Times: user=0.01 sys=0.01, real=0.01 secs] 
2014-07-09T00:59:16.934+0000: 780.397: [GC [PSYoungGen: 160824K->862K(158080K)] 316034K->156103K(845056K), 0.0066630 secs] [Times: user=0.02 sys=0.01, real=0.01 secs] 
2014-07-09T00:59:17.476+0000: 780.938: [GC [PSYoungGen: 158046K->766K(155008K)] 313287K->156071K(841984K), 0.0041600 secs] [Times: user=0.01 sys=0.00, real=0.00 secs] 
2014-07-09T00:59:18.024+0000: 781.486: [GC [PSYoungGen: 154968K->680K(152064K)] 310273K->156227K(839040K), 0.0037820 secs] [Times: user=0.03 sys=0.00, real=0.00 secs] 
2014-07-09T00:59:18.547+0000: 782.010: [GC [PSYoungGen: 152040K->1012K(149632K)] 307587K->156631K(836608K), 0.0054400 secs] [Times: user=0.03 sys=0.01, real=0.01 secs] 
2014-07-09T00:59:19.075+0000: 782.537: [GC [PSYoungGen: 149620K->630K(146560K)] 305239K->156505K(833536K), 0.0033930 secs] [Times: user=0.01 sys=0.00, real=0.00 secs] 
2014-07-09T00:59:19.582+0000: 783.044: [GC [PSYoungGen: 146550K->844K(144192K)] 302425K->156791K(831168K), 0.0045710 secs] [Times: user=0.03 sys=0.00, real=0.00 secs] 
2014-07-09T00:59:20.081+0000: 783.543: [GC [PSYoungGen: 144140K->932K(172928K)] 300087K->157116K(859904K), 0.0088440 secs] [Times: user=0.05 sys=0.00, real=0.00 secs] 
2014-07-09T00:59:20.689+0000: 784.152: [GC [PSYoungGen: 172877K->666K(207104K)] 329061K->156929K(894080K), 0.0067120 secs] [Times: user=0.03 sys=0.00, real=0.01 secs] 
2014-07-09T00:59:21.411+0000: 784.873: [GC [PSYoungGen: 207065K->730K(202624K)] 363329K->157081K(889600K), 0.0054140 secs] [Times: user=0.03 sys=0.00, real=0.00 secs] 
2014-07-09T00:59:22.113+0000: 785.575: [GC [PSYoungGen: 202586K->466K(197952K)] 358937K->156833K(884928K), 0.0053850 secs] [Times: user=0.02 sys=0.00, real=0.00 secs] 
2014-07-09T00:59:22.804+0000: 786.266: [GC [PSYoungGen: 197906K->668K(193920K)] 354273K->157091K(880896K), 0.0069950 secs] [Times: user=0.05 sys=0.00, real=0.00 secs] 
2014-07-09T00:59:23.468+0000: 786.930: [GC [PSYoungGen: 193884K->808K(189952K)] 350307K->157255K(876928K), 0.0068020 secs] [Times: user=0.02 sys=0.01, real=0.01 secs] 
2014-07-09T00:59:24.137+0000: 787.599: [GC [PSYoungGen: 189878K->918K(227904K)] 346326K->157414K(914880K), 0.0082400 secs] [Times: user=0.04 sys=0.00, real=0.01 secs] 
2014-07-09T00:59:24.922+0000: 788.384: [GC [PSYoungGen: 227862K->680K(222336K)] 384358K->157255K(909312K), 0.0050930 secs] [Times: user=0.04 sys=0.00, real=0.00 secs] 
2014-07-09T00:59:25.690+0000: 789.152: [GC [PSYoungGen: 222312K->818K(217344K)] 378887K->157474K(904320K), 0.0041600 secs] [Times: user=0.03 sys=0.00, real=0.01 secs] 
2014-07-09T00:59:26.448+0000: 789.911: [GC [PSYoungGen: 217330K->1177K(212800K)] 373986K->157936K(899776K), 0.0043810 secs] [Times: user=0.02 sys=0.01, real=0.01 secs] 
2014-07-09T00:59:27.175+0000: 790.637: [GC [PSYoungGen: 212761K->420K(207296K)] 369520K->157694K(894272K), 0.0044050 secs] [Times: user=0.02 sys=0.00, real=0.00 secs] 
2014-07-09T00:59:27.910+0000: 791.372: [GC [PSYoungGen: 207268K->1222K(203584K)] 364542K->158544K(890560K), 0.0100330 secs] [Times: user=0.06 sys=0.01, real=0.01 secs] 
2014-07-09T00:59:28.625+0000: 792.087: [GC [PSYoungGen: 203526K->712K(198656K)] 360848K->158290K(885632K), 0.0035710 secs] [Times: user=0.02 sys=0.00, real=0.00 secs] 
2014-07-09T00:59:29.317+0000: 792.779: [GC [PSYoungGen: 198600K->676K(194304K)] 356178K->158310K(881280K), 0.0071930 secs] [Times: user=0.04 sys=0.00, real=0.01 secs] 
2014-07-09T00:59:29.989+0000: 793.451: [GC [PSYoungGen: 194250K->890K(190400K)] 351885K->158572K(877376K), 0.0038680 secs] [Times: user=0.02 sys=0.00, real=0.01 secs] 
2014-07-09T00:59:30.645+0000: 794.107: [GC [PSYoungGen: 190394K->626K(186176K)] 348076K->158388K(873152K), 0.0047880 secs] [Times: user=0.02 sys=0.01, real=0.00 secs] 
2014-07-09T00:59:31.303+0000: 794.765: [GC [PSYoungGen: 186162K->896K(182656K)] 343924K->158722K(869632K), 0.0028890 secs] [Times: user=0.01 sys=0.01, real=0.00 secs] 
2014-07-09T00:59:31.934+0000: 795.396: [GC [PSYoungGen: 182549K->698K(178688K)] 340375K->158580K(865664K), 0.0055400 secs] [Times: user=0.03 sys=0.00, real=0.00 secs] 
2014-07-09T00:59:32.551+0000: 796.013: [GC [PSYoungGen: 178682K->886K(175296K)] 336564K->158832K(862272K), 0.0058940 secs] [Times: user=0.04 sys=0.00, real=0.01 secs] 
2014-07-09T00:59:33.167+0000: 796.629: [GC [PSYoungGen: 175286K->922K(171904K)] 333232K->158916K(858880K), 0.0035590 secs] [Times: user=0.02 sys=0.00, real=0.00 secs] 
2014-07-09T00:59:33.760+0000: 797.222: [GC [PSYoungGen: 171866K->576K(168128K)] 329860K->158690K(855104K), 0.0030130 secs] [Times: user=0.02 sys=0.00, real=0.01 secs] 
2014-07-09T00:59:34.339+0000: 797.801: [GC [PSYoungGen: 168080K->762K(165056K)] 326195K->158980K(852032K), 0.0041420 secs] [Times: user=0.02 sys=0.00, real=0.01 secs] 
2014-07-09T00:59:34.909+0000: 798.371: [GC [PSYoungGen: 165050K->576K(161728K)] 323268K->158858K(848704K), 0.0033330 secs] [Times: user=0.01 sys=0.00, real=0.01 secs] 
2014-07-09T00:59:35.484+0000: 798.946: [GC [PSYoungGen: 161728K->512K(158592K)] 320010K->158858K(845568K), 0.0079300 secs] [Times: user=0.05 sys=0.00, real=0.00 secs] 
2014-07-09T00:59:36.041+0000: 799.503: [GC [PSYoungGen: 158592K->598K(155776K)] 316938K->158968K(842752K), 0.0043540 secs] [Times: user=0.02 sys=0.00, real=0.01 secs] 
2014-07-09T00:59:36.581+0000: 800.043: [GC [PSYoungGen: 155734K->950K(153216K)] 314104K->159384K(840192K), 0.0044570 secs] [Times: user=0.02 sys=0.00, real=0.01 secs] 
2014-07-09T00:59:37.116+0000: 800.578: [GC [PSYoungGen: 153187K->868K(150336K)] 311622K->159350K(837312K), 0.0072170 secs] [Times: user=0.04 sys=0.00, real=0.01 secs] 
2014-07-09T00:59:37.633+0000: 801.095: [GC [PSYoungGen: 150276K->985K(147776K)] 308759K->159523K(834752K), 0.0038410 secs] [Times: user=0.01 sys=0.00, real=0.00 secs] 
2014-07-09T00:59:38.151+0000: 801.613: [GC [PSYoungGen: 147718K->682K(144832K)] 306256K->159588K(831808K), 0.0063400 secs] [Times: user=0.04 sys=0.00, real=0.01 secs] 
2014-07-09T00:59:38.652+0000: 802.115: [GC [PSYoungGen: 144810K->1178K(142784K)] 303716K->160164K(829760K), 0.0050820 secs] [Times: user=0.03 sys=0.01, real=0.01 secs] 
2014-07-09T00:59:39.152+0000: 802.614: [GC [PSYoungGen: 142705K->729K(139840K)] 301691K->160109K(826816K), 0.0040430 secs] [Times: user=0.01 sys=0.00, real=0.01 secs] 
2014-07-09T00:59:39.632+0000: 803.095: [GC [PSYoungGen: 139770K->708K(137408K)] 299151K->160168K(824384K), 0.0035310 secs] [Times: user=0.01 sys=0.00, real=0.01 secs] 
2014-07-09T00:59:40.107+0000: 803.569: [GC [PSYoungGen: 137348K->830K(135168K)] 296808K->160378K(822144K), 0.0035080 secs] [Times: user=0.01 sys=0.00, real=0.00 secs] 
2014-07-09T00:59:40.575+0000: 804.037: [GC [PSYoungGen: 135166K->644K(132800K)] 294714K->160248K(819776K), 0.0040150 secs] [Times: user=0.01 sys=0.00, real=0.00 secs] 
2014-07-09T00:59:41.027+0000: 804.490: [GC [PSYoungGen: 132740K->704K(159296K)] 292344K->160357K(846272K), 0.0185670 secs] [Times: user=0.11 sys=0.00, real=0.02 secs] 
2014-07-09T00:59:41.575+0000: 805.037: [GC [PSYoungGen: 159232K->530K(190848K)] 318885K->160254K(877824K), 0.0051330 secs] [Times: user=0.03 sys=0.00, real=0.00 secs] 
2014-07-09T00:59:42.246+0000: 805.708: [GC [PSYoungGen: 190794K->1035K(229440K)] 350518K->160832K(916416K), 0.0054300 secs] [Times: user=0.02 sys=0.00, real=0.00 secs] 
2014-07-09T00:59:43.056+0000: 806.519: [GC [PSYoungGen: 229387K->908K(251008K)] 389184K->160768K(937984K), 0.0039430 secs] [Times: user=0.01 sys=0.00, real=0.03 secs] 
2014-07-09T00:59:43.918+0000: 807.380: [GC [PSYoungGen: 250554K->1234K(244864K)] 410415K->161175K(931840K), 0.0060470 secs] [Times: user=0.03 sys=0.00, real=0.01 secs] 
2014-07-09T00:59:44.777+0000: 808.239: [GC [PSYoungGen: 244818K->598K(238336K)] 404759K->160578K(925312K), 0.0091180 secs] [Times: user=0.06 sys=0.00, real=0.01 secs] 
2014-07-09T00:59:45.616+0000: 809.078: [GC [PSYoungGen: 238294K->712K(232768K)] 398274K->160796K(919744K), 0.0051450 secs] [Times: user=0.03 sys=0.00, real=0.00 secs] 
2014-07-09T00:59:46.426+0000: 809.888: [GC [PSYoungGen: 232712K->722K(227328K)] 392796K->160878K(914304K), 0.0043790 secs] [Times: user=0.02 sys=0.00, real=0.00 secs] 
2014-07-09T00:59:47.208+0000: 810.671: [GC [PSYoungGen: 227282K->694K(222016K)] 387438K->160922K(908992K), 0.0068380 secs] [Times: user=0.04 sys=0.00, real=0.01 secs] 
2014-07-09T00:59:47.992+0000: 811.455: [GC [PSYoungGen: 222006K->946K(217216K)] 382234K->161255K(904192K), 0.0052000 secs] [Times: user=0.03 sys=0.01, real=0.01 secs] 
2014-07-09T00:59:48.747+0000: 812.209: [GC [PSYoungGen: 217175K->926K(212288K)] 377483K->161356K(899264K), 0.0051330 secs] [Times: user=0.03 sys=0.00, real=0.00 secs] 
2014-07-09T00:59:49.484+0000: 812.946: [GC [PSYoungGen: 212254K->722K(207360K)] 372684K->161240K(894336K), 0.0066760 secs] [Times: user=0.04 sys=0.00, real=0.01 secs] 
2014-07-09T00:59:50.212+0000: 813.674: [GC [PSYoungGen: 207290K->893K(202944K)] 367809K->161507K(889920K), 0.0052560 secs] [Times: user=0.03 sys=0.00, real=0.01 secs] 
2014-07-09T00:59:50.918+0000: 814.380: [GC [PSYoungGen: 202896K->894K(198528K)] 363510K->161564K(885504K), 0.0041740 secs] [Times: user=0.02 sys=0.00, real=0.00 secs] 
2014-07-09T00:59:51.613+0000: 815.076: [GC [PSYoungGen: 198526K->448K(193792K)] 359196K->161174K(880768K), 0.0054620 secs] [Times: user=0.04 sys=0.00, real=0.01 secs] 
2014-07-09T00:59:52.300+0000: 815.762: [GC [PSYoungGen: 193783K->872K(190144K)] 354510K->161662K(877120K), 0.0049730 secs] [Times: user=0.01 sys=0.00, real=0.01 secs] 
2014-07-09T00:59:52.969+0000: 816.432: [GC [PSYoungGen: 190095K->864K(186176K)] 350886K->161751K(873152K), 0.0048910 secs] [Times: user=0.03 sys=0.00, real=0.00 secs] 
2014-07-09T00:59:53.615+0000: 817.077: [GC [PSYoungGen: 186125K->730K(182208K)] 347011K->161672K(869184K), 0.0058550 secs] [Times: user=0.03 sys=0.00, real=0.01 secs] 
2014-07-09T00:59:54.241+0000: 817.704: [GC [PSYoungGen: 182170K->704K(178432K)] 343112K->161742K(865408K), 0.0066760 secs] [Times: user=0.04 sys=0.00, real=0.01 secs] 
2014-07-09T00:59:54.869+0000: 818.331: [GC [PSYoungGen: 178432K->598K(174784K)] 339470K->161708K(861760K), 0.0061270 secs] [Times: user=0.04 sys=0.00, real=0.00 secs] 
2014-07-09T00:59:55.479+0000: 818.941: [GC [PSYoungGen: 174742K->544K(171264K)] 335852K->161742K(858240K), 0.0050760 secs] [Times: user=0.03 sys=0.00, real=0.00 secs] 
2014-07-09T00:59:56.079+0000: 819.541: [GC [PSYoungGen: 171232K->886K(168192K)] 332430K->162156K(855168K), 0.0043130 secs] [Times: user=0.02 sys=0.01, real=0.00 secs] 
2014-07-09T00:59:56.660+0000: 820.122: [GC [PSYoungGen: 168182K->730K(164800K)] 329452K->162064K(851776K), 0.0030680 secs] [Times: user=0.02 sys=0.00, real=0.00 secs] 
2014-07-09T00:59:57.243+0000: 820.705: [GC [PSYoungGen: 164698K->761K(161664K)] 326032K->162175K(848640K), 0.0033520 secs] [Times: user=0.01 sys=0.00, real=0.01 secs] 
2014-07-09T00:59:57.809+0000: 821.271: [GC [PSYoungGen: 161655K->826K(158656K)] 323070K->162370K(845632K), 0.0032450 secs] [Times: user=0.01 sys=0.00, real=0.00 secs] 
2014-07-09T00:59:58.362+0000: 821.825: [GC [PSYoungGen: 158650K->940K(155840K)] 320194K->162564K(842816K), 0.0033460 secs] [Times: user=0.02 sys=0.00, real=0.00 secs] 
2014-07-09T00:59:58.897+0000: 822.359: [GC [PSYoungGen: 155820K->438K(152448K)] 317444K->162380K(839424K), 0.0040540 secs] [Times: user=0.02 sys=0.00, real=0.00 secs] 
2014-07-09T00:59:59.415+0000: 822.877: [GC [PSYoungGen: 152438K->1040K(150272K)] 314380K->163054K(837248K), 0.0075920 secs] [Times: user=0.04 sys=0.00, real=0.01 secs] 
2014-07-09T00:59:59.941+0000: 823.403: [GC [PSYoungGen: 150224K->830K(147328K)] 312238K->163008K(834304K), 0.0064030 secs] [Times: user=0.03 sys=0.00, real=0.01 secs] 
2014-07-09T01:00:00.451+0000: 823.913: [GC [PSYoungGen: 147296K->930K(144832K)] 309475K->163205K(831808K), 0.0037200 secs] [Times: user=0.02 sys=0.00, real=0.00 secs] 
2014-07-09T01:00:00.956+0000: 824.418: [GC [PSYoungGen: 144802K->570K(141888K)] 307077K->162958K(828864K), 0.0048490 secs] [Times: user=0.02 sys=0.00, real=0.00 secs] 
2014-07-09T01:00:01.448+0000: 824.911: [GC [PSYoungGen: 141882K->598K(139456K)] 304270K->163042K(826432K), 0.0039930 secs] [Times: user=0.01 sys=0.00, real=0.00 secs] 
2014-07-09T01:00:01.940+0000: 825.402: [GC [PSYoungGen: 139414K->766K(167360K)] 301858K->163259K(854336K), 0.0086930 secs] [Times: user=0.05 sys=0.00, real=0.01 secs] 
2014-07-09T01:00:02.538+0000: 826.000: [GC [PSYoungGen: 167358K->626K(200576K)] 329851K->163190K(887552K), 0.0123460 secs] [Times: user=0.06 sys=0.00, real=0.01 secs] 
2014-07-09T01:00:03.232+0000: 826.694: [GC [PSYoungGen: 200562K->862K(240832K)] 363126K->163491K(927808K), 0.0053670 secs] [Times: user=0.03 sys=0.00, real=0.01 secs] 
2014-07-09T01:00:04.085+0000: 827.548: [GC [PSYoungGen: 240798K->840K(261888K)] 403427K->163540K(948864K), 0.0063290 secs] [Times: user=0.03 sys=0.00, real=0.01 secs] 
2014-07-09T01:00:05.006+0000: 828.468: [GC [PSYoungGen: 261576K->780K(255040K)] 424276K->163536K(942016K), 0.0068660 secs] [Times: user=0.03 sys=0.00, real=0.01 secs] 
2014-07-09T01:00:05.888+0000: 829.350: [GC [PSYoungGen: 254988K->616K(248576K)] 417744K->163420K(935552K), 0.0085710 secs] [Times: user=0.06 sys=0.00, real=0.00 secs] 
2014-07-09T01:00:06.749+0000: 830.211: [GC [PSYoungGen: 248511K->748K(242688K)] 411315K->163765K(929664K), 0.0053460 secs] [Times: user=0.03 sys=0.00, real=0.00 secs] 
2014-07-09T01:00:07.600+0000: 831.062: [GC [PSYoungGen: 242652K->830K(236928K)] 405669K->163919K(923904K), 0.0047500 secs] [Times: user=0.02 sys=0.00, real=0.00 secs] 
2014-07-09T01:00:08.439+0000: 831.901: [GC [PSYoungGen: 236926K->736K(231232K)] 400015K->164421K(918208K), 0.0063630 secs] [Times: user=0.03 sys=0.00, real=0.00 secs] 
2014-07-09T01:00:09.232+0000: 832.694: [GC [PSYoungGen: 231200K->958K(226048K)] 394885K->164731K(913024K), 0.0049950 secs] [Times: user=0.03 sys=0.00, real=0.00 secs] 
2014-07-09T01:00:10.025+0000: 833.487: [GC [PSYoungGen: 226035K->879K(220800K)] 389808K->164975K(907776K), 0.0054310 secs] [Times: user=0.04 sys=0.00, real=0.01 secs] 
2014-07-09T01:00:10.777+0000: 834.239: [GC [PSYoungGen: 220783K->626K(215488K)] 384879K->164802K(902464K), 0.0071900 secs] [Times: user=0.04 sys=0.00, real=0.01 secs] 
2014-07-09T01:00:11.525+0000: 834.988: [GC [PSYoungGen: 215436K->932K(210944K)] 379613K->165212K(897920K), 0.0052270 secs] [Times: user=0.03 sys=0.00, real=0.01 secs] 
2014-07-09T01:00:12.244+0000: 835.706: [GC [PSYoungGen: 210901K->988K(206336K)] 375181K->165349K(893312K), 0.0056920 secs] [Times: user=0.03 sys=0.00, real=0.01 secs] 
2014-07-09T01:00:12.975+0000: 836.438: [GC [PSYoungGen: 206278K->764K(201536K)] 370639K->165394K(888512K), 0.0056390 secs] [Times: user=0.03 sys=0.00, real=0.01 secs] 
2014-07-09T01:00:13.685+0000: 837.147: [GC [PSYoungGen: 201532K->612K(197056K)] 366162K->165346K(884032K), 0.0042330 secs] [Times: user=0.03 sys=0.00, real=0.01 secs] 
2014-07-09T01:00:14.372+0000: 837.834: [GC [PSYoungGen: 197028K->658K(192896K)] 361762K->165538K(879872K), 0.0045060 secs] [Times: user=0.03 sys=0.01, real=0.00 secs] 
2014-07-09T01:00:15.034+0000: 838.496: [GC [PSYoungGen: 192850K->612K(188736K)] 357730K->165548K(875712K), 0.0070240 secs] [Times: user=0.04 sys=0.00, real=0.01 secs] 
2014-07-09T01:00:15.705+0000: 839.167: [GC [PSYoungGen: 188708K->594K(184832K)] 353644K->165610K(871808K), 0.0041460 secs] [Times: user=0.03 sys=0.00, real=0.01 secs] 
2014-07-09T01:00:16.338+0000: 839.800: [GC [PSYoungGen: 184786K->850K(181312K)] 349802K->165938K(868288K), 0.0094280 secs] [Times: user=0.06 sys=0.00, real=0.01 secs] 
2014-07-09T01:00:16.985+0000: 840.447: [GC [PSYoungGen: 181266K->544K(177280K)] 346354K->165728K(864256K), 0.0046370 secs] [Times: user=0.02 sys=0.00, real=0.01 secs] 
2014-07-09T01:00:17.601+0000: 841.063: [GC [PSYoungGen: 177248K->1150K(174272K)] 342432K->166398K(861248K), 0.0043040 secs] [Times: user=0.01 sys=0.00, real=0.00 secs] 
2014-07-09T01:00:18.213+0000: 841.675: [GC [PSYoungGen: 174262K->872K(170560K)] 339510K->166176K(857536K), 0.0074130 secs] [Times: user=0.04 sys=0.00, real=0.01 secs] 
2014-07-09T01:00:18.804+0000: 842.266: [GC [PSYoungGen: 170536K->804K(167168K)] 335840K->166188K(854144K), 0.0033130 secs] [Times: user=0.02 sys=0.01, real=0.00 secs] 
2014-07-09T01:00:19.395+0000: 842.858: [GC [PSYoungGen: 167115K->1097K(164288K)] 332499K->166585K(851264K), 0.0047600 secs] [Times: user=0.03 sys=0.00, real=0.01 secs] 
2014-07-09T01:00:19.970+0000: 843.432: [GC [PSYoungGen: 164188K->875K(160896K)] 329677K->166427K(847872K), 0.0039400 secs] [Times: user=0.02 sys=0.00, real=0.00 secs] 
2014-07-09T01:00:20.520+0000: 843.983: [GC [PSYoungGen: 160875K->498K(157504K)] 326427K->166114K(844480K), 0.0084880 secs] [Times: user=0.05 sys=0.00, real=0.00 secs] 
2014-07-09T01:00:21.076+0000: 844.538: [GC [PSYoungGen: 157490K->800K(189248K)] 323106K->166464K(876224K), 0.0094180 secs] [Times: user=0.05 sys=0.00, real=0.01 secs] 
2014-07-09T01:00:21.726+0000: 845.188: [GC [PSYoungGen: 189216K->896K(227072K)] 354880K->166608K(914048K), 0.0104660 secs] [Times: user=0.04 sys=0.01, real=0.01 secs] 
2014-07-09T01:00:22.503+0000: 845.965: [GC [PSYoungGen: 227007K->776K(272192K)] 392719K->166592K(959168K), 0.0048930 secs] [Times: user=0.03 sys=0.00, real=0.00 secs] 
2014-07-09T01:00:23.447+0000: 846.909: [GC [PSYoungGen: 272111K->640K(265088K)] 437927K->166520K(952064K), 0.0062020 secs] [Times: user=0.04 sys=0.00, real=0.01 secs] 
2014-07-09T01:00:24.371+0000: 847.833: [GC [PSYoungGen: 265088K->544K(275840K)] 430968K->166496K(962816K), 0.0131600 secs] [Times: user=0.08 sys=0.00, real=0.01 secs] 
2014-07-09T01:00:25.323+0000: 848.786: [GC [PSYoungGen: 275071K->948K(268480K)] 441023K->166964K(955456K), 0.0029910 secs] [Times: user=0.01 sys=0.01, real=0.00 secs] 
2014-07-09T01:00:26.247+0000: 849.710: [GC [PSYoungGen: 268458K->733K(261504K)] 434475K->166805K(948480K), 0.0057400 secs] [Times: user=0.03 sys=0.00, real=0.01 secs] 
2014-07-09T01:00:27.153+0000: 850.615: [GC [PSYoungGen: 261469K->818K(255040K)] 427541K->166954K(942016K), 0.0038800 secs] [Times: user=0.02 sys=0.00, real=0.00 secs] 
2014-07-09T01:00:28.038+0000: 851.500: [GC [PSYoungGen: 255026K->744K(248704K)] 421162K->166944K(935680K), 0.0063370 secs] [Times: user=0.04 sys=0.00, real=0.01 secs] 
2014-07-09T01:00:28.905+0000: 852.367: [GC [PSYoungGen: 248680K->794K(242752K)] 414880K->167058K(929728K), 0.0062390 secs] [Times: user=0.03 sys=0.00, real=0.01 secs] 
2014-07-09T01:00:29.734+0000: 853.196: [GC [PSYoungGen: 242714K->1042K(237184K)] 408978K->167347K(924160K), 0.0070220 secs] [Times: user=0.04 sys=0.01, real=0.00 secs] 
2014-07-09T01:00:30.562+0000: 854.024: [GC [PSYoungGen: 237138K->438K(230912K)] 403443K->166918K(917888K), 0.0050320 secs] [Times: user=0.02 sys=0.00, real=0.00 secs] 
2014-07-09T01:00:31.379+0000: 854.841: [GC [PSYoungGen: 230902K->994K(226112K)] 397382K->167538K(913088K), 0.0033520 secs] [Times: user=0.02 sys=0.00, real=0.01 secs] 
2014-07-09T01:00:32.173+0000: 855.636: [GC [PSYoungGen: 226082K->988K(220928K)] 392626K->167720K(907904K), 0.0081700 secs] [Times: user=0.04 sys=0.00, real=0.01 secs] 
2014-07-09T01:00:32.951+0000: 856.413: [GC [PSYoungGen: 220892K->732K(215616K)] 387624K->167520K(902592K), 0.0063030 secs] [Times: user=0.04 sys=0.00, real=0.00 secs] 
2014-07-09T01:00:33.696+0000: 857.158: [GC [PSYoungGen: 215580K->800K(210816K)] 382368K->167790K(897792K), 0.0112280 secs] [Times: user=0.07 sys=0.00, real=0.01 secs] 
2014-07-09T01:00:34.432+0000: 857.894: [GC [PSYoungGen: 210784K->930K(206272K)] 377774K->167984K(893248K), 0.0049050 secs] [Times: user=0.02 sys=0.00, real=0.00 secs] 
2014-07-09T01:00:35.136+0000: 858.599: [GC [PSYoungGen: 206242K->815K(201600K)] 373296K->168199K(888576K), 0.0048790 secs] [Times: user=0.03 sys=0.00, real=0.00 secs] 
2014-07-09T01:00:35.842+0000: 859.304: [GC [PSYoungGen: 201583K->886K(197312K)] 368967K->168326K(884288K), 0.0078610 secs] [Times: user=0.05 sys=0.00, real=0.01 secs] 
2014-07-09T01:00:36.521+0000: 859.984: [GC [PSYoungGen: 197283K->562K(192768K)] 364723K->168090K(879744K), 0.0045130 secs] [Times: user=0.03 sys=0.00, real=0.01 secs] 
2014-07-09T01:00:37.192+0000: 860.654: [GC [PSYoungGen: 192734K->794K(188928K)] 360263K->168402K(875904K), 0.0055530 secs] [Times: user=0.02 sys=0.01, real=0.00 secs] 
2014-07-09T01:00:37.854+0000: 861.316: [GC [PSYoungGen: 188870K->890K(185088K)] 356479K->168570K(872064K), 0.0061690 secs] [Times: user=0.03 sys=0.01, real=0.00 secs] 
2014-07-09T01:00:38.490+0000: 861.952: [GC [PSYoungGen: 185082K->1189K(181632K)] 352762K->168934K(868608K), 0.0058160 secs] [Times: user=0.03 sys=0.00, real=0.01 secs] 
2014-07-09T01:00:39.121+0000: 862.583: [GC [PSYoungGen: 181605K->494K(217024K)] 349350K->168801K(904000K), 0.0115910 secs] [Times: user=0.08 sys=0.00, real=0.02 secs] 
2014-07-09T01:00:39.882+0000: 863.345: [GC [PSYoungGen: 217004K->1092K(212736K)] 385311K->169439K(899712K), 0.0043140 secs] [Times: user=0.02 sys=0.01, real=0.00 secs] 
2014-07-09T01:00:40.614+0000: 864.076: [GC [PSYoungGen: 212676K->562K(207424K)] 381023K->169147K(894400K), 0.0060280 secs] [Times: user=0.03 sys=0.00, real=0.00 secs] 
2014-07-09T01:00:41.332+0000: 864.794: [GC [PSYoungGen: 207410K->626K(202944K)] 375995K->169307K(889920K), 0.0029950 secs] [Times: user=0.02 sys=0.00, real=0.01 secs] 
2014-07-09T01:00:42.044+0000: 865.506: [GC [PSYoungGen: 202930K->1002K(198912K)] 371611K->169772K(885888K), 0.0053620 secs] [Times: user=0.04 sys=0.00, real=0.00 secs] 
2014-07-09T01:00:42.747+0000: 866.209: [GC [PSYoungGen: 198890K->630K(194240K)] 367660K->169471K(881216K), 0.0041360 secs] [Times: user=0.02 sys=0.00, real=0.00 secs] 
2014-07-09T01:00:43.428+0000: 866.891: [GC [PSYoungGen: 194194K->658K(190208K)] 363035K->169611K(877184K), 0.0034900 secs] [Times: user=0.02 sys=0.00, real=0.00 secs] 
2014-07-09T01:00:44.089+0000: 867.551: [GC [PSYoungGen: 190162K->612K(186176K)] 359115K->169589K(873152K), 0.0114380 secs] [Times: user=0.06 sys=0.00, real=0.01 secs] 
2014-07-09T01:00:44.729+0000: 868.191: [GC [PSYoungGen: 186110K->662K(182400K)] 355088K->169743K(869376K), 0.0052120 secs] [Times: user=0.03 sys=0.00, real=0.01 secs] 
2014-07-09T01:00:45.356+0000: 868.818: [GC [PSYoungGen: 182358K->662K(178688K)] 351439K->169807K(865664K), 0.0048540 secs] [Times: user=0.03 sys=0.00, real=0.00 secs] 
2014-07-09T01:00:45.985+0000: 869.447: [GC [PSYoungGen: 178646K->1046K(175488K)] 347791K->170239K(862464K), 0.0047190 secs] [Times: user=0.01 sys=0.01, real=0.00 secs] 
2014-07-09T01:00:46.602+0000: 870.064: [GC [PSYoungGen: 175427K->1198K(210496K)] 344620K->170456K(897472K), 0.0099380 secs] [Times: user=0.06 sys=0.00, real=0.01 secs] 
2014-07-09T01:00:47.340+0000: 870.803: [GC [PSYoungGen: 210435K->438K(205056K)] 379692K->170071K(892032K), 0.0049490 secs] [Times: user=0.03 sys=0.00, real=0.01 secs] 
2014-07-09T01:00:48.051+0000: 871.513: [GC [PSYoungGen: 205046K->1008K(201152K)] 374679K->170755K(888128K), 0.0034750 secs] [Times: user=0.02 sys=0.00, real=0.01 secs] 
2014-07-09T01:00:48.752+0000: 872.215: [GC [PSYoungGen: 201136K->584K(196416K)] 370883K->170495K(883392K), 0.0065330 secs] [Times: user=0.03 sys=0.00, real=0.01 secs] 
2014-07-09T01:00:49.434+0000: 872.896: [GC [PSYoungGen: 196360K->1147K(192704K)] 366271K->171130K(879680K), 0.0038340 secs] [Times: user=0.02 sys=0.00, real=0.01 secs] 
2014-07-09T01:00:50.105+0000: 873.567: [GC [PSYoungGen: 192699K->968K(188544K)] 362682K->171015K(875520K), 0.0075090 secs] [Times: user=0.04 sys=0.00, real=0.00 secs] 
2014-07-09T01:00:50.770+0000: 874.232: [GC [PSYoungGen: 188485K->894K(184512K)] 358533K->171013K(871488K), 0.0048390 secs] [Times: user=0.02 sys=0.00, real=0.01 secs] 
2014-07-09T01:00:51.411+0000: 874.873: [GC [PSYoungGen: 184492K->804K(180672K)] 354612K->171003K(867648K), 0.0030100 secs] [Times: user=0.01 sys=0.00, real=0.00 secs] 
2014-07-09T01:00:52.032+0000: 875.494: [GC [PSYoungGen: 180644K->872K(177088K)] 350843K->171103K(864064K), 0.0072230 secs] [Times: user=0.03 sys=0.01, real=0.01 secs] 
2014-07-09T01:00:52.642+0000: 876.104: [GC [PSYoungGen: 177064K->748K(173440K)] 347295K->171027K(860416K), 0.0056800 secs] [Times: user=0.03 sys=0.00, real=0.01 secs] 
2014-07-09T01:00:53.252+0000: 876.714: [GC [PSYoungGen: 173420K->598K(169856K)] 343699K->170949K(856832K), 0.0049430 secs] [Times: user=0.03 sys=0.00, real=0.01 secs] 
2014-07-09T01:00:53.845+0000: 877.307: [GC [PSYoungGen: 169814K->834K(166784K)] 340165K->171233K(853760K), 0.0073230 secs] [Times: user=0.05 sys=0.00, real=0.00 secs] 
2014-07-09T01:00:54.432+0000: 877.895: [GC [PSYoungGen: 166704K->634K(163328K)] 337104K->171081K(850304K), 0.0073430 secs] [Times: user=0.05 sys=0.01, real=0.01 secs] 
2014-07-09T01:00:55.001+0000: 878.463: [GC [PSYoungGen: 163322K->694K(160256K)] 333769K->171205K(847232K), 0.0050650 secs] [Times: user=0.02 sys=0.01, real=0.01 secs] 
2014-07-09T01:00:55.558+0000: 879.020: [GC [PSYoungGen: 160208K->744K(192256K)] 330720K->171311K(879232K), 0.0084940 secs] [Times: user=0.05 sys=0.00, real=0.01 secs] 
2014-07-09T01:00:56.231+0000: 879.693: [GC [PSYoungGen: 192206K->1006K(230848K)] 362773K->171622K(917824K), 0.0062600 secs] [Times: user=0.03 sys=0.00, real=0.01 secs] 
2014-07-09T01:00:57.027+0000: 880.489: [GC [PSYoungGen: 230808K->1205K(225664K)] 401423K->171950K(912640K), 0.0034330 secs] [Times: user=0.01 sys=0.00, real=0.00 secs] 
2014-07-09T01:00:57.799+0000: 881.262: [GC [PSYoungGen: 225616K->256K(219520K)] 396362K->171492K(906496K), 0.0050960 secs] [Times: user=0.03 sys=0.00, real=0.00 secs] 
2014-07-09T01:00:58.570+0000: 882.032: [GC [PSYoungGen: 219520K->808K(215104K)] 390756K->172132K(902080K), 0.0053700 secs] [Times: user=0.04 sys=0.00, real=0.01 secs] 
2014-07-09T01:00:59.325+0000: 882.787: [GC [PSYoungGen: 215080K->812K(210304K)] 386404K->172290K(897280K), 0.0055690 secs] [Times: user=0.02 sys=0.00, real=0.00 secs] 
2014-07-09T01:01:00.074+0000: 883.537: [GC [PSYoungGen: 210284K->1250K(206080K)] 381762K->172800K(893056K), 0.0073170 secs] [Times: user=0.04 sys=0.00, real=0.01 secs] 
2014-07-09T01:01:00.796+0000: 884.258: [GC [PSYoungGen: 206050K->498K(200832K)] 377600K->172178K(887808K), 0.0032890 secs] [Times: user=0.02 sys=0.00, real=0.01 secs] 
2014-07-09T01:01:01.475+0000: 884.937: [GC [PSYoungGen: 200818K->648K(196672K)] 372498K->172376K(883648K), 0.0073930 secs] [Times: user=0.03 sys=0.00, real=0.01 secs] 
2014-07-09T01:01:02.166+0000: 885.628: [GC [PSYoungGen: 196616K->790K(192576K)] 368344K->172590K(879552K), 0.0084180 secs] [Times: user=0.05 sys=0.00, real=0.00 secs] 
2014-07-09T01:01:02.839+0000: 886.301: [GC [PSYoungGen: 192486K->722K(188480K)] 364287K->172578K(875456K), 0.0069460 secs] [Times: user=0.02 sys=0.00, real=0.00 secs] 
2014-07-09T01:01:03.494+0000: 886.957: [GC [PSYoungGen: 188434K->744K(184576K)] 360290K->172688K(871552K), 0.0056880 secs] [Times: user=0.03 sys=0.00, real=0.01 secs] 
2014-07-09T01:01:04.161+0000: 887.623: [GC [PSYoungGen: 184552K->1248K(221888K)] 356496K->173233K(908864K), 0.0103700 secs] [Times: user=0.05 sys=0.00, real=0.01 secs] 
2014-07-09T01:01:04.919+0000: 888.381: [GC [PSYoungGen: 221840K->570K(216128K)] 393825K->172738K(903104K), 0.0054870 secs] [Times: user=0.03 sys=0.01, real=0.00 secs] 
2014-07-09T01:01:05.680+0000: 889.142: [GC [PSYoungGen: 216122K->862K(259584K)] 388290K->173102K(946560K), 0.0098320 secs] [Times: user=0.06 sys=0.00, real=0.01 secs] 
2014-07-09T01:01:06.581+0000: 890.043: [GC [PSYoungGen: 259533K->990K(253248K)] 431774K->173376K(940224K), 0.0060110 secs] [Times: user=0.02 sys=0.01, real=0.01 secs] 
2014-07-09T01:01:07.470+0000: 890.932: [GC [PSYoungGen: 253208K->1022K(247040K)] 425595K->173504K(934016K), 0.0038770 secs] [Times: user=0.01 sys=0.00, real=0.00 secs] 
2014-07-09T01:01:08.324+0000: 891.786: [GC [PSYoungGen: 246998K->698K(240768K)] 419481K->173607K(927744K), 0.0057400 secs] [Times: user=0.04 sys=0.00, real=0.01 secs] 
2014-07-09T01:01:09.168+0000: 892.630: [GC [PSYoungGen: 240762K->722K(235072K)] 413671K->173711K(922048K), 0.0079650 secs] [Times: user=0.05 sys=0.01, real=0.00 secs] 
2014-07-09T01:01:09.977+0000: 893.439: [GC [PSYoungGen: 235026K->1022K(229760K)] 408015K->174107K(916736K), 0.0063870 secs] [Times: user=0.04 sys=0.00, real=0.00 secs] 
2014-07-09T01:01:10.784+0000: 894.246: [GC [PSYoungGen: 229758K->708K(224128K)] 402843K->173857K(911104K), 0.0050340 secs] [Times: user=0.02 sys=0.00, real=0.01 secs] 
2014-07-09T01:01:11.565+0000: 895.027: [GC [PSYoungGen: 224063K->848K(219072K)] 397213K->174029K(906048K), 0.0080660 secs] [Times: user=0.02 sys=0.00, real=0.01 secs] 
2014-07-09T01:01:12.320+0000: 895.782: [GC [PSYoungGen: 218988K->776K(214016K)] 392170K->174053K(900992K), 0.0093690 secs] [Times: user=0.06 sys=0.00, real=0.01 secs] 
2014-07-09T01:01:13.061+0000: 896.523: [GC [PSYoungGen: 213960K->840K(209280K)] 387237K->174205K(896256K), 0.0033680 secs] [Times: user=0.01 sys=0.00, real=0.00 secs] 
2014-07-09T01:01:13.782+0000: 897.244: [GC [PSYoungGen: 209224K->730K(204544K)] 382589K->174175K(891520K), 0.0051460 secs] [Times: user=0.03 sys=0.00, real=0.01 secs] 
2014-07-09T01:01:14.489+0000: 897.951: [GC [PSYoungGen: 204506K->924K(200256K)] 377951K->174507K(887232K), 0.0046330 secs] [Times: user=0.03 sys=0.00, real=0.00 secs] 
2014-07-09T01:01:15.191+0000: 898.653: [GC [PSYoungGen: 200195K->862K(195904K)] 373779K->174549K(882880K), 0.0030700 secs] [Times: user=0.01 sys=0.00, real=0.00 secs] 
2014-07-09T01:01:15.890+0000: 899.352: [GC [PSYoungGen: 195870K->626K(191488K)] 369557K->174443K(878464K), 0.0037230 secs] [Times: user=0.02 sys=0.01, real=0.00 secs] 
2014-07-09T01:01:16.557+0000: 900.019: [GC [PSYoungGen: 191474K->672K(187520K)] 365291K->174577K(874496K), 0.0036060 secs] [Times: user=0.02 sys=0.00, real=0.01 secs] 
2014-07-09T01:01:17.207+0000: 900.669: [GC [PSYoungGen: 187488K->768K(183744K)] 361393K->174737K(870720K), 0.0044400 secs] [Times: user=0.03 sys=0.00, real=0.01 secs] 
2014-07-09T01:01:17.827+0000: 901.289: [GC [PSYoungGen: 183680K->816K(179968K)] 357649K->174817K(866944K), 0.0069730 secs] [Times: user=0.01 sys=0.00, real=0.01 secs] 
2014-07-09T01:01:18.464+0000: 901.926: [GC [PSYoungGen: 179952K->690K(176192K)] 353953K->174853K(863168K), 0.0051650 secs] [Times: user=0.03 sys=0.00, real=0.01 secs] 
2014-07-09T01:01:19.071+0000: 902.533: [GC [PSYoungGen: 176178K->840K(172864K)] 350341K->175075K(859840K), 0.0042820 secs] [Times: user=0.02 sys=0.00, real=0.00 secs] 
2014-07-09T01:01:19.669+0000: 903.131: [GC [PSYoungGen: 172808K->448K(169024K)] 347043K->174731K(856000K), 0.0048710 secs] [Times: user=0.03 sys=0.00, real=0.00 secs] 
2014-07-09T01:01:20.266+0000: 903.729: [GC [PSYoungGen: 169016K->1135K(166400K)] 343299K->175549K(853376K), 0.0075730 secs] [Times: user=0.05 sys=0.00, real=0.01 secs] 
2014-07-09T01:01:20.845+0000: 904.308: [GC [PSYoungGen: 166349K->766K(199104K)] 340762K->175325K(886080K), 0.0104500 secs] [Times: user=0.07 sys=0.00, real=0.01 secs] 
2014-07-09T01:01:21.540+0000: 905.002: [GC [PSYoungGen: 199100K->701K(238720K)] 373659K->175308K(925696K), 0.0072750 secs] [Times: user=0.04 sys=0.00, real=0.00 secs] 
2014-07-09T01:01:22.375+0000: 905.838: [GC [PSYoungGen: 238717K->1007K(281856K)] 413324K->175734K(968832K), 0.0091630 secs] [Times: user=0.06 sys=0.00, real=0.01 secs] 
2014-07-09T01:01:23.361+0000: 906.823: [GC [PSYoungGen: 281839K->1004K(274560K)] 456566K->175803K(961536K), 0.0069420 secs] [Times: user=0.04 sys=0.00, real=0.00 secs] 
2014-07-09T01:01:24.317+0000: 907.779: [GC [PSYoungGen: 274540K->306K(266816K)] 449339K->175477K(953792K), 0.0058250 secs] [Times: user=0.03 sys=0.00, real=0.01 secs] 
2014-07-09T01:01:25.236+0000: 908.698: [GC [PSYoungGen: 266801K->794K(260608K)] 441973K->175998K(947584K), 0.0045120 secs] [Times: user=0.02 sys=0.00, real=0.01 secs] 
2014-07-09T01:01:26.139+0000: 909.602: [GC [PSYoungGen: 260543K->1184K(254528K)] 435747K->176550K(941504K), 0.0042950 secs] [Times: user=0.02 sys=0.00, real=0.00 secs] 
2014-07-09T01:01:27.042+0000: 910.504: [GC [PSYoungGen: 254496K->886K(247936K)] 429862K->176324K(934912K), 0.0037840 secs] [Times: user=0.02 sys=0.00, real=0.00 secs] 
2014-07-09T01:01:27.912+0000: 911.375: [GC [PSYoungGen: 247926K->512K(241536K)] 423364K->175997K(928512K), 0.0069860 secs] [Times: user=0.05 sys=0.00, real=0.00 secs] 
2014-07-09T01:01:28.747+0000: 912.209: [GC [PSYoungGen: 241536K->748K(236032K)] 417021K->176306K(923008K), 0.0057370 secs] [Times: user=0.04 sys=0.01, real=0.01 secs] 
2014-07-09T01:01:29.586+0000: 913.048: [GC [PSYoungGen: 236012K->780K(230528K)] 411570K->176418K(917504K), 0.0030360 secs] [Times: user=0.02 sys=0.00, real=0.00 secs] 
2014-07-09T01:01:30.393+0000: 913.855: [GC [PSYoungGen: 230476K->861K(225216K)] 406114K->176587K(912192K), 0.0052520 secs] [Times: user=0.04 sys=0.00, real=0.00 secs] 
2014-07-09T01:01:31.168+0000: 914.630: [GC [PSYoungGen: 225181K->758K(219904K)] 400907K->176564K(906880K), 0.0041500 secs] [Times: user=0.03 sys=0.00, real=0.01 secs] 
2014-07-09T01:01:31.929+0000: 915.391: [GC [PSYoungGen: 219894K->772K(214976K)] 395700K->176642K(901952K), 0.0037240 secs] [Times: user=0.02 sys=0.00, real=0.01 secs] 
2014-07-09T01:01:32.677+0000: 916.140: [GC [PSYoungGen: 214916K->876K(210240K)] 390786K->176834K(897216K), 0.0031480 secs] [Times: user=0.02 sys=0.00, real=0.01 secs] 
2014-07-09T01:01:33.416+0000: 916.878: [GC [PSYoungGen: 210191K->812K(205504K)] 386149K->176842K(892480K), 0.0073410 secs] [Times: user=0.04 sys=0.00, real=0.01 secs] 
2014-07-09T01:01:34.137+0000: 917.599: [GC [PSYoungGen: 205484K->758K(200960K)] 381514K->176860K(887936K), 0.0038000 secs] [Times: user=0.02 sys=0.00, real=0.00 secs] 
2014-07-09T01:01:34.839+0000: 918.302: [GC [PSYoungGen: 200941K->872K(196736K)] 377043K->177096K(883712K), 0.0083720 secs] [Times: user=0.05 sys=0.00, real=0.01 secs] 
2014-07-09T01:01:35.527+0000: 918.989: [GC [PSYoungGen: 196685K->684K(192320K)] 372909K->177308K(879296K), 0.0046180 secs] [Times: user=0.03 sys=0.00, real=0.01 secs] 
2014-07-09T01:01:36.207+0000: 919.669: [GC [PSYoungGen: 192300K->594K(188224K)] 368924K->177274K(875200K), 0.0055870 secs] [Times: user=0.03 sys=0.00, real=0.01 secs] 
2014-07-09T01:01:36.856+0000: 920.318: [GC [PSYoungGen: 188178K->662K(184384K)] 364858K->177480K(871360K), 0.0049380 secs] [Times: user=0.02 sys=0.00, real=0.00 secs] 
2014-07-09T01:01:37.505+0000: 920.967: [GC [PSYoungGen: 184342K->608K(180544K)] 361160K->177490K(867520K), 0.0063190 secs] [Times: user=0.04 sys=0.01, real=0.01 secs] 
2014-07-09T01:01:38.132+0000: 921.594: [GC [PSYoungGen: 180482K->815K(177088K)] 357364K->177729K(864064K), 0.0085400 secs] [Times: user=0.05 sys=0.00, real=0.00 secs] 
2014-07-09T01:01:38.747+0000: 922.209: [GC [PSYoungGen: 177044K->815K(212352K)] 353958K->177777K(899328K), 0.0082660 secs] [Times: user=0.05 sys=0.00, real=0.01 secs] 
2014-07-09T01:01:39.488+0000: 922.950: [GC [PSYoungGen: 212335K->648K(207488K)] 389297K->177666K(894464K), 0.0033810 secs] [Times: user=0.02 sys=0.00, real=0.01 secs] 
2014-07-09T01:01:40.225+0000: 923.687: [GC [PSYoungGen: 207430K->601K(202880K)] 384449K->177651K(889856K), 0.0074290 secs] [Times: user=0.04 sys=0.00, real=0.01 secs] 
2014-07-09T01:01:40.929+0000: 924.391: [GC [PSYoungGen: 202809K->466K(198336K)] 379860K->177564K(885312K), 0.0058000 secs] [Times: user=0.04 sys=0.00, real=0.01 secs] 
2014-07-09T01:01:41.624+0000: 925.086: [GC [PSYoungGen: 198290K->812K(194368K)] 375388K->178006K(881344K), 0.0053070 secs] [Times: user=0.03 sys=0.00, real=0.00 secs] 
2014-07-09T01:01:42.314+0000: 925.776: [GC [PSYoungGen: 194348K->562K(190016K)] 371542K->177812K(876992K), 0.0061560 secs] [Times: user=0.03 sys=0.00, real=0.00 secs] 
2014-07-09T01:01:42.992+0000: 926.454: [GC [PSYoungGen: 190002K->730K(186240K)] 367252K->178020K(873216K), 0.0038690 secs] [Times: user=0.02 sys=0.00, real=0.01 secs] 
2014-07-09T01:01:43.636+0000: 927.098: [GC [PSYoungGen: 186202K->876K(182528K)] 363492K->178238K(869504K), 0.0065850 secs] [Times: user=0.04 sys=0.00, real=0.01 secs] 
2014-07-09T01:01:44.283+0000: 927.746: [GC [PSYoungGen: 182508K->576K(178496K)] 359870K->178026K(865472K), 0.0057850 secs] [Times: user=0.04 sys=0.00, real=0.00 secs] 
2014-07-09T01:01:44.901+0000: 928.364: [GC [PSYoungGen: 178496K->748K(175104K)] 355946K->178230K(862080K), 0.0081020 secs] [Times: user=0.05 sys=0.00, real=0.01 secs] 
2014-07-09T01:01:45.505+0000: 928.968: [GC [PSYoungGen: 175048K->780K(171712K)] 352531K->178342K(858688K), 0.0061650 secs] [Times: user=0.04 sys=0.00, real=0.00 secs] 
2014-07-09T01:01:46.109+0000: 929.571: [GC [PSYoungGen: 171627K->620K(168128K)] 349189K->178370K(855104K), 0.0042610 secs] [Times: user=0.02 sys=0.00, real=0.01 secs] 
2014-07-09T01:01:46.688+0000: 930.150: [GC [PSYoungGen: 168107K->912K(165184K)] 345857K->178742K(852160K), 0.0045680 secs] [Times: user=0.03 sys=0.00, real=0.01 secs] 
2014-07-09T01:01:47.263+0000: 930.725: [GC [PSYoungGen: 165136K->630K(161728K)] 342966K->178764K(848704K), 0.0049980 secs] [Times: user=0.03 sys=0.00, real=0.01 secs] 
2014-07-09T01:01:47.828+0000: 931.290: [GC [PSYoungGen: 161718K->1134K(159168K)] 339852K->179357K(846144K), 0.0035880 secs] [Times: user=0.01 sys=0.00, real=0.00 secs] 
2014-07-09T01:01:48.378+0000: 931.840: [GC [PSYoungGen: 159150K->570K(155648K)] 337373K->179054K(842624K), 0.0059100 secs] [Times: user=0.04 sys=0.00, real=0.01 secs] 
2014-07-09T01:01:48.915+0000: 932.377: [GC [PSYoungGen: 155642K->1110K(153344K)] 334126K->179698K(840320K), 0.0056030 secs] [Times: user=0.04 sys=0.00, real=0.00 secs] 
2014-07-09T01:01:49.447+0000: 932.910: [GC [PSYoungGen: 153269K->612K(150016K)] 331858K->179280K(836992K), 0.0062260 secs] [Times: user=0.03 sys=0.00, real=0.01 secs] 
2014-07-09T01:01:49.969+0000: 933.432: [GC [PSYoungGen: 149988K->908K(180224K)] 328656K->179632K(867200K), 0.0091880 secs] [Times: user=0.05 sys=0.00, real=0.01 secs] 
2014-07-09T01:01:50.597+0000: 934.059: [GC [PSYoungGen: 180172K->694K(215872K)] 358896K->179474K(902848K), 0.0050380 secs] [Times: user=0.02 sys=0.00, real=0.00 secs] 
2014-07-09T01:01:51.355+0000: 934.818: [GC [PSYoungGen: 215824K->626K(258880K)] 394605K->179494K(945856K), 0.0072910 secs] [Times: user=0.04 sys=0.00, real=0.00 secs] 
2014-07-09T01:01:52.248+0000: 935.710: [GC [PSYoungGen: 258866K->908K(252800K)] 437734K->179840K(939776K), 0.0063970 secs] [Times: user=0.04 sys=0.00, real=0.01 secs] 
2014-07-09T01:01:53.123+0000: 936.585: [GC [PSYoungGen: 252748K->876K(246528K)] 431680K->179848K(933504K), 0.0081630 secs] [Times: user=0.05 sys=0.00, real=0.00 secs] 
2014-07-09T01:01:53.995+0000: 937.457: [GC [PSYoungGen: 246508K->620K(240320K)] 425480K->179938K(927296K), 0.0050630 secs] [Times: user=0.03 sys=0.00, real=0.00 secs] 
2014-07-09T01:01:54.835+0000: 938.297: [GC [PSYoungGen: 240300K->1206K(235136K)] 419618K->180605K(922112K), 0.0068190 secs] [Times: user=0.04 sys=0.00, real=0.00 secs] 
2014-07-09T01:01:55.643+0000: 939.105: [GC [PSYoungGen: 235126K->620K(229056K)] 414525K->180425K(916032K), 0.0051120 secs] [Times: user=0.02 sys=0.00, real=0.01 secs] 
2014-07-09T01:01:56.446+0000: 939.909: [GC [PSYoungGen: 229036K->776K(223936K)] 408841K->180644K(910912K), 0.0036240 secs] [Times: user=0.02 sys=0.00, real=0.00 secs] 
2014-07-09T01:01:57.216+0000: 940.678: [GC [PSYoungGen: 223880K->894K(218880K)] 403748K->180935K(905856K), 0.0080350 secs] [Times: user=0.05 sys=0.00, real=0.01 secs] 
2014-07-09T01:01:57.972+0000: 941.434: [GC [PSYoungGen: 218830K->994K(214016K)] 398871K->181131K(900992K), 0.0066540 secs] [Times: user=0.03 sys=0.00, real=0.01 secs] 
2014-07-09T01:01:58.728+0000: 942.190: [GC [PSYoungGen: 213986K->826K(209024K)] 394123K->181035K(896000K), 0.0032420 secs] [Times: user=0.01 sys=0.00, real=0.00 secs] 
2014-07-09T01:01:59.453+0000: 942.915: [GC [PSYoungGen: 208990K->1072K(204672K)] 389199K->181361K(891648K), 0.0035450 secs] [Times: user=0.02 sys=0.00, real=0.01 secs] 
2014-07-09T01:02:00.169+0000: 943.631: [GC [PSYoungGen: 204615K->690K(199808K)] 384904K->181196K(886784K), 0.0030140 secs] [Times: user=0.02 sys=0.00, real=0.00 secs] 
2014-07-09T01:02:00.861+0000: 944.323: [GC [PSYoungGen: 199794K->1256K(196096K)] 380300K->181909K(883072K), 0.0063600 secs] [Times: user=0.04 sys=0.00, real=0.01 secs] 
2014-07-09T01:02:01.541+0000: 945.003: [GC [PSYoungGen: 196043K->630K(191296K)] 376696K->181609K(878272K), 0.0054790 secs] [Times: user=0.03 sys=0.00, real=0.01 secs] 
2014-07-09T01:02:02.208+0000: 945.670: [GC [PSYoungGen: 191286K->726K(187392K)] 372265K->181793K(874368K), 0.0047850 secs] [Times: user=0.02 sys=0.00, real=0.00 secs] 
2014-07-09T01:02:02.847+0000: 946.309: [GC [PSYoungGen: 187350K->854K(183616K)] 368417K->181969K(870592K), 0.0075470 secs] [Times: user=0.04 sys=0.01, real=0.00 secs] 
2014-07-09T01:02:03.474+0000: 946.936: [GC [PSYoungGen: 183574K->858K(179840K)] 364689K->182069K(866816K), 0.0043960 secs] [Times: user=0.02 sys=0.01, real=0.01 secs] 
2014-07-09T01:02:04.100+0000: 947.563: [GC [PSYoungGen: 179732K->956K(176256K)] 360943K->182435K(863232K), 0.0057270 secs] [Times: user=0.03 sys=0.00, real=0.01 secs] 
2014-07-09T01:02:04.709+0000: 948.171: [GC [PSYoungGen: 176252K->612K(211008K)] 357731K->182163K(897984K), 0.0114940 secs] [Times: user=0.07 sys=0.00, real=0.01 secs] 
2014-07-09T01:02:05.446+0000: 948.908: [GC [PSYoungGen: 210980K->676K(206400K)] 392531K->182389K(893376K), 0.0056640 secs] [Times: user=0.03 sys=0.00, real=0.00 secs] 
2014-07-09T01:02:06.157+0000: 949.619: [GC [PSYoungGen: 206372K->1198K(202368K)] 388085K->182991K(889344K), 0.0043450 secs] [Times: user=0.02 sys=0.00, real=0.00 secs] 
2014-07-09T01:02:06.869+0000: 950.331: [GC [PSYoungGen: 202338K->958K(197760K)] 384131K->183011K(884736K), 0.0040770 secs] [Times: user=0.02 sys=0.00, real=0.00 secs] 
2014-07-09T01:02:07.556+0000: 951.018: [GC [PSYoungGen: 197758K->612K(193216K)] 379811K->182729K(880192K), 0.0045600 secs] [Times: user=0.02 sys=0.00, real=0.01 secs] 
2014-07-09T01:02:08.222+0000: 951.684: [GC [PSYoungGen: 193188K->904K(189440K)] 375305K->183233K(876416K), 0.0071310 secs] [Times: user=0.05 sys=0.00, real=0.01 secs] 
2014-07-09T01:02:08.879+0000: 952.341: [GC [PSYoungGen: 189345K->894K(185408K)] 371674K->183303K(872384K), 0.0060960 secs] [Times: user=0.03 sys=0.00, real=0.00 secs] 
2014-07-09T01:02:09.531+0000: 952.993: [GC [PSYoungGen: 185406K->812K(181504K)] 367815K->183293K(868480K), 0.0047600 secs] [Times: user=0.03 sys=0.00, real=0.00 secs] 
2014-07-09T01:02:10.181+0000: 953.643: [GC [PSYoungGen: 181440K->872K(177856K)] 363921K->183409K(864832K), 0.0041140 secs] [Times: user=0.01 sys=0.00, real=0.00 secs] 
2014-07-09T01:02:10.808+0000: 954.271: [GC [PSYoungGen: 177832K->812K(174208K)] 360369K->183429K(861184K), 0.0035450 secs] [Times: user=0.02 sys=0.00, real=0.00 secs] 
2014-07-09T01:02:11.415+0000: 954.878: [GC [PSYoungGen: 174121K->1043K(209152K)] 356738K->183716K(896128K), 0.0168280 secs] [Times: user=0.09 sys=0.00, real=0.02 secs] 
2014-07-09T01:02:12.137+0000: 955.599: [GC [PSYoungGen: 209107K->807K(250560K)] 391780K->183618K(937536K), 0.0090670 secs] [Times: user=0.06 sys=0.00, real=0.01 secs] 
2014-07-09T01:02:13.013+0000: 956.475: [GC [PSYoungGen: 250514K->894K(251264K)] 433325K->183761K(938240K), 0.0066950 secs] [Times: user=0.04 sys=0.00, real=0.01 secs] 
2014-07-09T01:02:13.880+0000: 957.342: [GC [PSYoungGen: 250842K->918K(244800K)] 433709K->183865K(931776K), 0.0041710 secs] [Times: user=0.02 sys=0.00, real=0.00 secs] 
2014-07-09T01:02:14.724+0000: 958.186: [GC [PSYoungGen: 244758K->594K(238592K)] 427705K->183613K(925568K), 0.0088930 secs] [Times: user=0.05 sys=0.00, real=0.01 secs] 
2014-07-09T01:02:15.562+0000: 959.024: [GC [PSYoungGen: 238514K->872K(233152K)] 421533K->184021K(920128K), 0.0047830 secs] [Times: user=0.02 sys=0.00, real=0.00 secs] 
2014-07-09T01:02:16.373+0000: 959.835: [GC [PSYoungGen: 233128K->640K(227392K)] 416277K->183853K(914368K), 0.0056080 secs] [Times: user=0.02 sys=0.00, real=0.01 secs] 
2014-07-09T01:02:17.165+0000: 960.627: [GC [PSYoungGen: 227392K->944K(222464K)] 410605K->184213K(909440K), 0.0091850 secs] [Times: user=0.05 sys=0.00, real=0.01 secs] 
2014-07-09T01:02:17.937+0000: 961.399: [GC [PSYoungGen: 222448K->812K(217280K)] 405717K->184129K(904256K), 0.0094780 secs] [Times: user=0.05 sys=0.00, real=0.01 secs] 
2014-07-09T01:02:18.697+0000: 962.159: [GC [PSYoungGen: 217260K->830K(260608K)] 400577K->184341K(947584K), 0.0091330 secs] [Times: user=0.05 sys=0.00, real=0.01 secs] 
2014-07-09T01:02:19.614+0000: 963.076: [GC [PSYoungGen: 260606K->676K(298048K)] 444117K->184259K(985024K), 0.0129900 secs] [Times: user=0.08 sys=0.00, real=0.01 secs] 
2014-07-09T01:02:20.653+0000: 964.115: [GC [PSYoungGen: 297435K->712K(289600K)] 481018K->184475K(976576K), 0.0034960 secs] [Times: user=0.02 sys=0.00, real=0.00 secs] 
2014-07-09T01:02:21.638+0000: 965.101: [GC [PSYoungGen: 289544K->944K(282176K)] 473307K->184803K(969152K), 0.0052720 secs] [Times: user=0.03 sys=0.01, real=0.00 secs] 
2014-07-09T01:02:22.620+0000: 966.083: [GC [PSYoungGen: 282160K->762K(274688K)] 466019K->184989K(961664K), 0.0030160 secs] [Times: user=0.02 sys=0.00, real=0.00 secs] 
2014-07-09T01:02:23.585+0000: 967.047: [GC [PSYoungGen: 274682K->762K(267648K)] 458909K->185069K(954624K), 0.0067730 secs] [Times: user=0.04 sys=0.00, real=0.01 secs] 
2014-07-09T01:02:24.524+0000: 967.987: [GC [PSYoungGen: 267602K->630K(260736K)] 451910K->185001K(947712K), 0.0048760 secs] [Times: user=0.03 sys=0.00, real=0.01 secs] 
2014-07-09T01:02:25.434+0000: 968.896: [GC [PSYoungGen: 260726K->962K(254592K)] 445097K->185421K(941568K), 0.0046360 secs] [Times: user=0.03 sys=0.00, real=0.01 secs] 
2014-07-09T01:02:26.319+0000: 969.781: [GC [PSYoungGen: 254530K->796K(248128K)] 438989K->185335K(935104K), 0.0055010 secs] [Times: user=0.03 sys=0.00, real=0.00 secs] 
2014-07-09T01:02:27.185+0000: 970.648: [GC [PSYoungGen: 248092K->512K(241792K)] 432631K->185147K(928768K), 0.0033590 secs] [Times: user=0.02 sys=0.00, real=0.00 secs] 
2014-07-09T01:02:28.035+0000: 971.497: [GC [PSYoungGen: 241792K->762K(236224K)] 426427K->185469K(923200K), 0.0050210 secs] [Times: user=0.03 sys=0.00, real=0.01 secs] 
2014-07-09T01:02:28.869+0000: 972.331: [GC [PSYoungGen: 236218K->726K(230656K)] 420925K->185497K(917632K), 0.0067030 secs] [Times: user=0.04 sys=0.00, real=0.01 secs] 
2014-07-09T01:02:29.675+0000: 973.138: [GC [PSYoungGen: 230589K->1050K(225600K)] 415361K->185894K(912576K), 0.0087000 secs] [Times: user=0.05 sys=0.01, real=0.01 secs] 
2014-07-09T01:02:30.453+0000: 973.915: [GC [PSYoungGen: 225560K->1032K(220416K)] 410404K->185956K(907392K), 0.0080280 secs] [Times: user=0.05 sys=0.00, real=0.01 secs] 
2014-07-09T01:02:31.215+0000: 974.677: [GC [PSYoungGen: 220316K->442K(214784K)] 405240K->185904K(901760K), 0.0076870 secs] [Times: user=0.04 sys=0.00, real=0.01 secs] 
2014-07-09T01:02:31.975+0000: 975.438: [GC [PSYoungGen: 214778K->1338K(258560K)] 400240K->186924K(945536K), 0.0210350 secs] [Times: user=0.13 sys=0.00, real=0.02 secs] 
2014-07-09T01:02:32.877+0000: 976.339: [GC [PSYoungGen: 258506K->928K(306240K)] 444092K->186860K(993216K), 0.0091400 secs] [Times: user=0.05 sys=0.00, real=0.01 secs] 
2014-07-09T01:02:33.950+0000: 977.412: [GC [PSYoungGen: 306208K->672K(306752K)] 492140K->186716K(993728K), 0.0052760 secs] [Times: user=0.03 sys=0.00, real=0.00 secs] 
2014-07-09T01:02:35.014+0000: 978.476: [GC [PSYoungGen: 305952K->826K(297856K)] 491996K->186950K(984832K), 0.0038680 secs] [Times: user=0.02 sys=0.00, real=0.00 secs] 
2014-07-09T01:02:36.057+0000: 979.519: [GC [PSYoungGen: 297850K->544K(289664K)] 483974K->186748K(976640K), 0.0055040 secs] [Times: user=0.03 sys=0.00, real=0.01 secs] 
2014-07-09T01:02:37.065+0000: 980.527: [GC [PSYoungGen: 289632K->876K(282368K)] 475836K->187184K(969344K), 0.0034760 secs] [Times: user=0.02 sys=0.00, real=0.00 secs] 
2014-07-09T01:02:38.057+0000: 981.519: [GC [PSYoungGen: 282348K->690K(274880K)] 468656K->187070K(961856K), 0.0071480 secs] [Times: user=0.04 sys=0.00, real=0.01 secs] 
2014-07-09T01:02:39.007+0000: 982.469: [GC [PSYoungGen: 274818K->780K(267968K)] 461198K->187200K(954944K), 0.0088880 secs] [Times: user=0.05 sys=0.00, real=0.01 secs] 
2014-07-09T01:02:39.930+0000: 983.392: [GC [PSYoungGen: 267888K->822K(261184K)] 454309K->187330K(948160K), 0.0030580 secs] [Times: user=0.01 sys=0.00, real=0.01 secs] 
2014-07-09T01:02:40.839+0000: 984.301: [GC [PSYoungGen: 261174K->740K(254592K)] 447682K->187312K(941568K), 0.0062200 secs] [Times: user=0.04 sys=0.00, real=0.01 secs] 
2014-07-09T01:02:41.714+0000: 985.176: [GC [PSYoungGen: 254564K->1018K(248576K)] 441136K->187654K(935552K), 0.0073050 secs] [Times: user=0.04 sys=0.00, real=0.00 secs] 
2014-07-09T01:02:42.592+0000: 986.055: [GC [PSYoungGen: 248570K->626K(242176K)] 435206K->187334K(929152K), 0.0043800 secs] [Times: user=0.03 sys=0.00, real=0.00 secs] 
2014-07-09T01:02:43.433+0000: 986.895: [GC [PSYoungGen: 242162K->908K(236672K)] 428870K->187728K(923648K), 0.0075140 secs] [Times: user=0.05 sys=0.00, real=0.00 secs] 
2014-07-09T01:02:44.244+0000: 987.706: [GC [PSYoungGen: 236613K->929K(231104K)] 423433K->187837K(918080K), 0.0064570 secs] [Times: user=0.04 sys=0.00, real=0.00 secs] 
2014-07-09T01:02:45.045+0000: 988.508: [GC [PSYoungGen: 231049K->862K(225664K)] 417957K->187834K(912640K), 0.0038740 secs] [Times: user=0.02 sys=0.00, real=0.00 secs] 
2014-07-09T01:02:45.842+0000: 989.304: [GC [PSYoungGen: 225581K->748K(220352K)] 412554K->187824K(907328K), 0.0121920 secs] [Times: user=0.07 sys=0.01, real=0.01 secs] 
2014-07-09T01:02:46.612+0000: 990.075: [GC [PSYoungGen: 220332K->530K(215168K)] 407408K->187686K(902144K), 0.0066150 secs] [Times: user=0.04 sys=0.00, real=0.00 secs] 
2014-07-09T01:02:47.361+0000: 990.824: [GC [PSYoungGen: 215122K->862K(210624K)] 402278K->188114K(897600K), 0.0040950 secs] [Times: user=0.02 sys=0.00, real=0.01 secs] 
2014-07-09T01:02:48.106+0000: 991.568: [GC [PSYoungGen: 210589K->730K(205824K)] 397842K->188062K(892800K), 0.0056960 secs] [Times: user=0.04 sys=0.00, real=0.00 secs] 
2014-07-09T01:02:48.823+0000: 992.285: [GC [PSYoungGen: 205786K->812K(201408K)] 393118K->188446K(888384K), 0.0055390 secs] [Times: user=0.03 sys=0.00, real=0.00 secs] 
2014-07-09T01:02:49.523+0000: 992.985: [GC [PSYoungGen: 201375K->826K(197056K)] 389009K->188548K(884032K), 0.0068150 secs] [Times: user=0.05 sys=0.00, real=0.00 secs] 
2014-07-09T01:02:50.212+0000: 993.674: [GC [PSYoungGen: 197013K->790K(192832K)] 384735K->188544K(879808K), 0.0103840 secs] [Times: user=0.06 sys=0.00, real=0.01 secs] 
2014-07-09T01:02:50.889+0000: 994.351: [GC [PSYoungGen: 192790K->580K(231040K)] 380544K->188390K(918016K), 0.0083720 secs] [Times: user=0.05 sys=0.00, real=0.01 secs] 
2014-07-09T01:02:51.692+0000: 995.154: [GC [PSYoungGen: 230939K->794K(225856K)] 418749K->188676K(912832K), 0.0067710 secs] [Times: user=0.04 sys=0.00, real=0.01 secs] 
2014-07-09T01:02:52.465+0000: 995.927: [GC [PSYoungGen: 225800K->790K(220672K)] 413683K->188768K(907648K), 0.0058720 secs] [Times: user=0.04 sys=0.01, real=0.00 secs] 
2014-07-09T01:02:53.241+0000: 996.704: [GC [PSYoungGen: 220585K->694K(215488K)] 408563K->188946K(902464K), 0.0032770 secs] [Times: user=0.03 sys=0.01, real=0.01 secs] 
2014-07-09T01:02:53.984+0000: 997.447: [GC [PSYoungGen: 215462K->562K(210496K)] 403714K->188862K(897472K), 0.0040060 secs] [Times: user=0.02 sys=0.00, real=0.00 secs] 
2014-07-09T01:02:54.728+0000: 998.190: [GC [PSYoungGen: 210482K->744K(206016K)] 398782K->189108K(892992K), 0.0065390 secs] [Times: user=0.03 sys=0.00, real=0.01 secs] 
2014-07-09T01:02:55.446+0000: 998.908: [GC [PSYoungGen: 205992K->562K(201280K)] 394356K->188982K(888256K), 0.0062000 secs] [Times: user=0.04 sys=0.00, real=0.00 secs] 
2014-07-09T01:02:56.155+0000: 999.617: [GC [PSYoungGen: 201266K->1014K(197376K)] 389686K->189498K(884352K), 0.0037180 secs] [Times: user=0.02 sys=0.01, real=0.00 secs] 
2014-07-09T01:02:56.843+0000: 1000.305: [GC [PSYoungGen: 197364K->1203K(193344K)] 385849K->189873K(880320K), 0.0052700 secs] [Times: user=0.03 sys=0.00, real=0.01 secs] 
2014-07-09T01:02:57.509+0000: 1000.971: [GC [PSYoungGen: 193331K->242K(188288K)] 382001K->189616K(875264K), 0.0035210 secs] [Times: user=0.01 sys=0.00, real=0.00 secs] 
2014-07-09T01:02:58.165+0000: 1001.627: [GC [PSYoungGen: 188274K->630K(184768K)] 377648K->190053K(871744K), 0.0045750 secs] [Times: user=0.01 sys=0.00, real=0.00 secs] 
2014-07-09T01:02:58.806+0000: 1002.269: [GC [PSYoungGen: 184758K->776K(181184K)] 374181K->190295K(868160K), 0.0080640 secs] [Times: user=0.05 sys=0.00, real=0.01 secs] 
2014-07-09T01:02:59.432+0000: 1002.894: [GC [PSYoungGen: 181128K->712K(177408K)] 370647K->190319K(864384K), 0.0078770 secs] [Times: user=0.05 sys=0.00, real=0.01 secs] 
2014-07-09T01:03:00.060+0000: 1003.522: [GC [PSYoungGen: 177352K->608K(173696K)] 366959K->190326K(860672K), 0.0030530 secs] [Times: user=0.01 sys=0.00, real=0.00 secs] 
2014-07-09T01:03:00.679+0000: 1004.141: [GC [PSYoungGen: 173664K->658K(170304K)] 363382K->190448K(857280K), 0.0050410 secs] [Times: user=0.02 sys=0.01, real=0.00 secs] 
2014-07-09T01:03:01.248+0000: 1004.710: [GC [PSYoungGen: 170195K->915K(167232K)] 359986K->190794K(854208K), 0.0049010 secs] [Times: user=0.03 sys=0.00, real=0.00 secs] 
2014-07-09T01:03:01.836+0000: 1005.298: [GC [PSYoungGen: 167181K->672K(200256K)] 357060K->190630K(887232K), 0.0099800 secs] [Times: user=0.06 sys=0.00, real=0.01 secs] 
2014-07-09T01:03:02.528+0000: 1005.990: [GC [PSYoungGen: 200224K->802K(196032K)] 390182K->191101K(883008K), 0.0037500 secs] [Times: user=0.01 sys=0.00, real=0.00 secs] 
2014-07-09T01:03:03.218+0000: 1006.681: [GC [PSYoungGen: 196002K->694K(234944K)] 386301K->191057K(921920K), 0.0114150 secs] [Times: user=0.08 sys=0.00, real=0.01 secs] 
2014-07-09T01:03:04.038+0000: 1007.500: [GC [PSYoungGen: 234918K->968K(282112K)] 425281K->191435K(969088K), 0.0073360 secs] [Times: user=0.05 sys=0.00, real=0.01 secs] 
2014-07-09T01:03:05.037+0000: 1008.499: [GC [PSYoungGen: 282056K->744K(274560K)] 472523K->191275K(961536K), 0.0038950 secs] [Times: user=0.02 sys=0.00, real=0.00 secs] 
2014-07-09T01:03:05.995+0000: 1009.457: [GC [PSYoungGen: 274525K->698K(267456K)] 465056K->191285K(954432K), 0.0057420 secs] [Times: user=0.03 sys=0.01, real=0.01 secs] 
2014-07-09T01:03:06.930+0000: 1010.392: [GC [PSYoungGen: 267450K->658K(260736K)] 458037K->191357K(947712K), 0.0064790 secs] [Times: user=0.04 sys=0.01, real=0.01 secs] 
2014-07-09T01:03:07.847+0000: 1011.309: [GC [PSYoungGen: 260652K->1038K(254592K)] 451351K->191777K(941568K), 0.0038320 secs] [Times: user=0.01 sys=0.00, real=0.00 secs] 
2014-07-09T01:03:08.733+0000: 1012.195: [GC [PSYoungGen: 254542K->862K(248128K)] 445281K->191713K(935104K), 0.0057020 secs] [Times: user=0.03 sys=0.00, real=0.01 secs] 
2014-07-09T01:03:09.596+0000: 1013.058: [GC [PSYoungGen: 248063K->630K(241856K)] 438914K->191659K(928832K), 0.0061380 secs] [Times: user=0.03 sys=0.01, real=0.00 secs] 
2014-07-09T01:03:10.447+0000: 1013.909: [GC [PSYoungGen: 241846K->676K(236096K)] 432875K->191793K(923072K), 0.0032940 secs] [Times: user=0.02 sys=0.00, real=0.00 secs] 
2014-07-09T01:03:11.281+0000: 1014.744: [GC [PSYoungGen: 236068K->790K(230656K)] 427185K->192087K(917632K), 0.0096590 secs] [Times: user=0.07 sys=0.00, real=0.01 secs] 
2014-07-09T01:03:12.093+0000: 1015.555: [GC [PSYoungGen: 230614K->918K(225408K)] 421911K->192295K(912384K), 0.0029210 secs] [Times: user=0.01 sys=0.01, real=0.01 secs] 
2014-07-09T01:03:12.862+0000: 1016.324: [GC [PSYoungGen: 225324K->556K(219840K)] 416701K->192209K(906816K), 0.0098640 secs] [Times: user=0.05 sys=0.00, real=0.01 secs] 
2014-07-09T01:03:13.623+0000: 1017.085: [GC [PSYoungGen: 219820K->926K(215232K)] 411473K->192643K(902208K), 0.0043320 secs] [Times: user=0.02 sys=0.00, real=0.01 secs] 
2014-07-09T01:03:14.377+0000: 1017.839: [GC [PSYoungGen: 215198K->762K(210240K)] 406915K->192667K(897216K), 0.0056540 secs] [Times: user=0.03 sys=0.00, real=0.00 secs] 
2014-07-09T01:03:15.104+0000: 1018.566: [GC [PSYoungGen: 210217K->918K(205760K)] 402122K->192855K(892736K), 0.0121130 secs] [Times: user=0.07 sys=0.00, real=0.02 secs] 
2014-07-09T01:03:15.831+0000: 1019.293: [GC [PSYoungGen: 205718K->580K(200960K)] 397655K->192589K(887936K), 0.0034130 secs] [Times: user=0.02 sys=0.00, real=0.00 secs] 
2014-07-09T01:03:16.540+0000: 1020.003: [GC [PSYoungGen: 200890K->662K(196672K)] 392899K->192759K(883648K), 0.0080750 secs] [Times: user=0.05 sys=0.00, real=0.01 secs] 
2014-07-09T01:03:17.216+0000: 1020.678: [GC [PSYoungGen: 196630K->812K(192576K)] 388727K->192997K(879552K), 0.0048230 secs] [Times: user=0.03 sys=0.00, real=0.01 secs] 
2014-07-09T01:03:17.870+0000: 1021.332: [GC [PSYoungGen: 192556K->790K(188544K)] 384741K->193055K(875520K), 0.0050240 secs] [Times: user=0.03 sys=0.00, real=0.00 secs] 
2014-07-09T01:03:18.526+0000: 1021.989: [GC [PSYoungGen: 188502K->702K(184512K)] 380767K->193145K(871488K), 0.0068760 secs] [Times: user=0.05 sys=0.00, real=0.00 secs] 
2014-07-09T01:03:19.163+0000: 1022.625: [GC [PSYoungGen: 184510K->730K(180800K)] 376953K->193221K(867776K), 0.0073960 secs] [Times: user=0.04 sys=0.00, real=0.01 secs] 
2014-07-09T01:03:19.786+0000: 1023.248: [GC [PSYoungGen: 180739K->762K(177152K)] 373230K->193507K(864128K), 0.0069130 secs] [Times: user=0.04 sys=0.00, real=0.01 secs] 
2014-07-09T01:03:20.413+0000: 1023.875: [GC [PSYoungGen: 177146K->744K(212480K)] 369891K->193553K(899456K), 0.0101360 secs] [Times: user=0.06 sys=0.00, real=0.01 secs] 
2014-07-09T01:03:21.153+0000: 1024.615: [GC [PSYoungGen: 212456K->811K(207808K)] 405265K->193745K(894784K), 0.0034240 secs] [Times: user=0.01 sys=0.01, real=0.00 secs] 
2014-07-09T01:03:21.880+0000: 1025.342: [GC [PSYoungGen: 207786K->854K(203264K)] 400721K->193876K(890240K), 0.0052780 secs] [Times: user=0.03 sys=0.00, real=0.00 secs] 
2014-07-09T01:03:22.591+0000: 1026.053: [GC [PSYoungGen: 203222K->630K(243520K)] 396244K->193866K(930496K), 0.0102040 secs] [Times: user=0.06 sys=0.01, real=0.01 secs] 
2014-07-09T01:03:23.450+0000: 1026.913: [GC [PSYoungGen: 243496K->776K(237824K)] 436732K->194092K(924800K), 0.0080390 secs] [Times: user=0.03 sys=0.01, real=0.01 secs] 
2014-07-09T01:03:24.286+0000: 1027.748: [GC [PSYoungGen: 237735K->744K(232128K)] 431051K->194132K(919104K), 0.0037550 secs] [Times: user=0.01 sys=0.01, real=0.01 secs] 
2014-07-09T01:03:25.086+0000: 1028.549: [GC [PSYoungGen: 232104K->776K(226752K)] 425492K->194236K(913728K), 0.0104550 secs] [Times: user=0.06 sys=0.01, real=0.01 secs] 
2014-07-09T01:03:25.870+0000: 1029.332: [GC [PSYoungGen: 226696K->612K(221312K)] 420156K->194152K(908288K), 0.0047720 secs] [Times: user=0.03 sys=0.00, real=0.00 secs] 
2014-07-09T01:03:26.636+0000: 1030.099: [GC [PSYoungGen: 221284K->1066K(216704K)] 414824K->194679K(903680K), 0.0042950 secs] [Times: user=0.02 sys=0.00, real=0.01 secs] 
2014-07-09T01:03:27.387+0000: 1030.849: [GC [PSYoungGen: 216682K->484K(211264K)] 410295K->194160K(898240K), 0.0062700 secs] [Times: user=0.04 sys=0.00, real=0.01 secs] 
2014-07-09T01:03:28.122+0000: 1031.585: [GC [PSYoungGen: 211236K->982K(207040K)] 404912K->194714K(894016K), 0.0071920 secs] [Times: user=0.04 sys=0.00, real=0.01 secs] 
2014-07-09T01:03:28.837+0000: 1032.299: [GC [PSYoungGen: 206961K->818K(202304K)] 400694K->194704K(889280K), 0.0034050 secs] [Times: user=0.01 sys=0.00, real=0.01 secs] 
2014-07-09T01:03:29.546+0000: 1033.008: [GC [PSYoungGen: 202279K->1145K(198208K)] 396165K->195259K(885184K), 0.0042700 secs] [Times: user=0.02 sys=0.00, real=0.01 secs] 
2014-07-09T01:03:30.243+0000: 1033.705: [GC [PSYoungGen: 198201K->384K(193216K)] 392315K->194764K(880192K), 0.0032970 secs] [Times: user=0.02 sys=0.00, real=0.00 secs] 
2014-07-09T01:03:30.911+0000: 1034.373: [GC [PSYoungGen: 193216K->786K(189568K)] 387596K->195222K(876544K), 0.0042860 secs] [Times: user=0.02 sys=0.00, real=0.00 secs] 
2014-07-09T01:03:31.576+0000: 1035.038: [GC [PSYoungGen: 189522K->1028K(185856K)] 383958K->195627K(872832K), 0.0045730 secs] [Times: user=0.03 sys=0.00, real=0.01 secs] 
2014-07-09T01:03:32.231+0000: 1035.693: [GC [PSYoungGen: 185777K->872K(181824K)] 380376K->195558K(868800K), 0.0029530 secs] [Times: user=0.02 sys=0.00, real=0.00 secs] 
2014-07-09T01:03:32.861+0000: 1036.323: [GC [PSYoungGen: 181800K->736K(177984K)] 376486K->195529K(864960K), 0.0052450 secs] [Times: user=0.03 sys=0.00, real=0.00 secs] 
2014-07-09T01:03:33.477+0000: 1036.939: [GC [PSYoungGen: 177952K->612K(174272K)] 372745K->195484K(861248K), 0.0066250 secs] [Times: user=0.04 sys=0.00, real=0.01 secs] 
2014-07-09T01:03:34.094+0000: 1037.556: [GC [PSYoungGen: 174172K->904K(171136K)] 369045K->195848K(858112K), 0.0057920 secs] [Times: user=0.03 sys=0.00, real=0.01 secs] 
2014-07-09T01:03:34.672+0000: 1038.135: [GC [PSYoungGen: 171048K->932K(167808K)] 365992K->195957K(854784K), 0.0053320 secs] [Times: user=0.03 sys=0.00, real=0.00 secs] 
2014-07-09T01:03:35.258+0000: 1038.720: [GC [PSYoungGen: 167780K->548K(164160K)] 362805K->195864K(851136K), 0.0036390 secs] [Times: user=0.02 sys=0.00, real=0.01 secs] 
2014-07-09T01:03:35.840+0000: 1039.303: [GC [PSYoungGen: 164132K->1114K(161600K)] 359448K->196519K(848576K), 0.0074800 secs] [Times: user=0.05 sys=0.00, real=0.00 secs] 
2014-07-09T01:03:36.415+0000: 1039.877: [GC [PSYoungGen: 161547K->751K(158144K)] 356951K->196530K(845120K), 0.0060330 secs] [Times: user=0.04 sys=0.00, real=0.01 secs] 
2014-07-09T01:03:36.958+0000: 1040.420: [GC [PSYoungGen: 158127K->908K(189824K)] 353906K->196727K(876800K), 0.0087800 secs] [Times: user=0.05 sys=0.00, real=0.01 secs] 
2014-07-09T01:03:37.618+0000: 1041.080: [GC [PSYoungGen: 189772K->986K(185920K)] 385591K->196861K(872896K), 0.0049240 secs] [Times: user=0.01 sys=0.01, real=0.01 secs] 
2014-07-09T01:03:38.270+0000: 1041.732: [GC [PSYoungGen: 185882K->766K(222656K)] 381757K->196689K(909632K), 0.0081330 secs] [Times: user=0.03 sys=0.01, real=0.00 secs] 
2014-07-09T01:03:39.044+0000: 1042.506: [GC [PSYoungGen: 222614K->800K(217600K)] 418537K->196999K(904576K), 0.0038350 secs] [Times: user=0.02 sys=0.00, real=0.00 secs] 
2014-07-09T01:03:39.801+0000: 1043.263: [GC [PSYoungGen: 217568K->762K(212608K)] 413767K->197091K(899584K), 0.0086480 secs] [Times: user=0.06 sys=0.00, real=0.01 secs] 
2014-07-09T01:03:40.538+0000: 1044.000: [GC [PSYoungGen: 212602K->796K(207936K)] 408931K->197305K(894912K), 0.0075630 secs] [Times: user=0.04 sys=0.00, real=0.01 secs] 
2014-07-09T01:03:41.263+0000: 1044.725: [GC [PSYoungGen: 207900K->1008K(249600K)] 404409K->197557K(936576K), 0.0091970 secs] [Times: user=0.03 sys=0.00, real=0.01 secs] 
2014-07-09T01:03:42.126+0000: 1045.588: [GC [PSYoungGen: 249584K->712K(243264K)] 446133K->197325K(930240K), 0.0068420 secs] [Times: user=0.04 sys=0.00, real=0.01 secs] 
2014-07-09T01:03:42.970+0000: 1046.432: [GC [PSYoungGen: 243208K->776K(237504K)] 439821K->197453K(924480K), 0.0036780 secs] [Times: user=0.02 sys=0.01, real=0.01 secs] 
2014-07-09T01:03:43.806+0000: 1047.269: [GC [PSYoungGen: 237448K->1010K(232064K)] 434125K->197760K(919040K), 0.0063660 secs] [Times: user=0.03 sys=0.00, real=0.01 secs] 
2014-07-09T01:03:44.602+0000: 1048.064: [GC [PSYoungGen: 232050K->862K(226496K)] 428800K->197715K(913472K), 0.0058960 secs] [Times: user=0.04 sys=0.00, real=0.00 secs] 
2014-07-09T01:03:45.395+0000: 1048.858: [GC [PSYoungGen: 226429K->698K(221056K)] 423283K->197721K(908032K), 0.0061260 secs] [Times: user=0.04 sys=0.00, real=0.01 secs] 
2014-07-09T01:03:46.169+0000: 1049.631: [GC [PSYoungGen: 221050K->768K(216064K)] 418073K->197871K(903040K), 0.0080160 secs] [Times: user=0.04 sys=0.00, real=0.01 secs] 
2014-07-09T01:03:46.916+0000: 1050.379: [GC [PSYoungGen: 216041K->562K(211008K)] 413144K->197721K(897984K), 0.0064870 secs] [Times: user=0.04 sys=0.00, real=0.01 secs] 
2014-07-09T01:03:47.661+0000: 1051.123: [GC [PSYoungGen: 210992K->990K(206784K)] 408152K->198213K(893760K), 0.0038920 secs] [Times: user=0.02 sys=0.00, real=0.00 secs] 
2014-07-09T01:03:48.376+0000: 1051.839: [GC [PSYoungGen: 206750K->740K(201984K)] 403973K->198027K(888960K), 0.0034940 secs] [Times: user=0.02 sys=0.00, real=0.00 secs] 
2014-07-09T01:03:49.074+0000: 1052.536: [GC [PSYoungGen: 201956K->512K(197376K)] 399243K->197855K(884352K), 0.0082000 secs] [Times: user=0.04 sys=0.00, real=0.01 secs] 
2014-07-09T01:03:49.768+0000: 1053.230: [GC [PSYoungGen: 197350K->1083K(193728K)] 394694K->198490K(880704K), 0.0098650 secs] [Times: user=0.06 sys=0.00, real=0.01 secs] 
2014-07-09T01:03:50.447+0000: 1053.909: [GC [PSYoungGen: 193707K->562K(189120K)] 391115K->198041K(876096K), 0.0049600 secs] [Times: user=0.03 sys=0.00, real=0.01 secs] 
2014-07-09T01:03:51.101+0000: 1054.563: [GC [PSYoungGen: 189106K->1064K(185664K)] 386585K->198639K(872640K), 0.0066880 secs] [Times: user=0.04 sys=0.00, real=0.00 secs] 
2014-07-09T01:03:51.739+0000: 1055.201: [GC [PSYoungGen: 185640K->726K(181504K)] 383215K->198373K(868480K), 0.0051650 secs] [Times: user=0.03 sys=0.00, real=0.01 secs] 
2014-07-09T01:03:52.375+0000: 1055.838: [GC [PSYoungGen: 181462K->648K(177728K)] 379109K->198359K(864704K), 0.0052320 secs] [Times: user=0.03 sys=0.00, real=0.00 secs] 
2014-07-09T01:03:53.004+0000: 1056.466: [GC [PSYoungGen: 177660K->850K(174336K)] 375371K->198657K(861312K), 0.0035430 secs] [Times: user=0.02 sys=0.00, real=0.00 secs] 
2014-07-09T01:03:53.596+0000: 1057.058: [GC [PSYoungGen: 174290K->694K(170688K)] 372097K->198605K(857664K), 0.0051690 secs] [Times: user=0.03 sys=0.00, real=0.00 secs] 
2014-07-09T01:03:54.206+0000: 1057.668: [GC [PSYoungGen: 170658K->1110K(167808K)] 368569K->199125K(854784K), 0.0093000 secs] [Times: user=0.06 sys=0.01, real=0.01 secs] 
2014-07-09T01:03:54.768+0000: 1058.231: [GC [PSYoungGen: 167729K->744K(164160K)] 365744K->199045K(851136K), 0.0032650 secs] [Times: user=0.01 sys=0.00, real=0.00 secs] 
2014-07-09T01:03:55.338+0000: 1058.800: [GC [PSYoungGen: 164136K->616K(196736K)] 362437K->198989K(883712K), 0.0092130 secs] [Times: user=0.07 sys=0.00, real=0.01 secs] 
2014-07-09T01:03:56.027+0000: 1059.489: [GC [PSYoungGen: 196665K->662K(236032K)] 395038K->199131K(923008K), 0.0069630 secs] [Times: user=0.04 sys=0.00, real=0.01 secs] 
2014-07-09T01:03:56.842+0000: 1060.304: [GC [PSYoungGen: 235982K->958K(230720K)] 434451K->199491K(917696K), 0.0060750 secs] [Times: user=0.03 sys=0.00, real=0.01 secs] 
2014-07-09T01:03:57.652+0000: 1061.114: [GC [PSYoungGen: 230711K->932K(225344K)] 429244K->199553K(912320K), 0.0054280 secs] [Times: user=0.04 sys=0.00, real=0.01 secs] 
2014-07-09T01:03:58.432+0000: 1061.894: [GC [PSYoungGen: 225307K->844K(220096K)] 423928K->199537K(907072K), 0.0052470 secs] [Times: user=0.04 sys=0.00, real=0.01 secs] 
2014-07-09T01:03:59.207+0000: 1062.669: [GC [PSYoungGen: 220044K->868K(215104K)] 418737K->199601K(902080K), 0.0077700 secs] [Times: user=0.05 sys=0.00, real=0.01 secs] 
2014-07-09T01:03:59.956+0000: 1063.418: [GC [PSYoungGen: 215076K->876K(210304K)] 413809K->199681K(897280K), 0.0066750 secs] [Times: user=0.04 sys=0.00, real=0.00 secs] 
2014-07-09T01:04:00.691+0000: 1064.153: [GC [PSYoungGen: 210240K->694K(205440K)] 409046K->199555K(892416K), 0.0052570 secs] [Times: user=0.03 sys=0.00, real=0.01 secs] 
2014-07-09T01:04:01.397+0000: 1064.859: [GC [PSYoungGen: 205430K->1114K(201408K)] 404291K->200047K(888384K), 0.0045310 secs] [Times: user=0.03 sys=0.00, real=0.00 secs] 
2014-07-09T01:04:02.099+0000: 1065.561: [GC [PSYoungGen: 201370K->580K(196544K)] 400303K->199537K(883520K), 0.0056380 secs] [Times: user=0.02 sys=0.00, real=0.01 secs] 
2014-07-09T01:04:02.783+0000: 1066.245: [GC [PSYoungGen: 196390K->1000K(192704K)] 395347K->200053K(879680K), 0.0064650 secs] [Times: user=0.04 sys=0.00, real=0.01 secs] 
2014-07-09T01:04:03.452+0000: 1066.915: [GC [PSYoungGen: 192680K->933K(230976K)] 391733K->200066K(917952K), 0.0282160 secs] [Times: user=0.18 sys=0.00, real=0.03 secs] 
2014-07-09T01:04:04.266+0000: 1067.728: [GC [PSYoungGen: 230902K->676K(276736K)] 430035K->199841K(963712K), 0.0101160 secs] [Times: user=0.05 sys=0.00, real=0.01 secs] 
2014-07-09T01:04:05.234+0000: 1068.696: [GC [PSYoungGen: 276708K->680K(316096K)] 475873K->199909K(1003072K), 0.0048120 secs] [Times: user=0.03 sys=0.01, real=0.01 secs] 
2014-07-09T01:04:06.354+0000: 1069.816: [GC [PSYoungGen: 315688K->512K(316352K)] 514917K->199837K(1003328K), 0.0042860 secs] [Times: user=0.02 sys=0.00, real=0.01 secs] 
2014-07-09T01:04:07.458+0000: 1070.921: [GC [PSYoungGen: 315520K->598K(307008K)] 514845K->199979K(993984K), 0.0052420 secs] [Times: user=0.03 sys=0.00, real=0.00 secs] 
2014-07-09T01:04:08.534+0000: 1071.997: [GC [PSYoungGen: 306966K->580K(298752K)] 506347K->200017K(985728K), 0.0073130 secs] [Times: user=0.05 sys=0.00, real=0.00 secs] 
2014-07-09T01:04:09.559+0000: 1073.022: [GC [PSYoungGen: 298692K->622K(290816K)] 498129K->200115K(977792K), 0.0056510 secs] [Times: user=0.03 sys=0.00, real=0.01 secs] 
2014-07-09T01:04:10.583+0000: 1074.045: [GC [PSYoungGen: 290798K->1014K(283520K)] 490291K->200579K(970496K), 0.0052850 secs] [Times: user=0.03 sys=0.00, real=0.01 secs] 
2014-07-09T01:04:11.552+0000: 1075.015: [GC [PSYoungGen: 283510K->480K(275648K)] 483075K->200109K(962624K), 0.0059180 secs] [Times: user=0.03 sys=0.00, real=0.01 secs] 
2014-07-09T01:04:12.522+0000: 1075.984: [GC [PSYoungGen: 275589K->662K(268800K)] 475219K->200363K(955776K), 0.0058720 secs] [Times: user=0.03 sys=0.00, real=0.01 secs] 
2014-07-09T01:04:13.470+0000: 1076.932: [GC [PSYoungGen: 268758K->1255K(262592K)] 468459K->201021K(949568K), 0.0027670 secs] [Times: user=0.01 sys=0.00, real=0.00 secs] 
2014-07-09T01:04:14.380+0000: 1077.842: [GC [PSYoungGen: 262552K->908K(255744K)] 462317K->200761K(942720K), 0.0077120 secs] [Times: user=0.04 sys=0.00, real=0.01 secs] 
2014-07-09T01:04:15.280+0000: 1078.742: [GC [PSYoungGen: 255673K->619K(249152K)] 455526K->200584K(936128K), 0.0063270 secs] [Times: user=0.03 sys=0.01, real=0.01 secs] 
2014-07-09T01:04:16.155+0000: 1079.617: [GC [PSYoungGen: 249131K->808K(243264K)] 449096K->200837K(930240K), 0.0051350 secs] [Times: user=0.03 sys=0.00, real=0.01 secs] 
2014-07-09T01:04:17.002+0000: 1080.464: [GC [PSYoungGen: 243239K->822K(237440K)] 443268K->201013K(924416K), 0.0036900 secs] [Times: user=0.03 sys=0.01, real=0.01 secs] 
2014-07-09T01:04:17.817+0000: 1081.279: [GC [PSYoungGen: 237430K->1263K(232256K)] 437621K->201558K(919232K), 0.0061600 secs] [Times: user=0.04 sys=0.00, real=0.00 secs] 
2014-07-09T01:04:18.614+0000: 1082.077: [GC [PSYoungGen: 232239K->491K(226048K)] 432534K->200922K(913024K), 0.0061890 secs] [Times: user=0.03 sys=0.00, real=0.01 secs] 
2014-07-09T01:04:19.391+0000: 1082.854: [GC [PSYoungGen: 226027K->676K(220992K)] 426458K->201163K(907968K), 0.0040490 secs] [Times: user=0.02 sys=0.00, real=0.00 secs] 
2014-07-09T01:04:20.154+0000: 1083.616: [GC [PSYoungGen: 220964K->630K(215872K)] 421451K->201249K(902848K), 0.0096870 secs] [Times: user=0.04 sys=0.01, real=0.01 secs] 
2014-07-09T01:04:20.902+0000: 1084.364: [GC [PSYoungGen: 215862K->826K(211200K)] 416481K->201533K(898176K), 0.0058710 secs] [Times: user=0.03 sys=0.00, real=0.01 secs] 
2014-07-09T01:04:21.641+0000: 1085.103: [GC [PSYoungGen: 211194K->862K(206592K)] 411901K->201641K(893568K), 0.0088750 secs] [Times: user=0.05 sys=0.00, real=0.01 secs] 
2014-07-09T01:04:22.356+0000: 1085.819: [GC [PSYoungGen: 206558K->616K(201792K)] 407337K->201459K(888768K), 0.0052050 secs] [Times: user=0.03 sys=0.00, real=0.00 secs] 
2014-07-09T01:04:23.065+0000: 1086.527: [GC [PSYoungGen: 201768K->722K(197568K)] 402611K->201669K(884544K), 0.0059520 secs] [Times: user=0.04 sys=0.00, real=0.01 secs] 
2014-07-09T01:04:23.763+0000: 1087.225: [GC [PSYoungGen: 197522K->730K(193344K)] 398469K->201741K(880320K), 0.0069540 secs] [Times: user=0.04 sys=0.01, real=0.01 secs] 
2014-07-09T01:04:24.438+0000: 1087.900: [GC [PSYoungGen: 193264K->968K(189504K)] 394276K->202099K(876480K), 0.0044600 secs] [Times: user=0.03 sys=0.00, real=0.00 secs] 
2014-07-09T01:04:25.085+0000: 1088.547: [GC [PSYoungGen: 189448K->830K(185344K)] 390579K->202017K(872320K), 0.0077800 secs] [Times: user=0.04 sys=0.00, real=0.01 secs] 
2014-07-09T01:04:25.743+0000: 1089.205: [GC [PSYoungGen: 185342K->740K(181440K)] 386529K->201999K(868416K), 0.0065060 secs] [Times: user=0.04 sys=0.01, real=0.01 secs] 
2014-07-09T01:04:26.383+0000: 1089.845: [GC [PSYoungGen: 181412K->734K(177728K)] 382671K->202057K(864704K), 0.0058860 secs] [Times: user=0.03 sys=0.00, real=0.01 secs] 
2014-07-09T01:04:27.022+0000: 1090.484: [GC [PSYoungGen: 177694K->932K(174336K)] 379017K->202483K(861312K), 0.0034970 secs] [Times: user=0.02 sys=0.00, real=0.00 secs] 
2014-07-09T01:04:27.596+0000: 1091.058: [GC [PSYoungGen: 174308K->712K(170688K)] 375859K->202343K(857664K), 0.0069760 secs] [Times: user=0.04 sys=0.00, real=0.01 secs] 
2014-07-09T01:04:28.192+0000: 1091.654: [GC [PSYoungGen: 170604K->886K(167488K)] 372236K->202674K(854464K), 0.0060310 secs] [Times: user=0.03 sys=0.00, real=0.01 secs] 
2014-07-09T01:04:28.781+0000: 1092.243: [GC [PSYoungGen: 167478K->662K(164032K)] 369266K->202545K(851008K), 0.0031490 secs] [Times: user=0.01 sys=0.00, real=0.00 secs] 
2014-07-09T01:04:29.350+0000: 1092.812: [GC [PSYoungGen: 163990K->562K(160768K)] 365873K->202541K(847744K), 0.0080760 secs] [Times: user=0.06 sys=0.00, real=0.01 secs] 
2014-07-09T01:04:29.900+0000: 1093.362: [GC [PSYoungGen: 160754K->786K(158016K)] 362733K->202805K(844992K), 0.0059340 secs] [Times: user=0.02 sys=0.00, real=0.00 secs] 
2014-07-09T01:04:30.450+0000: 1093.912: [GC [PSYoungGen: 157935K->644K(189376K)] 359954K->202735K(876352K), 0.0084010 secs] [Times: user=0.06 sys=0.00, real=0.01 secs] 
2014-07-09T01:04:31.113+0000: 1094.575: [GC [PSYoungGen: 189316K->562K(227008K)] 391407K->202693K(913984K), 0.0106720 secs] [Times: user=0.07 sys=0.00, real=0.01 secs] 
2014-07-09T01:04:31.893+0000: 1095.356: [GC [PSYoungGen: 226994K->612K(272384K)] 429125K->202807K(959360K), 0.0059920 secs] [Times: user=0.03 sys=0.01, real=0.01 secs] 
2014-07-09T01:04:32.849+0000: 1096.311: [GC [PSYoungGen: 272356K->630K(265472K)] 474551K->202897K(952448K), 0.0055190 secs] [Times: user=0.03 sys=0.00, real=0.00 secs] 
2014-07-09T01:04:33.763+0000: 1097.225: [GC [PSYoungGen: 265419K->594K(258816K)] 467686K->202925K(945792K), 0.0077160 secs] [Times: user=0.04 sys=0.00, real=0.01 secs] 
2014-07-09T01:04:34.683+0000: 1098.146: [GC [PSYoungGen: 258770K->544K(252352K)] 461101K->202939K(939328K), 0.0034630 secs] [Times: user=0.02 sys=0.00, real=0.00 secs] 
2014-07-09T01:04:35.558+0000: 1099.021: [GC [PSYoungGen: 252320K->640K(246208K)] 454715K->203123K(933184K), 0.0061210 secs] [Times: user=0.03 sys=0.00, real=0.00 secs] 
2014-07-09T01:04:36.425+0000: 1099.887: [GC [PSYoungGen: 246208K->530K(240192K)] 448691K->203093K(927168K), 0.0039960 secs] [Times: user=0.02 sys=0.00, real=0.01 secs] 
2014-07-09T01:04:37.278+0000: 1100.741: [GC [PSYoungGen: 240146K->530K(234432K)] 442709K->203141K(921408K), 0.0043740 secs] [Times: user=0.01 sys=0.00, real=0.00 secs] 
2014-07-09T01:04:38.110+0000: 1101.573: [GC [PSYoungGen: 234299K->1029K(229440K)] 436911K->203680K(916416K), 0.0162200 secs] [Times: user=0.09 sys=0.01, real=0.01 secs] 
2014-07-09T01:04:38.894+0000: 1102.356: [GC [PSYoungGen: 229381K->566K(274624K)] 432032K->203353K(961600K), 0.0097700 secs] [Times: user=0.06 sys=0.00, real=0.01 secs] 
2014-07-09T01:04:39.841+0000: 1103.303: [GC [PSYoungGen: 274614K->958K(267968K)] 477401K->203809K(954944K), 0.0052490 secs] [Times: user=0.03 sys=0.00, real=0.00 secs] 
2014-07-09T01:04:40.772+0000: 1104.234: [GC [PSYoungGen: 267966K->816K(261056K)] 470817K->203755K(948032K), 0.0035860 secs] [Times: user=0.01 sys=0.00, real=0.00 secs] 
2014-07-09T01:04:41.685+0000: 1105.147: [GC [PSYoungGen: 261040K->416K(254144K)] 463979K->203411K(941120K), 0.0071900 secs] [Times: user=0.04 sys=0.00, real=0.01 secs] 
2014-07-09T01:04:42.582+0000: 1106.044: [GC [PSYoungGen: 254112K->1065K(248512K)] 457107K->204108K(935488K), 0.0084270 secs] [Times: user=0.05 sys=0.00, real=0.01 secs] 
2014-07-09T01:04:43.455+0000: 1106.917: [GC [PSYoungGen: 248489K->958K(242368K)] 451532K->204089K(929344K), 0.0040400 secs] [Times: user=0.02 sys=0.00, real=0.01 secs] 
2014-07-09T01:04:44.299+0000: 1107.761: [GC [PSYoungGen: 242366K->554K(236160K)] 445497K->203863K(923136K), 0.0058800 secs] [Times: user=0.03 sys=0.00, real=0.00 secs] 
2014-07-09T01:04:45.137+0000: 1108.599: [GC [PSYoungGen: 236113K->880K(230912K)] 439422K->204269K(917888K), 0.0057050 secs] [Times: user=0.04 sys=0.00, real=0.01 secs] 
2014-07-09T01:04:45.932+0000: 1109.394: [GC [PSYoungGen: 230896K->754K(225408K)] 434285K->204192K(912384K), 0.0029390 secs] [Times: user=0.02 sys=0.00, real=0.00 secs] 
2014-07-09T01:04:46.725+0000: 1110.188: [GC [PSYoungGen: 225309K->786K(220288K)] 428747K->204304K(907264K), 0.0044290 secs] [Times: user=0.03 sys=0.00, real=0.01 secs] 
2014-07-09T01:04:47.495+0000: 1110.957: [GC [PSYoungGen: 220242K->844K(215360K)] 423760K->204441K(902336K), 0.0056220 secs] [Times: user=0.03 sys=0.00, real=0.01 secs] 
2014-07-09T01:04:48.246+0000: 1111.709: [GC [PSYoungGen: 215308K->800K(210432K)] 418905K->204453K(897408K), 0.0054970 secs] [Times: user=0.02 sys=0.00, real=0.01 secs] 
2014-07-09T01:04:48.969+0000: 1112.431: [GC [PSYoungGen: 210354K->750K(205696K)] 414008K->204632K(892672K), 0.0041490 secs] [Times: user=0.02 sys=0.00, real=0.01 secs] 
2014-07-09T01:04:49.693+0000: 1113.155: [GC [PSYoungGen: 205678K->926K(201408K)] 409560K->204871K(888384K), 0.0047030 secs] [Times: user=0.02 sys=0.00, real=0.00 secs] 
2014-07-09T01:04:50.404+0000: 1113.866: [GC [PSYoungGen: 201374K->712K(196864K)] 405319K->204745K(883840K), 0.0048330 secs] [Times: user=0.03 sys=0.00, real=0.00 secs] 
2014-07-09T01:04:51.098+0000: 1114.560: [GC [PSYoungGen: 196808K->680K(192576K)] 400841K->204737K(879552K), 0.0144420 secs] [Times: user=0.07 sys=0.01, real=0.02 secs] 
2014-07-09T01:04:51.768+0000: 1115.230: [GC [PSYoungGen: 192514K->1010K(231296K)] 396572K->205336K(918272K), 0.0078500 secs] [Times: user=0.04 sys=0.01, real=0.01 secs] 
2014-07-09T01:04:52.562+0000: 1116.024: [GC [PSYoungGen: 231279K->968K(225920K)] 435605K->205350K(912896K), 0.0063960 secs] [Times: user=0.04 sys=0.01, real=0.00 secs] 
2014-07-09T01:04:53.354+0000: 1116.816: [GC [PSYoungGen: 225864K->698K(220416K)] 430246K->205194K(907392K), 0.0028190 secs] [Times: user=0.01 sys=0.00, real=0.00 secs] 
2014-07-09T01:04:54.118+0000: 1117.581: [GC [PSYoungGen: 220410K->922K(215680K)] 424906K->205442K(902656K), 0.0050720 secs] [Times: user=0.02 sys=0.00, real=0.01 secs] 
2014-07-09T01:04:54.859+0000: 1118.321: [GC [PSYoungGen: 215612K->912K(210816K)] 420132K->205636K(897792K), 0.0033710 secs] [Times: user=0.02 sys=0.00, real=0.01 secs] 
2014-07-09T01:04:55.596+0000: 1119.058: [GC [PSYoungGen: 210768K->800K(206016K)] 415492K->205588K(892992K), 0.0089350 secs] [Times: user=0.05 sys=0.00, real=0.01 secs] 
2014-07-09T01:04:56.322+0000: 1119.784: [GC [PSYoungGen: 205951K->828K(201472K)] 410739K->205730K(888448K), 0.0064080 secs] [Times: user=0.04 sys=0.00, real=0.00 secs] 
2014-07-09T01:04:57.024+0000: 1120.486: [GC [PSYoungGen: 201468K->808K(197120K)] 406370K->205758K(884096K), 0.0044980 secs] [Times: user=0.02 sys=0.00, real=0.00 secs] 
2014-07-09T01:04:57.695+0000: 1121.157: [GC [PSYoungGen: 197096K->830K(192896K)] 402046K->205942K(879872K), 0.0068570 secs] [Times: user=0.04 sys=0.00, real=0.00 secs] 
2014-07-09T01:04:58.376+0000: 1121.838: [GC [PSYoungGen: 192894K->814K(188800K)] 398006K->205998K(875776K), 0.0053550 secs] [Times: user=0.02 sys=0.00, real=0.00 secs] 
2014-07-09T01:04:59.028+0000: 1122.490: [GC [PSYoungGen: 188690K->822K(184896K)] 393874K->206120K(871872K), 0.0033750 secs] [Times: user=0.01 sys=0.00, real=0.00 secs] 
2014-07-09T01:04:59.660+0000: 1123.122: [GC [PSYoungGen: 184886K->940K(181248K)] 390184K->206326K(868224K), 0.0072440 secs] [Times: user=0.04 sys=0.00, real=0.01 secs] 
2014-07-09T01:05:00.292+0000: 1123.754: [GC [PSYoungGen: 181228K->562K(177216K)] 386614K->206052K(864192K), 0.0029030 secs] [Times: user=0.02 sys=0.00, real=0.00 secs] 
2014-07-09T01:05:00.913+0000: 1124.375: [GC [PSYoungGen: 177191K->758K(173824K)] 382681K->206312K(860800K), 0.0050870 secs] [Times: user=0.03 sys=0.00, real=0.00 secs] 
2014-07-09T01:05:01.514+0000: 1124.977: [GC [PSYoungGen: 173814K->794K(170432K)] 379368K->206452K(857408K), 0.0047630 secs] [Times: user=0.04 sys=0.00, real=0.00 secs] 
2014-07-09T01:05:02.106+0000: 1125.569: [GC [PSYoungGen: 170394K->922K(167232K)] 376052K->206636K(854208K), 0.0058160 secs] [Times: user=0.03 sys=0.00, real=0.01 secs] 
2014-07-09T01:05:02.681+0000: 1126.143: [GC [PSYoungGen: 167194K->548K(163648K)] 372908K->206318K(850624K), 0.0050480 secs] [Times: user=0.03 sys=0.00, real=0.01 secs] 
2014-07-09T01:05:03.251+0000: 1126.713: [GC [PSYoungGen: 163620K->822K(160768K)] 369390K->206640K(847744K), 0.0083750 secs] [Times: user=0.02 sys=0.00, real=0.01 secs] 
2014-07-09T01:05:03.797+0000: 1127.260: [GC [PSYoungGen: 160758K->658K(192640K)] 366576K->206564K(879616K), 0.0106950 secs] [Times: user=0.07 sys=0.00, real=0.01 secs] 
2014-07-09T01:05:04.465+0000: 1127.927: [GC [PSYoungGen: 192594K->697K(231040K)] 398500K->206691K(918016K), 0.0057880 secs] [Times: user=0.04 sys=0.00, real=0.00 secs] 
2014-07-09T01:05:05.271+0000: 1128.734: [GC [PSYoungGen: 231033K->928K(277376K)] 437027K->207002K(964352K), 0.0089660 secs] [Times: user=0.05 sys=0.00, real=0.01 secs] 
2014-07-09T01:05:06.242+0000: 1129.704: [GC [PSYoungGen: 277344K->1212K(270528K)] 483418K->207374K(957504K), 0.0039720 secs] [Times: user=0.02 sys=0.00, real=0.01 secs] 
2014-07-09T01:05:07.176+0000: 1130.639: [GC [PSYoungGen: 270515K->292K(323520K)] 476677K->206910K(1010496K), 0.0124650 secs] [Times: user=0.08 sys=0.00, real=0.01 secs] 
2014-07-09T01:05:08.323+0000: 1131.785: [GC [PSYoungGen: 323492K->1276K(315520K)] 530110K->208182K(1002496K), 0.0060750 secs] [Times: user=0.04 sys=0.00, real=0.01 secs] 
2014-07-09T01:05:09.425+0000: 1132.888: [GC [PSYoungGen: 315516K->498K(306176K)] 522422K->207834K(993152K), 0.0071520 secs] [Times: user=0.04 sys=0.00, real=0.00 secs] 
2014-07-09T01:05:10.488+0000: 1133.950: [GC [PSYoungGen: 306161K->930K(298368K)] 513497K->208354K(985344K), 0.0049520 secs] [Times: user=0.03 sys=0.00, real=0.01 secs] 
2014-07-09T01:05:11.525+0000: 1134.987: [GC [PSYoungGen: 298338K->630K(290112K)] 505762K->208086K(977088K), 0.0167110 secs] [Times: user=0.09 sys=0.00, real=0.01 secs] 
2014-07-09T01:05:12.570+0000: 1136.032: [GC [PSYoungGen: 290088K->1454K(341632K)] 497545K->209253K(1028608K), 0.0125080 secs] [Times: user=0.06 sys=0.01, real=0.01 secs] 
2014-07-09T01:05:13.743+0000: 1137.206: [GC [PSYoungGen: 341603K->1004K(331520K)] 549401K->208858K(1018496K), 0.0036770 secs] [Times: user=0.02 sys=0.00, real=0.01 secs] 
2014-07-09T01:05:14.891+0000: 1138.353: [GC [PSYoungGen: 331500K->512K(321728K)] 539354K->208530K(1008704K), 0.0039330 secs] [Times: user=0.02 sys=0.00, real=0.01 secs] 
2014-07-09T01:05:16.013+0000: 1139.475: [GC [PSYoungGen: 321711K->776K(313152K)] 529730K->208850K(1000128K), 0.0059160 secs] [Times: user=0.04 sys=0.00, real=0.01 secs] 
2014-07-09T01:05:17.108+0000: 1140.570: [GC [PSYoungGen: 313096K->894K(304704K)] 521170K->209024K(991680K), 0.0034500 secs] [Times: user=0.01 sys=0.00, real=0.00 secs] 
2014-07-09T01:05:18.170+0000: 1141.632: [GC [PSYoungGen: 304702K->786K(296448K)] 512832K->209020K(983424K), 0.0031360 secs] [Times: user=0.01 sys=0.00, real=0.00 secs] 
2014-07-09T01:05:19.206+0000: 1142.668: [GC [PSYoungGen: 296402K->865K(288640K)] 504636K->209163K(975616K), 0.0053540 secs] [Times: user=0.02 sys=0.01, real=0.00 secs] 
2014-07-09T01:05:20.210+0000: 1143.673: [GC [PSYoungGen: 288582K->854K(281088K)] 496880K->209184K(968064K), 0.0109080 secs] [Times: user=0.06 sys=0.00, real=0.01 secs] 
2014-07-09T01:05:21.185+0000: 1144.647: [GC [PSYoungGen: 281046K->944K(273856K)] 489376K->209330K(960832K), 0.0075160 secs] [Times: user=0.04 sys=0.00, real=0.01 secs] 
2014-07-09T01:05:22.168+0000: 1145.630: [GC [PSYoungGen: 273840K->690K(266624K)] 482226K->209116K(953600K), 0.0048460 secs] [Times: user=0.01 sys=0.01, real=0.00 secs] 
2014-07-09T01:05:23.105+0000: 1146.567: [GC [PSYoungGen: 266610K->652K(259904K)] 475036K->209110K(946880K), 0.0086700 secs] [Times: user=0.05 sys=0.00, real=0.00 secs] 
2014-07-09T01:05:24.021+0000: 1147.483: [GC [PSYoungGen: 259849K->665K(253440K)] 468307K->209163K(940416K), 0.0035960 secs] [Times: user=0.02 sys=0.01, real=0.00 secs] 
2014-07-09T01:05:24.901+0000: 1148.363: [GC [PSYoungGen: 253401K->648K(247232K)] 461899K->209186K(934208K), 0.0090760 secs] [Times: user=0.05 sys=0.00, real=0.01 secs] 
2014-07-09T01:05:25.767+0000: 1149.229: [GC [PSYoungGen: 247176K->1054K(241600K)] 455714K->209656K(928576K), 0.0038320 secs] [Times: user=0.02 sys=0.00, real=0.00 secs] 
2014-07-09T01:05:26.606+0000: 1150.068: [GC [PSYoungGen: 241566K->712K(235520K)] 450168K->209418K(922496K), 0.0061250 secs] [Times: user=0.04 sys=0.00, real=0.00 secs] 
2014-07-09T01:05:27.409+0000: 1150.872: [GC [PSYoungGen: 235464K->498K(229696K)] 444170K->209244K(916672K), 0.0086650 secs] [Times: user=0.05 sys=0.01, real=0.01 secs] 
2014-07-09T01:05:28.214+0000: 1151.676: [GC [PSYoungGen: 229682K->626K(224448K)] 438428K->209428K(911424K), 0.0065810 secs] [Times: user=0.04 sys=0.00, real=0.01 secs] 
2014-07-09T01:05:28.986+0000: 1152.448: [GC [PSYoungGen: 224398K->712K(219392K)] 433200K->209578K(906368K), 0.0077800 secs] [Times: user=0.05 sys=0.00, real=0.01 secs] 
2014-07-09T01:05:29.748+0000: 1153.210: [GC [PSYoungGen: 219336K->904K(214592K)] 428202K->209827K(901568K), 0.0040610 secs] [Times: user=0.02 sys=0.00, real=0.00 secs] 
2014-07-09T01:05:30.489+0000: 1153.951: [GC [PSYoungGen: 214536K->830K(257216K)] 423459K->209816K(944192K), 0.0139050 secs] [Times: user=0.08 sys=0.00, real=0.01 secs] 
2014-07-09T01:05:31.396+0000: 1154.859: [GC [PSYoungGen: 257214K->1026K(308800K)] 466200K->210084K(995776K), 0.0116790 secs] [Times: user=0.07 sys=0.00, real=0.02 secs] 
2014-07-09T01:05:32.506+0000: 1155.968: [GC [PSYoungGen: 308720K->690K(336768K)] 517778K->209911K(1023744K), 0.0111320 secs] [Times: user=0.05 sys=0.00, real=0.02 secs] 
2014-07-09T01:05:33.658+0000: 1157.120: [GC [PSYoungGen: 336754K->1260K(327872K)] 545975K->210545K(1014848K), 0.0040420 secs] [Times: user=0.01 sys=0.00, real=0.00 secs] 
2014-07-09T01:05:34.803+0000: 1158.266: [GC [PSYoungGen: 327824K->64K(317568K)] 537108K->210137K(1004544K), 0.0066580 secs] [Times: user=0.04 sys=0.00, real=0.01 secs] 
2014-07-09T01:05:35.923+0000: 1159.385: [GC [PSYoungGen: 317568K->1075K(309888K)] 527641K->211181K(996864K), 0.0032940 secs] [Times: user=0.01 sys=0.00, real=0.00 secs] 
2014-07-09T01:05:37.009+0000: 1160.471: [GC [PSYoungGen: 309866K->944K(301376K)] 519971K->211405K(988352K), 0.0050960 secs] [Times: user=0.03 sys=0.00, real=0.00 secs] 
2014-07-09T01:05:38.049+0000: 1161.511: [GC [PSYoungGen: 301325K->762K(293120K)] 511786K->211295K(980096K), 0.0067330 secs] [Times: user=0.04 sys=0.00, real=0.00 secs] 
2014-07-09T01:05:39.084+0000: 1162.546: [GC [PSYoungGen: 293113K->1014K(285632K)] 503646K->211743K(972608K), 0.0092300 secs] [Times: user=0.05 sys=0.00, real=0.01 secs] 
2014-07-09T01:05:40.080+0000: 1163.543: [GC [PSYoungGen: 285600K->836K(278080K)] 496329K->211629K(965056K), 0.0066540 secs] [Times: user=0.04 sys=0.00, real=0.00 secs] 
2014-07-09T01:05:41.056+0000: 1164.518: [GC [PSYoungGen: 278020K->530K(270592K)] 488813K->211379K(957568K), 0.0037080 secs] [Times: user=0.02 sys=0.00, real=0.01 secs] 
2014-07-09T01:05:41.990+0000: 1165.453: [GC [PSYoungGen: 270546K->876K(264064K)] 481395K->211789K(951040K), 0.0036520 secs] [Times: user=0.01 sys=0.01, real=0.00 secs] 
2014-07-09T01:05:42.923+0000: 1166.385: [GC [PSYoungGen: 264041K->1306K(257920K)] 474955K->212307K(944896K), 0.0062920 secs] [Times: user=0.05 sys=0.00, real=0.01 secs] 
2014-07-09T01:05:43.805+0000: 1167.267: [GC [PSYoungGen: 257845K->744K(250944K)] 468846K->211809K(937920K), 0.0097970 secs] [Times: user=0.05 sys=0.00, real=0.01 secs] 
2014-07-09T01:05:44.680+0000: 1168.143: [GC [PSYoungGen: 250920K->598K(244672K)] 461985K->211719K(931648K), 0.0039820 secs] [Times: user=0.02 sys=0.00, real=0.00 secs] 
2014-07-09T01:05:45.525+0000: 1168.987: [GC [PSYoungGen: 244630K->1036K(239232K)] 455751K->212221K(926208K), 0.0072430 secs] [Times: user=0.05 sys=0.00, real=0.01 secs] 
2014-07-09T01:05:46.347+0000: 1169.809: [GC [PSYoungGen: 239180K->716K(233216K)] 450365K->211965K(920192K), 0.0060590 secs] [Times: user=0.03 sys=0.00, real=0.01 secs] 
2014-07-09T01:05:47.162+0000: 1170.624: [GC [PSYoungGen: 233164K->830K(227776K)] 444413K->212127K(914752K), 0.0084550 secs] [Times: user=0.05 sys=0.01, real=0.01 secs] 
2014-07-09T01:05:47.946+0000: 1171.408: [GC [PSYoungGen: 227762K->1028K(222720K)] 439059K->212365K(909696K), 0.0048940 secs] [Times: user=0.01 sys=0.00, real=0.01 secs] 
2014-07-09T01:05:48.726+0000: 1172.189: [GC [PSYoungGen: 222660K->708K(217280K)] 433997K->212109K(904256K), 0.0108390 secs] [Times: user=0.07 sys=0.01, real=0.01 secs] 
2014-07-09T01:05:49.476+0000: 1172.939: [GC [PSYoungGen: 217220K->680K(212288K)] 428621K->212137K(899264K), 0.0083820 secs] [Times: user=0.04 sys=0.00, real=0.01 secs] 
2014-07-09T01:05:50.213+0000: 1173.675: [GC [PSYoungGen: 212264K->762K(207616K)] 423721K->212299K(894592K), 0.0038920 secs] [Times: user=0.02 sys=0.00, real=0.00 secs] 
2014-07-09T01:05:50.938+0000: 1174.400: [GC [PSYoungGen: 207610K->748K(203072K)] 419147K->212357K(890048K), 0.0036670 secs] [Times: user=0.02 sys=0.00, real=0.01 secs] 
2014-07-09T01:05:51.644+0000: 1175.106: [GC [PSYoungGen: 203052K->548K(198464K)] 414661K->212221K(885440K), 0.0065710 secs] [Times: user=0.04 sys=0.00, real=0.01 secs] 
2014-07-09T01:05:52.335+0000: 1175.797: [GC [PSYoungGen: 198436K->562K(194176K)] 410109K->212323K(881152K), 0.0079460 secs] [Times: user=0.05 sys=0.00, real=0.01 secs] 
2014-07-09T01:05:53.032+0000: 1176.494: [GC [PSYoungGen: 194162K->1264K(233600K)] 405923K->213118K(920576K), 0.0109420 secs] [Times: user=0.07 sys=0.01, real=0.01 secs] 
2014-07-09T01:05:53.837+0000: 1177.299: [GC [PSYoungGen: 233577K->762K(227584K)] 445431K->212688K(914560K), 0.0034910 secs] [Times: user=0.03 sys=0.00, real=0.01 secs] 
2014-07-09T01:05:54.640+0000: 1178.102: [GC [PSYoungGen: 227578K->816K(222400K)] 439504K->212806K(909376K), 0.0067970 secs] [Times: user=0.04 sys=0.00, real=0.01 secs] 
2014-07-09T01:05:55.424+0000: 1178.886: [GC [PSYoungGen: 222384K->726K(217216K)] 434374K->212812K(904192K), 0.0044550 secs] [Times: user=0.03 sys=0.00, real=0.00 secs] 
2014-07-09T01:05:56.184+0000: 1179.646: [GC [PSYoungGen: 217167K->1316K(212864K)] 429253K->213565K(899840K), 0.0045810 secs] [Times: user=0.02 sys=0.00, real=0.00 secs] 
2014-07-09T01:05:56.921+0000: 1180.384: [GC [PSYoungGen: 212836K->634K(207424K)] 425085K->213046K(894400K), 0.0072490 secs] [Times: user=0.04 sys=0.01, real=0.00 secs] 
2014-07-09T01:05:57.642+0000: 1181.105: [GC [PSYoungGen: 207418K->936K(203200K)] 419830K->213444K(890176K), 0.0079030 secs] [Times: user=0.05 sys=0.01, real=0.00 secs] 
2014-07-09T01:05:58.363+0000: 1181.825: [GC [PSYoungGen: 203176K->926K(243648K)] 415684K->213482K(930624K), 0.0162770 secs] [Times: user=0.11 sys=0.00, real=0.01 secs] 
2014-07-09T01:05:59.227+0000: 1182.689: [GC [PSYoungGen: 243614K->892K(292160K)] 456170K->213528K(979136K), 0.0064640 secs] [Times: user=0.04 sys=0.00, real=0.01 secs] 
2014-07-09T01:06:00.248+0000: 1183.711: [GC [PSYoungGen: 292123K->930K(284544K)] 504760K->213630K(971520K), 0.0047840 secs] [Times: user=0.03 sys=0.00, real=0.01 secs] 
2014-07-09T01:06:01.241+0000: 1184.704: [GC [PSYoungGen: 284514K->844K(277056K)] 497214K->213632K(964032K), 0.0077040 secs] [Times: user=0.05 sys=0.00, real=0.00 secs] 
2014-07-09T01:06:02.207+0000: 1185.669: [GC [PSYoungGen: 277003K->894K(269952K)] 489792K->213868K(956928K), 0.0052510 secs] [Times: user=0.04 sys=0.00, real=0.01 secs] 
2014-07-09T01:06:03.150+0000: 1186.613: [GC [PSYoungGen: 269950K->858K(263104K)] 482924K->213872K(950080K), 0.0046430 secs] [Times: user=0.02 sys=0.00, real=0.01 secs] 
2014-07-09T01:06:04.066+0000: 1187.528: [GC [PSYoungGen: 263066K->730K(256384K)] 476080K->213808K(943360K), 0.0039070 secs] [Times: user=0.01 sys=0.01, real=0.00 secs] 
2014-07-09T01:06:04.968+0000: 1188.430: [GC [PSYoungGen: 256326K->879K(250176K)] 469405K->214021K(937152K), 0.0079010 secs] [Times: user=0.04 sys=0.00, real=0.01 secs] 
2014-07-09T01:06:05.848+0000: 1189.310: [GC [PSYoungGen: 250159K->566K(243776K)] 463301K->213756K(930752K), 0.0039480 secs] [Times: user=0.02 sys=0.00, real=0.00 secs] 
2014-07-09T01:06:06.714+0000: 1190.176: [GC [PSYoungGen: 243766K->1216K(238592K)] 456956K->214487K(925568K), 0.0036050 secs] [Times: user=0.02 sys=0.01, real=0.00 secs] 
2014-07-09T01:06:07.559+0000: 1191.021: [GC [PSYoungGen: 238503K->747K(232448K)] 451774K->214153K(919424K), 0.0101430 secs] [Times: user=0.07 sys=0.00, real=0.01 secs] 
2014-07-09T01:06:08.370+0000: 1191.832: [GC [PSYoungGen: 232427K->712K(227008K)] 445833K->214174K(913984K), 0.0053150 secs] [Times: user=0.02 sys=0.00, real=0.01 secs] 
2014-07-09T01:06:09.153+0000: 1192.615: [GC [PSYoungGen: 226952K->1000K(222016K)] 440414K->214558K(908992K), 0.0074080 secs] [Times: user=0.05 sys=0.00, real=0.00 secs] 
2014-07-09T01:06:09.915+0000: 1193.377: [GC [PSYoungGen: 221992K->836K(216832K)] 435550K->214451K(903808K), 0.0034230 secs] [Times: user=0.02 sys=0.01, real=0.00 secs] 
2014-07-09T01:06:10.671+0000: 1194.133: [GC [PSYoungGen: 216772K->662K(211776K)] 430387K->214356K(898752K), 0.0078820 secs] [Times: user=0.05 sys=0.00, real=0.01 secs] 
2014-07-09T01:06:11.409+0000: 1194.872: [GC [PSYoungGen: 211734K->708K(207104K)] 425428K->214498K(894080K), 0.0076500 secs] [Times: user=0.05 sys=0.01, real=0.01 secs] 
2014-07-09T01:06:12.142+0000: 1195.604: [GC [PSYoungGen: 207044K->854K(202688K)] 420834K->214748K(889664K), 0.0056960 secs] [Times: user=0.03 sys=0.00, real=0.01 secs] 
2014-07-09T01:06:12.846+0000: 1196.308: [GC [PSYoungGen: 202646K->908K(198336K)] 416540K->214898K(885312K), 0.0049630 secs] [Times: user=0.03 sys=0.00, real=0.00 secs] 
2014-07-09T01:06:13.549+0000: 1197.011: [GC [PSYoungGen: 198244K->629K(193792K)] 412235K->215103K(880768K), 0.0049200 secs] [Times: user=0.02 sys=0.01, real=0.01 secs] 
2014-07-09T01:06:14.207+0000: 1197.670: [GC [PSYoungGen: 193781K->794K(189888K)] 408255K->215324K(876864K), 0.0071300 secs] [Times: user=0.05 sys=0.00, real=0.01 secs] 
2014-07-09T01:06:14.883+0000: 1198.345: [GC [PSYoungGen: 189849K->1128K(186240K)] 404379K->215986K(873216K), 0.0049980 secs] [Times: user=0.03 sys=0.00, real=0.01 secs] 
2014-07-09T01:06:15.543+0000: 1199.006: [GC [PSYoungGen: 186178K->858K(182144K)] 401036K->215764K(869120K), 0.0081390 secs] [Times: user=0.05 sys=0.00, real=0.00 secs] 
2014-07-09T01:06:16.184+0000: 1199.646: [GC [PSYoungGen: 182106K->826K(178368K)] 397012K->215804K(865344K), 0.0048680 secs] [Times: user=0.03 sys=0.00, real=0.00 secs] 
2014-07-09T01:06:16.801+0000: 1200.263: [GC [PSYoungGen: 178362K->840K(174848K)] 393340K->215890K(861824K), 0.0055810 secs] [Times: user=0.03 sys=0.00, real=0.01 secs] 
2014-07-09T01:06:17.407+0000: 1200.869: [GC [PSYoungGen: 174792K->708K(171264K)] 389842K->215838K(858240K), 0.0044110 secs] [Times: user=0.02 sys=0.00, real=0.00 secs] 
2014-07-09T01:06:18.003+0000: 1201.465: [GC [PSYoungGen: 171204K->1116K(168256K)] 386334K->216342K(855232K), 0.0035550 secs] [Times: user=0.02 sys=0.00, real=0.01 secs] 
2014-07-09T01:06:18.582+0000: 1202.044: [GC [PSYoungGen: 168180K->819K(164672K)] 383406K->216405K(851648K), 0.0050470 secs] [Times: user=0.03 sys=0.01, real=0.01 secs] 
2014-07-09T01:06:19.157+0000: 1202.619: [GC [PSYoungGen: 164659K->960K(161728K)] 380245K->216626K(848704K), 0.0032010 secs] [Times: user=0.01 sys=0.00, real=0.00 secs] 
2014-07-09T01:06:19.726+0000: 1203.188: [GC [PSYoungGen: 161664K->772K(158464K)] 377330K->216618K(845440K), 0.0073250 secs] [Times: user=0.05 sys=0.00, real=0.00 secs] 
2014-07-09T01:06:20.271+0000: 1203.733: [GC [PSYoungGen: 158404K->830K(155520K)] 374250K->216732K(842496K), 0.0057470 secs] [Times: user=0.04 sys=0.01, real=0.01 secs] 
2014-07-09T01:06:20.822+0000: 1204.284: [GC [PSYoungGen: 155479K->1203K(153024K)] 371381K->217291K(840000K), 0.0041560 secs] [Times: user=0.02 sys=0.00, real=0.01 secs] 
2014-07-09T01:06:21.360+0000: 1204.822: [GC [PSYoungGen: 153008K->1047K(150144K)] 369097K->217215K(837120K), 0.0054020 secs] [Times: user=0.03 sys=0.00, real=0.01 secs] 
2014-07-09T01:06:21.889+0000: 1205.351: [GC [PSYoungGen: 150103K->594K(179520K)] 366271K->216834K(866496K), 0.0105830 secs] [Times: user=0.07 sys=0.01, real=0.01 secs] 
2014-07-09T01:06:22.508+0000: 1205.971: [GC [PSYoungGen: 179474K->1086K(215744K)] 395714K->217406K(902720K), 0.0053610 secs] [Times: user=0.02 sys=0.00, real=0.00 secs] 
2014-07-09T01:06:23.271+0000: 1206.733: [GC [PSYoungGen: 215741K->954K(210752K)] 432061K->217354K(897728K), 0.0034960 secs] [Times: user=0.01 sys=0.00, real=0.00 secs] 
2014-07-09T01:06:24.000+0000: 1207.462: [GC [PSYoungGen: 210746K->896K(206080K)] 427146K->217384K(893056K), 0.0032380 secs] [Times: user=0.02 sys=0.00, real=0.00 secs] 
2014-07-09T01:06:24.714+0000: 1208.176: [GC [PSYoungGen: 206016K->716K(201344K)] 422504K->217276K(888320K), 0.0058760 secs] [Times: user=0.03 sys=0.00, real=0.01 secs] 
2014-07-09T01:06:25.418+0000: 1208.880: [GC [PSYoungGen: 201292K->844K(197120K)] 417852K->217476K(884096K), 0.0040850 secs] [Times: user=0.02 sys=0.00, real=0.00 secs] 
2014-07-09T01:06:26.121+0000: 1209.583: [GC [PSYoungGen: 197066K->1008K(193024K)] 413698K->217728K(880000K), 0.0082840 secs] [Times: user=0.05 sys=0.00, real=0.01 secs] 
2014-07-09T01:06:26.780+0000: 1210.243: [GC [PSYoungGen: 193008K->722K(188672K)] 409728K->217546K(875648K), 0.0091360 secs] [Times: user=0.06 sys=0.00, real=0.01 secs] 
2014-07-09T01:06:27.445+0000: 1210.907: [GC [PSYoungGen: 188626K->722K(184768K)] 405450K->217626K(871744K), 0.0050480 secs] [Times: user=0.03 sys=0.00, real=0.00 secs] 
2014-07-09T01:06:28.079+0000: 1211.541: [GC [PSYoungGen: 184722K->890K(181120K)] 401626K->217882K(868096K), 0.0056570 secs] [Times: user=0.03 sys=0.00, real=0.01 secs] 
2014-07-09T01:06:28.706+0000: 1212.168: [GC [PSYoungGen: 181114K->598K(216960K)] 398106K->217654K(903936K), 0.0094860 secs] [Times: user=0.06 sys=0.00, real=0.01 secs] 
2014-07-09T01:06:29.455+0000: 1212.918: [GC [PSYoungGen: 216872K->950K(260544K)] 433928K->218078K(947520K), 0.0106380 secs] [Times: user=0.07 sys=0.00, real=0.01 secs] 
2014-07-09T01:06:30.375+0000: 1213.838: [GC [PSYoungGen: 260534K->726K(253888K)] 477662K->217974K(940864K), 0.0044460 secs] [Times: user=0.03 sys=0.00, real=0.01 secs] 
2014-07-09T01:06:31.256+0000: 1214.718: [GC [PSYoungGen: 253844K->762K(247680K)] 471092K->218074K(934656K), 0.0047360 secs] [Times: user=0.03 sys=0.00, real=0.00 secs] 
2014-07-09T01:06:32.121+0000: 1215.583: [GC [PSYoungGen: 247674K->866K(241792K)] 464986K->218210K(928768K), 0.0040350 secs] [Times: user=0.02 sys=0.00, real=0.00 secs] 
2014-07-09T01:06:32.965+0000: 1216.427: [GC [PSYoungGen: 241720K->904K(236096K)] 459064K->218328K(923072K), 0.0065890 secs] [Times: user=0.04 sys=0.01, real=0.01 secs] 
2014-07-09T01:06:33.794+0000: 1217.256: [GC [PSYoungGen: 236040K->544K(230144K)] 453464K->218048K(917120K), 0.0077590 secs] [Times: user=0.04 sys=0.00, real=0.01 secs] 
2014-07-09T01:06:34.597+0000: 1218.059: [GC [PSYoungGen: 230112K->648K(224896K)] 447616K->218208K(911872K), 0.0104030 secs] [Times: user=0.06 sys=0.00, real=0.01 secs] 
2014-07-09T01:06:35.393+0000: 1218.855: [GC [PSYoungGen: 224813K->847K(269952K)] 442374K->218479K(956928K), 0.0107980 secs] [Times: user=0.07 sys=0.00, real=0.01 secs] 
2014-07-09T01:06:36.340+0000: 1219.802: [GC [PSYoungGen: 269874K->782K(263040K)] 487506K->218494K(950016K), 0.0065280 secs] [Times: user=0.04 sys=0.00, real=0.00 secs] 
2014-07-09T01:06:37.264+0000: 1220.726: [GC [PSYoungGen: 262990K->608K(256256K)] 480702K->218408K(943232K), 0.0064370 secs] [Times: user=0.04 sys=0.00, real=0.01 secs] 
2014-07-09T01:06:38.155+0000: 1221.617: [GC [PSYoungGen: 256224K->1134K(250432K)] 474024K->218982K(937408K), 0.0048870 secs] [Times: user=0.02 sys=0.00, real=0.01 secs] 
2014-07-09T01:06:39.041+0000: 1222.504: [GC [PSYoungGen: 250414K->552K(243776K)] 468262K->218700K(930752K), 0.0033440 secs] [Times: user=0.02 sys=0.01, real=0.00 secs] 
2014-07-09T01:06:39.899+0000: 1223.362: [GC [PSYoungGen: 243752K->962K(238336K)] 461900K->219166K(925312K), 0.0045430 secs] [Times: user=0.01 sys=0.00, real=0.00 secs] 
2014-07-09T01:06:40.746+0000: 1224.208: [GC [PSYoungGen: 238274K->794K(232512K)] 456478K->219236K(919488K), 0.0059870 secs] [Times: user=0.04 sys=0.00, real=0.01 secs] 
2014-07-09T01:06:41.553+0000: 1225.016: [GC [PSYoungGen: 232474K->466K(226752K)] 450916K->218972K(913728K), 0.0033270 secs] [Times: user=0.02 sys=0.01, real=0.00 secs] 
2014-07-09T01:06:42.349+0000: 1225.811: [GC [PSYoungGen: 226704K->780K(221824K)] 445211K->219382K(908800K), 0.0052600 secs] [Times: user=0.03 sys=0.00, real=0.00 secs] 
2014-07-09T01:06:43.117+0000: 1226.579: [GC [PSYoungGen: 221772K->814K(216768K)] 440374K->219497K(903744K), 0.0036070 secs] [Times: user=0.02 sys=0.00, real=0.01 secs] 
2014-07-09T01:06:43.876+0000: 1227.338: [GC [PSYoungGen: 216750K->762K(211840K)] 435433K->219532K(898816K), 0.0106000 secs] [Times: user=0.07 sys=0.00, real=0.01 secs] 
2014-07-09T01:06:44.613+0000: 1228.076: [GC [PSYoungGen: 211834K->796K(207168K)] 430604K->219639K(894144K), 0.0043740 secs] [Times: user=0.01 sys=0.00, real=0.00 secs] 
2014-07-09T01:06:45.350+0000: 1228.812: [GC [PSYoungGen: 207132K->712K(202560K)] 425975K->219642K(889536K), 0.0056210 secs] [Times: user=0.03 sys=0.00, real=0.00 secs] 
2014-07-09T01:06:46.058+0000: 1229.520: [GC [PSYoungGen: 202504K->544K(197952K)] 421434K->219522K(884928K), 0.0047950 secs] [Times: user=0.02 sys=0.00, real=0.01 secs] 
2014-07-09T01:06:46.766+0000: 1230.228: [GC [PSYoungGen: 197920K->758K(193920K)] 416898K->219816K(880896K), 0.0093730 secs] [Times: user=0.06 sys=0.00, real=0.01 secs] 
2014-07-09T01:06:47.443+0000: 1230.905: [GC [PSYoungGen: 193910K->562K(189632K)] 412968K->219684K(876608K), 0.0053790 secs] [Times: user=0.03 sys=0.00, real=0.01 secs] 
2014-07-09T01:06:48.102+0000: 1231.564: [GC [PSYoungGen: 189618K->886K(185984K)] 408740K->220049K(872960K), 0.0095010 secs] [Times: user=0.07 sys=0.00, real=0.01 secs] 
2014-07-09T01:06:48.747+0000: 1232.210: [GC [PSYoungGen: 185974K->716K(222912K)] 405137K->219934K(909888K), 0.0081490 secs] [Times: user=0.05 sys=0.00, real=0.01 secs] 
2014-07-09T01:06:49.520+0000: 1232.983: [GC [PSYoungGen: 222860K->562K(217600K)] 442078K->219884K(904576K), 0.0031600 secs] [Times: user=0.02 sys=0.01, real=0.00 secs] 
2014-07-09T01:06:50.289+0000: 1233.751: [GC [PSYoungGen: 217586K->922K(213056K)] 436908K->220300K(900032K), 0.0081130 secs] [Times: user=0.05 sys=0.00, real=0.00 secs] 
2014-07-09T01:06:51.021+0000: 1234.483: [GC [PSYoungGen: 213014K->615K(208000K)] 432393K->220115K(894976K), 0.0054320 secs] [Times: user=0.02 sys=0.01, real=0.00 secs] 
2014-07-09T01:06:51.747+0000: 1235.209: [GC [PSYoungGen: 207949K->964K(203776K)] 427449K->220561K(890752K), 0.0051510 secs] [Times: user=0.03 sys=0.00, real=0.01 secs] 
2014-07-09T01:06:52.448+0000: 1235.911: [GC [PSYoungGen: 203698K->562K(198912K)] 423295K->220288K(885888K), 0.0048730 secs] [Times: user=0.02 sys=0.00, real=0.01 secs] 
2014-07-09T01:06:53.153+0000: 1236.616: [GC [PSYoungGen: 198870K->908K(195008K)] 418597K->220730K(881984K), 0.0060410 secs] [Times: user=0.04 sys=0.00, real=0.01 secs] 
2014-07-09T01:06:53.832+0000: 1237.295: [GC [PSYoungGen: 194938K->812K(190720K)] 414761K->220708K(877696K), 0.0090590 secs] [Times: user=0.05 sys=0.00, real=0.01 secs] 
2014-07-09T01:06:54.483+0000: 1237.946: [GC [PSYoungGen: 190700K->608K(186560K)] 410596K->220592K(873536K), 0.0071460 secs] [Times: user=0.02 sys=0.00, real=0.01 secs] 
2014-07-09T01:06:55.132+0000: 1238.594: [GC [PSYoungGen: 186528K->608K(182720K)] 406512K->220680K(869696K), 0.0060700 secs] [Times: user=0.03 sys=0.00, real=0.00 secs] 
2014-07-09T01:06:55.764+0000: 1239.226: [GC [PSYoungGen: 182688K->580K(219136K)] 402760K->220740K(906112K), 0.0079540 secs] [Times: user=0.05 sys=0.00, real=0.01 secs] 
2014-07-09T01:06:56.526+0000: 1239.988: [GC [PSYoungGen: 219076K->794K(214336K)] 439236K->221034K(901312K), 0.0043490 secs] [Times: user=0.02 sys=0.01, real=0.01 secs] 
2014-07-09T01:06:57.280+0000: 1240.742: [GC [PSYoungGen: 214298K->690K(209408K)] 434538K->221042K(896384K), 0.0060400 secs] [Times: user=0.03 sys=0.00, real=0.01 secs] 
2014-07-09T01:06:58.011+0000: 1241.473: [GC [PSYoungGen: 209394K->680K(204800K)] 429746K->221242K(891776K), 0.0054610 secs] [Times: user=0.03 sys=0.00, real=0.00 secs] 
2014-07-09T01:06:58.723+0000: 1242.185: [GC [PSYoungGen: 204776K->772K(200448K)] 425338K->221398K(887424K), 0.0043860 secs] [Times: user=0.02 sys=0.00, real=0.00 secs] 
2014-07-09T01:06:59.418+0000: 1242.881: [GC [PSYoungGen: 200388K->690K(195968K)] 421014K->221627K(882944K), 0.0033010 secs] [Times: user=0.02 sys=0.00, real=0.01 secs] 
2014-07-09T01:07:00.110+0000: 1243.572: [GC [PSYoungGen: 195954K->808K(191936K)] 416891K->221840K(878912K), 0.0049540 secs] [Times: user=0.03 sys=0.00, real=0.00 secs] 
2014-07-09T01:07:00.771+0000: 1244.233: [GC [PSYoungGen: 191912K->812K(187904K)] 412944K->221940K(874880K), 0.0076050 secs] [Times: user=0.05 sys=0.00, real=0.00 secs] 
2014-07-09T01:07:01.434+0000: 1244.896: [GC [PSYoungGen: 187859K->912K(184128K)] 408988K->222113K(871104K), 0.0033610 secs] [Times: user=0.02 sys=0.00, real=0.00 secs] 
2014-07-09T01:07:02.076+0000: 1245.539: [GC [PSYoungGen: 184080K->441K(179840K)] 405281K->222286K(866816K), 0.0053760 secs] [Times: user=0.04 sys=0.00, real=0.01 secs] 
2014-07-09T01:07:02.694+0000: 1246.156: [GC [PSYoungGen: 179833K->1190K(176960K)] 401678K->223577K(863936K), 0.0051290 secs] [Times: user=0.02 sys=0.00, real=0.00 secs] 
2014-07-09T01:07:03.314+0000: 1246.777: [GC [PSYoungGen: 176934K->530K(172800K)] 399321K->223329K(859776K), 0.0058700 secs] [Times: user=0.04 sys=0.00, real=0.00 secs] 
2014-07-09T01:07:03.905+0000: 1247.368: [GC [PSYoungGen: 172754K->512K(169344K)] 395553K->223383K(856320K), 0.0037140 secs] [Times: user=0.02 sys=0.00, real=0.00 secs] 
2014-07-09T01:07:04.487+0000: 1247.949: [GC [PSYoungGen: 169344K->768K(166336K)] 392215K->223704K(853312K), 0.0049910 secs] [Times: user=0.03 sys=0.00, real=0.01 secs] 
2014-07-09T01:07:05.065+0000: 1248.527: [GC [PSYoungGen: 166272K->1024K(163392K)] 389208K->224048K(850368K), 0.0082880 secs] [Times: user=0.05 sys=0.00, real=0.01 secs] 
2014-07-09T01:07:05.649+0000: 1249.111: [GC [PSYoungGen: 163328K->740K(160000K)] 386352K->223827K(846976K), 0.0075420 secs] [Times: user=0.04 sys=0.00, real=0.01 secs] 
2014-07-09T01:07:06.205+0000: 1249.667: [GC [PSYoungGen: 159972K->740K(191872K)] 383059K->223883K(878848K), 0.0111150 secs] [Times: user=0.06 sys=0.00, real=0.01 secs] 
2014-07-09T01:07:06.876+0000: 1250.339: [GC [PSYoungGen: 191844K->1043K(230464K)] 414987K->224275K(917440K), 0.0057690 secs] [Times: user=0.03 sys=0.00, real=0.01 secs] 
2014-07-09T01:07:07.674+0000: 1251.136: [GC [PSYoungGen: 230419K->848K(276160K)] 453651K->224144K(963136K), 0.0117100 secs] [Times: user=0.07 sys=0.01, real=0.01 secs] 
2014-07-09T01:07:08.650+0000: 1252.112: [GC [PSYoungGen: 276112K->890K(279936K)] 499408K->224249K(966912K), 0.0080770 secs] [Times: user=0.05 sys=0.00, real=0.01 secs] 
2014-07-09T01:07:09.618+0000: 1253.080: [GC [PSYoungGen: 279930K->816K(280384K)] 503289K->224248K(967360K), 0.0070510 secs] [Times: user=0.04 sys=0.00, real=0.01 secs] 
2014-07-09T01:07:10.614+0000: 1254.076: [GC [PSYoungGen: 279856K->480K(272320K)] 503288K->223983K(959296K), 0.0066730 secs] [Times: user=0.05 sys=0.00, real=0.00 secs] 
2014-07-09T01:07:11.562+0000: 1255.024: [GC [PSYoungGen: 272269K->1103K(266048K)] 495772K->224679K(953024K), 0.0051250 secs] [Times: user=0.03 sys=0.00, real=0.00 secs] 
2014-07-09T01:07:12.483+0000: 1255.945: [GC [PSYoungGen: 265999K->690K(258944K)] 489575K->224313K(945920K), 0.0114700 secs] [Times: user=0.07 sys=0.01, real=0.01 secs] 
2014-07-09T01:07:13.375+0000: 1256.838: [GC [PSYoungGen: 258930K->794K(252672K)] 482553K->224505K(939648K), 0.0107770 secs] [Times: user=0.07 sys=0.00, real=0.01 secs] 
2014-07-09T01:07:14.272+0000: 1257.734: [GC [PSYoungGen: 252634K->928K(246592K)] 476345K->224704K(933568K), 0.0050420 secs] [Times: user=0.01 sys=0.00, real=0.01 secs] 
2014-07-09T01:07:15.121+0000: 1258.583: [GC [PSYoungGen: 246559K->926K(240640K)] 470335K->224774K(927616K), 0.0079810 secs] [Times: user=0.04 sys=0.00, real=0.01 secs] 
2014-07-09T01:07:15.957+0000: 1259.419: [GC [PSYoungGen: 240606K->702K(234624K)] 464454K->224816K(921600K), 0.0062220 secs] [Times: user=0.04 sys=0.00, real=0.01 secs] 
2014-07-09T01:07:16.777+0000: 1260.240: [GC [PSYoungGen: 234622K->530K(228992K)] 458736K->224707K(915968K), 0.0104230 secs] [Times: user=0.07 sys=0.00, real=0.01 secs] 
2014-07-09T01:07:17.592+0000: 1261.054: [GC [PSYoungGen: 228946K->594K(223744K)] 453123K->224859K(910720K), 0.0028410 secs] [Times: user=0.01 sys=0.00, real=0.01 secs] 
2014-07-09T01:07:18.372+0000: 1261.834: [GC [PSYoungGen: 223698K->690K(218688K)] 447963K->225027K(905664K), 0.0062110 secs] [Times: user=0.03 sys=0.01, real=0.01 secs] 
2014-07-09T01:07:19.136+0000: 1262.599: [GC [PSYoungGen: 218652K->894K(213888K)] 442990K->225272K(900864K), 0.0121320 secs] [Times: user=0.05 sys=0.00, real=0.01 secs] 
2014-07-09T01:07:19.891+0000: 1263.353: [GC [PSYoungGen: 213886K->672K(208896K)] 438264K->225113K(895872K), 0.0065650 secs] [Times: user=0.03 sys=0.00, real=0.01 secs] 
2014-07-09T01:07:20.621+0000: 1264.084: [GC [PSYoungGen: 208864K->912K(204544K)] 433305K->225434K(891520K), 0.0035000 secs] [Times: user=0.02 sys=0.00, real=0.01 secs] 
2014-07-09T01:07:21.335+0000: 1264.797: [GC [PSYoungGen: 204496K->512K(244864K)] 429018K->225097K(931840K), 0.0153660 secs] [Times: user=0.09 sys=0.01, real=0.01 secs] 
2014-07-09T01:07:22.192+0000: 1265.654: [GC [PSYoungGen: 244863K->812K(294080K)] 469448K->225438K(981056K), 0.0056890 secs] [Times: user=0.01 sys=0.01, real=0.01 secs] 
2014-07-09T01:07:23.219+0000: 1266.681: [GC [PSYoungGen: 294060K->808K(286336K)] 518686K->225497K(973312K), 0.0080670 secs] [Times: user=0.04 sys=0.00, real=0.01 secs] 
2014-07-09T01:07:24.219+0000: 1267.681: [GC [PSYoungGen: 286312K->812K(278848K)] 511001K->225574K(965824K), 0.0103050 secs] [Times: user=0.06 sys=0.00, real=0.01 secs] 
2014-07-09T01:07:25.186+0000: 1268.648: [GC [PSYoungGen: 278828K->862K(271744K)] 503590K->225696K(958720K), 0.0103660 secs] [Times: user=0.06 sys=0.01, real=0.01 secs] 
2014-07-09T01:07:26.130+0000: 1269.593: [GC [PSYoungGen: 271710K->740K(264704K)] 496544K->225783K(951680K), 0.0054050 secs] [Times: user=0.04 sys=0.00, real=0.01 secs] 
2014-07-09T01:07:27.048+0000: 1270.510: [GC [PSYoungGen: 264676K->1086K(258368K)] 489719K->226202K(945344K), 0.0034750 secs] [Times: user=0.02 sys=0.01, real=0.00 secs] 
2014-07-09T01:07:27.942+0000: 1271.404: [GC [PSYoungGen: 258366K->594K(251520K)] 483482K->225781K(938496K), 0.0031270 secs] [Times: user=0.01 sys=0.00, real=0.01 secs] 
2014-07-09T01:07:28.817+0000: 1272.279: [GC [PSYoungGen: 251474K->576K(245312K)] 476661K->225827K(932288K), 0.0059490 secs] [Times: user=0.03 sys=0.00, real=0.00 secs] 
2014-07-09T01:07:29.670+0000: 1273.132: [GC [PSYoungGen: 245312K->729K(239552K)] 470563K->226093K(926528K), 0.0050580 secs] [Times: user=0.03 sys=0.00, real=0.01 secs] 
2014-07-09T01:07:30.506+0000: 1273.968: [GC [PSYoungGen: 239513K->826K(233920K)] 464877K->226262K(920896K), 0.0082080 secs] [Times: user=0.05 sys=0.00, real=0.00 secs] 
2014-07-09T01:07:31.347+0000: 1274.809: [GC [PSYoungGen: 233914K->830K(228416K)] 459350K->226322K(915392K), 0.0031950 secs] [Times: user=0.02 sys=0.00, real=0.00 secs] 
2014-07-09T01:07:32.139+0000: 1275.601: [GC [PSYoungGen: 228413K->1182K(223488K)] 453905K->226754K(910464K), 0.0058410 secs] [Times: user=0.04 sys=0.00, real=0.01 secs] 
2014-07-09T01:07:32.930+0000: 1276.392: [GC [PSYoungGen: 223454K->448K(217600K)] 449026K->226197K(904576K), 0.0059760 secs] [Times: user=0.03 sys=0.01, real=0.01 secs] 
2014-07-09T01:07:33.690+0000: 1277.152: [GC [PSYoungGen: 217564K->808K(213056K)] 443314K->226662K(900032K), 0.0062090 secs] [Times: user=0.04 sys=0.00, real=0.01 secs] 
2014-07-09T01:07:34.437+0000: 1277.899: [GC [PSYoungGen: 213032K->712K(208256K)] 438886K->226672K(895232K), 0.0064140 secs] [Times: user=0.04 sys=0.00, real=0.00 secs] 
2014-07-09T01:07:35.162+0000: 1278.624: [GC [PSYoungGen: 208200K->936K(203840K)] 434160K->227008K(890816K), 0.0038210 secs] [Times: user=0.02 sys=0.00, real=0.01 secs] 
2014-07-09T01:07:35.874+0000: 1279.336: [GC [PSYoungGen: 203816K->562K(199040K)] 429888K->226689K(886016K), 0.0073710 secs] [Times: user=0.04 sys=0.00, real=0.01 secs] 
2014-07-09T01:07:36.576+0000: 1280.038: [GC [PSYoungGen: 199024K->576K(194752K)] 425152K->226775K(881728K), 0.0068420 secs] [Times: user=0.04 sys=0.00, real=0.01 secs] 
2014-07-09T01:07:37.246+0000: 1280.709: [GC [PSYoungGen: 194745K->640K(190656K)] 420945K->226935K(877632K), 0.0046590 secs] [Times: user=0.02 sys=0.00, real=0.00 secs] 
2014-07-09T01:07:37.908+0000: 1281.370: [GC [PSYoungGen: 190656K->448K(186496K)] 416951K->226807K(873472K), 0.0032890 secs] [Times: user=0.02 sys=0.00, real=0.00 secs] 
2014-07-09T01:07:38.581+0000: 1282.043: [GC [PSYoungGen: 186492K->876K(183104K)] 412852K->227284K(870080K), 0.0052790 secs] [Times: user=0.02 sys=0.00, real=0.00 secs] 
2014-07-09T01:07:39.216+0000: 1282.678: [GC [PSYoungGen: 183084K->848K(179392K)] 409492K->227320K(866368K), 0.0068320 secs] [Times: user=0.04 sys=0.01, real=0.00 secs] 
2014-07-09T01:07:39.842+0000: 1283.304: [GC [PSYoungGen: 179343K->684K(175552K)] 405815K->227556K(862528K), 0.0079890 secs] [Times: user=0.04 sys=0.00, real=0.01 secs] 
2014-07-09T01:07:40.457+0000: 1283.919: [GC [PSYoungGen: 175532K->1064K(172416K)] 402404K->228032K(859392K), 0.0050950 secs] [Times: user=0.02 sys=0.00, real=0.00 secs] 
2014-07-09T01:07:41.057+0000: 1284.519: [GC [PSYoungGen: 172392K->754K(168704K)] 399360K->227818K(855680K), 0.0038080 secs] [Times: user=0.02 sys=0.00, real=0.00 secs] 
2014-07-09T01:07:41.641+0000: 1285.103: [GC [PSYoungGen: 168624K->1157K(165888K)] 395688K->228317K(852864K), 0.0075760 secs] [Times: user=0.04 sys=0.00, real=0.01 secs] 
2014-07-09T01:07:42.221+0000: 1285.683: [GC [PSYoungGen: 165829K->740K(162240K)] 392989K->228380K(849216K), 0.0030140 secs] [Times: user=0.02 sys=0.00, real=0.00 secs] 
2014-07-09T01:07:42.778+0000: 1286.241: [GC [PSYoungGen: 162212K->940K(159360K)] 389852K->228684K(846336K), 0.0075860 secs] [Times: user=0.04 sys=0.00, real=0.00 secs] 
2014-07-09T01:07:43.334+0000: 1286.796: [GC [PSYoungGen: 159340K->676K(156096K)] 387084K->228642K(843072K), 0.0039480 secs] [Times: user=0.02 sys=0.00, real=0.01 secs] 
2014-07-09T01:07:43.879+0000: 1287.342: [GC [PSYoungGen: 156068K->1004K(153536K)] 384034K->229051K(840512K), 0.0036510 secs] [Times: user=0.02 sys=0.00, real=0.00 secs] 
2014-07-09T01:07:44.413+0000: 1287.875: [GC [PSYoungGen: 153497K->812K(150528K)] 381544K->228882K(837504K), 0.0069880 secs] [Times: user=0.02 sys=0.01, real=0.01 secs] 
2014-07-09T01:07:44.932+0000: 1288.394: [GC [PSYoungGen: 150506K->818K(180480K)] 378577K->228961K(867456K), 0.0107010 secs] [Times: user=0.06 sys=0.00, real=0.01 secs] 
2014-07-09T01:07:45.566+0000: 1289.028: [GC [PSYoungGen: 180466K->930K(216576K)] 408609K->229128K(903552K), 0.0113850 secs] [Times: user=0.08 sys=0.00, real=0.02 secs] 
2014-07-09T01:07:46.319+0000: 1289.781: [GC [PSYoungGen: 216546K->712K(259520K)] 444744K->228974K(946496K), 0.0039310 secs] [Times: user=0.01 sys=0.00, real=0.00 secs] 
2014-07-09T01:07:47.226+0000: 1290.688: [GC [PSYoungGen: 259464K->566K(311104K)] 487726K->228884K(998080K), 0.0073450 secs] [Times: user=0.04 sys=0.00, real=0.01 secs] 
2014-07-09T01:07:48.317+0000: 1291.779: [GC [PSYoungGen: 311094K->1042K(303168K)] 539412K->229433K(990144K), 0.0053880 secs] [Times: user=0.03 sys=0.00, real=0.00 secs] 
2014-07-09T01:07:49.396+0000: 1292.858: [GC [PSYoungGen: 303122K->780K(294784K)] 531513K->229234K(981760K), 0.0031200 secs] [Times: user=0.01 sys=0.00, real=0.01 secs] 
2014-07-09T01:07:50.413+0000: 1293.875: [GC [PSYoungGen: 294687K->842K(287040K)] 523141K->229329K(974016K), 0.0042160 secs] [Times: user=0.01 sys=0.00, real=0.00 secs] 
2014-07-09T01:07:51.414+0000: 1294.876: [GC [PSYoungGen: 286959K->983K(279680K)] 515446K->229526K(966656K), 0.0082110 secs] [Times: user=0.05 sys=0.00, real=0.01 secs] 
2014-07-09T01:07:52.388+0000: 1295.850: [GC [PSYoungGen: 279639K->712K(272192K)] 508182K->229326K(959168K), 0.0043700 secs] [Times: user=0.02 sys=0.00, real=0.01 secs] 
2014-07-09T01:07:53.341+0000: 1296.804: [GC [PSYoungGen: 272120K->812K(265344K)] 500735K->229792K(952320K), 0.0047550 secs] [Times: user=0.03 sys=0.01, real=0.00 secs] 
2014-07-09T01:07:54.284+0000: 1297.747: [GC [PSYoungGen: 265308K->897K(258816K)] 494288K->229973K(945792K), 0.0040290 secs] [Times: user=0.03 sys=0.01, real=0.01 secs] 
2014-07-09T01:07:55.187+0000: 1298.650: [GC [PSYoungGen: 258753K->754K(252224K)] 487829K->230013K(939200K), 0.0032300 secs] [Times: user=0.02 sys=0.00, real=0.01 secs] 
2014-07-09T01:07:56.066+0000: 1299.529: [GC [PSYoungGen: 252210K->886K(246144K)] 481469K->230177K(933120K), 0.0044610 secs] [Times: user=0.02 sys=0.00, real=0.01 secs] 
2014-07-09T01:07:56.916+0000: 1300.379: [GC [PSYoungGen: 246134K->929K(240256K)] 475425K->230342K(927232K), 0.0051560 secs] [Times: user=0.03 sys=0.00, real=0.01 secs] 
2014-07-09T01:07:57.762+0000: 1301.225: [GC [PSYoungGen: 240225K->758K(234304K)] 469638K->230227K(921280K), 0.0043810 secs] [Times: user=0.02 sys=0.00, real=0.00 secs] 
2014-07-09T01:07:58.580+0000: 1302.043: [GC [PSYoungGen: 234282K->894K(228928K)] 463751K->230559K(915904K), 0.0098640 secs] [Times: user=0.06 sys=0.00, real=0.01 secs] 
2014-07-09T01:07:59.392+0000: 1302.854: [GC [PSYoungGen: 228869K->779K(223552K)] 458534K->230540K(910528K), 0.0072450 secs] [Times: user=0.04 sys=0.00, real=0.01 secs] 
2014-07-09T01:08:00.173+0000: 1303.635: [GC [PSYoungGen: 223499K->754K(218368K)] 453260K->230645K(905344K), 0.0115120 secs] [Times: user=0.08 sys=0.00, real=0.01 secs] 
2014-07-09T01:08:00.934+0000: 1304.396: [GC [PSYoungGen: 218340K->912K(213632K)] 448231K->230851K(900608K), 0.0076300 secs] [Times: user=0.02 sys=0.00, real=0.01 secs] 
2014-07-09T01:08:01.677+0000: 1305.140: [GC [PSYoungGen: 213584K->626K(208512K)] 443523K->230933K(895488K), 0.0034910 secs] [Times: user=0.02 sys=0.00, real=0.01 secs] 
2014-07-09T01:08:02.408+0000: 1305.871: [GC [PSYoungGen: 208498K->658K(203968K)] 438805K->231013K(890944K), 0.0094060 secs] [Times: user=0.06 sys=0.00, real=0.01 secs] 
2014-07-09T01:08:03.123+0000: 1306.586: [GC [PSYoungGen: 203910K->840K(199680K)] 434266K->231299K(886656K), 0.0045210 secs] [Times: user=0.03 sys=0.00, real=0.00 secs] 
2014-07-09T01:08:03.817+0000: 1307.279: [GC [PSYoungGen: 199624K->512K(195008K)] 430083K->231035K(881984K), 0.0034110 secs] [Times: user=0.02 sys=0.00, real=0.01 secs] 
2014-07-09T01:08:04.506+0000: 1307.968: [GC [PSYoungGen: 194971K->848K(191232K)] 425494K->231427K(878208K), 0.0041770 secs] [Times: user=0.02 sys=0.00, real=0.01 secs] 
2014-07-09T01:08:05.172+0000: 1308.634: [GC [PSYoungGen: 191166K->772K(187136K)] 421745K->231423K(874112K), 0.0047790 secs] [Times: user=0.02 sys=0.00, real=0.00 secs] 
2014-07-09T01:08:05.816+0000: 1309.279: [GC [PSYoungGen: 187076K->512K(182912K)] 417727K->231243K(869888K), 0.0071250 secs] [Times: user=0.04 sys=0.00, real=0.01 secs] 
2014-07-09T01:08:06.436+0000: 1309.899: [GC [PSYoungGen: 182911K->922K(179584K)] 413643K->231701K(866560K), 0.0054320 secs] [Times: user=0.02 sys=0.00, real=0.01 secs] 
2014-07-09T01:08:07.054+0000: 1310.516: [GC [PSYoungGen: 179546K->630K(175616K)] 410325K->231465K(862592K), 0.0093040 secs] [Times: user=0.05 sys=0.01, real=0.01 secs] 
2014-07-09T01:08:07.674+0000: 1311.136: [GC [PSYoungGen: 175606K->1067K(211072K)] 406441K->231974K(898048K), 0.0076230 secs] [Times: user=0.05 sys=0.01, real=0.01 secs] 
2014-07-09T01:08:08.414+0000: 1311.876: [GC [PSYoungGen: 211051K->548K(205888K)] 441958K->231495K(892864K), 0.0062190 secs] [Times: user=0.02 sys=0.00, real=0.00 secs] 
2014-07-09T01:08:09.141+0000: 1312.603: [GC [PSYoungGen: 205860K->580K(247040K)] 436807K->231567K(934016K), 0.0101580 secs] [Times: user=0.05 sys=0.00, real=0.01 secs] 
2014-07-09T01:08:10.005+0000: 1313.467: [GC [PSYoungGen: 246950K->754K(241152K)] 477938K->231829K(928128K), 0.0037580 secs] [Times: user=0.02 sys=0.00, real=0.00 secs] 
2014-07-09T01:08:10.836+0000: 1314.298: [GC [PSYoungGen: 241114K->708K(235392K)] 472189K->231855K(922368K), 0.0106240 secs] [Times: user=0.05 sys=0.00, real=0.01 secs] 
2014-07-09T01:08:11.664+0000: 1315.126: [GC [PSYoungGen: 235332K->826K(229888K)] 466479K->232069K(916864K), 0.0060980 secs] [Times: user=0.04 sys=0.00, real=0.00 secs] 
2014-07-09T01:08:12.466+0000: 1315.928: [GC [PSYoungGen: 229882K->626K(275520K)] 461125K->231941K(962496K), 0.0110430 secs] [Times: user=0.07 sys=0.00, real=0.01 secs] 
2014-07-09T01:08:13.429+0000: 1316.891: [GC [PSYoungGen: 275459K->612K(268480K)] 506774K->231999K(955456K), 0.0073360 secs] [Times: user=0.05 sys=0.00, real=0.01 secs] 
2014-07-09T01:08:14.377+0000: 1317.839: [GC [PSYoungGen: 268452K->744K(261824K)] 499839K->232195K(948800K), 0.0066330 secs] [Times: user=0.04 sys=0.00, real=0.01 secs] 
2014-07-09T01:08:15.316+0000: 1318.778: [GC [PSYoungGen: 261800K->904K(255488K)] 493251K->232435K(942464K), 0.0085090 secs] [Times: user=0.05 sys=0.00, real=0.01 secs] 
2014-07-09T01:08:16.195+0000: 1319.657: [GC [PSYoungGen: 255431K->876K(249152K)] 486962K->232471K(936128K), 0.0074130 secs] [Times: user=0.05 sys=0.00, real=0.01 secs] 
2014-07-09T01:08:17.080+0000: 1320.542: [GC [PSYoungGen: 249132K->488K(242688K)] 480727K->232397K(929664K), 0.0032780 secs] [Times: user=0.02 sys=0.00, real=0.01 secs] 
2014-07-09T01:08:17.919+0000: 1321.381: [GC [PSYoungGen: 242664K->1044K(237440K)] 474573K->233067K(924416K), 0.0055620 secs] [Times: user=0.03 sys=0.00, real=0.01 secs] 
2014-07-09T01:08:18.759+0000: 1322.222: [GC [PSYoungGen: 237396K->576K(231296K)] 469419K->232795K(918272K), 0.0071690 secs] [Times: user=0.04 sys=0.01, real=0.01 secs] 
2014-07-09T01:08:19.559+0000: 1323.021: [GC [PSYoungGen: 231295K->794K(226112K)] 463515K->233093K(913088K), 0.0073810 secs] [Times: user=0.05 sys=0.00, real=0.01 secs] 
2014-07-09T01:08:20.344+0000: 1323.806: [GC [PSYoungGen: 226074K->930K(220992K)] 458373K->233293K(907968K), 0.0089880 secs] [Times: user=0.05 sys=0.00, real=0.01 secs] 
2014-07-09T01:08:21.113+0000: 1324.575: [GC [PSYoungGen: 220962K->818K(215808K)] 453325K->233261K(902784K), 0.0082090 secs] [Times: user=0.04 sys=0.00, real=0.00 secs] 
2014-07-09T01:08:21.889+0000: 1325.351: [GC [PSYoungGen: 215794K->576K(210688K)] 448237K->233123K(897664K), 0.0071570 secs] [Times: user=0.05 sys=0.00, real=0.01 secs] 
2014-07-09T01:08:22.633+0000: 1326.096: [GC [PSYoungGen: 210688K->690K(206144K)] 443235K->233341K(893120K), 0.0085080 secs] [Times: user=0.04 sys=0.00, real=0.00 secs] 
2014-07-09T01:08:23.356+0000: 1326.818: [GC [PSYoungGen: 206130K->758K(201664K)] 438781K->233505K(888640K), 0.0040310 secs] [Times: user=0.02 sys=0.00, real=0.00 secs] 
2014-07-09T01:08:24.058+0000: 1327.521: [GC [PSYoungGen: 201590K->808K(197376K)] 434337K->233635K(884352K), 0.0059310 secs] [Times: user=0.04 sys=0.00, real=0.01 secs] 
2014-07-09T01:08:24.750+0000: 1328.212: [GC [PSYoungGen: 197352K->638K(236544K)] 430179K->233611K(923520K), 0.0156690 secs] [Times: user=0.10 sys=0.00, real=0.02 secs] 
2014-07-09T01:08:25.563+0000: 1329.025: [GC [PSYoungGen: 236500K->947K(284096K)] 469473K->234000K(971072K), 0.0083730 secs] [Times: user=0.05 sys=0.01, real=0.00 secs] 
2014-07-09T01:08:26.559+0000: 1330.022: [GC [PSYoungGen: 284083K->530K(276352K)] 517136K->233663K(963328K), 0.0032780 secs] [Times: user=0.02 sys=0.00, real=0.00 secs] 
2014-07-09T01:08:27.521+0000: 1330.983: [GC [PSYoungGen: 276306K->416K(293952K)] 509439K->233581K(980928K), 0.0121450 secs] [Times: user=0.07 sys=0.00, real=0.02 secs] 
2014-07-09T01:08:28.541+0000: 1332.003: [GC [PSYoungGen: 293216K->662K(285760K)] 526381K->233923K(972736K), 0.0079690 secs] [Times: user=0.05 sys=0.00, real=0.01 secs] 
2014-07-09T01:08:29.553+0000: 1333.016: [GC [PSYoungGen: 285718K->580K(278272K)] 518979K->233937K(965248K), 0.0071050 secs] [Times: user=0.04 sys=0.00, real=0.01 secs] 
2014-07-09T01:08:30.510+0000: 1333.972: [GC [PSYoungGen: 278190K->886K(271360K)] 511548K->234347K(958336K), 0.0051630 secs] [Times: user=0.03 sys=0.00, real=0.01 secs] 
2014-07-09T01:08:31.438+0000: 1334.900: [GC [PSYoungGen: 271350K->762K(264320K)] 504811K->234311K(951296K), 0.0037060 secs] [Times: user=0.02 sys=0.01, real=0.00 secs] 
2014-07-09T01:08:32.357+0000: 1335.820: [GC [PSYoungGen: 264310K->694K(257600K)] 497859K->234531K(944576K), 0.0055290 secs] [Times: user=0.03 sys=0.00, real=0.00 secs] 
2014-07-09T01:08:33.263+0000: 1336.725: [GC [PSYoungGen: 257590K->630K(251136K)] 491427K->234515K(938112K), 0.0093820 secs] [Times: user=0.05 sys=0.00, real=0.01 secs] 
2014-07-09T01:08:34.150+0000: 1337.612: [GC [PSYoungGen: 251126K->740K(245120K)] 485011K->234705K(932096K), 0.0046170 secs] [Times: user=0.03 sys=0.00, real=0.01 secs] 
2014-07-09T01:08:35.003+0000: 1338.465: [GC [PSYoungGen: 245054K->847K(239360K)] 479019K->234876K(926336K), 0.0069140 secs] [Times: user=0.04 sys=0.00, real=0.01 secs] 
2014-07-09T01:08:35.836+0000: 1339.299: [GC [PSYoungGen: 239311K->530K(233344K)] 473340K->234697K(920320K), 0.0058450 secs] [Times: user=0.04 sys=0.00, real=0.00 secs] 
2014-07-09T01:08:36.642+0000: 1340.105: [GC [PSYoungGen: 233297K->730K(228032K)] 467464K->234969K(915008K), 0.0051170 secs] [Times: user=0.03 sys=0.01, real=0.01 secs] 
2014-07-09T01:08:37.452+0000: 1340.915: [GC [PSYoungGen: 227994K->836K(222848K)] 462233K->235171K(909824K), 0.0090960 secs] [Times: user=0.06 sys=0.00, real=0.01 secs] 
2014-07-09T01:08:38.221+0000: 1341.684: [GC [PSYoungGen: 222788K->776K(217664K)] 457123K->235191K(904640K), 0.0052860 secs] [Times: user=0.03 sys=0.00, real=0.01 secs] 
2014-07-09T01:08:38.971+0000: 1342.433: [GC [PSYoungGen: 217583K->488K(212416K)] 451998K->235255K(899392K), 0.0090020 secs] [Times: user=0.05 sys=0.00, real=0.01 secs] 
2014-07-09T01:08:39.717+0000: 1343.179: [GC [PSYoungGen: 212392K->976K(208192K)] 447159K->235839K(895168K), 0.0058450 secs] [Times: user=0.03 sys=0.01, real=0.00 secs] 
2014-07-09T01:08:40.492+0000: 1343.954: [GC [PSYoungGen: 208144K->676K(203264K)] 443007K->236038K(890240K), 0.0091030 secs] [Times: user=0.06 sys=0.00, real=0.01 secs] 
2014-07-09T01:08:41.150+0000: 1344.612: [GC [PSYoungGen: 203236K->776K(198976K)] 438598K->236225K(885952K), 0.0070240 secs] [Times: user=0.04 sys=0.00, real=0.01 secs] 
2014-07-09T01:08:41.837+0000: 1345.299: [GC [PSYoungGen: 198920K->730K(194624K)] 434369K->236401K(881600K), 0.0059060 secs] [Times: user=0.03 sys=0.01, real=0.00 secs] 
2014-07-09T01:08:42.515+0000: 1345.977: [GC [PSYoungGen: 194586K->530K(190272K)] 430257K->236273K(877248K), 0.0070700 secs] [Times: user=0.02 sys=0.01, real=0.01 secs] 
2014-07-09T01:08:43.186+0000: 1346.648: [GC [PSYoungGen: 190226K->562K(186304K)] 425969K->236377K(873280K), 0.0057910 secs] [Times: user=0.03 sys=0.00, real=0.01 secs] 
2014-07-09T01:08:43.829+0000: 1347.291: [GC [PSYoungGen: 186290K->644K(182592K)] 422105K->236555K(869568K), 0.0083240 secs] [Times: user=0.06 sys=0.00, real=0.01 secs] 
2014-07-09T01:08:44.454+0000: 1347.917: [GC [PSYoungGen: 182532K->1106K(219456K)] 418443K->237122K(906432K), 0.0067180 secs] [Times: user=0.04 sys=0.00, real=0.01 secs] 
2014-07-09T01:08:45.227+0000: 1348.690: [GC [PSYoungGen: 219394K->654K(214016K)] 455410K->236726K(900992K), 0.0034830 secs] [Times: user=0.01 sys=0.00, real=0.00 secs] 
2014-07-09T01:08:45.986+0000: 1349.448: [GC [PSYoungGen: 213966K->594K(209152K)] 450038K->236753K(896128K), 0.0056360 secs] [Times: user=0.04 sys=0.00, real=0.01 secs] 
2014-07-09T01:08:46.724+0000: 1350.186: [GC [PSYoungGen: 209106K->626K(204544K)] 445265K->236897K(891520K), 0.0052530 secs] [Times: user=0.02 sys=0.00, real=0.01 secs] 
2014-07-09T01:08:47.436+0000: 1350.898: [GC [PSYoungGen: 204530K->844K(200320K)] 440801K->237163K(887296K), 0.0049280 secs] [Times: user=0.01 sys=0.00, real=0.01 secs] 
2014-07-09T01:08:48.138+0000: 1351.601: [GC [PSYoungGen: 200268K->562K(195712K)] 436587K->236969K(882688K), 0.0043450 secs] [Times: user=0.02 sys=0.01, real=0.00 secs] 
2014-07-09T01:08:48.822+0000: 1352.284: [GC [PSYoungGen: 195687K->1000K(192000K)] 432094K->237639K(878976K), 0.0035680 secs] [Times: user=0.02 sys=0.00, real=0.00 secs] 
2014-07-09T01:08:49.490+0000: 1352.952: [GC [PSYoungGen: 191976K->944K(187904K)] 428615K->237663K(874880K), 0.0088200 secs] [Times: user=0.06 sys=0.00, real=0.01 secs] 
2014-07-09T01:08:50.153+0000: 1353.615: [GC [PSYoungGen: 187888K->718K(183808K)] 424607K->237501K(870784K), 0.0084860 secs] [Times: user=0.05 sys=0.00, real=0.01 secs] 
2014-07-09T01:08:50.799+0000: 1354.261: [GC [PSYoungGen: 183717K->740K(180032K)] 420500K->237602K(867008K), 0.0039070 secs] [Times: user=0.01 sys=0.00, real=0.00 secs] 
2014-07-09T01:08:51.427+0000: 1354.889: [GC [PSYoungGen: 180004K->562K(176192K)] 416866K->237528K(863168K), 0.0072770 secs] [Times: user=0.04 sys=0.00, real=0.01 secs] 
2014-07-09T01:08:52.046+0000: 1355.508: [GC [PSYoungGen: 176168K->886K(211648K)] 413135K->237909K(898624K), 0.0083550 secs] [Times: user=0.05 sys=0.01, real=0.01 secs] 
2014-07-09T01:08:52.788+0000: 1356.250: [GC [PSYoungGen: 211638K->798K(253760K)] 448661K->237869K(940736K), 0.0095890 secs] [Times: user=0.06 sys=0.00, real=0.01 secs] 
2014-07-09T01:08:53.692+0000: 1357.155: [GC [PSYoungGen: 253726K->794K(304384K)] 490797K->237953K(991360K), 0.0087390 secs] [Times: user=0.05 sys=0.00, real=0.01 secs] 
2014-07-09T01:08:54.754+0000: 1358.216: [GC [PSYoungGen: 304346K->808K(296192K)] 541505K->238046K(983168K), 0.0038540 secs] [Times: user=0.02 sys=0.00, real=0.01 secs] 
2014-07-09T01:08:55.799+0000: 1359.261: [GC [PSYoungGen: 296168K->562K(288064K)] 533406K->237880K(975040K), 0.0085850 secs] [Times: user=0.05 sys=0.00, real=0.00 secs] 
2014-07-09T01:08:56.811+0000: 1360.273: [GC [PSYoungGen: 288050K->598K(280576K)] 525368K->237980K(967552K), 0.0081930 secs] [Times: user=0.05 sys=0.00, real=0.01 secs] 
2014-07-09T01:08:57.783+0000: 1361.245: [GC [PSYoungGen: 280534K->708K(273472K)] 517916K->238162K(960448K), 0.0061660 secs] [Times: user=0.04 sys=0.00, real=0.01 secs] 
2014-07-09T01:08:58.740+0000: 1362.202: [GC [PSYoungGen: 273412K->548K(266304K)] 510866K->238090K(953280K), 0.0032610 secs] [Times: user=0.02 sys=0.00, real=0.00 secs] 
2014-07-09T01:08:59.692+0000: 1363.154: [GC [PSYoungGen: 266245K->978K(260032K)] 503788K->238593K(947008K), 0.0061260 secs] [Times: user=0.03 sys=0.00, real=0.01 secs] 
2014-07-09T01:09:00.609+0000: 1364.071: [GC [PSYoungGen: 259985K->740K(253312K)] 497600K->238549K(940288K), 0.0078310 secs] [Times: user=0.04 sys=0.00, real=0.00 secs] 
2014-07-09T01:09:01.503+0000: 1364.965: [GC [PSYoungGen: 253234K->808K(247168K)] 491043K->238729K(934144K), 0.0049140 secs] [Times: user=0.03 sys=0.00, real=0.00 secs] 
2014-07-09T01:09:02.368+0000: 1365.831: [GC [PSYoungGen: 247144K->876K(241216K)] 485065K->238951K(928192K), 0.0064840 secs] [Times: user=0.04 sys=0.00, real=0.01 secs] 
2014-07-09T01:09:03.211+0000: 1366.674: [GC [PSYoungGen: 241194K->744K(235328K)] 479269K->238891K(922304K), 0.0060540 secs] [Times: user=0.04 sys=0.01, real=0.00 secs] 
2014-07-09T01:09:04.032+0000: 1367.494: [GC [PSYoungGen: 235304K->940K(229952K)] 473451K->239233K(916928K), 0.0055890 secs] [Times: user=0.04 sys=0.00, real=0.00 secs] 
2014-07-09T01:09:04.835+0000: 1368.298: [GC [PSYoungGen: 229932K->676K(224320K)] 468225K->239049K(911296K), 0.0083650 secs] [Times: user=0.05 sys=0.00, real=0.01 secs] 
2014-07-09T01:09:05.611+0000: 1369.074: [GC [PSYoungGen: 224292K->562K(219008K)] 462665K->239006K(905984K), 0.0052610 secs] [Times: user=0.03 sys=0.00, real=0.00 secs] 
2014-07-09T01:09:06.376+0000: 1369.839: [GC [PSYoungGen: 218994K->882K(263040K)] 457438K->239375K(950016K), 0.0160890 secs] [Times: user=0.09 sys=0.00, real=0.02 secs] 
2014-07-09T01:09:07.312+0000: 1370.774: [GC [PSYoungGen: 263004K->992K(256576K)] 501497K->240013K(943552K), 0.0044880 secs] [Times: user=0.03 sys=0.01, real=0.00 secs] 
2014-07-09T01:09:08.212+0000: 1371.674: [GC [PSYoungGen: 256518K->1210K(250432K)] 495539K->240303K(937408K), 0.0110790 secs] [Times: user=0.06 sys=0.00, real=0.01 secs] 
2014-07-09T01:09:09.093+0000: 1372.555: [GC [PSYoungGen: 250426K->736K(243904K)] 489519K->239983K(930880K), 0.0036450 secs] [Times: user=0.01 sys=0.00, real=0.00 secs] 
2014-07-09T01:09:09.928+0000: 1373.390: [GC [PSYoungGen: 243850K->861K(238144K)] 483097K->240212K(925120K), 0.0070620 secs] [Times: user=0.04 sys=0.00, real=0.01 secs] 
2014-07-09T01:09:10.774+0000: 1374.236: [GC [PSYoungGen: 238109K->1324K(232960K)] 477460K->241053K(919936K), 0.0042440 secs] [Times: user=0.02 sys=0.00, real=0.00 secs] 
2014-07-09T01:09:11.575+0000: 1375.037: [GC [PSYoungGen: 232940K->594K(226816K)] 472669K->240387K(913792K), 0.0064550 secs] [Times: user=0.04 sys=0.00, real=0.01 secs] 
2014-07-09T01:09:12.360+0000: 1375.822: [GC [PSYoungGen: 226770K->818K(221760K)] 466563K->240717K(908736K), 0.0079030 secs] [Times: user=0.05 sys=0.00, real=0.01 secs] 
2014-07-09T01:09:13.133+0000: 1376.596: [GC [PSYoungGen: 221723K->761K(216640K)] 461622K->240716K(903616K), 0.0039630 secs] [Times: user=0.02 sys=0.00, real=0.00 secs] 
2014-07-09T01:09:13.891+0000: 1377.353: [GC [PSYoungGen: 216633K->804K(211840K)] 456588K->240871K(898816K), 0.0049310 secs] [Times: user=0.03 sys=0.00, real=0.00 secs] 
2014-07-09T01:09:14.635+0000: 1378.098: [GC [PSYoungGen: 211782K->844K(207168K)] 451850K->240999K(894144K), 0.0134210 secs] [Times: user=0.09 sys=0.00, real=0.01 secs] 
2014-07-09T01:09:15.347+0000: 1378.809: [GC [PSYoungGen: 207116K->794K(202560K)] 447271K->241053K(889536K), 0.0051640 secs] [Times: user=0.03 sys=0.01, real=0.01 secs] 
2014-07-09T01:09:16.066+0000: 1379.528: [GC [PSYoungGen: 202501K->644K(198016K)] 442761K->240959K(884992K), 0.0047730 secs] [Times: user=0.02 sys=0.00, real=0.01 secs] 
2014-07-09T01:09:16.745+0000: 1380.208: [GC [PSYoungGen: 197956K->932K(194048K)] 438271K->241320K(881024K), 0.0079440 secs] [Times: user=0.05 sys=0.01, real=0.01 secs] 
2014-07-09T01:09:17.419+0000: 1380.882: [GC [PSYoungGen: 194020K->876K(189888K)] 434408K->241327K(876864K), 0.0068160 secs] [Times: user=0.04 sys=0.00, real=0.01 secs] 
2014-07-09T01:09:18.079+0000: 1381.542: [GC [PSYoungGen: 189868K->786K(185856K)] 430319K->241325K(872832K), 0.0056890 secs] [Times: user=0.04 sys=0.00, real=0.01 secs] 
2014-07-09T01:09:18.728+0000: 1382.190: [GC [PSYoungGen: 185785K->890K(222976K)] 426324K->241493K(909952K), 0.0091360 secs] [Times: user=0.06 sys=0.00, real=0.01 secs] 
2014-07-09T01:09:19.496+0000: 1382.958: [GC [PSYoungGen: 222970K->662K(267200K)] 463573K->241353K(954176K), 0.0084850 secs] [Times: user=0.05 sys=0.00, real=0.01 secs] 
2014-07-09T01:09:20.428+0000: 1383.891: [GC [PSYoungGen: 267158K->772K(260608K)] 507849K->241551K(947584K), 0.0064210 secs] [Times: user=0.04 sys=0.00, real=0.01 secs] 
2014-07-09T01:09:21.358+0000: 1384.821: [GC [PSYoungGen: 260548K->798K(254144K)] 501327K->241633K(941120K), 0.0038290 secs] [Times: user=0.02 sys=0.01, real=0.01 secs] 
2014-07-09T01:09:22.235+0000: 1385.697: [GC [PSYoungGen: 254110K->780K(247872K)] 494945K->241687K(934848K), 0.0058280 secs] [Times: user=0.04 sys=0.00, real=0.00 secs] 
2014-07-09T01:09:23.113+0000: 1386.575: [GC [PSYoungGen: 247820K->818K(241856K)] 488727K->241805K(928832K), 0.0041990 secs] [Times: user=0.03 sys=0.00, real=0.00 secs] 
2014-07-09T01:09:23.968+0000: 1387.431: [GC [PSYoungGen: 241842K->890K(236160K)] 482829K->241941K(923136K), 0.0070140 secs] [Times: user=0.03 sys=0.01, real=0.01 secs] 
2014-07-09T01:09:24.798+0000: 1388.260: [GC [PSYoungGen: 236154K->644K(230400K)] 477205K->241799K(917376K), 0.0059530 secs] [Times: user=0.04 sys=0.01, real=0.01 secs] 
2014-07-09T01:09:25.599+0000: 1389.061: [GC [PSYoungGen: 230321K->868K(225216K)] 471476K->242079K(912192K), 0.0056140 secs] [Times: user=0.03 sys=0.00, real=0.01 secs] 
2014-07-09T01:09:26.378+0000: 1389.840: [GC [PSYoungGen: 225188K->758K(219904K)] 466399K->242033K(906880K), 0.0061920 secs] [Times: user=0.04 sys=0.01, real=0.01 secs] 
2014-07-09T01:09:27.164+0000: 1390.626: [GC [PSYoungGen: 219893K->904K(215104K)] 461168K->242227K(902080K), 0.0040910 secs] [Times: user=0.02 sys=0.00, real=0.00 secs] 
2014-07-09T01:09:27.912+0000: 1391.374: [GC [PSYoungGen: 215048K->480K(209856K)] 456371K->241859K(896832K), 0.0077340 secs] [Times: user=0.03 sys=0.00, real=0.01 secs] 
2014-07-09T01:09:28.642+0000: 1392.104: [GC [PSYoungGen: 209824K->786K(205504K)] 451203K->242238K(892480K), 0.0051170 secs] [Times: user=0.04 sys=0.00, real=0.01 secs] 
2014-07-09T01:09:29.357+0000: 1392.819: [GC [PSYoungGen: 205458K->694K(200896K)] 446910K->242193K(887872K), 0.0040940 secs] [Times: user=0.02 sys=0.00, real=0.00 secs] 
2014-07-09T01:09:30.047+0000: 1393.510: [GC [PSYoungGen: 200867K->1064K(196928K)] 442367K->242628K(883904K), 0.0043260 secs] [Times: user=0.02 sys=0.00, real=0.00 secs] 
2014-07-09T01:09:30.731+0000: 1394.193: [GC [PSYoungGen: 196904K->552K(192192K)] 438468K->242459K(879168K), 0.0045460 secs] [Times: user=0.02 sys=0.01, real=0.01 secs] 
2014-07-09T01:09:31.396+0000: 1394.859: [GC [PSYoungGen: 192168K->1056K(188672K)] 434075K->243036K(875648K), 0.0030390 secs] [Times: user=0.01 sys=0.00, real=0.00 secs] 
2014-07-09T01:09:32.057+0000: 1395.519: [GC [PSYoungGen: 188640K->708K(184448K)] 430620K->242759K(871424K), 0.0078110 secs] [Times: user=0.05 sys=0.00, real=0.01 secs] 
2014-07-09T01:09:32.705+0000: 1396.167: [GC [PSYoungGen: 184388K->512K(180416K)] 426439K->242643K(867392K), 0.0111060 secs] [Times: user=0.07 sys=0.00, real=0.01 secs] 
2014-07-09T01:09:33.335+0000: 1396.797: [GC [PSYoungGen: 180416K->658K(176960K)] 422547K->242861K(863936K), 0.0058680 secs] [Times: user=0.04 sys=0.00, real=0.00 secs] 
2014-07-09T01:09:33.948+0000: 1397.410: [GC [PSYoungGen: 176914K->782K(212352K)] 419117K->243041K(899328K), 0.0142280 secs] [Times: user=0.09 sys=0.00, real=0.01 secs] 
2014-07-09T01:09:34.695+0000: 1398.157: [GC [PSYoungGen: 212302K->876K(254720K)] 454561K->243215K(941696K), 0.0072130 secs] [Times: user=0.04 sys=0.00, real=0.00 secs] 
2014-07-09T01:09:35.575+0000: 1399.037: [GC [PSYoungGen: 254700K->736K(293632K)] 497039K->243155K(980608K), 0.0054720 secs] [Times: user=0.03 sys=0.00, real=0.00 secs] 
2014-07-09T01:09:36.599+0000: 1400.061: [GC [PSYoungGen: 293146K->808K(285504K)] 535566K->243260K(972480K), 0.0042880 secs] [Times: user=0.02 sys=0.00, real=0.00 secs] 
2014-07-09T01:09:37.601+0000: 1401.063: [GC [PSYoungGen: 285480K->876K(278144K)] 527931K->243407K(965120K), 0.0050300 secs] [Times: user=0.03 sys=0.00, real=0.01 secs] 
2014-07-09T01:09:38.579+0000: 1402.041: [GC [PSYoungGen: 278124K->637K(270720K)] 520655K->243422K(957696K), 0.0074300 secs] [Times: user=0.05 sys=0.00, real=0.01 secs] 
2014-07-09T01:09:39.538+0000: 1403.001: [GC [PSYoungGen: 270717K->608K(263872K)] 513502K->243481K(950848K), 0.0066410 secs] [Times: user=0.04 sys=0.00, real=0.01 secs] 
2014-07-09T01:09:40.451+0000: 1403.913: [GC [PSYoungGen: 263840K->890K(257536K)] 506713K->243851K(944512K), 0.0029000 secs] [Times: user=0.02 sys=0.00, real=0.00 secs] 
2014-07-09T01:09:41.354+0000: 1404.816: [GC [PSYoungGen: 257452K->968K(251264K)] 500414K->243993K(938240K), 0.0036490 secs] [Times: user=0.02 sys=0.00, real=0.01 secs] 
2014-07-09T01:09:42.217+0000: 1405.679: [GC [PSYoungGen: 251208K->438K(244544K)] 494233K->243815K(931520K), 0.0053440 secs] [Times: user=0.03 sys=0.00, real=0.00 secs] 
2014-07-09T01:09:43.066+0000: 1406.528: [GC [PSYoungGen: 244511K->818K(239040K)] 487888K->244252K(926016K), 0.0047940 secs] [Times: user=0.02 sys=0.00, real=0.00 secs] 
2014-07-09T01:09:43.911+0000: 1407.373: [GC [PSYoungGen: 238976K->762K(233280K)] 482410K->244275K(920256K), 0.0044740 secs] [Times: user=0.02 sys=0.00, real=0.01 secs] 
2014-07-09T01:09:44.727+0000: 1408.189: [GC [PSYoungGen: 233274K->662K(227712K)] 476787K->244255K(914688K), 0.0037800 secs] [Times: user=0.02 sys=0.00, real=0.00 secs] 
2014-07-09T01:09:45.522+0000: 1408.985: [GC [PSYoungGen: 227666K->644K(222400K)] 471260K->244301K(909376K), 0.0062640 secs] [Times: user=0.03 sys=0.00, real=0.01 secs] 
2014-07-09T01:09:46.289+0000: 1409.751: [GC [PSYoungGen: 222304K->826K(217408K)] 465961K->244539K(904384K), 0.0082200 secs] [Times: user=0.04 sys=0.00, real=0.01 secs] 
2014-07-09T01:09:47.042+0000: 1410.504: [GC [PSYoungGen: 217402K->690K(212352K)] 461115K->244443K(899328K), 0.0052070 secs] [Times: user=0.02 sys=0.00, real=0.01 secs] 
2014-07-09T01:09:47.783+0000: 1411.245: [GC [PSYoungGen: 212315K->701K(207616K)] 456069K->244519K(894592K), 0.0033540 secs] [Times: user=0.02 sys=0.00, real=0.01 secs] 
2014-07-09T01:09:48.523+0000: 1411.985: [GC [PSYoungGen: 207613K->794K(203200K)] 451431K->244699K(890176K), 0.0058860 secs] [Times: user=0.04 sys=0.00, real=0.01 secs] 
2014-07-09T01:09:49.226+0000: 1412.688: [GC [PSYoungGen: 203162K->700K(198656K)] 447067K->244646K(885632K), 0.0055670 secs] [Times: user=0.03 sys=0.00, real=0.00 secs] 
2014-07-09T01:09:49.915+0000: 1413.377: [GC [PSYoungGen: 198652K->544K(194240K)] 442598K->245062K(881216K), 0.0062360 secs] [Times: user=0.04 sys=0.01, real=0.01 secs] 
2014-07-09T01:09:50.592+0000: 1414.054: [GC [PSYoungGen: 194208K->612K(190208K)] 438726K->245194K(877184K), 0.0067000 secs] [Times: user=0.04 sys=0.00, real=0.01 secs] 
2014-07-09T01:09:51.259+0000: 1414.721: [GC [PSYoungGen: 190180K->762K(186368K)] 434762K->245408K(873344K), 0.0068110 secs] [Times: user=0.02 sys=0.01, real=0.00 secs] 
2014-07-09T01:09:51.916+0000: 1415.378: [GC [PSYoungGen: 186334K->794K(223552K)] 430980K->245488K(910528K), 0.0185310 secs] [Times: user=0.12 sys=0.00, real=0.02 secs] 
2014-07-09T01:09:52.690+0000: 1416.152: [GC [PSYoungGen: 223514K->630K(267904K)] 468208K->245552K(954880K), 0.0057330 secs] [Times: user=0.03 sys=0.00, real=0.00 secs] 
2014-07-09T01:09:53.629+0000: 1417.091: [GC [PSYoungGen: 267894K->680K(298048K)] 512816K->245642K(985024K), 0.0070730 secs] [Times: user=0.02 sys=0.00, real=0.00 secs] 
2014-07-09T01:09:54.662+0000: 1418.125: [GC [PSYoungGen: 297640K->676K(289728K)] 542602K->245710K(976704K), 0.0067200 secs] [Times: user=0.03 sys=0.00, real=0.01 secs] 
2014-07-09T01:09:55.688+0000: 1419.150: [GC [PSYoungGen: 289689K->498K(281920K)] 534724K->245596K(968896K), 0.0039610 secs] [Times: user=0.01 sys=0.00, real=0.00 secs] 
2014-07-09T01:09:56.658+0000: 1420.121: [GC [PSYoungGen: 281906K->1000K(275136K)] 527004K->246220K(962112K), 0.0040360 secs] [Times: user=0.01 sys=0.00, real=0.00 secs] 
2014-07-09T01:09:57.638+0000: 1421.100: [GC [PSYoungGen: 275112K->816K(267904K)] 520332K->246084K(954880K), 0.0058090 secs] [Times: user=0.03 sys=0.00, real=0.00 secs] 
2014-07-09T01:09:58.576+0000: 1422.038: [GC [PSYoungGen: 267888K->626K(260928K)] 513156K->246074K(947904K), 0.0069010 secs] [Times: user=0.04 sys=0.00, real=0.01 secs] 
2014-07-09T01:09:59.488+0000: 1422.950: [GC [PSYoungGen: 260914K->780K(254592K)] 506362K->246284K(941568K), 0.0033740 secs] [Times: user=0.02 sys=0.00, real=0.00 secs] 
2014-07-09T01:10:00.388+0000: 1423.850: [GC [PSYoungGen: 254540K->712K(248256K)] 500044K->246280K(935232K), 0.0067760 secs] [Times: user=0.04 sys=0.00, real=0.00 secs] 
2014-07-09T01:10:01.245+0000: 1424.707: [GC [PSYoungGen: 248200K->910K(242432K)] 493768K->246558K(929408K), 0.0039380 secs] [Times: user=0.03 sys=0.00, real=0.01 secs] 
2014-07-09T01:10:02.102+0000: 1425.564: [GC [PSYoungGen: 242374K->506K(236160K)] 488023K->246496K(923136K), 0.0053720 secs] [Times: user=0.03 sys=0.01, real=0.00 secs] 
2014-07-09T01:10:02.929+0000: 1426.391: [GC [PSYoungGen: 236154K->776K(230912K)] 482144K->246846K(917888K), 0.0038240 secs] [Times: user=0.02 sys=0.00, real=0.00 secs] 
2014-07-09T01:10:03.743+0000: 1427.205: [GC [PSYoungGen: 230838K->530K(225280K)] 476909K->246672K(912256K), 0.0050470 secs] [Times: user=0.03 sys=0.00, real=0.01 secs] 
2014-07-09T01:10:04.525+0000: 1427.987: [GC [PSYoungGen: 225234K->1024K(220608K)] 471376K->247263K(907584K), 0.0083840 secs] [Times: user=0.05 sys=0.01, real=0.01 secs] 
2014-07-09T01:10:05.302+0000: 1428.765: [GC [PSYoungGen: 220509K->516K(215104K)] 466747K->246770K(902080K), 0.0082040 secs] [Times: user=0.02 sys=0.00, real=0.01 secs] 
2014-07-09T01:10:06.051+0000: 1429.513: [GC [PSYoungGen: 215044K->790K(210496K)] 461298K->247116K(897472K), 0.0035770 secs] [Times: user=0.02 sys=0.00, real=0.00 secs] 
2014-07-09T01:10:06.796+0000: 1430.258: [GC [PSYoungGen: 210454K->480K(205504K)] 456780K->246846K(892480K), 0.0058880 secs] [Times: user=0.02 sys=0.00, real=0.01 secs] 
2014-07-09T01:10:07.512+0000: 1430.974: [GC [PSYoungGen: 205472K->830K(201344K)] 451838K->247268K(888320K), 0.0039840 secs] [Times: user=0.02 sys=0.00, real=0.00 secs] 
2014-07-09T01:10:08.225+0000: 1431.688: [GC [PSYoungGen: 201342K->662K(196864K)] 447780K->247148K(883840K), 0.0038980 secs] [Times: user=0.02 sys=0.00, real=0.01 secs] 
2014-07-09T01:10:08.913+0000: 1432.376: [GC [PSYoungGen: 196796K->858K(192832K)] 443283K->247448K(879808K), 0.0058520 secs] [Times: user=0.04 sys=0.00, real=0.01 secs] 
2014-07-09T01:10:09.592+0000: 1433.055: [GC [PSYoungGen: 192794K->758K(188608K)] 439384K->247412K(875584K), 0.0070070 secs] [Times: user=0.03 sys=0.00, real=0.01 secs] 
2014-07-09T01:10:10.261+0000: 1433.723: [GC [PSYoungGen: 188598K->840K(226304K)] 435252K->247550K(913280K), 0.0120810 secs] [Times: user=0.06 sys=0.00, real=0.01 secs] 
2014-07-09T01:10:11.042+0000: 1434.504: [GC [PSYoungGen: 226228K->562K(220736K)] 472938K->247482K(907712K), 0.0031770 secs] [Times: user=0.01 sys=0.00, real=0.00 secs] 
2014-07-09T01:10:11.814+0000: 1435.276: [GC [PSYoungGen: 220722K->1008K(216128K)] 467642K->248024K(903104K), 0.0043180 secs] [Times: user=0.03 sys=0.01, real=0.00 secs] 
2014-07-09T01:10:12.576+0000: 1436.038: [GC [PSYoungGen: 216112K->576K(210816K)] 463128K->248014K(897792K), 0.0048300 secs] [Times: user=0.02 sys=0.00, real=0.01 secs] 
2014-07-09T01:10:13.317+0000: 1436.779: [GC [PSYoungGen: 210816K->972K(206592K)] 458254K->248474K(893568K), 0.0061360 secs] [Times: user=0.04 sys=0.00, real=0.01 secs] 
2014-07-09T01:10:14.037+0000: 1437.499: [GC [PSYoungGen: 206540K->630K(201664K)] 454042K->248180K(888640K), 0.0086130 secs] [Times: user=0.06 sys=0.00, real=0.01 secs] 
2014-07-09T01:10:14.745+0000: 1438.207: [GC [PSYoungGen: 201654K->946K(197632K)] 449204K->248553K(884608K), 0.0041760 secs] [Times: user=0.01 sys=0.00, real=0.00 secs] 
2014-07-09T01:10:15.418+0000: 1438.880: [GC [PSYoungGen: 197600K->740K(193216K)] 445207K->248565K(880192K), 0.0084980 secs] [Times: user=0.05 sys=0.00, real=0.01 secs] 
2014-07-09T01:10:16.091+0000: 1439.553: [GC [PSYoungGen: 193188K->1004K(189376K)] 441013K->248916K(876352K), 0.0034780 secs] [Times: user=0.02 sys=0.00, real=0.00 secs] 
2014-07-09T01:10:16.763+0000: 1440.225: [GC [PSYoungGen: 189356K->680K(185088K)] 437268K->248990K(872064K), 0.0037850 secs] [Times: user=0.02 sys=0.00, real=0.00 secs] 
2014-07-09T01:10:17.412+0000: 1440.874: [GC [PSYoungGen: 185047K->1008K(222336K)] 433358K->249398K(909312K), 0.0143890 secs] [Times: user=0.09 sys=0.00, real=0.01 secs] 
2014-07-09T01:10:18.175+0000: 1441.637: [GC [PSYoungGen: 222320K->992K(266624K)] 470710K->249805K(953600K), 0.0113120 secs] [Times: user=0.07 sys=0.00, real=0.01 secs] 
2014-07-09T01:10:19.101+0000: 1442.564: [GC [PSYoungGen: 266592K->1000K(310720K)] 515405K->249901K(997696K), 0.0075680 secs] [Times: user=0.05 sys=0.00, real=0.00 secs] 
2014-07-09T01:10:20.204+0000: 1443.667: [GC [PSYoungGen: 310376K->740K(320064K)] 559277K->249704K(1007040K), 0.0096570 secs] [Times: user=0.06 sys=0.00, real=0.01 secs] 
2014-07-09T01:10:21.322+0000: 1444.785: [GC [PSYoungGen: 319435K->894K(310848K)] 568400K->249923K(997824K), 0.0042550 secs] [Times: user=0.02 sys=0.00, real=0.00 secs] 
2014-07-09T01:10:22.423+0000: 1445.885: [GC [PSYoungGen: 310846K->488K(302016K)] 559875K->250007K(988992K), 0.0053970 secs] [Times: user=0.03 sys=0.01, real=0.00 secs] 
2014-07-09T01:10:23.476+0000: 1446.939: [GC [PSYoungGen: 301992K->1272K(294720K)] 551511K->250887K(981696K), 0.0053490 secs] [Times: user=0.04 sys=0.00, real=0.01 secs] 
2014-07-09T01:10:24.495+0000: 1447.957: [GC [PSYoungGen: 294712K->598K(286272K)] 544327K->250543K(973248K), 0.0080730 secs] [Times: user=0.04 sys=0.00, real=0.01 secs] 
2014-07-09T01:10:25.506+0000: 1448.968: [GC [PSYoungGen: 286189K->954K(279104K)] 536134K->250947K(966080K), 0.0068120 secs] [Times: user=0.04 sys=0.00, real=0.01 secs] 
2014-07-09T01:10:26.500+0000: 1449.962: [GC [PSYoungGen: 279098K->384K(271360K)] 529091K->250401K(958336K), 0.0056240 secs] [Times: user=0.02 sys=0.00, real=0.01 secs] 
2014-07-09T01:10:27.462+0000: 1450.924: [GC [PSYoungGen: 271360K->708K(264832K)] 521377K->250813K(951808K), 0.0054510 secs] [Times: user=0.03 sys=0.00, real=0.00 secs] 
2014-07-09T01:10:28.393+0000: 1451.855: [GC [PSYoungGen: 264772K->864K(258304K)] 514877K->251057K(945280K), 0.0056340 secs] [Times: user=0.03 sys=0.01, real=0.00 secs] 
2014-07-09T01:10:29.307+0000: 1452.769: [GC [PSYoungGen: 258247K->830K(251840K)] 508440K->251055K(938816K), 0.0041070 secs] [Times: user=0.01 sys=0.00, real=0.00 secs] 
2014-07-09T01:10:30.193+0000: 1453.655: [GC [PSYoungGen: 251838K->1011K(245888K)] 502063K->251456K(932864K), 0.0034570 secs] [Times: user=0.02 sys=0.00, real=0.00 secs] 
2014-07-09T01:10:31.060+0000: 1454.522: [GC [PSYoungGen: 245875K->836K(239808K)] 496320K->251345K(926784K), 0.0064630 secs] [Times: user=0.04 sys=0.01, real=0.01 secs] 
2014-07-09T01:10:31.904+0000: 1455.367: [GC [PSYoungGen: 239748K->922K(234176K)] 490257K->251535K(921152K), 0.0062680 secs] [Times: user=0.04 sys=0.00, real=0.00 secs] 
2014-07-09T01:10:32.730+0000: 1456.192: [GC [PSYoungGen: 234138K->908K(228672K)] 484751K->251609K(915648K), 0.0034930 secs] [Times: user=0.02 sys=0.00, real=0.01 secs] 
2014-07-09T01:10:33.541+0000: 1457.004: [GC [PSYoungGen: 228589K->634K(223040K)] 479290K->251359K(910016K), 0.0054030 secs] [Times: user=0.02 sys=0.00, real=0.01 secs] 
2014-07-09T01:10:34.329+0000: 1457.792: [GC [PSYoungGen: 223034K->716K(218048K)] 473759K->251473K(905024K), 0.0048260 secs] [Times: user=0.01 sys=0.00, real=0.01 secs] 
2014-07-09T01:10:35.093+0000: 1458.555: [GC [PSYoungGen: 217996K->480K(212864K)] 468753K->251261K(899840K), 0.0114210 secs] [Times: user=0.05 sys=0.00, real=0.01 secs] 
2014-07-09T01:10:35.832+0000: 1459.294: [GC [PSYoungGen: 212832K->516K(208192K)] 463613K->251361K(895168K), 0.0054630 secs] [Times: user=0.02 sys=0.00, real=0.01 secs] 
2014-07-09T01:10:36.559+0000: 1460.021: [GC [PSYoungGen: 208132K->676K(203712K)] 458977K->251593K(890688K), 0.0064070 secs] [Times: user=0.04 sys=0.00, real=0.01 secs] 
2014-07-09T01:10:37.269+0000: 1460.731: [GC [PSYoungGen: 203684K->1113K(199744K)] 454601K->252070K(886720K), 0.0033700 secs] [Times: user=0.01 sys=0.00, real=0.00 secs] 
2014-07-09T01:10:37.970+0000: 1461.432: [GC [PSYoungGen: 199655K->740K(195072K)] 450612K->251986K(882048K), 0.0106520 secs] [Times: user=0.06 sys=0.00, real=0.01 secs] 
2014-07-09T01:10:38.666+0000: 1462.128: [GC [PSYoungGen: 195044K->416K(190592K)] 446290K->251725K(877568K), 0.0059550 secs] [Times: user=0.03 sys=0.00, real=0.00 secs] 
2014-07-09T01:10:39.310+0000: 1462.772: [GC [PSYoungGen: 190520K->698K(186816K)] 441829K->252055K(873792K), 0.0044330 secs] [Times: user=0.02 sys=0.00, real=0.01 secs] 
2014-07-09T01:10:39.953+0000: 1463.415: [GC [PSYoungGen: 186810K->1136K(183424K)] 438167K->252565K(870400K), 0.0037770 secs] [Times: user=0.02 sys=0.00, real=0.01 secs] 
2014-07-09T01:10:40.582+0000: 1464.045: [GC [PSYoungGen: 183408K->890K(179456K)] 434837K->252367K(866432K), 0.0072130 secs] [Times: user=0.04 sys=0.00, real=0.01 secs] 
2014-07-09T01:10:41.212+0000: 1464.674: [GC [PSYoungGen: 179416K->798K(215104K)] 430894K->252307K(902080K), 0.0116990 secs] [Times: user=0.07 sys=0.00, real=0.01 secs] 
2014-07-09T01:10:41.969+0000: 1465.431: [GC [PSYoungGen: 215048K->1106K(210624K)] 466558K->252753K(897600K), 0.0054240 secs] [Times: user=0.03 sys=0.00, real=0.01 secs] 
2014-07-09T01:10:42.712+0000: 1466.174: [GC [PSYoungGen: 210578K->1032K(252480K)] 462225K->252759K(939456K), 0.0099440 secs] [Times: user=0.06 sys=0.00, real=0.01 secs] 
2014-07-09T01:10:43.595+0000: 1467.057: [GC [PSYoungGen: 252424K->630K(245888K)] 504151K->252429K(932864K), 0.0052680 secs] [Times: user=0.04 sys=0.00, real=0.00 secs] 
2014-07-09T01:10:44.466+0000: 1467.928: [GC [PSYoungGen: 245862K->715K(240064K)] 497661K->252570K(927040K), 0.0061670 secs] [Times: user=0.04 sys=0.00, real=0.00 secs] 
2014-07-09T01:10:45.304+0000: 1468.766: [GC [PSYoungGen: 240011K->988K(234560K)] 491866K->252908K(921536K), 0.0073170 secs] [Times: user=0.04 sys=0.00, real=0.01 secs] 
2014-07-09T01:10:46.100+0000: 1469.562: [GC [PSYoungGen: 234524K->990K(229056K)] 486444K->252989K(916032K), 0.0054840 secs] [Times: user=0.03 sys=0.00, real=0.01 secs] 
2014-07-09T01:10:46.911+0000: 1470.374: [GC [PSYoungGen: 229000K->598K(223360K)] 480999K->252653K(910336K), 0.0054730 secs] [Times: user=0.04 sys=0.00, real=0.01 secs] 
2014-07-09T01:10:47.694+0000: 1471.156: [GC [PSYoungGen: 223292K->815K(218432K)] 475348K->252926K(905408K), 0.0045030 secs] [Times: user=0.02 sys=0.00, real=0.01 secs] 
2014-07-09T01:10:48.469+0000: 1471.932: [GC [PSYoungGen: 218394K->844K(213568K)] 470505K->253051K(900544K), 0.0054260 secs] [Times: user=0.04 sys=0.00, real=0.00 secs] 
2014-07-09T01:10:49.222+0000: 1472.684: [GC [PSYoungGen: 213516K->530K(208448K)] 465723K->252793K(895424K), 0.0041460 secs] [Times: user=0.02 sys=0.00, real=0.01 secs] 
2014-07-09T01:10:49.943+0000: 1473.405: [GC [PSYoungGen: 208402K->562K(203840K)] 460665K->252897K(890816K), 0.0033200 secs] [Times: user=0.01 sys=0.01, real=0.01 secs] 
2014-07-09T01:10:50.658+0000: 1474.120: [GC [PSYoungGen: 203787K->980K(199808K)] 456122K->253395K(886784K), 0.0058410 secs] [Times: user=0.04 sys=0.00, real=0.00 secs] 
2014-07-09T01:10:51.356+0000: 1474.818: [GC [PSYoungGen: 199764K->712K(195264K)] 452179K->253175K(882240K), 0.0035630 secs] [Times: user=0.02 sys=0.00, real=0.00 secs] 
2014-07-09T01:10:52.047+0000: 1475.509: [GC [PSYoungGen: 195208K->844K(191232K)] 447671K->253379K(878208K), 0.0054000 secs] [Times: user=0.03 sys=0.00, real=0.00 secs] 
2014-07-09T01:10:52.723+0000: 1476.185: [GC [PSYoungGen: 191180K->530K(186880K)] 443715K->253137K(873856K), 0.0053950 secs] [Times: user=0.03 sys=0.00, real=0.01 secs] 
2014-07-09T01:10:53.373+0000: 1476.835: [GC [PSYoungGen: 186834K->644K(183104K)] 439441K->253299K(870080K), 0.0044480 secs] [Times: user=0.02 sys=0.00, real=0.01 secs] 
2014-07-09T01:10:54.011+0000: 1477.473: [GC [PSYoungGen: 183044K->698K(179328K)] 435699K->253417K(866304K), 0.0066680 secs] [Times: user=0.04 sys=0.00, real=0.01 secs] 
2014-07-09T01:10:54.654+0000: 1478.116: [GC [PSYoungGen: 179322K->1106K(176128K)] 432041K->253905K(863104K), 0.0038140 secs] [Times: user=0.02 sys=0.00, real=0.01 secs] 
2014-07-09T01:10:55.267+0000: 1478.729: [GC [PSYoungGen: 176082K->630K(172096K)] 428881K->253633K(859072K), 0.0044210 secs] [Times: user=0.03 sys=0.00, real=0.00 secs] 
2014-07-09T01:10:55.871+0000: 1479.333: [GC [PSYoungGen: 172086K->782K(168896K)] 425089K->253857K(855872K), 0.0064650 secs] [Times: user=0.04 sys=0.00, real=0.01 secs] 
2014-07-09T01:10:56.462+0000: 1479.924: [GC [PSYoungGen: 168846K->512K(165312K)] 421921K->253659K(852288K), 0.0062990 secs] [Times: user=0.04 sys=0.00, real=0.01 secs] 
2014-07-09T01:10:57.044+0000: 1480.506: [GC [PSYoungGen: 165280K->762K(162368K)] 418427K->253973K(849344K), 0.0064720 secs] [Times: user=0.04 sys=0.00, real=0.01 secs] 
2014-07-09T01:10:57.625+0000: 1481.087: [GC [PSYoungGen: 162362K->598K(159168K)] 415573K->253873K(846144K), 0.0062520 secs] [Times: user=0.02 sys=0.00, real=0.01 secs] 
2014-07-09T01:10:58.188+0000: 1481.650: [GC [PSYoungGen: 159124K->562K(190848K)] 412400K->253877K(877824K), 0.0094500 secs] [Times: user=0.06 sys=0.00, real=0.01 secs] 
2014-07-09T01:10:58.843+0000: 1482.305: [GC [PSYoungGen: 190834K->946K(187200K)] 444149K->254310K(874176K), 0.0037480 secs] [Times: user=0.02 sys=0.00, real=0.01 secs] 
2014-07-09T01:10:59.493+0000: 1482.956: [GC [PSYoungGen: 187186K->716K(183104K)] 440550K->254143K(870080K), 0.0068150 secs] [Times: user=0.04 sys=0.00, real=0.01 secs] 
2014-07-09T01:11:00.146+0000: 1483.608: [GC [PSYoungGen: 183052K->662K(219520K)] 436479K->254145K(906496K), 0.0073710 secs] [Times: user=0.05 sys=0.00, real=0.01 secs] 
2014-07-09T01:11:00.909+0000: 1484.371: [GC [PSYoungGen: 219478K->690K(263296K)] 472961K->254245K(950272K), 0.0098180 secs] [Times: user=0.06 sys=0.00, real=0.01 secs] 
2014-07-09T01:11:01.815+0000: 1485.277: [GC [PSYoungGen: 263282K->594K(293632K)] 516837K->254205K(980608K), 0.0087210 secs] [Times: user=0.05 sys=0.00, real=0.01 secs] 
2014-07-09T01:11:02.845+0000: 1486.307: [GC [PSYoungGen: 293266K->862K(285824K)] 546877K->254537K(972800K), 0.0062720 secs] [Times: user=0.02 sys=0.00, real=0.01 secs] 
2014-07-09T01:11:03.852+0000: 1487.314: [GC [PSYoungGen: 285790K->242K(277760K)] 539465K->254117K(964736K), 0.0042280 secs] [Times: user=0.02 sys=0.00, real=0.00 secs] 
2014-07-09T01:11:04.826+0000: 1488.288: [GC [PSYoungGen: 277746K->898K(271296K)] 531621K->254797K(958272K), 0.0048640 secs] [Times: user=0.01 sys=0.01, real=0.01 secs] 
2014-07-09T01:11:05.773+0000: 1489.235: [GC [PSYoungGen: 271234K->726K(264192K)] 525133K->254887K(951168K), 0.0119680 secs] [Times: user=0.07 sys=0.01, real=0.01 secs] 
2014-07-09T01:11:06.693+0000: 1490.155: [GC [PSYoungGen: 264143K->965K(257792K)] 518304K->255206K(944768K), 0.0077710 secs] [Times: user=0.04 sys=0.00, real=0.01 secs] 
2014-07-09T01:11:07.592+0000: 1491.055: [GC [PSYoungGen: 257733K->562K(250944K)] 511974K->254915K(937920K), 0.0048510 secs] [Times: user=0.03 sys=0.00, real=0.00 secs] 
2014-07-09T01:11:08.466+0000: 1491.928: [GC [PSYoungGen: 250906K->630K(244864K)] 505260K->255063K(931840K), 0.0048420 secs] [Times: user=0.03 sys=0.00, real=0.01 secs] 
2014-07-09T01:11:09.309+0000: 1492.771: [GC [PSYoungGen: 244854K->630K(238976K)] 499287K->255103K(925952K), 0.0116770 secs] [Times: user=0.06 sys=0.00, real=0.01 secs] 
2014-07-09T01:11:10.148+0000: 1493.610: [GC [PSYoungGen: 238966K->576K(233216K)] 493439K->255145K(920192K), 0.0048940 secs] [Times: user=0.03 sys=0.01, real=0.01 secs] 
2014-07-09T01:11:10.967+0000: 1494.429: [GC [PSYoungGen: 233216K->872K(228032K)] 487785K->255521K(915008K), 0.0033590 secs] [Times: user=0.01 sys=0.00, real=0.01 secs] 
2014-07-09T01:11:11.759+0000: 1495.221: [GC [PSYoungGen: 228008K->936K(222784K)] 482657K->255649K(909760K), 0.0036880 secs] [Times: user=0.01 sys=0.00, real=0.00 secs] 
2014-07-09T01:11:12.528+0000: 1495.990: [GC [PSYoungGen: 222760K->498K(217216K)] 477473K->255517K(904192K), 0.0060480 secs] [Times: user=0.04 sys=0.00, real=0.01 secs] 
2014-07-09T01:11:13.290+0000: 1496.752: [GC [PSYoungGen: 217202K->1140K(212928K)] 472221K->256223K(899904K), 0.0036420 secs] [Times: user=0.02 sys=0.00, real=0.00 secs] 
2014-07-09T01:11:14.027+0000: 1497.489: [GC [PSYoungGen: 212865K->701K(207744K)] 467949K->256287K(894720K), 0.0036410 secs] [Times: user=0.02 sys=0.00, real=0.01 secs] 
2014-07-09T01:11:14.749+0000: 1498.211: [GC [PSYoungGen: 207741K->880K(203328K)] 463327K->256530K(890304K), 0.0034230 secs] [Times: user=0.02 sys=0.00, real=0.01 secs] 
2014-07-09T01:11:15.455+0000: 1498.917: [GC [PSYoungGen: 203276K->630K(198656K)] 458926K->256369K(885632K), 0.0086940 secs] [Times: user=0.05 sys=0.00, real=0.01 secs] 
2014-07-09T01:11:16.141+0000: 1499.603: [GC [PSYoungGen: 198646K->1036K(194816K)] 454385K->256888K(881792K), 0.0054610 secs] [Times: user=0.04 sys=0.00, real=0.00 secs] 
2014-07-09T01:11:16.823+0000: 1500.286: [GC [PSYoungGen: 194764K->930K(190592K)] 450616K->256870K(877568K), 0.0052110 secs] [Times: user=0.04 sys=0.00, real=0.00 secs] 
2014-07-09T01:11:17.491+0000: 1500.953: [GC [PSYoungGen: 190525K->858K(186560K)] 446465K->256910K(873536K), 0.0053540 secs] [Times: user=0.03 sys=0.00, real=0.00 secs] 
2014-07-09T01:11:18.141+0000: 1501.604: [GC [PSYoungGen: 186522K->889K(182720K)] 442574K->257172K(869696K), 0.0061140 secs] [Times: user=0.04 sys=0.01, real=0.00 secs] 
2014-07-09T01:11:18.788+0000: 1502.250: [GC [PSYoungGen: 182713K->1058K(179200K)] 438996K->257413K(866176K), 0.0063480 secs] [Times: user=0.04 sys=0.00, real=0.01 secs] 
2014-07-09T01:11:19.411+0000: 1502.873: [GC [PSYoungGen: 179170K->594K(214400K)] 435525K->257037K(901376K), 0.0110700 secs] [Times: user=0.08 sys=0.00, real=0.01 secs] 
2014-07-09T01:11:20.156+0000: 1503.618: [GC [PSYoungGen: 214354K->733K(257280K)] 470797K->257224K(944256K), 0.0108060 secs] [Times: user=0.08 sys=0.00, real=0.01 secs] 
2014-07-09T01:11:21.055+0000: 1504.517: [GC [PSYoungGen: 257245K->694K(250880K)] 513736K->257249K(937856K), 0.0036770 secs] [Times: user=0.02 sys=0.01, real=0.00 secs] 
2014-07-09T01:11:21.930+0000: 1505.392: [GC [PSYoungGen: 250832K->872K(244928K)] 507387K->257531K(931904K), 0.0084010 secs] [Times: user=0.05 sys=0.00, real=0.00 secs] 
2014-07-09T01:11:22.784+0000: 1506.246: [GC [PSYoungGen: 244904K->900K(282752K)] 501563K->257615K(969728K), 0.0108540 secs] [Times: user=0.07 sys=0.00, real=0.01 secs] 
2014-07-09T01:11:23.782+0000: 1507.245: [GC [PSYoungGen: 282500K->662K(275008K)] 539215K->257441K(961984K), 0.0053420 secs] [Times: user=0.04 sys=0.00, real=0.00 secs] 
2014-07-09T01:11:24.743+0000: 1508.205: [GC [PSYoungGen: 274966K->544K(267840K)] 531745K->257363K(954816K), 0.0078270 secs] [Times: user=0.05 sys=0.00, real=0.01 secs] 
2014-07-09T01:11:25.693+0000: 1509.155: [GC [PSYoungGen: 267808K->826K(261312K)] 524627K->257725K(948288K), 0.0089430 secs] [Times: user=0.06 sys=0.00, real=0.01 secs] 
2014-07-09T01:11:26.610+0000: 1510.072: [GC [PSYoungGen: 261306K->548K(254528K)] 518205K->257527K(941504K), 0.0071740 secs] [Times: user=0.05 sys=0.01, real=0.01 secs] 
2014-07-09T01:11:27.520+0000: 1510.982: [GC [PSYoungGen: 254500K->594K(248320K)] 511479K->257653K(935296K), 0.0095990 secs] [Times: user=0.07 sys=0.00, real=0.01 secs] 
2014-07-09T01:11:28.393+0000: 1511.855: [GC [PSYoungGen: 248274K->594K(242304K)] 505333K->257725K(929280K), 0.0054000 secs] [Times: user=0.03 sys=0.00, real=0.00 secs] 
2014-07-09T01:11:29.248+0000: 1512.710: [GC [PSYoungGen: 242231K->1022K(236864K)] 499363K->258249K(923840K), 0.0058200 secs] [Times: user=0.04 sys=0.00, real=0.01 secs] 
2014-07-09T01:11:30.080+0000: 1513.542: [GC [PSYoungGen: 236844K->818K(231040K)] 494071K->258141K(918016K), 0.0067400 secs] [Times: user=0.04 sys=0.00, real=0.01 secs] 
2014-07-09T01:11:30.895+0000: 1514.357: [GC [PSYoungGen: 230993K->950K(225792K)] 488316K->258329K(912768K), 0.0061810 secs] [Times: user=0.02 sys=0.00, real=0.01 secs] 
2014-07-09T01:11:31.687+0000: 1515.149: [GC [PSYoungGen: 225782K->658K(220352K)] 483161K->258109K(907328K), 0.0063030 secs] [Times: user=0.03 sys=0.00, real=0.01 secs] 
2014-07-09T01:11:32.440+0000: 1515.903: [GC [PSYoungGen: 220306K->726K(215424K)] 477757K->258249K(902400K), 0.0052650 secs] [Times: user=0.03 sys=0.00, real=0.01 secs] 
2014-07-09T01:11:33.195+0000: 1516.658: [GC [PSYoungGen: 215382K->780K(210624K)] 472905K->258359K(897600K), 0.0055350 secs] [Times: user=0.04 sys=0.00, real=0.00 secs] 
2014-07-09T01:11:33.929+0000: 1517.391: [GC [PSYoungGen: 210561K->730K(205888K)] 468140K->258373K(892864K), 0.0058300 secs] [Times: user=0.04 sys=0.00, real=0.01 secs] 
2014-07-09T01:11:34.643+0000: 1518.105: [GC [PSYoungGen: 205850K->862K(201472K)] 463493K->258569K(888448K), 0.0052580 secs] [Times: user=0.04 sys=0.00, real=0.00 secs] 
2014-07-09T01:11:35.361+0000: 1518.823: [GC [PSYoungGen: 201438K->776K(197056K)] 459145K->258523K(884032K), 0.0093880 secs] [Times: user=0.06 sys=0.00, real=0.01 secs] 
2014-07-09T01:11:36.026+0000: 1519.489: [GC [PSYoungGen: 196962K->623K(192640K)] 454709K->258732K(879616K), 0.0059560 secs] [Times: user=0.03 sys=0.00, real=0.01 secs] 
2014-07-09T01:11:36.694+0000: 1520.156: [GC [PSYoungGen: 192619K->1150K(189056K)] 450728K->259397K(876032K), 0.0047090 secs] [Times: user=0.02 sys=0.00, real=0.00 secs] 
2014-07-09T01:11:37.360+0000: 1520.822: [GC [PSYoungGen: 189054K->576K(184576K)] 447301K->259021K(871552K), 0.0093850 secs] [Times: user=0.06 sys=0.00, real=0.01 secs] 
2014-07-09T01:11:38.003+0000: 1521.465: [GC [PSYoungGen: 184532K->630K(180864K)] 442977K->259139K(867840K), 0.0051590 secs] [Times: user=0.02 sys=0.00, real=0.00 secs] 
2014-07-09T01:11:38.643+0000: 1522.105: [GC [PSYoungGen: 180854K->616K(177216K)] 439363K->259181K(864192K), 0.0040440 secs] [Times: user=0.02 sys=0.01, real=0.00 secs] 
2014-07-09T01:11:39.250+0000: 1522.713: [GC [PSYoungGen: 177192K->1254K(174272K)] 435757K->260016K(861248K), 0.0036330 secs] [Times: user=0.02 sys=0.00, real=0.01 secs] 
2014-07-09T01:11:39.864+0000: 1523.326: [GC [PSYoungGen: 174246K->680K(170240K)] 433008K->259537K(857216K), 0.0033010 secs] [Times: user=0.02 sys=0.00, real=0.00 secs] 
2014-07-09T01:11:40.465+0000: 1523.927: [GC [PSYoungGen: 170216K->729K(166976K)] 429073K->259658K(853952K), 0.0080160 secs] [Times: user=0.06 sys=0.00, real=0.01 secs] 
2014-07-09T01:11:41.041+0000: 1524.503: [GC [PSYoungGen: 166937K->690K(163712K)] 425866K->259715K(850688K), 0.0073480 secs] [Times: user=0.04 sys=0.00, real=0.01 secs] 
2014-07-09T01:11:41.613+0000: 1525.075: [GC [PSYoungGen: 163698K->786K(160704K)] 422723K->259883K(847680K), 0.0049200 secs] [Times: user=0.02 sys=0.00, real=0.00 secs] 
2014-07-09T01:11:42.173+0000: 1525.635: [GC [PSYoungGen: 160646K->960K(157888K)] 419743K->260098K(844864K), 0.0061890 secs] [Times: user=0.04 sys=0.00, real=0.01 secs] 
2014-07-09T01:11:42.711+0000: 1526.173: [GC [PSYoungGen: 157806K->1225K(155200K)] 416944K->260450K(842176K), 0.0048200 secs] [Times: user=0.02 sys=0.00, real=0.01 secs] 
2014-07-09T01:11:43.258+0000: 1526.721: [GC [PSYoungGen: 155145K->434K(151552K)] 414370K->259885K(838528K), 0.0065150 secs] [Times: user=0.04 sys=0.00, real=0.01 secs] 
2014-07-09T01:11:43.799+0000: 1527.261: [GC [PSYoungGen: 151538K->758K(182144K)] 410989K->260281K(869120K), 0.0147820 secs] [Times: user=0.10 sys=0.00, real=0.02 secs] 
2014-07-09T01:11:44.452+0000: 1527.914: [GC [PSYoungGen: 182134K->1043K(218752K)] 441657K->260836K(905728K), 0.0061180 secs] [Times: user=0.04 sys=0.00, real=0.01 secs] 
2014-07-09T01:11:45.217+0000: 1528.679: [GC [PSYoungGen: 218707K->748K(262016K)] 478500K->260597K(948992K), 0.0053170 secs] [Times: user=0.02 sys=0.00, real=0.00 secs] 
2014-07-09T01:11:46.131+0000: 1529.593: [GC [PSYoungGen: 261996K->758K(268096K)] 521845K->260687K(955072K), 0.0083730 secs] [Times: user=0.05 sys=0.00, real=0.01 secs] 
2014-07-09T01:11:47.065+0000: 1530.527: [GC [PSYoungGen: 267830K->780K(261120K)] 527759K->260757K(948096K), 0.0059230 secs] [Times: user=0.02 sys=0.00, real=0.00 secs] 
2014-07-09T01:11:47.981+0000: 1531.443: [GC [PSYoungGen: 261068K->434K(254208K)] 521045K->260459K(941184K), 0.0063040 secs] [Times: user=0.04 sys=0.00, real=0.01 secs] 
2014-07-09T01:11:48.870+0000: 1532.332: [GC [PSYoungGen: 254194K->594K(248128K)] 514219K->260675K(935104K), 0.0106220 secs] [Times: user=0.06 sys=0.00, real=0.01 secs] 
2014-07-09T01:11:49.748+0000: 1533.210: [GC [PSYoungGen: 248082K->1024K(242560K)] 508163K->261170K(929536K), 0.0054760 secs] [Times: user=0.03 sys=0.00, real=0.00 secs] 
2014-07-09T01:11:50.601+0000: 1534.064: [GC [PSYoungGen: 242468K->934K(236608K)] 502614K->261135K(923584K), 0.0054380 secs] [Times: user=0.04 sys=0.00, real=0.01 secs] 
2014-07-09T01:11:51.438+0000: 1534.901: [GC [PSYoungGen: 236582K->698K(230784K)] 496783K->261069K(917760K), 0.0032730 secs] [Times: user=0.02 sys=0.00, real=0.00 secs] 
2014-07-09T01:11:52.254+0000: 1535.716: [GC [PSYoungGen: 230778K->894K(225600K)] 491149K->261321K(912576K), 0.0038130 secs] [Times: user=0.02 sys=0.00, real=0.01 secs] 
2014-07-09T01:11:53.056+0000: 1536.518: [GC [PSYoungGen: 225598K->1028K(220608K)] 486025K->261519K(907584K), 0.0125560 secs] [Times: user=0.06 sys=0.00, real=0.01 secs] 
2014-07-09T01:11:53.820+0000: 1537.283: [GC [PSYoungGen: 220507K->1046K(215616K)] 480998K->261609K(902592K), 0.0072840 secs] [Times: user=0.05 sys=0.00, real=0.01 secs] 
2014-07-09T01:11:54.577+0000: 1538.040: [GC [PSYoungGen: 215574K->552K(210240K)] 476137K->261171K(897216K), 0.0060880 secs] [Times: user=0.04 sys=0.00, real=0.00 secs] 
2014-07-09T01:11:55.307+0000: 1538.769: [GC [PSYoungGen: 210216K->858K(205888K)] 470835K->261549K(892864K), 0.0051470 secs] [Times: user=0.03 sys=0.01, real=0.00 secs] 
2014-07-09T01:11:56.028+0000: 1539.490: [GC [PSYoungGen: 205850K->1100K(201664K)] 466541K->261871K(888640K), 0.0037150 secs] [Times: user=0.02 sys=0.00, real=0.00 secs] 
2014-07-09T01:11:56.726+0000: 1540.189: [GC [PSYoungGen: 201612K->854K(197056K)] 462383K->261681K(884032K), 0.0123520 secs] [Times: user=0.08 sys=0.00, real=0.01 secs] 
2014-07-09T01:11:57.418+0000: 1540.880: [GC [PSYoungGen: 197010K->672K(192640K)] 457838K->261701K(879616K), 0.0071130 secs] [Times: user=0.04 sys=0.00, real=0.01 secs] 
2014-07-09T01:11:58.097+0000: 1541.559: [GC [PSYoungGen: 192608K->1270K(231616K)] 453637K->262347K(918592K), 0.0079690 secs] [Times: user=0.05 sys=0.00, real=0.01 secs] 
2014-07-09T01:11:58.878+0000: 1542.340: [GC [PSYoungGen: 231606K->612K(225600K)] 492683K->262220K(912576K), 0.0054930 secs] [Times: user=0.04 sys=0.00, real=0.00 secs] 
2014-07-09T01:11:59.657+0000: 1543.119: [GC [PSYoungGen: 225572K->1164K(220992K)] 487180K->262852K(907968K), 0.0064460 secs] [Times: user=0.04 sys=0.00, real=0.00 secs] 
2014-07-09T01:12:00.441+0000: 1543.903: [GC [PSYoungGen: 220940K->576K(215296K)] 482628K->262426K(902272K), 0.0041640 secs] [Times: user=0.02 sys=0.00, real=0.00 secs] 
2014-07-09T01:12:01.212+0000: 1544.674: [GC [PSYoungGen: 215288K->712K(210624K)] 477138K->262602K(897600K), 0.0049970 secs] [Times: user=0.03 sys=0.00, real=0.01 secs] 
2014-07-09T01:12:01.951+0000: 1545.413: [GC [PSYoungGen: 210510K->794K(206016K)] 472400K->262788K(892992K), 0.0063880 secs] [Times: user=0.04 sys=0.00, real=0.01 secs] 
2014-07-09T01:12:02.656+0000: 1546.118: [GC [PSYoungGen: 205976K->929K(201600K)] 467970K->263011K(888576K), 0.0077380 secs] [Times: user=0.05 sys=0.00, real=0.01 secs] 
2014-07-09T01:12:03.375+0000: 1546.838: [GC [PSYoungGen: 201568K->448K(196736K)] 463650K->262570K(883712K), 0.0097480 secs] [Times: user=0.07 sys=0.00, real=0.01 secs] 
2014-07-09T01:12:04.071+0000: 1547.533: [GC [PSYoungGen: 196736K->844K(192960K)] 458858K->263062K(879936K), 0.0055400 secs] [Times: user=0.03 sys=0.00, real=0.01 secs] 
2014-07-09T01:12:04.738+0000: 1548.200: [GC [PSYoungGen: 192908K->530K(188544K)] 455126K->262812K(875520K), 0.0044030 secs] [Times: user=0.01 sys=0.00, real=0.00 secs] 
2014-07-09T01:12:05.392+0000: 1548.854: [GC [PSYoungGen: 188498K->498K(184576K)] 450780K->262836K(871552K), 0.0047620 secs] [Times: user=0.02 sys=0.00, real=0.00 secs] 
2014-07-09T01:12:06.025+0000: 1549.487: [GC [PSYoungGen: 184562K->666K(180992K)] 446900K->263068K(867968K), 0.0050310 secs] [Times: user=0.02 sys=0.00, real=0.01 secs] 
2014-07-09T01:12:06.663+0000: 1550.125: [GC [PSYoungGen: 180954K->932K(177600K)] 443356K->263414K(864576K), 0.0091840 secs] [Times: user=0.06 sys=0.00, real=0.01 secs] 
2014-07-09T01:12:07.289+0000: 1550.751: [GC [PSYoungGen: 177531K->912K(174016K)] 440013K->263442K(860992K), 0.0041880 secs] [Times: user=0.02 sys=0.00, real=0.00 secs] 
2014-07-09T01:12:07.895+0000: 1551.357: [GC [PSYoungGen: 173963K->1000K(208704K)] 436493K->263594K(895680K), 0.0106140 secs] [Times: user=0.07 sys=0.00, real=0.01 secs] 
2014-07-09T01:12:08.634+0000: 1552.096: [GC [PSYoungGen: 208640K->662K(203776K)] 471234K->263336K(890752K), 0.0056550 secs] [Times: user=0.04 sys=0.00, real=0.01 secs] 
2014-07-09T01:12:09.353+0000: 1552.815: [GC [PSYoungGen: 203734K->644K(199360K)] 466408K->263350K(886336K), 0.0048560 secs] [Times: user=0.02 sys=0.00, real=0.01 secs] 
2014-07-09T01:12:10.042+0000: 1553.505: [GC [PSYoungGen: 199270K->780K(195200K)] 461976K->263566K(882176K), 0.0077640 secs] [Times: user=0.04 sys=0.00, real=0.01 secs] 
2014-07-09T01:12:10.718+0000: 1554.180: [GC [PSYoungGen: 195148K->648K(190912K)] 457934K->263514K(877888K), 0.0079940 secs] [Times: user=0.05 sys=0.01, real=0.00 secs] 
2014-07-09T01:12:11.399+0000: 1554.861: [GC [PSYoungGen: 190856K->1060K(187264K)] 453722K->264014K(874240K), 0.0033170 secs] [Times: user=0.02 sys=0.00, real=0.00 secs] 
2014-07-09T01:12:12.049+0000: 1555.511: [GC [PSYoungGen: 187224K->836K(183168K)] 450179K->263854K(870144K), 0.0058030 secs] [Times: user=0.04 sys=0.00, real=0.00 secs] 
2014-07-09T01:12:12.693+0000: 1556.155: [GC [PSYoungGen: 183084K->633K(219392K)] 446103K->263839K(906368K), 0.0114170 secs] [Times: user=0.07 sys=0.01, real=0.01 secs] 
2014-07-09T01:12:13.478+0000: 1556.940: [GC [PSYoungGen: 219385K->1202K(214976K)] 482591K->264529K(901952K), 0.0055740 secs] [Times: user=0.04 sys=0.00, real=0.01 secs] 
2014-07-09T01:12:14.225+0000: 1557.687: [GC [PSYoungGen: 214960K->626K(209600K)] 478287K->264088K(896576K), 0.0051090 secs] [Times: user=0.03 sys=0.00, real=0.01 secs] 
2014-07-09T01:12:14.954+0000: 1558.416: [GC [PSYoungGen: 209586K->898K(250048K)] 473048K->264424K(937024K), 0.0106540 secs] [Times: user=0.07 sys=0.00, real=0.01 secs] 
2014-07-09T01:12:15.839+0000: 1559.301: [GC [PSYoungGen: 249582K->858K(243520K)] 513108K->264464K(930496K), 0.0053970 secs] [Times: user=0.03 sys=0.00, real=0.00 secs] 
2014-07-09T01:12:16.689+0000: 1560.151: [GC [PSYoungGen: 243465K->815K(237632K)] 507072K->264493K(924608K), 0.0089150 secs] [Times: user=0.06 sys=0.00, real=0.01 secs] 
2014-07-09T01:12:17.521+0000: 1560.983: [GC [PSYoungGen: 237615K->694K(231872K)] 501293K->264412K(918848K), 0.0087650 secs] [Times: user=0.03 sys=0.00, real=0.01 secs] 
2014-07-09T01:12:18.331+0000: 1561.793: [GC [PSYoungGen: 231862K->744K(226496K)] 495580K->264510K(913472K), 0.0089320 secs] [Times: user=0.06 sys=0.00, real=0.02 secs] 
2014-07-09T01:12:19.101+0000: 1562.563: [GC [PSYoungGen: 226472K->918K(250112K)] 490238K->264748K(937088K), 0.0083150 secs] [Times: user=0.05 sys=0.00, real=0.01 secs] 
2014-07-09T01:12:19.966+0000: 1563.428: [GC [PSYoungGen: 249926K->619K(243648K)] 513757K->264497K(930624K), 0.0080530 secs] [Times: user=0.05 sys=0.00, real=0.01 secs] 
2014-07-09T01:12:20.827+0000: 1564.290: [GC [PSYoungGen: 243627K->616K(237760K)] 507505K->264574K(924736K), 0.0088250 secs] [Times: user=0.06 sys=0.00, real=0.01 secs] 
2014-07-09T01:12:21.664+0000: 1565.126: [GC [PSYoungGen: 237734K->562K(232064K)] 501692K->264608K(919040K), 0.0040570 secs] [Times: user=0.02 sys=0.00, real=0.00 secs] 
2014-07-09T01:12:22.485+0000: 1565.947: [GC [PSYoungGen: 232050K->580K(226688K)] 496096K->264690K(913664K), 0.0074540 secs] [Times: user=0.05 sys=0.00, real=0.01 secs] 
2014-07-09T01:12:23.285+0000: 1566.747: [GC [PSYoungGen: 226628K->794K(221632K)] 490738K->265000K(908608K), 0.0085430 secs] [Times: user=0.06 sys=0.00, real=0.01 secs] 
2014-07-09T01:12:24.067+0000: 1567.529: [GC [PSYoungGen: 221594K->976K(216768K)] 485800K->265286K(903744K), 0.0059840 secs] [Times: user=0.04 sys=0.00, real=0.01 secs] 
2014-07-09T01:12:24.811+0000: 1568.273: [GC [PSYoungGen: 216720K->960K(211904K)] 481030K->265366K(898880K), 0.0031030 secs] [Times: user=0.01 sys=0.00, real=0.00 secs] 
2014-07-09T01:12:25.559+0000: 1569.021: [GC [PSYoungGen: 211840K->438K(206592K)] 476246K->265178K(893568K), 0.0077950 secs] [Times: user=0.04 sys=0.00, real=0.01 secs] 
2014-07-09T01:12:26.285+0000: 1569.747: [GC [PSYoungGen: 206582K->1213K(202816K)] 471322K->266216K(889792K), 0.0063730 secs] [Times: user=0.04 sys=0.00, real=0.01 secs] 
2014-07-09T01:12:27.006+0000: 1570.468: [GC [PSYoungGen: 202791K->719K(197952K)] 467793K->266069K(884928K), 0.0037870 secs] [Times: user=0.02 sys=0.00, real=0.00 secs] 
2014-07-09T01:12:27.693+0000: 1571.155: [GC [PSYoungGen: 197903K->858K(193856K)] 463253K->266288K(880832K), 0.0064290 secs] [Times: user=0.03 sys=0.00, real=0.00 secs] 
2014-07-09T01:12:28.376+0000: 1571.838: [GC [PSYoungGen: 193818K->804K(189696K)] 459248K->266330K(876672K), 0.0047380 secs] [Times: user=0.02 sys=0.00, real=0.01 secs] 
2014-07-09T01:12:29.029+0000: 1572.492: [GC [PSYoungGen: 189640K->1158K(186112K)] 455167K->266756K(873088K), 0.0060860 secs] [Times: user=0.03 sys=0.00, real=0.01 secs] 
2014-07-09T01:12:29.674+0000: 1573.137: [GC [PSYoungGen: 186054K->558K(181632K)] 451652K->266637K(868608K), 0.0072820 secs] [Times: user=0.06 sys=0.00, real=0.01 secs] 
2014-07-09T01:12:30.305+0000: 1573.767: [GC [PSYoungGen: 181572K->1018K(178368K)] 447651K->267193K(865344K), 0.0048640 secs] [Times: user=0.02 sys=0.01, real=0.01 secs] 
2014-07-09T01:12:30.925+0000: 1574.387: [GC [PSYoungGen: 178362K->580K(174400K)] 444537K->266943K(861376K), 0.0037440 secs] [Times: user=0.02 sys=0.00, real=0.00 secs] 
2014-07-09T01:12:31.527+0000: 1574.989: [GC [PSYoungGen: 174340K->848K(171200K)] 440703K->267283K(858176K), 0.0067140 secs] [Times: user=0.04 sys=0.00, real=0.01 secs] 
2014-07-09T01:12:32.122+0000: 1575.584: [GC [PSYoungGen: 171123K->994K(168000K)] 437558K->267517K(854976K), 0.0058850 secs] [Times: user=0.03 sys=0.00, real=0.00 secs] 
2014-07-09T01:12:32.705+0000: 1576.167: [GC [PSYoungGen: 167970K->640K(164352K)] 434493K->267235K(851328K), 0.0046240 secs] [Times: user=0.02 sys=0.00, real=0.00 secs] 
2014-07-09T01:12:33.282+0000: 1576.745: [GC [PSYoungGen: 164352K->640K(161216K)] 430947K->267323K(848192K), 0.0067800 secs] [Times: user=0.04 sys=0.00, real=0.00 secs] 
2014-07-09T01:12:33.843+0000: 1577.305: [GC [PSYoungGen: 161167K->1128K(158656K)] 427850K->267875K(845632K), 0.0035300 secs] [Times: user=0.02 sys=0.00, real=0.00 secs] 
2014-07-09T01:12:34.396+0000: 1577.859: [GC [PSYoungGen: 158606K->954K(155520K)] 425353K->267781K(842496K), 0.0038440 secs] [Times: user=0.03 sys=0.00, real=0.00 secs] 
2014-07-09T01:12:34.954+0000: 1578.416: [GC [PSYoungGen: 155514K->780K(152512K)] 422341K->267671K(839488K), 0.0068630 secs] [Times: user=0.05 sys=0.00, real=0.00 secs] 
2014-07-09T01:12:35.475+0000: 1578.937: [GC [PSYoungGen: 152451K->886K(182912K)] 419342K->267817K(869888K), 0.0079940 secs] [Times: user=0.04 sys=0.00, real=0.01 secs] 
2014-07-09T01:12:36.108+0000: 1579.570: [GC [PSYoungGen: 182902K->922K(179264K)] 449833K->267917K(866240K), 0.0053990 secs] [Times: user=0.02 sys=0.00, real=0.01 secs] 
2014-07-09T01:12:36.731+0000: 1580.193: [GC [PSYoungGen: 179226K->876K(214912K)] 446221K->268025K(901888K), 0.0079810 secs] [Times: user=0.05 sys=0.01, real=0.01 secs] 
2014-07-09T01:12:37.485+0000: 1580.947: [GC [PSYoungGen: 214892K->690K(209920K)] 482041K->267927K(896896K), 0.0045460 secs] [Times: user=0.03 sys=0.00, real=0.00 secs] 
2014-07-09T01:12:38.227+0000: 1581.690: [GC [PSYoungGen: 209887K->896K(205504K)] 477124K->268229K(892480K), 0.0057130 secs] [Times: user=0.03 sys=0.01, real=0.01 secs] 
2014-07-09T01:12:38.949+0000: 1582.411: [GC [PSYoungGen: 205440K->566K(200640K)] 472773K->267955K(887616K), 0.0064970 secs] [Times: user=0.04 sys=0.00, real=0.01 secs] 
2014-07-09T01:12:39.657+0000: 1583.119: [GC [PSYoungGen: 200621K->948K(196672K)] 468011K->268473K(883648K), 0.0056890 secs] [Times: user=0.03 sys=0.00, real=0.01 secs] 
2014-07-09T01:12:40.340+0000: 1583.803: [GC [PSYoungGen: 196634K->783K(235712K)] 464159K->268356K(922688K), 0.0121560 secs] [Times: user=0.07 sys=0.00, real=0.02 secs] 
2014-07-09T01:12:41.182+0000: 1584.645: [GC [PSYoungGen: 235663K->844K(236224K)] 503236K->268539K(923200K), 0.0081800 secs] [Times: user=0.05 sys=0.00, real=0.00 secs] 
2014-07-09T01:12:42.006+0000: 1585.468: [GC [PSYoungGen: 235786K->598K(230016K)] 503481K->268373K(916992K), 0.0053740 secs] [Times: user=0.03 sys=0.00, real=0.00 secs] 
2014-07-09T01:12:42.825+0000: 1586.287: [GC [PSYoungGen: 229974K->634K(224640K)] 497749K->268759K(911616K), 0.0050560 secs] [Times: user=0.03 sys=0.00, real=0.00 secs] 
2014-07-09T01:12:43.600+0000: 1587.062: [GC [PSYoungGen: 224634K->962K(219840K)] 492759K->269151K(906816K), 0.0039430 secs] [Times: user=0.02 sys=0.00, real=0.01 secs] 
2014-07-09T01:12:44.372+0000: 1587.834: [GC [PSYoungGen: 219719K->729K(214592K)] 487908K->269006K(901568K), 0.0062130 secs] [Times: user=0.04 sys=0.00, real=0.00 secs] 
2014-07-09T01:12:45.121+0000: 1588.583: [GC [PSYoungGen: 214510K->1214K(210240K)] 482788K->269588K(897216K), 0.0030910 secs] [Times: user=0.02 sys=0.00, real=0.01 secs] 
2014-07-09T01:12:45.842+0000: 1589.305: [GC [PSYoungGen: 210238K->620K(204992K)] 478612K->269353K(891968K), 0.0068640 secs] [Times: user=0.04 sys=0.00, real=0.01 secs] 
2014-07-09T01:12:46.565+0000: 1590.027: [GC [PSYoungGen: 204972K->1004K(200896K)] 473705K->269794K(887872K), 0.0064100 secs] [Times: user=0.04 sys=0.00, real=0.00 secs] 
2014-07-09T01:12:47.285+0000: 1590.748: [GC [PSYoungGen: 200856K->979K(196544K)] 469646K->269890K(883520K), 0.0075860 secs] [Times: user=0.04 sys=0.00, real=0.01 secs] 
2014-07-09T01:12:47.985+0000: 1591.447: [GC [PSYoungGen: 196499K->662K(192064K)] 465410K->269637K(879040K), 0.0071370 secs] [Times: user=0.03 sys=0.01, real=0.00 secs] 
2014-07-09T01:12:48.654+0000: 1592.116: [GC [PSYoungGen: 192022K->644K(188032K)] 460997K->269683K(875008K), 0.0048240 secs] [Times: user=0.03 sys=0.00, real=0.00 secs] 
2014-07-09T01:12:49.307+0000: 1592.769: [GC [PSYoungGen: 187972K->794K(184256K)] 457011K->269921K(871232K), 0.0051470 secs] [Times: user=0.03 sys=0.00, real=0.00 secs] 
2014-07-09T01:12:49.947+0000: 1593.410: [GC [PSYoungGen: 184209K->676K(180352K)] 453337K->269907K(867328K), 0.0091430 secs] [Times: user=0.06 sys=0.00, real=0.01 secs] 
2014-07-09T01:12:50.579+0000: 1594.041: [GC [PSYoungGen: 180304K->762K(216384K)] 449535K->270049K(903360K), 0.0117160 secs] [Times: user=0.07 sys=0.01, real=0.01 secs] 
2014-07-09T01:12:51.335+0000: 1594.797: [GC [PSYoungGen: 216378K->512K(211264K)] 485665K->269855K(898240K), 0.0039480 secs] [Times: user=0.02 sys=0.00, real=0.00 secs] 
2014-07-09T01:12:52.065+0000: 1595.527: [GC [PSYoungGen: 211229K->1056K(229120K)] 480572K->270456K(916096K), 0.0084500 secs] [Times: user=0.05 sys=0.00, real=0.00 secs] 
2014-07-09T01:12:52.856+0000: 1596.318: [GC [PSYoungGen: 228809K->733K(254336K)] 498209K->270204K(941312K), 0.0108660 secs] [Times: user=0.07 sys=0.00, real=0.01 secs] 
2014-07-09T01:12:53.734+0000: 1597.196: [GC [PSYoungGen: 253725K->812K(247616K)] 523196K->270355K(934592K), 0.0049970 secs] [Times: user=0.02 sys=0.00, real=0.01 secs] 
2014-07-09T01:12:54.614+0000: 1598.076: [GC [PSYoungGen: 247596K->512K(253056K)] 517139K->270119K(940032K), 0.0109700 secs] [Times: user=0.07 sys=0.00, real=0.02 secs] 
2014-07-09T01:12:55.500+0000: 1598.962: [GC [PSYoungGen: 253056K->740K(253824K)] 522663K->270443K(940800K), 0.0086340 secs] [Times: user=0.05 sys=0.00, real=0.01 secs] 
2014-07-09T01:12:56.384+0000: 1599.846: [GC [PSYoungGen: 253278K->946K(247296K)] 522981K->270713K(934272K), 0.0074040 secs] [Times: user=0.03 sys=0.00, real=0.01 secs] 
2014-07-09T01:12:57.260+0000: 1600.722: [GC [PSYoungGen: 247282K->740K(241088K)] 517049K->270563K(928064K), 0.0064000 secs] [Times: user=0.03 sys=0.01, real=0.01 secs] 
2014-07-09T01:12:58.105+0000: 1601.568: [GC [PSYoungGen: 241060K->762K(235328K)] 510883K->270665K(922304K), 0.0057670 secs] [Times: user=0.02 sys=0.00, real=0.00 secs] 
2014-07-09T01:12:58.920+0000: 1602.383: [GC [PSYoungGen: 235298K->882K(282368K)] 505202K->270825K(969344K), 0.0151950 secs] [Times: user=0.09 sys=0.00, real=0.02 secs] 
2014-07-09T01:12:59.926+0000: 1603.388: [GC [PSYoungGen: 282354K->694K(302528K)] 552297K->270767K(989504K), 0.0081660 secs] [Times: user=0.05 sys=0.00, real=0.00 secs] 
2014-07-09T01:13:01.000+0000: 1604.462: [GC [PSYoungGen: 302390K->530K(294144K)] 572463K->270683K(981120K), 0.0061910 secs] [Times: user=0.03 sys=0.00, real=0.01 secs] 
2014-07-09T01:13:02.038+0000: 1605.501: [GC [PSYoungGen: 294098K->608K(286400K)] 564251K->270857K(973376K), 0.0109400 secs] [Times: user=0.07 sys=0.00, real=0.01 secs] 
2014-07-09T01:13:03.045+0000: 1606.508: [GC [PSYoungGen: 286368K->986K(279296K)] 556617K->271331K(966272K), 0.0088300 secs] [Times: user=0.06 sys=0.01, real=0.00 secs] 
2014-07-09T01:13:04.028+0000: 1607.491: [GC [PSYoungGen: 279258K->672K(271808K)] 549603K->271137K(958784K), 0.0100540 secs] [Times: user=0.06 sys=0.00, real=0.01 secs] 
2014-07-09T01:13:04.984+0000: 1608.447: [GC [PSYoungGen: 271757K->530K(264768K)] 542223K->271035K(951744K), 0.0047660 secs] [Times: user=0.02 sys=0.00, real=0.01 secs] 
2014-07-09T01:13:05.915+0000: 1609.377: [GC [PSYoungGen: 264677K->687K(258240K)] 535182K->271306K(945216K), 0.0036820 secs] [Times: user=0.01 sys=0.00, real=0.01 secs] 
2014-07-09T01:13:06.830+0000: 1610.293: [GC [PSYoungGen: 258223K->498K(251648K)] 528842K->271205K(938624K), 0.0049080 secs] [Times: user=0.03 sys=0.00, real=0.00 secs] 
2014-07-09T01:13:07.719+0000: 1611.182: [GC [PSYoungGen: 251634K->864K(245888K)] 522341K->271660K(932864K), 0.0061180 secs] [Times: user=0.04 sys=0.00, real=0.00 secs] 
2014-07-09T01:13:08.581+0000: 1612.043: [GC [PSYoungGen: 245855K->1112K(240192K)] 516651K->271987K(927168K), 0.0064700 secs] [Times: user=0.04 sys=0.00, real=0.01 secs] 
2014-07-09T01:13:09.436+0000: 1612.898: [GC [PSYoungGen: 240139K->306K(233664K)] 511015K->271637K(920640K), 0.0040500 secs] [Times: user=0.02 sys=0.00, real=0.01 secs] 
2014-07-09T01:13:10.252+0000: 1613.715: [GC [PSYoungGen: 233650K->1186K(229056K)] 504981K->272598K(916032K), 0.0061200 secs] [Times: user=0.03 sys=0.00, real=0.01 secs] 
2014-07-09T01:13:11.056+0000: 1614.518: [GC [PSYoungGen: 229026K->658K(223232K)] 500438K->272431K(910208K), 0.0037940 secs] [Times: user=0.02 sys=0.00, real=0.01 secs] 
2014-07-09T01:13:11.841+0000: 1615.303: [GC [PSYoungGen: 223168K->1114K(218560K)] 494941K->272976K(905536K), 0.0056440 secs] [Times: user=0.03 sys=0.00, real=0.00 secs] 
2014-07-09T01:13:12.620+0000: 1616.082: [GC [PSYoungGen: 218478K->880K(213376K)] 490340K->272863K(900352K), 0.0036310 secs] [Times: user=0.02 sys=0.01, real=0.00 secs] 
2014-07-09T01:13:13.380+0000: 1616.842: [GC [PSYoungGen: 213360K->840K(208576K)] 485343K->272895K(895552K), 0.0058640 secs] [Times: user=0.03 sys=0.00, real=0.00 secs] 
2014-07-09T01:13:14.119+0000: 1617.582: [GC [PSYoungGen: 208511K->950K(204032K)] 480567K->273136K(891008K), 0.0072910 secs] [Times: user=0.04 sys=0.01, real=0.00 secs] 
2014-07-09T01:13:14.835+0000: 1618.298: [GC [PSYoungGen: 204022K->530K(199232K)] 476208K->272779K(886208K), 0.0086890 secs] [Times: user=0.06 sys=0.00, real=0.01 secs] 
2014-07-09T01:13:15.527+0000: 1618.989: [GC [PSYoungGen: 199154K->976K(195392K)] 471403K->273321K(882368K), 0.0061790 secs] [Times: user=0.03 sys=0.00, real=0.00 secs] 
2014-07-09T01:13:16.210+0000: 1619.672: [GC [PSYoungGen: 195334K->786K(191040K)] 467680K->273180K(878016K), 0.0063010 secs] [Times: user=0.04 sys=0.00, real=0.00 secs] 
2014-07-09T01:13:16.862+0000: 1620.324: [GC [PSYoungGen: 190994K->997K(187200K)] 463388K->273751K(874176K), 0.0052720 secs] [Times: user=0.02 sys=0.01, real=0.01 secs] 
2014-07-09T01:13:17.518+0000: 1620.980: [GC [PSYoungGen: 187173K->968K(224448K)] 459927K->273818K(911424K), 0.0163550 secs] [Times: user=0.10 sys=0.00, real=0.01 secs] 
2014-07-09T01:13:18.297+0000: 1621.759: [GC [PSYoungGen: 224392K->516K(268736K)] 497242K->273398K(955712K), 0.0051680 secs] [Times: user=0.02 sys=0.00, real=0.01 secs] 
2014-07-09T01:13:19.230+0000: 1622.692: [GC [PSYoungGen: 268676K->772K(292736K)] 541558K->273726K(979712K), 0.0074850 secs] [Times: user=0.05 sys=0.00, real=0.00 secs] 
2014-07-09T01:13:20.250+0000: 1623.712: [GC [PSYoungGen: 292036K->854K(284480K)] 564990K->273864K(971456K), 0.0064450 secs] [Times: user=0.04 sys=0.00, real=0.00 secs] 
2014-07-09T01:13:21.248+0000: 1624.711: [GC [PSYoungGen: 284437K->544K(276736K)] 557447K->273634K(963712K), 0.0069510 secs] [Times: user=0.04 sys=0.00, real=0.00 secs] 
2014-07-09T01:13:22.229+0000: 1625.691: [GC [PSYoungGen: 276704K->658K(269760K)] 549794K->273828K(956736K), 0.0051710 secs] [Times: user=0.03 sys=0.00, real=0.00 secs] 
2014-07-09T01:13:23.176+0000: 1626.638: [GC [PSYoungGen: 269714K->712K(262976K)] 542884K->273938K(949952K), 0.0056070 secs] [Times: user=0.03 sys=0.00, real=0.01 secs] 
2014-07-09T01:13:24.099+0000: 1627.561: [GC [PSYoungGen: 262920K->1066K(256704K)] 536146K->274372K(943680K), 0.0069460 secs] [Times: user=0.03 sys=0.01, real=0.00 secs] 
2014-07-09T01:13:24.986+0000: 1628.448: [GC [PSYoungGen: 256682K->676K(249984K)] 529988K->274070K(936960K), 0.0055940 secs] [Times: user=0.04 sys=0.00, real=0.01 secs] 
2014-07-09T01:13:25.855+0000: 1629.317: [GC [PSYoungGen: 249956K->548K(243776K)] 523350K->273998K(930752K), 0.0114310 secs] [Times: user=0.08 sys=0.00, real=0.01 secs] 
2014-07-09T01:13:26.693+0000: 1630.155: [GC [PSYoungGen: 243729K->1006K(238336K)] 517179K->274536K(925312K), 0.0102410 secs] [Times: user=0.07 sys=0.00, real=0.01 secs] 
2014-07-09T01:13:27.531+0000: 1630.993: [GC [PSYoungGen: 238318K->1122K(232832K)] 511848K->274708K(919808K), 0.0078780 secs] [Times: user=0.04 sys=0.00, real=0.00 secs] 
2014-07-09T01:13:28.367+0000: 1631.829: [GC [PSYoungGen: 232802K->648K(226944K)] 506388K->274290K(913920K), 0.0072950 secs] [Times: user=0.04 sys=0.00, real=0.01 secs] 
2014-07-09T01:13:29.179+0000: 1632.641: [GC [PSYoungGen: 226888K->982K(222016K)] 500530K->274704K(908992K), 0.0061820 secs] [Times: user=0.04 sys=0.00, real=0.01 secs] 
2014-07-09T01:13:29.931+0000: 1633.393: [GC [PSYoungGen: 221974K->914K(216896K)] 495696K->274732K(903872K), 0.0096810 secs] [Times: user=0.06 sys=0.00, real=0.01 secs] 
2014-07-09T01:13:30.693+0000: 1634.155: [GC [PSYoungGen: 216850K->887K(211968K)] 490668K->274941K(898944K), 0.0068230 secs] [Times: user=0.05 sys=0.00, real=0.01 secs] 
2014-07-09T01:13:31.422+0000: 1634.884: [GC [PSYoungGen: 211959K->862K(207232K)] 486013K->274980K(894208K), 0.0083090 secs] [Times: user=0.05 sys=0.00, real=0.01 secs] 
2014-07-09T01:13:32.139+0000: 1635.601: [GC [PSYoungGen: 207191K->962K(202816K)] 481309K->275160K(889792K), 0.0061020 secs] [Times: user=0.04 sys=0.00, real=0.01 secs] 
2014-07-09T01:13:32.843+0000: 1636.305: [GC [PSYoungGen: 202754K->912K(198336K)] 476952K->275190K(885312K), 0.0068760 secs] [Times: user=0.03 sys=0.01, real=0.00 secs] 
2014-07-09T01:13:33.544+0000: 1637.006: [GC [PSYoungGen: 198288K->752K(193920K)] 472566K->275152K(880896K), 0.0054040 secs] [Times: user=0.04 sys=0.00, real=0.00 secs] 
2014-07-09T01:13:34.211+0000: 1637.674: [GC [PSYoungGen: 193904K->904K(190016K)] 468304K->275352K(876992K), 0.0072640 secs] [Times: user=0.04 sys=0.01, real=0.00 secs] 
2014-07-09T01:13:34.877+0000: 1638.339: [GC [PSYoungGen: 189960K->890K(185984K)] 464408K->275484K(872960K), 0.0050450 secs] [Times: user=0.03 sys=0.00, real=0.01 secs] 
2014-07-09T01:13:35.523+0000: 1638.986: [GC [PSYoungGen: 185978K->910K(182208K)] 460572K->275568K(869184K), 0.0077150 secs] [Times: user=0.05 sys=0.00, real=0.01 secs] 
2014-07-09T01:13:36.160+0000: 1639.622: [GC [PSYoungGen: 182158K->638K(178176K)] 456816K->275622K(865152K), 0.0036320 secs] [Times: user=0.02 sys=0.01, real=0.00 secs] 
2014-07-09T01:13:36.781+0000: 1640.243: [GC [PSYoungGen: 178174K->594K(174592K)] 453158K->275650K(861568K), 0.0069260 secs] [Times: user=0.05 sys=0.00, real=0.00 secs] 
2014-07-09T01:13:37.394+0000: 1640.856: [GC [PSYoungGen: 174517K->530K(171072K)] 449574K->275650K(858048K), 0.0062870 secs] [Times: user=0.04 sys=0.00, real=0.00 secs] 
2014-07-09T01:13:37.988+0000: 1641.450: [GC [PSYoungGen: 171026K->744K(167872K)] 446146K->275952K(854848K), 0.0039250 secs] [Times: user=0.02 sys=0.00, real=0.01 secs] 
2014-07-09T01:13:38.576+0000: 1642.038: [GC [PSYoungGen: 167782K->833K(164736K)] 442991K->276097K(851712K), 0.0073340 secs] [Times: user=0.04 sys=0.00, real=0.01 secs] 
2014-07-09T01:13:39.149+0000: 1642.612: [GC [PSYoungGen: 164673K->744K(161472K)] 439937K->276080K(848448K), 0.0039450 secs] [Times: user=0.02 sys=0.00, real=0.01 secs] 
2014-07-09T01:13:39.704+0000: 1643.166: [GC [PSYoungGen: 161448K->548K(158208K)] 436784K->275956K(845184K), 0.0028740 secs] [Times: user=0.01 sys=0.00, real=0.00 secs] 
2014-07-09T01:13:40.254+0000: 1643.716: [GC [PSYoungGen: 158165K->844K(155584K)] 433573K->276308K(842560K), 0.0068360 secs] [Times: user=0.04 sys=0.00, real=0.00 secs] 
2014-07-09T01:13:40.799+0000: 1644.261: [GC [PSYoungGen: 155532K->480K(186176K)] 430996K->276008K(873152K), 0.0093060 secs] [Times: user=0.04 sys=0.00, real=0.01 secs] 
2014-07-09T01:13:41.452+0000: 1644.915: [GC [PSYoungGen: 186144K->874K(223744K)] 461672K->276458K(910720K), 0.0059450 secs] [Times: user=0.04 sys=0.00, real=0.00 secs] 
2014-07-09T01:13:42.263+0000: 1645.725: [GC [PSYoungGen: 223722K->1018K(218752K)] 499306K->276690K(905728K), 0.0042460 secs] [Times: user=0.02 sys=0.00, real=0.00 secs] 
2014-07-09T01:13:43.012+0000: 1646.474: [GC [PSYoungGen: 218746K->926K(262272K)] 494418K->276662K(949248K), 0.0116650 secs] [Times: user=0.06 sys=0.00, real=0.01 secs] 
2014-07-09T01:13:43.951+0000: 1647.413: [GC [PSYoungGen: 262238K->502K(307648K)] 537974K->276596K(994624K), 0.0083810 secs] [Times: user=0.06 sys=0.01, real=0.01 secs] 
2014-07-09T01:13:45.030+0000: 1648.492: [GC [PSYoungGen: 307638K->976K(299840K)] 583732K->277150K(986816K), 0.0093540 secs] [Times: user=0.06 sys=0.00, real=0.01 secs] 
2014-07-09T01:13:46.082+0000: 1649.545: [GC [PSYoungGen: 299792K->256K(291072K)] 575966K->277085K(978048K), 0.0063960 secs] [Times: user=0.04 sys=0.00, real=0.00 secs] 
2014-07-09T01:13:47.100+0000: 1650.562: [GC [PSYoungGen: 291029K->1198K(284352K)] 567858K->278083K(971328K), 0.0028150 secs] [Times: user=0.02 sys=0.00, real=0.01 secs] 
2014-07-09T01:13:48.092+0000: 1651.554: [GC [PSYoungGen: 284334K->754K(276544K)] 561219K->278027K(963520K), 0.0057950 secs] [Times: user=0.03 sys=0.01, real=0.00 secs] 
2014-07-09T01:13:49.080+0000: 1652.542: [GC [PSYoungGen: 276530K->1068K(269760K)] 553803K->278437K(956736K), 0.0089310 secs] [Times: user=0.05 sys=0.01, real=0.01 secs] 
2014-07-09T01:13:50.009+0000: 1653.472: [GC [PSYoungGen: 269740K->862K(262720K)] 547109K->278295K(949696K), 0.0054080 secs] [Times: user=0.03 sys=0.00, real=0.01 secs] 
2014-07-09T01:13:50.937+0000: 1654.399: [GC [PSYoungGen: 262686K->1032K(256320K)] 540119K->278561K(943296K), 0.0072790 secs] [Times: user=0.04 sys=0.00, real=0.01 secs] 
2014-07-09T01:13:51.827+0000: 1655.290: [GC [PSYoungGen: 256264K->598K(249536K)] 533793K->278199K(936512K), 0.0069130 secs] [Times: user=0.05 sys=0.00, real=0.01 secs] 
2014-07-09T01:13:52.706+0000: 1656.168: [GC [PSYoungGen: 249463K->772K(243648K)] 527064K->278461K(930624K), 0.0106070 secs] [Times: user=0.07 sys=0.00, real=0.01 secs] 
2014-07-09T01:13:53.559+0000: 1657.021: [GC [PSYoungGen: 243570K->658K(237632K)] 521259K->278435K(924608K), 0.0053370 secs] [Times: user=0.03 sys=0.00, real=0.01 secs] 
2014-07-09T01:13:54.394+0000: 1657.856: [GC [PSYoungGen: 237586K->768K(232128K)] 515363K->278617K(919104K), 0.0066810 secs] [Times: user=0.05 sys=0.00, real=0.00 secs] 
2014-07-09T01:13:55.202+0000: 1658.664: [GC [PSYoungGen: 232064K->662K(226560K)] 509913K->278607K(913536K), 0.0064320 secs] [Times: user=0.03 sys=0.00, real=0.01 secs] 
2014-07-09T01:13:56.006+0000: 1659.469: [GC [PSYoungGen: 226472K->933K(221568K)] 504417K->278950K(908544K), 0.0101030 secs] [Times: user=0.05 sys=0.00, real=0.01 secs] 
2014-07-09T01:13:56.774+0000: 1660.237: [GC [PSYoungGen: 221518K->930K(265728K)] 499535K->279035K(952704K), 0.0108290 secs] [Times: user=0.06 sys=0.00, real=0.01 secs] 
2014-07-09T01:13:57.708+0000: 1661.170: [GC [PSYoungGen: 265676K->1163K(259328K)] 543781K->279340K(946304K), 0.0037360 secs] [Times: user=0.02 sys=0.01, real=0.00 secs] 
2014-07-09T01:13:58.617+0000: 1662.079: [GC [PSYoungGen: 259275K->438K(252160K)] 537452K->279005K(939136K), 0.0074730 secs] [Times: user=0.05 sys=0.00, real=0.01 secs] 
2014-07-09T01:13:59.509+0000: 1662.972: [GC [PSYoungGen: 252150K->1122K(246656K)] 530717K->279769K(933632K), 0.0060670 secs] [Times: user=0.04 sys=0.00, real=0.01 secs] 
2014-07-09T01:14:00.359+0000: 1663.822: [GC [PSYoungGen: 246626K->914K(240512K)] 525273K->279681K(927488K), 0.0061900 secs] [Times: user=0.05 sys=0.00, real=0.01 secs] 
2014-07-09T01:14:01.204+0000: 1664.667: [GC [PSYoungGen: 240466K->840K(234688K)] 519233K->279687K(921664K), 0.0066280 secs] [Times: user=0.04 sys=0.00, real=0.00 secs] 
2014-07-09T01:14:02.039+0000: 1665.501: [GC [PSYoungGen: 234632K->640K(228928K)] 513479K->279567K(915904K), 0.0116890 secs] [Times: user=0.08 sys=0.00, real=0.01 secs] 
2014-07-09T01:14:02.837+0000: 1666.299: [GC [PSYoungGen: 228928K->964K(224000K)] 507855K->279996K(910976K), 0.0070850 secs] [Times: user=0.05 sys=0.00, real=0.01 secs] 
2014-07-09T01:14:03.608+0000: 1667.071: [GC [PSYoungGen: 223940K->562K(218432K)] 502972K->279673K(905408K), 0.0068210 secs] [Times: user=0.04 sys=0.00, real=0.01 secs] 
2014-07-09T01:14:04.380+0000: 1667.843: [GC [PSYoungGen: 218418K->690K(213632K)] 497529K->279849K(900608K), 0.0085990 secs] [Times: user=0.04 sys=0.01, real=0.01 secs] 
2014-07-09T01:14:05.129+0000: 1668.591: [GC [PSYoungGen: 213618K->716K(208896K)] 492777K->279915K(895872K), 0.0067430 secs] [Times: user=0.03 sys=0.00, real=0.01 secs] 
2014-07-09T01:14:05.855+0000: 1669.317: [GC [PSYoungGen: 208821K->762K(204288K)] 488021K->280065K(891264K), 0.0078580 secs] [Times: user=0.05 sys=0.00, real=0.00 secs] 
2014-07-09T01:14:06.579+0000: 1670.042: [GC [PSYoungGen: 204282K->1042K(200128K)] 483585K->280418K(887104K), 0.0034180 secs] [Times: user=0.02 sys=0.00, real=0.00 secs] 
2014-07-09T01:14:07.267+0000: 1670.729: [GC [PSYoungGen: 200082K->914K(195712K)] 479458K->280354K(882688K), 0.0075420 secs] [Times: user=0.04 sys=0.00, real=0.00 secs] 
2014-07-09T01:14:07.952+0000: 1671.414: [GC [PSYoungGen: 195625K->556K(191168K)] 475064K->280205K(878144K), 0.0053060 secs] [Times: user=0.03 sys=0.00, real=0.01 secs] 
2014-07-09T01:14:08.618+0000: 1672.081: [GC [PSYoungGen: 191132K->1086K(187648K)] 470781K->280799K(874624K), 0.0056810 secs] [Times: user=0.02 sys=0.00, real=0.00 secs] 
2014-07-09T01:14:09.284+0000: 1672.746: [GC [PSYoungGen: 187646K->865K(183552K)] 467359K->280684K(870528K), 0.0038540 secs] [Times: user=0.02 sys=0.00, real=0.01 secs] 
2014-07-09T01:14:09.934+0000: 1673.396: [GC [PSYoungGen: 183521K->868K(179776K)] 463340K->280728K(866752K), 0.0104830 secs] [Times: user=0.05 sys=0.00, real=0.01 secs] 
2014-07-09T01:14:10.561+0000: 1674.023: [GC [PSYoungGen: 179748K->676K(175936K)] 459608K->280607K(862912K), 0.0058150 secs] [Times: user=0.03 sys=0.00, real=0.01 secs] 
2014-07-09T01:14:11.185+0000: 1674.647: [GC [PSYoungGen: 175908K->644K(172416K)] 455839K->280623K(859392K), 0.0058760 secs] [Times: user=0.02 sys=0.00, real=0.01 secs] 
2014-07-09T01:14:11.790+0000: 1675.252: [GC [PSYoungGen: 172356K->844K(169216K)] 452335K->280895K(856192K), 0.0054650 secs] [Times: user=0.03 sys=0.00, real=0.00 secs] 
2014-07-09T01:14:12.386+0000: 1675.848: [GC [PSYoungGen: 169164K->548K(165632K)] 449215K->280639K(852608K), 0.0052300 secs] [Times: user=0.02 sys=0.00, real=0.01 secs] 
2014-07-09T01:14:12.971+0000: 1676.434: [GC [PSYoungGen: 165604K->780K(162688K)] 445695K->280959K(849664K), 0.0066010 secs] [Times: user=0.05 sys=0.00, real=0.01 secs] 
2014-07-09T01:14:13.566+0000: 1677.028: [GC [PSYoungGen: 162636K->730K(159552K)] 442815K->280981K(846528K), 0.0056950 secs] [Times: user=0.04 sys=0.00, real=0.00 secs] 
2014-07-09T01:14:14.132+0000: 1677.594: [GC [PSYoungGen: 159514K->608K(156416K)] 439765K->280899K(843392K), 0.0046720 secs] [Times: user=0.01 sys=0.00, real=0.01 secs] 
2014-07-09T01:14:14.673+0000: 1678.135: [GC [PSYoungGen: 156363K->936K(153856K)] 436655K->281299K(840832K), 0.0051740 secs] [Times: user=0.03 sys=0.00, real=0.01 secs] 
2014-07-09T01:14:15.207+0000: 1678.669: [GC [PSYoungGen: 153832K->562K(150656K)] 434195K->280997K(837632K), 0.0058330 secs] [Times: user=0.04 sys=0.00, real=0.00 secs] 
2014-07-09T01:14:15.711+0000: 1679.174: [GC [PSYoungGen: 150642K->1089K(181248K)] 431077K->281581K(868224K), 0.0064090 secs] [Times: user=0.04 sys=0.00, real=0.01 secs] 
2014-07-09T01:14:16.351+0000: 1679.813: [GC [PSYoungGen: 181185K->616K(177088K)] 461677K->281291K(864064K), 0.0050530 secs] [Times: user=0.03 sys=0.00, real=0.01 secs] 
2014-07-09T01:14:16.979+0000: 1680.441: [GC [PSYoungGen: 177064K->712K(173632K)] 457739K->281459K(860608K), 0.0049840 secs] [Times: user=0.03 sys=0.01, real=0.00 secs] 
2014-07-09T01:14:17.580+0000: 1681.042: [GC [PSYoungGen: 173545K->762K(170176K)] 454292K->281697K(857152K), 0.0067320 secs] [Times: user=0.04 sys=0.00, real=0.00 secs] 
2014-07-09T01:14:18.173+0000: 1681.635: [GC [PSYoungGen: 170170K->878K(166976K)] 451105K->281902K(853952K), 0.0061720 secs] [Times: user=0.04 sys=0.00, real=0.01 secs] 
2014-07-09T01:14:18.760+0000: 1682.222: [GC [PSYoungGen: 166958K->480K(163392K)] 447982K->281567K(850368K), 0.0031270 secs] [Times: user=0.02 sys=0.00, real=0.00 secs] 
2014-07-09T01:14:19.330+0000: 1682.792: [GC [PSYoungGen: 163360K->662K(160448K)] 444447K->281797K(847424K), 0.0052580 secs] [Times: user=0.02 sys=0.00, real=0.00 secs] 
2014-07-09T01:14:19.902+0000: 1683.364: [GC [PSYoungGen: 160406K->612K(157376K)] 441541K->281819K(844352K), 0.0063590 secs] [Times: user=0.03 sys=0.00, real=0.01 secs] 
2014-07-09T01:14:20.455+0000: 1683.917: [GC [PSYoungGen: 157348K->812K(188928K)] 438555K->282083K(875904K), 0.0111840 secs] [Times: user=0.06 sys=0.00, real=0.01 secs] 
2014-07-09T01:14:21.106+0000: 1684.569: [GC [PSYoungGen: 188908K->698K(226432K)] 470179K->282009K(913408K), 0.0129080 secs] [Times: user=0.07 sys=0.00, real=0.02 secs] 
2014-07-09T01:14:21.893+0000: 1685.355: [GC [PSYoungGen: 226419K->598K(271552K)] 507731K->281981K(958528K), 0.0078730 secs] [Times: user=0.06 sys=0.00, real=0.01 secs] 
2014-07-09T01:14:22.839+0000: 1686.301: [GC [PSYoungGen: 271510K->733K(286336K)] 552893K->282172K(973312K), 0.0093150 secs] [Times: user=0.05 sys=0.00, real=0.01 secs] 
2014-07-09T01:14:23.849+0000: 1687.311: [GC [PSYoungGen: 286173K->762K(286528K)] 567612K->282289K(973504K), 0.0069790 secs] [Times: user=0.05 sys=0.00, real=0.00 secs] 
2014-07-09T01:14:24.854+0000: 1688.316: [GC [PSYoungGen: 286182K->530K(278528K)] 567709K->282129K(965504K), 0.0060420 secs] [Times: user=0.04 sys=0.00, real=0.01 secs] 
2014-07-09T01:14:25.824+0000: 1689.286: [GC [PSYoungGen: 278481K->816K(334400K)] 560081K->282471K(1021376K), 0.0116720 secs] [Times: user=0.07 sys=0.00, real=0.01 secs] 
2014-07-09T01:14:27.006+0000: 1690.468: [GC [PSYoungGen: 334384K->702K(324864K)] 616039K->282479K(1011840K), 0.0038000 secs] [Times: user=0.02 sys=0.00, real=0.01 secs] 
2014-07-09T01:14:28.156+0000: 1691.618: [GC [PSYoungGen: 324862K->869K(316032K)] 606639K->282703K(1003008K), 0.0090100 secs] [Times: user=0.04 sys=0.00, real=0.01 secs] 
2014-07-09T01:14:29.266+0000: 1692.728: [GC [PSYoungGen: 315978K->548K(307072K)] 597812K->282413K(994048K), 0.0108620 secs] [Times: user=0.06 sys=0.00, real=0.01 secs] 
2014-07-09T01:14:30.344+0000: 1693.806: [GC [PSYoungGen: 307044K->908K(299136K)] 588909K->282829K(986112K), 0.0077660 secs] [Times: user=0.02 sys=0.00, real=0.01 secs] 
2014-07-09T01:14:31.393+0000: 1694.855: [GC [PSYoungGen: 299084K->668K(290944K)] 581005K->282662K(977920K), 0.0072570 secs] [Times: user=0.04 sys=0.00, real=0.01 secs] 
2014-07-09T01:14:32.420+0000: 1695.882: [GC [PSYoungGen: 290896K->1000K(283584K)] 572889K->283050K(970560K), 0.0068900 secs] [Times: user=0.05 sys=0.00, real=0.00 secs] 
2014-07-09T01:14:33.408+0000: 1696.870: [GC [PSYoungGen: 283560K->502K(275712K)] 565610K->282703K(962688K), 0.0073090 secs] [Times: user=0.04 sys=0.00, real=0.01 secs] 
2014-07-09T01:14:34.380+0000: 1697.842: [GC [PSYoungGen: 275702K->1130K(269248K)] 557903K->283460K(956224K), 0.0070210 secs] [Times: user=0.04 sys=0.01, real=0.00 secs] 
2014-07-09T01:14:35.311+0000: 1698.773: [GC [PSYoungGen: 269226K->676K(262016K)] 551556K->283275K(948992K), 0.0086770 secs] [Times: user=0.05 sys=0.00, real=0.01 secs] 
2014-07-09T01:14:36.244+0000: 1699.706: [GC [PSYoungGen: 261988K->768K(255616K)] 544587K->283416K(942592K), 0.0107220 secs] [Times: user=0.06 sys=0.00, real=0.01 secs] 
2014-07-09T01:14:37.140+0000: 1700.602: [GC [PSYoungGen: 255552K->644K(249216K)] 538200K->283355K(936192K), 0.0058200 secs] [Times: user=0.03 sys=0.00, real=0.01 secs] 
2014-07-09T01:14:38.006+0000: 1701.468: [GC [PSYoungGen: 249154K->812K(243264K)] 531866K->283611K(930240K), 0.0083250 secs] [Times: user=0.05 sys=0.00, real=0.01 secs] 
2014-07-09T01:14:38.862+0000: 1702.324: [GC [PSYoungGen: 243244K->862K(237504K)] 526043K->283741K(924480K), 0.0041570 secs] [Times: user=0.01 sys=0.00, real=0.00 secs] 
2014-07-09T01:14:39.695+0000: 1703.157: [GC [PSYoungGen: 237470K->844K(231872K)] 520349K->283811K(918848K), 0.0053870 secs] [Times: user=0.02 sys=0.00, real=0.01 secs] 
2014-07-09T01:14:40.522+0000: 1703.984: [GC [PSYoungGen: 231820K->694K(226240K)] 514787K->283847K(913216K), 0.0063070 secs] [Times: user=0.04 sys=0.01, real=0.00 secs] 
2014-07-09T01:14:41.320+0000: 1704.782: [GC [PSYoungGen: 226230K->694K(220992K)] 509383K->283953K(907968K), 0.0065540 secs] [Times: user=0.04 sys=0.00, real=0.01 secs] 
2014-07-09T01:14:42.107+0000: 1705.569: [GC [PSYoungGen: 220964K->876K(216128K)] 504224K->284223K(903104K), 0.0063740 secs] [Times: user=0.04 sys=0.00, real=0.01 secs] 
2014-07-09T01:14:42.854+0000: 1706.316: [GC [PSYoungGen: 216107K->448K(210816K)] 499455K->283859K(897792K), 0.0061020 secs] [Times: user=0.04 sys=0.00, real=0.01 secs] 
2014-07-09T01:14:43.602+0000: 1707.064: [GC [PSYoungGen: 210780K->976K(206720K)] 494192K->284502K(893696K), 0.0060990 secs] [Times: user=0.04 sys=0.00, real=0.00 secs] 
2014-07-09T01:14:44.319+0000: 1707.782: [GC [PSYoungGen: 206672K->722K(201920K)] 490198K->284280K(888896K), 0.0067900 secs] [Times: user=0.02 sys=0.00, real=0.01 secs] 
2014-07-09T01:14:45.029+0000: 1708.491: [GC [PSYoungGen: 201874K->680K(197504K)] 485432K->284508K(884480K), 0.0061100 secs] [Times: user=0.04 sys=0.00, real=0.01 secs] 
2014-07-09T01:14:45.723+0000: 1709.185: [GC [PSYoungGen: 197480K->662K(193280K)] 481308K->284545K(880256K), 0.0077240 secs] [Times: user=0.04 sys=0.00, real=0.00 secs] 
2014-07-09T01:14:46.394+0000: 1709.856: [GC [PSYoungGen: 193238K->1020K(189504K)] 477121K->284984K(876480K), 0.0077090 secs] [Times: user=0.06 sys=0.01, real=0.01 secs] 
2014-07-09T01:14:47.052+0000: 1710.514: [GC [PSYoungGen: 189500K->516K(185088K)] 473464K->284535K(872064K), 0.0065020 secs] [Times: user=0.04 sys=0.00, real=0.00 secs] 
2014-07-09T01:14:47.710+0000: 1711.172: [GC [PSYoungGen: 185028K->1004K(181696K)] 469047K->285162K(868672K), 0.0062580 secs] [Times: user=0.03 sys=0.00, real=0.01 secs] 
2014-07-09T01:14:48.347+0000: 1711.809: [GC [PSYoungGen: 181673K->976K(177984K)] 465831K->285230K(864960K), 0.0074440 secs] [Times: user=0.05 sys=0.00, real=0.01 secs] 
2014-07-09T01:14:48.955+0000: 1712.417: [GC [PSYoungGen: 177936K->684K(213056K)] 462190K->285158K(900032K), 0.0084700 secs] [Times: user=0.05 sys=0.00, real=0.01 secs] 
2014-07-09T01:14:49.707+0000: 1713.169: [GC [PSYoungGen: 213036K->768K(208448K)] 497510K->285330K(895424K), 0.0048830 secs] [Times: user=0.02 sys=0.01, real=0.00 secs] 
2014-07-09T01:14:50.449+0000: 1713.911: [GC [PSYoungGen: 208384K->758K(249920K)] 492946K->285392K(936896K), 0.0126760 secs] [Times: user=0.08 sys=0.00, real=0.01 secs] 
2014-07-09T01:14:51.306+0000: 1714.768: [GC [PSYoungGen: 249910K->982K(244096K)] 534544K->285672K(931072K), 0.0031280 secs] [Times: user=0.01 sys=0.00, real=0.00 secs] 
2014-07-09T01:14:52.178+0000: 1715.640: [GC [PSYoungGen: 244054K->812K(292544K)] 528744K->285790K(979520K), 0.0108950 secs] [Times: user=0.07 sys=0.00, real=0.01 secs] 
2014-07-09T01:14:53.192+0000: 1716.655: [GC [PSYoungGen: 292476K->1018K(330368K)] 577454K->286044K(1017344K), 0.0099910 secs] [Times: user=0.06 sys=0.01, real=0.01 secs] 
2014-07-09T01:14:54.344+0000: 1717.806: [GC [PSYoungGen: 330042K->836K(320704K)] 615068K->285910K(1007680K), 0.0072840 secs] [Times: user=0.04 sys=0.00, real=0.00 secs] 
2014-07-09T01:14:55.476+0000: 1718.939: [GC [PSYoungGen: 320644K->1090K(350976K)] 605718K->286228K(1037952K), 0.0235940 secs] [Times: user=0.14 sys=0.00, real=0.02 secs] 
2014-07-09T01:14:56.715+0000: 1720.177: [GC [PSYoungGen: 350722K->844K(340480K)] 635860K->286046K(1027456K), 0.0047110 secs] [Times: user=0.02 sys=0.01, real=0.00 secs] 
2014-07-09T01:14:57.922+0000: 1721.384: [GC [PSYoungGen: 340428K->694K(330688K)] 625630K->285968K(1017664K), 0.0047090 secs] [Times: user=0.02 sys=0.00, real=0.01 secs] 
2014-07-09T01:14:59.076+0000: 1722.539: [GC [PSYoungGen: 330631K->800K(321600K)] 615905K->286178K(1008576K), 0.0058310 secs] [Times: user=0.04 sys=0.00, real=0.00 secs] 
2014-07-09T01:15:00.192+0000: 1723.654: [GC [PSYoungGen: 321568K->608K(312576K)] 606946K->286042K(999552K), 0.0040020 secs] [Times: user=0.01 sys=0.00, real=0.01 secs] 
2014-07-09T01:15:01.285+0000: 1724.747: [GC [PSYoungGen: 312544K->908K(304384K)] 597978K->286422K(991360K), 0.0038660 secs] [Times: user=0.02 sys=0.00, real=0.00 secs] 
2014-07-09T01:15:02.371+0000: 1725.834: [GC [PSYoungGen: 304332K->740K(296000K)] 589846K->286350K(982976K), 0.0064130 secs] [Times: user=0.04 sys=0.00, real=0.01 secs] 
2014-07-09T01:15:03.397+0000: 1726.859: [GC [PSYoungGen: 295972K->676K(288064K)] 581582K->286366K(975040K), 0.0071460 secs] [Times: user=0.05 sys=0.01, real=0.01 secs] 
2014-07-09T01:15:04.421+0000: 1727.883: [GC [PSYoungGen: 288036K->816K(280640K)] 573726K->286546K(967616K), 0.0036580 secs] [Times: user=0.02 sys=0.00, real=0.01 secs] 
2014-07-09T01:15:05.403+0000: 1728.865: [GC [PSYoungGen: 280579K->894K(273472K)] 566309K->286712K(960448K), 0.0067840 secs] [Times: user=0.04 sys=0.00, real=0.01 secs] 
2014-07-09T01:15:06.369+0000: 1729.831: [GC [PSYoungGen: 273470K->978K(266624K)] 559288K->286908K(953600K), 0.0038160 secs] [Times: user=0.02 sys=0.01, real=0.00 secs] 
2014-07-09T01:15:07.306+0000: 1730.768: [GC [PSYoungGen: 266578K->544K(259456K)] 552508K->286538K(946432K), 0.0052360 secs] [Times: user=0.03 sys=0.00, real=0.00 secs] 
2014-07-09T01:15:08.220+0000: 1731.682: [GC [PSYoungGen: 259424K->698K(253120K)] 545418K->286740K(940096K), 0.0066210 secs] [Times: user=0.04 sys=0.00, real=0.01 secs] 
2014-07-09T01:15:09.113+0000: 1732.575: [GC [PSYoungGen: 253114K->900K(247168K)] 539156K->287022K(934144K), 0.0036220 secs] [Times: user=0.02 sys=0.01, real=0.01 secs] 
2014-07-09T01:15:09.973+0000: 1733.436: [GC [PSYoungGen: 247108K->908K(241216K)] 533230K->287134K(928192K), 0.0048730 secs] [Times: user=0.03 sys=0.01, real=0.01 secs] 
2014-07-09T01:15:10.837+0000: 1734.299: [GC [PSYoungGen: 241164K->572K(235072K)] 527390K->287462K(922048K), 0.0104390 secs] [Times: user=0.07 sys=0.00, real=0.01 secs] 
2014-07-09T01:15:11.634+0000: 1735.097: [GC [PSYoungGen: 235066K->958K(229888K)] 521956K->287904K(916864K), 0.0047360 secs] [Times: user=0.02 sys=0.00, real=0.01 secs] 
2014-07-09T01:15:12.450+0000: 1735.912: [GC [PSYoungGen: 229807K->957K(224512K)] 516753K->288141K(911488K), 0.0083540 secs] [Times: user=0.04 sys=0.00, real=0.01 secs] 
2014-07-09T01:15:13.224+0000: 1736.686: [GC [PSYoungGen: 224509K->580K(219008K)] 511693K->287804K(905984K), 0.0101870 secs] [Times: user=0.05 sys=0.00, real=0.01 secs] 
2014-07-09T01:15:13.989+0000: 1737.451: [GC [PSYoungGen: 218948K->780K(214208K)] 506172K->288060K(901184K), 0.0043250 secs] [Times: user=0.02 sys=0.01, real=0.00 secs] 
2014-07-09T01:15:14.730+0000: 1738.192: [GC [PSYoungGen: 214156K->1113K(209728K)] 501436K->288465K(896704K), 0.0059940 secs] [Times: user=0.03 sys=0.01, real=0.01 secs] 
2014-07-09T01:15:15.462+0000: 1738.924: [GC [PSYoungGen: 209689K->612K(204608K)] 497041K->288036K(891584K), 0.0046820 secs] [Times: user=0.03 sys=0.00, real=0.01 secs] 
2014-07-09T01:15:16.185+0000: 1739.647: [GC [PSYoungGen: 204580K->580K(200128K)] 492004K->288060K(887104K), 0.0070120 secs] [Times: user=0.04 sys=0.00, real=0.01 secs] 
2014-07-09T01:15:16.883+0000: 1740.345: [GC [PSYoungGen: 200068K->944K(196160K)] 487548K->288512K(883136K), 0.0052510 secs] [Times: user=0.03 sys=0.00, real=0.01 secs] 
2014-07-09T01:15:17.578+0000: 1741.040: [GC [PSYoungGen: 196144K->850K(191936K)] 483712K->288498K(878912K), 0.0092320 secs] [Times: user=0.05 sys=0.00, real=0.01 secs] 
2014-07-09T01:15:18.260+0000: 1741.722: [GC [PSYoungGen: 191890K->694K(187712K)] 479538K->288406K(874688K), 0.0065140 secs] [Times: user=0.04 sys=0.00, real=0.01 secs] 
2014-07-09T01:15:18.914+0000: 1742.376: [GC [PSYoungGen: 187666K->914K(184064K)] 475378K->288698K(871040K), 0.0076350 secs] [Times: user=0.04 sys=0.00, real=0.01 secs] 
2014-07-09T01:15:19.559+0000: 1743.021: [GC [PSYoungGen: 183955K->744K(220544K)] 471739K->288616K(907520K), 0.0077790 secs] [Times: user=0.05 sys=0.01, real=0.01 secs] 
2014-07-09T01:15:20.323+0000: 1743.785: [GC [PSYoungGen: 220489K->1079K(215808K)] 508362K->288991K(902784K), 0.0073860 secs] [Times: user=0.04 sys=0.00, real=0.01 secs] 
2014-07-09T01:15:21.101+0000: 1744.563: [GC [PSYoungGen: 215799K->620K(210496K)] 503711K->288800K(897472K), 0.0077190 secs] [Times: user=0.05 sys=0.01, real=0.01 secs] 
2014-07-09T01:15:21.837+0000: 1745.299: [GC [PSYoungGen: 210468K->818K(206016K)] 498648K->289062K(892992K), 0.0070650 secs] [Times: user=0.03 sys=0.00, real=0.00 secs] 
2014-07-09T01:15:22.559+0000: 1746.021: [GC [PSYoungGen: 205988K->548K(246848K)] 494233K->288964K(933824K), 0.0103510 secs] [Times: user=0.08 sys=0.00, real=0.01 secs] 
2014-07-09T01:15:23.431+0000: 1746.893: [GC [PSYoungGen: 246802K->648K(296256K)] 535218K->289096K(983232K), 0.0143670 secs] [Times: user=0.09 sys=0.00, real=0.01 secs] 
2014-07-09T01:15:24.480+0000: 1747.943: [GC [PSYoungGen: 296200K->562K(355264K)] 584648K->289106K(1042240K), 0.0068860 secs] [Times: user=0.04 sys=0.00, real=0.01 secs] 
2014-07-09T01:15:25.727+0000: 1749.189: [GC [PSYoungGen: 355238K->658K(345152K)] 643782K->289266K(1032128K), 0.0040780 secs] [Times: user=0.02 sys=0.00, real=0.00 secs] 
2014-07-09T01:15:26.940+0000: 1750.402: [GC [PSYoungGen: 345106K->712K(335424K)] 633714K->289368K(1022400K), 0.0044750 secs] [Times: user=0.02 sys=0.00, real=0.00 secs] 
2014-07-09T01:15:28.118+0000: 1751.580: [GC [PSYoungGen: 335335K->733K(326016K)] 623991K->289429K(1012992K), 0.0125830 secs] [Times: user=0.07 sys=0.00, real=0.01 secs] 
2014-07-09T01:15:29.259+0000: 1752.721: [GC [PSYoungGen: 325981K->890K(317120K)] 614677K->289658K(1004096K), 0.0046390 secs] [Times: user=0.03 sys=0.00, real=0.00 secs] 
2014-07-09T01:15:30.367+0000: 1753.829: [GC [PSYoungGen: 317114K->958K(308480K)] 605882K->289782K(995456K), 0.0114960 secs] [Times: user=0.07 sys=0.00, real=0.02 secs] 
2014-07-09T01:15:31.458+0000: 1754.920: [GC [PSYoungGen: 308478K->502K(299712K)] 597302K->289668K(986688K), 0.0033660 secs] [Times: user=0.01 sys=0.00, real=0.00 secs] 
2014-07-09T01:15:32.506+0000: 1755.968: [GC [PSYoungGen: 299702K->1029K(292288K)] 588868K->290309K(979264K), 0.0036570 secs] [Times: user=0.02 sys=0.00, real=0.01 secs] 
2014-07-09T01:15:33.530+0000: 1756.992: [GC [PSYoungGen: 292229K->754K(284288K)] 581509K->290330K(971264K), 0.0039210 secs] [Times: user=0.01 sys=0.00, real=0.00 secs] 
2014-07-09T01:15:34.544+0000: 1758.006: [GC [PSYoungGen: 284274K->976K(277120K)] 573850K->290656K(964096K), 0.0036060 secs] [Times: user=0.02 sys=0.01, real=0.00 secs] 
2014-07-09T01:15:35.512+0000: 1758.974: [GC [PSYoungGen: 277053K->726K(269760K)] 566734K->290478K(956736K), 0.0145140 secs] [Times: user=0.09 sys=0.00, real=0.01 secs] 
2014-07-09T01:15:36.470+0000: 1759.932: [GC [PSYoungGen: 269683K->1031K(263232K)] 559435K->290872K(950208K), 0.0039650 secs] [Times: user=0.01 sys=0.00, real=0.00 secs] 
2014-07-09T01:15:37.390+0000: 1760.852: [GC [PSYoungGen: 263175K->744K(256320K)] 553016K->290616K(943296K), 0.0053960 secs] [Times: user=0.02 sys=0.01, real=0.00 secs] 
2014-07-09T01:15:38.289+0000: 1761.752: [GC [PSYoungGen: 256296K->798K(250048K)] 546168K->290702K(937024K), 0.0146480 secs] [Times: user=0.09 sys=0.00, real=0.01 secs] 
2014-07-09T01:15:39.171+0000: 1762.633: [GC [PSYoungGen: 250009K->598K(243776K)] 539913K->290550K(930752K), 0.0082100 secs] [Times: user=0.06 sys=0.00, real=0.01 secs] 
2014-07-09T01:15:40.037+0000: 1763.499: [GC [PSYoungGen: 243734K->598K(237888K)] 533686K->290590K(924864K), 0.0041770 secs] [Times: user=0.02 sys=0.00, real=0.01 secs] 
2014-07-09T01:15:40.878+0000: 1764.341: [GC [PSYoungGen: 237846K->962K(232640K)] 527838K->291050K(919616K), 0.0053540 secs] [Times: user=0.04 sys=0.00, real=0.01 secs] 
2014-07-09T01:15:41.692+0000: 1765.154: [GC [PSYoungGen: 232578K->708K(226944K)] 522666K->290852K(913920K), 0.0052780 secs] [Times: user=0.01 sys=0.00, real=0.00 secs] 
2014-07-09T01:15:42.490+0000: 1765.953: [GC [PSYoungGen: 226883K->823K(221760K)] 517028K->291151K(908736K), 0.0098680 secs] [Times: user=0.06 sys=0.00, real=0.01 secs] 
2014-07-09T01:15:43.271+0000: 1766.733: [GC [PSYoungGen: 221751K->944K(216832K)] 512079K->291351K(903808K), 0.0063690 secs] [Times: user=0.04 sys=0.00, real=0.00 secs] 
2014-07-09T01:15:44.031+0000: 1767.493: [GC [PSYoungGen: 216816K->780K(211840K)] 507223K->291325K(898816K), 0.0034160 secs] [Times: user=0.02 sys=0.01, real=0.00 secs] 
2014-07-09T01:15:44.774+0000: 1768.236: [GC [PSYoungGen: 211788K->676K(206976K)] 502333K->291309K(893952K), 0.0033630 secs] [Times: user=0.02 sys=0.00, real=0.00 secs] 
2014-07-09T01:15:45.505+0000: 1768.967: [GC [PSYoungGen: 206913K->715K(202496K)] 497547K->291404K(889472K), 0.0076070 secs] [Times: user=0.05 sys=0.00, real=0.01 secs] 
2014-07-09T01:15:46.227+0000: 1769.690: [GC [PSYoungGen: 202443K->580K(197952K)] 493132K->291317K(884928K), 0.0083910 secs] [Times: user=0.05 sys=0.00, real=0.01 secs] 
2014-07-09T01:15:46.916+0000: 1770.378: [GC [PSYoungGen: 197888K->940K(194048K)] 488626K->291726K(881024K), 0.0097060 secs] [Times: user=0.06 sys=0.00, real=0.01 secs] 
2014-07-09T01:15:47.591+0000: 1771.054: [GC [PSYoungGen: 194025K->576K(189568K)] 484811K->291433K(876544K), 0.0061280 secs] [Times: user=0.04 sys=0.00, real=0.00 secs] 
2014-07-09T01:15:48.255+0000: 1771.717: [GC [PSYoungGen: 189565K->812K(185856K)] 480423K->291717K(872832K), 0.0050350 secs] [Times: user=0.02 sys=0.00, real=0.00 secs] 
2014-07-09T01:15:48.905+0000: 1772.368: [GC [PSYoungGen: 185836K->680K(181888K)] 476741K->291649K(868864K), 0.0065330 secs] [Times: user=0.04 sys=0.00, real=0.01 secs] 
2014-07-09T01:15:49.541+0000: 1773.003: [GC [PSYoungGen: 181864K->498K(217984K)] 472833K->291507K(904960K), 0.0081340 secs] [Times: user=0.05 sys=0.00, real=0.00 secs] 
2014-07-09T01:15:50.299+0000: 1773.761: [GC [PSYoungGen: 217873K->758K(213312K)] 508882K->291839K(900288K), 0.0035750 secs] [Times: user=0.01 sys=0.00, real=0.01 secs] 
2014-07-09T01:15:51.047+0000: 1774.510: [GC [PSYoungGen: 213302K->776K(208576K)] 504383K->291937K(895552K), 0.0090020 secs] [Times: user=0.06 sys=0.00, real=0.01 secs] 
2014-07-09T01:15:51.779+0000: 1775.241: [GC [PSYoungGen: 208508K->854K(204032K)] 499670K->292095K(891008K), 0.0058760 secs] [Times: user=0.04 sys=0.00, real=0.01 secs] 
2014-07-09T01:15:52.488+0000: 1775.951: [GC [PSYoungGen: 203959K->626K(199360K)] 495201K->292516K(886336K), 0.0055870 secs] [Times: user=0.04 sys=0.00, real=0.01 secs] 
2014-07-09T01:15:53.185+0000: 1776.647: [GC [PSYoungGen: 199346K->816K(195264K)] 491236K->292738K(882240K), 0.0044190 secs] [Times: user=0.02 sys=0.01, real=0.00 secs] 
2014-07-09T01:15:53.878+0000: 1777.341: [GC [PSYoungGen: 195248K->890K(191168K)] 487170K->292984K(878144K), 0.0084700 secs] [Times: user=0.04 sys=0.00, real=0.01 secs] 
2014-07-09T01:15:54.545+0000: 1778.007: [GC [PSYoungGen: 191162K->848K(229248K)] 483256K->293014K(916224K), 0.0090750 secs] [Times: user=0.06 sys=0.00, real=0.01 secs] 
2014-07-09T01:15:55.346+0000: 1778.808: [GC [PSYoungGen: 229200K->680K(274752K)] 521366K->292976K(961728K), 0.0101830 secs] [Times: user=0.06 sys=0.01, real=0.01 secs] 
2014-07-09T01:15:56.306+0000: 1779.769: [GC [PSYoungGen: 274720K->834K(329792K)] 567016K->293162K(1016768K), 0.0126130 secs] [Times: user=0.07 sys=0.00, real=0.01 secs] 
2014-07-09T01:15:57.474+0000: 1780.936: [GC [PSYoungGen: 329730K->630K(353728K)] 622058K->292998K(1040704K), 0.0090340 secs] [Times: user=0.06 sys=0.00, real=0.01 secs] 
2014-07-09T01:15:58.727+0000: 1782.189: [GC [PSYoungGen: 353590K->680K(343488K)] 645958K->293112K(1030464K), 0.0051310 secs] [Times: user=0.03 sys=0.00, real=0.01 secs] 
2014-07-09T01:15:59.931+0000: 1783.393: [GC [PSYoungGen: 343435K->494K(333568K)] 635867K->293106K(1020544K), 0.0076860 secs] [Times: user=0.06 sys=0.01, real=0.01 secs] 
2014-07-09T01:16:01.107+0000: 1784.569: [GC [PSYoungGen: 333550K->676K(324416K)] 626162K->293368K(1011392K), 0.0066900 secs] [Times: user=0.03 sys=0.01, real=0.01 secs] 
2014-07-09T01:16:02.242+0000: 1785.705: [GC [PSYoungGen: 324374K->697K(315456K)] 617066K->293445K(1002432K), 0.0074600 secs] [Times: user=0.05 sys=0.00, real=0.01 secs] 
2014-07-09T01:16:03.347+0000: 1786.809: [GC [PSYoungGen: 315449K->666K(306816K)] 608197K->293462K(993792K), 0.0043210 secs] [Times: user=0.02 sys=0.00, real=0.00 secs] 
2014-07-09T01:16:04.436+0000: 1787.898: [GC [PSYoungGen: 306732K->794K(298688K)] 599528K->293662K(985664K), 0.0070960 secs] [Times: user=0.05 sys=0.00, real=0.01 secs] 
2014-07-09T01:16:05.496+0000: 1788.958: [GC [PSYoungGen: 298603K->1072K(291008K)] 591471K->294028K(977984K), 0.0040840 secs] [Times: user=0.02 sys=0.00, real=0.00 secs] 
2014-07-09T01:16:06.513+0000: 1789.975: [GC [PSYoungGen: 290992K->306K(282624K)] 583948K->293602K(969600K), 0.0077620 secs] [Times: user=0.01 sys=0.00, real=0.00 secs] 
2014-07-09T01:16:07.507+0000: 1790.969: [GC [PSYoungGen: 282584K->1150K(276096K)] 575880K->294544K(963072K), 0.0060020 secs] [Times: user=0.01 sys=0.00, real=0.01 secs] 
2014-07-09T01:16:08.465+0000: 1791.928: [GC [PSYoungGen: 276091K->644K(268608K)] 569486K->294434K(955584K), 0.0105730 secs] [Times: user=0.06 sys=0.00, real=0.01 secs] 
2014-07-09T01:16:09.407+0000: 1792.869: [GC [PSYoungGen: 268548K->644K(261824K)] 562338K->294506K(948800K), 0.0084970 secs] [Times: user=0.05 sys=0.00, real=0.01 secs] 
2014-07-09T01:16:10.332+0000: 1793.795: [GC [PSYoungGen: 261764K->744K(255360K)] 555626K->294678K(942336K), 0.0041330 secs] [Times: user=0.02 sys=0.00, real=0.01 secs] 
2014-07-09T01:16:11.226+0000: 1794.689: [GC [PSYoungGen: 255313K->832K(249216K)] 549247K->294838K(936192K), 0.0119680 secs] [Times: user=0.07 sys=0.00, real=0.01 secs] 
2014-07-09T01:16:12.096+0000: 1795.558: [GC [PSYoungGen: 249152K->662K(242944K)] 543158K->294764K(929920K), 0.0079070 secs] [Times: user=0.06 sys=0.00, real=0.00 secs] 
2014-07-09T01:16:12.952+0000: 1796.414: [GC [PSYoungGen: 242902K->1000K(237440K)] 537004K->295174K(924416K), 0.0124740 secs] [Times: user=0.09 sys=0.00, real=0.02 secs] 
2014-07-09T01:16:13.769+0000: 1797.231: [GC [PSYoungGen: 237409K->752K(231552K)] 531583K->295170K(918528K), 0.0033730 secs] [Times: user=0.02 sys=0.01, real=0.00 secs] 
2014-07-09T01:16:14.570+0000: 1798.032: [GC [PSYoungGen: 231536K->676K(226048K)] 525954K->295166K(913024K), 0.0062500 secs] [Times: user=0.04 sys=0.00, real=0.01 secs] 
2014-07-09T01:16:15.354+0000: 1798.816: [GC [PSYoungGen: 226020K->854K(220992K)] 520510K->295392K(907968K), 0.0058930 secs] [Times: user=0.03 sys=0.00, real=0.01 secs] 
2014-07-09T01:16:16.127+0000: 1799.589: [GC [PSYoungGen: 220950K->630K(215680K)] 515488K->295232K(902656K), 0.0073760 secs] [Times: user=0.05 sys=0.00, real=0.00 secs] 
2014-07-09T01:16:16.878+0000: 1800.340: [GC [PSYoungGen: 215631K->898K(211136K)] 510233K->295564K(898112K), 0.0031860 secs] [Times: user=0.01 sys=0.00, real=0.00 secs] 
2014-07-09T01:16:17.619+0000: 1801.081: [GC [PSYoungGen: 211040K->844K(206400K)] 505707K->295590K(893376K), 0.0082510 secs] [Times: user=0.05 sys=0.00, real=0.01 secs] 
2014-07-09T01:16:18.339+0000: 1801.801: [GC [PSYoungGen: 206348K->626K(247296K)] 501094K->295717K(934272K), 0.0169280 secs] [Times: user=0.09 sys=0.00, real=0.02 secs] 
2014-07-09T01:16:19.195+0000: 1802.657: [GC [PSYoungGen: 247269K->1040K(297088K)] 542359K->296202K(984064K), 0.0066510 secs] [Times: user=0.04 sys=0.00, real=0.01 secs] 
2014-07-09T01:16:20.242+0000: 1803.704: [GC [PSYoungGen: 297040K->608K(288768K)] 592202K->295926K(975744K), 0.0063050 secs] [Times: user=0.04 sys=0.01, real=0.01 secs] 
2014-07-09T01:16:21.256+0000: 1804.718: [GC [PSYoungGen: 288736K->848K(281472K)] 584054K->296222K(968448K), 0.0032940 secs] [Times: user=0.02 sys=0.00, real=0.00 secs] 
2014-07-09T01:16:22.244+0000: 1805.706: [GC [PSYoungGen: 281424K->530K(273856K)] 576798K->295944K(960832K), 0.0151590 secs] [Times: user=0.09 sys=0.00, real=0.02 secs] 
2014-07-09T01:16:23.214+0000: 1806.676: [GC [PSYoungGen: 273810K->766K(267072K)] 569224K->296228K(954048K), 0.0077910 secs] [Times: user=0.05 sys=0.00, real=0.01 secs] 
2014-07-09T01:16:24.149+0000: 1807.611: [GC [PSYoungGen: 267070K->644K(260288K)] 562532K->296170K(947264K), 0.0076780 secs] [Times: user=0.05 sys=0.00, real=0.01 secs] 
2014-07-09T01:16:25.052+0000: 1808.514: [GC [PSYoungGen: 260228K->480K(253632K)] 555754K->296070K(940608K), 0.0079090 secs] [Times: user=0.05 sys=0.00, real=0.01 secs] 
2014-07-09T01:16:25.952+0000: 1809.414: [GC [PSYoungGen: 253600K->918K(247872K)] 549190K->296581K(934848K), 0.0070380 secs] [Times: user=0.04 sys=0.00, real=0.01 secs] 
2014-07-09T01:16:26.834+0000: 1810.296: [GC [PSYoungGen: 247830K->718K(297088K)] 543493K->296413K(984064K), 0.0184840 secs] [Times: user=0.10 sys=0.01, real=0.02 secs] 
2014-07-09T01:16:27.874+0000: 1811.336: [GC [PSYoungGen: 297038K->640K(340480K)] 592733K->296438K(1027456K), 0.0062970 secs] [Times: user=0.04 sys=0.00, real=0.01 secs] 
2014-07-09T01:16:29.070+0000: 1812.533: [GC [PSYoungGen: 340352K->580K(330752K)] 636150K->296450K(1017728K), 0.0094220 secs] [Times: user=0.06 sys=0.00, real=0.01 secs] 
2014-07-09T01:16:30.232+0000: 1813.695: [GC [PSYoungGen: 330692K->570K(321472K)] 626562K->296750K(1008448K), 0.0103950 secs] [Times: user=0.07 sys=0.00, real=0.01 secs] 
2014-07-09T01:16:31.378+0000: 1814.840: [GC [PSYoungGen: 321420K->936K(312960K)] 617601K->297157K(999936K), 0.0044430 secs] [Times: user=0.02 sys=0.00, real=0.00 secs] 
2014-07-09T01:16:32.483+0000: 1815.946: [GC [PSYoungGen: 312936K->758K(304256K)] 609157K->297166K(991232K), 0.0096050 secs] [Times: user=0.07 sys=0.00, real=0.01 secs] 
2014-07-09T01:16:33.552+0000: 1817.015: [GC [PSYoungGen: 304221K->826K(296128K)] 600630K->297330K(983104K), 0.0035730 secs] [Times: user=0.03 sys=0.00, real=0.00 secs] 
2014-07-09T01:16:34.576+0000: 1818.038: [GC [PSYoungGen: 296073K->708K(288192K)] 592578K->297276K(975168K), 0.0072030 secs] [Times: user=0.04 sys=0.00, real=0.01 secs] 
2014-07-09T01:16:35.586+0000: 1819.048: [GC [PSYoungGen: 288132K->908K(280832K)] 584700K->297525K(967808K), 0.0036920 secs] [Times: user=0.02 sys=0.00, real=0.01 secs] 
2014-07-09T01:16:36.577+0000: 1820.039: [GC [PSYoungGen: 280757K->619K(273280K)] 577374K->297316K(960256K), 0.0071880 secs] [Times: user=0.04 sys=0.00, real=0.01 secs] 
2014-07-09T01:16:37.547+0000: 1821.009: [GC [PSYoungGen: 273259K->898K(266624K)] 569956K->297643K(953600K), 0.0048180 secs] [Times: user=0.02 sys=0.00, real=0.01 secs] 
2014-07-09T01:16:38.490+0000: 1821.953: [GC [PSYoungGen: 266562K->697K(259648K)] 563307K->297548K(946624K), 0.0063050 secs] [Times: user=0.04 sys=0.00, real=0.00 secs] 
2014-07-09T01:16:39.396+0000: 1822.858: [GC [PSYoungGen: 259640K->1038K(253568K)] 556491K->297953K(940544K), 0.0174380 secs] [Times: user=0.11 sys=0.00, real=0.02 secs] 
2014-07-09T01:16:40.287+0000: 1823.749: [GC [PSYoungGen: 253518K->570K(246848K)] 550433K->297819K(933824K), 0.0041100 secs] [Times: user=0.03 sys=0.00, real=0.01 secs] 
2014-07-09T01:16:41.155+0000: 1824.617: [GC [PSYoungGen: 246756K->921K(241216K)] 544005K->298210K(928192K), 0.0092750 secs] [Times: user=0.04 sys=0.01, real=0.01 secs] 
2014-07-09T01:16:42.004+0000: 1825.466: [GC [PSYoungGen: 241177K->914K(235456K)] 538466K->298341K(922432K), 0.0071640 secs] [Times: user=0.05 sys=0.00, real=0.01 secs] 
2014-07-09T01:16:42.827+0000: 1826.289: [GC [PSYoungGen: 235408K->862K(229824K)] 532835K->298353K(916800K), 0.0060290 secs] [Times: user=0.04 sys=0.00, real=0.01 secs] 
2014-07-09T01:16:43.631+0000: 1827.093: [GC [PSYoungGen: 229790K->640K(224192K)] 527281K->298210K(911168K), 0.0075040 secs] [Times: user=0.04 sys=0.00, real=0.00 secs] 
2014-07-09T01:16:44.421+0000: 1827.884: [GC [PSYoungGen: 224192K->922K(219328K)] 521762K->298565K(906304K), 0.0080280 secs] [Times: user=0.05 sys=0.00, real=0.01 secs] 
2014-07-09T01:16:45.193+0000: 1828.656: [GC [PSYoungGen: 219290K->746K(214144K)] 516933K->298611K(901120K), 0.0039420 secs] [Times: user=0.02 sys=0.01, real=0.00 secs] 
2014-07-09T01:16:45.929+0000: 1829.391: [GC [PSYoungGen: 214095K->744K(256832K)] 511960K->298657K(943808K), 0.0138440 secs] [Times: user=0.07 sys=0.00, real=0.02 secs] 
2014-07-09T01:16:46.820+0000: 1830.283: [GC [PSYoungGen: 256808K->872K(250624K)] 554721K->298865K(937600K), 0.0053650 secs] [Times: user=0.03 sys=0.00, real=0.00 secs] 
2014-07-09T01:16:47.705+0000: 1831.167: [GC [PSYoungGen: 250600K->484K(244096K)] 548593K->298525K(931072K), 0.0100820 secs] [Times: user=0.05 sys=0.00, real=0.01 secs] 
2014-07-09T01:16:48.527+0000: 1831.989: [GC [PSYoungGen: 244032K->930K(238656K)] 542073K->299101K(925632K), 0.0069040 secs] [Times: user=0.04 sys=0.00, real=0.01 secs] 
2014-07-09T01:16:49.261+0000: 1832.723: [GC [PSYoungGen: 238626K->854K(232896K)] 536797K->299089K(919872K), 0.0070030 secs] [Times: user=0.04 sys=0.00, real=0.00 secs] 
2014-07-09T01:16:49.935+0000: 1833.397: [GC [PSYoungGen: 232854K->758K(227328K)] 531089K->299277K(914304K), 0.0070460 secs] [Times: user=0.05 sys=0.00, real=0.01 secs] 
2014-07-09T01:16:50.601+0000: 1834.063: [GC [PSYoungGen: 227317K->1096K(222464K)] 525836K->299695K(909440K), 0.0058780 secs] [Times: user=0.04 sys=0.00, real=0.00 secs] 
2014-07-09T01:16:51.226+0000: 1834.688: [GC [PSYoungGen: 222408K->697K(216960K)] 521007K->299368K(903936K), 0.0065650 secs] [Times: user=0.05 sys=0.00, real=0.01 secs] 
2014-07-09T01:16:51.854+0000: 1835.316: [GC [PSYoungGen: 216953K->743K(212096K)] 515624K->299478K(899072K), 0.0038510 secs] [Times: user=0.02 sys=0.00, real=0.00 secs] 
2014-07-09T01:16:52.472+0000: 1835.934: [GC [PSYoungGen: 212046K->1138K(207744K)] 510781K->299970K(894720K), 0.0062890 secs] [Times: user=0.03 sys=0.00, real=0.00 secs] 
2014-07-09T01:16:53.038+0000: 1836.500: [GC [PSYoungGen: 207730K->658K(202752K)] 506562K->299585K(889728K), 0.0065250 secs] [Times: user=0.04 sys=0.00, real=0.01 secs] 
2014-07-09T01:16:53.636+0000: 1837.098: [GC [PSYoungGen: 202706K->826K(198464K)] 501633K->299841K(885440K), 0.0045220 secs] [Times: user=0.02 sys=0.00, real=0.01 secs] 
2014-07-09T01:16:54.185+0000: 1837.647: [GC [PSYoungGen: 198458K->530K(193920K)] 497473K->299601K(880896K), 0.0061430 secs] [Times: user=0.04 sys=0.00, real=0.01 secs] 
2014-07-09T01:16:54.752+0000: 1838.214: [GC [PSYoungGen: 193874K->876K(190144K)] 492945K->300035K(877120K), 0.0048510 secs] [Times: user=0.03 sys=0.00, real=0.00 secs] 
2014-07-09T01:16:55.273+0000: 1838.736: [GC [PSYoungGen: 190089K->744K(227904K)] 489248K->299951K(914880K), 0.0089240 secs] [Times: user=0.06 sys=0.00, real=0.01 secs] 
2014-07-09T01:16:55.956+0000: 1839.418: [GC [PSYoungGen: 227880K->680K(273280K)] 527087K->299935K(960256K), 0.0092290 secs] [Times: user=0.05 sys=0.00, real=0.01 secs] 
2014-07-09T01:16:56.749+0000: 1840.211: [GC [PSYoungGen: 273224K->616K(326848K)] 572479K->299919K(1013824K), 0.0080900 secs] [Times: user=0.04 sys=0.00, real=0.01 secs] 
2014-07-09T01:16:57.705+0000: 1841.167: [GC [PSYoungGen: 326184K->608K(317184K)] 625487K->299951K(1004160K), 0.0053870 secs] [Times: user=0.02 sys=0.00, real=0.00 secs] 
2014-07-09T01:16:58.640+0000: 1842.102: [GC [PSYoungGen: 317152K->698K(308544K)] 616495K->300121K(995520K), 0.0033620 secs] [Times: user=0.02 sys=0.00, real=0.01 secs] 
2014-07-09T01:16:59.489+0000: 1842.952: [GC [PSYoungGen: 308538K->928K(300480K)] 607961K->300447K(987456K), 0.0065070 secs] [Times: user=0.04 sys=0.00, real=0.01 secs] 
2014-07-09T01:17:00.384+0000: 1843.846: [GC [PSYoungGen: 300448K->744K(292288K)] 599967K->300303K(979264K), 0.0048940 secs] [Times: user=0.02 sys=0.00, real=0.00 secs] 
2014-07-09T01:17:01.180+0000: 1844.642: [GC [PSYoungGen: 292234K->746K(284608K)] 591793K->300621K(971584K), 0.0125760 secs] [Times: user=0.08 sys=0.00, real=0.02 secs] 
2014-07-09T01:17:02.006+0000: 1845.468: [GC [PSYoungGen: 284586K->914K(326080K)] 584461K->300861K(1013056K), 0.0111980 secs] [Times: user=0.08 sys=0.00, real=0.01 secs] 
2014-07-09T01:17:02.939+0000: 1846.401: [GC [PSYoungGen: 325714K->626K(316416K)] 625661K->300777K(1003392K), 0.0040150 secs] [Times: user=0.02 sys=0.00, real=0.01 secs] 
2014-07-09T01:17:03.832+0000: 1847.294: [GC [PSYoungGen: 316402K->708K(307904K)] 616553K->300947K(994880K), 0.0080730 secs] [Times: user=0.05 sys=0.01, real=0.00 secs] 
2014-07-09T01:17:04.707+0000: 1848.169: [GC [PSYoungGen: 307821K->954K(299776K)] 608060K->301297K(986752K), 0.0057180 secs] [Times: user=0.03 sys=0.00, real=0.01 secs] 
2014-07-09T01:17:05.581+0000: 1849.043: [GC [PSYoungGen: 299757K->1130K(291968K)] 600101K->301529K(978944K), 0.0039450 secs] [Times: user=0.02 sys=0.00, real=0.01 secs] 
2014-07-09T01:17:06.365+0000: 1849.828: [GC [PSYoungGen: 291946K->370K(283520K)] 592345K->300915K(970496K), 0.0122150 secs] [Times: user=0.07 sys=0.00, real=0.01 secs] 
2014-07-09T01:17:07.134+0000: 1850.596: [GC [PSYoungGen: 283506K->744K(276544K)] 584051K->301369K(963520K), 0.0048470 secs] [Times: user=0.03 sys=0.00, real=0.00 secs] 
2014-07-09T01:17:07.966+0000: 1851.429: [GC [PSYoungGen: 276520K->796K(269504K)] 577145K->301551K(956480K), 0.0047800 secs] [Times: user=0.02 sys=0.00, real=0.00 secs] 
2014-07-09T01:17:08.740+0000: 1852.202: [GC [PSYoungGen: 269468K->836K(262720K)] 570223K->301687K(949696K), 0.0064500 secs] [Times: user=0.04 sys=0.00, real=0.01 secs] 
2014-07-09T01:17:09.507+0000: 1852.969: [GC [PSYoungGen: 262660K->676K(255936K)] 563511K->301575K(942912K), 0.0126120 secs] [Times: user=0.07 sys=0.00, real=0.01 secs] 
2014-07-09T01:17:10.237+0000: 1853.699: [GC [PSYoungGen: 255908K->826K(249728K)] 556807K->301781K(936704K), 0.0066320 secs] [Times: user=0.03 sys=0.00, real=0.01 secs] 
2014-07-09T01:17:10.932+0000: 1854.395: [GC [PSYoungGen: 249680K->780K(243648K)] 550635K->301783K(930624K), 0.0062570 secs] [Times: user=0.02 sys=0.00, real=0.01 secs] 
2014-07-09T01:17:11.633+0000: 1855.095: [GC [PSYoungGen: 243585K->761K(237696K)] 544589K->301836K(924672K), 0.0049350 secs] [Times: user=0.02 sys=0.01, real=0.01 secs] 
2014-07-09T01:17:12.287+0000: 1855.749: [GC [PSYoungGen: 237687K->736K(232064K)] 538763K->302061K(919040K), 0.0040130 secs] [Times: user=0.02 sys=0.00, real=0.00 secs] 
2014-07-09T01:17:12.953+0000: 1856.416: [GC [PSYoungGen: 232006K->1058K(226944K)] 533332K->302495K(913920K), 0.0074680 secs] [Times: user=0.05 sys=0.00, real=0.00 secs] 
2014-07-09T01:17:13.617+0000: 1857.079: [GC [PSYoungGen: 226914K->505K(221120K)] 528351K->302329K(908096K), 0.0065270 secs] [Times: user=0.04 sys=0.00, real=0.01 secs] 
2014-07-09T01:17:14.219+0000: 1857.682: [GC [PSYoungGen: 221113K->1026K(216640K)] 522937K->302914K(903616K), 0.0070730 secs] [Times: user=0.04 sys=0.00, real=0.01 secs] 
2014-07-09T01:17:14.842+0000: 1858.304: [GC [PSYoungGen: 216566K->894K(211584K)] 518455K->303086K(898560K), 0.0060600 secs] [Times: user=0.04 sys=0.00, real=0.01 secs] 
2014-07-09T01:17:15.419+0000: 1858.882: [GC [PSYoungGen: 211582K->890K(253760K)] 513774K->303186K(940736K), 0.0077330 secs] [Times: user=0.05 sys=0.00, real=0.01 secs] 
2014-07-09T01:17:16.120+0000: 1859.582: [GC [PSYoungGen: 253714K->694K(304192K)] 556011K->303441K(991168K), 0.0061550 secs] [Times: user=0.04 sys=0.00, real=0.01 secs] 
2014-07-09T01:17:16.984+0000: 1860.446: [GC [PSYoungGen: 304182K->608K(295936K)] 606929K->303419K(982912K), 0.0052730 secs] [Times: user=0.03 sys=0.00, real=0.01 secs] 
2014-07-09T01:17:17.879+0000: 1861.341: [GC [PSYoungGen: 295904K->626K(288064K)] 598715K->303517K(975040K), 0.0031900 secs] [Times: user=0.02 sys=0.00, real=0.00 secs] 
2014-07-09T01:17:18.708+0000: 1862.170: [GC [PSYoungGen: 288050K->768K(280704K)] 590941K->303731K(967680K), 0.0076160 secs] [Times: user=0.04 sys=0.00, real=0.01 secs] 
2014-07-09T01:17:19.479+0000: 1862.942: [GC [PSYoungGen: 280640K->708K(273408K)] 583603K->303767K(960384K), 0.0074360 secs] [Times: user=0.05 sys=0.00, real=0.01 secs] 
2014-07-09T01:17:20.232+0000: 1863.694: [GC [PSYoungGen: 273348K->868K(266560K)] 576407K->303991K(953536K), 0.0077030 secs] [Times: user=0.05 sys=0.00, real=0.01 secs] 
2014-07-09T01:17:20.985+0000: 1864.447: [GC [PSYoungGen: 266519K->672K(259648K)] 569642K->303899K(946624K), 0.0041270 secs] [Times: user=0.02 sys=0.00, real=0.00 secs] 
2014-07-09T01:17:21.731+0000: 1865.193: [GC [PSYoungGen: 259608K->1092K(253632K)] 562835K->304368K(940608K), 0.0105190 secs] [Times: user=0.05 sys=0.01, real=0.01 secs] 
2014-07-09T01:17:22.424+0000: 1865.886: [GC [PSYoungGen: 253572K->616K(246912K)] 556848K->304149K(933888K), 0.0031350 secs] [Times: user=0.01 sys=0.01, real=0.01 secs] 
2014-07-09T01:17:23.168+0000: 1866.630: [GC [PSYoungGen: 246888K->1040K(241344K)] 550421K->304679K(928320K), 0.0091120 secs] [Times: user=0.06 sys=0.01, real=0.01 secs] 
2014-07-09T01:17:23.873+0000: 1867.335: [GC [PSYoungGen: 241241K->857K(235392K)] 544880K->304734K(922368K), 0.0056040 secs] [Times: user=0.03 sys=0.00, real=0.01 secs] 
2014-07-09T01:17:24.532+0000: 1867.995: [GC [PSYoungGen: 235353K->822K(229760K)] 539230K->304771K(916736K), 0.0059430 secs] [Times: user=0.03 sys=0.00, real=0.01 secs] 
2014-07-09T01:17:25.133+0000: 1868.595: [GC [PSYoungGen: 229741K->630K(224192K)] 533690K->304643K(911168K), 0.0064790 secs] [Times: user=0.04 sys=0.00, real=0.01 secs] 
2014-07-09T01:17:25.807+0000: 1869.269: [GC [PSYoungGen: 224182K->698K(219072K)] 528195K->304759K(906048K), 0.0072280 secs] [Times: user=0.04 sys=0.00, real=0.00 secs] 
2014-07-09T01:17:26.414+0000: 1869.877: [GC [PSYoungGen: 219066K->882K(214272K)] 523127K->305023K(901248K), 0.0054670 secs] [Times: user=0.04 sys=0.00, real=0.01 secs] 
2014-07-09T01:17:27.042+0000: 1870.504: [GC [PSYoungGen: 214221K->850K(209472K)] 518362K->305063K(896448K), 0.0074770 secs] [Times: user=0.05 sys=0.00, real=0.01 secs] 
2014-07-09T01:17:27.658+0000: 1871.120: [GC [PSYoungGen: 209426K->694K(251008K)] 513639K->305013K(937984K), 0.0075490 secs] [Times: user=0.04 sys=0.01, real=0.00 secs] 
2014-07-09T01:17:28.391+0000: 1871.853: [GC [PSYoungGen: 250998K->690K(244864K)] 555317K->305081K(931840K), 0.0038580 secs] [Times: user=0.02 sys=0.00, real=0.00 secs] 
2014-07-09T01:17:29.060+0000: 1872.523: [GC [PSYoungGen: 244850K->744K(239040K)] 549241K->305231K(926016K), 0.0047840 secs] [Times: user=0.03 sys=0.01, real=0.00 secs] 
2014-07-09T01:17:29.760+0000: 1873.222: [GC [PSYoungGen: 239016K->676K(233280K)] 543503K->305235K(920256K), 0.0082270 secs] [Times: user=0.04 sys=0.01, real=0.01 secs] 
2014-07-09T01:17:30.423+0000: 1873.885: [GC [PSYoungGen: 233252K->776K(227904K)] 537811K->305399K(914880K), 0.0031110 secs] [Times: user=0.02 sys=0.00, real=0.01 secs] 
2014-07-09T01:17:31.038+0000: 1874.500: [GC [PSYoungGen: 227842K->530K(222336K)] 532465K->305241K(909312K), 0.0072160 secs] [Times: user=0.04 sys=0.00, real=0.00 secs] 
2014-07-09T01:17:31.706+0000: 1875.168: [GC [PSYoungGen: 222290K->694K(217344K)] 527001K->305437K(904320K), 0.0084660 secs] [Times: user=0.04 sys=0.00, real=0.00 secs] 
2014-07-09T01:17:32.334+0000: 1875.796: [GC [PSYoungGen: 217334K->498K(260480K)] 522077K->305297K(947456K), 0.0118730 secs] [Times: user=0.07 sys=0.00, real=0.02 secs] 
2014-07-09T01:17:33.096+0000: 1876.559: [GC [PSYoungGen: 260466K->780K(254336K)] 565265K->305643K(941312K), 0.0030950 secs] [Times: user=0.02 sys=0.01, real=0.00 secs] 
2014-07-09T01:17:33.827+0000: 1877.289: [GC [PSYoungGen: 254284K->630K(247872K)] 559147K->305565K(934848K), 0.0067400 secs] [Times: user=0.04 sys=0.00, real=0.00 secs] 
2014-07-09T01:17:34.509+0000: 1877.972: [GC [PSYoungGen: 247830K->744K(241984K)] 552765K->305889K(928960K), 0.0077120 secs] [Times: user=0.04 sys=0.00, real=0.01 secs] 
2014-07-09T01:17:35.177+0000: 1878.639: [GC [PSYoungGen: 241960K->1000K(290496K)] 547105K->306209K(977472K), 0.0073310 secs] [Times: user=0.05 sys=0.00, real=0.00 secs] 
2014-07-09T01:17:36.018+0000: 1879.480: [GC [PSYoungGen: 290472K->562K(282432K)] 595681K->305959K(969408K), 0.0051000 secs] [Times: user=0.04 sys=0.00, real=0.00 secs] 
2014-07-09T01:17:36.824+0000: 1880.286: [GC [PSYoungGen: 282418K->876K(275392K)] 587815K->306361K(962368K), 0.0060600 secs] [Times: user=0.04 sys=0.00, real=0.01 secs] 
2014-07-09T01:17:37.616+0000: 1881.078: [GC [PSYoungGen: 275372K->626K(268096K)] 580857K->306159K(955072K), 0.0066950 secs] [Times: user=0.03 sys=0.00, real=0.01 secs] 
2014-07-09T01:17:38.399+0000: 1881.862: [GC [PSYoungGen: 268067K->882K(261568K)] 573600K->306471K(948544K), 0.0072900 secs] [Times: user=0.04 sys=0.00, real=0.00 secs] 
2014-07-09T01:17:39.110+0000: 1882.573: [GC [PSYoungGen: 261554K->466K(254656K)] 567143K->306111K(941632K), 0.0038510 secs] [Times: user=0.02 sys=0.00, real=0.00 secs] 
2014-07-09T01:17:39.841+0000: 1883.303: [GC [PSYoungGen: 254606K->1128K(249024K)] 560251K->306845K(936000K), 0.0036120 secs] [Times: user=0.02 sys=0.00, real=0.00 secs] 
2014-07-09T01:17:40.538+0000: 1884.000: [GC [PSYoungGen: 248981K->704K(242560K)] 554698K->306517K(929536K), 0.0059620 secs] [Times: user=0.04 sys=0.00, real=0.00 secs] 
2014-07-09T01:17:41.246+0000: 1884.709: [GC [PSYoungGen: 242546K->1113K(237184K)] 548359K->306974K(924160K), 0.0090850 secs] [Times: user=0.05 sys=0.01, real=0.01 secs] 
2014-07-09T01:17:41.931+0000: 1885.393: [GC [PSYoungGen: 237145K->612K(231040K)] 543006K->306693K(918016K), 0.0033760 secs] [Times: user=0.02 sys=0.00, real=0.00 secs] 
2014-07-09T01:17:42.590+0000: 1886.052: [GC [PSYoungGen: 231012K->940K(225984K)] 537093K->307085K(912960K), 0.0083280 secs] [Times: user=0.05 sys=0.00, real=0.01 secs] 
2014-07-09T01:17:43.286+0000: 1886.748: [GC [PSYoungGen: 225964K->864K(220736K)] 532109K->307181K(907712K), 0.0037490 secs] [Times: user=0.02 sys=0.00, real=0.01 secs] 
2014-07-09T01:17:43.939+0000: 1887.401: [GC [PSYoungGen: 220704K->498K(215296K)] 527021K->306887K(902272K), 0.0065420 secs] [Times: user=0.03 sys=0.00, real=0.00 secs] 
2014-07-09T01:17:44.548+0000: 1888.010: [GC [PSYoungGen: 215282K->726K(210688K)] 521671K->307187K(897664K), 0.0068350 secs] [Times: user=0.04 sys=0.00, real=0.01 secs] 
2014-07-09T01:17:45.101+0000: 1888.563: [GC [PSYoungGen: 210646K->858K(206144K)] 517107K->307407K(893120K), 0.0067230 secs] [Times: user=0.05 sys=0.00, real=0.00 secs] 
2014-07-09T01:17:45.748+0000: 1889.210: [GC [PSYoungGen: 206091K->758K(247104K)] 512640K->307371K(934080K), 0.0086270 secs] [Times: user=0.05 sys=0.00, real=0.00 secs] 
2014-07-09T01:17:46.417+0000: 1889.879: [GC [PSYoungGen: 247094K->854K(241216K)] 553707K->307523K(928192K), 0.0042980 secs] [Times: user=0.02 sys=0.00, real=0.01 secs] 
2014-07-09T01:17:47.068+0000: 1890.530: [GC [PSYoungGen: 241174K->676K(235264K)] 547843K->307425K(922240K), 0.0032570 secs] [Times: user=0.02 sys=0.00, real=0.00 secs] 
2014-07-09T01:17:47.750+0000: 1891.212: [GC [PSYoungGen: 235236K->1078K(230080K)] 541985K->307891K(917056K), 0.0070990 secs] [Times: user=0.04 sys=0.00, real=0.00 secs] 
2014-07-09T01:17:48.384+0000: 1891.846: [GC [PSYoungGen: 230070K->566K(224192K)] 536883K->307647K(911168K), 0.0030300 secs] [Times: user=0.01 sys=0.00, real=0.00 secs] 
2014-07-09T01:17:49.027+0000: 1892.489: [GC [PSYoungGen: 224182K->722K(219200K)] 531263K->307915K(906176K), 0.0037940 secs] [Times: user=0.02 sys=0.00, real=0.01 secs] 
2014-07-09T01:17:49.655+0000: 1893.117: [GC [PSYoungGen: 219118K->736K(214208K)] 526311K->308027K(901184K), 0.0047330 secs] [Times: user=0.02 sys=0.00, real=0.01 secs] 
2014-07-09T01:17:50.295+0000: 1893.757: [GC [PSYoungGen: 214176K->872K(209536K)] 521467K->308251K(896512K), 0.0067840 secs] [Times: user=0.04 sys=0.00, real=0.01 secs] 
2014-07-09T01:17:50.941+0000: 1894.403: [GC [PSYoungGen: 209512K->680K(204736K)] 516891K->308333K(891712K), 0.0079340 secs] [Times: user=0.03 sys=0.00, real=0.00 secs] 
2014-07-09T01:17:51.595+0000: 1895.057: [GC [PSYoungGen: 204712K->946K(200512K)] 512365K->308663K(887488K), 0.0042180 secs] [Times: user=0.02 sys=0.00, real=0.00 secs] 
2014-07-09T01:17:52.204+0000: 1895.666: [GC [PSYoungGen: 200498K->694K(195904K)] 508215K->308745K(882880K), 0.0082460 secs] [Times: user=0.05 sys=0.00, real=0.01 secs] 
2014-07-09T01:17:52.837+0000: 1896.299: [GC [PSYoungGen: 195894K->986K(192064K)] 503945K->309133K(879040K), 0.0037900 secs] [Times: user=0.02 sys=0.00, real=0.01 secs] 
2014-07-09T01:17:53.429+0000: 1896.891: [GC [PSYoungGen: 192026K->758K(187776K)] 500173K->309041K(874752K), 0.0057120 secs] [Times: user=0.03 sys=0.00, real=0.01 secs] 
2014-07-09T01:17:54.000+0000: 1897.463: [GC [PSYoungGen: 187766K->1036K(184192K)] 496049K->309399K(871168K), 0.0034350 secs] [Times: user=0.02 sys=0.00, real=0.00 secs] 
2014-07-09T01:17:54.570+0000: 1898.033: [GC [PSYoungGen: 184136K->630K(179968K)] 492500K->309241K(866944K), 0.0041850 secs] [Times: user=0.02 sys=0.00, real=0.00 secs] 
2014-07-09T01:17:55.121+0000: 1898.583: [GC [PSYoungGen: 179958K->1042K(176768K)] 488569K->309718K(863744K), 0.0037300 secs] [Times: user=0.02 sys=0.00, real=0.00 secs] 
2014-07-09T01:17:55.672+0000: 1899.134: [GC [PSYoungGen: 176722K->760K(172928K)] 485398K->310114K(859904K), 0.0084940 secs] [Times: user=0.05 sys=0.01, real=0.01 secs] 
2014-07-09T01:17:56.199+0000: 1899.661: [GC [PSYoungGen: 172889K->958K(207552K)] 482243K->310376K(894528K), 0.0066520 secs] [Times: user=0.04 sys=0.00, real=0.01 secs] 
2014-07-09T01:17:56.819+0000: 1900.282: [GC [PSYoungGen: 207550K->726K(248704K)] 516967K->310340K(935680K), 0.0094760 secs] [Times: user=0.06 sys=0.00, real=0.01 secs] 
2014-07-09T01:17:57.509+0000: 1900.972: [GC [PSYoungGen: 248662K->904K(298496K)] 558276K->310566K(985472K), 0.0076070 secs] [Times: user=0.05 sys=0.01, real=0.01 secs] 
2014-07-09T01:17:58.317+0000: 1901.779: [GC [PSYoungGen: 298419K->1014K(309632K)] 608081K->310896K(996608K), 0.0062220 secs] [Times: user=0.04 sys=0.00, real=0.01 secs] 
2014-07-09T01:17:59.167+0000: 1902.629: [GC [PSYoungGen: 309622K->640K(300864K)] 619504K->310586K(987840K), 0.0040720 secs] [Times: user=0.02 sys=0.00, real=0.01 secs] 
2014-07-09T01:17:59.977+0000: 1903.439: [GC [PSYoungGen: 300864K->690K(292864K)] 610810K->310708K(979840K), 0.0062900 secs] [Times: user=0.04 sys=0.00, real=0.01 secs] 
2014-07-09T01:18:00.780+0000: 1904.243: [GC [PSYoungGen: 292850K->740K(285184K)] 602868K->310846K(972160K), 0.0063900 secs] [Times: user=0.05 sys=0.00, real=0.01 secs] 
2014-07-09T01:18:01.558+0000: 1905.020: [GC [PSYoungGen: 285156K->512K(277504K)] 595262K->310674K(964480K), 0.0031100 secs] [Times: user=0.02 sys=0.01, real=0.01 secs] 
2014-07-09T01:18:02.301+0000: 1905.763: [GC [PSYoungGen: 277504K->818K(270656K)] 587666K->311020K(957632K), 0.0047110 secs] [Times: user=0.02 sys=0.00, real=0.01 secs] 
2014-07-09T01:18:03.043+0000: 1906.505: [GC [PSYoungGen: 270639K->896K(263936K)] 580841K->311170K(950912K), 0.0050690 secs] [Times: user=0.03 sys=0.00, real=0.00 secs] 
2014-07-09T01:18:03.777+0000: 1907.239: [GC [PSYoungGen: 263872K->562K(256960K)] 574146K->310900K(943936K), 0.0064310 secs] [Times: user=0.04 sys=0.00, real=0.01 secs] 
2014-07-09T01:18:04.465+0000: 1907.928: [GC [PSYoungGen: 256946K->986K(251072K)] 567284K->311396K(938048K), 0.0072730 secs] [Times: user=0.04 sys=0.00, real=0.01 secs] 
2014-07-09T01:18:05.156+0000: 1908.618: [GC [PSYoungGen: 251034K->1056K(244992K)] 561444K->311538K(931968K), 0.0046090 secs] [Times: user=0.02 sys=0.00, real=0.00 secs] 
2014-07-09T01:18:05.854+0000: 1909.317: [GC [PSYoungGen: 244960K->626K(238656K)] 555442K->311220K(925632K), 0.0040810 secs] [Times: user=0.01 sys=0.01, real=0.00 secs] 
2014-07-09T01:18:06.498+0000: 1909.960: [GC [PSYoungGen: 238642K->644K(233024K)] 549236K->311294K(920000K), 0.0039860 secs] [Times: user=0.02 sys=0.00, real=0.01 secs] 
2014-07-09T01:18:07.130+0000: 1910.592: [GC [PSYoungGen: 232964K->576K(227392K)] 543614K->311372K(914368K), 0.0056230 secs] [Times: user=0.04 sys=0.00, real=0.01 secs] 
2014-07-09T01:18:07.770+0000: 1911.232: [GC [PSYoungGen: 227392K->1152K(222784K)] 538188K->312004K(909760K), 0.0054420 secs] [Times: user=0.02 sys=0.00, real=0.01 secs] 
2014-07-09T01:18:08.391+0000: 1911.853: [GC [PSYoungGen: 222720K->704K(217152K)] 533572K->311644K(904128K), 0.0035080 secs] [Times: user=0.02 sys=0.00, real=0.01 secs] 
2014-07-09T01:18:08.988+0000: 1912.450: [GC [PSYoungGen: 217125K->950K(212480K)] 528065K->311962K(899456K), 0.0041490 secs] [Times: user=0.03 sys=0.00, real=0.01 secs] 
2014-07-09T01:18:09.568+0000: 1913.031: [GC [PSYoungGen: 212470K->794K(207616K)] 523482K->311870K(894592K), 0.0056380 secs] [Times: user=0.03 sys=0.00, real=0.01 secs] 
2014-07-09T01:18:10.139+0000: 1913.601: [GC [PSYoungGen: 207578K->1050K(203328K)] 518654K->312198K(890304K), 0.0070220 secs] [Times: user=0.05 sys=0.00, real=0.01 secs] 
2014-07-09T01:18:10.702+0000: 1914.164: [GC [PSYoungGen: 203290K->768K(198592K)] 514438K->311996K(885568K), 0.0038280 secs] [Times: user=0.03 sys=0.00, real=0.00 secs] 
2014-07-09T01:18:11.234+0000: 1914.696: [GC [PSYoungGen: 198592K->908K(194496K)] 509820K->312232K(881472K), 0.0047910 secs] [Times: user=0.02 sys=0.00, real=0.00 secs] 
2014-07-09T01:18:11.777+0000: 1915.240: [GC [PSYoungGen: 194444K->466K(189952K)] 505768K->311830K(876928K), 0.0052100 secs] [Times: user=0.02 sys=0.00, real=0.01 secs] 
2014-07-09T01:18:12.273+0000: 1915.735: [GC [PSYoungGen: 189906K->840K(186368K)] 501270K->312292K(873344K), 0.0058340 secs] [Times: user=0.03 sys=0.00, real=0.00 secs] 
2014-07-09T01:18:12.797+0000: 1916.259: [GC [PSYoungGen: 186312K->512K(182144K)] 497764K->312044K(869120K), 0.0039960 secs] [Times: user=0.01 sys=0.00, real=0.00 secs] 
2014-07-09T01:18:13.274+0000: 1916.736: [GC [PSYoungGen: 182144K->644K(218688K)] 493676K->312240K(905664K), 0.0091800 secs] [Times: user=0.05 sys=0.00, real=0.01 secs] 
2014-07-09T01:18:13.892+0000: 1917.354: [GC [PSYoungGen: 218628K->544K(262208K)] 530224K->312212K(949184K), 0.0078940 secs] [Times: user=0.05 sys=0.00, real=0.01 secs] 
2014-07-09T01:18:14.644+0000: 1918.106: [GC [PSYoungGen: 262176K->758K(255872K)] 573844K->312530K(942848K), 0.0043560 secs] [Times: user=0.02 sys=0.00, real=0.00 secs] 
2014-07-09T01:18:15.321+0000: 1918.783: [GC [PSYoungGen: 255859K->918K(249728K)] 567631K->312754K(936704K), 0.0053030 secs] [Times: user=0.03 sys=0.00, real=0.01 secs] 
2014-07-09T01:18:16.011+0000: 1919.473: [GC [PSYoungGen: 249686K->826K(243520K)] 561522K->312766K(930496K), 0.0063020 secs] [Times: user=0.04 sys=0.00, real=0.01 secs] 
2014-07-09T01:18:16.692+0000: 1920.154: [GC [PSYoungGen: 243478K->698K(237568K)] 555418K->312926K(924544K), 0.0030450 secs] [Times: user=0.02 sys=0.00, real=0.01 secs] 
2014-07-09T01:18:17.322+0000: 1920.784: [GC [PSYoungGen: 237562K->982K(232256K)] 549790K->313290K(919232K), 0.0082890 secs] [Times: user=0.04 sys=0.00, real=0.01 secs] 
2014-07-09T01:18:17.975+0000: 1921.437: [GC [PSYoungGen: 232214K->868K(226688K)] 544522K->313322K(913664K), 0.0052870 secs] [Times: user=0.03 sys=0.00, real=0.00 secs] 
2014-07-09T01:18:18.639+0000: 1922.102: [GC [PSYoungGen: 226660K->950K(271936K)] 539114K->313460K(958912K), 0.0152800 secs] [Times: user=0.11 sys=0.00, real=0.02 secs] 
2014-07-09T01:18:19.377+0000: 1922.839: [GC [PSYoungGen: 271900K->862K(293568K)] 584411K->313518K(980544K), 0.0057750 secs] [Times: user=0.02 sys=0.00, real=0.00 secs] 
2014-07-09T01:18:20.169+0000: 1923.632: [GC [PSYoungGen: 293534K->512K(293952K)] 606190K->313216K(980928K), 0.0070460 secs] [Times: user=0.04 sys=0.00, real=0.01 secs] 
2014-07-09T01:18:20.984+0000: 1924.446: [GC [PSYoungGen: 293184K->544K(285504K)] 605888K->313304K(972480K), 0.0031560 secs] [Times: user=0.02 sys=0.00, real=0.01 secs] 
2014-07-09T01:18:21.774+0000: 1925.236: [GC [PSYoungGen: 285472K->776K(278336K)] 598232K->313608K(965312K), 0.0037230 secs] [Times: user=0.02 sys=0.00, real=0.00 secs] 
2014-07-09T01:18:22.530+0000: 1925.992: [GC [PSYoungGen: 278280K->844K(333952K)] 591112K->313732K(1020928K), 0.0140330 secs] [Times: user=0.09 sys=0.01, real=0.02 secs] 
2014-07-09T01:18:23.431+0000: 1926.893: [GC [PSYoungGen: 333881K->736K(324480K)] 646769K->313664K(1011456K), 0.0078000 secs] [Times: user=0.05 sys=0.00, real=0.01 secs] 
2014-07-09T01:18:24.318+0000: 1927.780: [GC [PSYoungGen: 324448K->786K(315584K)] 637376K->313794K(1002560K), 0.0041360 secs] [Times: user=0.02 sys=0.00, real=0.00 secs] 
2014-07-09T01:18:25.227+0000: 1928.689: [GC [PSYoungGen: 315525K->750K(306880K)] 628534K->313830K(993856K), 0.0089580 secs] [Times: user=0.05 sys=0.00, real=0.01 secs] 
2014-07-09T01:18:26.061+0000: 1929.524: [GC [PSYoungGen: 306860K->744K(298624K)] 619941K->314102K(985600K), 0.0064530 secs] [Times: user=0.04 sys=0.00, real=0.01 secs] 
2014-07-09T01:18:26.900+0000: 1930.362: [GC [PSYoungGen: 298600K->922K(290880K)] 611958K->314352K(977856K), 0.0052180 secs] [Times: user=0.02 sys=0.00, real=0.01 secs] 
2014-07-09T01:18:27.707+0000: 1931.170: [GC [PSYoungGen: 290842K->626K(282944K)] 604272K->314112K(969920K), 0.0060610 secs] [Times: user=0.02 sys=0.01, real=0.00 secs] 
2014-07-09T01:18:28.472+0000: 1931.935: [GC [PSYoungGen: 282929K->914K(275904K)] 596416K->314448K(962880K), 0.0080930 secs] [Times: user=0.05 sys=0.00, real=0.01 secs] 
2014-07-09T01:18:29.226+0000: 1932.688: [GC [PSYoungGen: 275858K->847K(268800K)] 589392K->314487K(955776K), 0.0072520 secs] [Times: user=0.05 sys=0.00, real=0.00 secs] 
2014-07-09T01:18:29.970+0000: 1933.432: [GC [PSYoungGen: 268751K->754K(261888K)] 582391K->314466K(948864K), 0.0057670 secs] [Times: user=0.03 sys=0.01, real=0.01 secs] 
2014-07-09T01:18:30.704+0000: 1934.166: [GC [PSYoungGen: 261874K->530K(255168K)] 575586K->314290K(942144K), 0.0067930 secs] [Times: user=0.04 sys=0.00, real=0.01 secs] 
2014-07-09T01:18:31.374+0000: 1934.836: [GC [PSYoungGen: 255122K->480K(248832K)] 568882K->314280K(935808K), 0.0096750 secs] [Times: user=0.06 sys=0.00, real=0.01 secs] 
2014-07-09T01:18:32.055+0000: 1935.517: [GC [PSYoungGen: 248800K->690K(242944K)] 562600K->314546K(929920K), 0.0057650 secs] [Times: user=0.02 sys=0.00, real=0.00 secs] 
2014-07-09T01:18:32.729+0000: 1936.191: [GC [PSYoungGen: 242910K->684K(237120K)] 556766K->314580K(924096K), 0.0064650 secs] [Times: user=0.02 sys=0.01, real=0.01 secs] 
2014-07-09T01:18:33.359+0000: 1936.822: [GC [PSYoungGen: 237072K->922K(231744K)] 550968K->314890K(918720K), 0.0035100 secs] [Times: user=0.02 sys=0.00, real=0.00 secs] 
2014-07-09T01:18:34.013+0000: 1937.475: [GC [PSYoungGen: 231706K->608K(225984K)] 545674K->314648K(912960K), 0.0076340 secs] [Times: user=0.04 sys=0.00, real=0.01 secs] 
2014-07-09T01:18:34.656+0000: 1938.118: [GC [PSYoungGen: 225952K->740K(271232K)] 539992K->314894K(958208K), 0.0094080 secs] [Times: user=0.04 sys=0.01, real=0.01 secs] 
2014-07-09T01:18:35.396+0000: 1938.858: [GC [PSYoungGen: 271166K->1032K(264640K)] 585321K->315274K(951616K), 0.0063500 secs] [Times: user=0.03 sys=0.00, real=0.01 secs] 
2014-07-09T01:18:36.101+0000: 1939.563: [GC [PSYoungGen: 264553K->370K(257280K)] 578795K->314962K(944256K), 0.0067940 secs] [Times: user=0.05 sys=0.00, real=0.01 secs] 
2014-07-09T01:18:36.810+0000: 1940.273: [GC [PSYoungGen: 257266K->1072K(251584K)] 571858K->315736K(938560K), 0.0062940 secs] [Times: user=0.03 sys=0.01, real=0.01 secs] 
2014-07-09T01:18:37.491+0000: 1940.953: [GC [PSYoungGen: 251540K->894K(245248K)] 566205K->315820K(932224K), 0.0053170 secs] [Times: user=0.02 sys=0.00, real=0.01 secs] 
2014-07-09T01:18:38.154+0000: 1941.616: [GC [PSYoungGen: 245246K->808K(294080K)] 560172K->315774K(981056K), 0.0094410 secs] [Times: user=0.02 sys=0.00, real=0.01 secs] 
2014-07-09T01:18:38.981+0000: 1942.444: [GC [PSYoungGen: 294056K->544K(286080K)] 609022K->315614K(973056K), 0.0063530 secs] [Times: user=0.03 sys=0.00, real=0.01 secs] 
2014-07-09T01:18:39.781+0000: 1943.243: [GC [PSYoungGen: 286026K->630K(278656K)] 601096K->315788K(965632K), 0.0037760 secs] [Times: user=0.02 sys=0.00, real=0.00 secs] 
2014-07-09T01:18:40.536+0000: 1943.999: [GC [PSYoungGen: 278646K->576K(271424K)] 593804K->315822K(958400K), 0.0032630 secs] [Times: user=0.02 sys=0.00, real=0.01 secs] 
2014-07-09T01:18:41.252+0000: 1944.715: [GC [PSYoungGen: 271424K->712K(264704K)] 586670K->316014K(951680K), 0.0091290 secs] [Times: user=0.05 sys=0.01, real=0.01 secs] 
2014-07-09T01:18:42.005+0000: 1945.467: [GC [PSYoungGen: 264648K->680K(257984K)] 579950K->316030K(944960K), 0.0075310 secs] [Times: user=0.04 sys=0.01, real=0.01 secs] 
2014-07-09T01:18:42.725+0000: 1946.187: [GC [PSYoungGen: 257960K->640K(251520K)] 573310K->316078K(938496K), 0.0072940 secs] [Times: user=0.05 sys=0.01, real=0.01 secs] 
2014-07-09T01:18:43.415+0000: 1946.877: [GC [PSYoungGen: 251520K->996K(245760K)] 566958K->316515K(932736K), 0.0062900 secs] [Times: user=0.02 sys=0.00, real=0.01 secs] 
2014-07-09T01:18:44.117+0000: 1947.579: [GC [PSYoungGen: 245732K->772K(239616K)] 561251K->316362K(926592K), 0.0061760 secs] [Times: user=0.03 sys=0.00, real=0.00 secs] 
2014-07-09T01:18:44.810+0000: 1948.272: [GC [PSYoungGen: 239534K->616K(233728K)] 555125K->316392K(920704K), 0.0058010 secs] [Times: user=0.04 sys=0.00, real=0.00 secs] 
2014-07-09T01:18:45.430+0000: 1948.893: [GC [PSYoungGen: 233680K->630K(228224K)] 549456K->316470K(915200K), 0.0069410 secs] [Times: user=0.05 sys=0.00, real=0.01 secs] 
2014-07-09T01:18:46.058+0000: 1949.520: [GC [PSYoungGen: 228214K->640K(222912K)] 544054K->316544K(909888K), 0.0076250 secs] [Times: user=0.04 sys=0.00, real=0.00 secs] 
2014-07-09T01:18:46.697+0000: 1950.159: [GC [PSYoungGen: 222912K->658K(217856K)] 538816K->316626K(904832K), 0.0059770 secs] [Times: user=0.04 sys=0.00, real=0.01 secs] 
2014-07-09T01:18:47.265+0000: 1950.727: [GC [PSYoungGen: 217810K->644K(212928K)] 533778K->316724K(899904K), 0.0034230 secs] [Times: user=0.02 sys=0.00, real=0.01 secs] 
2014-07-09T01:18:47.871+0000: 1951.333: [GC [PSYoungGen: 212868K->594K(255360K)] 528948K->316754K(942336K), 0.0095140 secs] [Times: user=0.05 sys=0.00, real=0.01 secs] 
2014-07-09T01:18:48.578+0000: 1952.041: [GC [PSYoungGen: 255314K->668K(306368K)] 571474K->316860K(993344K), 0.0067440 secs] [Times: user=0.02 sys=0.00, real=0.00 secs] 
2014-07-09T01:18:49.428+0000: 1952.891: [GC [PSYoungGen: 306332K->544K(335680K)] 622524K->316800K(1022656K), 0.0086340 secs] [Times: user=0.05 sys=0.00, real=0.00 secs] 
2014-07-09T01:18:50.359+0000: 1953.821: [GC [PSYoungGen: 335200K->1007K(326272K)] 651456K->317304K(1013248K), 0.0052630 secs] [Times: user=0.02 sys=0.00, real=0.00 secs] 
2014-07-09T01:18:51.256+0000: 1954.718: [GC [PSYoungGen: 326255K->580K(316864K)] 642552K->316924K(1003840K), 0.0068110 secs] [Times: user=0.04 sys=0.01, real=0.01 secs] 
2014-07-09T01:18:52.119+0000: 1955.581: [GC [PSYoungGen: 316804K->701K(308224K)] 633148K->317276K(995200K), 0.0061790 secs] [Times: user=0.03 sys=0.00, real=0.00 secs] 
2014-07-09T01:18:52.958+0000: 1956.421: [GC [PSYoungGen: 308221K->594K(299840K)] 624796K->317265K(986816K), 0.0071670 secs] [Times: user=0.04 sys=0.00, real=0.00 secs] 
2014-07-09T01:18:53.818+0000: 1957.280: [GC [PSYoungGen: 299763K->744K(291968K)] 616434K->317487K(978944K), 0.0057080 secs] [Times: user=0.04 sys=0.00, real=0.01 secs] 
2014-07-09T01:18:54.665+0000: 1958.127: [GC [PSYoungGen: 291944K->598K(284160K)] 608687K->317389K(971136K), 0.0073940 secs] [Times: user=0.05 sys=0.00, real=0.01 secs] 
2014-07-09T01:18:55.453+0000: 1958.916: [GC [PSYoungGen: 284118K->814K(276928K)] 600909K->317776K(963904K), 0.0114610 secs] [Times: user=0.07 sys=0.00, real=0.01 secs] 
2014-07-09T01:18:56.226+0000: 1959.688: [GC [PSYoungGen: 276910K->740K(269760K)] 593872K->317765K(956736K), 0.0063320 secs] [Times: user=0.03 sys=0.00, real=0.01 secs] 
2014-07-09T01:18:57.070+0000: 1960.533: [GC [PSYoungGen: 269732K->740K(262912K)] 586757K->317943K(949888K), 0.0075780 secs] [Times: user=0.03 sys=0.00, real=0.00 secs] 
2014-07-09T01:18:57.876+0000: 1961.339: [GC [PSYoungGen: 262884K->1123K(256704K)] 580087K->318423K(943680K), 0.0065610 secs] [Times: user=0.04 sys=0.00, real=0.01 secs] 
2014-07-09T01:18:58.692+0000: 1962.154: [GC [PSYoungGen: 256640K->420K(249664K)] 573940K->318129K(936640K), 0.0061710 secs] [Times: user=0.04 sys=0.01, real=0.00 secs] 
2014-07-09T01:18:59.490+0000: 1962.952: [GC [PSYoungGen: 249591K->1253K(244416K)] 567300K->319092K(931392K), 0.0053830 secs] [Times: user=0.04 sys=0.00, real=0.00 secs] 
2014-07-09T01:19:00.242+0000: 1963.704: [GC [PSYoungGen: 244338K->890K(238144K)] 562177K->319178K(925120K), 0.0075190 secs] [Times: user=0.05 sys=0.00, real=0.00 secs] 
2014-07-09T01:19:00.991+0000: 1964.453: [GC [PSYoungGen: 238138K->672K(232320K)] 556426K->319040K(919296K), 0.0045800 secs] [Times: user=0.03 sys=0.00, real=0.00 secs] 
2014-07-09T01:19:01.699+0000: 1965.162: [GC [PSYoungGen: 232288K->822K(227008K)] 550656K->319262K(913984K), 0.0060200 secs] [Times: user=0.03 sys=0.00, real=0.01 secs] 
2014-07-09T01:19:02.361+0000: 1965.823: [GC [PSYoungGen: 226998K->832K(272320K)] 545438K->319344K(959296K), 0.0146580 secs] [Times: user=0.08 sys=0.00, real=0.01 secs] 
2014-07-09T01:19:03.116+0000: 1966.578: [GC [PSYoungGen: 272256K->758K(265280K)] 590768K->319342K(952256K), 0.0043000 secs] [Times: user=0.02 sys=0.00, real=0.01 secs] 
2014-07-09T01:19:03.871+0000: 1967.333: [GC [PSYoungGen: 265270K->448K(258304K)] 583854K->319096K(945280K), 0.0035770 secs] [Times: user=0.02 sys=0.00, real=0.00 secs] 
2014-07-09T01:19:04.599+0000: 1968.061: [GC [PSYoungGen: 258301K->982K(252480K)] 576949K->319686K(939456K), 0.0047200 secs] [Times: user=0.02 sys=0.00, real=0.01 secs] 
2014-07-09T01:19:05.287+0000: 1968.750: [GC [PSYoungGen: 252438K->912K(246208K)] 571142K->319664K(933184K), 0.0110300 secs] [Times: user=0.06 sys=0.01, real=0.01 secs] 
2014-07-09T01:19:05.960+0000: 1969.422: [GC [PSYoungGen: 246160K->530K(239872K)] 564912K->319330K(926848K), 0.0031660 secs] [Times: user=0.02 sys=0.00, real=0.01 secs] 
2014-07-09T01:19:06.637+0000: 1970.100: [GC [PSYoungGen: 239796K->1032K(234624K)] 558597K->319912K(921600K), 0.0072600 secs] [Times: user=0.05 sys=0.00, real=0.01 secs] 
2014-07-09T01:19:07.282+0000: 1970.745: [GC [PSYoungGen: 234565K->876K(228928K)] 553446K->319820K(915904K), 0.0082020 secs] [Times: user=0.04 sys=0.00, real=0.00 secs] 
2014-07-09T01:19:07.907+0000: 1971.369: [GC [PSYoungGen: 228908K->544K(223296K)] 547852K->319544K(910272K), 0.0034480 secs] [Times: user=0.02 sys=0.00, real=0.00 secs] 
2014-07-09T01:19:08.523+0000: 1971.986: [GC [PSYoungGen: 223264K->562K(218176K)] 542264K->319610K(905152K), 0.0067110 secs] [Times: user=0.04 sys=0.00, real=0.00 secs] 
2014-07-09T01:19:09.117+0000: 1972.579: [GC [PSYoungGen: 218160K->833K(262016K)] 537208K->319921K(948992K), 0.0102690 secs] [Times: user=0.05 sys=0.00, real=0.01 secs] 
2014-07-09T01:19:09.854+0000: 1973.317: [GC [PSYoungGen: 261913K->1110K(314496K)] 581002K->320270K(1001472K), 0.0072170 secs] [Times: user=0.04 sys=0.00, real=0.01 secs] 
2014-07-09T01:19:10.709+0000: 1974.171: [GC [PSYoungGen: 314454K->668K(356224K)] 633614K->319892K(1043200K), 0.0078190 secs] [Times: user=0.05 sys=0.00, real=0.01 secs] 
2014-07-09T01:19:11.684+0000: 1975.146: [GC [PSYoungGen: 355548K->680K(345344K)] 674772K->319944K(1032320K), 0.0084550 secs] [Times: user=0.05 sys=0.00, real=0.01 secs] 
2014-07-09T01:19:12.627+0000: 1976.089: [GC [PSYoungGen: 345317K->910K(376832K)] 664582K->320246K(1063808K), 0.0109830 secs] [Times: user=0.05 sys=0.01, real=0.01 secs] 
2014-07-09T01:19:13.677+0000: 1977.139: [GC [PSYoungGen: 376462K->698K(365184K)] 695798K->320090K(1052160K), 0.0086210 secs] [Times: user=0.05 sys=0.00, real=0.01 secs] 
2014-07-09T01:19:14.676+0000: 1978.138: [GC [PSYoungGen: 365178K->974K(354880K)] 684570K->320438K(1041856K), 0.0066230 secs] [Times: user=0.04 sys=0.00, real=0.01 secs] 
2014-07-09T01:19:15.688+0000: 1979.150: [GC [PSYoungGen: 354830K->576K(344256K)] 674294K->320080K(1031232K), 0.0041710 secs] [Times: user=0.02 sys=0.00, real=0.01 secs] 
2014-07-09T01:19:16.751+0000: 1980.213: [GC [PSYoungGen: 344256K->1251K(335168K)] 663760K->320873K(1022144K), 0.0036590 secs] [Times: user=0.02 sys=0.00, real=0.01 secs] 
2014-07-09T01:19:17.779+0000: 1981.242: [GC [PSYoungGen: 335139K->690K(325184K)] 654761K->320375K(1012160K), 0.0067930 secs] [Times: user=0.04 sys=0.00, real=0.01 secs] 
2014-07-09T01:19:18.792+0000: 1982.254: [GC [PSYoungGen: 325170K->944K(316416K)] 644855K->320685K(1003392K), 0.0058030 secs] [Times: user=0.04 sys=0.00, real=0.00 secs] 
2014-07-09T01:19:19.794+0000: 1983.256: [GC [PSYoungGen: 316400K->926K(307776K)] 636141K->320731K(994752K), 0.0065400 secs] [Times: user=0.04 sys=0.00, real=0.00 secs] 
2014-07-09T01:19:20.747+0000: 1984.210: [GC [PSYoungGen: 307742K->1074K(299584K)] 627547K->320959K(986560K), 0.0078290 secs] [Times: user=0.04 sys=0.00, real=0.01 secs] 
2014-07-09T01:19:21.687+0000: 1985.149: [GC [PSYoungGen: 299570K->690K(291200K)] 619455K->320647K(978176K), 0.0074050 secs] [Times: user=0.04 sys=0.00, real=0.01 secs] 
2014-07-09T01:19:22.511+0000: 1985.973: [GC [PSYoungGen: 291151K->894K(283712K)] 611108K->320931K(970688K), 0.0055510 secs] [Times: user=0.04 sys=0.00, real=0.01 secs] 
2014-07-09T01:19:23.311+0000: 1986.773: [GC [PSYoungGen: 283710K->744K(276224K)] 603747K->320829K(963200K), 0.0048760 secs] [Times: user=0.02 sys=0.00, real=0.01 secs] 
2014-07-09T01:19:24.069+0000: 1987.531: [GC [PSYoungGen: 276200K->736K(269120K)] 596285K->320869K(956096K), 0.0039940 secs] [Times: user=0.01 sys=0.00, real=0.00 secs] 
2014-07-09T01:19:24.832+0000: 1988.294: [GC [PSYoungGen: 269088K->758K(262336K)] 589221K->320995K(949312K), 0.0069840 secs] [Times: user=0.04 sys=0.01, real=0.01 secs] 
2014-07-09T01:19:25.566+0000: 1989.028: [GC [PSYoungGen: 262326K->822K(255872K)] 582563K->321147K(942848K), 0.0037300 secs] [Times: user=0.02 sys=0.00, real=0.00 secs] 
2014-07-09T01:19:26.229+0000: 1989.691: [GC [PSYoungGen: 255862K->946K(249664K)] 576187K->321335K(936640K), 0.0065410 secs] [Times: user=0.05 sys=0.00, real=0.01 secs] 
2014-07-09T01:19:26.934+0000: 1990.396: [GC [PSYoungGen: 249650K->854K(243520K)] 570039K->321315K(930496K), 0.0072860 secs] [Times: user=0.04 sys=0.00, real=0.01 secs] 
2014-07-09T01:19:27.599+0000: 1991.062: [GC [PSYoungGen: 243452K->616K(237440K)] 563913K->321239K(924416K), 0.0100980 secs] [Times: user=0.05 sys=0.00, real=0.01 secs] 
2014-07-09T01:19:28.240+0000: 1991.703: [GC [PSYoungGen: 237416K->562K(284736K)] 558039K->321249K(971712K), 0.0080950 secs] [Times: user=0.06 sys=0.00, real=0.01 secs] 
2014-07-09T01:19:29.013+0000: 1992.475: [GC [PSYoungGen: 284722K->498K(341504K)] 605409K->321233K(1028480K), 0.0124620 secs] [Times: user=0.08 sys=0.00, real=0.02 secs] 
2014-07-09T01:19:29.986+0000: 1993.448: [GC [PSYoungGen: 341490K->768K(406080K)] 662225K->321607K(1093056K), 0.0057770 secs] [Times: user=0.04 sys=0.00, real=0.00 secs] 
2014-07-09T01:19:31.078+0000: 1994.540: [GC [PSYoungGen: 405632K->952K(393472K)] 726471K->321848K(1080448K), 0.0085420 secs] [Times: user=0.05 sys=0.00, real=0.01 secs] 
2014-07-09T01:19:32.178+0000: 1995.640: [GC [PSYoungGen: 393464K->1004K(381696K)] 714360K->321987K(1068672K), 0.0067730 secs] [Times: user=0.04 sys=0.00, real=0.01 secs] 
2014-07-09T01:19:33.260+0000: 1996.722: [GC [PSYoungGen: 381676K->512K(369856K)] 702659K->321623K(1056832K), 0.0129940 secs] [Times: user=0.08 sys=0.00, real=0.01 secs] 
2014-07-09T01:19:34.325+0000: 1997.787: [GC [PSYoungGen: 369856K->1038K(359616K)] 690967K->322205K(1046592K), 0.0068910 secs] [Times: user=0.04 sys=0.00, real=0.01 secs] 
2014-07-09T01:19:35.465+0000: 1998.927: [GC [PSYoungGen: 359566K->868K(349056K)] 680733K->322262K(1036032K), 0.0079950 secs] [Times: user=0.04 sys=0.00, real=0.01 secs] 
2014-07-09T01:19:36.559+0000: 2000.021: [GC [PSYoungGen: 349028K->936K(339136K)] 670422K->322393K(1026112K), 0.0039940 secs] [Times: user=0.03 sys=0.00, real=0.00 secs] 
2014-07-09T01:19:37.603+0000: 2001.066: [GC [PSYoungGen: 339112K->878K(329536K)] 660569K->322408K(1016512K), 0.0059720 secs] [Times: user=0.04 sys=0.00, real=0.01 secs] 
2014-07-09T01:19:38.641+0000: 2002.103: [GC [PSYoungGen: 329508K->886K(320384K)] 651038K->322487K(1007360K), 0.0163750 secs] [Times: user=0.10 sys=0.00, real=0.02 secs] 
2014-07-09T01:19:39.626+0000: 2003.088: [GC [PSYoungGen: 320374K->744K(311424K)] 641975K->322409K(998400K), 0.0077750 secs] [Times: user=0.05 sys=0.00, real=0.00 secs] 
2014-07-09T01:19:40.581+0000: 2004.044: [GC [PSYoungGen: 311372K->974K(303232K)] 633038K->322720K(990208K), 0.0039050 secs] [Times: user=0.02 sys=0.00, real=0.00 secs] 
2014-07-09T01:19:41.423+0000: 2004.886: [GC [PSYoungGen: 303182K->644K(294784K)] 624928K->322453K(981760K), 0.0037430 secs] [Times: user=0.02 sys=0.00, real=0.01 secs] 
2014-07-09T01:19:42.241+0000: 2005.704: [GC [PSYoungGen: 294724K->672K(286976K)] 616533K->322537K(973952K), 0.0138710 secs] [Times: user=0.08 sys=0.00, real=0.01 secs] 
2014-07-09T01:19:43.044+0000: 2006.506: [GC [PSYoungGen: 286944K->1014K(279808K)] 608809K->322952K(966784K), 0.0036130 secs] [Times: user=0.02 sys=0.00, real=0.01 secs] 
2014-07-09T01:19:43.835+0000: 2007.297: [GC [PSYoungGen: 279798K->722K(272320K)] 601736K->322731K(959296K), 0.0057070 secs] [Times: user=0.03 sys=0.00, real=0.01 secs] 
2014-07-09T01:19:44.566+0000: 2008.028: [GC [PSYoungGen: 272274K->822K(265472K)] 594283K->323059K(952448K), 0.0062180 secs] [Times: user=0.04 sys=0.00, real=0.01 secs] 
2014-07-09T01:19:45.325+0000: 2008.787: [GC [PSYoungGen: 265462K->598K(258624K)] 587699K->322875K(945600K), 0.0049310 secs] [Times: user=0.02 sys=0.00, real=0.01 secs] 
2014-07-09T01:19:46.026+0000: 2009.488: [GC [PSYoungGen: 258582K->794K(252416K)] 580859K->323119K(939392K), 0.0094140 secs] [Times: user=0.06 sys=0.00, real=0.01 secs] 
2014-07-09T01:19:46.744+0000: 2010.206: [GC [PSYoungGen: 252378K->594K(302592K)] 574703K->322983K(989568K), 0.0103290 secs] [Times: user=0.05 sys=0.00, real=0.01 secs] 
2014-07-09T01:19:47.574+0000: 2011.036: [GC [PSYoungGen: 302546K->480K(294336K)] 624935K->322933K(981312K), 0.0056980 secs] [Times: user=0.04 sys=0.00, real=0.01 secs] 
2014-07-09T01:19:48.361+0000: 2011.824: [GC [PSYoungGen: 294304K->534K(286592K)] 616757K->323019K(973568K), 0.0039820 secs] [Times: user=0.02 sys=0.00, real=0.00 secs] 
2014-07-09T01:19:49.160+0000: 2012.622: [GC [PSYoungGen: 286550K->712K(279296K)] 609035K->323253K(966272K), 0.0045410 secs] [Times: user=0.02 sys=0.00, real=0.00 secs] 
2014-07-09T01:19:49.955+0000: 2013.417: [GC [PSYoungGen: 279240K->830K(272128K)] 601781K->323427K(959104K), 0.0047010 secs] [Times: user=0.02 sys=0.00, real=0.01 secs] 
2014-07-09T01:19:50.725+0000: 2014.187: [GC [PSYoungGen: 272126K->676K(265088K)] 594723K->323337K(952064K), 0.0049330 secs] [Times: user=0.04 sys=0.01, real=0.01 secs] 
2014-07-09T01:19:51.474+0000: 2014.936: [GC [PSYoungGen: 265059K->1022K(258752K)] 587720K->323755K(945728K), 0.0087100 secs] [Times: user=0.05 sys=0.00, real=0.01 secs] 
2014-07-09T01:19:52.174+0000: 2015.637: [GC [PSYoungGen: 258750K->764K(252096K)] 581483K->323792K(939072K), 0.0055750 secs] [Times: user=0.04 sys=0.00, real=0.01 secs] 
2014-07-09T01:19:52.936+0000: 2016.398: [GC [PSYoungGen: 252092K->1209K(246400K)] 575120K->324308K(933376K), 0.0032990 secs] [Times: user=0.02 sys=0.00, real=0.01 secs] 
2014-07-09T01:19:53.698+0000: 2017.160: [GC [PSYoungGen: 246393K->612K(239872K)] 569492K->323847K(926848K), 0.0103400 secs] [Times: user=0.06 sys=0.01, real=0.02 secs] 
2014-07-09T01:19:54.439+0000: 2017.901: [GC [PSYoungGen: 239844K->812K(234368K)] 563079K->324095K(921344K), 0.0078330 secs] [Times: user=0.05 sys=0.00, real=0.00 secs] 
2014-07-09T01:19:55.178+0000: 2018.640: [GC [PSYoungGen: 234308K->936K(228992K)] 557592K->324365K(915968K), 0.0034100 secs] [Times: user=0.01 sys=0.00, real=0.00 secs] 
2014-07-09T01:19:55.897+0000: 2019.360: [GC [PSYoungGen: 228968K->818K(223552K)] 552397K->324311K(910528K), 0.0094020 secs] [Times: user=0.05 sys=0.00, real=0.01 secs] 
2014-07-09T01:19:56.593+0000: 2020.055: [GC [PSYoungGen: 223538K->808K(218432K)] 547031K->324349K(905408K), 0.0062480 secs] [Times: user=0.02 sys=0.00, real=0.01 secs] 
2014-07-09T01:19:57.260+0000: 2020.723: [GC [PSYoungGen: 218408K->708K(213440K)] 541949K->324305K(900416K), 0.0045160 secs] [Times: user=0.02 sys=0.00, real=0.00 secs] 
2014-07-09T01:19:57.918+0000: 2021.381: [GC [PSYoungGen: 213380K->744K(208640K)] 536977K->324397K(895616K), 0.0038650 secs] [Times: user=0.02 sys=0.00, real=0.00 secs] 
2014-07-09T01:19:58.564+0000: 2022.026: [GC [PSYoungGen: 208616K->630K(203904K)] 532269K->324331K(890880K), 0.0045250 secs] [Times: user=0.02 sys=0.00, real=0.01 secs] 
2014-07-09T01:19:59.155+0000: 2022.617: [GC [PSYoungGen: 203881K->726K(199552K)] 527583K->324523K(886528K), 0.0031910 secs] [Times: user=0.02 sys=0.00, real=0.00 secs] 
2014-07-09T01:19:59.738+0000: 2023.200: [GC [PSYoungGen: 199510K->680K(195200K)] 523307K->324549K(882176K), 0.0062840 secs] [Times: user=0.04 sys=0.00, real=0.01 secs] 
2014-07-09T01:20:00.268+0000: 2023.730: [GC [PSYoungGen: 195176K->890K(191232K)] 519045K->324863K(878208K), 0.0035800 secs] [Times: user=0.02 sys=0.00, real=0.01 secs] 
2014-07-09T01:20:00.821+0000: 2024.283: [GC [PSYoungGen: 191173K->1004K(187328K)] 515146K->325049K(874304K), 0.0058570 secs] [Times: user=0.03 sys=0.00, real=0.00 secs] 
2014-07-09T01:20:01.340+0000: 2024.802: [GC [PSYoungGen: 187308K->444K(182848K)] 511353K->325221K(869824K), 0.0048730 secs] [Times: user=0.02 sys=0.00, real=0.00 secs] 
2014-07-09T01:20:01.849+0000: 2025.311: [GC [PSYoungGen: 182844K->843K(179520K)] 507621K->325692K(866496K), 0.0046950 secs] [Times: user=0.02 sys=0.00, real=0.01 secs] 
2014-07-09T01:20:02.323+0000: 2025.785: [GC [PSYoungGen: 179425K->960K(176000K)] 504274K->326109K(862976K), 0.0052220 secs] [Times: user=0.02 sys=0.00, real=0.00 secs] 
2014-07-09T01:20:02.824+0000: 2026.286: [GC [PSYoungGen: 175936K->1110K(172608K)] 501085K->326322K(859584K), 0.0042090 secs] [Times: user=0.02 sys=0.01, real=0.00 secs] 
2014-07-09T01:20:03.297+0000: 2026.760: [GC [PSYoungGen: 172566K->448K(206208K)] 497778K->325700K(893184K), 0.0100130 secs] [Times: user=0.05 sys=0.00, real=0.01 secs] 
2014-07-09T01:20:03.881+0000: 2027.344: [GC [PSYoungGen: 206208K->716K(247680K)] 531460K->326008K(934656K), 0.0119950 secs] [Times: user=0.06 sys=0.01, real=0.01 secs] 
2014-07-09T01:20:04.576+0000: 2028.039: [GC [PSYoungGen: 247628K->974K(297344K)] 572920K->326338K(984320K), 0.0062640 secs] [Times: user=0.03 sys=0.01, real=0.01 secs] 
2014-07-09T01:20:05.406+0000: 2028.868: [GC [PSYoungGen: 297294K->1166K(356800K)] 622658K->326603K(1043776K), 0.0081840 secs] [Times: user=0.05 sys=0.00, real=0.01 secs] 
2014-07-09T01:20:06.373+0000: 2029.835: [GC [PSYoungGen: 356750K->512K(389760K)] 682187K->326020K(1076736K), 0.0072180 secs] [Times: user=0.05 sys=0.00, real=0.01 secs] 
2014-07-09T01:20:07.452+0000: 2030.914: [GC [PSYoungGen: 389735K->730K(390656K)] 715243K->326286K(1077632K), 0.0094900 secs] [Times: user=0.05 sys=0.00, real=0.01 secs] 
2014-07-09T01:20:08.531+0000: 2031.993: [GC [PSYoungGen: 389978K->658K(378304K)] 715534K->326262K(1065280K), 0.0051750 secs] [Times: user=0.01 sys=0.00, real=0.00 secs] 
2014-07-09T01:20:09.564+0000: 2033.026: [GC [PSYoungGen: 378232K->780K(367232K)] 703837K->326448K(1054208K), 0.0063880 secs] [Times: user=0.03 sys=0.00, real=0.01 secs] 
2014-07-09T01:20:10.620+0000: 2034.082: [GC [PSYoungGen: 367177K->908K(356608K)] 692846K->326648K(1043584K), 0.0098110 secs] [Times: user=0.05 sys=0.01, real=0.01 secs] 
2014-07-09T01:20:11.620+0000: 2035.082: [GC [PSYoungGen: 356544K->876K(346240K)] 682284K->326704K(1033216K), 0.0071740 secs] [Times: user=0.05 sys=0.00, real=0.00 secs] 
2014-07-09T01:20:12.598+0000: 2036.060: [GC [PSYoungGen: 346220K->658K(336192K)] 672048K->326558K(1023168K), 0.0063160 secs] [Times: user=0.04 sys=0.00, real=0.01 secs] 
2014-07-09T01:20:13.544+0000: 2037.006: [GC [PSYoungGen: 336110K->1124K(327168K)] 662011K->327105K(1014144K), 0.0053580 secs] [Times: user=0.04 sys=0.00, real=0.00 secs] 
2014-07-09T01:20:14.479+0000: 2037.941: [GC [PSYoungGen: 327140K->758K(317696K)] 653121K->326892K(1004672K), 0.0097180 secs] [Times: user=0.04 sys=0.01, real=0.01 secs] 
2014-07-09T01:20:15.473+0000: 2038.936: [GC [PSYoungGen: 317686K->924K(309184K)] 643820K->327130K(996160K), 0.0135210 secs] [Times: user=0.08 sys=0.00, real=0.01 secs] 
2014-07-09T01:20:16.430+0000: 2039.892: [GC [PSYoungGen: 309148K->626K(300480K)] 635354K->326912K(987456K), 0.0045770 secs] [Times: user=0.03 sys=0.00, real=0.01 secs] 
2014-07-09T01:20:17.355+0000: 2040.818: [GC [PSYoungGen: 300466K->896K(292800K)] 626752K->327286K(979776K), 0.0064860 secs] [Times: user=0.03 sys=0.01, real=0.01 secs] 
2014-07-09T01:20:18.267+0000: 2041.729: [GC [PSYoungGen: 292736K->480K(284608K)] 619126K->326894K(971584K), 0.0050400 secs] [Times: user=0.02 sys=0.00, real=0.01 secs] 
2014-07-09T01:20:19.168+0000: 2042.630: [GC [PSYoungGen: 284576K->804K(277504K)] 610990K->327290K(964480K), 0.0066120 secs] [Times: user=0.04 sys=0.00, real=0.01 secs] 
2014-07-09T01:20:20.016+0000: 2043.479: [GC [PSYoungGen: 277476K->662K(270272K)] 603962K->327196K(957248K), 0.0037570 secs] [Times: user=0.02 sys=0.00, real=0.00 secs] 
2014-07-09T01:20:20.840+0000: 2044.303: [GC [PSYoungGen: 270230K->946K(263680K)] 596764K->327553K(950656K), 0.0091230 secs] [Times: user=0.05 sys=0.01, real=0.01 secs] 
2014-07-09T01:20:21.585+0000: 2045.048: [GC [PSYoungGen: 263666K->804K(256960K)] 590273K->327541K(943936K), 0.0097870 secs] [Times: user=0.04 sys=0.00, real=0.01 secs] 
2014-07-09T01:20:22.278+0000: 2045.740: [GC [PSYoungGen: 256932K->576K(250368K)] 583669K->327384K(937344K), 0.0064720 secs] [Times: user=0.04 sys=0.00, real=0.01 secs] 
2014-07-09T01:20:23.007+0000: 2046.469: [GC [PSYoungGen: 250368K->1118K(244800K)] 577176K->328006K(931776K), 0.0070500 secs] [Times: user=0.05 sys=0.00, real=0.01 secs] 
2014-07-09T01:20:23.685+0000: 2047.147: [GC [PSYoungGen: 244764K->658K(238464K)] 571652K->327650K(925440K), 0.0056790 secs] [Times: user=0.03 sys=0.00, real=0.00 secs] 
2014-07-09T01:20:24.321+0000: 2047.783: [GC [PSYoungGen: 238418K->683K(232768K)] 565410K->327715K(919744K), 0.0044840 secs] [Times: user=0.02 sys=0.00, real=0.01 secs] 
2014-07-09T01:20:24.959+0000: 2048.421: [GC [PSYoungGen: 232747K->630K(227264K)] 559779K->327726K(914240K), 0.0031990 secs] [Times: user=0.02 sys=0.00, real=0.00 secs] 
2014-07-09T01:20:25.587+0000: 2049.049: [GC [PSYoungGen: 227254K->662K(222080K)] 554350K->327830K(909056K), 0.0053760 secs] [Times: user=0.04 sys=0.00, real=0.00 secs] 
2014-07-09T01:20:26.170+0000: 2049.632: [GC [PSYoungGen: 222038K->644K(217024K)] 549206K->327892K(904000K), 0.0079290 secs] [Times: user=0.04 sys=0.00, real=0.01 secs] 
2014-07-09T01:20:26.773+0000: 2050.235: [GC [PSYoungGen: 216964K->712K(212160K)] 544212K->328024K(899136K), 0.0042050 secs] [Times: user=0.02 sys=0.00, real=0.00 secs] 
2014-07-09T01:20:27.349+0000: 2050.812: [GC [PSYoungGen: 212104K->612K(207296K)] 539416K->327996K(894272K), 0.0032340 secs] [Times: user=0.02 sys=0.00, real=0.00 secs] 
2014-07-09T01:20:27.914+0000: 2051.376: [GC [PSYoungGen: 207266K->798K(202944K)] 534650K->328222K(889920K), 0.0083990 secs] [Times: user=0.05 sys=0.00, real=0.00 secs] 
2014-07-09T01:20:28.460+0000: 2051.923: [GC [PSYoungGen: 202910K->580K(198336K)] 530334K->328076K(885312K), 0.0058850 secs] [Times: user=0.03 sys=0.00, real=0.01 secs] 
2014-07-09T01:20:29.007+0000: 2052.469: [GC [PSYoungGen: 198276K->794K(194240K)] 525772K->328378K(881216K), 0.0030590 secs] [Times: user=0.02 sys=0.00, real=0.00 secs] 
2014-07-09T01:20:29.532+0000: 2052.995: [GC [PSYoungGen: 194202K->744K(190080K)] 521786K->328416K(877056K), 0.0035800 secs] [Times: user=0.02 sys=0.00, real=0.01 secs] 
2014-07-09T01:20:30.044+0000: 2053.506: [GC [PSYoungGen: 190033K->762K(227968K)] 517706K->328506K(914944K), 0.0099930 secs] [Times: user=0.06 sys=0.00, real=0.01 secs] 
2014-07-09T01:20:30.690+0000: 2054.152: [GC [PSYoungGen: 227962K->512K(273152K)] 555706K->328296K(960128K), 0.0085090 secs] [Times: user=0.05 sys=0.00, real=0.01 secs] 
2014-07-09T01:20:31.442+0000: 2054.905: [GC [PSYoungGen: 273152K->498K(327680K)] 600936K->328330K(1014656K), 0.0092500 secs] [Times: user=0.05 sys=0.00, real=0.01 secs] 
2014-07-09T01:20:32.317+0000: 2055.779: [GC [PSYoungGen: 327663K->808K(393472K)] 655495K->328680K(1080448K), 0.0091730 secs] [Times: user=0.03 sys=0.00, real=0.01 secs] 
2014-07-09T01:20:33.394+0000: 2056.856: [GC [PSYoungGen: 393448K->762K(453312K)] 721320K->328714K(1140288K), 0.0093860 secs] [Times: user=0.06 sys=0.00, real=0.00 secs] 
2014-07-09T01:20:34.651+0000: 2058.114: [GC [PSYoungGen: 453178K->736K(438784K)] 781130K->328768K(1125760K), 0.0071750 secs] [Times: user=0.03 sys=0.00, real=0.01 secs] 
2014-07-09T01:20:35.888+0000: 2059.351: [GC [PSYoungGen: 438752K->384K(424640K)] 766784K->328584K(1111616K), 0.0043980 secs] [Times: user=0.03 sys=0.00, real=0.00 secs] 
2014-07-09T01:20:37.093+0000: 2060.556: [GC [PSYoungGen: 424640K->594K(411712K)] 752840K->328850K(1098688K), 0.0035680 secs] [Times: user=0.02 sys=0.00, real=0.01 secs] 
2014-07-09T01:20:38.242+0000: 2061.705: [GC [PSYoungGen: 411666K->704K(399168K)] 739922K->329048K(1086144K), 0.0059080 secs] [Times: user=0.02 sys=0.00, real=0.01 secs] 
2014-07-09T01:20:39.462+0000: 2062.924: [GC [PSYoungGen: 399168K->936K(387328K)] 727512K->329352K(1074304K), 0.0061010 secs] [Times: user=0.04 sys=0.00, real=0.01 secs] 
2014-07-09T01:20:40.684+0000: 2064.147: [GC [PSYoungGen: 387304K->438K(375232K)] 715720K->329160K(1062208K), 0.0082240 secs] [Times: user=0.05 sys=0.01, real=0.01 secs] 
2014-07-09T01:20:41.847+0000: 2065.309: [GC [PSYoungGen: 375222K->1010K(364736K)] 703944K->330135K(1051712K), 0.0045570 secs] [Times: user=0.02 sys=0.01, real=0.00 secs] 
2014-07-09T01:20:42.966+0000: 2066.428: [GC [PSYoungGen: 364722K->630K(353728K)] 693847K->330475K(1040704K), 0.0043320 secs] [Times: user=0.02 sys=0.00, real=0.00 secs] 
2014-07-09T01:20:44.029+0000: 2067.491: [GC [PSYoungGen: 353718K->1022K(343936K)] 683563K->330989K(1030912K), 0.0043370 secs] [Times: user=0.02 sys=0.00, real=0.00 secs] 
2014-07-09T01:20:44.985+0000: 2068.448: [GC [PSYoungGen: 343910K->630K(333824K)] 673877K->330819K(1020800K), 0.0082680 secs] [Times: user=0.05 sys=0.00, real=0.01 secs] 
2014-07-09T01:20:45.907+0000: 2069.369: [GC [PSYoungGen: 333814K->594K(324480K)] 664003K->330847K(1011456K), 0.0060110 secs] [Times: user=0.03 sys=0.01, real=0.00 secs] 
2014-07-09T01:20:46.803+0000: 2070.266: [GC [PSYoungGen: 324434K->772K(315712K)] 654687K->331049K(1002688K), 0.0069440 secs] [Times: user=0.02 sys=0.00, real=0.01 secs] 
2014-07-09T01:20:47.671+0000: 2071.133: [GC [PSYoungGen: 315652K->740K(307008K)] 645929K->331097K(993984K), 0.0041350 secs] [Times: user=0.02 sys=0.00, real=0.00 secs] 
2014-07-09T01:20:48.501+0000: 2071.963: [GC [PSYoungGen: 306979K->672K(298688K)] 637336K->331077K(985664K), 0.0080360 secs] [Times: user=0.04 sys=0.00, real=0.01 secs] 
2014-07-09T01:20:49.325+0000: 2072.788: [GC [PSYoungGen: 298656K->1096K(291200K)] 629061K->331565K(978176K), 0.0066320 secs] [Times: user=0.04 sys=0.00, real=0.01 secs] 
2014-07-09T01:20:50.115+0000: 2073.578: [GC [PSYoungGen: 291144K->662K(283136K)] 621613K->331203K(970112K), 0.0070450 secs] [Times: user=0.05 sys=0.00, real=0.01 secs] 
2014-07-09T01:20:50.916+0000: 2074.378: [GC [PSYoungGen: 283094K->1302K(276416K)] 613635K->331916K(963392K), 0.0075540 secs] [Times: user=0.05 sys=0.00, real=0.01 secs] 
2014-07-09T01:20:51.661+0000: 2075.123: [GC [PSYoungGen: 276374K->672K(268736K)] 606988K->331415K(955712K), 0.0066160 secs] [Times: user=0.05 sys=0.00, real=0.01 secs] 
2014-07-09T01:20:52.390+0000: 2075.853: [GC [PSYoungGen: 268704K->608K(261888K)] 599447K->331383K(948864K), 0.0051590 secs] [Times: user=0.02 sys=0.00, real=0.00 secs] 
2014-07-09T01:20:53.101+0000: 2076.563: [GC [PSYoungGen: 261832K->1050K(255808K)] 592607K->331913K(942784K), 0.0060010 secs] [Times: user=0.04 sys=0.01, real=0.00 secs] 
2014-07-09T01:20:53.814+0000: 2077.276: [GC [PSYoungGen: 255770K->690K(249152K)] 586633K->331633K(936128K), 0.0060610 secs] [Times: user=0.04 sys=0.00, real=0.01 secs] 
2014-07-09T01:20:54.489+0000: 2077.951: [GC [PSYoungGen: 249049K->982K(243392K)] 579992K->331981K(930368K), 0.0069230 secs] [Times: user=0.05 sys=0.00, real=0.00 secs] 
2014-07-09T01:20:55.130+0000: 2078.593: [GC [PSYoungGen: 243350K->448K(236992K)] 574349K->331487K(923968K), 0.0051150 secs] [Times: user=0.02 sys=0.00, real=0.00 secs] 
2014-07-09T01:20:55.815+0000: 2079.277: [GC [PSYoungGen: 236992K->562K(231488K)] 568031K->331689K(918464K), 0.0082280 secs] [Times: user=0.05 sys=0.00, real=0.01 secs] 
2014-07-09T01:20:56.434+0000: 2079.896: [GC [PSYoungGen: 231474K->832K(226368K)] 562601K->332023K(913344K), 0.0059150 secs] [Times: user=0.04 sys=0.00, real=0.01 secs] 
2014-07-09T01:20:57.041+0000: 2080.503: [GC [PSYoungGen: 226304K->882K(221120K)] 557495K->332145K(908096K), 0.0033700 secs] [Times: user=0.02 sys=0.01, real=0.00 secs] 
2014-07-09T01:20:57.659+0000: 2081.121: [GC [PSYoungGen: 221106K->864K(216064K)] 552369K->332215K(903040K), 0.0070040 secs] [Times: user=0.04 sys=0.01, real=0.00 secs] 
2014-07-09T01:20:58.255+0000: 2081.717: [GC [PSYoungGen: 216032K->932K(211264K)] 547383K->332379K(898240K), 0.0040370 secs] [Times: user=0.02 sys=0.00, real=0.01 secs] 
2014-07-09T01:20:58.855+0000: 2082.317: [GC [PSYoungGen: 211236K->530K(206208K)] 542683K->332041K(893184K), 0.0039570 secs] [Times: user=0.02 sys=0.00, real=0.01 secs] 
2014-07-09T01:20:59.434+0000: 2082.896: [GC [PSYoungGen: 206127K->616K(201728K)] 537639K->332167K(888704K), 0.0048040 secs] [Times: user=0.02 sys=0.00, real=0.01 secs] 
2014-07-09T01:20:59.996+0000: 2083.458: [GC [PSYoungGen: 201704K->594K(197376K)] 533255K->332201K(884352K), 0.0041570 secs] [Times: user=0.02 sys=0.00, real=0.01 secs] 
2014-07-09T01:21:00.546+0000: 2084.009: [GC [PSYoungGen: 197327K->684K(193216K)] 528934K->332379K(880192K), 0.0053320 secs] [Times: user=0.03 sys=0.00, real=0.01 secs] 
2014-07-09T01:21:01.085+0000: 2084.548: [GC [PSYoungGen: 193196K->712K(189184K)] 524891K->332479K(876160K), 0.0065260 secs] [Times: user=0.04 sys=0.00, real=0.01 secs] 
2014-07-09T01:21:01.634+0000: 2085.096: [GC [PSYoungGen: 189128K->914K(227072K)] 520895K->332769K(914048K), 0.0080970 secs] [Times: user=0.05 sys=0.01, real=0.01 secs] 
2014-07-09T01:21:02.283+0000: 2085.745: [GC [PSYoungGen: 227009K->914K(221824K)] 558864K->332873K(908800K), 0.0045750 secs] [Times: user=0.02 sys=0.00, real=0.00 secs] 
2014-07-09T01:21:02.931+0000: 2086.393: [GC [PSYoungGen: 221778K->672K(216512K)] 553737K->332809K(903488K), 0.0033660 secs] [Times: user=0.02 sys=0.00, real=0.00 secs] 
2014-07-09T01:21:03.546+0000: 2087.008: [GC [PSYoungGen: 216480K->740K(211712K)] 548617K->332965K(898688K), 0.0038220 secs] [Times: user=0.01 sys=0.00, real=0.01 secs] 
2014-07-09T01:21:04.120+0000: 2087.583: [GC [PSYoungGen: 211654K->996K(207232K)] 543879K->333483K(894208K), 0.0053330 secs] [Times: user=0.03 sys=0.00, real=0.00 secs] 
2014-07-09T01:21:04.731+0000: 2088.193: [GC [PSYoungGen: 207178K->1134K(202816K)] 539665K->333701K(889792K), 0.0053220 secs] [Times: user=0.03 sys=0.00, real=0.00 secs] 
2014-07-09T01:21:05.289+0000: 2088.751: [GC [PSYoungGen: 202798K->562K(197824K)] 535365K->333541K(884800K), 0.0061770 secs] [Times: user=0.04 sys=0.00, real=0.01 secs] 
2014-07-09T01:21:05.926+0000: 2089.388: [GC [PSYoungGen: 197810K->936K(193984K)] 530789K->333955K(880960K), 0.0044790 secs] [Times: user=0.03 sys=0.01, real=0.01 secs] 
2014-07-09T01:21:06.431+0000: 2089.893: [GC [PSYoungGen: 193935K->762K(189696K)] 526955K->333893K(876672K), 0.0036580 secs] [Times: user=0.02 sys=0.00, real=0.00 secs] 
2014-07-09T01:21:06.974+0000: 2090.436: [GC [PSYoungGen: 189690K->808K(185792K)] 522821K->334051K(872768K), 0.0066420 secs] [Times: user=0.04 sys=0.00, real=0.01 secs] 
2014-07-09T01:21:07.494+0000: 2090.957: [GC [PSYoungGen: 185768K->876K(182016K)] 519011K->334207K(868992K), 0.0032610 secs] [Times: user=0.02 sys=0.00, real=0.00 secs] 
2014-07-09T01:21:07.998+0000: 2091.460: [GC [PSYoungGen: 181996K->512K(217856K)] 515327K->333899K(904832K), 0.0085380 secs] [Times: user=0.06 sys=0.00, real=0.01 secs] 
2014-07-09T01:21:08.612+0000: 2092.075: [GC [PSYoungGen: 217856K->868K(261760K)] 551243K->334359K(948736K), 0.0064270 secs] [Times: user=0.04 sys=0.00, real=0.01 secs] 
2014-07-09T01:21:09.328+0000: 2092.791: [GC [PSYoungGen: 261732K->580K(254976K)] 595223K->334127K(941952K), 0.0057450 secs] [Times: user=0.03 sys=0.00, real=0.01 secs] 
2014-07-09T01:21:10.047+0000: 2093.509: [GC [PSYoungGen: 254916K->950K(306176K)] 588463K->334561K(993152K), 0.0119280 secs] [Times: user=0.07 sys=0.00, real=0.01 secs] 
2014-07-09T01:21:10.945+0000: 2094.407: [GC [PSYoungGen: 306166K->862K(367168K)] 639777K->334513K(1054144K), 0.0073340 secs] [Times: user=0.02 sys=0.00, real=0.01 secs] 
2014-07-09T01:21:12.076+0000: 2095.538: [GC [PSYoungGen: 367134K->736K(356352K)] 700785K->334475K(1043328K), 0.0046670 secs] [Times: user=0.02 sys=0.00, real=0.01 secs] 
2014-07-09T01:21:13.087+0000: 2096.549: [GC [PSYoungGen: 356320K->580K(345920K)] 690059K->334383K(1032896K), 0.0035680 secs] [Times: user=0.02 sys=0.00, real=0.01 secs] 
2014-07-09T01:21:14.057+0000: 2097.520: [GC [PSYoungGen: 345860K->672K(336128K)] 679663K->334547K(1023104K), 0.0059970 secs] [Times: user=0.04 sys=0.00, real=0.01 secs] 
2014-07-09T01:21:15.010+0000: 2098.473: [GC [PSYoungGen: 336096K->762K(326720K)] 669971K->334701K(1013696K), 0.0041840 secs] [Times: user=0.02 sys=0.00, real=0.00 secs] 
2014-07-09T01:21:15.940+0000: 2099.402: [GC [PSYoungGen: 326714K->480K(317376K)] 660653K->334475K(1004352K), 0.0041700 secs] [Times: user=0.02 sys=0.00, real=0.00 secs] 
2014-07-09T01:21:16.864+0000: 2100.327: [GC [PSYoungGen: 317344K->480K(308672K)] 651339K->334531K(995648K), 0.0057990 secs] [Times: user=0.03 sys=0.00, real=0.01 secs] 
2014-07-09T01:21:17.724+0000: 2101.187: [GC [PSYoungGen: 308607K->986K(300800K)] 642659K->335101K(987776K), 0.0094560 secs] [Times: user=0.06 sys=0.00, real=0.01 secs] 
2014-07-09T01:21:18.587+0000: 2102.049: [GC [PSYoungGen: 300762K->790K(292608K)] 634877K->334977K(979584K), 0.0109560 secs] [Times: user=0.06 sys=0.00, real=0.01 secs] 
2014-07-09T01:21:19.402+0000: 2102.865: [GC [PSYoungGen: 292566K->580K(284672K)] 626753K->334823K(971648K), 0.0070620 secs] [Times: user=0.04 sys=0.00, real=0.00 secs] 
2014-07-09T01:21:20.199+0000: 2103.662: [GC [PSYoungGen: 284612K->548K(277184K)] 618855K->334863K(964160K), 0.0033640 secs] [Times: user=0.02 sys=0.01, real=0.01 secs] 
2014-07-09T01:21:21.014+0000: 2104.476: [GC [PSYoungGen: 277150K->544K(270080K)] 611466K->334915K(957056K), 0.0078210 secs] [Times: user=0.04 sys=0.00, real=0.01 secs] 
2014-07-09T01:21:21.820+0000: 2105.282: [GC [PSYoungGen: 270048K->1127K(263808K)] 604419K->335691K(950784K), 0.0055870 secs] [Times: user=0.03 sys=0.00, real=0.01 secs] 
2014-07-09T01:21:22.564+0000: 2106.027: [GC [PSYoungGen: 263761K->620K(256704K)] 598324K->335549K(943680K), 0.0069070 secs] [Times: user=0.04 sys=0.01, real=0.01 secs] 
2014-07-09T01:21:23.306+0000: 2106.768: [GC [PSYoungGen: 256684K->876K(308224K)] 591613K->335861K(995200K), 0.0165960 secs] [Times: user=0.11 sys=0.00, real=0.02 secs] 
2014-07-09T01:21:24.169+0000: 2107.631: [GC [PSYoungGen: 308203K->729K(299776K)] 643188K->335928K(986752K), 0.0038750 secs] [Times: user=0.02 sys=0.00, real=0.01 secs] 
2014-07-09T01:21:25.058+0000: 2108.520: [GC [PSYoungGen: 299736K->544K(291584K)] 634936K->335799K(978560K), 0.0080040 secs] [Times: user=0.06 sys=0.00, real=0.01 secs] 
2014-07-09T01:21:25.894+0000: 2109.356: [GC [PSYoungGen: 291549K->1102K(350400K)] 626804K->336438K(1037376K), 0.0173020 secs] [Times: user=0.11 sys=0.00, real=0.01 secs] 
2014-07-09T01:21:26.892+0000: 2110.354: [GC [PSYoungGen: 350350K->736K(419904K)] 685686K->336127K(1106880K), 0.0061820 secs] [Times: user=0.04 sys=0.00, real=0.00 secs] 
2014-07-09T01:21:28.061+0000: 2111.523: [GC [PSYoungGen: 419872K->832K(407104K)] 755263K->336287K(1094080K), 0.0075370 secs] [Times: user=0.04 sys=0.00, real=0.01 secs] 
2014-07-09T01:21:29.204+0000: 2112.667: [GC [PSYoungGen: 407040K->480K(394304K)] 742495K->335983K(1081280K), 0.0082850 secs] [Times: user=0.05 sys=0.00, real=0.01 secs] 
2014-07-09T01:21:30.306+0000: 2113.768: [GC [PSYoungGen: 394263K->1212K(383168K)] 729766K->336886K(1070144K), 0.0065070 secs] [Times: user=0.05 sys=0.00, real=0.01 secs] 
2014-07-09T01:21:31.411+0000: 2114.873: [GC [PSYoungGen: 383164K->846K(371456K)] 718838K->336591K(1058432K), 0.0064150 secs] [Times: user=0.04 sys=0.01, real=0.01 secs] 
2014-07-09T01:21:32.497+0000: 2115.959: [GC [PSYoungGen: 371406K->676K(360384K)] 707151K->336485K(1047360K), 0.0086000 secs] [Times: user=0.05 sys=0.00, real=0.01 secs] 
2014-07-09T01:21:33.493+0000: 2116.955: [GC [PSYoungGen: 360356K->958K(350208K)] 696165K->336823K(1037184K), 0.0044510 secs] [Times: user=0.01 sys=0.00, real=0.00 secs] 
2014-07-09T01:21:34.464+0000: 2117.926: [GC [PSYoungGen: 350206K->740K(340032K)] 686071K->336669K(1027008K), 0.0090980 secs] [Times: user=0.06 sys=0.01, real=0.01 secs] 
2014-07-09T01:21:35.424+0000: 2118.887: [GC [PSYoungGen: 340004K->548K(330240K)] 675933K->336501K(1017216K), 0.0071640 secs] [Times: user=0.02 sys=0.00, real=0.00 secs] 
2014-07-09T01:21:36.335+0000: 2119.798: [GC [PSYoungGen: 330212K->658K(396352K)] 666165K->336651K(1083328K), 0.0224070 secs] [Times: user=0.13 sys=0.00, real=0.02 secs] 
2014-07-09T01:21:37.511+0000: 2120.973: [GC [PSYoungGen: 396306K->1074K(415552K)] 732299K->337124K(1102528K), 0.0091230 secs] [Times: user=0.05 sys=0.00, real=0.01 secs] 
2014-07-09T01:21:38.684+0000: 2122.147: [GC [PSYoungGen: 415282K->822K(402304K)] 751332K->336951K(1089280K), 0.0043800 secs] [Times: user=0.02 sys=0.00, real=0.00 secs] 
2014-07-09T01:21:39.818+0000: 2123.281: [GC [PSYoungGen: 402261K->644K(389952K)] 738391K->336853K(1076928K), 0.0073680 secs] [Times: user=0.04 sys=0.00, real=0.01 secs] 
2014-07-09T01:21:40.902+0000: 2124.364: [GC [PSYoungGen: 389890K->716K(378368K)] 726099K->336957K(1065344K), 0.0066610 secs] [Times: user=0.02 sys=0.00, real=0.01 secs] 
2014-07-09T01:21:42.011+0000: 2125.474: [GC [PSYoungGen: 378316K->690K(367104K)] 714557K->337003K(1054080K), 0.0054280 secs] [Times: user=0.04 sys=0.01, real=0.01 secs] 
2014-07-09T01:21:43.039+0000: 2126.501: [GC [PSYoungGen: 367072K->715K(356416K)] 703386K->337108K(1043392K), 0.0076300 secs] [Times: user=0.04 sys=0.01, real=0.01 secs] 
2014-07-09T01:21:44.037+0000: 2127.499: [GC [PSYoungGen: 356363K->480K(345856K)] 692756K->336937K(1032832K), 0.0074460 secs] [Times: user=0.05 sys=0.00, real=0.01 secs] 
2014-07-09T01:21:45.011+0000: 2128.473: [GC [PSYoungGen: 345824K->598K(336128K)] 682281K->337103K(1023104K), 0.0111640 secs] [Times: user=0.06 sys=0.00, real=0.01 secs] 
2014-07-09T01:21:45.966+0000: 2129.429: [GC [PSYoungGen: 336086K->594K(326656K)] 672591K->337163K(1013632K), 0.0085260 secs] [Times: user=0.05 sys=0.00, real=0.01 secs] 
2014-07-09T01:21:46.934+0000: 2130.396: [GC [PSYoungGen: 326610K->988K(392256K)] 663179K->337597K(1079232K), 0.0149700 secs] [Times: user=0.09 sys=0.00, real=0.02 secs] 
2014-07-09T01:21:48.046+0000: 2131.508: [GC [PSYoungGen: 392220K->894K(380352K)] 728829K->337575K(1067328K), 0.0083440 secs] [Times: user=0.05 sys=0.00, real=0.00 secs] 
2014-07-09T01:21:49.110+0000: 2132.572: [GC [PSYoungGen: 380350K->498K(368704K)] 717031K->337219K(1055680K), 0.0054990 secs] [Times: user=0.02 sys=0.00, real=0.01 secs] 
2014-07-09T01:21:50.154+0000: 2133.616: [GC [PSYoungGen: 368674K->808K(358208K)] 705395K->337617K(1045184K), 0.0060550 secs] [Times: user=0.04 sys=0.00, real=0.01 secs] 
2014-07-09T01:21:51.194+0000: 2134.656: [GC [PSYoungGen: 358184K->712K(347776K)] 694993K->337593K(1034752K), 0.0085750 secs] [Times: user=0.04 sys=0.00, real=0.01 secs] 
2014-07-09T01:21:52.228+0000: 2135.690: [GC [PSYoungGen: 347720K->768K(337920K)] 684601K->337705K(1024896K), 0.0052160 secs] [Times: user=0.04 sys=0.00, real=0.00 secs] 
2014-07-09T01:21:53.170+0000: 2136.632: [GC [PSYoungGen: 337856K->512K(328064K)] 674793K->337529K(1015040K), 0.0072730 secs] [Times: user=0.05 sys=0.01, real=0.01 secs] 
2014-07-09T01:21:54.086+0000: 2137.548: [GC [PSYoungGen: 328064K->726K(319168K)] 665081K->337839K(1006144K), 0.0076340 secs] [Times: user=0.05 sys=0.01, real=0.00 secs] 
2014-07-09T01:21:55.006+0000: 2138.469: [GC [PSYoungGen: 319113K->765K(310400K)] 656227K->337942K(997376K), 0.0043670 secs] [Times: user=0.02 sys=0.00, real=0.00 secs] 
2014-07-09T01:21:55.896+0000: 2139.358: [GC [PSYoungGen: 310369K->818K(302016K)] 647546K->338035K(988992K), 0.0115980 secs] [Times: user=0.08 sys=0.00, real=0.01 secs] 
2014-07-09T01:21:56.766+0000: 2140.228: [GC [PSYoungGen: 302002K->622K(362112K)] 639219K->337993K(1049088K), 0.0138990 secs] [Times: user=0.08 sys=0.00, real=0.01 secs] 
2014-07-09T01:21:57.812+0000: 2141.274: [GC [PSYoungGen: 362094K->512K(351488K)] 699465K->337947K(1038464K), 0.0033760 secs] [Times: user=0.02 sys=0.00, real=0.00 secs] 
2014-07-09T01:21:58.824+0000: 2142.286: [GC [PSYoungGen: 351488K->964K(341888K)] 688923K->338487K(1028864K), 0.0069850 secs] [Times: user=0.04 sys=0.00, real=0.01 secs] 
2014-07-09T01:21:59.809+0000: 2143.272: [GC [PSYoungGen: 341823K->744K(331968K)] 679347K->338331K(1018944K), 0.0074750 secs] [Times: user=0.04 sys=0.00, real=0.00 secs] 
2014-07-09T01:22:00.780+0000: 2144.242: [GC [PSYoungGen: 331944K->548K(322496K)] 669531K->338287K(1009472K), 0.0052260 secs] [Times: user=0.03 sys=0.00, real=0.00 secs] 
2014-07-09T01:22:01.670+0000: 2145.132: [GC [PSYoungGen: 322468K->861K(313920K)] 660207K->338680K(1000896K), 0.0078100 secs] [Times: user=0.05 sys=0.00, real=0.01 secs] 
2014-07-09T01:22:02.614+0000: 2146.076: [GC [PSYoungGen: 313885K->640K(305088K)] 651704K->338589K(992064K), 0.0103810 secs] [Times: user=0.07 sys=0.00, real=0.01 secs] 
2014-07-09T01:22:03.473+0000: 2146.935: [GC [PSYoungGen: 305088K->912K(297216K)] 643037K->338909K(984192K), 0.0050440 secs] [Times: user=0.01 sys=0.00, real=0.01 secs] 
2014-07-09T01:22:04.288+0000: 2147.750: [GC [PSYoungGen: 297168K->626K(289024K)] 635165K->338851K(976000K), 0.0103570 secs] [Times: user=0.07 sys=0.00, real=0.01 secs] 
2014-07-09T01:22:05.137+0000: 2148.599: [GC [PSYoungGen: 289010K->1121K(281984K)] 627235K->339461K(968960K), 0.0051020 secs] [Times: user=0.02 sys=0.00, real=0.01 secs] 
2014-07-09T01:22:05.936+0000: 2149.398: [GC [PSYoungGen: 281953K->552K(274112K)] 620293K->339209K(961088K), 0.0112980 secs] [Times: user=0.07 sys=0.00, real=0.01 secs] 
2014-07-09T01:22:06.709+0000: 2150.172: [GC [PSYoungGen: 274086K->730K(267264K)] 612744K->339427K(954240K), 0.0088750 secs] [Times: user=0.05 sys=0.00, real=0.01 secs] 
2014-07-09T01:22:07.508+0000: 2150.970: [GC [PSYoungGen: 267209K->890K(260672K)] 605907K->339733K(947648K), 0.0067750 secs] [Times: user=0.04 sys=0.00, real=0.00 secs] 
2014-07-09T01:22:08.216+0000: 2151.678: [GC [PSYoungGen: 260666K->730K(254080K)] 599509K->339629K(941056K), 0.0048700 secs] [Times: user=0.03 sys=0.00, real=0.01 secs] 
2014-07-09T01:22:08.964+0000: 2152.427: [GC [PSYoungGen: 254042K->690K(247744K)] 592941K->339685K(934720K), 0.0059390 secs] [Times: user=0.04 sys=0.00, real=0.01 secs] 
2014-07-09T01:22:09.680+0000: 2153.143: [GC [PSYoungGen: 247730K->694K(241728K)] 586725K->339769K(928704K), 0.0055990 secs] [Times: user=0.03 sys=0.01, real=0.00 secs] 
2014-07-09T01:22:10.337+0000: 2153.799: [GC [PSYoungGen: 241710K->811K(236096K)] 580786K->339942K(923072K), 0.0039300 secs] [Times: user=0.02 sys=0.00, real=0.01 secs] 
2014-07-09T01:22:10.989+0000: 2154.451: [GC [PSYoungGen: 236075K->957K(230656K)] 575206K->340153K(917632K), 0.0066620 secs] [Times: user=0.05 sys=0.00, real=0.01 secs] 
2014-07-09T01:22:11.638+0000: 2155.100: [GC [PSYoungGen: 230630K->555K(224896K)] 569826K->340167K(911872K), 0.0085510 secs] [Times: user=0.05 sys=0.00, real=0.01 secs] 
2014-07-09T01:22:12.289+0000: 2155.751: [GC [PSYoungGen: 224871K->1196K(220352K)] 564483K->340922K(907328K), 0.0056040 secs] [Times: user=0.01 sys=0.00, real=0.00 secs] 
2014-07-09T01:22:12.926+0000: 2156.389: [GC [PSYoungGen: 220332K->466K(263488K)] 560058K->340540K(950464K), 0.0142410 secs] [Times: user=0.07 sys=0.00, real=0.02 secs] 
2014-07-09T01:22:13.684+0000: 2157.146: [GC [PSYoungGen: 263442K->1082K(316672K)] 603516K->341270K(1003648K), 0.0079380 secs] [Times: user=0.04 sys=0.00, real=0.01 secs] 
2014-07-09T01:22:14.559+0000: 2158.022: [GC [PSYoungGen: 316666K->512K(379264K)] 656854K->340740K(1066240K), 0.0132860 secs] [Times: user=0.08 sys=0.00, real=0.01 secs] 
2014-07-09T01:22:15.640+0000: 2159.102: [GC [PSYoungGen: 379218K->880K(455424K)] 719447K->341196K(1142400K), 0.0061450 secs] [Times: user=0.05 sys=0.00, real=0.00 secs] 
2014-07-09T01:22:16.940+0000: 2160.403: [GC [PSYoungGen: 455408K->672K(440768K)] 795724K->341084K(1127744K), 0.0099330 secs] [Times: user=0.06 sys=0.00, real=0.01 secs] 
2014-07-09T01:22:18.220+0000: 2161.682: [GC [PSYoungGen: 440736K->544K(426816K)] 781148K->341028K(1113792K), 0.0067360 secs] [Times: user=0.04 sys=0.00, real=0.00 secs] 
2014-07-09T01:22:19.455+0000: 2162.918: [GC [PSYoungGen: 426784K->1192K(414208K)] 767268K->341756K(1101184K), 0.0053240 secs] [Times: user=0.04 sys=0.00, real=0.01 secs] 
2014-07-09T01:22:20.621+0000: 2164.083: [GC [PSYoungGen: 414184K->846K(401216K)] 754748K->341506K(1088192K), 0.0074040 secs] [Times: user=0.05 sys=0.00, real=0.00 secs] 
2014-07-09T01:22:21.771+0000: 2165.233: [GC [PSYoungGen: 401145K->800K(388992K)] 741805K->341524K(1075968K), 0.0063750 secs] [Times: user=0.05 sys=0.00, real=0.00 secs] 
2014-07-09T01:22:22.910+0000: 2166.372: [GC [PSYoungGen: 388921K->740K(377280K)] 729646K->341560K(1064256K), 0.0064110 secs] [Times: user=0.04 sys=0.00, real=0.00 secs] 
2014-07-09T01:22:23.974+0000: 2167.436: [GC [PSYoungGen: 377252K->736K(366144K)] 718072K->341620K(1053120K), 0.0076810 secs] [Times: user=0.05 sys=0.00, real=0.01 secs] 
2014-07-09T01:22:25.005+0000: 2168.467: [GC [PSYoungGen: 366112K->736K(355456K)] 706996K->341676K(1042432K), 0.0044870 secs] [Times: user=0.02 sys=0.00, real=0.00 secs] 
2014-07-09T01:22:26.018+0000: 2169.481: [GC [PSYoungGen: 355424K->512K(344960K)] 696364K->341548K(1031936K), 0.0049480 secs] [Times: user=0.03 sys=0.00, real=0.01 secs] 
2014-07-09T01:22:26.999+0000: 2170.462: [GC [PSYoungGen: 344960K->512K(335168K)] 685996K->341620K(1022144K), 0.0070910 secs] [Times: user=0.04 sys=0.00, real=0.01 secs] 
2014-07-09T01:22:27.999+0000: 2171.461: [GC [PSYoungGen: 335168K->594K(325888K)] 676276K->341766K(1012864K), 0.0081500 secs] [Times: user=0.05 sys=0.00, real=0.01 secs] 
2014-07-09T01:22:28.926+0000: 2172.388: [GC [PSYoungGen: 325842K->512K(316736K)] 667014K->341740K(1003712K), 0.0131230 secs] [Times: user=0.09 sys=0.00, real=0.01 secs] 
2014-07-09T01:22:29.823+0000: 2173.285: [GC [PSYoungGen: 316736K->1102K(308672K)] 657964K->342395K(995648K), 0.0130550 secs] [Times: user=0.09 sys=0.01, real=0.01 secs] 
2014-07-09T01:22:30.681+0000: 2174.143: [GC [PSYoungGen: 308622K->940K(300160K)] 649915K->342304K(987136K), 0.0077300 secs] [Times: user=0.03 sys=0.00, real=0.01 secs] 
2014-07-09T01:22:31.507+0000: 2174.969: [GC [PSYoungGen: 300135K->630K(291840K)] 641499K->342246K(978816K), 0.0067710 secs] [Times: user=0.04 sys=0.00, real=0.01 secs] 
2014-07-09T01:22:32.358+0000: 2175.820: [GC [PSYoungGen: 291830K->726K(350208K)] 633446K->342398K(1037184K), 0.0132000 secs] [Times: user=0.07 sys=0.01, real=0.01 secs] 
2014-07-09T01:22:33.349+0000: 2176.811: [GC [PSYoungGen: 350166K->630K(419968K)] 691838K->342400K(1106944K), 0.0147790 secs] [Times: user=0.09 sys=0.00, real=0.02 secs] 
2014-07-09T01:22:34.526+0000: 2177.988: [GC [PSYoungGen: 419935K->630K(449024K)] 761706K->342472K(1136000K), 0.0071080 secs] [Times: user=0.04 sys=0.00, real=0.01 secs] 
2014-07-09T01:22:35.808+0000: 2179.270: [GC [PSYoungGen: 448373K->698K(434240K)] 790216K->342604K(1121216K), 0.0058290 secs] [Times: user=0.04 sys=0.01, real=0.01 secs] 
2014-07-09T01:22:37.044+0000: 2180.506: [GC [PSYoungGen: 434221K->1121K(421120K)] 776128K->343107K(1108096K), 0.0047760 secs] [Times: user=0.03 sys=0.00, real=0.00 secs] 
2014-07-09T01:22:38.249+0000: 2181.711: [GC [PSYoungGen: 421089K->615K(407616K)] 763075K->343085K(1094592K), 0.0057930 secs] [Times: user=0.03 sys=0.00, real=0.01 secs] 
2014-07-09T01:22:39.389+0000: 2182.851: [GC [PSYoungGen: 407591K->972K(395584K)] 750061K->343482K(1082560K), 0.0138670 secs] [Times: user=0.08 sys=0.00, real=0.02 secs] 
2014-07-09T01:22:40.481+0000: 2183.943: [GC [PSYoungGen: 395532K->562K(383232K)] 738042K->343226K(1070208K), 0.0033260 secs] [Times: user=0.02 sys=0.00, real=0.01 secs] 
2014-07-09T01:22:41.611+0000: 2185.074: [GC [PSYoungGen: 383218K->722K(372032K)] 725882K->343474K(1059008K), 0.0072420 secs] [Times: user=0.04 sys=0.00, real=0.01 secs] 
2014-07-09T01:22:42.706+0000: 2186.168: [GC [PSYoungGen: 371937K->889K(361216K)] 714689K->343705K(1048192K), 0.0057840 secs] [Times: user=0.02 sys=0.00, real=0.00 secs] 
2014-07-09T01:22:43.743+0000: 2187.206: [GC [PSYoungGen: 361188K->1082K(350912K)] 704004K->343986K(1037888K), 0.0071320 secs] [Times: user=0.04 sys=0.00, real=0.01 secs] 
2014-07-09T01:22:44.731+0000: 2188.193: [GC [PSYoungGen: 350906K->736K(340544K)] 693810K->343796K(1027520K), 0.0101400 secs] [Times: user=0.06 sys=0.00, real=0.01 secs] 
2014-07-09T01:22:45.714+0000: 2189.176: [GC [PSYoungGen: 340512K->782K(331008K)] 683572K->343906K(1017984K), 0.0040540 secs] [Times: user=0.02 sys=0.00, real=0.01 secs] 
2014-07-09T01:22:46.661+0000: 2190.124: [GC [PSYoungGen: 330958K->986K(321984K)] 674082K->344206K(1008960K), 0.0038090 secs] [Times: user=0.03 sys=0.00, real=0.01 secs] 
2014-07-09T01:22:47.595+0000: 2191.058: [GC [PSYoungGen: 321921K->1171K(313280K)] 665141K->344455K(1000256K), 0.0097870 secs] [Times: user=0.04 sys=0.01, real=0.01 secs] 
2014-07-09T01:22:48.542+0000: 2192.004: [GC [PSYoungGen: 313227K->508K(304064K)] 656512K->344190K(991040K), 0.0075690 secs] [Times: user=0.04 sys=0.00, real=0.01 secs] 
2014-07-09T01:22:49.413+0000: 2192.875: [GC [PSYoungGen: 304060K->1314K(296704K)] 647742K->345111K(983680K), 0.0078260 secs] [Times: user=0.05 sys=0.00, real=0.01 secs] 
2014-07-09T01:22:50.280+0000: 2193.742: [GC [PSYoungGen: 296674K->544K(288064K)] 640471K->344554K(975040K), 0.0090040 secs] [Times: user=0.06 sys=0.00, real=0.01 secs] 
2014-07-09T01:22:51.103+0000: 2194.565: [GC [PSYoungGen: 288032K->730K(280704K)] 632042K->344804K(967680K), 0.0037640 secs] [Times: user=0.01 sys=0.00, real=0.01 secs] 
2014-07-09T01:22:51.919+0000: 2195.381: [GC [PSYoungGen: 280666K->758K(273472K)] 624740K->344880K(960448K), 0.0116580 secs] [Times: user=0.07 sys=0.00, real=0.01 secs] 
2014-07-09T01:22:52.727+0000: 2196.189: [GC [PSYoungGen: 273462K->960K(328320K)] 617584K->345114K(1015296K), 0.0123140 secs] [Times: user=0.03 sys=0.00, real=0.01 secs] 
2014-07-09T01:22:53.653+0000: 2197.115: [GC [PSYoungGen: 328213K->576K(393344K)] 672367K->344810K(1080320K), 0.0110040 secs] [Times: user=0.07 sys=0.00, real=0.01 secs] 
2014-07-09T01:22:54.785+0000: 2198.247: [GC [PSYoungGen: 393344K->718K(381696K)] 737578K->345008K(1068672K), 0.0078220 secs] [Times: user=0.05 sys=0.00, real=0.01 secs] 
2014-07-09T01:22:55.873+0000: 2199.336: [GC [PSYoungGen: 381646K->918K(370560K)] 725936K->345288K(1057536K), 0.0044000 secs] [Times: user=0.03 sys=0.00, real=0.01 secs] 
2014-07-09T01:22:56.933+0000: 2200.395: [GC [PSYoungGen: 370518K->965K(359744K)] 714888K->345383K(1046720K), 0.0068380 secs] [Times: user=0.03 sys=0.00, real=0.01 secs] 
2014-07-09T01:22:57.988+0000: 2201.451: [GC [PSYoungGen: 359685K->750K(349056K)] 704103K->345493K(1036032K), 0.0051870 secs] [Times: user=0.03 sys=0.00, real=0.00 secs] 
2014-07-09T01:22:58.995+0000: 2202.457: [GC [PSYoungGen: 349038K->808K(339136K)] 693781K->345614K(1026112K), 0.0082720 secs] [Times: user=0.05 sys=0.00, real=0.01 secs] 
2014-07-09T01:22:59.980+0000: 2203.443: [GC [PSYoungGen: 339112K->448K(329152K)] 683918K->345360K(1016128K), 0.0067090 secs] [Times: user=0.04 sys=0.00, real=0.01 secs] 
2014-07-09T01:23:00.926+0000: 2204.388: [GC [PSYoungGen: 329152K->544K(320128K)] 674064K->345536K(1007104K), 0.0096000 secs] [Times: user=0.07 sys=0.00, real=0.01 secs] 
2014-07-09T01:23:01.828+0000: 2205.290: [GC [PSYoungGen: 320059K->954K(311680K)] 665052K->346042K(998656K), 0.0047900 secs] [Times: user=0.02 sys=0.00, real=0.00 secs] 
2014-07-09T01:23:02.719+0000: 2206.182: [GC [PSYoungGen: 311674K->922K(303232K)] 656762K->346106K(990208K), 0.0113020 secs] [Times: user=0.08 sys=0.00, real=0.01 secs] 
2014-07-09T01:23:03.634+0000: 2207.096: [GC [PSYoungGen: 303194K->676K(294848K)] 648378K->345916K(981824K), 0.0067390 secs] [Times: user=0.04 sys=0.00, real=0.01 secs] 
2014-07-09T01:23:04.445+0000: 2207.907: [GC [PSYoungGen: 294820K->626K(286976K)] 640060K->345930K(973952K), 0.0063830 secs] [Times: user=0.04 sys=0.00, real=0.01 secs] 
2014-07-09T01:23:05.249+0000: 2208.711: [GC [PSYoungGen: 286962K->698K(279552K)] 632266K->346066K(966528K), 0.0114750 secs] [Times: user=0.07 sys=0.00, real=0.01 secs] 
2014-07-09T01:23:06.063+0000: 2209.525: [GC [PSYoungGen: 279528K->886K(335552K)] 624897K->346343K(1022528K), 0.0109390 secs] [Times: user=0.08 sys=0.00, real=0.01 secs] 
2014-07-09T01:23:07.023+0000: 2210.486: [GC [PSYoungGen: 335542K->616K(325888K)] 680999K->346128K(1012864K), 0.0069310 secs] [Times: user=0.05 sys=0.00, real=0.01 secs] 
2014-07-09T01:23:07.975+0000: 2211.437: [GC [PSYoungGen: 325864K->1270K(317504K)] 671376K->346839K(1004480K), 0.0090770 secs] [Times: user=0.06 sys=0.00, real=0.01 secs] 
2014-07-09T01:23:08.915+0000: 2212.378: [GC [PSYoungGen: 317485K->676K(308224K)] 663054K->346505K(995200K), 0.0042660 secs] [Times: user=0.02 sys=0.00, real=0.01 secs] 
2014-07-09T01:23:09.787+0000: 2213.249: [GC [PSYoungGen: 308196K->932K(300160K)] 654025K->346867K(987136K), 0.0086420 secs] [Times: user=0.05 sys=0.00, real=0.01 secs] 
2014-07-09T01:23:10.633+0000: 2214.095: [GC [PSYoungGen: 300132K->979K(292224K)] 646067K->347118K(979200K), 0.0067690 secs] [Times: user=0.05 sys=0.00, real=0.01 secs] 
2014-07-09T01:23:11.479+0000: 2214.941: [GC [PSYoungGen: 292179K->840K(350336K)] 638318K->347003K(1037312K), 0.0179620 secs] [Times: user=0.11 sys=0.00, real=0.01 secs] 
2014-07-09T01:23:12.471+0000: 2215.933: [GC [PSYoungGen: 350280K->936K(420288K)] 696443K->347171K(1107264K), 0.0092990 secs] [Times: user=0.05 sys=0.00, real=0.01 secs] 
2014-07-09T01:23:13.695+0000: 2217.157: [GC [PSYoungGen: 420264K->864K(485504K)] 766499K->347171K(1172480K), 0.0099480 secs] [Times: user=0.07 sys=0.00, real=0.01 secs] 
2014-07-09T01:23:15.034+0000: 2218.496: [GC [PSYoungGen: 485024K->512K(468928K)] 831331K->346882K(1155904K), 0.0062690 secs] [Times: user=0.04 sys=0.00, real=0.01 secs] 
2014-07-09T01:23:16.349+0000: 2219.811: [GC [PSYoungGen: 468928K->562K(453888K)] 815298K->346980K(1140864K), 0.0078490 secs] [Times: user=0.05 sys=0.00, real=0.00 secs] 
2014-07-09T01:23:17.652+0000: 2221.114: [GC [PSYoungGen: 453874K->732K(439680K)] 800292K->347199K(1126656K), 0.0084670 secs] [Times: user=0.05 sys=0.00, real=0.01 secs] 
2014-07-09T01:23:18.953+0000: 2222.416: [GC [PSYoungGen: 439634K->780K(425920K)] 786101K->347295K(1112896K), 0.0039990 secs] [Times: user=0.02 sys=0.00, real=0.00 secs] 
2014-07-09T01:23:20.137+0000: 2223.599: [GC [PSYoungGen: 425861K->956K(412864K)] 772376K->347559K(1099840K), 0.0046390 secs] [Times: user=0.03 sys=0.00, real=0.01 secs] 
2014-07-09T01:23:21.296+0000: 2224.758: [GC [PSYoungGen: 412860K->662K(400000K)] 759463K->347353K(1086976K), 0.0035500 secs] [Times: user=0.02 sys=0.00, real=0.01 secs] 
2014-07-09T01:23:22.448+0000: 2225.910: [GC [PSYoungGen: 399958K->949K(388160K)] 746649K->347736K(1075136K), 0.0069350 secs] [Times: user=0.05 sys=0.00, real=0.01 secs] 
2014-07-09T01:23:23.575+0000: 2227.037: [GC [PSYoungGen: 388149K->498K(376128K)] 734936K->347340K(1063104K), 0.0038430 secs] [Times: user=0.02 sys=0.00, real=0.00 secs] 
2014-07-09T01:23:24.650+0000: 2228.112: [GC [PSYoungGen: 376114K->708K(365248K)] 722956K->347631K(1052224K), 0.0062620 secs] [Times: user=0.03 sys=0.00, real=0.00 secs] 
2014-07-09T01:23:25.673+0000: 2229.135: [GC [PSYoungGen: 365142K->818K(354688K)] 712065K->347789K(1041664K), 0.0090180 secs] [Times: user=0.05 sys=0.00, real=0.01 secs] 
2014-07-09T01:23:26.677+0000: 2230.139: [GC [PSYoungGen: 354674K->1020K(344704K)] 701645K->348161K(1031680K), 0.0070410 secs] [Times: user=0.04 sys=0.00, real=0.01 secs] 
2014-07-09T01:23:27.689+0000: 2231.152: [GC [PSYoungGen: 344700K->608K(334528K)] 691841K->347828K(1021504K), 0.0095100 secs] [Times: user=0.06 sys=0.00, real=0.01 secs] 
2014-07-09T01:23:28.642+0000: 2232.104: [GC [PSYoungGen: 334496K->730K(325248K)] 681716K->348007K(1012224K), 0.0120150 secs] [Times: user=0.08 sys=0.00, real=0.01 secs] 
2014-07-09T01:23:29.558+0000: 2233.021: [GC [PSYoungGen: 325210K->512K(315968K)] 672487K->347828K(1002944K), 0.0096490 secs] [Times: user=0.06 sys=0.01, real=0.01 secs] 
2014-07-09T01:23:30.467+0000: 2233.929: [GC [PSYoungGen: 315968K->750K(307584K)] 663284K->348139K(994560K), 0.0069060 secs] [Times: user=0.04 sys=0.00, real=0.01 secs] 
2014-07-09T01:23:31.324+0000: 2234.787: [GC [PSYoungGen: 307566K->1194K(369408K)] 654955K->348647K(1056384K), 0.0198630 secs] [Times: user=0.14 sys=0.00, real=0.02 secs] 
2014-07-09T01:23:32.412+0000: 2235.874: [GC [PSYoungGen: 369386K->626K(358016K)] 716839K->348209K(1044992K), 0.0033100 secs] [Times: user=0.02 sys=0.00, real=0.00 secs] 
2014-07-09T01:23:33.395+0000: 2236.857: [GC [PSYoungGen: 357959K->1006K(429888K)] 705542K->348621K(1116864K), 0.0142500 secs] [Times: user=0.08 sys=0.00, real=0.02 secs] 
2014-07-09T01:23:34.652+0000: 2238.114: [GC [PSYoungGen: 429870K->818K(416320K)] 777485K->348497K(1103296K), 0.0051740 secs] [Times: user=0.03 sys=0.00, real=0.00 secs] 
2014-07-09T01:23:35.796+0000: 2239.258: [GC [PSYoungGen: 416292K->968K(403712K)] 763971K->348719K(1090688K), 0.0106100 secs] [Times: user=0.04 sys=0.00, real=0.01 secs] 
2014-07-09T01:23:36.964+0000: 2240.426: [GC [PSYoungGen: 403654K->512K(390976K)] 751405K->348327K(1077952K), 0.0077700 secs] [Times: user=0.06 sys=0.00, real=0.00 secs] 
2014-07-09T01:23:38.095+0000: 2241.557: [GC [PSYoungGen: 390976K->608K(379392K)] 738791K->348519K(1066368K), 0.0062380 secs] [Times: user=0.05 sys=0.00, real=0.00 secs] 
2014-07-09T01:23:39.177+0000: 2242.639: [GC [PSYoungGen: 379360K->794K(368320K)] 727271K->348809K(1055296K), 0.0050780 secs] [Times: user=0.03 sys=0.00, real=0.01 secs] 
2014-07-09T01:23:40.232+0000: 2243.694: [GC [PSYoungGen: 368281K->822K(357568K)] 716296K->348877K(1044544K), 0.0043090 secs] [Times: user=0.02 sys=0.00, real=0.00 secs] 
2014-07-09T01:23:41.254+0000: 2244.716: [GC [PSYoungGen: 357558K->818K(347264K)] 705613K->348929K(1034240K), 0.0071210 secs] [Times: user=0.04 sys=0.00, real=0.00 secs] 
2014-07-09T01:23:42.269+0000: 2245.731: [GC [PSYoungGen: 347250K->862K(337408K)] 695361K->349021K(1024384K), 0.0088280 secs] [Times: user=0.05 sys=0.00, real=0.01 secs] 
2014-07-09T01:23:43.251+0000: 2246.713: [GC [PSYoungGen: 337374K->758K(327808K)] 685533K->348997K(1014784K), 0.0058760 secs] [Times: user=0.04 sys=0.00, real=0.01 secs] 
2014-07-09T01:23:44.207+0000: 2247.669: [GC [PSYoungGen: 327784K->878K(318848K)] 676023K->349213K(1005824K), 0.0071150 secs] [Times: user=0.04 sys=0.00, real=0.01 secs] 
2014-07-09T01:23:45.093+0000: 2248.556: [GC [PSYoungGen: 318830K->704K(309888K)] 667165K->349119K(996864K), 0.0077760 secs] [Times: user=0.05 sys=0.00, real=0.00 secs] 
2014-07-09T01:23:46.003+0000: 2249.465: [GC [PSYoungGen: 309887K->530K(301376K)] 658302K->349025K(988352K), 0.0034250 secs] [Times: user=0.02 sys=0.00, real=0.00 secs] 
2014-07-09T01:23:46.844+0000: 2250.307: [GC [PSYoungGen: 301321K->994K(293760K)] 649816K->349553K(980736K), 0.0063640 secs] [Times: user=0.04 sys=0.00, real=0.00 secs] 
2014-07-09T01:23:47.649+0000: 2251.111: [GC [PSYoungGen: 293730K->640K(285632K)] 642289K->349279K(972608K), 0.0087970 secs] [Times: user=0.05 sys=0.01, real=0.01 secs] 
2014-07-09T01:23:48.455+0000: 2251.917: [GC [PSYoungGen: 285632K->680K(278272K)] 634271K->349359K(965248K), 0.0045050 secs] [Times: user=0.02 sys=0.00, real=0.00 secs] 
2014-07-09T01:23:49.246+0000: 2252.709: [GC [PSYoungGen: 278228K->784K(271232K)] 626907K->349503K(958208K), 0.0091550 secs] [Times: user=0.06 sys=0.00, real=0.01 secs] 
2014-07-09T01:23:50.044+0000: 2253.507: [GC [PSYoungGen: 271142K->712K(264256K)] 619861K->349503K(951232K), 0.0095790 secs] [Times: user=0.06 sys=0.00, real=0.01 secs] 
2014-07-09T01:23:50.806+0000: 2254.268: [GC [PSYoungGen: 264151K->962K(257856K)] 612942K->349833K(944832K), 0.0067710 secs] [Times: user=0.04 sys=0.00, real=0.00 secs] 
2014-07-09T01:23:51.505+0000: 2254.968: [GC [PSYoungGen: 257794K->434K(250880K)] 606665K->349547K(937856K), 0.0036070 secs] [Times: user=0.02 sys=0.00, real=0.00 secs] 
2014-07-09T01:23:52.192+0000: 2255.655: [GC [PSYoungGen: 250831K->1000K(245312K)] 599944K->350185K(932288K), 0.0074070 secs] [Times: user=0.05 sys=0.00, real=0.01 secs] 
2014-07-09T01:23:52.914+0000: 2256.376: [GC [PSYoungGen: 245257K->868K(239296K)] 594442K->350347K(926272K), 0.0079440 secs] [Times: user=0.05 sys=0.00, real=0.00 secs] 
2014-07-09T01:23:53.570+0000: 2257.032: [GC [PSYoungGen: 239268K->914K(233664K)] 588747K->350473K(920640K), 0.0069160 secs] [Times: user=0.04 sys=0.00, real=0.01 secs] 
2014-07-09T01:23:54.282+0000: 2257.745: [GC [PSYoungGen: 233618K->704K(227904K)] 583177K->350441K(914880K), 0.0062340 secs] [Times: user=0.04 sys=0.00, real=0.01 secs] 
2014-07-09T01:23:54.931+0000: 2258.393: [GC [PSYoungGen: 227904K->701K(222592K)] 577641K->350494K(909568K), 0.0049130 secs] [Times: user=0.02 sys=0.00, real=0.01 secs] 
2014-07-09T01:23:55.564+0000: 2259.026: [GC [PSYoungGen: 222589K->644K(217472K)] 572382K->350501K(904448K), 0.0052160 secs] [Times: user=0.01 sys=0.00, real=0.01 secs] 
2014-07-09T01:23:56.168+0000: 2259.630: [GC [PSYoungGen: 217412K->512K(212352K)] 567269K->350457K(899328K), 0.0068670 secs] [Times: user=0.05 sys=0.00, real=0.01 secs] 
2014-07-09T01:23:56.779+0000: 2260.242: [GC [PSYoungGen: 212352K->886K(255104K)] 562297K->350863K(942080K), 0.0115860 secs] [Times: user=0.07 sys=0.00, real=0.01 secs] 
2014-07-09T01:23:57.510+0000: 2260.972: [GC [PSYoungGen: 255094K->1038K(306176K)] 605071K->351096K(993152K), 0.0061040 secs] [Times: user=0.04 sys=0.00, real=0.01 secs] 
2014-07-09T01:23:58.361+0000: 2261.824: [GC [PSYoungGen: 306126K->497K(366656K)] 656184K->351074K(1053632K), 0.0089530 secs] [Times: user=0.05 sys=0.00, real=0.01 secs] 
2014-07-09T01:23:59.459+0000: 2262.922: [GC [PSYoungGen: 366641K->1322K(440768K)] 717218K->351997K(1127744K), 0.0105270 secs] [Times: user=0.07 sys=0.00, real=0.01 secs] 
2014-07-09T01:24:00.695+0000: 2264.157: [GC [PSYoungGen: 440733K->886K(426496K)] 791408K->352313K(1113472K), 0.0041730 secs] [Times: user=0.02 sys=0.00, real=0.00 secs] 
2014-07-09T01:24:01.936+0000: 2265.398: [GC [PSYoungGen: 426486K->1014K(413376K)] 777913K->352505K(1100352K), 0.0064720 secs] [Times: user=0.04 sys=0.00, real=0.00 secs] 
2014-07-09T01:24:03.097+0000: 2266.559: [GC [PSYoungGen: 413366K->878K(400576K)] 764857K->352473K(1087552K), 0.0080280 secs] [Times: user=0.04 sys=0.00, real=0.00 secs] 
2014-07-09T01:24:04.266+0000: 2267.729: [GC [PSYoungGen: 400555K->826K(388416K)] 752150K->352517K(1075392K), 0.0041570 secs] [Times: user=0.02 sys=0.00, real=0.00 secs] 
2014-07-09T01:24:05.357+0000: 2268.820: [GC [PSYoungGen: 388370K->854K(376896K)] 740061K->352617K(1063872K), 0.0033410 secs] [Times: user=0.02 sys=0.00, real=0.00 secs] 
2014-07-09T01:24:06.431+0000: 2269.893: [GC [PSYoungGen: 376854K->808K(365696K)] 728617K->352667K(1052672K), 0.0077230 secs] [Times: user=0.05 sys=0.00, real=0.01 secs] 
2014-07-09T01:24:07.445+0000: 2270.907: [GC [PSYoungGen: 365672K->640K(354816K)] 717531K->352595K(1041792K), 0.0037750 secs] [Times: user=0.02 sys=0.00, real=0.01 secs] 
2014-07-09T01:24:08.470+0000: 2271.933: [GC [PSYoungGen: 354790K->712K(344704K)] 706745K->352715K(1031680K), 0.0052710 secs] [Times: user=0.02 sys=0.00, real=0.00 secs] 
2014-07-09T01:24:09.510+0000: 2272.972: [GC [PSYoungGen: 344648K->1110K(335296K)] 696651K->353177K(1022272K), 0.0102800 secs] [Times: user=0.06 sys=0.00, real=0.01 secs] 
2014-07-09T01:24:10.445+0000: 2273.908: [GC [PSYoungGen: 335254K->594K(325376K)] 687321K->352693K(1012352K), 0.0192640 secs] [Times: user=0.12 sys=0.00, real=0.02 secs] 
2014-07-09T01:24:11.357+0000: 2274.819: [GC [PSYoungGen: 325330K->598K(316352K)] 677429K->352737K(1003328K), 0.0036860 secs] [Times: user=0.01 sys=0.00, real=0.01 secs] 
2014-07-09T01:24:12.245+0000: 2275.707: [GC [PSYoungGen: 316310K->704K(307840K)] 668449K->352891K(994816K), 0.0085800 secs] [Times: user=0.05 sys=0.00, real=0.01 secs] 
2014-07-09T01:24:13.161+0000: 2276.623: [GC [PSYoungGen: 307776K->740K(299520K)] 659963K->353023K(986496K), 0.0054680 secs] [Times: user=0.03 sys=0.00, real=0.00 secs] 
2014-07-09T01:24:14.025+0000: 2277.487: [GC [PSYoungGen: 299445K->994K(291776K)] 651728K->353325K(978752K), 0.0059380 secs] [Times: user=0.04 sys=0.00, real=0.01 secs] 
2014-07-09T01:24:14.859+0000: 2278.321: [GC [PSYoungGen: 291701K->812K(283904K)] 644032K->353199K(970880K), 0.0067960 secs] [Times: user=0.04 sys=0.00, real=0.00 secs] 
2014-07-09T01:24:15.669+0000: 2279.131: [GC [PSYoungGen: 283873K->676K(276416K)] 636260K->353127K(963392K), 0.0104560 secs] [Times: user=0.07 sys=0.00, real=0.01 secs] 
2014-07-09T01:24:16.433+0000: 2279.895: [GC [PSYoungGen: 276380K->762K(269376K)] 628831K->353285K(956352K), 0.0052820 secs] [Times: user=0.03 sys=0.00, real=0.01 secs] 
2014-07-09T01:24:17.178+0000: 2280.641: [GC [PSYoungGen: 269370K->744K(262528K)] 621893K->353331K(949504K), 0.0037750 secs] [Times: user=0.02 sys=0.00, real=0.00 secs] 
2014-07-09T01:24:17.953+0000: 2281.415: [GC [PSYoungGen: 262504K->722K(255936K)] 615091K->353389K(942912K), 0.0096800 secs] [Times: user=0.07 sys=0.00, real=0.01 secs] 
2014-07-09T01:24:18.676+0000: 2282.138: [GC [PSYoungGen: 255863K->996K(307264K)] 608530K->353711K(994240K), 0.0111220 secs] [Times: user=0.07 sys=0.00, real=0.01 secs] 
2014-07-09T01:24:19.582+0000: 2283.044: [GC [PSYoungGen: 307207K->698K(298688K)] 659922K->353453K(985664K), 0.0039100 secs] [Times: user=0.01 sys=0.00, real=0.00 secs] 
2014-07-09T01:24:20.423+0000: 2283.885: [GC [PSYoungGen: 298682K->748K(290816K)] 651437K->353567K(977792K), 0.0064680 secs] [Times: user=0.04 sys=0.00, real=0.01 secs] 
2014-07-09T01:24:21.250+0000: 2284.712: [GC [PSYoungGen: 290796K->812K(283264K)] 643615K->353703K(970240K), 0.0068820 secs] [Times: user=0.04 sys=0.00, real=0.00 secs] 
2014-07-09T01:24:22.064+0000: 2285.526: [GC [PSYoungGen: 283244K->726K(275840K)] 636135K->353721K(962816K), 0.0078920 secs] [Times: user=0.05 sys=0.00, real=0.01 secs] 
2014-07-09T01:24:22.877+0000: 2286.340: [GC [PSYoungGen: 275798K->644K(268736K)] 628793K->353727K(955712K), 0.0032510 secs] [Times: user=0.02 sys=0.00, real=0.01 secs] 
2014-07-09T01:24:23.630+0000: 2287.093: [GC [PSYoungGen: 268676K->882K(262144K)] 621759K->354013K(949120K), 0.0102210 secs] [Times: user=0.05 sys=0.01, real=0.01 secs] 
2014-07-09T01:24:24.406+0000: 2287.868: [GC [PSYoungGen: 262128K->758K(255488K)] 615260K->354181K(942464K), 0.0080730 secs] [Times: user=0.04 sys=0.00, real=0.01 secs] 
2014-07-09T01:24:25.112+0000: 2288.574: [GC [PSYoungGen: 255478K->594K(249088K)] 608901K->354073K(936064K), 0.0048850 secs] [Times: user=0.03 sys=0.00, real=0.00 secs] 
2014-07-09T01:24:25.840+0000: 2289.302: [GC [PSYoungGen: 249042K->780K(243200K)] 602521K->354355K(930176K), 0.0078030 secs] [Times: user=0.04 sys=0.00, real=0.00 secs] 
2014-07-09T01:24:26.543+0000: 2290.005: [GC [PSYoungGen: 243098K->762K(237312K)] 596673K->354401K(924288K), 0.0074960 secs] [Times: user=0.04 sys=0.00, real=0.01 secs] 
2014-07-09T01:24:27.245+0000: 2290.708: [GC [PSYoungGen: 237306K->736K(284672K)] 590945K->354439K(971648K), 0.0086770 secs] [Times: user=0.05 sys=0.00, real=0.01 secs] 
2014-07-09T01:24:28.069+0000: 2291.531: [GC [PSYoungGen: 284640K->548K(341312K)] 638343K->354331K(1028288K), 0.0086990 secs] [Times: user=0.06 sys=0.00, real=0.01 secs] 
2014-07-09T01:24:29.059+0000: 2292.521: [GC [PSYoungGen: 341284K->856K(331968K)] 695067K->354703K(1018944K), 0.0072410 secs] [Times: user=0.03 sys=0.00, real=0.01 secs] 
2014-07-09T01:24:30.030+0000: 2293.492: [GC [PSYoungGen: 331928K->612K(397952K)] 685775K->354515K(1084928K), 0.0122800 secs] [Times: user=0.08 sys=0.00, real=0.01 secs] 
2014-07-09T01:24:31.143+0000: 2294.605: [GC [PSYoungGen: 397924K->512K(385792K)] 751827K->354471K(1072768K), 0.0063360 secs] [Times: user=0.02 sys=0.00, real=0.00 secs] 
2014-07-09T01:24:32.245+0000: 2295.707: [GC [PSYoungGen: 385792K->598K(374400K)] 739751K->354613K(1061376K), 0.0040820 secs] [Times: user=0.02 sys=0.00, real=0.00 secs] 
2014-07-09T01:24:33.302+0000: 2296.764: [GC [PSYoungGen: 374344K->698K(363456K)] 728359K->354745K(1050432K), 0.0040290 secs] [Times: user=0.02 sys=0.00, real=0.00 secs] 
2014-07-09T01:24:34.334+0000: 2297.796: [GC [PSYoungGen: 363450K->530K(352768K)] 717497K->354617K(1039744K), 0.0104110 secs] [Times: user=0.06 sys=0.00, real=0.01 secs] 
2014-07-09T01:24:35.338+0000: 2298.800: [GC [PSYoungGen: 352722K->938K(343040K)] 706809K->355106K(1030016K), 0.0082650 secs] [Times: user=0.02 sys=0.00, real=0.01 secs] 
2014-07-09T01:24:36.348+0000: 2299.810: [GC [PSYoungGen: 343018K->1036K(333440K)] 697186K->355275K(1020416K), 0.0044180 secs] [Times: user=0.02 sys=0.00, real=0.01 secs] 
2014-07-09T01:24:37.315+0000: 2300.777: [GC [PSYoungGen: 333388K->320K(323328K)] 687627K->354901K(1010304K), 0.0054250 secs] [Times: user=0.02 sys=0.00, real=0.00 secs] 
2014-07-09T01:24:38.259+0000: 2301.721: [GC [PSYoungGen: 323328K->812K(314880K)] 677909K->355457K(1001856K), 0.0040950 secs] [Times: user=0.02 sys=0.00, real=0.01 secs] 
2014-07-09T01:24:39.159+0000: 2302.622: [GC [PSYoungGen: 314857K->914K(306432K)] 669502K->355963K(993408K), 0.0041590 secs] [Times: user=0.02 sys=0.00, real=0.01 secs] 
2014-07-09T01:24:40.087+0000: 2303.550: [GC [PSYoungGen: 306386K->798K(298048K)] 661435K->355895K(985024K), 0.0080580 secs] [Times: user=0.05 sys=0.00, real=0.01 secs] 
2014-07-09T01:24:40.953+0000: 2304.415: [GC [PSYoungGen: 298014K->693K(289984K)] 653111K->355966K(976960K), 0.0098200 secs] [Times: user=0.05 sys=0.00, real=0.01 secs] 
2014-07-09T01:24:41.775+0000: 2305.237: [GC [PSYoungGen: 289973K->1074K(282752K)] 645246K->356426K(969728K), 0.0059670 secs] [Times: user=0.03 sys=0.00, real=0.00 secs] 
2014-07-09T01:24:42.557+0000: 2306.019: [GC [PSYoungGen: 282738K->544K(274944K)] 638090K->355986K(961920K), 0.0044800 secs] [Times: user=0.02 sys=0.00, real=0.00 secs] 
2014-07-09T01:24:43.322+0000: 2306.784: [GC [PSYoungGen: 274887K->712K(268096K)] 630330K->356210K(955072K), 0.0076290 secs] [Times: user=0.05 sys=0.00, real=0.01 secs] 
2014-07-09T01:24:44.117+0000: 2307.579: [GC [PSYoungGen: 268040K->744K(261312K)] 623538K->356330K(948288K), 0.0071790 secs] [Times: user=0.04 sys=0.01, real=0.01 secs] 
2014-07-09T01:24:44.881+0000: 2308.343: [GC [PSYoungGen: 261288K->880K(254912K)] 616874K->356530K(941888K), 0.0059300 secs] [Times: user=0.03 sys=0.00, real=0.01 secs] 
2014-07-09T01:24:45.631+0000: 2309.093: [GC [PSYoungGen: 254896K->722K(248512K)] 610546K->356460K(935488K), 0.0063040 secs] [Times: user=0.04 sys=0.00, real=0.01 secs] 
2014-07-09T01:24:46.309+0000: 2309.771: [GC [PSYoungGen: 248466K->726K(242496K)] 604204K->356576K(929472K), 0.0055660 secs] [Times: user=0.03 sys=0.00, real=0.01 secs] 
2014-07-09T01:24:47.003+0000: 2310.466: [GC [PSYoungGen: 242431K->580K(236544K)] 598281K->356478K(923520K), 0.0035800 secs] [Times: user=0.02 sys=0.00, real=0.00 secs] 
2014-07-09T01:24:47.663+0000: 2311.125: [GC [PSYoungGen: 236484K->694K(230976K)] 592382K->356648K(917952K), 0.0064520 secs] [Times: user=0.04 sys=0.00, real=0.00 secs] 
2014-07-09T01:24:48.312+0000: 2311.774: [GC [PSYoungGen: 230966K->858K(225792K)] 586920K->356900K(912768K), 0.0033740 secs] [Times: user=0.02 sys=0.00, real=0.01 secs] 
2014-07-09T01:24:48.967+0000: 2312.429: [GC [PSYoungGen: 225754K->786K(270720K)] 581796K->356884K(957696K), 0.0175690 secs] [Times: user=0.08 sys=0.01, real=0.02 secs] 
2014-07-09T01:24:49.778+0000: 2313.240: [GC [PSYoungGen: 270673K->489K(324416K)] 626772K->357898K(1011392K), 0.0182680 secs] [Times: user=0.11 sys=0.00, real=0.02 secs] 
2014-07-09T01:24:50.735+0000: 2314.197: [GC [PSYoungGen: 324393K->1040K(389824K)] 681801K->358504K(1076800K), 0.0064180 secs] [Times: user=0.04 sys=0.00, real=0.00 secs] 
2014-07-09T01:24:51.843+0000: 2315.306: [GC [PSYoungGen: 389776K->1138K(455552K)] 747240K->358889K(1142528K), 0.0061890 secs] [Times: user=0.02 sys=0.00, real=0.00 secs] 
2014-07-09T01:24:53.121+0000: 2316.583: [GC [PSYoungGen: 455282K->932K(440640K)] 813033K->358730K(1127616K), 0.0072240 secs] [Times: user=0.03 sys=0.00, real=0.01 secs] 
2014-07-09T01:24:54.374+0000: 2317.837: [GC [PSYoungGen: 440612K->562K(426432K)] 798410K->358432K(1113408K), 0.0075660 secs] [Times: user=0.05 sys=0.00, real=0.00 secs] 
2014-07-09T01:24:55.627+0000: 2319.090: [GC [PSYoungGen: 426418K->896K(413568K)] 784288K->358862K(1100544K), 0.0066730 secs] [Times: user=0.04 sys=0.00, real=0.01 secs] 
2014-07-09T01:24:56.818+0000: 2320.281: [GC [PSYoungGen: 413504K->608K(400576K)] 771470K->358630K(1087552K), 0.0074860 secs] [Times: user=0.05 sys=0.00, real=0.01 secs] 
2014-07-09T01:24:57.962+0000: 2321.424: [GC [PSYoungGen: 400544K->448K(388224K)] 758566K->358518K(1075200K), 0.0035260 secs] [Times: user=0.02 sys=0.00, real=0.01 secs] 
2014-07-09T01:24:59.070+0000: 2322.532: [GC [PSYoungGen: 388197K->840K(377088K)] 746268K->358974K(1064064K), 0.0090430 secs] [Times: user=0.05 sys=0.00, real=0.01 secs] 
2014-07-09T01:25:00.147+0000: 2323.609: [GC [PSYoungGen: 377032K->448K(365504K)] 735166K->358662K(1052480K), 0.0048900 secs] [Times: user=0.03 sys=0.00, real=0.00 secs] 
2014-07-09T01:25:01.172+0000: 2324.634: [GC [PSYoungGen: 365493K->876K(355264K)] 723708K->359170K(1042240K), 0.0099210 secs] [Times: user=0.05 sys=0.01, real=0.01 secs] 
2014-07-09T01:25:02.186+0000: 2325.648: [GC [PSYoungGen: 355244K->690K(344832K)] 713538K->359072K(1031808K), 0.0034120 secs] [Times: user=0.02 sys=0.00, real=0.00 secs] 
2014-07-09T01:25:03.136+0000: 2326.599: [GC [PSYoungGen: 344818K->698K(335040K)] 703200K->359128K(1022016K), 0.0131730 secs] [Times: user=0.07 sys=0.00, real=0.01 secs] 
2014-07-09T01:25:04.105+0000: 2327.567: [GC [PSYoungGen: 335034K->694K(325632K)] 693464K->359204K(1012608K), 0.0038600 secs] [Times: user=0.02 sys=0.00, real=0.01 secs] 
2014-07-09T01:25:05.110+0000: 2328.572: [GC [PSYoungGen: 325622K->530K(316480K)] 684132K->359088K(1003456K), 0.0088550 secs] [Times: user=0.05 sys=0.00, real=0.01 secs] 
2014-07-09T01:25:05.997+0000: 2329.459: [GC [PSYoungGen: 316434K->626K(307904K)] 674992K->359248K(994880K), 0.0035680 secs] [Times: user=0.02 sys=0.00, real=0.00 secs] 
2014-07-09T01:25:06.858+0000: 2330.321: [GC [PSYoungGen: 307890K->744K(299712K)] 666512K->359446K(986688K), 0.0041830 secs] [Times: user=0.02 sys=0.00, real=0.00 secs] 
2014-07-09T01:25:07.690+0000: 2331.152: [GC [PSYoungGen: 299688K->768K(291712K)] 658390K->359542K(978688K), 0.0095490 secs] [Times: user=0.06 sys=0.00, real=0.01 secs] 
2014-07-09T01:25:08.524+0000: 2331.986: [GC [PSYoungGen: 291675K->818K(284096K)] 650449K->359680K(971072K), 0.0080710 secs] [Times: user=0.04 sys=0.01, real=0.01 secs] 
2014-07-09T01:25:09.353+0000: 2332.815: [GC [PSYoungGen: 284080K->864K(340864K)] 642943K->359806K(1027840K), 0.0228970 secs] [Times: user=0.14 sys=0.00, real=0.03 secs] 
2014-07-09T01:25:10.334+0000: 2333.796: [GC [PSYoungGen: 340832K->640K(408640K)] 699774K->359646K(1095616K), 0.0136090 secs] [Times: user=0.08 sys=0.00, real=0.02 secs] 
2014-07-09T01:25:11.490+0000: 2334.952: [GC [PSYoungGen: 408611K->1064K(445824K)] 767618K->360159K(1132800K), 0.0036880 secs] [Times: user=0.02 sys=0.00, real=0.00 secs] 
2014-07-09T01:25:12.759+0000: 2336.222: [GC [PSYoungGen: 445736K->694K(431360K)] 804831K->359860K(1118336K), 0.0063180 secs] [Times: user=0.03 sys=0.00, real=0.00 secs] 
2014-07-09T01:25:14.033+0000: 2337.495: [GC [PSYoungGen: 431350K->544K(417792K)] 790516K->359790K(1104768K), 0.0064720 secs] [Times: user=0.04 sys=0.00, real=0.01 secs] 
2014-07-09T01:25:15.224+0000: 2338.686: [GC [PSYoungGen: 417760K->876K(405248K)] 777006K->360170K(1092224K), 0.0048320 secs] [Times: user=0.02 sys=0.00, real=0.01 secs] 
2014-07-09T01:25:16.351+0000: 2339.814: [GC [PSYoungGen: 405228K->580K(392704K)] 764522K->359922K(1079680K), 0.0082400 secs] [Times: user=0.04 sys=0.00, real=0.01 secs] 
2014-07-09T01:25:17.451+0000: 2340.913: [GC [PSYoungGen: 392644K->942K(381248K)] 751986K->360372K(1068224K), 0.0109960 secs] [Times: user=0.06 sys=0.01, real=0.01 secs] 
2014-07-09T01:25:18.576+0000: 2342.038: [GC [PSYoungGen: 381230K->690K(369664K)] 740660K->360200K(1056640K), 0.0062830 secs] [Times: user=0.04 sys=0.00, real=0.01 secs] 
2014-07-09T01:25:19.603+0000: 2343.066: [GC [PSYoungGen: 369650K->830K(358976K)] 729160K->360488K(1045952K), 0.0147990 secs] [Times: user=0.08 sys=0.01, real=0.02 secs] 
2014-07-09T01:25:20.652+0000: 2344.114: [GC [PSYoungGen: 358974K->562K(348352K)] 718632K->360268K(1035328K), 0.0060960 secs] [Times: user=0.02 sys=0.01, real=0.01 secs] 
2014-07-09T01:25:21.615+0000: 2345.077: [GC [PSYoungGen: 348338K->594K(338432K)] 708044K->360356K(1025408K), 0.0072170 secs] [Times: user=0.04 sys=0.00, real=0.01 secs] 
2014-07-09T01:25:22.583+0000: 2346.045: [GC [PSYoungGen: 338363K->850K(329152K)] 698125K->360653K(1016128K), 0.0059640 secs] [Times: user=0.02 sys=0.00, real=0.01 secs] 
2014-07-09T01:25:23.507+0000: 2346.970: [GC [PSYoungGen: 329106K->946K(320064K)] 688909K->360821K(1007040K), 0.0057050 secs] [Times: user=0.02 sys=0.00, real=0.01 secs] 
2014-07-09T01:25:24.415+0000: 2347.877: [GC [PSYoungGen: 320049K->832K(311232K)] 679923K->360771K(998208K), 0.0045880 secs] [Times: user=0.02 sys=0.00, real=0.01 secs] 
2014-07-09T01:25:25.290+0000: 2348.752: [GC [PSYoungGen: 311168K->736K(302656K)] 671107K->360779K(989632K), 0.0144620 secs] [Times: user=0.08 sys=0.00, real=0.01 secs] 
2014-07-09T01:25:26.179+0000: 2349.641: [GC [PSYoungGen: 302624K->580K(294400K)] 662667K->360678K(981376K), 0.0058470 secs] [Times: user=0.04 sys=0.01, real=0.00 secs] 
2014-07-09T01:25:27.043+0000: 2350.505: [GC [PSYoungGen: 294340K->882K(286848K)] 654438K->361052K(973824K), 0.0042480 secs] [Times: user=0.02 sys=0.00, real=0.00 secs] 
2014-07-09T01:25:27.873+0000: 2351.335: [GC [PSYoungGen: 286822K->694K(279168K)] 646992K->360912K(966144K), 0.0090660 secs] [Times: user=0.05 sys=0.00, real=0.01 secs] 
2014-07-09T01:25:28.639+0000: 2352.102: [GC [PSYoungGen: 279158K->894K(272192K)] 639376K->361364K(959168K), 0.0040030 secs] [Times: user=0.01 sys=0.00, real=0.00 secs] 
2014-07-09T01:25:29.396+0000: 2352.858: [GC [PSYoungGen: 272190K->830K(265216K)] 632660K->361348K(952192K), 0.0094270 secs] [Times: user=0.05 sys=0.01, real=0.01 secs] 
2014-07-09T01:25:30.152+0000: 2353.614: [GC [PSYoungGen: 265214K->686K(258432K)] 625732K->361269K(945408K), 0.0044350 secs] [Times: user=0.02 sys=0.00, real=0.00 secs] 
2014-07-09T01:25:30.918+0000: 2354.380: [GC [PSYoungGen: 258414K->1035K(252416K)] 618997K->361673K(939392K), 0.0069810 secs] [Times: user=0.04 sys=0.00, real=0.01 secs] 
2014-07-09T01:25:31.638+0000: 2355.101: [GC [PSYoungGen: 252363K->676K(245888K)] 613001K->361402K(932864K), 0.0104410 secs] [Times: user=0.07 sys=0.00, real=0.02 secs] 
2014-07-09T01:25:32.354+0000: 2355.816: [GC [PSYoungGen: 245860K->1018K(240256K)] 606586K->361824K(927232K), 0.0076820 secs] [Times: user=0.05 sys=0.00, real=0.01 secs] 
2014-07-09T01:25:33.052+0000: 2356.514: [GC [PSYoungGen: 240250K->512K(234048K)] 601056K->361390K(921024K), 0.0037170 secs] [Times: user=0.02 sys=0.00, real=0.00 secs] 
2014-07-09T01:25:33.738+0000: 2357.201: [GC [PSYoungGen: 234048K->826K(281088K)] 594926K->361744K(968064K), 0.0138130 secs] [Times: user=0.09 sys=0.00, real=0.02 secs] 
2014-07-09T01:25:34.542+0000: 2358.005: [GC [PSYoungGen: 281079K->967K(337344K)] 641998K->361958K(1024320K), 0.0081010 secs] [Times: user=0.05 sys=0.00, real=0.01 secs] 
2014-07-09T01:25:35.560+0000: 2359.023: [GC [PSYoungGen: 337270K->1120K(404736K)] 698261K->362166K(1091712K), 0.0083800 secs] [Times: user=0.03 sys=0.00, real=0.00 secs] 
2014-07-09T01:25:36.732+0000: 2360.194: [GC [PSYoungGen: 404654K->438K(391744K)] 765700K->361868K(1078720K), 0.0084430 secs] [Times: user=0.03 sys=0.00, real=0.01 secs] 
2014-07-09T01:25:37.814+0000: 2361.276: [GC [PSYoungGen: 391734K->598K(380160K)] 753164K->362060K(1067136K), 0.0081780 secs] [Times: user=0.02 sys=0.00, real=0.01 secs] 
2014-07-09T01:25:38.886+0000: 2362.349: [GC [PSYoungGen: 380118K->480K(368768K)] 741580K->362180K(1055744K), 0.0056670 secs] [Times: user=0.04 sys=0.00, real=0.01 secs] 
2014-07-09T01:25:39.938+0000: 2363.401: [GC [PSYoungGen: 368736K->1004K(358464K)] 730436K->362760K(1045440K), 0.0079380 secs] [Times: user=0.04 sys=0.01, real=0.01 secs] 
2014-07-09T01:25:40.990+0000: 2364.452: [GC [PSYoungGen: 358444K->910K(348032K)] 720200K->362715K(1035008K), 0.0113230 secs] [Times: user=0.07 sys=0.00, real=0.02 secs] 
2014-07-09T01:25:41.985+0000: 2365.447: [GC [PSYoungGen: 347982K->800K(337984K)] 709787K->362677K(1024960K), 0.0056250 secs] [Times: user=0.04 sys=0.00, real=0.00 secs] 
2014-07-09T01:25:42.934+0000: 2366.396: [GC [PSYoungGen: 337952K->950K(328576K)] 699829K->363007K(1015552K), 0.0037330 secs] [Times: user=0.02 sys=0.00, real=0.00 secs] 
2014-07-09T01:25:43.847+0000: 2367.309: [GC [PSYoungGen: 328566K->978K(319488K)] 690623K->363091K(1006464K), 0.0076480 secs] [Times: user=0.05 sys=0.00, real=0.01 secs] 
2014-07-09T01:25:44.767+0000: 2368.229: [GC [PSYoungGen: 319419K->712K(310464K)] 681532K->362880K(997440K), 0.0075790 secs] [Times: user=0.05 sys=0.00, real=0.01 secs] 
2014-07-09T01:25:45.622+0000: 2369.084: [GC [PSYoungGen: 310408K->1194K(302464K)] 672576K->363403K(989440K), 0.0145940 secs] [Times: user=0.08 sys=0.00, real=0.01 secs] 
2014-07-09T01:25:46.546+0000: 2370.008: [GC [PSYoungGen: 302408K->758K(362304K)] 664617K->363209K(1049280K), 0.0161950 secs] [Times: user=0.10 sys=0.00, real=0.02 secs] 
2014-07-09T01:25:47.559+0000: 2371.021: [GC [PSYoungGen: 362294K->776K(351872K)] 724745K->363341K(1038848K), 0.0043350 secs] [Times: user=0.02 sys=0.00, real=0.01 secs] 
2014-07-09T01:25:48.545+0000: 2372.007: [GC [PSYoungGen: 351790K->854K(422144K)] 714355K->363683K(1109120K), 0.0127380 secs] [Times: user=0.08 sys=0.01, real=0.01 secs] 
2014-07-09T01:25:49.749+0000: 2373.211: [GC [PSYoungGen: 422102K->772K(473408K)] 784931K->363641K(1160384K), 0.0158810 secs] [Times: user=0.09 sys=0.00, real=0.02 secs] 
2014-07-09T01:25:51.143+0000: 2374.606: [GC [PSYoungGen: 472836K->608K(457472K)] 835705K->363541K(1144448K), 0.0079100 secs] [Times: user=0.05 sys=0.01, real=0.00 secs] 
2014-07-09T01:25:52.434+0000: 2375.896: [GC [PSYoungGen: 457440K->896K(506176K)] 820373K->363885K(1193152K), 0.0150210 secs] [Times: user=0.07 sys=0.00, real=0.01 secs] 
2014-07-09T01:25:53.899+0000: 2377.361: [GC [PSYoungGen: 505728K->1046K(489216K)] 868717K->364091K(1176192K), 0.0098070 secs] [Times: user=0.06 sys=0.00, real=0.01 secs] 
2014-07-09T01:25:55.271+0000: 2378.733: [GC [PSYoungGen: 489174K->758K(472960K)] 852219K->363875K(1159936K), 0.0037680 secs] [Times: user=0.02 sys=0.00, real=0.01 secs] 
2014-07-09T01:25:56.687+0000: 2380.149: [GC [PSYoungGen: 472950K->672K(457664K)] 836067K->363869K(1144640K), 0.0071820 secs] [Times: user=0.04 sys=0.00, real=0.01 secs] 
2014-07-09T01:25:57.993+0000: 2381.455: [GC [PSYoungGen: 457632K->630K(443008K)] 820829K->363915K(1129984K), 0.0057520 secs] [Times: user=0.02 sys=0.00, real=0.01 secs] 
2014-07-09T01:25:59.243+0000: 2382.705: [GC [PSYoungGen: 442952K->644K(429120K)] 806237K->363985K(1116096K), 0.0078650 secs] [Times: user=0.04 sys=0.00, real=0.00 secs] 
2014-07-09T01:26:00.507+0000: 2383.969: [GC [PSYoungGen: 429051K->1138K(416256K)] 792392K->364560K(1103232K), 0.0097100 secs] [Times: user=0.07 sys=0.00, real=0.01 secs] 
2014-07-09T01:26:01.715+0000: 2385.178: [GC [PSYoungGen: 416235K->762K(403072K)] 779657K->364329K(1090048K), 0.0057560 secs] [Times: user=0.03 sys=0.00, real=0.00 secs] 
2014-07-09T01:26:02.868+0000: 2386.331: [GC [PSYoungGen: 403066K->598K(390720K)] 766633K->364229K(1077696K), 0.0065000 secs] [Times: user=0.04 sys=0.00, real=0.01 secs] 
2014-07-09T01:26:04.003+0000: 2387.465: [GC [PSYoungGen: 390678K->786K(379200K)] 754309K->364513K(1066176K), 0.0041010 secs] [Times: user=0.02 sys=0.00, real=0.01 secs] 
2014-07-09T01:26:05.087+0000: 2388.550: [GC [PSYoungGen: 379154K->480K(367680K)] 742881K->364263K(1054656K), 0.0071630 secs] [Times: user=0.04 sys=0.00, real=0.01 secs] 
2014-07-09T01:26:06.178+0000: 2389.640: [GC [PSYoungGen: 367621K->676K(357120K)] 731404K->364523K(1044096K), 0.0068250 secs] [Times: user=0.05 sys=0.00, real=0.01 secs] 
2014-07-09T01:26:07.184+0000: 2390.646: [GC [PSYoungGen: 357092K->708K(346880K)] 720939K->364619K(1033856K), 0.0045050 secs] [Times: user=0.03 sys=0.00, real=0.00 secs] 
2014-07-09T01:26:08.174+0000: 2391.637: [GC [PSYoungGen: 346820K->918K(337216K)] 710731K->364917K(1024192K), 0.0033360 secs] [Times: user=0.02 sys=0.00, real=0.01 secs] 
2014-07-09T01:26:09.129+0000: 2392.591: [GC [PSYoungGen: 337174K->530K(327360K)] 701173K->364593K(1014336K), 0.0114410 secs] [Times: user=0.08 sys=0.00, real=0.01 secs] 
2014-07-09T01:26:10.083+0000: 2393.545: [GC [PSYoungGen: 327314K->754K(318464K)] 691377K->364873K(1005440K), 0.0130650 secs] [Times: user=0.07 sys=0.00, real=0.02 secs] 
2014-07-09T01:26:10.983+0000: 2394.446: [GC [PSYoungGen: 318450K->608K(309568K)] 682569K->364807K(996544K), 0.0030840 secs] [Times: user=0.01 sys=0.01, real=0.01 secs] 
2014-07-09T01:26:11.898+0000: 2395.360: [GC [PSYoungGen: 309534K->836K(301440K)] 673733K->365091K(988416K), 0.0066190 secs] [Times: user=0.04 sys=0.00, real=0.00 secs] 
2014-07-09T01:26:12.772+0000: 2396.234: [GC [PSYoungGen: 301380K->726K(293248K)] 665635K->365085K(980224K), 0.0060920 secs] [Times: user=0.05 sys=0.00, real=0.01 secs] 
2014-07-09T01:26:13.603+0000: 2397.065: [GC [PSYoungGen: 293166K->686K(285440K)] 657526K->365297K(972416K), 0.0096160 secs] [Times: user=0.06 sys=0.00, real=0.01 secs] 
2014-07-09T01:26:14.454+0000: 2397.916: [GC [PSYoungGen: 285415K->748K(278080K)] 650027K->365415K(965056K), 0.0047700 secs] [Times: user=0.03 sys=0.00, real=0.01 secs] 
2014-07-09T01:26:15.218+0000: 2398.680: [GC [PSYoungGen: 278060K->890K(271040K)] 642727K->365685K(958016K), 0.0075790 secs] [Times: user=0.05 sys=0.00, real=0.01 secs] 
2014-07-09T01:26:16.001+0000: 2399.463: [GC [PSYoungGen: 271034K->690K(263936K)] 635829K->365557K(950912K), 0.0125240 secs] [Times: user=0.08 sys=0.00, real=0.01 secs] 
2014-07-09T01:26:16.782+0000: 2400.244: [GC [PSYoungGen: 263922K->744K(257408K)] 628789K->365667K(944384K), 0.0045330 secs] [Times: user=0.02 sys=0.00, real=0.01 secs] 
2014-07-09T01:26:17.484+0000: 2400.946: [GC [PSYoungGen: 257384K->764K(251008K)] 622307K->365759K(937984K), 0.0079510 secs] [Times: user=0.04 sys=0.01, real=0.01 secs] 
2014-07-09T01:26:18.188+0000: 2401.650: [GC [PSYoungGen: 251004K->640K(244736K)] 615999K->365739K(931712K), 0.0054440 secs] [Times: user=0.02 sys=0.00, real=0.00 secs] 
2014-07-09T01:26:18.914+0000: 2402.376: [GC [PSYoungGen: 244736K->750K(238976K)] 609835K->365889K(925952K), 0.0051790 secs] [Times: user=0.02 sys=0.00, real=0.01 secs] 
2014-07-09T01:26:19.619+0000: 2403.081: [GC [PSYoungGen: 238958K->824K(233344K)] 604097K->366125K(920320K), 0.0047170 secs] [Times: user=0.02 sys=0.00, real=0.00 secs] 
2014-07-09T01:26:20.261+0000: 2403.723: [GC [PSYoungGen: 233336K->754K(227776K)] 598637K->366111K(914752K), 0.0059080 secs] [Times: user=0.02 sys=0.00, real=0.01 secs] 
2014-07-09T01:26:20.924+0000: 2404.386: [GC [PSYoungGen: 227762K->530K(222272K)] 593119K->366001K(909248K), 0.0062110 secs] [Times: user=0.04 sys=0.01, real=0.01 secs] 
2014-07-09T01:26:21.557+0000: 2405.019: [GC [PSYoungGen: 222226K->690K(217280K)] 587697K->366249K(904256K), 0.0090110 secs] [Times: user=0.06 sys=0.00, real=0.01 secs] 
2014-07-09T01:26:22.188+0000: 2405.650: [GC [PSYoungGen: 217219K->548K(212224K)] 582778K->366155K(899200K), 0.0059370 secs] [Times: user=0.02 sys=0.00, real=0.00 secs] 
2014-07-09T01:26:22.799+0000: 2406.261: [GC [PSYoungGen: 212196K->704K(207616K)] 577803K->366399K(894592K), 0.0062370 secs] [Times: user=0.04 sys=0.00, real=0.00 secs] 
2014-07-09T01:26:23.376+0000: 2406.838: [GC [PSYoungGen: 207616K->718K(203136K)] 573311K->366493K(890112K), 0.0035980 secs] [Times: user=0.03 sys=0.00, real=0.01 secs] 
2014-07-09T01:26:23.984+0000: 2407.446: [GC [PSYoungGen: 203081K->676K(198656K)] 568856K->366523K(885632K), 0.0073740 secs] [Times: user=0.05 sys=0.01, real=0.01 secs] 
2014-07-09T01:26:24.550+0000: 2408.012: [GC [PSYoungGen: 198628K->616K(238208K)] 564475K->366599K(925184K), 0.0129140 secs] [Times: user=0.07 sys=0.00, real=0.01 secs] 
2014-07-09T01:26:25.221+0000: 2408.683: [GC [PSYoungGen: 238184K->644K(285824K)] 604167K->366683K(972800K), 0.0057490 secs] [Times: user=0.04 sys=0.00, real=0.00 secs] 
2014-07-09T01:26:26.044+0000: 2409.507: [GC [PSYoungGen: 285716K->762K(342912K)] 651756K->367155K(1029888K), 0.0134740 secs] [Times: user=0.09 sys=0.00, real=0.02 secs] 
2014-07-09T01:26:27.027+0000: 2410.489: [GC [PSYoungGen: 342906K->812K(411456K)] 709299K->367261K(1098432K), 0.0085100 secs] [Times: user=0.05 sys=0.00, real=0.01 secs] 
2014-07-09T01:26:28.185+0000: 2411.647: [GC [PSYoungGen: 411436K->626K(398656K)] 777885K->367205K(1085632K), 0.0040510 secs] [Times: user=0.03 sys=0.00, real=0.01 secs] 
2014-07-09T01:26:29.347+0000: 2412.809: [GC [PSYoungGen: 398642K->858K(386880K)] 765221K->367509K(1073856K), 0.0069090 secs] [Times: user=0.04 sys=0.00, real=0.01 secs] 
2014-07-09T01:26:30.446+0000: 2413.909: [GC [PSYoungGen: 386842K->676K(375168K)] 753493K->367495K(1062144K), 0.0036070 secs] [Times: user=0.02 sys=0.00, real=0.01 secs] 
2014-07-09T01:26:31.551+0000: 2415.013: [GC [PSYoungGen: 375140K->1068K(364480K)] 741959K->368090K(1051456K), 0.0088300 secs] [Times: user=0.05 sys=0.01, real=0.01 secs] 
2014-07-09T01:26:32.630+0000: 2416.092: [GC [PSYoungGen: 364460K->448K(353216K)] 731482K->367869K(1040192K), 0.0056180 secs] [Times: user=0.04 sys=0.01, real=0.00 secs] 
2014-07-09T01:26:33.627+0000: 2417.089: [GC [PSYoungGen: 353211K->1128K(343744K)] 720632K->368614K(1030720K), 0.0090200 secs] [Times: user=0.05 sys=0.00, real=0.01 secs] 
2014-07-09T01:26:34.615+0000: 2418.078: [GC [PSYoungGen: 343720K->658K(333568K)] 711206K->368273K(1020544K), 0.0057220 secs] [Times: user=0.04 sys=0.00, real=0.01 secs] 
2014-07-09T01:26:35.552+0000: 2419.014: [GC [PSYoungGen: 333522K->1068K(324608K)] 701137K->368755K(1011584K), 0.0049990 secs] [Times: user=0.03 sys=0.00, real=0.00 secs] 
2014-07-09T01:26:36.467+0000: 2419.929: [GC [PSYoungGen: 324558K->818K(315392K)] 692245K->368586K(1002368K), 0.0085480 secs] [Times: user=0.06 sys=0.00, real=0.01 secs] 
2014-07-09T01:26:37.377+0000: 2420.840: [GC [PSYoungGen: 315303K->818K(306752K)] 683071K->368642K(993728K), 0.0110340 secs] [Times: user=0.07 sys=0.01, real=0.01 secs] 
2014-07-09T01:26:38.270+0000: 2421.733: [GC [PSYoungGen: 306738K->712K(298432K)] 674562K->368607K(985408K), 0.0060290 secs] [Times: user=0.04 sys=0.01, real=0.00 secs] 
2014-07-09T01:26:39.117+0000: 2422.580: [GC [PSYoungGen: 298373K->1040K(290816K)] 666269K->369007K(977792K), 0.0055260 secs] [Times: user=0.03 sys=0.00, real=0.01 secs] 
2014-07-09T01:26:39.950+0000: 2423.412: [GC [PSYoungGen: 290768K->680K(282816K)] 658735K->368711K(969792K), 0.0076030 secs] [Times: user=0.05 sys=0.00, real=0.00 secs] 
2014-07-09T01:26:40.749+0000: 2424.212: [GC [PSYoungGen: 282792K->744K(275520K)] 650823K->368879K(962496K), 0.0053660 secs] [Times: user=0.03 sys=0.00, real=0.01 secs] 
2014-07-09T01:26:41.502+0000: 2424.965: [GC [PSYoungGen: 275496K->811K(268544K)] 643631K->369002K(955520K), 0.0076730 secs] [Times: user=0.05 sys=0.00, real=0.01 secs] 
2014-07-09T01:26:42.284+0000: 2425.747: [GC [PSYoungGen: 268458K->965K(261952K)] 636649K->369237K(948928K), 0.0102770 secs] [Times: user=0.08 sys=0.00, real=0.01 secs] 
2014-07-09T01:26:43.047+0000: 2426.509: [GC [PSYoungGen: 261893K->630K(255040K)] 630165K->369055K(942016K), 0.0049860 secs] [Times: user=0.02 sys=0.00, real=0.01 secs] 
2014-07-09T01:26:43.786+0000: 2427.248: [GC [PSYoungGen: 255018K->794K(248960K)] 623444K->369275K(935936K), 0.0096520 secs] [Times: user=0.07 sys=0.00, real=0.01 secs] 
2014-07-09T01:26:44.490+0000: 2427.952: [GC [PSYoungGen: 248920K->1000K(243072K)] 617402K->369676K(930048K), 0.0045600 secs] [Times: user=0.02 sys=0.00, real=0.01 secs] 
2014-07-09T01:26:45.172+0000: 2428.634: [GC [PSYoungGen: 243048K->712K(236992K)] 611724K->369509K(923968K), 0.0043980 secs] [Times: user=0.02 sys=0.00, real=0.00 secs] 
2014-07-09T01:26:45.859+0000: 2429.321: [GC [PSYoungGen: 236911K->812K(231424K)] 605708K->369915K(918400K), 0.0066760 secs] [Times: user=0.04 sys=0.00, real=0.01 secs] 
2014-07-09T01:26:46.490+0000: 2429.952: [GC [PSYoungGen: 231383K->751K(225920K)] 600486K->369910K(912896K), 0.0070390 secs] [Times: user=0.04 sys=0.00, real=0.00 secs] 
2014-07-09T01:26:47.134+0000: 2430.596: [GC [PSYoungGen: 225903K->512K(270720K)] 595062K->369896K(957696K), 0.0099760 secs] [Times: user=0.05 sys=0.00, real=0.01 secs] 
2014-07-09T01:26:47.921+0000: 2431.383: [GC [PSYoungGen: 270720K->972K(325312K)] 640104K->370412K(1012288K), 0.0079380 secs] [Times: user=0.04 sys=0.00, real=0.00 secs] 
2014-07-09T01:26:48.846+0000: 2432.308: [GC [PSYoungGen: 325260K->804K(390016K)] 694700K->370308K(1076992K), 0.0083920 secs] [Times: user=0.04 sys=0.00, real=0.01 secs] 
2014-07-09T01:26:49.935+0000: 2433.397: [GC [PSYoungGen: 389988K->726K(378304K)] 759492K->370286K(1065280K), 0.0045040 secs] [Times: user=0.02 sys=0.00, real=0.00 secs] 
2014-07-09T01:26:51.006+0000: 2434.468: [GC [PSYoungGen: 378262K->1014K(367360K)] 747822K->370662K(1054336K), 0.0043510 secs] [Times: user=0.02 sys=0.00, real=0.00 secs] 
2014-07-09T01:26:52.074+0000: 2435.536: [GC [PSYoungGen: 367350K->996K(356608K)] 736998K->370692K(1043584K), 0.0094650 secs] [Times: user=0.06 sys=0.00, real=0.01 secs] 
2014-07-09T01:26:53.081+0000: 2436.543: [GC [PSYoungGen: 356538K->684K(345984K)] 726234K->370534K(1032960K), 0.0057830 secs] [Times: user=0.04 sys=0.00, real=0.00 secs] 
2014-07-09T01:26:54.089+0000: 2437.552: [GC [PSYoungGen: 345964K->858K(336320K)] 715814K->370780K(1023296K), 0.0072160 secs] [Times: user=0.04 sys=0.00, real=0.01 secs] 
2014-07-09T01:26:55.032+0000: 2438.494: [GC [PSYoungGen: 336282K->658K(326656K)] 706204K->370668K(1013632K), 0.0050120 secs] [Times: user=0.03 sys=0.00, real=0.00 secs] 
2014-07-09T01:26:55.957+0000: 2439.419: [GC [PSYoungGen: 326607K->1266K(318144K)] 696617K->371356K(1005120K), 0.0063430 secs] [Times: user=0.03 sys=0.00, real=0.01 secs] 
2014-07-09T01:26:56.854+0000: 2440.316: [GC [PSYoungGen: 318130K->626K(308800K)] 688220K->371170K(995776K), 0.0141300 secs] [Times: user=0.08 sys=0.00, real=0.01 secs] 
2014-07-09T01:26:57.782+0000: 2441.245: [GC [PSYoungGen: 308786K->1028K(300864K)] 679330K->371662K(987840K), 0.0093970 secs] [Times: user=0.06 sys=0.00, real=0.00 secs] 
2014-07-09T01:26:58.647+0000: 2442.110: [GC [PSYoungGen: 300804K->530K(292352K)] 671438K->371452K(979328K), 0.0095960 secs] [Times: user=0.06 sys=0.00, real=0.01 secs] 
2014-07-09T01:26:59.478+0000: 2442.940: [GC [PSYoungGen: 292306K->826K(284864K)] 663228K->371796K(971840K), 0.0048880 secs] [Times: user=0.02 sys=0.00, real=0.01 secs] 
2014-07-09T01:27:00.329+0000: 2443.791: [GC [PSYoungGen: 284857K->940K(277568K)] 655828K->371974K(964544K), 0.0040610 secs] [Times: user=0.02 sys=0.00, real=0.01 secs] 
2014-07-09T01:27:01.117+0000: 2444.580: [GC [PSYoungGen: 277548K->847K(270400K)] 648582K->371953K(957376K), 0.0055250 secs] [Times: user=0.04 sys=0.00, real=0.00 secs] 
2014-07-09T01:27:01.911+0000: 2445.373: [GC [PSYoungGen: 270351K->889K(263552K)] 641457K->372043K(950528K), 0.0134500 secs] [Times: user=0.10 sys=0.00, real=0.02 secs] 
2014-07-09T01:27:02.676+0000: 2446.138: [GC [PSYoungGen: 263544K->856K(256960K)] 634699K->372066K(943936K), 0.0045590 secs] [Times: user=0.02 sys=0.00, real=0.00 secs] 
2014-07-09T01:27:03.384+0000: 2446.847: [GC [PSYoungGen: 256920K->826K(250560K)] 628130K->372108K(937536K), 0.0078310 secs] [Times: user=0.05 sys=0.00, real=0.00 secs] 
2014-07-09T01:27:04.117+0000: 2447.579: [GC [PSYoungGen: 250554K->548K(300288K)] 621836K->371886K(987264K), 0.0150360 secs] [Times: user=0.09 sys=0.00, real=0.01 secs] 
2014-07-09T01:27:04.969+0000: 2448.431: [GC [PSYoungGen: 300260K->730K(360448K)] 671598K->372116K(1047424K), 0.0056240 secs] [Times: user=0.04 sys=0.00, real=0.01 secs] 
2014-07-09T01:27:05.996+0000: 2449.458: [GC [PSYoungGen: 360410K->562K(349824K)] 731796K->372004K(1036800K), 0.0042870 secs] [Times: user=0.02 sys=0.00, real=0.00 secs] 
2014-07-09T01:27:06.995+0000: 2450.457: [GC [PSYoungGen: 349810K->576K(339840K)] 721252K->372090K(1026816K), 0.0058720 secs] [Times: user=0.02 sys=0.00, real=0.00 secs] 
2014-07-09T01:27:07.983+0000: 2451.445: [GC [PSYoungGen: 339840K->800K(330496K)] 711354K->372394K(1017472K), 0.0038290 secs] [Times: user=0.02 sys=0.00, real=0.01 secs] 
2014-07-09T01:27:08.913+0000: 2452.375: [GC [PSYoungGen: 330464K->616K(321088K)] 702058K->372250K(1008064K), 0.0050940 secs] [Times: user=0.02 sys=0.01, real=0.01 secs] 
2014-07-09T01:27:09.804+0000: 2453.266: [GC [PSYoungGen: 321064K->1014K(312640K)] 692698K->372720K(999616K), 0.0069700 secs] [Times: user=0.04 sys=0.00, real=0.00 secs] 
2014-07-09T01:27:10.676+0000: 2454.139: [GC [PSYoungGen: 312630K->826K(303936K)] 684336K->372596K(990912K), 0.0077710 secs] [Times: user=0.05 sys=0.00, real=0.01 secs] 
2014-07-09T01:27:11.547+0000: 2455.009: [GC [PSYoungGen: 303929K->890K(295872K)] 675699K->372740K(982848K), 0.0037510 secs] [Times: user=0.01 sys=0.00, real=0.00 secs] 
2014-07-09T01:27:12.396+0000: 2455.858: [GC [PSYoungGen: 295771K->737K(287936K)] 667621K->372841K(974912K), 0.0049600 secs] [Times: user=0.01 sys=0.00, real=0.00 secs] 
2014-07-09T01:27:13.205+0000: 2456.668: [GC [PSYoungGen: 287905K->594K(280256K)] 660009K->372754K(967232K), 0.0073180 secs] [Times: user=0.04 sys=0.00, real=0.00 secs] 
2014-07-09T01:27:14.004+0000: 2457.466: [GC [PSYoungGen: 280210K->796K(336384K)] 652370K->373020K(1023360K), 0.0198040 secs] [Times: user=0.13 sys=0.00, real=0.02 secs] 
2014-07-09T01:27:14.966+0000: 2458.428: [GC [PSYoungGen: 336348K->860K(403584K)] 708572K->373156K(1090560K), 0.0117440 secs] [Times: user=0.06 sys=0.00, real=0.01 secs] 
2014-07-09T01:27:16.111+0000: 2459.573: [GC [PSYoungGen: 403548K->544K(483840K)] 775844K->372928K(1170816K), 0.0079270 secs] [Times: user=0.05 sys=0.00, real=0.01 secs] 
2014-07-09T01:27:17.480+0000: 2460.943: [GC [PSYoungGen: 483808K->644K(468224K)] 856192K->373092K(1155200K), 0.0051240 secs] [Times: user=0.03 sys=0.00, real=0.01 secs] 
2014-07-09T01:27:18.803+0000: 2462.265: [GC [PSYoungGen: 468114K->1021K(453504K)] 840563K->373534K(1140480K), 0.0039820 secs] [Times: user=0.02 sys=0.00, real=0.01 secs] 
2014-07-09T01:27:20.087+0000: 2463.549: [GC [PSYoungGen: 453501K->840K(438976K)] 826014K->373408K(1125952K), 0.0091140 secs] [Times: user=0.05 sys=0.00, real=0.01 secs] 
2014-07-09T01:27:21.343+0000: 2464.805: [GC [PSYoungGen: 438920K->576K(424896K)] 811488K->373296K(1111872K), 0.0088760 secs] [Times: user=0.05 sys=0.01, real=0.01 secs] 
2014-07-09T01:27:22.567+0000: 2466.029: [GC [PSYoungGen: 424896K->994K(412160K)] 797616K->373802K(1099136K), 0.0033820 secs] [Times: user=0.02 sys=0.00, real=0.00 secs] 
2014-07-09T01:27:23.733+0000: 2467.195: [GC [PSYoungGen: 412130K->630K(399168K)] 784938K->373644K(1086144K), 0.0040230 secs] [Times: user=0.02 sys=0.01, real=0.01 secs] 
2014-07-09T01:27:24.863+0000: 2468.325: [GC [PSYoungGen: 399158K->954K(387392K)] 772172K->374032K(1074368K), 0.0066060 secs] [Times: user=0.02 sys=0.01, real=0.01 secs] 
2014-07-09T01:27:25.981+0000: 2469.444: [GC [PSYoungGen: 387386K->530K(375424K)] 760464K->373664K(1062400K), 0.0060490 secs] [Times: user=0.04 sys=0.00, real=0.01 secs] 
2014-07-09T01:27:27.039+0000: 2470.501: [GC [PSYoungGen: 375378K->626K(364416K)] 748512K->373824K(1051392K), 0.0074250 secs] [Times: user=0.03 sys=0.00, real=0.00 secs] 
2014-07-09T01:27:28.089+0000: 2471.551: [GC [PSYoungGen: 364402K->598K(353792K)] 737600K->373836K(1040768K), 0.0064550 secs] [Times: user=0.04 sys=0.00, real=0.00 secs] 
2014-07-09T01:27:29.080+0000: 2472.542: [GC [PSYoungGen: 353700K->1022K(344000K)] 726939K->374324K(1030976K), 0.0086900 secs] [Times: user=0.06 sys=0.00, real=0.01 secs] 
2014-07-09T01:27:30.103+0000: 2473.565: [GC [PSYoungGen: 343977K->829K(334080K)] 717280K->374289K(1021056K), 0.0063610 secs] [Times: user=0.04 sys=0.00, real=0.01 secs] 
2014-07-09T01:27:31.030+0000: 2474.492: [GC [PSYoungGen: 334077K->868K(324800K)] 707537K->374400K(1011776K), 0.0080870 secs] [Times: user=0.04 sys=0.00, real=0.01 secs] 
2014-07-09T01:27:31.953+0000: 2475.415: [GC [PSYoungGen: 324772K->878K(315840K)] 698304K->374554K(1002816K), 0.0059750 secs] [Times: user=0.03 sys=0.00, real=0.01 secs] 
2014-07-09T01:27:32.870+0000: 2476.332: [GC [PSYoungGen: 315822K->612K(306944K)] 689498K->374335K(993920K), 0.0094890 secs] [Times: user=0.06 sys=0.00, real=0.01 secs] 
2014-07-09T01:27:33.747+0000: 2477.209: [GC [PSYoungGen: 306916K->626K(298688K)] 680639K->374463K(985664K), 0.0070640 secs] [Times: user=0.04 sys=0.01, real=0.01 secs] 
2014-07-09T01:27:34.598+0000: 2478.060: [GC [PSYoungGen: 298674K->854K(291008K)] 672511K->374771K(977984K), 0.0046630 secs] [Times: user=0.02 sys=0.00, real=0.00 secs] 
2014-07-09T01:27:35.408+0000: 2478.871: [GC [PSYoungGen: 290966K->594K(283072K)] 664883K->374567K(970048K), 0.0082400 secs] [Times: user=0.05 sys=0.01, real=0.00 secs] 
2014-07-09T01:27:36.222+0000: 2479.684: [GC [PSYoungGen: 283026K->466K(275584K)] 656999K->374487K(962560K), 0.0041260 secs] [Times: user=0.02 sys=0.00, real=0.00 secs] 
2014-07-09T01:27:37.023+0000: 2480.485: [GC [PSYoungGen: 275538K->758K(268800K)] 649559K->374875K(955776K), 0.0072310 secs] [Times: user=0.05 sys=0.00, real=0.01 secs] 
2014-07-09T01:27:37.815+0000: 2481.277: [GC [PSYoungGen: 268790K->612K(261888K)] 642907K->374801K(948864K), 0.0093180 secs] [Times: user=0.06 sys=0.00, real=0.01 secs] 
2014-07-09T01:27:38.543+0000: 2482.005: [GC [PSYoungGen: 261814K->1075K(255808K)] 636004K->375385K(942784K), 0.0038920 secs] [Times: user=0.02 sys=0.00, real=0.00 secs] 
2014-07-09T01:27:39.296+0000: 2482.759: [GC [PSYoungGen: 255795K->708K(249216K)] 630105K->375081K(936192K), 0.0090070 secs] [Times: user=0.06 sys=0.00, real=0.01 secs] 
2014-07-09T01:27:40.032+0000: 2483.494: [GC [PSYoungGen: 249156K->576K(242944K)] 623529K->375005K(929920K), 0.0043420 secs] [Times: user=0.02 sys=0.00, real=0.00 secs] 
2014-07-09T01:27:40.727+0000: 2484.189: [GC [PSYoungGen: 242944K->938K(237504K)] 617373K->375424K(924480K), 0.0041060 secs] [Times: user=0.02 sys=0.00, real=0.01 secs] 
2014-07-09T01:27:41.373+0000: 2484.836: [GC [PSYoungGen: 237482K->956K(231872K)] 611968K->375604K(918848K), 0.0053100 secs] [Times: user=0.03 sys=0.00, real=0.00 secs] 
2014-07-09T01:27:42.039+0000: 2485.501: [GC [PSYoungGen: 231868K->576K(226048K)] 606516K->375311K(913024K), 0.0055600 secs] [Times: user=0.04 sys=0.00, real=0.01 secs] 
2014-07-09T01:27:42.742+0000: 2486.205: [GC [PSYoungGen: 226048K->822K(221056K)] 600783K->375645K(908032K), 0.0052270 secs] [Times: user=0.03 sys=0.01, real=0.00 secs] 
2014-07-09T01:27:43.334+0000: 2486.796: [GC [PSYoungGen: 221046K->544K(215744K)] 595869K->375423K(902720K), 0.0049510 secs] [Times: user=0.02 sys=0.00, real=0.01 secs] 
2014-07-09T01:27:43.980+0000: 2487.442: [GC [PSYoungGen: 215712K->906K(211264K)] 590591K->375874K(898240K), 0.0046190 secs] [Times: user=0.04 sys=0.00, real=0.00 secs] 
2014-07-09T01:27:44.567+0000: 2488.029: [GC [PSYoungGen: 211210K->922K(206592K)] 586178K->375985K(893568K), 0.0069400 secs] [Times: user=0.04 sys=0.00, real=0.01 secs] 
2014-07-09T01:27:45.133+0000: 2488.595: [GC [PSYoungGen: 206554K->693K(201792K)] 581617K->375917K(888768K), 0.0066620 secs] [Times: user=0.04 sys=0.00, real=0.01 secs] 
2014-07-09T01:27:45.713+0000: 2489.175: [GC [PSYoungGen: 201779K->868K(197632K)] 577003K->376156K(884608K), 0.0040130 secs] [Times: user=0.02 sys=0.00, real=0.00 secs] 
2014-07-09T01:27:46.249+0000: 2489.712: [GC [PSYoungGen: 197602K->1004K(193536K)] 572890K->376371K(880512K), 0.0049580 secs] [Times: user=0.02 sys=0.00, real=0.01 secs] 
2014-07-09T01:27:46.811+0000: 2490.273: [GC [PSYoungGen: 193516K->822K(189248K)] 568883K->376277K(876224K), 0.0061870 secs] [Times: user=0.04 sys=0.00, real=0.00 secs] 
2014-07-09T01:27:47.335+0000: 2490.798: [GC [PSYoungGen: 189217K->743K(226880K)] 564673K->376270K(913856K), 0.0106980 secs] [Times: user=0.07 sys=0.00, real=0.01 secs] 
2014-07-09T01:27:48.027+0000: 2491.490: [GC [PSYoungGen: 226840K->844K(272256K)] 602368K->376451K(959232K), 0.0066980 secs] [Times: user=0.05 sys=0.00, real=0.01 secs] 
2014-07-09T01:27:48.820+0000: 2492.283: [GC [PSYoungGen: 272204K->826K(326464K)] 647811K->376529K(1013440K), 0.0060060 secs] [Times: user=0.03 sys=0.00, real=0.00 secs] 
2014-07-09T01:27:49.729+0000: 2493.192: [GC [PSYoungGen: 326452K->862K(317440K)] 702156K->376629K(1004416K), 0.0062140 secs] [Times: user=0.04 sys=0.00, real=0.01 secs] 
2014-07-09T01:27:50.606+0000: 2494.068: [GC [PSYoungGen: 317406K->744K(308608K)] 693173K->376631K(995584K), 0.0075600 secs] [Times: user=0.05 sys=0.00, real=0.01 secs] 
2014-07-09T01:27:51.489+0000: 2494.951: [GC [PSYoungGen: 308583K->808K(300352K)] 684470K->376767K(987328K), 0.0081720 secs] [Times: user=0.04 sys=0.00, real=0.01 secs] 
2014-07-09T01:27:52.326+0000: 2495.788: [GC [PSYoungGen: 300328K->676K(292224K)] 676287K->376773K(979200K), 0.0038960 secs] [Times: user=0.02 sys=0.00, real=0.01 secs] 
2014-07-09T01:27:53.204+0000: 2496.666: [GC [PSYoungGen: 292196K->530K(284416K)] 668293K->376699K(971392K), 0.0061260 secs] [Times: user=0.04 sys=0.00, real=0.00 secs] 
2014-07-09T01:27:54.038+0000: 2497.501: [GC [PSYoungGen: 284370K->704K(277120K)] 660539K->376961K(964096K), 0.0060160 secs] [Times: user=0.04 sys=0.00, real=0.01 secs] 
2014-07-09T01:27:54.848+0000: 2498.310: [GC [PSYoungGen: 277101K->968K(270336K)] 653359K->377281K(957312K), 0.0136590 secs] [Times: user=0.09 sys=0.00, real=0.02 secs] 
2014-07-09T01:27:55.618+0000: 2499.080: [GC [PSYoungGen: 270268K->614K(263104K)] 646582K->377309K(950080K), 0.0065490 secs] [Times: user=0.03 sys=0.00, real=0.01 secs] 
2014-07-09T01:27:56.365+0000: 2499.828: [GC [PSYoungGen: 263078K->658K(256576K)] 639773K->377441K(943552K), 0.0063960 secs] [Times: user=0.04 sys=0.00, real=0.01 secs] 
2014-07-09T01:27:57.102+0000: 2500.564: [GC [PSYoungGen: 256530K->1006K(250560K)] 633313K->377869K(937536K), 0.0077220 secs] [Times: user=0.05 sys=0.00, real=0.00 secs] 
2014-07-09T01:27:57.819+0000: 2501.281: [GC [PSYoungGen: 250542K->960K(244480K)] 627405K->377903K(931456K), 0.0049690 secs] [Times: user=0.03 sys=0.00, real=0.01 secs] 
2014-07-09T01:27:58.577+0000: 2502.040: [GC [PSYoungGen: 244416K->448K(238016K)] 621359K->377463K(924992K), 0.0093410 secs] [Times: user=0.07 sys=0.00, real=0.01 secs] 
2014-07-09T01:27:59.242+0000: 2502.704: [GC [PSYoungGen: 238016K->576K(232448K)] 615031K->377655K(919424K), 0.0065650 secs] [Times: user=0.04 sys=0.00, real=0.00 secs] 
2014-07-09T01:27:59.909+0000: 2503.372: [GC [PSYoungGen: 232448K->640K(278912K)] 609527K->377799K(965888K), 0.0108100 secs] [Times: user=0.05 sys=0.01, real=0.01 secs] 
2014-07-09T01:28:00.698+0000: 2504.160: [GC [PSYoungGen: 278912K->844K(334848K)] 656071K->378099K(1021824K), 0.0079150 secs] [Times: user=0.05 sys=0.00, real=0.01 secs] 
2014-07-09T01:28:01.662+0000: 2505.124: [GC [PSYoungGen: 334796K->846K(401664K)] 712051K->378197K(1088640K), 0.0075140 secs] [Times: user=0.05 sys=0.00, real=0.00 secs] 
2014-07-09T01:28:02.808+0000: 2506.270: [GC [PSYoungGen: 401614K->826K(389440K)] 778965K->378233K(1076416K), 0.0059620 secs] [Times: user=0.04 sys=0.00, real=0.01 secs] 
2014-07-09T01:28:03.945+0000: 2507.408: [GC [PSYoungGen: 389434K->608K(377600K)] 766841K->378103K(1064576K), 0.0040670 secs] [Times: user=0.02 sys=0.00, real=0.00 secs] 
2014-07-09T01:28:05.007+0000: 2508.470: [GC [PSYoungGen: 377543K->912K(366784K)] 755038K->378487K(1053760K), 0.0073290 secs] [Times: user=0.04 sys=0.01, real=0.01 secs] 
2014-07-09T01:28:06.063+0000: 2509.525: [GC [PSYoungGen: 366736K->751K(355904K)] 744311K->378560K(1042880K), 0.0061520 secs] [Times: user=0.03 sys=0.00, real=0.01 secs] 
2014-07-09T01:28:07.040+0000: 2510.502: [GC [PSYoungGen: 355885K->886K(345792K)] 733694K->378743K(1032768K), 0.0054180 secs] [Times: user=0.02 sys=0.00, real=0.01 secs] 
2014-07-09T01:28:08.072+0000: 2511.534: [GC [PSYoungGen: 345782K->808K(414720K)] 723639K->378803K(1101696K), 0.0254650 secs] [Times: user=0.14 sys=0.00, real=0.03 secs] 
2014-07-09T01:28:09.258+0000: 2512.721: [GC [PSYoungGen: 414696K->626K(401792K)] 792691K->378701K(1088768K), 0.0064100 secs] [Times: user=0.04 sys=0.01, real=0.01 secs] 
2014-07-09T01:28:10.366+0000: 2513.828: [GC [PSYoungGen: 401778K->840K(389888K)] 779853K->379069K(1076864K), 0.0063090 secs] [Times: user=0.04 sys=0.00, real=0.00 secs] 
2014-07-09T01:28:11.469+0000: 2514.931: [GC [PSYoungGen: 389815K->1184K(378560K)] 768044K->379493K(1065536K), 0.0069630 secs] [Times: user=0.04 sys=0.01, real=0.01 secs] 
2014-07-09T01:28:12.578+0000: 2516.040: [GC [PSYoungGen: 378528K->362K(366528K)] 756837K->378961K(1053504K), 0.0061340 secs] [Times: user=0.03 sys=0.00, real=0.01 secs] 
2014-07-09T01:28:13.644+0000: 2517.106: [GC [PSYoungGen: 366506K->1072K(356544K)] 745105K->379727K(1043520K), 0.0112440 secs] [Times: user=0.07 sys=0.00, real=0.02 secs] 
2014-07-09T01:28:14.651+0000: 2518.114: [GC [PSYoungGen: 356528K->608K(345856K)] 735183K->379457K(1032832K), 0.0089420 secs] [Times: user=0.05 sys=0.00, real=0.01 secs] 
2014-07-09T01:28:15.617+0000: 2519.080: [GC [PSYoungGen: 345823K->747K(336128K)] 724672K->379652K(1023104K), 0.0103640 secs] [Times: user=0.07 sys=0.00, real=0.01 secs] 
2014-07-09T01:28:16.586+0000: 2520.049: [GC [PSYoungGen: 336107K->1096K(327040K)] 715012K->380097K(1014016K), 0.0075980 secs] [Times: user=0.05 sys=0.00, real=0.01 secs] 
2014-07-09T01:28:17.524+0000: 2520.987: [GC [PSYoungGen: 326950K->626K(317440K)] 705951K->379683K(1004416K), 0.0043900 secs] [Times: user=0.03 sys=0.00, real=0.00 secs] 
2014-07-09T01:28:18.442+0000: 2521.904: [GC [PSYoungGen: 317426K->630K(308736K)] 696483K->379743K(995712K), 0.0123400 secs] [Times: user=0.07 sys=0.00, real=0.02 secs] 
2014-07-09T01:28:19.343+0000: 2522.805: [GC [PSYoungGen: 308726K->978K(300736K)] 687839K->380171K(987712K), 0.0106240 secs] [Times: user=0.07 sys=0.00, real=0.01 secs] 
2014-07-09T01:28:20.203+0000: 2523.665: [GC [PSYoungGen: 300690K->576K(292288K)] 679883K->379857K(979264K), 0.0039750 secs] [Times: user=0.02 sys=0.00, real=0.01 secs] 
2014-07-09T01:28:21.059+0000: 2524.521: [GC [PSYoungGen: 292288K->562K(284608K)] 671569K->379907K(971584K), 0.0060270 secs] [Times: user=0.03 sys=0.01, real=0.00 secs] 
2014-07-09T01:28:21.895+0000: 2525.357: [GC [PSYoungGen: 284594K->790K(277440K)] 663939K->380199K(964416K), 0.0083620 secs] [Times: user=0.05 sys=0.01, real=0.00 secs] 
2014-07-09T01:28:22.684+0000: 2526.146: [GC [PSYoungGen: 277398K->890K(270400K)] 656807K->380379K(957376K), 0.0037670 secs] [Times: user=0.01 sys=0.00, real=0.01 secs] 
2014-07-09T01:28:23.458+0000: 2526.921: [GC [PSYoungGen: 270394K->882K(263552K)] 649883K->380467K(950528K), 0.0072700 secs] [Times: user=0.04 sys=0.00, real=0.01 secs] 
2014-07-09T01:28:24.205+0000: 2527.667: [GC [PSYoungGen: 263538K->544K(256640K)] 643123K->380209K(943616K), 0.0034820 secs] [Times: user=0.02 sys=0.00, real=0.01 secs] 
2014-07-09T01:28:24.945+0000: 2528.407: [GC [PSYoungGen: 256608K->448K(250176K)] 636273K->380169K(937152K), 0.0032220 secs] [Times: user=0.02 sys=0.00, real=0.01 secs] 
2014-07-09T01:28:25.640+0000: 2529.102: [GC [PSYoungGen: 250176K->776K(244416K)] 629897K->380545K(931392K), 0.0088270 secs] [Times: user=0.05 sys=0.01, real=0.01 secs] 
2014-07-09T01:28:26.349+0000: 2529.811: [GC [PSYoungGen: 244360K->594K(238336K)] 624129K->380419K(925312K), 0.0099740 secs] [Times: user=0.07 sys=0.00, real=0.01 secs] 
2014-07-09T01:28:27.045+0000: 2530.507: [GC [PSYoungGen: 238249K->844K(286144K)] 618074K->380757K(973120K), 0.0087600 secs] [Times: user=0.05 sys=0.00, real=0.01 secs] 
2014-07-09T01:28:27.857+0000: 2531.319: [GC [PSYoungGen: 286092K->544K(278336K)] 666005K->380529K(965312K), 0.0036070 secs] [Times: user=0.02 sys=0.00, real=0.00 secs] 
2014-07-09T01:28:28.646+0000: 2532.108: [GC [PSYoungGen: 278304K->580K(271232K)] 658289K->380597K(958208K), 0.0043840 secs] [Times: user=0.02 sys=0.00, real=0.01 secs] 
2014-07-09T01:28:29.419+0000: 2532.881: [GC [PSYoungGen: 271172K->840K(264576K)] 651189K->380929K(951552K), 0.0042200 secs] [Times: user=0.02 sys=0.00, real=0.00 secs] 
2014-07-09T01:28:30.171+0000: 2533.634: [GC [PSYoungGen: 264520K->946K(257984K)] 644609K->381107K(944960K), 0.0046160 secs] [Times: user=0.02 sys=0.00, real=0.01 secs] 
2014-07-09T01:28:30.925+0000: 2534.387: [GC [PSYoungGen: 257970K->626K(251264K)] 638131K->380875K(938240K), 0.0063910 secs] [Times: user=0.04 sys=0.00, real=0.01 secs] 
2014-07-09T01:28:31.628+0000: 2535.090: [GC [PSYoungGen: 251250K->694K(245184K)] 631499K->381015K(932160K), 0.0094500 secs] [Times: user=0.05 sys=0.00, real=0.01 secs] 
2014-07-09T01:28:32.303+0000: 2535.765: [GC [PSYoungGen: 245174K->680K(239296K)] 625495K->381065K(926272K), 0.0047280 secs] [Times: user=0.03 sys=0.01, real=0.01 secs] 
2014-07-09T01:28:32.998+0000: 2536.460: [GC [PSYoungGen: 239272K->512K(233408K)] 619657K->380985K(920384K), 0.0035090 secs] [Times: user=0.02 sys=0.00, real=0.00 secs] 
2014-07-09T01:28:33.639+0000: 2537.101: [GC [PSYoungGen: 233408K->1092K(228544K)] 613881K->381613K(915520K), 0.0070670 secs] [Times: user=0.04 sys=0.00, real=0.00 secs] 
2014-07-09T01:28:34.286+0000: 2537.748: [GC [PSYoungGen: 228484K->648K(222784K)] 609005K->381225K(909760K), 0.0067350 secs] [Times: user=0.05 sys=0.00, real=0.01 secs] 
2014-07-09T01:28:34.932+0000: 2538.394: [GC [PSYoungGen: 222660K->622K(217600K)] 603237K->381503K(904576K), 0.0054050 secs] [Times: user=0.04 sys=0.00, real=0.01 secs] 
2014-07-09T01:28:35.535+0000: 2538.998: [GC [PSYoungGen: 217582K->662K(212736K)] 598463K->381615K(899712K), 0.0050350 secs] [Times: user=0.04 sys=0.00, real=0.01 secs] 
2014-07-09T01:28:36.157+0000: 2539.619: [GC [PSYoungGen: 212694K->844K(208192K)] 593647K->381885K(895168K), 0.0056630 secs] [Times: user=0.03 sys=0.00, real=0.00 secs] 
2014-07-09T01:28:36.756+0000: 2540.218: [GC [PSYoungGen: 208140K->676K(203392K)] 589181K->381789K(890368K), 0.0077380 secs] [Times: user=0.05 sys=0.00, real=0.01 secs] 
2014-07-09T01:28:37.303+0000: 2540.765: [GC [PSYoungGen: 203364K->858K(199168K)] 584477K->382059K(886144K), 0.0036040 secs] [Times: user=0.01 sys=0.01, real=0.00 secs] 
2014-07-09T01:28:37.892+0000: 2541.355: [GC [PSYoungGen: 199130K->676K(194688K)] 580331K->381957K(881664K), 0.0070410 secs] [Times: user=0.04 sys=0.00, real=0.01 secs] 
2014-07-09T01:28:38.426+0000: 2541.888: [GC [PSYoungGen: 194660K->740K(233600K)] 575941K->382069K(920576K), 0.0114530 secs] [Times: user=0.07 sys=0.00, real=0.02 secs] 
2014-07-09T01:28:39.144+0000: 2542.606: [GC [PSYoungGen: 233572K->626K(280064K)] 614901K->382019K(967040K), 0.0072440 secs] [Times: user=0.04 sys=0.00, real=0.01 secs] 
2014-07-09T01:28:39.960+0000: 2543.422: [GC [PSYoungGen: 280050K->708K(336128K)] 661443K->382173K(1023104K), 0.0075150 secs] [Times: user=0.05 sys=0.00, real=0.00 secs] 
2014-07-09T01:28:40.932+0000: 2544.395: [GC [PSYoungGen: 336068K->850K(326784K)] 717533K->382371K(1013760K), 0.0061010 secs] [Times: user=0.04 sys=0.00, real=0.01 secs] 
2014-07-09T01:28:41.858+0000: 2545.320: [GC [PSYoungGen: 326733K->555K(391680K)] 708255K->382468K(1078656K), 0.0100350 secs] [Times: user=0.03 sys=0.00, real=0.01 secs] 
2014-07-09T01:28:42.965+0000: 2546.427: [GC [PSYoungGen: 391659K->840K(380224K)] 773572K->382849K(1067200K), 0.0059870 secs] [Times: user=0.04 sys=0.00, real=0.01 secs] 
2014-07-09T01:28:44.057+0000: 2547.519: [GC [PSYoungGen: 380168K->512K(368576K)] 762177K->382743K(1055552K), 0.0074170 secs] [Times: user=0.05 sys=0.00, real=0.01 secs] 
2014-07-09T01:28:45.117+0000: 2548.580: [GC [PSYoungGen: 368576K->1067K(358336K)] 750807K->383387K(1045312K), 0.0041600 secs] [Times: user=0.03 sys=0.01, real=0.01 secs] 
2014-07-09T01:28:46.126+0000: 2549.588: [GC [PSYoungGen: 358315K->626K(347520K)] 740635K->383025K(1034496K), 0.0058580 secs] [Times: user=0.04 sys=0.00, real=0.01 secs] 
2014-07-09T01:28:47.119+0000: 2550.582: [GC [PSYoungGen: 347506K->976K(337984K)] 729905K->383463K(1024960K), 0.0036290 secs] [Times: user=0.02 sys=0.00, real=0.00 secs] 
2014-07-09T01:28:48.060+0000: 2551.522: [GC [PSYoungGen: 337936K->680K(328128K)] 720423K->383231K(1015104K), 0.0080720 secs] [Times: user=0.06 sys=0.00, real=0.00 secs] 
2014-07-09T01:28:49.023+0000: 2552.485: [GC [PSYoungGen: 328104K->676K(318976K)] 710655K->383307K(1005952K), 0.0040960 secs] [Times: user=0.02 sys=0.00, real=0.00 secs] 
2014-07-09T01:28:49.958+0000: 2553.420: [GC [PSYoungGen: 318948K->612K(310144K)] 701579K->383307K(997120K), 0.0064690 secs] [Times: user=0.04 sys=0.01, real=0.01 secs] 
2014-07-09T01:28:50.840+0000: 2554.303: [GC [PSYoungGen: 310116K->548K(301696K)] 692811K->383267K(988672K), 0.0060490 secs] [Times: user=0.02 sys=0.00, real=0.00 secs] 
2014-07-09T01:28:51.700+0000: 2555.162: [GC [PSYoungGen: 301668K->836K(293952K)] 684387K->383619K(980928K), 0.0039280 secs] [Times: user=0.02 sys=0.00, real=0.00 secs] 
2014-07-09T01:28:52.552+0000: 2556.015: [GC [PSYoungGen: 293892K->918K(286272K)] 676675K->383773K(973248K), 0.0053050 secs] [Times: user=0.03 sys=0.01, real=0.00 secs] 
2014-07-09T01:28:53.370+0000: 2556.832: [GC [PSYoungGen: 286230K->498K(278336K)] 669085K->383619K(965312K), 0.0088150 secs] [Times: user=0.05 sys=0.01, real=0.01 secs] 
2014-07-09T01:28:54.206+0000: 2557.668: [GC [PSYoungGen: 278322K->822K(271488K)] 661443K->384007K(958464K), 0.0079610 secs] [Times: user=0.05 sys=0.00, real=0.01 secs] 
2014-07-09T01:28:55.015+0000: 2558.477: [GC [PSYoungGen: 271478K->694K(264448K)] 654663K->384001K(951424K), 0.0080890 secs] [Times: user=0.03 sys=0.00, real=0.01 secs] 
2014-07-09T01:28:55.776+0000: 2559.238: [GC [PSYoungGen: 264438K->644K(257792K)] 647745K->384007K(944768K), 0.0083740 secs] [Times: user=0.05 sys=0.00, real=0.01 secs] 
2014-07-09T01:28:56.502+0000: 2559.964: [GC [PSYoungGen: 257685K->943K(251648K)] 641048K->384362K(938624K), 0.0071630 secs] [Times: user=0.05 sys=0.00, real=0.00 secs] 
2014-07-09T01:28:57.226+0000: 2560.688: [GC [PSYoungGen: 251631K->562K(245120K)] 635050K->384037K(932096K), 0.0060340 secs] [Times: user=0.02 sys=0.00, real=0.01 secs] 
2014-07-09T01:28:57.929+0000: 2561.391: [GC [PSYoungGen: 245106K->814K(294336K)] 628581K->384345K(981312K), 0.0115240 secs] [Times: user=0.07 sys=0.00, real=0.02 secs] 
2014-07-09T01:28:58.765+0000: 2562.227: [GC [PSYoungGen: 294226K->812K(286528K)] 677758K->384375K(973504K), 0.0061360 secs] [Times: user=0.02 sys=0.00, real=0.01 secs] 
2014-07-09T01:28:59.606+0000: 2563.068: [GC [PSYoungGen: 286508K->676K(278912K)] 670071K->384490K(965888K), 0.0067600 secs] [Times: user=0.02 sys=0.00, real=0.01 secs] 
2014-07-09T01:29:00.388+0000: 2563.851: [GC [PSYoungGen: 278884K->626K(271680K)] 662698K->384519K(958656K), 0.0080810 secs] [Times: user=0.05 sys=0.00, real=0.01 secs] 
2014-07-09T01:29:01.160+0000: 2564.622: [GC [PSYoungGen: 271666K->812K(264960K)] 655559K->384843K(951936K), 0.0055950 secs] [Times: user=0.03 sys=0.00, real=0.01 secs] 
2014-07-09T01:29:01.933+0000: 2565.395: [GC [PSYoungGen: 264921K->562K(258048K)] 648952K->384641K(945024K), 0.0096920 secs] [Times: user=0.06 sys=0.00, real=0.01 secs] 
2014-07-09T01:29:02.642+0000: 2566.105: [GC [PSYoungGen: 258034K->726K(251840K)] 642113K->384869K(938816K), 0.0066100 secs] [Times: user=0.04 sys=0.00, real=0.00 secs] 
2014-07-09T01:29:03.355+0000: 2566.818: [GC [PSYoungGen: 251798K->704K(302080K)] 635941K->384896K(989056K), 0.0100290 secs] [Times: user=0.06 sys=0.00, real=0.01 secs] 
2014-07-09T01:29:04.271+0000: 2567.733: [GC [PSYoungGen: 302016K->698K(362304K)] 686208K->385149K(1049280K), 0.0094570 secs] [Times: user=0.05 sys=0.01, real=0.00 secs] 
2014-07-09T01:29:05.300+0000: 2568.763: [GC [PSYoungGen: 362271K->744K(351872K)] 746723K->385291K(1038848K), 0.0064980 secs] [Times: user=0.05 sys=0.00, real=0.01 secs] 
2014-07-09T01:29:06.328+0000: 2569.790: [GC [PSYoungGen: 351848K->676K(341696K)] 736395K->385303K(1028672K), 0.0107560 secs] [Times: user=0.08 sys=0.00, real=0.01 secs] 
2014-07-09T01:29:07.307+0000: 2570.769: [GC [PSYoungGen: 341656K->1084K(332416K)] 726283K->385908K(1019392K), 0.0047400 secs] [Times: user=0.02 sys=0.00, real=0.01 secs] 
2014-07-09T01:29:08.260+0000: 2571.723: [GC [PSYoungGen: 332412K->448K(322496K)] 717236K->385463K(1009472K), 0.0039450 secs] [Times: user=0.02 sys=0.00, real=0.01 secs] 
2014-07-09T01:29:09.229+0000: 2572.691: [GC [PSYoungGen: 322496K->730K(313920K)] 707511K->385809K(1000896K), 0.0033570 secs] [Times: user=0.02 sys=0.00, real=0.01 secs] 
2014-07-09T01:29:10.106+0000: 2573.568: [GC [PSYoungGen: 313881K->730K(305344K)] 698961K->385881K(992320K), 0.0032300 secs] [Times: user=0.02 sys=0.00, real=0.00 secs] 
2014-07-09T01:29:11.003+0000: 2574.465: [GC [PSYoungGen: 305306K->626K(297024K)] 690457K->385865K(984000K), 0.0068340 secs] [Times: user=0.05 sys=0.00, real=0.00 secs] 
2014-07-09T01:29:11.833+0000: 2575.296: [GC [PSYoungGen: 297010K->736K(289280K)] 682249K->386047K(976256K), 0.0038870 secs] [Times: user=0.02 sys=0.00, real=0.00 secs] 
2014-07-09T01:29:12.627+0000: 2576.089: [GC [PSYoungGen: 289248K->708K(281664K)] 674559K->386083K(968640K), 0.0042840 secs] [Times: user=0.02 sys=0.00, real=0.00 secs] 
2014-07-09T01:29:13.465+0000: 2576.927: [GC [PSYoungGen: 281604K->818K(274432K)] 666979K->386289K(961408K), 0.0051440 secs] [Times: user=0.02 sys=0.00, real=0.00 secs] 
2014-07-09T01:29:14.267+0000: 2577.729: [GC [PSYoungGen: 274404K->1124K(267712K)] 659876K->386708K(954688K), 0.0073380 secs] [Times: user=0.05 sys=0.00, real=0.01 secs] 
2014-07-09T01:29:15.039+0000: 2578.501: [GC [PSYoungGen: 267669K->370K(260224K)] 653253K->386424K(947200K), 0.0046670 secs] [Times: user=0.01 sys=0.01, real=0.01 secs] 
2014-07-09T01:29:15.773+0000: 2579.236: [GC [PSYoungGen: 260210K->915K(254336K)] 646264K->387084K(941312K), 0.0059630 secs] [Times: user=0.04 sys=0.00, real=0.00 secs] 
2014-07-09T01:29:16.475+0000: 2579.937: [GC [PSYoungGen: 254291K->940K(248064K)] 640460K->387484K(935040K), 0.0060310 secs] [Times: user=0.02 sys=0.00, real=0.00 secs] 
2014-07-09T01:29:17.192+0000: 2580.654: [GC [PSYoungGen: 248011K->1128K(242240K)] 634555K->387712K(929216K), 0.0054990 secs] [Times: user=0.03 sys=0.00, real=0.01 secs] 
2014-07-09T01:29:17.891+0000: 2581.353: [GC [PSYoungGen: 242196K->370K(235648K)] 628780K->387353K(922624K), 0.0064970 secs] [Times: user=0.04 sys=0.00, real=0.01 secs] 
2014-07-09T01:29:18.593+0000: 2582.055: [GC [PSYoungGen: 235634K->1039K(230784K)] 622617K->388062K(917760K), 0.0095200 secs] [Times: user=0.06 sys=0.00, real=0.01 secs] 
2014-07-09T01:29:19.274+0000: 2582.737: [GC [PSYoungGen: 230735K->876K(225216K)] 617758K->388188K(912192K), 0.0067640 secs] [Times: user=0.03 sys=0.00, real=0.00 secs] 
2014-07-09T01:29:19.935+0000: 2583.397: [GC [PSYoungGen: 225167K->1014K(270208K)] 612480K->388374K(957184K), 0.0172240 secs] [Times: user=0.11 sys=0.00, real=0.01 secs] 
2014-07-09T01:29:20.698+0000: 2584.161: [GC [PSYoungGen: 270198K->690K(323776K)] 657558K->388214K(1010752K), 0.0092630 secs] [Times: user=0.05 sys=0.00, real=0.01 secs] 
2014-07-09T01:29:21.633+0000: 2585.095: [GC [PSYoungGen: 323762K->512K(388224K)] 711286K->388084K(1075200K), 0.0094090 secs] [Times: user=0.06 sys=0.00, real=0.01 secs] 
2014-07-09T01:29:22.744+0000: 2586.206: [GC [PSYoungGen: 388185K->768K(444544K)] 775757K->388372K(1131520K), 0.0105490 secs] [Times: user=0.06 sys=0.00, real=0.01 secs] 
2014-07-09T01:29:24.030+0000: 2587.492: [GC [PSYoungGen: 444032K->822K(430144K)] 831636K->388498K(1117120K), 0.0071340 secs] [Times: user=0.04 sys=0.01, real=0.01 secs] 
2014-07-09T01:29:25.280+0000: 2588.742: [GC [PSYoungGen: 430134K->498K(416448K)] 817810K->388376K(1103424K), 0.0080550 secs] [Times: user=0.05 sys=0.00, real=0.01 secs] 
2014-07-09T01:29:26.456+0000: 2589.919: [GC [PSYoungGen: 416411K->794K(403968K)] 804289K->388736K(1090944K), 0.0086810 secs] [Times: user=0.06 sys=0.00, real=0.01 secs] 
2014-07-09T01:29:27.632+0000: 2591.094: [GC [PSYoungGen: 403928K->594K(391488K)] 791871K->388608K(1078464K), 0.0091960 secs] [Times: user=0.05 sys=0.00, real=0.01 secs] 
2014-07-09T01:29:28.771+0000: 2592.233: [GC [PSYoungGen: 391441K->896K(380032K)] 779455K->388950K(1067008K), 0.0064860 secs] [Times: user=0.02 sys=0.00, real=0.01 secs] 
2014-07-09T01:29:29.856+0000: 2593.318: [GC [PSYoungGen: 379968K->768K(368640K)] 768022K->388870K(1055616K), 0.0040850 secs] [Times: user=0.01 sys=0.00, real=0.00 secs] 
2014-07-09T01:29:30.916+0000: 2594.378: [GC [PSYoungGen: 368552K->932K(358016K)] 756654K->389130K(1044992K), 0.0078990 secs] [Times: user=0.04 sys=0.00, real=0.00 secs] 
2014-07-09T01:29:31.944+0000: 2595.406: [GC [PSYoungGen: 357988K->576K(347264K)] 746186K->388846K(1034240K), 0.0038410 secs] [Times: user=0.02 sys=0.00, real=0.01 secs] 
2014-07-09T01:29:32.944+0000: 2596.406: [GC [PSYoungGen: 347264K->530K(337344K)] 735534K->388856K(1024320K), 0.0073390 secs] [Times: user=0.05 sys=0.00, real=0.01 secs] 
2014-07-09T01:29:33.893+0000: 2597.355: [GC [PSYoungGen: 337292K->814K(328064K)] 725619K->389196K(1015040K), 0.0045030 secs] [Times: user=0.03 sys=0.00, real=0.01 secs] 
2014-07-09T01:29:34.822+0000: 2598.284: [GC [PSYoungGen: 327996K->1142K(319232K)] 716379K->389588K(1006208K), 0.0035030 secs] [Times: user=0.02 sys=0.00, real=0.00 secs] 
2014-07-09T01:29:35.754+0000: 2599.216: [GC [PSYoungGen: 319207K->356K(309696K)] 707653K->389212K(996672K), 0.0088830 secs] [Times: user=0.03 sys=0.01, real=0.01 secs] 
2014-07-09T01:29:36.603+0000: 2600.065: [GC [PSYoungGen: 309668K->830K(301760K)] 698524K->389734K(988736K), 0.0070790 secs] [Times: user=0.04 sys=0.00, real=0.01 secs] 
2014-07-09T01:29:37.498+0000: 2600.960: [GC [PSYoungGen: 301758K->954K(293824K)] 690662K->389954K(980800K), 0.0087870 secs] [Times: user=0.05 sys=0.00, real=0.01 secs] 
2014-07-09T01:29:38.302+0000: 2601.764: [GC [PSYoungGen: 293818K->694K(285824K)] 682818K->389750K(972800K), 0.0078390 secs] [Times: user=0.05 sys=0.00, real=0.01 secs] 
2014-07-09T01:29:39.136+0000: 2602.598: [GC [PSYoungGen: 285778K->822K(278528K)] 674834K->390081K(965504K), 0.0094710 secs] [Times: user=0.07 sys=0.00, real=0.01 secs] 
2014-07-09T01:29:39.952+0000: 2603.414: [GC [PSYoungGen: 278518K->716K(334016K)] 667777K->389998K(1020992K), 0.0164010 secs] [Times: user=0.09 sys=0.01, real=0.02 secs] 
2014-07-09T01:29:40.906+0000: 2604.369: [GC [PSYoungGen: 333960K->996K(324928K)] 723243K->390423K(1011904K), 0.0047470 secs] [Times: user=0.02 sys=0.00, real=0.01 secs] 
2014-07-09T01:29:41.845+0000: 2605.308: [GC [PSYoungGen: 324900K->954K(315904K)] 714327K->390452K(1002880K), 0.0067450 secs] [Times: user=0.04 sys=0.01, real=0.01 secs] 
2014-07-09T01:29:42.743+0000: 2606.205: [GC [PSYoungGen: 315898K->676K(307008K)] 705396K->390304K(993984K), 0.0092560 secs] [Times: user=0.04 sys=0.01, real=0.01 secs] 
2014-07-09T01:29:43.607+0000: 2607.069: [GC [PSYoungGen: 306980K->744K(298816K)] 696608K->390444K(985792K), 0.0084610 secs] [Times: user=0.05 sys=0.00, real=0.00 secs] 
2014-07-09T01:29:44.448+0000: 2607.911: [GC [PSYoungGen: 298792K->626K(290752K)] 688492K->390382K(977728K), 0.0077630 secs] [Times: user=0.04 sys=0.00, real=0.00 secs] 
2014-07-09T01:29:45.300+0000: 2608.762: [GC [PSYoungGen: 290738K->758K(283200K)] 680494K->390586K(970176K), 0.0040270 secs] [Times: user=0.02 sys=0.00, real=0.00 secs] 
2014-07-09T01:29:46.094+0000: 2609.556: [GC [PSYoungGen: 283190K->576K(275648K)] 673018K->390492K(962624K), 0.0093740 secs] [Times: user=0.06 sys=0.01, real=0.01 secs] 
2014-07-09T01:29:46.921+0000: 2610.383: [GC [PSYoungGen: 275648K->878K(268928K)] 665564K->390850K(955904K), 0.0104650 secs] [Times: user=0.06 sys=0.00, real=0.01 secs] 
2014-07-09T01:29:47.693+0000: 2611.155: [GC [PSYoungGen: 268910K->900K(262208K)] 658882K->390961K(949184K), 0.0034320 secs] [Times: user=0.02 sys=0.00, real=0.00 secs] 
2014-07-09T01:29:48.412+0000: 2611.874: [GC [PSYoungGen: 262122K->612K(255360K)] 652183K->390712K(942336K), 0.0065180 secs] [Times: user=0.03 sys=0.00, real=0.01 secs] 
2014-07-09T01:29:49.168+0000: 2612.630: [GC [PSYoungGen: 255332K->672K(249152K)] 645432K->390860K(936128K), 0.0060220 secs] [Times: user=0.04 sys=0.00, real=0.00 secs] 
2014-07-09T01:29:49.894+0000: 2613.357: [GC [PSYoungGen: 249120K->640K(243008K)] 639308K->390892K(929984K), 0.0078810 secs] [Times: user=0.05 sys=0.00, real=0.01 secs] 
2014-07-09T01:29:50.569+0000: 2614.031: [GC [PSYoungGen: 243008K->910K(291840K)] 633260K->391211K(978816K), 0.0111820 secs] [Times: user=0.05 sys=0.01, real=0.01 secs] 
2014-07-09T01:29:51.385+0000: 2614.847: [GC [PSYoungGen: 291790K->716K(283968K)] 682091K->391048K(970944K), 0.0054300 secs] [Times: user=0.02 sys=0.00, real=0.01 secs] 
2014-07-09T01:29:52.198+0000: 2615.660: [GC [PSYoungGen: 283916K->740K(276608K)] 674248K->391128K(963584K), 0.0037970 secs] [Times: user=0.02 sys=0.00, real=0.01 secs] 
2014-07-09T01:29:53.010+0000: 2616.472: [GC [PSYoungGen: 276538K->716K(269504K)] 666926K->391136K(956480K), 0.0061240 secs] [Times: user=0.02 sys=0.00, real=0.00 secs] 
2014-07-09T01:29:53.764+0000: 2617.226: [GC [PSYoungGen: 269452K->750K(262656K)] 659872K->391227K(949632K), 0.0036390 secs] [Times: user=0.02 sys=0.01, real=0.00 secs] 
2014-07-09T01:29:54.482+0000: 2617.944: [GC [PSYoungGen: 262638K->992K(256320K)] 653115K->391557K(943296K), 0.0062760 secs] [Times: user=0.04 sys=0.00, real=0.00 secs] 
2014-07-09T01:29:55.255+0000: 2618.718: [GC [PSYoungGen: 256288K->434K(249408K)] 646853K->391166K(936384K), 0.0053520 secs] [Times: user=0.03 sys=0.00, real=0.01 secs] 
2014-07-09T01:29:55.981+0000: 2619.443: [GC [PSYoungGen: 249394K->790K(243712K)] 640126K->391586K(930688K), 0.0079030 secs] [Times: user=0.05 sys=0.00, real=0.00 secs] 
2014-07-09T01:29:56.673+0000: 2620.135: [GC [PSYoungGen: 243644K->992K(238016K)] 634441K->391903K(924992K), 0.0042210 secs] [Times: user=0.01 sys=0.00, real=0.00 secs] 
2014-07-09T01:29:57.342+0000: 2620.804: [GC [PSYoungGen: 237941K->794K(232192K)] 628852K->391784K(919168K), 0.0081500 secs] [Times: user=0.06 sys=0.01, real=0.01 secs] 
2014-07-09T01:29:58.021+0000: 2621.483: [GC [PSYoungGen: 232149K->490K(226432K)] 623140K->391880K(913408K), 0.0082160 secs] [Times: user=0.06 sys=0.00, real=0.00 secs] 
2014-07-09T01:29:58.658+0000: 2622.121: [GC [PSYoungGen: 226410K->1125K(221824K)] 617800K->392595K(908800K), 0.0038000 secs] [Times: user=0.02 sys=0.00, real=0.01 secs] 
2014-07-09T01:29:59.286+0000: 2622.748: [GC [PSYoungGen: 221797K->694K(216320K)] 613267K->392371K(903296K), 0.0040510 secs] [Times: user=0.02 sys=0.01, real=0.01 secs] 
2014-07-09T01:29:59.924+0000: 2623.387: [GC [PSYoungGen: 216310K->1078K(211840K)] 607987K->392819K(898816K), 0.0062700 secs] [Times: user=0.05 sys=0.00, real=0.01 secs] 
2014-07-09T01:30:00.517+0000: 2623.979: [GC [PSYoungGen: 211830K->686K(206720K)] 603571K->392491K(893696K), 0.0040450 secs] [Times: user=0.02 sys=0.00, real=0.01 secs] 
2014-07-09T01:30:01.139+0000: 2624.601: [GC [PSYoungGen: 206702K->950K(248192K)] 598507K->392827K(935168K), 0.0106180 secs] [Times: user=0.07 sys=0.00, real=0.01 secs] 
2014-07-09T01:30:01.848+0000: 2625.310: [GC [PSYoungGen: 248182K->854K(242112K)] 640059K->392811K(929088K), 0.0056870 secs] [Times: user=0.03 sys=0.00, real=0.01 secs] 
2014-07-09T01:30:02.507+0000: 2625.970: [GC [PSYoungGen: 242066K->1111K(290624K)] 634023K->393180K(977600K), 0.0082190 secs] [Times: user=0.04 sys=0.01, real=0.01 secs] 
2014-07-09T01:30:03.334+0000: 2626.797: [GC [PSYoungGen: 290583K->448K(282304K)] 682652K->392637K(969280K), 0.0066350 secs] [Times: user=0.03 sys=0.00, real=0.01 secs] 
2014-07-09T01:30:04.145+0000: 2627.608: [GC [PSYoungGen: 282304K->626K(275136K)] 674493K->392895K(962112K), 0.0034640 secs] [Times: user=0.01 sys=0.01, real=0.00 secs] 
2014-07-09T01:30:04.924+0000: 2628.387: [GC [PSYoungGen: 275122K->484K(329920K)] 667391K->392801K(1016896K), 0.0164280 secs] [Times: user=0.08 sys=0.00, real=0.01 secs] 
2014-07-09T01:30:05.916+0000: 2629.378: [GC [PSYoungGen: 329892K->1170K(321408K)] 722209K->393551K(1008384K), 0.0039060 secs] [Times: user=0.02 sys=0.00, real=0.00 secs] 
2014-07-09T01:30:06.807+0000: 2630.270: [GC [PSYoungGen: 321337K->694K(384960K)] 713718K->393131K(1071936K), 0.0115840 secs] [Times: user=0.08 sys=0.01, real=0.01 secs] 
2014-07-09T01:30:07.917+0000: 2631.379: [GC [PSYoungGen: 384926K->1018K(373824K)] 777363K->393519K(1060800K), 0.0040030 secs] [Times: user=0.02 sys=0.00, real=0.01 secs] 
2014-07-09T01:30:08.995+0000: 2632.458: [GC [PSYoungGen: 373817K->762K(362560K)] 766318K->393311K(1049536K), 0.0129970 secs] [Times: user=0.08 sys=0.01, real=0.01 secs] 
2014-07-09T01:30:10.034+0000: 2633.496: [GC [PSYoungGen: 362554K->708K(352000K)] 755103K->393313K(1038976K), 0.0065780 secs] [Times: user=0.03 sys=0.00, real=0.00 secs] 
2014-07-09T01:30:11.083+0000: 2634.545: [GC [PSYoungGen: 351940K->616K(341760K)] 744545K->393269K(1028736K), 0.0042710 secs] [Times: user=0.02 sys=0.00, real=0.00 secs] 
2014-07-09T01:30:12.070+0000: 2635.532: [GC [PSYoungGen: 341736K->858K(332352K)] 734389K->393583K(1019328K), 0.0062650 secs] [Times: user=0.04 sys=0.01, real=0.01 secs] 
2014-07-09T01:30:13.036+0000: 2636.498: [GC [PSYoungGen: 332314K->562K(322752K)] 725039K->393343K(1009728K), 0.0128150 secs] [Times: user=0.09 sys=0.00, real=0.01 secs] 
2014-07-09T01:30:13.956+0000: 2637.418: [GC [PSYoungGen: 322738K->798K(387456K)] 715519K->393627K(1074432K), 0.0155930 secs] [Times: user=0.10 sys=0.00, real=0.01 secs] 
2014-07-09T01:30:15.075+0000: 2638.538: [GC [PSYoungGen: 387422K->886K(375936K)] 780251K->393779K(1062912K), 0.0093980 secs] [Times: user=0.05 sys=0.00, real=0.01 secs] 
2014-07-09T01:30:16.192+0000: 2639.654: [GC [PSYoungGen: 375922K->762K(364736K)] 768815K->393703K(1051712K), 0.0072070 secs] [Times: user=0.04 sys=0.00, real=0.00 secs] 
2014-07-09T01:30:17.248+0000: 2640.710: [GC [PSYoungGen: 364727K->804K(354176K)] 757668K->394045K(1041152K), 0.0066690 secs] [Times: user=0.04 sys=0.00, real=0.01 secs] 
2014-07-09T01:30:18.296+0000: 2641.758: [GC [PSYoungGen: 354148K->644K(343872K)] 747389K->393957K(1030848K), 0.0088060 secs] [Times: user=0.04 sys=0.01, real=0.01 secs] 
2014-07-09T01:30:19.314+0000: 2642.776: [GC [PSYoungGen: 343812K->758K(334144K)] 737125K->394167K(1021120K), 0.0066450 secs] [Times: user=0.04 sys=0.00, real=0.00 secs] 
2014-07-09T01:30:20.248+0000: 2643.711: [GC [PSYoungGen: 334134K->1018K(325056K)] 727543K->394500K(1012032K), 0.0041190 secs] [Times: user=0.02 sys=0.01, real=0.00 secs] 
2014-07-09T01:30:21.206+0000: 2644.668: [GC [PSYoungGen: 325050K->530K(315584K)] 718532K->394067K(1002560K), 0.0071930 secs] [Times: user=0.05 sys=0.00, real=0.01 secs] 
2014-07-09T01:30:22.105+0000: 2645.567: [GC [PSYoungGen: 315538K->732K(307136K)] 709075K->394325K(994112K), 0.0085850 secs] [Times: user=0.04 sys=0.00, real=0.01 secs] 
2014-07-09T01:30:23.016+0000: 2646.479: [GC [PSYoungGen: 307098K->726K(298880K)] 700692K->394375K(985856K), 0.0133290 secs] [Times: user=0.08 sys=0.00, real=0.01 secs] 
2014-07-09T01:30:23.891+0000: 2647.353: [GC [PSYoungGen: 298838K->804K(291008K)] 692487K->394549K(977984K), 0.0073890 secs] [Times: user=0.05 sys=0.00, real=0.01 secs] 
2014-07-09T01:30:24.759+0000: 2648.221: [GC [PSYoungGen: 290980K->772K(283328K)] 684725K->394581K(970304K), 0.0071660 secs] [Times: user=0.03 sys=0.00, real=0.01 secs] 
2014-07-09T01:30:25.595+0000: 2649.057: [GC [PSYoungGen: 283240K->644K(275840K)] 677050K->394517K(962816K), 0.0086310 secs] [Times: user=0.07 sys=0.00, real=0.00 secs] 
2014-07-09T01:30:26.367+0000: 2649.830: [GC [PSYoungGen: 275780K->480K(268608K)] 669653K->394417K(955584K), 0.0067710 secs] [Times: user=0.04 sys=0.00, real=0.01 secs] 
2014-07-09T01:30:27.148+0000: 2650.610: [GC [PSYoungGen: 268576K->466K(261824K)] 662513K->394459K(948800K), 0.0049690 secs] [Times: user=0.02 sys=0.00, real=0.00 secs] 
2014-07-09T01:30:27.893+0000: 2651.355: [GC [PSYoungGen: 261776K->576K(255360K)] 655770K->394617K(942336K), 0.0048780 secs] [Times: user=0.02 sys=0.00, real=0.01 secs] 
2014-07-09T01:30:28.604+0000: 2652.066: [GC [PSYoungGen: 255360K->644K(249216K)] 649401K->394733K(936192K), 0.0079050 secs] [Times: user=0.04 sys=0.00, real=0.01 secs] 
2014-07-09T01:30:29.322+0000: 2652.784: [GC [PSYoungGen: 249121K->894K(243328K)] 643210K->395079K(930304K), 0.0065790 secs] [Times: user=0.04 sys=0.00, real=0.01 secs] 
2014-07-09T01:30:30.027+0000: 2653.489: [GC [PSYoungGen: 243326K->698K(237312K)] 637511K->394947K(924288K), 0.0036850 secs] [Times: user=0.02 sys=0.00, real=0.00 secs] 
2014-07-09T01:30:30.692+0000: 2654.154: [GC [PSYoungGen: 237290K->448K(231424K)] 631540K->394729K(918400K), 0.0045390 secs] [Times: user=0.02 sys=0.00, real=0.01 secs] 
2014-07-09T01:30:31.370+0000: 2654.832: [GC [PSYoungGen: 231424K->562K(226112K)] 625705K->394891K(913088K), 0.0074600 secs] [Times: user=0.04 sys=0.00, real=0.01 secs] 
2014-07-09T01:30:32.024+0000: 2655.486: [GC [PSYoungGen: 226057K->868K(221184K)] 620387K->395278K(908160K), 0.0034770 secs] [Times: user=0.02 sys=0.00, real=0.01 secs] 
2014-07-09T01:30:32.625+0000: 2656.087: [GC [PSYoungGen: 221156K->826K(216064K)] 615566K->395307K(903040K), 0.0086200 secs] [Times: user=0.06 sys=0.00, real=0.01 secs] 
2014-07-09T01:30:33.245+0000: 2656.707: [GC [PSYoungGen: 216058K->626K(258944K)] 610539K->395203K(945920K), 0.0152390 secs] [Times: user=0.11 sys=0.01, real=0.02 secs] 
2014-07-09T01:30:34.012+0000: 2657.474: [GC [PSYoungGen: 258898K->894K(310912K)] 653476K->395543K(997888K), 0.0045380 secs] [Times: user=0.02 sys=0.00, real=0.01 secs] 
2014-07-09T01:30:34.881+0000: 2658.343: [GC [PSYoungGen: 310910K->690K(302272K)] 705559K->395593K(989248K), 0.0043950 secs] [Times: user=0.02 sys=0.00, real=0.01 secs] 
2014-07-09T01:30:35.742+0000: 2659.205: [GC [PSYoungGen: 302258K->876K(294336K)] 697161K->395835K(981312K), 0.0080420 secs] [Times: user=0.06 sys=0.00, real=0.01 secs] 
2014-07-09T01:30:36.557+0000: 2660.020: [GC [PSYoungGen: 294316K->672K(286336K)] 689275K->395853K(973312K), 0.0044270 secs] [Times: user=0.02 sys=0.00, real=0.00 secs] 
2014-07-09T01:30:37.377+0000: 2660.839: [GC [PSYoungGen: 286278K->1137K(279296K)] 681460K->396465K(966272K), 0.0076420 secs] [Times: user=0.05 sys=0.00, real=0.00 secs] 
2014-07-09T01:30:38.166+0000: 2661.628: [GC [PSYoungGen: 279281K->480K(334336K)] 674609K->395871K(1021312K), 0.0123670 secs] [Times: user=0.08 sys=0.00, real=0.02 secs] 
2014-07-09T01:30:39.119+0000: 2662.581: [GC [PSYoungGen: 334284K->898K(325376K)] 729676K->396345K(1012352K), 0.0077480 secs] [Times: user=0.04 sys=0.00, real=0.01 secs] 
2014-07-09T01:30:40.063+0000: 2663.525: [GC [PSYoungGen: 325310K->698K(316096K)] 720758K->396193K(1003072K), 0.0038530 secs] [Times: user=0.01 sys=0.00, real=0.01 secs] 
2014-07-09T01:30:40.975+0000: 2664.437: [GC [PSYoungGen: 316090K->780K(307584K)] 711585K->396331K(994560K), 0.0075130 secs] [Times: user=0.05 sys=0.00, real=0.01 secs] 
2014-07-09T01:30:41.869+0000: 2665.331: [GC [PSYoungGen: 307532K->754K(299200K)] 703083K->396378K(986176K), 0.0067820 secs] [Times: user=0.04 sys=0.00, real=0.00 secs] 
2014-07-09T01:30:42.672+0000: 2666.134: [GC [PSYoungGen: 299186K->864K(291328K)] 694810K->396552K(978304K), 0.0075430 secs] [Times: user=0.02 sys=0.00, real=0.01 secs] 
2014-07-09T01:30:43.531+0000: 2666.993: [GC [PSYoungGen: 291296K->684K(283456K)] 686984K->396563K(970432K), 0.0063660 secs] [Times: user=0.03 sys=0.00, real=0.01 secs] 
2014-07-09T01:30:44.330+0000: 2667.792: [GC [PSYoungGen: 283436K->926K(276352K)] 679315K->396877K(963328K), 0.0077560 secs] [Times: user=0.06 sys=0.00, real=0.01 secs] 
2014-07-09T01:30:45.138+0000: 2668.600: [GC [PSYoungGen: 276318K->690K(268992K)] 672269K->397184K(955968K), 0.0037170 secs] [Times: user=0.02 sys=0.00, real=0.00 secs] 
2014-07-09T01:30:45.929+0000: 2669.391: [GC [PSYoungGen: 268954K->644K(322688K)] 665448K->397194K(1009664K), 0.0189580 secs] [Times: user=0.12 sys=0.00, real=0.02 secs] 
2014-07-09T01:30:46.867+0000: 2670.329: [GC [PSYoungGen: 322628K->876K(387328K)] 719178K->397498K(1074304K), 0.0056860 secs] [Times: user=0.03 sys=0.00, real=0.01 secs] 
2014-07-09T01:30:47.983+0000: 2671.446: [GC [PSYoungGen: 387308K->850K(375744K)] 783930K->397536K(1062720K), 0.0066350 secs] [Times: user=0.04 sys=0.00, real=0.01 secs] 
2014-07-09T01:30:49.046+0000: 2672.508: [GC [PSYoungGen: 375660K->800K(364608K)] 772346K->397616K(1051584K), 0.0052330 secs] [Times: user=0.02 sys=0.00, real=0.01 secs] 
2014-07-09T01:30:50.081+0000: 2673.543: [GC [PSYoungGen: 364576K->1164K(354368K)] 761392K->398060K(1041344K), 0.0045420 secs] [Times: user=0.02 sys=0.00, real=0.00 secs] 
2014-07-09T01:30:51.117+0000: 2674.579: [GC [PSYoungGen: 354316K->448K(343424K)] 751212K->397596K(1030400K), 0.0084950 secs] [Times: user=0.06 sys=0.01, real=0.01 secs] 
2014-07-09T01:30:52.102+0000: 2675.564: [GC [PSYoungGen: 343424K->818K(334080K)] 740572K->398038K(1021056K), 0.0088290 secs] [Times: user=0.05 sys=0.00, real=0.01 secs] 
2014-07-09T01:30:53.062+0000: 2676.525: [GC [PSYoungGen: 334066K->744K(324672K)] 731286K->398044K(1011648K), 0.0050700 secs] [Times: user=0.03 sys=0.00, real=0.00 secs] 
2014-07-09T01:30:54.043+0000: 2677.505: [GC [PSYoungGen: 324648K->790K(315776K)] 721948K->398146K(1002752K), 0.0105150 secs] [Times: user=0.03 sys=0.00, real=0.01 secs] 
2014-07-09T01:30:54.945+0000: 2678.408: [GC [PSYoungGen: 315734K->726K(307072K)] 713090K->398146K(994048K), 0.0040470 secs] [Times: user=0.02 sys=0.00, real=0.01 secs] 
2014-07-09T01:30:55.822+0000: 2679.285: [GC [PSYoungGen: 307030K->882K(298944K)] 704450K->398350K(985920K), 0.0062770 secs] [Times: user=0.03 sys=0.00, real=0.01 secs] 
2014-07-09T01:30:56.687+0000: 2680.150: [GC [PSYoungGen: 298917K->826K(358528K)] 696386K->398334K(1045504K), 0.0219930 secs] [Times: user=0.15 sys=0.01, real=0.03 secs] 
2014-07-09T01:30:57.718+0000: 2681.180: [GC [PSYoungGen: 358522K->680K(398912K)] 756030K->398236K(1085888K), 0.0117310 secs] [Times: user=0.07 sys=0.00, real=0.02 secs] 
2014-07-09T01:30:58.867+0000: 2682.329: [GC [PSYoungGen: 398440K->744K(386496K)] 795996K->398340K(1073472K), 0.0063640 secs] [Times: user=0.04 sys=0.00, real=0.01 secs] 
2014-07-09T01:30:59.955+0000: 2683.417: [GC [PSYoungGen: 386472K->882K(375104K)] 784068K->398574K(1062080K), 0.0066450 secs] [Times: user=0.04 sys=0.00, real=0.01 secs] 
2014-07-09T01:31:01.040+0000: 2684.503: [GC [PSYoungGen: 375090K->690K(363840K)] 772782K->398967K(1050816K), 0.0074470 secs] [Times: user=0.05 sys=0.00, real=0.00 secs] 
2014-07-09T01:31:02.087+0000: 2685.549: [GC [PSYoungGen: 363826K->776K(353408K)] 762103K->399117K(1040384K), 0.0035180 secs] [Times: user=0.01 sys=0.01, real=0.01 secs] 
2014-07-09T01:31:03.089+0000: 2686.551: [GC [PSYoungGen: 353352K->808K(343232K)] 751693K->399329K(1030208K), 0.0096820 secs] [Times: user=0.07 sys=0.00, real=0.01 secs] 
2014-07-09T01:31:04.042+0000: 2687.504: [GC [PSYoungGen: 343208K->566K(333248K)] 741729K->399127K(1020224K), 0.0041110 secs] [Times: user=0.02 sys=0.00, real=0.00 secs] 
2014-07-09T01:31:04.999+0000: 2688.462: [GC [PSYoungGen: 333238K->608K(323968K)] 731799K->399241K(1010944K), 0.0068020 secs] [Times: user=0.02 sys=0.00, real=0.01 secs] 
2014-07-09T01:31:05.905+0000: 2689.368: [GC [PSYoungGen: 323936K->790K(315200K)] 722569K->399487K(1002176K), 0.0052820 secs] [Times: user=0.02 sys=0.01, real=0.01 secs] 
2014-07-09T01:31:06.858+0000: 2690.320: [GC [PSYoungGen: 315158K->932K(306752K)] 713855K->399709K(993728K), 0.0074280 secs] [Times: user=0.04 sys=0.00, real=0.01 secs] 
2014-07-09T01:31:07.719+0000: 2691.181: [GC [PSYoungGen: 306724K->694K(367680K)] 705501K->399527K(1054656K), 0.0268360 secs] [Times: user=0.17 sys=0.00, real=0.03 secs] 
2014-07-09T01:31:08.755+0000: 2692.218: [GC [PSYoungGen: 367670K->626K(425600K)] 766503K->399571K(1112576K), 0.0062290 secs] [Times: user=0.04 sys=0.00, real=0.01 secs] 
2014-07-09T01:31:09.986+0000: 2693.448: [GC [PSYoungGen: 425394K->850K(425984K)] 824339K->399867K(1112960K), 0.0153490 secs] [Times: user=0.09 sys=0.00, real=0.02 secs] 
2014-07-09T01:31:11.251+0000: 2694.713: [GC [PSYoungGen: 425618K->1028K(412672K)] 824635K->400125K(1099648K), 0.0055840 secs] [Times: user=0.03 sys=0.00, real=0.00 secs] 
2014-07-09T01:31:12.417+0000: 2695.880: [GC [PSYoungGen: 412612K->850K(399872K)] 811709K->399987K(1086848K), 0.0112790 secs] [Times: user=0.08 sys=0.00, real=0.01 secs] 
2014-07-09T01:31:13.587+0000: 2697.049: [GC [PSYoungGen: 399826K->491K(387392K)] 798963K->399917K(1074368K), 0.0040120 secs] [Times: user=0.03 sys=0.00, real=0.01 secs] 
2014-07-09T01:31:14.712+0000: 2698.174: [GC [PSYoungGen: 387371K->936K(376256K)] 786797K->400419K(1063232K), 0.0052210 secs] [Times: user=0.02 sys=0.00, real=0.00 secs] 
2014-07-09T01:31:15.820+0000: 2699.282: [GC [PSYoungGen: 376217K->876K(365120K)] 775700K->400430K(1052096K), 0.0081580 secs] [Times: user=0.03 sys=0.00, real=0.01 secs] 
2014-07-09T01:31:16.901+0000: 2700.364: [GC [PSYoungGen: 365100K->858K(354496K)] 764654K->400492K(1041472K), 0.0165070 secs] [Times: user=0.11 sys=0.00, real=0.02 secs] 
2014-07-09T01:31:17.920+0000: 2701.383: [GC [PSYoungGen: 354458K->548K(344000K)] 754092K->400434K(1030976K), 0.0043460 secs] [Times: user=0.03 sys=0.00, real=0.01 secs] 
2014-07-09T01:31:18.878+0000: 2702.340: [GC [PSYoungGen: 343972K->1010K(334656K)] 743858K->400992K(1021632K), 0.0067570 secs] [Times: user=0.05 sys=0.00, real=0.01 secs] 
2014-07-09T01:31:19.824+0000: 2703.286: [GC [PSYoungGen: 334614K->744K(324992K)] 734597K->400856K(1011968K), 0.0051840 secs] [Times: user=0.03 sys=0.00, real=0.00 secs] 
2014-07-09T01:31:20.737+0000: 2704.200: [GC [PSYoungGen: 324968K->662K(315904K)] 725080K->400830K(1002880K), 0.0076840 secs] [Times: user=0.05 sys=0.00, real=0.01 secs] 
2014-07-09T01:31:21.673+0000: 2705.135: [GC [PSYoungGen: 315859K->598K(378880K)] 716028K->400798K(1065856K), 0.0173810 secs] [Times: user=0.12 sys=0.00, real=0.01 secs] 
2014-07-09T01:31:22.759+0000: 2706.221: [GC [PSYoungGen: 378838K->954K(454848K)] 779038K->401210K(1141824K), 0.0110980 secs] [Times: user=0.05 sys=0.01, real=0.01 secs] 
2014-07-09T01:31:24.053+0000: 2707.515: [GC [PSYoungGen: 454842K->744K(440192K)] 855098K->401222K(1127168K), 0.0053490 secs] [Times: user=0.04 sys=0.00, real=0.01 secs] 
2014-07-09T01:31:25.315+0000: 2708.777: [GC [PSYoungGen: 440168K->804K(426432K)] 840646K->401354K(1113408K), 0.0076350 secs] [Times: user=0.04 sys=0.00, real=0.00 secs] 
2014-07-09T01:31:26.570+0000: 2710.032: [GC [PSYoungGen: 426404K->754K(413120K)] 826954K->401605K(1100096K), 0.0082550 secs] [Times: user=0.04 sys=0.00, real=0.01 secs] 
2014-07-09T01:31:27.735+0000: 2711.197: [GC [PSYoungGen: 413106K->976K(400704K)] 813957K->401891K(1087680K), 0.0081730 secs] [Times: user=0.05 sys=0.00, real=0.00 secs] 
2014-07-09T01:31:28.892+0000: 2712.354: [GC [PSYoungGen: 400656K->690K(388288K)] 801571K->402103K(1075264K), 0.0082280 secs] [Times: user=0.05 sys=0.00, real=0.01 secs] 
2014-07-09T01:31:30.022+0000: 2713.484: [GC [PSYoungGen: 388252K->640K(376640K)] 789665K->402125K(1063616K), 0.0039800 secs] [Times: user=0.02 sys=0.00, real=0.01 secs] 
2014-07-09T01:31:31.089+0000: 2714.551: [GC [PSYoungGen: 376640K->548K(365440K)] 778125K->402089K(1052416K), 0.0040830 secs] [Times: user=0.02 sys=0.00, real=0.00 secs] 
2014-07-09T01:31:32.147+0000: 2715.609: [GC [PSYoungGen: 365412K->544K(354752K)] 766953K->402157K(1041728K), 0.0046920 secs] [Times: user=0.02 sys=0.00, real=0.00 secs] 
2014-07-09T01:31:33.150+0000: 2716.612: [GC [PSYoungGen: 354720K->658K(344640K)] 756333K->402343K(1031616K), 0.0054720 secs] [Times: user=0.02 sys=0.01, real=0.01 secs] 
2014-07-09T01:31:34.150+0000: 2717.612: [GC [PSYoungGen: 344594K->512K(334656K)] 746279K->402245K(1021632K), 0.0130420 secs] [Times: user=0.08 sys=0.00, real=0.01 secs] 
2014-07-09T01:31:35.132+0000: 2718.594: [GC [PSYoungGen: 334656K->811K(325568K)] 736389K->402608K(1012544K), 0.0100820 secs] [Times: user=0.06 sys=0.00, real=0.01 secs] 
2014-07-09T01:31:36.057+0000: 2719.520: [GC [PSYoungGen: 325547K->544K(316288K)] 727344K->402405K(1003264K), 0.0109310 secs] [Times: user=0.07 sys=0.00, real=0.01 secs] 
2014-07-09T01:31:36.979+0000: 2720.442: [GC [PSYoungGen: 316256K->562K(307648K)] 718117K->402471K(994624K), 0.0100210 secs] [Times: user=0.06 sys=0.00, real=0.01 secs] 
2014-07-09T01:31:37.870+0000: 2721.332: [GC [PSYoungGen: 307634K->594K(299392K)] 709543K->402567K(986368K), 0.0059480 secs] [Times: user=0.04 sys=0.00, real=0.01 secs] 
2014-07-09T01:31:38.709+0000: 2722.171: [GC [PSYoungGen: 299346K->950K(291712K)] 701319K->403003K(978688K), 0.0068440 secs] [Times: user=0.03 sys=0.00, real=0.01 secs] 
2014-07-09T01:31:39.557+0000: 2723.019: [GC [PSYoungGen: 291702K->786K(283904K)] 693755K->402919K(970880K), 0.0074510 secs] [Times: user=0.05 sys=0.00, real=0.00 secs] 
2014-07-09T01:31:40.355+0000: 2723.817: [GC [PSYoungGen: 283858K->744K(276480K)] 685991K->402965K(963456K), 0.0036710 secs] [Times: user=0.01 sys=0.00, real=0.01 secs] 
2014-07-09T01:31:41.152+0000: 2724.614: [GC [PSYoungGen: 276448K->594K(269248K)] 678669K->402895K(956224K), 0.0058420 secs] [Times: user=0.03 sys=0.00, real=0.01 secs] 
2014-07-09T01:31:41.933+0000: 2725.395: [GC [PSYoungGen: 269179K->953K(262720K)] 671481K->403456K(949696K), 0.0041070 secs] [Times: user=0.02 sys=0.00, real=0.01 secs] 
2014-07-09T01:31:42.683+0000: 2726.145: [GC [PSYoungGen: 262713K->1018K(256192K)] 665216K->403609K(943168K), 0.0072080 secs] [Times: user=0.05 sys=0.00, real=0.01 secs] 
2014-07-09T01:31:43.410+0000: 2726.872: [GC [PSYoungGen: 256186K->633K(249472K)] 658777K->403422K(936448K), 0.0094310 secs] [Times: user=0.05 sys=0.01, real=0.01 secs] 
2014-07-09T01:31:44.121+0000: 2727.584: [GC [PSYoungGen: 249465K->776K(243584K)] 652254K->403637K(930560K), 0.0088410 secs] [Times: user=0.06 sys=0.00, real=0.01 secs] 
2014-07-09T01:31:44.822+0000: 2728.285: [GC [PSYoungGen: 243512K->1106K(238080K)] 646373K->404015K(925056K), 0.0050210 secs] [Times: user=0.03 sys=0.00, real=0.01 secs] 
2014-07-09T01:31:45.488+0000: 2728.950: [GC [PSYoungGen: 237993K->864K(232192K)] 640902K->403853K(919168K), 0.0060030 secs] [Times: user=0.04 sys=0.00, real=0.00 secs] 
2014-07-09T01:31:46.144+0000: 2729.607: [GC [PSYoungGen: 232160K->662K(226560K)] 635149K->403723K(913536K), 0.0070740 secs] [Times: user=0.04 sys=0.00, real=0.01 secs] 
2014-07-09T01:31:46.831+0000: 2730.293: [GC [PSYoungGen: 226474K->900K(272000K)] 629535K->404001K(958976K), 0.0092320 secs] [Times: user=0.05 sys=0.00, real=0.01 secs] 
2014-07-09T01:31:47.591+0000: 2731.053: [GC [PSYoungGen: 271940K->516K(325824K)] 675041K->403665K(1012800K), 0.0113900 secs] [Times: user=0.07 sys=0.00, real=0.01 secs] 
2014-07-09T01:31:48.532+0000: 2731.994: [GC [PSYoungGen: 325764K->1020K(391360K)] 728913K->404218K(1078336K), 0.0059950 secs] [Times: user=0.03 sys=0.00, real=0.01 secs] 
2014-07-09T01:31:49.833+0000: 2733.295: [GC [PSYoungGen: 391347K->940K(379584K)] 794545K->404209K(1066560K), 0.0075420 secs] [Times: user=0.05 sys=0.01, real=0.01 secs] 
2014-07-09T01:31:51.164+0000: 2734.626: [GC [PSYoungGen: 379564K->530K(368000K)] 782833K->403863K(1054976K), 0.0127980 secs] [Times: user=0.08 sys=0.01, real=0.02 secs] 
2014-07-09T01:31:52.459+0000: 2735.921: [GC [PSYoungGen: 367933K->912K(357632K)] 771266K->404325K(1044608K), 0.0062240 secs] [Times: user=0.04 sys=0.00, real=0.00 secs] 
2014-07-09T01:31:53.741+0000: 2737.203: [GC [PSYoungGen: 357584K->1238K(347648K)] 760997K->404715K(1034624K), 0.0072040 secs] [Times: user=0.04 sys=0.00, real=0.01 secs] 
2014-07-09T01:31:54.952+0000: 2738.414: [GC [PSYoungGen: 347606K->498K(336960K)] 751083K->404432K(1023936K), 0.0049030 secs] [Times: user=0.02 sys=0.00, real=0.00 secs] 
2014-07-09T01:31:56.157+0000: 2739.620: [GC [PSYoungGen: 336946K->1407K(328384K)] 740880K->405664K(1015360K), 0.0059880 secs] [Times: user=0.03 sys=0.01, real=0.01 secs] 
2014-07-09T01:31:57.319+0000: 2740.781: [GC [PSYoungGen: 328367K->826K(318720K)] 732624K->405337K(1005696K), 0.0065230 secs] [Times: user=0.04 sys=0.00, real=0.00 secs] 
2014-07-09T01:31:58.451+0000: 2741.913: [GC [PSYoungGen: 318714K->1138K(310272K)] 723225K->405721K(997248K), 0.0040180 secs] [Times: user=0.02 sys=0.00, real=0.00 secs] 
2014-07-09T01:31:59.543+0000: 2743.005: [GC [PSYoungGen: 310258K->712K(301504K)] 714841K->405351K(988480K), 0.0048250 secs] [Times: user=0.02 sys=0.00, real=0.01 secs] 
2014-07-09T01:32:00.613+0000: 2744.075: [GC [PSYoungGen: 301448K->658K(293376K)] 706087K->405361K(980352K), 0.0101260 secs] [Times: user=0.07 sys=0.00, real=0.01 secs] 
2014-07-09T01:32:01.655+0000: 2745.117: [GC [PSYoungGen: 293330K->562K(285504K)] 698033K->405313K(972480K), 0.0056110 secs] [Times: user=0.03 sys=0.00, real=0.01 secs] 
2014-07-09T01:32:02.670+0000: 2746.132: [GC [PSYoungGen: 285489K->608K(278144K)] 690240K->405439K(965120K), 0.0043730 secs] [Times: user=0.02 sys=0.00, real=0.00 secs] 
2014-07-09T01:32:03.646+0000: 2747.108: [GC [PSYoungGen: 278109K->744K(271104K)] 682940K->405655K(958080K), 0.0062130 secs] [Times: user=0.04 sys=0.00, real=0.01 secs] 
2014-07-09T01:32:04.613+0000: 2748.075: [GC [PSYoungGen: 271080K->758K(264192K)] 675991K->405749K(951168K), 0.0074080 secs] [Times: user=0.05 sys=0.00, real=0.01 secs] 
2014-07-09T01:32:05.551+0000: 2749.013: [GC [PSYoungGen: 264182K->766K(257536K)] 669173K->405805K(944512K), 0.0044040 secs] [Times: user=0.03 sys=0.00, real=0.00 secs] 
2014-07-09T01:32:06.453+0000: 2749.915: [GC [PSYoungGen: 257533K->985K(251392K)] 662573K->406080K(938368K), 0.0087810 secs] [Times: user=0.05 sys=0.00, real=0.01 secs] 
2014-07-09T01:32:07.335+0000: 2750.797: [GC [PSYoungGen: 251353K->512K(244736K)] 656448K->405695K(931712K), 0.0050100 secs] [Times: user=0.03 sys=0.00, real=0.01 secs] 
2014-07-09T01:32:08.197+0000: 2751.660: [GC [PSYoungGen: 244736K->901K(239296K)] 649919K->406156K(926272K), 0.0066170 secs] [Times: user=0.04 sys=0.00, real=0.01 secs] 
2014-07-09T01:32:09.043+0000: 2752.505: [GC [PSYoungGen: 239237K->637K(233280K)] 644492K->405948K(920256K), 0.0052200 secs] [Times: user=0.03 sys=0.01, real=0.00 secs] 
2014-07-09T01:32:09.865+0000: 2753.327: [GC [PSYoungGen: 233277K->630K(227776K)] 638588K->406005K(914752K), 0.0056350 secs] [Times: user=0.03 sys=0.00, real=0.01 secs] 
2014-07-09T01:32:10.670+0000: 2754.132: [GC [PSYoungGen: 227766K->893K(222720K)] 633141K->406332K(909696K), 0.0059380 secs] [Times: user=0.04 sys=0.00, real=0.01 secs] 
2014-07-09T01:32:11.455+0000: 2754.917: [GC [PSYoungGen: 222717K->800K(217536K)] 628156K->406295K(904512K), 0.0066770 secs] [Times: user=0.04 sys=0.00, real=0.01 secs] 
2014-07-09T01:32:12.225+0000: 2755.687: [GC [PSYoungGen: 217461K->833K(212672K)] 622957K->406384K(899648K), 0.0048590 secs] [Times: user=0.02 sys=0.00, real=0.00 secs] 
2014-07-09T01:32:12.983+0000: 2756.445: [GC [PSYoungGen: 212609K->626K(207680K)] 618160K->406257K(894656K), 0.0113550 secs] [Times: user=0.08 sys=0.00, real=0.01 secs] 
2014-07-09T01:32:13.733+0000: 2757.196: [GC [PSYoungGen: 207666K->858K(203328K)] 613297K->406577K(890304K), 0.0036090 secs] [Times: user=0.02 sys=0.00, real=0.00 secs] 
2014-07-09T01:32:14.449+0000: 2757.911: [GC [PSYoungGen: 203290K->676K(198720K)] 609009K->406491K(885696K), 0.0078290 secs] [Times: user=0.05 sys=0.00, real=0.01 secs] 
2014-07-09T01:32:15.152+0000: 2758.615: [GC [PSYoungGen: 198692K->598K(194368K)] 604507K->406493K(881344K), 0.0090960 secs] [Times: user=0.06 sys=0.00, real=0.01 secs] 
2014-07-09T01:32:15.838+0000: 2759.300: [GC [PSYoungGen: 194326K->598K(190272K)] 600221K->406533K(877248K), 0.0072240 secs] [Times: user=0.04 sys=0.00, real=0.01 secs] 
2014-07-09T01:32:16.507+0000: 2759.969: [GC [PSYoungGen: 190230K->748K(186432K)] 596165K->406739K(873408K), 0.0066960 secs] [Times: user=0.05 sys=0.01, real=0.01 secs] 
2014-07-09T01:32:17.152+0000: 2760.614: [GC [PSYoungGen: 186412K->1134K(182976K)] 592403K->407574K(869952K), 0.0069590 secs] [Times: user=0.04 sys=0.00, real=0.00 secs] 
2014-07-09T01:32:17.792+0000: 2761.254: [GC [PSYoungGen: 182958K->420K(218688K)] 589398K->407061K(905664K), 0.0080400 secs] [Times: user=0.06 sys=0.00, real=0.00 secs] 
2014-07-09T01:32:18.560+0000: 2762.022: [GC [PSYoungGen: 218633K->1004K(262912K)] 625275K->407741K(949888K), 0.0085690 secs] [Times: user=0.05 sys=0.00, real=0.01 secs] 
2014-07-09T01:32:19.504+0000: 2762.967: [GC [PSYoungGen: 262892K->871K(256192K)] 669629K->407789K(943168K), 0.0071930 secs] [Times: user=0.05 sys=0.01, real=0.01 secs] 
2014-07-09T01:32:20.399+0000: 2763.861: [GC [PSYoungGen: 256167K->698K(249664K)] 663085K->407663K(936640K), 0.0071300 secs] [Times: user=0.04 sys=0.00, real=0.01 secs] 
2014-07-09T01:32:21.286+0000: 2764.749: [GC [PSYoungGen: 249658K->1150K(244032K)] 656623K->408230K(931008K), 0.0101280 secs] [Times: user=0.06 sys=0.00, real=0.01 secs] 
2014-07-09T01:32:22.154+0000: 2765.617: [GC [PSYoungGen: 243985K->1004K(292480K)] 651064K->408171K(979456K), 0.0102310 secs] [Times: user=0.05 sys=0.00, real=0.01 secs] 
2014-07-09T01:32:23.170+0000: 2766.632: [GC [PSYoungGen: 292432K->676K(284480K)] 699599K->408095K(971456K), 0.0056680 secs] [Times: user=0.03 sys=0.00, real=0.01 secs] 
2014-07-09T01:32:24.170+0000: 2767.632: [GC [PSYoungGen: 284445K->694K(277056K)] 691865K->408201K(964032K), 0.0093130 secs] [Times: user=0.06 sys=0.00, real=0.01 secs] 
2014-07-09T01:32:25.123+0000: 2768.586: [GC [PSYoungGen: 277046K->498K(269760K)] 684553K->408069K(956736K), 0.0048860 secs] [Times: user=0.03 sys=0.00, real=0.00 secs] 
2014-07-09T01:32:26.082+0000: 2769.544: [GC [PSYoungGen: 269727K->1132K(263552K)] 677299K->408775K(950528K), 0.0138120 secs] [Times: user=0.10 sys=0.01, real=0.02 secs] 
2014-07-09T01:32:27.020+0000: 2770.482: [GC [PSYoungGen: 263531K->690K(315584K)] 671175K->408405K(1002560K), 0.0116390 secs] [Times: user=0.08 sys=0.00, real=0.01 secs] 
2014-07-09T01:32:28.150+0000: 2771.612: [GC [PSYoungGen: 315521K->776K(307072K)] 723236K->408563K(994048K), 0.0054540 secs] [Times: user=0.03 sys=0.00, real=0.01 secs] 
2014-07-09T01:32:29.238+0000: 2772.700: [GC [PSYoungGen: 307016K->776K(298816K)] 714803K->408667K(985792K), 0.0064900 secs] [Times: user=0.04 sys=0.00, real=0.01 secs] 
2014-07-09T01:32:30.296+0000: 2773.758: [GC [PSYoungGen: 298760K->580K(290688K)] 706651K->408527K(977664K), 0.0056360 secs] [Times: user=0.04 sys=0.00, real=0.00 secs] 
2014-07-09T01:32:31.316+0000: 2774.778: [GC [PSYoungGen: 290628K->512K(282944K)] 698575K->408523K(969920K), 0.0057830 secs] [Times: user=0.04 sys=0.00, real=0.00 secs] 
2014-07-09T01:32:32.318+0000: 2775.780: [GC [PSYoungGen: 282944K->1324K(276416K)] 690955K->409392K(963392K), 0.0058710 secs] [Times: user=0.02 sys=0.00, real=0.01 secs] 
2014-07-09T01:32:33.298+0000: 2776.760: [GC [PSYoungGen: 276396K->676K(268736K)] 684464K->408815K(955712K), 0.0111340 secs] [Times: user=0.07 sys=0.00, real=0.01 secs] 
2014-07-09T01:32:34.259+0000: 2777.721: [GC [PSYoungGen: 268708K->662K(261952K)] 676847K->408897K(948928K), 0.0110630 secs] [Times: user=0.08 sys=0.01, real=0.01 secs] 
2014-07-09T01:32:35.179+0000: 2778.641: [GC [PSYoungGen: 261910K->908K(255680K)] 670145K->409247K(942656K), 0.0058040 secs] [Times: user=0.04 sys=0.00, real=0.01 secs] 
2014-07-09T01:32:36.078+0000: 2779.541: [GC [PSYoungGen: 255628K->776K(249280K)] 663967K->409195K(936256K), 0.0136070 secs] [Times: user=0.07 sys=0.00, real=0.01 secs] 
2014-07-09T01:32:36.965+0000: 2780.427: [GC [PSYoungGen: 249224K->512K(242880K)] 657643K->408995K(929856K), 0.0062160 secs] [Times: user=0.03 sys=0.00, real=0.00 secs] 
2014-07-09T01:32:37.824+0000: 2781.286: [GC [PSYoungGen: 242817K->869K(237440K)] 651300K->409417K(924416K), 0.0048440 secs] [Times: user=0.03 sys=0.00, real=0.00 secs] 
2014-07-09T01:32:38.662+0000: 2782.124: [GC [PSYoungGen: 237413K->830K(231744K)] 645961K->409433K(918720K), 0.0081800 secs] [Times: user=0.04 sys=0.01, real=0.01 secs] 
2014-07-09T01:32:39.474+0000: 2782.936: [GC [PSYoungGen: 231695K->758K(226240K)] 640298K->409417K(913216K), 0.0075520 secs] [Times: user=0.05 sys=0.00, real=0.01 secs] 
2014-07-09T01:32:40.286+0000: 2783.748: [GC [PSYoungGen: 226230K->1001K(221248K)] 634889K->409724K(908224K), 0.0059960 secs] [Times: user=0.04 sys=0.00, real=0.00 secs] 
2014-07-09T01:32:41.066+0000: 2784.529: [GC [PSYoungGen: 221225K->844K(216064K)] 629948K->409679K(903040K), 0.0089800 secs] [Times: user=0.07 sys=0.00, real=0.01 secs] 
2014-07-09T01:32:41.853+0000: 2785.315: [GC [PSYoungGen: 216012K->498K(210816K)] 624847K->409397K(897792K), 0.0103540 secs] [Times: user=0.07 sys=0.01, real=0.01 secs] 
2014-07-09T01:32:42.604+0000: 2786.066: [GC [PSYoungGen: 210801K->904K(253376K)] 619701K->409843K(940352K), 0.0121420 secs] [Times: user=0.07 sys=0.00, real=0.02 secs] 
2014-07-09T01:32:43.495+0000: 2786.958: [GC [PSYoungGen: 253320K->894K(303808K)] 662259K->409897K(990784K), 0.0055670 secs] [Times: user=0.03 sys=0.00, real=0.00 secs] 
2014-07-09T01:32:44.562+0000: 2788.025: [GC [PSYoungGen: 303806K->832K(295680K)] 712809K->409908K(982656K), 0.0052280 secs] [Times: user=0.03 sys=0.00, real=0.01 secs] 
2014-07-09T01:32:45.601+0000: 2789.063: [GC [PSYoungGen: 295568K->716K(287744K)] 704644K->409823K(974720K), 0.0131980 secs] [Times: user=0.08 sys=0.00, real=0.01 secs] 
2014-07-09T01:32:46.637+0000: 2790.099: [GC [PSYoungGen: 287653K->940K(280384K)] 696761K->410111K(967360K), 0.0040890 secs] [Times: user=0.02 sys=0.00, real=0.00 secs] 
2014-07-09T01:32:47.626+0000: 2791.088: [GC [PSYoungGen: 280349K->748K(272960K)] 689521K->410189K(959936K), 0.0058470 secs] [Times: user=0.03 sys=0.01, real=0.00 secs] 
2014-07-09T01:32:48.595+0000: 2792.058: [GC [PSYoungGen: 272940K->608K(265856K)] 682381K->410137K(952832K), 0.0053960 secs] [Times: user=0.04 sys=0.00, real=0.00 secs] 
2014-07-09T01:32:49.549+0000: 2793.011: [GC [PSYoungGen: 265824K->698K(259200K)] 675353K->410291K(946176K), 0.0057210 secs] [Times: user=0.03 sys=0.00, real=0.00 secs] 
2014-07-09T01:32:50.451+0000: 2793.914: [GC [PSYoungGen: 259192K->932K(252992K)] 668786K->410597K(939968K), 0.0136160 secs] [Times: user=0.07 sys=0.00, real=0.01 secs] 
2014-07-09T01:32:51.341+0000: 2794.803: [GC [PSYoungGen: 252939K->822K(246656K)] 662605K->410810K(933632K), 0.0065290 secs] [Times: user=0.03 sys=0.01, real=0.01 secs] 
2014-07-09T01:32:52.193+0000: 2795.655: [GC [PSYoungGen: 246646K->1111K(296192K)] 656634K->411171K(983168K), 0.0133880 secs] [Times: user=0.07 sys=0.00, real=0.02 secs] 
2014-07-09T01:32:53.234+0000: 2796.696: [GC [PSYoungGen: 296151K->726K(287936K)] 706211K->410931K(974912K), 0.0091870 secs] [Times: user=0.06 sys=0.00, real=0.01 secs] 
2014-07-09T01:32:54.251+0000: 2797.713: [GC [PSYoungGen: 287894K->1072K(280704K)] 698099K->411341K(967680K), 0.0084180 secs] [Times: user=0.04 sys=0.00, real=0.01 secs] 
2014-07-09T01:32:55.249+0000: 2798.711: [GC [PSYoungGen: 280653K->864K(273280K)] 690923K->411402K(960256K), 0.0053070 secs] [Times: user=0.03 sys=0.01, real=0.00 secs] 
2014-07-09T01:32:56.211+0000: 2799.673: [GC [PSYoungGen: 273226K->944K(266368K)] 683764K->411578K(953344K), 0.0093070 secs] [Times: user=0.06 sys=0.00, real=0.01 secs] 
2014-07-09T01:32:57.157+0000: 2800.619: [GC [PSYoungGen: 266352K->1000K(259712K)] 676986K->411730K(946688K), 0.0074230 secs] [Times: user=0.05 sys=0.00, real=0.00 secs] 
2014-07-09T01:32:58.079+0000: 2801.541: [GC [PSYoungGen: 259688K->680K(252928K)] 670418K->411481K(939904K), 0.0126950 secs] [Times: user=0.09 sys=0.01, real=0.01 secs] 
2014-07-09T01:32:58.993+0000: 2802.455: [GC [PSYoungGen: 252904K->794K(246848K)] 663705K->411635K(933824K), 0.0094630 secs] [Times: user=0.05 sys=0.00, real=0.01 secs] 
2014-07-09T01:32:59.867+0000: 2803.330: [GC [PSYoungGen: 246810K->562K(240640K)] 657651K->411475K(927616K), 0.0064130 secs] [Times: user=0.04 sys=0.00, real=0.00 secs] 
2014-07-09T01:33:00.713+0000: 2804.175: [GC [PSYoungGen: 240624K->946K(235264K)] 651538K->411932K(922240K), 0.0069400 secs] [Times: user=0.04 sys=0.00, real=0.01 secs] 
2014-07-09T01:33:01.556+0000: 2805.018: [GC [PSYoungGen: 235250K->630K(229376K)] 646235K->411687K(916352K), 0.0080380 secs] [Times: user=0.05 sys=0.01, real=0.01 secs] 
2014-07-09T01:33:02.369+0000: 2805.831: [GC [PSYoungGen: 229366K->544K(275072K)] 640423K->411689K(962048K), 0.0124320 secs] [Times: user=0.09 sys=0.00, real=0.01 secs] 
2014-07-09T01:33:03.340+0000: 2806.803: [GC [PSYoungGen: 275037K->866K(268352K)] 686183K->412076K(955328K), 0.0058110 secs] [Times: user=0.04 sys=0.00, real=0.00 secs] 
2014-07-09T01:33:04.282+0000: 2807.745: [GC [PSYoungGen: 268306K->758K(261440K)] 679516K->412031K(948416K), 0.0075910 secs] [Times: user=0.04 sys=0.01, real=0.01 secs] 
2014-07-09T01:33:05.223+0000: 2808.685: [GC [PSYoungGen: 261430K->836K(255040K)] 672703K->412181K(942016K), 0.0034650 secs] [Times: user=0.01 sys=0.01, real=0.00 secs] 
2014-07-09T01:33:06.119+0000: 2809.581: [GC [PSYoungGen: 254946K->944K(248832K)] 666292K->412354K(935808K), 0.0063040 secs] [Times: user=0.03 sys=0.00, real=0.00 secs] 
2014-07-09T01:33:07.003+0000: 2810.465: [GC [PSYoungGen: 248816K->612K(242496K)] 660226K->412101K(929472K), 0.0068180 secs] [Times: user=0.04 sys=0.01, real=0.01 secs] 
2014-07-09T01:33:07.880+0000: 2811.342: [GC [PSYoungGen: 242468K->1020K(237056K)] 653957K->412590K(924032K), 0.0073830 secs] [Times: user=0.03 sys=0.00, real=0.00 secs] 
2014-07-09T01:33:08.691+0000: 2812.153: [GC [PSYoungGen: 237052K->698K(231104K)] 648622K->412315K(918080K), 0.0059880 secs] [Times: user=0.01 sys=0.01, real=0.00 secs] 
2014-07-09T01:33:09.520+0000: 2812.982: [GC [PSYoungGen: 231098K->744K(225792K)] 642715K->412401K(912768K), 0.0144890 secs] [Times: user=0.08 sys=0.00, real=0.01 secs] 
2014-07-09T01:33:10.333+0000: 2813.796: [GC [PSYoungGen: 225768K->544K(270656K)] 637425K->412273K(957632K), 0.0109150 secs] [Times: user=0.08 sys=0.00, real=0.01 secs] 
2014-07-09T01:33:11.284+0000: 2814.747: [GC [PSYoungGen: 270613K->798K(324928K)] 682343K->412583K(1011904K), 0.0121480 secs] [Times: user=0.09 sys=0.00, real=0.01 secs] 
2014-07-09T01:33:12.440+0000: 2815.903: [GC [PSYoungGen: 324894K->712K(315840K)] 736679K->412553K(1002816K), 0.0071050 secs] [Times: user=0.04 sys=0.01, real=0.00 secs] 
2014-07-09T01:33:13.558+0000: 2817.021: [GC [PSYoungGen: 315784K->594K(307072K)] 727625K->412491K(994048K), 0.0087060 secs] [Times: user=0.05 sys=0.00, real=0.01 secs] 
2014-07-09T01:33:14.648+0000: 2818.111: [GC [PSYoungGen: 307026K->886K(299008K)] 718923K->412823K(985984K), 0.0069790 secs] [Times: user=0.02 sys=0.00, real=0.01 secs] 
2014-07-09T01:33:15.712+0000: 2819.174: [GC [PSYoungGen: 298960K->730K(290944K)] 710898K->412747K(977920K), 0.0061860 secs] [Times: user=0.03 sys=0.00, real=0.00 secs] 
2014-07-09T01:33:16.761+0000: 2820.223: [GC [PSYoungGen: 290904K->626K(283136K)] 702922K->412707K(970112K), 0.0042930 secs] [Times: user=0.02 sys=0.00, real=0.00 secs] 
2014-07-09T01:33:17.758+0000: 2821.220: [GC [PSYoungGen: 283122K->548K(275712K)] 695203K->412701K(962688K), 0.0040970 secs] [Times: user=0.02 sys=0.00, real=0.01 secs] 
2014-07-09T01:33:18.736+0000: 2822.198: [GC [PSYoungGen: 275684K->1134K(269248K)] 687837K->413586K(956224K), 0.0040690 secs] [Times: user=0.03 sys=0.00, real=0.01 secs] 
2014-07-09T01:33:19.693+0000: 2823.156: [GC [PSYoungGen: 269224K->608K(261952K)] 681677K->413304K(948928K), 0.0162170 secs] [Times: user=0.10 sys=0.00, real=0.01 secs] 
2014-07-09T01:33:20.622+0000: 2824.085: [GC [PSYoungGen: 261920K->1008K(255808K)] 674616K->413808K(942784K), 0.0068990 secs] [Times: user=0.04 sys=0.00, real=0.00 secs] 
2014-07-09T01:33:21.526+0000: 2824.988: [GC [PSYoungGen: 255779K->818K(249344K)] 668580K->413740K(936320K), 0.0072450 secs] [Times: user=0.05 sys=0.00, real=0.01 secs] 
2014-07-09T01:33:22.414+0000: 2825.877: [GC [PSYoungGen: 249299K->982K(243456K)] 662221K->413976K(930432K), 0.0070700 secs] [Times: user=0.04 sys=0.00, real=0.01 secs] 
2014-07-09T01:33:23.270+0000: 2826.733: [GC [PSYoungGen: 243414K->880K(237504K)] 656408K->414004K(924480K), 0.0076920 secs] [Times: user=0.04 sys=0.00, real=0.01 secs] 
2014-07-09T01:33:24.117+0000: 2827.579: [GC [PSYoungGen: 237488K->772K(231808K)] 650612K->413952K(918784K), 0.0050350 secs] [Times: user=0.03 sys=0.00, real=0.01 secs] 
2014-07-09T01:33:24.947+0000: 2828.409: [GC [PSYoungGen: 231719K->608K(226176K)] 644900K->413868K(913152K), 0.0036810 secs] [Times: user=0.02 sys=0.00, real=0.00 secs] 
2014-07-09T01:33:25.737+0000: 2829.199: [GC [PSYoungGen: 226115K->730K(221056K)] 639376K->414046K(908032K), 0.0072930 secs] [Times: user=0.05 sys=0.00, real=0.01 secs] 
2014-07-09T01:33:26.514+0000: 2829.976: [GC [PSYoungGen: 221018K->894K(216128K)] 634334K->414266K(903104K), 0.0033350 secs] [Times: user=0.02 sys=0.00, real=0.00 secs] 
2014-07-09T01:33:27.279+0000: 2830.742: [GC [PSYoungGen: 216126K->790K(211200K)] 629498K->414274K(898176K), 0.0073260 secs] [Times: user=0.04 sys=0.00, real=0.01 secs] 
2014-07-09T01:33:28.027+0000: 2831.489: [GC [PSYoungGen: 211158K->780K(206528K)] 624642K->414320K(893504K), 0.0093990 secs] [Times: user=0.06 sys=0.00, real=0.01 secs] 
2014-07-09T01:33:28.773+0000: 2832.235: [GC [PSYoungGen: 206476K->912K(247808K)] 620016K->414524K(934784K), 0.0179050 secs] [Times: user=0.11 sys=0.01, real=0.01 secs] 
2014-07-09T01:33:29.667+0000: 2833.130: [GC [PSYoungGen: 247760K->684K(296960K)] 661372K->414424K(983936K), 0.0136830 secs] [Times: user=0.07 sys=0.01, real=0.01 secs] 
2014-07-09T01:33:30.726+0000: 2834.189: [GC [PSYoungGen: 296940K->708K(356288K)] 710680K->414536K(1043264K), 0.0063180 secs] [Times: user=0.04 sys=0.00, real=0.01 secs] 
2014-07-09T01:33:31.983+0000: 2835.446: [GC [PSYoungGen: 356227K->626K(345856K)] 770055K->414576K(1032832K), 0.0071540 secs] [Times: user=0.04 sys=0.01, real=0.00 secs] 
2014-07-09T01:33:33.216+0000: 2836.679: [GC [PSYoungGen: 345819K->1136K(336512K)] 759770K->415150K(1023488K), 0.0034290 secs] [Times: user=0.02 sys=0.00, real=0.00 secs] 
2014-07-09T01:33:34.421+0000: 2837.883: [GC [PSYoungGen: 336495K->566K(326464K)] 750510K->414702K(1013440K), 0.0055220 secs] [Times: user=0.04 sys=0.00, real=0.01 secs] 
2014-07-09T01:33:35.560+0000: 2839.022: [GC [PSYoungGen: 326454K->708K(317568K)] 740590K->414908K(1004544K), 0.0098540 secs] [Times: user=0.07 sys=0.00, real=0.01 secs] 
2014-07-09T01:33:36.670+0000: 2840.132: [GC [PSYoungGen: 317483K->665K(308800K)] 731683K->414921K(995776K), 0.0074030 secs] [Times: user=0.05 sys=0.00, real=0.01 secs] 
2014-07-09T01:33:37.773+0000: 2841.235: [GC [PSYoungGen: 308761K->694K(300416K)] 723017K->415038K(987392K), 0.0038060 secs] [Times: user=0.02 sys=0.01, real=0.00 secs] 
2014-07-09T01:33:38.849+0000: 2842.312: [GC [PSYoungGen: 300400K->1067K(292800K)] 714744K->415626K(979776K), 0.0077320 secs] [Times: user=0.05 sys=0.00, real=0.01 secs] 
2014-07-09T01:33:39.877+0000: 2843.339: [GC [PSYoungGen: 292748K->854K(284928K)] 707308K->415469K(971904K), 0.0060730 secs] [Times: user=0.03 sys=0.00, real=0.00 secs] 
2014-07-09T01:33:40.882+0000: 2844.345: [GC [PSYoungGen: 284874K->762K(277376K)] 699490K->415441K(964352K), 0.0091570 secs] [Times: user=0.03 sys=0.00, real=0.01 secs] 
2014-07-09T01:33:41.859+0000: 2845.322: [GC [PSYoungGen: 277370K->786K(270336K)] 692049K->415561K(957312K), 0.0063010 secs] [Times: user=0.04 sys=0.01, real=0.01 secs] 
2014-07-09T01:33:42.826+0000: 2846.288: [GC [PSYoungGen: 270290K->898K(263616K)] 685065K->415729K(950592K), 0.0104770 secs] [Times: user=0.07 sys=0.00, real=0.01 secs] 
2014-07-09T01:33:43.768+0000: 2847.230: [GC [PSYoungGen: 263525K->730K(256832K)] 678356K->415609K(943808K), 0.0047430 secs] [Times: user=0.02 sys=0.00, real=0.00 secs] 
2014-07-09T01:33:44.673+0000: 2848.135: [GC [PSYoungGen: 256782K->744K(250496K)] 671661K->415793K(937472K), 0.0059330 secs] [Times: user=0.04 sys=0.00, real=0.01 secs] 
2014-07-09T01:33:45.561+0000: 2849.024: [GC [PSYoungGen: 250402K->1056K(244672K)] 665451K->416162K(931648K), 0.0103620 secs] [Times: user=0.07 sys=0.00, real=0.01 secs] 
2014-07-09T01:33:46.397+0000: 2849.860: [GC [PSYoungGen: 244640K->630K(238336K)] 659746K->416111K(925312K), 0.0088660 secs] [Times: user=0.06 sys=0.00, real=0.01 secs] 
2014-07-09T01:33:47.246+0000: 2850.709: [GC [PSYoungGen: 238326K->908K(286208K)] 653807K->416461K(973184K), 0.0123760 secs] [Times: user=0.08 sys=0.00, real=0.01 secs] 
2014-07-09T01:33:48.245+0000: 2851.707: [GC [PSYoungGen: 286156K->648K(278464K)] 701709K->416381K(965440K), 0.0075730 secs] [Times: user=0.04 sys=0.00, real=0.01 secs] 
2014-07-09T01:33:49.232+0000: 2852.694: [GC [PSYoungGen: 278408K->1082K(271680K)] 694141K->416896K(958656K), 0.0066980 secs] [Times: user=0.04 sys=0.00, real=0.01 secs] 
2014-07-09T01:33:50.206+0000: 2853.668: [GC [PSYoungGen: 271674K->630K(325376K)] 687488K->416515K(1012352K), 0.0161760 secs] [Times: user=0.11 sys=0.00, real=0.01 secs] 
2014-07-09T01:33:51.347+0000: 2854.809: [GC [PSYoungGen: 325366K->648K(316416K)] 741251K->416597K(1003392K), 0.0073640 secs] [Times: user=0.05 sys=0.00, real=0.00 secs] 
2014-07-09T01:33:52.475+0000: 2855.937: [GC [PSYoungGen: 316360K->1162K(308288K)] 732309K->417176K(995264K), 0.0059050 secs] [Times: user=0.03 sys=0.00, real=0.00 secs] 
2014-07-09T01:33:53.568+0000: 2857.030: [GC [PSYoungGen: 308224K->953K(299712K)] 724238K->417023K(986688K), 0.0046700 secs] [Times: user=0.02 sys=0.00, real=0.00 secs] 
2014-07-09T01:33:54.637+0000: 2858.099: [GC [PSYoungGen: 299705K->556K(291328K)] 715775K->416872K(978304K), 0.0099700 secs] [Times: user=0.06 sys=0.01, real=0.01 secs] 
2014-07-09T01:33:55.669+0000: 2859.131: [GC [PSYoungGen: 291308K->936K(284032K)] 707624K->417293K(971008K), 0.0041930 secs] [Times: user=0.02 sys=0.00, real=0.00 secs] 
2014-07-09T01:33:56.677+0000: 2860.139: [GC [PSYoungGen: 284008K->808K(276544K)] 700365K->417456K(963520K), 0.0101690 secs] [Times: user=0.06 sys=0.00, real=0.01 secs] 
2014-07-09T01:33:57.660+0000: 2861.122: [GC [PSYoungGen: 276520K->930K(269568K)] 693168K->417634K(956544K), 0.0042280 secs] [Times: user=0.02 sys=0.01, real=0.00 secs] 
2014-07-09T01:33:58.601+0000: 2862.063: [GC [PSYoungGen: 269497K->754K(262528K)] 686201K->417514K(949504K), 0.0109500 secs] [Times: user=0.07 sys=0.00, real=0.01 secs] 
2014-07-09T01:33:59.523+0000: 2862.985: [GC [PSYoungGen: 262514K->754K(255936K)] 679274K->417562K(942912K), 0.0046820 secs] [Times: user=0.03 sys=0.00, real=0.01 secs] 
2014-07-09T01:34:00.442+0000: 2863.904: [GC [PSYoungGen: 255922K->626K(249472K)] 672730K->417490K(936448K), 0.0048110 secs] [Times: user=0.02 sys=0.01, real=0.01 secs] 
2014-07-09T01:34:01.328+0000: 2864.790: [GC [PSYoungGen: 249458K->862K(243648K)] 666322K->417830K(930624K), 0.0064670 secs] [Times: user=0.04 sys=0.00, real=0.00 secs] 
2014-07-09T01:34:02.189+0000: 2865.651: [GC [PSYoungGen: 243613K->722K(237696K)] 660581K->417754K(924672K), 0.0081780 secs] [Times: user=0.03 sys=0.00, real=0.01 secs] 
2014-07-09T01:34:03.027+0000: 2866.489: [GC [PSYoungGen: 237650K->883K(232192K)] 654682K->417971K(919168K), 0.0044970 secs] [Times: user=0.02 sys=0.00, real=0.01 secs] 
2014-07-09T01:34:03.853+0000: 2867.315: [GC [PSYoungGen: 232150K->580K(226496K)] 649238K->417708K(913472K), 0.0111140 secs] [Times: user=0.06 sys=0.00, real=0.01 secs] 
2014-07-09T01:34:04.645+0000: 2868.107: [GC [PSYoungGen: 226436K->872K(221504K)] 643564K->418048K(908480K), 0.0052780 secs] [Times: user=0.02 sys=0.00, real=0.01 secs] 
2014-07-09T01:34:05.433+0000: 2868.896: [GC [PSYoungGen: 221456K->928K(216512K)] 638632K->418389K(903488K), 0.0092670 secs] [Times: user=0.07 sys=0.00, real=0.01 secs] 
2014-07-09T01:34:06.184+0000: 2869.647: [GC [PSYoungGen: 216480K->544K(259264K)] 633941K->418084K(946240K), 0.0107630 secs] [Times: user=0.07 sys=0.01, real=0.01 secs] 
2014-07-09T01:34:07.101+0000: 2870.563: [GC [PSYoungGen: 259183K->930K(253184K)] 676723K->418558K(940160K), 0.0058490 secs] [Times: user=0.04 sys=0.00, real=0.00 secs] 
2014-07-09T01:34:07.987+0000: 2871.450: [GC [PSYoungGen: 253154K->819K(246848K)] 670782K->418495K(933824K), 0.0081170 secs] [Times: user=0.05 sys=0.00, real=0.01 secs] 
2014-07-09T01:34:08.860+0000: 2872.322: [GC [PSYoungGen: 246835K->822K(240896K)] 664511K->418562K(927872K), 0.0108080 secs] [Times: user=0.03 sys=0.01, real=0.01 secs] 
2014-07-09T01:34:09.729+0000: 2873.192: [GC [PSYoungGen: 240886K->598K(234944K)] 658626K->418370K(921920K), 0.0046410 secs] [Times: user=0.02 sys=0.00, real=0.00 secs] 
2014-07-09T01:34:10.547+0000: 2874.009: [GC [PSYoungGen: 234902K->830K(229568K)] 652674K->418658K(916544K), 0.0065220 secs] [Times: user=0.05 sys=0.00, real=0.01 secs] 
2014-07-09T01:34:11.373+0000: 2874.835: [GC [PSYoungGen: 229566K->562K(223936K)] 647394K->418470K(910912K), 0.0095580 secs] [Times: user=0.06 sys=0.00, real=0.01 secs] 
2014-07-09T01:34:12.163+0000: 2875.625: [GC [PSYoungGen: 223922K->694K(218880K)] 641830K->418682K(905856K), 0.0093660 secs] [Times: user=0.06 sys=0.00, real=0.01 secs] 
2014-07-09T01:34:12.932+0000: 2876.394: [GC [PSYoungGen: 218870K->580K(213824K)] 636858K->418608K(900800K), 0.0045660 secs] [Times: user=0.02 sys=0.00, real=0.00 secs] 
2014-07-09T01:34:13.687+0000: 2877.149: [GC [PSYoungGen: 213764K->812K(209216K)] 631792K->418896K(896192K), 0.0077970 secs] [Times: user=0.05 sys=0.00, real=0.01 secs] 
2014-07-09T01:34:14.420+0000: 2877.882: [GC [PSYoungGen: 209196K->766K(204544K)] 627280K->418914K(891520K), 0.0060690 secs] [Times: user=0.05 sys=0.00, real=0.00 secs] 
2014-07-09T01:34:15.144+0000: 2878.606: [GC [PSYoungGen: 204542K->662K(200000K)] 622690K->418882K(886976K), 0.0040220 secs] [Times: user=0.03 sys=0.00, real=0.00 secs] 
2014-07-09T01:34:15.849+0000: 2879.311: [GC [PSYoungGen: 199958K->534K(195584K)] 618178K->418794K(882560K), 0.0050230 secs] [Times: user=0.02 sys=0.00, real=0.00 secs] 
2014-07-09T01:34:16.545+0000: 2880.007: [GC [PSYoungGen: 195542K->730K(191616K)] 613802K->419046K(878592K), 0.0073390 secs] [Times: user=0.05 sys=0.00, real=0.01 secs] 
2014-07-09T01:34:17.232+0000: 2880.694: [GC [PSYoungGen: 191578K->1078K(187904K)] 609894K->419500K(874880K), 0.0092560 secs] [Times: user=0.05 sys=0.00, real=0.01 secs] 
2014-07-09T01:34:17.879+0000: 2881.341: [GC [PSYoungGen: 187894K->363K(183296K)] 606316K->419298K(870272K), 0.0051930 secs] [Times: user=0.02 sys=0.00, real=0.01 secs] 
2014-07-09T01:34:18.531+0000: 2881.994: [GC [PSYoungGen: 183275K->986K(180160K)] 602210K->419993K(867136K), 0.0067810 secs] [Times: user=0.04 sys=0.00, real=0.00 secs] 
2014-07-09T01:34:19.158+0000: 2882.621: [GC [PSYoungGen: 180122K->936K(176448K)] 599129K->420105K(863424K), 0.0036200 secs] [Times: user=0.02 sys=0.00, real=0.01 secs] 
2014-07-09T01:34:19.771+0000: 2883.233: [GC [PSYoungGen: 176407K->980K(172992K)] 595576K->420237K(859968K), 0.0042250 secs] [Times: user=0.02 sys=0.00, real=0.00 secs] 
2014-07-09T01:34:20.392+0000: 2883.854: [GC [PSYoungGen: 172899K->637K(169216K)] 592156K->420006K(856192K), 0.0039960 secs] [Times: user=0.02 sys=0.00, real=0.00 secs] 
2014-07-09T01:34:20.988+0000: 2884.451: [GC [PSYoungGen: 169198K->930K(166208K)] 588567K->420363K(853184K), 0.0078190 secs] [Times: user=0.05 sys=0.00, real=0.01 secs] 
2014-07-09T01:34:21.570+0000: 2885.033: [GC [PSYoungGen: 166178K->630K(162688K)] 585611K->420169K(849664K), 0.0059710 secs] [Times: user=0.04 sys=0.00, real=0.00 secs] 
2014-07-09T01:34:22.155+0000: 2885.617: [GC [PSYoungGen: 162650K->730K(195264K)] 582190K->420341K(882240K), 0.0094720 secs] [Times: user=0.06 sys=0.00, real=0.01 secs] 
2014-07-09T01:34:22.842+0000: 2886.305: [GC [PSYoungGen: 195226K->1014K(191360K)] 614837K->420689K(878336K), 0.0043040 secs] [Times: user=0.02 sys=0.00, real=0.00 secs] 
2014-07-09T01:34:23.513+0000: 2886.975: [GC [PSYoungGen: 191350K->534K(186880K)] 611025K->420265K(873856K), 0.0071820 secs] [Times: user=0.04 sys=0.00, real=0.01 secs] 
2014-07-09T01:34:24.173+0000: 2887.635: [GC [PSYoungGen: 186825K->748K(224384K)] 606556K->420543K(911360K), 0.0094130 secs] [Times: user=0.07 sys=0.00, real=0.01 secs] 
2014-07-09T01:34:24.959+0000: 2888.421: [GC [PSYoungGen: 224364K->894K(269248K)] 644159K->420769K(956224K), 0.0071970 secs] [Times: user=0.05 sys=0.00, real=0.01 secs] 
2014-07-09T01:34:25.898+0000: 2889.360: [GC [PSYoungGen: 269246K->954K(323008K)] 689121K->420973K(1009984K), 0.0111470 secs] [Times: user=0.06 sys=0.00, real=0.01 secs] 
2014-07-09T01:34:27.061+0000: 2890.523: [GC [PSYoungGen: 323002K->748K(313920K)] 743021K->420831K(1000896K), 0.0048470 secs] [Times: user=0.02 sys=0.00, real=0.00 secs] 
2014-07-09T01:34:28.179+0000: 2891.641: [GC [PSYoungGen: 313900K->1008K(305600K)] 733983K->421255K(992576K), 0.0078150 secs] [Times: user=0.05 sys=0.00, real=0.01 secs] 
2014-07-09T01:34:29.266+0000: 2892.728: [GC [PSYoungGen: 305531K->769K(297216K)] 725778K->421072K(984192K), 0.0077900 secs] [Times: user=0.05 sys=0.00, real=0.01 secs] 
2014-07-09T01:34:30.316+0000: 2893.779: [GC [PSYoungGen: 297153K->644K(289216K)] 717456K->421035K(976192K), 0.0041560 secs] [Times: user=0.02 sys=0.00, real=0.00 secs] 
2014-07-09T01:34:31.354+0000: 2894.817: [GC [PSYoungGen: 289122K->690K(281600K)] 709514K->421177K(968576K), 0.0082370 secs] [Times: user=0.06 sys=0.00, real=0.01 secs] 
2014-07-09T01:34:32.341+0000: 2895.803: [GC [PSYoungGen: 281540K->944K(274560K)] 702028K->421503K(961536K), 0.0062900 secs] [Times: user=0.03 sys=0.00, real=0.01 secs] 
2014-07-09T01:34:33.306+0000: 2896.768: [GC [PSYoungGen: 274544K->766K(267328K)] 695103K->421381K(954304K), 0.0068500 secs] [Times: user=0.04 sys=0.00, real=0.01 secs] 
2014-07-09T01:34:34.256+0000: 2897.719: [GC [PSYoungGen: 267326K->680K(260544K)] 687941K->421359K(947520K), 0.0069690 secs] [Times: user=0.05 sys=0.01, real=0.01 secs] 
2014-07-09T01:34:35.171+0000: 2898.633: [GC [PSYoungGen: 260520K->666K(254080K)] 681199K->421409K(941056K), 0.0064320 secs] [Times: user=0.04 sys=0.00, real=0.01 secs] 
2014-07-09T01:34:36.080+0000: 2899.543: [GC [PSYoungGen: 254042K->851K(248000K)] 674785K->421658K(934976K), 0.0034990 secs] [Times: user=0.02 sys=0.00, real=0.01 secs] 
2014-07-09T01:34:36.951+0000: 2900.413: [GC [PSYoungGen: 247955K->924K(242048K)] 668762K->421796K(929024K), 0.0112610 secs] [Times: user=0.07 sys=0.00, real=0.02 secs] 
2014-07-09T01:34:37.806+0000: 2901.268: [GC [PSYoungGen: 242012K->506K(235776K)] 662884K->421942K(922752K), 0.0059830 secs] [Times: user=0.04 sys=0.00, real=0.01 secs] 
2014-07-09T01:34:38.640+0000: 2902.102: [GC [PSYoungGen: 235770K->840K(230592K)] 657206K->422348K(917568K), 0.0036180 secs] [Times: user=0.02 sys=0.00, real=0.01 secs] 
2014-07-09T01:34:39.467+0000: 2902.929: [GC [PSYoungGen: 230536K->594K(224960K)] 652044K->422174K(911936K), 0.0105550 secs] [Times: user=0.06 sys=0.00, real=0.01 secs] 
2014-07-09T01:34:40.270+0000: 2903.732: [GC [PSYoungGen: 224914K->868K(220032K)] 646494K->422480K(907008K), 0.0089780 secs] [Times: user=0.03 sys=0.00, real=0.01 secs] 
2014-07-09T01:34:41.042+0000: 2904.504: [GC [PSYoungGen: 220004K->498K(214656K)] 641616K->422166K(901632K), 0.0061020 secs] [Times: user=0.02 sys=0.00, real=0.01 secs] 
2014-07-09T01:34:41.816+0000: 2905.278: [GC [PSYoungGen: 214642K->744K(210112K)] 636310K->422468K(897088K), 0.0068910 secs] [Times: user=0.04 sys=0.00, real=0.00 secs] 
2014-07-09T01:34:42.558+0000: 2906.020: [GC [PSYoungGen: 210088K->708K(205440K)] 631812K->422496K(892416K), 0.0040350 secs] [Times: user=0.02 sys=0.00, real=0.00 secs] 
2014-07-09T01:34:43.280+0000: 2906.742: [GC [PSYoungGen: 205367K->580K(200832K)] 627155K->422416K(887808K), 0.0040360 secs] [Times: user=0.01 sys=0.01, real=0.01 secs] 
2014-07-09T01:34:43.975+0000: 2907.437: [GC [PSYoungGen: 200772K->890K(196736K)] 622608K->422822K(883712K), 0.0105920 secs] [Times: user=0.06 sys=0.00, real=0.01 secs] 
2014-07-09T01:34:44.667+0000: 2908.129: [GC [PSYoungGen: 196730K->548K(192192K)] 618662K->422536K(879168K), 0.0084910 secs] [Times: user=0.06 sys=0.00, real=0.01 secs] 
2014-07-09T01:34:45.337+0000: 2908.799: [GC [PSYoungGen: 192164K->768K(230784K)] 614152K->422812K(917760K), 0.0075550 secs] [Times: user=0.03 sys=0.00, real=0.01 secs] 
2014-07-09T01:34:46.158+0000: 2909.621: [GC [PSYoungGen: 230720K->1128K(225728K)] 652764K->423252K(912704K), 0.0052890 secs] [Times: user=0.02 sys=0.01, real=0.01 secs] 
2014-07-09T01:34:46.946+0000: 2910.408: [GC [PSYoungGen: 225704K->370K(219776K)] 647828K->422704K(906752K), 0.0065300 secs] [Times: user=0.05 sys=0.00, real=0.00 secs] 
2014-07-09T01:34:47.725+0000: 2911.187: [GC [PSYoungGen: 219762K->626K(215040K)] 642096K->423008K(902016K), 0.0096230 secs] [Times: user=0.05 sys=0.00, real=0.01 secs] 
2014-07-09T01:34:48.487+0000: 2911.949: [GC [PSYoungGen: 215026K->658K(210240K)] 637408K->423120K(897216K), 0.0071670 secs] [Times: user=0.05 sys=0.01, real=0.01 secs] 
2014-07-09T01:34:49.231+0000: 2912.693: [GC [PSYoungGen: 210181K->1011K(205888K)] 632643K->423545K(892864K), 0.0067370 secs] [Times: user=0.05 sys=0.00, real=0.01 secs] 
2014-07-09T01:34:49.964+0000: 2913.427: [GC [PSYoungGen: 205865K->747K(201152K)] 628399K->423369K(888128K), 0.0083540 secs] [Times: user=0.05 sys=0.00, real=0.00 secs] 
2014-07-09T01:34:50.656+0000: 2914.119: [GC [PSYoungGen: 201129K->730K(196800K)] 623752K->423408K(883776K), 0.0068340 secs] [Times: user=0.05 sys=0.00, real=0.00 secs] 
2014-07-09T01:34:51.361+0000: 2914.823: [GC [PSYoungGen: 196753K->872K(192704K)] 619431K->423614K(879680K), 0.0041670 secs] [Times: user=0.02 sys=0.00, real=0.01 secs] 
2014-07-09T01:34:52.046+0000: 2915.508: [GC [PSYoungGen: 192680K->784K(188608K)] 615422K->423566K(875584K), 0.0051280 secs] [Times: user=0.03 sys=0.00, real=0.00 secs] 
2014-07-09T01:34:52.719+0000: 2916.182: [GC [PSYoungGen: 188560K->744K(184640K)] 611342K->423672K(871616K), 0.0073060 secs] [Times: user=0.04 sys=0.00, real=0.01 secs] 
2014-07-09T01:34:53.367+0000: 2916.829: [GC [PSYoungGen: 184616K->466K(180608K)] 607544K->423458K(867584K), 0.0035660 secs] [Times: user=0.02 sys=0.00, real=0.00 secs] 
2014-07-09T01:34:54.006+0000: 2917.468: [GC [PSYoungGen: 180549K->872K(177344K)] 603542K->423928K(864320K), 0.0058990 secs] [Times: user=0.04 sys=0.00, real=0.00 secs] 
2014-07-09T01:34:54.652+0000: 2918.114: [GC [PSYoungGen: 177320K->548K(173440K)] 600376K->423644K(860416K), 0.0059500 secs] [Times: user=0.03 sys=0.00, real=0.01 secs] 
2014-07-09T01:34:55.261+0000: 2918.723: [GC [PSYoungGen: 173412K->544K(169984K)] 596508K->423728K(856960K), 0.0036940 secs] [Times: user=0.02 sys=0.00, real=0.00 secs] 
2014-07-09T01:34:55.866+0000: 2919.329: [GC [PSYoungGen: 169952K->626K(166720K)] 593136K->423906K(853696K), 0.0045140 secs] [Times: user=0.03 sys=0.00, real=0.00 secs] 
2014-07-09T01:34:56.451+0000: 2919.913: [GC [PSYoungGen: 166706K->886K(163776K)] 589986K->424238K(850752K), 0.0037600 secs] [Times: user=0.02 sys=0.00, real=0.01 secs] 
2014-07-09T01:34:57.027+0000: 2920.489: [GC [PSYoungGen: 163766K->680K(196160K)] 587118K->424080K(883136K), 0.0227470 secs] [Times: user=0.11 sys=0.00, real=0.02 secs] 
2014-07-09T01:34:57.711+0000: 2921.173: [GC [PSYoungGen: 196136K->740K(235328K)] 619536K->424284K(922304K), 0.0084810 secs] [Times: user=0.06 sys=0.00, real=0.01 secs] 
2014-07-09T01:34:58.539+0000: 2922.001: [GC [PSYoungGen: 235226K->886K(282368K)] 658770K->424470K(969344K), 0.0086480 secs] [Times: user=0.06 sys=0.00, real=0.01 secs] 
2014-07-09T01:34:59.558+0000: 2923.020: [GC [PSYoungGen: 282358K->676K(338496K)] 705942K->424380K(1025472K), 0.0064700 secs] [Times: user=0.04 sys=0.00, real=0.00 secs] 
2014-07-09T01:35:00.758+0000: 2924.220: [GC [PSYoungGen: 338468K->698K(328960K)] 762172K->424466K(1015936K), 0.0058090 secs] [Times: user=0.04 sys=0.01, real=0.00 secs] 
2014-07-09T01:35:01.930+0000: 2925.392: [GC [PSYoungGen: 328954K->648K(319808K)] 752722K->424464K(1006784K), 0.0110360 secs] [Times: user=0.08 sys=0.00, real=0.01 secs] 
2014-07-09T01:35:03.081+0000: 2926.543: [GC [PSYoungGen: 319740K->958K(311296K)] 743556K->424846K(998272K), 0.0060550 secs] [Times: user=0.04 sys=0.01, real=0.01 secs] 
2014-07-09T01:35:04.170+0000: 2927.632: [GC [PSYoungGen: 311291K->552K(302464K)] 735179K->424488K(989440K), 0.0045650 secs] [Times: user=0.02 sys=0.00, real=0.00 secs] 
2014-07-09T01:35:05.228+0000: 2928.691: [GC [PSYoungGen: 302415K->854K(294656K)] 726352K->424854K(981632K), 0.0099120 secs] [Times: user=0.06 sys=0.00, real=0.01 secs] 
2014-07-09T01:35:06.284+0000: 2929.746: [GC [PSYoungGen: 294582K->854K(286848K)] 718582K->424918K(973824K), 0.0052340 secs] [Times: user=0.02 sys=0.00, real=0.01 secs] 
2014-07-09T01:35:07.297+0000: 2930.759: [GC [PSYoungGen: 286806K->498K(278976K)] 710870K->424626K(965952K), 0.0038900 secs] [Times: user=0.03 sys=0.00, real=0.00 secs] 
2014-07-09T01:35:08.280+0000: 2931.743: [GC [PSYoungGen: 278912K->562K(271872K)] 703040K->424778K(958848K), 0.0080660 secs] [Times: user=0.05 sys=0.00, real=0.01 secs] 
2014-07-09T01:35:09.249+0000: 2932.712: [GC [PSYoungGen: 271858K->880K(265280K)] 696074K->425168K(952256K), 0.0070020 secs] [Times: user=0.05 sys=0.00, real=0.00 secs] 
2014-07-09T01:35:10.215+0000: 2933.677: [GC [PSYoungGen: 265264K->780K(258560K)] 689552K->425132K(945536K), 0.0090470 secs] [Times: user=0.05 sys=0.01, real=0.01 secs] 
2014-07-09T01:35:11.111+0000: 2934.574: [GC [PSYoungGen: 258508K->630K(251968K)] 682860K->425054K(938944K), 0.0104800 secs] [Times: user=0.07 sys=0.00, real=0.01 secs] 
2014-07-09T01:35:11.999+0000: 2935.462: [GC [PSYoungGen: 251958K->466K(245696K)] 676382K->424962K(932672K), 0.0073610 secs] [Times: user=0.05 sys=0.00, real=0.00 secs] 
2014-07-09T01:35:12.860+0000: 2936.322: [GC [PSYoungGen: 245650K->918K(240192K)] 670146K->425478K(927168K), 0.0059850 secs] [Times: user=0.04 sys=0.00, real=0.00 secs] 
2014-07-09T01:35:13.715+0000: 2937.177: [GC [PSYoungGen: 240136K->612K(234176K)] 664696K->425228K(921152K), 0.0080460 secs] [Times: user=0.05 sys=0.00, real=0.01 secs] 
2014-07-09T01:35:14.560+0000: 2938.022: [GC [PSYoungGen: 234148K->1130K(281408K)] 658764K->425884K(968384K), 0.0167110 secs] [Times: user=0.10 sys=0.00, real=0.01 secs] 
2014-07-09T01:35:15.540+0000: 2939.002: [GC [PSYoungGen: 281386K->548K(336896K)] 706140K->425374K(1023872K), 0.0187590 secs] [Times: user=0.10 sys=0.00, real=0.02 secs] 
2014-07-09T01:35:16.747+0000: 2940.210: [GC [PSYoungGen: 336868K->732K(386560K)] 761694K->425614K(1073536K), 0.0089510 secs] [Times: user=0.06 sys=0.00, real=0.01 secs] 
2014-07-09T01:35:18.119+0000: 2941.581: [GC [PSYoungGen: 386012K->794K(374592K)] 810894K->425764K(1061568K), 0.0042350 secs] [Times: user=0.02 sys=0.00, real=0.00 secs] 
2014-07-09T01:35:19.458+0000: 2942.921: [GC [PSYoungGen: 374554K->630K(363392K)] 799524K->425648K(1050368K), 0.0102010 secs] [Times: user=0.05 sys=0.00, real=0.01 secs] 
2014-07-09T01:35:20.728+0000: 2944.190: [GC [PSYoungGen: 363340K->594K(352832K)] 788359K->425684K(1039808K), 0.0073730 secs] [Times: user=0.05 sys=0.00, real=0.01 secs] 
2014-07-09T01:35:21.975+0000: 2945.438: [GC [PSYoungGen: 352786K->616K(342720K)] 777876K->425770K(1029696K), 0.0050720 secs] [Times: user=0.02 sys=0.00, real=0.01 secs] 
2014-07-09T01:35:23.183+0000: 2946.645: [GC [PSYoungGen: 342696K->694K(333056K)] 767850K->425928K(1020032K), 0.0059270 secs] [Times: user=0.04 sys=0.00, real=0.01 secs] 
2014-07-09T01:35:24.358+0000: 2947.820: [GC [PSYoungGen: 333046K->698K(323712K)] 758280K->425980K(1010688K), 0.0080760 secs] [Times: user=0.04 sys=0.00, real=0.01 secs] 
2014-07-09T01:35:25.515+0000: 2948.977: [GC [PSYoungGen: 323706K->812K(314880K)] 748988K->426150K(1001856K), 0.0046000 secs] [Times: user=0.02 sys=0.00, real=0.01 secs] 
2014-07-09T01:35:26.643+0000: 2950.105: [GC [PSYoungGen: 314860K->1008K(306496K)] 740198K->426434K(993472K), 0.0039000 secs] [Times: user=0.02 sys=0.01, real=0.00 secs] 
2014-07-09T01:35:27.735+0000: 2951.197: [GC [PSYoungGen: 306453K->378K(297600K)] 731879K->426126K(984576K), 0.0089870 secs] [Times: user=0.05 sys=0.00, real=0.01 secs] 
2014-07-09T01:35:28.787+0000: 2952.249: [GC [PSYoungGen: 297594K->1146K(290432K)] 723342K->427000K(977408K), 0.0078610 secs] [Times: user=0.05 sys=0.00, real=0.01 secs] 
2014-07-09T01:35:29.828+0000: 2953.290: [GC [PSYoungGen: 290426K->808K(282496K)] 716280K->427038K(969472K), 0.0102850 secs] [Times: user=0.07 sys=0.00, real=0.01 secs] 
2014-07-09T01:35:30.822+0000: 2954.285: [GC [PSYoungGen: 282472K->1014K(275392K)] 708702K->427301K(962368K), 0.0080890 secs] [Times: user=0.06 sys=0.00, real=0.01 secs] 
2014-07-09T01:35:31.784+0000: 2955.246: [GC [PSYoungGen: 275365K->698K(268032K)] 701651K->427114K(955008K), 0.0039230 secs] [Times: user=0.02 sys=0.00, real=0.00 secs] 
2014-07-09T01:35:32.743+0000: 2956.205: [GC [PSYoungGen: 268026K->907K(261504K)] 694442K->427371K(948480K), 0.0061760 secs] [Times: user=0.02 sys=0.00, real=0.00 secs] 
2014-07-09T01:35:33.677+0000: 2957.139: [GC [PSYoungGen: 261429K->908K(254976K)] 687894K->427460K(941952K), 0.0115020 secs] [Times: user=0.06 sys=0.00, real=0.01 secs] 
2014-07-09T01:35:34.596+0000: 2958.058: [GC [PSYoungGen: 254924K->544K(248320K)] 681476K->427168K(935296K), 0.0108250 secs] [Times: user=0.07 sys=0.00, real=0.01 secs] 
2014-07-09T01:35:35.459+0000: 2958.921: [GC [PSYoungGen: 248288K->974K(242752K)] 674912K->427655K(929728K), 0.0066150 secs] [Times: user=0.04 sys=0.00, real=0.01 secs] 
2014-07-09T01:35:36.318+0000: 2959.780: [GC [PSYoungGen: 242678K->548K(236480K)] 669358K->427284K(923456K), 0.0091080 secs] [Times: user=0.04 sys=0.00, real=0.01 secs] 
2014-07-09T01:35:37.156+0000: 2960.618: [GC [PSYoungGen: 236418K->1122K(231424K)] 663154K->427914K(918400K), 0.0041690 secs] [Times: user=0.02 sys=0.00, real=0.00 secs] 
2014-07-09T01:35:37.977+0000: 2961.440: [GC [PSYoungGen: 231394K->832K(225792K)] 658186K->427704K(912768K), 0.0092630 secs] [Times: user=0.06 sys=0.00, real=0.01 secs] 
2014-07-09T01:35:38.770+0000: 2962.233: [GC [PSYoungGen: 225728K->822K(220544K)] 652600K->428104K(907520K), 0.0054340 secs] [Times: user=0.02 sys=0.00, real=0.01 secs] 
2014-07-09T01:35:39.552+0000: 2963.014: [GC [PSYoungGen: 220534K->997K(215744K)] 647816K->428335K(902720K), 0.0088480 secs] [Times: user=0.04 sys=0.00, real=0.00 secs] 
2014-07-09T01:35:40.318+0000: 2963.780: [GC [PSYoungGen: 215676K->783K(210688K)] 643014K->428259K(897664K), 0.0040520 secs] [Times: user=0.02 sys=0.01, real=0.00 secs] 
2014-07-09T01:35:41.073+0000: 2964.535: [GC [PSYoungGen: 210639K->708K(205952K)] 638115K->428280K(892928K), 0.0087170 secs] [Times: user=0.06 sys=0.00, real=0.00 secs] 
2014-07-09T01:35:41.804+0000: 2965.267: [GC [PSYoungGen: 205892K->936K(247232K)] 633464K->428549K(934208K), 0.0152130 secs] [Times: user=0.07 sys=0.00, real=0.01 secs] 
2014-07-09T01:35:42.692+0000: 2966.155: [GC [PSYoungGen: 247178K->658K(296256K)] 674791K->428326K(983232K), 0.0051670 secs] [Times: user=0.03 sys=0.00, real=0.00 secs] 
2014-07-09T01:35:43.735+0000: 2967.198: [GC [PSYoungGen: 296210K->972K(288704K)] 723878K->428720K(975680K), 0.0058540 secs] [Times: user=0.02 sys=0.00, real=0.00 secs] 
2014-07-09T01:35:44.750+0000: 2968.213: [GC [PSYoungGen: 288652K->762K(280896K)] 716400K->428574K(967872K), 0.0069360 secs] [Times: user=0.05 sys=0.00, real=0.01 secs] 
2014-07-09T01:35:45.731+0000: 2969.193: [GC [PSYoungGen: 280886K->904K(273856K)] 708699K->428773K(960832K), 0.0037270 secs] [Times: user=0.03 sys=0.00, real=0.01 secs] 
2014-07-09T01:35:46.696+0000: 2970.158: [GC [PSYoungGen: 273800K->1102K(267072K)] 701669K->429059K(954048K), 0.0044930 secs] [Times: user=0.02 sys=0.00, real=0.00 secs] 
2014-07-09T01:35:47.633+0000: 2971.095: [GC [PSYoungGen: 267022K->512K(259712K)] 694979K->428572K(946688K), 0.0124680 secs] [Times: user=0.06 sys=0.00, real=0.01 secs] 
2014-07-09T01:35:48.558+0000: 2972.020: [GC [PSYoungGen: 259712K->786K(253568K)] 687772K->428886K(940544K), 0.0084000 secs] [Times: user=0.03 sys=0.01, real=0.01 secs] 
2014-07-09T01:35:49.457+0000: 2972.919: [GC [PSYoungGen: 253522K->534K(247104K)] 681622K->428756K(934080K), 0.0080050 secs] [Times: user=0.06 sys=0.00, real=0.01 secs] 
2014-07-09T01:35:50.334+0000: 2973.797: [GC [PSYoungGen: 247060K->676K(241216K)] 675283K->428962K(928192K), 0.0041100 secs] [Times: user=0.02 sys=0.00, real=0.00 secs] 
2014-07-09T01:35:51.195+0000: 2974.657: [GC [PSYoungGen: 241188K->1083K(235840K)] 669474K->429442K(922816K), 0.0064920 secs] [Times: user=0.04 sys=0.01, real=0.00 secs] 
2014-07-09T01:35:52.021+0000: 2975.483: [GC [PSYoungGen: 235835K->608K(229824K)] 664194K->429062K(916800K), 0.0114240 secs] [Times: user=0.07 sys=0.01, real=0.01 secs] 
2014-07-09T01:35:52.822+0000: 2976.284: [GC [PSYoungGen: 229792K->765K(224576K)] 658246K->429267K(911552K), 0.0077100 secs] [Times: user=0.05 sys=0.00, real=0.01 secs] 
2014-07-09T01:35:53.621+0000: 2977.084: [GC [PSYoungGen: 224573K->726K(219392K)] 653075K->429300K(906368K), 0.0051940 secs] [Times: user=0.02 sys=0.00, real=0.01 secs] 
2014-07-09T01:35:54.392+0000: 2977.855: [GC [PSYoungGen: 219335K->612K(214272K)] 647910K->429266K(901248K), 0.0072900 secs] [Times: user=0.05 sys=0.00, real=0.01 secs] 
2014-07-09T01:35:55.170+0000: 2978.632: [GC [PSYoungGen: 214244K->1206K(210048K)] 642898K->429941K(897024K), 0.0044830 secs] [Times: user=0.03 sys=0.00, real=0.01 secs] 
2014-07-09T01:35:55.886+0000: 2979.348: [GC [PSYoungGen: 210038K->744K(204928K)] 638773K->429542K(891904K), 0.0055790 secs] [Times: user=0.02 sys=0.01, real=0.00 secs] 
2014-07-09T01:35:56.613+0000: 2980.075: [GC [PSYoungGen: 204904K->818K(200512K)] 633702K->429704K(887488K), 0.0072580 secs] [Times: user=0.04 sys=0.00, real=0.01 secs] 
2014-07-09T01:35:57.331+0000: 2980.793: [GC [PSYoungGen: 200498K->740K(240384K)] 629384K->429748K(927360K), 0.0113180 secs] [Times: user=0.07 sys=0.00, real=0.01 secs] 
2014-07-09T01:35:58.186+0000: 2981.648: [GC [PSYoungGen: 240356K->516K(288128K)] 669364K->429588K(975104K), 0.0103050 secs] [Times: user=0.08 sys=0.00, real=0.01 secs] 
2014-07-09T01:35:59.212+0000: 2982.675: [GC [PSYoungGen: 288054K->880K(345984K)] 717127K->430016K(1032960K), 0.0107610 secs] [Times: user=0.07 sys=0.00, real=0.01 secs] 
2014-07-09T01:36:00.449+0000: 2983.911: [GC [PSYoungGen: 345968K->680K(335936K)] 775104K->429880K(1022912K), 0.0047580 secs] [Times: user=0.03 sys=0.00, real=0.00 secs] 
2014-07-09T01:36:01.618+0000: 2985.080: [GC [PSYoungGen: 335905K->847K(326656K)] 765105K->430203K(1013632K), 0.0109470 secs] [Times: user=0.07 sys=0.00, real=0.01 secs] 
2014-07-09T01:36:02.787+0000: 2986.249: [GC [PSYoungGen: 326600K->982K(317696K)] 755957K->430418K(1004672K), 0.0086300 secs] [Times: user=0.06 sys=0.00, real=0.01 secs] 
2014-07-09T01:36:03.912+0000: 2987.374: [GC [PSYoungGen: 317654K->569K(308544K)] 747090K->430234K(995520K), 0.0113310 secs] [Times: user=0.07 sys=0.00, real=0.01 secs] 
2014-07-09T01:36:05.008+0000: 2988.471: [GC [PSYoungGen: 308537K->1058K(300736K)] 738202K->430811K(987712K), 0.0058890 secs] [Times: user=0.03 sys=0.00, real=0.00 secs] 
2014-07-09T01:36:06.079+0000: 2989.541: [GC [PSYoungGen: 300706K->680K(292352K)] 730459K->430489K(979328K), 0.0131210 secs] [Times: user=0.09 sys=0.00, real=0.01 secs] 
2014-07-09T01:36:07.121+0000: 2990.584: [GC [PSYoungGen: 292328K->1136K(285120K)] 722137K->431049K(972096K), 0.0042200 secs] [Times: user=0.02 sys=0.00, real=0.00 secs] 
2014-07-09T01:36:08.123+0000: 2991.585: [GC [PSYoungGen: 285104K->616K(277184K)] 715017K->430593K(964160K), 0.0108870 secs] [Times: user=0.08 sys=0.00, real=0.01 secs] 
2014-07-09T01:36:09.118+0000: 2992.580: [GC [PSYoungGen: 277159K->1096K(270592K)] 707136K->431169K(957568K), 0.0062430 secs] [Times: user=0.04 sys=0.00, real=0.00 secs] 
2014-07-09T01:36:10.065+0000: 2993.527: [GC [PSYoungGen: 270536K->822K(263424K)] 700609K->431164K(950400K), 0.0065370 secs] [Times: user=0.03 sys=0.01, real=0.01 secs] 
2014-07-09T01:36:11.007+0000: 2994.470: [GC [PSYoungGen: 263414K->1001K(257024K)] 693756K->431398K(944000K), 0.0047140 secs] [Times: user=0.02 sys=0.00, real=0.00 secs] 
2014-07-09T01:36:11.918+0000: 2995.380: [GC [PSYoungGen: 257001K->1008K(250688K)] 687398K->431501K(937664K), 0.0062900 secs] [Times: user=0.03 sys=0.01, real=0.00 secs] 
2014-07-09T01:36:12.811+0000: 2996.273: [GC [PSYoungGen: 250672K->766K(244352K)] 681165K->431291K(931328K), 0.0064380 secs] [Times: user=0.03 sys=0.00, real=0.01 secs] 
2014-07-09T01:36:13.686+0000: 2997.148: [GC [PSYoungGen: 244350K->672K(238400K)] 674875K->431277K(925376K), 0.0052850 secs] [Times: user=0.02 sys=0.00, real=0.01 secs] 
2014-07-09T01:36:14.526+0000: 2997.988: [GC [PSYoungGen: 238367K->698K(232704K)] 668972K->431335K(919680K), 0.0053620 secs] [Times: user=0.03 sys=0.00, real=0.01 secs] 
2014-07-09T01:36:15.351+0000: 2998.813: [GC [PSYoungGen: 232698K->648K(227264K)] 663335K->431325K(914240K), 0.0044500 secs] [Times: user=0.02 sys=0.00, real=0.00 secs] 
2014-07-09T01:36:16.160+0000: 2999.622: [GC [PSYoungGen: 227208K->976K(222336K)] 657885K->431717K(909312K), 0.0059700 secs] [Times: user=0.03 sys=0.00, real=0.00 secs] 
2014-07-09T01:36:16.939+0000: 3000.401: [GC [PSYoungGen: 222284K->780K(217088K)] 653025K->431585K(904064K), 0.0085940 secs] [Times: user=0.05 sys=0.00, real=0.01 secs] 
2014-07-09T01:36:17.713+0000: 3001.175: [GC [PSYoungGen: 217036K->840K(212224K)] 647841K->431701K(899200K), 0.0067970 secs] [Times: user=0.05 sys=0.00, real=0.01 secs] 
2014-07-09T01:36:18.451+0000: 3001.914: [GC [PSYoungGen: 212149K->886K(207488K)] 643010K->432042K(894464K), 0.0053090 secs] [Times: user=0.02 sys=0.01, real=0.00 secs] 
2014-07-09T01:36:19.207+0000: 3002.670: [GC [PSYoungGen: 207457K->976K(203072K)] 638613K->432204K(890048K), 0.0058290 secs] [Times: user=0.03 sys=0.00, real=0.01 secs] 
2014-07-09T01:36:19.911+0000: 3003.373: [GC [PSYoungGen: 203008K->662K(198336K)] 634236K->431954K(885312K), 0.0060680 secs] [Times: user=0.03 sys=0.00, real=0.00 secs] 
2014-07-09T01:36:20.600+0000: 3004.062: [GC [PSYoungGen: 198294K->836K(194240K)] 629586K->432160K(881216K), 0.0045670 secs] [Times: user=0.02 sys=0.01, real=0.00 secs] 
2014-07-09T01:36:21.289+0000: 3004.751: [GC [PSYoungGen: 194172K->730K(190016K)] 625496K->432142K(876992K), 0.0052060 secs] [Times: user=0.03 sys=0.00, real=0.00 secs] 
2014-07-09T01:36:21.977+0000: 3005.440: [GC [PSYoungGen: 189978K->580K(185920K)] 621390K->432064K(872896K), 0.0087850 secs] [Times: user=0.05 sys=0.01, real=0.01 secs] 
2014-07-09T01:36:22.635+0000: 3006.097: [GC [PSYoungGen: 185860K->850K(182336K)] 617344K->432398K(869312K), 0.0040640 secs] [Times: user=0.03 sys=0.00, real=0.01 secs] 
2014-07-09T01:36:23.270+0000: 3006.732: [GC [PSYoungGen: 182290K->894K(178624K)] 613838K->432522K(865600K), 0.0084950 secs] [Times: user=0.06 sys=0.00, real=0.01 secs] 
2014-07-09T01:36:23.917+0000: 3007.380: [GC [PSYoungGen: 178622K->782K(174976K)] 610250K->432498K(861952K), 0.0033770 secs] [Times: user=0.02 sys=0.01, real=0.01 secs] 
2014-07-09T01:36:24.553+0000: 3008.015: [GC [PSYoungGen: 174926K->958K(171648K)] 606642K->432738K(858624K), 0.0094950 secs] [Times: user=0.06 sys=0.00, real=0.01 secs] 
2014-07-09T01:36:25.155+0000: 3008.617: [GC [PSYoungGen: 171615K->686K(205568K)] 603395K->432646K(892544K), 0.0067920 secs] [Times: user=0.03 sys=0.00, real=0.01 secs] 
2014-07-09T01:36:25.878+0000: 3009.340: [GC [PSYoungGen: 205550K->968K(246912K)] 637510K->433016K(933888K), 0.0078940 secs] [Times: user=0.04 sys=0.00, real=0.01 secs] 
2014-07-09T01:36:26.766+0000: 3010.228: [GC [PSYoungGen: 246847K->737K(295872K)] 678895K->432833K(982848K), 0.0149540 secs] [Times: user=0.10 sys=0.00, real=0.02 secs] 
2014-07-09T01:36:27.822+0000: 3011.284: [GC [PSYoungGen: 295841K->798K(355008K)] 727937K->432958K(1041984K), 0.0066500 secs] [Times: user=0.04 sys=0.00, real=0.00 secs] 
2014-07-09T01:36:29.085+0000: 3012.547: [GC [PSYoungGen: 354974K->844K(344832K)] 787134K->433158K(1031808K), 0.0081680 secs] [Times: user=0.04 sys=0.00, real=0.01 secs] 
2014-07-09T01:36:30.308+0000: 3013.770: [GC [PSYoungGen: 344780K->908K(335104K)] 777094K->433310K(1022080K), 0.0052170 secs] [Times: user=0.03 sys=0.01, real=0.01 secs] 
2014-07-09T01:36:31.485+0000: 3014.948: [GC [PSYoungGen: 335050K->505K(325248K)] 767452K->433342K(1012224K), 0.0045880 secs] [Times: user=0.02 sys=0.00, real=0.01 secs] 
2014-07-09T01:36:32.643+0000: 3016.105: [GC [PSYoungGen: 325241K->1120K(316864K)] 758078K->434234K(1003840K), 0.0155180 secs] [Times: user=0.10 sys=0.00, real=0.01 secs] 
2014-07-09T01:36:33.763+0000: 3017.226: [GC [PSYoungGen: 316832K->680K(307776K)] 749946K->433963K(994752K), 0.0063610 secs] [Times: user=0.02 sys=0.00, real=0.00 secs] 
2014-07-09T01:36:34.877+0000: 3018.340: [GC [PSYoungGen: 307730K->957K(299712K)] 741013K->434281K(986688K), 0.0052430 secs] [Times: user=0.02 sys=0.00, real=0.01 secs] 
2014-07-09T01:36:35.934+0000: 3019.396: [GC [PSYoungGen: 299709K->776K(291584K)] 733033K->434155K(978560K), 0.0101840 secs] [Times: user=0.07 sys=0.00, real=0.01 secs] 
2014-07-09T01:36:36.953+0000: 3020.415: [GC [PSYoungGen: 291526K->936K(284032K)] 724906K->434396K(971008K), 0.0073530 secs] [Times: user=0.04 sys=0.00, real=0.01 secs] 
2014-07-09T01:36:37.968+0000: 3021.430: [GC [PSYoungGen: 284008K->676K(276416K)] 717468K->434199K(963392K), 0.0067330 secs] [Times: user=0.04 sys=0.00, real=0.01 secs] 
2014-07-09T01:36:38.953+0000: 3022.415: [GC [PSYoungGen: 276388K->840K(269504K)] 709911K->434435K(956480K), 0.0037610 secs] [Times: user=0.02 sys=0.00, real=0.00 secs] 
2014-07-09T01:36:39.914+0000: 3023.376: [GC [PSYoungGen: 269448K->776K(262592K)] 703043K->434459K(949568K), 0.0127250 secs] [Times: user=0.09 sys=0.01, real=0.01 secs] 
2014-07-09T01:36:40.858+0000: 3024.320: [GC [PSYoungGen: 262504K->808K(256000K)] 696188K->434563K(942976K), 0.0087290 secs] [Times: user=0.05 sys=0.00, real=0.01 secs] 
2014-07-09T01:36:41.756+0000: 3025.218: [GC [PSYoungGen: 255976K->680K(249536K)] 689731K->434483K(936512K), 0.0134660 secs] [Times: user=0.08 sys=0.00, real=0.01 secs] 
2014-07-09T01:36:42.629+0000: 3026.092: [GC [PSYoungGen: 249512K->626K(243392K)] 683315K->434509K(930368K), 0.0049120 secs] [Times: user=0.03 sys=0.00, real=0.01 secs] 
2014-07-09T01:36:43.503+0000: 3026.965: [GC [PSYoungGen: 243349K->943K(237888K)] 677233K->434931K(924864K), 0.0103530 secs] [Times: user=0.07 sys=0.00, real=0.01 secs] 
2014-07-09T01:36:44.342+0000: 3027.804: [GC [PSYoungGen: 237871K->1197K(232512K)] 671859K->435323K(919488K), 0.0079700 secs] [Times: user=0.05 sys=0.00, real=0.00 secs] 
2014-07-09T01:36:45.152+0000: 3028.614: [GC [PSYoungGen: 232493K->320K(277888K)] 666619K->434687K(964864K), 0.0110120 secs] [Times: user=0.08 sys=0.00, real=0.01 secs] 
2014-07-09T01:36:46.135+0000: 3029.597: [GC [PSYoungGen: 277888K->922K(334080K)] 712255K->435362K(1021056K), 0.0116880 secs] [Times: user=0.08 sys=0.00, real=0.01 secs] 
2014-07-09T01:36:47.335+0000: 3030.798: [GC [PSYoungGen: 334042K->626K(362688K)] 768482K->435211K(1049664K), 0.0142000 secs] [Times: user=0.09 sys=0.00, real=0.01 secs] 
2014-07-09T01:36:48.612+0000: 3032.074: [GC [PSYoungGen: 362034K->726K(351680K)] 796619K->435384K(1038656K), 0.0058990 secs] [Times: user=0.04 sys=0.00, real=0.01 secs] 
2014-07-09T01:36:49.855+0000: 3033.317: [GC [PSYoungGen: 351580K->548K(341376K)] 786238K->435453K(1028352K), 0.0039580 secs] [Times: user=0.01 sys=0.00, real=0.00 secs] 
2014-07-09T01:36:51.060+0000: 3034.522: [GC [PSYoungGen: 341348K->708K(331904K)] 776253K->435677K(1018880K), 0.0081930 secs] [Times: user=0.06 sys=0.01, real=0.01 secs] 
2014-07-09T01:36:52.242+0000: 3035.705: [GC [PSYoungGen: 331844K->1120K(323008K)] 766813K->436227K(1009984K), 0.0039230 secs] [Times: user=0.02 sys=0.00, real=0.01 secs] 
2014-07-09T01:36:53.392+0000: 3036.854: [GC [PSYoungGen: 322946K->530K(313536K)] 758053K->435693K(1000512K), 0.0138670 secs] [Times: user=0.10 sys=0.00, real=0.02 secs] 
2014-07-09T01:36:54.495+0000: 3037.957: [GC [PSYoungGen: 313490K->889K(305280K)] 748653K->436251K(992256K), 0.0176280 secs] [Times: user=0.12 sys=0.00, real=0.01 secs] 
2014-07-09T01:36:55.566+0000: 3039.029: [GC [PSYoungGen: 305273K->1178K(359808K)] 740635K->436628K(1046784K), 0.0119370 secs] [Times: user=0.07 sys=0.00, real=0.01 secs] 
2014-07-09T01:36:56.854+0000: 3040.316: [GC [PSYoungGen: 359609K->989K(349120K)] 795059K->436511K(1036096K), 0.0034270 secs] [Times: user=0.02 sys=0.01, real=0.00 secs] 
2014-07-09T01:36:58.111+0000: 3041.573: [GC [PSYoungGen: 349085K->548K(338688K)] 784607K->436134K(1025664K), 0.0123620 secs] [Times: user=0.09 sys=0.00, real=0.02 secs] 
2014-07-09T01:36:59.316+0000: 3042.778: [GC [PSYoungGen: 338618K->626K(329216K)] 774204K->436308K(1016192K), 0.0037780 secs] [Times: user=0.02 sys=0.00, real=0.00 secs] 
2014-07-09T01:37:00.476+0000: 3043.939: [GC [PSYoungGen: 329202K->612K(320064K)] 764884K->436390K(1007040K), 0.0053440 secs] [Times: user=0.03 sys=0.00, real=0.00 secs] 
2014-07-09T01:37:01.600+0000: 3045.062: [GC [PSYoungGen: 319992K->776K(311424K)] 755770K->436642K(998400K), 0.0065800 secs] [Times: user=0.04 sys=0.00, real=0.01 secs] 
2014-07-09T01:37:02.715+0000: 3046.177: [GC [PSYoungGen: 311359K->950K(303104K)] 747226K->436904K(990080K), 0.0077180 secs] [Times: user=0.05 sys=0.00, real=0.00 secs] 
2014-07-09T01:37:03.785+0000: 3047.248: [GC [PSYoungGen: 303094K->932K(294976K)] 739048K->436990K(981952K), 0.0180580 secs] [Times: user=0.10 sys=0.00, real=0.01 secs] 
2014-07-09T01:37:04.853+0000: 3048.315: [GC [PSYoungGen: 294948K->676K(286912K)] 731006K->436798K(973888K), 0.0051850 secs] [Times: user=0.03 sys=0.00, real=0.01 secs] 
2014-07-09T01:37:05.878+0000: 3049.340: [GC [PSYoungGen: 286884K->1182K(279936K)] 723006K->437392K(966912K), 0.0093450 secs] [Times: user=0.06 sys=0.00, real=0.01 secs] 
2014-07-09T01:37:06.873+0000: 3050.335: [GC [PSYoungGen: 279902K->846K(272384K)] 716112K->437080K(959360K), 0.0063260 secs] [Times: user=0.02 sys=0.00, real=0.01 secs] 
2014-07-09T01:37:07.830+0000: 3051.293: [GC [PSYoungGen: 272334K->694K(265280K)] 708568K->436992K(952256K), 0.0039440 secs] [Times: user=0.02 sys=0.00, real=0.00 secs] 
2014-07-09T01:37:08.788+0000: 3052.250: [GC [PSYoungGen: 265270K->962K(258944K)] 701568K->437332K(945920K), 0.0080230 secs] [Times: user=0.05 sys=0.01, real=0.01 secs] 
2014-07-09T01:37:09.718+0000: 3053.180: [GC [PSYoungGen: 258881K->844K(252416K)] 695251K->437278K(939392K), 0.0067610 secs] [Times: user=0.05 sys=0.00, real=0.00 secs] 
2014-07-09T01:37:10.602+0000: 3054.064: [GC [PSYoungGen: 252364K->900K(246272K)] 688798K->437406K(933248K), 0.0093710 secs] [Times: user=0.06 sys=0.00, real=0.01 secs] 
2014-07-09T01:37:11.465+0000: 3054.927: [GC [PSYoungGen: 246212K->894K(240256K)] 682718K->437530K(927232K), 0.0060390 secs] [Times: user=0.04 sys=0.01, real=0.00 secs] 
2014-07-09T01:37:12.313+0000: 3055.776: [GC [PSYoungGen: 240218K->790K(234432K)] 676854K->437498K(921408K), 0.0070220 secs] [Times: user=0.05 sys=0.00, real=0.01 secs] 
2014-07-09T01:37:13.131+0000: 3056.593: [GC [PSYoungGen: 234390K->740K(228864K)] 671098K->437528K(915840K), 0.0041510 secs] [Times: user=0.01 sys=0.00, real=0.00 secs] 
2014-07-09T01:37:13.936+0000: 3057.399: [GC [PSYoungGen: 228836K->950K(223744K)] 665624K->437810K(910720K), 0.0102040 secs] [Times: user=0.06 sys=0.01, real=0.01 secs] 
2014-07-09T01:37:14.731+0000: 3058.193: [GC [PSYoungGen: 223688K->758K(218432K)] 660548K->437740K(905408K), 0.0045490 secs] [Times: user=0.02 sys=0.01, real=0.00 secs] 
2014-07-09T01:37:15.499+0000: 3058.962: [GC [PSYoungGen: 218422K->640K(213376K)] 655404K->437726K(900352K), 0.0103750 secs] [Times: user=0.07 sys=0.00, real=0.01 secs] 
2014-07-09T01:37:16.262+0000: 3059.724: [GC [PSYoungGen: 213362K->594K(208576K)] 650448K->437760K(895552K), 0.0048500 secs] [Times: user=0.02 sys=0.00, real=0.01 secs] 
2014-07-09T01:37:16.996+0000: 3060.458: [GC [PSYoungGen: 208530K->944K(204288K)] 645696K->438190K(891264K), 0.0100440 secs] [Times: user=0.07 sys=0.00, real=0.02 secs] 
2014-07-09T01:37:17.723+0000: 3061.185: [GC [PSYoungGen: 204272K->662K(244736K)] 641518K->437956K(931712K), 0.0097770 secs] [Times: user=0.06 sys=0.00, real=0.01 secs] 
2014-07-09T01:37:18.599+0000: 3062.061: [GC [PSYoungGen: 244663K->730K(238912K)] 681957K->438072K(925888K), 0.0036020 secs] [Times: user=0.02 sys=0.00, real=0.00 secs] 
2014-07-09T01:37:19.452+0000: 3062.914: [GC [PSYoungGen: 238864K->730K(286592K)] 676206K->438152K(973568K), 0.0132640 secs] [Times: user=0.09 sys=0.01, real=0.01 secs] 
2014-07-09T01:37:20.468+0000: 3063.930: [GC [PSYoungGen: 286554K->940K(279296K)] 723976K->438442K(966272K), 0.0081620 secs] [Times: user=0.05 sys=0.00, real=0.00 secs] 
2014-07-09T01:37:21.452+0000: 3064.915: [GC [PSYoungGen: 279236K->626K(334656K)] 716739K->438306K(1021632K), 0.0109560 secs] [Times: user=0.08 sys=0.00, real=0.01 secs] 
2014-07-09T01:37:22.649+0000: 3066.112: [GC [PSYoungGen: 334642K->712K(325376K)] 772322K->438506K(1012352K), 0.0088760 secs] [Times: user=0.06 sys=0.00, real=0.01 secs] 
2014-07-09T01:37:23.822+0000: 3067.285: [GC [PSYoungGen: 325317K->944K(316544K)] 763112K->439096K(1003520K), 0.0107080 secs] [Times: user=0.07 sys=0.00, real=0.01 secs] 
2014-07-09T01:37:24.936+0000: 3068.398: [GC [PSYoungGen: 316484K->1044K(308032K)] 754637K->439276K(995008K), 0.0045240 secs] [Times: user=0.02 sys=0.01, real=0.01 secs] 
2014-07-09T01:37:26.044+0000: 3069.506: [GC [PSYoungGen: 307939K->566K(299200K)] 746172K->439076K(986176K), 0.0093700 secs] [Times: user=0.06 sys=0.00, real=0.01 secs] 
2014-07-09T01:37:27.120+0000: 3070.582: [GC [PSYoungGen: 299165K->976K(291648K)] 737676K->439550K(978624K), 0.0096430 secs] [Times: user=0.07 sys=0.00, real=0.01 secs] 
2014-07-09T01:37:28.150+0000: 3071.612: [GC [PSYoungGen: 291600K->512K(283456K)] 730174K->439174K(970432K), 0.0066070 secs] [Times: user=0.03 sys=0.01, real=0.00 secs] 
2014-07-09T01:37:29.151+0000: 3072.613: [GC [PSYoungGen: 283437K->843K(276480K)] 722099K->439577K(963456K), 0.0063550 secs] [Times: user=0.04 sys=0.00, real=0.00 secs] 
2014-07-09T01:37:30.138+0000: 3073.600: [GC [PSYoungGen: 276394K->930K(269440K)] 715129K->439744K(956416K), 0.0090650 secs] [Times: user=0.07 sys=0.00, real=0.01 secs] 
2014-07-09T01:37:31.100+0000: 3074.562: [GC [PSYoungGen: 269410K->1228K(262912K)] 708224K->440139K(949888K), 0.0076490 secs] [Times: user=0.05 sys=0.00, real=0.01 secs] 
2014-07-09T01:37:32.043+0000: 3075.505: [GC [PSYoungGen: 262822K->356K(314368K)] 701732K->439640K(1001344K), 0.0180460 secs] [Times: user=0.11 sys=0.00, real=0.02 secs] 
2014-07-09T01:37:33.154+0000: 3076.617: [GC [PSYoungGen: 314312K->1331K(306752K)] 753597K->440679K(993728K), 0.0048230 secs] [Times: user=0.03 sys=0.00, real=0.01 secs] 
2014-07-09T01:37:34.232+0000: 3077.694: [GC [PSYoungGen: 306739K->1000K(298176K)] 746087K->440817K(985152K), 0.0067490 secs] [Times: user=0.04 sys=0.00, real=0.01 secs] 
2014-07-09T01:37:35.297+0000: 3078.759: [GC [PSYoungGen: 298152K->676K(289920K)] 737969K->440596K(976896K), 0.0095020 secs] [Times: user=0.07 sys=0.00, real=0.01 secs] 
2014-07-09T01:37:36.317+0000: 3079.779: [GC [PSYoungGen: 289892K->740K(282368K)] 729812K->440732K(969344K), 0.0067740 secs] [Times: user=0.03 sys=0.00, real=0.01 secs] 
2014-07-09T01:37:37.316+0000: 3080.778: [GC [PSYoungGen: 282340K->758K(275072K)] 722332K->440862K(962048K), 0.0065240 secs] [Times: user=0.04 sys=0.00, real=0.01 secs] 
2014-07-09T01:37:38.291+0000: 3081.753: [GC [PSYoungGen: 275062K->616K(267904K)] 715166K->440785K(954880K), 0.0070810 secs] [Times: user=0.05 sys=0.00, real=0.00 secs] 
2014-07-09T01:37:39.232+0000: 3082.694: [GC [PSYoungGen: 267880K->936K(261440K)] 708049K->441201K(948416K), 0.0110840 secs] [Times: user=0.08 sys=0.00, real=0.01 secs] 
2014-07-09T01:37:40.154+0000: 3083.616: [GC [PSYoungGen: 261386K->858K(254848K)] 701651K->441227K(941824K), 0.0131210 secs] [Times: user=0.08 sys=0.01, real=0.01 secs] 
2014-07-09T01:37:41.058+0000: 3084.520: [GC [PSYoungGen: 254810K->644K(248384K)] 695179K->441084K(935360K), 0.0078340 secs] [Times: user=0.05 sys=0.00, real=0.01 secs] 
2014-07-09T01:37:41.944+0000: 3085.407: [GC [PSYoungGen: 248324K->530K(242240K)] 688764K->441034K(929216K), 0.0059950 secs] [Times: user=0.02 sys=0.00, real=0.01 secs] 
2014-07-09T01:37:42.802+0000: 3086.264: [GC [PSYoungGen: 242194K->686K(236544K)] 682698K->441231K(923520K), 0.0105220 secs] [Times: user=0.06 sys=0.00, real=0.01 secs] 
2014-07-09T01:37:43.637+0000: 3087.100: [GC [PSYoungGen: 236526K->782K(231040K)] 677071K->441391K(918016K), 0.0047660 secs] [Times: user=0.02 sys=0.00, real=0.01 secs] 
2014-07-09T01:37:44.456+0000: 3087.919: [GC [PSYoungGen: 230990K->1064K(225920K)] 671599K->441769K(912896K), 0.0056300 secs] [Times: user=0.03 sys=0.01, real=0.01 secs] 
2014-07-09T01:37:45.259+0000: 3088.721: [GC [PSYoungGen: 225896K->562K(220224K)] 666601K->441370K(907200K), 0.0085970 secs] [Times: user=0.06 sys=0.00, real=0.01 secs] 
2014-07-09T01:37:46.044+0000: 3089.506: [GC [PSYoungGen: 220210K->1044K(215744K)] 661018K->441933K(902720K), 0.0098670 secs] [Times: user=0.06 sys=0.00, real=0.01 secs] 
2014-07-09T01:37:46.814+0000: 3090.276: [GC [PSYoungGen: 215700K->566K(210368K)] 656589K->441553K(897344K), 0.0076370 secs] [Times: user=0.03 sys=0.00, real=0.01 secs] 
2014-07-09T01:37:47.567+0000: 3091.029: [GC [PSYoungGen: 210352K->776K(205952K)] 651339K->441851K(892928K), 0.0069630 secs] [Times: user=0.05 sys=0.01, real=0.01 secs] 
2014-07-09T01:37:48.293+0000: 3091.755: [GC [PSYoungGen: 205896K->530K(246720K)] 646971K->441700K(933696K), 0.0113200 secs] [Times: user=0.08 sys=0.00, real=0.01 secs] 
2014-07-09T01:37:49.160+0000: 3092.622: [GC [PSYoungGen: 246674K->1102K(296576K)] 687844K->442361K(983552K), 0.0067660 secs] [Times: user=0.05 sys=0.00, real=0.01 secs] 
2014-07-09T01:37:50.205+0000: 3093.668: [GC [PSYoungGen: 296526K->672K(288256K)] 737785K->441986K(975232K), 0.0072630 secs] [Times: user=0.03 sys=0.00, real=0.01 secs] 
2014-07-09T01:37:51.230+0000: 3094.692: [GC [PSYoungGen: 288217K->1064K(281088K)] 729532K->442451K(968064K), 0.0083350 secs] [Times: user=0.05 sys=0.00, real=0.01 secs] 
2014-07-09T01:37:52.224+0000: 3095.686: [GC [PSYoungGen: 281064K->530K(273344K)] 722451K->441980K(960320K), 0.0078220 secs] [Times: user=0.05 sys=0.01, real=0.00 secs] 
2014-07-09T01:37:53.201+0000: 3096.663: [GC [PSYoungGen: 273298K->562K(266368K)] 714748K->442076K(953344K), 0.0086090 secs] [Times: user=0.04 sys=0.00, real=0.01 secs] 
2014-07-09T01:37:54.137+0000: 3097.599: [GC [PSYoungGen: 266354K->836K(259968K)] 707868K->442423K(946944K), 0.0054870 secs] [Times: user=0.04 sys=0.00, real=0.01 secs] 
2014-07-09T01:37:55.058+0000: 3098.520: [GC [PSYoungGen: 259865K->662K(253312K)] 701452K->442305K(940288K), 0.0088580 secs] [Times: user=0.06 sys=0.00, real=0.01 secs] 
2014-07-09T01:37:55.960+0000: 3099.422: [GC [PSYoungGen: 253268K->598K(247040K)] 694911K->442289K(934016K), 0.0045880 secs] [Times: user=0.02 sys=0.00, real=0.01 secs] 
2014-07-09T01:37:56.855+0000: 3100.317: [GC [PSYoungGen: 246998K->694K(241088K)] 688689K->442449K(928064K), 0.0092830 secs] [Times: user=0.06 sys=0.00, real=0.01 secs] 
2014-07-09T01:37:57.706+0000: 3101.168: [GC [PSYoungGen: 241078K->744K(235392K)] 682833K->442547K(922368K), 0.0104260 secs] [Times: user=0.07 sys=0.00, real=0.01 secs] 
2014-07-09T01:37:58.542+0000: 3102.004: [GC [PSYoungGen: 235368K->598K(282240K)] 677171K->442441K(969216K), 0.0119700 secs] [Times: user=0.08 sys=0.00, real=0.02 secs] 
2014-07-09T01:37:59.554+0000: 3103.016: [GC [PSYoungGen: 282198K->644K(334784K)] 724041K->442550K(1021760K), 0.0146610 secs] [Times: user=0.11 sys=0.01, real=0.01 secs] 
2014-07-09T01:38:00.759+0000: 3104.222: [GC [PSYoungGen: 334340K->726K(325056K)] 776246K->442705K(1012032K), 0.0043840 secs] [Times: user=0.02 sys=0.00, real=0.01 secs] 
2014-07-09T01:38:01.893+0000: 3105.356: [GC [PSYoungGen: 325012K->420K(315712K)] 766991K->442699K(1002688K), 0.0041130 secs] [Times: user=0.02 sys=0.00, real=0.00 secs] 
2014-07-09T01:38:03.005+0000: 3106.467: [GC [PSYoungGen: 315665K->912K(307584K)] 757944K->443271K(994560K), 0.0092660 secs] [Times: user=0.06 sys=0.01, real=0.01 secs] 
2014-07-09T01:38:04.097+0000: 3107.559: [GC [PSYoungGen: 307490K->754K(299072K)] 749849K->443377K(986048K), 0.0056200 secs] [Times: user=0.03 sys=0.00, real=0.00 secs] 
2014-07-09T01:38:05.168+0000: 3108.630: [GC [PSYoungGen: 299058K->740K(291072K)] 741681K->443451K(978048K), 0.0041860 secs] [Times: user=0.02 sys=0.00, real=0.00 secs] 
2014-07-09T01:38:06.189+0000: 3109.651: [GC [PSYoungGen: 291044K->672K(283328K)] 733755K->443585K(970304K), 0.0075340 secs] [Times: user=0.05 sys=0.00, real=0.01 secs] 
2014-07-09T01:38:07.203+0000: 3110.665: [GC [PSYoungGen: 283296K->630K(275904K)] 726209K->443615K(962880K), 0.0031150 secs] [Times: user=0.02 sys=0.00, real=0.01 secs] 
2014-07-09T01:38:08.180+0000: 3111.642: [GC [PSYoungGen: 275894K->822K(268992K)] 718879K->443887K(955968K), 0.0083960 secs] [Times: user=0.05 sys=0.00, real=0.01 secs] 
2014-07-09T01:38:09.133+0000: 3112.596: [GC [PSYoungGen: 268942K->730K(262144K)] 712008K->443851K(949120K), 0.0038150 secs] [Times: user=0.02 sys=0.00, real=0.01 secs] 
2014-07-09T01:38:10.063+0000: 3113.525: [GC [PSYoungGen: 262082K->616K(255488K)] 705203K->443923K(942464K), 0.0053960 secs] [Times: user=0.03 sys=0.00, real=0.01 secs] 
2014-07-09T01:38:10.968+0000: 3114.431: [GC [PSYoungGen: 255429K->1010K(249600K)] 698736K->444439K(936576K), 0.0077020 secs] [Times: user=0.05 sys=0.00, real=0.01 secs] 
2014-07-09T01:38:11.831+0000: 3115.293: [GC [PSYoungGen: 249549K->444K(242944K)] 692979K->444703K(929920K), 0.0039430 secs] [Times: user=0.02 sys=0.00, real=0.01 secs] 
2014-07-09T01:38:12.684+0000: 3116.146: [GC [PSYoungGen: 242940K->712K(237440K)] 687199K->445019K(924416K), 0.0140450 secs] [Times: user=0.09 sys=0.00, real=0.02 secs] 
2014-07-09T01:38:13.521+0000: 3116.983: [GC [PSYoungGen: 237384K->764K(231808K)] 681691K->445275K(918784K), 0.0124470 secs] [Times: user=0.08 sys=0.00, real=0.01 secs] 
2014-07-09T01:38:14.351+0000: 3117.813: [GC [PSYoungGen: 231804K->548K(277824K)] 676315K->445131K(964800K), 0.0175610 secs] [Times: user=0.13 sys=0.00, real=0.02 secs] 
2014-07-09T01:38:15.319+0000: 3118.781: [GC [PSYoungGen: 277796K->832K(328896K)] 722379K->445488K(1015872K), 0.0067810 secs] [Times: user=0.03 sys=0.00, real=0.01 secs] 
2014-07-09T01:38:16.486+0000: 3119.948: [GC [PSYoungGen: 328576K->800K(319424K)] 773232K->445519K(1006400K), 0.0058660 secs] [Times: user=0.02 sys=0.00, real=0.00 secs] 
2014-07-09T01:38:17.620+0000: 3121.083: [GC [PSYoungGen: 319392K->420K(310272K)] 764111K->445547K(997248K), 0.0071880 secs] [Times: user=0.04 sys=0.00, real=0.01 secs] 
2014-07-09T01:38:18.730+0000: 3122.193: [GC [PSYoungGen: 310206K->966K(302400K)] 755334K->446157K(989376K), 0.0087540 secs] [Times: user=0.06 sys=0.00, real=0.01 secs] 
2014-07-09T01:38:19.803+0000: 3123.265: [GC [PSYoungGen: 302323K->758K(294080K)] 747515K->446187K(981056K), 0.0091690 secs] [Times: user=0.06 sys=0.00, real=0.01 secs] 
2014-07-09T01:38:20.856+0000: 3124.318: [GC [PSYoungGen: 294068K->672K(286272K)] 739498K->446189K(973248K), 0.0033370 secs] [Times: user=0.02 sys=0.00, real=0.01 secs] 
2014-07-09T01:38:21.879+0000: 3125.342: [GC [PSYoungGen: 286240K->876K(278976K)] 731757K->446547K(965952K), 0.0070570 secs] [Times: user=0.06 sys=0.00, real=0.01 secs] 
2014-07-09T01:38:22.866+0000: 3126.328: [GC [PSYoungGen: 278956K->1150K(272064K)] 724627K->447048K(959040K), 0.0084470 secs] [Times: user=0.03 sys=0.00, real=0.00 secs] 
2014-07-09T01:38:23.842+0000: 3127.304: [GC [PSYoungGen: 272062K->306K(264320K)] 717960K->446866K(951296K), 0.0082870 secs] [Times: user=0.06 sys=0.00, real=0.01 secs] 
2014-07-09T01:38:24.783+0000: 3128.245: [GC [PSYoungGen: 264295K->1100K(258496K)] 710856K->447725K(945472K), 0.0102590 secs] [Times: user=0.07 sys=0.00, real=0.01 secs] 
2014-07-09T01:38:25.696+0000: 3129.158: [GC [PSYoungGen: 258444K->830K(251776K)] 705069K->447666K(938752K), 0.0091000 secs] [Times: user=0.06 sys=0.00, real=0.01 secs] 
2014-07-09T01:38:26.587+0000: 3130.049: [GC [PSYoungGen: 251774K->950K(245760K)] 698610K->447851K(932736K), 0.0040710 secs] [Times: user=0.02 sys=0.00, real=0.01 secs] 
2014-07-09T01:38:27.461+0000: 3130.923: [GC [PSYoungGen: 245750K->744K(239616K)] 692651K->447708K(926592K), 0.0046480 secs] [Times: user=0.02 sys=0.00, real=0.00 secs] 
2014-07-09T01:38:28.298+0000: 3131.760: [GC [PSYoungGen: 239592K->576K(233728K)] 686556K->447596K(920704K), 0.0068780 secs] [Times: user=0.03 sys=0.00, real=0.00 secs] 
2014-07-09T01:38:29.127+0000: 3132.589: [GC [PSYoungGen: 233728K->530K(228224K)] 680748K->447598K(915200K), 0.0131610 secs] [Times: user=0.08 sys=0.00, real=0.01 secs] 
2014-07-09T01:38:29.934+0000: 3133.396: [GC [PSYoungGen: 228164K->916K(223296K)] 675232K->448048K(910272K), 0.0046860 secs] [Times: user=0.03 sys=0.01, real=0.01 secs] 
2014-07-09T01:38:30.711+0000: 3134.173: [GC [PSYoungGen: 223242K->815K(218048K)] 670375K->448003K(905024K), 0.0064610 secs] [Times: user=0.03 sys=0.00, real=0.00 secs] 
2014-07-09T01:38:31.484+0000: 3134.946: [GC [PSYoungGen: 218015K->658K(212992K)] 665204K->447934K(899968K), 0.0079600 secs] [Times: user=0.05 sys=0.00, real=0.01 secs] 
2014-07-09T01:38:32.233+0000: 3135.695: [GC [PSYoungGen: 212933K->826K(208384K)] 660210K->448166K(895360K), 0.0061680 secs] [Times: user=0.04 sys=0.00, real=0.01 secs] 
2014-07-09T01:38:32.972+0000: 3136.434: [GC [PSYoungGen: 208378K->816K(203776K)] 655718K->448204K(890752K), 0.0047840 secs] [Times: user=0.01 sys=0.00, real=0.00 secs] 
2014-07-09T01:38:33.694+0000: 3137.156: [GC [PSYoungGen: 203731K->801K(199360K)] 651120K->448246K(886336K), 0.0116390 secs] [Times: user=0.07 sys=0.00, real=0.01 secs] 
2014-07-09T01:38:34.396+0000: 3137.858: [GC [PSYoungGen: 199316K->798K(239104K)] 646761K->448314K(926080K), 0.0106600 secs] [Times: user=0.06 sys=0.00, real=0.01 secs] 
2014-07-09T01:38:35.246+0000: 3138.708: [GC [PSYoungGen: 239070K->680K(233280K)] 686586K->448244K(920256K), 0.0050100 secs] [Times: user=0.02 sys=0.00, real=0.01 secs] 
2014-07-09T01:38:36.085+0000: 3139.548: [GC [PSYoungGen: 233256K->780K(279936K)] 680820K->448416K(966912K), 0.0115850 secs] [Times: user=0.08 sys=0.01, real=0.01 secs] 
2014-07-09T01:38:37.085+0000: 3140.547: [GC [PSYoungGen: 279884K->812K(272704K)] 727520K->448570K(959680K), 0.0050880 secs] [Times: user=0.02 sys=0.00, real=0.01 secs] 
2014-07-09T01:38:38.066+0000: 3141.528: [GC [PSYoungGen: 272652K->901K(265856K)] 720410K->448716K(952832K), 0.0112760 secs] [Times: user=0.08 sys=0.00, real=0.01 secs] 
2014-07-09T01:38:39.018+0000: 3142.480: [GC [PSYoungGen: 265797K->548K(258816K)] 713612K->448482K(945792K), 0.0063280 secs] [Times: user=0.03 sys=0.00, real=0.01 secs] 
2014-07-09T01:38:39.932+0000: 3143.394: [GC [PSYoungGen: 258788K->1064K(252928K)] 706722K->449055K(939904K), 0.0095860 secs] [Times: user=0.06 sys=0.00, real=0.01 secs] 
2014-07-09T01:38:40.826+0000: 3144.289: [GC [PSYoungGen: 252904K->690K(246336K)] 700895K->449057K(933312K), 0.0083840 secs] [Times: user=0.06 sys=0.00, real=0.01 secs] 
2014-07-09T01:38:41.708+0000: 3145.170: [GC [PSYoungGen: 246322K->896K(240640K)] 694689K->449343K(927616K), 0.0062330 secs] [Times: user=0.03 sys=0.00, real=0.01 secs] 
2014-07-09T01:38:42.557+0000: 3146.019: [GC [PSYoungGen: 240576K->480K(234432K)] 689023K->449048K(921408K), 0.0091190 secs] [Times: user=0.06 sys=0.00, real=0.01 secs] 
2014-07-09T01:38:43.377+0000: 3146.839: [GC [PSYoungGen: 234400K->876K(281600K)] 682968K->449493K(968576K), 0.0130370 secs] [Times: user=0.08 sys=0.00, real=0.02 secs] 
2014-07-09T01:38:44.363+0000: 3147.825: [GC [PSYoungGen: 281559K->758K(274176K)] 730176K->449430K(961152K), 0.0048140 secs] [Times: user=0.02 sys=0.00, real=0.00 secs] 
2014-07-09T01:38:45.345+0000: 3148.807: [GC [PSYoungGen: 274166K->826K(267264K)] 722838K->449595K(954240K), 0.0070130 secs] [Times: user=0.04 sys=0.00, real=0.01 secs] 
2014-07-09T01:38:46.300+0000: 3149.762: [GC [PSYoungGen: 267244K->726K(260480K)] 716013K->449566K(947456K), 0.0069980 secs] [Times: user=0.05 sys=0.00, real=0.00 secs] 
2014-07-09T01:38:47.219+0000: 3150.681: [GC [PSYoungGen: 260438K->498K(253760K)] 709278K->449378K(940736K), 0.0057330 secs] [Times: user=0.02 sys=0.00, real=0.01 secs] 
2014-07-09T01:38:48.119+0000: 3151.581: [GC [PSYoungGen: 253739K->976K(248000K)] 702620K->449921K(934976K), 0.0039450 secs] [Times: user=0.02 sys=0.00, real=0.01 secs] 
2014-07-09T01:38:49.004+0000: 3152.466: [GC [PSYoungGen: 247940K->1050K(242048K)] 696885K->450067K(929024K), 0.0102490 secs] [Times: user=0.06 sys=0.00, real=0.01 secs] 
2014-07-09T01:38:49.875+0000: 3153.337: [GC [PSYoungGen: 242010K->356K(235584K)] 691027K->449510K(922560K), 0.0048350 secs] [Times: user=0.02 sys=0.00, real=0.00 secs] 
2014-07-09T01:38:50.710+0000: 3154.172: [GC [PSYoungGen: 235556K->726K(230400K)] 684710K->449952K(917376K), 0.0115130 secs] [Times: user=0.08 sys=0.00, real=0.02 secs] 
2014-07-09T01:38:51.526+0000: 3154.988: [GC [PSYoungGen: 230328K->1168K(225472K)] 679555K->450459K(912448K), 0.0093100 secs] [Times: user=0.05 sys=0.00, real=0.01 secs] 
2014-07-09T01:38:52.320+0000: 3155.782: [GC [PSYoungGen: 225424K->744K(219840K)] 674715K->450115K(906816K), 0.0080560 secs] [Times: user=0.06 sys=0.00, real=0.01 secs] 
2014-07-09T01:38:53.082+0000: 3156.545: [GC [PSYoungGen: 219816K->758K(263680K)] 669187K->450367K(950656K), 0.0092300 secs] [Times: user=0.06 sys=0.00, real=0.01 secs] 
2014-07-09T01:38:54.015+0000: 3157.477: [GC [PSYoungGen: 263670K->612K(256960K)] 713279K->450325K(943936K), 0.0072840 secs] [Times: user=0.05 sys=0.00, real=0.01 secs] 
2014-07-09T01:38:54.931+0000: 3158.393: [GC [PSYoungGen: 256899K->644K(250688K)] 706612K->450421K(937664K), 0.0093040 secs] [Times: user=0.06 sys=0.00, real=0.01 secs] 
2014-07-09T01:38:55.821+0000: 3159.284: [GC [PSYoungGen: 250628K->790K(300864K)] 700405K->450631K(987840K), 0.0129080 secs] [Times: user=0.06 sys=0.00, real=0.01 secs] 
2014-07-09T01:38:56.873+0000: 3160.336: [GC [PSYoungGen: 300822K->580K(292608K)] 750663K->450461K(979584K), 0.0040590 secs] [Times: user=0.02 sys=0.00, real=0.00 secs] 
2014-07-09T01:38:57.914+0000: 3161.376: [GC [PSYoungGen: 292506K->772K(285056K)] 742387K->450701K(972032K), 0.0082440 secs] [Times: user=0.05 sys=0.01, real=0.01 secs] 
2014-07-09T01:38:58.908+0000: 3162.371: [GC [PSYoungGen: 284996K->942K(277760K)] 734925K->450943K(964736K), 0.0079010 secs] [Times: user=0.05 sys=0.00, real=0.01 secs] 
2014-07-09T01:38:59.895+0000: 3163.357: [GC [PSYoungGen: 277742K->562K(270272K)] 727743K->450627K(957248K), 0.0105360 secs] [Times: user=0.07 sys=0.00, real=0.01 secs] 
2014-07-09T01:39:00.856+0000: 3164.318: [GC [PSYoungGen: 270258K->612K(263488K)] 720323K->450757K(950464K), 0.0065780 secs] [Times: user=0.04 sys=0.00, real=0.01 secs] 
2014-07-09T01:39:01.802+0000: 3165.265: [GC [PSYoungGen: 263450K->730K(306816K)] 713595K->450915K(993792K), 0.0216880 secs] [Times: user=0.12 sys=0.00, real=0.02 secs] 
2014-07-09T01:39:02.904+0000: 3166.366: [GC [PSYoungGen: 306330K->698K(316608K)] 756515K->450939K(1003584K), 0.0213910 secs] [Times: user=0.09 sys=0.00, real=0.02 secs] 
2014-07-09T01:39:04.027+0000: 3167.489: [GC [PSYoungGen: 316151K->972K(316608K)] 766392K->451245K(1003584K), 0.0051850 secs] [Times: user=0.02 sys=0.00, real=0.00 secs] 
2014-07-09T01:39:05.152+0000: 3168.614: [GC [PSYoungGen: 316425K->808K(379648K)] 766698K->451145K(1066624K), 0.0069070 secs] [Times: user=0.04 sys=0.00, real=0.01 secs] 
2014-07-09T01:39:06.519+0000: 3169.981: [GC [PSYoungGen: 379368K->544K(367936K)] 829705K->450912K(1054912K), 0.0043880 secs] [Times: user=0.02 sys=0.00, real=0.01 secs] 
2014-07-09T01:39:07.837+0000: 3171.300: [GC [PSYoungGen: 367904K->680K(357312K)] 818272K->451121K(1044288K), 0.0081170 secs] [Times: user=0.05 sys=0.00, real=0.01 secs] 
2014-07-09T01:39:09.084+0000: 3172.546: [GC [PSYoungGen: 357247K->996K(347328K)] 807687K->451517K(1034304K), 0.0137590 secs] [Times: user=0.09 sys=0.00, real=0.01 secs] 
2014-07-09T01:39:10.300+0000: 3173.762: [GC [PSYoungGen: 347212K->611K(337024K)] 797733K->451254K(1024000K), 0.0046710 secs] [Times: user=0.02 sys=0.00, real=0.01 secs] 
2014-07-09T01:39:11.505+0000: 3174.967: [GC [PSYoungGen: 336987K->716K(327680K)] 787630K->451423K(1014656K), 0.0093720 secs] [Times: user=0.06 sys=0.00, real=0.01 secs] 
2014-07-09T01:39:12.679+0000: 3176.141: [GC [PSYoungGen: 327585K->598K(318464K)] 778292K->451353K(1005440K), 0.0118990 secs] [Times: user=0.07 sys=0.00, real=0.01 secs] 
2014-07-09T01:39:13.823+0000: 3177.286: [GC [PSYoungGen: 318422K->704K(309760K)] 769177K->451522K(996736K), 0.0093710 secs] [Times: user=0.06 sys=0.00, real=0.01 secs] 
2014-07-09T01:39:14.932+0000: 3178.394: [GC [PSYoungGen: 309760K->718K(301440K)] 760578K->451601K(988416K), 0.0086090 secs] [Times: user=0.05 sys=0.00, real=0.01 secs] 
2014-07-09T01:39:16.004+0000: 3179.466: [GC [PSYoungGen: 301390K->992K(293632K)] 752273K->451955K(980608K), 0.0088740 secs] [Times: user=0.06 sys=0.00, real=0.01 secs] 
2014-07-09T01:39:17.060+0000: 3180.522: [GC [PSYoungGen: 293590K->420K(285312K)] 744553K->451609K(972288K), 0.0090380 secs] [Times: user=0.06 sys=0.00, real=0.01 secs] 
2014-07-09T01:39:18.082+0000: 3181.544: [GC [PSYoungGen: 285284K->1030K(278528K)] 736473K->452299K(965504K), 0.0099130 secs] [Times: user=0.07 sys=0.00, real=0.01 secs] 
2014-07-09T01:39:19.062+0000: 3182.524: [GC [PSYoungGen: 278424K->698K(270976K)] 729693K->452213K(957952K), 0.0089520 secs] [Times: user=0.06 sys=0.00, real=0.01 secs] 
2014-07-09T01:39:20.022+0000: 3183.484: [GC [PSYoungGen: 270970K->644K(264064K)] 722485K->452215K(951040K), 0.0047650 secs] [Times: user=0.02 sys=0.00, real=0.01 secs] 
2014-07-09T01:39:20.956+0000: 3184.418: [GC [PSYoungGen: 264004K->944K(257728K)] 715575K->452555K(944704K), 0.0059410 secs] [Times: user=0.03 sys=0.00, real=0.00 secs] 
2014-07-09T01:39:21.878+0000: 3185.341: [GC [PSYoungGen: 257712K->694K(251072K)] 709323K->452361K(938048K), 0.0108140 secs] [Times: user=0.07 sys=0.00, real=0.01 secs] 
2014-07-09T01:39:22.763+0000: 3186.225: [GC [PSYoungGen: 251062K->733K(244992K)] 702729K->452456K(931968K), 0.0082070 secs] [Times: user=0.06 sys=0.00, real=0.01 secs] 
2014-07-09T01:39:23.640+0000: 3187.102: [GC [PSYoungGen: 244957K->908K(239296K)] 696680K->452695K(926272K), 0.0119770 secs] [Times: user=0.07 sys=0.00, real=0.01 secs] 
2014-07-09T01:39:24.496+0000: 3187.958: [GC [PSYoungGen: 239244K->612K(286656K)] 691031K->452495K(973632K), 0.0131340 secs] [Times: user=0.10 sys=0.00, real=0.01 secs] 
2014-07-09T01:39:25.520+0000: 3188.982: [GC [PSYoungGen: 286628K->854K(279424K)] 738511K->452817K(966400K), 0.0059810 secs] [Times: user=0.03 sys=0.00, real=0.01 secs] 
2014-07-09T01:39:26.490+0000: 3189.952: [GC [PSYoungGen: 279301K->826K(272128K)] 731264K->453269K(959104K), 0.0073950 secs] [Times: user=0.05 sys=0.00, real=0.01 secs] 
2014-07-09T01:39:27.456+0000: 3190.918: [GC [PSYoungGen: 272122K->950K(265344K)] 724565K->453473K(952320K), 0.0076050 secs] [Times: user=0.04 sys=0.00, real=0.00 secs] 
2014-07-09T01:39:28.395+0000: 3191.857: [GC [PSYoungGen: 265299K->819K(258560K)] 717823K->453721K(945536K), 0.0091060 secs] [Times: user=0.06 sys=0.01, real=0.01 secs] 
2014-07-09T01:39:29.321+0000: 3192.783: [GC [PSYoungGen: 258547K->798K(310144K)] 711449K->453755K(997120K), 0.0170820 secs] [Times: user=0.10 sys=0.01, real=0.02 secs] 
2014-07-09T01:39:30.432+0000: 3193.895: [GC [PSYoungGen: 310078K->990K(301952K)] 763036K->453988K(988928K), 0.0048110 secs] [Times: user=0.01 sys=0.01, real=0.01 secs] 
2014-07-09T01:39:31.488+0000: 3194.950: [GC [PSYoungGen: 301889K->719K(293632K)] 754886K->453765K(980608K), 0.0038210 secs] [Times: user=0.02 sys=0.00, real=0.00 secs] 
2014-07-09T01:39:32.530+0000: 3195.992: [GC [PSYoungGen: 293583K->744K(285888K)] 746629K->453877K(972864K), 0.0065400 secs] [Times: user=0.05 sys=0.00, real=0.00 secs] 
2014-07-09T01:39:33.545+0000: 3197.008: [GC [PSYoungGen: 285864K->1018K(278720K)] 738997K->454240K(965696K), 0.0079870 secs] [Times: user=0.04 sys=0.00, real=0.01 secs] 
2014-07-09T01:39:34.533+0000: 3197.995: [GC [PSYoungGen: 278714K->434K(270976K)] 731936K->453711K(957952K), 0.0073920 secs] [Times: user=0.05 sys=0.00, real=0.01 secs] 
2014-07-09T01:39:35.502+0000: 3198.965: [GC [PSYoungGen: 270950K->644K(264320K)] 724228K->454009K(951296K), 0.0084500 secs] [Times: user=0.06 sys=0.01, real=0.01 secs] 
2014-07-09T01:39:36.435+0000: 3199.897: [GC [PSYoungGen: 264260K->898K(257920K)] 717625K->454360K(944896K), 0.0077860 secs] [Times: user=0.06 sys=0.00, real=0.01 secs] 
2014-07-09T01:39:37.347+0000: 3200.810: [GC [PSYoungGen: 257858K->648K(251264K)] 711320K->454197K(938240K), 0.0040710 secs] [Times: user=0.03 sys=0.00, real=0.01 secs] 
2014-07-09T01:39:38.242+0000: 3201.704: [GC [PSYoungGen: 251208K->1006K(245440K)] 704757K->454636K(932416K), 0.0068390 secs] [Times: user=0.04 sys=0.00, real=0.01 secs] 
2014-07-09T01:39:39.126+0000: 3202.588: [GC [PSYoungGen: 245422K->548K(239104K)] 699052K->454241K(926080K), 0.0079090 secs] [Times: user=0.06 sys=0.00, real=0.01 secs] 
2014-07-09T01:39:39.979+0000: 3203.441: [GC [PSYoungGen: 239076K->580K(233472K)] 692769K->454345K(920448K), 0.0055550 secs] [Times: user=0.03 sys=0.00, real=0.00 secs] 
2014-07-09T01:39:40.808+0000: 3204.270: [GC [PSYoungGen: 233412K->740K(228096K)] 687177K->454553K(915072K), 0.0077110 secs] [Times: user=0.05 sys=0.00, real=0.01 secs] 
2014-07-09T01:39:41.619+0000: 3205.081: [GC [PSYoungGen: 228068K->630K(222656K)] 681881K->454531K(909632K), 0.0074670 secs] [Times: user=0.04 sys=0.00, real=0.00 secs] 
2014-07-09T01:39:42.400+0000: 3205.862: [GC [PSYoungGen: 222646K->826K(217728K)] 676547K->454799K(904704K), 0.0098190 secs] [Times: user=0.06 sys=0.00, real=0.01 secs] 
2014-07-09T01:39:43.178+0000: 3206.641: [GC [PSYoungGen: 217714K->1150K(261440K)] 671688K->455438K(948416K), 0.0145960 secs] [Times: user=0.10 sys=0.00, real=0.02 secs] 
2014-07-09T01:39:44.093+0000: 3207.555: [GC [PSYoungGen: 261438K->790K(313216K)] 715726K->455184K(1000192K), 0.0065600 secs] [Times: user=0.03 sys=0.00, real=0.01 secs] 
2014-07-09T01:39:45.213+0000: 3208.675: [GC [PSYoungGen: 313174K->848K(304768K)] 767568K->455406K(991744K), 0.0039620 secs] [Times: user=0.02 sys=0.00, real=0.00 secs] 
2014-07-09T01:39:46.302+0000: 3209.764: [GC [PSYoungGen: 304705K->780K(361728K)] 759263K->455402K(1048704K), 0.0159410 secs] [Times: user=0.11 sys=0.00, real=0.01 secs] 
2014-07-09T01:39:47.578+0000: 3211.040: [GC [PSYoungGen: 361164K->732K(350656K)] 815786K->455418K(1037632K), 0.0085360 secs] [Times: user=0.05 sys=0.00, real=0.01 secs] 
2014-07-09T01:39:48.818+0000: 3212.280: [GC [PSYoungGen: 350606K->733K(340608K)] 805293K->455467K(1027584K), 0.0081930 secs] [Times: user=0.04 sys=0.00, real=0.01 secs] 
2014-07-09T01:39:50.005+0000: 3213.467: [GC [PSYoungGen: 340547K->666K(330944K)] 795281K->455472K(1017920K), 0.0036980 secs] [Times: user=0.02 sys=0.00, real=0.00 secs] 
2014-07-09T01:39:51.205+0000: 3214.668: [GC [PSYoungGen: 330906K->662K(321728K)] 785712K->455524K(1008704K), 0.0146800 secs] [Times: user=0.10 sys=0.00, real=0.02 secs] 
2014-07-09T01:39:52.371+0000: 3215.833: [GC [PSYoungGen: 321686K->644K(312832K)] 776548K->455586K(999808K), 0.0093540 secs] [Times: user=0.06 sys=0.00, real=0.01 secs] 
2014-07-09T01:39:53.487+0000: 3216.949: [GC [PSYoungGen: 312739K->712K(304384K)] 767681K->455710K(991360K), 0.0092070 secs] [Times: user=0.05 sys=0.01, real=0.01 secs] 
2014-07-09T01:39:54.560+0000: 3218.022: [GC [PSYoungGen: 304328K->832K(296320K)] 759326K->455902K(983296K), 0.0079520 secs] [Times: user=0.04 sys=0.00, real=0.00 secs] 
2014-07-09T01:39:55.602+0000: 3219.064: [GC [PSYoungGen: 296256K->698K(288256K)] 751326K->455824K(975232K), 0.0042120 secs] [Times: user=0.02 sys=0.00, real=0.00 secs] 
2014-07-09T01:39:56.620+0000: 3220.082: [GC [PSYoungGen: 288250K->762K(280768K)] 743376K->456090K(967744K), 0.0118590 secs] [Times: user=0.07 sys=0.00, real=0.02 secs] 
2014-07-09T01:39:57.618+0000: 3221.081: [GC [PSYoungGen: 280754K->776K(273600K)] 736083K->456160K(960576K), 0.0061790 secs] [Times: user=0.02 sys=0.00, real=0.01 secs] 
2014-07-09T01:39:58.577+0000: 3222.040: [GC [PSYoungGen: 273544K->608K(266432K)] 728928K->456056K(953408K), 0.0042360 secs] [Times: user=0.02 sys=0.01, real=0.01 secs] 
2014-07-09T01:39:59.525+0000: 3222.987: [GC [PSYoungGen: 266397K->848K(259968K)] 721846K->456368K(946944K), 0.0052100 secs] [Times: user=0.03 sys=0.00, real=0.00 secs] 
2014-07-09T01:40:00.460+0000: 3223.923: [GC [PSYoungGen: 259920K->812K(253440K)] 715440K->456412K(940416K), 0.0046200 secs] [Times: user=0.02 sys=0.00, real=0.01 secs] 
2014-07-09T01:40:01.352+0000: 3224.814: [GC [PSYoungGen: 253420K->434K(246848K)] 709020K->456058K(933824K), 0.0059990 secs] [Times: user=0.02 sys=0.00, real=0.00 secs] 
2014-07-09T01:40:02.224+0000: 3225.686: [GC [PSYoungGen: 246820K->729K(241152K)] 702444K->456417K(928128K), 0.0042280 secs] [Times: user=0.02 sys=0.00, real=0.00 secs] 
2014-07-09T01:40:03.077+0000: 3226.539: [GC [PSYoungGen: 241088K->751K(235392K)] 696777K->456503K(922368K), 0.0059570 secs] [Times: user=0.04 sys=0.00, real=0.01 secs] 
2014-07-09T01:40:03.907+0000: 3227.369: [GC [PSYoungGen: 235375K->748K(229824K)] 691127K->456540K(916800K), 0.0098060 secs] [Times: user=0.06 sys=0.00, real=0.01 secs] 
2014-07-09T01:40:04.725+0000: 3228.187: [GC [PSYoungGen: 229804K->544K(224256K)] 685596K->456408K(911232K), 0.0040790 secs] [Times: user=0.02 sys=0.00, real=0.00 secs] 
2014-07-09T01:40:05.532+0000: 3228.994: [GC [PSYoungGen: 224224K->826K(219328K)] 680088K->456794K(906304K), 0.0056130 secs] [Times: user=0.03 sys=0.00, real=0.01 secs] 
2014-07-09T01:40:06.299+0000: 3229.762: [GC [PSYoungGen: 219322K->744K(214272K)] 675290K->456800K(901248K), 0.0058880 secs] [Times: user=0.03 sys=0.00, real=0.01 secs] 
2014-07-09T01:40:07.045+0000: 3230.507: [GC [PSYoungGen: 214239K->626K(209344K)] 670296K->457207K(896320K), 0.0055400 secs] [Times: user=0.03 sys=0.00, real=0.00 secs] 
2014-07-09T01:40:07.786+0000: 3231.248: [GC [PSYoungGen: 209330K->1050K(205184K)] 665911K->457679K(892160K), 0.0040140 secs] [Times: user=0.02 sys=0.01, real=0.00 secs] 
2014-07-09T01:40:08.532+0000: 3231.994: [GC [PSYoungGen: 205141K->616K(200256K)] 661770K->457655K(887232K), 0.0042330 secs] [Times: user=0.02 sys=0.00, real=0.00 secs] 
2014-07-09T01:40:09.229+0000: 3232.692: [GC [PSYoungGen: 200229K->926K(196224K)] 657268K->458037K(883200K), 0.0102050 secs] [Times: user=0.08 sys=0.00, real=0.01 secs] 
2014-07-09T01:40:09.918+0000: 3233.380: [GC [PSYoungGen: 196190K->662K(191808K)] 653301K->457829K(878784K), 0.0059990 secs] [Times: user=0.03 sys=0.00, real=0.01 secs] 
2014-07-09T01:40:10.595+0000: 3234.058: [GC [PSYoungGen: 191764K->776K(187904K)] 648931K->457991K(874880K), 0.0056840 secs] [Times: user=0.02 sys=0.00, real=0.00 secs] 
2014-07-09T01:40:11.268+0000: 3234.730: [GC [PSYoungGen: 187848K->911K(184128K)] 645063K->458182K(871104K), 0.0092630 secs] [Times: user=0.06 sys=0.00, real=0.01 secs] 
2014-07-09T01:40:11.920+0000: 3235.382: [GC [PSYoungGen: 184046K->816K(180224K)] 641318K->458135K(867200K), 0.0070200 secs] [Times: user=0.04 sys=0.00, real=0.01 secs] 
2014-07-09T01:40:12.559+0000: 3236.021: [GC [PSYoungGen: 180196K->694K(216000K)] 637515K->458109K(902976K), 0.0070690 secs] [Times: user=0.04 sys=0.00, real=0.01 secs] 
2014-07-09T01:40:13.338+0000: 3236.801: [GC [PSYoungGen: 215990K->864K(259264K)] 673405K->458343K(946240K), 0.0127550 secs] [Times: user=0.08 sys=0.00, real=0.01 secs] 
2014-07-09T01:40:14.249+0000: 3237.711: [GC [PSYoungGen: 259232K->766K(310848K)] 716711K->458375K(997824K), 0.0060950 secs] [Times: user=0.02 sys=0.00, real=0.01 secs] 
2014-07-09T01:40:15.347+0000: 3238.809: [GC [PSYoungGen: 310846K->648K(353280K)] 768455K->458313K(1040256K), 0.0160500 secs] [Times: user=0.10 sys=0.00, real=0.01 secs] 
2014-07-09T01:40:16.605+0000: 3240.067: [GC [PSYoungGen: 352776K->812K(342848K)] 810441K->458549K(1029824K), 0.0034840 secs] [Times: user=0.02 sys=0.00, real=0.00 secs] 
2014-07-09T01:40:17.817+0000: 3241.279: [GC [PSYoungGen: 342828K->840K(333184K)] 800565K->458617K(1020160K), 0.0141180 secs] [Times: user=0.08 sys=0.01, real=0.01 secs] 
2014-07-09T01:40:19.024+0000: 3242.486: [GC [PSYoungGen: 333128K->484K(372224K)] 790905K->458447K(1059200K), 0.0157240 secs] [Times: user=0.10 sys=0.00, real=0.02 secs] 
2014-07-09T01:40:20.345+0000: 3243.808: [GC [PSYoungGen: 372196K->1064K(361856K)] 830159K->459171K(1048832K), 0.0039910 secs] [Times: user=0.03 sys=0.00, real=0.00 secs] 
2014-07-09T01:40:21.618+0000: 3245.080: [GC [PSYoungGen: 361832K->64K(350336K)] 819939K->459166K(1037312K), 0.0075990 secs] [Times: user=0.05 sys=0.00, real=0.01 secs] 
2014-07-09T01:40:22.876+0000: 3246.338: [GC [PSYoungGen: 350336K->1262K(371584K)] 809438K->460518K(1058560K), 0.0242500 secs] [Times: user=0.15 sys=0.00, real=0.02 secs] 
2014-07-09T01:40:24.203+0000: 3247.665: [GC [PSYoungGen: 371566K->530K(360000K)] 830822K->460396K(1046976K), 0.0079270 secs] [Times: user=0.05 sys=0.00, real=0.01 secs] 
2014-07-09T01:40:25.468+0000: 3248.931: [GC [PSYoungGen: 359954K->1085K(350080K)] 819820K->461057K(1037056K), 0.0049240 secs] [Times: user=0.02 sys=0.00, real=0.00 secs] 
2014-07-09T01:40:26.729+0000: 3250.191: [GC [PSYoungGen: 350043K->662K(339712K)] 810015K->460682K(1026688K), 0.0126440 secs] [Times: user=0.07 sys=0.00, real=0.01 secs] 
2014-07-09T01:40:27.937+0000: 3251.400: [GC [PSYoungGen: 339655K->940K(330368K)] 799675K->461024K(1017344K), 0.0068980 secs] [Times: user=0.04 sys=0.00, real=0.00 secs] 
2014-07-09T01:40:29.117+0000: 3252.579: [GC [PSYoungGen: 330303K->1060K(321280K)] 790387K->461216K(1008256K), 0.0099720 secs] [Times: user=0.06 sys=0.00, real=0.01 secs] 
2014-07-09T01:40:30.247+0000: 3253.709: [GC [PSYoungGen: 321251K->1078K(312448K)] 781407K->461330K(999424K), 0.0099550 secs] [Times: user=0.06 sys=0.01, real=0.01 secs] 
2014-07-09T01:40:31.354+0000: 3254.816: [GC [PSYoungGen: 312438K->828K(303680K)] 772690K->461137K(990656K), 0.0044390 secs] [Times: user=0.02 sys=0.00, real=0.01 secs] 
2014-07-09T01:40:32.434+0000: 3255.896: [GC [PSYoungGen: 303659K->912K(295680K)] 763968K->461292K(982656K), 0.0095240 secs] [Times: user=0.06 sys=0.00, real=0.01 secs] 
2014-07-09T01:40:33.486+0000: 3256.948: [GC [PSYoungGen: 295629K->612K(287552K)] 756009K->461048K(974528K), 0.0067920 secs] [Times: user=0.03 sys=0.00, real=0.01 secs] 
2014-07-09T01:40:34.516+0000: 3257.978: [GC [PSYoungGen: 287524K->566K(279936K)] 747960K->461082K(966912K), 0.0075460 secs] [Times: user=0.05 sys=0.00, real=0.00 secs] 
2014-07-09T01:40:35.516+0000: 3258.978: [GC [PSYoungGen: 279926K->612K(272768K)] 740442K->461208K(959744K), 0.0045020 secs] [Times: user=0.02 sys=0.01, real=0.00 secs] 
2014-07-09T01:40:36.488+0000: 3259.951: [GC [PSYoungGen: 272696K->890K(266048K)] 733292K->461590K(953024K), 0.0072510 secs] [Times: user=0.04 sys=0.00, real=0.00 secs] 
2014-07-09T01:40:37.451+0000: 3260.913: [GC [PSYoungGen: 266030K->982K(259456K)] 726731K->461746K(946432K), 0.0124940 secs] [Times: user=0.08 sys=0.00, real=0.01 secs] 
2014-07-09T01:40:38.347+0000: 3261.809: [GC [PSYoungGen: 259414K->794K(252800K)] 720178K->461638K(939776K), 0.0056740 secs] [Times: user=0.03 sys=0.00, real=0.00 secs] 
2014-07-09T01:40:39.248+0000: 3262.710: [GC [PSYoungGen: 252760K->890K(246656K)] 713604K->461824K(933632K), 0.0054910 secs] [Times: user=0.01 sys=0.01, real=0.00 secs] 
2014-07-09T01:40:40.118+0000: 3263.580: [GC [PSYoungGen: 246604K->962K(240832K)] 707538K->461944K(927808K), 0.0054770 secs] [Times: user=0.03 sys=0.00, real=0.00 secs] 
2014-07-09T01:40:40.965+0000: 3264.427: [GC [PSYoungGen: 240770K->808K(234880K)] 701752K->461870K(921856K), 0.0106390 secs] [Times: user=0.06 sys=0.00, real=0.01 secs] 
2014-07-09T01:40:41.787+0000: 3265.250: [GC [PSYoungGen: 234856K->862K(229376K)] 695918K->462004K(916352K), 0.0069530 secs] [Times: user=0.05 sys=0.00, real=0.00 secs] 
2014-07-09T01:40:42.617+0000: 3266.080: [GC [PSYoungGen: 229305K->747K(223936K)] 690447K->461977K(910912K), 0.0066420 secs] [Times: user=0.04 sys=0.00, real=0.01 secs] 
2014-07-09T01:40:43.398+0000: 3266.860: [GC [PSYoungGen: 223915K->1206K(269056K)] 685145K->462575K(956032K), 0.0124960 secs] [Times: user=0.08 sys=0.00, real=0.02 secs] 
2014-07-09T01:40:44.344+0000: 3267.806: [GC [PSYoungGen: 269046K->506K(261568K)] 730415K->462126K(948544K), 0.0060150 secs] [Times: user=0.02 sys=0.00, real=0.01 secs] 
2014-07-09T01:40:45.273+0000: 3268.735: [GC [PSYoungGen: 261562K->712K(314048K)] 723182K->462388K(1001024K), 0.0148710 secs] [Times: user=0.11 sys=0.00, real=0.01 secs] 
2014-07-09T01:40:46.390+0000: 3269.853: [GC [PSYoungGen: 313992K->658K(305408K)] 775668K->462472K(992384K), 0.0071310 secs] [Times: user=0.04 sys=0.00, real=0.00 secs] 
2014-07-09T01:40:47.471+0000: 3270.933: [GC [PSYoungGen: 305362K->1270K(297792K)] 767176K->463239K(984768K), 0.0071740 secs] [Times: user=0.05 sys=0.01, real=0.01 secs] 
2014-07-09T01:40:48.526+0000: 3271.988: [GC [PSYoungGen: 297761K->620K(289280K)] 759730K->463105K(976256K), 0.0106040 secs] [Times: user=0.07 sys=0.00, real=0.01 secs] 
2014-07-09T01:40:49.542+0000: 3273.004: [GC [PSYoungGen: 289260K->840K(281920K)] 751745K->463445K(968896K), 0.0059950 secs] [Times: user=0.04 sys=0.00, real=0.00 secs] 
2014-07-09T01:40:50.544+0000: 3274.006: [GC [PSYoungGen: 281835K->1146K(274880K)] 744440K->463873K(961856K), 0.0115250 secs] [Times: user=0.08 sys=0.00, real=0.01 secs] 
2014-07-09T01:40:51.518+0000: 3274.980: [GC [PSYoungGen: 274874K->594K(267328K)] 737601K->463424K(954304K), 0.0091300 secs] [Times: user=0.06 sys=0.00, real=0.01 secs] 
2014-07-09T01:40:52.465+0000: 3275.927: [GC [PSYoungGen: 267282K->480K(260480K)] 730112K->463358K(947456K), 0.0047600 secs] [Times: user=0.02 sys=0.00, real=0.01 secs] 
2014-07-09T01:40:53.391+0000: 3276.853: [GC [PSYoungGen: 260448K->808K(254336K)] 723326K->463759K(941312K), 0.0081190 secs] [Times: user=0.06 sys=0.00, real=0.01 secs] 
2014-07-09T01:40:54.289+0000: 3277.751: [GC [PSYoungGen: 254312K->926K(248192K)] 717263K->463949K(935168K), 0.0039450 secs] [Times: user=0.02 sys=0.00, real=0.00 secs] 
2014-07-09T01:40:55.178+0000: 3278.640: [GC [PSYoungGen: 248158K->762K(241984K)] 711181K->463873K(928960K), 0.0093340 secs] [Times: user=0.07 sys=0.00, real=0.01 secs] 
2014-07-09T01:40:56.051+0000: 3279.513: [GC [PSYoungGen: 241978K->712K(236160K)] 705089K->463919K(923136K), 0.0066480 secs] [Times: user=0.04 sys=0.00, real=0.00 secs] 
2014-07-09T01:40:56.896+0000: 3280.358: [GC [PSYoungGen: 236062K->658K(283200K)] 699269K->463936K(970176K), 0.0149030 secs] [Times: user=0.09 sys=0.00, real=0.02 secs] 
2014-07-09T01:40:57.895+0000: 3281.357: [GC [PSYoungGen: 283151K->1134K(276288K)] 746430K->464469K(963264K), 0.0049710 secs] [Times: user=0.02 sys=0.00, real=0.01 secs] 
2014-07-09T01:40:58.874+0000: 3282.336: [GC [PSYoungGen: 276270K->772K(331008K)] 739605K->464130K(1017984K), 0.0156730 secs] [Times: user=0.09 sys=0.00, real=0.01 secs] 
2014-07-09T01:41:00.032+0000: 3283.495: [GC [PSYoungGen: 330948K->580K(321600K)] 794306K->464026K(1008576K), 0.0081840 secs] [Times: user=0.06 sys=0.01, real=0.01 secs] 
2014-07-09T01:41:01.176+0000: 3284.638: [GC [PSYoungGen: 321525K->1186K(313280K)] 784972K->464705K(1000256K), 0.0053380 secs] [Times: user=0.04 sys=0.00, real=0.01 secs] 
2014-07-09T01:41:02.287+0000: 3285.749: [GC [PSYoungGen: 313249K->886K(304448K)] 776768K->464619K(991424K), 0.0060040 secs] [Times: user=0.04 sys=0.00, real=0.01 secs] 
2014-07-09T01:41:03.375+0000: 3286.837: [GC [PSYoungGen: 304438K->598K(296000K)] 768171K->464387K(982976K), 0.0124920 secs] [Times: user=0.08 sys=0.00, real=0.01 secs] 
2014-07-09T01:41:04.428+0000: 3287.890: [GC [PSYoungGen: 295958K->608K(288128K)] 759747K->464477K(975104K), 0.0062860 secs] [Times: user=0.04 sys=0.00, real=0.01 secs] 
2014-07-09T01:41:05.449+0000: 3288.912: [GC [PSYoungGen: 288096K->680K(280640K)] 751965K->464605K(967616K), 0.0150800 secs] [Times: user=0.10 sys=0.00, real=0.02 secs] 
2014-07-09T01:41:06.470+0000: 3289.932: [GC [PSYoungGen: 280616K->844K(336832K)] 744541K->464833K(1023808K), 0.0141500 secs] [Times: user=0.10 sys=0.00, real=0.02 secs] 
2014-07-09T01:41:07.651+0000: 3291.114: [GC [PSYoungGen: 336777K->601K(327104K)] 800766K->464646K(1014080K), 0.0076870 secs] [Times: user=0.03 sys=0.00, real=0.00 secs] 
2014-07-09T01:41:08.815+0000: 3292.277: [GC [PSYoungGen: 327065K->562K(317952K)] 791110K->464695K(1004928K), 0.0070150 secs] [Times: user=0.05 sys=0.00, real=0.00 secs] 
2014-07-09T01:41:09.937+0000: 3293.399: [GC [PSYoungGen: 317938K->990K(309696K)] 782071K->465195K(996672K), 0.0082840 secs] [Times: user=0.05 sys=0.01, real=0.01 secs] 
2014-07-09T01:41:11.048+0000: 3294.511: [GC [PSYoungGen: 309662K->716K(371200K)] 773867K->464953K(1058176K), 0.0239130 secs] [Times: user=0.16 sys=0.00, real=0.03 secs] 
2014-07-09T01:41:12.377+0000: 3295.839: [GC [PSYoungGen: 371135K->1150K(396480K)] 835372K->465467K(1083456K), 0.0103330 secs] [Times: user=0.07 sys=0.00, real=0.01 secs] 
2014-07-09T01:41:13.768+0000: 3297.230: [GC [PSYoungGen: 396226K->1078K(384320K)] 860543K->465483K(1071296K), 0.0101060 secs] [Times: user=0.06 sys=0.00, real=0.01 secs] 
2014-07-09T01:41:15.118+0000: 3298.580: [GC [PSYoungGen: 384310K->700K(372480K)] 848715K->465169K(1059456K), 0.0088540 secs] [Times: user=0.06 sys=0.00, real=0.01 secs] 
2014-07-09T01:41:16.438+0000: 3299.900: [GC [PSYoungGen: 372476K->648K(361536K)] 836945K->465157K(1048512K), 0.0039270 secs] [Times: user=0.02 sys=0.00, real=0.00 secs] 
2014-07-09T01:41:17.709+0000: 3301.171: [GC [PSYoungGen: 361480K->814K(351168K)] 825989K->465411K(1038144K), 0.0063070 secs] [Times: user=0.03 sys=0.00, real=0.01 secs] 
2014-07-09T01:41:18.963+0000: 3302.426: [GC [PSYoungGen: 351150K->694K(340992K)] 815747K->465339K(1027968K), 0.0046870 secs] [Times: user=0.02 sys=0.00, real=0.00 secs] 
2014-07-09T01:41:20.177+0000: 3303.640: [GC [PSYoungGen: 340982K->1082K(331712K)] 805627K->465807K(1018688K), 0.0059290 secs] [Times: user=0.03 sys=0.00, real=0.01 secs] 
2014-07-09T01:41:21.357+0000: 3304.819: [GC [PSYoungGen: 331706K->800K(322176K)] 796431K->465605K(1009152K), 0.0143840 secs] [Times: user=0.10 sys=0.00, real=0.01 secs] 
2014-07-09T01:41:22.497+0000: 3305.959: [GC [PSYoungGen: 322144K->854K(313344K)] 786949K->465739K(1000320K), 0.0053630 secs] [Times: user=0.02 sys=0.00, real=0.00 secs] 
2014-07-09T01:41:23.599+0000: 3307.062: [GC [PSYoungGen: 313255K->1021K(304960K)] 778140K->466164K(991936K), 0.0085830 secs] [Times: user=0.06 sys=0.00, real=0.01 secs] 
2014-07-09T01:41:24.698+0000: 3308.161: [GC [PSYoungGen: 304957K->776K(296576K)] 770100K->465983K(983552K), 0.0090870 secs] [Times: user=0.07 sys=0.00, real=0.01 secs] 
2014-07-09T01:41:25.752+0000: 3309.214: [GC [PSYoungGen: 296474K->758K(288640K)] 761681K->466095K(975616K), 0.0074790 secs] [Times: user=0.04 sys=0.00, real=0.01 secs] 
2014-07-09T01:41:26.780+0000: 3310.242: [GC [PSYoungGen: 288630K->700K(281024K)] 753967K->466085K(968000K), 0.0080770 secs] [Times: user=0.05 sys=0.00, real=0.01 secs] 
2014-07-09T01:41:27.786+0000: 3311.248: [GC [PSYoungGen: 280948K->1227K(274304K)] 746333K->466692K(961280K), 0.0046660 secs] [Times: user=0.03 sys=0.00, real=0.00 secs] 
2014-07-09T01:41:28.754+0000: 3312.216: [GC [PSYoungGen: 274251K->812K(266880K)] 739716K->466341K(953856K), 0.0092880 secs] [Times: user=0.06 sys=0.01, real=0.01 secs] 
2014-07-09T01:41:29.711+0000: 3313.173: [GC [PSYoungGen: 266860K->751K(260096K)] 732389K->466500K(947072K), 0.0159180 secs] [Times: user=0.09 sys=0.01, real=0.02 secs] 
2014-07-09T01:41:30.630+0000: 3314.092: [GC [PSYoungGen: 260079K->968K(253888K)] 725828K->466757K(940864K), 0.0106270 secs] [Times: user=0.06 sys=0.00, real=0.01 secs] 
2014-07-09T01:41:31.527+0000: 3314.989: [GC [PSYoungGen: 253831K->951K(247616K)] 719620K->466846K(934592K), 0.0041810 secs] [Times: user=0.02 sys=0.00, real=0.00 secs] 
2014-07-09T01:41:32.391+0000: 3315.854: [GC [PSYoungGen: 247589K->708K(241408K)] 713484K->466715K(928384K), 0.0040790 secs] [Times: user=0.02 sys=0.00, real=0.01 secs] 
2014-07-09T01:41:33.263+0000: 3316.725: [GC [PSYoungGen: 241348K->576K(235456K)] 707355K->466647K(922432K), 0.0050460 secs] [Times: user=0.03 sys=0.00, real=0.01 secs] 
2014-07-09T01:41:34.100+0000: 3317.562: [GC [PSYoungGen: 235433K->1108K(230464K)] 701504K->467275K(917440K), 0.0043640 secs] [Times: user=0.02 sys=0.00, real=0.00 secs] 
2014-07-09T01:41:34.927+0000: 3318.390: [GC [PSYoungGen: 230412K->986K(224960K)] 696579K->467241K(911936K), 0.0073220 secs] [Times: user=0.04 sys=0.00, real=0.00 secs] 
2014-07-09T01:41:35.718+0000: 3319.180: [GC [PSYoungGen: 224922K->748K(219520K)] 691177K->467059K(906496K), 0.0086240 secs] [Times: user=0.05 sys=0.00, real=0.01 secs] 
2014-07-09T01:41:36.484+0000: 3319.947: [GC [PSYoungGen: 219500K->640K(214400K)] 685811K->467031K(901376K), 0.0069340 secs] [Times: user=0.04 sys=0.00, real=0.01 secs] 
2014-07-09T01:41:37.249+0000: 3320.711: [GC [PSYoungGen: 214372K->1079K(257600K)] 680763K->467534K(944576K), 0.0146750 secs] [Times: user=0.11 sys=0.01, real=0.01 secs] 
2014-07-09T01:41:38.169+0000: 3321.632: [GC [PSYoungGen: 257591K->690K(250880K)] 724046K->467201K(937856K), 0.0062140 secs] [Times: user=0.04 sys=0.00, real=0.00 secs] 
2014-07-09T01:41:39.060+0000: 3322.522: [GC [PSYoungGen: 250866K->850K(301120K)] 717377K->467409K(988096K), 0.0110510 secs] [Times: user=0.06 sys=0.00, real=0.01 secs] 
2014-07-09T01:41:40.130+0000: 3323.592: [GC [PSYoungGen: 301074K->658K(292864K)] 767633K->467321K(979840K), 0.0051710 secs] [Times: user=0.02 sys=0.01, real=0.00 secs] 
2014-07-09T01:41:41.172+0000: 3324.634: [GC [PSYoungGen: 292818K->896K(285376K)] 759481K->467639K(972352K), 0.0111220 secs] [Times: user=0.08 sys=0.00, real=0.01 secs] 
2014-07-09T01:41:42.193+0000: 3325.655: [GC [PSYoungGen: 285274K->936K(277952K)] 752017K->467743K(964928K), 0.0053220 secs] [Times: user=0.03 sys=0.01, real=0.01 secs] 
2014-07-09T01:41:43.169+0000: 3326.631: [GC [PSYoungGen: 277928K->498K(270336K)] 744735K->467369K(957312K), 0.0104940 secs] [Times: user=0.07 sys=0.00, real=0.01 secs] 
2014-07-09T01:41:44.138+0000: 3327.600: [GC [PSYoungGen: 270268K->1083K(264064K)] 737139K->468018K(951040K), 0.0106330 secs] [Times: user=0.07 sys=0.00, real=0.01 secs] 
2014-07-09T01:41:45.072+0000: 3328.534: [GC [PSYoungGen: 264059K->730K(257152K)] 730994K->467705K(944128K), 0.0084630 secs] [Times: user=0.05 sys=0.00, real=0.01 secs] 
2014-07-09T01:41:45.985+0000: 3329.448: [GC [PSYoungGen: 257114K->630K(250688K)] 724089K->467693K(937664K), 0.0044460 secs] [Times: user=0.02 sys=0.00, real=0.01 secs] 
2014-07-09T01:41:46.908+0000: 3330.370: [GC [PSYoungGen: 250654K->1078K(244992K)] 717717K->468205K(931968K), 0.0126560 secs] [Times: user=0.08 sys=0.00, real=0.01 secs] 
2014-07-09T01:41:47.736+0000: 3331.198: [GC [PSYoungGen: 244982K->826K(238848K)] 712109K->468009K(925824K), 0.0083550 secs] [Times: user=0.05 sys=0.00, real=0.01 secs] 
2014-07-09T01:41:48.595+0000: 3332.057: [GC [PSYoungGen: 238793K->826K(233152K)] 705977K->468097K(920128K), 0.0067920 secs] [Times: user=0.04 sys=0.01, real=0.01 secs] 
2014-07-09T01:41:49.416+0000: 3332.878: [GC [PSYoungGen: 233113K->1004K(227840K)] 700385K->468331K(914816K), 0.0096370 secs] [Times: user=0.07 sys=0.00, real=0.01 secs] 
2014-07-09T01:41:50.220+0000: 3333.682: [GC [PSYoungGen: 227820K->548K(272768K)] 695147K->467955K(959744K), 0.0110580 secs] [Times: user=0.08 sys=0.00, real=0.01 secs] 
2014-07-09T01:41:51.189+0000: 3334.651: [GC [PSYoungGen: 272740K->548K(265792K)] 740147K->468019K(952768K), 0.0036170 secs] [Times: user=0.03 sys=0.00, real=0.00 secs] 
2014-07-09T01:41:52.133+0000: 3335.596: [GC [PSYoungGen: 265760K->848K(259392K)] 733231K->468375K(946368K), 0.0058460 secs] [Times: user=0.03 sys=0.00, real=0.01 secs] 
2014-07-09T01:41:53.060+0000: 3336.522: [GC [PSYoungGen: 259344K->708K(252800K)] 726871K->468323K(939776K), 0.0076040 secs] [Times: user=0.06 sys=0.00, real=0.00 secs] 
2014-07-09T01:41:53.948+0000: 3337.410: [GC [PSYoungGen: 252740K->562K(246400K)] 720355K->468265K(933376K), 0.0037750 secs] [Times: user=0.03 sys=0.00, real=0.00 secs] 
2014-07-09T01:41:54.811+0000: 3338.273: [GC [PSYoungGen: 246386K->744K(240640K)] 714089K->468511K(927616K), 0.0080820 secs] [Times: user=0.05 sys=0.01, real=0.00 secs] 
2014-07-09T01:41:55.657+0000: 3339.119: [GC [PSYoungGen: 240616K->634K(234752K)] 708383K->468441K(921728K), 0.0047340 secs] [Times: user=0.02 sys=0.00, real=0.01 secs] 
2014-07-09T01:41:56.492+0000: 3339.955: [GC [PSYoungGen: 234746K->994K(229568K)] 702553K->468889K(916544K), 0.0061820 secs] [Times: user=0.04 sys=0.00, real=0.00 secs] 
2014-07-09T01:41:57.304+0000: 3340.766: [GC [PSYoungGen: 229523K->826K(224064K)] 697418K->468817K(911040K), 0.0132770 secs] [Times: user=0.08 sys=0.00, real=0.01 secs] 
2014-07-09T01:41:58.100+0000: 3341.562: [GC [PSYoungGen: 224028K->612K(218752K)] 692019K->468717K(905728K), 0.0070270 secs] [Times: user=0.04 sys=0.00, real=0.00 secs] 
2014-07-09T01:41:58.875+0000: 3342.337: [GC [PSYoungGen: 218724K->782K(213952K)] 686829K->468943K(900928K), 0.0058680 secs] [Times: user=0.02 sys=0.00, real=0.01 secs] 
2014-07-09T01:41:59.621+0000: 3343.084: [GC [PSYoungGen: 213900K->1010K(209344K)] 682062K->469259K(896320K), 0.0036960 secs] [Times: user=0.02 sys=0.01, real=0.00 secs] 
2014-07-09T01:42:00.359+0000: 3343.821: [GC [PSYoungGen: 209284K->1008K(204736K)] 677533K->469361K(891712K), 0.0073530 secs] [Times: user=0.04 sys=0.00, real=0.01 secs] 
2014-07-09T01:42:01.078+0000: 3344.540: [GC [PSYoungGen: 204720K->438K(199680K)] 673073K->468927K(886656K), 0.0053480 secs] [Times: user=0.03 sys=0.00, real=0.01 secs] 
2014-07-09T01:42:01.787+0000: 3345.249: [GC [PSYoungGen: 199636K->1058K(196032K)] 668125K->469619K(883008K), 0.0036390 secs] [Times: user=0.02 sys=0.00, real=0.01 secs] 
2014-07-09T01:42:02.489+0000: 3345.951: [GC [PSYoungGen: 195977K->1079K(235072K)] 664538K->469712K(922048K), 0.0133200 secs] [Times: user=0.08 sys=0.01, real=0.02 secs] 
2014-07-09T01:42:03.325+0000: 3346.788: [GC [PSYoungGen: 235063K->844K(229376K)] 703696K->469533K(916352K), 0.0044110 secs] [Times: user=0.02 sys=0.00, real=0.01 secs] 
2014-07-09T01:42:04.152+0000: 3347.615: [GC [PSYoungGen: 229300K->562K(223744K)] 697989K->469299K(910720K), 0.0047160 secs] [Times: user=0.02 sys=0.00, real=0.00 secs] 
2014-07-09T01:42:04.949+0000: 3348.411: [GC [PSYoungGen: 223730K->672K(218752K)] 692467K->469449K(905728K), 0.0126010 secs] [Times: user=0.08 sys=0.00, real=0.02 secs] 
2014-07-09T01:42:05.722+0000: 3349.184: [GC [PSYoungGen: 218720K->744K(213824K)] 687497K->469609K(900800K), 0.0078820 secs] [Times: user=0.05 sys=0.00, real=0.00 secs] 
2014-07-09T01:42:06.485+0000: 3349.947: [GC [PSYoungGen: 213777K->662K(256384K)] 682642K->469583K(943360K), 0.0117060 secs] [Times: user=0.07 sys=0.01, real=0.01 secs] 
2014-07-09T01:42:07.396+0000: 3350.858: [GC [PSYoungGen: 256339K->812K(307648K)] 725261K->469813K(994624K), 0.0062940 secs] [Times: user=0.04 sys=0.00, real=0.01 secs] 
2014-07-09T01:42:08.493+0000: 3351.956: [GC [PSYoungGen: 307628K->776K(299328K)] 776629K->469857K(986304K), 0.0079640 secs] [Times: user=0.05 sys=0.01, real=0.01 secs] 
2014-07-09T01:42:09.567+0000: 3353.029: [GC [PSYoungGen: 299254K->812K(291328K)] 768335K->470015K(978304K), 0.0034250 secs] [Times: user=0.02 sys=0.00, real=0.00 secs] 
2014-07-09T01:42:10.580+0000: 3354.042: [GC [PSYoungGen: 291308K->1048K(283904K)] 760511K->470339K(970880K), 0.0046370 secs] [Times: user=0.02 sys=0.00, real=0.01 secs] 
2014-07-09T01:42:11.594+0000: 3355.056: [GC [PSYoungGen: 283864K->434K(275904K)] 753155K->469853K(962880K), 0.0107830 secs] [Times: user=0.07 sys=0.01, real=0.01 secs] 
2014-07-09T01:42:12.576+0000: 3356.038: [GC [PSYoungGen: 275889K->680K(331264K)] 745308K->470147K(1018240K), 0.0184790 secs] [Times: user=0.12 sys=0.00, real=0.02 secs] 
2014-07-09T01:42:13.749+0000: 3357.211: [GC [PSYoungGen: 331225K->924K(397632K)] 800692K->470597K(1084608K), 0.0150180 secs] [Times: user=0.10 sys=0.00, real=0.02 secs] 
2014-07-09T01:42:15.172+0000: 3358.635: [GC [PSYoungGen: 397551K->1010K(415232K)] 867224K->470747K(1102208K), 0.0151350 secs] [Times: user=0.09 sys=0.00, real=0.01 secs] 
2014-07-09T01:42:16.656+0000: 3360.118: [GC [PSYoungGen: 415026K->772K(402112K)] 884763K->470557K(1089088K), 0.0065160 secs] [Times: user=0.04 sys=0.00, real=0.01 secs] 
2014-07-09T01:42:18.096+0000: 3361.558: [GC [PSYoungGen: 402052K->918K(390080K)] 871837K->470767K(1077056K), 0.0040550 secs] [Times: user=0.02 sys=0.00, real=0.00 secs] 
2014-07-09T01:42:19.486+0000: 3362.948: [GC [PSYoungGen: 390029K->680K(378176K)] 859878K->470593K(1065152K), 0.0052660 secs] [Times: user=0.03 sys=0.00, real=0.00 secs] 
2014-07-09T01:42:20.837+0000: 3364.299: [GC [PSYoungGen: 378152K->957K(367232K)] 848065K->470918K(1054208K), 0.0111730 secs] [Times: user=0.07 sys=0.00, real=0.01 secs] 
2014-07-09T01:42:22.153+0000: 3365.615: [GC [PSYoungGen: 367229K->822K(356416K)] 837190K->470839K(1043392K), 0.0160450 secs] [Times: user=0.11 sys=0.00, real=0.02 secs] 
2014-07-09T01:42:23.416+0000: 3366.878: [GC [PSYoungGen: 356367K->947K(346240K)] 826384K->471012K(1033216K), 0.0172270 secs] [Times: user=0.10 sys=0.00, real=0.02 secs] 
2014-07-09T01:42:24.638+0000: 3368.100: [GC [PSYoungGen: 346227K->672K(336128K)] 816292K->471111K(1023104K), 0.0086000 secs] [Times: user=0.06 sys=0.00, real=0.01 secs] 
2014-07-09T01:42:25.830+0000: 3369.292: [GC [PSYoungGen: 336096K->890K(326848K)] 806535K->471417K(1013824K), 0.0062840 secs] [Times: user=0.05 sys=0.01, real=0.01 secs] 
2014-07-09T01:42:26.996+0000: 3370.458: [GC [PSYoungGen: 326799K->662K(317568K)] 797327K->471285K(1004544K), 0.0054470 secs] [Times: user=0.03 sys=0.01, real=0.00 secs] 
2014-07-09T01:42:28.113+0000: 3371.576: [GC [PSYoungGen: 317526K->530K(308736K)] 788149K->471241K(995712K), 0.0089380 secs] [Times: user=0.05 sys=0.00, real=0.01 secs] 
2014-07-09T01:42:29.209+0000: 3372.671: [GC [PSYoungGen: 308690K->776K(300608K)] 779401K->471567K(987584K), 0.0077020 secs] [Times: user=0.05 sys=0.00, real=0.01 secs] 
2014-07-09T01:42:30.304+0000: 3373.766: [GC [PSYoungGen: 300513K->862K(292672K)] 771305K->471725K(979648K), 0.0071920 secs] [Times: user=0.05 sys=0.00, real=0.00 secs] 
2014-07-09T01:42:31.332+0000: 3374.794: [GC [PSYoungGen: 292633K->762K(284800K)] 763497K->471731K(971776K), 0.0114330 secs] [Times: user=0.08 sys=0.00, real=0.01 secs] 
2014-07-09T01:42:32.348+0000: 3375.810: [GC [PSYoungGen: 284794K->744K(277376K)] 755763K->471801K(964352K), 0.0089880 secs] [Times: user=0.05 sys=0.00, real=0.01 secs] 
2014-07-09T01:42:33.351+0000: 3376.813: [GC [PSYoungGen: 277352K->776K(270336K)] 748409K->471929K(957312K), 0.0073560 secs] [Times: user=0.06 sys=0.00, real=0.01 secs] 
2014-07-09T01:42:34.291+0000: 3377.753: [GC [PSYoungGen: 270279K->730K(263424K)] 741432K->471963K(950400K), 0.0053100 secs] [Times: user=0.04 sys=0.00, real=0.01 secs] 
2014-07-09T01:42:35.236+0000: 3378.698: [GC [PSYoungGen: 263386K->616K(256704K)] 734619K->472051K(943680K), 0.0099660 secs] [Times: user=0.07 sys=0.00, real=0.01 secs] 
2014-07-09T01:42:36.156+0000: 3379.618: [GC [PSYoungGen: 256680K->994K(250752K)] 728115K->472493K(937728K), 0.0138600 secs] [Times: user=0.09 sys=0.01, real=0.01 secs] 
2014-07-09T01:42:37.048+0000: 3380.510: [GC [PSYoungGen: 250722K->552K(244160K)] 722221K->472197K(931136K), 0.0051500 secs] [Times: user=0.02 sys=0.00, real=0.00 secs] 
2014-07-09T01:42:37.903+0000: 3381.366: [GC [PSYoungGen: 244136K->748K(293120K)] 715781K->472425K(980096K), 0.0124970 secs] [Times: user=0.07 sys=0.00, real=0.02 secs] 
2014-07-09T01:42:38.933+0000: 3382.395: [GC [PSYoungGen: 293065K->1004K(285632K)] 764743K->472880K(972608K), 0.0066540 secs] [Times: user=0.03 sys=0.00, real=0.01 secs] 
2014-07-09T01:42:39.944+0000: 3383.407: [GC [PSYoungGen: 285612K->812K(278016K)] 757488K->472743K(964992K), 0.0048960 secs] [Times: user=0.02 sys=0.00, real=0.01 secs] 
2014-07-09T01:42:40.935+0000: 3384.397: [GC [PSYoungGen: 277996K->488K(270528K)] 749927K->472869K(957504K), 0.0073870 secs] [Times: user=0.04 sys=0.00, real=0.01 secs] 
2014-07-09T01:42:41.897+0000: 3385.359: [GC [PSYoungGen: 270498K->914K(264128K)] 742880K->473368K(951104K), 0.0061730 secs] [Times: user=0.02 sys=0.01, real=0.00 secs] 
2014-07-09T01:42:42.841+0000: 3386.303: [GC [PSYoungGen: 264073K->826K(257408K)] 736526K->473359K(944384K), 0.0058210 secs] [Times: user=0.02 sys=0.00, real=0.01 secs] 
2014-07-09T01:42:43.776+0000: 3387.238: [GC [PSYoungGen: 257402K->844K(251072K)] 729935K->473441K(938048K), 0.0140060 secs] [Times: user=0.09 sys=0.00, real=0.01 secs] 
2014-07-09T01:42:44.661+0000: 3388.123: [GC [PSYoungGen: 250989K->508K(244544K)] 723587K->473658K(931520K), 0.0047300 secs] [Times: user=0.02 sys=0.00, real=0.01 secs] 
2014-07-09T01:42:45.533+0000: 3388.996: [GC [PSYoungGen: 244540K->1090K(294016K)] 717690K->474280K(980992K), 0.0201180 secs] [Times: user=0.10 sys=0.00, real=0.02 secs] 
2014-07-09T01:42:46.575+0000: 3390.037: [GC [PSYoungGen: 293954K->580K(352128K)] 767144K->474092K(1039104K), 0.0074230 secs] [Times: user=0.05 sys=0.00, real=0.01 secs] 
2014-07-09T01:42:47.833+0000: 3391.296: [GC [PSYoungGen: 352068K->530K(341952K)] 825580K->474098K(1028928K), 0.0075380 secs] [Times: user=0.04 sys=0.00, real=0.01 secs] 
2014-07-09T01:42:49.059+0000: 3392.521: [GC [PSYoungGen: 341854K->1216K(332992K)] 815423K->474881K(1019968K), 0.0057250 secs] [Times: user=0.04 sys=0.00, real=0.00 secs] 
2014-07-09T01:42:50.252+0000: 3393.714: [GC [PSYoungGen: 332928K->662K(323136K)] 806593K->474414K(1010112K), 0.0088420 secs] [Times: user=0.07 sys=0.00, real=0.01 secs] 
2014-07-09T01:42:51.411+0000: 3394.873: [GC [PSYoungGen: 323094K->644K(314240K)] 796846K->474476K(1001216K), 0.0124270 secs] [Times: user=0.10 sys=0.00, real=0.01 secs] 
2014-07-09T01:42:52.512+0000: 3395.974: [GC [PSYoungGen: 314180K->876K(305856K)] 788012K->474780K(992832K), 0.0076830 secs] [Times: user=0.04 sys=0.00, real=0.01 secs] 
2014-07-09T01:42:53.602+0000: 3397.065: [GC [PSYoungGen: 305836K->730K(297472K)] 779740K->474690K(984448K), 0.0087290 secs] [Times: user=0.06 sys=0.00, real=0.01 secs] 
2014-07-09T01:42:54.692+0000: 3398.154: [GC [PSYoungGen: 297434K->940K(289728K)] 771394K->474996K(976704K), 0.0083200 secs] [Times: user=0.05 sys=0.00, real=0.01 secs] 
2014-07-09T01:42:55.728+0000: 3399.191: [GC [PSYoungGen: 289708K->594K(281792K)] 763764K->474698K(968768K), 0.0109340 secs] [Times: user=0.07 sys=0.00, real=0.01 secs] 
2014-07-09T01:42:56.743+0000: 3400.206: [GC [PSYoungGen: 281746K->975K(274880K)] 755850K->475143K(961856K), 0.0056290 secs] [Times: user=0.03 sys=0.00, real=0.01 secs] 
2014-07-09T01:42:57.706+0000: 3401.168: [GC [PSYoungGen: 274831K->640K(267456K)] 748999K->474888K(954432K), 0.0040000 secs] [Times: user=0.02 sys=0.00, real=0.01 secs] 
2014-07-09T01:42:58.636+0000: 3402.099: [GC [PSYoungGen: 267446K->965K(261056K)] 741695K->475301K(948032K), 0.0065370 secs] [Times: user=0.04 sys=0.00, real=0.01 secs] 
2014-07-09T01:42:59.556+0000: 3403.019: [GC [PSYoungGen: 260997K->480K(254016K)] 735333K->474888K(940992K), 0.0074490 secs] [Times: user=0.05 sys=0.00, real=0.01 secs] 
2014-07-09T01:43:00.453+0000: 3403.915: [GC [PSYoungGen: 253984K->872K(248128K)] 728392K->475336K(935104K), 0.0037860 secs] [Times: user=0.03 sys=0.00, real=0.00 secs] 
2014-07-09T01:43:01.333+0000: 3404.795: [GC [PSYoungGen: 248104K->626K(241856K)] 722568K->475170K(928832K), 0.0087460 secs] [Times: user=0.04 sys=0.01, real=0.01 secs] 
2014-07-09T01:43:02.192+0000: 3405.654: [GC [PSYoungGen: 241838K->882K(236288K)] 716382K->475530K(923264K), 0.0062830 secs] [Times: user=0.03 sys=0.00, real=0.00 secs] 
2014-07-09T01:43:03.047+0000: 3406.509: [GC [PSYoungGen: 236274K->776K(230656K)] 710922K->475504K(917632K), 0.0117590 secs] [Times: user=0.07 sys=0.01, real=0.02 secs] 
2014-07-09T01:43:03.864+0000: 3407.326: [GC [PSYoungGen: 230600K->730K(225216K)] 705328K->475522K(912192K), 0.0083090 secs] [Times: user=0.04 sys=0.01, real=0.01 secs] 
2014-07-09T01:43:04.668+0000: 3408.130: [GC [PSYoungGen: 225178K->466K(219776K)] 699970K->475298K(906752K), 0.0054150 secs] [Times: user=0.03 sys=0.00, real=0.01 secs] 
2014-07-09T01:43:05.436+0000: 3408.898: [GC [PSYoungGen: 219730K->976K(215296K)] 694562K->475880K(902272K), 0.0044930 secs] [Times: user=0.02 sys=0.00, real=0.01 secs] 
2014-07-09T01:43:06.195+0000: 3409.657: [GC [PSYoungGen: 215241K->794K(210304K)] 690145K->475770K(897280K), 0.0043010 secs] [Times: user=0.02 sys=0.00, real=0.01 secs] 
2014-07-09T01:43:06.945+0000: 3410.408: [GC [PSYoungGen: 210266K->594K(205440K)] 685242K->475618K(892416K), 0.0080330 secs] [Times: user=0.05 sys=0.01, real=0.01 secs] 
2014-07-09T01:43:07.666+0000: 3411.128: [GC [PSYoungGen: 205394K->794K(201152K)] 680418K->475874K(888128K), 0.0066410 secs] [Times: user=0.03 sys=0.00, real=0.01 secs] 
2014-07-09T01:43:08.391+0000: 3411.853: [GC [PSYoungGen: 201099K->626K(196608K)] 676180K->475802K(883584K), 0.0103480 secs] [Times: user=0.07 sys=0.00, real=0.01 secs] 
2014-07-09T01:43:09.078+0000: 3412.540: [GC [PSYoungGen: 196594K->864K(192640K)] 671770K->476120K(879616K), 0.0046180 secs] [Times: user=0.03 sys=0.00, real=0.01 secs] 
2014-07-09T01:43:09.772+0000: 3413.234: [GC [PSYoungGen: 192606K->680K(230848K)] 667862K->475992K(917824K), 0.0151820 secs] [Times: user=0.11 sys=0.00, real=0.01 secs] 
2014-07-09T01:43:10.602+0000: 3414.064: [GC [PSYoungGen: 230780K->758K(276992K)] 706092K->476812K(963968K), 0.0089380 secs] [Times: user=0.05 sys=0.01, real=0.01 secs] 
2014-07-09T01:43:11.577+0000: 3415.039: [GC [PSYoungGen: 276982K->765K(332288K)] 753036K->476890K(1019264K), 0.0060290 secs] [Times: user=0.04 sys=0.00, real=0.01 secs] 
2014-07-09T01:43:12.771+0000: 3416.233: [GC [PSYoungGen: 332285K->830K(323072K)] 808410K->477189K(1010048K), 0.0050160 secs] [Times: user=0.03 sys=0.00, real=0.00 secs] 
2014-07-09T01:43:13.936+0000: 3417.398: [GC [PSYoungGen: 323069K->866K(387584K)] 799427K->477257K(1074560K), 0.0205620 secs] [Times: user=0.13 sys=0.00, real=0.02 secs] 
2014-07-09T01:43:15.318+0000: 3418.780: [GC [PSYoungGen: 387554K->612K(375744K)] 863945K->477050K(1062720K), 0.0057090 secs] [Times: user=0.04 sys=0.00, real=0.01 secs] 
2014-07-09T01:43:16.670+0000: 3420.132: [GC [PSYoungGen: 375716K->790K(364864K)] 852154K->477300K(1051840K), 0.0048660 secs] [Times: user=0.03 sys=0.00, real=0.01 secs] 
2014-07-09T01:43:17.970+0000: 3421.432: [GC [PSYoungGen: 364802K->1146K(354560K)] 841313K->477761K(1041536K), 0.0071060 secs] [Times: user=0.04 sys=0.00, real=0.01 secs] 
2014-07-09T01:43:19.244+0000: 3422.706: [GC [PSYoungGen: 354523K->712K(344000K)] 831138K->477399K(1030976K), 0.0074290 secs] [Times: user=0.05 sys=0.00, real=0.01 secs] 
2014-07-09T01:43:20.480+0000: 3423.943: [GC [PSYoungGen: 343944K->648K(334144K)] 820631K->477375K(1021120K), 0.0046780 secs] [Times: user=0.02 sys=0.00, real=0.01 secs] 
2014-07-09T01:43:21.669+0000: 3425.131: [GC [PSYoungGen: 334088K->544K(324672K)] 810815K->477342K(1011648K), 0.0042180 secs] [Times: user=0.02 sys=0.00, real=0.01 secs] 
2014-07-09T01:43:22.850+0000: 3426.313: [GC [PSYoungGen: 324640K->658K(315776K)] 801438K->477528K(1002752K), 0.0060400 secs] [Times: user=0.04 sys=0.00, real=0.01 secs] 
2014-07-09T01:43:23.978+0000: 3427.440: [GC [PSYoungGen: 315730K->844K(307328K)] 792600K->477787K(994304K), 0.0095940 secs] [Times: user=0.06 sys=0.00, real=0.01 secs] 
2014-07-09T01:43:25.075+0000: 3428.537: [GC [PSYoungGen: 307276K->726K(298880K)] 784219K->477724K(985856K), 0.0119750 secs] [Times: user=0.07 sys=0.00, real=0.01 secs] 
2014-07-09T01:43:26.133+0000: 3429.595: [GC [PSYoungGen: 298794K->666K(290880K)] 775793K->477729K(977856K), 0.0040430 secs] [Times: user=0.02 sys=0.00, real=0.00 secs] 
2014-07-09T01:43:27.168+0000: 3430.630: [GC [PSYoungGen: 290842K->772K(283328K)] 767905K->477906K(970304K), 0.0078880 secs] [Times: user=0.06 sys=0.00, real=0.01 secs] 
2014-07-09T01:43:28.167+0000: 3431.630: [GC [PSYoungGen: 283268K->662K(275840K)] 760402K->477860K(962816K), 0.0114850 secs] [Times: user=0.07 sys=0.00, real=0.01 secs] 
2014-07-09T01:43:29.144+0000: 3432.606: [GC [PSYoungGen: 275761K->744K(268864K)] 752960K->478023K(955840K), 0.0035020 secs] [Times: user=0.02 sys=0.01, real=0.00 secs] 
2014-07-09T01:43:30.100+0000: 3433.562: [GC [PSYoungGen: 268839K->1066K(262400K)] 746118K->478417K(949376K), 0.0185470 secs] [Times: user=0.12 sys=0.00, real=0.02 secs] 
2014-07-09T01:43:31.037+0000: 3434.499: [GC [PSYoungGen: 262378K->374K(255168K)] 739729K->478181K(942144K), 0.0082260 secs] [Times: user=0.05 sys=0.00, real=0.01 secs] 
2014-07-09T01:43:31.947+0000: 3435.410: [GC [PSYoungGen: 255158K->1127K(249664K)] 732965K->479056K(936640K), 0.0066580 secs] [Times: user=0.03 sys=0.01, real=0.01 secs] 
2014-07-09T01:43:32.827+0000: 3436.290: [GC [PSYoungGen: 249639K->748K(243200K)] 727568K->478781K(930176K), 0.0056180 secs] [Times: user=0.03 sys=0.00, real=0.01 secs] 
2014-07-09T01:43:33.682+0000: 3437.145: [GC [PSYoungGen: 243180K->776K(237440K)] 721213K->478865K(924416K), 0.0080970 secs] [Times: user=0.03 sys=0.00, real=0.01 secs] 
2014-07-09T01:43:34.515+0000: 3437.977: [GC [PSYoungGen: 237384K->466K(231488K)] 715473K->478603K(918464K), 0.0047730 secs] [Times: user=0.02 sys=0.00, real=0.00 secs] 
2014-07-09T01:43:35.336+0000: 3438.798: [GC [PSYoungGen: 231442K->562K(226112K)] 709579K->478771K(913088K), 0.0093220 secs] [Times: user=0.07 sys=0.00, real=0.01 secs] 
2014-07-09T01:43:36.116+0000: 3439.578: [GC [PSYoungGen: 226098K->662K(220992K)] 704307K->478959K(907968K), 0.0080840 secs] [Times: user=0.05 sys=0.00, real=0.01 secs] 
2014-07-09T01:43:36.893+0000: 3440.356: [GC [PSYoungGen: 220950K->676K(215936K)] 699247K->479029K(902912K), 0.0049610 secs] [Times: user=0.02 sys=0.00, real=0.01 secs] 
2014-07-09T01:43:37.669+0000: 3441.131: [GC [PSYoungGen: 215908K->740K(211136K)] 694261K->479173K(898112K), 0.0070960 secs] [Times: user=0.05 sys=0.00, real=0.01 secs] 
2014-07-09T01:43:38.429+0000: 3441.891: [GC [PSYoungGen: 211108K->804K(206528K)] 689541K->479301K(893504K), 0.0043760 secs] [Times: user=0.03 sys=0.00, real=0.00 secs] 
2014-07-09T01:43:39.156+0000: 3442.618: [GC [PSYoungGen: 206482K->740K(201920K)] 684979K->479523K(888896K), 0.0104820 secs] [Times: user=0.06 sys=0.00, real=0.01 secs] 
2014-07-09T01:43:39.874+0000: 3443.336: [GC [PSYoungGen: 201892K->704K(242112K)] 680675K->479535K(929088K), 0.0102450 secs] [Times: user=0.04 sys=0.00, real=0.01 secs] 
2014-07-09T01:43:40.723+0000: 3444.186: [GC [PSYoungGen: 242112K->644K(290432K)] 720943K->479539K(977408K), 0.0078020 secs] [Times: user=0.05 sys=0.00, real=0.01 secs] 
2014-07-09T01:43:41.763+0000: 3445.226: [GC [PSYoungGen: 290351K->594K(348352K)] 769246K->479569K(1035328K), 0.0109740 secs] [Times: user=0.08 sys=0.00, real=0.01 secs] 
2014-07-09T01:43:43.020+0000: 3446.483: [GC [PSYoungGen: 348306K->544K(338304K)] 827281K->479575K(1025280K), 0.0059490 secs] [Times: user=0.02 sys=0.00, real=0.01 secs] 
2014-07-09T01:43:44.225+0000: 3447.687: [GC [PSYoungGen: 338272K->786K(329024K)] 817303K->479881K(1016000K), 0.0063350 secs] [Times: user=0.04 sys=0.00, real=0.01 secs] 
2014-07-09T01:43:45.400+0000: 3448.863: [GC [PSYoungGen: 328978K->780K(319872K)] 808073K->479939K(1006848K), 0.0043740 secs] [Times: user=0.02 sys=0.00, real=0.01 secs] 
2014-07-09T01:43:46.545+0000: 3450.008: [GC [PSYoungGen: 319804K->1072K(311360K)] 798964K->480279K(998336K), 0.0060580 secs] [Times: user=0.04 sys=0.00, real=0.01 secs] 
2014-07-09T01:43:47.656+0000: 3451.118: [GC [PSYoungGen: 311344K->306K(302144K)] 790551K->479873K(989120K), 0.0066770 secs] [Times: user=0.05 sys=0.00, real=0.00 secs] 
2014-07-09T01:43:48.727+0000: 3452.189: [GC [PSYoungGen: 302130K->594K(294336K)] 781697K->480225K(981312K), 0.0031910 secs] [Times: user=0.02 sys=0.00, real=0.00 secs] 
2014-07-09T01:43:49.762+0000: 3453.224: [GC [PSYoungGen: 294290K->768K(286720K)] 773921K->480439K(973696K), 0.0111120 secs] [Times: user=0.07 sys=0.00, real=0.01 secs] 
2014-07-09T01:43:50.787+0000: 3454.250: [GC [PSYoungGen: 286648K->918K(279360K)] 766319K->480629K(966336K), 0.0112060 secs] [Times: user=0.06 sys=0.00, real=0.01 secs] 
2014-07-09T01:43:51.776+0000: 3455.238: [GC [PSYoungGen: 279318K->566K(271808K)] 759029K->480375K(958784K), 0.0040300 secs] [Times: user=0.01 sys=0.00, real=0.01 secs] 
2014-07-09T01:43:52.718+0000: 3456.180: [GC [PSYoungGen: 271798K->648K(265024K)] 751607K->480513K(952000K), 0.0073340 secs] [Times: user=0.05 sys=0.00, real=0.00 secs] 
2014-07-09T01:43:53.652+0000: 3457.115: [GC [PSYoungGen: 264968K->530K(258240K)] 744833K->480475K(945216K), 0.0160130 secs] [Times: user=0.12 sys=0.00, real=0.02 secs] 
2014-07-09T01:43:54.567+0000: 3458.029: [GC [PSYoungGen: 258194K->648K(251968K)] 738139K->480657K(938944K), 0.0035650 secs] [Times: user=0.02 sys=0.00, real=0.01 secs] 
2014-07-09T01:43:55.460+0000: 3458.922: [GC [PSYoungGen: 251912K->794K(245952K)] 731921K->480891K(932928K), 0.0083180 secs] [Times: user=0.05 sys=0.00, real=0.01 secs] 
2014-07-09T01:43:56.324+0000: 3459.786: [GC [PSYoungGen: 245914K->950K(240128K)] 726011K->481143K(927104K), 0.0075570 secs] [Times: user=0.05 sys=0.00, real=0.01 secs] 
2014-07-09T01:43:57.184+0000: 3460.646: [GC [PSYoungGen: 240118K->434K(233920K)] 720311K->480755K(920896K), 0.0092220 secs] [Times: user=0.06 sys=0.00, real=0.01 secs] 
2014-07-09T01:43:58.011+0000: 3461.474: [GC [PSYoungGen: 233906K->862K(228864K)] 714227K->481231K(915840K), 0.0058530 secs] [Times: user=0.04 sys=0.00, real=0.01 secs] 
2014-07-09T01:43:58.824+0000: 3462.286: [GC [PSYoungGen: 228830K->858K(223552K)] 709199K->481341K(910528K), 0.0078930 secs] [Times: user=0.05 sys=0.00, real=0.01 secs] 
2014-07-09T01:43:59.620+0000: 3463.082: [GC [PSYoungGen: 223497K->1121K(218688K)] 703980K->481784K(905664K), 0.0077830 secs] [Times: user=0.04 sys=0.00, real=0.01 secs] 
2014-07-09T01:44:00.392+0000: 3463.854: [GC [PSYoungGen: 218643K->306K(212928K)] 699306K->481219K(899904K), 0.0055650 secs] [Times: user=0.03 sys=0.00, real=0.00 secs] 
2014-07-09T01:44:01.152+0000: 3464.614: [GC [PSYoungGen: 212902K->812K(256000K)] 693815K->481789K(942976K), 0.0139130 secs] [Times: user=0.10 sys=0.00, real=0.01 secs] 
2014-07-09T01:44:02.079+0000: 3465.541: [GC [PSYoungGen: 255980K->826K(307072K)] 736957K->482107K(994048K), 0.0076130 secs] [Times: user=0.04 sys=0.00, real=0.00 secs] 
2014-07-09T01:44:03.174+0000: 3466.636: [GC [PSYoungGen: 307059K->844K(298880K)] 788340K->482181K(985856K), 0.0083490 secs] [Times: user=0.05 sys=0.00, real=0.01 secs] 
2014-07-09T01:44:04.243+0000: 3467.705: [GC [PSYoungGen: 298828K->544K(290624K)] 780165K->481937K(977600K), 0.0053050 secs] [Times: user=0.03 sys=0.00, real=0.01 secs] 
2014-07-09T01:44:05.290+0000: 3468.752: [GC [PSYoungGen: 290592K->830K(283264K)] 771985K->482327K(970240K), 0.0052130 secs] [Times: user=0.03 sys=0.01, real=0.00 secs] 
2014-07-09T01:44:06.291+0000: 3469.753: [GC [PSYoungGen: 283262K->808K(275904K)] 764759K->482369K(962880K), 0.0045100 secs] [Times: user=0.02 sys=0.00, real=0.00 secs] 
2014-07-09T01:44:07.267+0000: 3470.730: [GC [PSYoungGen: 275833K->1058K(269120K)] 757394K->482731K(956096K), 0.0091220 secs] [Times: user=0.07 sys=0.01, real=0.01 secs] 
2014-07-09T01:44:08.212+0000: 3471.675: [GC [PSYoungGen: 269066K->570K(261824K)] 750739K->482463K(948800K), 0.0051580 secs] [Times: user=0.03 sys=0.00, real=0.00 secs] 
2014-07-09T01:44:09.127+0000: 3472.589: [GC [PSYoungGen: 261818K->612K(255360K)] 743711K->482577K(942336K), 0.0064370 secs] [Times: user=0.04 sys=0.00, real=0.01 secs] 
2014-07-09T01:44:10.051+0000: 3473.513: [GC [PSYoungGen: 255332K->790K(249280K)] 737297K->482885K(936256K), 0.0104410 secs] [Times: user=0.07 sys=0.00, real=0.01 secs] 
2014-07-09T01:44:10.947+0000: 3474.409: [GC [PSYoungGen: 249217K->844K(243264K)] 731313K->483003K(930240K), 0.0082760 secs] [Times: user=0.06 sys=0.00, real=0.01 secs] 
2014-07-09T01:44:11.825+0000: 3475.288: [GC [PSYoungGen: 243212K->612K(237184K)] 725371K->482883K(924160K), 0.0101260 secs] [Times: user=0.06 sys=0.01, real=0.01 secs] 
2014-07-09T01:44:12.673+0000: 3476.136: [GC [PSYoungGen: 237119K->830K(231744K)] 719390K->483157K(918720K), 0.0058530 secs] [Times: user=0.03 sys=0.01, real=0.01 secs] 
2014-07-09T01:44:13.488+0000: 3476.950: [GC [PSYoungGen: 231711K->865K(226368K)] 714038K->483288K(913344K), 0.0047420 secs] [Times: user=0.02 sys=0.00, real=0.01 secs] 
2014-07-09T01:44:14.295+0000: 3477.757: [GC [PSYoungGen: 226336K->630K(271232K)] 708760K->483125K(958208K), 0.0155360 secs] [Times: user=0.10 sys=0.00, real=0.02 secs] 
2014-07-09T01:44:15.256+0000: 3478.718: [GC [PSYoungGen: 271222K->416K(264128K)] 753717K->482991K(951104K), 0.0081910 secs] [Times: user=0.06 sys=0.00, real=0.01 secs] 
2014-07-09T01:44:16.220+0000: 3479.683: [GC [PSYoungGen: 264096K->530K(257600K)] 746671K->483169K(944576K), 0.0045910 secs] [Times: user=0.02 sys=0.00, real=0.00 secs] 
2014-07-09T01:44:17.143+0000: 3480.606: [GC [PSYoungGen: 257554K->708K(251392K)] 740193K->483435K(938368K), 0.0059710 secs] [Times: user=0.04 sys=0.00, real=0.00 secs] 
2014-07-09T01:44:18.038+0000: 3481.500: [GC [PSYoungGen: 251332K->822K(245312K)] 734059K->483645K(932288K), 0.0107570 secs] [Times: user=0.07 sys=0.00, real=0.01 secs] 
2014-07-09T01:44:18.913+0000: 3482.376: [GC [PSYoungGen: 245279K->744K(239360K)] 728103K->483649K(926336K), 0.0062370 secs] [Times: user=0.03 sys=0.00, real=0.00 secs] 
2014-07-09T01:44:19.767+0000: 3483.229: [GC [PSYoungGen: 239336K->794K(233728K)] 722241K->483779K(920704K), 0.0099280 secs] [Times: user=0.06 sys=0.00, real=0.01 secs] 
2014-07-09T01:44:20.598+0000: 3484.060: [GC [PSYoungGen: 233679K->758K(228160K)] 716665K->483847K(915136K), 0.0100840 secs] [Times: user=0.07 sys=0.00, real=0.01 secs] 
2014-07-09T01:44:21.415+0000: 3484.877: [GC [PSYoungGen: 228131K->954K(273856K)] 711221K->484108K(960832K), 0.0091760 secs] [Times: user=0.07 sys=0.00, real=0.01 secs] 
2014-07-09T01:44:22.376+0000: 3485.838: [GC [PSYoungGen: 273801K->506K(266432K)] 756954K->483978K(953408K), 0.0060780 secs] [Times: user=0.04 sys=0.00, real=0.01 secs] 
2014-07-09T01:44:23.304+0000: 3486.766: [GC [PSYoungGen: 266426K->1083K(260288K)] 749898K->484760K(947264K), 0.0102380 secs] [Times: user=0.07 sys=0.00, real=0.01 secs] 
2014-07-09T01:44:24.225+0000: 3487.688: [GC [PSYoungGen: 260283K->516K(253312K)] 743960K->484501K(940288K), 0.0058460 secs] [Times: user=0.03 sys=0.00, real=0.01 secs] 
2014-07-09T01:44:25.123+0000: 3488.585: [GC [PSYoungGen: 253252K->748K(247296K)] 737237K->484774K(934272K), 0.0115880 secs] [Times: user=0.05 sys=0.00, real=0.01 secs] 
2014-07-09T01:44:26.010+0000: 3489.473: [GC [PSYoungGen: 247264K->950K(241472K)] 731289K->485071K(928448K), 0.0090130 secs] [Times: user=0.06 sys=0.00, real=0.01 secs] 
2014-07-09T01:44:26.862+0000: 3490.324: [GC [PSYoungGen: 241462K->912K(235712K)] 725583K->485122K(922688K), 0.0084060 secs] [Times: user=0.05 sys=0.00, real=0.01 secs] 
2014-07-09T01:44:27.707+0000: 3491.170: [GC [PSYoungGen: 235664K->630K(229824K)] 719874K->484895K(916800K), 0.0086920 secs] [Times: user=0.05 sys=0.01, real=0.01 secs] 
2014-07-09T01:44:28.525+0000: 3491.987: [GC [PSYoungGen: 229764K->780K(224640K)] 714029K->485110K(911616K), 0.0031430 secs] [Times: user=0.02 sys=0.00, real=0.00 secs] 
2014-07-09T01:44:29.324+0000: 3492.786: [GC [PSYoungGen: 224588K->954K(219584K)] 708918K->485356K(906560K), 0.0098570 secs] [Times: user=0.07 sys=0.00, real=0.01 secs] 
2014-07-09T01:44:30.107+0000: 3493.569: [GC [PSYoungGen: 219578K->580K(214272K)] 703980K->485037K(901248K), 0.0067680 secs] [Times: user=0.03 sys=0.01, real=0.01 secs] 
2014-07-09T01:44:30.873+0000: 3494.335: [GC [PSYoungGen: 214212K->786K(209664K)] 698669K->485323K(896640K), 0.0086770 secs] [Times: user=0.06 sys=0.00, real=0.00 secs] 
2014-07-09T01:44:31.610+0000: 3495.072: [GC [PSYoungGen: 209618K->744K(204928K)] 694155K->485377K(891904K), 0.0047500 secs] [Times: user=0.03 sys=0.00, real=0.01 secs] 
2014-07-09T01:44:32.333+0000: 3495.795: [GC [PSYoungGen: 204904K->448K(200128K)] 689537K->485145K(887104K), 0.0085530 secs] [Times: user=0.05 sys=0.00, real=0.00 secs] 
2014-07-09T01:44:33.042+0000: 3496.504: [GC [PSYoungGen: 200101K->648K(196032K)] 684799K->485401K(883008K), 0.0082470 secs] [Times: user=0.05 sys=0.00, real=0.01 secs] 
2014-07-09T01:44:33.731+0000: 3497.193: [GC [PSYoungGen: 195964K->936K(235392K)] 680718K->485730K(922368K), 0.0096160 secs] [Times: user=0.06 sys=0.00, real=0.01 secs] 
2014-07-09T01:44:34.579+0000: 3498.042: [GC [PSYoungGen: 235352K->744K(229632K)] 720146K->485617K(916608K), 0.0042980 secs] [Times: user=0.02 sys=0.00, real=0.01 secs] 
2014-07-09T01:44:35.408+0000: 3498.870: [GC [PSYoungGen: 229608K->466K(224000K)] 714481K->485387K(910976K), 0.0081480 secs] [Times: user=0.05 sys=0.00, real=0.01 secs] 
2014-07-09T01:44:36.218+0000: 3499.680: [GC [PSYoungGen: 223954K->680K(219008K)] 708875K->485673K(905984K), 0.0052380 secs] [Times: user=0.02 sys=0.00, real=0.01 secs] 
2014-07-09T01:44:36.999+0000: 3500.461: [GC [PSYoungGen: 218984K->498K(213824K)] 703977K->485563K(900800K), 0.0054840 secs] [Times: user=0.03 sys=0.01, real=0.01 secs] 
2014-07-09T01:44:37.755+0000: 3501.217: [GC [PSYoungGen: 213810K->830K(209344K)] 698875K->485944K(896320K), 0.0111000 secs] [Times: user=0.07 sys=0.00, real=0.01 secs] 
2014-07-09T01:44:38.503+0000: 3501.965: [GC [PSYoungGen: 209315K->630K(204544K)] 694429K->485807K(891520K), 0.0037530 secs] [Times: user=0.03 sys=0.01, real=0.01 secs] 
2014-07-09T01:44:39.232+0000: 3502.694: [GC [PSYoungGen: 204534K->762K(200192K)] 689711K->486011K(887168K), 0.0071400 secs] [Times: user=0.05 sys=0.00, real=0.01 secs] 
2014-07-09T01:44:39.958+0000: 3503.420: [GC [PSYoungGen: 200186K->882K(240256K)] 685435K->486180K(927232K), 0.0131790 secs] [Times: user=0.07 sys=0.00, real=0.01 secs] 
2014-07-09T01:44:40.812+0000: 3504.274: [GC [PSYoungGen: 240242K->848K(288128K)] 725540K->486178K(975104K), 0.0070990 secs] [Times: user=0.02 sys=0.00, real=0.01 secs] 
2014-07-09T01:44:41.817+0000: 3505.279: [GC [PSYoungGen: 288080K->566K(280256K)] 773410K->486139K(967232K), 0.0056660 secs] [Times: user=0.03 sys=0.00, real=0.00 secs] 
2014-07-09T01:44:42.807+0000: 3506.269: [GC [PSYoungGen: 280246K->766K(273216K)] 765819K->486380K(960192K), 0.0047870 secs] [Times: user=0.02 sys=0.00, real=0.00 secs] 
2014-07-09T01:44:43.802+0000: 3507.264: [GC [PSYoungGen: 273214K->928K(266432K)] 758828K->486680K(953408K), 0.0060150 secs] [Times: user=0.04 sys=0.00, real=0.01 secs] 
2014-07-09T01:44:44.754+0000: 3508.216: [GC [PSYoungGen: 266392K->894K(259648K)] 752144K->486702K(946624K), 0.0098080 secs] [Times: user=0.05 sys=0.00, real=0.01 secs] 
2014-07-09T01:44:45.673+0000: 3509.135: [GC [PSYoungGen: 259646K->491K(252800K)] 745454K->486588K(939776K), 0.0050600 secs] [Times: user=0.04 sys=0.01, real=0.01 secs] 
2014-07-09T01:44:46.576+0000: 3510.039: [GC [PSYoungGen: 252777K->736K(246848K)] 738875K->486897K(933824K), 0.0080070 secs] [Times: user=0.05 sys=0.00, real=0.00 secs] 
2014-07-09T01:44:47.455+0000: 3510.917: [GC [PSYoungGen: 246816K->928K(241088K)] 732977K->487497K(928064K), 0.0044880 secs] [Times: user=0.02 sys=0.01, real=0.00 secs] 
2014-07-09T01:44:48.307+0000: 3511.769: [GC [PSYoungGen: 241056K->958K(235328K)] 727625K->487599K(922304K), 0.0074210 secs] [Times: user=0.04 sys=0.00, real=0.00 secs] 
2014-07-09T01:44:49.164+0000: 3512.626: [GC [PSYoungGen: 235326K->566K(229376K)] 721967K->487279K(916352K), 0.0048590 secs] [Times: user=0.03 sys=0.00, real=0.01 secs] 
2014-07-09T01:44:49.985+0000: 3513.447: [GC [PSYoungGen: 229366K->800K(275392K)] 716079K->487577K(962368K), 0.0174740 secs] [Times: user=0.10 sys=0.01, real=0.01 secs] 
2014-07-09T01:44:50.971+0000: 3514.434: [GC [PSYoungGen: 275360K->892K(268416K)] 762137K->487717K(955392K), 0.0044370 secs] [Times: user=0.02 sys=0.00, real=0.01 secs] 
2014-07-09T01:44:51.930+0000: 3515.392: [GC [PSYoungGen: 268412K->800K(261568K)] 755237K->487705K(948544K), 0.0088380 secs] [Times: user=0.05 sys=0.01, real=0.01 secs] 
2014-07-09T01:44:52.848+0000: 3516.310: [GC [PSYoungGen: 261536K->740K(254976K)] 748441K->487767K(941952K), 0.0088950 secs] [Times: user=0.04 sys=0.00, real=0.01 secs] 
2014-07-09T01:44:53.764+0000: 3517.226: [GC [PSYoungGen: 254948K->822K(248768K)] 741975K->487921K(935744K), 0.0107410 secs] [Times: user=0.07 sys=0.00, real=0.01 secs] 
2014-07-09T01:44:54.646+0000: 3518.108: [GC [PSYoungGen: 248755K->580K(242560K)] 735854K->487719K(929536K), 0.0064720 secs] [Times: user=0.02 sys=0.01, real=0.00 secs] 
2014-07-09T01:44:55.500+0000: 3518.962: [GC [PSYoungGen: 242500K->484K(236608K)] 729639K->487671K(923584K), 0.0073300 secs] [Times: user=0.04 sys=0.00, real=0.01 secs] 
2014-07-09T01:44:56.349+0000: 3519.811: [GC [PSYoungGen: 236580K->662K(231168K)] 723767K->487929K(918144K), 0.0037140 secs] [Times: user=0.02 sys=0.00, real=0.00 secs] 
2014-07-09T01:44:57.151+0000: 3520.613: [GC [PSYoungGen: 231126K->640K(225728K)] 718393K->487979K(912704K), 0.0039850 secs] [Times: user=0.02 sys=0.01, real=0.00 secs] 
2014-07-09T01:44:57.954+0000: 3521.416: [GC [PSYoungGen: 225718K->918K(220864K)] 713057K->488329K(907840K), 0.0085850 secs] [Times: user=0.05 sys=0.00, real=0.01 secs] 
2014-07-09T01:44:58.744+0000: 3522.207: [GC [PSYoungGen: 220732K->697K(215552K)] 708144K->488180K(902528K), 0.0067480 secs] [Times: user=0.04 sys=0.00, real=0.01 secs] 
2014-07-09T01:44:59.509+0000: 3522.971: [GC [PSYoungGen: 215545K->680K(210688K)] 703028K->488341K(897664K), 0.0058500 secs] [Times: user=0.04 sys=0.00, real=0.00 secs] 
2014-07-09T01:45:00.267+0000: 3523.729: [GC [PSYoungGen: 210664K->804K(206144K)] 698325K->488529K(893120K), 0.0037560 secs] [Times: user=0.02 sys=0.00, real=0.01 secs] 
2014-07-09T01:45:01.006+0000: 3524.468: [GC [PSYoungGen: 206116K->800K(201600K)] 693841K->488597K(888576K), 0.0109260 secs] [Times: user=0.07 sys=0.00, real=0.01 secs] 
2014-07-09T01:45:01.709+0000: 3525.171: [GC [PSYoungGen: 201511K->780K(197248K)] 689308K->488609K(884224K), 0.0064490 secs] [Times: user=0.02 sys=0.00, real=0.00 secs] 
2014-07-09T01:45:02.420+0000: 3525.882: [GC [PSYoungGen: 197196K->694K(236416K)] 685025K->488587K(923392K), 0.0098470 secs] [Times: user=0.05 sys=0.00, real=0.01 secs] 
2014-07-09T01:45:03.246+0000: 3526.708: [GC [PSYoungGen: 236406K->762K(283648K)] 724299K->488751K(970624K), 0.0084560 secs] [Times: user=0.05 sys=0.00, real=0.01 secs] 
2014-07-09T01:45:04.261+0000: 3527.723: [GC [PSYoungGen: 283620K->758K(276288K)] 771609K->488927K(963264K), 0.0041060 secs] [Times: user=0.02 sys=0.00, real=0.00 secs] 
2014-07-09T01:45:05.259+0000: 3528.721: [GC [PSYoungGen: 276278K->448K(268864K)] 764447K->488681K(955840K), 0.0037420 secs] [Times: user=0.03 sys=0.00, real=0.00 secs] 
2014-07-09T01:45:06.207+0000: 3529.669: [GC [PSYoungGen: 268864K->598K(262272K)] 757097K->488903K(949248K), 0.0076410 secs] [Times: user=0.04 sys=0.00, real=0.01 secs] 
2014-07-09T01:45:07.148+0000: 3530.610: [GC [PSYoungGen: 262230K->744K(255872K)] 750535K->489113K(942848K), 0.0088780 secs] [Times: user=0.05 sys=0.01, real=0.01 secs] 
2014-07-09T01:45:08.048+0000: 3531.510: [GC [PSYoungGen: 255848K->812K(249600K)] 744217K->489221K(936576K), 0.0041910 secs] [Times: user=0.01 sys=0.00, real=0.01 secs] 
2014-07-09T01:45:08.963+0000: 3532.425: [GC [PSYoungGen: 249580K->740K(243456K)] 737989K->489213K(930432K), 0.0123060 secs] [Times: user=0.07 sys=0.01, real=0.01 secs] 
2014-07-09T01:45:09.822+0000: 3533.284: [GC [PSYoungGen: 243389K->634K(237504K)] 731862K->489452K(924480K), 0.0057540 secs] [Times: user=0.04 sys=0.00, real=0.00 secs] 
2014-07-09T01:45:10.676+0000: 3534.139: [GC [PSYoungGen: 237498K->780K(232064K)] 726316K->489646K(919040K), 0.0041220 secs] [Times: user=0.02 sys=0.00, real=0.01 secs] 
2014-07-09T01:45:11.490+0000: 3534.952: [GC [PSYoungGen: 232012K->748K(226560K)] 720878K->489670K(913536K), 0.0033430 secs] [Times: user=0.02 sys=0.00, real=0.00 secs] 
2014-07-09T01:45:12.302+0000: 3535.764: [GC [PSYoungGen: 226540K->648K(221248K)] 715462K->489634K(908224K), 0.0038400 secs] [Times: user=0.02 sys=0.00, real=0.00 secs] 
2014-07-09T01:45:13.094+0000: 3536.556: [GC [PSYoungGen: 221192K->630K(216128K)] 710178K->489768K(903104K), 0.0041950 secs] [Times: user=0.02 sys=0.00, real=0.00 secs] 
2014-07-09T01:45:13.861+0000: 3537.323: [GC [PSYoungGen: 216097K->1010K(211648K)] 705236K->490457K(898624K), 0.0065870 secs] [Times: user=0.04 sys=0.00, real=0.00 secs] 
2014-07-09T01:45:14.612+0000: 3538.074: [GC [PSYoungGen: 211634K->434K(206336K)] 701081K->489984K(893312K), 0.0109680 secs] [Times: user=0.08 sys=0.00, real=0.01 secs] 
2014-07-09T01:45:15.357+0000: 3538.819: [GC [PSYoungGen: 206322K->698K(202048K)] 695872K->490328K(889024K), 0.0032470 secs] [Times: user=0.03 sys=0.00, real=0.01 secs] 
2014-07-09T01:45:16.064+0000: 3539.527: [GC [PSYoungGen: 202013K->922K(197952K)] 691644K->490616K(884928K), 0.0044300 secs] [Times: user=0.02 sys=0.00, real=0.01 secs] 
2014-07-09T01:45:16.763+0000: 3540.226: [GC [PSYoungGen: 197914K->726K(193536K)] 687608K->490500K(880512K), 0.0075810 secs] [Times: user=0.06 sys=0.00, real=0.01 secs] 
2014-07-09T01:45:17.442+0000: 3540.904: [GC [PSYoungGen: 193494K->626K(189312K)] 683268K->490496K(876288K), 0.0057930 secs] [Times: user=0.03 sys=0.00, real=0.00 secs] 
2014-07-09T01:45:18.121+0000: 3541.583: [GC [PSYoungGen: 189298K->894K(185600K)] 679168K->490844K(872576K), 0.0084270 secs] [Times: user=0.06 sys=0.00, real=0.01 secs] 
2014-07-09T01:45:18.791+0000: 3542.253: [GC [PSYoungGen: 185598K->798K(222528K)] 675548K->490888K(909504K), 0.0090230 secs] [Times: user=0.04 sys=0.00, real=0.01 secs] 
2014-07-09T01:45:19.582+0000: 3543.044: [GC [PSYoungGen: 222494K->962K(217600K)] 712584K->491116K(904576K), 0.0043530 secs] [Times: user=0.02 sys=0.00, real=0.00 secs] 
2014-07-09T01:45:20.356+0000: 3543.818: [GC [PSYoungGen: 217512K->484K(212160K)] 707666K->490914K(899136K), 0.0095680 secs] [Times: user=0.07 sys=0.00, real=0.01 secs] 
2014-07-09T01:45:21.103+0000: 3544.565: [GC [PSYoungGen: 212132K->730K(254784K)] 702562K->491266K(941760K), 0.0159250 secs] [Times: user=0.10 sys=0.00, real=0.01 secs] 
2014-07-09T01:45:22.006+0000: 3545.468: [GC [PSYoungGen: 254731K->1003K(305856K)] 745268K->491596K(992832K), 0.0060630 secs] [Times: user=0.03 sys=0.00, real=0.01 secs] 
2014-07-09T01:45:23.107+0000: 3546.569: [GC [PSYoungGen: 305835K->580K(297216K)] 796428K->491220K(984192K), 0.0077120 secs] [Times: user=0.05 sys=0.00, real=0.01 secs] 
2014-07-09T01:45:24.161+0000: 3547.624: [GC [PSYoungGen: 297156K->734K(289472K)] 787796K->491438K(976448K), 0.0054290 secs] [Times: user=0.03 sys=0.00, real=0.00 secs] 
2014-07-09T01:45:25.181+0000: 3548.643: [GC [PSYoungGen: 289438K->566K(281664K)] 780142K->491326K(968640K), 0.0080170 secs] [Times: user=0.06 sys=0.00, real=0.00 secs] 
2014-07-09T01:45:26.189+0000: 3549.652: [GC [PSYoungGen: 281654K->648K(274496K)] 772414K->491472K(961472K), 0.0099390 secs] [Times: user=0.07 sys=0.00, real=0.01 secs] 
2014-07-09T01:45:27.161+0000: 3550.623: [GC [PSYoungGen: 274440K->908K(267712K)] 765264K->491804K(954688K), 0.0105450 secs] [Times: user=0.07 sys=0.00, real=0.01 secs] 
2014-07-09T01:45:28.114+0000: 3551.577: [GC [PSYoungGen: 267660K->512K(260544K)] 758556K->491448K(947520K), 0.0049590 secs] [Times: user=0.02 sys=0.01, real=0.00 secs] 
2014-07-09T01:45:29.041+0000: 3552.503: [GC [PSYoungGen: 260544K->818K(254336K)] 751480K->491818K(941312K), 0.0051420 secs] [Times: user=0.02 sys=0.00, real=0.00 secs] 
2014-07-09T01:45:29.948+0000: 3553.410: [GC [PSYoungGen: 254271K->662K(247936K)] 745272K->491718K(934912K), 0.0098850 secs] [Times: user=0.06 sys=0.00, real=0.01 secs] 
2014-07-09T01:45:30.829+0000: 3554.291: [GC [PSYoungGen: 247893K->648K(241920K)] 738950K->491776K(928896K), 0.0036030 secs] [Times: user=0.01 sys=0.00, real=0.01 secs] 
2014-07-09T01:45:31.695+0000: 3555.157: [GC [PSYoungGen: 241864K->926K(236352K)] 732992K->492158K(923328K), 0.0123530 secs] [Times: user=0.08 sys=0.00, real=0.01 secs] 
2014-07-09T01:45:32.520+0000: 3555.982: [GC [PSYoungGen: 236318K->512K(230336K)] 727550K->491800K(917312K), 0.0040400 secs] [Times: user=0.02 sys=0.00, real=0.01 secs] 
2014-07-09T01:45:33.339+0000: 3556.801: [GC [PSYoungGen: 230327K->885K(225344K)] 721616K->492478K(912320K), 0.0134270 secs] [Times: user=0.09 sys=0.00, real=0.02 secs] 
2014-07-09T01:45:34.133+0000: 3557.595: [GC [PSYoungGen: 225297K->747K(220032K)] 716889K->492412K(907008K), 0.0046940 secs] [Times: user=0.02 sys=0.00, real=0.00 secs] 
2014-07-09T01:45:34.910+0000: 3558.372: [GC [PSYoungGen: 220011K->704K(214976K)] 711676K->492472K(901952K), 0.0040850 secs] [Times: user=0.02 sys=0.00, real=0.01 secs] 
2014-07-09T01:45:35.662+0000: 3559.124: [GC [PSYoungGen: 214974K->662K(210176K)] 706743K->492502K(897152K), 0.0065800 secs] [Times: user=0.03 sys=0.00, real=0.00 secs] 
2014-07-09T01:45:36.401+0000: 3559.863: [GC [PSYoungGen: 210134K->876K(205696K)] 701974K->492804K(892672K), 0.0116430 secs] [Times: user=0.08 sys=0.00, real=0.02 secs] 
2014-07-09T01:45:37.136+0000: 3560.598: [GC [PSYoungGen: 205676K->712K(246528K)] 697604K->492712K(933504K), 0.0099690 secs] [Times: user=0.06 sys=0.00, real=0.01 secs] 
2014-07-09T01:45:38.021+0000: 3561.483: [GC [PSYoungGen: 246431K->825K(295744K)] 738432K->492865K(982720K), 0.0074660 secs] [Times: user=0.02 sys=0.00, real=0.01 secs] 
2014-07-09T01:45:39.044+0000: 3562.506: [GC [PSYoungGen: 295737K->726K(287872K)] 787777K->492806K(974848K), 0.0050260 secs] [Times: user=0.02 sys=0.00, real=0.00 secs] 
2014-07-09T01:45:40.072+0000: 3563.534: [GC [PSYoungGen: 287782K->762K(280320K)] 779863K->493050K(967296K), 0.0058930 secs] [Times: user=0.03 sys=0.00, real=0.01 secs] 
2014-07-09T01:45:41.071+0000: 3564.533: [GC [PSYoungGen: 280314K->1126K(273472K)] 772602K->493462K(960448K), 0.0098400 secs] [Times: user=0.06 sys=0.00, real=0.01 secs] 
2014-07-09T01:45:42.049+0000: 3565.511: [GC [PSYoungGen: 273408K->438K(265792K)] 765744K->493174K(952768K), 0.0051340 secs] [Times: user=0.03 sys=0.00, real=0.01 secs] 
2014-07-09T01:45:43.001+0000: 3566.464: [GC [PSYoungGen: 265782K->1072K(259712K)] 758518K->493857K(946688K), 0.0066750 secs] [Times: user=0.02 sys=0.01, real=0.01 secs] 
2014-07-09T01:45:43.923+0000: 3567.386: [GC [PSYoungGen: 259696K->950K(253120K)] 752481K->494087K(940096K), 0.0107120 secs] [Times: user=0.06 sys=0.00, real=0.01 secs] 
2014-07-09T01:45:44.824+0000: 3568.286: [GC [PSYoungGen: 253110K->826K(246784K)] 746247K->494043K(933760K), 0.0050080 secs] [Times: user=0.03 sys=0.00, real=0.00 secs] 
2014-07-09T01:45:45.700+0000: 3569.162: [GC [PSYoungGen: 246778K->548K(240576K)] 739995K->493878K(927552K), 0.0068990 secs] [Times: user=0.04 sys=0.00, real=0.01 secs] 
2014-07-09T01:45:46.560+0000: 3570.023: [GC [PSYoungGen: 240548K->630K(234880K)] 733878K->494024K(921856K), 0.0100810 secs] [Times: user=0.07 sys=0.00, real=0.01 secs] 
2014-07-09T01:45:47.397+0000: 3570.859: [GC [PSYoungGen: 234870K->848K(229568K)] 728264K->494315K(916544K), 0.0065750 secs] [Times: user=0.04 sys=0.00, real=0.00 secs] 
2014-07-09T01:45:48.225+0000: 3571.687: [GC [PSYoungGen: 229520K->811K(224192K)] 722987K->494350K(911168K), 0.0068420 secs] [Times: user=0.05 sys=0.00, real=0.00 secs] 
2014-07-09T01:45:49.027+0000: 3572.489: [GC [PSYoungGen: 224153K->783K(219008K)] 717692K->494386K(905984K), 0.0058290 secs] [Times: user=0.04 sys=0.00, real=0.00 secs] 
2014-07-09T01:45:49.811+0000: 3573.273: [GC [PSYoungGen: 218952K->812K(214016K)] 712555K->494495K(900992K), 0.0080080 secs] [Times: user=0.05 sys=0.00, real=0.01 secs] 
2014-07-09T01:45:50.569+0000: 3574.031: [GC [PSYoungGen: 213996K->616K(209024K)] 707679K->494355K(896000K), 0.0099980 secs] [Times: user=0.07 sys=0.01, real=0.01 secs] 
2014-07-09T01:45:51.321+0000: 3574.783: [GC [PSYoungGen: 208990K->1029K(251200K)] 702729K->494824K(938176K), 0.0167790 secs] [Times: user=0.11 sys=0.00, real=0.02 secs] 
2014-07-09T01:45:52.208+0000: 3575.670: [GC [PSYoungGen: 251141K->744K(300928K)] 744936K->494707K(987904K), 0.0042430 secs] [Times: user=0.02 sys=0.01, real=0.00 secs] 
2014-07-09T01:45:53.286+0000: 3576.748: [GC [PSYoungGen: 300810K->1070K(293184K)] 794773K->495097K(980160K), 0.0084010 secs] [Times: user=0.06 sys=0.00, real=0.00 secs] 
2014-07-09T01:45:54.327+0000: 3577.789: [GC [PSYoungGen: 293166K->748K(285120K)] 787193K->494983K(972096K), 0.0073160 secs] [Times: user=0.05 sys=0.00, real=0.00 secs] 
2014-07-09T01:45:55.343+0000: 3578.806: [GC [PSYoungGen: 285100K->1044K(278016K)] 779335K->495351K(964992K), 0.0084100 secs] [Times: user=0.06 sys=0.00, real=0.01 secs] 
2014-07-09T01:45:56.332+0000: 3579.794: [GC [PSYoungGen: 277972K->498K(270272K)] 772279K->494918K(957248K), 0.0049450 secs] [Times: user=0.02 sys=0.01, real=0.01 secs] 
2014-07-09T01:45:57.283+0000: 3580.745: [GC [PSYoungGen: 270258K->712K(263680K)] 764678K->495197K(950656K), 0.0133400 secs] [Times: user=0.09 sys=0.00, real=0.02 secs] 
2014-07-09T01:45:58.242+0000: 3581.704: [GC [PSYoungGen: 263624K->1316K(257664K)] 758109K->495921K(944640K), 0.0108040 secs] [Times: user=0.07 sys=0.00, real=0.01 secs] 
2014-07-09T01:45:59.140+0000: 3582.602: [GC [PSYoungGen: 257636K->1010K(308608K)] 752241K->495655K(995584K), 0.0144680 secs] [Times: user=0.09 sys=0.00, real=0.01 secs] 
2014-07-09T01:46:00.219+0000: 3583.681: [GC [PSYoungGen: 308594K->630K(369792K)] 803239K->495363K(1056768K), 0.0098330 secs] [Times: user=0.06 sys=0.00, real=0.01 secs] 
2014-07-09T01:46:01.557+0000: 3585.019: [GC [PSYoungGen: 369782K->598K(376704K)] 864515K->495379K(1063680K), 0.0110420 secs] [Times: user=0.07 sys=0.00, real=0.01 secs] 
2014-07-09T01:46:02.899+0000: 3586.361: [GC [PSYoungGen: 375830K->1110K(365312K)] 870611K->495963K(1052288K), 0.0119350 secs] [Times: user=0.06 sys=0.01, real=0.01 secs] 
2014-07-09T01:46:04.189+0000: 3587.651: [GC [PSYoungGen: 365270K->726K(354304K)] 860123K->495683K(1041280K), 0.0050640 secs] [Times: user=0.04 sys=0.00, real=0.00 secs] 
2014-07-09T01:46:05.428+0000: 3588.890: [GC [PSYoungGen: 354243K->740K(344128K)] 849200K->495784K(1031104K), 0.0063620 secs] [Times: user=0.05 sys=0.00, real=0.00 secs] 
2014-07-09T01:46:06.669+0000: 3590.132: [GC [PSYoungGen: 344100K->690K(334272K)] 839144K->495798K(1021248K), 0.0078410 secs] [Times: user=0.05 sys=0.00, real=0.01 secs] 
2014-07-09T01:46:07.858+0000: 3591.320: [GC [PSYoungGen: 334258K->915K(325120K)] 829366K->496072K(1012096K), 0.0057170 secs] [Times: user=0.03 sys=0.00, real=0.00 secs] 
2014-07-09T01:46:09.003+0000: 3592.466: [GC [PSYoungGen: 325075K->626K(315776K)] 820232K->495846K(1002752K), 0.0106030 secs] [Times: user=0.07 sys=0.00, real=0.01 secs] 
2014-07-09T01:46:10.124+0000: 3593.586: [GC [PSYoungGen: 315762K->780K(307328K)] 810982K->496065K(994304K), 0.0042240 secs] [Times: user=0.03 sys=0.00, real=0.01 secs] 
2014-07-09T01:46:11.233+0000: 3594.696: [GC [PSYoungGen: 307242K->912K(299136K)] 802527K->496277K(986112K), 0.0050580 secs] [Times: user=0.03 sys=0.00, real=0.01 secs] 
2014-07-09T01:46:12.303+0000: 3595.765: [GC [PSYoungGen: 299068K->712K(291008K)] 794433K->496141K(977984K), 0.0122680 secs] [Times: user=0.09 sys=0.00, real=0.01 secs] 
2014-07-09T01:46:13.322+0000: 3596.785: [GC [PSYoungGen: 290952K->812K(283392K)] 786381K->496345K(970368K), 0.0127420 secs] [Times: user=0.09 sys=0.01, real=0.01 secs] 
2014-07-09T01:46:14.322+0000: 3597.784: [GC [PSYoungGen: 283330K->972K(276224K)] 778863K->496577K(963200K), 0.0130130 secs] [Times: user=0.08 sys=0.00, real=0.01 secs] 
2014-07-09T01:46:15.302+0000: 3598.765: [GC [PSYoungGen: 276151K->826K(268928K)] 771756K->496511K(955904K), 0.0045860 secs] [Times: user=0.02 sys=0.00, real=0.00 secs] 
2014-07-09T01:46:16.264+0000: 3599.726: [GC [PSYoungGen: 268922K->726K(262080K)] 764607K->496491K(949056K), 0.0095730 secs] [Times: user=0.06 sys=0.00, real=0.01 secs] 
2014-07-09T01:46:17.197+0000: 3600.660: [GC [PSYoungGen: 262038K->780K(255616K)] 757803K->496633K(942592K), 0.0051240 secs] [Times: user=0.03 sys=0.00, real=0.01 secs] 
2014-07-09T01:46:18.119+0000: 3601.581: [GC [PSYoungGen: 255563K->883K(249408K)] 751416K->497022K(936384K), 0.0060580 secs] [Times: user=0.04 sys=0.00, real=0.00 secs] 
2014-07-09T01:46:19.010+0000: 3602.472: [GC [PSYoungGen: 249395K->1058K(243520K)] 745534K->497269K(930496K), 0.0069190 secs] [Times: user=0.04 sys=0.00, real=0.00 secs] 
2014-07-09T01:46:19.883+0000: 3603.346: [GC [PSYoungGen: 243490K->612K(237248K)] 739701K->497175K(924224K), 0.0096580 secs] [Times: user=0.06 sys=0.00, real=0.01 secs] 
2014-07-09T01:46:20.729+0000: 3604.192: [GC [PSYoungGen: 237198K->1025K(232064K)] 733761K->497644K(919040K), 0.0053940 secs] [Times: user=0.02 sys=0.01, real=0.00 secs] 
2014-07-09T01:46:21.558+0000: 3605.020: [GC [PSYoungGen: 232001K->772K(226368K)] 728620K->497503K(913344K), 0.0131050 secs] [Times: user=0.08 sys=0.00, real=0.02 secs] 
2014-07-09T01:46:22.354+0000: 3605.816: [GC [PSYoungGen: 226308K->722K(221056K)] 723039K->497565K(908032K), 0.0048360 secs] [Times: user=0.02 sys=0.00, real=0.01 secs] 
2014-07-09T01:46:23.137+0000: 3606.599: [GC [PSYoungGen: 221010K->662K(215936K)] 717853K->497577K(902912K), 0.0077000 secs] [Times: user=0.03 sys=0.00, real=0.01 secs] 
2014-07-09T01:46:23.900+0000: 3607.362: [GC [PSYoungGen: 215894K->708K(211136K)] 712809K->497703K(898112K), 0.0072660 secs] [Times: user=0.05 sys=0.00, real=0.00 secs] 
2014-07-09T01:46:24.654+0000: 3608.116: [GC [PSYoungGen: 211076K->580K(206336K)] 708071K->497639K(893312K), 0.0049710 secs] [Times: user=0.03 sys=0.00, real=0.00 secs] 
2014-07-09T01:46:25.392+0000: 3608.854: [GC [PSYoungGen: 206276K->690K(201856K)] 703335K->497837K(888832K), 0.0105800 secs] [Times: user=0.07 sys=0.00, real=0.01 secs] 
2014-07-09T01:46:26.113+0000: 3609.575: [GC [PSYoungGen: 201842K->708K(242176K)] 698989K->497935K(929152K), 0.0087350 secs] [Times: user=0.06 sys=0.00, real=0.01 secs] 
2014-07-09T01:46:26.967+0000: 3610.430: [GC [PSYoungGen: 242115K->498K(290240K)] 739343K->497789K(977216K), 0.0084050 secs] [Times: user=0.05 sys=0.01, real=0.01 secs] 
2014-07-09T01:46:28.002+0000: 3611.464: [GC [PSYoungGen: 290226K->854K(283008K)] 787517K->498209K(969984K), 0.0043500 secs] [Times: user=0.03 sys=0.00, real=0.00 secs] 
2014-07-09T01:46:29.011+0000: 3612.473: [GC [PSYoungGen: 282966K->804K(275584K)] 780321K->498223K(962560K), 0.0069940 secs] [Times: user=0.05 sys=0.00, real=0.00 secs] 
2014-07-09T01:46:30.004+0000: 3613.466: [GC [PSYoungGen: 275556K->544K(268288K)] 772975K->498027K(955264K), 0.0079250 secs] [Times: user=0.05 sys=0.00, real=0.01 secs] 
2014-07-09T01:46:30.965+0000: 3614.427: [GC [PSYoungGen: 268256K->822K(261760K)] 765739K->498369K(948736K), 0.0056040 secs] [Times: user=0.03 sys=0.00, real=0.01 secs] 
2014-07-09T01:46:31.883+0000: 3615.346: [GC [PSYoungGen: 261708K->750K(255168K)] 759255K->498353K(942144K), 0.0072510 secs] [Times: user=0.05 sys=0.00, real=0.00 secs] 
2014-07-09T01:46:32.804+0000: 3616.266: [GC [PSYoungGen: 255150K->530K(248704K)] 752753K->498197K(935680K), 0.0100060 secs] [Times: user=0.07 sys=0.00, real=0.01 secs] 
2014-07-09T01:46:33.698+0000: 3617.160: [GC [PSYoungGen: 248658K->1009K(243072K)] 746325K->498852K(930048K), 0.0079740 secs] [Times: user=0.05 sys=0.00, real=0.01 secs] 
2014-07-09T01:46:34.557+0000: 3618.019: [GC [PSYoungGen: 243054K->512K(236736K)] 740897K->498418K(923712K), 0.0116570 secs] [Times: user=0.08 sys=0.01, real=0.01 secs] 
2014-07-09T01:46:35.392+0000: 3618.854: [GC [PSYoungGen: 236736K->704K(284224K)] 734642K->498706K(971200K), 0.0106090 secs] [Times: user=0.07 sys=0.00, real=0.01 secs] 
2014-07-09T01:46:36.393+0000: 3619.855: [GC [PSYoungGen: 284224K->740K(276864K)] 782226K->498798K(963840K), 0.0085880 secs] [Times: user=0.05 sys=0.00, real=0.01 secs] 
2014-07-09T01:46:37.388+0000: 3620.850: [GC [PSYoungGen: 276836K->776K(269824K)] 774894K->498914K(956800K), 0.0086460 secs] [Times: user=0.06 sys=0.00, real=0.01 secs] 
2014-07-09T01:46:38.356+0000: 3621.818: [GC [PSYoungGen: 269768K->718K(262912K)] 767906K->498912K(949888K), 0.0066630 secs] [Times: user=0.03 sys=0.00, real=0.01 secs] 
2014-07-09T01:46:39.283+0000: 3622.745: [GC [PSYoungGen: 262845K->746K(315392K)] 761040K->499330K(1002368K), 0.0183300 secs] [Times: user=0.11 sys=0.00, real=0.01 secs] 
2014-07-09T01:46:40.402+0000: 3623.864: [GC [PSYoungGen: 315370K->794K(306816K)] 813954K->499426K(993792K), 0.0049890 secs] [Times: user=0.03 sys=0.00, real=0.00 secs] 
2014-07-09T01:46:41.480+0000: 3624.942: [GC [PSYoungGen: 306778K->512K(298240K)] 805410K->499324K(985216K), 0.0090390 secs] [Times: user=0.06 sys=0.00, real=0.01 secs] 
2014-07-09T01:46:42.951+0000: 3626.414: [GC [PSYoungGen: 298210K->698K(290496K)] 797022K->499566K(977472K), 0.0094990 secs] [Times: user=0.06 sys=0.00, real=0.01 secs] 
2014-07-09T01:46:44.628+0000: 3628.090: [GC [PSYoungGen: 290490K->912K(283136K)] 789358K->499860K(970112K), 0.0050970 secs] [Times: user=0.03 sys=0.00, real=0.01 secs] 
2014-07-09T01:46:46.285+0000: 3629.747: [GC [PSYoungGen: 283044K->958K(275776K)] 781992K->499946K(962752K), 0.0126510 secs] [Times: user=0.08 sys=0.00, real=0.01 secs] 
2014-07-09T01:46:47.999+0000: 3631.461: [GC [PSYoungGen: 275774K->570K(268352K)] 774762K->499798K(955328K), 0.0085560 secs] [Times: user=0.05 sys=0.00, real=0.01 secs] 
2014-07-09T01:46:49.746+0000: 3633.209: [GC [PSYoungGen: 268338K->1202K(262208K)] 767566K->500528K(949184K), 0.0041850 secs] [Times: user=0.03 sys=0.00, real=0.00 secs] 
2014-07-09T01:46:51.513+0000: 3634.975: [GC [PSYoungGen: 262194K->694K(255168K)] 761520K->500390K(942144K), 0.0102290 secs] [Times: user=0.05 sys=0.01, real=0.01 secs] 
2014-07-09T01:46:53.231+0000: 3636.693: [GC [PSYoungGen: 255147K->1398K(249600K)] 754844K->501292K(936576K), 0.0131020 secs] [Times: user=0.08 sys=0.00, real=0.02 secs] 
Heap
 PSYoungGen      total 249600K, used 209663K [0x0000000755560000, 0x000000076f2d0000, 0x0000000800000000)
  eden space 248192K, 83% used [0x0000000755560000,0x00000007620c22a0,0x00000007647c0000)
  from space 1408K, 99% used [0x000000076f0b0000,0x000000076f20d9c8,0x000000076f210000)
  to   space 768K, 0% used [0x000000076f210000,0x000000076f210000,0x000000076f2d0000)
 ParOldGen       total 686976K, used 499894K [0x0000000600000000, 0x0000000629ee0000, 0x0000000755560000)
  object space 686976K, 72% used [0x0000000600000000,0x000000061e82d970,0x0000000629ee0000)
 PSPermGen       total 21248K, used 11803K [0x00000005f5a00000, 0x00000005f6ec0000, 0x0000000600000000)
  object space 21248K, 55% used [0x00000005f5a00000,0x00000005f6586cb0,0x00000005f6ec0000)
