2014-07-09T00:46:41.296+0000: 24.758: [GC [PSYoungGen: 257728K->42864K(300608K)] 257728K->57757K(987584K), 0.0804850 secs] [Times: user=0.25 sys=0.04, real=0.08 secs] 
2014-07-09T00:46:41.623+0000: 25.086: [GC [PSYoungGen: 300592K->42854K(300608K)] 315485K->64125K(987584K), 0.0574530 secs] [Times: user=0.19 sys=0.03, real=0.06 secs] 
2014-07-09T00:46:42.821+0000: 26.284: [GC [PSYoungGen: 300582K->42854K(300608K)] 321853K->64629K(987584K), 0.0424560 secs] [Times: user=0.15 sys=0.00, real=0.04 secs] 
2014-07-09T00:46:44.241+0000: 27.703: [GC [PSYoungGen: 300582K->42870K(558336K)] 322357K->65149K(1245312K), 0.0922930 secs] [Times: user=0.34 sys=0.02, real=0.09 secs] 
2014-07-09T00:46:46.718+0000: 30.181: [GC [PSYoungGen: 558326K->42870K(558336K)] 580605K->65381K(1245312K), 0.0618640 secs] [Times: user=0.22 sys=0.02, real=0.06 secs] 
2014-07-09T00:46:49.216+0000: 32.678: [GC [PSYoungGen: 558326K->42768K(1088896K)] 580837K->65279K(1775872K), 0.0787610 secs] [Times: user=0.28 sys=0.02, real=0.08 secs] 
2014-07-09T00:46:53.593+0000: 37.055: [GC [PSYoungGen: 1073680K->2304K(1089728K)] 1096191K->65817K(1776704K), 0.0504290 secs] [Times: user=0.15 sys=0.03, real=0.05 secs] 
2014-07-09T00:46:57.187+0000: 40.649: [GC [PSYoungGen: 1033216K->1906K(2124416K)] 1096729K->65763K(2811392K), 0.0055560 secs] [Times: user=0.02 sys=0.00, real=0.01 secs] 
2014-07-09T00:47:03.587+0000: 47.049: [GC [PSYoungGen: 2059378K->2034K(2128768K)] 2123235K->66155K(2815744K), 0.0082600 secs] [Times: user=0.03 sys=0.01, real=0.01 secs] 
2014-07-09T00:47:09.875+0000: 53.337: [GC [PSYoungGen: 2059487K->2326K(2720640K)] 2123608K->66975K(3407616K), 0.0228770 secs] [Times: user=0.09 sys=0.00, real=0.02 secs] 
2014-07-09T00:47:18.051+0000: 61.513: [GC [PSYoungGen: 2649366K->1554K(2648640K)] 2714015K->66899K(3335616K), 0.0057210 secs] [Times: user=0.02 sys=0.01, real=0.00 secs] 
2014-07-09T00:47:25.742+0000: 69.204: [GC [PSYoungGen: 2648594K->1604K(2722112K)] 2713939K->67397K(3409088K), 0.0143340 secs] [Times: user=0.05 sys=0.00, real=0.01 secs] 
2014-07-09T00:47:33.750+0000: 77.212: [GC [PSYoungGen: 2649028K->1750K(2528640K)] 2714821K->67967K(3215616K), 0.0057800 secs] [Times: user=0.02 sys=0.00, real=0.01 secs] 
2014-07-09T00:47:41.223+0000: 84.685: [GC [PSYoungGen: 2528598K->1572K(2413824K)] 2594815K->68229K(3100800K), 0.0055810 secs] [Times: user=0.02 sys=0.00, real=0.01 secs] 
2014-07-09T00:47:47.673+0000: 91.135: [GC [PSYoungGen: 2413796K->1600K(2374400K)] 2480453K->68609K(3061376K), 0.0054120 secs] [Times: user=0.02 sys=0.00, real=0.01 secs] 
2014-07-09T00:47:53.175+0000: 96.638: [GC [PSYoungGen: 2304822K->1686K(2201472K)] 2371831K->69159K(2888448K), 0.0360420 secs] [Times: user=0.12 sys=0.01, real=0.04 secs] 
2014-07-09T00:47:58.170+0000: 101.632: [GC [PSYoungGen: 2201430K->1362K(2168000K)] 2268903K->69171K(2854976K), 0.0060320 secs] [Times: user=0.02 sys=0.00, real=0.00 secs] 
2014-07-09T00:48:02.775+0000: 106.237: [GC [PSYoungGen: 2102674K->1476K(2009280K)] 2170483K->69557K(2696256K), 0.0170030 secs] [Times: user=0.03 sys=0.01, real=0.02 secs] 
2014-07-09T00:48:07.335+0000: 110.797: [GC [PSYoungGen: 2009220K->1348K(1980288K)] 2077301K->69685K(2667264K), 0.0130010 secs] [Times: user=0.05 sys=0.00, real=0.01 secs] 
2014-07-09T00:48:11.566+0000: 115.029: [GC [PSYoungGen: 1920132K->1380K(1835648K)] 1988469K->69997K(2522624K), 0.0184630 secs] [Times: user=0.06 sys=0.01, real=0.02 secs] 
2014-07-09T00:48:15.623+0000: 119.085: [GC [PSYoungGen: 1835620K->1018K(1809792K)] 1904237K->69819K(2496768K), 0.0046420 secs] [Times: user=0.01 sys=0.00, real=0.00 secs] 
2014-07-09T00:48:19.391+0000: 122.854: [GC [PSYoungGen: 1754874K->908K(1678400K)] 1823675K->69973K(2365376K), 0.0129160 secs] [Times: user=0.02 sys=0.00, real=0.01 secs] 
2014-07-09T00:48:22.547+0000: 126.009: [GC [PSYoungGen: 1678348K->648K(1655232K)] 1747413K->69833K(2342208K), 0.0168300 secs] [Times: user=0.06 sys=0.00, real=0.02 secs] 
2014-07-09T00:48:25.268+0000: 128.730: [GC [PSYoungGen: 1605448K->520K(1536256K)] 1674633K->69889K(2223232K), 0.0113380 secs] [Times: user=0.00 sys=0.00, real=0.01 secs] 
2014-07-09T00:48:27.656+0000: 131.118: [GC [PSYoungGen: 1536135K->726K(1515136K)] 1605505K->70239K(2202112K), 0.0092800 secs] [Times: user=0.03 sys=0.01, real=0.01 secs] 
2014-07-09T00:48:29.843+0000: 133.306: [GC [PSYoungGen: 1470678K->886K(1408320K)] 1540191K->70495K(2095296K), 0.0143600 secs] [Times: user=0.01 sys=0.02, real=0.01 secs] 
2014-07-09T00:48:31.742+0000: 135.204: [GC [PSYoungGen: 1408310K->630K(1387968K)] 1477919K->70327K(2074944K), 0.0072820 secs] [Times: user=0.01 sys=0.00, real=0.00 secs] 
2014-07-09T00:48:33.604+0000: 137.066: [GC [PSYoungGen: 1348598K->662K(1292096K)] 1418295K->70447K(1979072K), 0.0130920 secs] [Times: user=0.02 sys=0.01, real=0.01 secs] 
2014-07-09T00:48:35.416+0000: 138.879: [GC [PSYoungGen: 1292022K->698K(1272832K)] 1361807K->70619K(1959808K), 0.0110140 secs] [Times: user=0.03 sys=0.01, real=0.01 secs] 
2014-07-09T00:48:37.371+0000: 140.833: [GC [PSYoungGen: 1238266K->256K(1186624K)] 1308187K->70273K(1873600K), 0.0068060 secs] [Times: user=0.01 sys=0.00, real=0.01 secs] 
2014-07-09T00:48:39.231+0000: 142.693: [GC [PSYoungGen: 1186624K->288K(1168640K)] 1256641K->70385K(1855616K), 0.0063590 secs] [Times: user=0.01 sys=0.01, real=0.01 secs] 
2014-07-09T00:48:41.033+0000: 144.495: [GC [PSYoungGen: 1137952K->160K(1091520K)] 1208049K->70281K(1778496K), 0.0086710 secs] [Times: user=0.01 sys=0.01, real=0.01 secs] 
2014-07-09T00:48:42.666+0000: 146.128: [GC [PSYoungGen: 1091488K->448K(1074368K)] 1161609K->70625K(1761344K), 0.0045180 secs] [Times: user=0.01 sys=0.00, real=0.00 secs] 
2014-07-09T00:48:44.267+0000: 147.730: [GC [PSYoungGen: 1047680K->224K(1005504K)] 1117857K->70465K(1692480K), 0.0084470 secs] [Times: user=0.02 sys=0.00, real=0.01 secs] 
2014-07-09T00:48:45.890+0000: 149.353: [GC [PSYoungGen: 1005472K->288K(988864K)] 1075713K->70561K(1675840K), 0.0036230 secs] [Times: user=0.01 sys=0.00, real=0.01 secs] 
2014-07-09T00:48:47.357+0000: 150.819: [GC [PSYoungGen: 965536K->292K(927488K)] 1035809K->70621K(1614464K), 0.0074670 secs] [Times: user=0.01 sys=0.00, real=0.01 secs] 
2014-07-09T00:48:48.820+0000: 152.283: [GC [PSYoungGen: 927460K->224K(911424K)] 997789K->70577K(1598400K), 0.0027390 secs] [Times: user=0.00 sys=0.00, real=0.00 secs] 
2014-07-09T00:48:50.198+0000: 153.660: [GC [PSYoungGen: 891168K->416K(856896K)] 961521K->70809K(1543872K), 0.0070080 secs] [Times: user=0.01 sys=0.00, real=0.01 secs] 
2014-07-09T00:48:51.515+0000: 154.977: [GC [PSYoungGen: 856864K->224K(841216K)] 927257K->70649K(1528192K), 0.0030040 secs] [Times: user=0.00 sys=0.00, real=0.01 secs] 
2014-07-09T00:48:52.792+0000: 156.254: [GC [PSYoungGen: 823773K->370K(792576K)] 894198K->70827K(1479552K), 0.0109360 secs] [Times: user=0.02 sys=0.00, real=0.01 secs] 
2014-07-09T00:48:54.088+0000: 157.550: [GC [PSYoungGen: 792562K->192K(777600K)] 863019K->70705K(1464576K), 0.0063990 secs] [Times: user=0.01 sys=0.00, real=0.00 secs] 
2014-07-09T00:48:55.316+0000: 158.778: [GC [PSYoungGen: 762560K->594K(734528K)] 833073K->71155K(1421504K), 0.0183840 secs] [Times: user=0.05 sys=0.01, real=0.01 secs] 
2014-07-09T00:48:56.453+0000: 159.915: [GC [PSYoungGen: 734416K->256K(719744K)] 804977K->70865K(1406720K), 0.0077430 secs] [Times: user=0.02 sys=0.00, real=0.01 secs] 
2014-07-09T00:48:57.585+0000: 161.047: [GC [PSYoungGen: 707008K->288K(681216K)] 777617K->70945K(1368192K), 0.0044420 secs] [Times: user=0.01 sys=0.00, real=0.01 secs] 
2014-07-09T00:48:58.640+0000: 162.102: [GC [PSYoungGen: 681184K->160K(667456K)] 751841K->70841K(1354432K), 0.0052040 secs] [Times: user=0.01 sys=0.00, real=0.00 secs] 
2014-07-09T00:48:59.673+0000: 163.135: [GC [PSYoungGen: 656414K->256K(632960K)] 727095K->70961K(1319936K), 0.0060190 secs] [Times: user=0.00 sys=0.00, real=0.01 secs] 
2014-07-09T00:49:00.657+0000: 164.119: [GC [PSYoungGen: 632960K->530K(619840K)] 703665K->71275K(1306816K), 0.0048510 secs] [Times: user=0.02 sys=0.00, real=0.00 secs] 
2014-07-09T00:49:01.645+0000: 165.108: [GC [PSYoungGen: 610770K->192K(588992K)] 681515K->70969K(1275968K), 0.0086660 secs] [Times: user=0.02 sys=0.01, real=0.01 secs] 
2014-07-09T00:49:02.566+0000: 166.028: [GC [PSYoungGen: 588992K->438K(576576K)] 659769K->71247K(1263552K), 0.0081230 secs] [Times: user=0.02 sys=0.00, real=0.01 secs] 
2014-07-09T00:49:03.465+0000: 166.928: [GC [PSYoungGen: 568822K->352K(549248K)] 639631K->71225K(1236224K), 0.0062690 secs] [Times: user=0.02 sys=0.00, real=0.01 secs] 
2014-07-09T00:49:04.341+0000: 167.803: [GC [PSYoungGen: 549189K->324K(537216K)] 620062K->71237K(1224192K), 0.0037910 secs] [Times: user=0.01 sys=0.00, real=0.00 secs] 
2014-07-09T00:49:05.245+0000: 168.707: [GC [PSYoungGen: 530564K->338K(512832K)] 601477K->71275K(1199808K), 0.0112410 secs] [Times: user=0.04 sys=0.00, real=0.01 secs] 
2014-07-09T00:49:06.063+0000: 169.525: [GC [PSYoungGen: 512786K->256K(501376K)] 583723K->71249K(1188352K), 0.0032380 secs] [Times: user=0.00 sys=0.01, real=0.00 secs] 
2014-07-09T00:49:06.845+0000: 170.307: [GC [PSYoungGen: 495680K->224K(479424K)] 566673K->71241K(1166400K), 0.0040600 secs] [Times: user=0.01 sys=0.00, real=0.01 secs] 
2014-07-09T00:49:07.675+0000: 171.137: [GC [PSYoungGen: 479386K->320K(468736K)] 550403K->71361K(1155712K), 0.0097940 secs] [Times: user=0.03 sys=0.00, real=0.01 secs] 
2014-07-09T00:49:08.412+0000: 171.875: [GC [PSYoungGen: 463935K->338K(449152K)] 534977K->71419K(1136128K), 0.0032590 secs] [Times: user=0.00 sys=0.00, real=0.00 secs] 
2014-07-09T00:49:09.122+0000: 172.584: [GC [PSYoungGen: 449106K->224K(438912K)] 520187K->71337K(1125888K), 0.0067320 secs] [Times: user=0.02 sys=0.00, real=0.01 secs] 
2014-07-09T00:49:09.815+0000: 173.277: [GC [PSYoungGen: 434784K->320K(421248K)] 505897K->71473K(1108224K), 0.0049220 secs] [Times: user=0.01 sys=0.00, real=0.01 secs] 
2014-07-09T00:49:10.501+0000: 173.963: [GC [PSYoungGen: 421248K->338K(411648K)] 492401K->71499K(1098624K), 0.0060430 secs] [Times: user=0.01 sys=0.00, real=0.00 secs] 
2014-07-09T00:49:11.167+0000: 174.629: [GC [PSYoungGen: 408274K->192K(395648K)] 479435K->71377K(1082624K), 0.0077750 secs] [Times: user=0.02 sys=0.00, real=0.01 secs] 
2014-07-09T00:49:11.799+0000: 175.261: [GC [PSYoungGen: 395642K->434K(386688K)] 466827K->71659K(1073664K), 0.0078790 secs] [Times: user=0.02 sys=0.00, real=0.00 secs] 
2014-07-09T00:49:12.411+0000: 175.874: [GC [PSYoungGen: 383922K->160K(372224K)] 455147K->71401K(1059200K), 0.0058170 secs] [Times: user=0.01 sys=0.00, real=0.00 secs] 
2014-07-09T00:49:13.053+0000: 176.515: [GC [PSYoungGen: 372192K->128K(363840K)] 443433K->71409K(1050816K), 0.0030100 secs] [Times: user=0.01 sys=0.00, real=0.00 secs] 
2014-07-09T00:49:13.627+0000: 177.090: [GC [PSYoungGen: 361212K->160K(350784K)] 432494K->71465K(1037760K), 0.0067980 secs] [Times: user=0.02 sys=0.00, real=0.01 secs] 
2014-07-09T00:49:14.310+0000: 177.773: [GC [PSYoungGen: 350752K->594K(423104K)] 422057K->71939K(1110080K), 0.0295010 secs] [Times: user=0.10 sys=0.00, real=0.03 secs] 
2014-07-09T00:49:15.105+0000: 178.567: [GC [PSYoungGen: 421330K->434K(505344K)] 492675K->71827K(1192320K), 0.0042580 secs] [Times: user=0.01 sys=0.00, real=0.01 secs] 
2014-07-09T00:49:16.044+0000: 179.507: [GC [PSYoungGen: 505330K->520K(606464K)] 576723K->71961K(1293440K), 0.0044820 secs] [Times: user=0.01 sys=0.00, real=0.01 secs] 
2014-07-09T00:49:17.158+0000: 180.620: [GC [PSYoungGen: 606392K->278K(584960K)] 677833K->71751K(1271936K), 0.0038620 secs] [Times: user=0.00 sys=0.00, real=0.01 secs] 
2014-07-09T00:49:18.277+0000: 181.739: [GC [PSYoungGen: 584918K->160K(564544K)] 656391K->71665K(1251520K), 0.0069000 secs] [Times: user=0.02 sys=0.00, real=0.01 secs] 
2014-07-09T00:49:19.414+0000: 182.877: [GC [PSYoungGen: 564450K->224K(545280K)] 635956K->71753K(1232256K), 0.0107800 secs] [Times: user=0.04 sys=0.00, real=0.01 secs] 
2014-07-09T00:49:20.541+0000: 184.003: [GC [PSYoungGen: 545246K->256K(526784K)] 616775K->71817K(1213760K), 0.0090540 secs] [Times: user=0.03 sys=0.00, real=0.01 secs] 
2014-07-09T00:49:21.658+0000: 185.120: [GC [PSYoungGen: 526784K->178K(509056K)] 598345K->71755K(1196032K), 0.0048770 secs] [Times: user=0.01 sys=0.00, real=0.01 secs] 
2014-07-09T00:49:22.742+0000: 186.204: [GC [PSYoungGen: 509042K->288K(493504K)] 580619K->71889K(1180480K), 0.0111600 secs] [Times: user=0.04 sys=0.00, real=0.01 secs] 
2014-07-09T00:49:23.790+0000: 187.252: [GC [PSYoungGen: 492320K->192K(476096K)] 563921K->71841K(1163072K), 0.0055410 secs] [Times: user=0.01 sys=0.00, real=0.01 secs] 
2014-07-09T00:49:24.802+0000: 188.264: [GC [PSYoungGen: 476096K->356K(460864K)] 547745K->72045K(1147840K), 0.0086450 secs] [Times: user=0.02 sys=0.01, real=0.01 secs] 
2014-07-09T00:49:25.786+0000: 189.248: [GC [PSYoungGen: 460836K->402K(446208K)] 532525K->72131K(1133184K), 0.0092430 secs] [Times: user=0.03 sys=0.00, real=0.01 secs] 
2014-07-09T00:49:26.736+0000: 190.198: [GC [PSYoungGen: 446159K->128K(431808K)] 517888K->71881K(1118784K), 0.0052070 secs] [Times: user=0.01 sys=0.00, real=0.01 secs] 
2014-07-09T00:49:27.661+0000: 191.123: [GC [PSYoungGen: 431794K->260K(418496K)] 503547K->72029K(1105472K), 0.0058310 secs] [Times: user=0.01 sys=0.00, real=0.00 secs] 
2014-07-09T00:49:28.549+0000: 192.011: [GC [PSYoungGen: 418436K->178K(405440K)] 490205K->71963K(1092416K), 0.0036750 secs] [Times: user=0.01 sys=0.01, real=0.01 secs] 
2014-07-09T00:49:29.407+0000: 192.870: [GC [PSYoungGen: 405426K->192K(393088K)] 477211K->72009K(1080064K), 0.0064130 secs] [Times: user=0.02 sys=0.00, real=0.01 secs] 
2014-07-09T00:49:30.242+0000: 193.704: [GC [PSYoungGen: 393088K->288K(381376K)] 464905K->72145K(1068352K), 0.0076690 secs] [Times: user=0.03 sys=0.00, real=0.00 secs] 
2014-07-09T00:49:31.053+0000: 194.515: [GC [PSYoungGen: 381344K->192K(369920K)] 453201K->72097K(1056896K), 0.0073290 secs] [Times: user=0.03 sys=0.00, real=0.00 secs] 
2014-07-09T00:49:31.841+0000: 195.303: [GC [PSYoungGen: 369920K->96K(358976K)] 441825K->72017K(1045952K), 0.0052560 secs] [Times: user=0.01 sys=0.00, real=0.00 secs] 
2014-07-09T00:49:32.611+0000: 196.074: [GC [PSYoungGen: 358944K->224K(348672K)] 430865K->72161K(1035648K), 0.0056890 secs] [Times: user=0.01 sys=0.00, real=0.00 secs] 
2014-07-09T00:49:33.352+0000: 196.815: [GC [PSYoungGen: 348640K->224K(338688K)] 420577K->72217K(1025664K), 0.0060930 secs] [Times: user=0.02 sys=0.00, real=0.00 secs] 
2014-07-09T00:49:34.074+0000: 197.537: [GC [PSYoungGen: 338654K->224K(329088K)] 410648K->72257K(1016064K), 0.0048340 secs] [Times: user=0.01 sys=0.00, real=0.00 secs] 
2014-07-09T00:49:34.772+0000: 198.235: [GC [PSYoungGen: 329056K->160K(319808K)] 401089K->72217K(1006784K), 0.0069900 secs] [Times: user=0.02 sys=0.00, real=0.00 secs] 
2014-07-09T00:49:35.450+0000: 198.912: [GC [PSYoungGen: 319776K->260K(311104K)] 391833K->72341K(998080K), 0.0064120 secs] [Times: user=0.01 sys=0.00, real=0.01 secs] 
2014-07-09T00:49:36.114+0000: 199.577: [GC [PSYoungGen: 311039K->128K(302464K)] 383121K->72233K(989440K), 0.0034820 secs] [Times: user=0.01 sys=0.00, real=0.00 secs] 
2014-07-09T00:49:36.760+0000: 200.222: [GC [PSYoungGen: 302464K->224K(294464K)] 374569K->72369K(981440K), 0.0055900 secs] [Times: user=0.01 sys=0.00, real=0.01 secs] 
2014-07-09T00:49:37.382+0000: 200.844: [GC [PSYoungGen: 294432K->128K(286528K)] 366577K->72297K(973504K), 0.0028670 secs] [Times: user=0.00 sys=0.00, real=0.00 secs] 
2014-07-09T00:49:37.992+0000: 201.454: [GC [PSYoungGen: 286527K->146K(279104K)] 358697K->72331K(966080K), 0.0045750 secs] [Times: user=0.01 sys=0.00, real=0.01 secs] 
2014-07-09T00:49:38.588+0000: 202.050: [GC [PSYoungGen: 279058K->128K(271808K)] 351243K->72329K(958784K), 0.0033220 secs] [Times: user=0.01 sys=0.00, real=0.00 secs] 
2014-07-09T00:49:39.173+0000: 202.636: [GC [PSYoungGen: 271808K->192K(264960K)] 344009K->72425K(951936K), 0.0039390 secs] [Times: user=0.01 sys=0.00, real=0.00 secs] 
2014-07-09T00:49:39.734+0000: 203.196: [GC [PSYoungGen: 264960K->128K(258240K)] 337193K->72369K(945216K), 0.0059660 secs] [Times: user=0.01 sys=0.00, real=0.00 secs] 
2014-07-09T00:49:40.281+0000: 203.744: [GC [PSYoungGen: 258240K->192K(251904K)] 330481K->72457K(938880K), 0.0048260 secs] [Times: user=0.01 sys=0.00, real=0.01 secs] 
2014-07-09T00:49:40.818+0000: 204.280: [GC [PSYoungGen: 251872K->260K(245824K)] 324138K->72541K(932800K), 0.0039360 secs] [Times: user=0.01 sys=0.00, real=0.01 secs] 
2014-07-09T00:49:41.341+0000: 204.804: [GC [PSYoungGen: 245764K->274K(239872K)] 318045K->72579K(926848K), 0.0082270 secs] [Times: user=0.03 sys=0.00, real=0.01 secs] 
2014-07-09T00:49:41.853+0000: 205.315: [GC [PSYoungGen: 239819K->306K(287808K)] 312124K->72627K(974784K), 0.0153350 secs] [Times: user=0.05 sys=0.00, real=0.01 secs] 
2014-07-09T00:49:42.463+0000: 205.925: [GC [PSYoungGen: 287794K->192K(345216K)] 360115K->72553K(1032192K), 0.0103860 secs] [Times: user=0.04 sys=0.00, real=0.01 secs] 
2014-07-09T00:49:43.193+0000: 206.655: [GC [PSYoungGen: 345120K->178K(414272K)] 417482K->72571K(1101248K), 0.0046940 secs] [Times: user=0.01 sys=0.00, real=0.01 secs] 
2014-07-09T00:49:44.073+0000: 207.535: [GC [PSYoungGen: 414257K->128K(497024K)] 486651K->72545K(1184000K), 0.0037530 secs] [Times: user=0.01 sys=0.00, real=0.00 secs] 
2014-07-09T00:49:45.132+0000: 208.595: [GC [PSYoungGen: 497024K->420K(596736K)] 569441K->72869K(1283712K), 0.0204020 secs] [Times: user=0.07 sys=0.00, real=0.02 secs] 
2014-07-09T00:49:46.404+0000: 209.867: [GC [PSYoungGen: 596708K->192K(715776K)] 669157K->72681K(1402752K), 0.0094280 secs] [Times: user=0.03 sys=0.00, real=0.01 secs] 
2014-07-09T00:49:47.932+0000: 211.394: [GC [PSYoungGen: 715776K->192K(689472K)] 788265K->72721K(1376448K), 0.0036700 secs] [Times: user=0.01 sys=0.00, real=0.01 secs] 
2014-07-09T00:49:49.409+0000: 212.871: [GC [PSYoungGen: 689472K->320K(664576K)] 762001K->72889K(1351552K), 0.0053690 secs] [Times: user=0.01 sys=0.00, real=0.01 secs] 
2014-07-09T00:49:50.822+0000: 214.284: [GC [PSYoungGen: 664576K->256K(640640K)] 737145K->72841K(1327616K), 0.0062750 secs] [Times: user=0.00 sys=0.00, real=0.01 secs] 
2014-07-09T00:49:52.187+0000: 215.650: [GC [PSYoungGen: 640640K->352K(617984K)] 713225K->72969K(1304960K), 0.0072960 secs] [Times: user=0.01 sys=0.00, real=0.01 secs] 
2014-07-09T00:49:53.498+0000: 216.960: [GC [PSYoungGen: 617952K->256K(596096K)] 690569K->72945K(1283072K), 0.0051050 secs] [Times: user=0.02 sys=0.00, real=0.00 secs] 
2014-07-09T00:49:54.769+0000: 218.231: [GC [PSYoungGen: 596030K->320K(575424K)] 668720K->73081K(1262400K), 0.0068670 secs] [Times: user=0.03 sys=0.00, real=0.01 secs] 
2014-07-09T00:49:55.984+0000: 219.446: [GC [PSYoungGen: 575424K->274K(555584K)] 648185K->73075K(1242560K), 0.0056390 secs] [Times: user=0.02 sys=0.00, real=0.01 secs] 
2014-07-09T00:49:57.164+0000: 220.626: [GC [PSYoungGen: 555538K->96K(536448K)] 628339K->72929K(1223424K), 0.0051490 secs] [Times: user=0.01 sys=0.00, real=0.01 secs] 
2014-07-09T00:49:58.309+0000: 221.771: [GC [PSYoungGen: 536416K->192K(518400K)] 609249K->73057K(1205376K), 0.0052940 secs] [Times: user=0.02 sys=0.00, real=0.00 secs] 
2014-07-09T00:49:59.410+0000: 222.872: [GC [PSYoungGen: 518400K->356K(501312K)] 591265K->73253K(1188288K), 0.0045710 secs] [Times: user=0.01 sys=0.00, real=0.00 secs] 
2014-07-09T00:50:00.474+0000: 223.936: [GC [PSYoungGen: 501284K->128K(484544K)] 574181K->73041K(1171520K), 0.0043660 secs] [Times: user=0.01 sys=0.00, real=0.01 secs] 
2014-07-09T00:50:01.507+0000: 224.969: [GC [PSYoungGen: 484522K->192K(468800K)] 557436K->73153K(1155776K), 0.0128670 secs] [Times: user=0.04 sys=0.00, real=0.01 secs] 
2014-07-09T00:50:02.506+0000: 225.969: [GC [PSYoungGen: 468800K->274K(453824K)] 541761K->73267K(1140800K), 0.0060950 secs] [Times: user=0.02 sys=0.00, real=0.00 secs] 
2014-07-09T00:50:03.478+0000: 226.940: [GC [PSYoungGen: 453778K->128K(439232K)] 526771K->73185K(1126208K), 0.0070400 secs] [Times: user=0.02 sys=0.00, real=0.00 secs] 
2014-07-09T00:50:04.411+0000: 227.874: [GC [PSYoungGen: 439232K->228K(425536K)] 512289K->73309K(1112512K), 0.0065230 secs] [Times: user=0.01 sys=0.00, real=0.01 secs] 
2014-07-09T00:50:05.309+0000: 228.771: [GC [PSYoungGen: 425508K->160K(412288K)] 498589K->73265K(1099264K), 0.0028020 secs] [Times: user=0.01 sys=0.00, real=0.00 secs] 
2014-07-09T00:50:06.183+0000: 229.645: [GC [PSYoungGen: 412256K->160K(399616K)] 485361K->73313K(1086592K), 0.0029930 secs] [Times: user=0.01 sys=0.01, real=0.01 secs] 
2014-07-09T00:50:07.028+0000: 230.490: [GC [PSYoungGen: 399584K->256K(387584K)] 472737K->73449K(1074560K), 0.0062740 secs] [Times: user=0.02 sys=0.00, real=0.00 secs] 
2014-07-09T00:50:07.853+0000: 231.316: [GC [PSYoungGen: 387583K->288K(376064K)] 460777K->73521K(1063040K), 0.0071620 secs] [Times: user=0.02 sys=0.00, real=0.01 secs] 
2014-07-09T00:50:08.649+0000: 232.111: [GC [PSYoungGen: 376032K->352K(364992K)] 449265K->73617K(1051968K), 0.0078640 secs] [Times: user=0.03 sys=0.00, real=0.01 secs] 
2014-07-09T00:50:09.429+0000: 232.891: [GC [PSYoungGen: 364960K->356K(354368K)] 438225K->73661K(1041344K), 0.0043110 secs] [Times: user=0.01 sys=0.01, real=0.00 secs] 
2014-07-09T00:50:10.183+0000: 233.645: [GC [PSYoungGen: 354340K->96K(343872K)] 427645K->73425K(1030848K), 0.0074030 secs] [Times: user=0.02 sys=0.00, real=0.01 secs] 
2014-07-09T00:50:10.916+0000: 234.378: [GC [PSYoungGen: 343840K->260K(334272K)] 417169K->73597K(1021248K), 0.0068000 secs] [Times: user=0.01 sys=0.00, real=0.01 secs] 
2014-07-09T00:50:11.631+0000: 235.093: [GC [PSYoungGen: 334212K->288K(324864K)] 407549K->73665K(1011840K), 0.0049340 secs] [Times: user=0.02 sys=0.00, real=0.00 secs] 
2014-07-09T00:50:12.323+0000: 235.785: [GC [PSYoungGen: 324785K->228K(315776K)] 398162K->73613K(1002752K), 0.0067420 secs] [Times: user=0.01 sys=0.00, real=0.01 secs] 
2014-07-09T00:50:13.002+0000: 236.464: [GC [PSYoungGen: 315748K->192K(307072K)] 389133K->73617K(994048K), 0.0049480 secs] [Times: user=0.01 sys=0.00, real=0.00 secs] 
2014-07-09T00:50:13.655+0000: 237.117: [GC [PSYoungGen: 307072K->224K(298816K)] 380497K->73681K(985792K), 0.0046130 secs] [Times: user=0.01 sys=0.01, real=0.01 secs] 
2014-07-09T00:50:14.297+0000: 237.759: [GC [PSYoungGen: 298784K->288K(290880K)] 372241K->73793K(977856K), 0.0035720 secs] [Times: user=0.02 sys=0.00, real=0.01 secs] 
2014-07-09T00:50:14.912+0000: 238.374: [GC [PSYoungGen: 290848K->448K(283328K)] 364353K->74017K(970304K), 0.0058490 secs] [Times: user=0.02 sys=0.00, real=0.01 secs] 
2014-07-09T00:50:15.506+0000: 238.969: [GC [PSYoungGen: 283328K->164K(275712K)] 356897K->73773K(962688K), 0.0045630 secs] [Times: user=0.00 sys=0.00, real=0.01 secs] 
2014-07-09T00:50:16.095+0000: 239.557: [GC [PSYoungGen: 275684K->256K(330880K)] 349293K->73889K(1017856K), 0.0293430 secs] [Times: user=0.11 sys=0.00, real=0.03 secs] 
2014-07-09T00:50:16.799+0000: 240.261: [GC [PSYoungGen: 330880K->488K(397312K)] 404513K->74289K(1084288K), 0.0175620 secs] [Times: user=0.06 sys=0.01, real=0.01 secs] 
2014-07-09T00:50:17.638+0000: 241.101: [GC [PSYoungGen: 397208K->356K(476544K)] 471009K->74189K(1163520K), 0.0073000 secs] [Times: user=0.03 sys=0.00, real=0.00 secs] 
2014-07-09T00:50:18.652+0000: 242.114: [GC [PSYoungGen: 476516K->256K(571648K)] 550349K->74153K(1258624K), 0.0127550 secs] [Times: user=0.04 sys=0.00, real=0.01 secs] 
2014-07-09T00:50:19.869+0000: 243.332: [GC [PSYoungGen: 571647K->356K(686080K)] 645544K->74269K(1373056K), 0.0047250 secs] [Times: user=0.01 sys=0.00, real=0.00 secs] 
2014-07-09T00:50:21.326+0000: 244.788: [GC [PSYoungGen: 686051K->128K(822976K)] 759965K->74065K(1509952K), 0.0149460 secs] [Times: user=0.04 sys=0.00, real=0.02 secs] 
2014-07-09T00:50:23.083+0000: 246.545: [GC [PSYoungGen: 822976K->178K(791744K)] 896913K->74139K(1478720K), 0.0035660 secs] [Times: user=0.01 sys=0.00, real=0.00 secs] 
2014-07-09T00:50:24.771+0000: 248.233: [GC [PSYoungGen: 791730K->224K(761984K)] 865691K->74249K(1448960K), 0.0036690 secs] [Times: user=0.01 sys=0.01, real=0.00 secs] 
2014-07-09T00:50:26.399+0000: 249.861: [GC [PSYoungGen: 761952K->224K(733568K)] 835977K->74297K(1420544K), 0.0061690 secs] [Times: user=0.01 sys=0.01, real=0.01 secs] 
2014-07-09T00:50:27.947+0000: 251.409: [GC [PSYoungGen: 733536K->452K(706752K)] 807609K->74589K(1393728K), 0.0102130 secs] [Times: user=0.04 sys=0.00, real=0.01 secs] 
2014-07-09T00:50:29.448+0000: 252.911: [GC [PSYoungGen: 706688K->128K(680512K)] 780826K->74289K(1367488K), 0.0044640 secs] [Times: user=0.01 sys=0.00, real=0.01 secs] 
2014-07-09T00:50:30.899+0000: 254.361: [GC [PSYoungGen: 680471K->224K(656000K)] 754632K->74417K(1342976K), 0.0050830 secs] [Times: user=0.02 sys=0.00, real=0.01 secs] 
2014-07-09T00:50:32.289+0000: 255.751: [GC [PSYoungGen: 655968K->178K(632448K)] 730161K->74387K(1319424K), 0.0039940 secs] [Times: user=0.00 sys=0.00, real=0.01 secs] 
2014-07-09T00:50:33.642+0000: 257.105: [GC [PSYoungGen: 632434K->128K(609984K)] 706643K->74393K(1296960K), 0.0034780 secs] [Times: user=0.01 sys=0.00, real=0.00 secs] 
2014-07-09T00:50:34.936+0000: 258.399: [GC [PSYoungGen: 609984K->480K(588992K)] 684249K->74793K(1275968K), 0.0040460 secs] [Times: user=0.01 sys=0.00, real=0.01 secs] 
2014-07-09T00:50:36.194+0000: 259.656: [GC [PSYoungGen: 588960K->192K(568256K)] 663273K->74553K(1255232K), 0.0041570 secs] [Times: user=0.01 sys=0.00, real=0.00 secs] 
2014-07-09T00:50:37.415+0000: 260.877: [GC [PSYoungGen: 568256K->274K(548864K)] 642617K->74667K(1235840K), 0.0088370 secs] [Times: user=0.04 sys=0.00, real=0.01 secs] 
2014-07-09T00:50:38.583+0000: 262.045: [GC [PSYoungGen: 548818K->192K(530112K)] 623211K->74609K(1217088K), 0.0040590 secs] [Times: user=0.01 sys=0.00, real=0.00 secs] 
2014-07-09T00:50:39.710+0000: 263.173: [GC [PSYoungGen: 530104K->192K(512320K)] 604522K->74641K(1199296K), 0.0036130 secs] [Times: user=0.01 sys=0.00, real=0.01 secs] 
2014-07-09T00:50:40.803+0000: 264.266: [GC [PSYoungGen: 512320K->502K(495616K)] 586769K->75007K(1182592K), 0.0045470 secs] [Times: user=0.01 sys=0.00, real=0.00 secs] 
2014-07-09T00:50:41.852+0000: 265.314: [GC [PSYoungGen: 495606K->224K(479104K)] 570111K->74753K(1166080K), 0.0115430 secs] [Times: user=0.04 sys=0.00, real=0.01 secs] 
2014-07-09T00:50:42.863+0000: 266.326: [GC [PSYoungGen: 478976K->524K(463872K)] 553505K->75085K(1150848K), 0.0039330 secs] [Times: user=0.01 sys=0.01, real=0.00 secs] 
2014-07-09T00:50:43.851+0000: 267.313: [GC [PSYoungGen: 463820K->160K(448640K)] 538381K->74777K(1135616K), 0.0036010 secs] [Times: user=0.01 sys=0.00, real=0.01 secs] 
2014-07-09T00:50:44.804+0000: 268.266: [GC [PSYoungGen: 448608K->370K(434624K)] 523225K->75003K(1121600K), 0.0047550 secs] [Times: user=0.01 sys=0.00, real=0.00 secs] 
2014-07-09T00:50:45.727+0000: 269.190: [GC [PSYoungGen: 434610K->178K(420864K)] 509243K->74843K(1107840K), 0.0034840 secs] [Times: user=0.00 sys=0.00, real=0.00 secs] 
2014-07-09T00:50:46.625+0000: 270.087: [GC [PSYoungGen: 420850K->192K(407872K)] 495515K->74889K(1094848K), 0.0035700 secs] [Times: user=0.01 sys=0.00, real=0.00 secs] 
2014-07-09T00:50:47.489+0000: 270.951: [GC [PSYoungGen: 407861K->128K(395328K)] 482558K->74841K(1082304K), 0.0035730 secs] [Times: user=0.01 sys=0.00, real=0.01 secs] 
2014-07-09T00:50:48.336+0000: 271.798: [GC [PSYoungGen: 395327K->192K(383488K)] 470041K->74945K(1070464K), 0.0038910 secs] [Times: user=0.01 sys=0.00, real=0.00 secs] 
2014-07-09T00:50:49.144+0000: 272.607: [GC [PSYoungGen: 383488K->160K(372032K)] 458241K->74945K(1059008K), 0.0051020 secs] [Times: user=0.02 sys=0.00, real=0.00 secs] 
2014-07-09T00:50:49.935+0000: 273.398: [GC [PSYoungGen: 371944K->260K(361216K)] 446730K->75053K(1048192K), 0.0052290 secs] [Times: user=0.01 sys=0.01, real=0.00 secs] 
2014-07-09T00:50:50.703+0000: 274.165: [GC [PSYoungGen: 361156K->192K(350592K)] 435949K->75025K(1037568K), 0.0058450 secs] [Times: user=0.02 sys=0.00, real=0.01 secs] 
2014-07-09T00:50:51.452+0000: 274.914: [GC [PSYoungGen: 350592K->260K(340672K)] 425425K->75117K(1027648K), 0.0054700 secs] [Times: user=0.01 sys=0.00, real=0.01 secs] 
2014-07-09T00:50:52.178+0000: 275.641: [GC [PSYoungGen: 340612K->96K(330816K)] 415469K->74969K(1017792K), 0.0051940 secs] [Times: user=0.01 sys=0.00, real=0.01 secs] 
2014-07-09T00:50:52.884+0000: 276.347: [GC [PSYoungGen: 330784K->288K(321728K)] 405657K->75225K(1008704K), 0.0078250 secs] [Times: user=0.03 sys=0.00, real=0.00 secs] 
2014-07-09T00:50:53.570+0000: 277.032: [GC [PSYoungGen: 321659K->388K(312960K)] 396596K->75349K(999936K), 0.0028520 secs] [Times: user=0.00 sys=0.00, real=0.01 secs] 
2014-07-09T00:50:54.223+0000: 277.685: [GC [PSYoungGen: 312900K->192K(304192K)] 387861K->75185K(991168K), 0.0025470 secs] [Times: user=0.01 sys=0.00, real=0.01 secs] 
2014-07-09T00:50:54.873+0000: 278.335: [GC [PSYoungGen: 304192K->192K(296000K)] 379185K->75201K(982976K), 0.0057450 secs] [Times: user=0.01 sys=0.00, real=0.00 secs] 
2014-07-09T00:50:55.504+0000: 278.966: [GC [PSYoungGen: 295966K->256K(288192K)] 370975K->75305K(975168K), 0.0055310 secs] [Times: user=0.02 sys=0.00, real=0.01 secs] 
2014-07-09T00:50:56.116+0000: 279.578: [GC [PSYoungGen: 288192K->256K(280640K)] 363241K->75353K(967616K), 0.0052130 secs] [Times: user=0.01 sys=0.00, real=0.00 secs] 
2014-07-09T00:50:56.714+0000: 280.176: [GC [PSYoungGen: 280640K->288K(336832K)] 355737K->75401K(1023808K), 0.0176090 secs] [Times: user=0.06 sys=0.01, real=0.02 secs] 
2014-07-09T00:50:57.434+0000: 280.896: [GC [PSYoungGen: 336800K->260K(404160K)] 411913K->75389K(1091136K), 0.0047970 secs] [Times: user=0.01 sys=0.00, real=0.00 secs] 
2014-07-09T00:50:58.295+0000: 281.758: [GC [PSYoungGen: 404100K->128K(484736K)] 479229K->75289K(1171712K), 0.0123330 secs] [Times: user=0.04 sys=0.00, real=0.01 secs] 
2014-07-09T00:50:59.325+0000: 282.787: [GC [PSYoungGen: 484736K->160K(581760K)] 559897K->75345K(1268736K), 0.0054660 secs] [Times: user=0.02 sys=0.00, real=0.00 secs] 
2014-07-09T00:51:00.565+0000: 284.027: [GC [PSYoungGen: 581728K->324K(561856K)] 656913K->75541K(1248832K), 0.0052750 secs] [Times: user=0.02 sys=0.01, real=0.00 secs] 
2014-07-09T00:51:01.764+0000: 285.226: [GC [PSYoungGen: 561772K->338K(542656K)] 636989K->75587K(1229632K), 0.0090370 secs] [Times: user=0.03 sys=0.00, real=0.00 secs] 
2014-07-09T00:51:02.933+0000: 286.396: [GC [PSYoungGen: 542609K->192K(524096K)] 617858K->75875K(1211072K), 0.0040990 secs] [Times: user=0.01 sys=0.00, real=0.01 secs] 
2014-07-09T00:51:04.034+0000: 287.496: [GC [PSYoungGen: 524096K->224K(506624K)] 599779K->75987K(1193600K), 0.0033150 secs] [Times: user=0.01 sys=0.00, real=0.01 secs] 
2014-07-09T00:51:05.108+0000: 288.570: [GC [PSYoungGen: 506592K->224K(489856K)] 582355K->76107K(1176832K), 0.0069650 secs] [Times: user=0.02 sys=0.00, real=0.01 secs] 
2014-07-09T00:51:06.155+0000: 289.617: [GC [PSYoungGen: 489812K->370K(473984K)] 565696K->76293K(1160960K), 0.0042100 secs] [Times: user=0.01 sys=0.00, real=0.00 secs] 
2014-07-09T00:51:07.164+0000: 290.626: [GC [PSYoungGen: 473970K->96K(458432K)] 549893K->76035K(1145408K), 0.0050850 secs] [Times: user=0.01 sys=0.01, real=0.01 secs] 
2014-07-09T00:51:08.140+0000: 291.602: [GC [PSYoungGen: 458400K->210K(443904K)] 534339K->76181K(1130880K), 0.0033230 secs] [Times: user=0.01 sys=0.00, real=0.00 secs] 
2014-07-09T00:51:09.087+0000: 292.549: [GC [PSYoungGen: 443858K->128K(532544K)] 519829K->76115K(1219520K), 0.0259260 secs] [Times: user=0.09 sys=0.00, real=0.02 secs] 
2014-07-09T00:51:10.217+0000: 293.679: [GC [PSYoungGen: 532538K->192K(515072K)] 608525K->76195K(1202048K), 0.0032700 secs] [Times: user=0.00 sys=0.00, real=0.00 secs] 
2014-07-09T00:51:11.312+0000: 294.774: [GC [PSYoungGen: 514688K->160K(497600K)] 590691K->76195K(1184576K), 0.0059760 secs] [Times: user=0.01 sys=0.00, real=0.01 secs] 
2014-07-09T00:51:12.375+0000: 295.837: [GC [PSYoungGen: 497568K->242K(481344K)] 573603K->76293K(1168320K), 0.0037340 secs] [Times: user=0.01 sys=0.00, real=0.01 secs] 
2014-07-09T00:51:13.401+0000: 296.864: [GC [PSYoungGen: 481330K->96K(465600K)] 557381K->76195K(1152576K), 0.0054520 secs] [Times: user=0.01 sys=0.00, real=0.01 secs] 
2014-07-09T00:51:14.389+0000: 297.852: [GC [PSYoungGen: 465568K->242K(450752K)] 541667K->76381K(1137728K), 0.0103430 secs] [Times: user=0.03 sys=0.00, real=0.01 secs] 
2014-07-09T00:51:15.351+0000: 298.814: [GC [PSYoungGen: 450738K->128K(436352K)] 526877K->76283K(1123328K), 0.0046050 secs] [Times: user=0.01 sys=0.00, real=0.00 secs] 
2014-07-09T00:51:16.278+0000: 299.740: [GC [PSYoungGen: 436352K->224K(423040K)] 512507K->76419K(1110016K), 0.0048900 secs] [Times: user=0.02 sys=0.00, real=0.00 secs] 
2014-07-09T00:51:17.177+0000: 300.640: [GC [PSYoungGen: 422752K->320K(409728K)] 498947K->76539K(1096704K), 0.0032510 secs] [Times: user=0.01 sys=0.00, real=0.00 secs] 
2014-07-09T00:51:18.047+0000: 301.509: [GC [PSYoungGen: 409728K->192K(397056K)] 485947K->76451K(1084032K), 0.0040700 secs] [Times: user=0.01 sys=0.00, real=0.01 secs] 
2014-07-09T00:51:18.897+0000: 302.359: [GC [PSYoungGen: 397056K->448K(385344K)] 473315K->76855K(1072320K), 0.0041450 secs] [Times: user=0.01 sys=0.00, real=0.01 secs] 
2014-07-09T00:51:19.714+0000: 303.177: [GC [PSYoungGen: 385262K->420K(373824K)] 461669K->76883K(1060800K), 0.0029360 secs] [Times: user=0.01 sys=0.00, real=0.01 secs] 
2014-07-09T00:51:20.508+0000: 303.971: [GC [PSYoungGen: 373702K->128K(362496K)] 450166K->76607K(1049472K), 0.0034540 secs] [Times: user=0.01 sys=0.00, real=0.00 secs] 
2014-07-09T00:51:21.279+0000: 304.741: [GC [PSYoungGen: 362496K->370K(352192K)] 438975K->76905K(1039168K), 0.0055760 secs] [Times: user=0.02 sys=0.00, real=0.00 secs] 
2014-07-09T00:51:22.027+0000: 305.489: [GC [PSYoungGen: 352123K->242K(341952K)] 428659K->76793K(1028928K), 0.0036990 secs] [Times: user=0.00 sys=0.01, real=0.01 secs] 
2014-07-09T00:51:22.758+0000: 306.221: [GC [PSYoungGen: 341938K->192K(332160K)] 418489K->76799K(1019136K), 0.0030490 secs] [Times: user=0.01 sys=0.00, real=0.00 secs] 
2014-07-09T00:51:23.466+0000: 306.928: [GC [PSYoungGen: 332160K->288K(322944K)] 408767K->76951K(1009920K), 0.0032620 secs] [Times: user=0.00 sys=0.01, real=0.01 secs] 
2014-07-09T00:51:24.154+0000: 307.616: [GC [PSYoungGen: 322912K->320K(313984K)] 399575K->77015K(1000960K), 0.0074770 secs] [Times: user=0.03 sys=0.00, real=0.01 secs] 
2014-07-09T00:51:24.826+0000: 308.288: [GC [PSYoungGen: 313984K->384K(305472K)] 390679K->77119K(992448K), 0.0083240 secs] [Times: user=0.03 sys=0.00, real=0.01 secs] 
2014-07-09T00:51:25.469+0000: 308.931: [GC [PSYoungGen: 305469K->192K(297024K)] 382204K->76959K(984000K), 0.0038970 secs] [Times: user=0.01 sys=0.00, real=0.00 secs] 
2014-07-09T00:51:26.110+0000: 309.572: [GC [PSYoungGen: 297024K->224K(289152K)] 373791K->77031K(976128K), 0.0047820 secs] [Times: user=0.01 sys=0.00, real=0.00 secs] 
2014-07-09T00:51:26.736+0000: 310.198: [GC [PSYoungGen: 289120K->320K(281600K)] 365927K->77159K(968576K), 0.0051780 secs] [Times: user=0.01 sys=0.00, real=0.01 secs] 
2014-07-09T00:51:27.329+0000: 310.791: [GC [PSYoungGen: 281600K->228K(274240K)] 358439K->77099K(961216K), 0.0034700 secs] [Times: user=0.01 sys=0.01, real=0.00 secs] 
2014-07-09T00:51:27.913+0000: 311.375: [GC [PSYoungGen: 274123K->502K(329344K)] 350994K->77429K(1016320K), 0.0200590 secs] [Times: user=0.07 sys=0.00, real=0.02 secs] 
2014-07-09T00:51:28.616+0000: 312.079: [GC [PSYoungGen: 329312K->260K(394944K)] 406240K->77269K(1081920K), 0.0034290 secs] [Times: user=0.01 sys=0.00, real=0.01 secs] 
2014-07-09T00:51:29.464+0000: 312.926: [GC [PSYoungGen: 394884K->576K(474176K)] 471893K->77625K(1161152K), 0.0096930 secs] [Times: user=0.02 sys=0.00, real=0.01 secs] 
2014-07-09T00:51:30.462+0000: 313.924: [GC [PSYoungGen: 474169K->128K(458432K)] 551218K->77209K(1145408K), 0.0061630 secs] [Times: user=0.02 sys=0.00, real=0.00 secs] 
2014-07-09T00:51:31.443+0000: 314.905: [GC [PSYoungGen: 458425K->160K(443840K)] 535507K->77257K(1130816K), 0.0037110 secs] [Times: user=0.01 sys=0.00, real=0.00 secs] 
2014-07-09T00:51:32.396+0000: 315.858: [GC [PSYoungGen: 443785K->342K(430016K)] 520883K->77447K(1116992K), 0.0059800 secs] [Times: user=0.01 sys=0.00, real=0.01 secs] 
2014-07-09T00:51:33.317+0000: 316.779: [GC [PSYoungGen: 429906K->516K(416832K)] 507012K->77709K(1103808K), 0.0060830 secs] [Times: user=0.02 sys=0.00, real=0.01 secs] 
2014-07-09T00:51:34.196+0000: 317.659: [GC [PSYoungGen: 416772K->338K(403840K)] 493965K->77579K(1090816K), 0.0024200 secs] [Times: user=0.00 sys=0.00, real=0.00 secs] 
2014-07-09T00:51:35.051+0000: 318.514: [GC [PSYoungGen: 403794K->64K(391232K)] 481035K->77321K(1078208K), 0.0039330 secs] [Times: user=0.00 sys=0.00, real=0.00 secs] 
2014-07-09T00:51:35.890+0000: 319.352: [GC [PSYoungGen: 391232K->466K(379904K)] 468489K->77779K(1066880K), 0.0115970 secs] [Times: user=0.04 sys=0.00, real=0.02 secs] 
2014-07-09T00:51:36.696+0000: 320.159: [GC [PSYoungGen: 379858K->452K(368640K)] 457171K->77813K(1055616K), 0.0031430 secs] [Times: user=0.01 sys=0.00, real=0.00 secs] 
2014-07-09T00:51:37.476+0000: 320.939: [GC [PSYoungGen: 368580K->160K(357504K)] 445941K->77537K(1044480K), 0.0044900 secs] [Times: user=0.01 sys=0.00, real=0.01 secs] 
2014-07-09T00:51:38.236+0000: 321.699: [GC [PSYoungGen: 357472K->128K(347072K)] 434849K->77537K(1034048K), 0.0071760 secs] [Times: user=0.03 sys=0.00, real=0.01 secs] 
2014-07-09T00:51:38.977+0000: 322.439: [GC [PSYoungGen: 347072K->192K(416576K)] 424481K->77617K(1103552K), 0.0271760 secs] [Times: user=0.09 sys=0.00, real=0.03 secs] 
2014-07-09T00:51:39.870+0000: 323.333: [GC [PSYoungGen: 416576K->256K(499968K)] 494001K->77705K(1186944K), 0.0135200 secs] [Times: user=0.05 sys=0.00, real=0.01 secs] 
2014-07-09T00:51:40.937+0000: 324.399: [GC [PSYoungGen: 499968K->256K(599936K)] 577417K->77721K(1286912K), 0.0039220 secs] [Times: user=0.01 sys=0.00, real=0.01 secs] 
2014-07-09T00:51:42.214+0000: 325.676: [GC [PSYoungGen: 599936K->242K(579008K)] 677401K->77723K(1265984K), 0.0040030 secs] [Times: user=0.01 sys=0.00, real=0.00 secs] 
2014-07-09T00:51:43.450+0000: 326.912: [GC [PSYoungGen: 578993K->566K(559360K)] 656474K->78127K(1246336K), 0.0039490 secs] [Times: user=0.01 sys=0.00, real=0.01 secs] 
2014-07-09T00:51:44.643+0000: 328.105: [GC [PSYoungGen: 559350K->224K(539968K)] 636911K->77833K(1226944K), 0.0072400 secs] [Times: user=0.03 sys=0.00, real=0.00 secs] 
2014-07-09T00:51:45.798+0000: 329.261: [GC [PSYoungGen: 539936K->452K(521984K)] 617545K->78093K(1208960K), 0.0038150 secs] [Times: user=0.00 sys=0.00, real=0.01 secs] 
2014-07-09T00:51:46.910+0000: 330.372: [GC [PSYoungGen: 521924K->384K(504448K)] 599565K->78081K(1191424K), 0.0080500 secs] [Times: user=0.03 sys=0.00, real=0.01 secs] 
2014-07-09T00:51:47.978+0000: 331.440: [GC [PSYoungGen: 504448K->96K(487552K)] 582145K->77825K(1174528K), 0.0040930 secs] [Times: user=0.01 sys=0.00, real=0.01 secs] 
2014-07-09T00:51:49.024+0000: 332.486: [GC [PSYoungGen: 487507K->260K(472192K)] 565236K->78013K(1159168K), 0.0034900 secs] [Times: user=0.01 sys=0.00, real=0.00 secs] 
2014-07-09T00:51:50.025+0000: 333.487: [GC [PSYoungGen: 471748K->306K(456576K)] 549501K->78091K(1143552K), 0.0029650 secs] [Times: user=0.01 sys=0.00, real=0.00 secs] 
2014-07-09T00:51:51.004+0000: 334.466: [GC [PSYoungGen: 456562K->420K(442176K)] 534347K->78221K(1129152K), 0.0062250 secs] [Times: user=0.01 sys=0.00, real=0.00 secs] 
2014-07-09T00:51:51.947+0000: 335.409: [GC [PSYoungGen: 442148K->562K(428416K)] 519949K->78387K(1115392K), 0.0063130 secs] [Times: user=0.01 sys=0.00, real=0.01 secs] 
2014-07-09T00:51:52.858+0000: 336.321: [GC [PSYoungGen: 428365K->474K(513920K)] 506190K->78339K(1200896K), 0.0270580 secs] [Times: user=0.09 sys=0.00, real=0.03 secs] 
2014-07-09T00:51:53.948+0000: 337.411: [GC [PSYoungGen: 513882K->374K(616512K)] 591747K->78351K(1303488K), 0.0080450 secs] [Times: user=0.02 sys=0.00, real=0.01 secs] 
2014-07-09T00:51:55.256+0000: 338.718: [GC [PSYoungGen: 616502K->192K(594624K)] 694479K->78209K(1281600K), 0.0037350 secs] [Times: user=0.01 sys=0.00, real=0.00 secs] 
2014-07-09T00:51:56.519+0000: 339.981: [GC [PSYoungGen: 594623K->128K(573888K)] 672641K->78185K(1260864K), 0.0072460 secs] [Times: user=0.01 sys=0.00, real=0.01 secs] 
2014-07-09T00:51:57.742+0000: 341.204: [GC [PSYoungGen: 573888K->192K(554176K)] 651945K->78289K(1241152K), 0.0043210 secs] [Times: user=0.01 sys=0.00, real=0.01 secs] 
2014-07-09T00:51:58.919+0000: 342.381: [GC [PSYoungGen: 554176K->512K(535616K)] 632273K->78657K(1222592K), 0.0116630 secs] [Times: user=0.04 sys=0.00, real=0.01 secs] 
2014-07-09T00:52:00.059+0000: 343.521: [GC [PSYoungGen: 535616K->274K(517376K)] 613761K->78451K(1204352K), 0.0095550 secs] [Times: user=0.03 sys=0.00, real=0.01 secs] 
2014-07-09T00:52:01.167+0000: 344.629: [GC [PSYoungGen: 517330K->288K(500160K)] 595507K->78489K(1187136K), 0.0052690 secs] [Times: user=0.01 sys=0.00, real=0.00 secs] 
2014-07-09T00:52:02.235+0000: 345.698: [GC [PSYoungGen: 500128K->256K(483648K)] 578329K->78481K(1170624K), 0.0082800 secs] [Times: user=0.02 sys=0.00, real=0.00 secs] 
2014-07-09T00:52:03.264+0000: 346.726: [GC [PSYoungGen: 483648K->584K(580736K)] 561873K->78881K(1267712K), 0.0489600 secs] [Times: user=0.18 sys=0.00, real=0.04 secs] 
2014-07-09T00:52:04.501+0000: 347.963: [GC [PSYoungGen: 580678K->128K(696256K)] 658975K->78457K(1383232K), 0.0053170 secs] [Times: user=0.00 sys=0.00, real=0.01 secs] 
2014-07-09T00:52:05.979+0000: 349.441: [GC [PSYoungGen: 696255K->256K(835648K)] 774585K->78633K(1522624K), 0.0034500 secs] [Times: user=0.01 sys=0.00, real=0.00 secs] 
2014-07-09T00:52:07.762+0000: 351.224: [GC [PSYoungGen: 835648K->306K(803840K)] 914025K->78731K(1490816K), 0.0068960 secs] [Times: user=0.03 sys=0.00, real=0.01 secs] 
2014-07-09T00:52:09.474+0000: 352.937: [GC [PSYoungGen: 803826K->192K(773312K)] 882251K->78657K(1460288K), 0.0043260 secs] [Times: user=0.02 sys=0.00, real=0.01 secs] 
2014-07-09T00:52:11.131+0000: 354.593: [GC [PSYoungGen: 773312K->288K(744512K)] 851777K->78785K(1431488K), 0.0029390 secs] [Times: user=0.00 sys=0.00, real=0.00 secs] 
2014-07-09T00:52:12.717+0000: 356.179: [GC [PSYoungGen: 744480K->384K(716992K)] 822977K->78921K(1403968K), 0.0060730 secs] [Times: user=0.01 sys=0.00, real=0.00 secs] 
2014-07-09T00:52:14.238+0000: 357.700: [GC [PSYoungGen: 716992K->192K(690496K)] 795529K->78809K(1377472K), 0.0086260 secs] [Times: user=0.03 sys=0.00, real=0.01 secs] 
2014-07-09T00:52:15.716+0000: 359.179: [GC [PSYoungGen: 690496K->352K(665600K)] 769113K->79025K(1352576K), 0.0046800 secs] [Times: user=0.02 sys=0.00, real=0.00 secs] 
2014-07-09T00:52:17.137+0000: 360.599: [GC [PSYoungGen: 665558K->196K(641536K)] 744231K->78909K(1328512K), 0.0058520 secs] [Times: user=0.01 sys=0.00, real=0.00 secs] 
2014-07-09T00:52:18.505+0000: 361.968: [GC [PSYoungGen: 641476K->192K(618624K)] 720189K->78945K(1305600K), 0.0075280 secs] [Times: user=0.02 sys=0.00, real=0.01 secs] 
2014-07-09T00:52:19.819+0000: 363.281: [GC [PSYoungGen: 618624K->274K(596928K)] 697377K->79051K(1283904K), 0.0042870 secs] [Times: user=0.01 sys=0.00, real=0.00 secs] 
2014-07-09T00:52:21.094+0000: 364.556: [GC [PSYoungGen: 596882K->242K(576064K)] 675659K->79035K(1263040K), 0.0033080 secs] [Times: user=0.01 sys=0.00, real=0.01 secs] 
2014-07-09T00:52:22.323+0000: 365.785: [GC [PSYoungGen: 576047K->562K(556544K)] 654841K->79387K(1243520K), 0.0149770 secs] [Times: user=0.05 sys=0.00, real=0.02 secs] 
2014-07-09T00:52:23.503+0000: 366.966: [GC [PSYoungGen: 556530K->338K(537408K)] 635355K->79235K(1224384K), 0.0078480 secs] [Times: user=0.03 sys=0.00, real=0.01 secs] 
2014-07-09T00:52:24.648+0000: 368.110: [GC [PSYoungGen: 537362K->224K(519168K)] 616259K->79161K(1206144K), 0.0070170 secs] [Times: user=0.01 sys=0.01, real=0.00 secs] 
2014-07-09T00:52:25.750+0000: 369.212: [GC [PSYoungGen: 519107K->256K(501888K)] 598045K->79225K(1188864K), 0.0039510 secs] [Times: user=0.01 sys=0.00, real=0.00 secs] 
2014-07-09T00:52:26.814+0000: 370.276: [GC [PSYoungGen: 501888K->128K(485248K)] 580857K->79129K(1172224K), 0.0066600 secs] [Times: user=0.01 sys=0.00, real=0.01 secs] 
2014-07-09T00:52:27.848+0000: 371.311: [GC [PSYoungGen: 485248K->128K(469440K)] 564249K->79145K(1156416K), 0.0036500 secs] [Times: user=0.01 sys=0.00, real=0.00 secs] 
2014-07-09T00:52:28.850+0000: 372.312: [GC [PSYoungGen: 469440K->256K(454464K)] 548457K->79313K(1141440K), 0.0065340 secs] [Times: user=0.02 sys=0.00, real=0.00 secs] 
2014-07-09T00:52:29.819+0000: 373.281: [GC [PSYoungGen: 454464K->288K(440064K)] 533521K->79361K(1127040K), 0.0043140 secs] [Times: user=0.01 sys=0.00, real=0.00 secs] 
2014-07-09T00:52:30.752+0000: 374.214: [GC [PSYoungGen: 439999K->160K(426112K)] 519073K->79257K(1113088K), 0.0053380 secs] [Times: user=0.02 sys=0.00, real=0.00 secs] 
2014-07-09T00:52:31.658+0000: 375.120: [GC [PSYoungGen: 426001K->388K(413120K)] 505098K->79517K(1100096K), 0.0065380 secs] [Times: user=0.02 sys=0.01, real=0.01 secs] 
2014-07-09T00:52:32.533+0000: 375.995: [GC [PSYoungGen: 413060K->128K(400128K)] 492189K->79281K(1087104K), 0.0037720 secs] [Times: user=0.01 sys=0.00, real=0.00 secs] 
2014-07-09T00:52:33.385+0000: 376.847: [GC [PSYoungGen: 400126K->128K(387968K)] 479280K->79345K(1074944K), 0.0033290 secs] [Times: user=0.01 sys=0.00, real=0.01 secs] 
2014-07-09T00:52:34.214+0000: 377.676: [GC [PSYoungGen: 387968K->128K(376768K)] 467185K->79369K(1063744K), 0.0036650 secs] [Times: user=0.01 sys=0.00, real=0.00 secs] 
2014-07-09T00:52:35.012+0000: 378.474: [GC [PSYoungGen: 376320K->128K(365184K)] 455561K->79393K(1052160K), 0.0032450 secs] [Times: user=0.00 sys=0.00, real=0.00 secs] 
2014-07-09T00:52:35.790+0000: 379.253: [GC [PSYoungGen: 365184K->128K(354496K)] 444449K->79433K(1041472K), 0.0082070 secs] [Times: user=0.03 sys=0.00, real=0.00 secs] 
2014-07-09T00:52:36.554+0000: 380.016: [GC [PSYoungGen: 354492K->288K(344448K)] 433798K->79649K(1031424K), 0.0051900 secs] [Times: user=0.02 sys=0.00, real=0.01 secs] 
2014-07-09T00:52:37.282+0000: 380.745: [GC [PSYoungGen: 344332K->374K(334720K)] 423694K->79759K(1021696K), 0.0036340 secs] [Times: user=0.00 sys=0.00, real=0.00 secs] 
2014-07-09T00:52:37.998+0000: 381.460: [GC [PSYoungGen: 334710K->224K(325184K)] 414095K->79641K(1012160K), 0.0087410 secs] [Times: user=0.03 sys=0.00, real=0.01 secs] 
2014-07-09T00:52:38.691+0000: 382.153: [GC [PSYoungGen: 325152K->178K(316096K)] 404569K->79611K(1003072K), 0.0052760 secs] [Times: user=0.01 sys=0.00, real=0.00 secs] 
2014-07-09T00:52:39.365+0000: 382.828: [GC [PSYoungGen: 316082K->128K(307392K)] 395515K->79577K(994368K), 0.0039370 secs] [Times: user=0.01 sys=0.00, real=0.01 secs] 
2014-07-09T00:52:40.022+0000: 383.484: [GC [PSYoungGen: 307388K->356K(299328K)] 386837K->79837K(986304K), 0.0039770 secs] [Times: user=0.01 sys=0.00, real=0.00 secs] 
2014-07-09T00:52:40.654+0000: 384.116: [GC [PSYoungGen: 299298K->310K(291264K)] 378779K->79799K(978240K), 0.0059620 secs] [Times: user=0.01 sys=0.01, real=0.01 secs] 
2014-07-09T00:52:41.268+0000: 384.730: [GC [PSYoungGen: 291254K->196K(283520K)] 370743K->79693K(970496K), 0.0059280 secs] [Times: user=0.01 sys=0.00, real=0.01 secs] 
2014-07-09T00:52:41.874+0000: 385.337: [GC [PSYoungGen: 283460K->342K(276288K)] 362957K->79847K(963264K), 0.0056970 secs] [Times: user=0.01 sys=0.00, real=0.01 secs] 
2014-07-09T00:52:42.454+0000: 385.916: [GC [PSYoungGen: 276246K->160K(268992K)] 355751K->79697K(955968K), 0.0034270 secs] [Times: user=0.01 sys=0.00, real=0.00 secs] 
2014-07-09T00:52:43.030+0000: 386.492: [GC [PSYoungGen: 268960K->128K(262080K)] 348497K->79697K(949056K), 0.0033870 secs] [Times: user=0.01 sys=0.00, real=0.01 secs] 
2014-07-09T00:52:43.585+0000: 387.047: [GC [PSYoungGen: 262080K->320K(255680K)] 341649K->79945K(942656K), 0.0071700 secs] [Times: user=0.03 sys=0.00, real=0.01 secs] 
2014-07-09T00:52:44.134+0000: 387.596: [GC [PSYoungGen: 255680K->320K(249344K)] 335305K->80001K(936320K), 0.0061560 secs] [Times: user=0.02 sys=0.00, real=0.01 secs] 
2014-07-09T00:52:44.666+0000: 388.128: [GC [PSYoungGen: 249344K->498K(299392K)] 329025K->80267K(986368K), 0.0094380 secs] [Times: user=0.01 sys=0.01, real=0.01 secs] 
2014-07-09T00:52:45.296+0000: 388.758: [GC [PSYoungGen: 299378K->192K(358848K)] 379147K->80001K(1045824K), 0.0080070 secs] [Times: user=0.03 sys=0.00, real=0.01 secs] 
2014-07-09T00:52:46.063+0000: 389.525: [GC [PSYoungGen: 358842K->224K(430656K)] 438652K->80081K(1117632K), 0.0071250 secs] [Times: user=0.01 sys=0.00, real=0.00 secs] 
2014-07-09T00:52:46.984+0000: 390.446: [GC [PSYoungGen: 430624K->384K(516864K)] 510481K->80281K(1203840K), 0.0098880 secs] [Times: user=0.04 sys=0.00, real=0.01 secs] 
2014-07-09T00:52:48.088+0000: 391.550: [GC [PSYoungGen: 516864K->224K(499520K)] 596761K->80161K(1186496K), 0.0051340 secs] [Times: user=0.02 sys=0.00, real=0.01 secs] 
2014-07-09T00:52:49.155+0000: 392.617: [GC [PSYoungGen: 499488K->292K(483136K)] 579425K->80261K(1170112K), 0.0042490 secs] [Times: user=0.01 sys=0.00, real=0.00 secs] 
2014-07-09T00:52:50.193+0000: 393.655: [GC [PSYoungGen: 483064K->228K(467392K)] 563034K->80213K(1154368K), 0.0043280 secs] [Times: user=0.01 sys=0.00, real=0.00 secs] 
2014-07-09T00:52:51.189+0000: 394.651: [GC [PSYoungGen: 467364K->274K(452416K)] 547349K->80291K(1139392K), 0.0045800 secs] [Times: user=0.02 sys=0.00, real=0.01 secs] 
2014-07-09T00:52:52.162+0000: 395.625: [GC [PSYoungGen: 452348K->288K(438080K)] 532365K->80329K(1125056K), 0.0034600 secs] [Times: user=0.01 sys=0.00, real=0.00 secs] 
2014-07-09T00:52:53.095+0000: 396.557: [GC [PSYoungGen: 438047K->420K(424448K)] 518089K->80533K(1111424K), 0.0034870 secs] [Times: user=0.01 sys=0.00, real=0.00 secs] 
2014-07-09T00:52:53.999+0000: 397.461: [GC [PSYoungGen: 424420K->448K(411264K)] 504533K->80633K(1098240K), 0.0043950 secs] [Times: user=0.01 sys=0.00, real=0.01 secs] 
2014-07-09T00:52:54.879+0000: 398.341: [GC [PSYoungGen: 411264K->274K(398528K)] 491449K->80491K(1085504K), 0.0110610 secs] [Times: user=0.04 sys=0.00, real=0.01 secs] 
2014-07-09T00:52:55.733+0000: 399.195: [GC [PSYoungGen: 398432K->448K(386624K)] 478649K->80713K(1073600K), 0.0131780 secs] [Times: user=0.04 sys=0.00, real=0.01 secs] 
2014-07-09T00:52:56.558+0000: 400.021: [GC [PSYoungGen: 386624K->192K(374848K)] 466889K->80481K(1061824K), 0.0052800 secs] [Times: user=0.00 sys=0.00, real=0.01 secs] 
2014-07-09T00:52:57.356+0000: 400.819: [GC [PSYoungGen: 374847K->452K(364096K)] 455137K->80773K(1051072K), 0.0101510 secs] [Times: user=0.03 sys=0.00, real=0.01 secs] 
2014-07-09T00:52:58.134+0000: 401.596: [GC [PSYoungGen: 364030K->324K(436736K)] 444351K->80677K(1123712K), 0.0218070 secs] [Times: user=0.08 sys=0.00, real=0.02 secs] 
2014-07-09T00:52:59.066+0000: 402.529: [GC [PSYoungGen: 436676K->306K(523968K)] 517029K->80699K(1210944K), 0.0061270 secs] [Times: user=0.02 sys=0.00, real=0.01 secs] 
2014-07-09T00:53:00.185+0000: 403.647: [GC [PSYoungGen: 523954K->192K(628608K)] 604347K->80617K(1315584K), 0.0120070 secs] [Times: user=0.04 sys=0.00, real=0.01 secs] 
2014-07-09T00:53:01.526+0000: 404.988: [GC [PSYoungGen: 628572K->456K(606656K)] 708998K->80905K(1293632K), 0.0037830 secs] [Times: user=0.01 sys=0.00, real=0.00 secs] 
2014-07-09T00:53:02.827+0000: 406.290: [GC [PSYoungGen: 606600K->512K(585408K)] 687049K->81001K(1272384K), 0.0036160 secs] [Times: user=0.01 sys=0.00, real=0.00 secs] 
2014-07-09T00:53:04.067+0000: 407.529: [GC [PSYoungGen: 585407K->374K(564992K)] 665896K->80935K(1251968K), 0.0068580 secs] [Times: user=0.01 sys=0.00, real=0.01 secs] 
2014-07-09T00:53:05.273+0000: 408.735: [GC [PSYoungGen: 564982K->96K(545408K)] 645543K->80689K(1232384K), 0.0063560 secs] [Times: user=0.01 sys=0.00, real=0.00 secs] 
2014-07-09T00:53:06.437+0000: 409.899: [GC [PSYoungGen: 545376K->192K(526976K)] 625969K->80825K(1213952K), 0.0029820 secs] [Times: user=0.00 sys=0.00, real=0.00 secs] 
2014-07-09T00:53:07.559+0000: 411.022: [GC [PSYoungGen: 526976K->260K(509440K)] 607609K->80917K(1196416K), 0.0107170 secs] [Times: user=0.03 sys=0.00, real=0.01 secs] 
2014-07-09T00:53:08.639+0000: 412.102: [GC [PSYoungGen: 509380K->210K(492480K)] 590037K->80899K(1179456K), 0.0031520 secs] [Times: user=0.01 sys=0.00, real=0.00 secs] 
2014-07-09T00:53:09.694+0000: 413.156: [GC [PSYoungGen: 492434K->384K(476480K)] 573123K->81113K(1163456K), 0.0032430 secs] [Times: user=0.01 sys=0.01, real=0.01 secs] 
2014-07-09T00:53:10.711+0000: 414.173: [GC [PSYoungGen: 476480K->160K(460864K)] 557209K->80913K(1147840K), 0.0089870 secs] [Times: user=0.03 sys=0.00, real=0.01 secs] 
2014-07-09T00:53:11.697+0000: 415.159: [GC [PSYoungGen: 460832K->128K(446080K)] 541585K->80889K(1133056K), 0.0052310 secs] [Times: user=0.00 sys=0.00, real=0.00 secs] 
2014-07-09T00:53:12.653+0000: 416.115: [GC [PSYoungGen: 446080K->466K(432384K)] 526841K->81283K(1119360K), 0.0129990 secs] [Times: user=0.04 sys=0.01, real=0.02 secs] 
2014-07-09T00:53:13.568+0000: 417.031: [GC [PSYoungGen: 432338K->128K(418496K)] 513155K->80985K(1105472K), 0.0058400 secs] [Times: user=0.01 sys=0.01, real=0.01 secs] 
2014-07-09T00:53:14.466+0000: 417.929: [GC [PSYoungGen: 418496K->306K(405760K)] 499353K->81235K(1092736K), 0.0035350 secs] [Times: user=0.01 sys=0.00, real=0.00 secs] 
2014-07-09T00:53:15.331+0000: 418.793: [GC [PSYoungGen: 405746K->224K(393344K)] 486675K->81185K(1080320K), 0.0061060 secs] [Times: user=0.02 sys=0.00, real=0.01 secs] 
2014-07-09T00:53:16.167+0000: 419.629: [GC [PSYoungGen: 393312K->128K(381376K)] 474273K->81121K(1068352K), 0.0039900 secs] [Times: user=0.01 sys=0.01, real=0.00 secs] 
2014-07-09T00:53:16.984+0000: 420.447: [GC [PSYoungGen: 381368K->576K(370496K)] 462361K->81609K(1057472K), 0.0065480 secs] [Times: user=0.02 sys=0.01, real=0.01 secs] 
2014-07-09T00:53:17.772+0000: 421.234: [GC [PSYoungGen: 370496K->128K(359168K)] 451529K->81177K(1046144K), 0.0038100 secs] [Times: user=0.01 sys=0.00, real=0.01 secs] 
2014-07-09T00:53:18.541+0000: 422.003: [GC [PSYoungGen: 359168K->288K(348928K)] 440217K->81369K(1035904K), 0.0041510 secs] [Times: user=0.01 sys=0.00, real=0.01 secs] 
2014-07-09T00:53:19.285+0000: 422.747: [GC [PSYoungGen: 348846K->210K(338880K)] 429927K->81307K(1025856K), 0.0041660 secs] [Times: user=0.01 sys=0.00, real=0.01 secs] 
2014-07-09T00:53:20.009+0000: 423.472: [GC [PSYoungGen: 338834K->320K(329344K)] 419931K->81449K(1016320K), 0.0030220 secs] [Times: user=0.01 sys=0.00, real=0.00 secs] 
2014-07-09T00:53:20.710+0000: 424.173: [GC [PSYoungGen: 329344K->324K(320192K)] 410473K->81469K(1007168K), 0.0069730 secs] [Times: user=0.01 sys=0.00, real=0.01 secs] 
2014-07-09T00:53:21.391+0000: 424.853: [GC [PSYoungGen: 320132K->256K(311232K)] 401277K->81417K(998208K), 0.0046960 secs] [Times: user=0.01 sys=0.00, real=0.00 secs] 
2014-07-09T00:53:22.050+0000: 425.512: [GC [PSYoungGen: 311232K->452K(303040K)] 392393K->81645K(990016K), 0.0034130 secs] [Times: user=0.01 sys=0.00, real=0.00 secs] 
2014-07-09T00:53:22.701+0000: 426.163: [GC [PSYoungGen: 302980K->192K(294592K)] 384173K->81433K(981568K), 0.0038260 secs] [Times: user=0.01 sys=0.01, real=0.00 secs] 
2014-07-09T00:53:23.330+0000: 426.792: [GC [PSYoungGen: 294592K->160K(286784K)] 375833K->81425K(973760K), 0.0055860 secs] [Times: user=0.01 sys=0.00, real=0.00 secs] 
2014-07-09T00:53:23.937+0000: 427.399: [GC [PSYoungGen: 286752K->160K(344128K)] 368017K->81457K(1031104K), 0.0536590 secs] [Times: user=0.19 sys=0.01, real=0.05 secs] 
2014-07-09T00:53:24.674+0000: 428.137: [GC [PSYoungGen: 344093K->242K(412992K)] 425390K->81579K(1099968K), 0.0180110 secs] [Times: user=0.07 sys=0.00, real=0.02 secs] 
2014-07-09T00:53:25.559+0000: 429.021: [GC [PSYoungGen: 412978K->310K(495616K)] 494315K->81671K(1182592K), 0.0062700 secs] [Times: user=0.01 sys=0.00, real=0.00 secs] 
2014-07-09T00:53:26.616+0000: 430.079: [GC [PSYoungGen: 495606K->256K(594624K)] 576967K->81649K(1281600K), 0.0042030 secs] [Times: user=0.01 sys=0.00, real=0.00 secs] 
2014-07-09T00:53:27.891+0000: 431.354: [GC [PSYoungGen: 594622K->256K(713536K)] 676015K->81673K(1400512K), 0.0039850 secs] [Times: user=0.01 sys=0.00, real=0.00 secs] 
2014-07-09T00:53:29.417+0000: 432.879: [GC [PSYoungGen: 713467K->474K(856448K)] 794884K->81915K(1543424K), 0.0037130 secs] [Times: user=0.01 sys=0.00, real=0.01 secs] 
2014-07-09T00:53:31.256+0000: 434.718: [GC [PSYoungGen: 856410K->160K(823296K)] 937851K->81649K(1510272K), 0.0042820 secs] [Times: user=0.01 sys=0.00, real=0.01 secs] 
2014-07-09T00:53:33.010+0000: 436.473: [GC [PSYoungGen: 823264K->288K(792128K)] 904753K->81801K(1479104K), 0.0058670 secs] [Times: user=0.01 sys=0.00, real=0.00 secs] 
2014-07-09T00:53:34.696+0000: 438.158: [GC [PSYoungGen: 792064K->484K(762496K)] 873577K->82093K(1449472K), 0.0068690 secs] [Times: user=0.02 sys=0.00, real=0.01 secs] 
2014-07-09T00:53:36.315+0000: 439.778: [GC [PSYoungGen: 762468K->288K(733888K)] 844077K->81953K(1420864K), 0.0067060 secs] [Times: user=0.02 sys=0.00, real=0.01 secs] 
2014-07-09T00:53:37.886+0000: 441.348: [GC [PSYoungGen: 733815K->356K(706816K)] 815480K->82245K(1393792K), 0.0073600 secs] [Times: user=0.03 sys=0.00, real=0.01 secs] 
2014-07-09T00:53:39.393+0000: 442.856: [GC [PSYoungGen: 706788K->306K(680896K)] 788677K->82227K(1367872K), 0.0049920 secs] [Times: user=0.01 sys=0.00, real=0.01 secs] 
2014-07-09T00:53:40.839+0000: 444.301: [GC [PSYoungGen: 680820K->256K(656192K)] 762742K->82257K(1343168K), 0.0089810 secs] [Times: user=0.03 sys=0.00, real=0.01 secs] 
2014-07-09T00:53:42.243+0000: 445.705: [GC [PSYoungGen: 656149K->342K(632832K)] 738150K->82359K(1319808K), 0.0037800 secs] [Times: user=0.01 sys=0.00, real=0.00 secs] 
2014-07-09T00:53:43.595+0000: 447.057: [GC [PSYoungGen: 632790K->352K(610368K)] 714807K->82441K(1297344K), 0.0174060 secs] [Times: user=0.06 sys=0.00, real=0.02 secs] 
2014-07-09T00:53:44.901+0000: 448.364: [GC [PSYoungGen: 610255K->288K(588864K)] 692344K->82425K(1275840K), 0.0043290 secs] [Times: user=0.01 sys=0.01, real=0.00 secs] 
2014-07-09T00:53:46.156+0000: 449.618: [GC [PSYoungGen: 588828K->456K(568640K)] 670966K->82641K(1255616K), 0.0062020 secs] [Times: user=0.02 sys=0.00, real=0.01 secs] 
2014-07-09T00:53:47.365+0000: 450.827: [GC [PSYoungGen: 568584K->160K(548800K)] 650769K->82385K(1235776K), 0.0064000 secs] [Times: user=0.03 sys=0.00, real=0.01 secs] 
2014-07-09T00:53:48.543+0000: 452.005: [GC [PSYoungGen: 548749K->420K(530432K)] 630974K->82669K(1217408K), 0.0060380 secs] [Times: user=0.02 sys=0.00, real=0.00 secs] 
2014-07-09T00:53:49.680+0000: 453.142: [GC [PSYoungGen: 530404K->520K(512768K)] 612653K->82793K(1199744K), 0.0056160 secs] [Times: user=0.02 sys=0.00, real=0.00 secs] 
2014-07-09T00:53:50.769+0000: 454.231: [GC [PSYoungGen: 512712K->224K(495424K)] 594985K->82521K(1182400K), 0.0087110 secs] [Times: user=0.02 sys=0.00, real=0.01 secs] 
2014-07-09T00:53:51.829+0000: 455.292: [GC [PSYoungGen: 495392K->256K(479168K)] 577689K->82585K(1166144K), 0.0087060 secs] [Times: user=0.03 sys=0.00, real=0.01 secs] 
2014-07-09T00:53:52.855+0000: 456.317: [GC [PSYoungGen: 479168K->384K(463744K)] 561497K->82753K(1150720K), 0.0034680 secs] [Times: user=0.01 sys=0.00, real=0.00 secs] 
2014-07-09T00:53:53.840+0000: 457.302: [GC [PSYoungGen: 463744K->420K(448960K)] 546113K->82861K(1135936K), 0.0063430 secs] [Times: user=0.02 sys=0.00, real=0.01 secs] 
2014-07-09T00:53:54.799+0000: 458.261: [GC [PSYoungGen: 448932K->320K(434624K)] 531373K->82809K(1121600K), 0.0157480 secs] [Times: user=0.06 sys=0.00, real=0.02 secs] 
2014-07-09T00:53:55.728+0000: 459.191: [GC [PSYoungGen: 434624K->338K(421120K)] 517113K->82859K(1108096K), 0.0062730 secs] [Times: user=0.02 sys=0.00, real=0.01 secs] 
2014-07-09T00:53:56.630+0000: 460.092: [GC [PSYoungGen: 421074K->192K(407936K)] 503595K->82745K(1094912K), 0.0039110 secs] [Times: user=0.01 sys=0.00, real=0.01 secs] 
2014-07-09T00:53:57.498+0000: 460.960: [GC [PSYoungGen: 407936K->192K(395456K)] 490489K->82785K(1082432K), 0.0108590 secs] [Times: user=0.03 sys=0.00, real=0.01 secs] 
2014-07-09T00:53:58.332+0000: 461.795: [GC [PSYoungGen: 395456K->128K(383488K)] 478049K->82737K(1070464K), 0.0034010 secs] [Times: user=0.00 sys=0.00, real=0.00 secs] 
2014-07-09T00:53:59.153+0000: 462.616: [GC [PSYoungGen: 383430K->374K(372288K)] 466039K->83031K(1059264K), 0.0062380 secs] [Times: user=0.02 sys=0.00, real=0.00 secs] 
2014-07-09T00:53:59.950+0000: 463.412: [GC [PSYoungGen: 372278K->306K(361280K)] 454935K->82995K(1048256K), 0.0055260 secs] [Times: user=0.02 sys=0.00, real=0.01 secs] 
2014-07-09T00:54:00.716+0000: 464.179: [GC [PSYoungGen: 361266K->256K(350720K)] 443955K->82977K(1037696K), 0.0055200 secs] [Times: user=0.02 sys=0.00, real=0.01 secs] 
2014-07-09T00:54:01.468+0000: 464.930: [GC [PSYoungGen: 350718K->178K(340608K)] 433440K->82907K(1027584K), 0.0063400 secs] [Times: user=0.00 sys=0.01, real=0.01 secs] 
2014-07-09T00:54:02.195+0000: 465.657: [GC [PSYoungGen: 340565K->210K(331008K)] 423294K->82955K(1017984K), 0.0126870 secs] [Times: user=0.04 sys=0.00, real=0.01 secs] 
2014-07-09T00:54:02.908+0000: 466.371: [GC [PSYoungGen: 330962K->224K(321728K)] 413707K->83017K(1008704K), 0.0038550 secs] [Times: user=0.01 sys=0.00, real=0.01 secs] 
2014-07-09T00:54:03.596+0000: 467.058: [GC [PSYoungGen: 321696K->480K(386304K)] 404489K->83313K(1073280K), 0.0241660 secs] [Times: user=0.08 sys=0.00, real=0.02 secs] 
2014-07-09T00:54:04.423+0000: 467.885: [GC [PSYoungGen: 386272K->310K(463296K)] 469105K->83207K(1150272K), 0.0061700 secs] [Times: user=0.02 sys=0.00, real=0.00 secs] 
2014-07-09T00:54:05.406+0000: 468.868: [GC [PSYoungGen: 463286K->96K(555712K)] 546183K->83017K(1242688K), 0.0055680 secs] [Times: user=0.01 sys=0.00, real=0.00 secs] 
2014-07-09T00:54:06.592+0000: 470.054: [GC [PSYoungGen: 555679K->160K(536832K)] 638600K->83121K(1223808K), 0.0031540 secs] [Times: user=0.01 sys=0.00, real=0.01 secs] 
2014-07-09T00:54:07.737+0000: 471.199: [GC [PSYoungGen: 536800K->160K(518720K)] 619761K->83153K(1205696K), 0.0072270 secs] [Times: user=0.02 sys=0.00, real=0.01 secs] 
2014-07-09T00:54:08.853+0000: 472.315: [GC [PSYoungGen: 518688K->320K(501568K)] 601681K->83345K(1188544K), 0.0046630 secs] [Times: user=0.01 sys=0.01, real=0.01 secs] 
2014-07-09T00:54:09.916+0000: 473.378: [GC [PSYoungGen: 501521K->474K(485248K)] 584546K->83523K(1172224K), 0.0029130 secs] [Times: user=0.01 sys=0.00, real=0.00 secs] 
2014-07-09T00:54:10.958+0000: 474.420: [GC [PSYoungGen: 485210K->324K(469312K)] 568259K->83389K(1156288K), 0.0054020 secs] [Times: user=0.00 sys=0.01, real=0.01 secs] 
2014-07-09T00:54:11.955+0000: 475.417: [GC [PSYoungGen: 469251K->128K(453952K)] 552316K->83209K(1140928K), 0.0037770 secs] [Times: user=0.01 sys=0.00, real=0.00 secs] 
2014-07-09T00:54:12.936+0000: 476.398: [GC [PSYoungGen: 453952K->548K(439936K)] 537033K->83693K(1126912K), 0.0050790 secs] [Times: user=0.01 sys=0.00, real=0.00 secs] 
2014-07-09T00:54:13.869+0000: 477.331: [GC [PSYoungGen: 439908K->192K(425728K)] 523053K->83377K(1112704K), 0.0194040 secs] [Times: user=0.07 sys=0.00, real=0.02 secs] 
2014-07-09T00:54:14.773+0000: 478.235: [GC [PSYoungGen: 425728K->352K(412672K)] 508913K->83585K(1099648K), 0.0109530 secs] [Times: user=0.04 sys=0.00, real=0.01 secs] 
2014-07-09T00:54:15.653+0000: 479.115: [GC [PSYoungGen: 412640K->288K(399936K)] 495873K->83569K(1086912K), 0.0033270 secs] [Times: user=0.01 sys=0.00, real=0.01 secs] 
2014-07-09T00:54:16.505+0000: 479.967: [GC [PSYoungGen: 399904K->192K(479744K)] 483185K->83513K(1166720K), 0.0171810 secs] [Times: user=0.05 sys=0.00, real=0.01 secs] 
2014-07-09T00:54:17.526+0000: 480.988: [GC [PSYoungGen: 479744K->384K(464384K)] 563065K->83745K(1151360K), 0.0064500 secs] [Times: user=0.02 sys=0.00, real=0.00 secs] 
2014-07-09T00:54:18.523+0000: 481.985: [GC [PSYoungGen: 464384K->320K(449408K)] 547745K->83721K(1136384K), 0.0045540 secs] [Times: user=0.01 sys=0.00, real=0.01 secs] 
2014-07-09T00:54:19.484+0000: 482.947: [GC [PSYoungGen: 449407K->160K(435072K)] 532809K->83585K(1122048K), 0.0031520 secs] [Times: user=0.01 sys=0.00, real=0.01 secs] 
2014-07-09T00:54:20.412+0000: 483.874: [GC [PSYoungGen: 435031K->338K(421632K)] 518456K->83787K(1108608K), 0.0095480 secs] [Times: user=0.03 sys=0.00, real=0.01 secs] 
2014-07-09T00:54:21.303+0000: 484.766: [GC [PSYoungGen: 421586K->552K(408768K)] 505035K->84049K(1095744K), 0.0114410 secs] [Times: user=0.04 sys=0.00, real=0.01 secs] 
2014-07-09T00:54:22.172+0000: 485.635: [GC [PSYoungGen: 408744K->242K(490112K)] 492241K->83843K(1177088K), 0.0119470 secs] [Times: user=0.04 sys=0.00, real=0.01 secs] 
2014-07-09T00:54:23.225+0000: 486.687: [GC [PSYoungGen: 490098K->384K(474240K)] 573699K->84033K(1161216K), 0.0052300 secs] [Times: user=0.01 sys=0.00, real=0.01 secs] 
2014-07-09T00:54:24.240+0000: 487.702: [GC [PSYoungGen: 474240K->256K(568896K)] 557889K->83961K(1255872K), 0.0185520 secs] [Times: user=0.05 sys=0.01, real=0.02 secs] 
2014-07-09T00:54:25.452+0000: 488.914: [GC [PSYoungGen: 568896K->128K(682496K)] 652601K->83865K(1369472K), 0.0178650 secs] [Times: user=0.06 sys=0.00, real=0.02 secs] 
2014-07-09T00:54:26.909+0000: 490.372: [GC [PSYoungGen: 682496K->288K(819200K)] 766233K->84065K(1506176K), 0.0224530 secs] [Times: user=0.07 sys=0.00, real=0.02 secs] 
2014-07-09T00:54:28.660+0000: 492.122: [GC [PSYoungGen: 819155K->338K(983040K)] 902932K->84155K(1670016K), 0.0117040 secs] [Times: user=0.04 sys=0.00, real=0.01 secs] 
2014-07-09T00:54:30.757+0000: 494.220: [GC [PSYoungGen: 982994K->224K(944000K)] 1066811K->84081K(1630976K), 0.0110160 secs] [Times: user=0.03 sys=0.00, real=0.01 secs] 
2014-07-09T00:54:32.775+0000: 496.237: [GC [PSYoungGen: 943968K->160K(906880K)] 1027825K->84057K(1593856K), 0.0059390 secs] [Times: user=0.01 sys=0.00, real=0.01 secs] 
2014-07-09T00:54:34.701+0000: 498.163: [GC [PSYoungGen: 906848K->192K(871616K)] 990745K->84161K(1558592K), 0.0035880 secs] [Times: user=0.01 sys=0.00, real=0.00 secs] 
2014-07-09T00:54:36.560+0000: 500.022: [GC [PSYoungGen: 871616K->452K(838336K)] 955585K->84477K(1525312K), 0.0078560 secs] [Times: user=0.03 sys=0.00, real=0.01 secs] 
2014-07-09T00:54:38.346+0000: 501.808: [GC [PSYoungGen: 838276K->160K(806016K)] 922301K->84233K(1492992K), 0.0078530 secs] [Times: user=0.03 sys=0.00, real=0.01 secs] 
2014-07-09T00:54:40.057+0000: 503.519: [GC [PSYoungGen: 805984K->256K(775616K)] 890057K->84385K(1462592K), 0.0177530 secs] [Times: user=0.07 sys=0.00, real=0.02 secs] 
2014-07-09T00:54:41.706+0000: 505.168: [GC [PSYoungGen: 775596K->562K(746880K)] 859726K->84731K(1433856K), 0.0138800 secs] [Times: user=0.05 sys=0.00, real=0.02 secs] 
2014-07-09T00:54:43.303+0000: 506.765: [GC [PSYoungGen: 746866K->598K(719232K)] 831035K->84823K(1406208K), 0.0091690 secs] [Times: user=0.03 sys=0.00, real=0.01 secs] 
2014-07-09T00:54:44.832+0000: 508.294: [GC [PSYoungGen: 719190K->128K(692288K)] 803415K->84457K(1379264K), 0.0037080 secs] [Times: user=0.01 sys=0.00, real=0.00 secs] 
2014-07-09T00:54:46.306+0000: 509.768: [GC [PSYoungGen: 692279K->256K(667200K)] 776608K->84625K(1354176K), 0.0032360 secs] [Times: user=0.01 sys=0.00, real=0.01 secs] 
2014-07-09T00:54:47.728+0000: 511.190: [GC [PSYoungGen: 667200K->224K(643200K)] 751569K->84641K(1330176K), 0.0064320 secs] [Times: user=0.02 sys=0.00, real=0.01 secs] 
2014-07-09T00:54:49.099+0000: 512.562: [GC [PSYoungGen: 643168K->260K(620352K)] 727585K->84693K(1307328K), 0.0143610 secs] [Times: user=0.05 sys=0.00, real=0.01 secs] 
2014-07-09T00:54:50.429+0000: 513.892: [GC [PSYoungGen: 620274K->392K(598592K)] 704708K->84865K(1285568K), 0.0044890 secs] [Times: user=0.01 sys=0.00, real=0.00 secs] 
2014-07-09T00:54:51.713+0000: 515.175: [GC [PSYoungGen: 598533K->324K(577664K)] 683006K->84853K(1264640K), 0.0067040 secs] [Times: user=0.02 sys=0.00, real=0.01 secs] 
2014-07-09T00:54:52.949+0000: 516.412: [GC [PSYoungGen: 577510K->502K(557888K)] 662040K->85103K(1244864K), 0.0080030 secs] [Times: user=0.03 sys=0.00, real=0.01 secs] 
2014-07-09T00:54:54.134+0000: 517.596: [GC [PSYoungGen: 557878K->388K(538816K)] 642479K->85061K(1225792K), 0.0228290 secs] [Times: user=0.08 sys=0.00, real=0.02 secs] 
2014-07-09T00:54:55.286+0000: 518.749: [GC [PSYoungGen: 538756K->160K(520384K)] 623429K->84865K(1207360K), 0.0027910 secs] [Times: user=0.01 sys=0.00, real=0.00 secs] 
2014-07-09T00:54:56.396+0000: 519.858: [GC [PSYoungGen: 520345K->292K(503168K)] 605051K->85053K(1190144K), 0.0031950 secs] [Times: user=0.01 sys=0.00, real=0.00 secs] 
2014-07-09T00:54:57.473+0000: 520.935: [GC [PSYoungGen: 503140K->352K(486656K)] 587901K->85153K(1173632K), 0.0080950 secs] [Times: user=0.03 sys=0.00, real=0.01 secs] 
2014-07-09T00:54:58.511+0000: 521.973: [GC [PSYoungGen: 486624K->160K(470592K)] 571425K->84993K(1157568K), 0.0059100 secs] [Times: user=0.02 sys=0.00, real=0.00 secs] 
2014-07-09T00:54:59.523+0000: 522.985: [GC [PSYoungGen: 470528K->388K(455680K)] 555361K->85253K(1142656K), 0.0051800 secs] [Times: user=0.02 sys=0.00, real=0.00 secs] 
2014-07-09T00:55:00.500+0000: 523.962: [GC [PSYoungGen: 455620K->160K(440896K)] 540485K->85049K(1127872K), 0.0124720 secs] [Times: user=0.04 sys=0.00, real=0.02 secs] 
2014-07-09T00:55:01.441+0000: 524.903: [GC [PSYoungGen: 440864K->64K(426880K)] 525753K->84969K(1113856K), 0.0032490 secs] [Times: user=0.00 sys=0.00, real=0.01 secs] 
2014-07-09T00:55:02.345+0000: 525.807: [GC [PSYoungGen: 426880K->192K(414208K)] 511785K->85113K(1101184K), 0.0032450 secs] [Times: user=0.01 sys=0.00, real=0.00 secs] 
2014-07-09T00:55:03.244+0000: 526.706: [GC [PSYoungGen: 413760K->192K(401024K)] 498681K->85177K(1088000K), 0.0033340 secs] [Times: user=0.01 sys=0.00, real=0.00 secs] 
2014-07-09T00:55:04.098+0000: 527.560: [GC [PSYoungGen: 401024K->370K(389056K)] 486009K->85403K(1076032K), 0.0030590 secs] [Times: user=0.01 sys=0.00, real=0.01 secs] 
2014-07-09T00:55:04.932+0000: 528.394: [GC [PSYoungGen: 389042K->160K(377216K)] 474075K->85209K(1064192K), 0.0063510 secs] [Times: user=0.00 sys=0.00, real=0.00 secs] 
2014-07-09T00:55:05.734+0000: 529.196: [GC [PSYoungGen: 377181K->374K(366272K)] 462231K->85463K(1053248K), 0.0029890 secs] [Times: user=0.00 sys=0.01, real=0.00 secs] 
2014-07-09T00:55:06.512+0000: 529.974: [GC [PSYoungGen: 366260K->192K(355392K)] 451350K->85321K(1042368K), 0.0058220 secs] [Times: user=0.02 sys=0.00, real=0.01 secs] 
2014-07-09T00:55:07.273+0000: 530.736: [GC [PSYoungGen: 355392K->512K(345472K)] 440521K->85705K(1032448K), 0.0097380 secs] [Times: user=0.03 sys=0.00, real=0.01 secs] 
2014-07-09T00:55:08.013+0000: 531.475: [GC [PSYoungGen: 345472K->128K(335232K)] 430665K->85353K(1022208K), 0.0067410 secs] [Times: user=0.02 sys=0.00, real=0.00 secs] 
2014-07-09T00:55:08.731+0000: 532.193: [GC [PSYoungGen: 335232K->388K(326144K)] 420457K->85645K(1013120K), 0.0030460 secs] [Times: user=0.01 sys=0.00, real=0.01 secs] 
2014-07-09T00:55:09.432+0000: 532.894: [GC [PSYoungGen: 326079K->356K(316992K)] 411337K->85637K(1003968K), 0.0095950 secs] [Times: user=0.03 sys=0.00, real=0.01 secs] 
2014-07-09T00:55:10.107+0000: 533.569: [GC [PSYoungGen: 316964K->160K(308096K)] 402245K->85465K(995072K), 0.0032940 secs] [Times: user=0.01 sys=0.01, real=0.00 secs] 
2014-07-09T00:55:10.765+0000: 534.227: [GC [PSYoungGen: 308007K->548K(300160K)] 393313K->85893K(987136K), 0.0074380 secs] [Times: user=0.03 sys=0.00, real=0.01 secs] 
2014-07-09T00:55:11.401+0000: 534.863: [GC [PSYoungGen: 300132K->128K(291712K)] 385477K->85505K(978688K), 0.0063970 secs] [Times: user=0.02 sys=0.00, real=0.01 secs] 
2014-07-09T00:55:12.028+0000: 535.490: [GC [PSYoungGen: 291712K->552K(284480K)] 377089K->85977K(971456K), 0.0062300 secs] [Times: user=0.03 sys=0.00, real=0.01 secs] 
2014-07-09T00:55:12.634+0000: 536.097: [GC [PSYoungGen: 284456K->242K(276736K)] 369881K->85699K(963712K), 0.0033110 secs] [Times: user=0.00 sys=0.00, real=0.00 secs] 
2014-07-09T00:55:13.226+0000: 536.688: [GC [PSYoungGen: 276629K->374K(269760K)] 362087K->85863K(956736K), 0.0059040 secs] [Times: user=0.02 sys=0.00, real=0.00 secs] 
2014-07-09T00:55:13.801+0000: 537.263: [GC [PSYoungGen: 269750K->192K(262720K)] 355239K->85721K(949696K), 0.0059660 secs] [Times: user=0.02 sys=0.00, real=0.01 secs] 
2014-07-09T00:55:14.362+0000: 537.824: [GC [PSYoungGen: 262720K->96K(256064K)] 348249K->85641K(943040K), 0.0038120 secs] [Times: user=0.01 sys=0.00, real=0.01 secs] 
2014-07-09T00:55:14.909+0000: 538.371: [GC [PSYoungGen: 256032K->352K(249984K)] 341577K->85937K(936960K), 0.0034930 secs] [Times: user=0.01 sys=0.00, real=0.00 secs] 
2014-07-09T00:55:15.440+0000: 538.902: [GC [PSYoungGen: 249952K->64K(243584K)] 335537K->85681K(930560K), 0.0049060 secs] [Times: user=0.00 sys=0.00, real=0.01 secs] 
2014-07-09T00:55:15.962+0000: 539.424: [GC [PSYoungGen: 243584K->320K(238336K)] 329201K->85969K(925312K), 0.0033590 secs] [Times: user=0.01 sys=0.00, real=0.01 secs] 
2014-07-09T00:55:16.466+0000: 539.928: [GC [PSYoungGen: 237933K->164K(232128K)] 323582K->85821K(919104K), 0.0060810 secs] [Times: user=0.01 sys=0.00, real=0.00 secs] 
2014-07-09T00:55:16.966+0000: 540.429: [GC [PSYoungGen: 232100K->320K(226816K)] 317757K->86001K(913792K), 0.0036480 secs] [Times: user=0.01 sys=0.00, real=0.00 secs] 
2014-07-09T00:55:17.448+0000: 540.910: [GC [PSYoungGen: 226816K->402K(272256K)] 312497K->86131K(959232K), 0.0093490 secs] [Times: user=0.03 sys=0.00, real=0.01 secs] 
2014-07-09T00:55:18.027+0000: 541.489: [GC [PSYoungGen: 272210K->324K(326592K)] 357939K->86085K(1013568K), 0.0064900 secs] [Times: user=0.02 sys=0.00, real=0.01 secs] 
2014-07-09T00:55:18.726+0000: 542.188: [GC [PSYoungGen: 326532K->274K(317440K)] 412293K->86051K(1004416K), 0.0039260 secs] [Times: user=0.01 sys=0.00, real=0.00 secs] 
2014-07-09T00:55:19.408+0000: 542.871: [GC [PSYoungGen: 317361K->256K(380800K)] 403139K->86057K(1067776K), 0.0281200 secs] [Times: user=0.09 sys=0.00, real=0.03 secs] 
2014-07-09T00:55:20.220+0000: 543.682: [GC [PSYoungGen: 380800K->64K(456768K)] 466601K->85873K(1143744K), 0.0049220 secs] [Times: user=0.01 sys=0.00, real=0.01 secs] 
2014-07-09T00:55:21.199+0000: 544.661: [GC [PSYoungGen: 456768K->274K(548672K)] 542577K->86115K(1235648K), 0.0169340 secs] [Times: user=0.05 sys=0.00, real=0.02 secs] 
2014-07-09T00:55:22.376+0000: 545.839: [GC [PSYoungGen: 548366K->520K(658304K)] 634207K->86393K(1345280K), 0.0054080 secs] [Times: user=0.02 sys=0.00, real=0.00 secs] 
2014-07-09T00:55:23.784+0000: 547.246: [GC [PSYoungGen: 658248K->292K(634432K)] 744121K->86213K(1321408K), 0.0042690 secs] [Times: user=0.01 sys=0.00, real=0.01 secs] 
2014-07-09T00:55:25.137+0000: 548.599: [GC [PSYoungGen: 634377K->192K(611776K)] 720298K->86169K(1298752K), 0.0030210 secs] [Times: user=0.01 sys=0.00, real=0.00 secs] 
2014-07-09T00:55:26.442+0000: 549.905: [GC [PSYoungGen: 611776K->96K(590208K)] 697753K->86121K(1277184K), 0.0052540 secs] [Times: user=0.01 sys=0.00, real=0.01 secs] 
2014-07-09T00:55:27.699+0000: 551.162: [GC [PSYoungGen: 590176K->192K(569792K)] 676201K->86241K(1256768K), 0.0035310 secs] [Times: user=0.00 sys=0.00, real=0.00 secs] 
2014-07-09T00:55:28.917+0000: 552.379: [GC [PSYoungGen: 569792K->224K(550272K)] 655841K->86321K(1237248K), 0.0109440 secs] [Times: user=0.04 sys=0.01, real=0.01 secs] 
2014-07-09T00:55:30.096+0000: 553.558: [GC [PSYoungGen: 550240K->288K(531648K)] 636337K->86401K(1218624K), 0.0051480 secs] [Times: user=0.01 sys=0.00, real=0.00 secs] 
2014-07-09T00:55:31.230+0000: 554.692: [GC [PSYoungGen: 531616K->178K(513664K)] 617729K->86323K(1200640K), 0.0035390 secs] [Times: user=0.01 sys=0.00, real=0.00 secs] 
2014-07-09T00:55:32.331+0000: 555.794: [GC [PSYoungGen: 513650K->128K(496512K)] 599795K->86289K(1183488K), 0.0038560 secs] [Times: user=0.01 sys=0.00, real=0.00 secs] 
2014-07-09T00:55:33.393+0000: 556.855: [GC [PSYoungGen: 496490K->260K(480384K)] 582652K->86469K(1167360K), 0.0034970 secs] [Times: user=0.01 sys=0.00, real=0.00 secs] 
2014-07-09T00:55:34.422+0000: 557.885: [GC [PSYoungGen: 480324K->128K(464576K)] 566533K->86369K(1151552K), 0.0035440 secs] [Times: user=0.01 sys=0.00, real=0.00 secs] 
2014-07-09T00:55:35.411+0000: 558.874: [GC [PSYoungGen: 464576K->434K(449984K)] 550817K->86723K(1136960K), 0.0054220 secs] [Times: user=0.02 sys=0.00, real=0.01 secs] 
2014-07-09T00:55:36.373+0000: 559.835: [GC [PSYoungGen: 449970K->210K(435520K)] 536259K->86547K(1122496K), 0.0033020 secs] [Times: user=0.01 sys=0.00, real=0.01 secs] 
2014-07-09T00:55:37.305+0000: 560.767: [GC [PSYoungGen: 435474K->292K(421952K)] 521811K->86677K(1108928K), 0.0101430 secs] [Times: user=0.04 sys=0.00, real=0.01 secs] 
2014-07-09T00:55:38.209+0000: 561.671: [GC [PSYoungGen: 421912K->352K(408960K)] 508297K->86777K(1095936K), 0.0065760 secs] [Times: user=0.02 sys=0.00, real=0.00 secs] 
2014-07-09T00:55:39.081+0000: 562.543: [GC [PSYoungGen: 408928K->306K(396416K)] 495353K->86755K(1083392K), 0.0054700 secs] [Times: user=0.02 sys=0.00, real=0.00 secs] 
2014-07-09T00:55:39.935+0000: 563.397: [GC [PSYoungGen: 396402K->374K(384512K)] 482851K->86863K(1071488K), 0.0115200 secs] [Times: user=0.04 sys=0.00, real=0.01 secs] 
2014-07-09T00:55:40.751+0000: 564.213: [GC [PSYoungGen: 384502K->438K(373120K)] 470991K->86951K(1060096K), 0.0037440 secs] [Times: user=0.01 sys=0.00, real=0.00 secs] 
2014-07-09T00:55:41.545+0000: 565.007: [GC [PSYoungGen: 373089K->246K(361920K)] 459603K->86775K(1048896K), 0.0080760 secs] [Times: user=0.03 sys=0.00, real=0.01 secs] 
2014-07-09T00:55:42.317+0000: 565.779: [GC [PSYoungGen: 361910K->242K(351424K)] 448439K->86787K(1038400K), 0.0103510 secs] [Times: user=0.03 sys=0.00, real=0.02 secs] 
2014-07-09T00:55:43.065+0000: 566.527: [GC [PSYoungGen: 351386K->224K(341312K)] 437932K->86809K(1028288K), 0.0060150 secs] [Times: user=0.01 sys=0.00, real=0.01 secs] 
2014-07-09T00:55:43.792+0000: 567.254: [GC [PSYoungGen: 341280K->288K(331712K)] 427865K->86905K(1018688K), 0.0079510 secs] [Times: user=0.02 sys=0.00, real=0.01 secs] 
2014-07-09T00:55:44.504+0000: 567.966: [GC [PSYoungGen: 331675K->128K(322240K)] 418292K->86761K(1009216K), 0.0045510 secs] [Times: user=0.01 sys=0.00, real=0.01 secs] 
2014-07-09T00:55:45.204+0000: 568.666: [GC [PSYoungGen: 322240K->448K(313664K)] 408873K->87129K(1000640K), 0.0049430 secs] [Times: user=0.02 sys=0.00, real=0.01 secs] 
2014-07-09T00:55:45.872+0000: 569.335: [GC [PSYoungGen: 313659K->352K(305024K)] 400340K->87081K(992000K), 0.0049190 secs] [Times: user=0.02 sys=0.00, real=0.00 secs] 
2014-07-09T00:55:46.522+0000: 569.985: [GC [PSYoungGen: 304938K->442K(296896K)] 391668K->87203K(983872K), 0.0048200 secs] [Times: user=0.02 sys=0.00, real=0.00 secs] 
2014-07-09T00:55:47.156+0000: 570.618: [GC [PSYoungGen: 296890K->256K(288832K)] 383651K->87049K(975808K), 0.0088740 secs] [Times: user=0.04 sys=0.00, real=0.01 secs] 
2014-07-09T00:55:47.770+0000: 571.232: [GC [PSYoungGen: 288831K->556K(281536K)] 375624K->87365K(968512K), 0.0031270 secs] [Times: user=0.01 sys=0.00, real=0.00 secs] 
2014-07-09T00:55:48.373+0000: 571.835: [GC [PSYoungGen: 281514K->306K(273984K)] 368323K->87147K(960960K), 0.0037740 secs] [Times: user=0.01 sys=0.00, real=0.00 secs] 
2014-07-09T00:55:48.958+0000: 572.420: [GC [PSYoungGen: 273968K->594K(267264K)] 360810K->87451K(954240K), 0.0057080 secs] [Times: user=0.01 sys=0.00, real=0.00 secs] 
2014-07-09T00:55:49.526+0000: 572.988: [GC [PSYoungGen: 267214K->128K(260032K)] 354072K->87001K(947008K), 0.0032330 secs] [Times: user=0.01 sys=0.00, real=0.01 secs] 
2014-07-09T00:55:50.084+0000: 573.546: [GC [PSYoungGen: 260032K->128K(253568K)] 346905K->87017K(940544K), 0.0059420 secs] [Times: user=0.01 sys=0.00, real=0.01 secs] 
2014-07-09T00:55:50.623+0000: 574.086: [GC [PSYoungGen: 253568K->160K(247360K)] 340457K->87073K(934336K), 0.0032830 secs] [Times: user=0.00 sys=0.00, real=0.00 secs] 
2014-07-09T00:55:51.162+0000: 574.624: [GC [PSYoungGen: 247328K->438K(241600K)] 334241K->87399K(928576K), 0.0036990 secs] [Times: user=0.01 sys=0.00, real=0.00 secs] 
2014-07-09T00:55:51.668+0000: 575.131: [GC [PSYoungGen: 241590K->224K(289664K)] 328551K->87217K(976640K), 0.0098180 secs] [Times: user=0.04 sys=0.00, real=0.01 secs] 
2014-07-09T00:55:52.285+0000: 575.747: [GC [PSYoungGen: 289632K->242K(347584K)] 376625K->87259K(1034560K), 0.0092430 secs] [Times: user=0.03 sys=0.00, real=0.01 secs] 
2014-07-09T00:55:53.025+0000: 576.487: [GC [PSYoungGen: 347570K->260K(417152K)] 434587K->87341K(1104128K), 0.0122850 secs] [Times: user=0.05 sys=0.00, real=0.01 secs] 
2014-07-09T00:55:53.922+0000: 577.384: [GC [PSYoungGen: 417092K->160K(500416K)] 504173K->87273K(1187392K), 0.0037190 secs] [Times: user=0.01 sys=0.01, real=0.00 secs] 
2014-07-09T00:55:54.996+0000: 578.459: [GC [PSYoungGen: 500384K->352K(484160K)] 587497K->87497K(1171136K), 0.0034620 secs] [Times: user=0.01 sys=0.01, real=0.01 secs] 
2014-07-09T00:55:56.030+0000: 579.492: [GC [PSYoungGen: 484128K->452K(468544K)] 571273K->87645K(1155520K), 0.0039340 secs] [Times: user=0.01 sys=0.01, real=0.00 secs] 
2014-07-09T00:55:57.030+0000: 580.492: [GC [PSYoungGen: 468484K->256K(453248K)] 555677K->87497K(1140224K), 0.0072850 secs] [Times: user=0.02 sys=0.00, real=0.00 secs] 
2014-07-09T00:55:58.010+0000: 581.472: [GC [PSYoungGen: 453248K->338K(438976K)] 540489K->87611K(1125952K), 0.0035530 secs] [Times: user=0.01 sys=0.01, real=0.00 secs] 
2014-07-09T00:55:58.955+0000: 582.417: [GC [PSYoungGen: 438929K->288K(425152K)] 526202K->87593K(1112128K), 0.0033440 secs] [Times: user=0.01 sys=0.01, real=0.00 secs] 
2014-07-09T00:55:59.857+0000: 583.320: [GC [PSYoungGen: 425120K->420K(412096K)] 512425K->87757K(1099072K), 0.0084990 secs] [Times: user=0.03 sys=0.00, real=0.01 secs] 
2014-07-09T00:56:00.737+0000: 584.199: [GC [PSYoungGen: 412068K->320K(399360K)] 499405K->87681K(1086336K), 0.0085650 secs] [Times: user=0.03 sys=0.01, real=0.01 secs] 
2014-07-09T00:56:01.583+0000: 585.045: [GC [PSYoungGen: 399360K->160K(387136K)] 486721K->87553K(1074112K), 0.0033820 secs] [Times: user=0.01 sys=0.00, real=0.00 secs] 
2014-07-09T00:56:02.413+0000: 585.876: [GC [PSYoungGen: 387104K->338K(375744K)] 474497K->87763K(1062720K), 0.0042580 secs] [Times: user=0.01 sys=0.00, real=0.00 secs] 
2014-07-09T00:56:03.219+0000: 586.682: [GC [PSYoungGen: 375692K->128K(364416K)] 463118K->87609K(1051392K), 0.0077470 secs] [Times: user=0.03 sys=0.00, real=0.01 secs] 
2014-07-09T00:56:03.998+0000: 587.460: [GC [PSYoungGen: 364414K->160K(353856K)] 451896K->87681K(1040832K), 0.0039960 secs] [Times: user=0.01 sys=0.00, real=0.01 secs] 
2014-07-09T00:56:04.759+0000: 588.221: [GC [PSYoungGen: 353824K->192K(343680K)] 441345K->87737K(1030656K), 0.0053840 secs] [Times: user=0.01 sys=0.00, real=0.01 secs] 
2014-07-09T00:56:05.494+0000: 588.957: [GC [PSYoungGen: 343680K->192K(333888K)] 431225K->87769K(1020864K), 0.0091470 secs] [Times: user=0.04 sys=0.00, real=0.01 secs] 
2014-07-09T00:56:06.207+0000: 589.669: [GC [PSYoungGen: 333813K->228K(324544K)] 421390K->87837K(1011520K), 0.0038240 secs] [Times: user=0.01 sys=0.00, real=0.01 secs] 
2014-07-09T00:56:06.901+0000: 590.364: [GC [PSYoungGen: 324462K->324K(315648K)] 412072K->87965K(1002624K), 0.0063990 secs] [Times: user=0.02 sys=0.00, real=0.00 secs] 
2014-07-09T00:56:07.578+0000: 591.040: [GC [PSYoungGen: 315587K->128K(306752K)] 403228K->87785K(993728K), 0.0040360 secs] [Times: user=0.01 sys=0.01, real=0.01 secs] 
2014-07-09T00:56:08.229+0000: 591.691: [GC [PSYoungGen: 306752K->242K(298560K)] 394409K->87939K(985536K), 0.0073930 secs] [Times: user=0.03 sys=0.00, real=0.01 secs] 
2014-07-09T00:56:08.871+0000: 592.333: [GC [PSYoungGen: 298546K->128K(290432K)] 386243K->87833K(977408K), 0.0055060 secs] [Times: user=0.01 sys=0.00, real=0.01 secs] 
2014-07-09T00:56:09.490+0000: 592.952: [GC [PSYoungGen: 290432K->328K(283008K)] 378137K->88041K(969984K), 0.0058670 secs] [Times: user=0.01 sys=0.00, real=0.01 secs] 
2014-07-09T00:56:10.096+0000: 593.558: [GC [PSYoungGen: 282952K->416K(339648K)] 370665K->88153K(1026624K), 0.0167510 secs] [Times: user=0.06 sys=0.00, real=0.02 secs] 
2014-07-09T00:56:10.822+0000: 594.284: [GC [PSYoungGen: 339616K->228K(407296K)] 427353K->88093K(1094272K), 0.0054630 secs] [Times: user=0.01 sys=0.01, real=0.00 secs] 
2014-07-09T00:56:11.690+0000: 595.152: [GC [PSYoungGen: 407227K->320K(488768K)] 495093K->88217K(1175744K), 0.0075680 secs] [Times: user=0.03 sys=0.00, real=0.01 secs] 
2014-07-09T00:56:12.732+0000: 596.194: [GC [PSYoungGen: 488768K->320K(586496K)] 576665K->88273K(1273472K), 0.0119910 secs] [Times: user=0.04 sys=0.00, real=0.01 secs] 
2014-07-09T00:56:13.994+0000: 597.456: [GC [PSYoungGen: 586496K->548K(704000K)] 674449K->88621K(1390976K), 0.0104370 secs] [Times: user=0.03 sys=0.00, real=0.01 secs] 
2014-07-09T00:56:15.499+0000: 598.962: [GC [PSYoungGen: 703972K->128K(677824K)] 792045K->88241K(1364800K), 0.0056340 secs] [Times: user=0.01 sys=0.00, real=0.01 secs] 
2014-07-09T00:56:16.949+0000: 600.411: [GC [PSYoungGen: 677824K->242K(653440K)] 765937K->88403K(1340416K), 0.0063270 secs] [Times: user=0.01 sys=0.00, real=0.01 secs] 
2014-07-09T00:56:18.345+0000: 601.807: [GC [PSYoungGen: 653426K->96K(629952K)] 741587K->88281K(1316928K), 0.0068090 secs] [Times: user=0.01 sys=0.00, real=0.00 secs] 
2014-07-09T00:56:19.695+0000: 603.157: [GC [PSYoungGen: 629920K->224K(607744K)] 718105K->88449K(1294720K), 0.0149830 secs] [Times: user=0.05 sys=0.00, real=0.01 secs] 
2014-07-09T00:56:20.988+0000: 604.451: [GC [PSYoungGen: 607712K->224K(586432K)] 695937K->88489K(1273408K), 0.0064750 secs] [Times: user=0.03 sys=0.00, real=0.01 secs] 
2014-07-09T00:56:22.244+0000: 605.707: [GC [PSYoungGen: 586348K->192K(566016K)] 674613K->88473K(1252992K), 0.0069600 secs] [Times: user=0.01 sys=0.00, real=0.00 secs] 
2014-07-09T00:56:23.446+0000: 606.909: [GC [PSYoungGen: 565956K->320K(546752K)] 654238K->88657K(1233728K), 0.0135700 secs] [Times: user=0.05 sys=0.00, real=0.01 secs] 
2014-07-09T00:56:24.615+0000: 608.077: [GC [PSYoungGen: 546752K->288K(528192K)] 635089K->88689K(1215168K), 0.0068500 secs] [Times: user=0.02 sys=0.00, real=0.00 secs] 
2014-07-09T00:56:25.741+0000: 609.203: [GC [PSYoungGen: 528160K->352K(510528K)] 616561K->88793K(1197504K), 0.0099530 secs] [Times: user=0.03 sys=0.00, real=0.01 secs] 
2014-07-09T00:56:26.832+0000: 610.294: [GC [PSYoungGen: 510496K->224K(493504K)] 598937K->88713K(1180480K), 0.0038710 secs] [Times: user=0.01 sys=0.00, real=0.01 secs] 
2014-07-09T00:56:27.879+0000: 611.341: [GC [PSYoungGen: 493449K->178K(477248K)] 581938K->88699K(1164224K), 0.0040400 secs] [Times: user=0.01 sys=0.00, real=0.00 secs] 
2014-07-09T00:56:28.898+0000: 612.361: [GC [PSYoungGen: 477234K->484K(462144K)] 565755K->89045K(1149120K), 0.0081640 secs] [Times: user=0.03 sys=0.01, real=0.01 secs] 
2014-07-09T00:56:29.890+0000: 613.352: [GC [PSYoungGen: 462116K->288K(447168K)] 550677K->88881K(1134144K), 0.0102530 secs] [Times: user=0.04 sys=0.00, real=0.01 secs] 
2014-07-09T00:56:30.848+0000: 614.310: [GC [PSYoungGen: 447136K->352K(433088K)] 535729K->88993K(1120064K), 0.0074920 secs] [Times: user=0.02 sys=0.00, real=0.01 secs] 
2014-07-09T00:56:31.782+0000: 615.244: [GC [PSYoungGen: 433056K->402K(419648K)] 521697K->89067K(1106624K), 0.0101000 secs] [Times: user=0.03 sys=0.00, real=0.01 secs] 
2014-07-09T00:56:32.674+0000: 616.136: [GC [PSYoungGen: 419602K->388K(406720K)] 508267K->89093K(1093696K), 0.0093870 secs] [Times: user=0.03 sys=0.00, real=0.01 secs] 
2014-07-09T00:56:33.546+0000: 617.008: [GC [PSYoungGen: 406645K->310K(487872K)] 495351K->89071K(1174848K), 0.0146400 secs] [Times: user=0.05 sys=0.00, real=0.01 secs] 
2014-07-09T00:56:34.593+0000: 618.055: [GC [PSYoungGen: 487862K->128K(471744K)] 576623K->88905K(1158720K), 0.0061800 secs] [Times: user=0.01 sys=0.00, real=0.01 secs] 
2014-07-09T00:56:35.603+0000: 619.066: [GC [PSYoungGen: 471744K->192K(456576K)] 560521K->89001K(1143552K), 0.0108950 secs] [Times: user=0.04 sys=0.00, real=0.01 secs] 
2014-07-09T00:56:36.583+0000: 620.045: [GC [PSYoungGen: 456564K->506K(442368K)] 545373K->89371K(1129344K), 0.0061740 secs] [Times: user=0.02 sys=0.00, real=0.01 secs] 
2014-07-09T00:56:37.531+0000: 620.993: [GC [PSYoungGen: 442362K->192K(428096K)] 531227K->89097K(1115072K), 0.0068600 secs] [Times: user=0.02 sys=0.00, real=0.01 secs] 
2014-07-09T00:56:38.446+0000: 621.908: [GC [PSYoungGen: 428096K->320K(414912K)] 517001K->89249K(1101888K), 0.0132940 secs] [Times: user=0.04 sys=0.00, real=0.01 secs] 
2014-07-09T00:56:39.333+0000: 622.796: [GC [PSYoungGen: 414912K->256K(402112K)] 503841K->89225K(1089088K), 0.0027790 secs] [Times: user=0.01 sys=0.00, real=0.00 secs] 
2014-07-09T00:56:40.193+0000: 623.655: [GC [PSYoungGen: 402079K->96K(389760K)] 491048K->89081K(1076736K), 0.0062670 secs] [Times: user=0.01 sys=0.00, real=0.01 secs] 
2014-07-09T00:56:41.029+0000: 624.492: [GC [PSYoungGen: 389728K->242K(378176K)] 478713K->89243K(1065152K), 0.0048970 secs] [Times: user=0.01 sys=0.00, real=0.00 secs] 
2014-07-09T00:56:41.838+0000: 625.300: [GC [PSYoungGen: 378162K->352K(367104K)] 467163K->89393K(1054080K), 0.0043850 secs] [Times: user=0.02 sys=0.00, real=0.00 secs] 
2014-07-09T00:56:42.621+0000: 626.083: [GC [PSYoungGen: 367072K->384K(356352K)] 456113K->89457K(1043328K), 0.0090210 secs] [Times: user=0.03 sys=0.00, real=0.01 secs] 
2014-07-09T00:56:43.382+0000: 626.844: [GC [PSYoungGen: 356352K->192K(427392K)] 445425K->89321K(1114368K), 0.0136800 secs] [Times: user=0.05 sys=0.00, real=0.01 secs] 
2014-07-09T00:56:44.299+0000: 627.761: [GC [PSYoungGen: 427392K->310K(414208K)] 516521K->89463K(1101184K), 0.0034380 secs] [Times: user=0.00 sys=0.01, real=0.00 secs] 
2014-07-09T00:56:45.193+0000: 628.655: [GC [PSYoungGen: 414191K->292K(401472K)] 503344K->89469K(1088448K), 0.0037470 secs] [Times: user=0.01 sys=0.00, real=0.00 secs] 
2014-07-09T00:56:46.045+0000: 629.508: [GC [PSYoungGen: 401434K->292K(389312K)] 490612K->89517K(1076288K), 0.0068450 secs] [Times: user=0.02 sys=0.00, real=0.01 secs] 
2014-07-09T00:56:46.883+0000: 630.346: [GC [PSYoungGen: 389280K->256K(377600K)] 478506K->89529K(1064576K), 0.0062760 secs] [Times: user=0.02 sys=0.00, real=0.01 secs] 
2014-07-09T00:56:47.691+0000: 631.153: [GC [PSYoungGen: 377600K->210K(366400K)] 466873K->89507K(1053376K), 0.0040450 secs] [Times: user=0.01 sys=0.00, real=0.00 secs] 
2014-07-09T00:56:48.480+0000: 631.943: [GC [PSYoungGen: 366354K->128K(355584K)] 455651K->89441K(1042560K), 0.0041250 secs] [Times: user=0.01 sys=0.00, real=0.00 secs] 
2014-07-09T00:56:49.236+0000: 632.698: [GC [PSYoungGen: 355584K->128K(345344K)] 444897K->89457K(1032320K), 0.0034390 secs] [Times: user=0.01 sys=0.00, real=0.01 secs] 
2014-07-09T00:56:49.978+0000: 633.441: [GC [PSYoungGen: 345344K->256K(335616K)] 434673K->89609K(1022592K), 0.0050250 secs] [Times: user=0.02 sys=0.01, real=0.00 secs] 
2014-07-09T00:56:50.700+0000: 634.162: [GC [PSYoungGen: 335616K->352K(326272K)] 424969K->89737K(1013248K), 0.0140890 secs] [Times: user=0.05 sys=0.00, real=0.01 secs] 
2014-07-09T00:56:51.396+0000: 634.858: [GC [PSYoungGen: 326240K->274K(391424K)] 415625K->89691K(1078400K), 0.0091510 secs] [Times: user=0.03 sys=0.00, real=0.01 secs] 
2014-07-09T00:56:52.228+0000: 635.690: [GC [PSYoungGen: 391378K->256K(469632K)] 480795K->89697K(1156608K), 0.0106900 secs] [Times: user=0.03 sys=0.00, real=0.02 secs] 
2014-07-09T00:56:53.231+0000: 636.693: [GC [PSYoungGen: 469613K->260K(563584K)] 559054K->89757K(1250560K), 0.0079950 secs] [Times: user=0.03 sys=0.00, real=0.01 secs] 
2014-07-09T00:56:54.440+0000: 637.902: [GC [PSYoungGen: 563524K->160K(544192K)] 653021K->89689K(1231168K), 0.0062860 secs] [Times: user=0.02 sys=0.00, real=0.00 secs] 
2014-07-09T00:56:55.606+0000: 639.068: [GC [PSYoungGen: 544160K->210K(525824K)] 633689K->89763K(1212800K), 0.0039210 secs] [Times: user=0.00 sys=0.01, real=0.01 secs] 
2014-07-09T00:56:56.733+0000: 640.195: [GC [PSYoungGen: 525778K->420K(508416K)] 615331K->90021K(1195392K), 0.0091080 secs] [Times: user=0.02 sys=0.00, real=0.01 secs] 
2014-07-09T00:56:57.820+0000: 641.282: [GC [PSYoungGen: 508388K->320K(491456K)] 597989K->89953K(1178432K), 0.0035370 secs] [Times: user=0.00 sys=0.01, real=0.00 secs] 
2014-07-09T00:56:58.870+0000: 642.332: [GC [PSYoungGen: 491456K->320K(475392K)] 581089K->90193K(1162368K), 0.0117130 secs] [Times: user=0.03 sys=0.01, real=0.01 secs] 
2014-07-09T00:56:59.888+0000: 643.350: [GC [PSYoungGen: 475391K->576K(460288K)] 565264K->90545K(1147264K), 0.0070830 secs] [Times: user=0.01 sys=0.00, real=0.01 secs] 
2014-07-09T00:57:00.882+0000: 644.345: [GC [PSYoungGen: 460225K->292K(445312K)] 550195K->90509K(1132288K), 0.0072190 secs] [Times: user=0.01 sys=0.00, real=0.01 secs] 
2014-07-09T00:57:01.817+0000: 645.280: [GC [PSYoungGen: 445223K->438K(431360K)] 535440K->90695K(1118336K), 0.0066470 secs] [Times: user=0.02 sys=0.00, real=0.01 secs] 
2014-07-09T00:57:02.741+0000: 646.204: [GC [PSYoungGen: 431350K->320K(417792K)] 521607K->90641K(1104768K), 0.0051640 secs] [Times: user=0.00 sys=0.01, real=0.00 secs] 
2014-07-09T00:57:03.634+0000: 647.096: [GC [PSYoungGen: 417792K->324K(404992K)] 508113K->90709K(1091968K), 0.0070720 secs] [Times: user=0.02 sys=0.00, real=0.01 secs] 
2014-07-09T00:57:04.502+0000: 647.964: [GC [PSYoungGen: 404932K->384K(485952K)] 495317K->90801K(1172928K), 0.0218420 secs] [Times: user=0.07 sys=0.00, real=0.02 secs] 
2014-07-09T00:57:05.541+0000: 649.003: [GC [PSYoungGen: 485952K->480K(583232K)] 576369K->90937K(1270208K), 0.0271760 secs] [Times: user=0.09 sys=0.00, real=0.02 secs] 
2014-07-09T00:57:06.786+0000: 650.248: [GC [PSYoungGen: 583176K->242K(699520K)] 673633K->90747K(1386496K), 0.0085810 secs] [Times: user=0.03 sys=0.00, real=0.01 secs] 
2014-07-09T00:57:08.285+0000: 651.747: [GC [PSYoungGen: 699498K->228K(839424K)] 790003K->90765K(1526400K), 0.0048010 secs] [Times: user=0.01 sys=0.00, real=0.00 secs] 
2014-07-09T00:57:10.080+0000: 653.542: [GC [PSYoungGen: 839396K->576K(807680K)] 929933K->91161K(1494656K), 0.0040030 secs] [Times: user=0.01 sys=0.00, real=0.00 secs] 
2014-07-09T00:57:11.799+0000: 655.261: [GC [PSYoungGen: 807680K->288K(776896K)] 898265K->90921K(1463872K), 0.0063940 secs] [Times: user=0.02 sys=0.00, real=0.01 secs] 
2014-07-09T00:57:13.463+0000: 656.925: [GC [PSYoungGen: 776864K->416K(747904K)] 867497K->91105K(1434880K), 0.0139620 secs] [Times: user=0.04 sys=0.00, real=0.01 secs] 
2014-07-09T00:57:15.060+0000: 658.522: [GC [PSYoungGen: 747872K->260K(720000K)] 838561K->91013K(1406976K), 0.0077290 secs] [Times: user=0.01 sys=0.00, real=0.01 secs] 
2014-07-09T00:57:16.610+0000: 660.072: [GC [PSYoungGen: 719940K->128K(693376K)] 810693K->90929K(1380352K), 0.0037000 secs] [Times: user=0.01 sys=0.00, real=0.01 secs] 
2014-07-09T00:57:18.092+0000: 661.554: [GC [PSYoungGen: 693376K->320K(668736K)] 784177K->91169K(1355712K), 0.0096830 secs] [Times: user=0.04 sys=0.00, real=0.00 secs] 
2014-07-09T00:57:19.517+0000: 662.979: [GC [PSYoungGen: 668352K->96K(644096K)] 759201K->90969K(1331072K), 0.0064840 secs] [Times: user=0.01 sys=0.01, real=0.01 secs] 
2014-07-09T00:57:20.896+0000: 664.358: [GC [PSYoungGen: 644064K->520K(621568K)] 734937K->91417K(1308544K), 0.0047040 secs] [Times: user=0.01 sys=0.00, real=0.00 secs] 
2014-07-09T00:57:22.229+0000: 665.691: [GC [PSYoungGen: 621512K->274K(599424K)] 712409K->91195K(1286400K), 0.0060170 secs] [Times: user=0.01 sys=0.00, real=0.01 secs] 
2014-07-09T00:57:23.507+0000: 666.969: [GC [PSYoungGen: 599378K->160K(578368K)] 690299K->91161K(1265344K), 0.0128580 secs] [Times: user=0.05 sys=0.00, real=0.01 secs] 
2014-07-09T00:57:24.749+0000: 668.211: [GC [PSYoungGen: 578336K->192K(558400K)] 669337K->91233K(1245376K), 0.0052440 secs] [Times: user=0.01 sys=0.00, real=0.01 secs] 
2014-07-09T00:57:25.940+0000: 669.402: [GC [PSYoungGen: 558400K->224K(539392K)] 649441K->91321K(1226368K), 0.0049800 secs] [Times: user=0.01 sys=0.00, real=0.01 secs] 
2014-07-09T00:57:27.095+0000: 670.557: [GC [PSYoungGen: 539353K->256K(521216K)] 630451K->91385K(1208192K), 0.0045980 secs] [Times: user=0.01 sys=0.00, real=0.00 secs] 
2014-07-09T00:57:28.210+0000: 671.672: [GC [PSYoungGen: 521160K->324K(503936K)] 612289K->91493K(1190912K), 0.0075620 secs] [Times: user=0.03 sys=0.00, real=0.01 secs] 
2014-07-09T00:57:29.294+0000: 672.756: [GC [PSYoungGen: 503876K->128K(487040K)] 595045K->91329K(1174016K), 0.0105910 secs] [Times: user=0.04 sys=0.01, real=0.01 secs] 
2014-07-09T00:57:30.336+0000: 673.798: [GC [PSYoungGen: 487040K->320K(471360K)] 578241K->91553K(1158336K), 0.0050630 secs] [Times: user=0.02 sys=0.01, real=0.00 secs] 
2014-07-09T00:57:31.348+0000: 674.810: [GC [PSYoungGen: 471360K->384K(456256K)] 562593K->91649K(1143232K), 0.0042850 secs] [Times: user=0.01 sys=0.00, real=0.00 secs] 
2014-07-09T00:57:32.315+0000: 675.777: [GC [PSYoungGen: 456256K->256K(441600K)] 547521K->91561K(1128576K), 0.0039500 secs] [Times: user=0.01 sys=0.00, real=0.00 secs] 
2014-07-09T00:57:33.260+0000: 676.722: [GC [PSYoungGen: 441600K->320K(427776K)] 532905K->91689K(1114752K), 0.0065970 secs] [Times: user=0.02 sys=0.00, real=0.01 secs] 
2014-07-09T00:57:34.175+0000: 677.637: [GC [PSYoungGen: 427776K->160K(414336K)] 519145K->91561K(1101312K), 0.0046900 secs] [Times: user=0.01 sys=0.00, real=0.00 secs] 
2014-07-09T00:57:35.062+0000: 678.524: [GC [PSYoungGen: 414304K->324K(401792K)] 505705K->91749K(1088768K), 0.0061530 secs] [Times: user=0.01 sys=0.00, real=0.01 secs] 
2014-07-09T00:57:35.916+0000: 679.378: [GC [PSYoungGen: 401683K->178K(389440K)] 493109K->91635K(1076416K), 0.0141660 secs] [Times: user=0.05 sys=0.00, real=0.01 secs] 
2014-07-09T00:57:36.746+0000: 680.208: [GC [PSYoungGen: 389426K->370K(377984K)] 480883K->91859K(1064960K), 0.0062990 secs] [Times: user=0.02 sys=0.00, real=0.00 secs] 
2014-07-09T00:57:37.556+0000: 681.018: [GC [PSYoungGen: 377969K->160K(366592K)] 469459K->91705K(1053568K), 0.0071040 secs] [Times: user=0.03 sys=0.00, real=0.00 secs] 
2014-07-09T00:57:38.336+0000: 681.798: [GC [PSYoungGen: 366560K->242K(355904K)] 458105K->91803K(1042880K), 0.0043560 secs] [Times: user=0.01 sys=0.01, real=0.00 secs] 
2014-07-09T00:57:39.097+0000: 682.560: [GC [PSYoungGen: 355890K->338K(345728K)] 447451K->91931K(1032704K), 0.0046200 secs] [Times: user=0.01 sys=0.00, real=0.00 secs] 
2014-07-09T00:57:39.843+0000: 683.305: [GC [PSYoungGen: 345641K->370K(335872K)] 437234K->91987K(1022848K), 0.0124910 secs] [Times: user=0.04 sys=0.01, real=0.02 secs] 
2014-07-09T00:57:40.558+0000: 684.020: [GC [PSYoungGen: 335858K->160K(326208K)] 427475K->91785K(1013184K), 0.0052830 secs] [Times: user=0.01 sys=0.00, real=0.00 secs] 
2014-07-09T00:57:41.262+0000: 684.725: [GC [PSYoungGen: 326118K->342K(317312K)] 417743K->91983K(1004288K), 0.0046040 secs] [Times: user=0.02 sys=0.00, real=0.01 secs] 
2014-07-09T00:57:41.942+0000: 685.405: [GC [PSYoungGen: 317270K->96K(308352K)] 408911K->91745K(995328K), 0.0064910 secs] [Times: user=0.01 sys=0.00, real=0.01 secs] 
2014-07-09T00:57:42.600+0000: 686.062: [GC [PSYoungGen: 308320K->484K(300352K)] 399969K->92189K(987328K), 0.0043650 secs] [Times: user=0.01 sys=0.00, real=0.00 secs] 
2014-07-09T00:57:43.250+0000: 686.713: [GC [PSYoungGen: 300324K->96K(291968K)] 392029K->91849K(978944K), 0.0039010 secs] [Times: user=0.01 sys=0.00, real=0.00 secs] 
2014-07-09T00:57:43.879+0000: 687.341: [GC [PSYoungGen: 291936K->160K(284288K)] 383689K->91937K(971264K), 0.0058680 secs] [Times: user=0.01 sys=0.00, real=0.00 secs] 
2014-07-09T00:57:44.489+0000: 687.951: [GC [PSYoungGen: 284256K->128K(276800K)] 376033K->91921K(963776K), 0.0038250 secs] [Times: user=0.01 sys=0.00, real=0.00 secs] 
2014-07-09T00:57:45.081+0000: 688.544: [GC [PSYoungGen: 276738K->96K(269696K)] 368531K->91897K(956672K), 0.0053720 secs] [Times: user=0.01 sys=0.00, real=0.01 secs] 
2014-07-09T00:57:45.664+0000: 689.127: [GC [PSYoungGen: 269662K->292K(263040K)] 361464K->92125K(950016K), 0.0035970 secs] [Times: user=0.01 sys=0.00, real=0.01 secs] 
2014-07-09T00:57:46.224+0000: 689.686: [GC [PSYoungGen: 263012K->192K(256320K)] 354845K->92049K(943296K), 0.0104280 secs] [Times: user=0.04 sys=0.00, real=0.01 secs] 
2014-07-09T00:57:46.769+0000: 690.231: [GC [PSYoungGen: 256320K->416K(307840K)] 348177K->92297K(994816K), 0.0186070 secs] [Times: user=0.07 sys=0.00, real=0.02 secs] 
2014-07-09T00:57:47.433+0000: 690.895: [GC [PSYoungGen: 307799K->178K(369088K)] 399680K->92075K(1056064K), 0.0067210 secs] [Times: user=0.01 sys=0.00, real=0.01 secs] 
2014-07-09T00:57:48.223+0000: 691.685: [GC [PSYoungGen: 369074K->416K(443136K)] 460971K->92369K(1130112K), 0.0058550 secs] [Times: user=0.02 sys=0.00, real=0.01 secs] 
2014-07-09T00:57:49.179+0000: 692.641: [GC [PSYoungGen: 443104K->224K(531520K)] 535057K->92217K(1218496K), 0.0080990 secs] [Times: user=0.03 sys=0.00, real=0.01 secs] 
2014-07-09T00:57:50.315+0000: 693.777: [GC [PSYoungGen: 531488K->512K(513920K)] 623481K->92521K(1200896K), 0.0048790 secs] [Times: user=0.01 sys=0.00, real=0.01 secs] 
2014-07-09T00:57:51.408+0000: 694.870: [GC [PSYoungGen: 513920K->128K(496448K)] 605929K->92153K(1183424K), 0.0047790 secs] [Times: user=0.01 sys=0.00, real=0.00 secs] 
2014-07-09T00:57:52.466+0000: 695.928: [GC [PSYoungGen: 496393K->342K(480384K)] 588419K->92399K(1167360K), 0.0052400 secs] [Times: user=0.01 sys=0.00, real=0.01 secs] 
2014-07-09T00:57:53.501+0000: 696.964: [GC [PSYoungGen: 480342K->388K(464896K)] 572399K->92525K(1151872K), 0.0086100 secs] [Times: user=0.04 sys=0.00, real=0.01 secs] 
2014-07-09T00:57:54.501+0000: 697.963: [GC [PSYoungGen: 464836K->224K(449792K)] 556973K->92385K(1136768K), 0.0044410 secs] [Times: user=0.01 sys=0.00, real=0.00 secs] 
2014-07-09T00:57:55.466+0000: 698.928: [GC [PSYoungGen: 449668K->224K(435520K)] 541830K->92417K(1122496K), 0.0051050 secs] [Times: user=0.02 sys=0.00, real=0.01 secs] 
2014-07-09T00:57:56.396+0000: 699.858: [GC [PSYoungGen: 435442K->242K(421888K)] 527636K->92483K(1108864K), 0.0041150 secs] [Times: user=0.01 sys=0.00, real=0.01 secs] 
2014-07-09T00:57:57.293+0000: 700.755: [GC [PSYoungGen: 421872K->96K(408704K)] 514114K->92353K(1095680K), 0.0035210 secs] [Times: user=0.01 sys=0.00, real=0.00 secs] 
2014-07-09T00:57:58.170+0000: 701.632: [GC [PSYoungGen: 408672K->338K(396480K)] 500929K->92627K(1083456K), 0.0056020 secs] [Times: user=0.01 sys=0.00, real=0.00 secs] 
2014-07-09T00:57:59.019+0000: 702.481: [GC [PSYoungGen: 396434K->192K(384320K)] 488723K->92505K(1071296K), 0.0065490 secs] [Times: user=0.02 sys=0.00, real=0.00 secs] 
2014-07-09T00:57:59.848+0000: 703.310: [GC [PSYoungGen: 384320K->64K(372736K)] 476633K->92393K(1059712K), 0.0051430 secs] [Times: user=0.01 sys=0.00, real=0.01 secs] 
2014-07-09T00:58:00.648+0000: 704.110: [GC [PSYoungGen: 372736K->224K(447488K)] 465065K->92585K(1134464K), 0.0273360 secs] [Times: user=0.09 sys=0.00, real=0.03 secs] 
2014-07-09T00:58:01.601+0000: 705.064: [GC [PSYoungGen: 447456K->306K(537024K)] 539817K->92691K(1224000K), 0.0088820 secs] [Times: user=0.03 sys=0.00, real=0.01 secs] 
2014-07-09T00:58:02.750+0000: 706.212: [GC [PSYoungGen: 536982K->402K(644544K)] 629367K->92827K(1331520K), 0.0063700 secs] [Times: user=0.02 sys=0.00, real=0.00 secs] 
2014-07-09T00:58:04.134+0000: 707.596: [GC [PSYoungGen: 644491K->160K(621312K)] 736916K->92649K(1308288K), 0.0078020 secs] [Times: user=0.02 sys=0.00, real=0.01 secs] 
2014-07-09T00:58:05.466+0000: 708.929: [GC [PSYoungGen: 621280K->242K(599488K)] 713769K->92771K(1286464K), 0.0039450 secs] [Times: user=0.01 sys=0.00, real=0.01 secs] 
2014-07-09T00:58:06.762+0000: 710.225: [GC [PSYoungGen: 599474K->512K(719616K)] 692003K->93369K(1406592K), 0.0274550 secs] [Times: user=0.09 sys=0.01, real=0.03 secs] 
2014-07-09T00:58:08.283+0000: 711.746: [GC [PSYoungGen: 719616K->292K(692992K)] 812473K->93181K(1379968K), 0.0083610 secs] [Times: user=0.01 sys=0.00, real=0.01 secs] 
2014-07-09T00:58:09.765+0000: 713.227: [GC [PSYoungGen: 692964K->338K(667840K)] 785853K->93339K(1354816K), 0.0042150 secs] [Times: user=0.01 sys=0.00, real=0.00 secs] 
2014-07-09T00:58:11.187+0000: 714.649: [GC [PSYoungGen: 667794K->160K(643584K)] 760795K->93185K(1330560K), 0.0038020 secs] [Times: user=0.01 sys=0.00, real=0.01 secs] 
2014-07-09T00:58:12.565+0000: 716.027: [GC [PSYoungGen: 643470K->288K(620800K)] 736496K->93361K(1307776K), 0.0163510 secs] [Times: user=0.05 sys=0.00, real=0.02 secs] 
2014-07-09T00:58:13.900+0000: 717.363: [GC [PSYoungGen: 620768K->416K(599040K)] 713841K->93577K(1286016K), 0.0049210 secs] [Times: user=0.01 sys=0.00, real=0.00 secs] 
2014-07-09T00:58:15.186+0000: 718.649: [GC [PSYoungGen: 599008K->306K(578048K)] 692169K->93507K(1265024K), 0.0104710 secs] [Times: user=0.04 sys=0.00, real=0.01 secs] 
2014-07-09T00:58:16.427+0000: 719.890: [GC [PSYoungGen: 578034K->484K(558272K)] 671235K->93741K(1245248K), 0.0100980 secs] [Times: user=0.04 sys=0.00, real=0.01 secs] 
2014-07-09T00:58:17.619+0000: 721.081: [GC [PSYoungGen: 558244K->160K(538880K)] 651501K->93441K(1225856K), 0.0060020 secs] [Times: user=0.02 sys=0.00, real=0.01 secs] 
2014-07-09T00:58:18.779+0000: 722.241: [GC [PSYoungGen: 538848K->306K(520832K)] 632129K->93627K(1207808K), 0.0039510 secs] [Times: user=0.01 sys=0.00, real=0.01 secs] 
2014-07-09T00:58:19.889+0000: 723.352: [GC [PSYoungGen: 520818K->480K(503680K)] 614139K->93849K(1190656K), 0.0116800 secs] [Times: user=0.04 sys=0.00, real=0.02 secs] 
2014-07-09T00:58:20.970+0000: 724.432: [GC [PSYoungGen: 503648K->320K(486912K)] 597017K->93721K(1173888K), 0.0078210 secs] [Times: user=0.02 sys=0.00, real=0.01 secs] 
2014-07-09T00:58:22.014+0000: 725.477: [GC [PSYoungGen: 486912K->320K(584256K)] 580313K->93745K(1271232K), 0.0230940 secs] [Times: user=0.08 sys=0.00, real=0.02 secs] 
2014-07-09T00:58:23.261+0000: 726.723: [GC [PSYoungGen: 584256K->352K(564096K)] 677681K->93833K(1251072K), 0.0040460 secs] [Times: user=0.01 sys=0.00, real=0.01 secs] 
2014-07-09T00:58:24.466+0000: 727.928: [GC [PSYoungGen: 564021K->256K(544640K)] 657502K->93793K(1231616K), 0.0032020 secs] [Times: user=0.01 sys=0.00, real=0.00 secs] 
2014-07-09T00:58:25.636+0000: 729.098: [GC [PSYoungGen: 544640K->570K(526528K)] 638177K->94179K(1213504K), 0.0058570 secs] [Times: user=0.01 sys=0.00, real=0.00 secs] 
2014-07-09T00:58:26.766+0000: 730.228: [GC [PSYoungGen: 526522K->452K(508864K)] 620131K->94117K(1195840K), 0.0100240 secs] [Times: user=0.03 sys=0.00, real=0.01 secs] 
2014-07-09T00:58:27.856+0000: 731.318: [GC [PSYoungGen: 508804K->356K(491904K)] 602469K->94093K(1178880K), 0.0038510 secs] [Times: user=0.01 sys=0.00, real=0.00 secs] 
2014-07-09T00:58:28.914+0000: 732.376: [GC [PSYoungGen: 491876K->388K(475904K)] 585613K->94173K(1162880K), 0.0112540 secs] [Times: user=0.04 sys=0.00, real=0.01 secs] 
2014-07-09T00:58:29.933+0000: 733.395: [GC [PSYoungGen: 475844K->224K(460352K)] 569629K->94049K(1147328K), 0.0050310 secs] [Times: user=0.01 sys=0.00, real=0.01 secs] 
2014-07-09T00:58:30.919+0000: 734.382: [GC [PSYoungGen: 460320K->292K(445696K)] 554145K->94157K(1132672K), 0.0068430 secs] [Times: user=0.02 sys=0.00, real=0.01 secs] 
2014-07-09T00:58:31.875+0000: 735.338: [GC [PSYoungGen: 445668K->192K(431488K)] 539533K->94073K(1118464K), 0.0039550 secs] [Times: user=0.01 sys=0.00, real=0.00 secs] 
2014-07-09T00:58:32.804+0000: 736.266: [GC [PSYoungGen: 431488K->288K(418176K)] 525369K->94201K(1105152K), 0.0049000 secs] [Times: user=0.01 sys=0.00, real=0.00 secs] 
2014-07-09T00:58:33.689+0000: 737.151: [GC [PSYoungGen: 418144K->210K(405248K)] 512057K->94195K(1092224K), 0.0039520 secs] [Times: user=0.01 sys=0.00, real=0.01 secs] 
2014-07-09T00:58:34.555+0000: 738.017: [GC [PSYoungGen: 405202K->128K(392768K)] 499187K->94153K(1079744K), 0.0068770 secs] [Times: user=0.02 sys=0.00, real=0.00 secs] 
2014-07-09T00:58:35.394+0000: 738.856: [GC [PSYoungGen: 392768K->352K(381184K)] 486793K->94409K(1068160K), 0.0128410 secs] [Times: user=0.04 sys=0.00, real=0.01 secs] 
2014-07-09T00:58:36.210+0000: 739.672: [GC [PSYoungGen: 381151K->160K(369664K)] 475209K->94257K(1056640K), 0.0100630 secs] [Times: user=0.03 sys=0.00, real=0.01 secs] 
2014-07-09T00:58:36.994+0000: 740.457: [GC [PSYoungGen: 369632K->256K(358848K)] 463729K->94377K(1045824K), 0.0065990 secs] [Times: user=0.02 sys=0.00, real=0.00 secs] 
2014-07-09T00:58:37.768+0000: 741.230: [GC [PSYoungGen: 358848K->256K(430592K)] 452969K->94409K(1117568K), 0.0172500 secs] [Times: user=0.06 sys=0.00, real=0.02 secs] 
2014-07-09T00:58:38.694+0000: 742.156: [GC [PSYoungGen: 430591K->416K(516864K)] 524745K->94593K(1203840K), 0.0042070 secs] [Times: user=0.01 sys=0.00, real=0.01 secs] 
2014-07-09T00:58:39.795+0000: 743.257: [GC [PSYoungGen: 516832K->256K(499456K)] 611009K->94465K(1186432K), 0.0033280 secs] [Times: user=0.01 sys=0.00, real=0.00 secs] 
2014-07-09T00:58:40.859+0000: 744.322: [GC [PSYoungGen: 499372K->406K(483200K)] 593581K->94639K(1170176K), 0.0042020 secs] [Times: user=0.01 sys=0.00, real=0.00 secs] 
2014-07-09T00:58:41.893+0000: 745.355: [GC [PSYoungGen: 483158K->576K(467648K)] 577391K->94825K(1154624K), 0.0161860 secs] [Times: user=0.05 sys=0.00, real=0.02 secs] 
2014-07-09T00:58:42.893+0000: 746.355: [GC [PSYoungGen: 467648K->178K(452224K)] 561897K->94523K(1139200K), 0.0047690 secs] [Times: user=0.01 sys=0.00, real=0.01 secs] 
2014-07-09T00:58:43.865+0000: 747.327: [GC [PSYoungGen: 452210K->160K(437888K)] 546555K->94569K(1124864K), 0.0063960 secs] [Times: user=0.02 sys=0.00, real=0.01 secs] 
2014-07-09T00:58:44.798+0000: 748.260: [GC [PSYoungGen: 437856K->384K(525632K)] 532265K->94833K(1212608K), 0.0165140 secs] [Times: user=0.06 sys=0.00, real=0.01 secs] 
2014-07-09T00:58:45.923+0000: 749.386: [GC [PSYoungGen: 525632K->352K(508032K)] 620081K->94849K(1195008K), 0.0076240 secs] [Times: user=0.03 sys=0.00, real=0.01 secs] 
2014-07-09T00:58:47.013+0000: 750.475: [GC [PSYoungGen: 507974K->324K(491200K)] 602471K->94853K(1178176K), 0.0066830 secs] [Times: user=0.01 sys=0.00, real=0.01 secs] 
2014-07-09T00:58:48.064+0000: 751.526: [GC [PSYoungGen: 491099K->370K(475136K)] 585629K->94947K(1162112K), 0.0060140 secs] [Times: user=0.02 sys=0.00, real=0.01 secs] 
2014-07-09T00:58:49.080+0000: 752.542: [GC [PSYoungGen: 475122K->416K(459840K)] 569699K->95041K(1146816K), 0.0086830 secs] [Times: user=0.03 sys=0.00, real=0.01 secs] 
2014-07-09T00:58:50.062+0000: 753.525: [GC [PSYoungGen: 459808K->320K(445056K)] 554433K->94977K(1132032K), 0.0040400 secs] [Times: user=0.01 sys=0.00, real=0.01 secs] 
2014-07-09T00:58:51.020+0000: 754.482: [GC [PSYoungGen: 445056K->160K(430912K)] 539713K->94833K(1117888K), 0.0056910 secs] [Times: user=0.01 sys=0.00, real=0.00 secs] 
2014-07-09T00:58:51.941+0000: 755.403: [GC [PSYoungGen: 430878K->128K(417408K)] 525552K->94817K(1104384K), 0.0038130 secs] [Times: user=0.00 sys=0.00, real=0.00 secs] 
2014-07-09T00:58:52.837+0000: 756.300: [GC [PSYoungGen: 417408K->576K(404992K)] 512097K->95371K(1091968K), 0.0090090 secs] [Times: user=0.04 sys=0.00, real=0.01 secs] 
2014-07-09T00:58:53.698+0000: 757.160: [GC [PSYoungGen: 404992K->178K(392320K)] 499787K->95029K(1079296K), 0.0045540 secs] [Times: user=0.01 sys=0.00, real=0.00 secs] 
2014-07-09T00:58:54.541+0000: 758.003: [GC [PSYoungGen: 392306K->434K(380800K)] 487157K->95333K(1067776K), 0.0082770 secs] [Times: user=0.03 sys=0.00, real=0.01 secs] 
2014-07-09T00:58:55.357+0000: 758.819: [GC [PSYoungGen: 380749K->192K(369216K)] 475648K->95115K(1056192K), 0.0032710 secs] [Times: user=0.01 sys=0.00, real=0.00 secs] 
2014-07-09T00:58:56.151+0000: 759.613: [GC [PSYoungGen: 369216K->434K(358656K)] 464139K->95381K(1045632K), 0.0066450 secs] [Times: user=0.01 sys=0.00, real=0.01 secs] 
2014-07-09T00:58:56.919+0000: 760.381: [GC [PSYoungGen: 358641K->548K(348416K)] 453588K->95527K(1035392K), 0.0112100 secs] [Times: user=0.04 sys=0.00, real=0.01 secs] 
2014-07-09T00:58:57.662+0000: 761.125: [GC [PSYoungGen: 348388K->96K(337984K)] 443367K->95091K(1024960K), 0.0052630 secs] [Times: user=0.01 sys=0.00, real=0.01 secs] 
2014-07-09T00:58:58.389+0000: 761.851: [GC [PSYoungGen: 337952K->320K(406208K)] 432947K->95379K(1093184K), 0.0195530 secs] [Times: user=0.07 sys=0.00, real=0.02 secs] 
2014-07-09T00:58:59.264+0000: 762.726: [GC [PSYoungGen: 405687K->224K(486784K)] 500747K->95299K(1173760K), 0.0063550 secs] [Times: user=0.01 sys=0.00, real=0.01 secs] 
2014-07-09T00:59:00.302+0000: 763.764: [GC [PSYoungGen: 486752K->160K(584064K)] 581827K->95267K(1271040K), 0.0083580 secs] [Times: user=0.03 sys=0.00, real=0.01 secs] 
2014-07-09T00:59:01.555+0000: 765.018: [GC [PSYoungGen: 584032K->192K(563840K)] 679139K->95331K(1250816K), 0.0067070 secs] [Times: user=0.03 sys=0.00, real=0.01 secs] 
2014-07-09T00:59:02.767+0000: 766.230: [GC [PSYoungGen: 563840K->338K(544704K)] 658979K->95517K(1231680K), 0.0060800 secs] [Times: user=0.02 sys=0.00, real=0.01 secs] 
2014-07-09T00:59:03.933+0000: 767.395: [GC [PSYoungGen: 544658K->406K(526336K)] 639837K->95657K(1213312K), 0.0098580 secs] [Times: user=0.03 sys=0.01, real=0.01 secs] 
2014-07-09T00:59:05.065+0000: 768.528: [GC [PSYoungGen: 526294K->288K(508608K)] 621545K->95571K(1195584K), 0.0046660 secs] [Times: user=0.01 sys=0.01, real=0.01 secs] 
2014-07-09T00:59:06.158+0000: 769.620: [GC [PSYoungGen: 508576K->498K(491968K)] 603859K->95853K(1178944K), 0.0116520 secs] [Times: user=0.04 sys=0.00, real=0.02 secs] 
2014-07-09T00:59:07.208+0000: 770.670: [GC [PSYoungGen: 491954K->210K(475648K)] 587309K->95605K(1162624K), 0.0083670 secs] [Times: user=0.03 sys=0.00, real=0.01 secs] 
2014-07-09T00:59:08.226+0000: 771.688: [GC [PSYoungGen: 475576K->388K(460480K)] 570972K->95815K(1147456K), 0.0078380 secs] [Times: user=0.03 sys=0.00, real=0.01 secs] 
2014-07-09T00:59:09.222+0000: 772.685: [GC [PSYoungGen: 460363K->456K(445824K)] 555791K->95939K(1132800K), 0.0137110 secs] [Times: user=0.05 sys=0.00, real=0.01 secs] 
2014-07-09T00:59:10.166+0000: 773.628: [GC [PSYoungGen: 445768K->96K(431360K)] 541251K->95587K(1118336K), 0.0051680 secs] [Times: user=0.00 sys=0.01, real=0.01 secs] 
2014-07-09T00:59:11.096+0000: 774.559: [GC [PSYoungGen: 431328K->448K(517952K)] 526819K->95971K(1204928K), 0.0189210 secs] [Times: user=0.06 sys=0.01, real=0.02 secs] 
2014-07-09T00:59:12.203+0000: 775.666: [GC [PSYoungGen: 517952K->192K(500480K)] 613475K->95723K(1187456K), 0.0063840 secs] [Times: user=0.01 sys=0.00, real=0.01 secs] 
2014-07-09T00:59:13.277+0000: 776.740: [GC [PSYoungGen: 500480K->192K(484032K)] 596011K->95811K(1171008K), 0.0076200 secs] [Times: user=0.02 sys=0.00, real=0.01 secs] 
2014-07-09T00:59:14.324+0000: 777.787: [GC [PSYoungGen: 483983K->320K(468416K)] 579602K->95995K(1155392K), 0.0084940 secs] [Times: user=0.03 sys=0.00, real=0.01 secs] 
2014-07-09T00:59:15.322+0000: 778.784: [GC [PSYoungGen: 468416K->278K(453376K)] 564091K->95969K(1140352K), 0.0036720 secs] [Times: user=0.01 sys=0.00, real=0.00 secs] 
2014-07-09T00:59:16.303+0000: 779.765: [GC [PSYoungGen: 453334K->128K(438784K)] 549025K->95859K(1125760K), 0.0035000 secs] [Times: user=0.01 sys=0.01, real=0.00 secs] 
2014-07-09T00:59:17.248+0000: 780.711: [GC [PSYoungGen: 438784K->434K(425344K)] 534515K->96213K(1112320K), 0.0061670 secs] [Times: user=0.02 sys=0.00, real=0.01 secs] 
2014-07-09T00:59:18.158+0000: 781.620: [GC [PSYoungGen: 425330K->406K(412160K)] 521109K->96217K(1099136K), 0.0066090 secs] [Times: user=0.01 sys=0.00, real=0.01 secs] 
2014-07-09T00:59:19.040+0000: 782.502: [GC [PSYoungGen: 412039K->196K(399360K)] 507851K->96023K(1086336K), 0.0051950 secs] [Times: user=0.00 sys=0.00, real=0.00 secs] 
2014-07-09T00:59:19.891+0000: 783.353: [GC [PSYoungGen: 399300K->210K(387264K)] 495127K->96053K(1074240K), 0.0084290 secs] [Times: user=0.03 sys=0.00, real=0.00 secs] 
2014-07-09T00:59:20.720+0000: 784.182: [GC [PSYoungGen: 387217K->128K(375552K)] 483060K->95987K(1062528K), 0.0040100 secs] [Times: user=0.01 sys=0.00, real=0.01 secs] 
2014-07-09T00:59:21.523+0000: 784.985: [GC [PSYoungGen: 375552K->338K(364736K)] 471411K->96237K(1051712K), 0.0152700 secs] [Times: user=0.05 sys=0.00, real=0.01 secs] 
2014-07-09T00:59:22.306+0000: 785.768: [GC [PSYoungGen: 364689K->160K(437440K)] 460589K->96083K(1124416K), 0.0137850 secs] [Times: user=0.05 sys=0.00, real=0.01 secs] 
2014-07-09T00:59:23.244+0000: 786.706: [GC [PSYoungGen: 437408K->544K(525312K)] 533331K->96539K(1212288K), 0.0080090 secs] [Times: user=0.02 sys=0.00, real=0.01 secs] 
2014-07-09T00:59:24.369+0000: 787.832: [GC [PSYoungGen: 525272K->352K(630080K)] 621268K->96411K(1317056K), 0.0190190 secs] [Times: user=0.06 sys=0.00, real=0.02 secs] 
2014-07-09T00:59:25.715+0000: 789.177: [GC [PSYoungGen: 630040K->224K(755904K)] 726100K->96331K(1442880K), 0.0165540 secs] [Times: user=0.06 sys=0.00, real=0.02 secs] 
2014-07-09T00:59:27.333+0000: 790.796: [GC [PSYoungGen: 755872K->160K(907008K)] 851979K->96323K(1593984K), 0.0067500 secs] [Times: user=0.02 sys=0.00, real=0.00 secs] 
2014-07-09T00:59:29.267+0000: 792.729: [GC [PSYoungGen: 906976K->128K(871680K)] 1003139K->96315K(1558656K), 0.0055380 secs] [Times: user=0.01 sys=0.00, real=0.01 secs] 
2014-07-09T00:59:31.139+0000: 794.601: [GC [PSYoungGen: 871678K->288K(838592K)] 967866K->96531K(1525568K), 0.0099910 secs] [Times: user=0.04 sys=0.00, real=0.01 secs] 
2014-07-09T00:59:32.935+0000: 796.398: [GC [PSYoungGen: 838240K->548K(806528K)] 934483K->96823K(1493504K), 0.0146740 secs] [Times: user=0.04 sys=0.01, real=0.01 secs] 
2014-07-09T00:59:34.651+0000: 798.113: [GC [PSYoungGen: 806500K->256K(775680K)] 902775K->96611K(1462656K), 0.0043960 secs] [Times: user=0.01 sys=0.00, real=0.01 secs] 
2014-07-09T00:59:36.307+0000: 799.769: [GC [PSYoungGen: 775680K->338K(746752K)] 872035K->96749K(1433728K), 0.0047620 secs] [Times: user=0.01 sys=0.00, real=0.00 secs] 
2014-07-09T00:59:37.916+0000: 801.378: [GC [PSYoungGen: 746701K->580K(719296K)] 843112K->97031K(1406272K), 0.0248670 secs] [Times: user=0.09 sys=0.00, real=0.02 secs] 
2014-07-09T00:59:39.448+0000: 802.910: [GC [PSYoungGen: 719236K->160K(692416K)] 815687K->96635K(1379392K), 0.0034530 secs] [Times: user=0.01 sys=0.00, real=0.00 secs] 
2014-07-09T00:59:40.935+0000: 804.398: [GC [PSYoungGen: 692364K->324K(667392K)] 788839K->96847K(1354368K), 0.0169650 secs] [Times: user=0.06 sys=0.00, real=0.01 secs] 
2014-07-09T00:59:42.373+0000: 805.835: [GC [PSYoungGen: 667332K->288K(643328K)] 763855K->96827K(1330304K), 0.0086140 secs] [Times: user=0.03 sys=0.00, real=0.01 secs] 
2014-07-09T00:59:43.748+0000: 807.210: [GC [PSYoungGen: 643228K->192K(620288K)] 739767K->96803K(1307264K), 0.0041910 secs] [Times: user=0.01 sys=0.01, real=0.00 secs] 
2014-07-09T00:59:45.079+0000: 808.541: [GC [PSYoungGen: 620284K->288K(598528K)] 716896K->96963K(1285504K), 0.0132930 secs] [Times: user=0.05 sys=0.00, real=0.01 secs] 
2014-07-09T00:59:46.352+0000: 809.814: [GC [PSYoungGen: 598494K->320K(577664K)] 695170K->97051K(1264640K), 0.0081630 secs] [Times: user=0.03 sys=0.00, real=0.01 secs] 
2014-07-09T00:59:47.592+0000: 811.055: [GC [PSYoungGen: 577664K->96K(557568K)] 674395K->96843K(1244544K), 0.0042970 secs] [Times: user=0.01 sys=0.00, real=0.01 secs] 
2014-07-09T00:59:48.798+0000: 812.260: [GC [PSYoungGen: 557536K->384K(538816K)] 654283K->97155K(1225792K), 0.0065210 secs] [Times: user=0.02 sys=0.00, real=0.00 secs] 
2014-07-09T00:59:49.949+0000: 813.411: [GC [PSYoungGen: 538816K->224K(520512K)] 635587K->97035K(1207488K), 0.0078250 secs] [Times: user=0.03 sys=0.00, real=0.01 secs] 
2014-07-09T00:59:51.067+0000: 814.530: [GC [PSYoungGen: 520480K->242K(503168K)] 617291K->97069K(1190144K), 0.0039340 secs] [Times: user=0.01 sys=0.00, real=0.00 secs] 
2014-07-09T00:59:52.153+0000: 815.616: [GC [PSYoungGen: 503154K->352K(486720K)] 599981K->97219K(1173696K), 0.0052290 secs] [Times: user=0.01 sys=0.00, real=0.01 secs] 
2014-07-09T00:59:53.205+0000: 816.667: [GC [PSYoungGen: 486688K->548K(471040K)] 583555K->97663K(1158016K), 0.0072590 secs] [Times: user=0.02 sys=0.00, real=0.03 secs] 
2014-07-09T00:59:54.205+0000: 817.667: [GC [PSYoungGen: 471011K->192K(455488K)] 568126K->97355K(1142464K), 0.0034360 secs] [Times: user=0.01 sys=0.01, real=0.00 secs] 
2014-07-09T00:59:55.178+0000: 818.640: [GC [PSYoungGen: 455488K->484K(441280K)] 552651K->97727K(1128256K), 0.0097970 secs] [Times: user=0.03 sys=0.00, real=0.01 secs] 
2014-07-09T00:59:56.124+0000: 819.586: [GC [PSYoungGen: 441166K->370K(427264K)] 538409K->97653K(1114240K), 0.0060080 secs] [Times: user=0.01 sys=0.00, real=0.01 secs] 
2014-07-09T00:59:57.035+0000: 820.497: [GC [PSYoungGen: 427250K->96K(413760K)] 524533K->97411K(1100736K), 0.0051730 secs] [Times: user=0.01 sys=0.00, real=0.01 secs] 
2014-07-09T00:59:57.922+0000: 821.385: [GC [PSYoungGen: 413710K->552K(401472K)] 511026K->97907K(1088448K), 0.0053340 secs] [Times: user=0.02 sys=0.00, real=0.01 secs] 
2014-07-09T00:59:58.782+0000: 822.244: [GC [PSYoungGen: 401448K->256K(388992K)] 498803K->97635K(1075968K), 0.0086520 secs] [Times: user=0.03 sys=0.00, real=0.01 secs] 
2014-07-09T00:59:59.610+0000: 823.072: [GC [PSYoungGen: 388992K->128K(377216K)] 486371K->97539K(1064192K), 0.0064380 secs] [Times: user=0.01 sys=0.00, real=0.01 secs] 
2014-07-09T01:00:00.423+0000: 823.885: [GC [PSYoungGen: 377216K->160K(366720K)] 474627K->97595K(1053696K), 0.0061980 secs] [Times: user=0.01 sys=0.00, real=0.01 secs] 
2014-07-09T01:00:01.210+0000: 824.672: [GC [PSYoungGen: 366112K->306K(355584K)] 463547K->97773K(1042560K), 0.0071460 secs] [Times: user=0.01 sys=0.00, real=0.01 secs] 
2014-07-09T01:00:01.970+0000: 825.432: [GC [PSYoungGen: 355564K->160K(345216K)] 453032K->97635K(1032192K), 0.0074410 secs] [Times: user=0.01 sys=0.00, real=0.01 secs] 
2014-07-09T01:00:02.708+0000: 826.170: [GC [PSYoungGen: 345184K->306K(414400K)] 442659K->97821K(1101376K), 0.0186270 secs] [Times: user=0.07 sys=0.00, real=0.01 secs] 
2014-07-09T01:00:03.594+0000: 827.056: [GC [PSYoungGen: 414386K->224K(497152K)] 511901K->97787K(1184128K), 0.0087910 secs] [Times: user=0.03 sys=0.00, real=0.01 secs] 
2014-07-09T01:00:04.662+0000: 828.124: [GC [PSYoungGen: 497120K->160K(480768K)] 594683K->97755K(1167744K), 0.0033820 secs] [Times: user=0.01 sys=0.00, real=0.00 secs] 
2014-07-09T01:00:05.687+0000: 829.150: [GC [PSYoungGen: 480736K->274K(465280K)] 578331K->97909K(1152256K), 0.0028510 secs] [Times: user=0.01 sys=0.00, real=0.00 secs] 
2014-07-09T01:00:06.686+0000: 830.148: [GC [PSYoungGen: 465234K->384K(450432K)] 562869K->98067K(1137408K), 0.0063360 secs] [Times: user=0.01 sys=0.00, real=0.01 secs] 
2014-07-09T01:00:07.650+0000: 831.112: [GC [PSYoungGen: 450432K->256K(436032K)] 548115K->97987K(1123008K), 0.0074050 secs] [Times: user=0.02 sys=0.00, real=0.01 secs] 
2014-07-09T01:00:08.584+0000: 832.047: [GC [PSYoungGen: 436032K->256K(422400K)] 533763K->98011K(1109376K), 0.0148140 secs] [Times: user=0.05 sys=0.00, real=0.02 secs] 
2014-07-09T01:00:09.485+0000: 832.948: [GC [PSYoungGen: 422360K->288K(409408K)] 520116K->98091K(1096384K), 0.0087830 secs] [Times: user=0.03 sys=0.00, real=0.01 secs] 
2014-07-09T01:00:10.357+0000: 833.820: [GC [PSYoungGen: 409370K->242K(396800K)] 507174K->98077K(1083776K), 0.0026860 secs] [Times: user=0.01 sys=0.00, real=0.01 secs] 
2014-07-09T01:00:11.206+0000: 834.668: [GC [PSYoungGen: 396786K->342K(384960K)] 494621K->98201K(1071936K), 0.0035640 secs] [Times: user=0.01 sys=0.00, real=0.01 secs] 
2014-07-09T01:00:12.035+0000: 835.497: [GC [PSYoungGen: 384918K->128K(373248K)] 482777K->98011K(1060224K), 0.0035380 secs] [Times: user=0.01 sys=0.00, real=0.01 secs] 
2014-07-09T01:00:12.835+0000: 836.297: [GC [PSYoungGen: 373248K->224K(362368K)] 471131K->98155K(1049344K), 0.0051740 secs] [Times: user=0.02 sys=0.00, real=0.01 secs] 
2014-07-09T01:00:13.615+0000: 837.078: [GC [PSYoungGen: 362336K->288K(351872K)] 460267K->98267K(1038848K), 0.0041150 secs] [Times: user=0.02 sys=0.00, real=0.01 secs] 
2014-07-09T01:00:14.361+0000: 837.823: [GC [PSYoungGen: 351840K->146K(341632K)] 449819K->98149K(1028608K), 0.0051320 secs] [Times: user=0.01 sys=0.00, real=0.00 secs] 
2014-07-09T01:00:15.101+0000: 838.563: [GC [PSYoungGen: 341580K->352K(332096K)] 439583K->98403K(1019072K), 0.0058630 secs] [Times: user=0.03 sys=0.00, real=0.00 secs] 
2014-07-09T01:00:15.805+0000: 839.267: [GC [PSYoungGen: 332064K->338K(322816K)] 430115K->98437K(1009792K), 0.0060190 secs] [Times: user=0.01 sys=0.00, real=0.01 secs] 
2014-07-09T01:00:16.500+0000: 839.962: [GC [PSYoungGen: 322770K->96K(313664K)] 420869K->98203K(1000640K), 0.0071100 secs] [Times: user=0.01 sys=0.00, real=0.00 secs] 
2014-07-09T01:00:17.168+0000: 840.630: [GC [PSYoungGen: 313632K->128K(305088K)] 411739K->98251K(992064K), 0.0049410 secs] [Times: user=0.02 sys=0.01, real=0.01 secs] 
2014-07-09T01:00:17.819+0000: 841.282: [GC [PSYoungGen: 305088K->370K(297088K)] 403211K->98509K(984064K), 0.0062850 secs] [Times: user=0.01 sys=0.00, real=0.00 secs] 
2014-07-09T01:00:18.457+0000: 841.919: [GC [PSYoungGen: 297074K->160K(288960K)] 395213K->98331K(975936K), 0.0050390 secs] [Times: user=0.01 sys=0.00, real=0.01 secs] 
2014-07-09T01:00:19.080+0000: 842.542: [GC [PSYoungGen: 288926K->306K(281472K)] 387097K->98493K(968448K), 0.0040330 secs] [Times: user=0.01 sys=0.00, real=0.00 secs] 
2014-07-09T01:00:19.680+0000: 843.143: [GC [PSYoungGen: 281458K->288K(274176K)] 379645K->98531K(961152K), 0.0052120 secs] [Times: user=0.02 sys=0.00, real=0.00 secs] 
2014-07-09T01:00:20.267+0000: 843.730: [GC [PSYoungGen: 274144K->324K(267200K)] 372387K->98599K(954176K), 0.0028260 secs] [Times: user=0.01 sys=0.00, real=0.01 secs] 
2014-07-09T01:00:20.841+0000: 844.304: [GC [PSYoungGen: 267140K->160K(260224K)] 365415K->98451K(947200K), 0.0070180 secs] [Times: user=0.02 sys=0.00, real=0.00 secs] 
2014-07-09T01:00:21.406+0000: 844.868: [GC [PSYoungGen: 260192K->256K(253760K)] 358483K->98595K(940736K), 0.0071390 secs] [Times: user=0.02 sys=0.00, real=0.01 secs] 
2014-07-09T01:00:21.953+0000: 845.416: [GC [PSYoungGen: 253724K->452K(247744K)] 352064K->98831K(934720K), 0.0060930 secs] [Times: user=0.03 sys=0.00, real=0.00 secs] 
2014-07-09T01:00:22.486+0000: 845.949: [GC [PSYoungGen: 247684K->292K(241536K)] 346063K->98735K(928512K), 0.0033030 secs] [Times: user=0.02 sys=0.00, real=0.00 secs] 
2014-07-09T01:00:23.009+0000: 846.471: [GC [PSYoungGen: 241486K->128K(235520K)] 339929K->98595K(922496K), 0.0054670 secs] [Times: user=0.01 sys=0.00, real=0.01 secs] 
2014-07-09T01:00:23.512+0000: 846.974: [GC [PSYoungGen: 235520K->160K(230016K)] 333987K->98667K(916992K), 0.0064680 secs] [Times: user=0.02 sys=0.00, real=0.00 secs] 
2014-07-09T01:00:24.007+0000: 847.470: [GC [PSYoungGen: 229984K->242K(224704K)] 328491K->98773K(911680K), 0.0044350 secs] [Times: user=0.01 sys=0.00, real=0.01 secs] 
2014-07-09T01:00:24.487+0000: 847.950: [GC [PSYoungGen: 224667K->128K(219392K)] 323198K->98683K(906368K), 0.0036570 secs] [Times: user=0.01 sys=0.00, real=0.01 secs] 
2014-07-09T01:00:24.961+0000: 848.424: [GC [PSYoungGen: 219392K->256K(214528K)] 317947K->98851K(901504K), 0.0031760 secs] [Times: user=0.01 sys=0.00, real=0.00 secs] 
2014-07-09T01:00:25.417+0000: 848.879: [GC [PSYoungGen: 214442K->278K(257472K)] 313037K->98897K(944448K), 0.0260660 secs] [Times: user=0.09 sys=0.00, real=0.03 secs] 
2014-07-09T01:00:25.973+0000: 849.435: [GC [PSYoungGen: 257340K->196K(308864K)] 355959K->98831K(995840K), 0.0040680 secs] [Times: user=0.00 sys=0.00, real=0.00 secs] 
2014-07-09T01:00:26.640+0000: 850.103: [GC [PSYoungGen: 308735K->306K(370688K)] 407371K->98965K(1057664K), 0.0035760 secs] [Times: user=0.01 sys=0.00, real=0.00 secs] 
2014-07-09T01:00:27.433+0000: 850.895: [GC [PSYoungGen: 370602K->274K(444800K)] 469261K->98973K(1131776K), 0.0077270 secs] [Times: user=0.02 sys=0.00, real=0.01 secs] 
2014-07-09T01:00:28.400+0000: 851.862: [GC [PSYoungGen: 444754K->160K(533568K)] 543453K->98891K(1220544K), 0.0028100 secs] [Times: user=0.01 sys=0.00, real=0.01 secs] 
2014-07-09T01:00:29.531+0000: 852.993: [GC [PSYoungGen: 533530K->224K(515712K)] 632262K->99003K(1202688K), 0.0029760 secs] [Times: user=0.01 sys=0.00, real=0.01 secs] 
2014-07-09T01:00:30.636+0000: 854.098: [GC [PSYoungGen: 515680K->228K(498560K)] 614459K->99023K(1185536K), 0.0066980 secs] [Times: user=0.01 sys=0.00, real=0.01 secs] 
2014-07-09T01:00:31.704+0000: 855.167: [GC [PSYoungGen: 498532K->160K(482112K)] 597327K->98971K(1169088K), 0.0051310 secs] [Times: user=0.01 sys=0.00, real=0.00 secs] 
2014-07-09T01:00:32.743+0000: 856.205: [GC [PSYoungGen: 482077K->224K(466496K)] 580888K->99067K(1153472K), 0.0082600 secs] [Times: user=0.03 sys=0.00, real=0.01 secs] 
2014-07-09T01:00:33.762+0000: 857.224: [GC [PSYoungGen: 466438K->438K(451712K)] 565281K->99409K(1138688K), 0.0104520 secs] [Times: user=0.03 sys=0.00, real=0.01 secs] 
2014-07-09T01:00:34.714+0000: 858.177: [GC [PSYoungGen: 451667K->242K(437184K)] 550639K->99309K(1124160K), 0.0062230 secs] [Times: user=0.02 sys=0.00, real=0.00 secs] 
2014-07-09T01:00:35.655+0000: 859.117: [GC [PSYoungGen: 437170K->438K(423680K)] 536237K->99569K(1110656K), 0.0097780 secs] [Times: user=0.03 sys=0.00, real=0.01 secs] 
2014-07-09T01:00:36.569+0000: 860.031: [GC [PSYoungGen: 423670K->260K(410432K)] 522801K->99423K(1097408K), 0.0054880 secs] [Times: user=0.02 sys=0.00, real=0.01 secs] 
2014-07-09T01:00:37.443+0000: 860.905: [GC [PSYoungGen: 410372K->64K(397632K)] 509535K->99243K(1084608K), 0.0050110 secs] [Times: user=0.01 sys=0.00, real=0.00 secs] 
2014-07-09T01:00:38.297+0000: 861.759: [GC [PSYoungGen: 397632K->224K(385792K)] 496811K->99435K(1072768K), 0.0067570 secs] [Times: user=0.02 sys=0.01, real=0.01 secs] 
2014-07-09T01:00:39.145+0000: 862.607: [GC [PSYoungGen: 385759K->484K(374528K)] 484970K->100159K(1061504K), 0.0050990 secs] [Times: user=0.01 sys=0.00, real=0.00 secs] 
2014-07-09T01:00:39.935+0000: 863.398: [GC [PSYoungGen: 374500K->320K(363328K)] 474175K->100091K(1050304K), 0.0052690 secs] [Times: user=0.02 sys=0.00, real=0.00 secs] 
2014-07-09T01:00:40.717+0000: 864.180: [GC [PSYoungGen: 363328K->96K(352576K)] 463099K->99995K(1039552K), 0.0056010 secs] [Times: user=0.01 sys=0.00, real=0.01 secs] 
2014-07-09T01:00:41.478+0000: 864.941: [GC [PSYoungGen: 352540K->224K(342528K)] 452439K->100187K(1029504K), 0.0077340 secs] [Times: user=0.03 sys=0.00, real=0.01 secs] 
2014-07-09T01:00:42.216+0000: 865.678: [GC [PSYoungGen: 342496K->288K(332864K)] 442459K->100283K(1019840K), 0.0062780 secs] [Times: user=0.02 sys=0.00, real=0.00 secs] 
2014-07-09T01:00:42.936+0000: 866.398: [GC [PSYoungGen: 332832K->416K(399552K)] 432827K->100483K(1086528K), 0.0133580 secs] [Times: user=0.05 sys=0.00, real=0.01 secs] 
2014-07-09T01:00:43.785+0000: 867.247: [GC [PSYoungGen: 399520K->374K(479360K)] 499587K->100481K(1166336K), 0.0090690 secs] [Times: user=0.04 sys=0.00, real=0.01 secs] 
2014-07-09T01:00:44.821+0000: 868.283: [GC [PSYoungGen: 479350K->580K(464064K)] 579457K->100727K(1151040K), 0.0059130 secs] [Times: user=0.02 sys=0.00, real=0.01 secs] 
2014-07-09T01:00:45.817+0000: 869.279: [GC [PSYoungGen: 464004K->224K(448832K)] 564151K->100419K(1135808K), 0.0040770 secs] [Times: user=0.01 sys=0.01, real=0.00 secs] 
2014-07-09T01:00:46.780+0000: 870.242: [GC [PSYoungGen: 448800K->384K(434752K)] 548995K->100627K(1121728K), 0.0064350 secs] [Times: user=0.01 sys=0.00, real=0.01 secs] 
2014-07-09T01:00:47.711+0000: 871.173: [GC [PSYoungGen: 434752K->338K(421184K)] 534995K->100629K(1108160K), 0.0108830 secs] [Times: user=0.04 sys=0.00, real=0.01 secs] 
2014-07-09T01:00:48.614+0000: 872.076: [GC [PSYoungGen: 421138K->178K(408000K)] 521429K->100493K(1094976K), 0.0057250 secs] [Times: user=0.02 sys=0.00, real=0.00 secs] 
2014-07-09T01:00:49.492+0000: 872.955: [GC [PSYoungGen: 407986K->256K(395584K)] 508301K->100603K(1082560K), 0.0093720 secs] [Times: user=0.03 sys=0.00, real=0.01 secs] 
2014-07-09T01:00:50.348+0000: 873.810: [GC [PSYoungGen: 395579K->224K(383680K)] 495927K->100603K(1070656K), 0.0045080 secs] [Times: user=0.02 sys=0.00, real=0.00 secs] 
2014-07-09T01:00:51.166+0000: 874.628: [GC [PSYoungGen: 383648K->192K(372160K)] 484027K->100611K(1059136K), 0.0104770 secs] [Times: user=0.03 sys=0.00, real=0.01 secs] 
2014-07-09T01:00:51.966+0000: 875.428: [GC [PSYoungGen: 372160K->224K(361280K)] 472579K->100667K(1048256K), 0.0060160 secs] [Times: user=0.02 sys=0.00, real=0.00 secs] 
2014-07-09T01:00:52.742+0000: 876.204: [GC [PSYoungGen: 361248K->192K(350720K)] 461691K->100675K(1037696K), 0.0069060 secs] [Times: user=0.02 sys=0.00, real=0.01 secs] 
2014-07-09T01:00:53.489+0000: 876.951: [GC [PSYoungGen: 350682K->192K(340672K)] 451166K->100731K(1027648K), 0.0069170 secs] [Times: user=0.03 sys=0.00, real=0.01 secs] 
2014-07-09T01:00:54.219+0000: 877.681: [GC [PSYoungGen: 340668K->288K(331136K)] 441208K->100883K(1018112K), 0.0050330 secs] [Times: user=0.01 sys=0.00, real=0.00 secs] 
2014-07-09T01:00:54.931+0000: 878.393: [GC [PSYoungGen: 331104K->338K(397376K)] 431699K->100965K(1084352K), 0.0126730 secs] [Times: user=0.05 sys=0.00, real=0.01 secs] 
2014-07-09T01:00:55.782+0000: 879.245: [GC [PSYoungGen: 397330K->160K(385152K)] 497957K->100803K(1072128K), 0.0057650 secs] [Times: user=0.00 sys=0.00, real=0.01 secs] 
2014-07-09T01:00:56.612+0000: 880.074: [GC [PSYoungGen: 385120K->160K(373632K)] 485763K->100827K(1060608K), 0.0056110 secs] [Times: user=0.01 sys=0.00, real=0.01 secs] 
2014-07-09T01:00:57.417+0000: 880.879: [GC [PSYoungGen: 373600K->256K(362688K)] 474267K->100963K(1049664K), 0.0075050 secs] [Times: user=0.03 sys=0.00, real=0.00 secs] 
2014-07-09T01:00:58.202+0000: 881.665: [GC [PSYoungGen: 362684K->192K(352064K)] 463392K->100915K(1039040K), 0.0066380 secs] [Times: user=0.01 sys=0.00, real=0.01 secs] 
2014-07-09T01:00:58.953+0000: 882.415: [GC [PSYoungGen: 352061K->488K(342272K)] 452785K->101243K(1029248K), 0.0047320 secs] [Times: user=0.00 sys=0.00, real=0.01 secs] 
2014-07-09T01:00:59.683+0000: 883.145: [GC [PSYoungGen: 342247K->128K(332160K)] 443003K->100899K(1019136K), 0.0039130 secs] [Times: user=0.01 sys=0.00, real=0.01 secs] 
2014-07-09T01:01:00.394+0000: 883.856: [GC [PSYoungGen: 332160K->178K(322880K)] 432931K->100973K(1009856K), 0.0090460 secs] [Times: user=0.02 sys=0.01, real=0.01 secs] 
2014-07-09T01:01:01.093+0000: 884.556: [GC [PSYoungGen: 322866K->256K(313984K)] 423661K->101067K(1000960K), 0.0045450 secs] [Times: user=0.01 sys=0.00, real=0.01 secs] 
2014-07-09T01:01:01.764+0000: 885.226: [GC [PSYoungGen: 313982K->292K(305472K)] 414794K->101119K(992448K), 0.0108380 secs] [Times: user=0.03 sys=0.00, real=0.01 secs] 
2014-07-09T01:01:02.420+0000: 885.882: [GC [PSYoungGen: 305437K->178K(297088K)] 406265K->101021K(984064K), 0.0036520 secs] [Times: user=0.01 sys=0.00, real=0.00 secs] 
2014-07-09T01:01:03.063+0000: 886.526: [GC [PSYoungGen: 297074K->488K(289472K)] 397917K->101467K(976448K), 0.0054930 secs] [Times: user=0.01 sys=0.00, real=0.01 secs] 
2014-07-09T01:01:03.674+0000: 887.136: [GC [PSYoungGen: 289448K->360K(347136K)] 390427K->101443K(1034112K), 0.0156910 secs] [Times: user=0.06 sys=0.00, real=0.02 secs] 
2014-07-09T01:01:04.415+0000: 887.877: [GC [PSYoungGen: 347108K->338K(416512K)] 448192K->101485K(1103488K), 0.0069410 secs] [Times: user=0.03 sys=0.00, real=0.01 secs] 
2014-07-09T01:01:05.304+0000: 888.766: [GC [PSYoungGen: 416466K->456K(499904K)] 517613K->101651K(1186880K), 0.0047390 secs] [Times: user=0.01 sys=0.00, real=0.01 secs] 
2014-07-09T01:01:06.378+0000: 889.840: [GC [PSYoungGen: 499848K->306K(483264K)] 601043K->101557K(1170240K), 0.0051660 secs] [Times: user=0.01 sys=0.00, real=0.00 secs] 
2014-07-09T01:01:07.419+0000: 890.881: [GC [PSYoungGen: 483250K->484K(580096K)] 584501K->101759K(1267072K), 0.0254700 secs] [Times: user=0.09 sys=0.00, real=0.02 secs] 
2014-07-09T01:01:08.662+0000: 892.124: [GC [PSYoungGen: 580068K->256K(695808K)] 681343K->101579K(1382784K), 0.0069900 secs] [Times: user=0.03 sys=0.00, real=0.01 secs] 
2014-07-09T01:01:10.166+0000: 893.628: [GC [PSYoungGen: 695808K->448K(835136K)] 797131K->101819K(1522112K), 0.0145510 secs] [Times: user=0.05 sys=0.00, real=0.02 secs] 
2014-07-09T01:01:11.955+0000: 895.417: [GC [PSYoungGen: 835136K->562K(803392K)] 936507K->101981K(1490368K), 0.0075210 secs] [Times: user=0.03 sys=0.00, real=0.01 secs] 
2014-07-09T01:01:13.676+0000: 897.138: [GC [PSYoungGen: 803353K->438K(772928K)] 904773K->101905K(1459904K), 0.0027190 secs] [Times: user=0.01 sys=0.00, real=0.01 secs] 
2014-07-09T01:01:15.335+0000: 898.797: [GC [PSYoungGen: 772910K->402K(744000K)] 874377K->101949K(1430976K), 0.0103470 secs] [Times: user=0.03 sys=0.00, real=0.01 secs] 
2014-07-09T01:01:16.932+0000: 900.394: [GC [PSYoungGen: 743954K->320K(716288K)] 845501K->101931K(1403264K), 0.0164990 secs] [Times: user=0.06 sys=0.00, real=0.02 secs] 
2014-07-09T01:01:18.474+0000: 901.936: [GC [PSYoungGen: 716288K->626K(690304K)] 817899K->102269K(1377280K), 0.0122490 secs] [Times: user=0.04 sys=0.01, real=0.01 secs] 
2014-07-09T01:01:19.955+0000: 903.417: [GC [PSYoungGen: 690282K->388K(665024K)] 791926K->102071K(1352000K), 0.0182540 secs] [Times: user=0.06 sys=0.00, real=0.02 secs] 
2014-07-09T01:01:21.378+0000: 904.840: [GC [PSYoungGen: 664964K->292K(640960K)] 766647K->102007K(1327936K), 0.0105920 secs] [Times: user=0.04 sys=0.00, real=0.01 secs] 
2014-07-09T01:01:22.749+0000: 906.211: [GC [PSYoungGen: 640888K->306K(618176K)] 742603K->102061K(1305152K), 0.0032210 secs] [Times: user=0.01 sys=0.00, real=0.01 secs] 
2014-07-09T01:01:24.079+0000: 907.541: [GC [PSYoungGen: 618162K->256K(596352K)] 719917K->102091K(1283328K), 0.0085820 secs] [Times: user=0.03 sys=0.00, real=0.01 secs] 
2014-07-09T01:01:25.359+0000: 908.821: [GC [PSYoungGen: 596352K->292K(575616K)] 698187K->102167K(1262592K), 0.0074440 secs] [Times: user=0.03 sys=0.00, real=0.01 secs] 
2014-07-09T01:01:26.589+0000: 910.051: [GC [PSYoungGen: 575588K->96K(555584K)] 677463K->102003K(1242560K), 0.0076510 secs] [Times: user=0.01 sys=0.00, real=0.01 secs] 
2014-07-09T01:01:27.779+0000: 911.241: [GC [PSYoungGen: 555552K->224K(536768K)] 657459K->102163K(1223744K), 0.0099270 secs] [Times: user=0.03 sys=0.00, real=0.01 secs] 
2014-07-09T01:01:28.936+0000: 912.398: [GC [PSYoungGen: 536736K->274K(518720K)] 638675K->102253K(1205696K), 0.0084760 secs] [Times: user=0.02 sys=0.00, real=0.01 secs] 
2014-07-09T01:01:30.047+0000: 913.509: [GC [PSYoungGen: 518602K->292K(501440K)] 620582K->102287K(1188416K), 0.0050060 secs] [Times: user=0.01 sys=0.00, real=0.01 secs] 
2014-07-09T01:01:31.131+0000: 914.594: [GC [PSYoungGen: 501412K->160K(484800K)] 603407K->102179K(1171776K), 0.0039070 secs] [Times: user=0.01 sys=0.00, real=0.00 secs] 
2014-07-09T01:01:32.172+0000: 915.634: [GC [PSYoungGen: 484768K->352K(469184K)] 586787K->102403K(1156160K), 0.0044810 secs] [Times: user=0.01 sys=0.01, real=0.00 secs] 
2014-07-09T01:01:33.181+0000: 916.643: [GC [PSYoungGen: 469090K->520K(454272K)] 571141K->102635K(1141248K), 0.0034050 secs] [Times: user=0.01 sys=0.00, real=0.00 secs] 
2014-07-09T01:01:34.152+0000: 917.614: [GC [PSYoungGen: 454216K->228K(439488K)] 556331K->102407K(1126464K), 0.0038830 secs] [Times: user=0.01 sys=0.00, real=0.00 secs] 
2014-07-09T01:01:35.100+0000: 918.562: [GC [PSYoungGen: 439447K->616K(426048K)] 541626K->102893K(1113024K), 0.0084810 secs] [Times: user=0.03 sys=0.00, real=0.01 secs] 
2014-07-09T01:01:36.008+0000: 919.471: [GC [PSYoungGen: 426024K->406K(412672K)] 528301K->102747K(1099648K), 0.0104920 secs] [Times: user=0.04 sys=0.00, real=0.01 secs] 
2014-07-09T01:01:36.894+0000: 920.356: [GC [PSYoungGen: 412630K->388K(400000K)] 514971K->102753K(1086976K), 0.0118080 secs] [Times: user=0.03 sys=0.00, real=0.01 secs] 
2014-07-09T01:01:37.748+0000: 921.211: [GC [PSYoungGen: 399905K->342K(387840K)] 502270K->102739K(1074816K), 0.0030860 secs] [Times: user=0.02 sys=0.00, real=0.01 secs] 
2014-07-09T01:01:38.580+0000: 922.042: [GC [PSYoungGen: 387725K->210K(376128K)] 490122K->102631K(1063104K), 0.0040870 secs] [Times: user=0.01 sys=0.00, real=0.01 secs] 
2014-07-09T01:01:39.393+0000: 922.855: [GC [PSYoungGen: 376082K->420K(365184K)] 478503K->102873K(1052160K), 0.0153820 secs] [Times: user=0.05 sys=0.00, real=0.01 secs] 
2014-07-09T01:01:40.173+0000: 923.636: [GC [PSYoungGen: 365156K->192K(354304K)] 467609K->102661K(1041280K), 0.0050740 secs] [Times: user=0.01 sys=0.00, real=0.00 secs] 
2014-07-09T01:01:40.940+0000: 924.402: [GC [PSYoungGen: 354304K->388K(344320K)] 456773K->102873K(1031296K), 0.0056750 secs] [Times: user=0.02 sys=0.00, real=0.01 secs] 
2014-07-09T01:01:41.679+0000: 925.141: [GC [PSYoungGen: 344260K->160K(334272K)] 446745K->102669K(1021248K), 0.0082970 secs] [Times: user=0.03 sys=0.00, real=0.01 secs] 
2014-07-09T01:01:42.395+0000: 925.858: [GC [PSYoungGen: 334239K->320K(401216K)] 436748K->102861K(1088192K), 0.0159200 secs] [Times: user=0.06 sys=0.00, real=0.01 secs] 
2014-07-09T01:01:43.248+0000: 926.711: [GC [PSYoungGen: 401216K->360K(481472K)] 503757K->102949K(1168448K), 0.0064540 secs] [Times: user=0.01 sys=0.00, real=0.01 secs] 
2014-07-09T01:01:44.284+0000: 927.746: [GC [PSYoungGen: 481448K->256K(577600K)] 584037K->102877K(1264576K), 0.0132150 secs] [Times: user=0.05 sys=0.00, real=0.01 secs] 
2014-07-09T01:01:45.523+0000: 928.985: [GC [PSYoungGen: 577576K->356K(693248K)] 680198K->103017K(1380224K), 0.0086360 secs] [Times: user=0.04 sys=0.00, real=0.00 secs] 
2014-07-09T01:01:47.011+0000: 930.473: [GC [PSYoungGen: 693220K->160K(667840K)] 795881K->102877K(1354816K), 0.0083050 secs] [Times: user=0.03 sys=0.00, real=0.01 secs] 
2014-07-09T01:01:48.449+0000: 931.912: [GC [PSYoungGen: 667808K->192K(643776K)] 770525K->102941K(1330752K), 0.0132070 secs] [Times: user=0.05 sys=0.00, real=0.01 secs] 
2014-07-09T01:01:49.826+0000: 933.289: [GC [PSYoungGen: 643745K->356K(620992K)] 746494K->103145K(1307968K), 0.0127050 secs] [Times: user=0.05 sys=0.00, real=0.01 secs] 
2014-07-09T01:01:51.157+0000: 934.620: [GC [PSYoungGen: 620949K->516K(599296K)] 723739K->103361K(1286272K), 0.0051860 secs] [Times: user=0.02 sys=0.00, real=0.00 secs] 
2014-07-09T01:01:52.436+0000: 935.899: [GC [PSYoungGen: 599236K->256K(578112K)] 702081K->103141K(1265088K), 0.0028820 secs] [Times: user=0.00 sys=0.00, real=0.00 secs] 
2014-07-09T01:01:53.678+0000: 937.140: [GC [PSYoungGen: 578112K->274K(558208K)] 680997K->103231K(1245184K), 0.0055690 secs] [Times: user=0.01 sys=0.00, real=0.00 secs] 
2014-07-09T01:01:54.887+0000: 938.349: [GC [PSYoungGen: 558162K->566K(539392K)] 661119K->103651K(1226368K), 0.0054540 secs] [Times: user=0.02 sys=0.00, real=0.00 secs] 
2014-07-09T01:01:56.038+0000: 939.500: [GC [PSYoungGen: 539382K->480K(521152K)] 642467K->103653K(1208128K), 0.0039410 secs] [Times: user=0.01 sys=0.00, real=0.00 secs] 
2014-07-09T01:01:57.157+0000: 940.619: [GC [PSYoungGen: 521102K->192K(503424K)] 624276K->103405K(1190400K), 0.0038330 secs] [Times: user=0.01 sys=0.01, real=0.00 secs] 
2014-07-09T01:01:58.240+0000: 941.703: [GC [PSYoungGen: 503424K->288K(486976K)] 606637K->103533K(1173952K), 0.0092000 secs] [Times: user=0.03 sys=0.00, real=0.01 secs] 
2014-07-09T01:01:59.290+0000: 942.752: [GC [PSYoungGen: 486944K->288K(471104K)] 590189K->103573K(1158080K), 0.0032610 secs] [Times: user=0.01 sys=0.00, real=0.00 secs] 
2014-07-09T01:02:00.301+0000: 943.763: [GC [PSYoungGen: 471072K->434K(456064K)] 574357K->103735K(1143040K), 0.0069100 secs] [Times: user=0.02 sys=0.00, real=0.01 secs] 
2014-07-09T01:02:01.275+0000: 944.738: [GC [PSYoungGen: 456050K->64K(441152K)] 559351K->103389K(1128128K), 0.0061500 secs] [Times: user=0.01 sys=0.00, real=0.00 secs] 
2014-07-09T01:02:02.224+0000: 945.686: [GC [PSYoungGen: 441152K->256K(427904K)] 544477K->103621K(1114880K), 0.0117440 secs] [Times: user=0.05 sys=0.00, real=0.02 secs] 
2014-07-09T01:02:03.139+0000: 946.601: [GC [PSYoungGen: 427456K->288K(414208K)] 530821K->103717K(1101184K), 0.0072480 secs] [Times: user=0.02 sys=0.00, real=0.01 secs] 
2014-07-09T01:02:04.033+0000: 947.495: [GC [PSYoungGen: 414176K->448K(401600K)] 517605K->103933K(1088576K), 0.0062120 secs] [Times: user=0.02 sys=0.00, real=0.01 secs] 
2014-07-09T01:02:04.902+0000: 948.365: [GC [PSYoungGen: 401600K->576K(481984K)] 505085K->104413K(1168960K), 0.0171850 secs] [Times: user=0.06 sys=0.00, real=0.02 secs] 
2014-07-09T01:02:05.929+0000: 949.391: [GC [PSYoungGen: 481984K->512K(578240K)] 585821K->104381K(1265216K), 0.0164250 secs] [Times: user=0.04 sys=0.00, real=0.02 secs] 
2014-07-09T01:02:07.174+0000: 950.636: [GC [PSYoungGen: 578240K->192K(693504K)] 682109K->104173K(1380480K), 0.0118190 secs] [Times: user=0.04 sys=0.00, real=0.02 secs] 
2014-07-09T01:02:08.663+0000: 952.125: [GC [PSYoungGen: 693504K->224K(668352K)] 797485K->104237K(1355328K), 0.0037620 secs] [Times: user=0.01 sys=0.00, real=0.01 secs] 
2014-07-09T01:02:10.106+0000: 953.568: [GC [PSYoungGen: 668320K->484K(644544K)] 772333K->104529K(1331520K), 0.0055040 secs] [Times: user=0.01 sys=0.00, real=0.01 secs] 
2014-07-09T01:02:11.478+0000: 954.940: [GC [PSYoungGen: 644516K->128K(621184K)] 748561K->104205K(1308160K), 0.0238380 secs] [Times: user=0.08 sys=0.00, real=0.02 secs] 
2014-07-09T01:02:12.806+0000: 956.269: [GC [PSYoungGen: 621127K->288K(599488K)] 725205K->104405K(1286464K), 0.0092100 secs] [Times: user=0.04 sys=0.00, real=0.00 secs] 
2014-07-09T01:02:14.113+0000: 957.575: [GC [PSYoungGen: 599456K->722K(579008K)] 703573K->104927K(1265984K), 0.0055570 secs] [Times: user=0.02 sys=0.00, real=0.01 secs] 
2014-07-09T01:02:15.351+0000: 958.814: [GC [PSYoungGen: 578962K->352K(558656K)] 683167K->104597K(1245632K), 0.0195850 secs] [Times: user=0.07 sys=0.00, real=0.02 secs] 
2014-07-09T01:02:16.555+0000: 960.017: [GC [PSYoungGen: 558624K->128K(539328K)] 662869K->104429K(1226304K), 0.0091590 secs] [Times: user=0.03 sys=0.00, real=0.01 secs] 
2014-07-09T01:02:17.712+0000: 961.174: [GC [PSYoungGen: 539328K->278K(521280K)] 643629K->104619K(1208256K), 0.0042990 secs] [Times: user=0.01 sys=0.00, real=0.00 secs] 
2014-07-09T01:02:18.832+0000: 962.294: [GC [PSYoungGen: 521238K->160K(503744K)] 625579K->104525K(1190720K), 0.0037560 secs] [Times: user=0.01 sys=0.00, real=0.00 secs] 
2014-07-09T01:02:19.912+0000: 963.374: [GC [PSYoungGen: 503712K->320K(487232K)] 608077K->104717K(1174208K), 0.0081970 secs] [Times: user=0.02 sys=0.01, real=0.01 secs] 
2014-07-09T01:02:20.960+0000: 964.422: [GC [PSYoungGen: 487231K->502K(471552K)] 591629K->104947K(1158528K), 0.0186040 secs] [Times: user=0.07 sys=0.00, real=0.02 secs] 
2014-07-09T01:02:21.973+0000: 965.436: [GC [PSYoungGen: 471542K->416K(456320K)] 575987K->104893K(1143296K), 0.0061580 secs] [Times: user=0.02 sys=0.00, real=0.01 secs] 
2014-07-09T01:02:22.956+0000: 966.418: [GC [PSYoungGen: 456288K->320K(441664K)] 560765K->104829K(1128640K), 0.0042090 secs] [Times: user=0.01 sys=0.00, real=0.01 secs] 
2014-07-09T01:02:23.912+0000: 967.374: [GC [PSYoungGen: 441627K->584K(428096K)] 546136K->105157K(1115072K), 0.0079940 secs] [Times: user=0.03 sys=0.01, real=0.01 secs] 
2014-07-09T01:02:24.835+0000: 968.297: [GC [PSYoungGen: 428040K->416K(513408K)] 532613K->105029K(1200384K), 0.0253420 secs] [Times: user=0.09 sys=0.00, real=0.03 secs] 
2014-07-09T01:02:25.933+0000: 969.396: [GC [PSYoungGen: 513290K->352K(615936K)] 617903K->105013K(1302912K), 0.0059210 secs] [Times: user=0.01 sys=0.00, real=0.01 secs] 
2014-07-09T01:02:27.261+0000: 970.723: [GC [PSYoungGen: 615904K->288K(594240K)] 720565K->104997K(1281216K), 0.0044420 secs] [Times: user=0.01 sys=0.00, real=0.00 secs] 
2014-07-09T01:02:28.541+0000: 972.003: [GC [PSYoungGen: 594208K->448K(573696K)] 698917K->105189K(1260672K), 0.0081920 secs] [Times: user=0.03 sys=0.00, real=0.01 secs] 
2014-07-09T01:02:29.777+0000: 973.240: [GC [PSYoungGen: 573696K->96K(553664K)] 678437K->104861K(1240640K), 0.0073130 secs] [Times: user=0.01 sys=0.00, real=0.01 secs] 
2014-07-09T01:02:30.966+0000: 974.428: [GC [PSYoungGen: 553632K->434K(535104K)] 658397K->105239K(1222080K), 0.0082950 secs] [Times: user=0.03 sys=0.00, real=0.01 secs] 
2014-07-09T01:02:32.117+0000: 975.579: [GC [PSYoungGen: 535009K->612K(517312K)] 639814K->105457K(1204288K), 0.0102810 secs] [Times: user=0.04 sys=0.00, real=0.01 secs] 
2014-07-09T01:02:33.234+0000: 976.696: [GC [PSYoungGen: 517284K->384K(499840K)] 622129K->105325K(1186816K), 0.0060020 secs] [Times: user=0.02 sys=0.00, real=0.01 secs] 
2014-07-09T01:02:34.294+0000: 977.757: [GC [PSYoungGen: 499840K->320K(599680K)] 604781K->105333K(1286656K), 0.0237700 secs] [Times: user=0.08 sys=0.00, real=0.02 secs] 
2014-07-09T01:02:35.578+0000: 979.040: [GC [PSYoungGen: 599652K->192K(578624K)] 704665K->105237K(1265600K), 0.0049140 secs] [Times: user=0.01 sys=0.00, real=0.01 secs] 
2014-07-09T01:02:36.822+0000: 980.284: [GC [PSYoungGen: 578624K->256K(558720K)] 683669K->105365K(1245696K), 0.0039340 secs] [Times: user=0.01 sys=0.00, real=0.00 secs] 
2014-07-09T01:02:38.026+0000: 981.489: [GC [PSYoungGen: 558719K->370K(539776K)] 663829K->105519K(1226752K), 0.0123960 secs] [Times: user=0.05 sys=0.00, real=0.01 secs] 
2014-07-09T01:02:39.185+0000: 982.648: [GC [PSYoungGen: 539762K->288K(521472K)] 644911K->105469K(1208448K), 0.0101590 secs] [Times: user=0.03 sys=0.00, real=0.01 secs] 
2014-07-09T01:02:40.301+0000: 983.764: [GC [PSYoungGen: 521440K->338K(625792K)] 626621K->105567K(1312768K), 0.0181720 secs] [Times: user=0.06 sys=0.00, real=0.01 secs] 
2014-07-09T01:02:41.652+0000: 985.115: [GC [PSYoungGen: 625691K->356K(750912K)] 730921K->105601K(1437888K), 0.0203450 secs] [Times: user=0.07 sys=0.00, real=0.02 secs] 
2014-07-09T01:02:43.261+0000: 986.723: [GC [PSYoungGen: 750876K->320K(722944K)] 856122K->105605K(1409920K), 0.0081540 secs] [Times: user=0.03 sys=0.00, real=0.00 secs] 
2014-07-09T01:02:44.812+0000: 988.274: [GC [PSYoungGen: 722944K->96K(696128K)] 828229K->105453K(1383104K), 0.0038410 secs] [Times: user=0.01 sys=0.00, real=0.00 secs] 
2014-07-09T01:02:46.312+0000: 989.775: [GC [PSYoungGen: 696084K->356K(671040K)] 801442K->105769K(1358016K), 0.0038110 secs] [Times: user=0.01 sys=0.00, real=0.00 secs] 
2014-07-09T01:02:47.748+0000: 991.210: [GC [PSYoungGen: 670919K->246K(646720K)] 776332K->105699K(1333696K), 0.0058610 secs] [Times: user=0.01 sys=0.00, real=0.01 secs] 
2014-07-09T01:02:49.137+0000: 992.599: [GC [PSYoungGen: 646710K->388K(623808K)] 752163K->105881K(1310784K), 0.0074330 secs] [Times: user=0.02 sys=0.00, real=0.01 secs] 
2014-07-09T01:02:50.482+0000: 993.944: [GC [PSYoungGen: 623747K->224K(601600K)] 729240K->105757K(1288576K), 0.0097140 secs] [Times: user=0.03 sys=0.00, real=0.00 secs] 
2014-07-09T01:02:51.786+0000: 995.248: [GC [PSYoungGen: 601568K->416K(580800K)] 707101K->105989K(1267776K), 0.0067830 secs] [Times: user=0.03 sys=0.00, real=0.01 secs] 
2014-07-09T01:02:53.028+0000: 996.491: [GC [PSYoungGen: 580670K->388K(560768K)] 686243K->105993K(1247744K), 0.0045610 secs] [Times: user=0.01 sys=0.00, real=0.01 secs] 
2014-07-09T01:02:54.231+0000: 997.694: [GC [PSYoungGen: 560615K->128K(541312K)] 666221K->105797K(1228288K), 0.0040980 secs] [Times: user=0.01 sys=0.00, real=0.01 secs] 
2014-07-09T01:02:55.392+0000: 998.854: [GC [PSYoungGen: 541312K->416K(523328K)] 646981K->106125K(1210304K), 0.0081450 secs] [Times: user=0.03 sys=0.00, real=0.01 secs] 
2014-07-09T01:02:56.512+0000: 999.974: [GC [PSYoungGen: 523296K->160K(505600K)] 629005K->105893K(1192576K), 0.0031320 secs] [Times: user=0.01 sys=0.00, real=0.01 secs] 
2014-07-09T01:02:57.601+0000: 1001.063: [GC [PSYoungGen: 505568K->242K(488960K)] 611301K->106007K(1175936K), 0.0111280 secs] [Times: user=0.04 sys=0.00, real=0.01 secs] 
2014-07-09T01:02:58.657+0000: 1002.119: [GC [PSYoungGen: 488946K->324K(473152K)] 594711K->106129K(1160128K), 0.0031250 secs] [Times: user=0.00 sys=0.00, real=0.00 secs] 
2014-07-09T01:02:59.675+0000: 1003.137: [GC [PSYoungGen: 472998K->224K(457728K)] 578803K->106069K(1144704K), 0.0068460 secs] [Times: user=0.01 sys=0.00, real=0.00 secs] 
2014-07-09T01:03:00.659+0000: 1004.121: [GC [PSYoungGen: 457696K->320K(443200K)] 563541K->106189K(1130176K), 0.0065010 secs] [Times: user=0.02 sys=0.00, real=0.01 secs] 
2014-07-09T01:03:01.613+0000: 1005.075: [GC [PSYoungGen: 443199K->256K(429184K)] 549068K->106149K(1116160K), 0.0076690 secs] [Times: user=0.02 sys=0.00, real=0.01 secs] 
2014-07-09T01:03:02.535+0000: 1005.997: [GC [PSYoungGen: 429184K->192K(415744K)] 535077K->106101K(1102720K), 0.0045310 secs] [Times: user=0.01 sys=0.00, real=0.00 secs] 
2014-07-09T01:03:03.429+0000: 1006.892: [GC [PSYoungGen: 415744K->370K(403136K)] 521653K->106351K(1090112K), 0.0067510 secs] [Times: user=0.01 sys=0.00, real=0.01 secs] 
2014-07-09T01:03:04.296+0000: 1007.758: [GC [PSYoungGen: 403122K->160K(390720K)] 509103K->106181K(1077696K), 0.0041590 secs] [Times: user=0.01 sys=0.00, real=0.00 secs] 
2014-07-09T01:03:05.132+0000: 1008.594: [GC [PSYoungGen: 390683K->552K(379392K)] 496705K->106725K(1066368K), 0.0185370 secs] [Times: user=0.06 sys=0.00, real=0.02 secs] 
2014-07-09T01:03:05.944+0000: 1009.406: [GC [PSYoungGen: 379368K->192K(367744K)] 485541K->106397K(1054720K), 0.0064080 secs] [Times: user=0.02 sys=0.00, real=0.01 secs] 
2014-07-09T01:03:06.737+0000: 1010.200: [GC [PSYoungGen: 367741K->416K(357248K)] 473947K->106693K(1044224K), 0.0055150 secs] [Times: user=0.02 sys=0.01, real=0.00 secs] 
2014-07-09T01:03:07.503+0000: 1010.965: [GC [PSYoungGen: 357166K->278K(346816K)] 463444K->106587K(1033792K), 0.0034330 secs] [Times: user=0.01 sys=0.00, real=0.01 secs] 
2014-07-09T01:03:08.252+0000: 1011.714: [GC [PSYoungGen: 346757K->480K(337088K)] 453067K->106829K(1024064K), 0.0089510 secs] [Times: user=0.03 sys=0.00, real=0.01 secs] 
2014-07-09T01:03:08.978+0000: 1012.440: [GC [PSYoungGen: 337056K->320K(327424K)] 443405K->106693K(1014400K), 0.0081350 secs] [Times: user=0.02 sys=0.00, real=0.01 secs] 
2014-07-09T01:03:09.675+0000: 1013.138: [GC [PSYoungGen: 327424K->242K(392832K)] 433797K->106647K(1079808K), 0.0108730 secs] [Times: user=0.04 sys=0.00, real=0.01 secs] 
2014-07-09T01:03:10.520+0000: 1013.982: [GC [PSYoungGen: 392818K->192K(380928K)] 499223K->106613K(1067904K), 0.0037730 secs] [Times: user=0.00 sys=0.00, real=0.00 secs] 
2014-07-09T01:03:11.335+0000: 1014.797: [GC [PSYoungGen: 380928K->338K(369792K)] 487349K->106791K(1056768K), 0.0083990 secs] [Times: user=0.03 sys=0.00, real=0.00 secs] 
2014-07-09T01:03:12.134+0000: 1015.596: [GC [PSYoungGen: 369745K->306K(358912K)] 476199K->106783K(1045888K), 0.0052810 secs] [Times: user=0.01 sys=0.00, real=0.01 secs] 
2014-07-09T01:03:12.909+0000: 1016.371: [GC [PSYoungGen: 358898K->530K(348800K)] 465375K->107071K(1035776K), 0.0065540 secs] [Times: user=0.02 sys=0.00, real=0.00 secs] 
2014-07-09T01:03:13.663+0000: 1017.126: [GC [PSYoungGen: 348751K->320K(418240K)] 455292K->106917K(1105216K), 0.0119440 secs] [Times: user=0.04 sys=0.00, real=0.01 secs] 
2014-07-09T01:03:14.566+0000: 1018.028: [GC [PSYoungGen: 418240K->338K(501888K)] 524837K->106975K(1188864K), 0.0135000 secs] [Times: user=0.05 sys=0.00, real=0.02 secs] 
2014-07-09T01:03:15.646+0000: 1019.108: [GC [PSYoungGen: 501841K->192K(602048K)] 608478K->106869K(1289024K), 0.0391180 secs] [Times: user=0.14 sys=0.00, real=0.03 secs] 
2014-07-09T01:03:16.943+0000: 1020.405: [GC [PSYoungGen: 602048K->224K(722496K)] 708725K->106957K(1409472K), 0.0033580 secs] [Times: user=0.01 sys=0.00, real=0.01 secs] 
2014-07-09T01:03:18.493+0000: 1021.955: [GC [PSYoungGen: 722464K->552K(867264K)] 829197K->107341K(1554240K), 0.0038850 secs] [Times: user=0.01 sys=0.00, real=0.01 secs] 
2014-07-09T01:03:20.359+0000: 1023.821: [GC [PSYoungGen: 867239K->256K(833600K)] 974028K->107127K(1520576K), 0.0036670 secs] [Times: user=0.01 sys=0.00, real=0.00 secs] 
2014-07-09T01:03:22.148+0000: 1025.610: [GC [PSYoungGen: 833600K->256K(801792K)] 940471K->107159K(1488768K), 0.0036300 secs] [Times: user=0.01 sys=0.00, real=0.00 secs] 
2014-07-09T01:03:23.862+0000: 1027.325: [GC [PSYoungGen: 801792K->416K(771712K)] 908695K->107391K(1458688K), 0.0283910 secs] [Times: user=0.10 sys=0.00, real=0.03 secs] 
2014-07-09T01:03:25.519+0000: 1028.982: [GC [PSYoungGen: 771680K->224K(742656K)] 878655K->107263K(1429632K), 0.0078070 secs] [Times: user=0.03 sys=0.00, real=0.00 secs] 
2014-07-09T01:03:27.111+0000: 1030.573: [GC [PSYoungGen: 742624K->256K(715136K)] 849663K->107359K(1402112K), 0.0031650 secs] [Times: user=0.01 sys=0.00, real=0.00 secs] 
2014-07-09T01:03:28.642+0000: 1032.104: [GC [PSYoungGen: 715136K->160K(688832K)] 822239K->107319K(1375808K), 0.0077450 secs] [Times: user=0.03 sys=0.01, real=0.01 secs] 
2014-07-09T01:03:30.134+0000: 1033.596: [GC [PSYoungGen: 688800K->448K(664064K)] 795959K->107663K(1351040K), 0.0061170 secs] [Times: user=0.02 sys=0.00, real=0.01 secs] 
2014-07-09T01:03:31.556+0000: 1035.018: [GC [PSYoungGen: 664064K->256K(640000K)] 771279K->107511K(1326976K), 0.0081160 secs] [Times: user=0.03 sys=0.00, real=0.01 secs] 
2014-07-09T01:03:32.933+0000: 1036.396: [GC [PSYoungGen: 639949K->466K(617472K)] 747204K->107737K(1304448K), 0.0133810 secs] [Times: user=0.04 sys=0.00, real=0.01 secs] 
2014-07-09T01:03:34.258+0000: 1037.720: [GC [PSYoungGen: 617426K->320K(595584K)] 724697K->107671K(1282560K), 0.0049860 secs] [Times: user=0.01 sys=0.00, real=0.01 secs] 
2014-07-09T01:03:35.544+0000: 1039.006: [GC [PSYoungGen: 595584K->384K(574912K)] 702935K->107791K(1261888K), 0.0070120 secs] [Times: user=0.02 sys=0.00, real=0.01 secs] 
2014-07-09T01:03:36.778+0000: 1040.240: [GC [PSYoungGen: 574912K->384K(555136K)] 682319K->107847K(1242112K), 0.0093200 secs] [Times: user=0.03 sys=0.00, real=0.01 secs] 
2014-07-09T01:03:37.966+0000: 1041.429: [GC [PSYoungGen: 555136K->224K(536128K)] 662599K->107743K(1223104K), 0.0215730 secs] [Times: user=0.07 sys=0.00, real=0.02 secs] 
2014-07-09T01:03:39.120+0000: 1042.583: [GC [PSYoungGen: 536053K->274K(518144K)] 643573K->107825K(1205120K), 0.0072950 secs] [Times: user=0.03 sys=0.00, real=0.00 secs] 
2014-07-09T01:03:40.240+0000: 1043.702: [GC [PSYoungGen: 518098K->160K(500736K)] 625649K->107735K(1187712K), 0.0062230 secs] [Times: user=0.01 sys=0.00, real=0.01 secs] 
2014-07-09T01:03:41.342+0000: 1044.804: [GC [PSYoungGen: 500704K->576K(484608K)] 608279K->108377K(1171584K), 0.0068140 secs] [Times: user=0.02 sys=0.00, real=0.00 secs] 
2014-07-09T01:03:42.365+0000: 1045.827: [GC [PSYoungGen: 484608K->256K(468544K)] 592409K->108089K(1155520K), 0.0184740 secs] [Times: user=0.07 sys=0.00, real=0.02 secs] 
2014-07-09T01:03:43.372+0000: 1046.834: [GC [PSYoungGen: 468544K->224K(453504K)] 576377K->108153K(1140480K), 0.0047220 secs] [Times: user=0.01 sys=0.00, real=0.00 secs] 
2014-07-09T01:03:44.340+0000: 1047.802: [GC [PSYoungGen: 453472K->406K(439296K)] 561401K->108383K(1126272K), 0.0038460 secs] [Times: user=0.01 sys=0.00, real=0.01 secs] 
2014-07-09T01:03:45.287+0000: 1048.749: [GC [PSYoungGen: 439254K->342K(425472K)] 547231K->108343K(1112448K), 0.0124210 secs] [Times: user=0.05 sys=0.00, real=0.01 secs] 
2014-07-09T01:03:46.207+0000: 1049.669: [GC [PSYoungGen: 425430K->516K(412480K)] 533431K->108557K(1099456K), 0.0080780 secs] [Times: user=0.03 sys=0.00, real=0.01 secs] 
2014-07-09T01:03:47.095+0000: 1050.557: [GC [PSYoungGen: 412420K->502K(399808K)] 520461K->108623K(1086784K), 0.0061110 secs] [Times: user=0.02 sys=0.00, real=0.00 secs] 
2014-07-09T01:03:47.947+0000: 1051.409: [GC [PSYoungGen: 399798K->708K(387968K)] 507919K->108877K(1074944K), 0.0087310 secs] [Times: user=0.03 sys=0.00, real=0.01 secs] 
2014-07-09T01:03:48.780+0000: 1052.243: [GC [PSYoungGen: 387908K->292K(375936K)] 496077K->108525K(1062912K), 0.0069470 secs] [Times: user=0.02 sys=0.00, real=0.01 secs] 
2014-07-09T01:03:49.586+0000: 1053.048: [GC [PSYoungGen: 375908K->320K(364800K)] 484141K->108593K(1051776K), 0.0075970 secs] [Times: user=0.03 sys=0.00, real=0.01 secs] 
2014-07-09T01:03:50.370+0000: 1053.833: [GC [PSYoungGen: 364800K->160K(437568K)] 473073K->108473K(1124544K), 0.0113570 secs] [Times: user=0.04 sys=0.00, real=0.02 secs] 
2014-07-09T01:03:51.307+0000: 1054.769: [GC [PSYoungGen: 437533K->320K(423936K)] 545847K->108665K(1110912K), 0.0041200 secs] [Times: user=0.01 sys=0.00, real=0.00 secs] 
2014-07-09T01:03:52.217+0000: 1055.679: [GC [PSYoungGen: 423936K->626K(508992K)] 532281K->108987K(1195968K), 0.0204640 secs] [Times: user=0.06 sys=0.00, real=0.02 secs] 
2014-07-09T01:03:53.318+0000: 1056.780: [GC [PSYoungGen: 508966K->260K(610368K)] 617327K->108685K(1297344K), 0.0052530 secs] [Times: user=0.01 sys=0.00, real=0.01 secs] 
2014-07-09T01:03:54.630+0000: 1058.093: [GC [PSYoungGen: 610308K->224K(588864K)] 718733K->108705K(1275840K), 0.0072050 secs] [Times: user=0.02 sys=0.00, real=0.01 secs] 
2014-07-09T01:03:55.896+0000: 1059.358: [GC [PSYoungGen: 588832K->292K(568512K)] 697313K->108821K(1255488K), 0.0097330 secs] [Times: user=0.02 sys=0.00, real=0.01 secs] 
2014-07-09T01:03:57.117+0000: 1060.580: [GC [PSYoungGen: 568484K->370K(549056K)] 677013K->108939K(1236032K), 0.0076640 secs] [Times: user=0.01 sys=0.00, real=0.01 secs] 
2014-07-09T01:03:58.298+0000: 1061.760: [GC [PSYoungGen: 549041K->498K(530560K)] 657611K->109131K(1217536K), 0.0086330 secs] [Times: user=0.03 sys=0.01, real=0.01 secs] 
2014-07-09T01:03:59.441+0000: 1062.903: [GC [PSYoungGen: 530546K->416K(512704K)] 639179K->109081K(1199680K), 0.0113580 secs] [Times: user=0.03 sys=0.00, real=0.01 secs] 
2014-07-09T01:04:00.542+0000: 1064.004: [GC [PSYoungGen: 512672K->256K(495488K)] 621337K->108953K(1182464K), 0.0066950 secs] [Times: user=0.01 sys=0.00, real=0.01 secs] 
2014-07-09T01:04:01.613+0000: 1065.075: [GC [PSYoungGen: 495488K->352K(479360K)] 604185K->109073K(1166336K), 0.0042150 secs] [Times: user=0.01 sys=0.01, real=0.00 secs] 
2014-07-09T01:04:02.627+0000: 1066.090: [GC [PSYoungGen: 479328K->288K(463744K)] 588049K->109041K(1150720K), 0.0065430 secs] [Times: user=0.02 sys=0.00, real=0.01 secs] 
2014-07-09T01:04:03.622+0000: 1067.085: [GC [PSYoungGen: 463712K->562K(449152K)] 572465K->109371K(1136128K), 0.0064790 secs] [Times: user=0.02 sys=0.00, real=0.01 secs] 
2014-07-09T01:04:04.584+0000: 1068.046: [GC [PSYoungGen: 449138K->128K(434496K)] 557947K->108969K(1121472K), 0.0036700 secs] [Times: user=0.01 sys=0.00, real=0.00 secs] 
2014-07-09T01:04:05.519+0000: 1068.981: [GC [PSYoungGen: 434496K->416K(421248K)] 543337K->109289K(1108224K), 0.0028710 secs] [Times: user=0.01 sys=0.00, real=0.00 secs] 
2014-07-09T01:04:06.425+0000: 1069.887: [GC [PSYoungGen: 421216K->288K(408128K)] 530089K->109185K(1095104K), 0.0067980 secs] [Times: user=0.02 sys=0.00, real=0.00 secs] 
2014-07-09T01:04:07.301+0000: 1070.764: [GC [PSYoungGen: 408096K->192K(395520K)] 516993K->109113K(1082496K), 0.0119380 secs] [Times: user=0.04 sys=0.00, real=0.01 secs] 
2014-07-09T01:04:08.156+0000: 1071.618: [GC [PSYoungGen: 395495K->324K(383808K)] 504417K->109277K(1070784K), 0.0035070 secs] [Times: user=0.01 sys=0.00, real=0.00 secs] 
2014-07-09T01:04:08.989+0000: 1072.451: [GC [PSYoungGen: 383748K->370K(372352K)] 492701K->109363K(1059328K), 0.0146060 secs] [Times: user=0.05 sys=0.00, real=0.01 secs] 
2014-07-09T01:04:09.781+0000: 1073.244: [GC [PSYoungGen: 372338K->306K(361344K)] 481331K->109339K(1048320K), 0.0093800 secs] [Times: user=0.03 sys=0.00, real=0.01 secs] 
2014-07-09T01:04:10.562+0000: 1074.025: [GC [PSYoungGen: 361330K->338K(350912K)] 470363K->109411K(1037888K), 0.0076760 secs] [Times: user=0.02 sys=0.00, real=0.01 secs] 
2014-07-09T01:04:11.312+0000: 1074.774: [GC [PSYoungGen: 350866K->128K(340608K)] 459939K->109217K(1027584K), 0.0036570 secs] [Times: user=0.01 sys=0.00, real=0.01 secs] 
2014-07-09T01:04:12.046+0000: 1075.509: [GC [PSYoungGen: 340608K->192K(331008K)] 449697K->109297K(1017984K), 0.0044260 secs] [Times: user=0.01 sys=0.01, real=0.00 secs] 
2014-07-09T01:04:12.760+0000: 1076.222: [GC [PSYoungGen: 331008K->388K(321984K)] 440113K->109549K(1008960K), 0.0090560 secs] [Times: user=0.03 sys=0.00, real=0.01 secs] 
2014-07-09T01:04:13.449+0000: 1076.911: [GC [PSYoungGen: 321924K->288K(386176K)] 431085K->109505K(1073152K), 0.0093220 secs] [Times: user=0.03 sys=0.00, real=0.01 secs] 
2014-07-09T01:04:14.289+0000: 1077.751: [GC [PSYoungGen: 386138K->548K(374912K)] 495356K->109797K(1061888K), 0.0080740 secs] [Times: user=0.03 sys=0.01, real=0.01 secs] 
2014-07-09T01:04:15.084+0000: 1078.546: [GC [PSYoungGen: 374884K->288K(449536K)] 484133K->109569K(1136512K), 0.0103660 secs] [Times: user=0.03 sys=0.00, real=0.01 secs] 
2014-07-09T01:04:16.051+0000: 1079.513: [GC [PSYoungGen: 449502K->480K(435456K)] 558784K->109809K(1122432K), 0.0053020 secs] [Times: user=0.01 sys=0.00, real=0.01 secs] 
2014-07-09T01:04:16.990+0000: 1080.452: [GC [PSYoungGen: 435342K->392K(421760K)] 544672K->109737K(1108736K), 0.0046680 secs] [Times: user=0.01 sys=0.00, real=0.00 secs] 
2014-07-09T01:04:17.900+0000: 1081.362: [GC [PSYoungGen: 421704K->576K(408832K)] 531049K->109969K(1095808K), 0.0124480 secs] [Times: user=0.04 sys=0.00, real=0.01 secs] 
2014-07-09T01:04:18.781+0000: 1082.243: [GC [PSYoungGen: 408832K->128K(490048K)] 518225K->109561K(1177024K), 0.0193620 secs] [Times: user=0.06 sys=0.00, real=0.02 secs] 
2014-07-09T01:04:19.837+0000: 1083.299: [GC [PSYoungGen: 490048K->608K(588544K)] 599481K->110081K(1275520K), 0.0129130 secs] [Times: user=0.05 sys=0.00, real=0.01 secs] 
2014-07-09T01:04:21.097+0000: 1084.559: [GC [PSYoungGen: 588512K->274K(705856K)] 697985K->109771K(1392832K), 0.0126890 secs] [Times: user=0.04 sys=0.00, real=0.01 secs] 
2014-07-09T01:04:22.614+0000: 1086.076: [GC [PSYoungGen: 705810K->470K(847168K)] 815307K->110007K(1534144K), 0.0214010 secs] [Times: user=0.07 sys=0.00, real=0.02 secs] 
2014-07-09T01:04:24.432+0000: 1087.894: [GC [PSYoungGen: 847090K->324K(814592K)] 956628K->109933K(1501568K), 0.0043740 secs] [Times: user=0.01 sys=0.00, real=0.01 secs] 
2014-07-09T01:04:26.189+0000: 1089.652: [GC [PSYoungGen: 814532K->352K(783680K)] 924141K->110009K(1470656K), 0.0056330 secs] [Times: user=0.02 sys=0.00, real=0.00 secs] 
2014-07-09T01:04:27.878+0000: 1091.341: [GC [PSYoungGen: 783581K->242K(754112K)] 893239K->109947K(1441088K), 0.0091530 secs] [Times: user=0.03 sys=0.00, real=0.01 secs] 
2014-07-09T01:04:29.496+0000: 1092.958: [GC [PSYoungGen: 754098K->256K(726080K)] 863803K->110025K(1413056K), 0.0104310 secs] [Times: user=0.03 sys=0.00, real=0.01 secs] 
2014-07-09T01:04:31.056+0000: 1094.518: [GC [PSYoungGen: 726080K->192K(699264K)] 835849K->109985K(1386240K), 0.0039720 secs] [Times: user=0.01 sys=0.00, real=0.01 secs] 
2014-07-09T01:04:32.562+0000: 1096.024: [GC [PSYoungGen: 699264K->548K(674112K)] 809057K->110357K(1361088K), 0.0061760 secs] [Times: user=0.00 sys=0.00, real=0.00 secs] 
2014-07-09T01:04:34.004+0000: 1097.466: [GC [PSYoungGen: 674084K->192K(649408K)] 783893K->110081K(1336384K), 0.0101070 secs] [Times: user=0.04 sys=0.00, real=0.01 secs] 
2014-07-09T01:04:35.403+0000: 1098.866: [GC [PSYoungGen: 649408K->128K(626112K)] 759297K->110049K(1313088K), 0.0040750 secs] [Times: user=0.01 sys=0.01, real=0.00 secs] 
2014-07-09T01:04:36.756+0000: 1100.218: [GC [PSYoungGen: 626112K->160K(604032K)] 736033K->110129K(1291008K), 0.0033690 secs] [Times: user=0.00 sys=0.00, real=0.01 secs] 
2014-07-09T01:04:38.058+0000: 1101.520: [GC [PSYoungGen: 604000K->512K(583232K)] 713969K->110529K(1270208K), 0.0261180 secs] [Times: user=0.09 sys=0.00, real=0.03 secs] 
2014-07-09T01:04:39.315+0000: 1102.777: [GC [PSYoungGen: 583232K->160K(562752K)] 693249K->110201K(1249728K), 0.0038000 secs] [Times: user=0.01 sys=0.00, real=0.00 secs] 
2014-07-09T01:04:40.523+0000: 1103.986: [GC [PSYoungGen: 562720K->388K(543744K)] 672761K->110477K(1230720K), 0.0142540 secs] [Times: user=0.05 sys=0.00, real=0.01 secs] 
2014-07-09T01:04:41.699+0000: 1105.162: [GC [PSYoungGen: 543651K->324K(525312K)] 653740K->110437K(1212288K), 0.0094890 secs] [Times: user=0.03 sys=0.00, real=0.01 secs] 
2014-07-09T01:04:42.822+0000: 1106.284: [GC [PSYoungGen: 525252K->242K(630208K)] 635365K->110379K(1317184K), 0.0184900 secs] [Times: user=0.07 sys=0.00, real=0.02 secs] 
2014-07-09T01:04:44.183+0000: 1107.645: [GC [PSYoungGen: 630186K->626K(608256K)] 740323K->110931K(1295232K), 0.0063980 secs] [Times: user=0.01 sys=0.00, real=0.01 secs] 
2014-07-09T01:04:45.481+0000: 1108.943: [GC [PSYoungGen: 608242K->128K(586432K)] 718547K->110497K(1273408K), 0.0031510 secs] [Times: user=0.01 sys=0.00, real=0.00 secs] 
2014-07-09T01:04:46.745+0000: 1110.207: [GC [PSYoungGen: 586394K->434K(566400K)] 696764K->110875K(1253376K), 0.0053030 secs] [Times: user=0.01 sys=0.01, real=0.01 secs] 
2014-07-09T01:04:47.965+0000: 1111.427: [GC [PSYoungGen: 566383K->274K(546880K)] 676825K->110731K(1233856K), 0.0039430 secs] [Times: user=0.01 sys=0.00, real=0.00 secs] 
2014-07-09T01:04:49.148+0000: 1112.611: [GC [PSYoungGen: 546834K->288K(528320K)] 657291K->110793K(1215296K), 0.0054050 secs] [Times: user=0.02 sys=0.00, real=0.01 secs] 
2014-07-09T01:04:50.286+0000: 1113.749: [GC [PSYoungGen: 528288K->128K(510400K)] 638793K->110657K(1197376K), 0.0042620 secs] [Times: user=0.01 sys=0.00, real=0.01 secs] 
2014-07-09T01:04:51.383+0000: 1114.845: [GC [PSYoungGen: 510400K->96K(493504K)] 620929K->110641K(1180480K), 0.0059660 secs] [Times: user=0.01 sys=0.00, real=0.00 secs] 
2014-07-09T01:04:52.448+0000: 1115.910: [GC [PSYoungGen: 493438K->260K(477504K)] 603983K->110821K(1164480K), 0.0048490 secs] [Times: user=0.01 sys=0.00, real=0.01 secs] 
2014-07-09T01:04:53.475+0000: 1116.937: [GC [PSYoungGen: 477444K->96K(461824K)] 588005K->110729K(1148800K), 0.0034410 secs] [Times: user=0.01 sys=0.00, real=0.00 secs] 
2014-07-09T01:04:54.466+0000: 1117.928: [GC [PSYoungGen: 461792K->388K(447360K)] 572425K->111069K(1134336K), 0.0052250 secs] [Times: user=0.02 sys=0.00, real=0.00 secs] 
2014-07-09T01:04:55.436+0000: 1118.898: [GC [PSYoungGen: 447300K->352K(433152K)] 557981K->111081K(1120128K), 0.0063900 secs] [Times: user=0.02 sys=0.00, real=0.01 secs] 
2014-07-09T01:04:56.358+0000: 1119.821: [GC [PSYoungGen: 433120K->192K(419456K)] 543849K->110977K(1106432K), 0.0132370 secs] [Times: user=0.05 sys=0.00, real=0.02 secs] 
2014-07-09T01:04:57.268+0000: 1120.731: [GC [PSYoungGen: 419454K->370K(406720K)] 530240K->111187K(1093696K), 0.0141400 secs] [Times: user=0.06 sys=0.00, real=0.02 secs] 
2014-07-09T01:04:58.144+0000: 1121.606: [GC [PSYoungGen: 406706K->192K(394112K)] 517523K->111033K(1081088K), 0.0052290 secs] [Times: user=0.02 sys=0.00, real=0.00 secs] 
2014-07-09T01:04:58.994+0000: 1122.456: [GC [PSYoungGen: 394073K->260K(382336K)] 504915K->111133K(1069312K), 0.0049740 secs] [Times: user=0.01 sys=0.00, real=0.00 secs] 
2014-07-09T01:04:59.816+0000: 1123.278: [GC [PSYoungGen: 382276K->256K(370880K)] 493149K->111161K(1057856K), 0.0035050 secs] [Times: user=0.00 sys=0.00, real=0.00 secs] 
2014-07-09T01:05:00.615+0000: 1124.077: [GC [PSYoungGen: 370880K->274K(360064K)] 481785K->111211K(1047040K), 0.0102580 secs] [Times: user=0.04 sys=0.00, real=0.01 secs] 
2014-07-09T01:05:01.391+0000: 1124.854: [GC [PSYoungGen: 360018K->288K(349632K)] 470955K->111257K(1036608K), 0.0087800 secs] [Times: user=0.03 sys=0.00, real=0.01 secs] 
2014-07-09T01:05:02.140+0000: 1125.602: [GC [PSYoungGen: 349600K->498K(339776K)] 460569K->111595K(1026752K), 0.0068790 secs] [Times: user=0.01 sys=0.00, real=0.01 secs] 
2014-07-09T01:05:02.869+0000: 1126.332: [GC [PSYoungGen: 339762K->320K(329984K)] 450859K->111489K(1016960K), 0.0064150 secs] [Times: user=0.01 sys=0.00, real=0.01 secs] 
2014-07-09T01:05:03.577+0000: 1127.039: [GC [PSYoungGen: 329962K->210K(395904K)] 441131K->111435K(1082880K), 0.0113410 secs] [Times: user=0.04 sys=0.00, real=0.01 secs] 
2014-07-09T01:05:04.429+0000: 1127.891: [GC [PSYoungGen: 395852K->192K(383872K)] 507077K->111449K(1070848K), 0.0044080 secs] [Times: user=0.01 sys=0.00, real=0.01 secs] 
2014-07-09T01:05:05.256+0000: 1128.719: [GC [PSYoungGen: 383817K->516K(372800K)] 495075K->111805K(1059776K), 0.0074450 secs] [Times: user=0.03 sys=0.00, real=0.01 secs] 
2014-07-09T01:05:06.055+0000: 1129.517: [GC [PSYoungGen: 372739K->384K(447104K)] 484029K->111737K(1134080K), 0.0111840 secs] [Times: user=0.04 sys=0.01, real=0.01 secs] 
2014-07-09T01:05:07.025+0000: 1130.487: [GC [PSYoungGen: 447104K->352K(536448K)] 558457K->111737K(1223424K), 0.0132290 secs] [Times: user=0.05 sys=0.00, real=0.01 secs] 
2014-07-09T01:05:08.179+0000: 1131.641: [GC [PSYoungGen: 536416K->384K(518400K)] 647801K->111801K(1205376K), 0.0042990 secs] [Times: user=0.01 sys=0.00, real=0.01 secs] 
2014-07-09T01:05:09.297+0000: 1132.759: [GC [PSYoungGen: 518399K->256K(621888K)] 629817K->111721K(1308864K), 0.0258740 secs] [Times: user=0.08 sys=0.00, real=0.02 secs] 
2014-07-09T01:05:10.631+0000: 1134.093: [GC [PSYoungGen: 621888K->128K(746112K)] 733353K->111609K(1433088K), 0.0052250 secs] [Times: user=0.01 sys=0.00, real=0.01 secs] 
2014-07-09T01:05:12.232+0000: 1135.694: [GC [PSYoungGen: 746059K->356K(718656K)] 857541K->111869K(1405632K), 0.0101070 secs] [Times: user=0.04 sys=0.00, real=0.01 secs] 
2014-07-09T01:05:13.783+0000: 1137.245: [GC [PSYoungGen: 718628K->256K(862208K)] 830141K->111841K(1549184K), 0.0295300 secs] [Times: user=0.11 sys=0.00, real=0.03 secs] 
2014-07-09T01:05:15.637+0000: 1139.100: [GC [PSYoungGen: 862208K->228K(829056K)] 973793K->111869K(1516032K), 0.0041380 secs] [Times: user=0.01 sys=0.01, real=0.00 secs] 
2014-07-09T01:05:17.425+0000: 1140.887: [GC [PSYoungGen: 829028K->160K(797440K)] 940669K->111857K(1484416K), 0.0030590 secs] [Times: user=0.01 sys=0.00, real=0.00 secs] 
2014-07-09T01:05:19.141+0000: 1142.603: [GC [PSYoungGen: 797408K->352K(767552K)] 909105K->112081K(1454528K), 0.0045260 secs] [Times: user=0.02 sys=0.00, real=0.01 secs] 
2014-07-09T01:05:20.797+0000: 1144.260: [GC [PSYoungGen: 767520K->192K(738688K)] 879249K->111953K(1425664K), 0.0053090 secs] [Times: user=0.01 sys=0.00, real=0.00 secs] 
2014-07-09T01:05:22.383+0000: 1145.846: [GC [PSYoungGen: 738688K->192K(711360K)] 850449K->111977K(1398336K), 0.0046700 secs] [Times: user=0.02 sys=0.00, real=0.01 secs] 
2014-07-09T01:05:23.916+0000: 1147.378: [GC [PSYoungGen: 711261K->338K(685504K)] 823046K->112203K(1372480K), 0.0260890 secs] [Times: user=0.09 sys=0.00, real=0.03 secs] 
2014-07-09T01:05:25.390+0000: 1148.853: [GC [PSYoungGen: 685458K->448K(660736K)] 797323K->112377K(1347712K), 0.0133480 secs] [Times: user=0.05 sys=0.00, real=0.01 secs] 
2014-07-09T01:05:26.816+0000: 1150.278: [GC [PSYoungGen: 660736K->224K(636800K)] 772665K->112201K(1323776K), 0.0115480 secs] [Times: user=0.04 sys=0.00, real=0.01 secs] 
2014-07-09T01:05:28.185+0000: 1151.647: [GC [PSYoungGen: 636768K->224K(614208K)] 748745K->112225K(1301184K), 0.0128400 secs] [Times: user=0.04 sys=0.00, real=0.02 secs] 
2014-07-09T01:05:29.519+0000: 1152.982: [GC [PSYoungGen: 614176K->320K(592704K)] 726177K->112369K(1279680K), 0.0047100 secs] [Times: user=0.01 sys=0.00, real=0.00 secs] 
2014-07-09T01:05:30.787+0000: 1154.249: [GC [PSYoungGen: 592704K->310K(572096K)] 704753K->112391K(1259072K), 0.0067500 secs] [Times: user=0.01 sys=0.00, real=0.01 secs] 
2014-07-09T01:05:32.013+0000: 1155.475: [GC [PSYoungGen: 572086K->224K(552384K)] 684167K->112337K(1239360K), 0.0039730 secs] [Times: user=0.00 sys=0.00, real=0.01 secs] 
2014-07-09T01:05:33.215+0000: 1156.677: [GC [PSYoungGen: 552352K->466K(533824K)] 664465K->112651K(1220800K), 0.0064500 secs] [Times: user=0.03 sys=0.00, real=0.01 secs] 
2014-07-09T01:05:34.359+0000: 1157.821: [GC [PSYoungGen: 533778K->274K(515712K)] 645963K->112547K(1202688K), 0.0034570 secs] [Times: user=0.01 sys=0.01, real=0.00 secs] 
2014-07-09T01:05:35.469+0000: 1158.932: [GC [PSYoungGen: 515657K->224K(498496K)] 627931K->112521K(1185472K), 0.0039480 secs] [Times: user=0.01 sys=0.00, real=0.00 secs] 
2014-07-09T01:05:36.544+0000: 1160.007: [GC [PSYoungGen: 498449K->128K(481984K)] 610746K->112457K(1168960K), 0.0043470 secs] [Times: user=0.01 sys=0.00, real=0.01 secs] 
2014-07-09T01:05:37.578+0000: 1161.040: [GC [PSYoungGen: 481984K->274K(466496K)] 594313K->112627K(1153472K), 0.0042920 secs] [Times: user=0.01 sys=0.00, real=0.00 secs] 
2014-07-09T01:05:38.584+0000: 1162.046: [GC [PSYoungGen: 466378K->388K(451648K)] 578732K->112789K(1138624K), 0.0115920 secs] [Times: user=0.04 sys=0.00, real=0.01 secs] 
2014-07-09T01:05:39.558+0000: 1163.020: [GC [PSYoungGen: 451588K->288K(437184K)] 563989K->112721K(1124160K), 0.0029670 secs] [Times: user=0.01 sys=0.00, real=0.01 secs] 
2014-07-09T01:05:40.505+0000: 1163.967: [GC [PSYoungGen: 437152K->288K(423488K)] 549585K->112761K(1110464K), 0.0082680 secs] [Times: user=0.03 sys=0.00, real=0.01 secs] 
2014-07-09T01:05:41.415+0000: 1164.877: [GC [PSYoungGen: 423392K->210K(410304K)] 535865K->112691K(1097280K), 0.0071800 secs] [Times: user=0.01 sys=0.00, real=0.01 secs] 
2014-07-09T01:05:42.303+0000: 1165.765: [GC [PSYoungGen: 410258K->384K(492480K)] 522739K->112905K(1179456K), 0.0300330 secs] [Times: user=0.10 sys=0.00, real=0.03 secs] 
2014-07-09T01:05:43.362+0000: 1166.824: [GC [PSYoungGen: 492480K->320K(590848K)] 605001K->112897K(1277824K), 0.0076730 secs] [Times: user=0.02 sys=0.00, real=0.01 secs] 
2014-07-09T01:05:44.632+0000: 1168.094: [GC [PSYoungGen: 590848K->384K(709056K)] 703425K->113025K(1396032K), 0.0130430 secs] [Times: user=0.04 sys=0.00, real=0.01 secs] 
2014-07-09T01:05:46.161+0000: 1169.624: [GC [PSYoungGen: 709056K->370K(683136K)] 821697K->113067K(1370112K), 0.0060750 secs] [Times: user=0.02 sys=0.00, real=0.00 secs] 
2014-07-09T01:05:47.630+0000: 1171.092: [GC [PSYoungGen: 683122K->160K(658176K)] 795819K->112897K(1345152K), 0.0062270 secs] [Times: user=0.01 sys=0.00, real=0.00 secs] 
2014-07-09T01:05:49.049+0000: 1172.511: [GC [PSYoungGen: 658144K->192K(634560K)] 770881K->112969K(1321536K), 0.0136180 secs] [Times: user=0.05 sys=0.01, real=0.02 secs] 
2014-07-09T01:05:50.417+0000: 1173.879: [GC [PSYoungGen: 634559K->242K(612096K)] 747337K->113051K(1299072K), 0.0088400 secs] [Times: user=0.03 sys=0.00, real=0.01 secs] 
2014-07-09T01:05:51.740+0000: 1175.202: [GC [PSYoungGen: 612082K->64K(590400K)] 724891K->112897K(1277376K), 0.0056840 secs] [Times: user=0.00 sys=0.00, real=0.01 secs] 
2014-07-09T01:05:53.014+0000: 1176.476: [GC [PSYoungGen: 590400K->544K(570368K)] 703233K->113401K(1257344K), 0.0098290 secs] [Times: user=0.03 sys=0.00, real=0.01 secs] 
2014-07-09T01:05:54.237+0000: 1177.700: [GC [PSYoungGen: 570336K->544K(550784K)] 683193K->113497K(1237760K), 0.0178500 secs] [Times: user=0.06 sys=0.00, real=0.02 secs] 
2014-07-09T01:05:55.427+0000: 1178.889: [GC [PSYoungGen: 550752K->480K(532032K)] 663705K->113489K(1219008K), 0.0098650 secs] [Times: user=0.02 sys=0.00, real=0.01 secs] 
2014-07-09T01:05:56.565+0000: 1180.027: [GC [PSYoungGen: 532000K->342K(514048K)] 645009K->113399K(1201024K), 0.0080290 secs] [Times: user=0.03 sys=0.00, real=0.01 secs] 
2014-07-09T01:05:57.674+0000: 1181.136: [GC [PSYoungGen: 514006K->288K(496896K)] 627063K->113393K(1183872K), 0.0058440 secs] [Times: user=0.01 sys=0.00, real=0.00 secs] 
2014-07-09T01:05:58.746+0000: 1182.208: [GC [PSYoungGen: 496864K->370K(480640K)] 609969K->113515K(1167616K), 0.0061690 secs] [Times: user=0.02 sys=0.00, real=0.01 secs] 
2014-07-09T01:05:59.781+0000: 1183.243: [GC [PSYoungGen: 480626K->128K(464768K)] 593771K->113297K(1151744K), 0.0060350 secs] [Times: user=0.01 sys=0.00, real=0.00 secs] 
2014-07-09T01:06:00.786+0000: 1184.248: [GC [PSYoungGen: 464753K->424K(450176K)] 577923K->113625K(1137152K), 0.0084370 secs] [Times: user=0.03 sys=0.01, real=0.01 secs] 
2014-07-09T01:06:01.753+0000: 1185.216: [GC [PSYoungGen: 450152K->224K(539968K)] 563353K->113449K(1226944K), 0.0289790 secs] [Times: user=0.10 sys=0.00, real=0.03 secs] 
2014-07-09T01:06:02.913+0000: 1186.375: [GC [PSYoungGen: 539936K->448K(648128K)] 653161K->113713K(1335104K), 0.0146760 secs] [Times: user=0.05 sys=0.00, real=0.01 secs] 
2014-07-09T01:06:04.301+0000: 1187.764: [GC [PSYoungGen: 648128K->274K(777536K)] 761393K->113603K(1464512K), 0.0039090 secs] [Times: user=0.02 sys=0.00, real=0.01 secs] 
2014-07-09T01:06:05.971+0000: 1189.434: [GC [PSYoungGen: 777476K->310K(748416K)] 890805K->113687K(1435392K), 0.0036210 secs] [Times: user=0.01 sys=0.00, real=0.01 secs] 
2014-07-09T01:06:07.585+0000: 1191.047: [GC [PSYoungGen: 748401K->224K(720576K)] 861779K->113649K(1407552K), 0.0033500 secs] [Times: user=0.01 sys=0.01, real=0.00 secs] 
2014-07-09T01:06:09.136+0000: 1192.599: [GC [PSYoungGen: 720544K->338K(694208K)] 833969K->113811K(1381184K), 0.0078870 secs] [Times: user=0.02 sys=0.00, real=0.01 secs] 
2014-07-09T01:06:10.625+0000: 1194.087: [GC [PSYoungGen: 694162K->128K(668672K)] 807635K->113649K(1355648K), 0.0077210 secs] [Times: user=0.03 sys=0.00, real=0.00 secs] 
2014-07-09T01:06:12.067+0000: 1195.529: [GC [PSYoungGen: 668618K->566K(645056K)] 782140K->114135K(1332032K), 0.0117610 secs] [Times: user=0.04 sys=0.00, real=0.01 secs] 
2014-07-09T01:06:13.455+0000: 1196.918: [GC [PSYoungGen: 645041K->466K(622016K)] 758611K->114091K(1308992K), 0.0042410 secs] [Times: user=0.01 sys=0.00, real=0.00 secs] 
2014-07-09T01:06:14.790+0000: 1198.252: [GC [PSYoungGen: 621970K->96K(599680K)] 735595K->113777K(1286656K), 0.0058600 secs] [Times: user=0.00 sys=0.00, real=0.01 secs] 
2014-07-09T01:06:16.082+0000: 1199.544: [GC [PSYoungGen: 599648K->516K(579200K)] 713329K->114245K(1266176K), 0.0064510 secs] [Times: user=0.01 sys=0.00, real=0.01 secs] 
2014-07-09T01:06:17.335+0000: 1200.797: [GC [PSYoungGen: 579140K->384K(559040K)] 692869K->114161K(1246016K), 0.0070360 secs] [Times: user=0.01 sys=0.00, real=0.00 secs] 
2014-07-09T01:06:18.540+0000: 1202.002: [GC [PSYoungGen: 559040K->192K(539776K)] 672817K->113985K(1226752K), 0.0086020 secs] [Times: user=0.01 sys=0.00, real=0.01 secs] 
2014-07-09T01:06:19.701+0000: 1203.163: [GC [PSYoungGen: 539776K->192K(521536K)] 653569K->114025K(1208512K), 0.0113380 secs] [Times: user=0.04 sys=0.00, real=0.01 secs] 
2014-07-09T01:06:20.832+0000: 1204.294: [GC [PSYoungGen: 521536K->242K(504192K)] 635369K->114091K(1191168K), 0.0051870 secs] [Times: user=0.02 sys=0.00, real=0.01 secs] 
2014-07-09T01:06:21.921+0000: 1205.383: [GC [PSYoungGen: 504178K->466K(487808K)] 618027K->114339K(1174784K), 0.0195530 secs] [Times: user=0.06 sys=0.00, real=0.02 secs] 
2014-07-09T01:06:22.968+0000: 1206.431: [GC [PSYoungGen: 487762K->388K(471808K)] 601635K->114301K(1158784K), 0.0124100 secs] [Times: user=0.04 sys=0.00, real=0.01 secs] 
2014-07-09T01:06:23.980+0000: 1207.443: [GC [PSYoungGen: 471748K->224K(565888K)] 585661K->114201K(1252864K), 0.0124840 secs] [Times: user=0.04 sys=0.00, real=0.01 secs] 
2014-07-09T01:06:25.202+0000: 1208.664: [GC [PSYoungGen: 565826K->552K(679360K)] 679803K->114577K(1366336K), 0.0129460 secs] [Times: user=0.05 sys=0.00, real=0.01 secs] 
2014-07-09T01:06:26.665+0000: 1210.128: [GC [PSYoungGen: 679336K->192K(654400K)] 793361K->114265K(1341376K), 0.0055710 secs] [Times: user=0.02 sys=0.00, real=0.00 secs] 
2014-07-09T01:06:28.079+0000: 1211.541: [GC [PSYoungGen: 654392K->160K(630976K)] 768466K->114265K(1317952K), 0.0055220 secs] [Times: user=0.01 sys=0.00, real=0.00 secs] 
2014-07-09T01:06:29.441+0000: 1212.904: [GC [PSYoungGen: 630944K->128K(608576K)] 745049K->114257K(1295552K), 0.0041400 secs] [Times: user=0.01 sys=0.00, real=0.01 secs] 
2014-07-09T01:06:30.758+0000: 1214.220: [GC [PSYoungGen: 608576K->256K(587392K)] 722705K->114433K(1274368K), 0.0079620 secs] [Times: user=0.03 sys=0.00, real=0.00 secs] 
2014-07-09T01:06:32.021+0000: 1215.483: [GC [PSYoungGen: 587392K->416K(567232K)] 701569K->114633K(1254208K), 0.0061800 secs] [Times: user=0.02 sys=0.00, real=0.01 secs] 
2014-07-09T01:06:33.233+0000: 1216.695: [GC [PSYoungGen: 567200K->160K(547520K)] 681417K->114425K(1234496K), 0.0069240 secs] [Times: user=0.02 sys=0.00, real=0.01 secs] 
2014-07-09T01:06:34.410+0000: 1217.872: [GC [PSYoungGen: 547488K->448K(529216K)] 661753K->114777K(1216192K), 0.0063160 secs] [Times: user=0.02 sys=0.00, real=0.01 secs] 
2014-07-09T01:06:35.552+0000: 1219.014: [GC [PSYoungGen: 529216K->224K(511296K)] 643545K->114609K(1198272K), 0.0122630 secs] [Times: user=0.02 sys=0.00, real=0.01 secs] 
2014-07-09T01:06:36.657+0000: 1220.119: [GC [PSYoungGen: 511259K->324K(494464K)] 625645K->114765K(1181440K), 0.0094100 secs] [Times: user=0.03 sys=0.01, real=0.00 secs] 
2014-07-09T01:06:37.729+0000: 1221.191: [GC [PSYoungGen: 494404K->324K(478272K)] 608845K->114805K(1165248K), 0.0062930 secs] [Times: user=0.02 sys=0.00, real=0.00 secs] 
2014-07-09T01:06:38.765+0000: 1222.228: [GC [PSYoungGen: 478212K->384K(462784K)] 592693K->114921K(1149760K), 0.0081140 secs] [Times: user=0.03 sys=0.00, real=0.01 secs] 
2014-07-09T01:06:39.754+0000: 1223.217: [GC [PSYoungGen: 462784K->224K(447872K)] 577321K->114801K(1134848K), 0.0039140 secs] [Times: user=0.01 sys=0.00, real=0.01 secs] 
2014-07-09T01:06:40.724+0000: 1224.186: [GC [PSYoungGen: 447840K->416K(433920K)] 562417K->115033K(1120896K), 0.0093570 secs] [Times: user=0.03 sys=0.00, real=0.01 secs] 
2014-07-09T01:06:41.663+0000: 1225.125: [GC [PSYoungGen: 433888K->242K(420160K)] 548505K->114883K(1107136K), 0.0053960 secs] [Times: user=0.01 sys=0.00, real=0.01 secs] 
2014-07-09T01:06:42.560+0000: 1226.022: [GC [PSYoungGen: 420146K->452K(407424K)] 534787K->115133K(1094400K), 0.0170440 secs] [Times: user=0.06 sys=0.00, real=0.01 secs] 
2014-07-09T01:06:43.434+0000: 1226.896: [GC [PSYoungGen: 407364K->288K(488640K)] 522045K->115033K(1175616K), 0.0189610 secs] [Times: user=0.07 sys=0.00, real=0.02 secs] 
2014-07-09T01:06:44.488+0000: 1227.951: [GC [PSYoungGen: 488608K->160K(586176K)] 603353K->114937K(1273152K), 0.0142550 secs] [Times: user=0.04 sys=0.00, real=0.01 secs] 
2014-07-09T01:06:45.747+0000: 1229.209: [GC [PSYoungGen: 586142K->516K(703808K)] 700920K->115341K(1390784K), 0.0068140 secs] [Times: user=0.02 sys=0.00, real=0.01 secs] 
2014-07-09T01:06:47.262+0000: 1230.724: [GC [PSYoungGen: 703681K->128K(677632K)] 818506K->114985K(1364608K), 0.0048980 secs] [Times: user=0.01 sys=0.00, real=0.00 secs] 
2014-07-09T01:06:48.727+0000: 1232.189: [GC [PSYoungGen: 677632K->338K(653376K)] 792489K->115227K(1340352K), 0.0046440 secs] [Times: user=0.01 sys=0.00, real=0.01 secs] 
2014-07-09T01:06:50.135+0000: 1233.597: [GC [PSYoungGen: 653330K->612K(630272K)] 768219K->115573K(1317248K), 0.0105400 secs] [Times: user=0.04 sys=0.00, real=0.01 secs] 
2014-07-09T01:06:51.490+0000: 1234.952: [GC [PSYoungGen: 630244K->310K(607616K)] 745205K->115327K(1294592K), 0.0073920 secs] [Times: user=0.03 sys=0.01, real=0.00 secs] 
2014-07-09T01:06:52.800+0000: 1236.262: [GC [PSYoungGen: 607599K->274K(586304K)] 722616K->115331K(1273280K), 0.0067220 secs] [Times: user=0.02 sys=0.00, real=0.00 secs] 
2014-07-09T01:06:54.061+0000: 1237.524: [GC [PSYoungGen: 586258K->192K(565888K)] 701315K->115305K(1252864K), 0.0094010 secs] [Times: user=0.02 sys=0.01, real=0.01 secs] 
2014-07-09T01:06:55.283+0000: 1238.745: [GC [PSYoungGen: 565888K->406K(546752K)] 681001K->115583K(1233728K), 0.0185910 secs] [Times: user=0.06 sys=0.00, real=0.02 secs] 
2014-07-09T01:06:56.468+0000: 1239.931: [GC [PSYoungGen: 546710K->544K(528384K)] 661887K->115769K(1215360K), 0.0077260 secs] [Times: user=0.03 sys=0.00, real=0.01 secs] 
2014-07-09T01:06:57.600+0000: 1241.063: [GC [PSYoungGen: 528346K->160K(510272K)] 643572K->115425K(1197248K), 0.0074980 secs] [Times: user=0.03 sys=0.00, real=0.00 secs] 
2014-07-09T01:06:58.695+0000: 1242.158: [GC [PSYoungGen: 510240K->224K(493440K)] 625505K->115521K(1180416K), 0.0060670 secs] [Times: user=0.01 sys=0.00, real=0.01 secs] 
2014-07-09T01:06:59.761+0000: 1243.223: [GC [PSYoungGen: 493408K->288K(477312K)] 608705K->115633K(1164288K), 0.0069710 secs] [Times: user=0.03 sys=0.00, real=0.00 secs] 
2014-07-09T01:07:00.790+0000: 1244.252: [GC [PSYoungGen: 477280K->96K(461696K)] 592625K->115457K(1148672K), 0.0056830 secs] [Times: user=0.00 sys=0.00, real=0.00 secs] 
2014-07-09T01:07:01.789+0000: 1245.252: [GC [PSYoungGen: 461664K->342K(447168K)] 577025K->115735K(1134144K), 0.0067130 secs] [Times: user=0.02 sys=0.00, real=0.01 secs] 
2014-07-09T01:07:02.749+0000: 1246.211: [GC [PSYoungGen: 447099K->292K(536512K)] 562492K->115725K(1223488K), 0.0286480 secs] [Times: user=0.10 sys=0.00, real=0.03 secs] 
2014-07-09T01:07:03.916+0000: 1247.378: [GC [PSYoungGen: 536484K->420K(643904K)] 651917K->115925K(1330880K), 0.0050060 secs] [Times: user=0.01 sys=0.00, real=0.00 secs] 
2014-07-09T01:07:05.303+0000: 1248.765: [GC [PSYoungGen: 643831K->352K(772544K)] 759337K->115921K(1459520K), 0.0177360 secs] [Times: user=0.06 sys=0.00, real=0.01 secs] 
2014-07-09T01:07:06.966+0000: 1250.429: [GC [PSYoungGen: 772512K->416K(927040K)] 888081K->116049K(1614016K), 0.0178600 secs] [Times: user=0.06 sys=0.00, real=0.02 secs] 
2014-07-09T01:07:08.957+0000: 1252.419: [GC [PSYoungGen: 927008K->466K(890880K)] 1042641K->116147K(1577856K), 0.0156430 secs] [Times: user=0.06 sys=0.00, real=0.02 secs] 
2014-07-09T01:07:10.876+0000: 1254.338: [GC [PSYoungGen: 890834K->288K(856192K)] 1006515K->116033K(1543168K), 0.0050060 secs] [Times: user=0.01 sys=0.00, real=0.00 secs] 
2014-07-09T01:07:12.716+0000: 1256.178: [GC [PSYoungGen: 856160K->320K(823360K)] 971905K->116113K(1510336K), 0.0080810 secs] [Times: user=0.03 sys=0.00, real=0.01 secs] 
2014-07-09T01:07:14.501+0000: 1257.963: [GC [PSYoungGen: 823360K->612K(792384K)] 939153K->116501K(1479360K), 0.0099720 secs] [Times: user=0.03 sys=0.00, real=0.01 secs] 
2014-07-09T01:07:16.198+0000: 1259.661: [GC [PSYoungGen: 792356K->598K(762560K)] 908245K->116551K(1449536K), 0.0146280 secs] [Times: user=0.04 sys=0.00, real=0.02 secs] 
2014-07-09T01:07:17.836+0000: 1261.298: [GC [PSYoungGen: 762453K->128K(733632K)] 878407K->116229K(1420608K), 0.0042120 secs] [Times: user=0.01 sys=0.00, real=0.00 secs] 
2014-07-09T01:07:19.413+0000: 1262.875: [GC [PSYoungGen: 733632K->370K(706752K)] 849733K->116511K(1393728K), 0.0123520 secs] [Times: user=0.04 sys=0.00, real=0.02 secs] 
2014-07-09T01:07:20.930+0000: 1264.392: [GC [PSYoungGen: 706709K->288K(680832K)] 822851K->116493K(1367808K), 0.0073850 secs] [Times: user=0.03 sys=0.00, real=0.01 secs] 
2014-07-09T01:07:22.396+0000: 1265.858: [GC [PSYoungGen: 680800K->256K(656128K)] 797005K->116485K(1343104K), 0.0049130 secs] [Times: user=0.02 sys=0.00, real=0.00 secs] 
2014-07-09T01:07:23.812+0000: 1267.275: [GC [PSYoungGen: 656128K->192K(632576K)] 772357K->116509K(1319552K), 0.0060460 secs] [Times: user=0.01 sys=0.00, real=0.01 secs] 
2014-07-09T01:07:25.180+0000: 1268.642: [GC [PSYoungGen: 632576K->192K(610176K)] 748893K->116541K(1297152K), 0.0046640 secs] [Times: user=0.01 sys=0.00, real=0.01 secs] 
2014-07-09T01:07:26.493+0000: 1269.955: [GC [PSYoungGen: 610110K->424K(588992K)] 726459K->116853K(1275968K), 0.0039350 secs] [Times: user=0.01 sys=0.00, real=0.01 secs] 
2014-07-09T01:07:27.764+0000: 1271.226: [GC [PSYoungGen: 588906K->338K(568512K)] 705336K->116815K(1255488K), 0.0049850 secs] [Times: user=0.01 sys=0.01, real=0.00 secs] 
2014-07-09T01:07:28.993+0000: 1272.455: [GC [PSYoungGen: 568466K->384K(548992K)] 684943K->116901K(1235968K), 0.0102110 secs] [Times: user=0.03 sys=0.00, real=0.01 secs] 
2014-07-09T01:07:30.177+0000: 1273.640: [GC [PSYoungGen: 548992K->338K(530368K)] 665509K->116895K(1217344K), 0.0078570 secs] [Times: user=0.02 sys=0.00, real=0.01 secs] 
2014-07-09T01:07:31.319+0000: 1274.781: [GC [PSYoungGen: 530322K->306K(512512K)] 646879K->116911K(1199488K), 0.0066740 secs] [Times: user=0.02 sys=0.00, real=0.01 secs] 
2014-07-09T01:07:32.420+0000: 1275.882: [GC [PSYoungGen: 512453K->288K(495488K)] 629059K->116909K(1182464K), 0.0043430 secs] [Times: user=0.01 sys=0.00, real=0.00 secs] 
2014-07-09T01:07:33.488+0000: 1276.951: [GC [PSYoungGen: 495412K->256K(479168K)] 612034K->116949K(1166144K), 0.0235130 secs] [Times: user=0.08 sys=0.00, real=0.02 secs] 
2014-07-09T01:07:34.524+0000: 1277.986: [GC [PSYoungGen: 479168K->210K(574976K)] 595861K->116943K(1261952K), 0.0130630 secs] [Times: user=0.04 sys=0.00, real=0.02 secs] 
2014-07-09T01:07:35.776+0000: 1279.238: [GC [PSYoungGen: 574929K->456K(555456K)] 691663K->117229K(1242432K), 0.0092540 secs] [Times: user=0.03 sys=0.00, real=0.01 secs] 
2014-07-09T01:07:36.960+0000: 1280.422: [GC [PSYoungGen: 555400K->320K(536320K)] 672173K->117141K(1223296K), 0.0036310 secs] [Times: user=0.01 sys=0.00, real=0.00 secs] 
2014-07-09T01:07:38.121+0000: 1281.583: [GC [PSYoungGen: 536320K->338K(518336K)] 653141K->117191K(1205312K), 0.0034370 secs] [Times: user=0.01 sys=0.00, real=0.00 secs] 
2014-07-09T01:07:39.236+0000: 1282.698: [GC [PSYoungGen: 518290K->192K(500864K)] 635143K->117077K(1187840K), 0.0122520 secs] [Times: user=0.03 sys=0.00, real=0.02 secs] 
2014-07-09T01:07:40.312+0000: 1283.774: [GC [PSYoungGen: 500864K->192K(484352K)] 617749K->117101K(1171328K), 0.0173460 secs] [Times: user=0.06 sys=0.00, real=0.02 secs] 
2014-07-09T01:07:41.362+0000: 1284.824: [GC [PSYoungGen: 484352K->242K(468672K)] 601261K->117175K(1155648K), 0.0032200 secs] [Times: user=0.01 sys=0.00, real=0.00 secs] 
2014-07-09T01:07:42.374+0000: 1285.836: [GC [PSYoungGen: 468562K->160K(453504K)] 585496K->117109K(1140480K), 0.0081570 secs] [Times: user=0.01 sys=0.00, real=0.01 secs] 
2014-07-09T01:07:43.351+0000: 1286.813: [GC [PSYoungGen: 453472K->192K(439104K)] 570421K->117197K(1126080K), 0.0032920 secs] [Times: user=0.01 sys=0.00, real=0.00 secs] 
2014-07-09T01:07:44.298+0000: 1287.760: [GC [PSYoungGen: 439104K->384K(425472K)] 556109K->117437K(1112448K), 0.0105900 secs] [Times: user=0.03 sys=0.00, real=0.01 secs] 
2014-07-09T01:07:45.219+0000: 1288.681: [GC [PSYoungGen: 425466K->488K(412416K)] 542519K->117557K(1099392K), 0.0046150 secs] [Times: user=0.01 sys=0.00, real=0.00 secs] 
2014-07-09T01:07:46.104+0000: 1289.566: [GC [PSYoungGen: 412320K->320K(399616K)] 529390K->117477K(1086592K), 0.0066270 secs] [Times: user=0.02 sys=0.00, real=0.01 secs] 
2014-07-09T01:07:46.967+0000: 1290.429: [GC [PSYoungGen: 399616K->224K(387456K)] 516773K->117405K(1074432K), 0.0048910 secs] [Times: user=0.01 sys=0.00, real=0.00 secs] 
2014-07-09T01:07:47.798+0000: 1291.260: [GC [PSYoungGen: 387424K->288K(375936K)] 504605K->117509K(1062912K), 0.0144230 secs] [Times: user=0.05 sys=0.00, real=0.01 secs] 
2014-07-09T01:07:48.603+0000: 1292.066: [GC [PSYoungGen: 375904K->128K(364608K)] 493125K->117365K(1051584K), 0.0041430 secs] [Times: user=0.01 sys=0.00, real=0.00 secs] 
2014-07-09T01:07:49.397+0000: 1292.859: [GC [PSYoungGen: 364608K->192K(354048K)] 481845K->117461K(1041024K), 0.0089770 secs] [Times: user=0.03 sys=0.00, real=0.01 secs] 
2014-07-09T01:07:50.156+0000: 1293.619: [GC [PSYoungGen: 354048K->424K(344128K)] 471317K->117741K(1031104K), 0.0072510 secs] [Times: user=0.02 sys=0.00, real=0.01 secs] 
2014-07-09T01:07:50.909+0000: 1294.372: [GC [PSYoungGen: 344102K->256K(334144K)] 461420K->117605K(1021120K), 0.0078470 secs] [Times: user=0.02 sys=0.00, real=0.00 secs] 
2014-07-09T01:07:51.636+0000: 1295.099: [GC [PSYoungGen: 334142K->448K(324928K)] 451492K->117837K(1011904K), 0.0078670 secs] [Times: user=0.02 sys=0.00, real=0.01 secs] 
2014-07-09T01:07:52.336+0000: 1295.799: [GC [PSYoungGen: 324928K->498K(389888K)] 442317K->117927K(1076864K), 0.0128060 secs] [Times: user=0.04 sys=0.00, real=0.02 secs] 
2014-07-09T01:07:53.184+0000: 1296.647: [GC [PSYoungGen: 389874K->192K(467456K)] 507303K->117693K(1154432K), 0.0061970 secs] [Times: user=0.01 sys=0.00, real=0.01 secs] 
2014-07-09T01:07:54.190+0000: 1297.652: [GC [PSYoungGen: 467456K->274K(452544K)] 584957K->117823K(1139520K), 0.0047760 secs] [Times: user=0.01 sys=0.00, real=0.00 secs] 
2014-07-09T01:07:55.173+0000: 1298.636: [GC [PSYoungGen: 452497K->512K(438336K)] 570047K->118109K(1125312K), 0.0048330 secs] [Times: user=0.02 sys=0.00, real=0.01 secs] 
2014-07-09T01:07:56.114+0000: 1299.576: [GC [PSYoungGen: 438334K->448K(424512K)] 555932K->118093K(1111488K), 0.0040000 secs] [Times: user=0.01 sys=0.00, real=0.00 secs] 
2014-07-09T01:07:57.032+0000: 1300.494: [GC [PSYoungGen: 424512K->160K(411072K)] 542157K->117821K(1098048K), 0.0037680 secs] [Times: user=0.01 sys=0.00, real=0.00 secs] 
2014-07-09T01:07:57.916+0000: 1301.378: [GC [PSYoungGen: 411040K->606K(398912K)] 528701K->118307K(1085888K), 0.0109330 secs] [Times: user=0.04 sys=0.00, real=0.01 secs] 
2014-07-09T01:07:58.778+0000: 1302.241: [GC [PSYoungGen: 398878K->288K(386560K)] 516579K->118029K(1073536K), 0.0143990 secs] [Times: user=0.05 sys=0.00, real=0.02 secs] 
2014-07-09T01:07:59.612+0000: 1303.074: [GC [PSYoungGen: 386528K->320K(375040K)] 504269K->118101K(1062016K), 0.0074820 secs] [Times: user=0.01 sys=0.00, real=0.01 secs] 
2014-07-09T01:08:00.416+0000: 1303.878: [GC [PSYoungGen: 375040K->178K(363840K)] 492821K->117975K(1050816K), 0.0072180 secs] [Times: user=0.01 sys=0.00, real=0.01 secs] 
2014-07-09T01:08:01.204+0000: 1304.666: [GC [PSYoungGen: 363826K->448K(353472K)] 481623K->118277K(1040448K), 0.0061310 secs] [Times: user=0.01 sys=0.00, real=0.01 secs] 
2014-07-09T01:08:01.970+0000: 1305.432: [GC [PSYoungGen: 353472K->466K(343360K)] 471301K->118327K(1030336K), 0.0068160 secs] [Times: user=0.01 sys=0.00, real=0.01 secs] 
2014-07-09T01:08:02.708+0000: 1306.170: [GC [PSYoungGen: 343314K->192K(333312K)] 461175K->118093K(1020288K), 0.0040770 secs] [Times: user=0.01 sys=0.00, real=0.01 secs] 
2014-07-09T01:08:03.430+0000: 1306.892: [GC [PSYoungGen: 333312K->342K(324160K)] 451213K->118283K(1011136K), 0.0062120 secs] [Times: user=0.02 sys=0.00, real=0.01 secs] 
2014-07-09T01:08:04.133+0000: 1307.595: [GC [PSYoungGen: 324116K->224K(315072K)] 442058K->118189K(1002048K), 0.0043860 secs] [Times: user=0.01 sys=0.01, real=0.00 secs] 
2014-07-09T01:08:04.811+0000: 1308.273: [GC [PSYoungGen: 314997K->516K(378368K)] 432963K->118513K(1065344K), 0.0269480 secs] [Times: user=0.09 sys=0.00, real=0.02 secs] 
2014-07-09T01:08:05.630+0000: 1309.093: [GC [PSYoungGen: 378308K->288K(453696K)] 496305K->118341K(1140672K), 0.0072830 secs] [Times: user=0.03 sys=0.00, real=0.00 secs] 
2014-07-09T01:08:06.615+0000: 1310.077: [GC [PSYoungGen: 453664K->224K(544320K)] 571717K->118309K(1231296K), 0.0119330 secs] [Times: user=0.04 sys=0.00, real=0.01 secs] 
2014-07-09T01:08:07.793+0000: 1311.255: [GC [PSYoungGen: 544288K->256K(653184K)] 662373K->118381K(1340160K), 0.0089700 secs] [Times: user=0.03 sys=0.00, real=0.01 secs] 
2014-07-09T01:08:09.207+0000: 1312.669: [GC [PSYoungGen: 653184K->352K(783936K)] 771309K->118525K(1470912K), 0.0098070 secs] [Times: user=0.03 sys=0.00, real=0.01 secs] 
2014-07-09T01:08:10.897+0000: 1314.359: [GC [PSYoungGen: 783819K->542K(754688K)] 901993K->118747K(1441664K), 0.0099900 secs] [Times: user=0.04 sys=0.00, real=0.01 secs] 
2014-07-09T01:08:12.525+0000: 1315.988: [GC [PSYoungGen: 754613K->292K(726336K)] 872818K->118537K(1413312K), 0.0096850 secs] [Times: user=0.03 sys=0.00, real=0.01 secs] 
2014-07-09T01:08:14.089+0000: 1317.551: [GC [PSYoungGen: 726308K->192K(699456K)] 844553K->118501K(1386432K), 0.0130070 secs] [Times: user=0.04 sys=0.00, real=0.02 secs] 
2014-07-09T01:08:15.597+0000: 1319.060: [GC [PSYoungGen: 699456K->192K(673920K)] 817765K->118557K(1360896K), 0.0034560 secs] [Times: user=0.01 sys=0.00, real=0.00 secs] 
2014-07-09T01:08:17.055+0000: 1320.517: [GC [PSYoungGen: 673920K->256K(649664K)] 792285K->118685K(1336640K), 0.0147830 secs] [Times: user=0.05 sys=0.00, real=0.01 secs] 
2014-07-09T01:08:18.452+0000: 1321.914: [GC [PSYoungGen: 649663K->306K(779648K)] 768093K->118767K(1466624K), 0.0276850 secs] [Times: user=0.10 sys=0.00, real=0.03 secs] 
2014-07-09T01:08:20.136+0000: 1323.598: [GC [PSYoungGen: 779540K->438K(750528K)] 898001K->118939K(1437504K), 0.0078570 secs] [Times: user=0.02 sys=0.00, real=0.01 secs] 
2014-07-09T01:08:21.745+0000: 1325.208: [GC [PSYoungGen: 750518K->288K(722496K)] 869019K->118829K(1409472K), 0.0053390 secs] [Times: user=0.01 sys=0.00, real=0.00 secs] 
2014-07-09T01:08:23.305+0000: 1326.767: [GC [PSYoungGen: 722417K->570K(696192K)] 840959K->119159K(1383168K), 0.0135910 secs] [Times: user=0.05 sys=0.00, real=0.01 secs] 
2014-07-09T01:08:24.808+0000: 1328.270: [GC [PSYoungGen: 696186K->160K(670464K)] 814775K->118837K(1357440K), 0.0107370 secs] [Times: user=0.03 sys=0.00, real=0.01 secs] 
2014-07-09T01:08:26.257+0000: 1329.719: [GC [PSYoungGen: 670430K->256K(646336K)] 789108K->118989K(1333312K), 0.0088350 secs] [Times: user=0.03 sys=0.00, real=0.01 secs] 
2014-07-09T01:08:27.649+0000: 1331.111: [GC [PSYoungGen: 646336K->160K(623232K)] 765069K->118941K(1310208K), 0.0182150 secs] [Times: user=0.06 sys=0.00, real=0.02 secs] 
2014-07-09T01:08:28.988+0000: 1332.450: [GC [PSYoungGen: 623200K->320K(601344K)] 741981K->119149K(1288320K), 0.0058070 secs] [Times: user=0.01 sys=0.00, real=0.00 secs] 
2014-07-09T01:08:30.292+0000: 1333.754: [GC [PSYoungGen: 601342K->498K(580544K)] 720171K->119359K(1267520K), 0.0158750 secs] [Times: user=0.04 sys=0.00, real=0.02 secs] 
2014-07-09T01:08:31.542+0000: 1335.004: [GC [PSYoungGen: 580530K->498K(696576K)] 699391K->119471K(1383552K), 0.0211170 secs] [Times: user=0.07 sys=0.00, real=0.02 secs] 
2014-07-09T01:08:33.043+0000: 1336.506: [GC [PSYoungGen: 696555K->256K(835584K)] 815529K->119261K(1522560K), 0.0147370 secs] [Times: user=0.05 sys=0.00, real=0.02 secs] 
2014-07-09T01:08:34.840+0000: 1338.302: [GC [PSYoungGen: 835584K->342K(803840K)] 954589K->119419K(1490816K), 0.0075110 secs] [Times: user=0.01 sys=0.00, real=0.01 secs] 
2014-07-09T01:08:36.572+0000: 1340.034: [GC [PSYoungGen: 803798K->128K(773184K)] 922875K->119253K(1460160K), 0.0103150 secs] [Times: user=0.03 sys=0.00, real=0.01 secs] 
2014-07-09T01:08:38.245+0000: 1341.707: [GC [PSYoungGen: 773161K->288K(744448K)] 892286K->119469K(1431424K), 0.0126790 secs] [Times: user=0.04 sys=0.00, real=0.01 secs] 
2014-07-09T01:08:39.848+0000: 1343.310: [GC [PSYoungGen: 744416K->256K(716800K)] 863597K->119485K(1403776K), 0.0063430 secs] [Times: user=0.02 sys=0.00, real=0.00 secs] 
2014-07-09T01:08:41.392+0000: 1344.854: [GC [PSYoungGen: 716759K->260K(690560K)] 835989K->119521K(1377536K), 0.0047410 secs] [Times: user=0.01 sys=0.00, real=0.01 secs] 
2014-07-09T01:08:42.880+0000: 1346.342: [GC [PSYoungGen: 690500K->562K(665728K)] 809761K->119863K(1352704K), 0.0071620 secs] [Times: user=0.01 sys=0.00, real=0.01 secs] 
2014-07-09T01:08:44.320+0000: 1347.782: [GC [PSYoungGen: 665679K->256K(641472K)] 784981K->119621K(1328448K), 0.0045570 secs] [Times: user=0.01 sys=0.00, real=0.00 secs] 
2014-07-09T01:08:45.704+0000: 1349.167: [GC [PSYoungGen: 641472K->192K(618560K)] 760837K->119589K(1305536K), 0.0090180 secs] [Times: user=0.03 sys=0.00, real=0.01 secs] 
2014-07-09T01:08:47.045+0000: 1350.508: [GC [PSYoungGen: 618460K->320K(596928K)] 737858K->119781K(1283904K), 0.0110320 secs] [Times: user=0.04 sys=0.00, real=0.02 secs] 
2014-07-09T01:08:48.346+0000: 1351.808: [GC [PSYoungGen: 596928K->388K(576256K)] 716389K->119881K(1263232K), 0.0068140 secs] [Times: user=0.00 sys=0.00, real=0.01 secs] 
2014-07-09T01:08:49.581+0000: 1353.043: [GC [PSYoungGen: 576196K->260K(556288K)] 695689K->119777K(1243264K), 0.0039650 secs] [Times: user=0.01 sys=0.00, real=0.00 secs] 
2014-07-09T01:08:50.777+0000: 1354.239: [GC [PSYoungGen: 556228K->64K(537088K)] 675745K->119597K(1224064K), 0.0048390 secs] [Times: user=0.01 sys=0.00, real=0.01 secs] 
2014-07-09T01:08:51.933+0000: 1355.395: [GC [PSYoungGen: 537017K->452K(519424K)] 656551K->120033K(1206400K), 0.0055470 secs] [Times: user=0.02 sys=0.00, real=0.01 secs] 
2014-07-09T01:08:53.054+0000: 1356.516: [GC [PSYoungGen: 519364K->192K(501824K)] 638945K->119805K(1188800K), 0.0046800 secs] [Times: user=0.01 sys=0.00, real=0.01 secs] 
2014-07-09T01:08:54.136+0000: 1357.598: [GC [PSYoungGen: 501774K->534K(485696K)] 621388K->120227K(1172672K), 0.0033570 secs] [Times: user=0.01 sys=0.00, real=0.01 secs] 
2014-07-09T01:08:55.184+0000: 1358.647: [GC [PSYoungGen: 485654K->288K(469632K)] 605347K->120013K(1156608K), 0.0040570 secs] [Times: user=0.01 sys=0.00, real=0.01 secs] 
2014-07-09T01:08:56.203+0000: 1359.665: [GC [PSYoungGen: 469600K->288K(454528K)] 589325K->120053K(1141504K), 0.0058370 secs] [Times: user=0.02 sys=0.00, real=0.01 secs] 
2014-07-09T01:08:57.182+0000: 1360.644: [GC [PSYoungGen: 454496K->224K(440000K)] 574261K->120029K(1126976K), 0.0035970 secs] [Times: user=0.00 sys=0.01, real=0.00 secs] 
2014-07-09T01:08:58.141+0000: 1361.603: [GC [PSYoungGen: 439968K->384K(426304K)] 559773K->120229K(1113280K), 0.0041980 secs] [Times: user=0.01 sys=0.00, real=0.00 secs] 
2014-07-09T01:08:59.060+0000: 1362.522: [GC [PSYoungGen: 426304K->384K(413056K)] 546149K->120253K(1100032K), 0.0099720 secs] [Times: user=0.04 sys=0.00, real=0.01 secs] 
2014-07-09T01:08:59.955+0000: 1363.417: [GC [PSYoungGen: 413015K->370K(400384K)] 532885K->120279K(1087360K), 0.0070490 secs] [Times: user=0.02 sys=0.00, real=0.01 secs] 
2014-07-09T01:09:00.809+0000: 1364.271: [GC [PSYoungGen: 400370K->128K(387968K)] 520279K->120053K(1074944K), 0.0035500 secs] [Times: user=0.00 sys=0.00, real=0.00 secs] 
2014-07-09T01:09:01.639+0000: 1365.102: [GC [PSYoungGen: 387968K->210K(465664K)] 507893K->120159K(1152640K), 0.0328060 secs] [Times: user=0.11 sys=0.00, real=0.03 secs] 
2014-07-09T01:09:02.645+0000: 1366.107: [GC [PSYoungGen: 465618K->352K(558912K)] 585567K->120325K(1245888K), 0.0055640 secs] [Times: user=0.01 sys=0.00, real=0.01 secs] 
2014-07-09T01:09:03.846+0000: 1367.309: [GC [PSYoungGen: 558880K->160K(670464K)] 678853K->120189K(1357440K), 0.0133530 secs] [Times: user=0.04 sys=0.00, real=0.02 secs] 
2014-07-09T01:09:05.297+0000: 1368.759: [GC [PSYoungGen: 670432K->160K(646272K)] 790461K->120221K(1333248K), 0.0047060 secs] [Times: user=0.01 sys=0.00, real=0.01 secs] 
2014-07-09T01:09:06.694+0000: 1370.157: [GC [PSYoungGen: 646224K->352K(623424K)] 766286K->120485K(1310400K), 0.0074630 secs] [Times: user=0.03 sys=0.00, real=0.01 secs] 
2014-07-09T01:09:08.026+0000: 1371.489: [GC [PSYoungGen: 623391K->342K(601408K)] 743524K->120515K(1288384K), 0.0163380 secs] [Times: user=0.05 sys=0.00, real=0.02 secs] 
2014-07-09T01:09:09.329+0000: 1372.791: [GC [PSYoungGen: 601359K->128K(580160K)] 721532K->120325K(1267136K), 0.0038680 secs] [Times: user=0.01 sys=0.00, real=0.01 secs] 
2014-07-09T01:09:10.584+0000: 1374.046: [GC [PSYoungGen: 580160K->224K(560256K)] 700357K->120453K(1247232K), 0.0062640 secs] [Times: user=0.01 sys=0.00, real=0.01 secs] 
2014-07-09T01:09:11.800+0000: 1375.262: [GC [PSYoungGen: 560224K->352K(672384K)] 680453K->120613K(1359360K), 0.0317230 secs] [Times: user=0.11 sys=0.00, real=0.04 secs] 
2014-07-09T01:09:13.252+0000: 1376.715: [GC [PSYoungGen: 672337K->320K(806720K)] 792598K->120645K(1493696K), 0.0086450 secs] [Times: user=0.02 sys=0.00, real=0.01 secs] 
2014-07-09T01:09:15.000+0000: 1378.462: [GC [PSYoungGen: 806720K->384K(776256K)] 927045K->120797K(1463232K), 0.0046330 secs] [Times: user=0.01 sys=0.00, real=0.01 secs] 
2014-07-09T01:09:16.686+0000: 1380.148: [GC [PSYoungGen: 776256K->128K(746880K)] 896669K->120589K(1433856K), 0.0042450 secs] [Times: user=0.01 sys=0.00, real=0.00 secs] 
2014-07-09T01:09:18.299+0000: 1381.761: [GC [PSYoungGen: 746880K->416K(719488K)] 867341K->120949K(1406464K), 0.0087990 secs] [Times: user=0.03 sys=0.00, real=0.01 secs] 
2014-07-09T01:09:19.845+0000: 1383.307: [GC [PSYoungGen: 719456K->96K(692736K)] 839989K->120653K(1379712K), 0.0067600 secs] [Times: user=0.01 sys=0.00, real=0.01 secs] 
2014-07-09T01:09:21.342+0000: 1384.804: [GC [PSYoungGen: 692704K->452K(667904K)] 813261K->121057K(1354880K), 0.0152830 secs] [Times: user=0.05 sys=0.00, real=0.02 secs] 
2014-07-09T01:09:22.785+0000: 1386.248: [GC [PSYoungGen: 667796K->406K(643776K)] 788402K->121043K(1330752K), 0.0131620 secs] [Times: user=0.05 sys=0.00, real=0.01 secs] 
2014-07-09T01:09:24.173+0000: 1387.635: [GC [PSYoungGen: 643734K->306K(620736K)] 764371K->121007K(1307712K), 0.0053310 secs] [Times: user=0.01 sys=0.00, real=0.00 secs] 
2014-07-09T01:09:25.503+0000: 1388.965: [GC [PSYoungGen: 620722K->356K(598912K)] 741423K->121089K(1285888K), 0.0055270 secs] [Times: user=0.02 sys=0.00, real=0.00 secs] 
2014-07-09T01:09:26.803+0000: 1390.265: [GC [PSYoungGen: 598878K->370K(578048K)] 719612K->121159K(1265024K), 0.0063590 secs] [Times: user=0.02 sys=0.00, real=0.00 secs] 
2014-07-09T01:09:28.048+0000: 1391.510: [GC [PSYoungGen: 578034K->224K(557952K)] 698823K->121053K(1244928K), 0.0058300 secs] [Times: user=0.01 sys=0.00, real=0.01 secs] 
2014-07-09T01:09:29.254+0000: 1392.716: [GC [PSYoungGen: 557915K->562K(539264K)] 678745K->121431K(1226240K), 0.0074240 secs] [Times: user=0.01 sys=0.00, real=0.00 secs] 
2014-07-09T01:09:30.420+0000: 1393.882: [GC [PSYoungGen: 539250K->128K(520640K)] 660119K->121029K(1207616K), 0.0042440 secs] [Times: user=0.01 sys=0.01, real=0.01 secs] 
2014-07-09T01:09:31.546+0000: 1395.008: [GC [PSYoungGen: 520573K->324K(503552K)] 641475K->121257K(1190528K), 0.0030690 secs] [Times: user=0.01 sys=0.00, real=0.00 secs] 
2014-07-09T01:09:32.638+0000: 1396.100: [GC [PSYoungGen: 503492K->224K(486848K)] 624425K->121189K(1173824K), 0.0171970 secs] [Times: user=0.07 sys=0.00, real=0.02 secs] 
2014-07-09T01:09:33.690+0000: 1397.152: [GC [PSYoungGen: 486816K->370K(471104K)] 607781K->121415K(1158080K), 0.0072610 secs] [Times: user=0.02 sys=0.00, real=0.01 secs] 
2014-07-09T01:09:34.711+0000: 1398.173: [GC [PSYoungGen: 471090K->224K(455808K)] 592135K->121301K(1142784K), 0.0112400 secs] [Times: user=0.04 sys=0.00, real=0.01 secs] 
2014-07-09T01:09:35.697+0000: 1399.160: [GC [PSYoungGen: 455776K->192K(441216K)] 576853K->121325K(1128192K), 0.0053730 secs] [Times: user=0.02 sys=0.00, real=0.00 secs] 
2014-07-09T01:09:36.666+0000: 1400.128: [GC [PSYoungGen: 441216K->388K(427584K)] 562349K->121569K(1114560K), 0.0048170 secs] [Times: user=0.02 sys=0.00, real=0.00 secs] 
2014-07-09T01:09:37.576+0000: 1401.039: [GC [PSYoungGen: 427431K->242K(414080K)] 548613K->121479K(1101056K), 0.0138450 secs] [Times: user=0.05 sys=0.00, real=0.01 secs] 
2014-07-09T01:09:38.473+0000: 1401.935: [GC [PSYoungGen: 414066K->128K(401216K)] 535303K->121381K(1088192K), 0.0043870 secs] [Times: user=0.01 sys=0.00, real=0.01 secs] 
2014-07-09T01:09:39.341+0000: 1402.803: [GC [PSYoungGen: 401119K->548K(481920K)] 522373K->121849K(1168896K), 0.0161620 secs] [Times: user=0.05 sys=0.00, real=0.02 secs] 
2014-07-09T01:09:40.388+0000: 1403.850: [GC [PSYoungGen: 481892K->256K(465984K)] 603193K->121573K(1152960K), 0.0043190 secs] [Times: user=0.01 sys=0.01, real=0.00 secs] 
2014-07-09T01:09:41.391+0000: 1404.853: [GC [PSYoungGen: 465984K->498K(451264K)] 587301K->121855K(1138240K), 0.0068140 secs] [Times: user=0.02 sys=0.00, real=0.01 secs] 
2014-07-09T01:09:42.368+0000: 1405.830: [GC [PSYoungGen: 451248K->352K(436800K)] 572606K->121749K(1123776K), 0.0102220 secs] [Times: user=0.04 sys=0.00, real=0.01 secs] 
2014-07-09T01:09:43.317+0000: 1406.779: [GC [PSYoungGen: 436768K->466K(423232K)] 558165K->121927K(1110208K), 0.0089190 secs] [Times: user=0.01 sys=0.00, real=0.01 secs] 
2014-07-09T01:09:44.228+0000: 1407.690: [GC [PSYoungGen: 423186K->370K(409984K)] 544647K->121871K(1096960K), 0.0088560 secs] [Times: user=0.03 sys=0.00, real=0.01 secs] 
2014-07-09T01:09:45.111+0000: 1408.573: [GC [PSYoungGen: 409970K->224K(397312K)] 531471K->121765K(1084288K), 0.0083880 secs] [Times: user=0.02 sys=0.00, real=0.01 secs] 
2014-07-09T01:09:45.966+0000: 1409.428: [GC [PSYoungGen: 397228K->192K(385216K)] 518770K->121773K(1072192K), 0.0050880 secs] [Times: user=0.02 sys=0.01, real=0.00 secs] 
2014-07-09T01:09:46.796+0000: 1410.258: [GC [PSYoungGen: 385216K->128K(373632K)] 506797K->121741K(1060608K), 0.0072140 secs] [Times: user=0.02 sys=0.00, real=0.00 secs] 
2014-07-09T01:09:47.600+0000: 1411.062: [GC [PSYoungGen: 373560K->406K(448704K)] 495174K->122067K(1135680K), 0.0176220 secs] [Times: user=0.06 sys=0.00, real=0.02 secs] 
2014-07-09T01:09:48.574+0000: 1412.036: [GC [PSYoungGen: 448662K->160K(434240K)] 570323K->121853K(1121216K), 0.0031510 secs] [Times: user=0.01 sys=0.00, real=0.01 secs] 
2014-07-09T01:09:49.513+0000: 1412.975: [GC [PSYoungGen: 434208K->128K(420608K)] 555901K->121837K(1107584K), 0.0036410 secs] [Times: user=0.00 sys=0.00, real=0.01 secs] 
2014-07-09T01:09:50.417+0000: 1413.879: [GC [PSYoungGen: 420584K->310K(407808K)] 542294K->122027K(1094784K), 0.0057840 secs] [Times: user=0.01 sys=0.00, real=0.00 secs] 
2014-07-09T01:09:51.301+0000: 1414.764: [GC [PSYoungGen: 407798K->612K(489664K)] 529515K->122369K(1176640K), 0.0236850 secs] [Times: user=0.07 sys=0.00, real=0.02 secs] 
2014-07-09T01:09:52.350+0000: 1415.812: [GC [PSYoungGen: 489635K->384K(587264K)] 611392K->122189K(1274240K), 0.0175530 secs] [Times: user=0.06 sys=0.00, real=0.02 secs] 
2014-07-09T01:09:53.607+0000: 1417.069: [GC [PSYoungGen: 587264K->320K(704576K)] 709069K->122229K(1391552K), 0.0113970 secs] [Times: user=0.04 sys=0.00, real=0.01 secs] 
2014-07-09T01:09:55.127+0000: 1418.589: [GC [PSYoungGen: 704576K->288K(845440K)] 826485K->122261K(1532416K), 0.0154500 secs] [Times: user=0.05 sys=0.00, real=0.02 secs] 
2014-07-09T01:09:56.954+0000: 1420.416: [GC [PSYoungGen: 845364K->224K(1014400K)] 967338K->122261K(1701376K), 0.0139670 secs] [Times: user=0.04 sys=0.00, real=0.02 secs] 
2014-07-09T01:09:59.154+0000: 1422.616: [GC [PSYoungGen: 1014343K->452K(974272K)] 1136381K->122553K(1661248K), 0.0119840 secs] [Times: user=0.04 sys=0.00, real=0.01 secs] 
2014-07-09T01:10:01.257+0000: 1424.720: [GC [PSYoungGen: 974178K->324K(935680K)] 1096280K->122481K(1622656K), 0.0119550 secs] [Times: user=0.04 sys=0.00, real=0.02 secs] 
2014-07-09T01:10:03.272+0000: 1426.735: [GC [PSYoungGen: 935620K->420K(899136K)] 1057777K->122601K(1586112K), 0.0047670 secs] [Times: user=0.01 sys=0.00, real=0.00 secs] 
2014-07-09T01:10:05.210+0000: 1428.673: [GC [PSYoungGen: 899108K->352K(864192K)] 1021289K->122621K(1551168K), 0.0074520 secs] [Times: user=0.02 sys=0.00, real=0.00 secs] 
2014-07-09T01:10:07.080+0000: 1430.542: [GC [PSYoungGen: 864160K->288K(830912K)] 986429K->122613K(1517888K), 0.0089070 secs] [Times: user=0.03 sys=0.01, real=0.01 secs] 
2014-07-09T01:10:08.873+0000: 1432.335: [GC [PSYoungGen: 830880K->288K(799232K)] 953205K->122669K(1486208K), 0.0032060 secs] [Times: user=0.01 sys=0.00, real=0.00 secs] 
2014-07-09T01:10:10.600+0000: 1434.062: [GC [PSYoungGen: 799200K->392K(769216K)] 921581K->122805K(1456192K), 0.0035410 secs] [Times: user=0.01 sys=0.01, real=0.00 secs] 
2014-07-09T01:10:12.265+0000: 1435.727: [GC [PSYoungGen: 769160K->274K(740352K)] 891573K->122727K(1427328K), 0.0134930 secs] [Times: user=0.05 sys=0.00, real=0.01 secs] 
2014-07-09T01:10:13.855+0000: 1437.317: [GC [PSYoungGen: 740298K->192K(712832K)] 862752K->122717K(1399808K), 0.0134780 secs] [Times: user=0.04 sys=0.00, real=0.01 secs] 
2014-07-09T01:10:15.403+0000: 1438.866: [GC [PSYoungGen: 712832K->128K(686656K)] 835357K->122701K(1373632K), 0.0045210 secs] [Times: user=0.01 sys=0.00, real=0.00 secs] 
2014-07-09T01:10:16.889+0000: 1440.351: [GC [PSYoungGen: 686656K->562K(662208K)] 809229K->123207K(1349184K), 0.0089960 secs] [Times: user=0.02 sys=0.01, real=0.01 secs] 
2014-07-09T01:10:18.329+0000: 1441.791: [GC [PSYoungGen: 662194K->288K(638208K)] 784839K->123005K(1325184K), 0.0071400 secs] [Times: user=0.02 sys=0.00, real=0.01 secs] 
2014-07-09T01:10:19.689+0000: 1443.151: [GC [PSYoungGen: 638176K->374K(615616K)] 760893K->123131K(1302592K), 0.0048020 secs] [Times: user=0.01 sys=0.00, real=0.01 secs] 
2014-07-09T01:10:21.024+0000: 1444.486: [GC [PSYoungGen: 615606K->242K(593856K)] 738363K->123023K(1280832K), 0.0040930 secs] [Times: user=0.01 sys=0.00, real=0.00 secs] 
2014-07-09T01:10:22.308+0000: 1445.770: [GC [PSYoungGen: 593842K->562K(573504K)] 716623K->123375K(1260480K), 0.0067660 secs] [Times: user=0.02 sys=0.00, real=0.01 secs] 
2014-07-09T01:10:23.540+0000: 1447.003: [GC [PSYoungGen: 573403K->160K(553408K)] 696216K->123037K(1240384K), 0.0057160 secs] [Times: user=0.02 sys=0.01, real=0.01 secs] 
2014-07-09T01:10:24.731+0000: 1448.193: [GC [PSYoungGen: 553376K->246K(534656K)] 676253K->123171K(1221632K), 0.0067130 secs] [Times: user=0.00 sys=0.01, real=0.00 secs] 
2014-07-09T01:10:25.888+0000: 1449.350: [GC [PSYoungGen: 534646K->96K(516544K)] 657571K->123045K(1203520K), 0.0085680 secs] [Times: user=0.01 sys=0.01, real=0.01 secs] 
2014-07-09T01:10:27.004+0000: 1450.466: [GC [PSYoungGen: 516512K->192K(499392K)] 639461K->123165K(1186368K), 0.0162430 secs] [Times: user=0.06 sys=0.00, real=0.01 secs] 
2014-07-09T01:10:28.082+0000: 1451.545: [GC [PSYoungGen: 499392K->320K(483072K)] 622365K->123325K(1170048K), 0.0091160 secs] [Times: user=0.04 sys=0.00, real=0.00 secs] 
2014-07-09T01:10:29.131+0000: 1452.593: [GC [PSYoungGen: 483072K->306K(467392K)] 606077K->123351K(1154368K), 0.0094190 secs] [Times: user=0.03 sys=0.00, real=0.01 secs] 
2014-07-09T01:10:30.142+0000: 1453.604: [GC [PSYoungGen: 467378K->224K(452288K)] 590423K->123309K(1139264K), 0.0056540 secs] [Times: user=0.02 sys=0.00, real=0.00 secs] 
2014-07-09T01:10:31.125+0000: 1454.587: [GC [PSYoungGen: 452256K->224K(437952K)] 575341K->123325K(1124928K), 0.0160440 secs] [Times: user=0.05 sys=0.00, real=0.01 secs] 
2014-07-09T01:10:32.076+0000: 1455.538: [GC [PSYoungGen: 437920K->352K(424320K)] 561021K->123493K(1111296K), 0.0058630 secs] [Times: user=0.02 sys=0.00, real=0.01 secs] 
2014-07-09T01:10:32.986+0000: 1456.448: [GC [PSYoungGen: 424288K->292K(509056K)] 547429K->123489K(1196032K), 0.0220310 secs] [Times: user=0.08 sys=0.00, real=0.02 secs] 
2014-07-09T01:10:34.100+0000: 1457.563: [GC [PSYoungGen: 509028K->562K(611072K)] 632225K->123807K(1298048K), 0.0067830 secs] [Times: user=0.02 sys=0.00, real=0.01 secs] 
2014-07-09T01:10:35.417+0000: 1458.879: [GC [PSYoungGen: 611058K->160K(589248K)] 734303K->123437K(1276224K), 0.0033730 secs] [Times: user=0.00 sys=0.00, real=0.00 secs] 
2014-07-09T01:10:36.685+0000: 1460.148: [GC [PSYoungGen: 589216K->320K(568896K)] 712493K->123653K(1255872K), 0.0075650 secs] [Times: user=0.02 sys=0.00, real=0.00 secs] 
2014-07-09T01:10:37.914+0000: 1461.377: [GC [PSYoungGen: 568896K->256K(549312K)] 692229K->123629K(1236288K), 0.0050240 secs] [Times: user=0.02 sys=0.00, real=0.00 secs] 
2014-07-09T01:10:39.104+0000: 1462.567: [GC [PSYoungGen: 549312K->352K(530816K)] 672685K->123781K(1217792K), 0.0145210 secs] [Times: user=0.05 sys=0.00, real=0.01 secs] 
2014-07-09T01:10:40.253+0000: 1463.716: [GC [PSYoungGen: 530784K->128K(512768K)] 654213K->123573K(1199744K), 0.0039940 secs] [Times: user=0.01 sys=0.00, real=0.01 secs] 
2014-07-09T01:10:41.369+0000: 1464.831: [GC [PSYoungGen: 512768K->352K(496000K)] 636213K->123829K(1182976K), 0.0197570 secs] [Times: user=0.07 sys=0.00, real=0.02 secs] 
2014-07-09T01:10:42.439+0000: 1465.901: [GC [PSYoungGen: 495968K->320K(479680K)] 619445K->123829K(1166656K), 0.0047210 secs] [Times: user=0.01 sys=0.00, real=0.01 secs] 
2014-07-09T01:10:43.471+0000: 1466.934: [GC [PSYoungGen: 479680K->160K(575424K)] 603189K->123741K(1262400K), 0.0200730 secs] [Times: user=0.06 sys=0.00, real=0.02 secs] 
2014-07-09T01:10:44.721+0000: 1468.183: [GC [PSYoungGen: 575392K->128K(555520K)] 698973K->123741K(1242496K), 0.0038740 secs] [Times: user=0.01 sys=0.01, real=0.01 secs] 
2014-07-09T01:10:45.918+0000: 1469.381: [GC [PSYoungGen: 555520K->128K(536576K)] 679133K->123773K(1223552K), 0.0074010 secs] [Times: user=0.03 sys=0.00, real=0.01 secs] 
2014-07-09T01:10:47.071+0000: 1470.533: [GC [PSYoungGen: 536576K->320K(518656K)] 660221K->123989K(1205632K), 0.0069490 secs] [Times: user=0.01 sys=0.00, real=0.01 secs] 
2014-07-09T01:10:48.196+0000: 1471.658: [GC [PSYoungGen: 518643K->370K(501440K)] 642313K->124079K(1188416K), 0.0108310 secs] [Times: user=0.04 sys=0.00, real=0.01 secs] 
2014-07-09T01:10:49.271+0000: 1472.734: [GC [PSYoungGen: 501426K->192K(484736K)] 625135K->123933K(1171712K), 0.0065100 secs] [Times: user=0.01 sys=0.00, real=0.01 secs] 
2014-07-09T01:10:50.320+0000: 1473.782: [GC [PSYoungGen: 484685K->356K(469120K)] 608427K->124129K(1156096K), 0.0059970 secs] [Times: user=0.02 sys=0.00, real=0.01 secs] 
2014-07-09T01:10:51.330+0000: 1474.792: [GC [PSYoungGen: 469092K->192K(453824K)] 592865K->123981K(1140800K), 0.0059070 secs] [Times: user=0.01 sys=0.00, real=0.01 secs] 
2014-07-09T01:10:52.329+0000: 1475.791: [GC [PSYoungGen: 453824K->566K(544960K)] 577613K->124379K(1231936K), 0.0214330 secs] [Times: user=0.06 sys=0.00, real=0.02 secs] 
2014-07-09T01:10:53.490+0000: 1476.953: [GC [PSYoungGen: 544950K->160K(526144K)] 668763K->124037K(1213120K), 0.0107140 secs] [Times: user=0.03 sys=0.00, real=0.01 secs] 
2014-07-09T01:10:54.622+0000: 1478.084: [GC [PSYoungGen: 526112K->288K(631488K)] 649989K->124237K(1318464K), 0.0230720 secs] [Times: user=0.07 sys=0.00, real=0.02 secs] 
2014-07-09T01:10:55.989+0000: 1479.451: [GC [PSYoungGen: 631456K->288K(609088K)] 755405K->124285K(1296064K), 0.0029460 secs] [Times: user=0.01 sys=0.00, real=0.00 secs] 
2014-07-09T01:10:57.321+0000: 1480.783: [GC [PSYoungGen: 609056K->448K(587840K)] 733053K->124485K(1274816K), 0.0079950 secs] [Times: user=0.03 sys=0.00, real=0.01 secs] 
2014-07-09T01:10:58.574+0000: 1482.036: [GC [PSYoungGen: 587840K->256K(567296K)] 711877K->124333K(1254272K), 0.0042090 secs] [Times: user=0.01 sys=0.00, real=0.01 secs] 
2014-07-09T01:10:59.804+0000: 1483.267: [GC [PSYoungGen: 567241K->360K(547968K)] 691319K->124477K(1234944K), 0.0037490 secs] [Times: user=0.01 sys=0.00, real=0.01 secs] 
2014-07-09T01:11:00.986+0000: 1484.448: [GC [PSYoungGen: 547944K->324K(529408K)] 672061K->124481K(1216384K), 0.0093040 secs] [Times: user=0.03 sys=0.00, real=0.01 secs] 
2014-07-09T01:11:02.135+0000: 1485.597: [GC [PSYoungGen: 529291K->420K(511744K)] 653449K->124601K(1198720K), 0.0158500 secs] [Times: user=0.06 sys=0.00, real=0.02 secs] 
2014-07-09T01:11:03.246+0000: 1486.708: [GC [PSYoungGen: 511643K->356K(494720K)] 635825K->124689K(1181696K), 0.0080270 secs] [Times: user=0.02 sys=0.00, real=0.01 secs] 
2014-07-09T01:11:04.312+0000: 1487.774: [GC [PSYoungGen: 494692K->192K(478336K)] 619025K->124589K(1165312K), 0.0035720 secs] [Times: user=0.01 sys=0.00, real=0.00 secs] 
2014-07-09T01:11:05.349+0000: 1488.811: [GC [PSYoungGen: 478336K->562K(463232K)] 602733K->125031K(1150208K), 0.0048850 secs] [Times: user=0.00 sys=0.00, real=0.00 secs] 
2014-07-09T01:11:06.353+0000: 1489.815: [GC [PSYoungGen: 463218K->416K(448256K)] 587687K->124925K(1135232K), 0.0122320 secs] [Times: user=0.04 sys=0.00, real=0.01 secs] 
2014-07-09T01:11:07.327+0000: 1490.789: [GC [PSYoungGen: 448224K->416K(434048K)] 572733K->124973K(1121024K), 0.0132500 secs] [Times: user=0.04 sys=0.00, real=0.02 secs] 
2014-07-09T01:11:08.267+0000: 1491.730: [GC [PSYoungGen: 434016K->338K(420416K)] 558573K->124935K(1107392K), 0.0050490 secs] [Times: user=0.02 sys=0.01, real=0.01 secs] 
2014-07-09T01:11:09.178+0000: 1492.640: [GC [PSYoungGen: 420312K->484K(407552K)] 544910K->125145K(1094528K), 0.0129140 secs] [Times: user=0.05 sys=0.01, real=0.01 secs] 
2014-07-09T01:11:10.063+0000: 1493.525: [GC [PSYoungGen: 407483K->310K(394944K)] 532145K->124995K(1081920K), 0.0085070 secs] [Times: user=0.03 sys=0.00, real=0.01 secs] 
2014-07-09T01:11:10.911+0000: 1494.373: [GC [PSYoungGen: 394934K->480K(383232K)] 519619K->125205K(1070208K), 0.0076990 secs] [Times: user=0.02 sys=0.00, real=0.01 secs] 
2014-07-09T01:11:11.737+0000: 1495.199: [GC [PSYoungGen: 383200K->160K(371520K)] 507925K->124909K(1058496K), 0.0098760 secs] [Times: user=0.03 sys=0.00, real=0.01 secs] 
2014-07-09T01:11:12.546+0000: 1496.008: [GC [PSYoungGen: 371488K->672K(446336K)] 496237K->125445K(1133312K), 0.0175700 secs] [Times: user=0.06 sys=0.00, real=0.02 secs] 
2014-07-09T01:11:13.496+0000: 1496.959: [GC [PSYoungGen: 446304K->256K(535040K)] 571077K->125101K(1222016K), 0.0052850 secs] [Times: user=0.02 sys=0.00, real=0.01 secs] 
2014-07-09T01:11:14.659+0000: 1498.121: [GC [PSYoungGen: 535040K->192K(641984K)] 659885K->125093K(1328960K), 0.0356750 secs] [Times: user=0.13 sys=0.00, real=0.03 secs] 
2014-07-09T01:11:16.045+0000: 1499.507: [GC [PSYoungGen: 641940K->502K(770688K)] 766842K->125451K(1457664K), 0.0149590 secs] [Times: user=0.04 sys=0.01, real=0.02 secs] 
2014-07-09T01:11:17.710+0000: 1501.172: [GC [PSYoungGen: 770675K->224K(924480K)] 895625K->125213K(1611456K), 0.0163420 secs] [Times: user=0.06 sys=0.00, real=0.01 secs] 
2014-07-09T01:11:19.705+0000: 1503.167: [GC [PSYoungGen: 924448K->530K(1109696K)] 1049437K->125575K(1796672K), 0.0243030 secs] [Times: user=0.08 sys=0.00, real=0.02 secs] 
2014-07-09T01:11:22.119+0000: 1505.581: [GC [PSYoungGen: 1109650K->416K(1331392K)] 1234695K->125517K(2018368K), 0.0080600 secs] [Times: user=0.03 sys=0.00, real=0.01 secs] 
2014-07-09T01:11:24.988+0000: 1508.451: [GC [PSYoungGen: 1331360K->370K(1275584K)] 1456461K->125543K(1962560K), 0.0078030 secs] [Times: user=0.01 sys=0.01, real=0.01 secs] 
2014-07-09T01:11:27.753+0000: 1511.215: [GC [PSYoungGen: 1275570K->402K(1222656K)] 1400743K->125663K(1909632K), 0.0231280 secs] [Times: user=0.09 sys=0.00, real=0.02 secs] 
2014-07-09T01:11:30.379+0000: 1513.841: [GC [PSYoungGen: 1222524K->374K(1172160K)] 1347785K->125691K(1859136K), 0.0053840 secs] [Times: user=0.02 sys=0.00, real=0.01 secs] 
2014-07-09T01:11:32.909+0000: 1516.371: [GC [PSYoungGen: 1172117K->448K(1124224K)] 1297435K->125821K(1811200K), 0.0061220 secs] [Times: user=0.02 sys=0.00, real=0.01 secs] 
2014-07-09T01:11:35.341+0000: 1518.803: [GC [PSYoungGen: 1124224K->598K(1078720K)] 1249597K->126059K(1765696K), 0.0156020 secs] [Times: user=0.06 sys=0.01, real=0.02 secs] 
2014-07-09T01:11:37.665+0000: 1521.127: [GC [PSYoungGen: 1078678K->224K(1034880K)] 1204139K->125757K(1721856K), 0.0062360 secs] [Times: user=0.01 sys=0.00, real=0.00 secs] 
2014-07-09T01:11:39.897+0000: 1523.359: [GC [PSYoungGen: 1034751K->278K(993536K)] 1160285K->125867K(1680512K), 0.0041480 secs] [Times: user=0.01 sys=0.00, real=0.00 secs] 
2014-07-09T01:11:42.053+0000: 1525.515: [GC [PSYoungGen: 993494K->288K(954112K)] 1119083K->125917K(1641088K), 0.0067360 secs] [Times: user=0.03 sys=0.00, real=0.00 secs] 
2014-07-09T01:11:44.115+0000: 1527.577: [GC [PSYoungGen: 954080K->612K(916928K)] 1079709K->126313K(1603904K), 0.0134530 secs] [Times: user=0.04 sys=0.00, real=0.01 secs] 
2014-07-09T01:11:46.103+0000: 1529.565: [GC [PSYoungGen: 916890K->484K(881088K)] 1042591K->126329K(1568064K), 0.0092970 secs] [Times: user=0.03 sys=0.01, real=0.01 secs] 
2014-07-09T01:11:48.004+0000: 1531.466: [GC [PSYoungGen: 881060K->242K(846784K)] 1006905K->126135K(1533760K), 0.0038490 secs] [Times: user=0.01 sys=0.00, real=0.00 secs] 
2014-07-09T01:11:49.834+0000: 1533.296: [GC [PSYoungGen: 846770K->160K(814336K)] 972663K->126125K(1501312K), 0.0098470 secs] [Times: user=0.04 sys=0.00, real=0.01 secs] 
2014-07-09T01:11:51.585+0000: 1535.047: [GC [PSYoungGen: 814304K->320K(783552K)] 940269K->126333K(1470528K), 0.0136730 secs] [Times: user=0.04 sys=0.00, real=0.01 secs] 
2014-07-09T01:11:53.275+0000: 1536.737: [GC [PSYoungGen: 783498K->288K(754112K)] 909512K->126317K(1441088K), 0.0174430 secs] [Times: user=0.06 sys=0.00, real=0.01 secs] 
2014-07-09T01:11:54.900+0000: 1538.362: [GC [PSYoungGen: 754080K->160K(725952K)] 880109K->126277K(1412928K), 0.0032400 secs] [Times: user=0.01 sys=0.00, real=0.00 secs] 
2014-07-09T01:11:56.473+0000: 1539.935: [GC [PSYoungGen: 725920K->210K(699264K)] 852037K->126375K(1386240K), 0.0113780 secs] [Times: user=0.04 sys=0.00, real=0.01 secs] 
2014-07-09T01:11:57.992+0000: 1541.454: [GC [PSYoungGen: 699218K->160K(673728K)] 825383K->126357K(1360704K), 0.0083240 secs] [Times: user=0.03 sys=0.00, real=0.01 secs] 
2014-07-09T01:11:59.453+0000: 1542.915: [GC [PSYoungGen: 673630K->342K(649600K)] 799828K->126563K(1336576K), 0.0037890 secs] [Times: user=0.01 sys=0.00, real=0.01 secs] 
2014-07-09T01:12:00.855+0000: 1544.317: [GC [PSYoungGen: 649558K->310K(626304K)] 775779K->126579K(1313280K), 0.0034170 secs] [Times: user=0.01 sys=0.00, real=0.01 secs] 
2014-07-09T01:12:02.214+0000: 1545.676: [GC [PSYoungGen: 626294K->420K(604288K)] 752563K->126729K(1291264K), 0.0192970 secs] [Times: user=0.07 sys=0.00, real=0.02 secs] 
2014-07-09T01:12:03.517+0000: 1546.979: [GC [PSYoungGen: 604260K->192K(582912K)] 730569K->126557K(1269888K), 0.0105830 secs] [Times: user=0.04 sys=0.00, real=0.01 secs] 
2014-07-09T01:12:04.782+0000: 1548.244: [GC [PSYoungGen: 582912K->388K(563008K)] 709277K->126833K(1249984K), 0.0092030 secs] [Times: user=0.02 sys=0.00, real=0.01 secs] 
2014-07-09T01:12:05.996+0000: 1549.458: [GC [PSYoungGen: 562948K->160K(543488K)] 689393K->126637K(1230464K), 0.0089340 secs] [Times: user=0.03 sys=0.00, real=0.01 secs] 
2014-07-09T01:12:07.174+0000: 1550.636: [GC [PSYoungGen: 543456K->388K(525376K)] 669933K->126913K(1212352K), 0.0094090 secs] [Times: user=0.04 sys=0.00, real=0.01 secs] 
2014-07-09T01:12:08.309+0000: 1551.771: [GC [PSYoungGen: 525294K->434K(507776K)] 651820K->126999K(1194752K), 0.0048290 secs] [Times: user=0.01 sys=0.00, real=0.00 secs] 
2014-07-09T01:12:09.408+0000: 1552.871: [GC [PSYoungGen: 507762K->256K(490816K)] 634327K->126869K(1177792K), 0.0104020 secs] [Times: user=0.04 sys=0.00, real=0.01 secs] 
2014-07-09T01:12:10.466+0000: 1553.928: [GC [PSYoungGen: 490816K->256K(474752K)] 617429K->126909K(1161728K), 0.0048890 secs] [Times: user=0.02 sys=0.00, real=0.01 secs] 
2014-07-09T01:12:11.495+0000: 1554.957: [GC [PSYoungGen: 474749K->192K(459328K)] 601402K->126861K(1146304K), 0.0042850 secs] [Times: user=0.01 sys=0.00, real=0.01 secs] 
2014-07-09T01:12:12.489+0000: 1555.952: [GC [PSYoungGen: 459291K->356K(444864K)] 585960K->127065K(1131840K), 0.0033010 secs] [Times: user=0.01 sys=0.00, real=0.00 secs] 
2014-07-09T01:12:13.453+0000: 1556.915: [GC [PSYoungGen: 444825K->516K(431040K)] 571535K->127297K(1118016K), 0.0146100 secs] [Times: user=0.04 sys=0.00, real=0.01 secs] 
2014-07-09T01:12:14.390+0000: 1557.852: [GC [PSYoungGen: 430980K->434K(417472K)] 557761K->127255K(1104448K), 0.0049790 secs] [Times: user=0.01 sys=0.00, real=0.00 secs] 
2014-07-09T01:12:15.288+0000: 1558.750: [GC [PSYoungGen: 417458K->192K(404352K)] 544279K->127037K(1091328K), 0.0062280 secs] [Times: user=0.01 sys=0.00, real=0.01 secs] 
2014-07-09T01:12:16.163+0000: 1559.625: [GC [PSYoungGen: 404352K->288K(392192K)] 531197K->127173K(1079168K), 0.0105540 secs] [Times: user=0.03 sys=0.00, real=0.01 secs] 
2014-07-09T01:12:17.010+0000: 1560.472: [GC [PSYoungGen: 392156K->320K(470592K)] 519042K->127245K(1157568K), 0.0244830 secs] [Times: user=0.09 sys=0.00, real=0.02 secs] 
2014-07-09T01:12:18.027+0000: 1561.489: [GC [PSYoungGen: 470592K->96K(564480K)] 597517K->127037K(1251456K), 0.0060970 secs] [Times: user=0.01 sys=0.00, real=0.01 secs] 
2014-07-09T01:12:19.251+0000: 1562.713: [GC [PSYoungGen: 564448K->306K(677568K)] 691389K->127279K(1364544K), 0.0124670 secs] [Times: user=0.05 sys=0.00, real=0.01 secs] 
2014-07-09T01:12:20.715+0000: 1564.178: [GC [PSYoungGen: 677554K->160K(652928K)] 804527K->127181K(1339904K), 0.0044660 secs] [Times: user=0.01 sys=0.00, real=0.01 secs] 
2014-07-09T01:12:22.138+0000: 1565.600: [GC [PSYoungGen: 652896K->306K(629696K)] 779917K->127367K(1316672K), 0.0086250 secs] [Times: user=0.03 sys=0.00, real=0.01 secs] 
2014-07-09T01:12:23.535+0000: 1566.997: [GC [PSYoungGen: 629675K->576K(607680K)] 756737K->127855K(1294656K), 0.0078620 secs] [Times: user=0.02 sys=0.00, real=0.01 secs] 
2014-07-09T01:12:24.821+0000: 1568.283: [GC [PSYoungGen: 607651K->306K(586176K)] 734930K->127797K(1273152K), 0.0075710 secs] [Times: user=0.02 sys=0.00, real=0.00 secs] 
2014-07-09T01:12:26.091+0000: 1569.553: [GC [PSYoungGen: 586162K->128K(565696K)] 713653K->127699K(1252672K), 0.0039810 secs] [Times: user=0.01 sys=0.00, real=0.00 secs] 
2014-07-09T01:12:27.313+0000: 1570.775: [GC [PSYoungGen: 565696K->288K(546496K)] 693267K->127899K(1233472K), 0.0056780 secs] [Times: user=0.01 sys=0.00, real=0.00 secs] 
2014-07-09T01:12:28.498+0000: 1571.960: [GC [PSYoungGen: 546464K->256K(527936K)] 674075K->127883K(1214912K), 0.0043460 secs] [Times: user=0.01 sys=0.00, real=0.01 secs] 
2014-07-09T01:12:29.637+0000: 1573.100: [GC [PSYoungGen: 527842K->260K(510336K)] 655470K->127911K(1197312K), 0.0048240 secs] [Times: user=0.01 sys=0.00, real=0.01 secs] 
2014-07-09T01:12:30.748+0000: 1574.210: [GC [PSYoungGen: 510276K->242K(493376K)] 637927K->127941K(1180352K), 0.0106140 secs] [Times: user=0.04 sys=0.00, real=0.01 secs] 
2014-07-09T01:12:31.820+0000: 1575.282: [GC [PSYoungGen: 493362K->320K(477248K)] 621061K->128043K(1164224K), 0.0058310 secs] [Times: user=0.01 sys=0.00, real=0.01 secs] 
2014-07-09T01:12:32.855+0000: 1576.318: [GC [PSYoungGen: 477248K->160K(461696K)] 604971K->127907K(1148672K), 0.0078610 secs] [Times: user=0.03 sys=0.00, real=0.01 secs] 
2014-07-09T01:12:33.862+0000: 1577.324: [GC [PSYoungGen: 461664K->630K(447360K)] 589411K->128465K(1134336K), 0.0060460 secs] [Times: user=0.03 sys=0.00, real=0.00 secs] 
2014-07-09T01:12:34.820+0000: 1578.282: [GC [PSYoungGen: 447350K->160K(432768K)] 575185K->128035K(1119744K), 0.0053670 secs] [Times: user=0.01 sys=0.00, real=0.01 secs] 
2014-07-09T01:12:35.760+0000: 1579.223: [GC [PSYoungGen: 432736K->224K(419328K)] 560611K->128147K(1106304K), 0.0073190 secs] [Times: user=0.01 sys=0.00, real=0.01 secs] 
2014-07-09T01:12:36.666+0000: 1580.128: [GC [PSYoungGen: 419296K->384K(406528K)] 547219K->128363K(1093504K), 0.0084550 secs] [Times: user=0.02 sys=0.00, real=0.01 secs] 
2014-07-09T01:12:37.548+0000: 1581.010: [GC [PSYoungGen: 406528K->128K(393856K)] 534507K->128131K(1080832K), 0.0106780 secs] [Times: user=0.04 sys=0.00, real=0.01 secs] 
2014-07-09T01:12:38.397+0000: 1581.859: [GC [PSYoungGen: 393804K->128K(382016K)] 521808K->128147K(1068992K), 0.0061250 secs] [Times: user=0.01 sys=0.01, real=0.01 secs] 
2014-07-09T01:12:39.225+0000: 1582.687: [GC [PSYoungGen: 382016K->256K(370752K)] 510035K->128307K(1057728K), 0.0125320 secs] [Times: user=0.04 sys=0.00, real=0.01 secs] 
2014-07-09T01:12:40.026+0000: 1583.488: [GC [PSYoungGen: 370659K->520K(360192K)] 498711K->128603K(1047168K), 0.0037270 secs] [Times: user=0.01 sys=0.00, real=0.00 secs] 
2014-07-09T01:12:40.816+0000: 1584.278: [GC [PSYoungGen: 360133K->274K(349504K)] 488217K->128405K(1036480K), 0.0069370 secs] [Times: user=0.03 sys=0.00, real=0.01 secs] 
2014-07-09T01:12:41.562+0000: 1585.024: [GC [PSYoungGen: 349457K->256K(419328K)] 477589K->128435K(1106304K), 0.0142110 secs] [Times: user=0.05 sys=0.00, real=0.01 secs] 
2014-07-09T01:12:42.468+0000: 1585.930: [GC [PSYoungGen: 419328K->242K(503168K)] 547507K->128445K(1190144K), 0.0086710 secs] [Times: user=0.03 sys=0.01, real=0.01 secs] 
2014-07-09T01:12:43.560+0000: 1587.023: [GC [PSYoungGen: 503074K->406K(486784K)] 631278K->128673K(1173760K), 0.0052540 secs] [Times: user=0.02 sys=0.00, real=0.01 secs] 
2014-07-09T01:12:44.613+0000: 1588.075: [GC [PSYoungGen: 486740K->448K(470912K)] 615008K->128787K(1157888K), 0.0092510 secs] [Times: user=0.03 sys=0.01, real=0.01 secs] 
2014-07-09T01:12:45.631+0000: 1589.093: [GC [PSYoungGen: 470912K->384K(455680K)] 599251K->128779K(1142656K), 0.0081870 secs] [Times: user=0.03 sys=0.00, real=0.01 secs] 
2014-07-09T01:12:46.615+0000: 1590.077: [GC [PSYoungGen: 455680K->192K(440960K)] 584075K->128619K(1127936K), 0.0070340 secs] [Times: user=0.02 sys=0.00, real=0.00 secs] 
2014-07-09T01:12:47.566+0000: 1591.028: [GC [PSYoungGen: 440960K->434K(427328K)] 569387K->128885K(1114304K), 0.0040910 secs] [Times: user=0.01 sys=0.00, real=0.00 secs] 
2014-07-09T01:12:48.488+0000: 1591.950: [GC [PSYoungGen: 427314K->320K(512576K)] 555765K->128811K(1199552K), 0.0202290 secs] [Times: user=0.07 sys=0.00, real=0.02 secs] 
2014-07-09T01:12:49.602+0000: 1593.064: [GC [PSYoungGen: 512576K->128K(614848K)] 641067K->128643K(1301824K), 0.0205600 secs] [Times: user=0.07 sys=0.00, real=0.02 secs] 
2014-07-09T01:12:50.937+0000: 1594.400: [GC [PSYoungGen: 614848K->160K(737856K)] 743363K->128707K(1424832K), 0.0110320 secs] [Times: user=0.04 sys=0.00, real=0.01 secs] 
2014-07-09T01:12:52.536+0000: 1595.999: [GC [PSYoungGen: 737824K->160K(885440K)] 866371K->128731K(1572416K), 0.0237760 secs] [Times: user=0.08 sys=0.00, real=0.02 secs] 
2014-07-09T01:12:54.459+0000: 1597.922: [GC [PSYoungGen: 885408K->192K(1062528K)] 1013979K->128835K(1749504K), 0.0064830 secs] [Times: user=0.02 sys=0.00, real=0.01 secs] 
2014-07-09T01:12:56.763+0000: 1600.225: [GC [PSYoungGen: 1062528K->320K(1019968K)] 1191171K->129035K(1706944K), 0.0039430 secs] [Times: user=0.01 sys=0.00, real=0.01 secs] 
2014-07-09T01:12:58.983+0000: 1602.445: [GC [PSYoungGen: 1019968K->562K(979584K)] 1148683K->129469K(1666560K), 0.0063780 secs] [Times: user=0.01 sys=0.00, real=0.01 secs] 
2014-07-09T01:13:01.084+0000: 1604.546: [GC [PSYoungGen: 979570K->256K(940544K)] 1108477K->129227K(1627520K), 0.0210250 secs] [Times: user=0.07 sys=0.00, real=0.02 secs] 
2014-07-09T01:13:03.119+0000: 1606.582: [GC [PSYoungGen: 940521K->452K(903936K)] 1069493K->129503K(1590912K), 0.0121900 secs] [Times: user=0.04 sys=0.00, real=0.01 secs] 
2014-07-09T01:13:05.068+0000: 1608.530: [GC [PSYoungGen: 903876K->352K(868672K)] 1032927K->129499K(1555648K), 0.0129340 secs] [Times: user=0.04 sys=0.00, real=0.01 secs] 
2014-07-09T01:13:06.946+0000: 1610.408: [GC [PSYoungGen: 868640K->370K(835200K)] 997787K->129597K(1522176K), 0.0109370 secs] [Times: user=0.04 sys=0.00, real=0.01 secs] 
2014-07-09T01:13:08.745+0000: 1612.207: [GC [PSYoungGen: 835091K->502K(803456K)] 964319K->129769K(1490432K), 0.0079250 secs] [Times: user=0.02 sys=0.00, real=0.01 secs] 
2014-07-09T01:13:10.485+0000: 1613.947: [GC [PSYoungGen: 803446K->338K(772992K)] 932713K->129661K(1459968K), 0.0130020 secs] [Times: user=0.04 sys=0.01, real=0.02 secs] 
2014-07-09T01:13:12.152+0000: 1615.614: [GC [PSYoungGen: 772945K->256K(743936K)] 902269K->129619K(1430912K), 0.0129480 secs] [Times: user=0.04 sys=0.00, real=0.01 secs] 
2014-07-09T01:13:13.767+0000: 1617.230: [GC [PSYoungGen: 743936K->242K(716352K)] 873299K->129661K(1403328K), 0.0046900 secs] [Times: user=0.01 sys=0.00, real=0.00 secs] 
2014-07-09T01:13:15.324+0000: 1618.786: [GC [PSYoungGen: 716297K->502K(690304K)] 845717K->129985K(1377280K), 0.0348300 secs] [Times: user=0.12 sys=0.00, real=0.04 secs] 
2014-07-09T01:13:16.816+0000: 1620.278: [GC [PSYoungGen: 690294K->338K(665088K)] 819777K->129893K(1352064K), 0.0068850 secs] [Times: user=0.03 sys=0.00, real=0.01 secs] 
2014-07-09T01:13:18.254+0000: 1621.716: [GC [PSYoungGen: 665042K->352K(641152K)] 794597K->129963K(1328128K), 0.0081620 secs] [Times: user=0.03 sys=0.01, real=0.01 secs] 
2014-07-09T01:13:19.650+0000: 1623.112: [GC [PSYoungGen: 641120K->256K(618176K)] 770731K->129915K(1305152K), 0.0048040 secs] [Times: user=0.01 sys=0.00, real=0.00 secs] 
2014-07-09T01:13:20.987+0000: 1624.449: [GC [PSYoungGen: 618087K->456K(596672K)] 747747K->130179K(1283648K), 0.0189300 secs] [Times: user=0.05 sys=0.00, real=0.02 secs] 
2014-07-09T01:13:22.272+0000: 1625.734: [GC [PSYoungGen: 596596K->448K(575808K)] 726320K->130187K(1262784K), 0.0071480 secs] [Times: user=0.01 sys=0.00, real=0.01 secs] 
2014-07-09T01:13:23.520+0000: 1626.983: [GC [PSYoungGen: 575808K->416K(555968K)] 705547K->130219K(1242944K), 0.0182660 secs] [Times: user=0.05 sys=0.00, real=0.02 secs] 
2014-07-09T01:13:24.726+0000: 1628.188: [GC [PSYoungGen: 555936K->448K(537024K)] 685739K->130373K(1224000K), 0.0127550 secs] [Times: user=0.03 sys=0.00, real=0.01 secs] 
2014-07-09T01:13:25.891+0000: 1629.353: [GC [PSYoungGen: 537024K->498K(518976K)] 666949K->130479K(1205952K), 0.0052770 secs] [Times: user=0.01 sys=0.00, real=0.00 secs] 
2014-07-09T01:13:27.015+0000: 1630.477: [GC [PSYoungGen: 518962K->192K(501376K)] 648943K->130213K(1188352K), 0.0137670 secs] [Times: user=0.05 sys=0.00, real=0.01 secs] 
2014-07-09T01:13:28.101+0000: 1631.564: [GC [PSYoungGen: 501358K->516K(485248K)] 631379K->130569K(1172224K), 0.0096530 secs] [Times: user=0.03 sys=0.00, real=0.01 secs] 
2014-07-09T01:13:29.142+0000: 1632.604: [GC [PSYoungGen: 485188K->224K(581888K)] 615241K->130301K(1268864K), 0.0278720 secs] [Times: user=0.10 sys=0.00, real=0.03 secs] 
2014-07-09T01:13:30.401+0000: 1633.863: [GC [PSYoungGen: 581790K->698K(698688K)] 711868K->130949K(1385664K), 0.0074230 secs] [Times: user=0.01 sys=0.00, real=0.00 secs] 
2014-07-09T01:13:31.909+0000: 1635.372: [GC [PSYoungGen: 698680K->160K(672704K)] 828932K->130443K(1359680K), 0.0081140 secs] [Times: user=0.01 sys=0.00, real=0.01 secs] 
2014-07-09T01:13:33.377+0000: 1636.839: [GC [PSYoungGen: 672672K->448K(648704K)] 802955K->130787K(1335680K), 0.0057760 secs] [Times: user=0.02 sys=0.00, real=0.01 secs] 
2014-07-09T01:13:34.788+0000: 1638.250: [GC [PSYoungGen: 648671K->598K(625728K)] 779011K->131017K(1312704K), 0.0091860 secs] [Times: user=0.03 sys=0.00, real=0.01 secs] 
2014-07-09T01:13:36.125+0000: 1639.587: [GC [PSYoungGen: 625684K->192K(603200K)] 756104K->130691K(1290176K), 0.0106750 secs] [Times: user=0.04 sys=0.00, real=0.01 secs] 
2014-07-09T01:13:37.432+0000: 1640.894: [GC [PSYoungGen: 603200K->146K(582080K)] 733699K->130677K(1269056K), 0.0068500 secs] [Times: user=0.01 sys=0.00, real=0.00 secs] 
2014-07-09T01:13:38.696+0000: 1642.158: [GC [PSYoungGen: 582034K->306K(562048K)] 712565K->130869K(1249024K), 0.0037890 secs] [Times: user=0.01 sys=0.00, real=0.00 secs] 
2014-07-09T01:13:39.915+0000: 1643.377: [GC [PSYoungGen: 562024K->388K(542976K)] 692588K->130983K(1229952K), 0.0087510 secs] [Times: user=0.01 sys=0.00, real=0.01 secs] 
2014-07-09T01:13:41.097+0000: 1644.559: [GC [PSYoungGen: 542916K->434K(524608K)] 673511K->131077K(1211584K), 0.0097470 secs] [Times: user=0.03 sys=0.00, real=0.01 secs] 
2014-07-09T01:13:42.229+0000: 1645.691: [GC [PSYoungGen: 524594K->534K(629568K)] 655237K->131225K(1316544K), 0.0253400 secs] [Times: user=0.09 sys=0.00, real=0.03 secs] 
2014-07-09T01:13:43.582+0000: 1647.045: [GC [PSYoungGen: 629526K->128K(754944K)] 760217K->130867K(1441920K), 0.0231720 secs] [Times: user=0.08 sys=0.00, real=0.02 secs] 
2014-07-09T01:13:45.223+0000: 1648.685: [GC [PSYoungGen: 754944K->320K(906112K)] 885683K->131123K(1593088K), 0.0094070 secs] [Times: user=0.03 sys=0.00, real=0.01 secs] 
2014-07-09T01:13:47.177+0000: 1650.639: [GC [PSYoungGen: 906112K->534K(871168K)] 1036915K->131393K(1558144K), 0.0044980 secs] [Times: user=0.01 sys=0.00, real=0.00 secs] 
2014-07-09T01:13:49.070+0000: 1652.532: [GC [PSYoungGen: 871067K->434K(837504K)] 1001927K->131349K(1524480K), 0.0058460 secs] [Times: user=0.02 sys=0.00, real=0.01 secs] 
2014-07-09T01:13:50.866+0000: 1654.328: [GC [PSYoungGen: 837490K->128K(805184K)] 968405K->131067K(1492160K), 0.0052180 secs] [Times: user=0.01 sys=0.00, real=0.00 secs] 
2014-07-09T01:13:52.610+0000: 1656.073: [GC [PSYoungGen: 805184K->352K(774976K)] 936123K->131347K(1461952K), 0.0113210 secs] [Times: user=0.04 sys=0.00, real=0.01 secs] 
2014-07-09T01:13:54.285+0000: 1657.747: [GC [PSYoungGen: 774856K->370K(745920K)] 905852K->131437K(1432896K), 0.0229720 secs] [Times: user=0.08 sys=0.00, real=0.02 secs] 
2014-07-09T01:13:55.896+0000: 1659.358: [GC [PSYoungGen: 745831K->424K(718336K)] 876898K->131555K(1405312K), 0.0131260 secs] [Times: user=0.05 sys=0.00, real=0.01 secs] 
2014-07-09T01:13:57.455+0000: 1660.917: [GC [PSYoungGen: 718312K->224K(691776K)] 849443K->131395K(1378752K), 0.0065140 secs] [Times: user=0.01 sys=0.00, real=0.00 secs] 
2014-07-09T01:13:58.961+0000: 1662.423: [GC [PSYoungGen: 691744K->224K(666624K)] 822915K->131427K(1353600K), 0.0098590 secs] [Times: user=0.04 sys=0.00, real=0.01 secs] 
2014-07-09T01:14:00.403+0000: 1663.865: [GC [PSYoungGen: 666592K->192K(642560K)] 797795K->131427K(1329536K), 0.0092200 secs] [Times: user=0.02 sys=0.00, real=0.01 secs] 
2014-07-09T01:14:01.790+0000: 1665.252: [GC [PSYoungGen: 642560K->320K(619776K)] 773795K->131595K(1306752K), 0.0178470 secs] [Times: user=0.06 sys=0.00, real=0.02 secs] 
2014-07-09T01:14:03.135+0000: 1666.598: [GC [PSYoungGen: 619769K->416K(598080K)] 751045K->131731K(1285056K), 0.0063750 secs] [Times: user=0.01 sys=0.00, real=0.00 secs] 
2014-07-09T01:14:04.430+0000: 1667.893: [GC [PSYoungGen: 598048K->416K(577216K)] 729363K->131827K(1264192K), 0.0082130 secs] [Times: user=0.03 sys=0.00, real=0.01 secs] 
2014-07-09T01:14:05.686+0000: 1669.149: [GC [PSYoungGen: 577184K->320K(557184K)] 708595K->131779K(1244160K), 0.0108890 secs] [Times: user=0.03 sys=0.00, real=0.01 secs] 
2014-07-09T01:14:06.890+0000: 1670.352: [GC [PSYoungGen: 557184K->288K(538176K)] 688643K->131811K(1225152K), 0.0091730 secs] [Times: user=0.03 sys=0.00, real=0.01 secs] 
2014-07-09T01:14:08.052+0000: 1671.514: [GC [PSYoungGen: 538144K->306K(520000K)] 669667K->131861K(1206976K), 0.0103630 secs] [Times: user=0.04 sys=0.00, real=0.01 secs] 
2014-07-09T01:14:09.178+0000: 1672.640: [GC [PSYoungGen: 519986K->292K(502656K)] 651541K->131879K(1189632K), 0.0048130 secs] [Times: user=0.02 sys=0.00, real=0.00 secs] 
2014-07-09T01:14:10.270+0000: 1673.733: [GC [PSYoungGen: 502628K->338K(486144K)] 634215K->131941K(1173120K), 0.0047200 secs] [Times: user=0.01 sys=0.00, real=0.00 secs] 
2014-07-09T01:14:11.325+0000: 1674.787: [GC [PSYoungGen: 486098K->498K(470464K)] 617701K->132157K(1157440K), 0.0177750 secs] [Times: user=0.06 sys=0.00, real=0.02 secs] 
2014-07-09T01:14:12.342+0000: 1675.805: [GC [PSYoungGen: 470438K->384K(455168K)] 602098K->132067K(1142144K), 0.0085070 secs] [Times: user=0.01 sys=0.00, real=0.01 secs] 
2014-07-09T01:14:13.327+0000: 1676.790: [GC [PSYoungGen: 455168K->128K(440448K)] 586851K->131867K(1127424K), 0.0128470 secs] [Times: user=0.04 sys=0.00, real=0.01 secs] 
2014-07-09T01:14:14.285+0000: 1677.748: [GC [PSYoungGen: 440414K->292K(529024K)] 572154K->132063K(1216000K), 0.0107920 secs] [Times: user=0.04 sys=0.00, real=0.02 secs] 
2014-07-09T01:14:15.435+0000: 1678.898: [GC [PSYoungGen: 528676K->256K(510912K)] 660447K->132051K(1197888K), 0.0100430 secs] [Times: user=0.04 sys=0.00, real=0.01 secs] 
2014-07-09T01:14:16.547+0000: 1680.009: [GC [PSYoungGen: 510912K->338K(494080K)] 642707K->132205K(1181056K), 0.0077210 secs] [Times: user=0.02 sys=0.00, real=0.00 secs] 
2014-07-09T01:14:17.618+0000: 1681.080: [GC [PSYoungGen: 494029K->260K(592768K)] 625896K->132167K(1279744K), 0.0173010 secs] [Times: user=0.06 sys=0.00, real=0.01 secs] 
2014-07-09T01:14:18.897+0000: 1682.359: [GC [PSYoungGen: 592657K->160K(572032K)] 724565K->132091K(1259008K), 0.0032820 secs] [Times: user=0.01 sys=0.00, real=0.01 secs] 
2014-07-09T01:14:20.152+0000: 1683.614: [GC [PSYoungGen: 571959K->534K(552768K)] 703891K->132489K(1239744K), 0.0053650 secs] [Times: user=0.01 sys=0.00, real=0.01 secs] 
2014-07-09T01:14:21.334+0000: 1684.796: [GC [PSYoungGen: 552726K->224K(533632K)] 684681K->132211K(1220608K), 0.0041700 secs] [Times: user=0.01 sys=0.00, real=0.01 secs] 
2014-07-09T01:14:22.495+0000: 1685.957: [GC [PSYoungGen: 533600K->256K(515712K)] 665587K->132283K(1202688K), 0.0091470 secs] [Times: user=0.03 sys=0.00, real=0.01 secs] 
2014-07-09T01:14:23.607+0000: 1687.069: [GC [PSYoungGen: 515712K->224K(498560K)] 647739K->132331K(1185536K), 0.0085610 secs] [Times: user=0.02 sys=0.00, real=0.01 secs] 
2014-07-09T01:14:24.691+0000: 1688.153: [GC [PSYoungGen: 498528K->160K(482112K)] 630635K->132299K(1169088K), 0.0071680 secs] [Times: user=0.03 sys=0.00, real=0.01 secs] 
2014-07-09T01:14:25.742+0000: 1689.204: [GC [PSYoungGen: 482080K->192K(466432K)] 614219K->132355K(1153408K), 0.0050390 secs] [Times: user=0.01 sys=0.00, real=0.00 secs] 
2014-07-09T01:14:26.761+0000: 1690.223: [GC [PSYoungGen: 466432K->192K(451456K)] 598595K->132395K(1138432K), 0.0044060 secs] [Times: user=0.01 sys=0.00, real=0.00 secs] 
2014-07-09T01:14:27.748+0000: 1691.210: [GC [PSYoungGen: 451456K->260K(437248K)] 583659K->132495K(1124224K), 0.0075410 secs] [Times: user=0.03 sys=0.00, real=0.01 secs] 
2014-07-09T01:14:28.695+0000: 1692.157: [GC [PSYoungGen: 437188K->192K(423424K)] 569423K->132459K(1110400K), 0.0113750 secs] [Times: user=0.03 sys=0.01, real=0.01 secs] 
2014-07-09T01:14:29.612+0000: 1693.074: [GC [PSYoungGen: 423424K->192K(410304K)] 555691K->132475K(1097280K), 0.0050100 secs] [Times: user=0.02 sys=0.00, real=0.00 secs] 
2014-07-09T01:14:30.501+0000: 1693.963: [GC [PSYoungGen: 410304K->224K(397824K)] 542587K->132539K(1084800K), 0.0090600 secs] [Times: user=0.03 sys=0.00, real=0.01 secs] 
2014-07-09T01:14:31.366+0000: 1694.829: [GC [PSYoungGen: 397792K->160K(385728K)] 530107K->132507K(1072704K), 0.0049010 secs] [Times: user=0.01 sys=0.00, real=0.01 secs] 
2014-07-09T01:14:32.195+0000: 1695.657: [GC [PSYoungGen: 385696K->416K(374464K)] 518043K->132803K(1061440K), 0.0151860 secs] [Times: user=0.05 sys=0.00, real=0.02 secs] 
2014-07-09T01:14:33.006+0000: 1696.469: [GC [PSYoungGen: 374432K->288K(363328K)] 506819K->132723K(1050304K), 0.0073530 secs] [Times: user=0.03 sys=0.00, real=0.01 secs] 
2014-07-09T01:14:33.791+0000: 1697.253: [GC [PSYoungGen: 363296K->224K(435904K)] 495731K->132707K(1122880K), 0.0105370 secs] [Times: user=0.04 sys=0.00, real=0.01 secs] 
2014-07-09T01:14:34.731+0000: 1698.193: [GC [PSYoungGen: 435794K->506K(422528K)] 568277K->133013K(1109504K), 0.0079030 secs] [Times: user=0.03 sys=0.00, real=0.00 secs] 
2014-07-09T01:14:35.648+0000: 1699.110: [GC [PSYoungGen: 422522K->320K(506752K)] 555029K->132947K(1193728K), 0.0188830 secs] [Times: user=0.06 sys=0.00, real=0.02 secs] 
2014-07-09T01:14:36.753+0000: 1700.215: [GC [PSYoungGen: 506752K->128K(607872K)] 639379K->132803K(1294848K), 0.0034510 secs] [Times: user=0.01 sys=0.00, real=0.00 secs] 
2014-07-09T01:14:38.074+0000: 1701.536: [GC [PSYoungGen: 607872K->160K(586624K)] 740547K->132875K(1273600K), 0.0076730 secs] [Times: user=0.03 sys=0.01, real=0.01 secs] 
2014-07-09T01:14:39.352+0000: 1702.814: [GC [PSYoungGen: 586592K->384K(566464K)] 719307K->133147K(1253440K), 0.0026670 secs] [Times: user=0.01 sys=0.00, real=0.00 secs] 
2014-07-09T01:14:40.579+0000: 1704.041: [GC [PSYoungGen: 566464K->402K(547136K)] 699227K->133205K(1234112K), 0.0069760 secs] [Times: user=0.02 sys=0.00, real=0.01 secs] 
2014-07-09T01:14:41.767+0000: 1705.229: [GC [PSYoungGen: 547090K->256K(528384K)] 679893K->133107K(1215360K), 0.0050740 secs] [Times: user=0.02 sys=0.00, real=0.01 secs] 
2014-07-09T01:14:42.895+0000: 1706.358: [GC [PSYoungGen: 528310K->260K(510720K)] 661162K->133143K(1197696K), 0.0157260 secs] [Times: user=0.06 sys=0.00, real=0.02 secs] 
2014-07-09T01:14:44.005+0000: 1707.467: [GC [PSYoungGen: 510597K->242K(493760K)] 643481K->133189K(1180736K), 0.0071650 secs] [Times: user=0.02 sys=0.00, real=0.01 secs] 
2014-07-09T01:14:45.080+0000: 1708.542: [GC [PSYoungGen: 493746K->320K(592576K)] 626693K->133315K(1279552K), 0.0211870 secs] [Times: user=0.06 sys=0.00, real=0.03 secs] 
2014-07-09T01:14:46.362+0000: 1709.824: [GC [PSYoungGen: 592576K->320K(571968K)] 725571K->133347K(1258944K), 0.0049610 secs] [Times: user=0.01 sys=0.00, real=0.00 secs] 
2014-07-09T01:14:47.597+0000: 1711.059: [GC [PSYoungGen: 571968K->128K(552128K)] 704995K->133203K(1239104K), 0.0081690 secs] [Times: user=0.01 sys=0.00, real=0.01 secs] 
2014-07-09T01:14:48.798+0000: 1712.260: [GC [PSYoungGen: 552128K->224K(533824K)] 685203K->133339K(1220800K), 0.0106580 secs] [Times: user=0.04 sys=0.00, real=0.01 secs] 
2014-07-09T01:14:49.952+0000: 1713.414: [GC [PSYoungGen: 533472K->256K(515584K)] 666587K->133411K(1202560K), 0.0042840 secs] [Times: user=0.01 sys=0.00, real=0.01 secs] 
2014-07-09T01:14:51.075+0000: 1714.537: [GC [PSYoungGen: 515584K->192K(498368K)] 648739K->133371K(1185344K), 0.0079650 secs] [Times: user=0.03 sys=0.01, real=0.01 secs] 
2014-07-09T01:14:52.156+0000: 1715.618: [GC [PSYoungGen: 498272K->320K(482112K)] 631452K->133555K(1169088K), 0.0170540 secs] [Times: user=0.06 sys=0.00, real=0.02 secs] 
2014-07-09T01:14:53.203+0000: 1716.665: [GC [PSYoungGen: 482112K->484K(466624K)] 615347K->134063K(1153600K), 0.0076510 secs] [Times: user=0.02 sys=0.01, real=0.00 secs] 
2014-07-09T01:14:54.205+0000: 1717.668: [GC [PSYoungGen: 466596K->256K(451392K)] 600175K->133915K(1138368K), 0.0057730 secs] [Times: user=0.01 sys=0.00, real=0.00 secs] 
2014-07-09T01:14:55.185+0000: 1718.647: [GC [PSYoungGen: 451392K->416K(541824K)] 585051K->134171K(1228800K), 0.0165640 secs] [Times: user=0.05 sys=0.00, real=0.01 secs] 
2014-07-09T01:14:56.358+0000: 1719.820: [GC [PSYoungGen: 541714K->484K(650176K)] 675470K->134311K(1337152K), 0.0150440 secs] [Times: user=0.04 sys=0.00, real=0.01 secs] 
2014-07-09T01:14:57.758+0000: 1721.221: [GC [PSYoungGen: 650148K->160K(626624K)] 783975K->134035K(1313600K), 0.0043960 secs] [Times: user=0.01 sys=0.01, real=0.01 secs] 
2014-07-09T01:14:59.118+0000: 1722.580: [GC [PSYoungGen: 626592K->210K(604544K)] 760467K->134125K(1291520K), 0.0148120 secs] [Times: user=0.05 sys=0.00, real=0.01 secs] 
2014-07-09T01:15:00.435+0000: 1723.897: [GC [PSYoungGen: 604498K->438K(583616K)] 738413K->134393K(1270592K), 0.0071700 secs] [Times: user=0.01 sys=0.00, real=0.00 secs] 
2014-07-09T01:15:01.696+0000: 1725.158: [GC [PSYoungGen: 583606K->516K(563584K)] 717561K->134527K(1250560K), 0.0071620 secs] [Times: user=0.01 sys=0.00, real=0.01 secs] 
2014-07-09T01:15:02.917+0000: 1726.379: [GC [PSYoungGen: 563499K->424K(544192K)] 697511K->134475K(1231168K), 0.0089360 secs] [Times: user=0.02 sys=0.00, real=0.01 secs] 
2014-07-09T01:15:04.097+0000: 1727.559: [GC [PSYoungGen: 544168K->242K(525568K)] 678219K->134341K(1212544K), 0.0051480 secs] [Times: user=0.01 sys=0.00, real=0.00 secs] 
2014-07-09T01:15:05.235+0000: 1728.697: [GC [PSYoungGen: 525554K->224K(507968K)] 659653K->134379K(1194944K), 0.0088150 secs] [Times: user=0.03 sys=0.00, real=0.01 secs] 
2014-07-09T01:15:06.339+0000: 1729.801: [GC [PSYoungGen: 507845K->338K(491264K)] 642001K->134541K(1178240K), 0.0142980 secs] [Times: user=0.05 sys=0.00, real=0.01 secs] 
2014-07-09T01:15:07.401+0000: 1730.864: [GC [PSYoungGen: 491218K->160K(475008K)] 625421K->134395K(1161984K), 0.0109210 secs] [Times: user=0.04 sys=0.00, real=0.01 secs] 
2014-07-09T01:15:08.440+0000: 1731.903: [GC [PSYoungGen: 474976K->256K(570048K)] 609211K->134531K(1257024K), 0.0279680 secs] [Times: user=0.10 sys=0.00, real=0.03 secs] 
2014-07-09T01:15:09.674+0000: 1733.136: [GC [PSYoungGen: 569975K->324K(684160K)] 704251K->134623K(1371136K), 0.0046230 secs] [Times: user=0.01 sys=0.00, real=0.01 secs] 
2014-07-09T01:15:11.146+0000: 1734.608: [GC [PSYoungGen: 684100K->224K(820800K)] 818399K->134555K(1507776K), 0.0132410 secs] [Times: user=0.04 sys=0.00, real=0.01 secs] 
2014-07-09T01:15:12.924+0000: 1736.386: [GC [PSYoungGen: 820768K->192K(789568K)] 955099K->134571K(1476544K), 0.0079960 secs] [Times: user=0.03 sys=0.00, real=0.01 secs] 
2014-07-09T01:15:14.636+0000: 1738.099: [GC [PSYoungGen: 789568K->192K(759872K)] 923947K->134643K(1446848K), 0.0081180 secs] [Times: user=0.03 sys=0.00, real=0.00 secs] 
2014-07-09T01:15:16.285+0000: 1739.747: [GC [PSYoungGen: 759852K->566K(731904K)] 894304K->135073K(1418880K), 0.0171600 secs] [Times: user=0.07 sys=0.00, real=0.02 secs] 
2014-07-09T01:15:17.872+0000: 1741.334: [GC [PSYoungGen: 731894K->288K(704640K)] 866401K->134859K(1391616K), 0.0141050 secs] [Times: user=0.05 sys=0.00, real=0.02 secs] 
2014-07-09T01:15:19.401+0000: 1742.864: [GC [PSYoungGen: 704608K->224K(678848K)] 839179K->134827K(1365824K), 0.0191260 secs] [Times: user=0.06 sys=0.00, real=0.02 secs] 
2014-07-09T01:15:20.878+0000: 1744.341: [GC [PSYoungGen: 678739K->548K(654592K)] 813343K->135207K(1341568K), 0.0112810 secs] [Times: user=0.04 sys=0.00, real=0.01 secs] 
2014-07-09T01:15:22.297+0000: 1745.760: [GC [PSYoungGen: 654559K->338K(630976K)] 789218K->135013K(1317952K), 0.0050170 secs] [Times: user=0.01 sys=0.00, real=0.00 secs] 
2014-07-09T01:15:23.662+0000: 1747.124: [GC [PSYoungGen: 630930K->128K(608384K)] 765605K->134867K(1295360K), 0.0039000 secs] [Times: user=0.00 sys=0.00, real=0.00 secs] 
2014-07-09T01:15:24.980+0000: 1748.442: [GC [PSYoungGen: 608384K->192K(587136K)] 743123K->135003K(1274112K), 0.0078050 secs] [Times: user=0.01 sys=0.00, real=0.01 secs] 
2014-07-09T01:15:26.251+0000: 1749.713: [GC [PSYoungGen: 587086K->548K(567168K)] 721898K->135407K(1254144K), 0.0104290 secs] [Times: user=0.04 sys=0.00, real=0.01 secs] 
2014-07-09T01:15:27.493+0000: 1750.955: [GC [PSYoungGen: 567140K->160K(547328K)] 701999K->135059K(1234304K), 0.0219730 secs] [Times: user=0.08 sys=0.00, real=0.02 secs] 
2014-07-09T01:15:28.678+0000: 1752.140: [GC [PSYoungGen: 547296K->274K(528896K)] 682195K->135205K(1215872K), 0.0060930 secs] [Times: user=0.01 sys=0.00, real=0.00 secs] 
2014-07-09T01:15:29.823+0000: 1753.285: [GC [PSYoungGen: 528850K->356K(511232K)] 663781K->135327K(1198208K), 0.0038660 secs] [Times: user=0.01 sys=0.00, real=0.00 secs] 
2014-07-09T01:15:30.932+0000: 1754.395: [GC [PSYoungGen: 511204K->260K(494208K)] 646175K->135247K(1181184K), 0.0046750 secs] [Times: user=0.01 sys=0.00, real=0.00 secs] 
2014-07-09T01:15:32.007+0000: 1755.469: [GC [PSYoungGen: 494148K->192K(477888K)] 629135K->135219K(1164864K), 0.0057870 secs] [Times: user=0.02 sys=0.00, real=0.01 secs] 
2014-07-09T01:15:33.041+0000: 1756.503: [GC [PSYoungGen: 477855K->224K(462464K)] 612883K->135307K(1149440K), 0.0111230 secs] [Times: user=0.04 sys=0.00, real=0.01 secs] 
2014-07-09T01:15:34.051+0000: 1757.513: [GC [PSYoungGen: 462432K->128K(447552K)] 597515K->135267K(1134528K), 0.0071110 secs] [Times: user=0.02 sys=0.00, real=0.01 secs] 
2014-07-09T01:15:35.026+0000: 1758.488: [GC [PSYoungGen: 447552K->570K(433856K)] 582691K->135773K(1120832K), 0.0065890 secs] [Times: user=0.01 sys=0.00, real=0.01 secs] 
2014-07-09T01:15:35.965+0000: 1759.428: [GC [PSYoungGen: 433850K->228K(419968K)] 569053K->135455K(1106944K), 0.0044290 secs] [Times: user=0.01 sys=0.00, real=0.01 secs] 
2014-07-09T01:15:36.877+0000: 1760.339: [GC [PSYoungGen: 419940K->128K(406848K)] 555167K->135387K(1093824K), 0.0057720 secs] [Times: user=0.02 sys=0.00, real=0.01 secs] 
2014-07-09T01:15:37.763+0000: 1761.225: [GC [PSYoungGen: 406848K->520K(394880K)] 542107K->135827K(1081856K), 0.0042610 secs] [Times: user=0.01 sys=0.00, real=0.00 secs] 
2014-07-09T01:15:38.613+0000: 1762.076: [GC [PSYoungGen: 394824K->192K(382592K)] 530131K->135523K(1069568K), 0.0088180 secs] [Times: user=0.03 sys=0.00, real=0.01 secs] 
2014-07-09T01:15:39.449+0000: 1762.911: [GC [PSYoungGen: 382592K->352K(371392K)] 517923K->135707K(1058368K), 0.0040900 secs] [Times: user=0.01 sys=0.00, real=0.01 secs] 
2014-07-09T01:15:40.255+0000: 1763.717: [GC [PSYoungGen: 371347K->352K(360448K)] 506703K->135723K(1047424K), 0.0062770 secs] [Times: user=0.01 sys=0.00, real=0.01 secs] 
2014-07-09T01:15:41.032+0000: 1764.494: [GC [PSYoungGen: 360416K->128K(349760K)] 495787K->135515K(1036736K), 0.0039610 secs] [Times: user=0.01 sys=0.00, real=0.00 secs] 
2014-07-09T01:15:41.798+0000: 1765.260: [GC [PSYoungGen: 349760K->370K(419968K)] 485147K->135797K(1106944K), 0.0171260 secs] [Times: user=0.06 sys=0.00, real=0.02 secs] 
2014-07-09T01:15:42.695+0000: 1766.157: [GC [PSYoungGen: 419954K->210K(406848K)] 555381K->135661K(1093824K), 0.0085200 secs] [Times: user=0.01 sys=0.01, real=0.01 secs] 
2014-07-09T01:15:43.577+0000: 1767.039: [GC [PSYoungGen: 406795K->320K(488256K)] 542247K->135827K(1175232K), 0.0145950 secs] [Times: user=0.05 sys=0.00, real=0.02 secs] 
2014-07-09T01:15:44.635+0000: 1768.098: [GC [PSYoungGen: 488163K->260K(585856K)] 623671K->135791K(1272832K), 0.0116920 secs] [Times: user=0.04 sys=0.00, real=0.01 secs] 
2014-07-09T01:15:45.907+0000: 1769.370: [GC [PSYoungGen: 585796K->192K(702848K)] 721327K->135763K(1389824K), 0.0090680 secs] [Times: user=0.03 sys=0.00, real=0.01 secs] 
2014-07-09T01:15:47.433+0000: 1770.896: [GC [PSYoungGen: 702816K->570K(677568K)] 838388K->136181K(1364544K), 0.0049200 secs] [Times: user=0.01 sys=0.00, real=0.00 secs] 
2014-07-09T01:15:48.898+0000: 1772.360: [GC [PSYoungGen: 677562K->224K(652736K)] 813173K->135899K(1339712K), 0.0032550 secs] [Times: user=0.01 sys=0.00, real=0.01 secs] 
2014-07-09T01:15:50.319+0000: 1773.781: [GC [PSYoungGen: 652704K->498K(629632K)] 788379K->136205K(1316608K), 0.0254990 secs] [Times: user=0.09 sys=0.01, real=0.03 secs] 
2014-07-09T01:15:51.682+0000: 1775.144: [GC [PSYoungGen: 629618K->352K(607232K)] 765325K->136107K(1294208K), 0.0082060 secs] [Times: user=0.03 sys=0.00, real=0.00 secs] 
2014-07-09T01:15:52.997+0000: 1776.460: [GC [PSYoungGen: 607200K->160K(585792K)] 742955K->135947K(1272768K), 0.0042730 secs] [Times: user=0.01 sys=0.00, real=0.01 secs] 
2014-07-09T01:15:54.273+0000: 1777.735: [GC [PSYoungGen: 585760K->352K(565696K)] 721547K->136227K(1252672K), 0.0078050 secs] [Times: user=0.03 sys=0.00, real=0.00 secs] 
2014-07-09T01:15:55.510+0000: 1778.972: [GC [PSYoungGen: 565664K->598K(546560K)] 701539K->136521K(1233536K), 0.0062640 secs] [Times: user=0.02 sys=0.00, real=0.01 secs] 
2014-07-09T01:15:56.688+0000: 1780.150: [GC [PSYoungGen: 546518K->288K(527744K)] 682441K->136251K(1214720K), 0.0058760 secs] [Times: user=0.01 sys=0.00, real=0.01 secs] 
2014-07-09T01:15:57.834+0000: 1781.296: [GC [PSYoungGen: 527712K->256K(510016K)] 663675K->136283K(1196992K), 0.0146620 secs] [Times: user=0.06 sys=0.00, real=0.01 secs] 
2014-07-09T01:15:58.932+0000: 1782.395: [GC [PSYoungGen: 510016K->192K(493056K)] 646043K->136259K(1180032K), 0.0115380 secs] [Times: user=0.05 sys=0.00, real=0.01 secs] 
2014-07-09T01:16:00.002+0000: 1783.465: [GC [PSYoungGen: 493056K->306K(477056K)] 629123K->136389K(1164032K), 0.0056230 secs] [Times: user=0.01 sys=0.00, real=0.00 secs] 
2014-07-09T01:16:01.031+0000: 1784.493: [GC [PSYoungGen: 477042K->128K(461440K)] 613125K->136243K(1148416K), 0.0091610 secs] [Times: user=0.03 sys=0.00, real=0.01 secs] 
2014-07-09T01:16:02.032+0000: 1785.494: [GC [PSYoungGen: 461440K->224K(446784K)] 597555K->136363K(1133760K), 0.0132430 secs] [Times: user=0.05 sys=0.00, real=0.02 secs] 
2014-07-09T01:16:03.003+0000: 1786.465: [GC [PSYoungGen: 446702K->520K(536448K)] 582842K->136707K(1223424K), 0.0196140 secs] [Times: user=0.07 sys=0.00, real=0.02 secs] 
2014-07-09T01:16:04.163+0000: 1787.625: [GC [PSYoungGen: 536392K->288K(643392K)] 672579K->136539K(1330368K), 0.0056520 secs] [Times: user=0.01 sys=0.00, real=0.01 secs] 
2014-07-09T01:16:05.561+0000: 1789.024: [GC [PSYoungGen: 643359K->288K(620480K)] 779611K->136579K(1307456K), 0.0114090 secs] [Times: user=0.04 sys=0.01, real=0.01 secs] 
2014-07-09T01:16:06.906+0000: 1790.368: [GC [PSYoungGen: 620448K->192K(598464K)] 756739K->136547K(1285440K), 0.0116960 secs] [Times: user=0.04 sys=0.00, real=0.01 secs] 
2014-07-09T01:16:08.204+0000: 1791.666: [GC [PSYoungGen: 598464K->256K(577664K)] 734819K->136683K(1264640K), 0.0048140 secs] [Times: user=0.01 sys=0.01, real=0.00 secs] 
2014-07-09T01:16:09.459+0000: 1792.921: [GC [PSYoungGen: 577664K->416K(557952K)] 714091K->136883K(1244928K), 0.0043510 secs] [Times: user=0.02 sys=0.00, real=0.00 secs] 
2014-07-09T01:16:10.671+0000: 1794.133: [GC [PSYoungGen: 557876K->128K(669184K)] 694344K->136627K(1356160K), 0.0300310 secs] [Times: user=0.10 sys=0.00, real=0.03 secs] 
2014-07-09T01:16:12.123+0000: 1795.585: [GC [PSYoungGen: 669184K->630K(803520K)] 805683K->137193K(1490496K), 0.0216990 secs] [Times: user=0.07 sys=0.00, real=0.03 secs] 
2014-07-09T01:16:13.860+0000: 1797.323: [GC [PSYoungGen: 803510K->242K(772800K)] 940073K->136935K(1459776K), 0.0061950 secs] [Times: user=0.02 sys=0.00, real=0.01 secs] 
2014-07-09T01:16:15.546+0000: 1799.008: [GC [PSYoungGen: 772761K->448K(927552K)] 909455K->137221K(1614528K), 0.0250590 secs] [Times: user=0.08 sys=0.00, real=0.02 secs] 
2014-07-09T01:16:17.547+0000: 1801.009: [GC [PSYoungGen: 927552K->306K(891200K)] 1064325K->137135K(1578176K), 0.0117850 secs] [Times: user=0.04 sys=0.00, real=0.01 secs] 
2014-07-09T01:16:19.492+0000: 1802.954: [GC [PSYoungGen: 891186K->384K(856768K)] 1028015K->137269K(1543744K), 0.0070200 secs] [Times: user=0.02 sys=0.00, real=0.01 secs] 
2014-07-09T01:16:21.355+0000: 1804.818: [GC [PSYoungGen: 856766K->224K(823744K)] 993652K->137141K(1510720K), 0.0056320 secs] [Times: user=0.01 sys=0.00, real=0.00 secs] 
2014-07-09T01:16:23.138+0000: 1806.601: [GC [PSYoungGen: 823676K->356K(792576K)] 960594K->137289K(1479552K), 0.0050250 secs] [Times: user=0.00 sys=0.01, real=0.00 secs] 
2014-07-09T01:16:24.865+0000: 1808.327: [GC [PSYoungGen: 792548K->128K(762496K)] 929481K->137141K(1449472K), 0.0085930 secs] [Times: user=0.01 sys=0.00, real=0.01 secs] 
2014-07-09T01:16:26.523+0000: 1809.985: [GC [PSYoungGen: 762496K->274K(734208K)] 899509K->137351K(1421184K), 0.0222990 secs] [Times: user=0.07 sys=0.00, real=0.02 secs] 
2014-07-09T01:16:28.119+0000: 1811.581: [GC [PSYoungGen: 734111K->356K(707136K)] 871189K->137481K(1394112K), 0.0220440 secs] [Times: user=0.07 sys=0.00, real=0.02 secs] 
2014-07-09T01:16:29.659+0000: 1813.121: [GC [PSYoungGen: 707108K->192K(681088K)] 844233K->137357K(1368064K), 0.0067410 secs] [Times: user=0.01 sys=0.00, real=0.00 secs] 
2014-07-09T01:16:31.135+0000: 1814.597: [GC [PSYoungGen: 681088K->288K(656576K)] 818253K->137477K(1343552K), 0.0148240 secs] [Times: user=0.05 sys=0.01, real=0.02 secs] 
2014-07-09T01:16:32.546+0000: 1816.008: [GC [PSYoungGen: 656544K->406K(633152K)] 793733K->137627K(1320128K), 0.0043130 secs] [Times: user=0.01 sys=0.00, real=0.01 secs] 
2014-07-09T01:16:33.917+0000: 1817.379: [GC [PSYoungGen: 633082K->420K(610688K)] 770304K->137721K(1297664K), 0.0100980 secs] [Times: user=0.04 sys=0.00, real=0.01 secs] 
2014-07-09T01:16:35.246+0000: 1818.708: [GC [PSYoungGen: 610660K->224K(589056K)] 747961K->137581K(1276032K), 0.0135980 secs] [Times: user=0.05 sys=0.00, real=0.02 secs] 
2014-07-09T01:16:36.521+0000: 1819.983: [GC [PSYoungGen: 589024K->580K(569024K)] 726381K->138017K(1256000K), 0.0147540 secs] [Times: user=0.04 sys=0.00, real=0.01 secs] 
2014-07-09T01:16:37.747+0000: 1821.209: [GC [PSYoungGen: 568866K->416K(549312K)] 706303K->137893K(1236288K), 0.0163000 secs] [Times: user=0.05 sys=0.00, real=0.02 secs] 
2014-07-09T01:16:38.941+0000: 1822.403: [GC [PSYoungGen: 549280K->64K(530304K)] 686757K->137573K(1217280K), 0.0125980 secs] [Times: user=0.04 sys=0.00, real=0.01 secs] 
2014-07-09T01:16:40.093+0000: 1823.556: [GC [PSYoungGen: 530304K->320K(513152K)] 667813K->137861K(1200128K), 0.0112700 secs] [Times: user=0.04 sys=0.00, real=0.01 secs] 
2014-07-09T01:16:41.203+0000: 1824.665: [GC [PSYoungGen: 512768K->96K(495552K)] 650309K->137661K(1182528K), 0.0073430 secs] [Times: user=0.01 sys=0.00, real=0.01 secs] 
2014-07-09T01:16:42.285+0000: 1825.747: [GC [PSYoungGen: 495463K->616K(479808K)] 633029K->138229K(1166784K), 0.0069430 secs] [Times: user=0.02 sys=0.00, real=0.01 secs] 
2014-07-09T01:16:43.326+0000: 1826.788: [GC [PSYoungGen: 479784K->448K(464064K)] 617397K->138133K(1151040K), 0.0048950 secs] [Times: user=0.02 sys=0.00, real=0.01 secs] 
2014-07-09T01:16:44.338+0000: 1827.801: [GC [PSYoungGen: 464014K->352K(449152K)] 601700K->138085K(1136128K), 0.0096760 secs] [Times: user=0.03 sys=0.00, real=0.01 secs] 
2014-07-09T01:16:45.318+0000: 1828.780: [GC [PSYoungGen: 449120K->580K(435200K)] 586853K->138361K(1122176K), 0.0095210 secs] [Times: user=0.03 sys=0.00, real=0.01 secs] 
2014-07-09T01:16:46.260+0000: 1829.722: [GC [PSYoungGen: 435140K->224K(421184K)] 572921K->138045K(1108160K), 0.0076480 secs] [Times: user=0.02 sys=0.00, real=0.00 secs] 
2014-07-09T01:16:47.179+0000: 1830.641: [GC [PSYoungGen: 421152K->320K(408256K)] 558973K->138173K(1095232K), 0.0048900 secs] [Times: user=0.01 sys=0.00, real=0.02 secs] 
2014-07-09T01:16:48.061+0000: 1831.523: [GC [PSYoungGen: 408256K->338K(395840K)] 546109K->138239K(1082816K), 0.0129960 secs] [Times: user=0.05 sys=0.00, real=0.01 secs] 
2014-07-09T01:16:48.858+0000: 1832.320: [GC [PSYoungGen: 395794K->146K(383680K)] 533695K->138063K(1070656K), 0.0064020 secs] [Times: user=0.01 sys=0.00, real=0.01 secs] 
2014-07-09T01:16:49.554+0000: 1833.016: [GC [PSYoungGen: 383634K->192K(372224K)] 521551K->138133K(1059200K), 0.0075550 secs] [Times: user=0.02 sys=0.00, real=0.01 secs] 
2014-07-09T01:16:50.168+0000: 1833.631: [GC [PSYoungGen: 372224K->320K(361408K)] 510165K->138301K(1048384K), 0.0063820 secs] [Times: user=0.01 sys=0.00, real=0.01 secs] 
2014-07-09T01:16:50.825+0000: 1834.287: [GC [PSYoungGen: 361408K->448K(433792K)] 499389K->138461K(1120768K), 0.0112630 secs] [Times: user=0.04 sys=0.00, real=0.01 secs] 
2014-07-09T01:16:51.552+0000: 1835.014: [GC [PSYoungGen: 433792K->548K(520640K)] 571805K->138601K(1207616K), 0.0045730 secs] [Times: user=0.01 sys=0.00, real=0.00 secs] 
2014-07-09T01:16:52.447+0000: 1835.910: [GC [PSYoungGen: 520611K->512K(503232K)] 658665K->138621K(1190208K), 0.0070090 secs] [Times: user=0.02 sys=0.00, real=0.01 secs] 
2014-07-09T01:16:53.285+0000: 1836.748: [GC [PSYoungGen: 503232K->512K(486656K)] 641341K->138725K(1173632K), 0.0044770 secs] [Times: user=0.01 sys=0.00, real=0.01 secs] 
2014-07-09T01:16:54.095+0000: 1837.557: [GC [PSYoungGen: 486650K->288K(583744K)] 624864K->138549K(1270720K), 0.0297270 secs] [Times: user=0.11 sys=0.00, real=0.03 secs] 
2014-07-09T01:16:55.079+0000: 1838.541: [GC [PSYoungGen: 583712K->402K(700608K)] 721973K->138711K(1387584K), 0.0109930 secs] [Times: user=0.04 sys=0.00, real=0.01 secs] 
2014-07-09T01:16:56.321+0000: 1839.783: [GC [PSYoungGen: 700562K->708K(840960K)] 838871K->139065K(1527936K), 0.0148260 secs] [Times: user=0.04 sys=0.00, real=0.02 secs] 
2014-07-09T01:16:57.801+0000: 1841.263: [GC [PSYoungGen: 840900K->384K(1008640K)] 979257K->138789K(1695616K), 0.0071230 secs] [Times: user=0.01 sys=0.01, real=0.01 secs] 
2014-07-09T01:16:59.498+0000: 1842.960: [GC [PSYoungGen: 1008587K->818K(1210752K)] 1146993K->139311K(1897728K), 0.0230010 secs] [Times: user=0.07 sys=0.00, real=0.03 secs] 
2014-07-09T01:17:01.554+0000: 1845.016: [GC [PSYoungGen: 1210738K->352K(1160448K)] 1349231K->138893K(1847424K), 0.0079680 secs] [Times: user=0.03 sys=0.00, real=0.00 secs] 
2014-07-09T01:17:03.525+0000: 1846.987: [GC [PSYoungGen: 1160413K->434K(1113088K)] 1298955K->139031K(1800064K), 0.0119550 secs] [Times: user=0.04 sys=0.00, real=0.01 secs] 
2014-07-09T01:17:05.423+0000: 1848.885: [GC [PSYoungGen: 1113074K->256K(1335424K)] 1251671K->138941K(2022400K), 0.0297700 secs] [Times: user=0.11 sys=0.00, real=0.03 secs] 
2014-07-09T01:17:07.688+0000: 1851.150: [GC [PSYoungGen: 1335424K->384K(1279616K)] 1474109K->139141K(1966592K), 0.0118150 secs] [Times: user=0.04 sys=0.00, real=0.01 secs] 
2014-07-09T01:17:09.902+0000: 1853.364: [GC [PSYoungGen: 1279616K->256K(1226304K)] 1418373K->139069K(1913280K), 0.0049130 secs] [Times: user=0.01 sys=0.00, real=0.01 secs] 
2014-07-09T01:17:11.939+0000: 1855.401: [GC [PSYoungGen: 1226304K->466K(1175936K)] 1365117K->139351K(1862912K), 0.0084170 secs] [Times: user=0.03 sys=0.00, real=0.01 secs] 
2014-07-09T01:17:13.927+0000: 1857.390: [GC [PSYoungGen: 1175890K->288K(1127552K)] 1314775K->139221K(1814528K), 0.0120400 secs] [Times: user=0.04 sys=0.00, real=0.01 secs] 
2014-07-09T01:17:15.815+0000: 1859.278: [GC [PSYoungGen: 1127520K->352K(1081792K)] 1266453K->139389K(1768768K), 0.0119970 secs] [Times: user=0.04 sys=0.00, real=0.01 secs] 
2014-07-09T01:17:17.629+0000: 1861.091: [GC [PSYoungGen: 1081760K->352K(1038144K)] 1220797K->139445K(1725120K), 0.0043670 secs] [Times: user=0.02 sys=0.00, real=0.00 secs] 
2014-07-09T01:17:19.400+0000: 1862.862: [GC [PSYoungGen: 1038112K->448K(996672K)] 1177205K->139597K(1683648K), 0.0145550 secs] [Times: user=0.05 sys=0.00, real=0.02 secs] 
2014-07-09T01:17:21.050+0000: 1864.513: [GC [PSYoungGen: 996672K->256K(956928K)] 1135821K->139469K(1643904K), 0.0036780 secs] [Times: user=0.01 sys=0.00, real=0.00 secs] 
2014-07-09T01:17:22.687+0000: 1866.149: [GC [PSYoungGen: 956928K->690K(919744K)] 1096141K->139951K(1606720K), 0.0219890 secs] [Times: user=0.07 sys=0.00, real=0.02 secs] 
2014-07-09T01:17:24.271+0000: 1867.733: [GC [PSYoungGen: 919730K->498K(883712K)] 1058991K->139847K(1570688K), 0.0163860 secs] [Times: user=0.05 sys=0.01, real=0.02 secs] 
2014-07-09T01:17:25.758+0000: 1869.220: [GC [PSYoungGen: 883698K->256K(849280K)] 1023047K->139661K(1536256K), 0.0051750 secs] [Times: user=0.01 sys=0.00, real=0.00 secs] 
2014-07-09T01:17:27.223+0000: 1870.685: [GC [PSYoungGen: 849280K->548K(817088K)] 988685K->140017K(1504064K), 0.0043660 secs] [Times: user=0.01 sys=0.00, real=0.01 secs] 
2014-07-09T01:17:28.664+0000: 1872.126: [GC [PSYoungGen: 817060K->192K(785728K)] 956529K->139701K(1472704K), 0.0084580 secs] [Times: user=0.03 sys=0.00, real=0.01 secs] 
2014-07-09T01:17:29.968+0000: 1873.430: [GC [PSYoungGen: 785728K->338K(756352K)] 925237K->139911K(1443328K), 0.0044380 secs] [Times: user=0.01 sys=0.00, real=0.00 secs] 
2014-07-09T01:17:31.230+0000: 1874.692: [GC [PSYoungGen: 756306K->552K(728384K)] 895879K->140173K(1415360K), 0.0044980 secs] [Times: user=0.02 sys=0.01, real=0.00 secs] 
2014-07-09T01:17:32.508+0000: 1875.971: [GC [PSYoungGen: 728349K->630K(701632K)] 867971K->140267K(1388608K), 0.0084100 secs] [Times: user=0.01 sys=0.00, real=0.01 secs] 
2014-07-09T01:17:33.715+0000: 1877.177: [GC [PSYoungGen: 701622K->274K(675712K)] 841259K->139983K(1362688K), 0.0057220 secs] [Times: user=0.01 sys=0.00, real=0.01 secs] 
2014-07-09T01:17:34.840+0000: 1878.302: [GC [PSYoungGen: 675666K->320K(651328K)] 815375K->140101K(1338304K), 0.0066060 secs] [Times: user=0.02 sys=0.00, real=0.00 secs] 
2014-07-09T01:17:35.932+0000: 1879.394: [GC [PSYoungGen: 651328K->566K(628288K)] 791109K->140403K(1315264K), 0.0094270 secs] [Times: user=0.02 sys=0.01, real=0.01 secs] 
2014-07-09T01:17:37.002+0000: 1880.464: [GC [PSYoungGen: 628278K->224K(605760K)] 768115K->140101K(1292736K), 0.0042290 secs] [Times: user=0.00 sys=0.00, real=0.00 secs] 
2014-07-09T01:17:38.032+0000: 1881.495: [GC [PSYoungGen: 605728K->598K(584960K)] 745605K->140531K(1271936K), 0.0119520 secs] [Times: user=0.04 sys=0.00, real=0.01 secs] 
2014-07-09T01:17:39.027+0000: 1882.489: [GC [PSYoungGen: 584918K->292K(564416K)] 724851K->140249K(1251392K), 0.0032500 secs] [Times: user=0.01 sys=0.00, real=0.00 secs] 
2014-07-09T01:17:39.983+0000: 1883.445: [GC [PSYoungGen: 564388K->576K(545344K)] 704345K->140581K(1232320K), 0.0048060 secs] [Times: user=0.01 sys=0.00, real=0.01 secs] 
2014-07-09T01:17:40.938+0000: 1884.400: [GC [PSYoungGen: 545328K->324K(526720K)] 685334K->140361K(1213696K), 0.0090450 secs] [Times: user=0.03 sys=0.00, real=0.00 secs] 
2014-07-09T01:17:41.854+0000: 1885.317: [GC [PSYoungGen: 526660K->320K(508992K)] 666697K->140389K(1195968K), 0.0043630 secs] [Times: user=0.01 sys=0.00, real=0.01 secs] 
2014-07-09T01:17:42.729+0000: 1886.191: [GC [PSYoungGen: 508992K->256K(492096K)] 649061K->140365K(1179072K), 0.0126550 secs] [Times: user=0.04 sys=0.00, real=0.01 secs] 
2014-07-09T01:17:43.646+0000: 1887.108: [GC [PSYoungGen: 492096K->256K(475968K)] 632205K->140437K(1162944K), 0.0043670 secs] [Times: user=0.01 sys=0.00, real=0.01 secs] 
2014-07-09T01:17:44.468+0000: 1887.930: [GC [PSYoungGen: 475968K->530K(460864K)] 616149K->140783K(1147840K), 0.0057750 secs] [Times: user=0.01 sys=0.00, real=0.01 secs] 
2014-07-09T01:17:45.197+0000: 1888.659: [GC [PSYoungGen: 460818K->320K(552704K)] 601071K->140605K(1239680K), 0.0235960 secs] [Times: user=0.09 sys=0.00, real=0.03 secs] 
2014-07-09T01:17:46.162+0000: 1889.624: [GC [PSYoungGen: 552684K->456K(663424K)] 692969K->140765K(1350400K), 0.0137260 secs] [Times: user=0.04 sys=0.00, real=0.01 secs] 
2014-07-09T01:17:47.255+0000: 1890.717: [GC [PSYoungGen: 663332K->406K(795968K)] 803642K->140755K(1482944K), 0.0047750 secs] [Times: user=0.01 sys=0.00, real=0.01 secs] 
2014-07-09T01:17:48.618+0000: 1892.080: [GC [PSYoungGen: 795855K->534K(766080K)] 936205K->140931K(1453056K), 0.0059940 secs] [Times: user=0.02 sys=0.00, real=0.01 secs] 
2014-07-09T01:17:49.951+0000: 1893.413: [GC [PSYoungGen: 766004K->634K(737536K)] 906402K->141095K(1424512K), 0.0091180 secs] [Times: user=0.03 sys=0.00, real=0.01 secs] 
2014-07-09T01:17:51.331+0000: 1894.794: [GC [PSYoungGen: 737530K->320K(884608K)] 877991K->140813K(1571584K), 0.0373860 secs] [Times: user=0.13 sys=0.00, real=0.04 secs] 
2014-07-09T01:17:53.028+0000: 1896.491: [GC [PSYoungGen: 884608K->644K(1061888K)] 1025101K->141185K(1748864K), 0.0198890 secs] [Times: user=0.07 sys=0.00, real=0.02 secs] 
2014-07-09T01:17:55.039+0000: 1898.501: [GC [PSYoungGen: 1061828K->530K(1274048K)] 1202369K->141199K(1961024K), 0.0141880 secs] [Times: user=0.05 sys=0.00, real=0.02 secs] 
2014-07-09T01:17:57.323+0000: 1900.785: [GC [PSYoungGen: 1273966K->484K(1221056K)] 1414636K->141233K(1908032K), 0.0103630 secs] [Times: user=0.03 sys=0.00, real=0.01 secs] 
2014-07-09T01:17:59.322+0000: 1902.784: [GC [PSYoungGen: 1221028K->210K(1170432K)] 1361777K->141023K(1857408K), 0.0077360 secs] [Times: user=0.02 sys=0.00, real=0.01 secs] 
2014-07-09T01:18:01.197+0000: 1904.660: [GC [PSYoungGen: 1170386K->224K(1122496K)] 1311199K->141069K(1809472K), 0.0044010 secs] [Times: user=0.01 sys=0.01, real=0.01 secs] 
2014-07-09T01:18:03.012+0000: 1906.474: [GC [PSYoungGen: 1122464K->512K(1077120K)] 1263309K->141397K(1764096K), 0.0097920 secs] [Times: user=0.02 sys=0.00, real=0.01 secs] 
2014-07-09T01:18:04.776+0000: 1908.238: [GC [PSYoungGen: 1077120K->352K(1033600K)] 1218005K->141325K(1720576K), 0.0065170 secs] [Times: user=0.02 sys=0.00, real=0.01 secs] 
2014-07-09T01:18:06.441+0000: 1909.904: [GC [PSYoungGen: 1033565K->224K(992128K)] 1174539K->141261K(1679104K), 0.0054300 secs] [Times: user=0.02 sys=0.00, real=0.00 secs] 
2014-07-09T01:18:08.035+0000: 1911.497: [GC [PSYoungGen: 992096K->128K(952640K)] 1133133K->141197K(1639616K), 0.0044680 secs] [Times: user=0.01 sys=0.01, real=0.00 secs] 
2014-07-09T01:18:09.622+0000: 1913.085: [GC [PSYoungGen: 952640K->320K(915392K)] 1093709K->141437K(1602368K), 0.0083080 secs] [Times: user=0.03 sys=0.00, real=0.00 secs] 
2014-07-09T01:18:11.099+0000: 1914.561: [GC [PSYoungGen: 915357K->192K(879616K)] 1056475K->141341K(1566592K), 0.0043190 secs] [Times: user=0.00 sys=0.00, real=0.01 secs] 
2014-07-09T01:18:12.548+0000: 1916.010: [GC [PSYoungGen: 879616K->434K(845888K)] 1020765K->141623K(1532864K), 0.0103180 secs] [Times: user=0.04 sys=0.00, real=0.01 secs] 
2014-07-09T01:18:13.924+0000: 1917.387: [GC [PSYoungGen: 845874K->242K(813312K)] 987063K->141487K(1500288K), 0.0284630 secs] [Times: user=0.10 sys=0.00, real=0.03 secs] 
2014-07-09T01:18:15.244+0000: 1918.706: [GC [PSYoungGen: 813298K->274K(782528K)] 954543K->141575K(1469504K), 0.0050150 secs] [Times: user=0.02 sys=0.00, real=0.00 secs] 
2014-07-09T01:18:16.532+0000: 1919.994: [GC [PSYoungGen: 782482K->320K(753152K)] 923783K->141661K(1440128K), 0.0060630 secs] [Times: user=0.01 sys=0.00, real=0.01 secs] 
2014-07-09T01:18:17.757+0000: 1921.219: [GC [PSYoungGen: 753152K->160K(724992K)] 894493K->141525K(1411968K), 0.0062700 secs] [Times: user=0.02 sys=0.00, real=0.01 secs] 
2014-07-09T01:18:18.971+0000: 1922.434: [GC [PSYoungGen: 724960K->402K(698560K)] 866325K->141807K(1385536K), 0.0103990 secs] [Times: user=0.04 sys=0.00, real=0.01 secs] 
2014-07-09T01:18:20.083+0000: 1923.545: [GC [PSYoungGen: 698514K->484K(838272K)] 839919K->141937K(1525248K), 0.0222840 secs] [Times: user=0.07 sys=0.00, real=0.03 secs] 
2014-07-09T01:18:21.455+0000: 1924.917: [GC [PSYoungGen: 838244K->534K(1005888K)] 979697K->142027K(1692864K), 0.0218700 secs] [Times: user=0.08 sys=0.00, real=0.02 secs] 
2014-07-09T01:18:23.074+0000: 1926.536: [GC [PSYoungGen: 1005846K->256K(965568K)] 1147339K->141765K(1652544K), 0.0045220 secs] [Times: user=0.01 sys=0.00, real=0.00 secs] 
2014-07-09T01:18:24.659+0000: 1928.121: [GC [PSYoungGen: 965568K->306K(927552K)] 1107077K->141879K(1614528K), 0.0049990 secs] [Times: user=0.01 sys=0.00, real=0.00 secs] 
2014-07-09T01:18:26.188+0000: 1929.650: [GC [PSYoungGen: 927538K->448K(891456K)] 1069111K->142085K(1578432K), 0.0071540 secs] [Times: user=0.02 sys=0.00, real=0.01 secs] 
2014-07-09T01:18:27.669+0000: 1931.131: [GC [PSYoungGen: 891456K->352K(856896K)] 1033093K->142037K(1543872K), 0.0069230 secs] [Times: user=0.02 sys=0.00, real=0.01 secs] 
2014-07-09T01:18:29.062+0000: 1932.524: [GC [PSYoungGen: 856864K->288K(823936K)] 998549K->142021K(1510912K), 0.0035450 secs] [Times: user=0.01 sys=0.00, real=0.01 secs] 
2014-07-09T01:18:30.403+0000: 1933.865: [GC [PSYoungGen: 823904K->534K(792832K)] 965637K->142323K(1479808K), 0.0072810 secs] [Times: user=0.03 sys=0.00, real=0.01 secs] 
2014-07-09T01:18:31.682+0000: 1935.144: [GC [PSYoungGen: 792790K->388K(762816K)] 934579K->142209K(1449792K), 0.0076750 secs] [Times: user=0.03 sys=0.00, real=0.01 secs] 
2014-07-09T01:18:32.914+0000: 1936.377: [GC [PSYoungGen: 762756K->356K(734272K)] 904577K->142217K(1421248K), 0.0045360 secs] [Times: user=0.01 sys=0.00, real=0.01 secs] 
2014-07-09T01:18:34.116+0000: 1937.578: [GC [PSYoungGen: 734238K->352K(707136K)] 876100K->142285K(1394112K), 0.0065060 secs] [Times: user=0.02 sys=0.00, real=0.01 secs] 
2014-07-09T01:18:35.265+0000: 1938.728: [GC [PSYoungGen: 707056K->438K(681344K)] 848990K->142411K(1368320K), 0.0116610 secs] [Times: user=0.04 sys=0.00, real=0.02 secs] 
2014-07-09T01:18:36.375+0000: 1939.837: [GC [PSYoungGen: 681334K->416K(656704K)] 823307K->142437K(1343680K), 0.0096270 secs] [Times: user=0.03 sys=0.00, real=0.01 secs] 
2014-07-09T01:18:37.440+0000: 1940.902: [GC [PSYoungGen: 656672K->256K(632960K)] 798693K->142325K(1319936K), 0.0144430 secs] [Times: user=0.04 sys=0.00, real=0.01 secs] 
2014-07-09T01:18:38.482+0000: 1941.944: [GC [PSYoungGen: 632960K->320K(610560K)] 775029K->142413K(1297536K), 0.0048830 secs] [Times: user=0.02 sys=0.00, real=0.01 secs] 
2014-07-09T01:18:39.490+0000: 1942.952: [GC [PSYoungGen: 610560K->356K(589184K)] 752653K->142481K(1276160K), 0.0071990 secs] [Times: user=0.02 sys=0.00, real=0.01 secs] 
2014-07-09T01:18:40.450+0000: 1943.912: [GC [PSYoungGen: 589156K->420K(568832K)] 731281K->142585K(1255808K), 0.0107120 secs] [Times: user=0.03 sys=0.00, real=0.01 secs] 
2014-07-09T01:18:41.366+0000: 1944.829: [GC [PSYoungGen: 568804K->192K(549056K)] 710969K->142381K(1236032K), 0.0127000 secs] [Times: user=0.04 sys=0.00, real=0.02 secs] 
2014-07-09T01:18:42.281+0000: 1945.743: [GC [PSYoungGen: 549056K->448K(530688K)] 691245K->142669K(1217664K), 0.0048610 secs] [Times: user=0.01 sys=0.00, real=0.00 secs] 
2014-07-09T01:18:43.126+0000: 1946.588: [GC [PSYoungGen: 530688K->224K(636544K)] 672909K->142493K(1323520K), 0.0209960 secs] [Times: user=0.07 sys=0.00, real=0.03 secs] 
2014-07-09T01:18:44.202+0000: 1947.665: [GC [PSYoungGen: 636512K->320K(763904K)] 778781K->142637K(1450880K), 0.0094390 secs] [Times: user=0.03 sys=0.00, real=0.01 secs] 
2014-07-09T01:18:45.482+0000: 1948.944: [GC [PSYoungGen: 763904K->384K(735424K)] 906221K->142749K(1422400K), 0.0054840 secs] [Times: user=0.02 sys=0.00, real=0.01 secs] 
2014-07-09T01:18:46.680+0000: 1950.142: [GC [PSYoungGen: 735424K->288K(708160K)] 877789K->142701K(1395136K), 0.0118290 secs] [Times: user=0.04 sys=0.00, real=0.01 secs] 
2014-07-09T01:18:47.845+0000: 1951.307: [GC [PSYoungGen: 708128K->306K(682240K)] 850541K->142743K(1369216K), 0.0039420 secs] [Times: user=0.01 sys=0.00, real=0.01 secs] 
2014-07-09T01:18:48.960+0000: 1952.422: [GC [PSYoungGen: 682226K->434K(657664K)] 824663K->142895K(1344640K), 0.0048080 secs] [Times: user=0.01 sys=0.00, real=0.00 secs] 
2014-07-09T01:18:50.052+0000: 1953.515: [GC [PSYoungGen: 657650K->192K(633856K)] 800111K->142677K(1320832K), 0.0087590 secs] [Times: user=0.01 sys=0.00, real=0.01 secs] 
2014-07-09T01:18:51.078+0000: 1954.540: [GC [PSYoungGen: 633856K->210K(611456K)] 776341K->142727K(1298432K), 0.0040980 secs] [Times: user=0.01 sys=0.00, real=0.00 secs] 
2014-07-09T01:18:52.068+0000: 1955.531: [GC [PSYoungGen: 611410K->256K(590016K)] 753927K->142805K(1276992K), 0.0039960 secs] [Times: user=0.01 sys=0.00, real=0.00 secs] 
2014-07-09T01:18:53.018+0000: 1956.480: [GC [PSYoungGen: 590016K->288K(569600K)] 732565K->142885K(1256576K), 0.0137910 secs] [Times: user=0.04 sys=0.00, real=0.01 secs] 
2014-07-09T01:18:53.991+0000: 1957.454: [GC [PSYoungGen: 569568K->352K(550080K)] 712165K->143005K(1237056K), 0.0133640 secs] [Times: user=0.05 sys=0.00, real=0.01 secs] 
2014-07-09T01:18:54.944+0000: 1958.406: [GC [PSYoungGen: 550048K->256K(531264K)] 692701K->142941K(1218240K), 0.0059490 secs] [Times: user=0.02 sys=0.00, real=0.01 secs] 
2014-07-09T01:18:55.814+0000: 1959.277: [GC [PSYoungGen: 531264K->160K(513344K)] 673949K->142893K(1200320K), 0.0062840 secs] [Times: user=0.01 sys=0.00, real=0.01 secs] 
2014-07-09T01:18:56.721+0000: 1960.183: [GC [PSYoungGen: 513312K->288K(496448K)] 656045K->143045K(1183424K), 0.0047090 secs] [Times: user=0.01 sys=0.00, real=0.00 secs] 
2014-07-09T01:18:57.654+0000: 1961.116: [GC [PSYoungGen: 496416K->420K(480256K)] 639173K->143209K(1167232K), 0.0054140 secs] [Times: user=0.01 sys=0.01, real=0.01 secs] 
2014-07-09T01:18:58.554+0000: 1962.017: [GC [PSYoungGen: 480228K->288K(464576K)] 623017K->143117K(1151552K), 0.0058570 secs] [Times: user=0.01 sys=0.00, real=0.01 secs] 
2014-07-09T01:18:59.437+0000: 1962.899: [GC [PSYoungGen: 464544K->512K(449856K)] 607373K->143397K(1136832K), 0.0143350 secs] [Times: user=0.03 sys=0.00, real=0.02 secs] 
2014-07-09T01:19:00.316+0000: 1963.778: [GC [PSYoungGen: 449856K->242K(435328K)] 592741K->143343K(1122304K), 0.0084650 secs] [Times: user=0.02 sys=0.00, real=0.01 secs] 
2014-07-09T01:19:01.136+0000: 1964.598: [GC [PSYoungGen: 435314K->580K(522752K)] 578415K->143737K(1209728K), 0.0110150 secs] [Times: user=0.03 sys=0.00, real=0.01 secs] 
2014-07-09T01:19:02.089+0000: 1965.551: [GC [PSYoungGen: 522692K->416K(505088K)] 665849K->143645K(1192064K), 0.0072200 secs] [Times: user=0.02 sys=0.00, real=0.01 secs] 
2014-07-09T01:19:02.946+0000: 1966.408: [GC [PSYoungGen: 505056K->256K(488256K)] 648285K->143541K(1175232K), 0.0029220 secs] [Times: user=0.01 sys=0.00, real=0.00 secs] 
2014-07-09T01:19:03.759+0000: 1967.221: [GC [PSYoungGen: 488256K->256K(472320K)] 631541K->143605K(1159296K), 0.0055070 secs] [Times: user=0.02 sys=0.00, real=0.01 secs] 
2014-07-09T01:19:04.551+0000: 1968.013: [GC [PSYoungGen: 472320K->224K(457088K)] 615669K->143597K(1144064K), 0.0034870 secs] [Times: user=0.02 sys=0.00, real=0.00 secs] 
2014-07-09T01:19:05.307+0000: 1968.769: [GC [PSYoungGen: 457053K->562K(442816K)] 600427K->143975K(1129792K), 0.0107150 secs] [Times: user=0.04 sys=0.00, real=0.01 secs] 
2014-07-09T01:19:06.016+0000: 1969.478: [GC [PSYoungGen: 442794K->224K(530944K)] 586208K->143669K(1217920K), 0.0108990 secs] [Times: user=0.04 sys=0.00, real=0.01 secs] 
2014-07-09T01:19:06.929+0000: 1970.391: [GC [PSYoungGen: 530912K->192K(513024K)] 674357K->143653K(1200000K), 0.0072520 secs] [Times: user=0.01 sys=0.00, real=0.01 secs] 
2014-07-09T01:19:07.766+0000: 1971.228: [GC [PSYoungGen: 513022K->228K(496064K)] 656484K->143705K(1183040K), 0.0037490 secs] [Times: user=0.01 sys=0.00, real=0.00 secs] 
2014-07-09T01:19:08.584+0000: 1972.047: [GC [PSYoungGen: 496036K->498K(595520K)] 639513K->144007K(1282496K), 0.0127520 secs] [Times: user=0.04 sys=0.00, real=0.01 secs] 
2014-07-09T01:19:09.573+0000: 1973.036: [GC [PSYoungGen: 595506K->256K(574528K)] 739015K->143797K(1261504K), 0.0091480 secs] [Times: user=0.03 sys=0.00, real=0.01 secs] 
2014-07-09T01:19:10.498+0000: 1973.961: [GC [PSYoungGen: 574528K->288K(554816K)] 718069K->143861K(1241792K), 0.0033460 secs] [Times: user=0.01 sys=0.00, real=0.01 secs] 
2014-07-09T01:19:11.394+0000: 1974.856: [GC [PSYoungGen: 554738K->192K(535808K)] 698312K->143781K(1222784K), 0.0066540 secs] [Times: user=0.00 sys=0.00, real=0.00 secs] 
2014-07-09T01:19:12.261+0000: 1975.723: [GC [PSYoungGen: 535808K->530K(518144K)] 679397K->144159K(1205120K), 0.0120530 secs] [Times: user=0.04 sys=0.00, real=0.01 secs] 
2014-07-09T01:19:13.114+0000: 1976.576: [GC [PSYoungGen: 518098K->192K(500544K)] 661727K->143877K(1187520K), 0.0072400 secs] [Times: user=0.03 sys=0.00, real=0.00 secs] 
2014-07-09T01:19:13.955+0000: 1977.418: [GC [PSYoungGen: 500544K->192K(484032K)] 644229K->143933K(1171008K), 0.0031580 secs] [Times: user=0.01 sys=0.00, real=0.00 secs] 
2014-07-09T01:19:14.764+0000: 1978.227: [GC [PSYoungGen: 483945K->242K(468352K)] 627687K->144015K(1155328K), 0.0065090 secs] [Times: user=0.02 sys=0.00, real=0.00 secs] 
2014-07-09T01:19:15.538+0000: 1979.000: [GC [PSYoungGen: 468338K->516K(562304K)] 612111K->144329K(1249280K), 0.0207310 secs] [Times: user=0.07 sys=0.00, real=0.02 secs] 
2014-07-09T01:19:16.595+0000: 1980.057: [GC [PSYoungGen: 562243K->448K(674560K)] 706057K->144293K(1361536K), 0.0296030 secs] [Times: user=0.10 sys=0.00, real=0.03 secs] 
2014-07-09T01:19:17.867+0000: 1981.329: [GC [PSYoungGen: 674557K->416K(809408K)] 818403K->144325K(1496384K), 0.0048000 secs] [Times: user=0.01 sys=0.00, real=0.00 secs] 
2014-07-09T01:19:19.415+0000: 1982.877: [GC [PSYoungGen: 809376K->676K(971456K)] 953285K->144729K(1658432K), 0.0122340 secs] [Times: user=0.04 sys=0.01, real=0.01 secs] 
2014-07-09T01:19:21.227+0000: 1984.689: [GC [PSYoungGen: 971428K->320K(1165248K)] 1115481K->144453K(1852224K), 0.0096660 secs] [Times: user=0.03 sys=0.00, real=0.01 secs] 
2014-07-09T01:19:23.215+0000: 1986.677: [GC [PSYoungGen: 1165248K->224K(1398208K)] 1309381K->144405K(2085184K), 0.0249700 secs] [Times: user=0.07 sys=0.00, real=0.02 secs] 
2014-07-09T01:19:25.536+0000: 1988.998: [GC [PSYoungGen: 1398176K->352K(1339328K)] 1542357K->144637K(2026304K), 0.0116840 secs] [Times: user=0.03 sys=0.01, real=0.01 secs] 
2014-07-09T01:19:27.709+0000: 1991.171: [GC [PSYoungGen: 1339296K->288K(1283136K)] 1483581K->144653K(1970112K), 0.0087240 secs] [Times: user=0.03 sys=0.00, real=0.01 secs] 
2014-07-09T01:19:29.783+0000: 1993.245: [GC [PSYoungGen: 1283104K->594K(1230080K)] 1427469K->145031K(1917056K), 0.0182090 secs] [Times: user=0.06 sys=0.00, real=0.02 secs] 
2014-07-09T01:19:31.823+0000: 1995.286: [GC [PSYoungGen: 1229961K->320K(1178944K)] 1374399K->144813K(1865920K), 0.0094240 secs] [Times: user=0.01 sys=0.00, real=0.01 secs] 
2014-07-09T01:19:33.767+0000: 1997.229: [GC [PSYoungGen: 1178944K->566K(1130880K)] 1323437K->145131K(1817856K), 0.0047960 secs] [Times: user=0.02 sys=0.00, real=0.00 secs] 
2014-07-09T01:19:35.827+0000: 1999.289: [GC [PSYoungGen: 1130870K->576K(1084864K)] 1275435K->145245K(1771840K), 0.0101430 secs] [Times: user=0.04 sys=0.00, real=0.01 secs] 
2014-07-09T01:19:37.853+0000: 2001.315: [GC [PSYoungGen: 1084864K->416K(1040960K)] 1229533K->145181K(1727936K), 0.0045180 secs] [Times: user=0.01 sys=0.00, real=0.01 secs] 
2014-07-09T01:19:39.813+0000: 2003.275: [GC [PSYoungGen: 1040928K->544K(999424K)] 1185693K->145373K(1686400K), 0.0186740 secs] [Times: user=0.07 sys=0.00, real=0.02 secs] 
2014-07-09T01:19:41.540+0000: 2005.002: [GC [PSYoungGen: 999392K->352K(959552K)] 1144221K->145261K(1646528K), 0.0126580 secs] [Times: user=0.05 sys=0.00, real=0.01 secs] 
2014-07-09T01:19:43.136+0000: 2006.598: [GC [PSYoungGen: 959520K->292K(921728K)] 1104429K->145225K(1608704K), 0.0080380 secs] [Times: user=0.01 sys=0.00, real=0.00 secs] 
2014-07-09T01:19:44.659+0000: 2008.121: [GC [PSYoungGen: 921700K->384K(885824K)] 1066633K->145397K(1572800K), 0.0048210 secs] [Times: user=0.01 sys=0.00, real=0.01 secs] 
2014-07-09T01:19:46.121+0000: 2009.584: [GC [PSYoungGen: 885824K->416K(851648K)] 1030837K->145493K(1538624K), 0.0068320 secs] [Times: user=0.03 sys=0.00, real=0.01 secs] 
2014-07-09T01:19:47.507+0000: 2010.970: [GC [PSYoungGen: 851616K->288K(818880K)] 996693K->145421K(1505856K), 0.0033380 secs] [Times: user=0.01 sys=0.00, real=0.00 secs] 
2014-07-09T01:19:48.842+0000: 2012.305: [GC [PSYoungGen: 818790K->484K(787968K)] 963924K->145641K(1474944K), 0.0149420 secs] [Times: user=0.04 sys=0.00, real=0.02 secs] 
2014-07-09T01:19:50.144+0000: 2013.606: [GC [PSYoungGen: 787940K->256K(758080K)] 933097K->145453K(1445056K), 0.0040330 secs] [Times: user=0.01 sys=0.00, real=0.01 secs] 
2014-07-09T01:19:51.415+0000: 2014.877: [GC [PSYoungGen: 758080K->338K(729984K)] 903277K->145591K(1416960K), 0.0071640 secs] [Times: user=0.02 sys=0.00, real=0.01 secs] 
2014-07-09T01:19:52.630+0000: 2016.093: [GC [PSYoungGen: 729938K->544K(703232K)] 875191K->145829K(1390208K), 0.0046560 secs] [Times: user=0.01 sys=0.00, real=0.00 secs] 
2014-07-09T01:19:53.937+0000: 2017.399: [GC [PSYoungGen: 703200K->384K(677376K)] 848485K->145749K(1364352K), 0.0069640 secs] [Times: user=0.02 sys=0.00, real=0.01 secs] 
2014-07-09T01:19:55.217+0000: 2018.679: [GC [PSYoungGen: 677376K->416K(652928K)] 822741K->145869K(1339904K), 0.0070210 secs] [Times: user=0.02 sys=0.00, real=0.01 secs] 
2014-07-09T01:19:56.441+0000: 2019.903: [GC [PSYoungGen: 652896K->548K(629696K)] 798349K->146081K(1316672K), 0.0276890 secs] [Times: user=0.09 sys=0.00, real=0.03 secs] 
2014-07-09T01:19:57.625+0000: 2021.088: [GC [PSYoungGen: 629668K->448K(755392K)] 775201K->146169K(1442368K), 0.0193210 secs] [Times: user=0.07 sys=0.00, real=0.02 secs] 
2014-07-09T01:19:59.008+0000: 2022.470: [GC [PSYoungGen: 755392K->516K(727424K)] 901113K->146293K(1414400K), 0.0032260 secs] [Times: user=0.01 sys=0.00, real=0.01 secs] 
2014-07-09T01:20:00.234+0000: 2023.696: [GC [PSYoungGen: 727364K->374K(700416K)] 873141K->146199K(1387392K), 0.0040950 secs] [Times: user=0.02 sys=0.00, real=0.00 secs] 
2014-07-09T01:20:01.414+0000: 2024.877: [GC [PSYoungGen: 700395K->288K(674816K)] 846221K->146145K(1361792K), 0.0083390 secs] [Times: user=0.03 sys=0.00, real=0.01 secs] 
2014-07-09T01:20:02.507+0000: 2025.969: [GC [PSYoungGen: 674784K->306K(650432K)] 820641K->146187K(1337408K), 0.0046970 secs] [Times: user=0.01 sys=0.00, real=0.01 secs] 
2014-07-09T01:20:03.575+0000: 2027.037: [GC [PSYoungGen: 650418K->402K(780608K)] 796299K->146363K(1467584K), 0.0283430 secs] [Times: user=0.10 sys=0.00, real=0.03 secs] 
2014-07-09T01:20:04.869+0000: 2028.331: [GC [PSYoungGen: 780562K->160K(751040K)] 926523K->146153K(1438016K), 0.0043350 secs] [Times: user=0.01 sys=0.00, real=0.01 secs] 
2014-07-09T01:20:06.090+0000: 2029.552: [GC [PSYoungGen: 751008K->224K(723200K)] 897001K->146273K(1410176K), 0.0127190 secs] [Times: user=0.05 sys=0.00, real=0.02 secs] 
2014-07-09T01:20:07.284+0000: 2030.746: [GC [PSYoungGen: 723157K->516K(696896K)] 869207K->146613K(1383872K), 0.0062540 secs] [Times: user=0.01 sys=0.00, real=0.01 secs] 
2014-07-09T01:20:08.431+0000: 2031.893: [GC [PSYoungGen: 696745K->420K(671360K)] 842843K->146573K(1358336K), 0.0088620 secs] [Times: user=0.02 sys=0.00, real=0.01 secs] 
2014-07-09T01:20:09.520+0000: 2032.982: [GC [PSYoungGen: 671332K->384K(647104K)] 817485K->146577K(1334080K), 0.0053930 secs] [Times: user=0.01 sys=0.00, real=0.00 secs] 
2014-07-09T01:20:10.636+0000: 2034.098: [GC [PSYoungGen: 647068K->580K(624256K)] 793262K->146805K(1311232K), 0.0118340 secs] [Times: user=0.04 sys=0.00, real=0.01 secs] 
2014-07-09T01:20:11.677+0000: 2035.139: [GC [PSYoungGen: 624196K->224K(601856K)] 770421K->146473K(1288832K), 0.0044310 secs] [Times: user=0.01 sys=0.00, real=0.01 secs] 
2014-07-09T01:20:12.687+0000: 2036.149: [GC [PSYoungGen: 601824K->416K(580992K)] 748073K->146721K(1267968K), 0.0054820 secs] [Times: user=0.02 sys=0.00, real=0.01 secs] 
2014-07-09T01:20:13.660+0000: 2037.122: [GC [PSYoungGen: 580885K->488K(560960K)] 727191K->146857K(1247936K), 0.0045020 secs] [Times: user=0.01 sys=0.01, real=0.01 secs] 
2014-07-09T01:20:14.626+0000: 2038.088: [GC [PSYoungGen: 560936K->566K(673152K)] 707305K->146991K(1360128K), 0.0337470 secs] [Times: user=0.12 sys=0.00, real=0.03 secs] 
2014-07-09T01:20:15.899+0000: 2039.362: [GC [PSYoungGen: 673142K->370K(807488K)] 819567K->146883K(1494464K), 0.0043790 secs] [Times: user=0.01 sys=0.00, real=0.01 secs] 
2014-07-09T01:20:17.414+0000: 2040.877: [GC [PSYoungGen: 807474K->512K(777088K)] 953987K->147105K(1464064K), 0.0089530 secs] [Times: user=0.02 sys=0.00, real=0.01 secs] 
2014-07-09T01:20:18.891+0000: 2042.353: [GC [PSYoungGen: 777085K->384K(932288K)] 923679K->147025K(1619264K), 0.0673810 secs] [Times: user=0.13 sys=0.00, real=0.07 secs] 
2014-07-09T01:20:20.631+0000: 2044.093: [GC [PSYoungGen: 932288K->608K(1118976K)] 1078929K->147305K(1805952K), 0.0048060 secs] [Times: user=0.01 sys=0.01, real=0.01 secs] 
2014-07-09T01:20:22.508+0000: 2045.971: [GC [PSYoungGen: 1118944K->438K(1342464K)] 1265641K->147207K(2029440K), 0.0108230 secs] [Times: user=0.04 sys=0.00, real=0.01 secs] 
2014-07-09T01:20:24.731+0000: 2048.193: [GC [PSYoungGen: 1342454K->370K(1609984K)] 1489223K->147227K(2296960K), 0.0086410 secs] [Times: user=0.03 sys=0.00, real=0.01 secs] 
2014-07-09T01:20:27.317+0000: 2050.780: [GC [PSYoungGen: 1609586K->192K(1540096K)] 1756443K->147105K(2227072K), 0.0051430 secs] [Times: user=0.01 sys=0.00, real=0.00 secs] 
2014-07-09T01:20:29.810+0000: 2053.272: [GC [PSYoungGen: 1540096K->192K(1474176K)] 1687009K->147153K(2161152K), 0.0043670 secs] [Times: user=0.01 sys=0.00, real=0.01 secs] 
2014-07-09T01:20:32.186+0000: 2055.649: [GC [PSYoungGen: 1474176K->512K(1411776K)] 1621137K->147521K(2098752K), 0.0243250 secs] [Times: user=0.08 sys=0.00, real=0.02 secs] 
2014-07-09T01:20:34.497+0000: 2057.959: [GC [PSYoungGen: 1411776K->416K(1352064K)] 1558785K->147497K(2039040K), 0.0065200 secs] [Times: user=0.01 sys=0.00, real=0.00 secs] 
2014-07-09T01:20:36.781+0000: 2060.243: [GC [PSYoungGen: 1352032K->576K(1295488K)] 1499113K->147737K(1982464K), 0.0142330 secs] [Times: user=0.04 sys=0.00, real=0.02 secs] 
2014-07-09T01:20:39.009+0000: 2062.471: [GC [PSYoungGen: 1295488K->690K(1241664K)] 1442649K->147939K(1928640K), 0.0100470 secs] [Times: user=0.03 sys=0.00, real=0.01 secs] 
2014-07-09T01:20:41.352+0000: 2064.814: [GC [PSYoungGen: 1241650K->320K(1189952K)] 1388899K->147689K(1876928K), 0.0368730 secs] [Times: user=0.13 sys=0.00, real=0.04 secs] 
2014-07-09T01:20:43.599+0000: 2067.061: [GC [PSYoungGen: 1189952K->480K(1141312K)] 1337321K->147945K(1828288K), 0.0070160 secs] [Times: user=0.01 sys=0.01, real=0.01 secs] 
2014-07-09T01:20:45.486+0000: 2068.949: [GC [PSYoungGen: 1141276K->338K(1094656K)] 1288742K->147931K(1781632K), 0.0056570 secs] [Times: user=0.01 sys=0.00, real=0.00 secs] 
2014-07-09T01:20:47.276+0000: 2070.738: [GC [PSYoungGen: 1094610K->224K(1050304K)] 1242203K->147881K(1737280K), 0.0078020 secs] [Times: user=0.01 sys=0.00, real=0.01 secs] 
2014-07-09T01:20:48.986+0000: 2072.448: [GC [PSYoungGen: 1050272K->370K(1008320K)] 1197929K->148059K(1695296K), 0.0081380 secs] [Times: user=0.02 sys=0.01, real=0.00 secs] 
2014-07-09T01:20:50.620+0000: 2074.082: [GC [PSYoungGen: 1008306K->690K(968512K)] 1155995K->148427K(1655488K), 0.0084840 secs] [Times: user=0.03 sys=0.00, real=0.02 secs] 
2014-07-09T01:20:52.193+0000: 2075.655: [GC [PSYoungGen: 968405K->342K(929984K)] 1116143K->148103K(1616960K), 0.0088710 secs] [Times: user=0.03 sys=0.00, real=0.01 secs] 
2014-07-09T01:20:53.722+0000: 2077.184: [GC [PSYoungGen: 929942K->256K(893504K)] 1077703K->148065K(1580480K), 0.0050010 secs] [Times: user=0.02 sys=0.00, real=0.00 secs] 
2014-07-09T01:20:55.155+0000: 2078.617: [GC [PSYoungGen: 893434K->480K(859136K)] 1041244K->148345K(1546112K), 0.0247820 secs] [Times: user=0.08 sys=0.00, real=0.03 secs] 
2014-07-09T01:20:56.578+0000: 2080.040: [GC [PSYoungGen: 859104K->356K(826048K)] 1006969K->148261K(1513024K), 0.0076140 secs] [Times: user=0.01 sys=0.00, real=0.00 secs] 
2014-07-09T01:20:57.946+0000: 2081.408: [GC [PSYoungGen: 826020K->274K(794560K)] 973925K->148227K(1481536K), 0.0053480 secs] [Times: user=0.02 sys=0.00, real=0.01 secs] 
2014-07-09T01:20:59.229+0000: 2082.691: [GC [PSYoungGen: 794514K->306K(764608K)] 942467K->148283K(1451584K), 0.0061100 secs] [Times: user=0.01 sys=0.00, real=0.00 secs] 
2014-07-09T01:21:00.542+0000: 2084.004: [GC [PSYoungGen: 764594K->352K(736128K)] 912571K->148377K(1423104K), 0.0049640 secs] [Times: user=0.02 sys=0.00, real=0.00 secs] 
2014-07-09T01:21:01.823+0000: 2085.285: [GC [PSYoungGen: 736096K->420K(708992K)] 884121K->148485K(1395968K), 0.0165530 secs] [Times: user=0.06 sys=0.00, real=0.02 secs] 
2014-07-09T01:21:03.035+0000: 2086.498: [GC [PSYoungGen: 708964K->352K(850688K)] 857029K->148489K(1537664K), 0.0236150 secs] [Times: user=0.08 sys=0.00, real=0.03 secs] 
2014-07-09T01:21:04.456+0000: 2087.918: [GC [PSYoungGen: 850654K->484K(818240K)] 998792K->148701K(1505216K), 0.0039470 secs] [Times: user=0.01 sys=0.00, real=0.01 secs] 
2014-07-09T01:21:05.870+0000: 2089.332: [GC [PSYoungGen: 818212K->402K(787136K)] 966429K->148675K(1474112K), 0.0051110 secs] [Times: user=0.02 sys=0.00, real=0.05 secs] 
2014-07-09T01:21:07.207+0000: 2090.669: [GC [PSYoungGen: 787090K->370K(757504K)] 935363K->148707K(1444480K), 0.0049190 secs] [Times: user=0.01 sys=0.00, real=0.01 secs] 
2014-07-09T01:21:08.469+0000: 2091.931: [GC [PSYoungGen: 757490K->452K(729408K)] 905827K->148829K(1416384K), 0.0051340 secs] [Times: user=0.01 sys=0.00, real=0.01 secs] 
2014-07-09T01:21:09.695+0000: 2093.158: [GC [PSYoungGen: 729348K->338K(702400K)] 877725K->148731K(1389376K), 0.0052950 secs] [Times: user=0.01 sys=0.00, real=0.01 secs] 
2014-07-09T01:21:10.874+0000: 2094.336: [GC [PSYoungGen: 702353K->402K(676800K)] 850747K->148835K(1363776K), 0.0040720 secs] [Times: user=0.01 sys=0.00, real=0.00 secs] 
2014-07-09T01:21:12.150+0000: 2095.612: [GC [PSYoungGen: 676754K->352K(652288K)] 825187K->148817K(1339264K), 0.0048120 secs] [Times: user=0.02 sys=0.00, real=0.01 secs] 
2014-07-09T01:21:13.240+0000: 2096.702: [GC [PSYoungGen: 652256K->338K(628992K)] 800721K->148883K(1315968K), 0.0095490 secs] [Times: user=0.03 sys=0.00, real=0.01 secs] 
2014-07-09T01:21:14.281+0000: 2097.743: [GC [PSYoungGen: 628946K->370K(606720K)] 777491K->148963K(1293696K), 0.0079890 secs] [Times: user=0.03 sys=0.01, real=0.00 secs] 
2014-07-09T01:21:15.310+0000: 2098.773: [GC [PSYoungGen: 606706K->420K(585536K)] 755299K->149069K(1272512K), 0.0086520 secs] [Times: user=0.01 sys=0.00, real=0.00 secs] 
2014-07-09T01:21:16.316+0000: 2099.778: [GC [PSYoungGen: 585508K->480K(565312K)] 734157K->149161K(1252288K), 0.0187110 secs] [Times: user=0.05 sys=0.00, real=0.02 secs] 
2014-07-09T01:21:17.241+0000: 2100.704: [GC [PSYoungGen: 565280K->256K(678016K)] 713961K->148993K(1364992K), 0.0132460 secs] [Times: user=0.05 sys=0.01, real=0.01 secs] 
2014-07-09T01:21:18.431+0000: 2101.893: [GC [PSYoungGen: 677956K->324K(653632K)] 826694K->149085K(1340608K), 0.0047480 secs] [Times: user=0.01 sys=0.00, real=0.01 secs] 
2014-07-09T01:21:19.546+0000: 2103.008: [GC [PSYoungGen: 653488K->338K(630272K)] 802250K->149147K(1317248K), 0.0046000 secs] [Times: user=0.01 sys=0.00, real=0.00 secs] 
2014-07-09T01:21:20.613+0000: 2104.076: [GC [PSYoungGen: 630226K->498K(608064K)] 779035K->149355K(1295040K), 0.0062910 secs] [Times: user=0.02 sys=0.00, real=0.00 secs] 
2014-07-09T01:21:21.686+0000: 2105.149: [GC [PSYoungGen: 608050K->320K(729408K)] 756907K->149273K(1416384K), 0.0226520 secs] [Times: user=0.08 sys=0.00, real=0.02 secs] 
2014-07-09T01:21:22.958+0000: 2106.420: [GC [PSYoungGen: 729408K->384K(702592K)] 878361K->149401K(1389568K), 0.0073110 secs] [Times: user=0.02 sys=0.00, real=0.01 secs] 
2014-07-09T01:21:24.135+0000: 2107.597: [GC [PSYoungGen: 702592K->384K(676928K)] 851609K->149513K(1363904K), 0.0115220 secs] [Times: user=0.04 sys=0.00, real=0.01 secs] 
2014-07-09T01:21:25.346+0000: 2108.808: [GC [PSYoungGen: 676928K->552K(652672K)] 826057K->149753K(1339648K), 0.0099790 secs] [Times: user=0.04 sys=0.00, real=0.01 secs] 
2014-07-09T01:21:26.457+0000: 2109.919: [GC [PSYoungGen: 652648K->242K(628992K)] 801849K->149579K(1315968K), 0.0117330 secs] [Times: user=0.04 sys=0.00, real=0.01 secs] 
2014-07-09T01:21:27.509+0000: 2110.971: [GC [PSYoungGen: 628889K->288K(606784K)] 778227K->149657K(1293760K), 0.0059570 secs] [Times: user=0.01 sys=0.01, real=0.01 secs] 
2014-07-09T01:21:28.550+0000: 2112.012: [GC [PSYoungGen: 606752K->452K(585728K)] 756121K->149893K(1272704K), 0.0108410 secs] [Times: user=0.04 sys=0.00, real=0.01 secs] 
2014-07-09T01:21:29.542+0000: 2113.004: [GC [PSYoungGen: 585582K->498K(565440K)] 735024K->149971K(1252416K), 0.0050540 secs] [Times: user=0.01 sys=0.00, real=0.01 secs] 
2014-07-09T01:21:30.489+0000: 2113.951: [GC [PSYoungGen: 565382K->292K(545856K)] 714856K->150041K(1232832K), 0.0049830 secs] [Times: user=0.02 sys=0.00, real=0.01 secs] 
2014-07-09T01:21:31.428+0000: 2114.890: [GC [PSYoungGen: 545828K->448K(527488K)] 695577K->150221K(1214464K), 0.0146910 secs] [Times: user=0.05 sys=0.00, real=0.01 secs] 
2014-07-09T01:21:32.370+0000: 2115.832: [GC [PSYoungGen: 527488K->256K(632704K)] 677261K->150085K(1319680K), 0.0177190 secs] [Times: user=0.06 sys=0.00, real=0.02 secs] 
2014-07-09T01:21:33.436+0000: 2116.899: [GC [PSYoungGen: 632704K->434K(610432K)] 782533K->150335K(1297408K), 0.0048330 secs] [Times: user=0.02 sys=0.00, real=0.00 secs] 
2014-07-09T01:21:34.442+0000: 2117.904: [GC [PSYoungGen: 610372K->630K(589184K)] 760274K->150595K(1276160K), 0.0037420 secs] [Times: user=0.01 sys=0.00, real=0.01 secs] 
2014-07-09T01:21:35.438+0000: 2118.900: [GC [PSYoungGen: 589174K->498K(568640K)] 739139K->150487K(1255616K), 0.0059450 secs] [Times: user=0.02 sys=0.00, real=0.01 secs] 
2014-07-09T01:21:36.378+0000: 2119.840: [GC [PSYoungGen: 568595K->310K(548928K)] 718585K->150590K(1235904K), 0.0059080 secs] [Times: user=0.01 sys=0.00, real=0.01 secs] 
2014-07-09T01:21:37.336+0000: 2120.798: [GC [PSYoungGen: 548918K->480K(658880K)] 699198K->150783K(1345856K), 0.0217180 secs] [Times: user=0.07 sys=0.00, real=0.02 secs] 
2014-07-09T01:21:38.436+0000: 2121.898: [GC [PSYoungGen: 658848K->434K(635200K)] 809151K->150849K(1322176K), 0.0036600 secs] [Times: user=0.02 sys=0.00, real=0.00 secs] 
2014-07-09T01:21:39.515+0000: 2122.977: [GC [PSYoungGen: 635186K->438K(612672K)] 785601K->150878K(1299648K), 0.0045010 secs] [Times: user=0.01 sys=0.00, real=0.00 secs] 
2014-07-09T01:21:40.524+0000: 2123.986: [GC [PSYoungGen: 612662K->338K(591104K)] 763102K->150817K(1278080K), 0.0123090 secs] [Times: user=0.04 sys=0.00, real=0.02 secs] 
2014-07-09T01:21:41.571+0000: 2125.033: [GC [PSYoungGen: 591055K->484K(570688K)] 741535K->150988K(1257664K), 0.0046440 secs] [Times: user=0.01 sys=0.00, real=0.01 secs] 
2014-07-09T01:21:42.554+0000: 2126.016: [GC [PSYoungGen: 570660K->352K(550976K)] 721164K->150903K(1237952K), 0.0043210 secs] [Times: user=0.01 sys=0.00, real=0.00 secs] 
2014-07-09T01:21:43.464+0000: 2126.926: [GC [PSYoungGen: 550944K->288K(532224K)] 701495K->150911K(1219200K), 0.0041400 secs] [Times: user=0.01 sys=0.00, real=0.01 secs] 
2014-07-09T01:21:44.349+0000: 2127.811: [GC [PSYoungGen: 532192K->356K(638720K)] 682815K->151020K(1325696K), 0.0205390 secs] [Times: user=0.06 sys=0.00, real=0.02 secs] 
2014-07-09T01:21:45.432+0000: 2128.894: [GC [PSYoungGen: 638692K->516K(616192K)] 789356K->151220K(1303168K), 0.0091930 secs] [Times: user=0.03 sys=0.00, real=0.01 secs] 
2014-07-09T01:21:46.512+0000: 2129.974: [GC [PSYoungGen: 616132K->452K(594432K)] 766836K->151203K(1281408K), 0.0080540 secs] [Times: user=0.02 sys=0.00, real=0.01 secs] 
2014-07-09T01:21:47.558+0000: 2131.021: [GC [PSYoungGen: 594372K->576K(573824K)] 745123K->151383K(1260800K), 0.0083860 secs] [Times: user=0.03 sys=0.00, real=0.01 secs] 
2014-07-09T01:21:48.530+0000: 2131.992: [GC [PSYoungGen: 573824K->374K(553920K)] 724631K->151334K(1240896K), 0.0131290 secs] [Times: user=0.05 sys=0.00, real=0.01 secs] 
2014-07-09T01:21:49.463+0000: 2132.925: [GC [PSYoungGen: 553910K->320K(664576K)] 704870K->151327K(1351552K), 0.0250340 secs] [Times: user=0.08 sys=0.00, real=0.03 secs] 
2014-07-09T01:21:50.617+0000: 2134.079: [GC [PSYoungGen: 664576K->338K(797504K)] 815583K->151385K(1484480K), 0.0052430 secs] [Times: user=0.01 sys=0.00, real=0.00 secs] 
2014-07-09T01:21:52.025+0000: 2135.487: [GC [PSYoungGen: 797458K->374K(767424K)] 948505K->151454K(1454400K), 0.0046730 secs] [Times: user=0.01 sys=0.00, real=0.01 secs] 
2014-07-09T01:21:53.324+0000: 2136.786: [GC [PSYoungGen: 767379K->416K(738816K)] 918459K->151567K(1425792K), 0.0108730 secs] [Times: user=0.04 sys=0.00, real=0.01 secs] 
2014-07-09T01:21:54.563+0000: 2138.026: [GC [PSYoungGen: 738784K->416K(711488K)] 889935K->151623K(1398464K), 0.0052720 secs] [Times: user=0.02 sys=0.00, real=0.01 secs] 
2014-07-09T01:21:55.807+0000: 2139.269: [GC [PSYoungGen: 711448K->434K(685440K)] 862656K->151729K(1372416K), 0.0046890 secs] [Times: user=0.01 sys=0.00, real=0.00 secs] 
2014-07-09T01:21:56.984+0000: 2140.446: [GC [PSYoungGen: 685426K->384K(660544K)] 836721K->151751K(1347520K), 0.0114890 secs] [Times: user=0.04 sys=0.00, real=0.01 secs] 
2014-07-09T01:21:58.082+0000: 2141.544: [GC [PSYoungGen: 660544K->288K(636800K)] 811911K->151719K(1323776K), 0.0113490 secs] [Times: user=0.04 sys=0.01, real=0.01 secs] 
2014-07-09T01:21:59.163+0000: 2142.625: [GC [PSYoungGen: 636768K->224K(614144K)] 788199K->151671K(1301120K), 0.0130150 secs] [Times: user=0.04 sys=0.00, real=0.01 secs] 
2014-07-09T01:22:00.280+0000: 2143.742: [GC [PSYoungGen: 614070K->626K(737344K)] 765518K->152113K(1424320K), 0.0171460 secs] [Times: user=0.06 sys=0.00, real=0.02 secs] 
2014-07-09T01:22:01.520+0000: 2144.983: [GC [PSYoungGen: 737330K->402K(884544K)] 888817K->151937K(1571520K), 0.0118430 secs] [Times: user=0.04 sys=0.01, real=0.01 secs] 
2014-07-09T01:22:03.064+0000: 2146.526: [GC [PSYoungGen: 884495K->288K(1061248K)] 1036031K->151855K(1748224K), 0.0158920 secs] [Times: user=0.05 sys=0.00, real=0.02 secs] 
2014-07-09T01:22:04.879+0000: 2148.341: [GC [PSYoungGen: 1061216K->630K(1273792K)] 1212783K->152310K(1960768K), 0.0183480 secs] [Times: user=0.06 sys=0.00, real=0.01 secs] 
2014-07-09T01:22:07.049+0000: 2150.511: [GC [PSYoungGen: 1273782K->320K(1528128K)] 1425462K->152063K(2215104K), 0.0256180 secs] [Times: user=0.08 sys=0.00, real=0.02 secs] 
2014-07-09T01:22:09.672+0000: 2153.134: [GC [PSYoungGen: 1528128K->384K(1462848K)] 1679871K->152191K(2149824K), 0.0041150 secs] [Times: user=0.01 sys=0.00, real=0.00 secs] 
2014-07-09T01:22:12.114+0000: 2155.577: [GC [PSYoungGen: 1462848K->192K(1400512K)] 1614655K->152039K(2087488K), 0.0082530 secs] [Times: user=0.01 sys=0.00, real=0.01 secs] 
2014-07-09T01:22:14.496+0000: 2157.958: [GC [PSYoungGen: 1400512K->448K(1341696K)] 1552359K->152383K(2028672K), 0.0038760 secs] [Times: user=0.01 sys=0.00, real=0.01 secs] 
2014-07-09T01:22:16.755+0000: 2160.218: [GC [PSYoungGen: 1341696K->224K(1285312K)] 1493631K->152247K(1972288K), 0.0194690 secs] [Times: user=0.07 sys=0.00, real=0.02 secs] 
2014-07-09T01:22:19.025+0000: 2162.487: [GC [PSYoungGen: 1285194K->388K(1232000K)] 1437218K->152492K(1918976K), 0.0089630 secs] [Times: user=0.03 sys=0.00, real=0.01 secs] 
2014-07-09T01:22:21.078+0000: 2164.540: [GC [PSYoungGen: 1231940K->370K(1181056K)] 1384044K->152545K(1868032K), 0.0150010 secs] [Times: user=0.05 sys=0.00, real=0.02 secs] 
2014-07-09T01:22:23.116+0000: 2166.578: [GC [PSYoungGen: 1181035K->516K(1132800K)] 1333211K->152731K(1819776K), 0.0085320 secs] [Times: user=0.03 sys=0.00, real=0.01 secs] 
2014-07-09T01:22:25.026+0000: 2168.488: [GC [PSYoungGen: 1132740K->512K(1086656K)] 1284955K->152903K(1773632K), 0.0064040 secs] [Times: user=0.03 sys=0.00, real=0.01 secs] 
2014-07-09T01:22:26.848+0000: 2170.310: [GC [PSYoungGen: 1086656K->320K(1042624K)] 1239047K->152783K(1729600K), 0.0303420 secs] [Times: user=0.11 sys=0.00, real=0.03 secs] 
2014-07-09T01:22:28.665+0000: 2172.127: [GC [PSYoungGen: 1042624K->384K(1000960K)] 1195087K->152919K(1687936K), 0.0139390 secs] [Times: user=0.05 sys=0.00, real=0.01 secs] 
2014-07-09T01:22:30.325+0000: 2173.787: [GC [PSYoungGen: 1000959K->192K(961024K)] 1153495K->152775K(1648000K), 0.0048730 secs] [Times: user=0.01 sys=0.00, real=0.00 secs] 
2014-07-09T01:22:31.970+0000: 2175.432: [GC [PSYoungGen: 960982K->420K(923456K)] 1113566K->153052K(1610432K), 0.0083120 secs] [Times: user=0.03 sys=0.00, real=0.01 secs] 
2014-07-09T01:22:33.537+0000: 2177.000: [GC [PSYoungGen: 923428K->320K(887296K)] 1076060K->153007K(1574272K), 0.0233270 secs] [Times: user=0.08 sys=0.00, real=0.02 secs] 
2014-07-09T01:22:35.005+0000: 2178.468: [GC [PSYoungGen: 887218K->534K(853248K)] 1039906K->153318K(1540224K), 0.0054890 secs] [Times: user=0.02 sys=0.00, real=0.00 secs] 
2014-07-09T01:22:36.428+0000: 2179.890: [GC [PSYoungGen: 853206K->402K(820416K)] 1005990K->153225K(1507392K), 0.0056060 secs] [Times: user=0.02 sys=0.00, real=0.01 secs] 
2014-07-09T01:22:37.865+0000: 2181.328: [GC [PSYoungGen: 820370K->448K(789248K)] 973193K->153399K(1476224K), 0.0151360 secs] [Times: user=0.05 sys=0.01, real=0.01 secs] 
2014-07-09T01:22:39.172+0000: 2182.634: [GC [PSYoungGen: 789230K->484K(759616K)] 942182K->153475K(1446592K), 0.0061690 secs] [Times: user=0.01 sys=0.00, real=0.01 secs] 
2014-07-09T01:22:40.437+0000: 2183.900: [GC [PSYoungGen: 759588K->424K(731264K)] 912579K->153456K(1418240K), 0.0088690 secs] [Times: user=0.02 sys=0.00, real=0.01 secs] 
2014-07-09T01:22:41.740+0000: 2185.203: [GC [PSYoungGen: 731240K->416K(704256K)] 884272K->153487K(1391232K), 0.0136880 secs] [Times: user=0.04 sys=0.00, real=0.02 secs] 
2014-07-09T01:22:42.978+0000: 2186.440: [GC [PSYoungGen: 704213K->552K(678656K)] 857285K->153760K(1365632K), 0.0047580 secs] [Times: user=0.01 sys=0.00, real=0.00 secs] 
2014-07-09T01:22:44.093+0000: 2187.556: [GC [PSYoungGen: 678632K->224K(653824K)] 831840K->153519K(1340800K), 0.0036480 secs] [Times: user=0.01 sys=0.00, real=0.01 secs] 
2014-07-09T01:22:45.192+0000: 2188.655: [GC [PSYoungGen: 653792K->452K(630656K)] 807087K->153828K(1317632K), 0.0082470 secs] [Times: user=0.02 sys=0.00, real=0.01 secs] 
2014-07-09T01:22:46.308+0000: 2189.770: [GC [PSYoungGen: 630502K->652K(608512K)] 783878K->154060K(1295488K), 0.0041670 secs] [Times: user=0.01 sys=0.00, real=0.00 secs] 
2014-07-09T01:22:47.357+0000: 2190.819: [GC [PSYoungGen: 608460K->256K(586752K)] 761868K->153711K(1273728K), 0.0042570 secs] [Times: user=0.01 sys=0.00, real=0.00 secs] 
2014-07-09T01:22:48.425+0000: 2191.887: [GC [PSYoungGen: 586752K->192K(566336K)] 740207K->153663K(1253312K), 0.0165910 secs] [Times: user=0.05 sys=0.00, real=0.01 secs] 
2014-07-09T01:22:49.398+0000: 2192.861: [GC [PSYoungGen: 566336K->516K(547328K)] 719807K->154051K(1234304K), 0.0089800 secs] [Times: user=0.04 sys=0.00, real=0.01 secs] 
2014-07-09T01:22:50.365+0000: 2193.827: [GC [PSYoungGen: 547268K->256K(528448K)] 700803K->153815K(1215424K), 0.0042900 secs] [Times: user=0.01 sys=0.00, real=0.00 secs] 
2014-07-09T01:22:51.249+0000: 2194.712: [GC [PSYoungGen: 528448K->288K(510784K)] 682007K->153887K(1197760K), 0.0084190 secs] [Times: user=0.03 sys=0.00, real=0.01 secs] 
2014-07-09T01:22:52.152+0000: 2195.614: [GC [PSYoungGen: 510752K->448K(613056K)] 664351K->154079K(1300032K), 0.0220250 secs] [Times: user=0.07 sys=0.00, real=0.02 secs] 
2014-07-09T01:22:53.202+0000: 2196.664: [GC [PSYoungGen: 613056K->192K(591296K)] 766687K->153871K(1278272K), 0.0049970 secs] [Times: user=0.01 sys=0.00, real=0.01 secs] 
2014-07-09T01:22:54.197+0000: 2197.659: [GC [PSYoungGen: 591243K->452K(571072K)] 744923K->154204K(1258048K), 0.0073500 secs] [Times: user=0.03 sys=0.00, real=0.00 secs] 
2014-07-09T01:22:55.203+0000: 2198.665: [GC [PSYoungGen: 570984K->484K(551424K)] 724736K->154291K(1238400K), 0.0094890 secs] [Times: user=0.04 sys=0.00, real=0.01 secs] 
2014-07-09T01:22:56.137+0000: 2199.599: [GC [PSYoungGen: 551396K->324K(532544K)] 705203K->154187K(1219520K), 0.0109860 secs] [Times: user=0.03 sys=0.00, real=0.01 secs] 
2014-07-09T01:22:57.072+0000: 2200.534: [GC [PSYoungGen: 532484K->224K(514496K)] 686347K->154127K(1201472K), 0.0072820 secs] [Times: user=0.03 sys=0.00, real=0.01 secs] 
2014-07-09T01:22:57.974+0000: 2201.436: [GC [PSYoungGen: 514464K->402K(497600K)] 668367K->154345K(1184576K), 0.0046260 secs] [Times: user=0.01 sys=0.00, real=0.01 secs] 
2014-07-09T01:22:58.835+0000: 2202.297: [GC [PSYoungGen: 497554K->448K(481280K)] 651497K->154423K(1168256K), 0.0095180 secs] [Times: user=0.03 sys=0.00, real=0.01 secs] 
2014-07-09T01:22:59.669+0000: 2203.131: [GC [PSYoungGen: 481280K->608K(577664K)] 635255K->154623K(1264640K), 0.0143520 secs] [Times: user=0.04 sys=0.00, real=0.01 secs] 
2014-07-09T01:23:00.659+0000: 2204.121: [GC [PSYoungGen: 577632K->356K(557504K)] 731647K->154532K(1244480K), 0.0044140 secs] [Times: user=0.02 sys=0.00, real=0.00 secs] 
2014-07-09T01:23:01.602+0000: 2205.064: [GC [PSYoungGen: 557476K->256K(538368K)] 711652K->154455K(1225344K), 0.0042760 secs] [Times: user=0.01 sys=0.01, real=0.01 secs] 
2014-07-09T01:23:02.501+0000: 2205.964: [GC [PSYoungGen: 538368K->480K(520448K)] 692567K->154735K(1207424K), 0.0108000 secs] [Times: user=0.03 sys=0.00, real=0.01 secs] 
2014-07-09T01:23:03.456+0000: 2206.918: [GC [PSYoungGen: 520416K->448K(503040K)] 674671K->154767K(1190016K), 0.0043890 secs] [Times: user=0.01 sys=0.00, real=0.01 secs] 
2014-07-09T01:23:04.281+0000: 2207.743: [GC [PSYoungGen: 503040K->612K(486656K)] 657359K->155044K(1173632K), 0.0098030 secs] [Times: user=0.03 sys=0.00, real=0.01 secs] 
2014-07-09T01:23:05.131+0000: 2208.593: [GC [PSYoungGen: 486628K->292K(470464K)] 641060K->154764K(1157440K), 0.0073280 secs] [Times: user=0.01 sys=0.00, real=0.01 secs] 
2014-07-09T01:23:05.931+0000: 2209.393: [GC [PSYoungGen: 470436K->370K(564608K)] 624908K->154889K(1251584K), 0.0290050 secs] [Times: user=0.10 sys=0.00, real=0.03 secs] 
2014-07-09T01:23:06.911+0000: 2210.373: [GC [PSYoungGen: 564594K->224K(677376K)] 719113K->154767K(1364352K), 0.0038790 secs] [Times: user=0.01 sys=0.00, real=0.00 secs] 
2014-07-09T01:23:08.106+0000: 2211.568: [GC [PSYoungGen: 677344K->384K(812928K)] 831887K->154967K(1499904K), 0.0185820 secs] [Times: user=0.07 sys=0.00, real=0.02 secs] 
2014-07-09T01:23:09.483+0000: 2212.946: [GC [PSYoungGen: 812928K->320K(975424K)] 967511K->154951K(1662400K), 0.0105330 secs] [Times: user=0.04 sys=0.00, real=0.01 secs] 
2014-07-09T01:23:11.149+0000: 2214.611: [GC [PSYoungGen: 975424K->416K(937024K)] 1130055K->155095K(1624000K), 0.0067540 secs] [Times: user=0.02 sys=0.00, real=0.00 secs] 
2014-07-09T01:23:12.756+0000: 2216.219: [GC [PSYoungGen: 936992K->320K(900224K)] 1091671K->155039K(1587200K), 0.0090250 secs] [Times: user=0.03 sys=0.00, real=0.01 secs] 
2014-07-09T01:23:14.272+0000: 2217.734: [GC [PSYoungGen: 900224K->448K(1080384K)] 1054943K->155263K(1767360K), 0.0257860 secs] [Times: user=0.09 sys=0.00, real=0.02 secs] 
2014-07-09T01:23:16.094+0000: 2219.556: [GC [PSYoungGen: 1080384K->384K(1036736K)] 1235199K->155255K(1723712K), 0.0085260 secs] [Times: user=0.03 sys=0.00, real=0.01 secs] 
2014-07-09T01:23:17.863+0000: 2221.326: [GC [PSYoungGen: 1036714K->630K(995520K)] 1191586K->155590K(1682496K), 0.0092610 secs] [Times: user=0.03 sys=0.00, real=0.01 secs] 
2014-07-09T01:23:19.568+0000: 2223.030: [GC [PSYoungGen: 995494K->356K(955776K)] 1150454K->155372K(1642752K), 0.0040590 secs] [Times: user=0.01 sys=0.00, real=0.01 secs] 
2014-07-09T01:23:21.176+0000: 2224.638: [GC [PSYoungGen: 955748K->320K(918144K)] 1110764K->155399K(1605120K), 0.0097520 secs] [Times: user=0.04 sys=0.00, real=0.01 secs] 
2014-07-09T01:23:22.775+0000: 2226.238: [GC [PSYoungGen: 918144K->256K(882304K)] 1073223K->155359K(1569280K), 0.0059480 secs] [Times: user=0.01 sys=0.00, real=0.01 secs] 
2014-07-09T01:23:24.260+0000: 2227.722: [GC [PSYoungGen: 882304K->448K(848384K)] 1037407K->155647K(1535360K), 0.0223080 secs] [Times: user=0.08 sys=0.00, real=0.02 secs] 
2014-07-09T01:23:25.732+0000: 2229.194: [GC [PSYoungGen: 848384K->452K(815936K)] 1003583K->155708K(1502912K), 0.0041810 secs] [Times: user=0.01 sys=0.00, real=0.00 secs] 
2014-07-09T01:23:27.112+0000: 2230.574: [GC [PSYoungGen: 815876K->256K(784704K)] 971132K->155559K(1471680K), 0.0049350 secs] [Times: user=0.01 sys=0.00, real=0.00 secs] 
2014-07-09T01:23:28.456+0000: 2231.919: [GC [PSYoungGen: 784704K->370K(755328K)] 940007K->155722K(1442304K), 0.0081990 secs] [Times: user=0.03 sys=0.00, real=0.01 secs] 
2014-07-09T01:23:29.750+0000: 2233.212: [GC [PSYoungGen: 755278K->288K(727168K)] 910630K->155687K(1414144K), 0.0136550 secs] [Times: user=0.04 sys=0.00, real=0.02 secs] 
2014-07-09T01:23:30.985+0000: 2234.447: [GC [PSYoungGen: 727136K->288K(700352K)] 882535K->155735K(1387328K), 0.0134340 secs] [Times: user=0.05 sys=0.00, real=0.01 secs] 
2014-07-09T01:23:32.175+0000: 2235.638: [GC [PSYoungGen: 700320K->256K(674752K)] 855767K->155735K(1361728K), 0.0158160 secs] [Times: user=0.06 sys=0.00, real=0.02 secs] 
2014-07-09T01:23:33.285+0000: 2236.747: [GC [PSYoungGen: 674752K->352K(650496K)] 830231K->155903K(1337472K), 0.0056280 secs] [Times: user=0.01 sys=0.00, real=0.00 secs] 
2014-07-09T01:23:34.438+0000: 2237.900: [GC [PSYoungGen: 650413K->384K(627264K)] 805965K->155991K(1314240K), 0.0057120 secs] [Times: user=0.02 sys=0.00, real=0.01 secs] 
2014-07-09T01:23:35.462+0000: 2238.924: [GC [PSYoungGen: 627264K->448K(605120K)] 782871K->156135K(1292096K), 0.0081680 secs] [Times: user=0.03 sys=0.00, real=0.00 secs] 
2014-07-09T01:23:36.535+0000: 2239.997: [GC [PSYoungGen: 605120K->192K(725824K)] 760807K->155911K(1412800K), 0.0307730 secs] [Times: user=0.11 sys=0.00, real=0.03 secs] 
2014-07-09T01:23:37.764+0000: 2241.226: [GC [PSYoungGen: 725824K->448K(871232K)] 881543K->156231K(1558208K), 0.0182080 secs] [Times: user=0.07 sys=0.00, real=0.02 secs] 
2014-07-09T01:23:39.263+0000: 2242.725: [GC [PSYoungGen: 871222K->352K(1045376K)] 1027006K->156175K(1732352K), 0.0216640 secs] [Times: user=0.07 sys=0.01, real=0.02 secs] 
2014-07-09T01:23:41.064+0000: 2244.526: [GC [PSYoungGen: 1045344K->292K(1254336K)] 1201167K->156172K(1941312K), 0.0111290 secs] [Times: user=0.04 sys=0.00, real=0.01 secs] 
2014-07-09T01:23:43.224+0000: 2246.686: [GC [PSYoungGen: 1254308K->288K(1505152K)] 1410188K->156207K(2192128K), 0.0153050 secs] [Times: user=0.06 sys=0.00, real=0.01 secs] 
2014-07-09T01:23:45.849+0000: 2249.311: [GC [PSYoungGen: 1505120K->416K(1441088K)] 1661039K->156447K(2128064K), 0.0147350 secs] [Times: user=0.05 sys=0.00, real=0.02 secs] 
2014-07-09T01:23:48.229+0000: 2251.692: [GC [PSYoungGen: 1441056K->338K(1379968K)] 1597087K->156474K(2066944K), 0.0045590 secs] [Times: user=0.01 sys=0.00, real=0.01 secs] 
2014-07-09T01:23:50.625+0000: 2254.087: [GC [PSYoungGen: 1379922K->370K(1321856K)] 1536058K->156554K(2008832K), 0.0089790 secs] [Times: user=0.03 sys=0.00, real=0.00 secs] 
2014-07-09T01:23:52.835+0000: 2256.297: [GC [PSYoungGen: 1321842K->370K(1266624K)] 1478026K->156602K(1953600K), 0.0078860 secs] [Times: user=0.01 sys=0.00, real=0.00 secs] 
2014-07-09T01:23:55.007+0000: 2258.470: [GC [PSYoungGen: 1266516K->306K(1214016K)] 1422748K->156618K(1900992K), 0.0171230 secs] [Times: user=0.06 sys=0.00, real=0.02 secs] 
2014-07-09T01:23:57.056+0000: 2260.518: [GC [PSYoungGen: 1214002K->224K(1163904K)] 1370314K->156615K(1850880K), 0.0299520 secs] [Times: user=0.10 sys=0.00, real=0.03 secs] 
2014-07-09T01:23:59.079+0000: 2262.541: [GC [PSYoungGen: 1163872K->416K(1116480K)] 1320263K->156871K(1803456K), 0.0204510 secs] [Times: user=0.07 sys=0.00, real=0.02 secs] 
2014-07-09T01:24:00.997+0000: 2264.459: [GC [PSYoungGen: 1116448K->466K(1071232K)] 1272903K->157010K(1758208K), 0.0069260 secs] [Times: user=0.03 sys=0.00, real=0.00 secs] 
2014-07-09T01:24:02.806+0000: 2266.268: [GC [PSYoungGen: 1071090K->320K(1027904K)] 1227634K->156927K(1714880K), 0.0216210 secs] [Times: user=0.07 sys=0.00, real=0.03 secs] 
2014-07-09T01:24:04.605+0000: 2268.067: [GC [PSYoungGen: 1027904K->320K(986880K)] 1184511K->156999K(1673856K), 0.0045770 secs] [Times: user=0.02 sys=0.00, real=0.01 secs] 
2014-07-09T01:24:06.230+0000: 2269.692: [GC [PSYoungGen: 986880K->306K(947776K)] 1143559K->157050K(1634752K), 0.0071480 secs] [Times: user=0.01 sys=0.00, real=0.01 secs] 
2014-07-09T01:24:07.855+0000: 2271.317: [GC [PSYoungGen: 947683K->520K(910848K)] 1104427K->157320K(1597824K), 0.0047020 secs] [Times: user=0.01 sys=0.00, real=0.01 secs] 
2014-07-09T01:24:09.435+0000: 2272.898: [GC [PSYoungGen: 910792K->306K(875136K)] 1067592K->157138K(1562112K), 0.0112250 secs] [Times: user=0.04 sys=0.00, real=0.01 secs] 
2014-07-09T01:24:10.938+0000: 2274.400: [GC [PSYoungGen: 875122K->242K(841344K)] 1031954K->157106K(1528320K), 0.0082980 secs] [Times: user=0.01 sys=0.00, real=0.00 secs] 
2014-07-09T01:24:12.347+0000: 2275.809: [GC [PSYoungGen: 841330K->480K(809472K)] 998194K->157399K(1496448K), 0.0078230 secs] [Times: user=0.01 sys=0.01, real=0.01 secs] 
2014-07-09T01:24:13.763+0000: 2277.225: [GC [PSYoungGen: 809440K->448K(778752K)] 966359K->157495K(1465728K), 0.0231780 secs] [Times: user=0.08 sys=0.00, real=0.02 secs] 
2014-07-09T01:24:15.096+0000: 2278.559: [GC [PSYoungGen: 778752K->356K(749504K)] 935799K->157476K(1436480K), 0.0071230 secs] [Times: user=0.00 sys=0.00, real=0.01 secs] 
2014-07-09T01:24:16.367+0000: 2279.829: [GC [PSYoungGen: 749423K->224K(721536K)] 906543K->157407K(1408512K), 0.0086860 secs] [Times: user=0.02 sys=0.00, real=0.01 secs] 
2014-07-09T01:24:17.594+0000: 2281.057: [GC [PSYoungGen: 721504K->498K(695232K)] 878687K->157746K(1382208K), 0.0066400 secs] [Times: user=0.01 sys=0.00, real=0.01 secs] 
2014-07-09T01:24:18.807+0000: 2282.270: [GC [PSYoungGen: 695218K->452K(669952K)] 852466K->157732K(1356928K), 0.0196930 secs] [Times: user=0.07 sys=0.00, real=0.02 secs] 
2014-07-09T01:24:19.974+0000: 2283.436: [GC [PSYoungGen: 669892K->352K(645696K)] 827172K->157671K(1332672K), 0.0034100 secs] [Times: user=0.01 sys=0.00, real=0.00 secs] 
2014-07-09T01:24:21.089+0000: 2284.551: [GC [PSYoungGen: 645664K->160K(622464K)] 802983K->157503K(1309440K), 0.0080580 secs] [Times: user=0.01 sys=0.00, real=0.00 secs] 
2014-07-09T01:24:22.140+0000: 2285.602: [GC [PSYoungGen: 622432K->256K(600576K)] 779775K->157623K(1287552K), 0.0037640 secs] [Times: user=0.01 sys=0.00, real=0.00 secs] 
2014-07-09T01:24:23.168+0000: 2286.630: [GC [PSYoungGen: 600576K->338K(579712K)] 757943K->157754K(1266688K), 0.0040670 secs] [Times: user=0.01 sys=0.00, real=0.01 secs] 
2014-07-09T01:24:24.152+0000: 2287.614: [GC [PSYoungGen: 579666K->612K(559936K)] 737082K->158116K(1246912K), 0.0116520 secs] [Times: user=0.04 sys=0.00, real=0.01 secs] 
2014-07-09T01:24:25.129+0000: 2288.591: [GC [PSYoungGen: 559908K->256K(671424K)] 717412K->157808K(1358400K), 0.0186780 secs] [Times: user=0.06 sys=0.00, real=0.02 secs] 
2014-07-09T01:24:26.273+0000: 2289.735: [GC [PSYoungGen: 671424K->224K(647232K)] 828976K->157832K(1334208K), 0.0109100 secs] [Times: user=0.04 sys=0.01, real=0.01 secs] 
2014-07-09T01:24:27.443+0000: 2290.905: [GC [PSYoungGen: 647200K->320K(776704K)] 804808K->157984K(1463680K), 0.0282200 secs] [Times: user=0.10 sys=0.00, real=0.03 secs] 
2014-07-09T01:24:28.780+0000: 2292.242: [GC [PSYoungGen: 776704K->416K(932160K)] 934368K->158120K(1619136K), 0.0140790 secs] [Times: user=0.05 sys=0.00, real=0.02 secs] 
2014-07-09T01:24:30.394+0000: 2293.856: [GC [PSYoungGen: 932046K->388K(1118528K)] 1089750K->158116K(1805504K), 0.0055100 secs] [Times: user=0.02 sys=0.00, real=0.00 secs] 
2014-07-09T01:24:32.274+0000: 2295.736: [GC [PSYoungGen: 1118468K->192K(1072896K)] 1276196K->157952K(1759872K), 0.0046200 secs] [Times: user=0.01 sys=0.00, real=0.00 secs] 
2014-07-09T01:24:34.101+0000: 2297.563: [GC [PSYoungGen: 1072896K->402K(1029952K)] 1230656K->158234K(1716928K), 0.0159460 secs] [Times: user=0.05 sys=0.00, real=0.01 secs] 
2014-07-09T01:24:35.898+0000: 2299.361: [GC [PSYoungGen: 1029906K->608K(988992K)] 1187738K->158520K(1675968K), 0.0160350 secs] [Times: user=0.05 sys=0.00, real=0.02 secs] 
2014-07-09T01:24:37.637+0000: 2301.099: [GC [PSYoungGen: 988960K->228K(949440K)] 1146872K->158300K(1636416K), 0.0127820 secs] [Times: user=0.05 sys=0.00, real=0.01 secs] 
2014-07-09T01:24:39.242+0000: 2302.705: [GC [PSYoungGen: 949412K->320K(1139392K)] 1107484K->158448K(1826368K), 0.0321660 secs] [Times: user=0.11 sys=0.00, real=0.03 secs] 
2014-07-09T01:24:41.239+0000: 2304.701: [GC [PSYoungGen: 1139392K->342K(1093056K)] 1297520K->158518K(1780032K), 0.0042630 secs] [Times: user=0.01 sys=0.00, real=0.01 secs] 
2014-07-09T01:24:43.076+0000: 2306.539: [GC [PSYoungGen: 1093014K->416K(1048960K)] 1251190K->158648K(1735936K), 0.0097410 secs] [Times: user=0.03 sys=0.00, real=0.01 secs] 
2014-07-09T01:24:44.911+0000: 2308.373: [GC [PSYoungGen: 1048928K->498K(1006976K)] 1207160K->158826K(1693952K), 0.0140880 secs] [Times: user=0.05 sys=0.00, real=0.02 secs] 
2014-07-09T01:24:46.652+0000: 2310.114: [GC [PSYoungGen: 1006962K->352K(966848K)] 1165290K->158752K(1653824K), 0.0273400 secs] [Times: user=0.09 sys=0.00, real=0.02 secs] 
2014-07-09T01:24:48.274+0000: 2311.736: [GC [PSYoungGen: 966816K->192K(928512K)] 1125216K->158648K(1615488K), 0.0120540 secs] [Times: user=0.04 sys=0.00, real=0.01 secs] 
2014-07-09T01:24:49.956+0000: 2313.418: [GC [PSYoungGen: 928426K->640K(892672K)] 1086882K->159160K(1579648K), 0.0203300 secs] [Times: user=0.07 sys=0.00, real=0.02 secs] 
2014-07-09T01:24:51.485+0000: 2314.948: [GC [PSYoungGen: 892672K->288K(857792K)] 1051192K->158872K(1544768K), 0.0113990 secs] [Times: user=0.04 sys=0.00, real=0.01 secs] 
2014-07-09T01:24:52.955+0000: 2316.417: [GC [PSYoungGen: 857760K->320K(824832K)] 1016344K->158952K(1511808K), 0.0153590 secs] [Times: user=0.06 sys=0.00, real=0.01 secs] 
2014-07-09T01:24:54.343+0000: 2317.805: [GC [PSYoungGen: 824832K->288K(793472K)] 983464K->159000K(1480448K), 0.0136030 secs] [Times: user=0.04 sys=0.00, real=0.02 secs] 
2014-07-09T01:24:55.733+0000: 2319.196: [GC [PSYoungGen: 793440K->370K(952192K)] 952152K->159130K(1639168K), 0.0219090 secs] [Times: user=0.07 sys=0.00, real=0.03 secs] 
2014-07-09T01:24:57.324+0000: 2320.786: [GC [PSYoungGen: 952178K->498K(914880K)] 1110938K->159346K(1601856K), 0.0091700 secs] [Times: user=0.03 sys=0.00, real=0.01 secs] 
2014-07-09T01:24:58.919+0000: 2322.381: [GC [PSYoungGen: 914866K->562K(1097856K)] 1073714K->159458K(1784832K), 0.0222530 secs] [Times: user=0.08 sys=0.00, real=0.02 secs] 
2014-07-09T01:25:00.822+0000: 2324.285: [GC [PSYoungGen: 1097842K->384K(1053248K)] 1256738K->159376K(1740224K), 0.0102040 secs] [Times: user=0.03 sys=0.00, real=0.01 secs] 
2014-07-09T01:25:02.596+0000: 2326.058: [GC [PSYoungGen: 1053248K->256K(1010880K)] 1212240K->159280K(1697856K), 0.0048520 secs] [Times: user=0.01 sys=0.00, real=0.00 secs] 
2014-07-09T01:25:04.300+0000: 2327.762: [GC [PSYoungGen: 1010880K->498K(970880K)] 1169904K->159594K(1657856K), 0.0063230 secs] [Times: user=0.01 sys=0.00, real=0.01 secs] 
2014-07-09T01:25:06.018+0000: 2329.480: [GC [PSYoungGen: 970866K->320K(932352K)] 1129962K->159480K(1619328K), 0.0087980 secs] [Times: user=0.03 sys=0.00, real=0.01 secs] 
2014-07-09T01:25:07.555+0000: 2331.017: [GC [PSYoungGen: 932352K->288K(895872K)] 1091512K->159536K(1582848K), 0.0306220 secs] [Times: user=0.10 sys=0.01, real=0.04 secs] 
2014-07-09T01:25:09.121+0000: 2332.584: [GC [PSYoungGen: 895840K->224K(861056K)] 1055088K->159496K(1548032K), 0.0051130 secs] [Times: user=0.01 sys=0.00, real=0.01 secs] 
2014-07-09T01:25:10.622+0000: 2334.085: [GC [PSYoungGen: 861024K->484K(828224K)] 1020296K->159812K(1515200K), 0.0122320 secs] [Times: user=0.04 sys=0.00, real=0.01 secs] 
2014-07-09T01:25:12.026+0000: 2335.489: [GC [PSYoungGen: 828196K->420K(796608K)] 987524K->159812K(1483584K), 0.0108550 secs] [Times: user=0.04 sys=0.00, real=0.01 secs] 
2014-07-09T01:25:13.413+0000: 2336.875: [GC [PSYoungGen: 796510K->406K(955840K)] 955902K->159846K(1642816K), 0.0255720 secs] [Times: user=0.09 sys=0.00, real=0.03 secs] 
2014-07-09T01:25:15.036+0000: 2338.498: [GC [PSYoungGen: 955798K->224K(918080K)] 1115238K->159728K(1605056K), 0.0034550 secs] [Times: user=0.00 sys=0.00, real=0.01 secs] 
2014-07-09T01:25:16.613+0000: 2340.075: [GC [PSYoungGen: 918048K->338K(882432K)] 1077552K->159890K(1569408K), 0.0040930 secs] [Times: user=0.01 sys=0.00, real=0.01 secs] 
2014-07-09T01:25:18.119+0000: 2341.581: [GC [PSYoungGen: 882308K->530K(848512K)] 1041860K->160154K(1535488K), 0.0136250 secs] [Times: user=0.04 sys=0.00, real=0.01 secs] 
2014-07-09T01:25:19.539+0000: 2343.001: [GC [PSYoungGen: 848464K->352K(815808K)] 1008088K->160024K(1502784K), 0.0130240 secs] [Times: user=0.04 sys=0.00, real=0.01 secs] 
2014-07-09T01:25:20.959+0000: 2344.421: [GC [PSYoungGen: 815776K->224K(784704K)] 975448K->159928K(1471680K), 0.0097430 secs] [Times: user=0.03 sys=0.00, real=0.01 secs] 
2014-07-09T01:25:22.259+0000: 2345.721: [GC [PSYoungGen: 784672K->288K(755264K)] 944376K->160040K(1442240K), 0.0125380 secs] [Times: user=0.04 sys=0.00, real=0.01 secs] 
2014-07-09T01:25:23.561+0000: 2347.024: [GC [PSYoungGen: 755232K->352K(906368K)] 914984K->160184K(1593344K), 0.0415500 secs] [Times: user=0.16 sys=0.00, real=0.04 secs] 
2014-07-09T01:25:25.111+0000: 2348.573: [GC [PSYoungGen: 906336K->256K(1087488K)] 1066168K->160144K(1774464K), 0.0157250 secs] [Times: user=0.06 sys=0.00, real=0.01 secs] 
2014-07-09T01:25:27.009+0000: 2350.471: [GC [PSYoungGen: 1087488K->612K(1305344K)] 1247376K->160612K(1992320K), 0.0098140 secs] [Times: user=0.03 sys=0.00, real=0.01 secs] 
2014-07-09T01:25:29.220+0000: 2352.683: [GC [PSYoungGen: 1305316K->384K(1250624K)] 1465316K->160480K(1937600K), 0.0066820 secs] [Times: user=0.03 sys=0.00, real=0.00 secs] 
2014-07-09T01:25:31.364+0000: 2354.826: [GC [PSYoungGen: 1250624K->466K(1198976K)] 1410720K->160634K(1885952K), 0.0071690 secs] [Times: user=0.03 sys=0.00, real=0.01 secs] 
2014-07-09T01:25:33.461+0000: 2356.923: [GC [PSYoungGen: 1198927K->480K(1149696K)] 1359095K->160728K(1836672K), 0.0192770 secs] [Times: user=0.06 sys=0.01, real=0.02 secs] 
2014-07-09T01:25:35.469+0000: 2358.932: [GC [PSYoungGen: 1149664K->352K(1102656K)] 1309912K->160704K(1789632K), 0.0165080 secs] [Times: user=0.06 sys=0.00, real=0.02 secs] 
2014-07-09T01:25:37.383+0000: 2360.845: [GC [PSYoungGen: 1102624K->384K(1058048K)] 1262976K->160800K(1745024K), 0.0069440 secs] [Times: user=0.01 sys=0.00, real=0.01 secs] 
2014-07-09T01:25:39.174+0000: 2362.636: [GC [PSYoungGen: 1058034K->594K(1015808K)] 1218450K->161082K(1702784K), 0.0116420 secs] [Times: user=0.04 sys=0.00, real=0.01 secs] 
2014-07-09T01:25:40.963+0000: 2364.425: [GC [PSYoungGen: 1015762K->320K(975040K)] 1176250K->160912K(1662016K), 0.0119970 secs] [Times: user=0.05 sys=0.00, real=0.01 secs] 
2014-07-09T01:25:42.639+0000: 2366.101: [GC [PSYoungGen: 975035K->416K(936640K)] 1135627K->161048K(1623616K), 0.0072460 secs] [Times: user=0.03 sys=0.00, real=0.01 secs] 
2014-07-09T01:25:44.200+0000: 2367.662: [GC [PSYoungGen: 936608K->160K(899712K)] 1097240K->160880K(1586688K), 0.0048880 secs] [Times: user=0.02 sys=0.00, real=0.01 secs] 
2014-07-09T01:25:45.776+0000: 2369.239: [GC [PSYoungGen: 899680K->676K(865280K)] 1060400K->161564K(1552256K), 0.0108800 secs] [Times: user=0.02 sys=0.00, real=0.01 secs] 
2014-07-09T01:25:47.206+0000: 2370.668: [GC [PSYoungGen: 865252K->416K(831744K)] 1026140K->161376K(1518720K), 0.0196820 secs] [Times: user=0.07 sys=0.00, real=0.02 secs] 
2014-07-09T01:25:48.648+0000: 2372.110: [GC [PSYoungGen: 831708K->256K(799872K)] 992668K->161280K(1486848K), 0.0142130 secs] [Times: user=0.05 sys=0.00, real=0.02 secs] 
2014-07-09T01:25:50.007+0000: 2373.469: [GC [PSYoungGen: 799847K->470K(769920K)] 960871K->161534K(1456896K), 0.0125530 secs] [Times: user=0.04 sys=0.00, real=0.01 secs] 
2014-07-09T01:25:51.352+0000: 2374.815: [GC [PSYoungGen: 769878K->256K(740864K)] 930942K->161352K(1427840K), 0.0047410 secs] [Times: user=0.01 sys=0.00, real=0.00 secs] 
2014-07-09T01:25:52.630+0000: 2376.093: [GC [PSYoungGen: 740864K->352K(713536K)] 901960K->161504K(1400512K), 0.0101780 secs] [Times: user=0.03 sys=0.00, real=0.01 secs] 
2014-07-09T01:25:53.808+0000: 2377.270: [GC [PSYoungGen: 713504K->544K(856384K)] 874656K->161776K(1543360K), 0.0253950 secs] [Times: user=0.08 sys=0.00, real=0.03 secs] 
2014-07-09T01:25:55.281+0000: 2378.743: [GC [PSYoungGen: 856352K->320K(823296K)] 1017584K->161592K(1510272K), 0.0052700 secs] [Times: user=0.02 sys=0.00, real=0.01 secs] 
2014-07-09T01:25:56.762+0000: 2380.224: [GC [PSYoungGen: 823296K->448K(792128K)] 984568K->161792K(1479104K), 0.0107190 secs] [Times: user=0.03 sys=0.00, real=0.01 secs] 
2014-07-09T01:25:58.091+0000: 2381.554: [GC [PSYoungGen: 792128K->352K(762240K)] 953472K->161776K(1449216K), 0.0048270 secs] [Times: user=0.01 sys=0.00, real=0.01 secs] 
2014-07-09T01:25:59.365+0000: 2382.827: [GC [PSYoungGen: 762208K->192K(733632K)] 923632K->161640K(1420608K), 0.0053210 secs] [Times: user=0.02 sys=0.00, real=0.00 secs] 
2014-07-09T01:26:00.669+0000: 2384.131: [GC [PSYoungGen: 733632K->288K(706624K)] 895080K->161776K(1393600K), 0.0122830 secs] [Times: user=0.04 sys=0.00, real=0.01 secs] 
2014-07-09T01:26:01.907+0000: 2385.369: [GC [PSYoungGen: 706592K->224K(680704K)] 868080K->161752K(1367680K), 0.0204730 secs] [Times: user=0.06 sys=0.00, real=0.02 secs] 
2014-07-09T01:26:03.070+0000: 2386.532: [GC [PSYoungGen: 680672K->192K(816768K)] 842200K->161768K(1503744K), 0.0160520 secs] [Times: user=0.06 sys=0.00, real=0.02 secs] 
2014-07-09T01:26:04.465+0000: 2387.927: [GC [PSYoungGen: 816768K->448K(786048K)] 978344K->162104K(1473024K), 0.0114660 secs] [Times: user=0.05 sys=0.00, real=0.01 secs] 
2014-07-09T01:26:05.850+0000: 2389.312: [GC [PSYoungGen: 786048K->320K(756352K)] 947704K->162032K(1443328K), 0.0092500 secs] [Times: user=0.03 sys=0.00, real=0.01 secs] 
2014-07-09T01:26:07.161+0000: 2390.623: [GC [PSYoungGen: 756352K->320K(728192K)] 918064K->162104K(1415168K), 0.0068000 secs] [Times: user=0.03 sys=0.00, real=0.01 secs] 
2014-07-09T01:26:08.387+0000: 2391.849: [GC [PSYoungGen: 728192K->256K(701312K)] 889976K->162088K(1388288K), 0.0086240 secs] [Times: user=0.02 sys=0.00, real=0.01 secs] 
2014-07-09T01:26:09.603+0000: 2393.066: [GC [PSYoungGen: 701312K->416K(675904K)] 863144K->162296K(1362880K), 0.0031910 secs] [Times: user=0.01 sys=0.00, real=0.01 secs] 
2014-07-09T01:26:10.765+0000: 2394.227: [GC [PSYoungGen: 675872K->384K(651456K)] 837752K->162312K(1338432K), 0.0097730 secs] [Times: user=0.04 sys=0.00, real=0.01 secs] 
2014-07-09T01:26:11.917+0000: 2395.379: [GC [PSYoungGen: 651456K->402K(628224K)] 813384K->162362K(1315200K), 0.0145880 secs] [Times: user=0.06 sys=0.00, real=0.01 secs] 
2014-07-09T01:26:12.999+0000: 2396.461: [GC [PSYoungGen: 628178K->384K(605952K)] 790138K->162400K(1292928K), 0.0155590 secs] [Times: user=0.06 sys=0.00, real=0.01 secs] 
2014-07-09T01:26:14.052+0000: 2397.514: [GC [PSYoungGen: 605952K->256K(584640K)] 767968K->162328K(1271616K), 0.0089760 secs] [Times: user=0.03 sys=0.00, real=0.01 secs] 
2014-07-09T01:26:15.064+0000: 2398.526: [GC [PSYoungGen: 584599K->338K(564544K)] 746671K->162466K(1251520K), 0.0094930 secs] [Times: user=0.02 sys=0.00, real=0.01 secs] 
2014-07-09T01:26:16.042+0000: 2399.504: [GC [PSYoungGen: 564498K->192K(677184K)] 726626K->162360K(1364160K), 0.0130670 secs] [Times: user=0.05 sys=0.00, real=0.01 secs] 
2014-07-09T01:26:17.192+0000: 2400.654: [GC [PSYoungGen: 677184K->274K(652800K)] 839352K->162482K(1339776K), 0.0046160 secs] [Times: user=0.01 sys=0.00, real=0.01 secs] 
2014-07-09T01:26:18.306+0000: 2401.768: [GC [PSYoungGen: 652699K->356K(783360K)] 814907K->162620K(1470336K), 0.0322890 secs] [Times: user=0.12 sys=0.00, real=0.03 secs] 
2014-07-09T01:26:19.699+0000: 2403.162: [GC [PSYoungGen: 783332K->256K(939840K)] 945596K->162560K(1626816K), 0.0037350 secs] [Times: user=0.01 sys=0.00, real=0.00 secs] 
2014-07-09T01:26:21.279+0000: 2404.741: [GC [PSYoungGen: 939840K->416K(903168K)] 1102144K->162760K(1590144K), 0.0119960 secs] [Times: user=0.04 sys=0.00, real=0.01 secs] 
2014-07-09T01:26:22.866+0000: 2406.328: [GC [PSYoungGen: 903136K->320K(867968K)] 1065480K->162704K(1554944K), 0.0073530 secs] [Times: user=0.02 sys=0.00, real=0.01 secs] 
2014-07-09T01:26:24.354+0000: 2407.816: [GC [PSYoungGen: 867965K->466K(834752K)] 1030349K->162954K(1521728K), 0.0082710 secs] [Times: user=0.01 sys=0.00, real=0.01 secs] 
2014-07-09T01:26:25.788+0000: 2409.250: [GC [PSYoungGen: 834703K->384K(802816K)] 997191K->162976K(1489792K), 0.0057940 secs] [Times: user=0.02 sys=0.00, real=0.00 secs] 
2014-07-09T01:26:27.160+0000: 2410.622: [GC [PSYoungGen: 802816K->384K(772480K)] 965408K->163048K(1459456K), 0.0090440 secs] [Times: user=0.02 sys=0.00, real=0.01 secs] 
2014-07-09T01:26:28.464+0000: 2411.926: [GC [PSYoungGen: 772480K->352K(743552K)] 935144K->163064K(1430528K), 0.0053090 secs] [Times: user=0.02 sys=0.00, real=0.01 secs] 
2014-07-09T01:26:29.777+0000: 2413.240: [GC [PSYoungGen: 743520K->320K(715904K)] 906232K->163064K(1402880K), 0.0121470 secs] [Times: user=0.05 sys=0.00, real=0.02 secs] 
2014-07-09T01:26:30.979+0000: 2414.441: [GC [PSYoungGen: 715904K->160K(689472K)] 878648K->162936K(1376448K), 0.0090830 secs] [Times: user=0.04 sys=0.00, real=0.01 secs] 
2014-07-09T01:26:32.188+0000: 2415.650: [GC [PSYoungGen: 689440K->320K(664576K)] 852216K->163136K(1351552K), 0.0130340 secs] [Times: user=0.05 sys=0.00, real=0.02 secs] 
2014-07-09T01:26:33.319+0000: 2416.781: [GC [PSYoungGen: 664576K->192K(640576K)] 827392K->163080K(1327552K), 0.0072390 secs] [Times: user=0.01 sys=0.00, real=0.00 secs] 
2014-07-09T01:26:34.448+0000: 2417.910: [GC [PSYoungGen: 640576K->256K(617856K)] 803464K->163192K(1304832K), 0.0107630 secs] [Times: user=0.03 sys=0.00, real=0.01 secs] 
2014-07-09T01:26:35.473+0000: 2418.935: [GC [PSYoungGen: 617856K->562K(596416K)] 780792K->163578K(1283392K), 0.0073100 secs] [Times: user=0.01 sys=0.01, real=0.01 secs] 
2014-07-09T01:26:36.498+0000: 2419.961: [GC [PSYoungGen: 596402K->352K(575488K)] 759418K->163416K(1262464K), 0.0102000 secs] [Times: user=0.04 sys=0.00, real=0.01 secs] 
2014-07-09T01:26:37.499+0000: 2420.961: [GC [PSYoungGen: 575456K->256K(555520K)] 738520K->163360K(1242496K), 0.0101270 secs] [Times: user=0.04 sys=0.00, real=0.01 secs] 
2014-07-09T01:26:38.483+0000: 2421.945: [GC [PSYoungGen: 555520K->306K(536640K)] 718624K->163442K(1223616K), 0.0052550 secs] [Times: user=0.01 sys=0.00, real=0.00 secs] 
2014-07-09T01:26:39.378+0000: 2422.841: [GC [PSYoungGen: 536626K->452K(518720K)] 699762K->163612K(1205696K), 0.0107330 secs] [Times: user=0.03 sys=0.00, real=0.02 secs] 
2014-07-09T01:26:40.267+0000: 2423.729: [GC [PSYoungGen: 518635K->274K(622208K)] 681795K->163450K(1309184K), 0.0229920 secs] [Times: user=0.08 sys=0.00, real=0.02 secs] 
2014-07-09T01:26:41.303+0000: 2424.766: [GC [PSYoungGen: 622162K->324K(746688K)] 785338K->163516K(1433664K), 0.0084930 secs] [Times: user=0.02 sys=0.00, real=0.01 secs] 
2014-07-09T01:26:42.634+0000: 2426.096: [GC [PSYoungGen: 746538K->352K(718976K)] 909730K->163560K(1405952K), 0.0060740 secs] [Times: user=0.01 sys=0.00, real=0.01 secs] 
2014-07-09T01:26:43.897+0000: 2427.359: [GC [PSYoungGen: 718944K->420K(862784K)] 882152K->163740K(1549760K), 0.0295910 secs] [Times: user=0.11 sys=0.00, real=0.03 secs] 
2014-07-09T01:26:45.324+0000: 2428.787: [GC [PSYoungGen: 862756K->192K(1035008K)] 1026076K->163568K(1721984K), 0.0047270 secs] [Times: user=0.01 sys=0.00, real=0.00 secs] 
2014-07-09T01:26:47.078+0000: 2430.540: [GC [PSYoungGen: 1035008K->256K(993664K)] 1198384K->163696K(1680640K), 0.0128910 secs] [Times: user=0.05 sys=0.00, real=0.01 secs] 
2014-07-09T01:26:48.790+0000: 2432.252: [GC [PSYoungGen: 993664K->480K(954496K)] 1157104K->163968K(1641472K), 0.0143600 secs] [Times: user=0.05 sys=0.00, real=0.02 secs] 
2014-07-09T01:26:50.374+0000: 2433.837: [GC [PSYoungGen: 954464K->256K(916736K)] 1117952K->163784K(1603712K), 0.0131380 secs] [Times: user=0.04 sys=0.00, real=0.01 secs] 
2014-07-09T01:26:51.983+0000: 2435.446: [GC [PSYoungGen: 916736K->416K(881216K)] 1080264K->163976K(1568192K), 0.0061890 secs] [Times: user=0.01 sys=0.00, real=0.00 secs] 
2014-07-09T01:26:53.473+0000: 2436.935: [GC [PSYoungGen: 881184K->576K(847296K)] 1044744K->164216K(1534272K), 0.0057380 secs] [Times: user=0.01 sys=0.01, real=0.00 secs] 
2014-07-09T01:26:54.934+0000: 2438.396: [GC [PSYoungGen: 847296K->224K(814528K)] 1010936K->163944K(1501504K), 0.0037080 secs] [Times: user=0.01 sys=0.00, real=0.00 secs] 
2014-07-09T01:26:56.272+0000: 2439.734: [GC [PSYoungGen: 814496K->384K(783744K)] 978216K->164176K(1470720K), 0.0079750 secs] [Times: user=0.02 sys=0.00, real=0.00 secs] 
2014-07-09T01:26:57.702+0000: 2441.165: [GC [PSYoungGen: 783744K->288K(754240K)] 947536K->164120K(1441216K), 0.0087070 secs] [Times: user=0.02 sys=0.00, real=0.00 secs] 
2014-07-09T01:26:59.020+0000: 2442.482: [GC [PSYoungGen: 754208K->466K(726400K)] 918040K->164378K(1413376K), 0.0098780 secs] [Times: user=0.04 sys=0.00, real=0.01 secs] 
2014-07-09T01:27:00.283+0000: 2443.746: [GC [PSYoungGen: 726354K->552K(699712K)] 890266K->164512K(1386688K), 0.0221590 secs] [Times: user=0.08 sys=0.00, real=0.02 secs] 
2014-07-09T01:27:01.488+0000: 2444.951: [GC [PSYoungGen: 699688K->256K(673856K)] 863648K->164336K(1360832K), 0.0135450 secs] [Times: user=0.04 sys=0.00, real=0.01 secs] 
2014-07-09T01:27:02.712+0000: 2446.175: [GC [PSYoungGen: 673813K->690K(649984K)] 837893K->164834K(1336960K), 0.0094710 secs] [Times: user=0.02 sys=0.00, real=0.01 secs] 
2014-07-09T01:27:03.803+0000: 2447.265: [GC [PSYoungGen: 649970K->484K(779648K)] 814114K->164892K(1466624K), 0.0264600 secs] [Times: user=0.08 sys=0.01, real=0.02 secs] 
2014-07-09T01:27:05.130+0000: 2448.592: [GC [PSYoungGen: 779620K->352K(935360K)] 944028K->164824K(1622336K), 0.0113440 secs] [Times: user=0.05 sys=0.00, real=0.01 secs] 
2014-07-09T01:27:06.728+0000: 2450.191: [GC [PSYoungGen: 935328K->786K(1122816K)] 1099800K->165330K(1809792K), 0.0088350 secs] [Times: user=0.02 sys=0.00, real=0.01 secs] 
2014-07-09T01:27:08.646+0000: 2452.108: [GC [PSYoungGen: 1122770K->448K(1346880K)] 1287314K->165056K(2033856K), 0.0221420 secs] [Times: user=0.07 sys=0.01, real=0.02 secs] 
2014-07-09T01:27:10.903+0000: 2454.366: [GC [PSYoungGen: 1346880K->420K(1290432K)] 1511488K->165076K(1977408K), 0.0074460 secs] [Times: user=0.03 sys=0.00, real=0.01 secs] 
2014-07-09T01:27:13.092+0000: 2456.554: [GC [PSYoungGen: 1290404K->224K(1236544K)] 1455060K->164920K(1923520K), 0.0039220 secs] [Times: user=0.01 sys=0.00, real=0.01 secs] 
2014-07-09T01:27:15.183+0000: 2458.646: [GC [PSYoungGen: 1236512K->288K(1185472K)] 1401208K->165080K(1872448K), 0.0080330 secs] [Times: user=0.03 sys=0.00, real=0.01 secs] 
2014-07-09T01:27:17.178+0000: 2460.640: [GC [PSYoungGen: 1185440K->288K(1136832K)] 1350232K->165152K(1823808K), 0.0051120 secs] [Times: user=0.01 sys=0.00, real=0.00 secs] 
2014-07-09T01:27:19.141+0000: 2462.603: [GC [PSYoungGen: 1136800K->224K(1090496K)] 1301664K->165128K(1777472K), 0.0276940 secs] [Times: user=0.09 sys=0.00, real=0.03 secs] 
2014-07-09T01:27:21.038+0000: 2464.501: [GC [PSYoungGen: 1090464K->288K(1046528K)] 1255368K->165256K(1733504K), 0.0084980 secs] [Times: user=0.01 sys=0.00, real=0.01 secs] 
2014-07-09T01:27:22.824+0000: 2466.286: [GC [PSYoungGen: 1046478K->530K(1004864K)] 1211446K->165562K(1691840K), 0.0098060 secs] [Times: user=0.02 sys=0.00, real=0.01 secs] 
2014-07-09T01:27:24.501+0000: 2467.963: [GC [PSYoungGen: 1004818K->434K(964800K)] 1169850K->165554K(1651776K), 0.0111320 secs] [Times: user=0.04 sys=0.00, real=0.01 secs] 
2014-07-09T01:27:26.181+0000: 2469.644: [GC [PSYoungGen: 964786K->288K(926656K)] 1129906K->165472K(1613632K), 0.0090020 secs] [Times: user=0.03 sys=0.00, real=0.01 secs] 
2014-07-09T01:27:27.770+0000: 2471.232: [GC [PSYoungGen: 926624K->324K(890496K)] 1091808K->165564K(1577472K), 0.0038550 secs] [Times: user=0.01 sys=0.00, real=0.00 secs] 
2014-07-09T01:27:29.276+0000: 2472.738: [GC [PSYoungGen: 890436K->256K(855872K)] 1055676K->165552K(1542848K), 0.0084810 secs] [Times: user=0.03 sys=0.00, real=0.01 secs] 
2014-07-09T01:27:30.797+0000: 2474.259: [GC [PSYoungGen: 855872K->594K(823424K)] 1021168K->165962K(1510400K), 0.0170130 secs] [Times: user=0.06 sys=0.00, real=0.01 secs] 
2014-07-09T01:27:32.180+0000: 2475.642: [GC [PSYoungGen: 823378K->352K(791872K)] 988746K->165760K(1478848K), 0.0043990 secs] [Times: user=0.00 sys=0.00, real=0.00 secs] 
2014-07-09T01:27:33.537+0000: 2476.999: [GC [PSYoungGen: 791840K->288K(761984K)] 957248K->165760K(1448960K), 0.0105880 secs] [Times: user=0.03 sys=0.00, real=0.01 secs] 
2014-07-09T01:27:34.864+0000: 2478.326: [GC [PSYoungGen: 761952K->562K(733824K)] 927424K->166106K(1420800K), 0.0100500 secs] [Times: user=0.03 sys=0.00, real=0.01 secs] 
2014-07-09T01:27:36.099+0000: 2479.561: [GC [PSYoungGen: 733810K->552K(706752K)] 899354K->166160K(1393728K), 0.0239930 secs] [Times: user=0.09 sys=0.00, real=0.02 secs] 
2014-07-09T01:27:37.295+0000: 2480.757: [GC [PSYoungGen: 706728K->224K(847680K)] 872336K->165872K(1534656K), 0.0156010 secs] [Times: user=0.06 sys=0.00, real=0.02 secs] 
2014-07-09T01:27:38.785+0000: 2482.248: [GC [PSYoungGen: 847648K->384K(1017344K)] 1013296K->166080K(1704320K), 0.0237800 secs] [Times: user=0.07 sys=0.00, real=0.03 secs] 
2014-07-09T01:27:40.559+0000: 2484.021: [GC [PSYoungGen: 1017344K->530K(977024K)] 1183040K->166282K(1664000K), 0.0081430 secs] [Times: user=0.02 sys=0.00, real=0.00 secs] 
2014-07-09T01:27:42.210+0000: 2485.672: [GC [PSYoungGen: 976978K->242K(938112K)] 1142730K->166042K(1625088K), 0.0103380 secs] [Times: user=0.03 sys=0.01, real=0.01 secs] 
2014-07-09T01:27:43.894+0000: 2487.356: [GC [PSYoungGen: 938098K->402K(901568K)] 1103898K->166274K(1588544K), 0.0107400 secs] [Times: user=0.04 sys=0.00, real=0.01 secs] 
2014-07-09T01:27:45.392+0000: 2488.854: [GC [PSYoungGen: 901522K->370K(866496K)] 1067394K->166322K(1553472K), 0.0059090 secs] [Times: user=0.03 sys=0.00, real=0.00 secs] 
2014-07-09T01:27:46.882+0000: 2490.344: [GC [PSYoungGen: 866479K->512K(833280K)] 1032431K->166536K(1520256K), 0.0110950 secs] [Times: user=0.03 sys=0.01, real=0.01 secs] 
2014-07-09T01:27:48.324+0000: 2491.786: [GC [PSYoungGen: 833280K->352K(801408K)] 999304K->166440K(1488384K), 0.0078770 secs] [Times: user=0.01 sys=0.01, real=0.01 secs] 
2014-07-09T01:27:49.696+0000: 2493.159: [GC [PSYoungGen: 801376K->320K(771072K)] 967464K->166456K(1458048K), 0.0110890 secs] [Times: user=0.04 sys=0.00, real=0.01 secs] 
2014-07-09T01:27:51.007+0000: 2494.469: [GC [PSYoungGen: 771072K->402K(742336K)] 937208K->166578K(1429312K), 0.0245020 secs] [Times: user=0.08 sys=0.00, real=0.03 secs] 
2014-07-09T01:27:52.250+0000: 2495.713: [GC [PSYoungGen: 742290K->338K(714752K)] 908466K->166554K(1401728K), 0.0067120 secs] [Times: user=0.02 sys=0.00, real=0.00 secs] 
2014-07-09T01:27:53.533+0000: 2496.995: [GC [PSYoungGen: 714706K->448K(688576K)] 880922K->166736K(1375552K), 0.0045080 secs] [Times: user=0.01 sys=0.00, real=0.00 secs] 
2014-07-09T01:27:54.732+0000: 2498.194: [GC [PSYoungGen: 688576K->352K(663488K)] 854864K->166728K(1350464K), 0.0093310 secs] [Times: user=0.04 sys=0.01, real=0.01 secs] 
2014-07-09T01:27:55.909+0000: 2499.371: [GC [PSYoungGen: 663456K->416K(639680K)] 829832K->166832K(1326656K), 0.0100350 secs] [Times: user=0.04 sys=0.01, real=0.01 secs] 
2014-07-09T01:27:57.002+0000: 2500.464: [GC [PSYoungGen: 639648K->288K(616832K)] 806064K->166760K(1303808K), 0.0035640 secs] [Times: user=0.01 sys=0.01, real=0.00 secs] 
2014-07-09T01:27:58.102+0000: 2501.564: [GC [PSYoungGen: 616800K->562K(595392K)] 783272K->167082K(1282368K), 0.0149730 secs] [Times: user=0.05 sys=0.00, real=0.01 secs] 
2014-07-09T01:27:59.128+0000: 2502.590: [GC [PSYoungGen: 595378K->160K(574272K)] 761898K->166728K(1261248K), 0.0070750 secs] [Times: user=0.02 sys=0.00, real=0.01 secs] 
2014-07-09T01:28:00.132+0000: 2503.594: [GC [PSYoungGen: 574240K->356K(554688K)] 740808K->166964K(1241664K), 0.0040810 secs] [Times: user=0.01 sys=0.00, real=0.01 secs] 
2014-07-09T01:28:01.059+0000: 2504.521: [GC [PSYoungGen: 554579K->324K(665600K)] 721187K->166964K(1352576K), 0.0262320 secs] [Times: user=0.09 sys=0.00, real=0.03 secs] 
2014-07-09T01:28:02.175+0000: 2505.637: [GC [PSYoungGen: 665540K->320K(798592K)] 832180K->167016K(1485568K), 0.0274670 secs] [Times: user=0.10 sys=0.00, real=0.03 secs] 
2014-07-09T01:28:03.581+0000: 2507.043: [GC [PSYoungGen: 798505K->320K(958272K)] 965201K->167080K(1645248K), 0.0093540 secs] [Times: user=0.02 sys=0.00, real=0.01 secs] 
2014-07-09T01:28:05.186+0000: 2508.648: [GC [PSYoungGen: 958272K->288K(1149888K)] 1125032K->167120K(1836864K), 0.0042850 secs] [Times: user=0.01 sys=0.00, real=0.00 secs] 
2014-07-09T01:28:07.130+0000: 2510.592: [GC [PSYoungGen: 1149856K->224K(1102912K)] 1316688K->167104K(1789888K), 0.0105630 secs] [Times: user=0.04 sys=0.00, real=0.01 secs] 
2014-07-09T01:28:09.072+0000: 2512.534: [GC [PSYoungGen: 1102880K->224K(1058240K)] 1269760K->167160K(1745216K), 0.0086940 secs] [Times: user=0.02 sys=0.00, real=0.01 secs] 
2014-07-09T01:28:10.881+0000: 2514.344: [GC [PSYoungGen: 1058208K->324K(1015872K)] 1225144K->167316K(1702848K), 0.0046820 secs] [Times: user=0.01 sys=0.00, real=0.01 secs] 
2014-07-09T01:28:12.635+0000: 2516.097: [GC [PSYoungGen: 1015812K->516K(975616K)] 1182804K->167556K(1662592K), 0.0109920 secs] [Times: user=0.02 sys=0.00, real=0.01 secs] 
2014-07-09T01:28:14.286+0000: 2517.748: [GC [PSYoungGen: 975556K->228K(936768K)] 1142596K->167446K(1623744K), 0.0039590 secs] [Times: user=0.01 sys=0.01, real=0.00 secs] 
2014-07-09T01:28:15.895+0000: 2519.357: [GC [PSYoungGen: 936706K->192K(900032K)] 1103924K->167458K(1587008K), 0.0051070 secs] [Times: user=0.01 sys=0.00, real=0.00 secs] 
2014-07-09T01:28:17.438+0000: 2520.900: [GC [PSYoungGen: 900032K->598K(865536K)] 1067298K->167936K(1552512K), 0.0132830 secs] [Times: user=0.05 sys=0.00, real=0.01 secs] 
2014-07-09T01:28:18.945+0000: 2522.408: [GC [PSYoungGen: 865494K->352K(832000K)] 1032832K->167738K(1518976K), 0.0120530 secs] [Times: user=0.04 sys=0.00, real=0.01 secs] 
2014-07-09T01:28:20.362+0000: 2523.824: [GC [PSYoungGen: 831968K->434K(800384K)] 999354K->167980K(1487360K), 0.0119270 secs] [Times: user=0.03 sys=0.00, real=0.01 secs] 
2014-07-09T01:28:21.777+0000: 2525.240: [GC [PSYoungGen: 800370K->320K(770048K)] 967916K->167914K(1457024K), 0.0087520 secs] [Times: user=0.03 sys=0.00, real=0.01 secs] 
2014-07-09T01:28:23.090+0000: 2526.553: [GC [PSYoungGen: 770048K->288K(741248K)] 937642K->167962K(1428224K), 0.0066960 secs] [Times: user=0.01 sys=0.00, real=0.01 secs] 
2014-07-09T01:28:24.371+0000: 2527.833: [GC [PSYoungGen: 741216K->512K(713984K)] 908890K->168282K(1400960K), 0.0116410 secs] [Times: user=0.03 sys=0.00, real=0.01 secs] 
2014-07-09T01:28:25.584+0000: 2529.046: [GC [PSYoungGen: 713927K->438K(687744K)] 881697K->168248K(1374720K), 0.0204040 secs] [Times: user=0.06 sys=0.00, real=0.02 secs] 
2014-07-09T01:28:26.807+0000: 2530.269: [GC [PSYoungGen: 687734K->644K(663040K)] 855544K->168518K(1350016K), 0.0123140 secs] [Times: user=0.04 sys=0.00, real=0.01 secs] 
2014-07-09T01:28:27.930+0000: 2531.392: [GC [PSYoungGen: 662980K->306K(795136K)] 830854K->168316K(1482112K), 0.0247390 secs] [Times: user=0.09 sys=0.01, real=0.02 secs] 
2014-07-09T01:28:29.290+0000: 2532.753: [GC [PSYoungGen: 795122K->416K(954240K)] 963132K->168474K(1641216K), 0.0069570 secs] [Times: user=0.01 sys=0.00, real=0.01 secs] 
2014-07-09T01:28:30.940+0000: 2534.402: [GC [PSYoungGen: 954208K->434K(916736K)] 1122266K->168564K(1603712K), 0.0109940 secs] [Times: user=0.04 sys=0.00, real=0.01 secs] 
2014-07-09T01:28:32.472+0000: 2535.935: [GC [PSYoungGen: 916722K->534K(881152K)] 1084852K->168704K(1568128K), 0.0057460 secs] [Times: user=0.02 sys=0.00, real=0.01 secs] 
2014-07-09T01:28:33.960+0000: 2537.422: [GC [PSYoungGen: 881110K->224K(846784K)] 1049280K->168474K(1533760K), 0.0070480 secs] [Times: user=0.02 sys=0.00, real=0.00 secs] 
2014-07-09T01:28:35.384+0000: 2538.846: [GC [PSYoungGen: 846752K->384K(814528K)] 1015002K->168706K(1501504K), 0.0114110 secs] [Times: user=0.04 sys=0.00, real=0.01 secs] 
2014-07-09T01:28:36.824+0000: 2540.286: [GC [PSYoungGen: 814528K->548K(783808K)] 982850K->168934K(1470784K), 0.0091060 secs] [Times: user=0.03 sys=0.00, real=0.01 secs] 
2014-07-09T01:28:38.127+0000: 2541.590: [GC [PSYoungGen: 783780K->128K(753920K)] 952166K->168562K(1440896K), 0.0046530 secs] [Times: user=0.02 sys=0.00, real=0.00 secs] 
2014-07-09T01:28:39.457+0000: 2542.919: [GC [PSYoungGen: 753920K->356K(726144K)] 922354K->168814K(1413120K), 0.0092610 secs] [Times: user=0.03 sys=0.00, real=0.01 secs] 
2014-07-09T01:28:40.707+0000: 2544.169: [GC [PSYoungGen: 726116K->352K(699392K)] 894574K->168874K(1386368K), 0.0100750 secs] [Times: user=0.03 sys=0.00, real=0.01 secs] 
2014-07-09T01:28:41.915+0000: 2545.377: [GC [PSYoungGen: 699360K->644K(674240K)] 867882K->169198K(1361216K), 0.0203600 secs] [Times: user=0.06 sys=0.00, real=0.02 secs] 
2014-07-09T01:28:43.039+0000: 2546.501: [GC [PSYoungGen: 674180K->306K(649536K)] 842734K->168900K(1336512K), 0.0051470 secs] [Times: user=0.01 sys=0.01, real=0.00 secs] 
2014-07-09T01:28:44.148+0000: 2547.610: [GC [PSYoungGen: 649522K->352K(626368K)] 818116K->169018K(1313344K), 0.0064640 secs] [Times: user=0.01 sys=0.00, real=0.01 secs] 
2014-07-09T01:28:45.238+0000: 2548.701: [GC [PSYoungGen: 626336K->438K(604288K)] 795002K->169168K(1291264K), 0.0092760 secs] [Times: user=0.02 sys=0.00, real=0.01 secs] 
2014-07-09T01:28:46.250+0000: 2549.712: [GC [PSYoungGen: 604278K->306K(583040K)] 773008K->169076K(1270016K), 0.0050720 secs] [Times: user=0.01 sys=0.00, real=0.00 secs] 
2014-07-09T01:28:47.235+0000: 2550.697: [GC [PSYoungGen: 583026K->192K(562752K)] 751796K->169002K(1249728K), 0.0128470 secs] [Times: user=0.05 sys=0.00, real=0.01 secs] 
2014-07-09T01:28:48.192+0000: 2551.654: [GC [PSYoungGen: 562752K->328K(675456K)] 731562K->169154K(1362432K), 0.0201030 secs] [Times: user=0.07 sys=0.00, real=0.02 secs] 
2014-07-09T01:28:49.399+0000: 2552.861: [GC [PSYoungGen: 675400K->566K(810688K)] 844226K->169424K(1497664K), 0.0077580 secs] [Times: user=0.01 sys=0.00, real=0.01 secs] 
2014-07-09T01:28:50.807+0000: 2554.269: [GC [PSYoungGen: 810678K->388K(779840K)] 979536K->169302K(1466816K), 0.0108370 secs] [Times: user=0.04 sys=0.00, real=0.01 secs] 
2014-07-09T01:28:52.149+0000: 2555.611: [GC [PSYoungGen: 779780K->320K(750464K)] 948694K->169274K(1437440K), 0.0036370 secs] [Times: user=0.01 sys=0.00, real=0.01 secs] 
2014-07-09T01:28:53.457+0000: 2556.920: [GC [PSYoungGen: 750464K->416K(722688K)] 919418K->169434K(1409664K), 0.0049070 secs] [Times: user=0.01 sys=0.01, real=0.01 secs] 
2014-07-09T01:28:54.760+0000: 2558.223: [GC [PSYoungGen: 722656K->512K(696192K)] 891674K->169594K(1383168K), 0.0068070 secs] [Times: user=0.02 sys=0.00, real=0.00 secs] 
2014-07-09T01:28:55.956+0000: 2559.418: [GC [PSYoungGen: 696192K->192K(670528K)] 865274K->169322K(1357504K), 0.0135780 secs] [Times: user=0.05 sys=0.00, real=0.01 secs] 
2014-07-09T01:28:57.094+0000: 2560.556: [GC [PSYoungGen: 670528K->306K(646464K)] 839658K->169476K(1333440K), 0.0039670 secs] [Times: user=0.01 sys=0.00, real=0.00 secs] 
2014-07-09T01:28:58.183+0000: 2561.645: [GC [PSYoungGen: 646450K->256K(623360K)] 815620K->169458K(1310336K), 0.0130100 secs] [Times: user=0.05 sys=0.00, real=0.01 secs] 
2014-07-09T01:28:59.287+0000: 2562.749: [GC [PSYoungGen: 623360K->306K(601408K)] 792562K->169532K(1288384K), 0.0038170 secs] [Times: user=0.01 sys=0.00, real=0.01 secs] 
2014-07-09T01:29:00.310+0000: 2563.772: [GC [PSYoungGen: 601394K->256K(580352K)] 770620K->169546K(1267328K), 0.0036300 secs] [Times: user=0.01 sys=0.00, real=0.01 secs] 
2014-07-09T01:29:01.302+0000: 2564.764: [GC [PSYoungGen: 580352K->384K(560448K)] 749642K->169690K(1247424K), 0.0063240 secs] [Times: user=0.01 sys=0.00, real=0.00 secs] 
2014-07-09T01:29:02.263+0000: 2565.726: [GC [PSYoungGen: 560371K->338K(541312K)] 729677K->169676K(1228288K), 0.0056100 secs] [Times: user=0.01 sys=0.00, real=0.00 secs] 
2014-07-09T01:29:03.186+0000: 2566.649: [GC [PSYoungGen: 541266K->320K(522944K)] 710604K->169722K(1209920K), 0.0148810 secs] [Times: user=0.06 sys=0.00, real=0.02 secs] 
2014-07-09T01:29:04.136+0000: 2567.598: [GC [PSYoungGen: 522944K->512K(627712K)] 692346K->169978K(1314688K), 0.0170790 secs] [Times: user=0.06 sys=0.00, real=0.02 secs] 
2014-07-09T01:29:05.213+0000: 2568.676: [GC [PSYoungGen: 627712K->160K(605184K)] 797178K->169674K(1292160K), 0.0047540 secs] [Times: user=0.01 sys=0.00, real=0.00 secs] 
2014-07-09T01:29:06.275+0000: 2569.737: [GC [PSYoungGen: 605152K->320K(726336K)] 774666K->169874K(1413312K), 0.0171940 secs] [Times: user=0.06 sys=0.00, real=0.02 secs] 
2014-07-09T01:29:07.526+0000: 2570.989: [GC [PSYoungGen: 726336K->530K(871808K)] 895890K->170132K(1558784K), 0.0192040 secs] [Times: user=0.07 sys=0.00, real=0.02 secs] 
2014-07-09T01:29:09.053+0000: 2572.515: [GC [PSYoungGen: 871687K->420K(838080K)] 1041289K->170094K(1525056K), 0.0062050 secs] [Times: user=0.01 sys=0.00, real=0.00 secs] 
2014-07-09T01:29:10.462+0000: 2573.924: [GC [PSYoungGen: 838052K->480K(806144K)] 1007726K->170202K(1493120K), 0.0045620 secs] [Times: user=0.01 sys=0.00, real=0.01 secs] 
2014-07-09T01:29:11.854+0000: 2575.317: [GC [PSYoungGen: 806112K->480K(775680K)] 975834K->170258K(1462656K), 0.0101720 secs] [Times: user=0.03 sys=0.00, real=0.01 secs] 
2014-07-09T01:29:13.178+0000: 2576.640: [GC [PSYoungGen: 775648K->470K(746624K)] 945426K->170288K(1433600K), 0.0087960 secs] [Times: user=0.04 sys=0.00, real=0.01 secs] 
2014-07-09T01:29:14.481+0000: 2577.943: [GC [PSYoungGen: 746582K->256K(718656K)] 916400K->170154K(1405632K), 0.0132890 secs] [Times: user=0.05 sys=0.00, real=0.02 secs] 
2014-07-09T01:29:15.724+0000: 2579.186: [GC [PSYoungGen: 718656K->562K(692544K)] 888554K->170508K(1379520K), 0.0131260 secs] [Times: user=0.04 sys=0.00, real=0.01 secs] 
2014-07-09T01:29:16.915+0000: 2580.378: [GC [PSYoungGen: 692529K->448K(667264K)] 862475K->170442K(1354240K), 0.0143170 secs] [Times: user=0.05 sys=0.00, real=0.01 secs] 
2014-07-09T01:29:18.063+0000: 2581.526: [GC [PSYoungGen: 667174K->594K(643456K)] 837168K->170668K(1330432K), 0.0073760 secs] [Times: user=0.02 sys=0.00, real=0.00 secs] 
2014-07-09T01:29:19.189+0000: 2582.651: [GC [PSYoungGen: 643397K->384K(620288K)] 813471K->170498K(1307264K), 0.0071450 secs] [Times: user=0.03 sys=0.00, real=0.01 secs] 
2014-07-09T01:29:20.268+0000: 2583.730: [GC [PSYoungGen: 620288K->288K(598336K)] 790402K->170458K(1285312K), 0.0167660 secs] [Times: user=0.07 sys=0.00, real=0.02 secs] 
2014-07-09T01:29:21.295+0000: 2584.757: [GC [PSYoungGen: 598304K->416K(577600K)] 768474K->170634K(1264576K), 0.0090370 secs] [Times: user=0.03 sys=0.00, real=0.01 secs] 
2014-07-09T01:29:22.277+0000: 2585.739: [GC [PSYoungGen: 577568K->320K(557568K)] 747786K->170578K(1244544K), 0.0100630 secs] [Times: user=0.04 sys=0.00, real=0.01 secs] 
2014-07-09T01:29:23.258+0000: 2586.721: [GC [PSYoungGen: 557568K->160K(538432K)] 727826K->170466K(1225408K), 0.0072790 secs] [Times: user=0.01 sys=0.00, real=0.01 secs] 
2014-07-09T01:29:24.189+0000: 2587.651: [GC [PSYoungGen: 538391K->666K(646592K)] 708697K->171052K(1333568K), 0.0207960 secs] [Times: user=0.07 sys=0.00, real=0.02 secs] 
2014-07-09T01:29:25.343+0000: 2588.805: [GC [PSYoungGen: 646554K->352K(775488K)] 816940K->170778K(1462464K), 0.0098410 secs] [Times: user=0.04 sys=0.00, real=0.01 secs] 
2014-07-09T01:29:26.657+0000: 2590.119: [GC [PSYoungGen: 775456K->356K(746432K)] 945882K->170854K(1433408K), 0.0047750 secs] [Times: user=0.01 sys=0.00, real=0.00 secs] 
2014-07-09T01:29:27.961+0000: 2591.423: [GC [PSYoungGen: 746404K->480K(718848K)] 916902K->171042K(1405824K), 0.0088150 secs] [Times: user=0.02 sys=0.00, real=0.01 secs] 
2014-07-09T01:29:29.174+0000: 2592.637: [GC [PSYoungGen: 718811K->306K(692224K)] 889373K->170900K(1379200K), 0.0036540 secs] [Times: user=0.01 sys=0.00, real=0.01 secs] 
2014-07-09T01:29:30.376+0000: 2593.838: [GC [PSYoungGen: 692210K->566K(667328K)] 862804K->171208K(1354304K), 0.0083530 secs] [Times: user=0.03 sys=0.00, real=0.00 secs] 
2014-07-09T01:29:31.506+0000: 2594.968: [GC [PSYoungGen: 667318K->416K(800576K)] 837960K->171106K(1487552K), 0.0311390 secs] [Times: user=0.11 sys=0.00, real=0.04 secs] 
2014-07-09T01:29:32.904+0000: 2596.367: [GC [PSYoungGen: 800543K->352K(960576K)] 971233K->171074K(1647552K), 0.0100370 secs] [Times: user=0.03 sys=0.00, real=0.01 secs] 
2014-07-09T01:29:34.513+0000: 2597.975: [GC [PSYoungGen: 960544K->416K(1152704K)] 1131266K->171226K(1839680K), 0.0320680 secs] [Times: user=0.12 sys=0.00, real=0.05 secs] 
2014-07-09T01:29:36.479+0000: 2599.941: [GC [PSYoungGen: 1152672K->352K(1383104K)] 1323482K->171226K(2070080K), 0.0159170 secs] [Times: user=0.06 sys=0.00, real=0.01 secs] 
2014-07-09T01:29:38.873+0000: 2602.335: [GC [PSYoungGen: 1383072K->612K(1505920K)] 1553946K->171558K(2192896K), 0.0147190 secs] [Times: user=0.05 sys=0.00, real=0.02 secs] 
2014-07-09T01:29:41.430+0000: 2604.893: [GC [PSYoungGen: 1505892K->704K(1441728K)] 1676838K->171730K(2128704K), 0.0085630 secs] [Times: user=0.02 sys=0.00, real=0.01 secs] 
2014-07-09T01:29:43.933+0000: 2607.395: [GC [PSYoungGen: 1441728K->384K(1380352K)] 1612754K->171482K(2067328K), 0.0081140 secs] [Times: user=0.02 sys=0.00, real=0.01 secs] 
2014-07-09T01:29:46.241+0000: 2609.703: [GC [PSYoungGen: 1380352K->288K(1322176K)] 1551450K->171490K(2009152K), 0.0048600 secs] [Times: user=0.02 sys=0.00, real=0.00 secs] 
2014-07-09T01:29:48.524+0000: 2611.987: [GC [PSYoungGen: 1322144K->516K(1267136K)] 1493346K->171790K(1954112K), 0.0080510 secs] [Times: user=0.02 sys=0.00, real=0.01 secs] 
2014-07-09T01:29:50.753+0000: 2614.216: [GC [PSYoungGen: 1267076K->306K(1214272K)] 1438350K->171636K(1901248K), 0.0160280 secs] [Times: user=0.06 sys=0.00, real=0.02 secs] 
2014-07-09T01:29:52.809+0000: 2616.271: [GC [PSYoungGen: 1214258K->320K(1164224K)] 1385588K->171714K(1851200K), 0.0051600 secs] [Times: user=0.02 sys=0.00, real=0.01 secs] 
2014-07-09T01:29:54.781+0000: 2618.243: [GC [PSYoungGen: 1164220K->256K(1116544K)] 1335614K->171730K(1803520K), 0.0163780 secs] [Times: user=0.05 sys=0.00, real=0.01 secs] 
2014-07-09T01:29:56.742+0000: 2620.204: [GC [PSYoungGen: 1116544K->416K(1071424K)] 1288018K->171954K(1758400K), 0.0087960 secs] [Times: user=0.01 sys=0.00, real=0.01 secs] 
2014-07-09T01:29:58.552+0000: 2622.014: [GC [PSYoungGen: 1071392K->384K(1028224K)] 1242930K->172002K(1715200K), 0.0070840 secs] [Times: user=0.01 sys=0.00, real=0.00 secs] 
2014-07-09T01:30:00.338+0000: 2623.800: [GC [PSYoungGen: 1028224K->274K(987072K)] 1199842K->171924K(1674048K), 0.0046830 secs] [Times: user=0.01 sys=0.00, real=0.01 secs] 
2014-07-09T01:30:02.071+0000: 2625.534: [GC [PSYoungGen: 987026K->480K(948160K)] 1158676K->172194K(1635136K), 0.0106970 secs] [Times: user=0.04 sys=0.00, real=0.01 secs] 
2014-07-09T01:30:03.696+0000: 2627.158: [GC [PSYoungGen: 948128K->434K(910848K)] 1119842K->172212K(1597824K), 0.0052060 secs] [Times: user=0.01 sys=0.00, real=0.01 secs] 
2014-07-09T01:30:05.303+0000: 2628.765: [GC [PSYoungGen: 910834K->502K(875456K)] 1082612K->172336K(1562432K), 0.0052630 secs] [Times: user=0.01 sys=0.00, real=0.00 secs] 
2014-07-09T01:30:06.786+0000: 2630.248: [GC [PSYoungGen: 875446K->356K(841536K)] 1047280K->172270K(1528512K), 0.0071160 secs] [Times: user=0.03 sys=0.01, real=0.01 secs] 
2014-07-09T01:30:08.225+0000: 2631.688: [GC [PSYoungGen: 841508K->160K(809152K)] 1013422K->172106K(1496128K), 0.0325410 secs] [Times: user=0.11 sys=0.00, real=0.03 secs] 
2014-07-09T01:30:09.621+0000: 2633.083: [GC [PSYoungGen: 809112K->288K(778624K)] 981058K->172266K(1465600K), 0.0038570 secs] [Times: user=0.01 sys=0.00, real=0.01 secs] 
2014-07-09T01:30:11.025+0000: 2634.487: [GC [PSYoungGen: 778592K->242K(749376K)] 950570K->172252K(1436352K), 0.0042990 secs] [Times: user=0.01 sys=0.00, real=0.00 secs] 
2014-07-09T01:30:12.295+0000: 2635.757: [GC [PSYoungGen: 749362K->256K(721536K)] 921372K->172338K(1408512K), 0.0101650 secs] [Times: user=0.03 sys=0.01, real=0.01 secs] 
2014-07-09T01:30:13.560+0000: 2637.023: [GC [PSYoungGen: 721536K->484K(695232K)] 893618K->172630K(1382208K), 0.0102090 secs] [Times: user=0.03 sys=0.00, real=0.01 secs] 
2014-07-09T01:30:14.756+0000: 2638.219: [GC [PSYoungGen: 695204K->416K(669888K)] 867350K->172634K(1356864K), 0.0106230 secs] [Times: user=0.04 sys=0.00, real=0.01 secs] 
2014-07-09T01:30:15.985+0000: 2639.447: [GC [PSYoungGen: 669806K->274K(645632K)] 842024K->172524K(1332608K), 0.0049940 secs] [Times: user=0.01 sys=0.00, real=0.00 secs] 
2014-07-09T01:30:17.105+0000: 2640.567: [GC [PSYoungGen: 645586K->352K(622656K)] 817836K->172658K(1309632K), 0.0112250 secs] [Times: user=0.04 sys=0.00, real=0.01 secs] 
2014-07-09T01:30:18.190+0000: 2641.652: [GC [PSYoungGen: 622624K->242K(600576K)] 794930K->172580K(1287552K), 0.0157440 secs] [Times: user=0.05 sys=0.00, real=0.02 secs] 
2014-07-09T01:30:19.289+0000: 2642.751: [GC [PSYoungGen: 600483K->416K(579776K)] 772821K->172786K(1266752K), 0.0060720 secs] [Times: user=0.02 sys=0.00, real=0.01 secs] 
2014-07-09T01:30:20.284+0000: 2643.746: [GC [PSYoungGen: 579744K->356K(559680K)] 752114K->172766K(1246656K), 0.0072780 secs] [Times: user=0.02 sys=0.00, real=0.00 secs] 
2014-07-09T01:30:21.280+0000: 2644.743: [GC [PSYoungGen: 559652K->224K(540416K)] 732062K->172650K(1227392K), 0.0076250 secs] [Times: user=0.01 sys=0.00, real=0.01 secs] 
2014-07-09T01:30:22.218+0000: 2645.680: [GC [PSYoungGen: 540384K->224K(522176K)] 712810K->172658K(1209152K), 0.0072090 secs] [Times: user=0.01 sys=0.00, real=0.01 secs] 
2014-07-09T01:30:23.142+0000: 2646.604: [GC [PSYoungGen: 522144K->274K(504832K)] 694578K->172764K(1191808K), 0.0044990 secs] [Times: user=0.01 sys=0.00, real=0.01 secs] 
2014-07-09T01:30:24.039+0000: 2647.501: [GC [PSYoungGen: 504783K->576K(606016K)] 677273K->173226K(1292992K), 0.0236500 secs] [Times: user=0.08 sys=0.00, real=0.02 secs] 
2014-07-09T01:30:25.106+0000: 2648.568: [GC [PSYoungGen: 606016K->192K(726720K)] 778666K->172890K(1413696K), 0.0074980 secs] [Times: user=0.01 sys=0.00, real=0.00 secs] 
2014-07-09T01:30:26.397+0000: 2649.859: [GC [PSYoungGen: 726720K->288K(872192K)] 899418K->173050K(1559168K), 0.0212470 secs] [Times: user=0.07 sys=0.00, real=0.02 secs] 
2014-07-09T01:30:27.902+0000: 2651.364: [GC [PSYoungGen: 872160K->608K(1046912K)] 1044922K->173426K(1733888K), 0.0262880 secs] [Times: user=0.09 sys=0.00, real=0.03 secs] 
2014-07-09T01:30:29.707+0000: 2653.169: [GC [PSYoungGen: 1046880K->256K(1255808K)] 1219698K->173106K(1942784K), 0.0118070 secs] [Times: user=0.04 sys=0.00, real=0.01 secs] 
2014-07-09T01:30:31.864+0000: 2655.326: [GC [PSYoungGen: 1255808K->512K(1507200K)] 1428658K->173418K(2194176K), 0.0220080 secs] [Times: user=0.08 sys=0.00, real=0.03 secs] 
2014-07-09T01:30:34.438+0000: 2657.900: [GC [PSYoungGen: 1507178K->740K(1443136K)] 1680084K->173734K(2130112K), 0.0100790 secs] [Times: user=0.03 sys=0.00, real=0.01 secs] 
2014-07-09T01:30:36.904+0000: 2660.366: [GC [PSYoungGen: 1443108K->320K(1381504K)] 1616102K->173426K(2068480K), 0.0058330 secs] [Times: user=0.02 sys=0.00, real=0.01 secs] 
2014-07-09T01:30:39.266+0000: 2662.729: [GC [PSYoungGen: 1381430K->338K(1323392K)] 1554536K->173532K(2010368K), 0.0184430 secs] [Times: user=0.07 sys=0.00, real=0.01 secs] 
2014-07-09T01:30:41.580+0000: 2665.042: [GC [PSYoungGen: 1323270K->548K(1268224K)] 1496465K->173814K(1955200K), 0.0108630 secs] [Times: user=0.03 sys=0.00, real=0.01 secs] 
2014-07-09T01:30:43.755+0000: 2667.217: [GC [PSYoungGen: 1268196K->466K(1215488K)] 1441462K->173780K(1902464K), 0.0116140 secs] [Times: user=0.03 sys=0.00, real=0.02 secs] 
2014-07-09T01:30:45.848+0000: 2669.310: [GC [PSYoungGen: 1215442K->320K(1165184K)] 1388756K->173746K(1852160K), 0.0037630 secs] [Times: user=0.01 sys=0.00, real=0.00 secs] 
2014-07-09T01:30:47.862+0000: 2671.324: [GC [PSYoungGen: 1165184K->484K(1117696K)] 1338610K->173998K(1804672K), 0.0285070 secs] [Times: user=0.10 sys=0.00, real=0.03 secs] 
2014-07-09T01:30:49.770+0000: 2673.232: [GC [PSYoungGen: 1117582K->548K(1072384K)] 1291096K->174126K(1759360K), 0.0089870 secs] [Times: user=0.02 sys=0.00, real=0.01 secs] 
2014-07-09T01:30:51.617+0000: 2675.079: [GC [PSYoungGen: 1072356K->384K(1028992K)] 1245934K->174026K(1715968K), 0.0124110 secs] [Times: user=0.04 sys=0.00, real=0.02 secs] 
2014-07-09T01:30:53.369+0000: 2676.831: [GC [PSYoungGen: 1028992K->448K(987968K)] 1202634K->174146K(1674944K), 0.0269490 secs] [Times: user=0.09 sys=0.00, real=0.02 secs] 
2014-07-09T01:30:55.126+0000: 2678.589: [GC [PSYoungGen: 987968K->224K(948672K)] 1161666K->174010K(1635648K), 0.0046170 secs] [Times: user=0.01 sys=0.00, real=0.01 secs] 
2014-07-09T01:30:56.770+0000: 2680.232: [GC [PSYoungGen: 948640K->448K(911616K)] 1122426K->174314K(1598592K), 0.0265510 secs] [Times: user=0.09 sys=0.00, real=0.02 secs] 
2014-07-09T01:30:58.322+0000: 2681.784: [GC [PSYoungGen: 911616K->320K(876032K)] 1085482K->174258K(1563008K), 0.0056830 secs] [Times: user=0.02 sys=0.00, real=0.00 secs] 
2014-07-09T01:30:59.844+0000: 2683.306: [GC [PSYoungGen: 876032K->352K(842304K)] 1049970K->174338K(1529280K), 0.0074310 secs] [Times: user=0.02 sys=0.00, real=0.01 secs] 
2014-07-09T01:31:01.296+0000: 2684.759: [GC [PSYoungGen: 842272K->256K(809984K)] 1016258K->174274K(1496960K), 0.0049030 secs] [Times: user=0.01 sys=0.00, real=0.01 secs] 
2014-07-09T01:31:02.692+0000: 2686.154: [GC [PSYoungGen: 809984K->384K(779456K)] 984002K->174458K(1466432K), 0.0273730 secs] [Times: user=0.10 sys=0.00, real=0.03 secs] 
2014-07-09T01:31:04.014+0000: 2687.476: [GC [PSYoungGen: 779456K->256K(750080K)] 953530K->174418K(1437056K), 0.0039000 secs] [Times: user=0.01 sys=0.00, real=0.00 secs] 
2014-07-09T01:31:05.266+0000: 2688.728: [GC [PSYoungGen: 750080K->374K(722368K)] 924242K->174584K(1409344K), 0.0101660 secs] [Times: user=0.04 sys=0.00, real=0.01 secs] 
2014-07-09T01:31:06.570+0000: 2690.032: [GC [PSYoungGen: 722358K->256K(695680K)] 896568K->174522K(1382656K), 0.0036660 secs] [Times: user=0.02 sys=0.00, real=0.01 secs] 
2014-07-09T01:31:07.776+0000: 2691.238: [GC [PSYoungGen: 695646K->320K(670400K)] 869912K->174658K(1357376K), 0.0043550 secs] [Times: user=0.01 sys=0.00, real=0.01 secs] 
2014-07-09T01:31:08.897+0000: 2692.359: [GC [PSYoungGen: 670400K->374K(646272K)] 844738K->174744K(1333248K), 0.0053210 secs] [Times: user=0.01 sys=0.00, real=0.01 secs] 
2014-07-09T01:31:10.010+0000: 2693.473: [GC [PSYoungGen: 646262K->548K(623424K)] 820632K->174950K(1310400K), 0.0053860 secs] [Times: user=0.02 sys=0.00, real=0.01 secs] 
2014-07-09T01:31:11.082+0000: 2694.544: [GC [PSYoungGen: 623396K->256K(601088K)] 797798K->174698K(1288064K), 0.0191380 secs] [Times: user=0.07 sys=0.00, real=0.01 secs] 
2014-07-09T01:31:12.144+0000: 2695.606: [GC [PSYoungGen: 601088K->384K(580224K)] 775530K->174874K(1267200K), 0.0048840 secs] [Times: user=0.02 sys=0.00, real=0.00 secs] 
2014-07-09T01:31:13.169+0000: 2696.631: [GC [PSYoungGen: 580151K->548K(560384K)] 754642K->175118K(1247360K), 0.0090230 secs] [Times: user=0.03 sys=0.00, real=0.01 secs] 
2014-07-09T01:31:14.155+0000: 2697.617: [GC [PSYoungGen: 560356K->288K(540992K)] 734926K->174938K(1227968K), 0.0030340 secs] [Times: user=0.02 sys=0.00, real=0.00 secs] 
2014-07-09T01:31:15.126+0000: 2698.588: [GC [PSYoungGen: 540960K->320K(522688K)] 715610K->175018K(1209664K), 0.0065530 secs] [Times: user=0.02 sys=0.00, real=0.01 secs] 
2014-07-09T01:31:16.032+0000: 2699.494: [GC [PSYoungGen: 522688K->320K(505216K)] 697386K->175066K(1192192K), 0.0135860 secs] [Times: user=0.05 sys=0.01, real=0.01 secs] 
2014-07-09T01:31:16.944+0000: 2700.406: [GC [PSYoungGen: 505216K->352K(488576K)] 679962K->175146K(1175552K), 0.0090440 secs] [Times: user=0.02 sys=0.00, real=0.01 secs] 
2014-07-09T01:31:17.767+0000: 2701.229: [GC [PSYoungGen: 488544K->516K(472832K)] 663338K->175350K(1159808K), 0.0047040 secs] [Times: user=0.01 sys=0.01, real=0.01 secs] 
2014-07-09T01:31:18.553+0000: 2702.015: [GC [PSYoungGen: 472772K->384K(567104K)] 647606K->175322K(1254080K), 0.0133710 secs] [Times: user=0.04 sys=0.00, real=0.01 secs] 
2014-07-09T01:31:19.538+0000: 2703.001: [GC [PSYoungGen: 567104K->320K(547584K)] 742042K->175298K(1234560K), 0.0051990 secs] [Times: user=0.01 sys=0.00, real=0.01 secs] 
2014-07-09T01:31:20.459+0000: 2703.921: [GC [PSYoungGen: 547584K->416K(657216K)] 722562K->175450K(1344192K), 0.0209430 secs] [Times: user=0.07 sys=0.01, real=0.02 secs] 
2014-07-09T01:31:21.657+0000: 2705.119: [GC [PSYoungGen: 657165K->420K(633664K)] 832199K->175502K(1320640K), 0.0039340 secs] [Times: user=0.01 sys=0.00, real=0.00 secs] 
2014-07-09T01:31:22.738+0000: 2706.200: [GC [PSYoungGen: 633636K->288K(760192K)] 808718K->175410K(1447168K), 0.0125620 secs] [Times: user=0.04 sys=0.00, real=0.01 secs] 
2014-07-09T01:31:24.036+0000: 2707.498: [GC [PSYoungGen: 760159K->448K(731968K)] 935281K->175658K(1418944K), 0.0077760 secs] [Times: user=0.03 sys=0.01, real=0.01 secs] 
2014-07-09T01:31:25.289+0000: 2708.752: [GC [PSYoungGen: 731968K->192K(704704K)] 907178K->175434K(1391680K), 0.0048450 secs] [Times: user=0.01 sys=0.00, real=0.01 secs] 
2014-07-09T01:31:26.534+0000: 2709.996: [GC [PSYoungGen: 704704K->416K(845888K)] 879946K->175714K(1532864K), 0.0218030 secs] [Times: user=0.08 sys=0.00, real=0.02 secs] 
2014-07-09T01:31:27.991+0000: 2711.454: [GC [PSYoungGen: 845856K->288K(813376K)] 1021154K->175650K(1500352K), 0.0115540 secs] [Times: user=0.04 sys=0.01, real=0.01 secs] 
2014-07-09T01:31:29.363+0000: 2712.825: [GC [PSYoungGen: 813344K->352K(782592K)] 988706K->175778K(1469568K), 0.0083950 secs] [Times: user=0.03 sys=0.00, real=0.01 secs] 
2014-07-09T01:31:30.735+0000: 2714.197: [GC [PSYoungGen: 782560K->352K(753216K)] 957986K->175810K(1440192K), 0.0039950 secs] [Times: user=0.01 sys=0.00, real=0.00 secs] 
2014-07-09T01:31:32.040+0000: 2715.502: [GC [PSYoungGen: 753184K->498K(725312K)] 928642K->175988K(1412288K), 0.0143030 secs] [Times: user=0.05 sys=0.00, real=0.02 secs] 
2014-07-09T01:31:33.249+0000: 2716.711: [GC [PSYoungGen: 725298K->274K(698432K)] 900788K->175836K(1385408K), 0.0062660 secs] [Times: user=0.02 sys=0.00, real=0.01 secs] 
2014-07-09T01:31:34.471+0000: 2717.934: [GC [PSYoungGen: 698386K->466K(673152K)] 873948K->176100K(1360128K), 0.0037300 secs] [Times: user=0.02 sys=0.00, real=0.01 secs] 
2014-07-09T01:31:35.648+0000: 2719.111: [GC [PSYoungGen: 673106K->480K(807680K)] 848740K->176170K(1494656K), 0.0257150 secs] [Times: user=0.09 sys=0.00, real=0.03 secs] 
2014-07-09T01:31:37.065+0000: 2720.527: [GC [PSYoungGen: 807648K->516K(969216K)] 983338K->176270K(1656192K), 0.0210520 secs] [Times: user=0.08 sys=0.00, real=0.03 secs] 
2014-07-09T01:31:38.725+0000: 2722.188: [GC [PSYoungGen: 969156K->242K(1162624K)] 1144910K->176206K(1849600K), 0.0191630 secs] [Times: user=0.07 sys=0.00, real=0.01 secs] 
2014-07-09T01:31:40.715+0000: 2724.178: [GC [PSYoungGen: 1162610K->224K(1115072K)] 1338574K->176220K(1802048K), 0.0047940 secs] [Times: user=0.01 sys=0.00, real=0.00 secs] 
2014-07-09T01:31:42.659+0000: 2726.121: [GC [PSYoungGen: 1115040K->466K(1070080K)] 1291036K->176518K(1757056K), 0.0137460 secs] [Times: user=0.05 sys=0.00, real=0.01 secs] 
2014-07-09T01:31:44.485+0000: 2727.947: [GC [PSYoungGen: 1070034K->384K(1026880K)] 1246086K->176548K(1713856K), 0.0209100 secs] [Times: user=0.08 sys=0.00, real=0.02 secs] 
2014-07-09T01:31:46.248+0000: 2729.710: [GC [PSYoungGen: 1026821K->324K(985856K)] 1202986K->176544K(1672832K), 0.0039350 secs] [Times: user=0.01 sys=0.00, real=0.00 secs] 
2014-07-09T01:31:47.985+0000: 2731.447: [GC [PSYoungGen: 985796K->402K(946880K)] 1162016K->176686K(1633856K), 0.0166310 secs] [Times: user=0.05 sys=0.01, real=0.02 secs] 
2014-07-09T01:31:49.791+0000: 2733.254: [GC [PSYoungGen: 946834K->256K(909504K)] 1123118K->176604K(1596480K), 0.0252340 secs] [Times: user=0.10 sys=0.00, real=0.02 secs] 
2014-07-09T01:31:51.791+0000: 2735.253: [GC [PSYoungGen: 909504K->608K(874496K)] 1085852K->177012K(1561472K), 0.0091990 secs] [Times: user=0.04 sys=0.00, real=0.07 secs] 
2014-07-09T01:31:53.699+0000: 2737.161: [GC [PSYoungGen: 874464K->416K(840576K)] 1050868K->176876K(1527552K), 0.0114000 secs] [Times: user=0.04 sys=0.00, real=0.01 secs] 
2014-07-09T01:31:55.545+0000: 2739.007: [GC [PSYoungGen: 840544K->306K(808320K)] 1017004K->176846K(1495296K), 0.0059380 secs] [Times: user=0.01 sys=0.00, real=0.01 secs] 
2014-07-09T01:31:57.339+0000: 2740.802: [GC [PSYoungGen: 808265K->630K(778048K)] 984805K->177434K(1465024K), 0.0103080 secs] [Times: user=0.03 sys=0.00, real=0.01 secs] 
2014-07-09T01:31:59.025+0000: 2742.488: [GC [PSYoungGen: 778038K->274K(748544K)] 954842K->177126K(1435520K), 0.0164700 secs] [Times: user=0.06 sys=0.00, real=0.02 secs] 
2014-07-09T01:32:00.675+0000: 2744.138: [GC [PSYoungGen: 748415K->634K(721088K)] 925267K->177558K(1408064K), 0.0061920 secs] [Times: user=0.02 sys=0.01, real=0.01 secs] 
2014-07-09T01:32:02.250+0000: 2745.712: [GC [PSYoungGen: 721082K->256K(694208K)] 898006K->177220K(1381184K), 0.0111610 secs] [Times: user=0.04 sys=0.00, real=0.01 secs] 
2014-07-09T01:32:03.775+0000: 2747.237: [GC [PSYoungGen: 694208K->256K(668928K)] 871172K->177284K(1355904K), 0.0054000 secs] [Times: user=0.01 sys=0.00, real=0.01 secs] 
2014-07-09T01:32:05.244+0000: 2748.706: [GC [PSYoungGen: 668878K->288K(644864K)] 845906K->177396K(1331840K), 0.0213890 secs] [Times: user=0.06 sys=0.00, real=0.02 secs] 
2014-07-09T01:32:06.662+0000: 2750.124: [GC [PSYoungGen: 644832K->274K(621888K)] 821940K->177422K(1308864K), 0.0055700 secs] [Times: user=0.01 sys=0.00, real=0.00 secs] 
2014-07-09T01:32:08.029+0000: 2751.491: [GC [PSYoungGen: 621840K->160K(599808K)] 798988K->177340K(1286784K), 0.0047800 secs] [Times: user=0.01 sys=0.00, real=0.00 secs] 
2014-07-09T01:32:09.352+0000: 2752.814: [GC [PSYoungGen: 599776K->192K(578880K)] 776956K->177420K(1265856K), 0.0054310 secs] [Times: user=0.01 sys=0.00, real=0.00 secs] 
2014-07-09T01:32:10.627+0000: 2754.090: [GC [PSYoungGen: 578880K->160K(558912K)] 756108K->177412K(1245888K), 0.0041850 secs] [Times: user=0.01 sys=0.00, real=0.01 secs] 
2014-07-09T01:32:11.855+0000: 2755.318: [GC [PSYoungGen: 558816K->442K(540096K)] 736068K->177726K(1227072K), 0.0038130 secs] [Times: user=0.01 sys=0.00, real=0.00 secs] 
2014-07-09T01:32:13.039+0000: 2756.501: [GC [PSYoungGen: 540090K->352K(521792K)] 717374K->177684K(1208768K), 0.0205840 secs] [Times: user=0.07 sys=0.00, real=0.02 secs] 
2014-07-09T01:32:14.176+0000: 2757.638: [GC [PSYoungGen: 521760K->338K(504384K)] 699092K->177750K(1191360K), 0.0068540 secs] [Times: user=0.02 sys=0.00, real=0.01 secs] 
2014-07-09T01:32:15.289+0000: 2758.751: [GC [PSYoungGen: 504267K->160K(487552K)] 681679K->177596K(1174528K), 0.0070830 secs] [Times: user=0.02 sys=0.00, real=0.01 secs] 
2014-07-09T01:32:16.358+0000: 2759.820: [GC [PSYoungGen: 487489K->278K(471744K)] 664925K->177754K(1158720K), 0.0055550 secs] [Times: user=0.01 sys=0.00, real=0.01 secs] 
2014-07-09T01:32:17.398+0000: 2760.860: [GC [PSYoungGen: 471674K->224K(456448K)] 649150K->177732K(1143424K), 0.0110070 secs] [Times: user=0.03 sys=0.00, real=0.01 secs] 
2014-07-09T01:32:18.400+0000: 2761.862: [GC [PSYoungGen: 456416K->292K(441984K)] 633924K->177832K(1128960K), 0.0096370 secs] [Times: user=0.03 sys=0.00, real=0.01 secs] 
2014-07-09T01:32:19.378+0000: 2762.841: [GC [PSYoungGen: 441956K->256K(428032K)] 619496K->177836K(1115008K), 0.0092720 secs] [Times: user=0.04 sys=0.00, real=0.01 secs] 
2014-07-09T01:32:20.309+0000: 2763.771: [GC [PSYoungGen: 428032K->96K(414592K)] 605612K->177700K(1101568K), 0.0086460 secs] [Times: user=0.03 sys=0.00, real=0.01 secs] 
2014-07-09T01:32:21.214+0000: 2764.676: [GC [PSYoungGen: 414560K->96K(401856K)] 592164K->177716K(1088832K), 0.0090410 secs] [Times: user=0.01 sys=0.00, real=0.01 secs] 
2014-07-09T01:32:22.097+0000: 2765.559: [GC [PSYoungGen: 401818K->288K(389824K)] 579438K->177948K(1076800K), 0.0046190 secs] [Times: user=0.01 sys=0.00, real=0.01 secs] 
2014-07-09T01:32:22.958+0000: 2766.420: [GC [PSYoungGen: 389792K->192K(377984K)] 567452K->177908K(1064960K), 0.0125610 secs] [Times: user=0.04 sys=0.00, real=0.01 secs] 
2014-07-09T01:32:23.792+0000: 2767.254: [GC [PSYoungGen: 377984K->192K(366784K)] 555700K->177964K(1053760K), 0.0093850 secs] [Times: user=0.01 sys=0.00, real=0.01 secs] 
2014-07-09T01:32:24.599+0000: 2768.062: [GC [PSYoungGen: 366784K->402K(440384K)] 544556K->178214K(1127360K), 0.0139140 secs] [Times: user=0.05 sys=0.00, real=0.02 secs] 
2014-07-09T01:32:25.563+0000: 2769.025: [GC [PSYoungGen: 440258K->256K(528192K)] 618070K->178132K(1215168K), 0.0285730 secs] [Times: user=0.10 sys=0.00, real=0.02 secs] 
2014-07-09T01:32:26.720+0000: 2770.183: [GC [PSYoungGen: 528192K->256K(633792K)] 706068K->178188K(1320768K), 0.0188780 secs] [Times: user=0.06 sys=0.00, real=0.02 secs] 
2014-07-09T01:32:28.110+0000: 2771.572: [GC [PSYoungGen: 633792K->128K(760384K)] 811724K->178116K(1447360K), 0.0239480 secs] [Times: user=0.08 sys=0.00, real=0.03 secs] 
2014-07-09T01:32:29.780+0000: 2773.243: [GC [PSYoungGen: 760384K->338K(912704K)] 938372K->178358K(1599680K), 0.0157860 secs] [Times: user=0.03 sys=0.00, real=0.02 secs] 
2014-07-09T01:32:31.791+0000: 2775.253: [GC [PSYoungGen: 912658K->160K(1094976K)] 1090678K->178204K(1781952K), 0.0037320 secs] [Times: user=0.00 sys=0.00, real=0.01 secs] 
2014-07-09T01:32:34.197+0000: 2777.659: [GC [PSYoungGen: 1094942K->224K(1050752K)] 1272986K->178308K(1737728K), 0.0102350 secs] [Times: user=0.04 sys=0.00, real=0.01 secs] 
2014-07-09T01:32:36.507+0000: 2779.969: [GC [PSYoungGen: 1050720K->224K(1008576K)] 1228804K->178396K(1695552K), 0.0192310 secs] [Times: user=0.07 sys=0.00, real=0.02 secs] 
2014-07-09T01:32:38.715+0000: 2782.177: [GC [PSYoungGen: 1008544K->306K(968512K)] 1186716K->178558K(1655488K), 0.0054570 secs] [Times: user=0.01 sys=0.01, real=0.00 secs] 
2014-07-09T01:32:40.844+0000: 2784.306: [GC [PSYoungGen: 968466K->370K(930368K)] 1146718K->178686K(1617344K), 0.0105310 secs] [Times: user=0.03 sys=0.00, real=0.01 secs] 
2014-07-09T01:32:42.893+0000: 2786.356: [GC [PSYoungGen: 930354K->484K(894144K)] 1108670K->178840K(1581120K), 0.0058250 secs] [Times: user=0.01 sys=0.01, real=0.01 secs] 
2014-07-09T01:32:44.852+0000: 2788.315: [GC [PSYoungGen: 894116K->178K(859200K)] 1072472K->178702K(1546176K), 0.0299860 secs] [Times: user=0.11 sys=0.01, real=0.03 secs] 
2014-07-09T01:32:46.741+0000: 2790.204: [GC [PSYoungGen: 859186K->288K(826304K)] 1037710K->178860K(1513280K), 0.0052840 secs] [Times: user=0.01 sys=0.00, real=0.01 secs] 
2014-07-09T01:32:48.544+0000: 2792.006: [GC [PSYoungGen: 826198K->548K(795136K)] 1004770K->179208K(1482112K), 0.0148370 secs] [Times: user=0.04 sys=0.00, real=0.02 secs] 
2014-07-09T01:32:50.286+0000: 2793.748: [GC [PSYoungGen: 795043K->356K(764992K)] 973704K->179072K(1451968K), 0.0107900 secs] [Times: user=0.04 sys=0.00, real=0.01 secs] 
2014-07-09T01:32:51.969+0000: 2795.431: [GC [PSYoungGen: 764964K->310K(736384K)] 943680K->179058K(1423360K), 0.0108010 secs] [Times: user=0.04 sys=0.00, real=0.01 secs] 
2014-07-09T01:32:53.588+0000: 2797.050: [GC [PSYoungGen: 736374K->402K(709312K)] 915122K->179198K(1396288K), 0.0091000 secs] [Times: user=0.03 sys=0.00, real=0.01 secs] 
2014-07-09T01:32:55.150+0000: 2798.612: [GC [PSYoungGen: 709266K->224K(683136K)] 888062K->179100K(1370112K), 0.0168470 secs] [Times: user=0.06 sys=0.00, real=0.02 secs] 
2014-07-09T01:32:56.655+0000: 2800.117: [GC [PSYoungGen: 683021K->374K(658496K)] 861897K->179306K(1345472K), 0.0114610 secs] [Times: user=0.05 sys=0.00, real=0.01 secs] 
2014-07-09T01:32:58.101+0000: 2801.564: [GC [PSYoungGen: 658431K->416K(634944K)] 837363K->179380K(1321920K), 0.0041270 secs] [Times: user=0.01 sys=0.00, real=0.00 secs] 
2014-07-09T01:32:59.487+0000: 2802.949: [GC [PSYoungGen: 634912K->256K(612224K)] 813876K->179276K(1299200K), 0.0035520 secs] [Times: user=0.01 sys=0.00, real=0.01 secs] 
2014-07-09T01:33:00.833+0000: 2804.295: [GC [PSYoungGen: 612224K->160K(590656K)] 791244K->179212K(1277632K), 0.0088680 secs] [Times: user=0.03 sys=0.00, real=0.01 secs] 
2014-07-09T01:33:02.135+0000: 2805.597: [GC [PSYoungGen: 590623K->434K(570368K)] 769675K->179534K(1257344K), 0.0089960 secs] [Times: user=0.03 sys=0.01, real=0.01 secs] 
2014-07-09T01:33:03.388+0000: 2806.850: [GC [PSYoungGen: 570354K->256K(684160K)] 749454K->179420K(1371136K), 0.0302720 secs] [Times: user=0.09 sys=0.01, real=0.04 secs] 
2014-07-09T01:33:04.885+0000: 2808.347: [GC [PSYoungGen: 684160K->160K(820928K)] 863324K->179388K(1507904K), 0.0161620 secs] [Times: user=0.05 sys=0.00, real=0.02 secs] 
2014-07-09T01:33:06.695+0000: 2810.157: [GC [PSYoungGen: 820896K->306K(789888K)] 1000124K->179598K(1476864K), 0.0086820 secs] [Times: user=0.03 sys=0.01, real=0.01 secs] 
2014-07-09T01:33:08.427+0000: 2811.889: [GC [PSYoungGen: 789874K->452K(760320K)] 969166K->179784K(1447296K), 0.0135200 secs] [Times: user=0.04 sys=0.00, real=0.02 secs] 
2014-07-09T01:33:10.099+0000: 2813.561: [GC [PSYoungGen: 760256K->96K(731584K)] 939589K->179460K(1418560K), 0.0074660 secs] [Times: user=0.01 sys=0.00, real=0.01 secs] 
2014-07-09T01:33:11.697+0000: 2815.159: [GC [PSYoungGen: 731501K->192K(704640K)] 910865K->179580K(1391616K), 0.0038050 secs] [Times: user=0.01 sys=0.01, real=0.01 secs] 
2014-07-09T01:33:13.241+0000: 2816.703: [GC [PSYoungGen: 704640K->256K(678976K)] 884028K->179676K(1365952K), 0.0037940 secs] [Times: user=0.01 sys=0.00, real=0.00 secs] 
2014-07-09T01:33:14.740+0000: 2818.202: [GC [PSYoungGen: 678976K->224K(654400K)] 858396K->179740K(1341376K), 0.0242710 secs] [Times: user=0.09 sys=0.00, real=0.02 secs] 
2014-07-09T01:33:16.178+0000: 2819.640: [GC [PSYoungGen: 654365K->128K(785152K)] 833882K->179684K(1472128K), 0.0265430 secs] [Times: user=0.09 sys=0.00, real=0.03 secs] 
2014-07-09T01:33:17.902+0000: 2821.364: [GC [PSYoungGen: 785152K->288K(942400K)] 964708K->179900K(1629376K), 0.0146020 secs] [Times: user=0.05 sys=0.00, real=0.01 secs] 
2014-07-09T01:33:19.974+0000: 2823.437: [GC [PSYoungGen: 942362K->370K(905536K)] 1121974K->180030K(1592512K), 0.0107080 secs] [Times: user=0.04 sys=0.00, real=0.01 secs] 
2014-07-09T01:33:21.959+0000: 2825.421: [GC [PSYoungGen: 905522K->192K(870144K)] 1085182K->179908K(1557120K), 0.0116510 secs] [Times: user=0.05 sys=0.00, real=0.01 secs] 
2014-07-09T01:33:23.868+0000: 2827.330: [GC [PSYoungGen: 870144K->160K(836608K)] 1049860K->179932K(1523584K), 0.0043800 secs] [Times: user=0.01 sys=0.00, real=0.01 secs] 
2014-07-09T01:33:25.706+0000: 2829.168: [GC [PSYoungGen: 836576K->370K(804864K)] 1016348K->180222K(1491840K), 0.0085380 secs] [Times: user=0.03 sys=0.00, real=0.01 secs] 
2014-07-09T01:33:27.476+0000: 2830.938: [GC [PSYoungGen: 804850K->288K(774336K)] 984702K->180196K(1461312K), 0.0104870 secs] [Times: user=0.03 sys=0.01, real=0.01 secs] 
2014-07-09T01:33:29.176+0000: 2832.638: [GC [PSYoungGen: 774304K->438K(745472K)] 954212K->180378K(1432448K), 0.0109000 secs] [Times: user=0.01 sys=0.00, real=0.01 secs] 
2014-07-09T01:33:30.810+0000: 2834.272: [GC [PSYoungGen: 745462K->352K(717760K)] 925402K->180340K(1404736K), 0.0291830 secs] [Times: user=0.11 sys=0.00, real=0.03 secs] 
2014-07-09T01:33:32.390+0000: 2835.852: [GC [PSYoungGen: 717728K->544K(691584K)] 897716K->180572K(1378560K), 0.0104380 secs] [Times: user=0.02 sys=0.00, real=0.01 secs] 
2014-07-09T01:33:33.907+0000: 2837.369: [GC [PSYoungGen: 691552K->128K(829376K)] 871580K->180212K(1516352K), 0.0506200 secs] [Times: user=0.18 sys=0.00, real=0.05 secs] 
2014-07-09T01:33:35.731+0000: 2839.193: [GC [PSYoungGen: 829376K->356K(995520K)] 1009460K->180496K(1682496K), 0.0165630 secs] [Times: user=0.07 sys=0.00, real=0.02 secs] 
2014-07-09T01:33:37.923+0000: 2841.386: [GC [PSYoungGen: 995492K->384K(1194560K)] 1175632K->180596K(1881536K), 0.0145230 secs] [Times: user=0.05 sys=0.00, real=0.01 secs] 
2014-07-09T01:33:40.538+0000: 2844.000: [GC [PSYoungGen: 1194560K->466K(1145600K)] 1374772K->180742K(1832576K), 0.0053500 secs] [Times: user=0.02 sys=0.00, real=0.01 secs] 
2014-07-09T01:33:43.061+0000: 2846.523: [GC [PSYoungGen: 1145554K->274K(1098688K)] 1325830K->180598K(1785664K), 0.0140050 secs] [Times: user=0.05 sys=0.00, real=0.02 secs] 
2014-07-09T01:33:45.482+0000: 2848.944: [GC [PSYoungGen: 1098642K->192K(1054080K)] 1278966K->180612K(1741056K), 0.0045070 secs] [Times: user=0.01 sys=0.00, real=0.01 secs] 
2014-07-09T01:33:47.800+0000: 2851.263: [GC [PSYoungGen: 1054080K->384K(1011968K)] 1234500K->180868K(1698944K), 0.0137650 secs] [Times: user=0.05 sys=0.00, real=0.01 secs] 
2014-07-09T01:33:50.034+0000: 2853.496: [GC [PSYoungGen: 1011968K->498K(971840K)] 1192452K->181062K(1658816K), 0.0101100 secs] [Times: user=0.02 sys=0.00, real=0.01 secs] 
2014-07-09T01:33:52.164+0000: 2855.626: [GC [PSYoungGen: 971826K->128K(933120K)] 1152390K->180740K(1620096K), 0.0072500 secs] [Times: user=0.03 sys=0.00, real=0.01 secs] 
2014-07-09T01:33:54.217+0000: 2857.679: [GC [PSYoungGen: 933120K->402K(896896K)] 1113732K->181078K(1583872K), 0.0133630 secs] [Times: user=0.05 sys=0.00, real=0.01 secs] 
2014-07-09T01:33:56.187+0000: 2859.649: [GC [PSYoungGen: 896850K->352K(862080K)] 1077526K->181100K(1549056K), 0.0099780 secs] [Times: user=0.04 sys=0.00, real=0.01 secs] 
2014-07-09T01:33:58.077+0000: 2861.539: [GC [PSYoungGen: 861962K->160K(828736K)] 1042710K->180964K(1515712K), 0.0040050 secs] [Times: user=0.01 sys=0.00, real=0.00 secs] 
2014-07-09T01:33:59.898+0000: 2863.360: [GC [PSYoungGen: 828704K->242K(797248K)] 1009508K->181094K(1484224K), 0.0048120 secs] [Times: user=0.02 sys=0.00, real=0.00 secs] 
2014-07-09T01:34:01.649+0000: 2865.112: [GC [PSYoungGen: 797234K->352K(767296K)] 978086K->181260K(1454272K), 0.0088250 secs] [Times: user=0.03 sys=0.00, real=0.01 secs] 
2014-07-09T01:34:03.332+0000: 2866.795: [GC [PSYoungGen: 767264K->192K(738432K)] 948172K->181140K(1425408K), 0.0048550 secs] [Times: user=0.01 sys=0.00, real=0.01 secs] 
2014-07-09T01:34:04.955+0000: 2868.417: [GC [PSYoungGen: 738432K->384K(711296K)] 919380K->181428K(1398272K), 0.0072630 secs] [Times: user=0.01 sys=0.00, real=0.01 secs] 
2014-07-09T01:34:06.519+0000: 2869.981: [GC [PSYoungGen: 711296K->192K(685056K)] 892340K->181292K(1372032K), 0.0161170 secs] [Times: user=0.05 sys=0.01, real=0.01 secs] 
2014-07-09T01:34:08.024+0000: 2871.486: [GC [PSYoungGen: 685056K->256K(660288K)] 866156K->181412K(1347264K), 0.0078200 secs] [Times: user=0.02 sys=0.00, real=0.01 secs] 
2014-07-09T01:34:09.477+0000: 2872.939: [GC [PSYoungGen: 660288K->320K(636672K)] 841444K->181516K(1323648K), 0.0099820 secs] [Times: user=0.04 sys=0.00, real=0.01 secs] 
2014-07-09T01:34:10.892+0000: 2874.355: [GC [PSYoungGen: 636672K->224K(614016K)] 817868K->181468K(1300992K), 0.0186560 secs] [Times: user=0.07 sys=0.00, real=0.02 secs] 
2014-07-09T01:34:12.230+0000: 2875.692: [GC [PSYoungGen: 613984K->210K(592448K)] 795228K->181486K(1279424K), 0.0134480 secs] [Times: user=0.05 sys=0.00, real=0.01 secs] 
2014-07-09T01:34:13.529+0000: 2876.992: [GC [PSYoungGen: 592402K->160K(571776K)] 773678K->181484K(1258752K), 0.0040300 secs] [Times: user=0.01 sys=0.01, real=0.00 secs] 
2014-07-09T01:34:14.787+0000: 2878.249: [GC [PSYoungGen: 571712K->328K(552320K)] 753036K->181700K(1239296K), 0.0051590 secs] [Times: user=0.01 sys=0.00, real=0.01 secs] 
2014-07-09T01:34:16.002+0000: 2879.465: [GC [PSYoungGen: 552264K->466K(533696K)] 733636K->181902K(1220672K), 0.0117140 secs] [Times: user=0.04 sys=0.00, real=0.01 secs] 
2014-07-09T01:34:17.173+0000: 2880.635: [GC [PSYoungGen: 533632K->178K(640064K)] 715068K->181860K(1327040K), 0.0279210 secs] [Times: user=0.09 sys=0.00, real=0.03 secs] 
2014-07-09T01:34:18.583+0000: 2882.045: [GC [PSYoungGen: 640026K->292K(617408K)] 821708K->182006K(1304384K), 0.0052720 secs] [Times: user=0.01 sys=0.00, real=0.00 secs] 
2014-07-09T01:34:19.944+0000: 2883.407: [GC [PSYoungGen: 617380K->128K(595456K)] 799094K->181874K(1282432K), 0.0060120 secs] [Times: user=0.01 sys=0.00, real=0.01 secs] 
2014-07-09T01:34:21.256+0000: 2884.718: [GC [PSYoungGen: 595456K->192K(574784K)] 777202K->181970K(1261760K), 0.0101790 secs] [Times: user=0.04 sys=0.00, real=0.01 secs] 
2014-07-09T01:34:22.529+0000: 2885.991: [GC [PSYoungGen: 574784K->370K(555200K)] 756562K->182172K(1242176K), 0.0064350 secs] [Times: user=0.01 sys=0.00, real=0.01 secs] 
2014-07-09T01:34:23.753+0000: 2887.215: [GC [PSYoungGen: 555186K->160K(536128K)] 736988K->182026K(1223104K), 0.0071990 secs] [Times: user=0.01 sys=0.00, real=0.00 secs] 
2014-07-09T01:34:24.929+0000: 2888.392: [GC [PSYoungGen: 536085K->160K(518080K)] 717952K->182074K(1205056K), 0.0052720 secs] [Times: user=0.01 sys=0.00, real=0.01 secs] 
2014-07-09T01:34:26.063+0000: 2889.525: [GC [PSYoungGen: 517974K->210K(500864K)] 699888K->182172K(1187840K), 0.0108670 secs] [Times: user=0.04 sys=0.00, real=0.01 secs] 
2014-07-09T01:34:27.164+0000: 2890.626: [GC [PSYoungGen: 500818K->192K(484288K)] 682780K->182186K(1171264K), 0.0144450 secs] [Times: user=0.05 sys=0.00, real=0.01 secs] 
2014-07-09T01:34:28.227+0000: 2891.689: [GC [PSYoungGen: 484288K->256K(468608K)] 666282K->182274K(1155584K), 0.0034340 secs] [Times: user=0.01 sys=0.01, real=0.00 secs] 
2014-07-09T01:34:29.267+0000: 2892.729: [GC [PSYoungGen: 468608K->498K(453760K)] 650626K->182622K(1140736K), 0.0095950 secs] [Times: user=0.03 sys=0.00, real=0.01 secs] 
2014-07-09T01:34:30.265+0000: 2893.728: [GC [PSYoungGen: 453705K->196K(439104K)] 635830K->182360K(1126080K), 0.0032650 secs] [Times: user=0.01 sys=0.00, real=0.00 secs] 
2014-07-09T01:34:31.230+0000: 2894.693: [GC [PSYoungGen: 439044K->192K(425280K)] 621208K->182396K(1112256K), 0.0135900 secs] [Times: user=0.04 sys=0.00, real=0.02 secs] 
2014-07-09T01:34:32.171+0000: 2895.633: [GC [PSYoungGen: 425280K->352K(412288K)] 607484K->182596K(1099264K), 0.0116690 secs] [Times: user=0.05 sys=0.01, real=0.02 secs] 
2014-07-09T01:34:33.078+0000: 2896.541: [GC [PSYoungGen: 412256K->256K(399552K)] 594500K->182556K(1086528K), 0.0095840 secs] [Times: user=0.03 sys=0.00, real=0.01 secs] 
2014-07-09T01:34:33.962+0000: 2897.425: [GC [PSYoungGen: 399552K->288K(387520K)] 581852K->182620K(1074496K), 0.0059790 secs] [Times: user=0.01 sys=0.00, real=0.00 secs] 
2014-07-09T01:34:34.814+0000: 2898.276: [GC [PSYoungGen: 387488K->448K(376064K)] 569820K->182812K(1063040K), 0.0047630 secs] [Times: user=0.01 sys=0.00, real=0.00 secs] 
2014-07-09T01:34:35.636+0000: 2899.099: [GC [PSYoungGen: 376064K->256K(364736K)] 558428K->182684K(1051712K), 0.0035510 secs] [Times: user=0.01 sys=0.00, real=0.00 secs] 
2014-07-09T01:34:36.437+0000: 2899.899: [GC [PSYoungGen: 364736K->128K(353984K)] 547164K->182588K(1040960K), 0.0038290 secs] [Times: user=0.01 sys=0.00, real=0.00 secs] 
2014-07-09T01:34:37.217+0000: 2900.679: [GC [PSYoungGen: 353984K->128K(343808K)] 536444K->182604K(1030784K), 0.0044030 secs] [Times: user=0.01 sys=0.00, real=0.00 secs] 
2014-07-09T01:34:37.971+0000: 2901.433: [GC [PSYoungGen: 343808K->128K(334016K)] 526284K->182628K(1020992K), 0.0043510 secs] [Times: user=0.01 sys=0.00, real=0.01 secs] 
2014-07-09T01:34:38.718+0000: 2902.180: [GC [PSYoungGen: 334015K->384K(324864K)] 516515K->182932K(1011840K), 0.0096600 secs] [Times: user=0.04 sys=0.00, real=0.01 secs] 
2014-07-09T01:34:39.438+0000: 2902.900: [GC [PSYoungGen: 324864K->370K(315840K)] 507412K->182958K(1002816K), 0.0075940 secs] [Times: user=0.03 sys=0.00, real=0.01 secs] 
2014-07-09T01:34:40.146+0000: 2903.608: [GC [PSYoungGen: 315826K->288K(307136K)] 498414K->182932K(994112K), 0.0068410 secs] [Times: user=0.03 sys=0.00, real=0.01 secs] 
2014-07-09T01:34:40.810+0000: 2904.272: [GC [PSYoungGen: 307045K->480K(299008K)] 489689K->183156K(985984K), 0.0079130 secs] [Times: user=0.02 sys=0.01, real=0.01 secs] 
2014-07-09T01:34:41.468+0000: 2904.930: [GC [PSYoungGen: 298976K->192K(290688K)] 481652K->182908K(977664K), 0.0038280 secs] [Times: user=0.01 sys=0.00, real=0.00 secs] 
2014-07-09T01:34:42.105+0000: 2905.567: [GC [PSYoungGen: 290688K->356K(348992K)] 473404K->183096K(1035968K), 0.0281500 secs] [Times: user=0.09 sys=0.00, real=0.03 secs] 
2014-07-09T01:34:42.877+0000: 2906.340: [GC [PSYoungGen: 348964K->292K(418688K)] 531704K->183072K(1105664K), 0.0050960 secs] [Times: user=0.01 sys=0.00, real=0.01 secs] 
2014-07-09T01:34:43.800+0000: 2907.263: [GC [PSYoungGen: 418660K->402K(502528K)] 601440K->183254K(1189504K), 0.0094100 secs] [Times: user=0.02 sys=0.01, real=0.01 secs] 
2014-07-09T01:34:44.909+0000: 2908.371: [GC [PSYoungGen: 502482K->530K(603072K)] 685334K->183422K(1290048K), 0.0160140 secs] [Times: user=0.06 sys=0.00, real=0.02 secs] 
2014-07-09T01:34:46.231+0000: 2909.693: [GC [PSYoungGen: 603026K->192K(723200K)] 785918K->183140K(1410176K), 0.0037020 secs] [Times: user=0.01 sys=0.00, real=0.01 secs] 
2014-07-09T01:34:47.827+0000: 2911.290: [GC [PSYoungGen: 723197K->288K(696704K)] 906146K->183276K(1383680K), 0.0040150 secs] [Times: user=0.01 sys=0.00, real=0.00 secs] 
2014-07-09T01:34:49.361+0000: 2912.823: [GC [PSYoungGen: 696672K->224K(671232K)] 879660K->183244K(1358208K), 0.0067340 secs] [Times: user=0.02 sys=0.00, real=0.01 secs] 
2014-07-09T01:34:50.845+0000: 2914.307: [GC [PSYoungGen: 671159K->356K(647168K)] 854179K->183408K(1334144K), 0.0041460 secs] [Times: user=0.01 sys=0.01, real=0.00 secs] 
2014-07-09T01:34:52.259+0000: 2915.722: [GC [PSYoungGen: 647140K->192K(623872K)] 830192K->183276K(1310848K), 0.0044610 secs] [Times: user=0.01 sys=0.00, real=0.00 secs] 
2014-07-09T01:34:53.633+0000: 2917.096: [GC [PSYoungGen: 623872K->544K(602240K)] 806956K->183716K(1289216K), 0.0093630 secs] [Times: user=0.02 sys=0.00, real=0.01 secs] 
2014-07-09T01:34:54.952+0000: 2918.415: [GC [PSYoungGen: 602208K->438K(581056K)] 785380K->183690K(1268032K), 0.0085650 secs] [Times: user=0.02 sys=0.00, real=0.01 secs] 
2014-07-09T01:34:56.230+0000: 2919.693: [GC [PSYoungGen: 581046K->64K(560576K)] 764298K->183356K(1247552K), 0.0048670 secs] [Times: user=0.01 sys=0.00, real=0.01 secs] 
2014-07-09T01:34:57.473+0000: 2920.935: [GC [PSYoungGen: 560576K->288K(541696K)] 743868K->183628K(1228672K), 0.0053980 secs] [Times: user=0.02 sys=0.00, real=0.01 secs] 
2014-07-09T01:34:58.673+0000: 2922.135: [GC [PSYoungGen: 541664K->288K(523392K)] 725004K->183676K(1210368K), 0.0161290 secs] [Times: user=0.06 sys=0.00, real=0.02 secs] 
2014-07-09T01:34:59.821+0000: 2923.283: [GC [PSYoungGen: 523360K->406K(506048K)] 706748K->183810K(1193024K), 0.0084820 secs] [Times: user=0.01 sys=0.01, real=0.01 secs] 
2014-07-09T01:35:00.936+0000: 2924.398: [GC [PSYoungGen: 506002K->448K(489344K)] 689406K->183916K(1176320K), 0.0171120 secs] [Times: user=0.06 sys=0.00, real=0.02 secs] 
2014-07-09T01:35:02.013+0000: 2925.475: [GC [PSYoungGen: 489344K->224K(473152K)] 672812K->183732K(1160128K), 0.0106110 secs] [Times: user=0.04 sys=0.00, real=0.01 secs] 
2014-07-09T01:35:03.058+0000: 2926.521: [GC [PSYoungGen: 473120K->274K(457920K)] 656628K->183830K(1144896K), 0.0052700 secs] [Times: user=0.01 sys=0.00, real=0.00 secs] 
2014-07-09T01:35:04.069+0000: 2927.532: [GC [PSYoungGen: 457874K->128K(443136K)] 641430K->183740K(1130112K), 0.0041160 secs] [Times: user=0.01 sys=0.01, real=0.00 secs] 
2014-07-09T01:35:05.045+0000: 2928.507: [GC [PSYoungGen: 443136K->370K(532032K)] 626748K->184030K(1219008K), 0.0209130 secs] [Times: user=0.07 sys=0.00, real=0.02 secs] 
2014-07-09T01:35:06.215+0000: 2929.677: [GC [PSYoungGen: 532011K->160K(638208K)] 715671K->183860K(1325184K), 0.0114040 secs] [Times: user=0.04 sys=0.00, real=0.01 secs] 
2014-07-09T01:35:07.619+0000: 2931.082: [GC [PSYoungGen: 638077K->392K(615744K)] 821778K->184140K(1302720K), 0.0099470 secs] [Times: user=0.03 sys=0.00, real=0.01 secs] 
2014-07-09T01:35:08.971+0000: 2932.433: [GC [PSYoungGen: 615688K->160K(738560K)] 799436K->183932K(1425536K), 0.0535540 secs] [Times: user=0.19 sys=0.00, real=0.05 secs] 
2014-07-09T01:35:10.603+0000: 2934.065: [GC [PSYoungGen: 738528K->352K(886464K)] 922300K->184164K(1573440K), 0.0140400 secs] [Times: user=0.04 sys=0.01, real=0.02 secs] 
2014-07-09T01:35:12.564+0000: 2936.027: [GC [PSYoungGen: 886402K->584K(1063936K)] 1070214K->184452K(1750912K), 0.0088040 secs] [Times: user=0.03 sys=0.01, real=0.01 secs] 
2014-07-09T01:35:14.901+0000: 2938.364: [GC [PSYoungGen: 1063827K->288K(1020864K)] 1247695K->184236K(1707840K), 0.0078060 secs] [Times: user=0.01 sys=0.01, real=0.01 secs] 
2014-07-09T01:35:17.149+0000: 2940.612: [GC [PSYoungGen: 1020832K->466K(1225216K)] 1204780K->184526K(1912192K), 0.0241640 secs] [Times: user=0.09 sys=0.00, real=0.02 secs] 
2014-07-09T01:35:19.839+0000: 2943.301: [GC [PSYoungGen: 1225170K->402K(1174592K)] 1409230K->184518K(1861568K), 0.0124870 secs] [Times: user=0.04 sys=0.00, real=0.01 secs] 
2014-07-09T01:35:22.414+0000: 2945.876: [GC [PSYoungGen: 1174546K->374K(1126400K)] 1358662K->184530K(1813376K), 0.0063200 secs] [Times: user=0.01 sys=0.00, real=0.01 secs] 
2014-07-09T01:35:24.894+0000: 2948.356: [GC [PSYoungGen: 1126389K->256K(1080512K)] 1310545K->184468K(1767488K), 0.0056190 secs] [Times: user=0.01 sys=0.00, real=0.01 secs] 
2014-07-09T01:35:27.269+0000: 2950.731: [GC [PSYoungGen: 1080512K->288K(1036992K)] 1264724K->184604K(1723968K), 0.0077880 secs] [Times: user=0.03 sys=0.00, real=0.01 secs] 
2014-07-09T01:35:29.541+0000: 2953.004: [GC [PSYoungGen: 1036960K->352K(995584K)] 1221276K->184724K(1682560K), 0.0052180 secs] [Times: user=0.01 sys=0.00, real=0.00 secs] 
2014-07-09T01:35:31.733+0000: 2955.195: [GC [PSYoungGen: 995552K->416K(956160K)] 1179924K->184860K(1643136K), 0.0082240 secs] [Times: user=0.02 sys=0.00, real=0.01 secs] 
2014-07-09T01:35:33.839+0000: 2957.301: [GC [PSYoungGen: 956128K->356K(918464K)] 1140572K->184864K(1605440K), 0.0056550 secs] [Times: user=0.02 sys=0.00, real=0.01 secs] 
2014-07-09T01:35:35.867+0000: 2959.329: [GC [PSYoungGen: 918436K->256K(882496K)] 1102944K->184860K(1569472K), 0.0095180 secs] [Times: user=0.03 sys=0.00, real=0.01 secs] 
2014-07-09T01:35:37.807+0000: 2961.269: [GC [PSYoungGen: 882496K->384K(848512K)] 1067100K->185068K(1535488K), 0.0221350 secs] [Times: user=0.07 sys=0.00, real=0.02 secs] 
2014-07-09T01:35:39.679+0000: 2963.141: [GC [PSYoungGen: 848512K->192K(815808K)] 1033196K->184916K(1502784K), 0.0158020 secs] [Times: user=0.05 sys=0.00, real=0.02 secs] 
2014-07-09T01:35:41.472+0000: 2964.934: [GC [PSYoungGen: 815808K->288K(784960K)] 1000532K->185076K(1471936K), 0.0169180 secs] [Times: user=0.05 sys=0.00, real=0.01 secs] 
2014-07-09T01:35:43.205+0000: 2966.667: [GC [PSYoungGen: 784927K->224K(755392K)] 969715K->185036K(1442368K), 0.0085400 secs] [Times: user=0.01 sys=0.00, real=0.01 secs] 
2014-07-09T01:35:44.874+0000: 2968.337: [GC [PSYoungGen: 755360K->466K(727552K)] 940172K->185350K(1414528K), 0.0132560 secs] [Times: user=0.05 sys=0.00, real=0.01 secs] 
2014-07-09T01:35:46.476+0000: 2969.938: [GC [PSYoungGen: 727506K->160K(700416K)] 912390K->185108K(1387392K), 0.0049170 secs] [Times: user=0.01 sys=0.00, real=0.00 secs] 
2014-07-09T01:35:48.023+0000: 2971.485: [GC [PSYoungGen: 700384K->288K(675008K)] 885332K->185284K(1361984K), 0.0118240 secs] [Times: user=0.04 sys=0.00, real=0.01 secs] 
2014-07-09T01:35:49.525+0000: 2972.987: [GC [PSYoungGen: 674976K->434K(650752K)] 859972K->185478K(1337728K), 0.0101090 secs] [Times: user=0.03 sys=0.00, real=0.01 secs] 
2014-07-09T01:35:50.960+0000: 2974.422: [GC [PSYoungGen: 650730K->160K(627264K)] 835774K->185244K(1314240K), 0.0095960 secs] [Times: user=0.03 sys=0.00, real=0.01 secs] 
2014-07-09T01:35:52.340+0000: 2975.802: [GC [PSYoungGen: 627232K->420K(605312K)] 812316K->185560K(1292288K), 0.0092170 secs] [Times: user=0.03 sys=0.00, real=0.01 secs] 
2014-07-09T01:35:53.675+0000: 2977.137: [GC [PSYoungGen: 605284K->292K(584000K)] 790424K->185488K(1270976K), 0.0193110 secs] [Times: user=0.07 sys=0.00, real=0.02 secs] 
2014-07-09T01:35:54.954+0000: 2978.417: [GC [PSYoungGen: 583972K->338K(563840K)] 769168K->185590K(1250816K), 0.0057470 secs] [Times: user=0.02 sys=0.00, real=0.00 secs] 
2014-07-09T01:35:56.192+0000: 2979.655: [GC [PSYoungGen: 563794K->342K(544512K)] 749046K->185634K(1231488K), 0.0136600 secs] [Times: user=0.05 sys=0.00, real=0.02 secs] 
2014-07-09T01:35:57.392+0000: 2980.854: [GC [PSYoungGen: 544470K->338K(526080K)] 729762K->185686K(1213056K), 0.0074270 secs] [Times: user=0.02 sys=0.00, real=0.01 secs] 
2014-07-09T01:35:58.551+0000: 2982.014: [GC [PSYoungGen: 526034K->288K(631168K)] 711382K->185668K(1318144K), 0.0200840 secs] [Times: user=0.08 sys=0.00, real=0.02 secs] 
2014-07-09T01:35:59.934+0000: 2983.396: [GC [PSYoungGen: 631136K->384K(757440K)] 816516K->185812K(1444416K), 0.0220190 secs] [Times: user=0.07 sys=0.01, real=0.03 secs] 
2014-07-09T01:36:01.602+0000: 2985.064: [GC [PSYoungGen: 757440K->370K(729216K)] 942868K->185822K(1416192K), 0.0046150 secs] [Times: user=0.01 sys=0.00, real=0.01 secs] 
2014-07-09T01:36:03.207+0000: 2986.669: [GC [PSYoungGen: 729122K->228K(702208K)] 914574K->185712K(1389184K), 0.0054630 secs] [Times: user=0.01 sys=0.00, real=0.00 secs] 
2014-07-09T01:36:04.750+0000: 2988.212: [GC [PSYoungGen: 702143K->224K(676544K)] 887627K->185796K(1363520K), 0.0121980 secs] [Times: user=0.05 sys=0.00, real=0.01 secs] 
2014-07-09T01:36:06.230+0000: 2989.692: [GC [PSYoungGen: 676512K->384K(652224K)] 862084K->186012K(1339200K), 0.0153460 secs] [Times: user=0.05 sys=0.00, real=0.01 secs] 
2014-07-09T01:36:07.661+0000: 2991.123: [GC [PSYoungGen: 652224K->224K(628800K)] 837852K->185908K(1315776K), 0.0043620 secs] [Times: user=0.02 sys=0.00, real=0.00 secs] 
2014-07-09T01:36:09.042+0000: 2992.504: [GC [PSYoungGen: 628723K->320K(606592K)] 814408K->186052K(1293568K), 0.0236480 secs] [Times: user=0.07 sys=0.00, real=0.02 secs] 
2014-07-09T01:36:10.383+0000: 2993.845: [GC [PSYoungGen: 606592K->224K(585280K)] 792324K->185988K(1272256K), 0.0032230 secs] [Times: user=0.01 sys=0.00, real=0.01 secs] 
2014-07-09T01:36:11.666+0000: 2995.128: [GC [PSYoungGen: 585248K->224K(564992K)] 771012K->186028K(1251968K), 0.0051830 secs] [Times: user=0.02 sys=0.00, real=0.00 secs] 
2014-07-09T01:36:12.917+0000: 2996.380: [GC [PSYoungGen: 564960K->288K(545728K)] 750764K->186140K(1232704K), 0.0097660 secs] [Times: user=0.03 sys=0.00, real=0.01 secs] 
2014-07-09T01:36:14.120+0000: 2997.583: [GC [PSYoungGen: 545696K->274K(527232K)] 731548K->186206K(1214208K), 0.0097900 secs] [Times: user=0.04 sys=0.00, real=0.01 secs] 
2014-07-09T01:36:15.280+0000: 2998.742: [GC [PSYoungGen: 527186K->256K(509504K)] 713118K->186220K(1196480K), 0.0125300 secs] [Times: user=0.05 sys=0.00, real=0.01 secs] 
2014-07-09T01:36:16.404+0000: 2999.866: [GC [PSYoungGen: 509504K->424K(611584K)] 695468K->186524K(1298560K), 0.0187140 secs] [Times: user=0.07 sys=0.00, real=0.02 secs] 
2014-07-09T01:36:17.746+0000: 3001.208: [GC [PSYoungGen: 611560K->512K(733888K)] 797660K->186652K(1420864K), 0.0183650 secs] [Times: user=0.06 sys=0.00, real=0.02 secs] 
2014-07-09T01:36:19.361+0000: 3002.823: [GC [PSYoungGen: 733853K->256K(706560K)] 919993K->186732K(1393536K), 0.0075660 secs] [Times: user=0.02 sys=0.00, real=0.01 secs] 
2014-07-09T01:36:20.925+0000: 3004.387: [GC [PSYoungGen: 706560K->224K(680704K)] 893036K->186756K(1367680K), 0.0152780 secs] [Times: user=0.06 sys=0.00, real=0.02 secs] 
2014-07-09T01:36:22.420+0000: 3005.882: [GC [PSYoungGen: 680672K->192K(656000K)] 867204K->186756K(1342976K), 0.0048710 secs] [Times: user=0.01 sys=0.01, real=0.00 secs] 
2014-07-09T01:36:23.868+0000: 3007.330: [GC [PSYoungGen: 656000K->352K(632704K)] 842564K->186988K(1319680K), 0.0105300 secs] [Times: user=0.03 sys=0.00, real=0.01 secs] 
2014-07-09T01:36:25.266+0000: 3008.728: [GC [PSYoungGen: 632672K->274K(610240K)] 819308K->186974K(1297216K), 0.0077790 secs] [Times: user=0.03 sys=0.00, real=0.01 secs] 
2014-07-09T01:36:26.608+0000: 3010.070: [GC [PSYoungGen: 610194K->128K(588672K)] 796894K->186868K(1275648K), 0.0075690 secs] [Times: user=0.01 sys=0.00, real=0.01 secs] 
2014-07-09T01:36:27.900+0000: 3011.362: [GC [PSYoungGen: 588644K->192K(568320K)] 775384K->186964K(1255296K), 0.0095630 secs] [Times: user=0.03 sys=0.01, real=0.01 secs] 
2014-07-09T01:36:29.157+0000: 3012.619: [GC [PSYoungGen: 568318K->320K(548928K)] 755090K->187140K(1235904K), 0.0056050 secs] [Times: user=0.01 sys=0.00, real=0.01 secs] 
2014-07-09T01:36:30.367+0000: 3013.829: [GC [PSYoungGen: 548928K->192K(658560K)] 735748K->187036K(1345536K), 0.0361350 secs] [Times: user=0.13 sys=0.00, real=0.04 secs] 
2014-07-09T01:36:31.811+0000: 3015.273: [GC [PSYoungGen: 658535K->228K(635008K)] 845379K->187088K(1321984K), 0.0049240 secs] [Times: user=0.01 sys=0.00, real=0.00 secs] 
2014-07-09T01:36:33.207+0000: 3016.669: [GC [PSYoungGen: 634979K->260K(762048K)] 821839K->187160K(1449024K), 0.0162410 secs] [Times: user=0.07 sys=0.00, real=0.02 secs] 
2014-07-09T01:36:34.885+0000: 3018.347: [GC [PSYoungGen: 761982K->566K(733888K)] 948883K->187570K(1420864K), 0.0077310 secs] [Times: user=0.02 sys=0.01, real=0.01 secs] 
2014-07-09T01:36:36.498+0000: 3019.961: [GC [PSYoungGen: 733878K->192K(706432K)] 920882K->187236K(1393408K), 0.0055070 secs] [Times: user=0.02 sys=0.00, real=0.01 secs] 
2014-07-09T01:36:38.056+0000: 3021.518: [GC [PSYoungGen: 706432K->256K(680640K)] 893476K->187364K(1367616K), 0.0055730 secs] [Times: user=0.01 sys=0.00, real=0.01 secs] 
2014-07-09T01:36:39.557+0000: 3023.019: [GC [PSYoungGen: 680640K->256K(656000K)] 867748K->187396K(1342976K), 0.0050200 secs] [Times: user=0.01 sys=0.00, real=0.01 secs] 
2014-07-09T01:36:40.995+0000: 3024.457: [GC [PSYoungGen: 656000K->224K(632512K)] 843140K->187396K(1319488K), 0.0092550 secs] [Times: user=0.02 sys=0.00, real=0.01 secs] 
2014-07-09T01:36:42.392+0000: 3025.855: [GC [PSYoungGen: 632480K->242K(610112K)] 819652K->187470K(1297088K), 0.0056690 secs] [Times: user=0.01 sys=0.00, real=0.00 secs] 
2014-07-09T01:36:43.733+0000: 3027.195: [GC [PSYoungGen: 610098K->548K(589056K)] 797326K->187856K(1276032K), 0.0134180 secs] [Times: user=0.05 sys=0.00, real=0.01 secs] 
2014-07-09T01:36:45.032+0000: 3028.494: [GC [PSYoungGen: 589028K->256K(568320K)] 776336K->187620K(1255296K), 0.0049640 secs] [Times: user=0.01 sys=0.00, real=0.00 secs] 
2014-07-09T01:36:46.296+0000: 3029.758: [GC [PSYoungGen: 568320K->448K(548992K)] 755684K->187876K(1235968K), 0.0075430 secs] [Times: user=0.03 sys=0.00, real=0.01 secs] 
2014-07-09T01:36:47.491+0000: 3030.953: [GC [PSYoungGen: 548992K->274K(530240K)] 736420K->187774K(1217216K), 0.0107470 secs] [Times: user=0.03 sys=0.00, real=0.01 secs] 
2014-07-09T01:36:48.667+0000: 3032.129: [GC [PSYoungGen: 530194K->288K(512448K)] 717694K->187828K(1199424K), 0.0085300 secs] [Times: user=0.03 sys=0.00, real=0.01 secs] 
2014-07-09T01:36:49.796+0000: 3033.258: [GC [PSYoungGen: 512416K->416K(495552K)] 699956K->188004K(1182528K), 0.0116750 secs] [Times: user=0.04 sys=0.01, real=0.01 secs] 
2014-07-09T01:36:50.899+0000: 3034.361: [GC [PSYoungGen: 495447K->420K(594624K)] 683035K->188024K(1281600K), 0.0262540 secs] [Times: user=0.10 sys=0.00, real=0.03 secs] 
2014-07-09T01:36:52.191+0000: 3035.653: [GC [PSYoungGen: 594596K->320K(713344K)] 782200K->187996K(1400320K), 0.0280950 secs] [Times: user=0.10 sys=0.00, real=0.03 secs] 
2014-07-09T01:36:53.754+0000: 3037.217: [GC [PSYoungGen: 713342K->480K(856192K)] 901018K->188244K(1543168K), 0.0094920 secs] [Times: user=0.03 sys=0.00, real=0.01 secs] 
2014-07-09T01:36:55.636+0000: 3039.098: [GC [PSYoungGen: 856150K->192K(823040K)] 1043915K->188012K(1510016K), 0.0045020 secs] [Times: user=0.02 sys=0.00, real=0.00 secs] 
2014-07-09T01:36:57.449+0000: 3040.911: [GC [PSYoungGen: 823024K->420K(792000K)] 1010844K->188296K(1478976K), 0.0049400 secs] [Times: user=0.02 sys=0.00, real=0.01 secs] 
2014-07-09T01:36:59.193+0000: 3042.655: [GC [PSYoungGen: 791972K->96K(761856K)] 979848K->188020K(1448832K), 0.0156060 secs] [Times: user=0.06 sys=0.00, real=0.02 secs] 
2014-07-09T01:37:00.880+0000: 3044.342: [GC [PSYoungGen: 761761K->352K(733696K)] 949685K->188316K(1420672K), 0.0042110 secs] [Times: user=0.01 sys=0.00, real=0.01 secs] 
2014-07-09T01:37:02.494+0000: 3045.956: [GC [PSYoungGen: 733664K->128K(706368K)] 921628K->188124K(1393344K), 0.0059800 secs] [Times: user=0.01 sys=0.00, real=0.00 secs] 
2014-07-09T01:37:04.056+0000: 3047.519: [GC [PSYoungGen: 706339K->384K(680768K)] 894335K->188468K(1367744K), 0.0093990 secs] [Times: user=0.04 sys=0.00, real=0.01 secs] 
2014-07-09T01:37:05.546+0000: 3049.008: [GC [PSYoungGen: 680724K->352K(656128K)] 868808K->188500K(1343104K), 0.0081650 secs] [Times: user=0.02 sys=0.00, real=0.00 secs] 
2014-07-09T01:37:06.997+0000: 3050.459: [GC [PSYoungGen: 656096K->256K(632512K)] 844244K->188468K(1319488K), 0.0080110 secs] [Times: user=0.01 sys=0.00, real=0.01 secs] 
2014-07-09T01:37:08.396+0000: 3051.858: [GC [PSYoungGen: 632512K->452K(610368K)] 820724K->188712K(1297344K), 0.0188220 secs] [Times: user=0.07 sys=0.00, real=0.01 secs] 
2014-07-09T01:37:09.743+0000: 3053.205: [GC [PSYoungGen: 610308K->612K(589120K)] 798568K->188976K(1276096K), 0.0140530 secs] [Times: user=0.05 sys=0.01, real=0.02 secs] 
2014-07-09T01:37:11.041+0000: 3054.503: [GC [PSYoungGen: 589036K->192K(568256K)] 777400K->188768K(1255232K), 0.0050470 secs] [Times: user=0.01 sys=0.01, real=0.01 secs] 
2014-07-09T01:37:12.296+0000: 3055.758: [GC [PSYoungGen: 568256K->160K(548736K)] 756832K->188768K(1235712K), 0.0119590 secs] [Times: user=0.04 sys=0.00, real=0.01 secs] 
2014-07-09T01:37:13.503+0000: 3056.965: [GC [PSYoungGen: 548704K->210K(530176K)] 737312K->188882K(1217152K), 0.0061660 secs] [Times: user=0.01 sys=0.00, real=0.01 secs] 
2014-07-09T01:37:14.675+0000: 3058.137: [GC [PSYoungGen: 530130K->402K(512576K)] 718802K->189146K(1199552K), 0.0116820 secs] [Times: user=0.03 sys=0.00, real=0.02 secs] 
2014-07-09T01:37:15.806+0000: 3059.268: [GC [PSYoungGen: 512496K->566K(495680K)] 701240K->189366K(1182656K), 0.0078580 secs] [Times: user=0.03 sys=0.00, real=0.01 secs] 
2014-07-09T01:37:16.908+0000: 3060.370: [GC [PSYoungGen: 495670K->160K(479040K)] 684470K->189000K(1166016K), 0.0081720 secs] [Times: user=0.01 sys=0.00, real=0.01 secs] 
2014-07-09T01:37:17.956+0000: 3061.419: [GC [PSYoungGen: 479008K->352K(463680K)] 667848K->189232K(1150656K), 0.0058270 secs] [Times: user=0.02 sys=0.01, real=0.00 secs] 
2014-07-09T01:37:18.979+0000: 3062.441: [GC [PSYoungGen: 463648K->352K(448832K)] 652528K->189288K(1135808K), 0.0167040 secs] [Times: user=0.06 sys=0.00, real=0.01 secs] 
2014-07-09T01:37:19.968+0000: 3063.430: [GC [PSYoungGen: 448800K->338K(434624K)] 637736K->189314K(1121600K), 0.0075480 secs] [Times: user=0.02 sys=0.00, real=0.00 secs] 
2014-07-09T01:37:20.935+0000: 3064.397: [GC [PSYoungGen: 434578K->498K(521600K)] 623554K->189498K(1208576K), 0.0159280 secs] [Times: user=0.05 sys=0.00, real=0.02 secs] 
2014-07-09T01:37:22.081+0000: 3065.543: [GC [PSYoungGen: 521570K->324K(504064K)] 710571K->189348K(1191040K), 0.0068450 secs] [Times: user=0.02 sys=0.00, real=0.01 secs] 
2014-07-09T01:37:23.182+0000: 3066.644: [GC [PSYoungGen: 504004K->160K(487232K)] 693028K->189232K(1174208K), 0.0037660 secs] [Times: user=0.01 sys=0.00, real=0.00 secs] 
2014-07-09T01:37:24.252+0000: 3067.714: [GC [PSYoungGen: 487199K->224K(471424K)] 676271K->189360K(1158400K), 0.0140180 secs] [Times: user=0.05 sys=0.00, real=0.01 secs] 
2014-07-09T01:37:25.297+0000: 3068.759: [GC [PSYoungGen: 471392K->352K(565824K)] 660528K->189528K(1252800K), 0.0143710 secs] [Times: user=0.05 sys=0.00, real=0.02 secs] 
2014-07-09T01:37:26.538+0000: 3070.000: [GC [PSYoungGen: 565792K->338K(678912K)] 754968K->189554K(1365888K), 0.0164390 secs] [Times: user=0.05 sys=0.01, real=0.02 secs] 
2014-07-09T01:37:28.027+0000: 3071.489: [GC [PSYoungGen: 678866K->324K(814656K)] 868082K->189580K(1501632K), 0.0374720 secs] [Times: user=0.12 sys=0.00, real=0.04 secs] 
2014-07-09T01:37:29.819+0000: 3073.281: [GC [PSYoungGen: 814596K->370K(977536K)] 1003852K->189682K(1664512K), 0.0100150 secs] [Times: user=0.03 sys=0.00, real=0.01 secs] 
2014-07-09T01:37:31.974+0000: 3075.436: [GC [PSYoungGen: 977522K->338K(1172992K)] 1166834K->189698K(1859968K), 0.0137770 secs] [Times: user=0.05 sys=0.00, real=0.01 secs] 
2014-07-09T01:37:34.561+0000: 3078.023: [GC [PSYoungGen: 1172946K->306K(1124864K)] 1362306K->189730K(1811840K), 0.0102510 secs] [Times: user=0.02 sys=0.00, real=0.01 secs] 
2014-07-09T01:37:37.027+0000: 3080.489: [GC [PSYoungGen: 1124824K->260K(1079168K)] 1314248K->189756K(1766144K), 0.0056690 secs] [Times: user=0.01 sys=0.00, real=0.01 secs] 
2014-07-09T01:37:39.403+0000: 3082.866: [GC [PSYoungGen: 1079108K->192K(1035520K)] 1268604K->189752K(1722496K), 0.0183640 secs] [Times: user=0.07 sys=0.00, real=0.02 secs] 
2014-07-09T01:37:41.676+0000: 3085.138: [GC [PSYoungGen: 1035520K->306K(994240K)] 1225080K->189914K(1681216K), 0.0088050 secs] [Times: user=0.03 sys=0.00, real=0.01 secs] 
2014-07-09T01:37:43.864+0000: 3087.327: [GC [PSYoungGen: 994226K->384K(954880K)] 1183834K->190048K(1641856K), 0.0147530 secs] [Times: user=0.06 sys=0.01, real=0.01 secs] 
2014-07-09T01:37:45.975+0000: 3089.437: [GC [PSYoungGen: 954879K->498K(917440K)] 1144544K->190332K(1604416K), 0.0283900 secs] [Times: user=0.10 sys=0.00, real=0.03 secs] 
2014-07-09T01:37:47.987+0000: 3091.450: [GC [PSYoungGen: 917426K->178K(881344K)] 1107260K->190142K(1568320K), 0.0130670 secs] [Times: user=0.05 sys=0.00, real=0.01 secs] 
2014-07-09T01:37:49.930+0000: 3093.392: [GC [PSYoungGen: 881234K->420K(847552K)] 1071198K->190456K(1534528K), 0.0046720 secs] [Times: user=0.01 sys=0.00, real=0.01 secs] 
2014-07-09T01:37:51.805+0000: 3095.268: [GC [PSYoungGen: 847524K->544K(815232K)] 1037560K->190636K(1502208K), 0.0122640 secs] [Times: user=0.03 sys=0.00, real=0.01 secs] 
2014-07-09T01:37:53.600+0000: 3097.062: [GC [PSYoungGen: 815137K->420K(784192K)] 1005229K->190560K(1471168K), 0.0122010 secs] [Times: user=0.02 sys=0.00, real=0.02 secs] 
2014-07-09T01:37:55.321+0000: 3098.783: [GC [PSYoungGen: 784164K->242K(754560K)] 974304K->190462K(1441536K), 0.0121950 secs] [Times: user=0.04 sys=0.00, real=0.02 secs] 
2014-07-09T01:37:56.988+0000: 3100.450: [GC [PSYoungGen: 754546K->580K(726848K)] 944766K->190872K(1413824K), 0.0156070 secs] [Times: user=0.06 sys=0.00, real=0.02 secs] 
2014-07-09T01:37:58.582+0000: 3102.044: [GC [PSYoungGen: 726788K->356K(699840K)] 917080K->190696K(1386816K), 0.0086390 secs] [Times: user=0.02 sys=0.00, real=0.01 secs] 
2014-07-09T01:38:00.119+0000: 3103.582: [GC [PSYoungGen: 699812K->584K(674560K)] 890152K->190980K(1361536K), 0.0149500 secs] [Times: user=0.05 sys=0.00, real=0.02 secs] 
2014-07-09T01:38:01.610+0000: 3105.072: [GC [PSYoungGen: 674504K->192K(649792K)] 864900K->190620K(1336768K), 0.0112520 secs] [Times: user=0.04 sys=0.00, real=0.01 secs] 
2014-07-09T01:38:03.038+0000: 3106.500: [GC [PSYoungGen: 649792K->352K(626752K)] 840220K->190828K(1313728K), 0.0145280 secs] [Times: user=0.05 sys=0.00, real=0.01 secs] 
2014-07-09T01:38:04.417+0000: 3107.879: [GC [PSYoungGen: 626720K->466K(752192K)] 817196K->191046K(1439168K), 0.0239490 secs] [Times: user=0.09 sys=0.00, real=0.02 secs] 
2014-07-09T01:38:06.067+0000: 3109.529: [GC [PSYoungGen: 752146K->434K(724160K)] 942726K->191078K(1411136K), 0.0072480 secs] [Times: user=0.02 sys=0.00, real=0.01 secs] 
2014-07-09T01:38:07.671+0000: 3111.133: [GC [PSYoungGen: 724146K->512K(697600K)] 914790K->191212K(1384576K), 0.0085100 secs] [Times: user=0.03 sys=0.00, real=0.01 secs] 
2014-07-09T01:38:09.205+0000: 3112.667: [GC [PSYoungGen: 697600K->288K(672000K)] 888300K->191052K(1358976K), 0.0056190 secs] [Times: user=0.01 sys=0.00, real=0.00 secs] 
2014-07-09T01:38:10.685+0000: 3114.147: [GC [PSYoungGen: 671968K->370K(647808K)] 862732K->191158K(1334784K), 0.0052720 secs] [Times: user=0.02 sys=0.00, real=0.00 secs] 
2014-07-09T01:38:12.114+0000: 3115.576: [GC [PSYoungGen: 647794K->306K(624640K)] 838582K->191126K(1311616K), 0.0054220 secs] [Times: user=0.01 sys=0.00, real=0.01 secs] 
2014-07-09T01:38:13.487+0000: 3116.949: [GC [PSYoungGen: 624619K->374K(602624K)] 815439K->191266K(1289600K), 0.0093710 secs] [Times: user=0.03 sys=0.00, real=0.01 secs] 
2014-07-09T01:38:14.824+0000: 3118.286: [GC [PSYoungGen: 602614K->370K(581568K)] 793506K->191334K(1268544K), 0.0094670 secs] [Times: user=0.03 sys=0.00, real=0.01 secs] 
2014-07-09T01:38:16.101+0000: 3119.563: [GC [PSYoungGen: 581537K->392K(561536K)] 772501K->191412K(1248512K), 0.0070770 secs] [Times: user=0.01 sys=0.00, real=0.01 secs] 
2014-07-09T01:38:17.347+0000: 3120.809: [GC [PSYoungGen: 561480K->224K(542144K)] 752500K->191276K(1229120K), 0.0137810 secs] [Times: user=0.05 sys=0.00, real=0.01 secs] 
2014-07-09T01:38:18.542+0000: 3122.004: [GC [PSYoungGen: 542112K->530K(650880K)] 733164K->191638K(1337856K), 0.0227250 secs] [Times: user=0.07 sys=0.01, real=0.02 secs] 
2014-07-09T01:38:19.973+0000: 3123.435: [GC [PSYoungGen: 650834K->224K(780672K)] 841942K->191364K(1467648K), 0.0162600 secs] [Times: user=0.06 sys=0.00, real=0.02 secs] 
2014-07-09T01:38:21.698+0000: 3125.160: [GC [PSYoungGen: 780640K->224K(751360K)] 971780K->191396K(1438336K), 0.0042680 secs] [Times: user=0.01 sys=0.00, real=0.00 secs] 
2014-07-09T01:38:23.356+0000: 3126.818: [GC [PSYoungGen: 751328K->384K(723584K)] 942500K->191596K(1410560K), 0.0117110 secs] [Times: user=0.04 sys=0.00, real=0.02 secs] 
2014-07-09T01:38:24.949+0000: 3128.411: [GC [PSYoungGen: 723584K->320K(868160K)] 914796K->191636K(1555136K), 0.0260590 secs] [Times: user=0.09 sys=0.00, real=0.02 secs] 
2014-07-09T01:38:26.866+0000: 3130.328: [GC [PSYoungGen: 868160K->288K(834752K)] 1059476K->191668K(1521728K), 0.0081750 secs] [Times: user=0.01 sys=0.00, real=0.01 secs] 
2014-07-09T01:38:28.712+0000: 3132.174: [GC [PSYoungGen: 834719K->448K(803008K)] 1026099K->191900K(1489984K), 0.0187110 secs] [Times: user=0.06 sys=0.00, real=0.02 secs] 
2014-07-09T01:38:30.483+0000: 3133.945: [GC [PSYoungGen: 803008K->480K(772736K)] 994460K->191996K(1459712K), 0.0187130 secs] [Times: user=0.06 sys=0.00, real=0.02 secs] 
2014-07-09T01:38:32.184+0000: 3135.647: [GC [PSYoungGen: 772704K->370K(743680K)] 964220K->192094K(1430656K), 0.0141970 secs] [Times: user=0.05 sys=0.00, real=0.02 secs] 
2014-07-09T01:38:33.824+0000: 3137.286: [GC [PSYoungGen: 743666K->612K(716352K)] 935390K->192424K(1403328K), 0.0105320 secs] [Times: user=0.04 sys=0.00, real=0.01 secs] 
2014-07-09T01:38:35.402+0000: 3138.864: [GC [PSYoungGen: 716321K->288K(689728K)] 908134K->192212K(1376704K), 0.0225500 secs] [Times: user=0.08 sys=0.00, real=0.02 secs] 
2014-07-09T01:38:36.919+0000: 3140.381: [GC [PSYoungGen: 689696K->192K(664512K)] 881620K->192180K(1351488K), 0.0130080 secs] [Times: user=0.04 sys=0.00, real=0.01 secs] 
2014-07-09T01:38:38.377+0000: 3141.839: [GC [PSYoungGen: 664512K->192K(640640K)] 856500K->192204K(1327616K), 0.0162960 secs] [Times: user=0.06 sys=0.00, real=0.02 secs] 
2014-07-09T01:38:39.786+0000: 3143.248: [GC [PSYoungGen: 640640K->224K(768832K)] 832652K->192284K(1455808K), 0.0240190 secs] [Times: user=0.08 sys=0.00, real=0.03 secs] 
2014-07-09T01:38:41.469+0000: 3144.931: [GC [PSYoungGen: 768721K->178K(740032K)] 960781K->192262K(1427008K), 0.0036410 secs] [Times: user=0.01 sys=0.00, real=0.01 secs] 
2014-07-09T01:38:43.113+0000: 3146.575: [GC [PSYoungGen: 739935K->352K(712832K)] 932019K->192492K(1399808K), 0.0095190 secs] [Times: user=0.02 sys=0.00, real=0.01 secs] 
2014-07-09T01:38:44.678+0000: 3148.141: [GC [PSYoungGen: 712797K->338K(686720K)] 904937K->192574K(1373696K), 0.0041870 secs] [Times: user=0.01 sys=0.01, real=0.01 secs] 
2014-07-09T01:38:46.188+0000: 3149.650: [GC [PSYoungGen: 686674K->256K(661696K)] 878910K->192556K(1348672K), 0.0156260 secs] [Times: user=0.05 sys=0.00, real=0.02 secs] 
2014-07-09T01:38:47.656+0000: 3151.119: [GC [PSYoungGen: 661696K->548K(638272K)] 853996K->192920K(1325248K), 0.0156680 secs] [Times: user=0.05 sys=0.00, real=0.02 secs] 
2014-07-09T01:38:49.063+0000: 3152.525: [GC [PSYoungGen: 638244K->274K(615360K)] 830616K->192694K(1302336K), 0.0188660 secs] [Times: user=0.06 sys=0.00, real=0.02 secs] 
2014-07-09T01:38:50.420+0000: 3153.882: [GC [PSYoungGen: 615314K->320K(593728K)] 807734K->192804K(1280704K), 0.0149800 secs] [Times: user=0.05 sys=0.00, real=0.02 secs] 
2014-07-09T01:38:51.737+0000: 3155.199: [GC [PSYoungGen: 593728K->320K(712448K)] 786212K->192828K(1399424K), 0.0175310 secs] [Times: user=0.06 sys=0.00, real=0.02 secs] 
2014-07-09T01:38:53.317+0000: 3156.779: [GC [PSYoungGen: 712417K->224K(686272K)] 904925K->192764K(1373248K), 0.0054760 secs] [Times: user=0.01 sys=0.00, real=0.01 secs] 
2014-07-09T01:38:54.831+0000: 3158.294: [GC [PSYoungGen: 686240K->192K(823424K)] 878780K->192820K(1510400K), 0.0209210 secs] [Times: user=0.07 sys=0.00, real=0.02 secs] 
2014-07-09T01:38:56.639+0000: 3160.101: [GC [PSYoungGen: 823424K->338K(792320K)] 1016052K->193014K(1479296K), 0.0082600 secs] [Times: user=0.03 sys=0.01, real=0.01 secs] 
2014-07-09T01:38:58.380+0000: 3161.842: [GC [PSYoungGen: 792268K->416K(762560K)] 984944K->193156K(1449536K), 0.0078490 secs] [Times: user=0.02 sys=0.00, real=0.01 secs] 
2014-07-09T01:39:00.072+0000: 3163.534: [GC [PSYoungGen: 762528K->128K(733824K)] 955268K->192908K(1420800K), 0.0071390 secs] [Times: user=0.01 sys=0.00, real=0.01 secs] 
2014-07-09T01:39:01.691+0000: 3165.153: [GC [PSYoungGen: 733824K->370K(706944K)] 926604K->193190K(1393920K), 0.0091670 secs] [Times: user=0.03 sys=0.00, real=0.01 secs] 
2014-07-09T01:39:03.258+0000: 3166.721: [GC [PSYoungGen: 706930K->416K(681152K)] 899750K->193300K(1368128K), 0.0296590 secs] [Times: user=0.10 sys=0.00, real=0.03 secs] 
2014-07-09T01:39:04.752+0000: 3168.214: [GC [PSYoungGen: 681062K->388K(656512K)] 873946K->193376K(1343488K), 0.0042290 secs] [Times: user=0.02 sys=0.00, real=0.01 secs] 
2014-07-09T01:39:06.202+0000: 3169.664: [GC [PSYoungGen: 656452K->192K(632768K)] 849440K->193212K(1319744K), 0.0049710 secs] [Times: user=0.01 sys=0.00, real=0.01 secs] 
2014-07-09T01:39:07.599+0000: 3171.061: [GC [PSYoungGen: 632768K->324K(610496K)] 825788K->193376K(1297472K), 0.0108940 secs] [Times: user=0.04 sys=0.00, real=0.01 secs] 
2014-07-09T01:39:08.944+0000: 3172.407: [GC [PSYoungGen: 610436K->288K(588992K)] 803488K->193388K(1275968K), 0.0247020 secs] [Times: user=0.08 sys=0.00, real=0.02 secs] 
2014-07-09T01:39:10.247+0000: 3173.709: [GC [PSYoungGen: 588960K->256K(568512K)] 782060K->193420K(1255488K), 0.0074650 secs] [Times: user=0.03 sys=0.00, real=0.01 secs] 
2014-07-09T01:39:11.507+0000: 3174.969: [GC [PSYoungGen: 568512K->256K(548992K)] 761676K->193452K(1235968K), 0.0090300 secs] [Times: user=0.03 sys=0.00, real=0.01 secs] 
2014-07-09T01:39:12.725+0000: 3176.187: [GC [PSYoungGen: 548992K->384K(530496K)] 742188K->193612K(1217472K), 0.0070990 secs] [Times: user=0.01 sys=0.01, real=0.00 secs] 
2014-07-09T01:39:13.883+0000: 3177.345: [GC [PSYoungGen: 530496K->480K(512832K)] 723724K->193796K(1199808K), 0.0063580 secs] [Times: user=0.01 sys=0.00, real=0.01 secs] 
2014-07-09T01:39:15.012+0000: 3178.475: [GC [PSYoungGen: 512800K->192K(495488K)] 706116K->193564K(1182464K), 0.0074790 secs] [Times: user=0.02 sys=0.00, real=0.01 secs] 
2014-07-09T01:39:16.102+0000: 3179.565: [GC [PSYoungGen: 495488K->192K(479232K)] 688860K->193612K(1166208K), 0.0083240 secs] [Times: user=0.02 sys=0.00, real=0.01 secs] 
2014-07-09T01:39:17.157+0000: 3180.619: [GC [PSYoungGen: 479178K->160K(463680K)] 672599K->193612K(1150656K), 0.0040800 secs] [Times: user=0.01 sys=0.00, real=0.00 secs] 
2014-07-09T01:39:18.187+0000: 3181.649: [GC [PSYoungGen: 463648K->288K(448960K)] 657100K->193796K(1135936K), 0.0101150 secs] [Times: user=0.03 sys=0.00, real=0.01 secs] 
2014-07-09T01:39:19.174+0000: 3182.636: [GC [PSYoungGen: 448844K->388K(434880K)] 642353K->193944K(1121856K), 0.0081390 secs] [Times: user=0.01 sys=0.00, real=0.01 secs] 
2014-07-09T01:39:20.135+0000: 3183.597: [GC [PSYoungGen: 434820K->288K(521664K)] 628376K->193884K(1208640K), 0.0181980 secs] [Times: user=0.06 sys=0.00, real=0.01 secs] 
2014-07-09T01:39:21.281+0000: 3184.743: [GC [PSYoungGen: 521632K->224K(625920K)] 715228K->193860K(1312896K), 0.0143700 secs] [Times: user=0.05 sys=0.00, real=0.02 secs] 
2014-07-09T01:39:22.660+0000: 3186.122: [GC [PSYoungGen: 625888K->548K(604096K)] 819524K->194232K(1291072K), 0.0102290 secs] [Times: user=0.03 sys=0.00, real=0.01 secs] 
2014-07-09T01:39:23.990+0000: 3187.453: [GC [PSYoungGen: 604063K->224K(582656K)] 797747K->193972K(1269632K), 0.0074290 secs] [Times: user=0.03 sys=0.00, real=0.01 secs] 
2014-07-09T01:39:25.271+0000: 3188.733: [GC [PSYoungGen: 582624K->256K(562496K)] 776372K->194060K(1249472K), 0.0066120 secs] [Times: user=0.01 sys=0.00, real=0.01 secs] 
2014-07-09T01:39:26.514+0000: 3189.976: [GC [PSYoungGen: 562496K->128K(543104K)] 756300K->193972K(1230080K), 0.0154490 secs] [Times: user=0.05 sys=0.00, real=0.02 secs] 
2014-07-09T01:39:27.718+0000: 3191.180: [GC [PSYoungGen: 543104K->160K(524800K)] 736948K->194044K(1211776K), 0.0053600 secs] [Times: user=0.01 sys=0.00, real=0.00 secs] 
2014-07-09T01:39:28.873+0000: 3192.335: [GC [PSYoungGen: 524768K->288K(507392K)] 718652K->194196K(1194368K), 0.0053560 secs] [Times: user=0.01 sys=0.00, real=0.01 secs] 
2014-07-09T01:39:30.001+0000: 3193.463: [GC [PSYoungGen: 507360K->160K(490496K)] 701268K->194084K(1177472K), 0.0060490 secs] [Times: user=0.01 sys=0.00, real=0.00 secs] 
2014-07-09T01:39:31.089+0000: 3194.551: [GC [PSYoungGen: 490464K->260K(474560K)] 684388K->194216K(1161536K), 0.0055490 secs] [Times: user=0.01 sys=0.00, real=0.00 secs] 
2014-07-09T01:39:32.132+0000: 3195.594: [GC [PSYoungGen: 474500K->416K(459328K)] 668456K->194428K(1146304K), 0.0178810 secs] [Times: user=0.06 sys=0.00, real=0.02 secs] 
2014-07-09T01:39:33.146+0000: 3196.608: [GC [PSYoungGen: 459296K->192K(444416K)] 653308K->194252K(1131392K), 0.0113370 secs] [Times: user=0.04 sys=0.00, real=0.02 secs] 
2014-07-09T01:39:34.126+0000: 3197.588: [GC [PSYoungGen: 444416K->256K(430464K)] 638476K->194404K(1117440K), 0.0085540 secs] [Times: user=0.02 sys=0.00, real=0.01 secs] 
2014-07-09T01:39:35.078+0000: 3198.540: [GC [PSYoungGen: 430464K->160K(416960K)] 624612K->194332K(1103936K), 0.0113570 secs] [Times: user=0.04 sys=0.00, real=0.01 secs] 
2014-07-09T01:39:36.005+0000: 3199.467: [GC [PSYoungGen: 416928K->224K(404160K)] 611100K->194428K(1091136K), 0.0042070 secs] [Times: user=0.01 sys=0.00, real=0.01 secs] 
2014-07-09T01:39:36.899+0000: 3200.361: [GC [PSYoungGen: 404036K->416K(392064K)] 598241K->194668K(1079040K), 0.0075600 secs] [Times: user=0.03 sys=0.01, real=0.00 secs] 
2014-07-09T01:39:37.765+0000: 3201.227: [GC [PSYoungGen: 392032K->306K(470272K)] 586284K->194590K(1157248K), 0.0177750 secs] [Times: user=0.06 sys=0.00, real=0.02 secs] 
2014-07-09T01:39:38.804+0000: 3202.266: [GC [PSYoungGen: 470249K->502K(564480K)] 664533K->194874K(1251456K), 0.0212020 secs] [Times: user=0.07 sys=0.00, real=0.02 secs] 
2014-07-09T01:39:40.050+0000: 3203.512: [GC [PSYoungGen: 564470K->242K(677056K)] 758842K->194662K(1364032K), 0.0036640 secs] [Times: user=0.01 sys=0.00, real=0.00 secs] 
2014-07-09T01:39:41.547+0000: 3205.009: [GC [PSYoungGen: 677042K->256K(812416K)] 871462K->194724K(1499392K), 0.0125890 secs] [Times: user=0.04 sys=0.00, real=0.02 secs] 
2014-07-09T01:39:43.337+0000: 3206.799: [GC [PSYoungGen: 812414K->434K(781824K)] 1006883K->194934K(1468800K), 0.0099210 secs] [Times: user=0.03 sys=0.00, real=0.01 secs] 
2014-07-09T01:39:45.071+0000: 3208.534: [GC [PSYoungGen: 781810K->128K(752128K)] 976310K->194716K(1439104K), 0.0048700 secs] [Times: user=0.01 sys=0.00, real=0.00 secs] 
2014-07-09T01:39:46.724+0000: 3210.187: [GC [PSYoungGen: 752128K->224K(724288K)] 946716K->194868K(1411264K), 0.0053050 secs] [Times: user=0.01 sys=0.00, real=0.01 secs] 
2014-07-09T01:39:48.322+0000: 3211.784: [GC [PSYoungGen: 724256K->292K(697664K)] 918900K->194976K(1384640K), 0.0312190 secs] [Times: user=0.12 sys=0.00, real=0.03 secs] 
2014-07-09T01:39:49.863+0000: 3213.325: [GC [PSYoungGen: 697636K->370K(672320K)] 892320K->195118K(1359296K), 0.0074040 secs] [Times: user=0.02 sys=0.00, real=0.01 secs] 
2014-07-09T01:39:51.339+0000: 3214.801: [GC [PSYoungGen: 672306K->128K(647808K)] 867054K->194900K(1334784K), 0.0135570 secs] [Times: user=0.05 sys=0.00, real=0.02 secs] 
2014-07-09T01:39:52.772+0000: 3216.234: [GC [PSYoungGen: 647808K->256K(624832K)] 842580K->195068K(1311808K), 0.0059810 secs] [Times: user=0.02 sys=0.00, real=0.00 secs] 
2014-07-09T01:39:54.142+0000: 3217.605: [GC [PSYoungGen: 624832K->192K(602688K)] 819644K->195068K(1289664K), 0.0048800 secs] [Times: user=0.01 sys=0.00, real=0.00 secs] 
2014-07-09T01:39:55.479+0000: 3218.941: [GC [PSYoungGen: 602688K->192K(581632K)] 797564K->195132K(1268608K), 0.0068120 secs] [Times: user=0.02 sys=0.00, real=0.01 secs] 
2014-07-09T01:39:56.771+0000: 3220.234: [GC [PSYoungGen: 581632K->512K(561856K)] 776572K->195508K(1248832K), 0.0185740 secs] [Times: user=0.07 sys=0.00, real=0.01 secs] 
2014-07-09T01:39:58.003+0000: 3221.465: [GC [PSYoungGen: 561856K->224K(542400K)] 756852K->195260K(1229376K), 0.0102170 secs] [Times: user=0.04 sys=0.00, real=0.01 secs] 
2014-07-09T01:39:59.204+0000: 3222.666: [GC [PSYoungGen: 542368K->288K(524096K)] 737404K->195364K(1211072K), 0.0105210 secs] [Times: user=0.03 sys=0.00, real=0.01 secs] 
2014-07-09T01:40:00.361+0000: 3223.823: [GC [PSYoungGen: 524064K->178K(628736K)] 719140K->195286K(1315712K), 0.0483020 secs] [Times: user=0.16 sys=0.00, real=0.04 secs] 
2014-07-09T01:40:01.756+0000: 3225.218: [GC [PSYoungGen: 628722K->192K(754496K)] 823830K->195340K(1441472K), 0.0051140 secs] [Times: user=0.02 sys=0.00, real=0.01 secs] 
2014-07-09T01:40:03.443+0000: 3226.905: [GC [PSYoungGen: 754496K->506K(905728K)] 949644K->195958K(1592704K), 0.0086480 secs] [Times: user=0.02 sys=0.00, real=0.00 secs] 
2014-07-09T01:40:05.428+0000: 3228.890: [GC [PSYoungGen: 905722K->562K(870592K)] 1101174K->196086K(1557568K), 0.0089100 secs] [Times: user=0.03 sys=0.00, real=0.01 secs] 
2014-07-09T01:40:07.340+0000: 3230.802: [GC [PSYoungGen: 870578K->242K(836736K)] 1066102K->195894K(1523712K), 0.0111760 secs] [Times: user=0.04 sys=0.00, real=0.01 secs] 
2014-07-09T01:40:09.193+0000: 3232.655: [GC [PSYoungGen: 836688K->260K(804864K)] 1032341K->195944K(1491840K), 0.0125670 secs] [Times: user=0.05 sys=0.00, real=0.01 secs] 
2014-07-09T01:40:10.980+0000: 3234.442: [GC [PSYoungGen: 804804K->288K(774400K)] 1000488K->196012K(1461376K), 0.0051940 secs] [Times: user=0.02 sys=0.00, real=0.01 secs] 
2014-07-09T01:40:12.694+0000: 3236.156: [GC [PSYoungGen: 774304K->452K(745600K)] 970028K->196216K(1432576K), 0.0157920 secs] [Times: user=0.06 sys=0.00, real=0.01 secs] 
2014-07-09T01:40:14.337+0000: 3237.799: [GC [PSYoungGen: 745540K->320K(717760K)] 941304K->196180K(1404736K), 0.0073100 secs] [Times: user=0.02 sys=0.00, real=0.01 secs] 
2014-07-09T01:40:15.918+0000: 3239.380: [GC [PSYoungGen: 717760K->274K(691392K)] 913620K->196182K(1378368K), 0.0183640 secs] [Times: user=0.06 sys=0.00, real=0.02 secs] 
2014-07-09T01:40:17.447+0000: 3240.909: [GC [PSYoungGen: 691314K->416K(666368K)] 887222K->196404K(1353344K), 0.0246120 secs] [Times: user=0.08 sys=0.00, real=0.02 secs] 
2014-07-09T01:40:18.911+0000: 3242.373: [GC [PSYoungGen: 666336K->352K(642304K)] 862324K->196388K(1329280K), 0.0086720 secs] [Times: user=0.02 sys=0.00, real=0.01 secs] 
2014-07-09T01:40:20.322+0000: 3243.784: [GC [PSYoungGen: 642206K->324K(619456K)] 838242K->196408K(1306432K), 0.0123960 secs] [Times: user=0.05 sys=0.00, real=0.02 secs] 
2014-07-09T01:40:21.694+0000: 3245.157: [GC [PSYoungGen: 619396K->242K(597504K)] 815480K->196350K(1284480K), 0.0117510 secs] [Times: user=0.03 sys=0.00, real=0.01 secs] 
2014-07-09T01:40:23.010+0000: 3246.472: [GC [PSYoungGen: 597430K->306K(576768K)] 793538K->196446K(1263744K), 0.0083660 secs] [Times: user=0.03 sys=0.00, real=0.01 secs] 
2014-07-09T01:40:24.282+0000: 3247.745: [GC [PSYoungGen: 576754K->338K(556928K)] 772894K->196558K(1243904K), 0.0046120 secs] [Times: user=0.01 sys=0.00, real=0.01 secs] 
2014-07-09T01:40:25.511+0000: 3248.973: [GC [PSYoungGen: 556882K->192K(537728K)] 753102K->196452K(1224704K), 0.0082280 secs] [Times: user=0.03 sys=0.00, real=0.01 secs] 
2014-07-09T01:40:26.699+0000: 3250.162: [GC [PSYoungGen: 537727K->128K(519552K)] 733987K->196428K(1206528K), 0.0095010 secs] [Times: user=0.03 sys=0.00, real=0.01 secs] 
2014-07-09T01:40:27.854+0000: 3251.316: [GC [PSYoungGen: 519552K->352K(502464K)] 715852K->196684K(1189440K), 0.0044510 secs] [Times: user=0.01 sys=0.00, real=0.01 secs] 
2014-07-09T01:40:28.964+0000: 3252.426: [GC [PSYoungGen: 502432K->256K(602752K)] 698764K->196636K(1289728K), 0.0356860 secs] [Times: user=0.09 sys=0.00, real=0.04 secs] 
2014-07-09T01:40:30.294+0000: 3253.756: [GC [PSYoungGen: 602752K->96K(723136K)] 799132K->196500K(1410112K), 0.0148060 secs] [Times: user=0.06 sys=0.00, real=0.02 secs] 
2014-07-09T01:40:31.892+0000: 3255.354: [GC [PSYoungGen: 723104K->320K(867968K)] 919508K->196764K(1554944K), 0.0111210 secs] [Times: user=0.04 sys=0.00, real=0.01 secs] 
2014-07-09T01:40:33.807+0000: 3257.269: [GC [PSYoungGen: 867955K->324K(834624K)] 1064399K->196808K(1521600K), 0.0052780 secs] [Times: user=0.02 sys=0.00, real=0.00 secs] 
2014-07-09T01:40:35.651+0000: 3259.113: [GC [PSYoungGen: 834564K->320K(802752K)] 1031048K->196884K(1489728K), 0.0049180 secs] [Times: user=0.01 sys=0.00, real=0.01 secs] 
2014-07-09T01:40:37.427+0000: 3260.889: [GC [PSYoungGen: 802752K->352K(772480K)] 999316K->196988K(1459456K), 0.0189690 secs] [Times: user=0.06 sys=0.00, real=0.02 secs] 
2014-07-09T01:40:39.130+0000: 3262.592: [GC [PSYoungGen: 772448K->416K(743616K)] 969084K->197108K(1430592K), 0.0074360 secs] [Times: user=0.02 sys=0.01, real=0.01 secs] 
2014-07-09T01:40:40.767+0000: 3264.229: [GC [PSYoungGen: 743582K->256K(715840K)] 940275K->197060K(1402816K), 0.0086190 secs] [Times: user=0.03 sys=0.00, real=0.00 secs] 
2014-07-09T01:40:42.346+0000: 3265.809: [GC [PSYoungGen: 715840K->224K(689536K)] 912644K->197052K(1376512K), 0.0097700 secs] [Times: user=0.01 sys=0.00, real=0.01 secs] 
2014-07-09T01:40:43.864+0000: 3267.326: [GC [PSYoungGen: 689504K->160K(664448K)] 886332K->197052K(1351424K), 0.0054780 secs] [Times: user=0.01 sys=0.00, real=0.01 secs] 
2014-07-09T01:40:45.340+0000: 3268.802: [GC [PSYoungGen: 664416K->388K(640832K)] 861308K->197344K(1327808K), 0.0089650 secs] [Times: user=0.03 sys=0.00, real=0.01 secs] 
2014-07-09T01:40:46.752+0000: 3270.215: [GC [PSYoungGen: 640772K->288K(617920K)] 837728K->197324K(1304896K), 0.0041820 secs] [Times: user=0.01 sys=0.01, real=0.00 secs] 
2014-07-09T01:40:48.113+0000: 3271.575: [GC [PSYoungGen: 617888K->352K(596224K)] 814924K->197428K(1283200K), 0.0044610 secs] [Times: user=0.01 sys=0.01, real=0.00 secs] 
2014-07-09T01:40:49.435+0000: 3272.897: [GC [PSYoungGen: 596192K->342K(575488K)] 793268K->197442K(1262464K), 0.0125180 secs] [Times: user=0.05 sys=0.00, real=0.01 secs] 
2014-07-09T01:40:50.714+0000: 3274.176: [GC [PSYoungGen: 575446K->242K(555520K)] 772546K->197390K(1242496K), 0.0147340 secs] [Times: user=0.05 sys=0.00, real=0.02 secs] 
2014-07-09T01:40:51.943+0000: 3275.405: [GC [PSYoungGen: 555506K->320K(536640K)] 752654K->197508K(1223616K), 0.0164790 secs] [Times: user=0.06 sys=0.00, real=0.02 secs] 
2014-07-09T01:40:53.122+0000: 3276.585: [GC [PSYoungGen: 536640K->160K(518400K)] 733828K->197404K(1205376K), 0.0129440 secs] [Times: user=0.05 sys=0.00, real=0.01 secs] 
2014-07-09T01:40:54.269+0000: 3277.732: [GC [PSYoungGen: 518368K->388K(501376K)] 715612K->197704K(1188352K), 0.0075850 secs] [Times: user=0.02 sys=0.00, real=0.00 secs] 
2014-07-09T01:40:55.379+0000: 3278.841: [GC [PSYoungGen: 501316K->402K(484864K)] 698632K->197774K(1171840K), 0.0151610 secs] [Times: user=0.05 sys=0.00, real=0.02 secs] 
2014-07-09T01:40:56.455+0000: 3279.918: [GC [PSYoungGen: 484818K->192K(468800K)] 682190K->197628K(1155776K), 0.0044620 secs] [Times: user=0.02 sys=0.00, real=0.00 secs] 
2014-07-09T01:40:57.490+0000: 3280.952: [GC [PSYoungGen: 468800K->310K(453824K)] 666236K->197778K(1140800K), 0.0046710 secs] [Times: user=0.02 sys=0.00, real=0.01 secs] 
2014-07-09T01:40:58.491+0000: 3281.954: [GC [PSYoungGen: 453814K->128K(439232K)] 651282K->197620K(1126208K), 0.0048470 secs] [Times: user=0.01 sys=0.00, real=0.00 secs] 
2014-07-09T01:40:59.467+0000: 3282.929: [GC [PSYoungGen: 439232K->324K(425664K)] 636724K->197848K(1112640K), 0.0106600 secs] [Times: user=0.04 sys=0.00, real=0.01 secs] 
2014-07-09T01:41:00.406+0000: 3283.868: [GC [PSYoungGen: 425604K->160K(412288K)] 623128K->197708K(1099264K), 0.0038930 secs] [Times: user=0.01 sys=0.00, real=0.00 secs] 
2014-07-09T01:41:01.313+0000: 3284.775: [GC [PSYoungGen: 412256K->224K(399680K)] 609804K->197812K(1086656K), 0.0135010 secs] [Times: user=0.04 sys=0.01, real=0.01 secs] 
2014-07-09T01:41:02.195+0000: 3285.658: [GC [PSYoungGen: 399648K->466K(479872K)] 597236K->198094K(1166848K), 0.0129000 secs] [Times: user=0.05 sys=0.00, real=0.01 secs] 
2014-07-09T01:41:03.253+0000: 3286.715: [GC [PSYoungGen: 479826K->128K(463936K)] 677454K->197804K(1150912K), 0.0061550 secs] [Times: user=0.01 sys=0.00, real=0.00 secs] 
2014-07-09T01:41:04.279+0000: 3287.741: [GC [PSYoungGen: 463936K->402K(557056K)] 661612K->198126K(1244032K), 0.0235410 secs] [Times: user=0.09 sys=0.00, real=0.03 secs] 
2014-07-09T01:41:05.508+0000: 3288.970: [GC [PSYoungGen: 557010K->384K(668352K)] 754734K->198148K(1355328K), 0.0044610 secs] [Times: user=0.01 sys=0.00, real=0.01 secs] 
2014-07-09T01:41:06.985+0000: 3290.447: [GC [PSYoungGen: 668352K->370K(801984K)] 866116K->198310K(1488960K), 0.0154580 secs] [Times: user=0.04 sys=0.00, real=0.01 secs] 
2014-07-09T01:41:08.749+0000: 3292.211: [GC [PSYoungGen: 801875K->260K(771648K)] 999815K->198240K(1458624K), 0.0060150 secs] [Times: user=0.02 sys=0.00, real=0.01 secs] 
2014-07-09T01:41:10.450+0000: 3293.912: [GC [PSYoungGen: 771588K->210K(742720K)] 969568K->198238K(1429696K), 0.0069450 secs] [Times: user=0.01 sys=0.01, real=0.01 secs] 
2014-07-09T01:41:12.090+0000: 3295.552: [GC [PSYoungGen: 742674K->160K(715136K)] 940702K->198220K(1402112K), 0.0065090 secs] [Times: user=0.02 sys=0.00, real=0.01 secs] 
2014-07-09T01:41:13.674+0000: 3297.136: [GC [PSYoungGen: 715097K->356K(689088K)] 913157K->198480K(1376064K), 0.0047340 secs] [Times: user=0.01 sys=0.00, real=0.00 secs] 
2014-07-09T01:41:15.198+0000: 3298.660: [GC [PSYoungGen: 689060K->288K(664000K)] 887184K->198484K(1350976K), 0.0082600 secs] [Times: user=0.03 sys=0.00, real=0.01 secs] 
2014-07-09T01:41:16.673+0000: 3300.136: [GC [PSYoungGen: 663968K->484K(640320K)] 862164K->198744K(1327296K), 0.0224070 secs] [Times: user=0.08 sys=0.00, real=0.02 secs] 
2014-07-09T01:41:18.088+0000: 3301.551: [GC [PSYoungGen: 640292K->160K(617216K)] 838552K->198444K(1304192K), 0.0222250 secs] [Times: user=0.08 sys=0.00, real=0.02 secs] 
2014-07-09T01:41:19.460+0000: 3302.922: [GC [PSYoungGen: 617141K->634K(741120K)] 815426K->199190K(1428096K), 0.0305390 secs] [Times: user=0.11 sys=0.01, real=0.03 secs] 
2014-07-09T01:41:21.085+0000: 3304.547: [GC [PSYoungGen: 741114K->256K(888832K)] 939670K->198852K(1575808K), 0.0049260 secs] [Times: user=0.01 sys=0.00, real=0.00 secs] 
2014-07-09T01:41:23.054+0000: 3306.516: [GC [PSYoungGen: 888832K->192K(854336K)] 1087428K->198852K(1541312K), 0.0064710 secs] [Times: user=0.01 sys=0.01, real=0.00 secs] 
2014-07-09T01:41:24.946+0000: 3308.408: [GC [PSYoungGen: 854336K->416K(821824K)] 1052996K->199172K(1508800K), 0.0123590 secs] [Times: user=0.04 sys=0.00, real=0.01 secs] 
2014-07-09T01:41:26.765+0000: 3310.227: [GC [PSYoungGen: 821707K->342K(790528K)] 1020464K->199154K(1477504K), 0.0058070 secs] [Times: user=0.01 sys=0.00, real=0.00 secs] 
2014-07-09T01:41:28.507+0000: 3311.969: [GC [PSYoungGen: 790485K->370K(760768K)] 989297K->199246K(1447744K), 0.0175570 secs] [Times: user=0.07 sys=0.00, real=0.01 secs] 
2014-07-09T01:41:30.189+0000: 3313.651: [GC [PSYoungGen: 760754K->402K(732480K)] 959630K->199326K(1419456K), 0.0182240 secs] [Times: user=0.07 sys=0.00, real=0.02 secs] 
2014-07-09T01:41:31.805+0000: 3315.268: [GC [PSYoungGen: 732365K->274K(878784K)] 931289K->199246K(1565760K), 0.0260780 secs] [Times: user=0.09 sys=0.00, real=0.02 secs] 
2014-07-09T01:41:33.744+0000: 3317.206: [GC [PSYoungGen: 878738K->480K(845056K)] 1077710K->199500K(1532032K), 0.0166700 secs] [Times: user=0.06 sys=0.00, real=0.02 secs] 
2014-07-09T01:41:35.598+0000: 3319.060: [GC [PSYoungGen: 845000K->406K(812672K)] 1044020K->199514K(1499648K), 0.0100630 secs] [Times: user=0.04 sys=0.00, real=0.01 secs] 
2014-07-09T01:41:37.404+0000: 3320.867: [GC [PSYoungGen: 812578K->356K(781824K)] 1011686K->199536K(1468800K), 0.0119290 secs] [Times: user=0.04 sys=0.00, real=0.02 secs] 
2014-07-09T01:41:39.119+0000: 3322.581: [GC [PSYoungGen: 781796K->292K(752384K)] 980976K->199536K(1439360K), 0.0057430 secs] [Times: user=0.01 sys=0.01, real=0.00 secs] 
2014-07-09T01:41:40.788+0000: 3324.250: [GC [PSYoungGen: 752356K->616K(724736K)] 951600K->199932K(1411712K), 0.0153920 secs] [Times: user=0.05 sys=0.00, real=0.01 secs] 
2014-07-09T01:41:42.387+0000: 3325.850: [GC [PSYoungGen: 724712K->192K(697600K)] 924028K->199548K(1384576K), 0.0044370 secs] [Times: user=0.02 sys=0.00, real=0.00 secs] 
2014-07-09T01:41:43.928+0000: 3327.390: [GC [PSYoungGen: 697600K->530K(672576K)] 896956K->199974K(1359552K), 0.0058870 secs] [Times: user=0.03 sys=0.00, real=0.00 secs] 
2014-07-09T01:41:45.405+0000: 3328.868: [GC [PSYoungGen: 672530K->306K(648064K)] 871974K->199790K(1335040K), 0.0057080 secs] [Times: user=0.01 sys=0.00, real=0.01 secs] 
2014-07-09T01:41:46.842+0000: 3330.304: [GC [PSYoungGen: 648050K->370K(777728K)] 847534K->199942K(1464704K), 0.0372000 secs] [Times: user=0.14 sys=0.00, real=0.04 secs] 
2014-07-09T01:41:48.562+0000: 3332.024: [GC [PSYoungGen: 777714K->242K(933120K)] 977286K->199846K(1620096K), 0.0202670 secs] [Times: user=0.07 sys=0.00, real=0.02 secs] 
2014-07-09T01:41:50.614+0000: 3334.076: [GC [PSYoungGen: 933106K->356K(896704K)] 1132710K->200024K(1583680K), 0.0127970 secs] [Times: user=0.04 sys=0.00, real=0.01 secs] 
2014-07-09T01:41:52.586+0000: 3336.049: [GC [PSYoungGen: 896676K->274K(861888K)] 1096344K->199998K(1548864K), 0.0039730 secs] [Times: user=0.01 sys=0.00, real=0.01 secs] 
2014-07-09T01:41:54.503+0000: 3337.965: [GC [PSYoungGen: 861822K->420K(828864K)] 1061547K->200216K(1515840K), 0.0120760 secs] [Times: user=0.05 sys=0.00, real=0.01 secs] 
2014-07-09T01:41:56.340+0000: 3339.803: [GC [PSYoungGen: 828778K->434K(797312K)] 1028574K->200302K(1484288K), 0.0175080 secs] [Times: user=0.06 sys=0.00, real=0.01 secs] 
2014-07-09T01:41:58.107+0000: 3341.569: [GC [PSYoungGen: 797298K->448K(767232K)] 997166K->200460K(1454208K), 0.0062900 secs] [Times: user=0.02 sys=0.00, real=0.01 secs] 
2014-07-09T01:41:59.803+0000: 3343.265: [GC [PSYoungGen: 767232K->676K(738816K)] 967244K->200768K(1425792K), 0.0222290 secs] [Times: user=0.08 sys=0.00, real=0.02 secs] 
2014-07-09T01:42:01.432+0000: 3344.895: [GC [PSYoungGen: 738743K->278K(711104K)] 938836K->200426K(1398080K), 0.0064080 secs] [Times: user=0.02 sys=0.00, real=0.00 secs] 
2014-07-09T01:42:03.006+0000: 3346.468: [GC [PSYoungGen: 711003K->484K(685248K)] 911151K->200664K(1372224K), 0.0142690 secs] [Times: user=0.05 sys=0.00, real=0.02 secs] 
2014-07-09T01:42:04.514+0000: 3347.976: [GC [PSYoungGen: 685220K->288K(660224K)] 885400K->200556K(1347200K), 0.0228130 secs] [Times: user=0.08 sys=0.00, real=0.02 secs] 
2014-07-09T01:42:05.971+0000: 3349.433: [GC [PSYoungGen: 660192K->370K(792320K)] 860460K->200686K(1479296K), 0.0190570 secs] [Times: user=0.07 sys=0.00, real=0.02 secs] 
2014-07-09T01:42:07.724+0000: 3351.186: [GC [PSYoungGen: 792306K->544K(950912K)] 992622K->200916K(1637888K), 0.0273210 secs] [Times: user=0.10 sys=0.00, real=0.03 secs] 
2014-07-09T01:42:09.823+0000: 3353.285: [GC [PSYoungGen: 950880K->726K(913728K)] 1151252K->201138K(1600704K), 0.0077640 secs] [Times: user=0.01 sys=0.00, real=0.00 secs] 
2014-07-09T01:42:11.848+0000: 3355.310: [GC [PSYoungGen: 913682K->256K(877632K)] 1114094K->200872K(1564608K), 0.0220660 secs] [Times: user=0.07 sys=0.00, real=0.02 secs] 
2014-07-09T01:42:13.787+0000: 3357.249: [GC [PSYoungGen: 877562K->498K(844032K)] 1078178K->201186K(1531008K), 0.0086560 secs] [Times: user=0.03 sys=0.01, real=0.01 secs] 
2014-07-09T01:42:15.640+0000: 3359.103: [GC [PSYoungGen: 843950K->256K(811520K)] 1044638K->201032K(1498496K), 0.0189870 secs] [Times: user=0.07 sys=0.00, real=0.02 secs] 
2014-07-09T01:42:17.435+0000: 3360.897: [GC [PSYoungGen: 811474K->570K(781120K)] 1012250K->201418K(1468096K), 0.0136200 secs] [Times: user=0.04 sys=0.00, real=0.01 secs] 
2014-07-09T01:42:19.157+0000: 3362.619: [GC [PSYoungGen: 781114K->160K(751424K)] 981962K->201040K(1438400K), 0.0060060 secs] [Times: user=0.01 sys=0.00, real=0.01 secs] 
2014-07-09T01:42:20.818+0000: 3364.280: [GC [PSYoungGen: 751392K->480K(723840K)] 952272K->201416K(1410816K), 0.0106270 secs] [Times: user=0.02 sys=0.00, real=0.01 secs] 
2014-07-09T01:42:22.416+0000: 3365.879: [GC [PSYoungGen: 723808K->506K(697216K)] 924744K->201482K(1384192K), 0.0083210 secs] [Times: user=0.03 sys=0.00, real=0.01 secs] 
2014-07-09T01:42:23.954+0000: 3367.416: [GC [PSYoungGen: 697208K->434K(671744K)] 898184K->201482K(1358720K), 0.0178880 secs] [Times: user=0.07 sys=0.00, real=0.01 secs] 
2014-07-09T01:42:25.433+0000: 3368.895: [GC [PSYoungGen: 671730K->384K(647488K)] 872778K->201512K(1334464K), 0.0196700 secs] [Times: user=0.07 sys=0.00, real=0.02 secs] 
2014-07-09T01:42:26.864+0000: 3370.326: [GC [PSYoungGen: 647469K->356K(624384K)] 848598K->201548K(1311360K), 0.0154560 secs] [Times: user=0.06 sys=0.00, real=0.01 secs] 
2014-07-09T01:42:28.249+0000: 3371.712: [GC [PSYoungGen: 624356K->434K(602368K)] 825548K->201682K(1289344K), 0.0072420 secs] [Times: user=0.02 sys=0.00, real=0.01 secs] 
2014-07-09T01:42:29.588+0000: 3373.050: [GC [PSYoungGen: 602354K->160K(581056K)] 803602K->201448K(1268032K), 0.0067910 secs] [Times: user=0.01 sys=0.00, real=0.01 secs] 
2014-07-09T01:42:30.873+0000: 3374.335: [GC [PSYoungGen: 581024K->480K(561280K)] 782312K->201824K(1248256K), 0.0095770 secs] [Times: user=0.02 sys=0.00, real=0.01 secs] 
2014-07-09T01:42:32.119+0000: 3375.581: [GC [PSYoungGen: 561192K->388K(542016K)] 762536K->201788K(1228992K), 0.0096010 secs] [Times: user=0.02 sys=0.00, real=0.01 secs] 
2014-07-09T01:42:33.322+0000: 3376.784: [GC [PSYoungGen: 541956K->338K(523648K)] 743356K->201810K(1210624K), 0.0190160 secs] [Times: user=0.07 sys=0.00, real=0.02 secs] 
2014-07-09T01:42:34.485+0000: 3377.948: [GC [PSYoungGen: 523602K->288K(506112K)] 725074K->201824K(1193088K), 0.0114410 secs] [Times: user=0.04 sys=0.00, real=0.01 secs] 
2014-07-09T01:42:35.607+0000: 3379.069: [GC [PSYoungGen: 506080K->128K(489216K)] 707616K->201696K(1176192K), 0.0051010 secs] [Times: user=0.01 sys=0.00, real=0.00 secs] 
2014-07-09T01:42:36.690+0000: 3380.153: [GC [PSYoungGen: 489214K->384K(587328K)] 690783K->202024K(1274304K), 0.0267930 secs] [Times: user=0.09 sys=0.00, real=0.03 secs] 
2014-07-09T01:42:37.985+0000: 3381.447: [GC [PSYoungGen: 587328K->388K(704832K)] 788968K->202084K(1391808K), 0.0112670 secs] [Times: user=0.04 sys=0.00, real=0.02 secs] 
2014-07-09T01:42:39.535+0000: 3382.997: [GC [PSYoungGen: 704772K->160K(678848K)] 906468K->201896K(1365824K), 0.0040160 secs] [Times: user=0.01 sys=0.00, real=0.00 secs] 
2014-07-09T01:42:41.041+0000: 3384.503: [GC [PSYoungGen: 678812K->352K(654464K)] 880548K->202136K(1341440K), 0.0075920 secs] [Times: user=0.02 sys=0.00, real=0.01 secs] 
2014-07-09T01:42:42.480+0000: 3385.942: [GC [PSYoungGen: 654432K->128K(630784K)] 856216K->201928K(1317760K), 0.0049050 secs] [Times: user=0.01 sys=0.01, real=0.00 secs] 
2014-07-09T01:42:43.886+0000: 3387.348: [GC [PSYoungGen: 630782K->612K(757440K)] 832582K->202476K(1444416K), 0.0299750 secs] [Times: user=0.11 sys=0.00, real=0.03 secs] 
2014-07-09T01:42:45.570+0000: 3389.032: [GC [PSYoungGen: 757412K->562K(908736K)] 959276K->202482K(1595712K), 0.0312570 secs] [Times: user=0.12 sys=0.00, real=0.03 secs] 
2014-07-09T01:42:47.553+0000: 3391.015: [GC [PSYoungGen: 908720K->192K(1089984K)] 1110640K->202160K(1776960K), 0.0174890 secs] [Times: user=0.06 sys=0.00, real=0.02 secs] 
2014-07-09T01:42:49.960+0000: 3393.423: [GC [PSYoungGen: 1089978K->128K(1045888K)] 1291946K->202136K(1732864K), 0.0050220 secs] [Times: user=0.01 sys=0.00, real=0.00 secs] 
2014-07-09T01:42:52.272+0000: 3395.734: [GC [PSYoungGen: 1045888K->192K(1004032K)] 1247896K->202240K(1691008K), 0.0093040 secs] [Times: user=0.04 sys=0.00, real=0.01 secs] 
2014-07-09T01:42:54.502+0000: 3397.964: [GC [PSYoungGen: 1004032K->530K(964480K)] 1206080K->202642K(1651456K), 0.0047010 secs] [Times: user=0.01 sys=0.00, real=0.00 secs] 
2014-07-09T01:42:56.633+0000: 3400.095: [GC [PSYoungGen: 964434K->306K(926208K)] 1166546K->202482K(1613184K), 0.0047360 secs] [Times: user=0.02 sys=0.00, real=0.01 secs] 
2014-07-09T01:42:58.680+0000: 3402.143: [GC [PSYoungGen: 926146K->452K(890240K)] 1128322K->202708K(1577216K), 0.0081770 secs] [Times: user=0.03 sys=0.00, real=0.01 secs] 
2014-07-09T01:43:00.641+0000: 3404.103: [GC [PSYoungGen: 890180K->288K(855616K)] 1092436K->202592K(1542592K), 0.0161170 secs] [Times: user=0.06 sys=0.00, real=0.01 secs] 
2014-07-09T01:43:02.518+0000: 3405.980: [GC [PSYoungGen: 855584K->128K(822592K)] 1057888K->202464K(1509568K), 0.0052980 secs] [Times: user=0.01 sys=0.00, real=0.01 secs] 
2014-07-09T01:43:04.339+0000: 3407.801: [GC [PSYoungGen: 822592K->160K(791360K)] 1024928K->202568K(1478336K), 0.0243620 secs] [Times: user=0.09 sys=0.00, real=0.02 secs] 
2014-07-09T01:43:06.085+0000: 3409.548: [GC [PSYoungGen: 791328K->256K(761600K)] 993736K->202720K(1448576K), 0.0065450 secs] [Times: user=0.01 sys=0.00, real=0.01 secs] 
2014-07-09T01:43:07.754+0000: 3411.216: [GC [PSYoungGen: 761600K->256K(733184K)] 964064K->202792K(1420160K), 0.0165230 secs] [Times: user=0.05 sys=0.00, real=0.02 secs] 
2014-07-09T01:43:09.378+0000: 3412.840: [GC [PSYoungGen: 733142K->342K(706240K)] 935678K->202910K(1393216K), 0.0102510 secs] [Times: user=0.04 sys=0.00, real=0.01 secs] 
2014-07-09T01:43:10.937+0000: 3414.399: [GC [PSYoungGen: 706108K->324K(680448K)] 908676K->202924K(1367424K), 0.0050450 secs] [Times: user=0.01 sys=0.00, real=0.01 secs] 
2014-07-09T01:43:12.440+0000: 3415.902: [GC [PSYoungGen: 680388K->160K(655616K)] 882988K->202784K(1342592K), 0.0049360 secs] [Times: user=0.01 sys=0.00, real=0.00 secs] 
2014-07-09T01:43:13.897+0000: 3417.359: [GC [PSYoungGen: 655584K->320K(632256K)] 858208K->203024K(1319232K), 0.0102610 secs] [Times: user=0.03 sys=0.00, real=0.01 secs] 
2014-07-09T01:43:15.294+0000: 3418.756: [GC [PSYoungGen: 632256K->384K(609920K)] 834960K->203144K(1296896K), 0.0074140 secs] [Times: user=0.01 sys=0.00, real=0.01 secs] 
2014-07-09T01:43:16.644+0000: 3420.106: [GC [PSYoungGen: 609920K->306K(588480K)] 812680K->203122K(1275456K), 0.0125670 secs] [Times: user=0.05 sys=0.00, real=0.01 secs] 
2014-07-09T01:43:17.948+0000: 3421.410: [GC [PSYoungGen: 588466K->192K(567936K)] 791282K->203056K(1254912K), 0.0123260 secs] [Times: user=0.04 sys=0.00, real=0.01 secs] 
2014-07-09T01:43:19.203+0000: 3422.665: [GC [PSYoungGen: 567936K->224K(548480K)] 770800K->203136K(1235456K), 0.0106930 secs] [Times: user=0.03 sys=0.00, real=0.01 secs] 
2014-07-09T01:43:20.419+0000: 3423.881: [GC [PSYoungGen: 548448K->242K(658176K)] 751360K->203194K(1345152K), 0.0358430 secs] [Times: user=0.12 sys=0.00, real=0.04 secs] 
2014-07-09T01:43:21.868+0000: 3425.331: [GC [PSYoungGen: 658162K->256K(789760K)] 861114K->203248K(1476736K), 0.0185550 secs] [Times: user=0.04 sys=0.00, real=0.02 secs] 
2014-07-09T01:43:23.625+0000: 3427.088: [GC [PSYoungGen: 789754K->416K(947904K)] 992747K->203480K(1634880K), 0.0080780 secs] [Times: user=0.02 sys=0.00, real=0.01 secs] 
2014-07-09T01:43:25.725+0000: 3429.187: [GC [PSYoungGen: 947872K->242K(910528K)] 1150936K->203370K(1597504K), 0.0043140 secs] [Times: user=0.01 sys=0.00, real=0.00 secs] 
2014-07-09T01:43:27.742+0000: 3431.204: [GC [PSYoungGen: 910514K->320K(875136K)] 1113642K->203504K(1562112K), 0.0247790 secs] [Times: user=0.09 sys=0.00, real=0.03 secs] 
2014-07-09T01:43:29.678+0000: 3433.140: [GC [PSYoungGen: 875136K->452K(841600K)] 1078320K->203700K(1528576K), 0.0043590 secs] [Times: user=0.01 sys=0.00, real=0.00 secs] 
2014-07-09T01:43:31.529+0000: 3434.991: [GC [PSYoungGen: 841540K->224K(809216K)] 1044788K->203528K(1496192K), 0.0100180 secs] [Times: user=0.04 sys=0.00, real=0.01 secs] 
2014-07-09T01:43:33.329+0000: 3436.792: [GC [PSYoungGen: 809164K->420K(778752K)] 1012469K->203836K(1465728K), 0.0110760 secs] [Times: user=0.05 sys=0.00, real=0.01 secs] 
2014-07-09T01:43:35.048+0000: 3438.510: [GC [PSYoungGen: 778724K->370K(749504K)] 982140K->203866K(1436480K), 0.0207670 secs] [Times: user=0.07 sys=0.00, real=0.02 secs] 
2014-07-09T01:43:36.714+0000: 3440.176: [GC [PSYoungGen: 749422K->288K(721600K)] 952918K->203864K(1408576K), 0.0133690 secs] [Times: user=0.05 sys=0.00, real=0.01 secs] 
2014-07-09T01:43:38.307+0000: 3441.769: [GC [PSYoungGen: 721566K->548K(866112K)] 925143K->204180K(1553088K), 0.0455760 secs] [Times: user=0.16 sys=0.00, real=0.04 secs] 
2014-07-09T01:43:40.228+0000: 3443.691: [GC [PSYoungGen: 866084K->310K(1038976K)] 1069716K->204014K(1725952K), 0.0220340 secs] [Times: user=0.08 sys=0.00, real=0.02 secs] 
2014-07-09T01:43:42.520+0000: 3445.983: [GC [PSYoungGen: 1038966K->612K(1247040K)] 1242670K->204348K(1934016K), 0.0195260 secs] [Times: user=0.07 sys=0.00, real=0.02 secs] 
2014-07-09T01:43:45.281+0000: 3448.743: [GC [PSYoungGen: 1247012K->384K(1496064K)] 1450748K->204304K(2183040K), 0.0240790 secs] [Times: user=0.09 sys=0.00, real=0.03 secs] 
2014-07-09T01:43:48.582+0000: 3452.044: [GC [PSYoungGen: 1496064K->388K(1432384K)] 1699984K->204396K(2119360K), 0.0087900 secs] [Times: user=0.03 sys=0.00, real=0.01 secs] 
2014-07-09T01:43:51.726+0000: 3455.189: [GC [PSYoungGen: 1432324K->448K(1371712K)] 1636332K->204528K(2058688K), 0.0052860 secs] [Times: user=0.01 sys=0.00, real=0.00 secs] 
2014-07-09T01:43:54.763+0000: 3458.225: [GC [PSYoungGen: 1371712K->690K(1314304K)] 1575792K->204834K(2001280K), 0.0175100 secs] [Times: user=0.06 sys=0.00, real=0.02 secs] 
2014-07-09T01:43:57.658+0000: 3461.121: [GC [PSYoungGen: 1314290K->320K(1259072K)] 1518434K->204584K(1946048K), 0.0141080 secs] [Times: user=0.05 sys=0.00, real=0.01 secs] 
2014-07-09T01:44:00.426+0000: 3463.889: [GC [PSYoungGen: 1259072K->160K(1206720K)] 1463336K->204496K(1893696K), 0.0234060 secs] [Times: user=0.08 sys=0.00, real=0.03 secs] 
2014-07-09T01:44:03.088+0000: 3466.550: [GC [PSYoungGen: 1206688K->160K(1157056K)] 1411024K->204536K(1844032K), 0.0056000 secs] [Times: user=0.01 sys=0.00, real=0.01 secs] 
2014-07-09T01:44:05.651+0000: 3469.113: [GC [PSYoungGen: 1157023K->320K(1109888K)] 1361399K->204800K(1796864K), 0.0161480 secs] [Times: user=0.06 sys=0.00, real=0.01 secs] 
2014-07-09T01:44:08.097+0000: 3471.559: [GC [PSYoungGen: 1109814K->324K(1064960K)] 1314294K->204860K(1751936K), 0.0300140 secs] [Times: user=0.11 sys=0.00, real=0.03 secs] 
2014-07-09T01:44:10.461+0000: 3473.923: [GC [PSYoungGen: 1064900K->498K(1022272K)] 1269436K->205114K(1709248K), 0.0120710 secs] [Times: user=0.05 sys=0.00, real=0.01 secs] 
2014-07-09T01:44:12.725+0000: 3476.188: [GC [PSYoungGen: 1022258K->480K(981504K)] 1226874K->205176K(1668480K), 0.0192260 secs] [Times: user=0.06 sys=0.01, real=0.02 secs] 
2014-07-09T01:44:14.895+0000: 3478.358: [GC [PSYoungGen: 981468K->420K(942656K)] 1186165K->205204K(1629632K), 0.0152330 secs] [Times: user=0.06 sys=0.00, real=0.02 secs] 
2014-07-09T01:44:16.984+0000: 3480.447: [GC [PSYoungGen: 942628K->466K(905792K)] 1147412K->205330K(1592768K), 0.0137350 secs] [Times: user=0.05 sys=0.00, real=0.01 secs] 
2014-07-09T01:44:18.993+0000: 3482.456: [GC [PSYoungGen: 905746K->544K(870656K)] 1110610K->205488K(1557632K), 0.0070720 secs] [Times: user=0.01 sys=0.00, real=0.01 secs] 
2014-07-09T01:44:20.917+0000: 3484.379: [GC [PSYoungGen: 870624K->192K(836736K)] 1075568K->205176K(1523712K), 0.0166810 secs] [Times: user=0.05 sys=0.00, real=0.02 secs] 
2014-07-09T01:44:22.768+0000: 3486.230: [GC [PSYoungGen: 836730K->516K(805184K)] 1041715K->205572K(1492160K), 0.0188440 secs] [Times: user=0.06 sys=0.00, real=0.02 secs] 
2014-07-09T01:44:24.548+0000: 3488.011: [GC [PSYoungGen: 805124K->224K(774400K)] 1010180K->205368K(1461376K), 0.0074080 secs] [Times: user=0.03 sys=0.00, real=0.01 secs] 
2014-07-09T01:44:26.259+0000: 3489.721: [GC [PSYoungGen: 774368K->256K(745408K)] 979512K->205440K(1432384K), 0.0076080 secs] [Times: user=0.02 sys=0.00, real=0.01 secs] 
2014-07-09T01:44:27.917+0000: 3491.379: [GC [PSYoungGen: 745382K->292K(717824K)] 950566K->205532K(1404800K), 0.0148590 secs] [Times: user=0.05 sys=0.00, real=0.01 secs] 
2014-07-09T01:44:29.504+0000: 3492.966: [GC [PSYoungGen: 717703K->420K(691584K)] 922943K->205700K(1378560K), 0.0086790 secs] [Times: user=0.03 sys=0.00, real=0.01 secs] 
2014-07-09T01:44:31.033+0000: 3494.496: [GC [PSYoungGen: 691556K->224K(666240K)] 896836K->205536K(1353216K), 0.0052780 secs] [Times: user=0.01 sys=0.00, real=0.00 secs] 
2014-07-09T01:44:32.502+0000: 3495.964: [GC [PSYoungGen: 666208K->320K(642304K)] 871520K->205664K(1329280K), 0.0054820 secs] [Times: user=0.01 sys=0.00, real=0.00 secs] 
2014-07-09T01:44:33.925+0000: 3497.387: [GC [PSYoungGen: 642304K->224K(619392K)] 847648K->205648K(1306368K), 0.0099400 secs] [Times: user=0.02 sys=0.00, real=0.01 secs] 
2014-07-09T01:44:35.287+0000: 3498.749: [GC [PSYoungGen: 619360K->260K(597632K)] 824784K->205740K(1284608K), 0.0116050 secs] [Times: user=0.05 sys=0.00, real=0.01 secs] 
2014-07-09T01:44:36.612+0000: 3500.074: [GC [PSYoungGen: 597572K->256K(576768K)] 803052K->205776K(1263744K), 0.0072720 secs] [Times: user=0.03 sys=0.00, real=0.01 secs] 
2014-07-09T01:44:37.889+0000: 3501.351: [GC [PSYoungGen: 576766K->320K(556928K)] 782287K->205896K(1243904K), 0.0175290 secs] [Times: user=0.06 sys=0.00, real=0.02 secs] 
2014-07-09T01:44:39.118+0000: 3502.580: [GC [PSYoungGen: 556858K->356K(537984K)] 762435K->205988K(1224960K), 0.0095650 secs] [Times: user=0.03 sys=0.00, real=0.01 secs] 
2014-07-09T01:44:40.310+0000: 3503.773: [GC [PSYoungGen: 537956K->256K(645376K)] 743588K->205920K(1332352K), 0.0239090 secs] [Times: user=0.08 sys=0.00, real=0.03 secs] 
2014-07-09T01:44:41.733+0000: 3505.196: [GC [PSYoungGen: 645376K->384K(774528K)] 851040K->206104K(1461504K), 0.0127470 secs] [Times: user=0.04 sys=0.00, real=0.02 secs] 
2014-07-09T01:44:43.451+0000: 3506.913: [GC [PSYoungGen: 774528K->384K(745536K)] 980248K->206144K(1432512K), 0.0132410 secs] [Times: user=0.03 sys=0.00, real=0.02 secs] 
2014-07-09T01:44:45.103+0000: 3508.565: [GC [PSYoungGen: 745507K->420K(717952K)] 951267K->206276K(1404928K), 0.0119160 secs] [Times: user=0.04 sys=0.00, real=0.02 secs] 
2014-07-09T01:44:46.685+0000: 3510.148: [GC [PSYoungGen: 717924K->288K(691456K)] 923780K->206200K(1378432K), 0.0155290 secs] [Times: user=0.06 sys=0.00, real=0.01 secs] 
2014-07-09T01:44:48.217+0000: 3511.679: [GC [PSYoungGen: 691424K->288K(666304K)] 897336K->206240K(1353280K), 0.0069240 secs] [Times: user=0.01 sys=0.00, real=0.00 secs] 
2014-07-09T01:44:49.691+0000: 3513.154: [GC [PSYoungGen: 666272K->338K(642368K)] 872224K->206330K(1329344K), 0.0132080 secs] [Times: user=0.04 sys=0.00, real=0.01 secs] 
2014-07-09T01:44:51.114+0000: 3514.576: [GC [PSYoungGen: 642322K->338K(619520K)] 848314K->206354K(1306496K), 0.0044390 secs] [Times: user=0.01 sys=0.00, real=0.01 secs] 
2014-07-09T01:44:52.490+0000: 3515.952: [GC [PSYoungGen: 619474K->374K(597696K)] 825490K->206438K(1284672K), 0.0065800 secs] [Times: user=0.02 sys=0.00, real=0.01 secs] 
2014-07-09T01:44:53.815+0000: 3517.277: [GC [PSYoungGen: 597686K->256K(576768K)] 803750K->206408K(1263744K), 0.0125870 secs] [Times: user=0.04 sys=0.00, real=0.02 secs] 
2014-07-09T01:44:55.094+0000: 3518.557: [GC [PSYoungGen: 576768K->452K(557120K)] 782920K->206652K(1244096K), 0.0163340 secs] [Times: user=0.06 sys=0.00, real=0.02 secs] 
2014-07-09T01:44:56.326+0000: 3519.788: [GC [PSYoungGen: 557060K->224K(537856K)] 763260K->206480K(1224832K), 0.0132800 secs] [Times: user=0.05 sys=0.00, real=0.02 secs] 
2014-07-09T01:44:57.517+0000: 3520.979: [GC [PSYoungGen: 537824K->224K(519744K)] 744080K->206536K(1206720K), 0.0096690 secs] [Times: user=0.02 sys=0.00, real=0.01 secs] 
2014-07-09T01:44:58.676+0000: 3522.139: [GC [PSYoungGen: 519659K->512K(502656K)] 725971K->206880K(1189632K), 0.0059820 secs] [Times: user=0.02 sys=0.00, real=0.00 secs] 
2014-07-09T01:44:59.789+0000: 3523.251: [GC [PSYoungGen: 502656K->160K(485760K)] 709024K->206552K(1172736K), 0.0101360 secs] [Times: user=0.04 sys=0.00, real=0.01 secs] 
2014-07-09T01:45:00.859+0000: 3524.321: [GC [PSYoungGen: 485728K->192K(582912K)] 692120K->206608K(1269888K), 0.0192530 secs] [Times: user=0.06 sys=0.00, real=0.02 secs] 
2014-07-09T01:45:02.156+0000: 3525.618: [GC [PSYoungGen: 582912K->224K(562816K)] 789328K->206664K(1249792K), 0.0043420 secs] [Times: user=0.01 sys=0.00, real=0.01 secs] 
2014-07-09T01:45:03.397+0000: 3526.859: [GC [PSYoungGen: 562696K->452K(543808K)] 769136K->206972K(1230784K), 0.0043230 secs] [Times: user=0.01 sys=0.00, real=0.00 secs] 
2014-07-09T01:45:04.605+0000: 3528.067: [GC [PSYoungGen: 543748K->160K(525120K)] 750268K->206736K(1212096K), 0.0076480 secs] [Times: user=0.02 sys=0.00, real=0.01 secs] 
2014-07-09T01:45:05.765+0000: 3529.227: [GC [PSYoungGen: 525088K->324K(630336K)] 731664K->206940K(1317312K), 0.0259280 secs] [Times: user=0.09 sys=0.00, real=0.03 secs] 
2014-07-09T01:45:07.165+0000: 3530.627: [GC [PSYoungGen: 630267K->566K(756544K)] 836883K->207230K(1443520K), 0.0254430 secs] [Times: user=0.09 sys=0.00, real=0.03 secs] 
2014-07-09T01:45:08.830+0000: 3532.292: [GC [PSYoungGen: 756534K->128K(907328K)] 963198K->206824K(1594304K), 0.0323670 secs] [Times: user=0.12 sys=0.00, real=0.03 secs] 
2014-07-09T01:45:10.832+0000: 3534.294: [GC [PSYoungGen: 907328K->320K(1089344K)] 1114024K->207040K(1776320K), 0.0110800 secs] [Times: user=0.04 sys=0.00, real=0.01 secs] 
2014-07-09T01:45:13.238+0000: 3536.700: [GC [PSYoungGen: 1088960K->320K(1306688K)] 1295680K->207112K(1993664K), 0.0351910 secs] [Times: user=0.12 sys=0.00, real=0.04 secs] 
2014-07-09T01:45:16.119+0000: 3539.582: [GC [PSYoungGen: 1306688K->192K(1502464K)] 1513480K->207064K(2189440K), 0.0146610 secs] [Times: user=0.04 sys=0.00, real=0.01 secs] 
2014-07-09T01:45:19.453+0000: 3542.915: [GC [PSYoungGen: 1502016K->320K(1438080K)] 1708888K->207264K(2125056K), 0.0098980 secs] [Times: user=0.04 sys=0.00, real=0.01 secs] 
2014-07-09T01:45:22.630+0000: 3546.092: [GC [PSYoungGen: 1438080K->288K(1377152K)] 1645024K->207304K(2064128K), 0.0051340 secs] [Times: user=0.01 sys=0.00, real=0.01 secs] 
2014-07-09T01:45:25.687+0000: 3549.149: [GC [PSYoungGen: 1377120K->370K(1319232K)] 1584136K->207482K(2006208K), 0.0119130 secs] [Times: user=0.04 sys=0.01, real=0.01 secs] 
2014-07-09T01:45:28.592+0000: 3552.054: [GC [PSYoungGen: 1319218K->256K(1264000K)] 1526330K->207464K(1950976K), 0.0173300 secs] [Times: user=0.06 sys=0.00, real=0.01 secs] 
2014-07-09T01:45:31.384+0000: 3554.846: [GC [PSYoungGen: 1264000K->320K(1211584K)] 1471208K->207608K(1898560K), 0.0117230 secs] [Times: user=0.04 sys=0.00, real=0.01 secs] 
2014-07-09T01:45:34.063+0000: 3557.525: [GC [PSYoungGen: 1211584K->356K(1161728K)] 1418872K->207684K(1848704K), 0.0121420 secs] [Times: user=0.04 sys=0.00, real=0.01 secs] 
2014-07-09T01:45:36.640+0000: 3560.103: [GC [PSYoungGen: 1161700K->160K(1114048K)] 1369028K->207592K(1801024K), 0.0051700 secs] [Times: user=0.01 sys=0.00, real=0.01 secs] 
2014-07-09T01:45:39.112+0000: 3562.574: [GC [PSYoungGen: 1114016K->416K(1069120K)] 1321448K->207912K(1756096K), 0.0081380 secs] [Times: user=0.03 sys=0.00, real=0.01 secs] 
2014-07-09T01:45:41.464+0000: 3564.926: [GC [PSYoungGen: 1069088K->256K(1025920K)] 1276584K->207816K(1712896K), 0.0137280 secs] [Times: user=0.05 sys=0.00, real=0.01 secs] 
2014-07-09T01:45:43.736+0000: 3567.198: [GC [PSYoungGen: 1025904K->224K(984960K)] 1233464K->207816K(1671936K), 0.0053630 secs] [Times: user=0.02 sys=0.00, real=0.00 secs] 
2014-07-09T01:45:45.919+0000: 3569.381: [GC [PSYoungGen: 984834K->520K(946304K)] 1192427K->208216K(1633280K), 0.0194410 secs] [Times: user=0.06 sys=0.00, real=0.02 secs] 
2014-07-09T01:45:48.011+0000: 3571.473: [GC [PSYoungGen: 946248K->288K(908928K)] 1153944K->208048K(1595904K), 0.0139380 secs] [Times: user=0.04 sys=0.00, real=0.02 secs] 
2014-07-09T01:45:50.021+0000: 3573.483: [GC [PSYoungGen: 908896K->320K(873600K)] 1116656K->208160K(1560576K), 0.0100620 secs] [Times: user=0.04 sys=0.00, real=0.01 secs] 
2014-07-09T01:45:51.963+0000: 3575.426: [GC [PSYoungGen: 873600K->530K(840192K)] 1081440K->208434K(1527168K), 0.0090440 secs] [Times: user=0.02 sys=0.00, real=0.01 secs] 
2014-07-09T01:45:53.818+0000: 3577.280: [GC [PSYoungGen: 840146K->224K(807808K)] 1048050K->208192K(1494784K), 0.0149930 secs] [Times: user=0.05 sys=0.00, real=0.01 secs] 
2014-07-09T01:45:55.600+0000: 3579.063: [GC [PSYoungGen: 807776K->192K(777152K)] 1015744K->208232K(1464128K), 0.0238440 secs] [Times: user=0.09 sys=0.00, real=0.02 secs] 
2014-07-09T01:45:57.315+0000: 3580.778: [GC [PSYoungGen: 777152K->192K(748032K)] 985192K->208288K(1435008K), 0.0039250 secs] [Times: user=0.01 sys=0.00, real=0.00 secs] 
2014-07-09T01:45:58.965+0000: 3582.427: [GC [PSYoungGen: 748032K->416K(720512K)] 956128K->208568K(1407488K), 0.0208110 secs] [Times: user=0.08 sys=0.00, real=0.03 secs] 
2014-07-09T01:46:00.548+0000: 3584.011: [GC [PSYoungGen: 720480K->192K(693760K)] 928632K->208400K(1380736K), 0.0063430 secs] [Times: user=0.01 sys=0.00, real=0.00 secs] 
2014-07-09T01:46:02.086+0000: 3585.548: [GC [PSYoungGen: 693760K->498K(668800K)] 901968K->208738K(1355776K), 0.0060630 secs] [Times: user=0.01 sys=0.00, real=0.00 secs] 
2014-07-09T01:46:03.565+0000: 3587.027: [GC [PSYoungGen: 668786K->224K(802240K)] 877026K->208536K(1489216K), 0.0373420 secs] [Times: user=0.12 sys=0.00, real=0.04 secs] 
2014-07-09T01:46:05.346+0000: 3588.808: [GC [PSYoungGen: 802208K->502K(962944K)] 1010520K->208902K(1649920K), 0.0308370 secs] [Times: user=0.11 sys=0.00, real=0.03 secs] 
2014-07-09T01:46:07.482+0000: 3590.944: [GC [PSYoungGen: 962934K->256K(1155200K)] 1171334K->208704K(1842176K), 0.0415760 secs] [Times: user=0.15 sys=0.00, real=0.04 secs] 
2014-07-09T01:46:10.041+0000: 3593.503: [GC [PSYoungGen: 1155200K->630K(1386624K)] 1363648K->209150K(2073600K), 0.0154510 secs] [Times: user=0.06 sys=0.00, real=0.01 secs] 
2014-07-09T01:46:13.110+0000: 3596.572: [GC [PSYoungGen: 1386614K->416K(1562496K)] 1595134K->209000K(2249472K), 0.0132370 secs] [Times: user=0.03 sys=0.00, real=0.01 secs] 
2014-07-09T01:46:16.578+0000: 3600.040: [GC [PSYoungGen: 1562335K->452K(1495424K)] 1770919K->209140K(2182400K), 0.0061220 secs] [Times: user=0.02 sys=0.00, real=0.01 secs] 
2014-07-09T01:46:19.901+0000: 3603.363: [GC [PSYoungGen: 1495364K->306K(1431488K)] 1704052K->209178K(2118464K), 0.0061830 secs] [Times: user=0.01 sys=0.01, real=0.00 secs] 
2014-07-09T01:46:23.073+0000: 3606.535: [GC [PSYoungGen: 1431474K->448K(1371008K)] 1640346K->209400K(2057984K), 0.0119010 secs] [Times: user=0.04 sys=0.00, real=0.01 secs] 
2014-07-09T01:46:26.093+0000: 3609.556: [GC [PSYoungGen: 1371008K->448K(1313344K)] 1579960K->209528K(2000320K), 0.0090520 secs] [Times: user=0.02 sys=0.00, real=0.01 secs] 
2014-07-09T01:46:29.002+0000: 3612.464: [GC [PSYoungGen: 1313344K->352K(1258432K)] 1522424K->209528K(1945408K), 0.0058390 secs] [Times: user=0.02 sys=0.00, real=0.00 secs] 
2014-07-09T01:46:31.786+0000: 3615.248: [GC [PSYoungGen: 1258398K->416K(1206336K)] 1467574K->209640K(1893312K), 0.0063310 secs] [Times: user=0.02 sys=0.00, real=0.01 secs] 
2014-07-09T01:46:34.459+0000: 3617.921: [GC [PSYoungGen: 1206304K->192K(1156416K)] 1415528K->209464K(1843392K), 0.0042530 secs] [Times: user=0.01 sys=0.00, real=0.01 secs] 
2014-07-09T01:46:37.011+0000: 3620.474: [GC [PSYoungGen: 1156416K->320K(1109312K)] 1365688K->209696K(1796288K), 0.0197570 secs] [Times: user=0.07 sys=0.00, real=0.02 secs] 
2014-07-09T01:46:39.465+0000: 3622.927: [GC [PSYoungGen: 1109312K->470K(1064512K)] 1318688K->209918K(1751488K), 0.0157640 secs] [Times: user=0.05 sys=0.01, real=0.01 secs] 
2014-07-09T01:46:41.875+0000: 3625.337: [GC [PSYoungGen: 1064398K->256K(1021440K)] 1273846K->209776K(1708416K), 0.0138480 secs] [Times: user=0.05 sys=0.00, real=0.01 secs] 
2014-07-09T01:46:46.066+0000: 3629.528: [GC [PSYoungGen: 1021345K->192K(980608K)] 1230865K->209752K(1667584K), 0.0064170 secs] [Times: user=0.02 sys=0.00, real=0.00 secs] 
2014-07-09T01:46:50.747+0000: 3634.209: [GC [PSYoungGen: 980608K->278K(941952K)] 1190168K->209886K(1628928K), 0.0147950 secs] [Times: user=0.05 sys=0.00, real=0.01 secs] 
Heap
 PSYoungGen      total 941952K, used 906993K [0x0000000755560000, 0x00000007b4870000, 0x0000000800000000)
  eden space 941632K, 96% used [0x0000000755560000,0x000000078cad6ca0,0x000000078ecf0000)
  from space 320K, 86% used [0x00000007b4820000,0x00000007b4865820,0x00000007b4870000)
  to   space 640K, 0% used [0x00000007b4730000,0x00000007b4730000,0x00000007b47d0000)
 ParOldGen       total 686976K, used 209608K [0x0000000600000000, 0x0000000629ee0000, 0x0000000755560000)
  object space 686976K, 30% used [0x0000000600000000,0x000000060ccb2190,0x0000000629ee0000)
 PSPermGen       total 21248K, used 11718K [0x00000005f5a00000, 0x00000005f6ec0000, 0x0000000600000000)
  object space 21248K, 55% used [0x00000005f5a00000,0x00000005f6571860,0x00000005f6ec0000)
