2014-07-08T00:36:30.122+0000: 23.672: [GC [PSYoungGen: 257728K->42855K(300608K)] 257728K->72716K(987584K), 0.0794830 secs] [Times: user=0.24 sys=0.04, real=0.08 secs] 
2014-07-08T00:36:31.307+0000: 24.858: [GC [PSYoungGen: 300583K->42858K(300608K)] 330444K->76848K(987584K), 0.0545630 secs] [Times: user=0.18 sys=0.03, real=0.06 secs] 
2014-07-08T00:36:32.498+0000: 26.048: [GC [PSYoungGen: 300586K->42878K(300608K)] 334576K->78733K(987584K), 0.0645120 secs] [Times: user=0.23 sys=0.01, real=0.07 secs] 
2014-07-08T00:36:33.984+0000: 27.534: [GC [PSYoungGen: 300606K->42867K(558336K)] 336461K->78730K(1245312K), 0.0521580 secs] [Times: user=0.18 sys=0.02, real=0.05 secs] 
2014-07-08T00:36:37.126+0000: 30.676: [GC [PSYoungGen: 558323K->42879K(558336K)] 594186K->78903K(1245312K), 0.0698830 secs] [Times: user=0.25 sys=0.03, real=0.07 secs] 
2014-07-08T00:36:39.915+0000: 33.465: [GC [PSYoungGen: 558303K->42573K(1100608K)] 594327K->78606K(1787584K), 0.0647560 secs] [Times: user=0.24 sys=0.02, real=0.06 secs] 
2014-07-08T00:36:44.009+0000: 37.559: [GC [PSYoungGen: 1073483K->2850K(1102528K)] 1109516K->78824K(1789504K), 0.0570050 secs] [Times: user=0.20 sys=0.03, real=0.06 secs] 
2014-07-08T00:36:47.851+0000: 41.402: [GC [PSYoungGen: 1033762K->1898K(2136832K)] 1109736K->78764K(2823808K), 0.0185380 secs] [Times: user=0.07 sys=0.00, real=0.02 secs] 
2014-07-08T00:36:55.742+0000: 49.292: [GC [PSYoungGen: 2060074K->1748K(2140480K)] 2136940K->79025K(2827456K), 0.0161430 secs] [Times: user=0.06 sys=0.00, real=0.02 secs] 
2014-07-08T00:37:04.755+0000: 58.305: [GC [PSYoungGen: 2059880K->1695K(2711424K)] 2137157K->79319K(3398400K), 0.0150480 secs] [Times: user=0.05 sys=0.00, real=0.01 secs] 
2014-07-08T00:37:16.554+0000: 70.104: [GC [PSYoungGen: 2629151K->1286K(2509184K)] 2706775K->79400K(3196160K), 0.0173410 secs] [Times: user=0.05 sys=0.01, real=0.02 secs] 
2014-07-08T00:37:27.757+0000: 81.307: [GC [PSYoungGen: 2509126K->1595K(2395776K)] 2587240K->79916K(3082752K), 0.0107670 secs] [Times: user=0.04 sys=0.00, real=0.01 secs] 
2014-07-08T00:37:38.449+0000: 91.999: [GC [PSYoungGen: 2395771K->1172K(2368832K)] 2474092K->79669K(3055808K), 0.0042640 secs] [Times: user=0.01 sys=0.00, real=0.01 secs] 
2014-07-08T00:37:48.720+0000: 102.270: [GC [PSYoungGen: 2287316K->1236K(2184704K)] 2365813K->79909K(2871680K), 0.0139900 secs] [Times: user=0.03 sys=0.00, real=0.02 secs] 
2014-07-08T00:37:58.501+0000: 112.052: [GC [PSYoungGen: 2184660K->1396K(2164544K)] 2263333K->80261K(2851520K), 0.0151430 secs] [Times: user=0.05 sys=0.01, real=0.02 secs] 
2014-07-08T00:38:07.874+0000: 121.424: [GC [PSYoungGen: 2087220K->1304K(1994368K)] 2166085K->80376K(2681344K), 0.0307430 secs] [Times: user=0.06 sys=0.00, real=0.04 secs] 
2014-07-08T00:38:16.812+0000: 130.362: [GC [PSYoungGen: 1994328K->1300K(1978176K)] 2073400K->80556K(2665152K), 0.0091650 secs] [Times: user=0.04 sys=0.01, real=0.01 secs] 
2014-07-08T00:38:25.433+0000: 138.984: [GC [PSYoungGen: 1906132K->1204K(1822208K)] 1985388K->80652K(2509184K), 0.0205040 secs] [Times: user=0.04 sys=0.01, real=0.02 secs] 
2014-07-08T00:38:33.655+0000: 147.205: [GC [PSYoungGen: 1822196K->1172K(1808448K)] 1901644K->80772K(2495424K), 0.0051310 secs] [Times: user=0.01 sys=0.00, real=0.01 secs] 
2014-07-08T00:38:41.467+0000: 155.017: [GC [PSYoungGen: 1742420K->1204K(1666688K)] 1822020K->80956K(2353664K), 0.0171650 secs] [Times: user=0.04 sys=0.01, real=0.02 secs] 
2014-07-08T00:38:49.035+0000: 162.585: [GC [PSYoungGen: 1666650K->1375K(1654208K)] 1746402K->81271K(2341184K), 0.0107670 secs] [Times: user=0.04 sys=0.00, real=0.01 secs] 
2014-07-08T00:38:56.221+0000: 169.772: [GC [PSYoungGen: 1594777K->1805K(1526720K)] 1674674K->81806K(2213696K), 0.0119410 secs] [Times: user=0.02 sys=0.00, real=0.01 secs] 
2014-07-08T00:39:03.086+0000: 176.636: [GC [PSYoungGen: 1526669K->1172K(1513984K)] 1606670K->81324K(2200960K), 0.0044880 secs] [Times: user=0.00 sys=0.00, real=0.00 secs] 
2014-07-08T00:39:09.640+0000: 183.190: [GC [PSYoungGen: 1460820K->1236K(1398912K)] 1540972K->81555K(2085888K), 0.0110110 secs] [Times: user=0.01 sys=0.01, real=0.01 secs] 
2014-07-08T00:39:15.863+0000: 189.413: [GC [PSYoungGen: 1398868K->1325K(1387008K)] 1479187K->81708K(2073984K), 0.0038670 secs] [Times: user=0.01 sys=0.00, real=0.01 secs] 
2014-07-08T00:39:21.886+0000: 195.436: [GC [PSYoungGen: 1340013K->1176K(1283776K)] 1420396K->81719K(1970752K), 0.0181920 secs] [Times: user=0.03 sys=0.00, real=0.01 secs] 
2014-07-08T00:39:27.667+0000: 201.218: [GC [PSYoungGen: 1283736K->1300K(1271872K)] 1364279K->81971K(1958848K), 0.0077510 secs] [Times: user=0.03 sys=0.00, real=0.00 secs] 
2014-07-08T00:39:33.186+0000: 206.736: [GC [PSYoungGen: 1230484K->1332K(1179776K)] 1311155K->82090K(1866752K), 0.0174280 secs] [Times: user=0.04 sys=0.00, real=0.02 secs] 
2014-07-08T00:39:38.483+0000: 212.034: [GC [PSYoungGen: 1179742K->1545K(1167552K)] 1260501K->82463K(1854528K), 0.0194160 secs] [Times: user=0.06 sys=0.00, real=0.02 secs] 
2014-07-08T00:39:43.554+0000: 217.104: [GC [PSYoungGen: 1131657K->1172K(1085376K)] 1212575K->82146K(1772352K), 0.0137520 secs] [Times: user=0.03 sys=0.01, real=0.01 secs] 
2014-07-08T00:39:48.457+0000: 222.008: [GC [PSYoungGen: 1085332K->1190K(1073088K)] 1166306K->82316K(1760064K), 0.0036220 secs] [Times: user=0.01 sys=0.00, real=0.01 secs] 
2014-07-08T00:39:53.166+0000: 226.716: [GC [PSYoungGen: 1041547K->1548K(1000320K)] 1122674K->82747K(1687296K), 0.0151930 secs] [Times: user=0.05 sys=0.01, real=0.02 secs] 
2014-07-08T00:39:57.714+0000: 231.265: [GC [PSYoungGen: 1000268K->1208K(987456K)] 1081467K->82526K(1674432K), 0.0055050 secs] [Times: user=0.02 sys=0.00, real=0.00 secs] 
2014-07-08T00:40:02.073+0000: 235.623: [GC [PSYoungGen: 960248K->1108K(922432K)] 1041566K->82482K(1609408K), 0.0120880 secs] [Times: user=0.03 sys=0.00, real=0.01 secs] 
2014-07-08T00:40:06.220+0000: 239.770: [GC [PSYoungGen: 922388K->1452K(910016K)] 1003762K->82963K(1596992K), 0.0106160 secs] [Times: user=0.03 sys=0.00, real=0.01 secs] 
2014-07-08T00:40:10.251+0000: 243.801: [GC [PSYoungGen: 886764K->1012K(852096K)] 968275K->82578K(1539072K), 0.0068340 secs] [Times: user=0.02 sys=0.00, real=0.01 secs] 
2014-07-08T00:40:14.103+0000: 247.653: [GC [PSYoungGen: 852084K->1172K(839872K)] 933650K->82786K(1526848K), 0.0031320 secs] [Times: user=0.01 sys=0.00, real=0.00 secs] 
2014-07-08T00:40:17.777+0000: 251.328: [GC [PSYoungGen: 819604K->1481K(788864K)] 901218K->83223K(1475840K), 0.0054050 secs] [Times: user=0.01 sys=0.00, real=0.00 secs] 
2014-07-08T00:40:21.369+0000: 254.920: [GC [PSYoungGen: 788759K->1012K(758720K)] 870502K->82794K(1445696K), 0.0048480 secs] [Times: user=0.01 sys=0.01, real=0.01 secs] 
2014-07-08T00:40:24.793+0000: 258.344: [GC [PSYoungGen: 758688K->1378K(730880K)] 840470K->83273K(1417856K), 0.0080850 secs] [Times: user=0.02 sys=0.01, real=0.01 secs] 
2014-07-08T00:40:28.069+0000: 261.619: [GC [PSYoungGen: 730850K->980K(703552K)] 812745K->82938K(1390528K), 0.0037610 secs] [Times: user=0.01 sys=0.00, real=0.00 secs] 
2014-07-08T00:40:31.230+0000: 264.781: [GC [PSYoungGen: 703508K->1062K(677952K)] 785466K->83052K(1364928K), 0.0053460 secs] [Times: user=0.01 sys=0.00, real=0.00 secs] 
2014-07-08T00:40:34.313+0000: 267.863: [GC [PSYoungGen: 677926K->1200K(653632K)] 759916K->83263K(1340608K), 0.0061840 secs] [Times: user=0.01 sys=0.00, real=0.01 secs] 
2014-07-08T00:40:37.254+0000: 270.804: [GC [PSYoungGen: 653616K->980K(630080K)] 735679K->83098K(1317056K), 0.0042450 secs] [Times: user=0.01 sys=0.00, real=0.01 secs] 
2014-07-08T00:40:40.099+0000: 273.649: [GC [PSYoungGen: 630036K->1012K(607808K)] 712154K->83170K(1294784K), 0.0133390 secs] [Times: user=0.04 sys=0.00, real=0.01 secs] 
2014-07-08T00:40:42.860+0000: 276.411: [GC [PSYoungGen: 607796K->1172K(586752K)] 689954K->83402K(1273728K), 0.0083600 secs] [Times: user=0.03 sys=0.00, real=0.01 secs] 
2014-07-08T00:40:45.503+0000: 279.054: [GC [PSYoungGen: 586707K->1250K(566528K)] 668937K->83608K(1253504K), 0.0064500 secs] [Times: user=0.02 sys=0.00, real=0.01 secs] 
2014-07-08T00:40:48.039+0000: 281.590: [GC [PSYoungGen: 566498K->1513K(547392K)] 648856K->83903K(1234368K), 0.0045610 secs] [Times: user=0.01 sys=0.00, real=0.00 secs] 
2014-07-08T00:40:50.497+0000: 284.048: [GC [PSYoungGen: 547369K->1484K(528896K)] 629759K->83923K(1215872K), 0.0051580 secs] [Times: user=0.00 sys=0.00, real=0.01 secs] 
2014-07-08T00:40:52.880+0000: 286.430: [GC [PSYoungGen: 528820K->1044K(510784K)] 611259K->83530K(1197760K), 0.0108920 secs] [Times: user=0.04 sys=0.00, real=0.01 secs] 
2014-07-08T00:40:55.191+0000: 288.742: [GC [PSYoungGen: 510740K->1136K(493952K)] 593226K->83703K(1180928K), 0.0038820 secs] [Times: user=0.01 sys=0.00, real=0.00 secs] 
2014-07-08T00:40:57.419+0000: 290.969: [GC [PSYoungGen: 493936K->1133K(477824K)] 576503K->83715K(1164800K), 0.0045530 secs] [Times: user=0.01 sys=0.00, real=0.01 secs] 
2014-07-08T00:40:59.573+0000: 293.123: [GC [PSYoungGen: 477805K->1162K(462464K)] 560387K->83776K(1149440K), 0.0045860 secs] [Times: user=0.01 sys=0.00, real=0.00 secs] 
2014-07-08T00:41:01.610+0000: 295.161: [GC [PSYoungGen: 462385K->1108K(447616K)] 545000K->83762K(1134592K), 0.0137530 secs] [Times: user=0.04 sys=0.00, real=0.01 secs] 
2014-07-08T00:41:03.645+0000: 297.195: [GC [PSYoungGen: 447572K->1424K(433792K)] 530226K->84174K(1120768K), 0.0216180 secs] [Times: user=0.07 sys=0.01, real=0.02 secs] 
2014-07-08T00:41:05.599+0000: 299.149: [GC [PSYoungGen: 433744K->1364K(420224K)] 516494K->84162K(1107200K), 0.0143700 secs] [Times: user=0.04 sys=0.00, real=0.02 secs] 
2014-07-08T00:41:07.474+0000: 301.024: [GC [PSYoungGen: 420153K->980K(406912K)] 502951K->83810K(1093888K), 0.0131150 secs] [Times: user=0.03 sys=0.00, real=0.01 secs] 
2014-07-08T00:41:09.289+0000: 302.839: [GC [PSYoungGen: 406868K->980K(394560K)] 489698K->83834K(1081536K), 0.0037940 secs] [Times: user=0.01 sys=0.00, real=0.01 secs] 
2014-07-08T00:41:11.082+0000: 304.632: [GC [PSYoungGen: 394499K->1264K(382976K)] 477354K->84159K(1069952K), 0.0143720 secs] [Times: user=0.05 sys=0.00, real=0.01 secs] 
2014-07-08T00:41:12.817+0000: 306.367: [GC [PSYoungGen: 382960K->1094K(371456K)] 465855K->84084K(1058432K), 0.0052740 secs] [Times: user=0.02 sys=0.00, real=0.01 secs] 
2014-07-08T00:41:14.520+0000: 308.071: [GC [PSYoungGen: 371373K->1204K(360640K)] 454363K->84258K(1047616K), 0.0079410 secs] [Times: user=0.02 sys=0.00, real=0.01 secs] 
2014-07-08T00:41:16.129+0000: 309.680: [GC [PSYoungGen: 360628K->980K(350016K)] 443682K->84066K(1036992K), 0.0047160 secs] [Times: user=0.01 sys=0.00, real=0.01 secs] 
2014-07-08T00:41:17.705+0000: 311.255: [GC [PSYoungGen: 349972K->1324K(340352K)] 433058K->84435K(1027328K), 0.0116760 secs] [Times: user=0.04 sys=0.00, real=0.01 secs] 
2014-07-08T00:41:19.241+0000: 312.791: [GC [PSYoungGen: 340332K->1165K(330624K)] 423443K->84307K(1017600K), 0.0097350 secs] [Times: user=0.04 sys=0.00, real=0.01 secs] 
2014-07-08T00:41:20.708+0000: 314.258: [GC [PSYoungGen: 330555K->1172K(321408K)] 413698K->84330K(1008384K), 0.0059780 secs] [Times: user=0.01 sys=0.00, real=0.01 secs] 
2014-07-08T00:41:22.146+0000: 315.696: [GC [PSYoungGen: 321357K->1346K(312768K)] 404516K->84592K(999744K), 0.0225980 secs] [Times: user=0.08 sys=0.00, real=0.02 secs] 
2014-07-08T00:41:23.568+0000: 317.118: [GC [PSYoungGen: 312706K->980K(303872K)] 395952K->84290K(990848K), 0.0041900 secs] [Times: user=0.00 sys=0.01, real=0.00 secs] 
2014-07-08T00:41:24.934+0000: 318.484: [GC [PSYoungGen: 303828K->1108K(295872K)] 387138K->84458K(982848K), 0.0028250 secs] [Times: user=0.01 sys=0.00, real=0.01 secs] 
2014-07-08T00:41:26.291+0000: 319.841: [GC [PSYoungGen: 295803K->1332K(288256K)] 379153K->84698K(975232K), 0.0051120 secs] [Times: user=0.01 sys=0.00, real=0.01 secs] 
2014-07-08T00:41:27.581+0000: 321.132: [GC [PSYoungGen: 288244K->980K(280384K)] 371610K->84354K(967360K), 0.0051780 secs] [Times: user=0.00 sys=0.00, real=0.01 secs] 
2014-07-08T00:41:28.861+0000: 322.411: [GC [PSYoungGen: 280340K->948K(273088K)] 363714K->84354K(960064K), 0.0068470 secs] [Times: user=0.03 sys=0.00, real=0.01 secs] 
2014-07-08T00:41:30.096+0000: 323.647: [GC [PSYoungGen: 273076K->1215K(266368K)] 356482K->84661K(953344K), 0.0049020 secs] [Times: user=0.01 sys=0.00, real=0.00 secs] 
2014-07-08T00:41:31.293+0000: 324.843: [GC [PSYoungGen: 266333K->1467K(259904K)] 349780K->84946K(946880K), 0.0066560 secs] [Times: user=0.02 sys=0.00, real=0.01 secs] 
2014-07-08T00:41:32.465+0000: 326.015: [GC [PSYoungGen: 259899K->1012K(252992K)] 343378K->84570K(939968K), 0.0050180 secs] [Times: user=0.01 sys=0.00, real=0.01 secs] 
2014-07-08T00:41:33.612+0000: 327.163: [GC [PSYoungGen: 252968K->1204K(246976K)] 336526K->84842K(933952K), 0.0056530 secs] [Times: user=0.01 sys=0.00, real=0.01 secs] 
2014-07-08T00:41:34.738+0000: 328.288: [GC [PSYoungGen: 246964K->1208K(241024K)] 330602K->84886K(928000K), 0.0053350 secs] [Times: user=0.02 sys=0.00, real=0.00 secs] 
2014-07-08T00:41:35.843+0000: 329.394: [GC [PSYoungGen: 240984K->1012K(235072K)] 324662K->84730K(922048K), 0.0053960 secs] [Times: user=0.02 sys=0.00, real=0.01 secs] 
2014-07-08T00:41:36.890+0000: 330.440: [GC [PSYoungGen: 235058K->948K(229440K)] 318777K->84682K(916416K), 0.0033120 secs] [Times: user=0.01 sys=0.00, real=0.00 secs] 
2014-07-08T00:41:37.905+0000: 331.455: [GC [PSYoungGen: 229366K->1521K(224704K)] 313101K->85296K(911680K), 0.0038960 secs] [Times: user=0.01 sys=0.00, real=0.01 secs] 
2014-07-08T00:41:38.906+0000: 332.457: [GC [PSYoungGen: 224689K->1200K(219264K)] 308464K->85007K(906240K), 0.0064110 secs] [Times: user=0.02 sys=0.00, real=0.00 secs] 
2014-07-08T00:41:39.900+0000: 333.450: [GC [PSYoungGen: 219248K->1190K(214272K)] 303055K->85028K(901248K), 0.0104940 secs] [Times: user=0.04 sys=0.00, real=0.01 secs] 
2014-07-08T00:41:40.860+0000: 334.410: [GC [PSYoungGen: 214246K->1044K(209344K)] 298084K->84914K(896320K), 0.0083010 secs] [Times: user=0.03 sys=0.00, real=0.01 secs] 
2014-07-08T00:41:41.824+0000: 335.374: [GC [PSYoungGen: 209300K->1172K(204864K)] 293170K->85138K(891840K), 0.0075020 secs] [Times: user=0.02 sys=0.00, real=0.01 secs] 
2014-07-08T00:41:42.743+0000: 336.293: [GC [PSYoungGen: 204820K->1044K(200256K)] 288786K->85074K(887232K), 0.0050710 secs] [Times: user=0.01 sys=0.00, real=0.01 secs] 
2014-07-08T00:41:43.656+0000: 337.206: [GC [PSYoungGen: 200184K->998K(195904K)] 284215K->85052K(882880K), 0.0048040 secs] [Times: user=0.01 sys=0.01, real=0.01 secs] 
2014-07-08T00:41:44.562+0000: 338.112: [GC [PSYoungGen: 195859K->1030K(191808K)] 279914K->85100K(878784K), 0.0041470 secs] [Times: user=0.01 sys=0.00, real=0.00 secs] 
2014-07-08T00:41:45.428+0000: 338.978: [GC [PSYoungGen: 191750K->1168K(187904K)] 275820K->85271K(874880K), 0.0041240 secs] [Times: user=0.01 sys=0.00, real=0.00 secs] 
2014-07-08T00:41:46.276+0000: 339.826: [GC [PSYoungGen: 187810K->948K(183744K)] 271912K->85058K(870720K), 0.0061970 secs] [Times: user=0.01 sys=0.00, real=0.01 secs] 
2014-07-08T00:41:47.098+0000: 340.649: [GC [PSYoungGen: 183732K->1012K(180032K)] 267842K->85162K(867008K), 0.0072830 secs] [Times: user=0.02 sys=0.00, real=0.00 secs] 
2014-07-08T00:41:47.923+0000: 341.474: [GC [PSYoungGen: 180015K->1222K(176640K)] 264165K->85404K(863616K), 0.0033780 secs] [Times: user=0.01 sys=0.00, real=0.00 secs] 
2014-07-08T00:41:48.721+0000: 342.272: [GC [PSYoungGen: 176582K->948K(172800K)] 260764K->85146K(859776K), 0.0049070 secs] [Times: user=0.01 sys=0.00, real=0.00 secs] 
2014-07-08T00:41:49.503+0000: 343.054: [GC [PSYoungGen: 172788K->1012K(169472K)] 256986K->85226K(856448K), 0.0051180 secs] [Times: user=0.01 sys=0.00, real=0.01 secs] 
2014-07-08T00:41:50.253+0000: 343.803: [GC [PSYoungGen: 169435K->1197K(166336K)] 253649K->85459K(853312K), 0.0069010 secs] [Times: user=0.03 sys=0.00, real=0.01 secs] 
2014-07-08T00:41:51.005+0000: 344.555: [GC [PSYoungGen: 166317K->890K(162816K)] 250579K->85486K(849792K), 0.0051560 secs] [Times: user=0.02 sys=0.00, real=0.01 secs] 
2014-07-08T00:41:51.731+0000: 345.281: [GC [PSYoungGen: 162810K->1140K(160000K)] 247406K->85816K(846976K), 0.0067460 secs] [Times: user=0.02 sys=0.00, real=0.00 secs] 
2014-07-08T00:41:52.463+0000: 346.014: [GC [PSYoungGen: 159988K->1076K(156928K)] 244664K->85896K(843904K), 0.0070640 secs] [Times: user=0.01 sys=0.00, real=0.01 secs] 
2014-07-08T00:41:53.181+0000: 346.732: [GC [PSYoungGen: 156892K->1172K(154176K)] 241713K->86032K(841152K), 0.0066760 secs] [Times: user=0.02 sys=0.00, real=0.01 secs] 
2014-07-08T00:41:53.883+0000: 347.434: [GC [PSYoungGen: 154099K->802K(150976K)] 238959K->85808K(837952K), 0.0031030 secs] [Times: user=0.01 sys=0.00, real=0.00 secs] 
2014-07-08T00:41:54.557+0000: 348.107: [GC [PSYoungGen: 150946K->1250K(148672K)] 235952K->86289K(835648K), 0.0063610 secs] [Times: user=0.02 sys=0.00, real=0.01 secs] 
2014-07-08T00:41:55.202+0000: 348.752: [GC [PSYoungGen: 148617K->884K(145664K)] 233656K->86148K(832640K), 0.0098990 secs] [Times: user=0.03 sys=0.00, real=0.01 secs] 
2014-07-08T00:41:55.863+0000: 349.414: [GC [PSYoungGen: 145652K->1030K(143296K)] 230916K->86310K(830272K), 0.0063710 secs] [Times: user=0.01 sys=0.00, real=0.01 secs] 
2014-07-08T00:41:56.510+0000: 350.060: [GC [PSYoungGen: 143204K->1019K(140736K)] 228485K->86568K(827712K), 0.0032960 secs] [Times: user=0.01 sys=0.00, real=0.00 secs] 
2014-07-08T00:41:57.131+0000: 350.681: [GC [PSYoungGen: 140729K->1126K(138432K)] 226278K->86722K(825408K), 0.0067910 secs] [Times: user=0.02 sys=0.00, real=0.00 secs] 
2014-07-08T00:41:57.757+0000: 351.307: [GC [PSYoungGen: 138406K->816K(135744K)] 224002K->86802K(822720K), 0.0061590 secs] [Times: user=0.02 sys=0.00, real=0.01 secs] 
2014-07-08T00:41:58.369+0000: 351.919: [GC [PSYoungGen: 135693K->1264K(163200K)] 221680K->87267K(850176K), 0.0112840 secs] [Times: user=0.03 sys=0.00, real=0.02 secs] 
2014-07-08T00:41:59.110+0000: 352.661: [GC [PSYoungGen: 163183K->887K(195200K)] 249185K->87367K(882176K), 0.0230850 secs] [Times: user=0.08 sys=0.00, real=0.02 secs] 
2014-07-08T00:41:59.993+0000: 353.544: [GC [PSYoungGen: 195191K->1222K(234496K)] 281671K->87734K(921472K), 0.0105200 secs] [Times: user=0.03 sys=0.00, real=0.01 secs] 
2014-07-08T00:42:01.055+0000: 354.605: [GC [PSYoungGen: 234408K->948K(280832K)] 320920K->87622K(967808K), 0.0108860 secs] [Times: user=0.04 sys=0.00, real=0.01 secs] 
2014-07-08T00:42:02.355+0000: 355.906: [GC [PSYoungGen: 280820K->1200K(337088K)] 367494K->87930K(1024064K), 0.0074590 secs] [Times: user=0.01 sys=0.00, real=0.01 secs] 
2014-07-08T00:42:03.873+0000: 357.423: [GC [PSYoungGen: 337072K->808K(403904K)] 423802K->87946K(1090880K), 0.0111490 secs] [Times: user=0.04 sys=0.00, real=0.01 secs] 
2014-07-08T00:42:05.703+0000: 359.253: [GC [PSYoungGen: 403835K->980K(391808K)] 490973K->88142K(1078784K), 0.0097120 secs] [Times: user=0.03 sys=0.00, real=0.01 secs] 
2014-07-08T00:42:07.481+0000: 361.031: [GC [PSYoungGen: 391764K->1140K(380224K)] 478926K->88390K(1067200K), 0.0062820 secs] [Times: user=0.02 sys=0.00, real=0.00 secs] 
2014-07-08T00:42:09.222+0000: 362.772: [GC [PSYoungGen: 380212K->1012K(368832K)] 467462K->88302K(1055808K), 0.0258780 secs] [Times: user=0.09 sys=0.00, real=0.02 secs] 
2014-07-08T00:42:10.904+0000: 364.455: [GC [PSYoungGen: 368820K->816K(357888K)] 456110K->88334K(1044864K), 0.0092060 secs] [Times: user=0.03 sys=0.00, real=0.01 secs] 
2014-07-08T00:42:12.546+0000: 366.096: [GC [PSYoungGen: 357872K->1076K(347776K)] 445390K->88674K(1034752K), 0.0098670 secs] [Times: user=0.03 sys=0.00, real=0.01 secs] 
2014-07-08T00:42:14.116+0000: 367.666: [GC [PSYoungGen: 347764K->930K(337728K)] 435362K->88722K(1024704K), 0.0028590 secs] [Times: user=0.01 sys=0.00, real=0.00 secs] 
2014-07-08T00:42:15.665+0000: 369.215: [GC [PSYoungGen: 337698K->1076K(328320K)] 425490K->88900K(1015296K), 0.0040750 secs] [Times: user=0.00 sys=0.00, real=0.00 secs] 
2014-07-08T00:42:17.125+0000: 370.676: [GC [PSYoungGen: 328292K->819K(318912K)] 416117K->88987K(1005888K), 0.0074350 secs] [Times: user=0.03 sys=0.00, real=0.01 secs] 
2014-07-08T00:42:18.565+0000: 372.115: [GC [PSYoungGen: 318899K->1322K(310656K)] 407067K->89522K(997632K), 0.0069040 secs] [Times: user=0.02 sys=0.00, real=0.00 secs] 
2014-07-08T00:42:19.946+0000: 373.497: [GC [PSYoungGen: 310634K->570K(301504K)] 398834K->89386K(988480K), 0.0095490 secs] [Times: user=0.03 sys=0.00, real=0.01 secs] 
2014-07-08T00:42:21.310+0000: 374.860: [GC [PSYoungGen: 301498K->1176K(294080K)] 390314K->90000K(981056K), 0.0067300 secs] [Times: user=0.01 sys=0.00, real=0.01 secs] 
2014-07-08T00:42:22.638+0000: 376.188: [GC [PSYoungGen: 294040K->1072K(286208K)] 382864K->90287K(973184K), 0.0148790 secs] [Times: user=0.05 sys=0.00, real=0.02 secs] 
2014-07-08T00:42:23.938+0000: 377.489: [GC [PSYoungGen: 286186K->1094K(278848K)] 375400K->90380K(965824K), 0.0041560 secs] [Times: user=0.01 sys=0.00, real=0.00 secs] 
2014-07-08T00:42:25.206+0000: 378.756: [GC [PSYoungGen: 278790K->738K(271296K)] 368076K->90274K(958272K), 0.0066750 secs] [Times: user=0.03 sys=0.00, real=0.00 secs] 
2014-07-08T00:42:26.440+0000: 379.990: [GC [PSYoungGen: 271265K->1467K(265088K)] 360802K->91036K(952064K), 0.0082320 secs] [Times: user=0.03 sys=0.00, real=0.01 secs] 
2014-07-08T00:42:27.633+0000: 381.183: [GC [PSYoungGen: 265083K->752K(257728K)] 354652K->90859K(944704K), 0.0061170 secs] [Times: user=0.01 sys=0.00, real=0.01 secs] 
2014-07-08T00:42:28.776+0000: 382.326: [GC [PSYoungGen: 257691K->1283K(251904K)] 347798K->91406K(938880K), 0.0056760 secs] [Times: user=0.01 sys=0.01, real=0.00 secs] 
2014-07-08T00:42:29.903+0000: 383.454: [GC [PSYoungGen: 251843K->1147K(245568K)] 341966K->91400K(932544K), 0.0070520 secs] [Times: user=0.02 sys=0.00, real=0.01 secs] 
2014-07-08T00:42:31.010+0000: 384.560: [GC [PSYoungGen: 245525K->1172K(239744K)] 335778K->91449K(926720K), 0.0072670 secs] [Times: user=0.02 sys=0.00, real=0.01 secs] 
2014-07-08T00:42:32.093+0000: 385.643: [GC [PSYoungGen: 239680K->750K(233600K)] 329957K->91649K(920576K), 0.0236060 secs] [Times: user=0.09 sys=0.00, real=0.03 secs] 
2014-07-08T00:42:33.147+0000: 386.698: [GC [PSYoungGen: 233582K->1525K(228864K)] 324481K->92480K(915840K), 0.0040310 secs] [Times: user=0.01 sys=0.00, real=0.00 secs] 
2014-07-08T00:42:34.178+0000: 387.728: [GC [PSYoungGen: 228853K->802K(222848K)] 319808K->92207K(909824K), 0.0047590 secs] [Times: user=0.01 sys=0.00, real=0.00 secs] 
2014-07-08T00:42:35.171+0000: 388.721: [GC [PSYoungGen: 222817K->1126K(218048K)] 314223K->92563K(905024K), 0.0039090 secs] [Times: user=0.01 sys=0.00, real=0.00 secs] 
2014-07-08T00:42:36.159+0000: 389.710: [GC [PSYoungGen: 218022K->1012K(212992K)] 309459K->92579K(899968K), 0.0041550 secs] [Times: user=0.02 sys=0.00, real=0.00 secs] 
2014-07-08T00:42:37.133+0000: 390.683: [GC [PSYoungGen: 212980K->980K(208256K)] 304547K->92563K(895232K), 0.0035640 secs] [Times: user=0.00 sys=0.00, real=0.01 secs] 
2014-07-08T00:42:38.091+0000: 391.641: [GC [PSYoungGen: 208195K->1179K(203840K)] 299778K->92802K(890816K), 0.0034720 secs] [Times: user=0.01 sys=0.01, real=0.00 secs] 
2014-07-08T00:42:38.993+0000: 392.544: [GC [PSYoungGen: 203803K->1158K(199424K)] 295426K->92805K(886400K), 0.0130040 secs] [Times: user=0.05 sys=0.00, real=0.02 secs] 
2014-07-08T00:42:39.898+0000: 393.448: [GC [PSYoungGen: 199366K->802K(194752K)] 291013K->92651K(881728K), 0.0035790 secs] [Times: user=0.01 sys=0.00, real=0.00 secs] 
2014-07-08T00:42:40.769+0000: 394.320: [GC [PSYoungGen: 194721K->1126K(190912K)] 286570K->92999K(877888K), 0.0108830 secs] [Times: user=0.04 sys=0.00, real=0.01 secs] 
2014-07-08T00:42:41.626+0000: 395.177: [GC [PSYoungGen: 190840K->1130K(186944K)] 282713K->93245K(873920K), 0.0079450 secs] [Times: user=0.03 sys=0.00, real=0.00 secs] 
2014-07-08T00:42:42.467+0000: 396.017: [GC [PSYoungGen: 186922K->1200K(183168K)] 279037K->93371K(870144K), 0.0105110 secs] [Times: user=0.04 sys=0.00, real=0.01 secs] 
2014-07-08T00:42:43.291+0000: 396.842: [GC [PSYoungGen: 183112K->752K(179008K)] 275283K->93191K(865984K), 0.0028760 secs] [Times: user=0.01 sys=0.00, real=0.00 secs] 
2014-07-08T00:42:44.103+0000: 397.653: [GC [PSYoungGen: 178962K->1293K(176000K)] 271401K->93772K(862976K), 0.0042420 secs] [Times: user=0.01 sys=0.00, real=0.01 secs] 
2014-07-08T00:42:44.906+0000: 398.457: [GC [PSYoungGen: 175949K->980K(172160K)] 268428K->93605K(859136K), 0.0032080 secs] [Times: user=0.01 sys=0.00, real=0.00 secs] 
2014-07-08T00:42:45.691+0000: 399.242: [GC [PSYoungGen: 172116K->1222K(169024K)] 264741K->93895K(856000K), 0.0044710 secs] [Times: user=0.02 sys=0.00, real=0.01 secs] 
2014-07-08T00:42:46.446+0000: 399.996: [GC [PSYoungGen: 168962K->829K(165312K)] 261636K->94151K(852288K), 0.0079440 secs] [Times: user=0.03 sys=0.00, real=0.00 secs] 
2014-07-08T00:42:47.184+0000: 400.735: [GC [PSYoungGen: 165308K->1574K(162880K)] 258630K->94944K(849856K), 0.0060290 secs] [Times: user=0.02 sys=0.00, real=0.01 secs] 
2014-07-08T00:42:47.897+0000: 401.447: [GC [PSYoungGen: 162847K->816K(159040K)] 256217K->94520K(846016K), 0.0097240 secs] [Times: user=0.04 sys=0.01, real=0.00 secs] 
2014-07-08T00:42:48.624+0000: 402.174: [GC [PSYoungGen: 159023K->1144K(156352K)] 252727K->94872K(843328K), 0.0087980 secs] [Times: user=0.03 sys=0.00, real=0.01 secs] 
2014-07-08T00:42:49.308+0000: 402.858: [GC [PSYoungGen: 156344K->1136K(187392K)] 250072K->95020K(874368K), 0.0093540 secs] [Times: user=0.03 sys=0.00, real=0.01 secs] 
2014-07-08T00:42:50.134+0000: 403.684: [GC [PSYoungGen: 187374K->1136K(183488K)] 281258K->95036K(870464K), 0.0046470 secs] [Times: user=0.01 sys=0.00, real=0.01 secs] 
2014-07-08T00:42:50.957+0000: 404.508: [GC [PSYoungGen: 183472K->958K(179520K)] 277372K->95052K(866496K), 0.0039060 secs] [Times: user=0.01 sys=0.00, real=0.00 secs] 
2014-07-08T00:42:51.745+0000: 405.295: [GC [PSYoungGen: 179518K->1535K(215808K)] 273612K->95743K(902784K), 0.0135860 secs] [Times: user=0.04 sys=0.00, real=0.02 secs] 
2014-07-08T00:42:52.728+0000: 406.279: [GC [PSYoungGen: 215807K->766K(210240K)] 310015K->95374K(897216K), 0.0078480 secs] [Times: user=0.03 sys=0.00, real=0.00 secs] 
2014-07-08T00:42:53.690+0000: 407.241: [GC [PSYoungGen: 210238K->1332K(252736K)] 304846K->95988K(939712K), 0.0130230 secs] [Times: user=0.05 sys=0.00, real=0.01 secs] 
2014-07-08T00:42:54.831+0000: 408.382: [GC [PSYoungGen: 252715K->948K(246208K)] 347371K->95660K(933184K), 0.0042600 secs] [Times: user=0.01 sys=0.00, real=0.00 secs] 
2014-07-08T00:42:55.960+0000: 409.511: [GC [PSYoungGen: 246196K->1094K(240448K)] 340908K->95846K(927424K), 0.0073540 secs] [Times: user=0.03 sys=0.00, real=0.00 secs] 
2014-07-08T00:42:57.032+0000: 410.582: [GC [PSYoungGen: 240390K->1044K(234624K)] 335142K->95836K(921600K), 0.0060490 secs] [Times: user=0.01 sys=0.00, real=0.00 secs] 
2014-07-08T00:42:58.108+0000: 411.659: [GC [PSYoungGen: 234559K->1044K(229120K)] 329352K->95868K(916096K), 0.0089020 secs] [Times: user=0.03 sys=0.00, real=0.00 secs] 
2014-07-08T00:42:59.146+0000: 412.696: [GC [PSYoungGen: 229076K->1012K(223744K)] 323900K->95868K(910720K), 0.0030900 secs] [Times: user=0.01 sys=0.00, real=0.01 secs] 
2014-07-08T00:43:00.152+0000: 413.702: [GC [PSYoungGen: 223723K->1104K(218752K)] 318579K->95976K(905728K), 0.0037500 secs] [Times: user=0.01 sys=0.01, real=0.00 secs] 
2014-07-08T00:43:01.142+0000: 414.692: [GC [PSYoungGen: 218686K->1062K(213760K)] 313558K->95974K(900736K), 0.0099980 secs] [Times: user=0.03 sys=0.00, real=0.01 secs] 
2014-07-08T00:43:02.105+0000: 415.655: [GC [PSYoungGen: 213652K->1308K(209216K)] 308565K->96300K(896192K), 0.0078090 secs] [Times: user=0.03 sys=0.00, real=0.01 secs] 
2014-07-08T00:43:03.033+0000: 416.583: [GC [PSYoungGen: 209128K->702K(203968K)] 304120K->96133K(890944K), 0.0026700 secs] [Times: user=0.01 sys=0.00, real=0.00 secs] 
2014-07-08T00:43:03.946+0000: 417.496: [GC [PSYoungGen: 203935K->1233K(200064K)] 299366K->96680K(887040K), 0.0038710 secs] [Times: user=0.01 sys=0.00, real=0.01 secs] 
2014-07-08T00:43:04.844+0000: 418.394: [GC [PSYoungGen: 200017K->1136K(195648K)] 295464K->96785K(882624K), 0.0032990 secs] [Times: user=0.01 sys=0.00, real=0.00 secs] 
2014-07-08T00:43:05.718+0000: 419.268: [GC [PSYoungGen: 195608K->1104K(191488K)] 291256K->96777K(878464K), 0.0040540 secs] [Times: user=0.00 sys=0.00, real=0.01 secs] 
2014-07-08T00:43:06.583+0000: 420.133: [GC [PSYoungGen: 191412K->688K(187008K)] 287084K->96770K(873984K), 0.0054710 secs] [Times: user=0.00 sys=0.00, real=0.00 secs] 
2014-07-08T00:43:07.442+0000: 420.992: [GC [PSYoungGen: 186957K->1390K(183808K)] 283039K->97504K(870784K), 0.0047360 secs] [Times: user=0.01 sys=0.00, real=0.00 secs] 
2014-07-08T00:43:08.280+0000: 421.830: [GC [PSYoungGen: 183789K->879K(179520K)] 279904K->97526K(866496K), 0.0057210 secs] [Times: user=0.01 sys=0.00, real=0.01 secs] 
2014-07-08T00:43:09.105+0000: 422.656: [GC [PSYoungGen: 179503K->1212K(176192K)] 276150K->97883K(863168K), 0.0063270 secs] [Times: user=0.02 sys=0.00, real=0.01 secs] 
2014-07-08T00:43:09.899+0000: 423.449: [GC [PSYoungGen: 176151K->1019K(172480K)] 272822K->97954K(859456K), 0.0060980 secs] [Times: user=0.01 sys=0.00, real=0.01 secs] 
2014-07-08T00:43:10.665+0000: 424.215: [GC [PSYoungGen: 172472K->1268K(169344K)] 269407K->98251K(856320K), 0.0063930 secs] [Times: user=0.02 sys=0.00, real=0.01 secs] 
2014-07-08T00:43:11.429+0000: 424.979: [GC [PSYoungGen: 169331K->802K(165632K)] 266314K->98262K(852608K), 0.0048800 secs] [Times: user=0.02 sys=0.00, real=0.01 secs] 
2014-07-08T00:43:12.171+0000: 425.721: [GC [PSYoungGen: 165600K->1461K(163072K)] 263060K->99019K(850048K), 0.0074070 secs] [Times: user=0.02 sys=0.01, real=0.00 secs] 
2014-07-08T00:43:12.901+0000: 426.451: [GC [PSYoungGen: 163061K->816K(194752K)] 260619K->98890K(881728K), 0.0188630 secs] [Times: user=0.06 sys=0.00, real=0.01 secs] 
2014-07-08T00:43:13.787+0000: 427.337: [GC [PSYoungGen: 194736K->1076K(233792K)] 292810K->99198K(920768K), 0.0042500 secs] [Times: user=0.02 sys=0.00, real=0.01 secs] 
2014-07-08T00:43:14.841+0000: 428.392: [GC [PSYoungGen: 233780K->1044K(228288K)] 331902K->99238K(915264K), 0.0072470 secs] [Times: user=0.03 sys=0.00, real=0.00 secs] 
2014-07-08T00:43:15.876+0000: 429.426: [GC [PSYoungGen: 228244K->1140K(223040K)] 326438K->99374K(910016K), 0.0053910 secs] [Times: user=0.02 sys=0.00, real=0.01 secs] 
2014-07-08T00:43:16.876+0000: 430.426: [GC [PSYoungGen: 223028K->980K(217792K)] 321262K->99238K(904768K), 0.0039380 secs] [Times: user=0.01 sys=0.00, real=0.00 secs] 
2014-07-08T00:43:17.864+0000: 431.415: [GC [PSYoungGen: 217717K->980K(212864K)] 315976K->99270K(899840K), 0.0063540 secs] [Times: user=0.02 sys=0.00, real=0.00 secs] 
2014-07-08T00:43:18.831+0000: 432.381: [GC [PSYoungGen: 212785K->1044K(208192K)] 311075K->99374K(895168K), 0.0051710 secs] [Times: user=0.01 sys=0.00, real=0.00 secs] 
2014-07-08T00:43:19.777+0000: 433.327: [GC [PSYoungGen: 208145K->980K(203520K)] 306475K->99342K(890496K), 0.0077140 secs] [Times: user=0.02 sys=0.00, real=0.01 secs] 
2014-07-08T00:43:20.698+0000: 434.248: [GC [PSYoungGen: 203476K->994K(199104K)] 301838K->99510K(886080K), 0.0062500 secs] [Times: user=0.03 sys=0.00, real=0.01 secs] 
2014-07-08T00:43:21.593+0000: 435.144: [GC [PSYoungGen: 199074K->1126K(194944K)] 297590K->99714K(881920K), 0.0113710 secs] [Times: user=0.04 sys=0.00, real=0.01 secs] 
2014-07-08T00:43:22.486+0000: 436.036: [GC [PSYoungGen: 194918K->940K(190656K)] 293506K->100026K(877632K), 0.0040170 secs] [Times: user=0.01 sys=0.00, real=0.00 secs] 
2014-07-08T00:43:23.338+0000: 436.888: [GC [PSYoungGen: 190636K->1442K(187200K)] 289722K->100561K(874176K), 0.0065880 secs] [Times: user=0.01 sys=0.00, real=0.01 secs] 
2014-07-08T00:43:24.202+0000: 437.753: [GC [PSYoungGen: 187158K->688K(182592K)] 286276K->100264K(869568K), 0.0045360 secs] [Times: user=0.01 sys=0.00, real=0.00 secs] 
2014-07-08T00:43:25.032+0000: 438.582: [GC [PSYoungGen: 182529K->1379K(179584K)] 282105K->100996K(866560K), 0.0041120 secs] [Times: user=0.01 sys=0.00, real=0.01 secs] 
2014-07-08T00:43:25.837+0000: 439.387: [GC [PSYoungGen: 179553K->1126K(175744K)] 279169K->101002K(862720K), 0.0111330 secs] [Times: user=0.04 sys=0.00, real=0.01 secs] 
2014-07-08T00:43:26.645+0000: 440.195: [GC [PSYoungGen: 175688K->1339K(210880K)] 275564K->101247K(897856K), 0.0144070 secs] [Times: user=0.05 sys=0.00, real=0.01 secs] 
2014-07-08T00:43:27.613+0000: 441.163: [GC [PSYoungGen: 210872K->880K(205760K)] 310780K->101000K(892736K), 0.0056730 secs] [Times: user=0.01 sys=0.00, real=0.00 secs] 
2014-07-08T00:43:28.541+0000: 442.091: [GC [PSYoungGen: 205744K->1044K(201472K)] 305864K->101180K(888448K), 0.0062160 secs] [Times: user=0.01 sys=0.00, real=0.01 secs] 
2014-07-08T00:43:29.445+0000: 442.995: [GC [PSYoungGen: 201385K->1019K(197056K)] 301522K->101220K(884032K), 0.0052310 secs] [Times: user=0.01 sys=0.00, real=0.00 secs] 
2014-07-08T00:43:30.335+0000: 443.885: [GC [PSYoungGen: 197051K->1502K(193344K)] 297252K->101735K(880320K), 0.0056040 secs] [Times: user=0.01 sys=0.00, real=0.00 secs] 
2014-07-08T00:43:31.189+0000: 444.739: [GC [PSYoungGen: 193243K->702K(188480K)] 293476K->101416K(875456K), 0.0056920 secs] [Times: user=0.01 sys=0.00, real=0.01 secs] 
2014-07-08T00:43:32.037+0000: 445.587: [GC [PSYoungGen: 188478K->1265K(185152K)] 289192K->102027K(872128K), 0.0037870 secs] [Times: user=0.01 sys=0.00, real=0.00 secs] 
2014-07-08T00:43:32.872+0000: 446.422: [GC [PSYoungGen: 185137K->1012K(181120K)] 285899K->102123K(868096K), 0.0087580 secs] [Times: user=0.03 sys=0.00, real=0.01 secs] 
2014-07-08T00:43:33.679+0000: 447.229: [GC [PSYoungGen: 181102K->980K(177472K)] 282213K->102139K(864448K), 0.0070410 secs] [Times: user=0.02 sys=0.00, real=0.01 secs] 
2014-07-08T00:43:34.476+0000: 448.026: [GC [PSYoungGen: 177428K->1292K(174208K)] 278587K->102483K(861184K), 0.0041370 secs] [Times: user=0.01 sys=0.00, real=0.00 secs] 
2014-07-08T00:43:35.273+0000: 448.823: [GC [PSYoungGen: 174155K->1048K(170496K)] 275346K->102255K(857472K), 0.0044900 secs] [Times: user=0.01 sys=0.00, real=0.01 secs] 
2014-07-08T00:43:36.040+0000: 449.590: [GC [PSYoungGen: 170455K->940K(167040K)] 271662K->102310K(854016K), 0.0035880 secs] [Times: user=0.01 sys=0.00, real=0.00 secs] 
2014-07-08T00:43:36.789+0000: 450.339: [GC [PSYoungGen: 167002K->1553K(164480K)] 268372K->102972K(851456K), 0.0121830 secs] [Times: user=0.04 sys=0.00, real=0.01 secs] 
2014-07-08T00:43:37.547+0000: 451.097: [GC [PSYoungGen: 164433K->676K(160448K)] 265852K->103298K(847424K), 0.0052410 secs] [Times: user=0.01 sys=0.01, real=0.00 secs] 
2014-07-08T00:43:38.256+0000: 451.806: [GC [PSYoungGen: 160420K->1454K(158208K)] 263042K->104107K(845184K), 0.0066910 secs] [Times: user=0.03 sys=0.00, real=0.00 secs] 
2014-07-08T00:43:38.946+0000: 452.496: [GC [PSYoungGen: 158189K->1104K(154944K)] 260843K->104136K(841920K), 0.0037510 secs] [Times: user=0.01 sys=0.00, real=0.00 secs] 
2014-07-08T00:43:39.639+0000: 453.190: [GC [PSYoungGen: 154896K->916K(151936K)] 257927K->103955K(838912K), 0.0058790 secs] [Times: user=0.01 sys=0.00, real=0.01 secs] 
2014-07-08T00:43:40.332+0000: 453.882: [GC [PSYoungGen: 151889K->1168K(182400K)] 254928K->104240K(869376K), 0.0155290 secs] [Times: user=0.06 sys=0.00, real=0.02 secs] 
2014-07-08T00:43:41.174+0000: 454.724: [GC [PSYoungGen: 182352K->1484K(179008K)] 285424K->104604K(865984K), 0.0050660 secs] [Times: user=0.02 sys=0.00, real=0.01 secs] 
2014-07-08T00:43:41.981+0000: 455.531: [GC [PSYoungGen: 178956K->1012K(214016K)] 282076K->104211K(900992K), 0.0093240 secs] [Times: user=0.03 sys=0.00, real=0.01 secs] 
2014-07-08T00:43:42.948+0000: 456.498: [GC [PSYoungGen: 214004K->1104K(256768K)] 317203K->104344K(943744K), 0.0228130 secs] [Times: user=0.07 sys=0.00, real=0.02 secs] 
2014-07-08T00:43:44.125+0000: 457.676: [GC [PSYoungGen: 256711K->1240K(308032K)] 359951K->104535K(995008K), 0.0028310 secs] [Times: user=0.01 sys=0.00, real=0.00 secs] 
2014-07-08T00:43:45.536+0000: 459.087: [GC [PSYoungGen: 307992K->1350K(369536K)] 411287K->104661K(1056512K), 0.0124370 secs] [Times: user=0.04 sys=0.00, real=0.01 secs] 
2014-07-08T00:43:47.241+0000: 460.791: [GC [PSYoungGen: 369452K->948K(358272K)] 472763K->104357K(1045248K), 0.0030960 secs] [Times: user=0.01 sys=0.00, real=0.00 secs] 
2014-07-08T00:43:48.865+0000: 462.416: [GC [PSYoungGen: 358216K->1186K(348160K)] 461626K->104628K(1035136K), 0.0034440 secs] [Times: user=0.01 sys=0.00, real=0.01 secs] 
2014-07-08T00:43:50.445+0000: 463.995: [GC [PSYoungGen: 348130K->980K(338048K)] 451572K->104495K(1025024K), 0.0040810 secs] [Times: user=0.01 sys=0.00, real=0.01 secs] 
2014-07-08T00:43:51.977+0000: 465.527: [GC [PSYoungGen: 338004K->1268K(328768K)] 441519K->104832K(1015744K), 0.0065050 secs] [Times: user=0.02 sys=0.00, real=0.00 secs] 
2014-07-08T00:43:53.438+0000: 466.989: [GC [PSYoungGen: 328756K->1065K(319424K)] 432320K->104905K(1006400K), 0.0078530 secs] [Times: user=0.03 sys=0.00, real=0.00 secs] 
2014-07-08T00:43:54.905+0000: 468.455: [GC [PSYoungGen: 319401K->1236K(310848K)] 423241K->105124K(997824K), 0.0142730 secs] [Times: user=0.05 sys=0.00, real=0.02 secs] 
2014-07-08T00:43:56.309+0000: 469.860: [GC [PSYoungGen: 310804K->1022K(302208K)] 414692K->105088K(989184K), 0.0084040 secs] [Times: user=0.02 sys=0.00, real=0.01 secs] 
2014-07-08T00:43:57.668+0000: 471.218: [GC [PSYoungGen: 302206K->1172K(294336K)] 406272K->105286K(981312K), 0.0081550 secs] [Times: user=0.03 sys=0.00, real=0.00 secs] 
2014-07-08T00:43:59.005+0000: 472.555: [GC [PSYoungGen: 294292K->948K(286336K)] 398406K->105110K(973312K), 0.0150420 secs] [Times: user=0.04 sys=0.01, real=0.02 secs] 
2014-07-08T00:44:00.316+0000: 473.866: [GC [PSYoungGen: 286324K->1254K(279168K)] 390486K->105464K(966144K), 0.0066350 secs] [Times: user=0.02 sys=0.00, real=0.01 secs] 
2014-07-08T00:44:01.554+0000: 475.105: [GC [PSYoungGen: 279142K->1012K(271744K)] 383352K->105366K(958720K), 0.0077300 secs] [Times: user=0.02 sys=0.01, real=0.01 secs] 
2014-07-08T00:44:02.775+0000: 476.326: [GC [PSYoungGen: 271732K->1044K(264896K)] 376086K->105462K(951872K), 0.0152920 secs] [Times: user=0.06 sys=0.00, real=0.02 secs] 
2014-07-08T00:44:03.977+0000: 477.528: [GC [PSYoungGen: 264852K->1001K(258176K)] 369270K->105679K(945152K), 0.0077270 secs] [Times: user=0.02 sys=0.00, real=0.01 secs] 
2014-07-08T00:44:05.136+0000: 478.687: [GC [PSYoungGen: 258153K->1012K(251776K)] 362831K->105722K(938752K), 0.0032040 secs] [Times: user=0.01 sys=0.01, real=0.01 secs] 
2014-07-08T00:44:06.273+0000: 479.823: [GC [PSYoungGen: 251763K->948K(245568K)] 356473K->105714K(932544K), 0.0034660 secs] [Times: user=0.01 sys=0.00, real=0.00 secs] 
2014-07-08T00:44:07.363+0000: 480.913: [GC [PSYoungGen: 245534K->1172K(239872K)] 350300K->105994K(926848K), 0.0041960 secs] [Times: user=0.02 sys=0.00, real=0.00 secs] 
2014-07-08T00:44:08.438+0000: 481.988: [GC [PSYoungGen: 239785K->948K(233920K)] 344607K->105786K(920896K), 0.0051210 secs] [Times: user=0.01 sys=0.00, real=0.01 secs] 
2014-07-08T00:44:09.505+0000: 483.056: [GC [PSYoungGen: 233908K->1392K(228864K)] 338746K->106270K(915840K), 0.0071630 secs] [Times: user=0.02 sys=0.00, real=0.01 secs] 
2014-07-08T00:44:10.543+0000: 484.094: [GC [PSYoungGen: 228809K->766K(222912K)] 333686K->106044K(909888K), 0.0078400 secs] [Times: user=0.02 sys=0.00, real=0.01 secs] 
2014-07-08T00:44:11.563+0000: 485.114: [GC [PSYoungGen: 222910K->1140K(218176K)] 328188K->106482K(905152K), 0.0085210 secs] [Times: user=0.02 sys=0.01, real=0.01 secs] 
2014-07-08T00:44:12.546+0000: 486.096: [GC [PSYoungGen: 218164K->1076K(213184K)] 323506K->106546K(900160K), 0.0047960 secs] [Times: user=0.02 sys=0.00, real=0.01 secs] 
2014-07-08T00:44:13.518+0000: 487.069: [GC [PSYoungGen: 213172K->1357K(208768K)] 318642K->106883K(895744K), 0.0074890 secs] [Times: user=0.02 sys=0.00, real=0.01 secs] 
2014-07-08T00:44:14.449+0000: 487.999: [GC [PSYoungGen: 208699K->506K(203264K)] 314225K->106760K(890240K), 0.0100510 secs] [Times: user=0.03 sys=0.01, real=0.01 secs] 
2014-07-08T00:44:15.359+0000: 488.909: [GC [PSYoungGen: 203258K->1294K(199680K)] 309512K->107564K(886656K), 0.0117520 secs] [Times: user=0.04 sys=0.00, real=0.02 secs] 
2014-07-08T00:44:16.254+0000: 489.804: [GC [PSYoungGen: 199604K->1098K(195200K)] 305875K->107738K(882176K), 0.0036020 secs] [Times: user=0.01 sys=0.00, real=0.00 secs] 
2014-07-08T00:44:17.152+0000: 490.703: [GC [PSYoungGen: 195146K->1012K(190912K)] 301786K->107684K(877888K), 0.0070580 secs] [Times: user=0.02 sys=0.01, real=0.00 secs] 
2014-07-08T00:44:18.034+0000: 491.584: [GC [PSYoungGen: 190899K->936K(186880K)] 297572K->108049K(873856K), 0.0116730 secs] [Times: user=0.05 sys=0.00, real=0.02 secs] 
2014-07-08T00:44:18.897+0000: 492.447: [GC [PSYoungGen: 186856K->1126K(183232K)] 293969K->108278K(870208K), 0.0053190 secs] [Times: user=0.02 sys=0.00, real=0.01 secs] 
2014-07-08T00:44:19.714+0000: 493.265: [GC [PSYoungGen: 183206K->1018K(179392K)] 290358K->108467K(866368K), 0.0050330 secs] [Times: user=0.01 sys=0.01, real=0.00 secs] 
2014-07-08T00:44:20.548+0000: 494.098: [GC [PSYoungGen: 179385K->1044K(175872K)] 286834K->108509K(862848K), 0.0117940 secs] [Times: user=0.04 sys=0.00, real=0.01 secs] 
2014-07-08T00:44:21.338+0000: 494.889: [GC [PSYoungGen: 175828K->980K(172288K)] 283293K->108517K(859264K), 0.0042240 secs] [Times: user=0.01 sys=0.00, real=0.01 secs] 
2014-07-08T00:44:22.105+0000: 495.655: [GC [PSYoungGen: 172211K->1201K(169088K)] 279748K->108786K(856064K), 0.0057280 secs] [Times: user=0.01 sys=0.00, real=0.00 secs] 
2014-07-08T00:44:22.855+0000: 496.406: [GC [PSYoungGen: 169073K->890K(165504K)] 276658K->108729K(852480K), 0.0036180 secs] [Times: user=0.01 sys=0.00, real=0.00 secs] 
2014-07-08T00:44:23.615+0000: 497.165: [GC [PSYoungGen: 165464K->1204K(162624K)] 273302K->109083K(849600K), 0.0099300 secs] [Times: user=0.03 sys=0.00, real=0.01 secs] 
2014-07-08T00:44:24.352+0000: 497.903: [GC [PSYoungGen: 162612K->884K(194624K)] 270491K->108875K(881600K), 0.0242780 secs] [Times: user=0.08 sys=0.00, real=0.02 secs] 
2014-07-08T00:44:25.221+0000: 498.771: [GC [PSYoungGen: 194612K->1172K(233728K)] 302603K->109187K(920704K), 0.0209520 secs] [Times: user=0.07 sys=0.00, real=0.02 secs] 
2014-07-08T00:44:26.282+0000: 499.832: [GC [PSYoungGen: 233684K->894K(279936K)] 341699K->109187K(966912K), 0.0053460 secs] [Times: user=0.02 sys=0.00, real=0.01 secs] 
2014-07-08T00:44:27.570+0000: 501.120: [GC [PSYoungGen: 279934K->1158K(336064K)] 388227K->109491K(1023040K), 0.0034120 secs] [Times: user=0.01 sys=0.00, real=0.01 secs] 
2014-07-08T00:44:29.122+0000: 502.673: [GC [PSYoungGen: 336006K->752K(402624K)] 444339K->109387K(1089600K), 0.0275720 secs] [Times: user=0.10 sys=0.00, real=0.02 secs] 
2014-07-08T00:44:30.945+0000: 504.495: [GC [PSYoungGen: 402608K->1108K(483392K)] 511243K->109783K(1170368K), 0.0050890 secs] [Times: user=0.02 sys=0.00, real=0.00 secs] 
2014-07-08T00:44:33.153+0000: 506.703: [GC [PSYoungGen: 483348K->948K(467520K)] 592023K->109807K(1154496K), 0.0069420 secs] [Times: user=0.02 sys=0.00, real=0.01 secs] 
2014-07-08T00:44:35.279+0000: 508.830: [GC [PSYoungGen: 467508K->1296K(452928K)] 576367K->110227K(1139904K), 0.0059230 secs] [Times: user=0.02 sys=0.00, real=0.01 secs] 
2014-07-08T00:44:37.317+0000: 510.867: [GC [PSYoungGen: 452880K->424K(437696K)] 561811K->109951K(1124672K), 0.0101710 secs] [Times: user=0.04 sys=0.00, real=0.01 secs] 
2014-07-08T00:44:39.307+0000: 512.858: [GC [PSYoungGen: 437672K->1276K(424832K)] 547199K->110835K(1111808K), 0.0035980 secs] [Times: user=0.01 sys=0.00, real=0.00 secs] 
2014-07-08T00:44:41.215+0000: 514.765: [GC [PSYoungGen: 424828K->1140K(411584K)] 534387K->111051K(1098560K), 0.0051530 secs] [Times: user=0.02 sys=0.00, real=0.00 secs] 
2014-07-08T00:44:43.085+0000: 516.635: [GC [PSYoungGen: 411572K->1136K(399040K)] 521483K->111119K(1086016K), 0.0058600 secs] [Times: user=0.00 sys=0.00, real=0.00 secs] 
2014-07-08T00:44:44.915+0000: 518.465: [GC [PSYoungGen: 399024K->816K(386688K)] 509007K->110979K(1073664K), 0.0071170 secs] [Times: user=0.01 sys=0.00, real=0.00 secs] 
2014-07-08T00:44:46.649+0000: 520.199: [GC [PSYoungGen: 386672K->1108K(375488K)] 496835K->111311K(1062464K), 0.0120610 secs] [Times: user=0.04 sys=0.00, real=0.01 secs] 
2014-07-08T00:44:48.354+0000: 521.905: [GC [PSYoungGen: 375444K->1147K(364416K)] 485647K->111580K(1051392K), 0.0069040 secs] [Times: user=0.02 sys=0.00, real=0.01 secs] 
2014-07-08T00:44:50.019+0000: 523.570: [GC [PSYoungGen: 364411K->1172K(353856K)] 474844K->111637K(1040832K), 0.0070540 secs] [Times: user=0.02 sys=0.00, real=0.01 secs] 
2014-07-08T00:44:51.635+0000: 525.185: [GC [PSYoungGen: 353782K->752K(343232K)] 464248K->111599K(1030208K), 0.0127200 secs] [Times: user=0.05 sys=0.00, real=0.02 secs] 
2014-07-08T00:44:53.206+0000: 526.756: [GC [PSYoungGen: 343216K->1144K(333888K)] 454063K->112055K(1020864K), 0.0036130 secs] [Times: user=0.01 sys=0.00, real=0.00 secs] 
2014-07-08T00:44:54.709+0000: 528.260: [GC [PSYoungGen: 333880K->1076K(324480K)] 444791K->112263K(1011456K), 0.0072050 secs] [Times: user=0.03 sys=0.00, real=0.01 secs] 
2014-07-08T00:44:56.191+0000: 529.742: [GC [PSYoungGen: 324468K->1012K(315456K)] 435655K->112247K(1002432K), 0.0085660 secs] [Times: user=0.03 sys=0.00, real=0.01 secs] 
2014-07-08T00:44:57.632+0000: 531.182: [GC [PSYoungGen: 315435K->884K(306752K)] 426670K->112618K(993728K), 0.0056150 secs] [Times: user=0.01 sys=0.00, real=0.01 secs] 
2014-07-08T00:44:59.009+0000: 532.560: [GC [PSYoungGen: 306740K->1012K(298624K)] 418474K->112770K(985600K), 0.0035130 secs] [Times: user=0.01 sys=0.00, real=0.00 secs] 
2014-07-08T00:45:00.369+0000: 533.919: [GC [PSYoungGen: 298612K->1200K(290880K)] 410370K->113038K(977856K), 0.0065620 secs] [Times: user=0.01 sys=0.00, real=0.00 secs] 
2014-07-08T00:45:01.712+0000: 535.262: [GC [PSYoungGen: 290864K->1076K(283136K)] 402702K->112938K(970112K), 0.0041990 secs] [Times: user=0.01 sys=0.00, real=0.00 secs] 
2014-07-08T00:45:02.993+0000: 536.544: [GC [PSYoungGen: 283074K->816K(275520K)] 394937K->112956K(962496K), 0.0039440 secs] [Times: user=0.00 sys=0.00, real=0.01 secs] 
2014-07-08T00:45:04.249+0000: 537.799: [GC [PSYoungGen: 275504K->1140K(268800K)] 387644K->113320K(955776K), 0.0081590 secs] [Times: user=0.02 sys=0.00, real=0.01 secs] 
2014-07-08T00:45:05.463+0000: 539.014: [GC [PSYoungGen: 268786K->1125K(262016K)] 380966K->113589K(948992K), 0.0099410 secs] [Times: user=0.04 sys=0.00, real=0.01 secs] 
2014-07-08T00:45:06.658+0000: 540.208: [GC [PSYoungGen: 261989K->1108K(255488K)] 374453K->113604K(942464K), 0.0124660 secs] [Times: user=0.04 sys=0.00, real=0.01 secs] 
2014-07-08T00:45:07.801+0000: 541.351: [GC [PSYoungGen: 255427K->802K(248896K)] 367923K->113532K(935872K), 0.0069930 secs] [Times: user=0.02 sys=0.00, real=0.00 secs] 
2014-07-08T00:45:08.926+0000: 542.476: [GC [PSYoungGen: 248864K->1080K(243072K)] 361595K->113826K(930048K), 0.0045590 secs] [Times: user=0.01 sys=0.00, real=0.01 secs] 
2014-07-08T00:45:10.036+0000: 543.587: [GC [PSYoungGen: 243022K->1197K(237376K)] 355768K->114261K(924352K), 0.0060530 secs] [Times: user=0.02 sys=0.00, real=0.01 secs] 
2014-07-08T00:45:11.115+0000: 544.666: [GC [PSYoungGen: 237357K->1108K(231680K)] 350421K->114188K(918656K), 0.0038530 secs] [Times: user=0.01 sys=0.00, real=0.01 secs] 
2014-07-08T00:45:12.149+0000: 545.699: [GC [PSYoungGen: 231631K->884K(225984K)] 344711K->114222K(912960K), 0.0204140 secs] [Times: user=0.07 sys=0.00, real=0.02 secs] 
2014-07-08T00:45:13.191+0000: 546.741: [GC [PSYoungGen: 225972K->1012K(220928K)] 339310K->114382K(907904K), 0.0094150 secs] [Times: user=0.03 sys=0.00, real=0.01 secs] 
2014-07-08T00:45:14.190+0000: 547.740: [GC [PSYoungGen: 220916K->1012K(215872K)] 334286K->114454K(902848K), 0.0095880 secs] [Times: user=0.04 sys=0.00, real=0.01 secs] 
2014-07-08T00:45:15.174+0000: 548.724: [GC [PSYoungGen: 215860K->916K(210944K)] 329302K->114390K(897920K), 0.0055030 secs] [Times: user=0.01 sys=0.00, real=0.01 secs] 
2014-07-08T00:45:16.128+0000: 549.678: [GC [PSYoungGen: 210900K->1080K(206400K)] 324374K->114570K(893376K), 0.0044980 secs] [Times: user=0.01 sys=0.00, real=0.01 secs] 
2014-07-08T00:45:17.077+0000: 550.627: [GC [PSYoungGen: 206392K->1012K(201792K)] 319882K->114542K(888768K), 0.0066860 secs] [Times: user=0.02 sys=0.00, real=0.01 secs] 
2014-07-08T00:45:17.992+0000: 551.542: [GC [PSYoungGen: 201743K->1012K(197440K)] 315273K->114590K(884416K), 0.0065210 secs] [Times: user=0.02 sys=0.00, real=0.00 secs] 
2014-07-08T00:45:18.890+0000: 552.441: [GC [PSYoungGen: 197428K->1112K(193344K)] 311006K->114722K(880320K), 0.0081830 secs] [Times: user=0.02 sys=0.00, real=0.00 secs] 
2014-07-08T00:45:19.772+0000: 553.322: [GC [PSYoungGen: 193304K->823K(188928K)] 306914K->114745K(875904K), 0.0038230 secs] [Times: user=0.01 sys=0.00, real=0.00 secs] 
2014-07-08T00:45:20.648+0000: 554.198: [GC [PSYoungGen: 188887K->1126K(185344K)] 302810K->115064K(872320K), 0.0118410 secs] [Times: user=0.04 sys=0.00, real=0.01 secs] 
2014-07-08T00:45:21.480+0000: 555.030: [GC [PSYoungGen: 185318K->890K(181312K)] 299256K->115277K(868288K), 0.0105140 secs] [Times: user=0.04 sys=0.00, real=0.01 secs] 
2014-07-08T00:45:22.287+0000: 555.838: [GC [PSYoungGen: 181306K->1044K(217600K)] 295693K->115478K(904576K), 0.0119680 secs] [Times: user=0.04 sys=0.00, real=0.01 secs] 
2014-07-08T00:45:23.254+0000: 556.805: [GC [PSYoungGen: 217556K->1016K(260864K)] 331990K->115570K(947840K), 0.0184240 secs] [Times: user=0.06 sys=0.00, real=0.02 secs] 
2014-07-08T00:45:24.436+0000: 557.986: [GC [PSYoungGen: 260856K->1012K(312832K)] 375410K->115590K(999808K), 0.0088240 secs] [Times: user=0.03 sys=0.00, real=0.01 secs] 
2014-07-08T00:45:25.858+0000: 559.408: [GC [PSYoungGen: 312820K->808K(375040K)] 427398K->115787K(1062016K), 0.0146180 secs] [Times: user=0.05 sys=0.00, real=0.02 secs] 
2014-07-08T00:45:27.554+0000: 561.104: [GC [PSYoungGen: 374993K->1236K(364416K)] 489972K->116246K(1051392K), 0.0106030 secs] [Times: user=0.04 sys=0.00, real=0.01 secs] 
2014-07-08T00:45:29.183+0000: 562.733: [GC [PSYoungGen: 364371K->752K(353344K)] 479382K->116358K(1040320K), 0.0049380 secs] [Times: user=0.01 sys=0.00, real=0.00 secs] 
2014-07-08T00:45:30.782+0000: 564.332: [GC [PSYoungGen: 353312K->1468K(343872K)] 468918K->117411K(1030848K), 0.0091830 secs] [Times: user=0.03 sys=0.00, real=0.00 secs] 
2014-07-08T00:45:32.363+0000: 565.914: [GC [PSYoungGen: 343868K->766K(333440K)] 459811K->117341K(1020416K), 0.0235000 secs] [Times: user=0.08 sys=0.00, real=0.02 secs] 
2014-07-08T00:45:33.885+0000: 567.435: [GC [PSYoungGen: 333438K->1610K(324992K)] 450013K->118316K(1011968K), 0.0083860 secs] [Times: user=0.02 sys=0.00, real=0.01 secs] 
2014-07-08T00:45:35.361+0000: 568.911: [GC [PSYoungGen: 324938K->1076K(315456K)] 441644K->117993K(1002432K), 0.0052300 secs] [Times: user=0.02 sys=0.00, real=0.01 secs] 
2014-07-08T00:45:36.764+0000: 570.315: [GC [PSYoungGen: 315422K->1424K(307264K)] 432339K->118381K(994240K), 0.0081870 secs] [Times: user=0.03 sys=0.00, real=0.01 secs] 
2014-07-08T00:45:38.154+0000: 571.705: [GC [PSYoungGen: 307216K->1012K(298560K)] 424173K->118001K(985536K), 0.0040200 secs] [Times: user=0.01 sys=0.01, real=0.00 secs] 
2014-07-08T00:45:39.489+0000: 573.039: [GC [PSYoungGen: 298548K->1076K(290688K)] 415537K->118105K(977664K), 0.0071840 secs] [Times: user=0.03 sys=0.00, real=0.01 secs] 
2014-07-08T00:45:40.785+0000: 574.335: [GC [PSYoungGen: 290676K->1012K(283008K)] 407705K->118057K(969984K), 0.0050200 secs] [Times: user=0.01 sys=0.00, real=0.00 secs] 
2014-07-08T00:45:42.072+0000: 575.622: [GC [PSYoungGen: 282972K->1474K(276160K)] 400017K->118616K(963136K), 0.0104890 secs] [Times: user=0.04 sys=0.00, real=0.01 secs] 
2014-07-08T00:45:43.336+0000: 576.886: [GC [PSYoungGen: 276098K->1086K(268672K)] 393240K->118334K(955648K), 0.0069970 secs] [Times: user=0.01 sys=0.00, real=0.00 secs] 
2014-07-08T00:45:44.557+0000: 578.107: [GC [PSYoungGen: 268669K->1328K(262144K)] 385917K->118608K(949120K), 0.0068740 secs] [Times: user=0.02 sys=0.00, real=0.01 secs] 
2014-07-08T00:45:45.753+0000: 579.303: [GC [PSYoungGen: 262113K->1204K(255488K)] 379392K->118686K(942464K), 0.0101800 secs] [Times: user=0.03 sys=0.00, real=0.01 secs] 
2014-07-08T00:45:46.871+0000: 580.422: [GC [PSYoungGen: 255433K->1140K(306304K)] 372915K->118653K(993280K), 0.0244510 secs] [Times: user=0.09 sys=0.00, real=0.03 secs] 
2014-07-08T00:45:48.260+0000: 581.810: [GC [PSYoungGen: 306292K->1144K(298048K)] 423805K->118729K(985024K), 0.0051740 secs] [Times: user=0.02 sys=0.00, real=0.01 secs] 
2014-07-08T00:45:49.580+0000: 583.130: [GC [PSYoungGen: 298040K->1062K(290048K)] 415625K->118663K(977024K), 0.0043640 secs] [Times: user=0.01 sys=0.00, real=0.01 secs] 
2014-07-08T00:45:50.872+0000: 584.423: [GC [PSYoungGen: 289994K->1172K(282560K)] 407596K->118821K(969536K), 0.0044650 secs] [Times: user=0.01 sys=0.00, real=0.01 secs] 
2014-07-08T00:45:52.163+0000: 585.714: [GC [PSYoungGen: 282516K->1200K(275264K)] 400165K->118922K(962240K), 0.0040830 secs] [Times: user=0.01 sys=0.00, real=0.01 secs] 
2014-07-08T00:45:53.398+0000: 586.948: [GC [PSYoungGen: 275206K->958K(267968K)] 392927K->119046K(954944K), 0.0041660 secs] [Times: user=0.01 sys=0.00, real=0.00 secs] 
2014-07-08T00:45:54.603+0000: 588.153: [GC [PSYoungGen: 267966K->1094K(261376K)] 386054K->119206K(948352K), 0.0041270 secs] [Times: user=0.01 sys=0.00, real=0.01 secs] 
2014-07-08T00:45:55.776+0000: 589.326: [GC [PSYoungGen: 261312K->1131K(254848K)] 379424K->119605K(941824K), 0.0044690 secs] [Times: user=0.01 sys=0.00, real=0.00 secs] 
2014-07-08T00:45:56.917+0000: 590.467: [GC [PSYoungGen: 254827K->980K(248448K)] 373301K->119470K(935424K), 0.0047390 secs] [Times: user=0.01 sys=0.00, real=0.00 secs] 
2014-07-08T00:45:58.054+0000: 591.605: [GC [PSYoungGen: 248354K->1062K(242496K)] 366844K->119608K(929472K), 0.0120940 secs] [Times: user=0.04 sys=0.00, real=0.02 secs] 
2014-07-08T00:45:59.153+0000: 592.704: [GC [PSYoungGen: 242470K->1158K(236800K)] 361016K->119728K(923776K), 0.0107630 secs] [Times: user=0.04 sys=0.00, real=0.01 secs] 
2014-07-08T00:46:00.203+0000: 593.753: [GC [PSYoungGen: 236705K->1057K(231104K)] 355275K->119849K(918080K), 0.0100810 secs] [Times: user=0.04 sys=0.00, real=0.01 secs] 
2014-07-08T00:46:01.261+0000: 594.811: [GC [PSYoungGen: 231073K->1400K(226048K)] 349865K->120216K(913024K), 0.0044400 secs] [Times: user=0.01 sys=0.00, real=0.00 secs] 
2014-07-08T00:46:02.306+0000: 595.857: [GC [PSYoungGen: 225943K->752K(220224K)] 344759K->120417K(907200K), 0.0072850 secs] [Times: user=0.03 sys=0.00, real=0.00 secs] 
2014-07-08T00:46:03.306+0000: 596.857: [GC [PSYoungGen: 220208K->1503K(216000K)] 339873K->121209K(902976K), 0.0087330 secs] [Times: user=0.03 sys=0.00, real=0.00 secs] 
2014-07-08T00:46:04.298+0000: 597.848: [GC [PSYoungGen: 215962K->1204K(210816K)] 335668K->121473K(897792K), 0.0140580 secs] [Times: user=0.04 sys=0.00, real=0.01 secs] 
2014-07-08T00:46:05.259+0000: 598.809: [GC [PSYoungGen: 210769K->1104K(206080K)] 331038K->121413K(893056K), 0.0040240 secs] [Times: user=0.01 sys=0.00, real=0.00 secs] 
2014-07-08T00:46:06.187+0000: 599.737: [GC [PSYoungGen: 206032K->1154K(201664K)] 326341K->121479K(888640K), 0.0038320 secs] [Times: user=0.01 sys=0.00, real=0.01 secs] 
2014-07-08T00:46:07.110+0000: 600.660: [GC [PSYoungGen: 201602K->1417K(197568K)] 321927K->121766K(884544K), 0.0115390 secs] [Times: user=0.04 sys=0.00, real=0.01 secs] 
2014-07-08T00:46:08.017+0000: 601.568: [GC [PSYoungGen: 197513K->1072K(192960K)] 317862K->121453K(879936K), 0.0089270 secs] [Times: user=0.02 sys=0.00, real=0.00 secs] 
2014-07-08T00:46:08.882+0000: 602.432: [GC [PSYoungGen: 192944K->1030K(188928K)] 313325K->121435K(875904K), 0.0030970 secs] [Times: user=0.00 sys=0.00, real=0.00 secs] 
2014-07-08T00:46:09.722+0000: 603.272: [GC [PSYoungGen: 188860K->1289K(185280K)] 309265K->121710K(872256K), 0.0085040 secs] [Times: user=0.03 sys=0.00, real=0.01 secs] 
2014-07-08T00:46:10.567+0000: 604.117: [GC [PSYoungGen: 185225K->1300K(181504K)] 305646K->121761K(868480K), 0.0069560 secs] [Times: user=0.02 sys=0.00, real=0.00 secs] 
2014-07-08T00:46:11.385+0000: 604.935: [GC [PSYoungGen: 181460K->948K(177472K)] 301921K->121553K(864448K), 0.0072210 secs] [Times: user=0.03 sys=0.00, real=0.01 secs] 
2014-07-08T00:46:12.185+0000: 605.735: [GC [PSYoungGen: 177438K->948K(173888K)] 298043K->121609K(860864K), 0.0088380 secs] [Times: user=0.01 sys=0.00, real=0.01 secs] 
2014-07-08T00:46:12.982+0000: 606.532: [GC [PSYoungGen: 173876K->1232K(170752K)] 294537K->121973K(857728K), 0.0052000 secs] [Times: user=0.02 sys=0.00, real=0.00 secs] 
2014-07-08T00:46:13.733+0000: 607.284: [GC [PSYoungGen: 170669K->1044K(167232K)] 291410K->121833K(854208K), 0.0048850 secs] [Times: user=0.02 sys=0.00, real=0.01 secs] 
2014-07-08T00:46:14.486+0000: 608.036: [GC [PSYoungGen: 167188K->1140K(164096K)] 287977K->122035K(851072K), 0.0059010 secs] [Times: user=0.02 sys=0.00, real=0.01 secs] 
2014-07-08T00:46:15.226+0000: 608.776: [GC [PSYoungGen: 164084K->948K(160768K)] 284979K->121859K(847744K), 0.0039430 secs] [Times: user=0.01 sys=0.00, real=0.01 secs] 
2014-07-08T00:46:15.943+0000: 609.493: [GC [PSYoungGen: 160725K->1158K(158016K)] 281637K->122109K(844992K), 0.0055590 secs] [Times: user=0.02 sys=0.00, real=0.01 secs] 
2014-07-08T00:46:16.654+0000: 610.205: [GC [PSYoungGen: 157958K->1140K(155008K)] 278909K->122131K(841984K), 0.0063040 secs] [Times: user=0.02 sys=0.00, real=0.01 secs] 
2014-07-08T00:46:17.363+0000: 610.913: [GC [PSYoungGen: 154988K->866K(151936K)] 275979K->121939K(838912K), 0.0056710 secs] [Times: user=0.01 sys=0.00, real=0.01 secs] 
2014-07-08T00:46:18.056+0000: 611.606: [GC [PSYoungGen: 151899K->1072K(149376K)] 272972K->122153K(836352K), 0.0070620 secs] [Times: user=0.01 sys=0.00, real=0.01 secs] 
2014-07-08T00:46:18.736+0000: 612.286: [GC [PSYoungGen: 149360K->1197K(146816K)] 270441K->122318K(833792K), 0.0034840 secs] [Times: user=0.01 sys=0.00, real=0.01 secs] 
2014-07-08T00:46:19.404+0000: 612.955: [GC [PSYoungGen: 146797K->1534K(144512K)] 267918K->122769K(831488K), 0.0086740 secs] [Times: user=0.03 sys=0.00, real=0.01 secs] 
2014-07-08T00:46:20.060+0000: 613.610: [GC [PSYoungGen: 144510K->374K(171968K)] 265745K->122255K(858944K), 0.0119280 secs] [Times: user=0.05 sys=0.00, real=0.01 secs] 
2014-07-08T00:46:20.868+0000: 614.418: [GC [PSYoungGen: 171915K->1635K(207616K)] 293796K->123779K(894592K), 0.0076790 secs] [Times: user=0.02 sys=0.00, real=0.01 secs] 
2014-07-08T00:46:21.813+0000: 615.364: [GC [PSYoungGen: 207581K->1144K(248320K)] 329724K->123829K(935296K), 0.0208150 secs] [Times: user=0.07 sys=0.00, real=0.02 secs] 
2014-07-08T00:46:22.949+0000: 616.500: [GC [PSYoungGen: 248312K->948K(297600K)] 370997K->123705K(984576K), 0.0057900 secs] [Times: user=0.01 sys=0.00, real=0.00 secs] 
2014-07-08T00:46:24.316+0000: 617.866: [GC [PSYoungGen: 297549K->1154K(289920K)] 420307K->123936K(976896K), 0.0064160 secs] [Times: user=0.01 sys=0.00, real=0.01 secs] 
2014-07-08T00:46:25.652+0000: 619.202: [GC [PSYoungGen: 289831K->1172K(282304K)] 412613K->123993K(969280K), 0.0035250 secs] [Times: user=0.01 sys=0.00, real=0.00 secs] 
2014-07-08T00:46:26.940+0000: 620.491: [GC [PSYoungGen: 282260K->1012K(274816K)] 405081K->123865K(961792K), 0.0049100 secs] [Times: user=0.01 sys=0.00, real=0.00 secs] 
2014-07-08T00:46:28.178+0000: 621.729: [GC [PSYoungGen: 274804K->1012K(267776K)] 397657K->123889K(954752K), 0.0186590 secs] [Times: user=0.07 sys=0.00, real=0.02 secs] 
2014-07-08T00:46:29.380+0000: 622.930: [GC [PSYoungGen: 267764K->980K(261056K)] 390641K->123873K(948032K), 0.0054560 secs] [Times: user=0.01 sys=0.00, real=0.00 secs] 
2014-07-08T00:46:30.586+0000: 624.137: [GC [PSYoungGen: 261012K->1567K(255104K)] 383905K->124492K(942080K), 0.0077480 secs] [Times: user=0.02 sys=0.00, real=0.01 secs] 
2014-07-08T00:46:31.738+0000: 625.289: [GC [PSYoungGen: 255021K->766K(248000K)] 377946K->123985K(934976K), 0.0105090 secs] [Times: user=0.04 sys=0.00, real=0.01 secs] 
2014-07-08T00:46:32.868+0000: 626.418: [GC [PSYoungGen: 247920K->1183K(242432K)] 371140K->124458K(929408K), 0.0082590 secs] [Times: user=0.02 sys=0.00, real=0.01 secs] 
2014-07-08T00:46:33.951+0000: 627.501: [GC [PSYoungGen: 242399K->980K(236416K)] 365674K->124369K(923392K), 0.0031570 secs] [Times: user=0.00 sys=0.00, real=0.01 secs] 
2014-07-08T00:46:35.017+0000: 628.567: [GC [PSYoungGen: 236371K->1140K(230976K)] 359760K->124577K(917952K), 0.0113450 secs] [Times: user=0.04 sys=0.01, real=0.01 secs] 
2014-07-08T00:46:36.048+0000: 629.598: [GC [PSYoungGen: 230964K->1076K(225536K)] 354401K->124537K(912512K), 0.0060470 secs] [Times: user=0.01 sys=0.00, real=0.01 secs] 
2014-07-08T00:46:37.063+0000: 630.614: [GC [PSYoungGen: 225524K->1076K(220352K)] 348985K->124577K(907328K), 0.0093180 secs] [Times: user=0.03 sys=0.00, real=0.01 secs] 
2014-07-08T00:46:38.045+0000: 631.595: [GC [PSYoungGen: 220340K->948K(215232K)] 343841K->124473K(902208K), 0.0056800 secs] [Times: user=0.02 sys=0.00, real=0.00 secs] 
2014-07-08T00:46:39.028+0000: 632.579: [GC [PSYoungGen: 215220K->1044K(210560K)] 338745K->124601K(897536K), 0.0083600 secs] [Times: user=0.03 sys=0.01, real=0.01 secs] 
2014-07-08T00:46:39.976+0000: 633.527: [GC [PSYoungGen: 210516K->1136K(205952K)] 334073K->124709K(892928K), 0.0038380 secs] [Times: user=0.01 sys=0.00, real=0.00 secs] 
2014-07-08T00:46:40.893+0000: 634.444: [GC [PSYoungGen: 205936K->1012K(201344K)] 329509K->124609K(888320K), 0.0036810 secs] [Times: user=0.01 sys=0.00, real=0.00 secs] 
2014-07-08T00:46:41.822+0000: 635.372: [GC [PSYoungGen: 201332K->948K(196928K)] 324929K->124673K(883904K), 0.0090400 secs] [Times: user=0.02 sys=0.00, real=0.00 secs] 
2014-07-08T00:46:42.701+0000: 636.252: [GC [PSYoungGen: 196916K->1044K(192832K)] 320641K->124809K(879808K), 0.0042630 secs] [Times: user=0.01 sys=0.00, real=0.01 secs] 
2014-07-08T00:46:43.584+0000: 637.135: [GC [PSYoungGen: 192788K->948K(188672K)] 316553K->124801K(875648K), 0.0047050 secs] [Times: user=0.02 sys=0.00, real=0.00 secs] 
2014-07-08T00:46:44.443+0000: 637.994: [GC [PSYoungGen: 188660K->1357K(185216K)] 312513K->125242K(872192K), 0.0069760 secs] [Times: user=0.02 sys=0.00, real=0.00 secs] 
2014-07-08T00:46:45.277+0000: 638.827: [GC [PSYoungGen: 185130K->509K(180544K)] 309015K->125209K(867520K), 0.0032820 secs] [Times: user=0.00 sys=0.00, real=0.00 secs] 
2014-07-08T00:46:46.086+0000: 639.636: [GC [PSYoungGen: 180541K->1529K(177920K)] 305241K->126269K(864896K), 0.0143680 secs] [Times: user=0.05 sys=0.00, real=0.01 secs] 
2014-07-08T00:46:46.890+0000: 640.441: [GC [PSYoungGen: 177913K->1044K(173952K)] 302653K->126188K(860928K), 0.0038560 secs] [Times: user=0.01 sys=0.00, real=0.01 secs] 
2014-07-08T00:46:47.707+0000: 641.257: [GC [PSYoungGen: 173905K->1300K(170752K)] 299050K->126493K(857728K), 0.0056830 secs] [Times: user=0.02 sys=0.00, real=0.00 secs] 
2014-07-08T00:46:48.474+0000: 642.024: [GC [PSYoungGen: 170676K->955K(167040K)] 295869K->126375K(854016K), 0.0032690 secs] [Times: user=0.01 sys=0.00, real=0.00 secs] 
2014-07-08T00:46:49.213+0000: 642.764: [GC [PSYoungGen: 167029K->1165K(164096K)] 292450K->126610K(851072K), 0.0038020 secs] [Times: user=0.01 sys=0.00, real=0.00 secs] 
2014-07-08T00:46:49.978+0000: 643.529: [GC [PSYoungGen: 164045K->1072K(160832K)] 289489K->126800K(847808K), 0.0095850 secs] [Times: user=0.04 sys=0.00, real=0.01 secs] 
2014-07-08T00:46:50.705+0000: 644.255: [GC [PSYoungGen: 160814K->1460K(158208K)] 286543K->127213K(845184K), 0.0041460 secs] [Times: user=0.00 sys=0.00, real=0.00 secs] 
2014-07-08T00:46:51.419+0000: 644.969: [GC [PSYoungGen: 158194K->684K(154496K)] 283947K->126976K(841472K), 0.0066970 secs] [Times: user=0.02 sys=0.01, real=0.01 secs] 
2014-07-08T00:46:52.126+0000: 645.676: [GC [PSYoungGen: 154440K->1265K(152256K)] 280733K->127630K(839232K), 0.0029600 secs] [Times: user=0.01 sys=0.00, real=0.00 secs] 
2014-07-08T00:46:52.804+0000: 646.354: [GC [PSYoungGen: 152241K->1044K(149312K)] 278606K->127481K(836288K), 0.0076910 secs] [Times: user=0.03 sys=0.00, real=0.00 secs] 
2014-07-08T00:46:53.467+0000: 647.018: [GC [PSYoungGen: 149268K->1204K(146752K)] 275705K->127681K(833728K), 0.0089710 secs] [Times: user=0.03 sys=0.00, real=0.01 secs] 
2014-07-08T00:46:54.126+0000: 647.676: [GC [PSYoungGen: 146733K->948K(143872K)] 273209K->127491K(830848K), 0.0037410 secs] [Times: user=0.01 sys=0.00, real=0.00 secs] 
2014-07-08T00:46:54.764+0000: 648.314: [GC [PSYoungGen: 143860K->1076K(141504K)] 270403K->127675K(828480K), 0.0056290 secs] [Times: user=0.02 sys=0.00, real=0.01 secs] 
2014-07-08T00:46:55.422+0000: 648.972: [GC [PSYoungGen: 141492K->1012K(139008K)] 268091K->127651K(825984K), 0.0060430 secs] [Times: user=0.02 sys=0.00, real=0.01 secs] 
2014-07-08T00:46:56.055+0000: 649.605: [GC [PSYoungGen: 138979K->1453K(167104K)] 265618K->128131K(854080K), 0.0096110 secs] [Times: user=0.03 sys=0.00, real=0.01 secs] 
2014-07-08T00:46:56.804+0000: 650.354: [GC [PSYoungGen: 167085K->638K(199424K)] 293763K->127707K(886400K), 0.0080760 secs] [Times: user=0.02 sys=0.00, real=0.01 secs] 
2014-07-08T00:46:57.700+0000: 651.250: [GC [PSYoungGen: 199334K->1479K(240128K)] 326403K->128556K(927104K), 0.0294420 secs] [Times: user=0.10 sys=0.00, real=0.03 secs] 
2014-07-08T00:46:58.805+0000: 652.355: [GC [PSYoungGen: 240047K->1062K(287424K)] 367124K->128517K(974400K), 0.0058500 secs] [Times: user=0.01 sys=0.00, real=0.01 secs] 
2014-07-08T00:47:00.096+0000: 653.646: [GC [PSYoungGen: 287398K->1012K(344640K)] 414853K->128507K(1031616K), 0.0099520 secs] [Times: user=0.03 sys=0.00, real=0.01 secs] 
2014-07-08T00:47:01.640+0000: 655.190: [GC [PSYoungGen: 344628K->1044K(334912K)] 472123K->128571K(1021888K), 0.0046380 secs] [Times: user=0.01 sys=0.01, real=0.00 secs] 
2014-07-08T00:47:03.199+0000: 656.749: [GC [PSYoungGen: 334868K->1140K(401792K)] 462395K->128771K(1088768K), 0.0263450 secs] [Times: user=0.09 sys=0.00, real=0.03 secs] 
2014-07-08T00:47:05.026+0000: 658.576: [GC [PSYoungGen: 401780K->948K(481728K)] 529411K->128619K(1168704K), 0.0218490 secs] [Times: user=0.07 sys=0.00, real=0.03 secs] 
2014-07-08T00:47:07.202+0000: 660.752: [GC [PSYoungGen: 481716K->1350K(466560K)] 609387K->129061K(1153536K), 0.0034110 secs] [Times: user=0.01 sys=0.00, real=0.00 secs] 
2014-07-08T00:47:09.310+0000: 662.861: [GC [PSYoungGen: 466502K->994K(451264K)] 594213K->128803K(1138240K), 0.0064430 secs] [Times: user=0.03 sys=0.00, real=0.01 secs] 
2014-07-08T00:47:11.331+0000: 664.881: [GC [PSYoungGen: 451216K->1535K(437504K)] 579025K->129368K(1124480K), 0.0172490 secs] [Times: user=0.06 sys=0.00, real=0.02 secs] 
2014-07-08T00:47:13.301+0000: 666.851: [GC [PSYoungGen: 437503K->816K(423104K)] 565336K->128917K(1110080K), 0.0148500 secs] [Times: user=0.05 sys=0.00, real=0.01 secs] 
2014-07-08T00:47:15.222+0000: 668.772: [GC [PSYoungGen: 423088K->1062K(410304K)] 551189K->129211K(1097280K), 0.0082470 secs] [Times: user=0.01 sys=0.00, real=0.01 secs] 
2014-07-08T00:47:17.073+0000: 670.624: [GC [PSYoungGen: 410235K->980K(397696K)] 538385K->129217K(1084672K), 0.0094030 secs] [Times: user=0.04 sys=0.00, real=0.01 secs] 
2014-07-08T00:47:18.869+0000: 672.419: [GC [PSYoungGen: 397643K->1630K(386368K)] 525880K->129899K(1073344K), 0.0050630 secs] [Times: user=0.01 sys=0.00, real=0.00 secs] 
2014-07-08T00:47:20.608+0000: 674.159: [GC [PSYoungGen: 386305K->684K(373952K)] 514574K->129305K(1060928K), 0.0066460 secs] [Times: user=0.01 sys=0.00, real=0.00 secs] 
2014-07-08T00:47:22.278+0000: 675.828: [GC [PSYoungGen: 373932K->1244K(363520K)] 502553K->129963K(1050496K), 0.0123010 secs] [Times: user=0.03 sys=0.00, real=0.02 secs] 
2014-07-08T00:47:23.943+0000: 677.494: [GC [PSYoungGen: 363446K->998K(352704K)] 492165K->130045K(1039680K), 0.0043340 secs] [Times: user=0.01 sys=0.00, real=0.00 secs] 
2014-07-08T00:47:25.553+0000: 679.103: [GC [PSYoungGen: 352678K->1012K(342592K)] 481725K->130099K(1029568K), 0.0045250 secs] [Times: user=0.01 sys=0.01, real=0.00 secs] 
2014-07-08T00:47:27.103+0000: 680.653: [GC [PSYoungGen: 342580K->980K(332864K)] 471667K->130091K(1019840K), 0.0039860 secs] [Times: user=0.01 sys=0.00, real=0.00 secs] 
2014-07-08T00:47:28.627+0000: 682.177: [GC [PSYoungGen: 332796K->1211K(323776K)] 461907K->130346K(1010752K), 0.0039000 secs] [Times: user=0.01 sys=0.00, real=0.01 secs] 
2014-07-08T00:47:30.095+0000: 683.645: [GC [PSYoungGen: 323771K->980K(314624K)] 452906K->130155K(1001600K), 0.0078050 secs] [Times: user=0.02 sys=0.00, real=0.01 secs] 
2014-07-08T00:47:31.531+0000: 685.082: [GC [PSYoungGen: 314524K->1635K(306688K)] 443700K->130906K(993664K), 0.0036110 secs] [Times: user=0.01 sys=0.00, real=0.00 secs] 
2014-07-08T00:47:32.924+0000: 686.475: [GC [PSYoungGen: 306654K->702K(297472K)] 435925K->130545K(984448K), 0.0085350 secs] [Times: user=0.01 sys=0.00, real=0.01 secs] 
2014-07-08T00:47:34.259+0000: 687.809: [GC [PSYoungGen: 297469K->1439K(290304K)] 427313K->131331K(977280K), 0.0062300 secs] [Times: user=0.01 sys=0.00, real=0.01 secs] 
2014-07-08T00:47:35.602+0000: 689.152: [GC [PSYoungGen: 290239K->1030K(282304K)] 420131K->131119K(969280K), 0.0063570 secs] [Times: user=0.01 sys=0.00, real=0.00 secs] 
2014-07-08T00:47:36.902+0000: 690.452: [GC [PSYoungGen: 282205K->1062K(275008K)] 412295K->131191K(961984K), 0.0079000 secs] [Times: user=0.02 sys=0.00, real=0.00 secs] 
2014-07-08T00:47:38.128+0000: 691.678: [GC [PSYoungGen: 274982K->1044K(267968K)] 405111K->131213K(954944K), 0.0088140 secs] [Times: user=0.03 sys=0.00, real=0.01 secs] 
2014-07-08T00:47:39.364+0000: 692.914: [GC [PSYoungGen: 267880K->1190K(261312K)] 398049K->131399K(948288K), 0.0122400 secs] [Times: user=0.05 sys=0.00, real=0.01 secs] 
2014-07-08T00:47:40.555+0000: 694.105: [GC [PSYoungGen: 261246K->1200K(254784K)] 391456K->131490K(941760K), 0.0038660 secs] [Times: user=0.01 sys=0.01, real=0.00 secs] 
2014-07-08T00:47:41.700+0000: 695.250: [GC [PSYoungGen: 254750K->1094K(248448K)] 385040K->131447K(935424K), 0.0063750 secs] [Times: user=0.01 sys=0.00, real=0.01 secs] 
2014-07-08T00:47:42.827+0000: 696.377: [GC [PSYoungGen: 248388K->1001K(242304K)] 378742K->131567K(929280K), 0.0046810 secs] [Times: user=0.01 sys=0.00, real=0.01 secs] 
2014-07-08T00:47:43.935+0000: 697.486: [GC [PSYoungGen: 242281K->1222K(236736K)] 372847K->131844K(923712K), 0.0074460 secs] [Times: user=0.01 sys=0.00, real=0.01 secs] 
2014-07-08T00:47:44.997+0000: 698.547: [GC [PSYoungGen: 236678K->930K(230848K)] 367300K->131746K(917824K), 0.0075530 secs] [Times: user=0.02 sys=0.00, real=0.01 secs] 
2014-07-08T00:47:46.052+0000: 699.602: [GC [PSYoungGen: 230818K->1044K(225600K)] 361634K->131892K(912576K), 0.0035640 secs] [Times: user=0.01 sys=0.00, real=0.01 secs] 
2014-07-08T00:47:47.077+0000: 700.628: [GC [PSYoungGen: 225556K->1076K(270528K)] 356404K->132004K(957504K), 0.0292680 secs] [Times: user=0.10 sys=0.00, real=0.03 secs] 
2014-07-08T00:47:48.317+0000: 701.867: [GC [PSYoungGen: 270516K->1172K(263808K)] 401444K->132140K(950784K), 0.0058400 secs] [Times: user=0.02 sys=0.00, real=0.01 secs] 
2014-07-08T00:47:49.502+0000: 703.053: [GC [PSYoungGen: 263764K->802K(315968K)] 394732K->131964K(1002944K), 0.0276600 secs] [Times: user=0.10 sys=0.00, real=0.02 secs] 
2014-07-08T00:47:50.939+0000: 704.489: [GC [PSYoungGen: 315890K->1094K(379328K)] 447052K->132272K(1066304K), 0.0056800 secs] [Times: user=0.01 sys=0.00, real=0.01 secs] 
2014-07-08T00:47:52.676+0000: 706.227: [GC [PSYoungGen: 379270K->1004K(368000K)] 510448K->132718K(1054976K), 0.0064140 secs] [Times: user=0.01 sys=0.00, real=0.01 secs] 
2014-07-08T00:47:54.369+0000: 707.919: [GC [PSYoungGen: 367952K->1062K(357312K)] 499666K->132832K(1044288K), 0.0043790 secs] [Times: user=0.01 sys=0.00, real=0.01 secs] 
2014-07-08T00:47:55.994+0000: 709.545: [GC [PSYoungGen: 357286K->948K(346880K)] 489056K->132774K(1033856K), 0.0041900 secs] [Times: user=0.01 sys=0.00, real=0.00 secs] 
2014-07-08T00:47:57.603+0000: 711.153: [GC [PSYoungGen: 346868K->1296K(337408K)] 478694K->133178K(1024384K), 0.0127250 secs] [Times: user=0.05 sys=0.00, real=0.02 secs] 
2014-07-08T00:47:59.107+0000: 712.658: [GC [PSYoungGen: 337360K->940K(327552K)] 469242K->133193K(1014528K), 0.0033170 secs] [Times: user=0.01 sys=0.00, real=0.00 secs] 
2014-07-08T00:48:00.595+0000: 714.145: [GC [PSYoungGen: 327518K->1368K(318912K)] 459770K->133644K(1005888K), 0.0109010 secs] [Times: user=0.04 sys=0.00, real=0.01 secs] 
2014-07-08T00:48:02.042+0000: 715.592: [GC [PSYoungGen: 318855K->866K(309696K)] 451131K->133532K(996672K), 0.0036290 secs] [Times: user=0.01 sys=0.01, real=0.01 secs] 
2014-07-08T00:48:03.445+0000: 716.995: [GC [PSYoungGen: 309656K->1204K(301632K)] 442322K->133942K(988608K), 0.0090170 secs] [Times: user=0.02 sys=0.00, real=0.00 secs] 
2014-07-08T00:48:04.832+0000: 718.382: [GC [PSYoungGen: 301620K->1139K(293504K)] 434358K->134180K(980480K), 0.0109970 secs] [Times: user=0.04 sys=0.00, real=0.01 secs] 
2014-07-08T00:48:06.169+0000: 719.720: [GC [PSYoungGen: 293491K->1168K(285824K)] 426532K->134265K(972800K), 0.0081180 secs] [Times: user=0.03 sys=0.00, real=0.01 secs] 
2014-07-08T00:48:07.480+0000: 721.031: [GC [PSYoungGen: 285776K->866K(278080K)] 418873K->134229K(965056K), 0.0070330 secs] [Times: user=0.01 sys=0.01, real=0.01 secs] 
2014-07-08T00:48:08.756+0000: 722.306: [GC [PSYoungGen: 278050K->1382K(271424K)] 411413K->134770K(958400K), 0.0105300 secs] [Times: user=0.04 sys=0.00, real=0.01 secs] 
2014-07-08T00:48:09.959+0000: 723.510: [GC [PSYoungGen: 271398K->948K(264128K)] 404786K->134523K(951104K), 0.0147620 secs] [Times: user=0.04 sys=0.01, real=0.01 secs] 
2014-07-08T00:48:11.165+0000: 724.716: [GC [PSYoungGen: 264116K->1388K(257984K)] 397691K->134996K(944960K), 0.0036770 secs] [Times: user=0.02 sys=0.00, real=0.01 secs] 
2014-07-08T00:48:12.322+0000: 725.872: [GC [PSYoungGen: 257964K->884K(251072K)] 391572K->134651K(938048K), 0.0039250 secs] [Times: user=0.01 sys=0.00, real=0.01 secs] 
2014-07-08T00:48:13.463+0000: 727.013: [GC [PSYoungGen: 251060K->1264K(245312K)] 384827K->135088K(932288K), 0.0093400 secs] [Times: user=0.03 sys=0.00, real=0.01 secs] 
2014-07-08T00:48:14.558+0000: 728.109: [GC [PSYoungGen: 245251K->1083K(239232K)] 379075K->135061K(926208K), 0.0119520 secs] [Times: user=0.04 sys=0.00, real=0.01 secs] 
2014-07-08T00:48:15.642+0000: 729.193: [GC [PSYoungGen: 239227K->1076K(233536K)] 373205K->135094K(920512K), 0.0105940 secs] [Times: user=0.03 sys=0.00, real=0.01 secs] 
2014-07-08T00:48:16.701+0000: 730.252: [GC [PSYoungGen: 233516K->1062K(228032K)] 367534K->135168K(915008K), 0.0129490 secs] [Times: user=0.04 sys=0.00, real=0.01 secs] 
2014-07-08T00:48:17.741+0000: 731.291: [GC [PSYoungGen: 227959K->1236K(222912K)] 362064K->135358K(909888K), 0.0081440 secs] [Times: user=0.01 sys=0.00, real=0.01 secs] 
2014-07-08T00:48:18.747+0000: 732.297: [GC [PSYoungGen: 222868K->752K(217280K)] 356990K->135158K(904256K), 0.0065390 secs] [Times: user=0.01 sys=0.00, real=0.01 secs] 
2014-07-08T00:48:19.732+0000: 733.282: [GC [PSYoungGen: 217219K->1180K(212800K)] 351624K->135594K(899776K), 0.0059580 secs] [Times: user=0.01 sys=0.00, real=0.01 secs] 
2014-07-08T00:48:20.694+0000: 734.244: [GC [PSYoungGen: 212745K->1076K(207936K)] 347159K->135654K(894912K), 0.0064700 secs] [Times: user=0.01 sys=0.00, real=0.01 secs] 
2014-07-08T00:48:21.634+0000: 735.184: [GC [PSYoungGen: 207924K->1446K(203776K)] 342502K->136128K(890752K), 0.0082830 secs] [Times: user=0.03 sys=0.00, real=0.01 secs] 
2014-07-08T00:48:22.541+0000: 736.091: [GC [PSYoungGen: 203750K->438K(198336K)] 338432K->135782K(885312K), 0.0129180 secs] [Times: user=0.04 sys=0.00, real=0.01 secs] 
2014-07-08T00:48:23.452+0000: 737.003: [GC [PSYoungGen: 198310K->1585K(195200K)] 333654K->136954K(882176K), 0.0040050 secs] [Times: user=0.00 sys=0.00, real=0.00 secs] 
2014-07-08T00:48:24.342+0000: 737.892: [GC [PSYoungGen: 195185K->1136K(190656K)] 330554K->136832K(877632K), 0.0049340 secs] [Times: user=0.01 sys=0.00, real=0.00 secs] 
2014-07-08T00:48:25.197+0000: 738.748: [GC [PSYoungGen: 190640K->1140K(186688K)] 326336K->136892K(873664K), 0.0055200 secs] [Times: user=0.02 sys=0.00, real=0.01 secs] 
2014-07-08T00:48:26.055+0000: 739.605: [GC [PSYoungGen: 186638K->1080K(182784K)] 322390K->137005K(869760K), 0.0065570 secs] [Times: user=0.01 sys=0.00, real=0.01 secs] 
2014-07-08T00:48:26.872+0000: 740.423: [GC [PSYoungGen: 182776K->1204K(179200K)] 318701K->137185K(866176K), 0.0097630 secs] [Times: user=0.04 sys=0.00, real=0.01 secs] 
2014-07-08T00:48:27.677+0000: 741.227: [GC [PSYoungGen: 179187K->948K(175360K)] 315168K->137073K(862336K), 0.0071250 secs] [Times: user=0.03 sys=0.00, real=0.01 secs] 
2014-07-08T00:48:28.451+0000: 742.001: [GC [PSYoungGen: 175346K->1136K(172096K)] 311472K->137269K(859072K), 0.0070530 secs] [Times: user=0.01 sys=0.00, real=0.01 secs] 
2014-07-08T00:48:29.203+0000: 742.754: [GC [PSYoungGen: 172064K->948K(168512K)] 308197K->137129K(855488K), 0.0097100 secs] [Times: user=0.03 sys=0.00, real=0.01 secs] 
2014-07-08T00:48:29.958+0000: 743.508: [GC [PSYoungGen: 168500K->1200K(202304K)] 304681K->137421K(889280K), 0.0131210 secs] [Times: user=0.04 sys=0.00, real=0.02 secs] 
2014-07-08T00:48:30.944+0000: 744.494: [GC [PSYoungGen: 202288K->958K(242304K)] 338509K->138242K(929280K), 0.0059280 secs] [Times: user=0.01 sys=0.00, real=0.01 secs] 
2014-07-08T00:48:31.990+0000: 745.540: [GC [PSYoungGen: 242302K->1172K(290880K)] 379586K->138528K(977856K), 0.0125560 secs] [Times: user=0.05 sys=0.00, real=0.01 secs] 
2014-07-08T00:48:33.300+0000: 746.851: [GC [PSYoungGen: 290836K->1172K(283264K)] 428192K->138664K(970240K), 0.0064340 secs] [Times: user=0.01 sys=0.00, real=0.00 secs] 
2014-07-08T00:48:34.595+0000: 748.145: [GC [PSYoungGen: 283220K->1424K(276160K)] 420712K->138972K(963136K), 0.0099910 secs] [Times: user=0.04 sys=0.00, real=0.01 secs] 
2014-07-08T00:48:35.842+0000: 749.392: [GC [PSYoungGen: 276111K->816K(268480K)] 413660K->138568K(955456K), 0.0060930 secs] [Times: user=0.02 sys=0.00, real=0.00 secs] 
2014-07-08T00:48:37.062+0000: 750.612: [GC [PSYoungGen: 268464K->1080K(261952K)] 406216K->138864K(948928K), 0.0041670 secs] [Times: user=0.01 sys=0.00, real=0.00 secs] 
2014-07-08T00:48:38.261+0000: 751.812: [GC [PSYoungGen: 261901K->1094K(255488K)] 399685K->139026K(942464K), 0.0106230 secs] [Times: user=0.03 sys=0.00, real=0.01 secs] 
2014-07-08T00:48:39.406+0000: 752.957: [GC [PSYoungGen: 255421K->1080K(249152K)] 393354K->139028K(936128K), 0.0039380 secs] [Times: user=0.01 sys=0.00, real=0.01 secs] 
2014-07-08T00:48:40.552+0000: 754.102: [GC [PSYoungGen: 249144K->1108K(243136K)] 387092K->139072K(930112K), 0.0177440 secs] [Times: user=0.06 sys=0.00, real=0.01 secs] 
2014-07-08T00:48:41.653+0000: 755.203: [GC [PSYoungGen: 243092K->1044K(237248K)] 381056K->139064K(924224K), 0.0128940 secs] [Times: user=0.05 sys=0.00, real=0.01 secs] 
2014-07-08T00:48:42.743+0000: 756.293: [GC [PSYoungGen: 237204K->1140K(284544K)] 375224K->139280K(971520K), 0.0176910 secs] [Times: user=0.06 sys=0.00, real=0.01 secs] 
2014-07-08T00:48:44.032+0000: 757.582: [GC [PSYoungGen: 284532K->1044K(277120K)] 422672K->139240K(964096K), 0.0034380 secs] [Times: user=0.01 sys=0.00, real=0.00 secs] 
2014-07-08T00:48:45.293+0000: 758.843: [GC [PSYoungGen: 277075K->994K(269952K)] 415272K->139288K(956928K), 0.0117690 secs] [Times: user=0.04 sys=0.00, real=0.01 secs] 
2014-07-08T00:48:46.528+0000: 760.078: [GC [PSYoungGen: 269922K->980K(263104K)] 408216K->139298K(950080K), 0.0043510 secs] [Times: user=0.01 sys=0.00, real=0.01 secs] 
2014-07-08T00:48:47.740+0000: 761.291: [GC [PSYoungGen: 263051K->1207K(256704K)] 401370K->139672K(943680K), 0.0088300 secs] [Times: user=0.02 sys=0.00, real=0.01 secs] 
2014-07-08T00:48:48.906+0000: 762.457: [GC [PSYoungGen: 256625K->1289K(250496K)] 395090K->139778K(937472K), 0.0046610 secs] [Times: user=0.01 sys=0.00, real=0.01 secs] 
2014-07-08T00:48:50.036+0000: 763.587: [GC [PSYoungGen: 250415K->702K(243776K)] 388903K->139548K(930752K), 0.0055960 secs] [Times: user=0.02 sys=0.00, real=0.00 secs] 
2014-07-08T00:48:51.140+0000: 764.690: [GC [PSYoungGen: 243770K->1568K(238784K)] 382617K->140479K(925760K), 0.0079110 secs] [Times: user=0.02 sys=0.00, real=0.01 secs] 
2014-07-08T00:48:52.226+0000: 765.777: [GC [PSYoungGen: 238743K->940K(232512K)] 377654K->140431K(919488K), 0.0161660 secs] [Times: user=0.05 sys=0.00, real=0.02 secs] 
2014-07-08T00:48:53.275+0000: 766.825: [GC [PSYoungGen: 232454K->1126K(227264K)] 371945K->140681K(914240K), 0.0034830 secs] [Times: user=0.01 sys=0.00, real=0.00 secs] 
2014-07-08T00:48:54.312+0000: 767.862: [GC [PSYoungGen: 227238K->1264K(272640K)] 366793K->140883K(959616K), 0.0254700 secs] [Times: user=0.09 sys=0.00, real=0.02 secs] 
2014-07-08T00:48:55.557+0000: 769.107: [GC [PSYoungGen: 272623K->1474K(265984K)] 412242K->141133K(952960K), 0.0080390 secs] [Times: user=0.02 sys=0.00, real=0.01 secs] 
2014-07-08T00:48:56.774+0000: 770.325: [GC [PSYoungGen: 265882K->702K(318080K)] 405541K->140647K(1005056K), 0.0130050 secs] [Times: user=0.05 sys=0.00, real=0.01 secs] 
2014-07-08T00:48:58.218+0000: 771.768: [GC [PSYoungGen: 318052K->1236K(309952K)] 457997K->141197K(996928K), 0.0063230 secs] [Times: user=0.01 sys=0.01, real=0.01 secs] 
2014-07-08T00:48:59.612+0000: 773.162: [GC [PSYoungGen: 309908K->1648K(301952K)] 449869K->141757K(988928K), 0.0136700 secs] [Times: user=0.04 sys=0.00, real=0.02 secs] 
2014-07-08T00:49:00.981+0000: 774.532: [GC [PSYoungGen: 301931K->1044K(293312K)] 442040K->141185K(980288K), 0.0081070 secs] [Times: user=0.03 sys=0.00, real=0.01 secs] 
2014-07-08T00:49:02.314+0000: 775.864: [GC [PSYoungGen: 293222K->1022K(285504K)] 433363K->141341K(972480K), 0.0049180 secs] [Times: user=0.01 sys=0.00, real=0.00 secs] 
2014-07-08T00:49:03.626+0000: 777.176: [GC [PSYoungGen: 285502K->1769K(278848K)] 425821K->142192K(965824K), 0.0042170 secs] [Times: user=0.01 sys=0.00, real=0.00 secs] 
2014-07-08T00:49:04.917+0000: 778.467: [GC [PSYoungGen: 278825K->816K(270720K)] 419248K->141589K(957696K), 0.0114610 secs] [Times: user=0.05 sys=0.00, real=0.01 secs] 
2014-07-08T00:49:06.166+0000: 779.717: [GC [PSYoungGen: 270704K->1112K(264192K)] 411477K->141925K(951168K), 0.0087430 secs] [Times: user=0.03 sys=0.00, real=0.01 secs] 
2014-07-08T00:49:07.365+0000: 780.916: [GC [PSYoungGen: 264150K->1218K(257728K)] 404963K->142203K(944704K), 0.0051630 secs] [Times: user=0.01 sys=0.00, real=0.00 secs] 
2014-07-08T00:49:08.511+0000: 782.062: [GC [PSYoungGen: 257666K->1162K(251328K)] 398651K->142179K(938304K), 0.0043240 secs] [Times: user=0.01 sys=0.00, real=0.01 secs] 
2014-07-08T00:49:09.621+0000: 783.172: [GC [PSYoungGen: 251274K->1268K(245248K)] 392291K->142309K(932224K), 0.0074560 secs] [Times: user=0.03 sys=0.00, real=0.01 secs] 
2014-07-08T00:49:10.712+0000: 784.263: [GC [PSYoungGen: 245236K->1204K(239296K)] 386277K->142293K(926272K), 0.0183930 secs] [Times: user=0.05 sys=0.00, real=0.02 secs] 
2014-07-08T00:49:11.790+0000: 785.340: [GC [PSYoungGen: 239284K->1012K(233408K)] 380373K->142197K(920384K), 0.0133340 secs] [Times: user=0.05 sys=0.00, real=0.01 secs] 
2014-07-08T00:49:12.853+0000: 786.403: [GC [PSYoungGen: 233396K->1282K(228224K)] 374581K->142539K(915200K), 0.0113990 secs] [Times: user=0.04 sys=0.00, real=0.01 secs] 
2014-07-08T00:49:13.889+0000: 787.439: [GC [PSYoungGen: 228162K->1150K(273408K)] 369419K->142529K(960384K), 0.0216060 secs] [Times: user=0.07 sys=0.00, real=0.02 secs] 
2014-07-08T00:49:15.125+0000: 788.675: [GC [PSYoungGen: 273394K->1147K(327872K)] 414773K->142566K(1014848K), 0.0095530 secs] [Times: user=0.03 sys=0.00, real=0.00 secs] 
2014-07-08T00:49:16.631+0000: 790.181: [GC [PSYoungGen: 327867K->1086K(318720K)] 469286K->142839K(1005696K), 0.0053290 secs] [Times: user=0.01 sys=0.00, real=0.01 secs] 
2014-07-08T00:49:18.084+0000: 791.635: [GC [PSYoungGen: 318694K->1108K(310080K)] 460447K->142901K(997056K), 0.0052530 secs] [Times: user=0.02 sys=0.00, real=0.01 secs] 
2014-07-08T00:49:19.472+0000: 793.023: [GC [PSYoungGen: 309967K->1080K(301632K)] 451761K->142929K(988608K), 0.0033230 secs] [Times: user=0.01 sys=0.00, real=0.00 secs] 
2014-07-08T00:49:20.852+0000: 794.402: [GC [PSYoungGen: 301615K->1254K(293760K)] 443465K->143135K(980736K), 0.0077130 secs] [Times: user=0.02 sys=0.00, real=0.01 secs] 
2014-07-08T00:49:22.187+0000: 795.737: [GC [PSYoungGen: 293702K->1012K(285760K)] 435584K->143021K(972736K), 0.0109660 secs] [Times: user=0.04 sys=0.00, real=0.02 secs] 
2014-07-08T00:49:23.497+0000: 797.048: [GC [PSYoungGen: 285724K->1321K(278656K)] 427733K->143403K(965632K), 0.0131850 secs] [Times: user=0.04 sys=0.00, real=0.01 secs] 
2014-07-08T00:49:24.776+0000: 798.327: [GC [PSYoungGen: 278592K->884K(271040K)] 420673K->143135K(958016K), 0.0196160 secs] [Times: user=0.06 sys=0.00, real=0.02 secs] 
2014-07-08T00:49:25.997+0000: 799.548: [GC [PSYoungGen: 271028K->1296K(325568K)] 413279K->143619K(1012544K), 0.0193540 secs] [Times: user=0.06 sys=0.00, real=0.01 secs] 
2014-07-08T00:49:27.472+0000: 801.023: [GC [PSYoungGen: 325520K->1019K(316224K)] 467843K->143473K(1003200K), 0.0048220 secs] [Times: user=0.01 sys=0.01, real=0.01 secs] 
2014-07-08T00:49:28.904+0000: 802.454: [GC [PSYoungGen: 316187K->1322K(307904K)] 458640K->143815K(994880K), 0.0033630 secs] [Times: user=0.01 sys=0.00, real=0.00 secs] 
2014-07-08T00:49:30.294+0000: 803.845: [GC [PSYoungGen: 307862K->752K(299008K)] 450356K->143563K(985984K), 0.0113110 secs] [Times: user=0.04 sys=0.00, real=0.01 secs] 
2014-07-08T00:49:31.682+0000: 805.232: [GC [PSYoungGen: 298991K->1478K(291840K)] 441803K->144363K(978816K), 0.0105770 secs] [Times: user=0.04 sys=0.00, real=0.01 secs] 
2014-07-08T00:49:32.977+0000: 806.527: [GC [PSYoungGen: 291780K->816K(283456K)] 434666K->144067K(970432K), 0.0106870 secs] [Times: user=0.03 sys=0.01, real=0.01 secs] 
2014-07-08T00:49:34.242+0000: 807.792: [GC [PSYoungGen: 283405K->1378K(276672K)] 426657K->144686K(963648K), 0.0062510 secs] [Times: user=0.01 sys=0.00, real=0.00 secs] 
2014-07-08T00:49:35.495+0000: 809.046: [GC [PSYoungGen: 276642K->994K(269184K)] 419950K->144399K(956160K), 0.0053210 secs] [Times: user=0.02 sys=0.00, real=0.01 secs] 
2014-07-08T00:49:36.728+0000: 810.278: [GC [PSYoungGen: 269153K->1484K(262912K)] 412559K->144930K(949888K), 0.0051240 secs] [Times: user=0.02 sys=0.00, real=0.01 secs] 
2014-07-08T00:49:37.914+0000: 811.464: [GC [PSYoungGen: 262860K->830K(255680K)] 406306K->144593K(942656K), 0.0052360 secs] [Times: user=0.01 sys=0.01, real=0.01 secs] 
2014-07-08T00:49:39.088+0000: 812.638: [GC [PSYoungGen: 255622K->1297K(249920K)] 399386K->145101K(936896K), 0.0102770 secs] [Times: user=0.03 sys=0.00, real=0.01 secs] 
2014-07-08T00:49:40.222+0000: 813.772: [GC [PSYoungGen: 249873K->1044K(243584K)] 393677K->144996K(930560K), 0.0086750 secs] [Times: user=0.03 sys=0.00, real=0.01 secs] 
2014-07-08T00:49:41.333+0000: 814.883: [GC [PSYoungGen: 243540K->1012K(237696K)] 387492K->144988K(924672K), 0.0066200 secs] [Times: user=0.02 sys=0.00, real=0.01 secs] 
2014-07-08T00:49:42.419+0000: 815.969: [GC [PSYoungGen: 237681K->1108K(232192K)] 381656K->145188K(919168K), 0.0068390 secs] [Times: user=0.01 sys=0.00, real=0.01 secs] 
2014-07-08T00:49:43.482+0000: 817.032: [GC [PSYoungGen: 232148K->1136K(226752K)] 376228K->145272K(913728K), 0.0046110 secs] [Times: user=0.01 sys=0.00, real=0.00 secs] 
2014-07-08T00:49:44.519+0000: 818.069: [GC [PSYoungGen: 226735K->948K(221312K)] 370870K->145190K(908288K), 0.0036360 secs] [Times: user=0.00 sys=0.00, real=0.01 secs] 
2014-07-08T00:49:45.507+0000: 819.057: [GC [PSYoungGen: 221300K->1012K(216320K)] 365542K->145286K(903296K), 0.0080650 secs] [Times: user=0.03 sys=0.00, real=0.01 secs] 
2014-07-08T00:49:46.517+0000: 820.067: [GC [PSYoungGen: 216286K->1158K(211648K)] 360560K->145472K(898624K), 0.0085970 secs] [Times: user=0.03 sys=0.00, real=0.01 secs] 
2014-07-08T00:49:47.475+0000: 821.026: [GC [PSYoungGen: 211588K->980K(206784K)] 355902K->145326K(893760K), 0.0046740 secs] [Times: user=0.01 sys=0.00, real=0.01 secs] 
2014-07-08T00:49:48.420+0000: 821.970: [GC [PSYoungGen: 206740K->866K(202112K)] 351086K->145382K(889088K), 0.0045790 secs] [Times: user=0.01 sys=0.00, real=0.01 secs] 
2014-07-08T00:49:49.327+0000: 822.878: [GC [PSYoungGen: 202082K->1282K(198208K)] 346598K->145822K(885184K), 0.0040290 secs] [Times: user=0.01 sys=0.00, real=0.01 secs] 
2014-07-08T00:49:50.223+0000: 823.774: [GC [PSYoungGen: 198146K->866K(193536K)] 342686K->145674K(880512K), 0.0076470 secs] [Times: user=0.03 sys=0.00, real=0.01 secs] 
2014-07-08T00:49:51.086+0000: 824.637: [GC [PSYoungGen: 193506K->1343K(189888K)] 338314K->146167K(876864K), 0.0088890 secs] [Times: user=0.03 sys=0.00, real=0.01 secs] 
2014-07-08T00:49:51.952+0000: 825.503: [GC [PSYoungGen: 189887K->766K(185344K)] 334711K->146274K(872320K), 0.0093410 secs] [Times: user=0.03 sys=0.00, real=0.01 secs] 
2014-07-08T00:49:52.795+0000: 826.345: [GC [PSYoungGen: 185321K->1350K(222912K)] 330829K->146914K(909888K), 0.0173980 secs] [Times: user=0.07 sys=0.00, real=0.02 secs] 
2014-07-08T00:49:53.812+0000: 827.363: [GC [PSYoungGen: 222854K->1080K(266944K)] 368418K->146928K(953920K), 0.0144340 secs] [Times: user=0.06 sys=0.00, real=0.01 secs] 
2014-07-08T00:49:55.029+0000: 828.579: [GC [PSYoungGen: 266849K->1261K(320320K)] 412697K->147165K(1007296K), 0.0116630 secs] [Times: user=0.04 sys=0.00, real=0.01 secs] 
2014-07-08T00:49:56.483+0000: 830.033: [GC [PSYoungGen: 320300K->980K(311296K)] 466205K->146916K(998272K), 0.0041530 secs] [Times: user=0.01 sys=0.00, real=0.00 secs] 
2014-07-08T00:49:57.909+0000: 831.459: [GC [PSYoungGen: 311251K->1062K(373440K)] 457187K->147022K(1060416K), 0.0309900 secs] [Times: user=0.11 sys=0.00, real=0.03 secs] 
2014-07-08T00:49:59.638+0000: 833.188: [GC [PSYoungGen: 373414K->1150K(448000K)] 519374K->147280K(1134976K), 0.0066380 secs] [Times: user=0.01 sys=0.00, real=0.01 secs] 
2014-07-08T00:50:01.644+0000: 835.194: [GC [PSYoungGen: 447998K->1382K(434112K)] 594128K->147560K(1121088K), 0.0061760 secs] [Times: user=0.01 sys=0.01, real=0.00 secs] 
2014-07-08T00:50:03.628+0000: 837.178: [GC [PSYoungGen: 434063K->676K(419904K)] 580242K->147917K(1106880K), 0.0085540 secs] [Times: user=0.02 sys=0.00, real=0.01 secs] 
2014-07-08T00:50:05.549+0000: 839.100: [GC [PSYoungGen: 419863K->1739K(408064K)] 567104K->149012K(1095040K), 0.0170440 secs] [Times: user=0.06 sys=0.00, real=0.02 secs] 
2014-07-08T00:50:07.388+0000: 840.939: [GC [PSYoungGen: 407979K->1062K(394944K)] 555252K->148885K(1081920K), 0.0166750 secs] [Times: user=0.06 sys=0.00, real=0.02 secs] 
2014-07-08T00:50:09.184+0000: 842.735: [GC [PSYoungGen: 394895K->1226K(383296K)] 542719K->149114K(1070272K), 0.0082000 secs] [Times: user=0.03 sys=0.00, real=0.00 secs] 
2014-07-08T00:50:10.907+0000: 844.457: [GC [PSYoungGen: 383214K->1012K(371648K)] 531101K->148931K(1058624K), 0.0041650 secs] [Times: user=0.01 sys=0.00, real=0.00 secs] 
2014-07-08T00:50:12.610+0000: 846.160: [GC [PSYoungGen: 371636K->1612K(361408K)] 519555K->149612K(1048384K), 0.0317540 secs] [Times: user=0.09 sys=0.00, real=0.03 secs] 
2014-07-08T00:50:14.265+0000: 847.816: [GC [PSYoungGen: 361356K->1078K(350400K)] 509356K->149404K(1037376K), 0.0071990 secs] [Times: user=0.03 sys=0.00, real=0.00 secs] 
2014-07-08T00:50:15.843+0000: 849.393: [GC [PSYoungGen: 350390K->1044K(340352K)] 498716K->149418K(1027328K), 0.0035410 secs] [Times: user=0.01 sys=0.00, real=0.01 secs] 
2014-07-08T00:50:17.387+0000: 850.938: [GC [PSYoungGen: 340294K->1126K(330816K)] 488668K->149564K(1017792K), 0.0236890 secs] [Times: user=0.08 sys=0.00, real=0.02 secs] 
2014-07-08T00:50:18.890+0000: 852.441: [GC [PSYoungGen: 330782K->1104K(321600K)] 479220K->149558K(1008576K), 0.0063670 secs] [Times: user=0.01 sys=0.00, real=0.01 secs] 
2014-07-08T00:50:20.363+0000: 853.914: [GC [PSYoungGen: 321552K->1012K(312640K)] 470006K->149506K(999616K), 0.0050190 secs] [Times: user=0.02 sys=0.00, real=0.01 secs] 
2014-07-08T00:50:21.770+0000: 855.321: [GC [PSYoungGen: 312628K->1108K(304256K)] 461122K->149626K(991232K), 0.0066060 secs] [Times: user=0.01 sys=0.00, real=0.01 secs] 
2014-07-08T00:50:23.141+0000: 856.691: [GC [PSYoungGen: 304212K->1076K(296064K)] 452730K->149690K(983040K), 0.0106060 secs] [Times: user=0.04 sys=0.00, real=0.01 secs] 
2014-07-08T00:50:24.466+0000: 858.017: [GC [PSYoungGen: 296052K->1168K(288384K)] 444666K->149830K(975360K), 0.0093740 secs] [Times: user=0.03 sys=0.00, real=0.01 secs] 
2014-07-08T00:50:25.782+0000: 859.332: [GC [PSYoungGen: 288334K->1140K(280768K)] 436996K->149834K(967744K), 0.0033590 secs] [Times: user=0.01 sys=0.00, real=0.00 secs] 
2014-07-08T00:50:27.050+0000: 860.600: [GC [PSYoungGen: 280722K->1012K(273408K)] 429416K->149754K(960384K), 0.0038860 secs] [Times: user=0.01 sys=0.00, real=0.00 secs] 
2014-07-08T00:50:28.285+0000: 861.836: [GC [PSYoungGen: 273396K->948K(266368K)] 422138K->149706K(953344K), 0.0058620 secs] [Times: user=0.01 sys=0.00, real=0.01 secs] 
2014-07-08T00:50:29.503+0000: 863.053: [GC [PSYoungGen: 266356K->1168K(259904K)] 415114K->149950K(946880K), 0.0046080 secs] [Times: user=0.01 sys=0.00, real=0.01 secs] 
2014-07-08T00:50:30.686+0000: 864.237: [GC [PSYoungGen: 259856K->1214K(253440K)] 408638K->150110K(940416K), 0.0042140 secs] [Times: user=0.01 sys=0.00, real=0.01 secs] 
2014-07-08T00:50:31.845+0000: 865.395: [GC [PSYoungGen: 253438K->1222K(247296K)] 402334K->150174K(934272K), 0.0102000 secs] [Times: user=0.04 sys=0.00, real=0.01 secs] 
2014-07-08T00:50:32.965+0000: 866.515: [GC [PSYoungGen: 247238K->752K(240832K)] 396190K->150072K(927808K), 0.0049170 secs] [Times: user=0.01 sys=0.00, real=0.01 secs] 
2014-07-08T00:50:34.052+0000: 867.602: [GC [PSYoungGen: 240791K->1044K(235392K)] 390111K->150404K(922368K), 0.0081820 secs] [Times: user=0.03 sys=0.00, real=0.01 secs] 
2014-07-08T00:50:35.127+0000: 868.677: [GC [PSYoungGen: 235319K->948K(229696K)] 384678K->150372K(916672K), 0.0054610 secs] [Times: user=0.02 sys=0.00, real=0.01 secs] 
2014-07-08T00:50:36.189+0000: 869.740: [GC [PSYoungGen: 229684K->1108K(224512K)] 379108K->150580K(911488K), 0.0049860 secs] [Times: user=0.02 sys=0.00, real=0.00 secs] 
2014-07-08T00:50:37.206+0000: 870.757: [GC [PSYoungGen: 224468K->948K(219136K)] 373940K->150444K(906112K), 0.0220500 secs] [Times: user=0.08 sys=0.00, real=0.03 secs] 
2014-07-08T00:50:38.200+0000: 871.751: [GC [PSYoungGen: 219124K->1012K(214208K)] 368620K->150532K(901184K), 0.0046540 secs] [Times: user=0.01 sys=0.00, real=0.00 secs] 
2014-07-08T00:50:39.187+0000: 872.738: [GC [PSYoungGen: 214099K->1147K(209536K)] 363619K->150928K(896512K), 0.0057090 secs] [Times: user=0.02 sys=0.00, real=0.01 secs] 
2014-07-08T00:50:40.128+0000: 873.679: [GC [PSYoungGen: 209531K->1186K(204992K)] 359312K->150984K(891968K), 0.0050510 secs] [Times: user=0.02 sys=0.00, real=0.00 secs] 
2014-07-08T00:50:41.052+0000: 874.603: [GC [PSYoungGen: 204962K->866K(200192K)] 354760K->151000K(887168K), 0.0067950 secs] [Times: user=0.01 sys=0.00, real=0.01 secs] 
2014-07-08T00:50:41.964+0000: 875.515: [GC [PSYoungGen: 200082K->1517K(196544K)] 350216K->151755K(883520K), 0.0038550 secs] [Times: user=0.01 sys=0.00, real=0.00 secs] 
2014-07-08T00:50:42.847+0000: 876.397: [GC [PSYoungGen: 196525K->702K(191552K)] 346763K->151382K(878528K), 0.0050570 secs] [Times: user=0.02 sys=0.00, real=0.01 secs] 
2014-07-08T00:50:43.746+0000: 877.297: [GC [PSYoungGen: 191543K->1236K(188096K)] 342223K->151972K(875072K), 0.0097550 secs] [Times: user=0.04 sys=0.00, real=0.01 secs] 
2014-07-08T00:50:44.598+0000: 878.148: [GC [PSYoungGen: 188052K->1044K(184000K)] 338788K->151884K(870976K), 0.0044790 secs] [Times: user=0.01 sys=0.00, real=0.01 secs] 
2014-07-08T00:50:45.431+0000: 878.981: [GC [PSYoungGen: 183956K->1076K(180224K)] 334796K->151964K(867200K), 0.0081970 secs] [Times: user=0.03 sys=0.01, real=0.01 secs] 
2014-07-08T00:50:46.256+0000: 879.807: [GC [PSYoungGen: 180212K->1078K(176576K)] 331100K->152229K(863552K), 0.0077560 secs] [Times: user=0.02 sys=0.00, real=0.01 secs] 
2014-07-08T00:50:47.065+0000: 880.615: [GC [PSYoungGen: 176566K->1098K(173120K)] 327717K->152264K(860096K), 0.0078100 secs] [Times: user=0.01 sys=0.00, real=0.01 secs] 
2014-07-08T00:50:47.832+0000: 881.382: [GC [PSYoungGen: 173066K->980K(169600K)] 324232K->152268K(856576K), 0.0057230 secs] [Times: user=0.01 sys=0.00, real=0.00 secs] 
2014-07-08T00:50:48.607+0000: 882.157: [GC [PSYoungGen: 169548K->1356K(166656K)] 320837K->152669K(853632K), 0.0046840 secs] [Times: user=0.01 sys=0.00, real=0.01 secs] 
2014-07-08T00:50:49.367+0000: 882.917: [GC [PSYoungGen: 166604K->826K(162880K)] 317917K->152470K(849856K), 0.0043080 secs] [Times: user=0.01 sys=0.00, real=0.01 secs] 
2014-07-08T00:50:50.123+0000: 883.673: [GC [PSYoungGen: 162855K->1218K(160256K)] 314499K->152886K(847232K), 0.0058950 secs] [Times: user=0.00 sys=0.00, real=0.00 secs] 
2014-07-08T00:50:50.857+0000: 884.407: [GC [PSYoungGen: 160192K->1076K(157056K)] 311860K->152881K(844032K), 0.0068970 secs] [Times: user=0.03 sys=0.01, real=0.01 secs] 
2014-07-08T00:50:51.564+0000: 885.115: [GC [PSYoungGen: 157044K->1044K(188288K)] 308849K->152937K(875264K), 0.0189330 secs] [Times: user=0.06 sys=0.00, real=0.02 secs] 
2014-07-08T00:50:52.455+0000: 886.006: [GC [PSYoungGen: 188244K->948K(225600K)] 340137K->152961K(912576K), 0.0079410 secs] [Times: user=0.02 sys=0.01, real=0.01 secs] 
2014-07-08T00:50:53.475+0000: 887.026: [GC [PSYoungGen: 225588K->1232K(220736K)] 377601K->153310K(907712K), 0.0033390 secs] [Times: user=0.01 sys=0.00, real=0.00 secs] 
2014-07-08T00:50:54.492+0000: 888.043: [GC [PSYoungGen: 220673K->887K(215360K)] 372751K->153267K(902336K), 0.0079570 secs] [Times: user=0.03 sys=0.00, real=0.00 secs] 
2014-07-08T00:50:55.489+0000: 889.039: [GC [PSYoungGen: 215351K->1062K(210688K)] 367731K->153481K(897664K), 0.0088830 secs] [Times: user=0.03 sys=0.00, real=0.01 secs] 
2014-07-08T00:50:56.436+0000: 889.986: [GC [PSYoungGen: 210662K->994K(205952K)] 363081K->153697K(892928K), 0.0055810 secs] [Times: user=0.02 sys=0.00, real=0.01 secs] 
2014-07-08T00:50:57.368+0000: 890.918: [GC [PSYoungGen: 205915K->1407K(201856K)] 358619K->154126K(888832K), 0.0149420 secs] [Times: user=0.04 sys=0.00, real=0.02 secs] 
2014-07-08T00:50:58.287+0000: 891.838: [GC [PSYoungGen: 201855K->570K(196672K)] 354574K->153829K(883648K), 0.0043590 secs] [Times: user=0.01 sys=0.00, real=0.01 secs] 
2014-07-08T00:50:59.181+0000: 892.732: [GC [PSYoungGen: 196653K->1272K(193152K)] 349913K->154580K(880128K), 0.0076800 secs] [Times: user=0.03 sys=0.00, real=0.00 secs] 
2014-07-08T00:51:00.049+0000: 893.600: [GC [PSYoungGen: 193132K->1101K(188992K)] 346440K->154581K(875968K), 0.0082060 secs] [Times: user=0.01 sys=0.00, real=0.01 secs] 
2014-07-08T00:51:00.882+0000: 894.432: [GC [PSYoungGen: 188941K->1044K(185024K)] 342421K->154556K(872000K), 0.0040510 secs] [Times: user=0.01 sys=0.00, real=0.01 secs] 
2014-07-08T00:51:01.733+0000: 895.283: [GC [PSYoungGen: 184980K->886K(181056K)] 338492K->155232K(868032K), 0.0063970 secs] [Times: user=0.01 sys=0.00, real=0.00 secs] 
2014-07-08T00:51:02.523+0000: 896.074: [GC [PSYoungGen: 181046K->1372K(177920K)] 335392K->155758K(864896K), 0.0073620 secs] [Times: user=0.02 sys=0.00, real=0.00 secs] 
2014-07-08T00:51:03.335+0000: 896.885: [GC [PSYoungGen: 177884K->1044K(174016K)] 332270K->155766K(860992K), 0.0033190 secs] [Times: user=0.01 sys=0.00, real=0.00 secs] 
2014-07-08T00:51:04.109+0000: 897.660: [GC [PSYoungGen: 173952K->1588K(171072K)] 328674K->156343K(858048K), 0.0088060 secs] [Times: user=0.03 sys=0.00, real=0.01 secs] 
2014-07-08T00:51:04.895+0000: 898.445: [GC [PSYoungGen: 171060K->688K(166848K)] 325815K->155718K(853824K), 0.0107260 secs] [Times: user=0.04 sys=0.00, real=0.01 secs] 
2014-07-08T00:51:05.663+0000: 899.213: [GC [PSYoungGen: 166831K->1258K(200704K)] 321861K->156304K(887680K), 0.0120950 secs] [Times: user=0.04 sys=0.00, real=0.01 secs] 
2014-07-08T00:51:06.579+0000: 900.129: [GC [PSYoungGen: 200682K->1108K(196288K)] 355728K->156366K(883264K), 0.0043100 secs] [Times: user=0.01 sys=0.00, real=0.01 secs] 
2014-07-08T00:51:07.470+0000: 901.020: [GC [PSYoungGen: 196244K->948K(191936K)] 351502K->156238K(878912K), 0.0037330 secs] [Times: user=0.01 sys=0.00, real=0.01 secs] 
2014-07-08T00:51:08.348+0000: 901.899: [GC [PSYoungGen: 191883K->1200K(188160K)] 347173K->156522K(875136K), 0.0073430 secs] [Times: user=0.02 sys=0.00, real=0.01 secs] 
2014-07-08T00:51:09.198+0000: 902.748: [GC [PSYoungGen: 188144K->1072K(225472K)] 343466K->156418K(912448K), 0.0177590 secs] [Times: user=0.06 sys=0.00, real=0.02 secs] 
2014-07-08T00:51:10.218+0000: 903.769: [GC [PSYoungGen: 225456K->1069K(220288K)] 380802K->156431K(907264K), 0.0058910 secs] [Times: user=0.00 sys=0.00, real=0.01 secs] 
2014-07-08T00:51:11.231+0000: 904.782: [GC [PSYoungGen: 220221K->1158K(215424K)] 375583K->156544K(902400K), 0.0045610 secs] [Times: user=0.00 sys=0.00, real=0.01 secs] 
2014-07-08T00:51:12.186+0000: 905.736: [GC [PSYoungGen: 215366K->948K(210368K)] 370752K->156494K(897344K), 0.0067300 secs] [Times: user=0.02 sys=0.00, real=0.00 secs] 
2014-07-08T00:51:13.142+0000: 906.693: [GC [PSYoungGen: 210319K->1204K(205952K)] 365865K->156806K(892928K), 0.0125940 secs] [Times: user=0.04 sys=0.00, real=0.02 secs] 
2014-07-08T00:51:14.091+0000: 907.642: [GC [PSYoungGen: 205923K->940K(201216K)] 361525K->156928K(888192K), 0.0036230 secs] [Times: user=0.01 sys=0.00, real=0.01 secs] 
2014-07-08T00:51:15.015+0000: 908.566: [GC [PSYoungGen: 201196K->1044K(196992K)] 357184K->157056K(883968K), 0.0063230 secs] [Times: user=0.02 sys=0.00, real=0.00 secs] 
2014-07-08T00:51:15.896+0000: 909.446: [GC [PSYoungGen: 196948K->1012K(236160K)] 352960K->157088K(923136K), 0.0194410 secs] [Times: user=0.06 sys=0.00, real=0.02 secs] 
2014-07-08T00:51:16.979+0000: 910.529: [GC [PSYoungGen: 236148K->1062K(230656K)] 392224K->157162K(917632K), 0.0045610 secs] [Times: user=0.01 sys=0.00, real=0.00 secs] 
2014-07-08T00:51:18.012+0000: 911.563: [GC [PSYoungGen: 230586K->1012K(276544K)] 386687K->157176K(963520K), 0.0250500 secs] [Times: user=0.07 sys=0.00, real=0.03 secs] 
2014-07-08T00:51:19.270+0000: 912.820: [GC [PSYoungGen: 276532K->1154K(331840K)] 432696K->157400K(1018816K), 0.0051870 secs] [Times: user=0.01 sys=0.00, real=0.01 secs] 
2014-07-08T00:51:20.799+0000: 914.349: [GC [PSYoungGen: 331739K->752K(322112K)] 487985K->157332K(1009088K), 0.0106500 secs] [Times: user=0.04 sys=0.01, real=0.01 secs] 
2014-07-08T00:51:22.266+0000: 915.817: [GC [PSYoungGen: 322096K->1247K(313728K)] 478676K->157891K(1000704K), 0.0040940 secs] [Times: user=0.00 sys=0.01, real=0.00 secs] 
2014-07-08T00:51:23.688+0000: 917.238: [GC [PSYoungGen: 313666K->948K(304896K)] 470310K->157977K(991872K), 0.0117750 secs] [Times: user=0.04 sys=0.00, real=0.01 secs] 
2014-07-08T00:51:25.085+0000: 918.636: [GC [PSYoungGen: 304883K->1140K(296896K)] 461911K->158233K(983872K), 0.0064450 secs] [Times: user=0.02 sys=0.00, real=0.00 secs] 
2014-07-08T00:51:26.444+0000: 919.994: [GC [PSYoungGen: 296851K->882K(288768K)] 453944K->158451K(975744K), 0.0113560 secs] [Times: user=0.04 sys=0.00, real=0.02 secs] 
2014-07-08T00:51:27.752+0000: 921.302: [GC [PSYoungGen: 288754K->1226K(281600K)] 446323K->158819K(968576K), 0.0136380 secs] [Times: user=0.05 sys=0.00, real=0.01 secs] 
2014-07-08T00:51:29.024+0000: 922.574: [GC [PSYoungGen: 281546K->930K(273984K)] 439139K->158851K(960960K), 0.0033570 secs] [Times: user=0.01 sys=0.00, real=0.01 secs] 
2014-07-08T00:51:30.276+0000: 923.826: [GC [PSYoungGen: 273954K->1126K(267200K)] 431875K->159087K(954176K), 0.0107730 secs] [Times: user=0.04 sys=0.00, real=0.02 secs] 
2014-07-08T00:51:31.473+0000: 925.023: [GC [PSYoungGen: 267106K->1015K(260352K)] 425067K->159232K(947328K), 0.0116100 secs] [Times: user=0.02 sys=0.00, real=0.01 secs] 
2014-07-08T00:51:32.658+0000: 926.208: [GC [PSYoungGen: 260262K->1453K(254336K)] 418479K->159815K(941312K), 0.0094520 secs] [Times: user=0.03 sys=0.00, real=0.01 secs] 
2014-07-08T00:51:33.812+0000: 927.362: [GC [PSYoungGen: 254317K->506K(247168K)] 412679K->159513K(934144K), 0.0144750 secs] [Times: user=0.05 sys=0.00, real=0.01 secs] 
2014-07-08T00:51:34.926+0000: 928.476: [GC [PSYoungGen: 247152K->1575K(297600K)] 406159K->160638K(984576K), 0.0230960 secs] [Times: user=0.08 sys=0.00, real=0.03 secs] 
2014-07-08T00:51:36.293+0000: 929.844: [GC [PSYoungGen: 297541K->1136K(356352K)] 456604K->160519K(1043328K), 0.0427650 secs] [Times: user=0.15 sys=0.00, real=0.04 secs] 
2014-07-08T00:51:37.942+0000: 931.493: [GC [PSYoungGen: 356324K->1360K(427648K)] 515707K->160783K(1114624K), 0.0172530 secs] [Times: user=0.06 sys=0.00, real=0.02 secs] 
2014-07-08T00:51:39.900+0000: 933.450: [GC [PSYoungGen: 427600K->822K(512320K)] 587023K->160735K(1199296K), 0.0070260 secs] [Times: user=0.03 sys=0.00, real=0.01 secs] 
2014-07-08T00:51:42.232+0000: 935.782: [GC [PSYoungGen: 512310K->1272K(615104K)] 672223K->161209K(1302080K), 0.0108690 secs] [Times: user=0.04 sys=0.00, real=0.01 secs] 
2014-07-08T00:51:44.992+0000: 938.542: [GC [PSYoungGen: 615096K->1268K(593536K)] 775033K->161505K(1280512K), 0.0249440 secs] [Times: user=0.08 sys=0.00, real=0.02 secs] 
2014-07-08T00:51:47.684+0000: 941.234: [GC [PSYoungGen: 593483K->1158K(572864K)] 753720K->161459K(1259840K), 0.0203420 secs] [Times: user=0.07 sys=0.00, real=0.02 secs] 
2014-07-08T00:51:50.269+0000: 943.819: [GC [PSYoungGen: 572805K->752K(552768K)] 733107K->161431K(1239744K), 0.0154750 secs] [Times: user=0.05 sys=0.00, real=0.02 secs] 
2014-07-08T00:51:52.794+0000: 946.344: [GC [PSYoungGen: 552707K->1350K(534656K)] 713387K->162101K(1221632K), 0.0234800 secs] [Times: user=0.08 sys=0.00, real=0.02 secs] 
2014-07-08T00:51:55.239+0000: 948.789: [GC [PSYoungGen: 534598K->1076K(516416K)] 695349K->162011K(1203392K), 0.0172260 secs] [Times: user=0.06 sys=0.00, real=0.02 secs] 
2014-07-08T00:51:57.595+0000: 951.145: [GC [PSYoungGen: 516399K->1172K(499392K)] 677335K->162171K(1186368K), 0.0123070 secs] [Times: user=0.04 sys=0.00, real=0.01 secs] 
2014-07-08T00:51:59.853+0000: 953.404: [GC [PSYoungGen: 499348K->830K(482624K)] 660347K->162171K(1169600K), 0.0081090 secs] [Times: user=0.03 sys=0.00, real=0.01 secs] 
2014-07-08T00:52:02.081+0000: 955.631: [GC [PSYoungGen: 482622K->1158K(467328K)] 643963K->162531K(1154304K), 0.0047780 secs] [Times: user=0.02 sys=0.00, real=0.01 secs] 
2014-07-08T00:52:04.198+0000: 957.748: [GC [PSYoungGen: 467243K->1062K(452224K)] 628617K->162669K(1139200K), 0.0043160 secs] [Times: user=0.01 sys=0.00, real=0.01 secs] 
2014-07-08T00:52:06.255+0000: 959.805: [GC [PSYoungGen: 452157K->1133K(437952K)] 613765K->162789K(1124928K), 0.0201830 secs] [Times: user=0.07 sys=0.00, real=0.02 secs] 
2014-07-08T00:52:08.235+0000: 961.785: [GC [PSYoungGen: 437933K->866K(424000K)] 599589K->162635K(1110976K), 0.0043930 secs] [Times: user=0.01 sys=0.00, real=0.00 secs] 
2014-07-08T00:52:10.195+0000: 963.745: [GC [PSYoungGen: 423970K->1194K(411200K)] 585739K->162996K(1098176K), 0.0080180 secs] [Times: user=0.02 sys=0.00, real=0.01 secs] 
2014-07-08T00:52:12.037+0000: 965.587: [GC [PSYoungGen: 411148K->1012K(398464K)] 572950K->163058K(1085440K), 0.0113700 secs] [Times: user=0.04 sys=0.00, real=0.01 secs] 
2014-07-08T00:52:13.860+0000: 967.411: [GC [PSYoungGen: 398451K->1158K(386624K)] 560497K->163332K(1073600K), 0.0064100 secs] [Times: user=0.02 sys=0.00, real=0.01 secs] 
2014-07-08T00:52:15.615+0000: 969.166: [GC [PSYoungGen: 386552K->747K(374656K)] 548726K->163597K(1061632K), 0.0128720 secs] [Times: user=0.05 sys=0.00, real=0.01 secs] 
2014-07-08T00:52:17.313+0000: 970.863: [GC [PSYoungGen: 374589K->1322K(364224K)] 537439K->164211K(1051200K), 0.0109080 secs] [Times: user=0.04 sys=0.00, real=0.02 secs] 
2014-07-08T00:52:18.983+0000: 972.534: [GC [PSYoungGen: 364189K->1015K(353344K)] 527078K->164389K(1040320K), 0.0083200 secs] [Times: user=0.03 sys=0.00, real=0.00 secs] 
2014-07-08T00:52:20.618+0000: 974.168: [GC [PSYoungGen: 353335K->1470K(343680K)] 516709K->164876K(1030656K), 0.0048530 secs] [Times: user=0.01 sys=0.00, real=0.00 secs] 
2014-07-08T00:52:22.169+0000: 975.720: [GC [PSYoungGen: 343678K->766K(333248K)] 507084K->164539K(1020224K), 0.0093950 secs] [Times: user=0.03 sys=0.01, real=0.01 secs] 
2014-07-08T00:52:23.706+0000: 977.256: [GC [PSYoungGen: 333245K->1647K(324800K)] 497018K->165755K(1011776K), 0.0131550 secs] [Times: user=0.03 sys=0.00, real=0.01 secs] 
2014-07-08T00:52:25.149+0000: 978.700: [GC [PSYoungGen: 324763K->940K(315136K)] 488871K->165364K(1002112K), 0.0143070 secs] [Times: user=0.05 sys=0.00, real=0.01 secs] 
2014-07-08T00:52:26.574+0000: 980.125: [GC [PSYoungGen: 315071K->1290K(306944K)] 479495K->165854K(993920K), 0.0053040 secs] [Times: user=0.01 sys=0.00, real=0.01 secs] 
2014-07-08T00:52:27.957+0000: 981.507: [GC [PSYoungGen: 306854K->1076K(298432K)] 471418K->165804K(985408K), 0.0077170 secs] [Times: user=0.02 sys=0.00, real=0.00 secs] 
2014-07-08T00:52:29.325+0000: 982.875: [GC [PSYoungGen: 298419K->1108K(290560K)] 463147K->165868K(977536K), 0.0065320 secs] [Times: user=0.01 sys=0.00, real=0.00 secs] 
2014-07-08T00:52:30.673+0000: 984.223: [GC [PSYoungGen: 290473K->1208K(283008K)] 455232K->166000K(969984K), 0.0111170 secs] [Times: user=0.03 sys=0.00, real=0.01 secs] 
2014-07-08T00:52:31.931+0000: 985.482: [GC [PSYoungGen: 283000K->1172K(275712K)] 447792K->166036K(962688K), 0.0178020 secs] [Times: user=0.05 sys=0.00, real=0.02 secs] 
2014-07-08T00:52:33.183+0000: 986.733: [GC [PSYoungGen: 275652K->1072K(268544K)] 440515K->166056K(955520K), 0.0040080 secs] [Times: user=0.02 sys=0.01, real=0.01 secs] 
2014-07-08T00:52:34.386+0000: 987.937: [GC [PSYoungGen: 268496K->1321K(262016K)] 433480K->166353K(948992K), 0.0127740 secs] [Times: user=0.03 sys=0.00, real=0.01 secs] 
2014-07-08T00:52:35.595+0000: 989.145: [GC [PSYoungGen: 261993K->948K(255104K)] 427025K->166044K(942080K), 0.0041930 secs] [Times: user=0.01 sys=0.00, real=0.01 secs] 
2014-07-08T00:52:36.759+0000: 990.310: [GC [PSYoungGen: 255092K->1044K(248960K)] 420188K->166180K(935936K), 0.0056300 secs] [Times: user=0.01 sys=0.00, real=0.00 secs] 
2014-07-08T00:52:37.887+0000: 991.437: [GC [PSYoungGen: 248897K->980K(242880K)] 414033K->166148K(929856K), 0.0082280 secs] [Times: user=0.02 sys=0.00, real=0.00 secs] 
2014-07-08T00:52:38.984+0000: 992.534: [GC [PSYoungGen: 242836K->1168K(237248K)] 408004K->166368K(924224K), 0.0040540 secs] [Times: user=0.02 sys=0.00, real=0.01 secs] 
2014-07-08T00:52:40.048+0000: 993.598: [GC [PSYoungGen: 237189K->1044K(231488K)] 402389K->166276K(918464K), 0.0082840 secs] [Times: user=0.02 sys=0.00, real=0.00 secs] 
2014-07-08T00:52:41.089+0000: 994.639: [GC [PSYoungGen: 231423K->1012K(226048K)] 396654K->166260K(913024K), 0.0056090 secs] [Times: user=0.02 sys=0.00, real=0.00 secs] 
2014-07-08T00:52:42.105+0000: 995.656: [GC [PSYoungGen: 226035K->1012K(220864K)] 391283K->166348K(907840K), 0.0035620 secs] [Times: user=0.01 sys=0.00, real=0.01 secs] 
2014-07-08T00:52:43.121+0000: 996.672: [GC [PSYoungGen: 220809K->980K(215808K)] 386145K->166364K(902784K), 0.0103090 secs] [Times: user=0.03 sys=0.00, real=0.01 secs] 
2014-07-08T00:52:44.087+0000: 997.637: [GC [PSYoungGen: 215718K->1012K(210944K)] 381102K->166444K(897920K), 0.0072570 secs] [Times: user=0.02 sys=0.00, real=0.00 secs] 
2014-07-08T00:52:45.022+0000: 998.573: [GC [PSYoungGen: 210932K->1140K(206400K)] 376364K->166612K(893376K), 0.0116930 secs] [Times: user=0.04 sys=0.00, real=0.01 secs] 
2014-07-08T00:52:45.963+0000: 999.514: [GC [PSYoungGen: 206361K->948K(201664K)] 371833K->166452K(888640K), 0.0076740 secs] [Times: user=0.01 sys=0.00, real=0.01 secs] 
2014-07-08T00:52:46.862+0000: 1000.412: [GC [PSYoungGen: 201652K->916K(197312K)] 367156K->166428K(884288K), 0.0062520 secs] [Times: user=0.01 sys=0.00, real=0.01 secs] 
2014-07-08T00:52:47.758+0000: 1001.308: [GC [PSYoungGen: 197226K->1210K(236864K)] 362738K->166950K(923840K), 0.0165920 secs] [Times: user=0.05 sys=0.00, real=0.01 secs] 
2014-07-08T00:52:48.802+0000: 1002.352: [GC [PSYoungGen: 236858K->1204K(231296K)] 402598K->166984K(918272K), 0.0035760 secs] [Times: user=0.01 sys=0.00, real=0.00 secs] 
2014-07-08T00:52:49.872+0000: 1003.423: [GC [PSYoungGen: 231284K->816K(225536K)] 397064K->167089K(912512K), 0.0087950 secs] [Times: user=0.03 sys=0.00, real=0.01 secs] 
2014-07-08T00:52:50.864+0000: 1004.414: [GC [PSYoungGen: 225520K->1553K(221120K)] 391793K->167842K(908096K), 0.0143370 secs] [Times: user=0.05 sys=0.00, real=0.02 secs] 
2014-07-08T00:52:51.886+0000: 1005.437: [GC [PSYoungGen: 221059K->830K(215360K)] 387348K->167813K(902336K), 0.0045600 secs] [Times: user=0.01 sys=0.00, real=0.01 secs] 
2014-07-08T00:52:52.875+0000: 1006.425: [GC [PSYoungGen: 215337K->1144K(210816K)] 382321K->168183K(897792K), 0.0089680 secs] [Times: user=0.02 sys=0.00, real=0.01 secs] 
2014-07-08T00:52:53.848+0000: 1007.399: [GC [PSYoungGen: 210808K->1353K(206400K)] 377847K->168523K(893376K), 0.0090090 secs] [Times: user=0.03 sys=0.00, real=0.01 secs] 
2014-07-08T00:52:54.795+0000: 1008.345: [GC [PSYoungGen: 206323K->1510K(247552K)] 373493K->168728K(934528K), 0.0261820 secs] [Times: user=0.09 sys=0.00, real=0.03 secs] 
2014-07-08T00:52:55.905+0000: 1009.455: [GC [PSYoungGen: 247526K->556K(295808K)] 414744K->168433K(982784K), 0.0115030 secs] [Times: user=0.04 sys=0.00, real=0.01 secs] 
2014-07-08T00:52:57.261+0000: 1010.812: [GC [PSYoungGen: 295788K->1276K(355584K)] 463665K->169186K(1042560K), 0.0065700 secs] [Times: user=0.02 sys=0.00, real=0.00 secs] 
2014-07-08T00:52:58.893+0000: 1012.443: [GC [PSYoungGen: 355580K->1044K(345152K)] 523490K->169274K(1032128K), 0.0099480 secs] [Times: user=0.03 sys=0.00, real=0.01 secs] 
2014-07-08T00:53:00.478+0000: 1014.028: [GC [PSYoungGen: 345023K->1048K(335360K)] 513253K->169294K(1022336K), 0.0046830 secs] [Times: user=0.01 sys=0.00, real=0.01 secs] 
2014-07-08T00:53:02.034+0000: 1015.585: [GC [PSYoungGen: 335320K->1204K(326080K)] 503566K->169514K(1013056K), 0.0073790 secs] [Times: user=0.03 sys=0.00, real=0.01 secs] 
2014-07-08T00:53:03.512+0000: 1017.062: [GC [PSYoungGen: 326021K->1158K(317056K)] 494331K->169572K(1004032K), 0.0035430 secs] [Times: user=0.01 sys=0.00, real=0.00 secs] 
2014-07-08T00:53:04.950+0000: 1018.501: [GC [PSYoungGen: 316998K->948K(308160K)] 485412K->169474K(995136K), 0.0103560 secs] [Times: user=0.03 sys=0.00, real=0.01 secs] 
2014-07-08T00:53:06.362+0000: 1019.913: [GC [PSYoungGen: 308125K->1311K(300224K)] 476651K->169885K(987200K), 0.0064250 secs] [Times: user=0.02 sys=0.00, real=0.00 secs] 
2014-07-08T00:53:07.747+0000: 1021.298: [GC [PSYoungGen: 300191K->940K(291840K)] 468765K->169774K(978816K), 0.0167550 secs] [Times: user=0.05 sys=0.00, real=0.02 secs] 
2014-07-08T00:53:09.057+0000: 1022.607: [GC [PSYoungGen: 291784K->1496K(284736K)] 460618K->170346K(971712K), 0.0183300 secs] [Times: user=0.06 sys=0.00, real=0.02 secs] 
2014-07-08T00:53:10.318+0000: 1023.868: [GC [PSYoungGen: 284696K->758K(276608K)] 453546K->170391K(963584K), 0.0071220 secs] [Times: user=0.02 sys=0.00, real=0.01 secs] 
2014-07-08T00:53:11.583+0000: 1025.133: [GC [PSYoungGen: 276598K->1176K(269952K)] 446231K->170841K(956928K), 0.0049140 secs] [Times: user=0.02 sys=0.00, real=0.00 secs] 
2014-07-08T00:53:12.834+0000: 1026.385: [GC [PSYoungGen: 269912K->1517K(263424K)] 439577K->171458K(950400K), 0.0061800 secs] [Times: user=0.02 sys=0.00, real=0.00 secs] 
2014-07-08T00:53:14.032+0000: 1027.582: [GC [PSYoungGen: 263405K->980K(256320K)] 433346K->170969K(943296K), 0.0055960 secs] [Times: user=0.02 sys=0.00, real=0.01 secs] 
2014-07-08T00:53:15.220+0000: 1028.771: [GC [PSYoungGen: 256276K->1012K(249984K)] 426265K->171033K(936960K), 0.0127210 secs] [Times: user=0.05 sys=0.00, real=0.02 secs] 
2014-07-08T00:53:16.340+0000: 1029.890: [GC [PSYoungGen: 249972K->1108K(244032K)] 419993K->171177K(931008K), 0.0146180 secs] [Times: user=0.05 sys=0.00, real=0.02 secs] 
2014-07-08T00:53:17.448+0000: 1030.998: [GC [PSYoungGen: 243988K->1076K(238080K)] 414057K->171177K(925056K), 0.0032490 secs] [Times: user=0.01 sys=0.00, real=0.00 secs] 
2014-07-08T00:53:18.533+0000: 1032.083: [GC [PSYoungGen: 238027K->1154K(232576K)] 408128K->171279K(919552K), 0.0047780 secs] [Times: user=0.01 sys=0.00, real=0.00 secs] 
2014-07-08T00:53:19.585+0000: 1033.135: [GC [PSYoungGen: 232514K->1012K(226944K)] 402639K->171161K(913920K), 0.0043850 secs] [Times: user=0.01 sys=0.00, real=0.00 secs] 
2014-07-08T00:53:20.618+0000: 1034.168: [GC [PSYoungGen: 226932K->1044K(221760K)] 397081K->171225K(908736K), 0.0131230 secs] [Times: user=0.05 sys=0.00, real=0.01 secs] 
2014-07-08T00:53:21.612+0000: 1035.162: [GC [PSYoungGen: 221692K->1168K(216832K)] 391874K->171405K(903808K), 0.0047710 secs] [Times: user=0.01 sys=0.00, real=0.01 secs] 
2014-07-08T00:53:22.612+0000: 1036.162: [GC [PSYoungGen: 216776K->1094K(211904K)] 387014K->171395K(898880K), 0.0047410 secs] [Times: user=0.01 sys=0.00, real=0.01 secs] 
2014-07-08T00:53:23.593+0000: 1037.144: [GC [PSYoungGen: 211846K->1012K(207040K)] 382147K->171385K(894016K), 0.0038000 secs] [Times: user=0.01 sys=0.00, real=0.00 secs] 
2014-07-08T00:53:24.535+0000: 1038.085: [GC [PSYoungGen: 207028K->1044K(202560K)] 377401K->171473K(889536K), 0.0219300 secs] [Times: user=0.09 sys=0.00, real=0.02 secs] 
2014-07-08T00:53:25.474+0000: 1039.024: [GC [PSYoungGen: 202516K->1012K(198080K)] 372945K->171497K(885056K), 0.0042290 secs] [Times: user=0.01 sys=0.00, real=0.01 secs] 
2014-07-08T00:53:26.367+0000: 1039.917: [GC [PSYoungGen: 198068K->1098K(193984K)] 368553K->171615K(880960K), 0.0043750 secs] [Times: user=0.01 sys=0.00, real=0.00 secs] 
2014-07-08T00:53:27.241+0000: 1040.792: [GC [PSYoungGen: 193919K->944K(189696K)] 364436K->171625K(876672K), 0.0053260 secs] [Times: user=0.02 sys=0.00, real=0.01 secs] 
2014-07-08T00:53:28.095+0000: 1041.645: [GC [PSYoungGen: 189680K->1101K(185920K)] 360361K->171806K(872896K), 0.0048000 secs] [Times: user=0.01 sys=0.00, real=0.00 secs] 
2014-07-08T00:53:28.944+0000: 1042.494: [GC [PSYoungGen: 185869K->890K(181824K)] 356574K->171930K(868800K), 0.0126080 secs] [Times: user=0.05 sys=0.00, real=0.01 secs] 
2014-07-08T00:53:29.774+0000: 1043.324: [GC [PSYoungGen: 181818K->1400K(178624K)] 352858K->172471K(865600K), 0.0095150 secs] [Times: user=0.03 sys=0.00, real=0.01 secs] 
2014-07-08T00:53:30.572+0000: 1044.123: [GC [PSYoungGen: 178598K->687K(174336K)] 349669K->172620K(861312K), 0.0059300 secs] [Times: user=0.02 sys=0.00, real=0.01 secs] 
2014-07-08T00:53:31.356+0000: 1044.906: [GC [PSYoungGen: 174316K->1503K(209920K)] 346250K->173485K(896896K), 0.0118900 secs] [Times: user=0.03 sys=0.00, real=0.01 secs] 
2014-07-08T00:53:32.321+0000: 1045.871: [GC [PSYoungGen: 209887K->1108K(251264K)] 381869K->173429K(938240K), 0.0163320 secs] [Times: user=0.05 sys=0.00, real=0.02 secs] 
2014-07-08T00:53:33.453+0000: 1047.004: [GC [PSYoungGen: 251220K->1076K(301248K)] 423541K->173469K(988224K), 0.0131510 secs] [Times: user=0.04 sys=0.00, real=0.02 secs] 
2014-07-08T00:53:34.828+0000: 1048.379: [GC [PSYoungGen: 301235K->1140K(361344K)] 473628K->173669K(1048320K), 0.0218880 secs] [Times: user=0.08 sys=0.00, real=0.02 secs] 
2014-07-08T00:53:36.485+0000: 1050.035: [GC [PSYoungGen: 361332K->1140K(433408K)] 533861K->173717K(1120384K), 0.0034300 secs] [Times: user=0.01 sys=0.00, real=0.00 secs] 
2014-07-08T00:53:38.485+0000: 1052.036: [GC [PSYoungGen: 433396K->1012K(419776K)] 605973K->173653K(1106752K), 0.0075000 secs] [Times: user=0.01 sys=0.00, real=0.00 secs] 
2014-07-08T00:53:40.380+0000: 1053.930: [GC [PSYoungGen: 419764K->1076K(406912K)] 592405K->173781K(1093888K), 0.0232570 secs] [Times: user=0.08 sys=0.00, real=0.02 secs] 
2014-07-08T00:53:42.245+0000: 1055.796: [GC [PSYoungGen: 406900K->1150K(394624K)] 579604K->174017K(1081600K), 0.0131340 secs] [Times: user=0.03 sys=0.00, real=0.02 secs] 
2014-07-08T00:53:44.075+0000: 1057.626: [GC [PSYoungGen: 394622K->1076K(382720K)] 567489K->174047K(1069696K), 0.0084620 secs] [Times: user=0.03 sys=0.00, real=0.01 secs] 
2014-07-08T00:53:45.820+0000: 1059.371: [GC [PSYoungGen: 382708K->1012K(371328K)] 555679K->174111K(1058304K), 0.0038590 secs] [Times: user=0.01 sys=0.00, real=0.00 secs] 
2014-07-08T00:53:47.493+0000: 1061.043: [GC [PSYoungGen: 371316K->1012K(360448K)] 544415K->174167K(1047424K), 0.0071390 secs] [Times: user=0.02 sys=0.00, real=0.01 secs] 
2014-07-08T00:53:49.128+0000: 1062.678: [GC [PSYoungGen: 360436K->1030K(350080K)] 533591K->174225K(1037056K), 0.0043200 secs] [Times: user=0.01 sys=0.00, real=0.00 secs] 
2014-07-08T00:53:50.728+0000: 1064.278: [GC [PSYoungGen: 350022K->1172K(340224K)] 523217K->174391K(1027200K), 0.0037780 secs] [Times: user=0.01 sys=0.00, real=0.00 secs] 
2014-07-08T00:53:52.279+0000: 1065.830: [GC [PSYoungGen: 340142K->816K(330240K)] 513361K->174609K(1017216K), 0.0214010 secs] [Times: user=0.07 sys=0.00, real=0.02 secs] 
2014-07-08T00:53:53.781+0000: 1067.332: [GC [PSYoungGen: 330197K->1300K(321536K)] 503990K->175165K(1008512K), 0.0066580 secs] [Times: user=0.01 sys=0.00, real=0.01 secs] 
2014-07-08T00:53:55.208+0000: 1068.758: [GC [PSYoungGen: 321492K->1078K(312448K)] 495357K->175238K(999424K), 0.0042390 secs] [Times: user=0.01 sys=0.00, real=0.00 secs] 
2014-07-08T00:53:56.619+0000: 1070.170: [GC [PSYoungGen: 312411K->1222K(304128K)] 486571K->175445K(991104K), 0.0130320 secs] [Times: user=0.05 sys=0.00, real=0.01 secs] 
2014-07-08T00:53:57.961+0000: 1071.511: [GC [PSYoungGen: 304070K->893K(295616K)] 478293K->175620K(982592K), 0.0144430 secs] [Times: user=0.05 sys=0.00, real=0.01 secs] 
2014-07-08T00:53:59.313+0000: 1072.863: [GC [PSYoungGen: 295613K->1162K(288128K)] 470340K->175913K(975104K), 0.0043270 secs] [Times: user=0.01 sys=0.00, real=0.00 secs] 
2014-07-08T00:54:00.625+0000: 1074.175: [GC [PSYoungGen: 288074K->1133K(280512K)] 462825K->176104K(967488K), 0.0188340 secs] [Times: user=0.06 sys=0.00, real=0.02 secs] 
2014-07-08T00:54:01.901+0000: 1075.451: [GC [PSYoungGen: 280485K->1368K(273536K)] 455455K->176395K(960512K), 0.0083510 secs] [Times: user=0.03 sys=0.00, real=0.01 secs] 
2014-07-08T00:54:03.143+0000: 1076.693: [GC [PSYoungGen: 273496K->702K(327296K)] 448523K->176137K(1014272K), 0.0263400 secs] [Times: user=0.09 sys=0.00, real=0.03 secs] 
2014-07-08T00:54:04.641+0000: 1078.192: [GC [PSYoungGen: 327294K->1368K(393344K)] 502729K->176866K(1080320K), 0.0145750 secs] [Times: user=0.05 sys=0.00, real=0.01 secs] 
2014-07-08T00:54:06.429+0000: 1079.979: [GC [PSYoungGen: 393304K->1140K(381312K)] 568802K->176826K(1068288K), 0.0061390 secs] [Times: user=0.01 sys=0.00, real=0.01 secs] 
2014-07-08T00:54:08.146+0000: 1081.696: [GC [PSYoungGen: 381256K->1382K(370240K)] 556942K->177124K(1057216K), 0.0123780 secs] [Times: user=0.04 sys=0.00, real=0.01 secs] 
2014-07-08T00:54:09.835+0000: 1083.386: [GC [PSYoungGen: 370205K->694K(358720K)] 545948K->177018K(1045696K), 0.0066160 secs] [Times: user=0.02 sys=0.01, real=0.01 secs] 
2014-07-08T00:54:11.479+0000: 1085.029: [GC [PSYoungGen: 358710K->1560K(349248K)] 535034K->177925K(1036224K), 0.0032720 secs] [Times: user=0.01 sys=0.00, real=0.01 secs] 
2014-07-08T00:54:13.060+0000: 1086.610: [GC [PSYoungGen: 349180K->948K(338688K)] 525545K->177806K(1025664K), 0.0069140 secs] [Times: user=0.03 sys=0.00, real=0.01 secs] 
2014-07-08T00:54:14.623+0000: 1088.174: [GC [PSYoungGen: 338676K->1062K(329280K)] 515534K->177968K(1016256K), 0.0046310 secs] [Times: user=0.01 sys=0.00, real=0.00 secs] 
2014-07-08T00:54:16.122+0000: 1089.673: [GC [PSYoungGen: 329254K->1140K(320192K)] 506160K->178152K(1007168K), 0.0063110 secs] [Times: user=0.03 sys=0.00, real=0.00 secs] 
2014-07-08T00:54:17.552+0000: 1091.103: [GC [PSYoungGen: 320179K->1076K(311360K)] 497192K->178136K(998336K), 0.0139510 secs] [Times: user=0.05 sys=0.01, real=0.01 secs] 
2014-07-08T00:54:18.988+0000: 1092.538: [GC [PSYoungGen: 311336K->1122K(302976K)] 488396K->178264K(989952K), 0.0148560 secs] [Times: user=0.06 sys=0.00, real=0.02 secs] 
2014-07-08T00:54:20.347+0000: 1093.898: [GC [PSYoungGen: 302946K->980K(294720K)] 480088K->178146K(981696K), 0.0049020 secs] [Times: user=0.01 sys=0.00, real=0.01 secs] 
2014-07-08T00:54:21.693+0000: 1095.244: [GC [PSYoungGen: 294676K->1200K(287104K)] 471842K->178471K(974080K), 0.0108810 secs] [Times: user=0.04 sys=0.00, real=0.01 secs] 
2014-07-08T00:54:23.015+0000: 1096.565: [GC [PSYoungGen: 287088K->1108K(279552K)] 464359K->178474K(966528K), 0.0240170 secs] [Times: user=0.09 sys=0.00, real=0.02 secs] 
2014-07-08T00:54:24.304+0000: 1097.855: [GC [PSYoungGen: 279508K->1012K(272256K)] 456874K->178490K(959232K), 0.0065810 secs] [Times: user=0.02 sys=0.00, real=0.00 secs] 
2014-07-08T00:54:25.534+0000: 1099.084: [GC [PSYoungGen: 272244K->1076K(265408K)] 449722K->178586K(952384K), 0.0056320 secs] [Times: user=0.02 sys=0.00, real=0.00 secs] 
2014-07-08T00:54:26.755+0000: 1100.305: [GC [PSYoungGen: 265396K->1136K(258816K)] 442906K->178839K(945792K), 0.0134990 secs] [Times: user=0.04 sys=0.00, real=0.01 secs] 
2014-07-08T00:54:27.937+0000: 1101.487: [GC [PSYoungGen: 258800K->980K(252288K)] 436503K->178698K(939264K), 0.0041710 secs] [Times: user=0.00 sys=0.00, real=0.00 secs] 
2014-07-08T00:54:29.083+0000: 1102.633: [GC [PSYoungGen: 252244K->1044K(246208K)] 429962K->178834K(933184K), 0.0085300 secs] [Times: user=0.03 sys=0.00, real=0.01 secs] 
2014-07-08T00:54:30.226+0000: 1103.777: [GC [PSYoungGen: 246164K->1229K(240448K)] 423954K->179060K(927424K), 0.0034450 secs] [Times: user=0.01 sys=0.00, real=0.00 secs] 
2014-07-08T00:54:31.326+0000: 1104.876: [GC [PSYoungGen: 240397K->890K(234368K)] 418228K->179007K(921344K), 0.0088100 secs] [Times: user=0.01 sys=0.01, real=0.01 secs] 
2014-07-08T00:54:32.389+0000: 1105.939: [GC [PSYoungGen: 234341K->1258K(229248K)] 412458K->179439K(916224K), 0.0104500 secs] [Times: user=0.04 sys=0.00, real=0.01 secs] 
2014-07-08T00:54:33.424+0000: 1106.974: [GC [PSYoungGen: 229191K->958K(223616K)] 407372K->179497K(910592K), 0.0054140 secs] [Times: user=0.01 sys=0.01, real=0.01 secs] 
2014-07-08T00:54:34.432+0000: 1107.983: [GC [PSYoungGen: 223581K->1392K(218944K)] 402120K->179947K(905920K), 0.0040380 secs] [Times: user=0.01 sys=0.00, real=0.01 secs] 
2014-07-08T00:54:35.421+0000: 1108.971: [GC [PSYoungGen: 218911K->744K(213376K)] 397466K->179765K(900352K), 0.0120670 secs] [Times: user=0.04 sys=0.00, real=0.01 secs] 
2014-07-08T00:54:36.395+0000: 1109.945: [GC [PSYoungGen: 213352K->1208K(209024K)] 392373K->180253K(896000K), 0.0093680 secs] [Times: user=0.03 sys=0.00, real=0.01 secs] 
2014-07-08T00:54:37.351+0000: 1110.901: [GC [PSYoungGen: 209016K->1136K(250560K)] 388061K->180433K(937536K), 0.0260320 secs] [Times: user=0.09 sys=0.00, real=0.03 secs] 
2014-07-08T00:54:38.498+0000: 1112.048: [GC [PSYoungGen: 250544K->1200K(300544K)] 429841K->180521K(987520K), 0.0099280 secs] [Times: user=0.03 sys=0.00, real=0.01 secs] 
2014-07-08T00:54:39.869+0000: 1113.419: [GC [PSYoungGen: 300488K->738K(292096K)] 479809K->180317K(979072K), 0.0053560 secs] [Times: user=0.01 sys=0.00, real=0.00 secs] 
2014-07-08T00:54:41.207+0000: 1114.757: [GC [PSYoungGen: 292018K->1346K(285056K)] 471597K->180965K(972032K), 0.0046120 secs] [Times: user=0.01 sys=0.00, real=0.00 secs] 
2014-07-08T00:54:42.513+0000: 1116.063: [GC [PSYoungGen: 284948K->930K(277184K)] 464567K->180931K(964160K), 0.0076570 secs] [Times: user=0.01 sys=0.00, real=0.01 secs] 
2014-07-08T00:54:43.760+0000: 1117.310: [GC [PSYoungGen: 277109K->1204K(270336K)] 457110K->181261K(957312K), 0.0168250 secs] [Times: user=0.06 sys=0.00, real=0.02 secs] 
2014-07-08T00:54:45.004+0000: 1118.554: [GC [PSYoungGen: 270324K->1012K(263296K)] 450381K->181125K(950272K), 0.0106180 secs] [Times: user=0.04 sys=0.00, real=0.01 secs] 
2014-07-08T00:54:46.202+0000: 1119.753: [GC [PSYoungGen: 263277K->1268K(256960K)] 443390K->181421K(943936K), 0.0078610 secs] [Times: user=0.02 sys=0.00, real=0.01 secs] 
2014-07-08T00:54:47.384+0000: 1120.935: [GC [PSYoungGen: 256948K->802K(307648K)] 437101K->181109K(994624K), 0.0219310 secs] [Times: user=0.08 sys=0.00, real=0.03 secs] 
2014-07-08T00:54:48.806+0000: 1122.356: [GC [PSYoungGen: 307618K->1254K(369472K)] 487925K->181601K(1056448K), 0.0135590 secs] [Times: user=0.05 sys=0.00, real=0.01 secs] 
2014-07-08T00:54:50.469+0000: 1124.020: [GC [PSYoungGen: 369446K->1012K(358400K)] 549793K->181643K(1045376K), 0.0074700 secs] [Times: user=0.01 sys=0.00, real=0.01 secs] 
2014-07-08T00:54:52.108+0000: 1125.659: [GC [PSYoungGen: 358367K->1282K(348352K)] 538998K->181961K(1035328K), 0.0057900 secs] [Times: user=0.02 sys=0.01, real=0.00 secs] 
2014-07-08T00:54:53.711+0000: 1127.262: [GC [PSYoungGen: 348290K->766K(337856K)] 528969K->181843K(1024832K), 0.0161630 secs] [Times: user=0.06 sys=0.00, real=0.02 secs] 
2014-07-08T00:54:55.238+0000: 1128.789: [GC [PSYoungGen: 337843K->1400K(328960K)] 518920K->182525K(1015936K), 0.0071140 secs] [Times: user=0.02 sys=0.00, real=0.00 secs] 
2014-07-08T00:54:56.744+0000: 1130.294: [GC [PSYoungGen: 328921K->928K(319360K)] 510046K->182736K(1006336K), 0.0048550 secs] [Times: user=0.01 sys=0.01, real=0.01 secs] 
2014-07-08T00:54:58.215+0000: 1131.765: [GC [PSYoungGen: 319321K->1190K(310848K)] 501128K->183046K(997824K), 0.0086250 secs] [Times: user=0.03 sys=0.00, real=0.01 secs] 
2014-07-08T00:54:59.658+0000: 1133.208: [GC [PSYoungGen: 310822K->1190K(302400K)] 492678K->183216K(989376K), 0.0049330 secs] [Times: user=0.01 sys=0.00, real=0.00 secs] 
2014-07-08T00:55:01.042+0000: 1134.592: [GC [PSYoungGen: 302374K->1108K(294272K)] 484400K->183166K(981248K), 0.0110610 secs] [Times: user=0.03 sys=0.00, real=0.01 secs] 
2014-07-08T00:55:02.400+0000: 1135.950: [GC [PSYoungGen: 294228K->1012K(286400K)] 476286K->183206K(973376K), 0.0114380 secs] [Times: user=0.04 sys=0.00, real=0.01 secs] 
2014-07-08T00:55:03.718+0000: 1137.268: [GC [PSYoungGen: 286388K->1531K(279424K)] 468582K->183789K(966400K), 0.0119320 secs] [Times: user=0.04 sys=0.00, real=0.01 secs] 
2014-07-08T00:55:04.958+0000: 1138.508: [GC [PSYoungGen: 279408K->702K(271424K)] 461666K->183278K(958400K), 0.0047380 secs] [Times: user=0.02 sys=0.00, real=0.01 secs] 
2014-07-08T00:55:06.204+0000: 1139.754: [GC [PSYoungGen: 271420K->1250K(265088K)] 453996K->183924K(952064K), 0.0104440 secs] [Times: user=0.03 sys=0.00, real=0.01 secs] 
2014-07-08T00:55:07.407+0000: 1140.957: [GC [PSYoungGen: 265032K->948K(258112K)] 447706K->183736K(945088K), 0.0042270 secs] [Times: user=0.01 sys=0.00, real=0.01 secs] 
2014-07-08T00:55:08.576+0000: 1142.126: [GC [PSYoungGen: 258083K->1044K(251840K)] 440870K->183872K(938816K), 0.0107810 secs] [Times: user=0.02 sys=0.00, real=0.01 secs] 
2014-07-08T00:55:09.726+0000: 1143.276: [GC [PSYoungGen: 251752K->1208K(245824K)] 434580K->184060K(932800K), 0.0102420 secs] [Times: user=0.04 sys=0.00, real=0.01 secs] 
2014-07-08T00:55:10.816+0000: 1144.366: [GC [PSYoungGen: 245816K->1296K(240000K)] 428668K->184180K(926976K), 0.0109050 secs] [Times: user=0.04 sys=0.00, real=0.01 secs] 
2014-07-08T00:55:11.921+0000: 1145.472: [GC [PSYoungGen: 239952K->702K(233664K)] 422836K->183944K(920640K), 0.0146410 secs] [Times: user=0.06 sys=0.00, real=0.01 secs] 
2014-07-08T00:55:12.997+0000: 1146.548: [GC [PSYoungGen: 233653K->1581K(229056K)] 416895K->184943K(916032K), 0.0054320 secs] [Times: user=0.01 sys=0.00, real=0.01 secs] 
2014-07-08T00:55:14.013+0000: 1147.563: [GC [PSYoungGen: 229016K->948K(223104K)] 412378K->184628K(910080K), 0.0097180 secs] [Times: user=0.04 sys=0.00, real=0.01 secs] 
2014-07-08T00:55:15.042+0000: 1148.592: [GC [PSYoungGen: 223092K->1332K(218368K)] 406772K->185076K(905344K), 0.0050660 secs] [Times: user=0.02 sys=0.00, real=0.00 secs] 
2014-07-08T00:55:16.117+0000: 1149.667: [GC [PSYoungGen: 218356K->1190K(213312K)] 402100K->185080K(900288K), 0.0125510 secs] [Times: user=0.04 sys=0.00, real=0.01 secs] 
2014-07-08T00:55:17.010+0000: 1150.561: [GC [PSYoungGen: 213286K->1200K(208576K)] 397176K->185170K(895552K), 0.0096060 secs] [Times: user=0.03 sys=0.00, real=0.01 secs] 
2014-07-08T00:55:17.961+0000: 1151.511: [GC [PSYoungGen: 208560K->948K(249792K)] 392530K->185294K(936768K), 0.0169650 secs] [Times: user=0.05 sys=0.00, real=0.02 secs] 
2014-07-08T00:55:19.080+0000: 1152.631: [GC [PSYoungGen: 249780K->1130K(299776K)] 434126K->185500K(986752K), 0.0284980 secs] [Times: user=0.10 sys=0.00, real=0.03 secs] 
2014-07-08T00:55:20.465+0000: 1154.015: [GC [PSYoungGen: 299713K->998K(359424K)] 484083K->185566K(1046400K), 0.0086110 secs] [Times: user=0.01 sys=0.00, real=0.01 secs] 
2014-07-08T00:55:22.127+0000: 1155.677: [GC [PSYoungGen: 359387K->1140K(431232K)] 543955K->185748K(1118208K), 0.0047260 secs] [Times: user=0.02 sys=0.00, real=0.01 secs] 
2014-07-08T00:55:24.086+0000: 1157.636: [GC [PSYoungGen: 431181K->1204K(417856K)] 615789K->185956K(1104832K), 0.0151620 secs] [Times: user=0.05 sys=0.00, real=0.01 secs] 
2014-07-08T00:55:25.968+0000: 1159.518: [GC [PSYoungGen: 417801K->1140K(404928K)] 602553K->185940K(1091904K), 0.0185160 secs] [Times: user=0.07 sys=0.00, real=0.02 secs] 
2014-07-08T00:55:27.836+0000: 1161.387: [GC [PSYoungGen: 404916K->887K(392384K)] 589716K->185984K(1079360K), 0.0088110 secs] [Times: user=0.03 sys=0.00, real=0.01 secs] 
2014-07-08T00:55:29.614+0000: 1163.164: [GC [PSYoungGen: 392360K->1190K(380928K)] 577457K->186311K(1067904K), 0.0053960 secs] [Times: user=0.01 sys=0.01, real=0.00 secs] 
2014-07-08T00:55:31.348+0000: 1164.898: [GC [PSYoungGen: 380902K->1001K(369472K)] 566023K->186416K(1056448K), 0.0033830 secs] [Times: user=0.01 sys=0.00, real=0.00 secs] 
2014-07-08T00:55:33.034+0000: 1166.584: [GC [PSYoungGen: 369445K->1204K(358848K)] 554860K->186731K(1045824K), 0.0101690 secs] [Times: user=0.03 sys=0.00, real=0.01 secs] 
2014-07-08T00:55:34.672+0000: 1168.222: [GC [PSYoungGen: 358836K->884K(348160K)] 544363K->186579K(1035136K), 0.0138460 secs] [Times: user=0.05 sys=0.00, real=0.02 secs] 
2014-07-08T00:55:36.238+0000: 1169.788: [GC [PSYoungGen: 348148K->1208K(338560K)] 533843K->186959K(1025536K), 0.0072230 secs] [Times: user=0.02 sys=0.00, real=0.01 secs] 
2014-07-08T00:55:37.800+0000: 1171.350: [GC [PSYoungGen: 338552K->866K(328704K)] 524303K->186811K(1015680K), 0.0103600 secs] [Times: user=0.04 sys=0.00, real=0.01 secs] 
2014-07-08T00:55:39.319+0000: 1172.869: [GC [PSYoungGen: 328674K->1268K(319936K)] 514619K->187245K(1006912K), 0.0121910 secs] [Times: user=0.04 sys=0.00, real=0.01 secs] 
2014-07-08T00:55:40.802+0000: 1174.353: [GC [PSYoungGen: 319884K->830K(310720K)] 505861K->187101K(997696K), 0.0222170 secs] [Times: user=0.08 sys=0.00, real=0.03 secs] 
2014-07-08T00:55:42.239+0000: 1175.789: [GC [PSYoungGen: 310712K->1012K(302464K)] 496983K->187347K(989440K), 0.0036530 secs] [Times: user=0.01 sys=0.00, real=0.00 secs] 
2014-07-08T00:55:43.595+0000: 1177.146: [GC [PSYoungGen: 302452K->1136K(294528K)] 488787K->187666K(981504K), 0.0211020 secs] [Times: user=0.08 sys=0.00, real=0.02 secs] 
2014-07-08T00:55:44.934+0000: 1178.485: [GC [PSYoungGen: 294512K->1140K(286720K)] 481042K->187709K(973696K), 0.0130020 secs] [Times: user=0.04 sys=0.00, real=0.02 secs] 
2014-07-08T00:55:46.237+0000: 1179.787: [GC [PSYoungGen: 286708K->702K(278784K)] 473277K->187629K(965760K), 0.0047650 secs] [Times: user=0.01 sys=0.00, real=0.00 secs] 
2014-07-08T00:55:47.484+0000: 1181.034: [GC [PSYoungGen: 278782K->1094K(272064K)] 465709K->188061K(959040K), 0.0063030 secs] [Times: user=0.02 sys=0.00, real=0.01 secs] 
2014-07-08T00:55:48.718+0000: 1182.269: [GC [PSYoungGen: 271939K->1133K(265152K)] 458907K->188441K(952128K), 0.0046470 secs] [Times: user=0.01 sys=0.00, real=0.00 secs] 
2014-07-08T00:55:49.908+0000: 1183.458: [GC [PSYoungGen: 265092K->1094K(258496K)] 452400K->188425K(945472K), 0.0039680 secs] [Times: user=0.01 sys=0.00, real=0.00 secs] 
2014-07-08T00:55:51.053+0000: 1184.603: [GC [PSYoungGen: 258438K->816K(251776K)] 445769K->188537K(938752K), 0.0114680 secs] [Times: user=0.04 sys=0.00, real=0.01 secs] 
2014-07-08T00:55:52.209+0000: 1185.760: [GC [PSYoungGen: 251760K->1162K(246016K)] 439481K->188948K(932992K), 0.0076260 secs] [Times: user=0.01 sys=0.00, real=0.01 secs] 
2014-07-08T00:55:53.327+0000: 1186.877: [GC [PSYoungGen: 245962K->1076K(239936K)] 433748K->189196K(926912K), 0.0076170 secs] [Times: user=0.02 sys=0.00, real=0.00 secs] 
2014-07-08T00:55:54.430+0000: 1187.980: [GC [PSYoungGen: 239923K->1140K(234304K)] 428043K->189308K(921280K), 0.0068300 secs] [Times: user=0.03 sys=0.00, real=0.01 secs] 
2014-07-08T00:55:55.512+0000: 1189.062: [GC [PSYoungGen: 234292K->866K(228544K)] 422460K->189308K(915520K), 0.0114490 secs] [Times: user=0.03 sys=0.00, real=0.01 secs] 
2014-07-08T00:55:56.544+0000: 1190.095: [GC [PSYoungGen: 228514K->1062K(223424K)] 416956K->189528K(910400K), 0.0035130 secs] [Times: user=0.01 sys=0.00, real=0.01 secs] 
2014-07-08T00:55:57.568+0000: 1191.119: [GC [PSYoungGen: 223367K->1022K(218240K)] 411833K->189774K(905216K), 0.0090360 secs] [Times: user=0.03 sys=0.00, real=0.01 secs] 
2014-07-08T00:55:58.563+0000: 1192.113: [GC [PSYoungGen: 218190K->1446K(213760K)] 406941K->190230K(900736K), 0.0133240 secs] [Times: user=0.04 sys=0.00, real=0.01 secs] 
2014-07-08T00:55:59.499+0000: 1193.049: [GC [PSYoungGen: 213690K->620K(208192K)] 402474K->190136K(895168K), 0.0042330 secs] [Times: user=0.02 sys=0.00, real=0.00 secs] 
2014-07-08T00:56:00.441+0000: 1193.992: [GC [PSYoungGen: 208161K->1244K(204224K)] 397677K->190792K(891200K), 0.0040190 secs] [Times: user=0.01 sys=0.00, real=0.00 secs] 
2014-07-08T00:56:01.379+0000: 1194.929: [GC [PSYoungGen: 204141K->1330K(199872K)] 393690K->191591K(886848K), 0.0082220 secs] [Times: user=0.03 sys=0.00, real=0.00 secs] 
2014-07-08T00:56:02.288+0000: 1195.839: [GC [PSYoungGen: 199858K->1190K(239488K)] 390119K->191605K(926464K), 0.0201440 secs] [Times: user=0.07 sys=0.00, real=0.02 secs] 
2014-07-08T00:56:03.387+0000: 1196.937: [GC [PSYoungGen: 239462K->1076K(233664K)] 429877K->191621K(920640K), 0.0071800 secs] [Times: user=0.03 sys=0.00, real=0.01 secs] 
2014-07-08T00:56:04.446+0000: 1197.997: [GC [PSYoungGen: 233563K->1229K(228352K)] 424108K->191822K(915328K), 0.0070940 secs] [Times: user=0.02 sys=0.00, real=0.01 secs] 
2014-07-08T00:56:05.476+0000: 1199.027: [GC [PSYoungGen: 228301K->998K(222784K)] 418894K->191615K(909760K), 0.0042860 secs] [Times: user=0.01 sys=0.00, real=0.01 secs] 
2014-07-08T00:56:06.521+0000: 1200.071: [GC [PSYoungGen: 222723K->998K(217664K)] 413341K->191639K(904640K), 0.0143830 secs] [Times: user=0.04 sys=0.01, real=0.01 secs] 
2014-07-08T00:56:07.514+0000: 1201.064: [GC [PSYoungGen: 217599K->998K(212736K)] 408240K->191663K(899712K), 0.0091160 secs] [Times: user=0.03 sys=0.00, real=0.01 secs] 
2014-07-08T00:56:08.458+0000: 1202.008: [GC [PSYoungGen: 212688K->1048K(208064K)] 403353K->191737K(895040K), 0.0075340 secs] [Times: user=0.03 sys=0.00, real=0.01 secs] 
2014-07-08T00:56:09.411+0000: 1202.961: [GC [PSYoungGen: 208024K->948K(203328K)] 398713K->191669K(890304K), 0.0049160 secs] [Times: user=0.01 sys=0.00, real=0.00 secs] 
2014-07-08T00:56:10.335+0000: 1203.885: [GC [PSYoungGen: 203300K->1183K(199168K)] 394021K->191928K(886144K), 0.0037710 secs] [Times: user=0.01 sys=0.00, real=0.00 secs] 
2014-07-08T00:56:11.235+0000: 1204.785: [GC [PSYoungGen: 199100K->1062K(194752K)] 389845K->191847K(881728K), 0.0120320 secs] [Times: user=0.05 sys=0.00, real=0.01 secs] 
2014-07-08T00:56:12.120+0000: 1205.670: [GC [PSYoungGen: 194724K->1204K(190784K)] 385509K->192101K(877760K), 0.0083490 secs] [Times: user=0.02 sys=0.00, real=0.00 secs] 
2014-07-08T00:56:12.986+0000: 1206.536: [GC [PSYoungGen: 190772K->980K(186624K)] 381669K->191949K(873600K), 0.0085390 secs] [Times: user=0.03 sys=0.00, real=0.01 secs] 
2014-07-08T00:56:13.844+0000: 1207.394: [GC [PSYoungGen: 186580K->1144K(182912K)] 377549K->192161K(869888K), 0.0108550 secs] [Times: user=0.03 sys=0.00, real=0.01 secs] 
2014-07-08T00:56:14.662+0000: 1208.213: [GC [PSYoungGen: 182870K->948K(179008K)] 373887K->191981K(865984K), 0.0049330 secs] [Times: user=0.01 sys=0.00, real=0.00 secs] 
2014-07-08T00:56:15.463+0000: 1209.013: [GC [PSYoungGen: 178993K->916K(175424K)] 370026K->191965K(862400K), 0.0050880 secs] [Times: user=0.01 sys=0.00, real=0.00 secs] 
2014-07-08T00:56:16.252+0000: 1209.803: [GC [PSYoungGen: 175369K->1080K(172032K)] 366418K->192161K(859008K), 0.0068890 secs] [Times: user=0.01 sys=0.01, real=0.01 secs] 
2014-07-08T00:56:17.056+0000: 1210.607: [GC [PSYoungGen: 171985K->1108K(168704K)] 363066K->192221K(855680K), 0.0125750 secs] [Times: user=0.04 sys=0.00, real=0.01 secs] 
2014-07-08T00:56:17.830+0000: 1211.380: [GC [PSYoungGen: 168660K->866K(165184K)] 359773K->192261K(852160K), 0.0062590 secs] [Times: user=0.01 sys=0.00, real=0.01 secs] 
2014-07-08T00:56:18.578+0000: 1212.128: [GC [PSYoungGen: 165154K->1222K(198464K)] 356549K->192641K(885440K), 0.0116580 secs] [Times: user=0.04 sys=0.01, real=0.01 secs] 
2014-07-08T00:56:19.496+0000: 1213.046: [GC [PSYoungGen: 198379K->802K(193792K)] 389798K->192687K(880768K), 0.0045610 secs] [Times: user=0.01 sys=0.00, real=0.01 secs] 
2014-07-08T00:56:20.381+0000: 1213.932: [GC [PSYoungGen: 193762K->1446K(233024K)] 385647K->193421K(920000K), 0.0245980 secs] [Times: user=0.08 sys=0.00, real=0.02 secs] 
2014-07-08T00:56:21.412+0000: 1214.963: [GC [PSYoungGen: 232998K->702K(278592K)] 424973K->193457K(965568K), 0.0040610 secs] [Times: user=0.01 sys=0.01, real=0.00 secs] 
2014-07-08T00:56:22.672+0000: 1216.222: [GC [PSYoungGen: 278566K->1258K(334784K)] 471321K->194119K(1021760K), 0.0128030 secs] [Times: user=0.05 sys=0.00, real=0.01 secs] 
2014-07-08T00:56:24.199+0000: 1217.750: [GC [PSYoungGen: 334750K->1264K(325440K)] 527612K->194412K(1012416K), 0.0071450 secs] [Times: user=0.03 sys=0.00, real=0.01 secs] 
2014-07-08T00:56:25.679+0000: 1219.230: [GC [PSYoungGen: 325424K->1325K(316480K)] 518572K->194521K(1003456K), 0.0116590 secs] [Times: user=0.04 sys=0.00, real=0.02 secs] 
2014-07-08T00:56:27.110+0000: 1220.661: [GC [PSYoungGen: 316414K->752K(307264K)] 509610K->194151K(994240K), 0.0038710 secs] [Times: user=0.02 sys=0.00, real=0.01 secs] 
2014-07-08T00:56:28.532+0000: 1222.082: [GC [PSYoungGen: 307208K->1411K(299648K)] 500607K->194851K(986624K), 0.0086610 secs] [Times: user=0.03 sys=0.00, real=0.00 secs] 
2014-07-08T00:56:29.899+0000: 1223.449: [GC [PSYoungGen: 299587K->980K(291264K)] 493027K->194584K(978240K), 0.0054050 secs] [Times: user=0.01 sys=0.00, real=0.01 secs] 
2014-07-08T00:56:31.224+0000: 1224.775: [GC [PSYoungGen: 291211K->1044K(283648K)] 484815K->194672K(970624K), 0.0093190 secs] [Times: user=0.03 sys=0.00, real=0.01 secs] 
2014-07-08T00:56:32.500+0000: 1226.050: [GC [PSYoungGen: 283574K->1172K(276416K)] 477201K->194888K(963392K), 0.0075930 secs] [Times: user=0.01 sys=0.01, real=0.01 secs] 
2014-07-08T00:56:33.777+0000: 1227.327: [GC [PSYoungGen: 276372K->1328K(269440K)] 470088K->195124K(956416K), 0.0140630 secs] [Times: user=0.05 sys=0.00, real=0.01 secs] 
2014-07-08T00:56:35.021+0000: 1228.571: [GC [PSYoungGen: 269424K->702K(262016K)] 463220K->194892K(948992K), 0.0171090 secs] [Times: user=0.06 sys=0.00, real=0.02 secs] 
2014-07-08T00:56:36.232+0000: 1229.783: [GC [PSYoungGen: 261972K->1550K(256384K)] 456162K->195780K(943360K), 0.0079620 secs] [Times: user=0.02 sys=0.00, real=0.00 secs] 
2014-07-08T00:56:37.377+0000: 1230.928: [GC [PSYoungGen: 256334K->948K(249472K)] 450564K->195392K(936448K), 0.0045550 secs] [Times: user=0.01 sys=0.00, real=0.00 secs] 
2014-07-08T00:56:38.508+0000: 1232.058: [GC [PSYoungGen: 249460K->1072K(243520K)] 443904K->195532K(930496K), 0.0045820 secs] [Times: user=0.01 sys=0.00, real=0.00 secs] 
2014-07-08T00:56:39.641+0000: 1233.191: [GC [PSYoungGen: 243504K->1108K(237760K)] 437964K->195600K(924736K), 0.0095030 secs] [Times: user=0.03 sys=0.00, real=0.01 secs] 
2014-07-08T00:56:40.727+0000: 1234.277: [GC [PSYoungGen: 237692K->1268K(232256K)] 432184K->195808K(919232K), 0.0093610 secs] [Times: user=0.03 sys=0.00, real=0.01 secs] 
2014-07-08T00:56:41.801+0000: 1235.351: [GC [PSYoungGen: 232244K->830K(226368K)] 426784K->195784K(913344K), 0.0086220 secs] [Times: user=0.03 sys=0.01, real=0.02 secs] 
2014-07-08T00:56:42.846+0000: 1236.397: [GC [PSYoungGen: 226366K->1108K(221440K)] 421320K->196126K(908416K), 0.0119500 secs] [Times: user=0.04 sys=0.00, real=0.01 secs] 
2014-07-08T00:56:43.860+0000: 1237.410: [GC [PSYoungGen: 221396K->1076K(216320K)] 416414K->196214K(903296K), 0.0086250 secs] [Times: user=0.03 sys=0.00, real=0.01 secs] 
2014-07-08T00:56:44.851+0000: 1238.401: [GC [PSYoungGen: 216308K->1268K(259584K)] 411446K->196438K(946560K), 0.0183970 secs] [Times: user=0.06 sys=0.00, real=0.02 secs] 
2014-07-08T00:56:46.011+0000: 1239.561: [GC [PSYoungGen: 259540K->752K(252608K)] 454710K->196356K(939584K), 0.0065840 secs] [Times: user=0.01 sys=0.00, real=0.01 secs] 
2014-07-08T00:56:47.229+0000: 1240.780: [GC [PSYoungGen: 252592K->1396K(247040K)] 448196K->197024K(934016K), 0.0060210 secs] [Times: user=0.01 sys=0.00, real=0.01 secs] 
2014-07-08T00:56:48.276+0000: 1241.827: [GC [PSYoungGen: 247024K->948K(240640K)] 442652K->196950K(927616K), 0.0110850 secs] [Times: user=0.04 sys=0.00, real=0.01 secs] 
2014-07-08T00:56:49.367+0000: 1242.917: [GC [PSYoungGen: 240613K->1538K(289216K)] 436615K->197564K(976192K), 0.0155800 secs] [Times: user=0.05 sys=0.00, real=0.01 secs] 
2014-07-08T00:56:50.696+0000: 1244.247: [GC [PSYoungGen: 289154K->702K(280768K)] 485180K->197342K(967744K), 0.0046220 secs] [Times: user=0.01 sys=0.00, real=0.00 secs] 
2014-07-08T00:56:51.973+0000: 1245.523: [GC [PSYoungGen: 280743K->1386K(274240K)] 477384K->198075K(961216K), 0.0072820 secs] [Times: user=0.02 sys=0.00, real=0.01 secs] 
2014-07-08T00:56:53.188+0000: 1246.738: [GC [PSYoungGen: 274218K->980K(266880K)] 470907K->197920K(953856K), 0.0048220 secs] [Times: user=0.01 sys=0.00, real=0.00 secs] 
2014-07-08T00:56:54.418+0000: 1247.968: [GC [PSYoungGen: 266836K->1136K(260288K)] 463776K->198125K(947264K), 0.0059090 secs] [Times: user=0.01 sys=0.00, real=0.00 secs] 
2014-07-08T00:56:55.599+0000: 1249.149: [GC [PSYoungGen: 260272K->1108K(253824K)] 457261K->198136K(940800K), 0.0033470 secs] [Times: user=0.01 sys=0.00, real=0.00 secs] 
2014-07-08T00:56:56.743+0000: 1250.294: [GC [PSYoungGen: 253780K->1044K(247552K)] 450808K->198112K(934528K), 0.0040680 secs] [Times: user=0.02 sys=0.00, real=0.01 secs] 
2014-07-08T00:56:57.853+0000: 1251.403: [GC [PSYoungGen: 247508K->1126K(241600K)] 444576K->198283K(928576K), 0.0109960 secs] [Times: user=0.04 sys=0.00, real=0.01 secs] 
2014-07-08T00:56:58.952+0000: 1252.503: [GC [PSYoungGen: 241574K->980K(235712K)] 438731K->198176K(922688K), 0.0040290 secs] [Times: user=0.01 sys=0.00, real=0.01 secs] 
2014-07-08T00:57:00.021+0000: 1253.572: [GC [PSYoungGen: 235668K->1076K(230208K)] 432864K->198392K(917184K), 0.0083050 secs] [Times: user=0.01 sys=0.00, real=0.01 secs] 
2014-07-08T00:57:01.063+0000: 1254.614: [GC [PSYoungGen: 230196K->1094K(224896K)] 427512K->198427K(911872K), 0.0053160 secs] [Times: user=0.01 sys=0.00, real=0.01 secs] 
2014-07-08T00:57:02.106+0000: 1255.656: [GC [PSYoungGen: 224836K->886K(219456K)] 422168K->199160K(906432K), 0.0142780 secs] [Times: user=0.05 sys=0.00, real=0.03 secs] 
2014-07-08T00:57:03.101+0000: 1256.651: [GC [PSYoungGen: 219444K->1158K(214784K)] 417718K->199487K(901760K), 0.0122600 secs] [Times: user=0.04 sys=0.00, real=0.01 secs] 
2014-07-08T00:57:04.075+0000: 1257.625: [GC [PSYoungGen: 214726K->1172K(257536K)] 413055K->199639K(944512K), 0.0163110 secs] [Times: user=0.06 sys=0.00, real=0.02 secs] 
2014-07-08T00:57:05.256+0000: 1258.806: [GC [PSYoungGen: 257448K->1076K(251072K)] 455916K->199583K(938048K), 0.0095960 secs] [Times: user=0.04 sys=0.00, real=0.01 secs] 
2014-07-08T00:57:06.388+0000: 1259.938: [GC [PSYoungGen: 251046K->1058K(244928K)] 449554K->199647K(931904K), 0.0072700 secs] [Times: user=0.02 sys=0.00, real=0.00 secs] 
2014-07-08T00:57:07.515+0000: 1261.065: [GC [PSYoungGen: 244898K->1076K(239040K)] 443487K->199713K(926016K), 0.0095600 secs] [Times: user=0.04 sys=0.00, real=0.01 secs] 
2014-07-08T00:57:08.607+0000: 1262.157: [GC [PSYoungGen: 238978K->1204K(233472K)] 437615K->199898K(920448K), 0.0109750 secs] [Times: user=0.03 sys=0.00, real=0.02 secs] 
2014-07-08T00:57:09.690+0000: 1263.240: [GC [PSYoungGen: 233460K->1044K(227840K)] 432154K->199769K(914816K), 0.0041840 secs] [Times: user=0.02 sys=0.01, real=0.00 secs] 
2014-07-08T00:57:10.759+0000: 1264.309: [GC [PSYoungGen: 227796K->954K(222464K)] 426521K->200006K(909440K), 0.0054790 secs] [Times: user=0.01 sys=0.00, real=0.00 secs] 
2014-07-08T00:57:11.772+0000: 1265.322: [GC [PSYoungGen: 222409K->1595K(218048K)] 421461K->200711K(905024K), 0.0045420 secs] [Times: user=0.01 sys=0.00, real=0.00 secs] 
2014-07-08T00:57:12.775+0000: 1266.326: [GC [PSYoungGen: 218043K->684K(212224K)] 417159K->200352K(899200K), 0.0155690 secs] [Times: user=0.05 sys=0.00, real=0.02 secs] 
2014-07-08T00:57:13.736+0000: 1267.287: [GC [PSYoungGen: 212204K->1208K(255040K)] 411872K->200932K(942016K), 0.0323250 secs] [Times: user=0.11 sys=0.00, real=0.04 secs] 
2014-07-08T00:57:14.882+0000: 1268.432: [GC [PSYoungGen: 255032K->1012K(305664K)] 454756K->200924K(992640K), 0.0102660 secs] [Times: user=0.03 sys=0.01, real=0.01 secs] 
2014-07-08T00:57:16.263+0000: 1269.813: [GC [PSYoungGen: 305652K->948K(366528K)] 505564K->200908K(1053504K), 0.0059320 secs] [Times: user=0.01 sys=0.00, real=0.01 secs] 
2014-07-08T00:57:17.921+0000: 1271.472: [GC [PSYoungGen: 366516K->1044K(355968K)] 566476K->201036K(1042944K), 0.0102190 secs] [Times: user=0.03 sys=0.00, real=0.01 secs] 
2014-07-08T00:57:19.557+0000: 1273.108: [GC [PSYoungGen: 355924K->1272K(345920K)] 555916K->201312K(1032896K), 0.0097590 secs] [Times: user=0.04 sys=0.00, real=0.01 secs] 
2014-07-08T00:57:21.140+0000: 1274.690: [GC [PSYoungGen: 345912K->866K(335680K)] 545952K->201108K(1022656K), 0.0114560 secs] [Times: user=0.04 sys=0.00, real=0.01 secs] 
2014-07-08T00:57:22.680+0000: 1276.230: [GC [PSYoungGen: 335615K->1190K(326592K)] 535857K->201512K(1013568K), 0.0048580 secs] [Times: user=0.01 sys=0.00, real=0.00 secs] 
2014-07-08T00:57:24.187+0000: 1277.738: [GC [PSYoungGen: 326564K->1136K(317504K)] 526886K->201602K(1004480K), 0.0094470 secs] [Times: user=0.03 sys=0.00, real=0.01 secs] 
2014-07-08T00:57:25.629+0000: 1279.179: [GC [PSYoungGen: 317448K->1314K(308992K)] 517914K->201820K(995968K), 0.0099530 secs] [Times: user=0.04 sys=0.00, real=0.01 secs] 
2014-07-08T00:57:27.055+0000: 1280.606: [GC [PSYoungGen: 308957K->620K(299968K)] 509462K->201544K(986944K), 0.0040690 secs] [Times: user=0.01 sys=0.00, real=0.00 secs] 
2014-07-08T00:57:28.432+0000: 1281.982: [GC [PSYoungGen: 299948K->1378K(292736K)] 500872K->202326K(979712K), 0.0088710 secs] [Times: user=0.03 sys=0.00, real=0.01 secs] 
2014-07-08T00:57:29.756+0000: 1283.306: [GC [PSYoungGen: 292706K->1172K(284864K)] 493654K->202282K(971840K), 0.0065560 secs] [Times: user=0.01 sys=0.00, real=0.01 secs] 
2014-07-08T00:57:31.053+0000: 1284.604: [GC [PSYoungGen: 284807K->1204K(277440K)] 485917K->202354K(964416K), 0.0087100 secs] [Times: user=0.03 sys=0.00, real=0.01 secs] 
2014-07-08T00:57:32.330+0000: 1285.880: [GC [PSYoungGen: 277422K->816K(269952K)] 478572K->202210K(956928K), 0.0051200 secs] [Times: user=0.01 sys=0.01, real=0.01 secs] 
2014-07-08T00:57:33.567+0000: 1287.118: [GC [PSYoungGen: 269936K->1076K(263360K)] 471330K->202534K(950336K), 0.0103660 secs] [Times: user=0.03 sys=0.00, real=0.01 secs] 
2014-07-08T00:57:34.766+0000: 1288.317: [GC [PSYoungGen: 263345K->1204K(256896K)] 464803K->202726K(943872K), 0.0040300 secs] [Times: user=0.01 sys=0.01, real=0.00 secs] 
2014-07-08T00:57:35.951+0000: 1289.501: [GC [PSYoungGen: 256882K->1204K(250560K)] 458404K->202774K(937536K), 0.0137430 secs] [Times: user=0.04 sys=0.00, real=0.02 secs] 
2014-07-08T00:57:37.097+0000: 1290.647: [GC [PSYoungGen: 250548K->570K(243840K)] 452118K->202598K(930816K), 0.0115270 secs] [Times: user=0.04 sys=0.00, real=0.01 secs] 
2014-07-08T00:57:38.200+0000: 1291.751: [GC [PSYoungGen: 243802K->1244K(238656K)] 445831K->203296K(925632K), 0.0088330 secs] [Times: user=0.03 sys=0.00, real=0.01 secs] 
2014-07-08T00:57:39.292+0000: 1292.842: [GC [PSYoungGen: 238524K->1122K(232896K)] 440577K->203506K(919872K), 0.0131380 secs] [Times: user=0.04 sys=0.00, real=0.02 secs] 
2014-07-08T00:57:40.344+0000: 1293.894: [GC [PSYoungGen: 232866K->1062K(227392K)] 435250K->203470K(914368K), 0.0048420 secs] [Times: user=0.01 sys=0.00, real=0.00 secs] 
2014-07-08T00:57:41.370+0000: 1294.920: [GC [PSYoungGen: 227366K->884K(221952K)] 429774K->203534K(908928K), 0.0058280 secs] [Times: user=0.02 sys=0.00, real=0.01 secs] 
2014-07-08T00:57:42.374+0000: 1295.925: [GC [PSYoungGen: 221939K->1044K(217088K)] 424589K->203766K(904064K), 0.0144410 secs] [Times: user=0.05 sys=0.00, real=0.01 secs] 
2014-07-08T00:57:43.368+0000: 1296.918: [GC [PSYoungGen: 217044K->1136K(260352K)] 419766K->204098K(947328K), 0.0227960 secs] [Times: user=0.08 sys=0.00, real=0.02 secs] 
2014-07-08T00:57:44.556+0000: 1298.106: [GC [PSYoungGen: 260336K->1140K(312192K)] 463298K->204150K(999168K), 0.0066110 secs] [Times: user=0.03 sys=0.01, real=0.00 secs] 
2014-07-08T00:57:45.994+0000: 1299.544: [GC [PSYoungGen: 312180K->802K(303424K)] 515190K->204078K(990400K), 0.0097290 secs] [Times: user=0.03 sys=0.00, real=0.01 secs] 
2014-07-08T00:57:47.420+0000: 1300.970: [GC [PSYoungGen: 303394K->1062K(295552K)] 506670K->204370K(982528K), 0.0059670 secs] [Times: user=0.02 sys=0.00, real=0.01 secs] 
2014-07-08T00:57:48.766+0000: 1302.316: [GC [PSYoungGen: 295526K->1200K(287872K)] 498834K->204670K(974848K), 0.0136230 secs] [Times: user=0.05 sys=0.00, real=0.01 secs] 
2014-07-08T00:57:50.083+0000: 1303.633: [GC [PSYoungGen: 287856K->1044K(280256K)] 491326K->204554K(967232K), 0.0048660 secs] [Times: user=0.02 sys=0.00, real=0.01 secs] 
2014-07-08T00:57:51.360+0000: 1304.910: [GC [PSYoungGen: 280212K->816K(272768K)] 483722K->204602K(959744K), 0.0099300 secs] [Times: user=0.03 sys=0.00, real=0.01 secs] 
2014-07-08T00:57:52.596+0000: 1306.147: [GC [PSYoungGen: 272709K->1044K(266048K)] 476496K->204902K(953024K), 0.0099380 secs] [Times: user=0.01 sys=0.00, real=0.01 secs] 
2014-07-08T00:57:53.850+0000: 1307.400: [GC [PSYoungGen: 266004K->1204K(259520K)] 469862K->205214K(946496K), 0.0197560 secs] [Times: user=0.07 sys=0.00, real=0.02 secs] 
2014-07-08T00:57:54.997+0000: 1308.547: [GC [PSYoungGen: 259508K->1044K(252928K)] 463518K->205118K(939904K), 0.0052320 secs] [Times: user=0.01 sys=0.00, real=0.00 secs] 
2014-07-08T00:57:56.141+0000: 1309.691: [GC [PSYoungGen: 252841K->802K(246464K)] 456915K->205244K(933440K), 0.0171350 secs] [Times: user=0.06 sys=0.00, real=0.02 secs] 
2014-07-08T00:57:57.274+0000: 1310.825: [GC [PSYoungGen: 246434K->1062K(295872K)] 450876K->205520K(982848K), 0.0149610 secs] [Times: user=0.05 sys=0.00, real=0.02 secs] 
2014-07-08T00:57:58.610+0000: 1312.160: [GC [PSYoungGen: 295846K->1210K(355008K)] 500304K->205889K(1041984K), 0.0138910 secs] [Times: user=0.05 sys=0.00, real=0.01 secs] 
2014-07-08T00:58:00.253+0000: 1313.804: [GC [PSYoungGen: 355002K->1168K(344832K)] 559681K->205878K(1031808K), 0.0091550 secs] [Times: user=0.03 sys=0.00, real=0.01 secs] 
2014-07-08T00:58:01.831+0000: 1315.381: [GC [PSYoungGen: 344784K->684K(413056K)] 549494K->206203K(1100032K), 0.0260000 secs] [Times: user=0.08 sys=0.00, real=0.03 secs] 
2014-07-08T00:58:03.740+0000: 1317.291: [GC [PSYoungGen: 413014K->1454K(401152K)] 618533K->207053K(1088128K), 0.0102690 secs] [Times: user=0.03 sys=0.00, real=0.01 secs] 
2014-07-08T00:58:05.571+0000: 1319.122: [GC [PSYoungGen: 401134K->980K(388608K)] 606733K->206915K(1075584K), 0.0048330 secs] [Times: user=0.01 sys=0.00, real=0.00 secs] 
2014-07-08T00:58:07.388+0000: 1320.938: [GC [PSYoungGen: 388564K->1044K(377088K)] 594499K->207019K(1064064K), 0.0137750 secs] [Times: user=0.05 sys=0.00, real=0.01 secs] 
2014-07-08T00:58:09.105+0000: 1322.655: [GC [PSYoungGen: 376980K->1229K(452480K)] 582956K->207244K(1139456K), 0.0375050 secs] [Times: user=0.12 sys=0.00, real=0.04 secs] 
2014-07-08T00:58:11.178+0000: 1324.728: [GC [PSYoungGen: 452429K->1158K(438080K)] 658444K->207237K(1125056K), 0.0085470 secs] [Times: user=0.03 sys=0.00, real=0.00 secs] 
2014-07-08T00:58:13.207+0000: 1326.758: [GC [PSYoungGen: 438021K->766K(423936K)] 644101K->207359K(1110912K), 0.0039330 secs] [Times: user=0.01 sys=0.00, real=0.00 secs] 
2014-07-08T00:58:15.121+0000: 1328.671: [GC [PSYoungGen: 423934K->1044K(411136K)] 630527K->207749K(1098112K), 0.0098270 secs] [Times: user=0.03 sys=0.00, real=0.01 secs] 
2014-07-08T00:58:16.982+0000: 1330.532: [GC [PSYoungGen: 411082K->1168K(398720K)] 617788K->207962K(1085696K), 0.0243780 secs] [Times: user=0.09 sys=0.00, real=0.02 secs] 
2014-07-08T00:58:18.801+0000: 1332.352: [GC [PSYoungGen: 398665K->1517K(387008K)] 605458K->208375K(1073984K), 0.0145680 secs] [Times: user=0.06 sys=0.00, real=0.01 secs] 
2014-07-08T00:58:20.562+0000: 1334.112: [GC [PSYoungGen: 386989K->374K(374336K)] 593847K->208178K(1061312K), 0.0105610 secs] [Times: user=0.03 sys=0.00, real=0.01 secs] 
2014-07-08T00:58:22.289+0000: 1335.839: [GC [PSYoungGen: 374326K->1308K(364288K)] 582130K->209136K(1051264K), 0.0058690 secs] [Times: user=0.02 sys=0.00, real=0.01 secs] 
2014-07-08T00:58:23.943+0000: 1337.494: [GC [PSYoungGen: 364233K->1438K(353856K)] 572061K->209675K(1040832K), 0.0149160 secs] [Times: user=0.04 sys=0.00, real=0.01 secs] 
2014-07-08T00:58:25.557+0000: 1339.108: [GC [PSYoungGen: 353800K->1282K(343552K)] 562037K->209567K(1030528K), 0.0130740 secs] [Times: user=0.05 sys=0.00, real=0.02 secs] 
2014-07-08T00:58:27.134+0000: 1340.684: [GC [PSYoungGen: 343444K->556K(333056K)] 551728K->209490K(1020032K), 0.0125160 secs] [Times: user=0.04 sys=0.00, real=0.01 secs] 
2014-07-08T00:58:28.659+0000: 1342.210: [GC [PSYoungGen: 333028K->1372K(324544K)] 541963K->210338K(1011520K), 0.0149940 secs] [Times: user=0.06 sys=0.00, real=0.02 secs] 
2014-07-08T00:58:30.168+0000: 1343.719: [GC [PSYoungGen: 324508K->1136K(315328K)] 533474K->210455K(1002304K), 0.0075100 secs] [Times: user=0.02 sys=0.00, real=0.01 secs] 
2014-07-08T00:58:31.573+0000: 1345.123: [GC [PSYoungGen: 315293K->1232K(306880K)] 524612K->210591K(993856K), 0.0167740 secs] [Times: user=0.06 sys=0.00, real=0.02 secs] 
2014-07-08T00:58:32.976+0000: 1346.526: [GC [PSYoungGen: 306810K->816K(298176K)] 516169K->210426K(985152K), 0.0036820 secs] [Times: user=0.01 sys=0.00, real=0.00 secs] 
2014-07-08T00:58:34.341+0000: 1347.892: [GC [PSYoungGen: 298160K->1318K(290752K)] 507770K->211050K(977728K), 0.0209190 secs] [Times: user=0.06 sys=0.00, real=0.02 secs] 
2014-07-08T00:58:35.657+0000: 1349.208: [GC [PSYoungGen: 290726K->948K(282752K)] 500458K->210770K(969728K), 0.0052920 secs] [Times: user=0.02 sys=0.00, real=0.01 secs] 
2014-07-08T00:58:36.995+0000: 1350.545: [GC [PSYoungGen: 282715K->1172K(275712K)] 492537K->211034K(962688K), 0.0159200 secs] [Times: user=0.05 sys=0.00, real=0.02 secs] 
2014-07-08T00:58:38.238+0000: 1351.789: [GC [PSYoungGen: 275632K->1076K(268544K)] 485494K->211058K(955520K), 0.0089630 secs] [Times: user=0.03 sys=0.01, real=0.01 secs] 
2014-07-08T00:58:39.450+0000: 1353.000: [GC [PSYoungGen: 268532K->980K(261696K)] 478514K->210994K(948672K), 0.0033670 secs] [Times: user=0.01 sys=0.00, real=0.01 secs] 
2014-07-08T00:58:40.631+0000: 1354.181: [GC [PSYoungGen: 261652K->1022K(255168K)] 471666K->211395K(942144K), 0.0055880 secs] [Times: user=0.01 sys=0.00, real=0.01 secs] 
2014-07-08T00:58:41.807+0000: 1355.358: [GC [PSYoungGen: 255144K->1354K(249280K)] 465517K->211791K(936256K), 0.0127720 secs] [Times: user=0.05 sys=0.00, real=0.01 secs] 
2014-07-08T00:58:42.949+0000: 1356.500: [GC [PSYoungGen: 249226K->822K(242688K)] 459663K->211741K(929664K), 0.0068140 secs] [Times: user=0.02 sys=0.00, real=0.01 secs] 
2014-07-08T00:58:44.044+0000: 1357.595: [GC [PSYoungGen: 242678K->980K(237056K)] 453597K->211947K(924032K), 0.0041340 secs] [Times: user=0.01 sys=0.00, real=0.00 secs] 
2014-07-08T00:58:45.126+0000: 1358.677: [GC [PSYoungGen: 237012K->1229K(231680K)] 447979K->212284K(918656K), 0.0086240 secs] [Times: user=0.02 sys=0.00, real=0.01 secs] 
2014-07-08T00:58:46.197+0000: 1359.747: [GC [PSYoungGen: 231585K->1030K(226112K)] 442640K->212109K(913088K), 0.0060070 secs] [Times: user=0.01 sys=0.00, real=0.01 secs] 
2014-07-08T00:58:47.233+0000: 1360.783: [GC [PSYoungGen: 226054K->876K(220736K)] 437133K->212283K(907712K), 0.0083190 secs] [Times: user=0.02 sys=0.00, real=0.00 secs] 
2014-07-08T00:58:48.225+0000: 1361.775: [GC [PSYoungGen: 220716K->1464K(216256K)] 432123K->212911K(903232K), 0.0108660 secs] [Times: user=0.04 sys=0.00, real=0.01 secs] 
2014-07-08T00:58:49.232+0000: 1362.782: [GC [PSYoungGen: 216248K->752K(210688K)] 427695K->212683K(897664K), 0.0042880 secs] [Times: user=0.00 sys=0.01, real=0.01 secs] 
2014-07-08T00:58:50.202+0000: 1363.753: [GC [PSYoungGen: 210635K->1158K(206464K)] 422567K->213137K(893440K), 0.0107890 secs] [Times: user=0.04 sys=0.00, real=0.02 secs] 
2014-07-08T00:58:51.145+0000: 1364.696: [GC [PSYoungGen: 206406K->1168K(247552K)] 418385K->213269K(934528K), 0.0242290 secs] [Times: user=0.09 sys=0.00, real=0.02 secs] 
2014-07-08T00:58:52.271+0000: 1365.821: [GC [PSYoungGen: 247479K->1222K(296896K)] 459581K->213427K(983872K), 0.0099690 secs] [Times: user=0.04 sys=0.00, real=0.01 secs] 
2014-07-08T00:58:53.648+0000: 1367.198: [GC [PSYoungGen: 296803K->634K(288384K)] 509009K->213429K(975360K), 0.0067190 secs] [Times: user=0.03 sys=0.00, real=0.01 secs] 
2014-07-08T00:58:54.974+0000: 1368.524: [GC [PSYoungGen: 288378K->1304K(346688K)] 501173K->214147K(1033664K), 0.0206580 secs] [Times: user=0.08 sys=0.00, real=0.03 secs] 
2014-07-08T00:58:56.536+0000: 1370.086: [GC [PSYoungGen: 346648K->998K(336512K)] 559491K->214112K(1023488K), 0.0073450 secs] [Times: user=0.01 sys=0.00, real=0.00 secs] 
2014-07-08T00:58:58.054+0000: 1371.604: [GC [PSYoungGen: 336414K->1357K(327424K)] 549528K->214511K(1014400K), 0.0072380 secs] [Times: user=0.03 sys=0.00, real=0.00 secs] 
2014-07-08T00:58:59.557+0000: 1373.107: [GC [PSYoungGen: 327373K->556K(391808K)] 540527K->214118K(1078784K), 0.0656530 secs] [Times: user=0.24 sys=0.00, real=0.06 secs] 
2014-07-08T00:59:01.357+0000: 1374.908: [GC [PSYoungGen: 391788K->1510K(471040K)] 605350K->215162K(1158016K), 0.0067950 secs] [Times: user=0.01 sys=0.01, real=0.00 secs] 
2014-07-08T00:59:03.514+0000: 1377.065: [GC [PSYoungGen: 470997K->1012K(564480K)] 684649K->215072K(1251456K), 0.0059240 secs] [Times: user=0.02 sys=0.00, real=0.01 secs] 
2014-07-08T00:59:06.119+0000: 1379.669: [GC [PSYoungGen: 564468K->1204K(545344K)] 778528K->215352K(1232320K), 0.0097830 secs] [Times: user=0.03 sys=0.00, real=0.01 secs] 
2014-07-08T00:59:08.627+0000: 1382.177: [GC [PSYoungGen: 545286K->1122K(526848K)] 759434K->215538K(1213824K), 0.0077810 secs] [Times: user=0.03 sys=0.01, real=0.00 secs] 
2014-07-08T00:59:11.005+0000: 1384.556: [GC [PSYoungGen: 526818K->1126K(509248K)] 741234K->215574K(1196224K), 0.0038900 secs] [Times: user=0.01 sys=0.01, real=0.01 secs] 
2014-07-08T00:59:13.322+0000: 1386.872: [GC [PSYoungGen: 509222K->1076K(492352K)] 723670K->215734K(1179328K), 0.0161650 secs] [Times: user=0.06 sys=0.01, real=0.02 secs] 
2014-07-08T00:59:15.598+0000: 1389.149: [GC [PSYoungGen: 492318K->1442K(476672K)] 706976K->216180K(1163648K), 0.0032390 secs] [Times: user=0.01 sys=0.00, real=0.00 secs] 
2014-07-08T00:59:17.815+0000: 1391.365: [GC [PSYoungGen: 476642K->816K(460672K)] 691380K->215750K(1147648K), 0.0078030 secs] [Times: user=0.01 sys=0.00, real=0.01 secs] 
2014-07-08T00:59:19.950+0000: 1393.500: [GC [PSYoungGen: 460647K->1492K(446656K)] 675581K->216466K(1133632K), 0.0215870 secs] [Times: user=0.06 sys=0.00, real=0.02 secs] 
2014-07-08T00:59:21.983+0000: 1395.534: [GC [PSYoungGen: 446592K->1015K(432064K)] 661566K->216413K(1119040K), 0.0085900 secs] [Times: user=0.02 sys=0.00, real=0.01 secs] 
2014-07-08T00:59:23.965+0000: 1397.515: [GC [PSYoungGen: 432055K->1272K(418880K)] 647453K->216782K(1105856K), 0.0187180 secs] [Times: user=0.07 sys=0.00, real=0.02 secs] 
2014-07-08T00:59:25.904+0000: 1399.454: [GC [PSYoungGen: 418868K->1247K(406016K)] 634378K->216945K(1092992K), 0.0105310 secs] [Times: user=0.03 sys=0.00, real=0.01 secs] 
2014-07-08T00:59:27.744+0000: 1401.294: [GC [PSYoungGen: 405966K->1360K(393792K)] 621665K->217099K(1080768K), 0.0112020 secs] [Times: user=0.04 sys=0.00, real=0.01 secs] 
2014-07-08T00:59:29.568+0000: 1403.118: [GC [PSYoungGen: 393744K->702K(381248K)] 609483K->216734K(1068224K), 0.0056030 secs] [Times: user=0.02 sys=0.00, real=0.01 secs] 
2014-07-08T00:59:31.336+0000: 1404.886: [GC [PSYoungGen: 381246K->1190K(370432K)] 597278K->217278K(1057408K), 0.0195920 secs] [Times: user=0.07 sys=0.00, real=0.02 secs] 
2014-07-08T00:59:33.030+0000: 1406.580: [GC [PSYoungGen: 370406K->1264K(359680K)] 586494K->217539K(1046656K), 0.0119830 secs] [Times: user=0.04 sys=0.00, real=0.01 secs] 
2014-07-08T00:59:34.641+0000: 1408.191: [GC [PSYoungGen: 359664K->1424K(349504K)] 575939K->217755K(1036480K), 0.0179820 secs] [Times: user=0.05 sys=0.00, real=0.01 secs] 
2014-07-08T00:59:36.216+0000: 1409.767: [GC [PSYoungGen: 349427K->506K(338560K)] 565758K->217561K(1025536K), 0.0082980 secs] [Times: user=0.02 sys=0.00, real=0.01 secs] 
2014-07-08T00:59:37.763+0000: 1411.313: [GC [PSYoungGen: 338554K->1496K(330048K)] 555609K->218584K(1017024K), 0.0047280 secs] [Times: user=0.01 sys=0.00, real=0.00 secs] 
2014-07-08T00:59:39.295+0000: 1412.846: [GC [PSYoungGen: 329974K->1112K(320512K)] 547062K->218520K(1007488K), 0.0122920 secs] [Times: user=0.05 sys=0.00, real=0.01 secs] 
2014-07-08T00:59:40.729+0000: 1414.280: [GC [PSYoungGen: 320472K->1044K(311616K)] 537880K->218492K(998592K), 0.0208720 secs] [Times: user=0.07 sys=0.00, real=0.02 secs] 
2014-07-08T00:59:42.161+0000: 1415.711: [GC [PSYoungGen: 311572K->1140K(303232K)] 529020K->218668K(990208K), 0.0135200 secs] [Times: user=0.05 sys=0.00, real=0.02 secs] 
2014-07-08T00:59:43.552+0000: 1417.102: [GC [PSYoungGen: 303220K->1012K(294976K)] 520748K->218628K(981952K), 0.0039170 secs] [Times: user=0.01 sys=0.00, real=0.00 secs] 
2014-07-08T00:59:44.923+0000: 1418.474: [GC [PSYoungGen: 294964K->1192K(287360K)] 512580K->218980K(974336K), 0.0115450 secs] [Times: user=0.04 sys=0.01, real=0.01 secs] 
2014-07-08T00:59:46.232+0000: 1419.783: [GC [PSYoungGen: 287324K->980K(279680K)] 505112K->218800K(966656K), 0.0039290 secs] [Times: user=0.01 sys=0.00, real=0.00 secs] 
2014-07-08T00:59:47.500+0000: 1421.050: [GC [PSYoungGen: 279636K->1076K(272512K)] 497456K->218952K(959488K), 0.0073210 secs] [Times: user=0.03 sys=0.00, real=0.01 secs] 
2014-07-08T00:59:48.709+0000: 1422.260: [GC [PSYoungGen: 272500K->1324K(265856K)] 490376K->219224K(952832K), 0.0044250 secs] [Times: user=0.01 sys=0.00, real=0.01 secs] 
2014-07-08T00:59:49.928+0000: 1423.479: [GC [PSYoungGen: 265820K->948K(258816K)] 483720K->219044K(945792K), 0.0090650 secs] [Times: user=0.03 sys=0.00, real=0.01 secs] 
2014-07-08T00:59:51.106+0000: 1424.656: [GC [PSYoungGen: 258733K->1357K(252864K)] 476829K->219501K(939840K), 0.0073440 secs] [Times: user=0.03 sys=0.00, real=0.01 secs] 
2014-07-08T00:59:52.252+0000: 1425.802: [GC [PSYoungGen: 252813K->884K(246144K)] 470957K->219220K(933120K), 0.0160060 secs] [Times: user=0.06 sys=0.00, real=0.02 secs] 
2014-07-08T00:59:53.381+0000: 1426.931: [GC [PSYoungGen: 246131K->1264K(240576K)] 464467K->219656K(927552K), 0.0085810 secs] [Times: user=0.03 sys=0.00, real=0.01 secs] 
2014-07-08T00:59:54.470+0000: 1428.020: [GC [PSYoungGen: 240559K->1044K(288256K)] 458951K->219508K(975232K), 0.0203510 secs] [Times: user=0.08 sys=0.00, real=0.02 secs] 
2014-07-08T00:59:55.777+0000: 1429.328: [GC [PSYoungGen: 288212K->1296K(280960K)] 506676K->219800K(967936K), 0.0053930 secs] [Times: user=0.01 sys=0.00, real=0.00 secs] 
2014-07-08T00:59:57.054+0000: 1430.605: [GC [PSYoungGen: 280893K->826K(273216K)] 499397K->219690K(960192K), 0.0065880 secs] [Times: user=0.02 sys=0.00, real=0.00 secs] 
2014-07-08T00:59:58.306+0000: 1431.857: [GC [PSYoungGen: 273206K->1244K(266688K)] 492070K->220148K(953664K), 0.0124010 secs] [Times: user=0.05 sys=0.00, real=0.01 secs] 
2014-07-08T00:59:59.537+0000: 1433.088: [GC [PSYoungGen: 266639K->1147K(259840K)] 485543K->220387K(946816K), 0.0156120 secs] [Times: user=0.06 sys=0.00, real=0.02 secs] 
2014-07-08T01:00:00.703+0000: 1434.253: [GC [PSYoungGen: 259835K->1204K(253440K)] 479075K->220500K(940416K), 0.0073380 secs] [Times: user=0.02 sys=0.00, real=0.01 secs] 
2014-07-08T01:00:01.876+0000: 1435.427: [GC [PSYoungGen: 253428K->866K(303616K)] 472724K->220460K(990592K), 0.0247270 secs] [Times: user=0.09 sys=0.00, real=0.02 secs] 
2014-07-08T01:00:03.238+0000: 1436.788: [GC [PSYoungGen: 303563K->1222K(364544K)] 523157K->220888K(1051520K), 0.0208320 secs] [Times: user=0.07 sys=0.00, real=0.02 secs] 
2014-07-08T01:00:04.901+0000: 1438.451: [GC [PSYoungGen: 364424K->1069K(437056K)] 584091K->220921K(1124032K), 0.0105890 secs] [Times: user=0.04 sys=0.00, real=0.01 secs] 
2014-07-08T01:00:06.894+0000: 1440.444: [GC [PSYoungGen: 437016K->1474K(524736K)] 656868K->221374K(1211712K), 0.0272540 secs] [Times: user=0.09 sys=0.00, real=0.03 secs] 
2014-07-08T01:00:09.269+0000: 1442.820: [GC [PSYoungGen: 524628K->506K(506240K)] 744528K->220888K(1193216K), 0.0083570 secs] [Times: user=0.03 sys=0.00, real=0.01 secs] 
2014-07-08T01:00:11.576+0000: 1445.126: [GC [PSYoungGen: 506212K->1308K(490368K)] 726595K->221706K(1177344K), 0.0055490 secs] [Times: user=0.01 sys=0.00, real=0.00 secs] 
2014-07-08T01:00:13.833+0000: 1447.384: [GC [PSYoungGen: 490332K->1364K(474432K)] 710730K->222170K(1161408K), 0.0077650 secs] [Times: user=0.01 sys=0.00, real=0.01 secs] 
2014-07-08T01:00:16.005+0000: 1449.555: [GC [PSYoungGen: 474387K->1268K(459008K)] 695194K->222154K(1145984K), 0.0045540 secs] [Times: user=0.01 sys=0.01, real=0.01 secs] 
2014-07-08T01:00:18.127+0000: 1451.678: [GC [PSYoungGen: 458996K->559K(443712K)] 679882K->222063K(1130688K), 0.0063420 secs] [Times: user=0.01 sys=0.00, real=0.00 secs] 
2014-07-08T01:00:20.154+0000: 1453.705: [GC [PSYoungGen: 443695K->1500K(430720K)] 665199K->223044K(1117696K), 0.0135010 secs] [Times: user=0.04 sys=0.00, real=0.02 secs] 
2014-07-08T01:00:22.115+0000: 1455.665: [GC [PSYoungGen: 430684K->1108K(416960K)] 652228K->222988K(1103936K), 0.0054800 secs] [Times: user=0.01 sys=0.00, real=0.01 secs] 
2014-07-08T01:00:24.032+0000: 1457.582: [GC [PSYoungGen: 416821K->1386K(404416K)] 638701K->223385K(1091392K), 0.0053020 secs] [Times: user=0.01 sys=0.00, real=0.01 secs] 
2014-07-08T01:00:25.917+0000: 1459.467: [GC [PSYoungGen: 404394K->684K(391424K)] 626393K->223092K(1078400K), 0.0056400 secs] [Times: user=0.01 sys=0.00, real=0.01 secs] 
2014-07-08T01:00:27.713+0000: 1461.263: [GC [PSYoungGen: 391403K->1240K(380288K)] 613811K->223688K(1067264K), 0.0064650 secs] [Times: user=0.02 sys=0.00, real=0.01 secs] 
2014-07-08T01:00:29.477+0000: 1463.027: [GC [PSYoungGen: 380248K->1391K(369152K)] 602696K->224185K(1056128K), 0.0077690 secs] [Times: user=0.00 sys=0.00, real=0.01 secs] 
2014-07-08T01:00:31.157+0000: 1464.707: [GC [PSYoungGen: 369135K->1044K(358080K)] 591929K->223862K(1045056K), 0.0147260 secs] [Times: user=0.05 sys=0.00, real=0.02 secs] 
2014-07-08T01:00:32.817+0000: 1466.368: [GC [PSYoungGen: 358036K->1022K(347712K)] 580854K->224106K(1034688K), 0.0179750 secs] [Times: user=0.06 sys=0.00, real=0.02 secs] 
2014-07-08T01:00:34.406+0000: 1467.956: [GC [PSYoungGen: 347710K->1140K(337920K)] 570794K->224280K(1024896K), 0.0076860 secs] [Times: user=0.02 sys=0.00, real=0.01 secs] 
2014-07-08T01:00:35.957+0000: 1469.507: [GC [PSYoungGen: 337908K->1328K(328576K)] 561048K->224604K(1015552K), 0.0059770 secs] [Times: user=0.02 sys=0.00, real=0.01 secs] 
2014-07-08T01:00:37.449+0000: 1470.999: [GC [PSYoungGen: 328560K->1044K(319168K)] 551836K->224352K(1006144K), 0.0040410 secs] [Times: user=0.01 sys=0.00, real=0.01 secs] 
2014-07-08T01:00:38.887+0000: 1472.437: [GC [PSYoungGen: 319123K->1062K(310400K)] 542431K->224450K(997376K), 0.0191630 secs] [Times: user=0.06 sys=0.00, real=0.02 secs] 
2014-07-08T01:00:40.299+0000: 1473.849: [GC [PSYoungGen: 310349K->1094K(302080K)] 533737K->224530K(989056K), 0.0047880 secs] [Times: user=0.01 sys=0.00, real=0.01 secs] 
2014-07-08T01:00:41.670+0000: 1475.221: [GC [PSYoungGen: 302017K->1115K(294016K)] 525453K->224607K(980992K), 0.0055240 secs] [Times: user=0.02 sys=0.00, real=0.00 secs] 
2014-07-08T01:00:43.023+0000: 1476.574: [GC [PSYoungGen: 293979K->1140K(286272K)] 517471K->224712K(973248K), 0.0101820 secs] [Times: user=0.03 sys=0.00, real=0.01 secs] 
2014-07-08T01:00:44.331+0000: 1477.881: [GC [PSYoungGen: 286260K->1076K(278784K)] 509832K->224704K(965760K), 0.0048390 secs] [Times: user=0.01 sys=0.00, real=0.00 secs] 
2014-07-08T01:00:45.589+0000: 1479.139: [GC [PSYoungGen: 278729K->1140K(271680K)] 502357K->224816K(958656K), 0.0096630 secs] [Times: user=0.04 sys=0.00, real=0.01 secs] 
2014-07-08T01:00:46.830+0000: 1480.381: [GC [PSYoungGen: 271663K->1015K(264640K)] 495339K->225107K(951616K), 0.0103350 secs] [Times: user=0.03 sys=0.00, real=0.01 secs] 
2014-07-08T01:00:48.026+0000: 1481.576: [GC [PSYoungGen: 264631K->1076K(258048K)] 488723K->225208K(945024K), 0.0162560 secs] [Times: user=0.06 sys=0.00, real=0.02 secs] 
2014-07-08T01:00:49.191+0000: 1482.742: [GC [PSYoungGen: 258030K->1274K(251840K)] 482162K->225521K(938816K), 0.0070260 secs] [Times: user=0.02 sys=0.00, real=0.00 secs] 
2014-07-08T01:00:50.346+0000: 1483.897: [GC [PSYoungGen: 251821K->1165K(301888K)] 476068K->225443K(988864K), 0.0278690 secs] [Times: user=0.09 sys=0.00, real=0.03 secs] 
2014-07-08T01:00:51.696+0000: 1485.246: [GC [PSYoungGen: 301836K->866K(361728K)] 526114K->225346K(1048704K), 0.0153640 secs] [Times: user=0.05 sys=0.00, real=0.02 secs] 
2014-07-08T01:00:53.334+0000: 1486.884: [GC [PSYoungGen: 361698K->1336K(351680K)] 586178K->225912K(1038656K), 0.0087370 secs] [Times: user=0.03 sys=0.00, real=0.01 secs] 
2014-07-08T01:00:54.942+0000: 1488.493: [GC [PSYoungGen: 351672K->1012K(421440K)] 576248K->225740K(1108416K), 0.0272560 secs] [Times: user=0.10 sys=0.00, real=0.02 secs] 
2014-07-08T01:00:56.888+0000: 1490.439: [GC [PSYoungGen: 421428K->1108K(408576K)] 646156K->225884K(1095552K), 0.0043150 secs] [Times: user=0.01 sys=0.00, real=0.01 secs] 
2014-07-08T01:00:58.746+0000: 1492.297: [GC [PSYoungGen: 408524K->1057K(396096K)] 633301K->226055K(1083072K), 0.0053850 secs] [Times: user=0.01 sys=0.00, real=0.00 secs] 
2014-07-08T01:01:00.557+0000: 1494.108: [GC [PSYoungGen: 396009K->1208K(384320K)] 621008K->226230K(1071296K), 0.0209720 secs] [Times: user=0.07 sys=0.00, real=0.02 secs] 
2014-07-08T01:01:02.318+0000: 1495.869: [GC [PSYoungGen: 384299K->948K(372672K)] 609322K->226106K(1059648K), 0.0095230 secs] [Times: user=0.02 sys=0.00, real=0.01 secs] 
2014-07-08T01:01:04.021+0000: 1497.572: [GC [PSYoungGen: 372660K->1126K(361920K)] 597818K->226414K(1048896K), 0.0120730 secs] [Times: user=0.04 sys=0.00, real=0.02 secs] 
2014-07-08T01:01:05.699+0000: 1499.250: [GC [PSYoungGen: 361889K->1012K(351296K)] 587177K->226510K(1038272K), 0.0112480 secs] [Times: user=0.04 sys=0.00, real=0.01 secs] 
2014-07-08T01:01:07.294+0000: 1500.845: [GC [PSYoungGen: 351284K->1254K(341504K)] 576782K->226792K(1028480K), 0.0177930 secs] [Times: user=0.07 sys=0.00, real=0.01 secs] 
2014-07-08T01:01:08.849+0000: 1502.399: [GC [PSYoungGen: 341478K->702K(331264K)] 567016K->226590K(1018240K), 0.0057880 secs] [Times: user=0.01 sys=0.00, real=0.01 secs] 
2014-07-08T01:01:10.393+0000: 1503.944: [GC [PSYoungGen: 331262K->1442K(322752K)] 557150K->227370K(1009728K), 0.0050590 secs] [Times: user=0.01 sys=0.00, real=0.01 secs] 
2014-07-08T01:01:11.876+0000: 1505.426: [GC [PSYoungGen: 322696K->822K(313216K)] 548625K->227555K(1000192K), 0.0134550 secs] [Times: user=0.05 sys=0.01, real=0.01 secs] 
2014-07-08T01:01:13.317+0000: 1506.868: [GC [PSYoungGen: 313172K->1112K(305024K)] 539905K->227983K(992000K), 0.0267970 secs] [Times: user=0.10 sys=0.00, real=0.02 secs] 
2014-07-08T01:01:14.707+0000: 1508.257: [GC [PSYoungGen: 304984K->1232K(296960K)] 531855K->228315K(983936K), 0.0098390 secs] [Times: user=0.04 sys=0.01, real=0.01 secs] 
2014-07-08T01:01:16.099+0000: 1509.649: [GC [PSYoungGen: 296912K->1044K(288896K)] 523995K->228151K(975872K), 0.0057200 secs] [Times: user=0.01 sys=0.00, real=0.00 secs] 
2014-07-08T01:01:17.426+0000: 1510.976: [GC [PSYoungGen: 288852K->1022K(281280K)] 515959K->228251K(968256K), 0.0046820 secs] [Times: user=0.01 sys=0.00, real=0.00 secs] 
2014-07-08T01:01:18.724+0000: 1512.274: [GC [PSYoungGen: 281255K->1108K(274112K)] 508484K->228377K(961088K), 0.0125850 secs] [Times: user=0.04 sys=0.00, real=0.02 secs] 
2014-07-08T01:01:19.956+0000: 1513.507: [GC [PSYoungGen: 274068K->1086K(267072K)] 501337K->228583K(954048K), 0.0077810 secs] [Times: user=0.02 sys=0.00, real=0.00 secs] 
2014-07-08T01:01:21.195+0000: 1514.745: [GC [PSYoungGen: 267070K->1222K(260544K)] 494567K->228759K(947520K), 0.0035910 secs] [Times: user=0.01 sys=0.00, real=0.01 secs] 
2014-07-08T01:01:22.382+0000: 1515.933: [GC [PSYoungGen: 260485K->866K(253696K)] 488022K->228719K(940672K), 0.0253520 secs] [Times: user=0.09 sys=0.00, real=0.03 secs] 
2014-07-08T01:01:23.527+0000: 1517.077: [GC [PSYoungGen: 253665K->1044K(247680K)] 481518K->228961K(934656K), 0.0036930 secs] [Times: user=0.01 sys=0.00, real=0.00 secs] 
2014-07-08T01:01:24.650+0000: 1518.200: [GC [PSYoungGen: 247602K->1147K(241728K)] 475520K->229244K(928704K), 0.0068780 secs] [Times: user=0.01 sys=0.00, real=0.01 secs] 
2014-07-08T01:01:25.743+0000: 1519.293: [GC [PSYoungGen: 241723K->1108K(235968K)] 469820K->229253K(922944K), 0.0061050 secs] [Times: user=0.01 sys=0.00, real=0.01 secs] 
2014-07-08T01:01:26.835+0000: 1520.386: [GC [PSYoungGen: 235887K->822K(230080K)] 464033K->229674K(917056K), 0.0099670 secs] [Times: user=0.02 sys=0.00, real=0.01 secs] 
2014-07-08T01:01:27.907+0000: 1521.457: [GC [PSYoungGen: 230070K->1471K(225344K)] 458922K->230355K(912320K), 0.0041000 secs] [Times: user=0.01 sys=0.00, real=0.01 secs] 
2014-07-08T01:01:28.932+0000: 1522.482: [GC [PSYoungGen: 225343K->1086K(219776K)] 454227K->230278K(906752K), 0.0068370 secs] [Times: user=0.01 sys=0.00, real=0.01 secs] 
2014-07-08T01:01:29.958+0000: 1523.508: [GC [PSYoungGen: 219774K->1471K(215168K)] 448966K->230711K(902144K), 0.0076190 secs] [Times: user=0.03 sys=0.00, real=0.00 secs] 
2014-07-08T01:01:30.947+0000: 1524.498: [GC [PSYoungGen: 215167K->948K(209856K)] 444407K->230350K(896832K), 0.0055260 secs] [Times: user=0.02 sys=0.00, real=0.00 secs] 
2014-07-08T01:01:31.931+0000: 1525.482: [GC [PSYoungGen: 209809K->1484K(205760K)] 439211K->230966K(892736K), 0.0126350 secs] [Times: user=0.05 sys=0.00, real=0.01 secs] 
2014-07-08T01:01:32.862+0000: 1526.412: [GC [PSYoungGen: 205676K->1019K(246144K)] 435158K->230687K(933120K), 0.0229830 secs] [Times: user=0.09 sys=0.00, real=0.02 secs] 
2014-07-08T01:01:33.978+0000: 1527.529: [GC [PSYoungGen: 246116K->1318K(295488K)] 475785K->231026K(982464K), 0.0055110 secs] [Times: user=0.01 sys=0.00, real=0.00 secs] 
2014-07-08T01:01:35.325+0000: 1528.875: [GC [PSYoungGen: 295434K->1030K(287424K)] 525143K->230794K(974400K), 0.0051980 secs] [Times: user=0.01 sys=0.00, real=0.01 secs] 
2014-07-08T01:01:36.641+0000: 1530.191: [GC [PSYoungGen: 287341K->1076K(279936K)] 517105K->230872K(966912K), 0.0148900 secs] [Times: user=0.05 sys=0.00, real=0.01 secs] 
2014-07-08T01:01:37.949+0000: 1531.500: [GC [PSYoungGen: 279924K->1094K(272768K)] 509720K->230922K(959744K), 0.0068830 secs] [Times: user=0.02 sys=0.00, real=0.00 secs] 
2014-07-08T01:01:39.182+0000: 1532.732: [GC [PSYoungGen: 272710K->1062K(265792K)] 502538K->230914K(952768K), 0.0182230 secs] [Times: user=0.06 sys=0.00, real=0.02 secs] 
2014-07-08T01:01:40.387+0000: 1533.937: [GC [PSYoungGen: 265735K->1139K(318848K)] 495587K->231458K(1005824K), 0.0230020 secs] [Times: user=0.08 sys=0.00, real=0.03 secs] 
2014-07-08T01:01:41.853+0000: 1535.403: [GC [PSYoungGen: 318835K->1585K(382848K)] 549154K->231943K(1069824K), 0.0160150 secs] [Times: user=0.06 sys=0.00, real=0.02 secs] 
2014-07-08T01:01:43.608+0000: 1537.159: [GC [PSYoungGen: 382810K->866K(458432K)] 613169K->231467K(1145408K), 0.0236290 secs] [Times: user=0.09 sys=0.00, real=0.03 secs] 
2014-07-08T01:01:45.734+0000: 1539.284: [GC [PSYoungGen: 458402K->1290K(550400K)] 689003K->231997K(1237376K), 0.0087140 secs] [Times: user=0.03 sys=0.00, real=0.01 secs] 
2014-07-08T01:01:48.263+0000: 1541.813: [GC [PSYoungGen: 550346K->1371K(531840K)] 781053K->232208K(1218816K), 0.0057720 secs] [Times: user=0.01 sys=0.00, real=0.00 secs] 
2014-07-08T01:01:50.710+0000: 1544.261: [GC [PSYoungGen: 531803K->1044K(513728K)] 762640K->231929K(1200704K), 0.0096310 secs] [Times: user=0.04 sys=0.00, real=0.00 secs] 
2014-07-08T01:01:53.108+0000: 1546.659: [GC [PSYoungGen: 513684K->1140K(496768K)] 744569K->232089K(1183744K), 0.0099520 secs] [Times: user=0.03 sys=0.00, real=0.01 secs] 
2014-07-08T01:01:55.422+0000: 1548.972: [GC [PSYoungGen: 496756K->1200K(480576K)] 727705K->232269K(1167552K), 0.0101810 secs] [Times: user=0.03 sys=0.00, real=0.01 secs] 
2014-07-08T01:01:57.640+0000: 1551.191: [GC [PSYoungGen: 480549K->1136K(464960K)] 711617K->232349K(1151936K), 0.0101590 secs] [Times: user=0.04 sys=0.00, real=0.01 secs] 
2014-07-08T01:01:59.760+0000: 1553.311: [GC [PSYoungGen: 464898K->1296K(450304K)] 696110K->232557K(1137280K), 0.0262690 secs] [Times: user=0.08 sys=0.00, real=0.03 secs] 
2014-07-08T01:02:01.809+0000: 1555.359: [GC [PSYoungGen: 450225K->883K(435648K)] 681486K->232570K(1122624K), 0.0257780 secs] [Times: user=0.09 sys=0.00, real=0.03 secs] 
2014-07-08T01:02:03.796+0000: 1557.346: [GC [PSYoungGen: 435635K->1560K(422720K)] 667322K->233383K(1109696K), 0.0201130 secs] [Times: user=0.07 sys=0.00, real=0.02 secs] 
2014-07-08T01:02:05.752+0000: 1559.303: [GC [PSYoungGen: 422680K->890K(408960K)] 654503K->233295K(1095936K), 0.0063760 secs] [Times: user=0.02 sys=0.00, real=0.01 secs] 
2014-07-08T01:02:07.629+0000: 1561.179: [GC [PSYoungGen: 408942K->1240K(396864K)] 641347K->233709K(1083840K), 0.0142810 secs] [Times: user=0.05 sys=0.00, real=0.02 secs] 
2014-07-08T01:02:09.461+0000: 1563.011: [GC [PSYoungGen: 396824K->1012K(384640K)] 629293K->233677K(1071616K), 0.0056350 secs] [Times: user=0.02 sys=0.00, real=0.01 secs] 
2014-07-08T01:02:11.230+0000: 1564.780: [GC [PSYoungGen: 384628K->1680K(373888K)] 617293K->234377K(1060864K), 0.0067080 secs] [Times: user=0.02 sys=0.00, real=0.01 secs] 
2014-07-08T01:02:12.894+0000: 1566.445: [GC [PSYoungGen: 373805K->758K(361984K)] 606502K->234264K(1048960K), 0.0276350 secs] [Times: user=0.10 sys=0.00, real=0.02 secs] 
2014-07-08T01:02:14.535+0000: 1568.086: [GC [PSYoungGen: 361939K->1574K(352320K)] 595445K->235120K(1039296K), 0.0080180 secs] [Times: user=0.01 sys=0.00, real=0.00 secs] 
2014-07-08T01:02:16.172+0000: 1569.723: [GC [PSYoungGen: 352294K->980K(341696K)] 585840K->234830K(1028672K), 0.0064560 secs] [Times: user=0.01 sys=0.00, real=0.01 secs] 
2014-07-08T01:02:17.765+0000: 1571.316: [GC [PSYoungGen: 341652K->980K(332032K)] 575502K->234862K(1019008K), 0.0128050 secs] [Times: user=0.04 sys=0.01, real=0.01 secs] 
2014-07-08T01:02:19.279+0000: 1572.829: [GC [PSYoungGen: 331987K->1268K(323008K)] 565869K->235206K(1009984K), 0.0181700 secs] [Times: user=0.05 sys=0.00, real=0.02 secs] 
2014-07-08T01:02:20.762+0000: 1574.312: [GC [PSYoungGen: 322969K->1474K(314368K)] 556907K->235460K(1001344K), 0.0159320 secs] [Times: user=0.06 sys=0.00, real=0.02 secs] 
2014-07-08T01:02:22.197+0000: 1575.747: [GC [PSYoungGen: 314306K->948K(305216K)] 548292K->235150K(992192K), 0.0067930 secs] [Times: user=0.02 sys=0.00, real=0.00 secs] 
2014-07-08T01:02:23.589+0000: 1577.140: [GC [PSYoungGen: 305204K->1172K(297280K)] 539406K->235478K(984256K), 0.0170060 secs] [Times: user=0.05 sys=0.00, real=0.02 secs] 
2014-07-08T01:02:24.948+0000: 1578.498: [GC [PSYoungGen: 297186K->1126K(356480K)] 531492K->235552K(1043456K), 0.0220360 secs] [Times: user=0.06 sys=0.00, real=0.02 secs] 
2014-07-08T01:02:26.581+0000: 1580.131: [GC [PSYoungGen: 356454K->1140K(346240K)] 590880K->235630K(1033216K), 0.0066170 secs] [Times: user=0.01 sys=0.00, real=0.01 secs] 
2014-07-08T01:02:28.156+0000: 1581.707: [GC [PSYoungGen: 346207K->1108K(336384K)] 580697K->235662K(1023360K), 0.0125340 secs] [Times: user=0.05 sys=0.00, real=0.01 secs] 
2014-07-08T01:02:29.674+0000: 1583.224: [GC [PSYoungGen: 336340K->1108K(326912K)] 570894K->235686K(1013888K), 0.0054710 secs] [Times: user=0.01 sys=0.00, real=0.01 secs] 
2014-07-08T01:02:31.169+0000: 1584.719: [GC [PSYoungGen: 326868K->1108K(317824K)] 561446K->235734K(1004800K), 0.0148580 secs] [Times: user=0.04 sys=0.00, real=0.01 secs] 
2014-07-08T01:02:32.632+0000: 1586.183: [GC [PSYoungGen: 317756K->1076K(309056K)] 552382K->235790K(996032K), 0.0037280 secs] [Times: user=0.01 sys=0.00, real=0.00 secs] 
2014-07-08T01:02:34.058+0000: 1587.609: [GC [PSYoungGen: 309044K->1108K(300800K)] 543758K->235926K(987776K), 0.0118160 secs] [Times: user=0.04 sys=0.00, real=0.01 secs] 
2014-07-08T01:02:35.427+0000: 1588.977: [GC [PSYoungGen: 300756K->1222K(292928K)] 535574K->236088K(979904K), 0.0125630 secs] [Times: user=0.05 sys=0.00, real=0.02 secs] 
2014-07-08T01:02:36.767+0000: 1590.318: [GC [PSYoungGen: 292870K->948K(284928K)] 527736K->235870K(971904K), 0.0085120 secs] [Times: user=0.03 sys=0.00, real=0.00 secs] 
2014-07-08T01:02:38.088+0000: 1591.638: [GC [PSYoungGen: 284916K->1236K(277824K)] 519838K->236198K(964800K), 0.0116120 secs] [Times: user=0.04 sys=0.00, real=0.02 secs] 
2014-07-08T01:02:39.350+0000: 1592.900: [GC [PSYoungGen: 277743K->1022K(270464K)] 512705K->236202K(957440K), 0.0077500 secs] [Times: user=0.02 sys=0.00, real=0.00 secs] 
2014-07-08T01:02:40.608+0000: 1594.158: [GC [PSYoungGen: 270438K->1254K(263872K)] 505618K->236490K(950848K), 0.0085640 secs] [Times: user=0.02 sys=0.00, real=0.01 secs] 
2014-07-08T01:02:41.849+0000: 1595.399: [GC [PSYoungGen: 263846K->930K(256960K)] 499082K->236490K(943936K), 0.0055140 secs] [Times: user=0.01 sys=0.00, real=0.00 secs] 
2014-07-08T01:02:43.034+0000: 1596.584: [GC [PSYoungGen: 256930K->1513K(251200K)] 492490K->237193K(938176K), 0.0094950 secs] [Times: user=0.03 sys=0.00, real=0.01 secs] 
2014-07-08T01:02:44.202+0000: 1597.752: [GC [PSYoungGen: 251177K->634K(244224K)] 486857K->236984K(931200K), 0.0051640 secs] [Times: user=0.01 sys=0.00, real=0.00 secs] 
2014-07-08T01:02:45.321+0000: 1598.872: [GC [PSYoungGen: 244217K->1364K(239104K)] 480567K->237779K(926080K), 0.0058510 secs] [Times: user=0.02 sys=0.00, real=0.00 secs] 
2014-07-08T01:02:46.404+0000: 1599.955: [GC [PSYoungGen: 239015K->948K(232960K)] 475429K->237526K(919936K), 0.0049600 secs] [Times: user=0.01 sys=0.00, real=0.01 secs] 
2014-07-08T01:02:47.462+0000: 1601.012: [GC [PSYoungGen: 232947K->1136K(227712K)] 469526K->237747K(914688K), 0.0047680 secs] [Times: user=0.01 sys=0.00, real=0.00 secs] 
2014-07-08T01:02:48.487+0000: 1602.038: [GC [PSYoungGen: 227696K->1104K(222464K)] 464307K->237731K(909440K), 0.0132650 secs] [Times: user=0.04 sys=0.00, real=0.02 secs] 
2014-07-08T01:02:49.525+0000: 1603.075: [GC [PSYoungGen: 222416K->1012K(217280K)] 459043K->237670K(904256K), 0.0174460 secs] [Times: user=0.07 sys=0.00, real=0.02 secs] 
2014-07-08T01:02:50.522+0000: 1604.072: [GC [PSYoungGen: 217246K->1094K(212480K)] 453904K->237776K(899456K), 0.0055090 secs] [Times: user=0.01 sys=0.00, real=0.00 secs] 
2014-07-08T01:02:51.496+0000: 1605.046: [GC [PSYoungGen: 212422K->1076K(207680K)] 449104K->237798K(894656K), 0.0106000 secs] [Times: user=0.03 sys=0.00, real=0.01 secs] 
2014-07-08T01:02:52.439+0000: 1605.989: [GC [PSYoungGen: 207642K->980K(203072K)] 444365K->237774K(890048K), 0.0091790 secs] [Times: user=0.01 sys=0.00, real=0.01 secs] 
2014-07-08T01:02:53.357+0000: 1606.907: [GC [PSYoungGen: 203028K->1108K(243648K)] 439822K->237982K(930624K), 0.0135750 secs] [Times: user=0.05 sys=0.00, real=0.02 secs] 
2014-07-08T01:02:54.464+0000: 1608.015: [GC [PSYoungGen: 243602K->1076K(292096K)] 480477K->237990K(979072K), 0.0109520 secs] [Times: user=0.04 sys=0.00, real=0.01 secs] 
2014-07-08T01:02:55.820+0000: 1609.371: [GC [PSYoungGen: 292084K->1300K(350592K)] 528998K->238270K(1037568K), 0.0197100 secs] [Times: user=0.06 sys=0.00, real=0.02 secs] 
2014-07-08T01:02:57.430+0000: 1610.980: [GC [PSYoungGen: 350548K->702K(419840K)] 587518K->237958K(1106816K), 0.0129770 secs] [Times: user=0.05 sys=0.00, real=0.02 secs] 
2014-07-08T01:02:59.355+0000: 1612.906: [GC [PSYoungGen: 419836K->1062K(407296K)] 657093K->238350K(1094272K), 0.0059050 secs] [Times: user=0.01 sys=0.00, real=0.01 secs] 
2014-07-08T01:03:01.238+0000: 1614.788: [GC [PSYoungGen: 407270K->1126K(394944K)] 644558K->238536K(1081920K), 0.0129710 secs] [Times: user=0.05 sys=0.00, real=0.02 secs] 
2014-07-08T01:03:03.048+0000: 1616.599: [GC [PSYoungGen: 394918K->1140K(383104K)] 632328K->238654K(1070080K), 0.0125890 secs] [Times: user=0.04 sys=0.00, real=0.02 secs] 
2014-07-08T01:03:04.796+0000: 1618.347: [GC [PSYoungGen: 383073K->702K(371264K)] 620587K->238779K(1058240K), 0.0073400 secs] [Times: user=0.02 sys=0.00, real=0.01 secs] 
2014-07-08T01:03:06.502+0000: 1620.053: [GC [PSYoungGen: 371262K->1212K(360896K)] 609339K->239313K(1047872K), 0.0053460 secs] [Times: user=0.01 sys=0.00, real=0.00 secs] 
2014-07-08T01:03:08.153+0000: 1621.703: [GC [PSYoungGen: 360892K->1058K(350336K)] 598993K->239521K(1037312K), 0.0081290 secs] [Times: user=0.02 sys=0.00, real=0.00 secs] 
2014-07-08T01:03:09.764+0000: 1623.314: [GC [PSYoungGen: 350306K->1172K(340480K)] 588769K->239675K(1027456K), 0.0113290 secs] [Times: user=0.03 sys=0.00, real=0.01 secs] 
2014-07-08T01:03:11.318+0000: 1624.868: [GC [PSYoungGen: 340436K->830K(330496K)] 578939K->239563K(1017472K), 0.0128820 secs] [Times: user=0.05 sys=0.00, real=0.01 secs] 
2014-07-08T01:03:12.840+0000: 1626.390: [GC [PSYoungGen: 330494K->1424K(321920K)] 569227K->240254K(1008896K), 0.0142440 secs] [Times: user=0.05 sys=0.00, real=0.02 secs] 
2014-07-08T01:03:14.319+0000: 1627.869: [GC [PSYoungGen: 321872K->702K(312320K)] 560702K->239889K(999296K), 0.0121400 secs] [Times: user=0.05 sys=0.00, real=0.01 secs] 
2014-07-08T01:03:15.747+0000: 1629.298: [GC [PSYoungGen: 312318K->1357K(304512K)] 551505K->240576K(991488K), 0.0059610 secs] [Times: user=0.01 sys=0.00, real=0.01 secs] 
2014-07-08T01:03:17.141+0000: 1630.692: [GC [PSYoungGen: 304432K->998K(296000K)] 543652K->240321K(982976K), 0.0067240 secs] [Times: user=0.01 sys=0.00, real=0.01 secs] 
2014-07-08T01:03:18.495+0000: 1632.046: [GC [PSYoungGen: 295972K->1396K(288576K)] 535296K->240768K(975552K), 0.0126650 secs] [Times: user=0.04 sys=0.00, real=0.01 secs] 
2014-07-08T01:03:19.827+0000: 1633.378: [GC [PSYoungGen: 288564K->702K(280320K)] 527936K->240479K(967296K), 0.0077860 secs] [Times: user=0.03 sys=0.00, real=0.01 secs] 
2014-07-08T01:03:21.114+0000: 1634.664: [GC [PSYoungGen: 280318K->1290K(273728K)] 520095K->241091K(960704K), 0.0109450 secs] [Times: user=0.04 sys=0.00, real=0.02 secs] 
2014-07-08T01:03:22.364+0000: 1635.914: [GC [PSYoungGen: 273648K->1197K(266624K)] 513450K->241381K(953600K), 0.0155620 secs] [Times: user=0.05 sys=0.00, real=0.01 secs] 
2014-07-08T01:03:23.603+0000: 1637.153: [GC [PSYoungGen: 266605K->1392K(319936K)] 506789K->241640K(1006912K), 0.0213300 secs] [Times: user=0.07 sys=0.00, real=0.03 secs] 
2014-07-08T01:03:25.055+0000: 1638.606: [GC [PSYoungGen: 319920K->766K(310528K)] 560168K->241299K(997504K), 0.0081460 secs] [Times: user=0.03 sys=0.00, real=0.00 secs] 
2014-07-08T01:03:26.465+0000: 1640.015: [GC [PSYoungGen: 310526K->1112K(302464K)] 551059K->241678K(989440K), 0.0060300 secs] [Times: user=0.02 sys=0.00, real=0.00 secs] 
2014-07-08T01:03:27.871+0000: 1641.421: [GC [PSYoungGen: 302424K->1388K(294656K)] 542990K->242110K(981632K), 0.0058590 secs] [Times: user=0.02 sys=0.00, real=0.01 secs] 
2014-07-08T01:03:29.216+0000: 1642.767: [GC [PSYoungGen: 294636K->1136K(286656K)] 535358K->241890K(973632K), 0.0049460 secs] [Times: user=0.01 sys=0.00, real=0.00 secs] 
2014-07-08T01:03:30.551+0000: 1644.101: [GC [PSYoungGen: 286640K->805K(278848K)] 527394K->241911K(965824K), 0.0134090 secs] [Times: user=0.05 sys=0.00, real=0.01 secs] 
2014-07-08T01:03:31.815+0000: 1645.366: [GC [PSYoungGen: 278807K->1592K(272448K)] 519913K->242746K(959424K), 0.0184430 secs] [Times: user=0.07 sys=0.00, real=0.02 secs] 
2014-07-08T01:03:33.062+0000: 1646.613: [GC [PSYoungGen: 272439K->948K(264896K)] 513593K->242452K(951872K), 0.0138670 secs] [Times: user=0.05 sys=0.00, real=0.02 secs] 
2014-07-08T01:03:34.276+0000: 1647.827: [GC [PSYoungGen: 264872K->1304K(258624K)] 506376K->242888K(945600K), 0.0096710 secs] [Times: user=0.04 sys=0.00, real=0.01 secs] 
2014-07-08T01:03:35.464+0000: 1649.014: [GC [PSYoungGen: 258576K->1200K(252096K)] 500160K->242906K(939072K), 0.0058400 secs] [Times: user=0.01 sys=0.00, real=0.01 secs] 
2014-07-08T01:03:36.630+0000: 1650.181: [GC [PSYoungGen: 252080K->1392K(246144K)] 493786K->243130K(933120K), 0.0160730 secs] [Times: user=0.06 sys=0.00, real=0.02 secs] 
2014-07-08T01:03:37.774+0000: 1651.324: [GC [PSYoungGen: 246111K->755K(239552K)] 487849K->242917K(926528K), 0.0120400 secs] [Times: user=0.03 sys=0.01, real=0.01 secs] 
2014-07-08T01:03:38.873+0000: 1652.424: [GC [PSYoungGen: 239539K->1382K(234496K)] 481701K->243568K(921472K), 0.0074120 secs] [Times: user=0.01 sys=0.00, real=0.01 secs] 
2014-07-08T01:03:39.949+0000: 1653.500: [GC [PSYoungGen: 234438K->1076K(228672K)] 476624K->243516K(915648K), 0.0116630 secs] [Times: user=0.03 sys=0.00, real=0.01 secs] 
2014-07-08T01:03:40.969+0000: 1654.519: [GC [PSYoungGen: 228629K->1296K(223616K)] 471069K->243776K(910592K), 0.0103480 secs] [Times: user=0.04 sys=0.00, real=0.01 secs] 
2014-07-08T01:03:41.986+0000: 1655.536: [GC [PSYoungGen: 223568K->948K(267712K)] 466048K->243580K(954688K), 0.0308370 secs] [Times: user=0.11 sys=0.00, real=0.03 secs] 
2014-07-08T01:03:43.212+0000: 1656.762: [GC [PSYoungGen: 267700K->1044K(321216K)] 510332K->243740K(1008192K), 0.0244560 secs] [Times: user=0.08 sys=0.00, real=0.02 secs] 
2014-07-08T01:03:44.680+0000: 1658.231: [GC [PSYoungGen: 321135K->1126K(385344K)] 563832K->243902K(1072320K), 0.0094530 secs] [Times: user=0.03 sys=0.00, real=0.01 secs] 
2014-07-08T01:03:46.464+0000: 1660.014: [GC [PSYoungGen: 385318K->1204K(462272K)] 628094K->244036K(1149248K), 0.0162530 secs] [Times: user=0.04 sys=0.00, real=0.02 secs] 
2014-07-08T01:03:48.602+0000: 1662.153: [GC [PSYoungGen: 462238K->866K(554176K)] 705070K->243836K(1241152K), 0.0117520 secs] [Times: user=0.05 sys=0.00, real=0.01 secs] 
2014-07-08T01:03:51.172+0000: 1664.723: [GC [PSYoungGen: 554146K->1414K(535936K)] 797116K->244440K(1222912K), 0.0112860 secs] [Times: user=0.05 sys=0.00, real=0.01 secs] 
2014-07-08T01:03:53.623+0000: 1667.174: [GC [PSYoungGen: 535878K->880K(517376K)] 778904K->244224K(1204352K), 0.0180820 secs] [Times: user=0.07 sys=0.00, real=0.02 secs] 
2014-07-08T01:03:56.031+0000: 1669.581: [GC [PSYoungGen: 517360K->1140K(500416K)] 760704K->244564K(1187392K), 0.0051610 secs] [Times: user=0.01 sys=0.01, real=0.00 secs] 
2014-07-08T01:03:58.314+0000: 1671.864: [GC [PSYoungGen: 500400K->1147K(483968K)] 743824K->244635K(1170944K), 0.0094460 secs] [Times: user=0.04 sys=0.00, real=0.01 secs] 
2014-07-08T01:04:00.529+0000: 1674.079: [GC [PSYoungGen: 483963K->1108K(468288K)] 727451K->244644K(1155264K), 0.0137990 secs] [Times: user=0.05 sys=0.00, real=0.02 secs] 
2014-07-08T01:04:02.643+0000: 1676.193: [GC [PSYoungGen: 468244K->822K(452928K)] 711780K->244776K(1139904K), 0.0172070 secs] [Times: user=0.06 sys=0.00, real=0.02 secs] 
2014-07-08T01:04:04.753+0000: 1678.304: [GC [PSYoungGen: 452887K->1179K(438976K)] 696841K->245213K(1125952K), 0.0060600 secs] [Times: user=0.02 sys=0.00, real=0.00 secs] 
2014-07-08T01:04:06.740+0000: 1680.291: [GC [PSYoungGen: 438917K->1086K(425088K)] 682952K->245282K(1112064K), 0.0281560 secs] [Times: user=0.10 sys=0.00, real=0.03 secs] 
2014-07-08T01:04:08.723+0000: 1682.273: [GC [PSYoungGen: 425086K->1463K(412288K)] 669282K->245798K(1099264K), 0.0118050 secs] [Times: user=0.04 sys=0.00, real=0.01 secs] 
2014-07-08T01:04:10.620+0000: 1684.170: [GC [PSYoungGen: 412239K->424K(398656K)] 656573K->245552K(1085632K), 0.0076020 secs] [Times: user=0.01 sys=0.00, real=0.01 secs] 
2014-07-08T01:04:12.460+0000: 1686.011: [GC [PSYoungGen: 398632K->1582K(387776K)] 643760K->246947K(1074752K), 0.0057440 secs] [Times: user=0.01 sys=0.00, real=0.01 secs] 
2014-07-08T01:04:14.244+0000: 1687.794: [GC [PSYoungGen: 387743K->1190K(375872K)] 633108K->247343K(1062848K), 0.0191180 secs] [Times: user=0.07 sys=0.00, real=0.02 secs] 
2014-07-08T01:04:15.989+0000: 1689.539: [GC [PSYoungGen: 375782K->1304K(364928K)] 621935K->247587K(1051904K), 0.0100450 secs] [Times: user=0.04 sys=0.00, real=0.01 secs] 
2014-07-08T01:04:17.675+0000: 1691.226: [GC [PSYoungGen: 364888K->948K(353920K)] 611171K->247351K(1040896K), 0.0069520 secs] [Times: user=0.02 sys=0.00, real=0.00 secs] 
2014-07-08T01:04:19.303+0000: 1692.854: [GC [PSYoungGen: 353908K->1076K(343872K)] 600311K->247519K(1030848K), 0.0125960 secs] [Times: user=0.04 sys=0.00, real=0.01 secs] 
2014-07-08T01:04:20.915+0000: 1694.465: [GC [PSYoungGen: 343821K->1300K(334400K)] 590264K->247847K(1021376K), 0.0166560 secs] [Times: user=0.05 sys=0.00, real=0.01 secs] 
2014-07-08T01:04:22.448+0000: 1695.998: [GC [PSYoungGen: 334356K->1236K(324992K)] 580903K->247871K(1011968K), 0.0080410 secs] [Times: user=0.01 sys=0.00, real=0.01 secs] 
2014-07-08T01:04:23.955+0000: 1697.505: [GC [PSYoungGen: 324929K->752K(315520K)] 571564K->247954K(1002496K), 0.0067050 secs] [Times: user=0.02 sys=0.00, real=0.00 secs] 
2014-07-08T01:04:25.367+0000: 1698.918: [GC [PSYoungGen: 315504K->1347K(307520K)] 562706K->248590K(994496K), 0.0132430 secs] [Times: user=0.04 sys=0.00, real=0.01 secs] 
2014-07-08T01:04:26.792+0000: 1700.343: [GC [PSYoungGen: 307373K->1062K(298944K)] 554615K->248746K(985920K), 0.0051100 secs] [Times: user=0.01 sys=0.00, real=0.01 secs] 
2014-07-08T01:04:28.169+0000: 1701.720: [GC [PSYoungGen: 298865K->1183K(291136K)] 546549K->248883K(978112K), 0.0056820 secs] [Times: user=0.01 sys=0.00, real=0.01 secs] 
2014-07-08T01:04:29.503+0000: 1703.053: [GC [PSYoungGen: 291103K->948K(283264K)] 538803K->248680K(970240K), 0.0046290 secs] [Times: user=0.01 sys=0.00, real=0.01 secs] 
2014-07-08T01:04:30.797+0000: 1704.347: [GC [PSYoungGen: 283252K->1236K(276224K)] 530983K->249000K(963200K), 0.0246800 secs] [Times: user=0.08 sys=0.00, real=0.02 secs] 
2014-07-08T01:04:32.079+0000: 1705.629: [GC [PSYoungGen: 276180K->980K(268928K)] 523944K->248808K(955904K), 0.0058500 secs] [Times: user=0.01 sys=0.00, real=0.00 secs] 
2014-07-08T01:04:33.290+0000: 1706.840: [GC [PSYoungGen: 268884K->1204K(262336K)] 516712K->249120K(949312K), 0.0162670 secs] [Times: user=0.05 sys=0.01, real=0.02 secs] 
2014-07-08T01:04:34.531+0000: 1708.081: [GC [PSYoungGen: 262317K->980K(255616K)] 510233K->248952K(942592K), 0.0078520 secs] [Times: user=0.01 sys=0.01, real=0.01 secs] 
2014-07-08T01:04:35.698+0000: 1709.248: [GC [PSYoungGen: 255572K->1453K(307008K)] 503544K->249457K(993984K), 0.0191600 secs] [Times: user=0.07 sys=0.00, real=0.02 secs] 
2014-07-08T01:04:37.111+0000: 1710.662: [GC [PSYoungGen: 306950K->612K(297920K)] 554954K->249535K(984896K), 0.0053100 secs] [Times: user=0.01 sys=0.01, real=0.01 secs] 
2014-07-08T01:04:38.494+0000: 1712.045: [GC [PSYoungGen: 297863K->1671K(291072K)] 546786K->250633K(978048K), 0.0097770 secs] [Times: user=0.03 sys=0.00, real=0.01 secs] 
2014-07-08T01:04:39.844+0000: 1713.394: [GC [PSYoungGen: 291015K->1140K(282880K)] 539977K->250481K(969856K), 0.0143380 secs] [Times: user=0.05 sys=0.01, real=0.02 secs] 
2014-07-08T01:04:41.142+0000: 1714.692: [GC [PSYoungGen: 282868K->1172K(339328K)] 532209K->250553K(1026304K), 0.0216880 secs] [Times: user=0.08 sys=0.00, real=0.02 secs] 
2014-07-08T01:04:42.683+0000: 1716.234: [GC [PSYoungGen: 339284K->1168K(406976K)] 588665K->250637K(1093952K), 0.0183220 secs] [Times: user=0.06 sys=0.00, real=0.02 secs] 
2014-07-08T01:04:44.536+0000: 1718.086: [GC [PSYoungGen: 406882K->1140K(394560K)] 656351K->250673K(1081536K), 0.0074110 secs] [Times: user=0.01 sys=0.00, real=0.01 secs] 
2014-07-08T01:04:46.352+0000: 1719.903: [GC [PSYoungGen: 394498K->1140K(473280K)] 644031K->250753K(1160256K), 0.0239190 secs] [Times: user=0.07 sys=0.00, real=0.02 secs] 
2014-07-08T01:04:48.539+0000: 1722.089: [GC [PSYoungGen: 473236K->1456K(458368K)] 722849K->251125K(1145344K), 0.0157670 secs] [Times: user=0.05 sys=0.00, real=0.01 secs] 
2014-07-08T01:04:50.642+0000: 1724.192: [GC [PSYoungGen: 458314K->884K(549184K)] 707983K->250729K(1236160K), 0.0282440 secs] [Times: user=0.10 sys=0.00, real=0.03 secs] 
2014-07-08T01:04:53.187+0000: 1726.738: [GC [PSYoungGen: 549172K->1236K(530944K)] 799017K->251161K(1217920K), 0.0194270 secs] [Times: user=0.07 sys=0.00, real=0.02 secs] 
2014-07-08T01:04:55.639+0000: 1729.189: [GC [PSYoungGen: 530900K->1130K(513024K)] 780825K->251207K(1200000K), 0.0120720 secs] [Times: user=0.04 sys=0.00, real=0.01 secs] 
2014-07-08T01:04:57.976+0000: 1731.526: [GC [PSYoungGen: 513002K->1012K(495936K)] 763079K->251129K(1182912K), 0.0088390 secs] [Times: user=0.03 sys=0.00, real=0.01 secs] 
2014-07-08T01:05:00.269+0000: 1733.820: [GC [PSYoungGen: 495893K->980K(479680K)] 746010K->251137K(1166656K), 0.0037660 secs] [Times: user=0.01 sys=0.00, real=0.00 secs] 
2014-07-08T01:05:02.495+0000: 1736.045: [GC [PSYoungGen: 479599K->1108K(464256K)] 729756K->251329K(1151232K), 0.0142220 secs] [Times: user=0.05 sys=0.01, real=0.02 secs] 
2014-07-08T01:05:04.650+0000: 1738.200: [GC [PSYoungGen: 464212K->1204K(449472K)] 714433K->251569K(1136448K), 0.0218070 secs] [Times: user=0.07 sys=0.00, real=0.03 secs] 
2014-07-08T01:05:06.714+0000: 1740.264: [GC [PSYoungGen: 449460K->1012K(435072K)] 699825K->251449K(1122048K), 0.0300920 secs] [Times: user=0.11 sys=0.00, real=0.03 secs] 
2014-07-08T01:05:08.728+0000: 1742.279: [GC [PSYoungGen: 435059K->1019K(421504K)] 685496K->251605K(1108480K), 0.0198800 secs] [Times: user=0.07 sys=0.00, real=0.02 secs] 
2014-07-08T01:05:10.645+0000: 1744.196: [GC [PSYoungGen: 421485K->1172K(408704K)] 672071K->251814K(1095680K), 0.0146750 secs] [Times: user=0.05 sys=0.00, real=0.01 secs] 
2014-07-08T01:05:12.521+0000: 1746.071: [GC [PSYoungGen: 408660K->1012K(396032K)] 659302K->251758K(1083008K), 0.0049230 secs] [Times: user=0.01 sys=0.00, real=0.01 secs] 
2014-07-08T01:05:14.351+0000: 1747.901: [GC [PSYoungGen: 396009K->1229K(384384K)] 646755K->252095K(1071360K), 0.0057280 secs] [Times: user=0.02 sys=0.00, real=0.01 secs] 
2014-07-08T01:05:16.126+0000: 1749.676: [GC [PSYoungGen: 384321K->816K(372544K)] 635188K->251934K(1059520K), 0.0075120 secs] [Times: user=0.01 sys=0.00, real=0.01 secs] 
2014-07-08T01:05:17.821+0000: 1751.372: [GC [PSYoungGen: 372509K->1428K(362240K)] 623628K->252618K(1049216K), 0.0111490 secs] [Times: user=0.04 sys=0.00, real=0.02 secs] 
2014-07-08T01:05:19.479+0000: 1753.029: [GC [PSYoungGen: 362157K->702K(350976K)] 613347K->252410K(1037952K), 0.0038480 secs] [Times: user=0.01 sys=0.00, real=0.01 secs] 
2014-07-08T01:05:21.088+0000: 1754.638: [GC [PSYoungGen: 350964K->1158K(341440K)] 602672K->252890K(1028416K), 0.0086430 secs] [Times: user=0.03 sys=0.00, real=0.01 secs] 
2014-07-08T01:05:22.646+0000: 1756.196: [GC [PSYoungGen: 341355K->1200K(331776K)] 593087K->253348K(1018752K), 0.0175210 secs] [Times: user=0.07 sys=0.01, real=0.02 secs] 
2014-07-08T01:05:24.145+0000: 1757.695: [GC [PSYoungGen: 331751K->1062K(322368K)] 583899K->253266K(1009344K), 0.0085170 secs] [Times: user=0.03 sys=0.01, real=0.01 secs] 
2014-07-08T01:05:25.643+0000: 1759.194: [GC [PSYoungGen: 322342K->1012K(313408K)] 574546K->253296K(1000384K), 0.0028380 secs] [Times: user=0.01 sys=0.00, real=0.00 secs] 
2014-07-08T01:05:27.085+0000: 1760.635: [GC [PSYoungGen: 313396K->1108K(305024K)] 565680K->253424K(992000K), 0.0038100 secs] [Times: user=0.01 sys=0.00, real=0.00 secs] 
2014-07-08T01:05:28.471+0000: 1762.022: [GC [PSYoungGen: 304980K->1044K(296768K)] 557296K->253408K(983744K), 0.0161110 secs] [Times: user=0.05 sys=0.00, real=0.02 secs] 
2014-07-08T01:05:29.834+0000: 1763.385: [GC [PSYoungGen: 296724K->1076K(288896K)] 549088K->253480K(975872K), 0.0113130 secs] [Times: user=0.04 sys=0.00, real=0.01 secs] 
2014-07-08T01:05:31.163+0000: 1764.713: [GC [PSYoungGen: 288884K->1076K(281344K)] 541288K->253552K(968320K), 0.0157740 secs] [Times: user=0.05 sys=0.00, real=0.02 secs] 
2014-07-08T01:05:32.457+0000: 1766.008: [GC [PSYoungGen: 281314K->980K(273984K)] 533790K->253552K(960960K), 0.0044370 secs] [Times: user=0.01 sys=0.01, real=0.00 secs] 
2014-07-08T01:05:33.699+0000: 1767.250: [GC [PSYoungGen: 273940K->1022K(267008K)] 526512K->253757K(953984K), 0.0098100 secs] [Times: user=0.03 sys=0.00, real=0.01 secs] 
2014-07-08T01:05:34.926+0000: 1768.476: [GC [PSYoungGen: 266975K->1531K(260800K)] 519709K->254321K(947776K), 0.0053810 secs] [Times: user=0.01 sys=0.00, real=0.00 secs] 
2014-07-08T01:05:36.130+0000: 1769.681: [GC [PSYoungGen: 260795K->570K(253376K)] 513585K->254055K(940352K), 0.0122750 secs] [Times: user=0.04 sys=0.00, real=0.01 secs] 
2014-07-08T01:05:37.270+0000: 1770.821: [GC [PSYoungGen: 253370K->1276K(247872K)] 506855K->254817K(934848K), 0.0122590 secs] [Times: user=0.04 sys=0.00, real=0.01 secs] 
2014-07-08T01:05:38.387+0000: 1771.937: [GC [PSYoungGen: 247847K->1076K(241664K)] 501388K->254945K(928640K), 0.0097410 secs] [Times: user=0.03 sys=0.00, real=0.01 secs] 
2014-07-08T01:05:39.496+0000: 1773.046: [GC [PSYoungGen: 241647K->1136K(235968K)] 495516K->255037K(922944K), 0.0075760 secs] [Times: user=0.02 sys=0.00, real=0.00 secs] 
2014-07-08T01:05:40.565+0000: 1774.115: [GC [PSYoungGen: 235952K->1012K(230272K)] 489853K->254953K(917248K), 0.0068110 secs] [Times: user=0.02 sys=0.00, real=0.01 secs] 
2014-07-08T01:05:41.610+0000: 1775.160: [GC [PSYoungGen: 230237K->1513K(276672K)] 484178K->255592K(963648K), 0.0307740 secs] [Times: user=0.10 sys=0.00, real=0.03 secs] 
2014-07-08T01:05:42.886+0000: 1776.436: [GC [PSYoungGen: 276603K->559K(330752K)] 530682K->255385K(1017728K), 0.0196180 secs] [Times: user=0.07 sys=0.00, real=0.02 secs] 
2014-07-08T01:05:44.404+0000: 1777.954: [GC [PSYoungGen: 330735K->1643K(397888K)] 585561K->256534K(1084864K), 0.0095040 secs] [Times: user=0.04 sys=0.00, real=0.01 secs] 
2014-07-08T01:05:46.236+0000: 1779.786: [GC [PSYoungGen: 397867K->1012K(385280K)] 652758K->256304K(1072256K), 0.0054360 secs] [Times: user=0.01 sys=0.00, real=0.01 secs] 
2014-07-08T01:05:48.008+0000: 1781.559: [GC [PSYoungGen: 385268K->1076K(373888K)] 640560K->256424K(1060864K), 0.0059760 secs] [Times: user=0.01 sys=0.00, real=0.01 secs] 
2014-07-08T01:05:49.683+0000: 1783.233: [GC [PSYoungGen: 373834K->1080K(362880K)] 629183K->256452K(1049856K), 0.0056620 secs] [Times: user=0.02 sys=0.00, real=0.01 secs] 
2014-07-08T01:05:51.329+0000: 1784.880: [GC [PSYoungGen: 362859K->1392K(352640K)] 618232K->256837K(1039616K), 0.0136730 secs] [Times: user=0.05 sys=0.00, real=0.01 secs] 
2014-07-08T01:05:52.983+0000: 1786.534: [GC [PSYoungGen: 352616K->1139K(342272K)] 608060K->256852K(1029248K), 0.0082730 secs] [Times: user=0.03 sys=0.00, real=0.01 secs] 
2014-07-08T01:05:54.561+0000: 1788.111: [GC [PSYoungGen: 342259K->1336K(332800K)] 597972K->257104K(1019776K), 0.0195540 secs] [Times: user=0.07 sys=0.00, real=0.02 secs] 
2014-07-08T01:05:56.116+0000: 1789.667: [GC [PSYoungGen: 332759K->1108K(323328K)] 588528K->257048K(1010304K), 0.0226940 secs] [Times: user=0.08 sys=0.00, real=0.03 secs] 
2014-07-08T01:05:57.591+0000: 1791.141: [GC [PSYoungGen: 323284K->1076K(314368K)] 579224K->257064K(1001344K), 0.0111170 secs] [Times: user=0.04 sys=0.01, real=0.01 secs] 
2014-07-08T01:05:59.034+0000: 1792.585: [GC [PSYoungGen: 314356K->1232K(305984K)] 570344K->257277K(992960K), 0.0061870 secs] [Times: user=0.02 sys=0.01, real=0.01 secs] 
2014-07-08T01:06:00.442+0000: 1793.993: [GC [PSYoungGen: 305936K->1236K(297792K)] 561981K->257336K(984768K), 0.0072770 secs] [Times: user=0.02 sys=0.00, real=0.01 secs] 
2014-07-08T01:06:01.788+0000: 1795.338: [GC [PSYoungGen: 297736K->816K(289472K)] 553837K->257200K(976448K), 0.0170270 secs] [Times: user=0.05 sys=0.00, real=0.02 secs] 
2014-07-08T01:06:03.120+0000: 1796.670: [GC [PSYoungGen: 289448K->1176K(347584K)] 545833K->257691K(1034560K), 0.0205820 secs] [Times: user=0.08 sys=0.00, real=0.02 secs] 
2014-07-08T01:06:04.722+0000: 1798.272: [GC [PSYoungGen: 347544K->980K(337472K)] 604059K->257649K(1024448K), 0.0050590 secs] [Times: user=0.01 sys=0.00, real=0.00 secs] 
2014-07-08T01:06:06.282+0000: 1799.833: [GC [PSYoungGen: 337385K->998K(328000K)] 594054K->257707K(1014976K), 0.0168970 secs] [Times: user=0.06 sys=0.00, real=0.02 secs] 
2014-07-08T01:06:07.797+0000: 1801.348: [GC [PSYoungGen: 327974K->1144K(319040K)] 584683K->257901K(1006016K), 0.0049180 secs] [Times: user=0.02 sys=0.01, real=0.01 secs] 
2014-07-08T01:06:09.247+0000: 1802.797: [GC [PSYoungGen: 318987K->1268K(310400K)] 575744K->258057K(997376K), 0.0084820 secs] [Times: user=0.01 sys=0.00, real=0.02 secs] 
2014-07-08T01:06:10.671+0000: 1804.221: [GC [PSYoungGen: 310383K->702K(301440K)] 567172K->257833K(988416K), 0.0107070 secs] [Times: user=0.04 sys=0.00, real=0.01 secs] 
2014-07-08T01:06:12.043+0000: 1805.594: [GC [PSYoungGen: 301436K->1450K(294144K)] 558566K->258695K(981120K), 0.0095530 secs] [Times: user=0.03 sys=0.00, real=0.01 secs] 
2014-07-08T01:06:13.396+0000: 1806.947: [GC [PSYoungGen: 294122K->948K(285888K)] 551367K->258487K(972864K), 0.0052030 secs] [Times: user=0.01 sys=0.00, real=0.01 secs] 
2014-07-08T01:06:14.714+0000: 1808.265: [GC [PSYoungGen: 285876K->1328K(278848K)] 543415K->258931K(965824K), 0.0109000 secs] [Times: user=0.02 sys=0.00, real=0.01 secs] 
2014-07-08T01:06:15.970+0000: 1809.521: [GC [PSYoungGen: 278832K->930K(271296K)] 536435K->258655K(958272K), 0.0057080 secs] [Times: user=0.01 sys=0.00, real=0.01 secs] 
2014-07-08T01:06:17.213+0000: 1810.764: [GC [PSYoungGen: 271266K->1172K(264640K)] 528991K->258937K(951616K), 0.0131390 secs] [Times: user=0.05 sys=0.00, real=0.01 secs] 
2014-07-08T01:06:18.430+0000: 1811.981: [GC [PSYoungGen: 264596K->1076K(257856K)] 522361K->258889K(944832K), 0.0094200 secs] [Times: user=0.01 sys=0.00, real=0.01 secs] 
2014-07-08T01:06:19.584+0000: 1813.134: [GC [PSYoungGen: 257821K->1062K(251456K)] 515634K->258915K(938432K), 0.0048800 secs] [Times: user=0.01 sys=0.01, real=0.00 secs] 
2014-07-08T01:06:20.710+0000: 1814.261: [GC [PSYoungGen: 251430K->930K(245184K)] 509283K->258929K(932160K), 0.0084310 secs] [Times: user=0.03 sys=0.00, real=0.01 secs] 
2014-07-08T01:06:21.850+0000: 1815.400: [GC [PSYoungGen: 245147K->1485K(239872K)] 503146K->259572K(926848K), 0.0093890 secs] [Times: user=0.03 sys=0.00, real=0.01 secs] 
2014-07-08T01:06:22.942+0000: 1816.492: [GC [PSYoungGen: 239821K->620K(233280K)] 497908K->259393K(920256K), 0.0044580 secs] [Times: user=0.01 sys=0.00, real=0.00 secs] 
2014-07-08T01:06:24.005+0000: 1817.555: [GC [PSYoungGen: 233256K->1496K(228672K)] 492030K->260309K(915648K), 0.0147500 secs] [Times: user=0.06 sys=0.00, real=0.01 secs] 
2014-07-08T01:06:25.038+0000: 1818.588: [GC [PSYoungGen: 228632K->1076K(273664K)] 487445K->260183K(960640K), 0.0171860 secs] [Times: user=0.06 sys=0.00, real=0.02 secs] 
2014-07-08T01:06:26.301+0000: 1819.851: [GC [PSYoungGen: 273652K->1140K(266752K)] 532759K->260303K(953728K), 0.0081710 secs] [Times: user=0.02 sys=0.00, real=0.01 secs] 
2014-07-08T01:06:27.529+0000: 1821.080: [GC [PSYoungGen: 266740K->1126K(260032K)] 525903K->260379K(947008K), 0.0147790 secs] [Times: user=0.06 sys=0.00, real=0.02 secs] 
2014-07-08T01:06:28.722+0000: 1822.273: [GC [PSYoungGen: 260006K->1332K(253760K)] 519259K->260634K(940736K), 0.0072810 secs] [Times: user=0.02 sys=0.00, real=0.01 secs] 
2014-07-08T01:06:29.881+0000: 1823.432: [GC [PSYoungGen: 253748K->889K(303808K)] 513050K->261167K(990784K), 0.0203980 secs] [Times: user=0.07 sys=0.00, real=0.02 secs] 
2014-07-08T01:06:31.193+0000: 1824.744: [GC [PSYoungGen: 303756K->1454K(364992K)] 564034K->261756K(1051968K), 0.0134250 secs] [Times: user=0.05 sys=0.00, real=0.01 secs] 
2014-07-08T01:06:32.682+0000: 1826.232: [GC [PSYoungGen: 364974K->1405K(354304K)] 625276K->262421K(1041280K), 0.0056210 secs] [Times: user=0.02 sys=0.00, real=0.01 secs] 
2014-07-08T01:06:35.049+0000: 1828.599: [GC [PSYoungGen: 354301K->2096K(344832K)] 615317K->263558K(1031808K), 0.0226610 secs] [Times: user=0.08 sys=0.00, real=0.02 secs] 
2014-07-08T01:06:37.275+0000: 1830.825: [GC [PSYoungGen: 344816K->748K(333760K)] 606278K->263414K(1020736K), 0.0281680 secs] [Times: user=0.11 sys=0.00, real=0.02 secs] 
2014-07-08T01:06:40.306+0000: 1833.857: [GC [PSYoungGen: 333740K->2392K(402048K)] 596406K->265178K(1089024K), 0.0368190 secs] [Times: user=0.13 sys=0.00, real=0.03 secs] 
2014-07-08T01:06:43.587+0000: 1837.137: [GC [PSYoungGen: 402008K->1836K(481408K)] 664794K->265634K(1168384K), 0.0422890 secs] [Times: user=0.15 sys=0.00, real=0.04 secs] 
2014-07-08T01:06:47.415+0000: 1840.966: [GC [PSYoungGen: 481387K->2622K(578112K)] 745185K->266884K(1265088K), 0.0372700 secs] [Times: user=0.14 sys=0.00, real=0.03 secs] 
2014-07-08T01:06:51.484+0000: 1845.035: [GC [PSYoungGen: 578090K->1708K(557376K)] 842353K->266776K(1244352K), 0.0182790 secs] [Times: user=0.03 sys=0.01, real=0.02 secs] 
2014-07-08T01:06:55.256+0000: 1848.806: [GC [PSYoungGen: 557356K->2380K(539136K)] 822424K->267913K(1226112K), 0.0236310 secs] [Times: user=0.07 sys=0.00, real=0.03 secs] 
2014-07-08T01:06:59.366+0000: 1852.916: [GC [PSYoungGen: 539084K->1876K(520512K)] 804617K->267840K(1207488K), 0.0336180 secs] [Times: user=0.11 sys=0.00, real=0.04 secs] 
2014-07-08T01:07:03.260+0000: 1856.810: [GC [PSYoungGen: 520468K->3073K(504448K)] 786432K->269413K(1191424K), 0.0507200 secs] [Times: user=0.18 sys=0.00, real=0.05 secs] 
2014-07-08T01:07:06.731+0000: 1860.281: [GC [PSYoungGen: 504371K->1512K(486336K)] 770711K->269543K(1173312K), 0.0334950 secs] [Times: user=0.12 sys=0.00, real=0.03 secs] 
2014-07-08T01:07:10.252+0000: 1863.803: [GC [PSYoungGen: 486312K->2476K(471488K)] 754343K->270747K(1158464K), 0.0112680 secs] [Times: user=0.02 sys=0.00, real=0.01 secs] 
2014-07-08T01:07:13.923+0000: 1867.473: [GC [PSYoungGen: 471468K->2352K(456256K)] 739739K->271239K(1143232K), 0.0092590 secs] [Times: user=0.02 sys=0.00, real=0.01 secs] 
2014-07-08T01:07:17.712+0000: 1871.263: [GC [PSYoungGen: 456239K->2441K(441920K)] 725126K->271848K(1128896K), 0.0269580 secs] [Times: user=0.10 sys=0.00, real=0.02 secs] 
2014-07-08T01:07:21.208+0000: 1874.759: [GC [PSYoungGen: 441865K->1940K(427584K)] 711272K->271771K(1114560K), 0.0184170 secs] [Times: user=0.06 sys=0.00, real=0.02 secs] 
2014-07-08T01:07:24.719+0000: 1878.270: [GC [PSYoungGen: 427540K->2377K(414784K)] 697371K->272616K(1101760K), 0.0067020 secs] [Times: user=0.02 sys=0.00, real=0.01 secs] 
2014-07-08T01:07:28.094+0000: 1881.645: [GC [PSYoungGen: 414729K->2032K(401728K)] 684968K->272663K(1088704K), 0.0248980 secs] [Times: user=0.09 sys=0.00, real=0.02 secs] 
2014-07-08T01:07:30.826+0000: 1884.376: [GC [PSYoungGen: 401668K->3013K(390656K)] 672299K->274060K(1077632K), 0.0380170 secs] [Times: user=0.13 sys=0.00, real=0.04 secs] 
2014-07-08T01:07:33.495+0000: 1887.045: [GC [PSYoungGen: 390585K->1705K(377728K)] 661632K->273500K(1064704K), 0.0137530 secs] [Times: user=0.05 sys=0.00, real=0.01 secs] 
2014-07-08T01:07:36.219+0000: 1889.769: [GC [PSYoungGen: 377705K->2473K(367360K)] 649500K->274596K(1054336K), 0.0235940 secs] [Times: user=0.09 sys=0.00, real=0.02 secs] 
2014-07-08T01:07:38.863+0000: 1892.413: [GC [PSYoungGen: 367331K->2683K(356864K)] 639454K->275134K(1043840K), 0.0318810 secs] [Times: user=0.12 sys=0.00, real=0.04 secs] 
2014-07-08T01:07:41.492+0000: 1895.042: [GC [PSYoungGen: 356820K->2761K(346752K)] 629271K->275436K(1033728K), 0.0290510 secs] [Times: user=0.10 sys=0.00, real=0.03 secs] 
2014-07-08T01:07:44.521+0000: 1898.071: [GC [PSYoungGen: 346688K->1466K(335616K)] 619363K->274987K(1022592K), 0.0126740 secs] [Times: user=0.02 sys=0.00, real=0.01 secs] 
2014-07-08T01:07:47.345+0000: 1900.896: [GC [PSYoungGen: 335610K->2466K(327232K)] 609131K->276318K(1014208K), 0.0401280 secs] [Times: user=0.15 sys=0.00, real=0.04 secs] 
2014-07-08T01:07:49.805+0000: 1903.355: [GC [PSYoungGen: 327202K->1904K(317632K)] 601054K->276313K(1004608K), 0.0057290 secs] [Times: user=0.02 sys=0.00, real=0.01 secs] 
2014-07-08T01:07:52.527+0000: 1906.077: [GC [PSYoungGen: 317616K->2376K(309504K)] 592025K->276986K(996480K), 0.0091790 secs] [Times: user=0.04 sys=0.00, real=0.01 secs] 
2014-07-08T01:07:54.661+0000: 1908.211: [GC [PSYoungGen: 309448K->2341K(301120K)] 584058K->277623K(988096K), 0.0203470 secs] [Times: user=0.07 sys=0.00, real=0.02 secs] 
2014-07-08T01:07:57.009+0000: 1910.559: [GC [PSYoungGen: 301084K->1812K(292608K)] 576365K->277301K(979584K), 0.0363950 secs] [Times: user=0.13 sys=0.00, real=0.03 secs] 
2014-07-08T01:07:58.899+0000: 1912.449: [GC [PSYoungGen: 292564K->2505K(285632K)] 568053K->278258K(972608K), 0.0176360 secs] [Times: user=0.06 sys=0.00, real=0.02 secs] 
2014-07-08T01:08:01.184+0000: 1914.734: [GC [PSYoungGen: 285577K->2004K(277760K)] 561330K->277965K(964736K), 0.0161580 secs] [Times: user=0.05 sys=0.00, real=0.02 secs] 
2014-07-08T01:08:03.187+0000: 1916.737: [GC [PSYoungGen: 277716K->2221K(270848K)] 553677K->278582K(957824K), 0.0054540 secs] [Times: user=0.02 sys=0.00, real=0.00 secs] 
2014-07-08T01:08:05.187+0000: 1918.738: [GC [PSYoungGen: 270829K->2196K(264000K)] 547190K->278861K(950976K), 0.0077360 secs] [Times: user=0.02 sys=0.00, real=0.00 secs] 
2014-07-08T01:08:07.170+0000: 1920.720: [GC [PSYoungGen: 263955K->2217K(257408K)] 540620K->279362K(944384K), 0.0052270 secs] [Times: user=0.02 sys=0.00, real=0.00 secs] 
2014-07-08T01:08:09.137+0000: 1922.688: [GC [PSYoungGen: 257367K->1890K(250752K)] 534512K->279243K(937728K), 0.0158060 secs] [Times: user=0.05 sys=0.00, real=0.02 secs] 
2014-07-08T01:08:10.901+0000: 1924.451: [GC [PSYoungGen: 250712K->2398K(245184K)] 528066K->279992K(932160K), 0.0184770 secs] [Times: user=0.07 sys=0.01, real=0.02 secs] 
2014-07-08T01:08:12.658+0000: 1926.208: [GC [PSYoungGen: 245150K->2728K(239680K)] 522744K->280530K(926656K), 0.0291740 secs] [Times: user=0.09 sys=0.00, real=0.02 secs] 
2014-07-08T01:08:14.443+0000: 1927.993: [GC [PSYoungGen: 239656K->1380K(285760K)] 517458K->280038K(972736K), 0.0448950 secs] [Times: user=0.15 sys=0.00, real=0.04 secs] 
2014-07-08T01:08:16.407+0000: 1929.958: [GC [PSYoungGen: 285732K->2156K(343424K)] 564390K->280965K(1030400K), 0.0143530 secs] [Times: user=0.06 sys=0.00, real=0.02 secs] 
2014-07-08T01:08:19.195+0000: 1932.746: [GC [PSYoungGen: 343404K->2284K(333888K)] 622213K->281365K(1020864K), 0.0095880 secs] [Times: user=0.03 sys=0.00, real=0.01 secs] 
2014-07-08T01:08:22.054+0000: 1935.604: [GC [PSYoungGen: 333847K->2768K(325120K)] 612928K->282161K(1012096K), 0.0176310 secs] [Times: user=0.06 sys=0.01, real=0.02 secs] 
2014-07-08T01:08:24.682+0000: 1938.233: [GC [PSYoungGen: 325072K->1206K(314624K)] 604465K->282202K(1001600K), 0.0294260 secs] [Times: user=0.11 sys=0.00, real=0.03 secs] 
2014-07-08T01:08:27.124+0000: 1940.674: [GC [PSYoungGen: 314589K->2484K(307328K)] 595585K->283673K(994304K), 0.0059710 secs] [Times: user=0.02 sys=0.00, real=0.00 secs] 
2014-07-08T01:08:29.255+0000: 1942.805: [GC [PSYoungGen: 307315K->2060K(298688K)] 588503K->283832K(985664K), 0.0116480 secs] [Times: user=0.04 sys=0.00, real=0.01 secs] 
2014-07-08T01:08:31.580+0000: 1945.130: [GC [PSYoungGen: 298636K->2693K(291456K)] 580408K->284665K(978432K), 0.0371680 secs] [Times: user=0.14 sys=0.00, real=0.04 secs] 
2014-07-08T01:08:33.690+0000: 1947.240: [GC [PSYoungGen: 291375K->1594K(282688K)] 573347K->284590K(969664K), 0.0162710 secs] [Times: user=0.05 sys=0.00, real=0.02 secs] 
2014-07-08T01:08:35.676+0000: 1949.226: [GC [PSYoungGen: 282682K->2864K(276672K)] 565678K->286124K(963648K), 0.0270650 secs] [Times: user=0.09 sys=0.01, real=0.03 secs] 
2014-07-08T01:08:37.845+0000: 1951.396: [GC [PSYoungGen: 276656K->2103K(330688K)] 559916K->286187K(1017664K), 0.0691330 secs] [Times: user=0.25 sys=0.00, real=0.07 secs] 
2014-07-08T01:08:40.147+0000: 1953.698: [GC [PSYoungGen: 330679K->2000K(396352K)] 614763K->286317K(1083328K), 0.0130640 secs] [Times: user=0.03 sys=0.00, real=0.04 secs] 
2014-07-08T01:08:43.112+0000: 1956.663: [GC [PSYoungGen: 396304K->2096K(475328K)] 680621K->286613K(1162304K), 0.0129810 secs] [Times: user=0.05 sys=0.00, real=0.02 secs] 
2014-07-08T01:08:46.605+0000: 1960.156: [GC [PSYoungGen: 475312K->2377K(460352K)] 759829K->287366K(1147328K), 0.0231070 secs] [Times: user=0.09 sys=0.00, real=0.02 secs] 
2014-07-08T01:08:50.180+0000: 1963.730: [GC [PSYoungGen: 460297K->2192K(445568K)] 745286K->287525K(1132544K), 0.0216710 secs] [Times: user=0.07 sys=0.01, real=0.02 secs] 
2014-07-08T01:08:53.587+0000: 1967.137: [GC [PSYoungGen: 445478K->2150K(431488K)] 730811K->287859K(1118464K), 0.0122590 secs] [Times: user=0.04 sys=0.00, real=0.01 secs] 
2014-07-08T01:08:57.109+0000: 1970.659: [GC [PSYoungGen: 431462K->2096K(418048K)] 717171K->288293K(1105024K), 0.0208740 secs] [Times: user=0.07 sys=0.00, real=0.02 secs] 
2014-07-08T01:09:00.688+0000: 1974.239: [GC [PSYoungGen: 418032K->2349K(405504K)] 704229K->288897K(1092480K), 0.0202870 secs] [Times: user=0.07 sys=0.00, real=0.02 secs] 
2014-07-08T01:09:03.943+0000: 1977.493: [GC [PSYoungGen: 405485K->1960K(392832K)] 692033K->289249K(1079808K), 0.0095410 secs] [Times: user=0.02 sys=0.00, real=0.01 secs] 
2014-07-08T01:09:06.553+0000: 1980.104: [GC [PSYoungGen: 392808K->2881K(382016K)] 680097K->290586K(1068992K), 0.0083120 secs] [Times: user=0.01 sys=0.00, real=0.01 secs] 
2014-07-08T01:09:09.149+0000: 1982.699: [GC [PSYoungGen: 381928K->1394K(369216K)] 669633K->290289K(1056192K), 0.0156440 secs] [Times: user=0.05 sys=0.01, real=0.01 secs] 
2014-07-08T01:09:11.942+0000: 1985.492: [GC [PSYoungGen: 369202K->2615K(359680K)] 658097K->291710K(1046656K), 0.0280490 secs] [Times: user=0.10 sys=0.01, real=0.03 secs] 
2014-07-08T01:09:14.732+0000: 1988.282: [GC [PSYoungGen: 359626K->2547K(349248K)] 648721K->292494K(1036224K), 0.0284250 secs] [Times: user=0.08 sys=0.00, real=0.03 secs] 
2014-07-08T01:09:17.363+0000: 1990.914: [GC [PSYoungGen: 349235K->1936K(338752K)] 639182K->292163K(1025728K), 0.0068570 secs] [Times: user=0.01 sys=0.00, real=0.01 secs] 
2014-07-08T01:09:19.961+0000: 1993.511: [GC [PSYoungGen: 338700K->2018K(329280K)] 628928K->292574K(1016256K), 0.0470030 secs] [Times: user=0.16 sys=0.00, real=0.04 secs] 
2014-07-08T01:09:22.684+0000: 1996.234: [GC [PSYoungGen: 329250K->2761K(320896K)] 619806K->293548K(1007872K), 0.0181290 secs] [Times: user=0.06 sys=0.01, real=0.02 secs] 
2014-07-08T01:09:25.448+0000: 1998.998: [GC [PSYoungGen: 320821K->2231K(311552K)] 611608K->293668K(998528K), 0.0355920 secs] [Times: user=0.13 sys=0.00, real=0.04 secs] 
2014-07-08T01:09:27.556+0000: 2001.107: [GC [PSYoungGen: 311543K->2185K(303168K)] 602980K->293894K(990144K), 0.0106860 secs] [Times: user=0.01 sys=0.00, real=0.01 secs] 
2014-07-08T01:09:29.916+0000: 2003.467: [GC [PSYoungGen: 303113K->2377K(295296K)] 594822K->294278K(982272K), 0.0303500 secs] [Times: user=0.11 sys=0.00, real=0.03 secs] 
2014-07-08T01:09:31.921+0000: 2005.471: [GC [PSYoungGen: 295241K->2761K(354304K)] 587142K->294942K(1041280K), 0.0260430 secs] [Times: user=0.09 sys=0.00, real=0.02 secs] 
2014-07-08T01:09:34.353+0000: 2007.903: [GC [PSYoungGen: 354230K->1700K(423552K)] 646412K->295170K(1110528K), 0.0278850 secs] [Times: user=0.07 sys=0.00, real=0.03 secs] 
2014-07-08T01:09:37.812+0000: 2011.363: [GC [PSYoungGen: 423523K->2178K(508480K)] 716993K->295888K(1195456K), 0.0388200 secs] [Times: user=0.15 sys=0.00, real=0.04 secs] 
2014-07-08T01:09:41.925+0000: 2015.475: [GC [PSYoungGen: 508418K->3016K(492544K)] 802128K->297184K(1179520K), 0.0297180 secs] [Times: user=0.10 sys=0.00, real=0.03 secs] 
2014-07-08T01:09:45.484+0000: 2019.035: [GC [PSYoungGen: 492488K->2284K(475776K)] 786656K->296972K(1162752K), 0.0245350 secs] [Times: user=0.08 sys=0.00, real=0.02 secs] 
2014-07-08T01:09:49.224+0000: 2022.774: [GC [PSYoungGen: 475707K->1844K(460032K)] 770395K->296980K(1147008K), 0.0314140 secs] [Times: user=0.10 sys=0.00, real=0.03 secs] 
2014-07-08T01:09:52.617+0000: 2026.167: [GC [PSYoungGen: 460020K->2288K(445824K)] 755156K->297776K(1132800K), 0.0277580 secs] [Times: user=0.09 sys=0.00, real=0.03 secs] 
2014-07-08T01:09:55.873+0000: 2029.423: [GC [PSYoungGen: 445808K->2814K(432320K)] 741296K->299078K(1119296K), 0.0063350 secs] [Times: user=0.02 sys=0.01, real=0.01 secs] 
2014-07-08T01:09:59.376+0000: 2032.926: [GC [PSYoungGen: 432318K->2128K(418304K)] 728582K->298688K(1105280K), 0.0315260 secs] [Times: user=0.11 sys=0.00, real=0.03 secs] 
2014-07-08T01:10:02.197+0000: 2035.748: [GC [PSYoungGen: 418256K->2604K(405952K)] 714816K->299532K(1092928K), 0.0120290 secs] [Times: user=0.04 sys=0.00, real=0.01 secs] 
2014-07-08T01:10:05.326+0000: 2038.877: [GC [PSYoungGen: 405932K->2128K(393216K)] 702860K->299568K(1080192K), 0.0113140 secs] [Times: user=0.02 sys=0.01, real=0.01 secs] 
2014-07-08T01:10:08.431+0000: 2041.982: [GC [PSYoungGen: 393168K->2156K(381440K)] 690608K->299916K(1068416K), 0.0454090 secs] [Times: user=0.17 sys=0.00, real=0.05 secs] 
2014-07-08T01:10:11.451+0000: 2045.001: [GC [PSYoungGen: 381420K->2288K(370304K)] 679180K->300416K(1057280K), 0.0145420 secs] [Times: user=0.05 sys=0.00, real=0.01 secs] 
2014-07-08T01:10:14.013+0000: 2047.564: [GC [PSYoungGen: 370277K->2864K(360064K)] 668405K->301456K(1047040K), 0.0167460 secs] [Times: user=0.06 sys=0.00, real=0.02 secs] 
2014-07-08T01:10:16.803+0000: 2050.353: [GC [PSYoungGen: 360048K->2444K(349312K)] 658640K->301372K(1036288K), 0.0111520 secs] [Times: user=0.02 sys=0.00, real=0.01 secs] 
2014-07-08T01:10:19.415+0000: 2052.965: [GC [PSYoungGen: 349260K->2231K(339136K)] 648188K->301741K(1026112K), 0.0313040 secs] [Times: user=0.11 sys=0.00, real=0.03 secs] 
2014-07-08T01:10:22.140+0000: 2055.691: [GC [PSYoungGen: 339127K->2476K(329856K)] 638637K->302243K(1016832K), 0.0136440 secs] [Times: user=0.02 sys=0.00, real=0.01 secs] 
2014-07-08T01:10:24.588+0000: 2058.138: [GC [PSYoungGen: 329836K->1932K(320192K)] 629603K->302155K(1007168K), 0.0322180 secs] [Times: user=0.11 sys=0.00, real=0.04 secs] 
2014-07-08T01:10:27.100+0000: 2060.651: [GC [PSYoungGen: 320140K->2156K(311616K)] 620363K->302634K(998592K), 0.0236540 secs] [Times: user=0.09 sys=0.00, real=0.02 secs] 
2014-07-08T01:10:29.056+0000: 2062.606: [GC [PSYoungGen: 311596K->2384K(303488K)] 612074K->303206K(990464K), 0.0196000 secs] [Times: user=0.07 sys=0.00, real=0.02 secs] 
2014-07-08T01:10:31.522+0000: 2065.072: [GC [PSYoungGen: 303429K->3223K(296256K)] 604252K->304221K(983232K), 0.0114200 secs] [Times: user=0.04 sys=0.00, real=0.01 secs] 
2014-07-08T01:10:33.878+0000: 2067.429: [GC [PSYoungGen: 296215K->1248K(286528K)] 597213K->303527K(973504K), 0.0296610 secs] [Times: user=0.12 sys=0.01, real=0.03 secs] 
2014-07-08T01:10:36.362+0000: 2069.913: [GC [PSYoungGen: 286496K->2420K(280192K)] 588775K->304907K(967168K), 0.0291280 secs] [Times: user=0.09 sys=0.01, real=0.03 secs] 
2014-07-08T01:10:38.375+0000: 2071.925: [GC [PSYoungGen: 280180K->1730K(272384K)] 582667K->304809K(959360K), 0.0096050 secs] [Times: user=0.02 sys=0.00, real=0.01 secs] 
2014-07-08T01:10:40.287+0000: 2073.838: [GC [PSYoungGen: 272318K->2526K(266240K)] 575396K->305773K(953216K), 0.0240590 secs] [Times: user=0.08 sys=0.01, real=0.03 secs] 
2014-07-08T01:10:42.306+0000: 2075.856: [GC [PSYoungGen: 266206K->2124K(259200K)] 569453K->305515K(946176K), 0.0102800 secs] [Times: user=0.02 sys=0.00, real=0.01 secs] 
2014-07-08T01:10:44.270+0000: 2077.820: [GC [PSYoungGen: 259144K->1997K(252672K)] 562534K->305835K(939648K), 0.0145040 secs] [Times: user=0.04 sys=0.00, real=0.02 secs] 
2014-07-08T01:10:46.110+0000: 2079.661: [GC [PSYoungGen: 252616K->2598K(247104K)] 556455K->306652K(934080K), 0.0283100 secs] [Times: user=0.10 sys=0.01, real=0.03 secs] 
2014-07-08T01:10:47.963+0000: 2081.513: [GC [PSYoungGen: 247078K->2537K(295936K)] 551132K->306799K(982912K), 0.0269460 secs] [Times: user=0.10 sys=0.00, real=0.02 secs] 
2014-07-08T01:10:50.410+0000: 2083.960: [GC [PSYoungGen: 295913K->1779K(353856K)] 600175K->306671K(1040832K), 0.0184320 secs] [Times: user=0.07 sys=0.00, real=0.02 secs] 
2014-07-08T01:10:53.282+0000: 2086.833: [GC [PSYoungGen: 353841K->2533K(344512K)] 658734K->307642K(1031488K), 0.0159600 secs] [Times: user=0.05 sys=0.00, real=0.02 secs] 
2014-07-08T01:10:56.027+0000: 2089.578: [GC [PSYoungGen: 344485K->2367K(334592K)] 649594K->308171K(1021568K), 0.0220780 secs] [Times: user=0.08 sys=0.00, real=0.02 secs] 
2014-07-08T01:10:58.482+0000: 2092.032: [GC [PSYoungGen: 334591K->1840K(324736K)] 640395K->307925K(1011712K), 0.0100400 secs] [Times: user=0.03 sys=0.00, real=0.01 secs] 
2014-07-08T01:11:00.916+0000: 2094.466: [GC [PSYoungGen: 324668K->2622K(316544K)] 630753K->309213K(1003520K), 0.0214150 secs] [Times: user=0.08 sys=0.01, real=0.02 secs] 
2014-07-08T01:11:03.081+0000: 2096.631: [GC [PSYoungGen: 316541K->2000K(307392K)] 623132K->308886K(994368K), 0.0232700 secs] [Times: user=0.09 sys=0.00, real=0.03 secs] 
2014-07-08T01:11:04.982+0000: 2098.532: [GC [PSYoungGen: 307343K->2408K(299520K)] 614230K->309623K(986496K), 0.0094960 secs] [Times: user=0.03 sys=0.00, real=0.01 secs] 
2014-07-08T01:11:07.275+0000: 2100.825: [GC [PSYoungGen: 299477K->2153K(291328K)] 606691K->309583K(978304K), 0.0069540 secs] [Times: user=0.02 sys=0.01, real=0.01 secs] 
2014-07-08T01:11:09.567+0000: 2103.117: [GC [PSYoungGen: 291305K->1996K(283584K)] 598735K->309643K(970560K), 0.0263310 secs] [Times: user=0.09 sys=0.00, real=0.02 secs] 
2014-07-08T01:11:11.555+0000: 2105.106: [GC [PSYoungGen: 283532K->2349K(276608K)] 591179K->310251K(963584K), 0.0184980 secs] [Times: user=0.06 sys=0.00, real=0.02 secs] 
2014-07-08T01:11:13.403+0000: 2106.953: [GC [PSYoungGen: 276589K->2409K(269632K)] 584491K->310799K(956608K), 0.0148860 secs] [Times: user=0.03 sys=0.01, real=0.02 secs] 
2014-07-08T01:11:15.286+0000: 2108.837: [GC [PSYoungGen: 269609K->2156K(262592K)] 577999K->310795K(949568K), 0.0237800 secs] [Times: user=0.09 sys=0.00, real=0.02 secs] 
2014-07-08T01:11:17.363+0000: 2110.914: [GC [PSYoungGen: 262572K->1964K(255872K)] 571211K->310795K(942848K), 0.0207380 secs] [Times: user=0.06 sys=0.00, real=0.02 secs] 
2014-07-08T01:11:19.531+0000: 2113.082: [GC [PSYoungGen: 255852K->2249K(249920K)] 564683K->311279K(936896K), 0.0168790 secs] [Times: user=0.06 sys=0.00, real=0.02 secs] 
2014-07-08T01:11:21.526+0000: 2115.076: [GC [PSYoungGen: 249865K->2345K(243968K)] 558895K->311591K(930944K), 0.0104460 secs] [Times: user=0.02 sys=0.01, real=0.01 secs] 
2014-07-08T01:11:23.434+0000: 2116.984: [GC [PSYoungGen: 243945K->2124K(292096K)] 553191K->311731K(979072K), 0.0453060 secs] [Times: user=0.16 sys=0.01, real=0.05 secs] 
2014-07-08T01:11:25.755+0000: 2119.305: [GC [PSYoungGen: 292044K->1907K(284224K)] 601651K->312311K(971200K), 0.0099380 secs] [Times: user=0.04 sys=0.00, real=0.01 secs] 
2014-07-08T01:11:27.957+0000: 2121.508: [GC [PSYoungGen: 284211K->2604K(341440K)] 594615K->313257K(1028416K), 0.0339860 secs] [Times: user=0.12 sys=0.00, real=0.04 secs] 
2014-07-08T01:11:30.543+0000: 2124.093: [GC [PSYoungGen: 341419K->1907K(408512K)] 652072K->313498K(1095488K), 0.0187810 secs] [Times: user=0.06 sys=0.00, real=0.02 secs] 
2014-07-08T01:11:33.759+0000: 2127.309: [GC [PSYoungGen: 408448K->2754K(490752K)] 720039K->314601K(1177728K), 0.0337560 secs] [Times: user=0.11 sys=0.00, real=0.04 secs] 
2014-07-08T01:11:37.511+0000: 2131.062: [GC [PSYoungGen: 490690K->1968K(473984K)] 802537K->314345K(1160960K), 0.0297780 secs] [Times: user=0.11 sys=0.00, real=0.03 secs] 
2014-07-08T01:11:41.180+0000: 2134.730: [GC [PSYoungGen: 473968K->2068K(458880K)] 786345K->314869K(1145856K), 0.0295390 secs] [Times: user=0.10 sys=0.00, real=0.03 secs] 
2014-07-08T01:11:44.503+0000: 2138.053: [GC [PSYoungGen: 458799K->2494K(444672K)] 771601K->315880K(1131648K), 0.0326270 secs] [Times: user=0.11 sys=0.00, real=0.03 secs] 
2014-07-08T01:11:48.102+0000: 2141.653: [GC [PSYoungGen: 444670K->2448K(430720K)] 758056K->316233K(1117696K), 0.0247550 secs] [Times: user=0.10 sys=0.00, real=0.02 secs] 
2014-07-08T01:11:51.170+0000: 2144.720: [GC [PSYoungGen: 430672K->1840K(416768K)] 744457K->316105K(1103744K), 0.0265070 secs] [Times: user=0.08 sys=0.00, real=0.03 secs] 
2014-07-08T01:11:54.549+0000: 2148.099: [GC [PSYoungGen: 416732K->2775K(404992K)] 730997K->317360K(1091968K), 0.0156050 secs] [Times: user=0.05 sys=0.00, real=0.02 secs] 
2014-07-08T01:11:57.676+0000: 2151.226: [GC [PSYoungGen: 404951K->1906K(391872K)] 719536K->317282K(1078848K), 0.0317980 secs] [Times: user=0.12 sys=0.01, real=0.03 secs] 
2014-07-08T01:12:00.443+0000: 2153.994: [GC [PSYoungGen: 391834K->2597K(380864K)] 707209K->318301K(1067840K), 0.0279400 secs] [Times: user=0.09 sys=0.00, real=0.02 secs] 
2014-07-08T01:12:03.700+0000: 2157.250: [GC [PSYoungGen: 380837K->2160K(369216K)] 696541K->318135K(1056192K), 0.0214140 secs] [Times: user=0.07 sys=0.00, real=0.02 secs] 
2014-07-08T01:12:06.410+0000: 2159.960: [GC [PSYoungGen: 369200K->1716K(358016K)] 685175K->318195K(1044992K), 0.0225840 secs] [Times: user=0.08 sys=0.00, real=0.02 secs] 
2014-07-08T01:12:09.351+0000: 2162.902: [GC [PSYoungGen: 358004K->1812K(347840K)] 674483K->318571K(1034816K), 0.0225760 secs] [Times: user=0.09 sys=0.00, real=0.03 secs] 
2014-07-08T01:12:12.214+0000: 2165.764: [GC [PSYoungGen: 347792K->2252K(338432K)] 664551K->319332K(1025408K), 0.0315330 secs] [Times: user=0.12 sys=0.00, real=0.04 secs] 
2014-07-08T01:12:14.651+0000: 2168.201: [GC [PSYoungGen: 338380K->2392K(329088K)] 655459K->319895K(1016064K), 0.0321020 secs] [Times: user=0.11 sys=0.00, real=0.03 secs] 
2014-07-08T01:12:17.375+0000: 2170.925: [GC [PSYoungGen: 329048K->2853K(320448K)] 646551K->320652K(1007424K), 0.0185500 secs] [Times: user=0.07 sys=0.00, real=0.02 secs] 
2014-07-08T01:12:19.600+0000: 2173.150: [GC [PSYoungGen: 320350K->1139K(310016K)] 638149K->320316K(996992K), 0.0158460 secs] [Times: user=0.03 sys=0.00, real=0.01 secs] 
2014-07-08T01:12:22.046+0000: 2175.596: [GC [PSYoungGen: 310003K->2542K(303040K)] 629180K->321887K(990016K), 0.0224230 secs] [Times: user=0.08 sys=0.00, real=0.03 secs] 
2014-07-08T01:12:24.530+0000: 2178.080: [GC [PSYoungGen: 303022K->2629K(295104K)] 622367K->322654K(982080K), 0.0254920 secs] [Times: user=0.09 sys=0.00, real=0.02 secs] 
2014-07-08T01:12:26.655+0000: 2180.205: [GC [PSYoungGen: 295045K->2217K(286912K)] 615070K->322538K(973888K), 0.0191210 secs] [Times: user=0.07 sys=0.00, real=0.02 secs] 
2014-07-08T01:12:28.793+0000: 2182.343: [GC [PSYoungGen: 286889K->1532K(278784K)] 607210K->322849K(965760K), 0.0191960 secs] [Times: user=0.07 sys=0.00, real=0.02 secs] 
2014-07-08T01:12:30.900+0000: 2184.450: [GC [PSYoungGen: 278764K->2220K(272320K)] 600081K->323697K(959296K), 0.0252850 secs] [Times: user=0.09 sys=0.00, real=0.02 secs] 
2014-07-08T01:12:32.645+0000: 2186.195: [GC [PSYoungGen: 272300K->2256K(265536K)] 593777K->324053K(952512K), 0.0126090 secs] [Times: user=0.04 sys=0.00, real=0.01 secs] 
2014-07-08T01:12:34.924+0000: 2188.474: [GC [PSYoungGen: 265444K->2249K(258944K)] 587241K->324318K(945920K), 0.0254590 secs] [Times: user=0.09 sys=0.00, real=0.03 secs] 
2014-07-08T01:12:36.884+0000: 2190.434: [GC [PSYoungGen: 258889K->1586K(309568K)] 580958K->324918K(996544K), 0.0258980 secs] [Times: user=0.09 sys=0.00, real=0.03 secs] 
2014-07-08T01:12:39.033+0000: 2192.583: [GC [PSYoungGen: 309547K->2526K(302208K)] 632878K->326034K(989184K), 0.0132330 secs] [Times: user=0.04 sys=0.00, real=0.01 secs] 
2014-07-08T01:12:41.432+0000: 2194.982: [GC [PSYoungGen: 302174K->2157K(293824K)] 625682K->326266K(980800K), 0.0144580 secs] [Times: user=0.04 sys=0.01, real=0.01 secs] 
2014-07-08T01:12:43.679+0000: 2197.229: [GC [PSYoungGen: 293805K->2096K(286080K)] 617914K->326574K(973056K), 0.0273550 secs] [Times: user=0.11 sys=0.00, real=0.03 secs] 
2014-07-08T01:12:46.019+0000: 2199.569: [GC [PSYoungGen: 286064K->2017K(278592K)] 610542K->327098K(965568K), 0.0200760 secs] [Times: user=0.07 sys=0.01, real=0.02 secs] 
2014-07-08T01:12:48.145+0000: 2201.695: [GC [PSYoungGen: 278561K->2313K(271808K)] 603642K->327594K(958784K), 0.0102830 secs] [Times: user=0.02 sys=0.01, real=0.01 secs] 
2014-07-08T01:12:50.280+0000: 2203.831: [GC [PSYoungGen: 271743K->1897K(264512K)] 597025K->327682K(951488K), 0.0056220 secs] [Times: user=0.02 sys=0.00, real=0.01 secs] 
2014-07-08T01:12:52.303+0000: 2205.854: [GC [PSYoungGen: 264489K->2949K(318144K)] 590274K->328919K(1005120K), 0.0432360 secs] [Times: user=0.16 sys=0.00, real=0.04 secs] 
2014-07-08T01:12:54.398+0000: 2207.949: [GC [PSYoungGen: 318085K->1270K(379456K)] 644055K->328578K(1066432K), 0.0285310 secs] [Times: user=0.11 sys=0.00, real=0.03 secs] 
2014-07-08T01:12:57.351+0000: 2210.901: [GC [PSYoungGen: 379382K->2712K(369728K)] 706690K->330212K(1056704K), 0.0091060 secs] [Times: user=0.02 sys=0.01, real=0.01 secs] 
2014-07-08T01:13:00.002+0000: 2213.553: [GC [PSYoungGen: 369646K->2430K(358656K)] 697146K->330484K(1045632K), 0.0137520 secs] [Times: user=0.03 sys=0.00, real=0.01 secs] 
2014-07-08T01:13:02.658+0000: 2216.209: [GC [PSYoungGen: 358651K->2320K(348288K)] 686705K->330582K(1035264K), 0.0160010 secs] [Times: user=0.06 sys=0.00, real=0.02 secs] 
2014-07-08T01:13:05.342+0000: 2218.892: [GC [PSYoungGen: 348240K->1782K(337856K)] 676502K->331313K(1024832K), 0.0365060 secs] [Times: user=0.14 sys=0.00, real=0.04 secs] 
2014-07-08T01:13:07.736+0000: 2221.287: [GC [PSYoungGen: 337846K->2356K(405696K)] 667377K->332119K(1092672K), 0.0353370 secs] [Times: user=0.13 sys=0.00, real=0.03 secs] 
2014-07-08T01:13:10.618+0000: 2224.169: [GC [PSYoungGen: 405684K->2380K(486464K)] 735447K->332515K(1173440K), 0.0268130 secs] [Times: user=0.09 sys=0.01, real=0.03 secs] 
2014-07-08T01:13:14.289+0000: 2227.839: [GC [PSYoungGen: 486412K->2757K(583680K)] 816547K->333188K(1270656K), 0.0373670 secs] [Times: user=0.13 sys=0.00, real=0.04 secs] 
2014-07-08T01:13:19.217+0000: 2232.768: [GC [PSYoungGen: 583617K->1462K(562240K)] 914048K->333175K(1249216K), 0.0346870 secs] [Times: user=0.13 sys=0.00, real=0.03 secs] 
2014-07-08T01:13:23.088+0000: 2236.638: [GC [PSYoungGen: 562204K->3306K(544896K)] 893917K->335445K(1231872K), 0.0392740 secs] [Times: user=0.15 sys=0.00, real=0.04 secs] 
2014-07-08T01:13:27.103+0000: 2240.653: [GC [PSYoungGen: 544874K->1908K(525184K)] 877013K->335085K(1212160K), 0.0059860 secs] [Times: user=0.02 sys=0.00, real=0.01 secs] 
2014-07-08T01:13:31.130+0000: 2244.680: [GC [PSYoungGen: 525172K->2260K(508096K)] 858349K->335821K(1195072K), 0.0100460 secs] [Times: user=0.02 sys=0.00, real=0.01 secs] 
2014-07-08T01:13:34.673+0000: 2248.223: [GC [PSYoungGen: 508052K->2352K(491456K)] 841613K->336385K(1178432K), 0.0174270 secs] [Times: user=0.05 sys=0.00, real=0.02 secs] 
2014-07-08T01:13:38.334+0000: 2251.884: [GC [PSYoungGen: 491440K->2288K(475392K)] 825473K->336753K(1162368K), 0.0106230 secs] [Times: user=0.02 sys=0.00, real=0.01 secs] 
2014-07-08T01:13:41.632+0000: 2255.183: [GC [PSYoungGen: 475376K->2533K(460352K)] 809841K->337397K(1147328K), 0.0066210 secs] [Times: user=0.02 sys=0.00, real=0.01 secs] 
2014-07-08T01:13:44.857+0000: 2258.407: [GC [PSYoungGen: 460325K->2316K(445568K)] 795189K->337549K(1132544K), 0.0239590 secs] [Times: user=0.08 sys=0.00, real=0.03 secs] 
2014-07-08T01:13:47.937+0000: 2261.488: [GC [PSYoungGen: 445505K->2284K(431552K)] 780738K->338005K(1118528K), 0.0205410 secs] [Times: user=0.07 sys=0.01, real=0.02 secs] 
2014-07-08T01:13:50.717+0000: 2264.267: [GC [PSYoungGen: 431505K->1979K(417856K)] 767226K->337996K(1104832K), 0.0248960 secs] [Times: user=0.08 sys=0.01, real=0.03 secs] 
2014-07-08T01:13:54.087+0000: 2267.637: [GC [PSYoungGen: 417851K->2544K(405632K)] 753868K->338841K(1092608K), 0.0355370 secs] [Times: user=0.13 sys=0.00, real=0.04 secs] 
2014-07-08T01:13:57.227+0000: 2270.778: [GC [PSYoungGen: 405597K->2808K(393600K)] 741894K->339568K(1080576K), 0.0222040 secs] [Times: user=0.07 sys=0.00, real=0.02 secs] 
2014-07-08T01:14:00.267+0000: 2273.817: [GC [PSYoungGen: 393553K->1580K(380672K)] 730314K->339554K(1067648K), 0.0291220 secs] [Times: user=0.10 sys=0.00, real=0.03 secs] 
2014-07-08T01:14:03.130+0000: 2276.680: [GC [PSYoungGen: 380652K->2751K(370560K)] 718626K->341030K(1057536K), 0.0308880 secs] [Times: user=0.10 sys=0.00, real=0.03 secs] 
2014-07-08T01:14:05.607+0000: 2279.157: [GC [PSYoungGen: 370522K->2597K(359680K)] 708802K->341663K(1046656K), 0.0273970 secs] [Times: user=0.10 sys=0.00, real=0.03 secs] 
2014-07-08T01:14:08.790+0000: 2282.340: [GC [PSYoungGen: 359653K->2188K(348928K)] 698719K->341486K(1035904K), 0.0310750 secs] [Times: user=0.12 sys=0.01, real=0.03 secs] 
2014-07-08T01:14:11.711+0000: 2285.261: [GC [PSYoungGen: 348876K->2476K(339264K)] 688174K->342190K(1026240K), 0.0129270 secs] [Times: user=0.04 sys=0.00, real=0.02 secs] 
2014-07-08T01:14:14.219+0000: 2287.769: [GC [PSYoungGen: 339244K->2476K(329728K)] 678957K->342598K(1016704K), 0.0104390 secs] [Times: user=0.03 sys=0.00, real=0.01 secs] 
2014-07-08T01:14:17.100+0000: 2290.650: [GC [PSYoungGen: 329708K->2285K(320384K)] 669830K->342710K(1007360K), 0.0145360 secs] [Times: user=0.03 sys=0.00, real=0.02 secs] 
2014-07-08T01:14:19.818+0000: 2293.368: [GC [PSYoungGen: 320365K->2028K(311360K)] 660790K->342790K(998336K), 0.0228130 secs] [Times: user=0.07 sys=0.00, real=0.02 secs] 
2014-07-08T01:14:22.204+0000: 2295.755: [GC [PSYoungGen: 311340K->2092K(303040K)] 652102K->343102K(990016K), 0.0287800 secs] [Times: user=0.11 sys=0.00, real=0.03 secs] 
2014-07-08T01:14:24.599+0000: 2298.150: [GC [PSYoungGen: 303020K->2156K(363328K)] 644030K->343526K(1050304K), 0.0412060 secs] [Times: user=0.15 sys=0.00, real=0.04 secs] 
2014-07-08T01:14:27.494+0000: 2301.044: [GC [PSYoungGen: 363308K->2220K(435648K)] 704678K->343878K(1122624K), 0.0394530 secs] [Times: user=0.11 sys=0.00, real=0.04 secs] 
2014-07-08T01:14:30.565+0000: 2304.116: [GC [PSYoungGen: 435628K->2184K(522368K)] 777286K->344186K(1209344K), 0.0606720 secs] [Times: user=0.21 sys=0.00, real=0.06 secs] 
2014-07-08T01:14:34.552+0000: 2308.102: [GC [PSYoungGen: 522274K->2473K(626688K)] 864276K->344923K(1313664K), 0.0250550 secs] [Times: user=0.10 sys=0.00, real=0.03 secs] 
2014-07-08T01:14:39.205+0000: 2312.755: [GC [PSYoungGen: 626665K->2192K(751296K)] 969115K->345130K(1438272K), 0.0450820 secs] [Times: user=0.17 sys=0.00, real=0.05 secs] 
2014-07-08T01:14:44.300+0000: 2317.850: [GC [PSYoungGen: 751248K->2238K(723456K)] 1094186K->346062K(1410432K), 0.0139820 secs] [Times: user=0.03 sys=0.00, real=0.01 secs] 
2014-07-08T01:14:49.563+0000: 2323.113: [GC [PSYoungGen: 723404K->2356K(697024K)] 1067229K->346820K(1384000K), 0.0459940 secs] [Times: user=0.17 sys=0.01, real=0.04 secs] 
2014-07-08T01:14:54.801+0000: 2328.352: [GC [PSYoungGen: 697012K->2621K(672000K)] 1041476K->348061K(1358976K), 0.0389830 secs] [Times: user=0.14 sys=0.01, real=0.04 secs] 
2014-07-08T01:14:59.498+0000: 2333.048: [GC [PSYoungGen: 671959K->1990K(647296K)] 1017400K->348078K(1334272K), 0.0263000 secs] [Times: user=0.09 sys=0.00, real=0.03 secs] 
2014-07-08T01:15:04.444+0000: 2337.995: [GC [PSYoungGen: 647145K->3049K(625280K)] 993233K->349835K(1312256K), 0.0338700 secs] [Times: user=0.13 sys=0.00, real=0.03 secs] 
2014-07-08T01:15:09.041+0000: 2342.592: [GC [PSYoungGen: 625257K->2160K(602432K)] 972043K->349522K(1289408K), 0.0169700 secs] [Times: user=0.04 sys=0.00, real=0.02 secs] 
2014-07-08T01:15:13.833+0000: 2347.383: [GC [PSYoungGen: 602416K->2765K(582080K)] 949778K->350559K(1269056K), 0.0352080 secs] [Times: user=0.13 sys=0.01, real=0.03 secs] 
2014-07-08T01:15:18.362+0000: 2351.912: [GC [PSYoungGen: 581986K->2540K(561792K)] 929780K->350950K(1248768K), 0.0283400 secs] [Times: user=0.11 sys=0.01, real=0.03 secs] 
2014-07-08T01:15:22.813+0000: 2356.363: [GC [PSYoungGen: 561747K->2605K(542720K)] 910157K->351633K(1229696K), 0.0294300 secs] [Times: user=0.11 sys=0.00, real=0.03 secs] 
2014-07-08T01:15:27.141+0000: 2360.691: [GC [PSYoungGen: 542701K->2977K(524864K)] 891729K->352597K(1211840K), 0.0163170 secs] [Times: user=0.05 sys=0.00, real=0.02 secs] 
2014-07-08T01:15:31.128+0000: 2364.678: [GC [PSYoungGen: 524833K->2355K(506816K)] 874453K->352773K(1193792K), 0.0431210 secs] [Times: user=0.16 sys=0.00, real=0.04 secs] 
2014-07-08T01:15:35.372+0000: 2368.922: [GC [PSYoungGen: 506803K->2292K(490112K)] 857221K->353150K(1177088K), 0.0173440 secs] [Times: user=0.06 sys=0.00, real=0.02 secs] 
2014-07-08T01:15:38.964+0000: 2372.514: [GC [PSYoungGen: 490100K->3301K(475200K)] 840958K->354687K(1162176K), 0.0167750 secs] [Times: user=0.06 sys=0.00, real=0.02 secs] 
2014-07-08T01:15:42.542+0000: 2376.093: [GC [PSYoungGen: 475173K->2505K(459200K)] 826559K->354251K(1146176K), 0.0084080 secs] [Times: user=0.02 sys=0.01, real=0.01 secs] 
2014-07-08T01:15:45.460+0000: 2379.010: [GC [PSYoungGen: 459145K->2220K(444288K)] 810891K->354471K(1131264K), 0.0272830 secs] [Times: user=0.08 sys=0.00, real=0.03 secs] 
2014-07-08T01:15:48.757+0000: 2382.308: [GC [PSYoungGen: 444227K->1862K(430016K)] 796478K->354400K(1116992K), 0.0184340 secs] [Times: user=0.06 sys=0.00, real=0.02 secs] 
2014-07-08T01:15:52.021+0000: 2385.572: [GC [PSYoungGen: 429958K->2292K(417088K)] 782496K->355206K(1104064K), 0.0552140 secs] [Times: user=0.21 sys=0.00, real=0.05 secs] 
2014-07-08T01:15:54.682+0000: 2388.232: [GC [PSYoungGen: 417076K->3006K(405056K)] 769990K->356432K(1092032K), 0.0291810 secs] [Times: user=0.08 sys=0.00, real=0.03 secs] 
2014-07-08T01:15:57.874+0000: 2391.425: [GC [PSYoungGen: 405041K->2384K(392256K)] 758468K->356115K(1079232K), 0.0297460 secs] [Times: user=0.10 sys=0.00, real=0.03 secs] 
2014-07-08T01:16:01.113+0000: 2394.663: [GC [PSYoungGen: 392208K->2160K(380288K)] 745939K->356218K(1067264K), 0.0394990 secs] [Times: user=0.14 sys=0.00, real=0.04 secs] 
2014-07-08T01:16:03.969+0000: 2397.519: [GC [PSYoungGen: 380272K->2473K(369408K)] 734330K->356923K(1056384K), 0.0073320 secs] [Times: user=0.02 sys=0.00, real=0.01 secs] 
2014-07-08T01:16:06.833+0000: 2400.383: [GC [PSYoungGen: 369385K->2316K(358528K)] 723835K->357151K(1045504K), 0.0212060 secs] [Times: user=0.07 sys=0.00, real=0.02 secs] 
2014-07-08T01:16:09.771+0000: 2403.322: [GC [PSYoungGen: 358447K->2192K(348096K)] 713282K->357354K(1035072K), 0.0180200 secs] [Times: user=0.05 sys=0.00, real=0.01 secs] 
2014-07-08T01:16:12.578+0000: 2406.129: [GC [PSYoungGen: 348048K->2324K(338368K)] 703210K->357750K(1025344K), 0.0339330 secs] [Times: user=0.13 sys=0.01, real=0.04 secs] 
2014-07-08T01:16:15.231+0000: 2408.782: [GC [PSYoungGen: 338321K->2448K(405696K)] 693748K->358354K(1092672K), 0.0445960 secs] [Times: user=0.17 sys=0.00, real=0.05 secs] 
2014-07-08T01:16:18.591+0000: 2412.142: [GC [PSYoungGen: 405648K->2285K(393216K)] 761554K->358479K(1080192K), 0.0065710 secs] [Times: user=0.02 sys=0.00, real=0.01 secs] 
2014-07-08T01:16:21.611+0000: 2415.162: [GC [PSYoungGen: 393197K->2035K(381184K)] 749391K->359043K(1068160K), 0.0455360 secs] [Times: user=0.16 sys=0.00, real=0.05 secs] 
2014-07-08T01:16:24.534+0000: 2418.084: [GC [PSYoungGen: 381171K->2636K(457664K)] 738179K->360005K(1144640K), 0.0359760 secs] [Times: user=0.12 sys=0.01, real=0.03 secs] 
2014-07-08T01:16:27.586+0000: 2421.136: [GC [PSYoungGen: 457612K->2096K(548096K)] 814981K->359880K(1235072K), 0.0263800 secs] [Times: user=0.09 sys=0.00, real=0.02 secs] 
2014-07-08T01:16:31.111+0000: 2424.662: [GC [PSYoungGen: 548080K->2188K(657472K)] 905864K->360253K(1344448K), 0.0388940 secs] [Times: user=0.13 sys=0.00, real=0.04 secs] 
2014-07-08T01:16:35.545+0000: 2429.095: [GC [PSYoungGen: 657420K->2235K(633984K)] 1015485K->360741K(1320960K), 0.0291270 secs] [Times: user=0.09 sys=0.00, real=0.03 secs] 
2014-07-08T01:16:39.989+0000: 2433.539: [GC [PSYoungGen: 633979K->2604K(611968K)] 992485K->361607K(1298944K), 0.0270330 secs] [Times: user=0.09 sys=0.00, real=0.03 secs] 
2014-07-08T01:16:44.895+0000: 2438.446: [GC [PSYoungGen: 611948K->1726K(589696K)] 970951K->362367K(1276672K), 0.0403920 secs] [Times: user=0.15 sys=0.00, real=0.04 secs] 
2014-07-08T01:16:49.171+0000: 2442.721: [GC [PSYoungGen: 589664K->2303K(569856K)] 950306K->363408K(1256832K), 0.0428650 secs] [Times: user=0.16 sys=0.00, real=0.04 secs] 
2014-07-08T01:16:52.886+0000: 2446.437: [GC [PSYoungGen: 569823K->2935K(551040K)] 930928K->364699K(1238016K), 0.0238510 secs] [Times: user=0.08 sys=0.00, real=0.03 secs] 
2014-07-08T01:16:57.684+0000: 2451.235: [GC [PSYoungGen: 551008K->2778K(532288K)] 912771K->365046K(1219264K), 0.0314940 secs] [Times: user=0.12 sys=0.00, real=0.03 secs] 
2014-07-08T01:17:01.461+0000: 2455.011: [GC [PSYoungGen: 532250K->1697K(513408K)] 894518K->365220K(1200384K), 0.0313030 secs] [Times: user=0.11 sys=0.00, real=0.03 secs] 
2014-07-08T01:17:05.207+0000: 2458.758: [GC [PSYoungGen: 513377K->3333K(498112K)] 876900K->367200K(1185088K), 0.0271500 secs] [Times: user=0.11 sys=0.00, real=0.03 secs] 
2014-07-08T01:17:09.083+0000: 2462.633: [GC [PSYoungGen: 498053K->2223K(480704K)] 861920K->366936K(1167680K), 0.0237720 secs] [Times: user=0.10 sys=0.00, real=0.02 secs] 
2014-07-08T01:17:12.551+0000: 2466.101: [GC [PSYoungGen: 480658K->2441K(465472K)] 845370K->367545K(1152448K), 0.0138600 secs] [Times: user=0.02 sys=0.00, real=0.01 secs] 
2014-07-08T01:17:16.136+0000: 2469.686: [GC [PSYoungGen: 465417K->2664K(450816K)] 830521K->368225K(1137792K), 0.0256500 secs] [Times: user=0.10 sys=0.00, real=0.03 secs] 
2014-07-08T01:17:19.172+0000: 2472.722: [GC [PSYoungGen: 450791K->2476K(436416K)] 816352K->368389K(1123392K), 0.0355430 secs] [Times: user=0.13 sys=0.00, real=0.03 secs] 
2014-07-08T01:17:22.034+0000: 2475.585: [GC [PSYoungGen: 436396K->2302K(422656K)] 802309K->368785K(1109632K), 0.0105980 secs] [Times: user=0.04 sys=0.00, real=0.01 secs] 
2014-07-08T01:17:24.899+0000: 2478.449: [GC [PSYoungGen: 422632K->2096K(409472K)] 789114K->369035K(1096448K), 0.0298060 secs] [Times: user=0.11 sys=0.00, real=0.03 secs] 
2014-07-08T01:17:27.502+0000: 2481.052: [GC [PSYoungGen: 409429K->2572K(397568K)] 776368K->369839K(1084544K), 0.0249350 secs] [Times: user=0.09 sys=0.00, real=0.03 secs] 
2014-07-08T01:17:30.506+0000: 2484.056: [GC [PSYoungGen: 397516K->2349K(385408K)] 764783K->369847K(1072384K), 0.0064820 secs] [Times: user=0.02 sys=0.01, real=0.00 secs] 
2014-07-08T01:17:33.610+0000: 2487.161: [GC [PSYoungGen: 385389K->2224K(373888K)] 752887K->370051K(1060864K), 0.0198130 secs] [Times: user=0.05 sys=0.00, real=0.02 secs] 
2014-07-08T01:17:36.503+0000: 2490.054: [GC [PSYoungGen: 373872K->2565K(363328K)] 741699K->370824K(1050304K), 0.0160770 secs] [Times: user=0.05 sys=0.00, real=0.02 secs] 
2014-07-08T01:17:39.302+0000: 2492.852: [GC [PSYoungGen: 363268K->2081K(352320K)] 731526K->371056K(1039296K), 0.0097090 secs] [Times: user=0.02 sys=0.00, real=0.01 secs] 
2014-07-08T01:17:42.024+0000: 2495.574: [GC [PSYoungGen: 352289K->2537K(342720K)] 721264K->371751K(1029696K), 0.0094820 secs] [Times: user=0.02 sys=0.01, real=0.01 secs] 
2014-07-08T01:17:44.542+0000: 2498.092: [GC [PSYoungGen: 342667K->2159K(332672K)] 711881K->372174K(1019648K), 0.0512580 secs] [Times: user=0.19 sys=0.01, real=0.05 secs] 
2014-07-08T01:17:46.982+0000: 2500.533: [GC [PSYoungGen: 332654K->2153K(323392K)] 702668K->372448K(1010368K), 0.0316720 secs] [Times: user=0.10 sys=0.00, real=0.03 secs] 
2014-07-08T01:17:49.474+0000: 2503.025: [GC [PSYoungGen: 323369K->2479K(387968K)] 693664K->373276K(1074944K), 0.0345340 secs] [Times: user=0.13 sys=0.00, real=0.04 secs] 
2014-07-08T01:17:52.236+0000: 2505.787: [GC [PSYoungGen: 387951K->2412K(465024K)] 758748K->373465K(1152000K), 0.0330710 secs] [Times: user=0.12 sys=0.01, real=0.03 secs] 
2014-07-08T01:17:55.576+0000: 2509.126: [GC [PSYoungGen: 465004K->2045K(449792K)] 836057K->374294K(1136768K), 0.0096320 secs] [Times: user=0.02 sys=0.00, real=0.01 secs] 
2014-07-08T01:17:58.804+0000: 2512.354: [GC [PSYoungGen: 449740K->2691K(436288K)] 821990K->375244K(1123264K), 0.0291970 secs] [Times: user=0.11 sys=0.00, real=0.03 secs] 
2014-07-08T01:18:01.673+0000: 2515.224: [GC [PSYoungGen: 436227K->2415K(422400K)] 808780K->375745K(1109376K), 0.0311250 secs] [Times: user=0.10 sys=0.01, real=0.03 secs] 
2014-07-08T01:18:04.776+0000: 2518.327: [GC [PSYoungGen: 422383K->2220K(409216K)] 795713K->375926K(1096192K), 0.0067170 secs] [Times: user=0.03 sys=0.00, real=0.01 secs] 
2014-07-08T01:18:07.821+0000: 2521.371: [GC [PSYoungGen: 409196K->2128K(396736K)] 782902K->376194K(1083712K), 0.0204980 secs] [Times: user=0.07 sys=0.00, real=0.02 secs] 
2014-07-08T01:18:10.838+0000: 2524.388: [GC [PSYoungGen: 396688K->2885K(385600K)] 770754K->377270K(1072576K), 0.0117410 secs] [Times: user=0.03 sys=0.00, real=0.02 secs] 
2014-07-08T01:18:13.689+0000: 2527.240: [GC [PSYoungGen: 385540K->2085K(373376K)] 759926K->377026K(1060352K), 0.0246430 secs] [Times: user=0.09 sys=0.00, real=0.03 secs] 
2014-07-08T01:18:16.514+0000: 2530.065: [GC [PSYoungGen: 373349K->2569K(362944K)] 748290K->377902K(1049920K), 0.0300480 secs] [Times: user=0.09 sys=0.00, real=0.04 secs] 
2014-07-08T01:18:19.465+0000: 2533.015: [GC [PSYoungGen: 362889K->2352K(352192K)] 738222K->377990K(1039168K), 0.0404400 secs] [Times: user=0.15 sys=0.00, real=0.04 secs] 
2014-07-08T01:18:21.934+0000: 2535.485: [GC [PSYoungGen: 352176K->2320K(342144K)] 727814K->378245K(1029120K), 0.0245060 secs] [Times: user=0.08 sys=0.00, real=0.02 secs] 
2014-07-08T01:18:24.160+0000: 2537.711: [GC [PSYoungGen: 342096K->2109K(332288K)] 718021K->378858K(1019264K), 0.0203380 secs] [Times: user=0.07 sys=0.01, real=0.02 secs] 
2014-07-08T01:18:26.266+0000: 2539.816: [GC [PSYoungGen: 332285K->2693K(323712K)] 709034K->379666K(1010688K), 0.0127750 secs] [Times: user=0.04 sys=0.00, real=0.01 secs] 
2014-07-08T01:18:28.648+0000: 2542.198: [GC [PSYoungGen: 323653K->1957K(314048K)] 700626K->379478K(1001024K), 0.0242010 secs] [Times: user=0.08 sys=0.00, real=0.03 secs] 
2014-07-08T01:18:30.918+0000: 2544.468: [GC [PSYoungGen: 314021K->2345K(305920K)] 691542K->380059K(992896K), 0.0272420 secs] [Times: user=0.09 sys=0.00, real=0.03 secs] 
2014-07-08T01:18:33.214+0000: 2546.764: [GC [PSYoungGen: 305850K->2032K(297408K)] 683563K->380058K(984384K), 0.0253430 secs] [Times: user=0.09 sys=0.00, real=0.02 secs] 
2014-07-08T01:18:35.322+0000: 2548.872: [GC [PSYoungGen: 297392K->3165K(357632K)] 675418K->381567K(1044608K), 0.0228380 secs] [Times: user=0.08 sys=0.00, real=0.03 secs] 
2014-07-08T01:18:37.841+0000: 2551.391: [GC [PSYoungGen: 357539K->1455K(426816K)] 735941K->380951K(1113792K), 0.0318370 secs] [Times: user=0.12 sys=0.00, real=0.04 secs] 
2014-07-08T01:18:41.035+0000: 2554.585: [GC [PSYoungGen: 426799K->2672K(513152K)] 806295K->382376K(1200128K), 0.0426620 secs] [Times: user=0.16 sys=0.00, real=0.04 secs] 
2014-07-08T01:18:45.042+0000: 2558.592: [GC [PSYoungGen: 513136K->1940K(495488K)] 892840K->382168K(1182464K), 0.0076790 secs] [Times: user=0.03 sys=0.00, real=0.01 secs] 
2014-07-08T01:18:48.432+0000: 2561.982: [GC [PSYoungGen: 495444K->2316K(479680K)] 875672K->383064K(1166656K), 0.0101470 secs] [Times: user=0.02 sys=0.00, real=0.01 secs] 
2014-07-08T01:18:51.918+0000: 2565.468: [GC [PSYoungGen: 479628K->2316K(464192K)] 860376K->383400K(1151168K), 0.0307160 secs] [Times: user=0.11 sys=0.00, real=0.03 secs] 
2014-07-08T01:18:54.921+0000: 2568.471: [GC [PSYoungGen: 464140K->2700K(449792K)] 845224K->384264K(1136768K), 0.0097360 secs] [Times: user=0.03 sys=0.00, real=0.01 secs] 
2014-07-08T01:18:57.760+0000: 2571.310: [GC [PSYoungGen: 449740K->1598K(434496K)] 831304K->384465K(1121472K), 0.0086970 secs] [Times: user=0.02 sys=0.00, real=0.01 secs] 
2014-07-08T01:19:01.081+0000: 2574.631: [GC [PSYoungGen: 434494K->2381K(421824K)] 817361K->385463K(1108800K), 0.0407710 secs] [Times: user=0.15 sys=0.00, real=0.04 secs] 
2014-07-08T01:19:04.162+0000: 2577.713: [GC [PSYoungGen: 421773K->2220K(408704K)] 804855K->385751K(1095680K), 0.0332120 secs] [Times: user=0.13 sys=0.00, real=0.03 secs] 
2014-07-08T01:19:07.076+0000: 2580.627: [GC [PSYoungGen: 408683K->2505K(396608K)] 792214K->386460K(1083584K), 0.0451540 secs] [Times: user=0.16 sys=0.00, real=0.05 secs] 
2014-07-08T01:19:10.214+0000: 2583.765: [GC [PSYoungGen: 396553K->1918K(384064K)] 780508K->386331K(1071040K), 0.0257520 secs] [Times: user=0.10 sys=0.00, real=0.03 secs] 
2014-07-08T01:19:12.890+0000: 2586.441: [GC [PSYoungGen: 384038K->2796K(373568K)] 768451K->387521K(1060544K), 0.0300420 secs] [Times: user=0.10 sys=0.00, real=0.03 secs] 
2014-07-08T01:19:15.923+0000: 2589.473: [GC [PSYoungGen: 373548K->1712K(361600K)] 758273K->386989K(1048576K), 0.0183060 secs] [Times: user=0.06 sys=0.00, real=0.02 secs] 
2014-07-08T01:19:18.817+0000: 2592.367: [GC [PSYoungGen: 361584K->2217K(351680K)] 746861K->387774K(1038656K), 0.0190310 secs] [Times: user=0.06 sys=0.00, real=0.02 secs] 
2014-07-08T01:19:21.388+0000: 2594.938: [GC [PSYoungGen: 351657K->2477K(341888K)] 737214K->388393K(1028864K), 0.0364180 secs] [Times: user=0.14 sys=0.00, real=0.04 secs] 
2014-07-08T01:19:24.066+0000: 2597.616: [GC [PSYoungGen: 341866K->2192K(409536K)] 727783K->388453K(1096512K), 0.0325320 secs] [Times: user=0.12 sys=0.00, real=0.03 secs] 
2014-07-08T01:19:26.809+0000: 2600.359: [GC [PSYoungGen: 409446K->1594K(396480K)] 795706K->388805K(1083456K), 0.0120210 secs] [Times: user=0.03 sys=0.00, real=0.02 secs] 
2014-07-08T01:19:29.545+0000: 2603.096: [GC [PSYoungGen: 396439K->2054K(385088K)] 783650K->389571K(1072064K), 0.0106470 secs] [Times: user=0.02 sys=0.00, real=0.01 secs] 
2014-07-08T01:19:32.476+0000: 2606.026: [GC [PSYoungGen: 385030K->2477K(374080K)] 772547K->390471K(1061056K), 0.0088370 secs] [Times: user=0.02 sys=0.01, real=0.01 secs] 
2014-07-08T01:19:35.404+0000: 2608.954: [GC [PSYoungGen: 374061K->1972K(362624K)] 762055K->390439K(1049600K), 0.0133950 secs] [Times: user=0.04 sys=0.00, real=0.01 secs] 
2014-07-08T01:19:38.191+0000: 2611.741: [GC [PSYoungGen: 362612K->1970K(352128K)] 751079K->391107K(1039104K), 0.0349250 secs] [Times: user=0.13 sys=0.00, real=0.04 secs] 
2014-07-08T01:19:40.781+0000: 2614.331: [GC [PSYoungGen: 352097K->1748K(341888K)] 741234K->391221K(1028864K), 0.0421320 secs] [Times: user=0.14 sys=0.00, real=0.05 secs] 
2014-07-08T01:19:43.173+0000: 2616.723: [GC [PSYoungGen: 341843K->2601K(333056K)] 731316K->392378K(1020032K), 0.0218260 secs] [Times: user=0.07 sys=0.01, real=0.02 secs] 
2014-07-08T01:19:45.828+0000: 2619.379: [GC [PSYoungGen: 333033K->2153K(323328K)] 722810K->392282K(1010304K), 0.0071290 secs] [Times: user=0.02 sys=0.00, real=0.01 secs] 
2014-07-08T01:19:48.228+0000: 2621.778: [GC [PSYoungGen: 323305K->1772K(314048K)] 713434K->392341K(1001024K), 0.0118040 secs] [Times: user=0.03 sys=0.00, real=0.01 secs] 
2014-07-08T01:19:50.808+0000: 2624.358: [GC [PSYoungGen: 314028K->2220K(305984K)] 704597K->393045K(992960K), 0.0233280 secs] [Times: user=0.08 sys=0.00, real=0.02 secs] 
2014-07-08T01:19:53.152+0000: 2626.702: [GC [PSYoungGen: 305961K->2380K(297984K)] 696786K->393509K(984960K), 0.0142250 secs] [Times: user=0.03 sys=0.00, real=0.02 secs] 
2014-07-08T01:19:55.615+0000: 2629.166: [GC [PSYoungGen: 297919K->2757K(357504K)] 689048K->394262K(1044480K), 0.0588450 secs] [Times: user=0.21 sys=0.00, real=0.05 secs] 
2014-07-08T01:19:57.970+0000: 2631.520: [GC [PSYoungGen: 357445K->940K(426624K)] 748950K->393826K(1113600K), 0.0299710 secs] [Times: user=0.12 sys=0.00, real=0.03 secs] 
2014-07-08T01:20:01.116+0000: 2634.667: [GC [PSYoungGen: 426604K->2616K(513472K)] 819490K->395662K(1200448K), 0.0270540 secs] [Times: user=0.10 sys=0.00, real=0.02 secs] 
2014-07-08T01:20:05.083+0000: 2638.633: [GC [PSYoungGen: 513464K->2609K(615680K)] 906510K->396779K(1302656K), 0.0460080 secs] [Times: user=0.13 sys=0.01, real=0.05 secs] 
2014-07-08T01:20:09.799+0000: 2643.349: [GC [PSYoungGen: 615623K->2256K(737984K)] 1009793K->396882K(1424960K), 0.0424520 secs] [Times: user=0.15 sys=0.01, real=0.04 secs] 
2014-07-08T01:20:15.296+0000: 2648.847: [GC [PSYoungGen: 737936K->2152K(710656K)] 1132562K->397703K(1397632K), 0.0298480 secs] [Times: user=0.11 sys=0.00, real=0.03 secs] 
2014-07-08T01:20:20.859+0000: 2654.410: [GC [PSYoungGen: 710632K->2477K(685056K)] 1106183K->398579K(1372032K), 0.0193350 secs] [Times: user=0.07 sys=0.00, real=0.01 secs] 
2014-07-08T01:20:26.254+0000: 2659.805: [GC [PSYoungGen: 685037K->2508K(660352K)] 1081139K->399299K(1347328K), 0.0239040 secs] [Times: user=0.07 sys=0.00, real=0.02 secs] 
2014-07-08T01:20:30.608+0000: 2664.158: [GC [PSYoungGen: 660300K->2569K(636800K)] 1057091K->400023K(1323776K), 0.0281440 secs] [Times: user=0.10 sys=0.00, real=0.03 secs] 
2014-07-08T01:20:35.958+0000: 2669.508: [GC [PSYoungGen: 636745K->1786K(613440K)] 1034199K->400394K(1300416K), 0.0075320 secs] [Times: user=0.03 sys=0.00, real=0.01 secs] 
2014-07-08T01:20:40.835+0000: 2674.386: [GC [PSYoungGen: 613434K->2725K(592896K)] 1012042K->401861K(1279872K), 0.0217250 secs] [Times: user=0.08 sys=0.00, real=0.02 secs] 
2014-07-08T01:20:45.719+0000: 2679.270: [GC [PSYoungGen: 592869K->2286K(571968K)] 992005K->402902K(1258944K), 0.0263440 secs] [Times: user=0.11 sys=0.00, real=0.03 secs] 
2014-07-08T01:20:49.669+0000: 2683.220: [GC [PSYoungGen: 571950K->2416K(552512K)] 972566K->403473K(1239488K), 0.0416130 secs] [Times: user=0.16 sys=0.00, real=0.04 secs] 
2014-07-08T01:20:53.932+0000: 2687.482: [GC [PSYoungGen: 552496K->2544K(533952K)] 953553K->404089K(1220928K), 0.0223670 secs] [Times: user=0.08 sys=0.00, real=0.03 secs] 
2014-07-08T01:20:57.853+0000: 2691.403: [GC [PSYoungGen: 533925K->2381K(515968K)] 935469K->404525K(1202944K), 0.0419880 secs] [Times: user=0.16 sys=0.00, real=0.05 secs] 
2014-07-08T01:21:01.580+0000: 2695.130: [GC [PSYoungGen: 515916K->2345K(498816K)] 918060K->405121K(1185792K), 0.0180760 secs] [Times: user=0.05 sys=0.00, real=0.02 secs] 
2014-07-08T01:21:05.324+0000: 2698.875: [GC [PSYoungGen: 498793K->2288K(482432K)] 901569K->405505K(1169408K), 0.0318490 secs] [Times: user=0.12 sys=0.00, real=0.04 secs] 
2014-07-08T01:21:08.963+0000: 2702.513: [GC [PSYoungGen: 482371K->2214K(466752K)] 885588K->405847K(1153728K), 0.0128950 secs] [Times: user=0.05 sys=0.00, real=0.01 secs] 
2014-07-08T01:21:12.406+0000: 2705.956: [GC [PSYoungGen: 466679K->2793K(452416K)] 870312K->406802K(1139392K), 0.0194110 secs] [Times: user=0.06 sys=0.01, real=0.02 secs] 
2014-07-08T01:21:15.863+0000: 2709.413: [GC [PSYoungGen: 452310K->2174K(437504K)] 856319K->407198K(1124480K), 0.0123200 secs] [Times: user=0.05 sys=0.00, real=0.01 secs] 
2014-07-08T01:21:19.451+0000: 2713.002: [GC [PSYoungGen: 437502K->2189K(423936K)] 842526K->407533K(1110912K), 0.0242700 secs] [Times: user=0.09 sys=0.00, real=0.02 secs] 
2014-07-08T01:21:22.756+0000: 2716.306: [GC [PSYoungGen: 423885K->2349K(411008K)] 829229K->408046K(1097984K), 0.0511200 secs] [Times: user=0.20 sys=0.00, real=0.05 secs] 
2014-07-08T01:21:25.754+0000: 2719.304: [GC [PSYoungGen: 410968K->2665K(398848K)] 816664K->408874K(1085824K), 0.0217610 secs] [Times: user=0.09 sys=0.00, real=0.02 secs] 
2014-07-08T01:21:28.595+0000: 2722.145: [GC [PSYoungGen: 398825K->2164K(386368K)] 805034K->408685K(1073344K), 0.0313110 secs] [Times: user=0.11 sys=0.00, real=0.03 secs] 
2014-07-08T01:21:31.292+0000: 2724.842: [GC [PSYoungGen: 386356K->2657K(375424K)] 792877K->409522K(1062400K), 0.0336620 secs] [Times: user=0.12 sys=0.01, real=0.03 secs] 
2014-07-08T01:21:34.013+0000: 2727.564: [GC [PSYoungGen: 375392K->2217K(363968K)] 782257K->409522K(1050944K), 0.0188320 secs] [Times: user=0.06 sys=0.00, real=0.02 secs] 
2014-07-08T01:21:36.222+0000: 2729.773: [GC [PSYoungGen: 363907K->2665K(353856K)] 771212K->410329K(1040832K), 0.0205220 secs] [Times: user=0.06 sys=0.01, real=0.02 secs] 
2014-07-08T01:21:38.521+0000: 2732.071: [GC [PSYoungGen: 353833K->1899K(342976K)] 761497K->410446K(1029952K), 0.0170190 secs] [Times: user=0.05 sys=0.00, real=0.02 secs] 
2014-07-08T01:21:41.166+0000: 2734.716: [GC [PSYoungGen: 342955K->2825K(412160K)] 751502K->411564K(1099136K), 0.0425510 secs] [Times: user=0.16 sys=0.00, real=0.04 secs] 
2014-07-08T01:21:44.571+0000: 2738.122: [GC [PSYoungGen: 412105K->1897K(493056K)] 820844K->411319K(1180032K), 0.0507080 secs] [Times: user=0.18 sys=0.00, real=0.06 secs] 
2014-07-08T01:21:48.242+0000: 2741.792: [GC [PSYoungGen: 493033K->2032K(591424K)] 902455K->411847K(1278400K), 0.0287570 secs] [Times: user=0.10 sys=0.00, real=0.03 secs] 
2014-07-08T01:21:52.132+0000: 2745.683: [GC [PSYoungGen: 591408K->2288K(709568K)] 1001223K->412463K(1396544K), 0.0345240 secs] [Times: user=0.13 sys=0.00, real=0.04 secs] 
2014-07-08T01:21:57.506+0000: 2751.056: [GC [PSYoungGen: 709551K->2320K(851136K)] 1119726K->413039K(1538112K), 0.0958360 secs] [Times: user=0.36 sys=0.01, real=0.09 secs] 
2014-07-08T01:22:04.139+0000: 2757.689: [GC [PSYoungGen: 851088K->2039K(956800K)] 1261807K->413764K(1643776K), 0.0538540 secs] [Times: user=0.20 sys=0.00, real=0.05 secs] 
2014-07-08T01:22:11.135+0000: 2764.685: [GC [PSYoungGen: 956791K->3077K(920320K)] 1368516K->415474K(1607296K), 0.0450980 secs] [Times: user=0.16 sys=0.00, real=0.05 secs] 
2014-07-08T01:22:18.081+0000: 2771.632: [GC [PSYoungGen: 920212K->306K(881728K)] 1332609K->415727K(1568704K), 0.0203720 secs] [Times: user=0.07 sys=0.00, real=0.02 secs] 
2014-07-08T01:22:24.882+0000: 2778.432: [GC [PSYoungGen: 881714K->3154K(850560K)] 1297135K->418720K(1537536K), 0.0281870 secs] [Times: user=0.11 sys=0.00, real=0.03 secs] 
2014-07-08T01:22:31.402+0000: 2784.952: [GC [PSYoungGen: 850514K->3173K(818112K)] 1266080K->420164K(1505088K), 0.0391080 secs] [Times: user=0.15 sys=0.00, real=0.04 secs] 
2014-07-08T01:22:37.475+0000: 2791.026: [GC [PSYoungGen: 818085K->2793K(786816K)] 1235076K->420512K(1473792K), 0.0356990 secs] [Times: user=0.12 sys=0.00, real=0.04 secs] 
2014-07-08T01:22:43.595+0000: 2797.146: [GC [PSYoungGen: 786793K->1718K(756288K)] 1204512K->420826K(1443264K), 0.0253020 secs] [Times: user=0.10 sys=0.00, real=0.02 secs] 
2014-07-08T01:22:49.812+0000: 2803.362: [GC [PSYoungGen: 756278K->2971K(729472K)] 1175386K->422671K(1416448K), 0.0158740 secs] [Times: user=0.06 sys=0.00, real=0.01 secs] 
2014-07-08T01:22:55.844+0000: 2809.395: [GC [PSYoungGen: 729434K->2857K(702592K)] 1149134K->423438K(1389568K), 0.0460750 secs] [Times: user=0.17 sys=0.00, real=0.04 secs] 
2014-07-08T01:23:01.309+0000: 2814.859: [GC [PSYoungGen: 702569K->3049K(677248K)] 1123150K->424366K(1364224K), 0.0272840 secs] [Times: user=0.09 sys=0.00, real=0.03 secs] 
2014-07-08T01:23:06.262+0000: 2819.812: [GC [PSYoungGen: 677225K->2046K(651840K)] 1098542K->424567K(1338816K), 0.0246020 secs] [Times: user=0.09 sys=0.00, real=0.03 secs] 
2014-07-08T01:23:11.293+0000: 2824.843: [GC [PSYoungGen: 651838K->2924K(629504K)] 1074359K->425949K(1316480K), 0.0238300 secs] [Times: user=0.09 sys=0.00, real=0.03 secs] 
2014-07-08T01:23:16.266+0000: 2829.816: [GC [PSYoungGen: 629484K->2260K(606720K)] 1052509K->425868K(1293696K), 0.0174320 secs] [Times: user=0.06 sys=0.00, real=0.02 secs] 
2014-07-08T01:23:21.137+0000: 2834.687: [GC [PSYoungGen: 606643K->2984K(586240K)] 1030251K->427169K(1273216K), 0.0370250 secs] [Times: user=0.14 sys=0.00, real=0.03 secs] 
2014-07-08T01:23:25.903+0000: 2839.453: [GC [PSYoungGen: 586216K->2537K(565568K)] 1010401K->427329K(1252544K), 0.0376630 secs] [Times: user=0.14 sys=0.00, real=0.04 secs] 
2014-07-08T01:23:30.839+0000: 2844.389: [GC [PSYoungGen: 565520K->2886K(546688K)] 990312K->428198K(1233664K), 0.0303690 secs] [Times: user=0.11 sys=0.01, real=0.03 secs] 
2014-07-08T01:23:35.128+0000: 2848.678: [GC [PSYoungGen: 546595K->2238K(527552K)] 971908K->428508K(1214528K), 0.0379450 secs] [Times: user=0.13 sys=0.01, real=0.04 secs] 
2014-07-08T01:23:38.987+0000: 2852.538: [GC [PSYoungGen: 527544K->2797K(510528K)] 953814K->429539K(1197504K), 0.0214530 secs] [Times: user=0.08 sys=0.00, real=0.02 secs] 
2014-07-08T01:23:42.963+0000: 2856.514: [GC [PSYoungGen: 510509K->2537K(493440K)] 937251K->429736K(1180416K), 0.0368030 secs] [Times: user=0.13 sys=0.00, real=0.04 secs] 
2014-07-08T01:23:47.156+0000: 2860.707: [GC [PSYoungGen: 493410K->2463K(477312K)] 920609K->430197K(1164288K), 0.0188020 secs] [Times: user=0.06 sys=0.00, real=0.02 secs] 
2014-07-08T01:23:51.018+0000: 2864.568: [GC [PSYoungGen: 477279K->2284K(461760K)] 905013K->430555K(1148736K), 0.0388010 secs] [Times: user=0.14 sys=0.00, real=0.04 secs] 
2014-07-08T01:23:54.398+0000: 2867.948: [GC [PSYoungGen: 461740K->2572K(447424K)] 890011K->431251K(1134400K), 0.0248400 secs] [Times: user=0.09 sys=0.00, real=0.03 secs] 
2014-07-08T01:23:57.683+0000: 2871.233: [GC [PSYoungGen: 447372K->2284K(433024K)] 876051K->431491K(1120000K), 0.0378830 secs] [Times: user=0.14 sys=0.00, real=0.03 secs] 
2014-07-08T01:24:00.718+0000: 2874.268: [GC [PSYoungGen: 433004K->2352K(419648K)] 862211K->431879K(1106624K), 0.0243770 secs] [Times: user=0.09 sys=0.00, real=0.03 secs] 
2014-07-08T01:24:04.470+0000: 2878.021: [GC [PSYoungGen: 419632K->2036K(406464K)] 849159K->431858K(1093440K), 0.0104570 secs] [Times: user=0.03 sys=0.01, real=0.01 secs] 
2014-07-08T01:24:07.561+0000: 2881.111: [GC [PSYoungGen: 406452K->2728K(394880K)] 836274K->433047K(1081856K), 0.0318490 secs] [Times: user=0.12 sys=0.00, real=0.03 secs] 
2014-07-08T01:24:10.466+0000: 2884.017: [GC [PSYoungGen: 394856K->2401K(382784K)] 825175K->433136K(1069760K), 0.0404180 secs] [Times: user=0.15 sys=0.00, real=0.04 secs] 
2014-07-08T01:24:13.384+0000: 2886.934: [GC [PSYoungGen: 382732K->2640K(371712K)] 813466K->433623K(1058688K), 0.0340100 secs] [Times: user=0.13 sys=0.00, real=0.03 secs] 
2014-07-08T01:24:16.225+0000: 2889.776: [GC [PSYoungGen: 371664K->1833K(444736K)] 802647K->433491K(1131712K), 0.0370810 secs] [Times: user=0.14 sys=0.00, real=0.03 secs] 
2014-07-08T01:24:19.386+0000: 2892.937: [GC [PSYoungGen: 444682K->2633K(534144K)] 876341K->434611K(1221120K), 0.0324720 secs] [Times: user=0.12 sys=0.00, real=0.03 secs] 
2014-07-08T01:24:23.635+0000: 2897.185: [GC [PSYoungGen: 534089K->2280K(515904K)] 966067K->434651K(1202880K), 0.0347870 secs] [Times: user=0.11 sys=0.00, real=0.04 secs] 
2014-07-08T01:24:27.088+0000: 2900.639: [GC [PSYoungGen: 515873K->2246K(498816K)] 948244K->435168K(1185792K), 0.0154480 secs] [Times: user=0.05 sys=0.00, real=0.01 secs] 
2014-07-08T01:24:30.992+0000: 2904.542: [GC [PSYoungGen: 498758K->1968K(482176K)] 931680K->435387K(1169152K), 0.0537310 secs] [Times: user=0.21 sys=0.00, real=0.05 secs] 
2014-07-08T01:24:34.245+0000: 2907.796: [GC [PSYoungGen: 482160K->2853K(467456K)] 915579K->436664K(1154432K), 0.0170630 secs] [Times: user=0.06 sys=0.01, real=0.02 secs] 
2014-07-08T01:24:37.931+0000: 2911.482: [GC [PSYoungGen: 467429K->1716K(451392K)] 901240K->436150K(1138368K), 0.0414300 secs] [Times: user=0.12 sys=0.00, real=0.04 secs] 
2014-07-08T01:24:41.080+0000: 2914.630: [GC [PSYoungGen: 451380K->2196K(437632K)] 885814K->437014K(1124608K), 0.0150680 secs] [Times: user=0.06 sys=0.00, real=0.01 secs] 
2014-07-08T01:24:44.491+0000: 2918.041: [GC [PSYoungGen: 437588K->2600K(424384K)] 872406K->437851K(1111360K), 0.0145520 secs] [Times: user=0.05 sys=0.00, real=0.01 secs] 
2014-07-08T01:24:47.826+0000: 2921.376: [GC [PSYoungGen: 424360K->1872K(410624K)] 859611K->437515K(1097600K), 0.0248390 secs] [Times: user=0.05 sys=0.00, real=0.03 secs] 
2014-07-08T01:24:51.028+0000: 2924.579: [GC [PSYoungGen: 410495K->2291K(398528K)] 846138K->438584K(1085504K), 0.0416080 secs] [Times: user=0.16 sys=0.00, real=0.04 secs] 
2014-07-08T01:24:54.381+0000: 2927.931: [GC [PSYoungGen: 398515K->2256K(386560K)] 834808K->438917K(1073536K), 0.0155240 secs] [Times: user=0.03 sys=0.00, real=0.02 secs] 
2014-07-08T01:24:57.552+0000: 2931.103: [GC [PSYoungGen: 386486K->2406K(375232K)] 823146K->439499K(1062208K), 0.0451320 secs] [Times: user=0.16 sys=0.00, real=0.04 secs] 
2014-07-08T01:25:00.339+0000: 2933.889: [GC [PSYoungGen: 375206K->2128K(449536K)] 812299K->439621K(1136512K), 0.0457700 secs] [Times: user=0.17 sys=0.00, real=0.05 secs] 
2014-07-08T01:25:03.698+0000: 2937.248: [GC [PSYoungGen: 449457K->2226K(539072K)] 886950K->440682K(1226048K), 0.0243900 secs] [Times: user=0.08 sys=0.00, real=0.03 secs] 
2014-07-08T01:25:07.923+0000: 2941.473: [GC [PSYoungGen: 539058K->2310K(521088K)] 977514K->441213K(1208064K), 0.0308740 secs] [Times: user=0.11 sys=0.00, real=0.04 secs] 
2014-07-08T01:25:11.979+0000: 2945.529: [GC [PSYoungGen: 521030K->2540K(504000K)] 959933K->441934K(1190976K), 0.0441150 secs] [Times: user=0.16 sys=0.00, real=0.05 secs] 
2014-07-08T01:25:15.993+0000: 2949.544: [GC [PSYoungGen: 503939K->3073K(488064K)] 943332K->442994K(1175040K), 0.0132710 secs] [Times: user=0.03 sys=0.00, real=0.02 secs] 
2014-07-08T01:25:19.603+0000: 2953.153: [GC [PSYoungGen: 488001K->1142K(470272K)] 927922K->442734K(1157248K), 0.0318760 secs] [Times: user=0.11 sys=0.01, real=0.04 secs] 
2014-07-08T01:25:23.340+0000: 2956.891: [GC [PSYoungGen: 470261K->3512K(457536K)] 911853K->445392K(1144512K), 0.0319710 secs] [Times: user=0.12 sys=0.00, real=0.03 secs] 
2014-07-08T01:25:27.115+0000: 2960.665: [GC [PSYoungGen: 457498K->2419K(441984K)] 899378K->445325K(1128960K), 0.0285380 secs] [Times: user=0.10 sys=0.00, real=0.03 secs] 
2014-07-08T01:25:30.644+0000: 2964.195: [GC [PSYoungGen: 441971K->2978K(428736K)] 884877K->446292K(1115712K), 0.0146160 secs] [Times: user=0.06 sys=0.00, real=0.02 secs] 
2014-07-08T01:25:33.902+0000: 2967.452: [GC [PSYoungGen: 428706K->2352K(414848K)] 872020K->445995K(1101824K), 0.0096840 secs] [Times: user=0.03 sys=0.00, real=0.01 secs] 
2014-07-08T01:25:37.184+0000: 2970.735: [GC [PSYoungGen: 414832K->1936K(401792K)] 858475K->446010K(1088768K), 0.0515410 secs] [Times: user=0.18 sys=0.00, real=0.05 secs] 
2014-07-08T01:25:39.552+0000: 2973.103: [GC [PSYoungGen: 401744K->2601K(390336K)] 845818K->447035K(1077312K), 0.0247440 secs] [Times: user=0.08 sys=0.00, real=0.03 secs] 
2014-07-08T01:25:42.445+0000: 2975.995: [GC [PSYoungGen: 390313K->2665K(467968K)] 834747K->447347K(1154944K), 0.0401740 secs] [Times: user=0.15 sys=0.00, real=0.04 secs] 
2014-07-08T01:25:45.653+0000: 2979.204: [GC [PSYoungGen: 467936K->2413K(560768K)] 912618K->447855K(1247744K), 0.0412890 secs] [Times: user=0.16 sys=0.00, real=0.04 secs] 
2014-07-08T01:25:50.128+0000: 2983.678: [GC [PSYoungGen: 560736K->2573K(541888K)] 1006179K->448311K(1228864K), 0.0333960 secs] [Times: user=0.11 sys=0.01, real=0.04 secs] 
2014-07-08T01:25:54.818+0000: 2988.369: [GC [PSYoungGen: 541837K->2572K(523648K)] 987575K->448799K(1210624K), 0.0361490 secs] [Times: user=0.13 sys=0.00, real=0.04 secs] 
2014-07-08T01:25:59.094+0000: 2992.644: [GC [PSYoungGen: 523596K->2608K(506240K)] 969823K->449443K(1193216K), 0.0414120 secs] [Times: user=0.14 sys=0.00, real=0.04 secs] 
2014-07-08T01:26:03.255+0000: 2996.806: [GC [PSYoungGen: 506224K->2100K(489088K)] 953058K->449398K(1176064K), 0.0105660 secs] [Times: user=0.03 sys=0.00, real=0.01 secs] 
2014-07-08T01:26:07.082+0000: 3000.632: [GC [PSYoungGen: 489076K->2825K(473984K)] 936374K->450691K(1160960K), 0.0245310 secs] [Times: user=0.09 sys=0.00, real=0.03 secs] 
2014-07-08T01:26:10.609+0000: 3004.160: [GC [PSYoungGen: 473929K->2103K(458048K)] 921795K->450587K(1145024K), 0.0472220 secs] [Times: user=0.18 sys=0.00, real=0.05 secs] 
2014-07-08T01:26:14.063+0000: 3007.614: [GC [PSYoungGen: 458039K->2792K(444224K)] 906523K->451613K(1131200K), 0.0303540 secs] [Times: user=0.11 sys=0.01, real=0.03 secs] 
2014-07-08T01:26:17.468+0000: 3011.019: [GC [PSYoungGen: 444200K->2032K(429568K)] 893021K->451365K(1116544K), 0.0183120 secs] [Times: user=0.06 sys=0.00, real=0.02 secs] 
2014-07-08T01:26:21.205+0000: 3014.755: [GC [PSYoungGen: 429551K->2004K(416256K)] 878884K->451696K(1103232K), 0.0344710 secs] [Times: user=0.11 sys=0.00, real=0.03 secs] 
2014-07-08T01:26:24.149+0000: 3017.699: [GC [PSYoungGen: 416212K->2611K(404096K)] 865904K->452866K(1091072K), 0.0410270 secs] [Times: user=0.15 sys=0.00, real=0.04 secs] 
2014-07-08T01:26:27.051+0000: 3020.601: [GC [PSYoungGen: 404083K->2501K(391808K)] 854338K->453123K(1078784K), 0.0101740 secs] [Times: user=0.02 sys=0.01, real=0.01 secs] 
2014-07-08T01:26:30.293+0000: 3023.844: [GC [PSYoungGen: 391749K->1914K(379520K)] 842371K->452899K(1066496K), 0.0462360 secs] [Times: user=0.17 sys=0.00, real=0.05 secs] 
2014-07-08T01:26:32.340+0000: 3025.890: [GC [PSYoungGen: 379514K->2629K(369088K)] 830499K->453982K(1056064K), 0.0143070 secs] [Times: user=0.03 sys=0.00, real=0.01 secs] 
2014-07-08T01:26:34.678+0000: 3028.229: [GC [PSYoungGen: 369029K->2351K(442048K)] 820382K->454310K(1129024K), 0.0420910 secs] [Times: user=0.14 sys=0.00, real=0.04 secs] 
2014-07-08T01:26:38.251+0000: 3031.801: [GC [PSYoungGen: 442031K->2284K(428160K)] 893990K->454539K(1115136K), 0.0178650 secs] [Times: user=0.03 sys=0.00, real=0.02 secs] 
2014-07-08T01:26:41.458+0000: 3035.008: [GC [PSYoungGen: 428140K->2285K(414912K)] 880395K->454947K(1101888K), 0.0127120 secs] [Times: user=0.03 sys=0.01, real=0.01 secs] 
2014-07-08T01:26:44.241+0000: 3037.791: [GC [PSYoungGen: 414893K->3070K(403008K)] 867555K->456100K(1089984K), 0.0225240 secs] [Times: user=0.09 sys=0.00, real=0.02 secs] 
2014-07-08T01:26:47.094+0000: 3040.645: [GC [PSYoungGen: 403006K->1440K(481408K)] 856036K->455940K(1168384K), 0.0658910 secs] [Times: user=0.24 sys=0.00, real=0.07 secs] 
2014-07-08T01:26:50.224+0000: 3043.774: [GC [PSYoungGen: 481376K->2527K(578496K)] 935876K->457219K(1265472K), 0.0244960 secs] [Times: user=0.09 sys=0.00, real=0.03 secs] 
2014-07-08T01:26:54.742+0000: 3048.292: [GC [PSYoungGen: 578463K->2508K(693696K)] 1033155K->457912K(1380672K), 0.0388890 secs] [Times: user=0.14 sys=0.00, real=0.04 secs] 
2014-07-08T01:27:00.094+0000: 3053.644: [GC [PSYoungGen: 693637K->2643K(668672K)] 1149040K->458623K(1355648K), 0.0079940 secs] [Times: user=0.03 sys=0.00, real=0.01 secs] 
2014-07-08T01:27:04.218+0000: 3057.769: [GC [PSYoungGen: 668627K->1568K(643584K)] 1124607K->459068K(1330560K), 0.0260870 secs] [Times: user=0.08 sys=0.00, real=0.03 secs] 
2014-07-08T01:27:09.364+0000: 3062.915: [GC [PSYoungGen: 643492K->2798K(621952K)] 1100992K->460729K(1308928K), 0.0413200 secs] [Times: user=0.16 sys=0.00, real=0.04 secs] 
2014-07-08T01:27:14.251+0000: 3067.801: [GC [PSYoungGen: 621934K->2352K(599680K)] 1079865K->461068K(1286656K), 0.0209900 secs] [Times: user=0.08 sys=0.00, real=0.02 secs] 
2014-07-08T01:27:18.874+0000: 3072.425: [GC [PSYoungGen: 599664K->2284K(578816K)] 1058380K->461592K(1265792K), 0.0126180 secs] [Times: user=0.03 sys=0.00, real=0.01 secs] 
2014-07-08T01:27:23.292+0000: 3076.842: [GC [PSYoungGen: 578772K->2164K(558784K)] 1038080K->462063K(1245760K), 0.0290980 secs] [Times: user=0.10 sys=0.00, real=0.03 secs] 
2014-07-08T01:27:27.589+0000: 3081.140: [GC [PSYoungGen: 558673K->2693K(540352K)] 1018573K->463129K(1227328K), 0.0356530 secs] [Times: user=0.12 sys=0.00, real=0.04 secs] 
2014-07-08T01:27:32.019+0000: 3085.569: [GC [PSYoungGen: 540293K->1764K(521280K)] 1000729K->463317K(1208256K), 0.0096550 secs] [Times: user=0.02 sys=0.00, real=0.01 secs] 
2014-07-08T01:27:36.108+0000: 3089.658: [GC [PSYoungGen: 521225K->2370K(504576K)] 982778K->464362K(1191552K), 0.0369200 secs] [Times: user=0.14 sys=0.01, real=0.04 secs] 
2014-07-08T01:27:40.175+0000: 3093.725: [GC [PSYoungGen: 504514K->2256K(487872K)] 966506K->464736K(1174848K), 0.0214400 secs] [Times: user=0.08 sys=0.01, real=0.03 secs] 
2014-07-08T01:27:43.768+0000: 3097.318: [GC [PSYoungGen: 487809K->3323K(473088K)] 950289K->466267K(1160064K), 0.0158410 secs] [Times: user=0.06 sys=0.00, real=0.01 secs] 
2014-07-08T01:27:46.959+0000: 3100.510: [GC [PSYoungGen: 473083K->1078K(455744K)] 936027K->466027K(1142720K), 0.0335650 secs] [Times: user=0.10 sys=0.00, real=0.03 secs] 
2014-07-08T01:27:50.289+0000: 3103.839: [GC [PSYoungGen: 455709K->2866K(443072K)] 920658K->467991K(1130048K), 0.0383300 secs] [Times: user=0.14 sys=0.00, real=0.04 secs] 
2014-07-08T01:27:53.707+0000: 3107.258: [GC [PSYoungGen: 442963K->3078K(429504K)] 908088K->468919K(1116480K), 0.0406380 secs] [Times: user=0.15 sys=0.00, real=0.05 secs] 
2014-07-08T01:27:56.842+0000: 3110.392: [GC [PSYoungGen: 429402K->2160K(415296K)] 895243K->468521K(1102272K), 0.0367410 secs] [Times: user=0.14 sys=0.00, real=0.04 secs] 
2014-07-08T01:27:59.779+0000: 3113.329: [GC [PSYoungGen: 415277K->2171K(497920K)] 881638K->469052K(1184896K), 0.0481970 secs] [Times: user=0.17 sys=0.00, real=0.05 secs] 
2014-07-08T01:28:03.320+0000: 3116.871: [GC [PSYoungGen: 497915K->2668K(597632K)] 964796K->469829K(1284608K), 0.0345140 secs] [Times: user=0.14 sys=0.00, real=0.03 secs] 
2014-07-08T01:28:07.936+0000: 3121.486: [GC [PSYoungGen: 597612K->2473K(716480K)] 1064773K->470330K(1403456K), 0.0459870 secs] [Times: user=0.16 sys=0.00, real=0.05 secs] 
2014-07-08T01:28:13.959+0000: 3127.509: [GC [PSYoungGen: 716427K->2921K(690752K)] 1184284K->471250K(1377728K), 0.0470380 secs] [Times: user=0.17 sys=0.01, real=0.05 secs] 
2014-07-08T01:28:19.247+0000: 3132.797: [GC [PSYoungGen: 690723K->1913K(664768K)] 1159052K->472054K(1351744K), 0.0203780 secs] [Times: user=0.07 sys=0.00, real=0.02 secs] 
2014-07-08T01:28:24.568+0000: 3138.118: [GC [PSYoungGen: 664761K->3675K(642752K)] 1134902K->474240K(1329728K), 0.0204780 secs] [Times: user=0.08 sys=0.00, real=0.02 secs] 
2014-07-08T01:28:29.640+0000: 3143.190: [GC [PSYoungGen: 642701K->2216K(618560K)] 1113266K->474236K(1305536K), 0.0489220 secs] [Times: user=0.18 sys=0.00, real=0.05 secs] 
2014-07-08T01:28:34.546+0000: 3148.096: [GC [PSYoungGen: 618535K->2736K(597376K)] 1090554K->475228K(1284352K), 0.0359740 secs] [Times: user=0.11 sys=0.00, real=0.03 secs] 
2014-07-08T01:28:39.137+0000: 3152.688: [GC [PSYoungGen: 597336K->2668K(576576K)] 1069827K->475866K(1263552K), 0.0336790 secs] [Times: user=0.12 sys=0.00, real=0.03 secs] 
2014-07-08T01:28:43.433+0000: 3156.983: [GC [PSYoungGen: 576556K->2760K(556928K)] 1049754K->476430K(1243904K), 0.0330850 secs] [Times: user=0.13 sys=0.00, real=0.04 secs] 
2014-07-08T01:28:47.469+0000: 3161.020: [GC [PSYoungGen: 556872K->2722K(537984K)] 1030542K->477111K(1224960K), 0.0220090 secs] [Times: user=0.07 sys=0.00, real=0.02 secs] 
2014-07-08T01:28:51.568+0000: 3165.118: [GC [PSYoungGen: 537954K->2697K(519936K)] 1012343K->477510K(1206912K), 0.0220640 secs] [Times: user=0.08 sys=0.01, real=0.02 secs] 
2014-07-08T01:28:55.993+0000: 3169.544: [GC [PSYoungGen: 519876K->2725K(502720K)] 994689K->478131K(1189696K), 0.0275610 secs] [Times: user=0.10 sys=0.00, real=0.03 secs] 
2014-07-08T01:28:59.223+0000: 3172.773: [GC [PSYoungGen: 502690K->2284K(485824K)] 978095K->478218K(1172800K), 0.0217450 secs] [Times: user=0.08 sys=0.00, real=0.02 secs] 
2014-07-08T01:29:02.661+0000: 3176.211: [GC [PSYoungGen: 485792K->2320K(470144K)] 961725K->478597K(1157120K), 0.0431380 secs] [Times: user=0.14 sys=0.00, real=0.04 secs] 
2014-07-08T01:29:06.384+0000: 3179.934: [GC [PSYoungGen: 470080K->2889K(455680K)] 946358K->479678K(1142656K), 0.0149130 secs] [Times: user=0.05 sys=0.00, real=0.01 secs] 
2014-07-08T01:29:09.764+0000: 3183.314: [GC [PSYoungGen: 455622K->2224K(440576K)] 932411K->479373K(1127552K), 0.0175560 secs] [Times: user=0.06 sys=0.00, real=0.02 secs] 
2014-07-08T01:29:13.446+0000: 3186.997: [GC [PSYoungGen: 440560K->2981K(427584K)] 917709K->480451K(1114560K), 0.0267510 secs] [Times: user=0.10 sys=0.00, real=0.03 secs] 
2014-07-08T01:29:16.862+0000: 3190.412: [GC [PSYoungGen: 427557K->2256K(413696K)] 905027K->480253K(1100672K), 0.0378010 secs] [Times: user=0.15 sys=0.00, real=0.03 secs] 
2014-07-08T01:29:19.656+0000: 3193.206: [GC [PSYoungGen: 413648K->1812K(400640K)] 891645K->480177K(1087616K), 0.0112900 secs] [Times: user=0.04 sys=0.00, real=0.01 secs] 
2014-07-08T01:29:22.826+0000: 3196.376: [GC [PSYoungGen: 400596K->2320K(389056K)] 878961K->480957K(1076032K), 0.0198100 secs] [Times: user=0.06 sys=0.00, real=0.02 secs] 
2014-07-08T01:29:26.116+0000: 3199.666: [GC [PSYoungGen: 389008K->2381K(377536K)] 867645K->481458K(1064512K), 0.0255970 secs] [Times: user=0.09 sys=0.01, real=0.02 secs] 
2014-07-08T01:29:29.063+0000: 3202.613: [GC [PSYoungGen: 377485K->2320K(366400K)] 856562K->481781K(1053376K), 0.0178510 secs] [Times: user=0.06 sys=0.00, real=0.01 secs] 
2014-07-08T01:29:31.783+0000: 3205.333: [GC [PSYoungGen: 366311K->2246K(355712K)] 845772K->482043K(1042688K), 0.0270170 secs] [Times: user=0.09 sys=0.00, real=0.02 secs] 
2014-07-08T01:29:34.413+0000: 3207.963: [GC [PSYoungGen: 355654K->2509K(345792K)] 835451K->482722K(1032768K), 0.0322770 secs] [Times: user=0.12 sys=0.01, real=0.03 secs] 
2014-07-08T01:29:37.318+0000: 3210.869: [GC [PSYoungGen: 345741K->2822K(336320K)] 825954K->483339K(1023296K), 0.0245000 secs] [Times: user=0.08 sys=0.00, real=0.02 secs] 
2014-07-08T01:29:40.118+0000: 3213.669: [GC [PSYoungGen: 336262K->1779K(325888K)] 816779K->483335K(1012864K), 0.0381370 secs] [Times: user=0.14 sys=0.00, real=0.04 secs] 
2014-07-08T01:29:42.760+0000: 3216.310: [GC [PSYoungGen: 325875K->2068K(391040K)] 807431K->483888K(1078016K), 0.0335180 secs] [Times: user=0.11 sys=0.00, real=0.03 secs] 
2014-07-08T01:29:45.872+0000: 3219.422: [GC [PSYoungGen: 390996K->2316K(379648K)] 872816K->484616K(1066624K), 0.0204600 secs] [Times: user=0.07 sys=0.01, real=0.02 secs] 
2014-07-08T01:29:49.246+0000: 3222.797: [GC [PSYoungGen: 379596K->2032K(368128K)] 861896K->484700K(1055104K), 0.0259720 secs] [Times: user=0.07 sys=0.00, real=0.02 secs] 
2014-07-08T01:29:52.337+0000: 3225.888: [GC [PSYoungGen: 368112K->2671K(358080K)] 850780K->485717K(1045056K), 0.0399690 secs] [Times: user=0.15 sys=0.00, real=0.04 secs] 
2014-07-08T01:29:55.326+0000: 3228.876: [GC [PSYoungGen: 358032K->3092K(348288K)] 841078K->486586K(1035264K), 0.0245940 secs] [Times: user=0.09 sys=0.01, real=0.03 secs] 
2014-07-08T01:29:58.342+0000: 3231.893: [GC [PSYoungGen: 348244K->1504K(415744K)] 831738K->486627K(1102720K), 0.0407850 secs] [Times: user=0.15 sys=0.00, real=0.04 secs] 
2014-07-08T01:30:01.949+0000: 3235.499: [GC [PSYoungGen: 415712K->2541K(404032K)] 900835K->487887K(1091008K), 0.0096850 secs] [Times: user=0.03 sys=0.00, real=0.01 secs] 
2014-07-08T01:30:05.522+0000: 3239.072: [GC [PSYoungGen: 404013K->2672K(391936K)] 889359K->488695K(1078912K), 0.0308840 secs] [Times: user=0.09 sys=0.00, real=0.03 secs] 
2014-07-08T01:30:08.649+0000: 3242.199: [GC [PSYoungGen: 391920K->1876K(379520K)] 877943K->488266K(1066496K), 0.0390450 secs] [Times: user=0.15 sys=0.00, real=0.04 secs] 
2014-07-08T01:30:11.863+0000: 3245.413: [GC [PSYoungGen: 379476K->2448K(455616K)] 865866K->489215K(1142592K), 0.0397320 secs] [Times: user=0.15 sys=0.01, real=0.04 secs] 
2014-07-08T01:30:15.417+0000: 3248.967: [GC [PSYoungGen: 455568K->2188K(440960K)] 942335K->489379K(1127936K), 0.0325710 secs] [Times: user=0.12 sys=0.01, real=0.04 secs] 
2014-07-08T01:30:19.053+0000: 3252.603: [GC [PSYoungGen: 440908K->2376K(427392K)] 928099K->489935K(1114368K), 0.0160230 secs] [Times: user=0.04 sys=0.00, real=0.01 secs] 
2014-07-08T01:30:22.514+0000: 3256.065: [GC [PSYoungGen: 427336K->2729K(512704K)] 914895K->490671K(1199680K), 0.0720560 secs] [Times: user=0.26 sys=0.00, real=0.07 secs] 
2014-07-08T01:30:25.331+0000: 3258.882: [GC [PSYoungGen: 512681K->1790K(494848K)] 1000623K->490679K(1181824K), 0.0133020 secs] [Times: user=0.05 sys=0.00, real=0.01 secs] 
2014-07-08T01:30:28.978+0000: 3262.528: [GC [PSYoungGen: 494846K->2377K(479360K)] 983735K->491585K(1166336K), 0.0140610 secs] [Times: user=0.02 sys=0.00, real=0.02 secs] 
2014-07-08T01:30:32.825+0000: 3266.376: [GC [PSYoungGen: 479305K->2640K(464192K)] 968513K->492233K(1151168K), 0.0365380 secs] [Times: user=0.13 sys=0.00, real=0.03 secs] 
2014-07-08T01:30:36.485+0000: 3270.035: [GC [PSYoungGen: 464107K->2476K(449216K)] 953700K->492597K(1136192K), 0.0102930 secs] [Times: user=0.03 sys=0.00, real=0.01 secs] 
2014-07-08T01:30:39.933+0000: 3273.484: [GC [PSYoungGen: 449196K->1516K(434112K)] 939317K->493237K(1121088K), 0.0294910 secs] [Times: user=0.12 sys=0.00, real=0.02 secs] 
2014-07-08T01:30:43.206+0000: 3276.757: [GC [PSYoungGen: 434092K->2750K(421824K)] 925813K->494696K(1108800K), 0.0382940 secs] [Times: user=0.15 sys=0.00, real=0.04 secs] 
2014-07-08T01:30:46.796+0000: 3280.347: [GC [PSYoungGen: 421822K->2537K(408704K)] 913768K->495100K(1095680K), 0.0312640 secs] [Times: user=0.12 sys=0.00, real=0.03 secs] 
2014-07-08T01:30:50.102+0000: 3283.653: [GC [PSYoungGen: 408681K->2597K(396352K)] 901244K->495568K(1083328K), 0.0358580 secs] [Times: user=0.13 sys=0.00, real=0.04 secs] 
2014-07-08T01:30:53.546+0000: 3287.096: [GC [PSYoungGen: 396325K->1918K(383808K)] 889296K->496345K(1070784K), 0.0362850 secs] [Times: user=0.13 sys=0.00, real=0.03 secs] 
2014-07-08T01:30:56.845+0000: 3290.396: [GC [PSYoungGen: 383806K->2156K(372672K)] 878233K->496983K(1059648K), 0.0191760 secs] [Times: user=0.06 sys=0.00, real=0.02 secs] 
2014-07-08T01:30:59.950+0000: 3293.500: [GC [PSYoungGen: 372652K->1780K(361408K)] 867479K->497054K(1048384K), 0.0264850 secs] [Times: user=0.08 sys=0.00, real=0.03 secs] 
2014-07-08T01:31:01.788+0000: 3295.338: [GC [PSYoungGen: 361373K->2921K(352128K)] 856647K->498475K(1039104K), 0.0243930 secs] [Times: user=0.09 sys=0.00, real=0.02 secs] 
2014-07-08T01:31:04.920+0000: 3298.470: [GC [PSYoungGen: 352095K->2146K(341376K)] 847649K->498005K(1028352K), 0.0272170 secs] [Times: user=0.09 sys=0.00, real=0.03 secs] 
2014-07-08T01:31:07.734+0000: 3301.284: [GC [PSYoungGen: 341346K->2096K(409152K)] 837205K->498331K(1096128K), 0.0423610 secs] [Times: user=0.16 sys=0.00, real=0.04 secs] 
2014-07-08T01:31:10.881+0000: 3304.431: [GC [PSYoungGen: 409136K->2569K(491072K)] 905371K->499139K(1178048K), 0.0287760 secs] [Times: user=0.10 sys=0.00, real=0.03 secs] 
2014-07-08T01:31:15.271+0000: 3308.822: [GC [PSYoungGen: 491017K->2569K(475136K)] 987587K->499475K(1162112K), 0.0141250 secs] [Times: user=0.03 sys=0.00, real=0.01 secs] 
2014-07-08T01:31:18.944+0000: 3312.495: [GC [PSYoungGen: 475077K->1982K(459264K)] 971983K->499737K(1146240K), 0.0188900 secs] [Times: user=0.06 sys=0.00, real=0.02 secs] 
2014-07-08T01:31:22.884+0000: 3316.434: [GC [PSYoungGen: 459262K->2132K(444864K)] 957017K->500214K(1131840K), 0.0498470 secs] [Times: user=0.19 sys=0.01, real=0.05 secs] 
2014-07-08T01:31:26.360+0000: 3319.910: [GC [PSYoungGen: 444792K->2544K(431296K)] 942875K->501219K(1118272K), 0.0381910 secs] [Times: user=0.14 sys=0.00, real=0.03 secs] 
2014-07-08T01:31:29.858+0000: 3323.408: [GC [PSYoungGen: 431219K->2228K(417600K)] 929894K->501223K(1104576K), 0.0265070 secs] [Times: user=0.09 sys=0.01, real=0.03 secs] 
2014-07-08T01:31:33.110+0000: 3326.660: [GC [PSYoungGen: 417588K->2041K(404608K)] 916583K->501879K(1091584K), 0.0351210 secs] [Times: user=0.12 sys=0.00, real=0.04 secs] 
2014-07-08T01:31:35.641+0000: 3329.191: [GC [PSYoungGen: 404601K->2096K(392448K)] 904439K->502455K(1079424K), 0.0267640 secs] [Times: user=0.10 sys=0.00, real=0.03 secs] 
2014-07-08T01:31:37.799+0000: 3331.349: [GC [PSYoungGen: 392432K->2157K(380800K)] 892791K->502819K(1067776K), 0.0162430 secs] [Times: user=0.05 sys=0.00, real=0.02 secs] 
2014-07-08T01:31:40.897+0000: 3334.447: [GC [PSYoungGen: 380781K->2949K(370432K)] 881443K->503843K(1057408K), 0.0206100 secs] [Times: user=0.08 sys=0.00, real=0.02 secs] 
2014-07-08T01:31:43.923+0000: 3337.473: [GC [PSYoungGen: 370373K->1644K(358336K)] 871267K->503463K(1045312K), 0.0383820 secs] [Times: user=0.15 sys=0.00, real=0.03 secs] 
2014-07-08T01:31:47.011+0000: 3340.561: [GC [PSYoungGen: 358260K->2285K(348672K)] 860079K->504424K(1035648K), 0.0211030 secs] [Times: user=0.07 sys=0.00, real=0.02 secs] 
2014-07-08T01:31:50.107+0000: 3343.657: [GC [PSYoungGen: 348653K->2124K(338624K)] 850792K->504687K(1025600K), 0.0357650 secs] [Times: user=0.13 sys=0.00, real=0.03 secs] 
2014-07-08T01:31:52.697+0000: 3346.247: [GC [PSYoungGen: 338572K->2729K(329728K)] 841135K->505596K(1016704K), 0.0305540 secs] [Times: user=0.10 sys=0.00, real=0.03 secs] 
2014-07-08T01:31:55.175+0000: 3348.725: [GC [PSYoungGen: 329705K->1779K(394176K)] 832572K->505412K(1081152K), 0.0370600 secs] [Times: user=0.15 sys=0.00, real=0.04 secs] 
2014-07-08T01:31:58.322+0000: 3351.872: [GC [PSYoungGen: 394163K->2000K(472960K)] 897796K->505889K(1159936K), 0.0470820 secs] [Times: user=0.18 sys=0.00, real=0.05 secs] 
2014-07-08T01:32:01.569+0000: 3355.119: [GC [PSYoungGen: 472912K->2313K(458112K)] 976801K->506593K(1145088K), 0.0107680 secs] [Times: user=0.04 sys=0.00, real=0.01 secs] 
2014-07-08T01:32:05.232+0000: 3358.783: [GC [PSYoungGen: 458057K->2540K(443776K)] 962337K->507189K(1130752K), 0.0094570 secs] [Times: user=0.03 sys=0.00, real=0.01 secs] 
2014-07-08T01:32:08.464+0000: 3362.014: [GC [PSYoungGen: 443756K->1662K(428992K)] 948405K->507530K(1115968K), 0.0313900 secs] [Times: user=0.11 sys=0.00, real=0.03 secs] 
2014-07-08T01:32:11.716+0000: 3365.267: [GC [PSYoungGen: 428990K->2086K(416128K)] 934858K->508225K(1103104K), 0.0310850 secs] [Times: user=0.12 sys=0.00, real=0.04 secs] 
2014-07-08T01:32:15.149+0000: 3368.699: [GC [PSYoungGen: 416074K->2809K(404096K)] 922214K->509791K(1091072K), 0.0323180 secs] [Times: user=0.10 sys=0.01, real=0.03 secs] 
2014-07-08T01:32:18.475+0000: 3372.026: [GC [PSYoungGen: 404089K->2661K(391808K)] 911071K->510027K(1078784K), 0.0332980 secs] [Times: user=0.11 sys=0.01, real=0.04 secs] 
2014-07-08T01:32:22.062+0000: 3375.612: [GC [PSYoungGen: 391738K->1832K(379328K)] 899104K->509946K(1066304K), 0.0245420 secs] [Times: user=0.08 sys=0.01, real=0.02 secs] 
2014-07-08T01:32:25.271+0000: 3378.821: [GC [PSYoungGen: 379304K->2580K(368896K)] 887418K->511118K(1055872K), 0.0223270 secs] [Times: user=0.08 sys=0.00, real=0.02 secs] 
2014-07-08T01:32:28.275+0000: 3381.826: [GC [PSYoungGen: 368852K->2377K(358016K)] 877390K->511332K(1044992K), 0.0320690 secs] [Times: user=0.12 sys=0.00, real=0.03 secs] 
2014-07-08T01:32:31.218+0000: 3384.768: [GC [PSYoungGen: 357961K->2253K(347584K)] 866916K->511608K(1034560K), 0.0221000 secs] [Times: user=0.08 sys=0.01, real=0.03 secs] 
2014-07-08T01:32:33.646+0000: 3387.197: [GC [PSYoungGen: 347533K->1960K(337408K)] 856888K->511936K(1024384K), 0.0198630 secs] [Times: user=0.06 sys=0.00, real=0.02 secs] 
2014-07-08T01:32:36.055+0000: 3389.605: [GC [PSYoungGen: 337384K->2132K(328128K)] 847360K->512475K(1015104K), 0.0288200 secs] [Times: user=0.11 sys=0.00, real=0.03 secs] 
2014-07-08T01:32:38.799+0000: 3392.349: [GC [PSYoungGen: 328084K->2064K(318976K)] 838427K->512680K(1005952K), 0.0299790 secs] [Times: user=0.11 sys=0.00, real=0.03 secs] 
2014-07-08T01:32:41.614+0000: 3395.164: [GC [PSYoungGen: 318928K->2949K(383296K)] 829544K->513900K(1070272K), 0.0583420 secs] [Times: user=0.21 sys=0.00, real=0.06 secs] 
2014-07-08T01:32:44.470+0000: 3398.021: [GC [PSYoungGen: 383146K->1462K(457856K)] 894097K->514024K(1144832K), 0.0392050 secs] [Times: user=0.15 sys=0.00, real=0.04 secs] 
2014-07-08T01:32:47.963+0000: 3401.514: [GC [PSYoungGen: 457846K->2346K(550080K)] 970408K->515116K(1237056K), 0.0333210 secs] [Times: user=0.12 sys=0.00, real=0.03 secs] 
2014-07-08T01:32:51.490+0000: 3405.041: [GC [PSYoungGen: 550058K->2949K(660288K)] 1062828K->516425K(1347264K), 0.0246680 secs] [Times: user=0.09 sys=0.01, real=0.03 secs] 
2014-07-08T01:32:57.421+0000: 3410.971: [GC [PSYoungGen: 660229K->3169K(636928K)] 1173705K->517077K(1323904K), 0.0323270 secs] [Times: user=0.10 sys=0.00, real=0.03 secs] 
2014-07-08T01:33:02.356+0000: 3415.906: [GC [PSYoungGen: 636897K->864K(612160K)] 1150805K->517281K(1299136K), 0.0228380 secs] [Times: user=0.08 sys=0.00, real=0.02 secs] 
2014-07-08T01:33:07.332+0000: 3420.882: [GC [PSYoungGen: 612128K->3079K(592960K)] 1128545K->519752K(1279936K), 0.0310820 secs] [Times: user=0.11 sys=0.00, real=0.03 secs] 
2014-07-08T01:33:11.727+0000: 3425.277: [GC [PSYoungGen: 592896K->2793K(572160K)] 1109570K->520520K(1259136K), 0.0505270 secs] [Times: user=0.19 sys=0.00, real=0.05 secs] 
2014-07-08T01:33:15.633+0000: 3429.183: [GC [PSYoungGen: 572137K->2953K(552768K)] 1089864K->521240K(1239744K), 0.0276800 secs] [Times: user=0.10 sys=0.00, real=0.03 secs] 
2014-07-08T01:33:19.449+0000: 3432.999: [GC [PSYoungGen: 552704K->1776K(532864K)] 1070991K->520719K(1219840K), 0.0181520 secs] [Times: user=0.07 sys=0.00, real=0.01 secs] 
2014-07-08T01:33:23.515+0000: 3437.065: [GC [PSYoungGen: 532848K->2761K(516032K)] 1051791K->522072K(1203008K), 0.0143150 secs] [Times: user=0.03 sys=0.00, real=0.02 secs] 
2014-07-08T01:33:27.831+0000: 3441.381: [GC [PSYoungGen: 515977K->2380K(498624K)] 1035288K->522276K(1185600K), 0.0240540 secs] [Times: user=0.07 sys=0.00, real=0.02 secs] 
2014-07-08T01:33:31.980+0000: 3445.531: [GC [PSYoungGen: 498572K->2512K(482432K)] 1018468K->522863K(1169408K), 0.0356070 secs] [Times: user=0.13 sys=0.00, real=0.03 secs] 
2014-07-08T01:33:36.156+0000: 3449.706: [GC [PSYoungGen: 482384K->2220K(466560K)] 1002735K->523332K(1153536K), 0.0734520 secs] [Times: user=0.28 sys=0.00, real=0.07 secs] 
2014-07-08T01:33:40.447+0000: 3453.997: [GC [PSYoungGen: 466540K->2920K(452352K)] 987652K->524472K(1139328K), 0.0314860 secs] [Times: user=0.12 sys=0.00, real=0.03 secs] 
2014-07-08T01:33:43.761+0000: 3457.311: [GC [PSYoungGen: 452294K->2032K(437184K)] 973846K->524338K(1124160K), 0.0222150 secs] [Times: user=0.07 sys=0.00, real=0.03 secs] 
2014-07-08T01:33:47.060+0000: 3460.610: [GC [PSYoungGen: 437127K->2352K(423872K)] 959432K->525122K(1110848K), 0.0472940 secs] [Times: user=0.16 sys=0.00, real=0.05 secs] 
2014-07-08T01:33:50.684+0000: 3464.234: [GC [PSYoungGen: 423773K->2469K(410944K)] 946543K->525631K(1097920K), 0.0272950 secs] [Times: user=0.10 sys=0.00, real=0.02 secs] 
2014-07-08T01:33:54.031+0000: 3467.581: [GC [PSYoungGen: 410877K->1940K(397952K)] 934039K->525501K(1084928K), 0.0281280 secs] [Times: user=0.08 sys=0.00, real=0.03 secs] 
2014-07-08T01:33:57.228+0000: 3470.778: [GC [PSYoungGen: 397908K->2224K(386240K)] 921469K->526201K(1073216K), 0.0345890 secs] [Times: user=0.13 sys=0.01, real=0.03 secs] 
2014-07-08T01:34:00.180+0000: 3473.730: [GC [PSYoungGen: 386224K->2192K(374784K)] 910201K->526594K(1061760K), 0.0230440 secs] [Times: user=0.09 sys=0.00, real=0.02 secs] 
2014-07-08T01:34:02.867+0000: 3476.417: [GC [PSYoungGen: 374705K->2479K(449600K)] 899107K->527519K(1136576K), 0.0414980 secs] [Times: user=0.15 sys=0.00, real=0.04 secs] 
2014-07-08T01:34:06.312+0000: 3479.862: [GC [PSYoungGen: 449583K->2441K(435456K)] 974623K->527928K(1122432K), 0.0109860 secs] [Times: user=0.02 sys=0.00, real=0.01 secs] 
2014-07-08T01:34:10.029+0000: 3483.579: [GC [PSYoungGen: 435401K->2128K(421568K)] 960888K->527992K(1108544K), 0.0432840 secs] [Times: user=0.17 sys=0.00, real=0.04 secs] 
2014-07-08T01:34:13.651+0000: 3487.201: [GC [PSYoungGen: 421520K->2224K(408704K)] 947384K->528447K(1095680K), 0.0094130 secs] [Times: user=0.03 sys=0.00, real=0.01 secs] 
2014-07-08T01:34:16.619+0000: 3490.169: [GC [PSYoungGen: 408684K->2384K(396480K)] 934907K->529160K(1083456K), 0.0374920 secs] [Times: user=0.14 sys=0.00, real=0.04 secs] 
2014-07-08T01:34:19.814+0000: 3493.365: [GC [PSYoungGen: 396432K->2569K(384768K)] 923208K->529680K(1071744K), 0.0265920 secs] [Times: user=0.09 sys=0.00, real=0.03 secs] 
2014-07-08T01:34:22.980+0000: 3496.530: [GC [PSYoungGen: 384713K->1790K(372544K)] 911824K->529884K(1059520K), 0.0329920 secs] [Times: user=0.10 sys=0.00, real=0.03 secs] 
2014-07-08T01:34:26.008+0000: 3499.558: [GC [PSYoungGen: 372542K->2288K(447232K)] 900636K->530806K(1134208K), 0.0476910 secs] [Times: user=0.18 sys=0.00, real=0.05 secs] 
2014-07-08T01:34:29.791+0000: 3503.341: [GC [PSYoungGen: 447216K->2249K(536256K)] 975734K->531175K(1223232K), 0.0406270 secs] [Times: user=0.15 sys=0.00, real=0.04 secs] 
2014-07-08T01:34:34.285+0000: 3507.835: [GC [PSYoungGen: 536201K->3262K(519232K)] 1065127K->532652K(1206208K), 0.0268490 secs] [Times: user=0.10 sys=0.01, real=0.03 secs] 
2014-07-08T01:34:38.526+0000: 3512.077: [GC [PSYoungGen: 519230K->996K(499840K)] 1048620K->533073K(1186816K), 0.0198210 secs] [Times: user=0.08 sys=0.00, real=0.02 secs] 
2014-07-08T01:34:42.299+0000: 3515.849: [GC [PSYoungGen: 499812K->2570K(485056K)] 1031889K->534840K(1172032K), 0.0578370 secs] [Times: user=0.21 sys=0.00, real=0.06 secs] 
2014-07-08T01:34:45.635+0000: 3519.185: [GC [PSYoungGen: 484993K->2448K(469248K)] 1017262K->535600K(1156224K), 0.0326540 secs] [Times: user=0.11 sys=0.00, real=0.03 secs] 
2014-07-08T01:34:48.742+0000: 3522.292: [GC [PSYoungGen: 469200K->3073K(563264K)] 1002352K->536537K(1250240K), 0.0326080 secs] [Times: user=0.12 sys=0.00, real=0.03 secs] 
2014-07-08T01:34:53.398+0000: 3526.948: [GC [PSYoungGen: 563201K->1960K(542976K)] 1096665K->536100K(1229952K), 0.0408330 secs] [Times: user=0.15 sys=0.00, real=0.04 secs] 
2014-07-08T01:34:57.988+0000: 3531.539: [GC [PSYoungGen: 542952K->2178K(524928K)] 1077092K->536838K(1211904K), 0.0397330 secs] [Times: user=0.14 sys=0.00, real=0.04 secs] 
2014-07-08T01:35:02.023+0000: 3535.574: [GC [PSYoungGen: 524866K->2540K(507776K)] 1059526K->537736K(1194752K), 0.0270060 secs] [Times: user=0.09 sys=0.00, real=0.02 secs] 
2014-07-08T01:35:06.276+0000: 3539.827: [GC [PSYoungGen: 507756K->2572K(491136K)] 1042952K->538224K(1178112K), 0.0103940 secs] [Times: user=0.02 sys=0.00, real=0.01 secs] 
2014-07-08T01:35:10.360+0000: 3543.911: [GC [PSYoungGen: 491084K->2167K(474752K)] 1026736K->538420K(1161728K), 0.0364370 secs] [Times: user=0.13 sys=0.00, real=0.04 secs] 
2014-07-08T01:35:14.293+0000: 3547.844: [GC [PSYoungGen: 474743K->3237K(460608K)] 1010996K->539890K(1147584K), 0.0251540 secs] [Times: user=0.08 sys=0.00, real=0.03 secs] 
2014-07-08T01:35:18.456+0000: 3552.006: [GC [PSYoungGen: 460581K->1634K(444416K)] 997234K->539230K(1131392K), 0.0488750 secs] [Times: user=0.19 sys=0.00, real=0.04 secs] 
2014-07-08T01:35:22.454+0000: 3556.004: [GC [PSYoungGen: 444374K->3042K(431872K)] 981970K->541078K(1118848K), 0.0310740 secs] [Times: user=0.11 sys=0.00, real=0.03 secs] 
2014-07-08T01:35:26.260+0000: 3559.811: [GC [PSYoungGen: 431842K->2317K(417792K)] 969878K->540873K(1104768K), 0.0154830 secs] [Times: user=0.06 sys=0.00, real=0.01 secs] 
2014-07-08T01:35:29.467+0000: 3563.018: [GC [PSYoungGen: 417741K->1908K(404544K)] 956297K->540920K(1091520K), 0.0185440 secs] [Times: user=0.07 sys=0.00, real=0.01 secs] 
2014-07-08T01:35:32.715+0000: 3566.265: [GC [PSYoungGen: 404485K->2700K(393152K)] 943497K->542000K(1080128K), 0.0310810 secs] [Times: user=0.11 sys=0.00, real=0.03 secs] 
2014-07-08T01:35:36.048+0000: 3569.598: [GC [PSYoungGen: 393052K->3261K(381952K)] 932352K->543017K(1068928K), 0.0223940 secs] [Times: user=0.08 sys=0.00, real=0.02 secs] 
2014-07-08T01:35:39.320+0000: 3572.870: [GC [PSYoungGen: 381949K->1206K(368640K)] 921705K->542184K(1055616K), 0.0191080 secs] [Times: user=0.07 sys=0.00, real=0.01 secs] 
2014-07-08T01:35:42.027+0000: 3575.577: [GC [PSYoungGen: 368614K->2698K(359424K)] 909593K->543940K(1046400K), 0.0335110 secs] [Times: user=0.11 sys=0.00, real=0.04 secs] 
2014-07-08T01:35:44.986+0000: 3578.536: [GC [PSYoungGen: 359370K->2661K(430720K)] 900612K->544478K(1117696K), 0.0465870 secs] [Times: user=0.18 sys=0.00, real=0.05 secs] 
2014-07-08T01:35:48.518+0000: 3582.068: [GC [PSYoungGen: 430693K->2348K(516032K)] 972510K->544477K(1203008K), 0.0392070 secs] [Times: user=0.15 sys=0.00, real=0.04 secs] 
2014-07-08T01:35:52.085+0000: 3585.635: [GC [PSYoungGen: 516012K->2027K(618496K)] 1058141K->545770K(1305472K), 0.0426950 secs] [Times: user=0.16 sys=0.00, real=0.04 secs] 
2014-07-08T01:35:56.969+0000: 3590.519: [GC [PSYoungGen: 618396K->3252K(598016K)] 1162139K->547364K(1284992K), 0.0276010 secs] [Times: user=0.10 sys=0.00, real=0.03 secs] 
2014-07-08T01:36:01.715+0000: 3595.265: [GC [PSYoungGen: 598004K->2291K(576320K)] 1142116K->547442K(1263296K), 0.0266510 secs] [Times: user=0.09 sys=0.00, real=0.02 secs] 
2014-07-08T01:36:06.667+0000: 3600.217: [GC [PSYoungGen: 576307K->1972K(556224K)] 1121458K->547635K(1243200K), 0.0093400 secs] [Times: user=0.02 sys=0.00, real=0.01 secs] 
2014-07-08T01:36:11.260+0000: 3604.811: [GC [PSYoungGen: 556180K->2370K(537792K)] 1101843K->548594K(1224768K), 0.0304790 secs] [Times: user=0.12 sys=0.00, real=0.03 secs] 
2014-07-08T01:36:15.527+0000: 3609.078: [GC [PSYoungGen: 537691K->2910K(520256K)] 1083915K->549670K(1207232K), 0.0341780 secs] [Times: user=0.11 sys=0.00, real=0.03 secs] 
2014-07-08T01:36:19.905+0000: 3613.456: [GC [PSYoungGen: 520222K->2324K(502464K)] 1066982K->549524K(1189440K), 0.0296130 secs] [Times: user=0.11 sys=0.00, real=0.03 secs] 
2014-07-08T01:36:23.232+0000: 3616.782: [GC [PSYoungGen: 502420K->2978K(486656K)] 1049620K->550641K(1173632K), 0.0100540 secs] [Times: user=0.02 sys=0.00, real=0.01 secs] 
2014-07-08T01:36:27.173+0000: 3620.723: [GC [PSYoungGen: 486626K->2064K(470016K)] 1034289K->550216K(1156992K), 0.0386520 secs] [Times: user=0.15 sys=0.00, real=0.04 secs] 
2014-07-08T01:36:30.661+0000: 3624.212: [GC [PSYoungGen: 469922K->1833K(454720K)] 1018073K->550465K(1141696K), 0.0339320 secs] [Times: user=0.12 sys=0.00, real=0.03 secs] 
Heap
 PSYoungGen      total 454720K, used 405891K [0x0000000755560000, 0x000000077f320000, 0x0000000800000000)
  eden space 452864K, 89% used [0x0000000755560000,0x000000076dff64f8,0x0000000770fa0000)
  from space 1856K, 98% used [0x000000077eda0000,0x000000077ef6a710,0x000000077ef70000)
  to   space 3776K, 0% used [0x000000077ef70000,0x000000077ef70000,0x000000077f320000)
 ParOldGen       total 686976K, used 548631K [0x0000000600000000, 0x0000000629ee0000, 0x0000000755560000)
  object space 686976K, 79% used [0x0000000600000000,0x00000006217c5e00,0x0000000629ee0000)
 PSPermGen       total 21248K, used 11300K [0x00000005f5a00000, 0x00000005f6ec0000, 0x0000000600000000)
  object space 21248K, 53% used [0x00000005f5a00000,0x00000005f6509000,0x00000005f6ec0000)
