2014-07-08T01:46:24.186+0000: 24.812: [GC [PSYoungGen: 257728K->42864K(300608K)] 257728K->57771K(987584K), 0.0760880 secs] [Times: user=0.25 sys=0.03, real=0.08 secs] 
2014-07-08T01:46:24.493+0000: 25.119: [GC [PSYoungGen: 300592K->42854K(300608K)] 315499K->64226K(987584K), 0.0595910 secs] [Times: user=0.20 sys=0.03, real=0.06 secs] 
2014-07-08T01:46:26.050+0000: 26.676: [GC [PSYoungGen: 300582K->42864K(300608K)] 321954K->64260K(987584K), 0.0639400 secs] [Times: user=0.25 sys=0.00, real=0.06 secs] 
2014-07-08T01:46:27.520+0000: 28.146: [GC [PSYoungGen: 300592K->42864K(558336K)] 321988K->65164K(1245312K), 0.0464310 secs] [Times: user=0.16 sys=0.02, real=0.04 secs] 
2014-07-08T01:46:30.180+0000: 30.806: [GC [PSYoungGen: 558320K->42864K(558336K)] 580620K->65572K(1245312K), 0.0620860 secs] [Times: user=0.22 sys=0.02, real=0.06 secs] 
2014-07-08T01:46:32.929+0000: 33.555: [GC [PSYoungGen: 558320K->42950K(1088704K)] 581028K->65659K(1775680K), 0.0657650 secs] [Times: user=0.24 sys=0.02, real=0.06 secs] 
2014-07-08T01:46:37.959+0000: 38.585: [GC [PSYoungGen: 1073862K->2258K(1089600K)] 1096571K->65692K(1776576K), 0.1011350 secs] [Times: user=0.33 sys=0.04, real=0.10 secs] 
2014-07-08T01:46:42.501+0000: 43.127: [GC [PSYoungGen: 1033086K->2272K(2124352K)] 1096521K->66026K(2811328K), 0.0125420 secs] [Times: user=0.04 sys=0.00, real=0.01 secs] 
2014-07-08T01:46:50.669+0000: 51.295: [GC [PSYoungGen: 2059744K->2130K(2128704K)] 2123498K->66220K(2815680K), 0.0088380 secs] [Times: user=0.02 sys=0.00, real=0.01 secs] 
2014-07-08T01:46:57.578+0000: 58.204: [GC [PSYoungGen: 2059602K->2084K(2720576K)] 2123692K->66822K(3407552K), 0.0074910 secs] [Times: user=0.03 sys=0.00, real=0.01 secs] 
2014-07-08T01:47:06.770+0000: 67.396: [GC [PSYoungGen: 2649124K->1714K(2648768K)] 2713862K->67348K(3335744K), 0.0527540 secs] [Times: user=0.21 sys=0.00, real=0.06 secs] 
2014-07-08T01:47:15.999+0000: 76.625: [GC [PSYoungGen: 2648754K->1664K(2722112K)] 2714388K->67778K(3409088K), 0.0186740 secs] [Times: user=0.07 sys=0.00, real=0.02 secs] 
2014-07-08T01:47:25.194+0000: 85.820: [GC [PSYoungGen: 2649088K->1668K(2528576K)] 2715202K->68238K(3215552K), 0.0088630 secs] [Times: user=0.02 sys=0.01, real=0.01 secs] 
2014-07-08T01:47:33.898+0000: 94.524: [GC [PSYoungGen: 2528514K->1814K(2414080K)] 2595085K->68848K(3101056K), 0.0099930 secs] [Times: user=0.03 sys=0.00, real=0.01 secs] 
2014-07-08T01:47:41.177+0000: 101.803: [GC [PSYoungGen: 2414038K->1754K(2374400K)] 2481072K->69308K(3061376K), 0.0061340 secs] [Times: user=0.02 sys=0.00, real=0.01 secs] 
2014-07-08T01:47:47.732+0000: 108.358: [GC [PSYoungGen: 2305050K->2202K(2201984K)] 2372604K->70156K(2888960K), 0.0304570 secs] [Times: user=0.10 sys=0.00, real=0.03 secs] 
2014-07-08T01:47:53.719+0000: 114.345: [GC [PSYoungGen: 2201946K->1490K(2167936K)] 2269900K->69876K(2854912K), 0.0098000 secs] [Times: user=0.04 sys=0.00, real=0.01 secs] 
2014-07-08T01:47:59.394+0000: 120.020: [GC [PSYoungGen: 2102802K->1988K(2009792K)] 2171188K->70718K(2696768K), 0.0359200 secs] [Times: user=0.11 sys=0.00, real=0.03 secs] 
2014-07-08T01:48:04.873+0000: 125.499: [GC [PSYoungGen: 2009732K->1330K(1980160K)] 2078462K->70396K(2667136K), 0.0063840 secs] [Times: user=0.03 sys=0.00, real=0.00 secs] 
2014-07-08T01:48:09.640+0000: 130.266: [GC [PSYoungGen: 1920093K->1558K(1835840K)] 1989160K->70864K(2522816K), 0.0157610 secs] [Times: user=0.02 sys=0.01, real=0.02 secs] 
2014-07-08T01:48:14.017+0000: 134.643: [GC [PSYoungGen: 1835798K->1462K(1809728K)] 1905104K->71072K(2496704K), 0.0046620 secs] [Times: user=0.01 sys=0.00, real=0.00 secs] 
2014-07-08T01:48:18.089+0000: 138.715: [GC [PSYoungGen: 1755314K->1526K(1678976K)] 1824925K->71376K(2365952K), 0.0162100 secs] [Times: user=0.04 sys=0.01, real=0.02 secs] 
2014-07-08T01:48:21.845+0000: 142.471: [GC [PSYoungGen: 1678966K->1362K(1655104K)] 1748816K->71508K(2342080K), 0.0071920 secs] [Times: user=0.02 sys=0.00, real=0.01 secs] 
2014-07-08T01:48:25.371+0000: 145.997: [GC [PSYoungGen: 1606162K->1412K(1537152K)] 1676308K->71742K(2224128K), 0.0203970 secs] [Times: user=0.06 sys=0.00, real=0.02 secs] 
2014-07-08T01:48:28.772+0000: 149.398: [GC [PSYoungGen: 1537092K->1362K(1514880K)] 1607422K->71916K(2201856K), 0.0056610 secs] [Times: user=0.02 sys=0.00, real=0.01 secs] 
2014-07-08T01:48:31.800+0000: 152.426: [GC [PSYoungGen: 1471314K->1480K(1408960K)] 1541868K->72266K(2095936K), 0.0179240 secs] [Times: user=0.05 sys=0.00, real=0.02 secs] 
2014-07-08T01:48:34.749+0000: 155.375: [GC [PSYoungGen: 1408904K->1366K(1387776K)] 1479690K->72336K(2074752K), 0.0173780 secs] [Times: user=0.06 sys=0.00, real=0.01 secs] 
2014-07-08T01:48:37.491+0000: 158.117: [GC [PSYoungGen: 1349334K->1522K(1292928K)] 1420304K->72668K(1979904K), 0.0138000 secs] [Times: user=0.04 sys=0.00, real=0.01 secs] 
2014-07-08T01:48:40.058+0000: 160.684: [GC [PSYoungGen: 1292914K->1412K(1272640K)] 1364060K->72902K(1959616K), 0.0224660 secs] [Times: user=0.09 sys=0.00, real=0.02 secs] 
2014-07-08T01:48:42.429+0000: 163.055: [GC [PSYoungGen: 1238980K->1330K(1187712K)] 1310470K->73028K(1874688K), 0.0104770 secs] [Times: user=0.03 sys=0.01, real=0.01 secs] 
2014-07-08T01:48:44.750+0000: 165.376: [GC [PSYoungGen: 1187696K->1426K(1168448K)] 1259395K->73316K(1855424K), 0.0363510 secs] [Times: user=0.13 sys=0.01, real=0.03 secs] 
2014-07-08T01:48:46.668+0000: 167.294: [GC [PSYoungGen: 1139090K->1462K(1092800K)] 1210980K->73576K(1779776K), 0.0107010 secs] [Times: user=0.02 sys=0.00, real=0.01 secs] 
2014-07-08T01:48:48.738+0000: 169.364: [GC [PSYoungGen: 1092790K->1302K(1074112K)] 1164904K->73608K(1761088K), 0.0046250 secs] [Times: user=0.02 sys=0.00, real=0.01 secs] 
2014-07-08T01:48:50.771+0000: 171.397: [GC [PSYoungGen: 1048534K->1238K(1006528K)] 1120840K->73792K(1693504K), 0.0388200 secs] [Times: user=0.12 sys=0.01, real=0.04 secs] 
2014-07-08T01:48:52.744+0000: 173.370: [GC [PSYoungGen: 1006486K->918K(988672K)] 1079040K->73648K(1675648K), 0.0045340 secs] [Times: user=0.01 sys=0.00, real=0.01 secs] 
2014-07-08T01:48:54.501+0000: 175.127: [GC [PSYoungGen: 966162K->662K(927872K)] 1038893K->73528K(1614848K), 0.0078440 secs] [Times: user=0.02 sys=0.01, real=0.00 secs] 
2014-07-08T01:48:56.208+0000: 176.834: [GC [PSYoungGen: 927830K->684K(911488K)] 1000696K->73614K(1598464K), 0.0106200 secs] [Times: user=0.04 sys=0.01, real=0.01 secs] 
2014-07-08T01:48:57.709+0000: 178.335: [GC [PSYoungGen: 891628K->626K(857088K)] 964558K->73676K(1544064K), 0.0282120 secs] [Times: user=0.08 sys=0.00, real=0.03 secs] 
2014-07-08T01:48:59.276+0000: 179.902: [GC [PSYoungGen: 857056K->584K(841472K)] 930106K->73722K(1528448K), 0.0045390 secs] [Times: user=0.01 sys=0.00, real=0.01 secs] 
2014-07-08T01:49:00.649+0000: 181.275: [GC [PSYoungGen: 824136K->672K(1030144K)] 897274K->73898K(1717120K), 0.0389350 secs] [Times: user=0.12 sys=0.00, real=0.04 secs] 
2014-07-08T01:49:02.272+0000: 182.898: [GC [PSYoungGen: 1030112K->356K(1003904K)] 1103338K->73638K(1690880K), 0.0077590 secs] [Times: user=0.01 sys=0.00, real=0.00 secs] 
2014-07-08T01:49:04.016+0000: 184.642: [GC [PSYoungGen: 988644K->552K(949696K)] 1061926K->73914K(1636672K), 0.0058960 secs] [Times: user=0.02 sys=0.00, real=0.01 secs] 
2014-07-08T01:49:05.497+0000: 186.123: [GC [PSYoungGen: 949672K->598K(925440K)] 1023034K->74048K(1612416K), 0.0046100 secs] [Times: user=0.01 sys=0.00, real=0.01 secs] 
2014-07-08T01:49:07.007+0000: 187.633: [GC [PSYoungGen: 912406K->680K(876992K)] 985856K->74210K(1563968K), 0.0068090 secs] [Times: user=0.01 sys=0.00, real=0.01 secs] 
2014-07-08T01:49:08.331+0000: 188.957: [GC [PSYoungGen: 876968K->484K(854208K)] 950498K->74126K(1541184K), 0.0130180 secs] [Times: user=0.05 sys=0.00, real=0.02 secs] 
2014-07-08T01:49:09.790+0000: 190.416: [GC [PSYoungGen: 842916K->452K(810752K)] 916558K->74166K(1497728K), 0.0089090 secs] [Times: user=0.03 sys=0.00, real=0.01 secs] 
2014-07-08T01:49:11.031+0000: 191.657: [GC [PSYoungGen: 810692K->488K(789760K)] 884406K->74274K(1476736K), 0.0104040 secs] [Times: user=0.04 sys=0.00, real=0.01 secs] 
2014-07-08T01:49:12.270+0000: 192.895: [GC [PSYoungGen: 780008K->502K(750784K)] 853794K->74336K(1437760K), 0.0069860 secs] [Times: user=0.01 sys=0.00, real=0.01 secs] 
2014-07-08T01:49:13.508+0000: 194.134: [GC [PSYoungGen: 750774K->722K(731200K)] 824608K->74604K(1418176K), 0.0042340 secs] [Times: user=0.01 sys=0.00, real=0.01 secs] 
2014-07-08T01:49:14.880+0000: 195.506: [GC [PSYoungGen: 723090K->402K(696256K)] 796972K->74316K(1383232K), 0.0071440 secs] [Times: user=0.01 sys=0.01, real=0.01 secs] 
2014-07-08T01:49:15.962+0000: 196.588: [GC [PSYoungGen: 696141K->352K(678080K)] 770056K->74378K(1365056K), 0.0033940 secs] [Times: user=0.01 sys=0.00, real=0.01 secs] 
2014-07-08T01:49:16.999+0000: 197.625: [GC [PSYoungGen: 670816K->612K(646912K)] 744842K->74718K(1333888K), 0.0087060 secs] [Times: user=0.02 sys=0.00, real=0.01 secs] 
2014-07-08T01:49:18.064+0000: 198.690: [GC [PSYoungGen: 646884K->762K(624000K)] 720990K->74956K(1310976K), 0.0099600 secs] [Times: user=0.03 sys=0.00, real=0.01 secs] 
2014-07-08T01:49:19.096+0000: 199.722: [GC [PSYoungGen: 623994K->448K(601664K)] 698188K->74730K(1288640K), 0.0093660 secs] [Times: user=0.04 sys=0.01, real=0.01 secs] 
2014-07-08T01:49:20.106+0000: 200.732: [GC [PSYoungGen: 601660K->456K(585856K)] 675943K->74778K(1272832K), 0.0042070 secs] [Times: user=0.01 sys=0.00, real=0.00 secs] 
2014-07-08T01:49:21.117+0000: 201.743: [GC [PSYoungGen: 580680K->644K(560896K)] 655002K->75022K(1247872K), 0.0131070 secs] [Times: user=0.04 sys=0.00, real=0.01 secs] 
2014-07-08T01:49:22.050+0000: 202.676: [GC [PSYoungGen: 560836K->516K(541632K)] 635214K->74950K(1228608K), 0.0064300 secs] [Times: user=0.02 sys=0.00, real=0.01 secs] 
2014-07-08T01:49:22.961+0000: 203.587: [GC [PSYoungGen: 541572K->434K(523200K)] 616006K->74908K(1210176K), 0.0040340 secs] [Times: user=0.01 sys=0.00, real=0.01 secs] 
2014-07-08T01:49:23.777+0000: 204.403: [GC [PSYoungGen: 523186K->306K(505600K)] 597660K->74828K(1192576K), 0.0053600 secs] [Times: user=0.02 sys=0.00, real=0.00 secs] 
2014-07-08T01:49:24.731+0000: 205.357: [GC [PSYoungGen: 505586K->1152K(489728K)] 580108K->75786K(1176704K), 0.0279480 secs] [Times: user=0.01 sys=0.00, real=0.03 secs] 
2014-07-08T01:49:25.503+0000: 206.129: [GC [PSYoungGen: 489728K->612K(473280K)] 564362K->75318K(1160256K), 0.0060830 secs] [Times: user=0.02 sys=0.00, real=0.01 secs] 
2014-07-08T01:49:26.261+0000: 206.887: [GC [PSYoungGen: 473252K->320K(457728K)] 547958K->75098K(1144704K), 0.0042780 secs] [Times: user=0.01 sys=0.01, real=0.01 secs] 
2014-07-08T01:49:27.032+0000: 207.658: [GC [PSYoungGen: 457726K->370K(443200K)] 532505K->75188K(1130176K), 0.0066620 secs] [Times: user=0.01 sys=0.01, real=0.01 secs] 
2014-07-08T01:49:27.828+0000: 208.454: [GC [PSYoungGen: 443186K->370K(531776K)] 518004K->75260K(1218752K), 0.0128720 secs] [Times: user=0.04 sys=0.00, real=0.01 secs] 
2014-07-08T01:49:28.763+0000: 209.389: [GC [PSYoungGen: 531762K->498K(638208K)] 606652K->75460K(1325184K), 0.0105230 secs] [Times: user=0.03 sys=0.00, real=0.01 secs] 
2014-07-08T01:49:29.879+0000: 210.505: [GC [PSYoungGen: 638184K->534K(615616K)] 713147K->75552K(1302592K), 0.0064970 secs] [Times: user=0.01 sys=0.01, real=0.01 secs] 
2014-07-08T01:49:30.890+0000: 211.516: [GC [PSYoungGen: 615574K->434K(593856K)] 690592K->75508K(1280832K), 0.0048010 secs] [Times: user=0.01 sys=0.00, real=0.01 secs] 
2014-07-08T01:49:31.847+0000: 212.473: [GC [PSYoungGen: 593842K->772K(573568K)] 668916K->75894K(1260544K), 0.0044120 secs] [Times: user=0.01 sys=0.00, real=0.00 secs] 
2014-07-08T01:49:32.749+0000: 213.375: [GC [PSYoungGen: 573508K->552K(553600K)] 648630K->75706K(1240576K), 0.0044700 secs] [Times: user=0.01 sys=0.01, real=0.00 secs] 
2014-07-08T01:49:33.634+0000: 214.260: [GC [PSYoungGen: 553528K->712K(534976K)] 628683K->75898K(1221952K), 0.0118060 secs] [Times: user=0.03 sys=0.01, real=0.02 secs] 
2014-07-08T01:49:34.533+0000: 215.159: [GC [PSYoungGen: 534920K->498K(516736K)] 610106K->75716K(1203712K), 0.0084350 secs] [Times: user=0.03 sys=0.00, real=0.01 secs] 
2014-07-08T01:49:35.352+0000: 215.978: [GC [PSYoungGen: 516720K->730K(499776K)] 591939K->75988K(1186752K), 0.0061800 secs] [Times: user=0.01 sys=0.00, real=0.01 secs] 
2014-07-08T01:49:36.174+0000: 216.800: [GC [PSYoungGen: 499738K->648K(483264K)] 574996K->75994K(1170240K), 0.0059450 secs] [Times: user=0.02 sys=0.00, real=0.01 secs] 
2014-07-08T01:49:36.995+0000: 217.621: [GC [PSYoungGen: 483208K->520K(467456K)] 558554K->75914K(1154432K), 0.0060700 secs] [Times: user=0.01 sys=0.00, real=0.01 secs] 
2014-07-08T01:49:37.772+0000: 218.398: [GC [PSYoungGen: 467395K->256K(452096K)] 542789K->75706K(1139072K), 0.0062940 secs] [Times: user=0.01 sys=0.00, real=0.01 secs] 
2014-07-08T01:49:38.566+0000: 219.192: [GC [PSYoungGen: 452096K->648K(438208K)] 527546K->76146K(1125184K), 0.0049690 secs] [Times: user=0.01 sys=0.00, real=0.00 secs] 
2014-07-08T01:49:39.318+0000: 219.944: [GC [PSYoungGen: 438152K->324K(424128K)] 513650K->75870K(1111104K), 0.0063470 secs] [Times: user=0.03 sys=0.00, real=0.00 secs] 
2014-07-08T01:49:40.147+0000: 220.773: [GC [PSYoungGen: 424067K->384K(411008K)] 499614K->75978K(1097984K), 0.0071370 secs] [Times: user=0.03 sys=0.00, real=0.00 secs] 
2014-07-08T01:49:40.880+0000: 221.506: [GC [PSYoungGen: 411007K->192K(398208K)] 486602K->75858K(1085184K), 0.0031230 secs] [Times: user=0.01 sys=0.00, real=0.00 secs] 
2014-07-08T01:49:41.568+0000: 222.194: [GC [PSYoungGen: 398146K->612K(478272K)] 473813K->76318K(1165248K), 0.0256370 secs] [Times: user=0.09 sys=0.00, real=0.02 secs] 
2014-07-08T01:49:42.455+0000: 223.081: [GC [PSYoungGen: 478244K->448K(573632K)] 553950K->76178K(1260608K), 0.0060080 secs] [Times: user=0.01 sys=0.01, real=0.01 secs] 
2014-07-08T01:49:43.533+0000: 224.159: [GC [PSYoungGen: 573632K->598K(688512K)] 649362K->76376K(1375488K), 0.0051040 secs] [Times: user=0.01 sys=0.00, real=0.01 secs] 
2014-07-08T01:49:44.881+0000: 225.507: [GC [PSYoungGen: 688470K->370K(663296K)] 764248K->76188K(1350272K), 0.0068720 secs] [Times: user=0.02 sys=0.00, real=0.01 secs] 
2014-07-08T01:49:46.113+0000: 226.739: [GC [PSYoungGen: 663282K->274K(639424K)] 739100K->76164K(1326400K), 0.0071180 secs] [Times: user=0.01 sys=0.00, real=0.01 secs] 
2014-07-08T01:49:47.255+0000: 227.881: [GC [PSYoungGen: 639378K->306K(616704K)] 715268K->76268K(1303680K), 0.0106650 secs] [Times: user=0.04 sys=0.00, real=0.01 secs] 
2014-07-08T01:49:48.462+0000: 229.088: [GC [PSYoungGen: 616681K->744K(595456K)] 692644K->76786K(1282432K), 0.0078730 secs] [Times: user=0.01 sys=0.00, real=0.01 secs] 
2014-07-08T01:49:49.689+0000: 230.315: [GC [PSYoungGen: 595432K->594K(574592K)] 671474K->76708K(1261568K), 0.0105790 secs] [Times: user=0.04 sys=0.01, real=0.01 secs] 
2014-07-08T01:49:50.769+0000: 231.395: [GC [PSYoungGen: 574546K->448K(554624K)] 650660K->76642K(1241600K), 0.0048350 secs] [Times: user=0.01 sys=0.00, real=0.00 secs] 
2014-07-08T01:49:51.812+0000: 232.438: [GC [PSYoungGen: 554614K->438K(535744K)] 630808K->76672K(1222720K), 0.0062000 secs] [Times: user=0.01 sys=0.00, real=0.01 secs] 
2014-07-08T01:49:52.830+0000: 233.456: [GC [PSYoungGen: 535734K->416K(517696K)] 611968K->76690K(1204672K), 0.0064850 secs] [Times: user=0.01 sys=0.00, real=0.00 secs] 
2014-07-08T01:49:53.857+0000: 234.483: [GC [PSYoungGen: 517570K->452K(500544K)] 593844K->76758K(1187520K), 0.0059250 secs] [Times: user=0.02 sys=0.00, real=0.01 secs] 
2014-07-08T01:49:54.808+0000: 235.434: [GC [PSYoungGen: 500484K->516K(484160K)] 576790K->76854K(1171136K), 0.0038380 secs] [Times: user=0.01 sys=0.00, real=0.01 secs] 
2014-07-08T01:49:55.685+0000: 236.311: [GC [PSYoungGen: 484100K->740K(468608K)] 560438K->77126K(1155584K), 0.0043760 secs] [Times: user=0.01 sys=0.00, real=0.01 secs] 
2014-07-08T01:49:56.562+0000: 237.188: [GC [PSYoungGen: 468580K->562K(453376K)] 544966K->76996K(1140352K), 0.0054930 secs] [Times: user=0.01 sys=0.00, real=0.00 secs] 
2014-07-08T01:49:57.385+0000: 238.011: [GC [PSYoungGen: 453362K->256K(438656K)] 529796K->76746K(1125632K), 0.0067140 secs] [Times: user=0.02 sys=0.01, real=0.01 secs] 
2014-07-08T01:49:58.196+0000: 238.822: [GC [PSYoungGen: 438656K->306K(424960K)] 515146K->76860K(1111936K), 0.0032210 secs] [Times: user=0.01 sys=0.00, real=0.00 secs] 
2014-07-08T01:49:59.050+0000: 239.676: [GC [PSYoungGen: 424946K->256K(411712K)] 501500K->76842K(1098688K), 0.0059580 secs] [Times: user=0.01 sys=0.00, real=0.00 secs] 
2014-07-08T01:49:59.932+0000: 240.558: [GC [PSYoungGen: 411712K->512K(399360K)] 488298K->77170K(1086336K), 0.0086610 secs] [Times: user=0.02 sys=0.00, real=0.01 secs] 
2014-07-08T01:50:00.682+0000: 241.308: [GC [PSYoungGen: 399360K->530K(387328K)] 476018K->77260K(1074304K), 0.0123650 secs] [Times: user=0.04 sys=0.00, real=0.01 secs] 
2014-07-08T01:50:01.339+0000: 241.965: [GC [PSYoungGen: 387282K->306K(464448K)] 464012K->77060K(1151424K), 0.0092690 secs] [Times: user=0.03 sys=0.00, real=0.01 secs] 
2014-07-08T01:50:02.209+0000: 242.835: [GC [PSYoungGen: 464434K->256K(557248K)] 541188K->77050K(1244224K), 0.0091210 secs] [Times: user=0.03 sys=0.00, real=0.01 secs] 
2014-07-08T01:50:03.256+0000: 243.882: [GC [PSYoungGen: 557248K->306K(538304K)] 634042K->77132K(1225280K), 0.0068860 secs] [Times: user=0.02 sys=0.00, real=0.01 secs] 
2014-07-08T01:50:04.310+0000: 244.936: [GC [PSYoungGen: 538290K->224K(520064K)] 615116K->77082K(1207040K), 0.0036920 secs] [Times: user=0.01 sys=0.00, real=0.00 secs] 
2014-07-08T01:50:05.373+0000: 245.999: [GC [PSYoungGen: 520032K->520K(503040K)] 596890K->77434K(1190016K), 0.0108320 secs] [Times: user=0.04 sys=0.00, real=0.01 secs] 
2014-07-08T01:50:06.288+0000: 246.914: [GC [PSYoungGen: 502984K->288K(603328K)] 579898K->77298K(1290304K), 0.0171460 secs] [Times: user=0.05 sys=0.00, real=0.02 secs] 
2014-07-08T01:50:07.512+0000: 248.138: [GC [PSYoungGen: 603296K->288K(582208K)] 680306K->77354K(1269184K), 0.0076630 secs] [Times: user=0.03 sys=0.00, real=0.00 secs] 
2014-07-08T01:50:08.656+0000: 249.282: [GC [PSYoungGen: 582176K->826K(562560K)] 659242K->78020K(1249536K), 0.0042140 secs] [Times: user=0.01 sys=0.00, real=0.00 secs] 
2014-07-08T01:50:09.695+0000: 250.321: [GC [PSYoungGen: 562554K->530K(543104K)] 639748K->77772K(1230080K), 0.0109340 secs] [Times: user=0.04 sys=0.01, real=0.01 secs] 
2014-07-08T01:50:10.729+0000: 251.355: [GC [PSYoungGen: 543058K->498K(651584K)] 620300K->77796K(1338560K), 0.0200020 secs] [Times: user=0.07 sys=0.01, real=0.02 secs] 
2014-07-08T01:50:11.975+0000: 252.601: [GC [PSYoungGen: 651570K->192K(627968K)] 728868K->77538K(1314944K), 0.0051750 secs] [Times: user=0.01 sys=0.00, real=0.00 secs] 
2014-07-08T01:50:13.143+0000: 253.769: [GC [PSYoungGen: 627968K->242K(605824K)] 705314K->77644K(1292800K), 0.0080250 secs] [Times: user=0.03 sys=0.00, real=0.01 secs] 
2014-07-08T01:50:14.290+0000: 254.916: [GC [PSYoungGen: 605810K->192K(584576K)] 683212K->77626K(1271552K), 0.0105780 secs] [Times: user=0.04 sys=0.00, real=0.01 secs] 
2014-07-08T01:50:15.452+0000: 256.078: [GC [PSYoungGen: 584576K->466K(564672K)] 662010K->77940K(1251648K), 0.0063960 secs] [Times: user=0.01 sys=0.00, real=0.01 secs] 
2014-07-08T01:50:16.530+0000: 257.156: [GC [PSYoungGen: 564626K->516K(677568K)] 642100K->78078K(1364544K), 0.0250830 secs] [Times: user=0.08 sys=0.00, real=0.03 secs] 
2014-07-08T01:50:17.870+0000: 258.496: [GC [PSYoungGen: 677508K->466K(652992K)] 755070K->78084K(1339968K), 0.0049160 secs] [Times: user=0.01 sys=0.00, real=0.01 secs] 
2014-07-08T01:50:19.131+0000: 259.757: [GC [PSYoungGen: 652867K->502K(629632K)] 730486K->78256K(1316608K), 0.0141740 secs] [Times: user=0.05 sys=0.00, real=0.02 secs] 
2014-07-08T01:50:20.295+0000: 260.921: [GC [PSYoungGen: 629618K->306K(607168K)] 707373K->78124K(1294144K), 0.0037690 secs] [Times: user=0.01 sys=0.00, real=0.00 secs] 
2014-07-08T01:50:21.412+0000: 262.038: [GC [PSYoungGen: 607154K->256K(585856K)] 684972K->78106K(1272832K), 0.0059980 secs] [Times: user=0.01 sys=0.00, real=0.01 secs] 
2014-07-08T01:50:22.569+0000: 263.195: [GC [PSYoungGen: 585826K->530K(565888K)] 663677K->78420K(1252864K), 0.0040730 secs] [Times: user=0.02 sys=0.00, real=0.01 secs] 
2014-07-08T01:50:23.718+0000: 264.344: [GC [PSYoungGen: 565842K->352K(546304K)] 643732K->78282K(1233280K), 0.0046250 secs] [Times: user=0.00 sys=0.00, real=0.00 secs] 
2014-07-08T01:50:24.729+0000: 265.355: [GC [PSYoungGen: 546213K->580K(528064K)] 624144K->78550K(1215040K), 0.0056840 secs] [Times: user=0.01 sys=0.00, real=0.01 secs] 
2014-07-08T01:50:25.723+0000: 266.349: [GC [PSYoungGen: 528004K->548K(510336K)] 605974K->78558K(1197312K), 0.0181890 secs] [Times: user=0.06 sys=0.01, real=0.01 secs] 
2014-07-08T01:50:26.714+0000: 267.340: [GC [PSYoungGen: 510308K->562K(493440K)] 588318K->78636K(1180416K), 0.0051440 secs] [Times: user=0.01 sys=0.00, real=0.01 secs] 
2014-07-08T01:50:27.648+0000: 268.274: [GC [PSYoungGen: 493396K->512K(477248K)] 571471K->78666K(1164224K), 0.0049330 secs] [Times: user=0.01 sys=0.00, real=0.00 secs] 
2014-07-08T01:50:28.580+0000: 269.206: [GC [PSYoungGen: 477248K->594K(461952K)] 555402K->78820K(1148928K), 0.0063820 secs] [Times: user=0.01 sys=0.00, real=0.01 secs] 
2014-07-08T01:50:29.450+0000: 270.076: [GC [PSYoungGen: 461904K->438K(554048K)] 540131K->78720K(1241024K), 0.0267460 secs] [Times: user=0.10 sys=0.00, real=0.03 secs] 
2014-07-08T01:50:30.544+0000: 271.170: [GC [PSYoungGen: 554038K->580K(664960K)] 632320K->78934K(1351936K), 0.0057470 secs] [Times: user=0.02 sys=0.00, real=0.01 secs] 
2014-07-08T01:50:31.877+0000: 272.503: [GC [PSYoungGen: 664900K->498K(640960K)] 743254K->78900K(1327936K), 0.0063180 secs] [Times: user=0.01 sys=0.00, real=0.00 secs] 
2014-07-08T01:50:33.093+0000: 273.719: [GC [PSYoungGen: 640909K->224K(617920K)] 719312K->78690K(1304896K), 0.0030190 secs] [Times: user=0.01 sys=0.00, real=0.01 secs] 
2014-07-08T01:50:34.217+0000: 274.843: [GC [PSYoungGen: 617888K->160K(596096K)] 696354K->78658K(1283072K), 0.0049610 secs] [Times: user=0.01 sys=0.00, real=0.00 secs] 
2014-07-08T01:50:35.401+0000: 276.027: [GC [PSYoungGen: 596064K->384K(575552K)] 674562K->78914K(1262528K), 0.0074910 secs] [Times: user=0.02 sys=0.00, real=0.01 secs] 
2014-07-08T01:50:36.489+0000: 277.115: [GC [PSYoungGen: 575552K->576K(555904K)] 654082K->79202K(1242880K), 0.0073710 secs] [Times: user=0.02 sys=0.00, real=0.01 secs] 
2014-07-08T01:50:37.635+0000: 278.261: [GC [PSYoungGen: 555904K->644K(537088K)] 634530K->79326K(1224064K), 0.0153960 secs] [Times: user=0.05 sys=0.00, real=0.01 secs] 
2014-07-08T01:50:38.688+0000: 279.314: [GC [PSYoungGen: 537028K->420K(518720K)] 615710K->79406K(1205696K), 0.0052190 secs] [Times: user=0.01 sys=0.00, real=0.00 secs] 
2014-07-08T01:50:39.646+0000: 280.272: [GC [PSYoungGen: 518692K->416K(501440K)] 597678K->79458K(1188416K), 0.0038800 secs] [Times: user=0.01 sys=0.00, real=0.00 secs] 
2014-07-08T01:50:40.629+0000: 281.255: [GC [PSYoungGen: 501408K->722K(485248K)] 580450K->79868K(1172224K), 0.0065330 secs] [Times: user=0.01 sys=0.00, real=0.00 secs] 
2014-07-08T01:50:41.554+0000: 282.180: [GC [PSYoungGen: 485151K->612K(469312K)] 564298K->79806K(1156288K), 0.0137840 secs] [Times: user=0.04 sys=0.01, real=0.02 secs] 
2014-07-08T01:50:42.412+0000: 283.038: [GC [PSYoungGen: 469284K->224K(453824K)] 548478K->79466K(1140800K), 0.0043700 secs] [Times: user=0.01 sys=0.00, real=0.01 secs] 
2014-07-08T01:50:43.277+0000: 283.903: [GC [PSYoungGen: 453792K->338K(439552K)] 533034K->79620K(1126528K), 0.0080560 secs] [Times: user=0.03 sys=0.00, real=0.00 secs] 
2014-07-08T01:50:44.168+0000: 284.793: [GC [PSYoungGen: 439425K->342K(425728K)] 518708K->79656K(1112704K), 0.0034620 secs] [Times: user=0.01 sys=0.00, real=0.00 secs] 
2014-07-08T01:50:45.059+0000: 285.685: [GC [PSYoungGen: 425686K->288K(412480K)] 505000K->79634K(1099456K), 0.0088510 secs] [Times: user=0.04 sys=0.00, real=0.01 secs] 
2014-07-08T01:50:45.892+0000: 286.518: [GC [PSYoungGen: 412448K->288K(399808K)] 491794K->79714K(1086784K), 0.0060140 secs] [Times: user=0.01 sys=0.00, real=0.01 secs] 
2014-07-08T01:50:46.618+0000: 287.244: [GC [PSYoungGen: 399776K->722K(388160K)] 479202K->80228K(1075136K), 0.0067220 secs] [Times: user=0.01 sys=0.00, real=0.00 secs] 
2014-07-08T01:50:47.311+0000: 287.937: [GC [PSYoungGen: 388114K->370K(376192K)] 467620K->79940K(1063168K), 0.0084640 secs] [Times: user=0.03 sys=0.00, real=0.01 secs] 
2014-07-08T01:50:48.091+0000: 288.717: [GC [PSYoungGen: 376178K->370K(365056K)] 455748K->79988K(1052032K), 0.0042620 secs] [Times: user=0.01 sys=0.00, real=0.00 secs] 
2014-07-08T01:50:48.881+0000: 289.507: [GC [PSYoungGen: 365035K->452K(354560K)] 444654K->80134K(1041536K), 0.0043350 secs] [Times: user=0.01 sys=0.00, real=0.00 secs] 
2014-07-08T01:50:49.514+0000: 290.140: [GC [PSYoungGen: 354500K->562K(344384K)] 434182K->80316K(1031360K), 0.0068760 secs] [Times: user=0.01 sys=0.00, real=0.01 secs] 
2014-07-08T01:50:50.237+0000: 290.863: [GC [PSYoungGen: 344370K->256K(334272K)] 424124K->80026K(1021248K), 0.0053390 secs] [Times: user=0.01 sys=0.00, real=0.00 secs] 
2014-07-08T01:50:50.879+0000: 291.505: [GC [PSYoungGen: 334272K->370K(324992K)] 414042K->80180K(1011968K), 0.0060400 secs] [Times: user=0.01 sys=0.00, real=0.00 secs] 
2014-07-08T01:50:51.446+0000: 292.072: [GC [PSYoungGen: 324978K->452K(316096K)] 404788K->80286K(1003072K), 0.0035970 secs] [Times: user=0.01 sys=0.00, real=0.01 secs] 
2014-07-08T01:50:52.116+0000: 292.742: [GC [PSYoungGen: 315986K->320K(307264K)] 395821K->80170K(994240K), 0.0051060 secs] [Times: user=0.01 sys=0.00, real=0.01 secs] 
2014-07-08T01:50:52.763+0000: 293.389: [GC [PSYoungGen: 307264K->516K(368960K)] 387114K->80406K(1055936K), 0.0372840 secs] [Times: user=0.12 sys=0.00, real=0.04 secs] 
2014-07-08T01:50:53.450+0000: 294.076: [GC [PSYoungGen: 368893K->338K(442496K)] 448784K->80252K(1129472K), 0.0031400 secs] [Times: user=0.01 sys=0.00, real=0.00 secs] 
2014-07-08T01:50:54.256+0000: 294.882: [GC [PSYoungGen: 442450K->256K(530816K)] 522364K->80202K(1217792K), 0.0061350 secs] [Times: user=0.01 sys=0.00, real=0.01 secs] 
2014-07-08T01:50:55.238+0000: 295.864: [GC [PSYoungGen: 530725K->356K(637056K)] 610672K->80326K(1324032K), 0.0078230 secs] [Times: user=0.02 sys=0.00, real=0.00 secs] 
2014-07-08T01:50:56.546+0000: 297.172: [GC [PSYoungGen: 637028K->672K(614720K)] 716998K->80714K(1301696K), 0.0034300 secs] [Times: user=0.01 sys=0.00, real=0.01 secs] 
2014-07-08T01:50:57.806+0000: 298.432: [GC [PSYoungGen: 614636K->644K(593152K)] 694679K->80782K(1280128K), 0.0039620 secs] [Times: user=0.01 sys=0.00, real=0.01 secs] 
2014-07-08T01:50:58.898+0000: 299.524: [GC [PSYoungGen: 593092K->306K(572160K)] 673230K->80564K(1259136K), 0.0030370 secs] [Times: user=0.01 sys=0.00, real=0.01 secs] 
2014-07-08T01:50:59.988+0000: 300.614: [GC [PSYoungGen: 572146K->288K(686528K)] 652404K->80586K(1373504K), 0.0479860 secs] [Times: user=0.17 sys=0.00, real=0.05 secs] 
2014-07-08T01:51:01.327+0000: 301.953: [GC [PSYoungGen: 686496K->224K(823744K)] 766794K->80554K(1510720K), 0.0054310 secs] [Times: user=0.00 sys=0.00, real=0.01 secs] 
2014-07-08T01:51:02.963+0000: 303.589: [GC [PSYoungGen: 823647K->288K(988544K)] 903978K->80690K(1675520K), 0.0099060 secs] [Times: user=0.03 sys=0.00, real=0.01 secs] 
2014-07-08T01:51:04.909+0000: 305.535: [GC [PSYoungGen: 988512K->352K(949440K)] 1068914K->80818K(1636416K), 0.0047300 secs] [Times: user=0.01 sys=0.00, real=0.00 secs] 
2014-07-08T01:51:06.766+0000: 307.392: [GC [PSYoungGen: 949408K->608K(912384K)] 1029874K->81170K(1599360K), 0.0228710 secs] [Times: user=0.09 sys=0.00, real=0.02 secs] 
2014-07-08T01:51:08.452+0000: 309.078: [GC [PSYoungGen: 912352K->566K(876800K)] 992914K->81280K(1563776K), 0.0040840 secs] [Times: user=0.01 sys=0.00, real=0.00 secs] 
2014-07-08T01:51:10.250+0000: 310.876: [GC [PSYoungGen: 876790K->306K(842752K)] 957504K->81108K(1529728K), 0.0112540 secs] [Times: user=0.04 sys=0.00, real=0.01 secs] 
2014-07-08T01:51:11.880+0000: 312.506: [GC [PSYoungGen: 842738K->534K(810816K)] 923540K->81448K(1497792K), 0.0044510 secs] [Times: user=0.02 sys=0.00, real=0.01 secs] 
2014-07-08T01:51:13.370+0000: 313.996: [GC [PSYoungGen: 810773K->402K(779968K)] 891688K->81388K(1466944K), 0.0158620 secs] [Times: user=0.05 sys=0.01, real=0.02 secs] 
2014-07-08T01:51:14.987+0000: 315.613: [GC [PSYoungGen: 779922K->420K(750720K)] 860908K->81438K(1437696K), 0.0040930 secs] [Times: user=0.01 sys=0.00, real=0.01 secs] 
2014-07-08T01:51:16.326+0000: 316.952: [GC [PSYoungGen: 750692K->352K(722752K)] 831710K->81482K(1409728K), 0.0030090 secs] [Times: user=0.01 sys=0.00, real=0.00 secs] 
2014-07-08T01:51:17.748+0000: 318.374: [GC [PSYoungGen: 722720K->512K(696320K)] 803850K->81706K(1383296K), 0.0051590 secs] [Times: user=0.02 sys=0.00, real=0.01 secs] 
2014-07-08T01:51:19.105+0000: 319.731: [GC [PSYoungGen: 696320K->544K(671040K)] 777514K->81850K(1358016K), 0.0049440 secs] [Times: user=0.02 sys=0.00, real=0.00 secs] 
2014-07-08T01:51:20.327+0000: 320.953: [GC [PSYoungGen: 671008K->288K(646592K)] 752314K->81682K(1333568K), 0.0164230 secs] [Times: user=0.06 sys=0.00, real=0.02 secs] 
2014-07-08T01:51:21.705+0000: 322.331: [GC [PSYoungGen: 646478K->662K(623936K)] 727873K->82104K(1310912K), 0.0065220 secs] [Times: user=0.01 sys=0.00, real=0.01 secs] 
2014-07-08T01:51:22.919+0000: 323.545: [GC [PSYoungGen: 623894K->370K(601600K)] 705336K->81884K(1288576K), 0.0044800 secs] [Times: user=0.02 sys=0.00, real=0.01 secs] 
2014-07-08T01:51:24.025+0000: 324.651: [GC [PSYoungGen: 601586K->338K(580608K)] 683100K->81924K(1267584K), 0.0030130 secs] [Times: user=0.01 sys=0.00, real=0.00 secs] 
2014-07-08T01:51:25.155+0000: 325.781: [GC [PSYoungGen: 580562K->288K(560512K)] 662148K->81898K(1247488K), 0.0041480 secs] [Times: user=0.01 sys=0.00, real=0.00 secs] 
2014-07-08T01:51:26.269+0000: 326.895: [GC [PSYoungGen: 560480K->256K(541312K)] 642090K->81946K(1228288K), 0.0098610 secs] [Times: user=0.04 sys=0.00, real=0.01 secs] 
2014-07-08T01:51:27.325+0000: 327.951: [GC [PSYoungGen: 541312K->416K(649728K)] 623002K->82202K(1336704K), 0.0349390 secs] [Times: user=0.13 sys=0.00, real=0.03 secs] 
2014-07-08T01:51:28.571+0000: 329.197: [GC [PSYoungGen: 649647K->644K(779840K)] 731434K->82494K(1466816K), 0.0070890 secs] [Times: user=0.01 sys=0.00, real=0.01 secs] 
2014-07-08T01:51:30.129+0000: 330.755: [GC [PSYoungGen: 779779K->352K(750272K)] 861629K->82258K(1437248K), 0.0042430 secs] [Times: user=0.01 sys=0.00, real=0.01 secs] 
2014-07-08T01:51:31.535+0000: 332.161: [GC [PSYoungGen: 750185K->598K(722624K)] 832091K->82592K(1409600K), 0.0068300 secs] [Times: user=0.01 sys=0.00, real=0.00 secs] 
2014-07-08T01:51:32.928+0000: 333.554: [GC [PSYoungGen: 722582K->370K(695808K)] 804576K->82420K(1382784K), 0.0145890 secs] [Times: user=0.05 sys=0.00, real=0.01 secs] 
2014-07-08T01:51:34.210+0000: 334.836: [GC [PSYoungGen: 695793K->292K(670400K)] 777844K->82382K(1357376K), 0.0073390 secs] [Times: user=0.01 sys=0.00, real=0.01 secs] 
2014-07-08T01:51:35.626+0000: 336.252: [GC [PSYoungGen: 670372K->740K(646656K)] 752462K->82886K(1333632K), 0.0069830 secs] [Times: user=0.01 sys=0.01, real=0.00 secs] 
2014-07-08T01:51:36.997+0000: 337.623: [GC [PSYoungGen: 646628K->594K(623488K)] 728774K->82868K(1310464K), 0.0199710 secs] [Times: user=0.07 sys=0.01, real=0.02 secs] 
2014-07-08T01:51:38.123+0000: 338.749: [GC [PSYoungGen: 623442K->224K(601088K)] 705716K->82634K(1288064K), 0.0060700 secs] [Times: user=0.01 sys=0.00, real=0.01 secs] 
2014-07-08T01:51:39.282+0000: 339.908: [GC [PSYoungGen: 601056K->356K(580224K)] 683466K->82814K(1267200K), 0.0041390 secs] [Times: user=0.01 sys=0.00, real=0.01 secs] 
2014-07-08T01:51:40.401+0000: 341.027: [GC [PSYoungGen: 580196K->448K(560256K)] 662654K->82978K(1247232K), 0.0083060 secs] [Times: user=0.03 sys=0.00, real=0.01 secs] 
2014-07-08T01:51:41.558+0000: 342.184: [GC [PSYoungGen: 560253K->566K(672384K)] 642784K->83152K(1359360K), 0.0345940 secs] [Times: user=0.12 sys=0.01, real=0.03 secs] 
2014-07-08T01:51:42.865+0000: 343.491: [GC [PSYoungGen: 672366K->320K(806528K)] 754953K->82962K(1493504K), 0.0089740 secs] [Times: user=0.02 sys=0.00, real=0.00 secs] 
2014-07-08T01:51:44.336+0000: 344.962: [GC [PSYoungGen: 806528K->352K(776064K)] 889170K->83042K(1463040K), 0.0043270 secs] [Times: user=0.01 sys=0.00, real=0.00 secs] 
2014-07-08T01:51:45.942+0000: 346.568: [GC [PSYoungGen: 776032K->434K(931264K)] 858722K->83156K(1618240K), 0.0294280 secs] [Times: user=0.09 sys=0.00, real=0.03 secs] 
2014-07-08T01:51:47.760+0000: 348.386: [GC [PSYoungGen: 931250K->762K(895168K)] 1013972K->83644K(1582144K), 0.0076840 secs] [Times: user=0.01 sys=0.00, real=0.01 secs] 
2014-07-08T01:51:49.480+0000: 350.106: [GC [PSYoungGen: 895162K->370K(860096K)] 978044K->83388K(1547072K), 0.0063630 secs] [Times: user=0.02 sys=0.00, real=0.01 secs] 
2014-07-08T01:51:51.206+0000: 351.832: [GC [PSYoungGen: 860082K->854K(827584K)] 943100K->83936K(1514560K), 0.0063170 secs] [Times: user=0.01 sys=0.00, real=0.01 secs] 
2014-07-08T01:51:52.842+0000: 353.468: [GC [PSYoungGen: 827542K->566K(795776K)] 910624K->83864K(1482752K), 0.0066430 secs] [Times: user=0.01 sys=0.00, real=0.01 secs] 
2014-07-08T01:51:54.265+0000: 354.891: [GC [PSYoungGen: 795766K->420K(765632K)] 879064K->83782K(1452608K), 0.0066850 secs] [Times: user=0.02 sys=0.00, real=0.01 secs] 
2014-07-08T01:51:55.889+0000: 356.515: [GC [PSYoungGen: 765604K->498K(737088K)] 848966K->83908K(1424064K), 0.0046170 secs] [Times: user=0.01 sys=0.00, real=0.00 secs] 
2014-07-08T01:51:57.281+0000: 357.907: [GC [PSYoungGen: 737074K->452K(709824K)] 820484K->84006K(1396800K), 0.0118480 secs] [Times: user=0.04 sys=0.00, real=0.01 secs] 
2014-07-08T01:51:58.631+0000: 359.257: [GC [PSYoungGen: 709760K->616K(683968K)] 793315K->84250K(1370944K), 0.0123340 secs] [Times: user=0.05 sys=0.00, real=0.01 secs] 
2014-07-08T01:52:00.015+0000: 360.641: [GC [PSYoungGen: 683944K->320K(658880K)] 767578K->84026K(1345856K), 0.0039130 secs] [Times: user=0.01 sys=0.00, real=0.01 secs] 
2014-07-08T01:52:01.357+0000: 361.983: [GC [PSYoungGen: 658880K->352K(790656K)] 742586K->84146K(1477632K), 0.0354470 secs] [Times: user=0.12 sys=0.00, real=0.04 secs] 
2014-07-08T01:52:02.882+0000: 363.508: [GC [PSYoungGen: 790598K->502K(761024K)] 874393K->84376K(1448000K), 0.0043920 secs] [Times: user=0.01 sys=0.00, real=0.00 secs] 
2014-07-08T01:52:04.279+0000: 364.905: [GC [PSYoungGen: 761014K->434K(732608K)] 844888K->84380K(1419584K), 0.0133220 secs] [Times: user=0.05 sys=0.01, real=0.01 secs] 
2014-07-08T01:52:05.822+0000: 366.448: [GC [PSYoungGen: 732594K->626K(705728K)] 816540K->84604K(1392704K), 0.0067460 secs] [Times: user=0.01 sys=0.00, real=0.01 secs] 
2014-07-08T01:52:07.149+0000: 367.775: [GC [PSYoungGen: 705714K->256K(679552K)] 789692K->84354K(1366528K), 0.0041590 secs] [Times: user=0.01 sys=0.00, real=0.00 secs] 
2014-07-08T01:52:08.401+0000: 369.027: [GC [PSYoungGen: 679552K->402K(815616K)] 763650K->84580K(1502592K), 0.0335560 secs] [Times: user=0.12 sys=0.00, real=0.03 secs] 
2014-07-08T01:52:10.105+0000: 370.731: [GC [PSYoungGen: 815499K->320K(784576K)] 899678K->84562K(1471552K), 0.0041310 secs] [Times: user=0.01 sys=0.00, real=0.01 secs] 
2014-07-08T01:52:11.617+0000: 372.243: [GC [PSYoungGen: 784576K->612K(755392K)] 868818K->84974K(1442368K), 0.0076300 secs] [Times: user=0.01 sys=0.00, real=0.01 secs] 
2014-07-08T01:52:13.058+0000: 373.684: [GC [PSYoungGen: 755348K->420K(727104K)] 839711K->84854K(1414080K), 0.0070730 secs] [Times: user=0.03 sys=0.00, real=0.01 secs] 
2014-07-08T01:52:14.433+0000: 375.059: [GC [PSYoungGen: 727073K->416K(700288K)] 811508K->84914K(1387264K), 0.0055990 secs] [Times: user=0.02 sys=0.00, real=0.00 secs] 
2014-07-08T01:52:15.846+0000: 376.472: [GC [PSYoungGen: 700182K->548K(674880K)] 784680K->85086K(1361856K), 0.0036590 secs] [Times: user=0.01 sys=0.00, real=0.00 secs] 
2014-07-08T01:52:17.178+0000: 377.804: [GC [PSYoungGen: 674851K->548K(650496K)] 759390K->85214K(1337472K), 0.0071280 secs] [Times: user=0.01 sys=0.00, real=0.01 secs] 
2014-07-08T01:52:18.388+0000: 379.014: [GC [PSYoungGen: 650468K->320K(627008K)] 735134K->85098K(1313984K), 0.0147650 secs] [Times: user=0.05 sys=0.00, real=0.02 secs] 
2014-07-08T01:52:19.616+0000: 380.242: [GC [PSYoungGen: 626941K->612K(605184K)] 711719K->85446K(1292160K), 0.0062050 secs] [Times: user=0.01 sys=0.00, real=0.01 secs] 
2014-07-08T01:52:20.863+0000: 381.489: [GC [PSYoungGen: 605156K->516K(583936K)] 689990K->85414K(1270912K), 0.0046510 secs] [Times: user=0.01 sys=0.00, real=0.00 secs] 
2014-07-08T01:52:21.957+0000: 382.583: [GC [PSYoungGen: 583876K->256K(563392K)] 668774K->85234K(1250368K), 0.0046690 secs] [Times: user=0.01 sys=0.00, real=0.01 secs] 
2014-07-08T01:52:23.022+0000: 383.648: [GC [PSYoungGen: 563315K->388K(544320K)] 648294K->85422K(1231296K), 0.0226010 secs] [Times: user=0.07 sys=0.00, real=0.02 secs] 
2014-07-08T01:52:24.120+0000: 384.746: [GC [PSYoungGen: 544260K->502K(653184K)] 629294K->85576K(1340160K), 0.0283410 secs] [Times: user=0.10 sys=0.00, real=0.03 secs] 
2014-07-08T01:52:25.333+0000: 385.959: [GC [PSYoungGen: 653174K->402K(783680K)] 738248K->85524K(1470656K), 0.0038550 secs] [Times: user=0.01 sys=0.00, real=0.00 secs] 
2014-07-08T01:52:26.877+0000: 387.503: [GC [PSYoungGen: 783577K->384K(754176K)] 868700K->85578K(1441152K), 0.0029820 secs] [Times: user=0.01 sys=0.00, real=0.00 secs] 
2014-07-08T01:52:28.351+0000: 388.977: [GC [PSYoungGen: 754176K->438K(905024K)] 839370K->85736K(1592000K), 0.0337130 secs] [Times: user=0.11 sys=0.00, real=0.04 secs] 
2014-07-08T01:52:30.126+0000: 390.752: [GC [PSYoungGen: 905014K->388K(869888K)] 990312K->85790K(1556864K), 0.0071950 secs] [Times: user=0.03 sys=0.00, real=0.01 secs] 
2014-07-08T01:52:31.863+0000: 392.489: [GC [PSYoungGen: 869828K->224K(836224K)] 955230K->85698K(1523200K), 0.0045230 secs] [Times: user=0.01 sys=0.00, real=0.00 secs] 
2014-07-08T01:52:33.450+0000: 394.076: [GC [PSYoungGen: 836114K->352K(804416K)] 921588K->85898K(1491392K), 0.0036870 secs] [Times: user=0.01 sys=0.00, real=0.01 secs] 
2014-07-08T01:52:35.057+0000: 395.683: [GC [PSYoungGen: 804384K->438K(774080K)] 889930K->86032K(1461056K), 0.0045430 secs] [Times: user=0.01 sys=0.00, real=0.00 secs] 
2014-07-08T01:52:36.571+0000: 397.197: [GC [PSYoungGen: 774070K->530K(745216K)] 859664K->86220K(1432192K), 0.0039690 secs] [Times: user=0.01 sys=0.00, real=0.01 secs] 
2014-07-08T01:52:38.048+0000: 398.674: [GC [PSYoungGen: 745170K->320K(717312K)] 830860K->86098K(1404288K), 0.0040730 secs] [Times: user=0.01 sys=0.00, real=0.00 secs] 
2014-07-08T01:52:39.412+0000: 400.038: [GC [PSYoungGen: 717312K->338K(691008K)] 803090K->86204K(1377984K), 0.0133900 secs] [Times: user=0.04 sys=0.00, real=0.02 secs] 
2014-07-08T01:52:40.891+0000: 401.517: [GC [PSYoungGen: 690960K->466K(666048K)] 776827K->86396K(1353024K), 0.0067100 secs] [Times: user=0.02 sys=0.00, real=0.01 secs] 
2014-07-08T01:52:42.191+0000: 402.817: [GC [PSYoungGen: 666002K->256K(641856K)] 751932K->86282K(1328832K), 0.0093460 secs] [Times: user=0.03 sys=0.00, real=0.01 secs] 
2014-07-08T01:52:43.365+0000: 403.991: [GC [PSYoungGen: 641856K->274K(619072K)] 727882K->86348K(1306048K), 0.0032110 secs] [Times: user=0.00 sys=0.01, real=0.00 secs] 
2014-07-08T01:52:44.645+0000: 405.271: [GC [PSYoungGen: 619026K->566K(597504K)] 705100K->86664K(1284480K), 0.0044000 secs] [Times: user=0.01 sys=0.01, real=0.00 secs] 
2014-07-08T01:52:45.878+0000: 406.504: [GC [PSYoungGen: 597494K->562K(576704K)] 683592K->86708K(1263680K), 0.0047870 secs] [Times: user=0.01 sys=0.01, real=0.00 secs] 
2014-07-08T01:52:46.957+0000: 407.583: [GC [PSYoungGen: 576690K->448K(556736K)] 662836K->86730K(1243712K), 0.0141520 secs] [Times: user=0.05 sys=0.00, real=0.01 secs] 
2014-07-08T01:52:48.073+0000: 408.699: [GC [PSYoungGen: 556736K->320K(537600K)] 643018K->86674K(1224576K), 0.0099750 secs] [Times: user=0.03 sys=0.00, real=0.01 secs] 
2014-07-08T01:52:49.144+0000: 409.770: [GC [PSYoungGen: 537600K->224K(519424K)] 623954K->86650K(1206400K), 0.0041010 secs] [Times: user=0.01 sys=0.00, real=0.01 secs] 
2014-07-08T01:52:50.188+0000: 410.814: [GC [PSYoungGen: 519307K->192K(502016K)] 605734K->86674K(1188992K), 0.0076150 secs] [Times: user=0.01 sys=0.01, real=0.01 secs] 
2014-07-08T01:52:51.221+0000: 411.847: [GC [PSYoungGen: 502016K->438K(485696K)] 588498K->86976K(1172672K), 0.0132520 secs] [Times: user=0.05 sys=0.00, real=0.01 secs] 
2014-07-08T01:52:52.171+0000: 412.797: [GC [PSYoungGen: 485686K->274K(469760K)] 572224K->86876K(1156736K), 0.0135470 secs] [Times: user=0.05 sys=0.00, real=0.01 secs] 
2014-07-08T01:52:53.133+0000: 413.759: [GC [PSYoungGen: 469714K->256K(563584K)] 556316K->86890K(1250560K), 0.0144020 secs] [Times: user=0.04 sys=0.00, real=0.02 secs] 
2014-07-08T01:52:54.220+0000: 414.846: [GC [PSYoungGen: 563570K->374K(676416K)] 650205K->87040K(1363392K), 0.0154540 secs] [Times: user=0.05 sys=0.00, real=0.01 secs] 
2014-07-08T01:52:55.655+0000: 416.281: [GC [PSYoungGen: 676406K->690K(652288K)] 763072K->87516K(1339264K), 0.0060840 secs] [Times: user=0.01 sys=0.00, real=0.01 secs] 
2014-07-08T01:52:56.991+0000: 417.617: [GC [PSYoungGen: 652274K->384K(628672K)] 739100K->87458K(1315648K), 0.0041510 secs] [Times: user=0.01 sys=0.00, real=0.08 secs] 
2014-07-08T01:52:58.263+0000: 418.889: [GC [PSYoungGen: 628672K->256K(606272K)] 715746K->87442K(1293248K), 0.0140510 secs] [Times: user=0.05 sys=0.00, real=0.01 secs] 
2014-07-08T01:52:59.479+0000: 420.105: [GC [PSYoungGen: 606272K->384K(727616K)] 693458K->87682K(1414592K), 0.0200380 secs] [Times: user=0.06 sys=0.00, real=0.02 secs] 
2014-07-08T01:53:00.984+0000: 421.610: [GC [PSYoungGen: 727616K->502K(700928K)] 814914K->87856K(1387904K), 0.0090810 secs] [Times: user=0.03 sys=0.00, real=0.01 secs] 
2014-07-08T01:53:02.430+0000: 423.056: [GC [PSYoungGen: 700914K->466K(675328K)] 788269K->87908K(1362304K), 0.0069420 secs] [Times: user=0.01 sys=0.00, real=0.01 secs] 
2014-07-08T01:53:03.845+0000: 424.471: [GC [PSYoungGen: 675282K->516K(651008K)] 762724K->88030K(1337984K), 0.0069880 secs] [Times: user=0.01 sys=0.00, real=0.01 secs] 
2014-07-08T01:53:05.131+0000: 425.757: [GC [PSYoungGen: 650948K->384K(627584K)] 738462K->87962K(1314560K), 0.0057690 secs] [Times: user=0.01 sys=0.00, real=0.00 secs] 
2014-07-08T01:53:06.442+0000: 427.068: [GC [PSYoungGen: 627584K->370K(605376K)] 715162K->88020K(1292352K), 0.0120330 secs] [Times: user=0.05 sys=0.00, real=0.01 secs] 
2014-07-08T01:53:07.721+0000: 428.347: [GC [PSYoungGen: 605358K->544K(584384K)] 693008K->88274K(1271360K), 0.0174180 secs] [Times: user=0.07 sys=0.00, real=0.02 secs] 
2014-07-08T01:53:08.888+0000: 429.514: [GC [PSYoungGen: 584351K->320K(563904K)] 672081K->88146K(1250880K), 0.0075440 secs] [Times: user=0.02 sys=0.01, real=0.01 secs] 
2014-07-08T01:53:10.045+0000: 430.671: [GC [PSYoungGen: 563904K->484K(544768K)] 651730K->88374K(1231744K), 0.0081650 secs] [Times: user=0.03 sys=0.00, real=0.01 secs] 
2014-07-08T01:53:11.171+0000: 431.797: [GC [PSYoungGen: 544740K->256K(526080K)] 632630K->88218K(1213056K), 0.0043750 secs] [Times: user=0.01 sys=0.00, real=0.00 secs] 
2014-07-08T01:53:12.324+0000: 432.950: [GC [PSYoungGen: 526069K->416K(508672K)] 614031K->88442K(1195648K), 0.0087050 secs] [Times: user=0.03 sys=0.00, real=0.01 secs] 
2014-07-08T01:53:13.292+0000: 433.918: [GC [PSYoungGen: 508640K->146K(491584K)] 596666K->88252K(1178560K), 0.0081110 secs] [Times: user=0.03 sys=0.00, real=0.01 secs] 
2014-07-08T01:53:14.304+0000: 434.930: [GC [PSYoungGen: 491538K->242K(475584K)] 579644K->88380K(1162560K), 0.0065930 secs] [Times: user=0.02 sys=0.00, real=0.01 secs] 
2014-07-08T01:53:15.245+0000: 435.871: [GC [PSYoungGen: 475570K->192K(460160K)] 563708K->88370K(1147136K), 0.0079550 secs] [Times: user=0.02 sys=0.01, real=0.01 secs] 
2014-07-08T01:53:16.304+0000: 436.930: [GC [PSYoungGen: 460154K->352K(445632K)] 548333K->88594K(1132608K), 0.0074220 secs] [Times: user=0.02 sys=0.00, real=0.01 secs] 
2014-07-08T01:53:17.191+0000: 437.817: [GC [PSYoungGen: 445600K->192K(431360K)] 533842K->88562K(1118336K), 0.0124760 secs] [Times: user=0.04 sys=0.00, real=0.01 secs] 
2014-07-08T01:53:18.076+0000: 438.702: [GC [PSYoungGen: 431359K->452K(418240K)] 519730K->88894K(1105216K), 0.0064230 secs] [Times: user=0.02 sys=0.00, real=0.01 secs] 
2014-07-08T01:53:18.937+0000: 439.563: [GC [PSYoungGen: 418180K->420K(501760K)] 506622K->88934K(1188736K), 0.0301010 secs] [Times: user=0.10 sys=0.01, real=0.03 secs] 
2014-07-08T01:53:19.969+0000: 440.595: [GC [PSYoungGen: 501732K->456K(602112K)] 590246K->89010K(1289088K), 0.0036830 secs] [Times: user=0.01 sys=0.00, real=0.01 secs] 
2014-07-08T01:53:21.180+0000: 441.806: [GC [PSYoungGen: 602056K->160K(722112K)] 690610K->88762K(1409088K), 0.0335120 secs] [Times: user=0.11 sys=0.00, real=0.03 secs] 
2014-07-08T01:53:22.697+0000: 443.323: [GC [PSYoungGen: 722080K->676K(867008K)] 810682K->89342K(1553984K), 0.0069880 secs] [Times: user=0.01 sys=0.00, real=0.01 secs] 
2014-07-08T01:53:24.423+0000: 445.049: [GC [PSYoungGen: 866898K->306K(1039936K)] 955565K->89036K(1726912K), 0.0095950 secs] [Times: user=0.03 sys=0.01, real=0.01 secs] 
2014-07-08T01:53:26.599+0000: 447.225: [GC [PSYoungGen: 1039922K->512K(998528K)] 1128652K->89298K(1685504K), 0.0131750 secs] [Times: user=0.05 sys=0.00, real=0.02 secs] 
2014-07-08T01:53:28.712+0000: 449.338: [GC [PSYoungGen: 998528K->832K(959232K)] 1087314K->89786K(1646208K), 0.0061470 secs] [Times: user=0.01 sys=0.00, real=0.00 secs] 
2014-07-08T01:53:30.704+0000: 451.330: [GC [PSYoungGen: 959215K->370K(921024K)] 1048169K->89780K(1608000K), 0.0050550 secs] [Times: user=0.01 sys=0.00, real=0.00 secs] 
2014-07-08T01:53:32.592+0000: 453.218: [GC [PSYoungGen: 921010K->640K(885376K)] 1010420K->90170K(1572352K), 0.0084670 secs] [Times: user=0.01 sys=0.00, real=0.00 secs] 
2014-07-08T01:53:34.420+0000: 455.046: [GC [PSYoungGen: 885376K->192K(850688K)] 974906K->89842K(1537664K), 0.0149700 secs] [Times: user=0.05 sys=0.00, real=0.02 secs] 
2014-07-08T01:53:36.207+0000: 456.833: [GC [PSYoungGen: 850688K->306K(818240K)] 940338K->90028K(1505216K), 0.0061930 secs] [Times: user=0.02 sys=0.00, real=0.01 secs] 
2014-07-08T01:53:38.011+0000: 458.637: [GC [PSYoungGen: 818226K->694K(787584K)] 907948K->90552K(1474560K), 0.0105280 secs] [Times: user=0.04 sys=0.00, real=0.01 secs] 
2014-07-08T01:53:39.591+0000: 460.217: [GC [PSYoungGen: 787561K->224K(757504K)] 877420K->90234K(1444480K), 0.0255320 secs] [Times: user=0.10 sys=0.00, real=0.03 secs] 
2014-07-08T01:53:41.175+0000: 461.801: [GC [PSYoungGen: 757464K->320K(909056K)] 847474K->90386K(1596032K), 0.0286570 secs] [Times: user=0.10 sys=0.01, real=0.03 secs] 
2014-07-08T01:53:43.090+0000: 463.716: [GC [PSYoungGen: 909004K->288K(873664K)] 999071K->90418K(1560640K), 0.0033560 secs] [Times: user=0.01 sys=0.00, real=0.01 secs] 
2014-07-08T01:53:44.987+0000: 465.613: [GC [PSYoungGen: 873632K->448K(840128K)] 963762K->90642K(1527104K), 0.0221630 secs] [Times: user=0.08 sys=0.00, real=0.02 secs] 
2014-07-08T01:53:46.694+0000: 467.320: [GC [PSYoungGen: 840128K->804K(808448K)] 930322K->91102K(1495424K), 0.0211710 secs] [Times: user=0.08 sys=0.00, real=0.03 secs] 
2014-07-08T01:53:48.344+0000: 468.970: [GC [PSYoungGen: 808420K->320K(969472K)] 898718K->90706K(1656448K), 0.0298380 secs] [Times: user=0.10 sys=0.00, real=0.03 secs] 
2014-07-08T01:53:50.394+0000: 471.020: [GC [PSYoungGen: 969472K->320K(1163328K)] 1059858K->90810K(1850304K), 0.0118840 secs] [Times: user=0.04 sys=0.00, real=0.02 secs] 
2014-07-08T01:53:52.868+0000: 473.494: [GC [PSYoungGen: 1163328K->602K(1116096K)] 1253818K->91204K(1803072K), 0.0047470 secs] [Times: user=0.01 sys=0.00, real=0.00 secs] 
2014-07-08T01:53:55.142+0000: 475.768: [GC [PSYoungGen: 1116001K->292K(1070528K)] 1206604K->90982K(1757504K), 0.0106990 secs] [Times: user=0.04 sys=0.00, real=0.01 secs] 
2014-07-08T01:53:57.390+0000: 478.016: [GC [PSYoungGen: 1070500K->402K(1027584K)] 1161190K->91180K(1714560K), 0.0043650 secs] [Times: user=0.01 sys=0.00, real=0.00 secs] 
2014-07-08T01:53:59.499+0000: 480.125: [GC [PSYoungGen: 1027537K->288K(986432K)] 1118316K->91266K(1673408K), 0.0102810 secs] [Times: user=0.04 sys=0.00, real=0.01 secs] 
2014-07-08T01:54:01.546+0000: 482.172: [GC [PSYoungGen: 986400K->224K(947328K)] 1077378K->91266K(1634304K), 0.0073890 secs] [Times: user=0.01 sys=0.00, real=0.00 secs] 
2014-07-08T01:54:03.565+0000: 484.191: [GC [PSYoungGen: 947296K->288K(910208K)] 1038338K->91402K(1597184K), 0.0032960 secs] [Times: user=0.01 sys=0.00, real=0.01 secs] 
2014-07-08T01:54:05.451+0000: 486.077: [GC [PSYoungGen: 910176K->288K(874816K)] 1001290K->91498K(1561792K), 0.0048690 secs] [Times: user=0.01 sys=0.00, real=0.00 secs] 
2014-07-08T01:54:07.271+0000: 487.897: [GC [PSYoungGen: 874784K->224K(841024K)] 965994K->91530K(1528000K), 0.0122190 secs] [Times: user=0.04 sys=0.00, real=0.01 secs] 
2014-07-08T01:54:09.041+0000: 489.667: [GC [PSYoungGen: 840992K->352K(809024K)] 932298K->91770K(1496000K), 0.0168740 secs] [Times: user=0.06 sys=0.00, real=0.02 secs] 
2014-07-08T01:54:10.735+0000: 491.361: [GC [PSYoungGen: 808992K->370K(778368K)] 900410K->91884K(1465344K), 0.0050440 secs] [Times: user=0.01 sys=0.00, real=0.01 secs] 
2014-07-08T01:54:12.334+0000: 492.960: [GC [PSYoungGen: 778354K->388K(749248K)] 869868K->91990K(1436224K), 0.0083140 secs] [Times: user=0.03 sys=0.00, real=0.01 secs] 
2014-07-08T01:54:13.941+0000: 494.567: [GC [PSYoungGen: 749188K->274K(721280K)] 840790K->91932K(1408256K), 0.0068760 secs] [Times: user=0.02 sys=0.00, real=0.00 secs] 
2014-07-08T01:54:15.416+0000: 496.042: [GC [PSYoungGen: 721232K->288K(694784K)] 812891K->92002K(1381760K), 0.0177670 secs] [Times: user=0.06 sys=0.00, real=0.02 secs] 
2014-07-08T01:54:16.944+0000: 497.570: [GC [PSYoungGen: 694752K->626K(669824K)] 786466K->92476K(1356800K), 0.0188410 secs] [Times: user=0.05 sys=0.00, real=0.02 secs] 
2014-07-08T01:54:18.283+0000: 498.909: [GC [PSYoungGen: 669810K->192K(645248K)] 761660K->92162K(1332224K), 0.0030180 secs] [Times: user=0.01 sys=0.01, real=0.00 secs] 
2014-07-08T01:54:19.638+0000: 500.264: [GC [PSYoungGen: 645248K->434K(622464K)] 737218K->92500K(1309440K), 0.0037740 secs] [Times: user=0.01 sys=0.00, real=0.01 secs] 
2014-07-08T01:54:20.955+0000: 501.581: [GC [PSYoungGen: 622386K->288K(600384K)] 714453K->92410K(1287360K), 0.0125110 secs] [Times: user=0.05 sys=0.00, real=0.01 secs] 
2014-07-08T01:54:22.165+0000: 502.791: [GC [PSYoungGen: 600316K->324K(579520K)] 692439K->92526K(1266496K), 0.0052460 secs] [Times: user=0.01 sys=0.00, real=0.01 secs] 
2014-07-08T01:54:23.385+0000: 504.011: [GC [PSYoungGen: 579460K->128K(559232K)] 671662K->92354K(1246208K), 0.0042210 secs] [Times: user=0.01 sys=0.00, real=0.00 secs] 
2014-07-08T01:54:24.574+0000: 505.200: [GC [PSYoungGen: 559232K->544K(540608K)] 651458K->92818K(1227584K), 0.0042650 secs] [Times: user=0.01 sys=0.00, real=0.00 secs] 
2014-07-08T01:54:25.695+0000: 506.321: [GC [PSYoungGen: 540576K->658K(522496K)] 632850K->92964K(1209472K), 0.0054700 secs] [Times: user=0.01 sys=0.01, real=0.01 secs] 
2014-07-08T01:54:26.828+0000: 507.454: [GC [PSYoungGen: 522450K->608K(505024K)] 614756K->93010K(1192000K), 0.0044910 secs] [Times: user=0.01 sys=0.00, real=0.01 secs] 
2014-07-08T01:54:27.893+0000: 508.519: [GC [PSYoungGen: 504992K->356K(488128K)] 597394K->92966K(1175104K), 0.0109800 secs] [Times: user=0.02 sys=0.00, real=0.01 secs] 
2014-07-08T01:54:28.875+0000: 509.501: [GC [PSYoungGen: 488100K->530K(472384K)] 580710K->93220K(1159360K), 0.0043190 secs] [Times: user=0.02 sys=0.00, real=0.00 secs] 
2014-07-08T01:54:29.918+0000: 510.544: [GC [PSYoungGen: 472338K->640K(457216K)] 565028K->93418K(1144192K), 0.0106860 secs] [Times: user=0.04 sys=0.01, real=0.01 secs] 
2014-07-08T01:54:30.812+0000: 511.438: [GC [PSYoungGen: 457216K->338K(442432K)] 549994K->93172K(1129408K), 0.0063770 secs] [Times: user=0.01 sys=0.00, real=0.00 secs] 
2014-07-08T01:54:31.769+0000: 512.395: [GC [PSYoungGen: 442386K->768K(428864K)] 535220K->93642K(1115840K), 0.0033090 secs] [Times: user=0.01 sys=0.00, real=0.01 secs] 
2014-07-08T01:54:32.617+0000: 513.243: [GC [PSYoungGen: 428789K->338K(415168K)] 521663K->93244K(1102144K), 0.0044790 secs] [Times: user=0.00 sys=0.00, real=0.01 secs] 
2014-07-08T01:54:33.516+0000: 514.142: [GC [PSYoungGen: 415122K->224K(402304K)] 508028K->93162K(1089280K), 0.0039880 secs] [Times: user=0.01 sys=0.00, real=0.00 secs] 
2014-07-08T01:54:34.339+0000: 514.965: [GC [PSYoungGen: 402272K->402K(390272K)] 495210K->93372K(1077248K), 0.0094980 secs] [Times: user=0.02 sys=0.00, real=0.01 secs] 
2014-07-08T01:54:35.165+0000: 515.791: [GC [PSYoungGen: 390226K->416K(468288K)] 483196K->93434K(1155264K), 0.0169720 secs] [Times: user=0.06 sys=0.00, real=0.02 secs] 
2014-07-08T01:54:36.122+0000: 516.748: [GC [PSYoungGen: 468256K->352K(561792K)] 561274K->93466K(1248768K), 0.0181530 secs] [Times: user=0.06 sys=0.00, real=0.01 secs] 
2014-07-08T01:54:37.316+0000: 517.942: [GC [PSYoungGen: 561760K->434K(542656K)] 654874K->93588K(1229632K), 0.0036510 secs] [Times: user=0.01 sys=0.00, real=0.00 secs] 
2014-07-08T01:54:38.449+0000: 519.075: [GC [PSYoungGen: 542621K->260K(524160K)] 635776K->93534K(1211136K), 0.0038560 secs] [Times: user=0.01 sys=0.00, real=0.01 secs] 
2014-07-08T01:54:39.564+0000: 520.190: [GC [PSYoungGen: 524100K->658K(507008K)] 617374K->94004K(1193984K), 0.0046170 secs] [Times: user=0.02 sys=0.00, real=0.00 secs] 
2014-07-08T01:54:40.594+0000: 521.220: [GC [PSYoungGen: 506962K->612K(490176K)] 600308K->94006K(1177152K), 0.0141740 secs] [Times: user=0.04 sys=0.00, real=0.01 secs] 
2014-07-08T01:54:41.614+0000: 522.240: [GC [PSYoungGen: 490074K->374K(473920K)] 583469K->93968K(1160896K), 0.0058930 secs] [Times: user=0.02 sys=0.00, real=0.00 secs] 
2014-07-08T01:54:42.649+0000: 523.275: [GC [PSYoungGen: 473910K->850K(459136K)] 567504K->94492K(1146112K), 0.0048150 secs] [Times: user=0.01 sys=0.00, real=0.01 secs] 
2014-07-08T01:54:43.580+0000: 524.206: [GC [PSYoungGen: 459090K->288K(443904K)] 552732K->94010K(1130880K), 0.0048150 secs] [Times: user=0.01 sys=0.00, real=0.01 secs] 
2014-07-08T01:54:44.505+0000: 525.131: [GC [PSYoungGen: 443787K->192K(429760K)] 537510K->93978K(1116736K), 0.0087890 secs] [Times: user=0.04 sys=0.00, real=0.01 secs] 
2014-07-08T01:54:45.419+0000: 526.045: [GC [PSYoungGen: 429760K->160K(416384K)] 523546K->93970K(1103360K), 0.0043330 secs] [Times: user=0.01 sys=0.00, real=0.01 secs] 
2014-07-08T01:54:46.290+0000: 526.916: [GC [PSYoungGen: 416270K->416K(403840K)] 510081K->94338K(1090816K), 0.0168760 secs] [Times: user=0.06 sys=0.00, real=0.02 secs] 
2014-07-08T01:54:47.145+0000: 527.771: [GC [PSYoungGen: 403808K->256K(484352K)] 497730K->94234K(1171328K), 0.0168470 secs] [Times: user=0.06 sys=0.00, real=0.01 secs] 
2014-07-08T01:54:48.150+0000: 528.776: [GC [PSYoungGen: 484352K->210K(581184K)] 578330K->94260K(1268160K), 0.0092490 secs] [Times: user=0.03 sys=0.00, real=0.01 secs] 
2014-07-08T01:54:49.362+0000: 529.988: [GC [PSYoungGen: 581138K->224K(697408K)] 675188K->94330K(1384384K), 0.0082620 secs] [Times: user=0.02 sys=0.00, real=0.01 secs] 
2014-07-08T01:54:50.868+0000: 531.494: [GC [PSYoungGen: 697376K->384K(672128K)] 791482K->94546K(1359104K), 0.0050610 secs] [Times: user=0.02 sys=0.00, real=0.00 secs] 
2014-07-08T01:54:52.240+0000: 532.866: [GC [PSYoungGen: 672128K->160K(647680K)] 766290K->94402K(1334656K), 0.0037170 secs] [Times: user=0.01 sys=0.00, real=0.00 secs] 
2014-07-08T01:54:53.620+0000: 534.246: [GC [PSYoungGen: 647648K->562K(624960K)] 741890K->94860K(1311936K), 0.0065120 secs] [Times: user=0.02 sys=0.00, real=0.01 secs] 
2014-07-08T01:54:54.964+0000: 535.590: [GC [PSYoungGen: 624946K->402K(602752K)] 719244K->94740K(1289728K), 0.0061420 secs] [Times: user=0.02 sys=0.00, real=0.01 secs] 
2014-07-08T01:54:56.193+0000: 536.819: [GC [PSYoungGen: 602706K->160K(581440K)] 697044K->94602K(1268416K), 0.0039860 secs] [Times: user=0.01 sys=0.01, real=0.01 secs] 
2014-07-08T01:54:57.390+0000: 538.016: [GC [PSYoungGen: 581408K->420K(561600K)] 675850K->94926K(1248576K), 0.0059870 secs] [Times: user=0.02 sys=0.00, real=0.01 secs] 
2014-07-08T01:54:58.589+0000: 539.215: [GC [PSYoungGen: 561491K->822K(542784K)] 655997K->95440K(1229760K), 0.0051210 secs] [Times: user=0.01 sys=0.00, real=0.00 secs] 
2014-07-08T01:54:59.747+0000: 540.373: [GC [PSYoungGen: 542774K->434K(524096K)] 637392K->95156K(1211072K), 0.0052460 secs] [Times: user=0.01 sys=0.00, real=0.00 secs] 
2014-07-08T01:55:00.859+0000: 541.485: [GC [PSYoungGen: 524082K->548K(506688K)] 618804K->95350K(1193664K), 0.0189630 secs] [Times: user=0.07 sys=0.00, real=0.02 secs] 
2014-07-08T01:55:01.874+0000: 542.500: [GC [PSYoungGen: 506660K->288K(607680K)] 601462K->95146K(1294656K), 0.0294050 secs] [Times: user=0.10 sys=0.00, real=0.03 secs] 
2014-07-08T01:55:03.146+0000: 543.772: [GC [PSYoungGen: 607648K->256K(729088K)] 702506K->95146K(1416064K), 0.0089160 secs] [Times: user=0.03 sys=0.00, real=0.01 secs] 
2014-07-08T01:55:04.701+0000: 545.327: [GC [PSYoungGen: 729088K->708K(702720K)] 823978K->95654K(1389696K), 0.0078300 secs] [Times: user=0.01 sys=0.00, real=0.01 secs] 
2014-07-08T01:55:06.149+0000: 546.775: [GC [PSYoungGen: 702660K->384K(842752K)] 797606K->95402K(1529728K), 0.0250190 secs] [Times: user=0.09 sys=0.01, real=0.02 secs] 
2014-07-08T01:55:07.914+0000: 548.540: [GC [PSYoungGen: 842752K->402K(810624K)] 937770K->95540K(1497600K), 0.0069750 secs] [Times: user=0.01 sys=0.00, real=0.01 secs] 
2014-07-08T01:55:09.579+0000: 550.205: [GC [PSYoungGen: 810578K->242K(779712K)] 905716K->95484K(1466688K), 0.0038600 secs] [Times: user=0.01 sys=0.00, real=0.00 secs] 
2014-07-08T01:55:11.266+0000: 551.892: [GC [PSYoungGen: 779698K->548K(750784K)] 874940K->95862K(1437760K), 0.0096550 secs] [Times: user=0.03 sys=0.00, real=0.01 secs] 
2014-07-08T01:55:12.843+0000: 553.469: [GC [PSYoungGen: 750756K->594K(722944K)] 846070K->96020K(1409920K), 0.0129970 secs] [Times: user=0.04 sys=0.00, real=0.01 secs] 
2014-07-08T01:55:14.296+0000: 554.922: [GC [PSYoungGen: 722889K->278K(696064K)] 818316K->95744K(1383040K), 0.0060690 secs] [Times: user=0.01 sys=0.00, real=0.01 secs] 
2014-07-08T01:55:15.778+0000: 556.404: [GC [PSYoungGen: 696022K->608K(671040K)] 791488K->96106K(1358016K), 0.0078060 secs] [Times: user=0.03 sys=0.00, real=0.00 secs] 
2014-07-08T01:55:17.148+0000: 557.774: [GC [PSYoungGen: 671008K->402K(646656K)] 766506K->96004K(1333632K), 0.0121300 secs] [Times: user=0.04 sys=0.00, real=0.02 secs] 
2014-07-08T01:55:18.470+0000: 559.096: [GC [PSYoungGen: 646610K->256K(623424K)] 742212K->95954K(1310400K), 0.0075860 secs] [Times: user=0.01 sys=0.00, real=0.00 secs] 
2014-07-08T01:55:19.796+0000: 560.422: [GC [PSYoungGen: 623424K->448K(601600K)] 719122K->96226K(1288576K), 0.0046000 secs] [Times: user=0.02 sys=0.00, real=0.01 secs] 
2014-07-08T01:55:21.057+0000: 561.683: [GC [PSYoungGen: 601600K->466K(580672K)] 697378K->96324K(1267648K), 0.0156030 secs] [Times: user=0.06 sys=0.00, real=0.02 secs] 
2014-07-08T01:55:22.243+0000: 562.869: [GC [PSYoungGen: 580626K->228K(560384K)] 676484K->96142K(1247360K), 0.0038500 secs] [Times: user=0.01 sys=0.00, real=0.00 secs] 
2014-07-08T01:55:23.426+0000: 564.052: [GC [PSYoungGen: 560356K->466K(541504K)] 656270K->96420K(1228480K), 0.0064350 secs] [Times: user=0.02 sys=0.00, real=0.01 secs] 
2014-07-08T01:55:24.543+0000: 565.169: [GC [PSYoungGen: 541458K->402K(523136K)] 637412K->96436K(1210112K), 0.0132300 secs] [Times: user=0.05 sys=0.00, real=0.01 secs] 
2014-07-08T01:55:25.636+0000: 566.262: [GC [PSYoungGen: 523090K->370K(627648K)] 619124K->96444K(1314624K), 0.0302150 secs] [Times: user=0.11 sys=0.00, real=0.03 secs] 
2014-07-08T01:55:26.974+0000: 567.600: [GC [PSYoungGen: 627634K->338K(753152K)] 723708K->96484K(1440128K), 0.0095960 secs] [Times: user=0.02 sys=0.00, real=0.01 secs] 
2014-07-08T01:55:28.541+0000: 569.167: [GC [PSYoungGen: 753081K->192K(724928K)] 849228K->96434K(1411904K), 0.0046670 secs] [Times: user=0.01 sys=0.00, real=0.00 secs] 
2014-07-08T01:55:30.085+0000: 570.711: [GC [PSYoungGen: 724855K->466K(698560K)] 821098K->96804K(1385536K), 0.0062070 secs] [Times: user=0.01 sys=0.00, real=0.01 secs] 
2014-07-08T01:55:31.528+0000: 572.154: [GC [PSYoungGen: 698514K->256K(672832K)] 794852K->96658K(1359808K), 0.0129840 secs] [Times: user=0.05 sys=0.00, real=0.02 secs] 
2014-07-08T01:55:32.985+0000: 573.611: [GC [PSYoungGen: 672777K->370K(648704K)] 769179K->96836K(1335680K), 0.0114800 secs] [Times: user=0.04 sys=0.00, real=0.01 secs] 
2014-07-08T01:55:34.329+0000: 574.955: [GC [PSYoungGen: 648690K->96K(625280K)] 745156K->96618K(1312256K), 0.0046180 secs] [Times: user=0.01 sys=0.01, real=0.01 secs] 
2014-07-08T01:55:35.679+0000: 576.305: [GC [PSYoungGen: 625248K->658K(603776K)] 721770K->97204K(1290752K), 0.0053190 secs] [Times: user=0.02 sys=0.00, real=0.01 secs] 
2014-07-08T01:55:36.970+0000: 577.596: [GC [PSYoungGen: 603730K->384K(582336K)] 700276K->97018K(1269312K), 0.0104260 secs] [Times: user=0.03 sys=0.00, real=0.01 secs] 
2014-07-08T01:55:38.192+0000: 578.818: [GC [PSYoungGen: 582336K->384K(562176K)] 678970K->97114K(1249152K), 0.0181620 secs] [Times: user=0.06 sys=0.00, real=0.01 secs] 
2014-07-08T01:55:39.410+0000: 580.036: [GC [PSYoungGen: 562161K->274K(674496K)] 658892K->97084K(1361472K), 0.0287280 secs] [Times: user=0.09 sys=0.00, real=0.03 secs] 
2014-07-08T01:55:40.861+0000: 581.487: [GC [PSYoungGen: 674447K->548K(809600K)] 771257K->97430K(1496576K), 0.0048540 secs] [Times: user=0.01 sys=0.00, real=0.01 secs] 
2014-07-08T01:55:42.547+0000: 583.173: [GC [PSYoungGen: 809572K->224K(778624K)] 906454K->97154K(1465600K), 0.0114700 secs] [Times: user=0.05 sys=0.00, real=0.01 secs] 
2014-07-08T01:55:44.246+0000: 584.872: [GC [PSYoungGen: 778571K->466K(749696K)] 875502K->97436K(1436672K), 0.0097480 secs] [Times: user=0.04 sys=0.00, real=0.01 secs] 
2014-07-08T01:55:45.820+0000: 586.446: [GC [PSYoungGen: 749650K->466K(721856K)] 846620K->97508K(1408832K), 0.0047900 secs] [Times: user=0.01 sys=0.00, real=0.01 secs] 
2014-07-08T01:55:47.343+0000: 587.969: [GC [PSYoungGen: 721810K->128K(694912K)] 818852K->97282K(1381888K), 0.0044090 secs] [Times: user=0.01 sys=0.00, real=0.00 secs] 
2014-07-08T01:55:48.934+0000: 589.560: [GC [PSYoungGen: 694912K->740K(670272K)] 792066K->97982K(1357248K), 0.0076290 secs] [Times: user=0.01 sys=0.00, real=0.00 secs] 
2014-07-08T01:55:50.272+0000: 590.898: [GC [PSYoungGen: 670203K->324K(645760K)] 767445K->97678K(1332736K), 0.0083300 secs] [Times: user=0.03 sys=0.00, real=0.01 secs] 
2014-07-08T01:55:51.634+0000: 592.260: [GC [PSYoungGen: 645692K->356K(622720K)] 743047K->97798K(1309696K), 0.0119630 secs] [Times: user=0.04 sys=0.00, real=0.01 secs] 
2014-07-08T01:55:52.956+0000: 593.582: [GC [PSYoungGen: 622692K->160K(600576K)] 720134K->97674K(1287552K), 0.0079960 secs] [Times: user=0.03 sys=0.00, real=0.01 secs] 
2014-07-08T01:55:54.252+0000: 594.878: [GC [PSYoungGen: 600544K->160K(579584K)] 698058K->97706K(1266560K), 0.0049760 secs] [Times: user=0.01 sys=0.00, real=0.01 secs] 
2014-07-08T01:55:55.484+0000: 596.110: [GC [PSYoungGen: 579552K->274K(559680K)] 677098K->97852K(1246656K), 0.0053230 secs] [Times: user=0.01 sys=0.00, real=0.01 secs] 
2014-07-08T01:55:56.686+0000: 597.312: [GC [PSYoungGen: 559634K->484K(540736K)] 657212K->98150K(1227712K), 0.0160820 secs] [Times: user=0.06 sys=0.00, real=0.01 secs] 
2014-07-08T01:55:57.862+0000: 598.488: [GC [PSYoungGen: 540708K->562K(522560K)] 638374K->98316K(1209536K), 0.0095720 secs] [Times: user=0.03 sys=0.00, real=0.01 secs] 
2014-07-08T01:55:58.955+0000: 599.581: [GC [PSYoungGen: 522546K->288K(504832K)] 620300K->98146K(1191808K), 0.0064680 secs] [Times: user=0.01 sys=0.00, real=0.00 secs] 
2014-07-08T01:56:00.048+0000: 600.674: [GC [PSYoungGen: 504798K->274K(488192K)] 602657K->98172K(1175168K), 0.0110480 secs] [Times: user=0.03 sys=0.00, real=0.01 secs] 
2014-07-08T01:56:01.077+0000: 601.703: [GC [PSYoungGen: 488146K->160K(472128K)] 586044K->98106K(1159104K), 0.0043910 secs] [Times: user=0.01 sys=0.00, real=0.00 secs] 
2014-07-08T01:56:02.103+0000: 602.729: [GC [PSYoungGen: 472096K->256K(456960K)] 570042K->98226K(1143936K), 0.0095170 secs] [Times: user=0.04 sys=0.00, real=0.01 secs] 
2014-07-08T01:56:03.075+0000: 603.701: [GC [PSYoungGen: 456960K->356K(548480K)] 554930K->98382K(1235456K), 0.0298330 secs] [Times: user=0.11 sys=0.00, real=0.03 secs] 
2014-07-08T01:56:04.279+0000: 604.905: [GC [PSYoungGen: 548448K->434K(658176K)] 646475K->98492K(1345152K), 0.0075330 secs] [Times: user=0.03 sys=0.00, real=0.01 secs] 
2014-07-08T01:56:05.658+0000: 606.284: [GC [PSYoungGen: 658162K->676K(634816K)] 756220K->98814K(1321792K), 0.0046080 secs] [Times: user=0.01 sys=0.00, real=0.00 secs] 
2014-07-08T01:56:07.001+0000: 607.627: [GC [PSYoungGen: 634788K->288K(611904K)] 732926K->98514K(1298880K), 0.0076770 secs] [Times: user=0.03 sys=0.00, real=0.01 secs] 
2014-07-08T01:56:08.308+0000: 608.934: [GC [PSYoungGen: 611872K->224K(590336K)] 710098K->98538K(1277312K), 0.0078300 secs] [Times: user=0.03 sys=0.00, real=0.01 secs] 
2014-07-08T01:56:09.594+0000: 610.220: [GC [PSYoungGen: 590252K->434K(570048K)] 688567K->98844K(1257024K), 0.0134940 secs] [Times: user=0.04 sys=0.00, real=0.02 secs] 
2014-07-08T01:56:10.849+0000: 611.475: [GC [PSYoungGen: 570034K->704K(550720K)] 668444K->99170K(1237696K), 0.0064630 secs] [Times: user=0.02 sys=0.00, real=0.00 secs] 
2014-07-08T01:56:11.972+0000: 612.598: [GC [PSYoungGen: 550720K->192K(660224K)] 649186K->98754K(1347200K), 0.0212600 secs] [Times: user=0.07 sys=0.00, real=0.02 secs] 
2014-07-08T01:56:13.378+0000: 614.004: [GC [PSYoungGen: 660221K->192K(636544K)] 758784K->98802K(1323520K), 0.0106170 secs] [Times: user=0.04 sys=0.00, real=0.01 secs] 
2014-07-08T01:56:14.843+0000: 615.469: [GC [PSYoungGen: 636544K->804K(614592K)] 735154K->99462K(1301568K), 0.0076630 secs] [Times: user=0.01 sys=0.00, real=0.01 secs] 
2014-07-08T01:56:16.075+0000: 616.701: [GC [PSYoungGen: 614564K->306K(592512K)] 713222K->99036K(1279488K), 0.0041380 secs] [Times: user=0.01 sys=0.00, real=0.01 secs] 
2014-07-08T01:56:17.315+0000: 617.941: [GC [PSYoungGen: 592498K->160K(571776K)] 691228K->98994K(1258752K), 0.0039780 secs] [Times: user=0.01 sys=0.00, real=0.01 secs] 
2014-07-08T01:56:18.534+0000: 619.160: [GC [PSYoungGen: 571744K->160K(552128K)] 670578K->99074K(1239104K), 0.0166150 secs] [Times: user=0.06 sys=0.00, real=0.02 secs] 
2014-07-08T01:56:19.762+0000: 620.388: [GC [PSYoungGen: 552096K->868K(534080K)] 651010K->99854K(1221056K), 0.0095330 secs] [Times: user=0.03 sys=0.00, real=0.01 secs] 
2014-07-08T01:56:20.878+0000: 621.504: [GC [PSYoungGen: 534037K->748K(516032K)] 633024K->99806K(1203008K), 0.0042450 secs] [Times: user=0.01 sys=0.00, real=0.00 secs] 
2014-07-08T01:56:21.983+0000: 622.609: [GC [PSYoungGen: 516012K->288K(498432K)] 615070K->99402K(1185408K), 0.0044260 secs] [Times: user=0.02 sys=0.00, real=0.00 secs] 
2014-07-08T01:56:23.048+0000: 623.674: [GC [PSYoungGen: 498397K->274K(482048K)] 597512K->99444K(1169024K), 0.0034700 secs] [Times: user=0.01 sys=0.00, real=0.01 secs] 
2014-07-08T01:56:24.061+0000: 624.687: [GC [PSYoungGen: 482002K->192K(466240K)] 581172K->99394K(1153216K), 0.0150700 secs] [Times: user=0.05 sys=0.01, real=0.01 secs] 
2014-07-08T01:56:25.060+0000: 625.686: [GC [PSYoungGen: 466240K->192K(451264K)] 565442K->99418K(1138240K), 0.0037180 secs] [Times: user=0.01 sys=0.00, real=0.00 secs] 
2014-07-08T01:56:26.019+0000: 626.645: [GC [PSYoungGen: 451206K->274K(437056K)] 550433K->99572K(1124032K), 0.0044060 secs] [Times: user=0.01 sys=0.00, real=0.00 secs] 
2014-07-08T01:56:26.949+0000: 627.575: [GC [PSYoungGen: 437010K->256K(423296K)] 536308K->99602K(1110272K), 0.0057660 secs] [Times: user=0.01 sys=0.00, real=0.00 secs] 
2014-07-08T01:56:27.938+0000: 628.564: [GC [PSYoungGen: 423296K->416K(410368K)] 522642K->99818K(1097344K), 0.0208520 secs] [Times: user=0.08 sys=0.00, real=0.02 secs] 
2014-07-08T01:56:28.764+0000: 629.390: [GC [PSYoungGen: 410336K->868K(398272K)] 509738K->100358K(1085248K), 0.0062460 secs] [Times: user=0.02 sys=0.00, real=0.01 secs] 
2014-07-08T01:56:29.564+0000: 630.190: [GC [PSYoungGen: 398244K->416K(385792K)] 497734K->99978K(1072768K), 0.0068670 secs] [Times: user=0.01 sys=0.00, real=0.01 secs] 
2014-07-08T01:56:30.390+0000: 631.016: [GC [PSYoungGen: 385760K->288K(462784K)] 485322K->99898K(1149760K), 0.0119930 secs] [Times: user=0.04 sys=0.00, real=0.01 secs] 
2014-07-08T01:56:31.377+0000: 632.003: [GC [PSYoungGen: 462752K->224K(447872K)] 562362K->99906K(1134848K), 0.0077180 secs] [Times: user=0.03 sys=0.00, real=0.01 secs] 
2014-07-08T01:56:32.344+0000: 632.970: [GC [PSYoungGen: 447840K->256K(433728K)] 547522K->99970K(1120704K), 0.0065200 secs] [Times: user=0.02 sys=0.00, real=0.01 secs] 
2014-07-08T01:56:33.261+0000: 633.887: [GC [PSYoungGen: 433660K->292K(420224K)] 533375K->100070K(1107200K), 0.0059540 secs] [Times: user=0.02 sys=0.01, real=0.00 secs] 
2014-07-08T01:56:34.305+0000: 634.931: [GC [PSYoungGen: 420196K->534K(407488K)] 519974K->100328K(1094464K), 0.0052910 secs] [Times: user=0.01 sys=0.00, real=0.01 secs] 
2014-07-08T01:56:35.079+0000: 635.705: [GC [PSYoungGen: 407446K->384K(394880K)] 507240K->100266K(1081856K), 0.0035980 secs] [Times: user=0.01 sys=0.00, real=0.01 secs] 
2014-07-08T01:56:35.889+0000: 636.515: [GC [PSYoungGen: 394880K->544K(473984K)] 494762K->100506K(1160960K), 0.0270460 secs] [Times: user=0.09 sys=0.00, real=0.03 secs] 
2014-07-08T01:56:36.878+0000: 637.504: [GC [PSYoungGen: 473952K->288K(568448K)] 573914K->100298K(1255424K), 0.0045480 secs] [Times: user=0.02 sys=0.00, real=0.01 secs] 
2014-07-08T01:56:38.097+0000: 638.723: [GC [PSYoungGen: 568416K->256K(682048K)] 668426K->100314K(1369024K), 0.0100660 secs] [Times: user=0.03 sys=0.00, real=0.01 secs] 
2014-07-08T01:56:39.552+0000: 640.178: [GC [PSYoungGen: 682010K->484K(657600K)] 782069K->100614K(1344576K), 0.0093590 secs] [Times: user=0.03 sys=0.00, real=0.01 secs] 
2014-07-08T01:56:40.963+0000: 641.589: [GC [PSYoungGen: 657572K->384K(633920K)] 757702K->100610K(1320896K), 0.0122790 secs] [Times: user=0.04 sys=0.00, real=0.01 secs] 
2014-07-08T01:56:42.316+0000: 642.942: [GC [PSYoungGen: 633920K->228K(611328K)] 734146K->100526K(1298304K), 0.0108540 secs] [Times: user=0.04 sys=0.00, real=0.01 secs] 
2014-07-08T01:56:43.626+0000: 644.252: [GC [PSYoungGen: 611296K->498K(590144K)] 711595K->100844K(1277120K), 0.0144800 secs] [Times: user=0.06 sys=0.00, real=0.01 secs] 
2014-07-08T01:56:44.998+0000: 645.624: [GC [PSYoungGen: 590130K->754K(569920K)] 690476K->101452K(1256896K), 0.0087670 secs] [Times: user=0.01 sys=0.00, real=0.01 secs] 
2014-07-08T01:56:46.087+0000: 646.713: [GC [PSYoungGen: 569906K->256K(549824K)] 670604K->101098K(1236800K), 0.0115590 secs] [Times: user=0.05 sys=0.00, real=0.01 secs] 
2014-07-08T01:56:47.265+0000: 647.891: [GC [PSYoungGen: 549824K->256K(531136K)] 650666K->101250K(1218112K), 0.0080690 secs] [Times: user=0.02 sys=0.00, real=0.01 secs] 
2014-07-08T01:56:48.402+0000: 649.028: [GC [PSYoungGen: 531128K->160K(513216K)] 632123K->101210K(1200192K), 0.0077180 secs] [Times: user=0.03 sys=0.00, real=0.00 secs] 
2014-07-08T01:56:49.508+0000: 650.134: [GC [PSYoungGen: 513184K->420K(496448K)] 614234K->101502K(1183424K), 0.0049710 secs] [Times: user=0.01 sys=0.00, real=0.01 secs] 
2014-07-08T01:56:50.575+0000: 651.201: [GC [PSYoungGen: 496420K->370K(480128K)] 597502K->101548K(1167104K), 0.0050390 secs] [Times: user=0.02 sys=0.00, real=0.00 secs] 
2014-07-08T01:56:51.589+0000: 652.215: [GC [PSYoungGen: 480114K->178K(464384K)] 581292K->101420K(1151360K), 0.0118850 secs] [Times: user=0.04 sys=0.00, real=0.01 secs] 
2014-07-08T01:56:52.586+0000: 653.212: [GC [PSYoungGen: 464370K->288K(557376K)] 565612K->101578K(1244352K), 0.0249430 secs] [Times: user=0.08 sys=0.00, real=0.02 secs] 
2014-07-08T01:56:53.848+0000: 654.474: [GC [PSYoungGen: 557344K->808K(669312K)] 658634K->102130K(1356288K), 0.0079020 secs] [Times: user=0.01 sys=0.00, real=0.01 secs] 
2014-07-08T01:56:55.268+0000: 655.894: [GC [PSYoungGen: 669288K->786K(645248K)] 770610K->102188K(1332224K), 0.0083190 secs] [Times: user=0.02 sys=0.00, real=0.01 secs] 
2014-07-08T01:56:56.575+0000: 657.201: [GC [PSYoungGen: 645202K->306K(621760K)] 746604K->101944K(1308736K), 0.0117050 secs] [Times: user=0.04 sys=0.00, real=0.01 secs] 
2014-07-08T01:56:57.913+0000: 658.539: [GC [PSYoungGen: 621745K->384K(599872K)] 723383K->102086K(1286848K), 0.0048540 secs] [Times: user=0.01 sys=0.00, real=0.01 secs] 
2014-07-08T01:56:59.191+0000: 659.817: [GC [PSYoungGen: 599871K->384K(578944K)] 701574K->102166K(1265920K), 0.0040080 secs] [Times: user=0.01 sys=0.00, real=0.01 secs] 
2014-07-08T01:57:00.428+0000: 661.053: [GC [PSYoungGen: 578911K->406K(559040K)] 680694K->102228K(1246016K), 0.0149140 secs] [Times: user=0.05 sys=0.00, real=0.01 secs] 
2014-07-08T01:57:01.626+0000: 662.252: [GC [PSYoungGen: 558998K->680K(540224K)] 660820K->102550K(1227200K), 0.0052180 secs] [Times: user=0.01 sys=0.01, real=0.00 secs] 
2014-07-08T01:57:02.792+0000: 663.418: [GC [PSYoungGen: 540200K->552K(521856K)] 642070K->102510K(1208832K), 0.0099380 secs] [Times: user=0.03 sys=0.00, real=0.01 secs] 
2014-07-08T01:57:03.895+0000: 664.521: [GC [PSYoungGen: 521764K->698K(504576K)] 623723K->102778K(1191552K), 0.0054470 secs] [Times: user=0.01 sys=0.00, real=0.00 secs] 
2014-07-08T01:57:04.992+0000: 665.618: [GC [PSYoungGen: 504570K->484K(487744K)] 606650K->102588K(1174720K), 0.0107870 secs] [Times: user=0.03 sys=0.00, real=0.01 secs] 
2014-07-08T01:57:06.016+0000: 666.642: [GC [PSYoungGen: 487716K->338K(471744K)] 589820K->102522K(1158720K), 0.0077940 secs] [Times: user=0.02 sys=0.00, real=0.00 secs] 
2014-07-08T01:57:07.101+0000: 667.727: [GC [PSYoungGen: 471698K->548K(456704K)] 573882K->102796K(1143680K), 0.0053620 secs] [Times: user=0.01 sys=0.00, real=0.01 secs] 
2014-07-08T01:57:07.981+0000: 668.607: [GC [PSYoungGen: 456676K->356K(441984K)] 558924K->102716K(1128960K), 0.0096880 secs] [Times: user=0.04 sys=0.00, real=0.01 secs] 
2014-07-08T01:57:08.985+0000: 669.611: [GC [PSYoungGen: 441956K->402K(428160K)] 544316K->102810K(1115136K), 0.0142440 secs] [Times: user=0.06 sys=0.00, real=0.02 secs] 
2014-07-08T01:57:09.843+0000: 670.469: [GC [PSYoungGen: 428114K->356K(414784K)] 530522K->102812K(1101760K), 0.0043870 secs] [Times: user=0.01 sys=0.00, real=0.01 secs] 
2014-07-08T01:57:10.786+0000: 671.412: [GC [PSYoungGen: 414756K->868K(402560K)] 517212K->103380K(1089536K), 0.0044770 secs] [Times: user=0.02 sys=0.01, real=0.00 secs] 
2014-07-08T01:57:11.586+0000: 672.212: [GC [PSYoungGen: 402532K->320K(389760K)] 505044K->102920K(1076736K), 0.0052740 secs] [Times: user=0.02 sys=0.00, real=0.00 secs] 
2014-07-08T01:57:12.407+0000: 673.033: [GC [PSYoungGen: 389760K->292K(378048K)] 492360K->102940K(1065024K), 0.0121510 secs] [Times: user=0.04 sys=0.00, real=0.01 secs] 
2014-07-08T01:57:13.236+0000: 673.862: [GC [PSYoungGen: 378020K->256K(366784K)] 480668K->102920K(1053760K), 0.0039240 secs] [Times: user=0.01 sys=0.00, real=0.00 secs] 
2014-07-08T01:57:14.004+0000: 674.630: [GC [PSYoungGen: 366784K->402K(356224K)] 469448K->103114K(1043200K), 0.0045170 secs] [Times: user=0.01 sys=0.00, real=0.01 secs] 
2014-07-08T01:57:14.863+0000: 675.489: [GC [PSYoungGen: 356177K->872K(427840K)] 458890K->103688K(1114816K), 0.0385470 secs] [Times: user=0.14 sys=0.00, real=0.04 secs] 
2014-07-08T01:57:15.693+0000: 676.319: [GC [PSYoungGen: 427814K->562K(512960K)] 530631K->103450K(1199936K), 0.0044330 secs] [Times: user=0.02 sys=0.01, real=0.01 secs] 
2014-07-08T01:57:16.817+0000: 677.443: [GC [PSYoungGen: 512946K->544K(615488K)] 615834K->103536K(1302464K), 0.0047410 secs] [Times: user=0.01 sys=0.00, real=0.00 secs] 
2014-07-08T01:57:18.080+0000: 678.706: [GC [PSYoungGen: 615456K->320K(593600K)] 718448K->103416K(1280576K), 0.0075190 secs] [Times: user=0.01 sys=0.00, real=0.01 secs] 
2014-07-08T01:57:19.341+0000: 679.967: [GC [PSYoungGen: 593599K->128K(572736K)] 696696K->103272K(1259712K), 0.0041680 secs] [Times: user=0.01 sys=0.00, real=0.00 secs] 
2014-07-08T01:57:20.568+0000: 681.194: [GC [PSYoungGen: 572736K->516K(553920K)] 675880K->103708K(1240896K), 0.0128210 secs] [Times: user=0.05 sys=0.00, real=0.01 secs] 
2014-07-08T01:57:21.765+0000: 682.391: [GC [PSYoungGen: 553412K->608K(534720K)] 656604K->103888K(1221696K), 0.0071510 secs] [Times: user=0.01 sys=0.00, real=0.01 secs] 
2014-07-08T01:57:22.889+0000: 683.515: [GC [PSYoungGen: 534683K->360K(516480K)] 637964K->103712K(1203456K), 0.0034200 secs] [Times: user=0.01 sys=0.00, real=0.00 secs] 
2014-07-08T01:57:23.997+0000: 684.623: [GC [PSYoungGen: 516456K->128K(499072K)] 619808K->103512K(1186048K), 0.0123030 secs] [Times: user=0.05 sys=0.00, real=0.02 secs] 
2014-07-08T01:57:25.061+0000: 685.687: [GC [PSYoungGen: 499072K->224K(482752K)] 602456K->103624K(1169728K), 0.0046330 secs] [Times: user=0.01 sys=0.00, real=0.00 secs] 
2014-07-08T01:57:26.156+0000: 686.782: [GC [PSYoungGen: 482718K->534K(467392K)] 586119K->104006K(1154368K), 0.0041370 secs] [Times: user=0.01 sys=0.00, real=0.01 secs] 
2014-07-08T01:57:27.149+0000: 687.775: [GC [PSYoungGen: 467342K->516K(452416K)] 570814K->104124K(1139392K), 0.0098690 secs] [Times: user=0.04 sys=0.00, real=0.01 secs] 
2014-07-08T01:57:28.061+0000: 688.687: [GC [PSYoungGen: 452356K->274K(437824K)] 555964K->103962K(1124800K), 0.0043490 secs] [Times: user=0.01 sys=0.00, real=0.00 secs] 
2014-07-08T01:57:28.997+0000: 689.623: [GC [PSYoungGen: 437778K->352K(424128K)] 541466K->104080K(1111104K), 0.0043980 secs] [Times: user=0.01 sys=0.00, real=0.01 secs] 
2014-07-08T01:57:29.930+0000: 690.556: [GC [PSYoungGen: 424096K->466K(509056K)] 527824K->104234K(1196032K), 0.0307090 secs] [Times: user=0.11 sys=0.00, real=0.03 secs] 
2014-07-08T01:57:30.997+0000: 691.623: [GC [PSYoungGen: 509010K->352K(610688K)] 612778K->104176K(1297664K), 0.0115030 secs] [Times: user=0.04 sys=0.01, real=0.02 secs] 
2014-07-08T01:57:32.304+0000: 692.930: [GC [PSYoungGen: 610656K->224K(589120K)] 714480K->104080K(1276096K), 0.0045090 secs] [Times: user=0.01 sys=0.00, real=0.01 secs] 
2014-07-08T01:57:33.667+0000: 694.293: [GC [PSYoungGen: 589029K->534K(569024K)] 692886K->104462K(1256000K), 0.0079060 secs] [Times: user=0.03 sys=0.00, real=0.01 secs] 
2014-07-08T01:57:34.804+0000: 695.430: [GC [PSYoungGen: 568982K->192K(549120K)] 672910K->104208K(1236096K), 0.0045580 secs] [Times: user=0.02 sys=0.00, real=0.00 secs] 
2014-07-08T01:57:35.978+0000: 696.604: [GC [PSYoungGen: 549062K->402K(659200K)] 653079K->104474K(1346176K), 0.0274130 secs] [Times: user=0.09 sys=0.00, real=0.03 secs] 
2014-07-08T01:57:37.369+0000: 697.995: [GC [PSYoungGen: 659154K->384K(635520K)] 763226K->104568K(1322496K), 0.0065790 secs] [Times: user=0.01 sys=0.00, real=0.00 secs] 
2014-07-08T01:57:38.705+0000: 699.331: [GC [PSYoungGen: 635520K->192K(612800K)] 739704K->104464K(1299776K), 0.0100430 secs] [Times: user=0.04 sys=0.00, real=0.01 secs] 
2014-07-08T01:57:40.022+0000: 700.648: [GC [PSYoungGen: 612794K->530K(591680K)] 717067K->104826K(1278656K), 0.0077460 secs] [Times: user=0.03 sys=0.00, real=0.01 secs] 
2014-07-08T01:57:41.324+0000: 701.950: [GC [PSYoungGen: 591634K->598K(571200K)] 695930K->104982K(1258176K), 0.0052060 secs] [Times: user=0.01 sys=0.00, real=0.00 secs] 
2014-07-08T01:57:42.496+0000: 703.122: [GC [PSYoungGen: 571158K->224K(551168K)] 675542K->104696K(1238144K), 0.0136930 secs] [Times: user=0.05 sys=0.00, real=0.01 secs] 
2014-07-08T01:57:43.667+0000: 704.293: [GC [PSYoungGen: 551136K->160K(532352K)] 655608K->104664K(1219328K), 0.0098350 secs] [Times: user=0.03 sys=0.00, real=0.01 secs] 
2014-07-08T01:57:44.807+0000: 705.433: [GC [PSYoungGen: 532320K->192K(514432K)] 636824K->104736K(1201408K), 0.0063070 secs] [Times: user=0.02 sys=0.00, real=0.01 secs] 
2014-07-08T01:57:45.909+0000: 706.535: [GC [PSYoungGen: 514432K->506K(497664K)] 618976K->105082K(1184640K), 0.0053800 secs] [Times: user=0.01 sys=0.00, real=0.01 secs] 
2014-07-08T01:57:46.978+0000: 707.604: [GC [PSYoungGen: 497658K->498K(481344K)] 602234K->105186K(1168320K), 0.0193630 secs] [Times: user=0.07 sys=0.00, real=0.02 secs] 
2014-07-08T01:57:48.002+0000: 708.628: [GC [PSYoungGen: 481275K->374K(465600K)] 585964K->105158K(1152576K), 0.0050890 secs] [Times: user=0.01 sys=0.01, real=0.00 secs] 
2014-07-08T01:57:49.004+0000: 709.630: [GC [PSYoungGen: 465590K->424K(450752K)] 570374K->105256K(1137728K), 0.0066440 secs] [Times: user=0.01 sys=0.01, real=0.00 secs] 
2014-07-08T01:57:49.979+0000: 710.605: [GC [PSYoungGen: 450728K->548K(436608K)] 555560K->105412K(1123584K), 0.0052470 secs] [Times: user=0.01 sys=0.00, real=0.01 secs] 
2014-07-08T01:57:50.905+0000: 711.531: [GC [PSYoungGen: 436580K->224K(422592K)] 541444K->105128K(1109568K), 0.0074510 secs] [Times: user=0.03 sys=0.00, real=0.01 secs] 
2014-07-08T01:57:51.804+0000: 712.430: [GC [PSYoungGen: 422560K->320K(409600K)] 527464K->105296K(1096576K), 0.0037470 secs] [Times: user=0.01 sys=0.00, real=0.00 secs] 
2014-07-08T01:57:52.685+0000: 713.311: [GC [PSYoungGen: 409586K->306K(397056K)] 514562K->105306K(1084032K), 0.0042010 secs] [Times: user=0.01 sys=0.00, real=0.00 secs] 
2014-07-08T01:57:53.540+0000: 714.166: [GC [PSYoungGen: 397042K->260K(385088K)] 502042K->105308K(1072064K), 0.0039130 secs] [Times: user=0.00 sys=0.00, real=0.01 secs] 
2014-07-08T01:57:54.406+0000: 715.032: [GC [PSYoungGen: 385028K->434K(373696K)] 490076K->105490K(1060672K), 0.0061760 secs] [Times: user=0.02 sys=0.00, real=0.01 secs] 
2014-07-08T01:57:55.166+0000: 715.792: [GC [PSYoungGen: 373654K->384K(362624K)] 478711K->105480K(1049600K), 0.0051880 secs] [Times: user=0.01 sys=0.00, real=0.00 secs] 
2014-07-08T01:57:55.931+0000: 716.557: [GC [PSYoungGen: 362624K->320K(352000K)] 467720K->105480K(1038976K), 0.0086620 secs] [Times: user=0.03 sys=0.00, real=0.01 secs] 
2014-07-08T01:57:56.693+0000: 717.319: [GC [PSYoungGen: 351913K->306K(341888K)] 457074K->105522K(1028864K), 0.0054960 secs] [Times: user=0.02 sys=0.00, real=0.00 secs] 
2014-07-08T01:57:57.409+0000: 718.035: [GC [PSYoungGen: 341807K->374K(332224K)] 447024K->105654K(1019200K), 0.0106140 secs] [Times: user=0.04 sys=0.00, real=0.01 secs] 
2014-07-08T01:57:58.183+0000: 718.809: [GC [PSYoungGen: 332214K->626K(398848K)] 437494K->105986K(1085824K), 0.0142980 secs] [Times: user=0.06 sys=0.00, real=0.01 secs] 
2014-07-08T01:57:58.974+0000: 719.600: [GC [PSYoungGen: 398834K->192K(478080K)] 504194K->105616K(1165056K), 0.0098270 secs] [Times: user=0.03 sys=0.00, real=0.01 secs] 
2014-07-08T01:58:00.005+0000: 720.631: [GC [PSYoungGen: 478080K->512K(574016K)] 583504K->105984K(1260992K), 0.0054570 secs] [Times: user=0.02 sys=0.00, real=0.00 secs] 
2014-07-08T01:58:01.233+0000: 721.859: [GC [PSYoungGen: 574016K->352K(554112K)] 679488K->105888K(1241088K), 0.0068350 secs] [Times: user=0.02 sys=0.00, real=0.00 secs] 
2014-07-08T01:58:02.424+0000: 723.050: [GC [PSYoungGen: 554080K->488K(535360K)] 659616K->106112K(1222336K), 0.0044030 secs] [Times: user=0.01 sys=0.00, real=0.00 secs] 
2014-07-08T01:58:03.552+0000: 724.178: [GC [PSYoungGen: 535336K->256K(517120K)] 640960K->105920K(1204096K), 0.0061790 secs] [Times: user=0.01 sys=0.00, real=0.01 secs] 
2014-07-08T01:58:04.664+0000: 725.290: [GC [PSYoungGen: 517120K->192K(499840K)] 622784K->105888K(1186816K), 0.0043180 secs] [Times: user=0.01 sys=0.00, real=0.00 secs] 
2014-07-08T01:58:05.835+0000: 726.461: [GC [PSYoungGen: 499840K->480K(483712K)] 605536K->106232K(1170688K), 0.0138580 secs] [Times: user=0.05 sys=0.00, real=0.01 secs] 
2014-07-08T01:58:07.117+0000: 727.743: [GC [PSYoungGen: 483680K->744K(468224K)] 589432K->107168K(1155200K), 0.0058670 secs] [Times: user=0.01 sys=0.00, real=0.00 secs] 
2014-07-08T01:58:08.123+0000: 728.749: [GC [PSYoungGen: 468195K->320K(452736K)] 574620K->107388K(1139712K), 0.0140080 secs] [Times: user=0.05 sys=0.00, real=0.02 secs] 
2014-07-08T01:58:08.996+0000: 729.622: [GC [PSYoungGen: 452736K->484K(438528K)] 559804K->107768K(1125504K), 0.0034530 secs] [Times: user=0.01 sys=0.00, real=0.00 secs] 
2014-07-08T01:58:09.801+0000: 730.427: [GC [PSYoungGen: 438500K->224K(424512K)] 545784K->107752K(1111488K), 0.0040350 secs] [Times: user=0.01 sys=0.00, real=0.01 secs] 
2014-07-08T01:58:10.657+0000: 731.283: [GC [PSYoungGen: 424480K->256K(411328K)] 532008K->107816K(1098304K), 0.0083600 secs] [Times: user=0.03 sys=0.00, real=0.01 secs] 
2014-07-08T01:58:11.494+0000: 732.120: [GC [PSYoungGen: 411328K->274K(398784K)] 518888K->107866K(1085760K), 0.0037900 secs] [Times: user=0.01 sys=0.00, real=0.01 secs] 
2014-07-08T01:58:12.371+0000: 732.997: [GC [PSYoungGen: 398738K->630K(387008K)] 506330K->108254K(1073984K), 0.0065710 secs] [Times: user=0.02 sys=0.00, real=0.01 secs] 
2014-07-08T01:58:13.129+0000: 733.755: [GC [PSYoungGen: 386998K->484K(375296K)] 494622K->108156K(1062272K), 0.0036430 secs] [Times: user=0.01 sys=0.00, real=0.00 secs] 
2014-07-08T01:58:13.926+0000: 734.552: [GC [PSYoungGen: 375260K->274K(364032K)] 482933K->107970K(1051008K), 0.0100360 secs] [Times: user=0.03 sys=0.00, real=0.01 secs] 
2014-07-08T01:58:14.708+0000: 735.334: [GC [PSYoungGen: 363959K->424K(436928K)] 471656K->108168K(1123904K), 0.0178250 secs] [Times: user=0.07 sys=0.00, real=0.02 secs] 
2014-07-08T01:58:15.645+0000: 736.271: [GC [PSYoungGen: 436811K->292K(524096K)] 544556K->108060K(1211072K), 0.0121640 secs] [Times: user=0.04 sys=0.00, real=0.01 secs] 
2014-07-08T01:58:16.770+0000: 737.396: [GC [PSYoungGen: 524068K->160K(506432K)] 631836K->108000K(1193408K), 0.0041920 secs] [Times: user=0.01 sys=0.00, real=0.00 secs] 
2014-07-08T01:58:17.867+0000: 738.493: [GC [PSYoungGen: 506400K->352K(607872K)] 614240K->108272K(1294848K), 0.0236510 secs] [Times: user=0.07 sys=0.00, real=0.02 secs] 
2014-07-08T01:58:19.185+0000: 739.811: [GC [PSYoungGen: 607840K->868K(729920K)] 715760K->108916K(1416896K), 0.0061100 secs] [Times: user=0.01 sys=0.01, real=0.00 secs] 
2014-07-08T01:58:20.708+0000: 741.334: [GC [PSYoungGen: 729892K->356K(702528K)] 837940K->108484K(1389504K), 0.0077150 secs] [Times: user=0.01 sys=0.00, real=0.00 secs] 
2014-07-08T01:58:22.247+0000: 742.873: [GC [PSYoungGen: 702500K->704K(677184K)] 810628K->108912K(1364160K), 0.0090790 secs] [Times: user=0.03 sys=0.00, real=0.01 secs] 
2014-07-08T01:58:23.667+0000: 744.293: [GC [PSYoungGen: 677184K->306K(652352K)] 785392K->108570K(1339328K), 0.0056790 secs] [Times: user=0.02 sys=0.00, real=0.00 secs] 
2014-07-08T01:58:25.056+0000: 745.682: [GC [PSYoungGen: 652338K->242K(628928K)] 760602K->108570K(1315904K), 0.0046870 secs] [Times: user=0.01 sys=0.01, real=0.00 secs] 
2014-07-08T01:58:26.466+0000: 747.092: [GC [PSYoungGen: 628914K->516K(606976K)] 737242K->108916K(1293952K), 0.0108280 secs] [Times: user=0.04 sys=0.00, real=0.02 secs] 
2014-07-08T01:58:27.707+0000: 748.333: [GC [PSYoungGen: 606844K->306K(585472K)] 715245K->108810K(1272448K), 0.0088310 secs] [Times: user=0.03 sys=0.00, real=0.01 secs] 
2014-07-08T01:58:28.944+0000: 749.570: [GC [PSYoungGen: 585458K->224K(702464K)] 693962K->108824K(1389440K), 0.0272410 secs] [Times: user=0.09 sys=0.01, real=0.03 secs] 
2014-07-08T01:58:30.460+0000: 751.086: [GC [PSYoungGen: 702432K->420K(676992K)] 811032K->109100K(1363968K), 0.0061560 secs] [Times: user=0.01 sys=0.00, real=0.00 secs] 
2014-07-08T01:58:31.904+0000: 752.530: [GC [PSYoungGen: 676897K->516K(812480K)] 785577K->109284K(1499456K), 0.0236170 secs] [Times: user=0.08 sys=0.00, real=0.03 secs] 
2014-07-08T01:58:33.649+0000: 754.275: [GC [PSYoungGen: 812420K->406K(781568K)] 921188K->109238K(1468544K), 0.0044590 secs] [Times: user=0.01 sys=0.00, real=0.00 secs] 
2014-07-08T01:58:35.352+0000: 755.978: [GC [PSYoungGen: 781491K->776K(752640K)] 890324K->109656K(1439616K), 0.0042550 secs] [Times: user=0.01 sys=0.00, real=0.00 secs] 
2014-07-08T01:58:36.926+0000: 757.552: [GC [PSYoungGen: 752556K->324K(724224K)] 861437K->109292K(1411200K), 0.0052970 secs] [Times: user=0.01 sys=0.00, real=0.01 secs] 
2014-07-08T01:58:38.512+0000: 759.138: [GC [PSYoungGen: 724125K->402K(697600K)] 833093K->109490K(1384576K), 0.0061580 secs] [Times: user=0.02 sys=0.00, real=0.01 secs] 
2014-07-08T01:58:39.968+0000: 760.594: [GC [PSYoungGen: 697554K->288K(672064K)] 806642K->109488K(1359040K), 0.0077530 secs] [Times: user=0.01 sys=0.00, real=0.01 secs] 
2014-07-08T01:58:41.445+0000: 762.071: [GC [PSYoungGen: 672032K->562K(648064K)] 781232K->109802K(1335040K), 0.0057940 secs] [Times: user=0.02 sys=0.00, real=0.01 secs] 
2014-07-08T01:58:42.784+0000: 763.410: [GC [PSYoungGen: 648050K->160K(624576K)] 757290K->109472K(1311552K), 0.0095320 secs] [Times: user=0.03 sys=0.00, real=0.01 secs] 
2014-07-08T01:58:44.121+0000: 764.747: [GC [PSYoungGen: 624544K->402K(602752K)] 733856K->109762K(1289728K), 0.0148310 secs] [Times: user=0.06 sys=0.00, real=0.01 secs] 
2014-07-08T01:58:45.493+0000: 766.119: [GC [PSYoungGen: 602684K->726K(582016K)] 712045K->110134K(1268992K), 0.0144900 secs] [Times: user=0.06 sys=0.00, real=0.01 secs] 
2014-07-08T01:58:46.717+0000: 767.343: [GC [PSYoungGen: 581971K->520K(561728K)] 691380K->110056K(1248704K), 0.0047830 secs] [Times: user=0.01 sys=0.01, real=0.01 secs] 
2014-07-08T01:58:47.856+0000: 768.482: [GC [PSYoungGen: 561672K->192K(542144K)] 671208K->109824K(1229120K), 0.0140400 secs] [Times: user=0.05 sys=0.00, real=0.01 secs] 
2014-07-08T01:58:49.019+0000: 769.645: [GC [PSYoungGen: 542111K->278K(523968K)] 651744K->109966K(1210944K), 0.0043100 secs] [Times: user=0.01 sys=0.00, real=0.01 secs] 
2014-07-08T01:58:50.163+0000: 770.789: [GC [PSYoungGen: 523925K->644K(506816K)] 633614K->110364K(1193792K), 0.0104920 secs] [Times: user=0.04 sys=0.01, real=0.01 secs] 
2014-07-08T01:58:51.261+0000: 771.887: [GC [PSYoungGen: 506756K->736K(490176K)] 616476K->110504K(1177152K), 0.0049440 secs] [Times: user=0.01 sys=0.00, real=0.00 secs] 
2014-07-08T01:58:52.304+0000: 772.930: [GC [PSYoungGen: 490109K->374K(473792K)] 599878K->110550K(1160768K), 0.0054700 secs] [Times: user=0.01 sys=0.00, real=0.00 secs] 
2014-07-08T01:58:53.295+0000: 773.921: [GC [PSYoungGen: 473722K->530K(458688K)] 583899K->110762K(1145664K), 0.0111420 secs] [Times: user=0.02 sys=0.00, real=0.01 secs] 
2014-07-08T01:58:54.274+0000: 774.900: [GC [PSYoungGen: 458642K->466K(443968K)] 568874K->110802K(1130944K), 0.0037840 secs] [Times: user=0.01 sys=0.00, real=0.00 secs] 
2014-07-08T01:58:55.228+0000: 775.854: [GC [PSYoungGen: 443922K->772K(430272K)] 554258K->111140K(1117248K), 0.0134200 secs] [Times: user=0.05 sys=0.00, real=0.02 secs] 
2014-07-08T01:58:56.142+0000: 776.768: [GC [PSYoungGen: 430212K->612K(515968K)] 540580K->111140K(1202944K), 0.0159090 secs] [Times: user=0.06 sys=0.01, real=0.01 secs] 
2014-07-08T01:58:57.288+0000: 777.914: [GC [PSYoungGen: 515940K->676K(619136K)] 626468K->111276K(1306112K), 0.0157870 secs] [Times: user=0.05 sys=0.00, real=0.02 secs] 
2014-07-08T01:58:58.556+0000: 779.182: [GC [PSYoungGen: 619108K->324K(742528K)] 729708K->111084K(1429504K), 0.0122180 secs] [Times: user=0.04 sys=0.00, real=0.01 secs] 
2014-07-08T01:59:00.138+0000: 780.764: [GC [PSYoungGen: 742468K->466K(891136K)] 853228K->111298K(1578112K), 0.0172810 secs] [Times: user=0.06 sys=0.01, real=0.02 secs] 
2014-07-08T01:59:02.051+0000: 782.677: [GC [PSYoungGen: 891090K->402K(856576K)] 1001922K->111266K(1543552K), 0.0100200 secs] [Times: user=0.04 sys=0.00, real=0.01 secs] 
2014-07-08T01:59:03.871+0000: 784.497: [GC [PSYoungGen: 856525K->274K(823552K)] 967390K->111194K(1510528K), 0.0048870 secs] [Times: user=0.01 sys=0.00, real=0.01 secs] 
2014-07-08T01:59:05.631+0000: 786.257: [GC [PSYoungGen: 823506K->338K(792320K)] 934426K->111354K(1479296K), 0.0044630 secs] [Times: user=0.01 sys=0.00, real=0.01 secs] 
2014-07-08T01:59:07.383+0000: 788.009: [GC [PSYoungGen: 792274K->644K(762816K)] 903290K->111748K(1449792K), 0.0056170 secs] [Times: user=0.02 sys=0.00, real=0.00 secs] 
2014-07-08T01:59:08.945+0000: 789.571: [GC [PSYoungGen: 762723K->242K(733952K)] 873828K->111466K(1420928K), 0.0053880 secs] [Times: user=0.01 sys=0.00, real=0.00 secs] 
2014-07-08T01:59:10.537+0000: 791.163: [GC [PSYoungGen: 733938K->338K(706944K)] 845162K->111610K(1393920K), 0.0050240 secs] [Times: user=0.01 sys=0.00, real=0.00 secs] 
2014-07-08T01:59:12.064+0000: 792.690: [GC [PSYoungGen: 706897K->580K(681344K)] 818169K->111924K(1368320K), 0.0143260 secs] [Times: user=0.05 sys=0.00, real=0.01 secs] 
2014-07-08T01:59:13.493+0000: 794.119: [GC [PSYoungGen: 681284K->320K(656384K)] 792628K->111744K(1343360K), 0.0040420 secs] [Times: user=0.01 sys=0.00, real=0.01 secs] 
2014-07-08T01:59:14.878+0000: 795.504: [GC [PSYoungGen: 656384K->256K(632832K)] 767808K->111744K(1319808K), 0.0100070 secs] [Times: user=0.04 sys=0.00, real=0.01 secs] 
2014-07-08T01:59:16.310+0000: 796.936: [GC [PSYoungGen: 632830K->946K(611072K)] 744319K->112490K(1298048K), 0.0116190 secs] [Times: user=0.05 sys=0.00, real=0.01 secs] 
2014-07-08T01:59:17.579+0000: 798.205: [GC [PSYoungGen: 611058K->402K(589120K)] 722602K->112082K(1276096K), 0.0115270 secs] [Times: user=0.04 sys=0.01, real=0.01 secs] 
2014-07-08T01:59:18.804+0000: 799.430: [GC [PSYoungGen: 589074K->178K(568448K)] 700754K->111970K(1255424K), 0.0049000 secs] [Times: user=0.00 sys=0.00, real=0.00 secs] 
2014-07-08T01:59:20.024+0000: 800.650: [GC [PSYoungGen: 568434K->192K(548928K)] 680226K->112048K(1235904K), 0.0112890 secs] [Times: user=0.04 sys=0.00, real=0.01 secs] 
2014-07-08T01:59:21.243+0000: 801.869: [GC [PSYoungGen: 548928K->736K(530880K)] 660784K->112616K(1217856K), 0.0059230 secs] [Times: user=0.01 sys=0.00, real=0.01 secs] 
2014-07-08T01:59:22.422+0000: 803.048: [GC [PSYoungGen: 530848K->726K(513088K)] 642728K->112654K(1200064K), 0.0072130 secs] [Times: user=0.02 sys=0.00, real=0.01 secs] 
2014-07-08T01:59:23.500+0000: 804.126: [GC [PSYoungGen: 513016K->484K(495808K)] 624945K->112508K(1182784K), 0.0037700 secs] [Times: user=0.01 sys=0.00, real=0.00 secs] 
2014-07-08T01:59:24.491+0000: 805.117: [GC [PSYoungGen: 495780K->288K(479360K)] 607804K->112376K(1166336K), 0.0104920 secs] [Times: user=0.04 sys=0.01, real=0.01 secs] 
2014-07-08T01:59:25.516+0000: 806.142: [GC [PSYoungGen: 479328K->338K(463872K)] 591416K->112450K(1150848K), 0.0039720 secs] [Times: user=0.01 sys=0.00, real=0.00 secs] 
2014-07-08T01:59:26.525+0000: 807.151: [GC [PSYoungGen: 463826K->452K(556736K)] 575938K->112636K(1243712K), 0.0243620 secs] [Times: user=0.09 sys=0.00, real=0.03 secs] 
2014-07-08T01:59:27.721+0000: 808.347: [GC [PSYoungGen: 556674K->370K(537664K)] 668859K->112618K(1224640K), 0.0043060 secs] [Times: user=0.01 sys=0.00, real=0.00 secs] 
2014-07-08T01:59:28.866+0000: 809.492: [GC [PSYoungGen: 537650K->338K(519552K)] 649898K->112682K(1206528K), 0.0048490 secs] [Times: user=0.01 sys=0.00, real=0.01 secs] 
2014-07-08T01:59:29.959+0000: 810.585: [GC [PSYoungGen: 519506K->178K(502016K)] 631850K->112602K(1188992K), 0.0060160 secs] [Times: user=0.01 sys=0.00, real=0.00 secs] 
2014-07-08T01:59:31.035+0000: 811.661: [GC [PSYoungGen: 502002K->292K(485568K)] 614426K->112756K(1172544K), 0.0059650 secs] [Times: user=0.02 sys=0.00, real=0.01 secs] 
2014-07-08T01:59:32.077+0000: 812.703: [GC [PSYoungGen: 485540K->370K(469824K)] 598004K->112866K(1156800K), 0.0045340 secs] [Times: user=0.01 sys=0.00, real=0.00 secs] 
2014-07-08T01:59:33.082+0000: 813.708: [GC [PSYoungGen: 469810K->192K(454528K)] 582306K->112728K(1141504K), 0.0061850 secs] [Times: user=0.00 sys=0.00, real=0.01 secs] 
2014-07-08T01:59:34.053+0000: 814.679: [GC [PSYoungGen: 454528K->210K(440128K)] 567064K->112778K(1127104K), 0.0053760 secs] [Times: user=0.01 sys=0.01, real=0.01 secs] 
2014-07-08T01:59:35.001+0000: 815.627: [GC [PSYoungGen: 440082K->356K(426432K)] 552650K->112956K(1113408K), 0.0066080 secs] [Times: user=0.02 sys=0.00, real=0.01 secs] 
2014-07-08T01:59:35.910+0000: 816.536: [GC [PSYoungGen: 426404K->260K(413120K)] 539004K->112900K(1100096K), 0.0041310 secs] [Times: user=0.01 sys=0.00, real=0.00 secs] 
2014-07-08T01:59:36.832+0000: 817.458: [GC [PSYoungGen: 413060K->626K(400768K)] 525700K->113370K(1087744K), 0.0163460 secs] [Times: user=0.06 sys=0.00, real=0.02 secs] 
2014-07-08T01:59:37.665+0000: 818.291: [GC [PSYoungGen: 400754K->370K(388352K)] 513498K->113218K(1075328K), 0.0067140 secs] [Times: user=0.01 sys=0.00, real=0.01 secs] 
2014-07-08T01:59:38.508+0000: 819.134: [GC [PSYoungGen: 388338K->320K(376640K)] 501186K->113240K(1063616K), 0.0105180 secs] [Times: user=0.04 sys=0.00, real=0.01 secs] 
2014-07-08T01:59:39.290+0000: 819.916: [GC [PSYoungGen: 376640K->416K(452032K)] 489560K->113400K(1139008K), 0.0166130 secs] [Times: user=0.05 sys=0.00, real=0.01 secs] 
2014-07-08T01:59:40.329+0000: 820.955: [GC [PSYoungGen: 452000K->676K(542656K)] 564984K->113764K(1229632K), 0.0307230 secs] [Times: user=0.11 sys=0.00, real=0.03 secs] 
2014-07-08T01:59:41.524+0000: 822.150: [GC [PSYoungGen: 542628K->804K(651200K)] 655716K->114220K(1338176K), 0.0275920 secs] [Times: user=0.10 sys=0.01, real=0.03 secs] 
2014-07-08T01:59:43.342+0000: 823.968: [GC [PSYoungGen: 651172K->192K(780672K)] 764588K->114916K(1467648K), 0.0084780 secs] [Times: user=0.01 sys=0.00, real=0.01 secs] 
2014-07-08T01:59:45.517+0000: 826.143: [GC [PSYoungGen: 780672K->978K(937600K)] 895396K->115902K(1624576K), 0.0075160 secs] [Times: user=0.02 sys=0.01, real=0.01 secs] 
2014-07-08T01:59:47.765+0000: 828.391: [GC [PSYoungGen: 937554K->850K(900800K)] 1052478K->116278K(1587776K), 0.0072490 secs] [Times: user=0.02 sys=0.00, real=0.01 secs] 
2014-07-08T01:59:49.258+0000: 829.884: [GC [PSYoungGen: 900754K->456K(865472K)] 1016182K->116109K(1552448K), 0.0050670 secs] [Times: user=0.01 sys=0.00, real=0.01 secs] 
2014-07-08T01:59:50.905+0000: 831.531: [GC [PSYoungGen: 865416K->470K(832192K)] 981069K->116187K(1519168K), 0.0044860 secs] [Times: user=0.01 sys=0.00, real=0.01 secs] 
2014-07-08T01:59:52.527+0000: 833.153: [GC [PSYoungGen: 832150K->498K(800448K)] 947867K->116286K(1487424K), 0.0081420 secs] [Times: user=0.03 sys=0.00, real=0.01 secs] 
2014-07-08T01:59:54.079+0000: 834.705: [GC [PSYoungGen: 800427K->598K(770368K)] 916216K->116467K(1457344K), 0.0042620 secs] [Times: user=0.02 sys=0.00, real=0.01 secs] 
2014-07-08T01:59:55.591+0000: 836.217: [GC [PSYoungGen: 770326K->708K(741696K)] 886195K->116616K(1428672K), 0.0039140 secs] [Times: user=0.01 sys=0.01, real=0.00 secs] 
2014-07-08T01:59:57.128+0000: 837.754: [GC [PSYoungGen: 741636K->434K(713920K)] 857544K->116446K(1400896K), 0.0082380 secs] [Times: user=0.02 sys=0.00, real=0.01 secs] 
2014-07-08T01:59:58.584+0000: 839.209: [GC [PSYoungGen: 713906K->566K(687872K)] 829918K->116690K(1374848K), 0.0053040 secs] [Times: user=0.01 sys=0.00, real=0.00 secs] 
2014-07-08T02:00:00.023+0000: 840.649: [GC [PSYoungGen: 687862K->548K(662912K)] 803986K->116720K(1349888K), 0.0051710 secs] [Times: user=0.01 sys=0.00, real=0.00 secs] 
2014-07-08T02:00:01.429+0000: 842.055: [GC [PSYoungGen: 662884K->224K(638784K)] 779056K->116460K(1325760K), 0.0039450 secs] [Times: user=0.01 sys=0.00, real=0.01 secs] 
2014-07-08T02:00:02.813+0000: 843.439: [GC [PSYoungGen: 638752K->744K(616576K)] 754988K->117085K(1303552K), 0.0182510 secs] [Times: user=0.06 sys=0.00, real=0.02 secs] 
2014-07-08T02:00:04.095+0000: 844.721: [GC [PSYoungGen: 616552K->306K(594432K)] 732893K->116718K(1281408K), 0.0095470 secs] [Times: user=0.04 sys=0.00, real=0.01 secs] 
2014-07-08T02:00:05.359+0000: 845.985: [GC [PSYoungGen: 594418K->288K(573760K)] 710830K->116716K(1260736K), 0.0045250 secs] [Times: user=0.01 sys=0.00, real=0.01 secs] 
2014-07-08T02:00:06.607+0000: 847.233: [GC [PSYoungGen: 573728K->534K(554240K)] 690156K->117051K(1241216K), 0.0053400 secs] [Times: user=0.02 sys=0.00, real=0.01 secs] 
2014-07-08T02:00:07.818+0000: 848.444: [GC [PSYoungGen: 554198K->594K(535424K)] 670715K->117182K(1222400K), 0.0131760 secs] [Times: user=0.03 sys=0.00, real=0.01 secs] 
2014-07-08T02:00:08.995+0000: 849.621: [GC [PSYoungGen: 535327K->598K(517440K)] 651916K->117298K(1204416K), 0.0077420 secs] [Times: user=0.02 sys=0.00, real=0.01 secs] 
2014-07-08T02:00:10.030+0000: 850.656: [GC [PSYoungGen: 517398K->484K(620672K)] 634098K->117280K(1307648K), 0.0223960 secs] [Times: user=0.07 sys=0.01, real=0.03 secs] 
2014-07-08T02:00:11.358+0000: 851.984: [GC [PSYoungGen: 620644K->192K(598464K)] 737440K->117036K(1285440K), 0.0031710 secs] [Times: user=0.01 sys=0.00, real=0.00 secs] 
2014-07-08T02:00:12.667+0000: 853.293: [GC [PSYoungGen: 598464K->626K(578048K)] 715308K->117542K(1265024K), 0.0170730 secs] [Times: user=0.06 sys=0.01, real=0.02 secs] 
2014-07-08T02:00:13.919+0000: 854.545: [GC [PSYoungGen: 578034K->320K(557824K)] 694950K->117268K(1244800K), 0.0049580 secs] [Times: user=0.02 sys=0.00, real=0.01 secs] 
2014-07-08T02:00:15.108+0000: 855.734: [GC [PSYoungGen: 557824K->338K(538880K)] 674772K->117350K(1225856K), 0.0088460 secs] [Times: user=0.03 sys=0.00, real=0.01 secs] 
2014-07-08T02:00:16.241+0000: 856.867: [GC [PSYoungGen: 538740K->324K(520704K)] 655753K->117424K(1207680K), 0.0041760 secs] [Times: user=0.01 sys=0.00, real=0.01 secs] 
2014-07-08T02:00:17.358+0000: 857.984: [GC [PSYoungGen: 520644K->224K(503232K)] 637744K->117372K(1190208K), 0.0053110 secs] [Times: user=0.02 sys=0.00, real=0.01 secs] 
2014-07-08T02:00:18.430+0000: 859.056: [GC [PSYoungGen: 503200K->210K(486656K)] 620348K->117438K(1173632K), 0.0137630 secs] [Times: user=0.05 sys=0.00, real=0.02 secs] 
2014-07-08T02:00:19.486+0000: 860.112: [GC [PSYoungGen: 486609K->370K(470912K)] 603838K->117670K(1157888K), 0.0070880 secs] [Times: user=0.03 sys=0.00, real=0.00 secs] 
2014-07-08T02:00:20.498+0000: 861.124: [GC [PSYoungGen: 470898K->466K(455872K)] 588198K->117822K(1142848K), 0.0059650 secs] [Times: user=0.01 sys=0.00, real=0.00 secs] 
2014-07-08T02:00:21.473+0000: 862.099: [GC [PSYoungGen: 455826K->128K(440960K)] 573182K->117548K(1127936K), 0.0040200 secs] [Times: user=0.01 sys=0.00, real=0.01 secs] 
2014-07-08T02:00:22.423+0000: 863.049: [GC [PSYoungGen: 440960K->224K(427840K)] 558380K->117700K(1114816K), 0.0167400 secs] [Times: user=0.06 sys=0.00, real=0.02 secs] 
2014-07-08T02:00:23.340+0000: 863.966: [GC [PSYoungGen: 427168K->128K(413824K)] 544644K->117644K(1100800K), 0.0056640 secs] [Times: user=0.01 sys=0.00, real=0.01 secs] 
2014-07-08T02:00:24.226+0000: 864.852: [GC [PSYoungGen: 413824K->192K(401152K)] 531340K->117732K(1088128K), 0.0039560 secs] [Times: user=0.01 sys=0.00, real=0.00 secs] 
2014-07-08T02:00:25.081+0000: 865.707: [GC [PSYoungGen: 401152K->288K(481472K)] 518692K->117868K(1168448K), 0.0205440 secs] [Times: user=0.06 sys=0.00, real=0.02 secs] 
2014-07-08T02:00:26.173+0000: 866.799: [GC [PSYoungGen: 481440K->434K(465984K)] 599020K->118070K(1152960K), 0.0050200 secs] [Times: user=0.01 sys=0.00, real=0.01 secs] 
2014-07-08T02:00:27.113+0000: 867.739: [GC [PSYoungGen: 465970K->274K(450880K)] 583606K->118006K(1137856K), 0.0042890 secs] [Times: user=0.01 sys=0.00, real=0.01 secs] 
2014-07-08T02:00:28.140+0000: 868.766: [GC [PSYoungGen: 450834K->498K(541184K)] 568566K->118302K(1228160K), 0.0170640 secs] [Times: user=0.06 sys=0.00, real=0.02 secs] 
2014-07-08T02:00:29.230+0000: 869.856: [GC [PSYoungGen: 541142K->356K(522752K)] 658947K->118264K(1209728K), 0.0066520 secs] [Times: user=0.03 sys=0.00, real=0.01 secs] 
2014-07-08T02:00:30.352+0000: 870.978: [GC [PSYoungGen: 522724K->402K(505344K)] 640632K->118342K(1192320K), 0.0048960 secs] [Times: user=0.01 sys=0.00, real=0.01 secs] 
2014-07-08T02:00:31.426+0000: 872.052: [GC [PSYoungGen: 505298K->324K(488576K)] 623238K->118344K(1175552K), 0.0133220 secs] [Times: user=0.05 sys=0.00, real=0.01 secs] 
2014-07-08T02:00:32.467+0000: 873.093: [GC [PSYoungGen: 488516K->160K(472448K)] 606536K->118204K(1159424K), 0.0104190 secs] [Times: user=0.04 sys=0.00, real=0.01 secs] 
2014-07-08T02:00:33.485+0000: 874.111: [GC [PSYoungGen: 472416K->388K(457472K)] 590460K->118504K(1144448K), 0.0102920 secs] [Times: user=0.04 sys=0.00, real=0.01 secs] 
2014-07-08T02:00:34.461+0000: 875.087: [GC [PSYoungGen: 457412K->292K(442752K)] 575528K->118440K(1129728K), 0.0041340 secs] [Times: user=0.01 sys=0.00, real=0.00 secs] 
2014-07-08T02:00:35.408+0000: 876.034: [GC [PSYoungGen: 442650K->160K(428672K)] 560799K->118332K(1115648K), 0.0070670 secs] [Times: user=0.03 sys=0.00, real=0.00 secs] 
2014-07-08T02:00:36.329+0000: 876.955: [GC [PSYoungGen: 428611K->310K(415424K)] 546784K->118546K(1102400K), 0.0144430 secs] [Times: user=0.05 sys=0.01, real=0.01 secs] 
2014-07-08T02:00:37.228+0000: 877.854: [GC [PSYoungGen: 415414K->370K(402688K)] 533650K->118630K(1089664K), 0.0074930 secs] [Times: user=0.01 sys=0.00, real=0.00 secs] 
2014-07-08T02:00:38.158+0000: 878.784: [GC [PSYoungGen: 402583K->630K(483456K)] 520844K->119010K(1170432K), 0.0202930 secs] [Times: user=0.07 sys=0.00, real=0.02 secs] 
2014-07-08T02:00:39.155+0000: 879.781: [GC [PSYoungGen: 483446K->306K(579712K)] 601826K->118814K(1266688K), 0.0044990 secs] [Times: user=0.01 sys=0.01, real=0.01 secs] 
2014-07-08T02:00:40.352+0000: 880.978: [GC [PSYoungGen: 579698K->192K(559552K)] 698206K->118764K(1246528K), 0.0077440 secs] [Times: user=0.03 sys=0.00, real=0.01 secs] 
2014-07-08T02:00:41.552+0000: 882.178: [GC [PSYoungGen: 559552K->192K(540416K)] 678124K->118820K(1227392K), 0.0119040 secs] [Times: user=0.05 sys=0.00, real=0.01 secs] 
2014-07-08T02:00:42.769+0000: 883.395: [GC [PSYoungGen: 540416K->690K(522688K)] 659044K->119726K(1209664K), 0.0077550 secs] [Times: user=0.02 sys=0.00, real=0.00 secs] 
2014-07-08T02:00:43.846+0000: 884.472: [GC [PSYoungGen: 522674K->434K(626880K)] 641710K->119526K(1313856K), 0.0326430 secs] [Times: user=0.11 sys=0.00, real=0.04 secs] 
2014-07-08T02:00:45.174+0000: 885.800: [GC [PSYoungGen: 626866K->192K(751936K)] 745958K->119420K(1438912K), 0.0197140 secs] [Times: user=0.06 sys=0.00, real=0.02 secs] 
2014-07-08T02:00:46.888+0000: 887.514: [GC [PSYoungGen: 751928K->658K(902848K)] 871156K->119958K(1589824K), 0.0117910 secs] [Times: user=0.04 sys=0.00, real=0.02 secs] 
2014-07-08T02:00:48.749+0000: 889.375: [GC [PSYoungGen: 902802K->900K(1083584K)] 1022102K->120328K(1770560K), 0.0099300 secs] [Times: user=0.01 sys=0.00, real=0.01 secs] 
2014-07-08T02:00:51.023+0000: 891.649: [GC [PSYoungGen: 1083524K->224K(1039168K)] 1202952K->119780K(1726144K), 0.0047710 secs] [Times: user=0.01 sys=0.00, real=0.01 secs] 
2014-07-08T02:00:53.393+0000: 894.019: [GC [PSYoungGen: 1039136K->594K(997952K)] 1158692K->120246K(1684928K), 0.0094920 secs] [Times: user=0.02 sys=0.01, real=0.01 secs] 
2014-07-08T02:00:55.583+0000: 896.209: [GC [PSYoungGen: 997827K->850K(958592K)] 1117480K->120622K(1645568K), 0.0055180 secs] [Times: user=0.02 sys=0.00, real=0.00 secs] 
2014-07-08T02:00:58.030+0000: 898.656: [GC [PSYoungGen: 958546K->1152K(921152K)] 1078318K->121156K(1608128K), 0.0371320 secs] [Times: user=0.13 sys=0.01, real=0.03 secs] 
2014-07-08T02:00:59.822+0000: 900.448: [GC [PSYoungGen: 921152K->320K(884416K)] 1041156K->120652K(1571392K), 0.0040130 secs] [Times: user=0.01 sys=0.00, real=0.00 secs] 
2014-07-08T02:01:01.568+0000: 902.194: [GC [PSYoungGen: 884416K->484K(850432K)] 1004748K->120928K(1537408K), 0.0056100 secs] [Times: user=0.01 sys=0.00, real=0.01 secs] 
2014-07-08T02:01:03.291+0000: 903.917: [GC [PSYoungGen: 850404K->690K(818048K)] 970848K->121222K(1505024K), 0.0125680 secs] [Times: user=0.05 sys=0.00, real=0.01 secs] 
2014-07-08T02:01:04.913+0000: 905.539: [GC [PSYoungGen: 818034K->192K(786496K)] 938566K->120796K(1473472K), 0.0083650 secs] [Times: user=0.03 sys=0.00, real=0.01 secs] 
2014-07-08T02:01:06.577+0000: 907.203: [GC [PSYoungGen: 786496K->520K(757312K)] 907100K->121180K(1444288K), 0.0146200 secs] [Times: user=0.05 sys=0.00, real=0.02 secs] 
2014-07-08T02:01:08.218+0000: 908.844: [GC [PSYoungGen: 757256K->786K(729344K)] 877916K->121550K(1416320K), 0.0081550 secs] [Times: user=0.02 sys=0.00, real=0.01 secs] 
2014-07-08T02:01:09.771+0000: 910.397: [GC [PSYoungGen: 729298K->320K(701952K)] 850062K->121180K(1388928K), 0.0038080 secs] [Times: user=0.01 sys=0.00, real=0.01 secs] 
2014-07-08T02:01:11.279+0000: 911.905: [GC [PSYoungGen: 701952K->594K(676672K)] 822812K->121558K(1363648K), 0.0139560 secs] [Times: user=0.05 sys=0.00, real=0.02 secs] 
2014-07-08T02:01:12.704+0000: 913.330: [GC [PSYoungGen: 676626K->388K(652032K)] 797590K->121408K(1339008K), 0.0069320 secs] [Times: user=0.02 sys=0.00, real=0.00 secs] 
2014-07-08T02:01:14.099+0000: 914.725: [GC [PSYoungGen: 651972K->352K(628672K)] 772992K->121436K(1315648K), 0.0075390 secs] [Times: user=0.02 sys=0.00, real=0.01 secs] 
2014-07-08T02:01:15.480+0000: 916.106: [GC [PSYoungGen: 628640K->612K(606656K)] 749724K->121776K(1293632K), 0.0179440 secs] [Times: user=0.05 sys=0.00, real=0.02 secs] 
2014-07-08T02:01:16.731+0000: 917.357: [GC [PSYoungGen: 606628K->160K(584960K)] 727792K->121436K(1271936K), 0.0045040 secs] [Times: user=0.01 sys=0.00, real=0.01 secs] 
2014-07-08T02:01:17.987+0000: 918.613: [GC [PSYoungGen: 584850K->470K(564992K)] 706127K->121826K(1251968K), 0.0077500 secs] [Times: user=0.03 sys=0.00, real=0.01 secs] 
2014-07-08T02:01:19.219+0000: 919.845: [GC [PSYoungGen: 564950K->676K(545856K)] 686306K->122104K(1232832K), 0.0096100 secs] [Times: user=0.03 sys=0.00, real=0.01 secs] 
2014-07-08T02:01:20.425+0000: 921.051: [GC [PSYoungGen: 545828K->640K(527296K)] 667256K->122132K(1214272K), 0.0061580 secs] [Times: user=0.01 sys=0.01, real=0.00 secs] 
2014-07-08T02:01:21.498+0000: 922.124: [GC [PSYoungGen: 527296K->402K(509440K)] 648788K->121998K(1196416K), 0.0092090 secs] [Times: user=0.04 sys=0.00, real=0.01 secs] 
2014-07-08T02:01:22.595+0000: 923.221: [GC [PSYoungGen: 509334K->192K(492352K)] 630931K->121820K(1179328K), 0.0044370 secs] [Times: user=0.01 sys=0.00, real=0.00 secs] 
2014-07-08T02:01:23.728+0000: 924.354: [GC [PSYoungGen: 492302K->466K(476544K)] 613931K->122126K(1163520K), 0.0107800 secs] [Times: user=0.04 sys=0.00, real=0.01 secs] 
2014-07-08T02:01:24.684+0000: 925.310: [GC [PSYoungGen: 476498K->192K(460800K)] 598158K->121916K(1147776K), 0.0046470 secs] [Times: user=0.01 sys=0.00, real=0.00 secs] 
2014-07-08T02:01:25.672+0000: 926.298: [GC [PSYoungGen: 460741K->320K(446208K)] 582466K->122100K(1133184K), 0.0095320 secs] [Times: user=0.03 sys=0.00, real=0.01 secs] 
2014-07-08T02:01:26.629+0000: 927.255: [GC [PSYoungGen: 446158K->228K(432064K)] 567939K->122072K(1119040K), 0.0046920 secs] [Times: user=0.01 sys=0.00, real=0.00 secs] 
2014-07-08T02:01:27.592+0000: 928.218: [GC [PSYoungGen: 432036K->402K(418752K)] 553880K->122294K(1105728K), 0.0147330 secs] [Times: user=0.05 sys=0.00, real=0.02 secs] 
2014-07-08T02:01:28.503+0000: 929.129: [GC [PSYoungGen: 418706K->626K(502656K)] 540598K->122606K(1189632K), 0.0135110 secs] [Times: user=0.05 sys=0.00, real=0.02 secs] 
2014-07-08T02:01:29.607+0000: 930.233: [GC [PSYoungGen: 502642K->662K(603136K)] 624622K->122699K(1290112K), 0.0311510 secs] [Times: user=0.11 sys=0.00, real=0.03 secs] 
2014-07-08T02:01:30.826+0000: 931.452: [GC [PSYoungGen: 603094K->192K(723136K)] 725131K->122308K(1410112K), 0.0192020 secs] [Times: user=0.06 sys=0.00, real=0.02 secs] 
2014-07-08T02:01:32.378+0000: 933.004: [GC [PSYoungGen: 723129K->128K(867712K)] 845246K->122284K(1554688K), 0.0050330 secs] [Times: user=0.02 sys=0.00, real=0.00 secs] 
2014-07-08T02:01:34.237+0000: 934.863: [GC [PSYoungGen: 867712K->548K(1041728K)] 989868K->122744K(1728704K), 0.0187170 secs] [Times: user=0.07 sys=0.00, real=0.02 secs] 
2014-07-08T02:01:36.468+0000: 937.094: [GC [PSYoungGen: 1041700K->420K(999872K)] 1163896K->122688K(1686848K), 0.0054360 secs] [Times: user=0.01 sys=0.00, real=0.00 secs] 
2014-07-08T02:01:38.609+0000: 939.235: [GC [PSYoungGen: 999844K->694K(960448K)] 1122112K->123155K(1647424K), 0.0174760 secs] [Times: user=0.06 sys=0.01, real=0.04 secs] 
2014-07-08T02:01:40.667+0000: 941.293: [GC [PSYoungGen: 960438K->676K(922624K)] 1082899K->123240K(1609600K), 0.0044650 secs] [Times: user=0.01 sys=0.00, real=0.00 secs] 
2014-07-08T02:01:42.657+0000: 943.283: [GC [PSYoungGen: 922596K->402K(886400K)] 1045160K->123070K(1573376K), 0.0050140 secs] [Times: user=0.01 sys=0.00, real=0.00 secs] 
2014-07-08T02:01:44.588+0000: 945.214: [GC [PSYoungGen: 886354K->420K(852096K)] 1009022K->123152K(1539072K), 0.0104350 secs] [Times: user=0.03 sys=0.01, real=0.01 secs] 
2014-07-08T02:01:46.358+0000: 946.984: [GC [PSYoungGen: 852068K->370K(819392K)] 974800K->123182K(1506368K), 0.0168070 secs] [Times: user=0.06 sys=0.00, real=0.01 secs] 
2014-07-08T02:01:48.126+0000: 948.752: [GC [PSYoungGen: 819378K->480K(788416K)] 942190K->123388K(1475392K), 0.0175680 secs] [Times: user=0.07 sys=0.00, real=0.02 secs] 
2014-07-08T02:01:49.828+0000: 950.454: [GC [PSYoungGen: 788384K->320K(758592K)] 911292K->123324K(1445568K), 0.0072150 secs] [Times: user=0.02 sys=0.00, real=0.00 secs] 
2014-07-08T02:01:51.431+0000: 952.057: [GC [PSYoungGen: 758590K->288K(730304K)] 881595K->123436K(1417280K), 0.0051490 secs] [Times: user=0.01 sys=0.00, real=0.00 secs] 
2014-07-08T02:01:52.990+0000: 953.616: [GC [PSYoungGen: 730272K->224K(703296K)] 853420K->123404K(1390272K), 0.0044540 secs] [Times: user=0.01 sys=0.00, real=0.00 secs] 
2014-07-08T02:01:54.530+0000: 955.156: [GC [PSYoungGen: 703264K->338K(677760K)] 826444K->123550K(1364736K), 0.0063120 secs] [Times: user=0.02 sys=0.00, real=0.00 secs] 
2014-07-08T02:01:55.956+0000: 956.582: [GC [PSYoungGen: 677701K->384K(653248K)] 800914K->123684K(1340224K), 0.0093690 secs] [Times: user=0.03 sys=0.00, real=0.01 secs] 
2014-07-08T02:01:57.400+0000: 958.026: [GC [PSYoungGen: 653248K->548K(630080K)] 776548K->123952K(1317056K), 0.0197110 secs] [Times: user=0.07 sys=0.00, real=0.02 secs] 
2014-07-08T02:01:58.709+0000: 959.335: [GC [PSYoungGen: 630052K->288K(607552K)] 753456K->123804K(1294528K), 0.0128080 secs] [Times: user=0.05 sys=0.01, real=0.02 secs] 
2014-07-08T02:02:00.010+0000: 960.636: [GC [PSYoungGen: 607520K->438K(586368K)] 731036K->124018K(1273344K), 0.0044290 secs] [Times: user=0.01 sys=0.00, real=0.00 secs] 
2014-07-08T02:02:01.302+0000: 961.928: [GC [PSYoungGen: 586353K->690K(566336K)] 709934K->124318K(1253312K), 0.0122770 secs] [Times: user=0.04 sys=0.00, real=0.01 secs] 
2014-07-08T02:02:02.555+0000: 963.181: [GC [PSYoungGen: 566322K->370K(546624K)] 689950K->124094K(1233600K), 0.0064630 secs] [Times: user=0.01 sys=0.00, real=0.01 secs] 
2014-07-08T02:02:03.658+0000: 964.284: [GC [PSYoungGen: 546604K->288K(528064K)] 670329K->124092K(1215040K), 0.0059840 secs] [Times: user=0.01 sys=0.01, real=0.01 secs] 
2014-07-08T02:02:04.792+0000: 965.418: [GC [PSYoungGen: 528032K->274K(510336K)] 651836K->124102K(1197312K), 0.0140360 secs] [Times: user=0.05 sys=0.00, real=0.01 secs] 
2014-07-08T02:02:05.887+0000: 966.513: [GC [PSYoungGen: 510290K->338K(493504K)] 634118K->124238K(1180480K), 0.0086500 secs] [Times: user=0.02 sys=0.00, real=0.01 secs] 
2014-07-08T02:02:06.952+0000: 967.578: [GC [PSYoungGen: 493458K->388K(477376K)] 617358K->124360K(1164352K), 0.0035430 secs] [Times: user=0.01 sys=0.01, real=0.00 secs] 
2014-07-08T02:02:07.988+0000: 968.614: [GC [PSYoungGen: 477316K->420K(461952K)] 601288K->124472K(1148928K), 0.0172520 secs] [Times: user=0.06 sys=0.00, real=0.02 secs] 
2014-07-08T02:02:08.988+0000: 969.614: [GC [PSYoungGen: 461924K->320K(447040K)] 585976K->124452K(1134016K), 0.0116900 secs] [Times: user=0.05 sys=0.00, real=0.01 secs] 
2014-07-08T02:02:09.938+0000: 970.564: [GC [PSYoungGen: 447040K->288K(432896K)] 571172K->124500K(1119872K), 0.0066750 secs] [Times: user=0.01 sys=0.00, real=0.01 secs] 
2014-07-08T02:02:10.867+0000: 971.493: [GC [PSYoungGen: 432864K->192K(519296K)] 557076K->124452K(1206272K), 0.0209890 secs] [Times: user=0.08 sys=0.00, real=0.02 secs] 
2014-07-08T02:02:11.978+0000: 972.604: [GC [PSYoungGen: 519296K->160K(623168K)] 643556K->124476K(1310144K), 0.0082490 secs] [Times: user=0.02 sys=0.00, real=0.01 secs] 
2014-07-08T02:02:13.330+0000: 973.956: [GC [PSYoungGen: 623132K->480K(748096K)] 747449K->124828K(1435072K), 0.0131420 secs] [Times: user=0.04 sys=0.00, real=0.02 secs] 
2014-07-08T02:02:14.906+0000: 975.532: [GC [PSYoungGen: 748064K->406K(720256K)] 872412K->124851K(1407232K), 0.0088330 secs] [Times: user=0.03 sys=0.00, real=0.01 secs] 
2014-07-08T02:02:16.482+0000: 977.108: [GC [PSYoungGen: 720214K->448K(693760K)] 844659K->124956K(1380736K), 0.0074690 secs] [Times: user=0.02 sys=0.00, real=0.00 secs] 
2014-07-08T02:02:18.528+0000: 979.154: [GC [PSYoungGen: 693760K->548K(668672K)] 818268K->126032K(1355648K), 0.0079080 secs] [Times: user=0.02 sys=0.01, real=0.01 secs] 
2014-07-08T02:02:20.250+0000: 980.876: [GC [PSYoungGen: 668644K->1088K(645120K)] 794128K->127267K(1332096K), 0.0111820 secs] [Times: user=0.03 sys=0.00, real=0.01 secs] 
2014-07-08T02:02:21.381+0000: 982.007: [GC [PSYoungGen: 645120K->552K(621632K)] 771299K->127179K(1308608K), 0.0113460 secs] [Times: user=0.03 sys=0.00, real=0.02 secs] 
2014-07-08T02:02:22.499+0000: 983.125: [GC [PSYoungGen: 621606K->466K(599680K)] 748233K->127221K(1286656K), 0.0111310 secs] [Times: user=0.04 sys=0.00, real=0.01 secs] 
2014-07-08T02:02:23.710+0000: 984.336: [GC [PSYoungGen: 599582K->644K(578944K)] 726337K->127455K(1265920K), 0.0059060 secs] [Times: user=0.01 sys=0.00, real=0.01 secs] 
2014-07-08T02:02:24.878+0000: 985.504: [GC [PSYoungGen: 578798K->498K(558784K)] 705609K->127341K(1245760K), 0.0053050 secs] [Times: user=0.01 sys=0.00, real=0.01 secs] 
2014-07-08T02:02:25.942+0000: 986.568: [GC [PSYoungGen: 558759K->370K(539584K)] 685602K->127293K(1226560K), 0.0079160 secs] [Times: user=0.03 sys=0.00, real=0.01 secs] 
2014-07-08T02:02:27.042+0000: 987.668: [GC [PSYoungGen: 539570K->224K(521216K)] 666493K->127219K(1208192K), 0.0054080 secs] [Times: user=0.02 sys=0.00, real=0.01 secs] 
2014-07-08T02:02:28.108+0000: 988.734: [GC [PSYoungGen: 521184K->420K(504000K)] 648179K->127519K(1190976K), 0.0202800 secs] [Times: user=0.06 sys=0.01, real=0.02 secs] 
2014-07-08T02:02:29.178+0000: 989.804: [GC [PSYoungGen: 503972K->320K(487232K)] 631071K->127475K(1174208K), 0.0051260 secs] [Times: user=0.01 sys=0.00, real=0.01 secs] 
2014-07-08T02:02:30.213+0000: 990.839: [GC [PSYoungGen: 487232K->128K(584448K)] 614387K->127339K(1271424K), 0.0181350 secs] [Times: user=0.06 sys=0.00, real=0.02 secs] 
2014-07-08T02:02:31.444+0000: 992.070: [GC [PSYoungGen: 584448K->260K(702464K)] 711659K->127535K(1389440K), 0.0186380 secs] [Times: user=0.06 sys=0.00, real=0.02 secs] 
2014-07-08T02:02:32.978+0000: 993.604: [GC [PSYoungGen: 701444K->370K(841856K)] 828719K->127669K(1528832K), 0.0144270 secs] [Times: user=0.05 sys=0.00, real=0.01 secs] 
2014-07-08T02:02:34.802+0000: 995.428: [GC [PSYoungGen: 841842K->512K(809792K)] 969141K->127883K(1496768K), 0.0107140 secs] [Times: user=0.04 sys=0.00, real=0.01 secs] 
2014-07-08T02:02:36.497+0000: 997.123: [GC [PSYoungGen: 809792K->256K(778880K)] 937163K->127731K(1465856K), 0.0066420 secs] [Times: user=0.02 sys=0.00, real=0.00 secs] 
2014-07-08T02:02:38.169+0000: 998.795: [GC [PSYoungGen: 778880K->242K(749632K)] 906355K->127829K(1436608K), 0.0043760 secs] [Times: user=0.01 sys=0.00, real=0.00 secs] 
2014-07-08T02:02:39.840+0000: 1000.466: [GC [PSYoungGen: 749618K->548K(722112K)] 877205K->128215K(1409088K), 0.0057470 secs] [Times: user=0.01 sys=0.00, real=0.01 secs] 
2014-07-08T02:02:41.329+0000: 1001.955: [GC [PSYoungGen: 722084K->242K(695232K)] 849751K->127989K(1382208K), 0.0120480 secs] [Times: user=0.04 sys=0.00, real=0.01 secs] 
2014-07-08T02:02:42.864+0000: 1003.490: [GC [PSYoungGen: 695218K->352K(670016K)] 822965K->128155K(1356992K), 0.0046290 secs] [Times: user=0.01 sys=0.00, real=0.01 secs] 
2014-07-08T02:02:44.249+0000: 1004.875: [GC [PSYoungGen: 669984K->256K(645760K)] 797787K->128123K(1332736K), 0.0140820 secs] [Times: user=0.05 sys=0.00, real=0.01 secs] 
2014-07-08T02:02:45.663+0000: 1006.289: [GC [PSYoungGen: 645760K->772K(623296K)] 773627K->128687K(1310272K), 0.0042980 secs] [Times: user=0.01 sys=0.00, real=0.01 secs] 
2014-07-08T02:02:47.020+0000: 1007.646: [GC [PSYoungGen: 623166K->544K(601088K)] 751081K->128603K(1288064K), 0.0103700 secs] [Times: user=0.03 sys=0.00, real=0.01 secs] 
2014-07-08T02:02:48.261+0000: 1008.887: [GC [PSYoungGen: 601021K->438K(579968K)] 729080K->128633K(1266944K), 0.0084100 secs] [Times: user=0.03 sys=0.00, real=0.01 secs] 
2014-07-08T02:02:49.510+0000: 1010.136: [GC [PSYoungGen: 579958K->512K(560000K)] 708153K->128755K(1246976K), 0.0058240 secs] [Times: user=0.01 sys=0.00, real=0.01 secs] 
2014-07-08T02:02:50.767+0000: 1011.393: [GC [PSYoungGen: 560000K->946K(541312K)] 688243K->129261K(1228288K), 0.0082030 secs] [Times: user=0.01 sys=0.00, real=0.00 secs] 
2014-07-08T02:02:51.940+0000: 1012.566: [GC [PSYoungGen: 541298K->484K(522624K)] 669613K->128863K(1209600K), 0.0058190 secs] [Times: user=0.01 sys=0.00, real=0.00 secs] 
2014-07-08T02:02:53.039+0000: 1013.665: [GC [PSYoungGen: 522596K->438K(505088K)] 650975K->128889K(1192064K), 0.0091660 secs] [Times: user=0.03 sys=0.00, real=0.01 secs] 
2014-07-08T02:02:54.083+0000: 1014.709: [GC [PSYoungGen: 505078K->224K(488256K)] 633529K->128723K(1175232K), 0.0164960 secs] [Times: user=0.07 sys=0.00, real=0.02 secs] 
2014-07-08T02:02:55.145+0000: 1015.771: [GC [PSYoungGen: 488224K->420K(472512K)] 616723K->128943K(1159488K), 0.0077740 secs] [Times: user=0.03 sys=0.00, real=0.01 secs] 
2014-07-08T02:02:56.154+0000: 1016.780: [GC [PSYoungGen: 472484K->192K(457024K)] 601007K->128795K(1144000K), 0.0045110 secs] [Times: user=0.01 sys=0.00, real=0.01 secs] 
2014-07-08T02:02:57.156+0000: 1017.782: [GC [PSYoungGen: 457024K->416K(442688K)] 585627K->129099K(1129664K), 0.0083630 secs] [Times: user=0.02 sys=0.01, real=0.01 secs] 
2014-07-08T02:02:58.110+0000: 1018.736: [GC [PSYoungGen: 442656K->384K(428672K)] 571339K->129171K(1115648K), 0.0065250 secs] [Times: user=0.02 sys=0.00, real=0.00 secs] 
2014-07-08T02:02:59.047+0000: 1019.673: [GC [PSYoungGen: 428672K->452K(415488K)] 557459K->129303K(1102464K), 0.0071880 secs] [Times: user=0.01 sys=0.00, real=0.01 secs] 
2014-07-08T02:02:59.939+0000: 1020.565: [GC [PSYoungGen: 415428K->502K(402752K)] 544279K->129401K(1089728K), 0.0050740 secs] [Times: user=0.01 sys=0.00, real=0.00 secs] 
2014-07-08T02:03:00.803+0000: 1021.429: [GC [PSYoungGen: 402742K->676K(390720K)] 531641K->129663K(1077696K), 0.0079150 secs] [Times: user=0.01 sys=0.00, real=0.01 secs] 
2014-07-08T02:03:01.604+0000: 1022.230: [GC [PSYoungGen: 390692K->274K(378624K)] 519679K->129293K(1065600K), 0.0048420 secs] [Times: user=0.01 sys=0.01, real=0.01 secs] 
2014-07-08T02:03:02.417+0000: 1023.043: [GC [PSYoungGen: 378578K->288K(454336K)] 507597K->129339K(1141312K), 0.0432460 secs] [Times: user=0.11 sys=0.00, real=0.05 secs] 
2014-07-08T02:03:03.403+0000: 1024.029: [GC [PSYoungGen: 454302K->192K(545024K)] 583353K->129267K(1232000K), 0.0092350 secs] [Times: user=0.04 sys=0.00, real=0.01 secs] 
2014-07-08T02:03:04.568+0000: 1025.194: [GC [PSYoungGen: 545024K->320K(654144K)] 674099K->129451K(1341120K), 0.0122550 secs] [Times: user=0.04 sys=0.00, real=0.02 secs] 
2014-07-08T02:03:05.980+0000: 1026.606: [GC [PSYoungGen: 654136K->402K(785088K)] 783267K->129597K(1472064K), 0.0064870 secs] [Times: user=0.02 sys=0.00, real=0.00 secs] 
2014-07-08T02:03:07.669+0000: 1028.295: [GC [PSYoungGen: 785034K->576K(942144K)] 914229K->129907K(1629120K), 0.0221200 secs] [Times: user=0.07 sys=0.00, real=0.02 secs] 
2014-07-08T02:03:09.715+0000: 1030.341: [GC [PSYoungGen: 942144K->822K(1130752K)] 1071475K->130233K(1817728K), 0.0113840 secs] [Times: user=0.05 sys=0.00, real=0.01 secs] 
2014-07-08T02:03:12.109+0000: 1032.735: [GC [PSYoungGen: 1130742K->306K(1084288K)] 1260153K->129869K(1771264K), 0.0061700 secs] [Times: user=0.02 sys=0.00, real=0.01 secs] 
2014-07-08T02:03:14.436+0000: 1035.062: [GC [PSYoungGen: 1084274K->306K(1040512K)] 1213837K->129965K(1727488K), 0.0051820 secs] [Times: user=0.02 sys=0.00, real=0.01 secs] 
2014-07-08T02:03:16.692+0000: 1037.318: [GC [PSYoungGen: 1040498K->818K(999360K)] 1170157K->130541K(1686336K), 0.0151750 secs] [Times: user=0.05 sys=0.00, real=0.01 secs] 
2014-07-08T02:03:18.892+0000: 1039.518: [GC [PSYoungGen: 999346K->498K(959360K)] 1129069K->130405K(1646336K), 0.0120200 secs] [Times: user=0.04 sys=0.00, real=0.01 secs] 
2014-07-08T02:03:20.952+0000: 1041.578: [GC [PSYoungGen: 959328K->694K(921792K)] 1089235K->130737K(1608768K), 0.0105520 secs] [Times: user=0.01 sys=0.01, real=0.01 secs] 
2014-07-08T02:03:22.872+0000: 1043.498: [GC [PSYoungGen: 921686K->552K(885696K)] 1051729K->130691K(1572672K), 0.0066180 secs] [Times: user=0.01 sys=0.01, real=0.00 secs] 
2014-07-08T02:03:24.801+0000: 1045.427: [GC [PSYoungGen: 885672K->644K(851584K)] 1015811K->130831K(1538560K), 0.0090640 secs] [Times: user=0.02 sys=0.00, real=0.01 secs] 
2014-07-08T02:03:26.579+0000: 1047.205: [GC [PSYoungGen: 851524K->434K(818688K)] 981711K->130701K(1505664K), 0.0098540 secs] [Times: user=0.03 sys=0.00, real=0.01 secs] 
2014-07-08T02:03:28.331+0000: 1048.957: [GC [PSYoungGen: 818674K->416K(787584K)] 948941K->130835K(1474560K), 0.0171660 secs] [Times: user=0.05 sys=0.00, real=0.02 secs] 
2014-07-08T02:03:30.189+0000: 1050.815: [GC [PSYoungGen: 787551K->932K(758464K)] 917970K->131471K(1445440K), 0.0195440 secs] [Times: user=0.06 sys=0.00, real=0.02 secs] 
2014-07-08T02:03:31.734+0000: 1052.360: [GC [PSYoungGen: 758436K->384K(729664K)] 888975K->131091K(1416640K), 0.0168670 secs] [Times: user=0.05 sys=0.00, real=0.01 secs] 
2014-07-08T02:03:33.213+0000: 1053.839: [GC [PSYoungGen: 729652K->288K(702720K)] 860359K->131107K(1389696K), 0.0162440 secs] [Times: user=0.06 sys=0.00, real=0.01 secs] 
2014-07-08T02:03:34.720+0000: 1055.346: [GC [PSYoungGen: 702688K->434K(677184K)] 833507K->131285K(1364160K), 0.0055990 secs] [Times: user=0.01 sys=0.00, real=0.01 secs] 
2014-07-08T02:03:36.197+0000: 1056.823: [GC [PSYoungGen: 677170K->320K(652608K)] 808021K->131211K(1339584K), 0.0070130 secs] [Times: user=0.02 sys=0.00, real=0.01 secs] 
2014-07-08T02:03:37.580+0000: 1058.206: [GC [PSYoungGen: 652608K->256K(629184K)] 783499K->131307K(1316160K), 0.0129170 secs] [Times: user=0.04 sys=0.01, real=0.01 secs] 
2014-07-08T02:03:38.988+0000: 1059.614: [GC [PSYoungGen: 629184K->836K(755648K)] 760235K->131991K(1442624K), 0.0293130 secs] [Times: user=0.10 sys=0.01, real=0.03 secs] 
2014-07-08T02:03:40.558+0000: 1061.184: [GC [PSYoungGen: 755588K->256K(726912K)] 886743K->131459K(1413888K), 0.0055120 secs] [Times: user=0.02 sys=0.00, real=0.00 secs] 
2014-07-08T02:03:42.119+0000: 1062.745: [GC [PSYoungGen: 726912K->338K(700224K)] 858115K->131645K(1387200K), 0.0190000 secs] [Times: user=0.07 sys=0.00, real=0.02 secs] 
2014-07-08T02:03:43.624+0000: 1064.250: [GC [PSYoungGen: 700178K->352K(674688K)] 831485K->131755K(1361664K), 0.0073860 secs] [Times: user=0.03 sys=0.00, real=0.01 secs] 
2014-07-08T02:03:45.136+0000: 1065.762: [GC [PSYoungGen: 674656K->598K(650560K)] 806059K->132033K(1337536K), 0.0055720 secs] [Times: user=0.01 sys=0.00, real=0.00 secs] 
2014-07-08T02:03:46.545+0000: 1067.171: [GC [PSYoungGen: 650518K->758K(627456K)] 781953K->132281K(1314432K), 0.0095250 secs] [Times: user=0.04 sys=0.00, real=0.01 secs] 
2014-07-08T02:03:48.454+0000: 1069.080: [GC [PSYoungGen: 627446K->1060K(605632K)] 758969K->133039K(1292608K), 0.0133410 secs] [Times: user=0.05 sys=0.00, real=0.02 secs] 
2014-07-08T02:03:49.827+0000: 1070.453: [GC [PSYoungGen: 605592K->384K(583744K)] 737571K->132739K(1270720K), 0.0075860 secs] [Times: user=0.02 sys=0.01, real=0.00 secs] 
2014-07-08T02:03:50.973+0000: 1071.599: [GC [PSYoungGen: 583682K->804K(563968K)] 716037K->133359K(1250944K), 0.0120220 secs] [Times: user=0.04 sys=0.00, real=0.01 secs] 
2014-07-08T02:03:52.021+0000: 1072.646: [GC [PSYoungGen: 563865K->666K(544576K)] 696420K->133325K(1231552K), 0.0121450 secs] [Times: user=0.04 sys=0.00, real=0.01 secs] 
2014-07-08T02:03:53.095+0000: 1073.721: [GC [PSYoungGen: 544538K->306K(652992K)] 677197K->133013K(1339968K), 0.0245340 secs] [Times: user=0.07 sys=0.00, real=0.03 secs] 
2014-07-08T02:03:54.333+0000: 1074.959: [GC [PSYoungGen: 652978K->402K(629760K)] 785685K->133141K(1316736K), 0.0048690 secs] [Times: user=0.01 sys=0.00, real=0.01 secs] 
2014-07-08T02:03:55.662+0000: 1076.288: [GC [PSYoungGen: 629714K->288K(607360K)] 762453K->133051K(1294336K), 0.0112260 secs] [Times: user=0.04 sys=0.00, real=0.01 secs] 
2014-07-08T02:03:56.910+0000: 1077.536: [GC [PSYoungGen: 607328K->790K(586624K)] 740091K->133673K(1273600K), 0.0047570 secs] [Times: user=0.01 sys=0.00, real=0.00 secs] 
2014-07-08T02:03:58.099+0000: 1078.725: [GC [PSYoungGen: 586582K->288K(565824K)] 719465K->133251K(1252800K), 0.0042780 secs] [Times: user=0.01 sys=0.00, real=0.00 secs] 
2014-07-08T02:03:59.333+0000: 1079.959: [GC [PSYoungGen: 565792K->370K(546496K)] 698755K->133381K(1233472K), 0.0111370 secs] [Times: user=0.04 sys=0.01, real=0.01 secs] 
2014-07-08T02:04:00.490+0000: 1081.116: [GC [PSYoungGen: 546482K->416K(528064K)] 679493K->133499K(1215040K), 0.0052690 secs] [Times: user=0.01 sys=0.00, real=0.00 secs] 
2014-07-08T02:04:01.581+0000: 1082.207: [GC [PSYoungGen: 528032K->192K(510144K)] 661115K->133339K(1197120K), 0.0034200 secs] [Times: user=0.01 sys=0.00, real=0.00 secs] 
2014-07-08T02:04:02.677+0000: 1083.303: [GC [PSYoungGen: 510144K->320K(493376K)] 643291K->133491K(1180352K), 0.0085520 secs] [Times: user=0.03 sys=0.00, real=0.01 secs] 
2014-07-08T02:04:03.745+0000: 1084.371: [GC [PSYoungGen: 493376K->648K(477632K)] 626547K->133851K(1164608K), 0.0054510 secs] [Times: user=0.01 sys=0.00, real=0.01 secs] 
2014-07-08T02:04:04.767+0000: 1085.393: [GC [PSYoungGen: 477576K->484K(462016K)] 610779K->133711K(1148992K), 0.0096930 secs] [Times: user=0.04 sys=0.00, real=0.01 secs] 
2014-07-08T02:04:05.767+0000: 1086.393: [GC [PSYoungGen: 461988K->854K(447616K)] 595215K->134153K(1134592K), 0.0155920 secs] [Times: user=0.06 sys=0.00, real=0.02 secs] 
2014-07-08T02:04:06.721+0000: 1087.347: [GC [PSYoungGen: 447574K->388K(433024K)] 580873K->133767K(1120000K), 0.0079850 secs] [Times: user=0.02 sys=0.00, real=0.01 secs] 
2014-07-08T02:04:07.652+0000: 1088.278: [GC [PSYoungGen: 432964K->342K(419456K)] 566343K->133817K(1106432K), 0.0112400 secs] [Times: user=0.04 sys=0.00, real=0.01 secs] 
2014-07-08T02:04:08.557+0000: 1089.183: [GC [PSYoungGen: 419414K->256K(503168K)] 552889K->133795K(1190144K), 0.0142540 secs] [Times: user=0.05 sys=0.00, real=0.02 secs] 
2014-07-08T02:04:09.636+0000: 1090.262: [GC [PSYoungGen: 503168K->306K(603840K)] 636707K->133909K(1290816K), 0.0138970 secs] [Times: user=0.04 sys=0.00, real=0.02 secs] 
2014-07-08T02:04:10.950+0000: 1091.576: [GC [PSYoungGen: 603826K->434K(724672K)] 737429K->134061K(1411648K), 0.0147690 secs] [Times: user=0.05 sys=0.00, real=0.01 secs] 
2014-07-08T02:04:12.543+0000: 1093.169: [GC [PSYoungGen: 724658K->566K(869696K)] 858285K->134289K(1556672K), 0.0110690 secs] [Times: user=0.03 sys=0.00, real=0.01 secs] 
2014-07-08T02:04:14.357+0000: 1094.983: [GC [PSYoungGen: 869686K->224K(835904K)] 1003409K->134051K(1522880K), 0.0159080 secs] [Times: user=0.06 sys=0.00, real=0.02 secs] 
2014-07-08T02:04:16.240+0000: 1096.866: [GC [PSYoungGen: 835872K->818K(804608K)] 969699K->134717K(1491584K), 0.0098350 secs] [Times: user=0.02 sys=0.00, real=0.01 secs] 
2014-07-08T02:04:17.873+0000: 1098.499: [GC [PSYoungGen: 804590K->470K(773888K)] 938489K->134537K(1460864K), 0.0046730 secs] [Times: user=0.02 sys=0.00, real=0.00 secs] 
2014-07-08T02:04:19.539+0000: 1100.165: [GC [PSYoungGen: 773846K->384K(744768K)] 907913K->134579K(1431744K), 0.0221060 secs] [Times: user=0.07 sys=0.00, real=0.03 secs] 
2014-07-08T02:04:21.217+0000: 1101.843: [GC [PSYoungGen: 744768K->662K(717504K)] 878963K->134929K(1404480K), 0.0087210 secs] [Times: user=0.02 sys=0.01, real=0.01 secs] 
2014-07-08T02:04:22.705+0000: 1103.331: [GC [PSYoungGen: 717462K->288K(690816K)] 851729K->134651K(1377792K), 0.0035690 secs] [Times: user=0.01 sys=0.00, real=0.00 secs] 
2014-07-08T02:04:24.208+0000: 1104.834: [GC [PSYoungGen: 690784K->416K(665856K)] 825147K->134859K(1352832K), 0.0045180 secs] [Times: user=0.01 sys=0.00, real=0.01 secs] 
2014-07-08T02:04:25.582+0000: 1106.208: [GC [PSYoungGen: 665824K->224K(641728K)] 800267K->134699K(1328704K), 0.0125600 secs] [Times: user=0.05 sys=0.01, real=0.01 secs] 
2014-07-08T02:04:26.967+0000: 1107.593: [GC [PSYoungGen: 641696K->548K(619200K)] 776171K->135111K(1306176K), 0.0129140 secs] [Times: user=0.04 sys=0.00, real=0.01 secs] 
2014-07-08T02:04:28.307+0000: 1108.933: [GC [PSYoungGen: 619172K->356K(597184K)] 753735K->135063K(1284160K), 0.0048980 secs] [Times: user=0.01 sys=0.00, real=0.01 secs] 
2014-07-08T02:04:29.575+0000: 1110.201: [GC [PSYoungGen: 597156K->224K(576256K)] 731863K->135011K(1263232K), 0.0096750 secs] [Times: user=0.04 sys=0.00, real=0.01 secs] 
2014-07-08T02:04:30.818+0000: 1111.444: [GC [PSYoungGen: 576224K->512K(556672K)] 711011K->135339K(1243648K), 0.0072920 secs] [Times: user=0.02 sys=0.00, real=0.01 secs] 
2014-07-08T02:04:32.019+0000: 1112.645: [GC [PSYoungGen: 556672K->576K(537792K)] 691499K->135451K(1224768K), 0.0078170 secs] [Times: user=0.01 sys=0.01, real=0.01 secs] 
2014-07-08T02:04:33.210+0000: 1113.836: [GC [PSYoungGen: 537792K->530K(519680K)] 672667K->135461K(1206656K), 0.0110330 secs] [Times: user=0.04 sys=0.00, real=0.01 secs] 
2014-07-08T02:04:34.326+0000: 1114.952: [GC [PSYoungGen: 519634K->384K(502144K)] 654565K->135387K(1189120K), 0.0035440 secs] [Times: user=0.01 sys=0.00, real=0.00 secs] 
2014-07-08T02:04:35.352+0000: 1115.978: [GC [PSYoungGen: 502144K->306K(485568K)] 637147K->135349K(1172544K), 0.0045940 secs] [Times: user=0.01 sys=0.00, real=0.01 secs] 
2014-07-08T02:04:36.388+0000: 1117.014: [GC [PSYoungGen: 485495K->256K(469696K)] 620538K->135379K(1156672K), 0.0122580 secs] [Times: user=0.04 sys=0.01, real=0.01 secs] 
2014-07-08T02:04:37.457+0000: 1118.083: [GC [PSYoungGen: 469604K->630K(563968K)] 604727K->135841K(1250944K), 0.0252080 secs] [Times: user=0.08 sys=0.00, real=0.02 secs] 
2014-07-08T02:04:38.614+0000: 1119.240: [GC [PSYoungGen: 563943K->420K(676480K)] 699154K->135743K(1363456K), 0.0153410 secs] [Times: user=0.06 sys=0.00, real=0.01 secs] 
2014-07-08T02:04:40.066+0000: 1120.692: [GC [PSYoungGen: 676452K->644K(652288K)] 811775K->136039K(1339264K), 0.0043470 secs] [Times: user=0.02 sys=0.00, real=0.00 secs] 
2014-07-08T02:04:41.449+0000: 1122.075: [GC [PSYoungGen: 652200K->224K(628544K)] 787595K->135699K(1315520K), 0.0079570 secs] [Times: user=0.02 sys=0.00, real=0.01 secs] 
2014-07-08T02:04:42.791+0000: 1123.417: [GC [PSYoungGen: 628512K->128K(606144K)] 763987K->135659K(1293120K), 0.0032860 secs] [Times: user=0.00 sys=0.00, real=0.01 secs] 
2014-07-08T02:04:44.175+0000: 1124.801: [GC [PSYoungGen: 606144K->854K(585664K)] 741675K->136409K(1272640K), 0.0048650 secs] [Times: user=0.01 sys=0.00, real=0.00 secs] 
2014-07-08T02:04:45.357+0000: 1125.983: [GC [PSYoungGen: 585621K->288K(564800K)] 721176K->135923K(1251776K), 0.0046560 secs] [Times: user=0.01 sys=0.00, real=0.00 secs] 
2014-07-08T02:04:46.569+0000: 1127.195: [GC [PSYoungGen: 564768K->192K(545344K)] 700403K->135915K(1232320K), 0.0044960 secs] [Times: user=0.01 sys=0.00, real=0.00 secs] 
2014-07-08T02:04:47.735+0000: 1128.361: [GC [PSYoungGen: 545343K->128K(526784K)] 681066K->135915K(1213760K), 0.0045190 secs] [Times: user=0.01 sys=0.00, real=0.00 secs] 
2014-07-08T02:04:48.880+0000: 1129.506: [GC [PSYoungGen: 526784K->320K(509952K)] 662571K->136147K(1196928K), 0.0050680 secs] [Times: user=0.01 sys=0.01, real=0.01 secs] 
2014-07-08T02:04:49.973+0000: 1130.599: [GC [PSYoungGen: 509312K->630K(492800K)] 645139K->136561K(1179776K), 0.0054410 secs] [Times: user=0.00 sys=0.00, real=0.01 secs] 
2014-07-08T02:04:51.034+0000: 1131.660: [GC [PSYoungGen: 492790K->580K(476672K)] 628721K->136575K(1163648K), 0.0055400 secs] [Times: user=0.01 sys=0.00, real=0.01 secs] 
2014-07-08T02:04:52.058+0000: 1132.684: [GC [PSYoungGen: 476612K->644K(461312K)] 612607K->136711K(1148288K), 0.0125540 secs] [Times: user=0.04 sys=0.00, real=0.01 secs] 
2014-07-08T02:04:53.071+0000: 1133.697: [GC [PSYoungGen: 461252K->776K(446720K)] 597319K->136883K(1133696K), 0.0177460 secs] [Times: user=0.06 sys=0.00, real=0.02 secs] 
2014-07-08T02:04:54.012+0000: 1134.638: [GC [PSYoungGen: 446631K->552K(432384K)] 582738K->136915K(1119360K), 0.0077340 secs] [Times: user=0.01 sys=0.00, real=0.01 secs] 
2014-07-08T02:04:54.927+0000: 1135.553: [GC [PSYoungGen: 432360K->448K(418752K)] 568723K->136851K(1105728K), 0.0076550 secs] [Times: user=0.01 sys=0.00, real=0.00 secs] 
2014-07-08T02:04:55.823+0000: 1136.449: [GC [PSYoungGen: 418752K->434K(405824K)] 555155K->136933K(1092800K), 0.0053150 secs] [Times: user=0.01 sys=0.00, real=0.01 secs] 
2014-07-08T02:04:56.699+0000: 1137.325: [GC [PSYoungGen: 405755K->256K(393280K)] 542254K->136835K(1080256K), 0.0086770 secs] [Times: user=0.02 sys=0.00, real=0.01 secs] 
2014-07-08T02:04:57.540+0000: 1138.166: [GC [PSYoungGen: 393238K->224K(381440K)] 529817K->136923K(1068416K), 0.0119050 secs] [Times: user=0.04 sys=0.00, real=0.01 secs] 
2014-07-08T02:04:58.410+0000: 1139.036: [GC [PSYoungGen: 381408K->416K(370304K)] 518107K->137179K(1057280K), 0.0068230 secs] [Times: user=0.01 sys=0.00, real=0.01 secs] 
2014-07-08T02:04:59.199+0000: 1139.825: [GC [PSYoungGen: 370255K->612K(359616K)] 507018K->137431K(1046592K), 0.0049830 secs] [Times: user=0.01 sys=0.00, real=0.00 secs] 
2014-07-08T02:04:59.934+0000: 1140.560: [GC [PSYoungGen: 359588K->644K(349248K)] 496407K->137511K(1036224K), 0.0043980 secs] [Times: user=0.01 sys=0.00, real=0.01 secs] 
2014-07-08T02:05:00.716+0000: 1141.342: [GC [PSYoungGen: 349188K->256K(418560K)] 486055K->137155K(1105536K), 0.0161080 secs] [Times: user=0.05 sys=0.00, real=0.02 secs] 
2014-07-08T02:05:01.619+0000: 1142.245: [GC [PSYoungGen: 418560K->384K(502400K)] 555459K->137371K(1189376K), 0.0113720 secs] [Times: user=0.04 sys=0.00, real=0.01 secs] 
2014-07-08T02:05:02.655+0000: 1143.281: [GC [PSYoungGen: 502394K->356K(602816K)] 639381K->137415K(1289792K), 0.0078980 secs] [Times: user=0.03 sys=0.00, real=0.01 secs] 
2014-07-08T02:05:03.950+0000: 1144.576: [GC [PSYoungGen: 602788K->274K(581696K)] 739847K->137365K(1268672K), 0.0050910 secs] [Times: user=0.02 sys=0.00, real=0.00 secs] 
2014-07-08T02:05:05.288+0000: 1145.914: [GC [PSYoungGen: 581648K->872K(698560K)] 718739K->137987K(1385536K), 0.0229410 secs] [Times: user=0.07 sys=0.00, real=0.02 secs] 
2014-07-08T02:05:06.723+0000: 1147.349: [GC [PSYoungGen: 698504K->684K(837952K)] 835619K->137927K(1524928K), 0.0148090 secs] [Times: user=0.05 sys=0.00, real=0.02 secs] 
2014-07-08T02:05:08.496+0000: 1149.122: [GC [PSYoungGen: 837932K->192K(805440K)] 975175K->137571K(1492416K), 0.0095640 secs] [Times: user=0.03 sys=0.00, real=0.01 secs] 
2014-07-08T02:05:10.378+0000: 1151.004: [GC [PSYoungGen: 805440K->1064K(775872K)] 942819K->138531K(1462848K), 0.0076950 secs] [Times: user=0.02 sys=0.00, real=0.01 secs] 
2014-07-08T02:05:11.897+0000: 1152.523: [GC [PSYoungGen: 775848K->256K(745984K)] 913315K->137843K(1432960K), 0.0230360 secs] [Times: user=0.08 sys=0.00, real=0.03 secs] 
2014-07-08T02:05:13.495+0000: 1154.121: [GC [PSYoungGen: 745984K->128K(718208K)] 883571K->137795K(1405184K), 0.0070040 secs] [Times: user=0.01 sys=0.00, real=0.01 secs] 
2014-07-08T02:05:15.091+0000: 1155.717: [GC [PSYoungGen: 718200K->818K(692544K)] 855867K->138525K(1379520K), 0.0041190 secs] [Times: user=0.02 sys=0.00, real=0.00 secs] 
2014-07-08T02:05:16.582+0000: 1157.208: [GC [PSYoungGen: 692523K->370K(666944K)] 830230K->138149K(1353920K), 0.0049360 secs] [Times: user=0.01 sys=0.00, real=0.00 secs] 
2014-07-08T02:05:17.957+0000: 1158.583: [GC [PSYoungGen: 666930K->338K(642944K)] 804709K->138261K(1329920K), 0.0081010 secs] [Times: user=0.02 sys=0.00, real=0.01 secs] 
2014-07-08T02:05:19.332+0000: 1159.958: [GC [PSYoungGen: 642898K->434K(620096K)] 780821K->138445K(1307072K), 0.0066380 secs] [Times: user=0.01 sys=0.00, real=0.00 secs] 
2014-07-08T02:05:20.743+0000: 1161.369: [GC [PSYoungGen: 620082K->370K(598208K)] 758093K->138429K(1285184K), 0.0046420 secs] [Times: user=0.01 sys=0.00, real=0.00 secs] 
2014-07-08T02:05:21.980+0000: 1162.606: [GC [PSYoungGen: 598190K->694K(577664K)] 736249K->138849K(1264640K), 0.0059080 secs] [Times: user=0.02 sys=0.00, real=0.01 secs] 
2014-07-08T02:05:23.203+0000: 1163.829: [GC [PSYoungGen: 577646K->256K(557312K)] 715801K->138475K(1244288K), 0.0079600 secs] [Times: user=0.03 sys=0.00, real=0.01 secs] 
2014-07-08T02:05:24.396+0000: 1165.022: [GC [PSYoungGen: 557308K->288K(538368K)] 695527K->138555K(1225344K), 0.0064590 secs] [Times: user=0.01 sys=0.00, real=0.01 secs] 
2014-07-08T02:05:25.545+0000: 1166.171: [GC [PSYoungGen: 538336K->192K(520064K)] 676603K->138483K(1207040K), 0.0245110 secs] [Times: user=0.08 sys=0.00, real=0.02 secs] 
2014-07-08T02:05:26.739+0000: 1167.365: [GC [PSYoungGen: 520064K->416K(502976K)] 658355K->138779K(1189952K), 0.0049520 secs] [Times: user=0.01 sys=0.00, real=0.01 secs] 
2014-07-08T02:05:27.756+0000: 1168.382: [GC [PSYoungGen: 502944K->192K(486144K)] 641307K->138683K(1173120K), 0.0051600 secs] [Times: user=0.01 sys=0.00, real=0.01 secs] 
2014-07-08T02:05:28.787+0000: 1169.413: [GC [PSYoungGen: 486144K->224K(583424K)] 624635K->138795K(1270400K), 0.0307690 secs] [Times: user=0.10 sys=0.00, real=0.03 secs] 
2014-07-08T02:05:30.061+0000: 1170.687: [GC [PSYoungGen: 583392K->690K(700544K)] 721963K->139325K(1387520K), 0.0069510 secs] [Times: user=0.01 sys=0.00, real=0.01 secs] 
2014-07-08T02:05:31.569+0000: 1172.195: [GC [PSYoungGen: 700528K->576K(674880K)] 839163K->139259K(1361856K), 0.0087420 secs] [Times: user=0.03 sys=0.00, real=0.01 secs] 
2014-07-08T02:05:33.015+0000: 1173.641: [GC [PSYoungGen: 674880K->754K(650688K)] 813563K->139525K(1337664K), 0.0072950 secs] [Times: user=0.01 sys=0.00, real=0.01 secs] 
2014-07-08T02:05:34.393+0000: 1175.019: [GC [PSYoungGen: 650674K->224K(626944K)] 789445K->139067K(1313920K), 0.0049370 secs] [Times: user=0.01 sys=0.00, real=0.00 secs] 
2014-07-08T02:05:35.740+0000: 1176.366: [GC [PSYoungGen: 626912K->338K(604928K)] 765755K->139221K(1291904K), 0.0054940 secs] [Times: user=0.02 sys=0.00, real=0.01 secs] 
2014-07-08T02:05:37.107+0000: 1177.733: [GC [PSYoungGen: 604882K->996K(584384K)] 743765K->139967K(1271360K), 0.0064920 secs] [Times: user=0.02 sys=0.00, real=0.01 secs] 
2014-07-08T02:05:38.287+0000: 1178.913: [GC [PSYoungGen: 584356K->256K(563392K)] 723327K->139331K(1250368K), 0.0107740 secs] [Times: user=0.04 sys=0.00, real=0.01 secs] 
2014-07-08T02:05:39.666+0000: 1180.292: [GC [PSYoungGen: 563391K->672K(544576K)] 702466K->139843K(1231552K), 0.0049960 secs] [Times: user=0.01 sys=0.00, real=0.00 secs] 
2014-07-08T02:05:41.110+0000: 1181.736: [GC [PSYoungGen: 544544K->1124K(526592K)] 683715K->140519K(1213568K), 0.0087220 secs] [Times: user=0.02 sys=0.00, real=0.01 secs] 
2014-07-08T02:05:42.454+0000: 1183.080: [GC [PSYoungGen: 526564K->712K(508608K)] 665959K->140267K(1195584K), 0.0117280 secs] [Times: user=0.03 sys=0.00, real=0.01 secs] 
2014-07-08T02:05:43.775+0000: 1184.401: [GC [PSYoungGen: 508552K->850K(491904K)] 648107K->140589K(1178880K), 0.0065470 secs] [Times: user=0.01 sys=0.00, real=0.00 secs] 
2014-07-08T02:05:44.963+0000: 1185.589: [GC [PSYoungGen: 491858K->772K(475776K)] 631597K->140583K(1162752K), 0.0067380 secs] [Times: user=0.02 sys=0.00, real=0.00 secs] 
2014-07-08T02:05:45.772+0000: 1186.398: [GC [PSYoungGen: 475716K->452K(460096K)] 615527K->140367K(1147072K), 0.0143510 secs] [Times: user=0.05 sys=0.00, real=0.02 secs] 
2014-07-08T02:05:46.614+0000: 1187.240: [GC [PSYoungGen: 460036K->530K(445440K)] 599951K->140509K(1132416K), 0.0058160 secs] [Times: user=0.02 sys=0.00, real=0.00 secs] 
2014-07-08T02:05:47.458+0000: 1188.084: [GC [PSYoungGen: 445394K->338K(431168K)] 585373K->140389K(1118144K), 0.0076820 secs] [Times: user=0.02 sys=0.00, real=0.01 secs] 
2014-07-08T02:05:48.227+0000: 1188.853: [GC [PSYoungGen: 431030K->306K(417664K)] 571081K->140445K(1104640K), 0.0071610 secs] [Times: user=0.03 sys=0.00, real=0.01 secs] 
2014-07-08T02:05:49.099+0000: 1189.725: [GC [PSYoungGen: 417650K->320K(404800K)] 557789K->140499K(1091776K), 0.0037630 secs] [Times: user=0.01 sys=0.01, real=0.00 secs] 
2014-07-08T02:05:49.913+0000: 1190.539: [GC [PSYoungGen: 404800K->256K(392384K)] 544979K->140483K(1079360K), 0.0068870 secs] [Times: user=0.02 sys=0.00, real=0.01 secs] 
2014-07-08T02:05:50.729+0000: 1191.355: [GC [PSYoungGen: 392384K->416K(380800K)] 532611K->140683K(1067776K), 0.0055940 secs] [Times: user=0.01 sys=0.00, real=0.01 secs] 
2014-07-08T02:05:51.410+0000: 1192.036: [GC [PSYoungGen: 380672K->452K(456960K)] 520939K->140767K(1143936K), 0.0142940 secs] [Times: user=0.06 sys=0.00, real=0.02 secs] 
2014-07-08T02:05:52.355+0000: 1192.981: [GC [PSYoungGen: 456867K->324K(548160K)] 597182K->140663K(1235136K), 0.0136550 secs] [Times: user=0.05 sys=0.00, real=0.01 secs] 
2014-07-08T02:05:53.508+0000: 1194.134: [GC [PSYoungGen: 548100K->694K(658048K)] 688439K->141097K(1345024K), 0.0093030 secs] [Times: user=0.02 sys=0.00, real=0.01 secs] 
2014-07-08T02:05:54.896+0000: 1195.522: [GC [PSYoungGen: 658038K->288K(634112K)] 798441K->140723K(1321088K), 0.0046410 secs] [Times: user=0.01 sys=0.01, real=0.00 secs] 
2014-07-08T02:05:56.242+0000: 1196.868: [GC [PSYoungGen: 634080K->192K(760768K)] 774515K->140699K(1447744K), 0.0295900 secs] [Times: user=0.11 sys=0.00, real=0.03 secs] 
2014-07-08T02:05:57.857+0000: 1198.483: [GC [PSYoungGen: 760723K->388K(913152K)] 901230K->140975K(1600128K), 0.0082280 secs] [Times: user=0.01 sys=0.00, real=0.01 secs] 
2014-07-08T02:05:59.822+0000: 1200.448: [GC [PSYoungGen: 913085K->516K(877696K)] 1053672K->141207K(1564672K), 0.0123480 secs] [Times: user=0.03 sys=0.00, real=0.01 secs] 
2014-07-08T02:06:01.784+0000: 1202.410: [GC [PSYoungGen: 877636K->754K(844032K)] 1018327K->141533K(1531008K), 0.0051600 secs] [Times: user=0.02 sys=0.00, real=0.01 secs] 
2014-07-08T02:06:03.510+0000: 1204.136: [GC [PSYoungGen: 843988K->730K(811776K)] 984767K->141621K(1498752K), 0.0057800 secs] [Times: user=0.01 sys=0.00, real=0.01 secs] 
2014-07-08T02:06:05.246+0000: 1205.872: [GC [PSYoungGen: 811738K->192K(780480K)] 952629K->141147K(1467456K), 0.0054680 secs] [Times: user=0.01 sys=0.01, real=0.01 secs] 
2014-07-08T02:06:07.006+0000: 1207.632: [GC [PSYoungGen: 780480K->672K(751680K)] 921435K->141707K(1438656K), 0.0212080 secs] [Times: user=0.06 sys=0.00, real=0.03 secs] 
2014-07-08T02:06:08.539+0000: 1209.165: [GC [PSYoungGen: 751553K->484K(723584K)] 892588K->141679K(1410560K), 0.0129720 secs] [Times: user=0.04 sys=0.00, real=0.01 secs] 
2014-07-08T02:06:10.092+0000: 1210.718: [GC [PSYoungGen: 723458K->178K(696640K)] 864653K->141445K(1383616K), 0.0040580 secs] [Times: user=0.01 sys=0.00, real=0.00 secs] 
2014-07-08T02:06:11.627+0000: 1212.253: [GC [PSYoungGen: 696626K->836K(671936K)] 837893K->142151K(1358912K), 0.0063870 secs] [Times: user=0.02 sys=0.00, real=0.00 secs] 
2014-07-08T02:06:13.061+0000: 1213.687: [GC [PSYoungGen: 671816K->356K(647232K)] 813131K->141751K(1334208K), 0.0058210 secs] [Times: user=0.01 sys=0.00, real=0.00 secs] 
2014-07-08T02:06:14.430+0000: 1215.056: [GC [PSYoungGen: 647204K->242K(776512K)] 788599K->141717K(1463488K), 0.0385970 secs] [Times: user=0.14 sys=0.00, real=0.04 secs] 
2014-07-08T02:06:16.096+0000: 1216.722: [GC [PSYoungGen: 776492K->224K(931776K)] 917967K->141731K(1618752K), 0.0132740 secs] [Times: user=0.04 sys=0.00, real=0.02 secs] 
2014-07-08T02:06:18.107+0000: 1218.733: [GC [PSYoungGen: 931721K->320K(895360K)] 1073228K->141939K(1582336K), 0.0052800 secs] [Times: user=0.01 sys=0.00, real=0.01 secs] 
2014-07-08T02:06:20.017+0000: 1220.643: [GC [PSYoungGen: 895296K->256K(860608K)] 1036915K->142059K(1547584K), 0.0090470 secs] [Times: user=0.03 sys=0.00, real=0.01 secs] 
2014-07-08T02:06:21.899+0000: 1222.525: [GC [PSYoungGen: 860579K->470K(827776K)] 1002382K->142345K(1514752K), 0.0065190 secs] [Times: user=0.01 sys=0.00, real=0.00 secs] 
2014-07-08T02:06:23.692+0000: 1224.318: [GC [PSYoungGen: 827734K->950K(796736K)] 969609K->142977K(1483712K), 0.0072290 secs] [Times: user=0.02 sys=0.00, real=0.01 secs] 
2014-07-08T02:06:25.354+0000: 1225.980: [GC [PSYoungGen: 796638K->274K(766080K)] 938665K->142381K(1453056K), 0.0085500 secs] [Times: user=0.02 sys=0.00, real=0.01 secs] 
2014-07-08T02:06:27.013+0000: 1227.639: [GC [PSYoungGen: 766034K->288K(737472K)] 908141K->142475K(1424448K), 0.0089660 secs] [Times: user=0.03 sys=0.00, real=0.01 secs] 
2014-07-08T02:06:28.593+0000: 1229.219: [GC [PSYoungGen: 737440K->530K(710464K)] 879627K->142853K(1397440K), 0.0060120 secs] [Times: user=0.02 sys=0.00, real=0.00 secs] 
2014-07-08T02:06:30.117+0000: 1230.743: [GC [PSYoungGen: 710418K->402K(684352K)] 852741K->142837K(1371328K), 0.0234400 secs] [Times: user=0.08 sys=0.00, real=0.03 secs] 
2014-07-08T02:06:31.641+0000: 1232.267: [GC [PSYoungGen: 684306K->914K(660032K)] 826741K->143429K(1347008K), 0.0079930 secs] [Times: user=0.02 sys=0.00, real=0.00 secs] 
2014-07-08T02:06:33.351+0000: 1233.977: [GC [PSYoungGen: 659984K->1152K(636544K)] 802499K->143795K(1323520K), 0.0084130 secs] [Times: user=0.02 sys=0.00, real=0.00 secs] 
2014-07-08T02:06:34.805+0000: 1235.431: [GC [PSYoungGen: 636544K->256K(613056K)] 779187K->143367K(1300032K), 0.0055550 secs] [Times: user=0.01 sys=0.00, real=0.00 secs] 
2014-07-08T02:06:35.887+0000: 1236.513: [GC [PSYoungGen: 613056K->680K(591936K)] 756167K->143983K(1278912K), 0.0119250 secs] [Times: user=0.02 sys=0.00, real=0.01 secs] 
2014-07-08T02:06:37.127+0000: 1237.753: [GC [PSYoungGen: 591912K->562K(571264K)] 735215K->144177K(1258240K), 0.0123320 secs] [Times: user=0.05 sys=0.00, real=0.01 secs] 
2014-07-08T02:06:38.322+0000: 1238.948: [GC [PSYoungGen: 571250K->544K(551616K)] 714865K->144279K(1238592K), 0.0080500 secs] [Times: user=0.01 sys=0.00, real=0.00 secs] 
2014-07-08T02:06:39.490+0000: 1240.116: [GC [PSYoungGen: 551584K->548K(532864K)] 695319K->144363K(1219840K), 0.0041610 secs] [Times: user=0.02 sys=0.00, real=0.01 secs] 
2014-07-08T02:06:40.556+0000: 1241.182: [GC [PSYoungGen: 532836K->242K(514624K)] 676651K->144121K(1201600K), 0.0154260 secs] [Times: user=0.06 sys=0.00, real=0.01 secs] 
2014-07-08T02:06:41.650+0000: 1242.276: [GC [PSYoungGen: 514578K->306K(497600K)] 658457K->144225K(1184576K), 0.0088820 secs] [Times: user=0.02 sys=0.00, real=0.01 secs] 
2014-07-08T02:06:42.725+0000: 1243.351: [GC [PSYoungGen: 497586K->306K(481280K)] 641505K->144265K(1168256K), 0.0119000 secs] [Times: user=0.05 sys=0.00, real=0.01 secs] 
2014-07-08T02:06:43.767+0000: 1244.393: [GC [PSYoungGen: 481249K->324K(465728K)] 625208K->144323K(1152704K), 0.0053190 secs] [Times: user=0.01 sys=0.00, real=0.01 secs] 
2014-07-08T02:06:44.755+0000: 1245.381: [GC [PSYoungGen: 465668K->192K(450624K)] 609667K->144239K(1137600K), 0.0034790 secs] [Times: user=0.01 sys=0.00, real=0.00 secs] 
2014-07-08T02:06:45.723+0000: 1246.349: [GC [PSYoungGen: 450593K->342K(436544K)] 594640K->144429K(1123520K), 0.0053070 secs] [Times: user=0.01 sys=0.00, real=0.00 secs] 
2014-07-08T02:06:46.674+0000: 1247.300: [GC [PSYoungGen: 436502K->580K(423104K)] 580589K->144763K(1110080K), 0.0077010 secs] [Times: user=0.02 sys=0.00, real=0.00 secs] 
2014-07-08T02:06:47.600+0000: 1248.226: [GC [PSYoungGen: 423044K->416K(409856K)] 567227K->144687K(1096832K), 0.0107390 secs] [Times: user=0.02 sys=0.01, real=0.01 secs] 
2014-07-08T02:06:48.509+0000: 1249.135: [GC [PSYoungGen: 409823K->434K(397312K)] 554094K->144777K(1084288K), 0.0079750 secs] [Times: user=0.02 sys=0.00, real=0.01 secs] 
2014-07-08T02:06:49.365+0000: 1249.991: [GC [PSYoungGen: 397297K->608K(385536K)] 541640K->145015K(1072512K), 0.0048270 secs] [Times: user=0.01 sys=0.00, real=0.00 secs] 
2014-07-08T02:06:50.131+0000: 1250.757: [GC [PSYoungGen: 385504K->370K(373760K)] 529911K->144841K(1060736K), 0.0079270 secs] [Times: user=0.02 sys=0.00, real=0.01 secs] 
2014-07-08T02:06:50.931+0000: 1251.557: [GC [PSYoungGen: 373739K->392K(362816K)] 518210K->144887K(1049792K), 0.0067030 secs] [Times: user=0.03 sys=0.00, real=0.01 secs] 
2014-07-08T02:06:51.709+0000: 1252.335: [GC [PSYoungGen: 362760K->292K(352128K)] 507255K->144835K(1039104K), 0.0062300 secs] [Times: user=0.02 sys=0.00, real=0.01 secs] 
2014-07-08T02:06:52.474+0000: 1253.100: [GC [PSYoungGen: 352100K->370K(342080K)] 496643K->144945K(1029056K), 0.0086110 secs] [Times: user=0.03 sys=0.00, real=0.00 secs] 
2014-07-08T02:06:53.207+0000: 1253.833: [GC [PSYoungGen: 342066K->534K(410624K)] 486641K->145157K(1097600K), 0.0212310 secs] [Times: user=0.06 sys=0.00, real=0.02 secs] 
2014-07-08T02:06:54.093+0000: 1254.719: [GC [PSYoungGen: 410582K->712K(492864K)] 555205K->145383K(1179840K), 0.0066560 secs] [Times: user=0.01 sys=0.00, real=0.01 secs] 
2014-07-08T02:06:55.161+0000: 1255.787: [GC [PSYoungGen: 492808K->512K(591040K)] 637479K->145207K(1278016K), 0.0183380 secs] [Times: user=0.07 sys=0.00, real=0.02 secs] 
2014-07-08T02:06:56.652+0000: 1257.278: [GC [PSYoungGen: 591040K->576K(709248K)] 735735K->145727K(1396224K), 0.0179620 secs] [Times: user=0.07 sys=0.00, real=0.02 secs] 
2014-07-08T02:07:00.220+0000: 1260.846: [GC [PSYoungGen: 709248K->1024K(851456K)] 854399K->146903K(1538432K), 0.0199990 secs] [Times: user=0.06 sys=0.00, real=0.02 secs] 
2014-07-08T02:07:02.090+0000: 1262.716: [GC [PSYoungGen: 851456K->512K(1021056K)] 997335K->147655K(1708032K), 0.0347400 secs] [Times: user=0.13 sys=0.00, real=0.04 secs] 
2014-07-08T02:07:04.723+0000: 1265.349: [GC [PSYoungGen: 1021056K->1178K(1225920K)] 1168199K->148689K(1912896K), 0.0137900 secs] [Times: user=0.05 sys=0.00, real=0.02 secs] 
2014-07-08T02:07:06.922+0000: 1267.548: [GC [PSYoungGen: 1225882K->804K(1174976K)] 1373393K->148675K(1861952K), 0.0111610 secs] [Times: user=0.04 sys=0.00, real=0.01 secs] 
2014-07-08T02:07:09.101+0000: 1269.727: [GC [PSYoungGen: 1174948K->1042K(1127104K)] 1322819K->149097K(1814080K), 0.0071030 secs] [Times: user=0.02 sys=0.00, real=0.01 secs] 
2014-07-08T02:07:11.189+0000: 1271.815: [GC [PSYoungGen: 1127058K->498K(1080768K)] 1275113K->148681K(1767744K), 0.0059890 secs] [Times: user=0.02 sys=0.00, real=0.00 secs] 
2014-07-08T02:07:13.203+0000: 1273.829: [GC [PSYoungGen: 1080711K->434K(1037120K)] 1228895K->148737K(1724096K), 0.0107790 secs] [Times: user=0.04 sys=0.00, real=0.01 secs] 
2014-07-08T02:07:15.258+0000: 1275.884: [GC [PSYoungGen: 1037106K->338K(995584K)] 1185409K->148697K(1682560K), 0.0057630 secs] [Times: user=0.01 sys=0.00, real=0.00 secs] 
2014-07-08T02:07:17.242+0000: 1277.868: [GC [PSYoungGen: 995538K->530K(956288K)] 1143897K->148993K(1643264K), 0.0198520 secs] [Times: user=0.07 sys=0.00, real=0.02 secs] 
2014-07-08T02:07:19.190+0000: 1279.816: [GC [PSYoungGen: 956242K->658K(918784K)] 1104705K->149265K(1605760K), 0.0066320 secs] [Times: user=0.02 sys=0.00, real=0.00 secs] 
2014-07-08T02:07:20.948+0000: 1281.574: [GC [PSYoungGen: 918738K->598K(882880K)] 1067345K->149333K(1569856K), 0.0072700 secs] [Times: user=0.02 sys=0.00, real=0.01 secs] 
2014-07-08T02:07:22.678+0000: 1283.304: [GC [PSYoungGen: 882838K->256K(848384K)] 1031573K->149063K(1535360K), 0.0094920 secs] [Times: user=0.02 sys=0.01, real=0.01 secs] 
2014-07-08T02:07:24.390+0000: 1285.016: [GC [PSYoungGen: 848384K->320K(815936K)] 997191K->149199K(1502912K), 0.0099500 secs] [Times: user=0.04 sys=0.00, real=0.01 secs] 
2014-07-08T02:07:26.103+0000: 1286.729: [GC [PSYoungGen: 815936K->840K(785536K)] 964815K->149767K(1472512K), 0.0059440 secs] [Times: user=0.01 sys=0.00, real=0.01 secs] 
2014-07-08T02:07:27.680+0000: 1288.306: [GC [PSYoungGen: 785480K->384K(755520K)] 934407K->149479K(1442496K), 0.0089820 secs] [Times: user=0.04 sys=0.00, real=0.01 secs] 
2014-07-08T02:07:29.309+0000: 1289.935: [GC [PSYoungGen: 755520K->516K(727616K)] 904615K->149723K(1414592K), 0.0059240 secs] [Times: user=0.01 sys=0.00, real=0.00 secs] 
2014-07-08T02:07:30.768+0000: 1291.394: [GC [PSYoungGen: 727556K->324K(700608K)] 876763K->149611K(1387584K), 0.0051110 secs] [Times: user=0.01 sys=0.00, real=0.01 secs] 
2014-07-08T02:07:32.264+0000: 1292.890: [GC [PSYoungGen: 700548K->256K(674944K)] 849835K->149583K(1361920K), 0.0095340 secs] [Times: user=0.04 sys=0.00, real=0.01 secs] 
2014-07-08T02:07:33.715+0000: 1294.341: [GC [PSYoungGen: 674944K->306K(650624K)] 824271K->149697K(1337600K), 0.0057520 secs] [Times: user=0.01 sys=0.01, real=0.01 secs] 
2014-07-08T02:07:35.129+0000: 1295.755: [GC [PSYoungGen: 650610K->704K(627776K)] 800001K->150159K(1314752K), 0.0076620 secs] [Times: user=0.02 sys=0.00, real=0.01 secs] 
2014-07-08T02:07:36.418+0000: 1297.044: [GC [PSYoungGen: 627776K->384K(605248K)] 777231K->149927K(1292224K), 0.0070980 secs] [Times: user=0.02 sys=0.00, real=0.01 secs] 
2014-07-08T02:07:37.695+0000: 1298.321: [GC [PSYoungGen: 605248K->288K(726208K)] 754791K->149927K(1413184K), 0.0344620 secs] [Times: user=0.11 sys=0.00, real=0.03 secs] 
2014-07-08T02:07:39.318+0000: 1299.944: [GC [PSYoungGen: 726176K->548K(871680K)] 875815K->150275K(1558656K), 0.0154990 secs] [Times: user=0.06 sys=0.00, real=0.02 secs] 
2014-07-08T02:07:41.147+0000: 1301.772: [GC [PSYoungGen: 871614K->694K(838208K)] 1021341K->150517K(1525184K), 0.0047900 secs] [Times: user=0.01 sys=0.01, real=0.01 secs] 
2014-07-08T02:07:42.871+0000: 1303.497: [GC [PSYoungGen: 838198K->260K(805824K)] 988021K->150171K(1492800K), 0.0057750 secs] [Times: user=0.02 sys=0.00, real=0.00 secs] 
2014-07-08T02:07:44.610+0000: 1305.236: [GC [PSYoungGen: 805764K->324K(775424K)] 955675K->150291K(1462400K), 0.0086990 secs] [Times: user=0.03 sys=0.00, real=0.01 secs] 
2014-07-08T02:07:46.290+0000: 1306.916: [GC [PSYoungGen: 775364K->448K(746432K)] 925331K->150463K(1433408K), 0.0060640 secs] [Times: user=0.02 sys=0.00, real=0.01 secs] 
2014-07-08T02:07:47.899+0000: 1308.525: [GC [PSYoungGen: 746432K->288K(718592K)] 896447K->150471K(1405568K), 0.0130980 secs] [Times: user=0.05 sys=0.01, real=0.02 secs] 
2014-07-08T02:07:49.469+0000: 1310.095: [GC [PSYoungGen: 718560K->402K(692352K)] 868743K->150713K(1379328K), 0.0149610 secs] [Times: user=0.05 sys=0.00, real=0.02 secs] 
2014-07-08T02:07:50.934+0000: 1311.560: [GC [PSYoungGen: 692306K->562K(667328K)] 842617K->150961K(1354304K), 0.0083440 secs] [Times: user=0.02 sys=0.00, real=0.01 secs] 
2014-07-08T02:07:52.410+0000: 1313.036: [GC [PSYoungGen: 667314K->530K(643328K)] 817713K->150977K(1330304K), 0.0087940 secs] [Times: user=0.01 sys=0.00, real=0.01 secs] 
2014-07-08T02:07:53.761+0000: 1314.387: [GC [PSYoungGen: 643282K->324K(620224K)] 793729K->150875K(1307200K), 0.0072340 secs] [Times: user=0.02 sys=0.00, real=0.01 secs] 
2014-07-08T02:07:55.118+0000: 1315.744: [GC [PSYoungGen: 620164K->562K(598528K)] 770715K->151161K(1285504K), 0.0059300 secs] [Times: user=0.01 sys=0.00, real=0.01 secs] 
2014-07-08T02:07:56.392+0000: 1317.018: [GC [PSYoungGen: 598514K->530K(577664K)] 749113K->151185K(1264640K), 0.0060840 secs] [Times: user=0.01 sys=0.00, real=0.01 secs] 
2014-07-08T02:07:57.684+0000: 1318.310: [GC [PSYoungGen: 577618K->384K(557568K)] 728273K->151103K(1244544K), 0.0055350 secs] [Times: user=0.01 sys=0.00, real=0.00 secs] 
2014-07-08T02:07:58.834+0000: 1319.460: [GC [PSYoungGen: 557568K->242K(538432K)] 708287K->151113K(1225408K), 0.0042900 secs] [Times: user=0.02 sys=0.00, real=0.00 secs] 
2014-07-08T02:07:59.996+0000: 1320.622: [GC [PSYoungGen: 538418K->256K(520256K)] 689289K->151183K(1207232K), 0.0073920 secs] [Times: user=0.02 sys=0.00, real=0.00 secs] 
2014-07-08T02:08:01.174+0000: 1321.800: [GC [PSYoungGen: 520256K->594K(503296K)] 671183K->151593K(1190272K), 0.0059300 secs] [Times: user=0.01 sys=0.01, real=0.00 secs] 
2014-07-08T02:08:02.202+0000: 1322.828: [GC [PSYoungGen: 503250K->434K(486528K)] 654249K->151497K(1173504K), 0.0141350 secs] [Times: user=0.05 sys=0.00, real=0.02 secs] 
2014-07-08T02:08:03.352+0000: 1323.978: [GC [PSYoungGen: 486458K->480K(470720K)] 637522K->151599K(1157696K), 0.0069090 secs] [Times: user=0.01 sys=0.00, real=0.01 secs] 
2014-07-08T02:08:04.274+0000: 1324.900: [GC [PSYoungGen: 470659K->288K(455360K)] 621778K->151487K(1142336K), 0.0069900 secs] [Times: user=0.02 sys=0.00, real=0.01 secs] 
2014-07-08T02:08:05.306+0000: 1325.932: [GC [PSYoungGen: 455304K->640K(441216K)] 606503K->151887K(1128192K), 0.0069720 secs] [Times: user=0.02 sys=0.00, real=0.00 secs] 
2014-07-08T02:08:06.192+0000: 1326.818: [GC [PSYoungGen: 441216K->420K(427136K)] 592463K->151755K(1114112K), 0.0047630 secs] [Times: user=0.01 sys=0.00, real=0.01 secs] 
2014-07-08T02:08:07.192+0000: 1327.818: [GC [PSYoungGen: 427108K->626K(414080K)] 578443K->152241K(1101056K), 0.0063280 secs] [Times: user=0.01 sys=0.00, real=0.01 secs] 
2014-07-08T02:08:07.995+0000: 1328.621: [GC [PSYoungGen: 414066K->370K(401152K)] 565681K->152089K(1088128K), 0.0097020 secs] [Times: user=0.02 sys=0.00, real=0.01 secs] 
2014-07-08T02:08:08.857+0000: 1329.483: [GC [PSYoungGen: 401138K->192K(388800K)] 552857K->151999K(1075776K), 0.0057960 secs] [Times: user=0.01 sys=0.00, real=0.00 secs] 
2014-07-08T02:08:09.697+0000: 1330.323: [GC [PSYoungGen: 388800K->384K(377344K)] 540607K->152271K(1064320K), 0.0076460 secs] [Times: user=0.02 sys=0.00, real=0.00 secs] 
2014-07-08T02:08:10.516+0000: 1331.142: [GC [PSYoungGen: 377341K->160K(366016K)] 529228K->152087K(1052992K), 0.0042900 secs] [Times: user=0.01 sys=0.00, real=0.00 secs] 
2014-07-08T02:08:11.337+0000: 1331.963: [GC [PSYoungGen: 365903K->616K(355776K)] 517830K->152599K(1042752K), 0.0141150 secs] [Times: user=0.04 sys=0.00, real=0.01 secs] 
2014-07-08T02:08:12.129+0000: 1332.755: [GC [PSYoungGen: 355750K->932K(345856K)] 507733K->152979K(1032832K), 0.0088640 secs] [Times: user=0.02 sys=0.00, real=0.01 secs] 
2014-07-08T02:08:12.829+0000: 1333.455: [GC [PSYoungGen: 345828K->160K(335232K)] 497875K->152247K(1022208K), 0.0051360 secs] [Times: user=0.01 sys=0.00, real=0.00 secs] 
2014-07-08T02:08:13.608+0000: 1334.234: [GC [PSYoungGen: 335200K->370K(326016K)] 487287K->152505K(1012992K), 0.0041880 secs] [Times: user=0.01 sys=0.00, real=0.00 secs] 
2014-07-08T02:08:14.268+0000: 1334.894: [GC [PSYoungGen: 326002K->402K(316992K)] 478137K->152593K(1003968K), 0.0073110 secs] [Times: user=0.01 sys=0.01, real=0.00 secs] 
2014-07-08T02:08:14.923+0000: 1335.549: [GC [PSYoungGen: 316869K->210K(308096K)] 469060K->152417K(995072K), 0.0058280 secs] [Times: user=0.01 sys=0.00, real=0.01 secs] 
2014-07-08T02:08:15.586+0000: 1336.212: [GC [PSYoungGen: 308046K->160K(299712K)] 460253K->152415K(986688K), 0.0074720 secs] [Times: user=0.01 sys=0.00, real=0.00 secs] 
2014-07-08T02:08:16.248+0000: 1336.874: [GC [PSYoungGen: 299680K->548K(292096K)] 451935K->152851K(979072K), 0.0074290 secs] [Times: user=0.02 sys=0.00, real=0.00 secs] 
2014-07-08T02:08:16.873+0000: 1337.499: [GC [PSYoungGen: 292068K->338K(284224K)] 444371K->152697K(971200K), 0.0051310 secs] [Times: user=0.02 sys=0.00, real=0.01 secs] 
2014-07-08T02:08:17.545+0000: 1338.171: [GC [PSYoungGen: 284178K->484K(341120K)] 436537K->152875K(1028096K), 0.0419800 secs] [Times: user=0.15 sys=0.00, real=0.05 secs] 
2014-07-08T02:08:18.280+0000: 1338.906: [GC [PSYoungGen: 341051K->470K(409280K)] 493442K->152973K(1096256K), 0.0162930 secs] [Times: user=0.06 sys=0.00, real=0.02 secs] 
2014-07-08T02:08:19.206+0000: 1339.832: [GC [PSYoungGen: 409237K->768K(491328K)] 561741K->153343K(1178304K), 0.0073150 secs] [Times: user=0.02 sys=0.00, real=0.01 secs] 
2014-07-08T02:08:20.205+0000: 1340.831: [GC [PSYoungGen: 491328K->530K(589248K)] 643903K->153177K(1276224K), 0.0087700 secs] [Times: user=0.01 sys=0.00, real=0.01 secs] 
2014-07-08T02:08:21.451+0000: 1342.077: [GC [PSYoungGen: 589202K->416K(706880K)] 741849K->153135K(1393856K), 0.0335100 secs] [Times: user=0.11 sys=0.00, real=0.03 secs] 
2014-07-08T02:08:22.962+0000: 1343.588: [GC [PSYoungGen: 706848K->356K(848128K)] 859567K->153139K(1535104K), 0.0140360 secs] [Times: user=0.05 sys=0.00, real=0.01 secs] 
2014-07-08T02:08:24.784+0000: 1345.410: [GC [PSYoungGen: 848100K->256K(1017600K)] 1000883K->153071K(1704576K), 0.0074690 secs] [Times: user=0.02 sys=0.00, real=0.01 secs] 
2014-07-08T02:08:26.972+0000: 1347.598: [GC [PSYoungGen: 1017516K->256K(1221120K)] 1170331K->153151K(1908096K), 0.0416340 secs] [Times: user=0.15 sys=0.00, real=0.04 secs] 
2014-07-08T02:08:29.669+0000: 1350.295: [GC [PSYoungGen: 1221120K->516K(1465664K)] 1374015K->153539K(2152640K), 0.0148250 secs] [Times: user=0.06 sys=0.00, real=0.01 secs] 
2014-07-08T02:08:32.761+0000: 1353.387: [GC [PSYoungGen: 1465604K->388K(1675072K)] 1618627K->153603K(2362048K), 0.0117810 secs] [Times: user=0.05 sys=0.00, real=0.01 secs] 
2014-07-08T02:08:36.375+0000: 1357.001: [GC [PSYoungGen: 1674564K->530K(1602240K)] 1827779K->153833K(2289216K), 0.0152250 secs] [Times: user=0.05 sys=0.00, real=0.02 secs] 
2014-07-08T02:08:39.818+0000: 1360.444: [GC [PSYoungGen: 1602145K->384K(1533120K)] 1755448K->153871K(2220096K), 0.0091000 secs] [Times: user=0.01 sys=0.00, real=0.01 secs] 
2014-07-08T02:08:43.131+0000: 1363.757: [GC [PSYoungGen: 1533120K->704K(1467840K)] 1686607K->154423K(2154816K), 0.0067430 secs] [Times: user=0.02 sys=0.00, real=0.00 secs] 
2014-07-08T02:08:46.275+0000: 1366.901: [GC [PSYoungGen: 1467840K->626K(1405440K)] 1621559K->154449K(2092416K), 0.0043150 secs] [Times: user=0.01 sys=0.00, real=0.00 secs] 
2014-07-08T02:08:49.378+0000: 1370.004: [GC [PSYoungGen: 1405426K->484K(1345984K)] 1559249K->155075K(2032960K), 0.0086790 secs] [Times: user=0.02 sys=0.01, real=0.01 secs] 
2014-07-08T02:08:52.174+0000: 1372.800: [GC [PSYoungGen: 1345956K->416K(1289472K)] 1500547K->155175K(1976448K), 0.0267590 secs] [Times: user=0.09 sys=0.00, real=0.02 secs] 
2014-07-08T02:08:54.962+0000: 1375.588: [GC [PSYoungGen: 1289358K->274K(1235648K)] 1444117K->155273K(1922624K), 0.0077600 secs] [Times: user=0.03 sys=0.00, real=0.00 secs] 
2014-07-08T02:08:57.621+0000: 1378.247: [GC [PSYoungGen: 1235566K->452K(1184768K)] 1390565K->155547K(1871744K), 0.0048410 secs] [Times: user=0.01 sys=0.00, real=0.01 secs] 
2014-07-08T02:09:00.184+0000: 1380.810: [GC [PSYoungGen: 1184708K->754K(1136448K)] 1339803K->156065K(1823424K), 0.0085980 secs] [Times: user=0.01 sys=0.00, real=0.01 secs] 
2014-07-08T02:09:02.634+0000: 1383.260: [GC [PSYoungGen: 1136434K->320K(1089728K)] 1291745K->155695K(1776704K), 0.0046300 secs] [Times: user=0.01 sys=0.00, real=0.00 secs] 
2014-07-08T02:09:04.957+0000: 1385.583: [GC [PSYoungGen: 1089728K->192K(1045568K)] 1245103K->155727K(1732544K), 0.0120240 secs] [Times: user=0.04 sys=0.00, real=0.01 secs] 
2014-07-08T02:09:07.265+0000: 1387.891: [GC [PSYoungGen: 1045568K->1078K(1004544K)] 1201103K->156693K(1691520K), 0.0230720 secs] [Times: user=0.08 sys=0.00, real=0.02 secs] 
2014-07-08T02:09:09.469+0000: 1390.095: [GC [PSYoungGen: 1004534K->822K(964416K)] 1160149K->156645K(1651392K), 0.0051290 secs] [Times: user=0.02 sys=0.00, real=0.01 secs] 
2014-07-08T02:09:11.568+0000: 1392.194: [GC [PSYoungGen: 964406K->612K(926272K)] 1120229K->156595K(1613248K), 0.0058810 secs] [Times: user=0.01 sys=0.00, real=0.00 secs] 
2014-07-08T02:09:13.507+0000: 1394.133: [GC [PSYoungGen: 926244K->580K(890112K)] 1082227K->156675K(1577088K), 0.0056110 secs] [Times: user=0.01 sys=0.00, real=0.00 secs] 
2014-07-08T02:09:15.414+0000: 1396.040: [GC [PSYoungGen: 890052K->594K(855680K)] 1046147K->156785K(1542656K), 0.0105810 secs] [Times: user=0.03 sys=0.00, real=0.01 secs] 
2014-07-08T02:09:17.236+0000: 1397.862: [GC [PSYoungGen: 855634K->900K(823168K)] 1011825K->157203K(1510144K), 0.0054880 secs] [Times: user=0.02 sys=0.00, real=0.00 secs] 
2014-07-08T02:09:19.533+0000: 1400.159: [GC [PSYoungGen: 823108K->1202K(792128K)] 979411K->157761K(1479104K), 0.0082580 secs] [Times: user=0.02 sys=0.00, real=0.01 secs] 
2014-07-08T02:09:21.069+0000: 1401.695: [GC [PSYoungGen: 792114K->320K(761408K)] 948673K->157239K(1448384K), 0.0049130 secs] [Times: user=0.01 sys=0.00, real=0.00 secs] 
2014-07-08T02:09:22.644+0000: 1403.270: [GC [PSYoungGen: 761408K->584K(733312K)] 918327K->157663K(1420288K), 0.0042820 secs] [Times: user=0.01 sys=0.00, real=0.01 secs] 
2014-07-08T02:09:24.008+0000: 1404.634: [GC [PSYoungGen: 733167K->872K(706496K)] 890246K->158055K(1393472K), 0.0063160 secs] [Times: user=0.02 sys=0.00, real=0.00 secs] 
2014-07-08T02:09:25.490+0000: 1406.116: [GC [PSYoungGen: 706470K->484K(680320K)] 863653K->157699K(1367296K), 0.0055960 secs] [Times: user=0.01 sys=0.00, real=0.00 secs] 
2014-07-08T02:09:26.893+0000: 1407.519: [GC [PSYoungGen: 680241K->552K(655744K)] 837456K->157879K(1342720K), 0.0050940 secs] [Times: user=0.01 sys=0.00, real=0.01 secs] 
2014-07-08T02:09:28.313+0000: 1408.939: [GC [PSYoungGen: 655720K->466K(632192K)] 813047K->157873K(1319168K), 0.0167630 secs] [Times: user=0.06 sys=0.00, real=0.02 secs] 
2014-07-08T02:09:29.716+0000: 1410.342: [GC [PSYoungGen: 632117K->356K(609664K)] 789524K->157851K(1296640K), 0.0122540 secs] [Times: user=0.04 sys=0.00, real=0.02 secs] 
2014-07-08T02:09:31.009+0000: 1411.635: [GC [PSYoungGen: 609636K->704K(588608K)] 767131K->158271K(1275584K), 0.0053300 secs] [Times: user=0.02 sys=0.00, real=0.00 secs] 
2014-07-08T02:09:32.255+0000: 1412.881: [GC [PSYoungGen: 588608K->256K(567744K)] 746175K->157879K(1254720K), 0.0081790 secs] [Times: user=0.03 sys=0.00, real=0.01 secs] 
2014-07-08T02:09:33.542+0000: 1414.168: [GC [PSYoungGen: 567744K->484K(548544K)] 725367K->158187K(1235520K), 0.0076180 secs] [Times: user=0.01 sys=0.00, real=0.01 secs] 
2014-07-08T02:09:34.664+0000: 1415.290: [GC [PSYoungGen: 548516K->288K(529728K)] 706219K->158071K(1216704K), 0.0069280 secs] [Times: user=0.01 sys=0.00, real=0.01 secs] 
2014-07-08T02:09:35.805+0000: 1416.431: [GC [PSYoungGen: 529696K->256K(511872K)] 687479K->158087K(1198848K), 0.0157520 secs] [Times: user=0.06 sys=0.00, real=0.02 secs] 
2014-07-08T02:09:36.919+0000: 1417.545: [GC [PSYoungGen: 511840K->406K(495104K)] 669671K->158349K(1182080K), 0.0048520 secs] [Times: user=0.02 sys=0.00, real=0.00 secs] 
2014-07-08T02:09:37.983+0000: 1418.609: [GC [PSYoungGen: 495062K->242K(478656K)] 653005K->158217K(1165632K), 0.0043980 secs] [Times: user=0.01 sys=0.00, real=0.00 secs] 
2014-07-08T02:09:39.026+0000: 1419.652: [GC [PSYoungGen: 478642K->722K(463680K)] 636617K->158793K(1150656K), 0.0152100 secs] [Times: user=0.06 sys=0.00, real=0.02 secs] 
2014-07-08T02:09:40.091+0000: 1420.717: [GC [PSYoungGen: 463634K->370K(448448K)] 621705K->158497K(1135424K), 0.0062890 secs] [Times: user=0.01 sys=0.00, real=0.00 secs] 
2014-07-08T02:09:40.971+0000: 1421.597: [GC [PSYoungGen: 448409K->224K(434112K)] 606536K->158455K(1121088K), 0.0056350 secs] [Times: user=0.02 sys=0.00, real=0.00 secs] 
2014-07-08T02:09:41.927+0000: 1422.553: [GC [PSYoungGen: 434080K->352K(420672K)] 592311K->158631K(1107648K), 0.0132560 secs] [Times: user=0.04 sys=0.00, real=0.02 secs] 
2014-07-08T02:09:42.811+0000: 1423.437: [GC [PSYoungGen: 420640K->128K(407424K)] 578919K->158463K(1094400K), 0.0045390 secs] [Times: user=0.01 sys=0.00, real=0.00 secs] 
2014-07-08T02:09:43.748+0000: 1424.374: [GC [PSYoungGen: 407354K->484K(395392K)] 565689K->158835K(1082368K), 0.0054820 secs] [Times: user=0.01 sys=0.00, real=0.01 secs] 
2014-07-08T02:09:44.545+0000: 1425.171: [GC [PSYoungGen: 395364K->320K(383296K)] 553715K->158735K(1070272K), 0.0066040 secs] [Times: user=0.02 sys=0.00, real=0.01 secs] 
2014-07-08T02:09:45.490+0000: 1426.116: [GC [PSYoungGen: 383296K->836K(372480K)] 541711K->159307K(1059456K), 0.0116640 secs] [Times: user=0.03 sys=0.00, real=0.01 secs] 
2014-07-08T02:09:46.187+0000: 1426.813: [GC [PSYoungGen: 372420K->274K(360960K)] 530891K->158873K(1047936K), 0.0048390 secs] [Times: user=0.01 sys=0.00, real=0.01 secs] 
2014-07-08T02:09:46.956+0000: 1427.582: [GC [PSYoungGen: 360914K->288K(350464K)] 519513K->158927K(1037440K), 0.0086000 secs] [Times: user=0.02 sys=0.00, real=0.01 secs] 
2014-07-08T02:09:47.713+0000: 1428.339: [GC [PSYoungGen: 350432K->466K(420736K)] 509071K->159177K(1107712K), 0.0257030 secs] [Times: user=0.09 sys=0.00, real=0.02 secs] 
2014-07-08T02:09:48.619+0000: 1429.245: [GC [PSYoungGen: 420690K->224K(504576K)] 579401K->159023K(1191552K), 0.0062120 secs] [Times: user=0.01 sys=0.01, real=0.01 secs] 
2014-07-08T02:09:49.759+0000: 1430.385: [GC [PSYoungGen: 504544K->722K(605952K)] 663343K->159577K(1292928K), 0.0082060 secs] [Times: user=0.02 sys=0.01, real=0.01 secs] 
2014-07-08T02:09:51.014+0000: 1431.640: [GC [PSYoungGen: 605906K->224K(726528K)] 764761K->159183K(1413504K), 0.0129590 secs] [Times: user=0.03 sys=0.00, real=0.01 secs] 
2014-07-08T02:09:52.578+0000: 1433.204: [GC [PSYoungGen: 726496K->306K(871872K)] 885455K->159321K(1558848K), 0.0227270 secs] [Times: user=0.09 sys=0.00, real=0.02 secs] 
2014-07-08T02:09:54.510+0000: 1435.136: [GC [PSYoungGen: 871814K->370K(838336K)] 1030830K->159441K(1525312K), 0.0070060 secs] [Times: user=0.02 sys=0.00, real=0.01 secs] 
2014-07-08T02:09:56.427+0000: 1437.053: [GC [PSYoungGen: 838322K->886K(806848K)] 997393K->160109K(1493824K), 0.0083330 secs] [Times: user=0.02 sys=0.00, real=0.01 secs] 
2014-07-08T02:09:58.779+0000: 1439.405: [GC [PSYoungGen: 806838K->868K(776320K)] 966061K->160267K(1463296K), 0.0115270 secs] [Times: user=0.04 sys=0.01, real=0.01 secs] 
2014-07-08T02:10:00.164+0000: 1440.790: [GC [PSYoungGen: 776292K->434K(746816K)] 935691K->160209K(1433792K), 0.0104870 secs] [Times: user=0.03 sys=0.00, real=0.01 secs] 
2014-07-08T02:10:01.664+0000: 1442.290: [GC [PSYoungGen: 746802K->370K(719040K)] 906577K->160225K(1406016K), 0.0069870 secs] [Times: user=0.02 sys=0.00, real=0.00 secs] 
2014-07-08T02:10:03.009+0000: 1443.635: [GC [PSYoungGen: 719026K->256K(692480K)] 878881K->160175K(1379456K), 0.0049440 secs] [Times: user=0.01 sys=0.00, real=0.01 secs] 
2014-07-08T02:10:04.477+0000: 1445.103: [GC [PSYoungGen: 692474K->466K(667520K)] 852393K->160417K(1354496K), 0.0054970 secs] [Times: user=0.01 sys=0.00, real=0.00 secs] 
2014-07-08T02:10:05.843+0000: 1446.469: [GC [PSYoungGen: 667474K->192K(643200K)] 827425K->160191K(1330176K), 0.0045770 secs] [Times: user=0.02 sys=0.00, real=0.01 secs] 
2014-07-08T02:10:07.187+0000: 1447.813: [GC [PSYoungGen: 643200K->192K(620288K)] 803199K->160279K(1307264K), 0.0057510 secs] [Times: user=0.01 sys=0.00, real=0.01 secs] 
2014-07-08T02:10:08.554+0000: 1449.180: [GC [PSYoungGen: 620288K->608K(598848K)] 780375K->160799K(1285824K), 0.0081350 secs] [Times: user=0.02 sys=0.00, real=0.00 secs] 
2014-07-08T02:10:09.812+0000: 1450.438: [GC [PSYoungGen: 598814K->338K(577728K)] 759005K->160609K(1264704K), 0.0051130 secs] [Times: user=0.01 sys=0.00, real=0.01 secs] 
2014-07-08T02:10:11.047+0000: 1451.673: [GC [PSYoungGen: 577682K->288K(557760K)] 737953K->160639K(1244736K), 0.0081530 secs] [Times: user=0.02 sys=0.00, real=0.01 secs] 
2014-07-08T02:10:12.282+0000: 1452.908: [GC [PSYoungGen: 557728K->320K(538752K)] 718079K->160751K(1225728K), 0.0130320 secs] [Times: user=0.05 sys=0.00, real=0.02 secs] 
2014-07-08T02:10:13.440+0000: 1454.066: [GC [PSYoungGen: 538663K->498K(520768K)] 699095K->161001K(1207744K), 0.0109730 secs] [Times: user=0.04 sys=0.00, real=0.01 secs] 
2014-07-08T02:10:14.543+0000: 1455.169: [GC [PSYoungGen: 520754K->306K(503232K)] 681257K->160841K(1190208K), 0.0145430 secs] [Times: user=0.05 sys=0.00, real=0.02 secs] 
2014-07-08T02:10:15.740+0000: 1456.366: [GC [PSYoungGen: 503217K->644K(487040K)] 663753K->161211K(1174016K), 0.0051180 secs] [Times: user=0.01 sys=0.00, real=0.01 secs] 
2014-07-08T02:10:16.693+0000: 1457.319: [GC [PSYoungGen: 486980K->338K(470848K)] 647547K->161041K(1157824K), 0.0058810 secs] [Times: user=0.02 sys=0.00, real=0.01 secs] 
2014-07-08T02:10:17.781+0000: 1458.407: [GC [PSYoungGen: 470802K->516K(455872K)] 631505K->161291K(1142848K), 0.0065990 secs] [Times: user=0.01 sys=0.00, real=0.01 secs] 
2014-07-08T02:10:18.681+0000: 1459.307: [GC [PSYoungGen: 455788K->292K(441088K)] 616563K->161155K(1128064K), 0.0071760 secs] [Times: user=0.03 sys=0.00, real=0.01 secs] 
2014-07-08T02:10:19.707+0000: 1460.333: [GC [PSYoungGen: 441060K->288K(427200K)] 601923K->161183K(1114176K), 0.0054850 secs] [Times: user=0.01 sys=0.01, real=0.00 secs] 
2014-07-08T02:10:20.558+0000: 1461.184: [GC [PSYoungGen: 427168K->242K(413888K)] 588063K->161201K(1100864K), 0.0105380 secs] [Times: user=0.04 sys=0.00, real=0.01 secs] 
2014-07-08T02:10:21.598+0000: 1462.224: [GC [PSYoungGen: 413874K->822K(401728K)] 574833K->162045K(1088704K), 0.0058880 secs] [Times: user=0.02 sys=0.01, real=0.00 secs] 
2014-07-08T02:10:22.340+0000: 1462.966: [GC [PSYoungGen: 401718K->498K(389248K)] 562941K->161809K(1076224K), 0.0062730 secs] [Times: user=0.02 sys=0.00, real=0.01 secs] 
2014-07-08T02:10:23.170+0000: 1463.796: [GC [PSYoungGen: 389229K->534K(377664K)] 550540K->161925K(1064640K), 0.0054370 secs] [Times: user=0.02 sys=0.00, real=0.01 secs] 
2014-07-08T02:10:24.201+0000: 1464.827: [GC [PSYoungGen: 377622K->484K(366464K)] 539013K->161899K(1053440K), 0.0043840 secs] [Times: user=0.01 sys=0.00, real=0.00 secs] 
2014-07-08T02:10:24.828+0000: 1465.454: [GC [PSYoungGen: 366436K->384K(355648K)] 527851K->161935K(1042624K), 0.0086950 secs] [Times: user=0.03 sys=0.00, real=0.01 secs] 
2014-07-08T02:10:25.673+0000: 1466.299: [GC [PSYoungGen: 355648K->658K(427072K)] 517199K->162249K(1114048K), 0.0243210 secs] [Times: user=0.08 sys=0.00, real=0.03 secs] 
2014-07-08T02:10:26.463+0000: 1467.089: [GC [PSYoungGen: 427026K->580K(512320K)] 588617K->162291K(1199296K), 0.0074270 secs] [Times: user=0.01 sys=0.01, real=0.01 secs] 
2014-07-08T02:10:27.616+0000: 1468.242: [GC [PSYoungGen: 512260K->712K(614784K)] 673971K->162495K(1301760K), 0.0212430 secs] [Times: user=0.08 sys=0.01, real=0.02 secs] 
2014-07-08T02:10:28.863+0000: 1469.489: [GC [PSYoungGen: 614728K->160K(737024K)] 776511K->162023K(1424000K), 0.0051400 secs] [Times: user=0.01 sys=0.00, real=0.01 secs] 
2014-07-08T02:10:30.486+0000: 1471.112: [GC [PSYoungGen: 736992K->594K(710208K)] 898855K->162521K(1397184K), 0.0054240 secs] [Times: user=0.02 sys=0.00, real=0.01 secs] 
2014-07-08T02:10:32.041+0000: 1472.667: [GC [PSYoungGen: 710157K->320K(683904K)] 872084K->162367K(1370880K), 0.0106740 secs] [Times: user=0.04 sys=0.00, real=0.01 secs] 
2014-07-08T02:10:33.521+0000: 1474.147: [GC [PSYoungGen: 683860K->922K(659776K)] 845907K->163041K(1346752K), 0.0056720 secs] [Times: user=0.02 sys=0.00, real=0.01 secs] 
2014-07-08T02:10:34.866+0000: 1475.492: [GC [PSYoungGen: 659738K->128K(635328K)] 821857K->162295K(1322304K), 0.0048580 secs] [Times: user=0.01 sys=0.00, real=0.01 secs] 
2014-07-08T02:10:36.251+0000: 1476.877: [GC [PSYoungGen: 635328K->370K(612992K)] 797495K->162585K(1299968K), 0.0055580 secs] [Times: user=0.02 sys=0.00, real=0.00 secs] 
2014-07-08T02:10:37.674+0000: 1478.300: [GC [PSYoungGen: 612978K->900K(592064K)] 775193K->163259K(1279040K), 0.0149400 secs] [Times: user=0.05 sys=0.01, real=0.02 secs] 
2014-07-08T02:10:38.835+0000: 1479.461: [GC [PSYoungGen: 591955K->256K(570816K)] 754314K->162735K(1257792K), 0.0160280 secs] [Times: user=0.05 sys=0.00, real=0.02 secs] 
2014-07-08T02:10:40.069+0000: 1480.695: [GC [PSYoungGen: 570816K->192K(551104K)] 733295K->162719K(1238080K), 0.0122870 secs] [Times: user=0.05 sys=0.00, real=0.01 secs] 
2014-07-08T02:10:41.264+0000: 1481.890: [GC [PSYoungGen: 551044K->502K(532672K)] 713571K->163101K(1219648K), 0.0055660 secs] [Times: user=0.01 sys=0.00, real=0.01 secs] 
2014-07-08T02:10:42.407+0000: 1483.033: [GC [PSYoungGen: 532662K->516K(514816K)] 695261K->163147K(1201792K), 0.0056320 secs] [Times: user=0.01 sys=0.00, real=0.01 secs] 
2014-07-08T02:10:43.602+0000: 1484.228: [GC [PSYoungGen: 514756K->864K(498048K)] 677387K->163591K(1185024K), 0.0074760 secs] [Times: user=0.01 sys=0.00, real=0.01 secs] 
2014-07-08T02:10:44.592+0000: 1485.218: [GC [PSYoungGen: 498016K->224K(481088K)] 660743K->163007K(1168064K), 0.0047790 secs] [Times: user=0.01 sys=0.00, real=0.00 secs] 
2014-07-08T02:10:45.673+0000: 1486.299: [GC [PSYoungGen: 481056K->384K(465600K)] 643839K->163191K(1152576K), 0.0080740 secs] [Times: user=0.03 sys=0.00, real=0.01 secs] 
2014-07-08T02:10:46.649+0000: 1487.275: [GC [PSYoungGen: 465600K->370K(450688K)] 628407K->163257K(1137664K), 0.0125880 secs] [Times: user=0.05 sys=0.01, real=0.01 secs] 
2014-07-08T02:10:47.705+0000: 1488.331: [GC [PSYoungGen: 450674K->772K(436864K)] 613561K->163723K(1123840K), 0.0046760 secs] [Times: user=0.01 sys=0.00, real=0.01 secs] 
2014-07-08T02:10:48.575+0000: 1489.201: [GC [PSYoungGen: 436734K->498K(422848K)] 599685K->163561K(1109824K), 0.0075280 secs] [Times: user=0.01 sys=0.00, real=0.01 secs] 
2014-07-08T02:10:50.055+0000: 1490.681: [GC [PSYoungGen: 422834K->996K(410304K)] 585897K->164467K(1097280K), 0.0052530 secs] [Times: user=0.02 sys=0.00, real=0.01 secs] 
2014-07-08T02:10:50.818+0000: 1491.444: [GC [PSYoungGen: 410276K->516K(491712K)] 573747K->164251K(1178688K), 0.0204380 secs] [Times: user=0.08 sys=0.00, real=0.02 secs] 
2014-07-08T02:10:51.626+0000: 1492.252: [GC [PSYoungGen: 491652K->224K(589632K)] 655387K->164111K(1276608K), 0.0173390 secs] [Times: user=0.06 sys=0.00, real=0.02 secs] 
2014-07-08T02:10:52.873+0000: 1493.499: [GC [PSYoungGen: 589600K->388K(707712K)] 753487K->164307K(1394688K), 0.0041810 secs] [Times: user=0.01 sys=0.00, real=0.00 secs] 
2014-07-08T02:10:54.338+0000: 1494.964: [GC [PSYoungGen: 707652K->402K(849216K)] 871571K->164385K(1536192K), 0.0137760 secs] [Times: user=0.05 sys=0.00, real=0.02 secs] 
2014-07-08T02:10:56.076+0000: 1496.702: [GC [PSYoungGen: 849077K->566K(816832K)] 1013060K->164605K(1503808K), 0.0104660 secs] [Times: user=0.03 sys=0.00, real=0.01 secs] 
2014-07-08T02:10:57.795+0000: 1498.421: [GC [PSYoungGen: 816822K->416K(979968K)] 980861K->164599K(1666944K), 0.0252800 secs] [Times: user=0.09 sys=0.00, real=0.02 secs] 
2014-07-08T02:10:59.908+0000: 1500.534: [GC [PSYoungGen: 979936K->466K(941312K)] 1144119K->164769K(1628288K), 0.0112020 secs] [Times: user=0.03 sys=0.01, real=0.01 secs] 
2014-07-08T02:11:01.935+0000: 1502.561: [GC [PSYoungGen: 941266K->484K(904448K)] 1105569K->164891K(1591424K), 0.0114410 secs] [Times: user=0.03 sys=0.00, real=0.01 secs] 
2014-07-08T02:11:03.892+0000: 1504.518: [GC [PSYoungGen: 904420K->292K(869120K)] 1068827K->164819K(1556096K), 0.0047300 secs] [Times: user=0.01 sys=0.00, real=0.00 secs] 
2014-07-08T02:11:05.976+0000: 1506.602: [GC [PSYoungGen: 869029K->886K(836224K)] 1033556K->165485K(1523200K), 0.0074060 secs] [Times: user=0.01 sys=0.01, real=0.01 secs] 
2014-07-08T02:11:08.408+0000: 1509.034: [GC [PSYoungGen: 836168K->740K(804224K)] 1000767K->165563K(1491200K), 0.0314670 secs] [Times: user=0.10 sys=0.00, real=0.03 secs] 
2014-07-08T02:11:09.635+0000: 1510.261: [GC [PSYoungGen: 804196K->722K(773824K)] 969019K->165889K(1460800K), 0.0057610 secs] [Times: user=0.01 sys=0.00, real=0.00 secs] 
2014-07-08T02:11:11.196+0000: 1511.822: [GC [PSYoungGen: 773775K->320K(744448K)] 938942K->165551K(1431424K), 0.0170040 secs] [Times: user=0.06 sys=0.00, real=0.02 secs] 
2014-07-08T02:11:12.660+0000: 1513.286: [GC [PSYoungGen: 744448K->384K(716928K)] 909679K->165687K(1403904K), 0.0047710 secs] [Times: user=0.01 sys=0.00, real=0.01 secs] 
2014-07-08T02:11:14.164+0000: 1514.790: [GC [PSYoungGen: 716925K->544K(690816K)] 882228K->165911K(1377792K), 0.0069910 secs] [Times: user=0.02 sys=0.00, real=0.00 secs] 
2014-07-08T02:11:15.605+0000: 1516.231: [GC [PSYoungGen: 690784K->320K(665472K)] 856151K->165759K(1352448K), 0.0078620 secs] [Times: user=0.01 sys=0.00, real=0.00 secs] 
2014-07-08T02:11:17.058+0000: 1517.684: [GC [PSYoungGen: 665427K->338K(641600K)] 830866K->165849K(1328576K), 0.0054530 secs] [Times: user=0.01 sys=0.00, real=0.00 secs] 
2014-07-08T02:11:18.444+0000: 1519.070: [GC [PSYoungGen: 641548K->370K(618752K)] 807059K->165993K(1305728K), 0.0170100 secs] [Times: user=0.06 sys=0.00, real=0.01 secs] 
2014-07-08T02:11:19.830+0000: 1520.456: [GC [PSYoungGen: 618731K->1014K(597632K)] 784355K->166765K(1284608K), 0.0091910 secs] [Times: user=0.01 sys=0.00, real=0.01 secs] 
2014-07-08T02:11:21.090+0000: 1521.716: [GC [PSYoungGen: 597622K->466K(576320K)] 763373K->166281K(1263296K), 0.0053650 secs] [Times: user=0.01 sys=0.00, real=0.01 secs] 
2014-07-08T02:11:22.306+0000: 1522.932: [GC [PSYoungGen: 576266K->128K(556096K)] 742081K->166015K(1243072K), 0.0091220 secs] [Times: user=0.03 sys=0.01, real=0.01 secs] 
2014-07-08T02:11:23.508+0000: 1524.134: [GC [PSYoungGen: 556096K->242K(537280K)] 721983K->166177K(1224256K), 0.0119920 secs] [Times: user=0.05 sys=0.00, real=0.01 secs] 
2014-07-08T02:11:24.681+0000: 1525.307: [GC [PSYoungGen: 537249K->434K(519360K)] 703184K->166385K(1206336K), 0.0058510 secs] [Times: user=0.01 sys=0.00, real=0.01 secs] 
2014-07-08T02:11:26.021+0000: 1526.647: [GC [PSYoungGen: 519346K->708K(502400K)] 685297K->166715K(1189376K), 0.0108150 secs] [Times: user=0.02 sys=0.01, real=0.01 secs] 
2014-07-08T02:11:27.644+0000: 1528.270: [GC [PSYoungGen: 502338K->996K(486144K)] 668345K->167195K(1173120K), 0.0070170 secs] [Times: user=0.02 sys=0.00, real=0.01 secs] 
2014-07-08T02:11:28.449+0000: 1529.075: [GC [PSYoungGen: 486116K->470K(469824K)] 652315K->166933K(1156800K), 0.0057140 secs] [Times: user=0.01 sys=0.00, real=0.00 secs] 
2014-07-08T02:11:29.295+0000: 1529.921: [GC [PSYoungGen: 469782K->256K(454464K)] 636245K->166799K(1141440K), 0.0110920 secs] [Times: user=0.04 sys=0.00, real=0.01 secs] 
2014-07-08T02:11:30.250+0000: 1530.876: [GC [PSYoungGen: 454464K->352K(440128K)] 621007K->166959K(1127104K), 0.0067760 secs] [Times: user=0.03 sys=0.00, real=0.01 secs] 
2014-07-08T02:11:31.154+0000: 1531.780: [GC [PSYoungGen: 440096K->288K(426240K)] 606703K->166943K(1113216K), 0.0049230 secs] [Times: user=0.01 sys=0.01, real=0.01 secs] 
2014-07-08T02:11:31.995+0000: 1532.621: [GC [PSYoungGen: 426128K->388K(413120K)] 592783K->167107K(1100096K), 0.0141380 secs] [Times: user=0.05 sys=0.00, real=0.02 secs] 
2014-07-08T02:11:32.837+0000: 1533.463: [GC [PSYoungGen: 413060K->704K(400704K)] 579779K->167455K(1087680K), 0.0086310 secs] [Times: user=0.02 sys=0.01, real=0.01 secs] 
2014-07-08T02:11:33.603+0000: 1534.229: [GC [PSYoungGen: 400704K->370K(480384K)] 567455K->167153K(1167360K), 0.0121640 secs] [Times: user=0.05 sys=0.00, real=0.01 secs] 
2014-07-08T02:11:34.608+0000: 1535.234: [GC [PSYoungGen: 480370K->256K(576256K)] 647153K->167071K(1263232K), 0.0134150 secs] [Times: user=0.05 sys=0.00, real=0.01 secs] 
2014-07-08T02:11:35.860+0000: 1536.486: [GC [PSYoungGen: 576256K->854K(692096K)] 743071K->167765K(1379072K), 0.0317040 secs] [Times: user=0.11 sys=0.00, real=0.03 secs] 
2014-07-08T02:11:37.314+0000: 1537.940: [GC [PSYoungGen: 692054K->338K(829824K)] 858965K->167329K(1516800K), 0.0059740 secs] [Times: user=0.01 sys=0.00, real=0.01 secs] 
2014-07-08T02:11:39.102+0000: 1539.728: [GC [PSYoungGen: 829708K->452K(995840K)] 996699K->167563K(1682816K), 0.0092260 secs] [Times: user=0.03 sys=0.00, real=0.01 secs] 
2014-07-08T02:11:41.251+0000: 1541.877: [GC [PSYoungGen: 995780K->256K(956096K)] 1162891K->167447K(1643072K), 0.0057370 secs] [Times: user=0.01 sys=0.00, real=0.00 secs] 
2014-07-08T02:11:43.311+0000: 1543.937: [GC [PSYoungGen: 956021K->306K(1147328K)] 1123212K->167601K(1834304K), 0.0380760 secs] [Times: user=0.13 sys=0.00, real=0.04 secs] 
2014-07-08T02:11:45.836+0000: 1546.462: [GC [PSYoungGen: 1147282K->936K(1101184K)] 1314577K->168295K(1788160K), 0.0078320 secs] [Times: user=0.01 sys=0.00, real=0.01 secs] 
2014-07-08T02:11:48.175+0000: 1548.801: [GC [PSYoungGen: 1101160K->352K(1056064K)] 1268519K->167887K(1743040K), 0.0057760 secs] [Times: user=0.01 sys=0.00, real=0.01 secs] 
2014-07-08T02:11:50.448+0000: 1551.074: [GC [PSYoungGen: 1056032K->256K(1267072K)] 1223567K->167943K(1954048K), 0.0465430 secs] [Times: user=0.16 sys=0.00, real=0.05 secs] 
2014-07-08T02:11:53.218+0000: 1553.844: [GC [PSYoungGen: 1267070K->370K(1214592K)] 1434757K->168137K(1901568K), 0.0056550 secs] [Times: user=0.02 sys=0.00, real=0.01 secs] 
2014-07-08T02:11:55.823+0000: 1556.449: [GC [PSYoungGen: 1214570K->836K(1165056K)] 1382337K->168763K(1852032K), 0.0087670 secs] [Times: user=0.02 sys=0.00, real=0.01 secs] 
2014-07-08T02:11:58.322+0000: 1558.948: [GC [PSYoungGen: 1164996K->320K(1116864K)] 1332923K->168399K(1803840K), 0.0147920 secs] [Times: user=0.05 sys=0.00, real=0.01 secs] 
2014-07-08T02:12:00.748+0000: 1561.374: [GC [PSYoungGen: 1116864K->826K(1072064K)] 1284943K->169105K(1759040K), 0.0252800 secs] [Times: user=0.10 sys=0.00, real=0.03 secs] 
2014-07-08T02:12:03.140+0000: 1563.766: [GC [PSYoungGen: 1072058K->996K(1029120K)] 1240337K->169339K(1716096K), 0.0071890 secs] [Times: user=0.01 sys=0.01, real=0.01 secs] 
2014-07-08T02:12:06.209+0000: 1566.835: [GC [PSYoungGen: 1029092K->512K(987520K)] 1197435K->169533K(1674496K), 0.0174480 secs] [Times: user=0.05 sys=0.00, real=0.02 secs] 
2014-07-08T02:12:08.868+0000: 1569.494: [GC [PSYoungGen: 987519K->1408K(949312K)] 1156540K->170837K(1636288K), 0.0276540 secs] [Times: user=0.10 sys=0.01, real=0.03 secs] 
2014-07-08T02:12:11.068+0000: 1571.694: [GC [PSYoungGen: 949312K->658K(911360K)] 1118741K->170455K(1598336K), 0.0052550 secs] [Times: user=0.02 sys=0.00, real=0.01 secs] 
2014-07-08T02:12:12.733+0000: 1573.359: [GC [PSYoungGen: 911293K->306K(875520K)] 1081091K->170279K(1562496K), 0.0060780 secs] [Times: user=0.01 sys=0.00, real=0.00 secs] 
2014-07-08T02:12:14.212+0000: 1574.838: [GC [PSYoungGen: 875506K->484K(841920K)] 1045479K->170537K(1528896K), 0.0092140 secs] [Times: user=0.04 sys=0.01, real=0.01 secs] 
2014-07-08T02:12:15.920+0000: 1576.546: [GC [PSYoungGen: 841892K->288K(809536K)] 1011945K->170389K(1496512K), 0.0082760 secs] [Times: user=0.02 sys=0.00, real=0.01 secs] 
2014-07-08T02:12:17.586+0000: 1578.212: [GC [PSYoungGen: 809504K->384K(778944K)] 979605K->170629K(1465920K), 0.0238900 secs] [Times: user=0.08 sys=0.00, real=0.02 secs] 
2014-07-08T02:12:19.131+0000: 1579.757: [GC [PSYoungGen: 778940K->452K(749888K)] 949185K->170809K(1436864K), 0.0061670 secs] [Times: user=0.01 sys=0.00, real=0.01 secs] 
2014-07-08T02:12:20.708+0000: 1581.334: [GC [PSYoungGen: 749828K->946K(722496K)] 920185K->171399K(1409472K), 0.0045220 secs] [Times: user=0.01 sys=0.00, real=0.00 secs] 
2014-07-08T02:12:22.029+0000: 1582.655: [GC [PSYoungGen: 722482K->288K(866176K)] 892935K->170877K(1553152K), 0.0430710 secs] [Times: user=0.16 sys=0.00, real=0.04 secs] 
2014-07-08T02:12:23.801+0000: 1584.427: [GC [PSYoungGen: 866139K->506K(1039552K)] 1036729K->171143K(1726528K), 0.0166060 secs] [Times: user=0.06 sys=0.00, real=0.02 secs] 
2014-07-08T02:12:25.945+0000: 1586.571: [GC [PSYoungGen: 1039493K->224K(997696K)] 1210130K->170909K(1684672K), 0.0055400 secs] [Times: user=0.01 sys=0.00, real=0.00 secs] 
2014-07-08T02:12:28.054+0000: 1588.680: [GC [PSYoungGen: 997664K->306K(958144K)] 1168349K->171111K(1645120K), 0.0054730 secs] [Times: user=0.02 sys=0.00, real=0.01 secs] 
2014-07-08T02:12:30.103+0000: 1590.729: [GC [PSYoungGen: 958051K->384K(920512K)] 1128857K->171341K(1607488K), 0.0249270 secs] [Times: user=0.09 sys=0.00, real=0.03 secs] 
2014-07-08T02:12:32.071+0000: 1592.697: [GC [PSYoungGen: 920512K->256K(884480K)] 1091469K->171309K(1571456K), 0.0141830 secs] [Times: user=0.05 sys=0.00, real=0.02 secs] 
2014-07-08T02:12:33.984+0000: 1594.610: [GC [PSYoungGen: 884401K->352K(850432K)] 1055454K->171501K(1537408K), 0.0129220 secs] [Times: user=0.04 sys=0.00, real=0.02 secs] 
2014-07-08T02:12:35.845+0000: 1596.471: [GC [PSYoungGen: 850400K->736K(818240K)] 1021549K->171949K(1505216K), 0.0066250 secs] [Times: user=0.01 sys=0.00, real=0.01 secs] 
2014-07-08T02:12:37.604+0000: 1598.230: [GC [PSYoungGen: 818208K->580K(787072K)] 989421K->171921K(1474048K), 0.0047870 secs] [Times: user=0.01 sys=0.01, real=0.01 secs] 
2014-07-08T02:12:39.259+0000: 1599.885: [GC [PSYoungGen: 787012K->256K(757120K)] 958353K->171725K(1444096K), 0.0094630 secs] [Times: user=0.04 sys=0.00, real=0.01 secs] 
2014-07-08T02:12:40.899+0000: 1601.525: [GC [PSYoungGen: 757120K->434K(729088K)] 928589K->171967K(1416064K), 0.0064260 secs] [Times: user=0.01 sys=0.00, real=0.00 secs] 
2014-07-08T02:12:42.505+0000: 1603.131: [GC [PSYoungGen: 729074K->630K(702400K)] 900607K->172291K(1389376K), 0.0063130 secs] [Times: user=0.02 sys=0.00, real=0.01 secs] 
2014-07-08T02:12:43.982+0000: 1604.608: [GC [PSYoungGen: 702390K->160K(676352K)] 874051K->171909K(1363328K), 0.0038670 secs] [Times: user=0.01 sys=0.00, real=0.00 secs] 
2014-07-08T02:12:45.530+0000: 1606.156: [GC [PSYoungGen: 676320K->1060K(652800K)] 848069K->172881K(1339776K), 0.0072750 secs] [Times: user=0.01 sys=0.00, real=0.01 secs] 
2014-07-08T02:12:46.875+0000: 1607.501: [GC [PSYoungGen: 652772K->352K(628800K)] 824593K->172293K(1315776K), 0.0170970 secs] [Times: user=0.06 sys=0.00, real=0.02 secs] 
2014-07-08T02:12:48.208+0000: 1608.834: [GC [PSYoungGen: 628676K->484K(606656K)] 800617K->172569K(1293632K), 0.0276540 secs] [Times: user=0.09 sys=0.00, real=0.02 secs] 
2014-07-08T02:12:49.530+0000: 1610.156: [GC [PSYoungGen: 606628K->466K(585408K)] 778713K->172639K(1272384K), 0.0076070 secs] [Times: user=0.01 sys=0.00, real=0.01 secs] 
2014-07-08T02:12:50.798+0000: 1611.424: [GC [PSYoungGen: 585362K->516K(565184K)] 757535K->172745K(1252160K), 0.0039500 secs] [Times: user=0.01 sys=0.00, real=0.01 secs] 
2014-07-08T02:12:52.010+0000: 1612.636: [GC [PSYoungGen: 565124K->384K(545664K)] 737353K->172693K(1232640K), 0.0122890 secs] [Times: user=0.02 sys=0.00, real=0.01 secs] 
2014-07-08T02:12:53.185+0000: 1613.811: [GC [PSYoungGen: 545626K->324K(527168K)] 717935K->172697K(1214144K), 0.0083310 secs] [Times: user=0.03 sys=0.00, real=0.01 secs] 
2014-07-08T02:12:54.325+0000: 1614.951: [GC [PSYoungGen: 527108K->352K(509504K)] 699481K->172797K(1196480K), 0.0095090 secs] [Times: user=0.04 sys=0.00, real=0.01 secs] 
2014-07-08T02:12:55.451+0000: 1616.077: [GC [PSYoungGen: 509472K->608K(492864K)] 681917K->173077K(1179840K), 0.0136050 secs] [Times: user=0.04 sys=0.00, real=0.01 secs] 
2014-07-08T02:12:56.494+0000: 1617.120: [GC [PSYoungGen: 492809K->420K(476544K)] 665278K->172961K(1163520K), 0.0123270 secs] [Times: user=0.04 sys=0.01, real=0.01 secs] 
2014-07-08T02:12:57.604+0000: 1618.230: [GC [PSYoungGen: 476496K->868K(572224K)] 649037K->173777K(1259200K), 0.0141500 secs] [Times: user=0.05 sys=0.00, real=0.01 secs] 
2014-07-08T02:12:58.748+0000: 1619.374: [GC [PSYoungGen: 572196K->352K(686016K)] 745105K->173381K(1372992K), 0.0134570 secs] [Times: user=0.05 sys=0.00, real=0.02 secs] 
2014-07-08T02:13:00.238+0000: 1620.864: [GC [PSYoungGen: 685984K->192K(660928K)] 859013K->173381K(1347904K), 0.0074820 secs] [Times: user=0.03 sys=0.00, real=0.01 secs] 
2014-07-08T02:13:01.794+0000: 1622.420: [GC [PSYoungGen: 660928K->772K(637824K)] 834117K->174009K(1324800K), 0.0048650 secs] [Times: user=0.02 sys=0.00, real=0.00 secs] 
2014-07-08T02:13:03.583+0000: 1624.209: [GC [PSYoungGen: 637763K->1184K(615552K)] 811000K->174517K(1302528K), 0.0257440 secs] [Times: user=0.10 sys=0.00, real=0.02 secs] 
2014-07-08T02:13:04.998+0000: 1625.624: [GC [PSYoungGen: 615520K->968K(593728K)] 788853K->174517K(1280704K), 0.0081060 secs] [Times: user=0.02 sys=0.00, real=0.01 secs] 
2014-07-08T02:13:06.138+0000: 1626.764: [GC [PSYoungGen: 593590K->484K(572608K)] 767140K->174545K(1259584K), 0.0047630 secs] [Times: user=0.01 sys=0.00, real=0.01 secs] 
2014-07-08T02:13:07.308+0000: 1627.934: [GC [PSYoungGen: 572490K->1214K(553600K)] 746551K->175379K(1240576K), 0.0160500 secs] [Times: user=0.06 sys=0.00, real=0.02 secs] 
2014-07-08T02:13:08.430+0000: 1629.056: [GC [PSYoungGen: 553598K->516K(534144K)] 727763K->174873K(1221120K), 0.0042800 secs] [Times: user=0.01 sys=0.00, real=0.01 secs] 
2014-07-08T02:13:09.477+0000: 1630.103: [GC [PSYoungGen: 534084K->420K(516032K)] 708441K->174841K(1203008K), 0.0053090 secs] [Times: user=0.01 sys=0.00, real=0.01 secs] 
2014-07-08T02:13:10.512+0000: 1631.138: [GC [PSYoungGen: 515931K->452K(498944K)] 690352K->174929K(1185920K), 0.0147140 secs] [Times: user=0.05 sys=0.00, real=0.01 secs] 
2014-07-08T02:13:11.548+0000: 1632.174: [GC [PSYoungGen: 498884K->456K(482560K)] 673361K->174981K(1169536K), 0.0048800 secs] [Times: user=0.01 sys=0.00, real=0.01 secs] 
2014-07-08T02:13:12.580+0000: 1633.206: [GC [PSYoungGen: 482504K->672K(579200K)] 657029K->175269K(1266176K), 0.0307880 secs] [Times: user=0.10 sys=0.00, real=0.04 secs] 
2014-07-08T02:13:13.748+0000: 1634.374: [GC [PSYoungGen: 579162K->256K(694464K)] 753760K->174901K(1381440K), 0.0044290 secs] [Times: user=0.01 sys=0.00, real=0.01 secs] 
2014-07-08T02:13:15.245+0000: 1635.871: [GC [PSYoungGen: 694460K->626K(669568K)] 869106K->175303K(1356544K), 0.0121220 secs] [Times: user=0.04 sys=0.00, real=0.01 secs] 
2014-07-08T02:13:16.736+0000: 1637.362: [GC [PSYoungGen: 669554K->484K(645312K)] 844231K->175257K(1332288K), 0.0045870 secs] [Times: user=0.01 sys=0.00, real=0.00 secs] 
2014-07-08T02:13:18.072+0000: 1638.698: [GC [PSYoungGen: 645284K->320K(774080K)] 820057K->175237K(1461056K), 0.0446960 secs] [Times: user=0.16 sys=0.00, real=0.04 secs] 
2014-07-08T02:13:19.761+0000: 1640.387: [GC [PSYoungGen: 774080K->580K(929152K)] 948997K->175585K(1616128K), 0.0081630 secs] [Times: user=0.03 sys=0.00, real=0.01 secs] 
2014-07-08T02:13:21.756+0000: 1642.382: [GC [PSYoungGen: 929092K->224K(892480K)] 1104097K->175325K(1579456K), 0.0040810 secs] [Times: user=0.01 sys=0.00, real=0.00 secs] 
2014-07-08T02:13:23.677+0000: 1644.303: [GC [PSYoungGen: 892447K->352K(858048K)] 1067549K->175533K(1545024K), 0.0106590 secs] [Times: user=0.02 sys=0.00, real=0.01 secs] 
2014-07-08T02:13:25.530+0000: 1646.156: [GC [PSYoungGen: 858016K->288K(825024K)] 1033197K->175525K(1512000K), 0.0050280 secs] [Times: user=0.01 sys=0.00, real=0.01 secs] 
2014-07-08T02:13:27.348+0000: 1647.974: [GC [PSYoungGen: 824990K->868K(794240K)] 1000228K->176217K(1481216K), 0.0263160 secs] [Times: user=0.10 sys=0.01, real=0.03 secs] 
2014-07-08T02:13:29.034+0000: 1649.660: [GC [PSYoungGen: 794194K->192K(952256K)] 969543K->175693K(1639232K), 0.0344420 secs] [Times: user=0.12 sys=0.00, real=0.03 secs] 
2014-07-08T02:13:31.095+0000: 1651.721: [GC [PSYoungGen: 952256K->338K(915008K)] 1127757K->175967K(1601984K), 0.0104790 secs] [Times: user=0.02 sys=0.00, real=0.01 secs] 
2014-07-08T02:13:33.234+0000: 1653.860: [GC [PSYoungGen: 914962K->754K(879744K)] 1090591K->176447K(1566720K), 0.0056870 secs] [Times: user=0.01 sys=0.00, real=0.00 secs] 
2014-07-08T02:13:35.982+0000: 1656.608: [GC [PSYoungGen: 879730K->850K(845888K)] 1055423K->176687K(1532864K), 0.0411190 secs] [Times: user=0.16 sys=0.00, real=0.04 secs] 
2014-07-08T02:13:37.595+0000: 1658.221: [GC [PSYoungGen: 845809K->566K(813248K)] 1021647K->176843K(1500224K), 0.0050020 secs] [Times: user=0.02 sys=0.00, real=0.01 secs] 
2014-07-08T02:13:39.003+0000: 1659.629: [GC [PSYoungGen: 813238K->320K(782144K)] 989515K->176741K(1469120K), 0.0086710 secs] [Times: user=0.02 sys=0.00, real=0.01 secs] 
2014-07-08T02:13:40.616+0000: 1661.242: [GC [PSYoungGen: 782144K->320K(752768K)] 958565K->176813K(1439744K), 0.0114180 secs] [Times: user=0.04 sys=0.00, real=0.01 secs] 
2014-07-08T02:13:42.060+0000: 1662.686: [GC [PSYoungGen: 752768K->356K(724864K)] 929261K->176921K(1411840K), 0.0053190 secs] [Times: user=0.02 sys=0.00, real=0.00 secs] 
2014-07-08T02:13:43.580+0000: 1664.206: [GC [PSYoungGen: 724836K->320K(698112K)] 901401K->176957K(1385088K), 0.0145470 secs] [Times: user=0.06 sys=0.01, real=0.01 secs] 
2014-07-08T02:13:45.018+0000: 1665.644: [GC [PSYoungGen: 698109K->424K(672768K)] 874746K->177109K(1359744K), 0.0049150 secs] [Times: user=0.01 sys=0.00, real=0.00 secs] 
2014-07-08T02:13:46.534+0000: 1667.160: [GC [PSYoungGen: 672744K->804K(648896K)] 849429K->177553K(1335872K), 0.0045210 secs] [Times: user=0.01 sys=0.00, real=0.01 secs] 
2014-07-08T02:13:47.841+0000: 1668.467: [GC [PSYoungGen: 648861K->580K(625536K)] 825610K->177457K(1312512K), 0.0085100 secs] [Times: user=0.01 sys=0.00, real=0.01 secs] 
2014-07-08T02:13:49.171+0000: 1669.797: [GC [PSYoungGen: 625476K->192K(603008K)] 802353K->177149K(1289984K), 0.0203280 secs] [Times: user=0.07 sys=0.00, real=0.02 secs] 
2014-07-08T02:13:50.538+0000: 1671.164: [GC [PSYoungGen: 603008K->562K(723968K)] 779965K->177623K(1410944K), 0.0308610 secs] [Times: user=0.10 sys=0.00, real=0.03 secs] 
2014-07-08T02:13:52.036+0000: 1672.662: [GC [PSYoungGen: 723954K->452K(868608K)] 901015K->177593K(1555584K), 0.0114460 secs] [Times: user=0.04 sys=0.00, real=0.02 secs] 
2014-07-08T02:13:53.909+0000: 1674.535: [GC [PSYoungGen: 868548K->242K(834944K)] 1045689K->177431K(1521920K), 0.0052860 secs] [Times: user=0.01 sys=0.00, real=0.00 secs] 
2014-07-08T02:13:55.717+0000: 1676.343: [GC [PSYoungGen: 834930K->256K(803072K)] 1012119K->177525K(1490048K), 0.0171390 secs] [Times: user=0.06 sys=0.00, real=0.02 secs] 
2014-07-08T02:13:57.512+0000: 1678.138: [GC [PSYoungGen: 803072K->648K(773184K)] 980341K->177997K(1460160K), 0.0054160 secs] [Times: user=0.01 sys=0.00, real=0.00 secs] 
2014-07-08T02:13:59.196+0000: 1679.822: [GC [PSYoungGen: 773102K->434K(744000K)] 950452K->177943K(1430976K), 0.0179620 secs] [Times: user=0.07 sys=0.00, real=0.02 secs] 
2014-07-08T02:14:00.754+0000: 1681.380: [GC [PSYoungGen: 743986K->384K(716352K)] 921495K->178021K(1403328K), 0.0086450 secs] [Times: user=0.02 sys=0.01, real=0.01 secs] 
2014-07-08T02:14:02.400+0000: 1683.026: [GC [PSYoungGen: 716351K->882K(690560K)] 893988K->178695K(1377536K), 0.0230170 secs] [Times: user=0.07 sys=0.01, real=0.02 secs] 
2014-07-08T02:14:03.886+0000: 1684.512: [GC [PSYoungGen: 690514K->484K(665088K)] 868327K->178361K(1352064K), 0.0041520 secs] [Times: user=0.01 sys=0.00, real=0.01 secs] 
2014-07-08T02:14:05.221+0000: 1685.847: [GC [PSYoungGen: 665053K->562K(641216K)] 842931K->178567K(1328192K), 0.0191840 secs] [Times: user=0.07 sys=0.00, real=0.02 secs] 
2014-07-08T02:14:06.595+0000: 1687.221: [GC [PSYoungGen: 641202K->256K(618112K)] 819207K->178325K(1305088K), 0.0104440 secs] [Times: user=0.04 sys=0.00, real=0.01 secs] 
2014-07-08T02:14:07.932+0000: 1688.558: [GC [PSYoungGen: 618112K->256K(596352K)] 796181K->178421K(1283328K), 0.0038360 secs] [Times: user=0.01 sys=0.00, real=0.00 secs] 
2014-07-08T02:14:09.235+0000: 1689.861: [GC [PSYoungGen: 596352K->626K(575936K)] 774517K->178903K(1262912K), 0.0085660 secs] [Times: user=0.03 sys=0.00, real=0.01 secs] 
2014-07-08T02:14:10.495+0000: 1691.121: [GC [PSYoungGen: 575922K->402K(555904K)] 754199K->178727K(1242880K), 0.0124180 secs] [Times: user=0.04 sys=0.00, real=0.01 secs] 
2014-07-08T02:14:11.664+0000: 1692.290: [GC [PSYoungGen: 555858K->224K(536768K)] 734183K->178637K(1223744K), 0.0056600 secs] [Times: user=0.01 sys=0.00, real=0.00 secs] 
2014-07-08T02:14:12.825+0000: 1693.451: [GC [PSYoungGen: 536736K->352K(518784K)] 715149K->178805K(1205760K), 0.0186620 secs] [Times: user=0.06 sys=0.00, real=0.02 secs] 
2014-07-08T02:14:13.954+0000: 1694.580: [GC [PSYoungGen: 518747K->256K(622336K)] 697200K->178773K(1309312K), 0.0367720 secs] [Times: user=0.13 sys=0.00, real=0.04 secs] 
2014-07-08T02:14:15.365+0000: 1695.991: [GC [PSYoungGen: 622331K->498K(747008K)] 800848K->179071K(1433984K), 0.0086300 secs] [Times: user=0.03 sys=0.00, real=0.01 secs] 
2014-07-08T02:14:17.633+0000: 1698.259: [GC [PSYoungGen: 746990K->890K(896704K)] 925564K->179671K(1583680K), 0.0084980 secs] [Times: user=0.02 sys=0.00, real=0.01 secs] 
2014-07-08T02:14:19.641+0000: 1700.267: [GC [PSYoungGen: 896622K->448K(1075456K)] 1075403K->179621K(1762432K), 0.0220030 secs] [Times: user=0.08 sys=0.00, real=0.02 secs] 
2014-07-08T02:14:21.649+0000: 1702.275: [GC [PSYoungGen: 1075402K->612K(1032320K)] 1254575K->179953K(1719296K), 0.0071510 secs] [Times: user=0.01 sys=0.00, real=0.01 secs] 
2014-07-08T02:14:23.734+0000: 1704.360: [GC [PSYoungGen: 1032292K->580K(991104K)] 1211633K->180033K(1678080K), 0.0085100 secs] [Times: user=0.01 sys=0.00, real=0.01 secs] 
2014-07-08T02:14:25.748+0000: 1706.374: [GC [PSYoungGen: 991044K->498K(951680K)] 1170497K->180023K(1638656K), 0.0337070 secs] [Times: user=0.12 sys=0.00, real=0.03 secs] 
2014-07-08T02:14:27.698+0000: 1708.324: [GC [PSYoungGen: 951666K->320K(914112K)] 1131191K->179957K(1601088K), 0.0132010 secs] [Times: user=0.04 sys=0.00, real=0.01 secs] 
2014-07-08T02:14:29.629+0000: 1710.255: [GC [PSYoungGen: 914057K->584K(878848K)] 1093695K->180349K(1565824K), 0.0181640 secs] [Times: user=0.06 sys=0.00, real=0.02 secs] 
2014-07-08T02:14:31.483+0000: 1712.109: [GC [PSYoungGen: 878773K->374K(844672K)] 1058538K->180211K(1531648K), 0.0111010 secs] [Times: user=0.03 sys=0.00, real=0.02 secs] 
2014-07-08T02:14:33.306+0000: 1713.932: [GC [PSYoungGen: 844662K->388K(812416K)] 1024499K->180313K(1499392K), 0.0076490 secs] [Times: user=0.01 sys=0.00, real=0.01 secs] 
2014-07-08T02:14:35.080+0000: 1715.706: [GC [PSYoungGen: 812356K->420K(781632K)] 992281K->180433K(1468608K), 0.0037610 secs] [Times: user=0.01 sys=0.00, real=0.01 secs] 
2014-07-08T02:14:36.755+0000: 1717.381: [GC [PSYoungGen: 781600K->352K(752256K)] 961614K->180461K(1439232K), 0.0251740 secs] [Times: user=0.08 sys=0.00, real=0.02 secs] 
2014-07-08T02:14:38.389+0000: 1719.015: [GC [PSYoungGen: 752224K->466K(724416K)] 932333K->180703K(1411392K), 0.0089890 secs] [Times: user=0.02 sys=0.00, real=0.01 secs] 
2014-07-08T02:14:39.986+0000: 1720.612: [GC [PSYoungGen: 724327K->730K(869504K)] 904564K->181095K(1556480K), 0.0614360 secs] [Times: user=0.23 sys=0.00, real=0.06 secs] 
2014-07-08T02:14:41.843+0000: 1722.469: [GC [PSYoungGen: 869382K->548K(1043072K)] 1049747K->181057K(1730048K), 0.0053790 secs] [Times: user=0.01 sys=0.01, real=0.01 secs] 
2014-07-08T02:14:44.102+0000: 1724.728: [GC [PSYoungGen: 1043042K->594K(1251648K)] 1223551K->181207K(1938624K), 0.0108940 secs] [Times: user=0.03 sys=0.00, real=0.01 secs] 
2014-07-08T02:14:46.796+0000: 1727.422: [GC [PSYoungGen: 1251600K->736K(1199936K)] 1432213K->181461K(1886912K), 0.0214340 secs] [Times: user=0.05 sys=0.00, real=0.02 secs] 
2014-07-08T02:14:49.385+0000: 1730.011: [GC [PSYoungGen: 1199874K->288K(1150144K)] 1380599K->181189K(1837120K), 0.0104680 secs] [Times: user=0.04 sys=0.00, real=0.01 secs] 
2014-07-08T02:14:51.996+0000: 1732.622: [GC [PSYoungGen: 1150112K->996K(1103936K)] 1331013K->182097K(1790912K), 0.0081030 secs] [Times: user=0.03 sys=0.01, real=0.01 secs] 
2014-07-08T02:14:54.321+0000: 1734.947: [GC [PSYoungGen: 1103908K->420K(1058688K)] 1285009K->181673K(1745664K), 0.0061140 secs] [Times: user=0.02 sys=0.00, real=0.01 secs] 
2014-07-08T02:14:56.540+0000: 1737.166: [GC [PSYoungGen: 1058655K->192K(1015936K)] 1239908K->181541K(1702912K), 0.0179510 secs] [Times: user=0.06 sys=0.00, real=0.02 secs] 
2014-07-08T02:14:58.763+0000: 1739.389: [GC [PSYoungGen: 1015936K->580K(975936K)] 1197285K->182049K(1662912K), 0.0296650 secs] [Times: user=0.11 sys=0.00, real=0.03 secs] 
2014-07-08T02:15:00.874+0000: 1741.500: [GC [PSYoungGen: 975873K->498K(937280K)] 1157342K->182119K(1624256K), 0.0048690 secs] [Times: user=0.02 sys=0.00, real=0.01 secs] 
2014-07-08T02:15:02.960+0000: 1743.586: [GC [PSYoungGen: 937266K->544K(900672K)] 1118887K->182269K(1587648K), 0.0053790 secs] [Times: user=0.01 sys=0.00, real=0.00 secs] 
2014-07-08T02:15:04.880+0000: 1745.506: [GC [PSYoungGen: 900640K->576K(865728K)] 1082365K->182381K(1552704K), 0.0351740 secs] [Times: user=0.13 sys=0.00, real=0.03 secs] 
2014-07-08T02:15:06.711+0000: 1747.337: [GC [PSYoungGen: 865728K->466K(832384K)] 1047533K->182423K(1519360K), 0.0099960 secs] [Times: user=0.03 sys=0.00, real=0.01 secs] 
2014-07-08T02:15:08.507+0000: 1749.133: [GC [PSYoungGen: 832338K->352K(800512K)] 1014295K->182413K(1487488K), 0.0062360 secs] [Times: user=0.02 sys=0.00, real=0.01 secs] 
2014-07-08T02:15:10.330+0000: 1750.956: [GC [PSYoungGen: 800480K->352K(770304K)] 982541K->182509K(1457280K), 0.0055280 secs] [Times: user=0.02 sys=0.00, real=0.00 secs] 
2014-07-08T02:15:11.956+0000: 1752.582: [GC [PSYoungGen: 770238K->808K(741952K)] 952395K->183093K(1428928K), 0.0044890 secs] [Times: user=0.02 sys=0.00, real=0.01 secs] 
2014-07-08T02:15:13.514+0000: 1754.140: [GC [PSYoungGen: 741928K->128K(713792K)] 924213K->182469K(1400768K), 0.0081170 secs] [Times: user=0.01 sys=0.00, real=0.01 secs] 
2014-07-08T02:15:15.076+0000: 1755.702: [GC [PSYoungGen: 713785K->466K(688000K)] 896127K->182847K(1374976K), 0.0052710 secs] [Times: user=0.01 sys=0.01, real=0.01 secs] 
2014-07-08T02:15:16.549+0000: 1757.175: [GC [PSYoungGen: 687954K->192K(662720K)] 870335K->182669K(1349696K), 0.0054530 secs] [Times: user=0.01 sys=0.00, real=0.01 secs] 
2014-07-08T02:15:18.088+0000: 1758.714: [GC [PSYoungGen: 662720K->480K(639232K)] 845197K->183053K(1326208K), 0.0279100 secs] [Times: user=0.10 sys=0.00, real=0.03 secs] 
2014-07-08T02:15:19.415+0000: 1760.041: [GC [PSYoungGen: 639200K->338K(616384K)] 821773K->183023K(1303360K), 0.0077360 secs] [Times: user=0.03 sys=0.00, real=0.01 secs] 
2014-07-08T02:15:20.709+0000: 1761.335: [GC [PSYoungGen: 616338K->352K(594688K)] 799023K->183117K(1281664K), 0.0227410 secs] [Times: user=0.09 sys=0.00, real=0.03 secs] 
2014-07-08T02:15:22.022+0000: 1762.648: [GC [PSYoungGen: 594656K->420K(574080K)] 777421K->183265K(1261056K), 0.0051730 secs] [Times: user=0.01 sys=0.00, real=0.00 secs] 
2014-07-08T02:15:23.238+0000: 1763.864: [GC [PSYoungGen: 574052K->256K(554112K)] 756897K->183149K(1241088K), 0.0097810 secs] [Times: user=0.04 sys=0.00, real=0.01 secs] 
2014-07-08T02:15:24.546+0000: 1765.172: [GC [PSYoungGen: 554112K->630K(535616K)] 737005K->183563K(1222592K), 0.0170740 secs] [Times: user=0.05 sys=0.01, real=0.02 secs] 
2014-07-08T02:15:25.594+0000: 1766.220: [GC [PSYoungGen: 535606K->306K(517248K)] 718539K->183335K(1204224K), 0.0116580 secs] [Times: user=0.04 sys=0.00, real=0.01 secs] 
2014-07-08T02:15:26.702+0000: 1767.328: [GC [PSYoungGen: 517156K->534K(500288K)] 700185K->183683K(1187264K), 0.0072990 secs] [Times: user=0.02 sys=0.00, real=0.01 secs] 
2014-07-08T02:15:27.794+0000: 1768.420: [GC [PSYoungGen: 500246K->448K(483712K)] 683395K->183669K(1170688K), 0.0052330 secs] [Times: user=0.02 sys=0.00, real=0.00 secs] 
2014-07-08T02:15:28.852+0000: 1769.478: [GC [PSYoungGen: 483712K->804K(468352K)] 666933K->184089K(1155328K), 0.0103300 secs] [Times: user=0.01 sys=0.00, real=0.01 secs] 
2014-07-08T02:15:29.876+0000: 1770.502: [GC [PSYoungGen: 468324K->434K(452928K)] 651609K->184047K(1139904K), 0.0089930 secs] [Times: user=0.01 sys=0.00, real=0.01 secs] 
2014-07-08T02:15:30.869+0000: 1771.495: [GC [PSYoungGen: 452914K->996K(439104K)] 636527K->184721K(1126080K), 0.0099830 secs] [Times: user=0.02 sys=0.00, real=0.01 secs] 
2014-07-08T02:15:31.803+0000: 1772.429: [GC [PSYoungGen: 438981K->502K(424832K)] 622706K->184363K(1111808K), 0.0071500 secs] [Times: user=0.02 sys=0.00, real=0.00 secs] 
2014-07-08T02:15:32.684+0000: 1773.309: [GC [PSYoungGen: 424822K->288K(411456K)] 608683K->184229K(1098432K), 0.0052490 secs] [Times: user=0.01 sys=0.00, real=0.00 secs] 
2014-07-08T02:15:33.575+0000: 1774.201: [GC [PSYoungGen: 411424K->356K(493760K)] 595365K->184337K(1180736K), 0.0165460 secs] [Times: user=0.06 sys=0.00, real=0.01 secs] 
2014-07-08T02:15:34.641+0000: 1775.267: [GC [PSYoungGen: 493732K->370K(592448K)] 677713K->184383K(1279424K), 0.0123860 secs] [Times: user=0.03 sys=0.00, real=0.02 secs] 
2014-07-08T02:15:35.954+0000: 1776.580: [GC [PSYoungGen: 592431K->1082K(711616K)] 776444K->185177K(1398592K), 0.0174060 secs] [Times: user=0.06 sys=0.00, real=0.01 secs] 
2014-07-08T02:15:37.598+0000: 1778.224: [GC [PSYoungGen: 711610K->580K(853312K)] 895705K->184819K(1540288K), 0.0205920 secs] [Times: user=0.07 sys=0.00, real=0.02 secs] 
2014-07-08T02:15:39.338+0000: 1779.964: [GC [PSYoungGen: 853252K->548K(1023808K)] 1037491K->185003K(1710784K), 0.0134790 secs] [Times: user=0.05 sys=0.01, real=0.01 secs] 
2014-07-08T02:15:41.537+0000: 1782.163: [GC [PSYoungGen: 1023780K->242K(982656K)] 1208235K->184769K(1669632K), 0.0081550 secs] [Times: user=0.03 sys=0.00, real=0.01 secs] 
2014-07-08T02:15:43.673+0000: 1784.299: [GC [PSYoungGen: 982642K->320K(943872K)] 1167169K->184927K(1630848K), 0.0142950 secs] [Times: user=0.05 sys=0.00, real=0.02 secs] 
2014-07-08T02:15:45.710+0000: 1786.336: [GC [PSYoungGen: 943872K->224K(906816K)] 1128479K->184943K(1593792K), 0.0035950 secs] [Times: user=0.01 sys=0.00, real=0.00 secs] 
2014-07-08T02:15:47.725+0000: 1788.351: [GC [PSYoungGen: 906784K->434K(871744K)] 1091503K->185241K(1558720K), 0.0087700 secs] [Times: user=0.03 sys=0.00, real=0.00 secs] 
2014-07-08T02:15:49.679+0000: 1790.305: [GC [PSYoungGen: 871730K->658K(838400K)] 1056537K->185609K(1525376K), 0.0058980 secs] [Times: user=0.01 sys=0.00, real=0.01 secs] 
2014-07-08T02:15:51.415+0000: 1792.041: [GC [PSYoungGen: 838354K->612K(806336K)] 1023305K->185707K(1493312K), 0.0050920 secs] [Times: user=0.01 sys=0.00, real=0.00 secs] 
2014-07-08T02:15:53.105+0000: 1793.731: [GC [PSYoungGen: 806308K->320K(775552K)] 991403K->185471K(1462528K), 0.0056840 secs] [Times: user=0.02 sys=0.00, real=0.01 secs] 
2014-07-08T02:15:54.845+0000: 1795.471: [GC [PSYoungGen: 775472K->416K(746624K)] 960623K->185631K(1433600K), 0.0044990 secs] [Times: user=0.02 sys=0.01, real=0.01 secs] 
2014-07-08T02:15:56.444+0000: 1797.070: [GC [PSYoungGen: 746592K->548K(719040K)] 931807K->185915K(1406016K), 0.0065060 secs] [Times: user=0.02 sys=0.00, real=0.01 secs] 
2014-07-08T02:15:57.964+0000: 1798.590: [GC [PSYoungGen: 719012K->256K(692288K)] 904379K->185711K(1379264K), 0.0283480 secs] [Times: user=0.10 sys=0.00, real=0.03 secs] 
2014-07-08T02:15:59.586+0000: 1800.212: [GC [PSYoungGen: 692288K->836K(667776K)] 877743K->186371K(1354752K), 0.0074540 secs] [Times: user=0.02 sys=0.00, real=0.01 secs] 
2014-07-08T02:16:01.242+0000: 1801.868: [GC [PSYoungGen: 667716K->804K(643712K)] 853251K->187003K(1330688K), 0.0068190 secs] [Times: user=0.02 sys=0.00, real=0.01 secs] 
2014-07-08T02:16:02.721+0000: 1803.347: [GC [PSYoungGen: 643673K->704K(620672K)] 829872K->187111K(1307648K), 0.0175520 secs] [Times: user=0.05 sys=0.00, real=0.02 secs] 
2014-07-08T02:16:03.877+0000: 1804.503: [GC [PSYoungGen: 620672K->754K(598848K)] 807079K->187441K(1285824K), 0.0121810 secs] [Times: user=0.02 sys=0.00, real=0.02 secs] 
2014-07-08T02:16:05.124+0000: 1805.750: [GC [PSYoungGen: 598834K->416K(577664K)] 785521K->187127K(1264640K), 0.0044600 secs] [Times: user=0.01 sys=0.00, real=0.01 secs] 
2014-07-08T02:16:06.341+0000: 1806.967: [GC [PSYoungGen: 577632K->708K(558080K)] 764343K->187507K(1245056K), 0.0096140 secs] [Times: user=0.04 sys=0.00, real=0.01 secs] 
2014-07-08T02:16:07.430+0000: 1808.056: [GC [PSYoungGen: 557924K->192K(538496K)] 744723K->187087K(1225472K), 0.0137360 secs] [Times: user=0.05 sys=0.00, real=0.01 secs] 
2014-07-08T02:16:08.571+0000: 1809.197: [GC [PSYoungGen: 538496K->192K(520320K)] 725391K->187143K(1207296K), 0.0045980 secs] [Times: user=0.02 sys=0.00, real=0.00 secs] 
2014-07-08T02:16:09.698+0000: 1810.324: [GC [PSYoungGen: 520320K->192K(502976K)] 707271K->187215K(1189952K), 0.0126140 secs] [Times: user=0.05 sys=0.00, real=0.01 secs] 
2014-07-08T02:16:10.792+0000: 1811.418: [GC [PSYoungGen: 502976K->224K(486464K)] 689999K->187295K(1173440K), 0.0119550 secs] [Times: user=0.04 sys=0.00, real=0.01 secs] 
2014-07-08T02:16:11.839+0000: 1812.465: [GC [PSYoungGen: 486432K->256K(470592K)] 673503K->187399K(1157568K), 0.0117910 secs] [Times: user=0.04 sys=0.00, real=0.01 secs] 
2014-07-08T02:16:12.868+0000: 1813.494: [GC [PSYoungGen: 470592K->352K(564800K)] 657735K->187551K(1251776K), 0.0268410 secs] [Times: user=0.09 sys=0.00, real=0.03 secs] 
2014-07-08T02:16:14.108+0000: 1814.734: [GC [PSYoungGen: 564768K->530K(677888K)] 751967K->187769K(1364864K), 0.0062010 secs] [Times: user=0.01 sys=0.01, real=0.01 secs] 
2014-07-08T02:16:15.555+0000: 1816.181: [GC [PSYoungGen: 677758K->374K(653184K)] 864997K->187685K(1340160K), 0.0079870 secs] [Times: user=0.03 sys=0.00, real=0.01 secs] 
2014-07-08T02:16:16.992+0000: 1817.618: [GC [PSYoungGen: 653174K->544K(630016K)] 840485K->187959K(1316992K), 0.0107700 secs] [Times: user=0.04 sys=0.00, real=0.01 secs] 
2014-07-08T02:16:18.336+0000: 1818.962: [GC [PSYoungGen: 629984K->256K(755584K)] 817399K->187743K(1442560K), 0.0188140 secs] [Times: user=0.07 sys=0.00, real=0.02 secs] 
2014-07-08T02:16:20.023+0000: 1820.649: [GC [PSYoungGen: 755584K->886K(728128K)] 943071K->188461K(1415104K), 0.0056340 secs] [Times: user=0.01 sys=0.00, real=0.00 secs] 
2014-07-08T02:16:21.551+0000: 1822.177: [GC [PSYoungGen: 728118K->210K(700672K)] 915693K->187905K(1387648K), 0.0044470 secs] [Times: user=0.01 sys=0.00, real=0.00 secs] 
2014-07-08T02:16:23.112+0000: 1823.738: [GC [PSYoungGen: 700626K->480K(675328K)] 888321K->188247K(1362304K), 0.0078530 secs] [Times: user=0.02 sys=0.00, real=0.01 secs] 
2014-07-08T02:16:24.528+0000: 1825.154: [GC [PSYoungGen: 675294K->352K(650816K)] 863062K->188191K(1337792K), 0.0231530 secs] [Times: user=0.08 sys=0.00, real=0.03 secs] 
2014-07-08T02:16:25.963+0000: 1826.589: [GC [PSYoungGen: 650784K->672K(627904K)] 838623K->188575K(1314880K), 0.0167570 secs] [Times: user=0.05 sys=0.00, real=0.01 secs] 
2014-07-08T02:16:27.306+0000: 1827.932: [GC [PSYoungGen: 627832K->416K(605440K)] 815736K->188431K(1292416K), 0.0143840 secs] [Times: user=0.05 sys=0.00, real=0.01 secs] 
2014-07-08T02:16:28.609+0000: 1829.235: [GC [PSYoungGen: 605408K->306K(726336K)] 793423K->188449K(1413312K), 0.0489760 secs] [Times: user=0.18 sys=0.00, real=0.05 secs] 
2014-07-08T02:16:30.263+0000: 1830.889: [GC [PSYoungGen: 726322K->548K(871808K)] 914465K->188739K(1558784K), 0.0192860 secs] [Times: user=0.07 sys=0.00, real=0.02 secs] 
2014-07-08T02:16:32.101+0000: 1832.727: [GC [PSYoungGen: 871780K->950K(1046464K)] 1059971K->189341K(1733440K), 0.0144830 secs] [Times: user=0.05 sys=0.00, real=0.02 secs] 
2014-07-08T02:16:34.733+0000: 1835.359: [GC [PSYoungGen: 1046454K->434K(1255104K)] 1234845K->189345K(1942080K), 0.0295240 secs] [Times: user=0.11 sys=0.00, real=0.03 secs] 
2014-07-08T02:16:38.051+0000: 1838.677: [GC [PSYoungGen: 1255090K->1220K(1506880K)] 1444001K->190443K(2193856K), 0.0095040 secs] [Times: user=0.02 sys=0.00, real=0.01 secs] 
2014-07-08T02:16:41.074+0000: 1841.700: [GC [PSYoungGen: 1506820K->804K(1442176K)] 1696043K->190531K(2129152K), 0.0069430 secs] [Times: user=0.02 sys=0.00, real=0.00 secs] 
2014-07-08T02:16:43.688+0000: 1844.314: [GC [PSYoungGen: 1442107K->598K(1380864K)] 1631834K->190509K(2067840K), 0.0151570 secs] [Times: user=0.04 sys=0.00, real=0.02 secs] 
2014-07-08T02:16:46.208+0000: 1846.834: [GC [PSYoungGen: 1380795K->658K(1322816K)] 1570706K->190689K(2009792K), 0.0200660 secs] [Times: user=0.08 sys=0.00, real=0.02 secs] 
2014-07-08T02:16:48.760+0000: 1849.386: [GC [PSYoungGen: 1322770K->498K(1267328K)] 1512801K->190681K(1954304K), 0.0083750 secs] [Times: user=0.02 sys=0.00, real=0.01 secs] 
2014-07-08T02:16:51.075+0000: 1851.701: [GC [PSYoungGen: 1267314K->612K(1214848K)] 1457497K->190995K(1901824K), 0.0345940 secs] [Times: user=0.13 sys=0.00, real=0.03 secs] 
2014-07-08T02:16:53.498+0000: 1854.124: [GC [PSYoungGen: 1214820K->594K(1164800K)] 1405203K->191081K(1851776K), 0.0052980 secs] [Times: user=0.02 sys=0.00, real=0.00 secs] 
2014-07-08T02:16:55.646+0000: 1856.272: [GC [PSYoungGen: 1164754K->384K(1116928K)] 1355241K->191015K(1803904K), 0.0214900 secs] [Times: user=0.08 sys=0.00, real=0.02 secs] 
2014-07-08T02:16:57.731+0000: 1858.357: [GC [PSYoungGen: 1116928K->644K(1071936K)] 1307559K->191395K(1758912K), 0.0063220 secs] [Times: user=0.01 sys=0.00, real=0.01 secs] 
2014-07-08T02:16:59.781+0000: 1860.407: [GC [PSYoungGen: 1071876K->480K(1028608K)] 1262627K->191415K(1715584K), 0.0081910 secs] [Times: user=0.01 sys=0.00, real=0.01 secs] 
2014-07-08T02:17:01.726+0000: 1862.352: [GC [PSYoungGen: 1028576K->352K(987392K)] 1219511K->191415K(1674368K), 0.0153140 secs] [Times: user=0.06 sys=0.00, real=0.01 secs] 
2014-07-08T02:17:03.650+0000: 1864.276: [GC [PSYoungGen: 987360K->580K(948544K)] 1178423K->191739K(1635520K), 0.0161220 secs] [Times: user=0.06 sys=0.00, real=0.02 secs] 
2014-07-08T02:17:06.034+0000: 1866.660: [GC [PSYoungGen: 948484K->768K(911424K)] 1139643K->192015K(1598400K), 0.0106520 secs] [Times: user=0.03 sys=0.00, real=0.01 secs] 
2014-07-08T02:17:08.362+0000: 1868.988: [GC [PSYoungGen: 911372K->680K(875904K)] 1102619K->192863K(1562880K), 0.0067400 secs] [Times: user=0.02 sys=0.00, real=0.01 secs] 
2014-07-08T02:17:11.115+0000: 1871.741: [GC [PSYoungGen: 875880K->1380K(842816K)] 1068063K->193835K(1529792K), 0.0061460 secs] [Times: user=0.02 sys=0.00, real=0.01 secs] 
2014-07-08T02:17:12.785+0000: 1873.411: [GC [PSYoungGen: 842788K->754K(809984K)] 1035243K->193593K(1496960K), 0.0131670 secs] [Times: user=0.04 sys=0.00, real=0.02 secs] 
2014-07-08T02:17:14.267+0000: 1874.893: [GC [PSYoungGen: 809970K->936K(779520K)] 1002809K->193919K(1466496K), 0.0056310 secs] [Times: user=0.02 sys=0.00, real=0.01 secs] 
2014-07-08T02:17:15.677+0000: 1876.303: [GC [PSYoungGen: 779448K->644K(750080K)] 972432K->193707K(1437056K), 0.0061760 secs] [Times: user=0.02 sys=0.00, real=0.01 secs] 
2014-07-08T02:17:16.939+0000: 1877.565: [GC [PSYoungGen: 750020K->498K(722048K)] 943083K->193681K(1409024K), 0.0059720 secs] [Times: user=0.01 sys=0.00, real=0.00 secs] 
2014-07-08T02:17:18.374+0000: 1879.000: [GC [PSYoungGen: 722034K->790K(695808K)] 915217K->194069K(1382784K), 0.0063000 secs] [Times: user=0.02 sys=0.00, real=0.01 secs] 
2014-07-08T02:17:19.603+0000: 1880.229: [GC [PSYoungGen: 695766K->580K(670272K)] 889045K->193979K(1357248K), 0.0118000 secs] [Times: user=0.04 sys=0.00, real=0.01 secs] 
2014-07-08T02:17:20.846+0000: 1881.472: [GC [PSYoungGen: 670212K->384K(645888K)] 863611K->193871K(1332864K), 0.0274700 secs] [Times: user=0.09 sys=0.00, real=0.03 secs] 
2014-07-08T02:17:21.996+0000: 1882.622: [GC [PSYoungGen: 645888K->484K(622976K)] 839375K->194051K(1309952K), 0.0038180 secs] [Times: user=0.01 sys=0.00, real=0.01 secs] 
2014-07-08T02:17:23.242+0000: 1883.868: [GC [PSYoungGen: 622899K->900K(747968K)] 816466K->194515K(1434944K), 0.0224590 secs] [Times: user=0.08 sys=0.00, real=0.02 secs] 
2014-07-08T02:17:24.721+0000: 1885.347: [GC [PSYoungGen: 747812K->516K(719872K)] 941427K->194195K(1406848K), 0.0046570 secs] [Times: user=0.02 sys=0.00, real=0.00 secs] 
2014-07-08T02:17:26.044+0000: 1886.670: [GC [PSYoungGen: 719812K->416K(693312K)] 913491K->194183K(1380288K), 0.0061810 secs] [Times: user=0.01 sys=0.00, real=0.01 secs] 
2014-07-08T02:17:27.404+0000: 1888.030: [GC [PSYoungGen: 693193K->580K(668288K)] 886960K->194451K(1355264K), 0.0149170 secs] [Times: user=0.05 sys=0.00, real=0.01 secs] 
2014-07-08T02:17:28.699+0000: 1889.325: [GC [PSYoungGen: 668228K->562K(644160K)] 862099K->194561K(1331136K), 0.0122650 secs] [Times: user=0.04 sys=0.00, real=0.02 secs] 
2014-07-08T02:17:29.839+0000: 1890.465: [GC [PSYoungGen: 644146K->352K(620992K)] 838145K->194455K(1307968K), 0.0040830 secs] [Times: user=0.02 sys=0.00, real=0.01 secs] 
2014-07-08T02:17:31.062+0000: 1891.688: [GC [PSYoungGen: 620960K->644K(599424K)] 815063K->194819K(1286400K), 0.0131260 secs] [Times: user=0.05 sys=0.00, real=0.01 secs] 
2014-07-08T02:17:32.224+0000: 1892.850: [GC [PSYoungGen: 599364K->690K(578560K)] 793539K->194953K(1265536K), 0.0147830 secs] [Times: user=0.04 sys=0.00, real=0.01 secs] 
2014-07-08T02:17:33.394+0000: 1894.020: [GC [PSYoungGen: 578546K->868K(694336K)] 772809K->195235K(1381312K), 0.0263230 secs] [Times: user=0.09 sys=0.00, real=0.02 secs] 
2014-07-08T02:17:35.229+0000: 1895.855: [GC [PSYoungGen: 694308K->754K(832896K)] 888675K->195185K(1519872K), 0.0084730 secs] [Times: user=0.02 sys=0.00, real=0.01 secs] 
2014-07-08T02:17:37.337+0000: 1897.963: [GC [PSYoungGen: 832882K->804K(801216K)] 1027313K->195683K(1488192K), 0.0148590 secs] [Times: user=0.05 sys=0.00, real=0.02 secs] 
2014-07-08T02:17:39.360+0000: 1899.986: [GC [PSYoungGen: 801188K->1334K(771520K)] 996067K->196429K(1458496K), 0.0083990 secs] [Times: user=0.02 sys=0.00, real=0.01 secs] 
2014-07-08T02:17:41.518+0000: 1902.144: [GC [PSYoungGen: 771510K->676K(742080K)] 966605K->196467K(1429056K), 0.0062060 secs] [Times: user=0.02 sys=0.01, real=0.01 secs] 
2014-07-08T02:17:43.418+0000: 1904.044: [GC [PSYoungGen: 742052K->1088K(715008K)] 937843K->197063K(1401984K), 0.0087530 secs] [Times: user=0.02 sys=0.00, real=0.01 secs] 
2014-07-08T02:17:45.411+0000: 1906.037: [GC [PSYoungGen: 715005K->982K(688768K)] 910980K->197213K(1375744K), 0.0209360 secs] [Times: user=0.08 sys=0.00, real=0.02 secs] 
2014-07-08T02:17:47.102+0000: 1907.728: [GC [PSYoungGen: 688726K->704K(663488K)] 884957K->197143K(1350464K), 0.0057440 secs] [Times: user=0.02 sys=0.00, real=0.01 secs] 
2014-07-08T02:17:48.211+0000: 1908.837: [GC [PSYoungGen: 663481K->690K(639680K)] 859920K->197345K(1326656K), 0.0146990 secs] [Times: user=0.05 sys=0.00, real=0.02 secs] 
2014-07-08T02:17:49.406+0000: 1910.032: [GC [PSYoungGen: 639666K->896K(617152K)] 836321K->197655K(1304128K), 0.0102620 secs] [Times: user=0.02 sys=0.00, real=0.01 secs] 
2014-07-08T02:17:50.623+0000: 1911.249: [GC [PSYoungGen: 617152K->612K(595200K)] 813911K->197467K(1282176K), 0.0177250 secs] [Times: user=0.06 sys=0.01, real=0.01 secs] 
2014-07-08T02:17:51.793+0000: 1912.419: [GC [PSYoungGen: 595172K->548K(714048K)] 792027K->197491K(1401024K), 0.0265720 secs] [Times: user=0.09 sys=0.00, real=0.03 secs] 
2014-07-08T02:17:52.957+0000: 1913.583: [GC [PSYoungGen: 714020K->384K(856576K)] 910963K->197399K(1543552K), 0.0143920 secs] [Times: user=0.06 sys=0.00, real=0.01 secs] 
2014-07-08T02:17:54.668+0000: 1915.294: [GC [PSYoungGen: 856576K->822K(1028288K)] 1053591K->197893K(1715264K), 0.0045080 secs] [Times: user=0.02 sys=0.00, real=0.00 secs] 
2014-07-08T02:17:56.675+0000: 1917.301: [GC [PSYoungGen: 1028278K->786K(987264K)] 1225349K->197977K(1674240K), 0.0095630 secs] [Times: user=0.03 sys=0.00, real=0.01 secs] 
2014-07-08T02:17:58.420+0000: 1919.046: [GC [PSYoungGen: 987218K->776K(948160K)] 1184409K->198159K(1635136K), 0.0074080 secs] [Times: user=0.03 sys=0.00, real=0.01 secs] 
2014-07-08T02:18:00.208+0000: 1920.834: [GC [PSYoungGen: 948104K->466K(910656K)] 1145487K->197985K(1597632K), 0.0143630 secs] [Times: user=0.06 sys=0.00, real=0.01 secs] 
2014-07-08T02:18:01.963+0000: 1922.589: [GC [PSYoungGen: 910604K->594K(875328K)] 1108124K->198225K(1562304K), 0.0240580 secs] [Times: user=0.09 sys=0.00, real=0.03 secs] 
2014-07-08T02:18:03.555+0000: 1924.181: [GC [PSYoungGen: 875282K->776K(841792K)] 1072913K->198495K(1528768K), 0.0052490 secs] [Times: user=0.01 sys=0.00, real=0.00 secs] 
2014-07-08T02:18:05.581+0000: 1926.207: [GC [PSYoungGen: 841736K->1234K(810112K)] 1039455K->199025K(1497088K), 0.0079540 secs] [Times: user=0.02 sys=0.00, real=0.01 secs] 
2014-07-08T02:18:07.113+0000: 1927.739: [GC [PSYoungGen: 810066K->498K(778688K)] 1007857K->198609K(1465664K), 0.0105290 secs] [Times: user=0.02 sys=0.00, real=0.01 secs] 
2014-07-08T02:18:08.721+0000: 1929.347: [GC [PSYoungGen: 778674K->1174K(750208K)] 976785K->199469K(1437184K), 0.0080670 secs] [Times: user=0.02 sys=0.00, real=0.01 secs] 
2014-07-08T02:18:10.270+0000: 1930.896: [GC [PSYoungGen: 750166K->498K(721664K)] 948461K->198905K(1408640K), 0.0059200 secs] [Times: user=0.02 sys=0.00, real=0.00 secs] 
2014-07-08T02:18:11.646+0000: 1932.272: [GC [PSYoungGen: 721650K->598K(695232K)] 920057K->199133K(1382208K), 0.0060290 secs] [Times: user=0.02 sys=0.00, real=0.01 secs] 
2014-07-08T02:18:12.956+0000: 1933.582: [GC [PSYoungGen: 695190K->594K(669952K)] 893725K->199209K(1356928K), 0.0050250 secs] [Times: user=0.02 sys=0.00, real=0.01 secs] 
2014-07-08T02:18:14.239+0000: 1934.865: [GC [PSYoungGen: 669906K->480K(645696K)] 868521K->199143K(1332672K), 0.0086510 secs] [Times: user=0.01 sys=0.00, real=0.01 secs] 
2014-07-08T02:18:15.420+0000: 1936.046: [GC [PSYoungGen: 645664K->320K(622464K)] 844327K->199031K(1309440K), 0.0223810 secs] [Times: user=0.08 sys=0.00, real=0.02 secs] 
2014-07-08T02:18:16.645+0000: 1937.271: [GC [PSYoungGen: 622464K->448K(747072K)] 821175K->199287K(1434048K), 0.0481120 secs] [Times: user=0.17 sys=0.00, real=0.05 secs] 
2014-07-08T02:18:18.136+0000: 1938.762: [GC [PSYoungGen: 747072K->890K(896896K)] 945911K->199857K(1583872K), 0.0107550 secs] [Times: user=0.02 sys=0.00, real=0.01 secs] 
2014-07-08T02:18:19.819+0000: 1940.445: [GC [PSYoungGen: 896890K->772K(1076032K)] 1095857K->199867K(1763008K), 0.0185930 secs] [Times: user=0.07 sys=0.00, real=0.01 secs] 
2014-07-08T02:18:23.030+0000: 1943.656: [GC [PSYoungGen: 1075874K->1018K(1291264K)] 1274970K->200753K(1978240K), 0.0070280 secs] [Times: user=0.02 sys=0.00, real=0.00 secs] 
2014-07-08T02:18:26.250+0000: 1946.876: [GC [PSYoungGen: 1291258K->928K(1237440K)] 1490993K->201039K(1924416K), 0.0140260 secs] [Times: user=0.04 sys=0.01, real=0.01 secs] 
2014-07-08T02:18:28.550+0000: 1949.176: [GC [PSYoungGen: 1237408K->758K(1186112K)] 1437519K->201309K(1873088K), 0.0267780 secs] [Times: user=0.11 sys=0.00, real=0.02 secs] 
2014-07-08T02:18:30.685+0000: 1951.311: [GC [PSYoungGen: 1186102K->612K(1137344K)] 1386653K->201331K(1824320K), 0.0069110 secs] [Times: user=0.01 sys=0.00, real=0.01 secs] 
2014-07-08T02:18:32.792+0000: 1953.418: [GC [PSYoungGen: 1137316K->594K(1091072K)] 1338035K->201441K(1778048K), 0.0238650 secs] [Times: user=0.08 sys=0.00, real=0.02 secs] 
2014-07-08T02:18:35.374+0000: 1956.000: [GC [PSYoungGen: 1091026K->964K(1047360K)] 1291873K->201907K(1734336K), 0.0059970 secs] [Times: user=0.02 sys=0.00, real=0.01 secs] 
2014-07-08T02:18:38.324+0000: 1958.950: [GC [PSYoungGen: 1047300K->1284K(1005760K)] 1248243K->202443K(1692736K), 0.0201860 secs] [Times: user=0.07 sys=0.00, real=0.02 secs] 
2014-07-08T02:18:40.525+0000: 1961.151: [GC [PSYoungGen: 1005700K->626K(965120K)] 1206859K->202121K(1652096K), 0.0077010 secs] [Times: user=0.01 sys=0.01, real=0.01 secs] 
2014-07-08T02:18:42.532+0000: 1963.158: [GC [PSYoungGen: 965034K->772K(927296K)] 1166529K->202459K(1614272K), 0.0074240 secs] [Times: user=0.02 sys=0.00, real=0.00 secs] 
2014-07-08T02:18:44.534+0000: 1965.160: [GC [PSYoungGen: 927236K->480K(890752K)] 1128923K->202319K(1577728K), 0.0337340 secs] [Times: user=0.12 sys=0.00, real=0.03 secs] 
2014-07-08T02:18:46.052+0000: 1966.678: [GC [PSYoungGen: 890720K->612K(856384K)] 1092559K->202579K(1543360K), 0.0064980 secs] [Times: user=0.02 sys=0.00, real=0.00 secs] 
2014-07-08T02:18:47.628+0000: 1968.254: [GC [PSYoungGen: 856356K->530K(823488K)] 1058323K->202609K(1510464K), 0.0086400 secs] [Times: user=0.01 sys=0.01, real=0.01 secs] 
2014-07-08T02:18:49.234+0000: 1969.860: [GC [PSYoungGen: 823442K->850K(792512K)] 1025521K->203065K(1479488K), 0.0079220 secs] [Times: user=0.01 sys=0.01, real=0.01 secs] 
2014-07-08T02:18:50.777+0000: 1971.403: [GC [PSYoungGen: 792421K->516K(762368K)] 994636K->202851K(1449344K), 0.0209220 secs] [Times: user=0.08 sys=0.00, real=0.02 secs] 
2014-07-08T02:18:52.277+0000: 1972.903: [GC [PSYoungGen: 762308K->768K(734144K)] 964643K->203199K(1421120K), 0.0064660 secs] [Times: user=0.02 sys=0.00, real=0.01 secs] 
2014-07-08T02:18:53.604+0000: 1974.230: [GC [PSYoungGen: 734144K->434K(706752K)] 936575K->202945K(1393728K), 0.0147860 secs] [Times: user=0.05 sys=0.00, real=0.01 secs] 
2014-07-08T02:18:54.974+0000: 1975.600: [GC [PSYoungGen: 706738K->534K(681024K)] 909249K->203093K(1368000K), 0.0118650 secs] [Times: user=0.04 sys=0.00, real=0.01 secs] 
2014-07-08T02:18:56.367+0000: 1976.993: [GC [PSYoungGen: 680982K->854K(656704K)] 883541K->203501K(1343680K), 0.0059600 secs] [Times: user=0.02 sys=0.01, real=0.00 secs] 
2014-07-08T02:18:57.683+0000: 1978.309: [GC [PSYoungGen: 656662K->658K(633024K)] 859309K->203433K(1320000K), 0.0053700 secs] [Times: user=0.02 sys=0.00, real=0.01 secs] 
2014-07-08T02:18:58.867+0000: 1979.493: [GC [PSYoungGen: 632971K->648K(610624K)] 835746K->203567K(1297600K), 0.0242530 secs] [Times: user=0.08 sys=0.00, real=0.02 secs] 
2014-07-08T02:19:00.060+0000: 1980.686: [GC [PSYoungGen: 610497K->338K(588928K)] 813417K->203321K(1275904K), 0.0058050 secs] [Times: user=0.01 sys=0.00, real=0.01 secs] 
2014-07-08T02:19:01.389+0000: 1982.015: [GC [PSYoungGen: 588882K->548K(706880K)] 791865K->203619K(1393856K), 0.0298300 secs] [Times: user=0.08 sys=0.00, real=0.03 secs] 
2014-07-08T02:19:03.252+0000: 1983.878: [GC [PSYoungGen: 706852K->1138K(848768K)] 909923K->204345K(1535744K), 0.0184690 secs] [Times: user=0.07 sys=0.00, real=0.02 secs] 
2014-07-08T02:19:05.840+0000: 1986.466: [GC [PSYoungGen: 848754K->1330K(816512K)] 1051961K->204761K(1503488K), 0.0100750 secs] [Times: user=0.02 sys=0.00, real=0.01 secs] 
2014-07-08T02:19:07.881+0000: 1988.507: [GC [PSYoungGen: 816498K->256K(784512K)] 1019929K->204351K(1471488K), 0.0104710 secs] [Times: user=0.02 sys=0.00, real=0.01 secs] 
2014-07-08T02:19:09.523+0000: 1990.149: [GC [PSYoungGen: 784512K->1000K(942144K)] 988607K->205327K(1629120K), 0.0278910 secs] [Times: user=0.11 sys=0.00, real=0.03 secs] 
2014-07-08T02:19:11.608+0000: 1992.234: [GC [PSYoungGen: 942060K->672K(904896K)] 1146387K->205175K(1591872K), 0.0117630 secs] [Times: user=0.03 sys=0.00, real=0.01 secs] 
2014-07-08T02:19:13.090+0000: 1993.716: [GC [PSYoungGen: 904864K->658K(869760K)] 1109367K->205305K(1556736K), 0.0066660 secs] [Times: user=0.02 sys=0.00, real=0.01 secs] 
2014-07-08T02:19:14.896+0000: 1995.522: [GC [PSYoungGen: 869686K->708K(836352K)] 1074333K->205419K(1523328K), 0.0162100 secs] [Times: user=0.06 sys=0.00, real=0.02 secs] 
2014-07-08T02:19:16.275+0000: 1996.901: [GC [PSYoungGen: 836292K->676K(804416K)] 1041003K->205531K(1491392K), 0.0199710 secs] [Times: user=0.07 sys=0.00, real=0.02 secs] 
2014-07-08T02:19:17.870+0000: 1998.496: [GC [PSYoungGen: 804388K->626K(965120K)] 1009243K->205593K(1652096K), 0.0207960 secs] [Times: user=0.07 sys=0.00, real=0.02 secs] 
2014-07-08T02:19:19.687+0000: 2000.313: [GC [PSYoungGen: 965106K->580K(927104K)] 1170073K->205699K(1614080K), 0.0084830 secs] [Times: user=0.01 sys=0.00, real=0.01 secs] 
2014-07-08T02:19:21.431+0000: 2002.057: [GC [PSYoungGen: 927044K->384K(890624K)] 1132163K->205607K(1577600K), 0.0066030 secs] [Times: user=0.02 sys=0.00, real=0.01 secs] 
2014-07-08T02:19:23.439+0000: 2004.065: [GC [PSYoungGen: 890601K->580K(856384K)] 1095825K->205891K(1543360K), 0.0048460 secs] [Times: user=0.02 sys=0.00, real=0.00 secs] 
2014-07-08T02:19:25.044+0000: 2005.670: [GC [PSYoungGen: 856321K->758K(823680K)] 1061632K->206221K(1510656K), 0.0052570 secs] [Times: user=0.02 sys=0.00, real=0.01 secs] 
2014-07-08T02:19:26.908+0000: 2007.534: [GC [PSYoungGen: 823670K->722K(792384K)] 1029133K->206313K(1479360K), 0.0222150 secs] [Times: user=0.08 sys=0.00, real=0.03 secs] 
2014-07-08T02:19:28.513+0000: 2009.139: [GC [PSYoungGen: 792335K->676K(762496K)] 997926K->206475K(1449472K), 0.0052880 secs] [Times: user=0.01 sys=0.00, real=0.01 secs] 
2014-07-08T02:19:29.892+0000: 2010.518: [GC [PSYoungGen: 762462K->402K(733824K)] 968261K->206321K(1420800K), 0.0156280 secs] [Times: user=0.06 sys=0.00, real=0.01 secs] 
2014-07-08T02:19:31.263+0000: 2011.889: [GC [PSYoungGen: 733778K->484K(706816K)] 939697K->206459K(1393792K), 0.0098890 secs] [Times: user=0.04 sys=0.00, real=0.01 secs] 
2014-07-08T02:19:32.675+0000: 2013.301: [GC [PSYoungGen: 706788K->900K(681408K)] 912763K->206947K(1368384K), 0.0061610 secs] [Times: user=0.02 sys=0.00, real=0.01 secs] 
2014-07-08T02:19:33.996+0000: 2014.622: [GC [PSYoungGen: 681348K->612K(656448K)] 887395K->206739K(1343424K), 0.0106100 secs] [Times: user=0.04 sys=0.00, real=0.01 secs] 
2014-07-08T02:19:35.176+0000: 2015.802: [GC [PSYoungGen: 656420K->416K(632768K)] 862547K->206599K(1319744K), 0.0078140 secs] [Times: user=0.02 sys=0.00, real=0.01 secs] 
2014-07-08T02:19:36.443+0000: 2017.069: [GC [PSYoungGen: 632736K->626K(610560K)] 838919K->206897K(1297536K), 0.0135110 secs] [Times: user=0.04 sys=0.00, real=0.01 secs] 
2014-07-08T02:19:37.825+0000: 2018.451: [GC [PSYoungGen: 610546K->672K(589248K)] 816817K->207063K(1276224K), 0.0058640 secs] [Times: user=0.02 sys=0.00, real=0.01 secs] 
2014-07-08T02:19:39.745+0000: 2020.371: [GC [PSYoungGen: 589184K->882K(569024K)] 795575K->207441K(1256000K), 0.0167950 secs] [Times: user=0.05 sys=0.00, real=0.02 secs] 
2014-07-08T02:19:40.581+0000: 2021.207: [GC [PSYoungGen: 569010K->676K(549312K)] 775569K->207507K(1236288K), 0.0117420 secs] [Times: user=0.04 sys=0.00, real=0.01 secs] 
2014-07-08T02:19:42.114+0000: 2022.740: [GC [PSYoungGen: 549284K->754K(530752K)] 756115K->208145K(1217728K), 0.0084240 secs] [Times: user=0.02 sys=0.00, real=0.01 secs] 
2014-07-08T02:19:43.812+0000: 2024.438: [GC [PSYoungGen: 530738K->1188K(513408K)] 738129K->208755K(1200384K), 0.0061950 secs] [Times: user=0.02 sys=0.00, real=0.00 secs] 
2014-07-08T02:19:45.461+0000: 2026.087: [GC [PSYoungGen: 513380K->768K(495936K)] 720947K->208911K(1182912K), 0.0103740 secs] [Times: user=0.02 sys=0.00, real=0.01 secs] 
2014-07-08T02:19:46.482+0000: 2027.108: [GC [PSYoungGen: 495936K->722K(479680K)] 704079K->209041K(1166656K), 0.0131350 secs] [Times: user=0.03 sys=0.01, real=0.01 secs] 
2014-07-08T02:19:47.301+0000: 2027.927: [GC [PSYoungGen: 479634K->644K(575424K)] 687953K->209171K(1262400K), 0.0482000 secs] [Times: user=0.17 sys=0.00, real=0.05 secs] 
2014-07-08T02:19:48.417+0000: 2029.043: [GC [PSYoungGen: 575364K->672K(690368K)] 783891K->209287K(1377344K), 0.0076780 secs] [Times: user=0.02 sys=0.00, real=0.01 secs] 
2014-07-08T02:19:49.747+0000: 2030.373: [GC [PSYoungGen: 690336K->498K(828160K)] 898951K->209209K(1515136K), 0.0241040 secs] [Times: user=0.09 sys=0.01, real=0.02 secs] 
2014-07-08T02:19:51.099+0000: 2031.725: [GC [PSYoungGen: 828146K->562K(993792K)] 1036857K->209353K(1680768K), 0.0221710 secs] [Times: user=0.08 sys=0.00, real=0.02 secs] 
2014-07-08T02:19:53.746+0000: 2034.372: [GC [PSYoungGen: 993778K->800K(1192704K)] 1202569K->209655K(1879680K), 0.0108840 secs] [Times: user=0.02 sys=0.00, real=0.01 secs] 
2014-07-08T02:19:55.907+0000: 2036.533: [GC [PSYoungGen: 1192672K->744K(1431040K)] 1401527K->209847K(2118016K), 0.0090250 secs] [Times: user=0.00 sys=0.01, real=0.01 secs] 
2014-07-08T02:19:58.553+0000: 2039.179: [GC [PSYoungGen: 1431012K->1124K(1370880K)] 1640116K->210555K(2057856K), 0.0132060 secs] [Times: user=0.02 sys=0.00, real=0.01 secs] 
2014-07-08T02:20:01.151+0000: 2041.777: [GC [PSYoungGen: 1370852K->516K(1312704K)] 1580283K->210147K(1999680K), 0.0121120 secs] [Times: user=0.04 sys=0.00, real=0.01 secs] 
2014-07-08T02:20:03.680+0000: 2044.306: [GC [PSYoungGen: 1312644K->644K(1542016K)] 1522275K->210467K(2228992K), 0.0401630 secs] [Times: user=0.13 sys=0.01, real=0.04 secs] 
2014-07-08T02:20:07.543+0000: 2048.169: [GC [PSYoungGen: 1541252K->1408K(1476032K)] 1751075K->211327K(2163008K), 0.0258720 secs] [Times: user=0.09 sys=0.00, real=0.03 secs] 
2014-07-08T02:20:11.096+0000: 2051.722: [GC [PSYoungGen: 1476032K->128K(1412032K)] 1685951K->211195K(2099008K), 0.0316680 secs] [Times: user=0.12 sys=0.00, real=0.03 secs] 
2014-07-08T02:20:13.900+0000: 2054.526: [GC [PSYoungGen: 1411969K->1124K(1353408K)] 1623036K->212327K(2040384K), 0.0332480 secs] [Times: user=0.12 sys=0.00, real=0.03 secs] 
2014-07-08T02:20:17.503+0000: 2058.129: [GC [PSYoungGen: 1353380K->1142K(1296640K)] 1564583K->212561K(1983616K), 0.0261710 secs] [Times: user=0.10 sys=0.00, real=0.03 secs] 
2014-07-08T02:20:19.967+0000: 2060.593: [GC [PSYoungGen: 1296630K->480K(1241984K)] 1508049K->212299K(1928960K), 0.0056900 secs] [Times: user=0.02 sys=0.00, real=0.00 secs] 
2014-07-08T02:20:22.312+0000: 2062.938: [GC [PSYoungGen: 1241952K->562K(1190656K)] 1453771K->212557K(1877632K), 0.0149110 secs] [Times: user=0.06 sys=0.00, real=0.02 secs] 
2014-07-08T02:20:24.424+0000: 2065.050: [GC [PSYoungGen: 1190642K->416K(1141632K)] 1402637K->212547K(1828608K), 0.0102050 secs] [Times: user=0.04 sys=0.00, real=0.01 secs] 
2014-07-08T02:20:26.584+0000: 2067.210: [GC [PSYoungGen: 1141600K->694K(1095360K)] 1353731K->212937K(1782336K), 0.0104320 secs] [Times: user=0.04 sys=0.00, real=0.01 secs] 
2014-07-08T02:20:28.631+0000: 2069.257: [GC [PSYoungGen: 1095350K->886K(1051264K)] 1307593K->213297K(1738240K), 0.0057030 secs] [Times: user=0.01 sys=0.00, real=0.00 secs] 
2014-07-08T02:20:30.687+0000: 2071.313: [GC [PSYoungGen: 1051254K->772K(1009088K)] 1263665K->213319K(1696064K), 0.0060590 secs] [Times: user=0.01 sys=0.00, real=0.01 secs] 
2014-07-08T02:20:33.870+0000: 2074.496: [GC [PSYoungGen: 1009028K->1526K(969664K)] 1221575K->214297K(1656640K), 0.0287950 secs] [Times: user=0.09 sys=0.00, real=0.03 secs] 
2014-07-08T02:20:36.297+0000: 2076.923: [GC [PSYoungGen: 969654K->744K(930688K)] 1182425K->214091K(1617664K), 0.0059750 secs] [Times: user=0.02 sys=0.00, real=0.01 secs] 
2014-07-08T02:20:37.935+0000: 2078.561: [GC [PSYoungGen: 930664K->630K(894208K)] 1144011K->214273K(1581184K), 0.0277080 secs] [Times: user=0.09 sys=0.01, real=0.03 secs] 
2014-07-08T02:20:39.636+0000: 2080.262: [GC [PSYoungGen: 894198K->1210K(860160K)] 1107841K->215029K(1547136K), 0.0082050 secs] [Times: user=0.02 sys=0.00, real=0.01 secs] 
2014-07-08T02:20:41.528+0000: 2082.154: [GC [PSYoungGen: 860154K->872K(826816K)] 1073973K->214803K(1513792K), 0.0164060 secs] [Times: user=0.06 sys=0.00, real=0.02 secs] 
2014-07-08T02:20:42.975+0000: 2083.601: [GC [PSYoungGen: 826792K->754K(795264K)] 1040723K->214877K(1482240K), 0.0094030 secs] [Times: user=0.02 sys=0.00, real=0.01 secs] 
2014-07-08T02:20:44.811+0000: 2085.437: [GC [PSYoungGen: 795250K->658K(765248K)] 1009373K->214837K(1452224K), 0.0205920 secs] [Times: user=0.07 sys=0.00, real=0.02 secs] 
2014-07-08T02:20:46.314+0000: 2086.940: [GC [PSYoungGen: 765202K->562K(736576K)] 979381K->214869K(1423552K), 0.0203860 secs] [Times: user=0.08 sys=0.00, real=0.02 secs] 
2014-07-08T02:20:47.534+0000: 2088.160: [GC [PSYoungGen: 736560K->608K(709440K)] 950868K->215075K(1396416K), 0.0064020 secs] [Times: user=0.01 sys=0.00, real=0.01 secs] 
2014-07-08T02:20:49.084+0000: 2089.710: [GC [PSYoungGen: 709348K->822K(683648K)] 923815K->215377K(1370624K), 0.0083050 secs] [Times: user=0.01 sys=0.00, real=0.01 secs] 
2014-07-08T02:20:50.448+0000: 2091.074: [GC [PSYoungGen: 683638K->480K(658560K)] 898193K->215171K(1345536K), 0.0141220 secs] [Times: user=0.06 sys=0.00, real=0.02 secs] 
2014-07-08T02:20:51.633+0000: 2092.259: [GC [PSYoungGen: 658528K->288K(634752K)] 873219K->215067K(1321728K), 0.0070020 secs] [Times: user=0.01 sys=0.00, real=0.00 secs] 
2014-07-08T02:20:52.910+0000: 2093.536: [GC [PSYoungGen: 634703K->584K(612544K)] 849482K->215411K(1299520K), 0.0060480 secs] [Times: user=0.01 sys=0.00, real=0.01 secs] 
2014-07-08T02:20:54.272+0000: 2094.898: [GC [PSYoungGen: 612488K->676K(591104K)] 827315K->215575K(1278080K), 0.0144320 secs] [Times: user=0.05 sys=0.00, real=0.01 secs] 
2014-07-08T02:20:55.403+0000: 2096.029: [GC [PSYoungGen: 591076K->850K(570752K)] 805975K->215845K(1257728K), 0.0075320 secs] [Times: user=0.02 sys=0.00, real=0.00 secs] 
2014-07-08T02:20:56.473+0000: 2097.099: [GC [PSYoungGen: 570706K->754K(684608K)] 785701K->215869K(1371584K), 0.0206900 secs] [Times: user=0.08 sys=0.00, real=0.02 secs] 
2014-07-08T02:20:57.947+0000: 2098.573: [GC [PSYoungGen: 684594K->448K(821056K)] 899709K->215651K(1508032K), 0.0177050 secs] [Times: user=0.06 sys=0.00, real=0.02 secs] 
2014-07-08T02:20:59.920+0000: 2100.546: [GC [PSYoungGen: 821056K->754K(985536K)] 1036259K->216109K(1672512K), 0.0195030 secs] [Times: user=0.05 sys=0.00, real=0.02 secs] 
2014-07-08T02:21:02.559+0000: 2103.185: [GC [PSYoungGen: 985522K->1252K(947072K)] 1200877K->216823K(1634048K), 0.0139530 secs] [Times: user=0.05 sys=0.00, real=0.02 secs] 
2014-07-08T02:21:04.859+0000: 2105.485: [GC [PSYoungGen: 947044K->566K(909248K)] 1162615K->216593K(1596224K), 0.0252030 secs] [Times: user=0.08 sys=0.00, real=0.03 secs] 
2014-07-08T02:21:07.008+0000: 2107.634: [GC [PSYoungGen: 909238K->800K(874112K)] 1125265K->217011K(1561088K), 0.0071840 secs] [Times: user=0.02 sys=0.00, real=0.01 secs] 
2014-07-08T02:21:08.638+0000: 2109.264: [GC [PSYoungGen: 874080K->1238K(840896K)] 1090291K->217753K(1527872K), 0.0107590 secs] [Times: user=0.02 sys=0.00, real=0.01 secs] 
2014-07-08T02:21:09.937+0000: 2110.563: [GC [PSYoungGen: 840847K->566K(808128K)] 1057362K->217201K(1495104K), 0.0199910 secs] [Times: user=0.08 sys=0.00, real=0.02 secs] 
2014-07-08T02:21:11.523+0000: 2112.149: [GC [PSYoungGen: 808118K->498K(777472K)] 1024753K->217213K(1464448K), 0.0064690 secs] [Times: user=0.02 sys=0.00, real=0.01 secs] 
2014-07-08T02:21:13.089+0000: 2113.715: [GC [PSYoungGen: 777458K->662K(748544K)] 994173K->217473K(1435520K), 0.0061930 secs] [Times: user=0.02 sys=0.00, real=0.01 secs] 
2014-07-08T02:21:14.529+0000: 2115.155: [GC [PSYoungGen: 748502K->786K(720896K)] 965313K->217693K(1407872K), 0.0119830 secs] [Times: user=0.03 sys=0.00, real=0.01 secs] 
2014-07-08T02:21:15.851+0000: 2116.477: [GC [PSYoungGen: 720850K->498K(694080K)] 937757K->217477K(1381056K), 0.0232290 secs] [Times: user=0.08 sys=0.00, real=0.02 secs] 
2014-07-08T02:21:17.138+0000: 2117.764: [GC [PSYoungGen: 694066K->612K(668928K)] 911045K->217695K(1355904K), 0.0069160 secs] [Times: user=0.02 sys=0.01, real=0.01 secs] 
2014-07-08T02:21:18.568+0000: 2119.194: [GC [PSYoungGen: 668900K->950K(645184K)] 885983K->218137K(1332160K), 0.0080490 secs] [Times: user=0.02 sys=0.00, real=0.01 secs] 
2014-07-08T02:21:19.794+0000: 2120.420: [GC [PSYoungGen: 645174K->320K(621568K)] 862361K->217635K(1308544K), 0.0059850 secs] [Times: user=0.01 sys=0.00, real=0.01 secs] 
2014-07-08T02:21:20.971+0000: 2121.597: [GC [PSYoungGen: 621568K->562K(746112K)] 838883K->217965K(1433088K), 0.0350550 secs] [Times: user=0.12 sys=0.00, real=0.04 secs] 
2014-07-08T02:21:22.437+0000: 2123.063: [GC [PSYoungGen: 746098K->672K(895360K)] 963501K->218139K(1582336K), 0.0215400 secs] [Times: user=0.09 sys=0.00, real=0.02 secs] 
2014-07-08T02:21:24.854+0000: 2125.480: [GC [PSYoungGen: 895328K->1252K(1074880K)] 1112795K->218927K(1761856K), 0.0058120 secs] [Times: user=0.02 sys=0.00, real=0.01 secs] 
2014-07-08T02:21:26.753+0000: 2127.379: [GC [PSYoungGen: 1074852K->634K(1030976K)] 1292527K->218821K(1717952K), 0.0157480 secs] [Times: user=0.06 sys=0.00, real=0.02 secs] 
2014-07-08T02:21:29.627+0000: 2130.253: [GC [PSYoungGen: 1030970K->1576K(990784K)] 1249157K->220019K(1677760K), 0.0088200 secs] [Times: user=0.02 sys=0.00, real=0.00 secs] 
2014-07-08T02:21:32.632+0000: 2133.258: [GC [PSYoungGen: 990760K->996K(950976K)] 1209203K->219847K(1637952K), 0.0091960 secs] [Times: user=0.02 sys=0.00, real=0.01 secs] 
2014-07-08T02:21:35.312+0000: 2135.938: [GC [PSYoungGen: 950948K->882K(913536K)] 1169799K->220005K(1600512K), 0.0059280 secs] [Times: user=0.02 sys=0.00, real=0.01 secs] 
2014-07-08T02:21:37.172+0000: 2137.798: [GC [PSYoungGen: 913522K->1138K(878272K)] 1132645K->220509K(1565248K), 0.0123780 secs] [Times: user=0.05 sys=0.00, real=0.01 secs] 
2014-07-08T02:21:38.667+0000: 2139.293: [GC [PSYoungGen: 878258K->644K(843968K)] 1097629K->220183K(1530944K), 0.0103710 secs] [Times: user=0.02 sys=0.00, real=0.01 secs] 
2014-07-08T02:21:40.241+0000: 2140.867: [GC [PSYoungGen: 843908K->566K(811584K)] 1063447K->220217K(1498560K), 0.0112260 secs] [Times: user=0.04 sys=0.00, real=0.01 secs] 
2014-07-08T02:21:41.720+0000: 2142.346: [GC [PSYoungGen: 811528K->562K(780864K)] 1031179K->220309K(1467840K), 0.0089580 secs] [Times: user=0.03 sys=0.00, real=0.00 secs] 
2014-07-08T02:21:43.169+0000: 2143.795: [GC [PSYoungGen: 780850K->868K(751872K)] 1000597K->220711K(1438848K), 0.0234100 secs] [Times: user=0.08 sys=0.00, real=0.02 secs] 
2014-07-08T02:21:44.812+0000: 2145.438: [GC [PSYoungGen: 751843K->864K(723968K)] 971686K->220771K(1410944K), 0.0060270 secs] [Times: user=0.02 sys=0.00, real=0.00 secs] 
2014-07-08T02:21:46.432+0000: 2147.058: [GC [PSYoungGen: 723936K->786K(697280K)] 943843K->220869K(1384256K), 0.0066330 secs] [Times: user=0.02 sys=0.00, real=0.00 secs] 
2014-07-08T02:21:47.541+0000: 2148.167: [GC [PSYoungGen: 697234K->402K(836224K)] 917317K->220661K(1523200K), 0.0247990 secs] [Times: user=0.09 sys=0.00, real=0.02 secs] 
2014-07-08T02:21:49.190+0000: 2149.816: [GC [PSYoungGen: 836178K->530K(1003520K)] 1056437K->220869K(1690496K), 0.0208410 secs] [Times: user=0.07 sys=0.00, real=0.02 secs] 
2014-07-08T02:21:51.139+0000: 2151.765: [GC [PSYoungGen: 1003474K->594K(963712K)] 1223813K->221037K(1650688K), 0.0090010 secs] [Times: user=0.02 sys=0.00, real=0.01 secs] 
2014-07-08T02:21:52.969+0000: 2153.595: [GC [PSYoungGen: 963666K->644K(925824K)] 1184109K->221199K(1612800K), 0.0132920 secs] [Times: user=0.02 sys=0.00, real=0.02 secs] 
2014-07-08T02:21:55.686+0000: 2156.312: [GC [PSYoungGen: 925764K->1380K(890368K)] 1146319K->222015K(1577344K), 0.0069900 secs] [Times: user=0.03 sys=0.00, real=0.01 secs] 
2014-07-08T02:21:57.290+0000: 2157.916: [GC [PSYoungGen: 890340K->812K(855360K)] 1110975K->221775K(1542336K), 0.0091020 secs] [Times: user=0.02 sys=0.00, real=0.01 secs] 
2014-07-08T02:21:58.986+0000: 2159.612: [GC [PSYoungGen: 855340K->562K(822336K)] 1076303K->221677K(1509312K), 0.0251480 secs] [Times: user=0.10 sys=0.00, real=0.02 secs] 
2014-07-08T02:22:00.490+0000: 2161.116: [GC [PSYoungGen: 822322K->690K(791232K)] 1043437K->221925K(1478208K), 0.0048990 secs] [Times: user=0.02 sys=0.00, real=0.01 secs] 
2014-07-08T02:22:02.016+0000: 2162.642: [GC [PSYoungGen: 791218K->516K(761344K)] 1012453K->221831K(1448320K), 0.0217630 secs] [Times: user=0.07 sys=0.00, real=0.02 secs] 
2014-07-08T02:22:03.516+0000: 2164.142: [GC [PSYoungGen: 761284K->594K(733056K)] 982599K->222013K(1420032K), 0.0095350 secs] [Times: user=0.01 sys=0.01, real=0.01 secs] 
2014-07-08T02:22:05.352+0000: 2165.978: [GC [PSYoungGen: 733010K->1124K(880064K)] 954429K->222631K(1567040K), 0.0446400 secs] [Times: user=0.16 sys=0.00, real=0.04 secs] 
2014-07-08T02:22:08.128+0000: 2168.754: [GC [PSYoungGen: 880036K->1078K(846080K)] 1101543K->223225K(1533056K), 0.0084150 secs] [Times: user=0.03 sys=0.00, real=0.01 secs] 
2014-07-08T02:22:10.654+0000: 2171.280: [GC [PSYoungGen: 846070K->1028K(1015104K)] 1068217K->223535K(1702080K), 0.0309050 secs] [Times: user=0.11 sys=0.00, real=0.03 secs] 
2014-07-08T02:22:12.706+0000: 2173.332: [GC [PSYoungGen: 1015044K->694K(1217536K)] 1237551K->223545K(1904512K), 0.0223560 secs] [Times: user=0.09 sys=0.00, real=0.02 secs] 
2014-07-08T02:22:14.901+0000: 2175.527: [GC [PSYoungGen: 1217433K->694K(1167360K)] 1440284K->223681K(1854336K), 0.0092590 secs] [Times: user=0.03 sys=0.00, real=0.01 secs] 
2014-07-08T02:22:17.031+0000: 2177.657: [GC [PSYoungGen: 1167347K->626K(1119552K)] 1390335K->223733K(1806528K), 0.0065690 secs] [Times: user=0.02 sys=0.00, real=0.01 secs] 
2014-07-08T02:22:19.150+0000: 2179.776: [GC [PSYoungGen: 1119538K->530K(1074048K)] 1342645K->223797K(1761024K), 0.0163550 secs] [Times: user=0.06 sys=0.01, real=0.02 secs] 
2014-07-08T02:22:21.751+0000: 2182.377: [GC [PSYoungGen: 1074002K->1508K(1031744K)] 1297269K->224951K(1718720K), 0.0136530 secs] [Times: user=0.04 sys=0.00, real=0.01 secs] 
2014-07-08T02:22:24.448+0000: 2185.074: [GC [PSYoungGen: 1031716K->946K(990016K)] 1255159K->224645K(1676992K), 0.0078230 secs] [Times: user=0.02 sys=0.00, real=0.01 secs] 
2014-07-08T02:22:27.434+0000: 2188.060: [GC [PSYoungGen: 990002K->1146K(951040K)] 1213701K->225101K(1638016K), 0.0249520 secs] [Times: user=0.08 sys=0.01, real=0.03 secs] 
2014-07-08T02:22:29.385+0000: 2190.011: [GC [PSYoungGen: 951034K->580K(913216K)] 1174989K->224935K(1600192K), 0.0166280 secs] [Times: user=0.07 sys=0.01, real=0.02 secs] 
2014-07-08T02:22:30.969+0000: 2191.595: [GC [PSYoungGen: 913156K->854K(1096000K)] 1137511K->225393K(1782976K), 0.0308070 secs] [Times: user=0.10 sys=0.00, real=0.03 secs] 
2014-07-08T02:22:32.932+0000: 2193.558: [GC [PSYoungGen: 1095958K->672K(1314880K)] 1320497K->225331K(2001856K), 0.0411340 secs] [Times: user=0.14 sys=0.00, real=0.04 secs] 
2014-07-08T02:22:35.290+0000: 2195.916: [GC [PSYoungGen: 1314848K->384K(1489536K)] 1539507K->225147K(2176512K), 0.0129080 secs] [Times: user=0.03 sys=0.00, real=0.01 secs] 
2014-07-08T02:22:38.197+0000: 2198.823: [GC [PSYoungGen: 1488256K->690K(1425216K)] 1713019K->225621K(2112192K), 0.0141940 secs] [Times: user=0.05 sys=0.00, real=0.01 secs] 
2014-07-08T02:22:41.024+0000: 2201.650: [GC [PSYoungGen: 1425202K->1014K(1365248K)] 1650133K->226225K(2052224K), 0.0173680 secs] [Times: user=0.06 sys=0.00, real=0.02 secs] 
2014-07-08T02:22:43.628+0000: 2204.254: [GC [PSYoungGen: 1365238K->498K(1307392K)] 1590449K->225877K(1994368K), 0.0084560 secs] [Times: user=0.02 sys=0.00, real=0.01 secs] 
2014-07-08T02:22:46.191+0000: 2206.817: [GC [PSYoungGen: 1307378K->978K(1253376K)] 1532757K->226477K(1940352K), 0.0076690 secs] [Times: user=0.02 sys=0.00, real=0.01 secs] 
2014-07-08T02:22:49.983+0000: 2210.609: [GC [PSYoungGen: 1253330K->1060K(1201536K)] 1478829K->226759K(1888512K), 0.0065370 secs] [Times: user=0.02 sys=0.00, real=0.01 secs] 
2014-07-08T02:22:52.232+0000: 2212.858: [GC [PSYoungGen: 1201508K->772K(1151872K)] 1427207K->226951K(1838848K), 0.0075060 secs] [Times: user=0.02 sys=0.00, real=0.01 secs] 
2014-07-08T02:22:54.379+0000: 2215.005: [GC [PSYoungGen: 1151812K->644K(1104768K)] 1377991K->226951K(1791744K), 0.0067110 secs] [Times: user=0.03 sys=0.00, real=0.01 secs] 
2014-07-08T02:22:56.463+0000: 2217.089: [GC [PSYoungGen: 1104708K->576K(1059904K)] 1331015K->226987K(1746880K), 0.0197680 secs] [Times: user=0.07 sys=0.00, real=0.02 secs] 
2014-07-08T02:22:58.645+0000: 2219.271: [GC [PSYoungGen: 1059904K->658K(1017472K)] 1286315K->227261K(1704448K), 0.0104320 secs] [Times: user=0.02 sys=0.00, real=0.01 secs] 
2014-07-08T02:23:01.154+0000: 2221.780: [GC [PSYoungGen: 1017426K->1248K(977536K)] 1244029K->228035K(1664512K), 0.0219930 secs] [Times: user=0.07 sys=0.00, real=0.02 secs] 
2014-07-08T02:23:02.985+0000: 2223.611: [GC [PSYoungGen: 977504K->434K(938112K)] 1204291K->227437K(1625088K), 0.0281400 secs] [Times: user=0.10 sys=0.00, real=0.03 secs] 
2014-07-08T02:23:04.812+0000: 2225.438: [GC [PSYoungGen: 938098K->434K(901376K)] 1165101K->227565K(1588352K), 0.0207720 secs] [Times: user=0.07 sys=0.00, real=0.02 secs] 
2014-07-08T02:23:06.753+0000: 2227.379: [GC [PSYoungGen: 901362K->864K(866816K)] 1128493K->228091K(1553792K), 0.0150010 secs] [Times: user=0.05 sys=0.00, real=0.01 secs] 
2014-07-08T02:23:08.944+0000: 2229.570: [GC [PSYoungGen: 866784K->1010K(833600K)] 1094011K->228453K(1520576K), 0.0080230 secs] [Times: user=0.02 sys=0.00, real=0.01 secs] 
2014-07-08T02:23:10.465+0000: 2231.091: [GC [PSYoungGen: 833586K->658K(801536K)] 1061029K->228357K(1488512K), 0.0071650 secs] [Times: user=0.01 sys=0.00, real=0.01 secs] 
2014-07-08T02:23:12.020+0000: 2232.646: [GC [PSYoungGen: 801409K->626K(771200K)] 1029108K->228429K(1458176K), 0.0241270 secs] [Times: user=0.09 sys=0.00, real=0.03 secs] 
2014-07-08T02:23:13.383+0000: 2234.009: [GC [PSYoungGen: 771185K->790K(742528K)] 998989K->228713K(1429504K), 0.0097130 secs] [Times: user=0.02 sys=0.00, real=0.01 secs] 
2014-07-08T02:23:15.070+0000: 2235.696: [GC [PSYoungGen: 742486K->1266K(715456K)] 970409K->229229K(1402432K), 0.0067940 secs] [Times: user=0.01 sys=0.01, real=0.01 secs] 
2014-07-08T02:23:17.270+0000: 2237.896: [GC [PSYoungGen: 715414K->1512K(689536K)] 943378K->229627K(1376512K), 0.0087940 secs] [Times: user=0.03 sys=0.00, real=0.01 secs] 
2014-07-08T02:23:19.319+0000: 2239.945: [GC [PSYoungGen: 689512K->320K(663296K)] 917627K->229791K(1350272K), 0.0089110 secs] [Times: user=0.02 sys=0.00, real=0.01 secs] 
2014-07-08T02:23:21.435+0000: 2242.061: [GC [PSYoungGen: 663296K->1618K(640832K)] 892767K->231313K(1327808K), 0.0102970 secs] [Times: user=0.03 sys=0.00, real=0.01 secs] 
2014-07-08T02:23:22.952+0000: 2243.578: [GC [PSYoungGen: 640786K->940K(617408K)] 870481K->231075K(1304384K), 0.0129960 secs] [Times: user=0.05 sys=0.00, real=0.02 secs] 
2014-07-08T02:23:24.001+0000: 2244.627: [GC [PSYoungGen: 617388K->658K(595456K)] 847523K->230929K(1282432K), 0.0073820 secs] [Times: user=0.03 sys=0.00, real=0.01 secs] 
2014-07-08T02:23:25.020+0000: 2245.646: [GC [PSYoungGen: 595410K->480K(574528K)] 825681K->230823K(1261504K), 0.0040750 secs] [Times: user=0.01 sys=0.00, real=0.01 secs] 
2014-07-08T02:23:26.122+0000: 2246.748: [GC [PSYoungGen: 574496K->808K(555072K)] 804839K->231223K(1242048K), 0.0110380 secs] [Times: user=0.04 sys=0.00, real=0.01 secs] 
2014-07-08T02:23:27.134+0000: 2247.760: [GC [PSYoungGen: 555048K->530K(535936K)] 785463K->231057K(1222912K), 0.0081890 secs] [Times: user=0.02 sys=0.00, real=0.01 secs] 
2014-07-08T02:23:28.167+0000: 2248.793: [GC [PSYoungGen: 535881K->466K(517824K)] 766408K->231089K(1204800K), 0.0058060 secs] [Times: user=0.02 sys=0.00, real=0.00 secs] 
2014-07-08T02:23:29.145+0000: 2249.771: [GC [PSYoungGen: 517778K->420K(500544K)] 748401K->231131K(1187520K), 0.0060980 secs] [Times: user=0.01 sys=0.00, real=0.00 secs] 
2014-07-08T02:23:29.976+0000: 2250.602: [GC [PSYoungGen: 500516K->434K(484096K)] 731227K->231209K(1171072K), 0.0113920 secs] [Times: user=0.04 sys=0.00, real=0.01 secs] 
2014-07-08T02:23:30.909+0000: 2251.535: [GC [PSYoungGen: 484082K->434K(468352K)] 714857K->231241K(1155328K), 0.0061910 secs] [Times: user=0.02 sys=0.01, real=0.01 secs] 
2014-07-08T02:23:31.811+0000: 2252.437: [GC [PSYoungGen: 468338K->690K(453568K)] 699145K->231569K(1140544K), 0.0153240 secs] [Times: user=0.04 sys=0.00, real=0.02 secs] 
2014-07-08T02:23:32.627+0000: 2253.253: [GC [PSYoungGen: 453554K->612K(544128K)] 684433K->231547K(1231104K), 0.0154980 secs] [Times: user=0.05 sys=0.01, real=0.01 secs] 
2014-07-08T02:23:33.645+0000: 2254.271: [GC [PSYoungGen: 544041K->772K(653056K)] 774977K->231779K(1340032K), 0.0083490 secs] [Times: user=0.01 sys=0.00, real=0.01 secs] 
2014-07-08T02:23:34.849+0000: 2255.475: [GC [PSYoungGen: 652996K->402K(629312K)] 884003K->231457K(1316288K), 0.0046880 secs] [Times: user=0.02 sys=0.00, real=0.00 secs] 
2014-07-08T02:23:36.053+0000: 2256.679: [GC [PSYoungGen: 629266K->484K(607104K)] 860321K->231611K(1294080K), 0.0064530 secs] [Times: user=0.01 sys=0.00, real=0.01 secs] 
2014-07-08T02:23:37.520+0000: 2258.146: [GC [PSYoungGen: 606990K->690K(586048K)] 838118K->231929K(1273024K), 0.0213730 secs] [Times: user=0.08 sys=0.00, real=0.02 secs] 
2014-07-08T02:23:39.085+0000: 2259.711: [GC [PSYoungGen: 586034K->1202K(566272K)] 817273K->232617K(1253248K), 0.0057200 secs] [Times: user=0.02 sys=0.00, real=0.01 secs] 
2014-07-08T02:23:40.818+0000: 2261.444: [GC [PSYoungGen: 566258K->946K(546624K)] 797673K->232785K(1233600K), 0.0238560 secs] [Times: user=0.08 sys=0.00, real=0.02 secs] 
2014-07-08T02:23:42.574+0000: 2263.200: [GC [PSYoungGen: 546610K->1484K(656384K)] 778449K->233507K(1343360K), 0.0444830 secs] [Times: user=0.17 sys=0.00, real=0.05 secs] 
2014-07-08T02:23:44.088+0000: 2264.714: [GC [PSYoungGen: 656332K->512K(786368K)] 888355K->232807K(1473344K), 0.0120630 secs] [Times: user=0.04 sys=0.00, real=0.01 secs] 
2014-07-08T02:23:45.960+0000: 2266.586: [GC [PSYoungGen: 786368K->914K(757248K)] 1018663K->233313K(1444224K), 0.0055710 secs] [Times: user=0.02 sys=0.00, real=0.00 secs] 
2014-07-08T02:23:47.453+0000: 2268.079: [GC [PSYoungGen: 757202K->932K(729088K)] 989601K->233531K(1416064K), 0.0051330 secs] [Times: user=0.02 sys=0.00, real=0.00 secs] 
2014-07-08T02:23:48.869+0000: 2269.495: [GC [PSYoungGen: 729060K->1096K(702400K)] 961659K->233823K(1389376K), 0.0077900 secs] [Times: user=0.02 sys=0.00, real=0.00 secs] 
2014-07-08T02:23:50.280+0000: 2270.906: [GC [PSYoungGen: 702331K->922K(676608K)] 935059K->233769K(1363584K), 0.0109940 secs] [Times: user=0.03 sys=0.00, real=0.01 secs] 
2014-07-08T02:23:51.451+0000: 2272.077: [GC [PSYoungGen: 676570K->680K(651904K)] 909417K->233647K(1338880K), 0.0098710 secs] [Times: user=0.03 sys=0.00, real=0.01 secs] 
2014-07-08T02:23:52.545+0000: 2273.171: [GC [PSYoungGen: 651818K->712K(628672K)] 884786K->233743K(1315648K), 0.0053380 secs] [Times: user=0.01 sys=0.00, real=0.01 secs] 
2014-07-08T02:23:53.649+0000: 2274.275: [GC [PSYoungGen: 628546K->612K(606336K)] 861578K->233691K(1293312K), 0.0055520 secs] [Times: user=0.02 sys=0.00, real=0.00 secs] 
2014-07-08T02:23:54.805+0000: 2275.431: [GC [PSYoungGen: 606308K->900K(585472K)] 839387K->234035K(1272448K), 0.0089790 secs] [Times: user=0.01 sys=0.00, real=0.01 secs] 
2014-07-08T02:23:55.976+0000: 2276.602: [GC [PSYoungGen: 585411K->790K(565120K)] 818547K->233997K(1252096K), 0.0058220 secs] [Times: user=0.01 sys=0.01, real=0.01 secs] 
2014-07-08T02:23:57.060+0000: 2277.686: [GC [PSYoungGen: 565078K->544K(545536K)] 798285K->233879K(1232512K), 0.0178560 secs] [Times: user=0.06 sys=0.01, real=0.01 secs] 
2014-07-08T02:23:58.149+0000: 2278.775: [GC [PSYoungGen: 545504K->402K(654400K)] 778839K->233833K(1341376K), 0.0154830 secs] [Times: user=0.05 sys=0.00, real=0.02 secs] 
2014-07-08T02:23:59.456+0000: 2280.082: [GC [PSYoungGen: 654295K->566K(631104K)] 887727K->234093K(1318080K), 0.0062690 secs] [Times: user=0.01 sys=0.00, real=0.01 secs] 
2014-07-08T02:24:01.033+0000: 2281.659: [GC [PSYoungGen: 631094K->708K(608960K)] 864621K->234339K(1295936K), 0.0156270 secs] [Times: user=0.05 sys=0.00, real=0.01 secs] 
2014-07-08T02:24:02.734+0000: 2283.360: [GC [PSYoungGen: 608900K->1042K(587968K)] 842531K->234833K(1274944K), 0.0065220 secs] [Times: user=0.02 sys=0.00, real=0.01 secs] 
2014-07-08T02:24:04.312+0000: 2284.938: [GC [PSYoungGen: 587922K->1046K(567616K)] 821713K->234997K(1254592K), 0.0073210 secs] [Times: user=0.01 sys=0.00, real=0.00 secs] 
2014-07-08T02:24:05.351+0000: 2285.977: [GC [PSYoungGen: 567574K->612K(547712K)] 801525K->234691K(1234688K), 0.0135350 secs] [Times: user=0.05 sys=0.00, real=0.01 secs] 
2014-07-08T02:24:06.418+0000: 2287.044: [GC [PSYoungGen: 547684K->900K(529472K)] 781763K->235083K(1216448K), 0.0089040 secs] [Times: user=0.02 sys=0.00, real=0.01 secs] 
2014-07-08T02:24:07.385+0000: 2288.011: [GC [PSYoungGen: 529406K->630K(511424K)] 763590K->234925K(1198400K), 0.0132620 secs] [Times: user=0.05 sys=0.01, real=0.01 secs] 
2014-07-08T02:24:08.332+0000: 2288.958: [GC [PSYoungGen: 511414K->818K(494656K)] 745709K->235209K(1181632K), 0.0099440 secs] [Times: user=0.03 sys=0.00, real=0.01 secs] 
2014-07-08T02:24:09.187+0000: 2289.813: [GC [PSYoungGen: 494642K->544K(593216K)] 729033K->235023K(1280192K), 0.0115190 secs] [Times: user=0.03 sys=0.00, real=0.01 secs] 
2014-07-08T02:24:10.392+0000: 2291.018: [GC [PSYoungGen: 593184K->818K(572864K)] 827663K->235361K(1259840K), 0.0060090 secs] [Times: user=0.02 sys=0.00, real=0.00 secs] 
2014-07-08T02:24:11.621+0000: 2292.247: [GC [PSYoungGen: 572850K->808K(553152K)] 807393K->235447K(1240128K), 0.0115010 secs] [Times: user=0.04 sys=0.00, real=0.02 secs] 
2014-07-08T02:24:12.571+0000: 2293.197: [GC [PSYoungGen: 553128K->256K(533760K)] 787767K->234983K(1220736K), 0.0118420 secs] [Times: user=0.04 sys=0.00, real=0.02 secs] 
2014-07-08T02:24:13.629+0000: 2294.255: [GC [PSYoungGen: 533739K->598K(640896K)] 768466K->235373K(1327872K), 0.0196770 secs] [Times: user=0.07 sys=0.00, real=0.02 secs] 
2014-07-08T02:24:14.774+0000: 2295.400: [GC [PSYoungGen: 640854K->338K(617856K)] 875629K->235161K(1304832K), 0.0045530 secs] [Times: user=0.01 sys=0.00, real=0.00 secs] 
2014-07-08T02:24:16.004+0000: 2296.630: [GC [PSYoungGen: 617800K->612K(741632K)] 852623K->235491K(1428608K), 0.0305870 secs] [Times: user=0.12 sys=0.00, real=0.03 secs] 
2014-07-08T02:24:18.179+0000: 2298.805: [GC [PSYoungGen: 741604K->946K(890176K)] 976483K->235953K(1577152K), 0.0076160 secs] [Times: user=0.02 sys=0.00, real=0.01 secs] 
2014-07-08T02:24:21.065+0000: 2301.691: [GC [PSYoungGen: 890095K->872K(1067968K)] 1125102K->236679K(1754944K), 0.0261340 secs] [Times: user=0.10 sys=0.01, real=0.02 secs] 
2014-07-08T02:24:24.266+0000: 2304.892: [GC [PSYoungGen: 1067944K->946K(1025088K)] 1303751K->237041K(1712064K), 0.0064140 secs] [Times: user=0.02 sys=0.00, real=0.00 secs] 
2014-07-08T02:24:26.587+0000: 2307.213: [GC [PSYoungGen: 1025074K->822K(984064K)] 1261169K->237253K(1671040K), 0.0088590 secs] [Times: user=0.03 sys=0.00, real=0.01 secs] 
2014-07-08T02:24:28.259+0000: 2308.885: [GC [PSYoungGen: 984054K->740K(945088K)] 1220485K->237403K(1632064K), 0.0200490 secs] [Times: user=0.07 sys=0.00, real=0.02 secs] 
2014-07-08T02:24:30.152+0000: 2310.778: [GC [PSYoungGen: 945033K->630K(907904K)] 1181696K->237405K(1594880K), 0.0053250 secs] [Times: user=0.01 sys=0.00, real=0.01 secs] 
2014-07-08T02:24:31.878+0000: 2312.504: [GC [PSYoungGen: 907894K->644K(1089472K)] 1144669K->237579K(1776448K), 0.0373500 secs] [Times: user=0.13 sys=0.00, real=0.04 secs] 
2014-07-08T02:24:33.926+0000: 2314.552: [GC [PSYoungGen: 1089412K->534K(1045376K)] 1326347K->237581K(1732352K), 0.0073730 secs] [Times: user=0.02 sys=0.00, real=0.00 secs] 
2014-07-08T02:24:35.920+0000: 2316.546: [GC [PSYoungGen: 1045254K->562K(1003520K)] 1282301K->237713K(1690496K), 0.0067920 secs] [Times: user=0.01 sys=0.00, real=0.01 secs] 
2014-07-08T02:24:38.020+0000: 2318.646: [GC [PSYoungGen: 1003506K->1114K(1204736K)] 1240657K->238441K(1891712K), 0.0482730 secs] [Times: user=0.16 sys=0.00, real=0.05 secs] 
2014-07-08T02:24:40.677+0000: 2321.303: [GC [PSYoungGen: 1204698K->1398K(1155456K)] 1442025K->238917K(1842432K), 0.0138830 secs] [Times: user=0.05 sys=0.00, real=0.01 secs] 
2014-07-08T02:24:43.600+0000: 2324.226: [GC [PSYoungGen: 1155446K->320K(1107200K)] 1392965K->238361K(1794176K), 0.0189630 secs] [Times: user=0.08 sys=0.01, real=0.02 secs] 
2014-07-08T02:24:45.491+0000: 2326.117: [GC [PSYoungGen: 1107198K->644K(1062720K)] 1345240K->238933K(1749696K), 0.0126320 secs] [Times: user=0.05 sys=0.00, real=0.01 secs] 
2014-07-08T02:24:47.546+0000: 2328.172: [GC [PSYoungGen: 1062660K->722K(1020096K)] 1300949K->239187K(1707072K), 0.0071490 secs] [Times: user=0.02 sys=0.00, real=0.01 secs] 
2014-07-08T02:24:50.142+0000: 2330.768: [GC [PSYoungGen: 1020002K->896K(979584K)] 1258468K->239497K(1666560K), 0.0123440 secs] [Times: user=0.01 sys=0.00, real=0.01 secs] 
2014-07-08T02:24:51.905+0000: 2332.531: [GC [PSYoungGen: 979566K->790K(940800K)] 1218168K->239655K(1627776K), 0.0218200 secs] [Times: user=0.09 sys=0.00, real=0.02 secs] 
2014-07-08T02:24:53.651+0000: 2334.277: [GC [PSYoungGen: 940758K->434K(903552K)] 1179623K->239387K(1590528K), 0.0061070 secs] [Times: user=0.01 sys=0.00, real=0.00 secs] 
2014-07-08T02:24:55.515+0000: 2336.141: [GC [PSYoungGen: 903534K->598K(868672K)] 1142487K->239623K(1555648K), 0.0366510 secs] [Times: user=0.13 sys=0.00, real=0.04 secs] 
2014-07-08T02:24:57.311+0000: 2337.937: [GC [PSYoungGen: 868630K->1042K(835712K)] 1107655K->240227K(1522688K), 0.0113100 secs] [Times: user=0.04 sys=0.00, real=0.01 secs] 
2014-07-08T02:24:59.323+0000: 2339.949: [GC [PSYoungGen: 835666K->736K(803520K)] 1074851K->240073K(1490496K), 0.0168780 secs] [Times: user=0.06 sys=0.00, real=0.02 secs] 
2014-07-08T02:25:00.718+0000: 2341.344: [GC [PSYoungGen: 803488K->466K(963840K)] 1042825K->240003K(1650816K), 0.0193160 secs] [Times: user=0.06 sys=0.00, real=0.02 secs] 
2014-07-08T02:25:02.936+0000: 2343.562: [GC [PSYoungGen: 963794K->858K(1156928K)] 1203331K->240459K(1843904K), 0.0326870 secs] [Times: user=0.11 sys=0.00, real=0.04 secs] 
2014-07-08T02:25:05.180+0000: 2345.806: [GC [PSYoungGen: 1156890K->676K(1109504K)] 1396491K->240469K(1796480K), 0.0145910 secs] [Times: user=0.05 sys=0.01, real=0.01 secs] 
2014-07-08T02:25:08.072+0000: 2348.698: [GC [PSYoungGen: 1109475K->1142K(1065024K)] 1349268K->241087K(1752000K), 0.0138490 secs] [Times: user=0.05 sys=0.00, real=0.01 secs] 
2014-07-08T02:25:11.163+0000: 2351.789: [GC [PSYoungGen: 1064989K->1266K(1022336K)] 1304935K->241507K(1709312K), 0.0079430 secs] [Times: user=0.02 sys=0.00, real=0.01 secs] 
2014-07-08T02:25:13.596+0000: 2354.222: [GC [PSYoungGen: 1022322K->562K(980928K)] 1262563K->241739K(1667904K), 0.0082370 secs] [Times: user=0.02 sys=0.00, real=0.01 secs] 
2014-07-08T02:25:16.355+0000: 2356.981: [GC [PSYoungGen: 980910K->1376K(942976K)] 1222088K->242737K(1629952K), 0.0086060 secs] [Times: user=0.02 sys=0.00, real=0.01 secs] 
2014-07-08T02:25:18.654+0000: 2359.280: [GC [PSYoungGen: 942917K->932K(905600K)] 1184278K->242781K(1592576K), 0.0061240 secs] [Times: user=0.02 sys=0.00, real=0.00 secs] 
2014-07-08T02:25:20.351+0000: 2360.977: [GC [PSYoungGen: 905572K->448K(869888K)] 1147421K->242513K(1556864K), 0.0163310 secs] [Times: user=0.05 sys=0.01, real=0.02 secs] 
2014-07-08T02:25:22.020+0000: 2362.646: [GC [PSYoungGen: 869865K->822K(836800K)] 1111931K->242991K(1523776K), 0.0071200 secs] [Times: user=0.02 sys=0.00, real=0.01 secs] 
2014-07-08T02:25:23.623+0000: 2364.249: [GC [PSYoungGen: 836731K->566K(804608K)] 1078900K->242831K(1491584K), 0.0053070 secs] [Times: user=0.02 sys=0.00, real=0.00 secs] 
2014-07-08T02:25:24.962+0000: 2365.588: [GC [PSYoungGen: 804598K->676K(774336K)] 1046863K->243029K(1461312K), 0.0092610 secs] [Times: user=0.01 sys=0.00, real=0.00 secs] 
2014-07-08T02:25:26.461+0000: 2367.087: [GC [PSYoungGen: 774308K->790K(745472K)] 1016661K->243231K(1432448K), 0.0119570 secs] [Times: user=0.05 sys=0.00, real=0.01 secs] 
2014-07-08T02:25:27.733+0000: 2368.359: [GC [PSYoungGen: 745430K->516K(717568K)] 987871K->243101K(1404544K), 0.0105410 secs] [Times: user=0.04 sys=0.01, real=0.01 secs] 
2014-07-08T02:25:29.102+0000: 2369.728: [GC [PSYoungGen: 717508K->808K(691456K)] 960093K->243513K(1378432K), 0.0082770 secs] [Times: user=0.01 sys=0.00, real=0.01 secs] 
2014-07-08T02:25:30.482+0000: 2371.108: [GC [PSYoungGen: 691432K->748K(666304K)] 934137K->243549K(1353280K), 0.0171440 secs] [Times: user=0.07 sys=0.00, real=0.02 secs] 
2014-07-08T02:25:31.741+0000: 2372.367: [GC [PSYoungGen: 666284K->416K(642048K)] 909085K->243321K(1329024K), 0.0078040 secs] [Times: user=0.01 sys=0.00, real=0.01 secs] 
2014-07-08T02:25:33.043+0000: 2373.669: [GC [PSYoungGen: 642016K->1288K(771264K)] 884921K->244281K(1458240K), 0.0310500 secs] [Times: user=0.11 sys=0.00, real=0.03 secs] 
2014-07-08T02:25:34.589+0000: 2375.215: [GC [PSYoungGen: 771208K->690K(924608K)] 1014201K->243779K(1611584K), 0.0158940 secs] [Times: user=0.05 sys=0.00, real=0.02 secs] 
2014-07-08T02:25:36.408+0000: 2377.034: [GC [PSYoungGen: 924594K->480K(888320K)] 1167683K->243665K(1575296K), 0.0120370 secs] [Times: user=0.02 sys=0.00, real=0.01 secs] 
2014-07-08T02:25:38.321+0000: 2378.947: [GC [PSYoungGen: 888288K->754K(1066176K)] 1131473K->244099K(1753152K), 0.0221990 secs] [Times: user=0.06 sys=0.00, real=0.02 secs] 
2014-07-08T02:25:41.318+0000: 2381.944: [GC [PSYoungGen: 1066162K->1398K(1023936K)] 1309507K->244983K(1710912K), 0.0132530 secs] [Times: user=0.03 sys=0.00, real=0.01 secs] 
2014-07-08T02:25:44.553+0000: 2385.179: [GC [PSYoungGen: 1023926K->1042K(982784K)] 1267511K->244931K(1669760K), 0.0067030 secs] [Times: user=0.02 sys=0.00, real=0.01 secs] 
2014-07-08T02:25:46.832+0000: 2387.457: [GC [PSYoungGen: 982738K->786K(943680K)] 1226627K->244995K(1630656K), 0.0172040 secs] [Times: user=0.06 sys=0.00, real=0.02 secs] 
2014-07-08T02:25:49.386+0000: 2390.012: [GC [PSYoungGen: 943634K->1014K(906880K)] 1187843K->245463K(1593856K), 0.0167080 secs] [Times: user=0.07 sys=0.00, real=0.02 secs] 
2014-07-08T02:25:50.980+0000: 2391.606: [GC [PSYoungGen: 906870K->548K(871232K)] 1151319K->245269K(1558208K), 0.0068160 secs] [Times: user=0.01 sys=0.00, real=0.01 secs] 
2014-07-08T02:25:52.649+0000: 2393.275: [GC [PSYoungGen: 871204K->708K(837888K)] 1115925K->245525K(1524864K), 0.0113410 secs] [Times: user=0.03 sys=0.00, real=0.01 secs] 
2014-07-08T02:25:54.226+0000: 2394.852: [GC [PSYoungGen: 837826K->712K(805888K)] 1082644K->245617K(1492864K), 0.0085100 secs] [Times: user=0.03 sys=0.00, real=0.01 secs] 
2014-07-08T02:25:55.674+0000: 2396.301: [GC [PSYoungGen: 805830K->562K(775232K)] 1050735K->245531K(1462208K), 0.0081140 secs] [Times: user=0.01 sys=0.00, real=0.01 secs] 
2014-07-08T02:25:57.313+0000: 2397.939: [GC [PSYoungGen: 775218K->672K(746304K)] 1020187K->245761K(1433280K), 0.0058350 secs] [Times: user=0.02 sys=0.00, real=0.01 secs] 
2014-07-08T02:25:59.093+0000: 2399.719: [GC [PSYoungGen: 746272K->854K(718848K)] 991361K->246119K(1405824K), 0.0053100 secs] [Times: user=0.02 sys=0.00, real=0.01 secs] 
2014-07-08T02:26:00.576+0000: 2401.202: [GC [PSYoungGen: 718806K->662K(692288K)] 964071K->246079K(1379264K), 0.0050400 secs] [Times: user=0.01 sys=0.00, real=0.01 secs] 
2014-07-08T02:26:01.777+0000: 2402.403: [GC [PSYoungGen: 692246K->836K(667328K)] 937663K->246373K(1354304K), 0.0140650 secs] [Times: user=0.05 sys=0.00, real=0.02 secs] 
2014-07-08T02:26:03.091+0000: 2403.717: [GC [PSYoungGen: 667268K->530K(643008K)] 912805K->246131K(1329984K), 0.0236740 secs] [Times: user=0.09 sys=0.00, real=0.02 secs] 
2014-07-08T02:26:04.382+0000: 2405.008: [GC [PSYoungGen: 642962K->480K(620032K)] 888563K->246177K(1307008K), 0.0137960 secs] [Times: user=0.05 sys=0.00, real=0.01 secs] 
2014-07-08T02:26:05.417+0000: 2406.043: [GC [PSYoungGen: 620000K->480K(743936K)] 865697K->246249K(1430912K), 0.0226030 secs] [Times: user=0.08 sys=0.00, real=0.03 secs] 
2014-07-08T02:26:06.959+0000: 2407.585: [GC [PSYoungGen: 743904K->548K(892736K)] 989673K->246389K(1579712K), 0.0062560 secs] [Times: user=0.01 sys=0.00, real=0.00 secs] 
2014-07-08T02:26:08.730+0000: 2409.356: [GC [PSYoungGen: 892701K->790K(858432K)] 1138543K->246783K(1545408K), 0.0057590 secs] [Times: user=0.02 sys=0.01, real=0.00 secs] 
2014-07-08T02:26:10.467+0000: 2411.093: [GC [PSYoungGen: 858390K->434K(825088K)] 1104383K->246547K(1512064K), 0.0055750 secs] [Times: user=0.02 sys=0.00, real=0.01 secs] 
2014-07-08T02:26:12.702+0000: 2413.328: [GC [PSYoungGen: 825074K->982K(794304K)] 1071187K->247207K(1481280K), 0.0310740 secs] [Times: user=0.11 sys=0.00, real=0.03 secs] 
2014-07-08T02:26:14.580+0000: 2415.206: [GC [PSYoungGen: 794262K->800K(764224K)] 1040487K->247281K(1451200K), 0.0196010 secs] [Times: user=0.07 sys=0.00, real=0.02 secs] 
2014-07-08T02:26:16.210+0000: 2416.836: [GC [PSYoungGen: 764156K->644K(735616K)] 1010637K->247237K(1422592K), 0.0088950 secs] [Times: user=0.03 sys=0.00, real=0.00 secs] 
2014-07-08T02:26:17.725+0000: 2418.351: [GC [PSYoungGen: 735551K->644K(708416K)] 982144K->247421K(1395392K), 0.0091280 secs] [Times: user=0.02 sys=0.00, real=0.01 secs] 
2014-07-08T02:26:19.464+0000: 2420.090: [GC [PSYoungGen: 708355K->914K(682752K)] 955133K->247827K(1369728K), 0.0257070 secs] [Times: user=0.07 sys=0.00, real=0.02 secs] 
2014-07-08T02:26:21.438+0000: 2422.064: [GC [PSYoungGen: 682706K->1188K(819392K)] 929619K->248373K(1506368K), 0.0366180 secs] [Times: user=0.14 sys=0.00, real=0.04 secs] 
2014-07-08T02:26:23.834+0000: 2424.460: [GC [PSYoungGen: 819364K->320K(982144K)] 1066549K->247993K(1669120K), 0.0256480 secs] [Times: user=0.09 sys=0.00, real=0.02 secs] 
2014-07-08T02:26:26.609+0000: 2427.235: [GC [PSYoungGen: 982144K->1252K(944256K)] 1229817K->249149K(1631232K), 0.0065660 secs] [Times: user=0.02 sys=0.00, real=0.01 secs] 
2014-07-08T02:26:29.487+0000: 2430.113: [GC [PSYoungGen: 944228K->1280K(907264K)] 1192125K->249609K(1594240K), 0.0282020 secs] [Times: user=0.11 sys=0.00, real=0.03 secs] 
2014-07-08T02:26:32.210+0000: 2432.836: [GC [PSYoungGen: 907264K->1476K(872256K)] 1155593K->250109K(1559232K), 0.0182530 secs] [Times: user=0.07 sys=0.00, real=0.02 secs] 
2014-07-08T02:26:33.841+0000: 2434.467: [GC [PSYoungGen: 872196K->790K(1045696K)] 1120829K->249711K(1732672K), 0.0282770 secs] [Times: user=0.10 sys=0.00, real=0.03 secs] 
2014-07-08T02:26:35.671+0000: 2436.297: [GC [PSYoungGen: 1045654K->726K(1003776K)] 1294575K->249751K(1690752K), 0.0057940 secs] [Times: user=0.02 sys=0.00, real=0.01 secs] 
2014-07-08T02:26:37.637+0000: 2438.263: [GC [PSYoungGen: 1003734K->1302K(1204992K)] 1252759K->250479K(1891968K), 0.0406340 secs] [Times: user=0.15 sys=0.00, real=0.04 secs] 
2014-07-08T02:26:39.961+0000: 2440.587: [GC [PSYoungGen: 1204950K->864K(1401792K)] 1454127K->250217K(2088768K), 0.0264600 secs] [Times: user=0.09 sys=0.01, real=0.03 secs] 
2014-07-08T02:26:42.523+0000: 2443.149: [GC [PSYoungGen: 1400800K->694K(1446272K)] 1650153K->250223K(2133248K), 0.0147690 secs] [Times: user=0.05 sys=0.00, real=0.02 secs] 
2014-07-08T02:26:45.532+0000: 2446.158: [GC [PSYoungGen: 1445174K->1088K(1384320K)] 1694703K->250761K(2071296K), 0.0086740 secs] [Times: user=0.02 sys=0.00, real=0.01 secs] 
2014-07-08T02:26:49.541+0000: 2450.167: [GC [PSYoungGen: 1384320K->690K(1325696K)] 1633993K->251163K(2012672K), 0.0121740 secs] [Times: user=0.02 sys=0.00, real=0.01 secs] 
2014-07-08T02:26:53.470+0000: 2454.096: [GC [PSYoungGen: 1325682K->1316K(1270912K)] 1576155K->252221K(1957888K), 0.0095810 secs] [Times: user=0.02 sys=0.00, real=0.01 secs] 
2014-07-08T02:26:56.653+0000: 2457.279: [GC [PSYoungGen: 1270884K->850K(1217728K)] 1521789K->252227K(1904704K), 0.0235930 secs] [Times: user=0.08 sys=0.00, real=0.03 secs] 
2014-07-08T02:26:59.602+0000: 2460.228: [GC [PSYoungGen: 1217682K->964K(1167680K)] 1469059K->252653K(1854656K), 0.0088830 secs] [Times: user=0.02 sys=0.00, real=0.01 secs] 
2014-07-08T02:27:02.806+0000: 2463.432: [GC [PSYoungGen: 1167620K->946K(1119872K)] 1419309K->252939K(1806848K), 0.0196990 secs] [Times: user=0.07 sys=0.00, real=0.02 secs] 
2014-07-08T02:27:04.908+0000: 2465.534: [GC [PSYoungGen: 1119858K->512K(1073984K)] 1371851K->252777K(1760960K), 0.0286880 secs] [Times: user=0.10 sys=0.00, real=0.02 secs] 
2014-07-08T02:27:07.012+0000: 2467.638: [GC [PSYoungGen: 1073983K->712K(1030976K)] 1326248K->253105K(1717952K), 0.0140740 secs] [Times: user=0.04 sys=0.00, real=0.01 secs] 
2014-07-08T02:27:08.876+0000: 2469.502: [GC [PSYoungGen: 1030920K->626K(989696K)] 1283313K->253203K(1676672K), 0.0216240 secs] [Times: user=0.08 sys=0.01, real=0.03 secs] 
2014-07-08T02:27:10.737+0000: 2471.363: [GC [PSYoungGen: 989682K->1110K(951040K)] 1242259K->253799K(1638016K), 0.0066100 secs] [Times: user=0.02 sys=0.00, real=0.01 secs] 
2014-07-08T02:27:13.568+0000: 2474.194: [GC [PSYoungGen: 950998K->1348K(913984K)] 1203687K->254165K(1600960K), 0.0111410 secs] [Times: user=0.02 sys=0.00, real=0.02 secs] 
2014-07-08T02:27:15.309+0000: 2475.935: [GC [PSYoungGen: 913924K->726K(877824K)] 1166741K->253879K(1564800K), 0.0085410 secs] [Times: user=0.01 sys=0.00, real=0.00 secs] 
2014-07-08T02:27:16.929+0000: 2477.555: [GC [PSYoungGen: 877782K->626K(843840K)] 1130935K->253915K(1530816K), 0.0277180 secs] [Times: user=0.10 sys=0.00, real=0.02 secs] 
2014-07-08T02:27:18.453+0000: 2479.079: [GC [PSYoungGen: 843826K->786K(811776K)] 1097115K->254203K(1498752K), 0.0072340 secs] [Times: user=0.02 sys=0.01, real=0.01 secs] 
2014-07-08T02:27:19.904+0000: 2480.530: [GC [PSYoungGen: 811730K->484K(780736K)] 1065147K->254005K(1467712K), 0.0050550 secs] [Times: user=0.01 sys=0.01, real=0.00 secs] 
2014-07-08T02:27:21.713+0000: 2482.339: [GC [PSYoungGen: 780708K->900K(751872K)] 1034229K->254525K(1438848K), 0.0073290 secs] [Times: user=0.02 sys=0.00, real=0.01 secs] 
2014-07-08T02:27:23.229+0000: 2483.855: [GC [PSYoungGen: 751812K->882K(723904K)] 1005437K->254667K(1410880K), 0.0062390 secs] [Times: user=0.02 sys=0.00, real=0.01 secs] 
2014-07-08T02:27:24.637+0000: 2485.263: [GC [PSYoungGen: 723870K->882K(868544K)] 977656K->254779K(1555520K), 0.0389910 secs] [Times: user=0.14 sys=0.00, real=0.04 secs] 
2014-07-08T02:27:26.914+0000: 2487.540: [GC [PSYoungGen: 868530K->1142K(835392K)] 1122427K->255127K(1522368K), 0.0058070 secs] [Times: user=0.02 sys=0.00, real=0.00 secs] 
2014-07-08T02:27:29.297+0000: 2489.923: [GC [PSYoungGen: 835382K->946K(803392K)] 1089367K->255267K(1490368K), 0.0165260 secs] [Times: user=0.06 sys=0.00, real=0.02 secs] 
2014-07-08T02:27:31.267+0000: 2491.893: [GC [PSYoungGen: 803378K->736K(772864K)] 1057699K->255353K(1459840K), 0.0075890 secs] [Times: user=0.02 sys=0.00, real=0.01 secs] 
2014-07-08T02:27:33.136+0000: 2493.762: [GC [PSYoungGen: 772832K->818K(744000K)] 1027449K->255651K(1430976K), 0.0238100 secs] [Times: user=0.08 sys=0.00, real=0.02 secs] 
2014-07-08T02:27:34.780+0000: 2495.406: [GC [PSYoungGen: 743986K->776K(716416K)] 998819K->255753K(1403392K), 0.0209390 secs] [Times: user=0.07 sys=0.00, real=0.02 secs] 
2014-07-08T02:27:36.176+0000: 2496.802: [GC [PSYoungGen: 716360K->964K(690304K)] 971337K->256061K(1377280K), 0.0138640 secs] [Times: user=0.05 sys=0.00, real=0.01 secs] 
2014-07-08T02:27:37.930+0000: 2498.556: [GC [PSYoungGen: 690244K->1252K(665536K)] 945341K->256493K(1352512K), 0.0069040 secs] [Times: user=0.02 sys=0.00, real=0.01 secs] 
2014-07-08T02:27:40.023+0000: 2500.649: [GC [PSYoungGen: 665504K->690K(797824K)] 920746K->256795K(1484800K), 0.0353520 secs] [Times: user=0.12 sys=0.01, real=0.03 secs] 
2014-07-08T02:27:42.524+0000: 2503.150: [GC [PSYoungGen: 797810K->1206K(768256K)] 1053915K->257543K(1455232K), 0.0075110 secs] [Times: user=0.02 sys=0.00, real=0.00 secs] 
2014-07-08T02:27:43.924+0000: 2504.550: [GC [PSYoungGen: 768246K->662K(739072K)] 1024583K->257391K(1426048K), 0.0177020 secs] [Times: user=0.05 sys=0.00, real=0.02 secs] 
2014-07-08T02:27:45.486+0000: 2506.112: [GC [PSYoungGen: 739026K->1214K(887296K)] 995756K->258047K(1574272K), 0.0330080 secs] [Times: user=0.11 sys=0.00, real=0.03 secs] 
2014-07-08T02:27:47.113+0000: 2507.739: [GC [PSYoungGen: 887294K->658K(852480K)] 1144127K->257611K(1539456K), 0.0047870 secs] [Times: user=0.02 sys=0.00, real=0.01 secs] 
2014-07-08T02:27:49.322+0000: 2509.948: [GC [PSYoungGen: 852434K->1170K(820352K)] 1109387K->258275K(1507328K), 0.0095590 secs] [Times: user=0.02 sys=0.00, real=0.01 secs] 
2014-07-08T02:27:50.916+0000: 2511.542: [GC [PSYoungGen: 820306K->972K(789056K)] 1077411K->258325K(1476032K), 0.0094110 secs] [Times: user=0.03 sys=0.00, real=0.01 secs] 
2014-07-08T02:27:52.309+0000: 2512.935: [GC [PSYoungGen: 789001K->452K(946176K)] 1046355K->257909K(1633152K), 0.0238520 secs] [Times: user=0.09 sys=0.00, real=0.02 secs] 
2014-07-08T02:27:54.356+0000: 2514.982: [GC [PSYoungGen: 946074K->758K(909312K)] 1203532K->258303K(1596288K), 0.0181940 secs] [Times: user=0.06 sys=0.00, real=0.01 secs] 
2014-07-08T02:27:55.989+0000: 2516.615: [GC [PSYoungGen: 909302K->1042K(1091392K)] 1166847K->258707K(1778368K), 0.0227750 secs] [Times: user=0.08 sys=0.00, real=0.02 secs] 
2014-07-08T02:27:59.001+0000: 2519.627: [GC [PSYoungGen: 1091346K->1348K(1047680K)] 1349011K->259165K(1734656K), 0.0225670 secs] [Times: user=0.07 sys=0.00, real=0.02 secs] 
2014-07-08T02:28:01.707+0000: 2522.333: [GC [PSYoungGen: 1047620K->758K(1005120K)] 1305437K->258935K(1692096K), 0.0089550 secs] [Times: user=0.01 sys=0.00, real=0.00 secs] 
2014-07-08T02:28:03.451+0000: 2524.077: [GC [PSYoungGen: 1005110K->850K(965312K)] 1263287K->259275K(1652288K), 0.0258280 secs] [Times: user=0.09 sys=0.00, real=0.02 secs] 
2014-07-08T02:28:05.375+0000: 2526.001: [GC [PSYoungGen: 965266K->712K(1158080K)] 1223691K->259209K(1845056K), 0.0263260 secs] [Times: user=0.10 sys=0.00, real=0.03 secs] 
2014-07-08T02:28:07.431+0000: 2528.057: [GC [PSYoungGen: 1158024K->708K(1110784K)] 1416521K->259349K(1797760K), 0.0115290 secs] [Times: user=0.04 sys=0.00, real=0.01 secs] 
2014-07-08T02:28:09.997+0000: 2530.623: [GC [PSYoungGen: 1110724K->704K(1065728K)] 1369365K->259489K(1752704K), 0.0058520 secs] [Times: user=0.01 sys=0.00, real=0.01 secs] 
2014-07-08T02:28:12.386+0000: 2533.012: [GC [PSYoungGen: 1065728K->1220K(1023488K)] 1324513K->260237K(1710464K), 0.0088280 secs] [Times: user=0.02 sys=0.00, real=0.01 secs] 
2014-07-08T02:28:14.284+0000: 2534.910: [GC [PSYoungGen: 1023428K->1042K(982528K)] 1282445K->260259K(1669504K), 0.0087840 secs] [Times: user=0.02 sys=0.01, real=0.01 secs] 
2014-07-08T02:28:16.588+0000: 2537.214: [GC [PSYoungGen: 982482K->868K(943488K)] 1241699K->260205K(1630464K), 0.0057060 secs] [Times: user=0.02 sys=0.01, real=0.01 secs] 
2014-07-08T02:28:18.832+0000: 2539.458: [GC [PSYoungGen: 943452K->1032K(906688K)] 1202790K->260625K(1593664K), 0.0087280 secs] [Times: user=0.02 sys=0.00, real=0.01 secs] 
2014-07-08T02:28:21.347+0000: 2541.973: [GC [PSYoungGen: 906600K->950K(871360K)] 1166194K->260743K(1558336K), 0.0275230 secs] [Times: user=0.11 sys=0.00, real=0.03 secs] 
2014-07-08T02:28:23.686+0000: 2544.312: [GC [PSYoungGen: 871350K->1266K(838144K)] 1131143K->261331K(1525120K), 0.0129390 secs] [Times: user=0.04 sys=0.00, real=0.01 secs] 
2014-07-08T02:28:25.915+0000: 2546.541: [GC [PSYoungGen: 838130K->740K(805696K)] 1098195K->261317K(1492672K), 0.0060130 secs] [Times: user=0.02 sys=0.00, real=0.01 secs] 
2014-07-08T02:28:27.860+0000: 2548.486: [GC [PSYoungGen: 805668K->896K(775360K)] 1066245K->261713K(1462336K), 0.0258510 secs] [Times: user=0.09 sys=0.01, real=0.02 secs] 
2014-07-08T02:28:29.685+0000: 2550.311: [GC [PSYoungGen: 775360K->900K(746432K)] 1036177K->262013K(1433408K), 0.0092410 secs] [Times: user=0.02 sys=0.00, real=0.01 secs] 
2014-07-08T02:28:31.336+0000: 2551.962: [GC [PSYoungGen: 746372K->812K(718656K)] 1007485K->262085K(1405632K), 0.0113710 secs] [Times: user=0.02 sys=0.00, real=0.01 secs] 
2014-07-08T02:28:32.471+0000: 2553.097: [GC [PSYoungGen: 718633K->498K(691968K)] 979907K->261899K(1378944K), 0.0053920 secs] [Times: user=0.01 sys=0.00, real=0.00 secs] 
2014-07-08T02:28:33.733+0000: 2554.359: [GC [PSYoungGen: 691954K->512K(666816K)] 953355K->261977K(1353792K), 0.0120270 secs] [Times: user=0.03 sys=0.00, real=0.01 secs] 
2014-07-08T02:28:35.027+0000: 2555.653: [GC [PSYoungGen: 666771K->662K(643008K)] 928236K->262183K(1329984K), 0.0109660 secs] [Times: user=0.03 sys=0.00, real=0.01 secs] 
2014-07-08T02:28:36.228+0000: 2556.854: [GC [PSYoungGen: 642966K->498K(619904K)] 904487K->262131K(1306880K), 0.0146920 secs] [Times: user=0.06 sys=0.00, real=0.02 secs] 
2014-07-08T02:28:37.363+0000: 2557.990: [GC [PSYoungGen: 619868K->548K(743872K)] 881502K->262293K(1430848K), 0.0307270 secs] [Times: user=0.11 sys=0.00, real=0.03 secs] 
2014-07-08T02:28:38.840+0000: 2559.466: [GC [PSYoungGen: 743844K->964K(892992K)] 1005589K->262837K(1579968K), 0.0073740 secs] [Times: user=0.01 sys=0.01, real=0.01 secs] 
2014-07-08T02:28:40.384+0000: 2561.010: [GC [PSYoungGen: 892925K->548K(1070976K)] 1154798K->262525K(1757952K), 0.0181760 secs] [Times: user=0.06 sys=0.00, real=0.02 secs] 
2014-07-08T02:28:42.286+0000: 2562.912: [GC [PSYoungGen: 1070948K->744K(1028096K)] 1332925K->262833K(1715072K), 0.0085710 secs] [Times: user=0.02 sys=0.00, real=0.01 secs] 
2014-07-08T02:28:44.321+0000: 2564.947: [GC [PSYoungGen: 1028070K->1220K(987584K)] 1290160K->263429K(1674560K), 0.0118470 secs] [Times: user=0.04 sys=0.00, real=0.02 secs] 
2014-07-08T02:28:46.636+0000: 2567.262: [GC [PSYoungGen: 987524K->1302K(948608K)] 1249733K->263631K(1635584K), 0.0068820 secs] [Times: user=0.02 sys=0.01, real=0.00 secs] 
2014-07-08T02:28:49.350+0000: 2569.976: [GC [PSYoungGen: 948566K->498K(910592K)] 1210895K->263899K(1597568K), 0.0070980 secs] [Times: user=0.02 sys=0.00, real=0.01 secs] 
2014-07-08T02:28:52.051+0000: 2572.677: [GC [PSYoungGen: 910578K->1120K(875776K)] 1173979K->264841K(1562752K), 0.0069260 secs] [Times: user=0.02 sys=0.00, real=0.01 secs] 
2014-07-08T02:28:54.820+0000: 2575.446: [GC [PSYoungGen: 875744K->1142K(842048K)] 1139465K->265255K(1529024K), 0.0290840 secs] [Times: user=0.11 sys=0.00, real=0.03 secs] 
2014-07-08T02:28:56.387+0000: 2577.013: [GC [PSYoungGen: 842038K->726K(809536K)] 1106151K->265047K(1496512K), 0.0230370 secs] [Times: user=0.08 sys=0.00, real=0.02 secs] 
2014-07-08T02:28:58.074+0000: 2578.700: [GC [PSYoungGen: 809494K->1032K(779200K)] 1073815K->265521K(1466176K), 0.0065580 secs] [Times: user=0.02 sys=0.00, real=0.01 secs] 
2014-07-08T02:28:59.562+0000: 2580.188: [GC [PSYoungGen: 779139K->480K(749440K)] 1043628K->265105K(1436416K), 0.0231090 secs] [Times: user=0.08 sys=0.00, real=0.02 secs] 
2014-07-08T02:29:00.936+0000: 2581.562: [GC [PSYoungGen: 749408K->758K(721856K)] 1014033K->265495K(1408832K), 0.0105760 secs] [Times: user=0.01 sys=0.00, real=0.01 secs] 
2014-07-08T02:29:02.458+0000: 2583.084: [GC [PSYoungGen: 721846K->960K(695488K)] 986583K->265801K(1382464K), 0.0085060 secs] [Times: user=0.02 sys=0.00, real=0.01 secs] 
2014-07-08T02:29:03.987+0000: 2584.613: [GC [PSYoungGen: 695488K->822K(670080K)] 960329K->265791K(1357056K), 0.0054300 secs] [Times: user=0.02 sys=0.01, real=0.00 secs] 
2014-07-08T02:29:05.631+0000: 2586.257: [GC [PSYoungGen: 670070K->1056K(804224K)] 935039K->266129K(1491200K), 0.0431070 secs] [Times: user=0.16 sys=0.00, real=0.04 secs] 
2014-07-08T02:29:08.112+0000: 2588.738: [GC [PSYoungGen: 804192K->1188K(964992K)] 1069265K->266629K(1651968K), 0.0326480 secs] [Times: user=0.11 sys=0.01, real=0.03 secs] 
2014-07-08T02:29:10.910+0000: 2591.536: [GC [PSYoungGen: 964964K->1426K(927232K)] 1230405K->267211K(1614208K), 0.0094750 secs] [Times: user=0.03 sys=0.00, real=0.01 secs] 
2014-07-08T02:29:13.358+0000: 2593.984: [GC [PSYoungGen: 927186K->804K(890432K)] 1192971K->267077K(1577408K), 0.0099170 secs] [Times: user=0.03 sys=0.00, real=0.01 secs] 
2014-07-08T02:29:15.091+0000: 2595.717: [GC [PSYoungGen: 890404K->530K(1068096K)] 1156677K->267003K(1755072K), 0.0325890 secs] [Times: user=0.10 sys=0.00, real=0.03 secs] 
2014-07-08T02:29:17.169+0000: 2597.795: [GC [PSYoungGen: 1068001K->850K(1281920K)] 1334475K->267523K(1968896K), 0.0302160 secs] [Times: user=0.10 sys=0.00, real=0.03 secs] 
2014-07-08T02:29:19.480+0000: 2600.106: [GC [PSYoungGen: 1281821K->1068K(1394496K)] 1548495K->267933K(2081472K), 0.0179810 secs] [Times: user=0.06 sys=0.00, real=0.02 secs] 
2014-07-08T02:29:22.584+0000: 2603.210: [GC [PSYoungGen: 1393772K->954K(1334912K)] 1660637K->267947K(2021888K), 0.0069390 secs] [Times: user=0.02 sys=0.00, real=0.01 secs] 
2014-07-08T02:29:26.337+0000: 2606.963: [GC [PSYoungGen: 1334906K->1640K(1279744K)] 1601899K->268873K(1966720K), 0.0221950 secs] [Times: user=0.08 sys=0.00, real=0.03 secs] 
2014-07-08T02:29:29.826+0000: 2610.452: [GC [PSYoungGen: 1279720K->754K(1225728K)] 1546953K->269099K(1912704K), 0.0309150 secs] [Times: user=0.10 sys=0.00, real=0.03 secs] 
2014-07-08T02:29:33.332+0000: 2613.958: [GC [PSYoungGen: 1225658K->1284K(1175744K)] 1494004K->269965K(1862720K), 0.0107560 secs] [Times: user=0.02 sys=0.00, real=0.01 secs] 
2014-07-08T02:29:36.819+0000: 2617.445: [GC [PSYoungGen: 1175684K->1312K(1127616K)] 1444365K->270481K(1814592K), 0.0267800 secs] [Times: user=0.09 sys=0.01, real=0.03 secs] 
2014-07-08T02:29:39.663+0000: 2620.289: [GC [PSYoungGen: 1127584K->1010K(1081472K)] 1396753K->270539K(1768448K), 0.0156980 secs] [Times: user=0.05 sys=0.00, real=0.01 secs] 
2014-07-08T02:29:42.663+0000: 2623.289: [GC [PSYoungGen: 1081458K->1042K(1037952K)] 1350987K->270867K(1724928K), 0.0134710 secs] [Times: user=0.02 sys=0.00, real=0.01 secs] 
2014-07-08T02:29:44.821+0000: 2625.447: [GC [PSYoungGen: 1037906K->1050K(996480K)] 1307731K->271131K(1683456K), 0.0233250 secs] [Times: user=0.09 sys=0.01, real=0.04 secs] 
2014-07-08T02:29:46.595+0000: 2627.221: [GC [PSYoungGen: 996442K->644K(956608K)] 1266523K->270845K(1643584K), 0.0108050 secs] [Times: user=0.04 sys=0.00, real=0.01 secs] 
2014-07-08T02:29:48.376+0000: 2629.002: [GC [PSYoungGen: 956548K->498K(918784K)] 1226749K->270843K(1605760K), 0.0061470 secs] [Times: user=0.02 sys=0.00, real=0.00 secs] 
2014-07-08T02:29:50.253+0000: 2630.879: [GC [PSYoungGen: 918770K->1206K(883648K)] 1189115K->271695K(1570624K), 0.0345260 secs] [Times: user=0.12 sys=0.00, real=0.03 secs] 
2014-07-08T02:29:52.794+0000: 2633.420: [GC [PSYoungGen: 883638K->1206K(849536K)] 1154127K->271839K(1536512K), 0.0182910 secs] [Times: user=0.06 sys=0.00, real=0.01 secs] 
2014-07-08T02:29:54.735+0000: 2635.361: [GC [PSYoungGen: 849526K->858K(816704K)] 1120159K->271819K(1503680K), 0.0225030 secs] [Times: user=0.08 sys=0.00, real=0.02 secs] 
2014-07-08T02:29:56.734+0000: 2637.360: [GC [PSYoungGen: 816666K->928K(979968K)] 1087627K->272017K(1666944K), 0.0260650 secs] [Times: user=0.09 sys=0.01, real=0.02 secs] 
2014-07-08T02:29:58.599+0000: 2639.225: [GC [PSYoungGen: 979936K->708K(941056K)] 1251025K->272077K(1628032K), 0.0067830 secs] [Times: user=0.01 sys=0.00, real=0.01 secs] 
2014-07-08T02:30:00.314+0000: 2640.940: [GC [PSYoungGen: 940996K->840K(1129280K)] 1212365K->272361K(1816256K), 0.0252020 secs] [Times: user=0.09 sys=0.00, real=0.02 secs] 
2014-07-08T02:30:02.440+0000: 2643.066: [GC [PSYoungGen: 1129224K->1046K(1355200K)] 1400745K->272679K(2042176K), 0.0306440 secs] [Times: user=0.11 sys=0.00, real=0.03 secs] 
2014-07-08T02:30:04.889+0000: 2645.515: [GC [PSYoungGen: 1355158K->626K(1297920K)] 1626791K->272395K(1984896K), 0.0150380 secs] [Times: user=0.06 sys=0.00, real=0.01 secs] 
2014-07-08T02:30:07.569+0000: 2648.195: [GC [PSYoungGen: 1297904K->900K(1244160K)] 1569674K->272797K(1931136K), 0.0120410 secs] [Times: user=0.02 sys=0.00, real=0.01 secs] 
2014-07-08T02:30:09.939+0000: 2650.565: [GC [PSYoungGen: 1244098K->818K(1192576K)] 1515996K->272971K(1879552K), 0.0126960 secs] [Times: user=0.05 sys=0.00, real=0.01 secs] 
2014-07-08T02:30:12.589+0000: 2653.215: [GC [PSYoungGen: 1192562K->982K(1143808K)] 1464715K->273287K(1830784K), 0.0058720 secs] [Times: user=0.02 sys=0.00, real=0.00 secs] 
2014-07-08T02:30:15.774+0000: 2656.400: [GC [PSYoungGen: 1143766K->864K(1097088K)] 1416071K->273353K(1784064K), 0.0276890 secs] [Times: user=0.10 sys=0.00, real=0.03 secs] 
2014-07-08T02:30:17.723+0000: 2658.349: [GC [PSYoungGen: 1097056K->598K(1052480K)] 1369545K->273447K(1739456K), 0.0090660 secs] [Times: user=0.02 sys=0.00, real=0.01 secs] 
2014-07-08T02:30:19.844+0000: 2660.470: [GC [PSYoungGen: 1052349K->530K(1010176K)] 1325198K->273515K(1697152K), 0.0375870 secs] [Times: user=0.14 sys=0.00, real=0.04 secs] 
2014-07-08T02:30:21.719+0000: 2662.345: [GC [PSYoungGen: 1010130K->562K(969984K)] 1283115K->273699K(1656960K), 0.0198180 secs] [Times: user=0.07 sys=0.00, real=0.02 secs] 
2014-07-08T02:30:23.460+0000: 2664.086: [GC [PSYoungGen: 969970K->544K(1163904K)] 1243107K->273801K(1850880K), 0.0245880 secs] [Times: user=0.08 sys=0.00, real=0.02 secs] 
2014-07-08T02:30:25.750+0000: 2666.376: [GC [PSYoungGen: 1163872K->1018K(1397056K)] 1437129K->274363K(2084032K), 0.0209130 secs] [Times: user=0.07 sys=0.00, real=0.02 secs] 
2014-07-08T02:30:28.221+0000: 2668.847: [GC [PSYoungGen: 1397050K->978K(1338176K)] 1670395K->274515K(2025152K), 0.0162700 secs] [Times: user=0.05 sys=0.00, real=0.01 secs] 
2014-07-08T02:30:30.915+0000: 2671.541: [GC [PSYoungGen: 1338078K->804K(1281984K)] 1611616K->274525K(1968960K), 0.0089810 secs] [Times: user=0.03 sys=0.00, real=0.01 secs] 
2014-07-08T02:30:33.371+0000: 2673.997: [GC [PSYoungGen: 1281955K->466K(1228352K)] 1555676K->274379K(1915328K), 0.0303120 secs] [Times: user=0.11 sys=0.00, real=0.03 secs] 
2014-07-08T02:30:35.710+0000: 2676.336: [GC [PSYoungGen: 1228306K->818K(1177984K)] 1502219K->274859K(1864960K), 0.0088400 secs] [Times: user=0.02 sys=0.00, real=0.01 secs] 
2014-07-08T02:30:38.789+0000: 2679.415: [GC [PSYoungGen: 1177970K->1376K(1130304K)] 1452011K->275561K(1817280K), 0.0104150 secs] [Times: user=0.04 sys=0.01, real=0.01 secs] 
2014-07-08T02:30:41.071+0000: 2681.697: [GC [PSYoungGen: 1130272K->630K(1083584K)] 1404457K->275287K(1770560K), 0.0132400 secs] [Times: user=0.04 sys=0.01, real=0.01 secs] 
2014-07-08T02:30:43.325+0000: 2683.951: [GC [PSYoungGen: 1083549K->562K(1039808K)] 1358207K->275371K(1726784K), 0.0101660 secs] [Times: user=0.01 sys=0.01, real=0.01 secs] 
2014-07-08T02:30:45.225+0000: 2685.851: [GC [PSYoungGen: 1039794K->420K(998080K)] 1314603K->275373K(1685056K), 0.0064700 secs] [Times: user=0.02 sys=0.00, real=0.01 secs] 
2014-07-08T02:30:47.238+0000: 2687.864: [GC [PSYoungGen: 998052K->544K(958592K)] 1273005K->275625K(1645568K), 0.0145790 secs] [Times: user=0.05 sys=0.00, real=0.02 secs] 
2014-07-08T02:30:49.341+0000: 2689.967: [GC [PSYoungGen: 958560K->1210K(921536K)] 1233641K->276459K(1608512K), 0.0212910 secs] [Times: user=0.07 sys=0.01, real=0.03 secs] 
2014-07-08T02:30:51.928+0000: 2692.554: [GC [PSYoungGen: 921530K->1330K(885760K)] 1196779K->276723K(1572736K), 0.0102400 secs] [Times: user=0.02 sys=0.01, real=0.01 secs] 
2014-07-08T02:30:54.232+0000: 2694.858: [GC [PSYoungGen: 885674K->694K(850880K)] 1161067K->276879K(1537856K), 0.0105400 secs] [Times: user=0.03 sys=0.00, real=0.01 secs] 
2014-07-08T02:30:56.934+0000: 2697.560: [GC [PSYoungGen: 850870K->1494K(819136K)] 1127055K->277871K(1506112K), 0.0075230 secs] [Times: user=0.02 sys=0.00, real=0.00 secs] 
2014-07-08T02:30:58.811+0000: 2699.437: [GC [PSYoungGen: 819078K->836K(787456K)] 1095456K->277725K(1474432K), 0.0192390 secs] [Times: user=0.06 sys=0.00, real=0.02 secs] 
2014-07-08T02:31:00.756+0000: 2701.382: [GC [PSYoungGen: 787323K->754K(757760K)] 1064212K->277835K(1444736K), 0.0250770 secs] [Times: user=0.09 sys=0.01, real=0.02 secs] 
2014-07-08T02:31:02.581+0000: 2703.207: [GC [PSYoungGen: 757746K->1000K(729792K)] 1034827K->278249K(1416768K), 0.0287690 secs] [Times: user=0.09 sys=0.00, real=0.03 secs] 
2014-07-08T02:31:04.045+0000: 2704.671: [GC [PSYoungGen: 729768K->530K(702464K)] 1007017K->277931K(1389440K), 0.0068100 secs] [Times: user=0.01 sys=0.00, real=0.00 secs] 
2014-07-08T02:31:05.367+0000: 2705.993: [GC [PSYoungGen: 702418K->480K(676736K)] 979819K->277953K(1363712K), 0.0050290 secs] [Times: user=0.01 sys=0.00, real=0.00 secs] 
2014-07-08T02:31:06.605+0000: 2707.231: [GC [PSYoungGen: 676704K->840K(652672K)] 954177K->278417K(1339648K), 0.0062950 secs] [Times: user=0.02 sys=0.01, real=0.00 secs] 
2014-07-08T02:31:07.883+0000: 2708.509: [GC [PSYoungGen: 652555K->736K(629248K)] 930132K->278425K(1316224K), 0.0061090 secs] [Times: user=0.02 sys=0.00, real=0.01 secs] 
2014-07-08T02:31:09.638+0000: 2710.264: [GC [PSYoungGen: 629216K->786K(607040K)] 906905K->278635K(1294016K), 0.0341240 secs] [Times: user=0.13 sys=0.00, real=0.03 secs] 
2014-07-08T02:31:11.403+0000: 2712.029: [GC [PSYoungGen: 606994K->1412K(728960K)] 884843K->279469K(1415936K), 0.0250770 secs] [Times: user=0.07 sys=0.01, real=0.03 secs] 
2014-07-08T02:31:13.584+0000: 2714.210: [GC [PSYoungGen: 728840K->936K(873984K)] 1006898K->279201K(1560960K), 0.0411270 secs] [Times: user=0.14 sys=0.00, real=0.04 secs] 
2014-07-08T02:31:15.344+0000: 2715.970: [GC [PSYoungGen: 873960K->836K(1048576K)] 1152225K->279325K(1735552K), 0.0190600 secs] [Times: user=0.06 sys=0.00, real=0.02 secs] 
2014-07-08T02:31:17.335+0000: 2717.961: [GC [PSYoungGen: 1048443K->772K(1258048K)] 1326933K->279405K(1945024K), 0.0195560 secs] [Times: user=0.07 sys=0.00, real=0.02 secs] 
2014-07-08T02:31:20.728+0000: 2721.354: [GC [PSYoungGen: 1257988K->1106K(1502016K)] 1536621K->279915K(2188992K), 0.0263540 secs] [Times: user=0.09 sys=0.00, real=0.02 secs] 
2014-07-08T02:31:23.699+0000: 2724.325: [GC [PSYoungGen: 1501586K->626K(1437120K)] 1780395K->279771K(2124096K), 0.0065140 secs] [Times: user=0.02 sys=0.00, real=0.00 secs] 
2014-07-08T02:31:26.368+0000: 2726.994: [GC [PSYoungGen: 1437106K->786K(1376448K)] 1716251K->280115K(2063424K), 0.0082180 secs] [Times: user=0.02 sys=0.00, real=0.00 secs] 
2014-07-08T02:31:29.335+0000: 2729.961: [GC [PSYoungGen: 1376402K->886K(1318592K)] 1655731K->280399K(2005568K), 0.0211850 secs] [Times: user=0.08 sys=0.00, real=0.02 secs] 
2014-07-08T02:31:31.790+0000: 2732.416: [GC [PSYoungGen: 1318582K->566K(1263168K)] 1598095K->280335K(1950144K), 0.0210490 secs] [Times: user=0.08 sys=0.00, real=0.02 secs] 
2014-07-08T02:31:34.097+0000: 2734.723: [GC [PSYoungGen: 1263120K->548K(1210752K)] 1542890K->280469K(1897728K), 0.0062680 secs] [Times: user=0.02 sys=0.00, real=0.01 secs] 
2014-07-08T02:31:36.552+0000: 2737.178: [GC [PSYoungGen: 1210676K->758K(1161088K)] 1490597K->280775K(1848064K), 0.0136090 secs] [Times: user=0.04 sys=0.00, real=0.01 secs] 
2014-07-08T02:31:38.816+0000: 2739.442: [GC [PSYoungGen: 1161075K->338K(1113280K)] 1441093K->280539K(1800256K), 0.0427070 secs] [Times: user=0.15 sys=0.00, real=0.04 secs] 
2014-07-08T02:31:41.149+0000: 2741.775: [GC [PSYoungGen: 1113234K->498K(1068288K)] 1393435K->280827K(1755264K), 0.0123460 secs] [Times: user=0.02 sys=0.00, real=0.02 secs] 
2014-07-08T02:31:43.298+0000: 2743.924: [GC [PSYoungGen: 1068274K->594K(1025408K)] 1348603K->281051K(1712384K), 0.0052530 secs] [Times: user=0.01 sys=0.00, real=0.01 secs] 
2014-07-08T02:31:45.452+0000: 2746.078: [GC [PSYoungGen: 1025362K->946K(984832K)] 1305819K->281467K(1671808K), 0.0124530 secs] [Times: user=0.04 sys=0.00, real=0.01 secs] 
2014-07-08T02:31:47.451+0000: 2748.077: [GC [PSYoungGen: 984818K->544K(945472K)] 1265339K->281209K(1632448K), 0.0252160 secs] [Times: user=0.08 sys=0.00, real=0.02 secs] 
2014-07-08T02:31:49.393+0000: 2750.019: [GC [PSYoungGen: 945440K->896K(908672K)] 1226105K->281713K(1595648K), 0.0190530 secs] [Times: user=0.07 sys=0.00, real=0.02 secs] 
2014-07-08T02:31:51.228+0000: 2751.854: [GC [PSYoungGen: 908672K->950K(873408K)] 1189489K->281895K(1560384K), 0.0137700 secs] [Times: user=0.02 sys=0.01, real=0.02 secs] 
2014-07-08T02:31:52.903+0000: 2753.529: [GC [PSYoungGen: 873398K->896K(839680K)] 1154343K->282209K(1526656K), 0.0124820 secs] [Times: user=0.03 sys=0.00, real=0.01 secs] 
2014-07-08T02:31:54.696+0000: 2755.322: [GC [PSYoungGen: 839680K->384K(807104K)] 1120993K->281753K(1494080K), 0.0114120 secs] [Times: user=0.04 sys=0.00, real=0.01 secs] 
2014-07-08T02:31:56.384+0000: 2757.010: [GC [PSYoungGen: 807104K->484K(968576K)] 1088473K->282005K(1655552K), 0.0637460 secs] [Times: user=0.24 sys=0.00, real=0.06 secs] 
2014-07-08T02:31:58.391+0000: 2759.017: [GC [PSYoungGen: 968529K->580K(1162368K)] 1250051K->282269K(1849344K), 0.0072480 secs] [Times: user=0.01 sys=0.00, real=0.01 secs] 
2014-07-08T02:32:00.844+0000: 2761.470: [GC [PSYoungGen: 1162308K->448K(1394560K)] 1443997K->282289K(2081536K), 0.0221340 secs] [Times: user=0.08 sys=0.00, real=0.02 secs] 
2014-07-08T02:32:03.627+0000: 2764.253: [GC [PSYoungGen: 1394560K->530K(1335872K)] 1676401K->282523K(2022848K), 0.0092000 secs] [Times: user=0.02 sys=0.00, real=0.01 secs] 
2014-07-08T02:32:06.459+0000: 2767.085: [GC [PSYoungGen: 1335826K->594K(1280000K)] 1617819K->282683K(1966976K), 0.0091250 secs] [Times: user=0.03 sys=0.00, real=0.01 secs] 
2014-07-08T02:32:08.982+0000: 2769.607: [GC [PSYoungGen: 1279856K->872K(1227072K)] 1561946K->283169K(1914048K), 0.0074220 secs] [Times: user=0.02 sys=0.00, real=0.01 secs] 
2014-07-08T02:32:11.630+0000: 2772.256: [GC [PSYoungGen: 1227048K->726K(1176320K)] 1509345K->283175K(1863296K), 0.0240320 secs] [Times: user=0.08 sys=0.00, real=0.03 secs] 
2014-07-08T02:32:13.969+0000: 2774.595: [GC [PSYoungGen: 1176278K->352K(1127744K)] 1458727K->282969K(1814720K), 0.0257500 secs] [Times: user=0.09 sys=0.00, real=0.02 secs] 
2014-07-08T02:32:16.317+0000: 2776.943: [GC [PSYoungGen: 1127712K->612K(1082176K)] 1410329K->283301K(1769152K), 0.0091870 secs] [Times: user=0.02 sys=0.00, real=0.01 secs] 
2014-07-08T02:32:18.558+0000: 2779.184: [GC [PSYoungGen: 1082099K->598K(1038528K)] 1364789K->283447K(1725504K), 0.0095940 secs] [Times: user=0.02 sys=0.01, real=0.01 secs] 
2014-07-08T02:32:20.654+0000: 2781.280: [GC [PSYoungGen: 1038486K->516K(996928K)] 1321335K->283517K(1683904K), 0.0295230 secs] [Times: user=0.11 sys=0.00, real=0.03 secs] 
2014-07-08T02:32:22.717+0000: 2783.343: [GC [PSYoungGen: 996868K->320K(957120K)] 1279869K->283441K(1644096K), 0.0257590 secs] [Times: user=0.08 sys=0.00, real=0.02 secs] 
2014-07-08T02:32:24.693+0000: 2785.319: [GC [PSYoungGen: 957120K->434K(919616K)] 1240241K->283667K(1606592K), 0.0077760 secs] [Times: user=0.01 sys=0.01, real=0.01 secs] 
2014-07-08T02:32:26.742+0000: 2787.368: [GC [PSYoungGen: 919595K->580K(883968K)] 1202828K->283877K(1570944K), 0.0161150 secs] [Times: user=0.06 sys=0.00, real=0.02 secs] 
2014-07-08T02:32:28.525+0000: 2789.151: [GC [PSYoungGen: 883816K->1078K(850240K)] 1167114K->284623K(1537216K), 0.0081560 secs] [Times: user=0.02 sys=0.00, real=0.01 secs] 
2014-07-08T02:32:30.171+0000: 2790.797: [GC [PSYoungGen: 850181K->484K(817152K)] 1133727K->284125K(1504128K), 0.0055860 secs] [Times: user=0.02 sys=0.00, real=0.00 secs] 
2014-07-08T02:32:31.931+0000: 2792.557: [GC [PSYoungGen: 817121K->402K(786112K)] 1100763K->284123K(1473088K), 0.0107700 secs] [Times: user=0.02 sys=0.00, real=0.01 secs] 
2014-07-08T02:32:33.514+0000: 2794.139: [GC [PSYoungGen: 786039K->690K(756800K)] 1069760K->284523K(1443776K), 0.0059540 secs] [Times: user=0.02 sys=0.00, real=0.01 secs] 
2014-07-08T02:32:35.035+0000: 2795.661: [GC [PSYoungGen: 756786K->370K(728320K)] 1040619K->284267K(1415296K), 0.0169230 secs] [Times: user=0.06 sys=0.00, real=0.02 secs] 
2014-07-08T02:32:36.598+0000: 2797.224: [GC [PSYoungGen: 728299K->288K(701440K)] 1012196K->284273K(1388416K), 0.0137310 secs] [Times: user=0.05 sys=0.00, real=0.01 secs] 
2014-07-08T02:32:38.024+0000: 2798.650: [GC [PSYoungGen: 701408K->288K(675840K)] 985393K->284393K(1362816K), 0.0197690 secs] [Times: user=0.07 sys=0.00, real=0.02 secs] 
2014-07-08T02:32:39.438+0000: 2800.064: [GC [PSYoungGen: 675806K->740K(651840K)] 959911K->284989K(1338816K), 0.0078630 secs] [Times: user=0.01 sys=0.00, real=0.01 secs] 
2014-07-08T02:32:40.854+0000: 2801.480: [GC [PSYoungGen: 651719K->512K(628288K)] 935968K->284825K(1315264K), 0.0185660 secs] [Times: user=0.06 sys=0.00, real=0.02 secs] 
2014-07-08T02:32:42.067+0000: 2802.693: [GC [PSYoungGen: 628288K->288K(753664K)] 912601K->284705K(1440640K), 0.0209070 secs] [Times: user=0.08 sys=0.01, real=0.02 secs] 
2014-07-08T02:32:43.687+0000: 2804.313: [GC [PSYoungGen: 753598K->598K(725952K)] 1038016K->285047K(1412928K), 0.0073580 secs] [Times: user=0.02 sys=0.00, real=0.01 secs] 
2014-07-08T02:32:45.083+0000: 2805.709: [GC [PSYoungGen: 725910K->320K(698880K)] 1010359K->284849K(1385856K), 0.0099310 secs] [Times: user=0.04 sys=0.00, real=0.01 secs] 
2014-07-08T02:32:46.592+0000: 2807.218: [GC [PSYoungGen: 698880K->658K(673792K)] 983409K->285267K(1360768K), 0.0055690 secs] [Times: user=0.01 sys=0.00, real=0.00 secs] 
2014-07-08T02:32:47.951+0000: 2808.577: [GC [PSYoungGen: 673746K->416K(649216K)] 958355K->285161K(1336192K), 0.0209990 secs] [Times: user=0.07 sys=0.00, real=0.02 secs] 
2014-07-08T02:32:49.239+0000: 2809.865: [GC [PSYoungGen: 649184K->612K(779200K)] 933929K->285485K(1466176K), 0.0164050 secs] [Times: user=0.07 sys=0.00, real=0.02 secs] 
2014-07-08T02:32:50.930+0000: 2811.556: [GC [PSYoungGen: 779142K->438K(749824K)] 1064016K->285359K(1436800K), 0.0135660 secs] [Times: user=0.05 sys=0.00, real=0.02 secs] 
2014-07-08T02:32:52.414+0000: 2813.040: [GC [PSYoungGen: 749810K->576K(722112K)] 1034732K->285609K(1409088K), 0.0061240 secs] [Times: user=0.02 sys=0.01, real=0.01 secs] 
2014-07-08T02:32:53.929+0000: 2814.555: [GC [PSYoungGen: 722112K->534K(695552K)] 1007145K->285639K(1382528K), 0.0091690 secs] [Times: user=0.03 sys=0.00, real=0.01 secs] 
2014-07-08T02:32:55.393+0000: 2816.019: [GC [PSYoungGen: 695510K->466K(670144K)] 980615K->285651K(1357120K), 0.0054670 secs] [Times: user=0.01 sys=0.00, real=0.00 secs] 
2014-07-08T02:32:56.780+0000: 2817.406: [GC [PSYoungGen: 670098K->498K(646016K)] 955283K->285803K(1332992K), 0.0226070 secs] [Times: user=0.09 sys=0.00, real=0.03 secs] 
2014-07-08T02:32:57.982+0000: 2818.608: [GC [PSYoungGen: 646002K->338K(775040K)] 931307K->285747K(1462016K), 0.0246130 secs] [Times: user=0.08 sys=0.00, real=0.02 secs] 
2014-07-08T02:32:59.677+0000: 2820.303: [GC [PSYoungGen: 774994K->562K(930176K)] 1060403K->286043K(1617152K), 0.0158970 secs] [Times: user=0.05 sys=0.00, real=0.02 secs] 
2014-07-08T02:33:01.578+0000: 2822.204: [GC [PSYoungGen: 930096K->594K(893888K)] 1215578K->286195K(1580864K), 0.0118850 secs] [Times: user=0.04 sys=0.00, real=0.01 secs] 
2014-07-08T02:33:03.423+0000: 2824.049: [GC [PSYoungGen: 893842K->640K(859264K)] 1179443K->286321K(1546240K), 0.0061320 secs] [Times: user=0.02 sys=0.00, real=0.00 secs] 
2014-07-08T02:33:05.177+0000: 2825.803: [GC [PSYoungGen: 859264K->320K(825984K)] 1144945K->286089K(1512960K), 0.0085430 secs] [Times: user=0.04 sys=0.00, real=0.01 secs] 
2014-07-08T02:33:06.971+0000: 2827.597: [GC [PSYoungGen: 825984K->644K(794944K)] 1111753K->286525K(1481920K), 0.0079330 secs] [Times: user=0.01 sys=0.01, real=0.01 secs] 
2014-07-08T02:33:08.561+0000: 2829.187: [GC [PSYoungGen: 794884K->818K(953920K)] 1080765K->286883K(1640896K), 0.0346760 secs] [Times: user=0.13 sys=0.00, real=0.04 secs] 
2014-07-08T02:33:10.523+0000: 2831.149: [GC [PSYoungGen: 953906K->946K(1144704K)] 1239971K->287107K(1831680K), 0.0262010 secs] [Times: user=0.09 sys=0.00, real=0.02 secs] 
2014-07-08T02:33:12.946+0000: 2833.572: [GC [PSYoungGen: 1144612K->306K(1097408K)] 1430774K->287015K(1784384K), 0.0049900 secs] [Times: user=0.01 sys=0.00, real=0.00 secs] 
2014-07-08T02:33:15.102+0000: 2835.728: [GC [PSYoungGen: 1097394K->352K(1053056K)] 1384103K->287181K(1740032K), 0.0071490 secs] [Times: user=0.01 sys=0.00, real=0.01 secs] 
2014-07-08T02:33:17.189+0000: 2837.815: [GC [PSYoungGen: 1052971K->580K(1011072K)] 1339801K->287537K(1698048K), 0.0077480 secs] [Times: user=0.02 sys=0.00, real=0.01 secs] 
2014-07-08T02:33:19.348+0000: 2839.974: [GC [PSYoungGen: 1011012K->612K(970880K)] 1297969K->287713K(1657856K), 0.0205410 secs] [Times: user=0.08 sys=0.00, real=0.02 secs] 
2014-07-08T02:33:21.343+0000: 2841.969: [GC [PSYoungGen: 970852K->804K(932800K)] 1257953K->288105K(1619776K), 0.0295630 secs] [Times: user=0.09 sys=0.00, real=0.03 secs] 
2014-07-08T02:33:23.305+0000: 2843.931: [GC [PSYoungGen: 932772K->448K(895936K)] 1220073K->287853K(1582912K), 0.0061460 secs] [Times: user=0.02 sys=0.01, real=0.01 secs] 
2014-07-08T02:33:25.097+0000: 2845.723: [GC [PSYoungGen: 895936K->288K(861056K)] 1183341K->287797K(1548032K), 0.0049880 secs] [Times: user=0.01 sys=0.00, real=0.00 secs] 
2014-07-08T02:33:26.936+0000: 2847.562: [GC [PSYoungGen: 861024K->466K(828160K)] 1148533K->288055K(1515136K), 0.0116690 secs] [Times: user=0.04 sys=0.00, real=0.02 secs] 
2014-07-08T02:33:28.738+0000: 2849.364: [GC [PSYoungGen: 828114K->900K(797056K)] 1115703K->288681K(1484032K), 0.0201340 secs] [Times: user=0.06 sys=0.00, real=0.02 secs] 
2014-07-08T02:33:31.069+0000: 2851.695: [GC [PSYoungGen: 796996K->1146K(767232K)] 1084777K->289367K(1454208K), 0.0287830 secs] [Times: user=0.10 sys=0.00, real=0.03 secs] 
2014-07-08T02:33:32.888+0000: 2853.514: [GC [PSYoungGen: 767226K->256K(737728K)] 1055447K->289261K(1424704K), 0.0246670 secs] [Times: user=0.10 sys=0.00, real=0.02 secs] 
2014-07-08T02:33:34.987+0000: 2855.613: [GC [PSYoungGen: 737728K->1426K(711680K)] 1026733K->290663K(1398656K), 0.0100090 secs] [Times: user=0.02 sys=0.00, real=0.01 secs] 
2014-07-08T02:33:36.994+0000: 2857.620: [GC [PSYoungGen: 711634K->1138K(685312K)] 1000871K->290599K(1372288K), 0.0115130 secs] [Times: user=0.02 sys=0.00, real=0.01 secs] 
2014-07-08T02:33:38.659+0000: 2859.285: [GC [PSYoungGen: 685227K->680K(660032K)] 974689K->290445K(1347008K), 0.0212750 secs] [Times: user=0.08 sys=0.00, real=0.02 secs] 
2014-07-08T02:33:40.030+0000: 2860.656: [GC [PSYoungGen: 660008K->1106K(636800K)] 949773K->291071K(1323776K), 0.0113520 secs] [Times: user=0.02 sys=0.00, real=0.01 secs] 
2014-07-08T02:33:41.345+0000: 2861.971: [GC [PSYoungGen: 636754K->516K(613632K)] 926719K->290577K(1300608K), 0.0086200 secs] [Times: user=0.02 sys=0.00, real=0.01 secs] 
2014-07-08T02:33:42.407+0000: 2863.033: [GC [PSYoungGen: 613572K->420K(736128K)] 903633K->290553K(1423104K), 0.0218700 secs] [Times: user=0.08 sys=0.00, real=0.03 secs] 
2014-07-08T02:33:43.797+0000: 2864.423: [GC [PSYoungGen: 736097K->548K(883392K)] 1026231K->290721K(1570368K), 0.0244740 secs] [Times: user=0.08 sys=0.00, real=0.03 secs] 
2014-07-08T02:33:45.609+0000: 2866.235: [GC [PSYoungGen: 883364K->470K(1059904K)] 1173537K->290699K(1746880K), 0.0226940 secs] [Times: user=0.08 sys=0.00, real=0.02 secs] 
2014-07-08T02:33:47.827+0000: 2868.453: [GC [PSYoungGen: 1059862K->672K(1272000K)] 1350091K->291021K(1958976K), 0.0063420 secs] [Times: user=0.01 sys=0.00, real=0.01 secs] 
2014-07-08T02:33:50.447+0000: 2871.073: [GC [PSYoungGen: 1271968K->434K(1218944K)] 1562317K->290967K(1905920K), 0.0099460 secs] [Times: user=0.02 sys=0.00, real=0.01 secs] 
2014-07-08T02:33:52.957+0000: 2873.583: [GC [PSYoungGen: 1218930K->704K(1168960K)] 1509463K->291397K(1855936K), 0.0054600 secs] [Times: user=0.02 sys=0.00, real=0.01 secs] 
2014-07-08T02:33:55.387+0000: 2876.013: [GC [PSYoungGen: 1168960K->580K(1402560K)] 1459653K->291393K(2089536K), 0.0555060 secs] [Times: user=0.20 sys=0.00, real=0.06 secs] 
2014-07-08T02:33:58.367+0000: 2878.993: [GC [PSYoungGen: 1402500K->608K(1343360K)] 1693313K->291573K(2030336K), 0.0070100 secs] [Times: user=0.01 sys=0.00, real=0.01 secs] 
2014-07-08T02:34:01.045+0000: 2881.671: [GC [PSYoungGen: 1343328K->836K(1287296K)] 1634293K->292041K(1974272K), 0.0187990 secs] [Times: user=0.05 sys=0.00, real=0.02 secs] 
2014-07-08T02:34:03.655+0000: 2884.281: [GC [PSYoungGen: 1287236K->352K(1233216K)] 1578441K->291693K(1920192K), 0.0073270 secs] [Times: user=0.02 sys=0.00, real=0.01 secs] 
2014-07-08T02:34:06.257+0000: 2886.883: [GC [PSYoungGen: 1233184K->744K(1182656K)] 1524525K->292197K(1869632K), 0.0168950 secs] [Times: user=0.06 sys=0.00, real=0.02 secs] 
2014-07-08T02:34:08.725+0000: 2889.351: [GC [PSYoungGen: 1182632K->530K(1133952K)] 1474085K->292175K(1820928K), 0.0109620 secs] [Times: user=0.04 sys=0.00, real=0.01 secs] 
2014-07-08T02:34:10.970+0000: 2891.596: [GC [PSYoungGen: 1133906K->708K(1088000K)] 1425551K->292545K(1774976K), 0.0161780 secs] [Times: user=0.06 sys=0.00, real=0.02 secs] 
2014-07-08T02:34:13.256+0000: 2893.882: [GC [PSYoungGen: 1087940K->672K(1044032K)] 1379777K->292637K(1731008K), 0.0212540 secs] [Times: user=0.07 sys=0.00, real=0.02 secs] 
2014-07-08T02:34:15.351+0000: 2895.977: [GC [PSYoungGen: 1044000K->498K(1252544K)] 1335965K->292583K(1939520K), 0.0437490 secs] [Times: user=0.15 sys=0.00, real=0.05 secs] 
2014-07-08T02:34:17.951+0000: 2898.577: [GC [PSYoungGen: 1252530K->448K(1200576K)] 1544615K->292645K(1887552K), 0.0056730 secs] [Times: user=0.02 sys=0.00, real=0.01 secs] 
2014-07-08T02:34:20.353+0000: 2900.979: [GC [PSYoungGen: 1200561K->370K(1151168K)] 1492758K->292751K(1838144K), 0.0058440 secs] [Times: user=0.02 sys=0.00, real=0.01 secs] 
2014-07-08T02:34:22.733+0000: 2903.359: [GC [PSYoungGen: 1151154K->466K(1104320K)] 1443535K->292967K(1791296K), 0.0187150 secs] [Times: user=0.06 sys=0.00, real=0.02 secs] 
2014-07-08T02:34:25.004+0000: 2905.630: [GC [PSYoungGen: 1104274K->704K(1059776K)] 1396775K->293333K(1746752K), 0.0373700 secs] [Times: user=0.13 sys=0.00, real=0.04 secs] 
2014-07-08T02:34:27.227+0000: 2907.853: [GC [PSYoungGen: 1059776K->530K(1017088K)] 1352405K->293271K(1704064K), 0.0112930 secs] [Times: user=0.04 sys=0.00, real=0.01 secs] 
2014-07-08T02:34:29.306+0000: 2909.932: [GC [PSYoungGen: 1017042K->320K(976320K)] 1309783K->293237K(1663296K), 0.0046800 secs] [Times: user=0.01 sys=0.00, real=0.00 secs] 
2014-07-08T02:34:31.371+0000: 2911.997: [GC [PSYoungGen: 976320K->658K(938112K)] 1269237K->293719K(1625088K), 0.0306380 secs] [Times: user=0.10 sys=0.01, real=0.03 secs] 
2014-07-08T02:34:33.313+0000: 2913.939: [GC [PSYoungGen: 938066K->548K(901248K)] 1231127K->293729K(1588224K), 0.0123620 secs] [Times: user=0.04 sys=0.00, real=0.01 secs] 
2014-07-08T02:34:35.183+0000: 2915.809: [GC [PSYoungGen: 901124K->608K(866304K)] 1194306K->293861K(1553280K), 0.0124230 secs] [Times: user=0.04 sys=0.00, real=0.01 secs] 
2014-07-08T02:34:36.908+0000: 2917.534: [GC [PSYoungGen: 866272K->786K(833152K)] 1159525K->294151K(1520128K), 0.0234380 secs] [Times: user=0.09 sys=0.00, real=0.02 secs] 
2014-07-08T02:34:38.645+0000: 2919.271: [GC [PSYoungGen: 833106K->384K(999168K)] 1126471K->293869K(1686144K), 0.0223860 secs] [Times: user=0.09 sys=0.00, real=0.03 secs] 
2014-07-08T02:34:40.792+0000: 2921.418: [GC [PSYoungGen: 999168K->352K(959488K)] 1292653K->293973K(1646464K), 0.0185100 secs] [Times: user=0.06 sys=0.00, real=0.02 secs] 
2014-07-08T02:34:42.746+0000: 2923.372: [GC [PSYoungGen: 959456K->320K(1151296K)] 1253077K->294069K(1838272K), 0.0226530 secs] [Times: user=0.08 sys=0.00, real=0.03 secs] 
2014-07-08T02:34:45.145+0000: 2925.771: [GC [PSYoungGen: 1151296K->498K(1104512K)] 1445045K->294343K(1791488K), 0.0217750 secs] [Times: user=0.07 sys=0.00, real=0.02 secs] 
2014-07-08T02:34:47.415+0000: 2928.041: [GC [PSYoungGen: 1104498K->612K(1059904K)] 1398343K->294569K(1746880K), 0.0161980 secs] [Times: user=0.06 sys=0.00, real=0.02 secs] 
2014-07-08T02:34:49.574+0000: 2930.200: [GC [PSYoungGen: 1059864K->384K(1017088K)] 1353822K->294517K(1704064K), 0.0144530 secs] [Times: user=0.06 sys=0.00, real=0.02 secs] 
2014-07-08T02:34:51.667+0000: 2932.293: [GC [PSYoungGen: 1017088K->480K(976704K)] 1311221K->294741K(1663680K), 0.0070020 secs] [Times: user=0.03 sys=0.00, real=0.01 secs] 
2014-07-08T02:34:53.690+0000: 2934.316: [GC [PSYoungGen: 976672K->530K(938176K)] 1270933K->294943K(1625152K), 0.0124290 secs] [Times: user=0.03 sys=0.00, real=0.01 secs] 
2014-07-08T02:34:56.103+0000: 2936.729: [GC [PSYoungGen: 938130K->872K(901760K)] 1232543K->295581K(1588736K), 0.0111500 secs] [Times: user=0.02 sys=0.00, real=0.01 secs] 
2014-07-08T02:34:58.915+0000: 2939.541: [GC [PSYoungGen: 901736K->384K(866240K)] 1196445K->296489K(1553216K), 0.0322660 secs] [Times: user=0.11 sys=0.00, real=0.05 secs] 
2014-07-08T02:35:00.399+0000: 2941.025: [GC [PSYoungGen: 866240K->740K(833280K)] 1162345K->297213K(1520256K), 0.0153890 secs] [Times: user=0.06 sys=0.00, real=0.02 secs] 
2014-07-08T02:35:02.247+0000: 2942.873: [GC [PSYoungGen: 833252K->594K(801408K)] 1129725K->297387K(1488384K), 0.0057160 secs] [Times: user=0.01 sys=0.01, real=0.01 secs] 
2014-07-08T02:35:03.748+0000: 2944.374: [GC [PSYoungGen: 801362K->466K(771008K)] 1098155K->297387K(1457984K), 0.0250140 secs] [Times: user=0.10 sys=0.00, real=0.03 secs] 
2014-07-08T02:35:05.313+0000: 2945.939: [GC [PSYoungGen: 770962K->402K(742080K)] 1067883K->297363K(1429056K), 0.0107520 secs] [Times: user=0.04 sys=0.01, real=0.01 secs] 
2014-07-08T02:35:06.898+0000: 2947.524: [GC [PSYoungGen: 742034K->676K(714880K)] 1038995K->297741K(1401856K), 0.0196750 secs] [Times: user=0.08 sys=0.00, real=0.02 secs] 
2014-07-08T02:35:08.344+0000: 2948.970: [GC [PSYoungGen: 714852K->612K(688640K)] 1011917K->297813K(1375616K), 0.0137090 secs] [Times: user=0.05 sys=0.00, real=0.01 secs] 
2014-07-08T02:35:09.802+0000: 2950.428: [GC [PSYoungGen: 688612K->598K(663616K)] 985813K->297887K(1350592K), 0.0058640 secs] [Times: user=0.02 sys=0.00, real=0.00 secs] 
2014-07-08T02:35:11.224+0000: 2951.850: [GC [PSYoungGen: 663574K->690K(796288K)] 960863K->298083K(1483264K), 0.0277460 secs] [Times: user=0.10 sys=0.01, real=0.03 secs] 
2014-07-08T02:35:12.762+0000: 2953.388: [GC [PSYoungGen: 796236K->626K(955392K)] 1093630K->298123K(1642368K), 0.0201030 secs] [Times: user=0.05 sys=0.00, real=0.03 secs] 
2014-07-08T02:35:14.733+0000: 2955.359: [GC [PSYoungGen: 955378K->640K(1146368K)] 1252875K->298193K(1833344K), 0.0183270 secs] [Times: user=0.07 sys=0.00, real=0.01 secs] 
2014-07-08T02:35:17.135+0000: 2957.761: [GC [PSYoungGen: 1146361K->690K(1375616K)] 1443915K->298339K(2062592K), 0.0273850 secs] [Times: user=0.10 sys=0.00, real=0.03 secs] 
2014-07-08T02:35:19.933+0000: 2960.559: [GC [PSYoungGen: 1375580K->598K(1317696K)] 1673230K->298431K(2004672K), 0.0092950 secs] [Times: user=0.02 sys=0.00, real=0.00 secs] 
2014-07-08T02:35:22.535+0000: 2963.161: [GC [PSYoungGen: 1317654K->566K(1262592K)] 1615487K->298551K(1949568K), 0.0056790 secs] [Times: user=0.01 sys=0.00, real=0.00 secs] 
2014-07-08T02:35:25.277+0000: 2965.903: [GC [PSYoungGen: 1262582K->562K(1210240K)] 1560567K->298659K(1897216K), 0.0167710 secs] [Times: user=0.06 sys=0.00, real=0.01 secs] 
2014-07-08T02:35:27.755+0000: 2968.381: [GC [PSYoungGen: 1210225K->950K(1160768K)] 1508323K->299215K(1847744K), 0.0137580 secs] [Times: user=0.05 sys=0.00, real=0.01 secs] 
2014-07-08T02:35:31.332+0000: 2971.958: [GC [PSYoungGen: 1160758K->448K(1112832K)] 1459023K->299815K(1799808K), 0.0176860 secs] [Times: user=0.07 sys=0.00, real=0.02 secs] 
2014-07-08T02:35:34.446+0000: 2975.072: [GC [PSYoungGen: 1112832K->1014K(1068288K)] 1412199K->300805K(1755264K), 0.0317490 secs] [Times: user=0.10 sys=0.00, real=0.03 secs] 
2014-07-08T02:35:36.831+0000: 2977.457: [GC [PSYoungGen: 1068278K->836K(1025216K)] 1368069K->301051K(1712192K), 0.0125580 secs] [Times: user=0.05 sys=0.00, real=0.01 secs] 
2014-07-08T02:35:38.870+0000: 2979.496: [GC [PSYoungGen: 1025142K->1064K(984512K)] 1325358K->301583K(1671488K), 0.0312240 secs] [Times: user=0.12 sys=0.00, real=0.03 secs] 
2014-07-08T02:35:40.719+0000: 2981.345: [GC [PSYoungGen: 984488K->498K(945024K)] 1285007K->301153K(1632000K), 0.0208850 secs] [Times: user=0.08 sys=0.00, real=0.02 secs] 
2014-07-08T02:35:42.517+0000: 2983.143: [GC [PSYoungGen: 945010K->594K(908096K)] 1245665K->301353K(1595072K), 0.0050220 secs] [Times: user=0.02 sys=0.00, real=0.00 secs] 
2014-07-08T02:35:44.388+0000: 2985.014: [GC [PSYoungGen: 908020K->630K(872768K)] 1208780K->301453K(1559744K), 0.0230350 secs] [Times: user=0.08 sys=0.00, real=0.02 secs] 
2014-07-08T02:35:46.251+0000: 2986.877: [GC [PSYoungGen: 872758K->320K(838848K)] 1173581K->301207K(1525824K), 0.0105930 secs] [Times: user=0.04 sys=0.00, real=0.01 secs] 
2014-07-08T02:35:48.017+0000: 2988.643: [GC [PSYoungGen: 838848K->630K(1006912K)] 1139735K->301701K(1693888K), 0.0397990 secs] [Times: user=0.15 sys=0.00, real=0.03 secs] 
2014-07-08T02:35:50.046+0000: 2990.672: [GC [PSYoungGen: 1006878K->516K(966848K)] 1307950K->301731K(1653824K), 0.0060680 secs] [Times: user=0.02 sys=0.00, real=0.01 secs] 
2014-07-08T02:35:52.182+0000: 2992.808: [GC [PSYoungGen: 966788K->466K(928704K)] 1268003K->301785K(1615680K), 0.0085750 secs] [Times: user=0.01 sys=0.00, real=0.01 secs] 
2014-07-08T02:35:54.170+0000: 2994.796: [GC [PSYoungGen: 928658K->544K(1114432K)] 1229977K->301999K(1801408K), 0.0331220 secs] [Times: user=0.12 sys=0.01, real=0.03 secs] 
2014-07-08T02:35:56.434+0000: 2997.060: [GC [PSYoungGen: 1114400K->448K(1069120K)] 1415855K->301991K(1756096K), 0.0160130 secs] [Times: user=0.04 sys=0.00, real=0.02 secs] 
2014-07-08T02:35:58.596+0000: 2999.222: [GC [PSYoungGen: 1069120K->480K(1026176K)] 1370663K->302199K(1713152K), 0.0111910 secs] [Times: user=0.05 sys=0.00, real=0.01 secs] 
2014-07-08T02:36:00.733+0000: 3001.359: [GC [PSYoungGen: 1026144K->722K(985472K)] 1327863K->302601K(1672448K), 0.0084650 secs] [Times: user=0.02 sys=0.00, real=0.01 secs] 
2014-07-08T02:36:02.799+0000: 3003.425: [GC [PSYoungGen: 985426K->662K(946432K)] 1287305K->302645K(1633408K), 0.0155910 secs] [Times: user=0.04 sys=0.00, real=0.02 secs] 
2014-07-08T02:36:04.704+0000: 3005.330: [GC [PSYoungGen: 946390K->608K(909248K)] 1248373K->302711K(1596224K), 0.0069910 secs] [Times: user=0.02 sys=0.00, real=0.01 secs] 
2014-07-08T02:36:06.560+0000: 3007.186: [GC [PSYoungGen: 909216K->608K(873920K)] 1211319K->302815K(1560896K), 0.0086860 secs] [Times: user=0.02 sys=0.00, real=0.00 secs] 
2014-07-08T02:36:08.377+0000: 3009.003: [GC [PSYoungGen: 873888K->320K(839936K)] 1176095K->302671K(1526912K), 0.0050200 secs] [Times: user=0.02 sys=0.00, real=0.01 secs] 
2014-07-08T02:36:10.150+0000: 3010.776: [GC [PSYoungGen: 839850K->420K(808000K)] 1142202K->302907K(1494976K), 0.0426850 secs] [Times: user=0.15 sys=0.00, real=0.05 secs] 
2014-07-08T02:36:11.837+0000: 3012.463: [GC [PSYoungGen: 807972K->704K(777664K)] 1110459K->303295K(1464640K), 0.0090050 secs] [Times: user=0.02 sys=0.01, real=0.01 secs] 
2014-07-08T02:36:13.891+0000: 3014.517: [GC [PSYoungGen: 777664K->1014K(748864K)] 1080255K->304077K(1435840K), 0.0118810 secs] [Times: user=0.03 sys=0.00, real=0.02 secs] 
2014-07-08T02:36:16.180+0000: 3016.806: [GC [PSYoungGen: 748854K->384K(897792K)] 1051917K->304655K(1584768K), 0.0446190 secs] [Times: user=0.17 sys=0.00, real=0.05 secs] 
2014-07-08T02:36:18.153+0000: 3018.779: [GC [PSYoungGen: 897792K->1014K(1077952K)] 1202063K->305653K(1764928K), 0.0255870 secs] [Times: user=0.10 sys=0.00, real=0.02 secs] 
2014-07-08T02:36:20.451+0000: 3021.077: [GC [PSYoungGen: 1077926K->726K(1034304K)] 1382565K->305821K(1721280K), 0.0103130 secs] [Times: user=0.02 sys=0.00, real=0.01 secs] 
2014-07-08T02:36:22.512+0000: 3023.138: [GC [PSYoungGen: 1034235K->690K(992896K)] 1339330K->305921K(1679872K), 0.0062490 secs] [Times: user=0.02 sys=0.00, real=0.00 secs] 
2014-07-08T02:36:24.464+0000: 3025.090: [GC [PSYoungGen: 992882K->320K(953152K)] 1298113K->305647K(1640128K), 0.0168170 secs] [Times: user=0.07 sys=0.00, real=0.01 secs] 
2014-07-08T02:36:26.436+0000: 3027.062: [GC [PSYoungGen: 953152K->626K(916032K)] 1258479K->306025K(1603008K), 0.0135480 secs] [Times: user=0.05 sys=0.00, real=0.01 secs] 
2014-07-08T02:36:28.342+0000: 3028.968: [GC [PSYoungGen: 916018K->704K(1099200K)] 1221417K->306263K(1786176K), 0.0327560 secs] [Times: user=0.12 sys=0.00, real=0.04 secs] 
2014-07-08T02:36:30.617+0000: 3031.243: [GC [PSYoungGen: 1099200K->288K(1318528K)] 1404759K->305991K(2005504K), 0.0367850 secs] [Times: user=0.13 sys=0.00, real=0.03 secs] 
2014-07-08T02:36:33.302+0000: 3033.928: [GC [PSYoungGen: 1318420K->416K(1420800K)] 1624124K->306247K(2107776K), 0.0204610 secs] [Times: user=0.08 sys=0.00, real=0.02 secs] 
2014-07-08T02:36:36.209+0000: 3036.835: [GC [PSYoungGen: 1419808K->544K(1420736K)] 1725639K->306471K(2107712K), 0.0322390 secs] [Times: user=0.12 sys=0.00, real=0.03 secs] 
2014-07-08T02:36:39.106+0000: 3039.732: [GC [PSYoungGen: 1419936K->978K(1360384K)] 1725863K->307065K(2047360K), 0.0227440 secs] [Times: user=0.08 sys=0.00, real=0.02 secs] 
2014-07-08T02:36:41.841+0000: 3042.467: [GC [PSYoungGen: 1360338K->530K(1302848K)] 1666425K->306801K(1989824K), 0.0060660 secs] [Times: user=0.02 sys=0.01, real=0.01 secs] 
2014-07-08T02:36:44.538+0000: 3045.164: [GC [PSYoungGen: 1302802K->320K(1248256K)] 1609073K->306719K(1935232K), 0.0050830 secs] [Times: user=0.01 sys=0.00, real=0.00 secs] 
2014-07-08T02:36:47.162+0000: 3047.788: [GC [PSYoungGen: 1248256K->964K(1197248K)] 1554655K->307475K(1884224K), 0.0217360 secs] [Times: user=0.07 sys=0.00, real=0.02 secs] 
2014-07-08T02:36:49.634+0000: 3050.260: [GC [PSYoungGen: 1197185K->480K(1147584K)] 1503696K->307215K(1834560K), 0.0083990 secs] [Times: user=0.02 sys=0.01, real=0.01 secs] 
2014-07-08T02:36:51.928+0000: 3052.554: [GC [PSYoungGen: 1147552K->580K(1100928K)] 1454287K->307467K(1787904K), 0.0171800 secs] [Times: user=0.06 sys=0.00, real=0.01 secs] 
2014-07-08T02:36:54.275+0000: 3054.901: [GC [PSYoungGen: 1100868K->512K(1056256K)] 1407755K->307527K(1743232K), 0.0076910 secs] [Times: user=0.02 sys=0.00, real=0.01 secs] 
2014-07-08T02:36:56.419+0000: 3057.045: [GC [PSYoungGen: 1056256K->256K(1013632K)] 1363271K->307359K(1700608K), 0.0238360 secs] [Times: user=0.09 sys=0.00, real=0.02 secs] 
2014-07-08T02:36:58.532+0000: 3059.158: [GC [PSYoungGen: 1013632K->352K(973376K)] 1320735K->307599K(1660352K), 0.0197110 secs] [Times: user=0.07 sys=0.00, real=0.02 secs] 
2014-07-08T02:37:00.579+0000: 3061.205: [GC [PSYoungGen: 973344K->466K(935104K)] 1280591K->307865K(1622080K), 0.0063380 secs] [Times: user=0.02 sys=0.00, real=0.00 secs] 
2014-07-08T02:37:02.501+0000: 3063.127: [GC [PSYoungGen: 935058K->466K(1122048K)] 1242457K->307969K(1809024K), 0.0451070 secs] [Times: user=0.17 sys=0.00, real=0.04 secs] 
2014-07-08T02:37:04.793+0000: 3065.419: [GC [PSYoungGen: 1121995K->320K(1076288K)] 1429499K->307919K(1763264K), 0.0135750 secs] [Times: user=0.05 sys=0.00, real=0.01 secs] 
2014-07-08T02:37:07.053+0000: 3067.679: [GC [PSYoungGen: 1076288K->640K(1033216K)] 1383887K->308319K(1720192K), 0.0099430 secs] [Times: user=0.02 sys=0.00, real=0.01 secs] 
2014-07-08T02:37:09.166+0000: 3069.792: [GC [PSYoungGen: 1033216K->644K(992000K)] 1340895K->308499K(1678976K), 0.0225840 secs] [Times: user=0.08 sys=0.00, real=0.02 secs] 
2014-07-08T02:37:11.272+0000: 3071.898: [GC [PSYoungGen: 991938K->630K(952640K)] 1299794K->308613K(1639616K), 0.0192950 secs] [Times: user=0.06 sys=0.00, real=0.02 secs] 
2014-07-08T02:37:13.229+0000: 3073.855: [GC [PSYoungGen: 952630K->658K(1143104K)] 1260613K->308761K(1830080K), 0.0283710 secs] [Times: user=0.11 sys=0.01, real=0.03 secs] 
2014-07-08T02:37:15.593+0000: 3076.219: [GC [PSYoungGen: 1143058K->320K(1096128K)] 1451161K->308495K(1783104K), 0.0146280 secs] [Times: user=0.04 sys=0.00, real=0.01 secs] 
2014-07-08T02:37:17.814+0000: 3078.440: [GC [PSYoungGen: 1096128K->698K(1052160K)] 1404303K->309017K(1739136K), 0.0167780 secs] [Times: user=0.06 sys=0.00, real=0.01 secs] 
2014-07-08T02:37:20.085+0000: 3080.711: [GC [PSYoungGen: 1052154K->1064K(1010368K)] 1360473K->309575K(1697344K), 0.0248790 secs] [Times: user=0.08 sys=0.00, real=0.02 secs] 
2014-07-08T02:37:22.242+0000: 3082.868: [GC [PSYoungGen: 1010344K->1000K(970112K)] 1318855K->309703K(1657088K), 0.0151370 secs] [Times: user=0.02 sys=0.00, real=0.01 secs] 
2014-07-08T02:37:24.205+0000: 3084.831: [GC [PSYoungGen: 970088K->498K(931328K)] 1278791K->309489K(1618304K), 0.0270010 secs] [Times: user=0.10 sys=0.01, real=0.02 secs] 
2014-07-08T02:37:26.145+0000: 3086.771: [GC [PSYoungGen: 931314K->964K(1118016K)] 1240305K->310019K(1804992K), 0.0293560 secs] [Times: user=0.11 sys=0.00, real=0.03 secs] 
2014-07-08T02:37:28.493+0000: 3089.119: [GC [PSYoungGen: 1117956K->676K(1072320K)] 1427011K->309899K(1759296K), 0.0146820 secs] [Times: user=0.05 sys=0.00, real=0.01 secs] 
2014-07-08T02:37:30.664+0000: 3091.290: [GC [PSYoungGen: 1072292K->352K(1028864K)] 1381515K->309759K(1715840K), 0.0107850 secs] [Times: user=0.04 sys=0.00, real=0.01 secs] 
2014-07-08T02:37:32.786+0000: 3093.412: [GC [PSYoungGen: 1028832K->416K(987840K)] 1338239K->309943K(1674816K), 0.0097540 secs] [Times: user=0.02 sys=0.00, real=0.01 secs] 
2014-07-08T02:37:34.806+0000: 3095.432: [GC [PSYoungGen: 987806K->402K(948736K)] 1297334K->310009K(1635712K), 0.0228240 secs] [Times: user=0.08 sys=0.00, real=0.02 secs] 
2014-07-08T02:37:36.816+0000: 3097.442: [GC [PSYoungGen: 948668K->480K(911552K)] 1258276K->310175K(1598528K), 0.0252680 secs] [Times: user=0.09 sys=0.00, real=0.02 secs] 
2014-07-08T02:37:38.753+0000: 3099.379: [GC [PSYoungGen: 911520K->384K(875968K)] 1221215K->310255K(1562944K), 0.0086770 secs] [Times: user=0.02 sys=0.01, real=0.01 secs] 
2014-07-08T02:37:40.558+0000: 3101.184: [GC [PSYoungGen: 875968K->288K(842112K)] 1185839K->310295K(1529088K), 0.0053310 secs] [Times: user=0.02 sys=0.00, real=0.00 secs] 
2014-07-08T02:37:42.425+0000: 3103.051: [GC [PSYoungGen: 842080K->1142K(810752K)] 1152087K->311261K(1497728K), 0.0095050 secs] [Times: user=0.03 sys=0.00, real=0.01 secs] 
2014-07-08T02:37:43.968+0000: 3104.594: [GC [PSYoungGen: 810742K->548K(779520K)] 1120861K->310803K(1466496K), 0.0197640 secs] [Times: user=0.06 sys=0.00, real=0.02 secs] 
2014-07-08T02:37:45.568+0000: 3106.194: [GC [PSYoungGen: 779492K->352K(750080K)] 1089747K->310647K(1437056K), 0.0199100 secs] [Times: user=0.08 sys=0.00, real=0.02 secs] 
2014-07-08T02:37:47.175+0000: 3107.801: [GC [PSYoungGen: 750003K->968K(722880K)] 1060299K->311399K(1409856K), 0.0196700 secs] [Times: user=0.06 sys=0.00, real=0.02 secs] 
2014-07-08T02:37:48.649+0000: 3109.275: [GC [PSYoungGen: 722824K->484K(866752K)] 1033255K->311051K(1553728K), 0.0204660 secs] [Times: user=0.08 sys=0.00, real=0.02 secs] 
2014-07-08T02:37:50.484+0000: 3111.110: [GC [PSYoungGen: 866719K->466K(1040000K)] 1177287K->311129K(1726976K), 0.0215630 secs] [Times: user=0.07 sys=0.00, real=0.03 secs] 
2014-07-08T02:37:52.726+0000: 3113.352: [GC [PSYoungGen: 1039954K->448K(1247872K)] 1350617K->311207K(1934848K), 0.0223800 secs] [Times: user=0.08 sys=0.00, real=0.02 secs] 
2014-07-08T02:37:55.175+0000: 3115.801: [GC [PSYoungGen: 1247872K->544K(1196352K)] 1558631K->311431K(1883328K), 0.0122750 secs] [Times: user=0.05 sys=0.00, real=0.02 secs] 
2014-07-08T02:37:57.595+0000: 3118.221: [GC [PSYoungGen: 1196320K->320K(1146944K)] 1507207K->311311K(1833920K), 0.0182510 secs] [Times: user=0.06 sys=0.00, real=0.02 secs] 
2014-07-08T02:38:00.026+0000: 3120.652: [GC [PSYoungGen: 1146944K->914K(1100800K)] 1457935K->312089K(1787776K), 0.0092110 secs] [Times: user=0.02 sys=0.01, real=0.01 secs] 
2014-07-08T02:38:02.371+0000: 3122.997: [GC [PSYoungGen: 1100754K->644K(1056000K)] 1411929K->311963K(1742976K), 0.0132900 secs] [Times: user=0.04 sys=0.00, real=0.01 secs] 
2014-07-08T02:38:04.463+0000: 3125.089: [GC [PSYoungGen: 1055937K->402K(1013376K)] 1367257K->311849K(1700352K), 0.0267930 secs] [Times: user=0.09 sys=0.00, real=0.03 secs] 
2014-07-08T02:38:06.607+0000: 3127.233: [GC [PSYoungGen: 1013330K->512K(973120K)] 1324777K->312039K(1660096K), 0.0279420 secs] [Times: user=0.10 sys=0.00, real=0.03 secs] 
2014-07-08T02:38:08.597+0000: 3129.223: [GC [PSYoungGen: 973120K->388K(934656K)] 1284647K->312091K(1621632K), 0.0120370 secs] [Times: user=0.01 sys=0.00, real=0.02 secs] 
2014-07-08T02:38:10.558+0000: 3131.184: [GC [PSYoungGen: 934596K->520K(898176K)] 1246299K->312343K(1585152K), 0.0054650 secs] [Times: user=0.01 sys=0.00, real=0.01 secs] 
2014-07-08T02:38:12.447+0000: 3133.073: [GC [PSYoungGen: 898120K->466K(863296K)] 1209943K->312425K(1550272K), 0.0218820 secs] [Times: user=0.08 sys=0.00, real=0.03 secs] 
2014-07-08T02:38:14.201+0000: 3134.827: [GC [PSYoungGen: 863250K->836K(830464K)] 1175209K->312899K(1517440K), 0.0065660 secs] [Times: user=0.02 sys=0.00, real=0.00 secs] 
2014-07-08T02:38:15.827+0000: 3136.453: [GC [PSYoungGen: 830404K->466K(798464K)] 1142467K->312577K(1485440K), 0.0060690 secs] [Times: user=0.02 sys=0.00, real=0.01 secs] 
2014-07-08T02:38:17.509+0000: 3138.135: [GC [PSYoungGen: 798413K->384K(768192K)] 1110525K->312607K(1455168K), 0.0072010 secs] [Times: user=0.02 sys=0.01, real=0.01 secs] 
2014-07-08T02:38:19.126+0000: 3139.752: [GC [PSYoungGen: 768192K->580K(739712K)] 1080415K->312971K(1426688K), 0.0175360 secs] [Times: user=0.06 sys=0.00, real=0.02 secs] 
2014-07-08T02:38:20.676+0000: 3141.302: [GC [PSYoungGen: 739652K->352K(712064K)] 1052043K->312879K(1399040K), 0.0137470 secs] [Times: user=0.04 sys=0.00, real=0.01 secs] 
2014-07-08T02:38:22.122+0000: 3142.748: [GC [PSYoungGen: 712027K->922K(686528K)] 1024555K->313545K(1373504K), 0.0241110 secs] [Times: user=0.09 sys=0.00, real=0.02 secs] 
2014-07-08T02:38:23.542+0000: 3144.168: [GC [PSYoungGen: 686490K->662K(823424K)] 999113K->313357K(1510400K), 0.0263240 secs] [Times: user=0.09 sys=0.00, real=0.02 secs] 
2014-07-08T02:38:25.285+0000: 3145.911: [GC [PSYoungGen: 823381K->562K(987840K)] 1136077K->313361K(1674816K), 0.0251440 secs] [Times: user=0.09 sys=0.00, real=0.02 secs] 
2014-07-08T02:38:27.369+0000: 3147.995: [GC [PSYoungGen: 987813K->530K(1185344K)] 1300613K->313449K(1872320K), 0.0190570 secs] [Times: user=0.07 sys=0.00, real=0.02 secs] 
2014-07-08T02:38:29.743+0000: 3150.369: [GC [PSYoungGen: 1185219K->420K(1422208K)] 1498139K->313507K(2109184K), 0.0238150 secs] [Times: user=0.10 sys=0.00, real=0.02 secs] 
2014-07-08T02:38:32.732+0000: 3153.358: [GC [PSYoungGen: 1422180K->384K(1676608K)] 1735267K->313591K(2363584K), 0.0245620 secs] [Times: user=0.09 sys=0.00, real=0.03 secs] 
2014-07-08T02:38:36.249+0000: 3156.875: [GC [PSYoungGen: 1675897K->882K(1707072K)] 1989105K->314265K(2394048K), 0.0434070 secs] [Times: user=0.16 sys=0.00, real=0.04 secs] 
2014-07-08T02:38:39.785+0000: 3160.411: [GC [PSYoungGen: 1706930K->512K(1632512K)] 2020313K->314119K(2319488K), 0.0205810 secs] [Times: user=0.07 sys=0.00, real=0.02 secs] 
2014-07-08T02:38:43.148+0000: 3163.774: [GC [PSYoungGen: 1632502K->626K(1562176K)] 1946110K->314689K(2249152K), 0.0097770 secs] [Times: user=0.02 sys=0.01, real=0.01 secs] 
2014-07-08T02:38:46.348+0000: 3166.974: [GC [PSYoungGen: 1562162K->480K(1495040K)] 1876225K->314663K(2182016K), 0.0228070 secs] [Times: user=0.09 sys=0.00, real=0.02 secs] 
2014-07-08T02:38:49.458+0000: 3170.084: [GC [PSYoungGen: 1495008K->384K(1431232K)] 1809191K->314815K(2118208K), 0.0329230 secs] [Times: user=0.11 sys=0.00, real=0.03 secs] 
2014-07-08T02:38:52.969+0000: 3173.595: [GC [PSYoungGen: 1431232K->690K(1370944K)] 1745663K->315289K(2057920K), 0.0079880 secs] [Times: user=0.01 sys=0.01, real=0.01 secs] 
2014-07-08T02:38:56.284+0000: 3176.910: [GC [PSYoungGen: 1370930K->932K(1313536K)] 1685529K->315851K(2000512K), 0.0211070 secs] [Times: user=0.07 sys=0.00, real=0.02 secs] 
2014-07-08T02:38:59.876+0000: 3180.502: [GC [PSYoungGen: 1313508K->1024K(1258752K)] 1628427K->316231K(1945728K), 0.0266460 secs] [Times: user=0.09 sys=0.00, real=0.02 secs] 
2014-07-08T02:39:03.406+0000: 3184.032: [GC [PSYoungGen: 1258752K->498K(1206080K)] 1573959K->316243K(1893056K), 0.0452120 secs] [Times: user=0.16 sys=0.00, real=0.05 secs] 
2014-07-08T02:39:05.655+0000: 3186.281: [GC [PSYoungGen: 1206066K->790K(1156800K)] 1521811K->316831K(1843776K), 0.0074590 secs] [Times: user=0.02 sys=0.00, real=0.01 secs] 
2014-07-08T02:39:07.831+0000: 3188.457: [GC [PSYoungGen: 1156758K->562K(1109312K)] 1472799K->316803K(1796288K), 0.0201770 secs] [Times: user=0.07 sys=0.01, real=0.02 secs] 
2014-07-08T02:39:09.968+0000: 3190.594: [GC [PSYoungGen: 1109298K->616K(1064448K)] 1425539K->317025K(1751424K), 0.0048400 secs] [Times: user=0.02 sys=0.00, real=0.00 secs] 
2014-07-08T02:39:12.193+0000: 3192.819: [GC [PSYoungGen: 1064424K->690K(1021696K)] 1380833K->317195K(1708672K), 0.0115260 secs] [Times: user=0.05 sys=0.01, real=0.05 secs] 
2014-07-08T02:39:14.409+0000: 3195.035: [GC [PSYoungGen: 1021682K->786K(981120K)] 1338187K->317395K(1668096K), 0.0058250 secs] [Times: user=0.02 sys=0.00, real=0.01 secs] 
2014-07-08T02:39:16.486+0000: 3197.112: [GC [PSYoungGen: 981074K->704K(942208K)] 1297683K->317441K(1629184K), 0.0077500 secs] [Times: user=0.02 sys=0.00, real=0.01 secs] 
2014-07-08T02:39:18.370+0000: 3198.996: [GC [PSYoungGen: 942208K->608K(905216K)] 1258945K->317529K(1592192K), 0.0071240 secs] [Times: user=0.02 sys=0.00, real=0.00 secs] 
2014-07-08T02:39:20.165+0000: 3200.791: [GC [PSYoungGen: 905184K->690K(870144K)] 1222105K->317731K(1557120K), 0.0062750 secs] [Times: user=0.02 sys=0.00, real=0.01 secs] 
2014-07-08T02:39:21.960+0000: 3202.586: [GC [PSYoungGen: 870044K->370K(836352K)] 1187085K->317483K(1523328K), 0.0052020 secs] [Times: user=0.01 sys=0.00, real=0.00 secs] 
2014-07-08T02:39:23.707+0000: 3204.333: [GC [PSYoungGen: 836294K->502K(804544K)] 1153408K->317735K(1491520K), 0.0088690 secs] [Times: user=0.03 sys=0.00, real=0.01 secs] 
2014-07-08T02:39:25.377+0000: 3206.003: [GC [PSYoungGen: 804534K->544K(774208K)] 1121767K->317857K(1461184K), 0.0155250 secs] [Times: user=0.05 sys=0.00, real=0.02 secs] 
2014-07-08T02:39:26.964+0000: 3207.590: [GC [PSYoungGen: 774176K->498K(928896K)] 1091489K->317931K(1615872K), 0.0450280 secs] [Times: user=0.16 sys=0.00, real=0.04 secs] 
2014-07-08T02:39:28.862+0000: 3209.488: [GC [PSYoungGen: 928882K->320K(1114432K)] 1246315K->317889K(1801408K), 0.0233060 secs] [Times: user=0.09 sys=0.00, real=0.02 secs] 
2014-07-08T02:39:31.226+0000: 3211.852: [GC [PSYoungGen: 1114432K->1060K(1338048K)] 1432001K->318757K(2025024K), 0.0236920 secs] [Times: user=0.08 sys=0.00, real=0.02 secs] 
2014-07-08T02:39:33.937+0000: 3214.563: [GC [PSYoungGen: 1338015K->384K(1281344K)] 1655712K->318209K(1968320K), 0.0172720 secs] [Times: user=0.06 sys=0.00, real=0.02 secs] 
2014-07-08T02:39:36.674+0000: 3217.300: [GC [PSYoungGen: 1281344K->512K(1228160K)] 1599169K->318473K(1915136K), 0.0213790 secs] [Times: user=0.08 sys=0.00, real=0.02 secs] 
2014-07-08T02:39:39.286+0000: 3219.912: [GC [PSYoungGen: 1228160K->736K(1177728K)] 1546121K->318905K(1864704K), 0.0132650 secs] [Times: user=0.03 sys=0.00, real=0.01 secs] 
2014-07-08T02:39:41.733+0000: 3222.359: [GC [PSYoungGen: 1177696K->516K(1129280K)] 1495865K->318869K(1816256K), 0.0246020 secs] [Times: user=0.09 sys=0.00, real=0.03 secs] 
2014-07-08T02:39:44.014+0000: 3224.640: [GC [PSYoungGen: 1129220K->516K(1083392K)] 1447573K->319005K(1770368K), 0.0103550 secs] [Times: user=0.02 sys=0.01, real=0.01 secs] 
2014-07-08T02:39:46.372+0000: 3226.998: [GC [PSYoungGen: 1083332K->1024K(1040128K)] 1401821K->319593K(1727104K), 0.0388940 secs] [Times: user=0.14 sys=0.00, real=0.04 secs] 
2014-07-08T02:39:48.491+0000: 3229.117: [GC [PSYoungGen: 1040128K->352K(997888K)] 1358697K->319129K(1684864K), 0.0102900 secs] [Times: user=0.03 sys=0.00, real=0.01 secs] 
2014-07-08T02:39:50.526+0000: 3231.152: [GC [PSYoungGen: 997856K->530K(958464K)] 1316633K->319467K(1645440K), 0.0184220 secs] [Times: user=0.06 sys=0.01, real=0.02 secs] 
2014-07-08T02:39:52.579+0000: 3233.204: [GC [PSYoungGen: 958347K->452K(920704K)] 1277285K->319485K(1607680K), 0.0235740 secs] [Times: user=0.08 sys=0.00, real=0.02 secs] 
2014-07-08T02:39:54.531+0000: 3235.157: [GC [PSYoungGen: 920547K->520K(884864K)] 1239580K->319649K(1571840K), 0.0126160 secs] [Times: user=0.04 sys=0.00, real=0.01 secs] 
2014-07-08T02:39:56.423+0000: 3237.049: [GC [PSYoungGen: 884808K->904K(851072K)] 1203937K->320137K(1538048K), 0.0080850 secs] [Times: user=0.02 sys=0.00, real=0.01 secs] 
2014-07-08T02:39:58.098+0000: 3238.724: [GC [PSYoungGen: 850933K->548K(818112K)] 1170167K->319941K(1505088K), 0.0097640 secs] [Times: user=0.03 sys=0.00, real=0.01 secs] 
2014-07-08T02:39:59.798+0000: 3240.424: [GC [PSYoungGen: 818084K->356K(786880K)] 1137477K->319837K(1473856K), 0.0292080 secs] [Times: user=0.11 sys=0.00, real=0.03 secs] 
2014-07-08T02:40:01.525+0000: 3242.151: [GC [PSYoungGen: 786850K->822K(944640K)] 1106332K->320407K(1631616K), 0.0226990 secs] [Times: user=0.08 sys=0.00, real=0.03 secs] 
2014-07-08T02:40:03.457+0000: 3244.083: [GC [PSYoungGen: 944630K->562K(907328K)] 1264215K->320283K(1594304K), 0.0103910 secs] [Times: user=0.03 sys=0.00, real=0.01 secs] 
2014-07-08T02:40:05.330+0000: 3245.956: [GC [PSYoungGen: 907308K->936K(872448K)] 1227030K->320993K(1559424K), 0.0077770 secs] [Times: user=0.02 sys=0.01, real=0.01 secs] 
2014-07-08T02:40:07.096+0000: 3247.722: [GC [PSYoungGen: 872421K->530K(1046400K)] 1192479K->320699K(1733376K), 0.0343700 secs] [Times: user=0.13 sys=0.00, real=0.04 secs] 
2014-07-08T02:40:09.329+0000: 3249.955: [GC [PSYoungGen: 1046354K->960K(1256000K)] 1366523K->321337K(1942976K), 0.0347110 secs] [Times: user=0.12 sys=0.00, real=0.03 secs] 
2014-07-08T02:40:11.917+0000: 3252.543: [GC [PSYoungGen: 1256000K->530K(1203584K)] 1576377K->321051K(1890560K), 0.0068020 secs] [Times: user=0.02 sys=0.01, real=0.01 secs] 
2014-07-08T02:40:14.394+0000: 3255.020: [GC [PSYoungGen: 1203538K->562K(1154048K)] 1524059K->321259K(1841024K), 0.0095070 secs] [Times: user=0.02 sys=0.00, real=0.01 secs] 
2014-07-08T02:40:16.792+0000: 3257.418: [GC [PSYoungGen: 1154034K->644K(1107072K)] 1474731K->321421K(1794048K), 0.0067160 secs] [Times: user=0.01 sys=0.01, real=0.01 secs] 
2014-07-08T02:40:18.999+0000: 3259.625: [GC [PSYoungGen: 1107012K->498K(1062016K)] 1427789K->321483K(1748992K), 0.0269170 secs] [Times: user=0.10 sys=0.00, real=0.02 secs] 
2014-07-08T02:40:21.297+0000: 3261.923: [GC [PSYoungGen: 1062002K->708K(1019584K)] 1382987K->321813K(1706560K), 0.0246770 secs] [Times: user=0.09 sys=0.00, real=0.03 secs] 
2014-07-08T02:40:23.404+0000: 3264.030: [GC [PSYoungGen: 1019524K->466K(978688K)] 1340629K->321707K(1665664K), 0.0055800 secs] [Times: user=0.01 sys=0.00, real=0.01 secs] 
2014-07-08T02:40:25.444+0000: 3266.070: [GC [PSYoungGen: 978642K->658K(940224K)] 1299883K->321979K(1627200K), 0.0146170 secs] [Times: user=0.05 sys=0.00, real=0.01 secs] 
2014-07-08T02:40:27.356+0000: 3267.982: [GC [PSYoungGen: 940178K->712K(903488K)] 1261499K->322169K(1590464K), 0.0121690 secs] [Times: user=0.04 sys=0.00, real=0.01 secs] 
2014-07-08T02:40:29.211+0000: 3269.837: [GC [PSYoungGen: 903432K->800K(868480K)] 1224889K->322393K(1555456K), 0.0060150 secs] [Times: user=0.02 sys=0.00, real=0.00 secs] 
2014-07-08T02:40:30.978+0000: 3271.604: [GC [PSYoungGen: 868448K->502K(834752K)] 1190041K->322207K(1521728K), 0.0087990 secs] [Times: user=0.03 sys=0.00, real=0.01 secs] 
2014-07-08T02:40:32.755+0000: 3273.381: [GC [PSYoungGen: 834742K->274K(802752K)] 1156447K->322075K(1489728K), 0.0230000 secs] [Times: user=0.08 sys=0.00, real=0.02 secs] 
2014-07-08T02:40:34.468+0000: 3275.094: [GC [PSYoungGen: 802699K->740K(772864K)] 1124501K->322629K(1459840K), 0.0181100 secs] [Times: user=0.07 sys=0.00, real=0.02 secs] 
2014-07-08T02:40:35.975+0000: 3276.601: [GC [PSYoungGen: 772836K->352K(743552K)] 1094725K->322329K(1430528K), 0.0202620 secs] [Times: user=0.08 sys=0.00, real=0.02 secs] 
2014-07-08T02:40:37.542+0000: 3278.168: [GC [PSYoungGen: 743520K->708K(716352K)] 1065497K->322829K(1403328K), 0.0153750 secs] [Times: user=0.05 sys=0.00, real=0.01 secs] 
2014-07-08T02:40:39.002+0000: 3279.628: [GC [PSYoungGen: 716292K->530K(689856K)] 1038413K->322795K(1376832K), 0.0145350 secs] [Times: user=0.04 sys=0.00, real=0.01 secs] 
2014-07-08T02:40:40.537+0000: 3281.163: [GC [PSYoungGen: 689810K->466K(664768K)] 1012075K->322811K(1351744K), 0.0098940 secs] [Times: user=0.04 sys=0.00, real=0.01 secs] 
2014-07-08T02:40:41.796+0000: 3282.422: [GC [PSYoungGen: 664709K->292K(640704K)] 987055K->322717K(1327680K), 0.0060020 secs] [Times: user=0.01 sys=0.00, real=0.01 secs] 
2014-07-08T02:40:43.277+0000: 3283.903: [GC [PSYoungGen: 640676K->818K(618432K)] 963101K->323307K(1305408K), 0.0072550 secs] [Times: user=0.02 sys=0.00, real=0.01 secs] 
2014-07-08T02:40:45.117+0000: 3285.743: [GC [PSYoungGen: 618418K->904K(742080K)] 940907K->323497K(1429056K), 0.0391550 secs] [Times: user=0.14 sys=0.00, real=0.04 secs] 
2014-07-08T02:40:46.460+0000: 3287.086: [GC [PSYoungGen: 742024K->434K(889792K)] 1064617K->323379K(1576768K), 0.0155390 secs] [Times: user=0.05 sys=0.00, real=0.02 secs] 
2014-07-08T02:40:48.357+0000: 3288.983: [GC [PSYoungGen: 889764K->644K(1067968K)] 1212710K->323717K(1754944K), 0.0291870 secs] [Times: user=0.11 sys=0.00, real=0.03 secs] 
2014-07-08T02:40:50.624+0000: 3291.250: [GC [PSYoungGen: 1067908K->352K(1281152K)] 1390981K->323577K(1968128K), 0.0168500 secs] [Times: user=0.07 sys=0.00, real=0.01 secs] 
2014-07-08T02:40:54.239+0000: 3294.865: [GC [PSYoungGen: 1281113K->950K(1228480K)] 1604339K->324319K(1915456K), 0.0139050 secs] [Times: user=0.04 sys=0.00, real=0.01 secs] 
2014-07-08T02:40:56.588+0000: 3297.214: [GC [PSYoungGen: 1228470K->402K(1473472K)] 1551839K->324091K(2160448K), 0.0323980 secs] [Times: user=0.12 sys=0.00, real=0.03 secs] 
2014-07-08T02:40:59.604+0000: 3300.230: [GC [PSYoungGen: 1473426K->416K(1410816K)] 1797115K->324265K(2097792K), 0.0167120 secs] [Times: user=0.06 sys=0.00, real=0.02 secs] 
2014-07-08T02:41:02.517+0000: 3303.143: [GC [PSYoungGen: 1410784K->530K(1351360K)] 1734633K->324555K(2038336K), 0.0284970 secs] [Times: user=0.11 sys=0.00, real=0.03 secs] 
2014-07-08T02:41:05.376+0000: 3306.002: [GC [PSYoungGen: 1351314K->434K(1294528K)] 1675339K->324587K(1981504K), 0.0235190 secs] [Times: user=0.09 sys=0.00, real=0.02 secs] 
2014-07-08T02:41:08.145+0000: 3308.771: [GC [PSYoungGen: 1294514K->712K(1240896K)] 1618667K->325033K(1927872K), 0.0350630 secs] [Times: user=0.12 sys=0.00, real=0.04 secs] 
2014-07-08T02:41:10.773+0000: 3311.399: [GC [PSYoungGen: 1240840K->530K(1488768K)] 1565161K->325051K(2175744K), 0.0282610 secs] [Times: user=0.10 sys=0.00, real=0.03 secs] 
2014-07-08T02:41:14.652+0000: 3315.278: [GC [PSYoungGen: 1488722K->896K(1425664K)] 1813243K->325977K(2112640K), 0.0083070 secs] [Times: user=0.02 sys=0.00, real=0.01 secs] 
2014-07-08T02:41:18.861+0000: 3319.487: [GC [PSYoungGen: 1425664K->1334K(1365824K)] 1750745K->326975K(2052800K), 0.0368370 secs] [Times: user=0.14 sys=0.00, real=0.04 secs] 
2014-07-08T02:41:22.018+0000: 3322.644: [GC [PSYoungGen: 1365814K->512K(1307648K)] 1691455K->326865K(1994624K), 0.0335910 secs] [Times: user=0.13 sys=0.00, real=0.03 secs] 
2014-07-08T02:41:24.531+0000: 3325.157: [GC [PSYoungGen: 1307648K->854K(1253440K)] 1634001K->327487K(1940416K), 0.0078400 secs] [Times: user=0.02 sys=0.00, real=0.01 secs] 
2014-07-08T02:41:26.843+0000: 3327.469: [GC [PSYoungGen: 1253398K->448K(1201088K)] 1580031K->327217K(1888064K), 0.0156080 secs] [Times: user=0.04 sys=0.00, real=0.01 secs] 
2014-07-08T02:41:29.323+0000: 3329.949: [GC [PSYoungGen: 1201088K->384K(1151616K)] 1527857K->327329K(1838592K), 0.0229190 secs] [Times: user=0.08 sys=0.00, real=0.02 secs] 
2014-07-08T02:41:31.718+0000: 3332.344: [GC [PSYoungGen: 1151616K->626K(1104896K)] 1478561K->327755K(1791872K), 0.0061430 secs] [Times: user=0.02 sys=0.00, real=0.01 secs] 
2014-07-08T02:41:33.980+0000: 3334.606: [GC [PSYoungGen: 1104822K->420K(1059968K)] 1431952K->327653K(1746944K), 0.0129260 secs] [Times: user=0.05 sys=0.00, real=0.02 secs] 
2014-07-08T02:41:36.193+0000: 3336.819: [GC [PSYoungGen: 1059940K->594K(1017600K)] 1387173K->327899K(1704576K), 0.0270870 secs] [Times: user=0.10 sys=0.00, real=0.03 secs] 
2014-07-08T02:41:38.217+0000: 3338.843: [GC [PSYoungGen: 1017554K->288K(976768K)] 1344859K->327769K(1663744K), 0.0161350 secs] [Times: user=0.06 sys=0.00, real=0.02 secs] 
2014-07-08T02:41:40.309+0000: 3340.935: [GC [PSYoungGen: 976736K->498K(938368K)] 1304217K->328115K(1625344K), 0.0311470 secs] [Times: user=0.11 sys=0.00, real=0.03 secs] 
2014-07-08T02:41:42.239+0000: 3342.865: [GC [PSYoungGen: 938354K->370K(901504K)] 1265971K->328099K(1588480K), 0.0120240 secs] [Times: user=0.04 sys=0.00, real=0.01 secs] 
2014-07-08T02:41:44.246+0000: 3344.872: [GC [PSYoungGen: 901490K->416K(866560K)] 1229219K->328217K(1553536K), 0.0259890 secs] [Times: user=0.09 sys=0.00, real=0.03 secs] 
2014-07-08T02:41:45.978+0000: 3346.604: [GC [PSYoungGen: 866528K->580K(1040000K)] 1194329K->328493K(1726976K), 0.0285070 secs] [Times: user=0.11 sys=0.00, real=0.03 secs] 
2014-07-08T02:41:48.093+0000: 3348.719: [GC [PSYoungGen: 1039940K->402K(1247680K)] 1367853K->328443K(1934656K), 0.0171280 secs] [Times: user=0.06 sys=0.00, real=0.01 secs] 
2014-07-08T02:41:50.724+0000: 3351.350: [GC [PSYoungGen: 1247634K->886K(1196480K)] 1575675K->329095K(1883456K), 0.0103890 secs] [Times: user=0.02 sys=0.00, real=0.01 secs] 
2014-07-08T02:41:53.221+0000: 3353.847: [GC [PSYoungGen: 1196470K->402K(1146880K)] 1524679K->328755K(1833856K), 0.0286860 secs] [Times: user=0.09 sys=0.00, real=0.03 secs] 
2014-07-08T02:41:55.552+0000: 3356.178: [GC [PSYoungGen: 1146834K->512K(1376256K)] 1475187K->329001K(2063232K), 0.0305440 secs] [Times: user=0.11 sys=0.00, real=0.03 secs] 
2014-07-08T02:41:58.461+0000: 3359.087: [GC [PSYoungGen: 1376256K->708K(1318592K)] 1704745K->329341K(2005568K), 0.0258400 secs] [Times: user=0.09 sys=0.00, real=0.03 secs] 
2014-07-08T02:42:01.179+0000: 3361.805: [GC [PSYoungGen: 1318532K->320K(1263040K)] 1647165K->329185K(1950016K), 0.0224380 secs] [Times: user=0.09 sys=0.00, real=0.02 secs] 
2014-07-08T02:42:03.815+0000: 3364.441: [GC [PSYoungGen: 1263040K->690K(1211008K)] 1591905K->329675K(1897984K), 0.0062550 secs] [Times: user=0.02 sys=0.00, real=0.00 secs] 
2014-07-08T02:42:06.292+0000: 3366.918: [GC [PSYoungGen: 1210994K->434K(1160896K)] 1539979K->329531K(1847872K), 0.0297440 secs] [Times: user=0.11 sys=0.00, real=0.03 secs] 
2014-07-08T02:42:08.764+0000: 3369.390: [GC [PSYoungGen: 1160882K->772K(1113856K)] 1489979K->330037K(1800832K), 0.0259460 secs] [Times: user=0.08 sys=0.00, real=0.03 secs] 
2014-07-08T02:42:11.148+0000: 3371.774: [GC [PSYoungGen: 1113796K->662K(1068544K)] 1443061K->330103K(1755520K), 0.0241490 secs] [Times: user=0.08 sys=0.00, real=0.02 secs] 
2014-07-08T02:42:13.295+0000: 3373.921: [GC [PSYoungGen: 1068413K->388K(1281856K)] 1397854K->329973K(1968832K), 0.0267470 secs] [Times: user=0.09 sys=0.00, real=0.03 secs] 
2014-07-08T02:42:16.046+0000: 3376.672: [GC [PSYoungGen: 1281699K->914K(1229056K)] 1611285K->330571K(1916032K), 0.0059240 secs] [Times: user=0.02 sys=0.00, real=0.01 secs] 
2014-07-08T02:42:18.481+0000: 3379.107: [GC [PSYoungGen: 1229010K->384K(1177728K)] 1558667K->330233K(1864704K), 0.0236910 secs] [Times: user=0.07 sys=0.00, real=0.02 secs] 
2014-07-08T02:42:21.050+0000: 3381.676: [GC [PSYoungGen: 1177697K->758K(1129856K)] 1507547K->330775K(1816832K), 0.0082860 secs] [Times: user=0.03 sys=0.00, real=0.01 secs] 
2014-07-08T02:42:23.353+0000: 3383.979: [GC [PSYoungGen: 1129846K->384K(1083520K)] 1459863K->330553K(1770496K), 0.0078030 secs] [Times: user=0.02 sys=0.00, real=0.01 secs] 
2014-07-08T02:42:25.569+0000: 3386.195: [GC [PSYoungGen: 1083520K->580K(1040064K)] 1413689K->330845K(1727040K), 0.0129200 secs] [Times: user=0.05 sys=0.00, real=0.01 secs] 
2014-07-08T02:42:27.804+0000: 3388.430: [GC [PSYoungGen: 1039996K->1042K(998912K)] 1370262K->331427K(1685888K), 0.0061410 secs] [Times: user=0.03 sys=0.00, real=0.01 secs] 
2014-07-08T02:42:29.895+0000: 3390.521: [GC [PSYoungGen: 998866K->1028K(959296K)] 1329251K->331637K(1646272K), 0.0096860 secs] [Times: user=0.02 sys=0.00, real=0.01 secs] 
2014-07-08T02:42:31.873+0000: 3392.499: [GC [PSYoungGen: 959236K->292K(920832K)] 1289845K->331509K(1607808K), 0.0069420 secs] [Times: user=0.02 sys=0.00, real=0.01 secs] 
2014-07-08T02:42:33.721+0000: 3394.347: [GC [PSYoungGen: 920804K->786K(885440K)] 1252021K->332115K(1572416K), 0.0075040 secs] [Times: user=0.02 sys=0.00, real=0.00 secs] 
2014-07-08T02:42:35.571+0000: 3396.197: [GC [PSYoungGen: 885394K->352K(850752K)] 1216723K->331873K(1537728K), 0.0115240 secs] [Times: user=0.02 sys=0.00, real=0.01 secs] 
2014-07-08T02:42:37.385+0000: 3398.011: [GC [PSYoungGen: 850720K->384K(818176K)] 1182241K->332049K(1505152K), 0.0130930 secs] [Times: user=0.04 sys=0.00, real=0.01 secs] 
2014-07-08T02:42:39.078+0000: 3399.704: [GC [PSYoungGen: 818176K->466K(787264K)] 1149841K->332275K(1474240K), 0.0242630 secs] [Times: user=0.09 sys=0.00, real=0.03 secs] 
2014-07-08T02:42:40.635+0000: 3401.261: [GC [PSYoungGen: 787218K->420K(757632K)] 1119027K->332309K(1444608K), 0.0057310 secs] [Times: user=0.02 sys=0.00, real=0.01 secs] 
2014-07-08T02:42:42.294+0000: 3402.920: [GC [PSYoungGen: 757604K->416K(729408K)] 1089493K->332393K(1416384K), 0.0268330 secs] [Times: user=0.10 sys=0.00, real=0.03 secs] 
2014-07-08T02:42:43.811+0000: 3404.437: [GC [PSYoungGen: 729376K->612K(702720K)] 1061353K->332693K(1389696K), 0.0070030 secs] [Times: user=0.02 sys=0.00, real=0.00 secs] 
2014-07-08T02:42:45.246+0000: 3405.872: [GC [PSYoungGen: 702692K->256K(676672K)] 1034773K->332377K(1363648K), 0.0067680 secs] [Times: user=0.02 sys=0.00, real=0.01 secs] 
2014-07-08T02:42:46.702+0000: 3407.328: [GC [PSYoungGen: 676672K->384K(652352K)] 1008793K->332601K(1339328K), 0.0250770 secs] [Times: user=0.09 sys=0.00, real=0.02 secs] 
2014-07-08T02:42:48.173+0000: 3408.799: [GC [PSYoungGen: 652352K->626K(783040K)] 984569K->332987K(1470016K), 0.0214200 secs] [Times: user=0.06 sys=0.01, real=0.02 secs] 
2014-07-08T02:42:49.648+0000: 3410.274: [GC [PSYoungGen: 783026K->256K(939136K)] 1115387K->332745K(1626112K), 0.0133770 secs] [Times: user=0.04 sys=0.00, real=0.02 secs] 
2014-07-08T02:42:51.625+0000: 3412.251: [GC [PSYoungGen: 939136K->484K(1127168K)] 1271625K->333045K(1814144K), 0.0230450 secs] [Times: user=0.09 sys=0.00, real=0.02 secs] 
2014-07-08T02:42:53.995+0000: 3414.621: [GC [PSYoungGen: 1127140K->818K(1081664K)] 1459701K->333491K(1768640K), 0.0092580 secs] [Times: user=0.02 sys=0.00, real=0.01 secs] 
2014-07-08T02:42:56.263+0000: 3416.889: [GC [PSYoungGen: 1081637K->480K(1037760K)] 1414311K->333249K(1724736K), 0.0255180 secs] [Times: user=0.08 sys=0.00, real=0.02 secs] 
2014-07-08T02:42:58.334+0000: 3418.960: [GC [PSYoungGen: 1037728K->566K(996288K)] 1370497K->333511K(1683264K), 0.0176560 secs] [Times: user=0.05 sys=0.00, real=0.01 secs] 
2014-07-08T02:43:00.473+0000: 3421.099: [GC [PSYoungGen: 996278K->320K(956544K)] 1329223K->333409K(1643520K), 0.0064530 secs] [Times: user=0.02 sys=0.00, real=0.01 secs] 
2014-07-08T02:43:02.417+0000: 3423.043: [GC [PSYoungGen: 956544K->488K(919104K)] 1289633K->333705K(1606080K), 0.0182220 secs] [Times: user=0.06 sys=0.00, real=0.02 secs] 
2014-07-08T02:43:04.353+0000: 3424.979: [GC [PSYoungGen: 919080K->352K(883136K)] 1252297K->333649K(1570112K), 0.0212420 secs] [Times: user=0.08 sys=0.00, real=0.03 secs] 
2014-07-08T02:43:06.228+0000: 3426.854: [GC [PSYoungGen: 883104K->384K(849024K)] 1216401K->333745K(1536000K), 0.0065200 secs] [Times: user=0.02 sys=0.00, real=0.01 secs] 
2014-07-08T02:43:08.065+0000: 3428.691: [GC [PSYoungGen: 849024K->754K(816896K)] 1182385K->334275K(1503872K), 0.0075820 secs] [Times: user=0.01 sys=0.00, real=0.00 secs] 
2014-07-08T02:43:09.735+0000: 3430.361: [GC [PSYoungGen: 816882K->370K(785536K)] 1150403K->334035K(1472512K), 0.0148270 secs] [Times: user=0.06 sys=0.00, real=0.01 secs] 
2014-07-08T02:43:11.459+0000: 3432.085: [GC [PSYoungGen: 785522K->662K(756352K)] 1119187K->334423K(1443328K), 0.0299180 secs] [Times: user=0.11 sys=0.00, real=0.03 secs] 
2014-07-08T02:43:13.010+0000: 3433.636: [GC [PSYoungGen: 756310K->790K(728320K)] 1090071K->334671K(1415296K), 0.0101250 secs] [Times: user=0.02 sys=0.00, real=0.01 secs] 
2014-07-08T02:43:14.511+0000: 3435.137: [GC [PSYoungGen: 728278K->288K(873344K)] 1062159K->334225K(1560320K), 0.0428260 secs] [Times: user=0.16 sys=0.00, real=0.04 secs] 
2014-07-08T02:43:16.338+0000: 3436.964: [GC [PSYoungGen: 873312K->320K(1048000K)] 1207249K->334313K(1734976K), 0.0052490 secs] [Times: user=0.02 sys=0.00, real=0.00 secs] 
2014-07-08T02:43:18.455+0000: 3439.081: [GC [PSYoungGen: 1048000K->320K(1006016K)] 1381993K->334449K(1692992K), 0.0069500 secs] [Times: user=0.02 sys=0.00, real=0.01 secs] 
2014-07-08T02:43:21.484+0000: 3442.110: [GC [PSYoungGen: 1006016K->996K(966720K)] 1340145K->335765K(1653696K), 0.0081720 secs] [Times: user=0.02 sys=0.00, real=0.01 secs] 
2014-07-08T02:43:23.356+0000: 3443.982: [GC [PSYoungGen: 966692K->480K(928128K)] 1301461K->335609K(1615104K), 0.0116800 secs] [Times: user=0.03 sys=0.00, real=0.02 secs] 
2014-07-08T02:43:25.382+0000: 3446.008: [GC [PSYoungGen: 928086K->616K(891968K)] 1263216K->336001K(1578944K), 0.0313520 secs] [Times: user=0.11 sys=0.00, real=0.03 secs] 
2014-07-08T02:43:27.388+0000: 3448.014: [GC [PSYoungGen: 891944K->918K(857728K)] 1227329K->336439K(1544704K), 0.0084560 secs] [Times: user=0.02 sys=0.01, real=0.00 secs] 
2014-07-08T02:43:29.075+0000: 3449.701: [GC [PSYoungGen: 857659K->708K(824640K)] 1193181K->336437K(1511616K), 0.0181820 secs] [Times: user=0.06 sys=0.00, real=0.02 secs] 
2014-07-08T02:43:30.724+0000: 3451.350: [GC [PSYoungGen: 824580K->548K(793088K)] 1160309K->336381K(1480064K), 0.0163710 secs] [Times: user=0.07 sys=0.00, real=0.02 secs] 
2014-07-08T02:43:32.756+0000: 3453.382: [GC [PSYoungGen: 793060K->1188K(763840K)] 1128893K->337237K(1450816K), 0.0102990 secs] [Times: user=0.02 sys=0.00, real=0.01 secs] 
2014-07-08T02:43:34.974+0000: 3455.600: [GC [PSYoungGen: 763812K->694K(734848K)] 1099861K->337319K(1421824K), 0.0295460 secs] [Times: user=0.10 sys=0.00, real=0.03 secs] 
2014-07-08T02:43:37.177+0000: 3457.803: [GC [PSYoungGen: 734838K->1554K(708608K)] 1071463K->338419K(1395584K), 0.0260660 secs] [Times: user=0.08 sys=0.00, real=0.03 secs] 
2014-07-08T02:43:39.310+0000: 3459.936: [GC [PSYoungGen: 708562K->946K(682112K)] 1045427K->338411K(1369088K), 0.0180020 secs] [Times: user=0.07 sys=0.00, real=0.01 secs] 
2014-07-08T02:43:40.944+0000: 3461.570: [GC [PSYoungGen: 682032K->608K(818048K)] 1019498K->338297K(1505024K), 0.0211240 secs] [Times: user=0.08 sys=0.00, real=0.02 secs] 
2014-07-08T02:43:42.470+0000: 3463.096: [GC [PSYoungGen: 818016K->562K(786944K)] 1155705K->338443K(1473920K), 0.0061500 secs] [Times: user=0.02 sys=0.00, real=0.00 secs] 
2014-07-08T02:43:44.024+0000: 3464.650: [GC [PSYoungGen: 786930K->434K(757248K)] 1124811K->338387K(1444224K), 0.0096040 secs] [Times: user=0.02 sys=0.00, real=0.01 secs] 
2014-07-08T02:43:45.353+0000: 3465.979: [GC [PSYoungGen: 757234K->580K(729216K)] 1095187K->338605K(1416192K), 0.0170270 secs] [Times: user=0.06 sys=0.00, real=0.01 secs] 
2014-07-08T02:43:46.950+0000: 3467.576: [GC [PSYoungGen: 729156K->530K(702272K)] 1067181K->338667K(1389248K), 0.0054180 secs] [Times: user=0.01 sys=0.00, real=0.00 secs] 
2014-07-08T02:43:48.299+0000: 3468.925: [GC [PSYoungGen: 702226K->370K(842432K)] 1040363K->338659K(1529408K), 0.0253740 secs] [Times: user=0.10 sys=0.00, real=0.03 secs] 
2014-07-08T02:43:50.169+0000: 3470.795: [GC [PSYoungGen: 842418K->566K(1011072K)] 1180707K->338935K(1698048K), 0.0306650 secs] [Times: user=0.11 sys=0.00, real=0.03 secs] 
2014-07-08T02:43:52.271+0000: 3472.897: [GC [PSYoungGen: 1011062K->352K(1212992K)] 1349431K->338881K(1899968K), 0.0436160 secs] [Times: user=0.16 sys=0.00, real=0.04 secs] 
2014-07-08T02:43:54.940+0000: 3475.566: [GC [PSYoungGen: 1212960K->736K(1455936K)] 1551489K->339337K(2142912K), 0.0070030 secs] [Times: user=0.02 sys=0.00, real=0.01 secs] 
2014-07-08T02:43:57.877+0000: 3478.503: [GC [PSYoungGen: 1455904K->872K(1394304K)] 1794505K->339625K(2081280K), 0.0110950 secs] [Times: user=0.03 sys=0.01, real=0.01 secs] 
2014-07-08T02:44:00.778+0000: 3481.404: [GC [PSYoungGen: 1394275K->580K(1335296K)] 1733029K->339557K(2022272K), 0.0259580 secs] [Times: user=0.10 sys=0.00, real=0.03 secs] 
2014-07-08T02:44:03.501+0000: 3484.127: [GC [PSYoungGen: 1335236K->544K(1279360K)] 1674213K->339665K(1966336K), 0.0272820 secs] [Times: user=0.10 sys=0.00, real=0.03 secs] 
2014-07-08T02:44:06.219+0000: 3486.845: [GC [PSYoungGen: 1279273K->498K(1226112K)] 1618395K->339739K(1913088K), 0.0093960 secs] [Times: user=0.03 sys=0.00, real=0.01 secs] 
2014-07-08T02:44:08.806+0000: 3489.432: [GC [PSYoungGen: 1226098K->950K(1175936K)] 1565339K->340423K(1862912K), 0.0272150 secs] [Times: user=0.08 sys=0.00, real=0.03 secs] 
2014-07-08T02:44:11.244+0000: 3491.870: [GC [PSYoungGen: 1175926K->384K(1127232K)] 1515399K->340041K(1814208K), 0.0197090 secs] [Times: user=0.07 sys=0.00, real=0.02 secs] 
2014-07-08T02:44:13.562+0000: 3494.188: [GC [PSYoungGen: 1127232K->626K(1081664K)] 1466889K->340443K(1768640K), 0.0248630 secs] [Times: user=0.09 sys=0.00, real=0.03 secs] 
2014-07-08T02:44:15.883+0000: 3496.509: [GC [PSYoungGen: 1081650K->896K(1038336K)] 1421467K->340841K(1725312K), 0.0194130 secs] [Times: user=0.07 sys=0.00, real=0.02 secs] 
2014-07-08T02:44:18.014+0000: 3498.640: [GC [PSYoungGen: 1038270K->484K(996416K)] 1378216K->340581K(1683392K), 0.0194990 secs] [Times: user=0.07 sys=0.00, real=0.02 secs] 
2014-07-08T02:44:20.102+0000: 3500.728: [GC [PSYoungGen: 996388K->566K(956928K)] 1336485K->340815K(1643904K), 0.0253850 secs] [Times: user=0.09 sys=0.00, real=0.03 secs] 
2014-07-08T02:44:22.223+0000: 3502.849: [GC [PSYoungGen: 956918K->548K(919296K)] 1297167K->340925K(1606272K), 0.0090060 secs] [Times: user=0.03 sys=0.00, real=0.01 secs] 
2014-07-08T02:44:24.050+0000: 3504.676: [GC [PSYoungGen: 919268K->224K(883136K)] 1259645K->340721K(1570112K), 0.0143560 secs] [Times: user=0.05 sys=0.00, real=0.01 secs] 
2014-07-08T02:44:25.910+0000: 3506.536: [GC [PSYoungGen: 883104K->498K(849280K)] 1223601K->341059K(1536256K), 0.0237030 secs] [Times: user=0.09 sys=0.00, real=0.02 secs] 
2014-07-08T02:44:27.636+0000: 3508.262: [GC [PSYoungGen: 849266K->466K(1019072K)] 1189827K->341171K(1706048K), 0.0219860 secs] [Times: user=0.08 sys=0.00, real=0.03 secs] 
2014-07-08T02:44:29.791+0000: 3510.417: [GC [PSYoungGen: 1019026K->704K(978624K)] 1359731K->341529K(1665600K), 0.0053080 secs] [Times: user=0.01 sys=0.00, real=0.01 secs] 
2014-07-08T02:44:31.869+0000: 3512.495: [GC [PSYoungGen: 978624K->658K(939968K)] 1319449K->341627K(1626944K), 0.0123020 secs] [Times: user=0.04 sys=0.00, real=0.01 secs] 
2014-07-08T02:44:33.789+0000: 3514.415: [GC [PSYoungGen: 939922K->954K(903424K)] 1280891K->342059K(1590400K), 0.0163170 secs] [Times: user=0.05 sys=0.01, real=0.01 secs] 
2014-07-08T02:44:35.652+0000: 3516.278: [GC [PSYoungGen: 903392K->790K(1083840K)] 1244498K->341991K(1770816K), 0.0313930 secs] [Times: user=0.12 sys=0.00, real=0.03 secs] 
2014-07-08T02:44:38.014+0000: 3518.640: [GC [PSYoungGen: 1083798K->790K(1040128K)] 1424999K->342119K(1727104K), 0.0123790 secs] [Times: user=0.04 sys=0.00, real=0.01 secs] 
2014-07-08T02:44:40.149+0000: 3520.775: [GC [PSYoungGen: 1040086K->416K(998144K)] 1381415K->341953K(1685120K), 0.0200180 secs] [Times: user=0.07 sys=0.00, real=0.02 secs] 
2014-07-08T02:44:42.208+0000: 3522.834: [GC [PSYoungGen: 998107K->434K(958528K)] 1339645K->342099K(1645504K), 0.0223080 secs] [Times: user=0.08 sys=0.00, real=0.02 secs] 
2014-07-08T02:44:44.187+0000: 3524.813: [GC [PSYoungGen: 958474K->452K(920896K)] 1300140K->342213K(1607872K), 0.0083560 secs] [Times: user=0.02 sys=0.00, real=0.01 secs] 
2014-07-08T02:44:46.108+0000: 3526.734: [GC [PSYoungGen: 920833K->580K(885120K)] 1262595K->342413K(1572096K), 0.0076840 secs] [Times: user=0.02 sys=0.00, real=0.01 secs] 
2014-07-08T02:44:48.019+0000: 3528.645: [GC [PSYoungGen: 884994K->530K(850816K)] 1226828K->342507K(1537792K), 0.0263850 secs] [Times: user=0.11 sys=0.00, real=0.02 secs] 
2014-07-08T02:44:49.831+0000: 3530.457: [GC [PSYoungGen: 850770K->804K(818496K)] 1192747K->342941K(1505472K), 0.0232830 secs] [Times: user=0.08 sys=0.00, real=0.02 secs] 
2014-07-08T02:44:51.629+0000: 3532.255: [GC [PSYoungGen: 818468K->448K(981696K)] 1160605K->342697K(1668672K), 0.0301470 secs] [Times: user=0.11 sys=0.00, real=0.03 secs] 
2014-07-08T02:44:53.681+0000: 3534.307: [GC [PSYoungGen: 981696K->288K(1177856K)] 1323945K->342665K(1864832K), 0.0167490 secs] [Times: user=0.06 sys=0.00, real=0.01 secs] 
2014-07-08T02:44:56.202+0000: 3536.828: [GC [PSYoungGen: 1177824K->1010K(1130304K)] 1520201K->343491K(1817280K), 0.0081640 secs] [Times: user=0.02 sys=0.00, real=0.00 secs] 
2014-07-08T02:44:58.559+0000: 3539.185: [GC [PSYoungGen: 1130290K->320K(1083648K)] 1472771K->342993K(1770624K), 0.0222290 secs] [Times: user=0.09 sys=0.00, real=0.03 secs] 
2014-07-08T02:45:00.848+0000: 3541.474: [GC [PSYoungGen: 1083648K->288K(1039936K)] 1426321K->343105K(1726912K), 0.0179260 secs] [Times: user=0.06 sys=0.00, real=0.02 secs] 
2014-07-08T02:45:03.054+0000: 3543.680: [GC [PSYoungGen: 1039904K->722K(998784K)] 1382721K->343651K(1685760K), 0.0299770 secs] [Times: user=0.11 sys=0.00, real=0.03 secs] 
2014-07-08T02:45:05.180+0000: 3545.806: [GC [PSYoungGen: 998738K->868K(959296K)] 1341667K->343901K(1646272K), 0.0182100 secs] [Times: user=0.07 sys=0.00, real=0.02 secs] 
2014-07-08T02:45:07.214+0000: 3547.840: [GC [PSYoungGen: 959217K->598K(1150720K)] 1302251K->343775K(1837696K), 0.0253690 secs] [Times: user=0.10 sys=0.00, real=0.02 secs] 
2014-07-08T02:45:09.557+0000: 3550.183: [GC [PSYoungGen: 1150678K->370K(1103488K)] 1493855K->343691K(1790464K), 0.0065250 secs] [Times: user=0.01 sys=0.00, real=0.01 secs] 
2014-07-08T02:45:11.861+0000: 3552.487: [GC [PSYoungGen: 1103474K->772K(1059264K)] 1446795K->344237K(1746240K), 0.0093720 secs] [Times: user=0.02 sys=0.00, real=0.01 secs] 
2014-07-08T02:45:14.131+0000: 3554.757: [GC [PSYoungGen: 1059194K->662K(1016640K)] 1402660K->344239K(1703616K), 0.0189730 secs] [Times: user=0.06 sys=0.01, real=0.02 secs] 
2014-07-08T02:45:16.367+0000: 3556.993: [GC [PSYoungGen: 1016598K->768K(976192K)] 1360175K->344457K(1663168K), 0.0126620 secs] [Times: user=0.04 sys=0.00, real=0.01 secs] 
2014-07-08T02:45:19.026+0000: 3559.652: [GC [PSYoungGen: 976192K->768K(937664K)] 1319881K->344657K(1624640K), 0.0190050 secs] [Times: user=0.07 sys=0.00, real=0.02 secs] 
2014-07-08T02:45:20.733+0000: 3561.359: [GC [PSYoungGen: 937664K->804K(900992K)] 1281553K->345045K(1587968K), 0.0255480 secs] [Times: user=0.10 sys=0.00, real=0.03 secs] 
2014-07-08T02:45:22.636+0000: 3563.262: [GC [PSYoungGen: 900964K->544K(865792K)] 1245205K->344873K(1552768K), 0.0146950 secs] [Times: user=0.06 sys=0.00, real=0.01 secs] 
2014-07-08T02:45:24.396+0000: 3565.022: [GC [PSYoungGen: 865760K->420K(832384K)] 1210089K->344829K(1519360K), 0.0109350 secs] [Times: user=0.04 sys=0.00, real=0.01 secs] 
2014-07-08T02:45:26.202+0000: 3566.828: [GC [PSYoungGen: 832356K->580K(800832K)] 1176765K->345053K(1487808K), 0.0255210 secs] [Times: user=0.08 sys=0.00, real=0.03 secs] 
2014-07-08T02:45:27.984+0000: 3568.610: [GC [PSYoungGen: 800713K->950K(961216K)] 1145187K->345583K(1648192K), 0.0355290 secs] [Times: user=0.10 sys=0.00, real=0.04 secs] 
2014-07-08T02:45:29.936+0000: 3570.562: [GC [PSYoungGen: 961137K->608K(1152960K)] 1305770K->345417K(1839936K), 0.0259150 secs] [Times: user=0.09 sys=0.00, real=0.03 secs] 
2014-07-08T02:45:32.362+0000: 3572.988: [GC [PSYoungGen: 1152928K->384K(1383168K)] 1497737K->345297K(2070144K), 0.0176380 secs] [Times: user=0.05 sys=0.00, real=0.02 secs] 
2014-07-08T02:45:35.268+0000: 3575.894: [GC [PSYoungGen: 1383168K->434K(1324992K)] 1728081K->345451K(2011968K), 0.0051620 secs] [Times: user=0.02 sys=0.00, real=0.00 secs] 
2014-07-08T02:45:38.061+0000: 3578.687: [GC [PSYoungGen: 1324967K->698K(1269824K)] 1669984K->345867K(1956800K), 0.0124360 secs] [Times: user=0.03 sys=0.00, real=0.01 secs] 
2014-07-08T02:45:40.601+0000: 3581.227: [GC [PSYoungGen: 1269818K->352K(1216768K)] 1614987K->345713K(1903744K), 0.0197800 secs] [Times: user=0.08 sys=0.00, real=0.02 secs] 
2014-07-08T02:45:43.177+0000: 3583.803: [GC [PSYoungGen: 1216727K->544K(1166784K)] 1562088K->346033K(1853760K), 0.0275450 secs] [Times: user=0.10 sys=0.00, real=0.03 secs] 
2014-07-08T02:45:45.522+0000: 3586.148: [GC [PSYoungGen: 1166752K->448K(1118912K)] 1512241K->346081K(1805888K), 0.0287820 secs] [Times: user=0.11 sys=0.00, real=0.03 secs] 
2014-07-08T02:45:47.990+0000: 3588.616: [GC [PSYoungGen: 1118912K->576K(1073600K)] 1464545K->346353K(1760576K), 0.0156470 secs] [Times: user=0.04 sys=0.00, real=0.01 secs] 
2014-07-08T02:45:50.166+0000: 3590.792: [GC [PSYoungGen: 1073534K->502K(1288192K)] 1419312K->346479K(1975168K), 0.0356910 secs] [Times: user=0.13 sys=0.00, real=0.04 secs] 
2014-07-08T02:45:52.909+0000: 3593.535: [GC [PSYoungGen: 1288182K->512K(1234560K)] 1634159K->346585K(1921536K), 0.0200230 secs] [Times: user=0.07 sys=0.00, real=0.02 secs] 
2014-07-08T02:45:56.184+0000: 3596.810: [GC [PSYoungGen: 1234560K->882K(1183936K)] 1580633K->347107K(1870912K), 0.0103930 secs] [Times: user=0.02 sys=0.00, real=0.01 secs] 
2014-07-08T02:45:58.530+0000: 3599.156: [GC [PSYoungGen: 1183922K->416K(1134976K)] 1530147K->347065K(1821952K), 0.0252560 secs] [Times: user=0.09 sys=0.00, real=0.02 secs] 
2014-07-08T02:46:00.938+0000: 3601.564: [GC [PSYoungGen: 1134944K->772K(1089152K)] 1481593K->347565K(1776128K), 0.0099370 secs] [Times: user=0.02 sys=0.00, real=0.01 secs] 
2014-07-08T02:46:03.212+0000: 3603.838: [GC [PSYoungGen: 1089092K->626K(1044992K)] 1435885K->347547K(1731968K), 0.0109660 secs] [Times: user=0.03 sys=0.00, real=0.01 secs] 
2014-07-08T02:46:05.324+0000: 3605.950: [GC [PSYoungGen: 1044978K->320K(1002816K)] 1391899K->347345K(1689792K), 0.0265200 secs] [Times: user=0.09 sys=0.00, real=0.02 secs] 
2014-07-08T02:46:07.458+0000: 3608.084: [GC [PSYoungGen: 1002816K->416K(963072K)] 1349841K->347537K(1650048K), 0.0061630 secs] [Times: user=0.02 sys=0.00, real=0.01 secs] 
2014-07-08T02:46:09.436+0000: 3610.062: [GC [PSYoungGen: 963040K->256K(924928K)] 1310161K->347553K(1611904K), 0.0045060 secs] [Times: user=0.02 sys=0.00, real=0.00 secs] 
2014-07-08T02:46:11.374+0000: 3612.000: [GC [PSYoungGen: 924928K->566K(889152K)] 1272225K->347983K(1576128K), 0.0267460 secs] [Times: user=0.10 sys=0.01, real=0.02 secs] 
2014-07-08T02:46:13.253+0000: 3613.879: [GC [PSYoungGen: 889109K->352K(854528K)] 1236527K->347873K(1541504K), 0.0055060 secs] [Times: user=0.02 sys=0.00, real=0.00 secs] 
2014-07-08T02:46:15.084+0000: 3615.710: [GC [PSYoungGen: 854463K->566K(821952K)] 1201985K->348167K(1508928K), 0.0061050 secs] [Times: user=0.02 sys=0.00, real=0.00 secs] 
2014-07-08T02:46:16.760+0000: 3617.386: [GC [PSYoungGen: 821942K->548K(790720K)] 1169543K->348261K(1477696K), 0.0216990 secs] [Times: user=0.08 sys=0.01, real=0.02 secs] 
2014-07-08T02:46:18.424+0000: 3619.050: [GC [PSYoungGen: 790692K->384K(760768K)] 1138405K->348225K(1447744K), 0.0053640 secs] [Times: user=0.02 sys=0.00, real=0.00 secs] 
2014-07-08T02:46:19.979+0000: 3620.605: [GC [PSYoungGen: 760768K->744K(732800K)] 1108609K->348689K(1419776K), 0.0053100 secs] [Times: user=0.01 sys=0.01, real=0.01 secs] 
2014-07-08T02:46:21.494+0000: 3622.120: [GC [PSYoungGen: 732776K->256K(705280K)] 1080721K->348273K(1392256K), 0.0142920 secs] [Times: user=0.06 sys=0.00, real=0.01 secs] 
2014-07-08T02:46:23.018+0000: 3623.644: [GC [PSYoungGen: 705258K->598K(679872K)] 1053276K->348695K(1366848K), 0.0140270 secs] [Times: user=0.05 sys=0.01, real=0.01 secs] 
2014-07-08T02:46:24.338+0000: 3624.964: [GC [PSYoungGen: 679830K->306K(654976K)] 1027927K->348475K(1341952K), 0.0204900 secs] [Times: user=0.08 sys=0.00, real=0.02 secs] 
2014-07-08T02:46:25.803+0000: 3626.429: [GC [PSYoungGen: 654954K->438K(631680K)] 1003124K->348663K(1318656K), 0.0106220 secs] [Times: user=0.03 sys=0.00, real=0.01 secs] 
2014-07-08T02:46:27.335+0000: 3627.961: [GC [PSYoungGen: 631663K->242K(609088K)] 979889K->348491K(1296064K), 0.0053800 secs] [Times: user=0.02 sys=0.00, real=0.00 secs] 
2014-07-08T02:46:28.746+0000: 3629.372: [GC [PSYoungGen: 609074K->192K(587648K)] 957323K->348481K(1274624K), 0.0182940 secs] [Times: user=0.05 sys=0.00, real=0.01 secs] 
2014-07-08T02:46:30.207+0000: 3630.833: [GC [PSYoungGen: 587648K->160K(705152K)] 935937K->348481K(1392128K), 0.0281290 secs] [Times: user=0.10 sys=0.00, real=0.03 secs] 
2014-07-08T02:46:31.853+0000: 3632.479: [GC [PSYoungGen: 705120K->292K(846272K)] 1053441K->348645K(1533248K), 0.0182000 secs] [Times: user=0.07 sys=0.00, real=0.02 secs] 
2014-07-08T02:46:34.051+0000: 3634.677: [GC [PSYoungGen: 846230K->228K(813824K)] 1194584K->348597K(1500800K), 0.0055780 secs] [Times: user=0.02 sys=0.00, real=0.01 secs] 
2014-07-08T02:46:35.993+0000: 3636.619: [GC [PSYoungGen: 813796K->128K(782848K)] 1162165K->348513K(1469824K), 0.0074060 secs] [Times: user=0.02 sys=0.01, real=0.01 secs] 
Heap
 PSYoungGen      total 782848K, used 496534K [0x0000000755560000, 0x00000007b6a60000, 0x0000000800000000)
  eden space 782720K, 63% used [0x0000000755560000,0x0000000773a25818,0x00000007851c0000)
  from space 128K, 100% used [0x00000007b68d0000,0x00000007b68f0000,0x00000007b68f0000)
  to   space 896K, 0% used [0x00000007b6980000,0x00000007b6980000,0x00000007b6a60000)
 ParOldGen       total 686976K, used 348385K [0x0000000600000000, 0x0000000629ee0000, 0x0000000755560000)
  object space 686976K, 50% used [0x0000000600000000,0x0000000615438790,0x0000000629ee0000)
 PSPermGen       total 21248K, used 11723K [0x00000005f5a00000, 0x00000005f6ec0000, 0x0000000600000000)
  object space 21248K, 55% used [0x00000005f5a00000,0x00000005f6572fb0,0x00000005f6ec0000)
