2014-07-08T01:46:21.967+0000: 22.593: [GC [PSYoungGen: 257728K->15134K(300608K)] 257728K->15142K(987584K), 0.0570020 secs] [Times: user=0.22 sys=0.02, real=0.05 secs] 
2014-07-08T01:46:26.652+0000: 27.278: [GC [PSYoungGen: 272862K->16578K(300608K)] 272870K->16594K(987584K), 0.0111110 secs] [Times: user=0.05 sys=0.02, real=0.01 secs] 
2014-07-08T01:46:29.241+0000: 29.867: [GC [PSYoungGen: 274306K->16642K(300608K)] 274322K->16658K(987584K), 0.0234690 secs] [Times: user=0.14 sys=0.00, real=0.02 secs] 
2014-07-08T01:46:31.704+0000: 32.330: [GC [PSYoungGen: 274370K->16946K(300608K)] 274386K->16962K(987584K), 0.0164780 secs] [Times: user=0.10 sys=0.01, real=0.02 secs] 
2014-07-08T01:46:34.200+0000: 34.826: [GC [PSYoungGen: 274674K->17058K(268416K)] 274690K->17082K(955392K), 0.0189170 secs] [Times: user=0.12 sys=0.00, real=0.02 secs] 
2014-07-08T01:46:36.643+0000: 37.269: [GC [PSYoungGen: 268386K->17974K(263168K)] 268410K->18711K(950144K), 0.0281840 secs] [Times: user=0.17 sys=0.03, real=0.03 secs] 
2014-07-08T01:46:38.734+0000: 39.360: [GC [PSYoungGen: 263158K->5795K(245056K)] 263895K->21790K(932032K), 0.0132530 secs] [Times: user=0.06 sys=0.02, real=0.01 secs] 
2014-07-08T01:46:40.566+0000: 41.192: [GC [PSYoungGen: 245027K->7415K(242496K)] 261022K->23750K(929472K), 0.0071470 secs] [Times: user=0.04 sys=0.00, real=0.01 secs] 
2014-07-08T01:46:42.257+0000: 42.883: [GC [PSYoungGen: 240947K->7812K(235904K)] 257282K->25702K(922880K), 0.0118850 secs] [Times: user=0.07 sys=0.01, real=0.01 secs] 
2014-07-08T01:46:43.896+0000: 44.522: [GC [PSYoungGen: 235844K->4009K(241280K)] 253734K->27216K(928256K), 0.0094290 secs] [Times: user=0.05 sys=0.01, real=0.01 secs] 
2014-07-08T01:46:45.469+0000: 46.095: [GC [PSYoungGen: 226729K->2128K(219776K)] 249936K->28758K(906752K), 0.0084620 secs] [Times: user=0.04 sys=0.00, real=0.01 secs] 
2014-07-08T01:46:46.953+0000: 47.579: [GC [PSYoungGen: 219728K->1388K(232640K)] 246358K->29622K(919616K), 0.0078120 secs] [Times: user=0.04 sys=0.01, real=0.01 secs] 
2014-07-08T01:46:48.481+0000: 49.107: [GC [PSYoungGen: 214060K->751K(208640K)] 242294K->29913K(895616K), 0.0057500 secs] [Times: user=0.04 sys=0.00, real=0.00 secs] 
2014-07-08T01:46:49.980+0000: 50.606: [GC [PSYoungGen: 208623K->682K(223424K)] 237785K->30008K(910400K), 0.0119770 secs] [Times: user=0.07 sys=0.00, real=0.02 secs] 
2014-07-08T01:46:51.277+0000: 51.903: [GC [PSYoungGen: 203946K->1213K(200000K)] 233272K->30883K(886976K), 0.0113910 secs] [Times: user=0.06 sys=0.00, real=0.01 secs] 
2014-07-08T01:46:52.379+0000: 53.005: [GC [PSYoungGen: 199996K->1027K(213568K)] 229666K->31342K(900544K), 0.0056100 secs] [Times: user=0.02 sys=0.00, real=0.01 secs] 
2014-07-08T01:46:53.499+0000: 54.125: [GC [PSYoungGen: 195496K->584K(190976K)] 225811K->31222K(877952K), 0.0054260 secs] [Times: user=0.02 sys=0.00, real=0.01 secs] 
2014-07-08T01:46:54.572+0000: 55.198: [GC [PSYoungGen: 190920K->755K(204352K)] 221558K->31450K(891328K), 0.0043400 secs] [Times: user=0.02 sys=0.00, real=0.00 secs] 
2014-07-08T01:46:55.627+0000: 56.253: [GC [PSYoungGen: 187042K->520K(182976K)] 217737K->31378K(869952K), 0.0065460 secs] [Times: user=0.03 sys=0.00, real=0.01 secs] 
2014-07-08T01:46:56.686+0000: 57.312: [GC [PSYoungGen: 182920K->516K(195264K)] 213778K->31414K(882240K), 0.0074660 secs] [Times: user=0.03 sys=0.00, real=0.01 secs] 
2014-07-08T01:46:57.717+0000: 58.342: [GC [PSYoungGen: 179140K->834K(175872K)] 210038K->31756K(862848K), 0.0063780 secs] [Times: user=0.02 sys=0.00, real=0.01 secs] 
2014-07-08T01:46:58.735+0000: 59.361: [GC [PSYoungGen: 175810K->616K(186368K)] 206732K->31618K(873344K), 0.0031880 secs] [Times: user=0.01 sys=0.00, real=0.00 secs] 
2014-07-08T01:46:59.756+0000: 60.382: [GC [PSYoungGen: 172072K->712K(168832K)] 203074K->31794K(855808K), 0.0042780 secs] [Times: user=0.02 sys=0.00, real=0.00 secs] 
2014-07-08T01:47:00.748+0000: 61.374: [GC [PSYoungGen: 168776K->630K(178176K)] 199858K->31800K(865152K), 0.0050450 secs] [Times: user=0.02 sys=0.01, real=0.01 secs] 
2014-07-08T01:47:01.695+0000: 62.321: [GC [PSYoungGen: 165430K->662K(162304K)] 196600K->31912K(849280K), 0.0032550 secs] [Times: user=0.02 sys=0.00, real=0.00 secs] 
2014-07-08T01:47:02.635+0000: 63.261: [GC [PSYoungGen: 162262K->616K(170240K)] 193512K->31930K(857216K), 0.0058840 secs] [Times: user=0.03 sys=0.01, real=0.00 secs] 
2014-07-08T01:47:03.571+0000: 64.197: [GC [PSYoungGen: 159144K->566K(156096K)] 190458K->31928K(843072K), 0.0066000 secs] [Times: user=0.04 sys=0.00, real=0.01 secs] 
2014-07-08T01:47:04.466+0000: 65.092: [GC [PSYoungGen: 156082K->680K(162816K)] 187444K->32098K(849792K), 0.0072170 secs] [Times: user=0.04 sys=0.00, real=0.01 secs] 
2014-07-08T01:47:05.414+0000: 66.040: [GC [PSYoungGen: 153320K->862K(150720K)] 184738K->32352K(837696K), 0.0051080 secs] [Times: user=0.02 sys=0.00, real=0.00 secs] 
2014-07-08T01:47:06.383+0000: 67.009: [GC [PSYoungGen: 150685K->534K(155904K)] 182175K->32064K(842880K), 0.0072910 secs] [Times: user=0.04 sys=0.00, real=0.00 secs] 
2014-07-08T01:47:07.336+0000: 67.961: [GC [PSYoungGen: 147605K->776K(145280K)] 179135K->32402K(832256K), 0.0059260 secs] [Times: user=0.04 sys=0.01, real=0.00 secs] 
2014-07-08T01:47:08.167+0000: 68.793: [GC [PSYoungGen: 145223K->548K(149504K)] 176849K->32222K(836480K), 0.0039730 secs] [Times: user=0.02 sys=0.00, real=0.00 secs] 
2014-07-08T01:47:08.960+0000: 69.586: [GC [PSYoungGen: 142414K->776K(140224K)] 174088K->32506K(827200K), 0.0103900 secs] [Times: user=0.05 sys=0.00, real=0.01 secs] 
2014-07-08T01:47:09.763+0000: 70.389: [GC [PSYoungGen: 140168K->804K(143296K)] 171898K->32598K(830272K), 0.0059000 secs] [Times: user=0.03 sys=0.00, real=0.01 secs] 
2014-07-08T01:47:10.600+0000: 71.226: [GC [PSYoungGen: 137718K->868K(135488K)] 169512K->32726K(822464K), 0.0041920 secs] [Times: user=0.02 sys=0.00, real=0.01 secs] 
2014-07-08T01:47:11.385+0000: 72.011: [GC [PSYoungGen: 135404K->762K(137664K)] 167262K->32668K(824640K), 0.0055770 secs] [Times: user=0.02 sys=0.01, real=0.00 secs] 
2014-07-08T01:47:12.155+0000: 72.781: [GC [PSYoungGen: 133050K->548K(130624K)] 164956K->32518K(817600K), 0.0074920 secs] [Times: user=0.04 sys=0.00, real=0.00 secs] 
2014-07-08T01:47:12.952+0000: 73.577: [GC [PSYoungGen: 130596K->630K(132416K)] 162566K->32672K(819392K), 0.0056750 secs] [Times: user=0.03 sys=0.00, real=0.01 secs] 
2014-07-08T01:47:13.711+0000: 74.337: [GC [PSYoungGen: 128468K->712K(126528K)] 160510K->32810K(813504K), 0.0038520 secs] [Times: user=0.01 sys=0.00, real=0.01 secs] 
2014-07-08T01:47:14.447+0000: 75.073: [GC [PSYoungGen: 126450K->744K(127552K)] 158548K->32914K(814528K), 0.0044610 secs] [Times: user=0.02 sys=0.00, real=0.00 secs] 
2014-07-08T01:47:15.170+0000: 75.796: [GC [PSYoungGen: 124456K->758K(122496K)] 156626K->33040K(809472K), 0.0052810 secs] [Times: user=0.02 sys=0.01, real=0.01 secs] 
2014-07-08T01:47:15.904+0000: 76.529: [GC [PSYoungGen: 122486K->630K(123008K)] 154768K->32976K(809984K), 0.0050850 secs] [Times: user=0.03 sys=0.00, real=0.01 secs] 
2014-07-08T01:47:16.625+0000: 77.251: [GC [PSYoungGen: 120438K->736K(118720K)] 152784K->33130K(805696K), 0.0079230 secs] [Times: user=0.05 sys=0.00, real=0.00 secs] 
2014-07-08T01:47:17.292+0000: 77.918: [GC [PSYoungGen: 118666K->1014K(118720K)] 151060K->33496K(805696K), 0.0043240 secs] [Times: user=0.02 sys=0.00, real=0.01 secs] 
2014-07-08T01:47:17.998+0000: 78.624: [GC [PSYoungGen: 117174K->1050K(115456K)] 149656K->33596K(802432K), 0.0043810 secs] [Times: user=0.01 sys=0.01, real=0.00 secs] 
2014-07-08T01:47:18.672+0000: 79.298: [GC [PSYoungGen: 115418K->640K(114816K)] 147964K->33266K(801792K), 0.0040450 secs] [Times: user=0.02 sys=0.00, real=0.01 secs] 
2014-07-08T01:47:19.313+0000: 79.939: [GC [PSYoungGen: 113280K->580K(111616K)] 145906K->33278K(798592K), 0.0061850 secs] [Times: user=0.03 sys=0.00, real=0.01 secs] 
2014-07-08T01:47:19.945+0000: 80.571: [GC [PSYoungGen: 111549K->736K(110976K)] 144247K->33490K(797952K), 0.0044280 secs] [Times: user=0.02 sys=0.00, real=0.00 secs] 
2014-07-08T01:47:20.584+0000: 81.210: [GC [PSYoungGen: 110048K->754K(108480K)] 142802K->33580K(795456K), 0.0030350 secs] [Times: user=0.01 sys=0.00, real=0.01 secs] 
2014-07-08T01:47:21.210+0000: 81.836: [GC [PSYoungGen: 108432K->434K(107328K)] 141258K->33324K(794304K), 0.0065030 secs] [Times: user=0.03 sys=0.01, real=0.01 secs] 
2014-07-08T01:47:21.811+0000: 82.437: [GC [PSYoungGen: 106562K->701K(105344K)] 139452K->33663K(792320K), 0.0032350 secs] [Times: user=0.01 sys=0.00, real=0.00 secs] 
2014-07-08T01:47:22.406+0000: 83.032: [GC [PSYoungGen: 105341K->662K(103872K)] 138303K->33680K(790848K), 0.0035110 secs] [Times: user=0.01 sys=0.00, real=0.00 secs] 
2014-07-08T01:47:23.031+0000: 83.657: [GC [PSYoungGen: 103830K->847K(102592K)] 136848K->33953K(789568K), 0.0040810 secs] [Times: user=0.02 sys=0.00, real=0.00 secs] 
2014-07-08T01:47:23.627+0000: 84.253: [GC [PSYoungGen: 102542K->612K(100928K)] 135648K->33790K(787904K), 0.0062860 secs] [Times: user=0.03 sys=0.00, real=0.00 secs] 
2014-07-08T01:47:24.222+0000: 84.847: [GC [PSYoungGen: 100900K->648K(99648K)] 134078K->33906K(786624K), 0.0059310 secs] [Times: user=0.04 sys=0.00, real=0.01 secs] 
2014-07-08T01:47:24.827+0000: 85.453: [GC [PSYoungGen: 99592K->876K(98496K)] 132850K->34206K(785472K), 0.0043800 secs] [Times: user=0.01 sys=0.00, real=0.00 secs] 
2014-07-08T01:47:25.368+0000: 85.994: [GC [PSYoungGen: 98464K->862K(97216K)] 131794K->34288K(784192K), 0.0042710 secs] [Times: user=0.02 sys=0.00, real=0.00 secs] 
2014-07-08T01:47:25.960+0000: 86.586: [GC [PSYoungGen: 97182K->908K(96000K)] 130608K->34422K(782976K), 0.0055690 secs] [Times: user=0.04 sys=0.00, real=0.00 secs] 
2014-07-08T01:47:26.518+0000: 87.144: [GC [PSYoungGen: 95948K->598K(94400K)] 129462K->34200K(781376K), 0.0044120 secs] [Times: user=0.02 sys=0.00, real=0.00 secs] 
2014-07-08T01:47:27.070+0000: 87.696: [GC [PSYoungGen: 94349K->712K(93312K)] 127951K->34402K(780288K), 0.0058920 secs] [Times: user=0.04 sys=0.00, real=0.01 secs] 
2014-07-08T01:47:27.626+0000: 88.251: [GC [PSYoungGen: 93256K->666K(92032K)] 126946K->34404K(779008K), 0.0043370 secs] [Times: user=0.02 sys=0.00, real=0.01 secs] 
2014-07-08T01:47:28.175+0000: 88.801: [GC [PSYoungGen: 91994K->612K(90816K)] 125732K->34390K(777792K), 0.0032950 secs] [Times: user=0.01 sys=0.00, real=0.01 secs] 
2014-07-08T01:47:28.724+0000: 89.350: [GC [PSYoungGen: 90788K->680K(89728K)] 124566K->34538K(776704K), 0.0047460 secs] [Times: user=0.02 sys=0.00, real=0.01 secs] 
2014-07-08T01:47:29.237+0000: 89.863: [GC [PSYoungGen: 89669K->598K(88576K)] 123527K->34504K(775552K), 0.0073040 secs] [Times: user=0.03 sys=0.00, real=0.00 secs] 
2014-07-08T01:47:29.732+0000: 90.358: [GC [PSYoungGen: 88501K->844K(87744K)] 122407K->34846K(774720K), 0.0035550 secs] [Times: user=0.02 sys=0.00, real=0.00 secs] 
2014-07-08T01:47:30.258+0000: 90.884: [GC [PSYoungGen: 87692K->648K(86464K)] 121694K->34730K(773440K), 0.0052120 secs] [Times: user=0.03 sys=0.00, real=0.00 secs] 
2014-07-08T01:47:30.757+0000: 91.383: [GC [PSYoungGen: 86375K->748K(85504K)] 120457K->34902K(772480K), 0.0064820 secs] [Times: user=0.03 sys=0.00, real=0.00 secs] 
2014-07-08T01:47:31.218+0000: 91.844: [GC [PSYoungGen: 85442K->566K(93376K)] 119596K->34760K(780352K), 0.0078960 secs] [Times: user=0.04 sys=0.00, real=0.00 secs] 
2014-07-08T01:47:31.734+0000: 92.360: [GC [PSYoungGen: 92534K->822K(91648K)] 126728K->35096K(778624K), 0.0028610 secs] [Times: user=0.01 sys=0.00, real=0.00 secs] 
2014-07-08T01:47:32.246+0000: 92.872: [GC [PSYoungGen: 91638K->662K(90368K)] 125912K->35008K(777344K), 0.0039500 secs] [Times: user=0.02 sys=0.00, real=0.01 secs] 
2014-07-08T01:47:32.770+0000: 93.396: [GC [PSYoungGen: 90326K->698K(89216K)] 124672K->35108K(776192K), 0.0066270 secs] [Times: user=0.04 sys=0.01, real=0.01 secs] 
2014-07-08T01:47:33.271+0000: 93.897: [GC [PSYoungGen: 89209K->676K(88128K)] 123619K->35198K(775104K), 0.0043360 secs] [Times: user=0.02 sys=0.01, real=0.00 secs] 
2014-07-08T01:47:33.781+0000: 94.406: [GC [PSYoungGen: 88100K->712K(91136K)] 122622K->35306K(778112K), 0.0071760 secs] [Times: user=0.04 sys=0.00, real=0.01 secs] 
2014-07-08T01:47:34.226+0000: 94.852: [GC [PSYoungGen: 90632K->630K(106112K)] 125226K->35272K(793088K), 0.0052080 secs] [Times: user=0.02 sys=0.00, real=0.01 secs] 
2014-07-08T01:47:34.774+0000: 95.400: [GC [PSYoungGen: 105590K->854K(106112K)] 140232K->35568K(793088K), 0.0065410 secs] [Times: user=0.03 sys=0.00, real=0.01 secs] 
2014-07-08T01:47:35.297+0000: 95.923: [GC [PSYoungGen: 105814K->676K(127104K)] 140528K->35446K(814080K), 0.0044590 secs] [Times: user=0.02 sys=0.00, real=0.00 secs] 
2014-07-08T01:47:35.964+0000: 96.590: [GC [PSYoungGen: 126614K->698K(124608K)] 161384K->35524K(811584K), 0.0051700 secs] [Times: user=0.02 sys=0.00, real=0.01 secs] 
2014-07-08T01:47:36.597+0000: 97.223: [GC [PSYoungGen: 124602K->497K(122432K)] 159428K->35921K(809408K), 0.0029010 secs] [Times: user=0.02 sys=0.00, real=0.01 secs] 
2014-07-08T01:47:37.199+0000: 97.825: [GC [PSYoungGen: 122417K->1094K(121152K)] 157841K->36606K(808128K), 0.0057430 secs] [Times: user=0.03 sys=0.00, real=0.00 secs] 
2014-07-08T01:47:37.807+0000: 98.433: [GC [PSYoungGen: 121089K->666K(118848K)] 156601K->36592K(805824K), 0.0032660 secs] [Times: user=0.01 sys=0.00, real=0.01 secs] 
2014-07-08T01:47:38.389+0000: 99.015: [GC [PSYoungGen: 118810K->812K(117120K)] 154736K->36834K(804096K), 0.0038770 secs] [Times: user=0.02 sys=0.00, real=0.00 secs] 
2014-07-08T01:47:38.968+0000: 99.594: [GC [PSYoungGen: 117100K->744K(115264K)] 153122K->36838K(802240K), 0.0037670 secs] [Times: user=0.02 sys=0.00, real=0.00 secs] 
2014-07-08T01:47:39.541+0000: 100.167: [GC [PSYoungGen: 115210K->830K(113600K)] 151305K->36988K(800576K), 0.0044140 secs] [Times: user=0.02 sys=0.01, real=0.00 secs] 
2014-07-08T01:47:40.121+0000: 100.747: [GC [PSYoungGen: 113598K->786K(111936K)] 149756K->37008K(798912K), 0.0056490 secs] [Times: user=0.03 sys=0.00, real=0.00 secs] 
2014-07-08T01:47:40.686+0000: 101.312: [GC [PSYoungGen: 111890K->648K(110144K)] 148112K->36950K(797120K), 0.0030130 secs] [Times: user=0.01 sys=0.00, real=0.01 secs] 
2014-07-08T01:47:41.245+0000: 101.871: [GC [PSYoungGen: 110088K->829K(108672K)] 146390K->37203K(795648K), 0.0040830 secs] [Times: user=0.02 sys=0.00, real=0.01 secs] 
2014-07-08T01:47:41.778+0000: 102.404: [GC [PSYoungGen: 108669K->758K(107072K)] 145043K->37212K(794048K), 0.0029840 secs] [Times: user=0.02 sys=0.00, real=0.01 secs] 
2014-07-08T01:47:42.274+0000: 102.900: [GC [PSYoungGen: 107062K->630K(105408K)] 143516K->37214K(792384K), 0.0064030 secs] [Times: user=0.05 sys=0.00, real=0.01 secs] 
2014-07-08T01:47:42.769+0000: 103.395: [GC [PSYoungGen: 105398K->818K(104128K)] 141982K->37466K(791104K), 0.0045890 secs] [Times: user=0.01 sys=0.00, real=0.00 secs] 
2014-07-08T01:47:43.245+0000: 103.871: [GC [PSYoungGen: 104114K->598K(102464K)] 140762K->37286K(789440K), 0.0043080 secs] [Times: user=0.02 sys=0.00, real=0.01 secs] 
2014-07-08T01:47:43.744+0000: 104.369: [GC [PSYoungGen: 102422K->1002K(101440K)] 139110K->37746K(788416K), 0.0031300 secs] [Times: user=0.01 sys=0.00, real=0.00 secs] 
2014-07-08T01:47:44.224+0000: 104.850: [GC [PSYoungGen: 101402K->562K(99648K)] 138147K->37386K(786624K), 0.0028600 secs] [Times: user=0.01 sys=0.00, real=0.00 secs] 
2014-07-08T01:47:44.706+0000: 105.332: [GC [PSYoungGen: 99626K->598K(98368K)] 136450K->37470K(785344K), 0.0056850 secs] [Times: user=0.03 sys=0.00, real=0.01 secs] 
2014-07-08T01:47:45.172+0000: 105.798: [GC [PSYoungGen: 98326K->712K(97216K)] 135198K->37656K(784192K), 0.0062820 secs] [Times: user=0.03 sys=0.00, real=0.00 secs] 
2014-07-08T01:47:45.633+0000: 106.259: [GC [PSYoungGen: 97160K->698K(95872K)] 134104K->37674K(782848K), 0.0045590 secs] [Times: user=0.01 sys=0.00, real=0.00 secs] 
2014-07-08T01:47:46.069+0000: 106.695: [GC [PSYoungGen: 95866K->598K(94528K)] 132842K->37638K(781504K), 0.0028570 secs] [Times: user=0.01 sys=0.00, real=0.00 secs] 
2014-07-08T01:47:46.505+0000: 107.131: [GC [PSYoungGen: 94486K->598K(93312K)] 131526K->37742K(780288K), 0.0037560 secs] [Times: user=0.02 sys=0.00, real=0.01 secs] 
2014-07-08T01:47:46.966+0000: 107.592: [GC [PSYoungGen: 93270K->598K(92096K)] 130414K->37798K(779072K), 0.0061420 secs] [Times: user=0.04 sys=0.00, real=0.01 secs] 
2014-07-08T01:47:47.396+0000: 108.022: [GC [PSYoungGen: 92036K->944K(91264K)] 129236K->38224K(778240K), 0.0039580 secs] [Times: user=0.02 sys=0.00, real=0.01 secs] 
2014-07-08T01:47:47.864+0000: 108.489: [GC [PSYoungGen: 91229K->502K(89664K)] 128510K->38006K(776640K), 0.0029300 secs] [Times: user=0.02 sys=0.00, real=0.00 secs] 
2014-07-08T01:47:48.230+0000: 108.856: [GC [PSYoungGen: 89572K->1015K(89088K)] 127076K->38649K(776064K), 0.0029000 secs] [Times: user=0.01 sys=0.00, real=0.00 secs] 
2014-07-08T01:47:48.633+0000: 109.259: [GC [PSYoungGen: 89079K->701K(87680K)] 126713K->38611K(774656K), 0.0034800 secs] [Times: user=0.01 sys=0.00, real=0.00 secs] 
2014-07-08T01:47:49.039+0000: 109.665: [GC [PSYoungGen: 87677K->680K(105088K)] 125587K->38646K(792064K), 0.0069410 secs] [Times: user=0.04 sys=0.00, real=0.01 secs] 
2014-07-08T01:47:49.514+0000: 110.140: [GC [PSYoungGen: 105064K->598K(116608K)] 143030K->38596K(803584K), 0.0056730 secs] [Times: user=0.02 sys=0.00, real=0.00 secs] 
2014-07-08T01:47:50.062+0000: 110.688: [GC [PSYoungGen: 116118K->662K(116672K)] 154116K->38732K(803648K), 0.0048200 secs] [Times: user=0.03 sys=0.00, real=0.00 secs] 
2014-07-08T01:47:50.576+0000: 111.202: [GC [PSYoungGen: 116182K->680K(139648K)] 154252K->38806K(826624K), 0.0074550 secs] [Times: user=0.04 sys=0.01, real=0.01 secs] 
2014-07-08T01:47:51.211+0000: 111.837: [GC [PSYoungGen: 139304K->762K(137024K)] 177430K->38968K(824000K), 0.0036290 secs] [Times: user=0.01 sys=0.00, real=0.00 secs] 
2014-07-08T01:47:51.838+0000: 112.464: [GC [PSYoungGen: 137018K->438K(134400K)] 175224K->39023K(821376K), 0.0029890 secs] [Times: user=0.01 sys=0.01, real=0.01 secs] 
2014-07-08T01:47:52.458+0000: 113.083: [GC [PSYoungGen: 134389K->1022K(132736K)] 172974K->39695K(819712K), 0.0032270 secs] [Times: user=0.02 sys=0.00, real=0.01 secs] 
2014-07-08T01:47:53.082+0000: 113.708: [GC [PSYoungGen: 132734K->736K(130304K)] 171407K->39663K(817280K), 0.0049900 secs] [Times: user=0.03 sys=0.00, real=0.00 secs] 
2014-07-08T01:47:53.676+0000: 114.302: [GC [PSYoungGen: 130246K->744K(128192K)] 169174K->39727K(815168K), 0.0045450 secs] [Times: user=0.02 sys=0.00, real=0.01 secs] 
2014-07-08T01:47:54.224+0000: 114.850: [GC [PSYoungGen: 128168K->676K(126080K)] 167151K->39707K(813056K), 0.0040230 secs] [Times: user=0.02 sys=0.00, real=0.00 secs] 
2014-07-08T01:47:54.816+0000: 115.441: [GC [PSYoungGen: 126052K->758K(124096K)] 165083K->39861K(811072K), 0.0025130 secs] [Times: user=0.01 sys=0.00, real=0.00 secs] 
2014-07-08T01:47:55.370+0000: 115.996: [GC [PSYoungGen: 124058K->812K(122176K)] 163161K->39987K(809152K), 0.0024400 secs] [Times: user=0.01 sys=0.01, real=0.01 secs] 
2014-07-08T01:47:55.947+0000: 116.573: [GC [PSYoungGen: 122156K->758K(120192K)] 161331K->40005K(807168K), 0.0041190 secs] [Times: user=0.02 sys=0.00, real=0.01 secs] 
2014-07-08T01:47:56.480+0000: 117.106: [GC [PSYoungGen: 120182K->498K(118080K)] 159429K->39801K(805056K), 0.0084310 secs] [Times: user=0.02 sys=0.01, real=0.01 secs] 
2014-07-08T01:47:57.008+0000: 117.634: [GC [PSYoungGen: 118022K->502K(116288K)] 157326K->39829K(803264K), 0.0047140 secs] [Times: user=0.01 sys=0.00, real=0.01 secs] 
2014-07-08T01:47:57.537+0000: 118.163: [GC [PSYoungGen: 116278K->776K(114816K)] 155605K->40183K(801792K), 0.0034490 secs] [Times: user=0.01 sys=0.01, real=0.00 secs] 
2014-07-08T01:47:58.072+0000: 118.698: [GC [PSYoungGen: 114760K->676K(135104K)] 154167K->40115K(822080K), 0.0133600 secs] [Times: user=0.05 sys=0.00, real=0.01 secs] 
2014-07-08T01:47:58.692+0000: 119.318: [GC [PSYoungGen: 134679K->548K(137920K)] 174118K->40035K(824896K), 0.0085010 secs] [Times: user=0.05 sys=0.00, real=0.00 secs] 
2014-07-08T01:47:59.305+0000: 119.931: [GC [PSYoungGen: 137380K->766K(137920K)] 176867K->40293K(824896K), 0.0036010 secs] [Times: user=0.01 sys=0.00, real=0.00 secs] 
2014-07-08T01:47:59.957+0000: 120.583: [GC [PSYoungGen: 137598K->612K(165184K)] 177125K->40219K(852160K), 0.0059050 secs] [Times: user=0.04 sys=0.00, real=0.01 secs] 
2014-07-08T01:48:00.710+0000: 121.335: [GC [PSYoungGen: 164836K->516K(165248K)] 204443K->40147K(852224K), 0.0072360 secs] [Times: user=0.04 sys=0.00, real=0.01 secs] 
2014-07-08T01:48:01.411+0000: 122.037: [GC [PSYoungGen: 164740K->818K(161920K)] 204371K->40538K(848896K), 0.0045510 secs] [Times: user=0.03 sys=0.00, real=0.00 secs] 
2014-07-08T01:48:02.170+0000: 122.795: [GC [PSYoungGen: 161864K->758K(158784K)] 201584K->40565K(845760K), 0.0057810 secs] [Times: user=0.03 sys=0.00, real=0.01 secs] 
2014-07-08T01:48:02.900+0000: 123.526: [GC [PSYoungGen: 158773K->637K(155712K)] 198581K->40668K(842688K), 0.0063210 secs] [Times: user=0.04 sys=0.00, real=0.01 secs] 
2014-07-08T01:48:03.590+0000: 124.215: [GC [PSYoungGen: 155709K->744K(152960K)] 195740K->40854K(839936K), 0.0034600 secs] [Times: user=0.02 sys=0.00, real=0.01 secs] 
2014-07-08T01:48:04.269+0000: 124.895: [GC [PSYoungGen: 152936K->744K(150144K)] 193046K->40950K(837120K), 0.0067350 secs] [Times: user=0.04 sys=0.01, real=0.01 secs] 
2014-07-08T01:48:04.955+0000: 125.581: [GC [PSYoungGen: 150120K->808K(147520K)] 190326K->41142K(834496K), 0.0049150 secs] [Times: user=0.02 sys=0.00, real=0.00 secs] 
2014-07-08T01:48:05.603+0000: 126.229: [GC [PSYoungGen: 147496K->452K(144576K)] 187830K->40802K(831552K), 0.0040290 secs] [Times: user=0.02 sys=0.00, real=0.00 secs] 
2014-07-08T01:48:06.210+0000: 126.836: [GC [PSYoungGen: 144514K->818K(142336K)] 184865K->41217K(829312K), 0.0052340 secs] [Times: user=0.01 sys=0.01, real=0.01 secs] 
2014-07-08T01:48:06.805+0000: 127.431: [GC [PSYoungGen: 142322K->840K(139904K)] 182721K->41294K(826880K), 0.0055680 secs] [Times: user=0.03 sys=0.00, real=0.00 secs] 
2014-07-08T01:48:07.361+0000: 127.987: [GC [PSYoungGen: 139848K->694K(137280K)] 180302K->41244K(824256K), 0.0028560 secs] [Times: user=0.02 sys=0.00, real=0.01 secs] 
2014-07-08T01:48:07.937+0000: 128.563: [GC [PSYoungGen: 137270K->630K(134912K)] 177820K->41334K(821888K), 0.0029500 secs] [Times: user=0.02 sys=0.00, real=0.00 secs] 
2014-07-08T01:48:08.492+0000: 129.118: [GC [PSYoungGen: 134902K->562K(132608K)] 175606K->41330K(819584K), 0.0029410 secs] [Times: user=0.01 sys=0.00, real=0.01 secs] 
2014-07-08T01:48:09.053+0000: 129.679: [GC [PSYoungGen: 132594K->794K(130688K)] 173362K->41643K(817664K), 0.0054650 secs] [Times: user=0.04 sys=0.00, real=0.00 secs] 
2014-07-08T01:48:09.578+0000: 130.203: [GC [PSYoungGen: 130603K->819K(128576K)] 171452K->41692K(815552K), 0.0061940 secs] [Times: user=0.01 sys=0.01, real=0.01 secs] 
2014-07-08T01:48:10.100+0000: 130.726: [GC [PSYoungGen: 128563K->434K(126080K)] 169436K->41396K(813056K), 0.0046800 secs] [Times: user=0.02 sys=0.00, real=0.01 secs] 
2014-07-08T01:48:10.602+0000: 131.228: [GC [PSYoungGen: 126066K->662K(124288K)] 167028K->41681K(811264K), 0.0055750 secs] [Times: user=0.01 sys=0.00, real=0.01 secs] 
2014-07-08T01:48:11.132+0000: 131.758: [GC [PSYoungGen: 124246K->648K(122304K)] 165265K->41731K(809280K), 0.0047180 secs] [Times: user=0.02 sys=0.00, real=0.01 secs] 
2014-07-08T01:48:11.623+0000: 132.249: [GC [PSYoungGen: 122246K->928K(146880K)] 163329K->42067K(833856K), 0.0173930 secs] [Times: user=0.11 sys=0.00, real=0.01 secs] 
2014-07-08T01:48:12.201+0000: 132.827: [GC [PSYoungGen: 146784K->424K(175552K)] 187923K->41939K(862528K), 0.0047070 secs] [Times: user=0.03 sys=0.00, real=0.01 secs] 
2014-07-08T01:48:12.885+0000: 133.510: [GC [PSYoungGen: 175528K->794K(191744K)] 217043K->42349K(878720K), 0.0051740 secs] [Times: user=0.02 sys=0.01, real=0.00 secs] 
2014-07-08T01:48:13.631+0000: 134.257: [GC [PSYoungGen: 191450K->840K(187520K)] 233005K->42525K(874496K), 0.0026130 secs] [Times: user=0.01 sys=0.00, real=0.01 secs] 
2014-07-08T01:48:14.436+0000: 135.062: [GC [PSYoungGen: 187464K->858K(183616K)] 229149K->42623K(870592K), 0.0076550 secs] [Times: user=0.04 sys=0.00, real=0.01 secs] 
2014-07-08T01:48:15.140+0000: 135.766: [GC [PSYoungGen: 183578K->434K(179392K)] 225343K->42319K(866368K), 0.0068180 secs] [Times: user=0.04 sys=0.00, real=0.01 secs] 
2014-07-08T01:48:15.849+0000: 136.475: [GC [PSYoungGen: 179337K->1040K(176384K)] 221222K->42973K(863360K), 0.0049410 secs] [Times: user=0.03 sys=0.00, real=0.00 secs] 
2014-07-08T01:48:16.519+0000: 137.144: [GC [PSYoungGen: 176336K->680K(172480K)] 218269K->42819K(859456K), 0.0067430 secs] [Times: user=0.03 sys=0.01, real=0.01 secs] 
2014-07-08T01:48:17.185+0000: 137.811: [GC [PSYoungGen: 172456K->722K(169152K)] 214595K->42965K(856128K), 0.0052030 secs] [Times: user=0.03 sys=0.00, real=0.00 secs] 
2014-07-08T01:48:17.829+0000: 138.455: [GC [PSYoungGen: 169106K->822K(165952K)] 211349K->43113K(852928K), 0.0041550 secs] [Times: user=0.02 sys=0.00, real=0.00 secs] 
2014-07-08T01:48:18.460+0000: 139.086: [GC [PSYoungGen: 165942K->676K(162624K)] 208233K->43039K(849600K), 0.0036610 secs] [Times: user=0.02 sys=0.01, real=0.01 secs] 
2014-07-08T01:48:19.084+0000: 139.710: [GC [PSYoungGen: 162596K->683K(159552K)] 204959K->43182K(846528K), 0.0096030 secs] [Times: user=0.06 sys=0.00, real=0.01 secs] 
2014-07-08T01:48:19.696+0000: 140.322: [GC [PSYoungGen: 159485K->866K(156736K)] 201984K->43405K(843712K), 0.0054020 secs] [Times: user=0.03 sys=0.00, real=0.00 secs] 
2014-07-08T01:48:20.302+0000: 140.927: [GC [PSYoungGen: 156704K->612K(153600K)] 199243K->43273K(840576K), 0.0058780 secs] [Times: user=0.03 sys=0.00, real=0.01 secs] 
2014-07-08T01:48:20.869+0000: 141.495: [GC [PSYoungGen: 153572K->864K(151040K)] 196233K->43573K(838016K), 0.0035510 secs] [Times: user=0.01 sys=0.00, real=0.00 secs] 
2014-07-08T01:48:21.411+0000: 142.037: [GC [PSYoungGen: 151008K->694K(148096K)] 193717K->43483K(835072K), 0.0025020 secs] [Times: user=0.01 sys=0.00, real=0.00 secs] 
2014-07-08T01:48:21.977+0000: 142.603: [GC [PSYoungGen: 148086K->758K(145536K)] 190875K->43627K(832512K), 0.0027330 secs] [Times: user=0.01 sys=0.00, real=0.00 secs] 
2014-07-08T01:48:22.499+0000: 143.125: [GC [PSYoungGen: 145526K->736K(142976K)] 188395K->43743K(829952K), 0.0049710 secs] [Times: user=0.03 sys=0.00, real=0.00 secs] 
2014-07-08T01:48:23.027+0000: 143.653: [GC [PSYoungGen: 142919K->1028K(140800K)] 185926K->44139K(827776K), 0.0039870 secs] [Times: user=0.02 sys=0.00, real=0.00 secs] 
2014-07-08T01:48:23.558+0000: 144.183: [GC [PSYoungGen: 140740K->374K(137664K)] 183851K->43843K(824640K), 0.0042740 secs] [Times: user=0.03 sys=0.00, real=0.00 secs] 
2014-07-08T01:48:24.074+0000: 144.700: [GC [PSYoungGen: 137654K->744K(135680K)] 181123K->44277K(822656K), 0.0029310 secs] [Times: user=0.01 sys=0.00, real=0.01 secs] 
2014-07-08T01:48:24.573+0000: 145.199: [GC [PSYoungGen: 135623K->776K(133440K)] 179156K->44495K(820416K), 0.0040680 secs] [Times: user=0.03 sys=0.00, real=0.01 secs] 
2014-07-08T01:48:25.052+0000: 145.678: [GC [PSYoungGen: 133383K->630K(131008K)] 177102K->44429K(817984K), 0.0033060 secs] [Times: user=0.02 sys=0.00, real=0.01 secs] 
2014-07-08T01:48:25.552+0000: 146.178: [GC [PSYoungGen: 130998K->753K(157248K)] 174797K->44882K(844224K), 0.0187260 secs] [Times: user=0.11 sys=0.00, real=0.02 secs] 
2014-07-08T01:48:26.156+0000: 146.782: [GC [PSYoungGen: 157233K->812K(188608K)] 201362K->44980K(875584K), 0.0080820 secs] [Times: user=0.04 sys=0.00, real=0.00 secs] 
2014-07-08T01:48:26.859+0000: 147.485: [GC [PSYoungGen: 188576K->612K(203712K)] 232745K->44928K(890688K), 0.0054460 secs] [Times: user=0.03 sys=0.00, real=0.00 secs] 
2014-07-08T01:48:27.625+0000: 148.251: [GC [PSYoungGen: 203556K->754K(204096K)] 247872K->45086K(891072K), 0.0047260 secs] [Times: user=0.01 sys=0.00, real=0.00 secs] 
2014-07-08T01:48:28.380+0000: 149.006: [GC [PSYoungGen: 203698K->594K(199168K)] 248030K->44974K(886144K), 0.0033840 secs] [Times: user=0.01 sys=0.00, real=0.00 secs] 
2014-07-08T01:48:29.085+0000: 149.711: [GC [PSYoungGen: 199122K->982K(195264K)] 243502K->45434K(882240K), 0.0025140 secs] [Times: user=0.01 sys=0.00, real=0.01 secs] 
2014-07-08T01:48:29.777+0000: 150.403: [GC [PSYoungGen: 195222K->548K(190656K)] 239674K->45072K(877632K), 0.0025270 secs] [Times: user=0.01 sys=0.01, real=0.00 secs] 
2014-07-08T01:48:30.446+0000: 151.072: [GC [PSYoungGen: 190628K->812K(186880K)] 235152K->45360K(873856K), 0.0061800 secs] [Times: user=0.01 sys=0.01, real=0.00 secs] 
2014-07-08T01:48:31.084+0000: 151.710: [GC [PSYoungGen: 186860K->918K(183168K)] 231408K->45499K(870144K), 0.0097060 secs] [Times: user=0.02 sys=0.00, real=0.01 secs] 
2014-07-08T01:48:31.742+0000: 152.368: [GC [PSYoungGen: 183126K->776K(179328K)] 227707K->45412K(866304K), 0.0054590 secs] [Times: user=0.03 sys=0.00, real=0.01 secs] 
2014-07-08T01:48:32.381+0000: 153.007: [GC [PSYoungGen: 179272K->484K(175360K)] 223908K->45136K(862336K), 0.0058050 secs] [Times: user=0.01 sys=0.00, real=0.01 secs] 
2014-07-08T01:48:33.003+0000: 153.629: [GC [PSYoungGen: 175332K->676K(172032K)] 219984K->45408K(859008K), 0.0045050 secs] [Times: user=0.03 sys=0.01, real=0.01 secs] 
2014-07-08T01:48:33.623+0000: 154.249: [GC [PSYoungGen: 171984K->876K(168832K)] 216716K->45680K(855808K), 0.0035800 secs] [Times: user=0.02 sys=0.00, real=0.01 secs] 
2014-07-08T01:48:34.213+0000: 154.839: [GC [PSYoungGen: 168806K->498K(165184K)] 213611K->45342K(852160K), 0.0081000 secs] [Times: user=0.04 sys=0.01, real=0.01 secs] 
2014-07-08T01:48:34.820+0000: 155.446: [GC [PSYoungGen: 165168K->948K(162432K)] 210012K->45996K(849408K), 0.0032460 secs] [Times: user=0.01 sys=0.00, real=0.00 secs] 
2014-07-08T01:48:35.372+0000: 155.997: [GC [PSYoungGen: 162420K->850K(159296K)] 207468K->45963K(846272K), 0.0032830 secs] [Times: user=0.01 sys=0.00, real=0.00 secs] 
2014-07-08T01:48:35.918+0000: 156.544: [GC [PSYoungGen: 159248K->352K(155776K)] 204361K->45538K(842752K), 0.0041450 secs] [Times: user=0.01 sys=0.00, real=0.00 secs] 
2014-07-08T01:48:36.440+0000: 157.065: [GC [PSYoungGen: 155744K->1046K(153600K)] 200930K->46305K(840576K), 0.0032030 secs] [Times: user=0.01 sys=0.01, real=0.00 secs] 
2014-07-08T01:48:36.985+0000: 157.611: [GC [PSYoungGen: 153558K->694K(150400K)] 198817K->46016K(837376K), 0.0057760 secs] [Times: user=0.03 sys=0.00, real=0.01 secs] 
2014-07-08T01:48:37.479+0000: 158.105: [GC [PSYoungGen: 150389K->694K(180352K)] 195712K->46064K(867328K), 0.0118950 secs] [Times: user=0.03 sys=0.00, real=0.01 secs] 
2014-07-08T01:48:38.123+0000: 158.749: [GC [PSYoungGen: 180310K->762K(216384K)] 225681K->46172K(903360K), 0.0061840 secs] [Times: user=0.04 sys=0.00, real=0.01 secs] 
2014-07-08T01:48:38.869+0000: 159.495: [GC [PSYoungGen: 216378K->1196K(237376K)] 261788K->46631K(924352K), 0.0075570 secs] [Times: user=0.04 sys=0.00, real=0.01 secs] 
2014-07-08T01:48:39.643+0000: 160.269: [GC [PSYoungGen: 237356K->1038K(260096K)] 282791K->46512K(947072K), 0.0084720 secs] [Times: user=0.05 sys=0.01, real=0.01 secs] 
2014-07-08T01:48:40.464+0000: 161.090: [GC [PSYoungGen: 259790K->1312K(260096K)] 305264K->46923K(947072K), 0.0152040 secs] [Times: user=0.08 sys=0.00, real=0.02 secs] 
2014-07-08T01:48:41.327+0000: 161.953: [GC [PSYoungGen: 260064K->822K(311936K)] 305675K->46512K(998912K), 0.0035470 secs] [Times: user=0.02 sys=0.01, real=0.01 secs] 
2014-07-08T01:48:42.345+0000: 162.970: [GC [PSYoungGen: 311350K->1230K(312000K)] 357040K->47009K(998976K), 0.0109780 secs] [Times: user=0.07 sys=0.01, real=0.01 secs] 
2014-07-08T01:48:43.528+0000: 164.154: [GC [PSYoungGen: 311758K->1500K(303616K)] 357537K->47327K(990592K), 0.0035650 secs] [Times: user=0.02 sys=0.00, real=0.00 secs] 
2014-07-08T01:48:44.450+0000: 165.076: [GC [PSYoungGen: 303580K->630K(294592K)] 349407K->46520K(981568K), 0.0039140 secs] [Times: user=0.02 sys=0.00, real=0.00 secs] 
2014-07-08T01:48:45.313+0000: 165.939: [GC [PSYoungGen: 294582K->808K(286976K)] 340472K->46794K(973952K), 0.0038730 secs] [Times: user=0.02 sys=0.00, real=0.00 secs] 
2014-07-08T01:48:46.128+0000: 166.754: [GC [PSYoungGen: 286952K->894K(279552K)] 332938K->46944K(966528K), 0.0042080 secs] [Times: user=0.03 sys=0.00, real=0.00 secs] 
2014-07-08T01:48:46.962+0000: 167.588: [GC [PSYoungGen: 279550K->772K(272256K)] 325600K->46847K(959232K), 0.0043140 secs] [Times: user=0.01 sys=0.00, real=0.00 secs] 
2014-07-08T01:48:47.900+0000: 168.526: [GC [PSYoungGen: 272196K->1156K(265728K)] 318271K->47278K(952704K), 0.0037670 secs] [Times: user=0.02 sys=0.00, real=0.00 secs] 
2014-07-08T01:48:48.709+0000: 169.335: [GC [PSYoungGen: 265646K->1078K(258944K)] 311769K->47249K(945920K), 0.0052100 secs] [Times: user=0.03 sys=0.00, real=0.00 secs] 
2014-07-08T01:48:49.592+0000: 170.218: [GC [PSYoungGen: 258890K->1242K(252736K)] 305061K->47476K(939712K), 0.0071050 secs] [Times: user=0.04 sys=0.00, real=0.01 secs] 
2014-07-08T01:48:50.394+0000: 171.020: [GC [PSYoungGen: 252686K->815K(246080K)] 298921K->47114K(933056K), 0.0045990 secs] [Times: user=0.02 sys=0.00, real=0.01 secs] 
2014-07-08T01:48:51.173+0000: 171.799: [GC [PSYoungGen: 246063K->818K(240128K)] 292362K->47205K(927104K), 0.0039410 secs] [Times: user=0.02 sys=0.00, real=0.00 secs] 
2014-07-08T01:48:52.057+0000: 172.683: [GC [PSYoungGen: 240095K->894K(234432K)] 286482K->47376K(921408K), 0.0035340 secs] [Times: user=0.02 sys=0.00, real=0.01 secs] 
2014-07-08T01:48:52.763+0000: 173.389: [GC [PSYoungGen: 234420K->790K(228864K)] 280903K->47376K(915840K), 0.0030820 secs] [Times: user=0.01 sys=0.01, real=0.00 secs] 
2014-07-08T01:48:53.370+0000: 173.996: [GC [PSYoungGen: 228791K->1089K(223872K)] 275378K->47740K(910848K), 0.0027400 secs] [Times: user=0.01 sys=0.00, real=0.00 secs] 
2014-07-08T01:48:54.057+0000: 174.683: [GC [PSYoungGen: 223793K->1229K(218880K)] 270444K->47944K(905856K), 0.0052770 secs] [Times: user=0.02 sys=0.01, real=0.01 secs] 
2014-07-08T01:48:54.663+0000: 175.289: [GC [PSYoungGen: 218829K->574K(213248K)] 265544K->47981K(900224K), 0.0037040 secs] [Times: user=0.03 sys=0.00, real=0.00 secs] 
2014-07-08T01:48:55.226+0000: 175.852: [GC [PSYoungGen: 213240K->1596K(209472K)] 260647K->49482K(896448K), 0.0034590 secs] [Times: user=0.02 sys=0.01, real=0.00 secs] 
2014-07-08T01:48:55.803+0000: 176.429: [GC [PSYoungGen: 209468K->864K(204160K)] 257354K->49195K(891136K), 0.0044470 secs] [Times: user=0.02 sys=0.00, real=0.00 secs] 
2014-07-08T01:48:56.319+0000: 176.945: [GC [PSYoungGen: 204055K->1462K(200256K)] 252386K->49890K(887232K), 0.0035730 secs] [Times: user=0.02 sys=0.00, real=0.01 secs] 
2014-07-08T01:48:56.823+0000: 177.448: [GC [PSYoungGen: 200246K->1381K(195904K)] 248674K->49832K(882880K), 0.0039030 secs] [Times: user=0.01 sys=0.00, real=0.00 secs] 
2014-07-08T01:48:57.240+0000: 177.866: [GC [PSYoungGen: 195877K->916K(191296K)] 244328K->49399K(878272K), 0.0039370 secs] [Times: user=0.01 sys=0.00, real=0.00 secs] 
2014-07-08T01:48:57.813+0000: 178.439: [GC [PSYoungGen: 191242K->1036K(187392K)] 239725K->49567K(874368K), 0.0038470 secs] [Times: user=0.01 sys=0.00, real=0.00 secs] 
2014-07-08T01:48:58.279+0000: 178.905: [GC [PSYoungGen: 187318K->944K(183360K)] 235849K->49531K(870336K), 0.0040400 secs] [Times: user=0.02 sys=0.00, real=0.01 secs] 
2014-07-08T01:48:58.936+0000: 179.562: [GC [PSYoungGen: 183332K->1190K(179840K)] 231920K->49825K(866816K), 0.0047030 secs] [Times: user=0.02 sys=0.00, real=0.01 secs] 
2014-07-08T01:48:59.307+0000: 179.933: [GC [PSYoungGen: 179814K->1026K(176064K)] 228449K->49709K(863040K), 0.0057850 secs] [Times: user=0.02 sys=0.01, real=0.01 secs] 
2014-07-08T01:48:59.799+0000: 180.425: [GC [PSYoungGen: 175980K->1192K(172672K)] 224664K->49932K(859648K), 0.0029180 secs] [Times: user=0.01 sys=0.00, real=0.01 secs] 
2014-07-08T01:49:00.181+0000: 180.807: [GC [PSYoungGen: 172648K->1112K(169216K)] 221388K->49907K(856192K), 0.0042980 secs] [Times: user=0.02 sys=0.01, real=0.00 secs] 
2014-07-08T01:49:00.606+0000: 181.231: [GC [PSYoungGen: 169176K->1074K(165888K)] 217971K->49950K(852864K), 0.0058420 secs] [Times: user=0.03 sys=0.00, real=0.01 secs] 
2014-07-08T01:49:01.075+0000: 181.701: [GC [PSYoungGen: 165826K->1168K(198976K)] 214701K->50115K(885952K), 0.0063240 secs] [Times: user=0.03 sys=0.00, real=0.01 secs] 
2014-07-08T01:49:01.468+0000: 182.094: [GC [PSYoungGen: 198928K->936K(238272K)] 247875K->50088K(925248K), 0.0063510 secs] [Times: user=0.03 sys=0.00, real=0.01 secs] 
2014-07-08T01:49:02.070+0000: 182.696: [GC [PSYoungGen: 238232K->1324K(286144K)] 287385K->50532K(973120K), 0.0044640 secs] [Times: user=0.03 sys=0.00, real=0.01 secs] 
2014-07-08T01:49:02.794+0000: 183.420: [GC [PSYoungGen: 286124K->958K(342720K)] 335332K->50592K(1029696K), 0.0117270 secs] [Times: user=0.08 sys=0.00, real=0.01 secs] 
2014-07-08T01:49:03.618+0000: 184.244: [GC [PSYoungGen: 342718K->1408K(355648K)] 392352K->51123K(1042624K), 0.0035490 secs] [Times: user=0.01 sys=0.00, real=0.01 secs] 
2014-07-08T01:49:04.532+0000: 185.158: [GC [PSYoungGen: 355384K->1100K(344896K)] 405098K->51018K(1031872K), 0.0030850 secs] [Times: user=0.02 sys=0.00, real=0.00 secs] 
2014-07-08T01:49:05.359+0000: 185.985: [GC [PSYoungGen: 344844K->1328K(335296K)] 394762K->51342K(1022272K), 0.0046010 secs] [Times: user=0.02 sys=0.00, real=0.01 secs] 
2014-07-08T01:49:06.219+0000: 186.845: [GC [PSYoungGen: 335276K->887K(325440K)] 385290K->51334K(1012416K), 0.0053040 secs] [Times: user=0.02 sys=0.00, real=0.01 secs] 
2014-07-08T01:49:07.011+0000: 187.637: [GC [PSYoungGen: 325431K->1637K(317184K)] 375878K->52402K(1004160K), 0.0055550 secs] [Times: user=0.02 sys=0.00, real=0.00 secs] 
2014-07-08T01:49:07.770+0000: 188.396: [GC [PSYoungGen: 317157K->830K(307712K)] 367922K->52243K(994688K), 0.0040570 secs] [Times: user=0.02 sys=0.00, real=0.01 secs] 
2014-07-08T01:49:08.394+0000: 189.019: [GC [PSYoungGen: 307710K->1070K(299648K)] 359123K->52555K(986624K), 0.0051690 secs] [Times: user=0.03 sys=0.00, real=0.00 secs] 
2014-07-08T01:49:09.147+0000: 189.773: [GC [PSYoungGen: 299591K->1509K(292096K)] 351076K->53090K(979072K), 0.0054410 secs] [Times: user=0.03 sys=0.00, real=0.01 secs] 
2014-07-08T01:49:09.906+0000: 190.532: [GC [PSYoungGen: 292069K->1094K(284032K)] 343650K->52755K(971008K), 0.0029680 secs] [Times: user=0.01 sys=0.01, real=0.00 secs] 
2014-07-08T01:49:10.474+0000: 191.100: [GC [PSYoungGen: 283974K->1212K(276736K)] 335635K->53334K(963712K), 0.0045610 secs] [Times: user=0.02 sys=0.00, real=0.00 secs] 
2014-07-08T01:49:11.147+0000: 191.773: [GC [PSYoungGen: 276732K->1218K(269696K)] 328854K->53404K(956672K), 0.0032760 secs] [Times: user=0.02 sys=0.00, real=0.00 secs] 
2014-07-08T01:49:11.874+0000: 192.500: [GC [PSYoungGen: 269634K->1167K(262848K)] 321820K->53418K(949824K), 0.0027780 secs] [Times: user=0.02 sys=0.00, real=0.00 secs] 
2014-07-08T01:49:12.482+0000: 193.108: [GC [PSYoungGen: 262799K->1166K(256320K)] 315050K->53473K(943296K), 0.0039380 secs] [Times: user=0.01 sys=0.00, real=0.00 secs] 
2014-07-08T01:49:13.102+0000: 193.728: [GC [PSYoungGen: 256265K->1328K(250112K)] 308572K->53698K(937088K), 0.0036050 secs] [Times: user=0.01 sys=0.01, real=0.00 secs] 
2014-07-08T01:49:13.792+0000: 194.418: [GC [PSYoungGen: 250096K->1082K(243776K)] 302466K->53533K(930752K), 0.0047710 secs] [Times: user=0.03 sys=0.00, real=0.00 secs] 
2014-07-08T01:49:14.515+0000: 195.141: [GC [PSYoungGen: 243756K->1012K(237888K)] 296207K->53518K(924864K), 0.0049170 secs] [Times: user=0.02 sys=0.00, real=0.00 secs] 
2014-07-08T01:49:15.097+0000: 195.723: [GC [PSYoungGen: 237837K->1392K(232640K)] 290343K->53986K(919616K), 0.0025420 secs] [Times: user=0.02 sys=0.00, real=0.00 secs] 
2014-07-08T01:49:15.625+0000: 196.251: [GC [PSYoungGen: 232538K->1060K(226880K)] 285132K->53718K(913856K), 0.0043440 secs] [Times: user=0.02 sys=0.00, real=0.00 secs] 
2014-07-08T01:49:16.118+0000: 196.744: [GC [PSYoungGen: 226852K->1206K(221760K)] 279510K->53912K(908736K), 0.0055670 secs] [Times: user=0.03 sys=0.00, real=0.01 secs] 
2014-07-08T01:49:16.681+0000: 197.307: [GC [PSYoungGen: 221735K->1012K(216512K)] 274441K->53734K(903488K), 0.0044320 secs] [Times: user=0.01 sys=0.00, real=0.01 secs] 
2014-07-08T01:49:17.143+0000: 197.769: [GC [PSYoungGen: 216500K->1660K(212288K)] 269222K->54454K(899264K), 0.0044990 secs] [Times: user=0.03 sys=0.00, real=0.01 secs] 
2014-07-08T01:49:17.746+0000: 198.372: [GC [PSYoungGen: 212284K->818K(206720K)] 265078K->53817K(893696K), 0.0053390 secs] [Times: user=0.01 sys=0.00, real=0.00 secs] 
2014-07-08T01:49:18.215+0000: 198.841: [GC [PSYoungGen: 206658K->1525K(202880K)] 259657K->54587K(889856K), 0.0027430 secs] [Times: user=0.02 sys=0.00, real=0.00 secs] 
2014-07-08T01:49:18.781+0000: 199.406: [GC [PSYoungGen: 202869K->858K(197888K)] 255931K->54132K(884864K), 0.0034180 secs] [Times: user=0.02 sys=0.00, real=0.01 secs] 
2014-07-08T01:49:19.231+0000: 199.857: [GC [PSYoungGen: 197832K->1218K(194048K)] 251106K->54533K(881024K), 0.0040400 secs] [Times: user=0.01 sys=0.00, real=0.01 secs] 
2014-07-08T01:49:19.781+0000: 200.407: [GC [PSYoungGen: 193985K->1064K(189760K)] 247300K->54442K(876736K), 0.0038630 secs] [Times: user=0.02 sys=0.00, real=0.01 secs] 
2014-07-08T01:49:20.148+0000: 200.774: [GC [PSYoungGen: 189716K->1086K(185792K)] 243094K->54521K(872768K), 0.0043470 secs] [Times: user=0.02 sys=0.00, real=0.00 secs] 
2014-07-08T01:49:20.676+0000: 201.302: [GC [PSYoungGen: 185790K->1308K(182208K)] 239225K->54831K(869184K), 0.0043790 secs] [Times: user=0.03 sys=0.00, real=0.00 secs] 
2014-07-08T01:49:21.143+0000: 201.769: [GC [PSYoungGen: 182172K->1148K(178304K)] 235695K->54742K(865280K), 0.0032250 secs] [Times: user=0.01 sys=0.01, real=0.01 secs] 
2014-07-08T01:49:21.577+0000: 202.203: [GC [PSYoungGen: 178300K->1000K(174592K)] 231894K->54746K(861568K), 0.0030360 secs] [Times: user=0.01 sys=0.00, real=0.00 secs] 
2014-07-08T01:49:22.030+0000: 202.656: [GC [PSYoungGen: 174568K->1112K(171264K)] 228314K->54906K(858240K), 0.0057420 secs] [Times: user=0.03 sys=0.00, real=0.01 secs] 
2014-07-08T01:49:22.380+0000: 203.006: [GC [PSYoungGen: 171209K->1214K(168000K)] 225003K->55275K(854976K), 0.0028920 secs] [Times: user=0.02 sys=0.00, real=0.00 secs] 
2014-07-08T01:49:22.878+0000: 203.503: [GC [PSYoungGen: 167998K->1126K(201344K)] 222059K->55227K(888320K), 0.0107160 secs] [Times: user=0.06 sys=0.00, real=0.01 secs] 
2014-07-08T01:49:23.281+0000: 203.907: [GC [PSYoungGen: 201318K->1120K(241408K)] 255419K->55682K(928384K), 0.0049590 secs] [Times: user=0.03 sys=0.00, real=0.01 secs] 
2014-07-08T01:49:23.946+0000: 204.572: [GC [PSYoungGen: 241376K->1242K(289600K)] 295938K->55892K(976576K), 0.0046520 secs] [Times: user=0.02 sys=0.00, real=0.00 secs] 
2014-07-08T01:49:24.826+0000: 205.452: [GC [PSYoungGen: 289562K->1205K(281984K)] 344212K->56078K(968960K), 0.0047590 secs] [Times: user=0.03 sys=0.00, real=0.00 secs] 
2014-07-08T01:49:25.436+0000: 206.062: [GC [PSYoungGen: 281966K->1128K(274624K)] 336838K->56080K(961600K), 0.0063220 secs] [Times: user=0.04 sys=0.00, real=0.00 secs] 
2014-07-08T01:49:26.153+0000: 206.779: [GC [PSYoungGen: 274595K->1147K(267648K)] 329547K->56339K(954624K), 0.0032570 secs] [Times: user=0.02 sys=0.00, real=0.01 secs] 
2014-07-08T01:49:26.838+0000: 207.464: [GC [PSYoungGen: 267593K->1136K(260928K)] 322785K->56400K(947904K), 0.0050180 secs] [Times: user=0.03 sys=0.00, real=0.00 secs] 
2014-07-08T01:49:27.388+0000: 208.014: [GC [PSYoungGen: 260910K->1070K(254400K)] 316174K->56425K(941376K), 0.0053720 secs] [Times: user=0.03 sys=0.00, real=0.00 secs] 
2014-07-08T01:49:28.119+0000: 208.745: [GC [PSYoungGen: 254382K->1116K(305152K)] 309737K->56535K(992128K), 0.0326530 secs] [Times: user=0.22 sys=0.00, real=0.03 secs] 
2014-07-08T01:49:28.973+0000: 209.599: [GC [PSYoungGen: 305116K->1135K(365952K)] 360535K->56747K(1052928K), 0.0044270 secs] [Times: user=0.02 sys=0.00, real=0.01 secs] 
2014-07-08T01:49:29.957+0000: 210.583: [GC [PSYoungGen: 365935K->1468K(387264K)] 421547K->57113K(1074240K), 0.0034040 secs] [Times: user=0.01 sys=0.01, real=0.00 secs] 
2014-07-08T01:49:30.932+0000: 211.558: [GC [PSYoungGen: 387068K->1442K(375552K)] 442713K->57359K(1062528K), 0.0050610 secs] [Times: user=0.03 sys=0.00, real=0.01 secs] 
2014-07-08T01:49:31.840+0000: 212.466: [GC [PSYoungGen: 375522K->1378K(364416K)] 431439K->57367K(1051392K), 0.0057710 secs] [Times: user=0.03 sys=0.00, real=0.01 secs] 
2014-07-08T01:49:32.699+0000: 213.325: [GC [PSYoungGen: 364386K->626K(353088K)] 420375K->56808K(1040064K), 0.0046560 secs] [Times: user=0.03 sys=0.00, real=0.00 secs] 
2014-07-08T01:49:33.479+0000: 214.105: [GC [PSYoungGen: 353074K->1160K(343488K)] 409256K->57423K(1030464K), 0.0040590 secs] [Times: user=0.02 sys=0.01, real=0.00 secs] 
2014-07-08T01:49:34.305+0000: 214.931: [GC [PSYoungGen: 343429K->1430K(334016K)] 399692K->57865K(1020992K), 0.0033100 secs] [Times: user=0.02 sys=0.00, real=0.01 secs] 
2014-07-08T01:49:35.201+0000: 215.827: [GC [PSYoungGen: 333941K->1769K(324992K)] 390376K->58236K(1011968K), 0.0043770 secs] [Times: user=0.01 sys=0.00, real=0.00 secs] 
2014-07-08T01:49:36.008+0000: 216.634: [GC [PSYoungGen: 324969K->370K(314624K)] 381436K->57539K(1001600K), 0.0061330 secs] [Times: user=0.03 sys=0.00, real=0.00 secs] 
2014-07-08T01:49:36.795+0000: 217.420: [GC [PSYoungGen: 314588K->1650K(307328K)] 371757K->58883K(994304K), 0.0056730 secs] [Times: user=0.03 sys=0.00, real=0.01 secs] 
2014-07-08T01:49:37.502+0000: 218.128: [GC [PSYoungGen: 307303K->908K(298368K)] 364536K->58753K(985344K), 0.0087900 secs] [Times: user=0.04 sys=0.00, real=0.01 secs] 
2014-07-08T01:49:38.320+0000: 218.946: [GC [PSYoungGen: 298250K->1413K(290944K)] 356095K->59338K(977920K), 0.0053010 secs] [Times: user=0.02 sys=0.00, real=0.00 secs] 
2014-07-08T01:49:39.150+0000: 219.776: [GC [PSYoungGen: 290885K->986K(282880K)] 348810K->58967K(969856K), 0.0047430 secs] [Times: user=0.02 sys=0.00, real=0.00 secs] 
2014-07-08T01:49:40.005+0000: 220.631: [GC [PSYoungGen: 282842K->914K(275456K)] 340823K->58943K(962432K), 0.0090140 secs] [Times: user=0.05 sys=0.00, real=0.01 secs] 
2014-07-08T01:49:40.778+0000: 221.404: [GC [PSYoungGen: 275410K->1060K(268544K)] 333439K->59185K(955520K), 0.0029800 secs] [Times: user=0.01 sys=0.00, real=0.00 secs] 
2014-07-08T01:49:41.515+0000: 222.140: [GC [PSYoungGen: 268516K->1004K(261696K)] 326641K->59209K(948672K), 0.0028970 secs] [Times: user=0.02 sys=0.00, real=0.01 secs] 
2014-07-08T01:49:42.300+0000: 222.926: [GC [PSYoungGen: 261627K->890K(255040K)] 319832K->59159K(942016K), 0.0055530 secs] [Times: user=0.02 sys=0.00, real=0.00 secs] 
2014-07-08T01:49:43.109+0000: 223.735: [GC [PSYoungGen: 255030K->768K(248704K)] 313300K->59069K(935680K), 0.0046160 secs] [Times: user=0.01 sys=0.00, real=0.00 secs] 
2014-07-08T01:49:43.928+0000: 224.554: [GC [PSYoungGen: 248598K->1114K(243008K)] 306899K->59487K(929984K), 0.0035740 secs] [Times: user=0.02 sys=0.00, real=0.00 secs] 
2014-07-08T01:49:44.673+0000: 225.299: [GC [PSYoungGen: 242970K->1234K(237312K)] 301343K->59679K(924288K), 0.0065380 secs] [Times: user=0.03 sys=0.00, real=0.01 secs] 
2014-07-08T01:49:45.394+0000: 226.020: [GC [PSYoungGen: 237265K->954K(231360K)] 295710K->59495K(918336K), 0.0029470 secs] [Times: user=0.01 sys=0.00, real=0.01 secs] 
2014-07-08T01:49:46.134+0000: 226.760: [GC [PSYoungGen: 231354K->1064K(226112K)] 289895K->59693K(913088K), 0.0026850 secs] [Times: user=0.01 sys=0.00, real=0.00 secs] 
2014-07-08T01:49:46.847+0000: 227.473: [GC [PSYoungGen: 226053K->534K(220416K)] 284683K->59179K(907392K), 0.0044420 secs] [Times: user=0.01 sys=0.00, real=0.01 secs] 
2014-07-08T01:49:47.489+0000: 228.115: [GC [PSYoungGen: 220374K->1142K(215936K)] 279019K->59851K(902912K), 0.0035250 secs] [Times: user=0.01 sys=0.00, real=0.00 secs] 
2014-07-08T01:49:48.170+0000: 228.795: [GC [PSYoungGen: 215926K->894K(210816K)] 274635K->59667K(897792K), 0.0062980 secs] [Times: user=0.03 sys=0.00, real=0.00 secs] 
2014-07-08T01:49:48.895+0000: 229.521: [GC [PSYoungGen: 210814K->908K(206208K)] 269587K->59745K(893184K), 0.0059050 secs] [Times: user=0.03 sys=0.01, real=0.01 secs] 
2014-07-08T01:49:49.504+0000: 230.130: [GC [PSYoungGen: 206156K->914K(201664K)] 264993K->59791K(888640K), 0.0034010 secs] [Times: user=0.01 sys=0.00, real=0.00 secs] 
2014-07-08T01:49:50.144+0000: 230.770: [GC [PSYoungGen: 201618K->630K(196992K)] 260495K->59571K(883968K), 0.0040700 secs] [Times: user=0.02 sys=0.00, real=0.01 secs] 
2014-07-08T01:49:50.811+0000: 231.437: [GC [PSYoungGen: 196950K->1214K(193344K)] 255891K->60228K(880320K), 0.0047390 secs] [Times: user=0.03 sys=0.00, real=0.00 secs] 
2014-07-08T01:49:51.337+0000: 231.963: [GC [PSYoungGen: 193304K->954K(188992K)] 252317K->60079K(875968K), 0.0034390 secs] [Times: user=0.02 sys=0.00, real=0.01 secs] 
2014-07-08T01:49:51.973+0000: 232.599: [GC [PSYoungGen: 188986K->644K(184832K)] 248111K->59833K(871808K), 0.0028980 secs] [Times: user=0.01 sys=0.00, real=0.00 secs] 
2014-07-08T01:49:52.536+0000: 233.162: [GC [PSYoungGen: 184766K->1228K(181632K)] 243956K->60481K(868608K), 0.0036070 secs] [Times: user=0.02 sys=0.00, real=0.01 secs] 
2014-07-08T01:49:53.143+0000: 233.769: [GC [PSYoungGen: 181580K->786K(177472K)] 240833K->60127K(864448K), 0.0061050 secs] [Times: user=0.03 sys=0.00, real=0.01 secs] 
2014-07-08T01:49:53.741+0000: 234.367: [GC [PSYoungGen: 177426K->960K(174080K)] 236767K->60349K(861056K), 0.0034010 secs] [Times: user=0.01 sys=0.00, real=0.00 secs] 
2014-07-08T01:49:54.223+0000: 234.849: [GC [PSYoungGen: 174016K->1164K(170816K)] 233405K->60657K(857792K), 0.0031610 secs] [Times: user=0.01 sys=0.00, real=0.00 secs] 
2014-07-08T01:49:54.829+0000: 235.455: [GC [PSYoungGen: 170764K->1086K(167360K)] 230257K->60643K(854336K), 0.0033910 secs] [Times: user=0.01 sys=0.00, real=0.01 secs] 
2014-07-08T01:49:55.280+0000: 235.906: [GC [PSYoungGen: 167338K->786K(163904K)] 226895K->60407K(850880K), 0.0044940 secs] [Times: user=0.02 sys=0.00, real=0.00 secs] 
2014-07-08T01:49:55.821+0000: 236.447: [GC [PSYoungGen: 163858K->990K(160960K)] 223479K->60651K(847936K), 0.0053090 secs] [Times: user=0.01 sys=0.00, real=0.00 secs] 
2014-07-08T01:49:56.270+0000: 236.896: [GC [PSYoungGen: 160926K->804K(157760K)] 220587K->60537K(844736K), 0.0033450 secs] [Times: user=0.02 sys=0.00, real=0.00 secs] 
2014-07-08T01:49:56.837+0000: 237.463: [GC [PSYoungGen: 157724K->986K(155008K)] 217457K->60759K(841984K), 0.0056650 secs] [Times: user=0.03 sys=0.01, real=0.01 secs] 
2014-07-08T01:49:57.250+0000: 237.876: [GC [PSYoungGen: 154970K->878K(152064K)] 214743K->60747K(839040K), 0.0032760 secs] [Times: user=0.01 sys=0.00, real=0.00 secs] 
2014-07-08T01:49:57.756+0000: 238.382: [GC [PSYoungGen: 152046K->712K(149184K)] 211915K->60653K(836160K), 0.0038580 secs] [Times: user=0.01 sys=0.01, real=0.01 secs] 
2014-07-08T01:49:58.163+0000: 238.789: [GC [PSYoungGen: 149088K->765K(146496K)] 209029K->60762K(833472K), 0.0041550 secs] [Times: user=0.02 sys=0.00, real=0.00 secs] 
2014-07-08T01:49:58.707+0000: 239.333: [GC [PSYoungGen: 146493K->840K(144000K)] 206490K->60885K(830976K), 0.0053220 secs] [Times: user=0.03 sys=0.00, real=0.01 secs] 
2014-07-08T01:49:59.111+0000: 239.737: [GC [PSYoungGen: 143944K->992K(141632K)] 203989K->61077K(828608K), 0.0032420 secs] [Times: user=0.01 sys=0.00, real=0.00 secs] 
2014-07-08T01:49:59.554+0000: 240.180: [GC [PSYoungGen: 141590K->1317K(139520K)] 201675K->61538K(826496K), 0.0043800 secs] [Times: user=0.02 sys=0.00, real=0.00 secs] 
2014-07-08T01:50:00.064+0000: 240.690: [GC [PSYoungGen: 139493K->370K(136192K)] 199714K->60825K(823168K), 0.0043870 secs] [Times: user=0.01 sys=0.01, real=0.00 secs] 
2014-07-08T01:50:00.470+0000: 241.096: [GC [PSYoungGen: 136178K->872K(134400K)] 196633K->61407K(821376K), 0.0047370 secs] [Times: user=0.03 sys=0.00, real=0.01 secs] 
2014-07-08T01:50:00.928+0000: 241.554: [GC [PSYoungGen: 134376K->836K(161152K)] 194911K->61493K(848128K), 0.0084170 secs] [Times: user=0.04 sys=0.00, real=0.01 secs] 
2014-07-08T01:50:01.382+0000: 242.008: [GC [PSYoungGen: 161092K->858K(193216K)] 221749K->61579K(880192K), 0.0042300 secs] [Times: user=0.02 sys=0.00, real=0.00 secs] 
2014-07-08T01:50:02.029+0000: 242.655: [GC [PSYoungGen: 193178K->630K(188864K)] 253899K->61391K(875840K), 0.0042780 secs] [Times: user=0.02 sys=0.00, real=0.01 secs] 
2014-07-08T01:50:02.608+0000: 243.234: [GC [PSYoungGen: 188854K->1178K(185472K)] 249615K->62027K(872448K), 0.0030300 secs] [Times: user=0.01 sys=0.01, real=0.01 secs] 
2014-07-08T01:50:03.170+0000: 243.796: [GC [PSYoungGen: 185434K->964K(181440K)] 246283K->61893K(868416K), 0.0035050 secs] [Times: user=0.02 sys=0.00, real=0.00 secs] 
2014-07-08T01:50:03.832+0000: 244.458: [GC [PSYoungGen: 181380K->958K(177664K)] 242309K->61959K(864640K), 0.0048120 secs] [Times: user=0.03 sys=0.00, real=0.00 secs] 
2014-07-08T01:50:04.326+0000: 244.951: [GC [PSYoungGen: 177662K->740K(173888K)] 238663K->61789K(860864K), 0.0056600 secs] [Times: user=0.03 sys=0.01, real=0.01 secs] 
2014-07-08T01:50:04.977+0000: 245.603: [GC [PSYoungGen: 173860K->954K(170624K)] 234909K->62043K(857600K), 0.0062910 secs] [Times: user=0.04 sys=0.00, real=0.01 secs] 
2014-07-08T01:50:05.471+0000: 246.097: [GC [PSYoungGen: 170618K->1064K(167424K)] 231707K->62209K(854400K), 0.0035220 secs] [Times: user=0.01 sys=0.00, real=0.00 secs] 
2014-07-08T01:50:06.007+0000: 246.633: [GC [PSYoungGen: 167400K->726K(163904K)] 228545K->61935K(850880K), 0.0060580 secs] [Times: user=0.04 sys=0.00, real=0.01 secs] 
2014-07-08T01:50:06.501+0000: 247.127: [GC [PSYoungGen: 163861K->878K(196672K)] 225070K->62469K(883648K), 0.0085030 secs] [Times: user=0.05 sys=0.00, real=0.00 secs] 
2014-07-08T01:50:07.185+0000: 247.811: [GC [PSYoungGen: 196654K->950K(235904K)] 258245K->62597K(922880K), 0.0067030 secs] [Times: user=0.04 sys=0.00, real=0.01 secs] 
2014-07-08T01:50:07.891+0000: 248.517: [GC [PSYoungGen: 235847K->868K(282880K)] 297495K->62695K(969856K), 0.0063780 secs] [Times: user=0.03 sys=0.00, real=0.00 secs] 
2014-07-08T01:50:08.823+0000: 249.449: [GC [PSYoungGen: 282852K->1060K(275712K)] 344679K->62943K(962688K), 0.0052360 secs] [Times: user=0.02 sys=0.00, real=0.00 secs] 
2014-07-08T01:50:09.661+0000: 250.287: [GC [PSYoungGen: 275684K->886K(268480K)] 337567K->62905K(955456K), 0.0038430 secs] [Times: user=0.01 sys=0.00, real=0.01 secs] 
2014-07-08T01:50:10.472+0000: 251.097: [GC [PSYoungGen: 268467K->904K(261760K)] 330486K->62995K(948736K), 0.0031750 secs] [Times: user=0.01 sys=0.00, real=0.00 secs] 
2014-07-08T01:50:11.284+0000: 251.910: [GC [PSYoungGen: 261704K->890K(255168K)] 323795K->63117K(942144K), 0.0039120 secs] [Times: user=0.03 sys=0.00, real=0.00 secs] 
2014-07-08T01:50:12.127+0000: 252.753: [GC [PSYoungGen: 255162K->811K(248832K)] 317389K->63110K(935808K), 0.0054770 secs] [Times: user=0.03 sys=0.01, real=0.01 secs] 
2014-07-08T01:50:12.908+0000: 253.534: [GC [PSYoungGen: 248811K->996K(242944K)] 311110K->63352K(929920K), 0.0083890 secs] [Times: user=0.04 sys=0.00, real=0.01 secs] 
2014-07-08T01:50:13.710+0000: 254.336: [GC [PSYoungGen: 242916K->808K(236928K)] 305272K->63227K(923904K), 0.0065600 secs] [Times: user=0.04 sys=0.00, real=0.01 secs] 
2014-07-08T01:50:14.397+0000: 255.022: [GC [PSYoungGen: 236904K->740K(231232K)] 299323K->63353K(918208K), 0.0032040 secs] [Times: user=0.01 sys=0.00, real=0.00 secs] 
2014-07-08T01:50:15.165+0000: 255.791: [GC [PSYoungGen: 231204K->1018K(226112K)] 293817K->63663K(913088K), 0.0075480 secs] [Times: user=0.05 sys=0.01, real=0.01 secs] 
2014-07-08T01:50:15.915+0000: 256.541: [GC [PSYoungGen: 226099K->772K(220736K)] 288745K->63805K(907712K), 0.0027280 secs] [Times: user=0.01 sys=0.00, real=0.00 secs] 
2014-07-08T01:50:16.598+0000: 257.224: [GC [PSYoungGen: 220676K->1216K(216128K)] 283709K->64338K(903104K), 0.0067480 secs] [Times: user=0.02 sys=0.00, real=0.01 secs] 
2014-07-08T01:50:17.238+0000: 257.864: [GC [PSYoungGen: 216064K->484K(210496K)] 279186K->63860K(897472K), 0.0035290 secs] [Times: user=0.01 sys=0.00, real=0.00 secs] 
2014-07-08T01:50:17.944+0000: 258.570: [GC [PSYoungGen: 210468K->844K(206208K)] 273844K->64260K(893184K), 0.0116340 secs] [Times: user=0.06 sys=0.00, real=0.01 secs] 
2014-07-08T01:50:18.591+0000: 259.217: [GC [PSYoungGen: 206156K->854K(201664K)] 269572K->64392K(888640K), 0.0034960 secs] [Times: user=0.01 sys=0.00, real=0.01 secs] 
2014-07-08T01:50:19.257+0000: 259.883: [GC [PSYoungGen: 201617K->943K(197376K)] 265156K->64562K(884352K), 0.0058810 secs] [Times: user=0.03 sys=0.01, real=0.01 secs] 
2014-07-08T01:50:19.878+0000: 260.503: [GC [PSYoungGen: 197359K->694K(192896K)] 260978K->64384K(879872K), 0.0033830 secs] [Times: user=0.02 sys=0.00, real=0.00 secs] 
2014-07-08T01:50:20.451+0000: 261.077: [GC [PSYoungGen: 192886K->972K(189120K)] 256576K->64734K(876096K), 0.0048940 secs] [Times: user=0.02 sys=0.01, real=0.01 secs] 
2014-07-08T01:50:21.076+0000: 261.702: [GC [PSYoungGen: 189068K->872K(185088K)] 252830K->64667K(872064K), 0.0033640 secs] [Times: user=0.02 sys=0.00, real=0.00 secs] 
2014-07-08T01:50:21.668+0000: 262.294: [GC [PSYoungGen: 185064K->854K(181312K)] 248859K->64680K(868288K), 0.0049710 secs] [Times: user=0.02 sys=0.00, real=0.00 secs] 
2014-07-08T01:50:22.206+0000: 262.832: [GC [PSYoungGen: 181265K->684K(177408K)] 245092K->64786K(864384K), 0.0026660 secs] [Times: user=0.02 sys=0.00, real=0.00 secs] 
2014-07-08T01:50:22.822+0000: 263.448: [GC [PSYoungGen: 177388K->1200K(174336K)] 241490K->65451K(861312K), 0.0090930 secs] [Times: user=0.05 sys=0.00, real=0.01 secs] 
2014-07-08T01:50:23.350+0000: 263.976: [GC [PSYoungGen: 174320K->558K(170240K)] 238571K->65093K(857216K), 0.0035070 secs] [Times: user=0.02 sys=0.00, real=0.01 secs] 
2014-07-08T01:50:23.932+0000: 264.557: [GC [PSYoungGen: 170222K->1012K(167360K)] 234757K->65571K(854336K), 0.0070750 secs] [Times: user=0.04 sys=0.00, real=0.01 secs] 
2014-07-08T01:50:24.402+0000: 265.028: [GC [PSYoungGen: 167314K->750K(163904K)] 231873K->65581K(850880K), 0.0032080 secs] [Times: user=0.01 sys=0.00, real=0.01 secs] 
2014-07-08T01:50:24.952+0000: 265.578: [GC [PSYoungGen: 163886K->776K(160832K)] 228717K->65639K(847808K), 0.0040070 secs] [Times: user=0.01 sys=0.00, real=0.01 secs] 
2014-07-08T01:50:25.431+0000: 266.057: [GC [PSYoungGen: 160776K->992K(158016K)] 225639K->66181K(844992K), 0.0051240 secs] [Times: user=0.03 sys=0.00, real=0.01 secs] 
2014-07-08T01:50:25.961+0000: 266.587: [GC [PSYoungGen: 157984K->580K(154688K)] 223173K->65809K(841664K), 0.0069600 secs] [Times: user=0.04 sys=0.00, real=0.01 secs] 
2014-07-08T01:50:26.401+0000: 267.027: [GC [PSYoungGen: 154628K->1092K(152320K)] 219857K->66385K(839296K), 0.0044960 secs] [Times: user=0.02 sys=0.00, real=0.01 secs] 
2014-07-08T01:50:26.941+0000: 267.567: [GC [PSYoungGen: 152260K->708K(149184K)] 217553K->66081K(836160K), 0.0032800 secs] [Times: user=0.01 sys=0.00, real=0.01 secs] 
2014-07-08T01:50:27.377+0000: 268.003: [GC [PSYoungGen: 149124K->804K(146560K)] 214497K->66265K(833536K), 0.0028860 secs] [Times: user=0.02 sys=0.01, real=0.00 secs] 
2014-07-08T01:50:27.922+0000: 268.548: [GC [PSYoungGen: 146519K->1112K(144256K)] 211980K->66637K(831232K), 0.0054540 secs] [Times: user=0.03 sys=0.00, real=0.01 secs] 
2014-07-08T01:50:28.331+0000: 268.957: [GC [PSYoungGen: 144215K->890K(141504K)] 209740K->66487K(828480K), 0.0054410 secs] [Times: user=0.04 sys=0.00, real=0.01 secs] 
2014-07-08T01:50:28.864+0000: 269.489: [GC [PSYoungGen: 141498K->1164K(139392K)] 207095K->66809K(826368K), 0.0043860 secs] [Times: user=0.01 sys=0.01, real=0.01 secs] 
2014-07-08T01:50:29.250+0000: 269.876: [GC [PSYoungGen: 139340K->676K(166528K)] 204985K->66377K(853504K), 0.0052680 secs] [Times: user=0.02 sys=0.00, real=0.01 secs] 
2014-07-08T01:50:29.813+0000: 270.439: [GC [PSYoungGen: 166500K->839K(199936K)] 232201K->66564K(886912K), 0.0084020 secs] [Times: user=0.04 sys=0.00, real=0.01 secs] 
2014-07-08T01:50:30.429+0000: 271.055: [GC [PSYoungGen: 199879K->1046K(195840K)] 265604K->66843K(882816K), 0.0037050 secs] [Times: user=0.02 sys=0.01, real=0.00 secs] 
2014-07-08T01:50:31.075+0000: 271.701: [GC [PSYoungGen: 195798K->736K(191360K)] 261595K->66597K(878336K), 0.0045250 secs] [Times: user=0.02 sys=0.00, real=0.00 secs] 
2014-07-08T01:50:31.710+0000: 272.336: [GC [PSYoungGen: 191328K->1018K(187584K)] 257189K->67063K(874560K), 0.0048460 secs] [Times: user=0.03 sys=0.00, real=0.01 secs] 
2014-07-08T01:50:32.278+0000: 272.904: [GC [PSYoungGen: 187578K->832K(224768K)] 253623K->66909K(911744K), 0.0090150 secs] [Times: user=0.05 sys=0.00, real=0.01 secs] 
2014-07-08T01:50:33.022+0000: 273.648: [GC [PSYoungGen: 224704K->694K(269376K)] 290781K->66835K(956352K), 0.0070900 secs] [Times: user=0.04 sys=0.00, real=0.01 secs] 
2014-07-08T01:50:33.866+0000: 274.492: [GC [PSYoungGen: 269366K->783K(262656K)] 335507K->66964K(949632K), 0.0032470 secs] [Times: user=0.02 sys=0.00, real=0.00 secs] 
2014-07-08T01:50:34.713+0000: 275.339: [GC [PSYoungGen: 262607K->1326K(256576K)] 328788K->67587K(943552K), 0.0056280 secs] [Times: user=0.03 sys=0.00, real=0.01 secs] 
2014-07-08T01:50:35.489+0000: 276.114: [GC [PSYoungGen: 256558K->1252K(250176K)] 322819K->67569K(937152K), 0.0038370 secs] [Times: user=0.01 sys=0.00, real=0.00 secs] 
2014-07-08T01:50:36.241+0000: 276.866: [GC [PSYoungGen: 250108K->498K(243328K)] 316425K->67007K(930304K), 0.0056060 secs] [Times: user=0.02 sys=0.00, real=0.01 secs] 
2014-07-08T01:50:37.099+0000: 277.725: [GC [PSYoungGen: 243273K->1304K(238272K)] 309782K->67861K(925248K), 0.0028190 secs] [Times: user=0.01 sys=0.00, real=0.00 secs] 
2014-07-08T01:50:37.876+0000: 278.502: [GC [PSYoungGen: 238225K->858K(232192K)] 304782K->67787K(919168K), 0.0066050 secs] [Times: user=0.03 sys=0.00, real=0.00 secs] 
2014-07-08T01:50:38.586+0000: 279.212: [GC [PSYoungGen: 232154K->1146K(227008K)] 299083K->68123K(913984K), 0.0082830 secs] [Times: user=0.04 sys=0.00, real=0.00 secs] 
2014-07-08T01:50:39.283+0000: 279.909: [GC [PSYoungGen: 227002K->694K(221312K)] 293979K->67719K(908288K), 0.0040780 secs] [Times: user=0.01 sys=0.00, real=0.01 secs] 
2014-07-08T01:50:39.996+0000: 280.622: [GC [PSYoungGen: 221299K->686K(216256K)] 288324K->67735K(903232K), 0.0044690 secs] [Times: user=0.01 sys=0.00, real=0.00 secs] 
2014-07-08T01:50:40.752+0000: 281.378: [GC [PSYoungGen: 216238K->960K(211712K)] 283287K->68081K(898688K), 0.0047040 secs] [Times: user=0.03 sys=0.00, real=0.01 secs] 
2014-07-08T01:50:41.357+0000: 281.983: [GC [PSYoungGen: 211648K->958K(206912K)] 278769K->68151K(893888K), 0.0034000 secs] [Times: user=0.01 sys=0.00, real=0.00 secs] 
2014-07-08T01:50:42.060+0000: 282.686: [GC [PSYoungGen: 206910K->812K(202240K)] 274103K->68061K(889216K), 0.0032180 secs] [Times: user=0.01 sys=0.00, real=0.00 secs] 
2014-07-08T01:50:42.744+0000: 283.370: [GC [PSYoungGen: 202220K->872K(197888K)] 269469K->68177K(884864K), 0.0048550 secs] [Times: user=0.02 sys=0.00, real=0.01 secs] 
2014-07-08T01:50:43.290+0000: 283.916: [GC [PSYoungGen: 197864K->598K(193408K)] 265169K->67943K(880384K), 0.0053100 secs] [Times: user=0.03 sys=0.00, real=0.00 secs] 
2014-07-08T01:50:43.951+0000: 284.577: [GC [PSYoungGen: 193366K->844K(189568K)] 260711K->68229K(876544K), 0.0070820 secs] [Times: user=0.03 sys=0.00, real=0.01 secs] 
2014-07-08T01:50:44.561+0000: 285.187: [GC [PSYoungGen: 189492K->1106K(185856K)] 256877K->68595K(872832K), 0.0058460 secs] [Times: user=0.03 sys=0.00, real=0.01 secs] 
2014-07-08T01:50:45.194+0000: 285.819: [GC [PSYoungGen: 185810K->1050K(181952K)] 253299K->68643K(868928K), 0.0036970 secs] [Times: user=0.02 sys=0.00, real=0.01 secs] 
2014-07-08T01:50:45.821+0000: 286.447: [GC [PSYoungGen: 181879K->626K(177792K)] 249472K->68593K(864768K), 0.0029570 secs] [Times: user=0.01 sys=0.00, real=0.00 secs] 
2014-07-08T01:50:46.299+0000: 286.925: [GC [PSYoungGen: 177772K->1380K(174976K)] 245740K->69487K(861952K), 0.0055980 secs] [Times: user=0.02 sys=0.00, real=0.00 secs] 
2014-07-08T01:50:46.900+0000: 287.526: [GC [PSYoungGen: 174948K->690K(170816K)] 243055K->69315K(857792K), 0.0053030 secs] [Times: user=0.03 sys=0.00, real=0.00 secs] 
2014-07-08T01:50:47.407+0000: 288.033: [GC [PSYoungGen: 170802K->1359K(205568K)] 239427K->70032K(892544K), 0.0098540 secs] [Times: user=0.05 sys=0.00, real=0.01 secs] 
2014-07-08T01:50:48.099+0000: 288.725: [GC [PSYoungGen: 205519K->876K(200576K)] 274192K->69637K(887552K), 0.0030670 secs] [Times: user=0.02 sys=0.00, real=0.00 secs] 
2014-07-08T01:50:48.830+0000: 289.456: [GC [PSYoungGen: 200527K->758K(196096K)] 269288K->69567K(883072K), 0.0060290 secs] [Times: user=0.02 sys=0.00, real=0.00 secs] 
2014-07-08T01:50:49.376+0000: 290.002: [GC [PSYoungGen: 196086K->996K(192192K)] 264895K->69885K(879168K), 0.0052840 secs] [Times: user=0.03 sys=0.00, real=0.01 secs] 
2014-07-08T01:50:50.059+0000: 290.685: [GC [PSYoungGen: 192164K->762K(187904K)] 261053K->69715K(874880K), 0.0044920 secs] [Times: user=0.03 sys=0.00, real=0.00 secs] 
2014-07-08T01:50:50.664+0000: 291.290: [GC [PSYoungGen: 187898K->928K(184192K)] 256851K->69929K(871168K), 0.0050800 secs] [Times: user=0.03 sys=0.01, real=0.01 secs] 
2014-07-08T01:50:51.203+0000: 291.829: [GC [PSYoungGen: 184160K->864K(180352K)] 253161K->69985K(867328K), 0.0033320 secs] [Times: user=0.01 sys=0.00, real=0.00 secs] 
2014-07-08T01:50:51.845+0000: 292.471: [GC [PSYoungGen: 180320K->958K(176768K)] 249441K->70151K(863744K), 0.0053070 secs] [Times: user=0.03 sys=0.00, real=0.01 secs] 
2014-07-08T01:50:52.383+0000: 293.009: [GC [PSYoungGen: 176766K->772K(173120K)] 245959K->70061K(860096K), 0.0028040 secs] [Times: user=0.01 sys=0.00, real=0.00 secs] 
2014-07-08T01:50:53.003+0000: 293.629: [GC [PSYoungGen: 173042K->872K(169792K)] 242331K->70209K(856768K), 0.0033810 secs] [Times: user=0.01 sys=0.00, real=0.00 secs] 
2014-07-08T01:50:53.534+0000: 294.160: [GC [PSYoungGen: 169767K->836K(166464K)] 239105K->70269K(853440K), 0.0041520 secs] [Times: user=0.03 sys=0.00, real=0.01 secs] 
2014-07-08T01:50:54.052+0000: 294.678: [GC [PSYoungGen: 166404K->829K(163200K)] 235837K->70334K(850176K), 0.0038840 secs] [Times: user=0.02 sys=0.00, real=0.00 secs] 
2014-07-08T01:50:54.535+0000: 295.161: [GC [PSYoungGen: 163197K->1256K(160512K)] 232702K->70833K(847488K), 0.0035220 secs] [Times: user=0.01 sys=0.00, real=0.01 secs] 
2014-07-08T01:50:55.050+0000: 295.676: [GC [PSYoungGen: 160488K->498K(156736K)] 230065K->70245K(843712K), 0.0034850 secs] [Times: user=0.01 sys=0.01, real=0.00 secs] 
2014-07-08T01:50:55.558+0000: 296.184: [GC [PSYoungGen: 156722K->1326K(154624K)] 226469K->71146K(841600K), 0.0050060 secs] [Times: user=0.02 sys=0.01, real=0.00 secs] 
2014-07-08T01:50:56.051+0000: 296.677: [GC [PSYoungGen: 154606K->1003K(151488K)] 224426K->70943K(838464K), 0.0031450 secs] [Times: user=0.01 sys=0.00, real=0.00 secs] 
2014-07-08T01:50:56.543+0000: 297.168: [GC [PSYoungGen: 151467K->936K(148672K)] 221407K->70939K(835648K), 0.0027380 secs] [Times: user=0.01 sys=0.00, real=0.00 secs] 
2014-07-08T01:50:57.055+0000: 297.681: [GC [PSYoungGen: 148648K->733K(145792K)] 218651K->70760K(832768K), 0.0034910 secs] [Times: user=0.02 sys=0.00, real=0.01 secs] 
2014-07-08T01:50:57.506+0000: 298.132: [GC [PSYoungGen: 145757K->1142K(143616K)] 215784K->71242K(830592K), 0.0067990 secs] [Times: user=0.04 sys=0.00, real=0.01 secs] 
2014-07-08T01:50:57.995+0000: 298.621: [GC [PSYoungGen: 143606K->612K(171648K)] 213706K->70751K(858624K), 0.0093800 secs] [Times: user=0.05 sys=0.00, real=0.01 secs] 
2014-07-08T01:50:58.488+0000: 299.114: [GC [PSYoungGen: 171620K->1152K(206464K)] 241759K->71340K(893440K), 0.0060400 secs] [Times: user=0.03 sys=0.00, real=0.00 secs] 
2014-07-08T01:50:59.166+0000: 299.792: [GC [PSYoungGen: 206400K->840K(201600K)] 276588K->71115K(888576K), 0.0041060 secs] [Times: user=0.02 sys=0.00, real=0.01 secs] 
2014-07-08T01:50:59.819+0000: 300.445: [GC [PSYoungGen: 201544K->712K(197120K)] 271819K->71043K(884096K), 0.0031670 secs] [Times: user=0.01 sys=0.00, real=0.00 secs] 
2014-07-08T01:51:00.428+0000: 301.054: [GC [PSYoungGen: 197028K->1014K(193152K)] 267360K->71369K(880128K), 0.0069800 secs] [Times: user=0.02 sys=0.00, real=0.01 secs] 
2014-07-08T01:51:01.096+0000: 301.722: [GC [PSYoungGen: 193112K->1242K(189312K)] 263468K->71685K(876288K), 0.0037570 secs] [Times: user=0.02 sys=0.00, real=0.01 secs] 
2014-07-08T01:51:01.707+0000: 302.333: [GC [PSYoungGen: 189274K->683K(184832K)] 259717K->71348K(871808K), 0.0041360 secs] [Times: user=0.01 sys=0.00, real=0.01 secs] 
2014-07-08T01:51:02.229+0000: 302.855: [GC [PSYoungGen: 184810K->1104K(181504K)] 255475K->71857K(868480K), 0.0041930 secs] [Times: user=0.03 sys=0.00, real=0.00 secs] 
2014-07-08T01:51:02.889+0000: 303.515: [GC [PSYoungGen: 181456K->986K(177664K)] 252209K->72085K(864640K), 0.0027790 secs] [Times: user=0.01 sys=0.00, real=0.01 secs] 
2014-07-08T01:51:03.389+0000: 304.015: [GC [PSYoungGen: 177626K->1024K(174144K)] 248725K->72187K(861120K), 0.0057260 secs] [Times: user=0.03 sys=0.00, real=0.00 secs] 
2014-07-08T01:51:03.981+0000: 304.607: [GC [PSYoungGen: 174039K->875K(170496K)] 245202K->72150K(857472K), 0.0066420 secs] [Times: user=0.04 sys=0.00, real=0.00 secs] 
2014-07-08T01:51:04.501+0000: 305.126: [GC [PSYoungGen: 170475K->986K(167296K)] 241750K->72309K(854272K), 0.0038230 secs] [Times: user=0.02 sys=0.00, real=0.00 secs] 
2014-07-08T01:51:05.078+0000: 305.703: [GC [PSYoungGen: 167258K->812K(163904K)] 238581K->72199K(850880K), 0.0042480 secs] [Times: user=0.02 sys=0.00, real=0.01 secs] 
2014-07-08T01:51:05.606+0000: 306.232: [GC [PSYoungGen: 163884K->1318K(161280K)] 235271K->72761K(848256K), 0.0049290 secs] [Times: user=0.03 sys=0.00, real=0.01 secs] 
2014-07-08T01:51:06.123+0000: 306.749: [GC [PSYoungGen: 161254K->544K(157504K)] 232697K->72058K(844480K), 0.0042930 secs] [Times: user=0.02 sys=0.00, real=0.00 secs] 
2014-07-08T01:51:06.628+0000: 307.253: [GC [PSYoungGen: 157472K->808K(154816K)] 228986K->72395K(841792K), 0.0059100 secs] [Times: user=0.04 sys=0.00, real=0.01 secs] 
2014-07-08T01:51:07.134+0000: 307.760: [GC [PSYoungGen: 154792K->662K(151872K)] 226379K->72305K(838848K), 0.0034810 secs] [Times: user=0.02 sys=0.00, real=0.00 secs] 
2014-07-08T01:51:07.605+0000: 308.231: [GC [PSYoungGen: 151762K->1370K(149824K)] 223405K->73069K(836800K), 0.0042300 secs] [Times: user=0.02 sys=0.00, real=0.00 secs] 
2014-07-08T01:51:08.094+0000: 308.720: [GC [PSYoungGen: 149776K->864K(146624K)] 221475K->72873K(833600K), 0.0045910 secs] [Times: user=0.02 sys=0.00, real=0.00 secs] 
2014-07-08T01:51:08.535+0000: 309.161: [GC [PSYoungGen: 146592K->1380K(144512K)] 218601K->73453K(831488K), 0.0056490 secs] [Times: user=0.03 sys=0.00, real=0.01 secs] 
2014-07-08T01:51:09.018+0000: 309.644: [GC [PSYoungGen: 144463K->822K(141440K)] 216536K->73017K(828416K), 0.0054670 secs] [Times: user=0.01 sys=0.01, real=0.01 secs] 
2014-07-08T01:51:09.439+0000: 310.065: [GC [PSYoungGen: 141430K->858K(139072K)] 213625K->73157K(826048K), 0.0037220 secs] [Times: user=0.01 sys=0.00, real=0.01 secs] 
2014-07-08T01:51:10.003+0000: 310.629: [GC [PSYoungGen: 139012K->1352K(167232K)] 211311K->73707K(854208K), 0.0075040 secs] [Times: user=0.04 sys=0.00, real=0.01 secs] 
2014-07-08T01:51:10.463+0000: 311.089: [GC [PSYoungGen: 167080K->918K(200000K)] 239435K->73337K(886976K), 0.0061180 secs] [Times: user=0.03 sys=0.00, real=0.00 secs] 
2014-07-08T01:51:11.103+0000: 311.729: [GC [PSYoungGen: 199958K->626K(195392K)] 272377K->73085K(882368K), 0.0032670 secs] [Times: user=0.01 sys=0.00, real=0.00 secs] 
2014-07-08T01:51:11.776+0000: 312.402: [GC [PSYoungGen: 195378K->1108K(191744K)] 267837K->73615K(878720K), 0.0060230 secs] [Times: user=0.03 sys=0.00, real=0.01 secs] 
2014-07-08T01:51:12.293+0000: 312.918: [GC [PSYoungGen: 191671K->889K(187456K)] 264178K->73460K(874432K), 0.0026120 secs] [Times: user=0.01 sys=0.00, real=0.00 secs] 
2014-07-08T01:51:12.911+0000: 313.537: [GC [PSYoungGen: 187449K->964K(183680K)] 260020K->73575K(870656K), 0.0070160 secs] [Times: user=0.03 sys=0.00, real=0.00 secs] 
2014-07-08T01:51:13.505+0000: 314.131: [GC [PSYoungGen: 183574K->1330K(180224K)] 256185K->74299K(867200K), 0.0036630 secs] [Times: user=0.02 sys=0.01, real=0.00 secs] 
2014-07-08T01:51:14.121+0000: 314.746: [GC [PSYoungGen: 180210K->448K(175680K)] 253179K->73441K(862656K), 0.0055960 secs] [Times: user=0.01 sys=0.00, real=0.01 secs] 
2014-07-08T01:51:14.705+0000: 315.331: [GC [PSYoungGen: 175680K->736K(172480K)] 248673K->73769K(859456K), 0.0038490 secs] [Times: user=0.01 sys=0.00, real=0.00 secs] 
2014-07-08T01:51:15.239+0000: 315.865: [GC [PSYoungGen: 172412K->886K(169216K)] 245446K->73975K(856192K), 0.0030860 secs] [Times: user=0.01 sys=0.01, real=0.01 secs] 
2014-07-08T01:51:15.776+0000: 316.402: [GC [PSYoungGen: 169206K->908K(166016K)] 242295K->74045K(852992K), 0.0055850 secs] [Times: user=0.03 sys=0.00, real=0.01 secs] 
2014-07-08T01:51:16.247+0000: 316.873: [GC [PSYoungGen: 165964K->690K(162560K)] 239101K->73915K(849536K), 0.0031550 secs] [Times: user=0.02 sys=0.00, real=0.00 secs] 
2014-07-08T01:51:16.804+0000: 317.430: [GC [PSYoungGen: 162498K->1189K(160000K)] 235723K->74470K(846976K), 0.0030200 secs] [Times: user=0.01 sys=0.00, real=0.00 secs] 
2014-07-08T01:51:17.245+0000: 317.871: [GC [PSYoungGen: 159944K->926K(156736K)] 233225K->74255K(843712K), 0.0041640 secs] [Times: user=0.01 sys=0.00, real=0.00 secs] 
2014-07-08T01:51:17.801+0000: 318.427: [GC [PSYoungGen: 156702K->1002K(153920K)] 230031K->74395K(840896K), 0.0033430 secs] [Times: user=0.02 sys=0.00, real=0.00 secs] 
2014-07-08T01:51:18.236+0000: 318.862: [GC [PSYoungGen: 153848K->594K(150720K)] 227241K->74083K(837696K), 0.0029720 secs] [Times: user=0.01 sys=0.00, real=0.00 secs] 
2014-07-08T01:51:18.824+0000: 319.450: [GC [PSYoungGen: 150674K->1070K(148416K)] 224163K->74583K(835392K), 0.0119360 secs] [Times: user=0.08 sys=0.00, real=0.01 secs] 
2014-07-08T01:51:19.246+0000: 319.872: [GC [PSYoungGen: 148398K->758K(145472K)] 221911K->74343K(832448K), 0.0043320 secs] [Times: user=0.02 sys=0.00, real=0.00 secs] 
2014-07-08T01:51:19.757+0000: 320.383: [GC [PSYoungGen: 145462K->1153K(143360K)] 219047K->74794K(830336K), 0.0026790 secs] [Times: user=0.02 sys=0.00, real=0.00 secs] 
2014-07-08T01:51:20.155+0000: 320.781: [GC [PSYoungGen: 143297K->562K(171200K)] 216938K->74251K(858176K), 0.0059270 secs] [Times: user=0.04 sys=0.00, real=0.00 secs] 
2014-07-08T01:51:20.750+0000: 321.376: [GC [PSYoungGen: 171186K->968K(168256K)] 244875K->74745K(855232K), 0.0057410 secs] [Times: user=0.04 sys=0.00, real=0.01 secs] 
2014-07-08T01:51:21.293+0000: 321.919: [GC [PSYoungGen: 168172K->790K(164800K)] 241949K->74639K(851776K), 0.0035670 secs] [Times: user=0.01 sys=0.01, real=0.00 secs] 
2014-07-08T01:51:21.851+0000: 322.477: [GC [PSYoungGen: 164757K->1090K(161984K)] 238606K->74987K(848960K), 0.0055890 secs] [Times: user=0.03 sys=0.00, real=0.01 secs] 
2014-07-08T01:51:22.286+0000: 322.912: [GC [PSYoungGen: 161922K->1224K(159040K)] 235819K->75169K(846016K), 0.0040110 secs] [Times: user=0.02 sys=0.00, real=0.00 secs] 
2014-07-08T01:51:22.883+0000: 323.509: [GC [PSYoungGen: 158972K->558K(155392K)] 232918K->75131K(842368K), 0.0027010 secs] [Times: user=0.01 sys=0.01, real=0.00 secs] 
2014-07-08T01:51:23.304+0000: 323.930: [GC [PSYoungGen: 155374K->1122K(153088K)] 229947K->75801K(840064K), 0.0046240 secs] [Times: user=0.02 sys=0.00, real=0.00 secs] 
2014-07-08T01:51:23.801+0000: 324.427: [GC [PSYoungGen: 153058K->698K(183040K)] 227737K->75841K(870016K), 0.0098000 secs] [Times: user=0.05 sys=0.00, real=0.01 secs] 
2014-07-08T01:51:24.347+0000: 324.973: [GC [PSYoungGen: 183034K->814K(219648K)] 258177K->76013K(906624K), 0.0056970 secs] [Times: user=0.03 sys=0.00, real=0.01 secs] 
2014-07-08T01:51:25.102+0000: 325.727: [GC [PSYoungGen: 219630K->808K(214656K)] 294829K->76087K(901632K), 0.0038270 secs] [Times: user=0.02 sys=0.00, real=0.01 secs] 
2014-07-08T01:51:25.854+0000: 326.480: [GC [PSYoungGen: 214600K->940K(209984K)] 289880K->76275K(896960K), 0.0077890 secs] [Times: user=0.05 sys=0.00, real=0.00 secs] 
2014-07-08T01:51:26.486+0000: 327.112: [GC [PSYoungGen: 209964K->928K(205312K)] 285299K->76336K(892288K), 0.0058290 secs] [Times: user=0.03 sys=0.00, real=0.00 secs] 
2014-07-08T01:51:27.164+0000: 327.789: [GC [PSYoungGen: 205280K->796K(200704K)] 280688K->76308K(887680K), 0.0032060 secs] [Times: user=0.02 sys=0.00, real=0.00 secs] 
2014-07-08T01:51:27.826+0000: 328.452: [GC [PSYoungGen: 200668K->786K(196352K)] 276180K->76353K(883328K), 0.0050180 secs] [Times: user=0.02 sys=0.00, real=0.00 secs] 
2014-07-08T01:51:28.368+0000: 328.994: [GC [PSYoungGen: 196306K->1039K(192448K)] 271873K->76719K(879424K), 0.0038860 secs] [Times: user=0.02 sys=0.00, real=0.00 secs] 
2014-07-08T01:51:29.039+0000: 329.665: [GC [PSYoungGen: 192397K->828K(188160K)] 268077K->76792K(875136K), 0.0028850 secs] [Times: user=0.01 sys=0.01, real=0.00 secs] 
2014-07-08T01:51:29.640+0000: 330.265: [GC [PSYoungGen: 188156K->1356K(184832K)] 264120K->77376K(871808K), 0.0070610 secs] [Times: user=0.04 sys=0.00, real=0.01 secs] 
2014-07-08T01:51:30.243+0000: 330.869: [GC [PSYoungGen: 184780K->630K(180288K)] 260800K->77106K(867264K), 0.0023260 secs] [Times: user=0.01 sys=0.01, real=0.00 secs] 
2014-07-08T01:51:30.827+0000: 331.453: [GC [PSYoungGen: 180241K->1100K(177152K)] 256717K->77674K(864128K), 0.0050170 secs] [Times: user=0.03 sys=0.00, real=0.00 secs] 
2014-07-08T01:51:31.359+0000: 331.985: [GC [PSYoungGen: 177084K->790K(173312K)] 253658K->77552K(860288K), 0.0053530 secs] [Times: user=0.03 sys=0.00, real=0.01 secs] 
2014-07-08T01:51:31.951+0000: 332.577: [GC [PSYoungGen: 173270K->890K(169920K)] 250032K->77740K(856896K), 0.0028900 secs] [Times: user=0.01 sys=0.00, real=0.01 secs] 
2014-07-08T01:51:32.436+0000: 333.062: [GC [PSYoungGen: 169914K->676K(166400K)] 246764K->77590K(853376K), 0.0038520 secs] [Times: user=0.02 sys=0.00, real=0.00 secs] 
2014-07-08T01:51:33.006+0000: 333.632: [GC [PSYoungGen: 166372K->730K(163264K)] 243286K->77668K(850240K), 0.0100190 secs] [Times: user=0.06 sys=0.00, real=0.01 secs] 
2014-07-08T01:51:33.485+0000: 334.111: [GC [PSYoungGen: 163185K->1270K(160640K)] 240124K->78280K(847616K), 0.0035160 secs] [Times: user=0.02 sys=0.00, real=0.00 secs] 
2014-07-08T01:51:34.019+0000: 334.645: [GC [PSYoungGen: 160630K->1070K(157440K)] 237640K->78120K(844416K), 0.0066810 secs] [Times: user=0.03 sys=0.01, real=0.01 secs] 
2014-07-08T01:51:34.495+0000: 335.121: [GC [PSYoungGen: 157420K->740K(154176K)] 234470K->78106K(841152K), 0.0025960 secs] [Times: user=0.02 sys=0.00, real=0.00 secs] 
2014-07-08T01:51:35.045+0000: 335.671: [GC [PSYoungGen: 154146K->1014K(151616K)] 231513K->78437K(838592K), 0.0054430 secs] [Times: user=0.03 sys=0.00, real=0.00 secs] 
2014-07-08T01:51:35.517+0000: 336.143: [GC [PSYoungGen: 151565K->992K(148864K)] 228988K->78478K(835840K), 0.0041060 secs] [Times: user=0.02 sys=0.00, real=0.00 secs] 
2014-07-08T01:51:36.046+0000: 336.672: [GC [PSYoungGen: 148832K->1214K(146368K)] 226318K->78749K(833344K), 0.0028590 secs] [Times: user=0.01 sys=0.00, real=0.00 secs] 
2014-07-08T01:51:36.487+0000: 337.113: [GC [PSYoungGen: 146334K->630K(143232K)] 223869K->78342K(830208K), 0.0046710 secs] [Times: user=0.03 sys=0.00, real=0.00 secs] 
2014-07-08T01:51:37.075+0000: 337.701: [GC [PSYoungGen: 143222K->1040K(141184K)] 220934K->78864K(828160K), 0.0041140 secs] [Times: user=0.02 sys=0.00, real=0.00 secs] 
2014-07-08T01:51:37.470+0000: 338.096: [GC [PSYoungGen: 141136K->712K(138432K)] 218960K->78584K(825408K), 0.0059670 secs] [Times: user=0.04 sys=0.00, real=0.01 secs] 
2014-07-08T01:51:37.906+0000: 338.532: [GC [PSYoungGen: 138375K->726K(166016K)] 216248K->78646K(852992K), 0.0052070 secs] [Times: user=0.02 sys=0.00, real=0.00 secs] 
2014-07-08T01:51:38.372+0000: 338.998: [GC [PSYoungGen: 165974K->1336K(163392K)] 243894K->79353K(850368K), 0.0044590 secs] [Times: user=0.03 sys=0.00, real=0.01 secs] 
2014-07-08T01:51:38.954+0000: 339.580: [GC [PSYoungGen: 163384K->676K(159680K)] 241401K->78748K(846656K), 0.0056940 secs] [Times: user=0.03 sys=0.00, real=0.01 secs] 
2014-07-08T01:51:39.401+0000: 340.027: [GC [PSYoungGen: 159652K->640K(156608K)] 237724K->78776K(843584K), 0.0034360 secs] [Times: user=0.01 sys=0.00, real=0.00 secs] 
2014-07-08T01:51:39.946+0000: 340.572: [GC [PSYoungGen: 156608K->872K(153984K)] 234744K->79056K(840960K), 0.0037810 secs] [Times: user=0.01 sys=0.00, real=0.00 secs] 
2014-07-08T01:51:40.393+0000: 341.019: [GC [PSYoungGen: 153923K->928K(151232K)] 232108K->79185K(838208K), 0.0035580 secs] [Times: user=0.02 sys=0.00, real=0.01 secs] 
2014-07-08T01:51:40.963+0000: 341.589: [GC [PSYoungGen: 151155K->822K(148352K)] 229412K->79150K(835328K), 0.0036740 secs] [Times: user=0.02 sys=0.01, real=0.01 secs] 
2014-07-08T01:51:41.418+0000: 342.044: [GC [PSYoungGen: 148342K->822K(145728K)] 226670K->79198K(832704K), 0.0057690 secs] [Times: user=0.03 sys=0.00, real=0.00 secs] 
2014-07-08T01:51:41.924+0000: 342.550: [GC [PSYoungGen: 145718K->680K(143040K)] 224094K->79096K(830016K), 0.0044530 secs] [Times: user=0.02 sys=0.00, real=0.01 secs] 
2014-07-08T01:51:42.317+0000: 342.943: [GC [PSYoungGen: 143016K->996K(140864K)] 221432K->79485K(827840K), 0.0037050 secs] [Times: user=0.02 sys=0.00, real=0.00 secs] 
2014-07-08T01:51:42.803+0000: 343.429: [GC [PSYoungGen: 140820K->1292K(169152K)] 219309K->79837K(856128K), 0.0071640 secs] [Times: user=0.03 sys=0.00, real=0.01 secs] 
2014-07-08T01:51:43.270+0000: 343.896: [GC [PSYoungGen: 169100K->370K(201792K)] 247645K->79106K(888768K), 0.0051810 secs] [Times: user=0.02 sys=0.00, real=0.01 secs] 
2014-07-08T01:51:43.942+0000: 344.568: [GC [PSYoungGen: 201778K->828K(197824K)] 280514K->79613K(884800K), 0.0045700 secs] [Times: user=0.03 sys=0.00, real=0.01 secs] 
2014-07-08T01:51:44.600+0000: 345.226: [GC [PSYoungGen: 197820K->1226K(237696K)] 276605K->80131K(924672K), 0.0080520 secs] [Times: user=0.05 sys=0.00, real=0.01 secs] 
2014-07-08T01:51:45.346+0000: 345.972: [GC [PSYoungGen: 237642K->676K(231488K)] 316547K->79660K(918464K), 0.0042590 secs] [Times: user=0.02 sys=0.00, real=0.00 secs] 
2014-07-08T01:51:46.139+0000: 346.765: [GC [PSYoungGen: 231460K->894K(226240K)] 310444K->79926K(913216K), 0.0033030 secs] [Times: user=0.02 sys=0.00, real=0.00 secs] 
2014-07-08T01:51:46.871+0000: 347.497: [GC [PSYoungGen: 226238K->658K(220800K)] 305270K->79778K(907776K), 0.0038550 secs] [Times: user=0.02 sys=0.00, real=0.00 secs] 
2014-07-08T01:51:47.534+0000: 348.160: [GC [PSYoungGen: 220754K->790K(215872K)] 299874K->79982K(902848K), 0.0043720 secs] [Times: user=0.01 sys=0.00, real=0.01 secs] 
2014-07-08T01:51:48.223+0000: 348.849: [GC [PSYoungGen: 215796K->990K(211200K)] 294989K->80246K(898176K), 0.0066890 secs] [Times: user=0.03 sys=0.00, real=0.01 secs] 
2014-07-08T01:51:48.965+0000: 349.591: [GC [PSYoungGen: 211164K->872K(206400K)] 290421K->80240K(893376K), 0.0049800 secs] [Times: user=0.02 sys=0.01, real=0.01 secs] 
2014-07-08T01:51:49.663+0000: 350.289: [GC [PSYoungGen: 206376K->928K(201920K)] 285744K->80329K(888896K), 0.0065050 secs] [Times: user=0.03 sys=0.00, real=0.01 secs] 
2014-07-08T01:51:50.241+0000: 350.867: [GC [PSYoungGen: 201858K->850K(197504K)] 281259K->80349K(884480K), 0.0029090 secs] [Times: user=0.01 sys=0.01, real=0.00 secs] 
2014-07-08T01:51:50.949+0000: 351.575: [GC [PSYoungGen: 197458K->1110K(193536K)] 276957K->80681K(880512K), 0.0044450 secs] [Times: user=0.02 sys=0.00, real=0.00 secs] 
2014-07-08T01:51:51.523+0000: 352.149: [GC [PSYoungGen: 193494K->548K(188864K)] 273065K->80358K(875840K), 0.0031320 secs] [Times: user=0.02 sys=0.01, real=0.01 secs] 
2014-07-08T01:51:52.142+0000: 352.768: [GC [PSYoungGen: 188836K->894K(185216K)] 268646K->80776K(872192K), 0.0042010 secs] [Times: user=0.02 sys=0.00, real=0.00 secs] 
2014-07-08T01:51:52.787+0000: 353.413: [GC [PSYoungGen: 185191K->1145K(181632K)] 265074K->81655K(868608K), 0.0053980 secs] [Times: user=0.03 sys=0.00, real=0.00 secs] 
2014-07-08T01:51:53.319+0000: 353.945: [GC [PSYoungGen: 181625K->912K(177728K)] 262135K->81495K(864704K), 0.0030420 secs] [Times: user=0.01 sys=0.00, real=0.00 secs] 
2014-07-08T01:51:53.876+0000: 354.502: [GC [PSYoungGen: 177680K->936K(174144K)] 258263K->81667K(861120K), 0.0062540 secs] [Times: user=0.03 sys=0.00, real=0.01 secs] 
2014-07-08T01:51:54.399+0000: 355.025: [GC [PSYoungGen: 174120K->946K(170688K)] 254851K->81733K(857664K), 0.0049960 secs] [Times: user=0.03 sys=0.00, real=0.00 secs] 
2014-07-08T01:51:55.021+0000: 355.647: [GC [PSYoungGen: 170672K->1082K(167488K)] 251459K->81941K(854464K), 0.0059470 secs] [Times: user=0.03 sys=0.01, real=0.01 secs] 
2014-07-08T01:51:55.513+0000: 356.139: [GC [PSYoungGen: 167482K->1042K(164224K)] 248341K->81989K(851200K), 0.0043890 secs] [Times: user=0.02 sys=0.00, real=0.01 secs] 
2014-07-08T01:51:56.092+0000: 356.718: [GC [PSYoungGen: 164159K->690K(160704K)] 245106K->81913K(847680K), 0.0047640 secs] [Times: user=0.02 sys=0.00, real=0.00 secs] 
2014-07-08T01:51:56.612+0000: 357.238: [GC [PSYoungGen: 160668K->1096K(158144K)] 241891K->82383K(845120K), 0.0080620 secs] [Times: user=0.05 sys=0.00, real=0.01 secs] 
2014-07-08T01:51:57.107+0000: 357.733: [GC [PSYoungGen: 158088K->822K(154880K)] 239375K->82173K(841856K), 0.0029430 secs] [Times: user=0.01 sys=0.00, real=0.01 secs] 
2014-07-08T01:51:57.580+0000: 358.206: [GC [PSYoungGen: 154870K->1018K(152192K)] 236221K->82441K(839168K), 0.0033140 secs] [Times: user=0.02 sys=0.00, real=0.00 secs] 
2014-07-08T01:51:58.069+0000: 358.695: [GC [PSYoungGen: 152186K->530K(148992K)] 233609K->82009K(835968K), 0.0061280 secs] [Times: user=0.03 sys=0.00, real=0.00 secs] 
2014-07-08T01:51:58.485+0000: 359.111: [GC [PSYoungGen: 148912K->1160K(146944K)] 230391K->82711K(833920K), 0.0054370 secs] [Times: user=0.02 sys=0.00, real=0.01 secs] 
2014-07-08T01:51:58.995+0000: 359.621: [GC [PSYoungGen: 146888K->580K(143744K)] 228439K->82179K(830720K), 0.0039260 secs] [Times: user=0.01 sys=0.01, real=0.01 secs] 
2014-07-08T01:51:59.433+0000: 360.058: [GC [PSYoungGen: 143684K->1064K(172864K)] 225283K->82759K(859840K), 0.0074550 secs] [Times: user=0.04 sys=0.00, real=0.01 secs] 
2014-07-08T01:52:00.061+0000: 360.687: [GC [PSYoungGen: 172840K->808K(206976K)] 254535K->82599K(893952K), 0.0044550 secs] [Times: user=0.03 sys=0.01, real=0.00 secs] 
2014-07-08T01:52:00.772+0000: 361.398: [GC [PSYoungGen: 206952K->954K(248384K)] 288743K->82793K(935360K), 0.0089260 secs] [Times: user=0.04 sys=0.00, real=0.01 secs] 
2014-07-08T01:52:01.562+0000: 362.187: [GC [PSYoungGen: 248378K->730K(242176K)] 330217K->82617K(929152K), 0.0046310 secs] [Times: user=0.03 sys=0.00, real=0.00 secs] 
2014-07-08T01:52:02.273+0000: 362.899: [GC [PSYoungGen: 242125K->1003K(236608K)] 324012K->82986K(923584K), 0.0054930 secs] [Times: user=0.03 sys=0.00, real=0.01 secs] 
2014-07-08T01:52:03.127+0000: 363.753: [GC [PSYoungGen: 236587K->847K(230912K)] 318570K->82894K(917888K), 0.0043610 secs] [Times: user=0.02 sys=0.00, real=0.01 secs] 
2014-07-08T01:52:03.857+0000: 364.483: [GC [PSYoungGen: 230863K->1120K(225792K)] 312910K->83248K(912768K), 0.0039330 secs] [Times: user=0.02 sys=0.00, real=0.01 secs] 
2014-07-08T01:52:04.596+0000: 365.221: [GC [PSYoungGen: 225732K->672K(220160K)] 307860K->83350K(907136K), 0.0043240 secs] [Times: user=0.03 sys=0.01, real=0.01 secs] 
2014-07-08T01:52:05.263+0000: 365.889: [GC [PSYoungGen: 220128K->1450K(215936K)] 302806K->84183K(902912K), 0.0027390 secs] [Times: user=0.01 sys=0.00, real=0.00 secs] 
2014-07-08T01:52:05.988+0000: 366.614: [GC [PSYoungGen: 215914K->694K(210304K)] 298647K->83997K(897280K), 0.0040840 secs] [Times: user=0.03 sys=0.00, real=0.01 secs] 
2014-07-08T01:52:06.679+0000: 367.305: [GC [PSYoungGen: 210294K->1126K(206080K)] 293597K->84454K(893056K), 0.0041580 secs] [Times: user=0.02 sys=0.00, real=0.00 secs] 
2014-07-08T01:52:07.289+0000: 367.915: [GC [PSYoungGen: 206054K->466K(200960K)] 289382K->83833K(887936K), 0.0063590 secs] [Times: user=0.03 sys=0.00, real=0.01 secs] 
2014-07-08T01:52:07.949+0000: 368.575: [GC [PSYoungGen: 200912K->1008K(197120K)] 284279K->84479K(884096K), 0.0044000 secs] [Times: user=0.02 sys=0.00, real=0.00 secs] 
2014-07-08T01:52:08.587+0000: 369.213: [GC [PSYoungGen: 197104K->1074K(192960K)] 280575K->84626K(879936K), 0.0049820 secs] [Times: user=0.03 sys=0.00, real=0.01 secs] 
2014-07-08T01:52:09.185+0000: 369.810: [GC [PSYoungGen: 192946K->608K(188480K)] 276498K->84231K(875456K), 0.0039130 secs] [Times: user=0.02 sys=0.00, real=0.00 secs] 
2014-07-08T01:52:09.855+0000: 370.480: [GC [PSYoungGen: 188448K->1054K(185024K)] 272071K->84749K(872000K), 0.0052180 secs] [Times: user=0.03 sys=0.01, real=0.01 secs] 
2014-07-08T01:52:10.397+0000: 371.023: [GC [PSYoungGen: 184990K->886K(181056K)] 268685K->84645K(868032K), 0.0102560 secs] [Times: user=0.05 sys=0.00, real=0.01 secs] 
2014-07-08T01:52:11.017+0000: 371.643: [GC [PSYoungGen: 181046K->562K(216768K)] 264805K->84345K(903744K), 0.0081550 secs] [Times: user=0.03 sys=0.00, real=0.01 secs] 
2014-07-08T01:52:11.716+0000: 372.342: [GC [PSYoungGen: 216739K->1056K(260544K)] 300523K->84911K(947520K), 0.0077370 secs] [Times: user=0.05 sys=0.00, real=0.01 secs] 
2014-07-08T01:52:12.471+0000: 373.097: [GC [PSYoungGen: 260483K->1146K(254144K)] 344339K->85081K(941120K), 0.0029630 secs] [Times: user=0.02 sys=0.00, real=0.00 secs] 
2014-07-08T01:52:13.295+0000: 373.921: [GC [PSYoungGen: 254113K->690K(247488K)] 338049K->84721K(934464K), 0.0042530 secs] [Times: user=0.03 sys=0.00, real=0.00 secs] 
2014-07-08T01:52:14.117+0000: 374.743: [GC [PSYoungGen: 247474K->708K(241536K)] 331505K->84835K(928512K), 0.0034100 secs] [Times: user=0.02 sys=0.00, real=0.01 secs] 
2014-07-08T01:52:14.925+0000: 375.551: [GC [PSYoungGen: 241476K->862K(235904K)] 325603K->85045K(922880K), 0.0049900 secs] [Times: user=0.03 sys=0.00, real=0.00 secs] 
2014-07-08T01:52:15.639+0000: 376.265: [GC [PSYoungGen: 235868K->736K(230208K)] 320051K->84959K(917184K), 0.0084940 secs] [Times: user=0.05 sys=0.00, real=0.01 secs] 
2014-07-08T01:52:16.339+0000: 376.965: [GC [PSYoungGen: 230176K->826K(224896K)] 314399K->85137K(911872K), 0.0060280 secs] [Times: user=0.04 sys=0.00, real=0.01 secs] 
2014-07-08T01:52:17.136+0000: 377.762: [GC [PSYoungGen: 224890K->1088K(220032K)] 309201K->85464K(907008K), 0.0043210 secs] [Times: user=0.02 sys=0.00, real=0.01 secs] 
2014-07-08T01:52:17.871+0000: 378.497: [GC [PSYoungGen: 219967K->886K(214784K)] 304343K->85333K(901760K), 0.0099240 secs] [Times: user=0.06 sys=0.00, real=0.01 secs] 
2014-07-08T01:52:18.535+0000: 379.161: [GC [PSYoungGen: 214762K->804K(209920K)] 299210K->85365K(896896K), 0.0042920 secs] [Times: user=0.02 sys=0.01, real=0.00 secs] 
2014-07-08T01:52:19.231+0000: 379.857: [GC [PSYoungGen: 209892K->772K(205248K)] 294453K->85413K(892224K), 0.0031400 secs] [Times: user=0.01 sys=0.00, real=0.00 secs] 
2014-07-08T01:52:19.874+0000: 380.500: [GC [PSYoungGen: 205188K->974K(200960K)] 289829K->85656K(887936K), 0.0068750 secs] [Times: user=0.05 sys=0.00, real=0.01 secs] 
2014-07-08T01:52:20.475+0000: 381.101: [GC [PSYoungGen: 200910K->1254K(196864K)] 285592K->86064K(883840K), 0.0046140 secs] [Times: user=0.03 sys=0.00, real=0.00 secs] 
2014-07-08T01:52:21.142+0000: 381.768: [GC [PSYoungGen: 196838K->306K(191744K)] 281648K->85495K(878720K), 0.0036480 secs] [Times: user=0.01 sys=0.00, real=0.00 secs] 
2014-07-08T01:52:21.789+0000: 382.415: [GC [PSYoungGen: 191730K->1110K(188544K)] 276919K->86356K(875520K), 0.0036870 secs] [Times: user=0.02 sys=0.00, real=0.01 secs] 
2014-07-08T01:52:22.302+0000: 382.928: [GC [PSYoungGen: 188502K->876K(184384K)] 273748K->86317K(871360K), 0.0033600 secs] [Times: user=0.02 sys=0.00, real=0.00 secs] 
2014-07-08T01:52:22.938+0000: 383.564: [GC [PSYoungGen: 184347K->662K(180416K)] 269788K->86191K(867392K), 0.0049210 secs] [Times: user=0.03 sys=0.00, real=0.01 secs] 
2014-07-08T01:52:23.479+0000: 384.105: [GC [PSYoungGen: 180374K->1251K(177344K)] 265903K->87170K(864320K), 0.0053020 secs] [Times: user=0.04 sys=0.00, real=0.01 secs] 
2014-07-08T01:52:24.108+0000: 384.734: [GC [PSYoungGen: 177315K->1128K(173696K)] 263234K->87104K(860672K), 0.0031230 secs] [Times: user=0.02 sys=0.00, real=0.01 secs] 
2014-07-08T01:52:24.672+0000: 385.298: [GC [PSYoungGen: 173666K->936K(170048K)] 259642K->87172K(857024K), 0.0036810 secs] [Times: user=0.02 sys=0.00, real=0.00 secs] 
2014-07-08T01:52:25.177+0000: 385.802: [GC [PSYoungGen: 170024K->644K(166464K)] 256260K->86967K(853440K), 0.0051810 secs] [Times: user=0.03 sys=0.00, real=0.00 secs] 
2014-07-08T01:52:25.755+0000: 386.381: [GC [PSYoungGen: 166404K->1234K(163840K)] 252727K->87646K(850816K), 0.0036080 secs] [Times: user=0.02 sys=0.01, real=0.00 secs] 
2014-07-08T01:52:26.215+0000: 386.841: [GC [PSYoungGen: 163794K->626K(160064K)] 250206K->87109K(847040K), 0.0041890 secs] [Times: user=0.03 sys=0.00, real=0.00 secs] 
2014-07-08T01:52:26.762+0000: 387.388: [GC [PSYoungGen: 160050K->1374K(157824K)] 246533K->87922K(844800K), 0.0041530 secs] [Times: user=0.02 sys=0.00, real=0.00 secs] 
2014-07-08T01:52:27.219+0000: 387.845: [GC [PSYoungGen: 157790K->822K(154304K)] 244337K->87441K(841280K), 0.0041870 secs] [Times: user=0.01 sys=0.00, real=0.01 secs] 
2014-07-08T01:52:27.844+0000: 388.470: [GC [PSYoungGen: 154294K->1057K(151744K)] 240913K->87765K(838720K), 0.0048280 secs] [Times: user=0.02 sys=0.00, real=0.00 secs] 
2014-07-08T01:52:28.251+0000: 388.877: [GC [PSYoungGen: 151713K->658K(148608K)] 238421K->87445K(835584K), 0.0047790 secs] [Times: user=0.03 sys=0.01, real=0.01 secs] 
2014-07-08T01:52:28.787+0000: 389.413: [GC [PSYoungGen: 148562K->708K(145984K)] 235349K->87543K(832960K), 0.0034360 secs] [Times: user=0.02 sys=0.01, real=0.00 secs] 
2014-07-08T01:52:29.205+0000: 389.831: [GC [PSYoungGen: 145887K->794K(143488K)] 232723K->87686K(830464K), 0.0036590 secs] [Times: user=0.01 sys=0.00, real=0.00 secs] 
2014-07-08T01:52:29.710+0000: 390.336: [GC [PSYoungGen: 143422K->1252K(141440K)] 230314K->88232K(828416K), 0.0050940 secs] [Times: user=0.03 sys=0.01, real=0.01 secs] 
2014-07-08T01:52:30.108+0000: 390.734: [GC [PSYoungGen: 141412K->942K(138688K)] 228392K->88010K(825664K), 0.0029430 secs] [Times: user=0.01 sys=0.00, real=0.00 secs] 
2014-07-08T01:52:30.565+0000: 391.191: [GC [PSYoungGen: 138670K->1096K(136512K)] 225738K->88244K(823488K), 0.0049050 secs] [Times: user=0.03 sys=0.00, real=0.00 secs] 
2014-07-08T01:52:31.030+0000: 391.656: [GC [PSYoungGen: 136456K->846K(133952K)] 223604K->88058K(820928K), 0.0029950 secs] [Times: user=0.01 sys=0.00, real=0.01 secs] 
2014-07-08T01:52:31.412+0000: 392.038: [GC [PSYoungGen: 133902K->996K(131840K)] 221114K->88328K(818816K), 0.0033840 secs] [Times: user=0.02 sys=0.00, real=0.01 secs] 
2014-07-08T01:52:31.877+0000: 392.503: [GC [PSYoungGen: 131812K->910K(129600K)] 219144K->88338K(816576K), 0.0037400 secs] [Times: user=0.02 sys=0.00, real=0.00 secs] 
2014-07-08T01:52:32.245+0000: 392.871: [GC [PSYoungGen: 129550K->730K(155136K)] 216978K->88230K(842112K), 0.0084560 secs] [Times: user=0.05 sys=0.00, real=0.01 secs] 
2014-07-08T01:52:32.844+0000: 393.470: [GC [PSYoungGen: 155082K->1164K(186496K)] 242582K->88736K(873472K), 0.0042980 secs] [Times: user=0.02 sys=0.00, real=0.00 secs] 
2014-07-08T01:52:33.344+0000: 393.970: [GC [PSYoungGen: 186444K->530K(182016K)] 274016K->88149K(868992K), 0.0046090 secs] [Times: user=0.01 sys=0.00, real=0.00 secs] 
2014-07-08T01:52:33.968+0000: 394.594: [GC [PSYoungGen: 181970K->914K(178688K)] 269589K->88574K(865664K), 0.0047410 secs] [Times: user=0.02 sys=0.01, real=0.00 secs] 
2014-07-08T01:52:34.503+0000: 395.129: [GC [PSYoungGen: 178642K->822K(174976K)] 266302K->88545K(861952K), 0.0048940 secs] [Times: user=0.03 sys=0.00, real=0.00 secs] 
2014-07-08T01:52:35.108+0000: 395.734: [GC [PSYoungGen: 174966K->868K(171584K)] 262689K->88671K(858560K), 0.0067820 secs] [Times: user=0.04 sys=0.01, real=0.01 secs] 
2014-07-08T01:52:35.679+0000: 396.304: [GC [PSYoungGen: 171556K->1148K(168448K)] 259359K->89096K(855424K), 0.0032390 secs] [Times: user=0.02 sys=0.00, real=0.00 secs] 
2014-07-08T01:52:36.208+0000: 396.834: [GC [PSYoungGen: 168444K->1170K(165248K)] 256392K->89182K(852224K), 0.0070540 secs] [Times: user=0.04 sys=0.01, real=0.01 secs] 
2014-07-08T01:52:36.801+0000: 397.427: [GC [PSYoungGen: 165202K->608K(161536K)] 253214K->89411K(848512K), 0.0032280 secs] [Times: user=0.02 sys=0.00, real=0.01 secs] 
2014-07-08T01:52:37.270+0000: 397.895: [GC [PSYoungGen: 161504K->936K(158784K)] 250307K->89819K(845760K), 0.0044220 secs] [Times: user=0.02 sys=0.00, real=0.01 secs] 
2014-07-08T01:52:37.794+0000: 398.420: [GC [PSYoungGen: 158760K->908K(155840K)] 247643K->90053K(842816K), 0.0052380 secs] [Times: user=0.03 sys=0.00, real=0.00 secs] 
2014-07-08T01:52:38.248+0000: 398.874: [GC [PSYoungGen: 155788K->732K(152768K)] 244933K->89973K(839744K), 0.0035730 secs] [Times: user=0.02 sys=0.01, real=0.00 secs] 
2014-07-08T01:52:38.797+0000: 399.423: [GC [PSYoungGen: 152722K->1110K(150336K)] 241963K->90447K(837312K), 0.0069960 secs] [Times: user=0.04 sys=0.00, real=0.01 secs] 
2014-07-08T01:52:39.223+0000: 399.849: [GC [PSYoungGen: 150294K->794K(179904K)] 239631K->90195K(866880K), 0.0216860 secs] [Times: user=0.14 sys=0.00, real=0.03 secs] 
2014-07-08T01:52:39.873+0000: 400.499: [GC [PSYoungGen: 179866K->932K(215872K)] 269267K->90389K(902848K), 0.0072150 secs] [Times: user=0.04 sys=0.00, real=0.01 secs] 
2014-07-08T01:52:40.541+0000: 401.167: [GC [PSYoungGen: 215844K->1362K(259328K)] 305301K->90899K(946304K), 0.0031120 secs] [Times: user=0.01 sys=0.00, real=0.01 secs] 
2014-07-08T01:52:41.376+0000: 402.002: [GC [PSYoungGen: 259269K->612K(266048K)] 348806K->90475K(953024K), 0.0035670 secs] [Times: user=0.02 sys=0.00, real=0.00 secs] 
2014-07-08T01:52:42.281+0000: 402.907: [GC [PSYoungGen: 265977K->1189K(259904K)] 355840K->91124K(946880K), 0.0027640 secs] [Times: user=0.01 sys=0.00, real=0.01 secs] 
2014-07-08T01:52:43.087+0000: 403.713: [GC [PSYoungGen: 259877K->356K(252608K)] 349812K->90597K(939584K), 0.0052050 secs] [Times: user=0.03 sys=0.00, real=0.00 secs] 
2014-07-08T01:52:43.943+0000: 404.569: [GC [PSYoungGen: 252531K->1410K(247488K)] 342772K->91739K(934464K), 0.0045520 secs] [Times: user=0.03 sys=0.00, real=0.01 secs] 
2014-07-08T01:52:44.741+0000: 405.367: [GC [PSYoungGen: 247426K->1082K(241152K)] 337755K->91583K(928128K), 0.0041380 secs] [Times: user=0.01 sys=0.00, real=0.00 secs] 
2014-07-08T01:52:45.448+0000: 406.074: [GC [PSYoungGen: 241146K->974K(235328K)] 331647K->91500K(922304K), 0.0088540 secs] [Times: user=0.04 sys=0.00, real=0.01 secs] 
2014-07-08T01:52:46.244+0000: 406.870: [GC [PSYoungGen: 235278K->826K(229568K)] 325804K->91407K(916544K), 0.0028370 secs] [Times: user=0.02 sys=0.00, real=0.01 secs] 
2014-07-08T01:52:46.997+0000: 407.623: [GC [PSYoungGen: 229562K->986K(224384K)] 320143K->91615K(911360K), 0.0035970 secs] [Times: user=0.01 sys=0.00, real=0.00 secs] 
2014-07-08T01:52:47.772+0000: 408.398: [GC [PSYoungGen: 224346K->1000K(219200K)] 314975K->91685K(906176K), 0.0075350 secs] [Times: user=0.04 sys=0.00, real=0.01 secs] 
2014-07-08T01:52:48.405+0000: 409.031: [GC [PSYoungGen: 219138K->562K(213760K)] 309824K->91303K(900736K), 0.0048860 secs] [Times: user=0.02 sys=0.00, real=0.00 secs] 
2014-07-08T01:52:49.161+0000: 409.787: [GC [PSYoungGen: 213746K->758K(209152K)] 304487K->91603K(896128K), 0.0039650 secs] [Times: user=0.02 sys=0.00, real=0.00 secs] 
2014-07-08T01:52:49.886+0000: 410.512: [GC [PSYoungGen: 209142K->808K(204608K)] 299987K->91685K(891584K), 0.0059070 secs] [Times: user=0.02 sys=0.00, real=0.00 secs] 
2014-07-08T01:52:50.506+0000: 411.132: [GC [PSYoungGen: 204584K->1262K(200576K)] 295461K->92235K(887552K), 0.0049430 secs] [Times: user=0.04 sys=0.00, real=0.00 secs] 
2014-07-08T01:52:51.191+0000: 411.817: [GC [PSYoungGen: 200558K->840K(195904K)] 291531K->91909K(882880K), 0.0034820 secs] [Times: user=0.01 sys=0.00, real=0.00 secs] 
2014-07-08T01:52:51.841+0000: 412.467: [GC [PSYoungGen: 195848K->958K(191808K)] 286917K->92117K(878784K), 0.0101010 secs] [Times: user=0.05 sys=0.00, real=0.01 secs] 
2014-07-08T01:52:52.433+0000: 413.058: [GC [PSYoungGen: 191806K->1086K(187904K)] 282965K->92357K(874880K), 0.0050850 secs] [Times: user=0.03 sys=0.01, real=0.01 secs] 
2014-07-08T01:52:53.083+0000: 413.709: [GC [PSYoungGen: 187902K->644K(183616K)] 279173K->91979K(870592K), 0.0050570 secs] [Times: user=0.02 sys=0.00, real=0.01 secs] 
2014-07-08T01:52:53.718+0000: 414.344: [GC [PSYoungGen: 183552K->982K(180160K)] 274887K->92421K(867136K), 0.0042080 secs] [Times: user=0.02 sys=0.00, real=0.00 secs] 
2014-07-08T01:52:54.266+0000: 414.892: [GC [PSYoungGen: 180118K->872K(176384K)] 271557K->92367K(863360K), 0.0074080 secs] [Times: user=0.04 sys=0.00, real=0.01 secs] 
2014-07-08T01:52:54.949+0000: 415.575: [GC [PSYoungGen: 176358K->936K(172928K)] 267854K->92527K(859904K), 0.0039710 secs] [Times: user=0.02 sys=0.00, real=0.00 secs] 
2014-07-08T01:52:55.448+0000: 416.074: [GC [PSYoungGen: 172904K->1014K(207424K)] 264495K->92661K(894400K), 0.0093720 secs] [Times: user=0.04 sys=0.00, real=0.01 secs] 
2014-07-08T01:52:56.160+0000: 416.786: [GC [PSYoungGen: 207373K->790K(202688K)] 299020K->92509K(889664K), 0.0057350 secs] [Times: user=0.03 sys=0.00, real=0.00 secs] 
2014-07-08T01:52:56.869+0000: 417.495: [GC [PSYoungGen: 202626K->868K(198336K)] 294345K->92723K(885312K), 0.0055890 secs] [Times: user=0.04 sys=0.00, real=0.00 secs] 
2014-07-08T01:52:57.518+0000: 418.144: [GC [PSYoungGen: 198301K->1121K(194368K)] 290156K->93016K(881344K), 0.0040100 secs] [Times: user=0.01 sys=0.00, real=0.00 secs] 
2014-07-08T01:52:58.188+0000: 418.814: [GC [PSYoungGen: 194337K->694K(189824K)] 286232K->92701K(876800K), 0.0024700 secs] [Times: user=0.01 sys=0.00, real=0.00 secs] 
2014-07-08T01:52:58.836+0000: 419.462: [GC [PSYoungGen: 189814K->836K(186048K)] 281821K->92891K(873024K), 0.0026340 secs] [Times: user=0.01 sys=0.00, real=0.01 secs] 
2014-07-08T01:52:59.428+0000: 420.053: [GC [PSYoungGen: 185988K->804K(182144K)] 278043K->92939K(869120K), 0.0046810 secs] [Times: user=0.03 sys=0.00, real=0.00 secs] 
2014-07-08T01:53:00.057+0000: 420.683: [GC [PSYoungGen: 182116K->826K(178432K)] 274251K->93065K(865408K), 0.0043170 secs] [Times: user=0.02 sys=0.00, real=0.01 secs] 
2014-07-08T01:53:00.643+0000: 421.269: [GC [PSYoungGen: 178426K->1078K(175104K)] 270665K->93389K(862080K), 0.0047370 secs] [Times: user=0.03 sys=0.00, real=0.01 secs] 
2014-07-08T01:53:01.224+0000: 421.850: [GC [PSYoungGen: 175094K->844K(171456K)] 267405K->93227K(858432K), 0.0063470 secs] [Times: user=0.04 sys=0.00, real=0.01 secs] 
2014-07-08T01:53:01.883+0000: 422.509: [GC [PSYoungGen: 171404K->754K(167936K)] 263787K->93379K(854912K), 0.0048670 secs] [Times: user=0.02 sys=0.00, real=0.01 secs] 
2014-07-08T01:53:02.385+0000: 423.011: [GC [PSYoungGen: 167922K->740K(164672K)] 260547K->93461K(851648K), 0.0051100 secs] [Times: user=0.02 sys=0.00, real=0.01 secs] 
2014-07-08T01:53:02.965+0000: 423.591: [GC [PSYoungGen: 164644K->1134K(161920K)] 257365K->93986K(848896K), 0.0027380 secs] [Times: user=0.01 sys=0.00, real=0.01 secs] 
2014-07-08T01:53:03.465+0000: 424.091: [GC [PSYoungGen: 161902K->872K(158592K)] 254754K->93811K(845568K), 0.0058320 secs] [Times: user=0.03 sys=0.00, real=0.01 secs] 
2014-07-08T01:53:04.020+0000: 424.646: [GC [PSYoungGen: 158568K->680K(155456K)] 251507K->94028K(842432K), 0.0042390 secs] [Times: user=0.03 sys=0.00, real=0.00 secs] 
2014-07-08T01:53:04.503+0000: 425.129: [GC [PSYoungGen: 155428K->978K(152896K)] 248776K->94398K(839872K), 0.0038100 secs] [Times: user=0.02 sys=0.00, real=0.00 secs] 
2014-07-08T01:53:05.037+0000: 425.663: [GC [PSYoungGen: 152850K->928K(150080K)] 246270K->94412K(837056K), 0.0045030 secs] [Times: user=0.02 sys=0.00, real=0.01 secs] 
2014-07-08T01:53:05.538+0000: 426.164: [GC [PSYoungGen: 150048K->1024K(147520K)] 243532K->94588K(834496K), 0.0055910 secs] [Times: user=0.03 sys=0.00, real=0.00 secs] 
2014-07-08T01:53:06.077+0000: 426.703: [GC [PSYoungGen: 147456K->572K(144384K)] 241020K->94554K(831360K), 0.0033690 secs] [Times: user=0.01 sys=0.00, real=0.01 secs] 
2014-07-08T01:53:06.535+0000: 427.161: [GC [PSYoungGen: 144346K->890K(142144K)] 238328K->94944K(829120K), 0.0034590 secs] [Times: user=0.02 sys=0.00, real=0.01 secs] 
2014-07-08T01:53:07.017+0000: 427.643: [GC [PSYoungGen: 142119K->976K(139776K)] 236173K->95244K(826752K), 0.0033820 secs] [Times: user=0.01 sys=0.00, real=0.01 secs] 
2014-07-08T01:53:07.480+0000: 428.106: [GC [PSYoungGen: 139728K->730K(137152K)] 233996K->95054K(824128K), 0.0077720 secs] [Times: user=0.04 sys=0.00, real=0.00 secs] 
2014-07-08T01:53:07.947+0000: 428.573: [GC [PSYoungGen: 137114K->684K(134784K)] 231438K->95446K(821760K), 0.0031120 secs] [Times: user=0.01 sys=0.01, real=0.01 secs] 
2014-07-08T01:53:08.356+0000: 428.982: [GC [PSYoungGen: 134740K->912K(132800K)] 229502K->95746K(819776K), 0.0057390 secs] [Times: user=0.03 sys=0.00, real=0.01 secs] 
2014-07-08T01:53:08.824+0000: 429.450: [GC [PSYoungGen: 132752K->950K(130624K)] 227586K->96305K(817600K), 0.0044960 secs] [Times: user=0.02 sys=0.00, real=0.01 secs] 
2014-07-08T01:53:09.238+0000: 429.864: [GC [PSYoungGen: 130614K->847K(128448K)] 225969K->96298K(815424K), 0.0035430 secs] [Times: user=0.02 sys=0.00, real=0.00 secs] 
2014-07-08T01:53:09.683+0000: 430.309: [GC [PSYoungGen: 128399K->992K(154112K)] 223850K->96721K(841088K), 0.0072090 secs] [Times: user=0.04 sys=0.00, real=0.01 secs] 
2014-07-08T01:53:10.184+0000: 430.809: [GC [PSYoungGen: 154074K->847K(184640K)] 249803K->96664K(871616K), 0.0090910 secs] [Times: user=0.06 sys=0.00, real=0.01 secs] 
2014-07-08T01:53:10.872+0000: 431.498: [GC [PSYoungGen: 184518K->1072K(221632K)] 280335K->97035K(908608K), 0.0032760 secs] [Times: user=0.01 sys=0.00, real=0.00 secs] 
2014-07-08T01:53:11.538+0000: 432.164: [GC [PSYoungGen: 221600K->1246K(216768K)] 317564K->97274K(903744K), 0.0049570 secs] [Times: user=0.01 sys=0.00, real=0.01 secs] 
2014-07-08T01:53:12.344+0000: 432.970: [GC [PSYoungGen: 216724K->737K(211392K)] 312752K->97328K(898368K), 0.0068790 secs] [Times: user=0.04 sys=0.00, real=0.01 secs] 
2014-07-08T01:53:13.008+0000: 433.634: [GC [PSYoungGen: 211361K->844K(206784K)] 307952K->97467K(893760K), 0.0065100 secs] [Times: user=0.03 sys=0.00, real=0.01 secs] 
2014-07-08T01:53:13.725+0000: 434.350: [GC [PSYoungGen: 206732K->1102K(242112K)] 303355K->97997K(929088K), 0.0107130 secs] [Times: user=0.06 sys=0.00, real=0.01 secs] 
2014-07-08T01:53:14.476+0000: 435.102: [GC [PSYoungGen: 241614K->640K(235392K)] 338509K->97606K(922368K), 0.0029880 secs] [Times: user=0.02 sys=0.00, real=0.01 secs] 
2014-07-08T01:53:15.256+0000: 435.882: [GC [PSYoungGen: 235392K->776K(230016K)] 332358K->97807K(916992K), 0.0048150 secs] [Times: user=0.03 sys=0.00, real=0.01 secs] 
2014-07-08T01:53:16.158+0000: 436.784: [GC [PSYoungGen: 229951K->894K(224704K)] 326982K->97997K(911680K), 0.0054790 secs] [Times: user=0.03 sys=0.00, real=0.01 secs] 
2014-07-08T01:53:16.857+0000: 437.483: [GC [PSYoungGen: 224702K->1078K(219712K)] 321805K->98245K(906688K), 0.0063960 secs] [Times: user=0.03 sys=0.01, real=0.01 secs] 
2014-07-08T01:53:17.567+0000: 438.193: [GC [PSYoungGen: 219702K->896K(214592K)] 316869K->98143K(901568K), 0.0041050 secs] [Times: user=0.02 sys=0.01, real=0.01 secs] 
2014-07-08T01:53:18.296+0000: 438.921: [GC [PSYoungGen: 214528K->776K(209664K)] 311775K->98071K(896640K), 0.0103240 secs] [Times: user=0.06 sys=0.00, real=0.01 secs] 
2014-07-08T01:53:19.022+0000: 439.648: [GC [PSYoungGen: 209608K->794K(204992K)] 306903K->98145K(891968K), 0.0049450 secs] [Times: user=0.03 sys=0.01, real=0.00 secs] 
2014-07-08T01:53:19.753+0000: 440.379: [GC [PSYoungGen: 204929K->1014K(200704K)] 302280K->98469K(887680K), 0.0051700 secs] [Times: user=0.03 sys=0.01, real=0.00 secs] 
2014-07-08T01:53:20.366+0000: 440.992: [GC [PSYoungGen: 200693K->694K(196032K)] 298148K->98237K(883008K), 0.0070980 secs] [Times: user=0.04 sys=0.00, real=0.01 secs] 
2014-07-08T01:53:21.043+0000: 441.669: [GC [PSYoungGen: 196022K->954K(192128K)] 293565K->98561K(879104K), 0.0039240 secs] [Times: user=0.02 sys=0.00, real=0.00 secs] 
2014-07-08T01:53:21.724+0000: 442.350: [GC [PSYoungGen: 192122K->1251K(188416K)] 289729K->98898K(875392K), 0.0034910 secs] [Times: user=0.01 sys=0.00, real=0.00 secs] 
2014-07-08T01:53:22.290+0000: 442.915: [GC [PSYoungGen: 188387K->640K(183872K)] 286034K->98374K(870848K), 0.0037970 secs] [Times: user=0.02 sys=0.00, real=0.01 secs] 
2014-07-08T01:53:22.922+0000: 443.548: [GC [PSYoungGen: 183872K->928K(180416K)] 281606K->98767K(867392K), 0.0040400 secs] [Times: user=0.02 sys=0.00, real=0.00 secs] 
2014-07-08T01:53:23.491+0000: 444.117: [GC [PSYoungGen: 180370K->1358K(177216K)] 278209K->99253K(864192K), 0.0040500 secs] [Times: user=0.02 sys=0.00, real=0.00 secs] 
2014-07-08T01:53:24.105+0000: 444.731: [GC [PSYoungGen: 177166K->580K(172928K)] 275061K->98547K(859904K), 0.0057050 secs] [Times: user=0.03 sys=0.00, real=0.01 secs] 
2014-07-08T01:53:24.693+0000: 445.319: [GC [PSYoungGen: 172868K->1038K(169984K)] 270835K->99093K(856960K), 0.0036380 secs] [Times: user=0.02 sys=0.00, real=0.00 secs] 
2014-07-08T01:53:25.249+0000: 445.875: [GC [PSYoungGen: 169934K->1052K(166656K)] 267989K->99195K(853632K), 0.0026790 secs] [Times: user=0.02 sys=0.00, real=0.01 secs] 
2014-07-08T01:53:25.848+0000: 446.474: [GC [PSYoungGen: 166619K->928K(163328K)] 264762K->99199K(850304K), 0.0033440 secs] [Times: user=0.02 sys=0.00, real=0.01 secs] 
2014-07-08T01:53:26.356+0000: 446.982: [GC [PSYoungGen: 163294K->826K(160064K)] 261565K->99201K(847040K), 0.0035570 secs] [Times: user=0.01 sys=0.00, real=0.00 secs] 
2014-07-08T01:53:26.929+0000: 447.555: [GC [PSYoungGen: 160035K->854K(157120K)] 258410K->99301K(844096K), 0.0047170 secs] [Times: user=0.02 sys=0.00, real=0.01 secs] 
2014-07-08T01:53:27.444+0000: 448.070: [GC [PSYoungGen: 157070K->1092K(154432K)] 255517K->99611K(841408K), 0.0036250 secs] [Times: user=0.01 sys=0.00, real=0.00 secs] 
2014-07-08T01:53:27.976+0000: 448.602: [GC [PSYoungGen: 154372K->730K(151232K)] 252891K->99313K(838208K), 0.0043730 secs] [Times: user=0.02 sys=0.00, real=0.00 secs] 
2014-07-08T01:53:28.467+0000: 449.093: [GC [PSYoungGen: 151194K->1337K(149056K)] 249777K->100024K(836032K), 0.0051400 secs] [Times: user=0.03 sys=0.00, real=0.01 secs] 
2014-07-08T01:53:29.076+0000: 449.702: [GC [PSYoungGen: 149049K->868K(145920K)] 247736K->99627K(832896K), 0.0051700 secs] [Times: user=0.03 sys=0.00, real=0.01 secs] 
2014-07-08T01:53:29.481+0000: 450.107: [GC [PSYoungGen: 145868K->694K(143168K)] 244627K->99533K(830144K), 0.0031740 secs] [Times: user=0.02 sys=0.00, real=0.01 secs] 
2014-07-08T01:53:29.982+0000: 450.608: [GC [PSYoungGen: 143158K->804K(140800K)] 241997K->99707K(827776K), 0.0042700 secs] [Times: user=0.02 sys=0.00, real=0.00 secs] 
2014-07-08T01:53:30.433+0000: 451.059: [GC [PSYoungGen: 140772K->1042K(138624K)] 239675K->100017K(825600K), 0.0040160 secs] [Times: user=0.02 sys=0.00, real=0.00 secs] 
2014-07-08T01:53:30.952+0000: 451.578: [GC [PSYoungGen: 138578K->1072K(136256K)] 237553K->100612K(823232K), 0.0027180 secs] [Times: user=0.02 sys=0.00, real=0.00 secs] 
2014-07-08T01:53:31.373+0000: 451.999: [GC [PSYoungGen: 136240K->994K(133888K)] 235780K->100589K(820864K), 0.0058870 secs] [Times: user=0.02 sys=0.00, real=0.00 secs] 
2014-07-08T01:53:31.830+0000: 452.456: [GC [PSYoungGen: 133858K->512K(131136K)] 233453K->100329K(818112K), 0.0034450 secs] [Times: user=0.02 sys=0.00, real=0.01 secs] 
2014-07-08T01:53:32.271+0000: 452.897: [GC [PSYoungGen: 131136K->708K(129216K)] 230953K->100589K(816192K), 0.0040020 secs] [Times: user=0.02 sys=0.00, real=0.01 secs] 
2014-07-08T01:53:32.774+0000: 453.400: [GC [PSYoungGen: 129156K->886K(127232K)] 229037K->100823K(814208K), 0.0060130 secs] [Times: user=0.03 sys=0.00, real=0.00 secs] 
2014-07-08T01:53:33.157+0000: 453.782: [GC [PSYoungGen: 127222K->840K(152512K)] 227159K->100857K(839488K), 0.0055380 secs] [Times: user=0.03 sys=0.00, real=0.01 secs] 
2014-07-08T01:53:33.678+0000: 454.304: [GC [PSYoungGen: 152456K->924K(149824K)] 252473K->100997K(836800K), 0.0048760 secs] [Times: user=0.02 sys=0.00, real=0.01 secs] 
2014-07-08T01:53:34.169+0000: 454.795: [GC [PSYoungGen: 149788K->938K(147136K)] 249861K->101100K(834112K), 0.0041300 secs] [Times: user=0.02 sys=0.00, real=0.01 secs] 
2014-07-08T01:53:34.674+0000: 455.300: [GC [PSYoungGen: 147114K->1077K(144640K)] 247276K->101573K(831616K), 0.0057970 secs] [Times: user=0.04 sys=0.00, real=0.00 secs] 
2014-07-08T01:53:35.166+0000: 455.792: [GC [PSYoungGen: 144553K->944K(173248K)] 245049K->101496K(860224K), 0.0064190 secs] [Times: user=0.03 sys=0.00, real=0.01 secs] 
2014-07-08T01:53:35.835+0000: 456.461: [GC [PSYoungGen: 173214K->1064K(169984K)] 273766K->101720K(856960K), 0.0033110 secs] [Times: user=0.01 sys=0.00, real=0.00 secs] 
2014-07-08T01:53:36.337+0000: 456.963: [GC [PSYoungGen: 169960K->862K(203584K)] 270616K->101582K(890560K), 0.0080380 secs] [Times: user=0.05 sys=0.01, real=0.01 secs] 
2014-07-08T01:53:37.072+0000: 457.698: [GC [PSYoungGen: 203550K->1106K(199424K)] 304270K->101898K(886400K), 0.0046960 secs] [Times: user=0.02 sys=0.00, real=0.00 secs] 
2014-07-08T01:53:37.808+0000: 458.434: [GC [PSYoungGen: 199378K->1096K(219968K)] 300170K->101936K(906944K), 0.0114570 secs] [Times: user=0.05 sys=0.00, real=0.01 secs] 
2014-07-08T01:53:38.503+0000: 459.128: [GC [PSYoungGen: 219592K->908K(214464K)] 320432K->101860K(901440K), 0.0046250 secs] [Times: user=0.03 sys=0.00, real=0.01 secs] 
2014-07-08T01:53:39.249+0000: 459.875: [GC [PSYoungGen: 214412K->630K(209344K)] 315364K->101638K(896320K), 0.0052030 secs] [Times: user=0.03 sys=0.00, real=0.01 secs] 
2014-07-08T01:53:39.963+0000: 460.589: [GC [PSYoungGen: 209261K->908K(205056K)] 310269K->102020K(892032K), 0.0044450 secs] [Times: user=0.02 sys=0.01, real=0.00 secs] 
2014-07-08T01:53:40.676+0000: 461.302: [GC [PSYoungGen: 205004K->1192K(200832K)] 306116K->102360K(887808K), 0.0088080 secs] [Times: user=0.04 sys=0.00, real=0.01 secs] 
2014-07-08T01:53:41.348+0000: 461.974: [GC [PSYoungGen: 200739K->694K(195968K)] 301907K->101942K(882944K), 0.0039740 secs] [Times: user=0.02 sys=0.00, real=0.00 secs] 
2014-07-08T01:53:42.014+0000: 462.640: [GC [PSYoungGen: 195933K->897K(192064K)] 297181K->102233K(879040K), 0.0032740 secs] [Times: user=0.02 sys=0.00, real=0.00 secs] 
2014-07-08T01:53:42.725+0000: 463.351: [GC [PSYoungGen: 191999K->854K(187968K)] 293335K->102262K(874944K), 0.0058900 secs] [Times: user=0.04 sys=0.00, real=0.00 secs] 
2014-07-08T01:53:43.313+0000: 463.939: [GC [PSYoungGen: 187926K->843K(184064K)] 289334K->102315K(871040K), 0.0048400 secs] [Times: user=0.03 sys=0.00, real=0.00 secs] 
2014-07-08T01:53:43.951+0000: 464.577: [GC [PSYoungGen: 184011K->648K(180096K)] 285483K->102144K(867072K), 0.0043950 secs] [Times: user=0.01 sys=0.00, real=0.01 secs] 
2014-07-08T01:53:44.535+0000: 465.161: [GC [PSYoungGen: 180040K->950K(176704K)] 281536K->102518K(863680K), 0.0034680 secs] [Times: user=0.02 sys=0.00, real=0.00 secs] 
2014-07-08T01:53:45.177+0000: 465.803: [GC [PSYoungGen: 176694K->594K(172864K)] 278262K->102217K(859840K), 0.0037290 secs] [Times: user=0.02 sys=0.00, real=0.00 secs] 
2014-07-08T01:53:45.775+0000: 466.401: [GC [PSYoungGen: 172818K->1324K(170176K)] 274441K->103028K(857152K), 0.0041840 secs] [Times: user=0.03 sys=0.00, real=0.00 secs] 
2014-07-08T01:53:46.319+0000: 466.945: [GC [PSYoungGen: 170156K->748K(166272K)] 271860K->102540K(853248K), 0.0038550 secs] [Times: user=0.03 sys=0.00, real=0.00 secs] 
2014-07-08T01:53:46.939+0000: 467.565: [GC [PSYoungGen: 166252K->1381K(163712K)] 268044K->103237K(850688K), 0.0056240 secs] [Times: user=0.02 sys=0.00, real=0.01 secs] 
2014-07-08T01:53:47.436+0000: 468.062: [GC [PSYoungGen: 163685K->700K(159936K)] 265541K->102636K(846912K), 0.0053100 secs] [Times: user=0.03 sys=0.00, real=0.00 secs] 
2014-07-08T01:53:47.988+0000: 468.614: [GC [PSYoungGen: 159932K->780K(157056K)] 261868K->102764K(844032K), 0.0050540 secs] [Times: user=0.03 sys=0.01, real=0.00 secs] 
2014-07-08T01:53:48.519+0000: 469.145: [GC [PSYoungGen: 157004K->1390K(154688K)] 258988K->103446K(841664K), 0.0057530 secs] [Times: user=0.03 sys=0.00, real=0.01 secs] 
2014-07-08T01:53:49.115+0000: 469.741: [GC [PSYoungGen: 154670K->1054K(151552K)] 256726K->103166K(838528K), 0.0038540 secs] [Times: user=0.01 sys=0.01, real=0.00 secs] 
2014-07-08T01:53:49.560+0000: 470.186: [GC [PSYoungGen: 151518K->882K(148608K)] 253630K->103164K(835584K), 0.0040430 secs] [Times: user=0.02 sys=0.00, real=0.01 secs] 
2014-07-08T01:53:50.083+0000: 470.709: [GC [PSYoungGen: 148594K->762K(145792K)] 250876K->103092K(832768K), 0.0049160 secs] [Times: user=0.03 sys=0.00, real=0.01 secs] 
2014-07-08T01:53:50.564+0000: 471.190: [GC [PSYoungGen: 145784K->942K(175040K)] 248114K->103320K(862016K), 0.0130430 secs] [Times: user=0.07 sys=0.01, real=0.02 secs] 
2014-07-08T01:53:51.160+0000: 471.786: [GC [PSYoungGen: 174936K->811K(209728K)] 277314K->103253K(896704K), 0.0041380 secs] [Times: user=0.02 sys=0.00, real=0.00 secs] 
2014-07-08T01:53:51.874+0000: 472.500: [GC [PSYoungGen: 209680K->1280K(227264K)] 312122K->103794K(914240K), 0.0055890 secs] [Times: user=0.02 sys=0.01, real=0.01 secs] 
2014-07-08T01:53:52.634+0000: 473.260: [GC [PSYoungGen: 227200K->1170K(221888K)] 329714K->103764K(908864K), 0.0053040 secs] [Times: user=0.03 sys=0.00, real=0.01 secs] 
2014-07-08T01:53:53.368+0000: 473.994: [GC [PSYoungGen: 221841K->370K(225984K)] 324435K->103395K(912960K), 0.0092890 secs] [Times: user=0.05 sys=0.00, real=0.01 secs] 
2014-07-08T01:53:54.140+0000: 474.766: [GC [PSYoungGen: 225970K->868K(227136K)] 328995K->103965K(914112K), 0.0084740 secs] [Times: user=0.05 sys=0.00, real=0.01 secs] 
2014-07-08T01:53:54.905+0000: 475.530: [GC [PSYoungGen: 226468K->530K(220928K)] 329565K->103783K(907904K), 0.0043480 secs] [Times: user=0.03 sys=0.00, real=0.01 secs] 
2014-07-08T01:53:55.677+0000: 476.303: [GC [PSYoungGen: 220840K->1096K(265600K)] 324093K->104389K(952576K), 0.0107690 secs] [Times: user=0.06 sys=0.00, real=0.01 secs] 
2014-07-08T01:53:56.564+0000: 477.190: [GC [PSYoungGen: 265542K->896K(270848K)] 368835K->104229K(957824K), 0.0087040 secs] [Times: user=0.05 sys=0.00, real=0.01 secs] 
2014-07-08T01:53:57.516+0000: 478.142: [GC [PSYoungGen: 270336K->662K(263296K)] 373669K->104035K(950272K), 0.0037490 secs] [Times: user=0.02 sys=0.00, real=0.01 secs] 
2014-07-08T01:53:58.421+0000: 479.047: [GC [PSYoungGen: 263254K->700K(256704K)] 366627K->104145K(943680K), 0.0038860 secs] [Times: user=0.02 sys=0.01, real=0.00 secs] 
2014-07-08T01:53:59.301+0000: 479.927: [GC [PSYoungGen: 256687K->712K(250432K)] 360132K->104245K(937408K), 0.0049250 secs] [Times: user=0.03 sys=0.00, real=0.01 secs] 
2014-07-08T01:54:00.145+0000: 480.771: [GC [PSYoungGen: 250376K->644K(244288K)] 353909K->104225K(931264K), 0.0045180 secs] [Times: user=0.02 sys=0.00, real=0.01 secs] 
2014-07-08T01:54:01.010+0000: 481.636: [GC [PSYoungGen: 244228K->912K(238656K)] 347809K->104525K(925632K), 0.0051500 secs] [Times: user=0.02 sys=0.00, real=0.00 secs] 
2014-07-08T01:54:01.801+0000: 482.427: [GC [PSYoungGen: 238608K->922K(232960K)] 342221K->104639K(919936K), 0.0039530 secs] [Times: user=0.03 sys=0.00, real=0.00 secs] 
2014-07-08T01:54:02.580+0000: 483.206: [GC [PSYoungGen: 232922K->1276K(227840K)] 336639K->105057K(914816K), 0.0035060 secs] [Times: user=0.02 sys=0.00, real=0.00 secs] 
2014-07-08T01:54:03.403+0000: 484.029: [GC [PSYoungGen: 227836K->487K(221824K)] 331617K->104465K(908800K), 0.0067400 secs] [Times: user=0.05 sys=0.00, real=0.01 secs] 
2014-07-08T01:54:04.128+0000: 484.754: [GC [PSYoungGen: 221775K->1125K(217408K)] 325754K->105215K(904384K), 0.0042460 secs] [Times: user=0.02 sys=0.00, real=0.00 secs] 
2014-07-08T01:54:04.937+0000: 485.563: [GC [PSYoungGen: 217332K->1316K(212672K)] 321422K->105873K(899648K), 0.0045260 secs] [Times: user=0.03 sys=0.00, real=0.00 secs] 
2014-07-08T01:54:05.595+0000: 486.221: [GC [PSYoungGen: 212644K->1012K(207616K)] 317201K->105657K(894592K), 0.0046780 secs] [Times: user=0.02 sys=0.00, real=0.01 secs] 
2014-07-08T01:54:06.287+0000: 486.913: [GC [PSYoungGen: 207604K->562K(202624K)] 312249K->105313K(889600K), 0.0048490 secs] [Times: user=0.03 sys=0.00, real=0.00 secs] 
2014-07-08T01:54:07.015+0000: 487.641: [GC [PSYoungGen: 202610K->644K(198336K)] 307361K->105443K(885312K), 0.0057890 secs] [Times: user=0.03 sys=0.00, real=0.01 secs] 
2014-07-08T01:54:07.679+0000: 488.305: [GC [PSYoungGen: 198274K->988K(194368K)] 303073K->105867K(881344K), 0.0037910 secs] [Times: user=0.02 sys=0.00, real=0.00 secs] 
2014-07-08T01:54:08.321+0000: 488.947: [GC [PSYoungGen: 194332K->794K(190080K)] 299211K->105737K(877056K), 0.0042350 secs] [Times: user=0.02 sys=0.00, real=0.00 secs] 
2014-07-08T01:54:08.988+0000: 489.614: [GC [PSYoungGen: 190042K->826K(186112K)] 294985K->105833K(873088K), 0.0052730 secs] [Times: user=0.03 sys=0.00, real=0.00 secs] 
2014-07-08T01:54:09.624+0000: 490.250: [GC [PSYoungGen: 186106K->1517K(182976K)] 291113K->106770K(869952K), 0.0059290 secs] [Times: user=0.03 sys=0.00, real=0.01 secs] 
2014-07-08T01:54:10.265+0000: 490.890: [GC [PSYoungGen: 182957K->762K(178496K)] 288210K->106217K(865472K), 0.0050130 secs] [Times: user=0.03 sys=0.01, real=0.01 secs] 
2014-07-08T01:54:10.862+0000: 491.488: [GC [PSYoungGen: 178490K->726K(174912K)] 283945K->106253K(861888K), 0.0042400 secs] [Times: user=0.02 sys=0.00, real=0.00 secs] 
2014-07-08T01:54:11.441+0000: 492.067: [GC [PSYoungGen: 174870K->594K(171328K)] 280397K->106161K(858304K), 0.0049110 secs] [Times: user=0.01 sys=0.00, real=0.00 secs] 
2014-07-08T01:54:12.055+0000: 492.681: [GC [PSYoungGen: 171249K->776K(168128K)] 276816K->106423K(855104K), 0.0043150 secs] [Times: user=0.02 sys=0.00, real=0.01 secs] 
2014-07-08T01:54:12.607+0000: 493.233: [GC [PSYoungGen: 168071K->922K(164992K)] 273718K->106665K(851968K), 0.0068520 secs] [Times: user=0.04 sys=0.00, real=0.01 secs] 
2014-07-08T01:54:13.178+0000: 493.804: [GC [PSYoungGen: 164912K->1042K(161984K)] 270655K->106857K(848960K), 0.0032470 secs] [Times: user=0.02 sys=0.01, real=0.00 secs] 
2014-07-08T01:54:13.782+0000: 494.408: [GC [PSYoungGen: 161926K->1131K(158976K)] 267741K->107002K(845952K), 0.0069200 secs] [Times: user=0.04 sys=0.00, real=0.01 secs] 
2014-07-08T01:54:14.284+0000: 494.910: [GC [PSYoungGen: 158955K->712K(190208K)] 264826K->106631K(877184K), 0.0111780 secs] [Times: user=0.07 sys=0.01, real=0.01 secs] 
2014-07-08T01:54:14.999+0000: 495.625: [GC [PSYoungGen: 190152K->744K(228096K)] 296071K->106695K(915072K), 0.0039020 secs] [Times: user=0.01 sys=0.00, real=0.00 secs] 
2014-07-08T01:54:15.719+0000: 496.345: [GC [PSYoungGen: 228056K->1004K(223040K)] 334007K->107027K(910016K), 0.0034910 secs] [Times: user=0.01 sys=0.01, real=0.00 secs] 
2014-07-08T01:54:16.455+0000: 497.081: [GC [PSYoungGen: 223018K->790K(217728K)] 329041K->106869K(904704K), 0.0047560 secs] [Times: user=0.02 sys=0.00, real=0.01 secs] 
2014-07-08T01:54:17.227+0000: 497.853: [GC [PSYoungGen: 217686K->704K(212736K)] 323765K->106839K(899712K), 0.0029760 secs] [Times: user=0.02 sys=0.00, real=0.01 secs] 
2014-07-08T01:54:17.947+0000: 498.573: [GC [PSYoungGen: 212672K->1167K(208448K)] 318807K->107382K(895424K), 0.0042700 secs] [Times: user=0.03 sys=0.00, real=0.01 secs] 
2014-07-08T01:54:18.678+0000: 499.304: [GC [PSYoungGen: 208399K->1006K(203648K)] 314614K->107269K(890624K), 0.0077060 secs] [Times: user=0.05 sys=0.00, real=0.01 secs] 
2014-07-08T01:54:19.353+0000: 499.979: [GC [PSYoungGen: 203630K->762K(198976K)] 309893K->107211K(885952K), 0.0030970 secs] [Times: user=0.02 sys=0.00, real=0.00 secs] 
2014-07-08T01:54:20.052+0000: 500.678: [GC [PSYoungGen: 198949K->794K(194752K)] 305398K->107291K(881728K), 0.0088390 secs] [Times: user=0.05 sys=0.01, real=0.01 secs] 
2014-07-08T01:54:20.755+0000: 501.380: [GC [PSYoungGen: 194714K->993K(190784K)] 301211K->107530K(877760K), 0.0097270 secs] [Times: user=0.05 sys=0.00, real=0.01 secs] 
2014-07-08T01:54:21.360+0000: 501.986: [GC [PSYoungGen: 190753K->722K(186560K)] 297290K->107331K(873536K), 0.0046790 secs] [Times: user=0.03 sys=0.00, real=0.00 secs] 
2014-07-08T01:54:21.994+0000: 502.620: [GC [PSYoungGen: 186514K->498K(182464K)] 293123K->107155K(869440K), 0.0049110 secs] [Times: user=0.02 sys=0.00, real=0.01 secs] 
2014-07-08T01:54:22.657+0000: 503.283: [GC [PSYoungGen: 182450K->1340K(179584K)] 289107K->108069K(866560K), 0.0036240 secs] [Times: user=0.01 sys=0.00, real=0.01 secs] 
2014-07-08T01:54:23.249+0000: 503.875: [GC [PSYoungGen: 179580K->718K(175424K)] 286309K->107495K(862400K), 0.0091080 secs] [Times: user=0.05 sys=0.00, real=0.00 secs] 
2014-07-08T01:54:23.861+0000: 504.487: [GC [PSYoungGen: 175374K->1202K(172352K)] 282151K->108052K(859328K), 0.0057130 secs] [Times: user=0.03 sys=0.00, real=0.00 secs] 
2014-07-08T01:54:24.411+0000: 505.036: [GC [PSYoungGen: 172338K->992K(168768K)] 279188K->107921K(855744K), 0.0052230 secs] [Times: user=0.03 sys=0.00, real=0.00 secs] 
2014-07-08T01:54:25.018+0000: 505.644: [GC [PSYoungGen: 168731K->694K(165184K)] 275660K->107687K(852160K), 0.0044350 secs] [Times: user=0.01 sys=0.00, real=0.01 secs] 
2014-07-08T01:54:25.552+0000: 506.177: [GC [PSYoungGen: 165174K->1060K(162368K)] 272167K->108141K(849344K), 0.0063300 secs] [Times: user=0.04 sys=0.00, real=0.00 secs] 
2014-07-08T01:54:26.113+0000: 506.738: [GC [PSYoungGen: 162340K->882K(194432K)] 269421K->108027K(881408K), 0.0076200 secs] [Times: user=0.04 sys=0.01, real=0.01 secs] 
2014-07-08T01:54:26.821+0000: 507.447: [GC [PSYoungGen: 194418K->1046K(190528K)] 301563K->108247K(877504K), 0.0036410 secs] [Times: user=0.01 sys=0.00, real=0.00 secs] 
2014-07-08T01:54:27.424+0000: 508.050: [GC [PSYoungGen: 190486K->676K(186176K)] 297687K->107941K(873152K), 0.0048600 secs] [Times: user=0.02 sys=0.00, real=0.00 secs] 
2014-07-08T01:54:28.108+0000: 508.734: [GC [PSYoungGen: 186138K->1210K(223808K)] 293403K->108515K(910784K), 0.0100920 secs] [Times: user=0.05 sys=0.00, real=0.01 secs] 
2014-07-08T01:54:28.836+0000: 509.461: [GC [PSYoungGen: 223802K->1001K(218496K)] 331107K->108354K(905472K), 0.0055040 secs] [Times: user=0.03 sys=0.00, real=0.01 secs] 
2014-07-08T01:54:29.571+0000: 510.197: [GC [PSYoungGen: 218473K->874K(213440K)] 325826K->108489K(900416K), 0.0067060 secs] [Times: user=0.03 sys=0.01, real=0.00 secs] 
2014-07-08T01:54:30.318+0000: 510.944: [GC [PSYoungGen: 213418K->626K(208384K)] 321033K->108273K(895360K), 0.0073540 secs] [Times: user=0.02 sys=0.00, real=0.01 secs] 
2014-07-08T01:54:31.023+0000: 511.649: [GC [PSYoungGen: 208362K->940K(204096K)] 316009K->108691K(891072K), 0.0049130 secs] [Times: user=0.03 sys=0.00, real=0.00 secs] 
2014-07-08T01:54:31.766+0000: 512.391: [GC [PSYoungGen: 204076K->996K(199744K)] 311827K->108811K(886720K), 0.0054070 secs] [Times: user=0.03 sys=0.00, real=0.01 secs] 
2014-07-08T01:54:32.395+0000: 513.021: [GC [PSYoungGen: 199716K->840K(195328K)] 307531K->108735K(882304K), 0.0052590 secs] [Times: user=0.03 sys=0.00, real=0.00 secs] 
2014-07-08T01:54:33.078+0000: 513.704: [GC [PSYoungGen: 195258K->1284K(191616K)] 303153K->109267K(878592K), 0.0056950 secs] [Times: user=0.03 sys=0.00, real=0.01 secs] 
2014-07-08T01:54:33.717+0000: 514.343: [GC [PSYoungGen: 191521K->630K(186880K)] 299504K->108885K(873856K), 0.0030640 secs] [Times: user=0.02 sys=0.00, real=0.00 secs] 
2014-07-08T01:54:34.332+0000: 514.958: [GC [PSYoungGen: 186813K->1030K(183424K)] 295068K->109341K(870400K), 0.0029770 secs] [Times: user=0.01 sys=0.00, real=0.00 secs] 
2014-07-08T01:54:34.991+0000: 515.617: [GC [PSYoungGen: 183366K->996K(179584K)] 291677K->109603K(866560K), 0.0055900 secs] [Times: user=0.04 sys=0.00, real=0.01 secs] 
2014-07-08T01:54:35.570+0000: 516.196: [GC [PSYoungGen: 179556K->847K(175808K)] 288163K->109542K(862784K), 0.0027250 secs] [Times: user=0.02 sys=0.00, real=0.01 secs] 
2014-07-08T01:54:36.164+0000: 516.790: [GC [PSYoungGen: 175759K->844K(172288K)] 284454K->109579K(859264K), 0.0067150 secs] [Times: user=0.04 sys=0.00, real=0.00 secs] 
2014-07-08T01:54:36.858+0000: 517.484: [GC [PSYoungGen: 172236K->942K(168960K)] 280971K->109733K(855936K), 0.0072470 secs] [Times: user=0.03 sys=0.00, real=0.01 secs] 
2014-07-08T01:54:37.353+0000: 517.979: [GC [PSYoungGen: 168936K->854K(165632K)] 277727K->109701K(852608K), 0.0028220 secs] [Times: user=0.01 sys=0.00, real=0.00 secs] 
2014-07-08T01:54:37.993+0000: 518.619: [GC [PSYoungGen: 165581K->1060K(162624K)] 274428K->109963K(849600K), 0.0061330 secs] [Times: user=0.03 sys=0.00, real=0.00 secs] 
2014-07-08T01:54:38.477+0000: 519.103: [GC [PSYoungGen: 162596K->640K(159104K)] 271499K->109689K(846080K), 0.0038080 secs] [Times: user=0.03 sys=0.00, real=0.00 secs] 
2014-07-08T01:54:39.027+0000: 519.653: [GC [PSYoungGen: 159104K->662K(156160K)] 268153K->109759K(843136K), 0.0054760 secs] [Times: user=0.04 sys=0.00, real=0.01 secs] 
2014-07-08T01:54:39.557+0000: 520.183: [GC [PSYoungGen: 156118K->758K(153344K)] 265215K->109927K(840320K), 0.0053150 secs] [Times: user=0.03 sys=0.00, real=0.01 secs] 
2014-07-08T01:54:40.083+0000: 520.709: [GC [PSYoungGen: 153334K->676K(150464K)] 262503K->109925K(837440K), 0.0064030 secs] [Times: user=0.04 sys=0.00, real=0.00 secs] 
2014-07-08T01:54:40.580+0000: 521.206: [GC [PSYoungGen: 150435K->832K(147968K)] 259685K->110129K(834944K), 0.0050530 secs] [Times: user=0.02 sys=0.00, real=0.01 secs] 
2014-07-08T01:54:41.092+0000: 521.718: [GC [PSYoungGen: 147904K->562K(145024K)] 257201K->109899K(832000K), 0.0046450 secs] [Times: user=0.01 sys=0.01, real=0.01 secs] 
2014-07-08T01:54:41.577+0000: 522.203: [GC [PSYoungGen: 144973K->914K(142848K)] 254310K->110323K(829824K), 0.0047700 secs] [Times: user=0.02 sys=0.00, real=0.00 secs] 
2014-07-08T01:54:42.071+0000: 522.697: [GC [PSYoungGen: 142802K->939K(140352K)] 252211K->110412K(827328K), 0.0029110 secs] [Times: user=0.01 sys=0.00, real=0.01 secs] 
2014-07-08T01:54:42.548+0000: 523.174: [GC [PSYoungGen: 140331K->701K(137664K)] 249804K->110699K(824640K), 0.0046340 secs] [Times: user=0.03 sys=0.00, real=0.01 secs] 
2014-07-08T01:54:43.071+0000: 523.697: [GC [PSYoungGen: 137661K->1332K(135936K)] 247659K->111765K(822912K), 0.0075020 secs] [Times: user=0.04 sys=0.00, real=0.01 secs] 
2014-07-08T01:54:43.492+0000: 524.118: [GC [PSYoungGen: 135894K->680K(132992K)] 246326K->111572K(819968K), 0.0034270 secs] [Times: user=0.01 sys=0.01, real=0.01 secs] 
2014-07-08T01:54:43.971+0000: 524.597: [GC [PSYoungGen: 132968K->904K(131008K)] 243860K->111958K(817984K), 0.0043670 secs] [Times: user=0.02 sys=0.00, real=0.01 secs] 
2014-07-08T01:54:44.398+0000: 525.024: [GC [PSYoungGen: 130952K->768K(156928K)] 242006K->111937K(843904K), 0.0060880 secs] [Times: user=0.03 sys=0.00, real=0.01 secs] 
2014-07-08T01:54:45.004+0000: 525.630: [GC [PSYoungGen: 156864K->1054K(154240K)] 268033K->112303K(841216K), 0.0042240 secs] [Times: user=0.03 sys=0.00, real=0.00 secs] 
2014-07-08T01:54:45.463+0000: 526.089: [GC [PSYoungGen: 154206K->858K(184704K)] 265455K->112170K(871680K), 0.0067580 secs] [Times: user=0.04 sys=0.00, real=0.00 secs] 
2014-07-08T01:54:46.087+0000: 526.713: [GC [PSYoungGen: 184666K->690K(180736K)] 295978K->112050K(867712K), 0.0038890 secs] [Times: user=0.02 sys=0.00, real=0.00 secs] 
2014-07-08T01:54:46.766+0000: 527.392: [GC [PSYoungGen: 180722K->1142K(177536K)] 292082K->112550K(864512K), 0.0051100 secs] [Times: user=0.01 sys=0.00, real=0.00 secs] 
2014-07-08T01:54:47.327+0000: 527.953: [GC [PSYoungGen: 177526K->580K(173504K)] 288934K->112068K(860480K), 0.0053850 secs] [Times: user=0.03 sys=0.00, real=0.00 secs] 
2014-07-08T01:54:47.916+0000: 528.542: [GC [PSYoungGen: 173444K->712K(170176K)] 284932K->112264K(857152K), 0.0047330 secs] [Times: user=0.02 sys=0.00, real=0.00 secs] 
2014-07-08T01:54:48.479+0000: 529.105: [GC [PSYoungGen: 170120K->1104K(167232K)] 281672K->112729K(854208K), 0.0059530 secs] [Times: user=0.03 sys=0.00, real=0.01 secs] 
2014-07-08T01:54:49.062+0000: 529.688: [GC [PSYoungGen: 167184K->844K(163776K)] 278809K->112564K(850752K), 0.0026360 secs] [Times: user=0.01 sys=0.01, real=0.01 secs] 
2014-07-08T01:54:49.607+0000: 530.233: [GC [PSYoungGen: 163693K->882K(160640K)] 275414K->112659K(847616K), 0.0034460 secs] [Times: user=0.01 sys=0.00, real=0.00 secs] 
2014-07-08T01:54:50.174+0000: 530.800: [GC [PSYoungGen: 160626K->758K(157504K)] 272403K->112606K(844480K), 0.0039490 secs] [Times: user=0.01 sys=0.00, real=0.00 secs] 
2014-07-08T01:54:50.718+0000: 531.344: [GC [PSYoungGen: 157488K->1181K(155008K)] 269336K->113086K(841984K), 0.0033170 secs] [Times: user=0.02 sys=0.00, real=0.00 secs] 
2014-07-08T01:54:51.222+0000: 531.848: [GC [PSYoungGen: 154937K->726K(151744K)] 266842K->112710K(838720K), 0.0041670 secs] [Times: user=0.02 sys=0.00, real=0.01 secs] 
2014-07-08T01:54:51.761+0000: 532.387: [GC [PSYoungGen: 151697K->758K(148992K)] 263682K->112790K(835968K), 0.0056100 secs] [Times: user=0.03 sys=0.00, real=0.01 secs] 
2014-07-08T01:54:52.225+0000: 532.851: [GC [PSYoungGen: 148982K->886K(146432K)] 261014K->112991K(833408K), 0.0045060 secs] [Times: user=0.03 sys=0.00, real=0.00 secs] 
2014-07-08T01:54:52.754+0000: 533.380: [GC [PSYoungGen: 146422K->1319K(144256K)] 258527K->113536K(831232K), 0.0083620 secs] [Times: user=0.04 sys=0.00, real=0.01 secs] 
2014-07-08T01:54:53.233+0000: 533.859: [GC [PSYoungGen: 144231K->498K(140928K)] 256448K->112932K(827904K), 0.0047010 secs] [Times: user=0.03 sys=0.00, real=0.01 secs] 
2014-07-08T01:54:53.782+0000: 534.408: [GC [PSYoungGen: 140914K->890K(169408K)] 253348K->113380K(856384K), 0.0075290 secs] [Times: user=0.04 sys=0.00, real=0.01 secs] 
2014-07-08T01:54:54.313+0000: 534.939: [GC [PSYoungGen: 169371K->944K(166144K)] 281861K->113565K(853120K), 0.0028850 secs] [Times: user=0.01 sys=0.00, real=0.01 secs] 
2014-07-08T01:54:54.916+0000: 535.542: [GC [PSYoungGen: 166128K->1398K(163392K)] 278749K->114075K(850368K), 0.0039310 secs] [Times: user=0.02 sys=0.00, real=0.00 secs] 
2014-07-08T01:54:55.424+0000: 536.050: [GC [PSYoungGen: 163351K->487K(159424K)] 276028K->113654K(846400K), 0.0037010 secs] [Times: user=0.01 sys=0.00, real=0.00 secs] 
2014-07-08T01:54:55.980+0000: 536.606: [GC [PSYoungGen: 159322K->1033K(156992K)] 272489K->114216K(843968K), 0.0048160 secs] [Times: user=0.01 sys=0.00, real=0.01 secs] 
2014-07-08T01:54:56.493+0000: 537.119: [GC [PSYoungGen: 156937K->808K(153856K)] 270120K->114237K(840832K), 0.0028490 secs] [Times: user=0.01 sys=0.00, real=0.01 secs] 
2014-07-08T01:54:57.027+0000: 537.653: [GC [PSYoungGen: 153832K->580K(150848K)] 267261K->114057K(837824K), 0.0033140 secs] [Times: user=0.02 sys=0.00, real=0.00 secs] 
2014-07-08T01:54:57.522+0000: 538.148: [GC [PSYoungGen: 150788K->1085K(148544K)] 264265K->114610K(835520K), 0.0037200 secs] [Times: user=0.01 sys=0.00, real=0.01 secs] 
2014-07-08T01:54:58.053+0000: 538.679: [GC [PSYoungGen: 148526K->1210K(146048K)] 262051K->114783K(833024K), 0.0083180 secs] [Times: user=0.05 sys=0.00, real=0.01 secs] 
2014-07-08T01:54:58.526+0000: 539.152: [GC [PSYoungGen: 146042K->694K(142976K)] 259615K->114283K(829952K), 0.0060110 secs] [Times: user=0.01 sys=0.00, real=0.00 secs] 
2014-07-08T01:54:59.079+0000: 539.705: [GC [PSYoungGen: 142966K->1054K(140864K)] 256555K->114723K(827840K), 0.0031680 secs] [Times: user=0.02 sys=0.01, real=0.00 secs] 
2014-07-08T01:54:59.507+0000: 540.133: [GC [PSYoungGen: 140830K->940K(138304K)] 254499K->114689K(825280K), 0.0026780 secs] [Times: user=0.01 sys=0.01, real=0.00 secs] 
2014-07-08T01:54:59.989+0000: 540.614: [GC [PSYoungGen: 138284K->1139K(136128K)] 252033K->114960K(823104K), 0.0053290 secs] [Times: user=0.02 sys=0.00, real=0.00 secs] 
2014-07-08T01:55:00.437+0000: 541.063: [GC [PSYoungGen: 136115K->726K(133440K)] 249936K->114627K(820416K), 0.0042230 secs] [Times: user=0.02 sys=0.00, real=0.00 secs] 
2014-07-08T01:55:00.944+0000: 541.570: [GC [PSYoungGen: 133398K->972K(131456K)] 247299K->114953K(818432K), 0.0055670 secs] [Times: user=0.03 sys=0.00, real=0.01 secs] 
2014-07-08T01:55:01.343+0000: 541.969: [GC [PSYoungGen: 131404K->712K(157312K)] 245385K->114733K(844288K), 0.0057700 secs] [Times: user=0.04 sys=0.00, real=0.01 secs] 
2014-07-08T01:55:01.907+0000: 542.533: [GC [PSYoungGen: 157256K->858K(154496K)] 271277K->114967K(841472K), 0.0050890 secs] [Times: user=0.03 sys=0.00, real=0.00 secs] 
2014-07-08T01:55:02.388+0000: 543.014: [GC [PSYoungGen: 154458K->864K(185216K)] 268567K->115077K(872192K), 0.0079120 secs] [Times: user=0.05 sys=0.00, real=0.01 secs] 
2014-07-08T01:55:03.037+0000: 543.663: [GC [PSYoungGen: 185184K->794K(211072K)] 299397K->115055K(898048K), 0.0041050 secs] [Times: user=0.02 sys=0.00, real=0.00 secs] 
2014-07-08T01:55:03.790+0000: 544.416: [GC [PSYoungGen: 210522K->953K(206016K)] 324783K->115246K(892992K), 0.0039050 secs] [Times: user=0.01 sys=0.00, real=0.00 secs] 
2014-07-08T01:55:04.420+0000: 545.046: [GC [PSYoungGen: 206008K->640K(201216K)] 320301K->114997K(888192K), 0.0034220 secs] [Times: user=0.01 sys=0.00, real=0.00 secs] 
2014-07-08T01:55:05.172+0000: 545.798: [GC [PSYoungGen: 201216K->1018K(197248K)] 315573K->115431K(884224K), 0.0037290 secs] [Times: user=0.02 sys=0.00, real=0.01 secs] 
2014-07-08T01:55:05.816+0000: 546.442: [GC [PSYoungGen: 197242K->1092K(193152K)] 311655K->115577K(880128K), 0.0034660 secs] [Times: user=0.02 sys=0.00, real=0.00 secs] 
2014-07-08T01:55:06.446+0000: 547.072: [GC [PSYoungGen: 193090K->574K(188480K)] 307575K->115343K(875456K), 0.0045250 secs] [Times: user=0.03 sys=0.00, real=0.01 secs] 
2014-07-08T01:55:07.162+0000: 547.788: [GC [PSYoungGen: 188452K->1058K(185088K)] 303221K->115867K(872064K), 0.0050700 secs] [Times: user=0.03 sys=0.01, real=0.01 secs] 
2014-07-08T01:55:07.746+0000: 548.372: [GC [PSYoungGen: 185030K->830K(181056K)] 299839K->115845K(868032K), 0.0101730 secs] [Times: user=0.06 sys=0.00, real=0.01 secs] 
2014-07-08T01:55:08.331+0000: 548.957: [GC [PSYoungGen: 181054K->875K(177472K)] 296069K->115978K(864448K), 0.0055920 secs] [Times: user=0.03 sys=0.00, real=0.01 secs] 
2014-07-08T01:55:08.956+0000: 549.582: [GC [PSYoungGen: 177451K->644K(173696K)] 292554K->115811K(860672K), 0.0065020 secs] [Times: user=0.04 sys=0.00, real=0.00 secs] 
2014-07-08T01:55:09.526+0000: 550.152: [GC [PSYoungGen: 173636K->708K(170304K)] 288803K->115979K(857280K), 0.0037300 secs] [Times: user=0.02 sys=0.01, real=0.01 secs] 
2014-07-08T01:55:10.112+0000: 550.738: [GC [PSYoungGen: 170203K->672K(166912K)] 285474K->115967K(853888K), 0.0041640 secs] [Times: user=0.02 sys=0.00, real=0.00 secs] 
2014-07-08T01:55:10.782+0000: 551.408: [GC [PSYoungGen: 166880K->1220K(164288K)] 282175K->116555K(851264K), 0.0038800 secs] [Times: user=0.02 sys=0.00, real=0.00 secs] 
2014-07-08T01:55:11.285+0000: 551.911: [GC [PSYoungGen: 164228K->630K(160512K)] 279563K->116045K(847488K), 0.0057690 secs] [Times: user=0.03 sys=0.00, real=0.01 secs] 
2014-07-08T01:55:11.840+0000: 552.466: [GC [PSYoungGen: 160502K->1188K(158080K)] 275917K->116675K(845056K), 0.0050990 secs] [Times: user=0.03 sys=0.00, real=0.00 secs] 
2014-07-08T01:55:12.326+0000: 552.952: [GC [PSYoungGen: 158052K->530K(154496K)] 273539K->116131K(841472K), 0.0043450 secs] [Times: user=0.03 sys=0.00, real=0.01 secs] 
2014-07-08T01:55:12.898+0000: 553.524: [GC [PSYoungGen: 154450K->1388K(186112K)] 270051K->117029K(873088K), 0.0103820 secs] [Times: user=0.06 sys=0.00, real=0.01 secs] 
2014-07-08T01:55:13.480+0000: 554.106: [GC [PSYoungGen: 186092K->726K(214976K)] 301733K->116471K(901952K), 0.0046730 secs] [Times: user=0.02 sys=0.01, real=0.00 secs] 
2014-07-08T01:55:14.216+0000: 554.842: [GC [PSYoungGen: 214678K->626K(209792K)] 330423K->116443K(896768K), 0.0041970 secs] [Times: user=0.02 sys=0.00, real=0.01 secs] 
2014-07-08T01:55:14.947+0000: 555.572: [GC [PSYoungGen: 209778K->850K(214080K)] 325595K->116691K(901056K), 0.0105580 secs] [Times: user=0.06 sys=0.00, real=0.02 secs] 
2014-07-08T01:55:15.656+0000: 556.282: [GC [PSYoungGen: 213936K->1367K(209728K)] 329778K->117280K(896704K), 0.0033810 secs] [Times: user=0.01 sys=0.00, real=0.01 secs] 
2014-07-08T01:55:16.354+0000: 556.980: [GC [PSYoungGen: 209687K->114K(203840K)] 325600K->116761K(890816K), 0.0032370 secs] [Times: user=0.01 sys=0.00, real=0.00 secs] 
2014-07-08T01:55:17.086+0000: 557.712: [GC [PSYoungGen: 203826K->1118K(200384K)] 320473K->117837K(887360K), 0.0039050 secs] [Times: user=0.02 sys=0.00, real=0.01 secs] 
2014-07-08T01:55:17.810+0000: 558.436: [GC [PSYoungGen: 200350K->1042K(196032K)] 317069K->118082K(883008K), 0.0046160 secs] [Times: user=0.01 sys=0.01, real=0.00 secs] 
2014-07-08T01:55:18.399+0000: 559.024: [GC [PSYoungGen: 195986K->818K(191616K)] 313026K->117929K(878592K), 0.0057700 secs] [Times: user=0.03 sys=0.00, real=0.00 secs] 
2014-07-08T01:55:19.121+0000: 559.747: [GC [PSYoungGen: 191602K->876K(187648K)] 308713K->118067K(874624K), 0.0036040 secs] [Times: user=0.02 sys=0.00, real=0.00 secs] 
2014-07-08T01:55:19.710+0000: 560.336: [GC [PSYoungGen: 187628K->1096K(184000K)] 304819K->118344K(870976K), 0.0032920 secs] [Times: user=0.01 sys=0.00, real=0.00 secs] 
2014-07-08T01:55:20.320+0000: 560.946: [GC [PSYoungGen: 183944K->900K(180032K)] 301192K->118228K(867008K), 0.0032210 secs] [Times: user=0.02 sys=0.00, real=0.00 secs] 
2014-07-08T01:55:20.974+0000: 561.600: [GC [PSYoungGen: 179972K->708K(176192K)] 297300K->118091K(863168K), 0.0059950 secs] [Times: user=0.04 sys=0.00, real=0.01 secs] 
2014-07-08T01:55:21.539+0000: 562.165: [GC [PSYoungGen: 176131K->900K(172864K)] 293514K->118348K(859840K), 0.0054290 secs] [Times: user=0.03 sys=0.00, real=0.00 secs] 
2014-07-08T01:55:22.128+0000: 562.753: [GC [PSYoungGen: 172804K->612K(169152K)] 290252K->118115K(856128K), 0.0057160 secs] [Times: user=0.02 sys=0.00, real=0.01 secs] 
2014-07-08T01:55:22.770+0000: 563.396: [GC [PSYoungGen: 169124K->1248K(203520K)] 286627K->118832K(890496K), 0.0112040 secs] [Times: user=0.06 sys=0.00, real=0.01 secs] 
2014-07-08T01:55:23.414+0000: 564.040: [GC [PSYoungGen: 203488K->1072K(198912K)] 321072K->118695K(885888K), 0.0053090 secs] [Times: user=0.01 sys=0.00, real=0.01 secs] 
2014-07-08T01:55:24.113+0000: 564.739: [GC [PSYoungGen: 198894K->748K(194304K)] 316517K->118549K(881280K), 0.0047400 secs] [Times: user=0.01 sys=0.00, real=0.00 secs] 
2014-07-08T01:55:24.818+0000: 565.444: [GC [PSYoungGen: 194279K->1082K(190528K)] 312081K->118947K(877504K), 0.0034450 secs] [Times: user=0.01 sys=0.00, real=0.01 secs] 
2014-07-08T01:55:25.428+0000: 566.054: [GC [PSYoungGen: 190502K->826K(186304K)] 308368K->118755K(873280K), 0.0032340 secs] [Times: user=0.01 sys=0.00, real=0.01 secs] 
2014-07-08T01:55:26.064+0000: 566.690: [GC [PSYoungGen: 186298K->694K(182336K)] 304227K->118655K(869312K), 0.0058030 secs] [Times: user=0.02 sys=0.00, real=0.01 secs] 
2014-07-08T01:55:26.703+0000: 567.329: [GC [PSYoungGen: 182326K->1280K(179264K)] 300287K->119338K(866240K), 0.0038020 secs] [Times: user=0.02 sys=0.00, real=0.00 secs] 
2014-07-08T01:55:27.278+0000: 567.904: [GC [PSYoungGen: 179199K->684K(175040K)] 297256K->118781K(862016K), 0.0074440 secs] [Times: user=0.04 sys=0.00, real=0.01 secs] 
2014-07-08T01:55:27.945+0000: 568.571: [GC [PSYoungGen: 175002K->896K(204160K)] 293100K->119073K(891136K), 0.0126590 secs] [Times: user=0.07 sys=0.00, real=0.01 secs] 
2014-07-08T01:55:28.585+0000: 569.211: [GC [PSYoungGen: 203968K->562K(204544K)] 322145K->118795K(891520K), 0.0054970 secs] [Times: user=0.03 sys=0.00, real=0.01 secs] 
2014-07-08T01:55:29.291+0000: 569.917: [GC [PSYoungGen: 203632K->498K(199168K)] 321866K->118779K(886144K), 0.0037730 secs] [Times: user=0.01 sys=0.00, real=0.00 secs] 
2014-07-08T01:55:29.984+0000: 570.610: [GC [PSYoungGen: 199154K->744K(195136K)] 317435K->119105K(882112K), 0.0043200 secs] [Times: user=0.02 sys=0.00, real=0.00 secs] 
2014-07-08T01:55:30.617+0000: 571.243: [GC [PSYoungGen: 195112K->822K(191040K)] 313473K->119207K(878016K), 0.0088630 secs] [Times: user=0.05 sys=0.00, real=0.01 secs] 
2014-07-08T01:55:31.284+0000: 571.910: [GC [PSYoungGen: 190998K->1008K(187200K)] 309384K->119457K(874176K), 0.0051750 secs] [Times: user=0.02 sys=0.01, real=0.00 secs] 
2014-07-08T01:55:31.943+0000: 572.569: [GC [PSYoungGen: 187183K->1014K(183296K)] 305633K->119602K(870272K), 0.0061280 secs] [Times: user=0.03 sys=0.01, real=0.00 secs] 
2014-07-08T01:55:32.554+0000: 573.180: [GC [PSYoungGen: 183286K->1128K(179712K)] 301874K->119804K(866688K), 0.0049070 secs] [Times: user=0.03 sys=0.00, real=0.00 secs] 
2014-07-08T01:55:33.175+0000: 573.801: [GC [PSYoungGen: 179688K->680K(214976K)] 298364K->119387K(901952K), 0.0099230 secs] [Times: user=0.06 sys=0.00, real=0.01 secs] 
2014-07-08T01:55:33.918+0000: 574.544: [GC [PSYoungGen: 214952K->740K(210240K)] 333659K->119543K(897216K), 0.0031320 secs] [Times: user=0.01 sys=0.01, real=0.01 secs] 
2014-07-08T01:55:34.642+0000: 575.268: [GC [PSYoungGen: 210212K->644K(205504K)] 329015K->119527K(892480K), 0.0046320 secs] [Times: user=0.03 sys=0.00, real=0.00 secs] 
2014-07-08T01:55:35.351+0000: 575.977: [GC [PSYoungGen: 205423K->630K(200960K)] 324307K->119577K(887936K), 0.0028700 secs] [Times: user=0.01 sys=0.00, real=0.00 secs] 
2014-07-08T01:55:36.040+0000: 576.666: [GC [PSYoungGen: 200950K->848K(196864K)] 319897K->119851K(883840K), 0.0057260 secs] [Times: user=0.02 sys=0.00, real=0.01 secs] 
2014-07-08T01:55:36.762+0000: 577.388: [GC [PSYoungGen: 196780K->864K(192640K)] 315784K->119955K(879616K), 0.0042620 secs] [Times: user=0.02 sys=0.01, real=0.00 secs] 
2014-07-08T01:55:37.385+0000: 578.011: [GC [PSYoungGen: 192608K->516K(188288K)] 311699K->119647K(875264K), 0.0077930 secs] [Times: user=0.05 sys=0.00, real=0.01 secs] 
2014-07-08T01:55:38.063+0000: 578.689: [GC [PSYoungGen: 188227K->790K(184640K)] 307359K->119993K(871616K), 0.0034780 secs] [Times: user=0.02 sys=0.00, real=0.00 secs] 
2014-07-08T01:55:38.716+0000: 579.342: [GC [PSYoungGen: 184598K->740K(180800K)] 303801K->119991K(867776K), 0.0058550 secs] [Times: user=0.03 sys=0.01, real=0.01 secs] 
2014-07-08T01:55:39.336+0000: 579.962: [GC [PSYoungGen: 180772K->864K(177280K)] 300023K->120188K(864256K), 0.0046520 secs] [Times: user=0.02 sys=0.00, real=0.00 secs] 
2014-07-08T01:55:39.932+0000: 580.558: [GC [PSYoungGen: 177201K->908K(173824K)] 296525K->120319K(860800K), 0.0032320 secs] [Times: user=0.02 sys=0.00, real=0.00 secs] 
2014-07-08T01:55:40.524+0000: 581.150: [GC [PSYoungGen: 173772K->730K(170176K)] 293183K->120205K(857152K), 0.0035530 secs] [Times: user=0.02 sys=0.00, real=0.00 secs] 
2014-07-08T01:55:41.118+0000: 581.744: [GC [PSYoungGen: 170138K->758K(166848K)] 289613K->120427K(853824K), 0.0041980 secs] [Times: user=0.03 sys=0.00, real=0.01 secs] 
2014-07-08T01:55:41.704+0000: 582.330: [GC [PSYoungGen: 166838K->950K(163840K)] 286507K->120699K(850816K), 0.0080500 secs] [Times: user=0.04 sys=0.01, real=0.01 secs] 
2014-07-08T01:55:42.260+0000: 582.886: [GC [PSYoungGen: 163830K->740K(160512K)] 283579K->120873K(847488K), 0.0030040 secs] [Times: user=0.01 sys=0.00, real=0.01 secs] 
2014-07-08T01:55:42.864+0000: 583.490: [GC [PSYoungGen: 160484K->1000K(157760K)] 280617K->121182K(844736K), 0.0094030 secs] [Times: user=0.05 sys=0.01, real=0.01 secs] 
2014-07-08T01:55:43.364+0000: 583.990: [GC [PSYoungGen: 157730K->566K(154368K)] 277912K->120811K(841344K), 0.0055290 secs] [Times: user=0.04 sys=0.00, real=0.00 secs] 
2014-07-08T01:55:43.964+0000: 584.590: [GC [PSYoungGen: 154337K->1022K(152000K)] 274583K->121339K(838976K), 0.0038020 secs] [Times: user=0.02 sys=0.00, real=0.00 secs] 
2014-07-08T01:55:44.417+0000: 585.043: [GC [PSYoungGen: 151998K->566K(148800K)] 272315K->120915K(835776K), 0.0041320 secs] [Times: user=0.01 sys=0.00, real=0.00 secs] 
2014-07-08T01:55:45.007+0000: 585.633: [GC [PSYoungGen: 148790K->1114K(146688K)] 269139K->121535K(833664K), 0.0058010 secs] [Times: user=0.03 sys=0.00, real=0.01 secs] 
2014-07-08T01:55:45.456+0000: 586.082: [GC [PSYoungGen: 146650K->722K(143680K)] 267071K->121215K(830656K), 0.0029060 secs] [Times: user=0.02 sys=0.01, real=0.00 secs] 
2014-07-08T01:55:45.959+0000: 586.585: [GC [PSYoungGen: 143634K->786K(141248K)] 264127K->121343K(828224K), 0.0078260 secs] [Times: user=0.04 sys=0.00, real=0.01 secs] 
2014-07-08T01:55:46.443+0000: 587.069: [GC [PSYoungGen: 141199K->1102K(139136K)] 261756K->121716K(826112K), 0.0033810 secs] [Times: user=0.01 sys=0.00, real=0.00 secs] 
2014-07-08T01:55:46.926+0000: 587.552: [GC [PSYoungGen: 139086K->654K(136320K)] 259700K->121316K(823296K), 0.0031620 secs] [Times: user=0.02 sys=0.00, real=0.00 secs] 
2014-07-08T01:55:47.407+0000: 588.033: [GC [PSYoungGen: 136270K->648K(134016K)] 256932K->121373K(820992K), 0.0046240 secs] [Times: user=0.03 sys=0.00, real=0.01 secs] 
2014-07-08T01:55:47.868+0000: 588.494: [GC [PSYoungGen: 133959K->772K(131904K)] 254685K->121569K(818880K), 0.0036440 secs] [Times: user=0.01 sys=0.00, real=0.00 secs] 
2014-07-08T01:55:48.331+0000: 588.957: [GC [PSYoungGen: 131844K->946K(129856K)] 252641K->121816K(816832K), 0.0029700 secs] [Times: user=0.01 sys=0.00, real=0.01 secs] 
2014-07-08T01:55:48.890+0000: 589.516: [GC [PSYoungGen: 129791K->1214K(128000K)] 250660K->122164K(814976K), 0.0038580 secs] [Times: user=0.02 sys=0.00, real=0.01 secs] 
2014-07-08T01:55:49.283+0000: 589.909: [GC [PSYoungGen: 127998K->552K(125312K)] 248948K->122324K(812288K), 0.0066340 secs] [Times: user=0.03 sys=0.00, real=0.01 secs] 
2014-07-08T01:55:49.675+0000: 590.301: [GC [PSYoungGen: 125288K->1452K(151168K)] 247060K->123304K(838144K), 0.0058230 secs] [Times: user=0.03 sys=0.00, real=0.00 secs] 
2014-07-08T01:55:50.186+0000: 590.812: [GC [PSYoungGen: 151147K->862K(180544K)] 272999K->123180K(867520K), 0.0143670 secs] [Times: user=0.09 sys=0.00, real=0.01 secs] 
2014-07-08T01:55:50.879+0000: 591.505: [GC [PSYoungGen: 180484K->1024K(216704K)] 302802K->123398K(903680K), 0.0067830 secs] [Times: user=0.04 sys=0.01, real=0.01 secs] 
2014-07-08T01:55:51.572+0000: 592.198: [GC [PSYoungGen: 216640K->782K(225728K)] 339014K->123204K(912704K), 0.0084730 secs] [Times: user=0.05 sys=0.00, real=0.01 secs] 
2014-07-08T01:55:52.349+0000: 592.975: [GC [PSYoungGen: 225037K->794K(225920K)] 347460K->123304K(912896K), 0.0041660 secs] [Times: user=0.03 sys=0.00, real=0.01 secs] 
2014-07-08T01:55:53.136+0000: 593.761: [GC [PSYoungGen: 225114K->762K(219904K)] 347624K->123328K(906880K), 0.0038110 secs] [Times: user=0.02 sys=0.00, real=0.00 secs] 
2014-07-08T01:55:53.951+0000: 594.577: [GC [PSYoungGen: 219898K->1300K(215488K)] 342464K->123978K(902464K), 0.0058950 secs] [Times: user=0.03 sys=0.00, real=0.01 secs] 
2014-07-08T01:55:54.635+0000: 595.261: [GC [PSYoungGen: 215444K->996K(210368K)] 338122K->123829K(897344K), 0.0047370 secs] [Times: user=0.03 sys=0.00, real=0.00 secs] 
2014-07-08T01:55:55.365+0000: 595.991: [GC [PSYoungGen: 210315K->694K(205376K)] 333147K->123630K(892352K), 0.0047210 secs] [Times: user=0.02 sys=0.00, real=0.00 secs] 
2014-07-08T01:55:56.099+0000: 596.725: [GC [PSYoungGen: 205366K->676K(200896K)] 328302K->123660K(887872K), 0.0041690 secs] [Times: user=0.02 sys=0.00, real=0.00 secs] 
2014-07-08T01:55:56.800+0000: 597.426: [GC [PSYoungGen: 200868K->1227K(197120K)] 323852K->124276K(884096K), 0.0037900 secs] [Times: user=0.02 sys=0.00, real=0.00 secs] 
2014-07-08T01:55:57.450+0000: 598.076: [GC [PSYoungGen: 197067K->844K(192512K)] 320116K->123964K(879488K), 0.0040190 secs] [Times: user=0.02 sys=0.00, real=0.01 secs] 
2014-07-08T01:55:58.123+0000: 598.749: [GC [PSYoungGen: 192460K->726K(188352K)] 315580K->123934K(875328K), 0.0050890 secs] [Times: user=0.02 sys=0.00, real=0.01 secs] 
2014-07-08T01:55:58.795+0000: 599.421: [GC [PSYoungGen: 188300K->1452K(185152K)] 311508K->124724K(872128K), 0.0117140 secs] [Times: user=0.08 sys=0.00, real=0.01 secs] 
2014-07-08T01:55:59.431+0000: 600.057: [GC [PSYoungGen: 185110K->990K(180928K)] 308383K->124326K(867904K), 0.0051730 secs] [Times: user=0.03 sys=0.00, real=0.01 secs] 
2014-07-08T01:56:00.083+0000: 600.708: [GC [PSYoungGen: 180894K->864K(177152K)] 304230K->124288K(864128K), 0.0043240 secs] [Times: user=0.03 sys=0.00, real=0.01 secs] 
2014-07-08T01:56:00.684+0000: 601.310: [GC [PSYoungGen: 177086K->1106K(173888K)] 300511K->124587K(860864K), 0.0060730 secs] [Times: user=0.03 sys=0.01, real=0.00 secs] 
2014-07-08T01:56:01.280+0000: 601.906: [GC [PSYoungGen: 173837K->1033K(170368K)] 297318K->124609K(857344K), 0.0053650 secs] [Times: user=0.04 sys=0.00, real=0.01 secs] 
2014-07-08T01:56:01.933+0000: 602.559: [GC [PSYoungGen: 170275K->964K(166976K)] 293852K->124620K(853952K), 0.0045640 secs] [Times: user=0.02 sys=0.00, real=0.01 secs] 
2014-07-08T01:56:02.442+0000: 603.068: [GC [PSYoungGen: 166916K->718K(163520K)] 290572K->124430K(850496K), 0.0034670 secs] [Times: user=0.01 sys=0.00, real=0.01 secs] 
2014-07-08T01:56:03.022+0000: 603.648: [GC [PSYoungGen: 163470K->748K(160384K)] 287182K->124508K(847360K), 0.0045150 secs] [Times: user=0.02 sys=0.01, real=0.01 secs] 
2014-07-08T01:56:03.573+0000: 604.199: [GC [PSYoungGen: 160364K->708K(157376K)] 284124K->124516K(844352K), 0.0056780 secs] [Times: user=0.03 sys=0.01, real=0.01 secs] 
2014-07-08T01:56:04.197+0000: 604.823: [GC [PSYoungGen: 157289K->772K(154496K)] 281097K->124644K(841472K), 0.0051730 secs] [Times: user=0.02 sys=0.00, real=0.00 secs] 
2014-07-08T01:56:04.676+0000: 605.302: [GC [PSYoungGen: 154436K->936K(151808K)] 278308K->124872K(838784K), 0.0044200 secs] [Times: user=0.03 sys=0.00, real=0.00 secs] 
2014-07-08T01:56:05.189+0000: 605.815: [GC [PSYoungGen: 151784K->912K(149056K)] 275720K->124920K(836032K), 0.0043340 secs] [Times: user=0.03 sys=0.00, real=0.00 secs] 
2014-07-08T01:56:05.741+0000: 606.366: [GC [PSYoungGen: 149008K->914K(178688K)] 273016K->124962K(865664K), 0.0103820 secs] [Times: user=0.06 sys=0.01, real=0.01 secs] 
2014-07-08T01:56:06.311+0000: 606.937: [GC [PSYoungGen: 178642K->548K(213888K)] 302690K->124644K(900864K), 0.0047990 secs] [Times: user=0.02 sys=0.00, real=0.01 secs] 
2014-07-08T01:56:07.052+0000: 607.678: [GC [PSYoungGen: 213860K->594K(209152K)] 337956K->124762K(896128K), 0.0034490 secs] [Times: user=0.01 sys=0.00, real=0.01 secs] 
2014-07-08T01:56:07.858+0000: 608.484: [GC [PSYoungGen: 209106K->1140K(205056K)] 333274K->125357K(892032K), 0.0042380 secs] [Times: user=0.01 sys=0.00, real=0.00 secs] 
2014-07-08T01:56:08.482+0000: 609.108: [GC [PSYoungGen: 205044K->946K(200384K)] 329261K->125291K(887360K), 0.0090530 secs] [Times: user=0.05 sys=0.00, real=0.01 secs] 
2014-07-08T01:56:09.170+0000: 609.796: [GC [PSYoungGen: 200370K->962K(196160K)] 324715K->125428K(883136K), 0.0052210 secs] [Times: user=0.03 sys=0.01, real=0.00 secs] 
2014-07-08T01:56:09.948+0000: 610.573: [GC [PSYoungGen: 196078K->871K(191872K)] 320545K->125812K(878848K), 0.0048250 secs] [Times: user=0.03 sys=0.00, real=0.00 secs] 
2014-07-08T01:56:10.515+0000: 611.141: [GC [PSYoungGen: 191847K->1012K(187968K)] 316788K->125992K(874944K), 0.0053860 secs] [Times: user=0.02 sys=0.00, real=0.01 secs] 
2014-07-08T01:56:11.210+0000: 611.836: [GC [PSYoungGen: 187956K->992K(184064K)] 312936K->126311K(871040K), 0.0052730 secs] [Times: user=0.03 sys=0.01, real=0.00 secs] 
2014-07-08T01:56:11.832+0000: 612.458: [GC [PSYoungGen: 184032K->876K(180160K)] 309351K->126234K(867136K), 0.0095580 secs] [Times: user=0.06 sys=0.00, real=0.01 secs] 
2014-07-08T01:56:12.442+0000: 613.068: [GC [PSYoungGen: 180140K->818K(176448K)] 305498K->126273K(863424K), 0.0036120 secs] [Times: user=0.02 sys=0.00, real=0.00 secs] 
2014-07-08T01:56:13.064+0000: 613.690: [GC [PSYoungGen: 176434K->790K(172928K)] 301889K->126300K(859904K), 0.0046150 secs] [Times: user=0.01 sys=0.00, real=0.01 secs] 
2014-07-08T01:56:13.668+0000: 614.294: [GC [PSYoungGen: 172886K->826K(169536K)] 298396K->126400K(856512K), 0.0059510 secs] [Times: user=0.03 sys=0.00, real=0.00 secs] 
2014-07-08T01:56:14.249+0000: 614.875: [GC [PSYoungGen: 169508K->794K(166208K)] 295083K->126456K(853184K), 0.0043660 secs] [Times: user=0.02 sys=0.00, real=0.00 secs] 
2014-07-08T01:56:14.934+0000: 615.560: [GC [PSYoungGen: 166170K->776K(163008K)] 291832K->126486K(849984K), 0.0069200 secs] [Times: user=0.04 sys=0.01, real=0.01 secs] 
2014-07-08T01:56:15.389+0000: 616.015: [GC [PSYoungGen: 162919K->1060K(160192K)] 288629K->126827K(847168K), 0.0055930 secs] [Times: user=0.03 sys=0.01, real=0.00 secs] 
2014-07-08T01:56:15.989+0000: 616.615: [GC [PSYoungGen: 160164K->826K(156928K)] 285931K->126624K(843904K), 0.0038720 secs] [Times: user=0.00 sys=0.00, real=0.00 secs] 
2014-07-08T01:56:16.478+0000: 617.104: [GC [PSYoungGen: 156841K->876K(154048K)] 282639K->126746K(841024K), 0.0048950 secs] [Times: user=0.02 sys=0.00, real=0.00 secs] 
2014-07-08T01:56:17.014+0000: 617.640: [GC [PSYoungGen: 154027K->658K(151040K)] 279898K->126616K(838016K), 0.0040490 secs] [Times: user=0.02 sys=0.00, real=0.01 secs] 
2014-07-08T01:56:17.527+0000: 618.153: [GC [PSYoungGen: 150994K->776K(181248K)] 276952K->126806K(868224K), 0.0104870 secs] [Times: user=0.07 sys=0.00, real=0.02 secs] 
2014-07-08T01:56:18.180+0000: 618.806: [GC [PSYoungGen: 181192K->694K(217216K)] 307222K->126796K(904192K), 0.0047890 secs] [Times: user=0.03 sys=0.00, real=0.00 secs] 
2014-07-08T01:56:18.944+0000: 619.570: [GC [PSYoungGen: 217206K->815K(212416K)] 343308K->126941K(899392K), 0.0043060 secs] [Times: user=0.01 sys=0.00, real=0.01 secs] 
2014-07-08T01:56:19.697+0000: 620.322: [GC [PSYoungGen: 212376K->1056K(207936K)] 338503K->127230K(894912K), 0.0060240 secs] [Times: user=0.04 sys=0.00, real=0.01 secs] 
2014-07-08T01:56:20.390+0000: 621.016: [GC [PSYoungGen: 207904K->1235K(203584K)] 334078K->127498K(890560K), 0.0083190 secs] [Times: user=0.06 sys=0.00, real=0.01 secs] 
2014-07-08T01:56:21.096+0000: 621.722: [GC [PSYoungGen: 203539K->242K(198144K)] 329802K->126854K(885120K), 0.0029650 secs] [Times: user=0.01 sys=0.00, real=0.01 secs] 
2014-07-08T01:56:21.850+0000: 622.476: [GC [PSYoungGen: 198130K->1330K(194944K)] 324742K->128089K(881920K), 0.0033300 secs] [Times: user=0.01 sys=0.00, real=0.00 secs] 
2014-07-08T01:56:22.459+0000: 623.085: [GC [PSYoungGen: 194930K->466K(190016K)] 321688K->127420K(876992K), 0.0049330 secs] [Times: user=0.02 sys=0.00, real=0.00 secs] 
2014-07-08T01:56:23.135+0000: 623.760: [GC [PSYoungGen: 189969K->890K(186432K)] 316924K->127916K(873408K), 0.0076290 secs] [Times: user=0.02 sys=0.00, real=0.01 secs] 
2014-07-08T01:56:23.813+0000: 624.439: [GC [PSYoungGen: 186426K->1082K(182784K)] 313452K->128156K(869760K), 0.0033540 secs] [Times: user=0.02 sys=0.00, real=0.00 secs] 
2014-07-08T01:56:24.407+0000: 625.033: [GC [PSYoungGen: 182778K->992K(179008K)] 309852K->128139K(865984K), 0.0053030 secs] [Times: user=0.02 sys=0.00, real=0.01 secs] 
2014-07-08T01:56:25.042+0000: 625.668: [GC [PSYoungGen: 178929K->808K(175232K)] 306075K->128066K(862208K), 0.0030360 secs] [Times: user=0.01 sys=0.00, real=0.00 secs] 
2014-07-08T01:56:25.628+0000: 626.254: [GC [PSYoungGen: 175189K->1004K(171968K)] 302447K->128350K(858944K), 0.0085320 secs] [Times: user=0.05 sys=0.00, real=0.00 secs] 
2014-07-08T01:56:26.236+0000: 626.862: [GC [PSYoungGen: 171948K->612K(168192K)] 299294K->128038K(855168K), 0.0040080 secs] [Times: user=0.02 sys=0.00, real=0.01 secs] 
2014-07-08T01:56:26.834+0000: 627.460: [GC [PSYoungGen: 168162K->1298K(165632K)] 295589K->128805K(852608K), 0.0040310 secs] [Times: user=0.02 sys=0.00, real=0.01 secs] 
2014-07-08T01:56:27.388+0000: 628.014: [GC [PSYoungGen: 165586K->876K(162048K)] 293093K->128470K(849024K), 0.0045710 secs] [Times: user=0.03 sys=0.00, real=0.00 secs] 
2014-07-08T01:56:28.050+0000: 628.676: [GC [PSYoungGen: 162028K->1058K(159168K)] 289622K->128716K(846144K), 0.0030330 secs] [Times: user=0.01 sys=0.01, real=0.00 secs] 
2014-07-08T01:56:28.500+0000: 629.126: [GC [PSYoungGen: 159138K->698K(155840K)] 286796K->128420K(842816K), 0.0073520 secs] [Times: user=0.04 sys=0.01, real=0.00 secs] 
2014-07-08T01:56:29.067+0000: 629.693: [GC [PSYoungGen: 155834K->658K(152960K)] 283556K->128428K(839936K), 0.0051710 secs] [Times: user=0.02 sys=0.00, real=0.01 secs] 
2014-07-08T01:56:29.587+0000: 630.213: [GC [PSYoungGen: 152914K->1156K(150656K)] 280684K->129031K(837632K), 0.0046970 secs] [Times: user=0.03 sys=0.00, real=0.01 secs] 
2014-07-08T01:56:30.150+0000: 630.776: [GC [PSYoungGen: 150596K->1014K(147776K)] 278471K->128993K(834752K), 0.0041060 secs] [Times: user=0.03 sys=0.00, real=0.00 secs] 
2014-07-08T01:56:30.636+0000: 631.262: [GC [PSYoungGen: 147766K->890K(145024K)] 275745K->128964K(832000K), 0.0051300 secs] [Times: user=0.03 sys=0.00, real=0.01 secs] 
2014-07-08T01:56:31.140+0000: 631.766: [GC [PSYoungGen: 144975K->594K(142208K)] 273050K->128772K(829184K), 0.0048550 secs] [Times: user=0.03 sys=0.00, real=0.00 secs] 
2014-07-08T01:56:31.646+0000: 632.272: [GC [PSYoungGen: 142162K->956K(170880K)] 270340K->129207K(857856K), 0.0075510 secs] [Times: user=0.04 sys=0.00, real=0.01 secs] 
2014-07-08T01:56:32.244+0000: 632.870: [GC [PSYoungGen: 170852K->862K(167488K)] 299103K->129168K(854464K), 0.0052850 secs] [Times: user=0.03 sys=0.00, real=0.01 secs] 
2014-07-08T01:56:32.824+0000: 633.450: [GC [PSYoungGen: 167454K->680K(164032K)] 295760K->129050K(851008K), 0.0056840 secs] [Times: user=0.03 sys=0.01, real=0.01 secs] 
2014-07-08T01:56:33.390+0000: 634.016: [GC [PSYoungGen: 163967K->844K(161088K)] 292338K->129302K(848064K), 0.0044160 secs] [Times: user=0.03 sys=0.00, real=0.00 secs] 
2014-07-08T01:56:34.147+0000: 634.773: [GC [PSYoungGen: 160991K->1260K(158464K)] 289450K->129783K(845440K), 0.0063420 secs] [Times: user=0.03 sys=0.00, real=0.01 secs] 
2014-07-08T01:56:34.548+0000: 635.174: [GC [PSYoungGen: 158444K->708K(155008K)] 286967K->129278K(841984K), 0.0052730 secs] [Times: user=0.02 sys=0.00, real=0.01 secs] 
2014-07-08T01:56:35.089+0000: 635.715: [GC [PSYoungGen: 154920K->958K(186048K)] 283491K->129690K(873024K), 0.0065730 secs] [Times: user=0.04 sys=0.00, real=0.01 secs] 
2014-07-08T01:56:35.700+0000: 636.326: [GC [PSYoungGen: 186046K->1092K(182400K)] 314778K->129881K(869376K), 0.0052990 secs] [Times: user=0.03 sys=0.00, real=0.00 secs] 
2014-07-08T01:56:36.322+0000: 636.948: [GC [PSYoungGen: 182340K->708K(178304K)] 311129K->129608K(865280K), 0.0038460 secs] [Times: user=0.02 sys=0.01, real=0.00 secs] 
2014-07-08T01:56:36.948+0000: 637.574: [GC [PSYoungGen: 178216K->726K(174720K)] 307117K->129682K(861696K), 0.0081220 secs] [Times: user=0.04 sys=0.00, real=0.01 secs] 
2014-07-08T01:56:37.553+0000: 638.179: [GC [PSYoungGen: 174678K->776K(171328K)] 303634K->129804K(858304K), 0.0052800 secs] [Times: user=0.03 sys=0.00, real=0.00 secs] 
2014-07-08T01:56:38.149+0000: 638.775: [GC [PSYoungGen: 171272K->932K(168064K)] 300300K->130033K(855040K), 0.0032920 secs] [Times: user=0.02 sys=0.00, real=0.01 secs] 
2014-07-08T01:56:38.808+0000: 639.434: [GC [PSYoungGen: 168036K->1080K(164928K)] 297137K->130513K(851904K), 0.0039820 secs] [Times: user=0.02 sys=0.00, real=0.01 secs] 
2014-07-08T01:56:39.334+0000: 639.960: [GC [PSYoungGen: 164920K->925K(161664K)] 294353K->130414K(848640K), 0.0060140 secs] [Times: user=0.03 sys=0.00, real=0.01 secs] 
2014-07-08T01:56:39.902+0000: 640.528: [GC [PSYoungGen: 161616K->740K(158400K)] 291105K->130326K(845376K), 0.0058220 secs] [Times: user=0.02 sys=0.00, real=0.00 secs] 
2014-07-08T01:56:40.421+0000: 641.047: [GC [PSYoungGen: 158372K->612K(189824K)] 287958K->130270K(876800K), 0.0108420 secs] [Times: user=0.07 sys=0.00, real=0.01 secs] 
2014-07-08T01:56:41.080+0000: 641.706: [GC [PSYoungGen: 189795K->876K(186112K)] 319454K->130606K(873088K), 0.0032590 secs] [Times: user=0.02 sys=0.00, real=0.01 secs] 
2014-07-08T01:56:41.704+0000: 642.330: [GC [PSYoungGen: 186092K->1328K(223616K)] 315822K->131131K(910592K), 0.0066670 secs] [Times: user=0.04 sys=0.00, real=0.00 secs] 
2014-07-08T01:56:42.476+0000: 643.102: [GC [PSYoungGen: 223600K->622K(217792K)] 353403K->130579K(904768K), 0.0046560 secs] [Times: user=0.02 sys=0.00, real=0.00 secs] 
2014-07-08T01:56:43.246+0000: 643.872: [GC [PSYoungGen: 217761K->1207K(213440K)] 347718K->131252K(900416K), 0.0034080 secs] [Times: user=0.01 sys=0.00, real=0.00 secs] 
2014-07-08T01:56:44.059+0000: 644.685: [GC [PSYoungGen: 213401K->1044K(208576K)] 343446K->131253K(895552K), 0.0066840 secs] [Times: user=0.04 sys=0.00, real=0.01 secs] 
2014-07-08T01:56:44.728+0000: 645.354: [GC [PSYoungGen: 208532K->1396K(204288K)] 338741K->131693K(891264K), 0.0086950 secs] [Times: user=0.06 sys=0.00, real=0.01 secs] 
2014-07-08T01:56:45.443+0000: 646.069: [GC [PSYoungGen: 204276K->622K(199104K)] 334573K->131353K(886080K), 0.0062980 secs] [Times: user=0.04 sys=0.00, real=0.00 secs] 
2014-07-08T01:56:46.115+0000: 646.740: [GC [PSYoungGen: 199086K->1248K(195456K)] 329817K->132052K(882432K), 0.0030750 secs] [Times: user=0.01 sys=0.00, real=0.00 secs] 
2014-07-08T01:56:46.803+0000: 647.429: [GC [PSYoungGen: 195424K->1313K(191360K)] 326228K->132437K(878336K), 0.0073010 secs] [Times: user=0.04 sys=0.00, real=0.00 secs] 
2014-07-08T01:56:47.441+0000: 648.067: [GC [PSYoungGen: 191329K->580K(186688K)] 322453K->131783K(873664K), 0.0060380 secs] [Times: user=0.04 sys=0.00, real=0.01 secs] 
2014-07-08T01:56:48.084+0000: 648.710: [GC [PSYoungGen: 186606K->1128K(183360K)] 317809K->132395K(870336K), 0.0040840 secs] [Times: user=0.02 sys=0.00, real=0.00 secs] 
2014-07-08T01:56:48.824+0000: 649.450: [GC [PSYoungGen: 183336K->1088K(179648K)] 314603K->132395K(866624K), 0.0042100 secs] [Times: user=0.02 sys=0.00, real=0.00 secs] 
2014-07-08T01:56:49.363+0000: 649.989: [GC [PSYoungGen: 179584K->594K(214848K)] 310891K->131933K(901824K), 0.0131970 secs] [Times: user=0.07 sys=0.00, real=0.01 secs] 
2014-07-08T01:56:50.190+0000: 650.816: [GC [PSYoungGen: 214802K->662K(210112K)] 346141K->132033K(897088K), 0.0043930 secs] [Times: user=0.01 sys=0.00, real=0.01 secs] 
2014-07-08T01:56:50.863+0000: 651.489: [GC [PSYoungGen: 210055K->744K(205504K)] 341427K->132163K(892480K), 0.0053960 secs] [Times: user=0.03 sys=0.00, real=0.00 secs] 
2014-07-08T01:56:51.553+0000: 652.179: [GC [PSYoungGen: 205410K->858K(201152K)] 336829K->132365K(888128K), 0.0039040 secs] [Times: user=0.02 sys=0.00, real=0.00 secs] 
2014-07-08T01:56:52.241+0000: 652.867: [GC [PSYoungGen: 201114K->962K(220608K)] 332621K->132541K(907584K), 0.0120730 secs] [Times: user=0.07 sys=0.00, real=0.02 secs] 
2014-07-08T01:56:53.016+0000: 653.642: [GC [PSYoungGen: 220034K->758K(214848K)] 351613K->132409K(901824K), 0.0045600 secs] [Times: user=0.02 sys=0.00, real=0.00 secs] 
2014-07-08T01:56:53.837+0000: 654.463: [GC [PSYoungGen: 214836K->804K(210112K)] 346487K->132559K(897088K), 0.0049670 secs] [Times: user=0.03 sys=0.00, real=0.00 secs] 
2014-07-08T01:56:54.489+0000: 655.115: [GC [PSYoungGen: 210084K->990K(205632K)] 341839K->132793K(892608K), 0.0070390 secs] [Times: user=0.03 sys=0.01, real=0.01 secs] 
2014-07-08T01:56:55.260+0000: 655.886: [GC [PSYoungGen: 205509K->1003K(201152K)] 337312K->133086K(888128K), 0.0053540 secs] [Times: user=0.03 sys=0.00, real=0.01 secs] 
2014-07-08T01:56:55.926+0000: 656.552: [GC [PSYoungGen: 201129K->1086K(196864K)] 333213K->133218K(883840K), 0.0038300 secs] [Times: user=0.02 sys=0.00, real=0.00 secs] 
2014-07-08T01:56:56.597+0000: 657.223: [GC [PSYoungGen: 196862K->1002K(192576K)] 328994K->133298K(879552K), 0.0043050 secs] [Times: user=0.02 sys=0.00, real=0.00 secs] 
2014-07-08T01:56:57.253+0000: 657.878: [GC [PSYoungGen: 192536K->790K(188352K)] 324832K->133157K(875328K), 0.0053150 secs] [Times: user=0.02 sys=0.00, real=0.01 secs] 
2014-07-08T01:56:57.904+0000: 658.530: [GC [PSYoungGen: 188310K->836K(184512K)] 320677K->133259K(871488K), 0.0041530 secs] [Times: user=0.01 sys=0.00, real=0.00 secs] 
2014-07-08T01:56:58.557+0000: 659.183: [GC [PSYoungGen: 184420K->798K(180672K)] 316844K->133277K(867648K), 0.0049100 secs] [Times: user=0.02 sys=0.01, real=0.00 secs] 
2014-07-08T01:56:59.185+0000: 659.811: [GC [PSYoungGen: 180638K->844K(177088K)] 313117K->133403K(864064K), 0.0037180 secs] [Times: user=0.03 sys=0.00, real=0.00 secs] 
2014-07-08T01:56:59.838+0000: 660.464: [GC [PSYoungGen: 177036K->1387K(174080K)] 309595K->134142K(861056K), 0.0049480 secs] [Times: user=0.02 sys=0.00, real=0.01 secs] 
2014-07-08T01:57:00.403+0000: 661.029: [GC [PSYoungGen: 174018K->548K(169792K)] 306773K->133587K(856768K), 0.0074620 secs] [Times: user=0.04 sys=0.00, real=0.00 secs] 
2014-07-08T01:57:01.061+0000: 661.687: [GC [PSYoungGen: 169764K->897K(166848K)] 302803K->134043K(853824K), 0.0039240 secs] [Times: user=0.02 sys=0.00, real=0.01 secs] 
2014-07-08T01:57:01.571+0000: 662.196: [GC [PSYoungGen: 166766K->854K(163584K)] 299912K->134079K(850560K), 0.0055330 secs] [Times: user=0.03 sys=0.00, real=0.01 secs] 
2014-07-08T01:57:02.133+0000: 662.759: [GC [PSYoungGen: 163536K->996K(160576K)] 296762K->134302K(847552K), 0.0036200 secs] [Times: user=0.02 sys=0.01, real=0.01 secs] 
2014-07-08T01:57:02.696+0000: 663.322: [GC [PSYoungGen: 160548K->1215K(157760K)] 293854K->134800K(844736K), 0.0062700 secs] [Times: user=0.03 sys=0.00, real=0.00 secs] 
2014-07-08T01:57:03.233+0000: 663.859: [GC [PSYoungGen: 157759K->630K(154240K)] 291344K->134295K(841216K), 0.0039520 secs] [Times: user=0.02 sys=0.00, real=0.01 secs] 
2014-07-08T01:57:03.798+0000: 664.424: [GC [PSYoungGen: 154230K->1078K(151872K)] 287895K->134808K(838848K), 0.0034920 secs] [Times: user=0.02 sys=0.00, real=0.00 secs] 
2014-07-08T01:57:04.296+0000: 664.922: [GC [PSYoungGen: 151846K->1082K(149120K)] 285575K->134892K(836096K), 0.0044770 secs] [Times: user=0.03 sys=0.00, real=0.00 secs] 
2014-07-08T01:57:04.871+0000: 665.497: [GC [PSYoungGen: 149114K->1070K(146432K)] 282924K->134962K(833408K), 0.0049380 secs] [Times: user=0.02 sys=0.00, real=0.01 secs] 
2014-07-08T01:57:05.333+0000: 665.959: [GC [PSYoungGen: 146414K->972K(143808K)] 280306K->134927K(830784K), 0.0061300 secs] [Times: user=0.03 sys=0.00, real=0.01 secs] 
2014-07-08T01:57:05.870+0000: 666.496: [GC [PSYoungGen: 143756K->1018K(172416K)] 277711K->135069K(859392K), 0.0097010 secs] [Times: user=0.07 sys=0.00, real=0.01 secs] 
2014-07-08T01:57:06.429+0000: 667.055: [GC [PSYoungGen: 172410K->794K(206528K)] 306461K->134941K(893504K), 0.0070510 secs] [Times: user=0.04 sys=0.00, real=0.01 secs] 
2014-07-08T01:57:07.221+0000: 667.847: [GC [PSYoungGen: 206441K->1058K(207616K)] 340588K->135261K(894592K), 0.0055120 secs] [Times: user=0.03 sys=0.00, real=0.01 secs] 
2014-07-08T01:57:07.880+0000: 668.506: [GC [PSYoungGen: 207522K->548K(202496K)] 341725K->134807K(889472K), 0.0029650 secs] [Times: user=0.01 sys=0.00, real=0.00 secs] 
2014-07-08T01:57:08.595+0000: 669.221: [GC [PSYoungGen: 202468K->790K(198336K)] 336727K->135121K(885312K), 0.0049250 secs] [Times: user=0.03 sys=0.00, real=0.00 secs] 
2014-07-08T01:57:09.293+0000: 669.919: [GC [PSYoungGen: 198293K->864K(194176K)] 332625K->135260K(881152K), 0.0066910 secs] [Times: user=0.04 sys=0.00, real=0.01 secs] 
2014-07-08T01:57:09.953+0000: 670.579: [GC [PSYoungGen: 194143K->926K(190144K)] 328539K->135377K(877120K), 0.0053430 secs] [Times: user=0.01 sys=0.00, real=0.01 secs] 
2014-07-08T01:57:10.627+0000: 671.253: [GC [PSYoungGen: 190107K->1356K(186624K)] 324559K->135904K(873600K), 0.0073230 secs] [Times: user=0.05 sys=0.00, real=0.00 secs] 
2014-07-08T01:57:11.296+0000: 671.922: [GC [PSYoungGen: 186572K->506K(181888K)] 321120K->135460K(868864K), 0.0060990 secs] [Times: user=0.02 sys=0.01, real=0.00 secs] 
2014-07-08T01:57:11.909+0000: 672.535: [GC [PSYoungGen: 181882K->1122K(204416K)] 316836K->136140K(891392K), 0.0094860 secs] [Times: user=0.05 sys=0.00, real=0.01 secs] 
2014-07-08T01:57:12.627+0000: 673.253: [GC [PSYoungGen: 204066K->1060K(219136K)] 339084K->136416K(906112K), 0.0094540 secs] [Times: user=0.05 sys=0.00, real=0.01 secs] 
2014-07-08T01:57:13.395+0000: 674.021: [GC [PSYoungGen: 218724K->958K(213696K)] 354080K->136394K(900672K), 0.0035810 secs] [Times: user=0.01 sys=0.00, real=0.00 secs] 
2014-07-08T01:57:14.132+0000: 674.758: [GC [PSYoungGen: 213694K->544K(208512K)] 349130K->136751K(895488K), 0.0076100 secs] [Times: user=0.05 sys=0.00, real=0.01 secs] 
2014-07-08T01:57:15.001+0000: 675.627: [GC [PSYoungGen: 208480K->1074K(204416K)] 344687K->137321K(891392K), 0.0038960 secs] [Times: user=0.02 sys=0.00, real=0.00 secs] 
2014-07-08T01:57:15.576+0000: 676.202: [GC [PSYoungGen: 204402K->676K(199552K)] 340649K->136995K(886528K), 0.0072920 secs] [Times: user=0.05 sys=0.00, real=0.00 secs] 
2014-07-08T01:57:16.276+0000: 676.902: [GC [PSYoungGen: 199524K->878K(195456K)] 335843K->137277K(882432K), 0.0052520 secs] [Times: user=0.03 sys=0.00, real=0.00 secs] 
2014-07-08T01:57:16.974+0000: 677.600: [GC [PSYoungGen: 195438K->818K(191232K)] 331837K->137265K(878208K), 0.0087900 secs] [Times: user=0.04 sys=0.00, real=0.01 secs] 
2014-07-08T01:57:17.604+0000: 678.230: [GC [PSYoungGen: 191218K->658K(187072K)] 327665K->137185K(874048K), 0.0042170 secs] [Times: user=0.02 sys=0.00, real=0.01 secs] 
2014-07-08T01:57:18.251+0000: 678.877: [GC [PSYoungGen: 187026K->794K(183296K)] 323553K->137401K(870272K), 0.0048720 secs] [Times: user=0.02 sys=0.00, real=0.00 secs] 
2014-07-08T01:57:18.922+0000: 679.548: [GC [PSYoungGen: 183258K->890K(179584K)] 319865K->137577K(866560K), 0.0080690 secs] [Times: user=0.05 sys=0.00, real=0.01 secs] 
2014-07-08T01:57:19.529+0000: 680.154: [GC [PSYoungGen: 179578K->658K(175744K)] 316265K->137417K(862720K), 0.0048480 secs] [Times: user=0.03 sys=0.00, real=0.00 secs] 
2014-07-08T01:57:20.163+0000: 680.788: [GC [PSYoungGen: 175662K->726K(172288K)] 312421K->137549K(859264K), 0.0070150 secs] [Times: user=0.03 sys=0.00, real=0.01 secs] 
2014-07-08T01:57:20.820+0000: 681.445: [GC [PSYoungGen: 172246K->1138K(206976K)] 309069K->138041K(893952K), 0.0081950 secs] [Times: user=0.05 sys=0.00, real=0.01 secs] 
2014-07-08T01:57:21.459+0000: 682.085: [GC [PSYoungGen: 206962K->562K(211968K)] 343865K->137513K(898944K), 0.0067940 secs] [Times: user=0.04 sys=0.00, real=0.00 secs] 
2014-07-08T01:57:22.189+0000: 682.815: [GC [PSYoungGen: 211122K->918K(206848K)] 348073K->137925K(893824K), 0.0062220 secs] [Times: user=0.04 sys=0.00, real=0.00 secs] 
2014-07-08T01:57:22.905+0000: 683.531: [GC [PSYoungGen: 206784K->826K(202176K)] 343791K->137929K(889152K), 0.0044200 secs] [Times: user=0.03 sys=0.01, real=0.01 secs] 
2014-07-08T01:57:23.609+0000: 684.234: [GC [PSYoungGen: 202126K->690K(197696K)] 339229K->137873K(884672K), 0.0060250 secs] [Times: user=0.03 sys=0.00, real=0.00 secs] 
2014-07-08T01:57:24.295+0000: 684.920: [GC [PSYoungGen: 197682K->758K(193536K)] 334865K->138013K(880512K), 0.0033440 secs] [Times: user=0.01 sys=0.00, real=0.01 secs] 
2014-07-08T01:57:24.986+0000: 685.612: [GC [PSYoungGen: 193526K->762K(189440K)] 330781K->138057K(876416K), 0.0047840 secs] [Times: user=0.01 sys=0.00, real=0.01 secs] 
2014-07-08T01:57:25.684+0000: 686.310: [GC [PSYoungGen: 189434K->1256K(185984K)] 326729K->138591K(872960K), 0.0064860 secs] [Times: user=0.02 sys=0.01, real=0.01 secs] 
2014-07-08T01:57:26.308+0000: 686.933: [GC [PSYoungGen: 185957K->548K(181440K)] 323292K->138003K(868416K), 0.0051510 secs] [Times: user=0.03 sys=0.00, real=0.00 secs] 
2014-07-08T01:57:27.010+0000: 687.636: [GC [PSYoungGen: 181412K->946K(178112K)] 318867K->138457K(865088K), 0.0063450 secs] [Times: user=0.03 sys=0.00, real=0.00 secs] 
2014-07-08T01:57:27.532+0000: 688.158: [GC [PSYoungGen: 178098K->562K(174144K)] 315609K->138129K(861120K), 0.0038480 secs] [Times: user=0.01 sys=0.00, real=0.00 secs] 
2014-07-08T01:57:28.143+0000: 688.769: [GC [PSYoungGen: 174129K->758K(170880K)] 311696K->138405K(857856K), 0.0040590 secs] [Times: user=0.02 sys=0.00, real=0.00 secs] 
2014-07-08T01:57:28.726+0000: 689.352: [GC [PSYoungGen: 170870K->1298K(168128K)] 308517K->139034K(855104K), 0.0049640 secs] [Times: user=0.03 sys=0.00, real=0.01 secs] 
2014-07-08T01:57:29.311+0000: 689.937: [GC [PSYoungGen: 168082K->644K(164224K)] 305818K->138443K(851200K), 0.0083000 secs] [Times: user=0.05 sys=0.00, real=0.01 secs] 
2014-07-08T01:57:29.905+0000: 690.531: [GC [PSYoungGen: 164127K->758K(161152K)] 301927K->138629K(848128K), 0.0059630 secs] [Times: user=0.04 sys=0.00, real=0.01 secs] 
2014-07-08T01:57:30.440+0000: 691.066: [GC [PSYoungGen: 161142K->686K(158016K)] 299013K->138637K(844992K), 0.0055280 secs] [Times: user=0.03 sys=0.00, real=0.00 secs] 
2014-07-08T01:57:30.975+0000: 691.601: [GC [PSYoungGen: 157998K->566K(189376K)] 295949K->138565K(876352K), 0.0106700 secs] [Times: user=0.06 sys=0.00, real=0.01 secs] 
2014-07-08T01:57:31.668+0000: 692.294: [GC [PSYoungGen: 189366K->1312K(227904K)] 327365K->139416K(914880K), 0.0106670 secs] [Times: user=0.05 sys=0.00, real=0.01 secs] 
2014-07-08T01:57:32.422+0000: 693.048: [GC [PSYoungGen: 227872K->818K(239552K)] 365976K->139017K(926528K), 0.0038160 secs] [Times: user=0.02 sys=0.00, real=0.00 secs] 
2014-07-08T01:57:33.446+0000: 694.072: [GC [PSYoungGen: 239538K->1238K(234304K)] 377737K->139512K(921280K), 0.0059300 secs] [Times: user=0.02 sys=0.00, real=0.01 secs] 
2014-07-08T01:57:34.152+0000: 694.778: [GC [PSYoungGen: 234262K->252K(227776K)] 372536K->139508K(914752K), 0.0045100 secs] [Times: user=0.02 sys=0.00, real=0.00 secs] 
2014-07-08T01:57:34.875+0000: 695.501: [GC [PSYoungGen: 227772K->1368K(223616K)] 367028K->140695K(910592K), 0.0055320 secs] [Times: user=0.03 sys=0.00, real=0.01 secs] 
2014-07-08T01:57:35.692+0000: 696.318: [GC [PSYoungGen: 223576K->1138K(218240K)] 362903K->141126K(905216K), 0.0078190 secs] [Times: user=0.04 sys=0.00, real=0.01 secs] 
2014-07-08T01:57:36.376+0000: 697.002: [GC [PSYoungGen: 218226K->844K(213056K)] 358214K->140912K(900032K), 0.0053930 secs] [Times: user=0.04 sys=0.00, real=0.01 secs] 
2014-07-08T01:57:37.164+0000: 697.790: [GC [PSYoungGen: 213004K->1280K(208768K)] 353072K->141412K(895744K), 0.0068870 secs] [Times: user=0.04 sys=0.00, real=0.01 secs] 
2014-07-08T01:57:37.833+0000: 698.459: [GC [PSYoungGen: 208667K->1000K(203840K)] 348799K->141204K(890816K), 0.0057800 secs] [Times: user=0.03 sys=0.00, real=0.00 secs] 
2014-07-08T01:57:38.544+0000: 699.170: [GC [PSYoungGen: 203816K->740K(199168K)] 344020K->141031K(886144K), 0.0037410 secs] [Times: user=0.02 sys=0.00, real=0.00 secs] 
2014-07-08T01:57:39.353+0000: 699.979: [GC [PSYoungGen: 199140K->726K(194880K)] 339431K->141049K(881856K), 0.0037670 secs] [Times: user=0.01 sys=0.00, real=0.00 secs] 
2014-07-08T01:57:39.920+0000: 700.546: [GC [PSYoungGen: 194838K->676K(190656K)] 335161K->141055K(877632K), 0.0058460 secs] [Times: user=0.03 sys=0.00, real=0.00 secs] 
2014-07-08T01:57:40.600+0000: 701.225: [GC [PSYoungGen: 190628K->904K(186944K)] 331007K->141379K(873920K), 0.0029090 secs] [Times: user=0.02 sys=0.00, real=0.00 secs] 
2014-07-08T01:57:41.296+0000: 701.922: [GC [PSYoungGen: 186888K->1455K(183616K)] 327363K->142018K(870592K), 0.0100620 secs] [Times: user=0.07 sys=0.01, real=0.01 secs] 
2014-07-08T01:57:41.876+0000: 702.502: [GC [PSYoungGen: 183564K->900K(179392K)] 324128K->141536K(866368K), 0.0058040 secs] [Times: user=0.04 sys=0.00, real=0.01 secs] 
2014-07-08T01:57:42.496+0000: 703.122: [GC [PSYoungGen: 179331K->448K(175232K)] 319967K->141139K(862208K), 0.0044100 secs] [Times: user=0.01 sys=0.00, real=0.01 secs] 
2014-07-08T01:57:43.117+0000: 703.743: [GC [PSYoungGen: 175232K->1134K(172416K)] 315923K->141898K(859392K), 0.0046060 secs] [Times: user=0.03 sys=0.00, real=0.01 secs] 
2014-07-08T01:57:43.707+0000: 704.333: [GC [PSYoungGen: 172373K->922K(168832K)] 313137K->141774K(855808K), 0.0061900 secs] [Times: user=0.03 sys=0.00, real=0.01 secs] 
2014-07-08T01:57:44.295+0000: 704.921: [GC [PSYoungGen: 168794K->954K(165568K)] 309646K->141869K(852544K), 0.0049540 secs] [Times: user=0.02 sys=0.00, real=0.00 secs] 
2014-07-08T01:57:44.862+0000: 705.488: [GC [PSYoungGen: 165562K->1116K(162560K)] 306477K->142128K(849536K), 0.0053390 secs] [Times: user=0.04 sys=0.00, real=0.00 secs] 
2014-07-08T01:57:45.434+0000: 706.060: [GC [PSYoungGen: 162524K->608K(158976K)] 303536K->141691K(845952K), 0.0043470 secs] [Times: user=0.02 sys=0.00, real=0.00 secs] 
2014-07-08T01:57:45.977+0000: 706.603: [GC [PSYoungGen: 158944K->900K(156288K)] 300027K->142040K(843264K), 0.0030870 secs] [Times: user=0.02 sys=0.00, real=0.01 secs] 
2014-07-08T01:57:46.556+0000: 707.182: [GC [PSYoungGen: 156193K->1132K(153600K)] 297333K->142336K(840576K), 0.0066530 secs] [Times: user=0.03 sys=0.01, real=0.01 secs] 
2014-07-08T01:57:47.064+0000: 707.690: [GC [PSYoungGen: 153580K->864K(150528K)] 294784K->142188K(837504K), 0.0032500 secs] [Times: user=0.01 sys=0.01, real=0.00 secs] 
2014-07-08T01:57:47.556+0000: 708.182: [GC [PSYoungGen: 150475K->1008K(147968K)] 291799K->142404K(834944K), 0.0059160 secs] [Times: user=0.04 sys=0.00, real=0.01 secs] 
2014-07-08T01:57:48.074+0000: 708.700: [GC [PSYoungGen: 147951K->626K(144960K)] 289347K->142069K(831936K), 0.0072560 secs] [Times: user=0.05 sys=0.00, real=0.01 secs] 
2014-07-08T01:57:48.577+0000: 709.203: [GC [PSYoungGen: 144905K->872K(142656K)] 286348K->142371K(829632K), 0.0029900 secs] [Times: user=0.01 sys=0.00, real=0.00 secs] 
2014-07-08T01:57:49.070+0000: 709.696: [GC [PSYoungGen: 142598K->1057K(140352K)] 284098K->142637K(827328K), 0.0036130 secs] [Times: user=0.02 sys=0.00, real=0.01 secs] 
2014-07-08T01:57:49.554+0000: 710.180: [GC [PSYoungGen: 140287K->882K(137728K)] 281867K->142550K(824704K), 0.0069580 secs] [Times: user=0.05 sys=0.00, real=0.01 secs] 
2014-07-08T01:57:50.067+0000: 710.693: [GC [PSYoungGen: 137708K->886K(165120K)] 279376K->142699K(852096K), 0.0073330 secs] [Times: user=0.05 sys=0.00, real=0.01 secs] 
2014-07-08T01:57:50.599+0000: 711.225: [GC [PSYoungGen: 165110K->1367K(198528K)] 306923K->143326K(885504K), 0.0054500 secs] [Times: user=0.02 sys=0.00, real=0.01 secs] 
2014-07-08T01:57:51.296+0000: 711.922: [GC [PSYoungGen: 198475K->566K(193472K)] 340435K->142918K(880448K), 0.0052580 secs] [Times: user=0.03 sys=0.01, real=0.01 secs] 
2014-07-08T01:57:51.976+0000: 712.602: [GC [PSYoungGen: 193462K->1406K(190208K)] 335814K->143838K(877184K), 0.0050750 secs] [Times: user=0.03 sys=0.01, real=0.01 secs] 
2014-07-08T01:57:52.637+0000: 713.262: [GC [PSYoungGen: 190206K->922K(185792K)] 332638K->143610K(872768K), 0.0041200 secs] [Times: user=0.01 sys=0.01, real=0.00 secs] 
2014-07-08T01:57:53.277+0000: 713.903: [GC [PSYoungGen: 185754K->860K(181888K)] 328442K->143636K(868864K), 0.0065010 secs] [Times: user=0.03 sys=0.00, real=0.01 secs] 
2014-07-08T01:57:53.914+0000: 714.540: [GC [PSYoungGen: 181852K->1110K(178432K)] 324628K->143990K(865408K), 0.0049160 secs] [Times: user=0.03 sys=0.00, real=0.00 secs] 
2014-07-08T01:57:54.546+0000: 715.172: [GC [PSYoungGen: 178373K->1056K(213824K)] 321254K->143968K(900800K), 0.0181950 secs] [Times: user=0.10 sys=0.00, real=0.02 secs] 
2014-07-08T01:57:55.291+0000: 715.917: [GC [PSYoungGen: 213744K->882K(219840K)] 356656K->143940K(906816K), 0.0066520 secs] [Times: user=0.04 sys=0.00, real=0.01 secs] 
2014-07-08T01:57:56.074+0000: 716.700: [GC [PSYoungGen: 219826K->1383K(220352K)] 362884K->144661K(907328K), 0.0039770 secs] [Times: user=0.02 sys=0.01, real=0.00 secs] 
2014-07-08T01:57:56.819+0000: 717.445: [GC [PSYoungGen: 220327K->954K(214912K)] 363605K->144288K(901888K), 0.0052820 secs] [Times: user=0.03 sys=0.01, real=0.01 secs] 
2014-07-08T01:57:57.563+0000: 718.189: [GC [PSYoungGen: 214906K->772K(209984K)] 358240K->144186K(896960K), 0.0049900 secs] [Times: user=0.02 sys=0.00, real=0.00 secs] 
2014-07-08T01:57:58.368+0000: 718.994: [GC [PSYoungGen: 209924K->1193K(205696K)] 353338K->144679K(892672K), 0.0074600 secs] [Times: user=0.03 sys=0.01, real=0.01 secs] 
2014-07-08T01:57:59.009+0000: 719.635: [GC [PSYoungGen: 205648K->1124K(201152K)] 349135K->144690K(888128K), 0.0068350 secs] [Times: user=0.04 sys=0.00, real=0.01 secs] 
2014-07-08T01:57:59.703+0000: 720.329: [GC [PSYoungGen: 201124K->836K(196544K)] 344690K->144474K(883520K), 0.0036500 secs] [Times: user=0.02 sys=0.00, real=0.00 secs] 
2014-07-08T01:58:00.465+0000: 721.091: [GC [PSYoungGen: 196484K->1088K(192640K)] 340122K->144774K(879616K), 0.0057020 secs] [Times: user=0.04 sys=0.00, real=0.00 secs] 
2014-07-08T01:58:01.062+0000: 721.688: [GC [PSYoungGen: 192576K->946K(188416K)] 336262K->144744K(875392K), 0.0039370 secs] [Times: user=0.02 sys=0.00, real=0.01 secs] 
2014-07-08T01:58:01.714+0000: 722.340: [GC [PSYoungGen: 188402K->548K(184128K)] 332200K->144418K(871104K), 0.0039030 secs] [Times: user=0.02 sys=0.00, real=0.00 secs] 
2014-07-08T01:58:02.382+0000: 723.008: [GC [PSYoungGen: 184100K->804K(180608K)] 327970K->144738K(867584K), 0.0037670 secs] [Times: user=0.01 sys=0.00, real=0.01 secs] 
2014-07-08T01:58:02.993+0000: 723.619: [GC [PSYoungGen: 180579K->968K(177152K)] 324513K->144966K(864128K), 0.0039000 secs] [Times: user=0.02 sys=0.00, real=0.01 secs] 
2014-07-08T01:58:03.621+0000: 724.247: [GC [PSYoungGen: 177096K->666K(173312K)] 321094K->144728K(860288K), 0.0061850 secs] [Times: user=0.04 sys=0.00, real=0.01 secs] 
2014-07-08T01:58:04.304+0000: 724.930: [GC [PSYoungGen: 173274K->1028K(170240K)] 317336K->145162K(857216K), 0.0045140 secs] [Times: user=0.03 sys=0.00, real=0.00 secs] 
2014-07-08T01:58:04.818+0000: 725.443: [GC [PSYoungGen: 170178K->886K(166720K)] 314312K->145092K(853696K), 0.0049480 secs] [Times: user=0.03 sys=0.00, real=0.00 secs] 
2014-07-08T01:58:05.582+0000: 726.208: [GC [PSYoungGen: 166710K->1028K(163712K)] 310916K->145282K(850688K), 0.0039390 secs] [Times: user=0.01 sys=0.00, real=0.01 secs] 
2014-07-08T01:58:06.046+0000: 726.672: [GC [PSYoungGen: 163652K->882K(160384K)] 307906K->145322K(847360K), 0.0049090 secs] [Times: user=0.03 sys=0.00, real=0.00 secs] 
2014-07-08T01:58:06.726+0000: 727.352: [GC [PSYoungGen: 160348K->1184K(157696K)] 304788K->145680K(844672K), 0.0101220 secs] [Times: user=0.05 sys=0.00, real=0.01 secs] 
2014-07-08T01:58:07.493+0000: 728.119: [GC [PSYoungGen: 157642K->749K(154304K)] 302138K->145950K(841280K), 0.0029840 secs] [Times: user=0.02 sys=0.00, real=0.01 secs] 
2014-07-08T01:58:07.943+0000: 728.569: [GC [PSYoungGen: 154285K->1570K(152320K)] 299486K->146851K(839296K), 0.0058220 secs] [Times: user=0.03 sys=0.01, real=0.01 secs] 
2014-07-08T01:58:08.546+0000: 729.172: [GC [PSYoungGen: 152290K->886K(148864K)] 297571K->146648K(835840K), 0.0052410 secs] [Times: user=0.03 sys=0.00, real=0.00 secs] 
2014-07-08T01:58:08.881+0000: 729.507: [GC [PSYoungGen: 148845K->1247K(178880K)] 294607K->147082K(865856K), 0.0053440 secs] [Times: user=0.03 sys=0.00, real=0.01 secs] 
2014-07-08T01:58:09.439+0000: 730.065: [GC [PSYoungGen: 178847K->708K(174784K)] 324682K->146864K(861760K), 0.0048160 secs] [Times: user=0.03 sys=0.00, real=0.01 secs] 
2014-07-08T01:58:09.953+0000: 730.579: [GC [PSYoungGen: 174724K->896K(171520K)] 320880K->147133K(858496K), 0.0041420 secs] [Times: user=0.02 sys=0.00, real=0.01 secs] 
2014-07-08T01:58:10.537+0000: 731.163: [GC [PSYoungGen: 171425K->874K(168064K)] 317662K->147175K(855040K), 0.0058120 secs] [Times: user=0.03 sys=0.00, real=0.00 secs] 
2014-07-08T01:58:11.087+0000: 731.713: [GC [PSYoungGen: 168042K->814K(164736K)] 314343K->147171K(851712K), 0.0039450 secs] [Times: user=0.02 sys=0.00, real=0.00 secs] 
2014-07-08T01:58:11.633+0000: 732.259: [GC [PSYoungGen: 164718K->926K(161728K)] 311075K->147346K(848704K), 0.0064790 secs] [Times: user=0.03 sys=0.00, real=0.01 secs] 
2014-07-08T01:58:12.216+0000: 732.842: [GC [PSYoungGen: 161694K->1060K(194048K)] 308114K->147528K(881024K), 0.0094490 secs] [Times: user=0.05 sys=0.01, real=0.01 secs] 
2014-07-08T01:58:12.834+0000: 733.460: [GC [PSYoungGen: 193965K->1323K(190208K)] 340434K->147992K(877184K), 0.0042200 secs] [Times: user=0.02 sys=0.00, real=0.01 secs] 
2014-07-08T01:58:13.521+0000: 734.147: [GC [PSYoungGen: 190187K->1152K(186112K)] 336856K->147900K(873088K), 0.0052100 secs] [Times: user=0.03 sys=0.01, real=0.01 secs] 
2014-07-08T01:58:14.134+0000: 734.760: [GC [PSYoungGen: 186022K->908K(182016K)] 332770K->147712K(868992K), 0.0032400 secs] [Times: user=0.02 sys=0.00, real=0.01 secs] 
2014-07-08T01:58:14.764+0000: 735.390: [GC [PSYoungGen: 181964K->1004K(178368K)] 328768K->147904K(865344K), 0.0050050 secs] [Times: user=0.03 sys=0.00, real=0.01 secs] 
2014-07-08T01:58:15.407+0000: 736.033: [GC [PSYoungGen: 178348K->954K(174720K)] 325248K->147910K(861696K), 0.0042200 secs] [Times: user=0.02 sys=0.00, real=0.00 secs] 
2014-07-08T01:58:16.000+0000: 736.626: [GC [PSYoungGen: 174633K->1014K(171328K)] 321589K->148042K(858304K), 0.0044370 secs] [Times: user=0.02 sys=0.00, real=0.00 secs] 
2014-07-08T01:58:16.589+0000: 737.215: [GC [PSYoungGen: 171317K->708K(167744K)] 318345K->147792K(854720K), 0.0058000 secs] [Times: user=0.02 sys=0.00, real=0.00 secs] 
2014-07-08T01:58:17.219+0000: 737.845: [GC [PSYoungGen: 167682K->1156K(164928K)] 314766K->148296K(851904K), 0.0043920 secs] [Times: user=0.02 sys=0.00, real=0.00 secs] 
2014-07-08T01:58:17.787+0000: 738.413: [GC [PSYoungGen: 164867K->854K(161472K)] 312007K->148066K(848448K), 0.0075750 secs] [Times: user=0.04 sys=0.00, real=0.00 secs] 
2014-07-08T01:58:18.358+0000: 738.984: [GC [PSYoungGen: 161430K->846K(158400K)] 308642K->148122K(845376K), 0.0055380 secs] [Times: user=0.03 sys=0.00, real=0.00 secs] 
2014-07-08T01:58:18.865+0000: 739.490: [GC [PSYoungGen: 158317K->744K(189824K)] 305594K->148084K(876800K), 0.0069700 secs] [Times: user=0.04 sys=0.00, real=0.01 secs] 
2014-07-08T01:58:19.556+0000: 740.182: [GC [PSYoungGen: 189800K->944K(186048K)] 337140K->148348K(873024K), 0.0052450 secs] [Times: user=0.03 sys=0.00, real=0.00 secs] 
2014-07-08T01:58:20.171+0000: 740.797: [GC [PSYoungGen: 186032K->1278K(223424K)] 333436K->148860K(910400K), 0.0111950 secs] [Times: user=0.05 sys=0.00, real=0.01 secs] 
2014-07-08T01:58:20.934+0000: 741.560: [GC [PSYoungGen: 223421K->840K(217920K)] 371003K->148502K(904896K), 0.0041720 secs] [Times: user=0.03 sys=0.01, real=0.01 secs] 
2014-07-08T01:58:21.687+0000: 742.313: [GC [PSYoungGen: 217864K->886K(212992K)] 365526K->148628K(899968K), 0.0033610 secs] [Times: user=0.01 sys=0.00, real=0.00 secs] 
2014-07-08T01:58:22.522+0000: 743.148: [GC [PSYoungGen: 212961K->850K(208256K)] 360704K->148648K(895232K), 0.0063640 secs] [Times: user=0.04 sys=0.00, real=0.01 secs] 
2014-07-08T01:58:23.160+0000: 743.786: [GC [PSYoungGen: 208210K->888K(203648K)] 356008K->148743K(890624K), 0.0057820 secs] [Times: user=0.03 sys=0.00, real=0.01 secs] 
2014-07-08T01:58:23.861+0000: 744.487: [GC [PSYoungGen: 203640K->658K(199040K)] 351495K->148608K(886016K), 0.0066440 secs] [Times: user=0.04 sys=0.00, real=0.01 secs] 
2014-07-08T01:58:24.570+0000: 745.196: [GC [PSYoungGen: 198975K->744K(238272K)] 346926K->148742K(925248K), 0.0115970 secs] [Times: user=0.07 sys=0.00, real=0.01 secs] 
2014-07-08T01:58:25.388+0000: 746.014: [GC [PSYoungGen: 237608K->900K(232192K)] 385606K->148954K(919168K), 0.0046720 secs] [Times: user=0.03 sys=0.00, real=0.00 secs] 
2014-07-08T01:58:26.272+0000: 746.898: [GC [PSYoungGen: 232131K->562K(226368K)] 380185K->148872K(913344K), 0.0113150 secs] [Times: user=0.07 sys=0.00, real=0.01 secs] 
2014-07-08T01:58:26.995+0000: 747.621: [GC [PSYoungGen: 226354K->1164K(221760K)] 374664K->149555K(908736K), 0.0046560 secs] [Times: user=0.02 sys=0.00, real=0.01 secs] 
2014-07-08T01:58:27.761+0000: 748.387: [GC [PSYoungGen: 221666K->865K(216384K)] 370057K->149673K(903360K), 0.0056450 secs] [Times: user=0.03 sys=0.00, real=0.01 secs] 
2014-07-08T01:58:28.527+0000: 749.153: [GC [PSYoungGen: 216316K->726K(211392K)] 365125K->149574K(898368K), 0.0051570 secs] [Times: user=0.01 sys=0.01, real=0.00 secs] 
2014-07-08T01:58:29.269+0000: 749.894: [GC [PSYoungGen: 211350K->1096K(207040K)] 360198K->150008K(894016K), 0.0066850 secs] [Times: user=0.02 sys=0.00, real=0.00 secs] 
2014-07-08T01:58:29.954+0000: 750.580: [GC [PSYoungGen: 206984K->750K(202112K)] 355896K->149742K(889088K), 0.0043850 secs] [Times: user=0.03 sys=0.00, real=0.01 secs] 
2014-07-08T01:58:30.652+0000: 751.278: [GC [PSYoungGen: 202070K->956K(197952K)] 351063K->150219K(884928K), 0.0075340 secs] [Times: user=0.04 sys=0.00, real=0.01 secs] 
2014-07-08T01:58:31.419+0000: 752.045: [GC [PSYoungGen: 197940K->1244K(194048K)] 347203K->150587K(881024K), 0.0059670 secs] [Times: user=0.03 sys=0.00, real=0.00 secs] 
2014-07-08T01:58:31.996+0000: 752.622: [GC [PSYoungGen: 194012K->580K(189312K)] 343354K->149986K(876288K), 0.0048730 secs] [Times: user=0.03 sys=0.00, real=0.01 secs] 
2014-07-08T01:58:32.648+0000: 753.274: [GC [PSYoungGen: 189240K->922K(185664K)] 338646K->150384K(872640K), 0.0076630 secs] [Times: user=0.04 sys=0.00, real=0.00 secs] 
2014-07-08T01:58:33.336+0000: 753.962: [GC [PSYoungGen: 185580K->726K(181632K)] 335042K->150228K(868608K), 0.0037170 secs] [Times: user=0.01 sys=0.00, real=0.01 secs] 
2014-07-08T01:58:33.919+0000: 754.545: [GC [PSYoungGen: 181590K->662K(177856K)] 331092K->150212K(864832K), 0.0042700 secs] [Times: user=0.02 sys=0.00, real=0.00 secs] 
2014-07-08T01:58:34.549+0000: 755.174: [GC [PSYoungGen: 177814K->865K(174464K)] 327364K->150463K(861440K), 0.0063010 secs] [Times: user=0.03 sys=0.01, real=0.00 secs] 
2014-07-08T01:58:35.162+0000: 755.788: [GC [PSYoungGen: 174433K->758K(170880K)] 324031K->150412K(857856K), 0.0053010 secs] [Times: user=0.02 sys=0.00, real=0.00 secs] 
2014-07-08T01:58:35.746+0000: 756.372: [GC [PSYoungGen: 170837K->868K(167680K)] 320492K->150595K(854656K), 0.0064100 secs] [Times: user=0.03 sys=0.00, real=0.01 secs] 
2014-07-08T01:58:36.403+0000: 757.029: [GC [PSYoungGen: 167652K->1102K(201344K)] 317379K->150900K(888320K), 0.0121470 secs] [Times: user=0.07 sys=0.01, real=0.01 secs] 
2014-07-08T01:58:37.037+0000: 757.663: [GC [PSYoungGen: 201294K->698K(228928K)] 351092K->150650K(915904K), 0.0101050 secs] [Times: user=0.07 sys=0.00, real=0.01 secs] 
2014-07-08T01:58:37.828+0000: 758.454: [GC [PSYoungGen: 228922K->562K(229568K)] 378874K->150570K(916544K), 0.0056180 secs] [Times: user=0.03 sys=0.00, real=0.01 secs] 
2014-07-08T01:58:38.632+0000: 759.258: [GC [PSYoungGen: 228784K->826K(223744K)] 378793K->150914K(910720K), 0.0057260 secs] [Times: user=0.04 sys=0.00, real=0.00 secs] 
2014-07-08T01:58:39.388+0000: 760.014: [GC [PSYoungGen: 223723K->846K(218688K)] 373812K->151022K(905664K), 0.0050960 secs] [Times: user=0.03 sys=0.00, real=0.00 secs] 
2014-07-08T01:58:40.158+0000: 760.784: [GC [PSYoungGen: 218638K->882K(213760K)] 368814K->151300K(900736K), 0.0045240 secs] [Times: user=0.02 sys=0.00, real=0.01 secs] 
2014-07-08T01:58:40.886+0000: 761.512: [GC [PSYoungGen: 213744K->840K(208960K)] 364163K->151354K(895936K), 0.0045160 secs] [Times: user=0.02 sys=0.00, real=0.01 secs] 
2014-07-08T01:58:41.622+0000: 762.248: [GC [PSYoungGen: 208904K->740K(204224K)] 359418K->151368K(891200K), 0.0090320 secs] [Times: user=0.05 sys=0.00, real=0.01 secs] 
2014-07-08T01:58:42.331+0000: 762.957: [GC [PSYoungGen: 204177K->990K(200000K)] 354806K->151698K(886976K), 0.0032340 secs] [Times: user=0.01 sys=0.00, real=0.00 secs] 
2014-07-08T01:58:43.002+0000: 763.628: [GC [PSYoungGen: 199966K->812K(195520K)] 350674K->151732K(882496K), 0.0049370 secs] [Times: user=0.03 sys=0.00, real=0.00 secs] 
2014-07-08T01:58:43.689+0000: 764.315: [GC [PSYoungGen: 195500K->1000K(191552K)] 346420K->152000K(878528K), 0.0046030 secs] [Times: user=0.03 sys=0.00, real=0.01 secs] 
2014-07-08T01:58:44.396+0000: 765.022: [GC [PSYoungGen: 191528K->754K(187264K)] 342528K->152093K(874240K), 0.0128610 secs] [Times: user=0.08 sys=0.00, real=0.01 secs] 
2014-07-08T01:58:45.017+0000: 765.643: [GC [PSYoungGen: 187250K->1017K(183616K)] 338589K->152388K(870592K), 0.0063690 secs] [Times: user=0.02 sys=0.00, real=0.01 secs] 
2014-07-08T01:58:45.689+0000: 766.315: [GC [PSYoungGen: 183571K->928K(220096K)] 334942K->152529K(907072K), 0.0090080 secs] [Times: user=0.05 sys=0.00, real=0.01 secs] 
2014-07-08T01:58:46.509+0000: 767.135: [GC [PSYoungGen: 220064K->1258K(215424K)] 371665K->152923K(902400K), 0.0057200 secs] [Times: user=0.04 sys=0.00, real=0.01 secs] 
2014-07-08T01:58:47.167+0000: 767.793: [GC [PSYoungGen: 215377K->630K(209984K)] 367042K->152446K(896960K), 0.0055320 secs] [Times: user=0.03 sys=0.00, real=0.01 secs] 
2014-07-08T01:58:47.891+0000: 768.517: [GC [PSYoungGen: 209974K->980K(205696K)] 361790K->152845K(892672K), 0.0069540 secs] [Times: user=0.04 sys=0.00, real=0.00 secs] 
2014-07-08T01:58:48.619+0000: 769.245: [GC [PSYoungGen: 205652K->694K(200896K)] 357517K->152698K(887872K), 0.0050080 secs] [Times: user=0.01 sys=0.01, real=0.01 secs] 
2014-07-08T01:58:49.329+0000: 769.955: [GC [PSYoungGen: 200886K->1022K(196864K)] 352890K->153099K(883840K), 0.0032910 secs] [Times: user=0.01 sys=0.00, real=0.01 secs] 
2014-07-08T01:58:49.999+0000: 770.625: [GC [PSYoungGen: 196862K->708K(192384K)] 348939K->152840K(879360K), 0.0041280 secs] [Times: user=0.02 sys=0.00, real=0.01 secs] 
2014-07-08T01:58:50.686+0000: 771.312: [GC [PSYoungGen: 192324K->1006K(188608K)] 344456K->153195K(875584K), 0.0045360 secs] [Times: user=0.02 sys=0.00, real=0.01 secs] 
2014-07-08T01:58:51.386+0000: 772.012: [GC [PSYoungGen: 188565K->1000K(184704K)] 340754K->153245K(871680K), 0.0047760 secs] [Times: user=0.04 sys=0.00, real=0.01 secs] 
2014-07-08T01:58:51.957+0000: 772.583: [GC [PSYoungGen: 184674K->708K(180672K)] 336919K->153016K(867648K), 0.0051400 secs] [Times: user=0.02 sys=0.00, real=0.01 secs] 
2014-07-08T01:58:52.616+0000: 773.242: [GC [PSYoungGen: 180612K->942K(177216K)] 332920K->153331K(864192K), 0.0046570 secs] [Times: user=0.03 sys=0.01, real=0.01 secs] 
2014-07-08T01:58:53.220+0000: 773.846: [GC [PSYoungGen: 177198K->929K(173696K)] 329587K->153374K(860672K), 0.0072430 secs] [Times: user=0.04 sys=0.01, real=0.01 secs] 
2014-07-08T01:58:53.831+0000: 774.457: [GC [PSYoungGen: 173665K->740K(170048K)] 326110K->153256K(857024K), 0.0037720 secs] [Times: user=0.03 sys=0.00, real=0.01 secs] 
2014-07-08T01:58:54.417+0000: 775.043: [GC [PSYoungGen: 170020K->740K(166720K)] 322536K->153312K(853696K), 0.0039250 secs] [Times: user=0.02 sys=0.00, real=0.01 secs] 
2014-07-08T01:58:55.010+0000: 775.636: [GC [PSYoungGen: 166692K->644K(163456K)] 319264K->153296K(850432K), 0.0038370 secs] [Times: user=0.01 sys=0.00, real=0.01 secs] 
2014-07-08T01:58:55.584+0000: 776.210: [GC [PSYoungGen: 163396K->740K(196096K)] 316048K->153432K(883072K), 0.0122170 secs] [Times: user=0.06 sys=0.01, real=0.01 secs] 
2014-07-08T01:58:56.381+0000: 777.007: [GC [PSYoungGen: 196059K->1252K(235712K)] 348752K->153984K(922688K), 0.0093670 secs] [Times: user=0.05 sys=0.00, real=0.00 secs] 
2014-07-08T01:58:57.112+0000: 777.738: [GC [PSYoungGen: 235684K->814K(263040K)] 388416K->153619K(950016K), 0.0059860 secs] [Times: user=0.03 sys=0.00, real=0.00 secs] 
2014-07-08T01:58:58.013+0000: 778.639: [GC [PSYoungGen: 262446K->612K(255744K)] 415251K->153504K(942720K), 0.0034300 secs] [Times: user=0.02 sys=0.01, real=0.00 secs] 
2014-07-08T01:58:58.897+0000: 779.523: [GC [PSYoungGen: 255716K->922K(249728K)] 408608K->153911K(936704K), 0.0049580 secs] [Times: user=0.03 sys=0.01, real=0.01 secs] 
2014-07-08T01:58:59.762+0000: 780.388: [GC [PSYoungGen: 249653K->822K(243520K)] 402641K->153883K(930496K), 0.0088380 secs] [Times: user=0.06 sys=0.00, real=0.00 secs] 
2014-07-08T01:59:00.607+0000: 781.233: [GC [PSYoungGen: 243510K->726K(237632K)] 396571K->153834K(924608K), 0.0056280 secs] [Times: user=0.02 sys=0.00, real=0.01 secs] 
2014-07-08T01:59:01.448+0000: 782.074: [GC [PSYoungGen: 237590K->992K(232256K)] 390698K->154181K(919232K), 0.0053020 secs] [Times: user=0.04 sys=0.00, real=0.01 secs] 
2014-07-08T01:59:02.322+0000: 782.948: [GC [PSYoungGen: 232224K->1276K(227072K)] 385413K->154553K(914048K), 0.0038920 secs] [Times: user=0.02 sys=0.00, real=0.00 secs] 
2014-07-08T01:59:03.026+0000: 783.652: [GC [PSYoungGen: 227068K->306K(220864K)] 380345K->153956K(907840K), 0.0053370 secs] [Times: user=0.03 sys=0.01, real=0.00 secs] 
2014-07-08T01:59:03.797+0000: 784.423: [GC [PSYoungGen: 220850K->800K(216320K)] 374500K->154515K(903296K), 0.0056870 secs] [Times: user=0.03 sys=0.00, real=0.01 secs] 
2014-07-08T01:59:04.552+0000: 785.178: [GC [PSYoungGen: 216288K->846K(211520K)] 370003K->154699K(898496K), 0.0046280 secs] [Times: user=0.03 sys=0.00, real=0.01 secs] 
2014-07-08T01:59:05.311+0000: 785.937: [GC [PSYoungGen: 211425K->1181K(207104K)] 365278K->155098K(894080K), 0.0057370 secs] [Times: user=0.04 sys=0.01, real=0.01 secs] 
2014-07-08T01:59:06.012+0000: 786.638: [GC [PSYoungGen: 207060K->633K(201984K)] 360977K->154871K(888960K), 0.0057270 secs] [Times: user=0.03 sys=0.01, real=0.00 secs] 
2014-07-08T01:59:06.729+0000: 787.355: [GC [PSYoungGen: 201977K->1394K(198400K)] 356215K->155847K(885376K), 0.0094650 secs] [Times: user=0.03 sys=0.00, real=0.01 secs] 
2014-07-08T01:59:07.480+0000: 788.106: [GC [PSYoungGen: 198386K->826K(193600K)] 352839K->155350K(880576K), 0.0033660 secs] [Times: user=0.02 sys=0.00, real=0.01 secs] 
2014-07-08T01:59:08.110+0000: 788.736: [GC [PSYoungGen: 193594K->1088K(189824K)] 348118K->155692K(876800K), 0.0055710 secs] [Times: user=0.03 sys=0.00, real=0.01 secs] 
2014-07-08T01:59:08.760+0000: 789.386: [GC [PSYoungGen: 189729K->1046K(185792K)] 344333K->155738K(872768K), 0.0045900 secs] [Times: user=0.03 sys=0.00, real=0.01 secs] 
2014-07-08T01:59:09.415+0000: 790.041: [GC [PSYoungGen: 185710K->972K(181888K)] 340403K->155720K(868864K), 0.0060800 secs] [Times: user=0.03 sys=0.00, real=0.00 secs] 
2014-07-08T01:59:10.040+0000: 790.666: [GC [PSYoungGen: 181835K->762K(177920K)] 336584K->155582K(864896K), 0.0048300 secs] [Times: user=0.02 sys=0.00, real=0.01 secs] 
2014-07-08T01:59:10.671+0000: 791.297: [GC [PSYoungGen: 177913K->830K(174400K)] 332733K->155730K(861376K), 0.0030440 secs] [Times: user=0.01 sys=0.00, real=0.01 secs] 
2014-07-08T01:59:11.340+0000: 791.966: [GC [PSYoungGen: 174360K->1024K(171200K)] 329261K->155972K(858176K), 0.0116590 secs] [Times: user=0.08 sys=0.01, real=0.01 secs] 
2014-07-08T01:59:11.917+0000: 792.543: [GC [PSYoungGen: 171136K->918K(205120K)] 326084K->155914K(892096K), 0.0075710 secs] [Times: user=0.04 sys=0.00, real=0.01 secs] 
2014-07-08T01:59:12.601+0000: 793.227: [GC [PSYoungGen: 205078K->812K(200512K)] 360074K->155848K(887488K), 0.0047340 secs] [Times: user=0.02 sys=0.00, real=0.01 secs] 
2014-07-08T01:59:13.306+0000: 793.932: [GC [PSYoungGen: 200482K->1010K(196352K)] 355519K->156102K(883328K), 0.0039900 secs] [Times: user=0.02 sys=0.00, real=0.00 secs] 
2014-07-08T01:59:13.965+0000: 794.591: [GC [PSYoungGen: 196297K->872K(235328K)] 351390K->156044K(922304K), 0.0117430 secs] [Times: user=0.07 sys=0.00, real=0.01 secs] 
2014-07-08T01:59:14.788+0000: 795.414: [GC [PSYoungGen: 235304K->594K(229504K)] 390476K->155862K(916480K), 0.0046290 secs] [Times: user=0.03 sys=0.00, real=0.00 secs] 
2014-07-08T01:59:15.592+0000: 796.218: [GC [PSYoungGen: 229458K->698K(224192K)] 384726K->156006K(911168K), 0.0082380 secs] [Times: user=0.04 sys=0.01, real=0.01 secs] 
2014-07-08T01:59:16.445+0000: 797.071: [GC [PSYoungGen: 224186K->1112K(219456K)] 379494K->156485K(906432K), 0.0045520 secs] [Times: user=0.02 sys=0.00, real=0.00 secs] 
2014-07-08T01:59:17.111+0000: 797.737: [GC [PSYoungGen: 219416K->878K(214208K)] 374789K->156444K(901184K), 0.0084590 secs] [Times: user=0.05 sys=0.00, real=0.01 secs] 
2014-07-08T01:59:17.846+0000: 798.472: [GC [PSYoungGen: 214164K->512K(209024K)] 369730K->156166K(896000K), 0.0041780 secs] [Times: user=0.03 sys=0.00, real=0.00 secs] 
2014-07-08T01:59:18.559+0000: 799.185: [GC [PSYoungGen: 209024K->1054K(204992K)] 364678K->156796K(891968K), 0.0037690 secs] [Times: user=0.02 sys=0.00, real=0.00 secs] 
2014-07-08T01:59:19.288+0000: 799.913: [GC [PSYoungGen: 204958K->1050K(200512K)] 360700K->156872K(887488K), 0.0063800 secs] [Times: user=0.04 sys=0.00, real=0.01 secs] 
2014-07-08T01:59:19.955+0000: 800.581: [GC [PSYoungGen: 200431K->701K(195840K)] 356253K->156908K(882816K), 0.0038440 secs] [Times: user=0.02 sys=0.00, real=0.01 secs] 
2014-07-08T01:59:20.635+0000: 801.261: [GC [PSYoungGen: 195804K->994K(192000K)] 352012K->157257K(878976K), 0.0047970 secs] [Times: user=0.03 sys=0.00, real=0.00 secs] 
2014-07-08T01:59:21.388+0000: 802.014: [GC [PSYoungGen: 191954K->986K(187968K)] 348218K->157437K(874944K), 0.0070860 secs] [Times: user=0.04 sys=0.00, real=0.01 secs] 
2014-07-08T01:59:21.945+0000: 802.571: [GC [PSYoungGen: 187839K->811K(183872K)] 344291K->157294K(870848K), 0.0090480 secs] [Times: user=0.03 sys=0.01, real=0.00 secs] 
2014-07-08T01:59:22.665+0000: 803.290: [GC [PSYoungGen: 183851K->992K(180288K)] 340334K->157621K(867264K), 0.0047100 secs] [Times: user=0.03 sys=0.00, real=0.01 secs] 
2014-07-08T01:59:23.235+0000: 803.860: [GC [PSYoungGen: 180225K->1071K(176704K)] 336854K->157780K(863680K), 0.0071110 secs] [Times: user=0.05 sys=0.00, real=0.01 secs] 
2014-07-08T01:59:23.844+0000: 804.470: [GC [PSYoungGen: 176687K->740K(172864K)] 333396K->157513K(859840K), 0.0031830 secs] [Times: user=0.02 sys=0.00, real=0.01 secs] 
2014-07-08T01:59:24.438+0000: 805.064: [GC [PSYoungGen: 172835K->548K(169280K)] 329608K->157369K(856256K), 0.0066680 secs] [Times: user=0.05 sys=0.00, real=0.01 secs] 
2014-07-08T01:59:25.018+0000: 805.644: [GC [PSYoungGen: 169252K->662K(166080K)] 326073K->157547K(853056K), 0.0051490 secs] [Times: user=0.03 sys=0.00, real=0.00 secs] 
2014-07-08T01:59:25.599+0000: 806.225: [GC [PSYoungGen: 166038K->968K(163200K)] 322923K->157894K(850176K), 0.0075270 secs] [Times: user=0.04 sys=0.00, real=0.01 secs] 
2014-07-08T01:59:26.164+0000: 806.790: [GC [PSYoungGen: 163144K->658K(195328K)] 320070K->157655K(882304K), 0.0082730 secs] [Times: user=0.05 sys=0.00, real=0.01 secs] 
2014-07-08T01:59:26.841+0000: 807.467: [GC [PSYoungGen: 195282K->598K(234240K)] 352279K->157651K(921216K), 0.0084000 secs] [Times: user=0.05 sys=0.00, real=0.01 secs] 
2014-07-08T01:59:27.681+0000: 808.307: [GC [PSYoungGen: 234198K->416K(262080K)] 391251K->157509K(949056K), 0.0070440 secs] [Times: user=0.03 sys=0.00, real=0.01 secs] 
2014-07-08T01:59:28.646+0000: 809.272: [GC [PSYoungGen: 261088K->1276K(255424K)] 418181K->158458K(942400K), 0.0052650 secs] [Times: user=0.03 sys=0.01, real=0.00 secs] 
2014-07-08T01:59:29.478+0000: 810.104: [GC [PSYoungGen: 255345K->181K(248064K)] 412527K->158237K(935040K), 0.0060170 secs] [Times: user=0.03 sys=0.01, real=0.00 secs] 
2014-07-08T01:59:30.349+0000: 810.975: [GC [PSYoungGen: 248051K->1474K(243392K)] 406107K->159586K(930368K), 0.0050340 secs] [Times: user=0.02 sys=0.01, real=0.00 secs] 
2014-07-08T01:59:31.163+0000: 811.789: [GC [PSYoungGen: 243311K->858K(236928K)] 401423K->159398K(923904K), 0.0040320 secs] [Times: user=0.02 sys=0.00, real=0.01 secs] 
2014-07-08T01:59:31.995+0000: 812.621: [GC [PSYoungGen: 236890K->516K(230976K)] 395430K->159096K(917952K), 0.0073550 secs] [Times: user=0.04 sys=0.00, real=0.01 secs] 
2014-07-08T01:59:32.811+0000: 813.437: [GC [PSYoungGen: 230916K->626K(225664K)] 389496K->159286K(912640K), 0.0027220 secs] [Times: user=0.01 sys=0.00, real=0.00 secs] 
2014-07-08T01:59:33.597+0000: 814.223: [GC [PSYoungGen: 225650K->1270K(221120K)] 384310K->160010K(908096K), 0.0055660 secs] [Times: user=0.03 sys=0.00, real=0.00 secs] 
2014-07-08T01:59:34.383+0000: 815.009: [GC [PSYoungGen: 221110K->676K(215488K)] 379850K->159488K(902464K), 0.0079590 secs] [Times: user=0.05 sys=0.00, real=0.01 secs] 
2014-07-08T01:59:35.104+0000: 815.730: [GC [PSYoungGen: 215454K->965K(210944K)] 374266K->159817K(897920K), 0.0104280 secs] [Times: user=0.05 sys=0.00, real=0.01 secs] 
2014-07-08T01:59:35.850+0000: 816.476: [GC [PSYoungGen: 210885K->708K(206016K)] 369737K->159656K(892992K), 0.0047300 secs] [Times: user=0.03 sys=0.00, real=0.00 secs] 
2014-07-08T01:59:36.660+0000: 817.286: [GC [PSYoungGen: 205956K->1028K(201792K)] 364904K->160040K(888768K), 0.0051440 secs] [Times: user=0.03 sys=0.00, real=0.00 secs] 
2014-07-08T01:59:37.304+0000: 817.930: [GC [PSYoungGen: 201732K->910K(241856K)] 360744K->159978K(928832K), 0.0129990 secs] [Times: user=0.06 sys=0.00, real=0.02 secs] 
2014-07-08T01:59:38.104+0000: 818.730: [GC [PSYoungGen: 241806K->772K(235968K)] 400874K->159928K(922944K), 0.0039870 secs] [Times: user=0.03 sys=0.00, real=0.01 secs] 
2014-07-08T01:59:38.920+0000: 819.546: [GC [PSYoungGen: 235863K->680K(230272K)] 395019K->159916K(917248K), 0.0078980 secs] [Times: user=0.04 sys=0.00, real=0.01 secs] 
2014-07-08T01:59:39.724+0000: 820.350: [GC [PSYoungGen: 230248K->926K(225152K)] 389484K->160210K(912128K), 0.0081690 secs] [Times: user=0.04 sys=0.00, real=0.01 secs] 
2014-07-08T01:59:40.612+0000: 821.238: [GC [PSYoungGen: 225055K->1338K(252096K)] 384339K->160713K(939072K), 0.0123440 secs] [Times: user=0.05 sys=0.00, real=0.01 secs] 
2014-07-08T01:59:41.474+0000: 822.100: [GC [PSYoungGen: 252090K->978K(252288K)] 411465K->160392K(939264K), 0.0096030 secs] [Times: user=0.05 sys=0.00, real=0.01 secs] 
2014-07-08T01:59:42.537+0000: 823.163: [GC [PSYoungGen: 251730K->1174K(245824K)] 411144K->160660K(932800K), 0.0065810 secs] [Times: user=0.03 sys=0.01, real=0.01 secs] 
2014-07-08T01:59:44.042+0000: 824.667: [GC [PSYoungGen: 245782K->1024K(239680K)] 405268K->160566K(926656K), 0.0043450 secs] [Times: user=0.02 sys=0.00, real=0.00 secs] 
2014-07-08T01:59:45.094+0000: 825.720: [GC [PSYoungGen: 239680K->868K(233856K)] 399222K->160702K(920832K), 0.0041910 secs] [Times: user=0.02 sys=0.00, real=0.01 secs] 
2014-07-08T01:59:45.918+0000: 826.544: [GC [PSYoungGen: 233828K->1270K(228736K)] 393662K->161160K(915712K), 0.0095260 secs] [Times: user=0.05 sys=0.01, real=0.01 secs] 
2014-07-08T01:59:47.084+0000: 827.710: [GC [PSYoungGen: 228694K->928K(223104K)] 388585K->161030K(910080K), 0.0069710 secs] [Times: user=0.04 sys=0.01, real=0.01 secs] 
2014-07-08T01:59:47.704+0000: 828.330: [GC [PSYoungGen: 223072K->1544K(218624K)] 383174K->161726K(905600K), 0.0057580 secs] [Times: user=0.03 sys=0.00, real=0.01 secs] 
2014-07-08T01:59:48.321+0000: 828.947: [GC [PSYoungGen: 218566K->700K(261184K)] 378748K->161158K(948160K), 0.0117130 secs] [Times: user=0.07 sys=0.00, real=0.01 secs] 
2014-07-08T01:59:48.984+0000: 829.610: [GC [PSYoungGen: 261133K->1615K(255616K)] 421592K->162164K(942592K), 0.0049510 secs] [Times: user=0.02 sys=0.00, real=0.00 secs] 
2014-07-08T01:59:49.596+0000: 830.222: [GC [PSYoungGen: 255534K->658K(248384K)] 416083K->161604K(935360K), 0.0045470 secs] [Times: user=0.01 sys=0.01, real=0.01 secs] 
2014-07-08T01:59:50.316+0000: 830.942: [GC [PSYoungGen: 248338K->1048K(242752K)] 409284K->162067K(929728K), 0.0053640 secs] [Times: user=0.02 sys=0.00, real=0.01 secs] 
2014-07-08T01:59:51.129+0000: 831.755: [GC [PSYoungGen: 242712K->1042K(236928K)] 403731K->162125K(923904K), 0.0100670 secs] [Times: user=0.06 sys=0.00, real=0.02 secs] 
2014-07-08T01:59:51.916+0000: 832.542: [GC [PSYoungGen: 236882K->1202K(231424K)] 397965K->162333K(918400K), 0.0068510 secs] [Times: user=0.03 sys=0.00, real=0.01 secs] 
2014-07-08T01:59:52.667+0000: 833.293: [GC [PSYoungGen: 231410K->822K(225664K)] 392541K->161984K(912640K), 0.0082820 secs] [Times: user=0.04 sys=0.00, real=0.01 secs] 
2014-07-08T01:59:53.325+0000: 833.951: [GC [PSYoungGen: 225654K->466K(220160K)] 386816K->161668K(907136K), 0.0065620 secs] [Times: user=0.03 sys=0.00, real=0.01 secs] 
2014-07-08T01:59:54.064+0000: 834.689: [GC [PSYoungGen: 220114K->1000K(215680K)] 381316K->162267K(902656K), 0.0048610 secs] [Times: user=0.02 sys=0.00, real=0.00 secs] 
2014-07-08T01:59:54.790+0000: 835.416: [GC [PSYoungGen: 215656K->1032K(210880K)] 376923K->162330K(897856K), 0.0050950 secs] [Times: user=0.01 sys=0.00, real=0.00 secs] 
2014-07-08T01:59:55.428+0000: 836.054: [GC [PSYoungGen: 210820K->1099K(206272K)] 372119K->162462K(893248K), 0.0043170 secs] [Times: user=0.02 sys=0.00, real=0.01 secs] 
2014-07-08T01:59:56.167+0000: 836.793: [GC [PSYoungGen: 206204K->804K(201408K)] 367567K->162262K(888384K), 0.0043470 secs] [Times: user=0.02 sys=0.00, real=0.01 secs] 
2014-07-08T01:59:56.848+0000: 837.474: [GC [PSYoungGen: 201380K->1192K(197440K)] 362838K->162738K(884416K), 0.0032460 secs] [Times: user=0.02 sys=0.00, real=0.01 secs] 
2014-07-08T01:59:57.481+0000: 838.107: [GC [PSYoungGen: 197416K->906K(192960K)] 358962K->162509K(879936K), 0.0059470 secs] [Times: user=0.03 sys=0.00, real=0.00 secs] 
2014-07-08T01:59:58.136+0000: 838.762: [GC [PSYoungGen: 192906K->662K(188608K)] 354509K->162328K(875584K), 0.0059800 secs] [Times: user=0.03 sys=0.00, real=0.01 secs] 
2014-07-08T01:59:58.788+0000: 839.414: [GC [PSYoungGen: 188543K->1300K(185344K)] 350210K->163046K(872320K), 0.0052930 secs] [Times: user=0.03 sys=0.00, real=0.01 secs] 
2014-07-08T01:59:59.385+0000: 840.011: [GC [PSYoungGen: 185299K->662K(180928K)] 347046K->162480K(867904K), 0.0055530 secs] [Times: user=0.03 sys=0.00, real=0.00 secs] 
2014-07-08T02:00:00.017+0000: 840.643: [GC [PSYoungGen: 180886K->1032K(177664K)] 342704K->162954K(864640K), 0.0038120 secs] [Times: user=0.02 sys=0.00, real=0.01 secs] 
2014-07-08T02:00:00.653+0000: 841.279: [GC [PSYoungGen: 177608K->1414K(174464K)] 339530K->163441K(861440K), 0.0040550 secs] [Times: user=0.03 sys=0.00, real=0.00 secs] 
2014-07-08T02:00:01.247+0000: 841.873: [GC [PSYoungGen: 174390K->812K(170368K)] 336417K->162894K(857344K), 0.0054770 secs] [Times: user=0.03 sys=0.00, real=0.01 secs] 
2014-07-08T02:00:01.835+0000: 842.461: [GC [PSYoungGen: 170348K->1056K(167296K)] 332430K->163283K(854272K), 0.0056120 secs] [Times: user=0.02 sys=0.00, real=0.00 secs] 
2014-07-08T02:00:02.386+0000: 843.012: [GC [PSYoungGen: 167216K->854K(163904K)] 329442K->163120K(850880K), 0.0044340 secs] [Times: user=0.02 sys=0.00, real=0.00 secs] 
2014-07-08T02:00:02.971+0000: 843.597: [GC [PSYoungGen: 163862K->694K(160576K)] 326128K->163016K(847552K), 0.0056680 secs] [Times: user=0.03 sys=0.00, real=0.01 secs] 
2014-07-08T02:00:03.513+0000: 844.139: [GC [PSYoungGen: 160566K->626K(157504K)] 322888K->163012K(844480K), 0.0048600 secs] [Times: user=0.03 sys=0.00, real=0.00 secs] 
2014-07-08T02:00:04.063+0000: 844.689: [GC [PSYoungGen: 157411K->997K(154944K)] 319797K->163471K(841920K), 0.0065190 secs] [Times: user=0.03 sys=0.00, real=0.00 secs] 
2014-07-08T02:00:04.612+0000: 845.238: [GC [PSYoungGen: 154903K->1006K(185728K)] 317378K->163521K(872704K), 0.0086350 secs] [Times: user=0.04 sys=0.00, real=0.00 secs] 
2014-07-08T02:00:05.244+0000: 845.870: [GC [PSYoungGen: 185710K->976K(181888K)] 348225K->163570K(868864K), 0.0037010 secs] [Times: user=0.02 sys=0.00, real=0.00 secs] 
2014-07-08T02:00:05.878+0000: 846.504: [GC [PSYoungGen: 181840K->914K(178112K)] 344434K->163557K(865088K), 0.0060400 secs] [Times: user=0.04 sys=0.00, real=0.01 secs] 
2014-07-08T02:00:06.499+0000: 847.125: [GC [PSYoungGen: 178066K->914K(174528K)] 340709K->163645K(861504K), 0.0070370 secs] [Times: user=0.05 sys=0.00, real=0.01 secs] 
2014-07-08T02:00:07.128+0000: 847.754: [GC [PSYoungGen: 174471K->958K(171072K)] 337201K->163744K(858048K), 0.0053510 secs] [Times: user=0.03 sys=0.00, real=0.01 secs] 
2014-07-08T02:00:07.730+0000: 848.356: [GC [PSYoungGen: 171070K->954K(167744K)] 333856K->163884K(854720K), 0.0040890 secs] [Times: user=0.02 sys=0.00, real=0.01 secs] 
2014-07-08T02:00:08.279+0000: 848.905: [GC [PSYoungGen: 167738K->918K(164480K)] 330668K->163921K(851456K), 0.0050730 secs] [Times: user=0.03 sys=0.01, real=0.01 secs] 
2014-07-08T02:00:08.937+0000: 849.563: [GC [PSYoungGen: 164438K->836K(161280K)] 327441K->163902K(848256K), 0.0063730 secs] [Times: user=0.04 sys=0.00, real=0.01 secs] 
2014-07-08T02:00:09.425+0000: 850.051: [GC [PSYoungGen: 161182K->1029K(158400K)] 324248K->164183K(845376K), 0.0052120 secs] [Times: user=0.03 sys=0.00, real=0.00 secs] 
2014-07-08T02:00:09.980+0000: 850.606: [GC [PSYoungGen: 158341K->758K(155136K)] 321495K->164024K(842112K), 0.0039210 secs] [Times: user=0.01 sys=0.00, real=0.01 secs] 
2014-07-08T02:00:10.512+0000: 851.138: [GC [PSYoungGen: 155126K->626K(152128K)] 318392K->163980K(839104K), 0.0034150 secs] [Times: user=0.02 sys=0.00, real=0.00 secs] 
2014-07-08T02:00:11.060+0000: 851.686: [GC [PSYoungGen: 152114K->950K(149696K)] 315468K->164361K(836672K), 0.0057660 secs] [Times: user=0.04 sys=0.00, real=0.01 secs] 
2014-07-08T02:00:11.581+0000: 852.206: [GC [PSYoungGen: 149686K->954K(147008K)] 313097K->164436K(833984K), 0.0034320 secs] [Times: user=0.02 sys=0.00, real=0.01 secs] 
2014-07-08T02:00:12.080+0000: 852.706: [GC [PSYoungGen: 147002K->683K(144128K)] 310484K->164379K(831104K), 0.0046700 secs] [Times: user=0.03 sys=0.00, real=0.01 secs] 
2014-07-08T02:00:12.576+0000: 853.202: [GC [PSYoungGen: 144107K->1000K(141888K)] 307803K->164727K(828864K), 0.0047860 secs] [Times: user=0.02 sys=0.00, real=0.00 secs] 
2014-07-08T02:00:13.094+0000: 853.720: [GC [PSYoungGen: 141864K->768K(139264K)] 305591K->164594K(826240K), 0.0075350 secs] [Times: user=0.04 sys=0.00, real=0.00 secs] 
2014-07-08T02:00:13.558+0000: 854.184: [GC [PSYoungGen: 139200K->992K(167168K)] 303026K->164898K(854144K), 0.0055190 secs] [Times: user=0.02 sys=0.00, real=0.01 secs] 
2014-07-08T02:00:14.131+0000: 854.757: [GC [PSYoungGen: 167136K->740K(163712K)] 331042K->164808K(850688K), 0.0032000 secs] [Times: user=0.01 sys=0.00, real=0.01 secs] 
2014-07-08T02:00:14.736+0000: 855.362: [GC [PSYoungGen: 163684K->1198K(161024K)] 327752K->165508K(848000K), 0.0037050 secs] [Times: user=0.02 sys=0.00, real=0.00 secs] 
2014-07-08T02:00:15.255+0000: 855.881: [GC [PSYoungGen: 161006K->502K(157312K)] 325316K->165035K(844288K), 0.0041960 secs] [Times: user=0.03 sys=0.00, real=0.00 secs] 
2014-07-08T02:00:15.805+0000: 856.430: [GC [PSYoungGen: 157302K->1186K(155072K)] 321835K->165834K(842048K), 0.0054220 secs] [Times: user=0.03 sys=0.00, real=0.00 secs] 
2014-07-08T02:00:16.332+0000: 856.958: [GC [PSYoungGen: 155042K->868K(151936K)] 319690K->165746K(838912K), 0.0046560 secs] [Times: user=0.02 sys=0.00, real=0.01 secs] 
2014-07-08T02:00:16.927+0000: 857.553: [GC [PSYoungGen: 151908K->900K(149248K)] 316786K->165810K(836224K), 0.0069980 secs] [Times: user=0.04 sys=0.00, real=0.01 secs] 
2014-07-08T02:00:17.376+0000: 858.002: [GC [PSYoungGen: 149188K->694K(178688K)] 314098K->165684K(865664K), 0.0060730 secs] [Times: user=0.03 sys=0.00, real=0.00 secs] 
2014-07-08T02:00:18.004+0000: 858.630: [GC [PSYoungGen: 178678K->844K(214528K)] 343668K->165890K(901504K), 0.0120330 secs] [Times: user=0.07 sys=0.00, real=0.01 secs] 
2014-07-08T02:00:18.771+0000: 859.397: [GC [PSYoungGen: 214465K->1257K(257664K)] 379511K->166334K(944640K), 0.0044270 secs] [Times: user=0.02 sys=0.00, real=0.01 secs] 
2014-07-08T02:00:19.653+0000: 860.278: [GC [PSYoungGen: 257627K->950K(251008K)] 422705K->166092K(937984K), 0.0040610 secs] [Times: user=0.01 sys=0.00, real=0.01 secs] 
2014-07-08T02:00:20.510+0000: 861.135: [GC [PSYoungGen: 250998K->754K(244672K)] 416140K->166074K(931648K), 0.0050240 secs] [Times: user=0.02 sys=0.00, real=0.01 secs] 
2014-07-08T02:00:21.359+0000: 861.985: [GC [PSYoungGen: 244658K->712K(238784K)] 409978K->166080K(925760K), 0.0059600 secs] [Times: user=0.03 sys=0.00, real=0.01 secs] 
2014-07-08T02:00:22.206+0000: 862.832: [GC [PSYoungGen: 238728K->848K(233216K)] 404096K->166280K(920192K), 0.0058870 secs] [Times: user=0.04 sys=0.00, real=0.00 secs] 
2014-07-08T02:00:23.011+0000: 863.636: [GC [PSYoungGen: 233168K->918K(227776K)] 398600K->166454K(914752K), 0.0046440 secs] [Times: user=0.02 sys=0.00, real=0.01 secs] 
2014-07-08T02:00:23.864+0000: 864.490: [GC [PSYoungGen: 227734K->889K(222464K)] 393270K->166794K(909440K), 0.0067320 secs] [Times: user=0.03 sys=0.00, real=0.00 secs] 
2014-07-08T02:00:24.581+0000: 865.207: [GC [PSYoungGen: 222457K->872K(217344K)] 388362K->166864K(904320K), 0.0065390 secs] [Times: user=0.04 sys=0.00, real=0.01 secs] 
2014-07-08T02:00:25.351+0000: 865.977: [GC [PSYoungGen: 217320K->662K(212224K)] 383312K->166768K(899200K), 0.0049920 secs] [Times: user=0.02 sys=0.00, real=0.01 secs] 
2014-07-08T02:00:26.145+0000: 866.770: [GC [PSYoungGen: 212182K->986K(207808K)] 378288K->167172K(894784K), 0.0065580 secs] [Times: user=0.04 sys=0.01, real=0.01 secs] 
2014-07-08T02:00:26.840+0000: 867.466: [GC [PSYoungGen: 207770K->1142K(203392K)] 373956K->167384K(890368K), 0.0092800 secs] [Times: user=0.04 sys=0.00, real=0.01 secs] 
2014-07-08T02:00:27.542+0000: 868.168: [GC [PSYoungGen: 203360K->1024K(198912K)] 369603K->167355K(885888K), 0.0036070 secs] [Times: user=0.01 sys=0.00, real=0.01 secs] 
2014-07-08T02:00:28.282+0000: 868.908: [GC [PSYoungGen: 198848K->616K(194176K)] 365179K->167286K(881152K), 0.0053090 secs] [Times: user=0.03 sys=0.00, real=0.01 secs] 
2014-07-08T02:00:28.921+0000: 869.547: [GC [PSYoungGen: 194152K->830K(190272K)] 360822K->167540K(877248K), 0.0086940 secs] [Times: user=0.04 sys=0.01, real=0.01 secs] 
2014-07-08T02:00:29.598+0000: 870.224: [GC [PSYoungGen: 190229K->790K(186304K)] 356940K->167814K(873280K), 0.0076330 secs] [Times: user=0.04 sys=0.01, real=0.01 secs] 
2014-07-08T02:00:30.249+0000: 870.875: [GC [PSYoungGen: 186248K->1182K(182848K)] 353273K->168271K(869824K), 0.0065940 secs] [Times: user=0.03 sys=0.00, real=0.01 secs] 
2014-07-08T02:00:30.858+0000: 871.484: [GC [PSYoungGen: 182810K->684K(218688K)] 349899K->168015K(905664K), 0.0075990 secs] [Times: user=0.04 sys=0.00, real=0.01 secs] 
2014-07-08T02:00:31.647+0000: 872.273: [GC [PSYoungGen: 218668K->1342K(262976K)] 385999K->168761K(949952K), 0.0085790 secs] [Times: user=0.05 sys=0.00, real=0.01 secs] 
2014-07-08T02:00:32.530+0000: 873.156: [GC [PSYoungGen: 262974K->694K(255808K)] 430393K->168525K(942784K), 0.0041560 secs] [Times: user=0.03 sys=0.00, real=0.00 secs] 
2014-07-08T02:00:33.427+0000: 874.053: [GC [PSYoungGen: 255798K->932K(249728K)] 423629K->168835K(936704K), 0.0079960 secs] [Times: user=0.05 sys=0.01, real=0.00 secs] 
2014-07-08T02:00:34.292+0000: 874.918: [GC [PSYoungGen: 249697K->644K(243392K)] 417600K->168651K(930368K), 0.0043180 secs] [Times: user=0.02 sys=0.00, real=0.01 secs] 
2014-07-08T02:00:35.127+0000: 875.753: [GC [PSYoungGen: 243298K->826K(237696K)] 411305K->168937K(924672K), 0.0044070 secs] [Times: user=0.02 sys=0.00, real=0.00 secs] 
2014-07-08T02:00:35.949+0000: 876.575: [GC [PSYoungGen: 237690K->989K(232256K)] 405801K->169156K(919232K), 0.0052170 secs] [Times: user=0.03 sys=0.00, real=0.00 secs] 
2014-07-08T02:00:36.829+0000: 877.454: [GC [PSYoungGen: 232221K->846K(262144K)] 400388K->169037K(949120K), 0.0183610 secs] [Times: user=0.10 sys=0.00, real=0.02 secs] 
2014-07-08T02:00:37.692+0000: 878.318: [GC [PSYoungGen: 261582K->1202K(255424K)] 429773K->169457K(942400K), 0.0069380 secs] [Times: user=0.03 sys=0.00, real=0.01 secs] 
2014-07-08T02:00:38.568+0000: 879.194: [GC [PSYoungGen: 255410K->1014K(248960K)] 423665K->169317K(935936K), 0.0050710 secs] [Times: user=0.02 sys=0.00, real=0.00 secs] 
2014-07-08T02:00:39.425+0000: 880.051: [GC [PSYoungGen: 248940K->630K(242560K)] 417243K->168989K(929536K), 0.0039110 secs] [Times: user=0.01 sys=0.00, real=0.01 secs] 
2014-07-08T02:00:40.272+0000: 880.898: [GC [PSYoungGen: 242550K->548K(236672K)] 410909K->168963K(923648K), 0.0050040 secs] [Times: user=0.03 sys=0.00, real=0.01 secs] 
2014-07-08T02:00:41.110+0000: 881.736: [GC [PSYoungGen: 236644K->948K(231424K)] 405059K->169435K(918400K), 0.0040490 secs] [Times: user=0.02 sys=0.00, real=0.00 secs] 
2014-07-08T02:00:41.960+0000: 882.586: [GC [PSYoungGen: 231395K->997K(226112K)] 399882K->169540K(913088K), 0.0078440 secs] [Times: user=0.04 sys=0.00, real=0.01 secs] 
2014-07-08T02:00:42.757+0000: 883.383: [GC [PSYoungGen: 226085K->875K(220800K)] 394628K->169684K(907776K), 0.0097550 secs] [Times: user=0.05 sys=0.01, real=0.01 secs] 
2014-07-08T02:00:43.514+0000: 884.140: [GC [PSYoungGen: 220779K->630K(215488K)] 389588K->169487K(902464K), 0.0060950 secs] [Times: user=0.03 sys=0.00, real=0.01 secs] 
2014-07-08T02:00:44.229+0000: 884.855: [GC [PSYoungGen: 215478K->594K(210624K)] 384335K->169639K(897600K), 0.0058370 secs] [Times: user=0.03 sys=0.00, real=0.00 secs] 
2014-07-08T02:00:44.979+0000: 885.605: [GC [PSYoungGen: 210548K->875K(206208K)] 379593K->170000K(893184K), 0.0049510 secs] [Times: user=0.02 sys=0.00, real=0.00 secs] 
2014-07-08T02:00:45.689+0000: 886.315: [GC [PSYoungGen: 206147K->1142K(201920K)] 375272K->170315K(888896K), 0.0051800 secs] [Times: user=0.01 sys=0.00, real=0.00 secs] 
2014-07-08T02:00:46.380+0000: 887.006: [GC [PSYoungGen: 201910K->544K(241536K)] 371083K->169765K(928512K), 0.0124240 secs] [Times: user=0.08 sys=0.00, real=0.01 secs] 
2014-07-08T02:00:47.247+0000: 887.873: [GC [PSYoungGen: 241477K->968K(236224K)] 410698K->170285K(923200K), 0.0048270 secs] [Times: user=0.02 sys=0.00, real=0.01 secs] 
2014-07-08T02:00:48.150+0000: 888.776: [GC [PSYoungGen: 236168K->1392K(231040K)] 405485K->170797K(918016K), 0.0053440 secs] [Times: user=0.03 sys=0.00, real=0.00 secs] 
2014-07-08T02:00:48.892+0000: 889.518: [GC [PSYoungGen: 231024K->420K(224704K)] 400429K->170125K(911680K), 0.0053130 secs] [Times: user=0.03 sys=0.01, real=0.00 secs] 
2014-07-08T02:00:49.625+0000: 890.251: [GC [PSYoungGen: 224676K->1108K(220224K)] 394381K->170893K(907200K), 0.0032450 secs] [Times: user=0.01 sys=0.00, real=0.01 secs] 
2014-07-08T02:00:50.396+0000: 891.022: [GC [PSYoungGen: 220180K->730K(214848K)] 389965K->170863K(901824K), 0.0064800 secs] [Times: user=0.04 sys=0.00, real=0.01 secs] 
2014-07-08T02:00:51.155+0000: 891.781: [GC [PSYoungGen: 214810K->940K(210240K)] 384943K->171145K(897216K), 0.0032520 secs] [Times: user=0.02 sys=0.00, real=0.01 secs] 
2014-07-08T02:00:51.986+0000: 892.612: [GC [PSYoungGen: 210182K->1028K(205696K)] 380387K->171273K(892672K), 0.0100720 secs] [Times: user=0.06 sys=0.00, real=0.01 secs] 
2014-07-08T02:00:52.603+0000: 893.228: [GC [PSYoungGen: 205636K->1042K(201216K)] 375881K->171351K(888192K), 0.0054860 secs] [Times: user=0.03 sys=0.00, real=0.00 secs] 
2014-07-08T02:00:53.442+0000: 894.068: [GC [PSYoungGen: 201170K->818K(196608K)] 371479K->171456K(883584K), 0.0042730 secs] [Times: user=0.01 sys=0.01, real=0.00 secs] 
2014-07-08T02:00:54.169+0000: 894.795: [GC [PSYoungGen: 196594K->946K(192512K)] 367232K->171623K(879488K), 0.0115270 secs] [Times: user=0.06 sys=0.00, real=0.02 secs] 
2014-07-08T02:00:54.958+0000: 895.584: [GC [PSYoungGen: 192498K->1090K(188672K)] 363175K->171882K(875648K), 0.0039200 secs] [Times: user=0.02 sys=0.01, real=0.01 secs] 
2014-07-08T02:00:55.453+0000: 896.079: [GC [PSYoungGen: 188610K->1038K(184704K)] 359402K->171902K(871680K), 0.0062700 secs] [Times: user=0.03 sys=0.00, real=0.01 secs] 
2014-07-08T02:00:56.504+0000: 897.130: [GC [PSYoungGen: 184571K->761K(180608K)] 355435K->172029K(867584K), 0.0096500 secs] [Times: user=0.06 sys=0.00, real=0.01 secs] 
2014-07-08T02:00:57.126+0000: 897.752: [GC [PSYoungGen: 180601K->1452K(177664K)] 351869K->172824K(864640K), 0.0076790 secs] [Times: user=0.04 sys=0.00, real=0.01 secs] 
2014-07-08T02:00:57.618+0000: 898.244: [GC [PSYoungGen: 177644K->754K(212224K)] 349016K->173010K(899200K), 0.0080060 secs] [Times: user=0.04 sys=0.00, real=0.01 secs] 
2014-07-08T02:00:58.623+0000: 899.249: [GC [PSYoungGen: 212200K->1054K(207808K)] 384456K->173358K(894784K), 0.0040290 secs] [Times: user=0.02 sys=0.00, real=0.00 secs] 
2014-07-08T02:00:59.148+0000: 899.773: [GC [PSYoungGen: 207767K->1086K(203264K)] 380072K->173644K(890240K), 0.0046930 secs] [Times: user=0.03 sys=0.00, real=0.01 secs] 
2014-07-08T02:00:59.718+0000: 900.344: [GC [PSYoungGen: 203260K->1034K(243712K)] 375819K->173633K(930688K), 0.0098640 secs] [Times: user=0.05 sys=0.00, real=0.01 secs] 
2014-07-08T02:01:00.547+0000: 901.173: [GC [PSYoungGen: 243658K->772K(262272K)] 416257K->173410K(949248K), 0.0074150 secs] [Times: user=0.03 sys=0.00, real=0.01 secs] 
2014-07-08T02:01:01.341+0000: 901.966: [GC [PSYoungGen: 261828K->1036K(262720K)] 434466K->173722K(949696K), 0.0098520 secs] [Times: user=0.05 sys=0.00, real=0.01 secs] 
2014-07-08T02:01:02.203+0000: 902.828: [GC [PSYoungGen: 262092K->1198K(314880K)] 434778K->173940K(1001856K), 0.0115540 secs] [Times: user=0.06 sys=0.00, real=0.01 secs] 
2014-07-08T02:01:03.257+0000: 903.883: [GC [PSYoungGen: 314478K->1423K(314880K)] 487220K->174221K(1001856K), 0.0069030 secs] [Times: user=0.04 sys=0.00, real=0.01 secs] 
2014-07-08T02:01:04.287+0000: 904.913: [GC [PSYoungGen: 314703K->1550K(377472K)] 487501K->174429K(1064448K), 0.0111180 secs] [Times: user=0.07 sys=0.01, real=0.01 secs] 
2014-07-08T02:01:05.538+0000: 906.164: [GC [PSYoungGen: 377358K->794K(365504K)] 550237K->173744K(1052480K), 0.0058290 secs] [Times: user=0.04 sys=0.00, real=0.01 secs] 
2014-07-08T02:01:06.792+0000: 907.418: [GC [PSYoungGen: 365466K->782K(354880K)] 538416K->173804K(1041856K), 0.0039000 secs] [Times: user=0.02 sys=0.00, real=0.00 secs] 
2014-07-08T02:01:08.034+0000: 908.660: [GC [PSYoungGen: 354830K->708K(344576K)] 527852K->173826K(1031552K), 0.0035190 secs] [Times: user=0.02 sys=0.00, real=0.00 secs] 
2014-07-08T02:01:09.291+0000: 909.916: [GC [PSYoungGen: 344516K->1020K(335040K)] 517634K->174202K(1022016K), 0.0063720 secs] [Times: user=0.03 sys=0.00, real=0.01 secs] 
2014-07-08T02:01:10.415+0000: 911.041: [GC [PSYoungGen: 335036K->1142K(325760K)] 508218K->174396K(1012736K), 0.0156300 secs] [Times: user=0.09 sys=0.00, real=0.01 secs] 
2014-07-08T02:01:11.556+0000: 912.182: [GC [PSYoungGen: 325700K->1036K(316672K)] 498955K->174346K(1003648K), 0.0053890 secs] [Times: user=0.02 sys=0.00, real=0.00 secs] 
2014-07-08T02:01:12.662+0000: 913.288: [GC [PSYoungGen: 316611K->669K(307648K)] 489922K->174019K(994624K), 0.0072150 secs] [Times: user=0.04 sys=0.00, real=0.01 secs] 
2014-07-08T02:01:13.750+0000: 914.376: [GC [PSYoungGen: 307613K->712K(299392K)] 480963K->174102K(986368K), 0.0035430 secs] [Times: user=0.02 sys=0.00, real=0.01 secs] 
2014-07-08T02:01:14.772+0000: 915.398: [GC [PSYoungGen: 299336K->658K(291328K)] 472726K->174112K(978304K), 0.0050950 secs] [Times: user=0.03 sys=0.00, real=0.00 secs] 
2014-07-08T02:01:15.804+0000: 916.430: [GC [PSYoungGen: 291282K->844K(283840K)] 464736K->174354K(970816K), 0.0090250 secs] [Times: user=0.05 sys=0.00, real=0.01 secs] 
2014-07-08T02:01:16.793+0000: 917.419: [GC [PSYoungGen: 283788K->616K(276224K)] 457298K->174182K(963200K), 0.0028320 secs] [Times: user=0.01 sys=0.00, real=0.00 secs] 
2014-07-08T02:01:17.759+0000: 918.385: [GC [PSYoungGen: 276200K->868K(269376K)] 449766K->174466K(956352K), 0.0090720 secs] [Times: user=0.05 sys=0.00, real=0.01 secs] 
2014-07-08T02:01:18.712+0000: 919.338: [GC [PSYoungGen: 269348K->726K(262400K)] 442946K->174380K(949376K), 0.0074550 secs] [Times: user=0.04 sys=0.00, real=0.01 secs] 
2014-07-08T02:01:19.629+0000: 920.255: [GC [PSYoungGen: 262358K->1088K(256256K)] 436012K->174830K(943232K), 0.0057900 secs] [Times: user=0.03 sys=0.00, real=0.01 secs] 
2014-07-08T02:01:20.556+0000: 921.182: [GC [PSYoungGen: 256164K->1000K(249792K)] 429906K->174782K(936768K), 0.0034450 secs] [Times: user=0.02 sys=0.00, real=0.00 secs] 
2014-07-08T02:01:21.371+0000: 921.997: [GC [PSYoungGen: 249768K->935K(243648K)] 423550K->174879K(930624K), 0.0057180 secs] [Times: user=0.03 sys=0.00, real=0.01 secs] 
2014-07-08T02:01:22.233+0000: 922.859: [GC [PSYoungGen: 243623K->1138K(238016K)] 417567K->175162K(924992K), 0.0074950 secs] [Times: user=0.04 sys=0.01, real=0.00 secs] 
2014-07-08T02:01:23.057+0000: 923.683: [GC [PSYoungGen: 237957K->844K(232128K)] 411981K->174932K(919104K), 0.0084850 secs] [Times: user=0.05 sys=0.00, real=0.01 secs] 
2014-07-08T02:01:23.894+0000: 924.520: [GC [PSYoungGen: 232069K->704K(226560K)] 406157K->174840K(913536K), 0.0056960 secs] [Times: user=0.03 sys=0.01, real=0.00 secs] 
2014-07-08T02:01:24.641+0000: 925.267: [GC [PSYoungGen: 226496K->740K(221312K)] 400632K->174932K(908288K), 0.0039050 secs] [Times: user=0.02 sys=0.00, real=0.01 secs] 
2014-07-08T02:01:25.426+0000: 926.052: [GC [PSYoungGen: 221241K->1387K(216896K)] 395433K->175644K(903872K), 0.0053060 secs] [Times: user=0.04 sys=0.00, real=0.00 secs] 
2014-07-08T02:01:26.153+0000: 926.779: [GC [PSYoungGen: 216875K->808K(211456K)] 391132K->175376K(898432K), 0.0049110 secs] [Times: user=0.03 sys=0.00, real=0.01 secs] 
2014-07-08T02:01:26.906+0000: 927.532: [GC [PSYoungGen: 211340K->879K(206784K)] 385908K->175535K(893760K), 0.0082390 secs] [Times: user=0.06 sys=0.00, real=0.01 secs] 
2014-07-08T02:01:27.638+0000: 928.264: [GC [PSYoungGen: 206767K->1166K(202560K)] 381423K->175879K(889536K), 0.0072500 secs] [Times: user=0.03 sys=0.00, real=0.01 secs] 
2014-07-08T02:01:28.331+0000: 928.957: [GC [PSYoungGen: 202510K->1316K(198336K)] 377223K->176117K(885312K), 0.0057340 secs] [Times: user=0.03 sys=0.01, real=0.01 secs] 
2014-07-08T02:01:29.002+0000: 929.628: [GC [PSYoungGen: 198308K->555K(193344K)] 373109K->175675K(880320K), 0.0077360 secs] [Times: user=0.05 sys=0.00, real=0.01 secs] 
2014-07-08T02:01:29.747+0000: 930.373: [GC [PSYoungGen: 193323K->1200K(189888K)] 368443K->176367K(876864K), 0.0029910 secs] [Times: user=0.02 sys=0.00, real=0.00 secs] 
2014-07-08T02:01:30.340+0000: 930.966: [GC [PSYoungGen: 189872K->812K(185536K)] 365039K->176085K(872512K), 0.0088610 secs] [Times: user=0.05 sys=0.00, real=0.01 secs] 
2014-07-08T02:01:30.988+0000: 931.614: [GC [PSYoungGen: 185516K->790K(181696K)] 360789K->176159K(868672K), 0.0080390 secs] [Times: user=0.05 sys=0.00, real=0.01 secs] 
2014-07-08T02:01:31.630+0000: 932.255: [GC [PSYoungGen: 181610K->712K(177920K)] 356980K->176161K(864896K), 0.0042580 secs] [Times: user=0.03 sys=0.00, real=0.00 secs] 
2014-07-08T02:01:32.255+0000: 932.881: [GC [PSYoungGen: 177864K->928K(174528K)] 353313K->176450K(861504K), 0.0057290 secs] [Times: user=0.03 sys=0.00, real=0.01 secs] 
2014-07-08T02:01:32.858+0000: 933.484: [GC [PSYoungGen: 174496K->762K(209088K)] 350018K->176355K(896064K), 0.0087910 secs] [Times: user=0.06 sys=0.00, real=0.01 secs] 
2014-07-08T02:01:33.681+0000: 934.307: [GC [PSYoungGen: 209060K->1441K(205184K)] 384654K->177198K(892160K), 0.0061700 secs] [Times: user=0.04 sys=0.01, real=0.01 secs] 
2014-07-08T02:01:34.342+0000: 934.968: [GC [PSYoungGen: 205153K->754K(245248K)] 380910K->176836K(932224K), 0.0079240 secs] [Times: user=0.05 sys=0.00, real=0.01 secs] 
2014-07-08T02:01:35.197+0000: 935.823: [GC [PSYoungGen: 245234K->1526K(240128K)] 421316K->177640K(927104K), 0.0077880 secs] [Times: user=0.05 sys=0.00, real=0.01 secs] 
2014-07-08T02:01:36.036+0000: 936.662: [GC [PSYoungGen: 240118K->815K(287168K)] 416232K->177169K(974144K), 0.0239110 secs] [Times: user=0.16 sys=0.00, real=0.02 secs] 
2014-07-08T02:01:37.014+0000: 937.640: [GC [PSYoungGen: 287105K->896K(344576K)] 463459K->177338K(1031552K), 0.0035980 secs] [Times: user=0.01 sys=0.00, real=0.01 secs] 
2014-07-08T02:01:38.226+0000: 938.852: [GC [PSYoungGen: 344473K->1312K(335168K)] 520916K->177811K(1022144K), 0.0038260 secs] [Times: user=0.01 sys=0.00, real=0.01 secs] 
2014-07-08T02:01:39.462+0000: 940.088: [GC [PSYoungGen: 335123K->954K(325376K)] 511621K->177500K(1012352K), 0.0038500 secs] [Times: user=0.01 sys=0.00, real=0.00 secs] 
2014-07-08T02:01:40.548+0000: 941.174: [GC [PSYoungGen: 325370K->708K(316160K)] 501916K->177334K(1003136K), 0.0051100 secs] [Times: user=0.03 sys=0.00, real=0.00 secs] 
2014-07-08T02:01:41.626+0000: 942.252: [GC [PSYoungGen: 316099K->897K(307712K)] 492725K->177595K(994688K), 0.0115150 secs] [Times: user=0.08 sys=0.00, real=0.01 secs] 
2014-07-08T02:01:42.706+0000: 943.332: [GC [PSYoungGen: 307649K->808K(299264K)] 484347K->177562K(986240K), 0.0105350 secs] [Times: user=0.06 sys=0.00, real=0.01 secs] 
2014-07-08T02:01:43.733+0000: 944.359: [GC [PSYoungGen: 299229K->926K(291392K)] 475983K->177744K(978368K), 0.0058110 secs] [Times: user=0.04 sys=0.00, real=0.01 secs] 
2014-07-08T02:01:44.758+0000: 945.384: [GC [PSYoungGen: 291358K->861K(283648K)] 468176K->177735K(970624K), 0.0038960 secs] [Times: user=0.02 sys=0.00, real=0.00 secs] 
2014-07-08T02:01:45.725+0000: 946.351: [GC [PSYoungGen: 283518K->1153K(276608K)] 460392K->178100K(963584K), 0.0035350 secs] [Times: user=0.01 sys=0.00, real=0.01 secs] 
2014-07-08T02:01:46.686+0000: 947.312: [GC [PSYoungGen: 276545K->894K(269184K)] 453492K->177912K(956160K), 0.0057500 secs] [Times: user=0.03 sys=0.00, real=0.01 secs] 
2014-07-08T02:01:47.631+0000: 948.257: [GC [PSYoungGen: 269182K->1096K(262656K)] 446200K->178194K(949632K), 0.0042770 secs] [Times: user=0.02 sys=0.01, real=0.00 secs] 
2014-07-08T02:01:48.648+0000: 949.274: [GC [PSYoungGen: 262597K->954K(255936K)] 439696K->178331K(942912K), 0.0073780 secs] [Times: user=0.05 sys=0.00, real=0.00 secs] 
2014-07-08T02:01:49.480+0000: 950.105: [GC [PSYoungGen: 255904K->1381K(250048K)] 433281K->178837K(937024K), 0.0073580 secs] [Times: user=0.04 sys=0.00, real=0.01 secs] 
2014-07-08T02:01:50.307+0000: 950.933: [GC [PSYoungGen: 250018K->744K(243328K)] 427475K->178526K(930304K), 0.0040640 secs] [Times: user=0.02 sys=0.00, real=0.00 secs] 
2014-07-08T02:01:51.155+0000: 951.781: [GC [PSYoungGen: 243260K->1398K(238144K)] 421043K->179285K(925120K), 0.0052120 secs] [Times: user=0.03 sys=0.00, real=0.01 secs] 
2014-07-08T02:01:51.965+0000: 952.591: [GC [PSYoungGen: 238134K->936K(232064K)] 416021K->178994K(919040K), 0.0032210 secs] [Times: user=0.02 sys=0.00, real=0.01 secs] 
2014-07-08T02:01:52.777+0000: 953.403: [GC [PSYoungGen: 232017K->839K(226560K)] 410076K->178962K(913536K), 0.0047620 secs] [Times: user=0.02 sys=0.00, real=0.01 secs] 
2014-07-08T02:01:53.570+0000: 954.196: [GC [PSYoungGen: 226503K->712K(221184K)] 404626K->178890K(908160K), 0.0036950 secs] [Times: user=0.02 sys=0.00, real=0.00 secs] 
2014-07-08T02:01:54.383+0000: 955.009: [GC [PSYoungGen: 221114K->1234K(216640K)] 399293K->179469K(903616K), 0.0069840 secs] [Times: user=0.04 sys=0.00, real=0.01 secs] 
2014-07-08T02:01:55.071+0000: 955.697: [GC [PSYoungGen: 216594K->676K(211200K)] 394829K->178990K(898176K), 0.0038890 secs] [Times: user=0.02 sys=0.00, real=0.00 secs] 
2014-07-08T02:01:55.794+0000: 956.420: [GC [PSYoungGen: 211140K->964K(206848K)] 389455K->179359K(893824K), 0.0060290 secs] [Times: user=0.03 sys=0.01, real=0.01 secs] 
2014-07-08T02:01:56.536+0000: 957.162: [GC [PSYoungGen: 206788K->1284K(202624K)] 385183K->179750K(889600K), 0.0032890 secs] [Times: user=0.01 sys=0.00, real=0.01 secs] 
2014-07-08T02:01:57.265+0000: 957.891: [GC [PSYoungGen: 202564K->1280K(198272K)] 381030K->179803K(885248K), 0.0043640 secs] [Times: user=0.02 sys=0.00, real=0.01 secs] 
2014-07-08T02:01:57.928+0000: 958.554: [GC [PSYoungGen: 198167K->680K(193408K)] 376689K->179324K(880384K), 0.0037270 secs] [Times: user=0.02 sys=0.00, real=0.01 secs] 
2014-07-08T02:01:58.614+0000: 959.240: [GC [PSYoungGen: 193339K->886K(189504K)] 371984K->179579K(876480K), 0.0069840 secs] [Times: user=0.04 sys=0.00, real=0.01 secs] 
2014-07-08T02:01:59.291+0000: 959.917: [GC [PSYoungGen: 189494K->836K(185536K)] 368187K->179584K(872512K), 0.0039540 secs] [Times: user=0.02 sys=0.00, real=0.00 secs] 
2014-07-08T02:01:59.901+0000: 960.527: [GC [PSYoungGen: 185476K->1156K(182016K)] 364224K->179977K(868992K), 0.0039950 secs] [Times: user=0.02 sys=0.00, real=0.00 secs] 
2014-07-08T02:02:00.587+0000: 961.213: [GC [PSYoungGen: 181956K->1146K(178240K)] 360777K->180023K(865216K), 0.0034550 secs] [Times: user=0.02 sys=0.01, real=0.01 secs] 
2014-07-08T02:02:01.174+0000: 961.800: [GC [PSYoungGen: 178234K->1262K(174784K)] 357111K->180171K(861760K), 0.0079120 secs] [Times: user=0.02 sys=0.00, real=0.01 secs] 
2014-07-08T02:02:01.773+0000: 962.399: [GC [PSYoungGen: 174766K->580K(170688K)] 353675K->179560K(857664K), 0.0079400 secs] [Times: user=0.05 sys=0.00, real=0.01 secs] 
2014-07-08T02:02:02.447+0000: 963.073: [GC [PSYoungGen: 170628K->758K(204864K)] 349608K->179794K(891840K), 0.0119020 secs] [Times: user=0.07 sys=0.00, real=0.02 secs] 
2014-07-08T02:02:03.074+0000: 963.700: [GC [PSYoungGen: 204829K->1132K(246080K)] 383865K->180233K(933056K), 0.0070080 secs] [Times: user=0.04 sys=0.00, real=0.01 secs] 
2014-07-08T02:02:03.937+0000: 964.562: [GC [PSYoungGen: 246060K->1462K(240448K)] 425161K->180619K(927424K), 0.0046280 secs] [Times: user=0.02 sys=0.01, real=0.01 secs] 
2014-07-08T02:02:04.759+0000: 965.385: [GC [PSYoungGen: 240437K->694K(233984K)] 419594K->179898K(920960K), 0.0046840 secs] [Times: user=0.02 sys=0.01, real=0.01 secs] 
2014-07-08T02:02:05.577+0000: 966.203: [GC [PSYoungGen: 233967K->962K(228800K)] 413172K->180246K(915776K), 0.0042130 secs] [Times: user=0.02 sys=0.00, real=0.01 secs] 
2014-07-08T02:02:06.433+0000: 967.059: [GC [PSYoungGen: 228735K->690K(223168K)] 408019K->180014K(910144K), 0.0035740 secs] [Times: user=0.02 sys=0.00, real=0.00 secs] 
2014-07-08T02:02:07.149+0000: 967.775: [GC [PSYoungGen: 223100K->1155K(218560K)] 402424K->180528K(905536K), 0.0061790 secs] [Times: user=0.04 sys=0.00, real=0.01 secs] 
2014-07-08T02:02:07.899+0000: 968.525: [GC [PSYoungGen: 218499K->626K(213056K)] 397872K->180070K(900032K), 0.0030360 secs] [Times: user=0.01 sys=0.00, real=0.01 secs] 
2014-07-08T02:02:08.631+0000: 969.257: [GC [PSYoungGen: 213042K->878K(208576K)] 392486K->180370K(895552K), 0.0061080 secs] [Times: user=0.03 sys=0.00, real=0.00 secs] 
2014-07-08T02:02:09.369+0000: 969.995: [GC [PSYoungGen: 208521K->876K(203968K)] 388014K->180440K(890944K), 0.0048500 secs] [Times: user=0.03 sys=0.00, real=0.01 secs] 
2014-07-08T02:02:10.061+0000: 970.687: [GC [PSYoungGen: 203914K->1100K(199808K)] 383479K->180753K(886784K), 0.0055490 secs] [Times: user=0.04 sys=0.00, real=0.00 secs] 
2014-07-08T02:02:10.754+0000: 971.380: [GC [PSYoungGen: 199756K->612K(195008K)] 379409K->180344K(881984K), 0.0049940 secs] [Times: user=0.04 sys=0.01, real=0.00 secs] 
2014-07-08T02:02:11.429+0000: 972.055: [GC [PSYoungGen: 194980K->812K(191040K)] 374712K->180608K(878016K), 0.0045530 secs] [Times: user=0.03 sys=0.00, real=0.01 secs] 
2014-07-08T02:02:12.107+0000: 972.733: [GC [PSYoungGen: 190992K->1319K(187520K)] 370789K->181203K(874496K), 0.0065130 secs] [Times: user=0.04 sys=0.00, real=0.01 secs] 
2014-07-08T02:02:12.771+0000: 973.396: [GC [PSYoungGen: 187495K->626K(182912K)] 367379K->180582K(869888K), 0.0057800 secs] [Times: user=0.03 sys=0.00, real=0.01 secs] 
2014-07-08T02:02:13.427+0000: 974.053: [GC [PSYoungGen: 182898K->772K(179392K)] 362854K->180792K(866368K), 0.0034730 secs] [Times: user=0.02 sys=0.00, real=0.00 secs] 
2014-07-08T02:02:14.026+0000: 974.652: [GC [PSYoungGen: 179332K->676K(175616K)] 359352K->180736K(862592K), 0.0037130 secs] [Times: user=0.01 sys=0.01, real=0.00 secs] 
2014-07-08T02:02:14.644+0000: 975.270: [GC [PSYoungGen: 175570K->534K(171968K)] 355631K->180610K(858944K), 0.0055960 secs] [Times: user=0.01 sys=0.01, real=0.00 secs] 
2014-07-08T02:02:15.257+0000: 975.883: [GC [PSYoungGen: 171926K->1387K(169408K)] 352002K->181543K(856384K), 0.0032360 secs] [Times: user=0.02 sys=0.00, real=0.00 secs] 
2014-07-08T02:02:15.831+0000: 976.457: [GC [PSYoungGen: 169373K->548K(165312K)] 349529K->180760K(852288K), 0.0063440 secs] [Times: user=0.03 sys=0.01, real=0.00 secs] 
2014-07-08T02:02:16.441+0000: 977.067: [GC [PSYoungGen: 165284K->726K(162304K)] 345496K->180994K(849280K), 0.0049770 secs] [Times: user=0.03 sys=0.00, real=0.01 secs] 
2014-07-08T02:02:16.968+0000: 977.594: [GC [PSYoungGen: 162262K->730K(159232K)] 342530K->181078K(846208K), 0.0073530 secs] [Times: user=0.04 sys=0.00, real=0.01 secs] 
2014-07-08T02:02:17.783+0000: 978.409: [GC [PSYoungGen: 159194K->1180K(156672K)] 339542K->181616K(843648K), 0.0034530 secs] [Times: user=0.02 sys=0.00, real=0.00 secs] 
2014-07-08T02:02:18.735+0000: 979.361: [GC [PSYoungGen: 156636K->1138K(153728K)] 337072K->181808K(840704K), 0.0045100 secs] [Times: user=0.02 sys=0.00, real=0.00 secs] 
2014-07-08T02:02:19.318+0000: 979.944: [GC [PSYoungGen: 153714K->1014K(150784K)] 334384K->181764K(837760K), 0.0039440 secs] [Times: user=0.02 sys=0.00, real=0.01 secs] 
2014-07-08T02:02:19.963+0000: 980.589: [GC [PSYoungGen: 150774K->1280K(148416K)] 331524K->182227K(835392K), 0.0063200 secs] [Times: user=0.04 sys=0.00, real=0.00 secs] 
2014-07-08T02:02:20.665+0000: 981.290: [GC [PSYoungGen: 148352K->1110K(145600K)] 329299K->182104K(832576K), 0.0054370 secs] [Times: user=0.02 sys=0.00, real=0.00 secs] 
2014-07-08T02:02:21.049+0000: 981.675: [GC [PSYoungGen: 145528K->1000K(142912K)] 326523K->182381K(829888K), 0.0030280 secs] [Times: user=0.02 sys=0.00, real=0.01 secs] 
2014-07-08T02:02:21.301+0000: 981.927: [GC [PSYoungGen: 142888K->1680K(141120K)] 324269K->183117K(828096K), 0.0039320 secs] [Times: user=0.02 sys=0.01, real=0.01 secs] 
2014-07-08T02:02:21.704+0000: 982.330: [GC [PSYoungGen: 141050K->878K(137856K)] 322487K->182764K(824832K), 0.0038980 secs] [Times: user=0.02 sys=0.01, real=0.00 secs] 
2014-07-08T02:02:22.077+0000: 982.703: [GC [PSYoungGen: 137838K->1222K(165632K)] 319724K->183179K(852608K), 0.0048940 secs] [Times: user=0.03 sys=0.01, real=0.00 secs] 
2014-07-08T02:02:22.532+0000: 983.158: [GC [PSYoungGen: 165574K->868K(162112K)] 347531K->183231K(849088K), 0.0038250 secs] [Times: user=0.02 sys=0.00, real=0.00 secs] 
2014-07-08T02:02:23.082+0000: 983.708: [GC [PSYoungGen: 162084K->1054K(159232K)] 344447K->183473K(846208K), 0.0037880 secs] [Times: user=0.01 sys=0.00, real=0.00 secs] 
2014-07-08T02:02:23.561+0000: 984.187: [GC [PSYoungGen: 159198K->1046K(156288K)] 341617K->183529K(843264K), 0.0031770 secs] [Times: user=0.01 sys=0.01, real=0.01 secs] 
2014-07-08T02:02:24.085+0000: 984.711: [GC [PSYoungGen: 156214K->530K(152896K)] 338698K->183069K(839872K), 0.0063340 secs] [Times: user=0.03 sys=0.00, real=0.00 secs] 
2014-07-08T02:02:24.579+0000: 985.205: [GC [PSYoungGen: 152822K->936K(150464K)] 335362K->183563K(837440K), 0.0046510 secs] [Times: user=0.03 sys=0.00, real=0.01 secs] 
2014-07-08T02:02:25.099+0000: 985.724: [GC [PSYoungGen: 150440K->1004K(180480K)] 333067K->183695K(867456K), 0.0078940 secs] [Times: user=0.04 sys=0.00, real=0.01 secs] 
2014-07-08T02:02:25.656+0000: 986.282: [GC [PSYoungGen: 180460K->1138K(176960K)] 363151K->183885K(863936K), 0.0036240 secs] [Times: user=0.02 sys=0.00, real=0.00 secs] 
2014-07-08T02:02:26.231+0000: 986.857: [GC [PSYoungGen: 176946K->772K(211840K)] 359693K->183599K(898816K), 0.0095780 secs] [Times: user=0.06 sys=0.00, real=0.01 secs] 
2014-07-08T02:02:26.966+0000: 987.592: [GC [PSYoungGen: 211780K->668K(206976K)] 394607K->183559K(893952K), 0.0047020 secs] [Times: user=0.03 sys=0.00, real=0.00 secs] 
2014-07-08T02:02:27.671+0000: 988.297: [GC [PSYoungGen: 206940K->1401K(203136K)] 389831K->184380K(890112K), 0.0062680 secs] [Times: user=0.04 sys=0.00, real=0.01 secs] 
2014-07-08T02:02:28.336+0000: 988.962: [GC [PSYoungGen: 203129K->950K(243072K)] 386108K->183977K(930048K), 0.0086910 secs] [Times: user=0.05 sys=0.00, real=0.01 secs] 
2014-07-08T02:02:29.198+0000: 989.824: [GC [PSYoungGen: 243062K->1231K(237568K)] 426089K->184330K(924544K), 0.0036460 secs] [Times: user=0.02 sys=0.00, real=0.00 secs] 
2014-07-08T02:02:30.012+0000: 990.638: [GC [PSYoungGen: 237519K->672K(231360K)] 420618K->183867K(918336K), 0.0031750 secs] [Times: user=0.02 sys=0.00, real=0.01 secs] 
2014-07-08T02:02:30.808+0000: 991.433: [GC [PSYoungGen: 231328K->1044K(226304K)] 414523K->184264K(913280K), 0.0047400 secs] [Times: user=0.01 sys=0.00, real=0.00 secs] 
2014-07-08T02:02:31.586+0000: 992.211: [GC [PSYoungGen: 226260K->662K(220672K)] 409480K->183953K(907648K), 0.0054850 secs] [Times: user=0.04 sys=0.00, real=0.00 secs] 
2014-07-08T02:02:32.351+0000: 992.977: [GC [PSYoungGen: 220612K->1078K(216000K)] 403903K->184441K(902976K), 0.0033640 secs] [Times: user=0.01 sys=0.00, real=0.01 secs] 
2014-07-08T02:02:33.104+0000: 993.730: [GC [PSYoungGen: 215990K->726K(210816K)] 399353K->184193K(897792K), 0.0034500 secs] [Times: user=0.02 sys=0.00, real=0.01 secs] 
2014-07-08T02:02:33.936+0000: 994.562: [GC [PSYoungGen: 210774K->1230K(206656K)] 394241K->184770K(893632K), 0.0096210 secs] [Times: user=0.05 sys=0.00, real=0.01 secs] 
2014-07-08T02:02:34.560+0000: 995.186: [GC [PSYoungGen: 206606K->918K(201792K)] 390146K->184521K(888768K), 0.0035930 secs] [Times: user=0.02 sys=0.00, real=0.00 secs] 
2014-07-08T02:02:35.254+0000: 995.880: [GC [PSYoungGen: 201750K->530K(197056K)] 385353K->184189K(884032K), 0.0059080 secs] [Times: user=0.03 sys=0.00, real=0.00 secs] 
2014-07-08T02:02:36.032+0000: 996.658: [GC [PSYoungGen: 197010K->946K(193216K)] 380669K->184661K(880192K), 0.0037350 secs] [Times: user=0.01 sys=0.00, real=0.01 secs] 
2014-07-08T02:02:36.618+0000: 997.244: [GC [PSYoungGen: 193202K->712K(188928K)] 376917K->184483K(875904K), 0.0031400 secs] [Times: user=0.01 sys=0.00, real=0.00 secs] 
2014-07-08T02:02:37.281+0000: 997.907: [GC [PSYoungGen: 188872K->1029K(185280K)] 372643K->184872K(872256K), 0.0032550 secs] [Times: user=0.02 sys=0.00, real=0.00 secs] 
2014-07-08T02:02:37.953+0000: 998.579: [GC [PSYoungGen: 185221K->1473K(181952K)] 369064K->185396K(868928K), 0.0061990 secs] [Times: user=0.04 sys=0.00, real=0.01 secs] 
2014-07-08T02:02:38.550+0000: 999.176: [GC [PSYoungGen: 181889K->484K(177216K)] 365812K->184511K(864192K), 0.0034930 secs] [Times: user=0.03 sys=0.00, real=0.00 secs] 
2014-07-08T02:02:39.189+0000: 999.815: [GC [PSYoungGen: 177188K->1148K(174272K)] 361215K->185263K(861248K), 0.0051930 secs] [Times: user=0.03 sys=0.01, real=0.00 secs] 
2014-07-08T02:02:39.865+0000: 1000.491: [GC [PSYoungGen: 174234K->1044K(170752K)] 358349K->185215K(857728K), 0.0035460 secs] [Times: user=0.02 sys=0.00, real=0.00 secs] 
2014-07-08T02:02:40.386+0000: 1001.012: [GC [PSYoungGen: 170708K->698K(167040K)] 354879K->184933K(854016K), 0.0052150 secs] [Times: user=0.03 sys=0.00, real=0.00 secs] 
2014-07-08T02:02:40.986+0000: 1001.612: [GC [PSYoungGen: 167034K->1168K(164352K)] 351269K->185451K(851328K), 0.0033720 secs] [Times: user=0.02 sys=0.00, real=0.00 secs] 
2014-07-08T02:02:41.534+0000: 1002.160: [GC [PSYoungGen: 164276K->790K(160832K)] 348560K->185161K(847808K), 0.0051500 secs] [Times: user=0.03 sys=0.00, real=0.01 secs] 
2014-07-08T02:02:42.101+0000: 1002.727: [GC [PSYoungGen: 160774K->1042K(158080K)] 345146K->185493K(845056K), 0.0070090 secs] [Times: user=0.05 sys=0.00, real=0.01 secs] 
2014-07-08T02:02:42.680+0000: 1003.306: [GC [PSYoungGen: 158034K->1216K(155328K)] 342485K->185723K(842304K), 0.0051830 secs] [Times: user=0.02 sys=0.00, real=0.01 secs] 
2014-07-08T02:02:43.213+0000: 1003.839: [GC [PSYoungGen: 155264K->708K(151936K)] 339771K->185311K(838912K), 0.0068610 secs] [Times: user=0.04 sys=0.00, real=0.01 secs] 
2014-07-08T02:02:43.781+0000: 1004.406: [GC [PSYoungGen: 151876K->790K(182272K)] 336479K->185417K(869248K), 0.0193920 secs] [Times: user=0.13 sys=0.00, real=0.02 secs] 
2014-07-08T02:02:44.369+0000: 1004.995: [GC [PSYoungGen: 182230K->762K(218496K)] 366857K->185453K(905472K), 0.0044020 secs] [Times: user=0.03 sys=0.00, real=0.00 secs] 
2014-07-08T02:02:45.153+0000: 1005.779: [GC [PSYoungGen: 218490K->804K(262144K)] 403181K->185551K(949120K), 0.0076730 secs] [Times: user=0.04 sys=0.00, real=0.01 secs] 
2014-07-08T02:02:46.065+0000: 1006.691: [GC [PSYoungGen: 262115K->882K(293952K)] 446862K->185709K(980928K), 0.0059170 secs] [Times: user=0.04 sys=0.00, real=0.01 secs] 
2014-07-08T02:02:47.103+0000: 1007.729: [GC [PSYoungGen: 293362K->964K(285760K)] 478189K->185887K(972736K), 0.0044790 secs] [Times: user=0.03 sys=0.00, real=0.01 secs] 
2014-07-08T02:02:48.075+0000: 1008.701: [GC [PSYoungGen: 285700K->484K(277824K)] 470623K->185479K(964800K), 0.0048770 secs] [Times: user=0.02 sys=0.01, real=0.01 secs] 
2014-07-08T02:02:49.046+0000: 1009.672: [GC [PSYoungGen: 277773K->858K(271040K)] 462768K->185901K(958016K), 0.0041440 secs] [Times: user=0.01 sys=0.00, real=0.01 secs] 
2014-07-08T02:02:49.989+0000: 1010.615: [GC [PSYoungGen: 271002K->562K(263808K)] 456045K->185861K(950784K), 0.0123400 secs] [Times: user=0.07 sys=0.00, real=0.01 secs] 
2014-07-08T02:02:50.965+0000: 1011.591: [GC [PSYoungGen: 263794K->1266K(257920K)] 449093K->186646K(944896K), 0.0033650 secs] [Times: user=0.01 sys=0.00, real=0.01 secs] 
2014-07-08T02:02:51.855+0000: 1012.481: [GC [PSYoungGen: 257906K->1010K(251264K)] 443286K->186698K(938240K), 0.0038550 secs] [Times: user=0.01 sys=0.01, real=0.01 secs] 
2014-07-08T02:02:52.676+0000: 1013.302: [GC [PSYoungGen: 251250K->914K(245056K)] 436938K->186674K(932032K), 0.0065020 secs] [Times: user=0.04 sys=0.00, real=0.01 secs] 
2014-07-08T02:02:53.506+0000: 1014.132: [GC [PSYoungGen: 245010K->698K(238912K)] 430770K->186514K(925888K), 0.0060790 secs] [Times: user=0.03 sys=0.00, real=0.01 secs] 
2014-07-08T02:02:54.336+0000: 1014.962: [GC [PSYoungGen: 238906K->1064K(233600K)] 424722K->186960K(920576K), 0.0112360 secs] [Times: user=0.08 sys=0.00, real=0.02 secs] 
2014-07-08T02:02:55.157+0000: 1015.783: [GC [PSYoungGen: 233576K->786K(227840K)] 419472K->186770K(914816K), 0.0051460 secs] [Times: user=0.03 sys=0.00, real=0.01 secs] 
2014-07-08T02:02:55.921+0000: 1016.547: [GC [PSYoungGen: 227794K->740K(222464K)] 413778K->186812K(909440K), 0.0077240 secs] [Times: user=0.05 sys=0.00, real=0.01 secs] 
2014-07-08T02:02:56.785+0000: 1017.411: [GC [PSYoungGen: 222399K->768K(217344K)] 408471K->186872K(904320K), 0.0089450 secs] [Times: user=0.05 sys=0.00, real=0.01 secs] 
2014-07-08T02:02:57.459+0000: 1018.085: [GC [PSYoungGen: 217343K->814K(212480K)] 403447K->187014K(899456K), 0.0051040 secs] [Times: user=0.03 sys=0.00, real=0.00 secs] 
2014-07-08T02:02:58.206+0000: 1018.832: [GC [PSYoungGen: 212462K->868K(207808K)] 398662K->187124K(894784K), 0.0057570 secs] [Times: user=0.03 sys=0.00, real=0.01 secs] 
2014-07-08T02:02:58.969+0000: 1019.595: [GC [PSYoungGen: 207780K->786K(203200K)] 394036K->187130K(890176K), 0.0068950 secs] [Times: user=0.04 sys=0.01, real=0.00 secs] 
2014-07-08T02:02:59.635+0000: 1020.261: [GC [PSYoungGen: 203154K->918K(198912K)] 389498K->187286K(885888K), 0.0077090 secs] [Times: user=0.03 sys=0.01, real=0.01 secs] 
2014-07-08T02:03:00.323+0000: 1020.949: [GC [PSYoungGen: 198870K->708K(194432K)] 385238K->187180K(881408K), 0.0043230 secs] [Times: user=0.02 sys=0.01, real=0.00 secs] 
2014-07-08T02:03:01.013+0000: 1021.639: [GC [PSYoungGen: 194372K->658K(190272K)] 380844K->187194K(877248K), 0.0068050 secs] [Times: user=0.03 sys=0.00, real=0.01 secs] 
2014-07-08T02:03:01.662+0000: 1022.288: [GC [PSYoungGen: 190226K->946K(186560K)] 376762K->187554K(873536K), 0.0047970 secs] [Times: user=0.03 sys=0.00, real=0.00 secs] 
2014-07-08T02:03:02.315+0000: 1022.941: [GC [PSYoungGen: 186546K->768K(182592K)] 373154K->187440K(869568K), 0.0067950 secs] [Times: user=0.05 sys=0.00, real=0.01 secs] 
2014-07-08T02:03:03.037+0000: 1023.662: [GC [PSYoungGen: 182528K->990K(179072K)] 369200K->187758K(866048K), 0.0065190 secs] [Times: user=0.05 sys=0.00, real=0.01 secs] 
2014-07-08T02:03:03.549+0000: 1024.175: [GC [PSYoungGen: 179037K->580K(175104K)] 365805K->187404K(862080K), 0.0052020 secs] [Times: user=0.02 sys=0.00, real=0.00 secs] 
2014-07-08T02:03:04.176+0000: 1024.802: [GC [PSYoungGen: 175044K->872K(210304K)] 361868K->187744K(897280K), 0.0090590 secs] [Times: user=0.05 sys=0.00, real=0.01 secs] 
2014-07-08T02:03:04.997+0000: 1025.623: [GC [PSYoungGen: 210280K->954K(205696K)] 397152K->187898K(892672K), 0.0052580 secs] [Times: user=0.03 sys=0.00, real=0.01 secs] 
2014-07-08T02:03:05.609+0000: 1026.235: [GC [PSYoungGen: 205690K->928K(201216K)] 392634K->187968K(888192K), 0.0036630 secs] [Times: user=0.02 sys=0.00, real=0.01 secs] 
2014-07-08T02:03:06.313+0000: 1026.939: [GC [PSYoungGen: 201184K->679K(196608K)] 388224K->187984K(883584K), 0.0046700 secs] [Times: user=0.03 sys=0.01, real=0.00 secs] 
2014-07-08T02:03:07.011+0000: 1027.637: [GC [PSYoungGen: 196566K->594K(192320K)] 383871K->187963K(879296K), 0.0075300 secs] [Times: user=0.03 sys=0.00, real=0.01 secs] 
2014-07-08T02:03:07.698+0000: 1028.324: [GC [PSYoungGen: 192274K->1139K(188800K)] 379643K->188856K(875776K), 0.0049640 secs] [Times: user=0.01 sys=0.00, real=0.01 secs] 
2014-07-08T02:03:08.328+0000: 1028.954: [GC [PSYoungGen: 188747K->612K(184384K)] 376464K->188392K(871360K), 0.0093670 secs] [Times: user=0.05 sys=0.00, real=0.01 secs] 
2014-07-08T02:03:09.094+0000: 1029.720: [GC [PSYoungGen: 184356K->936K(180928K)] 372136K->188780K(867904K), 0.0038950 secs] [Times: user=0.02 sys=0.00, real=0.00 secs] 
2014-07-08T02:03:09.602+0000: 1030.227: [GC [PSYoungGen: 180904K->1202K(177536K)] 368748K->189118K(864512K), 0.0041090 secs] [Times: user=0.02 sys=0.00, real=0.00 secs] 
2014-07-08T02:03:10.209+0000: 1030.835: [GC [PSYoungGen: 177522K->676K(173504K)] 365438K->188870K(860480K), 0.0043960 secs] [Times: user=0.02 sys=0.00, real=0.01 secs] 
2014-07-08T02:03:10.859+0000: 1031.485: [GC [PSYoungGen: 173476K->1192K(170560K)] 361670K->189450K(857536K), 0.0045220 secs] [Times: user=0.01 sys=0.00, real=0.01 secs] 
2014-07-08T02:03:11.407+0000: 1032.033: [GC [PSYoungGen: 170536K->644K(166720K)] 358794K->189024K(853696K), 0.0044970 secs] [Times: user=0.03 sys=0.00, real=0.01 secs] 
2014-07-08T02:03:11.989+0000: 1032.615: [GC [PSYoungGen: 166660K->958K(163776K)] 355040K->189426K(850752K), 0.0046060 secs] [Times: user=0.03 sys=0.00, real=0.01 secs] 
2014-07-08T02:03:12.557+0000: 1033.183: [GC [PSYoungGen: 163774K->772K(160512K)] 352242K->189328K(847488K), 0.0053840 secs] [Times: user=0.03 sys=0.00, real=0.01 secs] 
2014-07-08T02:03:13.116+0000: 1033.742: [GC [PSYoungGen: 160447K->914K(157632K)] 349003K->189550K(844608K), 0.0046350 secs] [Times: user=0.03 sys=0.01, real=0.01 secs] 
2014-07-08T02:03:13.670+0000: 1034.296: [GC [PSYoungGen: 157586K->1072K(154816K)] 346222K->189788K(841792K), 0.0032560 secs] [Times: user=0.01 sys=0.00, real=0.00 secs] 
2014-07-08T02:03:14.212+0000: 1034.838: [GC [PSYoungGen: 154800K->904K(151872K)] 343516K->189692K(838848K), 0.0039760 secs] [Times: user=0.02 sys=0.00, real=0.00 secs] 
2014-07-08T02:03:14.826+0000: 1035.452: [GC [PSYoungGen: 151759K->826K(148992K)] 340547K->190254K(835968K), 0.0038240 secs] [Times: user=0.01 sys=0.00, real=0.01 secs] 
2014-07-08T02:03:15.349+0000: 1035.975: [GC [PSYoungGen: 148984K->1502K(147008K)] 338413K->191137K(833984K), 0.0040920 secs] [Times: user=0.01 sys=0.00, real=0.01 secs] 
2014-07-08T02:03:15.789+0000: 1036.415: [GC [PSYoungGen: 146903K->754K(143616K)] 336538K->191005K(830592K), 0.0037250 secs] [Times: user=0.02 sys=0.00, real=0.01 secs] 
2014-07-08T02:03:16.241+0000: 1036.867: [GC [PSYoungGen: 143571K->986K(141376K)] 333822K->191340K(828352K), 0.0074290 secs] [Times: user=0.04 sys=0.01, real=0.00 secs] 
2014-07-08T02:03:16.783+0000: 1037.409: [GC [PSYoungGen: 141338K->928K(169408K)] 331692K->191396K(856384K), 0.0081150 secs] [Times: user=0.05 sys=0.00, real=0.01 secs] 
2014-07-08T02:03:17.318+0000: 1037.944: [GC [PSYoungGen: 169376K->1224K(203456K)] 359844K->191733K(890432K), 0.0091620 secs] [Times: user=0.05 sys=0.00, real=0.01 secs] 
2014-07-08T02:03:18.040+0000: 1038.666: [GC [PSYoungGen: 203400K->990K(243648K)] 393909K->191563K(930624K), 0.0052050 secs] [Times: user=0.03 sys=0.00, real=0.01 secs] 
2014-07-08T02:03:18.965+0000: 1039.591: [GC [PSYoungGen: 243614K->876K(237696K)] 434187K->191513K(924672K), 0.0057840 secs] [Times: user=0.03 sys=0.00, real=0.00 secs] 
2014-07-08T02:03:19.750+0000: 1040.376: [GC [PSYoungGen: 237676K->868K(269248K)] 428313K->191560K(956224K), 0.0116480 secs] [Times: user=0.08 sys=0.00, real=0.02 secs] 
2014-07-08T02:03:20.671+0000: 1041.297: [GC [PSYoungGen: 268772K->1276K(269440K)] 459464K->192033K(956416K), 0.0086810 secs] [Times: user=0.05 sys=0.01, real=0.00 secs] 
2014-07-08T02:03:21.614+0000: 1042.240: [GC [PSYoungGen: 269180K->1156K(262336K)] 459937K->192001K(949312K), 0.0041290 secs] [Times: user=0.02 sys=0.00, real=0.00 secs] 
2014-07-08T02:03:22.531+0000: 1043.157: [GC [PSYoungGen: 262244K->480K(255104K)] 453089K->191404K(942080K), 0.0048570 secs] [Times: user=0.03 sys=0.00, real=0.00 secs] 
2014-07-08T02:03:23.420+0000: 1044.046: [GC [PSYoungGen: 255072K->758K(249088K)] 445996K->191778K(936064K), 0.0041360 secs] [Times: user=0.02 sys=0.00, real=0.01 secs] 
2014-07-08T02:03:24.286+0000: 1044.912: [GC [PSYoungGen: 249078K->662K(242944K)] 440098K->191738K(929920K), 0.0071350 secs] [Times: user=0.04 sys=0.00, real=0.01 secs] 
2014-07-08T02:03:25.230+0000: 1045.856: [GC [PSYoungGen: 242901K->1200K(237632K)] 433978K->192341K(924608K), 0.0052240 secs] [Times: user=0.02 sys=0.00, real=0.01 secs] 
2014-07-08T02:03:25.989+0000: 1046.615: [GC [PSYoungGen: 237616K->926K(231744K)] 428757K->192115K(918720K), 0.0053280 secs] [Times: user=0.01 sys=0.00, real=0.01 secs] 
2014-07-08T02:03:26.864+0000: 1047.489: [GC [PSYoungGen: 231710K->978K(226368K)] 422899K->192223K(913344K), 0.0049710 secs] [Times: user=0.02 sys=0.00, real=0.00 secs] 
2014-07-08T02:03:27.574+0000: 1048.200: [GC [PSYoungGen: 226322K->1234K(221376K)] 417567K->192559K(908352K), 0.0035730 secs] [Times: user=0.02 sys=0.00, real=0.00 secs] 
2014-07-08T02:03:28.357+0000: 1048.983: [GC [PSYoungGen: 221330K->812K(215872K)] 412655K->192289K(902848K), 0.0053810 secs] [Times: user=0.03 sys=0.00, real=0.01 secs] 
2014-07-08T02:03:29.108+0000: 1049.734: [GC [PSYoungGen: 215852K->957K(211136K)] 407329K->192522K(898112K), 0.0041010 secs] [Times: user=0.02 sys=0.00, real=0.01 secs] 
2014-07-08T02:03:29.919+0000: 1050.545: [GC [PSYoungGen: 211133K->1234K(206784K)] 402698K->192855K(893760K), 0.0057110 secs] [Times: user=0.03 sys=0.00, real=0.01 secs] 
2014-07-08T02:03:30.623+0000: 1051.249: [GC [PSYoungGen: 206738K->986K(201984K)] 398359K->192647K(888960K), 0.0080470 secs] [Times: user=0.05 sys=0.00, real=0.00 secs] 
2014-07-08T02:03:31.422+0000: 1052.048: [GC [PSYoungGen: 201933K->826K(197440K)] 393594K->192705K(884416K), 0.0047690 secs] [Times: user=0.02 sys=0.00, real=0.01 secs] 
2014-07-08T02:03:32.022+0000: 1052.648: [GC [PSYoungGen: 197434K->900K(193344K)] 389313K->192835K(880320K), 0.0035550 secs] [Times: user=0.01 sys=0.01, real=0.01 secs] 
2014-07-08T02:03:32.627+0000: 1053.253: [GC [PSYoungGen: 193246K->979K(189312K)] 385181K->192994K(876288K), 0.0051660 secs] [Times: user=0.02 sys=0.00, real=0.00 secs] 
2014-07-08T02:03:33.278+0000: 1053.904: [GC [PSYoungGen: 189267K->910K(185280K)] 381282K->193037K(872256K), 0.0049330 secs] [Times: user=0.03 sys=0.00, real=0.01 secs] 
2014-07-08T02:03:33.935+0000: 1054.561: [GC [PSYoungGen: 185230K->872K(181376K)] 377357K->193047K(868352K), 0.0086430 secs] [Times: user=0.05 sys=0.00, real=0.01 secs] 
2014-07-08T02:03:34.565+0000: 1055.190: [GC [PSYoungGen: 181352K->956K(177728K)] 373527K->193195K(864704K), 0.0034730 secs] [Times: user=0.01 sys=0.00, real=0.00 secs] 
2014-07-08T02:03:35.326+0000: 1055.951: [GC [PSYoungGen: 177724K->894K(174080K)] 369963K->193325K(861056K), 0.0068890 secs] [Times: user=0.04 sys=0.00, real=0.00 secs] 
2014-07-08T02:03:35.796+0000: 1056.422: [GC [PSYoungGen: 174078K->1149K(170880K)] 366509K->193652K(857856K), 0.0045890 secs] [Times: user=0.01 sys=0.01, real=0.00 secs] 
2014-07-08T02:03:36.387+0000: 1057.013: [GC [PSYoungGen: 170829K->694K(167104K)] 363332K->193401K(854080K), 0.0037620 secs] [Times: user=0.02 sys=0.01, real=0.00 secs] 
2014-07-08T02:03:37.047+0000: 1057.673: [GC [PSYoungGen: 167094K->1224K(164416K)] 359801K->194027K(851392K), 0.0054110 secs] [Times: user=0.03 sys=0.00, real=0.00 secs] 
2014-07-08T02:03:37.527+0000: 1058.153: [GC [PSYoungGen: 164360K->758K(160768K)] 357163K->193699K(847744K), 0.0051330 secs] [Times: user=0.03 sys=0.00, real=0.00 secs] 
2014-07-08T02:03:38.088+0000: 1058.713: [GC [PSYoungGen: 160758K->548K(157568K)] 353699K->193545K(844544K), 0.0074510 secs] [Times: user=0.05 sys=0.00, real=0.01 secs] 
2014-07-08T02:03:38.634+0000: 1059.260: [GC [PSYoungGen: 157539K->990K(189440K)] 350536K->194083K(876416K), 0.0068680 secs] [Times: user=0.05 sys=0.00, real=0.01 secs] 
2014-07-08T02:03:39.326+0000: 1059.952: [GC [PSYoungGen: 189406K->594K(226752K)] 382499K->193727K(913728K), 0.0066550 secs] [Times: user=0.02 sys=0.00, real=0.00 secs] 
2014-07-08T02:03:40.143+0000: 1060.769: [GC [PSYoungGen: 226706K->608K(221504K)] 419839K->193789K(908480K), 0.0058010 secs] [Times: user=0.02 sys=0.00, real=0.01 secs] 
2014-07-08T02:03:40.861+0000: 1061.487: [GC [PSYoungGen: 221470K->1394K(217216K)] 414651K->194647K(904192K), 0.0085490 secs] [Times: user=0.05 sys=0.00, real=0.01 secs] 
2014-07-08T02:03:41.635+0000: 1062.261: [GC [PSYoungGen: 217202K->662K(211648K)] 410455K->193971K(898624K), 0.0035960 secs] [Times: user=0.02 sys=0.00, real=0.00 secs] 
2014-07-08T02:03:42.330+0000: 1062.956: [GC [PSYoungGen: 211575K->922K(207168K)] 404884K->194335K(894144K), 0.0033420 secs] [Times: user=0.02 sys=0.00, real=0.00 secs] 
2014-07-08T02:03:43.050+0000: 1063.676: [GC [PSYoungGen: 207130K->698K(202368K)] 400543K->194143K(889344K), 0.0083040 secs] [Times: user=0.04 sys=0.00, real=0.01 secs] 
2014-07-08T02:03:43.748+0000: 1064.374: [GC [PSYoungGen: 202362K->986K(198272K)] 395807K->194543K(885248K), 0.0040570 secs] [Times: user=0.02 sys=0.00, real=0.00 secs] 
2014-07-08T02:03:44.428+0000: 1065.054: [GC [PSYoungGen: 198234K->872K(193920K)] 391791K->194477K(880896K), 0.0062970 secs] [Times: user=0.04 sys=0.00, real=0.00 secs] 
2014-07-08T02:03:45.177+0000: 1065.802: [GC [PSYoungGen: 193866K->1340K(233024K)] 387472K->194994K(920000K), 0.0135380 secs] [Times: user=0.06 sys=0.01, real=0.01 secs] 
2014-07-08T02:03:45.961+0000: 1066.587: [GC [PSYoungGen: 233020K->618K(226880K)] 426674K->194545K(913856K), 0.0055020 secs] [Times: user=0.02 sys=0.00, real=0.01 secs] 
2014-07-08T02:03:46.745+0000: 1067.371: [GC [PSYoungGen: 226809K->1350K(222400K)] 420737K->195341K(909376K), 0.0050640 secs] [Times: user=0.03 sys=0.00, real=0.00 secs] 
2014-07-08T02:03:47.961+0000: 1068.587: [GC [PSYoungGen: 222342K->946K(216896K)] 416333K->195509K(903872K), 0.0060770 secs] [Times: user=0.03 sys=0.01, real=0.01 secs] 
2014-07-08T02:03:49.183+0000: 1069.809: [GC [PSYoungGen: 216824K->1345K(212480K)] 411388K->195980K(899456K), 0.0136700 secs] [Times: user=0.08 sys=0.00, real=0.02 secs] 
2014-07-08T02:03:49.745+0000: 1070.371: [GC [PSYoungGen: 212397K->1150K(207488K)] 407033K->195949K(894464K), 0.0064290 secs] [Times: user=0.04 sys=0.00, real=0.01 secs] 
2014-07-08T02:03:50.303+0000: 1070.929: [GC [PSYoungGen: 207486K->1562K(203392K)] 402285K->196433K(890368K), 0.0067910 secs] [Times: user=0.03 sys=0.01, real=0.01 secs] 
2014-07-08T02:03:50.991+0000: 1071.617: [GC [PSYoungGen: 203354K->762K(198144K)] 398225K->195827K(885120K), 0.0068510 secs] [Times: user=0.03 sys=0.00, real=0.01 secs] 
2014-07-08T02:03:51.460+0000: 1072.085: [GC [PSYoungGen: 198108K->1671K(238592K)] 393173K->196777K(925568K), 0.0090410 secs] [Times: user=0.05 sys=0.00, real=0.01 secs] 
2014-07-08T02:03:52.260+0000: 1072.886: [GC [PSYoungGen: 238535K->594K(284928K)] 433641K->196089K(971904K), 0.0144690 secs] [Times: user=0.07 sys=0.00, real=0.01 secs] 
2014-07-08T02:03:53.196+0000: 1073.822: [GC [PSYoungGen: 284882K->666K(300352K)] 480377K->196217K(987328K), 0.0060690 secs] [Times: user=0.04 sys=0.00, real=0.01 secs] 
2014-07-08T02:03:54.137+0000: 1074.762: [GC [PSYoungGen: 299034K->808K(343232K)] 494585K->196447K(1030208K), 0.0064690 secs] [Times: user=0.04 sys=0.00, real=0.00 secs] 
2014-07-08T02:03:55.302+0000: 1075.927: [GC [PSYoungGen: 342056K->882K(332480K)] 537695K->196585K(1019456K), 0.0078740 secs] [Times: user=0.06 sys=0.00, real=0.01 secs] 
2014-07-08T02:03:56.381+0000: 1077.007: [GC [PSYoungGen: 332466K->512K(322816K)] 528169K->196303K(1009792K), 0.0058930 secs] [Times: user=0.04 sys=0.00, real=0.00 secs] 
2014-07-08T02:03:57.471+0000: 1078.097: [GC [PSYoungGen: 322816K->772K(314240K)] 518607K->196643K(1001216K), 0.0033330 secs] [Times: user=0.01 sys=0.00, real=0.00 secs] 
2014-07-08T02:03:58.549+0000: 1079.175: [GC [PSYoungGen: 314180K->626K(305472K)] 510051K->196577K(992448K), 0.0054360 secs] [Times: user=0.03 sys=0.01, real=0.00 secs] 
2014-07-08T02:03:59.637+0000: 1080.263: [GC [PSYoungGen: 305458K->776K(297408K)] 501409K->196831K(984384K), 0.0057120 secs] [Times: user=0.03 sys=0.00, real=0.00 secs] 
2014-07-08T02:04:00.668+0000: 1081.293: [GC [PSYoungGen: 297352K->1196K(289920K)] 493407K->197315K(976896K), 0.0042670 secs] [Times: user=0.02 sys=0.01, real=0.00 secs] 
2014-07-08T02:04:01.676+0000: 1082.302: [GC [PSYoungGen: 289900K->484K(281600K)] 486019K->196651K(968576K), 0.0107350 secs] [Times: user=0.06 sys=0.01, real=0.02 secs] 
2014-07-08T02:04:02.663+0000: 1083.289: [GC [PSYoungGen: 281572K->562K(274368K)] 477739K->196801K(961344K), 0.0046100 secs] [Times: user=0.02 sys=0.00, real=0.00 secs] 
2014-07-08T02:04:03.617+0000: 1084.243: [GC [PSYoungGen: 274354K->954K(267712K)] 470593K->197249K(954688K), 0.0029220 secs] [Times: user=0.02 sys=0.00, real=0.01 secs] 
2014-07-08T02:04:04.557+0000: 1085.183: [GC [PSYoungGen: 267706K->1014K(261056K)] 464001K->197390K(948032K), 0.0133000 secs] [Times: user=0.08 sys=0.01, real=0.02 secs] 
2014-07-08T02:04:05.463+0000: 1086.089: [GC [PSYoungGen: 261032K->722K(254272K)] 457407K->197145K(941248K), 0.0051180 secs] [Times: user=0.03 sys=0.00, real=0.00 secs] 
2014-07-08T02:04:06.356+0000: 1086.982: [GC [PSYoungGen: 254207K->1074K(305344K)] 450631K->197529K(992320K), 0.0220900 secs] [Times: user=0.10 sys=0.00, real=0.03 secs] 
2014-07-08T02:04:07.395+0000: 1088.021: [GC [PSYoungGen: 305330K->868K(333440K)] 501785K->197404K(1020416K), 0.0068870 secs] [Times: user=0.04 sys=0.00, real=0.01 secs] 
2014-07-08T02:04:08.583+0000: 1089.209: [GC [PSYoungGen: 332708K->1276K(323840K)] 529244K->197884K(1010816K), 0.0037020 secs] [Times: user=0.02 sys=0.00, real=0.00 secs] 
2014-07-08T02:04:09.717+0000: 1090.343: [GC [PSYoungGen: 323790K->1096K(314752K)] 520397K->197759K(1001728K), 0.0076850 secs] [Times: user=0.05 sys=0.00, real=0.01 secs] 
2014-07-08T02:04:10.828+0000: 1091.454: [GC [PSYoungGen: 314696K->830K(305856K)] 511359K->197719K(992832K), 0.0055870 secs] [Times: user=0.03 sys=0.01, real=0.01 secs] 
2014-07-08T02:04:11.899+0000: 1092.525: [GC [PSYoungGen: 305854K->996K(297792K)] 502743K->197941K(984768K), 0.0114670 secs] [Times: user=0.06 sys=0.01, real=0.01 secs] 
2014-07-08T02:04:12.925+0000: 1093.551: [GC [PSYoungGen: 297764K->822K(289664K)] 494709K->197939K(976640K), 0.0033550 secs] [Times: user=0.02 sys=0.00, real=0.00 secs] 
2014-07-08T02:04:13.951+0000: 1094.577: [GC [PSYoungGen: 289654K->1274K(282496K)] 486771K->198495K(969472K), 0.0033360 secs] [Times: user=0.02 sys=0.01, real=0.00 secs] 
2014-07-08T02:04:14.944+0000: 1095.570: [GC [PSYoungGen: 282490K->890K(274816K)] 479711K->198183K(961792K), 0.0067360 secs] [Times: user=0.04 sys=0.00, real=0.01 secs] 
2014-07-08T02:04:15.904+0000: 1096.530: [GC [PSYoungGen: 274810K->1316K(268224K)] 472103K->198714K(955200K), 0.0057270 secs] [Times: user=0.04 sys=0.00, real=0.01 secs] 
2014-07-08T02:04:16.817+0000: 1097.443: [GC [PSYoungGen: 268159K->798K(260928K)] 465556K->198275K(947904K), 0.0049460 secs] [Times: user=0.04 sys=0.00, real=0.01 secs] 
2014-07-08T02:04:17.737+0000: 1098.363: [GC [PSYoungGen: 260879K->662K(254272K)] 458356K->198243K(941248K), 0.0054320 secs] [Times: user=0.03 sys=0.00, real=0.01 secs] 
2014-07-08T02:04:18.626+0000: 1099.252: [GC [PSYoungGen: 254224K->762K(248064K)] 451806K->198439K(935040K), 0.0046060 secs] [Times: user=0.03 sys=0.00, real=0.01 secs] 
2014-07-08T02:04:19.484+0000: 1100.110: [GC [PSYoungGen: 248058K->1050K(242368K)] 445735K->198815K(929344K), 0.0049730 secs] [Times: user=0.03 sys=0.00, real=0.00 secs] 
2014-07-08T02:04:20.341+0000: 1100.967: [GC [PSYoungGen: 242330K->935K(236416K)] 440095K->198749K(923392K), 0.0060970 secs] [Times: user=0.03 sys=0.00, real=0.00 secs] 
2014-07-08T02:04:21.233+0000: 1101.859: [GC [PSYoungGen: 236391K->1032K(230976K)] 434205K->198902K(917952K), 0.0071280 secs] [Times: user=0.05 sys=0.00, real=0.00 secs] 
2014-07-08T02:04:21.925+0000: 1102.551: [GC [PSYoungGen: 230870K->958K(225472K)] 428740K->198984K(912448K), 0.0051320 secs] [Times: user=0.03 sys=0.00, real=0.01 secs] 
2014-07-08T02:04:22.736+0000: 1103.361: [GC [PSYoungGen: 225470K->530K(219904K)] 423496K->198604K(906880K), 0.0101110 secs] [Times: user=0.05 sys=0.00, real=0.01 secs] 
2014-07-08T02:04:23.477+0000: 1104.103: [GC [PSYoungGen: 219839K->662K(215040K)] 417913K->198800K(902016K), 0.0053110 secs] [Times: user=0.03 sys=0.00, real=0.01 secs] 
2014-07-08T02:04:24.277+0000: 1104.903: [GC [PSYoungGen: 214998K->908K(210432K)] 413136K->199110K(897408K), 0.0056770 secs] [Times: user=0.04 sys=0.00, real=0.01 secs] 
2014-07-08T02:04:24.968+0000: 1105.594: [GC [PSYoungGen: 210380K->794K(205632K)] 408582K->199052K(892608K), 0.0077020 secs] [Times: user=0.04 sys=0.00, real=0.01 secs] 
2014-07-08T02:04:25.688+0000: 1106.314: [GC [PSYoungGen: 205594K->800K(246592K)] 403852K->199083K(933568K), 0.0132310 secs] [Times: user=0.06 sys=0.00, real=0.02 secs] 
2014-07-08T02:04:26.592+0000: 1107.218: [GC [PSYoungGen: 246537K->1202K(241024K)] 444819K->199610K(928000K), 0.0031790 secs] [Times: user=0.02 sys=0.00, real=0.00 secs] 
2014-07-08T02:04:27.392+0000: 1108.018: [GC [PSYoungGen: 241010K->780K(234880K)] 439418K->199220K(921856K), 0.0054710 secs] [Times: user=0.01 sys=0.01, real=0.00 secs] 
2014-07-08T02:04:28.227+0000: 1108.853: [GC [PSYoungGen: 234826K->932K(229440K)] 433266K->199706K(916416K), 0.0057070 secs] [Times: user=0.03 sys=0.00, real=0.01 secs] 
2014-07-08T02:04:29.008+0000: 1109.633: [GC [PSYoungGen: 229376K->1355K(224576K)] 428150K->200194K(911552K), 0.0038260 secs] [Times: user=0.02 sys=0.00, real=0.00 secs] 
2014-07-08T02:04:29.767+0000: 1110.393: [GC [PSYoungGen: 224523K->748K(218816K)] 423362K->199740K(905792K), 0.0050750 secs] [Times: user=0.03 sys=0.00, real=0.01 secs] 
2014-07-08T02:04:30.538+0000: 1111.164: [GC [PSYoungGen: 218796K->862K(213952K)] 417788K->199934K(900928K), 0.0071210 secs] [Times: user=0.04 sys=0.00, real=0.01 secs] 
2014-07-08T02:04:31.319+0000: 1111.945: [GC [PSYoungGen: 213886K->826K(209088K)] 412958K->199962K(896064K), 0.0106860 secs] [Times: user=0.06 sys=0.00, real=0.01 secs] 
2014-07-08T02:04:32.031+0000: 1112.657: [GC [PSYoungGen: 209048K->980K(204672K)] 408185K->200164K(891648K), 0.0068750 secs] [Times: user=0.04 sys=0.00, real=0.01 secs] 
2014-07-08T02:04:32.721+0000: 1113.347: [GC [PSYoungGen: 204612K->1142K(200320K)] 403796K->200414K(887296K), 0.0068310 secs] [Times: user=0.04 sys=0.00, real=0.01 secs] 
2014-07-08T02:04:33.430+0000: 1114.056: [GC [PSYoungGen: 200289K->658K(195584K)] 399561K->200002K(882560K), 0.0070240 secs] [Times: user=0.04 sys=0.00, real=0.01 secs] 
2014-07-08T02:04:34.112+0000: 1114.738: [GC [PSYoungGen: 195538K->1138K(191872K)] 394882K->200674K(878848K), 0.0078800 secs] [Times: user=0.02 sys=0.00, real=0.00 secs] 
2014-07-08T02:04:34.748+0000: 1115.374: [GC [PSYoungGen: 191858K->854K(187584K)] 391394K->200462K(874560K), 0.0033890 secs] [Times: user=0.01 sys=0.01, real=0.00 secs] 
2014-07-08T02:04:35.414+0000: 1116.040: [GC [PSYoungGen: 187542K->946K(183744K)] 387150K->200684K(870720K), 0.0050920 secs] [Times: user=0.03 sys=0.00, real=0.00 secs] 
2014-07-08T02:04:36.058+0000: 1116.684: [GC [PSYoungGen: 183730K->946K(179968K)] 383468K->200740K(866944K), 0.0079950 secs] [Times: user=0.05 sys=0.00, real=0.01 secs] 
2014-07-08T02:04:36.684+0000: 1117.310: [GC [PSYoungGen: 179954K->997K(176384K)] 379748K->200879K(863360K), 0.0046050 secs] [Times: user=0.03 sys=0.00, real=0.00 secs] 
2014-07-08T02:04:37.375+0000: 1118.001: [GC [PSYoungGen: 176357K->826K(211264K)] 376239K->200756K(898240K), 0.0102910 secs] [Times: user=0.06 sys=0.00, real=0.01 secs] 
2014-07-08T02:04:38.074+0000: 1118.700: [GC [PSYoungGen: 211256K->992K(253568K)] 411187K->201002K(940544K), 0.0067590 secs] [Times: user=0.04 sys=0.00, real=0.00 secs] 
2014-07-08T02:04:38.950+0000: 1119.576: [GC [PSYoungGen: 253536K->840K(247232K)] 453546K->200898K(934208K), 0.0082310 secs] [Times: user=0.04 sys=0.00, real=0.01 secs] 
2014-07-08T02:04:39.805+0000: 1120.431: [GC [PSYoungGen: 247175K->928K(241280K)] 447234K->201100K(928256K), 0.0037070 secs] [Times: user=0.02 sys=0.00, real=0.00 secs] 
2014-07-08T02:04:40.663+0000: 1121.289: [GC [PSYoungGen: 241248K->864K(235456K)] 441420K->201068K(922432K), 0.0111810 secs] [Times: user=0.06 sys=0.00, real=0.01 secs] 
2014-07-08T02:04:41.480+0000: 1122.106: [GC [PSYoungGen: 235424K->744K(229760K)] 435628K->201012K(916736K), 0.0053570 secs] [Times: user=0.03 sys=0.00, real=0.01 secs] 
2014-07-08T02:04:42.286+0000: 1122.912: [GC [PSYoungGen: 229736K->1110K(224768K)] 430004K->201434K(911744K), 0.0057790 secs] [Times: user=0.03 sys=0.00, real=0.00 secs] 
2014-07-08T02:04:43.116+0000: 1123.742: [GC [PSYoungGen: 224726K->810K(269184K)] 425050K->201335K(956160K), 0.0207630 secs] [Times: user=0.13 sys=0.00, real=0.02 secs] 
2014-07-08T02:04:44.043+0000: 1124.669: [GC [PSYoungGen: 269162K->1337K(323392K)] 469687K->202447K(1010368K), 0.0074460 secs] [Times: user=0.04 sys=0.00, real=0.01 secs] 
2014-07-08T02:04:45.184+0000: 1125.810: [GC [PSYoungGen: 323385K->552K(313728K)] 524495K->202477K(1000704K), 0.0034060 secs] [Times: user=0.02 sys=0.00, real=0.01 secs] 
2014-07-08T02:04:46.242+0000: 1126.868: [GC [PSYoungGen: 313704K->1400K(305984K)] 515629K->203514K(992960K), 0.0087590 secs] [Times: user=0.06 sys=0.00, real=0.01 secs] 
2014-07-08T02:04:47.307+0000: 1127.933: [GC [PSYoungGen: 305976K->694K(297088K)] 508090K->203294K(984064K), 0.0115050 secs] [Times: user=0.06 sys=0.01, real=0.01 secs] 
2014-07-08T02:04:48.461+0000: 1129.087: [GC [PSYoungGen: 297078K->940K(289472K)] 499678K->203588K(976448K), 0.0101630 secs] [Times: user=0.05 sys=0.00, real=0.01 secs] 
2014-07-08T02:04:49.439+0000: 1130.065: [GC [PSYoungGen: 289452K->940K(281856K)] 492100K->203676K(968832K), 0.0041930 secs] [Times: user=0.02 sys=0.00, real=0.00 secs] 
2014-07-08T02:04:50.380+0000: 1131.006: [GC [PSYoungGen: 281836K->626K(274240K)] 484572K->203434K(961216K), 0.0051410 secs] [Times: user=0.03 sys=0.00, real=0.01 secs] 
2014-07-08T02:04:51.308+0000: 1131.934: [GC [PSYoungGen: 274226K->562K(267136K)] 477034K->203450K(954112K), 0.0042350 secs] [Times: user=0.03 sys=0.00, real=0.00 secs] 
2014-07-08T02:04:52.285+0000: 1132.911: [GC [PSYoungGen: 267122K->996K(260864K)] 470010K->203956K(947840K), 0.0076410 secs] [Times: user=0.04 sys=0.00, real=0.00 secs] 
2014-07-08T02:04:53.218+0000: 1133.844: [GC [PSYoungGen: 260836K->808K(254208K)] 463796K->203848K(941184K), 0.0057770 secs] [Times: user=0.04 sys=0.01, real=0.00 secs] 
2014-07-08T02:04:54.102+0000: 1134.728: [GC [PSYoungGen: 254184K->1334K(248448K)] 457224K->204414K(935424K), 0.0128610 secs] [Times: user=0.07 sys=0.00, real=0.01 secs] 
2014-07-08T02:04:54.943+0000: 1135.569: [GC [PSYoungGen: 248409K->1064K(242176K)] 451489K->204224K(929152K), 0.0066730 secs] [Times: user=0.04 sys=0.00, real=0.01 secs] 
2014-07-08T02:04:55.783+0000: 1136.409: [GC [PSYoungGen: 242148K->926K(236224K)] 445308K->204174K(923200K), 0.0097590 secs] [Times: user=0.06 sys=0.00, real=0.01 secs] 
2014-07-08T02:04:56.627+0000: 1137.253: [GC [PSYoungGen: 236189K->1084K(230784K)] 439437K->204388K(917760K), 0.0079040 secs] [Times: user=0.03 sys=0.00, real=0.00 secs] 
2014-07-08T02:04:57.412+0000: 1138.038: [GC [PSYoungGen: 230780K->1026K(225408K)] 434084K->204426K(912384K), 0.0042690 secs] [Times: user=0.02 sys=0.00, real=0.01 secs] 
2014-07-08T02:04:58.286+0000: 1138.912: [GC [PSYoungGen: 225346K->1050K(220224K)] 428746K->204514K(907200K), 0.0087010 secs] [Times: user=0.04 sys=0.00, real=0.00 secs] 
2014-07-08T02:04:58.989+0000: 1139.614: [GC [PSYoungGen: 220186K->1096K(215296K)] 423650K->204608K(902272K), 0.0040840 secs] [Times: user=0.02 sys=0.00, real=0.00 secs] 
2014-07-08T02:04:59.735+0000: 1140.361: [GC [PSYoungGen: 215240K->580K(209984K)] 418752K->204148K(896960K), 0.0035300 secs] [Times: user=0.02 sys=0.00, real=0.01 secs] 
2014-07-08T02:05:00.539+0000: 1141.165: [GC [PSYoungGen: 209924K->974K(205696K)] 413492K->204566K(892672K), 0.0083380 secs] [Times: user=0.01 sys=0.01, real=0.01 secs] 
2014-07-08T02:05:01.237+0000: 1141.863: [GC [PSYoungGen: 205641K->1262K(201472K)] 409233K->204918K(888448K), 0.0071210 secs] [Times: user=0.04 sys=0.00, real=0.00 secs] 
2014-07-08T02:05:01.887+0000: 1142.513: [GC [PSYoungGen: 201454K->808K(196672K)] 405110K->204560K(883648K), 0.0068550 secs] [Times: user=0.04 sys=0.00, real=0.00 secs] 
2014-07-08T02:05:02.570+0000: 1143.196: [GC [PSYoungGen: 196648K->744K(192384K)] 400400K->204600K(879360K), 0.0039490 secs] [Times: user=0.02 sys=0.00, real=0.00 secs] 
2014-07-08T02:05:03.238+0000: 1143.864: [GC [PSYoungGen: 192354K->598K(230592K)] 396210K->204478K(917568K), 0.0148930 secs] [Times: user=0.08 sys=0.00, real=0.01 secs] 
2014-07-08T02:05:04.066+0000: 1144.692: [GC [PSYoungGen: 230550K->900K(276928K)] 434430K->204844K(963904K), 0.0056730 secs] [Times: user=0.02 sys=0.00, real=0.01 secs] 
2014-07-08T02:05:05.062+0000: 1145.688: [GC [PSYoungGen: 276868K->1100K(270016K)] 480812K->205100K(956992K), 0.0073890 secs] [Times: user=0.04 sys=0.00, real=0.01 secs] 
2014-07-08T02:05:06.030+0000: 1146.656: [GC [PSYoungGen: 269964K->866K(262912K)] 473964K->205196K(949888K), 0.0043760 secs] [Times: user=0.02 sys=0.01, real=0.00 secs] 
2014-07-08T02:05:06.893+0000: 1147.519: [GC [PSYoungGen: 262882K->1452K(256896K)] 467212K->205854K(943872K), 0.0054710 secs] [Times: user=0.03 sys=0.00, real=0.01 secs] 
2014-07-08T02:05:07.785+0000: 1148.411: [GC [PSYoungGen: 256876K->748K(249856K)] 461278K->205652K(936832K), 0.0055130 secs] [Times: user=0.04 sys=0.00, real=0.01 secs] 
2014-07-08T02:05:08.654+0000: 1149.280: [GC [PSYoungGen: 249836K->762K(243776K)] 454740K->205738K(930752K), 0.0034570 secs] [Times: user=0.02 sys=0.00, real=0.00 secs] 
2014-07-08T02:05:09.510+0000: 1150.136: [GC [PSYoungGen: 243770K->850K(238016K)] 448746K->205882K(924992K), 0.0050710 secs] [Times: user=0.02 sys=0.00, real=0.00 secs] 
2014-07-08T02:05:10.505+0000: 1151.131: [GC [PSYoungGen: 237925K->997K(232512K)] 442957K->206077K(919488K), 0.0085980 secs] [Times: user=0.05 sys=0.00, real=0.01 secs] 
2014-07-08T02:05:11.236+0000: 1151.862: [GC [PSYoungGen: 232485K->1234K(227328K)] 437565K->206371K(914304K), 0.0072320 secs] [Times: user=0.05 sys=0.00, real=0.01 secs] 
2014-07-08T02:05:11.975+0000: 1152.601: [GC [PSYoungGen: 227282K->1078K(221888K)] 432419K->206310K(908864K), 0.0041530 secs] [Times: user=0.02 sys=0.00, real=0.01 secs] 
2014-07-08T02:05:12.713+0000: 1153.339: [GC [PSYoungGen: 221878K->726K(216512K)] 427110K->206054K(903488K), 0.0029700 secs] [Times: user=0.02 sys=0.00, real=0.00 secs] 
2014-07-08T02:05:13.462+0000: 1154.088: [GC [PSYoungGen: 216470K->562K(211456K)] 421798K->205930K(898432K), 0.0081350 secs] [Times: user=0.05 sys=0.00, real=0.01 secs] 
2014-07-08T02:05:14.219+0000: 1154.845: [GC [PSYoungGen: 211440K->844K(207040K)] 416808K->206276K(894016K), 0.0037060 secs] [Times: user=0.02 sys=0.00, real=0.00 secs] 
2014-07-08T02:05:14.931+0000: 1155.557: [GC [PSYoungGen: 206988K->882K(202496K)] 412420K->206370K(889472K), 0.0069380 secs] [Times: user=0.04 sys=0.00, real=0.00 secs] 
2014-07-08T02:05:15.625+0000: 1156.251: [GC [PSYoungGen: 202482K->626K(197824K)] 407970K->206218K(884800K), 0.0062220 secs] [Times: user=0.04 sys=0.00, real=0.01 secs] 
2014-07-08T02:05:16.438+0000: 1157.064: [GC [PSYoungGen: 197782K->1325K(194304K)] 403374K->206981K(881280K), 0.0079620 secs] [Times: user=0.05 sys=0.00, real=0.01 secs] 
2014-07-08T02:05:17.022+0000: 1157.648: [GC [PSYoungGen: 194285K->772K(189696K)] 399941K->206468K(876672K), 0.0036760 secs] [Times: user=0.01 sys=0.01, real=0.00 secs] 
2014-07-08T02:05:17.666+0000: 1158.292: [GC [PSYoungGen: 189604K->933K(185856K)] 395300K->206725K(872832K), 0.0053670 secs] [Times: user=0.03 sys=0.00, real=0.01 secs] 
2014-07-08T02:05:18.330+0000: 1158.956: [GC [PSYoungGen: 185829K->662K(181760K)] 391621K->206502K(868736K), 0.0073380 secs] [Times: user=0.04 sys=0.01, real=0.00 secs] 
2014-07-08T02:05:18.952+0000: 1159.578: [GC [PSYoungGen: 181718K->808K(178176K)] 387558K->206688K(865152K), 0.0051640 secs] [Times: user=0.01 sys=0.01, real=0.00 secs] 
2014-07-08T02:05:19.581+0000: 1160.207: [GC [PSYoungGen: 178152K->758K(174528K)] 384032K->206734K(861504K), 0.0050430 secs] [Times: user=0.02 sys=0.00, real=0.00 secs] 
2014-07-08T02:05:20.350+0000: 1160.976: [GC [PSYoungGen: 174518K->1196K(171520K)] 380494K->207260K(858496K), 0.0084410 secs] [Times: user=0.04 sys=0.00, real=0.00 secs] 
2014-07-08T02:05:20.840+0000: 1161.466: [GC [PSYoungGen: 171500K->894K(167872K)] 377564K->207022K(854848K), 0.0054160 secs] [Times: user=0.03 sys=0.00, real=0.00 secs] 
2014-07-08T02:05:21.420+0000: 1162.045: [GC [PSYoungGen: 167870K->694K(164416K)] 373998K->206870K(851392K), 0.0067570 secs] [Times: user=0.03 sys=0.00, real=0.06 secs] 
2014-07-08T02:05:21.981+0000: 1162.607: [GC [PSYoungGen: 164404K->1402K(197888K)] 370580K->207666K(884864K), 0.0175940 secs] [Times: user=0.09 sys=0.00, real=0.01 secs] 
2014-07-08T02:05:22.665+0000: 1163.290: [GC [PSYoungGen: 197882K->1064K(236864K)] 404146K->207400K(923840K), 0.0059850 secs] [Times: user=0.03 sys=0.00, real=0.01 secs] 
2014-07-08T02:05:23.482+0000: 1164.107: [GC [PSYoungGen: 236840K->748K(283712K)] 443176K->207256K(970688K), 0.0102130 secs] [Times: user=0.06 sys=0.00, real=0.01 secs] 
2014-07-08T02:05:24.506+0000: 1165.132: [GC [PSYoungGen: 283692K->698K(313856K)] 490200K->207254K(1000832K), 0.0147880 secs] [Times: user=0.10 sys=0.01, real=0.02 secs] 
2014-07-08T02:05:25.614+0000: 1166.240: [GC [PSYoungGen: 313018K->698K(341184K)] 519574K->207310K(1028160K), 0.0053420 secs] [Times: user=0.03 sys=0.00, real=0.00 secs] 
2014-07-08T02:05:26.846+0000: 1167.472: [GC [PSYoungGen: 340317K->872K(341120K)] 546930K->207548K(1028096K), 0.0101840 secs] [Times: user=0.06 sys=0.00, real=0.01 secs] 
2014-07-08T02:05:28.010+0000: 1168.636: [GC [PSYoungGen: 340520K->850K(330944K)] 547196K->207606K(1017920K), 0.0043890 secs] [Times: user=0.02 sys=0.01, real=0.01 secs] 
2014-07-08T02:05:29.155+0000: 1169.781: [GC [PSYoungGen: 330898K->886K(321728K)] 537654K->207698K(1008704K), 0.0065580 secs] [Times: user=0.04 sys=0.00, real=0.01 secs] 
2014-07-08T02:05:30.288+0000: 1170.914: [GC [PSYoungGen: 321702K->566K(312576K)] 528514K->207402K(999552K), 0.0088620 secs] [Times: user=0.04 sys=0.00, real=0.01 secs] 
2014-07-08T02:05:31.399+0000: 1172.025: [GC [PSYoungGen: 312566K->1036K(304576K)] 519402K->207984K(991552K), 0.0049730 secs] [Times: user=0.03 sys=0.00, real=0.01 secs] 
2014-07-08T02:05:32.495+0000: 1173.121: [GC [PSYoungGen: 304523K->744K(296064K)] 511471K->207740K(983040K), 0.0094290 secs] [Times: user=0.05 sys=0.00, real=0.01 secs] 
2014-07-08T02:05:33.496+0000: 1174.122: [GC [PSYoungGen: 296028K->722K(288192K)] 503024K->207798K(975168K), 0.0077030 secs] [Times: user=0.04 sys=0.00, real=0.01 secs] 
2014-07-08T02:05:34.457+0000: 1175.082: [GC [PSYoungGen: 288144K->562K(280448K)] 495220K->207686K(967424K), 0.0067850 secs] [Times: user=0.03 sys=0.00, real=0.01 secs] 
2014-07-08T02:05:35.434+0000: 1176.060: [GC [PSYoungGen: 280434K->1188K(273856K)] 487558K->208360K(960832K), 0.0104540 secs] [Times: user=0.05 sys=0.00, real=0.01 secs] 
2014-07-08T02:05:36.394+0000: 1177.020: [GC [PSYoungGen: 273828K->740K(266432K)] 481000K->208000K(953408K), 0.0029670 secs] [Times: user=0.02 sys=0.00, real=0.00 secs] 
2014-07-08T02:05:37.471+0000: 1178.097: [GC [PSYoungGen: 266404K->1220K(260224K)] 473664K->208512K(947200K), 0.0067890 secs] [Times: user=0.02 sys=0.00, real=0.01 secs] 
2014-07-08T02:05:38.235+0000: 1178.861: [GC [PSYoungGen: 260163K->818K(253312K)] 467455K->208190K(940288K), 0.0032940 secs] [Times: user=0.02 sys=0.00, real=0.00 secs] 
2014-07-08T02:05:39.166+0000: 1179.792: [GC [PSYoungGen: 253298K->868K(247168K)] 460670K->208328K(934144K), 0.0085470 secs] [Times: user=0.05 sys=0.01, real=0.01 secs] 
2014-07-08T02:05:40.119+0000: 1180.744: [GC [PSYoungGen: 247139K->1024K(241344K)] 454599K->208540K(928320K), 0.0085290 secs] [Times: user=0.06 sys=0.00, real=0.01 secs] 
2014-07-08T02:05:41.466+0000: 1182.092: [GC [PSYoungGen: 241280K->1084K(235584K)] 448796K->208640K(922560K), 0.0099160 secs] [Times: user=0.04 sys=0.00, real=0.01 secs] 
2014-07-08T02:05:42.375+0000: 1183.001: [GC [PSYoungGen: 235563K->680K(229632K)] 443120K->208528K(916608K), 0.0071880 secs] [Times: user=0.05 sys=0.00, real=0.00 secs] 
2014-07-08T02:05:43.144+0000: 1183.770: [GC [PSYoungGen: 229590K->1402K(224960K)] 437438K->209534K(911936K), 0.0080190 secs] [Times: user=0.05 sys=0.00, real=0.00 secs] 
2014-07-08T02:05:44.179+0000: 1184.805: [GC [PSYoungGen: 224912K->740K(219136K)] 433044K->209486K(906112K), 0.0076850 secs] [Times: user=0.04 sys=0.00, real=0.01 secs] 
2014-07-08T02:05:45.058+0000: 1185.684: [GC [PSYoungGen: 219108K->1718K(215104K)] 427854K->210703K(902080K), 0.0061200 secs] [Times: user=0.04 sys=0.00, real=0.01 secs] 
2014-07-08T02:05:45.602+0000: 1186.228: [GC [PSYoungGen: 215062K->1012K(209600K)] 424046K->210516K(896576K), 0.0083070 secs] [Times: user=0.05 sys=0.00, real=0.01 secs] 
2014-07-08T02:05:46.099+0000: 1186.725: [GC [PSYoungGen: 209577K->1438K(251776K)] 419082K->211031K(938752K), 0.0080900 secs] [Times: user=0.05 sys=0.00, real=0.01 secs] 
2014-07-08T02:05:46.934+0000: 1187.560: [GC [PSYoungGen: 251725K->1182K(301632K)] 461318K->210873K(988608K), 0.0095250 secs] [Times: user=0.06 sys=0.00, real=0.01 secs] 
2014-07-08T02:05:47.845+0000: 1188.471: [GC [PSYoungGen: 301598K->580K(292992K)] 511289K->210326K(979968K), 0.0051070 secs] [Times: user=0.03 sys=0.00, real=0.00 secs] 
2014-07-08T02:05:48.800+0000: 1189.426: [GC [PSYoungGen: 292932K->662K(285312K)] 502678K->210456K(972288K), 0.0064760 secs] [Times: user=0.04 sys=0.00, real=0.01 secs] 
2014-07-08T02:05:49.761+0000: 1190.387: [GC [PSYoungGen: 285270K->758K(277952K)] 495064K->210592K(964928K), 0.0068760 secs] [Times: user=0.04 sys=0.00, real=0.01 secs] 
2014-07-08T02:05:50.688+0000: 1191.314: [GC [PSYoungGen: 277942K->694K(270720K)] 487776K->210560K(957696K), 0.0041050 secs] [Times: user=0.02 sys=0.00, real=0.00 secs] 
2014-07-08T02:05:51.564+0000: 1192.190: [GC [PSYoungGen: 270710K->1469K(264640K)] 480576K->211383K(951616K), 0.0077020 secs] [Times: user=0.04 sys=0.00, real=0.00 secs] 
2014-07-08T02:05:52.426+0000: 1193.051: [GC [PSYoungGen: 264637K->1120K(257728K)] 474551K->211115K(944704K), 0.0064870 secs] [Times: user=0.04 sys=0.01, real=0.00 secs] 
2014-07-08T02:05:53.267+0000: 1193.893: [GC [PSYoungGen: 257696K->814K(251008K)] 467691K->210880K(937984K), 0.0029760 secs] [Times: user=0.01 sys=0.01, real=0.00 secs] 
2014-07-08T02:05:54.155+0000: 1194.781: [GC [PSYoungGen: 250990K->712K(244800K)] 461056K->210842K(931776K), 0.0037140 secs] [Times: user=0.02 sys=0.01, real=0.00 secs] 
2014-07-08T02:05:54.982+0000: 1195.608: [GC [PSYoungGen: 244733K->922K(239104K)] 454864K->211077K(926080K), 0.0045190 secs] [Times: user=0.02 sys=0.00, real=0.01 secs] 
2014-07-08T02:05:55.878+0000: 1196.504: [GC [PSYoungGen: 239066K->1146K(233600K)] 449221K->211397K(920576K), 0.0085130 secs] [Times: user=0.05 sys=0.01, real=0.01 secs] 
2014-07-08T02:05:56.650+0000: 1197.276: [GC [PSYoungGen: 233594K->814K(227776K)] 443845K->211097K(914752K), 0.0145090 secs] [Times: user=0.10 sys=0.00, real=0.01 secs] 
2014-07-08T02:05:57.406+0000: 1198.032: [GC [PSYoungGen: 227693K->1011K(222656K)] 437976K->211374K(909632K), 0.0077440 secs] [Times: user=0.05 sys=0.01, real=0.00 secs] 
2014-07-08T02:05:58.186+0000: 1198.812: [GC [PSYoungGen: 222610K->1071K(217600K)] 432973K->211506K(904576K), 0.0059260 secs] [Times: user=0.03 sys=0.00, real=0.00 secs] 
2014-07-08T02:05:58.972+0000: 1199.598: [GC [PSYoungGen: 217583K->776K(212416K)] 428018K->211266K(899392K), 0.0060800 secs] [Times: user=0.03 sys=0.00, real=0.01 secs] 
2014-07-08T02:05:59.725+0000: 1200.351: [GC [PSYoungGen: 212360K->1138K(208000K)] 422850K->211693K(894976K), 0.0104520 secs] [Times: user=0.06 sys=0.00, real=0.02 secs] 
2014-07-08T02:06:00.428+0000: 1201.054: [GC [PSYoungGen: 207986K->1188K(249472K)] 418541K->211807K(936448K), 0.0125100 secs] [Times: user=0.08 sys=0.01, real=0.01 secs] 
2014-07-08T02:06:01.280+0000: 1201.906: [GC [PSYoungGen: 249442K->844K(298816K)] 460060K->211558K(985792K), 0.0054860 secs] [Times: user=0.03 sys=0.00, real=0.00 secs] 
2014-07-08T02:06:02.370+0000: 1202.996: [GC [PSYoungGen: 298764K->840K(290880K)] 509478K->211642K(977856K), 0.0045560 secs] [Times: user=0.03 sys=0.00, real=0.00 secs] 
2014-07-08T02:06:03.332+0000: 1203.958: [GC [PSYoungGen: 290824K->1021K(283392K)] 501626K->211903K(970368K), 0.0048210 secs] [Times: user=0.03 sys=0.00, real=0.01 secs] 
2014-07-08T02:06:04.320+0000: 1204.946: [GC [PSYoungGen: 283388K->848K(275904K)] 494270K->211794K(962880K), 0.0055030 secs] [Times: user=0.03 sys=0.00, real=0.00 secs] 
2014-07-08T02:06:05.282+0000: 1205.908: [GC [PSYoungGen: 275856K->872K(268864K)] 486802K->211890K(955840K), 0.0076760 secs] [Times: user=0.05 sys=0.00, real=0.01 secs] 
2014-07-08T02:06:06.231+0000: 1206.857: [GC [PSYoungGen: 268840K->896K(262144K)] 479858K->212011K(949120K), 0.0037210 secs] [Times: user=0.03 sys=0.00, real=0.00 secs] 
2014-07-08T02:06:07.204+0000: 1207.830: [GC [PSYoungGen: 262031K->962K(255680K)] 473146K->212124K(942656K), 0.0032960 secs] [Times: user=0.02 sys=0.00, real=0.01 secs] 
2014-07-08T02:06:08.041+0000: 1208.667: [GC [PSYoungGen: 255618K->868K(249280K)] 466780K->212217K(936256K), 0.0069130 secs] [Times: user=0.04 sys=0.00, real=0.01 secs] 
2014-07-08T02:06:08.903+0000: 1209.529: [GC [PSYoungGen: 249252K->690K(243008K)] 460601K->212126K(929984K), 0.0046840 secs] [Times: user=0.03 sys=0.00, real=0.01 secs] 
2014-07-08T02:06:09.745+0000: 1210.371: [GC [PSYoungGen: 242994K->894K(237376K)] 454430K->212402K(924352K), 0.0056020 secs] [Times: user=0.03 sys=0.00, real=0.01 secs] 
2014-07-08T02:06:10.652+0000: 1211.278: [GC [PSYoungGen: 237373K->1228K(232128K)] 448881K->212800K(919104K), 0.0062000 secs] [Times: user=0.03 sys=0.00, real=0.01 secs] 
2014-07-08T02:06:11.393+0000: 1212.018: [GC [PSYoungGen: 232076K->544K(225984K)] 443648K->212639K(912960K), 0.0035650 secs] [Times: user=0.02 sys=0.01, real=0.00 secs] 
2014-07-08T02:06:12.194+0000: 1212.820: [GC [PSYoungGen: 225951K->972K(221184K)] 438046K->213139K(908160K), 0.0037990 secs] [Times: user=0.02 sys=0.00, real=0.01 secs] 
2014-07-08T02:06:12.984+0000: 1213.610: [GC [PSYoungGen: 221120K->1132K(216256K)] 433287K->213471K(903232K), 0.0110600 secs] [Times: user=0.07 sys=0.00, real=0.01 secs] 
2014-07-08T02:06:13.712+0000: 1214.338: [GC [PSYoungGen: 216205K->1068K(211328K)] 428544K->213471K(898304K), 0.0046150 secs] [Times: user=0.02 sys=0.00, real=0.00 secs] 
2014-07-08T02:06:14.472+0000: 1215.098: [GC [PSYoungGen: 211308K->612K(206208K)] 423711K->213217K(893184K), 0.0104740 secs] [Times: user=0.07 sys=0.00, real=0.01 secs] 
2014-07-08T02:06:15.161+0000: 1215.786: [GC [PSYoungGen: 206180K->658K(247424K)] 418785K->213335K(934400K), 0.0099390 secs] [Times: user=0.07 sys=0.01, real=0.01 secs] 
2014-07-08T02:06:16.009+0000: 1216.635: [GC [PSYoungGen: 247378K->990K(241728K)] 460055K->213763K(928704K), 0.0044740 secs] [Times: user=0.03 sys=0.00, real=0.00 secs] 
2014-07-08T02:06:16.959+0000: 1217.585: [GC [PSYoungGen: 241656K->1404K(236352K)] 454429K->214273K(923328K), 0.0056710 secs] [Times: user=0.04 sys=0.01, real=0.00 secs] 
2014-07-08T02:06:17.751+0000: 1218.377: [GC [PSYoungGen: 236348K->434K(229824K)] 449217K->213609K(916800K), 0.0082210 secs] [Times: user=0.05 sys=0.01, real=0.01 secs] 
2014-07-08T02:06:18.480+0000: 1219.106: [GC [PSYoungGen: 229810K->1467K(225472K)] 442985K->214722K(912448K), 0.0039830 secs] [Times: user=0.02 sys=0.00, real=0.00 secs] 
2014-07-08T02:06:19.267+0000: 1219.893: [GC [PSYoungGen: 225467K->498K(219328K)] 438722K->214107K(906304K), 0.0040170 secs] [Times: user=0.02 sys=0.00, real=0.01 secs] 
2014-07-08T02:06:20.043+0000: 1220.669: [GC [PSYoungGen: 219314K->644K(214528K)] 432923K->214301K(901504K), 0.0108410 secs] [Times: user=0.07 sys=0.00, real=0.01 secs] 
2014-07-08T02:06:20.847+0000: 1221.473: [GC [PSYoungGen: 214468K->1213K(210240K)] 428125K->214942K(897216K), 0.0077830 secs] [Times: user=0.05 sys=0.00, real=0.01 secs] 
2014-07-08T02:06:21.534+0000: 1222.160: [GC [PSYoungGen: 210228K->1358K(205760K)] 423957K->215168K(892736K), 0.0055180 secs] [Times: user=0.04 sys=0.00, real=0.01 secs] 
2014-07-08T02:06:22.242+0000: 1222.867: [GC [PSYoungGen: 205710K->868K(200768K)] 419520K->214773K(887744K), 0.0063950 secs] [Times: user=0.03 sys=0.00, real=0.00 secs] 
2014-07-08T02:06:23.000+0000: 1223.626: [GC [PSYoungGen: 200740K->644K(196224K)] 414645K->214573K(883200K), 0.0063500 secs] [Times: user=0.01 sys=0.00, real=0.00 secs] 
2014-07-08T02:06:23.682+0000: 1224.308: [GC [PSYoungGen: 196164K->982K(192384K)] 410093K->214975K(879360K), 0.0059420 secs] [Times: user=0.02 sys=0.00, real=0.00 secs] 
2014-07-08T02:06:24.313+0000: 1224.939: [GC [PSYoungGen: 192342K->630K(187968K)] 406335K->214719K(874944K), 0.0045710 secs] [Times: user=0.03 sys=0.00, real=0.00 secs] 
2014-07-08T02:06:24.966+0000: 1225.592: [GC [PSYoungGen: 187950K->768K(184256K)] 402039K->214929K(871232K), 0.0075800 secs] [Times: user=0.04 sys=0.00, real=0.01 secs] 
2014-07-08T02:06:25.629+0000: 1226.255: [GC [PSYoungGen: 184192K->974K(221184K)] 398353K->215175K(908160K), 0.0106490 secs] [Times: user=0.06 sys=0.01, real=0.01 secs] 
2014-07-08T02:06:26.378+0000: 1227.003: [GC [PSYoungGen: 221113K->912K(216064K)] 435315K->215161K(903040K), 0.0035950 secs] [Times: user=0.02 sys=0.00, real=0.01 secs] 
2014-07-08T02:06:27.145+0000: 1227.771: [GC [PSYoungGen: 216016K->580K(258816K)] 430265K->214869K(945792K), 0.0109200 secs] [Times: user=0.06 sys=0.00, real=0.01 secs] 
2014-07-08T02:06:28.106+0000: 1228.732: [GC [PSYoungGen: 258756K->1266K(253056K)] 473045K->215611K(940032K), 0.0043940 secs] [Times: user=0.01 sys=0.01, real=0.01 secs] 
2014-07-08T02:06:28.905+0000: 1229.531: [GC [PSYoungGen: 253042K->1227K(246848K)] 467387K->215652K(933824K), 0.0039090 secs] [Times: user=0.02 sys=0.00, real=0.00 secs] 
2014-07-08T02:06:29.808+0000: 1230.434: [GC [PSYoungGen: 246785K->680K(240320K)] 461210K->215415K(927296K), 0.0065070 secs] [Times: user=0.04 sys=0.00, real=0.01 secs] 
2014-07-08T02:06:30.626+0000: 1231.252: [GC [PSYoungGen: 240296K->1298K(235200K)] 455031K->216106K(922176K), 0.0063900 secs] [Times: user=0.04 sys=0.00, real=0.01 secs] 
2014-07-08T02:06:31.447+0000: 1232.073: [GC [PSYoungGen: 235131K->1092K(229504K)] 449938K->216203K(916480K), 0.0065050 secs] [Times: user=0.04 sys=0.00, real=0.01 secs] 
2014-07-08T02:06:32.495+0000: 1233.121: [GC [PSYoungGen: 229444K->908K(224000K)] 444555K->216107K(910976K), 0.0066590 secs] [Times: user=0.04 sys=0.00, real=0.01 secs] 
2014-07-08T02:06:33.416+0000: 1234.042: [GC [PSYoungGen: 223948K->1146K(219072K)] 439147K->216449K(906048K), 0.0039970 secs] [Times: user=0.01 sys=0.00, real=0.01 secs] 
2014-07-08T02:06:34.481+0000: 1235.107: [GC [PSYoungGen: 219066K->1381K(214336K)] 434369K->216764K(901312K), 0.0041000 secs] [Times: user=0.01 sys=0.01, real=0.00 secs] 
2014-07-08T02:06:34.908+0000: 1235.534: [GC [PSYoungGen: 214309K->684K(208832K)] 429692K->216399K(895808K), 0.0047540 secs] [Times: user=0.03 sys=0.01, real=0.01 secs] 
2014-07-08T02:06:35.500+0000: 1236.126: [GC [PSYoungGen: 208812K->944K(204480K)] 424527K->216715K(891456K), 0.0057520 secs] [Times: user=0.03 sys=0.00, real=0.01 secs] 
2014-07-08T02:06:36.270+0000: 1236.896: [GC [PSYoungGen: 204464K->1302K(200384K)] 420235K->217438K(887360K), 0.0088700 secs] [Times: user=0.05 sys=0.00, real=0.01 secs] 
2014-07-08T02:06:36.847+0000: 1237.473: [GC [PSYoungGen: 200336K->594K(195392K)] 416472K->216785K(882368K), 0.0078430 secs] [Times: user=0.05 sys=0.00, real=0.01 secs] 
2014-07-08T02:06:37.547+0000: 1238.173: [GC [PSYoungGen: 195287K->1086K(191680K)] 411478K->217381K(878656K), 0.0050870 secs] [Times: user=0.03 sys=0.00, real=0.01 secs] 
2014-07-08T02:06:38.137+0000: 1238.763: [GC [PSYoungGen: 191678K->1074K(187648K)] 407973K->217434K(874624K), 0.0060820 secs] [Times: user=0.04 sys=0.00, real=0.01 secs] 
2014-07-08T02:06:38.792+0000: 1239.418: [GC [PSYoungGen: 187634K->562K(183232K)] 403994K->217009K(870208K), 0.0042510 secs] [Times: user=0.03 sys=0.01, real=0.00 secs] 
2014-07-08T02:06:39.468+0000: 1240.094: [GC [PSYoungGen: 183201K->1150K(180032K)] 399649K->217662K(867008K), 0.0055210 secs] [Times: user=0.04 sys=0.00, real=0.01 secs] 
2014-07-08T02:06:40.028+0000: 1240.654: [GC [PSYoungGen: 180030K->498K(175744K)] 396542K->217049K(862720K), 0.0046040 secs] [Times: user=0.02 sys=0.00, real=0.01 secs] 
2014-07-08T02:06:40.641+0000: 1241.267: [GC [PSYoungGen: 175730K->644K(172416K)] 392281K->217251K(859392K), 0.0057490 secs] [Times: user=0.04 sys=0.00, real=0.01 secs] 
2014-07-08T02:06:41.236+0000: 1241.862: [GC [PSYoungGen: 172356K->1274K(169600K)] 388963K->217970K(856576K), 0.0057460 secs] [Times: user=0.04 sys=0.00, real=0.01 secs] 
2014-07-08T02:06:41.819+0000: 1242.444: [GC [PSYoungGen: 169594K->730K(165824K)] 386290K->217497K(852800K), 0.0036190 secs] [Times: user=0.02 sys=0.00, real=0.01 secs] 
2014-07-08T02:06:42.436+0000: 1243.062: [GC [PSYoungGen: 165786K->982K(162880K)] 382553K->217798K(849856K), 0.0072880 secs] [Times: user=0.04 sys=0.01, real=0.01 secs] 
2014-07-08T02:06:42.962+0000: 1243.588: [GC [PSYoungGen: 162838K->854K(159680K)] 379654K->217749K(846656K), 0.0060750 secs] [Times: user=0.03 sys=0.00, real=0.00 secs] 
2014-07-08T02:06:43.569+0000: 1244.195: [GC [PSYoungGen: 159638K->1008K(191616K)] 376533K->217983K(878592K), 0.0103650 secs] [Times: user=0.06 sys=0.00, real=0.01 secs] 
2014-07-08T02:06:44.211+0000: 1244.837: [GC [PSYoungGen: 191590K->1174K(229952K)] 408566K->218206K(916928K), 0.0067270 secs] [Times: user=0.04 sys=0.00, real=0.01 secs] 
2014-07-08T02:06:45.004+0000: 1245.630: [GC [PSYoungGen: 229910K->880K(224256K)] 446942K->217983K(911232K), 0.0028680 secs] [Times: user=0.02 sys=0.00, real=0.00 secs] 
2014-07-08T02:06:45.809+0000: 1246.435: [GC [PSYoungGen: 224215K->694K(218880K)] 441318K->217885K(905856K), 0.0053890 secs] [Times: user=0.03 sys=0.00, real=0.01 secs] 
2014-07-08T02:06:46.583+0000: 1247.209: [GC [PSYoungGen: 218870K->950K(214144K)] 436061K->218221K(901120K), 0.0057750 secs] [Times: user=0.03 sys=0.00, real=0.00 secs] 
2014-07-08T02:06:47.340+0000: 1247.966: [GC [PSYoungGen: 214134K->1242K(257152K)] 431405K->218546K(944128K), 0.0201640 secs] [Times: user=0.12 sys=0.00, real=0.02 secs] 
2014-07-08T02:06:48.253+0000: 1248.879: [GC [PSYoungGen: 257114K->764K(307840K)] 474418K->218301K(994816K), 0.0076820 secs] [Times: user=0.05 sys=0.00, real=0.00 secs] 
2014-07-08T02:06:49.334+0000: 1249.960: [GC [PSYoungGen: 307836K->1078K(350080K)] 525373K->218655K(1037056K), 0.0081890 secs] [Times: user=0.04 sys=0.01, real=0.00 secs] 
2014-07-08T02:06:50.543+0000: 1251.169: [GC [PSYoungGen: 349686K->946K(339584K)] 567263K->218662K(1026560K), 0.0101510 secs] [Times: user=0.05 sys=0.00, real=0.02 secs] 
2014-07-08T02:06:51.698+0000: 1252.324: [GC [PSYoungGen: 339546K->978K(330048K)] 557261K->218758K(1017024K), 0.0044280 secs] [Times: user=0.01 sys=0.00, real=0.00 secs] 
2014-07-08T02:06:52.867+0000: 1253.493: [GC [PSYoungGen: 330002K->662K(320512K)] 547782K->218521K(1007488K), 0.0031920 secs] [Times: user=0.02 sys=0.01, real=0.00 secs] 
2014-07-08T02:06:53.976+0000: 1254.602: [GC [PSYoungGen: 320470K->644K(311680K)] 538329K->218591K(998656K), 0.0063990 secs] [Times: user=0.04 sys=0.01, real=0.00 secs] 
2014-07-08T02:06:55.097+0000: 1255.723: [GC [PSYoungGen: 311612K->712K(303296K)] 529559K->218707K(990272K), 0.0059100 secs] [Times: user=0.04 sys=0.00, real=0.00 secs] 
2014-07-08T02:06:56.304+0000: 1256.929: [GC [PSYoungGen: 303240K->1237K(295680K)] 521235K->219297K(982656K), 0.0058000 secs] [Times: user=0.04 sys=0.00, real=0.01 secs] 
2014-07-08T02:06:58.266+0000: 1258.892: [GC [PSYoungGen: 295623K->818K(287424K)] 513682K->219217K(974400K), 0.0117590 secs] [Times: user=0.08 sys=0.01, real=0.01 secs] 
2014-07-08T02:07:00.516+0000: 1261.142: [GC [PSYoungGen: 287410K->1516K(280640K)] 505809K->219971K(967616K), 0.0064130 secs] [Times: user=0.04 sys=0.00, real=0.00 secs] 
2014-07-08T02:07:01.631+0000: 1262.257: [GC [PSYoungGen: 280620K->768K(272640K)] 499075K->219845K(959616K), 0.0044040 secs] [Times: user=0.03 sys=0.00, real=0.01 secs] 
2014-07-08T02:07:02.740+0000: 1263.366: [GC [PSYoungGen: 272629K->1415K(266368K)] 491707K->220589K(953344K), 0.0035040 secs] [Times: user=0.02 sys=0.01, real=0.00 secs] 
2014-07-08T02:07:04.020+0000: 1264.646: [GC [PSYoungGen: 266291K->1274K(259520K)] 485465K->220617K(946496K), 0.0099900 secs] [Times: user=0.06 sys=0.00, real=0.01 secs] 
2014-07-08T02:07:04.955+0000: 1265.581: [GC [PSYoungGen: 259473K->1832K(253696K)] 478817K->221346K(940672K), 0.0076280 secs] [Times: user=0.04 sys=0.00, real=0.00 secs] 
2014-07-08T02:07:05.718+0000: 1266.344: [GC [PSYoungGen: 253638K->626K(246272K)] 473152K->220659K(933248K), 0.0086580 secs] [Times: user=0.05 sys=0.00, real=0.01 secs] 
2014-07-08T02:07:06.361+0000: 1266.987: [GC [PSYoungGen: 246240K->1693K(241408K)] 466274K->221774K(928384K), 0.0088470 secs] [Times: user=0.06 sys=0.00, real=0.01 secs] 
2014-07-08T02:07:07.054+0000: 1267.679: [GC [PSYoungGen: 241373K->1400K(235328K)] 461454K->221983K(922304K), 0.0063630 secs] [Times: user=0.02 sys=0.00, real=0.01 secs] 
2014-07-08T02:07:07.760+0000: 1268.385: [GC [PSYoungGen: 235320K->1010K(229440K)] 455903K->221664K(916416K), 0.0058660 secs] [Times: user=0.04 sys=0.00, real=0.00 secs] 
2014-07-08T02:07:08.351+0000: 1268.976: [GC [PSYoungGen: 229387K->1279K(224384K)] 450042K->221998K(911360K), 0.0031880 secs] [Times: user=0.01 sys=0.00, real=0.00 secs] 
2014-07-08T02:07:08.894+0000: 1269.520: [GC [PSYoungGen: 224363K->872K(218880K)] 445082K->221654K(905856K), 0.0059880 secs] [Times: user=0.03 sys=0.01, real=0.01 secs] 
2014-07-08T02:07:09.613+0000: 1270.238: [GC [PSYoungGen: 218856K->1239K(214272K)] 439638K->222062K(901248K), 0.0070710 secs] [Times: user=0.04 sys=0.00, real=0.01 secs] 
2014-07-08T02:07:10.245+0000: 1270.871: [GC [PSYoungGen: 214183K->1406K(209600K)] 435005K->222292K(896576K), 0.0057240 secs] [Times: user=0.03 sys=0.00, real=0.01 secs] 
2014-07-08T02:07:10.733+0000: 1271.359: [GC [PSYoungGen: 209559K->1032K(204672K)] 430445K->221999K(891648K), 0.0054600 secs] [Times: user=0.04 sys=0.00, real=0.01 secs] 
2014-07-08T02:07:11.364+0000: 1271.990: [GC [PSYoungGen: 204616K->1220K(200384K)] 425583K->222259K(887360K), 0.0072340 secs] [Times: user=0.04 sys=0.01, real=0.01 secs] 
2014-07-08T02:07:11.818+0000: 1272.444: [GC [PSYoungGen: 200324K->1106K(195968K)] 421363K->222240K(882944K), 0.0046830 secs] [Times: user=0.02 sys=0.01, real=0.00 secs] 
2014-07-08T02:07:12.463+0000: 1273.089: [GC [PSYoungGen: 195922K->996K(191680K)] 417056K->222203K(878656K), 0.0055880 secs] [Times: user=0.03 sys=0.01, real=0.01 secs] 
2014-07-08T02:07:13.096+0000: 1273.722: [GC [PSYoungGen: 191652K->1042K(187712K)] 412859K->222337K(874688K), 0.0069980 secs] [Times: user=0.05 sys=0.00, real=0.01 secs] 
2014-07-08T02:07:13.660+0000: 1274.286: [GC [PSYoungGen: 187666K->626K(183360K)] 408961K->221984K(870336K), 0.0055360 secs] [Times: user=0.03 sys=0.01, real=0.00 secs] 
2014-07-08T02:07:14.310+0000: 1274.936: [GC [PSYoungGen: 183346K->982K(179968K)] 404704K->222404K(866944K), 0.0057250 secs] [Times: user=0.03 sys=0.00, real=0.00 secs] 
2014-07-08T02:07:14.851+0000: 1275.477: [GC [PSYoungGen: 179926K->900K(176256K)] 401348K->222410K(863232K), 0.0055650 secs] [Times: user=0.04 sys=0.00, real=0.01 secs] 
2014-07-08T02:07:15.460+0000: 1276.086: [GC [PSYoungGen: 176196K->900K(172736K)] 397706K->222475K(859712K), 0.0054680 secs] [Times: user=0.03 sys=0.00, real=0.00 secs] 
2014-07-08T02:07:16.039+0000: 1276.665: [GC [PSYoungGen: 172676K->1216K(169664K)] 394251K->222846K(856640K), 0.0048610 secs] [Times: user=0.02 sys=0.01, real=0.00 secs] 
2014-07-08T02:07:16.557+0000: 1277.183: [GC [PSYoungGen: 169567K->808K(165952K)] 391197K->222510K(852928K), 0.0056290 secs] [Times: user=0.04 sys=0.00, real=0.01 secs] 
2014-07-08T02:07:17.143+0000: 1277.769: [GC [PSYoungGen: 165927K->1216K(199424K)] 387630K->223007K(886400K), 0.0072690 secs] [Times: user=0.05 sys=0.00, real=0.01 secs] 
2014-07-08T02:07:17.774+0000: 1278.400: [GC [PSYoungGen: 199360K->640K(194496K)] 421151K->222502K(881472K), 0.0055270 secs] [Times: user=0.03 sys=0.00, real=0.01 secs] 
2014-07-08T02:07:18.452+0000: 1279.078: [GC [PSYoungGen: 194496K->594K(190336K)] 416358K->222488K(877312K), 0.0052810 secs] [Times: user=0.01 sys=0.00, real=0.01 secs] 
2014-07-08T02:07:19.049+0000: 1279.675: [GC [PSYoungGen: 190257K->1263K(187008K)] 412151K->223197K(873984K), 0.0073920 secs] [Times: user=0.02 sys=0.00, real=0.00 secs] 
2014-07-08T02:07:19.631+0000: 1280.257: [GC [PSYoungGen: 186991K->910K(182848K)] 408925K->222941K(869824K), 0.0044610 secs] [Times: user=0.03 sys=0.00, real=0.00 secs] 
2014-07-08T02:07:20.276+0000: 1280.902: [GC [PSYoungGen: 182798K->1267K(179456K)] 404829K->223378K(866432K), 0.0052170 secs] [Times: user=0.03 sys=0.00, real=0.01 secs] 
2014-07-08T02:07:20.788+0000: 1281.414: [GC [PSYoungGen: 179443K->868K(175488K)] 401554K->223066K(862464K), 0.0067930 secs] [Times: user=0.05 sys=0.00, real=0.00 secs] 
2014-07-08T02:07:21.440+0000: 1282.065: [GC [PSYoungGen: 175424K->1072K(172160K)] 397622K->223350K(859136K), 0.0060190 secs] [Times: user=0.04 sys=0.00, real=0.00 secs] 
2014-07-08T02:07:21.964+0000: 1282.589: [GC [PSYoungGen: 172144K->960K(168704K)] 394422K->223318K(855680K), 0.0039600 secs] [Times: user=0.02 sys=0.01, real=0.00 secs] 
2014-07-08T02:07:22.503+0000: 1283.128: [GC [PSYoungGen: 168549K->1135K(165568K)] 390907K->223590K(852544K), 0.0061480 secs] [Times: user=0.04 sys=0.00, real=0.01 secs] 
2014-07-08T02:07:23.051+0000: 1283.677: [GC [PSYoungGen: 165533K->1169K(162432K)] 387987K->223672K(849408K), 0.0039970 secs] [Times: user=0.02 sys=0.00, real=0.00 secs] 
2014-07-08T02:07:23.555+0000: 1284.181: [GC [PSYoungGen: 162330K->889K(159040K)] 384832K->223464K(846016K), 0.0064450 secs] [Times: user=0.04 sys=0.00, real=0.01 secs] 
2014-07-08T02:07:24.101+0000: 1284.727: [GC [PSYoungGen: 159033K->658K(155904K)] 381608K->223296K(842880K), 0.0044310 secs] [Times: user=0.03 sys=0.00, real=0.00 secs] 
2014-07-08T02:07:24.561+0000: 1285.187: [GC [PSYoungGen: 155858K->890K(153216K)] 378496K->223640K(840192K), 0.0047950 secs] [Times: user=0.03 sys=0.00, real=0.00 secs] 
2014-07-08T02:07:25.188+0000: 1285.814: [GC [PSYoungGen: 153210K->1386K(150912K)] 375960K->224209K(837888K), 0.0064550 secs] [Times: user=0.03 sys=0.00, real=0.00 secs] 
2014-07-08T02:07:25.627+0000: 1286.253: [GC [PSYoungGen: 150890K->790K(147648K)] 373713K->223692K(834624K), 0.0047650 secs] [Times: user=0.02 sys=0.00, real=0.01 secs] 
2014-07-08T02:07:26.148+0000: 1286.774: [GC [PSYoungGen: 147598K->1134K(177344K)] 370501K->224101K(864320K), 0.0062450 secs] [Times: user=0.03 sys=0.00, real=0.01 secs] 
2014-07-08T02:07:26.663+0000: 1287.289: [GC [PSYoungGen: 177326K->1074K(173760K)] 400293K->224129K(860736K), 0.0031580 secs] [Times: user=0.02 sys=0.00, real=0.00 secs] 
2014-07-08T02:07:27.343+0000: 1287.969: [GC [PSYoungGen: 173745K->872K(170112K)] 396800K->223982K(857088K), 0.0058570 secs] [Times: user=0.03 sys=0.00, real=0.01 secs] 
2014-07-08T02:07:27.850+0000: 1288.476: [GC [PSYoungGen: 170056K->936K(166848K)] 393166K->224118K(853824K), 0.0036200 secs] [Times: user=0.01 sys=0.00, real=0.00 secs] 
2014-07-08T02:07:28.400+0000: 1289.026: [GC [PSYoungGen: 166824K->612K(163328K)] 390006K->223874K(850304K), 0.0048130 secs] [Times: user=0.03 sys=0.00, real=0.00 secs] 
2014-07-08T02:07:28.975+0000: 1289.601: [GC [PSYoungGen: 163277K->1064K(160640K)] 386540K->224406K(847616K), 0.0057810 secs] [Times: user=0.02 sys=0.00, real=0.01 secs] 
2014-07-08T02:07:29.546+0000: 1290.172: [GC [PSYoungGen: 160614K->1110K(157696K)] 383956K->224557K(844672K), 0.0032500 secs] [Times: user=0.01 sys=0.00, real=0.01 secs] 
2014-07-08T02:07:30.090+0000: 1290.716: [GC [PSYoungGen: 157654K->762K(154368K)] 381101K->224328K(841344K), 0.0086420 secs] [Times: user=0.04 sys=0.00, real=0.00 secs] 
2014-07-08T02:07:30.609+0000: 1291.235: [GC [PSYoungGen: 154362K->580K(184960K)] 377928K->224202K(871936K), 0.0063260 secs] [Times: user=0.03 sys=0.00, real=0.01 secs] 
2014-07-08T02:07:31.349+0000: 1291.974: [GC [PSYoungGen: 184900K->1212K(181696K)] 408522K->224915K(868672K), 0.0040740 secs] [Times: user=0.02 sys=0.00, real=0.01 secs] 
2014-07-08T02:07:31.869+0000: 1292.494: [GC [PSYoungGen: 181692K->712K(177536K)] 405395K->224478K(864512K), 0.0033700 secs] [Times: user=0.01 sys=0.00, real=0.01 secs] 
2014-07-08T02:07:32.497+0000: 1293.123: [GC [PSYoungGen: 177480K->498K(173696K)] 401246K->224304K(860672K), 0.0037410 secs] [Times: user=0.02 sys=0.00, real=0.01 secs] 
2014-07-08T02:07:33.161+0000: 1293.787: [GC [PSYoungGen: 173682K->1436K(209344K)] 397488K->225315K(896320K), 0.0131160 secs] [Times: user=0.07 sys=0.01, real=0.01 secs] 
2014-07-08T02:07:33.811+0000: 1294.437: [GC [PSYoungGen: 209307K->630K(203904K)] 433186K->224564K(890880K), 0.0056370 secs] [Times: user=0.03 sys=0.00, real=0.00 secs] 
2014-07-08T02:07:34.500+0000: 1295.126: [GC [PSYoungGen: 203894K->818K(199616K)] 427828K->224800K(886592K), 0.0038830 secs] [Times: user=0.02 sys=0.00, real=0.01 secs] 
2014-07-08T02:07:35.256+0000: 1295.882: [GC [PSYoungGen: 199602K->1078K(239680K)] 423584K->225117K(926656K), 0.0137520 secs] [Times: user=0.09 sys=0.00, real=0.02 secs] 
2014-07-08T02:07:36.018+0000: 1296.644: [GC [PSYoungGen: 239669K->978K(287360K)] 463707K->225112K(974336K), 0.0061960 secs] [Times: user=0.04 sys=0.00, real=0.01 secs] 
2014-07-08T02:07:37.035+0000: 1297.661: [GC [PSYoungGen: 287273K->1142K(280000K)] 511408K->225430K(966976K), 0.0049490 secs] [Times: user=0.03 sys=0.00, real=0.01 secs] 
2014-07-08T02:07:37.970+0000: 1298.596: [GC [PSYoungGen: 279990K->630K(272256K)] 504278K->224982K(959232K), 0.0034510 secs] [Times: user=0.02 sys=0.01, real=0.00 secs] 
2014-07-08T02:07:38.928+0000: 1299.554: [GC [PSYoungGen: 272228K->1114K(265856K)] 496580K->225514K(952832K), 0.0054450 secs] [Times: user=0.02 sys=0.00, real=0.01 secs] 
2014-07-08T02:07:39.818+0000: 1300.444: [GC [PSYoungGen: 265818K->1032K(259136K)] 490218K->225504K(946112K), 0.0057540 secs] [Times: user=0.03 sys=0.00, real=0.01 secs] 
2014-07-08T02:07:40.724+0000: 1301.350: [GC [PSYoungGen: 259080K->876K(252544K)] 483552K->225452K(939520K), 0.0043080 secs] [Times: user=0.03 sys=0.01, real=0.00 secs] 
2014-07-08T02:07:41.610+0000: 1302.236: [GC [PSYoungGen: 252524K->950K(246400K)] 477100K->225598K(933376K), 0.0037800 secs] [Times: user=0.02 sys=0.00, real=0.01 secs] 
2014-07-08T02:07:42.487+0000: 1303.113: [GC [PSYoungGen: 246390K->1046K(240576K)] 471038K->225791K(927552K), 0.0066750 secs] [Times: user=0.04 sys=0.00, real=0.01 secs] 
2014-07-08T02:07:43.338+0000: 1303.964: [GC [PSYoungGen: 240534K->862K(234624K)] 465279K->225662K(921600K), 0.0036960 secs] [Times: user=0.02 sys=0.00, real=0.01 secs] 
2014-07-08T02:07:44.142+0000: 1304.767: [GC [PSYoungGen: 234590K->758K(228992K)] 459390K->225630K(915968K), 0.0044100 secs] [Times: user=0.02 sys=0.00, real=0.00 secs] 
2014-07-08T02:07:44.947+0000: 1305.573: [GC [PSYoungGen: 228982K->1086K(224000K)] 453854K->226030K(910976K), 0.0037400 secs] [Times: user=0.01 sys=0.00, real=0.01 secs] 
2014-07-08T02:07:45.766+0000: 1306.392: [GC [PSYoungGen: 223997K->768K(218624K)] 448941K->225744K(905600K), 0.0109910 secs] [Times: user=0.05 sys=0.00, real=0.01 secs] 
2014-07-08T02:07:46.484+0000: 1307.110: [GC [PSYoungGen: 218547K->1248K(214144K)] 443524K->226289K(901120K), 0.0047770 secs] [Times: user=0.01 sys=0.00, real=0.00 secs] 
2014-07-08T02:07:47.330+0000: 1307.956: [GC [PSYoungGen: 214112K->762K(208832K)] 439153K->225986K(895808K), 0.0064620 secs] [Times: user=0.04 sys=0.00, real=0.01 secs] 
2014-07-08T02:07:47.961+0000: 1308.587: [GC [PSYoungGen: 208826K->1128K(204608K)] 434050K->226417K(891584K), 0.0041620 secs] [Times: user=0.02 sys=0.00, real=0.01 secs] 
2014-07-08T02:07:48.668+0000: 1309.294: [GC [PSYoungGen: 204584K->886K(199872K)] 429873K->226439K(886848K), 0.0053520 secs] [Times: user=0.04 sys=0.01, real=0.01 secs] 
2014-07-08T02:07:49.410+0000: 1310.036: [GC [PSYoungGen: 199862K->1322K(196032K)] 425415K->226946K(883008K), 0.0031830 secs] [Times: user=0.01 sys=0.00, real=0.01 secs] 
2014-07-08T02:07:50.053+0000: 1310.679: [GC [PSYoungGen: 196009K->633K(191168K)] 421634K->226607K(878144K), 0.0084160 secs] [Times: user=0.05 sys=0.00, real=0.00 secs] 
2014-07-08T02:07:50.711+0000: 1311.337: [GC [PSYoungGen: 191161K->790K(187328K)] 417135K->226836K(874304K), 0.0038490 secs] [Times: user=0.02 sys=0.01, real=0.01 secs] 
2014-07-08T02:07:51.473+0000: 1312.099: [GC [PSYoungGen: 187247K->1299K(183936K)] 413294K->227467K(870912K), 0.0038680 secs] [Times: user=0.02 sys=0.00, real=0.00 secs] 
2014-07-08T02:07:52.008+0000: 1312.634: [GC [PSYoungGen: 183891K->804K(179648K)] 410059K->227044K(866624K), 0.0098050 secs] [Times: user=0.07 sys=0.00, real=0.01 secs] 
2014-07-08T02:07:52.646+0000: 1313.272: [GC [PSYoungGen: 179620K->694K(175872K)] 405860K->227014K(862848K), 0.0052000 secs] [Times: user=0.03 sys=0.00, real=0.00 secs] 
2014-07-08T02:07:53.321+0000: 1313.947: [GC [PSYoungGen: 175862K->968K(211264K)] 402182K->227352K(898240K), 0.0108620 secs] [Times: user=0.06 sys=0.00, real=0.01 secs] 
2014-07-08T02:07:53.988+0000: 1314.614: [GC [PSYoungGen: 211208K->832K(206464K)] 437592K->227297K(893440K), 0.0038480 secs] [Times: user=0.01 sys=0.01, real=0.00 secs] 
2014-07-08T02:07:54.713+0000: 1315.339: [GC [PSYoungGen: 206400K->644K(201728K)] 432865K->227188K(888704K), 0.0083680 secs] [Times: user=0.05 sys=0.00, real=0.01 secs] 
2014-07-08T02:07:55.422+0000: 1316.048: [GC [PSYoungGen: 201668K->747K(197440K)] 428212K->227355K(884416K), 0.0055650 secs] [Times: user=0.04 sys=0.00, real=0.01 secs] 
2014-07-08T02:07:56.116+0000: 1316.742: [GC [PSYoungGen: 197419K->976K(193472K)] 424027K->227624K(880448K), 0.0036240 secs] [Times: user=0.01 sys=0.00, real=0.00 secs] 
2014-07-08T02:07:56.759+0000: 1317.385: [GC [PSYoungGen: 193424K->580K(188992K)] 420072K->227268K(875968K), 0.0083870 secs] [Times: user=0.05 sys=0.01, real=0.01 secs] 
2014-07-08T02:07:57.529+0000: 1318.155: [GC [PSYoungGen: 188932K->992K(227072K)] 415620K->227713K(914048K), 0.0100540 secs] [Times: user=0.07 sys=0.00, real=0.01 secs] 
2014-07-08T02:07:58.242+0000: 1318.868: [GC [PSYoungGen: 227040K->1166K(222016K)] 453761K->227975K(908992K), 0.0055230 secs] [Times: user=0.04 sys=0.00, real=0.01 secs] 
2014-07-08T02:07:58.978+0000: 1319.604: [GC [PSYoungGen: 221966K->836K(216640K)] 448775K->227732K(903616K), 0.0082980 secs] [Times: user=0.04 sys=0.00, real=0.01 secs] 
2014-07-08T02:07:59.742+0000: 1320.368: [GC [PSYoungGen: 216553K->878K(211776K)] 443450K->227913K(898752K), 0.0076130 secs] [Times: user=0.04 sys=0.00, real=0.01 secs] 
2014-07-08T02:08:00.467+0000: 1321.093: [GC [PSYoungGen: 211758K->930K(254016K)] 438793K->228028K(940992K), 0.0086010 secs] [Times: user=0.05 sys=0.00, real=0.01 secs] 
2014-07-08T02:08:01.389+0000: 1322.015: [GC [PSYoungGen: 253971K->844K(247744K)] 481070K->228056K(934720K), 0.0056200 secs] [Times: user=0.03 sys=0.00, real=0.01 secs] 
2014-07-08T02:08:02.242+0000: 1322.868: [GC [PSYoungGen: 247692K->1038K(241920K)] 474904K->228331K(928896K), 0.0034840 secs] [Times: user=0.02 sys=0.00, real=0.01 secs] 
2014-07-08T02:08:03.195+0000: 1323.821: [GC [PSYoungGen: 241870K->754K(235840K)] 469163K->228216K(922816K), 0.0070710 secs] [Times: user=0.04 sys=0.00, real=0.00 secs] 
2014-07-08T02:08:03.921+0000: 1324.547: [GC [PSYoungGen: 235826K->904K(230464K)] 463288K->228486K(917440K), 0.0030290 secs] [Times: user=0.02 sys=0.00, real=0.01 secs] 
2014-07-08T02:08:04.719+0000: 1325.345: [GC [PSYoungGen: 230408K->662K(224832K)] 457990K->228348K(911808K), 0.0079290 secs] [Times: user=0.05 sys=0.00, real=0.01 secs] 
2014-07-08T02:08:05.518+0000: 1326.144: [GC [PSYoungGen: 224790K->580K(219584K)] 452476K->228330K(906560K), 0.0062960 secs] [Times: user=0.04 sys=0.00, real=0.01 secs] 
2014-07-08T02:08:06.268+0000: 1326.894: [GC [PSYoungGen: 219524K->744K(214720K)] 447274K->228558K(901696K), 0.0066130 secs] [Times: user=0.04 sys=0.00, real=0.00 secs] 
2014-07-08T02:08:07.085+0000: 1327.711: [GC [PSYoungGen: 214696K->1148K(210304K)] 442510K->229034K(897280K), 0.0065300 secs] [Times: user=0.04 sys=0.00, real=0.01 secs] 
2014-07-08T02:08:07.759+0000: 1328.385: [GC [PSYoungGen: 210300K->548K(205056K)] 438186K->228482K(892032K), 0.0054140 secs] [Times: user=0.04 sys=0.00, real=0.00 secs] 
2014-07-08T02:08:08.481+0000: 1329.107: [GC [PSYoungGen: 205028K->1274K(201280K)] 432962K->229273K(888256K), 0.0075940 secs] [Times: user=0.05 sys=0.00, real=0.02 secs] 
2014-07-08T02:08:09.203+0000: 1329.829: [GC [PSYoungGen: 201273K->889K(196544K)] 429272K->229216K(883520K), 0.0080380 secs] [Times: user=0.04 sys=0.00, real=0.01 secs] 
2014-07-08T02:08:09.853+0000: 1330.478: [GC [PSYoungGen: 196535K->712K(192256K)] 424862K->229134K(879232K), 0.0037890 secs] [Times: user=0.02 sys=0.00, real=0.01 secs] 
2014-07-08T02:08:10.533+0000: 1331.159: [GC [PSYoungGen: 192200K->850K(188352K)] 420622K->229337K(875328K), 0.0038380 secs] [Times: user=0.02 sys=0.00, real=0.01 secs] 
2014-07-08T02:08:11.237+0000: 1331.862: [GC [PSYoungGen: 188306K->1164K(184768K)] 416793K->229731K(871744K), 0.0057890 secs] [Times: user=0.03 sys=0.00, real=0.00 secs] 
2014-07-08T02:08:11.834+0000: 1332.460: [GC [PSYoungGen: 184697K->890K(180672K)] 413264K->229595K(867648K), 0.0074260 secs] [Times: user=0.05 sys=0.00, real=0.01 secs] 
2014-07-08T02:08:12.523+0000: 1333.149: [GC [PSYoungGen: 180666K->894K(177024K)] 409371K->229679K(864000K), 0.0036210 secs] [Times: user=0.02 sys=0.00, real=0.01 secs] 
2014-07-08T02:08:13.137+0000: 1333.763: [GC [PSYoungGen: 177022K->1202K(173824K)] 405807K->230099K(860800K), 0.0057510 secs] [Times: user=0.03 sys=0.00, real=0.00 secs] 
2014-07-08T02:08:13.715+0000: 1334.341: [GC [PSYoungGen: 173810K->612K(169792K)] 402707K->229580K(856768K), 0.0048600 secs] [Times: user=0.03 sys=0.00, real=0.01 secs] 
2014-07-08T02:08:14.295+0000: 1334.921: [GC [PSYoungGen: 169764K->1014K(166848K)] 398732K->230055K(853824K), 0.0032040 secs] [Times: user=0.01 sys=0.00, real=0.01 secs] 
2014-07-08T02:08:14.858+0000: 1335.483: [GC [PSYoungGen: 166838K->944K(163584K)] 395879K->230049K(850560K), 0.0057040 secs] [Times: user=0.03 sys=0.01, real=0.00 secs] 
2014-07-08T02:08:15.423+0000: 1336.049: [GC [PSYoungGen: 163568K->548K(160064K)] 392673K->229692K(847040K), 0.0033990 secs] [Times: user=0.01 sys=0.00, real=0.01 secs] 
2014-07-08T02:08:15.992+0000: 1336.618: [GC [PSYoungGen: 160036K->790K(192256K)] 389180K->229998K(879232K), 0.0107450 secs] [Times: user=0.06 sys=0.00, real=0.01 secs] 
2014-07-08T02:08:16.663+0000: 1337.289: [GC [PSYoungGen: 192211K->644K(188096K)] 421420K->229940K(875072K), 0.0056670 secs] [Times: user=0.04 sys=0.00, real=0.01 secs] 
2014-07-08T02:08:17.438+0000: 1338.064: [GC [PSYoungGen: 188018K->1390K(184896K)] 417315K->230915K(871872K), 0.0055450 secs] [Times: user=0.02 sys=0.00, real=0.00 secs] 
2014-07-08T02:08:17.990+0000: 1338.616: [GC [PSYoungGen: 184878K->750K(220992K)] 414403K->230453K(907968K), 0.0079670 secs] [Times: user=0.05 sys=0.00, real=0.01 secs] 
2014-07-08T02:08:18.766+0000: 1339.392: [GC [PSYoungGen: 220974K->562K(215744K)] 450677K->230320K(902720K), 0.0061830 secs] [Times: user=0.04 sys=0.00, real=0.01 secs] 
2014-07-08T02:08:19.612+0000: 1340.238: [GC [PSYoungGen: 215730K->886K(211200K)] 445488K->230767K(898176K), 0.0036200 secs] [Times: user=0.02 sys=0.00, real=0.00 secs] 
2014-07-08T02:08:20.273+0000: 1340.899: [GC [PSYoungGen: 211190K->882K(206528K)] 441071K->230819K(893504K), 0.0088840 secs] [Times: user=0.06 sys=0.00, real=0.01 secs] 
2014-07-08T02:08:20.938+0000: 1341.563: [GC [PSYoungGen: 206514K->864K(201984K)] 436451K->230881K(888960K), 0.0036750 secs] [Times: user=0.02 sys=0.00, real=0.00 secs] 
2014-07-08T02:08:21.649+0000: 1342.275: [GC [PSYoungGen: 201952K->982K(197760K)] 431969K->231079K(884736K), 0.0034510 secs] [Times: user=0.01 sys=0.00, real=0.00 secs] 
2014-07-08T02:08:22.348+0000: 1342.974: [GC [PSYoungGen: 197718K->814K(193344K)] 427815K->230959K(880320K), 0.0106970 secs] [Times: user=0.06 sys=0.00, real=0.01 secs] 
2014-07-08T02:08:23.020+0000: 1343.646: [GC [PSYoungGen: 193326K->826K(189248K)] 423471K->231027K(876224K), 0.0057920 secs] [Times: user=0.02 sys=0.00, real=0.00 secs] 
2014-07-08T02:08:23.672+0000: 1344.298: [GC [PSYoungGen: 189242K->1052K(185536K)] 419443K->231325K(872512K), 0.0045800 secs] [Times: user=0.03 sys=0.00, real=0.00 secs] 
2014-07-08T02:08:24.356+0000: 1344.981: [GC [PSYoungGen: 185499K->1156K(222592K)] 415772K->231485K(909568K), 0.0112530 secs] [Times: user=0.06 sys=0.01, real=0.01 secs] 
2014-07-08T02:08:25.070+0000: 1345.696: [GC [PSYoungGen: 222532K->434K(216768K)] 452861K->230947K(903744K), 0.0060920 secs] [Times: user=0.04 sys=0.01, real=0.00 secs] 
2014-07-08T02:08:25.816+0000: 1346.442: [GC [PSYoungGen: 216754K->1234K(260864K)] 447267K->231827K(947840K), 0.0084380 secs] [Times: user=0.06 sys=0.00, real=0.01 secs] 
2014-07-08T02:08:26.733+0000: 1347.359: [GC [PSYoungGen: 260818K->626K(253760K)] 491411K->231473K(940736K), 0.0087460 secs] [Times: user=0.06 sys=0.00, real=0.01 secs] 
2014-07-08T02:08:27.614+0000: 1348.240: [GC [PSYoungGen: 253706K->868K(247808K)] 484553K->231763K(934784K), 0.0076620 secs] [Times: user=0.05 sys=0.00, real=0.01 secs] 
2014-07-08T02:08:28.512+0000: 1349.138: [GC [PSYoungGen: 247738K->1398K(242304K)] 478633K->232350K(929280K), 0.0045710 secs] [Times: user=0.02 sys=0.00, real=0.00 secs] 
2014-07-08T02:08:29.433+0000: 1350.059: [GC [PSYoungGen: 242294K->1330K(236480K)] 473246K->232353K(923456K), 0.0063350 secs] [Times: user=0.05 sys=0.00, real=0.01 secs] 
2014-07-08T02:08:30.146+0000: 1350.772: [GC [PSYoungGen: 236466K->502K(230080K)] 467489K->231809K(917056K), 0.0065030 secs] [Times: user=0.04 sys=0.00, real=0.01 secs] 
2014-07-08T02:08:30.940+0000: 1351.566: [GC [PSYoungGen: 229972K->1328K(225536K)] 461279K->232699K(912512K), 0.0059610 secs] [Times: user=0.04 sys=0.00, real=0.00 secs] 
2014-07-08T02:08:31.725+0000: 1352.351: [GC [PSYoungGen: 225520K->708K(219776K)] 456891K->232563K(906752K), 0.0035320 secs] [Times: user=0.02 sys=0.00, real=0.01 secs] 
2014-07-08T02:08:32.512+0000: 1353.138: [GC [PSYoungGen: 219716K->776K(214848K)] 451571K->232735K(901824K), 0.0053520 secs] [Times: user=0.03 sys=0.00, real=0.00 secs] 
2014-07-08T02:08:33.289+0000: 1353.915: [GC [PSYoungGen: 214792K->1202K(210432K)] 446751K->233233K(897408K), 0.0069710 secs] [Times: user=0.04 sys=0.01, real=0.01 secs] 
2014-07-08T02:08:33.992+0000: 1354.618: [GC [PSYoungGen: 210418K->680K(205248K)] 442449K->232767K(892224K), 0.0038760 secs] [Times: user=0.02 sys=0.00, real=0.00 secs] 
2014-07-08T02:08:34.712+0000: 1355.338: [GC [PSYoungGen: 205219K->626K(200704K)] 437306K->232793K(887680K), 0.0049220 secs] [Times: user=0.03 sys=0.00, real=0.00 secs] 
2014-07-08T02:08:35.469+0000: 1356.095: [GC [PSYoungGen: 200621K->1231K(196992K)] 432789K->233479K(883968K), 0.0093300 secs] [Times: user=0.06 sys=0.01, real=0.00 secs] 
2014-07-08T02:08:36.089+0000: 1356.715: [GC [PSYoungGen: 196943K->694K(192256K)] 429191K->233045K(879232K), 0.0075590 secs] [Times: user=0.05 sys=0.00, real=0.00 secs] 
2014-07-08T02:08:36.769+0000: 1357.395: [GC [PSYoungGen: 192246K->484K(230400K)] 424597K->232891K(917376K), 0.0128500 secs] [Times: user=0.08 sys=0.00, real=0.01 secs] 
2014-07-08T02:08:37.638+0000: 1358.264: [GC [PSYoungGen: 230372K->994K(225536K)] 462779K->233449K(912512K), 0.0048910 secs] [Times: user=0.02 sys=0.00, real=0.01 secs] 
2014-07-08T02:08:38.464+0000: 1359.090: [GC [PSYoungGen: 225503K->1394K(220736K)] 457959K->233921K(907712K), 0.0049470 secs] [Times: user=0.02 sys=0.00, real=0.01 secs] 
2014-07-08T02:08:39.156+0000: 1359.782: [GC [PSYoungGen: 220722K->946K(215296K)] 453249K->233896K(902272K), 0.0039080 secs] [Times: user=0.02 sys=0.01, real=0.01 secs] 
2014-07-08T02:08:39.905+0000: 1360.531: [GC [PSYoungGen: 215276K->744K(210240K)] 448225K->233757K(897216K), 0.0080440 secs] [Times: user=0.05 sys=0.00, real=0.01 secs] 
2014-07-08T02:08:40.641+0000: 1361.267: [GC [PSYoungGen: 210216K->658K(205504K)] 443229K->233917K(892480K), 0.0054460 secs] [Times: user=0.01 sys=0.00, real=0.00 secs] 
2014-07-08T02:08:41.380+0000: 1362.006: [GC [PSYoungGen: 205458K->612K(200960K)] 438717K->233895K(887936K), 0.0067740 secs] [Times: user=0.02 sys=0.01, real=0.00 secs] 
2014-07-08T02:08:42.076+0000: 1362.702: [GC [PSYoungGen: 200932K->1074K(197056K)] 434215K->234446K(884032K), 0.0059860 secs] [Times: user=0.04 sys=0.00, real=0.01 secs] 
2014-07-08T02:08:42.766+0000: 1363.392: [GC [PSYoungGen: 197042K->580K(192384K)] 430414K->234023K(879360K), 0.0042220 secs] [Times: user=0.02 sys=0.00, real=0.01 secs] 
2014-07-08T02:08:43.674+0000: 1364.300: [GC [PSYoungGen: 192324K->1166K(188928K)] 425767K->234674K(875904K), 0.0091300 secs] [Times: user=0.05 sys=0.00, real=0.01 secs] 
2014-07-08T02:08:44.255+0000: 1364.881: [GC [PSYoungGen: 188841K->822K(184640K)] 422348K->234433K(871616K), 0.0061950 secs] [Times: user=0.03 sys=0.01, real=0.01 secs] 
2014-07-08T02:08:44.786+0000: 1365.412: [GC [PSYoungGen: 184566K->907K(180992K)] 418178K->234574K(867968K), 0.0070940 secs] [Times: user=0.03 sys=0.00, real=0.01 secs] 
2014-07-08T02:08:45.507+0000: 1366.133: [GC [PSYoungGen: 180939K->1074K(177472K)] 414606K->234790K(864448K), 0.0078720 secs] [Times: user=0.04 sys=0.00, real=0.01 secs] 
2014-07-08T02:08:45.997+0000: 1366.622: [GC [PSYoungGen: 177450K->644K(173568K)] 411166K->234431K(860544K), 0.0032010 secs] [Times: user=0.02 sys=0.00, real=0.00 secs] 
2014-07-08T02:08:46.574+0000: 1367.200: [GC [PSYoungGen: 173506K->1016K(208512K)] 407294K->234876K(895488K), 0.0130090 secs] [Times: user=0.07 sys=0.00, real=0.01 secs] 
2014-07-08T02:08:47.356+0000: 1367.982: [GC [PSYoungGen: 208503K->1164K(250240K)] 442363K->235079K(937216K), 0.0054690 secs] [Times: user=0.02 sys=0.00, real=0.01 secs] 
2014-07-08T02:08:48.180+0000: 1368.806: [GC [PSYoungGen: 250188K->726K(243712K)] 484103K->234705K(930688K), 0.0059030 secs] [Times: user=0.02 sys=0.00, real=0.01 secs] 
2014-07-08T02:08:49.036+0000: 1369.662: [GC [PSYoungGen: 243670K->782K(237888K)] 477649K->234802K(924864K), 0.0042790 secs] [Times: user=0.02 sys=0.00, real=0.00 secs] 
2014-07-08T02:08:49.867+0000: 1370.493: [GC [PSYoungGen: 237838K->562K(232000K)] 471858K->234621K(918976K), 0.0074880 secs] [Times: user=0.03 sys=0.00, real=0.01 secs] 
2014-07-08T02:08:50.720+0000: 1371.346: [GC [PSYoungGen: 231952K->844K(226880K)] 466012K->234975K(913856K), 0.0054670 secs] [Times: user=0.03 sys=0.00, real=0.01 secs] 
2014-07-08T02:08:51.526+0000: 1372.152: [GC [PSYoungGen: 226821K->958K(221696K)] 460953K->235137K(908672K), 0.0068630 secs] [Times: user=0.04 sys=0.00, real=0.01 secs] 
2014-07-08T02:08:52.280+0000: 1372.906: [GC [PSYoungGen: 221694K->868K(216576K)] 455873K->235127K(903552K), 0.0091570 secs] [Times: user=0.05 sys=0.00, real=0.01 secs] 
2014-07-08T02:08:52.988+0000: 1373.614: [GC [PSYoungGen: 216546K->516K(211392K)] 450806K->234839K(898368K), 0.0059080 secs] [Times: user=0.03 sys=0.00, real=0.01 secs] 
2014-07-08T02:08:53.733+0000: 1374.359: [GC [PSYoungGen: 211332K->498K(206592K)] 445655K->234885K(893568K), 0.0031890 secs] [Times: user=0.02 sys=0.00, real=0.00 secs] 
2014-07-08T02:08:54.516+0000: 1375.142: [GC [PSYoungGen: 206530K->1118K(202688K)] 440918K->235577K(889664K), 0.0040350 secs] [Times: user=0.02 sys=0.00, real=0.00 secs] 
2014-07-08T02:08:55.154+0000: 1375.780: [GC [PSYoungGen: 202653K->1056K(198208K)] 437112K->235612K(885184K), 0.0065650 secs] [Times: user=0.03 sys=0.01, real=0.00 secs] 
2014-07-08T02:08:55.849+0000: 1376.475: [GC [PSYoungGen: 198176K->758K(193664K)] 432732K->235393K(880640K), 0.0050760 secs] [Times: user=0.03 sys=0.00, real=0.01 secs] 
2014-07-08T02:08:56.612+0000: 1377.238: [GC [PSYoungGen: 193624K->1121K(189952K)] 428260K->235953K(876928K), 0.0135240 secs] [Times: user=0.08 sys=0.00, real=0.01 secs] 
2014-07-08T02:08:57.180+0000: 1377.806: [GC [PSYoungGen: 189921K->826K(227392K)] 424753K->235729K(914368K), 0.0061060 secs] [Times: user=0.03 sys=0.01, real=0.01 secs] 
2014-07-08T02:08:57.984+0000: 1378.610: [GC [PSYoungGen: 227349K->812K(222144K)] 462252K->235821K(909120K), 0.0028810 secs] [Times: user=0.01 sys=0.00, real=0.00 secs] 
2014-07-08T02:08:58.755+0000: 1379.381: [GC [PSYoungGen: 222115K->793K(217088K)] 457125K->235874K(904064K), 0.0045700 secs] [Times: user=0.02 sys=0.00, real=0.00 secs] 
2014-07-08T02:08:59.522+0000: 1380.148: [GC [PSYoungGen: 217024K->1188K(212544K)] 452106K->236358K(899520K), 0.0077310 secs] [Times: user=0.05 sys=0.00, real=0.01 secs] 
2014-07-08T02:09:00.328+0000: 1380.954: [GC [PSYoungGen: 212516K->1098K(207744K)] 447686K->236316K(894720K), 0.0048950 secs] [Times: user=0.02 sys=0.00, real=0.01 secs] 
2014-07-08T02:09:01.000+0000: 1381.626: [GC [PSYoungGen: 207690K->636K(202688K)] 442908K->236375K(889664K), 0.0052840 secs] [Times: user=0.01 sys=0.00, real=0.01 secs] 
2014-07-08T02:09:01.870+0000: 1382.496: [GC [PSYoungGen: 202684K->986K(198656K)] 438423K->236788K(885632K), 0.0050680 secs] [Times: user=0.03 sys=0.00, real=0.01 secs] 
2014-07-08T02:09:02.434+0000: 1383.059: [GC [PSYoungGen: 198618K->726K(194112K)] 434420K->236748K(881088K), 0.0099040 secs] [Times: user=0.06 sys=0.00, real=0.01 secs] 
2014-07-08T02:09:03.076+0000: 1383.702: [GC [PSYoungGen: 194070K->1056K(233152K)] 430092K->237135K(920128K), 0.0087990 secs] [Times: user=0.05 sys=0.00, real=0.01 secs] 
2014-07-08T02:09:03.889+0000: 1384.515: [GC [PSYoungGen: 233079K->698K(227328K)] 469158K->236840K(914304K), 0.0056730 secs] [Times: user=0.03 sys=0.00, real=0.01 secs] 
2014-07-08T02:09:04.694+0000: 1385.320: [GC [PSYoungGen: 227322K->594K(222016K)] 463464K->236832K(908992K), 0.0050390 secs] [Times: user=0.03 sys=0.00, real=0.00 secs] 
2014-07-08T02:09:05.569+0000: 1386.195: [GC [PSYoungGen: 221970K->858K(217216K)] 458208K->237152K(904192K), 0.0090080 secs] [Times: user=0.04 sys=0.01, real=0.01 secs] 
2014-07-08T02:09:06.266+0000: 1386.892: [GC [PSYoungGen: 217178K->1000K(212416K)] 453472K->237358K(899392K), 0.0065530 secs] [Times: user=0.04 sys=0.00, real=0.00 secs] 
2014-07-08T02:09:06.982+0000: 1387.608: [GC [PSYoungGen: 212392K->754K(207424K)] 448750K->237168K(894400K), 0.0054930 secs] [Times: user=0.03 sys=0.00, real=0.01 secs] 
2014-07-08T02:09:07.805+0000: 1388.431: [GC [PSYoungGen: 207410K->1096K(203264K)] 443824K->237590K(890240K), 0.0035910 secs] [Times: user=0.02 sys=0.00, real=0.00 secs] 
2014-07-08T02:09:08.412+0000: 1389.038: [GC [PSYoungGen: 203208K->932K(198656K)] 439702K->237573K(885632K), 0.0028270 secs] [Times: user=0.01 sys=0.01, real=0.01 secs] 
2014-07-08T02:09:09.123+0000: 1389.749: [GC [PSYoungGen: 198628K->1231K(194688K)] 435269K->237935K(881664K), 0.0044010 secs] [Times: user=0.02 sys=0.00, real=0.01 secs] 
2014-07-08T02:09:09.822+0000: 1390.448: [GC [PSYoungGen: 194639K->622K(189952K)] 431343K->237487K(876928K), 0.0058860 secs] [Times: user=0.04 sys=0.00, real=0.01 secs] 
2014-07-08T02:09:10.461+0000: 1391.087: [GC [PSYoungGen: 189916K->836K(228096K)] 426781K->237733K(915072K), 0.0135900 secs] [Times: user=0.09 sys=0.00, real=0.02 secs] 
2014-07-08T02:09:11.401+0000: 1392.027: [GC [PSYoungGen: 228036K->1028K(258816K)] 464933K->237972K(945792K), 0.0156370 secs] [Times: user=0.08 sys=0.00, real=0.02 secs] 
2014-07-08T02:09:12.175+0000: 1392.801: [GC [PSYoungGen: 258344K->1078K(258752K)] 495289K->238111K(945728K), 0.0034250 secs] [Times: user=0.03 sys=0.00, real=0.01 secs] 
2014-07-08T02:09:13.071+0000: 1393.697: [GC [PSYoungGen: 258422K->953K(251904K)] 495455K->238034K(938880K), 0.0057400 secs] [Times: user=0.04 sys=0.00, real=0.01 secs] 
2014-07-08T02:09:13.971+0000: 1394.597: [GC [PSYoungGen: 251897K->516K(245376K)] 488978K->237644K(932352K), 0.0094760 secs] [Times: user=0.06 sys=0.00, real=0.01 secs] 
2014-07-08T02:09:14.831+0000: 1395.457: [GC [PSYoungGen: 245316K->868K(239744K)] 482444K->238053K(926720K), 0.0058180 secs] [Times: user=0.03 sys=0.00, real=0.01 secs] 
2014-07-08T02:09:15.683+0000: 1396.309: [GC [PSYoungGen: 239716K->594K(233792K)] 476901K->237850K(920768K), 0.0050010 secs] [Times: user=0.03 sys=0.00, real=0.01 secs] 
2014-07-08T02:09:16.516+0000: 1397.142: [GC [PSYoungGen: 233746K->1342K(228992K)] 471002K->238670K(915968K), 0.0056970 secs] [Times: user=0.03 sys=0.00, real=0.00 secs] 
2014-07-08T02:09:17.349+0000: 1397.975: [GC [PSYoungGen: 228940K->922K(223296K)] 466269K->238298K(910272K), 0.0041880 secs] [Times: user=0.01 sys=0.00, real=0.00 secs] 
2014-07-08T02:09:18.163+0000: 1398.789: [GC [PSYoungGen: 223258K->804K(218048K)] 460634K->238277K(905024K), 0.0070460 secs] [Times: user=0.02 sys=0.00, real=0.01 secs] 
2014-07-08T02:09:19.333+0000: 1399.959: [GC [PSYoungGen: 218020K->1402K(213696K)] 455493K->238955K(900672K), 0.0100430 secs] [Times: user=0.03 sys=0.00, real=0.01 secs] 
2014-07-08T02:09:20.381+0000: 1401.007: [GC [PSYoungGen: 213661K->626K(208192K)] 451214K->238727K(895168K), 0.0052640 secs] [Times: user=0.03 sys=0.00, real=0.01 secs] 
2014-07-08T02:09:20.828+0000: 1401.454: [GC [PSYoungGen: 208169K->1362K(250496K)] 446270K->239611K(937472K), 0.0130960 secs] [Times: user=0.08 sys=0.00, real=0.01 secs] 
2014-07-08T02:09:21.427+0000: 1402.053: [GC [PSYoungGen: 250450K->894K(299840K)] 488699K->239665K(986816K), 0.0089280 secs] [Times: user=0.06 sys=0.00, real=0.01 secs] 
2014-07-08T02:09:22.560+0000: 1403.186: [GC [PSYoungGen: 299838K->908K(304512K)] 538609K->239751K(991488K), 0.0073510 secs] [Times: user=0.05 sys=0.00, real=0.01 secs] 
2014-07-08T02:09:23.459+0000: 1404.085: [GC [PSYoungGen: 303756K->562K(295296K)] 542599K->239461K(982272K), 0.0032330 secs] [Times: user=0.02 sys=0.00, real=0.00 secs] 
2014-07-08T02:09:24.415+0000: 1405.041: [GC [PSYoungGen: 295251K->580K(354304K)] 534150K->239519K(1041280K), 0.0118710 secs] [Times: user=0.07 sys=0.00, real=0.02 secs] 
2014-07-08T02:09:25.607+0000: 1406.233: [GC [PSYoungGen: 354243K->662K(344192K)] 593182K->239649K(1031168K), 0.0061250 secs] [Times: user=0.04 sys=0.00, real=0.00 secs] 
2014-07-08T02:09:26.760+0000: 1407.386: [GC [PSYoungGen: 344132K->954K(334656K)] 583119K->239989K(1021632K), 0.0070520 secs] [Times: user=0.04 sys=0.00, real=0.00 secs] 
2014-07-08T02:09:27.941+0000: 1408.567: [GC [PSYoungGen: 334650K->800K(325120K)] 573685K->239923K(1012096K), 0.0082510 secs] [Times: user=0.05 sys=0.00, real=0.01 secs] 
2014-07-08T02:09:29.148+0000: 1409.774: [GC [PSYoungGen: 325076K->1192K(316480K)] 564198K->240403K(1003456K), 0.0066390 secs] [Times: user=0.04 sys=0.00, real=0.00 secs] 
2014-07-08T02:09:30.199+0000: 1410.825: [GC [PSYoungGen: 316408K->562K(307200K)] 555619K->239829K(994176K), 0.0037140 secs] [Times: user=0.01 sys=0.00, real=0.00 secs] 
2014-07-08T02:09:31.373+0000: 1411.999: [GC [PSYoungGen: 307186K->840K(299200K)] 546453K->240171K(986176K), 0.0035390 secs] [Times: user=0.01 sys=0.00, real=0.00 secs] 
2014-07-08T02:09:32.363+0000: 1412.989: [GC [PSYoungGen: 299103K->662K(291008K)] 538434K->240065K(977984K), 0.0061680 secs] [Times: user=0.04 sys=0.00, real=0.01 secs] 
2014-07-08T02:09:33.461+0000: 1414.087: [GC [PSYoungGen: 290966K->1143K(283776K)] 530369K->240578K(970752K), 0.0042430 secs] [Times: user=0.02 sys=0.00, real=0.00 secs] 
2014-07-08T02:09:34.376+0000: 1415.001: [GC [PSYoungGen: 283767K->1149K(276416K)] 523202K->240717K(963392K), 0.0063920 secs] [Times: user=0.04 sys=0.01, real=0.01 secs] 
2014-07-08T02:09:35.424+0000: 1416.050: [GC [PSYoungGen: 276413K->1260K(269440K)] 515981K->240900K(956416K), 0.0072960 secs] [Times: user=0.04 sys=0.00, real=0.01 secs] 
2014-07-08T02:09:36.250+0000: 1416.876: [GC [PSYoungGen: 269420K->680K(262080K)] 509060K->240368K(949056K), 0.0058350 secs] [Times: user=0.03 sys=0.00, real=0.00 secs] 
2014-07-08T02:09:37.244+0000: 1417.870: [GC [PSYoungGen: 262056K->1074K(255936K)] 501744K->240794K(942912K), 0.0068870 secs] [Times: user=0.02 sys=0.00, real=0.01 secs] 
2014-07-08T02:09:38.088+0000: 1418.714: [GC [PSYoungGen: 255922K->1096K(249728K)] 495642K->240920K(936704K), 0.0048720 secs] [Times: user=0.03 sys=0.00, real=0.01 secs] 
2014-07-08T02:09:38.962+0000: 1419.588: [GC [PSYoungGen: 249672K->861K(243392K)] 489496K->240765K(930368K), 0.0052770 secs] [Times: user=0.03 sys=0.00, real=0.00 secs] 
2014-07-08T02:09:39.936+0000: 1420.562: [GC [PSYoungGen: 243322K->918K(237632K)] 483226K->240870K(924608K), 0.0034870 secs] [Times: user=0.01 sys=0.01, real=0.01 secs] 
2014-07-08T02:09:40.637+0000: 1421.263: [GC [PSYoungGen: 237590K->868K(231936K)] 477542K->240884K(918912K), 0.0039590 secs] [Times: user=0.02 sys=0.00, real=0.01 secs] 
2014-07-08T02:09:41.533+0000: 1422.159: [GC [PSYoungGen: 231901K->1118K(226752K)] 471917K->241222K(913728K), 0.0047950 secs] [Times: user=0.03 sys=0.00, real=0.00 secs] 
2014-07-08T02:09:42.214+0000: 1422.840: [GC [PSYoungGen: 226718K->758K(221120K)] 466822K->240934K(908096K), 0.0048750 secs] [Times: user=0.02 sys=0.00, real=0.01 secs] 
2014-07-08T02:09:42.980+0000: 1423.606: [GC [PSYoungGen: 221110K->872K(216192K)] 461286K->241128K(903168K), 0.0033700 secs] [Times: user=0.02 sys=0.00, real=0.00 secs] 
2014-07-08T02:09:43.775+0000: 1424.401: [GC [PSYoungGen: 216168K->790K(211264K)] 456424K->241134K(898240K), 0.0038030 secs] [Times: user=0.02 sys=0.01, real=0.00 secs] 
2014-07-08T02:09:44.471+0000: 1425.097: [GC [PSYoungGen: 211222K->566K(206336K)] 451566K->240958K(893312K), 0.0056520 secs] [Times: user=0.03 sys=0.01, real=0.00 secs] 
2014-07-08T02:09:45.302+0000: 1425.928: [GC [PSYoungGen: 206296K->1395K(202624K)] 446688K->242003K(889600K), 0.0074820 secs] [Times: user=0.04 sys=0.00, real=0.00 secs] 
2014-07-08T02:09:45.924+0000: 1426.550: [GC [PSYoungGen: 202611K->640K(197504K)] 443219K->241335K(884480K), 0.0055570 secs] [Times: user=0.04 sys=0.00, real=0.00 secs] 
2014-07-08T02:09:46.598+0000: 1427.224: [GC [PSYoungGen: 197504K->980K(193664K)] 438199K->241723K(880640K), 0.0084760 secs] [Times: user=0.05 sys=0.00, real=0.01 secs] 
2014-07-08T02:09:47.363+0000: 1427.989: [GC [PSYoungGen: 193620K->1024K(189632K)] 434363K->241864K(876608K), 0.0070040 secs] [Times: user=0.04 sys=0.00, real=0.00 secs] 
2014-07-08T02:09:47.947+0000: 1428.573: [GC [PSYoungGen: 189568K->734K(185344K)] 430408K->241605K(872320K), 0.0082390 secs] [Times: user=0.05 sys=0.00, real=0.01 secs] 
2014-07-08T02:09:48.598+0000: 1429.224: [GC [PSYoungGen: 185310K->712K(181504K)] 426181K->241679K(868480K), 0.0053650 secs] [Times: user=0.04 sys=0.00, real=0.01 secs] 
2014-07-08T02:09:49.348+0000: 1429.974: [GC [PSYoungGen: 181448K->882K(177920K)] 422415K->241897K(864896K), 0.0045110 secs] [Times: user=0.02 sys=0.00, real=0.01 secs] 
2014-07-08T02:09:49.884+0000: 1430.510: [GC [PSYoungGen: 177906K->612K(174080K)] 418921K->241675K(861056K), 0.0052150 secs] [Times: user=0.03 sys=0.00, real=0.00 secs] 
2014-07-08T02:09:50.525+0000: 1431.151: [GC [PSYoungGen: 174052K->1227K(171264K)] 415115K->242346K(858240K), 0.0041230 secs] [Times: user=0.02 sys=0.00, real=0.00 secs] 
2014-07-08T02:09:51.092+0000: 1431.718: [GC [PSYoungGen: 171211K->1082K(205120K)] 412330K->242396K(892096K), 0.0167490 secs] [Times: user=0.11 sys=0.01, real=0.01 secs] 
2014-07-08T02:09:51.796+0000: 1432.422: [GC [PSYoungGen: 205072K->962K(245888K)] 446386K->242339K(932864K), 0.0072650 secs] [Times: user=0.04 sys=0.00, real=0.01 secs] 
2014-07-08T02:09:52.677+0000: 1433.303: [GC [PSYoungGen: 245826K->786K(294720K)] 487203K->242212K(981696K), 0.0101590 secs] [Times: user=0.06 sys=0.00, real=0.01 secs] 
2014-07-08T02:09:53.704+0000: 1434.330: [GC [PSYoungGen: 294674K->630K(339072K)] 536100K->242111K(1026048K), 0.0059490 secs] [Times: user=0.03 sys=0.00, real=0.00 secs] 
2014-07-08T02:09:54.902+0000: 1435.528: [GC [PSYoungGen: 338123K->616K(328640K)] 579605K->242161K(1015616K), 0.0040610 secs] [Times: user=0.02 sys=0.01, real=0.00 secs] 
2014-07-08T02:09:56.142+0000: 1436.768: [GC [PSYoungGen: 328571K->1152K(320064K)] 570117K->242794K(1007040K), 0.0034120 secs] [Times: user=0.02 sys=0.00, real=0.00 secs] 
2014-07-08T02:09:57.956+0000: 1438.582: [GC [PSYoungGen: 320000K->1266K(311360K)] 561642K->242996K(998336K), 0.0116120 secs] [Times: user=0.07 sys=0.01, real=0.01 secs] 
2014-07-08T02:09:58.951+0000: 1439.577: [GC [PSYoungGen: 311346K->1257K(302912K)] 553076K->243059K(989888K), 0.0069500 secs] [Times: user=0.03 sys=0.00, real=0.01 secs] 
2014-07-08T02:09:59.850+0000: 1440.476: [GC [PSYoungGen: 302889K->808K(294336K)] 544691K->242854K(981312K), 0.0081400 secs] [Times: user=0.05 sys=0.00, real=0.01 secs] 
2014-07-08T02:10:00.748+0000: 1441.374: [GC [PSYoungGen: 294312K->1096K(286848K)] 536358K->243190K(973824K), 0.0041680 secs] [Times: user=0.02 sys=0.00, real=0.01 secs] 
2014-07-08T02:10:01.672+0000: 1442.298: [GC [PSYoungGen: 286792K->762K(278976K)] 528886K->242928K(965952K), 0.0094860 secs] [Times: user=0.05 sys=0.00, real=0.00 secs] 
2014-07-08T02:10:02.562+0000: 1443.188: [GC [PSYoungGen: 278931K->1242K(272320K)] 521097K->243480K(959296K), 0.0095740 secs] [Times: user=0.06 sys=0.00, real=0.01 secs] 
2014-07-08T02:10:03.447+0000: 1444.073: [GC [PSYoungGen: 272282K->1034K(265216K)] 514520K->243344K(952192K), 0.0050380 secs] [Times: user=0.02 sys=0.00, real=0.01 secs] 
2014-07-08T02:10:04.269+0000: 1444.895: [GC [PSYoungGen: 265161K->1472K(259008K)] 507471K->243870K(945984K), 0.0047970 secs] [Times: user=0.02 sys=0.00, real=0.01 secs] 
2014-07-08T02:10:05.128+0000: 1445.754: [GC [PSYoungGen: 258907K->637K(251712K)] 501306K->243285K(938688K), 0.0030540 secs] [Times: user=0.02 sys=0.00, real=0.00 secs] 
2014-07-08T02:10:06.001+0000: 1446.627: [GC [PSYoungGen: 251709K->954K(245888K)] 494357K->243642K(932864K), 0.0048560 secs] [Times: user=0.02 sys=0.00, real=0.01 secs] 
2014-07-08T02:10:06.857+0000: 1447.483: [GC [PSYoungGen: 245882K->848K(239872K)] 488570K->243650K(926848K), 0.0090780 secs] [Times: user=0.05 sys=0.01, real=0.01 secs] 
2014-07-08T02:10:07.698+0000: 1448.324: [GC [PSYoungGen: 239822K->580K(233920K)] 482624K->243438K(920896K), 0.0081430 secs] [Times: user=0.04 sys=0.00, real=0.01 secs] 
2014-07-08T02:10:08.572+0000: 1449.198: [GC [PSYoungGen: 233860K->1075K(228864K)] 476718K->243997K(915840K), 0.0040020 secs] [Times: user=0.01 sys=0.00, real=0.01 secs] 
2014-07-08T02:10:09.375+0000: 1450.000: [GC [PSYoungGen: 228842K->1302K(223808K)] 471764K->244256K(910784K), 0.0156680 secs] [Times: user=0.09 sys=0.00, real=0.01 secs] 
2014-07-08T02:10:10.110+0000: 1450.736: [GC [PSYoungGen: 223766K->818K(218176K)] 466720K->243910K(905152K), 0.0067760 secs] [Times: user=0.04 sys=0.00, real=0.01 secs] 
2014-07-08T02:10:10.891+0000: 1451.517: [GC [PSYoungGen: 218162K->982K(213440K)] 461254K->244154K(900416K), 0.0043050 secs] [Times: user=0.03 sys=0.00, real=0.01 secs] 
2014-07-08T02:10:11.755+0000: 1452.381: [GC [PSYoungGen: 213398K->1376K(209088K)] 456570K->244670K(896064K), 0.0107610 secs] [Times: user=0.06 sys=0.00, real=0.01 secs] 
2014-07-08T02:10:12.381+0000: 1453.007: [GC [PSYoungGen: 209008K->1288K(204416K)] 452303K->244654K(891392K), 0.0035640 secs] [Times: user=0.02 sys=0.00, real=0.01 secs] 
2014-07-08T02:10:13.073+0000: 1453.699: [GC [PSYoungGen: 204351K->616K(244352K)] 447717K->244138K(931328K), 0.0117630 secs] [Times: user=0.08 sys=0.00, real=0.02 secs] 
2014-07-08T02:10:13.926+0000: 1454.552: [GC [PSYoungGen: 244287K->936K(293440K)] 487810K->244514K(980416K), 0.0092430 secs] [Times: user=0.06 sys=0.00, real=0.01 secs] 
2014-07-08T02:10:14.947+0000: 1455.573: [GC [PSYoungGen: 293415K->926K(285696K)] 536993K->244658K(972672K), 0.0062440 secs] [Times: user=0.04 sys=0.00, real=0.00 secs] 
2014-07-08T02:10:15.981+0000: 1456.607: [GC [PSYoungGen: 285662K->836K(278208K)] 529394K->244608K(965184K), 0.0066230 secs] [Times: user=0.04 sys=0.00, real=0.01 secs] 
2014-07-08T02:10:16.911+0000: 1457.536: [GC [PSYoungGen: 278148K->854K(271040K)] 521920K->244674K(958016K), 0.0082090 secs] [Times: user=0.05 sys=0.00, real=0.01 secs] 
2014-07-08T02:10:17.923+0000: 1458.549: [GC [PSYoungGen: 270998K->1252K(264512K)] 514818K->245137K(951488K), 0.0066630 secs] [Times: user=0.04 sys=0.01, real=0.01 secs] 
2014-07-08T02:10:18.780+0000: 1459.406: [GC [PSYoungGen: 264484K->830K(257472K)] 508369K->244770K(944448K), 0.0033160 secs] [Times: user=0.02 sys=0.00, real=0.00 secs] 
2014-07-08T02:10:19.754+0000: 1460.380: [GC [PSYoungGen: 257470K->1142K(251392K)] 501410K->245162K(938368K), 0.0047270 secs] [Times: user=0.03 sys=0.00, real=0.01 secs] 
2014-07-08T02:10:20.579+0000: 1461.205: [GC [PSYoungGen: 251379K->1136K(245248K)] 495399K->245286K(932224K), 0.0057550 secs] [Times: user=0.03 sys=0.00, real=0.01 secs] 
2014-07-08T02:10:21.607+0000: 1462.233: [GC [PSYoungGen: 245232K->1110K(239360K)] 489382K->245332K(926336K), 0.0069590 secs] [Times: user=0.05 sys=0.00, real=0.00 secs] 
2014-07-08T02:10:22.289+0000: 1462.915: [GC [PSYoungGen: 239318K->658K(233216K)] 483540K->244960K(920192K), 0.0029570 secs] [Times: user=0.02 sys=0.00, real=0.00 secs] 
2014-07-08T02:10:23.084+0000: 1463.710: [GC [PSYoungGen: 233129K->780K(227840K)] 477431K->245130K(914816K), 0.0134380 secs] [Times: user=0.09 sys=0.00, real=0.02 secs] 
2014-07-08T02:10:24.156+0000: 1464.782: [GC [PSYoungGen: 227788K->1214K(222912K)] 472138K->245605K(909888K), 0.0111930 secs] [Times: user=0.07 sys=0.00, real=0.02 secs] 
2014-07-08T02:10:24.733+0000: 1465.359: [GC [PSYoungGen: 222910K->772K(217408K)] 467301K->245226K(904384K), 0.0056870 secs] [Times: user=0.04 sys=0.00, real=0.01 secs] 
2014-07-08T02:10:25.581+0000: 1466.207: [GC [PSYoungGen: 217345K->1197K(212864K)] 461800K->245858K(899840K), 0.0083590 secs] [Times: user=0.04 sys=0.01, real=0.01 secs] 
2014-07-08T02:10:26.200+0000: 1466.825: [GC [PSYoungGen: 212845K->740K(207680K)] 457506K->245480K(894656K), 0.0057020 secs] [Times: user=0.03 sys=0.00, real=0.00 secs] 
2014-07-08T02:10:26.904+0000: 1467.530: [GC [PSYoungGen: 207619K->683K(203072K)] 452360K->245487K(890048K), 0.0047950 secs] [Times: user=0.02 sys=0.00, real=0.01 secs] 
2014-07-08T02:10:27.694+0000: 1468.320: [GC [PSYoungGen: 203051K->1379K(199360K)] 447855K->246247K(886336K), 0.0068110 secs] [Times: user=0.04 sys=0.01, real=0.01 secs] 
2014-07-08T02:10:28.305+0000: 1468.931: [GC [PSYoungGen: 199331K->882K(194560K)] 444199K->245814K(881536K), 0.0081260 secs] [Times: user=0.05 sys=0.00, real=0.01 secs] 
2014-07-08T02:10:28.990+0000: 1469.616: [GC [PSYoungGen: 194546K->708K(233216K)] 439478K->245728K(920192K), 0.0107300 secs] [Times: user=0.07 sys=0.00, real=0.01 secs] 
2014-07-08T02:10:29.875+0000: 1470.501: [GC [PSYoungGen: 233156K->1178K(228160K)] 478176K->246270K(915136K), 0.0054210 secs] [Times: user=0.02 sys=0.00, real=0.01 secs] 
2014-07-08T02:10:30.617+0000: 1471.243: [GC [PSYoungGen: 228122K->662K(273088K)] 473214K->245786K(960064K), 0.0126640 secs] [Times: user=0.06 sys=0.00, real=0.01 secs] 
2014-07-08T02:10:31.655+0000: 1472.281: [GC [PSYoungGen: 273046K->822K(266240K)] 518170K->245994K(953216K), 0.0044870 secs] [Times: user=0.02 sys=0.00, real=0.01 secs] 
2014-07-08T02:10:32.491+0000: 1473.117: [GC [PSYoungGen: 266230K->1064K(259776K)] 511402K->246332K(946752K), 0.0050210 secs] [Times: user=0.03 sys=0.00, real=0.00 secs] 
2014-07-08T02:10:33.448+0000: 1474.074: [GC [PSYoungGen: 259744K->1074K(253312K)] 505013K->246390K(940288K), 0.0072890 secs] [Times: user=0.03 sys=0.00, real=0.00 secs] 
2014-07-08T02:10:34.280+0000: 1474.906: [GC [PSYoungGen: 253298K->914K(246976K)] 498614K->246310K(933952K), 0.0099610 secs] [Times: user=0.06 sys=0.00, real=0.01 secs] 
2014-07-08T02:10:35.143+0000: 1475.769: [GC [PSYoungGen: 246930K->598K(240704K)] 492326K->246034K(927680K), 0.0072270 secs] [Times: user=0.03 sys=0.00, real=0.01 secs] 
2014-07-08T02:10:36.013+0000: 1476.639: [GC [PSYoungGen: 240642K->826K(235136K)] 486079K->246294K(922112K), 0.0091090 secs] [Times: user=0.04 sys=0.00, real=0.01 secs] 
2014-07-08T02:10:36.809+0000: 1477.435: [GC [PSYoungGen: 235130K->680K(229440K)] 480598K->246204K(916416K), 0.0032470 secs] [Times: user=0.02 sys=0.00, real=0.00 secs] 
2014-07-08T02:10:37.739+0000: 1478.365: [GC [PSYoungGen: 229416K->1152K(224576K)] 474940K->246764K(911552K), 0.0037310 secs] [Times: user=0.02 sys=0.00, real=0.00 secs] 
2014-07-08T02:10:38.404+0000: 1479.029: [GC [PSYoungGen: 224505K->1061K(219264K)] 470117K->246785K(906240K), 0.0040250 secs] [Times: user=0.02 sys=0.00, real=0.00 secs] 
2014-07-08T02:10:39.169+0000: 1479.794: [GC [PSYoungGen: 219236K->962K(214208K)] 464961K->246750K(901184K), 0.0039440 secs] [Times: user=0.02 sys=0.00, real=0.00 secs] 
2014-07-08T02:10:39.943+0000: 1480.569: [GC [PSYoungGen: 214145K->890K(209280K)] 459933K->246758K(896256K), 0.0043630 secs] [Times: user=0.02 sys=0.00, real=0.00 secs] 
2014-07-08T02:10:40.662+0000: 1481.288: [GC [PSYoungGen: 209274K->626K(204416K)] 455142K->246582K(891392K), 0.0048980 secs] [Times: user=0.04 sys=0.00, real=0.00 secs] 
2014-07-08T02:10:41.441+0000: 1482.067: [GC [PSYoungGen: 204402K->1462K(200768K)] 450358K->247498K(887744K), 0.0039160 secs] [Times: user=0.02 sys=0.00, real=0.00 secs] 
2014-07-08T02:10:42.102+0000: 1482.728: [GC [PSYoungGen: 200758K->772K(195840K)] 446794K->246896K(882816K), 0.0048790 secs] [Times: user=0.03 sys=0.00, real=0.00 secs] 
2014-07-08T02:10:42.777+0000: 1483.403: [GC [PSYoungGen: 195730K->950K(191808K)] 441854K->247172K(878784K), 0.0031790 secs] [Times: user=0.01 sys=0.00, real=0.01 secs] 
2014-07-08T02:10:43.519+0000: 1484.145: [GC [PSYoungGen: 191798K->1166K(188032K)] 438020K->247436K(875008K), 0.0126820 secs] [Times: user=0.08 sys=0.00, real=0.01 secs] 
2014-07-08T02:10:44.104+0000: 1484.730: [GC [PSYoungGen: 187982K->466K(183424K)] 434252K->246768K(870400K), 0.0041330 secs] [Times: user=0.02 sys=0.00, real=0.00 secs] 
2014-07-08T02:10:44.743+0000: 1485.369: [GC [PSYoungGen: 183355K->854K(180032K)] 429657K->247197K(867008K), 0.0076410 secs] [Times: user=0.04 sys=0.00, real=0.01 secs] 
2014-07-08T02:10:45.377+0000: 1486.003: [GC [PSYoungGen: 179990K->808K(215808K)] 426333K->247182K(902784K), 0.0091400 secs] [Times: user=0.05 sys=0.00, real=0.01 secs] 
2014-07-08T02:10:46.120+0000: 1486.746: [GC [PSYoungGen: 215784K->708K(258752K)] 462158K->247162K(945728K), 0.0086490 secs] [Times: user=0.06 sys=0.00, real=0.00 secs] 
2014-07-08T02:10:47.036+0000: 1487.662: [GC [PSYoungGen: 258683K->1040K(310720K)] 505137K->247558K(997696K), 0.0141770 secs] [Times: user=0.09 sys=0.01, real=0.02 secs] 
2014-07-08T02:10:48.209+0000: 1488.835: [GC [PSYoungGen: 310651K->1092K(317056K)] 557170K->247698K(1004032K), 0.0122630 secs] [Times: user=0.08 sys=0.00, real=0.01 secs] 
2014-07-08T02:10:49.817+0000: 1490.443: [GC [PSYoungGen: 316676K->1248K(372992K)] 563282K->247902K(1059968K), 0.0102360 secs] [Times: user=0.06 sys=0.00, real=0.01 secs] 
2014-07-08T02:10:51.049+0000: 1491.675: [GC [PSYoungGen: 372768K->906K(373056K)] 619422K->247585K(1060032K), 0.0172390 secs] [Times: user=0.10 sys=0.00, real=0.02 secs] 
2014-07-08T02:10:52.210+0000: 1492.836: [GC [PSYoungGen: 372426K->986K(361600K)] 619105K->247760K(1048576K), 0.0054810 secs] [Times: user=0.03 sys=0.01, real=0.00 secs] 
2014-07-08T02:10:53.368+0000: 1493.994: [GC [PSYoungGen: 361562K->918K(351040K)] 608336K->247748K(1038016K), 0.0059960 secs] [Times: user=0.04 sys=0.00, real=0.01 secs] 
2014-07-08T02:10:54.513+0000: 1495.139: [GC [PSYoungGen: 350998K->740K(340800K)] 597828K->247674K(1027776K), 0.0066170 secs] [Times: user=0.04 sys=0.00, real=0.00 secs] 
2014-07-08T02:10:55.646+0000: 1496.272: [GC [PSYoungGen: 340772K->790K(331200K)] 587706K->247796K(1018176K), 0.0054430 secs] [Times: user=0.02 sys=0.00, real=0.01 secs] 
2014-07-08T02:10:56.762+0000: 1497.388: [GC [PSYoungGen: 331142K->1132K(322304K)] 578148K->248202K(1009280K), 0.0047750 secs] [Times: user=0.03 sys=0.00, real=0.00 secs] 
2014-07-08T02:10:57.867+0000: 1498.493: [GC [PSYoungGen: 322284K->676K(312960K)] 569354K->247810K(999936K), 0.0042350 secs] [Times: user=0.02 sys=0.00, real=0.01 secs] 
2014-07-08T02:10:58.987+0000: 1499.612: [GC [PSYoungGen: 312932K->978K(304768K)] 560066K->248144K(991744K), 0.0051470 secs] [Times: user=0.02 sys=0.00, real=0.01 secs] 
2014-07-08T02:11:00.038+0000: 1500.664: [GC [PSYoungGen: 304722K->946K(296512K)] 551888K->248216K(983488K), 0.0064820 secs] [Times: user=0.03 sys=0.00, real=0.01 secs] 
2014-07-08T02:11:01.147+0000: 1501.773: [GC [PSYoungGen: 296446K->868K(288576K)] 543716K->248310K(975552K), 0.0065010 secs] [Times: user=0.03 sys=0.00, real=0.01 secs] 
2014-07-08T02:11:02.136+0000: 1502.762: [GC [PSYoungGen: 288548K->1050K(281216K)] 535990K->248556K(968192K), 0.0051320 secs] [Times: user=0.02 sys=0.00, real=0.01 secs] 
2014-07-08T02:11:03.096+0000: 1503.722: [GC [PSYoungGen: 281134K->756K(273664K)] 528640K->248907K(960640K), 0.0039180 secs] [Times: user=0.02 sys=0.00, real=0.00 secs] 
2014-07-08T02:11:04.050+0000: 1504.675: [GC [PSYoungGen: 273652K->1438K(267392K)] 521803K->249629K(954368K), 0.0133710 secs] [Times: user=0.08 sys=0.00, real=0.02 secs] 
2014-07-08T02:11:04.976+0000: 1505.602: [GC [PSYoungGen: 267358K->878K(260096K)] 515549K->249579K(947072K), 0.0071720 secs] [Times: user=0.04 sys=0.00, real=0.01 secs] 
2014-07-08T02:11:06.064+0000: 1506.690: [GC [PSYoungGen: 260051K->1090K(253888K)] 508752K->249846K(940864K), 0.0056780 secs] [Times: user=0.03 sys=0.01, real=0.00 secs] 
2014-07-08T02:11:07.476+0000: 1508.102: [GC [PSYoungGen: 253826K->1401K(247936K)] 502582K->250246K(934912K), 0.0076830 secs] [Times: user=0.05 sys=0.00, real=0.01 secs] 
2014-07-08T02:11:08.533+0000: 1509.158: [GC [PSYoungGen: 247898K->1289K(241856K)] 496743K->250214K(928832K), 0.0054980 secs] [Times: user=0.03 sys=0.00, real=0.00 secs] 
2014-07-08T02:11:08.997+0000: 1509.623: [GC [PSYoungGen: 241780K->758K(235520K)] 490704K->249953K(922496K), 0.0041050 secs] [Times: user=0.02 sys=0.00, real=0.00 secs] 
2014-07-08T02:11:09.561+0000: 1510.186: [GC [PSYoungGen: 235510K->1128K(230336K)] 484705K->250371K(917312K), 0.0080420 secs] [Times: user=0.05 sys=0.00, real=0.01 secs] 
2014-07-08T02:11:10.372+0000: 1510.998: [GC [PSYoungGen: 230312K->804K(224640K)] 479554K->250144K(911616K), 0.0048440 secs] [Times: user=0.02 sys=0.00, real=0.01 secs] 
2014-07-08T02:11:11.103+0000: 1511.729: [GC [PSYoungGen: 224612K->662K(219328K)] 473952K->250050K(906304K), 0.0037620 secs] [Times: user=0.02 sys=0.00, real=0.01 secs] 
2014-07-08T02:11:11.853+0000: 1512.479: [GC [PSYoungGen: 219286K->1394K(215040K)] 468674K->250847K(902016K), 0.0053430 secs] [Times: user=0.03 sys=0.00, real=0.00 secs] 
2014-07-08T02:11:12.494+0000: 1513.120: [GC [PSYoungGen: 215026K->562K(209408K)] 464479K->250094K(896384K), 0.0050520 secs] [Times: user=0.03 sys=0.01, real=0.00 secs] 
2014-07-08T02:11:13.220+0000: 1513.846: [GC [PSYoungGen: 209381K->683K(204864K)] 458914K->250247K(891840K), 0.0119550 secs] [Times: user=0.07 sys=0.00, real=0.01 secs] 
2014-07-08T02:11:13.958+0000: 1514.584: [GC [PSYoungGen: 204843K->996K(200704K)] 454407K->250625K(887680K), 0.0040060 secs] [Times: user=0.02 sys=0.01, real=0.00 secs] 
2014-07-08T02:11:14.594+0000: 1515.220: [GC [PSYoungGen: 200676K->954K(196288K)] 450304K->250686K(883264K), 0.0041890 secs] [Times: user=0.02 sys=0.01, real=0.00 secs] 
2014-07-08T02:11:15.270+0000: 1515.896: [GC [PSYoungGen: 196266K->900K(192128K)] 445999K->250713K(879104K), 0.0070090 secs] [Times: user=0.05 sys=0.00, real=0.01 secs] 
2014-07-08T02:11:15.994+0000: 1516.620: [GC [PSYoungGen: 192068K->1124K(188288K)] 441881K->251017K(875264K), 0.0060620 secs] [Times: user=0.04 sys=0.01, real=0.00 secs] 
2014-07-08T02:11:16.580+0000: 1517.206: [GC [PSYoungGen: 188260K->908K(184192K)] 438153K->250904K(871168K), 0.0042900 secs] [Times: user=0.01 sys=0.00, real=0.01 secs] 
2014-07-08T02:11:17.225+0000: 1517.851: [GC [PSYoungGen: 184139K->936K(180416K)] 434136K->250989K(867392K), 0.0056270 secs] [Times: user=0.03 sys=0.00, real=0.00 secs] 
2014-07-08T02:11:17.950+0000: 1518.576: [GC [PSYoungGen: 180392K->858K(176704K)] 430445K->250966K(863680K), 0.0069400 secs] [Times: user=0.03 sys=0.00, real=0.01 secs] 
2014-07-08T02:11:18.487+0000: 1519.113: [GC [PSYoungGen: 176666K->858K(173184K)] 426774K->251030K(860160K), 0.0050320 secs] [Times: user=0.03 sys=0.00, real=0.00 secs] 
2014-07-08T02:11:19.096+0000: 1519.722: [GC [PSYoungGen: 173146K->1132K(170048K)] 423318K->251377K(857024K), 0.0066910 secs] [Times: user=0.04 sys=0.00, real=0.00 secs] 
2014-07-08T02:11:19.684+0000: 1520.309: [GC [PSYoungGen: 169993K->804K(166400K)] 420238K->251365K(853376K), 0.0044640 secs] [Times: user=0.02 sys=0.01, real=0.01 secs] 
2014-07-08T02:11:20.262+0000: 1520.888: [GC [PSYoungGen: 166325K->1334K(163712K)] 416886K->251951K(850688K), 0.0074760 secs] [Times: user=0.05 sys=0.00, real=0.01 secs] 
2014-07-08T02:11:20.849+0000: 1521.475: [GC [PSYoungGen: 163685K->814K(195712K)] 414302K->251875K(882688K), 0.0076750 secs] [Times: user=0.05 sys=0.00, real=0.01 secs] 
2014-07-08T02:11:21.499+0000: 1522.125: [GC [PSYoungGen: 195657K->911K(191680K)] 446718K->252092K(878656K), 0.0051580 secs] [Times: user=0.03 sys=0.00, real=0.01 secs] 
2014-07-08T02:11:22.173+0000: 1522.798: [GC [PSYoungGen: 191631K->922K(229824K)] 442812K->252167K(916800K), 0.0078280 secs] [Times: user=0.05 sys=0.01, real=0.01 secs] 
2014-07-08T02:11:22.981+0000: 1523.606: [GC [PSYoungGen: 229780K->722K(224256K)] 481025K->252031K(911232K), 0.0042900 secs] [Times: user=0.02 sys=0.00, real=0.01 secs] 
2014-07-08T02:11:23.780+0000: 1524.406: [GC [PSYoungGen: 224208K->1160K(219520K)] 475517K->252549K(906496K), 0.0035610 secs] [Times: user=0.02 sys=0.00, real=0.00 secs] 
2014-07-08T02:11:24.536+0000: 1525.162: [GC [PSYoungGen: 219464K->708K(214080K)] 470853K->252209K(901056K), 0.0048660 secs] [Times: user=0.03 sys=0.00, real=0.00 secs] 
2014-07-08T02:11:25.530+0000: 1526.156: [GC [PSYoungGen: 214020K->1138K(209664K)] 465521K->252869K(896640K), 0.0068140 secs] [Times: user=0.04 sys=0.00, real=0.01 secs] 
2014-07-08T02:11:26.321+0000: 1526.947: [GC [PSYoungGen: 209645K->1281K(251584K)] 461376K->253052K(938560K), 0.0177470 secs] [Times: user=0.11 sys=0.00, real=0.02 secs] 
2014-07-08T02:11:27.800+0000: 1528.426: [GC [PSYoungGen: 251521K->892K(244992K)] 503292K->252871K(931968K), 0.0049190 secs] [Times: user=0.02 sys=0.00, real=0.00 secs] 
2014-07-08T02:11:28.352+0000: 1528.978: [GC [PSYoungGen: 244988K->1649K(239872K)] 496967K->253716K(926848K), 0.0058510 secs] [Times: user=0.04 sys=0.00, real=0.01 secs] 
2014-07-08T02:11:29.031+0000: 1529.657: [GC [PSYoungGen: 239857K->826K(233344K)] 491924K->253253K(920320K), 0.0053860 secs] [Times: user=0.04 sys=0.00, real=0.01 secs] 
2014-07-08T02:11:29.810+0000: 1530.436: [GC [PSYoungGen: 233338K->1228K(280320K)] 485765K->253727K(967296K), 0.0129500 secs] [Times: user=0.08 sys=0.01, real=0.01 secs] 
2014-07-08T02:11:30.681+0000: 1531.307: [GC [PSYoungGen: 280249K->932K(335808K)] 532748K->253679K(1022784K), 0.0091570 secs] [Times: user=0.05 sys=0.00, real=0.01 secs] 
2014-07-08T02:11:31.816+0000: 1532.442: [GC [PSYoungGen: 335780K->1162K(326656K)] 588527K->253973K(1013632K), 0.0058710 secs] [Times: user=0.04 sys=0.00, real=0.00 secs] 
2014-07-08T02:11:32.921+0000: 1533.547: [GC [PSYoungGen: 326602K->900K(317376K)] 579413K->253767K(1004352K), 0.0057440 secs] [Times: user=0.04 sys=0.00, real=0.01 secs] 
2014-07-08T02:11:33.972+0000: 1534.598: [GC [PSYoungGen: 317270K->1004K(308736K)] 570137K->253943K(995712K), 0.0080310 secs] [Times: user=0.05 sys=0.00, real=0.01 secs] 
2014-07-08T02:11:34.996+0000: 1535.622: [GC [PSYoungGen: 308716K->580K(300032K)] 561655K->253551K(987008K), 0.0043180 secs] [Times: user=0.02 sys=0.00, real=0.01 secs] 
2014-07-08T02:11:36.081+0000: 1536.707: [GC [PSYoungGen: 299972K->1344K(292800K)] 552943K->254355K(979776K), 0.0059710 secs] [Times: user=0.01 sys=0.00, real=0.01 secs] 
2014-07-08T02:11:37.036+0000: 1537.662: [GC [PSYoungGen: 292705K->772K(284544K)] 545716K->253855K(971520K), 0.0085740 secs] [Times: user=0.05 sys=0.00, real=0.01 secs] 
2014-07-08T02:11:38.052+0000: 1538.678: [GC [PSYoungGen: 284479K->893K(277184K)] 537562K->254032K(964160K), 0.0039370 secs] [Times: user=0.01 sys=0.00, real=0.00 secs] 
2014-07-08T02:11:38.996+0000: 1539.622: [GC [PSYoungGen: 277181K->580K(269824K)] 530320K->253783K(956800K), 0.0068000 secs] [Times: user=0.04 sys=0.00, real=0.01 secs] 
2014-07-08T02:11:40.008+0000: 1540.634: [GC [PSYoungGen: 269764K->840K(263232K)] 522967K->254083K(950208K), 0.0039370 secs] [Times: user=0.02 sys=0.00, real=0.00 secs] 
2014-07-08T02:11:40.862+0000: 1541.488: [GC [PSYoungGen: 263145K->1402K(257152K)] 516388K->254725K(944128K), 0.0074220 secs] [Times: user=0.05 sys=0.00, real=0.01 secs] 
2014-07-08T02:11:41.742+0000: 1542.368: [GC [PSYoungGen: 257146K->1064K(250496K)] 510469K->254467K(937472K), 0.0060620 secs] [Times: user=0.04 sys=0.00, real=0.01 secs] 
2014-07-08T02:11:42.604+0000: 1543.230: [GC [PSYoungGen: 250470K->872K(244224K)] 503873K->254371K(931200K), 0.0069540 secs] [Times: user=0.04 sys=0.00, real=0.01 secs] 
2014-07-08T02:11:43.460+0000: 1544.086: [GC [PSYoungGen: 244158K->783K(238272K)] 497657K->254346K(925248K), 0.0043360 secs] [Times: user=0.03 sys=0.00, real=0.00 secs] 
2014-07-08T02:11:44.294+0000: 1544.920: [GC [PSYoungGen: 238223K->566K(232384K)] 491786K->254193K(919360K), 0.0040890 secs] [Times: user=0.02 sys=0.00, real=0.01 secs] 
2014-07-08T02:11:45.264+0000: 1545.890: [GC [PSYoungGen: 232374K->886K(227264K)] 486001K->254601K(914240K), 0.0054960 secs] [Times: user=0.04 sys=0.00, real=0.01 secs] 
2014-07-08T02:11:45.999+0000: 1546.625: [GC [PSYoungGen: 227254K->1121K(222272K)] 480969K->254908K(909248K), 0.0071120 secs] [Times: user=0.05 sys=0.00, real=0.00 secs] 
2014-07-08T02:11:46.707+0000: 1547.333: [GC [PSYoungGen: 222241K->1018K(217088K)] 476028K->254901K(904064K), 0.0053430 secs] [Times: user=0.03 sys=0.00, real=0.01 secs] 
2014-07-08T02:11:47.467+0000: 1548.092: [GC [PSYoungGen: 217081K->996K(212224K)] 470964K->254959K(899200K), 0.0082150 secs] [Times: user=0.06 sys=0.00, real=0.01 secs] 
2014-07-08T02:11:48.217+0000: 1548.843: [GC [PSYoungGen: 212196K->612K(207104K)] 466159K->254655K(894080K), 0.0060880 secs] [Times: user=0.04 sys=0.00, real=0.01 secs] 
2014-07-08T02:11:48.945+0000: 1549.571: [GC [PSYoungGen: 207076K->1142K(248960K)] 461119K->255273K(935936K), 0.0130000 secs] [Times: user=0.08 sys=0.00, real=0.02 secs] 
2014-07-08T02:11:49.816+0000: 1550.441: [GC [PSYoungGen: 248950K->736K(298176K)] 503081K->254923K(985152K), 0.0134800 secs] [Times: user=0.08 sys=0.00, real=0.02 secs] 
2014-07-08T02:11:50.926+0000: 1551.552: [GC [PSYoungGen: 298144K->1194K(358144K)] 552331K->255542K(1045120K), 0.0105660 secs] [Times: user=0.07 sys=0.00, real=0.01 secs] 
2014-07-08T02:11:52.119+0000: 1552.745: [GC [PSYoungGen: 358122K->818K(347456K)] 612470K->255229K(1034432K), 0.0040560 secs] [Times: user=0.02 sys=0.00, real=0.00 secs] 
2014-07-08T02:11:53.343+0000: 1553.969: [GC [PSYoungGen: 347442K->800K(337536K)] 601853K->255325K(1024512K), 0.0078330 secs] [Times: user=0.05 sys=0.00, real=0.01 secs] 
2014-07-08T02:11:54.530+0000: 1555.156: [GC [PSYoungGen: 337504K->658K(327936K)] 592029K->255247K(1014912K), 0.0069460 secs] [Times: user=0.03 sys=0.00, real=0.00 secs] 
2014-07-08T02:11:55.683+0000: 1556.309: [GC [PSYoungGen: 327890K->726K(318848K)] 582479K->255395K(1005824K), 0.0056210 secs] [Times: user=0.04 sys=0.01, real=0.00 secs] 
2014-07-08T02:11:56.842+0000: 1557.468: [GC [PSYoungGen: 318806K->1312K(310656K)] 573475K->256037K(997632K), 0.0072190 secs] [Times: user=0.02 sys=0.00, real=0.00 secs] 
2014-07-08T02:11:57.897+0000: 1558.523: [GC [PSYoungGen: 310624K->986K(301952K)] 565349K->255783K(988928K), 0.0080880 secs] [Times: user=0.05 sys=0.00, real=0.01 secs] 
2014-07-08T02:11:58.991+0000: 1559.617: [GC [PSYoungGen: 301914K->1064K(293952K)] 556711K->255933K(980928K), 0.0057260 secs] [Times: user=0.03 sys=0.01, real=0.00 secs] 
2014-07-08T02:11:59.995+0000: 1560.621: [GC [PSYoungGen: 293928K->858K(286016K)] 548797K->255791K(972992K), 0.0039660 secs] [Times: user=0.01 sys=0.00, real=0.00 secs] 
2014-07-08T02:12:01.087+0000: 1561.713: [GC [PSYoungGen: 285951K->1082K(278784K)] 540884K->256039K(965760K), 0.0121160 secs] [Times: user=0.06 sys=0.01, real=0.01 secs] 
2014-07-08T02:12:02.044+0000: 1562.670: [GC [PSYoungGen: 278778K->1142K(271680K)] 533735K->256155K(958656K), 0.0100480 secs] [Times: user=0.06 sys=0.00, real=0.01 secs] 
2014-07-08T02:12:02.934+0000: 1563.560: [GC [PSYoungGen: 271670K->872K(264512K)] 526683K->255973K(951488K), 0.0058460 secs] [Times: user=0.03 sys=0.00, real=0.00 secs] 
2014-07-08T02:12:04.523+0000: 1565.149: [GC [PSYoungGen: 264488K->1080K(258048K)] 519589K->256390K(945024K), 0.0057060 secs] [Times: user=0.03 sys=0.00, real=0.00 secs] 
2014-07-08T02:12:05.648+0000: 1566.274: [GC [PSYoungGen: 258040K->1236K(251840K)] 513350K->256601K(938816K), 0.0092130 secs] [Times: user=0.05 sys=0.01, real=0.01 secs] 
2014-07-08T02:12:06.870+0000: 1567.496: [GC [PSYoungGen: 251773K->754K(245184K)] 507138K->256305K(932160K), 0.0066200 secs] [Times: user=0.03 sys=0.00, real=0.01 secs] 
2014-07-08T02:12:07.732+0000: 1568.358: [GC [PSYoungGen: 245170K->1480K(240064K)] 500721K->257120K(927040K), 0.0058680 secs] [Times: user=0.04 sys=0.01, real=0.00 secs] 
2014-07-08T02:12:09.006+0000: 1569.632: [GC [PSYoungGen: 239968K->804K(233664K)] 495607K->256749K(920640K), 0.0048410 secs] [Times: user=0.02 sys=0.01, real=0.00 secs] 
2014-07-08T02:12:10.067+0000: 1570.693: [GC [PSYoungGen: 233636K->1637K(228992K)] 489581K->257646K(915968K), 0.0057810 secs] [Times: user=0.02 sys=0.00, real=0.01 secs] 
2014-07-08T02:12:10.808+0000: 1571.434: [GC [PSYoungGen: 228919K->864K(222912K)] 484929K->257568K(909888K), 0.0050600 secs] [Times: user=0.03 sys=0.00, real=0.01 secs] 
2014-07-08T02:12:11.384+0000: 1572.010: [GC [PSYoungGen: 222861K->1386K(218304K)] 479564K->258153K(905280K), 0.0094040 secs] [Times: user=0.06 sys=0.00, real=0.01 secs] 
2014-07-08T02:12:12.021+0000: 1572.647: [GC [PSYoungGen: 218282K->1106K(213120K)] 475049K->258188K(900096K), 0.0034520 secs] [Times: user=0.02 sys=0.00, real=0.01 secs] 
2014-07-08T02:12:12.643+0000: 1573.269: [GC [PSYoungGen: 213048K->1147K(208384K)] 470130K->258284K(895360K), 0.0074060 secs] [Times: user=0.05 sys=0.00, real=0.00 secs] 
2014-07-08T02:12:13.079+0000: 1573.705: [GC [PSYoungGen: 208359K->1260K(249984K)] 465496K->258461K(936960K), 0.0083390 secs] [Times: user=0.04 sys=0.01, real=0.01 secs] 
2014-07-08T02:12:13.790+0000: 1574.416: [GC [PSYoungGen: 249960K->1136K(299648K)] 507161K->258441K(986624K), 0.0067710 secs] [Times: user=0.04 sys=0.00, real=0.01 secs] 
2014-07-08T02:12:14.701+0000: 1575.327: [GC [PSYoungGen: 299632K->1014K(359232K)] 556937K->258383K(1046208K), 0.0082690 secs] [Times: user=0.04 sys=0.00, real=0.01 secs] 
2014-07-08T02:12:15.877+0000: 1576.503: [GC [PSYoungGen: 359222K->740K(348608K)] 616591K->258213K(1035584K), 0.0052620 secs] [Times: user=0.03 sys=0.00, real=0.00 secs] 
2014-07-08T02:12:17.057+0000: 1577.683: [GC [PSYoungGen: 348580K->862K(338752K)] 606053K->258399K(1025728K), 0.0070630 secs] [Times: user=0.03 sys=0.00, real=0.01 secs] 
2014-07-08T02:12:18.110+0000: 1578.736: [GC [PSYoungGen: 338718K->914K(329280K)] 596255K->258508K(1016256K), 0.0064540 secs] [Times: user=0.04 sys=0.00, real=0.01 secs] 
2014-07-08T02:12:19.237+0000: 1579.863: [GC [PSYoungGen: 329234K->612K(319808K)] 586828K->258253K(1006784K), 0.0115900 secs] [Times: user=0.06 sys=0.00, real=0.01 secs] 
2014-07-08T02:12:20.258+0000: 1580.884: [GC [PSYoungGen: 319780K->1028K(311488K)] 577421K->258773K(998464K), 0.0041840 secs] [Times: user=0.03 sys=0.00, real=0.00 secs] 
2014-07-08T02:12:21.336+0000: 1581.962: [GC [PSYoungGen: 311428K->1423K(303424K)] 569173K->259217K(990400K), 0.0045600 secs] [Times: user=0.02 sys=0.00, real=0.00 secs] 
2014-07-08T02:12:22.338+0000: 1582.964: [GC [PSYoungGen: 303348K->1032K(294912K)] 561142K->258881K(981888K), 0.0050740 secs] [Times: user=0.02 sys=0.00, real=0.00 secs] 
2014-07-08T02:12:23.288+0000: 1583.914: [GC [PSYoungGen: 294856K->804K(286848K)] 552705K->258725K(973824K), 0.0064600 secs] [Times: user=0.04 sys=0.00, real=0.01 secs] 
2014-07-08T02:12:24.222+0000: 1584.848: [GC [PSYoungGen: 286820K->1188K(279744K)] 544741K->259197K(966720K), 0.0054380 secs] [Times: user=0.03 sys=0.00, real=0.01 secs] 
2014-07-08T02:12:25.183+0000: 1585.809: [GC [PSYoungGen: 279716K->694K(272000K)] 537725K->258783K(958976K), 0.0036580 secs] [Times: user=0.01 sys=0.01, real=0.01 secs] 
2014-07-08T02:12:26.116+0000: 1586.742: [GC [PSYoungGen: 271990K->876K(265280K)] 530079K->259045K(952256K), 0.0050410 secs] [Times: user=0.04 sys=0.00, real=0.00 secs] 
2014-07-08T02:12:27.045+0000: 1587.671: [GC [PSYoungGen: 265260K->988K(258752K)] 523429K->259206K(945728K), 0.0069930 secs] [Times: user=0.03 sys=0.00, real=0.00 secs] 
2014-07-08T02:12:27.920+0000: 1588.546: [GC [PSYoungGen: 258707K->598K(251968K)] 516925K->258879K(938944K), 0.0082140 secs] [Times: user=0.05 sys=0.00, real=0.01 secs] 
2014-07-08T02:12:28.822+0000: 1589.448: [GC [PSYoungGen: 251926K->1126K(246336K)] 510207K->259479K(933312K), 0.0060810 secs] [Times: user=0.04 sys=0.00, real=0.01 secs] 
2014-07-08T02:12:29.669+0000: 1590.295: [GC [PSYoungGen: 246310K->776K(240064K)] 504663K->259185K(927040K), 0.0041950 secs] [Times: user=0.02 sys=0.01, real=0.00 secs] 
2014-07-08T02:12:30.550+0000: 1591.176: [GC [PSYoungGen: 240008K->1011K(234560K)] 498417K->259492K(921536K), 0.0067320 secs] [Times: user=0.04 sys=0.01, real=0.01 secs] 
2014-07-08T02:12:31.298+0000: 1591.924: [GC [PSYoungGen: 234547K->1024K(229120K)] 493028K->259585K(916096K), 0.0046450 secs] [Times: user=0.02 sys=0.00, real=0.00 secs] 
2014-07-08T02:12:32.095+0000: 1592.721: [GC [PSYoungGen: 229041K->992K(223744K)] 487602K->259618K(910720K), 0.0053570 secs] [Times: user=0.01 sys=0.00, real=0.00 secs] 
2014-07-08T02:12:32.851+0000: 1593.477: [GC [PSYoungGen: 223709K->942K(218560K)] 482335K->259663K(905536K), 0.0050670 secs] [Times: user=0.04 sys=0.00, real=0.01 secs] 
2014-07-08T02:12:33.690+0000: 1594.316: [GC [PSYoungGen: 218541K->1018K(213696K)] 477263K->259803K(900672K), 0.0039560 secs] [Times: user=0.01 sys=0.01, real=0.00 secs] 
2014-07-08T02:12:34.337+0000: 1594.963: [GC [PSYoungGen: 213662K->776K(208704K)] 472448K->259625K(895680K), 0.0115680 secs] [Times: user=0.08 sys=0.00, real=0.01 secs] 
2014-07-08T02:12:35.062+0000: 1595.688: [GC [PSYoungGen: 208648K->708K(204032K)] 467497K->259629K(891008K), 0.0085600 secs] [Times: user=0.06 sys=0.00, real=0.01 secs] 
2014-07-08T02:12:35.832+0000: 1596.458: [GC [PSYoungGen: 203972K->776K(199616K)] 462893K->259761K(886592K), 0.0071100 secs] [Times: user=0.04 sys=0.00, real=0.01 secs] 
2014-07-08T02:12:36.516+0000: 1597.141: [GC [PSYoungGen: 199560K->1042K(195584K)] 458545K->260107K(882560K), 0.0078650 secs] [Times: user=0.05 sys=0.00, real=0.01 secs] 
2014-07-08T02:12:37.192+0000: 1597.817: [GC [PSYoungGen: 195536K->744K(234176K)] 454602K->259881K(921152K), 0.0076470 secs] [Times: user=0.06 sys=0.01, real=0.01 secs] 
2014-07-08T02:12:38.003+0000: 1598.629: [GC [PSYoungGen: 234152K->1018K(228928K)] 493289K->260188K(915904K), 0.0037420 secs] [Times: user=0.01 sys=0.00, real=0.01 secs] 
2014-07-08T02:12:38.823+0000: 1599.449: [GC [PSYoungGen: 228922K->1146K(274688K)] 488092K->260371K(961664K), 0.0183570 secs] [Times: user=0.12 sys=0.00, real=0.02 secs] 
2014-07-08T02:12:39.803+0000: 1600.429: [GC [PSYoungGen: 274682K->552K(328832K)] 533907K->259973K(1015808K), 0.0047670 secs] [Times: user=0.01 sys=0.00, real=0.01 secs] 
2014-07-08T02:12:40.948+0000: 1601.574: [GC [PSYoungGen: 328808K->1008K(320128K)] 588229K->260509K(1007104K), 0.0055590 secs] [Times: user=0.03 sys=0.00, real=0.00 secs] 
2014-07-08T02:12:42.124+0000: 1602.750: [GC [PSYoungGen: 320105K->915K(311296K)] 579607K->260464K(998272K), 0.0065790 secs] [Times: user=0.04 sys=0.00, real=0.01 secs] 
2014-07-08T02:12:43.169+0000: 1603.795: [GC [PSYoungGen: 311220K->1026K(302976K)] 570769K->260671K(989952K), 0.0072730 secs] [Times: user=0.04 sys=0.00, real=0.00 secs] 
2014-07-08T02:12:44.243+0000: 1604.868: [GC [PSYoungGen: 302914K->702K(294464K)] 562559K->260563K(981440K), 0.0081130 secs] [Times: user=0.05 sys=0.00, real=0.01 secs] 
2014-07-08T02:12:45.306+0000: 1605.932: [GC [PSYoungGen: 294462K->1064K(287040K)] 554323K->261015K(974016K), 0.0046120 secs] [Times: user=0.02 sys=0.00, real=0.01 secs] 
2014-07-08T02:12:46.274+0000: 1606.899: [GC [PSYoungGen: 287016K->822K(279296K)] 546967K->261011K(966272K), 0.0042820 secs] [Times: user=0.02 sys=0.00, real=0.01 secs] 
2014-07-08T02:12:47.265+0000: 1607.891: [GC [PSYoungGen: 279286K->922K(272256K)] 539475K->261191K(959232K), 0.0034470 secs] [Times: user=0.02 sys=0.00, real=0.01 secs] 
2014-07-08T02:12:48.240+0000: 1608.866: [GC [PSYoungGen: 272218K->940K(265344K)] 532487K->261337K(952320K), 0.0085310 secs] [Times: user=0.05 sys=0.00, real=0.01 secs] 
2014-07-08T02:12:49.142+0000: 1609.768: [GC [PSYoungGen: 265261K->797K(258560K)] 525659K->261274K(945536K), 0.0034580 secs] [Times: user=0.01 sys=0.00, real=0.00 secs] 
2014-07-08T02:12:50.044+0000: 1610.670: [GC [PSYoungGen: 258525K->826K(252160K)] 519002K->261407K(939136K), 0.0058340 secs] [Times: user=0.04 sys=0.00, real=0.01 secs] 
2014-07-08T02:12:50.926+0000: 1611.551: [GC [PSYoungGen: 252087K->985K(246208K)] 512669K->261639K(933184K), 0.0083540 secs] [Times: user=0.05 sys=0.00, real=0.01 secs] 
2014-07-08T02:12:51.816+0000: 1612.441: [GC [PSYoungGen: 246169K->726K(240000K)] 506823K->261517K(926976K), 0.0081780 secs] [Times: user=0.06 sys=0.00, real=0.01 secs] 
2014-07-08T02:12:52.731+0000: 1613.356: [GC [PSYoungGen: 239958K->908K(234496K)] 500749K->261755K(921472K), 0.0039140 secs] [Times: user=0.02 sys=0.00, real=0.00 secs] 
2014-07-08T02:12:53.498+0000: 1614.124: [GC [PSYoungGen: 234441K->868K(228928K)] 495289K->261869K(915904K), 0.0067530 secs] [Times: user=0.02 sys=0.00, real=0.01 secs] 
2014-07-08T02:12:54.267+0000: 1614.892: [GC [PSYoungGen: 228900K->986K(223744K)] 489901K->262059K(910720K), 0.0063020 secs] [Times: user=0.04 sys=0.00, real=0.01 secs] 
2014-07-08T02:12:55.051+0000: 1615.677: [GC [PSYoungGen: 223706K->672K(218304K)] 484779K->261865K(905280K), 0.0060880 secs] [Times: user=0.04 sys=0.00, real=0.00 secs] 
2014-07-08T02:12:55.820+0000: 1616.445: [GC [PSYoungGen: 218272K->926K(213632K)] 479465K->262207K(900608K), 0.0044640 secs] [Times: user=0.03 sys=0.01, real=0.00 secs] 
2014-07-08T02:12:56.592+0000: 1617.218: [GC [PSYoungGen: 213568K->830K(208704K)] 474850K->262135K(895680K), 0.0066280 secs] [Times: user=0.01 sys=0.00, real=0.00 secs] 
2014-07-08T02:12:57.318+0000: 1617.944: [GC [PSYoungGen: 208702K->786K(204096K)] 470007K->262203K(891072K), 0.0044550 secs] [Times: user=0.03 sys=0.01, real=0.01 secs] 
2014-07-08T02:12:58.072+0000: 1618.698: [GC [PSYoungGen: 204050K->808K(199616K)] 465467K->262906K(886592K), 0.0052590 secs] [Times: user=0.03 sys=0.00, real=0.00 secs] 
2014-07-08T02:12:58.719+0000: 1619.344: [GC [PSYoungGen: 199590K->972K(195520K)] 461688K->263142K(882496K), 0.0051100 secs] [Times: user=0.02 sys=0.01, real=0.01 secs] 
2014-07-08T02:12:59.400+0000: 1620.026: [GC [PSYoungGen: 195437K->978K(191360K)] 457607K->263478K(878336K), 0.0064770 secs] [Times: user=0.04 sys=0.00, real=0.00 secs] 
2014-07-08T02:13:00.039+0000: 1620.665: [GC [PSYoungGen: 191265K->730K(187072K)] 453766K->263294K(874048K), 0.0037990 secs] [Times: user=0.02 sys=0.00, real=0.01 secs] 
2014-07-08T02:13:00.687+0000: 1621.313: [GC [PSYoungGen: 187034K->816K(183232K)] 449598K->263420K(870208K), 0.0082640 secs] [Times: user=0.04 sys=0.00, real=0.01 secs] 
2014-07-08T02:13:01.339+0000: 1621.965: [GC [PSYoungGen: 183216K->996K(179648K)] 445820K->263640K(866624K), 0.0042020 secs] [Times: user=0.02 sys=0.00, real=0.00 secs] 
2014-07-08T02:13:02.162+0000: 1622.787: [GC [PSYoungGen: 179620K->881K(175872K)] 442264K->263825K(862848K), 0.0074630 secs] [Times: user=0.04 sys=0.00, real=0.00 secs] 
2014-07-08T02:13:02.789+0000: 1623.415: [GC [PSYoungGen: 175840K->1342K(172800K)] 438785K->264571K(859776K), 0.0078120 secs] [Times: user=0.05 sys=0.00, real=0.01 secs] 
2014-07-08T02:13:03.861+0000: 1624.487: [GC [PSYoungGen: 172790K->484K(168576K)] 436019K->264901K(855552K), 0.0046330 secs] [Times: user=0.02 sys=0.00, real=0.00 secs] 
2014-07-08T02:13:04.538+0000: 1625.163: [GC [PSYoungGen: 168548K->1389K(166208K)] 432965K->265862K(853184K), 0.0086370 secs] [Times: user=0.05 sys=0.00, real=0.01 secs] 
2014-07-08T02:13:04.970+0000: 1625.596: [GC [PSYoungGen: 166189K->1004K(198784K)] 430662K->265877K(885760K), 0.0091720 secs] [Times: user=0.06 sys=0.00, real=0.00 secs] 
2014-07-08T02:13:05.601+0000: 1626.227: [GC [PSYoungGen: 198668K->1321K(238656K)] 463541K->266282K(925632K), 0.0085720 secs] [Times: user=0.06 sys=0.00, real=0.00 secs] 
2014-07-08T02:13:06.372+0000: 1626.998: [GC [PSYoungGen: 238633K->1269K(286080K)] 503594K->266488K(973056K), 0.0033640 secs] [Times: user=0.02 sys=0.00, real=0.00 secs] 
2014-07-08T02:13:07.158+0000: 1627.784: [GC [PSYoungGen: 286069K->1470K(343232K)] 551288K->266761K(1030208K), 0.0084570 secs] [Times: user=0.05 sys=0.00, real=0.01 secs] 
2014-07-08T02:13:08.323+0000: 1628.949: [GC [PSYoungGen: 343230K->1018K(333056K)] 608521K->266431K(1020032K), 0.0060340 secs] [Times: user=0.04 sys=0.00, real=0.00 secs] 
2014-07-08T02:13:09.385+0000: 1630.011: [GC [PSYoungGen: 333050K->1276K(323968K)] 598463K->266745K(1010944K), 0.0044750 secs] [Times: user=0.01 sys=0.00, real=0.00 secs] 
2014-07-08T02:13:10.473+0000: 1631.099: [GC [PSYoungGen: 323936K->740K(314496K)] 589405K->266289K(1001472K), 0.0073570 secs] [Times: user=0.05 sys=0.00, real=0.00 secs] 
2014-07-08T02:13:11.508+0000: 1632.134: [GC [PSYoungGen: 314468K->1454K(306624K)] 580017K->267068K(993600K), 0.0171720 secs] [Times: user=0.10 sys=0.00, real=0.02 secs] 
2014-07-08T02:13:12.577+0000: 1633.203: [GC [PSYoungGen: 306568K->904K(297856K)] 572181K->266605K(984832K), 0.0035180 secs] [Times: user=0.02 sys=0.00, real=0.00 secs] 
2014-07-08T02:13:13.558+0000: 1634.184: [GC [PSYoungGen: 297792K->826K(289792K)] 563493K->266599K(976768K), 0.0058850 secs] [Times: user=0.04 sys=0.00, real=0.01 secs] 
2014-07-08T02:13:14.600+0000: 1635.226: [GC [PSYoungGen: 289786K->1178K(282560K)] 555559K->267015K(969536K), 0.0088220 secs] [Times: user=0.06 sys=0.00, real=0.01 secs] 
2014-07-08T02:13:15.559+0000: 1636.185: [GC [PSYoungGen: 282487K->897K(275008K)] 548324K->266798K(961984K), 0.0058340 secs] [Times: user=0.04 sys=0.00, real=0.01 secs] 
2014-07-08T02:13:16.597+0000: 1637.223: [GC [PSYoungGen: 274945K->1235K(268288K)] 540846K->267184K(955264K), 0.0074270 secs] [Times: user=0.05 sys=0.01, real=0.01 secs] 
2014-07-08T02:13:17.487+0000: 1638.113: [GC [PSYoungGen: 268243K->1124K(261376K)] 534192K->267129K(948352K), 0.0124920 secs] [Times: user=0.09 sys=0.00, real=0.01 secs] 
2014-07-08T02:13:18.442+0000: 1639.068: [GC [PSYoungGen: 261323K->1195K(254912K)] 527328K->267306K(941888K), 0.0065840 secs] [Times: user=0.04 sys=0.00, real=0.01 secs] 
2014-07-08T02:13:19.272+0000: 1639.898: [GC [PSYoungGen: 254843K->1426K(248896K)] 520954K->267601K(935872K), 0.0068690 secs] [Times: user=0.04 sys=0.00, real=0.00 secs] 
2014-07-08T02:13:20.135+0000: 1640.761: [GC [PSYoungGen: 248840K->826K(242240K)] 515015K->267213K(929216K), 0.0040100 secs] [Times: user=0.03 sys=0.00, real=0.00 secs] 
2014-07-08T02:13:20.985+0000: 1641.611: [GC [PSYoungGen: 242234K->630K(236224K)] 508621K->267089K(923200K), 0.0087450 secs] [Times: user=0.06 sys=0.00, real=0.01 secs] 
2014-07-08T02:13:21.798+0000: 1642.424: [GC [PSYoungGen: 236214K->1088K(283904K)] 502673K->267595K(970880K), 0.0139270 secs] [Times: user=0.08 sys=0.00, real=0.01 secs] 
2014-07-08T02:13:22.815+0000: 1643.441: [GC [PSYoungGen: 283840K->676K(276096K)] 550347K->267247K(963072K), 0.0030360 secs] [Times: user=0.02 sys=0.00, real=0.00 secs] 
2014-07-08T02:13:23.782+0000: 1644.408: [GC [PSYoungGen: 276068K->798K(269120K)] 542639K->267433K(956096K), 0.0053440 secs] [Times: user=0.04 sys=0.00, real=0.01 secs] 
2014-07-08T02:13:24.746+0000: 1645.372: [GC [PSYoungGen: 269086K->1302K(262848K)] 535721K->267993K(949824K), 0.0067740 secs] [Times: user=0.04 sys=0.00, real=0.00 secs] 
2014-07-08T02:13:25.653+0000: 1646.279: [GC [PSYoungGen: 262806K->812K(255808K)] 529497K->267567K(942784K), 0.0063930 secs] [Times: user=0.04 sys=0.01, real=0.00 secs] 
2014-07-08T02:13:26.677+0000: 1647.303: [GC [PSYoungGen: 255788K->996K(249664K)] 522543K->267815K(936640K), 0.0054680 secs] [Times: user=0.03 sys=0.00, real=0.00 secs] 
2014-07-08T02:13:27.493+0000: 1648.119: [GC [PSYoungGen: 249636K->1344K(243968K)] 516455K->268203K(930944K), 0.0144720 secs] [Times: user=0.08 sys=0.00, real=0.02 secs] 
2014-07-08T02:13:28.352+0000: 1648.978: [GC [PSYoungGen: 243900K->1024K(237824K)] 510759K->267931K(924800K), 0.0067850 secs] [Times: user=0.04 sys=0.01, real=0.01 secs] 
2014-07-08T02:13:29.121+0000: 1649.747: [GC [PSYoungGen: 237741K->1015K(232128K)] 504649K->268116K(919104K), 0.0050550 secs] [Times: user=0.03 sys=0.00, real=0.01 secs] 
2014-07-08T02:13:29.923+0000: 1650.549: [GC [PSYoungGen: 232118K->630K(226304K)] 499219K->267787K(913280K), 0.0059660 secs] [Times: user=0.03 sys=0.00, real=0.01 secs] 
2014-07-08T02:13:30.720+0000: 1651.346: [GC [PSYoungGen: 226294K->772K(221248K)] 493451K->268025K(908224K), 0.0061150 secs] [Times: user=0.04 sys=0.00, real=0.01 secs] 
2014-07-08T02:13:31.505+0000: 1652.131: [GC [PSYoungGen: 221188K->990K(216384K)] 488441K->268307K(903360K), 0.0036200 secs] [Times: user=0.01 sys=0.00, real=0.00 secs] 
2014-07-08T02:13:32.357+0000: 1652.983: [GC [PSYoungGen: 216350K->1134K(211648K)] 483667K->268515K(898624K), 0.0043000 secs] [Times: user=0.02 sys=0.00, real=0.00 secs] 
2014-07-08T02:13:33.146+0000: 1653.772: [GC [PSYoungGen: 211630K->928K(206784K)] 479011K->268365K(893760K), 0.0070940 secs] [Times: user=0.04 sys=0.01, real=0.00 secs] 
2014-07-08T02:13:34.406+0000: 1655.032: [GC [PSYoungGen: 206734K->1146K(202432K)] 474171K->268793K(889408K), 0.0057260 secs] [Times: user=0.02 sys=0.00, real=0.00 secs] 
2014-07-08T02:13:35.579+0000: 1656.205: [GC [PSYoungGen: 202387K->1326K(198272K)] 470034K->269037K(885248K), 0.0074100 secs] [Times: user=0.04 sys=0.01, real=0.01 secs] 
2014-07-08T02:13:36.181+0000: 1656.807: [GC [PSYoungGen: 198254K->766K(193472K)] 465965K->268829K(880448K), 0.0039100 secs] [Times: user=0.02 sys=0.00, real=0.00 secs] 
2014-07-08T02:13:36.650+0000: 1657.276: [GC [PSYoungGen: 193470K->936K(189568K)] 461533K->269095K(876544K), 0.0061510 secs] [Times: user=0.03 sys=0.00, real=0.01 secs] 
2014-07-08T02:13:37.283+0000: 1657.909: [GC [PSYoungGen: 189544K->1024K(185728K)] 457703K->269239K(872704K), 0.0074200 secs] [Times: user=0.04 sys=0.00, real=0.01 secs] 
2014-07-08T02:13:37.825+0000: 1658.451: [GC [PSYoungGen: 185656K->1014K(181824K)] 453872K->269310K(868800K), 0.0057480 secs] [Times: user=0.03 sys=0.00, real=0.00 secs] 
2014-07-08T02:13:38.373+0000: 1658.998: [GC [PSYoungGen: 181734K->1003K(178112K)] 450030K->269371K(865088K), 0.0034600 secs] [Times: user=0.02 sys=0.00, real=0.01 secs] 
2014-07-08T02:13:38.809+0000: 1659.434: [GC [PSYoungGen: 178080K->840K(213440K)] 446448K->269303K(900416K), 0.0082870 secs] [Times: user=0.05 sys=0.00, real=0.01 secs] 
2014-07-08T02:13:39.549+0000: 1660.175: [GC [PSYoungGen: 213384K->1080K(208832K)] 481847K->269592K(895808K), 0.0046040 secs] [Times: user=0.03 sys=0.00, real=0.00 secs] 
2014-07-08T02:13:40.165+0000: 1660.791: [GC [PSYoungGen: 208824K->1313K(250688K)] 477336K->269905K(937664K), 0.0073880 secs] [Times: user=0.05 sys=0.00, real=0.00 secs] 
2014-07-08T02:13:40.972+0000: 1661.598: [GC [PSYoungGen: 250657K->566K(299840K)] 519249K->269427K(986816K), 0.0092320 secs] [Times: user=0.06 sys=0.00, real=0.01 secs] 
2014-07-08T02:13:41.956+0000: 1662.582: [GC [PSYoungGen: 299830K->580K(291904K)] 568691K->269489K(978880K), 0.0035620 secs] [Times: user=0.01 sys=0.01, real=0.00 secs] 
2014-07-08T02:13:42.965+0000: 1663.591: [GC [PSYoungGen: 291844K->762K(284352K)] 560753K->269785K(971328K), 0.0054180 secs] [Times: user=0.03 sys=0.00, real=0.01 secs] 
2014-07-08T02:13:43.914+0000: 1664.540: [GC [PSYoungGen: 284346K->872K(277056K)] 553369K->269999K(964032K), 0.0072570 secs] [Times: user=0.04 sys=0.01, real=0.01 secs] 
2014-07-08T02:13:44.867+0000: 1665.493: [GC [PSYoungGen: 277032K->512K(269568K)] 546159K->269695K(956544K), 0.0032460 secs] [Times: user=0.02 sys=0.00, real=0.00 secs] 
2014-07-08T02:13:45.800+0000: 1666.426: [GC [PSYoungGen: 269568K->982K(263232K)] 538751K->270254K(950208K), 0.0103710 secs] [Times: user=0.07 sys=0.00, real=0.01 secs] 
2014-07-08T02:13:46.775+0000: 1667.400: [GC [PSYoungGen: 263190K->794K(256448K)] 532462K->270113K(943424K), 0.0059240 secs] [Times: user=0.03 sys=0.00, real=0.01 secs] 
2014-07-08T02:13:47.593+0000: 1668.219: [GC [PSYoungGen: 256410K->702K(249984K)] 525729K->270061K(936960K), 0.0034390 secs] [Times: user=0.02 sys=0.00, real=0.01 secs] 
2014-07-08T02:13:48.565+0000: 1669.191: [GC [PSYoungGen: 249938K->1164K(244416K)] 519298K->270555K(931392K), 0.0062860 secs] [Times: user=0.02 sys=0.00, real=0.01 secs] 
2014-07-08T02:13:49.318+0000: 1669.943: [GC [PSYoungGen: 244300K->1177K(238528K)] 513691K->270641K(925504K), 0.0063300 secs] [Times: user=0.03 sys=0.00, real=0.00 secs] 
2014-07-08T02:13:50.151+0000: 1670.777: [GC [PSYoungGen: 238440K->689K(232384K)] 507904K->270445K(919360K), 0.0068310 secs] [Times: user=0.03 sys=0.00, real=0.01 secs] 
2014-07-08T02:13:50.976+0000: 1671.602: [GC [PSYoungGen: 232369K->804K(227072K)] 502125K->270663K(914048K), 0.0052660 secs] [Times: user=0.03 sys=0.00, real=0.01 secs] 
2014-07-08T02:13:51.750+0000: 1672.376: [GC [PSYoungGen: 227044K->1074K(222080K)] 496903K->271138K(909056K), 0.0054730 secs] [Times: user=0.04 sys=0.00, real=0.00 secs] 
2014-07-08T02:13:52.622+0000: 1673.248: [GC [PSYoungGen: 221982K->1299K(217280K)] 492046K->271427K(904256K), 0.0065690 secs] [Times: user=0.04 sys=0.00, real=0.01 secs] 
2014-07-08T02:13:53.295+0000: 1673.921: [GC [PSYoungGen: 217200K->566K(211648K)] 487328K->270995K(898624K), 0.0063670 secs] [Times: user=0.04 sys=0.00, real=0.01 secs] 
2014-07-08T02:13:54.036+0000: 1674.662: [GC [PSYoungGen: 211638K->1519K(207872K)] 482067K->272029K(894848K), 0.0057300 secs] [Times: user=0.03 sys=0.00, real=0.01 secs] 
2014-07-08T02:13:54.766+0000: 1675.391: [GC [PSYoungGen: 207855K->808K(202624K)] 478365K->271571K(889600K), 0.0063700 secs] [Times: user=0.04 sys=0.00, real=0.01 secs] 
2014-07-08T02:13:55.482+0000: 1676.108: [GC [PSYoungGen: 202600K->662K(198080K)] 473363K->271489K(885056K), 0.0081920 secs] [Times: user=0.06 sys=0.00, real=0.01 secs] 
2014-07-08T02:13:56.176+0000: 1676.801: [GC [PSYoungGen: 198033K->954K(194112K)] 468860K->271845K(881088K), 0.0062020 secs] [Times: user=0.04 sys=0.01, real=0.01 secs] 
2014-07-08T02:13:56.864+0000: 1677.489: [GC [PSYoungGen: 194104K->694K(189760K)] 464996K->271617K(876736K), 0.0058210 secs] [Times: user=0.02 sys=0.00, real=0.01 secs] 
2014-07-08T02:13:57.568+0000: 1678.194: [GC [PSYoungGen: 189750K->1200K(186304K)] 460673K->272180K(873280K), 0.0064590 secs] [Times: user=0.04 sys=0.00, real=0.01 secs] 
2014-07-08T02:13:58.184+0000: 1678.810: [GC [PSYoungGen: 186288K->1244K(182528K)] 457268K->272312K(869504K), 0.0060700 secs] [Times: user=0.04 sys=0.00, real=0.01 secs] 
2014-07-08T02:13:58.947+0000: 1679.573: [GC [PSYoungGen: 182492K->758K(178304K)] 453560K->272140K(865280K), 0.0079230 secs] [Times: user=0.05 sys=0.00, real=0.01 secs] 
2014-07-08T02:13:59.475+0000: 1680.101: [GC [PSYoungGen: 178294K->748K(174720K)] 449676K->272170K(861696K), 0.0039750 secs] [Times: user=0.02 sys=0.00, real=0.01 secs] 
2014-07-08T02:14:00.067+0000: 1680.693: [GC [PSYoungGen: 174700K->576K(171072K)] 446122K->272286K(858048K), 0.0054220 secs] [Times: user=0.03 sys=0.00, real=0.01 secs] 
2014-07-08T02:14:00.671+0000: 1681.297: [GC [PSYoungGen: 171072K->858K(168000K)] 442782K->272648K(854976K), 0.0045300 secs] [Times: user=0.03 sys=0.00, real=0.00 secs] 
2014-07-08T02:14:01.257+0000: 1681.883: [GC [PSYoungGen: 167962K->680K(164544K)] 439752K->272550K(851520K), 0.0056050 secs] [Times: user=0.03 sys=0.01, real=0.01 secs] 
2014-07-08T02:14:01.834+0000: 1682.460: [GC [PSYoungGen: 164473K->901K(161664K)] 436343K->272843K(848640K), 0.0054280 secs] [Times: user=0.03 sys=0.00, real=0.01 secs] 
2014-07-08T02:14:02.549+0000: 1683.175: [GC [PSYoungGen: 161605K->1244K(158912K)] 433547K->273266K(845888K), 0.0067010 secs] [Times: user=0.04 sys=0.00, real=0.00 secs] 
2014-07-08T02:14:03.044+0000: 1683.670: [GC [PSYoungGen: 158876K->1366K(156096K)] 430898K->273476K(843072K), 0.0071780 secs] [Times: user=0.05 sys=0.00, real=0.01 secs] 
2014-07-08T02:14:03.665+0000: 1684.291: [GC [PSYoungGen: 156054K->438K(152256K)] 428164K->272910K(839232K), 0.0054380 secs] [Times: user=0.02 sys=0.00, real=0.01 secs] 
2014-07-08T02:14:04.092+0000: 1684.718: [GC [PSYoungGen: 152236K->1570K(183808K)] 424708K->274524K(870784K), 0.0096090 secs] [Times: user=0.06 sys=0.01, real=0.01 secs] 
2014-07-08T02:14:04.698+0000: 1685.324: [GC [PSYoungGen: 183778K->726K(219456K)] 456731K->274307K(906432K), 0.0030750 secs] [Times: user=0.02 sys=0.00, real=0.01 secs] 
2014-07-08T02:14:05.531+0000: 1686.157: [GC [PSYoungGen: 219377K->1228K(263744K)] 492959K->274973K(950720K), 0.0084570 secs] [Times: user=0.05 sys=0.00, real=0.01 secs] 
2014-07-08T02:14:06.388+0000: 1687.014: [GC [PSYoungGen: 263692K->800K(256704K)] 537437K->274569K(943680K), 0.0052430 secs] [Times: user=0.02 sys=0.00, real=0.01 secs] 
2014-07-08T02:14:07.349+0000: 1687.975: [GC [PSYoungGen: 256666K->1419K(251008K)] 530435K->275276K(937984K), 0.0073580 secs] [Times: user=0.04 sys=0.00, real=0.00 secs] 
2014-07-08T02:14:08.176+0000: 1688.802: [GC [PSYoungGen: 250955K->544K(244032K)] 524812K->274465K(931008K), 0.0031400 secs] [Times: user=0.02 sys=0.00, real=0.00 secs] 
2014-07-08T02:14:09.036+0000: 1689.662: [GC [PSYoungGen: 244000K->1096K(238720K)] 517921K->275114K(925696K), 0.0050660 secs] [Times: user=0.03 sys=0.00, real=0.01 secs] 
2014-07-08T02:14:09.889+0000: 1690.515: [GC [PSYoungGen: 238648K->748K(232640K)] 512666K->274813K(919616K), 0.0050940 secs] [Times: user=0.02 sys=0.00, real=0.01 secs] 
2014-07-08T02:14:10.717+0000: 1691.343: [GC [PSYoungGen: 232620K->722K(227200K)] 506685K->274843K(914176K), 0.0036380 secs] [Times: user=0.02 sys=0.00, real=0.01 secs] 
2014-07-08T02:14:11.509+0000: 1692.135: [GC [PSYoungGen: 227154K->910K(222144K)] 501275K->275103K(909120K), 0.0060530 secs] [Times: user=0.04 sys=0.00, real=0.01 secs] 
2014-07-08T02:14:12.376+0000: 1693.002: [GC [PSYoungGen: 222094K->1106K(217280K)] 496287K->275355K(904256K), 0.0071200 secs] [Times: user=0.05 sys=0.00, real=0.01 secs] 
2014-07-08T02:14:13.075+0000: 1693.701: [GC [PSYoungGen: 217234K->1116K(212352K)] 491483K->275422K(899328K), 0.0119080 secs] [Times: user=0.04 sys=0.00, real=0.01 secs] 
2014-07-08T02:14:13.830+0000: 1694.456: [GC [PSYoungGen: 212316K->824K(207296K)] 486622K->275162K(894272K), 0.0064000 secs] [Times: user=0.02 sys=0.00, real=0.01 secs] 
2014-07-08T02:14:14.725+0000: 1695.351: [GC [PSYoungGen: 207288K->1092K(203072K)] 481626K->275501K(890048K), 0.0059770 secs] [Times: user=0.04 sys=0.00, real=0.01 secs] 
2014-07-08T02:14:15.316+0000: 1695.942: [GC [PSYoungGen: 203012K->946K(198464K)] 477421K->275427K(885440K), 0.0056690 secs] [Times: user=0.04 sys=0.00, real=0.01 secs] 
2014-07-08T02:14:16.427+0000: 1697.053: [GC [PSYoungGen: 198448K->1258K(194560K)] 472930K->275924K(881536K), 0.0060190 secs] [Times: user=0.04 sys=0.00, real=0.01 secs] 
2014-07-08T02:14:17.424+0000: 1698.050: [GC [PSYoungGen: 194509K->1260K(190464K)] 469175K->275981K(877440K), 0.0082690 secs] [Times: user=0.06 sys=0.00, real=0.01 secs] 
2014-07-08T02:14:18.220+0000: 1698.846: [GC [PSYoungGen: 190444K->946K(186176K)] 465165K->275868K(873152K), 0.0097870 secs] [Times: user=0.07 sys=0.00, real=0.01 secs] 
2014-07-08T02:14:19.077+0000: 1699.703: [GC [PSYoungGen: 186105K->1111K(182528K)] 461027K->276080K(869504K), 0.0079540 secs] [Times: user=0.04 sys=0.01, real=0.01 secs] 
2014-07-08T02:14:19.452+0000: 1700.078: [GC [PSYoungGen: 182487K->1260K(218944K)] 457456K->276358K(905920K), 0.0075490 secs] [Times: user=0.05 sys=0.00, real=0.00 secs] 
2014-07-08T02:14:20.180+0000: 1700.806: [GC [PSYoungGen: 218924K->1246K(262528K)] 494022K->276400K(949504K), 0.0047520 secs] [Times: user=0.03 sys=0.01, real=0.01 secs] 
2014-07-08T02:14:20.977+0000: 1701.603: [GC [PSYoungGen: 262494K->818K(255552K)] 537648K->276232K(942528K), 0.0052970 secs] [Times: user=0.03 sys=0.01, real=0.01 secs] 
2014-07-08T02:14:21.612+0000: 1702.238: [GC [PSYoungGen: 255535K->850K(249344K)] 530949K->276328K(936320K), 0.0060780 secs] [Times: user=0.03 sys=0.00, real=0.01 secs] 
2014-07-08T02:14:22.498+0000: 1703.124: [GC [PSYoungGen: 249298K->594K(243008K)] 524776K->276127K(929984K), 0.0065290 secs] [Times: user=0.04 sys=0.00, real=0.01 secs] 
2014-07-08T02:14:23.310+0000: 1703.936: [GC [PSYoungGen: 242962K->850K(237440K)] 518495K->276440K(924416K), 0.0082580 secs] [Times: user=0.06 sys=0.01, real=0.01 secs] 
2014-07-08T02:14:24.114+0000: 1704.740: [GC [PSYoungGen: 237394K->1040K(232000K)] 512984K->276694K(918976K), 0.0062710 secs] [Times: user=0.03 sys=0.00, real=0.00 secs] 
2014-07-08T02:14:24.809+0000: 1705.435: [GC [PSYoungGen: 231952K->1248K(226752K)] 507606K->276966K(913728K), 0.0068790 secs] [Times: user=0.04 sys=0.00, real=0.01 secs] 
2014-07-08T02:14:25.578+0000: 1706.203: [GC [PSYoungGen: 226707K->882K(221120K)] 502425K->276680K(908096K), 0.0074830 secs] [Times: user=0.04 sys=0.00, real=0.01 secs] 
2014-07-08T02:14:26.318+0000: 1706.944: [GC [PSYoungGen: 221106K->844K(216064K)] 496904K->276706K(903040K), 0.0079110 secs] [Times: user=0.05 sys=0.01, real=0.01 secs] 
2014-07-08T02:14:27.089+0000: 1707.715: [GC [PSYoungGen: 216012K->858K(211200K)] 491874K->276884K(898176K), 0.0081620 secs] [Times: user=0.05 sys=0.00, real=0.01 secs] 
2014-07-08T02:14:27.740+0000: 1708.366: [GC [PSYoungGen: 211162K->840K(253312K)] 487188K->276938K(940288K), 0.0077560 secs] [Times: user=0.04 sys=0.00, real=0.01 secs] 
2014-07-08T02:14:28.606+0000: 1709.232: [GC [PSYoungGen: 253214K->580K(246848K)] 529312K->276726K(933824K), 0.0038780 secs] [Times: user=0.02 sys=0.00, real=0.00 secs] 
2014-07-08T02:14:29.448+0000: 1710.074: [GC [PSYoungGen: 246788K->918K(241216K)] 522934K->277128K(928192K), 0.0031350 secs] [Times: user=0.02 sys=0.00, real=0.00 secs] 
2014-07-08T02:14:30.303+0000: 1710.929: [GC [PSYoungGen: 241174K->762K(235264K)] 517384K->277028K(922240K), 0.0061940 secs] [Times: user=0.04 sys=0.00, real=0.01 secs] 
2014-07-08T02:14:31.100+0000: 1711.726: [GC [PSYoungGen: 235258K->858K(229824K)] 511524K->277196K(916800K), 0.0067990 secs] [Times: user=0.04 sys=0.00, real=0.01 secs] 
2014-07-08T02:14:31.980+0000: 1712.606: [GC [PSYoungGen: 229786K->928K(224512K)] 506124K->277345K(911488K), 0.0048180 secs] [Times: user=0.02 sys=0.00, real=0.01 secs] 
2014-07-08T02:14:32.668+0000: 1713.294: [GC [PSYoungGen: 224480K->1277K(219648K)] 500897K->277758K(906624K), 0.0055130 secs] [Times: user=0.02 sys=0.00, real=0.01 secs] 
2014-07-08T02:14:33.434+0000: 1714.060: [GC [PSYoungGen: 219644K->484K(213888K)] 496126K->277234K(900864K), 0.0066140 secs] [Times: user=0.04 sys=0.00, real=0.00 secs] 
2014-07-08T02:14:34.198+0000: 1714.824: [GC [PSYoungGen: 213842K->848K(209472K)] 490592K->277646K(896448K), 0.0057830 secs] [Times: user=0.03 sys=0.00, real=0.01 secs] 
2014-07-08T02:14:34.956+0000: 1715.582: [GC [PSYoungGen: 209424K->1390K(205376K)] 486222K->278568K(892352K), 0.0054390 secs] [Times: user=0.03 sys=0.00, real=0.00 secs] 
2014-07-08T02:14:35.650+0000: 1716.276: [GC [PSYoungGen: 205358K->630K(200128K)] 482536K->277856K(887104K), 0.0083610 secs] [Times: user=0.05 sys=0.00, real=0.01 secs] 
2014-07-08T02:14:36.388+0000: 1717.014: [GC [PSYoungGen: 200118K->978K(240448K)] 477344K->278260K(927424K), 0.0173610 secs] [Times: user=0.09 sys=0.01, real=0.02 secs] 
2014-07-08T02:14:37.225+0000: 1717.851: [GC [PSYoungGen: 240402K->968K(288384K)] 517684K->278298K(975360K), 0.0063500 secs] [Times: user=0.05 sys=0.00, real=0.00 secs] 
2014-07-08T02:14:38.220+0000: 1718.846: [GC [PSYoungGen: 288328K->744K(291648K)] 565658K->278122K(978624K), 0.0088740 secs] [Times: user=0.05 sys=0.01, real=0.01 secs] 
2014-07-08T02:14:39.234+0000: 1719.860: [GC [PSYoungGen: 291176K->974K(291968K)] 568554K->278384K(978944K), 0.0117500 secs] [Times: user=0.07 sys=0.00, real=0.02 secs] 
2014-07-08T02:14:40.248+0000: 1720.874: [GC [PSYoungGen: 291406K->940K(283712K)] 568816K->278430K(970688K), 0.0059630 secs] [Times: user=0.04 sys=0.00, real=0.00 secs] 
2014-07-08T02:14:41.281+0000: 1721.907: [GC [PSYoungGen: 283692K->808K(276224K)] 561182K->278346K(963200K), 0.0105210 secs] [Times: user=0.06 sys=0.00, real=0.01 secs] 
2014-07-08T02:14:42.259+0000: 1722.885: [GC [PSYoungGen: 276200K->1202K(269504K)] 553738K->278982K(956480K), 0.0095120 secs] [Times: user=0.05 sys=0.01, real=0.01 secs] 
2014-07-08T02:14:43.160+0000: 1723.786: [GC [PSYoungGen: 269490K->648K(262208K)] 547270K->278476K(949184K), 0.0036010 secs] [Times: user=0.01 sys=0.00, real=0.00 secs] 
2014-07-08T02:14:44.115+0000: 1724.741: [GC [PSYoungGen: 262152K->866K(255872K)] 539980K->278784K(942848K), 0.0060310 secs] [Times: user=0.02 sys=0.00, real=0.00 secs] 
2014-07-08T02:14:44.994+0000: 1725.620: [GC [PSYoungGen: 255842K->764K(249408K)] 533760K->278730K(936384K), 0.0037070 secs] [Times: user=0.02 sys=0.00, real=0.01 secs] 
2014-07-08T02:14:45.874+0000: 1726.500: [GC [PSYoungGen: 249404K->1248K(243840K)] 527370K->279302K(930816K), 0.0112240 secs] [Times: user=0.06 sys=0.00, real=0.02 secs] 
2014-07-08T02:14:46.702+0000: 1727.328: [GC [PSYoungGen: 243808K->944K(237696K)] 521862K->279038K(924672K), 0.0105830 secs] [Times: user=0.06 sys=0.01, real=0.01 secs] 
2014-07-08T02:14:47.537+0000: 1728.163: [GC [PSYoungGen: 237640K->800K(231936K)] 515734K->278966K(918912K), 0.0080450 secs] [Times: user=0.05 sys=0.00, real=0.00 secs] 
2014-07-08T02:14:48.408+0000: 1729.034: [GC [PSYoungGen: 231904K->1025K(226752K)] 510070K->279231K(913728K), 0.0040840 secs] [Times: user=0.02 sys=0.00, real=0.00 secs] 
2014-07-08T02:14:49.147+0000: 1729.773: [GC [PSYoungGen: 226689K->928K(221376K)] 504895K->279222K(908352K), 0.0059430 secs] [Times: user=0.04 sys=0.01, real=0.00 secs] 
2014-07-08T02:14:50.005+0000: 1730.631: [GC [PSYoungGen: 221344K->1142K(216512K)] 499638K->279476K(903488K), 0.0099810 secs] [Times: user=0.06 sys=0.01, real=0.01 secs] 
2014-07-08T02:14:50.699+0000: 1731.325: [GC [PSYoungGen: 216493K->548K(211072K)] 494827K->278930K(898048K), 0.0064550 secs] [Times: user=0.03 sys=0.00, real=0.00 secs] 
2014-07-08T02:14:51.434+0000: 1732.060: [GC [PSYoungGen: 211044K->694K(206528K)] 489426K->279148K(893504K), 0.0053890 secs] [Times: user=0.03 sys=0.00, real=0.01 secs] 
2014-07-08T02:14:52.324+0000: 1732.950: [GC [PSYoungGen: 206518K->978K(202304K)] 484972K->279504K(889280K), 0.0040300 secs] [Times: user=0.02 sys=0.01, real=0.01 secs] 
2014-07-08T02:14:52.872+0000: 1733.498: [GC [PSYoungGen: 202258K->1060K(198016K)] 480784K->279674K(884992K), 0.0040290 secs] [Times: user=0.02 sys=0.01, real=0.01 secs] 
2014-07-08T02:14:53.567+0000: 1734.193: [GC [PSYoungGen: 197988K->644K(193408K)] 476602K->279314K(880384K), 0.0067000 secs] [Times: user=0.02 sys=0.00, real=0.00 secs] 
2014-07-08T02:14:54.324+0000: 1734.950: [GC [PSYoungGen: 193348K->866K(189504K)] 472018K->279600K(876480K), 0.0033900 secs] [Times: user=0.02 sys=0.00, real=0.01 secs] 
2014-07-08T02:14:54.917+0000: 1735.543: [GC [PSYoungGen: 189474K->830K(185472K)] 468208K->279604K(872448K), 0.0054120 secs] [Times: user=0.02 sys=0.00, real=0.00 secs] 
2014-07-08T02:14:55.573+0000: 1736.199: [GC [PSYoungGen: 185469K->758K(181568K)] 464243K->279596K(868544K), 0.0107740 secs] [Times: user=0.08 sys=0.00, real=0.01 secs] 
2014-07-08T02:14:56.216+0000: 1736.842: [GC [PSYoungGen: 181558K->662K(217664K)] 460396K->279540K(904640K), 0.0083210 secs] [Times: user=0.04 sys=0.01, real=0.01 secs] 
2014-07-08T02:14:57.012+0000: 1737.638: [GC [PSYoungGen: 217622K->1018K(261376K)] 496500K->279968K(948352K), 0.0129680 secs] [Times: user=0.08 sys=0.00, real=0.01 secs] 
2014-07-08T02:14:57.965+0000: 1738.591: [GC [PSYoungGen: 261370K->910K(313408K)] 540320K->279892K(1000384K), 0.0054080 secs] [Times: user=0.02 sys=0.01, real=0.01 secs] 
2014-07-08T02:14:59.098+0000: 1739.724: [GC [PSYoungGen: 313358K->1132K(305088K)] 592340K->280170K(992064K), 0.0071030 secs] [Times: user=0.04 sys=0.00, real=0.00 secs] 
2014-07-08T02:15:00.104+0000: 1740.730: [GC [PSYoungGen: 305068K->618K(296384K)] 584106K->280096K(983360K), 0.0038040 secs] [Times: user=0.02 sys=0.00, real=0.01 secs] 
2014-07-08T02:15:01.124+0000: 1741.750: [GC [PSYoungGen: 296317K->762K(288640K)] 575795K->280280K(975616K), 0.0067870 secs] [Times: user=0.04 sys=0.00, real=0.01 secs] 
2014-07-08T02:15:02.134+0000: 1742.760: [GC [PSYoungGen: 288634K->1192K(281536K)] 568152K->280980K(968512K), 0.0044710 secs] [Times: user=0.01 sys=0.01, real=0.01 secs] 
2014-07-08T02:15:03.251+0000: 1743.877: [GC [PSYoungGen: 281512K->1032K(274112K)] 561300K->280884K(961088K), 0.0070430 secs] [Times: user=0.04 sys=0.00, real=0.01 secs] 
2014-07-08T02:15:04.256+0000: 1744.882: [GC [PSYoungGen: 274030K->558K(266624K)] 553882K->281009K(953600K), 0.0038810 secs] [Times: user=0.02 sys=0.00, real=0.01 secs] 
2014-07-08T02:15:05.122+0000: 1745.748: [GC [PSYoungGen: 266573K->1469K(260800K)] 547024K->282227K(947776K), 0.0055400 secs] [Times: user=0.03 sys=0.00, real=0.00 secs] 
2014-07-08T02:15:05.947+0000: 1746.573: [GC [PSYoungGen: 260792K->943K(253824K)] 541550K->281913K(940800K), 0.0059920 secs] [Times: user=0.04 sys=0.00, real=0.01 secs] 
2014-07-08T02:15:06.851+0000: 1747.477: [GC [PSYoungGen: 253802K->968K(247680K)] 534772K->282002K(934656K), 0.0069290 secs] [Times: user=0.04 sys=0.00, real=0.00 secs] 
2014-07-08T02:15:07.700+0000: 1748.326: [GC [PSYoungGen: 247592K->694K(241344K)] 528626K->281800K(928320K), 0.0086660 secs] [Times: user=0.05 sys=0.00, real=0.01 secs] 
2014-07-08T02:15:08.551+0000: 1749.177: [GC [PSYoungGen: 241260K->648K(235584K)] 522366K->281802K(922560K), 0.0055240 secs] [Times: user=0.03 sys=0.00, real=0.00 secs] 
2014-07-08T02:15:09.377+0000: 1750.003: [GC [PSYoungGen: 235528K->954K(230272K)] 516682K->282172K(917248K), 0.0070420 secs] [Times: user=0.04 sys=0.00, real=0.01 secs] 
2014-07-08T02:15:10.274+0000: 1750.900: [GC [PSYoungGen: 230266K->1038K(225024K)] 511484K->282304K(912000K), 0.0125870 secs] [Times: user=0.08 sys=0.00, real=0.01 secs] 
2014-07-08T02:15:10.988+0000: 1751.614: [GC [PSYoungGen: 224960K->986K(269760K)] 506226K->282324K(956736K), 0.0119970 secs] [Times: user=0.07 sys=0.00, real=0.02 secs] 
2014-07-08T02:15:11.986+0000: 1752.612: [GC [PSYoungGen: 269722K->978K(323520K)] 551060K->282411K(1010496K), 0.0091520 secs] [Times: user=0.05 sys=0.00, real=0.01 secs] 
2014-07-08T02:15:13.072+0000: 1753.697: [GC [PSYoungGen: 323452K->930K(314496K)] 604886K->282484K(1001472K), 0.0059120 secs] [Times: user=0.04 sys=0.00, real=0.00 secs] 
2014-07-08T02:15:14.268+0000: 1754.893: [GC [PSYoungGen: 314466K->1372K(306368K)] 596020K->282966K(993344K), 0.0060580 secs] [Times: user=0.02 sys=0.00, real=0.01 secs] 
2014-07-08T02:15:15.249+0000: 1755.875: [GC [PSYoungGen: 306290K->484K(297216K)] 587884K->282332K(984192K), 0.0059210 secs] [Times: user=0.04 sys=0.00, real=0.01 secs] 
2014-07-08T02:15:16.331+0000: 1756.957: [GC [PSYoungGen: 297172K->826K(289600K)] 579020K->282722K(976576K), 0.0046670 secs] [Times: user=0.02 sys=0.00, real=0.00 secs] 
2014-07-08T02:15:17.327+0000: 1757.953: [GC [PSYoungGen: 289594K->668K(281856K)] 571490K->282628K(968832K), 0.0092660 secs] [Times: user=0.05 sys=0.00, real=0.01 secs] 
2014-07-08T02:15:18.398+0000: 1759.024: [GC [PSYoungGen: 281820K->1488K(275392K)] 563780K->283512K(962368K), 0.0100390 secs] [Times: user=0.05 sys=0.00, real=0.01 secs] 
2014-07-08T02:15:19.339+0000: 1759.965: [GC [PSYoungGen: 275344K->826K(267648K)] 557368K->282906K(954624K), 0.0081590 secs] [Times: user=0.04 sys=0.00, real=0.01 secs] 
2014-07-08T02:15:20.354+0000: 1760.979: [GC [PSYoungGen: 267642K->832K(260928K)] 549722K->282960K(947904K), 0.0099630 secs] [Times: user=0.05 sys=0.00, real=0.01 secs] 
2014-07-08T02:15:21.143+0000: 1761.769: [GC [PSYoungGen: 260864K->740K(254272K)] 542992K->282908K(941248K), 0.0062010 secs] [Times: user=0.02 sys=0.00, real=0.00 secs] 
2014-07-08T02:15:22.058+0000: 1762.684: [GC [PSYoungGen: 254233K->956K(248192K)] 536401K->283188K(935168K), 0.0037960 secs] [Times: user=0.01 sys=0.01, real=0.01 secs] 
2014-07-08T02:15:22.915+0000: 1763.541: [GC [PSYoungGen: 248188K->1486K(242752K)] 530420K->283766K(929728K), 0.0102210 secs] [Times: user=0.07 sys=0.01, real=0.01 secs] 
2014-07-08T02:15:23.766+0000: 1764.392: [GC [PSYoungGen: 242657K->1296K(236736K)] 524937K->283640K(923712K), 0.0096320 secs] [Times: user=0.06 sys=0.00, real=0.01 secs] 
2014-07-08T02:15:24.635+0000: 1765.261: [GC [PSYoungGen: 236688K->502K(230336K)] 519032K->283108K(917312K), 0.0056030 secs] [Times: user=0.03 sys=0.01, real=0.00 secs] 
2014-07-08T02:15:25.422+0000: 1766.048: [GC [PSYoungGen: 230326K->868K(225344K)] 512932K->283522K(912320K), 0.0074500 secs] [Times: user=0.05 sys=0.00, real=0.00 secs] 
2014-07-08T02:15:26.217+0000: 1766.843: [GC [PSYoungGen: 225316K->908K(220224K)] 507970K->283684K(907200K), 0.0053250 secs] [Times: user=0.03 sys=0.00, real=0.01 secs] 
2014-07-08T02:15:26.969+0000: 1767.594: [GC [PSYoungGen: 220172K->972K(215296K)] 502948K->283820K(902272K), 0.0056230 secs] [Times: user=0.03 sys=0.00, real=0.01 secs] 
2014-07-08T02:15:27.724+0000: 1768.350: [GC [PSYoungGen: 215243K->812K(210304K)] 498091K->283716K(897280K), 0.0089380 secs] [Times: user=0.05 sys=0.00, real=0.01 secs] 
2014-07-08T02:15:28.463+0000: 1769.088: [GC [PSYoungGen: 210249K->648K(205504K)] 493153K->283600K(892480K), 0.0065000 secs] [Times: user=0.04 sys=0.00, real=0.00 secs] 
2014-07-08T02:15:29.326+0000: 1769.952: [GC [PSYoungGen: 205430K->1214K(201536K)] 488383K->284222K(888512K), 0.0041470 secs] [Times: user=0.02 sys=0.00, real=0.00 secs] 
2014-07-08T02:15:29.954+0000: 1770.580: [GC [PSYoungGen: 201510K->1274K(241664K)] 484518K->284314K(928640K), 0.0183020 secs] [Times: user=0.11 sys=0.00, real=0.02 secs] 
2014-07-08T02:15:30.767+0000: 1771.393: [GC [PSYoungGen: 241658K->758K(289280K)] 524698K->284082K(976256K), 0.0077840 secs] [Times: user=0.03 sys=0.00, real=0.01 secs] 
2014-07-08T02:15:31.781+0000: 1772.407: [GC [PSYoungGen: 289270K->1060K(281984K)] 572594K->284472K(968960K), 0.0031710 secs] [Times: user=0.02 sys=0.00, real=0.01 secs] 
2014-07-08T02:15:32.753+0000: 1773.379: [GC [PSYoungGen: 281956K->836K(274496K)] 565368K->284452K(961472K), 0.0064090 secs] [Times: user=0.04 sys=0.00, real=0.00 secs] 
2014-07-08T02:15:33.699+0000: 1774.325: [GC [PSYoungGen: 274436K->608K(267200K)] 558052K->284296K(954176K), 0.0038900 secs] [Times: user=0.01 sys=0.00, real=0.01 secs] 
2014-07-08T02:15:34.661+0000: 1775.287: [GC [PSYoungGen: 267168K->978K(260864K)] 550856K->284706K(947840K), 0.0115390 secs] [Times: user=0.07 sys=0.00, real=0.01 secs] 
2014-07-08T02:15:35.583+0000: 1776.209: [GC [PSYoungGen: 260818K->772K(254208K)] 544546K->284556K(941184K), 0.0063330 secs] [Times: user=0.03 sys=0.00, real=0.00 secs] 
2014-07-08T02:15:36.722+0000: 1777.348: [GC [PSYoungGen: 254148K->744K(247872K)] 537932K->284576K(934848K), 0.0102180 secs] [Times: user=0.06 sys=0.00, real=0.01 secs] 
2014-07-08T02:15:37.477+0000: 1778.103: [GC [PSYoungGen: 247824K->858K(241984K)] 531656K->284746K(928960K), 0.0116280 secs] [Times: user=0.06 sys=0.00, real=0.01 secs] 
2014-07-08T02:15:38.212+0000: 1778.837: [GC [PSYoungGen: 241946K->914K(236224K)] 525834K->284842K(923200K), 0.0055220 secs] [Times: user=0.02 sys=0.00, real=0.01 secs] 
2014-07-08T02:15:38.972+0000: 1779.598: [GC [PSYoungGen: 236178K->776K(230528K)] 520106K->284792K(917504K), 0.0063880 secs] [Times: user=0.04 sys=0.00, real=0.01 secs] 
2014-07-08T02:15:39.756+0000: 1780.382: [GC [PSYoungGen: 230472K->744K(225088K)] 514488K->284840K(912064K), 0.0059210 secs] [Times: user=0.03 sys=0.01, real=0.00 secs] 
2014-07-08T02:15:40.582+0000: 1781.208: [GC [PSYoungGen: 225037K->1314K(220480K)] 509134K->285530K(907456K), 0.0074710 secs] [Times: user=0.05 sys=0.00, real=0.01 secs] 
2014-07-08T02:15:41.344+0000: 1781.970: [GC [PSYoungGen: 220450K->636K(263616K)] 504666K->285052K(950592K), 0.0123060 secs] [Times: user=0.05 sys=0.00, real=0.01 secs] 
2014-07-08T02:15:42.334+0000: 1782.960: [GC [PSYoungGen: 263612K->1188K(311360K)] 548028K->285660K(998336K), 0.0144940 secs] [Times: user=0.09 sys=0.00, real=0.02 secs] 
2014-07-08T02:15:43.403+0000: 1784.029: [GC [PSYoungGen: 311076K->1162K(317120K)] 595548K->285714K(1004096K), 0.0087060 secs] [Times: user=0.05 sys=0.00, real=0.01 secs] 
2014-07-08T02:15:44.542+0000: 1785.167: [GC [PSYoungGen: 316745K->790K(307776K)] 601297K->285422K(994752K), 0.0072360 secs] [Times: user=0.05 sys=0.00, real=0.01 secs] 
2014-07-08T02:15:45.569+0000: 1786.195: [GC [PSYoungGen: 307734K->516K(299200K)] 592366K->285196K(986176K), 0.0038830 secs] [Times: user=0.02 sys=0.00, real=0.00 secs] 
2014-07-08T02:15:46.637+0000: 1787.263: [GC [PSYoungGen: 299135K->840K(291520K)] 583815K->285576K(978496K), 0.0040680 secs] [Times: user=0.01 sys=0.00, real=0.00 secs] 
2014-07-08T02:15:47.685+0000: 1788.311: [GC [PSYoungGen: 291464K->1445K(284416K)] 576200K->286245K(971392K), 0.0078470 secs] [Times: user=0.05 sys=0.00, real=0.01 secs] 
2014-07-08T02:15:48.688+0000: 1789.314: [GC [PSYoungGen: 284389K->1114K(276736K)] 569189K->286002K(963712K), 0.0077180 secs] [Times: user=0.04 sys=0.00, real=0.01 secs] 
2014-07-08T02:15:49.740+0000: 1790.366: [GC [PSYoungGen: 276695K->754K(269248K)] 561583K->285788K(956224K), 0.0040240 secs] [Times: user=0.02 sys=0.00, real=0.00 secs] 
2014-07-08T02:15:50.556+0000: 1791.182: [GC [PSYoungGen: 269234K->996K(262656K)] 554268K->286078K(949632K), 0.0117570 secs] [Times: user=0.06 sys=0.00, real=0.01 secs] 
2014-07-08T02:15:51.518+0000: 1792.144: [GC [PSYoungGen: 262548K->1125K(256256K)] 547630K->286247K(943232K), 0.0092190 secs] [Times: user=0.03 sys=0.01, real=0.01 secs] 
2014-07-08T02:15:52.450+0000: 1793.076: [GC [PSYoungGen: 256229K->968K(249792K)] 541351K->286146K(936768K), 0.0131780 secs] [Times: user=0.07 sys=0.00, real=0.01 secs] 
2014-07-08T02:15:53.335+0000: 1793.961: [GC [PSYoungGen: 249736K->950K(299520K)] 534914K->286176K(986496K), 0.0113280 secs] [Times: user=0.06 sys=0.00, real=0.02 secs] 
2014-07-08T02:15:54.355+0000: 1794.980: [GC [PSYoungGen: 299510K->1060K(311488K)] 584736K->286342K(998464K), 0.0115230 secs] [Times: user=0.06 sys=0.00, real=0.02 secs] 
2014-07-08T02:15:55.409+0000: 1796.035: [GC [PSYoungGen: 311076K->1131K(302720K)] 596358K->286453K(989696K), 0.0040500 secs] [Times: user=0.02 sys=0.01, real=0.00 secs] 
2014-07-08T02:15:56.523+0000: 1797.149: [GC [PSYoungGen: 302699K->990K(294464K)] 588021K->286368K(981440K), 0.0067380 secs] [Times: user=0.05 sys=0.00, real=0.01 secs] 
2014-07-08T02:15:57.527+0000: 1798.153: [GC [PSYoungGen: 294430K->822K(286464K)] 579808K->286802K(973440K), 0.0035450 secs] [Times: user=0.02 sys=0.00, real=0.00 secs] 
2014-07-08T02:15:58.625+0000: 1799.251: [GC [PSYoungGen: 286431K->1100K(279296K)] 572412K->287145K(966272K), 0.0038780 secs] [Times: user=0.02 sys=0.00, real=0.01 secs] 
2014-07-08T02:15:59.661+0000: 1800.287: [GC [PSYoungGen: 279244K->1124K(272128K)] 565289K->287363K(959104K), 0.0060940 secs] [Times: user=0.03 sys=0.01, real=0.01 secs] 
2014-07-08T02:16:00.520+0000: 1801.146: [GC [PSYoungGen: 272100K->1050K(265152K)] 558339K->287328K(952128K), 0.0104680 secs] [Times: user=0.06 sys=0.01, real=0.01 secs] 
2014-07-08T02:16:02.077+0000: 1802.703: [GC [PSYoungGen: 265113K->882K(258304K)] 551392K->287755K(945280K), 0.0045180 secs] [Times: user=0.02 sys=0.00, real=0.01 secs] 
2014-07-08T02:16:02.723+0000: 1803.348: [GC [PSYoungGen: 258258K->994K(252032K)] 545130K->287922K(939008K), 0.0098730 secs] [Times: user=0.02 sys=0.01, real=0.01 secs] 
2014-07-08T02:16:03.378+0000: 1804.004: [GC [PSYoungGen: 252002K->626K(245504K)] 538930K->287848K(932480K), 0.0051170 secs] [Times: user=0.04 sys=0.00, real=0.00 secs] 
2014-07-08T02:16:04.266+0000: 1804.892: [GC [PSYoungGen: 245490K->886K(239808K)] 532712K->288196K(926784K), 0.0051450 secs] [Times: user=0.03 sys=0.00, real=0.01 secs] 
2014-07-08T02:16:05.045+0000: 1805.671: [GC [PSYoungGen: 239798K->1334K(288064K)] 527108K->288669K(975040K), 0.0166050 secs] [Times: user=0.10 sys=0.00, real=0.02 secs] 
2014-07-08T02:16:06.043+0000: 1806.669: [GC [PSYoungGen: 288053K->996K(280256K)] 575388K->288410K(967232K), 0.0052740 secs] [Times: user=0.02 sys=0.00, real=0.01 secs] 
2014-07-08T02:16:06.930+0000: 1807.556: [GC [PSYoungGen: 280228K->882K(272896K)] 567642K->288353K(959872K), 0.0071370 secs] [Times: user=0.05 sys=0.00, real=0.00 secs] 
2014-07-08T02:16:07.879+0000: 1808.505: [GC [PSYoungGen: 272842K->1242K(266304K)] 560313K->288761K(953280K), 0.0043960 secs] [Times: user=0.02 sys=0.00, real=0.00 secs] 
2014-07-08T02:16:08.780+0000: 1809.406: [GC [PSYoungGen: 266266K->1052K(259456K)] 553785K->288701K(946432K), 0.0037340 secs] [Times: user=0.02 sys=0.00, real=0.00 secs] 
2014-07-08T02:16:09.686+0000: 1810.312: [GC [PSYoungGen: 259377K->786K(252736K)] 547026K->288491K(939712K), 0.0036920 secs] [Times: user=0.02 sys=0.00, real=0.01 secs] 
2014-07-08T02:16:10.570+0000: 1811.195: [GC [PSYoungGen: 252674K->712K(246464K)] 540379K->288488K(933440K), 0.0031280 secs] [Times: user=0.02 sys=0.00, real=0.00 secs] 
2014-07-08T02:16:11.439+0000: 1812.065: [GC [PSYoungGen: 246408K->516K(240320K)] 534184K->288316K(927296K), 0.0057210 secs] [Times: user=0.01 sys=0.01, real=0.00 secs] 
2014-07-08T02:16:12.284+0000: 1812.910: [GC [PSYoungGen: 240260K->680K(234688K)] 528060K->288528K(921664K), 0.0051450 secs] [Times: user=0.02 sys=0.00, real=0.01 secs] 
2014-07-08T02:16:13.192+0000: 1813.818: [GC [PSYoungGen: 234655K->1238K(229760K)] 522504K->289151K(916736K), 0.0045190 secs] [Times: user=0.02 sys=0.00, real=0.00 secs] 
2014-07-08T02:16:13.907+0000: 1814.533: [GC [PSYoungGen: 229680K->1248K(224448K)] 517593K->289352K(911424K), 0.0055840 secs] [Times: user=0.03 sys=0.01, real=0.01 secs] 
2014-07-08T02:16:14.692+0000: 1815.318: [GC [PSYoungGen: 224416K->1487K(219584K)] 512520K->289679K(906560K), 0.0095230 secs] [Times: user=0.06 sys=0.00, real=0.01 secs] 
2014-07-08T02:16:15.461+0000: 1816.087: [GC [PSYoungGen: 219532K->548K(213632K)] 507724K->289090K(900608K), 0.0034090 secs] [Times: user=0.02 sys=0.00, real=0.00 secs] 
2014-07-08T02:16:16.219+0000: 1816.845: [GC [PSYoungGen: 213603K->928K(209216K)] 502145K->289566K(896192K), 0.0040550 secs] [Times: user=0.03 sys=0.01, real=0.00 secs] 
2014-07-08T02:16:17.004+0000: 1817.630: [GC [PSYoungGen: 209184K->862K(204544K)] 497822K->289580K(891520K), 0.0051100 secs] [Times: user=0.03 sys=0.00, real=0.01 secs] 
2014-07-08T02:16:17.699+0000: 1818.325: [GC [PSYoungGen: 204510K->694K(199872K)] 493228K->289492K(886848K), 0.0103970 secs] [Times: user=0.06 sys=0.00, real=0.02 secs] 
2014-07-08T02:16:18.395+0000: 1819.021: [GC [PSYoungGen: 199862K->1096K(196032K)] 488660K->289990K(883008K), 0.0044830 secs] [Times: user=0.03 sys=0.00, real=0.01 secs] 
2014-07-08T02:16:19.184+0000: 1819.810: [GC [PSYoungGen: 195941K->1242K(192000K)] 484836K->290176K(878976K), 0.0075010 secs] [Times: user=0.03 sys=0.00, real=0.01 secs] 
2014-07-08T02:16:19.760+0000: 1820.386: [GC [PSYoungGen: 191962K->828K(187520K)] 480896K->289892K(874496K), 0.0068430 secs] [Times: user=0.05 sys=0.00, real=0.01 secs] 
2014-07-08T02:16:20.411+0000: 1821.037: [GC [PSYoungGen: 187500K->830K(183616K)] 476564K->289950K(870592K), 0.0046690 secs] [Times: user=0.03 sys=0.00, real=0.00 secs] 
2014-07-08T02:16:21.097+0000: 1821.723: [GC [PSYoungGen: 183614K->1052K(180096K)] 472734K->290236K(867072K), 0.0084370 secs] [Times: user=0.06 sys=0.00, real=0.01 secs] 
2014-07-08T02:16:21.665+0000: 1822.291: [GC [PSYoungGen: 180050K->1040K(215936K)] 469234K->290336K(902912K), 0.0105060 secs] [Times: user=0.06 sys=0.00, real=0.01 secs] 
2014-07-08T02:16:22.418+0000: 1823.044: [GC [PSYoungGen: 215888K->580K(210624K)] 505184K->289964K(897600K), 0.0036240 secs] [Times: user=0.02 sys=0.00, real=0.01 secs] 
2014-07-08T02:16:23.192+0000: 1823.818: [GC [PSYoungGen: 210564K->958K(252992K)] 499948K->290398K(939968K), 0.0150540 secs] [Times: user=0.09 sys=0.00, real=0.01 secs] 
2014-07-08T02:16:24.118+0000: 1824.744: [GC [PSYoungGen: 252990K->868K(303360K)] 542430K->290380K(990336K), 0.0070470 secs] [Times: user=0.05 sys=0.01, real=0.01 secs] 
2014-07-08T02:16:25.209+0000: 1825.835: [GC [PSYoungGen: 303295K->1036K(295424K)] 592807K->290636K(982400K), 0.0045490 secs] [Times: user=0.03 sys=0.00, real=0.01 secs] 
2014-07-08T02:16:26.199+0000: 1826.825: [GC [PSYoungGen: 295372K->908K(287488K)] 584972K->290580K(974464K), 0.0055570 secs] [Times: user=0.04 sys=0.00, real=0.01 secs] 
2014-07-08T02:16:27.181+0000: 1827.807: [GC [PSYoungGen: 287436K->762K(279808K)] 577108K->290506K(966784K), 0.0045770 secs] [Times: user=0.03 sys=0.00, real=0.01 secs] 
2014-07-08T02:16:28.173+0000: 1828.799: [GC [PSYoungGen: 279802K->1086K(272896K)] 569546K->290910K(959872K), 0.0033680 secs] [Times: user=0.02 sys=0.00, real=0.00 secs] 
2014-07-08T02:16:29.168+0000: 1829.794: [GC [PSYoungGen: 272883K->1407K(266304K)] 562707K->291335K(953280K), 0.0039740 secs] [Times: user=0.01 sys=0.00, real=0.01 secs] 
2014-07-08T02:16:30.167+0000: 1830.793: [GC [PSYoungGen: 266303K->370K(258624K)] 556231K->290680K(945600K), 0.0061800 secs] [Times: user=0.04 sys=0.00, real=0.01 secs] 
2014-07-08T02:16:31.084+0000: 1831.710: [GC [PSYoungGen: 258610K->1514K(253376K)] 548920K->291954K(940352K), 0.0081600 secs] [Times: user=0.05 sys=0.01, real=0.01 secs] 
2014-07-08T02:16:31.817+0000: 1832.443: [GC [PSYoungGen: 253354K->1088K(246784K)] 543794K->292048K(933760K), 0.0094450 secs] [Times: user=0.06 sys=0.00, real=0.01 secs] 
2014-07-08T02:16:32.720+0000: 1833.346: [GC [PSYoungGen: 246720K->1002K(240704K)] 537680K->292027K(927680K), 0.0066090 secs] [Times: user=0.04 sys=0.00, real=0.01 secs] 
2014-07-08T02:16:33.829+0000: 1834.455: [GC [PSYoungGen: 240682K->1330K(235264K)] 531707K->292466K(922240K), 0.0039920 secs] [Times: user=0.02 sys=0.00, real=0.01 secs] 
2014-07-08T02:16:34.831+0000: 1835.457: [GC [PSYoungGen: 235226K->997K(229440K)] 526363K->292189K(916416K), 0.0041500 secs] [Times: user=0.02 sys=0.00, real=0.01 secs] 
2014-07-08T02:16:35.810+0000: 1836.436: [GC [PSYoungGen: 229413K->1102K(224256K)] 520605K->292350K(911232K), 0.0041370 secs] [Times: user=0.02 sys=0.01, real=0.01 secs] 
2014-07-08T02:16:37.081+0000: 1837.707: [GC [PSYoungGen: 224206K->1330K(219328K)] 515454K->292626K(906304K), 0.0068570 secs] [Times: user=0.02 sys=0.01, real=0.01 secs] 
2014-07-08T02:16:37.849+0000: 1838.475: [GC [PSYoungGen: 219314K->872K(213888K)] 510610K->292450K(900864K), 0.0073790 secs] [Times: user=0.04 sys=0.00, real=0.01 secs] 
2014-07-08T02:16:38.709+0000: 1839.334: [GC [PSYoungGen: 213824K->1366K(209600K)] 505402K->293000K(896576K), 0.0080650 secs] [Times: user=0.05 sys=0.00, real=0.01 secs] 
2014-07-08T02:16:39.605+0000: 1840.231: [GC [PSYoungGen: 209554K->882K(204480K)] 501188K->292638K(891456K), 0.0052910 secs] [Times: user=0.02 sys=0.00, real=0.00 secs] 
2014-07-08T02:16:40.211+0000: 1840.837: [GC [PSYoungGen: 204466K->1662K(200768K)] 496222K->293630K(887744K), 0.0107900 secs] [Times: user=0.07 sys=0.00, real=0.01 secs] 
2014-07-08T02:16:40.695+0000: 1841.321: [GC [PSYoungGen: 200766K->800K(239808K)] 492734K->293043K(926784K), 0.0061620 secs] [Times: user=0.04 sys=0.01, real=0.00 secs] 
2014-07-08T02:16:41.426+0000: 1842.052: [GC [PSYoungGen: 239763K->1308K(234624K)] 532005K->293631K(921600K), 0.0041850 secs] [Times: user=0.01 sys=0.01, real=0.00 secs] 
2014-07-08T02:16:42.098+0000: 1842.724: [GC [PSYoungGen: 234561K->1338K(229120K)] 526884K->293749K(916096K), 0.0059270 secs] [Times: user=0.03 sys=0.00, real=0.01 secs] 
2014-07-08T02:16:42.677+0000: 1843.303: [GC [PSYoungGen: 229105K->1281K(274688K)] 521516K->293739K(961664K), 0.0135970 secs] [Times: user=0.08 sys=0.00, real=0.01 secs] 
2014-07-08T02:16:43.475+0000: 1844.101: [GC [PSYoungGen: 274618K->843K(328128K)] 567077K->293349K(1015104K), 0.0092140 secs] [Times: user=0.05 sys=0.00, real=0.01 secs] 
2014-07-08T02:16:44.338+0000: 1844.964: [GC [PSYoungGen: 327883K->1464K(328832K)] 620389K->294035K(1015808K), 0.0087010 secs] [Times: user=0.05 sys=0.00, real=0.01 secs] 
2014-07-08T02:16:45.360+0000: 1845.986: [GC [PSYoungGen: 328504K->1212K(394176K)] 621075K->293847K(1081152K), 0.0076620 secs] [Times: user=0.04 sys=0.00, real=0.01 secs] 
2014-07-08T02:16:46.644+0000: 1847.270: [GC [PSYoungGen: 393660K->1160K(381824K)] 686295K->293858K(1068800K), 0.0046200 secs] [Times: user=0.02 sys=0.00, real=0.00 secs] 
2014-07-08T02:16:47.797+0000: 1848.422: [GC [PSYoungGen: 381762K->630K(369920K)] 674461K->293360K(1056896K), 0.0100840 secs] [Times: user=0.06 sys=0.00, real=0.01 secs] 
2014-07-08T02:16:48.948+0000: 1849.574: [GC [PSYoungGen: 369910K->594K(359104K)] 662640K->293404K(1046080K), 0.0075760 secs] [Times: user=0.04 sys=0.00, real=0.01 secs] 
2014-07-08T02:16:50.063+0000: 1850.688: [GC [PSYoungGen: 359058K->1469K(349568K)] 651868K->294319K(1036544K), 0.0115130 secs] [Times: user=0.08 sys=0.00, real=0.02 secs] 
2014-07-08T02:16:51.205+0000: 1851.831: [GC [PSYoungGen: 349565K->1308K(339456K)] 642415K->294231K(1026432K), 0.0114730 secs] [Times: user=0.08 sys=0.00, real=0.01 secs] 
2014-07-08T02:16:52.313+0000: 1852.939: [GC [PSYoungGen: 339420K->1060K(329664K)] 632343K->294102K(1016640K), 0.0078130 secs] [Times: user=0.05 sys=0.00, real=0.01 secs] 
2014-07-08T02:16:53.337+0000: 1853.963: [GC [PSYoungGen: 329636K->1226K(320704K)] 622678K->294349K(1007680K), 0.0067450 secs] [Times: user=0.04 sys=0.01, real=0.00 secs] 
2014-07-08T02:16:54.325+0000: 1854.951: [GC [PSYoungGen: 320650K->1248K(311872K)] 613773K->294427K(998848K), 0.0071930 secs] [Times: user=0.05 sys=0.00, real=0.00 secs] 
2014-07-08T02:16:55.314+0000: 1855.940: [GC [PSYoungGen: 311840K->1194K(303360K)] 605019K->294461K(990336K), 0.0043020 secs] [Times: user=0.02 sys=0.01, real=0.01 secs] 
2014-07-08T02:16:56.228+0000: 1856.854: [GC [PSYoungGen: 303338K->1034K(295104K)] 596605K->294349K(982080K), 0.0063990 secs] [Times: user=0.04 sys=0.00, real=0.00 secs] 
2014-07-08T02:16:57.118+0000: 1857.744: [GC [PSYoungGen: 295050K->936K(287168K)] 588365K->294354K(974144K), 0.0038430 secs] [Times: user=0.03 sys=0.00, real=0.00 secs] 
2014-07-08T02:16:58.014+0000: 1858.640: [GC [PSYoungGen: 287144K->861K(279616K)] 580562K->294327K(966592K), 0.0112550 secs] [Times: user=0.06 sys=0.01, real=0.02 secs] 
2014-07-08T02:16:58.909+0000: 1859.535: [GC [PSYoungGen: 279542K->907K(272448K)] 573009K->294445K(959424K), 0.0041860 secs] [Times: user=0.03 sys=0.00, real=0.00 secs] 
2014-07-08T02:16:59.803+0000: 1860.429: [GC [PSYoungGen: 272395K->1134K(265728K)] 565933K->294745K(952704K), 0.0035700 secs] [Times: user=0.02 sys=0.00, real=0.01 secs] 
2014-07-08T02:17:00.663+0000: 1861.289: [GC [PSYoungGen: 265710K->1191K(259136K)] 559321K->294849K(946112K), 0.0148300 secs] [Times: user=0.09 sys=0.00, real=0.02 secs] 
2014-07-08T02:17:01.501+0000: 1862.127: [GC [PSYoungGen: 259111K->886K(252416K)] 552769K->294780K(939392K), 0.0055900 secs] [Times: user=0.03 sys=0.00, real=0.01 secs] 
2014-07-08T02:17:02.217+0000: 1862.843: [GC [PSYoungGen: 252406K->970K(246336K)] 546300K->294905K(933312K), 0.0098930 secs] [Times: user=0.06 sys=0.00, real=0.01 secs] 
2014-07-08T02:17:02.967+0000: 1863.593: [GC [PSYoungGen: 246282K->958K(240320K)] 540217K->294988K(927296K), 0.0032410 secs] [Times: user=0.02 sys=0.00, real=0.00 secs] 
2014-07-08T02:17:03.819+0000: 1864.445: [GC [PSYoungGen: 240318K->1064K(234688K)] 534348K->295191K(921664K), 0.0053550 secs] [Times: user=0.04 sys=0.00, real=0.00 secs] 
2014-07-08T02:17:04.676+0000: 1865.302: [GC [PSYoungGen: 234664K->1080K(229184K)] 528791K->295473K(916160K), 0.0071530 secs] [Times: user=0.05 sys=0.01, real=0.00 secs] 
2014-07-08T02:17:05.935+0000: 1866.560: [GC [PSYoungGen: 229176K->1374K(224192K)] 523568K->295854K(911168K), 0.0085780 secs] [Times: user=0.06 sys=0.00, real=0.01 secs] 
2014-07-08T02:17:06.697+0000: 1867.323: [GC [PSYoungGen: 224158K->612K(218304K)] 518638K->295851K(905280K), 0.0077690 secs] [Times: user=0.05 sys=0.00, real=0.01 secs] 
2014-07-08T02:17:07.648+0000: 1868.274: [GC [PSYoungGen: 218276K->1515K(214272K)] 513515K->296794K(901248K), 0.0084810 secs] [Times: user=0.05 sys=0.01, real=0.01 secs] 
2014-07-08T02:17:08.744+0000: 1869.370: [GC [PSYoungGen: 214250K->1116K(209088K)] 509529K->296631K(896064K), 0.0041150 secs] [Times: user=0.02 sys=0.01, real=0.01 secs] 
2014-07-08T02:17:09.783+0000: 1870.409: [GC [PSYoungGen: 208999K->1284K(204672K)] 504514K->296887K(891648K), 0.0064870 secs] [Times: user=0.05 sys=0.01, real=0.01 secs] 
2014-07-08T02:17:10.900+0000: 1871.526: [GC [PSYoungGen: 204612K->1018K(199872K)] 500215K->297109K(886848K), 0.0089160 secs] [Times: user=0.06 sys=0.00, real=0.01 secs] 
2014-07-08T02:17:11.764+0000: 1872.390: [GC [PSYoungGen: 199866K->1242K(195840K)] 495957K->297413K(882816K), 0.0067990 secs] [Times: user=0.05 sys=0.00, real=0.01 secs] 
2014-07-08T02:17:12.365+0000: 1872.991: [GC [PSYoungGen: 195774K->1156K(191616K)] 491945K->297531K(878592K), 0.0106130 secs] [Times: user=0.07 sys=0.00, real=0.01 secs] 
2014-07-08T02:17:12.885+0000: 1873.510: [GC [PSYoungGen: 191556K->996K(229504K)] 487931K->297427K(916480K), 0.0078850 secs] [Times: user=0.02 sys=0.00, real=0.01 secs] 
2014-07-08T02:17:13.572+0000: 1874.198: [GC [PSYoungGen: 229476K->1120K(224320K)] 525907K->297715K(911296K), 0.0043760 secs] [Times: user=0.02 sys=0.00, real=0.00 secs] 
2014-07-08T02:17:14.150+0000: 1874.776: [GC [PSYoungGen: 224288K->1070K(219136K)] 520883K->297705K(906112K), 0.0039090 secs] [Times: user=0.02 sys=0.00, real=0.00 secs] 
2014-07-08T02:17:14.730+0000: 1875.356: [GC [PSYoungGen: 219118K->958K(214016K)] 515753K->297673K(900992K), 0.0061690 secs] [Times: user=0.03 sys=0.01, real=0.00 secs] 
2014-07-08T02:17:15.453+0000: 1876.078: [GC [PSYoungGen: 214014K->1286K(209600K)] 510729K->298034K(896576K), 0.0057330 secs] [Times: user=0.03 sys=0.00, real=0.01 secs] 
2014-07-08T02:17:15.932+0000: 1876.558: [GC [PSYoungGen: 209542K->1082K(251008K)] 506290K->297967K(937984K), 0.0076010 secs] [Times: user=0.03 sys=0.00, real=0.01 secs] 
2014-07-08T02:17:16.662+0000: 1877.288: [GC [PSYoungGen: 251002K->982K(300928K)] 547887K->297931K(987904K), 0.0073980 secs] [Times: user=0.05 sys=0.00, real=0.01 secs] 
2014-07-08T02:17:17.574+0000: 1878.200: [GC [PSYoungGen: 300886K->872K(360832K)] 597835K->297861K(1047808K), 0.0099370 secs] [Times: user=0.07 sys=0.00, real=0.01 secs] 
2014-07-08T02:17:18.623+0000: 1879.248: [GC [PSYoungGen: 360764K->1082K(350592K)] 657753K->298135K(1037568K), 0.0061600 secs] [Times: user=0.03 sys=0.00, real=0.00 secs] 
2014-07-08T02:17:19.631+0000: 1880.257: [GC [PSYoungGen: 350564K->1256K(340736K)] 647617K->298397K(1027712K), 0.0058500 secs] [Times: user=0.03 sys=0.01, real=0.00 secs] 
2014-07-08T02:17:20.696+0000: 1881.322: [GC [PSYoungGen: 340712K->1223K(331136K)] 637853K->298452K(1018112K), 0.0080680 secs] [Times: user=0.04 sys=0.01, real=0.01 secs] 
2014-07-08T02:17:21.653+0000: 1882.279: [GC [PSYoungGen: 331079K->676K(321344K)] 628308K->298051K(1008320K), 0.0116500 secs] [Times: user=0.07 sys=0.00, real=0.01 secs] 
2014-07-08T02:17:22.681+0000: 1883.306: [GC [PSYoungGen: 321316K->694K(312512K)] 618691K->298125K(999488K), 0.0049940 secs] [Times: user=0.02 sys=0.00, real=0.00 secs] 
2014-07-08T02:17:23.667+0000: 1884.293: [GC [PSYoungGen: 312483K->672K(304000K)] 609914K->298167K(990976K), 0.0074670 secs] [Times: user=0.05 sys=0.01, real=0.01 secs] 
2014-07-08T02:17:24.701+0000: 1885.327: [GC [PSYoungGen: 303940K->972K(296128K)] 601435K->298539K(983104K), 0.0061480 secs] [Times: user=0.04 sys=0.01, real=0.00 secs] 
2014-07-08T02:17:25.647+0000: 1886.273: [GC [PSYoungGen: 296039K->790K(288064K)] 593606K->298429K(975040K), 0.0062340 secs] [Times: user=0.04 sys=0.00, real=0.01 secs] 
2014-07-08T02:17:26.532+0000: 1887.158: [GC [PSYoungGen: 288022K->744K(280448K)] 585661K->298431K(967424K), 0.0037660 secs] [Times: user=0.02 sys=0.00, real=0.00 secs] 
2014-07-08T02:17:27.450+0000: 1888.076: [GC [PSYoungGen: 280405K->1515K(273984K)] 578093K->299250K(960960K), 0.0166990 secs] [Times: user=0.10 sys=0.00, real=0.02 secs] 
2014-07-08T02:17:28.298+0000: 1888.924: [GC [PSYoungGen: 273963K->1284K(266816K)] 571698K->299099K(953792K), 0.0076460 secs] [Times: user=0.04 sys=0.00, real=0.01 secs] 
2014-07-08T02:17:29.111+0000: 1889.737: [GC [PSYoungGen: 266756K->640K(259392K)] 564571K->298689K(946368K), 0.0054070 secs] [Times: user=0.03 sys=0.00, real=0.00 secs] 
2014-07-08T02:17:29.892+0000: 1890.518: [GC [PSYoungGen: 259392K->1060K(253376K)] 557441K->299173K(940352K), 0.0034800 secs] [Times: user=0.02 sys=0.00, real=0.00 secs] 
2014-07-08T02:17:30.749+0000: 1891.375: [GC [PSYoungGen: 253348K->1413K(247552K)] 551461K->299641K(934528K), 0.0043010 secs] [Times: user=0.02 sys=0.00, real=0.01 secs] 
2014-07-08T02:17:31.569+0000: 1892.195: [GC [PSYoungGen: 247493K->1292K(241472K)] 545721K->299591K(928448K), 0.0044590 secs] [Times: user=0.02 sys=0.00, real=0.01 secs] 
2014-07-08T02:17:32.304+0000: 1892.930: [GC [PSYoungGen: 241420K->704K(235072K)] 539719K->299197K(922048K), 0.0068300 secs] [Times: user=0.04 sys=0.00, real=0.00 secs] 
2014-07-08T02:17:33.045+0000: 1893.671: [GC [PSYoungGen: 235072K->954K(229760K)] 533565K->299527K(916736K), 0.0037510 secs] [Times: user=0.02 sys=0.01, real=0.00 secs] 
2014-07-08T02:17:34.133+0000: 1894.759: [GC [PSYoungGen: 229754K->1156K(224640K)] 528327K->299859K(911616K), 0.0038730 secs] [Times: user=0.02 sys=0.00, real=0.00 secs] 
2014-07-08T02:17:35.054+0000: 1895.680: [GC [PSYoungGen: 224550K->1334K(219584K)] 523254K->300101K(906560K), 0.0041980 secs] [Times: user=0.02 sys=0.00, real=0.00 secs] 
2014-07-08T02:17:35.823+0000: 1896.449: [GC [PSYoungGen: 219574K->800K(214080K)] 518341K->299926K(901056K), 0.0044320 secs] [Times: user=0.02 sys=0.00, real=0.00 secs] 
2014-07-08T02:17:36.819+0000: 1897.445: [GC [PSYoungGen: 214010K->1636K(210112K)] 513136K->300850K(897088K), 0.0142420 secs] [Times: user=0.09 sys=0.00, real=0.02 secs] 
2014-07-08T02:17:37.649+0000: 1898.275: [GC [PSYoungGen: 210081K->888K(204736K)] 509295K->300486K(891712K), 0.0088210 secs] [Times: user=0.06 sys=0.01, real=0.01 secs] 
2014-07-08T02:17:38.437+0000: 1899.063: [GC [PSYoungGen: 204708K->1157K(200576K)] 504306K->300819K(887552K), 0.0061680 secs] [Times: user=0.03 sys=0.00, real=0.01 secs] 
2014-07-08T02:17:39.307+0000: 1899.933: [GC [PSYoungGen: 200501K->1295K(196416K)] 500163K->301021K(883392K), 0.0130910 secs] [Times: user=0.08 sys=0.01, real=0.01 secs] 
2014-07-08T02:17:40.274+0000: 1900.900: [GC [PSYoungGen: 196367K->1170K(192128K)] 496093K->301000K(879104K), 0.0075120 secs] [Times: user=0.05 sys=0.00, real=0.00 secs] 
2014-07-08T02:17:41.101+0000: 1901.727: [GC [PSYoungGen: 192082K->956K(187840K)] 491912K->301190K(874816K), 0.0088950 secs] [Times: user=0.04 sys=0.00, real=0.01 secs] 
2014-07-08T02:17:41.975+0000: 1902.601: [GC [PSYoungGen: 187836K->1718K(184704K)] 488070K->302261K(871680K), 0.0098600 secs] [Times: user=0.07 sys=0.00, real=0.01 secs] 
2014-07-08T02:17:42.780+0000: 1903.406: [GC [PSYoungGen: 184694K->822K(180032K)] 485237K->301766K(867008K), 0.0082090 secs] [Times: user=0.06 sys=0.00, real=0.01 secs] 
2014-07-08T02:17:43.509+0000: 1904.135: [GC [PSYoungGen: 180022K->1148K(176704K)] 480966K->302180K(863680K), 0.0042180 secs] [Times: user=0.02 sys=0.00, real=0.01 secs] 
2014-07-08T02:17:44.355+0000: 1904.981: [GC [PSYoungGen: 176656K->1138K(173184K)] 477688K->302226K(860160K), 0.0042670 secs] [Times: user=0.02 sys=0.00, real=0.00 secs] 
2014-07-08T02:17:45.164+0000: 1905.790: [GC [PSYoungGen: 173170K->1593K(170240K)] 474258K->302745K(857216K), 0.0097500 secs] [Times: user=0.06 sys=0.00, real=0.01 secs] 
2014-07-08T02:17:45.794+0000: 1906.420: [GC [PSYoungGen: 170233K->1020K(166336K)] 471385K->302855K(853312K), 0.0068890 secs] [Times: user=0.05 sys=0.00, real=0.00 secs] 
2014-07-08T02:17:46.630+0000: 1907.256: [GC [PSYoungGen: 166332K->1036K(199488K)] 468167K->302942K(886464K), 0.0113000 secs] [Times: user=0.06 sys=0.00, real=0.01 secs] 
2014-07-08T02:17:47.225+0000: 1907.851: [GC [PSYoungGen: 199414K->1014K(239104K)] 501321K->303035K(926080K), 0.0118980 secs] [Times: user=0.07 sys=0.00, real=0.01 secs] 
2014-07-08T02:17:47.866+0000: 1908.492: [GC [PSYoungGen: 239094K->1733K(287488K)] 541115K->303818K(974464K), 0.0036540 secs] [Times: user=0.02 sys=0.00, real=0.00 secs] 
2014-07-08T02:17:48.732+0000: 1909.358: [GC [PSYoungGen: 287429K->1185K(344064K)] 589514K->303342K(1031040K), 0.0112100 secs] [Times: user=0.06 sys=0.00, real=0.02 secs] 
2014-07-08T02:17:49.709+0000: 1910.335: [GC [PSYoungGen: 344033K->1042K(334208K)] 646190K->303271K(1021184K), 0.0038950 secs] [Times: user=0.01 sys=0.00, real=0.01 secs] 
2014-07-08T02:17:50.764+0000: 1911.390: [GC [PSYoungGen: 334162K->1242K(325056K)] 636391K->303526K(1012032K), 0.0074990 secs] [Times: user=0.04 sys=0.00, real=0.00 secs] 
2014-07-08T02:17:51.770+0000: 1912.396: [GC [PSYoungGen: 325018K->844K(315712K)] 627302K->303192K(1002688K), 0.0087000 secs] [Times: user=0.03 sys=0.00, real=0.01 secs] 
2014-07-08T02:17:52.649+0000: 1913.275: [GC [PSYoungGen: 315660K->708K(306944K)] 618008K->303120K(993920K), 0.0040280 secs] [Times: user=0.01 sys=0.00, real=0.00 secs] 
2014-07-08T02:17:53.540+0000: 1914.165: [GC [PSYoungGen: 306884K->1010K(298944K)] 609296K->303511K(985920K), 0.0055180 secs] [Times: user=0.04 sys=0.00, real=0.01 secs] 
2014-07-08T02:17:54.346+0000: 1914.972: [GC [PSYoungGen: 298906K->1448K(291456K)] 601407K->303989K(978432K), 0.0107940 secs] [Times: user=0.07 sys=0.00, real=0.01 secs] 
2014-07-08T02:17:55.521+0000: 1916.147: [GC [PSYoungGen: 291432K->1010K(283392K)] 593973K->303615K(970368K), 0.0060830 secs] [Times: user=0.03 sys=0.00, real=0.01 secs] 
2014-07-08T02:17:56.304+0000: 1916.930: [GC [PSYoungGen: 283347K->1228K(276288K)] 585952K->303912K(963264K), 0.0048700 secs] [Times: user=0.02 sys=0.00, real=0.01 secs] 
2014-07-08T02:17:56.984+0000: 1917.610: [GC [PSYoungGen: 276197K->1086K(269056K)] 578882K->303834K(956032K), 0.0036250 secs] [Times: user=0.02 sys=0.00, real=0.00 secs] 
2014-07-08T02:17:57.844+0000: 1918.470: [GC [PSYoungGen: 269054K->790K(262016K)] 571802K->303586K(948992K), 0.0039990 secs] [Times: user=0.02 sys=0.00, real=0.01 secs] 
2014-07-08T02:17:58.558+0000: 1919.184: [GC [PSYoungGen: 261939K->1785K(256448K)] 564735K->304678K(943424K), 0.0062180 secs] [Times: user=0.05 sys=0.00, real=0.00 secs] 
2014-07-08T02:17:59.241+0000: 1919.867: [GC [PSYoungGen: 256438K->1006K(249408K)] 559331K->304035K(936384K), 0.0092090 secs] [Times: user=0.06 sys=0.01, real=0.01 secs] 
2014-07-08T02:18:00.110+0000: 1920.736: [GC [PSYoungGen: 249390K->1262K(243584K)] 552419K->304379K(930560K), 0.0053810 secs] [Times: user=0.03 sys=0.00, real=0.01 secs] 
2014-07-08T02:18:00.807+0000: 1921.433: [GC [PSYoungGen: 243566K->1092K(237632K)] 546683K->304289K(924608K), 0.0043690 secs] [Times: user=0.03 sys=0.00, real=0.00 secs] 
2014-07-08T02:18:01.541+0000: 1922.167: [GC [PSYoungGen: 237572K->850K(231744K)] 540769K->304134K(918720K), 0.0105060 secs] [Times: user=0.07 sys=0.00, real=0.01 secs] 
2014-07-08T02:18:02.294+0000: 1922.920: [GC [PSYoungGen: 231698K->690K(226112K)] 534982K->304046K(913088K), 0.0058450 secs] [Times: user=0.04 sys=0.00, real=0.01 secs] 
2014-07-08T02:18:03.006+0000: 1923.632: [GC [PSYoungGen: 226098K->794K(220992K)] 529454K->304222K(907968K), 0.0039490 secs] [Times: user=0.02 sys=0.00, real=0.00 secs] 
2014-07-08T02:18:03.766+0000: 1924.392: [GC [PSYoungGen: 220954K->1088K(216192K)] 524382K->304596K(903168K), 0.0115740 secs] [Times: user=0.07 sys=0.00, real=0.01 secs] 
2014-07-08T02:18:04.360+0000: 1924.986: [GC [PSYoungGen: 216192K->764K(258944K)] 519700K->304337K(945920K), 0.0074600 secs] [Times: user=0.04 sys=0.00, real=0.01 secs] 
2014-07-08T02:18:05.642+0000: 1926.268: [GC [PSYoungGen: 258940K->1128K(252928K)] 562513K->304772K(939904K), 0.0042030 secs] [Times: user=0.02 sys=0.00, real=0.01 secs] 
2014-07-08T02:18:06.523+0000: 1927.149: [GC [PSYoungGen: 252904K->914K(246528K)] 556548K->304630K(933504K), 0.0038080 secs] [Times: user=0.02 sys=0.00, real=0.01 secs] 
2014-07-08T02:18:07.143+0000: 1927.769: [GC [PSYoungGen: 246482K->918K(240576K)] 550198K->304722K(927552K), 0.0102580 secs] [Times: user=0.07 sys=0.00, real=0.01 secs] 
2014-07-08T02:18:07.931+0000: 1928.557: [GC [PSYoungGen: 240534K->988K(234880K)] 544338K->304849K(921856K), 0.0035530 secs] [Times: user=0.02 sys=0.00, real=0.00 secs] 
2014-07-08T02:18:08.741+0000: 1929.367: [GC [PSYoungGen: 234843K->1376K(229760K)] 538704K->305717K(916736K), 0.0073840 secs] [Times: user=0.04 sys=0.00, real=0.01 secs] 
2014-07-08T02:18:09.688+0000: 1930.313: [GC [PSYoungGen: 229695K->1266K(224320K)] 534036K->305647K(911296K), 0.0120720 secs] [Times: user=0.06 sys=0.00, real=0.01 secs] 
2014-07-08T02:18:10.269+0000: 1930.895: [GC [PSYoungGen: 224306K->1000K(218944K)] 528687K->305495K(905920K), 0.0039290 secs] [Times: user=0.02 sys=0.00, real=0.00 secs] 
2014-07-08T02:18:10.934+0000: 1931.560: [GC [PSYoungGen: 218920K->1487K(263040K)] 523415K->306062K(950016K), 0.0103490 secs] [Times: user=0.06 sys=0.00, real=0.01 secs] 
2014-07-08T02:18:11.786+0000: 1932.412: [GC [PSYoungGen: 262991K->922K(255936K)] 567566K->305553K(942912K), 0.0076330 secs] [Times: user=0.04 sys=0.00, real=0.01 secs] 
2014-07-08T02:18:12.504+0000: 1933.129: [GC [PSYoungGen: 255898K->872K(249536K)] 560529K->305575K(936512K), 0.0066980 secs] [Times: user=0.04 sys=0.00, real=0.01 secs] 
2014-07-08T02:18:13.314+0000: 1933.940: [GC [PSYoungGen: 249512K->956K(243520K)] 554215K->305707K(930496K), 0.0035320 secs] [Times: user=0.02 sys=0.01, real=0.01 secs] 
2014-07-08T02:18:14.124+0000: 1934.750: [GC [PSYoungGen: 243505K->1039K(237824K)] 548256K->305878K(924800K), 0.0054250 secs] [Times: user=0.04 sys=0.00, real=0.01 secs] 
2014-07-08T02:18:14.827+0000: 1935.453: [GC [PSYoungGen: 237775K->1336K(232448K)] 542614K->306263K(919424K), 0.0073040 secs] [Times: user=0.05 sys=0.00, real=0.00 secs] 
2014-07-08T02:18:15.572+0000: 1936.198: [GC [PSYoungGen: 232440K->608K(226304K)] 537367K->305599K(913280K), 0.0057280 secs] [Times: user=0.04 sys=0.00, real=0.01 secs] 
2014-07-08T02:18:16.376+0000: 1937.002: [GC [PSYoungGen: 226260K->1505K(221952K)] 531251K->306626K(908928K), 0.0118920 secs] [Times: user=0.08 sys=0.00, real=0.02 secs] 
2014-07-08T02:18:17.087+0000: 1937.713: [GC [PSYoungGen: 221921K->1153K(216576K)] 527042K->306338K(903552K), 0.0035280 secs] [Times: user=0.01 sys=0.01, real=0.00 secs] 
2014-07-08T02:18:17.659+0000: 1938.284: [GC [PSYoungGen: 216513K->1128K(211648K)] 521698K->306467K(898624K), 0.0040290 secs] [Times: user=0.02 sys=0.01, real=0.00 secs] 
2014-07-08T02:18:18.376+0000: 1939.002: [GC [PSYoungGen: 211624K->940K(206784K)] 516963K->306335K(893760K), 0.0048330 secs] [Times: user=0.02 sys=0.00, real=0.01 secs] 
2014-07-08T02:18:19.076+0000: 1939.702: [GC [PSYoungGen: 206764K->1120K(202432K)] 512159K->306547K(889408K), 0.0069290 secs] [Times: user=0.02 sys=0.00, real=0.01 secs] 
2014-07-08T02:18:19.631+0000: 1940.257: [GC [PSYoungGen: 202400K->1426K(243008K)] 507827K->306901K(929984K), 0.0104010 secs] [Times: user=0.07 sys=0.01, real=0.01 secs] 
2014-07-08T02:18:20.517+0000: 1941.143: [GC [PSYoungGen: 242962K->872K(236608K)] 548437K->306493K(923584K), 0.0039100 secs] [Times: user=0.02 sys=0.00, real=0.01 secs] 
2014-07-08T02:18:21.762+0000: 1942.388: [GC [PSYoungGen: 236584K->1466K(231616K)] 542205K->307159K(918592K), 0.0080270 secs] [Times: user=0.05 sys=0.00, real=0.01 secs] 
2014-07-08T02:18:23.137+0000: 1943.763: [GC [PSYoungGen: 231610K->1128K(225920K)] 537303K->306893K(912896K), 0.0055580 secs] [Times: user=0.03 sys=0.00, real=0.01 secs] 
2014-07-08T02:18:24.050+0000: 1944.676: [GC [PSYoungGen: 225896K->1184K(220800K)] 531661K->307021K(907776K), 0.0082060 secs] [Times: user=0.04 sys=0.01, real=0.01 secs] 
2014-07-08T02:18:24.988+0000: 1945.614: [GC [PSYoungGen: 220768K->1272K(215872K)] 526605K->307606K(902848K), 0.0052090 secs] [Times: user=0.03 sys=0.00, real=0.01 secs] 
2014-07-08T02:18:26.021+0000: 1946.647: [GC [PSYoungGen: 215864K->1590K(211328K)] 522198K->307996K(898304K), 0.0060660 secs] [Times: user=0.04 sys=0.00, real=0.00 secs] 
2014-07-08T02:18:26.618+0000: 1947.244: [GC [PSYoungGen: 211303K->1022K(206080K)] 517708K->307863K(893056K), 0.0041800 secs] [Times: user=0.02 sys=0.00, real=0.01 secs] 
2014-07-08T02:18:27.214+0000: 1947.840: [GC [PSYoungGen: 206078K->1214K(201792K)] 512919K->308136K(888768K), 0.0065950 secs] [Times: user=0.04 sys=0.00, real=0.01 secs] 
2014-07-08T02:18:27.699+0000: 1948.325: [GC [PSYoungGen: 201785K->1142K(241856K)] 508707K->308119K(928832K), 0.0087620 secs] [Times: user=0.06 sys=0.00, real=0.00 secs] 
2014-07-08T02:18:28.589+0000: 1949.215: [GC [PSYoungGen: 241846K->1170K(236160K)] 548823K->308227K(923136K), 0.0083130 secs] [Times: user=0.05 sys=0.00, real=0.01 secs] 
2014-07-08T02:18:29.363+0000: 1949.989: [GC [PSYoungGen: 236092K->1206K(283200K)] 543150K->308319K(970176K), 0.0164070 secs] [Times: user=0.09 sys=0.00, real=0.02 secs] 
2014-07-08T02:18:30.190+0000: 1950.815: [GC [PSYoungGen: 283190K->1508K(317440K)] 590303K->308709K(1004416K), 0.0085740 secs] [Times: user=0.05 sys=0.00, real=0.00 secs] 
2014-07-08T02:18:31.004+0000: 1951.630: [GC [PSYoungGen: 317156K->1110K(340352K)] 624357K->308399K(1027328K), 0.0085630 secs] [Times: user=0.05 sys=0.00, real=0.01 secs] 
2014-07-08T02:18:31.997+0000: 1952.622: [GC [PSYoungGen: 339603K->1074K(340288K)] 646893K->308419K(1027264K), 0.0107310 secs] [Times: user=0.07 sys=0.00, real=0.01 secs] 
2014-07-08T02:18:33.081+0000: 1953.707: [GC [PSYoungGen: 339570K->1046K(329984K)] 646915K->308463K(1016960K), 0.0047670 secs] [Times: user=0.02 sys=0.00, real=0.00 secs] 
2014-07-08T02:18:34.238+0000: 1954.864: [GC [PSYoungGen: 329942K->1242K(320960K)] 637359K->308707K(1007936K), 0.0082700 secs] [Times: user=0.03 sys=0.00, real=0.01 secs] 
2014-07-08T02:18:35.636+0000: 1956.262: [GC [PSYoungGen: 320920K->1262K(312128K)] 628386K->308808K(999104K), 0.0095970 secs] [Times: user=0.07 sys=0.01, real=0.01 secs] 
2014-07-08T02:18:37.041+0000: 1957.667: [GC [PSYoungGen: 312110K->900K(303360K)] 619656K->308525K(990336K), 0.0114750 secs] [Times: user=0.05 sys=0.00, real=0.01 secs] 
2014-07-08T02:18:38.525+0000: 1959.150: [GC [PSYoungGen: 303300K->1252K(295552K)] 610925K->309013K(982528K), 0.0051630 secs] [Times: user=0.04 sys=0.00, real=0.00 secs] 
2014-07-08T02:18:39.792+0000: 1960.418: [GC [PSYoungGen: 295524K->1096K(287616K)] 603285K->308921K(974592K), 0.0054880 secs] [Times: user=0.01 sys=0.00, real=0.00 secs] 
2014-07-08T02:18:40.559+0000: 1961.185: [GC [PSYoungGen: 287560K->1066K(280064K)] 595385K->308972K(967040K), 0.0063830 secs] [Times: user=0.04 sys=0.00, real=0.01 secs] 
2014-07-08T02:18:41.505+0000: 1962.131: [GC [PSYoungGen: 280042K->1478K(273280K)] 587948K->309440K(960256K), 0.0094990 secs] [Times: user=0.05 sys=0.00, real=0.01 secs] 
2014-07-08T02:18:42.433+0000: 1963.058: [GC [PSYoungGen: 273222K->750K(265600K)] 581184K->309137K(952576K), 0.0070320 secs] [Times: user=0.04 sys=0.01, real=0.00 secs] 
2014-07-08T02:18:43.577+0000: 1964.203: [GC [PSYoungGen: 265582K->1420K(259648K)] 573969K->309896K(946624K), 0.0067390 secs] [Times: user=0.03 sys=0.00, real=0.01 secs] 
2014-07-08T02:18:44.320+0000: 1964.945: [GC [PSYoungGen: 259596K->1258K(253056K)] 568072K->310094K(940032K), 0.0059080 secs] [Times: user=0.03 sys=0.00, real=0.01 secs] 
2014-07-08T02:18:44.974+0000: 1965.600: [GC [PSYoungGen: 252975K->1117K(246720K)] 561810K->310017K(933696K), 0.0072680 secs] [Times: user=0.04 sys=0.00, real=0.00 secs] 
2014-07-08T02:18:45.703+0000: 1966.329: [GC [PSYoungGen: 246684K->1185K(240832K)] 555583K->310156K(927808K), 0.0071660 secs] [Times: user=0.04 sys=0.00, real=0.00 secs] 
2014-07-08T02:18:46.419+0000: 1967.045: [GC [PSYoungGen: 240801K->1178K(235072K)] 549772K->310253K(922048K), 0.0058070 secs] [Times: user=0.04 sys=0.00, real=0.01 secs] 
2014-07-08T02:18:47.045+0000: 1967.671: [GC [PSYoungGen: 235034K->1086K(229440K)] 544109K->310217K(916416K), 0.0081230 secs] [Times: user=0.05 sys=0.00, real=0.01 secs] 
2014-07-08T02:18:47.688+0000: 1968.314: [GC [PSYoungGen: 229425K->876K(223936K)] 538557K->310087K(910912K), 0.0040720 secs] [Times: user=0.01 sys=0.01, real=0.01 secs] 
2014-07-08T02:18:48.492+0000: 1969.118: [GC [PSYoungGen: 223916K->1150K(219072K)] 533127K->310465K(906048K), 0.0060120 secs] [Times: user=0.03 sys=0.00, real=0.01 secs] 
2014-07-08T02:18:49.041+0000: 1969.667: [GC [PSYoungGen: 219070K->1004K(262528K)] 528385K->310407K(949504K), 0.0107500 secs] [Times: user=0.07 sys=0.00, real=0.02 secs] 
2014-07-08T02:18:49.843+0000: 1970.469: [GC [PSYoungGen: 262508K->790K(314688K)] 571911K->310241K(1001664K), 0.0085610 secs] [Times: user=0.04 sys=0.00, real=0.00 secs] 
2014-07-08T02:18:50.947+0000: 1971.573: [GC [PSYoungGen: 314646K->1280K(306624K)] 624097K->310780K(993600K), 0.0063870 secs] [Times: user=0.04 sys=0.00, real=0.01 secs] 
2014-07-08T02:18:51.897+0000: 1972.523: [GC [PSYoungGen: 306560K->868K(297920K)] 616060K->310455K(984896K), 0.0055780 secs] [Times: user=0.03 sys=0.00, real=0.00 secs] 
2014-07-08T02:18:52.825+0000: 1973.451: [GC [PSYoungGen: 297892K->1106K(290240K)] 607479K->310765K(977216K), 0.0064170 secs] [Times: user=0.03 sys=0.00, real=0.00 secs] 
2014-07-08T02:18:53.713+0000: 1974.339: [GC [PSYoungGen: 290192K->708K(282240K)] 599852K->310431K(969216K), 0.0073840 secs] [Times: user=0.05 sys=0.00, real=0.00 secs] 
2014-07-08T02:18:54.691+0000: 1975.317: [GC [PSYoungGen: 282180K->1074K(275264K)] 591903K->310846K(962240K), 0.0034240 secs] [Times: user=0.02 sys=0.00, real=0.01 secs] 
2014-07-08T02:18:55.659+0000: 1976.285: [GC [PSYoungGen: 275250K->1212K(268352K)] 585022K->311080K(955328K), 0.0039140 secs] [Times: user=0.02 sys=0.00, real=0.00 secs] 
2014-07-08T02:18:56.458+0000: 1977.083: [GC [PSYoungGen: 268348K->1300K(261696K)] 578216K->311256K(948672K), 0.0043440 secs] [Times: user=0.02 sys=0.00, real=0.00 secs] 
2014-07-08T02:18:57.241+0000: 1977.867: [GC [PSYoungGen: 261652K->692K(254528K)] 571608K->310990K(941504K), 0.0056320 secs] [Times: user=0.04 sys=0.00, real=0.01 secs] 
2014-07-08T02:18:58.042+0000: 1978.668: [GC [PSYoungGen: 254480K->1136K(248704K)] 564778K->311489K(935680K), 0.0100010 secs] [Times: user=0.06 sys=0.00, real=0.01 secs] 
2014-07-08T02:18:58.852+0000: 1979.477: [GC [PSYoungGen: 248688K->1397K(242944K)] 559041K->312039K(929920K), 0.0039950 secs] [Times: user=0.02 sys=0.00, real=0.01 secs] 
2014-07-08T02:18:59.639+0000: 1980.265: [GC [PSYoungGen: 242933K->1483K(237248K)] 553575K->312180K(924224K), 0.0110820 secs] [Times: user=0.08 sys=0.00, real=0.01 secs] 
2014-07-08T02:19:00.328+0000: 1980.954: [GC [PSYoungGen: 237195K->572K(230720K)] 547892K->311546K(917696K), 0.0040840 secs] [Times: user=0.01 sys=0.00, real=0.00 secs] 
2014-07-08T02:19:01.301+0000: 1981.927: [GC [PSYoungGen: 230716K->1380K(226176K)] 541690K->312410K(913152K), 0.0044950 secs] [Times: user=0.03 sys=0.00, real=0.01 secs] 
2014-07-08T02:19:01.965+0000: 1982.591: [GC [PSYoungGen: 226147K->1024K(220672K)] 537177K->312150K(907648K), 0.0040150 secs] [Times: user=0.02 sys=0.00, real=0.00 secs] 
2014-07-08T02:19:03.210+0000: 1983.836: [GC [PSYoungGen: 220608K->1316K(215936K)] 531734K->312498K(902912K), 0.0114990 secs] [Times: user=0.06 sys=0.00, real=0.01 secs] 
2014-07-08T02:19:04.186+0000: 1984.812: [GC [PSYoungGen: 215908K->1188K(210944K)] 527090K->312506K(897920K), 0.0054880 secs] [Times: user=0.02 sys=0.00, real=0.00 secs] 
2014-07-08T02:19:05.473+0000: 1986.099: [GC [PSYoungGen: 210887K->1534K(206592K)] 522205K->312947K(893568K), 0.0062380 secs] [Times: user=0.03 sys=0.00, real=0.01 secs] 
2014-07-08T02:19:06.489+0000: 1987.115: [GC [PSYoungGen: 206590K->896K(201472K)] 518003K->312503K(888448K), 0.0096610 secs] [Times: user=0.06 sys=0.00, real=0.01 secs] 
2014-07-08T02:19:07.368+0000: 1987.994: [GC [PSYoungGen: 201429K->1400K(197632K)] 513036K->313088K(884608K), 0.0082330 secs] [Times: user=0.04 sys=0.00, real=0.01 secs] 
2014-07-08T02:19:07.989+0000: 1988.615: [GC [PSYoungGen: 197606K->1036K(193088K)] 509293K->312763K(880064K), 0.0081580 secs] [Times: user=0.05 sys=0.00, real=0.01 secs] 
2014-07-08T02:19:08.782+0000: 1989.408: [GC [PSYoungGen: 193036K->1010K(188928K)] 504763K->312777K(875904K), 0.0091960 secs] [Times: user=0.05 sys=0.01, real=0.01 secs] 
2014-07-08T02:19:09.314+0000: 1989.940: [GC [PSYoungGen: 188914K->1400K(226944K)] 500681K->313224K(913920K), 0.0142290 secs] [Times: user=0.08 sys=0.00, real=0.02 secs] 
2014-07-08T02:19:10.234+0000: 1990.860: [GC [PSYoungGen: 226899K->1697K(272384K)] 538723K->313600K(959360K), 0.0097310 secs] [Times: user=0.06 sys=0.01, real=0.01 secs] 
2014-07-08T02:19:11.096+0000: 1991.722: [GC [PSYoungGen: 272353K->502K(325312K)] 584256K->313015K(1012288K), 0.0034130 secs] [Times: user=0.02 sys=0.00, real=0.01 secs] 
2014-07-08T02:19:12.090+0000: 1992.716: [GC [PSYoungGen: 325302K->1284K(382976K)] 637815K->313838K(1069952K), 0.0109250 secs] [Times: user=0.04 sys=0.00, real=0.01 secs] 
2014-07-08T02:19:13.047+0000: 1993.673: [GC [PSYoungGen: 382336K->1298K(391680K)] 694890K->313982K(1078656K), 0.0094710 secs] [Times: user=0.07 sys=0.00, real=0.01 secs] 
2014-07-08T02:19:14.228+0000: 1994.854: [GC [PSYoungGen: 391085K->1761K(379904K)] 703769K->314575K(1066880K), 0.0097610 secs] [Times: user=0.05 sys=0.00, real=0.01 secs] 
2014-07-08T02:19:15.409+0000: 1996.035: [GC [PSYoungGen: 379873K->64K(366976K)] 692687K->313788K(1053952K), 0.0051600 secs] [Times: user=0.03 sys=0.00, real=0.00 secs] 
2014-07-08T02:19:16.461+0000: 1997.087: [GC [PSYoungGen: 366976K->1698K(357888K)] 680700K->315446K(1044864K), 0.0075250 secs] [Times: user=0.05 sys=0.00, real=0.01 secs] 
2014-07-08T02:19:17.568+0000: 1998.194: [GC [PSYoungGen: 357858K->764K(346624K)] 671606K->315156K(1033600K), 0.0132760 secs] [Times: user=0.09 sys=0.00, real=0.01 secs] 
2014-07-08T02:19:18.571+0000: 1999.197: [GC [PSYoungGen: 346620K->1082K(388288K)] 661012K->315538K(1075264K), 0.0133110 secs] [Times: user=0.08 sys=0.01, real=0.01 secs] 
2014-07-08T02:19:19.779+0000: 2000.405: [GC [PSYoungGen: 387255K->932K(375616K)] 701712K->315452K(1062592K), 0.0063230 secs] [Times: user=0.04 sys=0.00, real=0.00 secs] 
2014-07-08T02:19:21.003+0000: 2001.629: [GC [PSYoungGen: 375588K->1040K(364672K)] 690108K->315616K(1051648K), 0.0079300 secs] [Times: user=0.04 sys=0.01, real=0.01 secs] 
2014-07-08T02:19:22.103+0000: 2002.729: [GC [PSYoungGen: 364575K->950K(353920K)] 679152K->315558K(1040896K), 0.0050250 secs] [Times: user=0.02 sys=0.00, real=0.01 secs] 
2014-07-08T02:19:23.507+0000: 2004.133: [GC [PSYoungGen: 353910K->996K(343808K)] 668518K->315676K(1030784K), 0.0166600 secs] [Times: user=0.08 sys=0.00, real=0.02 secs] 
2014-07-08T02:19:24.410+0000: 2005.036: [GC [PSYoungGen: 343780K->722K(333824K)] 658460K->315458K(1020800K), 0.0110110 secs] [Times: user=0.07 sys=0.00, real=0.01 secs] 
2014-07-08T02:19:25.583+0000: 2006.209: [GC [PSYoungGen: 333778K->896K(324672K)] 648514K->315672K(1011648K), 0.0051580 secs] [Times: user=0.02 sys=0.01, real=0.01 secs] 
2014-07-08T02:19:26.947+0000: 2007.573: [GC [PSYoungGen: 324608K->1202K(315968K)] 639384K->316075K(1002944K), 0.0066400 secs] [Times: user=0.04 sys=0.00, real=0.01 secs] 
2014-07-08T02:19:28.043+0000: 2008.669: [GC [PSYoungGen: 315954K->1142K(307264K)] 630827K->316046K(994240K), 0.0148960 secs] [Times: user=0.08 sys=0.01, real=0.02 secs] 
2014-07-08T02:19:28.981+0000: 2009.606: [GC [PSYoungGen: 307254K->1238K(299136K)] 622158K->316246K(986112K), 0.0063450 secs] [Times: user=0.04 sys=0.00, real=0.00 secs] 
2014-07-08T02:19:29.836+0000: 2010.462: [GC [PSYoungGen: 299093K->872K(290816K)] 614101K->315968K(977792K), 0.0071790 secs] [Times: user=0.04 sys=0.00, real=0.01 secs] 
2014-07-08T02:19:30.758+0000: 2011.384: [GC [PSYoungGen: 290792K->1070K(283392K)] 605888K->316231K(970368K), 0.0095410 secs] [Times: user=0.05 sys=0.01, real=0.01 secs] 
2014-07-08T02:19:31.636+0000: 2012.261: [GC [PSYoungGen: 283374K->1088K(276096K)] 598535K->316328K(963072K), 0.0082040 secs] [Times: user=0.05 sys=0.00, real=0.01 secs] 
2014-07-08T02:19:32.521+0000: 2013.147: [GC [PSYoungGen: 276029K->1134K(269056K)] 591270K->316439K(956032K), 0.0068210 secs] [Times: user=0.04 sys=0.00, real=0.00 secs] 
2014-07-08T02:19:33.349+0000: 2013.975: [GC [PSYoungGen: 269038K->1241K(262400K)] 584343K->316633K(949376K), 0.0099050 secs] [Times: user=0.06 sys=0.00, real=0.01 secs] 
2014-07-08T02:19:34.223+0000: 2014.849: [GC [PSYoungGen: 262323K->803K(255424K)] 577715K->316588K(942400K), 0.0063960 secs] [Times: user=0.04 sys=0.00, real=0.01 secs] 
2014-07-08T02:19:35.034+0000: 2015.660: [GC [PSYoungGen: 255395K->768K(249152K)] 571180K->316577K(936128K), 0.0080250 secs] [Times: user=0.02 sys=0.01, real=0.01 secs] 
2014-07-08T02:19:35.934+0000: 2016.559: [GC [PSYoungGen: 249088K->1028K(299072K)] 564897K->317001K(986048K), 0.0134040 secs] [Times: user=0.07 sys=0.00, real=0.01 secs] 
2014-07-08T02:19:36.991+0000: 2017.617: [GC [PSYoungGen: 299012K->1166K(358848K)] 614985K->317179K(1045824K), 0.0136290 secs] [Times: user=0.09 sys=0.00, real=0.01 secs] 
2014-07-08T02:19:38.269+0000: 2018.895: [GC [PSYoungGen: 358798K->828K(403904K)] 674811K->317101K(1090880K), 0.0130640 secs] [Times: user=0.09 sys=0.00, real=0.02 secs] 
2014-07-08T02:19:40.084+0000: 2020.710: [GC [PSYoungGen: 403900K->1386K(392192K)] 720173K->317683K(1079168K), 0.0051150 secs] [Times: user=0.02 sys=0.00, real=0.00 secs] 
2014-07-08T02:19:41.203+0000: 2021.829: [GC [PSYoungGen: 392130K->192K(379264K)] 708427K->317557K(1066240K), 0.0067780 secs] [Times: user=0.04 sys=0.01, real=0.00 secs] 
2014-07-08T02:19:43.537+0000: 2024.163: [GC [PSYoungGen: 379264K->1588K(369408K)] 696629K->319009K(1056384K), 0.0087390 secs] [Times: user=0.04 sys=0.00, real=0.01 secs] 
2014-07-08T02:19:45.423+0000: 2026.048: [GC [PSYoungGen: 369396K->1454K(358528K)] 686817K->319475K(1045504K), 0.0157710 secs] [Times: user=0.09 sys=0.00, real=0.01 secs] 
2014-07-08T02:19:46.602+0000: 2027.228: [GC [PSYoungGen: 358510K->1092K(347840K)] 676531K->319185K(1034816K), 0.0080850 secs] [Times: user=0.05 sys=0.00, real=0.00 secs] 
2014-07-08T02:19:47.530+0000: 2028.156: [GC [PSYoungGen: 347758K->1056K(337856K)] 665851K->319181K(1024832K), 0.0069360 secs] [Times: user=0.02 sys=0.00, real=0.01 secs] 
2014-07-08T02:19:48.597+0000: 2029.223: [GC [PSYoungGen: 337805K->1305K(328576K)] 655931K->319510K(1015552K), 0.0092300 secs] [Times: user=0.05 sys=0.00, real=0.01 secs] 
2014-07-08T02:19:49.603+0000: 2030.229: [GC [PSYoungGen: 328537K->1244K(319360K)] 646742K->319537K(1006336K), 0.0075040 secs] [Times: user=0.04 sys=0.00, real=0.01 secs] 
2014-07-08T02:19:50.480+0000: 2031.105: [GC [PSYoungGen: 319285K->1440K(310784K)] 637578K->319781K(997760K), 0.0092630 secs] [Times: user=0.03 sys=0.01, real=0.01 secs] 
2014-07-08T02:19:51.311+0000: 2031.937: [GC [PSYoungGen: 310723K->1010K(301952K)] 629064K->319511K(988928K), 0.0084360 secs] [Times: user=0.04 sys=0.01, real=0.01 secs] 
2014-07-08T02:19:52.663+0000: 2033.289: [GC [PSYoungGen: 301936K->1610K(294528K)] 620438K->320168K(981504K), 0.0078580 secs] [Times: user=0.05 sys=0.00, real=0.00 secs] 
2014-07-08T02:19:53.915+0000: 2034.541: [GC [PSYoungGen: 294474K->928K(286080K)] 613032K->319604K(973056K), 0.0038670 secs] [Times: user=0.02 sys=0.00, real=0.00 secs] 
2014-07-08T02:19:54.708+0000: 2035.334: [GC [PSYoungGen: 286030K->936K(278656K)] 604706K->319652K(965632K), 0.0053610 secs] [Times: user=0.01 sys=0.01, real=0.01 secs] 
2014-07-08T02:19:55.575+0000: 2036.201: [GC [PSYoungGen: 278632K->1490K(272064K)] 597348K->320270K(959040K), 0.0137040 secs] [Times: user=0.09 sys=0.00, real=0.01 secs] 
2014-07-08T02:19:56.184+0000: 2036.810: [GC [PSYoungGen: 271987K->1160K(264832K)] 590767K->320020K(951808K), 0.0064970 secs] [Times: user=0.04 sys=0.00, real=0.00 secs] 
2014-07-08T02:19:57.094+0000: 2037.720: [GC [PSYoungGen: 264776K->1130K(258112K)] 583636K->320194K(945088K), 0.0070780 secs] [Times: user=0.05 sys=0.00, real=0.00 secs] 
2014-07-08T02:19:57.783+0000: 2038.409: [GC [PSYoungGen: 258055K->1116K(251712K)] 577119K->320252K(938688K), 0.0047910 secs] [Times: user=0.02 sys=0.00, real=0.01 secs] 
2014-07-08T02:19:58.540+0000: 2039.165: [GC [PSYoungGen: 251676K->1196K(245632K)] 570812K->320388K(932608K), 0.0116100 secs] [Times: user=0.07 sys=0.00, real=0.01 secs] 
2014-07-08T02:19:59.288+0000: 2039.914: [GC [PSYoungGen: 245612K->978K(239552K)] 564804K->320274K(926528K), 0.0064240 secs] [Times: user=0.03 sys=0.01, real=0.01 secs] 
2014-07-08T02:20:00.071+0000: 2040.697: [GC [PSYoungGen: 239506K->840K(233728K)] 558802K->320200K(920704K), 0.0060020 secs] [Times: user=0.02 sys=0.00, real=0.01 secs] 
2014-07-08T02:20:00.857+0000: 2041.483: [GC [PSYoungGen: 233628K->878K(228224K)] 552989K->320294K(915200K), 0.0070170 secs] [Times: user=0.04 sys=0.00, real=0.01 secs] 
2014-07-08T02:20:01.509+0000: 2042.135: [GC [PSYoungGen: 228206K->946K(222976K)] 547622K->320442K(909952K), 0.0072530 secs] [Times: user=0.04 sys=0.01, real=0.01 secs] 
2014-07-08T02:20:02.150+0000: 2042.776: [GC [PSYoungGen: 222947K->850K(217792K)] 542443K->320410K(904768K), 0.0060490 secs] [Times: user=0.03 sys=0.00, real=0.01 secs] 
2014-07-08T02:20:02.937+0000: 2043.563: [GC [PSYoungGen: 217746K->1212K(213184K)] 537306K->320868K(900160K), 0.0058960 secs] [Times: user=0.02 sys=0.00, real=0.00 secs] 
2014-07-08T02:20:03.572+0000: 2044.198: [GC [PSYoungGen: 213159K->1216K(208512K)] 532815K->320952K(895488K), 0.0065350 secs] [Times: user=0.02 sys=0.00, real=0.01 secs] 
2014-07-08T02:20:04.184+0000: 2044.810: [GC [PSYoungGen: 208448K->1021K(203648K)] 528184K->320837K(890624K), 0.0053360 secs] [Times: user=0.03 sys=0.01, real=0.00 secs] 
2014-07-08T02:20:05.025+0000: 2045.651: [GC [PSYoungGen: 203645K->708K(198976K)] 523461K->320572K(885952K), 0.0114940 secs] [Times: user=0.07 sys=0.01, real=0.01 secs] 
2014-07-08T02:20:05.653+0000: 2046.279: [GC [PSYoungGen: 198916K->1088K(195072K)] 518780K->321040K(882048K), 0.0035720 secs] [Times: user=0.02 sys=0.00, real=0.01 secs] 
2014-07-08T02:20:06.720+0000: 2047.346: [GC [PSYoungGen: 195007K->1284K(191104K)] 514959K->321316K(878080K), 0.0055660 secs] [Times: user=0.02 sys=0.01, real=0.01 secs] 
2014-07-08T02:20:07.736+0000: 2048.362: [GC [PSYoungGen: 191044K->754K(228480K)] 511076K->321455K(915456K), 0.0224710 secs] [Times: user=0.12 sys=0.00, real=0.02 secs] 
2014-07-08T02:20:08.477+0000: 2049.103: [GC [PSYoungGen: 228466K->1290K(274624K)] 549167K->322031K(961600K), 0.0082160 secs] [Times: user=0.03 sys=0.00, real=0.01 secs] 
2014-07-08T02:20:09.436+0000: 2050.062: [GC [PSYoungGen: 274570K->1398K(329344K)] 595311K->322510K(1016320K), 0.0086060 secs] [Times: user=0.06 sys=0.00, real=0.01 secs] 
2014-07-08T02:20:11.020+0000: 2051.645: [GC [PSYoungGen: 329334K->964K(319808K)] 650446K->322131K(1006784K), 0.0079220 secs] [Times: user=0.05 sys=0.00, real=0.01 secs] 
2014-07-08T02:20:11.892+0000: 2052.518: [GC [PSYoungGen: 319717K->1313K(311360K)] 640884K->322536K(998336K), 0.0073050 secs] [Times: user=0.05 sys=0.00, real=0.01 secs] 
2014-07-08T02:20:12.893+0000: 2053.519: [GC [PSYoungGen: 311329K->768K(302336K)] 632552K->322063K(989312K), 0.0067640 secs] [Times: user=0.04 sys=0.00, real=0.01 secs] 
2014-07-08T02:20:14.020+0000: 2054.646: [GC [PSYoungGen: 302310K->1440K(294912K)] 623606K->322799K(981888K), 0.0087830 secs] [Times: user=0.04 sys=0.00, real=0.01 secs] 
2014-07-08T02:20:15.494+0000: 2056.120: [GC [PSYoungGen: 294880K->1208K(286848K)] 616239K->322623K(973824K), 0.0096240 secs] [Times: user=0.06 sys=0.00, real=0.01 secs] 
2014-07-08T02:20:16.696+0000: 2057.322: [GC [PSYoungGen: 286840K->818K(278976K)] 608255K->322297K(965952K), 0.0102150 secs] [Times: user=0.06 sys=0.00, real=0.02 secs] 
2014-07-08T02:20:17.852+0000: 2058.478: [GC [PSYoungGen: 278962K->1037K(272064K)] 600441K->322573K(959040K), 0.0094240 secs] [Times: user=0.05 sys=0.00, real=0.01 secs] 
2014-07-08T02:20:18.608+0000: 2059.234: [GC [PSYoungGen: 272005K->1379K(265472K)] 593540K->322955K(952448K), 0.0069680 secs] [Times: user=0.03 sys=0.00, real=0.00 secs] 
2014-07-08T02:20:19.292+0000: 2059.918: [GC [PSYoungGen: 265419K->1282K(258752K)] 586994K->322945K(945728K), 0.0104020 secs] [Times: user=0.06 sys=0.00, real=0.01 secs] 
2014-07-08T02:20:20.155+0000: 2060.781: [GC [PSYoungGen: 258668K->865K(251904K)] 580332K->323133K(938880K), 0.0070330 secs] [Times: user=0.03 sys=0.00, real=0.01 secs] 
2014-07-08T02:20:20.990+0000: 2061.616: [GC [PSYoungGen: 251873K->1210K(246080K)] 574141K->323526K(933056K), 0.0085530 secs] [Times: user=0.05 sys=0.01, real=0.01 secs] 
2014-07-08T02:20:21.656+0000: 2062.282: [GC [PSYoungGen: 246024K->1398K(295296K)] 568340K->324061K(982272K), 0.0121050 secs] [Times: user=0.08 sys=0.00, real=0.01 secs] 
2014-07-08T02:20:22.521+0000: 2063.147: [GC [PSYoungGen: 295286K->1476K(354240K)] 617949K->324187K(1041216K), 0.0081540 secs] [Times: user=0.05 sys=0.00, real=0.01 secs] 
2014-07-08T02:20:23.644+0000: 2064.270: [GC [PSYoungGen: 354180K->686K(343232K)] 676891K->323762K(1030208K), 0.0043220 secs] [Times: user=0.02 sys=0.00, real=0.01 secs] 
2014-07-08T02:20:24.528+0000: 2065.154: [GC [PSYoungGen: 343214K->1378K(334208K)] 666290K->324486K(1021184K), 0.0048010 secs] [Times: user=0.02 sys=0.01, real=0.00 secs] 
2014-07-08T02:20:25.557+0000: 2066.183: [GC [PSYoungGen: 334178K->1320K(324800K)] 657286K->324643K(1011776K), 0.0034180 secs] [Times: user=0.02 sys=0.00, real=0.01 secs] 
2014-07-08T02:20:26.546+0000: 2067.172: [GC [PSYoungGen: 324776K->726K(315264K)] 648099K->324128K(1002240K), 0.0059330 secs] [Times: user=0.04 sys=0.00, real=0.01 secs] 
2014-07-08T02:20:27.499+0000: 2068.125: [GC [PSYoungGen: 315182K->879K(306752K)] 638584K->324329K(993728K), 0.0091270 secs] [Times: user=0.05 sys=0.00, real=0.01 secs] 
2014-07-08T02:20:28.481+0000: 2069.107: [GC [PSYoungGen: 306735K->754K(298368K)] 630185K->324284K(985344K), 0.0040080 secs] [Times: user=0.02 sys=0.00, real=0.00 secs] 
2014-07-08T02:20:29.403+0000: 2070.029: [GC [PSYoungGen: 298354K->1074K(290752K)] 621884K->324708K(977728K), 0.0056350 secs] [Times: user=0.03 sys=0.01, real=0.01 secs] 
2014-07-08T02:20:30.368+0000: 2070.993: [GC [PSYoungGen: 290738K->1092K(283200K)] 614372K->324807K(970176K), 0.0061120 secs] [Times: user=0.03 sys=0.01, real=0.01 secs] 
2014-07-08T02:20:31.756+0000: 2072.382: [GC [PSYoungGen: 283140K->1398K(276096K)] 606855K->325169K(963072K), 0.0088160 secs] [Times: user=0.05 sys=0.00, real=0.01 secs] 
2014-07-08T02:20:32.986+0000: 2073.612: [GC [PSYoungGen: 276079K->1266K(268928K)] 599850K->325076K(955904K), 0.0129500 secs] [Times: user=0.06 sys=0.00, real=0.02 secs] 
2014-07-08T02:20:34.628+0000: 2075.254: [GC [PSYoungGen: 268914K->946K(261824K)] 592724K->324956K(948800K), 0.0109600 secs] [Times: user=0.08 sys=0.00, real=0.02 secs] 
2014-07-08T02:20:35.754+0000: 2076.380: [GC [PSYoungGen: 261810K->1294K(255680K)] 585820K->325369K(942656K), 0.0108720 secs] [Times: user=0.06 sys=0.01, real=0.01 secs] 
2014-07-08T02:20:36.487+0000: 2077.113: [GC [PSYoungGen: 255630K->972K(249088K)] 579705K->325128K(936064K), 0.0049030 secs] [Times: user=0.02 sys=0.00, real=0.01 secs] 
2014-07-08T02:20:37.106+0000: 2077.732: [GC [PSYoungGen: 249035K->958K(242944K)] 573192K->325186K(929920K), 0.0088320 secs] [Times: user=0.05 sys=0.00, real=0.01 secs] 
2014-07-08T02:20:37.823+0000: 2078.449: [GC [PSYoungGen: 242909K->1406K(291840K)] 567138K->325723K(978816K), 0.0239930 secs] [Times: user=0.15 sys=0.00, real=0.02 secs] 
2014-07-08T02:20:38.715+0000: 2079.341: [GC [PSYoungGen: 291838K->1142K(349696K)] 616155K->325531K(1036672K), 0.0067010 secs] [Times: user=0.04 sys=0.01, real=0.01 secs] 
2014-07-08T02:20:39.807+0000: 2080.433: [GC [PSYoungGen: 349686K->900K(365120K)] 674075K->325328K(1052096K), 0.0061190 secs] [Times: user=0.02 sys=0.00, real=0.01 secs] 
2014-07-08T02:20:41.018+0000: 2081.644: [GC [PSYoungGen: 364932K->1238K(354688K)] 689360K->325722K(1041664K), 0.0056420 secs] [Times: user=0.03 sys=0.00, real=0.01 secs] 
2014-07-08T02:20:42.174+0000: 2082.799: [GC [PSYoungGen: 354646K->502K(343744K)] 679130K->325252K(1030720K), 0.0077320 secs] [Times: user=0.05 sys=0.00, real=0.01 secs] 
2014-07-08T02:20:43.206+0000: 2083.832: [GC [PSYoungGen: 343734K->1615K(335104K)] 668484K->326398K(1022080K), 0.0124780 secs] [Times: user=0.08 sys=0.00, real=0.01 secs] 
2014-07-08T02:20:44.365+0000: 2084.991: [GC [PSYoungGen: 335055K->1276K(325376K)] 659838K->326355K(1012352K), 0.0070260 secs] [Times: user=0.04 sys=0.00, real=0.01 secs] 
2014-07-08T02:20:45.365+0000: 2085.991: [GC [PSYoungGen: 325344K->1274K(316352K)] 650423K->326433K(1003328K), 0.0110290 secs] [Times: user=0.07 sys=0.00, real=0.01 secs] 
2014-07-08T02:20:46.471+0000: 2087.097: [GC [PSYoungGen: 316346K->1054K(307520K)] 641505K->326327K(994496K), 0.0048880 secs] [Times: user=0.03 sys=0.00, real=0.00 secs] 
2014-07-08T02:20:47.286+0000: 2087.912: [GC [PSYoungGen: 307415K->1017K(299136K)] 632687K->326338K(986112K), 0.0078670 secs] [Times: user=0.05 sys=0.00, real=0.01 secs] 
2014-07-08T02:20:48.337+0000: 2088.963: [GC [PSYoungGen: 299129K->1396K(291584K)] 624450K->326901K(978560K), 0.0073940 secs] [Times: user=0.04 sys=0.00, real=0.01 secs] 
2014-07-08T02:20:49.291+0000: 2089.917: [GC [PSYoungGen: 291550K->1136K(283648K)] 617055K->326681K(970624K), 0.0046340 secs] [Times: user=0.02 sys=0.00, real=0.00 secs] 
2014-07-08T02:20:50.299+0000: 2090.925: [GC [PSYoungGen: 283632K->897K(276096K)] 609177K->326564K(963072K), 0.0090020 secs] [Times: user=0.05 sys=0.00, real=0.01 secs] 
2014-07-08T02:20:51.138+0000: 2091.764: [GC [PSYoungGen: 275936K->1089K(269248K)] 601603K->326812K(956224K), 0.0090780 secs] [Times: user=0.06 sys=0.00, real=0.01 secs] 
2014-07-08T02:20:51.939+0000: 2092.565: [GC [PSYoungGen: 269154K->1512K(323264K)] 594877K->327307K(1010240K), 0.0150480 secs] [Times: user=0.10 sys=0.00, real=0.02 secs] 
2014-07-08T02:20:52.991+0000: 2093.617: [GC [PSYoungGen: 323240K->1010K(358784K)] 649035K->326853K(1045760K), 0.0086170 secs] [Times: user=0.03 sys=0.00, real=0.00 secs] 
2014-07-08T02:20:54.292+0000: 2094.918: [GC [PSYoungGen: 358002K->1216K(387968K)] 683845K->327123K(1074944K), 0.0155170 secs] [Times: user=0.08 sys=0.01, real=0.01 secs] 
2014-07-08T02:20:55.547+0000: 2096.173: [GC [PSYoungGen: 387392K->886K(387904K)] 713299K->326832K(1074880K), 0.0123270 secs] [Times: user=0.08 sys=0.00, real=0.01 secs] 
2014-07-08T02:20:56.738+0000: 2097.364: [GC [PSYoungGen: 387062K->1215K(375872K)] 713008K->327210K(1062848K), 0.0084030 secs] [Times: user=0.06 sys=0.00, real=0.01 secs] 
2014-07-08T02:20:58.068+0000: 2098.694: [GC [PSYoungGen: 375871K->1098K(364736K)] 701866K->327173K(1051712K), 0.0045400 secs] [Times: user=0.02 sys=0.00, real=0.01 secs] 
2014-07-08T02:20:59.651+0000: 2100.277: [GC [PSYoungGen: 364682K->1120K(354112K)] 690757K->327521K(1041088K), 0.0075130 secs] [Times: user=0.05 sys=0.00, real=0.01 secs] 
2014-07-08T02:21:00.962+0000: 2101.588: [GC [PSYoungGen: 354080K->1650K(344448K)] 680481K->328099K(1031424K), 0.0048020 secs] [Times: user=0.02 sys=0.00, real=0.00 secs] 
2014-07-08T02:21:02.640+0000: 2103.266: [GC [PSYoungGen: 344433K->694K(333760K)] 670882K->328191K(1020736K), 0.0074170 secs] [Times: user=0.05 sys=0.00, real=0.01 secs] 
2014-07-08T02:21:03.878+0000: 2104.504: [GC [PSYoungGen: 333750K->1366K(325120K)] 661247K->328936K(1012096K), 0.0080160 secs] [Times: user=0.05 sys=0.00, real=0.01 secs] 
2014-07-08T02:21:05.248+0000: 2105.874: [GC [PSYoungGen: 325078K->1098K(315904K)] 652648K->328920K(1002880K), 0.0086060 secs] [Times: user=0.04 sys=0.01, real=0.01 secs] 
2014-07-08T02:21:06.620+0000: 2107.246: [GC [PSYoungGen: 315850K->1000K(307136K)] 643672K->328877K(994112K), 0.0067840 secs] [Times: user=0.03 sys=0.00, real=0.01 secs] 
2014-07-08T02:21:07.395+0000: 2108.021: [GC [PSYoungGen: 307112K->1292K(299200K)] 634989K->329258K(986176K), 0.0060850 secs] [Times: user=0.03 sys=0.00, real=0.00 secs] 
2014-07-08T02:21:08.217+0000: 2108.843: [GC [PSYoungGen: 299140K->1086K(291008K)] 627106K->329140K(977984K), 0.0125770 secs] [Times: user=0.09 sys=0.00, real=0.01 secs] 
2014-07-08T02:21:09.147+0000: 2109.773: [GC [PSYoungGen: 290971K->1284K(283648K)] 619024K->329402K(970624K), 0.0047550 secs] [Times: user=0.03 sys=0.00, real=0.00 secs] 
2014-07-08T02:21:09.826+0000: 2110.452: [GC [PSYoungGen: 283585K->1008K(275968K)] 611703K->329198K(962944K), 0.0053250 secs] [Times: user=0.03 sys=0.00, real=0.00 secs] 
2014-07-08T02:21:10.743+0000: 2111.369: [GC [PSYoungGen: 275952K->800K(268736K)] 604142K->329038K(955712K), 0.0079480 secs] [Times: user=0.05 sys=0.00, real=0.01 secs] 
2014-07-08T02:21:11.472+0000: 2112.098: [GC [PSYoungGen: 268704K->1188K(262336K)] 596942K->329490K(949312K), 0.0058160 secs] [Times: user=0.02 sys=0.00, real=0.01 secs] 
2014-07-08T02:21:12.259+0000: 2112.885: [GC [PSYoungGen: 262307K->1248K(255872K)] 590609K->329614K(942848K), 0.0048910 secs] [Times: user=0.02 sys=0.00, real=0.01 secs] 
2014-07-08T02:21:13.150+0000: 2113.776: [GC [PSYoungGen: 255775K->1113K(249472K)] 584141K->329519K(936448K), 0.0134040 secs] [Times: user=0.06 sys=0.00, real=0.02 secs] 
2014-07-08T02:21:13.965+0000: 2114.590: [GC [PSYoungGen: 249433K->1070K(243328K)] 577839K->329762K(930304K), 0.0047940 secs] [Times: user=0.02 sys=0.00, real=0.00 secs] 
2014-07-08T02:21:14.718+0000: 2115.344: [GC [PSYoungGen: 243211K->1334K(237760K)] 571903K->330066K(924736K), 0.0110630 secs] [Times: user=0.07 sys=0.00, real=0.01 secs] 
2014-07-08T02:21:15.458+0000: 2116.084: [GC [PSYoungGen: 237726K->942K(231744K)] 566458K->329980K(918720K), 0.0052060 secs] [Times: user=0.03 sys=0.00, real=0.00 secs] 
2014-07-08T02:21:16.090+0000: 2116.716: [GC [PSYoungGen: 231717K->1072K(226432K)] 560755K->330198K(913408K), 0.0060480 secs] [Times: user=0.04 sys=0.01, real=0.01 secs] 
2014-07-08T02:21:16.862+0000: 2117.488: [GC [PSYoungGen: 226416K->886K(220992K)] 555542K->330366K(907968K), 0.0069570 secs] [Times: user=0.03 sys=0.00, real=0.01 secs] 
2014-07-08T02:21:17.577+0000: 2118.203: [GC [PSYoungGen: 220982K->1184K(216256K)] 550462K->330760K(903232K), 0.0063460 secs] [Times: user=0.04 sys=0.01, real=0.00 secs] 
2014-07-08T02:21:18.231+0000: 2118.857: [GC [PSYoungGen: 216222K->1117K(259200K)] 545798K->330757K(946176K), 0.0095550 secs] [Times: user=0.06 sys=0.00, real=0.01 secs] 
2014-07-08T02:21:19.139+0000: 2119.765: [GC [PSYoungGen: 259145K->1587K(253248K)] 588785K->331349K(940224K), 0.0061920 secs] [Times: user=0.04 sys=0.00, real=0.01 secs] 
2014-07-08T02:21:19.924+0000: 2120.550: [GC [PSYoungGen: 253235K->498K(245952K)] 582997K->330404K(932928K), 0.0091040 secs] [Times: user=0.06 sys=0.00, real=0.01 secs] 
2014-07-08T02:21:20.740+0000: 2121.366: [GC [PSYoungGen: 245938K->1022K(240512K)] 575844K->331024K(927488K), 0.0036210 secs] [Times: user=0.02 sys=0.00, real=0.00 secs] 
2014-07-08T02:21:21.513+0000: 2122.139: [GC [PSYoungGen: 240510K->758K(234496K)] 570512K->330832K(921472K), 0.0093120 secs] [Times: user=0.05 sys=0.00, real=0.01 secs] 
2014-07-08T02:21:22.195+0000: 2122.821: [GC [PSYoungGen: 234454K->1078K(229312K)] 564528K->331208K(916288K), 0.0081040 secs] [Times: user=0.04 sys=0.00, real=0.01 secs] 
2014-07-08T02:21:22.988+0000: 2123.614: [GC [PSYoungGen: 229302K->1010K(223936K)] 559432K->331204K(910912K), 0.0078330 secs] [Times: user=0.05 sys=0.00, real=0.01 secs] 
2014-07-08T02:21:23.873+0000: 2124.499: [GC [PSYoungGen: 223922K->1262K(268800K)] 554116K->331504K(955776K), 0.0114140 secs] [Times: user=0.07 sys=0.00, real=0.01 secs] 
2014-07-08T02:21:25.373+0000: 2125.999: [GC [PSYoungGen: 268782K->1050K(261824K)] 599024K->331364K(948800K), 0.0078440 secs] [Times: user=0.05 sys=0.00, real=0.01 secs] 
2014-07-08T02:21:25.963+0000: 2126.589: [GC [PSYoungGen: 261786K->1168K(255424K)] 592100K->331570K(942400K), 0.0074430 secs] [Times: user=0.05 sys=0.00, real=0.01 secs] 
2014-07-08T02:21:26.645+0000: 2127.271: [GC [PSYoungGen: 255376K->1056K(306176K)] 585778K->331522K(993152K), 0.0139440 secs] [Times: user=0.08 sys=0.00, real=0.02 secs] 
2014-07-08T02:21:28.099+0000: 2128.725: [GC [PSYoungGen: 306144K->1134K(367296K)] 636610K->331648K(1054272K), 0.0116600 secs] [Times: user=0.07 sys=0.00, real=0.01 secs] 
2014-07-08T02:21:29.805+0000: 2130.431: [GC [PSYoungGen: 367278K->878K(356352K)] 697792K->331728K(1043328K), 0.0059080 secs] [Times: user=0.02 sys=0.00, real=0.01 secs] 
2014-07-08T02:21:31.611+0000: 2132.237: [GC [PSYoungGen: 356332K->1530K(346752K)] 687182K->332606K(1033728K), 0.0101400 secs] [Times: user=0.07 sys=0.00, real=0.01 secs] 
2014-07-08T02:21:33.175+0000: 2133.801: [GC [PSYoungGen: 346746K->696K(336064K)] 677822K->332527K(1023040K), 0.0048910 secs] [Times: user=0.02 sys=0.00, real=0.01 secs] 
2014-07-08T02:21:34.962+0000: 2135.588: [GC [PSYoungGen: 336056K->1252K(327168K)] 667887K->333130K(1014144K), 0.0044930 secs] [Times: user=0.02 sys=0.00, real=0.00 secs] 
2014-07-08T02:21:36.157+0000: 2136.783: [GC [PSYoungGen: 327140K->1018K(317824K)] 659018K->333132K(1004800K), 0.0085040 secs] [Times: user=0.05 sys=0.01, real=0.01 secs] 
2014-07-08T02:21:37.144+0000: 2137.770: [GC [PSYoungGen: 317818K->1418K(309568K)] 649932K->333605K(996544K), 0.0079410 secs] [Times: user=0.04 sys=0.00, real=0.01 secs] 
2014-07-08T02:21:38.131+0000: 2138.757: [GC [PSYoungGen: 309472K->1004K(300736K)] 641658K->333389K(987712K), 0.0041270 secs] [Times: user=0.01 sys=0.00, real=0.00 secs] 
2014-07-08T02:21:38.794+0000: 2139.420: [GC [PSYoungGen: 300716K->1046K(292800K)] 633101K->333519K(979776K), 0.0062570 secs] [Times: user=0.04 sys=0.01, real=0.01 secs] 
2014-07-08T02:21:39.674+0000: 2140.300: [GC [PSYoungGen: 292716K->1315K(285376K)] 625189K->333820K(972352K), 0.0066710 secs] [Times: user=0.02 sys=0.00, real=0.01 secs] 
2014-07-08T02:21:40.435+0000: 2141.061: [GC [PSYoungGen: 285347K->1014K(277632K)] 617852K->333575K(964608K), 0.0039840 secs] [Times: user=0.02 sys=0.00, real=0.01 secs] 
2014-07-08T02:21:41.390+0000: 2142.016: [GC [PSYoungGen: 277622K->1014K(270528K)] 610183K->333663K(957504K), 0.0116710 secs] [Times: user=0.09 sys=0.00, real=0.01 secs] 
2014-07-08T02:21:42.153+0000: 2142.778: [GC [PSYoungGen: 270518K->1653K(264320K)] 603167K->334431K(951296K), 0.0069380 secs] [Times: user=0.02 sys=0.00, real=0.01 secs] 
2014-07-08T02:21:42.755+0000: 2143.381: [GC [PSYoungGen: 264266K->702K(315904K)] 597045K->333905K(1002880K), 0.0112550 secs] [Times: user=0.07 sys=0.00, real=0.01 secs] 
2014-07-08T02:21:43.769+0000: 2144.395: [GC [PSYoungGen: 315902K->1346K(307968K)] 649105K->334597K(994944K), 0.0075130 secs] [Times: user=0.05 sys=0.00, real=0.00 secs] 
2014-07-08T02:21:45.056+0000: 2145.682: [GC [PSYoungGen: 307906K->1180K(299456K)] 641157K->334729K(986432K), 0.0063240 secs] [Times: user=0.02 sys=0.01, real=0.01 secs] 
2014-07-08T02:21:46.163+0000: 2146.789: [GC [PSYoungGen: 299420K->1196K(291520K)] 632969K->334817K(978496K), 0.0057880 secs] [Times: user=0.04 sys=0.00, real=0.01 secs] 
2014-07-08T02:21:47.023+0000: 2147.649: [GC [PSYoungGen: 291500K->960K(283648K)] 625121K->334637K(970624K), 0.0075300 secs] [Times: user=0.05 sys=0.00, real=0.01 secs] 
2014-07-08T02:21:47.725+0000: 2148.351: [GC [PSYoungGen: 283584K->932K(276224K)] 617261K->334665K(963200K), 0.0095610 secs] [Times: user=0.07 sys=0.00, real=0.01 secs] 
2014-07-08T02:21:48.628+0000: 2149.254: [GC [PSYoungGen: 276196K->1329K(331712K)] 609929K->335134K(1018688K), 0.0120360 secs] [Times: user=0.08 sys=0.00, real=0.02 secs] 
2014-07-08T02:21:49.594+0000: 2150.220: [GC [PSYoungGen: 331697K->1042K(322240K)] 665502K->334943K(1009216K), 0.0088900 secs] [Times: user=0.05 sys=0.01, real=0.01 secs] 
2014-07-08T02:21:50.634+0000: 2151.260: [GC [PSYoungGen: 322194K->1046K(313344K)] 656095K->335003K(1000320K), 0.0062430 secs] [Times: user=0.04 sys=0.00, real=0.01 secs] 
2014-07-08T02:21:51.611+0000: 2152.237: [GC [PSYoungGen: 313302K->786K(375552K)] 647259K->334815K(1062528K), 0.0187370 secs] [Times: user=0.10 sys=0.00, real=0.01 secs] 
2014-07-08T02:21:52.825+0000: 2153.450: [GC [PSYoungGen: 375506K->1212K(432000K)] 709535K->335329K(1118976K), 0.0083380 secs] [Times: user=0.05 sys=0.01, real=0.01 secs] 
2014-07-08T02:21:54.885+0000: 2155.511: [GC [PSYoungGen: 431736K->1234K(418368K)] 765853K->335351K(1105344K), 0.0047210 secs] [Times: user=0.02 sys=0.01, real=0.00 secs] 
2014-07-08T02:21:56.628+0000: 2157.254: [GC [PSYoungGen: 418322K->430K(404672K)] 752439K->335824K(1091648K), 0.0094580 secs] [Times: user=0.06 sys=0.00, real=0.01 secs] 
2014-07-08T02:21:57.734+0000: 2158.360: [GC [PSYoungGen: 404654K->1712K(393664K)] 740048K->337162K(1080640K), 0.0092760 secs] [Times: user=0.06 sys=0.01, real=0.01 secs] 
2014-07-08T02:21:58.915+0000: 2159.541: [GC [PSYoungGen: 393648K->964K(381184K)] 729098K->336892K(1068160K), 0.0111430 secs] [Times: user=0.07 sys=0.00, real=0.01 secs] 
2014-07-08T02:22:00.053+0000: 2160.679: [GC [PSYoungGen: 381124K->829K(369664K)] 717052K->336829K(1056640K), 0.0031140 secs] [Times: user=0.02 sys=0.00, real=0.00 secs] 
2014-07-08T02:22:01.157+0000: 2161.783: [GC [PSYoungGen: 369661K->776K(358848K)] 705661K->336856K(1045824K), 0.0057760 secs] [Times: user=0.03 sys=0.00, real=0.01 secs] 
2014-07-08T02:22:02.283+0000: 2162.909: [GC [PSYoungGen: 358787K->1184K(348864K)] 694867K->337345K(1035840K), 0.0066490 secs] [Times: user=0.05 sys=0.00, real=0.00 secs] 
2014-07-08T02:22:03.434+0000: 2164.060: [GC [PSYoungGen: 348832K->1334K(339072K)] 684993K->337542K(1026048K), 0.0048800 secs] [Times: user=0.02 sys=0.00, real=0.00 secs] 
2014-07-08T02:22:04.695+0000: 2165.321: [GC [PSYoungGen: 339062K->1188K(329408K)] 675270K->337452K(1016384K), 0.0043950 secs] [Times: user=0.01 sys=0.00, real=0.00 secs] 
2014-07-08T02:22:06.503+0000: 2167.129: [GC [PSYoungGen: 329356K->1187K(320256K)] 665620K->337558K(1007232K), 0.0056740 secs] [Times: user=0.02 sys=0.00, real=0.00 secs] 
2014-07-08T02:22:08.137+0000: 2168.763: [GC [PSYoungGen: 320227K->1525K(311808K)] 656598K->337967K(998784K), 0.0094310 secs] [Times: user=0.06 sys=0.00, real=0.01 secs] 
2014-07-08T02:22:09.758+0000: 2170.384: [GC [PSYoungGen: 311797K->874K(302720K)] 648239K->337873K(989696K), 0.0070590 secs] [Times: user=0.05 sys=0.01, real=0.01 secs] 
2014-07-08T02:22:10.958+0000: 2171.584: [GC [PSYoungGen: 302691K->1851K(295552K)] 639689K->338955K(982528K), 0.0084710 secs] [Times: user=0.06 sys=0.00, real=0.01 secs] 
2014-07-08T02:22:12.071+0000: 2172.697: [GC [PSYoungGen: 295501K->1006K(286912K)] 632605K->338859K(973888K), 0.0035710 secs] [Times: user=0.02 sys=0.00, real=0.01 secs] 
2014-07-08T02:22:12.883+0000: 2173.509: [GC [PSYoungGen: 286894K->758K(279168K)] 624747K->338682K(966144K), 0.0083380 secs] [Times: user=0.04 sys=0.00, real=0.00 secs] 
2014-07-08T02:22:13.815+0000: 2174.441: [GC [PSYoungGen: 279123K->854K(272128K)] 617048K->338834K(959104K), 0.0116260 secs] [Times: user=0.07 sys=0.01, real=0.01 secs] 
2014-07-08T02:22:14.550+0000: 2175.176: [GC [PSYoungGen: 272086K->836K(265216K)] 610066K->338880K(952192K), 0.0043290 secs] [Times: user=0.02 sys=0.00, real=0.01 secs] 
2014-07-08T02:22:15.200+0000: 2175.826: [GC [PSYoungGen: 265117K->1090K(258816K)] 603161K->339230K(945792K), 0.0070180 secs] [Times: user=0.04 sys=0.00, real=0.01 secs] 
2014-07-08T02:22:16.155+0000: 2176.781: [GC [PSYoungGen: 258754K->1098K(252416K)] 596894K->339295K(939392K), 0.0113680 secs] [Times: user=0.08 sys=0.00, real=0.01 secs] 
2014-07-08T02:22:16.830+0000: 2177.456: [GC [PSYoungGen: 252362K->1276K(246400K)] 590559K->339537K(933376K), 0.0065350 secs] [Times: user=0.04 sys=0.00, real=0.01 secs] 
2014-07-08T02:22:17.488+0000: 2178.113: [GC [PSYoungGen: 246396K->1404K(295552K)] 584657K->339721K(982528K), 0.0098430 secs] [Times: user=0.06 sys=0.00, real=0.01 secs] 
2014-07-08T02:22:18.308+0000: 2178.934: [GC [PSYoungGen: 295535K->1342K(287680K)] 633851K->339714K(974656K), 0.0038850 secs] [Times: user=0.02 sys=0.00, real=0.00 secs] 
2014-07-08T02:22:19.232+0000: 2179.858: [GC [PSYoungGen: 287677K->1022K(279872K)] 626050K->339426K(966848K), 0.0042820 secs] [Times: user=0.02 sys=0.00, real=0.01 secs] 
2014-07-08T02:22:20.341+0000: 2180.967: [GC [PSYoungGen: 279870K->1191K(272832K)] 618274K->339643K(959808K), 0.0097540 secs] [Times: user=0.06 sys=0.00, real=0.01 secs] 
2014-07-08T02:22:21.433+0000: 2182.059: [GC [PSYoungGen: 272807K->1138K(265856K)] 611259K->339662K(952832K), 0.0087830 secs] [Times: user=0.06 sys=0.00, real=0.01 secs] 
2014-07-08T02:22:22.631+0000: 2183.257: [GC [PSYoungGen: 265842K->1170K(259264K)] 604366K->339734K(946240K), 0.0045410 secs] [Times: user=0.02 sys=0.00, real=0.01 secs] 
2014-07-08T02:22:23.834+0000: 2184.460: [GC [PSYoungGen: 259218K->1553K(253248K)] 597782K->340173K(940224K), 0.0163770 secs] [Times: user=0.10 sys=0.01, real=0.02 secs] 
2014-07-08T02:22:24.976+0000: 2185.602: [GC [PSYoungGen: 253123K->690K(246144K)] 591744K->340023K(933120K), 0.0067550 secs] [Times: user=0.03 sys=0.01, real=0.00 secs] 
2014-07-08T02:22:26.566+0000: 2187.192: [GC [PSYoungGen: 246129K->1846K(241344K)] 585462K->341275K(928320K), 0.0126840 secs] [Times: user=0.08 sys=0.00, real=0.01 secs] 
2014-07-08T02:22:27.406+0000: 2188.032: [GC [PSYoungGen: 241292K->1184K(234944K)] 580720K->341612K(921920K), 0.0051840 secs] [Times: user=0.03 sys=0.00, real=0.00 secs] 
2014-07-08T02:22:28.394+0000: 2189.020: [GC [PSYoungGen: 234853K->1570K(229824K)] 575281K->342109K(916800K), 0.0061970 secs] [Times: user=0.03 sys=0.00, real=0.01 secs] 
2014-07-08T02:22:29.032+0000: 2189.658: [GC [PSYoungGen: 229794K->1194K(224128K)] 570333K->341921K(911104K), 0.0059650 secs] [Times: user=0.04 sys=0.00, real=0.01 secs] 
2014-07-08T02:22:29.652+0000: 2190.278: [GC [PSYoungGen: 224106K->1568K(219392K)] 564833K->342336K(906368K), 0.0063170 secs] [Times: user=0.02 sys=0.00, real=0.01 secs] 
2014-07-08T02:22:30.133+0000: 2190.759: [GC [PSYoungGen: 219360K->1100K(262528K)] 560128K->341931K(949504K), 0.0078180 secs] [Times: user=0.05 sys=0.00, real=0.01 secs] 
2014-07-08T02:22:30.880+0000: 2191.506: [GC [PSYoungGen: 262449K->1260K(256128K)] 603281K->342179K(943104K), 0.0072010 secs] [Times: user=0.05 sys=0.00, real=0.01 secs] 
2014-07-08T02:22:31.513+0000: 2192.139: [GC [PSYoungGen: 256107K->1056K(306944K)] 597027K->342047K(993920K), 0.0070360 secs] [Times: user=0.04 sys=0.01, real=0.01 secs] 
2014-07-08T02:22:32.339+0000: 2192.965: [GC [PSYoungGen: 306898K->982K(298624K)] 647889K->342037K(985600K), 0.0083590 secs] [Times: user=0.05 sys=0.00, real=0.01 secs] 
2014-07-08T02:22:33.254+0000: 2193.880: [GC [PSYoungGen: 298582K->1146K(290816K)] 639637K->342265K(977792K), 0.0091250 secs] [Times: user=0.06 sys=0.00, real=0.01 secs] 
2014-07-08T02:22:34.137+0000: 2194.763: [GC [PSYoungGen: 290810K->1212K(283264K)] 631929K->342436K(970240K), 0.0050400 secs] [Times: user=0.03 sys=0.00, real=0.00 secs] 
2014-07-08T02:22:35.018+0000: 2195.644: [GC [PSYoungGen: 283260K->908K(275648K)] 624484K->342179K(962624K), 0.0082140 secs] [Times: user=0.05 sys=0.00, real=0.00 secs] 
2014-07-08T02:22:35.797+0000: 2196.423: [GC [PSYoungGen: 275596K->1078K(330752K)] 616867K->342421K(1017728K), 0.0127450 secs] [Times: user=0.10 sys=0.00, real=0.02 secs] 
2014-07-08T02:22:36.840+0000: 2197.465: [GC [PSYoungGen: 330742K->1390K(321856K)] 672085K->342814K(1008832K), 0.0046150 secs] [Times: user=0.02 sys=0.00, real=0.00 secs] 
2014-07-08T02:22:37.853+0000: 2198.479: [GC [PSYoungGen: 321838K->1199K(312832K)] 663262K->342702K(999808K), 0.0052620 secs] [Times: user=0.03 sys=0.01, real=0.01 secs] 
2014-07-08T02:22:38.757+0000: 2199.383: [GC [PSYoungGen: 312815K->836K(304000K)] 654318K->342419K(990976K), 0.0042750 secs] [Times: user=0.02 sys=0.00, real=0.00 secs] 
2014-07-08T02:22:39.717+0000: 2200.342: [GC [PSYoungGen: 303893K->1441K(296448K)] 645477K->343128K(983424K), 0.0058290 secs] [Times: user=0.04 sys=0.00, real=0.01 secs] 
2014-07-08T02:22:40.692+0000: 2201.318: [GC [PSYoungGen: 296388K->1042K(288256K)] 638075K->342777K(975232K), 0.0043770 secs] [Times: user=0.03 sys=0.00, real=0.00 secs] 
2014-07-08T02:22:41.646+0000: 2202.272: [GC [PSYoungGen: 288210K->544K(280192K)] 629945K->342327K(967168K), 0.0045950 secs] [Times: user=0.02 sys=0.01, real=0.01 secs] 
2014-07-08T02:22:42.629+0000: 2203.255: [GC [PSYoungGen: 280158K->1216K(273664K)] 621942K->343071K(960640K), 0.0068840 secs] [Times: user=0.03 sys=0.00, real=0.00 secs] 
2014-07-08T02:22:43.436+0000: 2204.062: [GC [PSYoungGen: 273600K->704K(266112K)] 615455K->342647K(953088K), 0.0064090 secs] [Times: user=0.04 sys=0.01, real=0.01 secs] 
2014-07-08T02:22:44.307+0000: 2204.932: [GC [PSYoungGen: 266099K->1127K(259840K)] 608042K->343118K(946816K), 0.0128620 secs] [Times: user=0.07 sys=0.00, real=0.02 secs] 
2014-07-08T02:22:45.174+0000: 2205.800: [GC [PSYoungGen: 259783K->1238K(253504K)] 601775K->343293K(940480K), 0.0101530 secs] [Times: user=0.05 sys=0.00, real=0.01 secs] 
2014-07-08T02:22:45.896+0000: 2206.522: [GC [PSYoungGen: 253462K->708K(246784K)] 595517K->342787K(933760K), 0.0057390 secs] [Times: user=0.01 sys=0.00, real=0.01 secs] 
2014-07-08T02:22:47.166+0000: 2207.792: [GC [PSYoungGen: 246724K->950K(241024K)] 588803K->343109K(928000K), 0.0086980 secs] [Times: user=0.06 sys=0.00, real=0.01 secs] 
2014-07-08T02:22:48.236+0000: 2208.862: [GC [PSYoungGen: 241014K->1508K(235840K)] 583173K->343739K(922816K), 0.0086810 secs] [Times: user=0.05 sys=0.00, real=0.01 secs] 
2014-07-08T02:22:49.657+0000: 2210.283: [GC [PSYoungGen: 235812K->1216K(230016K)] 578043K->343495K(916992K), 0.0121970 secs] [Times: user=0.08 sys=0.00, real=0.02 secs] 
2014-07-08T02:22:50.465+0000: 2211.091: [GC [PSYoungGen: 229936K->928K(224320K)] 572215K->343722K(911296K), 0.0086620 secs] [Times: user=0.06 sys=0.00, real=0.01 secs] 
2014-07-08T02:22:51.030+0000: 2211.656: [GC [PSYoungGen: 224288K->926K(219136K)] 567082K->343810K(906112K), 0.0050230 secs] [Times: user=0.03 sys=0.00, real=0.00 secs] 
2014-07-08T02:22:51.818+0000: 2212.443: [GC [PSYoungGen: 219044K->1310K(214528K)] 561928K->344366K(901504K), 0.0084870 secs] [Times: user=0.06 sys=0.00, real=0.01 secs] 
2014-07-08T02:22:52.368+0000: 2212.994: [GC [PSYoungGen: 214494K->1046K(209472K)] 557550K->344174K(896448K), 0.0039670 secs] [Times: user=0.02 sys=0.00, real=0.01 secs] 
2014-07-08T02:22:53.101+0000: 2213.727: [GC [PSYoungGen: 209430K->1170K(251328K)] 552558K->344354K(938304K), 0.0132860 secs] [Times: user=0.07 sys=0.00, real=0.01 secs] 
2014-07-08T02:22:53.833+0000: 2214.459: [GC [PSYoungGen: 251248K->1084K(301248K)] 594432K->344340K(988224K), 0.0082380 secs] [Times: user=0.05 sys=0.00, real=0.01 secs] 
2014-07-08T02:22:54.699+0000: 2215.324: [GC [PSYoungGen: 301244K->1022K(293120K)] 644500K->344342K(980096K), 0.0063890 secs] [Times: user=0.04 sys=0.00, real=0.01 secs] 
2014-07-08T02:22:55.442+0000: 2216.068: [GC [PSYoungGen: 293118K->1020K(285376K)] 636438K->344388K(972352K), 0.0071150 secs] [Times: user=0.05 sys=0.00, real=0.00 secs] 
2014-07-08T02:22:56.349+0000: 2216.975: [GC [PSYoungGen: 285355K->676K(277632K)] 628723K->344092K(964608K), 0.0069520 secs] [Times: user=0.04 sys=0.00, real=0.01 secs] 
2014-07-08T02:22:57.494+0000: 2218.120: [GC [PSYoungGen: 277604K->1324K(271104K)] 621020K->344804K(958080K), 0.0085380 secs] [Times: user=0.05 sys=0.01, real=0.01 secs] 
2014-07-08T02:22:58.256+0000: 2218.882: [GC [PSYoungGen: 271084K->1334K(264256K)] 614564K->344942K(951232K), 0.0083730 secs] [Times: user=0.06 sys=0.00, real=0.01 secs] 
2014-07-08T02:22:59.011+0000: 2219.637: [GC [PSYoungGen: 264246K->1218K(257600K)] 607854K->344898K(944576K), 0.0083850 secs] [Times: user=0.05 sys=0.00, real=0.00 secs] 
2014-07-08T02:22:59.946+0000: 2220.572: [GC [PSYoungGen: 257495K->992K(251008K)] 601175K->344921K(937984K), 0.0092400 secs] [Times: user=0.06 sys=0.01, real=0.01 secs] 
2014-07-08T02:23:01.249+0000: 2221.875: [GC [PSYoungGen: 250976K->1497K(245376K)] 594905K->345483K(932352K), 0.0117270 secs] [Times: user=0.06 sys=0.01, real=0.02 secs] 
2014-07-08T02:23:02.000+0000: 2222.626: [GC [PSYoungGen: 245337K->956K(238912K)] 589323K->345225K(925888K), 0.0035550 secs] [Times: user=0.02 sys=0.00, real=0.01 secs] 
2014-07-08T02:23:02.694+0000: 2223.320: [GC [PSYoungGen: 238908K->1378K(233664K)] 583177K->345703K(920640K), 0.0037090 secs] [Times: user=0.02 sys=0.00, real=0.00 secs] 
2014-07-08T02:23:03.401+0000: 2224.027: [GC [PSYoungGen: 233603K->886K(227648K)] 577928K->345290K(914624K), 0.0068800 secs] [Times: user=0.04 sys=0.01, real=0.00 secs] 
2014-07-08T02:23:04.053+0000: 2224.679: [GC [PSYoungGen: 227638K->1130K(222656K)] 572042K->345607K(909632K), 0.0067130 secs] [Times: user=0.04 sys=0.00, real=0.00 secs] 
2014-07-08T02:23:04.856+0000: 2225.482: [GC [PSYoungGen: 222634K->876K(266752K)] 567111K->345400K(953728K), 0.0198160 secs] [Times: user=0.13 sys=0.01, real=0.02 secs] 
2014-07-08T02:23:05.629+0000: 2226.255: [GC [PSYoungGen: 266725K->708K(319808K)] 611249K->345296K(1006784K), 0.0066430 secs] [Times: user=0.04 sys=0.00, real=0.01 secs] 
2014-07-08T02:23:06.938+0000: 2227.564: [GC [PSYoungGen: 319748K->836K(377856K)] 664336K->345488K(1064832K), 0.0104230 secs] [Times: user=0.06 sys=0.00, real=0.01 secs] 
2014-07-08T02:23:08.508+0000: 2229.134: [GC [PSYoungGen: 376964K->1468K(366464K)] 721616K->346209K(1053440K), 0.0081800 secs] [Times: user=0.05 sys=0.00, real=0.01 secs] 
2014-07-08T02:23:09.770+0000: 2230.396: [GC [PSYoungGen: 366460K->320K(354624K)] 711201K->345713K(1041600K), 0.0084920 secs] [Times: user=0.06 sys=0.00, real=0.01 secs] 
2014-07-08T02:23:10.754+0000: 2231.380: [GC [PSYoungGen: 354624K->1765K(345856K)] 700017K->347262K(1032832K), 0.0067900 secs] [Times: user=0.04 sys=0.00, real=0.00 secs] 
2014-07-08T02:23:11.849+0000: 2232.475: [GC [PSYoungGen: 345751K->1376K(335680K)] 691248K->347377K(1022656K), 0.0064290 secs] [Times: user=0.04 sys=0.01, real=0.01 secs] 
2014-07-08T02:23:12.846+0000: 2233.472: [GC [PSYoungGen: 335648K->626K(325504K)] 681649K->346699K(1012480K), 0.0072690 secs] [Times: user=0.05 sys=0.00, real=0.01 secs] 
2014-07-08T02:23:13.875+0000: 2234.501: [GC [PSYoungGen: 325490K->864K(316736K)] 671563K->347001K(1003712K), 0.0078590 secs] [Times: user=0.05 sys=0.00, real=0.00 secs] 
2014-07-08T02:23:15.083+0000: 2235.709: [GC [PSYoungGen: 316704K->1358K(308608K)] 662841K->347599K(995584K), 0.0081870 secs] [Times: user=0.05 sys=0.00, real=0.00 secs] 
2014-07-08T02:23:16.697+0000: 2237.323: [GC [PSYoungGen: 308558K->1206K(300096K)] 654799K->347503K(987072K), 0.0101800 secs] [Times: user=0.05 sys=0.00, real=0.01 secs] 
2014-07-08T02:23:18.062+0000: 2238.688: [GC [PSYoungGen: 300086K->1224K(292160K)] 646383K->347585K(979136K), 0.0121320 secs] [Times: user=0.07 sys=0.01, real=0.02 secs] 
2014-07-08T02:23:19.788+0000: 2240.414: [GC [PSYoungGen: 292104K->1380K(284608K)] 638465K->347813K(971584K), 0.0092560 secs] [Times: user=0.06 sys=0.00, real=0.01 secs] 
2014-07-08T02:23:21.209+0000: 2241.835: [GC [PSYoungGen: 284580K->1202K(277056K)] 631013K->347715K(964032K), 0.0067640 secs] [Times: user=0.04 sys=0.00, real=0.01 secs] 
2014-07-08T02:23:22.358+0000: 2242.984: [GC [PSYoungGen: 277042K->1255K(270016K)] 623555K->347934K(956992K), 0.0069080 secs] [Times: user=0.05 sys=0.00, real=0.01 secs] 
2014-07-08T02:23:23.262+0000: 2243.888: [GC [PSYoungGen: 269965K->1082K(262976K)] 616644K->347816K(949952K), 0.0067500 secs] [Times: user=0.04 sys=0.00, real=0.01 secs] 
2014-07-08T02:23:24.012+0000: 2244.638: [GC [PSYoungGen: 262970K->880K(256192K)] 609704K->347720K(943168K), 0.0057820 secs] [Times: user=0.04 sys=0.00, real=0.01 secs] 
2014-07-08T02:23:24.734+0000: 2245.360: [GC [PSYoungGen: 256176K->1132K(250112K)] 603016K->348044K(937088K), 0.0078350 secs] [Times: user=0.06 sys=0.01, real=0.00 secs] 
2014-07-08T02:23:25.419+0000: 2246.045: [GC [PSYoungGen: 250092K->846K(243776K)] 597004K->347790K(930752K), 0.0064370 secs] [Times: user=0.02 sys=0.00, real=0.01 secs] 
2014-07-08T02:23:26.145+0000: 2246.771: [GC [PSYoungGen: 243726K->1326K(238336K)] 590670K->348319K(925312K), 0.0111150 secs] [Times: user=0.06 sys=0.00, real=0.01 secs] 
2014-07-08T02:23:26.906+0000: 2247.532: [GC [PSYoungGen: 238309K->1360K(285824K)] 585301K->348417K(972800K), 0.0126590 secs] [Times: user=0.08 sys=0.00, real=0.01 secs] 
2014-07-08T02:23:27.766+0000: 2248.392: [GC [PSYoungGen: 285776K->1273K(342592K)] 632833K->348401K(1029568K), 0.0107850 secs] [Times: user=0.06 sys=0.00, real=0.01 secs] 
2014-07-08T02:23:28.767+0000: 2249.393: [GC [PSYoungGen: 342582K->954K(363968K)] 689710K->348326K(1050944K), 0.0077050 secs] [Times: user=0.05 sys=0.00, real=0.00 secs] 
2014-07-08T02:23:29.747+0000: 2250.372: [GC [PSYoungGen: 363962K->1086K(353536K)] 711334K->348498K(1040512K), 0.0039910 secs] [Times: user=0.02 sys=0.00, real=0.00 secs] 
2014-07-08T02:23:30.744+0000: 2251.370: [GC [PSYoungGen: 353534K->672K(342976K)] 700946K->348657K(1029952K), 0.0081020 secs] [Times: user=0.05 sys=0.00, real=0.01 secs] 
2014-07-08T02:23:31.800+0000: 2252.426: [GC [PSYoungGen: 342944K->1328K(333888K)] 690929K->349345K(1020864K), 0.0049920 secs] [Times: user=0.02 sys=0.00, real=0.01 secs] 
2014-07-08T02:23:32.777+0000: 2253.403: [GC [PSYoungGen: 333868K->1160K(324416K)] 681885K->349591K(1011392K), 0.0045860 secs] [Times: user=0.02 sys=0.00, real=0.00 secs] 
2014-07-08T02:23:33.810+0000: 2254.436: [GC [PSYoungGen: 324352K->943K(315200K)] 672783K->349438K(1002176K), 0.0065080 secs] [Times: user=0.04 sys=0.00, real=0.01 secs] 
2014-07-08T02:23:34.786+0000: 2255.412: [GC [PSYoungGen: 315164K->1114K(306816K)] 663659K->349689K(993792K), 0.0052200 secs] [Times: user=0.03 sys=0.00, real=0.01 secs] 
2014-07-08T02:23:35.796+0000: 2256.422: [GC [PSYoungGen: 306765K->1054K(298496K)] 655339K->349685K(985472K), 0.0111400 secs] [Times: user=0.07 sys=0.00, real=0.02 secs] 
2014-07-08T02:23:36.871+0000: 2257.497: [GC [PSYoungGen: 298462K->818K(290304K)] 647093K->349504K(977280K), 0.0096030 secs] [Times: user=0.06 sys=0.01, real=0.01 secs] 
2014-07-08T02:23:37.939+0000: 2258.565: [GC [PSYoungGen: 290290K->1287K(283200K)] 638976K->350061K(970176K), 0.0069680 secs] [Times: user=0.04 sys=0.01, real=0.01 secs] 
2014-07-08T02:23:39.380+0000: 2260.006: [GC [PSYoungGen: 283143K->1074K(275584K)] 631917K->349960K(962560K), 0.0044110 secs] [Times: user=0.02 sys=0.01, real=0.00 secs] 
2014-07-08T02:23:40.776+0000: 2261.402: [GC [PSYoungGen: 275570K->1408K(268928K)] 624456K->350367K(955904K), 0.0038490 secs] [Times: user=0.02 sys=0.00, real=0.01 secs] 
2014-07-08T02:23:42.317+0000: 2262.943: [GC [PSYoungGen: 268863K->690K(261376K)] 617822K->350141K(948352K), 0.0128200 secs] [Times: user=0.07 sys=0.00, real=0.01 secs] 
2014-07-08T02:23:43.464+0000: 2264.090: [GC [PSYoungGen: 261342K->1306K(255488K)] 610793K->350821K(942464K), 0.0089540 secs] [Times: user=0.06 sys=0.00, real=0.01 secs] 
2014-07-08T02:23:44.322+0000: 2264.948: [GC [PSYoungGen: 255408K->1184K(249088K)] 604923K->351211K(936064K), 0.0037680 secs] [Times: user=0.01 sys=0.00, real=0.00 secs] 
2014-07-08T02:23:45.319+0000: 2265.945: [GC [PSYoungGen: 249056K->1100K(243008K)] 599083K->351215K(929984K), 0.0041130 secs] [Times: user=0.02 sys=0.01, real=0.00 secs] 
2014-07-08T02:23:46.292+0000: 2266.918: [GC [PSYoungGen: 242956K->1256K(237312K)] 593071K->351631K(924288K), 0.0052640 secs] [Times: user=0.04 sys=0.00, real=0.01 secs] 
2014-07-08T02:23:47.014+0000: 2267.640: [GC [PSYoungGen: 237288K->1220K(231680K)] 587663K->351659K(918656K), 0.0153090 secs] [Times: user=0.09 sys=0.00, real=0.02 secs] 
2014-07-08T02:23:47.728+0000: 2268.354: [GC [PSYoungGen: 231620K->1070K(226112K)] 582059K->351745K(913088K), 0.0079690 secs] [Times: user=0.04 sys=0.00, real=0.01 secs] 
2014-07-08T02:23:48.348+0000: 2268.974: [GC [PSYoungGen: 226057K->1166K(271296K)] 576732K->351905K(958272K), 0.0128480 secs] [Times: user=0.05 sys=0.00, real=0.02 secs] 
2014-07-08T02:23:49.304+0000: 2269.930: [GC [PSYoungGen: 271246K->868K(324992K)] 621985K->351695K(1011968K), 0.0084960 secs] [Times: user=0.05 sys=0.00, real=0.01 secs] 
2014-07-08T02:23:50.282+0000: 2270.908: [GC [PSYoungGen: 324961K->1196K(316288K)] 675788K->352087K(1003264K), 0.0041000 secs] [Times: user=0.02 sys=0.00, real=0.00 secs] 
2014-07-08T02:23:51.193+0000: 2271.818: [GC [PSYoungGen: 316268K->826K(307264K)] 667159K->351773K(994240K), 0.0042270 secs] [Times: user=0.02 sys=0.00, real=0.00 secs] 
2014-07-08T02:23:52.033+0000: 2272.659: [GC [PSYoungGen: 307258K->1126K(299264K)] 658205K->352129K(986240K), 0.0038260 secs] [Times: user=0.02 sys=0.00, real=0.00 secs] 
2014-07-08T02:23:52.761+0000: 2273.387: [GC [PSYoungGen: 299238K->858K(291072K)] 650241K->351909K(978048K), 0.0051190 secs] [Times: user=0.02 sys=0.00, real=0.00 secs] 
2014-07-08T02:23:53.522+0000: 2274.148: [GC [PSYoungGen: 291032K->1284K(283840K)] 642083K->352383K(970816K), 0.0041250 secs] [Times: user=0.02 sys=0.00, real=0.00 secs] 
2014-07-08T02:23:54.423+0000: 2275.049: [GC [PSYoungGen: 283759K->964K(276160K)] 634859K->352151K(963136K), 0.0031770 secs] [Times: user=0.02 sys=0.00, real=0.00 secs] 
2014-07-08T02:23:55.251+0000: 2275.877: [GC [PSYoungGen: 276100K->644K(268800K)] 627287K->351895K(955776K), 0.0037090 secs] [Times: user=0.02 sys=0.00, real=0.00 secs] 
2014-07-08T02:23:56.157+0000: 2276.783: [GC [PSYoungGen: 268740K->1354K(262720K)] 619991K->352710K(949696K), 0.0049060 secs] [Times: user=0.03 sys=0.00, real=0.01 secs] 
2014-07-08T02:23:56.978+0000: 2277.604: [GC [PSYoungGen: 262630K->1148K(255936K)] 613985K->352575K(942912K), 0.0107920 secs] [Times: user=0.07 sys=0.00, real=0.01 secs] 
2014-07-08T02:23:57.744+0000: 2278.370: [GC [PSYoungGen: 255932K->946K(249472K)] 607359K->352702K(936448K), 0.0049750 secs] [Times: user=0.03 sys=0.00, real=0.00 secs] 
2014-07-08T02:23:58.520+0000: 2279.146: [GC [PSYoungGen: 249444K->1110K(243584K)] 601201K->352938K(930560K), 0.0088980 secs] [Times: user=0.06 sys=0.00, real=0.01 secs] 
2014-07-08T02:23:59.422+0000: 2280.048: [GC [PSYoungGen: 243531K->958K(237568K)] 595359K->352950K(924544K), 0.0042770 secs] [Times: user=0.02 sys=0.00, real=0.00 secs] 
2014-07-08T02:24:00.281+0000: 2280.907: [GC [PSYoungGen: 237528K->1590K(232576K)] 589520K->353678K(919552K), 0.0116200 secs] [Times: user=0.07 sys=0.00, real=0.01 secs] 
2014-07-08T02:24:01.329+0000: 2281.955: [GC [PSYoungGen: 232566K->680K(226240K)] 584654K->352912K(913216K), 0.0082720 secs] [Times: user=0.05 sys=0.00, real=0.01 secs] 
2014-07-08T02:24:02.456+0000: 2283.082: [GC [PSYoungGen: 226216K->1344K(221696K)] 578448K->353648K(908672K), 0.0068920 secs] [Times: user=0.04 sys=0.00, real=0.01 secs] 
2014-07-08T02:24:03.447+0000: 2284.073: [GC [PSYoungGen: 221632K->1526K(216768K)] 573936K->354043K(903744K), 0.0037920 secs] [Times: user=0.02 sys=0.00, real=0.01 secs] 
2014-07-08T02:24:04.426+0000: 2285.052: [GC [PSYoungGen: 216758K->1328K(211712K)] 569275K->353932K(898688K), 0.0080170 secs] [Times: user=0.05 sys=0.00, real=0.01 secs] 
2014-07-08T02:24:04.981+0000: 2285.607: [GC [PSYoungGen: 211696K->1140K(206848K)] 564300K->353848K(893824K), 0.0063410 secs] [Times: user=0.05 sys=0.00, real=0.00 secs] 
2014-07-08T02:24:05.567+0000: 2286.193: [GC [PSYoungGen: 206836K->1008K(202176K)] 559544K->353780K(889152K), 0.0037550 secs] [Times: user=0.02 sys=0.00, real=0.01 secs] 
2014-07-08T02:24:06.119+0000: 2286.745: [GC [PSYoungGen: 202119K->1042K(197888K)] 554892K->353862K(884864K), 0.0045510 secs] [Times: user=0.02 sys=0.00, real=0.01 secs] 
2014-07-08T02:24:06.835+0000: 2287.460: [GC [PSYoungGen: 197822K->914K(193536K)] 550642K->353790K(880512K), 0.0115550 secs] [Times: user=0.06 sys=0.00, real=0.01 secs] 
2014-07-08T02:24:07.328+0000: 2287.954: [GC [PSYoungGen: 193490K->1561K(232704K)] 546366K->354525K(919680K), 0.0087160 secs] [Times: user=0.05 sys=0.00, real=0.01 secs] 
2014-07-08T02:24:07.916+0000: 2288.542: [GC [PSYoungGen: 232665K->836K(278272K)] 585629K->353856K(965248K), 0.0125180 secs] [Times: user=0.08 sys=0.00, real=0.01 secs] 
2014-07-08T02:24:08.789+0000: 2289.415: [GC [PSYoungGen: 278210K->644K(333568K)] 631230K->353720K(1020544K), 0.0076760 secs] [Times: user=0.05 sys=0.00, real=0.01 secs] 
2014-07-08T02:24:09.781+0000: 2290.407: [GC [PSYoungGen: 333466K->962K(338304K)] 686542K->354102K(1025280K), 0.0063030 secs] [Times: user=0.04 sys=0.00, real=0.00 secs] 
2014-07-08T02:24:10.975+0000: 2291.601: [GC [PSYoungGen: 337346K->908K(327872K)] 690486K->354104K(1014848K), 0.0074150 secs] [Times: user=0.05 sys=0.00, real=0.01 secs] 
2014-07-08T02:24:11.993+0000: 2292.619: [GC [PSYoungGen: 327820K->932K(318784K)] 681016K->354208K(1005760K), 0.0038850 secs] [Times: user=0.02 sys=0.01, real=0.00 secs] 
2014-07-08T02:24:12.913+0000: 2293.539: [GC [PSYoungGen: 318756K->826K(309888K)] 672032K->354174K(996864K), 0.0085900 secs] [Times: user=0.06 sys=0.00, real=0.00 secs] 
2014-07-08T02:24:13.943+0000: 2294.569: [GC [PSYoungGen: 309882K->1148K(301824K)] 663230K->354553K(988800K), 0.0071220 secs] [Times: user=0.02 sys=0.00, real=0.00 secs] 
2014-07-08T02:24:14.862+0000: 2295.488: [GC [PSYoungGen: 301819K->882K(293504K)] 655223K->354366K(980480K), 0.0040610 secs] [Times: user=0.02 sys=0.00, real=0.00 secs] 
2014-07-08T02:24:15.843+0000: 2296.469: [GC [PSYoungGen: 293490K->844K(285760K)] 646974K->354376K(972736K), 0.0083480 secs] [Times: user=0.05 sys=0.01, real=0.00 secs] 
2014-07-08T02:24:17.264+0000: 2297.890: [GC [PSYoungGen: 285708K->1128K(278592K)] 639240K->354724K(965568K), 0.0088390 secs] [Times: user=0.05 sys=0.00, real=0.01 secs] 
2014-07-08T02:24:18.589+0000: 2299.215: [GC [PSYoungGen: 278568K->1482K(271808K)] 632164K->355167K(958784K), 0.0050450 secs] [Times: user=0.02 sys=0.00, real=0.01 secs] 
2014-07-08T02:24:20.262+0000: 2300.888: [GC [PSYoungGen: 271754K->548K(263936K)] 625439K->354714K(950912K), 0.0064190 secs] [Times: user=0.04 sys=0.00, real=0.01 secs] 
2014-07-08T02:24:21.687+0000: 2302.313: [GC [PSYoungGen: 263908K->1648K(258432K)] 618074K->355894K(945408K), 0.0068030 secs] [Times: user=0.04 sys=0.00, real=0.01 secs] 
2014-07-08T02:24:22.753+0000: 2303.379: [GC [PSYoungGen: 258416K->1148K(251520K)] 612662K->355877K(938496K), 0.0071650 secs] [Times: user=0.04 sys=0.00, real=0.01 secs] 
2014-07-08T02:24:24.175+0000: 2304.801: [GC [PSYoungGen: 251516K->1422K(245696K)] 606245K->356207K(932672K), 0.0054640 secs] [Times: user=0.02 sys=0.00, real=0.00 secs] 
2014-07-08T02:24:25.163+0000: 2305.789: [GC [PSYoungGen: 245646K->1252K(239616K)] 600431K->356142K(926592K), 0.0079220 secs] [Times: user=0.05 sys=0.00, real=0.01 secs] 
2014-07-08T02:24:26.009+0000: 2306.635: [GC [PSYoungGen: 239588K->1358K(234048K)] 594478K->356305K(921024K), 0.0097470 secs] [Times: user=0.05 sys=0.01, real=0.01 secs] 
2014-07-08T02:24:26.736+0000: 2307.361: [GC [PSYoungGen: 233998K->1178K(228352K)] 588945K->356213K(915328K), 0.0075340 secs] [Times: user=0.05 sys=0.00, real=0.00 secs] 
2014-07-08T02:24:27.336+0000: 2307.961: [GC [PSYoungGen: 228314K->1152K(273792K)] 583349K->356234K(960768K), 0.0163980 secs] [Times: user=0.10 sys=0.00, real=0.01 secs] 
2014-07-08T02:24:28.061+0000: 2308.686: [GC [PSYoungGen: 273728K->1143K(328256K)] 628810K->356265K(1015232K), 0.0098730 secs] [Times: user=0.06 sys=0.00, real=0.01 secs] 
2014-07-08T02:24:29.425+0000: 2310.051: [GC [PSYoungGen: 328247K->1144K(390720K)] 683369K->356291K(1077696K), 0.0054140 secs] [Times: user=0.02 sys=0.00, real=0.00 secs] 
2014-07-08T02:24:30.309+0000: 2310.935: [GC [PSYoungGen: 390136K->882K(394304K)] 745283K->356132K(1081280K), 0.0078360 secs] [Times: user=0.04 sys=0.00, real=0.01 secs] 
2014-07-08T02:24:31.570+0000: 2312.196: [GC [PSYoungGen: 393444K->1090K(381888K)] 748695K->356420K(1068864K), 0.0068470 secs] [Times: user=0.04 sys=0.00, real=0.01 secs] 
2014-07-08T02:24:32.745+0000: 2313.370: [GC [PSYoungGen: 381826K->636K(370048K)] 737156K->356192K(1057024K), 0.0085630 secs] [Times: user=0.05 sys=0.00, real=0.01 secs] 
2014-07-08T02:24:33.814+0000: 2314.440: [GC [PSYoungGen: 370044K->1544K(360192K)] 725600K->357165K(1047168K), 0.0102610 secs] [Times: user=0.07 sys=0.00, real=0.01 secs] 
2014-07-08T02:24:34.934+0000: 2315.560: [GC [PSYoungGen: 360136K->1135K(349376K)] 715757K->357018K(1036352K), 0.0037970 secs] [Times: user=0.03 sys=0.00, real=0.01 secs] 
2014-07-08T02:24:35.944+0000: 2316.570: [GC [PSYoungGen: 349359K->1043K(339328K)] 705241K->356997K(1026304K), 0.0073830 secs] [Times: user=0.06 sys=0.00, real=0.01 secs] 
2014-07-08T02:24:37.130+0000: 2317.756: [GC [PSYoungGen: 339283K->1390K(330112K)] 695237K->357393K(1017088K), 0.0090450 secs] [Times: user=0.05 sys=0.00, real=0.01 secs] 
2014-07-08T02:24:38.194+0000: 2318.820: [GC [PSYoungGen: 330094K->1376K(320960K)] 686097K->357459K(1007936K), 0.0062470 secs] [Times: user=0.03 sys=0.00, real=0.01 secs] 
2014-07-08T02:24:39.164+0000: 2319.790: [GC [PSYoungGen: 320887K->804K(311552K)] 676969K->357105K(998528K), 0.0110360 secs] [Times: user=0.07 sys=0.00, real=0.02 secs] 
2014-07-08T02:24:40.323+0000: 2320.949: [GC [PSYoungGen: 311524K->1548K(303872K)] 667825K->357897K(990848K), 0.0139090 secs] [Times: user=0.08 sys=0.00, real=0.02 secs] 
2014-07-08T02:24:41.821+0000: 2322.447: [GC [PSYoungGen: 303820K->1064K(295232K)] 660169K->357677K(982208K), 0.0078690 secs] [Times: user=0.05 sys=0.00, real=0.01 secs] 
2014-07-08T02:24:43.121+0000: 2323.747: [GC [PSYoungGen: 295156K->1423K(287808K)] 651769K->358092K(974784K), 0.0101030 secs] [Times: user=0.05 sys=0.01, real=0.01 secs] 
2014-07-08T02:24:43.889+0000: 2324.515: [GC [PSYoungGen: 287759K->776K(279680K)] 644428K->357501K(966656K), 0.0088480 secs] [Times: user=0.05 sys=0.00, real=0.01 secs] 
2014-07-08T02:24:44.681+0000: 2325.307: [GC [PSYoungGen: 279624K->1305K(272960K)] 636349K->358078K(959936K), 0.0064630 secs] [Times: user=0.03 sys=0.00, real=0.01 secs] 
2014-07-08T02:24:45.380+0000: 2326.006: [GC [PSYoungGen: 272921K->1188K(265920K)] 629694K->358025K(952896K), 0.0066770 secs] [Times: user=0.03 sys=0.00, real=0.01 secs] 
2014-07-08T02:24:46.159+0000: 2326.785: [GC [PSYoungGen: 265876K->1046K(318784K)] 622713K->357947K(1005760K), 0.0126470 secs] [Times: user=0.06 sys=0.00, real=0.01 secs] 
2014-07-08T02:24:47.224+0000: 2327.850: [GC [PSYoungGen: 318695K->1222K(310208K)] 675596K->358195K(997184K), 0.0074900 secs] [Times: user=0.04 sys=0.00, real=0.01 secs] 
2014-07-08T02:24:48.385+0000: 2329.011: [GC [PSYoungGen: 310150K->1618K(302208K)] 667123K->358631K(989184K), 0.0062070 secs] [Times: user=0.02 sys=0.00, real=0.01 secs] 
2014-07-08T02:24:49.656+0000: 2330.282: [GC [PSYoungGen: 302162K->548K(293056K)] 659175K->357955K(980032K), 0.0098390 secs] [Times: user=0.05 sys=0.00, real=0.01 secs] 
2014-07-08T02:24:50.621+0000: 2331.247: [GC [PSYoungGen: 293028K->1050K(285824K)] 650435K->358513K(972800K), 0.0075460 secs] [Times: user=0.05 sys=0.00, real=0.01 secs] 
2014-07-08T02:24:51.391+0000: 2332.017: [GC [PSYoungGen: 285786K->1125K(278464K)] 643249K->358884K(965440K), 0.0085210 secs] [Times: user=0.04 sys=0.00, real=0.01 secs] 
2014-07-08T02:24:52.255+0000: 2332.881: [GC [PSYoungGen: 278383K->875K(271040K)] 636142K->358674K(958016K), 0.0110160 secs] [Times: user=0.06 sys=0.00, real=0.01 secs] 
2014-07-08T02:24:53.067+0000: 2333.693: [GC [PSYoungGen: 271019K->1166K(264448K)] 628818K->359062K(951424K), 0.0039910 secs] [Times: user=0.02 sys=0.00, real=0.01 secs] 
2014-07-08T02:24:53.908+0000: 2334.533: [GC [PSYoungGen: 264398K->1016K(257664K)] 622294K->358951K(944640K), 0.0086280 secs] [Times: user=0.06 sys=0.00, real=0.01 secs] 
2014-07-08T02:24:54.669+0000: 2335.295: [GC [PSYoungGen: 257656K->972K(251264K)] 615591K->358955K(938240K), 0.0050130 secs] [Times: user=0.03 sys=0.00, real=0.00 secs] 
2014-07-08T02:24:55.582+0000: 2336.208: [GC [PSYoungGen: 251212K->1170K(245312K)] 609195K->359209K(932288K), 0.0087540 secs] [Times: user=0.04 sys=0.00, real=0.01 secs] 
2014-07-08T02:24:56.365+0000: 2336.990: [GC [PSYoungGen: 245266K->794K(239040K)] 603305K->358865K(926016K), 0.0050780 secs] [Times: user=0.01 sys=0.00, real=0.01 secs] 
2014-07-08T02:24:57.151+0000: 2337.777: [GC [PSYoungGen: 238967K->1572K(234112K)] 597038K->359699K(921088K), 0.0082400 secs] [Times: user=0.05 sys=0.00, real=0.01 secs] 
2014-07-08T02:24:58.086+0000: 2338.712: [GC [PSYoungGen: 234044K->830K(227840K)] 592171K->359201K(914816K), 0.0112570 secs] [Times: user=0.06 sys=0.00, real=0.01 secs] 
2014-07-08T02:24:58.977+0000: 2339.603: [GC [PSYoungGen: 227838K->1292K(223040K)] 586209K->359727K(910016K), 0.0097280 secs] [Times: user=0.05 sys=0.00, real=0.01 secs] 
2014-07-08T02:24:59.669+0000: 2340.295: [GC [PSYoungGen: 222988K->900K(267008K)] 581423K->359599K(953984K), 0.0199290 secs] [Times: user=0.12 sys=0.01, real=0.02 secs] 
2014-07-08T02:25:00.431+0000: 2341.057: [GC [PSYoungGen: 266948K->1012K(320320K)] 625647K->359767K(1007296K), 0.0072360 secs] [Times: user=0.03 sys=0.00, real=0.00 secs] 
2014-07-08T02:25:01.690+0000: 2342.316: [GC [PSYoungGen: 320308K->996K(375936K)] 679063K->359847K(1062912K), 0.0102710 secs] [Times: user=0.06 sys=0.00, real=0.01 secs] 
2014-07-08T02:25:02.970+0000: 2343.596: [GC [PSYoungGen: 375393K->1126K(364480K)] 734245K->360065K(1051456K), 0.0057860 secs] [Times: user=0.04 sys=0.00, real=0.00 secs] 
2014-07-08T02:25:03.988+0000: 2344.614: [GC [PSYoungGen: 364454K->572K(353280K)] 723393K->359871K(1040256K), 0.0054330 secs] [Times: user=0.02 sys=0.00, real=0.01 secs] 
2014-07-08T02:25:05.217+0000: 2345.843: [GC [PSYoungGen: 353251K->1174K(343744K)] 712550K->360529K(1030720K), 0.0109480 secs] [Times: user=0.07 sys=0.00, real=0.01 secs] 
2014-07-08T02:25:06.568+0000: 2347.194: [GC [PSYoungGen: 343702K->1064K(333888K)] 703057K->360515K(1020864K), 0.0046220 secs] [Times: user=0.03 sys=0.01, real=0.01 secs] 
2014-07-08T02:25:08.124+0000: 2348.750: [GC [PSYoungGen: 333864K->1130K(324608K)] 693315K->360622K(1011584K), 0.0043780 secs] [Times: user=0.02 sys=0.00, real=0.00 secs] 
2014-07-08T02:25:09.627+0000: 2350.252: [GC [PSYoungGen: 324586K->864K(315392K)] 684078K->360733K(1002368K), 0.0121150 secs] [Times: user=0.06 sys=0.00, real=0.01 secs] 
2014-07-08T02:25:11.256+0000: 2351.882: [GC [PSYoungGen: 315360K->1348K(307264K)] 675229K->361274K(994240K), 0.0095700 secs] [Times: user=0.06 sys=0.00, real=0.01 secs] 
2014-07-08T02:25:12.508+0000: 2353.134: [GC [PSYoungGen: 307204K->818K(298432K)] 667130K->361215K(985408K), 0.0055220 secs] [Times: user=0.02 sys=0.00, real=0.01 secs] 
2014-07-08T02:25:13.581+0000: 2354.207: [GC [PSYoungGen: 298372K->1590K(291264K)] 658769K->362036K(978240K), 0.0047750 secs] [Times: user=0.02 sys=0.00, real=0.00 secs] 
2014-07-08T02:25:14.785+0000: 2355.411: [GC [PSYoungGen: 291254K->812K(282880K)] 651700K->362264K(969856K), 0.0053400 secs] [Times: user=0.02 sys=0.00, real=0.00 secs] 
2014-07-08T02:25:16.287+0000: 2356.913: [GC [PSYoungGen: 282860K->1874K(276608K)] 644312K->363350K(963584K), 0.0151350 secs] [Times: user=0.08 sys=0.00, real=0.02 secs] 
2014-07-08T02:25:17.264+0000: 2357.890: [GC [PSYoungGen: 276533K->836K(268544K)] 638009K->362608K(955520K), 0.0043410 secs] [Times: user=0.02 sys=0.00, real=0.00 secs] 
2014-07-08T02:25:18.466+0000: 2359.092: [GC [PSYoungGen: 268484K->1358K(262272K)] 630256K->363178K(949248K), 0.0083270 secs] [Times: user=0.05 sys=0.00, real=0.01 secs] 
2014-07-08T02:25:19.372+0000: 2359.998: [GC [PSYoungGen: 262214K->1004K(255360K)] 624034K->362872K(942336K), 0.0044950 secs] [Times: user=0.02 sys=0.00, real=0.01 secs] 
2014-07-08T02:25:20.059+0000: 2360.684: [GC [PSYoungGen: 255340K->858K(248960K)] 617208K->362774K(935936K), 0.0101950 secs] [Times: user=0.06 sys=0.00, real=0.01 secs] 
2014-07-08T02:25:20.759+0000: 2361.385: [GC [PSYoungGen: 248922K->1134K(243136K)] 610838K->363138K(930112K), 0.0041080 secs] [Times: user=0.02 sys=0.00, real=0.01 secs] 
2014-07-08T02:25:21.609+0000: 2362.235: [GC [PSYoungGen: 243118K->1050K(237248K)] 605122K->363086K(924224K), 0.0140140 secs] [Times: user=0.07 sys=0.01, real=0.02 secs] 
2014-07-08T02:25:22.255+0000: 2362.881: [GC [PSYoungGen: 237210K->1134K(231680K)] 599246K->363250K(918656K), 0.0063360 secs] [Times: user=0.03 sys=0.01, real=0.00 secs] 
2014-07-08T02:25:22.773+0000: 2363.399: [GC [PSYoungGen: 231662K->1355K(278080K)] 593778K->363551K(965056K), 0.0081610 secs] [Times: user=0.06 sys=0.00, real=0.00 secs] 
2014-07-08T02:25:23.812+0000: 2364.438: [GC [PSYoungGen: 277982K->1028K(270656K)] 640178K->363304K(957632K), 0.0071120 secs] [Times: user=0.05 sys=0.00, real=0.00 secs] 
2014-07-08T02:25:24.545+0000: 2365.170: [GC [PSYoungGen: 270567K->1018K(263744K)] 632844K->363382K(950720K), 0.0037110 secs] [Times: user=0.02 sys=0.00, real=0.00 secs] 
2014-07-08T02:25:25.259+0000: 2365.885: [GC [PSYoungGen: 263696K->1004K(257152K)] 626060K->363440K(944128K), 0.0088730 secs] [Times: user=0.05 sys=0.00, real=0.01 secs] 
2014-07-08T02:25:25.900+0000: 2366.526: [GC [PSYoungGen: 257132K->1206K(308608K)] 619568K->363706K(995584K), 0.0125200 secs] [Times: user=0.07 sys=0.00, real=0.01 secs] 
2014-07-08T02:25:26.919+0000: 2367.545: [GC [PSYoungGen: 308598K->1244K(361024K)] 671098K->363800K(1048000K), 0.0091680 secs] [Times: user=0.05 sys=0.00, real=0.01 secs] 
2014-07-08T02:25:27.836+0000: 2368.462: [GC [PSYoungGen: 360988K->914K(361408K)] 723544K->363518K(1048384K), 0.0109860 secs] [Times: user=0.07 sys=0.00, real=0.01 secs] 
2014-07-08T02:25:28.907+0000: 2369.533: [GC [PSYoungGen: 360658K->1000K(433408K)] 723262K->363684K(1120384K), 0.0090040 secs] [Times: user=0.05 sys=0.00, real=0.01 secs] 
2014-07-08T02:25:30.339+0000: 2370.965: [GC [PSYoungGen: 432728K->1275K(433408K)] 795412K->363999K(1120384K), 0.0132290 secs] [Times: user=0.08 sys=0.00, real=0.01 secs] 
2014-07-08T02:25:31.667+0000: 2372.293: [GC [PSYoungGen: 433003K->1054K(419328K)] 795727K->363858K(1106304K), 0.0069730 secs] [Times: user=0.05 sys=0.00, real=0.01 secs] 
2014-07-08T02:25:33.031+0000: 2373.657: [GC [PSYoungGen: 419294K->1241K(406592K)] 782098K->364093K(1093568K), 0.0103380 secs] [Times: user=0.06 sys=0.00, real=0.01 secs] 
2014-07-08T02:25:34.387+0000: 2375.013: [GC [PSYoungGen: 406553K->594K(393600K)] 769405K->363478K(1080576K), 0.0092640 secs] [Times: user=0.06 sys=0.00, real=0.01 secs] 
2014-07-08T02:25:35.695+0000: 2376.321: [GC [PSYoungGen: 393554K->1402K(382528K)] 756438K->364358K(1069504K), 0.0063960 secs] [Times: user=0.04 sys=0.01, real=0.00 secs] 
2014-07-08T02:25:36.832+0000: 2377.458: [GC [PSYoungGen: 382522K->890K(370688K)] 745478K->363878K(1057664K), 0.0078490 secs] [Times: user=0.02 sys=0.01, real=0.01 secs] 
2014-07-08T02:25:38.240+0000: 2378.866: [GC [PSYoungGen: 370667K->1078K(360000K)] 733655K->364114K(1046976K), 0.0173020 secs] [Times: user=0.10 sys=0.00, real=0.02 secs] 
2014-07-08T02:25:39.876+0000: 2380.502: [GC [PSYoungGen: 359990K->1102K(349632K)] 723026K->364202K(1036608K), 0.0095640 secs] [Times: user=0.06 sys=0.00, real=0.01 secs] 
2014-07-08T02:25:41.600+0000: 2382.226: [GC [PSYoungGen: 349582K->1124K(339648K)] 712682K->364264K(1026624K), 0.0110210 secs] [Times: user=0.06 sys=0.00, real=0.01 secs] 
2014-07-08T02:25:43.390+0000: 2384.016: [GC [PSYoungGen: 339620K->960K(329856K)] 702760K->364204K(1016832K), 0.0122920 secs] [Times: user=0.07 sys=0.00, real=0.01 secs] 
2014-07-08T02:25:45.101+0000: 2385.727: [GC [PSYoungGen: 329856K->936K(320640K)] 693100K->364236K(1007616K), 0.0084340 secs] [Times: user=0.05 sys=0.00, real=0.01 secs] 
2014-07-08T02:25:46.367+0000: 2386.992: [GC [PSYoungGen: 320608K->1146K(312000K)] 683908K->364486K(998976K), 0.0046500 secs] [Times: user=0.02 sys=0.00, real=0.00 secs] 
2014-07-08T02:25:47.557+0000: 2388.183: [GC [PSYoungGen: 311993K->964K(303424K)] 675333K->364344K(990400K), 0.0057270 secs] [Times: user=0.02 sys=0.00, real=0.00 secs] 
2014-07-08T02:25:49.015+0000: 2389.641: [GC [PSYoungGen: 303364K->828K(295104K)] 666744K->364925K(982080K), 0.0133420 secs] [Times: user=0.07 sys=0.00, real=0.02 secs] 
2014-07-08T02:25:49.836+0000: 2390.462: [GC [PSYoungGen: 295090K->1595K(288064K)] 659186K->365896K(975040K), 0.0145510 secs] [Times: user=0.09 sys=0.01, real=0.02 secs] 
2014-07-08T02:25:50.755+0000: 2391.381: [GC [PSYoungGen: 288053K->803K(279808K)] 652354K->365949K(966784K), 0.0084340 secs] [Times: user=0.05 sys=0.00, real=0.01 secs] 
2014-07-08T02:25:51.529+0000: 2392.155: [GC [PSYoungGen: 279779K->1084K(272832K)] 644925K->366331K(959808K), 0.0041420 secs] [Times: user=0.02 sys=0.00, real=0.00 secs] 
2014-07-08T02:25:52.298+0000: 2392.924: [GC [PSYoungGen: 272828K->1106K(265984K)] 638075K->366433K(952960K), 0.0086910 secs] [Times: user=0.06 sys=0.00, real=0.00 secs] 
2014-07-08T02:25:53.086+0000: 2393.712: [GC [PSYoungGen: 265938K->1180K(259392K)] 631265K->366571K(946368K), 0.0087810 secs] [Times: user=0.06 sys=0.00, real=0.01 secs] 
2014-07-08T02:25:53.964+0000: 2394.590: [GC [PSYoungGen: 259339K->1391K(253184K)] 624730K->366920K(940160K), 0.0041970 secs] [Times: user=0.02 sys=0.00, real=0.01 secs] 
2014-07-08T02:25:54.741+0000: 2395.367: [GC [PSYoungGen: 253166K->1178K(303360K)] 618695K->366755K(990336K), 0.0142320 secs] [Times: user=0.07 sys=0.01, real=0.01 secs] 
2014-07-08T02:25:55.540+0000: 2396.166: [GC [PSYoungGen: 303322K->930K(294976K)] 668899K->366563K(981952K), 0.0066550 secs] [Times: user=0.04 sys=0.01, real=0.01 secs] 
2014-07-08T02:25:56.256+0000: 2396.882: [GC [PSYoungGen: 294946K->1192K(354048K)] 660579K->366865K(1041024K), 0.0183840 secs] [Times: user=0.11 sys=0.00, real=0.02 secs] 
2014-07-08T02:25:57.582+0000: 2398.208: [GC [PSYoungGen: 354005K->1160K(424640K)] 719678K->366897K(1111616K), 0.0059220 secs] [Times: user=0.02 sys=0.00, real=0.01 secs] 
2014-07-08T02:25:59.354+0000: 2399.980: [GC [PSYoungGen: 424546K->1707K(412032K)] 790284K->367509K(1099008K), 0.0040510 secs] [Times: user=0.02 sys=0.00, real=0.01 secs] 
2014-07-08T02:26:00.691+0000: 2401.317: [GC [PSYoungGen: 412011K->553K(398336K)] 777813K->367316K(1085312K), 0.0145620 secs] [Times: user=0.07 sys=0.00, real=0.01 secs] 
2014-07-08T02:26:01.719+0000: 2402.345: [GC [PSYoungGen: 398313K->1426K(387200K)] 765076K->368237K(1074176K), 0.0054900 secs] [Times: user=0.02 sys=0.00, real=0.00 secs] 
2014-07-08T02:26:02.972+0000: 2403.598: [GC [PSYoungGen: 387151K->844K(375104K)] 753962K->367908K(1062080K), 0.0070580 secs] [Times: user=0.04 sys=0.00, real=0.01 secs] 
2014-07-08T02:26:04.166+0000: 2404.792: [GC [PSYoungGen: 375052K->996K(364160K)] 742116K->368125K(1051136K), 0.0047480 secs] [Times: user=0.02 sys=0.00, real=0.01 secs] 
2014-07-08T02:26:05.182+0000: 2405.807: [GC [PSYoungGen: 364132K->708K(353344K)] 731261K->367908K(1040320K), 0.0097170 secs] [Times: user=0.07 sys=0.00, real=0.01 secs] 
2014-07-08T02:26:06.357+0000: 2406.983: [GC [PSYoungGen: 353284K->846K(343296K)] 720484K->368110K(1030272K), 0.0050080 secs] [Times: user=0.02 sys=0.00, real=0.01 secs] 
2014-07-08T02:26:07.408+0000: 2408.034: [GC [PSYoungGen: 343246K->1106K(333824K)] 710510K->368419K(1020800K), 0.0065930 secs] [Times: user=0.03 sys=0.01, real=0.01 secs] 
2014-07-08T02:26:08.523+0000: 2409.148: [GC [PSYoungGen: 333778K->822K(324160K)] 701091K->368206K(1011136K), 0.0071010 secs] [Times: user=0.04 sys=0.01, real=0.01 secs] 
2014-07-08T02:26:09.600+0000: 2410.226: [GC [PSYoungGen: 324150K->1270K(315648K)] 691534K->368711K(1002624K), 0.0091160 secs] [Times: user=0.04 sys=0.00, real=0.01 secs] 
2014-07-08T02:26:10.634+0000: 2411.259: [GC [PSYoungGen: 315638K->1138K(306944K)] 683079K->368667K(993920K), 0.0086620 secs] [Times: user=0.06 sys=0.00, real=0.01 secs] 
2014-07-08T02:26:12.200+0000: 2412.825: [GC [PSYoungGen: 306930K->1110K(298688K)] 674459K->368694K(985664K), 0.0077190 secs] [Times: user=0.04 sys=0.00, real=0.01 secs] 
2014-07-08T02:26:13.344+0000: 2413.970: [GC [PSYoungGen: 298605K->1646K(291264K)] 666190K->369401K(978240K), 0.0082780 secs] [Times: user=0.05 sys=0.00, real=0.01 secs] 
2014-07-08T02:26:14.487+0000: 2415.113: [GC [PSYoungGen: 291246K->566K(282560K)] 659001K->368858K(969536K), 0.0086070 secs] [Times: user=0.05 sys=0.00, real=0.01 secs] 
2014-07-08T02:26:15.631+0000: 2416.257: [GC [PSYoungGen: 282550K->1424K(276096K)] 650842K->369765K(963072K), 0.0099810 secs] [Times: user=0.05 sys=0.00, real=0.01 secs] 
2014-07-08T02:26:16.365+0000: 2416.991: [GC [PSYoungGen: 276048K->1000K(330624K)] 644389K->369669K(1017600K), 0.0153420 secs] [Times: user=0.08 sys=0.00, real=0.02 secs] 
2014-07-08T02:26:17.531+0000: 2418.157: [GC [PSYoungGen: 330563K->1307K(321728K)] 699232K->370040K(1008704K), 0.0070180 secs] [Times: user=0.04 sys=0.00, real=0.00 secs] 
2014-07-08T02:26:18.597+0000: 2419.223: [GC [PSYoungGen: 321691K->1401K(312960K)] 690424K->370214K(999936K), 0.0070920 secs] [Times: user=0.03 sys=0.00, real=0.01 secs] 
2014-07-08T02:26:20.063+0000: 2420.689: [GC [PSYoungGen: 312950K->1576K(304640K)] 681763K->370445K(991616K), 0.0153130 secs] [Times: user=0.09 sys=0.00, real=0.01 secs] 
2014-07-08T02:26:21.629+0000: 2422.255: [GC [PSYoungGen: 304576K->754K(295680K)] 673445K->369871K(982656K), 0.0077280 secs] [Times: user=0.03 sys=0.01, real=0.01 secs] 
2014-07-08T02:26:23.100+0000: 2423.726: [GC [PSYoungGen: 295665K->1772K(288896K)] 664782K->370937K(975872K), 0.0086300 secs] [Times: user=0.05 sys=0.00, real=0.01 secs] 
2014-07-08T02:26:24.296+0000: 2424.922: [GC [PSYoungGen: 288876K->846K(280448K)] 658041K->370233K(967424K), 0.0055920 secs] [Times: user=0.03 sys=0.00, real=0.01 secs] 
2014-07-08T02:26:25.729+0000: 2426.355: [GC [PSYoungGen: 280398K->1028K(273408K)] 649785K->370463K(960384K), 0.0080440 secs] [Times: user=0.05 sys=0.00, real=0.01 secs] 
2014-07-08T02:26:27.149+0000: 2427.775: [GC [PSYoungGen: 273348K->1202K(266560K)] 642783K->370717K(953536K), 0.0140590 secs] [Times: user=0.09 sys=0.00, real=0.02 secs] 
2014-07-08T02:26:28.344+0000: 2428.970: [GC [PSYoungGen: 266546K->1292K(259968K)] 636061K->370911K(946944K), 0.0045420 secs] [Times: user=0.02 sys=0.01, real=0.00 secs] 
2014-07-08T02:26:29.821+0000: 2430.446: [GC [PSYoungGen: 259916K->956K(253120K)] 629535K->370615K(940096K), 0.0159250 secs] [Times: user=0.09 sys=0.01, real=0.02 secs] 
2014-07-08T02:26:30.873+0000: 2431.499: [GC [PSYoungGen: 253078K->1362K(247360K)] 622737K->371069K(934336K), 0.0057340 secs] [Times: user=0.02 sys=0.01, real=0.00 secs] 
2014-07-08T02:26:32.324+0000: 2432.950: [GC [PSYoungGen: 247314K->1384K(241408K)] 617021K->371463K(928384K), 0.0089770 secs] [Times: user=0.05 sys=0.00, real=0.01 secs] 
2014-07-08T02:26:33.102+0000: 2433.728: [GC [PSYoungGen: 241384K->1130K(235392K)] 611463K->371250K(922368K), 0.0102820 secs] [Times: user=0.05 sys=0.00, real=0.01 secs] 
2014-07-08T02:26:33.694+0000: 2434.320: [GC [PSYoungGen: 235370K->868K(229568K)] 605490K->371051K(916544K), 0.0069440 secs] [Times: user=0.04 sys=0.00, real=0.00 secs] 
2014-07-08T02:26:34.440+0000: 2435.066: [GC [PSYoungGen: 229540K->1270K(224640K)] 599723K->371502K(911616K), 0.0080630 secs] [Times: user=0.05 sys=0.00, real=0.01 secs] 
2014-07-08T02:26:35.116+0000: 2435.742: [GC [PSYoungGen: 224629K->1259K(219456K)] 594861K->371547K(906432K), 0.0046320 secs] [Times: user=0.02 sys=0.00, real=0.00 secs] 
2014-07-08T02:26:35.559+0000: 2436.185: [GC [PSYoungGen: 219418K->1170K(214400K)] 589706K->371538K(901376K), 0.0047550 secs] [Times: user=0.01 sys=0.01, real=0.01 secs] 
2014-07-08T02:26:36.320+0000: 2436.946: [GC [PSYoungGen: 214354K->1130K(209536K)] 584722K->371586K(896512K), 0.0058680 secs] [Times: user=0.04 sys=0.00, real=0.01 secs] 
2014-07-08T02:26:36.941+0000: 2437.567: [GC [PSYoungGen: 209514K->1246K(205056K)] 579970K->371773K(892032K), 0.0044230 secs] [Times: user=0.01 sys=0.00, real=0.01 secs] 
2014-07-08T02:26:37.472+0000: 2438.098: [GC [PSYoungGen: 205022K->1124K(200448K)] 575549K->371723K(887424K), 0.0079530 secs] [Times: user=0.04 sys=0.00, real=0.01 secs] 
2014-07-08T02:26:38.242+0000: 2438.868: [GC [PSYoungGen: 200420K->1359K(240576K)] 571019K->372014K(927552K), 0.0085210 secs] [Times: user=0.06 sys=0.00, real=0.01 secs] 
2014-07-08T02:26:38.902+0000: 2439.527: [GC [PSYoungGen: 240483K->938K(234432K)] 611139K->372092K(921408K), 0.0040360 secs] [Times: user=0.02 sys=0.00, real=0.01 secs] 
2014-07-08T02:26:39.560+0000: 2440.186: [GC [PSYoungGen: 234410K->1158K(229184K)] 605564K->372360K(916160K), 0.0068050 secs] [Times: user=0.04 sys=0.00, real=0.01 secs] 
2014-07-08T02:26:40.304+0000: 2440.930: [GC [PSYoungGen: 229126K->1068K(223744K)] 600328K->372566K(910720K), 0.0059510 secs] [Times: user=0.05 sys=0.00, real=0.00 secs] 
2014-07-08T02:26:40.960+0000: 2441.586: [GC [PSYoungGen: 223722K->740K(218304K)] 595220K->372294K(905280K), 0.0044060 secs] [Times: user=0.02 sys=0.00, real=0.01 secs] 
2014-07-08T02:26:41.517+0000: 2442.143: [GC [PSYoungGen: 218276K->964K(213632K)] 589830K->372582K(900608K), 0.0040230 secs] [Times: user=0.02 sys=0.00, real=0.00 secs] 
2014-07-08T02:26:42.273+0000: 2442.898: [GC [PSYoungGen: 213572K->1036K(208896K)] 585190K->372742K(895872K), 0.0098340 secs] [Times: user=0.06 sys=0.00, real=0.01 secs] 
2014-07-08T02:26:42.894+0000: 2443.520: [GC [PSYoungGen: 208754K->1057K(204288K)] 580460K->372819K(891264K), 0.0051140 secs] [Times: user=0.02 sys=0.01, real=0.01 secs] 
2014-07-08T02:26:43.383+0000: 2444.009: [GC [PSYoungGen: 204257K->858K(244736K)] 576019K->372684K(931712K), 0.0089470 secs] [Times: user=0.05 sys=0.00, real=0.01 secs] 
2014-07-08T02:26:44.200+0000: 2444.826: [GC [PSYoungGen: 244698K->940K(293568K)] 616524K->372822K(980544K), 0.0069100 secs] [Times: user=0.02 sys=0.00, real=0.01 secs] 
2014-07-08T02:26:45.162+0000: 2445.788: [GC [PSYoungGen: 293548K->1575K(286464K)] 665430K->373896K(973440K), 0.0056350 secs] [Times: user=0.03 sys=0.00, real=0.01 secs] 
2014-07-08T02:26:46.458+0000: 2447.084: [GC [PSYoungGen: 286439K->682K(278144K)] 658760K->374014K(965120K), 0.0044030 secs] [Times: user=0.02 sys=0.00, real=0.00 secs] 
2014-07-08T02:26:47.775+0000: 2448.401: [GC [PSYoungGen: 278115K->1509K(271808K)] 651446K->374872K(958784K), 0.0052380 secs] [Times: user=0.02 sys=0.01, real=0.00 secs] 
2014-07-08T02:26:49.265+0000: 2449.891: [GC [PSYoungGen: 271781K->1372K(264768K)] 645144K->375169K(951744K), 0.0068200 secs] [Times: user=0.05 sys=0.00, real=0.00 secs] 
2014-07-08T02:26:50.387+0000: 2451.013: [GC [PSYoungGen: 264731K->1504K(258304K)] 638529K->375365K(945280K), 0.0062080 secs] [Times: user=0.02 sys=0.01, real=0.00 secs] 
2014-07-08T02:26:51.764+0000: 2452.389: [GC [PSYoungGen: 258272K->1198K(251584K)] 632133K->375139K(938560K), 0.0039480 secs] [Times: user=0.02 sys=0.00, real=0.01 secs] 
2014-07-08T02:26:53.116+0000: 2453.742: [GC [PSYoungGen: 251563K->1106K(245376K)] 625504K->375135K(932352K), 0.0067970 secs] [Times: user=0.04 sys=0.00, real=0.00 secs] 
2014-07-08T02:26:54.424+0000: 2455.050: [GC [PSYoungGen: 245330K->1647K(240000K)] 619359K->375812K(926976K), 0.0048400 secs] [Times: user=0.03 sys=0.00, real=0.01 secs] 
2014-07-08T02:26:55.584+0000: 2456.210: [GC [PSYoungGen: 239950K->1458K(234112K)] 614115K->375696K(921088K), 0.0115920 secs] [Times: user=0.06 sys=0.00, real=0.01 secs] 
2014-07-08T02:26:56.178+0000: 2456.804: [GC [PSYoungGen: 234098K->1020K(228160K)] 608336K->375410K(915136K), 0.0081370 secs] [Times: user=0.04 sys=0.00, real=0.01 secs] 
2014-07-08T02:26:56.979+0000: 2457.605: [GC [PSYoungGen: 228118K->1054K(273664K)] 602507K->375491K(960640K), 0.0200710 secs] [Times: user=0.13 sys=0.01, real=0.02 secs] 
2014-07-08T02:26:57.824+0000: 2458.450: [GC [PSYoungGen: 273630K->1206K(328320K)] 648067K->375749K(1015296K), 0.0128900 secs] [Times: user=0.05 sys=0.00, real=0.01 secs] 
2014-07-08T02:26:59.490+0000: 2460.116: [GC [PSYoungGen: 328310K->1010K(393600K)] 702853K->375601K(1080576K), 0.0185540 secs] [Times: user=0.10 sys=0.00, real=0.02 secs] 
2014-07-08T02:27:01.155+0000: 2461.781: [GC [PSYoungGen: 393586K->1647K(382400K)] 768177K->376318K(1069376K), 0.0049090 secs] [Times: user=0.02 sys=0.00, real=0.01 secs] 
2014-07-08T02:27:02.986+0000: 2463.612: [GC [PSYoungGen: 382383K->1060K(370496K)] 757054K->375787K(1057472K), 0.0080760 secs] [Times: user=0.05 sys=0.01, real=0.01 secs] 
2014-07-08T02:27:04.138+0000: 2464.764: [GC [PSYoungGen: 370455K->840K(359488K)] 745182K->375623K(1046464K), 0.0068230 secs] [Times: user=0.02 sys=0.01, real=0.00 secs] 
2014-07-08T02:27:05.091+0000: 2465.717: [GC [PSYoungGen: 359432K->1118K(349376K)] 734215K->375949K(1036352K), 0.0098410 secs] [Times: user=0.06 sys=0.00, real=0.01 secs] 
2014-07-08T02:27:06.235+0000: 2466.861: [GC [PSYoungGen: 349342K->1164K(339456K)] 724173K->376043K(1026432K), 0.0104310 secs] [Times: user=0.06 sys=0.00, real=0.01 secs] 
2014-07-08T02:27:07.203+0000: 2467.829: [GC [PSYoungGen: 339374K->1132K(329856K)] 714254K->376059K(1016832K), 0.0036500 secs] [Times: user=0.02 sys=0.00, real=0.00 secs] 
2014-07-08T02:27:08.215+0000: 2468.841: [GC [PSYoungGen: 329824K->1235K(320832K)] 704751K->376219K(1007808K), 0.0047750 secs] [Times: user=0.02 sys=0.00, real=0.01 secs] 
2014-07-08T02:27:09.070+0000: 2469.696: [GC [PSYoungGen: 320787K->968K(311744K)] 695771K->376039K(998720K), 0.0058260 secs] [Times: user=0.02 sys=0.00, real=0.00 secs] 
2014-07-08T02:27:10.064+0000: 2470.690: [GC [PSYoungGen: 311640K->1328K(303616K)] 686711K->376495K(990592K), 0.0083920 secs] [Times: user=0.06 sys=0.00, real=0.01 secs] 
2014-07-08T02:27:11.191+0000: 2471.817: [GC [PSYoungGen: 303600K->1120K(295296K)] 678767K->376343K(982272K), 0.0050650 secs] [Times: user=0.03 sys=0.00, real=0.00 secs] 
2014-07-08T02:27:12.626+0000: 2473.252: [GC [PSYoungGen: 295216K->1145K(287488K)] 670440K->376509K(974464K), 0.0119390 secs] [Times: user=0.07 sys=0.00, real=0.01 secs] 
2014-07-08T02:27:13.835+0000: 2474.461: [GC [PSYoungGen: 287433K->1555K(280448K)] 662797K->376998K(967424K), 0.0047310 secs] [Times: user=0.02 sys=0.00, real=0.01 secs] 
2014-07-08T02:27:14.713+0000: 2475.339: [GC [PSYoungGen: 280403K->754K(272384K)] 655846K->376569K(959360K), 0.0091060 secs] [Times: user=0.06 sys=0.01, real=0.01 secs] 
2014-07-08T02:27:15.588+0000: 2476.214: [GC [PSYoungGen: 272370K->1282K(266048K)] 648185K->377185K(953024K), 0.0052800 secs] [Times: user=0.03 sys=0.00, real=0.01 secs] 
2014-07-08T02:27:16.231+0000: 2476.857: [GC [PSYoungGen: 265973K->858K(258944K)] 641876K->376975K(945920K), 0.0106170 secs] [Times: user=0.07 sys=0.01, real=0.01 secs] 
2014-07-08T02:27:17.022+0000: 2477.648: [GC [PSYoungGen: 258883K->1362K(253056K)] 635001K->377528K(940032K), 0.0085180 secs] [Times: user=0.05 sys=0.00, real=0.01 secs] 
2014-07-08T02:27:17.764+0000: 2478.390: [GC [PSYoungGen: 253010K->1106K(246592K)] 629176K->377320K(933568K), 0.0073950 secs] [Times: user=0.05 sys=0.00, real=0.01 secs] 
2014-07-08T02:27:18.452+0000: 2479.078: [GC [PSYoungGen: 246546K->1124K(240640K)] 622760K->377386K(927616K), 0.0049360 secs] [Times: user=0.02 sys=0.00, real=0.00 secs] 
2014-07-08T02:27:19.038+0000: 2479.664: [GC [PSYoungGen: 240612K->1206K(288640K)] 616874K->377524K(975616K), 0.0099340 secs] [Times: user=0.06 sys=0.00, real=0.01 secs] 
2014-07-08T02:27:19.925+0000: 2480.551: [GC [PSYoungGen: 288630K->1026K(280960K)] 664948K->377407K(967936K), 0.0069700 secs] [Times: user=0.05 sys=0.00, real=0.01 secs] 
2014-07-08T02:27:20.994+0000: 2481.620: [GC [PSYoungGen: 280898K->1074K(273728K)] 657279K->377576K(960704K), 0.0081430 secs] [Times: user=0.06 sys=0.00, real=0.01 secs] 
2014-07-08T02:27:22.105+0000: 2482.731: [GC [PSYoungGen: 273705K->1477K(328704K)] 650207K->378026K(1015680K), 0.0211680 secs] [Times: user=0.14 sys=0.00, real=0.02 secs] 
2014-07-08T02:27:22.990+0000: 2483.615: [GC [PSYoungGen: 328645K->612K(393280K)] 705194K->377918K(1080256K), 0.0071380 secs] [Times: user=0.03 sys=0.00, real=0.01 secs] 
2014-07-08T02:27:24.086+0000: 2484.712: [GC [PSYoungGen: 393252K->1602K(382464K)] 770558K->379004K(1069440K), 0.0061310 secs] [Times: user=0.04 sys=0.01, real=0.01 secs] 
2014-07-08T02:27:25.759+0000: 2486.385: [GC [PSYoungGen: 382382K->1202K(370688K)] 759784K->379937K(1057664K), 0.0079000 secs] [Times: user=0.05 sys=0.00, real=0.01 secs] 
2014-07-08T02:27:27.507+0000: 2488.133: [GC [PSYoungGen: 370674K->1356K(360000K)] 749409K->380197K(1046976K), 0.0133540 secs] [Times: user=0.08 sys=0.00, real=0.01 secs] 
2014-07-08T02:27:29.116+0000: 2489.741: [GC [PSYoungGen: 359948K->1252K(349504K)] 738789K->380373K(1036480K), 0.0135810 secs] [Times: user=0.08 sys=0.00, real=0.01 secs] 
2014-07-08T02:27:30.496+0000: 2491.121: [GC [PSYoungGen: 349476K->1572K(339840K)] 728597K->380749K(1026816K), 0.0065780 secs] [Times: user=0.02 sys=0.00, real=0.01 secs] 
2014-07-08T02:27:31.766+0000: 2492.392: [GC [PSYoungGen: 339812K->854K(329600K)] 718989K->380087K(1016576K), 0.0078280 secs] [Times: user=0.05 sys=0.00, real=0.01 secs] 
2014-07-08T02:27:33.193+0000: 2493.819: [GC [PSYoungGen: 329558K->1480K(321088K)] 708791K->380793K(1008064K), 0.0186810 secs] [Times: user=0.12 sys=0.00, real=0.02 secs] 
2014-07-08T02:27:34.464+0000: 2495.090: [GC [PSYoungGen: 321032K->1184K(311936K)] 700345K->380561K(998912K), 0.0071740 secs] [Times: user=0.05 sys=0.01, real=0.00 secs] 
2014-07-08T02:27:35.258+0000: 2495.884: [GC [PSYoungGen: 311904K->1054K(303360K)] 691281K->380527K(990336K), 0.0052700 secs] [Times: user=0.02 sys=0.00, real=0.01 secs] 
2014-07-08T02:27:36.319+0000: 2496.945: [GC [PSYoungGen: 303322K->1036K(295232K)] 682795K->380581K(982208K), 0.0076330 secs] [Times: user=0.05 sys=0.00, real=0.01 secs] 
2014-07-08T02:27:37.479+0000: 2498.105: [GC [PSYoungGen: 295180K->1078K(287424K)] 674725K->380663K(974400K), 0.0172170 secs] [Times: user=0.11 sys=0.01, real=0.02 secs] 
2014-07-08T02:27:38.963+0000: 2499.589: [GC [PSYoungGen: 287414K->868K(279744K)] 666999K->380533K(966720K), 0.0041000 secs] [Times: user=0.03 sys=0.00, real=0.01 secs] 
2014-07-08T02:27:40.617+0000: 2501.242: [GC [PSYoungGen: 279716K->1220K(272896K)] 659381K->380973K(959872K), 0.0051900 secs] [Times: user=0.02 sys=0.01, real=0.00 secs] 
2014-07-08T02:27:42.067+0000: 2502.693: [GC [PSYoungGen: 272836K->1490K(266240K)] 652589K->381299K(953216K), 0.0128880 secs] [Times: user=0.08 sys=0.00, real=0.01 secs] 
2014-07-08T02:27:43.030+0000: 2503.656: [GC [PSYoungGen: 266145K->1288K(259392K)] 645954K->381177K(946368K), 0.0073880 secs] [Times: user=0.04 sys=0.01, real=0.01 secs] 
2014-07-08T02:27:43.760+0000: 2504.386: [GC [PSYoungGen: 259336K->1000K(252672K)] 639225K->380961K(939648K), 0.0038320 secs] [Times: user=0.02 sys=0.00, real=0.01 secs] 
2014-07-08T02:27:44.680+0000: 2505.306: [GC [PSYoungGen: 252648K->972K(246464K)] 632609K->380989K(933440K), 0.0155850 secs] [Times: user=0.10 sys=0.00, real=0.02 secs] 
2014-07-08T02:27:45.383+0000: 2506.009: [GC [PSYoungGen: 246412K->1561K(241088K)] 626429K->381642K(928064K), 0.0071020 secs] [Times: user=0.05 sys=0.00, real=0.01 secs] 
2014-07-08T02:27:46.149+0000: 2506.775: [GC [PSYoungGen: 241049K->971K(234752K)] 621130K->381100K(921728K), 0.0043540 secs] [Times: user=0.02 sys=0.00, real=0.00 secs] 
2014-07-08T02:27:46.840+0000: 2507.466: [GC [PSYoungGen: 234674K->958K(229184K)] 614803K->381183K(916160K), 0.0059310 secs] [Times: user=0.04 sys=0.00, real=0.01 secs] 
2014-07-08T02:27:47.512+0000: 2508.138: [GC [PSYoungGen: 229180K->1408K(224384K)] 609406K->381705K(911360K), 0.0050690 secs] [Times: user=0.02 sys=0.00, real=0.01 secs] 
2014-07-08T02:27:48.730+0000: 2509.356: [GC [PSYoungGen: 224320K->964K(218816K)] 604617K->381301K(905792K), 0.0047820 secs] [Times: user=0.02 sys=0.00, real=0.01 secs] 
2014-07-08T02:27:49.501+0000: 2510.127: [GC [PSYoungGen: 218756K->1638K(214528K)] 599093K->382072K(901504K), 0.0076230 secs] [Times: user=0.05 sys=0.00, real=0.01 secs] 
2014-07-08T02:27:50.229+0000: 2510.855: [GC [PSYoungGen: 214498K->1079K(209152K)] 594931K->381722K(896128K), 0.0062400 secs] [Times: user=0.03 sys=0.00, real=0.01 secs] 
2014-07-08T02:27:50.800+0000: 2511.426: [GC [PSYoungGen: 209143K->1332K(204800K)] 589786K->382039K(891776K), 0.0077720 secs] [Times: user=0.05 sys=0.00, real=0.01 secs] 
2014-07-08T02:27:51.396+0000: 2512.022: [GC [PSYoungGen: 204779K->1374K(200384K)] 585486K->382161K(887360K), 0.0075410 secs] [Times: user=0.05 sys=0.00, real=0.00 secs] 
2014-07-08T02:27:52.031+0000: 2512.657: [GC [PSYoungGen: 200347K->1076K(239872K)] 581134K->381919K(926848K), 0.0079030 secs] [Times: user=0.05 sys=0.00, real=0.01 secs] 
2014-07-08T02:27:52.672+0000: 2513.298: [GC [PSYoungGen: 239854K->1251K(287872K)] 620697K->382439K(974848K), 0.0076740 secs] [Times: user=0.03 sys=0.00, real=0.01 secs] 
2014-07-08T02:27:53.653+0000: 2514.279: [GC [PSYoungGen: 287827K->1380K(280512K)] 669014K->382616K(967488K), 0.0051300 secs] [Times: user=0.03 sys=0.00, real=0.01 secs] 
2014-07-08T02:27:54.555+0000: 2515.181: [GC [PSYoungGen: 280480K->1206K(273088K)] 661716K->382826K(960064K), 0.0042630 secs] [Times: user=0.02 sys=0.00, real=0.00 secs] 
2014-07-08T02:27:55.297+0000: 2515.923: [GC [PSYoungGen: 273044K->1370K(266304K)] 654663K->383078K(953280K), 0.0085740 secs] [Times: user=0.06 sys=0.00, real=0.01 secs] 
2014-07-08T02:27:56.164+0000: 2516.790: [GC [PSYoungGen: 266262K->1366K(259648K)] 647970K->383204K(946624K), 0.0096630 secs] [Times: user=0.06 sys=0.00, real=0.01 secs] 
2014-07-08T02:27:57.043+0000: 2517.669: [GC [PSYoungGen: 259606K->1386K(253248K)] 641444K->383320K(940224K), 0.0046370 secs] [Times: user=0.03 sys=0.00, real=0.01 secs] 
2014-07-08T02:27:58.465+0000: 2519.091: [GC [PSYoungGen: 253226K->946K(246592K)] 635160K->383161K(933568K), 0.0057240 secs] [Times: user=0.03 sys=0.01, real=0.01 secs] 
2014-07-08T02:27:59.628+0000: 2520.253: [GC [PSYoungGen: 246578K->1110K(240832K)] 628793K->383413K(927808K), 0.0063910 secs] [Times: user=0.04 sys=0.01, real=0.00 secs] 
2014-07-08T02:28:00.883+0000: 2521.509: [GC [PSYoungGen: 240790K->1028K(235008K)] 623093K->383437K(921984K), 0.0154420 secs] [Times: user=0.09 sys=0.00, real=0.02 secs] 
2014-07-08T02:28:01.636+0000: 2522.262: [GC [PSYoungGen: 234948K->1213K(229632K)] 617357K->383663K(916608K), 0.0094300 secs] [Times: user=0.05 sys=0.00, real=0.01 secs] 
2014-07-08T02:28:02.260+0000: 2522.886: [GC [PSYoungGen: 229629K->1174K(275328K)] 612079K->383688K(962304K), 0.0136890 secs] [Times: user=0.09 sys=0.00, real=0.01 secs] 
2014-07-08T02:28:02.984+0000: 2523.610: [GC [PSYoungGen: 275274K->1000K(329984K)] 657788K->383601K(1016960K), 0.0071960 secs] [Times: user=0.05 sys=0.00, real=0.01 secs] 
2014-07-08T02:28:04.163+0000: 2524.789: [GC [PSYoungGen: 329960K->1036K(395840K)] 712561K->383685K(1082816K), 0.0077360 secs] [Times: user=0.04 sys=0.00, real=0.01 secs] 
2014-07-08T02:28:05.277+0000: 2525.903: [GC [PSYoungGen: 395788K->1380K(384256K)] 778437K->384110K(1071232K), 0.0062020 secs] [Times: user=0.04 sys=0.00, real=0.00 secs] 
2014-07-08T02:28:06.236+0000: 2526.862: [GC [PSYoungGen: 384228K->1006K(372480K)] 766958K->384152K(1059456K), 0.0059970 secs] [Times: user=0.04 sys=0.00, real=0.01 secs] 
2014-07-08T02:28:07.351+0000: 2527.977: [GC [PSYoungGen: 372424K->1072K(361600K)] 755570K->384266K(1048576K), 0.0068360 secs] [Times: user=0.04 sys=0.00, real=0.01 secs] 
2014-07-08T02:28:08.396+0000: 2529.022: [GC [PSYoungGen: 361584K->1040K(351104K)] 744778K->384324K(1038080K), 0.0093160 secs] [Times: user=0.06 sys=0.00, real=0.01 secs] 
2014-07-08T02:28:09.952+0000: 2530.578: [GC [PSYoungGen: 351056K->740K(340736K)] 734340K->384064K(1027712K), 0.0098430 secs] [Times: user=0.06 sys=0.00, real=0.01 secs] 
2014-07-08T02:28:11.260+0000: 2531.886: [GC [PSYoungGen: 340708K->1008K(331328K)] 724032K->384380K(1018304K), 0.0041940 secs] [Times: user=0.02 sys=0.00, real=0.00 secs] 
2014-07-08T02:28:12.421+0000: 2533.047: [GC [PSYoungGen: 331275K->1590K(322688K)] 714647K->385042K(1009664K), 0.0043580 secs] [Times: user=0.02 sys=0.00, real=0.00 secs] 
2014-07-08T02:28:13.433+0000: 2534.059: [GC [PSYoungGen: 322677K->882K(313088K)] 706129K->384512K(1000064K), 0.0047930 secs] [Times: user=0.03 sys=0.00, real=0.01 secs] 
2014-07-08T02:28:14.205+0000: 2534.831: [GC [PSYoungGen: 313057K->1636K(376320K)] 696687K->385346K(1063296K), 0.0196580 secs] [Times: user=0.13 sys=0.00, real=0.02 secs] 
2014-07-08T02:28:15.538+0000: 2536.164: [GC [PSYoungGen: 376292K->1065K(364672K)] 760002K->385511K(1051648K), 0.0112420 secs] [Times: user=0.08 sys=0.00, real=0.02 secs] 
2014-07-08T02:28:17.003+0000: 2537.629: [GC [PSYoungGen: 364615K->1296K(354304K)] 749061K->385797K(1041280K), 0.0072180 secs] [Times: user=0.04 sys=0.01, real=0.01 secs] 
2014-07-08T02:28:18.485+0000: 2539.111: [GC [PSYoungGen: 354256K->1046K(343872K)] 738757K->385785K(1030848K), 0.0090550 secs] [Times: user=0.05 sys=0.01, real=0.01 secs] 
2014-07-08T02:28:19.989+0000: 2540.615: [GC [PSYoungGen: 343830K->1202K(334272K)] 728569K->385989K(1021248K), 0.0050260 secs] [Times: user=0.02 sys=0.00, real=0.01 secs] 
2014-07-08T02:28:21.561+0000: 2542.187: [GC [PSYoungGen: 334258K->1198K(324928K)] 719045K->386049K(1011904K), 0.0130420 secs] [Times: user=0.09 sys=0.00, real=0.01 secs] 
2014-07-08T02:28:23.070+0000: 2543.696: [GC [PSYoungGen: 324910K->1040K(315840K)] 709761K->385939K(1002816K), 0.0040750 secs] [Times: user=0.02 sys=0.00, real=0.01 secs] 
2014-07-08T02:28:24.503+0000: 2545.129: [GC [PSYoungGen: 315749K->1199K(307328K)] 700648K->386178K(994304K), 0.0068550 secs] [Times: user=0.05 sys=0.00, real=0.01 secs] 
2014-07-08T02:28:25.766+0000: 2546.392: [GC [PSYoungGen: 307311K->1572K(299456K)] 692290K->386607K(986432K), 0.0117180 secs] [Times: user=0.07 sys=0.00, real=0.01 secs] 
2014-07-08T02:28:27.049+0000: 2547.675: [GC [PSYoungGen: 299336K->800K(290752K)] 684371K->386316K(977728K), 0.0088880 secs] [Times: user=0.03 sys=0.00, real=0.01 secs] 
2014-07-08T02:28:28.087+0000: 2548.712: [GC [PSYoungGen: 290707K->1779K(284096K)] 676223K->387367K(971072K), 0.0058320 secs] [Times: user=0.02 sys=0.00, real=0.01 secs] 
2014-07-08T02:28:29.137+0000: 2549.763: [GC [PSYoungGen: 284083K->992K(275968K)] 669671K->387020K(962944K), 0.0083550 secs] [Times: user=0.03 sys=0.00, real=0.01 secs] 
2014-07-08T02:28:30.204+0000: 2550.830: [GC [PSYoungGen: 275936K->1134K(269056K)] 661964K->387250K(956032K), 0.0140410 secs] [Times: user=0.09 sys=0.00, real=0.01 secs] 
2014-07-08T02:28:31.229+0000: 2551.854: [GC [PSYoungGen: 269038K->1847K(262976K)] 655154K->388042K(949952K), 0.0072460 secs] [Times: user=0.05 sys=0.00, real=0.01 secs] 
2014-07-08T02:28:31.873+0000: 2552.499: [GC [PSYoungGen: 262967K->962K(255616K)] 649162K->387198K(942592K), 0.0073080 secs] [Times: user=0.03 sys=0.00, real=0.00 secs] 
2014-07-08T02:28:32.518+0000: 2553.144: [GC [PSYoungGen: 255554K->1272K(249600K)] 641790K->387604K(936576K), 0.0087160 secs] [Times: user=0.05 sys=0.00, real=0.01 secs] 
2014-07-08T02:28:33.229+0000: 2553.855: [GC [PSYoungGen: 249592K->1473K(243776K)] 635924K->387852K(930752K), 0.0044970 secs] [Times: user=0.02 sys=0.01, real=0.01 secs] 
2014-07-08T02:28:33.899+0000: 2554.525: [GC [PSYoungGen: 243706K->1339K(237760K)] 630086K->387953K(924736K), 0.0074850 secs] [Times: user=0.05 sys=0.00, real=0.01 secs] 
2014-07-08T02:28:34.676+0000: 2555.302: [GC [PSYoungGen: 237755K->1703K(232512K)] 624369K->388397K(919488K), 0.0063020 secs] [Times: user=0.03 sys=0.01, real=0.01 secs] 
2014-07-08T02:28:35.270+0000: 2555.895: [GC [PSYoungGen: 232487K->1066K(226432K)] 619181K->388014K(913408K), 0.0052010 secs] [Times: user=0.04 sys=0.00, real=0.01 secs] 
2014-07-08T02:28:36.078+0000: 2556.704: [GC [PSYoungGen: 226406K->1584K(221696K)] 613354K->388604K(908672K), 0.0039850 secs] [Times: user=0.02 sys=0.00, real=0.01 secs] 
2014-07-08T02:28:36.733+0000: 2557.359: [GC [PSYoungGen: 221642K->1316K(216384K)] 608662K->388432K(903360K), 0.0039430 secs] [Times: user=0.03 sys=0.00, real=0.00 secs] 
2014-07-08T02:28:37.309+0000: 2557.935: [GC [PSYoungGen: 216356K->808K(211008K)] 603472K->388004K(897984K), 0.0045120 secs] [Times: user=0.03 sys=0.00, real=0.01 secs] 
2014-07-08T02:28:37.984+0000: 2558.610: [GC [PSYoungGen: 210984K->1118K(206656K)] 598180K->388362K(893632K), 0.0062280 secs] [Times: user=0.02 sys=0.00, real=0.00 secs] 
2014-07-08T02:28:38.461+0000: 2559.087: [GC [PSYoungGen: 206621K->1103K(202112K)] 593865K->388395K(889088K), 0.0069730 secs] [Times: user=0.04 sys=0.00, real=0.01 secs] 
2014-07-08T02:28:39.309+0000: 2559.935: [GC [PSYoungGen: 202063K->1021K(197632K)] 589355K->388393K(884608K), 0.0055330 secs] [Times: user=0.03 sys=0.00, real=0.01 secs] 
2014-07-08T02:28:39.777+0000: 2560.403: [GC [PSYoungGen: 197620K->1022K(193408K)] 584992K->388490K(880384K), 0.0038230 secs] [Times: user=0.02 sys=0.00, real=0.00 secs] 
2014-07-08T02:28:40.182+0000: 2560.808: [GC [PSYoungGen: 193406K->1126K(189440K)] 580874K->388650K(876416K), 0.0035990 secs] [Times: user=0.02 sys=0.00, real=0.01 secs] 
2014-07-08T02:28:40.855+0000: 2561.481: [GC [PSYoungGen: 189414K->996K(185344K)] 576938K->388544K(872320K), 0.0058980 secs] [Times: user=0.02 sys=0.01, real=0.00 secs] 
2014-07-08T02:28:41.323+0000: 2561.949: [GC [PSYoungGen: 185316K->1320K(222528K)] 572864K->388932K(909504K), 0.0086030 secs] [Times: user=0.05 sys=0.00, real=0.00 secs] 
2014-07-08T02:28:41.906+0000: 2562.532: [GC [PSYoungGen: 222504K->1086K(266560K)] 610116K->388794K(953536K), 0.0056460 secs] [Times: user=0.03 sys=0.00, real=0.00 secs] 
2014-07-08T02:28:42.652+0000: 2563.278: [GC [PSYoungGen: 266558K->1312K(319936K)] 654266K->389100K(1006912K), 0.0107070 secs] [Times: user=0.06 sys=0.00, real=0.01 secs] 
2014-07-08T02:28:43.545+0000: 2564.171: [GC [PSYoungGen: 319904K->1308K(383680K)] 707692K->389192K(1070656K), 0.0076620 secs] [Times: user=0.05 sys=0.00, real=0.00 secs] 
2014-07-08T02:28:44.844+0000: 2565.470: [GC [PSYoungGen: 383644K->1082K(372032K)] 771528K->389030K(1059008K), 0.0079230 secs] [Times: user=0.05 sys=0.00, real=0.00 secs] 
2014-07-08T02:28:46.143+0000: 2566.769: [GC [PSYoungGen: 372026K->1142K(396032K)] 759974K->389129K(1083008K), 0.0182850 secs] [Times: user=0.11 sys=0.00, real=0.01 secs] 
2014-07-08T02:28:47.930+0000: 2568.556: [GC [PSYoungGen: 395382K->1380K(383744K)] 783369K->389408K(1070720K), 0.0133800 secs] [Times: user=0.09 sys=0.00, real=0.02 secs] 
2014-07-08T02:28:49.862+0000: 2570.488: [GC [PSYoungGen: 383709K->1426K(372416K)] 771736K->389478K(1059392K), 0.0046190 secs] [Times: user=0.03 sys=0.00, real=0.01 secs] 
2014-07-08T02:28:51.844+0000: 2572.470: [GC [PSYoungGen: 372331K->615K(360704K)] 760383K->389071K(1047680K), 0.0096470 secs] [Times: user=0.06 sys=0.00, real=0.01 secs] 
2014-07-08T02:28:53.719+0000: 2574.345: [GC [PSYoungGen: 360679K->1767K(351424K)] 749135K->390555K(1038400K), 0.0078020 secs] [Times: user=0.05 sys=0.00, real=0.01 secs] 
2014-07-08T02:28:55.395+0000: 2576.021: [GC [PSYoungGen: 351399K->1209K(340800K)] 740187K->390435K(1027776K), 0.0114610 secs] [Times: user=0.06 sys=0.01, real=0.01 secs] 
2014-07-08T02:28:56.282+0000: 2576.908: [GC [PSYoungGen: 340782K->1240K(331264K)] 730008K->390646K(1018240K), 0.0059520 secs] [Times: user=0.04 sys=0.00, real=0.01 secs] 
2014-07-08T02:28:57.321+0000: 2577.947: [GC [PSYoungGen: 331140K->1132K(321920K)] 720546K->390594K(1008896K), 0.0040600 secs] [Times: user=0.02 sys=0.00, real=0.01 secs] 
2014-07-08T02:28:58.443+0000: 2579.069: [GC [PSYoungGen: 321853K->1188K(313152K)] 711315K->390698K(1000128K), 0.0046490 secs] [Times: user=0.02 sys=0.01, real=0.01 secs] 
2014-07-08T02:28:59.329+0000: 2579.955: [GC [PSYoungGen: 313124K->1138K(304576K)] 702634K->390673K(991552K), 0.0079080 secs] [Times: user=0.02 sys=0.01, real=0.01 secs] 
2014-07-08T02:29:00.357+0000: 2580.983: [GC [PSYoungGen: 304562K->1602K(296896K)] 694097K->391184K(983872K), 0.0051350 secs] [Times: user=0.02 sys=0.00, real=0.00 secs] 
2014-07-08T02:29:01.129+0000: 2581.755: [GC [PSYoungGen: 296834K->1074K(288448K)] 686416K->390918K(975424K), 0.0084840 secs] [Times: user=0.05 sys=0.00, real=0.01 secs] 
2014-07-08T02:29:01.868+0000: 2582.494: [GC [PSYoungGen: 288434K->1367K(281216K)] 678278K->391291K(968192K), 0.0134920 secs] [Times: user=0.08 sys=0.00, real=0.01 secs] 
2014-07-08T02:29:02.991+0000: 2583.617: [GC [PSYoungGen: 281175K->1280K(273920K)] 671099K->391300K(960896K), 0.0062190 secs] [Times: user=0.04 sys=0.00, real=0.01 secs] 
2014-07-08T02:29:04.046+0000: 2584.672: [GC [PSYoungGen: 273837K->1178K(266816K)] 663858K->391262K(953792K), 0.0050150 secs] [Times: user=0.03 sys=0.00, real=0.00 secs] 
2014-07-08T02:29:05.072+0000: 2585.698: [GC [PSYoungGen: 266778K->1196K(260096K)] 656862K->391360K(947072K), 0.0098600 secs] [Times: user=0.05 sys=0.00, real=0.01 secs] 
2014-07-08T02:29:06.269+0000: 2586.895: [GC [PSYoungGen: 260074K->1174K(253632K)] 650238K->391418K(940608K), 0.0053070 secs] [Times: user=0.04 sys=0.01, real=0.00 secs] 
2014-07-08T02:29:07.590+0000: 2588.216: [GC [PSYoungGen: 253590K->1208K(247424K)] 643834K->391612K(934400K), 0.0060730 secs] [Times: user=0.04 sys=0.00, real=0.00 secs] 
2014-07-08T02:29:08.869+0000: 2589.495: [GC [PSYoungGen: 247416K->1198K(241472K)] 637820K->391690K(928448K), 0.0069750 secs] [Times: user=0.05 sys=0.01, real=0.00 secs] 
2014-07-08T02:29:09.943+0000: 2590.569: [GC [PSYoungGen: 241454K->1066K(235584K)] 631946K->391955K(922560K), 0.0044620 secs] [Times: user=0.03 sys=0.00, real=0.01 secs] 
2014-07-08T02:29:11.247+0000: 2591.873: [GC [PSYoungGen: 235548K->1124K(230080K)] 626437K->392068K(917056K), 0.0087150 secs] [Times: user=0.06 sys=0.00, real=0.00 secs] 
2014-07-08T02:29:12.434+0000: 2593.060: [GC [PSYoungGen: 230052K->1266K(224832K)] 620996K->392397K(911808K), 0.0110310 secs] [Times: user=0.06 sys=0.00, real=0.01 secs] 
2014-07-08T02:29:13.139+0000: 2593.765: [GC [PSYoungGen: 224818K->1721K(220096K)] 615949K->392956K(907072K), 0.0099070 secs] [Times: user=0.06 sys=0.00, real=0.01 secs] 
2014-07-08T02:29:13.984+0000: 2594.610: [GC [PSYoungGen: 220071K->502K(213888K)] 611306K->392256K(900864K), 0.0060870 secs] [Times: user=0.04 sys=0.00, real=0.01 secs] 
2014-07-08T02:29:14.624+0000: 2595.250: [GC [PSYoungGen: 213878K->1154K(209792K)] 605632K->392964K(896768K), 0.0069180 secs] [Times: user=0.04 sys=0.00, real=0.01 secs] 
2014-07-08T02:29:15.188+0000: 2595.814: [GC [PSYoungGen: 209713K->862K(204864K)] 601524K->393052K(891840K), 0.0070850 secs] [Times: user=0.04 sys=0.01, real=0.00 secs] 
2014-07-08T02:29:15.797+0000: 2596.423: [GC [PSYoungGen: 204830K->988K(200512K)] 597020K->393235K(887488K), 0.0038180 secs] [Times: user=0.02 sys=0.00, real=0.01 secs] 
2014-07-08T02:29:16.252+0000: 2596.878: [GC [PSYoungGen: 200476K->1508K(240960K)] 592723K->393835K(927936K), 0.0100440 secs] [Times: user=0.06 sys=0.00, real=0.01 secs] 
2014-07-08T02:29:17.204+0000: 2597.830: [GC [PSYoungGen: 240886K->1686K(289088K)] 633213K->394092K(976064K), 0.0065000 secs] [Times: user=0.04 sys=0.00, real=0.01 secs] 
2014-07-08T02:29:18.036+0000: 2598.662: [GC [PSYoungGen: 289027K->616K(345472K)] 681434K->393190K(1032448K), 0.0074570 secs] [Times: user=0.02 sys=0.00, real=0.01 secs] 
2014-07-08T02:29:19.077+0000: 2599.703: [GC [PSYoungGen: 345437K->1448K(336448K)] 738012K->394087K(1023424K), 0.0049300 secs] [Times: user=0.02 sys=0.00, real=0.01 secs] 
2014-07-08T02:29:20.351+0000: 2600.977: [GC [PSYoungGen: 336424K->1585K(327168K)] 729063K->394472K(1014144K), 0.0153930 secs] [Times: user=0.08 sys=0.00, real=0.01 secs] 
2014-07-08T02:29:21.282+0000: 2601.907: [GC [PSYoungGen: 327153K->1352K(317952K)] 720040K->394287K(1004928K), 0.0101560 secs] [Times: user=0.06 sys=0.00, real=0.01 secs] 
2014-07-08T02:29:22.408+0000: 2603.034: [GC [PSYoungGen: 317896K->1127K(308992K)] 710831K->394126K(995968K), 0.0060840 secs] [Times: user=0.03 sys=0.00, real=0.01 secs] 
2014-07-08T02:29:23.909+0000: 2604.535: [GC [PSYoungGen: 308967K->1455K(300992K)] 701966K->394534K(987968K), 0.0064060 secs] [Times: user=0.02 sys=0.00, real=0.00 secs] 
2014-07-08T02:29:25.196+0000: 2605.822: [GC [PSYoungGen: 300975K->1379K(292928K)] 694054K->394578K(979904K), 0.0087650 secs] [Times: user=0.05 sys=0.00, real=0.01 secs] 
2014-07-08T02:29:26.554+0000: 2607.180: [GC [PSYoungGen: 292899K->1568K(285440K)] 686098K->394823K(972416K), 0.0040260 secs] [Times: user=0.02 sys=0.00, real=0.00 secs] 
2014-07-08T02:29:27.805+0000: 2608.431: [GC [PSYoungGen: 285408K->1006K(277440K)] 678663K->394425K(964416K), 0.0055370 secs] [Times: user=0.02 sys=0.00, real=0.01 secs] 
2014-07-08T02:29:28.920+0000: 2609.546: [GC [PSYoungGen: 277422K->1537K(270912K)] 670841K->395020K(957888K), 0.0046460 secs] [Times: user=0.03 sys=0.00, real=0.00 secs] 
2014-07-08T02:29:30.392+0000: 2611.018: [GC [PSYoungGen: 270849K->1404K(263872K)] 664332K->394935K(950848K), 0.0122590 secs] [Times: user=0.08 sys=0.00, real=0.01 secs] 
2014-07-08T02:29:31.569+0000: 2612.195: [GC [PSYoungGen: 263868K->1436K(257344K)] 657399K->395055K(944320K), 0.0082820 secs] [Times: user=0.05 sys=0.00, real=0.01 secs] 
2014-07-08T02:29:32.951+0000: 2613.577: [GC [PSYoungGen: 257308K->1006K(250560K)] 650927K->394739K(937536K), 0.0087540 secs] [Times: user=0.03 sys=0.00, real=0.01 secs] 
2014-07-08T02:29:33.904+0000: 2614.530: [GC [PSYoungGen: 250542K->1454K(244928K)] 644275K->395243K(931904K), 0.0043460 secs] [Times: user=0.02 sys=0.00, real=0.00 secs] 
2014-07-08T02:29:35.103+0000: 2615.729: [GC [PSYoungGen: 244910K->1178K(238784K)] 638699K->395007K(925760K), 0.0095580 secs] [Times: user=0.06 sys=0.00, real=0.01 secs] 
2014-07-08T02:29:36.346+0000: 2616.971: [GC [PSYoungGen: 238746K->1686K(233600K)] 632575K->395595K(920576K), 0.0083590 secs] [Times: user=0.05 sys=0.00, real=0.01 secs] 
2014-07-08T02:29:37.411+0000: 2618.037: [GC [PSYoungGen: 233460K->826K(227264K)] 627369K->395003K(914240K), 0.0051720 secs] [Times: user=0.03 sys=0.00, real=0.00 secs] 
2014-07-08T02:29:38.433+0000: 2619.059: [GC [PSYoungGen: 227258K->1482K(222720K)] 621435K->395731K(909696K), 0.0088250 secs] [Times: user=0.04 sys=0.00, real=0.01 secs] 
2014-07-08T02:29:39.403+0000: 2620.029: [GC [PSYoungGen: 222666K->1176K(217344K)] 616915K->395539K(904320K), 0.0146190 secs] [Times: user=0.08 sys=0.01, real=0.01 secs] 
2014-07-08T02:29:40.326+0000: 2620.952: [GC [PSYoungGen: 217304K->950K(212160K)] 611667K->395377K(899136K), 0.0075080 secs] [Times: user=0.04 sys=0.00, real=0.01 secs] 
2014-07-08T02:29:41.138+0000: 2621.764: [GC [PSYoungGen: 212150K->1078K(207552K)] 606577K->395561K(894528K), 0.0098590 secs] [Times: user=0.05 sys=0.00, real=0.01 secs] 
2014-07-08T02:29:42.279+0000: 2622.905: [GC [PSYoungGen: 207542K->1010K(202944K)] 602025K->395541K(889920K), 0.0045420 secs] [Times: user=0.02 sys=0.00, real=0.01 secs] 
2014-07-08T02:29:43.094+0000: 2623.720: [GC [PSYoungGen: 202930K->1074K(198592K)] 597461K->395669K(885568K), 0.0064130 secs] [Times: user=0.03 sys=0.00, real=0.00 secs] 
2014-07-08T02:29:43.811+0000: 2624.437: [GC [PSYoungGen: 198578K->910K(194240K)] 593173K->395545K(881216K), 0.0045800 secs] [Times: user=0.02 sys=0.00, real=0.01 secs] 
2014-07-08T02:29:44.411+0000: 2625.037: [GC [PSYoungGen: 194190K->1066K(190272K)] 588825K->395789K(877248K), 0.0102090 secs] [Times: user=0.05 sys=0.01, real=0.01 secs] 
2014-07-08T02:29:45.043+0000: 2625.669: [GC [PSYoungGen: 190250K->960K(228096K)] 584973K->395723K(915072K), 0.0121110 secs] [Times: user=0.05 sys=0.00, real=0.01 secs] 
2014-07-08T02:29:45.594+0000: 2626.220: [GC [PSYoungGen: 228032K->1095K(273664K)] 622795K->395914K(960640K), 0.0065370 secs] [Times: user=0.05 sys=0.00, real=0.00 secs] 
2014-07-08T02:29:46.405+0000: 2627.031: [GC [PSYoungGen: 273606K->1046K(328128K)] 668425K->395905K(1015104K), 0.0049750 secs] [Times: user=0.02 sys=0.00, real=0.00 secs] 
2014-07-08T02:29:47.511+0000: 2628.137: [GC [PSYoungGen: 328086K->1259K(319232K)] 722945K->396513K(1006208K), 0.0077000 secs] [Times: user=0.04 sys=0.00, real=0.01 secs] 
2014-07-08T02:29:48.281+0000: 2628.907: [GC [PSYoungGen: 319179K->1181K(310400K)] 714432K->396466K(997376K), 0.0080990 secs] [Times: user=0.02 sys=0.00, real=0.01 secs] 
2014-07-08T02:29:49.212+0000: 2629.838: [GC [PSYoungGen: 310365K->1275K(302080K)] 705650K->396730K(989056K), 0.0077050 secs] [Times: user=0.05 sys=0.00, real=0.01 secs] 
2014-07-08T02:29:50.234+0000: 2630.860: [GC [PSYoungGen: 302075K->1134K(293888K)] 697530K->396637K(980864K), 0.0053850 secs] [Times: user=0.02 sys=0.00, real=0.00 secs] 
2014-07-08T02:29:51.645+0000: 2632.270: [GC [PSYoungGen: 293870K->1206K(286208K)] 689373K->396829K(973184K), 0.0178300 secs] [Times: user=0.10 sys=0.00, real=0.01 secs] 
2014-07-08T02:29:52.989+0000: 2633.615: [GC [PSYoungGen: 286162K->1320K(278912K)] 681785K->397015K(965888K), 0.0070960 secs] [Times: user=0.04 sys=0.00, real=0.01 secs] 
2014-07-08T02:29:53.900+0000: 2634.525: [GC [PSYoungGen: 278864K->1070K(271488K)] 674560K->397183K(958464K), 0.0066010 secs] [Times: user=0.04 sys=0.00, real=0.01 secs] 
2014-07-08T02:29:54.986+0000: 2635.612: [GC [PSYoungGen: 271470K->1182K(264704K)] 667583K->397393K(951680K), 0.0068620 secs] [Times: user=0.02 sys=0.01, real=0.00 secs] 
2014-07-08T02:29:56.091+0000: 2636.716: [GC [PSYoungGen: 264659K->1334K(258176K)] 660870K->397817K(945152K), 0.0165510 secs] [Times: user=0.10 sys=0.00, real=0.02 secs] 
2014-07-08T02:29:57.036+0000: 2637.662: [GC [PSYoungGen: 258166K->1136K(309376K)] 654649K->397659K(996352K), 0.0119540 secs] [Times: user=0.06 sys=0.00, real=0.01 secs] 
2014-07-08T02:29:57.822+0000: 2638.448: [GC [PSYoungGen: 309360K->1020K(370944K)] 705883K->397591K(1057920K), 0.0178140 secs] [Times: user=0.11 sys=0.01, real=0.02 secs] 
2014-07-08T02:29:59.063+0000: 2639.689: [GC [PSYoungGen: 370919K->1647K(404672K)] 767490K->398274K(1091648K), 0.0138740 secs] [Times: user=0.08 sys=0.00, real=0.02 secs] 
2014-07-08T02:30:00.220+0000: 2640.846: [GC [PSYoungGen: 404526K->1560K(445824K)] 801153K->398292K(1132800K), 0.0074840 secs] [Times: user=0.05 sys=0.00, real=0.01 secs] 
2014-07-08T02:30:01.515+0000: 2642.140: [GC [PSYoungGen: 445433K->1189K(445824K)] 842164K->397976K(1132800K), 0.0120970 secs] [Times: user=0.07 sys=0.00, real=0.02 secs] 
2014-07-08T02:30:02.884+0000: 2643.510: [GC [PSYoungGen: 445093K->1424K(431360K)] 841880K->398267K(1118336K), 0.0050950 secs] [Times: user=0.02 sys=0.00, real=0.01 secs] 
2014-07-08T02:30:03.934+0000: 2644.560: [GC [PSYoungGen: 431312K->1046K(417600K)] 828155K->397945K(1104576K), 0.0111820 secs] [Times: user=0.04 sys=0.01, real=0.02 secs] 
2014-07-08T02:30:05.351+0000: 2645.977: [GC [PSYoungGen: 417558K->1212K(404864K)] 814457K->398168K(1091840K), 0.0040120 secs] [Times: user=0.02 sys=0.00, real=0.01 secs] 
2014-07-08T02:30:06.664+0000: 2647.290: [GC [PSYoungGen: 404860K->1248K(392640K)] 801816K->398259K(1079616K), 0.0046210 secs] [Times: user=0.03 sys=0.00, real=0.01 secs] 
2014-07-08T02:30:08.036+0000: 2648.662: [GC [PSYoungGen: 392577K->1058K(380672K)] 789588K->398109K(1067648K), 0.0059340 secs] [Times: user=0.02 sys=0.01, real=0.00 secs] 
2014-07-08T02:30:08.984+0000: 2649.610: [GC [PSYoungGen: 380627K->1341K(369664K)] 777678K->398456K(1056640K), 0.0038680 secs] [Times: user=0.02 sys=0.00, real=0.01 secs] 
2014-07-08T02:30:10.210+0000: 2650.836: [GC [PSYoungGen: 369660K->1124K(358656K)] 766775K->398327K(1045632K), 0.0085990 secs] [Times: user=0.05 sys=0.00, real=0.01 secs] 
2014-07-08T02:30:11.319+0000: 2651.945: [GC [PSYoungGen: 358628K->992K(348160K)] 755831K->398267K(1035136K), 0.0068610 secs] [Times: user=0.04 sys=0.01, real=0.01 secs] 
2014-07-08T02:30:12.764+0000: 2653.390: [GC [PSYoungGen: 348128K->1318K(338560K)] 745403K->398737K(1025536K), 0.0142790 secs] [Times: user=0.09 sys=0.00, real=0.02 secs] 
2014-07-08T02:30:14.499+0000: 2655.124: [GC [PSYoungGen: 338511K->1527K(329216K)] 735930K->398994K(1016192K), 0.0107830 secs] [Times: user=0.06 sys=0.00, real=0.01 secs] 
2014-07-08T02:30:15.865+0000: 2656.491: [GC [PSYoungGen: 329200K->754K(319296K)] 726668K->398489K(1006272K), 0.0090340 secs] [Times: user=0.05 sys=0.01, real=0.01 secs] 
2014-07-08T02:30:16.718+0000: 2657.344: [GC [PSYoungGen: 319245K->1325K(311104K)] 716981K->399148K(998080K), 0.0062940 secs] [Times: user=0.04 sys=0.00, real=0.00 secs] 
2014-07-08T02:30:17.590+0000: 2658.216: [GC [PSYoungGen: 311072K->1106K(302464K)] 708895K->399259K(989440K), 0.0142600 secs] [Times: user=0.08 sys=0.00, real=0.01 secs] 
2014-07-08T02:30:18.626+0000: 2659.252: [GC [PSYoungGen: 302379K->1128K(294400K)] 700533K->399329K(981376K), 0.0109030 secs] [Times: user=0.07 sys=0.00, real=0.02 secs] 
2014-07-08T02:30:19.557+0000: 2660.183: [GC [PSYoungGen: 294376K->1334K(286848K)] 692577K->399631K(973824K), 0.0089140 secs] [Times: user=0.06 sys=0.00, real=0.01 secs] 
2014-07-08T02:30:20.386+0000: 2661.012: [GC [PSYoungGen: 286838K->1102K(279168K)] 685135K->399455K(966144K), 0.0098180 secs] [Times: user=0.06 sys=0.01, real=0.01 secs] 
2014-07-08T02:30:21.071+0000: 2661.697: [GC [PSYoungGen: 279118K->1120K(334784K)] 677471K->399948K(1021760K), 0.0089990 secs] [Times: user=0.05 sys=0.00, real=0.01 secs] 
2014-07-08T02:30:22.042+0000: 2662.668: [GC [PSYoungGen: 334731K->1111K(325376K)] 733559K->400011K(1012352K), 0.0074650 secs] [Times: user=0.05 sys=0.01, real=0.01 secs] 
2014-07-08T02:30:22.808+0000: 2663.434: [GC [PSYoungGen: 325335K->1148K(316352K)] 724235K->400228K(1003328K), 0.0046710 secs] [Times: user=0.02 sys=0.00, real=0.01 secs] 
2014-07-08T02:30:23.860+0000: 2664.486: [GC [PSYoungGen: 316321K->1470K(308032K)] 715401K->400630K(995008K), 0.0090830 secs] [Times: user=0.06 sys=0.01, real=0.01 secs] 
2014-07-08T02:30:24.755+0000: 2665.381: [GC [PSYoungGen: 308030K->1018K(299264K)] 707190K->400258K(986240K), 0.0054440 secs] [Times: user=0.03 sys=0.00, real=0.01 secs] 
2014-07-08T02:30:25.820+0000: 2666.445: [GC [PSYoungGen: 299258K->780K(291136K)] 698498K->400052K(978112K), 0.0043420 secs] [Times: user=0.01 sys=0.00, real=0.00 secs] 
2014-07-08T02:30:26.539+0000: 2667.165: [GC [PSYoungGen: 291043K->1468K(284096K)] 690315K->400804K(971072K), 0.0084780 secs] [Times: user=0.05 sys=0.01, real=0.00 secs] 
2014-07-08T02:30:27.378+0000: 2668.003: [GC [PSYoungGen: 284092K->1551K(340800K)] 683428K->400934K(1027776K), 0.0148640 secs] [Times: user=0.07 sys=0.01, real=0.02 secs] 
2014-07-08T02:30:28.392+0000: 2669.018: [GC [PSYoungGen: 340751K->680K(330304K)] 740134K->400518K(1017280K), 0.0071210 secs] [Times: user=0.03 sys=0.00, real=0.01 secs] 
2014-07-08T02:30:29.393+0000: 2670.019: [GC [PSYoungGen: 330280K->928K(321344K)] 730118K->400830K(1008320K), 0.0077520 secs] [Times: user=0.05 sys=0.01, real=0.01 secs] 
2014-07-08T02:30:30.330+0000: 2670.955: [GC [PSYoungGen: 321312K->1466K(313024K)] 721214K->401512K(1000000K), 0.0047660 secs] [Times: user=0.03 sys=0.00, real=0.00 secs] 
2014-07-08T02:30:31.310+0000: 2671.935: [GC [PSYoungGen: 313018K->1010K(304064K)] 713064K->401104K(991040K), 0.0040490 secs] [Times: user=0.01 sys=0.00, real=0.00 secs] 
2014-07-08T02:30:32.204+0000: 2672.830: [GC [PSYoungGen: 304050K->1270K(296192K)] 704144K->401428K(983168K), 0.0038810 secs] [Times: user=0.02 sys=0.00, real=0.00 secs] 
2014-07-08T02:30:33.251+0000: 2673.877: [GC [PSYoungGen: 296182K->1188K(288320K)] 696340K->401426K(975296K), 0.0061440 secs] [Times: user=0.02 sys=0.00, real=0.00 secs] 
2014-07-08T02:30:34.207+0000: 2674.833: [GC [PSYoungGen: 288292K->1152K(280768K)] 688530K->401438K(967744K), 0.0041400 secs] [Times: user=0.02 sys=0.00, real=0.01 secs] 
2014-07-08T02:30:34.970+0000: 2675.596: [GC [PSYoungGen: 280704K->1298K(273664K)] 680990K->401641K(960640K), 0.0141170 secs] [Times: user=0.09 sys=0.00, real=0.01 secs] 
2014-07-08T02:30:35.731+0000: 2676.357: [GC [PSYoungGen: 273577K->944K(266304K)] 673919K->401898K(953280K), 0.0065690 secs] [Times: user=0.05 sys=0.00, real=0.00 secs] 
2014-07-08T02:30:36.590+0000: 2677.216: [GC [PSYoungGen: 266218K->1267K(319744K)] 667173K->402254K(1006720K), 0.0147460 secs] [Times: user=0.09 sys=0.00, real=0.02 secs] 
2014-07-08T02:30:38.111+0000: 2678.736: [GC [PSYoungGen: 319731K->1042K(310784K)] 720718K->402216K(997760K), 0.0085360 secs] [Times: user=0.05 sys=0.00, real=0.00 secs] 
2014-07-08T02:30:39.675+0000: 2680.301: [GC [PSYoungGen: 310737K->1194K(372864K)] 711912K->402417K(1059840K), 0.0213590 secs] [Times: user=0.13 sys=0.01, real=0.02 secs] 
2014-07-08T02:30:40.761+0000: 2681.387: [GC [PSYoungGen: 372842K->1189K(361920K)] 774065K->402460K(1048896K), 0.0055820 secs] [Times: user=0.01 sys=0.00, real=0.00 secs] 
2014-07-08T02:30:41.994+0000: 2682.620: [GC [PSYoungGen: 361893K->1034K(351296K)] 763164K->402353K(1038272K), 0.0091010 secs] [Times: user=0.05 sys=0.00, real=0.01 secs] 
2014-07-08T02:30:43.055+0000: 2683.681: [GC [PSYoungGen: 351242K->1084K(341248K)] 752561K->402483K(1028224K), 0.0072630 secs] [Times: user=0.04 sys=0.00, real=0.01 secs] 
2014-07-08T02:30:44.009+0000: 2684.635: [GC [PSYoungGen: 341244K->1014K(331520K)] 742643K->402460K(1018496K), 0.0087400 secs] [Times: user=0.03 sys=0.00, real=0.01 secs] 
2014-07-08T02:30:45.023+0000: 2685.649: [GC [PSYoungGen: 331510K->1020K(322240K)] 732956K->402515K(1009216K), 0.0109510 secs] [Times: user=0.07 sys=0.00, real=0.01 secs] 
2014-07-08T02:30:46.031+0000: 2686.657: [GC [PSYoungGen: 322236K->836K(313216K)] 723731K->402394K(1000192K), 0.0043420 secs] [Times: user=0.02 sys=0.00, real=0.01 secs] 
2014-07-08T02:30:47.013+0000: 2687.638: [GC [PSYoungGen: 313156K->1052K(304896K)] 714714K->402675K(991872K), 0.0038420 secs] [Times: user=0.02 sys=0.00, real=0.00 secs] 
2014-07-08T02:30:47.997+0000: 2688.623: [GC [PSYoungGen: 304860K->1536K(297216K)] 706483K->403231K(984192K), 0.0061490 secs] [Times: user=0.03 sys=0.00, real=0.01 secs] 
2014-07-08T02:30:49.028+0000: 2689.654: [GC [PSYoungGen: 297152K->544K(355328K)] 698847K->403021K(1042304K), 0.0230520 secs] [Times: user=0.13 sys=0.01, real=0.02 secs] 
2014-07-08T02:30:50.632+0000: 2691.258: [GC [PSYoungGen: 355296K->1282K(345856K)] 757773K->403815K(1032832K), 0.0095220 secs] [Times: user=0.06 sys=0.00, real=0.00 secs] 
2014-07-08T02:30:52.223+0000: 2692.849: [GC [PSYoungGen: 345794K->978K(335744K)] 748327K->403955K(1022720K), 0.0114480 secs] [Times: user=0.07 sys=0.01, real=0.01 secs] 
2014-07-08T02:30:53.586+0000: 2694.212: [GC [PSYoungGen: 335698K->1166K(326528K)] 738675K->404191K(1013504K), 0.0070870 secs] [Times: user=0.03 sys=0.00, real=0.01 secs] 
2014-07-08T02:30:55.318+0000: 2695.944: [GC [PSYoungGen: 326443K->1134K(317440K)] 729468K->404693K(1004416K), 0.0107230 secs] [Times: user=0.08 sys=0.00, real=0.01 secs] 
2014-07-08T02:30:57.043+0000: 2697.669: [GC [PSYoungGen: 317422K->1238K(308864K)] 720981K->404853K(995840K), 0.0081680 secs] [Times: user=0.06 sys=0.00, real=0.01 secs] 
2014-07-08T02:30:58.293+0000: 2698.919: [GC [PSYoungGen: 308809K->1117K(300416K)] 712424K->404920K(987392K), 0.0208370 secs] [Times: user=0.14 sys=0.00, real=0.02 secs] 
2014-07-08T02:30:59.342+0000: 2699.968: [GC [PSYoungGen: 300367K->1672K(292992K)] 704171K->405571K(979968K), 0.0082540 secs] [Times: user=0.06 sys=0.00, real=0.01 secs] 
2014-07-08T02:31:00.600+0000: 2701.226: [GC [PSYoungGen: 292936K->636K(284224K)] 696835K->405347K(971200K), 0.0092610 secs] [Times: user=0.07 sys=0.00, real=0.01 secs] 
2014-07-08T02:31:01.964+0000: 2702.590: [GC [PSYoungGen: 284193K->1723K(277888K)] 688905K->406482K(964864K), 0.0040700 secs] [Times: user=0.02 sys=0.00, real=0.00 secs] 
2014-07-08T02:31:02.847+0000: 2703.473: [GC [PSYoungGen: 277842K->1278K(270336K)] 682601K->406373K(957312K), 0.0154560 secs] [Times: user=0.10 sys=0.00, real=0.01 secs] 
2014-07-08T02:31:03.493+0000: 2704.119: [GC [PSYoungGen: 270334K->1479K(324416K)] 675429K->406647K(1011392K), 0.0088670 secs] [Times: user=0.06 sys=0.00, real=0.01 secs] 
2014-07-08T02:31:04.562+0000: 2705.187: [GC [PSYoungGen: 324359K->1060K(315008K)] 729527K->406283K(1001984K), 0.0037370 secs] [Times: user=0.02 sys=0.00, real=0.01 secs] 
2014-07-08T02:31:05.537+0000: 2706.163: [GC [PSYoungGen: 314980K->890K(306240K)] 720203K->406169K(993216K), 0.0043220 secs] [Times: user=0.02 sys=0.00, real=0.00 secs] 
2014-07-08T02:31:06.433+0000: 2707.059: [GC [PSYoungGen: 306234K->1060K(298176K)] 711513K->406387K(985152K), 0.0098250 secs] [Times: user=0.06 sys=0.00, real=0.01 secs] 
2014-07-08T02:31:07.458+0000: 2708.084: [GC [PSYoungGen: 298148K->1090K(290304K)] 703475K->406481K(977280K), 0.0092750 secs] [Times: user=0.06 sys=0.00, real=0.01 secs] 
2014-07-08T02:31:08.506+0000: 2709.132: [GC [PSYoungGen: 290242K->1304K(348352K)] 695633K->406736K(1035328K), 0.0263000 secs] [Times: user=0.17 sys=0.00, real=0.02 secs] 
2014-07-08T02:31:10.030+0000: 2710.656: [GC [PSYoungGen: 348312K->1362K(417856K)] 753744K->406881K(1104832K), 0.0115960 secs] [Times: user=0.08 sys=0.00, real=0.01 secs] 
2014-07-08T02:31:12.245+0000: 2712.871: [GC [PSYoungGen: 417810K->872K(404544K)] 823329K->406721K(1091520K), 0.0082380 secs] [Times: user=0.05 sys=0.01, real=0.00 secs] 
2014-07-08T02:31:13.979+0000: 2714.604: [GC [PSYoungGen: 404484K->1360K(392768K)] 810334K->407265K(1079744K), 0.0045140 secs] [Times: user=0.02 sys=0.00, real=0.00 secs] 
2014-07-08T02:31:15.266+0000: 2715.892: [GC [PSYoungGen: 392720K->1320K(380928K)] 798625K->407436K(1067904K), 0.0034990 secs] [Times: user=0.03 sys=0.00, real=0.01 secs] 
2014-07-08T02:31:16.533+0000: 2717.159: [GC [PSYoungGen: 380888K->1266K(369600K)] 787003K->407453K(1056576K), 0.0053770 secs] [Times: user=0.03 sys=0.00, real=0.01 secs] 
2014-07-08T02:31:17.666+0000: 2718.292: [GC [PSYoungGen: 369586K->1003K(358528K)] 775773K->407531K(1045504K), 0.0038910 secs] [Times: user=0.02 sys=0.00, real=0.00 secs] 
2014-07-08T02:31:19.128+0000: 2719.754: [GC [PSYoungGen: 358507K->1708K(348864K)] 765035K->408316K(1035840K), 0.0101740 secs] [Times: user=0.06 sys=0.01, real=0.01 secs] 
2014-07-08T02:31:20.817+0000: 2721.442: [GC [PSYoungGen: 348844K->758K(337984K)] 755452K->407669K(1024960K), 0.0037740 secs] [Times: user=0.02 sys=0.00, real=0.01 secs] 
2014-07-08T02:31:21.921+0000: 2722.546: [GC [PSYoungGen: 337974K->1474K(329216K)] 744885K->408474K(1016192K), 0.0053760 secs] [Times: user=0.02 sys=0.00, real=0.00 secs] 
2014-07-08T02:31:22.951+0000: 2723.576: [GC [PSYoungGen: 329137K->996K(319552K)] 736136K->408052K(1006528K), 0.0039400 secs] [Times: user=0.02 sys=0.00, real=0.00 secs] 
2014-07-08T02:31:23.826+0000: 2724.452: [GC [PSYoungGen: 319524K->1118K(310912K)] 726580K->408222K(997888K), 0.0042250 secs] [Times: user=0.01 sys=0.00, real=0.01 secs] 
2014-07-08T02:31:24.737+0000: 2725.363: [GC [PSYoungGen: 310878K->1235K(302592K)] 717982K->408411K(989568K), 0.0066950 secs] [Times: user=0.05 sys=0.00, real=0.01 secs] 
2014-07-08T02:31:25.677+0000: 2726.303: [GC [PSYoungGen: 302530K->1053K(294336K)] 709705K->408261K(981312K), 0.0052800 secs] [Times: user=0.02 sys=0.01, real=0.00 secs] 
2014-07-08T02:31:26.671+0000: 2727.297: [GC [PSYoungGen: 294301K->1248K(286784K)] 701509K->408656K(973760K), 0.0082030 secs] [Times: user=0.05 sys=0.00, real=0.01 secs] 
2014-07-08T02:31:27.469+0000: 2728.095: [GC [PSYoungGen: 286752K->1789K(279808K)] 694160K->409341K(966784K), 0.0036290 secs] [Times: user=0.02 sys=0.01, real=0.00 secs] 
2014-07-08T02:31:28.648+0000: 2729.274: [GC [PSYoungGen: 279805K->554K(271424K)] 687357K->408742K(958400K), 0.0071910 secs] [Times: user=0.03 sys=0.00, real=0.00 secs] 
2014-07-08T02:31:29.519+0000: 2730.145: [GC [PSYoungGen: 271402K->1550K(265536K)] 679590K->409786K(952512K), 0.0098220 secs] [Times: user=0.04 sys=0.01, real=0.01 secs] 
2014-07-08T02:31:30.182+0000: 2730.808: [GC [PSYoungGen: 265484K->1277K(258560K)] 673719K->410117K(945536K), 0.0074160 secs] [Times: user=0.03 sys=0.00, real=0.01 secs] 
2014-07-08T02:31:30.811+0000: 2731.437: [GC [PSYoungGen: 258557K->1388K(252288K)] 667397K->410284K(939264K), 0.0051600 secs] [Times: user=0.01 sys=0.01, real=0.00 secs] 
2014-07-08T02:31:31.760+0000: 2732.386: [GC [PSYoungGen: 252196K->1215K(245952K)] 661092K->410167K(932928K), 0.0085890 secs] [Times: user=0.06 sys=0.00, real=0.01 secs] 
2014-07-08T02:31:32.474+0000: 2733.100: [GC [PSYoungGen: 245951K->1398K(240192K)] 654903K->410422K(927168K), 0.0088980 secs] [Times: user=0.05 sys=0.00, real=0.01 secs] 
2014-07-08T02:31:33.071+0000: 2733.697: [GC [PSYoungGen: 240179K->1120K(234240K)] 649203K->410315K(921216K), 0.0052770 secs] [Times: user=0.02 sys=0.01, real=0.00 secs] 
2014-07-08T02:31:33.772+0000: 2734.398: [GC [PSYoungGen: 234208K->1352K(281152K)] 643403K->410619K(968128K), 0.0100720 secs] [Times: user=0.06 sys=0.00, real=0.01 secs] 
2014-07-08T02:31:34.575+0000: 2735.201: [GC [PSYoungGen: 281069K->1066K(336832K)] 690335K->410478K(1023808K), 0.0075300 secs] [Times: user=0.02 sys=0.00, real=0.01 secs] 
2014-07-08T02:31:35.612+0000: 2736.238: [GC [PSYoungGen: 336810K->644K(403648K)] 746222K->410104K(1090624K), 0.0111930 secs] [Times: user=0.06 sys=0.00, real=0.01 secs] 
2014-07-08T02:31:36.920+0000: 2737.545: [GC [PSYoungGen: 403588K->782K(391552K)] 813048K->410330K(1078528K), 0.0037730 secs] [Times: user=0.02 sys=0.00, real=0.00 secs] 
2014-07-08T02:31:38.208+0000: 2738.834: [GC [PSYoungGen: 391502K->1316K(380352K)] 801050K->410968K(1067328K), 0.0068710 secs] [Times: user=0.04 sys=0.00, real=0.01 secs] 
2014-07-08T02:31:39.487+0000: 2740.113: [GC [PSYoungGen: 380296K->1328K(369088K)] 789949K->411052K(1056064K), 0.0114130 secs] [Times: user=0.07 sys=0.00, real=0.01 secs] 
2014-07-08T02:31:40.783+0000: 2741.409: [GC [PSYoungGen: 369069K->1331K(358336K)] 778794K->411151K(1045312K), 0.0063910 secs] [Times: user=0.05 sys=0.00, real=0.00 secs] 
2014-07-08T02:31:41.865+0000: 2742.491: [GC [PSYoungGen: 358279K->794K(347520K)] 768099K->410678K(1034496K), 0.0077980 secs] [Times: user=0.05 sys=0.00, real=0.01 secs] 
2014-07-08T02:31:42.947+0000: 2743.573: [GC [PSYoungGen: 347457K->1014K(337792K)] 757341K->410970K(1024768K), 0.0059980 secs] [Times: user=0.03 sys=0.01, real=0.01 secs] 
2014-07-08T02:31:44.073+0000: 2744.699: [GC [PSYoungGen: 337782K->854K(328128K)] 747738K->410866K(1015104K), 0.0043950 secs] [Times: user=0.02 sys=0.00, real=0.00 secs] 
2014-07-08T02:31:45.222+0000: 2745.848: [GC [PSYoungGen: 328086K->1176K(319296K)] 738098K->411253K(1006272K), 0.0079460 secs] [Times: user=0.06 sys=0.00, real=0.01 secs] 
2014-07-08T02:31:46.315+0000: 2746.941: [GC [PSYoungGen: 319256K->896K(310272K)] 729333K->411036K(997248K), 0.0066960 secs] [Times: user=0.05 sys=0.00, real=0.01 secs] 
2014-07-08T02:31:47.356+0000: 2747.982: [GC [PSYoungGen: 310208K->844K(301824K)] 720348K->411032K(988800K), 0.0097570 secs] [Times: user=0.06 sys=0.00, real=0.01 secs] 
2014-07-08T02:31:48.360+0000: 2748.986: [GC [PSYoungGen: 301741K->1331K(294208K)] 711929K->411583K(981184K), 0.0135460 secs] [Times: user=0.08 sys=0.00, real=0.02 secs] 
2014-07-08T02:31:49.359+0000: 2749.985: [GC [PSYoungGen: 294195K->1248K(286400K)] 704447K->411548K(973376K), 0.0076750 secs] [Times: user=0.02 sys=0.00, real=0.01 secs] 
2014-07-08T02:31:50.295+0000: 2750.921: [GC [PSYoungGen: 286368K->874K(278592K)] 696668K->411395K(965568K), 0.0075130 secs] [Times: user=0.05 sys=0.00, real=0.01 secs] 
2014-07-08T02:31:51.205+0000: 2751.831: [GC [PSYoungGen: 278570K->972K(271552K)] 689091K->411580K(958528K), 0.0088410 secs] [Times: user=0.07 sys=0.01, real=0.01 secs] 
2014-07-08T02:31:52.041+0000: 2752.667: [GC [PSYoungGen: 271451K->1064K(264704K)] 682060K->411737K(951680K), 0.0072550 secs] [Times: user=0.05 sys=0.00, real=0.00 secs] 
2014-07-08T02:31:52.881+0000: 2753.507: [GC [PSYoungGen: 264680K->530K(316928K)] 675353K->411266K(1003904K), 0.0177970 secs] [Times: user=0.12 sys=0.00, real=0.02 secs] 
2014-07-08T02:31:53.982+0000: 2754.607: [GC [PSYoungGen: 316882K->1212K(380864K)] 727618K->412037K(1067840K), 0.0070520 secs] [Times: user=0.05 sys=0.00, real=0.01 secs] 
2014-07-08T02:31:55.402+0000: 2756.028: [GC [PSYoungGen: 380860K->882K(369280K)] 791685K->411754K(1056256K), 0.0057120 secs] [Times: user=0.03 sys=0.01, real=0.00 secs] 
2014-07-08T02:31:56.572+0000: 2757.198: [GC [PSYoungGen: 369253K->800K(358400K)] 780125K->411728K(1045376K), 0.0041950 secs] [Times: user=0.02 sys=0.00, real=0.00 secs] 
2014-07-08T02:31:57.757+0000: 2758.383: [GC [PSYoungGen: 358368K->772K(348032K)] 769296K->411804K(1035008K), 0.0091390 secs] [Times: user=0.05 sys=0.00, real=0.01 secs] 
2014-07-08T02:31:58.889+0000: 2759.515: [GC [PSYoungGen: 347972K->822K(338112K)] 759004K->411926K(1025088K), 0.0075220 secs] [Times: user=0.05 sys=0.00, real=0.01 secs] 
2014-07-08T02:32:00.077+0000: 2760.703: [GC [PSYoungGen: 338061K->996K(328768K)] 749165K->412172K(1015744K), 0.0069440 secs] [Times: user=0.05 sys=0.00, real=0.01 secs] 
2014-07-08T02:32:01.234+0000: 2761.860: [GC [PSYoungGen: 328740K->1106K(319744K)] 739916K->412370K(1006720K), 0.0045690 secs] [Times: user=0.02 sys=0.00, real=0.00 secs] 
2014-07-08T02:32:02.314+0000: 2762.940: [GC [PSYoungGen: 319698K->1032K(310912K)] 730962K->412368K(997888K), 0.0047080 secs] [Times: user=0.03 sys=0.00, real=0.00 secs] 
2014-07-08T02:32:03.363+0000: 2763.989: [GC [PSYoungGen: 310856K->882K(302272K)] 722192K->412314K(989248K), 0.0071240 secs] [Times: user=0.05 sys=0.01, real=0.00 secs] 
2014-07-08T02:32:04.384+0000: 2765.010: [GC [PSYoungGen: 302245K->1447K(294784K)] 713677K->412959K(981760K), 0.0071260 secs] [Times: user=0.05 sys=0.00, real=0.00 secs] 
2014-07-08T02:32:05.350+0000: 2765.976: [GC [PSYoungGen: 294759K->612K(286208K)] 706271K->412422K(973184K), 0.0066420 secs] [Times: user=0.04 sys=0.00, real=0.01 secs] 
2014-07-08T02:32:06.337+0000: 2766.962: [GC [PSYoungGen: 286147K->1516K(279616K)] 697957K->413741K(966592K), 0.0067030 secs] [Times: user=0.04 sys=0.00, real=0.01 secs] 
2014-07-08T02:32:07.255+0000: 2767.881: [GC [PSYoungGen: 279596K->958K(271872K)] 691821K->413707K(958848K), 0.0056180 secs] [Times: user=0.03 sys=0.01, real=0.00 secs] 
2014-07-08T02:32:08.139+0000: 2768.765: [GC [PSYoungGen: 271864K->836K(264896K)] 684613K->413765K(951872K), 0.0062180 secs] [Times: user=0.04 sys=0.00, real=0.01 secs] 
2014-07-08T02:32:08.965+0000: 2769.590: [GC [PSYoungGen: 264836K->1198K(258560K)] 677765K->414199K(945536K), 0.0068250 secs] [Times: user=0.04 sys=0.00, real=0.00 secs] 
2014-07-08T02:32:09.886+0000: 2770.512: [GC [PSYoungGen: 258542K->566K(251520K)] 671543K->413599K(938496K), 0.0105440 secs] [Times: user=0.05 sys=0.00, real=0.01 secs] 
2014-07-08T02:32:10.724+0000: 2771.350: [GC [PSYoungGen: 251508K->1022K(302208K)] 664541K->414103K(989184K), 0.0161900 secs] [Times: user=0.09 sys=0.01, real=0.01 secs] 
2014-07-08T02:32:11.820+0000: 2772.446: [GC [PSYoungGen: 302206K->1520K(294656K)] 715287K->414681K(981632K), 0.0048060 secs] [Times: user=0.02 sys=0.00, real=0.01 secs] 
2014-07-08T02:32:12.747+0000: 2773.373: [GC [PSYoungGen: 294640K->776K(286208K)] 707801K->414001K(973184K), 0.0037250 secs] [Times: user=0.02 sys=0.00, real=0.00 secs] 
2014-07-08T02:32:13.744+0000: 2774.370: [GC [PSYoungGen: 286138K->562K(278464K)] 699363K->413827K(965440K), 0.0070660 secs] [Times: user=0.03 sys=0.00, real=0.01 secs] 
2014-07-08T02:32:14.675+0000: 2775.301: [GC [PSYoungGen: 278450K->840K(271616K)] 691715K->414169K(958592K), 0.0075990 secs] [Times: user=0.04 sys=0.00, real=0.00 secs] 
2014-07-08T02:32:15.600+0000: 2776.226: [GC [PSYoungGen: 271553K->1064K(264896K)] 684882K->414457K(951872K), 0.0061590 secs] [Times: user=0.03 sys=0.00, real=0.01 secs] 
2014-07-08T02:32:16.506+0000: 2777.132: [GC [PSYoungGen: 264872K->1140K(258304K)] 678265K->414597K(945280K), 0.0073930 secs] [Times: user=0.05 sys=0.01, real=0.00 secs] 
2014-07-08T02:32:17.376+0000: 2778.002: [GC [PSYoungGen: 258278K->950K(251712K)] 671735K->414479K(938688K), 0.0100850 secs] [Times: user=0.06 sys=0.00, real=0.01 secs] 
2014-07-08T02:32:18.184+0000: 2778.810: [GC [PSYoungGen: 251702K->854K(245504K)] 665231K->414439K(932480K), 0.0091350 secs] [Times: user=0.05 sys=0.00, real=0.01 secs] 
2014-07-08T02:32:18.959+0000: 2779.585: [GC [PSYoungGen: 245455K->875K(239552K)] 659040K->414524K(926528K), 0.0063110 secs] [Times: user=0.02 sys=0.00, real=0.01 secs] 
2014-07-08T02:32:19.768+0000: 2780.394: [GC [PSYoungGen: 239494K->576K(233536K)] 653143K->414305K(920512K), 0.0051620 secs] [Times: user=0.03 sys=0.00, real=0.00 secs] 
2014-07-08T02:32:20.602+0000: 2781.228: [GC [PSYoungGen: 233452K->897K(228416K)] 647181K->414666K(915392K), 0.0042870 secs] [Times: user=0.02 sys=0.00, real=0.01 secs] 
2014-07-08T02:32:21.451+0000: 2782.077: [GC [PSYoungGen: 228353K->836K(223040K)] 642122K->414661K(910016K), 0.0104010 secs] [Times: user=0.06 sys=0.00, real=0.01 secs] 
2014-07-08T02:32:22.138+0000: 2782.764: [GC [PSYoungGen: 222980K->1124K(218176K)] 636805K->415021K(905152K), 0.0074550 secs] [Times: user=0.04 sys=0.01, real=0.00 secs] 
2014-07-08T02:32:22.849+0000: 2783.475: [GC [PSYoungGen: 218148K->672K(212800K)] 632045K->414665K(899776K), 0.0078010 secs] [Times: user=0.05 sys=0.00, real=0.01 secs] 
2014-07-08T02:32:23.629+0000: 2784.255: [GC [PSYoungGen: 212720K->908K(255488K)] 626713K->414973K(942464K), 0.0099510 secs] [Times: user=0.07 sys=0.01, real=0.01 secs] 
2014-07-08T02:32:24.452+0000: 2785.078: [GC [PSYoungGen: 255436K->826K(306304K)] 669501K->414947K(993280K), 0.0096440 secs] [Times: user=0.05 sys=0.00, real=0.01 secs] 
2014-07-08T02:32:25.613+0000: 2786.239: [GC [PSYoungGen: 306263K->1139K(298368K)] 720384K->415308K(985344K), 0.0041230 secs] [Times: user=0.02 sys=0.00, real=0.01 secs] 
2014-07-08T02:32:26.603+0000: 2787.229: [GC [PSYoungGen: 298352K->1010K(290304K)] 712521K->415275K(977280K), 0.0040260 secs] [Times: user=0.02 sys=0.01, real=0.00 secs] 
2014-07-08T02:32:27.575+0000: 2788.201: [GC [PSYoungGen: 290290K->1024K(282752K)] 704555K->415353K(969728K), 0.0122330 secs] [Times: user=0.07 sys=0.00, real=0.02 secs] 
2014-07-08T02:32:28.515+0000: 2789.141: [GC [PSYoungGen: 282688K->878K(275264K)] 697017K->415361K(962240K), 0.0059740 secs] [Times: user=0.02 sys=0.00, real=0.01 secs] 
2014-07-08T02:32:29.357+0000: 2789.983: [GC [PSYoungGen: 275238K->1444K(268800K)] 689721K->415983K(955776K), 0.0048180 secs] [Times: user=0.02 sys=0.00, real=0.01 secs] 
2014-07-08T02:32:30.274+0000: 2790.900: [GC [PSYoungGen: 268771K->612K(261184K)] 683310K->415583K(948160K), 0.0088420 secs] [Times: user=0.07 sys=0.00, real=0.01 secs] 
2014-07-08T02:32:31.173+0000: 2791.799: [GC [PSYoungGen: 261156K->958K(254976K)] 676127K->416001K(941952K), 0.0055900 secs] [Times: user=0.03 sys=0.00, real=0.01 secs] 
2014-07-08T02:32:32.063+0000: 2792.689: [GC [PSYoungGen: 254956K->1466K(249216K)] 669999K->416813K(936192K), 0.0063100 secs] [Times: user=0.04 sys=0.00, real=0.01 secs] 
2014-07-08T02:32:32.875+0000: 2793.501: [GC [PSYoungGen: 249210K->1044K(242816K)] 664557K->416447K(929792K), 0.0086120 secs] [Times: user=0.05 sys=0.00, real=0.01 secs] 
2014-07-08T02:32:33.729+0000: 2794.355: [GC [PSYoungGen: 242772K->950K(236864K)] 658175K->416505K(923840K), 0.0043170 secs] [Times: user=0.03 sys=0.00, real=0.00 secs] 
2014-07-08T02:32:34.496+0000: 2795.122: [GC [PSYoungGen: 236854K->1032K(231360K)] 652409K->416619K(918336K), 0.0107690 secs] [Times: user=0.02 sys=0.00, real=0.01 secs] 
2014-07-08T02:32:35.222+0000: 2795.848: [GC [PSYoungGen: 231304K->1199K(226112K)] 646891K->416858K(913088K), 0.0074290 secs] [Times: user=0.05 sys=0.00, real=0.01 secs] 
2014-07-08T02:32:36.075+0000: 2796.701: [GC [PSYoungGen: 226095K->740K(220480K)] 641754K->416463K(907456K), 0.0046260 secs] [Times: user=0.02 sys=0.00, real=0.01 secs] 
2014-07-08T02:32:36.787+0000: 2797.413: [GC [PSYoungGen: 220452K->708K(215488K)] 636175K->416487K(902464K), 0.0052870 secs] [Times: user=0.02 sys=0.00, real=0.01 secs] 
2014-07-08T02:32:37.559+0000: 2798.185: [GC [PSYoungGen: 215420K->1316K(211200K)] 631200K->417135K(898176K), 0.0051880 secs] [Times: user=0.02 sys=0.01, real=0.00 secs] 
2014-07-08T02:32:38.179+0000: 2798.805: [GC [PSYoungGen: 211172K->530K(205760K)] 626991K->416413K(892736K), 0.0091560 secs] [Times: user=0.06 sys=0.00, real=0.01 secs] 
2014-07-08T02:32:38.912+0000: 2799.538: [GC [PSYoungGen: 205714K->990K(201664K)] 621597K->416937K(888640K), 0.0065950 secs] [Times: user=0.03 sys=0.00, real=0.01 secs] 
2014-07-08T02:32:39.616+0000: 2800.242: [GC [PSYoungGen: 201630K->1302K(197632K)] 617577K->417322K(884608K), 0.0063950 secs] [Times: user=0.04 sys=0.00, real=0.01 secs] 
2014-07-08T02:32:40.187+0000: 2800.813: [GC [PSYoungGen: 197496K->1177K(236800K)] 613515K->417276K(923776K), 0.0108800 secs] [Times: user=0.07 sys=0.01, real=0.01 secs] 
2014-07-08T02:32:41.067+0000: 2801.693: [GC [PSYoungGen: 236761K->576K(283328K)] 652860K->416763K(970304K), 0.0054480 secs] [Times: user=0.03 sys=0.00, real=0.01 secs] 
2014-07-08T02:32:41.974+0000: 2802.600: [GC [PSYoungGen: 283328K->726K(340096K)] 699515K->416977K(1027072K), 0.0131490 secs] [Times: user=0.09 sys=0.00, real=0.01 secs] 
2014-07-08T02:32:43.150+0000: 2803.776: [GC [PSYoungGen: 340054K->830K(408064K)] 756305K->417153K(1095040K), 0.0138680 secs] [Times: user=0.08 sys=0.00, real=0.01 secs] 
2014-07-08T02:32:44.521+0000: 2805.146: [GC [PSYoungGen: 408062K->850K(395712K)] 824385K->417253K(1082688K), 0.0070230 secs] [Times: user=0.05 sys=0.00, real=0.00 secs] 
2014-07-08T02:32:45.867+0000: 2806.493: [GC [PSYoungGen: 395666K->872K(383808K)] 812069K->417315K(1070784K), 0.0052440 secs] [Times: user=0.01 sys=0.00, real=0.01 secs] 
2014-07-08T02:32:47.077+0000: 2807.703: [GC [PSYoungGen: 383784K->876K(372416K)] 800227K->417391K(1059392K), 0.0075620 secs] [Times: user=0.05 sys=0.00, real=0.01 secs] 
2014-07-08T02:32:48.354+0000: 2808.980: [GC [PSYoungGen: 372384K->950K(361536K)] 788899K->417529K(1048512K), 0.0041800 secs] [Times: user=0.03 sys=0.00, real=0.00 secs] 
2014-07-08T02:32:49.623+0000: 2810.249: [GC [PSYoungGen: 361478K->1156K(351296K)] 778057K->417815K(1038272K), 0.0076570 secs] [Times: user=0.04 sys=0.00, real=0.01 secs] 
2014-07-08T02:32:50.776+0000: 2811.402: [GC [PSYoungGen: 351236K->800K(340864K)] 767895K->417643K(1027840K), 0.0140910 secs] [Times: user=0.07 sys=0.00, real=0.02 secs] 
2014-07-08T02:32:51.880+0000: 2812.506: [GC [PSYoungGen: 340832K->826K(331200K)] 757675K->417775K(1018176K), 0.0102090 secs] [Times: user=0.07 sys=0.00, real=0.02 secs] 
2014-07-08T02:32:52.963+0000: 2813.589: [GC [PSYoungGen: 331186K->917K(322112K)] 748135K->418080K(1009088K), 0.0063610 secs] [Times: user=0.04 sys=0.00, real=0.00 secs] 
2014-07-08T02:32:54.055+0000: 2814.681: [GC [PSYoungGen: 322056K->935K(313216K)] 739219K->418162K(1000192K), 0.0075390 secs] [Times: user=0.04 sys=0.00, real=0.01 secs] 
2014-07-08T02:32:55.163+0000: 2815.789: [GC [PSYoungGen: 313173K->794K(304576K)] 730400K->418061K(991552K), 0.0071950 secs] [Times: user=0.02 sys=0.00, real=0.00 secs] 
2014-07-08T02:32:56.091+0000: 2816.717: [GC [PSYoungGen: 304512K->786K(296384K)] 721780K->418101K(983360K), 0.0070420 secs] [Times: user=0.05 sys=0.00, real=0.00 secs] 
2014-07-08T02:32:57.126+0000: 2817.752: [GC [PSYoungGen: 296338K->612K(288320K)] 713653K->417967K(975296K), 0.0061320 secs] [Times: user=0.02 sys=0.00, real=0.01 secs] 
2014-07-08T02:32:58.018+0000: 2818.644: [GC [PSYoungGen: 288292K->1334K(281472K)] 705647K->418884K(968448K), 0.0084190 secs] [Times: user=0.05 sys=0.00, real=0.01 secs] 
2014-07-08T02:32:59.046+0000: 2819.672: [GC [PSYoungGen: 281428K->744K(273664K)] 698977K->418365K(960640K), 0.0077580 secs] [Times: user=0.04 sys=0.00, real=0.01 secs] 
2014-07-08T02:32:59.946+0000: 2820.572: [GC [PSYoungGen: 273640K->996K(266944K)] 691261K->418698K(953920K), 0.0037180 secs] [Times: user=0.02 sys=0.00, real=0.00 secs] 
2014-07-08T02:33:00.858+0000: 2821.484: [GC [PSYoungGen: 266916K->862K(260096K)] 684618K->418635K(947072K), 0.0064670 secs] [Times: user=0.04 sys=0.00, real=0.01 secs] 
2014-07-08T02:33:01.708+0000: 2822.334: [GC [PSYoungGen: 260045K->1356K(254144K)] 677819K->419194K(941120K), 0.0059100 secs] [Times: user=0.04 sys=0.00, real=0.01 secs] 
2014-07-08T02:33:02.571+0000: 2823.197: [GC [PSYoungGen: 254092K->544K(247104K)] 671930K->419330K(934080K), 0.0078860 secs] [Times: user=0.05 sys=0.00, real=0.01 secs] 
2014-07-08T02:33:03.357+0000: 2823.983: [GC [PSYoungGen: 247010K->1235K(241792K)] 665797K->420078K(928768K), 0.0104270 secs] [Times: user=0.06 sys=0.00, real=0.01 secs] 
2014-07-08T02:33:04.184+0000: 2824.810: [GC [PSYoungGen: 241740K->1010K(235776K)] 660583K->420145K(922752K), 0.0034080 secs] [Times: user=0.02 sys=0.00, real=0.00 secs] 
2014-07-08T02:33:04.990+0000: 2825.616: [GC [PSYoungGen: 235762K->708K(229952K)] 654897K->419914K(916928K), 0.0065410 secs] [Times: user=0.04 sys=0.00, real=0.01 secs] 
2014-07-08T02:33:05.772+0000: 2826.398: [GC [PSYoungGen: 229856K->630K(224448K)] 649063K->419892K(911424K), 0.0034260 secs] [Times: user=0.02 sys=0.00, real=0.01 secs] 
2014-07-08T02:33:06.496+0000: 2827.122: [GC [PSYoungGen: 224419K->1650K(220288K)] 643682K->420977K(907264K), 0.0072600 secs] [Times: user=0.05 sys=0.01, real=0.01 secs] 
2014-07-08T02:33:07.262+0000: 2827.888: [GC [PSYoungGen: 220274K->826K(214464K)] 639601K->420240K(901440K), 0.0038360 secs] [Times: user=0.02 sys=0.01, real=0.01 secs] 
2014-07-08T02:33:07.966+0000: 2828.592: [GC [PSYoungGen: 214458K->712K(209600K)] 633872K->420206K(896576K), 0.0102270 secs] [Times: user=0.07 sys=0.00, real=0.01 secs] 
2014-07-08T02:33:08.779+0000: 2829.405: [GC [PSYoungGen: 209501K->1312K(205504K)] 628996K->420879K(892480K), 0.0049510 secs] [Times: user=0.02 sys=0.00, real=0.01 secs] 
2014-07-08T02:33:09.360+0000: 2829.986: [GC [PSYoungGen: 205472K->1216K(200960K)] 625039K->420863K(887936K), 0.0045530 secs] [Times: user=0.02 sys=0.00, real=0.01 secs] 
2014-07-08T02:33:10.001+0000: 2830.627: [GC [PSYoungGen: 200896K->914K(196288K)] 620543K->420640K(883264K), 0.0040080 secs] [Times: user=0.02 sys=0.00, real=0.01 secs] 
2014-07-08T02:33:10.794+0000: 2831.420: [GC [PSYoungGen: 196242K->926K(192128K)] 615968K->420700K(879104K), 0.0073990 secs] [Times: user=0.05 sys=0.00, real=0.00 secs] 
2014-07-08T02:33:11.328+0000: 2831.954: [GC [PSYoungGen: 192094K->744K(187904K)] 611868K->420566K(874880K), 0.0064800 secs] [Times: user=0.03 sys=0.00, real=0.01 secs] 
2014-07-08T02:33:11.962+0000: 2832.588: [GC [PSYoungGen: 187880K->964K(184256K)] 607702K->420859K(871232K), 0.0082410 secs] [Times: user=0.05 sys=0.00, real=0.01 secs] 
2014-07-08T02:33:12.670+0000: 2833.296: [GC [PSYoungGen: 184196K->1208K(221120K)] 604091K->421159K(908096K), 0.0129350 secs] [Times: user=0.08 sys=0.00, real=0.01 secs] 
2014-07-08T02:33:13.344+0000: 2833.970: [GC [PSYoungGen: 221112K->576K(264512K)] 641063K->420614K(951488K), 0.0071920 secs] [Times: user=0.05 sys=0.00, real=0.00 secs] 
2014-07-08T02:33:14.193+0000: 2834.819: [GC [PSYoungGen: 264508K->964K(317760K)] 684547K->421083K(1004736K), 0.0084570 secs] [Times: user=0.06 sys=0.00, real=0.01 secs] 
2014-07-08T02:33:15.292+0000: 2835.918: [GC [PSYoungGen: 317700K->694K(308736K)] 737819K->420892K(995712K), 0.0065000 secs] [Times: user=0.05 sys=0.00, real=0.01 secs] 
2014-07-08T02:33:16.289+0000: 2836.915: [GC [PSYoungGen: 308721K->1018K(300672K)] 728920K->421288K(987648K), 0.0078240 secs] [Times: user=0.05 sys=0.00, real=0.01 secs] 
2014-07-08T02:33:17.298+0000: 2837.923: [GC [PSYoungGen: 300647K->926K(292608K)] 720918K->421252K(979584K), 0.0054150 secs] [Times: user=0.03 sys=0.00, real=0.00 secs] 
2014-07-08T02:33:18.376+0000: 2839.002: [GC [PSYoungGen: 292574K->890K(284864K)] 712900K->421296K(971840K), 0.0049480 secs] [Times: user=0.04 sys=0.00, real=0.00 secs] 
2014-07-08T02:33:19.272+0000: 2839.898: [GC [PSYoungGen: 284858K->928K(277504K)] 705264K->421422K(964480K), 0.0069230 secs] [Times: user=0.04 sys=0.00, real=0.01 secs] 
2014-07-08T02:33:20.203+0000: 2840.829: [GC [PSYoungGen: 277472K->822K(270272K)] 697966K->421396K(957248K), 0.0041130 secs] [Times: user=0.02 sys=0.00, real=0.01 secs] 
2014-07-08T02:33:21.114+0000: 2841.740: [GC [PSYoungGen: 270262K->612K(263232K)] 690836K->421266K(950208K), 0.0123160 secs] [Times: user=0.09 sys=0.01, real=0.02 secs] 
2014-07-08T02:33:22.196+0000: 2842.822: [GC [PSYoungGen: 263172K->1022K(257024K)] 683826K->421780K(944000K), 0.0052600 secs] [Times: user=0.04 sys=0.00, real=0.00 secs] 
2014-07-08T02:33:22.958+0000: 2843.584: [GC [PSYoungGen: 257022K->498K(250176K)] 677780K->421312K(937152K), 0.0055600 secs] [Times: user=0.03 sys=0.00, real=0.00 secs] 
2014-07-08T02:33:23.819+0000: 2844.445: [GC [PSYoungGen: 250131K->1324K(244928K)] 670946K->422235K(931904K), 0.0085800 secs] [Times: user=0.06 sys=0.00, real=0.01 secs] 
2014-07-08T02:33:24.581+0000: 2845.207: [GC [PSYoungGen: 244908K->1148K(238848K)] 665819K->422115K(925824K), 0.0081420 secs] [Times: user=0.05 sys=0.00, real=0.01 secs] 
2014-07-08T02:33:25.331+0000: 2845.957: [GC [PSYoungGen: 238844K->616K(232640K)] 659811K->421858K(919616K), 0.0070760 secs] [Times: user=0.05 sys=0.01, real=0.01 secs] 
2014-07-08T02:33:26.127+0000: 2846.753: [GC [PSYoungGen: 232616K->940K(227520K)] 653858K->422254K(914496K), 0.0069480 secs] [Times: user=0.04 sys=0.00, real=0.00 secs] 
2014-07-08T02:33:26.898+0000: 2847.524: [GC [PSYoungGen: 227500K->808K(222144K)] 648814K->422444K(909120K), 0.0087930 secs] [Times: user=0.05 sys=0.00, real=0.01 secs] 
2014-07-08T02:33:27.791+0000: 2848.416: [GC [PSYoungGen: 222120K->1305K(217600K)] 643756K->422982K(904576K), 0.0097860 secs] [Times: user=0.06 sys=0.00, real=0.01 secs] 
2014-07-08T02:33:28.408+0000: 2849.034: [GC [PSYoungGen: 217555K->693K(212032K)] 639232K->422816K(899008K), 0.0036370 secs] [Times: user=0.03 sys=0.00, real=0.00 secs] 
2014-07-08T02:33:29.556+0000: 2850.182: [GC [PSYoungGen: 212020K->1529K(208128K)] 634143K->423834K(895104K), 0.0051740 secs] [Times: user=0.02 sys=0.00, real=0.00 secs] 
2014-07-08T02:33:30.419+0000: 2851.045: [GC [PSYoungGen: 208084K->878K(202944K)] 630389K->423982K(889920K), 0.0117230 secs] [Times: user=0.07 sys=0.00, real=0.01 secs] 
2014-07-08T02:33:31.517+0000: 2852.143: [GC [PSYoungGen: 202926K->1594K(199232K)] 626030K->424738K(886208K), 0.0045540 secs] [Times: user=0.02 sys=0.00, real=0.00 secs] 
2014-07-08T02:33:32.336+0000: 2852.962: [GC [PSYoungGen: 199214K->890K(194240K)] 622358K->424348K(881216K), 0.0059280 secs] [Times: user=0.02 sys=0.01, real=0.01 secs] 
2014-07-08T02:33:32.784+0000: 2853.410: [GC [PSYoungGen: 194233K->1062K(190336K)] 617691K->424568K(877312K), 0.0040480 secs] [Times: user=0.02 sys=0.00, real=0.01 secs] 
2014-07-08T02:33:33.579+0000: 2854.205: [GC [PSYoungGen: 190310K->1092K(228288K)] 613816K->424654K(915264K), 0.0164100 secs] [Times: user=0.11 sys=0.00, real=0.01 secs] 
2014-07-08T02:33:34.631+0000: 2855.257: [GC [PSYoungGen: 228228K->1152K(223040K)] 651790K->424778K(910016K), 0.0053190 secs] [Times: user=0.03 sys=0.00, real=0.00 secs] 
2014-07-08T02:33:36.005+0000: 2856.631: [GC [PSYoungGen: 222976K->1188K(217920K)] 646602K->424910K(904896K), 0.0063380 secs] [Times: user=0.05 sys=0.00, real=0.01 secs] 
2014-07-08T02:33:36.812+0000: 2857.437: [GC [PSYoungGen: 217892K->740K(212544K)] 641614K->424558K(899520K), 0.0064650 secs] [Times: user=0.04 sys=0.00, real=0.01 secs] 
2014-07-08T02:33:38.082+0000: 2858.708: [GC [PSYoungGen: 212516K->1298K(208384K)] 636334K->425180K(895360K), 0.0051930 secs] [Times: user=0.02 sys=0.00, real=0.01 secs] 
2014-07-08T02:33:38.553+0000: 2859.179: [GC [PSYoungGen: 208338K->1046K(203520K)] 632220K->425016K(890496K), 0.0067430 secs] [Times: user=0.05 sys=0.00, real=0.01 secs] 
2014-07-08T02:33:39.210+0000: 2859.836: [GC [PSYoungGen: 203478K->990K(199040K)] 627448K->425032K(886016K), 0.0078280 secs] [Times: user=0.06 sys=0.00, real=0.01 secs] 
2014-07-08T02:33:39.691+0000: 2860.316: [GC [PSYoungGen: 199005K->1315K(238976K)] 623047K->425429K(925952K), 0.0104200 secs] [Times: user=0.06 sys=0.00, real=0.01 secs] 
2014-07-08T02:33:40.517+0000: 2861.143: [GC [PSYoungGen: 238929K->1021K(286208K)] 663043K->425513K(973184K), 0.0062020 secs] [Times: user=0.02 sys=0.00, real=0.01 secs] 
2014-07-08T02:33:41.462+0000: 2862.088: [GC [PSYoungGen: 286205K->1072K(343360K)] 710697K->425652K(1030336K), 0.0124690 secs] [Times: user=0.08 sys=0.00, real=0.01 secs] 
2014-07-08T02:33:42.362+0000: 2862.988: [GC [PSYoungGen: 343344K->1000K(398912K)] 767924K->425660K(1085888K), 0.0066210 secs] [Times: user=0.04 sys=0.00, real=0.01 secs] 
2014-07-08T02:33:43.485+0000: 2864.111: [GC [PSYoungGen: 398495K->1573K(387072K)] 823155K->426337K(1074048K), 0.0063050 secs] [Times: user=0.04 sys=0.00, real=0.01 secs] 
2014-07-08T02:33:44.826+0000: 2865.452: [GC [PSYoungGen: 387045K->128K(374080K)] 811809K->425734K(1061056K), 0.0104090 secs] [Times: user=0.07 sys=0.00, real=0.01 secs] 
2014-07-08T02:33:46.053+0000: 2866.679: [GC [PSYoungGen: 374080K->1769K(364736K)] 799686K->427535K(1051712K), 0.0049280 secs] [Times: user=0.02 sys=0.00, real=0.00 secs] 
2014-07-08T02:33:47.233+0000: 2867.859: [GC [PSYoungGen: 364713K->1216K(353664K)] 790479K->427495K(1040640K), 0.0062650 secs] [Times: user=0.02 sys=0.00, real=0.01 secs] 
2014-07-08T02:33:48.470+0000: 2869.096: [GC [PSYoungGen: 353600K->1590K(343808K)] 779879K->427924K(1030784K), 0.0147960 secs] [Times: user=0.08 sys=0.00, real=0.01 secs] 
2014-07-08T02:33:49.608+0000: 2870.234: [GC [PSYoungGen: 343798K->964K(333504K)] 770132K->427347K(1020480K), 0.0095740 secs] [Times: user=0.06 sys=0.00, real=0.01 secs] 
2014-07-08T02:33:50.635+0000: 2871.260: [GC [PSYoungGen: 333444K->1208K(324352K)] 759827K->427671K(1011328K), 0.0061990 secs] [Times: user=0.04 sys=0.01, real=0.01 secs] 
2014-07-08T02:33:51.665+0000: 2872.291: [GC [PSYoungGen: 324344K->978K(315200K)] 750807K->427529K(1002176K), 0.0043190 secs] [Times: user=0.02 sys=0.00, real=0.01 secs] 
2014-07-08T02:33:52.789+0000: 2873.415: [GC [PSYoungGen: 315154K->782K(306432K)] 741705K->427381K(993408K), 0.0085060 secs] [Times: user=0.06 sys=0.00, real=0.01 secs] 
2014-07-08T02:33:53.857+0000: 2874.483: [GC [PSYoungGen: 306382K->1372K(298752K)] 732981K->428051K(985728K), 0.0101110 secs] [Times: user=0.05 sys=0.01, real=0.01 secs] 
2014-07-08T02:33:54.864+0000: 2875.490: [GC [PSYoungGen: 298716K->658K(290112K)] 725395K->427432K(977088K), 0.0052000 secs] [Times: user=0.03 sys=0.00, real=0.00 secs] 
2014-07-08T02:33:55.811+0000: 2876.437: [GC [PSYoungGen: 290066K->910K(282752K)] 716840K->427733K(969728K), 0.0083350 secs] [Times: user=0.05 sys=0.00, real=0.00 secs] 
2014-07-08T02:33:56.777+0000: 2877.403: [GC [PSYoungGen: 282702K->676K(275200K)] 709525K->427546K(962176K), 0.0042170 secs] [Times: user=0.03 sys=0.00, real=0.01 secs] 
2014-07-08T02:33:57.696+0000: 2878.322: [GC [PSYoungGen: 275172K->658K(268160K)] 702042K->427600K(955136K), 0.0072520 secs] [Times: user=0.05 sys=0.00, real=0.01 secs] 
2014-07-08T02:33:58.667+0000: 2879.293: [GC [PSYoungGen: 268091K->544K(261248K)] 695034K->427518K(948224K), 0.0063310 secs] [Times: user=0.03 sys=0.00, real=0.01 secs] 
2014-07-08T02:33:59.512+0000: 2880.138: [GC [PSYoungGen: 261216K->608K(254784K)] 688190K->427670K(941760K), 0.0060030 secs] [Times: user=0.05 sys=0.00, real=0.00 secs] 
2014-07-08T02:34:00.444+0000: 2881.070: [GC [PSYoungGen: 254712K->1118K(249024K)] 681775K->428244K(936000K), 0.0137030 secs] [Times: user=0.09 sys=0.00, real=0.01 secs] 
2014-07-08T02:34:01.246+0000: 2881.872: [GC [PSYoungGen: 248988K->864K(242752K)] 676115K->428047K(929728K), 0.0104370 secs] [Times: user=0.08 sys=0.00, real=0.01 secs] 
2014-07-08T02:34:02.078+0000: 2882.704: [GC [PSYoungGen: 242720K->836K(236928K)] 669903K->428058K(923904K), 0.0052860 secs] [Times: user=0.03 sys=0.00, real=0.01 secs] 
2014-07-08T02:34:02.809+0000: 2883.435: [GC [PSYoungGen: 236858K->794K(284096K)] 664081K->428088K(971072K), 0.0113030 secs] [Times: user=0.08 sys=0.00, real=0.01 secs] 
2014-07-08T02:34:03.779+0000: 2884.404: [GC [PSYoungGen: 283995K->854K(276800K)] 711290K->428244K(963776K), 0.0051810 secs] [Times: user=0.03 sys=0.00, real=0.01 secs] 
2014-07-08T02:34:04.707+0000: 2885.333: [GC [PSYoungGen: 276758K->926K(269760K)] 704148K->428380K(956736K), 0.0102940 secs] [Times: user=0.06 sys=0.00, real=0.01 secs] 
2014-07-08T02:34:05.591+0000: 2886.217: [GC [PSYoungGen: 269726K->648K(262656K)] 697180K->428150K(949632K), 0.0042080 secs] [Times: user=0.02 sys=0.00, real=0.01 secs] 
2014-07-08T02:34:06.511+0000: 2887.136: [GC [PSYoungGen: 262600K->712K(256128K)] 690102K->428278K(943104K), 0.0070410 secs] [Times: user=0.05 sys=0.00, real=0.01 secs] 
2014-07-08T02:34:07.392+0000: 2888.018: [GC [PSYoungGen: 256072K->658K(249728K)] 683638K->428296K(936704K), 0.0041460 secs] [Times: user=0.02 sys=0.00, real=0.01 secs] 
2014-07-08T02:34:08.346+0000: 2888.972: [GC [PSYoungGen: 249682K->1274K(244224K)] 677320K->429000K(931200K), 0.0068830 secs] [Times: user=0.03 sys=0.00, real=0.01 secs] 
2014-07-08T02:34:09.081+0000: 2889.707: [GC [PSYoungGen: 244171K->1220K(238336K)] 671898K->429027K(925312K), 0.0073260 secs] [Times: user=0.05 sys=0.00, real=0.01 secs] 
2014-07-08T02:34:09.821+0000: 2890.447: [GC [PSYoungGen: 238276K->562K(232000K)] 666082K->428781K(918976K), 0.0044000 secs] [Times: user=0.02 sys=0.00, real=0.01 secs] 
2014-07-08T02:34:10.632+0000: 2891.258: [GC [PSYoungGen: 231920K->1441K(227456K)] 660139K->429708K(914432K), 0.0049220 secs] [Times: user=0.02 sys=0.00, real=0.00 secs] 
2014-07-08T02:34:11.378+0000: 2892.004: [GC [PSYoungGen: 227425K->1043K(221824K)] 655692K->429596K(908800K), 0.0121660 secs] [Times: user=0.06 sys=0.00, real=0.01 secs] 
2014-07-08T02:34:12.192+0000: 2892.818: [GC [PSYoungGen: 221779K->840K(216576K)] 650332K->429449K(903552K), 0.0074180 secs] [Times: user=0.04 sys=0.00, real=0.01 secs] 
2014-07-08T02:34:12.814+0000: 2893.440: [GC [PSYoungGen: 216520K->1000K(211840K)] 645129K->429721K(898816K), 0.0069000 secs] [Times: user=0.04 sys=0.00, real=0.00 secs] 
2014-07-08T02:34:13.594+0000: 2894.220: [GC [PSYoungGen: 211816K->676K(253696K)] 640537K->429452K(940672K), 0.0105060 secs] [Times: user=0.07 sys=0.00, real=0.01 secs] 
2014-07-08T02:34:14.427+0000: 2895.053: [GC [PSYoungGen: 253655K->776K(304448K)] 682432K->429617K(991424K), 0.0091850 secs] [Times: user=0.06 sys=0.00, real=0.01 secs] 
2014-07-08T02:34:15.468+0000: 2896.094: [GC [PSYoungGen: 304382K->1018K(365376K)] 733223K->429907K(1052352K), 0.0094010 secs] [Times: user=0.06 sys=0.00, real=0.01 secs] 
2014-07-08T02:34:16.644+0000: 2897.270: [GC [PSYoungGen: 365370K->708K(354496K)] 794259K->429684K(1041472K), 0.0088460 secs] [Times: user=0.06 sys=0.01, real=0.01 secs] 
2014-07-08T02:34:17.874+0000: 2898.500: [GC [PSYoungGen: 354436K->800K(344384K)] 783412K->429833K(1031360K), 0.0083870 secs] [Times: user=0.05 sys=0.00, real=0.00 secs] 
2014-07-08T02:34:19.057+0000: 2899.683: [GC [PSYoungGen: 344352K->1054K(334848K)] 773385K->430151K(1021824K), 0.0050830 secs] [Times: user=0.02 sys=0.00, real=0.00 secs] 
2014-07-08T02:34:20.154+0000: 2900.780: [GC [PSYoungGen: 334773K->972K(325376K)] 763870K->430141K(1012352K), 0.0043230 secs] [Times: user=0.02 sys=0.00, real=0.01 secs] 
2014-07-08T02:34:21.264+0000: 2901.890: [GC [PSYoungGen: 325276K->875K(316224K)] 754445K->430504K(1003200K), 0.0055320 secs] [Times: user=0.02 sys=0.00, real=0.00 secs] 
2014-07-08T02:34:22.363+0000: 2902.989: [GC [PSYoungGen: 316203K->872K(307584K)] 745832K->430549K(994560K), 0.0096910 secs] [Times: user=0.06 sys=0.00, real=0.01 secs] 
2014-07-08T02:34:23.368+0000: 2903.994: [GC [PSYoungGen: 307560K->630K(299008K)] 737237K->430363K(985984K), 0.0050650 secs] [Times: user=0.02 sys=0.00, real=0.00 secs] 
2014-07-08T02:34:24.367+0000: 2904.993: [GC [PSYoungGen: 298998K->676K(291072K)] 728731K->430449K(978048K), 0.0043630 secs] [Times: user=0.02 sys=0.00, real=0.00 secs] 
2014-07-08T02:34:25.404+0000: 2906.029: [GC [PSYoungGen: 291044K->1160K(283904K)] 720817K->430989K(970880K), 0.0090080 secs] [Times: user=0.04 sys=0.01, real=0.01 secs] 
2014-07-08T02:34:26.385+0000: 2907.011: [GC [PSYoungGen: 283848K->1067K(276416K)] 713677K->430960K(963392K), 0.0070550 secs] [Times: user=0.04 sys=0.00, real=0.00 secs] 
2014-07-08T02:34:27.263+0000: 2907.889: [GC [PSYoungGen: 276395K->808K(269056K)] 706288K->430855K(956032K), 0.0075740 secs] [Times: user=0.05 sys=0.00, real=0.01 secs] 
2014-07-08T02:34:28.190+0000: 2908.816: [GC [PSYoungGen: 269011K->900K(262400K)] 699058K->431019K(949376K), 0.0042520 secs] [Times: user=0.02 sys=0.00, real=0.00 secs] 
2014-07-08T02:34:29.018+0000: 2909.644: [GC [PSYoungGen: 262340K->1128K(256064K)] 692459K->431311K(943040K), 0.0080520 secs] [Times: user=0.05 sys=0.00, real=0.01 secs] 
2014-07-08T02:34:29.836+0000: 2910.461: [GC [PSYoungGen: 256040K->1042K(249664K)] 686223K->431289K(936640K), 0.0039180 secs] [Times: user=0.02 sys=0.00, real=0.00 secs] 
2014-07-08T02:34:30.669+0000: 2911.295: [GC [PSYoungGen: 249618K->708K(243264K)] 679865K->431019K(930240K), 0.0059540 secs] [Times: user=0.03 sys=0.00, real=0.00 secs] 
2014-07-08T02:34:31.563+0000: 2912.188: [GC [PSYoungGen: 243204K->1146K(237824K)] 673515K->431529K(924800K), 0.0102080 secs] [Times: user=0.05 sys=0.00, real=0.01 secs] 
2014-07-08T02:34:32.361+0000: 2912.987: [GC [PSYoungGen: 237792K->698K(231744K)] 668175K->431113K(918720K), 0.0043670 secs] [Times: user=0.02 sys=0.00, real=0.00 secs] 
2014-07-08T02:34:33.199+0000: 2913.825: [GC [PSYoungGen: 231738K->712K(226368K)] 662153K->431175K(913344K), 0.0077890 secs] [Times: user=0.05 sys=0.00, real=0.01 secs] 
2014-07-08T02:34:33.905+0000: 2914.531: [GC [PSYoungGen: 226312K->960K(221376K)] 656775K->431495K(908352K), 0.0064810 secs] [Times: user=0.03 sys=0.00, real=0.01 secs] 
2014-07-08T02:34:34.614+0000: 2915.240: [GC [PSYoungGen: 221292K->983K(216320K)] 651827K->431574K(903296K), 0.0069110 secs] [Times: user=0.04 sys=0.00, real=0.01 secs] 
2014-07-08T02:34:35.428+0000: 2916.054: [GC [PSYoungGen: 216279K->712K(211200K)] 646870K->431359K(898176K), 0.0040250 secs] [Times: user=0.02 sys=0.00, real=0.00 secs] 
2014-07-08T02:34:36.131+0000: 2916.757: [GC [PSYoungGen: 211144K->1046K(206848K)] 641791K->431757K(893824K), 0.0042700 secs] [Times: user=0.02 sys=0.00, real=0.00 secs] 
2014-07-08T02:34:36.748+0000: 2917.374: [GC [PSYoungGen: 206784K->914K(202176K)] 637495K->431697K(889152K), 0.0042360 secs] [Times: user=0.03 sys=0.00, real=0.00 secs] 
2014-07-08T02:34:37.497+0000: 2918.123: [GC [PSYoungGen: 202130K->794K(197696K)] 632913K->431633K(884672K), 0.0079290 secs] [Times: user=0.06 sys=0.00, real=0.00 secs] 
2014-07-08T02:34:38.187+0000: 2918.813: [GC [PSYoungGen: 197658K->938K(193600K)] 628497K->431873K(880576K), 0.0085200 secs] [Times: user=0.06 sys=0.00, real=0.01 secs] 
2014-07-08T02:34:38.809+0000: 2919.435: [GC [PSYoungGen: 193572K->726K(189312K)] 624507K->431725K(876288K), 0.0050670 secs] [Times: user=0.03 sys=0.00, real=0.00 secs] 
2014-07-08T02:34:39.457+0000: 2920.083: [GC [PSYoungGen: 189270K->840K(185472K)] 620269K->431903K(872448K), 0.0044540 secs] [Times: user=0.02 sys=0.00, real=0.00 secs] 
2014-07-08T02:34:40.110+0000: 2920.736: [GC [PSYoungGen: 185416K->1276K(182016K)] 616479K->432419K(868992K), 0.0094160 secs] [Times: user=0.06 sys=0.00, real=0.01 secs] 
2014-07-08T02:34:40.717+0000: 2921.343: [GC [PSYoungGen: 182012K->438K(217344K)] 613155K->431717K(904320K), 0.0123830 secs] [Times: user=0.05 sys=0.00, real=0.01 secs] 
2014-07-08T02:34:41.406+0000: 2922.032: [GC [PSYoungGen: 217306K->826K(261120K)] 648585K->432177K(948096K), 0.0082300 secs] [Times: user=0.05 sys=0.00, real=0.01 secs] 
2014-07-08T02:34:42.388+0000: 2923.014: [GC [PSYoungGen: 261114K->914K(313344K)] 692465K->432387K(1000320K), 0.0042180 secs] [Times: user=0.02 sys=0.00, real=0.00 secs] 
2014-07-08T02:34:43.338+0000: 2923.964: [GC [PSYoungGen: 313298K->892K(304768K)] 744771K->432397K(991744K), 0.0045160 secs] [Times: user=0.02 sys=0.00, real=0.00 secs] 
2014-07-08T02:34:44.451+0000: 2925.077: [GC [PSYoungGen: 304764K->878K(296576K)] 736269K->432455K(983552K), 0.0040720 secs] [Times: user=0.02 sys=0.00, real=0.00 secs] 
2014-07-08T02:34:45.386+0000: 2926.012: [GC [PSYoungGen: 296558K->850K(288704K)] 728135K->432483K(975680K), 0.0034820 secs] [Times: user=0.02 sys=0.00, real=0.01 secs] 
2014-07-08T02:34:46.356+0000: 2926.982: [GC [PSYoungGen: 288658K->804K(281088K)] 720291K->432493K(968064K), 0.0032690 secs] [Times: user=0.02 sys=0.00, real=0.01 secs] 
2014-07-08T02:34:47.344+0000: 2927.970: [GC [PSYoungGen: 281060K->876K(273856K)] 712749K->432605K(960832K), 0.0162150 secs] [Times: user=0.09 sys=0.00, real=0.02 secs] 
2014-07-08T02:34:48.255+0000: 2928.881: [GC [PSYoungGen: 273774K->754K(266752K)] 705503K->432877K(953728K), 0.0037230 secs] [Times: user=0.02 sys=0.00, real=0.01 secs] 
2014-07-08T02:34:49.166+0000: 2929.792: [GC [PSYoungGen: 266738K->1040K(260352K)] 698861K->433219K(947328K), 0.0135260 secs] [Times: user=0.05 sys=0.00, real=0.02 secs] 
2014-07-08T02:34:49.983+0000: 2930.608: [GC [PSYoungGen: 260272K->744K(253568K)] 692451K->433233K(940544K), 0.0044070 secs] [Times: user=0.03 sys=0.01, real=0.00 secs] 
2014-07-08T02:34:50.907+0000: 2931.533: [GC [PSYoungGen: 253544K->726K(247360K)] 686033K->433263K(934336K), 0.0078410 secs] [Times: user=0.02 sys=0.01, real=0.01 secs] 
2014-07-08T02:34:51.689+0000: 2932.315: [GC [PSYoungGen: 247318K->1060K(297024K)] 679855K->433727K(984000K), 0.0131240 secs] [Times: user=0.09 sys=0.00, real=0.01 secs] 
2014-07-08T02:34:52.744+0000: 2933.370: [GC [PSYoungGen: 296996K->812K(288896K)] 729663K->433543K(975872K), 0.0088890 secs] [Times: user=0.06 sys=0.00, real=0.01 secs] 
2014-07-08T02:34:53.657+0000: 2934.282: [GC [PSYoungGen: 288867K->822K(281344K)] 721598K->433709K(968320K), 0.0051510 secs] [Times: user=0.02 sys=0.00, real=0.01 secs] 
2014-07-08T02:34:54.746+0000: 2935.372: [GC [PSYoungGen: 281334K->900K(274176K)] 714221K->433827K(961152K), 0.0070200 secs] [Times: user=0.04 sys=0.00, real=0.01 secs] 
2014-07-08T02:34:56.004+0000: 2936.630: [GC [PSYoungGen: 274116K->936K(267200K)] 707043K->433983K(954176K), 0.0163770 secs] [Times: user=0.11 sys=0.01, real=0.02 secs] 
2014-07-08T02:34:57.075+0000: 2937.701: [GC [PSYoungGen: 267176K->1276K(320768K)] 700223K->434371K(1007744K), 0.0154060 secs] [Times: user=0.09 sys=0.00, real=0.02 secs] 
2014-07-08T02:34:59.059+0000: 2939.685: [GC [PSYoungGen: 320764K->380K(311040K)] 753859K->434399K(998016K), 0.0057420 secs] [Times: user=0.03 sys=0.00, real=0.01 secs] 
2014-07-08T02:34:59.806+0000: 2940.432: [GC [PSYoungGen: 311036K->1471K(303680K)] 745055K->436054K(990656K), 0.0079320 secs] [Times: user=0.05 sys=0.00, real=0.01 secs] 
2014-07-08T02:35:00.651+0000: 2941.277: [GC [PSYoungGen: 303679K->1140K(350912K)] 738262K->436709K(1037888K), 0.0135130 secs] [Times: user=0.08 sys=0.00, real=0.01 secs] 
2014-07-08T02:35:01.800+0000: 2942.425: [GC [PSYoungGen: 350900K->1074K(351872K)] 786469K->436916K(1038848K), 0.0118780 secs] [Times: user=0.07 sys=0.00, real=0.02 secs] 
2014-07-08T02:35:02.970+0000: 2943.596: [GC [PSYoungGen: 350834K->1424K(341184K)] 786676K->437372K(1028160K), 0.0058670 secs] [Times: user=0.02 sys=0.00, real=0.01 secs] 
2014-07-08T02:35:04.122+0000: 2944.748: [GC [PSYoungGen: 341136K->1018K(331136K)] 777084K->437038K(1018112K), 0.0070830 secs] [Times: user=0.04 sys=0.01, real=0.00 secs] 
2014-07-08T02:35:05.146+0000: 2945.772: [GC [PSYoungGen: 331130K->676K(321600K)] 767150K->436735K(1008576K), 0.0103980 secs] [Times: user=0.06 sys=0.01, real=0.01 secs] 
2014-07-08T02:35:06.283+0000: 2946.909: [GC [PSYoungGen: 321572K->908K(312960K)] 757631K->437056K(999936K), 0.0068870 secs] [Times: user=0.05 sys=0.01, real=0.00 secs] 
2014-07-08T02:35:07.352+0000: 2947.978: [GC [PSYoungGen: 312908K->1148K(304640K)] 749056K->437376K(991616K), 0.0052720 secs] [Times: user=0.02 sys=0.00, real=0.00 secs] 
2014-07-08T02:35:08.327+0000: 2948.953: [GC [PSYoungGen: 304636K->498K(295808K)] 740864K->436765K(982784K), 0.0052890 secs] [Times: user=0.03 sys=0.00, real=0.01 secs] 
2014-07-08T02:35:09.409+0000: 2950.035: [GC [PSYoungGen: 295775K->1437K(288896K)] 732043K->437793K(975872K), 0.0087350 secs] [Times: user=0.05 sys=0.00, real=0.01 secs] 
2014-07-08T02:35:10.311+0000: 2950.937: [GC [PSYoungGen: 288861K->928K(280832K)] 725217K->437340K(967808K), 0.0096540 secs] [Times: user=0.03 sys=0.00, real=0.01 secs] 
2014-07-08T02:35:11.335+0000: 2951.961: [GC [PSYoungGen: 280800K->1043K(273728K)] 717212K->437527K(960704K), 0.0043180 secs] [Times: user=0.02 sys=0.00, real=0.00 secs] 
2014-07-08T02:35:12.173+0000: 2952.799: [GC [PSYoungGen: 273683K->858K(266560K)] 710167K->437405K(953536K), 0.0121810 secs] [Times: user=0.07 sys=0.00, real=0.01 secs] 
2014-07-08T02:35:13.093+0000: 2953.719: [GC [PSYoungGen: 266522K->1064K(319936K)] 703069K->437668K(1006912K), 0.0158200 secs] [Times: user=0.09 sys=0.01, real=0.01 secs] 
2014-07-08T02:35:14.147+0000: 2954.773: [GC [PSYoungGen: 319912K->800K(310912K)] 756516K->437436K(997888K), 0.0049500 secs] [Times: user=0.02 sys=0.00, real=0.01 secs] 
2014-07-08T02:35:15.270+0000: 2955.896: [GC [PSYoungGen: 310880K->1044K(302720K)] 747516K->437728K(989696K), 0.0050290 secs] [Times: user=0.02 sys=0.00, real=0.01 secs] 
2014-07-08T02:35:16.198+0000: 2956.824: [GC [PSYoungGen: 302676K->708K(294272K)] 739360K->437471K(981248K), 0.0080240 secs] [Times: user=0.04 sys=0.01, real=0.01 secs] 
2014-07-08T02:35:17.264+0000: 2957.890: [GC [PSYoungGen: 294212K->1078K(286784K)] 730975K->437914K(973760K), 0.0071680 secs] [Times: user=0.05 sys=0.00, real=0.00 secs] 
2014-07-08T02:35:18.151+0000: 2958.777: [GC [PSYoungGen: 286772K->928K(279168K)] 723608K->437812K(966144K), 0.0043090 secs] [Times: user=0.02 sys=0.01, real=0.01 secs] 
2014-07-08T02:35:19.172+0000: 2959.798: [GC [PSYoungGen: 279136K->1158K(272256K)] 716020K->438082K(959232K), 0.0119740 secs] [Times: user=0.06 sys=0.00, real=0.02 secs] 
2014-07-08T02:35:20.014+0000: 2960.640: [GC [PSYoungGen: 272198K->814K(264960K)] 709122K->437826K(951936K), 0.0062130 secs] [Times: user=0.03 sys=0.00, real=0.00 secs] 
2014-07-08T02:35:20.956+0000: 2961.582: [GC [PSYoungGen: 264942K->942K(258432K)] 701954K->438010K(945408K), 0.0058370 secs] [Times: user=0.03 sys=0.01, real=0.00 secs] 
2014-07-08T02:35:21.736+0000: 2962.362: [GC [PSYoungGen: 258414K->1036K(252160K)] 695482K->438176K(939136K), 0.0051100 secs] [Times: user=0.03 sys=0.00, real=0.00 secs] 
2014-07-08T02:35:22.561+0000: 2963.187: [GC [PSYoungGen: 252108K->800K(245760K)] 689248K->438027K(932736K), 0.0072230 secs] [Times: user=0.04 sys=0.00, real=0.01 secs] 
2014-07-08T02:35:23.488+0000: 2964.114: [GC [PSYoungGen: 245726K->912K(239936K)] 682954K->438172K(926912K), 0.0049170 secs] [Times: user=0.02 sys=0.00, real=0.01 secs] 
2014-07-08T02:35:24.308+0000: 2964.934: [GC [PSYoungGen: 239888K->1064K(234368K)] 677148K->438380K(921344K), 0.0137590 secs] [Times: user=0.08 sys=0.00, real=0.01 secs] 
2014-07-08T02:35:25.083+0000: 2965.709: [GC [PSYoungGen: 234344K->908K(228736K)] 671660K->438312K(915712K), 0.0070700 secs] [Times: user=0.05 sys=0.00, real=0.01 secs] 
2014-07-08T02:35:25.830+0000: 2966.456: [GC [PSYoungGen: 228664K->829K(274176K)] 666068K->438525K(961152K), 0.0128390 secs] [Times: user=0.08 sys=0.01, real=0.01 secs] 
2014-07-08T02:35:26.716+0000: 2967.342: [GC [PSYoungGen: 274160K->1328K(329408K)] 711856K->439064K(1016384K), 0.0105940 secs] [Times: user=0.06 sys=0.00, real=0.01 secs] 
2014-07-08T02:35:27.951+0000: 2968.577: [GC [PSYoungGen: 329356K->680K(394432K)] 767091K->439114K(1081408K), 0.0280200 secs] [Times: user=0.16 sys=0.00, real=0.03 secs] 
2014-07-08T02:35:29.767+0000: 2970.393: [GC [PSYoungGen: 394408K->1402K(403328K)] 832842K->439926K(1090304K), 0.0093310 secs] [Times: user=0.05 sys=0.00, real=0.01 secs] 
2014-07-08T02:35:32.028+0000: 2972.654: [GC [PSYoungGen: 403130K->1188K(390720K)] 841654K->440014K(1077696K), 0.0051670 secs] [Times: user=0.03 sys=0.00, real=0.00 secs] 
2014-07-08T02:35:34.044+0000: 2974.670: [GC [PSYoungGen: 390692K->1315K(379136K)] 829518K->440141K(1066112K), 0.0084630 secs] [Times: user=0.04 sys=0.00, real=0.01 secs] 
2014-07-08T02:35:35.616+0000: 2976.242: [GC [PSYoungGen: 379107K->818K(367424K)] 817933K->439870K(1054400K), 0.0116310 secs] [Times: user=0.07 sys=0.00, real=0.01 secs] 
2014-07-08T02:35:36.687+0000: 2977.313: [GC [PSYoungGen: 367410K->940K(356800K)] 806462K->440032K(1043776K), 0.0063480 secs] [Times: user=0.02 sys=0.00, real=0.00 secs] 
2014-07-08T02:35:37.730+0000: 2978.356: [GC [PSYoungGen: 356780K->1444K(347008K)] 795872K->440624K(1033984K), 0.0120360 secs] [Times: user=0.07 sys=0.00, real=0.01 secs] 
2014-07-08T02:35:38.843+0000: 2979.469: [GC [PSYoungGen: 346980K->1341K(337024K)] 786160K->440561K(1024000K), 0.0154800 secs] [Times: user=0.09 sys=0.00, real=0.02 secs] 
2014-07-08T02:35:39.839+0000: 2980.465: [GC [PSYoungGen: 336990K->690K(403520K)] 776210K->440378K(1090496K), 0.0148270 secs] [Times: user=0.09 sys=0.00, real=0.01 secs] 
2014-07-08T02:35:40.946+0000: 2981.572: [GC [PSYoungGen: 403506K->1252K(391872K)] 843194K->440996K(1078848K), 0.0040590 secs] [Times: user=0.02 sys=0.01, real=0.00 secs] 
2014-07-08T02:35:42.133+0000: 2982.759: [GC [PSYoungGen: 391844K->808K(379712K)] 831588K->440924K(1066688K), 0.0048390 secs] [Times: user=0.03 sys=0.00, real=0.01 secs] 
2014-07-08T02:35:43.375+0000: 2984.001: [GC [PSYoungGen: 379688K->1124K(368768K)] 819804K->441320K(1055744K), 0.0094380 secs] [Times: user=0.05 sys=0.00, real=0.01 secs] 
2014-07-08T02:35:44.738+0000: 2985.364: [GC [PSYoungGen: 368740K->1298K(358208K)] 808936K->441582K(1045184K), 0.0036550 secs] [Times: user=0.02 sys=0.00, real=0.00 secs] 
2014-07-08T02:35:45.956+0000: 2986.582: [GC [PSYoungGen: 358162K->894K(347456K)] 798446K->441226K(1034432K), 0.0104740 secs] [Times: user=0.06 sys=0.00, real=0.01 secs] 
2014-07-08T02:35:47.089+0000: 2987.715: [GC [PSYoungGen: 347449K->648K(337344K)] 787781K->441036K(1024320K), 0.0041170 secs] [Times: user=0.02 sys=0.00, real=0.00 secs] 
2014-07-08T02:35:48.201+0000: 2988.827: [GC [PSYoungGen: 337288K->690K(327872K)] 777676K->441150K(1014848K), 0.0099670 secs] [Times: user=0.07 sys=0.00, real=0.01 secs] 
2014-07-08T02:35:49.280+0000: 2989.905: [GC [PSYoungGen: 327852K->1210K(319296K)] 768312K->441751K(1006272K), 0.0040050 secs] [Times: user=0.02 sys=0.01, real=0.00 secs] 
2014-07-08T02:35:50.357+0000: 2990.983: [GC [PSYoungGen: 319290K->726K(310080K)] 759831K->441314K(997056K), 0.0039410 secs] [Times: user=0.02 sys=0.00, real=0.01 secs] 
2014-07-08T02:35:51.468+0000: 2992.094: [GC [PSYoungGen: 310038K->890K(301824K)] 750626K->441558K(988800K), 0.0043520 secs] [Times: user=0.02 sys=0.00, real=0.00 secs] 
2014-07-08T02:35:52.543+0000: 2993.169: [GC [PSYoungGen: 301818K->794K(293696K)] 742486K->441558K(980672K), 0.0085620 secs] [Times: user=0.07 sys=0.00, real=0.01 secs] 
2014-07-08T02:35:53.508+0000: 2994.134: [GC [PSYoungGen: 293658K->922K(286080K)] 734422K->441742K(973056K), 0.0041080 secs] [Times: user=0.02 sys=0.00, real=0.00 secs] 
2014-07-08T02:35:54.579+0000: 2995.205: [GC [PSYoungGen: 286042K->1120K(278848K)] 726862K->442005K(965824K), 0.0079030 secs] [Times: user=0.05 sys=0.01, real=0.00 secs] 
2014-07-08T02:35:55.444+0000: 2996.070: [GC [PSYoungGen: 278772K->1011K(271552K)] 719657K->442007K(958528K), 0.0039340 secs] [Times: user=0.02 sys=0.00, real=0.00 secs] 
2014-07-08T02:35:56.453+0000: 2997.079: [GC [PSYoungGen: 271539K->750K(264384K)] 712535K->441818K(951360K), 0.0095560 secs] [Times: user=0.06 sys=0.01, real=0.01 secs] 
2014-07-08T02:35:57.284+0000: 2997.910: [GC [PSYoungGen: 264366K->926K(257920K)] 705434K->442058K(944896K), 0.0111670 secs] [Times: user=0.06 sys=0.00, real=0.01 secs] 
2014-07-08T02:35:58.220+0000: 2998.846: [GC [PSYoungGen: 257886K->1044K(251648K)] 699018K->442224K(938624K), 0.0058360 secs] [Times: user=0.03 sys=0.00, real=0.00 secs] 
2014-07-08T02:35:59.061+0000: 2999.687: [GC [PSYoungGen: 251604K->958K(245376K)] 692784K->442202K(932352K), 0.0066710 secs] [Times: user=0.04 sys=0.00, real=0.00 secs] 
2014-07-08T02:35:59.869+0000: 3000.494: [GC [PSYoungGen: 245374K->1146K(239680K)] 686618K->442470K(926656K), 0.0092890 secs] [Times: user=0.05 sys=0.00, real=0.01 secs] 
2014-07-08T02:36:00.614+0000: 3001.240: [GC [PSYoungGen: 239674K->758K(233600K)] 680998K->442320K(920576K), 0.0084280 secs] [Times: user=0.05 sys=0.00, real=0.01 secs] 
2014-07-08T02:36:01.381+0000: 3002.007: [GC [PSYoungGen: 233590K->722K(228096K)] 675152K->442396K(915072K), 0.0077710 secs] [Times: user=0.05 sys=0.00, real=0.01 secs] 
2014-07-08T02:36:02.273+0000: 3002.899: [GC [PSYoungGen: 227999K->1012K(223040K)] 669673K->442742K(910016K), 0.0076510 secs] [Times: user=0.05 sys=0.00, real=0.01 secs] 
2014-07-08T02:36:02.989+0000: 3003.614: [GC [PSYoungGen: 222981K->1061K(217984K)] 664711K->442863K(904960K), 0.0075030 secs] [Times: user=0.05 sys=0.00, real=0.01 secs] 
2014-07-08T02:36:03.679+0000: 3004.304: [GC [PSYoungGen: 217901K->744K(212736K)] 659703K->442788K(899712K), 0.0081730 secs] [Times: user=0.06 sys=0.00, real=0.01 secs] 
2014-07-08T02:36:04.381+0000: 3005.007: [GC [PSYoungGen: 212712K->1050K(208320K)] 654756K->443158K(895296K), 0.0036880 secs] [Times: user=0.01 sys=0.01, real=0.00 secs] 
2014-07-08T02:36:05.210+0000: 3005.836: [GC [PSYoungGen: 208282K->894K(203520K)] 650390K->443480K(890496K), 0.0054840 secs] [Times: user=0.02 sys=0.00, real=0.00 secs] 
2014-07-08T02:36:05.802+0000: 3006.428: [GC [PSYoungGen: 203518K->1436K(199680K)] 646104K->444119K(886656K), 0.0059440 secs] [Times: user=0.04 sys=0.00, real=0.00 secs] 
2014-07-08T02:36:06.411+0000: 3007.037: [GC [PSYoungGen: 199644K->634K(238528K)] 642327K->443520K(925504K), 0.0114520 secs] [Times: user=0.07 sys=0.00, real=0.01 secs] 
2014-07-08T02:36:07.310+0000: 3007.936: [GC [PSYoungGen: 238522K->856K(286400K)] 681408K->443799K(973376K), 0.0085020 secs] [Times: user=0.06 sys=0.00, real=0.00 secs] 
2014-07-08T02:36:08.216+0000: 3008.842: [GC [PSYoungGen: 286360K->768K(278848K)] 729303K->443767K(965824K), 0.0071480 secs] [Times: user=0.02 sys=0.00, real=0.01 secs] 
2014-07-08T02:36:09.223+0000: 3009.849: [GC [PSYoungGen: 278784K->850K(334528K)] 721783K->443881K(1021504K), 0.0109020 secs] [Times: user=0.06 sys=0.00, real=0.01 secs] 
2014-07-08T02:36:10.280+0000: 3010.906: [GC [PSYoungGen: 334439K->1054K(325312K)] 777469K->444133K(1012288K), 0.0051880 secs] [Times: user=0.02 sys=0.01, real=0.01 secs] 
2014-07-08T02:36:11.393+0000: 3012.019: [GC [PSYoungGen: 325278K->808K(316032K)] 768357K->443958K(1003008K), 0.0085240 secs] [Times: user=0.05 sys=0.00, real=0.01 secs] 
2014-07-08T02:36:12.549+0000: 3013.175: [GC [PSYoungGen: 316008K->918K(307520K)] 759158K->444125K(994496K), 0.0087770 secs] [Times: user=0.05 sys=0.00, real=0.01 secs] 
2014-07-08T02:36:14.071+0000: 3014.697: [GC [PSYoungGen: 307478K->1340K(299584K)] 750685K->444594K(986560K), 0.0089930 secs] [Times: user=0.05 sys=0.00, real=0.00 secs] 
2014-07-08T02:36:15.372+0000: 3015.998: [GC [PSYoungGen: 299580K->576K(290880K)] 742834K->444054K(977856K), 0.0068980 secs] [Times: user=0.04 sys=0.00, real=0.00 secs] 
2014-07-08T02:36:17.060+0000: 3017.686: [GC [PSYoungGen: 290880K->1132K(283776K)] 734358K->444658K(970752K), 0.0099210 secs] [Times: user=0.06 sys=0.00, real=0.01 secs] 
2014-07-08T02:36:17.833+0000: 3018.459: [GC [PSYoungGen: 283729K->1330K(276608K)] 727255K->444953K(963584K), 0.0048570 secs] [Times: user=0.03 sys=0.00, real=0.00 secs] 
2014-07-08T02:36:18.637+0000: 3019.263: [GC [PSYoungGen: 276594K->978K(269184K)] 720217K->444664K(956160K), 0.0072700 secs] [Times: user=0.05 sys=0.00, real=0.01 secs] 
2014-07-08T02:36:19.744+0000: 3020.370: [GC [PSYoungGen: 269090K->886K(262272K)] 712777K->444989K(949248K), 0.0075040 secs] [Times: user=0.03 sys=0.01, real=0.00 secs] 
2014-07-08T02:36:20.468+0000: 3021.094: [GC [PSYoungGen: 262262K->1471K(256320K)] 706365K->445621K(943296K), 0.0077460 secs] [Times: user=0.04 sys=0.00, real=0.01 secs] 
2014-07-08T02:36:21.185+0000: 3021.811: [GC [PSYoungGen: 256319K->882K(249472K)] 700469K->445831K(936448K), 0.0055190 secs] [Times: user=0.03 sys=0.00, real=0.00 secs] 
2014-07-08T02:36:21.871+0000: 3022.497: [GC [PSYoungGen: 249458K->836K(243392K)] 694407K->445849K(930368K), 0.0054680 secs] [Times: user=0.03 sys=0.01, real=0.01 secs] 
2014-07-08T02:36:22.780+0000: 3023.406: [GC [PSYoungGen: 243332K->712K(237440K)] 688345K->445781K(924416K), 0.0041030 secs] [Times: user=0.02 sys=0.01, real=0.01 secs] 
2014-07-08T02:36:23.511+0000: 3024.137: [GC [PSYoungGen: 237384K->644K(231744K)] 682453K->445777K(918720K), 0.0071540 secs] [Times: user=0.05 sys=0.00, real=0.01 secs] 
2014-07-08T02:36:24.333+0000: 3024.959: [GC [PSYoungGen: 231684K->1050K(226688K)] 676817K->446223K(913664K), 0.0093910 secs] [Times: user=0.06 sys=0.00, real=0.00 secs] 
2014-07-08T02:36:25.049+0000: 3025.675: [GC [PSYoungGen: 226650K->1278K(221632K)] 671823K->446515K(908608K), 0.0048110 secs] [Times: user=0.02 sys=0.00, real=0.01 secs] 
2014-07-08T02:36:25.744+0000: 3026.370: [GC [PSYoungGen: 221630K->1194K(265664K)] 666867K->446487K(952640K), 0.0158830 secs] [Times: user=0.11 sys=0.00, real=0.01 secs] 
2014-07-08T02:36:26.686+0000: 3027.312: [GC [PSYoungGen: 265642K->804K(318208K)] 710935K->446169K(1005184K), 0.0062090 secs] [Times: user=0.02 sys=0.00, real=0.00 secs] 
2014-07-08T02:36:27.703+0000: 3028.329: [GC [PSYoungGen: 318152K->918K(309632K)] 763517K->446379K(996608K), 0.0058310 secs] [Times: user=0.03 sys=0.00, real=0.00 secs] 
2014-07-08T02:36:28.794+0000: 3029.420: [GC [PSYoungGen: 309590K->676K(300992K)] 755051K->446217K(987968K), 0.0075880 secs] [Times: user=0.05 sys=0.00, real=0.00 secs] 
2014-07-08T02:36:29.783+0000: 3030.409: [GC [PSYoungGen: 300931K->800K(293056K)] 746473K->446429K(980032K), 0.0068600 secs] [Times: user=0.05 sys=0.00, real=0.01 secs] 
2014-07-08T02:36:30.830+0000: 3031.455: [GC [PSYoungGen: 293024K->594K(285120K)] 738653K->446303K(972096K), 0.0029620 secs] [Times: user=0.02 sys=0.00, real=0.00 secs] 
2014-07-08T02:36:31.703+0000: 3032.329: [GC [PSYoungGen: 285071K->878K(277952K)] 730781K->446635K(964928K), 0.0116460 secs] [Times: user=0.08 sys=0.00, real=0.02 secs] 
2014-07-08T02:36:32.688+0000: 3033.314: [GC [PSYoungGen: 277897K->1170K(271104K)] 723654K->446984K(958080K), 0.0039860 secs] [Times: user=0.02 sys=0.01, real=0.00 secs] 
2014-07-08T02:36:33.615+0000: 3034.240: [GC [PSYoungGen: 271058K->880K(263936K)] 716872K->446757K(950912K), 0.0031250 secs] [Times: user=0.02 sys=0.00, real=0.00 secs] 
2014-07-08T02:36:34.527+0000: 3035.153: [GC [PSYoungGen: 263920K->833K(257344K)] 709797K->446774K(944320K), 0.0037540 secs] [Times: user=0.02 sys=0.01, real=0.00 secs] 
2014-07-08T02:36:35.374+0000: 3036.000: [GC [PSYoungGen: 257281K->1070K(251200K)] 703222K->447091K(938176K), 0.0078650 secs] [Times: user=0.04 sys=0.00, real=0.01 secs] 
2014-07-08T02:36:36.217+0000: 3036.843: [GC [PSYoungGen: 251178K->684K(244672K)] 697199K->446753K(931648K), 0.0045030 secs] [Times: user=0.02 sys=0.01, real=0.00 secs] 
2014-07-08T02:36:36.962+0000: 3037.588: [GC [PSYoungGen: 244652K->1181K(239296K)] 690721K->447330K(926272K), 0.0085460 secs] [Times: user=0.05 sys=0.01, real=0.01 secs] 
2014-07-08T02:36:37.734+0000: 3038.360: [GC [PSYoungGen: 239251K->864K(233280K)] 685401K->447085K(920256K), 0.0057770 secs] [Times: user=0.03 sys=0.01, real=0.01 secs] 
2014-07-08T02:36:38.549+0000: 3039.175: [GC [PSYoungGen: 233248K->562K(227456K)] 679469K->446839K(914432K), 0.0066060 secs] [Times: user=0.04 sys=0.00, real=0.01 secs] 
2014-07-08T02:36:39.404+0000: 3040.030: [GC [PSYoungGen: 227426K->1100K(222784K)] 673704K->447449K(909760K), 0.0071290 secs] [Times: user=0.05 sys=0.01, real=0.01 secs] 
2014-07-08T02:36:40.104+0000: 3040.730: [GC [PSYoungGen: 222732K->1288K(217856K)] 669081K->447701K(904832K), 0.0094070 secs] [Times: user=0.05 sys=0.00, real=0.01 secs] 
2014-07-08T02:36:40.841+0000: 3041.467: [GC [PSYoungGen: 217800K->662K(212288K)] 664213K->447139K(899264K), 0.0071960 secs] [Times: user=0.05 sys=0.00, real=0.01 secs] 
2014-07-08T02:36:41.546+0000: 3042.172: [GC [PSYoungGen: 212246K->626K(207488K)] 658723K->447183K(894464K), 0.0030420 secs] [Times: user=0.02 sys=0.00, real=0.00 secs] 
2014-07-08T02:36:42.264+0000: 3042.890: [GC [PSYoungGen: 207448K->1292K(203648K)] 654006K->447881K(890624K), 0.0061390 secs] [Times: user=0.02 sys=0.00, real=0.01 secs] 
2014-07-08T02:36:42.852+0000: 3043.478: [GC [PSYoungGen: 203596K->758K(198656K)] 650185K->447427K(885632K), 0.0083710 secs] [Times: user=0.06 sys=0.00, real=0.01 secs] 
2014-07-08T02:36:43.537+0000: 3044.163: [GC [PSYoungGen: 198616K->690K(194304K)] 645285K->447415K(881280K), 0.0036120 secs] [Times: user=0.02 sys=0.00, real=0.00 secs] 
2014-07-08T02:36:44.255+0000: 3044.880: [GC [PSYoungGen: 194290K->928K(190464K)] 641015K->447725K(877440K), 0.0037330 secs] [Times: user=0.02 sys=0.00, real=0.01 secs] 
2014-07-08T02:36:44.797+0000: 3045.423: [GC [PSYoungGen: 190432K->1052K(186624K)] 637229K->447930K(873600K), 0.0058010 secs] [Times: user=0.02 sys=0.00, real=0.00 secs] 
2014-07-08T02:36:45.533+0000: 3046.159: [GC [PSYoungGen: 186588K->1078K(182784K)] 633466K->448035K(869760K), 0.0076310 secs] [Times: user=0.05 sys=0.00, real=0.01 secs] 
2014-07-08T02:36:46.080+0000: 3046.706: [GC [PSYoungGen: 182704K->1220K(179264K)] 629661K->448226K(866240K), 0.0044010 secs] [Times: user=0.03 sys=0.01, real=0.00 secs] 
2014-07-08T02:36:46.664+0000: 3047.290: [GC [PSYoungGen: 179204K->580K(175040K)] 626210K->447633K(862016K), 0.0072970 secs] [Times: user=0.05 sys=0.01, real=0.01 secs] 
2014-07-08T02:36:47.328+0000: 3047.954: [GC [PSYoungGen: 174980K->1234K(172224K)] 622033K->448359K(859200K), 0.0070000 secs] [Times: user=0.03 sys=0.00, real=0.00 secs] 
2014-07-08T02:36:47.794+0000: 3048.420: [GC [PSYoungGen: 172144K->779K(206016K)] 619269K->447960K(892992K), 0.0119020 secs] [Times: user=0.08 sys=0.00, real=0.02 secs] 
2014-07-08T02:36:48.518+0000: 3049.144: [GC [PSYoungGen: 205962K->768K(247104K)] 653144K->448005K(934080K), 0.0067990 secs] [Times: user=0.05 sys=0.00, real=0.00 secs] 
2014-07-08T02:36:49.423+0000: 3050.049: [GC [PSYoungGen: 247040K->1020K(296576K)] 694277K->448313K(983552K), 0.0077600 secs] [Times: user=0.05 sys=0.00, real=0.01 secs] 
2014-07-08T02:36:50.522+0000: 3051.148: [GC [PSYoungGen: 296552K->1124K(355840K)] 743846K->448441K(1042816K), 0.0068830 secs] [Times: user=0.04 sys=0.00, real=0.01 secs] 
2014-07-08T02:36:51.572+0000: 3052.197: [GC [PSYoungGen: 355812K->722K(345216K)] 803129K->448111K(1032192K), 0.0074050 secs] [Times: user=0.04 sys=0.00, real=0.01 secs] 
2014-07-08T02:36:52.717+0000: 3053.343: [GC [PSYoungGen: 345149K->612K(335296K)] 792538K->448057K(1022272K), 0.0038640 secs] [Times: user=0.02 sys=0.00, real=0.01 secs] 
2014-07-08T02:36:53.861+0000: 3054.487: [GC [PSYoungGen: 335268K->744K(326016K)] 782713K->448245K(1012992K), 0.0076900 secs] [Times: user=0.04 sys=0.01, real=0.01 secs] 
2014-07-08T02:36:54.932+0000: 3055.558: [GC [PSYoungGen: 325992K->1028K(317312K)] 773493K->448617K(1004288K), 0.0048200 secs] [Times: user=0.03 sys=0.00, real=0.00 secs] 
2014-07-08T02:36:56.065+0000: 3056.691: [GC [PSYoungGen: 317252K->744K(308288K)] 764841K->448405K(995264K), 0.0083920 secs] [Times: user=0.05 sys=0.01, real=0.01 secs] 
2014-07-08T02:36:57.044+0000: 3057.670: [GC [PSYoungGen: 308264K->1441K(300672K)] 755925K->449240K(987648K), 0.0109220 secs] [Times: user=0.06 sys=0.00, real=0.01 secs] 
2014-07-08T02:36:58.062+0000: 3058.688: [GC [PSYoungGen: 300641K->736K(291968K)] 748440K->448943K(978944K), 0.0075280 secs] [Times: user=0.05 sys=0.00, real=0.01 secs] 
2014-07-08T02:36:59.052+0000: 3059.678: [GC [PSYoungGen: 291936K->1086K(284608K)] 740143K->449349K(971584K), 0.0082270 secs] [Times: user=0.06 sys=0.00, real=0.01 secs] 
2014-07-08T02:36:59.995+0000: 3060.621: [GC [PSYoungGen: 284606K->694K(276800K)] 732869K->449321K(963776K), 0.0110360 secs] [Times: user=0.07 sys=0.00, real=0.01 secs] 
2014-07-08T02:37:00.933+0000: 3061.559: [GC [PSYoungGen: 276790K->1335K(270336K)] 725417K->450018K(957312K), 0.0101890 secs] [Times: user=0.07 sys=0.00, real=0.01 secs] 
2014-07-08T02:37:01.782+0000: 3062.408: [GC [PSYoungGen: 270325K->1252K(263424K)] 719008K->450016K(950400K), 0.0079520 secs] [Times: user=0.05 sys=0.00, real=0.01 secs] 
2014-07-08T02:37:02.735+0000: 3063.361: [GC [PSYoungGen: 263396K->626K(256192K)] 712160K->449461K(943168K), 0.0083790 secs] [Times: user=0.05 sys=0.01, real=0.01 secs] 
2014-07-08T02:37:03.583+0000: 3064.209: [GC [PSYoungGen: 256178K->690K(249920K)] 705013K->449621K(936896K), 0.0071810 secs] [Times: user=0.05 sys=0.00, real=0.01 secs] 
2014-07-08T02:37:04.470+0000: 3065.096: [GC [PSYoungGen: 249906K->894K(244032K)] 698837K->449897K(931008K), 0.0040390 secs] [Times: user=0.03 sys=0.00, real=0.00 secs] 
2014-07-08T02:37:05.308+0000: 3065.934: [GC [PSYoungGen: 244030K->1000K(238272K)] 693033K->450067K(925248K), 0.0105010 secs] [Times: user=0.08 sys=0.00, real=0.01 secs] 
2014-07-08T02:37:06.088+0000: 3066.714: [GC [PSYoungGen: 238248K->950K(232576K)] 687315K->450105K(919552K), 0.0083700 secs] [Times: user=0.05 sys=0.01, real=0.01 secs] 
2014-07-08T02:37:06.850+0000: 3067.476: [GC [PSYoungGen: 232566K->1134K(227328K)] 681721K->450378K(914304K), 0.0071800 secs] [Times: user=0.04 sys=0.01, real=0.00 secs] 
2014-07-08T02:37:07.627+0000: 3068.253: [GC [PSYoungGen: 227310K->904K(221888K)] 676554K->450227K(908864K), 0.0062660 secs] [Times: user=0.04 sys=0.00, real=0.01 secs] 
2014-07-08T02:37:08.388+0000: 3069.014: [GC [PSYoungGen: 221823K->1003K(216896K)] 671147K->450382K(903872K), 0.0045260 secs] [Times: user=0.02 sys=0.00, real=0.01 secs] 
2014-07-08T02:37:09.062+0000: 3069.688: [GC [PSYoungGen: 216875K->1212K(212224K)] 666254K->450648K(899200K), 0.0081120 secs] [Times: user=0.05 sys=0.00, real=0.01 secs] 
2014-07-08T02:37:09.751+0000: 3070.376: [GC [PSYoungGen: 212220K->744K(254016K)] 661656K->450259K(940992K), 0.0159530 secs] [Times: user=0.10 sys=0.01, real=0.01 secs] 
2014-07-08T02:37:10.665+0000: 3071.291: [GC [PSYoungGen: 253992K->796K(304768K)] 703507K->450367K(991744K), 0.0040670 secs] [Times: user=0.02 sys=0.01, real=0.00 secs] 
2014-07-08T02:37:11.678+0000: 3072.304: [GC [PSYoungGen: 304732K->594K(296384K)] 754303K->450253K(983360K), 0.0064960 secs] [Times: user=0.04 sys=0.00, real=0.01 secs] 
2014-07-08T02:37:12.682+0000: 3073.308: [GC [PSYoungGen: 296338K->776K(288704K)] 745997K->450507K(975680K), 0.0037650 secs] [Times: user=0.02 sys=0.00, real=0.00 secs] 
2014-07-08T02:37:13.644+0000: 3074.270: [GC [PSYoungGen: 288648K->676K(281024K)] 738379K->450479K(968000K), 0.0089930 secs] [Times: user=0.06 sys=0.00, real=0.01 secs] 
2014-07-08T02:37:14.704+0000: 3075.329: [GC [PSYoungGen: 280996K->1466K(274496K)] 730799K->451490K(961472K), 0.0057310 secs] [Times: user=0.02 sys=0.00, real=0.00 secs] 
2014-07-08T02:37:15.542+0000: 3076.168: [GC [PSYoungGen: 274490K->818K(266880K)] 724514K->451022K(953856K), 0.0143910 secs] [Times: user=0.08 sys=0.00, real=0.01 secs] 
2014-07-08T02:37:16.499+0000: 3077.125: [GC [PSYoungGen: 266866K->1270K(260608K)] 717070K->451546K(947584K), 0.0054090 secs] [Times: user=0.03 sys=0.00, real=0.01 secs] 
2014-07-08T02:37:17.318+0000: 3077.944: [GC [PSYoungGen: 260598K->844K(253760K)] 710874K->451200K(940736K), 0.0067660 secs] [Times: user=0.05 sys=0.00, real=0.01 secs] 
2014-07-08T02:37:18.272+0000: 3078.898: [GC [PSYoungGen: 253708K->1518K(248192K)] 704064K->451946K(935168K), 0.0073780 secs] [Times: user=0.05 sys=0.00, real=0.00 secs] 
2014-07-08T02:37:19.016+0000: 3079.642: [GC [PSYoungGen: 248174K->946K(241600K)] 698602K->451470K(928576K), 0.0070060 secs] [Times: user=0.05 sys=0.00, real=0.01 secs] 
2014-07-08T02:37:19.766+0000: 3080.392: [GC [PSYoungGen: 241586K->808K(235712K)] 692110K->451395K(922688K), 0.0046800 secs] [Times: user=0.02 sys=0.00, real=0.01 secs] 
2014-07-08T02:37:20.591+0000: 3081.216: [GC [PSYoungGen: 235668K->818K(282688K)] 686256K->451446K(969664K), 0.0160690 secs] [Times: user=0.10 sys=0.00, real=0.02 secs] 
2014-07-08T02:37:21.554+0000: 3082.180: [GC [PSYoungGen: 282674K->886K(339136K)] 733302K->451569K(1026112K), 0.0187340 secs] [Times: user=0.11 sys=0.00, real=0.02 secs] 
2014-07-08T02:37:22.695+0000: 3083.321: [GC [PSYoungGen: 339126K->708K(402432K)] 789809K->451455K(1089408K), 0.0045470 secs] [Times: user=0.02 sys=0.00, real=0.00 secs] 
2014-07-08T02:37:24.004+0000: 3084.630: [GC [PSYoungGen: 401511K->1248K(389952K)] 852259K->452084K(1076928K), 0.0070840 secs] [Times: user=0.05 sys=0.00, real=0.00 secs] 
2014-07-08T02:37:25.375+0000: 3086.001: [GC [PSYoungGen: 389905K->360K(377408K)] 840741K->451658K(1064384K), 0.0111530 secs] [Times: user=0.05 sys=0.00, real=0.01 secs] 
2014-07-08T02:37:26.661+0000: 3087.287: [GC [PSYoungGen: 377384K->994K(366912K)] 828682K->452324K(1053888K), 0.0078950 secs] [Times: user=0.06 sys=0.00, real=0.01 secs] 
2014-07-08T02:37:27.811+0000: 3088.437: [GC [PSYoungGen: 366882K->828K(356032K)] 818212K->452736K(1043008K), 0.0137510 secs] [Times: user=0.08 sys=0.00, real=0.02 secs] 
2014-07-08T02:37:29.056+0000: 3089.682: [GC [PSYoungGen: 356028K->1209K(346176K)] 807936K->453181K(1033152K), 0.0102570 secs] [Times: user=0.06 sys=0.00, real=0.01 secs] 
2014-07-08T02:37:30.303+0000: 3090.929: [GC [PSYoungGen: 346169K->1014K(336128K)] 798141K->453050K(1023104K), 0.0087890 secs] [Times: user=0.05 sys=0.00, real=0.00 secs] 
2014-07-08T02:37:31.441+0000: 3092.067: [GC [PSYoungGen: 336118K->1100K(326848K)] 788154K->453192K(1013824K), 0.0096100 secs] [Times: user=0.06 sys=0.00, real=0.01 secs] 
2014-07-08T02:37:32.517+0000: 3093.143: [GC [PSYoungGen: 326796K->956K(317568K)] 778888K->453144K(1004544K), 0.0073820 secs] [Times: user=0.05 sys=0.00, real=0.01 secs] 
2014-07-08T02:37:33.505+0000: 3094.131: [GC [PSYoungGen: 317564K->808K(308736K)] 769752K->453068K(995712K), 0.0056630 secs] [Times: user=0.03 sys=0.00, real=0.00 secs] 
2014-07-08T02:37:34.573+0000: 3095.199: [GC [PSYoungGen: 308670K->1202K(300800K)] 760931K->453550K(987776K), 0.0044340 secs] [Times: user=0.03 sys=0.00, real=0.00 secs] 
2014-07-08T02:37:35.611+0000: 3096.237: [GC [PSYoungGen: 300727K->1106K(292736K)] 753076K->453502K(979712K), 0.0044360 secs] [Times: user=0.02 sys=0.00, real=0.01 secs] 
2014-07-08T02:37:36.609+0000: 3097.235: [GC [PSYoungGen: 292690K->736K(284672K)] 745086K->453310K(971648K), 0.0072120 secs] [Times: user=0.05 sys=0.00, real=0.01 secs] 
2014-07-08T02:37:37.558+0000: 3098.184: [GC [PSYoungGen: 284640K->730K(277248K)] 737214K->453360K(964224K), 0.0060490 secs] [Times: user=0.04 sys=0.00, real=0.01 secs] 
2014-07-08T02:37:38.582+0000: 3099.208: [GC [PSYoungGen: 277186K->826K(270208K)] 729816K->453512K(957184K), 0.0038220 secs] [Times: user=0.02 sys=0.00, real=0.01 secs] 
2014-07-08T02:37:39.419+0000: 3100.044: [GC [PSYoungGen: 270202K->676K(263232K)] 722888K->453426K(950208K), 0.0092510 secs] [Times: user=0.06 sys=0.00, real=0.01 secs] 
2014-07-08T02:37:40.368+0000: 3100.994: [GC [PSYoungGen: 263189K->1404K(257344K)] 715939K->454243K(944320K), 0.0083760 secs] [Times: user=0.05 sys=0.00, real=0.01 secs] 
2014-07-08T02:37:41.196+0000: 3101.822: [GC [PSYoungGen: 257305K->1355K(251008K)] 710143K->454241K(937984K), 0.0050520 secs] [Times: user=0.02 sys=0.00, real=0.00 secs] 
2014-07-08T02:37:41.981+0000: 3102.607: [GC [PSYoungGen: 250955K->444K(299968K)] 703841K->454085K(986944K), 0.0182070 secs] [Times: user=0.11 sys=0.00, real=0.02 secs] 
2014-07-08T02:37:43.076+0000: 3103.702: [GC [PSYoungGen: 299964K->1260K(292800K)] 753605K->454949K(979776K), 0.0080350 secs] [Times: user=0.05 sys=0.00, real=0.00 secs] 
2014-07-08T02:37:44.030+0000: 3104.656: [GC [PSYoungGen: 292780K->1558K(351424K)] 746469K->455549K(1038400K), 0.0157070 secs] [Times: user=0.10 sys=0.01, real=0.02 secs] 
2014-07-08T02:37:45.219+0000: 3105.845: [GC [PSYoungGen: 351340K->1302K(391808K)] 805332K->455374K(1078784K), 0.0072400 secs] [Times: user=0.04 sys=0.00, real=0.01 secs] 
2014-07-08T02:37:46.568+0000: 3107.194: [GC [PSYoungGen: 391254K->544K(378816K)] 845326K->454671K(1065792K), 0.0089450 secs] [Times: user=0.05 sys=0.00, real=0.01 secs] 
2014-07-08T02:37:47.773+0000: 3108.399: [GC [PSYoungGen: 378784K->796K(367872K)] 832911K->454980K(1054848K), 0.0054770 secs] [Times: user=0.03 sys=0.00, real=0.01 secs] 
2014-07-08T02:37:49.067+0000: 3109.693: [GC [PSYoungGen: 367836K->974K(357312K)] 822020K->455229K(1044288K), 0.0115300 secs] [Times: user=0.06 sys=0.00, real=0.01 secs] 
2014-07-08T02:37:50.339+0000: 3110.965: [GC [PSYoungGen: 357262K->872K(346880K)] 811517K->455175K(1033856K), 0.0090200 secs] [Times: user=0.06 sys=0.00, real=0.01 secs] 
2014-07-08T02:37:51.447+0000: 3112.073: [GC [PSYoungGen: 346848K->772K(336960K)] 801152K->455107K(1023936K), 0.0054450 secs] [Times: user=0.02 sys=0.01, real=0.00 secs] 
2014-07-08T02:37:52.758+0000: 3113.384: [GC [PSYoungGen: 336855K->1197K(327872K)] 791190K->455597K(1014848K), 0.0036400 secs] [Times: user=0.02 sys=0.01, real=0.00 secs] 
2014-07-08T02:37:53.693+0000: 3114.319: [GC [PSYoungGen: 327853K->676K(318272K)] 782253K->455139K(1005248K), 0.0100320 secs] [Times: user=0.05 sys=0.00, real=0.01 secs] 
2014-07-08T02:37:54.789+0000: 3115.415: [GC [PSYoungGen: 318244K->658K(309568K)] 772707K->455201K(996544K), 0.0070120 secs] [Times: user=0.05 sys=0.00, real=0.01 secs] 
2014-07-08T02:37:55.789+0000: 3116.415: [GC [PSYoungGen: 309482K->1287K(301824K)] 764025K->455894K(988800K), 0.0058820 secs] [Times: user=0.02 sys=0.00, real=0.00 secs] 
2014-07-08T02:37:56.854+0000: 3117.479: [GC [PSYoungGen: 301767K->1170K(293632K)] 756374K->455866K(980608K), 0.0076020 secs] [Times: user=0.05 sys=0.00, real=0.01 secs] 
2014-07-08T02:37:57.821+0000: 3118.447: [GC [PSYoungGen: 293586K->872K(285568K)] 748281K->455631K(972544K), 0.0113910 secs] [Times: user=0.07 sys=0.00, real=0.01 secs] 
2014-07-08T02:37:58.833+0000: 3119.459: [GC [PSYoungGen: 285496K->1142K(278400K)] 740256K->455941K(965376K), 0.0139040 secs] [Times: user=0.07 sys=0.00, real=0.01 secs] 
2014-07-08T02:37:59.719+0000: 3120.345: [GC [PSYoungGen: 278389K->722K(270848K)] 733189K->455617K(957824K), 0.0061220 secs] [Times: user=0.04 sys=0.00, real=0.00 secs] 
2014-07-08T02:38:00.690+0000: 3121.316: [GC [PSYoungGen: 270802K->914K(264192K)] 725697K->455889K(951168K), 0.0087180 secs] [Times: user=0.05 sys=0.00, real=0.01 secs] 
2014-07-08T02:38:01.582+0000: 3122.208: [GC [PSYoungGen: 264144K->790K(257472K)] 719120K->455829K(944448K), 0.0079100 secs] [Times: user=0.03 sys=0.01, real=0.01 secs] 
2014-07-08T02:38:02.483+0000: 3123.109: [GC [PSYoungGen: 257430K->932K(251200K)] 712469K->456059K(938176K), 0.0053550 secs] [Times: user=0.03 sys=0.00, real=0.01 secs] 
2014-07-08T02:38:03.333+0000: 3123.958: [GC [PSYoungGen: 251165K->1054K(245184K)] 706292K->456237K(932160K), 0.0130070 secs] [Times: user=0.08 sys=0.00, real=0.01 secs] 
2014-07-08T02:38:04.112+0000: 3124.738: [GC [PSYoungGen: 245150K->1337K(239552K)] 700333K->456600K(926528K), 0.0048840 secs] [Times: user=0.02 sys=0.00, real=0.00 secs] 
2014-07-08T02:38:04.854+0000: 3125.480: [GC [PSYoungGen: 239545K->686K(233216K)] 694808K->455997K(920192K), 0.0099370 secs] [Times: user=0.07 sys=0.00, real=0.01 secs] 
2014-07-08T02:38:05.656+0000: 3126.281: [GC [PSYoungGen: 233198K->772K(227840K)] 688509K->456171K(914816K), 0.0043780 secs] [Times: user=0.03 sys=0.00, real=0.01 secs] 
2014-07-08T02:38:06.516+0000: 3127.142: [GC [PSYoungGen: 227780K->1440K(223168K)] 683179K->456912K(910144K), 0.0066630 secs] [Times: user=0.05 sys=0.00, real=0.01 secs] 
2014-07-08T02:38:07.302+0000: 3127.928: [GC [PSYoungGen: 223135K->978K(217600K)] 678607K->456513K(904576K), 0.0080500 secs] [Times: user=0.04 sys=0.01, real=0.01 secs] 
2014-07-08T02:38:07.925+0000: 3128.551: [GC [PSYoungGen: 217515K->895K(212544K)] 673050K->456851K(899520K), 0.0059740 secs] [Times: user=0.04 sys=0.00, real=0.01 secs] 
2014-07-08T02:38:08.673+0000: 3129.299: [GC [PSYoungGen: 212543K->798K(207744K)] 668499K->456801K(894720K), 0.0094130 secs] [Times: user=0.06 sys=0.00, real=0.01 secs] 
2014-07-08T02:38:09.386+0000: 3130.012: [GC [PSYoungGen: 207710K->694K(203072K)] 663713K->456753K(890048K), 0.0077400 secs] [Times: user=0.05 sys=0.01, real=0.01 secs] 
2014-07-08T02:38:10.065+0000: 3130.691: [GC [PSYoungGen: 203052K->1146K(244032K)] 659112K->457285K(931008K), 0.0088780 secs] [Times: user=0.06 sys=0.00, real=0.01 secs] 
2014-07-08T02:38:10.899+0000: 3131.525: [GC [PSYoungGen: 244026K->936K(292416K)] 700165K->457139K(979392K), 0.0129450 secs] [Times: user=0.09 sys=0.00, real=0.01 secs] 
2014-07-08T02:38:11.945+0000: 3132.571: [GC [PSYoungGen: 292392K->1038K(350848K)] 748595K->457305K(1037824K), 0.0102520 secs] [Times: user=0.06 sys=0.00, real=0.01 secs] 
2014-07-08T02:38:13.144+0000: 3133.770: [GC [PSYoungGen: 350769K->1068K(402624K)] 807037K->457399K(1089600K), 0.0097250 secs] [Times: user=0.07 sys=0.01, real=0.01 secs] 
2014-07-08T02:38:14.496+0000: 3135.122: [GC [PSYoungGen: 402434K->790K(390080K)] 858766K->457185K(1077056K), 0.0066890 secs] [Times: user=0.04 sys=0.00, real=0.01 secs] 
2014-07-08T02:38:15.737+0000: 3136.363: [GC [PSYoungGen: 390028K->676K(378304K)] 846423K->457143K(1065280K), 0.0075380 secs] [Times: user=0.04 sys=0.00, real=0.01 secs] 
2014-07-08T02:38:17.091+0000: 3137.717: [GC [PSYoungGen: 378276K->1124K(367552K)] 834743K->457656K(1054528K), 0.0046010 secs] [Times: user=0.02 sys=0.00, real=0.00 secs] 
2014-07-08T02:38:18.482+0000: 3139.108: [GC [PSYoungGen: 367524K->758K(356416K)] 824056K->457353K(1043392K), 0.0072090 secs] [Times: user=0.05 sys=0.00, real=0.00 secs] 
2014-07-08T02:38:19.525+0000: 3140.151: [GC [PSYoungGen: 356406K->1028K(346432K)] 813001K->457696K(1033408K), 0.0066930 secs] [Times: user=0.04 sys=0.00, real=0.01 secs] 
2014-07-08T02:38:20.699+0000: 3141.324: [GC [PSYoungGen: 346323K->708K(336256K)] 802991K->457455K(1023232K), 0.0104480 secs] [Times: user=0.08 sys=0.00, real=0.01 secs] 
2014-07-08T02:38:21.763+0000: 3142.388: [GC [PSYoungGen: 336186K->744K(326784K)] 792934K->457555K(1013760K), 0.0089470 secs] [Times: user=0.06 sys=0.00, real=0.01 secs] 
2014-07-08T02:38:22.843+0000: 3143.468: [GC [PSYoungGen: 326739K->776K(317760K)] 783550K->457627K(1004736K), 0.0044920 secs] [Times: user=0.02 sys=0.00, real=0.00 secs] 
2014-07-08T02:38:23.938+0000: 3144.564: [GC [PSYoungGen: 317683K->1028K(309312K)] 774534K->457952K(996288K), 0.0077830 secs] [Times: user=0.04 sys=0.00, real=0.01 secs] 
2014-07-08T02:38:24.993+0000: 3145.618: [GC [PSYoungGen: 309241K->904K(300800K)] 766165K->457883K(987776K), 0.0066470 secs] [Times: user=0.04 sys=0.00, real=0.00 secs] 
2014-07-08T02:38:26.011+0000: 3146.637: [GC [PSYoungGen: 300744K->836K(292736K)] 757723K->457887K(979712K), 0.0088040 secs] [Times: user=0.05 sys=0.01, real=0.00 secs] 
2014-07-08T02:38:27.059+0000: 3147.685: [GC [PSYoungGen: 292676K->1010K(285120K)] 749727K->458118K(972096K), 0.0059630 secs] [Times: user=0.02 sys=0.00, real=0.01 secs] 
2014-07-08T02:38:27.976+0000: 3148.602: [GC [PSYoungGen: 285101K->1042K(277760K)] 742209K->458197K(964736K), 0.0056650 secs] [Times: user=0.03 sys=0.00, real=0.01 secs] 
2014-07-08T02:38:28.880+0000: 3149.506: [GC [PSYoungGen: 277714K->622K(270208K)] 734869K->458151K(957184K), 0.0063580 secs] [Times: user=0.05 sys=0.00, real=0.01 secs] 
2014-07-08T02:38:29.834+0000: 3150.460: [GC [PSYoungGen: 270148K->1095K(263872K)] 727678K->458721K(950848K), 0.0065410 secs] [Times: user=0.04 sys=0.00, real=0.00 secs] 
2014-07-08T02:38:30.747+0000: 3151.373: [GC [PSYoungGen: 263815K->548K(256704K)] 721441K->458237K(943680K), 0.0038810 secs] [Times: user=0.01 sys=0.00, real=0.00 secs] 
2014-07-08T02:38:31.649+0000: 3152.275: [GC [PSYoungGen: 256676K->676K(250496K)] 714365K->458429K(937472K), 0.0080890 secs] [Times: user=0.06 sys=0.00, real=0.01 secs] 
2014-07-08T02:38:32.488+0000: 3153.114: [GC [PSYoungGen: 250468K->662K(244352K)] 708221K->458455K(931328K), 0.0089120 secs] [Times: user=0.05 sys=0.00, real=0.01 secs] 
2014-07-08T02:38:33.333+0000: 3153.959: [GC [PSYoungGen: 244310K->972K(238784K)] 702103K->458845K(925760K), 0.0136610 secs] [Times: user=0.08 sys=0.00, real=0.01 secs] 
2014-07-08T02:38:34.076+0000: 3154.701: [GC [PSYoungGen: 238732K->1056K(233152K)] 696605K->458994K(920128K), 0.0068730 secs] [Times: user=0.05 sys=0.00, real=0.01 secs] 
2014-07-08T02:38:34.830+0000: 3155.456: [GC [PSYoungGen: 233120K->1057K(227712K)] 691058K->459075K(914688K), 0.0075680 secs] [Times: user=0.05 sys=0.00, real=0.01 secs] 
2014-07-08T02:38:35.689+0000: 3156.315: [GC [PSYoungGen: 227656K->684K(222080K)] 685673K->459011K(909056K), 0.0039200 secs] [Times: user=0.02 sys=0.00, real=0.01 secs] 
2014-07-08T02:38:36.445+0000: 3157.071: [GC [PSYoungGen: 222060K->832K(217216K)] 680387K->459208K(904192K), 0.0072530 secs] [Times: user=0.04 sys=0.00, real=0.00 secs] 
2014-07-08T02:38:37.203+0000: 3157.829: [GC [PSYoungGen: 217152K->950K(212352K)] 675528K->459405K(899328K), 0.0105150 secs] [Times: user=0.07 sys=0.00, real=0.02 secs] 
2014-07-08T02:38:37.828+0000: 3158.454: [GC [PSYoungGen: 212317K->644K(254400K)] 670773K->459187K(941376K), 0.0073780 secs] [Times: user=0.05 sys=0.00, real=0.01 secs] 
2014-07-08T02:38:38.663+0000: 3159.289: [GC [PSYoungGen: 254340K->722K(248192K)] 712883K->459337K(935168K), 0.0065850 secs] [Times: user=0.04 sys=0.00, real=0.00 secs] 
2014-07-08T02:38:39.607+0000: 3160.233: [GC [PSYoungGen: 248127K->1320K(242752K)] 706743K->460024K(929728K), 0.0037200 secs] [Times: user=0.03 sys=0.00, real=0.00 secs] 
2014-07-08T02:38:40.384+0000: 3161.010: [GC [PSYoungGen: 242728K->580K(236224K)] 701432K->459331K(923200K), 0.0077130 secs] [Times: user=0.05 sys=0.00, real=0.00 secs] 
2014-07-08T02:38:41.167+0000: 3161.793: [GC [PSYoungGen: 236133K->1092K(231168K)] 694885K->459908K(918144K), 0.0074050 secs] [Times: user=0.05 sys=0.00, real=0.01 secs] 
2014-07-08T02:38:41.870+0000: 3162.496: [GC [PSYoungGen: 231108K->1192K(225856K)] 689924K->460127K(912832K), 0.0091290 secs] [Times: user=0.06 sys=0.00, real=0.01 secs] 
2014-07-08T02:38:42.623+0000: 3163.249: [GC [PSYoungGen: 225817K->694K(220160K)] 684753K->459677K(907136K), 0.0055930 secs] [Times: user=0.02 sys=0.00, real=0.01 secs] 
2014-07-08T02:38:43.544+0000: 3164.170: [GC [PSYoungGen: 220150K->872K(215360K)] 679133K->459927K(902336K), 0.0112630 secs] [Times: user=0.07 sys=0.00, real=0.01 secs] 
2014-07-08T02:38:44.148+0000: 3164.774: [GC [PSYoungGen: 215328K->1394K(211008K)] 674384K->460546K(897984K), 0.0054470 secs] [Times: user=0.02 sys=0.00, real=0.00 secs] 
2014-07-08T02:38:44.770+0000: 3165.396: [GC [PSYoungGen: 210994K->658K(205632K)] 670146K->459889K(892608K), 0.0047710 secs] [Times: user=0.03 sys=0.01, real=0.01 secs] 
2014-07-08T02:38:45.552+0000: 3166.178: [GC [PSYoungGen: 205543K->872K(201344K)] 664775K->460175K(888320K), 0.0037050 secs] [Times: user=0.02 sys=0.00, real=0.01 secs] 
2014-07-08T02:38:46.200+0000: 3166.826: [GC [PSYoungGen: 201320K->644K(196800K)] 660623K->460011K(883776K), 0.0066760 secs] [Times: user=0.02 sys=0.00, real=0.01 secs] 
2014-07-08T02:38:46.818+0000: 3167.444: [GC [PSYoungGen: 196733K->939K(192832K)] 656101K->460403K(879808K), 0.0074020 secs] [Times: user=0.05 sys=0.00, real=0.01 secs] 
2014-07-08T02:38:47.525+0000: 3168.151: [GC [PSYoungGen: 192811K->908K(231232K)] 652275K->460451K(918208K), 0.0114890 secs] [Times: user=0.07 sys=0.00, real=0.01 secs] 
2014-07-08T02:38:48.337+0000: 3168.963: [GC [PSYoungGen: 231180K->882K(277248K)] 690723K->460490K(964224K), 0.0085370 secs] [Times: user=0.06 sys=0.00, real=0.01 secs] 
2014-07-08T02:38:49.265+0000: 3169.891: [GC [PSYoungGen: 277206K->1146K(270400K)] 736814K->461027K(957376K), 0.0068430 secs] [Times: user=0.05 sys=0.00, real=0.00 secs] 
2014-07-08T02:38:50.185+0000: 3170.811: [GC [PSYoungGen: 270394K->1400K(324544K)] 730275K->461361K(1011520K), 0.0140950 secs] [Times: user=0.09 sys=0.00, real=0.01 secs] 
2014-07-08T02:38:51.318+0000: 3171.944: [GC [PSYoungGen: 324523K->562K(314752K)] 784484K->460730K(1001728K), 0.0073710 secs] [Times: user=0.04 sys=0.00, real=0.01 secs] 
2014-07-08T02:38:52.870+0000: 3173.496: [GC [PSYoungGen: 314738K->1656K(307264K)] 774906K->461912K(994240K), 0.0075200 secs] [Times: user=0.04 sys=0.01, real=0.01 secs] 
2014-07-08T02:38:54.301+0000: 3174.927: [GC [PSYoungGen: 307220K->972K(298368K)] 767476K->461601K(985344K), 0.0141210 secs] [Times: user=0.08 sys=0.00, real=0.02 secs] 
2014-07-08T02:38:55.044+0000: 3175.670: [GC [PSYoungGen: 298316K->942K(357824K)] 758945K->461611K(1044800K), 0.0120660 secs] [Times: user=0.07 sys=0.00, real=0.01 secs] 
2014-07-08T02:38:56.575+0000: 3177.201: [GC [PSYoungGen: 357806K->978K(347584K)] 818475K->461711K(1034560K), 0.0093350 secs] [Times: user=0.06 sys=0.01, real=0.01 secs] 
2014-07-08T02:38:58.496+0000: 3179.122: [GC [PSYoungGen: 347514K->1174K(337856K)] 808247K->461955K(1024832K), 0.0063030 secs] [Times: user=0.04 sys=0.01, real=0.00 secs] 
2014-07-08T02:38:59.749+0000: 3180.375: [GC [PSYoungGen: 337805K->1130K(328320K)] 798586K->461975K(1015296K), 0.0053270 secs] [Times: user=0.04 sys=0.00, real=0.00 secs] 
2014-07-08T02:39:01.320+0000: 3181.946: [GC [PSYoungGen: 328281K->1650K(319744K)] 789126K->462668K(1006720K), 0.0047280 secs] [Times: user=0.02 sys=0.00, real=0.00 secs] 
2014-07-08T02:39:02.854+0000: 3183.480: [GC [PSYoungGen: 319693K->552K(309888K)] 780711K->462362K(996864K), 0.0097290 secs] [Times: user=0.06 sys=0.01, real=0.01 secs] 
2014-07-08T02:39:03.773+0000: 3184.399: [GC [PSYoungGen: 309864K->1296K(302272K)] 771674K->463171K(989248K), 0.0053610 secs] [Times: user=0.03 sys=0.00, real=0.01 secs] 
2014-07-08T02:39:04.485+0000: 3185.111: [GC [PSYoungGen: 302224K->1050K(293952K)] 764099K->463031K(980928K), 0.0039340 secs] [Times: user=0.02 sys=0.01, real=0.01 secs] 
2014-07-08T02:39:05.577+0000: 3186.203: [GC [PSYoungGen: 293914K->1408K(286592K)] 755895K->463437K(973568K), 0.0040040 secs] [Times: user=0.02 sys=0.00, real=0.00 secs] 
2014-07-08T02:39:06.301+0000: 3186.927: [GC [PSYoungGen: 286528K->1042K(278784K)] 748557K->463127K(965760K), 0.0037190 secs] [Times: user=0.02 sys=0.00, real=0.00 secs] 
2014-07-08T02:39:07.179+0000: 3187.805: [GC [PSYoungGen: 278738K->1358K(271936K)] 740823K->463515K(958912K), 0.0042800 secs] [Times: user=0.02 sys=0.00, real=0.00 secs] 
2014-07-08T02:39:07.949+0000: 3188.575: [GC [PSYoungGen: 271886K->1124K(264768K)] 734043K->463329K(951744K), 0.0037900 secs] [Times: user=0.02 sys=0.00, real=0.00 secs] 
2014-07-08T02:39:08.662+0000: 3189.288: [GC [PSYoungGen: 264740K->1124K(258112K)] 726945K->463385K(945088K), 0.0121530 secs] [Times: user=0.08 sys=0.00, real=0.01 secs] 
2014-07-08T02:39:09.582+0000: 3190.208: [GC [PSYoungGen: 258084K->530K(251136K)] 720345K->462854K(938112K), 0.0064270 secs] [Times: user=0.04 sys=0.00, real=0.01 secs] 
2014-07-08T02:39:10.372+0000: 3190.998: [GC [PSYoungGen: 251090K->922K(245376K)] 713414K->463310K(932352K), 0.0086700 secs] [Times: user=0.04 sys=0.00, real=0.01 secs] 
2014-07-08T02:39:11.236+0000: 3191.862: [GC [PSYoungGen: 245288K->958K(239488K)] 707677K->463402K(926464K), 0.0061020 secs] [Times: user=0.03 sys=0.00, real=0.01 secs] 
2014-07-08T02:39:12.009+0000: 3192.635: [GC [PSYoungGen: 239485K->1166K(234048K)] 701930K->463667K(921024K), 0.0061140 secs] [Times: user=0.02 sys=0.01, real=0.00 secs] 
2014-07-08T02:39:12.814+0000: 3193.439: [GC [PSYoungGen: 233998K->932K(228288K)] 696499K->463504K(915264K), 0.0066960 secs] [Times: user=0.04 sys=0.00, real=0.01 secs] 
2014-07-08T02:39:13.522+0000: 3194.148: [GC [PSYoungGen: 228260K->726K(222784K)] 690832K->463378K(909760K), 0.0055710 secs] [Times: user=0.03 sys=0.00, real=0.00 secs] 
2014-07-08T02:39:14.465+0000: 3195.091: [GC [PSYoungGen: 222740K->1038K(217984K)] 685393K->463755K(904960K), 0.0072850 secs] [Times: user=0.04 sys=0.00, real=0.01 secs] 
2014-07-08T02:39:15.123+0000: 3195.749: [GC [PSYoungGen: 217934K->726K(212736K)] 680651K->463522K(899712K), 0.0073510 secs] [Times: user=0.05 sys=0.00, real=0.01 secs] 
2014-07-08T02:39:15.786+0000: 3196.412: [GC [PSYoungGen: 212694K->826K(208064K)] 675490K->463686K(895040K), 0.0096240 secs] [Times: user=0.06 sys=0.00, real=0.01 secs] 
2014-07-08T02:39:16.619+0000: 3197.245: [GC [PSYoungGen: 208049K->1246K(203904K)] 670910K->464187K(890880K), 0.0059790 secs] [Times: user=0.04 sys=0.00, real=0.01 secs] 
2014-07-08T02:39:17.239+0000: 3197.865: [GC [PSYoungGen: 203836K->1124K(244352K)] 666777K->464113K(931328K), 0.0153000 secs] [Times: user=0.09 sys=0.01, real=0.01 secs] 
2014-07-08T02:39:18.015+0000: 3198.641: [GC [PSYoungGen: 244324K->822K(292672K)] 707313K->463882K(979648K), 0.0077740 secs] [Times: user=0.05 sys=0.00, real=0.01 secs] 
2014-07-08T02:39:18.995+0000: 3199.621: [GC [PSYoungGen: 292654K->758K(350976K)] 755714K->463940K(1037952K), 0.0079520 secs] [Times: user=0.05 sys=0.01, real=0.01 secs] 
2014-07-08T02:39:20.215+0000: 3200.841: [GC [PSYoungGen: 350953K->1018K(363008K)] 814136K->464240K(1049984K), 0.0114520 secs] [Times: user=0.07 sys=0.00, real=0.01 secs] 
2014-07-08T02:39:21.516+0000: 3202.142: [GC [PSYoungGen: 362426K->972K(421888K)] 825648K->464266K(1108864K), 0.0112500 secs] [Times: user=0.07 sys=0.00, real=0.01 secs] 
2014-07-08T02:39:22.882+0000: 3203.508: [GC [PSYoungGen: 421321K->946K(408320K)] 884616K->464337K(1095296K), 0.0086020 secs] [Times: user=0.05 sys=0.00, real=0.01 secs] 
2014-07-08T02:39:24.285+0000: 3204.911: [GC [PSYoungGen: 408260K->572K(395520K)] 871651K->464365K(1082496K), 0.0075520 secs] [Times: user=0.06 sys=0.00, real=0.01 secs] 
2014-07-08T02:39:25.578+0000: 3206.204: [GC [PSYoungGen: 395485K->1176K(384256K)] 859278K->465009K(1071232K), 0.0076190 secs] [Times: user=0.05 sys=0.00, real=0.01 secs] 
2014-07-08T02:39:26.872+0000: 3207.498: [GC [PSYoungGen: 384173K->946K(372608K)] 848006K->465207K(1059584K), 0.0054720 secs] [Times: user=0.02 sys=0.00, real=0.00 secs] 
2014-07-08T02:39:28.179+0000: 3208.805: [GC [PSYoungGen: 372594K->772K(361536K)] 836855K->465089K(1048512K), 0.0084260 secs] [Times: user=0.05 sys=0.00, real=0.01 secs] 
2014-07-08T02:39:29.467+0000: 3210.093: [GC [PSYoungGen: 361405K->954K(351168K)] 825722K->465343K(1038144K), 0.0078900 secs] [Times: user=0.06 sys=0.00, real=0.01 secs] 
2014-07-08T02:39:30.539+0000: 3211.165: [GC [PSYoungGen: 351162K->686K(340864K)] 815551K->465147K(1027840K), 0.0057280 secs] [Times: user=0.04 sys=0.00, real=0.01 secs] 
2014-07-08T02:39:31.791+0000: 3212.417: [GC [PSYoungGen: 340842K->1082K(331584K)] 805303K->465615K(1018560K), 0.0050690 secs] [Times: user=0.03 sys=0.00, real=0.00 secs] 
2014-07-08T02:39:32.822+0000: 3213.448: [GC [PSYoungGen: 331578K->644K(321920K)] 796111K->465233K(1008896K), 0.0034230 secs] [Times: user=0.02 sys=0.00, real=0.00 secs] 
2014-07-08T02:39:33.880+0000: 3214.506: [GC [PSYoungGen: 321823K->580K(312960K)] 786412K->465225K(999936K), 0.0044670 secs] [Times: user=0.03 sys=0.00, real=0.01 secs] 
2014-07-08T02:39:34.913+0000: 3215.539: [GC [PSYoungGen: 312900K->790K(304640K)] 777545K->465507K(991616K), 0.0076110 secs] [Times: user=0.05 sys=0.00, real=0.00 secs] 
2014-07-08T02:39:36.005+0000: 3216.631: [GC [PSYoungGen: 304598K->972K(296640K)] 769315K->465769K(983616K), 0.0063150 secs] [Times: user=0.02 sys=0.00, real=0.00 secs] 
2014-07-08T02:39:37.006+0000: 3217.632: [GC [PSYoungGen: 296588K->826K(288576K)] 761385K->465671K(975552K), 0.0110750 secs] [Times: user=0.06 sys=0.01, real=0.01 secs] 
2014-07-08T02:39:38.018+0000: 3218.644: [GC [PSYoungGen: 288570K->932K(281152K)] 753415K->465833K(968128K), 0.0126540 secs] [Times: user=0.08 sys=0.00, real=0.01 secs] 
2014-07-08T02:39:39.002+0000: 3219.628: [GC [PSYoungGen: 281118K->562K(273472K)] 746019K->465495K(960448K), 0.0058470 secs] [Times: user=0.02 sys=0.00, real=0.00 secs] 
2014-07-08T02:39:39.874+0000: 3220.500: [GC [PSYoungGen: 273458K->908K(266880K)] 738391K->465897K(953856K), 0.0125450 secs] [Times: user=0.07 sys=0.00, real=0.01 secs] 
2014-07-08T02:39:40.819+0000: 3221.445: [GC [PSYoungGen: 266828K->708K(259968K)] 731817K->465753K(946944K), 0.0088500 secs] [Times: user=0.03 sys=0.01, real=0.01 secs] 
2014-07-08T02:39:41.710+0000: 3222.336: [GC [PSYoungGen: 259908K->744K(253504K)] 724953K->465845K(940480K), 0.0078450 secs] [Times: user=0.04 sys=0.00, real=0.01 secs] 
2014-07-08T02:39:42.621+0000: 3223.247: [GC [PSYoungGen: 253480K->1276K(247808K)] 718581K->466505K(934784K), 0.0110800 secs] [Times: user=0.06 sys=0.00, real=0.01 secs] 
2014-07-08T02:39:43.426+0000: 3224.052: [GC [PSYoungGen: 247788K->554K(241088K)] 713017K->466101K(928064K), 0.0073020 secs] [Times: user=0.05 sys=0.00, real=0.01 secs] 
2014-07-08T02:39:44.218+0000: 3224.844: [GC [PSYoungGen: 241065K->1262K(236032K)] 706612K->466849K(923008K), 0.0048030 secs] [Times: user=0.02 sys=0.00, real=0.00 secs] 
2014-07-08T02:39:44.976+0000: 3225.602: [GC [PSYoungGen: 236014K->772K(282560K)] 701601K->466687K(969536K), 0.0131720 secs] [Times: user=0.09 sys=0.00, real=0.01 secs] 
2014-07-08T02:39:45.924+0000: 3226.550: [GC [PSYoungGen: 282500K->754K(338880K)] 748415K->466733K(1025856K), 0.0112630 secs] [Times: user=0.08 sys=0.00, real=0.01 secs] 
2014-07-08T02:39:47.116+0000: 3227.742: [GC [PSYoungGen: 338866K->1400K(407168K)] 804845K->467476K(1094144K), 0.0093740 secs] [Times: user=0.05 sys=0.00, real=0.01 secs] 
2014-07-08T02:39:48.537+0000: 3229.163: [GC [PSYoungGen: 407159K->762K(394176K)] 873234K->466893K(1081152K), 0.0092580 secs] [Times: user=0.06 sys=0.00, real=0.01 secs] 
2014-07-08T02:39:49.856+0000: 3230.481: [GC [PSYoungGen: 394150K->862K(382464K)] 860281K->467025K(1069440K), 0.0067140 secs] [Times: user=0.02 sys=0.00, real=0.00 secs] 
2014-07-08T02:39:51.122+0000: 3231.748: [GC [PSYoungGen: 382380K->1380K(371648K)] 848543K->467600K(1058624K), 0.0097400 secs] [Times: user=0.06 sys=0.00, real=0.01 secs] 
2014-07-08T02:39:52.447+0000: 3233.073: [GC [PSYoungGen: 371620K->801K(360192K)] 837840K->467092K(1047168K), 0.0043320 secs] [Times: user=0.02 sys=0.00, real=0.00 secs] 
2014-07-08T02:39:53.679+0000: 3234.304: [GC [PSYoungGen: 360161K->1224K(350208K)] 826452K->467556K(1037184K), 0.0095620 secs] [Times: user=0.06 sys=0.00, real=0.01 secs] 
2014-07-08T02:39:54.824+0000: 3235.450: [GC [PSYoungGen: 350152K->708K(339712K)] 816484K->467143K(1026688K), 0.0041750 secs] [Times: user=0.03 sys=0.00, real=0.01 secs] 
2014-07-08T02:39:55.949+0000: 3236.575: [GC [PSYoungGen: 339639K->1046K(330432K)] 806074K->467545K(1017408K), 0.0050960 secs] [Times: user=0.02 sys=0.00, real=0.00 secs] 
2014-07-08T02:39:57.071+0000: 3237.696: [GC [PSYoungGen: 330390K->928K(321088K)] 796889K->467499K(1008064K), 0.0084820 secs] [Times: user=0.05 sys=0.00, real=0.01 secs] 
2014-07-08T02:39:58.190+0000: 3238.816: [GC [PSYoungGen: 321056K->982K(312320K)] 787627K->467617K(999296K), 0.0099390 secs] [Times: user=0.06 sys=0.00, real=0.01 secs] 
2014-07-08T02:39:59.257+0000: 3239.883: [GC [PSYoungGen: 312278K->1110K(303936K)] 778913K->467809K(990912K), 0.0078430 secs] [Times: user=0.05 sys=0.00, real=0.01 secs] 
2014-07-08T02:40:00.340+0000: 3240.966: [GC [PSYoungGen: 303894K->1443K(296128K)] 770593K->468294K(983104K), 0.0114460 secs] [Times: user=0.06 sys=0.00, real=0.01 secs] 
2014-07-08T02:40:01.340+0000: 3241.966: [GC [PSYoungGen: 296050K->374K(287232K)] 762901K->468466K(974208K), 0.0080620 secs] [Times: user=0.05 sys=0.01, real=0.01 secs] 
2014-07-08T02:40:02.315+0000: 3242.941: [GC [PSYoungGen: 287177K->1764K(281088K)] 755269K->470020K(968064K), 0.0098090 secs] [Times: user=0.06 sys=0.00, real=0.01 secs] 
2014-07-08T02:40:03.227+0000: 3243.853: [GC [PSYoungGen: 281060K->1106K(273216K)] 749316K->469884K(960192K), 0.0135780 secs] [Times: user=0.07 sys=0.01, real=0.01 secs] 
2014-07-08T02:40:04.128+0000: 3244.754: [GC [PSYoungGen: 273170K->1326K(327872K)] 741948K->470184K(1014848K), 0.0097300 secs] [Times: user=0.06 sys=0.00, real=0.01 secs] 
2014-07-08T02:40:05.295+0000: 3245.921: [GC [PSYoungGen: 327854K->1202K(393088K)] 796712K->470092K(1080064K), 0.0223570 secs] [Times: user=0.13 sys=0.00, real=0.03 secs] 
2014-07-08T02:40:06.649+0000: 3247.275: [GC [PSYoungGen: 393061K->832K(400960K)] 861952K->469794K(1087936K), 0.0064640 secs] [Times: user=0.05 sys=0.01, real=0.00 secs] 
2014-07-08T02:40:08.017+0000: 3248.642: [GC [PSYoungGen: 399936K->846K(387904K)] 868898K->469872K(1074880K), 0.0108510 secs] [Times: user=0.08 sys=0.01, real=0.02 secs] 
2014-07-08T02:40:09.410+0000: 3250.036: [GC [PSYoungGen: 387854K->1056K(376512K)] 856880K->470154K(1063488K), 0.0122870 secs] [Times: user=0.07 sys=0.00, real=0.01 secs] 
2014-07-08T02:40:10.593+0000: 3251.219: [GC [PSYoungGen: 376480K->1081K(365440K)] 845578K->470227K(1052416K), 0.0077590 secs] [Times: user=0.04 sys=0.00, real=0.01 secs] 
2014-07-08T02:40:11.865+0000: 3252.491: [GC [PSYoungGen: 365433K->740K(354496K)] 834579K->469934K(1041472K), 0.0058870 secs] [Times: user=0.02 sys=0.00, real=0.01 secs] 
2014-07-08T02:40:13.052+0000: 3253.678: [GC [PSYoungGen: 354468K->822K(344384K)] 823662K->470080K(1031360K), 0.0074230 secs] [Times: user=0.05 sys=0.00, real=0.01 secs] 
2014-07-08T02:40:14.202+0000: 3254.828: [GC [PSYoungGen: 344374K->1114K(334912K)] 813632K->470452K(1021888K), 0.0053570 secs] [Times: user=0.02 sys=0.00, real=0.01 secs] 
2014-07-08T02:40:15.411+0000: 3256.037: [GC [PSYoungGen: 334874K->1092K(325504K)] 804212K->470502K(1012480K), 0.0113370 secs] [Times: user=0.08 sys=0.00, real=0.01 secs] 
2014-07-08T02:40:16.536+0000: 3257.162: [GC [PSYoungGen: 325444K->794K(316160K)] 794854K->470236K(1003136K), 0.0166070 secs] [Times: user=0.09 sys=0.00, real=0.02 secs] 
2014-07-08T02:40:17.561+0000: 3258.187: [GC [PSYoungGen: 316122K->862K(307584K)] 785564K->470368K(994560K), 0.0059870 secs] [Times: user=0.04 sys=0.00, real=0.00 secs] 
2014-07-08T02:40:18.594+0000: 3259.220: [GC [PSYoungGen: 307550K->932K(299328K)] 777056K->470494K(986304K), 0.0048680 secs] [Times: user=0.03 sys=0.01, real=0.01 secs] 
2014-07-08T02:40:19.619+0000: 3260.245: [GC [PSYoungGen: 299300K->758K(291136K)] 768862K->470384K(978112K), 0.0045270 secs] [Times: user=0.01 sys=0.00, real=0.00 secs] 
2014-07-08T02:40:20.690+0000: 3261.316: [GC [PSYoungGen: 291125K->994K(283712K)] 760751K->470660K(970688K), 0.0047000 secs] [Times: user=0.02 sys=0.00, real=0.00 secs] 
2014-07-08T02:40:21.607+0000: 3262.233: [GC [PSYoungGen: 283682K->896K(276288K)] 753348K->470618K(963264K), 0.0187830 secs] [Times: user=0.11 sys=0.00, real=0.02 secs] 
2014-07-08T02:40:22.531+0000: 3263.157: [GC [PSYoungGen: 276224K->836K(269120K)] 745946K->470622K(956096K), 0.0098720 secs] [Times: user=0.05 sys=0.00, real=0.01 secs] 
2014-07-08T02:40:23.429+0000: 3264.054: [GC [PSYoungGen: 269029K->844K(262336K)] 738815K->470670K(949312K), 0.0056370 secs] [Times: user=0.03 sys=0.00, real=0.01 secs] 
2014-07-08T02:40:24.310+0000: 3264.936: [GC [PSYoungGen: 262255K->953K(255872K)] 732081K->470819K(942848K), 0.0055480 secs] [Times: user=0.03 sys=0.00, real=0.00 secs] 
2014-07-08T02:40:25.150+0000: 3265.776: [GC [PSYoungGen: 255817K->1008K(249600K)] 725683K->470988K(936576K), 0.0052980 secs] [Times: user=0.02 sys=0.00, real=0.00 secs] 
2014-07-08T02:40:25.978+0000: 3266.604: [GC [PSYoungGen: 249584K->1226K(243776K)] 719564K->471263K(930752K), 0.0052100 secs] [Times: user=0.02 sys=0.00, real=0.01 secs] 
2014-07-08T02:40:26.811+0000: 3267.437: [GC [PSYoungGen: 243722K->566K(237248K)] 713759K->470762K(924224K), 0.0050070 secs] [Times: user=0.02 sys=0.00, real=0.00 secs] 
2014-07-08T02:40:27.634+0000: 3268.260: [GC [PSYoungGen: 237231K->1082K(232128K)] 707428K->471335K(919104K), 0.0053330 secs] [Times: user=0.02 sys=0.00, real=0.00 secs] 
2014-07-08T02:40:28.486+0000: 3269.112: [GC [PSYoungGen: 232122K->1122K(226752K)] 702375K->471512K(913728K), 0.0141980 secs] [Times: user=0.08 sys=0.00, real=0.02 secs] 
2014-07-08T02:40:29.165+0000: 3269.791: [GC [PSYoungGen: 226701K->975K(271744K)] 697091K->471429K(958720K), 0.0099590 secs] [Times: user=0.06 sys=0.00, real=0.01 secs] 
2014-07-08T02:40:30.051+0000: 3270.676: [GC [PSYoungGen: 271695K->814K(264640K)] 742149K->471572K(951616K), 0.0071780 secs] [Times: user=0.04 sys=0.00, real=0.00 secs] 
2014-07-08T02:40:30.996+0000: 3271.622: [GC [PSYoungGen: 264622K->860K(317504K)] 735380K->471666K(1004480K), 0.0179860 secs] [Times: user=0.10 sys=0.01, real=0.02 secs] 
2014-07-08T02:40:32.074+0000: 3272.700: [GC [PSYoungGen: 317468K->868K(380864K)] 788274K->471754K(1067840K), 0.0096770 secs] [Times: user=0.06 sys=0.00, real=0.01 secs] 
2014-07-08T02:40:33.442+0000: 3274.068: [GC [PSYoungGen: 380757K->1394K(457280K)] 851643K->472369K(1144256K), 0.0093890 secs] [Times: user=0.06 sys=0.01, real=0.01 secs] 
2014-07-08T02:40:34.923+0000: 3275.549: [GC [PSYoungGen: 457266K->626K(441984K)] 928241K->471656K(1128960K), 0.0031560 secs] [Times: user=0.02 sys=0.00, real=0.00 secs] 
2014-07-08T02:40:36.444+0000: 3277.069: [GC [PSYoungGen: 441970K->1096K(428608K)] 913000K->472199K(1115584K), 0.0100610 secs] [Times: user=0.07 sys=0.00, real=0.01 secs] 
2014-07-08T02:40:37.822+0000: 3278.448: [GC [PSYoungGen: 428552K->626K(414784K)] 899655K->471800K(1101760K), 0.0039860 secs] [Times: user=0.02 sys=0.00, real=0.00 secs] 
2014-07-08T02:40:39.292+0000: 3279.918: [GC [PSYoungGen: 414770K->1130K(402560K)] 885944K->472361K(1089536K), 0.0097100 secs] [Times: user=0.05 sys=0.00, real=0.01 secs] 
2014-07-08T02:40:40.680+0000: 3281.306: [GC [PSYoungGen: 402538K->808K(390080K)] 873769K->472078K(1077056K), 0.0103210 secs] [Times: user=0.02 sys=0.01, real=0.01 secs] 
2014-07-08T02:40:41.903+0000: 3282.529: [GC [PSYoungGen: 390008K->842K(378496K)] 861278K->472161K(1065472K), 0.0041650 secs] [Times: user=0.03 sys=0.00, real=0.00 secs] 
2014-07-08T02:40:43.315+0000: 3283.941: [GC [PSYoungGen: 378442K->1162K(367616K)] 849761K->472561K(1054592K), 0.0069910 secs] [Times: user=0.04 sys=0.00, real=0.01 secs] 
2014-07-08T02:40:45.180+0000: 3285.806: [GC [PSYoungGen: 367562K->904K(356608K)] 838961K->472326K(1043584K), 0.0049970 secs] [Times: user=0.02 sys=0.01, real=0.01 secs] 
2014-07-08T02:40:46.124+0000: 3286.750: [GC [PSYoungGen: 356552K->933K(346304K)] 827974K->472435K(1033280K), 0.0074730 secs] [Times: user=0.04 sys=0.00, real=0.00 secs] 
2014-07-08T02:40:47.306+0000: 3287.931: [GC [PSYoungGen: 346277K->594K(336128K)] 817779K->472152K(1023104K), 0.0066430 secs] [Times: user=0.04 sys=0.00, real=0.00 secs] 
2014-07-08T02:40:48.465+0000: 3289.091: [GC [PSYoungGen: 336035K->926K(326976K)] 807593K->472540K(1013952K), 0.0106810 secs] [Times: user=0.06 sys=0.00, real=0.01 secs] 
2014-07-08T02:40:49.564+0000: 3290.190: [GC [PSYoungGen: 326919K->1220K(318208K)] 798533K->472906K(1005184K), 0.0090150 secs] [Times: user=0.05 sys=0.00, real=0.00 secs] 
2014-07-08T02:40:50.756+0000: 3291.381: [GC [PSYoungGen: 318085K->608K(308864K)] 789772K->472908K(995840K), 0.0090700 secs] [Times: user=0.05 sys=0.01, real=0.01 secs] 
2014-07-08T02:40:52.118+0000: 3292.744: [GC [PSYoungGen: 308832K->1519K(301376K)] 781132K->473918K(988352K), 0.0061750 secs] [Times: user=0.02 sys=0.01, real=0.01 secs] 
2014-07-08T02:40:53.614+0000: 3294.240: [GC [PSYoungGen: 301340K->950K(292800K)] 773739K->474081K(979776K), 0.0099080 secs] [Times: user=0.06 sys=0.00, real=0.01 secs] 
2014-07-08T02:40:54.628+0000: 3295.254: [GC [PSYoungGen: 292789K->1320K(285440K)] 765920K->474523K(972416K), 0.0046370 secs] [Times: user=0.02 sys=0.00, real=0.00 secs] 
2014-07-08T02:40:55.529+0000: 3296.155: [GC [PSYoungGen: 285416K->1040K(277760K)] 758619K->474315K(964736K), 0.0102330 secs] [Times: user=0.07 sys=0.00, real=0.01 secs] 
2014-07-08T02:40:56.380+0000: 3297.006: [GC [PSYoungGen: 277712K->1000K(270592K)] 750987K->474323K(957568K), 0.0103730 secs] [Times: user=0.06 sys=0.00, real=0.01 secs] 
2014-07-08T02:40:57.333+0000: 3297.959: [GC [PSYoungGen: 270489K->929K(263680K)] 743813K->474324K(950656K), 0.0074370 secs] [Times: user=0.05 sys=0.00, real=0.01 secs] 
2014-07-08T02:40:58.158+0000: 3298.784: [GC [PSYoungGen: 263649K->904K(257088K)] 737044K->474363K(944064K), 0.0091280 secs] [Times: user=0.04 sys=0.00, real=0.01 secs] 
2014-07-08T02:40:59.075+0000: 3299.701: [GC [PSYoungGen: 256991K->961K(250816K)] 730451K->474476K(937792K), 0.0072080 secs] [Times: user=0.04 sys=0.01, real=0.00 secs] 
2014-07-08T02:40:59.911+0000: 3300.537: [GC [PSYoungGen: 250753K->1344K(245056K)] 724268K->474931K(932032K), 0.0047010 secs] [Times: user=0.02 sys=0.00, real=0.01 secs] 
2014-07-08T02:41:00.698+0000: 3301.324: [GC [PSYoungGen: 244970K->936K(238720K)] 718558K->474603K(925696K), 0.0086190 secs] [Times: user=0.05 sys=0.00, real=0.01 secs] 
2014-07-08T02:41:01.509+0000: 3302.135: [GC [PSYoungGen: 238696K->726K(232832K)] 712363K->474465K(919808K), 0.0070230 secs] [Times: user=0.04 sys=0.00, real=0.01 secs] 
2014-07-08T02:41:02.317+0000: 3302.943: [GC [PSYoungGen: 232790K->662K(227328K)] 706529K->474433K(914304K), 0.0058320 secs] [Times: user=0.01 sys=0.00, real=0.00 secs] 
2014-07-08T02:41:03.100+0000: 3303.726: [GC [PSYoungGen: 227286K->730K(222144K)] 701057K->474549K(909120K), 0.0039900 secs] [Times: user=0.02 sys=0.00, real=0.00 secs] 
2014-07-08T02:41:03.853+0000: 3304.479: [GC [PSYoungGen: 222106K->1540K(267264K)] 695925K->475399K(954240K), 0.0175670 secs] [Times: user=0.09 sys=0.00, real=0.02 secs] 
2014-07-08T02:41:04.739+0000: 3305.365: [GC [PSYoungGen: 267204K->1202K(260160K)] 741063K->475125K(947136K), 0.0054640 secs] [Times: user=0.03 sys=0.00, real=0.00 secs] 
2014-07-08T02:41:05.622+0000: 3306.248: [GC [PSYoungGen: 260146K->818K(311616K)] 734069K->475041K(998592K), 0.0105900 secs] [Times: user=0.07 sys=0.00, real=0.01 secs] 
2014-07-08T02:41:06.703+0000: 3307.329: [GC [PSYoungGen: 311567K->960K(374016K)] 785790K->475239K(1060992K), 0.0123290 secs] [Times: user=0.07 sys=0.00, real=0.01 secs] 
2014-07-08T02:41:08.035+0000: 3308.660: [GC [PSYoungGen: 373952K->1128K(363136K)] 848231K->475479K(1050112K), 0.0062740 secs] [Times: user=0.03 sys=0.00, real=0.01 secs] 
2014-07-08T02:41:09.195+0000: 3309.821: [GC [PSYoungGen: 363112K->764K(352192K)] 837463K->475195K(1039168K), 0.0067480 secs] [Times: user=0.04 sys=0.00, real=0.01 secs] 
2014-07-08T02:41:10.584+0000: 3311.210: [GC [PSYoungGen: 352149K->914K(342272K)] 826581K->475409K(1029248K), 0.0038770 secs] [Times: user=0.03 sys=0.00, real=0.01 secs] 
2014-07-08T02:41:11.569+0000: 3312.195: [GC [PSYoungGen: 342226K->854K(332544K)] 816721K->475437K(1019520K), 0.0075220 secs] [Times: user=0.05 sys=0.00, real=0.01 secs] 
2014-07-08T02:41:12.830+0000: 3313.456: [GC [PSYoungGen: 332466K->986K(323392K)] 807050K->475633K(1010368K), 0.0088480 secs] [Times: user=0.06 sys=0.00, real=0.01 secs] 
2014-07-08T02:41:14.664+0000: 3315.290: [GC [PSYoungGen: 323352K->1042K(314560K)] 798000K->475745K(1001536K), 0.0089580 secs] [Times: user=0.06 sys=0.00, real=0.01 secs] 
2014-07-08T02:41:16.226+0000: 3316.852: [GC [PSYoungGen: 314514K->1002K(305920K)] 789217K->476084K(992896K), 0.0133330 secs] [Times: user=0.09 sys=0.00, real=0.02 secs] 
2014-07-08T02:41:17.788+0000: 3318.414: [GC [PSYoungGen: 305898K->1430K(298112K)] 780980K->476551K(985088K), 0.0141720 secs] [Times: user=0.08 sys=0.00, real=0.01 secs] 
2014-07-08T02:41:19.193+0000: 3319.819: [GC [PSYoungGen: 298070K->744K(289472K)] 773191K->476151K(976448K), 0.0077440 secs] [Times: user=0.05 sys=0.00, real=0.01 secs] 
2014-07-08T02:41:20.304+0000: 3320.930: [GC [PSYoungGen: 289432K->1522K(282624K)] 764839K->476994K(969600K), 0.0106160 secs] [Times: user=0.05 sys=0.00, real=0.01 secs] 
2014-07-08T02:41:21.273+0000: 3321.899: [GC [PSYoungGen: 282610K->1056K(274880K)] 758082K->476700K(961856K), 0.0090440 secs] [Times: user=0.06 sys=0.00, real=0.01 secs] 
2014-07-08T02:41:22.171+0000: 3322.797: [GC [PSYoungGen: 274848K->748K(267520K)] 750492K->476423K(954496K), 0.0146530 secs] [Times: user=0.08 sys=0.00, real=0.01 secs] 
2014-07-08T02:41:22.965+0000: 3323.591: [GC [PSYoungGen: 267495K->794K(260864K)] 743170K->476549K(947840K), 0.0080820 secs] [Times: user=0.05 sys=0.01, real=0.01 secs] 
2014-07-08T02:41:23.687+0000: 3324.313: [GC [PSYoungGen: 260826K->1308K(313408K)] 736581K->477096K(1000384K), 0.0231580 secs] [Times: user=0.13 sys=0.00, real=0.03 secs] 
2014-07-08T02:41:24.686+0000: 3325.312: [GC [PSYoungGen: 313372K->1114K(375680K)] 789160K->476957K(1062656K), 0.0044280 secs] [Times: user=0.02 sys=0.00, real=0.01 secs] 
2014-07-08T02:41:25.726+0000: 3326.352: [GC [PSYoungGen: 375642K->946K(430144K)] 851485K->476837K(1117120K), 0.0093360 secs] [Times: user=0.05 sys=0.00, real=0.01 secs] 
2014-07-08T02:41:27.014+0000: 3327.640: [GC [PSYoungGen: 429362K->1248K(451136K)] 905253K->477196K(1138112K), 0.0141700 secs] [Times: user=0.09 sys=0.00, real=0.01 secs] 
2014-07-08T02:41:28.527+0000: 3329.153: [GC [PSYoungGen: 450720K->1160K(436416K)] 926668K->477195K(1123392K), 0.0058860 secs] [Times: user=0.02 sys=0.00, real=0.01 secs] 
2014-07-08T02:41:29.995+0000: 3330.621: [GC [PSYoungGen: 436360K->508K(422080K)] 912395K->476793K(1109056K), 0.0052910 secs] [Times: user=0.04 sys=0.00, real=0.01 secs] 
2014-07-08T02:41:31.385+0000: 3332.011: [GC [PSYoungGen: 422076K->908K(409472K)] 898361K->477249K(1096448K), 0.0062790 secs] [Times: user=0.04 sys=0.00, real=0.01 secs] 
2014-07-08T02:41:32.863+0000: 3333.489: [GC [PSYoungGen: 409420K->1100K(397184K)] 885761K->477695K(1084160K), 0.0058460 secs] [Times: user=0.04 sys=0.01, real=0.00 secs] 
2014-07-08T02:41:34.152+0000: 3334.778: [GC [PSYoungGen: 397100K->872K(384960K)] 873696K->477508K(1071936K), 0.0040560 secs] [Times: user=0.02 sys=0.00, real=0.00 secs] 
2014-07-08T02:41:35.355+0000: 3335.981: [GC [PSYoungGen: 384889K->1203K(373824K)] 861524K->477937K(1060800K), 0.0117120 secs] [Times: user=0.08 sys=0.00, real=0.01 secs] 
2014-07-08T02:41:36.723+0000: 3337.349: [GC [PSYoungGen: 373811K->1152K(362816K)] 850545K->477942K(1049792K), 0.0063860 secs] [Times: user=0.04 sys=0.00, real=0.00 secs] 
2014-07-08T02:41:37.921+0000: 3338.547: [GC [PSYoungGen: 362752K->762K(351872K)] 839542K->477639K(1038848K), 0.0066460 secs] [Times: user=0.04 sys=0.00, real=0.00 secs] 
2014-07-08T02:41:39.121+0000: 3339.747: [GC [PSYoungGen: 351866K->708K(341760K)] 828743K->477673K(1028736K), 0.0042930 secs] [Times: user=0.03 sys=0.00, real=0.01 secs] 
2014-07-08T02:41:40.292+0000: 3340.918: [GC [PSYoungGen: 341657K->857K(332224K)] 818623K->477870K(1019200K), 0.0063460 secs] [Times: user=0.02 sys=0.00, real=0.00 secs] 
2014-07-08T02:41:41.408+0000: 3342.034: [GC [PSYoungGen: 332185K->708K(322816K)] 809198K->477809K(1009792K), 0.0070840 secs] [Times: user=0.04 sys=0.01, real=0.01 secs] 
2014-07-08T02:41:42.484+0000: 3343.110: [GC [PSYoungGen: 322756K->758K(313920K)] 799857K->477947K(1000896K), 0.0046330 secs] [Times: user=0.02 sys=0.00, real=0.00 secs] 
2014-07-08T02:41:43.524+0000: 3344.150: [GC [PSYoungGen: 313910K->954K(305536K)] 791099K->478191K(992512K), 0.0141280 secs] [Times: user=0.10 sys=0.00, real=0.01 secs] 
2014-07-08T02:41:44.651+0000: 3345.277: [GC [PSYoungGen: 305530K->790K(297216K)] 782767K->478107K(984192K), 0.0051420 secs] [Times: user=0.03 sys=0.00, real=0.00 secs] 
2014-07-08T02:41:45.624+0000: 3346.250: [GC [PSYoungGen: 297174K->1230K(289792K)] 774491K->478635K(976768K), 0.0060570 secs] [Times: user=0.02 sys=0.00, real=0.00 secs] 
2014-07-08T02:41:46.564+0000: 3347.190: [GC [PSYoungGen: 289734K->890K(281792K)] 767140K->478867K(968768K), 0.0063130 secs] [Times: user=0.04 sys=0.00, real=0.00 secs] 
2014-07-08T02:41:47.502+0000: 3348.128: [GC [PSYoungGen: 281786K->1220K(274880K)] 759763K->479277K(961856K), 0.0077530 secs] [Times: user=0.05 sys=0.00, real=0.01 secs] 
2014-07-08T02:41:48.439+0000: 3349.065: [GC [PSYoungGen: 274820K->782K(267392K)] 752877K->478943K(954368K), 0.0069430 secs] [Times: user=0.04 sys=0.00, real=0.01 secs] 
2014-07-08T02:41:49.313+0000: 3349.939: [GC [PSYoungGen: 267342K->1042K(260928K)] 745503K->479267K(947904K), 0.0079960 secs] [Times: user=0.06 sys=0.00, real=0.00 secs] 
2014-07-08T02:41:50.271+0000: 3350.897: [GC [PSYoungGen: 260882K->644K(254080K)] 739107K->478933K(941056K), 0.0084510 secs] [Times: user=0.05 sys=0.00, real=0.01 secs] 
2014-07-08T02:41:51.153+0000: 3351.778: [GC [PSYoungGen: 254020K->1182K(248320K)] 732309K->479527K(935296K), 0.0058050 secs] [Times: user=0.02 sys=0.00, real=0.00 secs] 
2014-07-08T02:41:52.025+0000: 3352.651: [GC [PSYoungGen: 248213K->1334K(242432K)] 726558K->480029K(929408K), 0.0057780 secs] [Times: user=0.04 sys=0.00, real=0.00 secs] 
2014-07-08T02:41:52.761+0000: 3353.387: [GC [PSYoungGen: 242422K->1024K(236352K)] 721117K->479798K(923328K), 0.0069980 secs] [Times: user=0.05 sys=0.00, real=0.01 secs] 
2014-07-08T02:41:53.512+0000: 3354.138: [GC [PSYoungGen: 236288K->658K(230400K)] 715062K->479520K(917376K), 0.0078620 secs] [Times: user=0.06 sys=0.00, real=0.01 secs] 
2014-07-08T02:41:54.310+0000: 3354.936: [GC [PSYoungGen: 230354K->658K(225024K)] 709216K->479616K(912000K), 0.0076530 secs] [Times: user=0.05 sys=0.00, real=0.01 secs] 
2014-07-08T02:41:55.107+0000: 3355.733: [GC [PSYoungGen: 224976K->1036K(220224K)] 703934K->480106K(907200K), 0.0067250 secs] [Times: user=0.05 sys=0.00, real=0.01 secs] 
2014-07-08T02:41:55.870+0000: 3356.496: [GC [PSYoungGen: 220150K->1256K(215424K)] 699220K->480398K(902400K), 0.0094410 secs] [Times: user=0.06 sys=0.00, real=0.01 secs] 
2014-07-08T02:41:56.499+0000: 3357.125: [GC [PSYoungGen: 215361K->1127K(258176K)] 694504K->480415K(945152K), 0.0087260 secs] [Times: user=0.05 sys=0.01, real=0.01 secs] 
2014-07-08T02:41:57.391+0000: 3358.017: [GC [PSYoungGen: 258151K->1026K(251712K)] 737439K->480362K(938688K), 0.0041140 secs] [Times: user=0.02 sys=0.00, real=0.01 secs] 
2014-07-08T02:41:58.302+0000: 3358.928: [GC [PSYoungGen: 251614K->958K(245440K)] 730950K->480382K(932416K), 0.0095390 secs] [Times: user=0.05 sys=0.00, real=0.01 secs] 
2014-07-08T02:41:59.159+0000: 3359.785: [GC [PSYoungGen: 245438K->1294K(239936K)] 724862K->480759K(926912K), 0.0047450 secs] [Times: user=0.03 sys=0.00, real=0.01 secs] 
2014-07-08T02:41:59.994+0000: 3360.620: [GC [PSYoungGen: 239874K->956K(233856K)] 719339K->480731K(920832K), 0.0068020 secs] [Times: user=0.05 sys=0.00, real=0.01 secs] 
2014-07-08T02:42:00.696+0000: 3361.322: [GC [PSYoungGen: 233850K->1380K(228800K)] 713624K->481227K(915776K), 0.0072780 secs] [Times: user=0.04 sys=0.00, real=0.00 secs] 
2014-07-08T02:42:01.448+0000: 3362.074: [GC [PSYoungGen: 228772K->718K(222848K)] 708619K->480678K(909824K), 0.0037490 secs] [Times: user=0.02 sys=0.00, real=0.00 secs] 
2014-07-08T02:42:02.230+0000: 3362.856: [GC [PSYoungGen: 222798K->1070K(218048K)] 702758K->481095K(905024K), 0.0064080 secs] [Times: user=0.04 sys=0.00, real=0.01 secs] 
2014-07-08T02:42:03.008+0000: 3363.634: [GC [PSYoungGen: 218030K->968K(213056K)] 698055K->481056K(900032K), 0.0074800 secs] [Times: user=0.05 sys=0.00, real=0.01 secs] 
2014-07-08T02:42:03.638+0000: 3364.264: [GC [PSYoungGen: 213000K->1146K(208448K)] 693088K->481314K(895424K), 0.0048100 secs] [Times: user=0.02 sys=0.00, real=0.00 secs] 
2014-07-08T02:42:04.380+0000: 3365.006: [GC [PSYoungGen: 208428K->1058K(203776K)] 688596K->481479K(890752K), 0.0059760 secs] [Times: user=0.04 sys=0.00, real=0.01 secs] 
2014-07-08T02:42:05.108+0000: 3365.734: [GC [PSYoungGen: 203746K->924K(199232K)] 684167K->481377K(886208K), 0.0055930 secs] [Times: user=0.03 sys=0.00, real=0.00 secs] 
2014-07-08T02:42:05.703+0000: 3366.329: [GC [PSYoungGen: 199196K->1024K(239040K)] 679649K->481549K(926016K), 0.0127780 secs] [Times: user=0.08 sys=0.00, real=0.02 secs] 
2014-07-08T02:42:06.493+0000: 3367.119: [GC [PSYoungGen: 238976K->804K(286400K)] 719501K->481376K(973376K), 0.0081400 secs] [Times: user=0.03 sys=0.01, real=0.01 secs] 
2014-07-08T02:42:07.462+0000: 3368.088: [GC [PSYoungGen: 286360K->1078K(343808K)] 766933K->481805K(1030784K), 0.0075790 secs] [Times: user=0.05 sys=0.00, real=0.01 secs] 
2014-07-08T02:42:08.652+0000: 3369.278: [GC [PSYoungGen: 343798K->800K(333824K)] 824525K->481599K(1020800K), 0.0080930 secs] [Times: user=0.05 sys=0.00, real=0.01 secs] 
2014-07-08T02:42:09.860+0000: 3370.485: [GC [PSYoungGen: 333792K->1046K(324736K)] 814591K->481901K(1011712K), 0.0073460 secs] [Times: user=0.05 sys=0.00, real=0.01 secs] 
2014-07-08T02:42:10.965+0000: 3371.591: [GC [PSYoungGen: 324676K->1136K(315840K)] 805531K->482055K(1002816K), 0.0073140 secs] [Times: user=0.05 sys=0.00, real=0.00 secs] 
2014-07-08T02:42:11.979+0000: 3372.605: [GC [PSYoungGen: 315824K->740K(306816K)] 796743K->481991K(993792K), 0.0075160 secs] [Times: user=0.05 sys=0.00, real=0.01 secs] 
2014-07-08T02:42:13.049+0000: 3373.675: [GC [PSYoungGen: 306752K->897K(298752K)] 788003K->482220K(985728K), 0.0063440 secs] [Times: user=0.04 sys=0.00, real=0.00 secs] 
2014-07-08T02:42:14.082+0000: 3374.708: [GC [PSYoungGen: 298688K->1060K(290944K)] 780011K->482471K(977920K), 0.0112700 secs] [Times: user=0.08 sys=0.00, real=0.01 secs] 
2014-07-08T02:42:15.036+0000: 3375.662: [GC [PSYoungGen: 290916K->940K(283200K)] 772327K->482447K(970176K), 0.0045380 secs] [Times: user=0.02 sys=0.00, real=0.00 secs] 
2014-07-08T02:42:16.020+0000: 3376.646: [GC [PSYoungGen: 283180K->825K(275712K)] 764687K->482619K(962688K), 0.0102590 secs] [Times: user=0.06 sys=0.00, real=0.01 secs] 
2014-07-08T02:42:16.950+0000: 3377.576: [GC [PSYoungGen: 275705K->1252K(269120K)] 757499K->483110K(956096K), 0.0089280 secs] [Times: user=0.06 sys=0.00, real=0.01 secs] 
2014-07-08T02:42:17.817+0000: 3378.443: [GC [PSYoungGen: 269062K->760K(261824K)] 750920K->483140K(948800K), 0.0104040 secs] [Times: user=0.06 sys=0.01, real=0.01 secs] 
2014-07-08T02:42:18.678+0000: 3379.304: [GC [PSYoungGen: 261816K->1114K(255680K)] 744196K->483598K(942656K), 0.0067870 secs] [Times: user=0.04 sys=0.00, real=0.00 secs] 
2014-07-08T02:42:19.571+0000: 3380.197: [GC [PSYoungGen: 255633K->940K(249216K)] 738118K->483694K(936192K), 0.0060010 secs] [Times: user=0.04 sys=0.00, real=0.01 secs] 
2014-07-08T02:42:20.381+0000: 3381.007: [GC [PSYoungGen: 249196K->626K(242816K)] 731950K->483436K(929792K), 0.0068580 secs] [Times: user=0.03 sys=0.01, real=0.01 secs] 
2014-07-08T02:42:21.248+0000: 3381.874: [GC [PSYoungGen: 242802K->926K(237312K)] 725612K->483784K(924288K), 0.0048420 secs] [Times: user=0.02 sys=0.00, real=0.00 secs] 
2014-07-08T02:42:22.051+0000: 3382.677: [GC [PSYoungGen: 237278K->932K(231680K)] 720136K->483862K(918656K), 0.0077950 secs] [Times: user=0.05 sys=0.00, real=0.01 secs] 
2014-07-08T02:42:22.832+0000: 3383.458: [GC [PSYoungGen: 231652K->1064K(226368K)] 714582K->484130K(913344K), 0.0087220 secs] [Times: user=0.05 sys=0.00, real=0.01 secs] 
2014-07-08T02:42:23.570+0000: 3384.196: [GC [PSYoungGen: 226344K->658K(220736K)] 709410K->483836K(907712K), 0.0079940 secs] [Times: user=0.05 sys=0.00, real=0.01 secs] 
2014-07-08T02:42:24.385+0000: 3385.011: [GC [PSYoungGen: 220690K->1184K(216192K)] 703868K->484451K(903168K), 0.0098210 secs] [Times: user=0.05 sys=0.00, real=0.01 secs] 
2014-07-08T02:42:25.094+0000: 3385.719: [GC [PSYoungGen: 216146K->726K(258752K)] 699412K->484072K(945728K), 0.0082080 secs] [Times: user=0.05 sys=0.00, real=0.01 secs] 
2014-07-08T02:42:26.028+0000: 3386.654: [GC [PSYoungGen: 258709K->1128K(310784K)] 742056K->484530K(997760K), 0.0109290 secs] [Times: user=0.07 sys=0.00, real=0.01 secs] 
2014-07-08T02:42:27.010+0000: 3387.636: [GC [PSYoungGen: 310760K->1128K(302336K)] 794162K->484634K(989312K), 0.0045820 secs] [Times: user=0.02 sys=0.00, real=0.00 secs] 
2014-07-08T02:42:28.119+0000: 3388.745: [GC [PSYoungGen: 302312K->812K(293952K)] 785818K->484430K(980928K), 0.0064200 secs] [Times: user=0.02 sys=0.00, real=0.00 secs] 
2014-07-08T02:42:29.121+0000: 3389.747: [GC [PSYoungGen: 293927K->1172K(286592K)] 777545K->484878K(973568K), 0.0078500 secs] [Times: user=0.05 sys=0.00, real=0.01 secs] 
2014-07-08T02:42:30.072+0000: 3390.697: [GC [PSYoungGen: 286548K->1082K(278976K)] 770254K->485060K(965952K), 0.0092160 secs] [Times: user=0.07 sys=0.00, real=0.01 secs] 
2014-07-08T02:42:31.014+0000: 3391.640: [GC [PSYoungGen: 278970K->1134K(271872K)] 762948K->485193K(958848K), 0.0070240 secs] [Times: user=0.04 sys=0.00, real=0.01 secs] 
2014-07-08T02:42:31.950+0000: 3392.576: [GC [PSYoungGen: 271854K->1006K(264832K)] 755913K->485235K(951808K), 0.0067940 secs] [Times: user=0.05 sys=0.00, real=0.00 secs] 
2014-07-08T02:42:32.785+0000: 3393.411: [GC [PSYoungGen: 264814K->1458K(258624K)] 749043K->485782K(945600K), 0.0098920 secs] [Times: user=0.05 sys=0.00, real=0.01 secs] 
2014-07-08T02:42:33.599+0000: 3394.225: [GC [PSYoungGen: 258610K->766K(251520K)] 742934K->485390K(938496K), 0.0086300 secs] [Times: user=0.05 sys=0.01, real=0.00 secs] 
2014-07-08T02:42:34.465+0000: 3395.091: [GC [PSYoungGen: 251518K->1281K(245952K)] 736142K->485970K(932928K), 0.0090490 secs] [Times: user=0.05 sys=0.00, real=0.01 secs] 
2014-07-08T02:42:35.348+0000: 3395.974: [GC [PSYoungGen: 245889K->826K(239488K)] 730578K->485628K(926464K), 0.0097590 secs] [Times: user=0.06 sys=0.00, real=0.01 secs] 
2014-07-08T02:42:36.245+0000: 3396.871: [GC [PSYoungGen: 239482K->1357K(234368K)] 724284K->486231K(921344K), 0.0038600 secs] [Times: user=0.02 sys=0.00, real=0.00 secs] 
2014-07-08T02:42:37.005+0000: 3397.631: [GC [PSYoungGen: 234317K->954K(228416K)] 719191K->485900K(915392K), 0.0106480 secs] [Times: user=0.07 sys=0.00, real=0.01 secs] 
2014-07-08T02:42:37.718+0000: 3398.344: [GC [PSYoungGen: 228410K->996K(223168K)] 713356K->486014K(910144K), 0.0039120 secs] [Times: user=0.02 sys=0.00, real=0.01 secs] 
2014-07-08T02:42:38.443+0000: 3399.069: [GC [PSYoungGen: 223140K->690K(217728K)] 708158K->485804K(904704K), 0.0074360 secs] [Times: user=0.05 sys=0.01, real=0.01 secs] 
2014-07-08T02:42:39.195+0000: 3399.821: [GC [PSYoungGen: 217714K->612K(212736K)] 702828K->485766K(899712K), 0.0103060 secs] [Times: user=0.07 sys=0.00, real=0.01 secs] 
2014-07-08T02:42:39.941+0000: 3400.567: [GC [PSYoungGen: 212708K->1002K(208384K)] 697862K->486229K(895360K), 0.0052990 secs] [Times: user=0.03 sys=0.00, real=0.00 secs] 
2014-07-08T02:42:40.544+0000: 3401.170: [GC [PSYoungGen: 208362K->1022K(203776K)] 693589K->486320K(890752K), 0.0075680 secs] [Times: user=0.04 sys=0.00, real=0.01 secs] 
2014-07-08T02:42:41.278+0000: 3401.904: [GC [PSYoungGen: 203774K->662K(244032K)] 689072K->486016K(931008K), 0.0167270 secs] [Times: user=0.10 sys=0.00, real=0.02 secs] 
2014-07-08T02:42:42.181+0000: 3402.806: [GC [PSYoungGen: 243960K->1317K(293376K)] 729315K->486776K(980352K), 0.0070240 secs] [Times: user=0.05 sys=0.00, real=0.00 secs] 
2014-07-08T02:42:43.158+0000: 3403.784: [GC [PSYoungGen: 293349K->1068K(285376K)] 778808K->486574K(972352K), 0.0047670 secs] [Times: user=0.03 sys=0.00, real=0.01 secs] 
2014-07-08T02:42:44.129+0000: 3404.755: [GC [PSYoungGen: 285329K->1154K(278080K)] 770835K->486724K(965056K), 0.0055420 secs] [Times: user=0.02 sys=0.00, real=0.01 secs] 
2014-07-08T02:42:45.034+0000: 3405.660: [GC [PSYoungGen: 278018K->922K(270656K)] 763588K->486564K(957632K), 0.0043260 secs] [Times: user=0.02 sys=0.00, real=0.00 secs] 
2014-07-08T02:42:46.002+0000: 3406.628: [GC [PSYoungGen: 270618K->1202K(264064K)] 756260K->486917K(951040K), 0.0093980 secs] [Times: user=0.07 sys=0.00, real=0.01 secs] 
2014-07-08T02:42:46.884+0000: 3407.510: [GC [PSYoungGen: 264050K->886K(257152K)] 749765K->486680K(944128K), 0.0037180 secs] [Times: user=0.02 sys=0.00, real=0.00 secs] 
2014-07-08T02:42:47.741+0000: 3408.367: [GC [PSYoungGen: 257142K->1124K(251072K)] 742936K->487022K(938048K), 0.0076740 secs] [Times: user=0.05 sys=0.00, real=0.00 secs] 
2014-07-08T02:42:48.622+0000: 3409.248: [GC [PSYoungGen: 251044K->850K(244672K)] 736942K->486820K(931648K), 0.0100890 secs] [Times: user=0.06 sys=0.01, real=0.01 secs] 
2014-07-08T02:42:49.430+0000: 3410.056: [GC [PSYoungGen: 244625K->826K(238720K)] 730596K->486868K(925696K), 0.0087400 secs] [Times: user=0.05 sys=0.00, real=0.01 secs] 
2014-07-08T02:42:50.252+0000: 3410.878: [GC [PSYoungGen: 238714K->612K(232832K)] 724756K->486694K(919808K), 0.0049580 secs] [Times: user=0.02 sys=0.00, real=0.00 secs] 
2014-07-08T02:42:51.100+0000: 3411.726: [GC [PSYoungGen: 232787K->858K(227648K)] 718870K->486972K(914624K), 0.0073890 secs] [Times: user=0.04 sys=0.00, real=0.01 secs] 
2014-07-08T02:42:51.799+0000: 3412.425: [GC [PSYoungGen: 227564K->776K(222336K)] 713678K->486946K(909312K), 0.0086020 secs] [Times: user=0.05 sys=0.00, real=0.01 secs] 
2014-07-08T02:42:52.502+0000: 3413.128: [GC [PSYoungGen: 222280K->972K(217472K)] 708450K->487206K(904448K), 0.0040350 secs] [Times: user=0.02 sys=0.00, real=0.00 secs] 
2014-07-08T02:42:53.276+0000: 3413.902: [GC [PSYoungGen: 217407K->854K(212416K)] 703641K->487168K(899392K), 0.0043320 secs] [Times: user=0.02 sys=0.00, real=0.00 secs] 
2014-07-08T02:42:54.010+0000: 3414.636: [GC [PSYoungGen: 212374K->940K(207744K)] 698688K->487310K(894720K), 0.0065170 secs] [Times: user=0.04 sys=0.00, real=0.01 secs] 
2014-07-08T02:42:54.655+0000: 3415.281: [GC [PSYoungGen: 207724K->1017K(203264K)] 694094K->487483K(890240K), 0.0061490 secs] [Times: user=0.02 sys=0.00, real=0.00 secs] 
2014-07-08T02:42:55.411+0000: 3416.037: [GC [PSYoungGen: 203257K->858K(198720K)] 689723K->487404K(885696K), 0.0073070 secs] [Times: user=0.04 sys=0.00, real=0.01 secs] 
2014-07-08T02:42:56.078+0000: 3416.704: [GC [PSYoungGen: 198682K->858K(194432K)] 685228K->487518K(881408K), 0.0079050 secs] [Times: user=0.06 sys=0.00, real=0.01 secs] 
2014-07-08T02:42:56.670+0000: 3417.295: [GC [PSYoungGen: 194390K->1052K(190528K)] 681050K->487801K(877504K), 0.0072260 secs] [Times: user=0.05 sys=0.00, real=0.01 secs] 
2014-07-08T02:42:57.323+0000: 3417.949: [GC [PSYoungGen: 190492K->612K(186112K)] 677241K->487400K(873088K), 0.0056590 secs] [Times: user=0.02 sys=0.00, real=0.00 secs] 
2014-07-08T02:42:57.977+0000: 3418.602: [GC [PSYoungGen: 186084K->708K(223360K)] 672872K->487544K(910336K), 0.0104820 secs] [Times: user=0.07 sys=0.00, real=0.01 secs] 
2014-07-08T02:42:58.682+0000: 3419.308: [GC [PSYoungGen: 223282K->858K(268032K)] 710119K->487766K(955008K), 0.0085630 secs] [Times: user=0.05 sys=0.00, real=0.01 secs] 
2014-07-08T02:42:59.610+0000: 3420.236: [GC [PSYoungGen: 267994K->744K(261120K)] 754902K->487716K(948096K), 0.0039030 secs] [Times: user=0.02 sys=0.00, real=0.01 secs] 
2014-07-08T02:43:00.540+0000: 3421.166: [GC [PSYoungGen: 261096K->744K(313216K)] 748068K->487796K(1000192K), 0.0115820 secs] [Times: user=0.08 sys=0.00, real=0.01 secs] 
2014-07-08T02:43:01.569+0000: 3422.195: [GC [PSYoungGen: 313192K->708K(304704K)] 800244K->487856K(991680K), 0.0087640 secs] [Times: user=0.06 sys=0.01, real=0.01 secs] 
2014-07-08T02:43:02.560+0000: 3423.186: [GC [PSYoungGen: 304644K->698K(296448K)] 791792K->487902K(983424K), 0.0067240 secs] [Times: user=0.04 sys=0.00, real=0.01 secs] 
2014-07-08T02:43:03.563+0000: 3424.189: [GC [PSYoungGen: 296442K->758K(288640K)] 783646K->488034K(975616K), 0.0039450 secs] [Times: user=0.03 sys=0.00, real=0.01 secs] 
2014-07-08T02:43:04.536+0000: 3425.162: [GC [PSYoungGen: 288630K->858K(281216K)] 775906K->488214K(968192K), 0.0094030 secs] [Times: user=0.06 sys=0.00, real=0.01 secs] 
2014-07-08T02:43:05.533+0000: 3426.159: [GC [PSYoungGen: 281178K->676K(273728K)] 768534K->488088K(960704K), 0.0071600 secs] [Times: user=0.03 sys=0.01, real=0.01 secs] 
2014-07-08T02:43:06.449+0000: 3427.075: [GC [PSYoungGen: 273700K->888K(266944K)] 761112K->488431K(953920K), 0.0077230 secs] [Times: user=0.05 sys=0.00, real=0.01 secs] 
2014-07-08T02:43:07.404+0000: 3428.030: [GC [PSYoungGen: 266936K->936K(260288K)] 754479K->488550K(947264K), 0.0070720 secs] [Times: user=0.05 sys=0.01, real=0.00 secs] 
2014-07-08T02:43:08.286+0000: 3428.912: [GC [PSYoungGen: 260264K->626K(253504K)] 747878K->488476K(940480K), 0.0058390 secs] [Times: user=0.02 sys=0.00, real=0.00 secs] 
2014-07-08T02:43:09.237+0000: 3429.863: [GC [PSYoungGen: 253470K->1210K(247872K)] 741321K->489149K(934848K), 0.0067740 secs] [Times: user=0.05 sys=0.00, real=0.00 secs] 
2014-07-08T02:43:10.022+0000: 3430.647: [GC [PSYoungGen: 247839K->619K(241280K)] 735778K->488887K(928256K), 0.0102680 secs] [Times: user=0.06 sys=0.01, real=0.01 secs] 
2014-07-08T02:43:10.777+0000: 3431.403: [GC [PSYoungGen: 241259K->1261K(236160K)] 729527K->489635K(923136K), 0.0083690 secs] [Times: user=0.05 sys=0.00, real=0.01 secs] 
2014-07-08T02:43:11.659+0000: 3432.285: [GC [PSYoungGen: 236141K->566K(229888K)] 724515K->489338K(916864K), 0.0063600 secs] [Times: user=0.02 sys=0.00, real=0.01 secs] 
2014-07-08T02:43:12.407+0000: 3433.033: [GC [PSYoungGen: 229852K->840K(224832K)] 718624K->489692K(911808K), 0.0063700 secs] [Times: user=0.04 sys=0.01, real=0.00 secs] 
2014-07-08T02:43:13.215+0000: 3433.841: [GC [PSYoungGen: 224776K->954K(219712K)] 713628K->489894K(906688K), 0.0075780 secs] [Times: user=0.04 sys=0.00, real=0.00 secs] 
2014-07-08T02:43:13.882+0000: 3434.508: [GC [PSYoungGen: 219706K->1184K(263744K)] 708646K->490172K(950720K), 0.0096100 secs] [Times: user=0.06 sys=0.00, real=0.01 secs] 
2014-07-08T02:43:14.820+0000: 3435.446: [GC [PSYoungGen: 263712K->676K(256640K)] 752700K->489898K(943616K), 0.0040500 secs] [Times: user=0.03 sys=0.00, real=0.00 secs] 
2014-07-08T02:43:15.674+0000: 3436.300: [GC [PSYoungGen: 256612K->1090K(250752K)] 745834K->490416K(937728K), 0.0055120 secs] [Times: user=0.02 sys=0.00, real=0.01 secs] 
2014-07-08T02:43:16.507+0000: 3437.133: [GC [PSYoungGen: 250690K->630K(244160K)] 740016K->490170K(931136K), 0.0068870 secs] [Times: user=0.04 sys=0.00, real=0.00 secs] 
2014-07-08T02:43:17.351+0000: 3437.977: [GC [PSYoungGen: 244150K->690K(238336K)] 733690K->490294K(925312K), 0.0130010 secs] [Times: user=0.07 sys=0.00, real=0.01 secs] 
2014-07-08T02:43:18.162+0000: 3438.788: [GC [PSYoungGen: 238247K->868K(286080K)] 727851K->490504K(973056K), 0.0108780 secs] [Times: user=0.06 sys=0.00, real=0.01 secs] 
2014-07-08T02:43:19.280+0000: 3439.906: [GC [PSYoungGen: 286050K->936K(278656K)] 775686K->490652K(965632K), 0.0069280 secs] [Times: user=0.05 sys=0.00, real=0.01 secs] 
2014-07-08T02:43:20.462+0000: 3441.087: [GC [PSYoungGen: 278632K->888K(271424K)] 768348K->490918K(958400K), 0.0113040 secs] [Times: user=0.07 sys=0.00, real=0.01 secs] 
2014-07-08T02:43:22.152+0000: 3442.778: [GC [PSYoungGen: 271416K->1242K(264896K)] 761446K->491312K(951872K), 0.0052590 secs] [Times: user=0.03 sys=0.00, real=0.01 secs] 
2014-07-08T02:43:22.866+0000: 3443.492: [GC [PSYoungGen: 264847K->690K(257664K)] 754917K->491468K(944640K), 0.0076570 secs] [Times: user=0.05 sys=0.00, real=0.01 secs] 
2014-07-08T02:43:23.463+0000: 3444.088: [GC [PSYoungGen: 257648K->1296K(251904K)] 748427K->492147K(938880K), 0.0070000 secs] [Times: user=0.05 sys=0.00, real=0.01 secs] 
2014-07-08T02:43:24.411+0000: 3445.036: [GC [PSYoungGen: 251856K->1170K(245632K)] 742707K->492151K(932608K), 0.0032340 secs] [Times: user=0.02 sys=0.00, real=0.00 secs] 
2014-07-08T02:43:25.209+0000: 3445.835: [GC [PSYoungGen: 245554K->1142K(239680K)] 736534K->492186K(926656K), 0.0081660 secs] [Times: user=0.02 sys=0.00, real=0.01 secs] 
2014-07-08T02:43:25.977+0000: 3446.603: [GC [PSYoungGen: 239670K->836K(233728K)] 730714K->491968K(920704K), 0.0081100 secs] [Times: user=0.04 sys=0.00, real=0.01 secs] 
2014-07-08T02:43:26.704+0000: 3447.330: [GC [PSYoungGen: 233668K->850K(228224K)] 724800K->492046K(915200K), 0.0046510 secs] [Times: user=0.02 sys=0.01, real=0.01 secs] 
2014-07-08T02:43:27.625+0000: 3448.251: [GC [PSYoungGen: 228178K->762K(222784K)] 719374K->492022K(909760K), 0.0071910 secs] [Times: user=0.04 sys=0.01, real=0.01 secs] 
2014-07-08T02:43:28.286+0000: 3448.912: [GC [PSYoungGen: 222778K->890K(217792K)] 714038K->492214K(904768K), 0.0063370 secs] [Times: user=0.04 sys=0.00, real=0.01 secs] 
2014-07-08T02:43:29.117+0000: 3449.743: [GC [PSYoungGen: 217786K->1412K(261760K)] 709110K->492793K(948736K), 0.0140430 secs] [Times: user=0.09 sys=0.00, real=0.02 secs] 
2014-07-08T02:43:29.916+0000: 3450.542: [GC [PSYoungGen: 261700K->1230K(255040K)] 753081K->492683K(942016K), 0.0045510 secs] [Times: user=0.02 sys=0.00, real=0.01 secs] 
2014-07-08T02:43:30.777+0000: 3451.403: [GC [PSYoungGen: 254990K->626K(305152K)] 746443K->492414K(992128K), 0.0110830 secs] [Times: user=0.07 sys=0.00, real=0.02 secs] 
2014-07-08T02:43:31.905+0000: 3452.531: [GC [PSYoungGen: 305138K->1204K(366656K)] 796926K->493056K(1053632K), 0.0189460 secs] [Times: user=0.12 sys=0.00, real=0.02 secs] 
2014-07-08T02:43:33.732+0000: 3454.358: [GC [PSYoungGen: 366622K->1278K(356032K)] 858474K->493566K(1043008K), 0.0052610 secs] [Times: user=0.03 sys=0.00, real=0.00 secs] 
2014-07-08T02:43:35.554+0000: 3456.180: [GC [PSYoungGen: 356030K->1432K(345984K)] 848318K->493793K(1032960K), 0.0090030 secs] [Times: user=0.05 sys=0.00, real=0.01 secs] 
2014-07-08T02:43:37.130+0000: 3457.755: [GC [PSYoungGen: 345944K->636K(335360K)] 838305K->493696K(1022336K), 0.0043710 secs] [Times: user=0.02 sys=0.00, real=0.00 secs] 
2014-07-08T02:43:38.811+0000: 3459.437: [GC [PSYoungGen: 335356K->1715K(327040K)] 828416K->494985K(1014016K), 0.0098230 secs] [Times: user=0.06 sys=0.00, real=0.01 secs] 
2014-07-08T02:43:40.347+0000: 3460.973: [GC [PSYoungGen: 327027K->1120K(317440K)] 820297K->495013K(1004416K), 0.0079050 secs] [Times: user=0.05 sys=0.00, real=0.01 secs] 
2014-07-08T02:43:41.239+0000: 3461.865: [GC [PSYoungGen: 317408K->1480K(309120K)] 811301K->495446K(996096K), 0.0049110 secs] [Times: user=0.02 sys=0.00, real=0.00 secs] 
2014-07-08T02:43:42.205+0000: 3462.831: [GC [PSYoungGen: 309020K->964K(300288K)] 802985K->495125K(987264K), 0.0047740 secs] [Times: user=0.03 sys=0.00, real=0.01 secs] 
2014-07-08T02:43:43.053+0000: 3463.679: [GC [PSYoungGen: 300217K->1238K(292544K)] 794378K->495432K(979520K), 0.0067210 secs] [Times: user=0.03 sys=0.00, real=0.01 secs] 
2014-07-08T02:43:43.966+0000: 3464.592: [GC [PSYoungGen: 292495K->1085K(284672K)] 786688K->495342K(971648K), 0.0042690 secs] [Times: user=0.03 sys=0.00, real=0.01 secs] 
2014-07-08T02:43:44.764+0000: 3465.390: [GC [PSYoungGen: 284669K->1046K(277248K)] 778926K->495359K(964224K), 0.0075260 secs] [Times: user=0.05 sys=0.00, real=0.01 secs] 
2014-07-08T02:43:45.520+0000: 3466.146: [GC [PSYoungGen: 277206K->1454K(270528K)] 771519K->495839K(957504K), 0.0086170 secs] [Times: user=0.05 sys=0.00, real=0.01 secs] 
2014-07-08T02:43:46.352+0000: 3466.978: [GC [PSYoungGen: 270510K->1006K(263232K)] 764895K->495455K(950208K), 0.0036790 secs] [Times: user=0.02 sys=0.00, real=0.00 secs] 
2014-07-08T02:43:47.259+0000: 3467.885: [GC [PSYoungGen: 263214K->772K(256448K)] 757663K->495277K(943424K), 0.0039830 secs] [Times: user=0.02 sys=0.00, real=0.01 secs] 
2014-07-08T02:43:48.094+0000: 3468.719: [GC [PSYoungGen: 256349K->910K(250240K)] 750854K->495479K(937216K), 0.0088310 secs] [Times: user=0.06 sys=0.00, real=0.01 secs] 
2014-07-08T02:43:48.959+0000: 3469.585: [GC [PSYoungGen: 250190K->964K(244224K)] 744759K->495605K(931200K), 0.0049600 secs] [Times: user=0.02 sys=0.00, real=0.01 secs] 
2014-07-08T02:43:49.901+0000: 3470.527: [GC [PSYoungGen: 244121K->907K(238272K)] 738762K->495612K(925248K), 0.0072430 secs] [Times: user=0.05 sys=0.00, real=0.00 secs] 
2014-07-08T02:43:50.704+0000: 3471.330: [GC [PSYoungGen: 238219K->1322K(233024K)] 732924K->496115K(920000K), 0.0139310 secs] [Times: user=0.07 sys=0.00, real=0.01 secs] 
2014-07-08T02:43:51.403+0000: 3472.029: [GC [PSYoungGen: 233002K->626K(226880K)] 727795K->495499K(913856K), 0.0069610 secs] [Times: user=0.05 sys=0.00, real=0.00 secs] 
2014-07-08T02:43:52.195+0000: 3472.821: [GC [PSYoungGen: 226866K->758K(272256K)] 721739K->495695K(959232K), 0.0101760 secs] [Times: user=0.05 sys=0.01, real=0.01 secs] 
2014-07-08T02:43:53.092+0000: 3473.718: [GC [PSYoungGen: 272216K->744K(326592K)] 767153K->495753K(1013568K), 0.0107130 secs] [Times: user=0.06 sys=0.00, real=0.01 secs] 
2014-07-08T02:43:54.191+0000: 3474.817: [GC [PSYoungGen: 326568K->694K(317440K)] 821577K->495767K(1004416K), 0.0041100 secs] [Times: user=0.02 sys=0.00, real=0.00 secs] 
2014-07-08T02:43:55.340+0000: 3475.966: [GC [PSYoungGen: 317430K->794K(308864K)] 812503K->495915K(995840K), 0.0101170 secs] [Times: user=0.06 sys=0.01, real=0.01 secs] 
2014-07-08T02:43:56.332+0000: 3476.958: [GC [PSYoungGen: 308824K->758K(300416K)] 803945K->495927K(987392K), 0.0094140 secs] [Times: user=0.05 sys=0.00, real=0.01 secs] 
2014-07-08T02:43:57.344+0000: 3477.969: [GC [PSYoungGen: 300406K->726K(292416K)] 795575K->495959K(979392K), 0.0103300 secs] [Times: user=0.08 sys=0.00, real=0.01 secs] 
2014-07-08T02:43:58.339+0000: 3478.965: [GC [PSYoungGen: 292374K->862K(284864K)] 787607K->496151K(971840K), 0.0078860 secs] [Times: user=0.04 sys=0.00, real=0.01 secs] 
2014-07-08T02:43:59.295+0000: 3479.921: [GC [PSYoungGen: 284828K->900K(277504K)] 780118K->496285K(964480K), 0.0110670 secs] [Times: user=0.07 sys=0.00, real=0.01 secs] 
2014-07-08T02:44:00.240+0000: 3480.866: [GC [PSYoungGen: 277411K->722K(270208K)] 772797K->496163K(957184K), 0.0060460 secs] [Times: user=0.03 sys=0.00, real=0.01 secs] 
2014-07-08T02:44:01.147+0000: 3481.773: [GC [PSYoungGen: 270142K->808K(263424K)] 765583K->496321K(950400K), 0.0129950 secs] [Times: user=0.07 sys=0.00, real=0.01 secs] 
2014-07-08T02:44:02.054+0000: 3482.680: [GC [PSYoungGen: 263400K->970K(257024K)] 758913K->496547K(944000K), 0.0085990 secs] [Times: user=0.05 sys=0.00, real=0.01 secs] 
2014-07-08T02:44:02.991+0000: 3483.617: [GC [PSYoungGen: 256970K->944K(308160K)] 752547K->496577K(995136K), 0.0214780 secs] [Times: user=0.14 sys=0.00, real=0.03 secs] 
2014-07-08T02:44:04.016+0000: 3484.642: [GC [PSYoungGen: 308144K->644K(353920K)] 803777K->496333K(1040896K), 0.0085140 secs] [Times: user=0.05 sys=0.00, real=0.01 secs] 
2014-07-08T02:44:05.176+0000: 3485.802: [GC [PSYoungGen: 353507K->794K(343552K)] 849196K->496547K(1030528K), 0.0039950 secs] [Times: user=0.02 sys=0.00, real=0.00 secs] 
2014-07-08T02:44:06.374+0000: 3487.000: [GC [PSYoungGen: 343514K->636K(333632K)] 839267K->496653K(1020608K), 0.0065320 secs] [Times: user=0.04 sys=0.00, real=0.00 secs] 
2014-07-08T02:44:07.503+0000: 3488.129: [GC [PSYoungGen: 333628K->1337K(324992K)] 829645K->497508K(1011968K), 0.0097170 secs] [Times: user=0.06 sys=0.01, real=0.00 secs] 
2014-07-08T02:44:08.604+0000: 3489.230: [GC [PSYoungGen: 324985K->740K(315456K)] 821156K->497103K(1002432K), 0.0145940 secs] [Times: user=0.10 sys=0.00, real=0.01 secs] 
2014-07-08T02:44:09.695+0000: 3490.321: [GC [PSYoungGen: 315428K->1242K(307328K)] 811791K->497653K(994304K), 0.0054140 secs] [Times: user=0.03 sys=0.00, real=0.00 secs] 
2014-07-08T02:44:10.727+0000: 3491.352: [GC [PSYoungGen: 307288K->818K(298624K)] 803699K->497572K(985600K), 0.0049890 secs] [Times: user=0.02 sys=0.00, real=0.00 secs] 
2014-07-08T02:44:11.762+0000: 3492.388: [GC [PSYoungGen: 298512K->1520K(291392K)] 795266K->498463K(978368K), 0.0081860 secs] [Times: user=0.05 sys=0.00, real=0.01 secs] 
2014-07-08T02:44:12.745+0000: 3493.371: [GC [PSYoungGen: 291376K->764K(283008K)] 788319K->498069K(969984K), 0.0058870 secs] [Times: user=0.02 sys=0.00, real=0.00 secs] 
2014-07-08T02:44:13.681+0000: 3494.307: [GC [PSYoungGen: 283004K->1376K(276288K)] 780309K->498777K(963264K), 0.0071300 secs] [Times: user=0.03 sys=0.00, real=0.01 secs] 
2014-07-08T02:44:14.628+0000: 3495.254: [GC [PSYoungGen: 276256K->1156K(269056K)] 773657K->498679K(956032K), 0.0062250 secs] [Times: user=0.04 sys=0.00, real=0.01 secs] 
2014-07-08T02:44:15.496+0000: 3496.122: [GC [PSYoungGen: 268996K->764K(261824K)] 766519K->498351K(948800K), 0.0073650 secs] [Times: user=0.04 sys=0.00, real=0.00 secs] 
2014-07-08T02:44:16.430+0000: 3497.056: [GC [PSYoungGen: 261809K->776K(255360K)] 759396K->498419K(942336K), 0.0073980 secs] [Times: user=0.05 sys=0.01, real=0.01 secs] 
2014-07-08T02:44:17.243+0000: 3497.869: [GC [PSYoungGen: 255304K->982K(249280K)] 752947K->498689K(936256K), 0.0101520 secs] [Times: user=0.06 sys=0.01, real=0.01 secs] 
2014-07-08T02:44:18.143+0000: 3498.769: [GC [PSYoungGen: 249238K->480K(242688K)] 746945K->498235K(929664K), 0.0038840 secs] [Times: user=0.02 sys=0.00, real=0.01 secs] 
2014-07-08T02:44:18.927+0000: 3499.553: [GC [PSYoungGen: 242622K->812K(237184K)] 740377K->498615K(924160K), 0.0104260 secs] [Times: user=0.06 sys=0.00, real=0.01 secs] 
2014-07-08T02:44:19.824+0000: 3500.450: [GC [PSYoungGen: 237164K->946K(231680K)] 734967K->498789K(918656K), 0.0073750 secs] [Times: user=0.04 sys=0.00, real=0.01 secs] 
2014-07-08T02:44:20.533+0000: 3501.159: [GC [PSYoungGen: 231666K->804K(226112K)] 729509K->498719K(913088K), 0.0101710 secs] [Times: user=0.07 sys=0.00, real=0.01 secs] 
2014-07-08T02:44:21.374+0000: 3502.000: [GC [PSYoungGen: 226084K->776K(271168K)] 723999K->498763K(958144K), 0.0123910 secs] [Times: user=0.09 sys=0.00, real=0.02 secs] 
2014-07-08T02:44:22.341+0000: 3502.967: [GC [PSYoungGen: 271061K->912K(325376K)] 769048K->498947K(1012352K), 0.0081280 secs] [Times: user=0.06 sys=0.01, real=0.01 secs] 
2014-07-08T02:44:23.337+0000: 3503.963: [GC [PSYoungGen: 325328K->1341K(342720K)] 823363K->499448K(1029696K), 0.0092410 secs] [Times: user=0.05 sys=0.00, real=0.01 secs] 
2014-07-08T02:44:24.483+0000: 3505.109: [GC [PSYoungGen: 342681K->1392K(333120K)] 840788K->499571K(1020096K), 0.0074710 secs] [Times: user=0.04 sys=0.00, real=0.01 secs] 
2014-07-08T02:44:25.665+0000: 3506.291: [GC [PSYoungGen: 333104K->192K(322624K)] 831283K->499223K(1009600K), 0.0070830 secs] [Times: user=0.05 sys=0.00, real=0.01 secs] 
2014-07-08T02:44:26.821+0000: 3507.447: [GC [PSYoungGen: 322623K->1588K(315136K)] 821655K->500700K(1002112K), 0.0067370 secs] [Times: user=0.03 sys=0.00, real=0.01 secs] 
2014-07-08T02:44:27.863+0000: 3508.489: [GC [PSYoungGen: 315087K->1181K(306176K)] 814199K->500961K(993152K), 0.0073060 secs] [Times: user=0.04 sys=0.00, real=0.01 secs] 
2014-07-08T02:44:28.897+0000: 3509.523: [GC [PSYoungGen: 306141K->1040K(297792K)] 805921K->500868K(984768K), 0.0158280 secs] [Times: user=0.08 sys=0.00, real=0.01 secs] 
2014-07-08T02:44:29.917+0000: 3510.543: [GC [PSYoungGen: 297744K->1036K(289856K)] 797572K->500928K(976832K), 0.0113700 secs] [Times: user=0.09 sys=0.01, real=0.01 secs] 
2014-07-08T02:44:30.838+0000: 3511.463: [GC [PSYoungGen: 289804K->830K(281984K)] 789696K->500762K(968960K), 0.0044970 secs] [Times: user=0.02 sys=0.01, real=0.00 secs] 
2014-07-08T02:44:31.875+0000: 3512.501: [GC [PSYoungGen: 281915K->766K(274624K)] 781847K->500746K(961600K), 0.0077130 secs] [Times: user=0.05 sys=0.00, real=0.01 secs] 
2014-07-08T02:44:32.755+0000: 3513.381: [GC [PSYoungGen: 274622K->982K(267840K)] 774602K->501010K(954816K), 0.0135780 secs] [Times: user=0.08 sys=0.00, real=0.02 secs] 
2014-07-08T02:44:33.601+0000: 3514.227: [GC [PSYoungGen: 267796K->818K(260864K)] 767824K->500910K(947840K), 0.0045480 secs] [Times: user=0.02 sys=0.00, real=0.00 secs] 
2014-07-08T02:44:34.494+0000: 3515.120: [GC [PSYoungGen: 260850K->858K(254400K)] 760942K->501022K(941376K), 0.0073060 secs] [Times: user=0.04 sys=0.00, real=0.01 secs] 
2014-07-08T02:44:35.372+0000: 3515.998: [GC [PSYoungGen: 254362K->630K(247872K)] 754526K->500858K(934848K), 0.0074450 secs] [Times: user=0.04 sys=0.00, real=0.01 secs] 
2014-07-08T02:44:36.295+0000: 3516.921: [GC [PSYoungGen: 247862K->1106K(242368K)] 748090K->501398K(929344K), 0.0034880 secs] [Times: user=0.03 sys=0.00, real=0.01 secs] 
2014-07-08T02:44:37.071+0000: 3517.697: [GC [PSYoungGen: 242322K->740K(236160K)] 742614K->501120K(923136K), 0.0094460 secs] [Times: user=0.06 sys=0.00, real=0.01 secs] 
2014-07-08T02:44:37.926+0000: 3518.552: [GC [PSYoungGen: 236132K->1298K(283840K)] 736512K->501742K(970816K), 0.0158690 secs] [Times: user=0.11 sys=0.00, real=0.02 secs] 
2014-07-08T02:44:38.809+0000: 3519.435: [GC [PSYoungGen: 283794K->882K(332928K)] 784238K->501398K(1019904K), 0.0101180 secs] [Times: user=0.07 sys=0.00, real=0.01 secs] 
2014-07-08T02:44:40.004+0000: 3520.630: [GC [PSYoungGen: 332786K->1114K(333440K)] 833302K->501686K(1020416K), 0.0095430 secs] [Times: user=0.06 sys=0.00, real=0.01 secs] 
2014-07-08T02:44:41.040+0000: 3521.666: [GC [PSYoungGen: 333018K->812K(399872K)] 833590K->501424K(1086848K), 0.0122120 secs] [Times: user=0.07 sys=0.00, real=0.01 secs] 
2014-07-08T02:44:42.442+0000: 3523.068: [GC [PSYoungGen: 399148K->868K(387200K)] 899760K->501528K(1074176K), 0.0052840 secs] [Times: user=0.02 sys=0.00, real=0.00 secs] 
2014-07-08T02:44:43.784+0000: 3524.410: [GC [PSYoungGen: 387172K->672K(375424K)] 887832K->501590K(1062400K), 0.0086940 secs] [Times: user=0.06 sys=0.00, real=0.01 secs] 
2014-07-08T02:44:45.044+0000: 3525.670: [GC [PSYoungGen: 375392K->1414K(365120K)] 876310K->502380K(1052096K), 0.0075930 secs] [Times: user=0.05 sys=0.01, real=0.01 secs] 
2014-07-08T02:44:46.249+0000: 3526.874: [GC [PSYoungGen: 365062K->825K(353856K)] 866028K->502646K(1040832K), 0.0045790 secs] [Times: user=0.02 sys=0.01, real=0.05 secs] 
2014-07-08T02:44:47.411+0000: 3528.037: [GC [PSYoungGen: 353849K->1206K(344064K)] 855670K->503068K(1031040K), 0.0123690 secs] [Times: user=0.07 sys=0.00, real=0.01 secs] 
2014-07-08T02:44:48.634+0000: 3529.260: [GC [PSYoungGen: 344021K->918K(334080K)] 845883K->502993K(1021056K), 0.0040520 secs] [Times: user=0.03 sys=0.00, real=0.00 secs] 
2014-07-08T02:44:49.884+0000: 3530.510: [GC [PSYoungGen: 334038K->996K(324800K)] 836113K->503111K(1011776K), 0.0047470 secs] [Times: user=0.03 sys=0.00, real=0.00 secs] 
2014-07-08T02:44:51.060+0000: 3531.686: [GC [PSYoungGen: 324772K->1340K(316160K)] 826887K->503512K(1003136K), 0.0089740 secs] [Times: user=0.06 sys=0.00, real=0.00 secs] 
2014-07-08T02:44:52.095+0000: 3532.721: [GC [PSYoungGen: 316156K->1128K(307328K)] 818328K->503372K(994304K), 0.0118020 secs] [Times: user=0.07 sys=0.01, real=0.01 secs] 
2014-07-08T02:44:53.247+0000: 3533.873: [GC [PSYoungGen: 307304K->1010K(298944K)] 809548K->503466K(985920K), 0.0101960 secs] [Times: user=0.05 sys=0.00, real=0.01 secs] 
2014-07-08T02:44:54.173+0000: 3534.798: [GC [PSYoungGen: 298930K->858K(290880K)] 801386K->503386K(977856K), 0.0149500 secs] [Times: user=0.08 sys=0.00, real=0.01 secs] 
2014-07-08T02:44:55.196+0000: 3535.822: [GC [PSYoungGen: 290842K->1064K(283456K)] 793370K->503640K(970432K), 0.0092410 secs] [Times: user=0.06 sys=0.00, real=0.01 secs] 
2014-07-08T02:44:56.184+0000: 3536.810: [GC [PSYoungGen: 283432K->1152K(276224K)] 786008K->503792K(963200K), 0.0105570 secs] [Times: user=0.06 sys=0.00, real=0.01 secs] 
2014-07-08T02:44:57.140+0000: 3537.766: [GC [PSYoungGen: 276149K->818K(268800K)] 778789K->503752K(955776K), 0.0081920 secs] [Times: user=0.06 sys=0.00, real=0.01 secs] 
2014-07-08T02:44:58.092+0000: 3538.718: [GC [PSYoungGen: 268786K->1134K(262336K)] 771720K->504116K(949312K), 0.0110080 secs] [Times: user=0.06 sys=0.00, real=0.01 secs] 
2014-07-08T02:44:58.934+0000: 3539.560: [GC [PSYoungGen: 262317K->928K(255616K)] 765299K->503982K(942592K), 0.0081220 secs] [Times: user=0.06 sys=0.01, real=0.01 secs] 
2014-07-08T02:44:59.770+0000: 3540.396: [GC [PSYoungGen: 255584K->854K(249280K)] 758638K->503956K(936256K), 0.0058990 secs] [Times: user=0.02 sys=0.00, real=0.01 secs] 
2014-07-08T02:45:00.677+0000: 3541.303: [GC [PSYoungGen: 249238K->576K(242880K)] 752340K->503742K(929856K), 0.0074140 secs] [Times: user=0.05 sys=0.00, real=0.01 secs] 
2014-07-08T02:45:01.449+0000: 3542.075: [GC [PSYoungGen: 242876K->676K(291520K)] 746043K->503890K(978496K), 0.0150900 secs] [Times: user=0.08 sys=0.00, real=0.02 secs] 
2014-07-08T02:45:02.426+0000: 3543.052: [GC [PSYoungGen: 291487K->982K(350016K)] 794702K->504269K(1036992K), 0.0090390 secs] [Times: user=0.04 sys=0.00, real=0.01 secs] 
2014-07-08T02:45:03.595+0000: 3544.221: [GC [PSYoungGen: 349974K->928K(339968K)] 853261K->504278K(1026944K), 0.0059430 secs] [Times: user=0.04 sys=0.00, real=0.00 secs] 
2014-07-08T02:45:04.770+0000: 3545.396: [GC [PSYoungGen: 339934K->1018K(330432K)] 843285K->504432K(1017408K), 0.0069700 secs] [Times: user=0.03 sys=0.00, real=0.01 secs] 
2014-07-08T02:45:05.975+0000: 3546.601: [GC [PSYoungGen: 330426K->926K(321152K)] 833840K->504404K(1008128K), 0.0077620 secs] [Times: user=0.04 sys=0.00, real=0.01 secs] 
2014-07-08T02:45:07.102+0000: 3547.728: [GC [PSYoungGen: 321097K->888K(312256K)] 824576K->504739K(999232K), 0.0118450 secs] [Times: user=0.06 sys=0.00, real=0.02 secs] 
2014-07-08T02:45:08.092+0000: 3548.718: [GC [PSYoungGen: 312248K->1278K(304128K)] 816099K->505168K(991104K), 0.0124520 secs] [Times: user=0.07 sys=0.01, real=0.01 secs] 
2014-07-08T02:45:09.239+0000: 3549.864: [GC [PSYoungGen: 304126K->814K(295552K)] 808016K->505124K(982528K), 0.0047690 secs] [Times: user=0.02 sys=0.00, real=0.01 secs] 
2014-07-08T02:45:10.168+0000: 3550.794: [GC [PSYoungGen: 295486K->800K(287744K)] 799796K->505174K(974720K), 0.0104810 secs] [Times: user=0.07 sys=0.00, real=0.01 secs] 
2014-07-08T02:45:11.167+0000: 3551.793: [GC [PSYoungGen: 287681K->1075K(280448K)] 792056K->505537K(967424K), 0.0073060 secs] [Times: user=0.06 sys=0.00, real=0.01 secs] 
2014-07-08T02:45:12.164+0000: 3552.790: [GC [PSYoungGen: 280434K->1262K(273408K)] 784896K->505797K(960384K), 0.0087860 secs] [Times: user=0.06 sys=0.00, real=0.01 secs] 
2014-07-08T02:45:13.054+0000: 3553.680: [GC [PSYoungGen: 273390K->746K(265920K)] 777925K->505665K(952896K), 0.0042640 secs] [Times: user=0.02 sys=0.00, real=0.00 secs] 
2014-07-08T02:45:13.947+0000: 3554.573: [GC [PSYoungGen: 265898K->1168K(259648K)] 770817K->506150K(946624K), 0.0085770 secs] [Times: user=0.06 sys=0.01, real=0.01 secs] 
2014-07-08T02:45:14.787+0000: 3555.413: [GC [PSYoungGen: 259600K->1136K(253120K)] 764582K->506539K(940096K), 0.0085740 secs] [Times: user=0.06 sys=0.00, real=0.01 secs] 
2014-07-08T02:45:15.616+0000: 3556.242: [GC [PSYoungGen: 253104K->922K(246720K)] 758507K->506412K(933696K), 0.0084950 secs] [Times: user=0.06 sys=0.00, real=0.01 secs] 
2014-07-08T02:45:16.652+0000: 3557.278: [GC [PSYoungGen: 246682K->1251K(241088K)] 752172K->507076K(928064K), 0.0077250 secs] [Times: user=0.04 sys=0.01, real=0.02 secs] 
2014-07-08T02:45:17.770+0000: 3558.396: [GC [PSYoungGen: 241059K->1462K(235520K)] 746884K->507327K(922496K), 0.0067410 secs] [Times: user=0.03 sys=0.00, real=0.01 secs] 
2014-07-08T02:45:18.971+0000: 3559.597: [GC [PSYoungGen: 235510K->804K(229312K)] 741375K->506949K(916288K), 0.0052450 secs] [Times: user=0.02 sys=0.00, real=0.01 secs] 
2014-07-08T02:45:19.392+0000: 3560.018: [GC [PSYoungGen: 229284K->1398K(275584K)] 735429K->507591K(962560K), 0.0149950 secs] [Times: user=0.09 sys=0.00, real=0.02 secs] 
2014-07-08T02:45:20.188+0000: 3560.814: [GC [PSYoungGen: 275574K->1000K(330048K)] 781767K->507265K(1017024K), 0.0070670 secs] [Times: user=0.04 sys=0.00, real=0.01 secs] 
2014-07-08T02:45:21.349+0000: 3561.975: [GC [PSYoungGen: 330024K->992K(378688K)] 836289K->507321K(1065664K), 0.0101980 secs] [Times: user=0.05 sys=0.00, real=0.01 secs] 
2014-07-08T02:45:22.730+0000: 3563.356: [GC [PSYoungGen: 377824K->1156K(396736K)] 884153K->507557K(1083712K), 0.0110190 secs] [Times: user=0.06 sys=0.00, real=0.01 secs] 
2014-07-08T02:45:24.043+0000: 3564.669: [GC [PSYoungGen: 396100K->1138K(384192K)] 902501K->507603K(1071168K), 0.0068330 secs] [Times: user=0.04 sys=0.00, real=0.01 secs] 
2014-07-08T02:45:25.268+0000: 3565.894: [GC [PSYoungGen: 384131K->630K(372288K)] 890596K->507191K(1059264K), 0.0070780 secs] [Times: user=0.05 sys=0.00, real=0.01 secs] 
2014-07-08T02:45:26.608+0000: 3567.234: [GC [PSYoungGen: 372278K->740K(361472K)] 878839K->507341K(1048448K), 0.0050260 secs] [Times: user=0.03 sys=0.00, real=0.00 secs] 
2014-07-08T02:45:27.956+0000: 3568.582: [GC [PSYoungGen: 361444K->932K(351168K)] 868045K->507605K(1038144K), 0.0096880 secs] [Times: user=0.06 sys=0.00, real=0.01 secs] 
2014-07-08T02:45:29.164+0000: 3569.790: [GC [PSYoungGen: 351137K->1374K(341568K)] 857810K->508087K(1028544K), 0.0045670 secs] [Times: user=0.02 sys=0.00, real=0.01 secs] 
2014-07-08T02:45:30.261+0000: 3570.887: [GC [PSYoungGen: 341508K->890K(331392K)] 848221K->507667K(1018368K), 0.0179400 secs] [Times: user=0.10 sys=0.00, real=0.02 secs] 
2014-07-08T02:45:31.412+0000: 3572.038: [GC [PSYoungGen: 331386K->950K(322176K)] 838163K->507791K(1009152K), 0.0082570 secs] [Times: user=0.06 sys=0.00, real=0.01 secs] 
2014-07-08T02:45:32.472+0000: 3573.098: [GC [PSYoungGen: 322166K->740K(313088K)] 829007K->507661K(1000064K), 0.0059590 secs] [Times: user=0.04 sys=0.00, real=0.01 secs] 
2014-07-08T02:45:33.528+0000: 3574.154: [GC [PSYoungGen: 313015K->822K(304640K)] 819936K->507823K(991616K), 0.0085950 secs] [Times: user=0.06 sys=0.00, real=0.01 secs] 
2014-07-08T02:45:34.541+0000: 3575.167: [GC [PSYoungGen: 304630K->1070K(296704K)] 811631K->508143K(983680K), 0.0080020 secs] [Times: user=0.05 sys=0.00, real=0.01 secs] 
2014-07-08T02:45:35.572+0000: 3576.198: [GC [PSYoungGen: 296686K->964K(288768K)] 803759K->508141K(975744K), 0.0042490 secs] [Times: user=0.03 sys=0.00, real=0.01 secs] 
2014-07-08T02:45:36.552+0000: 3577.178: [GC [PSYoungGen: 288708K->594K(280832K)] 795885K->507835K(967808K), 0.0040490 secs] [Times: user=0.03 sys=0.00, real=0.00 secs] 
2014-07-08T02:45:37.505+0000: 3578.131: [GC [PSYoungGen: 280786K->918K(273856K)] 788027K->508207K(960832K), 0.0077270 secs] [Times: user=0.05 sys=0.00, real=0.01 secs] 
2014-07-08T02:45:38.452+0000: 3579.078: [GC [PSYoungGen: 273814K->712K(266688K)] 781103K->508049K(953664K), 0.0077740 secs] [Times: user=0.05 sys=0.00, real=0.01 secs] 
2014-07-08T02:45:39.356+0000: 3579.982: [GC [PSYoungGen: 266594K->1000K(260224K)] 773931K->508385K(947200K), 0.0063230 secs] [Times: user=0.03 sys=0.00, real=0.01 secs] 
2014-07-08T02:45:40.227+0000: 3580.853: [GC [PSYoungGen: 260200K->992K(253760K)] 767585K->508441K(940736K), 0.0080090 secs] [Times: user=0.04 sys=0.00, real=0.00 secs] 
2014-07-08T02:45:41.088+0000: 3581.714: [GC [PSYoungGen: 253724K->694K(247232K)] 761173K->508207K(934208K), 0.0042720 secs] [Times: user=0.02 sys=0.00, real=0.00 secs] 
2014-07-08T02:45:41.909+0000: 3582.535: [GC [PSYoungGen: 247222K->860K(241408K)] 754735K->508429K(928384K), 0.0047750 secs] [Times: user=0.03 sys=0.00, real=0.01 secs] 
2014-07-08T02:45:42.705+0000: 3583.331: [GC [PSYoungGen: 241372K->896K(235712K)] 748941K->508521K(922688K), 0.0158190 secs] [Times: user=0.10 sys=0.00, real=0.02 secs] 
2014-07-08T02:45:43.504+0000: 3584.130: [GC [PSYoungGen: 235610K->950K(230144K)] 743235K->508639K(917120K), 0.0054920 secs] [Times: user=0.03 sys=0.00, real=0.01 secs] 
2014-07-08T02:45:44.317+0000: 3584.943: [GC [PSYoungGen: 230134K->818K(224640K)] 737823K->508563K(911616K), 0.0082520 secs] [Times: user=0.05 sys=0.00, real=0.01 secs] 
2014-07-08T02:45:45.098+0000: 3585.724: [GC [PSYoungGen: 224626K->942K(219584K)] 732371K->508951K(906560K), 0.0080040 secs] [Times: user=0.05 sys=0.00, real=0.01 secs] 
2014-07-08T02:45:45.872+0000: 3586.498: [GC [PSYoungGen: 219566K->1202K(214848K)] 727575K->509259K(901824K), 0.0054390 secs] [Times: user=0.02 sys=0.00, real=0.00 secs] 
2014-07-08T02:45:46.572+0000: 3587.198: [GC [PSYoungGen: 214832K->694K(209536K)] 722889K->508839K(896512K), 0.0089500 secs] [Times: user=0.06 sys=0.00, real=0.01 secs] 
2014-07-08T02:45:47.408+0000: 3588.034: [GC [PSYoungGen: 209526K->922K(205120K)] 717671K->509163K(892096K), 0.0076910 secs] [Times: user=0.04 sys=0.01, real=0.00 secs] 
2014-07-08T02:45:48.046+0000: 3588.672: [GC [PSYoungGen: 205082K->954K(245952K)] 713323K->509267K(932928K), 0.0144320 secs] [Times: user=0.10 sys=0.00, real=0.02 secs] 
2014-07-08T02:45:48.845+0000: 3589.471: [GC [PSYoungGen: 245899K->1082K(295104K)] 754212K->509475K(982080K), 0.0119470 secs] [Times: user=0.07 sys=0.00, real=0.01 secs] 
2014-07-08T02:45:49.820+0000: 3590.446: [GC [PSYoungGen: 295090K->690K(353536K)] 803484K->509277K(1040512K), 0.0064720 secs] [Times: user=0.02 sys=0.00, real=0.00 secs] 
2014-07-08T02:45:51.084+0000: 3591.710: [GC [PSYoungGen: 353521K->1316K(344000K)] 862108K->510174K(1030976K), 0.0064650 secs] [Times: user=0.03 sys=0.01, real=0.01 secs] 
2014-07-08T02:45:52.330+0000: 3592.956: [GC [PSYoungGen: 343972K->684K(333632K)] 852830K->510249K(1020608K), 0.0101290 secs] [Times: user=0.06 sys=0.00, real=0.01 secs] 
2014-07-08T02:45:53.575+0000: 3594.201: [GC [PSYoungGen: 333612K->1052K(324672K)] 843177K->510666K(1011648K), 0.0119750 secs] [Times: user=0.07 sys=0.01, real=0.01 secs] 
2014-07-08T02:45:54.826+0000: 3595.452: [GC [PSYoungGen: 324636K->1330K(315968K)] 834250K->511024K(1002944K), 0.0086160 secs] [Times: user=0.06 sys=0.00, real=0.01 secs] 
2014-07-08T02:45:56.238+0000: 3596.864: [GC [PSYoungGen: 315943K->736K(306752K)] 825637K->510470K(993728K), 0.0097570 secs] [Times: user=0.04 sys=0.01, real=0.01 secs] 
2014-07-08T02:45:57.134+0000: 3597.760: [GC [PSYoungGen: 306720K->1149K(298880K)] 816454K->511184K(985856K), 0.0106070 secs] [Times: user=0.07 sys=0.00, real=0.02 secs] 
2014-07-08T02:45:58.146+0000: 3598.771: [GC [PSYoungGen: 298877K->1076K(290880K)] 808912K->511184K(977856K), 0.0107000 secs] [Times: user=0.06 sys=0.00, real=0.01 secs] 
2014-07-08T02:45:59.179+0000: 3599.805: [GC [PSYoungGen: 290868K->1114K(283328K)] 800976K->511486K(970304K), 0.0053700 secs] [Times: user=0.03 sys=0.00, real=0.01 secs] 
2014-07-08T02:46:00.072+0000: 3600.698: [GC [PSYoungGen: 283290K->814K(275648K)] 793662K->511226K(962624K), 0.0064490 secs] [Times: user=0.02 sys=0.00, real=0.00 secs] 
2014-07-08T02:46:01.044+0000: 3601.670: [GC [PSYoungGen: 275580K->1185K(268992K)] 785992K->511637K(955968K), 0.0142360 secs] [Times: user=0.09 sys=0.00, real=0.01 secs] 
2014-07-08T02:46:01.880+0000: 3602.506: [GC [PSYoungGen: 268961K->1294K(322688K)] 779413K->511826K(1009664K), 0.0118360 secs] [Times: user=0.08 sys=0.00, real=0.01 secs] 
2014-07-08T02:46:03.034+0000: 3603.660: [GC [PSYoungGen: 322638K->700K(313152K)] 833170K->511899K(1000128K), 0.0087460 secs] [Times: user=0.06 sys=0.00, real=0.01 secs] 
2014-07-08T02:46:04.081+0000: 3604.707: [GC [PSYoungGen: 313148K->1662K(373952K)] 824347K->512910K(1060928K), 0.0122450 secs] [Times: user=0.08 sys=0.00, real=0.01 secs] 
2014-07-08T02:46:05.245+0000: 3605.871: [GC [PSYoungGen: 373950K->630K(376832K)] 885198K->512315K(1063808K), 0.0183330 secs] [Times: user=0.13 sys=0.00, real=0.02 secs] 
2014-07-08T02:46:06.483+0000: 3607.109: [GC [PSYoungGen: 375588K->908K(364864K)] 887273K->512665K(1051840K), 0.0050600 secs] [Times: user=0.03 sys=0.00, real=0.00 secs] 
2014-07-08T02:46:07.832+0000: 3608.458: [GC [PSYoungGen: 364812K->936K(354240K)] 876569K->512741K(1041216K), 0.0126060 secs] [Times: user=0.09 sys=0.00, real=0.01 secs] 
2014-07-08T02:46:09.050+0000: 3609.676: [GC [PSYoungGen: 354141K->1159K(344320K)] 865946K->513044K(1031296K), 0.0103930 secs] [Times: user=0.07 sys=0.00, real=0.01 secs] 
2014-07-08T02:46:10.194+0000: 3610.820: [GC [PSYoungGen: 344263K->1026K(334400K)] 856148K->512959K(1021376K), 0.0037980 secs] [Times: user=0.02 sys=0.00, real=0.00 secs] 
2014-07-08T02:46:11.300+0000: 3611.926: [GC [PSYoungGen: 334338K->950K(324928K)] 846271K->512939K(1011904K), 0.0096220 secs] [Times: user=0.06 sys=0.00, real=0.01 secs] 
2014-07-08T02:46:12.464+0000: 3613.090: [GC [PSYoungGen: 324918K->992K(316032K)] 836907K->513061K(1003008K), 0.0074280 secs] [Times: user=0.05 sys=0.00, real=0.00 secs] 
2014-07-08T02:46:13.466+0000: 3614.091: [GC [PSYoungGen: 316000K->872K(307264K)] 828069K->513021K(994240K), 0.0078430 secs] [Times: user=0.05 sys=0.01, real=0.01 secs] 
2014-07-08T02:46:14.559+0000: 3615.185: [GC [PSYoungGen: 307240K->850K(299008K)] 819389K->513087K(985984K), 0.0067850 secs] [Times: user=0.04 sys=0.01, real=0.01 secs] 
2014-07-08T02:46:15.555+0000: 3616.181: [GC [PSYoungGen: 298962K->1002K(291200K)] 811199K->513296K(978176K), 0.0045940 secs] [Times: user=0.02 sys=0.01, real=0.00 secs] 
2014-07-08T02:46:16.575+0000: 3617.201: [GC [PSYoungGen: 291154K->794K(283328K)] 803447K->513159K(970304K), 0.0072530 secs] [Times: user=0.05 sys=0.00, real=0.00 secs] 
2014-07-08T02:46:17.545+0000: 3618.171: [GC [PSYoungGen: 283251K->1075K(276224K)] 795616K->513528K(963200K), 0.0045930 secs] [Times: user=0.02 sys=0.00, real=0.00 secs] 
2014-07-08T02:46:18.477+0000: 3619.103: [GC [PSYoungGen: 276211K->828K(268928K)] 788664K->513345K(955904K), 0.0047060 secs] [Times: user=0.02 sys=0.00, real=0.00 secs] 
2014-07-08T02:46:19.355+0000: 3619.980: [GC [PSYoungGen: 268852K->947K(262272K)] 781369K->513528K(949248K), 0.0093610 secs] [Times: user=0.06 sys=0.00, real=0.01 secs] 
2014-07-08T02:46:20.256+0000: 3620.882: [GC [PSYoungGen: 262241K->580K(255424K)] 774823K->513217K(942400K), 0.0074050 secs] [Times: user=0.05 sys=0.00, real=0.01 secs] 
2014-07-08T02:46:21.186+0000: 3621.812: [GC [PSYoungGen: 255364K->1423K(249984K)] 768001K->514164K(936960K), 0.0040790 secs] [Times: user=0.02 sys=0.00, real=0.00 secs] 
2014-07-08T02:46:22.010+0000: 3622.636: [GC [PSYoungGen: 249909K->890K(243328K)] 762650K->513775K(930304K), 0.0068190 secs] [Times: user=0.04 sys=0.00, real=0.01 secs] 
2014-07-08T02:46:22.781+0000: 3623.407: [GC [PSYoungGen: 243315K->1320K(237952K)] 756200K->514269K(924928K), 0.0089620 secs] [Times: user=0.05 sys=0.00, real=0.01 secs] 
2014-07-08T02:46:23.540+0000: 3624.166: [GC [PSYoungGen: 237899K->662K(231680K)] 750848K->513709K(918656K), 0.0078560 secs] [Times: user=0.05 sys=0.00, real=0.01 secs] 
2014-07-08T02:46:24.361+0000: 3624.987: [GC [PSYoungGen: 231638K->1171K(226752K)] 744685K->514290K(913728K), 0.0087710 secs] [Times: user=0.07 sys=0.00, real=0.01 secs] 
2014-07-08T02:46:25.204+0000: 3625.830: [GC [PSYoungGen: 226660K->1028K(221376K)] 739779K->514235K(908352K), 0.0049000 secs] [Times: user=0.03 sys=0.00, real=0.01 secs] 
2014-07-08T02:46:26.007+0000: 3626.633: [GC [PSYoungGen: 221314K->1036K(216320K)] 734521K->514323K(903296K), 0.0099650 secs] [Times: user=0.06 sys=0.00, real=0.01 secs] 
2014-07-08T02:46:26.817+0000: 3627.442: [GC [PSYoungGen: 216233K->840K(211264K)] 729520K->514183K(898240K), 0.0060020 secs] [Times: user=0.03 sys=0.00, real=0.00 secs] 
2014-07-08T02:46:27.607+0000: 3628.233: [GC [PSYoungGen: 211208K->734K(206464K)] 724551K->514133K(893440K), 0.0073630 secs] [Times: user=0.05 sys=0.00, real=0.01 secs] 
2014-07-08T02:46:28.389+0000: 3629.015: [GC [PSYoungGen: 206430K->598K(201792K)] 719829K->514077K(888768K), 0.0061820 secs] [Times: user=0.03 sys=0.00, real=0.01 secs] 
2014-07-08T02:46:29.172+0000: 3629.797: [GC [PSYoungGen: 201732K->684K(197504K)] 715212K->514203K(884480K), 0.0112510 secs] [Times: user=0.07 sys=0.00, real=0.01 secs] 
2014-07-08T02:46:29.857+0000: 3630.483: [GC [PSYoungGen: 197455K->1293K(237504K)] 710975K->514876K(924480K), 0.0090300 secs] [Times: user=0.06 sys=0.00, real=0.01 secs] 
2014-07-08T02:46:30.750+0000: 3631.375: [GC [PSYoungGen: 237445K->862K(284288K)] 751028K->514517K(971264K), 0.0166930 secs] [Times: user=0.12 sys=0.00, real=0.02 secs] 
2014-07-08T02:46:31.826+0000: 3632.452: [GC [PSYoungGen: 284254K->862K(340992K)] 797909K->514573K(1027968K), 0.0063220 secs] [Times: user=0.03 sys=0.00, real=0.00 secs] 
2014-07-08T02:46:33.245+0000: 3633.871: [GC [PSYoungGen: 340958K->812K(331264K)] 854669K->514563K(1018240K), 0.0077320 secs] [Times: user=0.04 sys=0.00, real=0.00 secs] 
2014-07-08T02:46:34.481+0000: 3635.106: [GC [PSYoungGen: 331189K->851K(322048K)] 844940K->514650K(1009024K), 0.0064000 secs] [Times: user=0.05 sys=0.00, real=0.01 secs] 
2014-07-08T02:46:35.678+0000: 3636.304: [GC [PSYoungGen: 322003K->530K(312832K)] 835802K->514385K(999808K), 0.0063260 secs] [Times: user=0.05 sys=0.00, real=0.00 secs] 
Heap
 PSYoungGen      total 312832K, used 249948K [0x0000000755560000, 0x000000076b440000, 0x0000000800000000)
  eden space 312256K, 79% used [0x0000000755560000,0x00000007648f2a80,0x0000000768650000)
  from space 576K, 92% used [0x000000076b250000,0x000000076b2d4818,0x000000076b2e0000)
  to   space 1408K, 0% used [0x000000076b2e0000,0x000000076b2e0000,0x000000076b440000)
 ParOldGen       total 686976K, used 513855K [0x0000000600000000, 0x0000000629ee0000, 0x0000000755560000)
  object space 686976K, 74% used [0x0000000600000000,0x000000061f5cfdb0,0x0000000629ee0000)
 PSPermGen       total 21248K, used 11805K [0x00000005f5a00000, 0x00000005f6ec0000, 0x0000000600000000)
  object space 21248K, 55% used [0x00000005f5a00000,0x00000005f6587748,0x00000005f6ec0000)
