2014-07-28T16:54:22.990+0000: 27.204: [GC [PSYoungGen: 257728K->4796K(300608K)] 257728K->4804K(987584K), 0.0095630 secs] [Times: user=0.04 sys=0.00, real=0.01 secs] 
2014-07-28T16:54:26.614+0000: 30.828: [GC [PSYoungGen: 262524K->6686K(300608K)] 262532K->6702K(987584K), 0.0133210 secs] [Times: user=0.08 sys=0.02, real=0.02 secs] 
2014-07-28T16:54:28.301+0000: 32.515: [GC [PSYoungGen: 264414K->6006K(300608K)] 264430K->6022K(987584K), 0.0084680 secs] [Times: user=0.05 sys=0.00, real=0.01 secs] 
2014-07-28T16:54:29.785+0000: 33.998: [GC [PSYoungGen: 263734K->5714K(300608K)] 263750K->5738K(987584K), 0.0062790 secs] [Times: user=0.03 sys=0.01, real=0.00 secs] 
2014-07-28T16:54:31.598+0000: 35.812: [GC [PSYoungGen: 263442K->5696K(257088K)] 263466K->5728K(944064K), 0.0063020 secs] [Times: user=0.02 sys=0.00, real=0.00 secs] 
2014-07-28T16:54:33.353+0000: 37.566: [GC [PSYoungGen: 257024K->5664K(250880K)] 257056K->5704K(937856K), 0.0047960 secs] [Times: user=0.02 sys=0.00, real=0.01 secs] 
2014-07-28T16:54:34.953+0000: 39.166: [GC [PSYoungGen: 250848K->320K(239552K)] 250888K->5707K(926528K), 0.0081330 secs] [Times: user=0.04 sys=0.01, real=0.01 secs] 
2014-07-28T16:54:36.597+0000: 40.811: [GC [PSYoungGen: 239552K->224K(233792K)] 244939K->5635K(920768K), 0.0017780 secs] [Times: user=0.01 sys=0.00, real=0.00 secs] 
2014-07-28T16:54:38.202+0000: 42.416: [GC [PSYoungGen: 233760K->352K(228416K)] 239171K->5771K(915392K), 0.0026960 secs] [Times: user=0.01 sys=0.00, real=0.00 secs] 
2014-07-28T16:54:39.793+0000: 44.007: [GC [PSYoungGen: 228384K->224K(222976K)] 233803K->5643K(909952K), 0.0027680 secs] [Times: user=0.01 sys=0.00, real=0.01 secs] 
2014-07-28T16:54:41.344+0000: 45.557: [GC [PSYoungGen: 222944K->320K(217920K)] 228363K->5747K(904896K), 0.0037930 secs] [Times: user=0.02 sys=0.00, real=0.01 secs] 
2014-07-28T16:54:42.863+0000: 47.076: [GC [PSYoungGen: 217920K->288K(212992K)] 223347K->5763K(899968K), 0.0043780 secs] [Times: user=0.02 sys=0.00, real=0.01 secs] 
2014-07-28T16:54:44.348+0000: 48.561: [GC [PSYoungGen: 212960K->384K(208256K)] 218435K->5883K(895232K), 0.0022540 secs] [Times: user=0.01 sys=0.00, real=0.00 secs] 
2014-07-28T16:54:45.797+0000: 50.011: [GC [PSYoungGen: 208256K->384K(203648K)] 213755K->5963K(890624K), 0.0025350 secs] [Times: user=0.01 sys=0.00, real=0.00 secs] 
2014-07-28T16:54:47.221+0000: 51.435: [GC [PSYoungGen: 203648K->288K(199104K)] 209227K->5891K(886080K), 0.0027280 secs] [Times: user=0.01 sys=0.00, real=0.00 secs] 
2014-07-28T16:54:48.612+0000: 52.826: [GC [PSYoungGen: 199072K->466K(195008K)] 204675K->6125K(881984K), 0.0058560 secs] [Times: user=0.03 sys=0.01, real=0.01 secs] 
2014-07-28T16:54:49.977+0000: 54.191: [GC [PSYoungGen: 194962K->416K(190784K)] 200621K->6163K(877760K), 0.0039390 secs] [Times: user=0.02 sys=0.00, real=0.01 secs] 
2014-07-28T16:54:51.300+0000: 55.514: [GC [PSYoungGen: 190752K->352K(186688K)] 196499K->6115K(873664K), 0.0033350 secs] [Times: user=0.01 sys=0.01, real=0.00 secs] 
2014-07-28T16:54:52.609+0000: 56.823: [GC [PSYoungGen: 186656K->224K(182656K)] 192419K->6027K(869632K), 0.0032970 secs] [Times: user=0.02 sys=0.00, real=0.00 secs] 
2014-07-28T16:54:53.890+0000: 58.104: [GC [PSYoungGen: 182624K->434K(179072K)] 188427K->6309K(866048K), 0.0046030 secs] [Times: user=0.02 sys=0.00, real=0.00 secs] 
2014-07-28T16:54:55.142+0000: 59.355: [GC [PSYoungGen: 179058K->192K(175168K)] 184933K->6091K(862144K), 0.0026520 secs] [Times: user=0.01 sys=0.00, real=0.00 secs] 
2014-07-28T16:54:56.368+0000: 60.582: [GC [PSYoungGen: 175168K->416K(171904K)] 181067K->6387K(858880K), 0.0032230 secs] [Times: user=0.01 sys=0.01, real=0.01 secs] 
2014-07-28T16:54:57.568+0000: 61.782: [GC [PSYoungGen: 171872K->288K(168384K)] 177843K->6323K(855360K), 0.0051620 secs] [Times: user=0.03 sys=0.00, real=0.01 secs] 
2014-07-28T16:54:58.743+0000: 62.956: [GC [PSYoungGen: 168352K->480K(165312K)] 174387K->6619K(852288K), 0.0030580 secs] [Times: user=0.01 sys=0.00, real=0.00 secs] 
2014-07-28T16:54:59.896+0000: 64.109: [GC [PSYoungGen: 165280K->448K(162048K)] 171419K->6651K(849024K), 0.0023990 secs] [Times: user=0.01 sys=0.00, real=0.00 secs] 
2014-07-28T16:55:01.028+0000: 65.242: [GC [PSYoungGen: 162048K->448K(158976K)] 168251K->6723K(845952K), 0.0049840 secs] [Times: user=0.02 sys=0.00, real=0.01 secs] 
2014-07-28T16:55:02.139+0000: 66.353: [GC [PSYoungGen: 158976K->384K(155904K)] 165251K->6723K(842880K), 0.0042400 secs] [Times: user=0.02 sys=0.00, real=0.01 secs] 
2014-07-28T16:55:03.231+0000: 67.445: [GC [PSYoungGen: 155904K->416K(153088K)] 162243K->6843K(840064K), 0.0061130 secs] [Times: user=0.04 sys=0.00, real=0.00 secs] 
2014-07-28T16:55:04.300+0000: 68.514: [GC [PSYoungGen: 153054K->352K(150208K)] 159481K->6835K(837184K), 0.0026210 secs] [Times: user=0.01 sys=0.00, real=0.00 secs] 
2014-07-28T16:55:05.352+0000: 69.566: [GC [PSYoungGen: 150142K->370K(147456K)] 156626K->6909K(834432K), 0.0034320 secs] [Times: user=0.01 sys=0.00, real=0.00 secs] 
2014-07-28T16:55:06.388+0000: 70.601: [GC [PSYoungGen: 147410K->352K(144832K)] 153949K->6955K(831808K), 0.0030720 secs] [Times: user=0.02 sys=0.00, real=0.01 secs] 
2014-07-28T16:55:07.400+0000: 71.614: [GC [PSYoungGen: 144800K->352K(142272K)] 151403K->7019K(829248K), 0.0034670 secs] [Times: user=0.02 sys=0.00, real=0.01 secs] 
2014-07-28T16:55:08.397+0000: 72.611: [GC [PSYoungGen: 142240K->448K(139840K)] 148907K->7195K(826816K), 0.0042040 secs] [Times: user=0.03 sys=0.00, real=0.01 secs] 
2014-07-28T16:55:09.380+0000: 73.594: [GC [PSYoungGen: 139840K->256K(137216K)] 146587K->7051K(824192K), 0.0030980 secs] [Times: user=0.01 sys=0.00, real=0.00 secs] 
2014-07-28T16:55:10.336+0000: 74.550: [GC [PSYoungGen: 137216K->288K(137536K)] 144011K->7123K(824512K), 0.0045400 secs] [Times: user=0.03 sys=0.01, real=0.00 secs] 
2014-07-28T16:55:11.279+0000: 75.492: [GC [PSYoungGen: 134880K->274K(132608K)] 141715K->7149K(819584K), 0.0028870 secs] [Times: user=0.01 sys=0.01, real=0.01 secs] 
2014-07-28T16:55:12.206+0000: 76.419: [GC [PSYoungGen: 132562K->352K(130432K)] 139437K->7251K(817408K), 0.0075210 secs] [Times: user=0.03 sys=0.00, real=0.01 secs] 
2014-07-28T16:55:13.122+0000: 77.336: [GC [PSYoungGen: 130400K->352K(128256K)] 137299K->7299K(815232K), 0.0033680 secs] [Times: user=0.01 sys=0.01, real=0.00 secs] 
2014-07-28T16:55:14.019+0000: 78.233: [GC [PSYoungGen: 128224K->320K(126080K)] 135171K->7339K(813056K), 0.0038780 secs] [Times: user=0.02 sys=0.00, real=0.01 secs] 
2014-07-28T16:55:14.907+0000: 79.120: [GC [PSYoungGen: 126034K->288K(124032K)] 133053K->7355K(811008K), 0.0023940 secs] [Times: user=0.01 sys=0.00, real=0.00 secs] 
2014-07-28T16:55:15.775+0000: 79.989: [GC [PSYoungGen: 124000K->320K(122048K)] 131067K->7443K(809024K), 0.0028860 secs] [Times: user=0.02 sys=0.00, real=0.00 secs] 
2014-07-28T16:55:16.628+0000: 80.842: [GC [PSYoungGen: 122048K->192K(120000K)] 129171K->7355K(806976K), 0.0024040 secs] [Times: user=0.01 sys=0.00, real=0.00 secs] 
2014-07-28T16:55:17.463+0000: 81.677: [GC [PSYoungGen: 120000K->416K(119744K)] 127163K->7651K(806720K), 0.0025310 secs] [Times: user=0.02 sys=0.01, real=0.00 secs] 
2014-07-28T16:55:18.291+0000: 82.505: [GC [PSYoungGen: 118368K->448K(116608K)] 125603K->7795K(803584K), 0.0032250 secs] [Times: user=0.02 sys=0.00, real=0.01 secs] 
2014-07-28T16:55:19.157+0000: 83.371: [GC [PSYoungGen: 116608K->608K(115008K)] 123955K->8011K(801984K), 0.0034120 secs] [Times: user=0.01 sys=0.00, real=0.00 secs] 
2014-07-28T16:55:20.014+0000: 84.228: [GC [PSYoungGen: 114976K->480K(113152K)] 122379K->7939K(800128K), 0.0034830 secs] [Times: user=0.02 sys=0.00, real=0.00 secs] 
2014-07-28T16:55:20.854+0000: 85.068: [GC [PSYoungGen: 113120K->448K(111424K)] 120579K->7971K(798400K), 0.0033810 secs] [Times: user=0.02 sys=0.00, real=0.00 secs] 
2014-07-28T16:55:21.675+0000: 85.889: [GC [PSYoungGen: 111424K->256K(109568K)] 118947K->7795K(796544K), 0.0040230 secs] [Times: user=0.01 sys=0.00, real=0.00 secs] 
2014-07-28T16:55:22.427+0000: 86.640: [GC [PSYoungGen: 109568K->338K(108096K)] 117107K->7925K(795072K), 0.0060620 secs] [Times: user=0.03 sys=0.00, real=0.01 secs] 
2014-07-28T16:55:23.182+0000: 87.396: [GC [PSYoungGen: 108050K->224K(106432K)] 115637K->7867K(793408K), 0.0049300 secs] [Times: user=0.03 sys=0.00, real=0.01 secs] 
2014-07-28T16:55:23.926+0000: 88.140: [GC [PSYoungGen: 106400K->192K(104832K)] 114043K->7859K(791808K), 0.0042580 secs] [Times: user=0.03 sys=0.00, real=0.00 secs] 
2014-07-28T16:55:24.658+0000: 88.872: [GC [PSYoungGen: 104832K->320K(103488K)] 112499K->8051K(790464K), 0.0054930 secs] [Times: user=0.03 sys=0.01, real=0.01 secs] 
2014-07-28T16:55:25.380+0000: 89.594: [GC [PSYoungGen: 103488K->320K(102016K)] 111219K->8123K(788992K), 0.0047190 secs] [Times: user=0.02 sys=0.00, real=0.01 secs] 
2014-07-28T16:55:26.091+0000: 90.305: [GC [PSYoungGen: 102016K->256K(100544K)] 109819K->8123K(787520K), 0.0050060 secs] [Times: user=0.03 sys=0.00, real=0.01 secs] 
2014-07-28T16:55:26.796+0000: 91.010: [GC [PSYoungGen: 100544K->242K(99200K)] 108411K->8133K(786176K), 0.0049180 secs] [Times: user=0.02 sys=0.00, real=0.00 secs] 
2014-07-28T16:55:27.540+0000: 91.754: [GC [PSYoungGen: 99186K->448K(98048K)] 107077K->8387K(785024K), 0.0023390 secs] [Times: user=0.02 sys=0.00, real=0.00 secs] 
2014-07-28T16:55:28.262+0000: 92.475: [GC [PSYoungGen: 98045K->466K(96832K)] 105985K->8469K(783808K), 0.0035150 secs] [Times: user=0.02 sys=0.00, real=0.01 secs] 
2014-07-28T16:55:28.969+0000: 93.183: [GC [PSYoungGen: 96757K->256K(95296K)] 104760K->8275K(782272K), 0.0054370 secs] [Times: user=0.02 sys=0.00, real=0.01 secs] 
2014-07-28T16:55:29.677+0000: 93.891: [GC [PSYoungGen: 95296K->370K(94144K)] 103315K->8421K(781120K), 0.0070310 secs] [Times: user=0.04 sys=0.01, real=0.01 secs] 
2014-07-28T16:55:30.292+0000: 94.506: [GC [PSYoungGen: 94130K->256K(92800K)] 102181K->8371K(779776K), 0.0018570 secs] [Times: user=0.01 sys=0.00, real=0.01 secs] 
2014-07-28T16:55:30.939+0000: 95.152: [GC [PSYoungGen: 92800K->288K(91648K)] 100915K->8475K(778624K), 0.0044680 secs] [Times: user=0.03 sys=0.00, real=0.00 secs] 
2014-07-28T16:55:31.577+0000: 95.791: [GC [PSYoungGen: 91616K->370K(90560K)] 99803K->8613K(777536K), 0.0061560 secs] [Times: user=0.04 sys=0.01, real=0.00 secs] 
2014-07-28T16:55:32.207+0000: 96.421: [GC [PSYoungGen: 90546K->452K(89536K)] 98789K->8767K(776512K), 0.0058810 secs] [Times: user=0.03 sys=0.00, real=0.00 secs] 
2014-07-28T16:55:32.833+0000: 97.047: [GC [PSYoungGen: 89476K->416K(88384K)] 97791K->8811K(775360K), 0.0049100 secs] [Times: user=0.03 sys=0.00, real=0.01 secs] 
2014-07-28T16:55:33.449+0000: 97.662: [GC [PSYoungGen: 88352K->288K(87168K)] 96747K->8731K(774144K), 0.0043270 secs] [Times: user=0.03 sys=0.00, real=0.00 secs] 
2014-07-28T16:55:34.058+0000: 98.272: [GC [PSYoungGen: 87115K->288K(86080K)] 95558K->8779K(773056K), 0.0045110 secs] [Times: user=0.02 sys=0.00, real=0.00 secs] 
2014-07-28T16:55:34.663+0000: 98.877: [GC [PSYoungGen: 86048K->480K(85248K)] 94539K->9027K(772224K), 0.0073980 secs] [Times: user=0.04 sys=0.01, real=0.01 secs] 
2014-07-28T16:55:35.291+0000: 99.505: [GC [PSYoungGen: 85216K->256K(83968K)] 93763K->8827K(770944K), 0.0032640 secs] [Times: user=0.67 sys=0.71, real=1.53 secs] 
2014-07-28T16:55:37.224+0000: 101.438: [GC [PSYoungGen: 83968K->338K(83072K)] 92539K->8965K(770048K), 0.0029390 secs] [Times: user=0.02 sys=0.00, real=0.01 secs] 
2014-07-28T16:55:37.803+0000: 102.016: [GC [PSYoungGen: 83026K->480K(82240K)] 91653K->9187K(769216K), 0.0045210 secs] [Times: user=0.02 sys=0.01, real=0.01 secs] 
2014-07-28T16:55:38.374+0000: 102.588: [GC [PSYoungGen: 82200K->288K(81088K)] 90908K->9011K(768064K), 0.0080990 secs] [Times: user=0.05 sys=0.00, real=0.01 secs] 
2014-07-28T16:55:38.945+0000: 103.159: [GC [PSYoungGen: 81056K->498K(80320K)] 89779K->9317K(767296K), 0.0041200 secs] [Times: user=0.02 sys=0.00, real=0.01 secs] 
2014-07-28T16:55:39.501+0000: 103.714: [GC [PSYoungGen: 80306K->434K(79360K)] 89125K->9349K(766336K), 0.0035790 secs] [Times: user=0.01 sys=0.00, real=0.00 secs] 
2014-07-28T16:55:40.055+0000: 104.269: [GC [PSYoungGen: 79302K->256K(78272K)] 88217K->9195K(765248K), 0.0026580 secs] [Times: user=0.01 sys=0.00, real=0.01 secs] 
2014-07-28T16:55:40.601+0000: 104.815: [GC [PSYoungGen: 78272K->320K(77440K)] 87211K->9315K(764416K), 0.0043930 secs] [Times: user=0.02 sys=0.00, real=0.01 secs] 
2014-07-28T16:55:41.143+0000: 105.357: [GC [PSYoungGen: 77440K->448K(76736K)] 86435K->9467K(763712K), 0.0032640 secs] [Times: user=0.01 sys=0.01, real=0.01 secs] 
2014-07-28T16:55:41.678+0000: 105.892: [GC [PSYoungGen: 76736K->384K(75840K)] 85755K->9483K(762816K), 0.0037570 secs] [Times: user=0.02 sys=0.01, real=0.00 secs] 
2014-07-28T16:55:42.210+0000: 106.424: [GC [PSYoungGen: 75840K->288K(74944K)] 84939K->9419K(761920K), 0.0054630 secs] [Times: user=0.03 sys=0.00, real=0.01 secs] 
2014-07-28T16:55:42.732+0000: 106.946: [GC [PSYoungGen: 74912K->288K(74112K)] 84043K->9491K(761088K), 0.0027310 secs] [Times: user=0.01 sys=0.00, real=0.00 secs] 
2014-07-28T16:55:43.248+0000: 107.462: [GC [PSYoungGen: 74080K->384K(73408K)] 83283K->9627K(760384K), 0.0048220 secs] [Times: user=0.03 sys=0.00, real=0.00 secs] 
2014-07-28T16:55:43.761+0000: 107.975: [GC [PSYoungGen: 73408K->512K(72768K)] 82651K->9835K(759744K), 0.0045530 secs] [Times: user=0.02 sys=0.00, real=0.01 secs] 
2014-07-28T16:55:44.266+0000: 108.480: [GC [PSYoungGen: 72768K->416K(71936K)] 82091K->9803K(758912K), 0.0038280 secs] [Times: user=0.02 sys=0.00, real=0.00 secs] 
2014-07-28T16:55:44.769+0000: 108.982: [GC [PSYoungGen: 71904K->384K(71104K)] 81291K->9859K(758080K), 0.0032740 secs] [Times: user=0.02 sys=0.00, real=0.00 secs] 
2014-07-28T16:55:45.263+0000: 109.476: [GC [PSYoungGen: 71104K->448K(70464K)] 80579K->9979K(757440K), 0.0021130 secs] [Times: user=0.01 sys=0.00, real=0.00 secs] 
2014-07-28T16:55:45.755+0000: 109.969: [GC [PSYoungGen: 70464K->384K(69696K)] 79995K->9971K(756672K), 0.0055700 secs] [Times: user=0.03 sys=0.01, real=0.01 secs] 
2014-07-28T16:55:46.241+0000: 110.455: [GC [PSYoungGen: 69696K->384K(68992K)] 79283K->10011K(755968K), 0.0045240 secs] [Times: user=0.03 sys=0.00, real=0.00 secs] 
2014-07-28T16:55:46.721+0000: 110.935: [GC [PSYoungGen: 68992K->384K(68288K)] 78619K->10107K(755264K), 0.0050640 secs] [Times: user=0.03 sys=0.00, real=0.01 secs] 
2014-07-28T16:55:47.194+0000: 111.408: [GC [PSYoungGen: 68288K->256K(67456K)] 78011K->10011K(754432K), 0.0041770 secs] [Times: user=0.02 sys=0.00, real=0.01 secs] 
2014-07-28T16:55:47.667+0000: 111.881: [GC [PSYoungGen: 67456K->512K(67072K)] 77211K->10379K(754048K), 0.0041990 secs] [Times: user=0.03 sys=0.00, real=0.00 secs] 
2014-07-28T16:55:48.133+0000: 112.347: [GC [PSYoungGen: 67030K->416K(66368K)] 76898K->10331K(753344K), 0.0064340 secs] [Times: user=0.03 sys=0.00, real=0.01 secs] 
2014-07-28T16:55:48.595+0000: 112.809: [GC [PSYoungGen: 66319K->452K(65792K)] 76234K->10455K(752768K), 0.0037210 secs] [Times: user=0.02 sys=0.00, real=0.01 secs] 
2014-07-28T16:55:49.052+0000: 113.265: [GC [PSYoungGen: 65732K->256K(64896K)] 75735K->10299K(751872K), 0.0051440 secs] [Times: user=0.02 sys=0.00, real=0.00 secs] 
2014-07-28T16:55:49.503+0000: 113.717: [GC [PSYoungGen: 64896K->256K(64256K)] 74939K->10363K(751232K), 0.0039080 secs] [Times: user=0.02 sys=0.00, real=0.00 secs] 
2014-07-28T16:55:49.948+0000: 114.162: [GC [PSYoungGen: 64206K->448K(63872K)] 74314K->10603K(750848K), 0.0044450 secs] [Times: user=0.02 sys=0.00, real=0.00 secs] 
2014-07-28T16:55:50.393+0000: 114.606: [GC [PSYoungGen: 63872K->416K(63296K)] 74027K->10651K(750272K), 0.0040540 secs] [Times: user=0.01 sys=0.00, real=0.00 secs] 
2014-07-28T16:55:50.833+0000: 115.047: [GC [PSYoungGen: 63264K->416K(62720K)] 73499K->10667K(749696K), 0.0034410 secs] [Times: user=0.02 sys=0.00, real=0.01 secs] 
2014-07-28T16:55:51.270+0000: 115.484: [GC [PSYoungGen: 62688K->480K(62208K)] 72939K->10819K(749184K), 0.0039780 secs] [Times: user=0.02 sys=0.01, real=0.00 secs] 
2014-07-28T16:55:51.700+0000: 115.914: [GC [PSYoungGen: 62176K->256K(61376K)] 72515K->10651K(748352K), 0.0034340 secs] [Times: user=0.01 sys=0.00, real=0.00 secs] 
2014-07-28T16:55:52.128+0000: 116.342: [GC [PSYoungGen: 61376K->320K(60864K)] 71771K->10755K(747840K), 0.0038970 secs] [Times: user=0.03 sys=0.00, real=0.00 secs] 
2014-07-28T16:55:52.551+0000: 116.765: [GC [PSYoungGen: 60863K->288K(60352K)] 71299K->10795K(747328K), 0.0018330 secs] [Times: user=0.01 sys=0.00, real=0.00 secs] 
2014-07-28T16:55:52.970+0000: 117.184: [GC [PSYoungGen: 60320K->416K(59968K)] 70827K->10963K(746944K), 0.0019590 secs] [Times: user=0.00 sys=0.00, real=0.00 secs] 
2014-07-28T16:55:53.384+0000: 117.598: [GC [PSYoungGen: 59936K->352K(59392K)] 70483K->10963K(746368K), 0.0026810 secs] [Times: user=0.01 sys=0.01, real=0.01 secs] 
2014-07-28T16:55:53.797+0000: 118.011: [GC [PSYoungGen: 59360K->384K(58880K)] 69971K->11035K(745856K), 0.0037530 secs] [Times: user=0.02 sys=0.01, real=0.01 secs] 
2014-07-28T16:55:54.219+0000: 118.432: [GC [PSYoungGen: 58876K->384K(58368K)] 69528K->11059K(745344K), 0.0036210 secs] [Times: user=0.02 sys=0.00, real=0.00 secs] 
2014-07-28T16:55:54.613+0000: 118.827: [GC [PSYoungGen: 58333K->256K(57728K)] 69009K->10971K(744704K), 0.0038490 secs] [Times: user=0.02 sys=0.00, real=0.00 secs] 
2014-07-28T16:55:55.012+0000: 119.225: [GC [PSYoungGen: 57728K->352K(57344K)] 68443K->11067K(744320K), 0.0025060 secs] [Times: user=0.02 sys=0.00, real=0.00 secs] 
2014-07-28T16:55:55.411+0000: 119.625: [GC [PSYoungGen: 57312K->192K(56640K)] 68027K->10939K(743616K), 0.0041720 secs] [Times: user=0.02 sys=0.00, real=0.00 secs] 
2014-07-28T16:55:55.807+0000: 120.021: [GC [PSYoungGen: 56640K->448K(56448K)] 67387K->11235K(743424K), 0.0044790 secs] [Times: user=0.03 sys=0.00, real=0.01 secs] 
2014-07-28T16:55:56.208+0000: 120.422: [GC [PSYoungGen: 56436K->434K(56000K)] 67224K->11237K(742976K), 0.0034260 secs] [Times: user=0.01 sys=0.00, real=0.01 secs] 
2014-07-28T16:55:56.586+0000: 120.800: [GC [PSYoungGen: 55986K->320K(55424K)] 66789K->11211K(742400K), 0.0021870 secs] [Times: user=0.02 sys=0.00, real=0.01 secs] 
2014-07-28T16:55:56.968+0000: 121.182: [GC [PSYoungGen: 55424K->256K(54912K)] 66315K->11171K(741888K), 0.0044500 secs] [Times: user=0.03 sys=0.00, real=0.00 secs] 
2014-07-28T16:55:57.351+0000: 121.565: [GC [PSYoungGen: 54912K->416K(54656K)] 65827K->11443K(741632K), 0.0043230 secs] [Times: user=0.02 sys=0.01, real=0.00 secs] 
2014-07-28T16:55:57.726+0000: 121.940: [GC [PSYoungGen: 54614K->384K(54144K)] 65642K->11467K(741120K), 0.0038270 secs] [Times: user=0.02 sys=0.01, real=0.01 secs] 
2014-07-28T16:55:58.105+0000: 122.318: [GC [PSYoungGen: 54144K->320K(64832K)] 65227K->11427K(751808K), 0.0062930 secs] [Times: user=0.04 sys=0.00, real=0.01 secs] 
2014-07-28T16:55:58.557+0000: 122.771: [GC [PSYoungGen: 64832K->498K(77952K)] 75939K->11693K(764928K), 0.0039370 secs] [Times: user=0.02 sys=0.01, real=0.01 secs] 
2014-07-28T16:55:59.100+0000: 123.313: [GC [PSYoungGen: 77938K->384K(76992K)] 89133K->11603K(763968K), 0.0034340 secs] [Times: user=0.02 sys=0.00, real=0.00 secs] 
2014-07-28T16:55:59.635+0000: 123.849: [GC [PSYoungGen: 76992K->288K(76096K)] 88211K->11563K(763072K), 0.0021760 secs] [Times: user=0.01 sys=0.00, real=0.00 secs] 
2014-07-28T16:56:00.161+0000: 124.375: [GC [PSYoungGen: 76064K->384K(75328K)] 87339K->11699K(762304K), 0.0023360 secs] [Times: user=0.01 sys=0.00, real=0.00 secs] 
2014-07-28T16:56:00.686+0000: 124.899: [GC [PSYoungGen: 75287K->352K(74496K)] 86602K->11731K(761472K), 0.0055670 secs] [Times: user=0.03 sys=0.01, real=0.01 secs] 
2014-07-28T16:56:01.203+0000: 125.417: [GC [PSYoungGen: 74464K->352K(73728K)] 85843K->11779K(760704K), 0.0043040 secs] [Times: user=0.02 sys=0.00, real=0.00 secs] 
2014-07-28T16:56:01.714+0000: 125.927: [GC [PSYoungGen: 73696K->288K(72896K)] 85123K->11779K(759872K), 0.0047790 secs] [Times: user=0.02 sys=0.01, real=0.01 secs] 
2014-07-28T16:56:02.225+0000: 126.439: [GC [PSYoungGen: 72864K->320K(72128K)] 84355K->11859K(759104K), 0.0033360 secs] [Times: user=0.02 sys=0.00, real=0.01 secs] 
2014-07-28T16:56:02.761+0000: 126.975: [GC [PSYoungGen: 72128K->484K(71552K)] 83667K->12071K(758528K), 0.0044140 secs] [Times: user=0.02 sys=0.00, real=0.00 secs] 
2014-07-28T16:56:03.277+0000: 127.491: [GC [PSYoungGen: 71524K->242K(70592K)] 83111K->11957K(757568K), 0.0018850 secs] [Times: user=0.01 sys=0.00, real=0.01 secs] 
2014-07-28T16:56:03.794+0000: 128.008: [GC [PSYoungGen: 70578K->388K(70080K)] 82293K->12135K(757056K), 0.0039230 secs] [Times: user=0.01 sys=0.01, real=0.00 secs] 
2014-07-28T16:56:04.311+0000: 128.524: [GC [PSYoungGen: 70020K->416K(69376K)] 81767K->12319K(756352K), 0.0037440 secs] [Times: user=0.02 sys=0.01, real=0.00 secs] 
2014-07-28T16:56:04.814+0000: 129.028: [GC [PSYoungGen: 69332K->416K(68672K)] 81235K->12375K(755648K), 0.0027090 secs] [Times: user=0.01 sys=0.00, real=0.00 secs] 
2014-07-28T16:56:05.312+0000: 129.526: [GC [PSYoungGen: 68640K->320K(67840K)] 80599K->12311K(754816K), 0.0031770 secs] [Times: user=0.02 sys=0.00, real=0.00 secs] 
2014-07-28T16:56:05.770+0000: 129.984: [GC [PSYoungGen: 67840K->224K(67136K)] 79831K->12271K(754112K), 0.0040380 secs] [Times: user=0.02 sys=0.01, real=0.00 secs] 
2014-07-28T16:56:06.242+0000: 130.456: [GC [PSYoungGen: 67104K->498K(66752K)] 79151K->12593K(753728K), 0.0034670 secs] [Times: user=0.01 sys=0.00, real=0.00 secs] 
2014-07-28T16:56:06.706+0000: 130.920: [GC [PSYoungGen: 66738K->416K(66048K)] 78833K->12591K(753024K), 0.0038870 secs] [Times: user=0.02 sys=0.00, real=0.01 secs] 
2014-07-28T16:56:07.167+0000: 131.380: [GC [PSYoungGen: 65988K->256K(65216K)] 78163K->12537K(752192K), 0.0036660 secs] [Times: user=0.02 sys=0.00, real=0.01 secs] 
2014-07-28T16:56:07.625+0000: 131.839: [GC [PSYoungGen: 65216K->416K(64768K)] 77497K->12777K(751744K), 0.0042960 secs] [Times: user=0.03 sys=0.00, real=0.01 secs] 
2014-07-28T16:56:08.074+0000: 132.287: [GC [PSYoungGen: 64736K->384K(64064K)] 77097K->12753K(751040K), 0.0036840 secs] [Times: user=0.03 sys=0.00, real=0.00 secs] 
2014-07-28T16:56:08.522+0000: 132.736: [GC [PSYoungGen: 64025K->448K(63552K)] 76395K->12905K(750528K), 0.0050700 secs] [Times: user=0.02 sys=0.01, real=0.00 secs] 
2014-07-28T16:56:08.964+0000: 133.178: [GC [PSYoungGen: 63552K->384K(62912K)] 76009K->12881K(749888K), 0.0040700 secs] [Times: user=0.03 sys=0.00, real=0.00 secs] 
2014-07-28T16:56:09.400+0000: 133.614: [GC [PSYoungGen: 62912K->160K(75264K)] 75409K->12689K(762240K), 0.0085380 secs] [Times: user=0.05 sys=0.01, real=0.00 secs] 
2014-07-28T16:56:09.927+0000: 134.141: [GC [PSYoungGen: 75232K->288K(90432K)] 87761K->12857K(777408K), 0.0037900 secs] [Times: user=0.02 sys=0.00, real=0.01 secs] 
2014-07-28T16:56:10.564+0000: 134.778: [GC [PSYoungGen: 90400K->480K(89472K)] 102969K->13097K(776448K), 0.0044150 secs] [Times: user=0.01 sys=0.01, real=0.00 secs] 
2014-07-28T16:56:11.218+0000: 135.432: [GC [PSYoungGen: 89440K->352K(107136K)] 102057K->12985K(794112K), 0.0103920 secs] [Times: user=0.06 sys=0.00, real=0.01 secs] 
2014-07-28T16:56:11.996+0000: 136.210: [GC [PSYoungGen: 107104K->576K(105792K)] 119737K->13241K(792768K), 0.0049710 secs] [Times: user=0.49 sys=0.32, real=0.83 secs] 
2014-07-28T16:56:13.177+0000: 137.391: [GC [PSYoungGen: 105792K->256K(104000K)] 118457K->12969K(790976K), 0.0043730 secs] [Times: user=0.02 sys=0.01, real=0.01 secs] 
2014-07-28T16:56:13.904+0000: 138.118: [GC [PSYoungGen: 104000K->256K(102528K)] 116713K->13025K(789504K), 0.0030540 secs] [Times: user=0.02 sys=0.00, real=0.00 secs] 
2014-07-28T16:56:14.619+0000: 138.833: [GC [PSYoungGen: 102528K->448K(101312K)] 115297K->13305K(788288K), 0.0024400 secs] [Times: user=0.01 sys=0.01, real=0.01 secs] 
2014-07-28T16:56:15.324+0000: 139.538: [GC [PSYoungGen: 101312K->320K(99776K)] 114169K->13193K(786752K), 0.0037430 secs] [Times: user=0.02 sys=0.01, real=0.00 secs] 
2014-07-28T16:56:16.021+0000: 140.235: [GC [PSYoungGen: 99756K->256K(98368K)] 112630K->13161K(785344K), 0.0033170 secs] [Times: user=0.01 sys=0.00, real=0.01 secs] 
2014-07-28T16:56:16.706+0000: 140.919: [GC [PSYoungGen: 98368K->288K(97088K)] 111273K->13249K(784064K), 0.0024750 secs] [Times: user=0.02 sys=0.00, real=0.00 secs] 
2014-07-28T16:56:17.387+0000: 141.601: [GC [PSYoungGen: 97056K->224K(95744K)] 110017K->13217K(782720K), 0.0038110 secs] [Times: user=0.02 sys=0.00, real=0.00 secs] 
2014-07-28T16:56:18.068+0000: 142.282: [GC [PSYoungGen: 95712K->256K(94464K)] 108705K->13265K(781440K), 0.0059920 secs] [Times: user=0.02 sys=0.01, real=0.01 secs] 
2014-07-28T16:56:18.758+0000: 142.972: [GC [PSYoungGen: 94464K->224K(93248K)] 107473K->13241K(780224K), 0.0058840 secs] [Times: user=0.02 sys=0.00, real=0.01 secs] 
2014-07-28T16:56:19.426+0000: 143.640: [GC [PSYoungGen: 93195K->320K(92096K)] 106213K->13353K(779072K), 0.0032240 secs] [Times: user=0.01 sys=0.01, real=0.00 secs] 
2014-07-28T16:56:20.058+0000: 144.272: [GC [PSYoungGen: 92096K->402K(91072K)] 105129K->13515K(778048K), 0.0021110 secs] [Times: user=0.01 sys=0.00, real=0.00 secs] 
2014-07-28T16:56:20.689+0000: 144.902: [GC [PSYoungGen: 91026K->256K(89728K)] 104139K->13409K(776704K), 0.0020860 secs] [Times: user=0.01 sys=0.00, real=0.00 secs] 
2014-07-28T16:56:21.324+0000: 145.538: [GC [PSYoungGen: 89728K->256K(88576K)] 102881K->13457K(775552K), 0.0033330 secs] [Times: user=0.02 sys=0.01, real=0.00 secs] 
2014-07-28T16:56:21.937+0000: 146.151: [GC [PSYoungGen: 88576K->256K(87488K)] 101777K->13497K(774464K), 0.0035990 secs] [Times: user=0.02 sys=0.00, real=0.00 secs] 
2014-07-28T16:56:22.550+0000: 146.764: [GC [PSYoungGen: 87452K->256K(86400K)] 100694K->13561K(773376K), 0.0034380 secs] [Times: user=0.01 sys=0.00, real=0.01 secs] 
2014-07-28T16:56:23.152+0000: 147.365: [GC [PSYoungGen: 86400K->288K(85440K)] 99705K->13617K(772416K), 0.0030540 secs] [Times: user=0.01 sys=0.00, real=0.01 secs] 
2014-07-28T16:56:23.751+0000: 147.965: [GC [PSYoungGen: 85408K->384K(84480K)] 98737K->13785K(771456K), 0.0025270 secs] [Times: user=0.01 sys=0.01, real=0.01 secs] 
2014-07-28T16:56:24.340+0000: 148.553: [GC [PSYoungGen: 84480K->160K(83264K)] 97881K->13577K(770240K), 0.0040080 secs] [Times: user=0.02 sys=0.00, real=0.01 secs] 
2014-07-28T16:56:24.931+0000: 149.144: [GC [PSYoungGen: 83216K->512K(82624K)] 96634K->13993K(769600K), 0.0037670 secs] [Times: user=0.02 sys=0.00, real=0.01 secs] 
2014-07-28T16:56:25.531+0000: 149.745: [GC [PSYoungGen: 82624K->288K(81472K)] 96105K->13793K(768448K), 0.0049740 secs] [Times: user=0.02 sys=0.01, real=0.01 secs] 
2014-07-28T16:56:26.105+0000: 150.319: [GC [PSYoungGen: 81440K->352K(80576K)] 94945K->13889K(767552K), 0.0026700 secs] [Times: user=0.01 sys=0.00, real=0.00 secs] 
2014-07-28T16:56:26.688+0000: 150.902: [GC [PSYoungGen: 80544K->562K(79872K)] 94081K->14203K(766848K), 0.0034710 secs] [Times: user=0.05 sys=0.01, real=0.04 secs] 
2014-07-28T16:56:27.217+0000: 151.430: [GC [PSYoungGen: 79858K->256K(78656K)] 93499K->13929K(765632K), 0.0028320 secs] [Times: user=0.01 sys=0.00, real=0.00 secs] 
2014-07-28T16:56:27.762+0000: 151.976: [GC [PSYoungGen: 78653K->224K(77760K)] 92326K->13937K(764736K), 0.0040270 secs] [Times: user=0.02 sys=0.00, real=0.01 secs] 
2014-07-28T16:56:28.308+0000: 152.522: [GC [PSYoungGen: 77728K->224K(76928K)] 91441K->13961K(763904K), 0.0022150 secs] [Times: user=0.01 sys=0.01, real=0.00 secs] 
2014-07-28T16:56:28.841+0000: 153.055: [GC [PSYoungGen: 76896K->416K(76288K)] 90633K->14233K(763264K), 0.0022440 secs] [Times: user=0.01 sys=0.00, real=0.01 secs] 
2014-07-28T16:56:29.372+0000: 153.585: [GC [PSYoungGen: 76214K->288K(75328K)] 90032K->14169K(762304K), 0.0041660 secs] [Times: user=0.02 sys=0.01, real=0.01 secs] 
2014-07-28T16:56:29.894+0000: 154.108: [GC [PSYoungGen: 75296K->256K(74432K)] 89177K->14185K(761408K), 0.0043470 secs] [Times: user=0.02 sys=0.00, real=0.00 secs] 
2014-07-28T16:56:30.413+0000: 154.627: [GC [PSYoungGen: 74432K->288K(73728K)] 88361K->14257K(760704K), 0.0040350 secs] [Times: user=0.02 sys=0.00, real=0.00 secs] 
2014-07-28T16:56:30.930+0000: 155.144: [GC [PSYoungGen: 73696K->384K(73024K)] 87665K->14417K(760000K), 0.0022560 secs] [Times: user=0.01 sys=0.00, real=0.00 secs] 
2014-07-28T16:56:31.440+0000: 155.654: [GC [PSYoungGen: 73024K->256K(72128K)] 87057K->14329K(759104K), 0.0028770 secs] [Times: user=0.01 sys=0.00, real=0.01 secs] 
2014-07-28T16:56:31.954+0000: 156.168: [GC [PSYoungGen: 72128K->288K(71424K)] 86201K->14393K(758400K), 0.0028030 secs] [Times: user=0.01 sys=0.00, real=0.00 secs] 
2014-07-28T16:56:32.467+0000: 156.681: [GC [PSYoungGen: 71389K->224K(70592K)] 85494K->14337K(757568K), 0.0044870 secs] [Times: user=0.01 sys=0.01, real=0.00 secs] 
2014-07-28T16:56:32.960+0000: 157.174: [GC [PSYoungGen: 70560K->512K(70144K)] 84673K->14657K(757120K), 0.0028050 secs] [Times: user=0.01 sys=0.00, real=0.00 secs] 
2014-07-28T16:56:33.446+0000: 157.660: [GC [PSYoungGen: 70144K->402K(69376K)] 84289K->14595K(756352K), 0.0028170 secs] [Times: user=0.01 sys=0.00, real=0.00 secs] 
2014-07-28T16:56:33.928+0000: 158.142: [GC [PSYoungGen: 69330K->288K(68544K)] 83523K->14537K(755520K), 0.0040810 secs] [Times: user=0.02 sys=0.00, real=0.00 secs] 
2014-07-28T16:56:34.405+0000: 158.618: [GC [PSYoungGen: 68512K->320K(67840K)] 82761K->14633K(754816K), 0.0023320 secs] [Times: user=0.01 sys=0.00, real=0.00 secs] 
2014-07-28T16:56:34.877+0000: 159.091: [GC [PSYoungGen: 67840K->384K(67264K)] 82153K->14729K(754240K), 0.0037330 secs] [Times: user=0.01 sys=0.00, real=0.00 secs] 
2014-07-28T16:56:35.345+0000: 159.559: [GC [PSYoungGen: 67264K->352K(66624K)] 81609K->14753K(753600K), 0.0037080 secs] [Times: user=0.02 sys=0.00, real=0.00 secs] 
2014-07-28T16:56:35.813+0000: 160.027: [GC [PSYoungGen: 66592K->256K(65856K)] 80993K->14689K(752832K), 0.0026320 secs] [Times: user=0.01 sys=0.00, real=0.01 secs] 
2014-07-28T16:56:36.274+0000: 160.488: [GC [PSYoungGen: 65856K->384K(65344K)] 80289K->14857K(752320K), 0.0038330 secs] [Times: user=0.03 sys=0.00, real=0.00 secs] 
2014-07-28T16:56:36.729+0000: 160.943: [GC [PSYoungGen: 65344K->352K(64704K)] 79817K->14897K(751680K), 0.0034910 secs] [Times: user=0.02 sys=0.00, real=0.00 secs] 
2014-07-28T16:56:37.181+0000: 161.395: [GC [PSYoungGen: 64672K->416K(64128K)] 79217K->14993K(751104K), 0.0028790 secs] [Times: user=0.01 sys=0.00, real=0.01 secs] 
2014-07-28T16:56:37.628+0000: 161.841: [GC [PSYoungGen: 64096K->352K(63488K)] 78673K->15001K(750464K), 0.0035620 secs] [Times: user=0.02 sys=0.00, real=0.00 secs] 
2014-07-28T16:56:38.070+0000: 162.284: [GC [PSYoungGen: 63456K->352K(62912K)] 78105K->15025K(749888K), 0.0035230 secs] [Times: user=0.02 sys=0.00, real=0.01 secs] 
2014-07-28T16:56:38.511+0000: 162.725: [GC [PSYoungGen: 62880K->320K(62272K)] 77553K->15049K(749248K), 0.0038180 secs] [Times: user=0.02 sys=0.00, real=0.01 secs] 
2014-07-28T16:56:38.945+0000: 163.159: [GC [PSYoungGen: 62272K->384K(61760K)] 77001K->15137K(748736K), 0.0040290 secs] [Times: user=0.02 sys=0.00, real=0.00 secs] 
2014-07-28T16:56:39.373+0000: 163.587: [GC [PSYoungGen: 61760K->256K(61056K)] 76513K->15065K(748032K), 0.0048310 secs] [Times: user=0.03 sys=0.00, real=0.01 secs] 
2014-07-28T16:56:39.799+0000: 164.013: [GC [PSYoungGen: 61056K->370K(73344K)] 75865K->15211K(760320K), 0.0065110 secs] [Times: user=0.04 sys=0.01, real=0.01 secs] 
2014-07-28T16:56:40.309+0000: 164.523: [GC [PSYoungGen: 73330K->498K(88064K)] 88171K->15403K(775040K), 0.0050710 secs] [Times: user=0.03 sys=0.00, real=0.01 secs] 
2014-07-28T16:56:40.922+0000: 165.135: [GC [PSYoungGen: 88050K->192K(86656K)] 102955K->15241K(773632K), 0.0044890 secs] [Times: user=0.03 sys=0.00, real=0.01 secs] 
2014-07-28T16:56:41.525+0000: 165.739: [GC [PSYoungGen: 86656K->320K(85760K)] 101705K->15441K(772736K), 0.0035740 secs] [Times: user=0.02 sys=0.00, real=0.00 secs] 
2014-07-28T16:56:42.127+0000: 166.341: [GC [PSYoungGen: 85760K->352K(84800K)] 100881K->15489K(771776K), 0.0064130 secs] [Times: user=0.04 sys=0.00, real=0.00 secs] 
2014-07-28T16:56:42.718+0000: 166.932: [GC [PSYoungGen: 84768K->416K(83840K)] 99905K->15625K(770816K), 0.0028320 secs] [Times: user=0.02 sys=0.00, real=0.00 secs] 
2014-07-28T16:56:43.299+0000: 167.513: [GC [PSYoungGen: 83808K->256K(82688K)] 99017K->15617K(769664K), 0.0020500 secs] [Times: user=0.01 sys=0.00, real=0.00 secs] 
2014-07-28T16:56:43.878+0000: 168.092: [GC [PSYoungGen: 82688K->352K(81856K)] 98049K->15769K(768832K), 0.0042950 secs] [Times: user=0.02 sys=0.00, real=0.00 secs] 
2014-07-28T16:56:44.447+0000: 168.661: [GC [PSYoungGen: 81811K->288K(80832K)] 97228K->15769K(767808K), 0.0046000 secs] [Times: user=0.03 sys=0.00, real=0.00 secs] 
2014-07-28T16:56:45.012+0000: 169.226: [GC [PSYoungGen: 80800K->448K(80064K)] 96281K->15961K(767040K), 0.0035330 secs] [Times: user=0.02 sys=0.00, real=0.01 secs] 
2014-07-28T16:56:45.568+0000: 169.782: [GC [PSYoungGen: 80064K->320K(79040K)] 95577K->15953K(766016K), 0.0030010 secs] [Times: user=0.01 sys=0.00, real=0.00 secs] 
2014-07-28T16:56:46.120+0000: 170.333: [GC [PSYoungGen: 79040K->384K(78208K)] 94673K->16041K(765184K), 0.0024480 secs] [Times: user=0.01 sys=0.00, real=0.00 secs] 
2014-07-28T16:56:46.667+0000: 170.881: [GC [PSYoungGen: 78208K->484K(77440K)] 93865K->16221K(764416K), 0.0046680 secs] [Times: user=0.02 sys=0.00, real=0.00 secs] 
2014-07-28T16:56:47.205+0000: 171.419: [GC [PSYoungGen: 77403K->548K(76672K)] 93140K->16333K(763648K), 0.0052910 secs] [Times: user=0.03 sys=0.00, real=0.01 secs] 
2014-07-28T16:56:47.739+0000: 171.953: [GC [PSYoungGen: 76644K->128K(75392K)] 92429K->16041K(762368K), 0.0051880 secs] [Times: user=0.03 sys=0.00, real=0.00 secs] 
2014-07-28T16:56:48.263+0000: 172.477: [GC [PSYoungGen: 75392K->416K(74880K)] 91305K->16361K(761856K), 0.0044440 secs] [Times: user=0.02 sys=0.00, real=0.01 secs] 
2014-07-28T16:56:48.786+0000: 172.999: [GC [PSYoungGen: 74832K->416K(74048K)] 90777K->16457K(761024K), 0.0066340 secs] [Times: user=0.04 sys=0.00, real=0.01 secs] 
2014-07-28T16:56:49.302+0000: 173.516: [GC [PSYoungGen: 74016K->352K(73216K)] 90057K->16425K(760192K), 0.0039650 secs] [Times: user=0.03 sys=0.00, real=0.01 secs] 
2014-07-28T16:56:49.813+0000: 174.027: [GC [PSYoungGen: 73184K->480K(72576K)] 89257K->16657K(759552K), 0.0032240 secs] [Times: user=0.02 sys=0.00, real=0.01 secs] 
2014-07-28T16:56:50.319+0000: 174.533: [GC [PSYoungGen: 72544K->448K(71744K)] 88721K->16673K(758720K), 0.0020930 secs] [Times: user=0.01 sys=0.00, real=0.00 secs] 
2014-07-28T16:56:50.820+0000: 175.034: [GC [PSYoungGen: 71744K->320K(70848K)] 87969K->16609K(757824K), 0.0040600 secs] [Times: user=0.02 sys=0.00, real=0.00 secs] 
2014-07-28T16:56:51.315+0000: 175.528: [GC [PSYoungGen: 70812K->384K(70208K)] 87101K->16705K(757184K), 0.0050910 secs] [Times: user=0.03 sys=0.00, real=0.01 secs] 
2014-07-28T16:56:51.802+0000: 176.016: [GC [PSYoungGen: 70208K->448K(69568K)] 86529K->16857K(756544K), 0.0046790 secs] [Times: user=0.03 sys=0.00, real=0.01 secs] 
2014-07-28T16:56:52.288+0000: 176.501: [GC [PSYoungGen: 69568K->256K(68672K)] 85977K->16705K(755648K), 0.0050430 secs] [Times: user=0.02 sys=0.01, real=0.00 secs] 
2014-07-28T16:56:52.767+0000: 176.981: [GC [PSYoungGen: 68672K->320K(68032K)] 85121K->16841K(755008K), 0.0063250 secs] [Times: user=0.04 sys=0.00, real=0.00 secs] 
2014-07-28T16:56:53.242+0000: 177.456: [GC [PSYoungGen: 68032K->416K(67456K)] 84553K->16985K(754432K), 0.0043890 secs] [Times: user=0.02 sys=0.00, real=0.01 secs] 
2014-07-28T16:56:53.711+0000: 177.925: [GC [PSYoungGen: 67424K->448K(66816K)] 83993K->17121K(753792K), 0.0050800 secs] [Times: user=0.02 sys=0.00, real=0.01 secs] 
2014-07-28T16:56:54.176+0000: 178.390: [GC [PSYoungGen: 66816K->370K(66112K)] 83489K->17075K(753088K), 0.0042930 secs] [Times: user=0.02 sys=0.00, real=0.01 secs] 
2014-07-28T16:56:54.638+0000: 178.852: [GC [PSYoungGen: 66074K->480K(65600K)] 82779K->17289K(752576K), 0.0044230 secs] [Times: user=0.02 sys=0.00, real=0.00 secs] 
2014-07-28T16:56:55.093+0000: 179.307: [GC [PSYoungGen: 65568K->416K(64896K)] 82377K->17249K(751872K), 0.0040120 secs] [Times: user=0.02 sys=0.00, real=0.01 secs] 
2014-07-28T16:56:55.543+0000: 179.757: [GC [PSYoungGen: 64864K->384K(64192K)] 81697K->17305K(751168K), 0.0033090 secs] [Times: user=0.02 sys=0.00, real=0.00 secs] 
2014-07-28T16:56:55.991+0000: 180.205: [GC [PSYoungGen: 64192K->384K(63616K)] 81113K->17353K(750592K), 0.0048030 secs] [Times: user=0.03 sys=0.00, real=0.00 secs] 
2014-07-28T16:56:56.432+0000: 180.646: [GC [PSYoungGen: 63616K->352K(63040K)] 80585K->17401K(750016K), 0.0040510 secs] [Times: user=0.02 sys=0.00, real=0.00 secs] 
2014-07-28T16:56:56.873+0000: 181.087: [GC [PSYoungGen: 62987K->448K(62528K)] 80036K->17537K(749504K), 0.0031150 secs] [Times: user=0.02 sys=0.00, real=0.00 secs] 
2014-07-28T16:56:57.305+0000: 181.519: [GC [PSYoungGen: 62507K->384K(61888K)] 79597K->17553K(748864K), 0.0036130 secs] [Times: user=0.02 sys=0.00, real=0.01 secs] 
2014-07-28T16:56:57.731+0000: 181.945: [GC [PSYoungGen: 61888K->448K(61376K)] 79057K->17689K(748352K), 0.0051980 secs] [Times: user=0.03 sys=0.00, real=0.00 secs] 
2014-07-28T16:56:58.160+0000: 182.374: [GC [PSYoungGen: 61376K->384K(60736K)] 78617K->17665K(747712K), 0.0029970 secs] [Times: user=0.02 sys=0.00, real=0.00 secs] 
2014-07-28T16:56:58.580+0000: 182.794: [GC [PSYoungGen: 60736K->256K(60096K)] 78017K->17585K(747072K), 0.0039270 secs] [Times: user=0.02 sys=0.00, real=0.00 secs] 
2014-07-28T16:56:58.998+0000: 183.212: [GC [PSYoungGen: 60072K->480K(59840K)] 77402K->17833K(746816K), 0.0039610 secs] [Times: user=0.02 sys=0.01, real=0.00 secs] 
2014-07-28T16:56:59.413+0000: 183.627: [GC [PSYoungGen: 59807K->448K(59264K)] 77161K->17913K(746240K), 0.0045800 secs] [Times: user=0.02 sys=0.00, real=0.01 secs] 
2014-07-28T16:56:59.824+0000: 184.038: [GC [PSYoungGen: 59264K->256K(58560K)] 76729K->17801K(745536K), 0.0040010 secs] [Times: user=0.03 sys=0.00, real=0.01 secs] 
2014-07-28T16:57:00.233+0000: 184.446: [GC [PSYoungGen: 58560K->352K(58176K)] 76105K->17969K(745152K), 0.0037200 secs] [Times: user=0.02 sys=0.00, real=0.00 secs] 
2014-07-28T16:57:00.637+0000: 184.850: [GC [PSYoungGen: 58144K->416K(57728K)] 75761K->18129K(744704K), 0.0034360 secs] [Times: user=0.02 sys=0.00, real=0.01 secs] 
2014-07-28T16:57:01.036+0000: 185.250: [GC [PSYoungGen: 57696K->480K(57280K)] 75409K->18201K(744256K), 0.0025780 secs] [Times: user=0.01 sys=0.00, real=0.01 secs] 
2014-07-28T16:57:01.430+0000: 185.643: [GC [PSYoungGen: 57248K->256K(56512K)] 74969K->18025K(743488K), 0.0057160 secs] [Times: user=0.02 sys=0.01, real=0.00 secs] 
2014-07-28T16:57:01.826+0000: 186.040: [GC [PSYoungGen: 56512K->352K(67904K)] 74281K->18145K(754880K), 0.0055120 secs] [Times: user=0.03 sys=0.00, real=0.01 secs] 
2014-07-28T16:57:02.299+0000: 186.513: [GC [PSYoungGen: 67872K->256K(67136K)] 85665K->18073K(754112K), 0.0038720 secs] [Times: user=0.01 sys=0.00, real=0.00 secs] 
2014-07-28T16:57:02.767+0000: 186.981: [GC [PSYoungGen: 67136K->352K(66624K)] 84953K->18241K(753600K), 0.0048620 secs] [Times: user=0.03 sys=0.00, real=0.01 secs] 
2014-07-28T16:57:03.233+0000: 187.447: [GC [PSYoungGen: 66592K->352K(65984K)] 84481K->18289K(752960K), 0.0038350 secs] [Times: user=0.02 sys=0.01, real=0.00 secs] 
2014-07-28T16:57:03.689+0000: 187.902: [GC [PSYoungGen: 65952K->416K(65408K)] 83889K->18457K(752384K), 0.0041720 secs] [Times: user=0.02 sys=0.00, real=0.00 secs] 
2014-07-28T16:57:04.149+0000: 188.362: [GC [PSYoungGen: 65376K->352K(64704K)] 83417K->18441K(751680K), 0.0038290 secs] [Times: user=0.02 sys=0.00, real=0.00 secs] 
2014-07-28T16:57:04.596+0000: 188.809: [GC [PSYoungGen: 64640K->466K(64192K)] 82729K->18659K(751168K), 0.0036230 secs] [Times: user=0.02 sys=0.00, real=0.01 secs] 
2014-07-28T16:57:05.041+0000: 189.254: [GC [PSYoungGen: 64132K->306K(63424K)] 82326K->18563K(750400K), 0.0046180 secs] [Times: user=0.03 sys=0.00, real=0.00 secs] 
2014-07-28T16:57:05.484+0000: 189.698: [GC [PSYoungGen: 63377K->288K(62848K)] 81635K->18601K(749824K), 0.0045290 secs] [Times: user=0.02 sys=0.00, real=0.01 secs] 
2014-07-28T16:57:05.925+0000: 190.139: [GC [PSYoungGen: 62813K->224K(62208K)] 81127K->18585K(749184K), 0.0042840 secs] [Times: user=0.02 sys=0.00, real=0.01 secs] 
2014-07-28T16:57:06.356+0000: 190.570: [GC [PSYoungGen: 62176K->288K(61696K)] 80537K->18713K(748672K), 0.0040750 secs] [Times: user=0.02 sys=0.01, real=0.01 secs] 
2014-07-28T16:57:06.787+0000: 191.001: [GC [PSYoungGen: 61664K->480K(61312K)] 80089K->18961K(748288K), 0.0037810 secs] [Times: user=0.02 sys=0.00, real=0.01 secs] 
2014-07-28T16:57:07.211+0000: 191.425: [GC [PSYoungGen: 61280K->352K(60608K)] 79761K->18873K(747584K), 0.0039630 secs] [Times: user=0.02 sys=0.00, real=0.00 secs] 
2014-07-28T16:57:07.635+0000: 191.849: [GC [PSYoungGen: 60576K->256K(59968K)] 79097K->18833K(746944K), 0.0035370 secs] [Times: user=0.02 sys=0.00, real=0.01 secs] 
2014-07-28T16:57:08.054+0000: 192.268: [GC [PSYoungGen: 59966K->448K(59648K)] 78544K->19033K(746624K), 0.0035040 secs] [Times: user=0.02 sys=0.00, real=0.00 secs] 
2014-07-28T16:57:08.467+0000: 192.680: [GC [PSYoungGen: 59648K->466K(59200K)] 78233K->19147K(746176K), 0.0037800 secs] [Times: user=0.02 sys=0.00, real=0.01 secs] 
2014-07-28T16:57:08.876+0000: 193.090: [GC [PSYoungGen: 59154K->416K(58624K)] 77835K->19121K(745600K), 0.0041380 secs] [Times: user=0.02 sys=0.00, real=0.01 secs] 
2014-07-28T16:57:09.291+0000: 193.505: [GC [PSYoungGen: 58592K->384K(58048K)] 77297K->19169K(745024K), 0.0030180 secs] [Times: user=0.01 sys=0.00, real=0.00 secs] 
2014-07-28T16:57:09.693+0000: 193.907: [GC [PSYoungGen: 58048K->384K(57536K)] 76833K->19209K(744512K), 0.0039530 secs] [Times: user=0.02 sys=0.00, real=0.00 secs] 
2014-07-28T16:57:10.094+0000: 194.308: [GC [PSYoungGen: 57536K->448K(57088K)] 76361K->19329K(744064K), 0.0034110 secs] [Times: user=0.02 sys=0.01, real=0.00 secs] 
2014-07-28T16:57:10.487+0000: 194.700: [GC [PSYoungGen: 57088K->256K(68224K)] 75969K->19185K(755200K), 0.0067260 secs] [Times: user=0.04 sys=0.00, real=0.01 secs] 
2014-07-28T16:57:10.964+0000: 195.177: [GC [PSYoungGen: 68194K->416K(82048K)] 87123K->19377K(769024K), 0.0040150 secs] [Times: user=0.02 sys=0.01, real=0.00 secs] 
2014-07-28T16:57:11.534+0000: 195.748: [GC [PSYoungGen: 82016K->384K(81024K)] 100977K->19433K(768000K), 0.0029440 secs] [Times: user=0.02 sys=0.00, real=0.00 secs] 
2014-07-28T16:57:12.099+0000: 196.313: [GC [PSYoungGen: 81024K->384K(80064K)] 100073K->19441K(767040K), 0.0023560 secs] [Times: user=0.01 sys=0.00, real=0.00 secs] 
2014-07-28T16:57:12.655+0000: 196.869: [GC [PSYoungGen: 80064K->352K(79168K)] 99121K->19489K(766144K), 0.0042470 secs] [Times: user=0.03 sys=0.00, real=0.01 secs] 
2014-07-28T16:57:13.206+0000: 197.420: [GC [PSYoungGen: 79136K->448K(78336K)] 98273K->19601K(765312K), 0.0039740 secs] [Times: user=0.02 sys=0.00, real=0.01 secs] 
2014-07-28T16:57:13.751+0000: 197.965: [GC [PSYoungGen: 78336K->352K(77376K)] 97489K->19585K(764352K), 0.0049260 secs] [Times: user=0.03 sys=0.00, real=0.00 secs] 
2014-07-28T16:57:14.288+0000: 198.502: [GC [PSYoungGen: 77344K->384K(76544K)] 96577K->19673K(763520K), 0.0035560 secs] [Times: user=0.02 sys=0.00, real=0.01 secs] 
2014-07-28T16:57:14.820+0000: 199.033: [GC [PSYoungGen: 76544K->352K(75712K)] 95833K->19689K(762688K), 0.0048160 secs] [Times: user=0.03 sys=0.00, real=0.01 secs] 
2014-07-28T16:57:15.349+0000: 199.563: [GC [PSYoungGen: 75680K->352K(74880K)] 95017K->19713K(761856K), 0.0037770 secs] [Times: user=0.02 sys=0.01, real=0.01 secs] 
2014-07-28T16:57:15.872+0000: 200.086: [GC [PSYoungGen: 74848K->448K(74112K)] 94209K->19857K(761088K), 0.0058040 secs] [Times: user=0.03 sys=0.00, real=0.00 secs] 
2014-07-28T16:57:16.391+0000: 200.604: [GC [PSYoungGen: 74112K->306K(73216K)] 93521K->19771K(760192K), 0.0031740 secs] [Times: user=0.02 sys=0.00, real=0.00 secs] 
2014-07-28T16:57:16.906+0000: 201.120: [GC [PSYoungGen: 73202K->256K(72384K)] 92667K->19769K(759360K), 0.0024100 secs] [Times: user=0.01 sys=0.00, real=0.00 secs] 
2014-07-28T16:57:17.411+0000: 201.625: [GC [PSYoungGen: 72383K->480K(71872K)] 91897K->20081K(758848K), 0.0048680 secs] [Times: user=0.02 sys=0.00, real=0.00 secs] 
2014-07-28T16:57:17.913+0000: 202.127: [GC [PSYoungGen: 71840K->448K(71040K)] 91441K->20097K(758016K), 0.0046860 secs] [Times: user=0.02 sys=0.00, real=0.00 secs] 
2014-07-28T16:57:18.410+0000: 202.624: [GC [PSYoungGen: 71040K->256K(70144K)] 90689K->19945K(757120K), 0.0041510 secs] [Times: user=0.02 sys=0.01, real=0.01 secs] 
2014-07-28T16:57:18.897+0000: 203.110: [GC [PSYoungGen: 70144K->384K(69568K)] 89833K->20129K(756544K), 0.0041370 secs] [Times: user=0.03 sys=0.00, real=0.01 secs] 
2014-07-28T16:57:19.379+0000: 203.593: [GC [PSYoungGen: 69568K->416K(68928K)] 89313K->20233K(755904K), 0.0050920 secs] [Times: user=0.03 sys=0.01, real=0.01 secs] 
2014-07-28T16:57:19.861+0000: 204.075: [GC [PSYoungGen: 68896K->384K(68160K)] 88713K->20273K(755136K), 0.0021530 secs] [Times: user=0.02 sys=0.00, real=0.00 secs] 
2014-07-28T16:57:20.335+0000: 204.549: [GC [PSYoungGen: 68160K->374K(67456K)] 88049K->20343K(754432K), 0.0035380 secs] [Times: user=0.02 sys=0.01, real=0.00 secs] 
2014-07-28T16:57:20.805+0000: 205.019: [GC [PSYoungGen: 67446K->320K(66752K)] 87415K->20337K(753728K), 0.0054990 secs] [Times: user=0.03 sys=0.01, real=0.01 secs] 
2014-07-28T16:57:21.270+0000: 205.484: [GC [PSYoungGen: 66752K->416K(66240K)] 86769K->20449K(753216K), 0.0040760 secs] [Times: user=0.02 sys=0.00, real=0.01 secs] 
2014-07-28T16:57:21.727+0000: 205.940: [GC [PSYoungGen: 66208K->530K(65728K)] 86241K->20667K(752704K), 0.0034710 secs] [Times: user=0.02 sys=0.00, real=0.00 secs] 
2014-07-28T16:57:22.185+0000: 206.399: [GC [PSYoungGen: 65641K->192K(64704K)] 85779K->20401K(751680K), 0.0032850 secs] [Times: user=0.02 sys=0.00, real=0.00 secs] 
2014-07-28T16:57:22.634+0000: 206.848: [GC [PSYoungGen: 64704K->256K(64128K)] 84913K->20497K(751104K), 0.0051230 secs] [Times: user=0.02 sys=0.00, real=0.00 secs] 
2014-07-28T16:57:23.078+0000: 207.292: [GC [PSYoungGen: 64128K->320K(63616K)] 84369K->20601K(750592K), 0.0026690 secs] [Times: user=0.01 sys=0.00, real=0.01 secs] 
2014-07-28T16:57:23.524+0000: 207.737: [GC [PSYoungGen: 63616K->416K(63168K)] 83897K->20801K(750144K), 0.0042870 secs] [Times: user=0.02 sys=0.00, real=0.00 secs] 
2014-07-28T16:57:23.965+0000: 208.179: [GC [PSYoungGen: 63114K->448K(62592K)] 83500K->20881K(749568K), 0.0038470 secs] [Times: user=0.02 sys=0.00, real=0.00 secs] 
2014-07-28T16:57:24.397+0000: 208.611: [GC [PSYoungGen: 62546K->352K(61952K)] 82979K->20865K(748928K), 0.0045280 secs] [Times: user=0.02 sys=0.00, real=0.01 secs] 
2014-07-28T16:57:24.832+0000: 209.046: [GC [PSYoungGen: 61920K->416K(61440K)] 82433K->20985K(748416K), 0.0035390 secs] [Times: user=0.02 sys=0.00, real=0.00 secs] 
2014-07-28T16:57:25.260+0000: 209.474: [GC [PSYoungGen: 61408K->480K(60928K)] 81977K->21089K(747904K), 0.0031800 secs] [Times: user=0.01 sys=0.00, real=0.01 secs] 
2014-07-28T16:57:25.682+0000: 209.895: [GC [PSYoungGen: 60896K->256K(60160K)] 81505K->20961K(747136K), 0.0056850 secs] [Times: user=0.03 sys=0.00, real=0.00 secs] 
2014-07-28T16:57:26.101+0000: 210.315: [GC [PSYoungGen: 60136K->352K(59776K)] 80842K->21097K(746752K), 0.0033300 secs] [Times: user=0.02 sys=0.00, real=0.01 secs] 
2014-07-28T16:57:26.518+0000: 210.732: [GC [PSYoungGen: 59744K->434K(71744K)] 80489K->21243K(758720K), 0.0067950 secs] [Times: user=0.05 sys=0.01, real=0.01 secs] 
2014-07-28T16:57:27.014+0000: 211.228: [GC [PSYoungGen: 71730K->448K(70976K)] 92539K->21257K(757952K), 0.0034540 secs] [Times: user=0.02 sys=0.00, real=0.00 secs] 
2014-07-28T16:57:27.506+0000: 211.720: [GC [PSYoungGen: 70976K->320K(84992K)] 91785K->21217K(771968K), 0.0063430 secs] [Times: user=0.04 sys=0.00, real=0.01 secs] 
2014-07-28T16:57:28.100+0000: 212.314: [GC [PSYoungGen: 84992K->384K(84032K)] 105889K->21297K(771008K), 0.0048200 secs] [Times: user=0.03 sys=0.00, real=0.01 secs] 
2014-07-28T16:57:28.687+0000: 212.901: [GC [PSYoungGen: 84032K->416K(83072K)] 104945K->21417K(770048K), 0.0060550 secs] [Times: user=0.03 sys=0.01, real=0.01 secs] 
2014-07-28T16:57:29.267+0000: 213.481: [GC [PSYoungGen: 83040K->352K(82048K)] 104041K->21401K(769024K), 0.0021970 secs] [Times: user=0.01 sys=0.00, real=0.00 secs] 
2014-07-28T16:57:29.841+0000: 214.054: [GC [PSYoungGen: 82016K->320K(81024K)] 103065K->21449K(768000K), 0.0031920 secs] [Times: user=0.02 sys=0.00, real=0.01 secs] 
2014-07-28T16:57:30.406+0000: 214.619: [GC [PSYoungGen: 81024K->352K(80128K)] 102153K->21505K(767104K), 0.0040550 secs] [Times: user=0.02 sys=0.00, real=0.00 secs] 
2014-07-28T16:57:30.964+0000: 215.178: [GC [PSYoungGen: 80096K->466K(79360K)] 101249K->21699K(766336K), 0.0057240 secs] [Times: user=0.03 sys=0.00, real=0.00 secs] 
2014-07-28T16:57:31.518+0000: 215.732: [GC [PSYoungGen: 79314K->448K(78400K)] 100547K->21793K(765376K), 0.0044170 secs] [Times: user=0.02 sys=0.00, real=0.01 secs] 
2014-07-28T16:57:32.063+0000: 216.276: [GC [PSYoungGen: 78400K->256K(77312K)] 99745K->21689K(764288K), 0.0039970 secs] [Times: user=0.02 sys=0.00, real=0.00 secs] 
2014-07-28T16:57:32.602+0000: 216.816: [GC [PSYoungGen: 77312K->416K(76672K)] 98745K->21937K(763648K), 0.0034170 secs] [Times: user=0.02 sys=0.01, real=0.00 secs] 
2014-07-28T16:57:33.133+0000: 217.347: [GC [PSYoungGen: 76640K->320K(75712K)] 98161K->21849K(762688K), 0.0045430 secs] [Times: user=0.02 sys=0.01, real=0.00 secs] 
2014-07-28T16:57:33.663+0000: 217.877: [GC [PSYoungGen: 75712K->352K(74944K)] 97241K->21961K(761920K), 0.0036150 secs] [Times: user=0.02 sys=0.00, real=0.00 secs] 
2014-07-28T16:57:34.186+0000: 218.400: [GC [PSYoungGen: 74880K->498K(74240K)] 96490K->22163K(761216K), 0.0060200 secs] [Times: user=0.04 sys=0.00, real=0.00 secs] 
2014-07-28T16:57:34.701+0000: 218.914: [GC [PSYoungGen: 74226K->288K(73280K)] 95891K->22009K(760256K), 0.0041390 secs] [Times: user=0.02 sys=0.00, real=0.01 secs] 
2014-07-28T16:57:35.208+0000: 219.421: [GC [PSYoungGen: 73248K->384K(72576K)] 94969K->22145K(759552K), 0.0033140 secs] [Times: user=0.01 sys=0.00, real=0.00 secs] 
2014-07-28T16:57:35.713+0000: 219.927: [GC [PSYoungGen: 72576K->416K(71872K)] 94337K->22273K(758848K), 0.0029950 secs] [Times: user=0.01 sys=0.00, real=0.00 secs] 
2014-07-28T16:57:36.219+0000: 220.432: [GC [PSYoungGen: 71839K->288K(70976K)] 93697K->22177K(757952K), 0.0033890 secs] [Times: user=0.02 sys=0.00, real=0.00 secs] 
2014-07-28T16:57:36.714+0000: 220.928: [GC [PSYoungGen: 70944K->352K(70336K)] 92833K->22313K(757312K), 0.0045580 secs] [Times: user=0.02 sys=0.00, real=0.00 secs] 
2014-07-28T16:57:37.205+0000: 221.418: [GC [PSYoungGen: 70259K->448K(69696K)] 92221K->22457K(756672K), 0.0032750 secs] [Times: user=0.02 sys=0.00, real=0.00 secs] 
2014-07-28T16:57:37.687+0000: 221.901: [GC [PSYoungGen: 69669K->352K(68928K)] 91679K->22449K(755904K), 0.0031930 secs] [Times: user=0.02 sys=0.00, real=0.00 secs] 
2014-07-28T16:57:38.168+0000: 222.381: [GC [PSYoungGen: 68896K->384K(68224K)] 90993K->22529K(755200K), 0.0036830 secs] [Times: user=0.02 sys=0.00, real=0.00 secs] 
2014-07-28T16:57:38.641+0000: 222.855: [GC [PSYoungGen: 68224K->384K(67520K)] 90369K->22625K(754496K), 0.0048970 secs] [Times: user=0.03 sys=0.00, real=0.01 secs] 
2014-07-28T16:57:39.114+0000: 223.327: [GC [PSYoungGen: 67520K->288K(66816K)] 89761K->22537K(753792K), 0.0048790 secs] [Times: user=0.02 sys=0.00, real=0.00 secs] 
2014-07-28T16:57:39.578+0000: 223.791: [GC [PSYoungGen: 66784K->384K(66240K)] 89033K->22721K(753216K), 0.0035430 secs] [Times: user=0.01 sys=0.01, real=0.00 secs] 
2014-07-28T16:57:40.039+0000: 224.253: [GC [PSYoungGen: 66230K->416K(65664K)] 88567K->22753K(752640K), 0.0037290 secs] [Times: user=0.02 sys=0.00, real=0.01 secs] 
2014-07-28T16:57:40.500+0000: 224.713: [GC [PSYoungGen: 65632K->352K(64960K)] 87969K->22769K(751936K), 0.0045740 secs] [Times: user=0.03 sys=0.00, real=0.01 secs] 
2014-07-28T16:57:40.952+0000: 225.166: [GC [PSYoungGen: 64928K->384K(64320K)] 87345K->22865K(751296K), 0.0062140 secs] [Times: user=0.04 sys=0.00, real=0.01 secs] 
2014-07-28T16:57:41.399+0000: 225.613: [GC [PSYoungGen: 64320K->480K(63872K)] 86801K->23049K(750848K), 0.0040090 secs] [Times: user=0.02 sys=0.00, real=0.00 secs] 
2014-07-28T16:57:41.842+0000: 226.056: [GC [PSYoungGen: 63840K->320K(63104K)] 86409K->22953K(750080K), 0.0043340 secs] [Times: user=0.02 sys=0.00, real=0.01 secs] 
2014-07-28T16:57:42.281+0000: 226.495: [GC [PSYoungGen: 63104K->448K(62656K)] 85737K->23113K(749632K), 0.0038520 secs] [Times: user=0.02 sys=0.00, real=0.01 secs] 
2014-07-28T16:57:42.720+0000: 226.933: [GC [PSYoungGen: 62656K->352K(62016K)] 85321K->23105K(748992K), 0.0051380 secs] [Times: user=0.03 sys=0.00, real=0.01 secs] 
2014-07-28T16:57:43.152+0000: 227.365: [GC [PSYoungGen: 61973K->224K(61312K)] 84727K->23009K(748288K), 0.0044260 secs] [Times: user=0.02 sys=0.01, real=0.01 secs] 
2014-07-28T16:57:43.582+0000: 227.796: [GC [PSYoungGen: 61280K->512K(60992K)] 84065K->23409K(747968K), 0.0032950 secs] [Times: user=0.02 sys=0.00, real=0.01 secs] 
2014-07-28T16:57:44.000+0000: 228.214: [GC [PSYoungGen: 60992K->352K(60352K)] 83889K->23257K(747328K), 0.0046170 secs] [Times: user=0.03 sys=0.00, real=0.01 secs] 
2014-07-28T16:57:44.421+0000: 228.635: [GC [PSYoungGen: 60320K->352K(59840K)] 83225K->23345K(746816K), 0.0039420 secs] [Times: user=0.02 sys=0.00, real=0.01 secs] 
2014-07-28T16:57:44.835+0000: 229.049: [GC [PSYoungGen: 59808K->288K(71680K)] 82801K->23321K(758656K), 0.0051300 secs] [Times: user=0.03 sys=0.00, real=0.00 secs] 
2014-07-28T16:57:45.332+0000: 229.545: [GC [PSYoungGen: 71648K->416K(71040K)] 94681K->23457K(758016K), 0.0043830 secs] [Times: user=0.02 sys=0.00, real=0.01 secs] 
2014-07-28T16:57:45.826+0000: 230.040: [GC [PSYoungGen: 70967K->352K(70272K)] 94009K->23465K(757248K), 0.0036310 secs] [Times: user=0.01 sys=0.01, real=0.00 secs] 
2014-07-28T16:57:46.317+0000: 230.531: [GC [PSYoungGen: 70214K->370K(69568K)] 93327K->23579K(756544K), 0.0029270 secs] [Times: user=0.02 sys=0.00, real=0.00 secs] 
2014-07-28T16:57:46.804+0000: 231.018: [GC [PSYoungGen: 69554K->288K(68800K)] 92763K->23545K(755776K), 0.0074250 secs] [Times: user=0.04 sys=0.00, real=0.01 secs] 
2014-07-28T16:57:47.281+0000: 231.495: [GC [PSYoungGen: 68768K->448K(68224K)] 92025K->23777K(755200K), 0.0035540 secs] [Times: user=0.01 sys=0.00, real=0.01 secs] 
2014-07-28T16:57:47.758+0000: 231.972: [GC [PSYoungGen: 68224K->352K(67456K)] 91553K->23769K(754432K), 0.0053270 secs] [Times: user=0.04 sys=0.00, real=0.00 secs] 
2014-07-28T16:57:48.225+0000: 232.439: [GC [PSYoungGen: 67378K->384K(80896K)] 90796K->23889K(767872K), 0.0056810 secs] [Times: user=0.04 sys=0.01, real=0.00 secs] 
2014-07-28T16:57:48.795+0000: 233.008: [GC [PSYoungGen: 80896K->288K(96960K)] 104401K->23857K(783936K), 0.0056480 secs] [Times: user=0.03 sys=0.00, real=0.01 secs] 
2014-07-28T16:57:49.472+0000: 233.685: [GC [PSYoungGen: 96928K->288K(95680K)] 120497K->23881K(782656K), 0.0048720 secs] [Times: user=0.03 sys=0.00, real=0.01 secs] 
2014-07-28T16:57:50.141+0000: 234.355: [GC [PSYoungGen: 95648K->288K(94400K)] 119241K->23945K(781376K), 0.0036160 secs] [Times: user=0.02 sys=0.00, real=0.01 secs] 
2014-07-28T16:57:50.802+0000: 235.016: [GC [PSYoungGen: 94368K->384K(93248K)] 118025K->24129K(780224K), 0.0041470 secs] [Times: user=0.02 sys=0.00, real=0.01 secs] 
2014-07-28T16:57:51.455+0000: 235.668: [GC [PSYoungGen: 93248K->416K(92096K)] 116993K->24177K(779072K), 0.0042120 secs] [Times: user=0.02 sys=0.01, real=0.01 secs] 
2014-07-28T16:57:52.096+0000: 236.310: [GC [PSYoungGen: 92064K->370K(90880K)] 115825K->24211K(777856K), 0.0054840 secs] [Times: user=0.03 sys=0.00, real=0.00 secs] 
2014-07-28T16:57:52.729+0000: 236.942: [GC [PSYoungGen: 90866K->416K(89792K)] 114707K->24337K(776768K), 0.0066470 secs] [Times: user=0.04 sys=0.00, real=0.01 secs] 
2014-07-28T16:57:53.356+0000: 237.570: [GC [PSYoungGen: 89760K->256K(88512K)] 113681K->24193K(775488K), 0.0049340 secs] [Times: user=0.03 sys=0.00, real=0.00 secs] 
2014-07-28T16:57:53.977+0000: 238.191: [GC [PSYoungGen: 88512K->416K(87616K)] 112449K->24433K(774592K), 0.0040520 secs] [Times: user=0.02 sys=0.00, real=0.00 secs] 
2014-07-28T16:57:54.592+0000: 238.806: [GC [PSYoungGen: 87584K->288K(86400K)] 111601K->24369K(773376K), 0.0052560 secs] [Times: user=0.03 sys=0.00, real=0.01 secs] 
2014-07-28T16:57:55.194+0000: 239.408: [GC [PSYoungGen: 86368K->352K(85440K)] 110449K->24449K(772416K), 0.0045140 secs] [Times: user=0.02 sys=0.00, real=0.01 secs] 
2014-07-28T16:57:55.791+0000: 240.005: [GC [PSYoungGen: 85408K->224K(84288K)] 109505K->24377K(771264K), 0.0037290 secs] [Times: user=0.02 sys=0.00, real=0.00 secs] 
2014-07-28T16:57:56.376+0000: 240.589: [GC [PSYoungGen: 84256K->480K(83520K)] 108409K->24665K(770496K), 0.0059810 secs] [Times: user=0.04 sys=0.00, real=0.01 secs] 
2014-07-28T16:57:56.960+0000: 241.174: [GC [PSYoungGen: 83488K->320K(82368K)] 107673K->24585K(769344K), 0.0043760 secs] [Times: user=0.02 sys=0.00, real=0.00 secs] 
2014-07-28T16:57:57.532+0000: 241.746: [GC [PSYoungGen: 82368K->352K(81472K)] 106633K->24705K(768448K), 0.0050680 secs] [Times: user=0.03 sys=0.00, real=0.01 secs] 
2014-07-28T16:57:58.097+0000: 242.310: [GC [PSYoungGen: 81440K->320K(80448K)] 105793K->24697K(767424K), 0.0033120 secs] [Times: user=0.02 sys=0.00, real=0.00 secs] 
2014-07-28T16:57:58.660+0000: 242.873: [GC [PSYoungGen: 80448K->256K(79488K)] 104825K->24673K(766464K), 0.0055650 secs] [Times: user=0.02 sys=0.00, real=0.00 secs] 
2014-07-28T16:57:59.217+0000: 243.431: [GC [PSYoungGen: 79488K->352K(78720K)] 103905K->24801K(765696K), 0.0045550 secs] [Times: user=0.03 sys=0.00, real=0.00 secs] 
2014-07-28T16:57:59.764+0000: 243.978: [GC [PSYoungGen: 78688K->320K(77760K)] 103137K->24849K(764736K), 0.0038490 secs] [Times: user=0.02 sys=0.00, real=0.01 secs] 
2014-07-28T16:58:00.310+0000: 244.524: [GC [PSYoungGen: 77760K->384K(76992K)] 102289K->24961K(763968K), 0.0032030 secs] [Times: user=0.02 sys=0.01, real=0.00 secs] 
2014-07-28T16:58:00.845+0000: 245.058: [GC [PSYoungGen: 76992K->416K(76224K)] 101569K->25089K(763200K), 0.0041200 secs] [Times: user=0.03 sys=0.00, real=0.01 secs] 
2014-07-28T16:58:01.373+0000: 245.586: [GC [PSYoungGen: 76192K->384K(75328K)] 100865K->25137K(762304K), 0.0042140 secs] [Times: user=0.03 sys=0.00, real=0.01 secs] 
2014-07-28T16:58:01.897+0000: 246.111: [GC [PSYoungGen: 75328K->416K(74560K)] 100081K->25217K(761536K), 0.0029600 secs] [Times: user=0.01 sys=0.01, real=0.00 secs] 
2014-07-28T16:58:02.415+0000: 246.629: [GC [PSYoungGen: 74528K->224K(73600K)] 99329K->25073K(760576K), 0.0026340 secs] [Times: user=0.02 sys=0.00, real=0.01 secs] 
2014-07-28T16:58:02.929+0000: 247.142: [GC [PSYoungGen: 73568K->352K(72960K)] 98417K->25281K(759936K), 0.0027370 secs] [Times: user=0.02 sys=0.00, real=0.00 secs] 
2014-07-28T16:58:03.438+0000: 247.651: [GC [PSYoungGen: 72928K->352K(72192K)] 97857K->25353K(759168K), 0.0033230 secs] [Times: user=0.01 sys=0.01, real=0.00 secs] 
2014-07-28T16:58:03.944+0000: 248.158: [GC [PSYoungGen: 72160K->288K(71360K)] 97161K->25337K(758336K), 0.0028930 secs] [Times: user=0.02 sys=0.00, real=0.00 secs] 
2014-07-28T16:58:04.440+0000: 248.654: [GC [PSYoungGen: 71299K->224K(70592K)] 96349K->25289K(757568K), 0.0029470 secs] [Times: user=0.01 sys=0.00, real=0.00 secs] 
2014-07-28T16:58:04.928+0000: 249.142: [GC [PSYoungGen: 70547K->352K(70016K)] 95613K->25449K(756992K), 0.0025000 secs] [Times: user=0.02 sys=0.00, real=0.00 secs] 
2014-07-28T16:58:05.416+0000: 249.630: [GC [PSYoungGen: 69984K->384K(69312K)] 95081K->25569K(756288K), 0.0024370 secs] [Times: user=0.02 sys=0.00, real=0.01 secs] 
2014-07-28T16:58:05.897+0000: 250.111: [GC [PSYoungGen: 69312K->192K(68416K)] 94497K->25409K(755392K), 0.0027760 secs] [Times: user=0.01 sys=0.00, real=0.01 secs] 
2014-07-28T16:58:06.373+0000: 250.587: [GC [PSYoungGen: 68416K->384K(67904K)] 93633K->25657K(754880K), 0.0048920 secs] [Times: user=0.02 sys=0.00, real=0.01 secs] 
2014-07-28T16:58:06.847+0000: 251.061: [GC [PSYoungGen: 67904K->352K(67264K)] 93177K->25665K(754240K), 0.0048090 secs] [Times: user=0.03 sys=0.00, real=0.00 secs] 
2014-07-28T16:58:07.315+0000: 251.529: [GC [PSYoungGen: 67232K->420K(66688K)] 92545K->25805K(753664K), 0.0035910 secs] [Times: user=0.02 sys=0.00, real=0.01 secs] 
2014-07-28T16:58:07.780+0000: 251.994: [GC [PSYoungGen: 66650K->448K(66048K)] 92036K->25937K(753024K), 0.0043740 secs] [Times: user=0.03 sys=0.00, real=0.00 secs] 
2014-07-28T16:58:08.237+0000: 252.451: [GC [PSYoungGen: 66048K->256K(65216K)] 91537K->25777K(752192K), 0.0053590 secs] [Times: user=0.03 sys=0.00, real=0.01 secs] 
2014-07-28T16:58:08.689+0000: 252.903: [GC [PSYoungGen: 65216K->384K(64704K)] 90737K->26001K(751680K), 0.0035390 secs] [Times: user=0.02 sys=0.01, real=0.00 secs] 
2014-07-28T16:58:09.138+0000: 253.352: [GC [PSYoungGen: 64704K->384K(64064K)] 90321K->26033K(751040K), 0.0042370 secs] [Times: user=0.02 sys=0.00, real=0.00 secs] 
2014-07-28T16:58:09.587+0000: 253.800: [GC [PSYoungGen: 64036K->288K(63424K)] 89685K->26009K(750400K), 0.0056650 secs] [Times: user=0.03 sys=0.00, real=0.01 secs] 
2014-07-28T16:58:10.025+0000: 254.239: [GC [PSYoungGen: 63392K->416K(62976K)] 89113K->26137K(749952K), 0.0041260 secs] [Times: user=0.02 sys=0.00, real=0.01 secs] 
2014-07-28T16:58:10.463+0000: 254.676: [GC [PSYoungGen: 62936K->448K(62400K)] 88658K->26273K(749376K), 0.0044180 secs] [Times: user=0.02 sys=0.00, real=0.00 secs] 
2014-07-28T16:58:10.895+0000: 255.108: [GC [PSYoungGen: 62400K->320K(61696K)] 88225K->26225K(748672K), 0.0034050 secs] [Times: user=0.02 sys=0.00, real=0.01 secs] 
2014-07-28T16:58:11.326+0000: 255.539: [GC [PSYoungGen: 61696K->416K(74112K)] 87601K->26385K(761088K), 0.0057520 secs] [Times: user=0.03 sys=0.00, real=0.01 secs] 
2014-07-28T16:58:11.843+0000: 256.057: [GC [PSYoungGen: 74080K->320K(73216K)] 100049K->26337K(760192K), 0.0052020 secs] [Times: user=0.03 sys=0.00, real=0.01 secs] 
2014-07-28T16:58:12.353+0000: 256.567: [GC [PSYoungGen: 73216K->480K(72640K)] 99233K->26529K(759616K), 0.0041300 secs] [Times: user=0.03 sys=0.00, real=0.00 secs] 
2014-07-28T16:58:12.856+0000: 257.070: [GC [PSYoungGen: 72608K->320K(71680K)] 98657K->26433K(758656K), 0.0047600 secs] [Times: user=0.02 sys=0.00, real=0.01 secs] 
2014-07-28T16:58:13.354+0000: 257.567: [GC [PSYoungGen: 71680K->420K(71040K)] 97793K->26589K(758016K), 0.0044900 secs] [Times: user=0.02 sys=0.00, real=0.01 secs] 
2014-07-28T16:58:13.850+0000: 258.064: [GC [PSYoungGen: 71012K->448K(70336K)] 97181K->26729K(757312K), 0.0038150 secs] [Times: user=0.02 sys=0.00, real=0.00 secs] 
2014-07-28T16:58:14.336+0000: 258.550: [GC [PSYoungGen: 70295K->370K(69568K)] 96577K->26667K(756544K), 0.0042910 secs] [Times: user=0.02 sys=0.00, real=0.01 secs] 
2014-07-28T16:58:14.819+0000: 259.033: [GC [PSYoungGen: 69554K->416K(68928K)] 95851K->26777K(755904K), 0.0060340 secs] [Times: user=0.03 sys=0.00, real=0.00 secs] 
2014-07-28T16:58:15.302+0000: 259.516: [GC [PSYoungGen: 68896K->448K(68224K)] 95257K->26849K(755200K), 0.0037980 secs] [Times: user=0.02 sys=0.00, real=0.00 secs] 
2014-07-28T16:58:15.777+0000: 259.991: [GC [PSYoungGen: 68206K->416K(67520K)] 94607K->26889K(754496K), 0.0041970 secs] [Times: user=0.03 sys=0.00, real=0.01 secs] 
2014-07-28T16:58:16.244+0000: 260.458: [GC [PSYoungGen: 67455K->416K(66880K)] 93929K->26905K(753856K), 0.0055000 secs] [Times: user=0.03 sys=0.01, real=0.01 secs] 
2014-07-28T16:58:16.709+0000: 260.922: [GC [PSYoungGen: 66848K->320K(66112K)] 93337K->26889K(753088K), 0.0034660 secs] [Times: user=0.02 sys=0.00, real=0.01 secs] 
2014-07-28T16:58:17.170+0000: 261.383: [GC [PSYoungGen: 66112K->288K(65472K)] 92681K->26889K(752448K), 0.0040430 secs] [Times: user=0.02 sys=0.00, real=0.00 secs] 
2014-07-28T16:58:17.630+0000: 261.844: [GC [PSYoungGen: 65440K->480K(65024K)] 92041K->27185K(752000K), 0.0029690 secs] [Times: user=0.01 sys=0.00, real=0.00 secs] 
2014-07-28T16:58:18.078+0000: 262.291: [GC [PSYoungGen: 64992K->352K(64256K)] 91697K->27073K(751232K), 0.0033250 secs] [Times: user=0.02 sys=0.00, real=0.01 secs] 
2014-07-28T16:58:18.526+0000: 262.740: [GC [PSYoungGen: 64224K->320K(63616K)] 90945K->27097K(750592K), 0.0054670 secs] [Times: user=0.03 sys=0.00, real=0.01 secs] 
2014-07-28T16:58:18.970+0000: 263.184: [GC [PSYoungGen: 63616K->288K(63040K)] 90393K->27089K(750016K), 0.0031300 secs] [Times: user=0.02 sys=0.00, real=0.00 secs] 
2014-07-28T16:58:19.408+0000: 263.622: [GC [PSYoungGen: 63008K->480K(62656K)] 89809K->27377K(749632K), 0.0032560 secs] [Times: user=0.02 sys=0.00, real=0.01 secs] 
2014-07-28T16:58:19.841+0000: 264.055: [GC [PSYoungGen: 62624K->288K(61888K)] 89521K->27225K(748864K), 0.0041730 secs] [Times: user=0.02 sys=0.00, real=0.00 secs] 
2014-07-28T16:58:20.275+0000: 264.488: [GC [PSYoungGen: 61856K->320K(61312K)] 88793K->27313K(748288K), 0.0039800 secs] [Times: user=0.02 sys=0.01, real=0.00 secs] 
2014-07-28T16:58:20.700+0000: 264.914: [GC [PSYoungGen: 61312K->320K(60736K)] 88305K->27393K(747712K), 0.0042620 secs] [Times: user=0.02 sys=0.01, real=0.00 secs] 
2014-07-28T16:58:21.120+0000: 265.334: [GC [PSYoungGen: 60736K->352K(72896K)] 87809K->27481K(759872K), 0.0063340 secs] [Times: user=0.04 sys=0.00, real=0.00 secs] 
2014-07-28T16:58:21.628+0000: 265.842: [GC [PSYoungGen: 72864K->544K(72320K)] 99993K->27769K(759296K), 0.0038530 secs] [Times: user=0.03 sys=0.00, real=0.01 secs] 
2014-07-28T16:58:22.132+0000: 266.345: [GC [PSYoungGen: 72256K->256K(71232K)] 99482K->27633K(758208K), 0.0047350 secs] [Times: user=0.02 sys=0.00, real=0.00 secs] 
2014-07-28T16:58:22.630+0000: 266.844: [GC [PSYoungGen: 71232K->520K(70848K)] 98609K->27961K(757824K), 0.0040890 secs] [Times: user=0.02 sys=0.00, real=0.00 secs] 
2014-07-28T16:58:23.119+0000: 267.333: [GC [PSYoungGen: 70790K->384K(69952K)] 98231K->27933K(756928K), 0.0039680 secs] [Times: user=0.03 sys=0.00, real=0.01 secs] 
2014-07-28T16:58:23.611+0000: 267.825: [GC [PSYoungGen: 69952K->306K(69184K)] 97501K->27919K(756160K), 0.0038410 secs] [Times: user=0.03 sys=0.00, real=0.00 secs] 
2014-07-28T16:58:24.092+0000: 268.306: [GC [PSYoungGen: 69170K->352K(68544K)] 96783K->27989K(755520K), 0.0037950 secs] [Times: user=0.02 sys=0.00, real=0.00 secs] 
2014-07-28T16:58:24.572+0000: 268.786: [GC [PSYoungGen: 68512K->384K(67840K)] 96149K->28085K(754816K), 0.0057000 secs] [Times: user=0.03 sys=0.00, real=0.00 secs] 
2014-07-28T16:58:25.045+0000: 269.258: [GC [PSYoungGen: 67840K->352K(67200K)] 95541K->28061K(754176K), 0.0046680 secs] [Times: user=0.03 sys=0.00, real=0.00 secs] 
2014-07-28T16:58:25.514+0000: 269.728: [GC [PSYoungGen: 67168K->352K(66560K)] 94877K->28133K(753536K), 0.0038890 secs] [Times: user=0.01 sys=0.01, real=0.00 secs] 
2014-07-28T16:58:25.976+0000: 270.190: [GC [PSYoungGen: 66528K->256K(65792K)] 94309K->28061K(752768K), 0.0049680 secs] [Times: user=0.02 sys=0.00, real=0.01 secs] 
2014-07-28T16:58:26.434+0000: 270.648: [GC [PSYoungGen: 65792K->416K(65344K)] 93597K->28317K(752320K), 0.0046620 secs] [Times: user=0.02 sys=0.00, real=0.00 secs] 
2014-07-28T16:58:26.891+0000: 271.105: [GC [PSYoungGen: 65310K->498K(78400K)] 93212K->28447K(765376K), 0.0110690 secs] [Times: user=0.07 sys=0.00, real=0.02 secs] 
2014-07-28T16:58:27.437+0000: 271.651: [GC [PSYoungGen: 78386K->448K(93952K)] 106335K->28477K(780928K), 0.0057770 secs] [Times: user=0.04 sys=0.00, real=0.01 secs] 
2014-07-28T16:58:28.091+0000: 272.305: [GC [PSYoungGen: 93952K->320K(112576K)] 121981K->28381K(799552K), 0.0051890 secs] [Times: user=0.03 sys=0.00, real=0.00 secs] 
2014-07-28T16:58:28.880+0000: 273.094: [GC [PSYoungGen: 112576K->416K(111040K)] 140637K->28565K(798016K), 0.0045100 secs] [Times: user=0.02 sys=0.01, real=0.01 secs] 
2014-07-28T16:58:29.662+0000: 273.875: [GC [PSYoungGen: 111008K->288K(109312K)] 139157K->28509K(796288K), 0.0062680 secs] [Times: user=0.03 sys=0.00, real=0.00 secs] 
2014-07-28T16:58:30.425+0000: 274.639: [GC [PSYoungGen: 109280K->338K(107776K)] 137501K->28591K(794752K), 0.0036640 secs] [Times: user=0.02 sys=0.00, real=0.00 secs] 
2014-07-28T16:58:31.178+0000: 275.392: [GC [PSYoungGen: 107730K->160K(106048K)] 135983K->28429K(793024K), 0.0056980 secs] [Times: user=0.01 sys=0.00, real=0.01 secs] 
2014-07-28T16:58:31.919+0000: 276.133: [GC [PSYoungGen: 106016K->416K(104768K)] 134285K->28765K(791744K), 0.0038640 secs] [Times: user=0.03 sys=0.00, real=0.01 secs] 
2014-07-28T16:58:32.648+0000: 276.862: [GC [PSYoungGen: 104736K->416K(103296K)] 133085K->28853K(790272K), 0.0046220 secs] [Times: user=0.02 sys=0.00, real=0.01 secs] 
2014-07-28T16:58:33.371+0000: 277.584: [GC [PSYoungGen: 103264K->320K(101760K)] 131701K->28789K(788736K), 0.0034180 secs] [Times: user=0.01 sys=0.00, real=0.01 secs] 
2014-07-28T16:58:34.078+0000: 278.292: [GC [PSYoungGen: 101726K->448K(100480K)] 130196K->29005K(787456K), 0.0036090 secs] [Times: user=0.02 sys=0.00, real=0.01 secs] 
2014-07-28T16:58:34.780+0000: 278.994: [GC [PSYoungGen: 100480K->370K(99072K)] 129037K->29007K(786048K), 0.0041070 secs] [Times: user=0.02 sys=0.01, real=0.01 secs] 
2014-07-28T16:58:35.471+0000: 279.685: [GC [PSYoungGen: 99058K->416K(97792K)] 127695K->29053K(784768K), 0.0035940 secs] [Times: user=0.02 sys=0.00, real=0.01 secs] 
2014-07-28T16:58:36.156+0000: 280.370: [GC [PSYoungGen: 97760K->256K(96320K)] 126397K->28957K(783296K), 0.0050150 secs] [Times: user=0.03 sys=0.01, real=0.00 secs] 
2014-07-28T16:58:36.827+0000: 281.041: [GC [PSYoungGen: 96320K->224K(95040K)] 125021K->28973K(782016K), 0.0036310 secs] [Times: user=0.02 sys=0.00, real=0.00 secs] 
2014-07-28T16:58:37.486+0000: 281.700: [GC [PSYoungGen: 95008K->384K(93952K)] 123757K->29133K(780928K), 0.0088770 secs] [Times: user=0.06 sys=0.00, real=0.01 secs] 
2014-07-28T16:58:38.145+0000: 282.359: [GC [PSYoungGen: 93952K->352K(92736K)] 122701K->29165K(779712K), 0.0053260 secs] [Times: user=0.03 sys=0.00, real=0.00 secs] 
2014-07-28T16:58:38.792+0000: 283.006: [GC [PSYoungGen: 92704K->224K(91392K)] 121517K->29093K(778368K), 0.0058220 secs] [Times: user=0.03 sys=0.00, real=0.01 secs] 
2014-07-28T16:58:39.429+0000: 283.643: [GC [PSYoungGen: 91360K->384K(90368K)] 120229K->29277K(777344K), 0.0025230 secs] [Times: user=0.01 sys=0.00, real=0.01 secs] 
2014-07-28T16:58:40.059+0000: 284.273: [GC [PSYoungGen: 90330K->416K(89280K)] 119224K->29373K(776256K), 0.0096040 secs] [Times: user=0.06 sys=0.00, real=0.01 secs] 
2014-07-28T16:58:40.685+0000: 284.899: [GC [PSYoungGen: 89248K->320K(88064K)] 118205K->29349K(775040K), 0.0050340 secs] [Times: user=0.04 sys=0.00, real=0.00 secs] 
2014-07-28T16:58:41.299+0000: 285.513: [GC [PSYoungGen: 88064K->548K(87232K)] 117093K->29601K(774208K), 0.0051020 secs] [Times: user=0.03 sys=0.00, real=0.01 secs] 
2014-07-28T16:58:41.909+0000: 286.123: [GC [PSYoungGen: 87169K->256K(85824K)] 116222K->29373K(772800K), 0.0043440 secs] [Times: user=0.02 sys=0.00, real=0.01 secs] 
2014-07-28T16:58:42.505+0000: 286.719: [GC [PSYoungGen: 85824K->352K(84928K)] 114941K->29541K(771904K), 0.0050550 secs] [Times: user=0.02 sys=0.00, real=0.00 secs] 
2014-07-28T16:58:43.098+0000: 287.312: [GC [PSYoungGen: 84896K->256K(83776K)] 114085K->29501K(770752K), 0.0047080 secs] [Times: user=0.02 sys=0.00, real=0.01 secs] 
2014-07-28T16:58:43.686+0000: 287.900: [GC [PSYoungGen: 83776K->498K(83072K)] 113021K->29855K(770048K), 0.0037750 secs] [Times: user=0.02 sys=0.00, real=0.00 secs] 
2014-07-28T16:58:44.261+0000: 288.475: [GC [PSYoungGen: 83058K->352K(81984K)] 112415K->29749K(768960K), 0.0032640 secs] [Times: user=0.02 sys=0.00, real=0.01 secs] 
2014-07-28T16:58:44.836+0000: 289.050: [GC [PSYoungGen: 81952K->512K(81152K)] 111349K->30013K(768128K), 0.0028590 secs] [Times: user=0.02 sys=0.00, real=0.00 secs] 
2014-07-28T16:58:45.401+0000: 289.615: [GC [PSYoungGen: 81152K->320K(80000K)] 110653K->29901K(766976K), 0.0084660 secs] [Times: user=0.04 sys=0.01, real=0.01 secs] 
2014-07-28T16:58:45.962+0000: 290.176: [GC [PSYoungGen: 79952K->416K(79232K)] 109534K->30093K(766208K), 0.0041070 secs] [Times: user=0.03 sys=0.00, real=0.01 secs] 
2014-07-28T16:58:46.511+0000: 290.725: [GC [PSYoungGen: 79200K->384K(78272K)] 108877K->30141K(765248K), 0.0050710 secs] [Times: user=0.02 sys=0.00, real=0.01 secs] 
2014-07-28T16:58:47.056+0000: 291.270: [GC [PSYoungGen: 78272K->384K(77376K)] 108029K->30173K(764352K), 0.0054450 secs] [Times: user=0.03 sys=0.00, real=0.00 secs] 
2014-07-28T16:58:47.597+0000: 291.811: [GC [PSYoungGen: 77376K->224K(76416K)] 107165K->30045K(763392K), 0.0069630 secs] [Times: user=0.03 sys=0.00, real=0.01 secs] 
2014-07-28T16:58:48.131+0000: 292.345: [GC [PSYoungGen: 76356K->466K(75840K)] 106177K->30327K(762816K), 0.0043930 secs] [Times: user=0.02 sys=0.00, real=0.01 secs] 
2014-07-28T16:58:48.658+0000: 292.872: [GC [PSYoungGen: 75794K->416K(74944K)] 105655K->30341K(761920K), 0.0036770 secs] [Times: user=0.02 sys=0.00, real=0.00 secs] 
2014-07-28T16:58:49.183+0000: 293.397: [GC [PSYoungGen: 74912K->448K(74112K)] 104837K->30413K(761088K), 0.0040060 secs] [Times: user=0.02 sys=0.01, real=0.01 secs] 
2014-07-28T16:58:49.696+0000: 293.909: [GC [PSYoungGen: 74112K->320K(73216K)] 104077K->30373K(760192K), 0.0042970 secs] [Times: user=0.02 sys=0.00, real=0.00 secs] 
2014-07-28T16:58:50.208+0000: 294.422: [GC [PSYoungGen: 73208K->512K(72640K)] 103262K->30605K(759616K), 0.0043580 secs] [Times: user=0.02 sys=0.00, real=0.00 secs] 
2014-07-28T16:58:50.714+0000: 294.928: [GC [PSYoungGen: 72640K->384K(71744K)] 102733K->30565K(758720K), 0.0050320 secs] [Times: user=0.03 sys=0.00, real=0.00 secs] 
2014-07-28T16:58:51.217+0000: 295.431: [GC [PSYoungGen: 71744K->512K(71104K)] 101925K->30773K(758080K), 0.0035720 secs] [Times: user=0.01 sys=0.01, real=0.00 secs] 
2014-07-28T16:58:51.712+0000: 295.926: [GC [PSYoungGen: 71104K->416K(70336K)] 101365K->30741K(757312K), 0.0036200 secs] [Times: user=0.02 sys=0.00, real=0.01 secs] 
2014-07-28T16:58:52.205+0000: 296.419: [GC [PSYoungGen: 70304K->466K(69696K)] 100629K->30831K(756672K), 0.0047630 secs] [Times: user=0.03 sys=0.01, real=0.00 secs] 
2014-07-28T16:58:52.690+0000: 296.904: [GC [PSYoungGen: 69650K->320K(68800K)] 100015K->30757K(755776K), 0.0049710 secs] [Times: user=0.03 sys=0.00, real=0.01 secs] 
2014-07-28T16:58:53.171+0000: 297.385: [GC [PSYoungGen: 68800K->384K(68160K)] 99237K->30853K(755136K), 0.0038740 secs] [Times: user=0.02 sys=0.01, real=0.00 secs] 
2014-07-28T16:58:53.650+0000: 297.864: [GC [PSYoungGen: 68160K->448K(67520K)] 98629K->31013K(754496K), 0.0032970 secs] [Times: user=0.01 sys=0.00, real=0.00 secs] 
2014-07-28T16:58:54.118+0000: 298.331: [GC [PSYoungGen: 67520K->480K(66944K)] 98085K->31053K(753920K), 0.0041470 secs] [Times: user=0.02 sys=0.00, real=0.00 secs] 
2014-07-28T16:58:54.585+0000: 298.798: [GC [PSYoungGen: 66912K->352K(66176K)] 97485K->31005K(753152K), 0.0056220 secs] [Times: user=0.04 sys=0.00, real=0.01 secs] 
2014-07-28T16:58:55.044+0000: 299.258: [GC [PSYoungGen: 66144K->416K(65600K)] 96797K->31085K(752576K), 0.0041180 secs] [Times: user=0.02 sys=0.00, real=0.01 secs] 
2014-07-28T16:58:55.502+0000: 299.716: [GC [PSYoungGen: 65556K->416K(64960K)] 96226K->31165K(751936K), 0.0039800 secs] [Times: user=0.02 sys=0.00, real=0.01 secs] 
2014-07-28T16:58:55.955+0000: 300.168: [GC [PSYoungGen: 64928K->416K(64320K)] 95677K->31205K(751296K), 0.0045940 secs] [Times: user=0.02 sys=0.00, real=0.01 secs] 
2014-07-28T16:58:56.405+0000: 300.619: [GC [PSYoungGen: 64288K->320K(63616K)] 95077K->31213K(750592K), 0.0043550 secs] [Times: user=0.03 sys=0.00, real=0.01 secs] 
2014-07-28T16:58:56.844+0000: 301.058: [GC [PSYoungGen: 63616K->384K(63104K)] 94509K->31325K(750080K), 0.0036380 secs] [Times: user=0.02 sys=0.00, real=0.01 secs] 
2014-07-28T16:58:57.283+0000: 301.497: [GC [PSYoungGen: 63104K->320K(62464K)] 94045K->31301K(749440K), 0.0050000 secs] [Times: user=0.03 sys=0.00, real=0.01 secs] 
2014-07-28T16:58:57.720+0000: 301.934: [GC [PSYoungGen: 62463K->352K(61952K)] 93445K->31405K(748928K), 0.0045450 secs] [Times: user=0.03 sys=0.00, real=0.01 secs] 
2014-07-28T16:58:58.151+0000: 302.365: [GC [PSYoungGen: 61873K->288K(74240K)] 92926K->31389K(761216K), 0.0054090 secs] [Times: user=0.03 sys=0.00, real=0.01 secs] 
2014-07-28T16:58:58.668+0000: 302.882: [GC [PSYoungGen: 74189K->320K(73472K)] 105290K->31501K(760448K), 0.0043050 secs] [Times: user=0.02 sys=0.01, real=0.00 secs] 
2014-07-28T16:58:59.181+0000: 303.394: [GC [PSYoungGen: 73472K->320K(72704K)] 104653K->31541K(759680K), 0.0040740 secs] [Times: user=0.02 sys=0.00, real=0.00 secs] 
2014-07-28T16:58:59.686+0000: 303.899: [GC [PSYoungGen: 72694K->338K(72000K)] 103916K->31623K(758976K), 0.0042200 secs] [Times: user=0.01 sys=0.00, real=0.01 secs] 
2014-07-28T16:59:00.187+0000: 304.401: [GC [PSYoungGen: 71948K->448K(71296K)] 103234K->31773K(758272K), 0.0032350 secs] [Times: user=0.02 sys=0.01, real=0.00 secs] 
2014-07-28T16:59:00.684+0000: 304.897: [GC [PSYoungGen: 71296K->352K(70528K)] 102621K->31749K(757504K), 0.0039070 secs] [Times: user=0.02 sys=0.00, real=0.01 secs] 
2014-07-28T16:59:01.175+0000: 305.389: [GC [PSYoungGen: 70496K->288K(69760K)] 101893K->31741K(756736K), 0.0075670 secs] [Times: user=0.05 sys=0.00, real=0.01 secs] 
2014-07-28T16:59:01.663+0000: 305.877: [GC [PSYoungGen: 69728K->320K(83648K)] 101181K->31853K(770624K), 0.0070790 secs] [Times: user=0.05 sys=0.00, real=0.01 secs] 
2014-07-28T16:59:02.249+0000: 306.463: [GC [PSYoungGen: 83599K->352K(82752K)] 115133K->31925K(769728K), 0.0030350 secs] [Times: user=0.01 sys=0.00, real=0.00 secs] 
2014-07-28T16:59:02.824+0000: 307.038: [GC [PSYoungGen: 82720K->416K(81856K)] 114293K->32061K(768832K), 0.0039820 secs] [Times: user=0.02 sys=0.00, real=0.01 secs] 
2014-07-28T16:59:03.393+0000: 307.607: [GC [PSYoungGen: 81824K->256K(80704K)] 113469K->31997K(767680K), 0.0051050 secs] [Times: user=0.03 sys=0.00, real=0.01 secs] 
2014-07-28T16:59:03.961+0000: 308.175: [GC [PSYoungGen: 80704K->448K(80000K)] 112445K->32237K(766976K), 0.0046050 secs] [Times: user=0.03 sys=0.00, real=0.00 secs] 
2014-07-28T16:59:04.517+0000: 308.731: [GC [PSYoungGen: 80000K->288K(78976K)] 111789K->32133K(765952K), 0.0055300 secs] [Times: user=0.02 sys=0.00, real=0.00 secs] 
2014-07-28T16:59:05.067+0000: 309.281: [GC [PSYoungGen: 78944K->320K(78080K)] 110789K->32189K(765056K), 0.0045220 secs] [Times: user=0.02 sys=0.01, real=0.00 secs] 
2014-07-28T16:59:05.614+0000: 309.828: [GC [PSYoungGen: 78070K->384K(77248K)] 109940K->32317K(764224K), 0.0045140 secs] [Times: user=0.03 sys=0.00, real=0.01 secs] 
2014-07-28T16:59:06.150+0000: 310.364: [GC [PSYoungGen: 77212K->480K(76544K)] 109145K->32413K(763520K), 0.0040710 secs] [Times: user=0.02 sys=0.00, real=0.00 secs] 
2014-07-28T16:59:06.686+0000: 310.899: [GC [PSYoungGen: 76512K->192K(75392K)] 108445K->32269K(762368K), 0.0039520 secs] [Times: user=0.03 sys=0.00, real=0.01 secs] 
2014-07-28T16:59:07.213+0000: 311.426: [GC [PSYoungGen: 75392K->274K(74688K)] 107469K->32391K(761664K), 0.0053140 secs] [Times: user=0.03 sys=0.00, real=0.01 secs] 
2014-07-28T16:59:07.732+0000: 311.946: [GC [PSYoungGen: 74642K->384K(73920K)] 106759K->32639K(760896K), 0.0040590 secs] [Times: user=0.01 sys=0.00, real=0.00 secs] 
2014-07-28T16:59:08.247+0000: 312.461: [GC [PSYoungGen: 73920K->256K(73024K)] 106175K->32551K(760000K), 0.0017840 secs] [Times: user=0.01 sys=0.00, real=0.00 secs] 
2014-07-28T16:59:08.759+0000: 312.972: [GC [PSYoungGen: 73024K->384K(72384K)] 105319K->32759K(759360K), 0.0042760 secs] [Times: user=0.02 sys=0.00, real=0.00 secs] 
2014-07-28T16:59:09.263+0000: 313.477: [GC [PSYoungGen: 72384K->512K(71744K)] 104759K->32927K(758720K), 0.0057810 secs] [Times: user=0.03 sys=0.00, real=0.01 secs] 
2014-07-28T16:59:09.762+0000: 313.976: [GC [PSYoungGen: 71744K->320K(70784K)] 104159K->32815K(757760K), 0.0041130 secs] [Times: user=0.02 sys=0.00, real=0.00 secs] 
2014-07-28T16:59:10.259+0000: 314.473: [GC [PSYoungGen: 70760K->256K(70016K)] 103255K->32799K(756992K), 0.0037050 secs] [Times: user=0.02 sys=0.00, real=0.00 secs] 
2014-07-28T16:59:10.752+0000: 314.966: [GC [PSYoungGen: 70016K->544K(69632K)] 102559K->33167K(756608K), 0.0044310 secs] [Times: user=0.03 sys=0.00, real=0.00 secs] 
2014-07-28T16:59:11.231+0000: 315.445: [GC [PSYoungGen: 69600K->448K(68800K)] 102223K->33119K(755776K), 0.0051640 secs] [Times: user=0.02 sys=0.01, real=0.00 secs] 
2014-07-28T16:59:11.708+0000: 315.922: [GC [PSYoungGen: 68800K->320K(67968K)] 101471K->33087K(754944K), 0.0058280 secs] [Times: user=0.03 sys=0.00, real=0.00 secs] 
2014-07-28T16:59:12.185+0000: 316.399: [GC [PSYoungGen: 67968K->288K(67328K)] 100735K->33111K(754304K), 0.0044580 secs] [Times: user=0.03 sys=0.00, real=0.01 secs] 
2014-07-28T16:59:12.652+0000: 316.866: [GC [PSYoungGen: 67296K->480K(66880K)] 100119K->33391K(753856K), 0.0041630 secs] [Times: user=0.02 sys=0.01, real=0.00 secs] 
2014-07-28T16:59:13.118+0000: 317.332: [GC [PSYoungGen: 66848K->320K(66048K)] 99759K->33247K(753024K), 0.0047670 secs] [Times: user=0.03 sys=0.00, real=0.01 secs] 
2014-07-28T16:59:13.577+0000: 317.790: [GC [PSYoungGen: 66048K->402K(65536K)] 98975K->33401K(752512K), 0.0052170 secs] [Times: user=0.03 sys=0.00, real=0.01 secs] 
2014-07-28T16:59:14.035+0000: 318.249: [GC [PSYoungGen: 65490K->224K(64704K)] 98489K->33239K(751680K), 0.0051010 secs] [Times: user=0.03 sys=0.00, real=0.01 secs] 
2014-07-28T16:59:14.488+0000: 318.702: [GC [PSYoungGen: 64672K->384K(64192K)] 97687K->33479K(751168K), 0.0037400 secs] [Times: user=0.02 sys=0.00, real=0.00 secs] 
2014-07-28T16:59:14.938+0000: 319.151: [GC [PSYoungGen: 64174K->352K(63616K)] 97270K->33495K(750592K), 0.0034890 secs] [Times: user=0.02 sys=0.00, real=0.01 secs] 
2014-07-28T16:59:15.379+0000: 319.593: [GC [PSYoungGen: 63583K->384K(63040K)] 96726K->33599K(750016K), 0.0055640 secs] [Times: user=0.04 sys=0.00, real=0.00 secs] 
2014-07-28T16:59:15.819+0000: 320.033: [GC [PSYoungGen: 63040K->416K(62528K)] 96255K->33663K(749504K), 0.0048190 secs] [Times: user=0.02 sys=0.00, real=0.00 secs] 
2014-07-28T16:59:16.256+0000: 320.469: [GC [PSYoungGen: 62496K->320K(74816K)] 95743K->33623K(761792K), 0.0063450 secs] [Times: user=0.03 sys=0.01, real=0.01 secs] 
2014-07-28T16:59:16.777+0000: 320.991: [GC [PSYoungGen: 74816K->224K(89664K)] 108119K->33575K(776640K), 0.0052530 secs] [Times: user=0.03 sys=0.00, real=0.01 secs] 
2014-07-28T16:59:17.402+0000: 321.616: [GC [PSYoungGen: 89632K->288K(98816K)] 122983K->33663K(785792K), 0.0061750 secs] [Times: user=0.03 sys=0.00, real=0.01 secs] 
2014-07-28T16:59:18.093+0000: 322.306: [GC [PSYoungGen: 98526K->434K(97344K)] 131902K->33897K(784320K), 0.0031930 secs] [Times: user=0.02 sys=0.00, real=0.00 secs] 
2014-07-28T16:59:18.767+0000: 322.981: [GC [PSYoungGen: 97330K->192K(95808K)] 130793K->33743K(782784K), 0.0037700 secs] [Times: user=0.02 sys=0.00, real=0.01 secs] 
2014-07-28T16:59:19.437+0000: 323.651: [GC [PSYoungGen: 95808K->352K(94720K)] 129359K->33951K(781696K), 0.0055430 secs] [Times: user=0.04 sys=0.00, real=0.01 secs] 
2014-07-28T16:59:20.100+0000: 324.314: [GC [PSYoungGen: 94688K->384K(93504K)] 128287K->34055K(780480K), 0.0046800 secs] [Times: user=0.02 sys=0.00, real=0.00 secs] 
2014-07-28T16:59:20.754+0000: 324.968: [GC [PSYoungGen: 93504K->256K(92160K)] 127175K->33983K(779136K), 0.0052100 secs] [Times: user=0.02 sys=0.00, real=0.01 secs] 
2014-07-28T16:59:21.397+0000: 325.611: [GC [PSYoungGen: 92160K->416K(91200K)] 125887K->34167K(778176K), 0.0033250 secs] [Times: user=0.01 sys=0.00, real=0.01 secs] 
2014-07-28T16:59:22.040+0000: 326.253: [GC [PSYoungGen: 91168K->448K(90048K)] 124919K->34287K(777024K), 0.0038960 secs] [Times: user=0.02 sys=0.00, real=0.00 secs] 
2014-07-28T16:59:22.668+0000: 326.881: [GC [PSYoungGen: 90048K->306K(88768K)] 123887K->34257K(775744K), 0.0043400 secs] [Times: user=0.02 sys=0.01, real=0.01 secs] 
2014-07-28T16:59:23.288+0000: 327.501: [GC [PSYoungGen: 88754K->224K(87616K)] 122705K->34215K(774592K), 0.0035500 secs] [Times: user=0.02 sys=0.01, real=0.01 secs] 
2014-07-28T16:59:23.901+0000: 328.115: [GC [PSYoungGen: 87584K->288K(86592K)] 121575K->34343K(773568K), 0.0031440 secs] [Times: user=0.02 sys=0.00, real=0.00 secs] 
2014-07-28T16:59:24.509+0000: 328.723: [GC [PSYoungGen: 86560K->352K(85632K)] 120615K->34479K(772608K), 0.0043970 secs] [Times: user=0.02 sys=0.00, real=0.00 secs] 
2014-07-28T16:59:25.129+0000: 329.343: [GC [PSYoungGen: 85595K->256K(84480K)] 119723K->34423K(771456K), 0.0027440 secs] [Times: user=0.01 sys=0.00, real=0.00 secs] 
2014-07-28T16:59:25.713+0000: 329.927: [GC [PSYoungGen: 84480K->192K(83392K)] 118647K->34383K(770368K), 0.0074100 secs] [Times: user=0.04 sys=0.00, real=0.01 secs] 
2014-07-28T16:59:26.297+0000: 330.511: [GC [PSYoungGen: 83392K->352K(82624K)] 117583K->34599K(769600K), 0.0034160 secs] [Times: user=0.01 sys=0.00, real=0.01 secs] 
2014-07-28T16:59:26.873+0000: 331.087: [GC [PSYoungGen: 82592K->448K(81728K)] 116839K->34743K(768704K), 0.0027980 secs] [Times: user=0.01 sys=0.00, real=0.00 secs] 
2014-07-28T16:59:27.442+0000: 331.656: [GC [PSYoungGen: 81728K->256K(80576K)] 116023K->34591K(767552K), 0.0043240 secs] [Times: user=0.03 sys=0.00, real=0.00 secs] 
2014-07-28T16:59:28.005+0000: 332.219: [GC [PSYoungGen: 80576K->320K(79744K)] 114911K->34719K(766720K), 0.0033460 secs] [Times: user=0.02 sys=0.00, real=0.00 secs] 
2014-07-28T16:59:28.563+0000: 332.777: [GC [PSYoungGen: 79744K->320K(78848K)] 114143K->34799K(765824K), 0.0037160 secs] [Times: user=0.02 sys=0.00, real=0.00 secs] 
2014-07-28T16:59:29.114+0000: 333.328: [GC [PSYoungGen: 78848K->484K(78144K)] 113327K->34987K(765120K), 0.0069860 secs] [Times: user=0.04 sys=0.00, real=0.01 secs] 
2014-07-28T16:59:29.660+0000: 333.874: [GC [PSYoungGen: 78116K->256K(76992K)] 112619K->34839K(763968K), 0.0023720 secs] [Times: user=0.01 sys=0.00, real=0.00 secs] 
2014-07-28T16:59:30.197+0000: 334.411: [GC [PSYoungGen: 76992K->320K(76224K)] 111575K->34927K(763200K), 0.0050170 secs] [Times: user=0.02 sys=0.01, real=0.01 secs] 
2014-07-28T16:59:30.725+0000: 334.939: [GC [PSYoungGen: 76205K->288K(75392K)] 110813K->34967K(762368K), 0.0037510 secs] [Times: user=0.02 sys=0.00, real=0.00 secs] 
2014-07-28T16:59:31.251+0000: 335.464: [GC [PSYoungGen: 75360K->256K(74496K)] 110039K->34959K(761472K), 0.0031370 secs] [Times: user=0.01 sys=0.00, real=0.00 secs] 
2014-07-28T16:59:31.774+0000: 335.988: [GC [PSYoungGen: 74496K->288K(73792K)] 109199K->35063K(760768K), 0.0028560 secs] [Times: user=0.01 sys=0.00, real=0.00 secs] 
2014-07-28T16:59:32.291+0000: 336.504: [GC [PSYoungGen: 73760K->256K(72960K)] 108535K->35047K(759936K), 0.0020670 secs] [Times: user=0.01 sys=0.00, real=0.00 secs] 
2014-07-28T16:59:32.800+0000: 337.013: [GC [PSYoungGen: 72960K->320K(72256K)] 107751K->35151K(759232K), 0.0030060 secs] [Times: user=0.01 sys=0.01, real=0.01 secs] 
2014-07-28T16:59:33.306+0000: 337.520: [GC [PSYoungGen: 72256K->288K(71488K)] 107087K->35159K(758464K), 0.0041330 secs] [Times: user=0.02 sys=0.00, real=0.00 secs] 
2014-07-28T16:59:33.804+0000: 338.018: [GC [PSYoungGen: 71456K->352K(70784K)] 106327K->35303K(757760K), 0.0022890 secs] [Times: user=0.01 sys=0.00, real=0.00 secs] 
2014-07-28T16:59:34.297+0000: 338.511: [GC [PSYoungGen: 70752K->192K(69888K)] 105703K->35167K(756864K), 0.0030560 secs] [Times: user=0.02 sys=0.00, real=0.00 secs] 
2014-07-28T16:59:34.782+0000: 338.996: [GC [PSYoungGen: 69888K->320K(69312K)] 104863K->35375K(756288K), 0.0039200 secs] [Times: user=0.02 sys=0.00, real=0.00 secs] 
2014-07-28T16:59:35.269+0000: 339.482: [GC [PSYoungGen: 69312K->224K(68544K)] 104367K->35303K(755520K), 0.0073630 secs] [Times: user=0.04 sys=0.00, real=0.01 secs] 
2014-07-28T16:59:35.746+0000: 339.959: [GC [PSYoungGen: 68512K->512K(68096K)] 103591K->35703K(755072K), 0.0019840 secs] [Times: user=0.01 sys=0.00, real=0.00 secs] 
2014-07-28T16:59:36.222+0000: 340.436: [GC [PSYoungGen: 68096K->484K(67456K)] 103287K->35715K(754432K), 0.0022030 secs] [Times: user=0.02 sys=0.00, real=0.00 secs] 
2014-07-28T16:59:36.689+0000: 340.903: [GC [PSYoungGen: 67428K->192K(66496K)] 102659K->35463K(753472K), 0.0052850 secs] [Times: user=0.03 sys=0.00, real=0.01 secs] 
2014-07-28T16:59:37.157+0000: 341.370: [GC [PSYoungGen: 66496K->224K(65920K)] 101767K->35543K(752896K), 0.0023920 secs] [Times: user=0.01 sys=0.01, real=0.00 secs] 
2014-07-28T16:59:37.618+0000: 341.832: [GC [PSYoungGen: 65888K->256K(65280K)] 101207K->35631K(752256K), 0.0032570 secs] [Times: user=0.02 sys=0.00, real=0.01 secs] 
2014-07-28T16:59:38.076+0000: 342.290: [GC [PSYoungGen: 65257K->416K(64832K)] 100633K->35799K(751808K), 0.0026470 secs] [Times: user=0.01 sys=0.00, real=0.00 secs] 
2014-07-28T16:59:38.528+0000: 342.741: [GC [PSYoungGen: 64800K->320K(64064K)] 100183K->35783K(751040K), 0.0028370 secs] [Times: user=0.02 sys=0.00, real=0.00 secs] 
2014-07-28T16:59:38.972+0000: 343.186: [GC [PSYoungGen: 64064K->192K(63360K)] 99527K->35679K(750336K), 0.0024580 secs] [Times: user=0.02 sys=0.00, real=0.00 secs] 
2014-07-28T16:59:39.416+0000: 343.630: [GC [PSYoungGen: 63339K->224K(62848K)] 98827K->35751K(749824K), 0.0029850 secs] [Times: user=0.01 sys=0.00, real=0.00 secs] 
2014-07-28T16:59:39.854+0000: 344.068: [GC [PSYoungGen: 62816K->256K(62272K)] 98343K->35831K(749248K), 0.0033660 secs] [Times: user=0.01 sys=0.00, real=0.00 secs] 
2014-07-28T16:59:40.293+0000: 344.506: [GC [PSYoungGen: 62272K->224K(61696K)] 97847K->35831K(748672K), 0.0046700 secs] [Times: user=0.03 sys=0.00, real=0.00 secs] 
2014-07-28T16:59:40.724+0000: 344.938: [GC [PSYoungGen: 61664K->416K(61312K)] 97271K->36095K(748288K), 0.0028660 secs] [Times: user=0.01 sys=0.00, real=0.00 secs] 
2014-07-28T16:59:41.150+0000: 345.364: [GC [PSYoungGen: 61280K->224K(60544K)] 96959K->35927K(747520K), 0.0032170 secs] [Times: user=0.02 sys=0.00, real=0.01 secs] 
2014-07-28T16:59:41.575+0000: 345.789: [GC [PSYoungGen: 60512K->288K(60096K)] 96215K->36039K(747072K), 0.0037960 secs] [Times: user=0.02 sys=0.00, real=0.00 secs] 
2014-07-28T16:59:41.993+0000: 346.207: [GC [PSYoungGen: 60064K->352K(59648K)] 95815K->36111K(746624K), 0.0020220 secs] [Times: user=0.00 sys=0.00, real=0.00 secs] 
2014-07-28T16:59:42.410+0000: 346.624: [GC [PSYoungGen: 59616K->448K(59200K)] 95375K->36311K(746176K), 0.0027700 secs] [Times: user=0.01 sys=0.01, real=0.01 secs] 
2014-07-28T16:59:42.821+0000: 347.035: [GC [PSYoungGen: 59200K->256K(58496K)] 95063K->36223K(745472K), 0.0023670 secs] [Times: user=0.01 sys=0.00, real=0.01 secs] 
2014-07-28T16:59:43.227+0000: 347.440: [GC [PSYoungGen: 58461K->384K(58112K)] 94428K->36367K(745088K), 0.0023070 secs] [Times: user=0.01 sys=0.00, real=0.00 secs] 
2014-07-28T16:59:43.632+0000: 347.846: [GC [PSYoungGen: 58112K->416K(57664K)] 94095K->36495K(744640K), 0.0030890 secs] [Times: user=0.02 sys=0.00, real=0.01 secs] 
2014-07-28T16:59:44.033+0000: 348.247: [GC [PSYoungGen: 57632K->512K(57216K)] 93711K->36631K(744192K), 0.0038280 secs] [Times: user=0.02 sys=0.00, real=0.00 secs] 
2014-07-28T16:59:44.427+0000: 348.641: [GC [PSYoungGen: 57216K->242K(56512K)] 93335K->36505K(743488K), 0.0030830 secs] [Times: user=0.02 sys=0.00, real=0.00 secs] 
2014-07-28T16:59:44.820+0000: 349.034: [GC [PSYoungGen: 56498K->320K(56128K)] 92761K->36607K(743104K), 0.0026170 secs] [Times: user=0.01 sys=0.00, real=0.01 secs] 
2014-07-28T16:59:45.213+0000: 349.427: [GC [PSYoungGen: 56127K->256K(55616K)] 92415K->36567K(742592K), 0.0023260 secs] [Times: user=0.00 sys=0.01, real=0.00 secs] 
2014-07-28T16:59:45.600+0000: 349.814: [GC [PSYoungGen: 55616K->416K(55360K)] 91927K->36815K(742336K), 0.0026900 secs] [Times: user=0.01 sys=0.00, real=0.01 secs] 
2014-07-28T16:59:45.982+0000: 350.196: [GC [PSYoungGen: 55328K->484K(54976K)] 91727K->36947K(741952K), 0.0035590 secs] [Times: user=0.02 sys=0.00, real=0.01 secs] 
2014-07-28T16:59:46.360+0000: 350.574: [GC [PSYoungGen: 54948K->320K(54336K)] 91411K->36855K(741312K), 0.0033640 secs] [Times: user=0.01 sys=0.01, real=0.01 secs] 
2014-07-28T16:59:46.739+0000: 350.953: [GC [PSYoungGen: 54336K->288K(53888K)] 90871K->36871K(740864K), 0.0026070 secs] [Times: user=0.01 sys=0.00, real=0.00 secs] 
2014-07-28T16:59:47.112+0000: 351.326: [GC [PSYoungGen: 53815K->274K(53440K)] 90399K->36881K(740416K), 0.0027770 secs] [Times: user=0.01 sys=0.00, real=0.01 secs] 
2014-07-28T16:59:47.486+0000: 351.700: [GC [PSYoungGen: 53394K->416K(53120K)] 90001K->37095K(740096K), 0.0033630 secs] [Times: user=0.02 sys=0.00, real=0.00 secs] 
2014-07-28T16:59:47.854+0000: 352.067: [GC [PSYoungGen: 53088K->256K(52544K)] 89767K->36967K(739520K), 0.0032710 secs] [Times: user=0.02 sys=0.00, real=0.00 secs] 
2014-07-28T16:59:48.223+0000: 352.437: [GC [PSYoungGen: 52544K->448K(52352K)] 89255K->37191K(739328K), 0.0018940 secs] [Times: user=0.01 sys=0.00, real=0.00 secs] 
2014-07-28T16:59:48.590+0000: 352.804: [GC [PSYoungGen: 52352K->352K(51904K)] 89095K->37175K(738880K), 0.0030230 secs] [Times: user=0.02 sys=0.00, real=0.01 secs] 
2014-07-28T16:59:48.945+0000: 353.159: [GC [PSYoungGen: 51836K->416K(51584K)] 88660K->37271K(738560K), 0.0026050 secs] [Times: user=0.01 sys=0.01, real=0.00 secs] 
2014-07-28T16:59:49.304+0000: 353.518: [GC [PSYoungGen: 51503K->352K(51136K)] 88358K->37295K(738112K), 0.0031390 secs] [Times: user=0.02 sys=0.00, real=0.00 secs] 
2014-07-28T16:59:49.660+0000: 353.874: [GC [PSYoungGen: 51104K->338K(50752K)] 88047K->37337K(737728K), 0.0037680 secs] [Times: user=0.02 sys=0.01, real=0.01 secs] 
2014-07-28T16:59:50.011+0000: 354.225: [GC [PSYoungGen: 50706K->288K(50304K)] 87705K->37319K(737280K), 0.0054790 secs] [Times: user=0.03 sys=0.00, real=0.01 secs] 
2014-07-28T16:59:50.361+0000: 354.575: [GC [PSYoungGen: 50272K->416K(60480K)] 87303K->37527K(747456K), 0.0048580 secs] [Times: user=0.02 sys=0.00, real=0.01 secs] 
2014-07-28T16:59:50.782+0000: 354.995: [GC [PSYoungGen: 60448K->256K(59776K)] 97559K->37399K(746752K), 0.0024580 secs] [Times: user=0.01 sys=0.00, real=0.01 secs] 
2014-07-28T16:59:51.204+0000: 355.418: [GC [PSYoungGen: 59763K->384K(59392K)] 96907K->37551K(746368K), 0.0031950 secs] [Times: user=0.02 sys=0.00, real=0.00 secs] 
2014-07-28T16:59:51.618+0000: 355.832: [GC [PSYoungGen: 59392K->320K(58816K)] 96559K->37559K(745792K), 0.0027450 secs] [Times: user=0.01 sys=0.00, real=0.00 secs] 
2014-07-28T16:59:52.025+0000: 356.239: [GC [PSYoungGen: 58816K->352K(58368K)] 96055K->37623K(745344K), 0.0020670 secs] [Times: user=0.02 sys=0.00, real=0.00 secs] 
2014-07-28T16:59:52.431+0000: 356.644: [GC [PSYoungGen: 58335K->320K(57792K)] 95607K->37655K(744768K), 0.0026130 secs] [Times: user=0.01 sys=0.00, real=0.00 secs] 
2014-07-28T16:59:52.836+0000: 357.049: [GC [PSYoungGen: 57792K->384K(57344K)] 95127K->37751K(744320K), 0.0020080 secs] [Times: user=0.01 sys=0.00, real=0.00 secs] 
2014-07-28T16:59:53.236+0000: 357.450: [GC [PSYoungGen: 57344K->320K(56768K)] 94711K->37727K(743744K), 0.0024510 secs] [Times: user=0.01 sys=0.00, real=0.00 secs] 
2014-07-28T16:59:53.630+0000: 357.844: [GC [PSYoungGen: 56768K->384K(56384K)] 94175K->37863K(743360K), 0.0022700 secs] [Times: user=0.01 sys=0.00, real=0.00 secs] 
2014-07-28T16:59:54.021+0000: 358.234: [GC [PSYoungGen: 56384K->160K(55744K)] 93863K->37639K(742720K), 0.0085650 secs] [Times: user=0.04 sys=0.00, real=0.01 secs] 
2014-07-28T16:59:54.409+0000: 358.623: [GC [PSYoungGen: 55712K->320K(55424K)] 93191K->37871K(742400K), 0.0027060 secs] [Times: user=0.02 sys=0.00, real=0.00 secs] 
2014-07-28T16:59:54.797+0000: 359.011: [GC [PSYoungGen: 55418K->288K(54976K)] 92970K->37887K(741952K), 0.0021350 secs] [Times: user=0.01 sys=0.00, real=0.00 secs] 
2014-07-28T16:59:55.181+0000: 359.395: [GC [PSYoungGen: 54944K->288K(54528K)] 92543K->37919K(741504K), 0.0034910 secs] [Times: user=0.02 sys=0.01, real=0.01 secs] 
2014-07-28T16:59:55.561+0000: 359.775: [GC [PSYoungGen: 54496K->320K(54080K)] 92127K->38023K(741056K), 0.0023700 secs] [Times: user=0.02 sys=0.00, real=0.00 secs] 
2014-07-28T16:59:55.937+0000: 360.151: [GC [PSYoungGen: 54080K->352K(53696K)] 91783K->38095K(740672K), 0.0037860 secs] [Times: user=0.02 sys=0.00, real=0.00 secs] 
2014-07-28T16:59:56.313+0000: 360.527: [GC [PSYoungGen: 53664K->224K(53120K)] 91407K->38015K(740096K), 0.0025800 secs] [Times: user=0.01 sys=0.00, real=0.01 secs] 
2014-07-28T16:59:56.685+0000: 360.899: [GC [PSYoungGen: 53064K->352K(52800K)] 90856K->38167K(739776K), 0.0047330 secs] [Times: user=0.02 sys=0.00, real=0.00 secs] 
2014-07-28T16:59:57.049+0000: 361.263: [GC [PSYoungGen: 52768K->370K(52416K)] 90583K->38241K(739392K), 0.0036000 secs] [Times: user=0.02 sys=0.00, real=0.00 secs] 
2014-07-28T16:59:57.416+0000: 361.630: [GC [PSYoungGen: 52402K->320K(62784K)] 90273K->38239K(749760K), 0.0064120 secs] [Times: user=0.03 sys=0.00, real=0.00 secs] 
2014-07-28T16:59:57.852+0000: 362.066: [GC [PSYoungGen: 62784K->352K(62272K)] 100703K->38319K(749248K), 0.0022040 secs] [Times: user=0.01 sys=0.00, real=0.01 secs] 
2014-07-28T16:59:58.290+0000: 362.504: [GC [PSYoungGen: 62240K->320K(61632K)] 100207K->38319K(748608K), 0.0023050 secs] [Times: user=0.01 sys=0.00, real=0.00 secs] 
2014-07-28T16:59:58.719+0000: 362.933: [GC [PSYoungGen: 61632K->288K(61056K)] 99631K->38351K(748032K), 0.0034580 secs] [Times: user=0.02 sys=0.01, real=0.00 secs] 
2014-07-28T16:59:59.145+0000: 363.359: [GC [PSYoungGen: 61024K->320K(60480K)] 99087K->38431K(747456K), 0.0038480 secs] [Times: user=0.02 sys=0.00, real=0.01 secs] 
2014-07-28T16:59:59.565+0000: 363.778: [GC [PSYoungGen: 60480K->352K(60032K)] 98591K->38551K(747008K), 0.0026610 secs] [Times: user=0.02 sys=0.00, real=0.01 secs] 
2014-07-28T16:59:59.983+0000: 364.197: [GC [PSYoungGen: 59972K->256K(59392K)] 98171K->38601K(746368K), 0.0047910 secs] [Times: user=0.03 sys=0.00, real=0.01 secs] 
2014-07-28T17:00:00.396+0000: 364.609: [GC [PSYoungGen: 59392K->352K(59008K)] 97737K->38745K(745984K), 0.0059160 secs] [Times: user=0.03 sys=0.00, real=0.00 secs] 
2014-07-28T17:00:00.803+0000: 365.017: [GC [PSYoungGen: 58976K->256K(70656K)] 97369K->38681K(757632K), 0.0077770 secs] [Times: user=0.04 sys=0.00, real=0.01 secs] 
2014-07-28T17:00:01.299+0000: 365.513: [GC [PSYoungGen: 70655K->256K(80000K)] 109081K->38713K(766976K), 0.0039500 secs] [Times: user=0.02 sys=0.00, real=0.00 secs] 
2014-07-28T17:00:01.854+0000: 366.068: [GC [PSYoungGen: 79743K->416K(79040K)] 118201K->38977K(766016K), 0.0026720 secs] [Times: user=0.01 sys=0.00, real=0.01 secs] 
2014-07-28T17:00:02.408+0000: 366.622: [GC [PSYoungGen: 79008K->320K(78016K)] 117569K->38889K(764992K), 0.0049570 secs] [Times: user=0.03 sys=0.00, real=0.00 secs] 
2014-07-28T17:00:02.952+0000: 367.166: [GC [PSYoungGen: 78016K->320K(77120K)] 116585K->39009K(764096K), 0.0034570 secs] [Times: user=0.02 sys=0.00, real=0.01 secs] 
2014-07-28T17:00:03.488+0000: 367.701: [GC [PSYoungGen: 77120K->256K(76224K)] 115809K->38993K(763200K), 0.0058720 secs] [Times: user=0.03 sys=0.00, real=0.00 secs] 
2014-07-28T17:00:04.019+0000: 368.233: [GC [PSYoungGen: 76208K->320K(75456K)] 114945K->39073K(762432K), 0.0031770 secs] [Times: user=0.02 sys=0.00, real=0.00 secs] 
2014-07-28T17:00:04.546+0000: 368.760: [GC [PSYoungGen: 75456K->384K(74688K)] 114209K->39225K(761664K), 0.0037400 secs] [Times: user=0.02 sys=0.00, real=0.00 secs] 
2014-07-28T17:00:05.067+0000: 369.281: [GC [PSYoungGen: 74688K->320K(73856K)] 113529K->39177K(760832K), 0.0035380 secs] [Times: user=0.01 sys=0.01, real=0.00 secs] 
2014-07-28T17:00:05.583+0000: 369.796: [GC [PSYoungGen: 73856K->192K(72960K)] 112713K->39089K(759936K), 0.0024900 secs] [Times: user=0.01 sys=0.00, real=0.00 secs] 
2014-07-28T17:00:06.093+0000: 370.306: [GC [PSYoungGen: 72947K->320K(72320K)] 111844K->39241K(759296K), 0.0031450 secs] [Times: user=0.02 sys=0.00, real=0.01 secs] 
2014-07-28T17:00:06.596+0000: 370.810: [GC [PSYoungGen: 72320K->416K(71680K)] 111241K->39409K(758656K), 0.0037540 secs] [Times: user=0.01 sys=0.00, real=0.00 secs] 
2014-07-28T17:00:07.096+0000: 371.310: [GC [PSYoungGen: 71648K->320K(70784K)] 110641K->39385K(757760K), 0.0030630 secs] [Times: user=0.02 sys=0.00, real=0.01 secs] 
2014-07-28T17:00:07.594+0000: 371.807: [GC [PSYoungGen: 70753K->224K(70016K)] 109818K->39329K(756992K), 0.0028840 secs] [Times: user=0.01 sys=0.01, real=0.01 secs] 
2014-07-28T17:00:08.082+0000: 372.296: [GC [PSYoungGen: 69984K->384K(69440K)] 109089K->39513K(756416K), 0.0027070 secs] [Times: user=0.02 sys=0.00, real=0.00 secs] 
2014-07-28T17:00:08.565+0000: 372.779: [GC [PSYoungGen: 69440K->160K(68544K)] 108569K->39321K(755520K), 0.0060640 secs] [Times: user=0.04 sys=0.00, real=0.01 secs] 
2014-07-28T17:00:09.044+0000: 373.258: [GC [PSYoungGen: 68512K->160K(67840K)] 107673K->39337K(754816K), 0.0080650 secs] [Times: user=0.04 sys=0.01, real=0.01 secs] 
2014-07-28T17:00:09.519+0000: 373.732: [GC [PSYoungGen: 67808K->256K(81472K)] 106985K->39457K(768448K), 0.0161980 secs] [Times: user=0.09 sys=0.01, real=0.01 secs] 
2014-07-28T17:00:10.090+0000: 374.303: [GC [PSYoungGen: 81472K->224K(81920K)] 120673K->39449K(768896K), 0.0063130 secs] [Times: user=0.04 sys=0.01, real=0.01 secs] 
2014-07-28T17:00:10.663+0000: 374.877: [GC [PSYoungGen: 81632K->160K(81920K)] 120857K->39393K(768896K), 0.0050400 secs] [Times: user=0.02 sys=0.01, real=0.01 secs] 
2014-07-28T17:00:11.241+0000: 375.454: [GC [PSYoungGen: 81568K->256K(98240K)] 120801K->39521K(785216K), 0.0047100 secs] [Times: user=0.02 sys=0.00, real=0.00 secs] 
2014-07-28T17:00:11.924+0000: 376.138: [GC [PSYoungGen: 97984K->320K(98240K)] 137249K->39649K(785216K), 0.0046560 secs] [Times: user=0.03 sys=0.01, real=0.01 secs] 
2014-07-28T17:00:12.611+0000: 376.825: [GC [PSYoungGen: 98048K->352K(117824K)] 137377K->39729K(804800K), 0.0061210 secs] [Times: user=0.03 sys=0.00, real=0.01 secs] 
2014-07-28T17:00:13.429+0000: 377.643: [GC [PSYoungGen: 117664K->320K(115840K)] 157041K->39737K(802816K), 0.0039850 secs] [Times: user=0.03 sys=0.00, real=0.00 secs] 
2014-07-28T17:00:14.246+0000: 378.460: [GC [PSYoungGen: 115840K->256K(114048K)] 155257K->39753K(801024K), 0.0026550 secs] [Times: user=0.01 sys=0.00, real=0.01 secs] 
2014-07-28T17:00:15.040+0000: 379.254: [GC [PSYoungGen: 114048K->388K(112512K)] 153545K->39933K(799488K), 0.0036650 secs] [Times: user=0.02 sys=0.00, real=0.00 secs] 
2014-07-28T17:00:15.831+0000: 380.045: [GC [PSYoungGen: 112452K->352K(110784K)] 151997K->39945K(797760K), 0.0027960 secs] [Times: user=0.01 sys=0.01, real=0.00 secs] 
2014-07-28T17:00:16.606+0000: 380.820: [GC [PSYoungGen: 110752K->320K(109120K)] 150345K->39929K(796096K), 0.0039800 secs] [Times: user=0.02 sys=0.00, real=0.01 secs] 
2014-07-28T17:00:17.366+0000: 381.580: [GC [PSYoungGen: 109120K->288K(107520K)] 148729K->39953K(794496K), 0.0036060 secs] [Times: user=0.02 sys=0.00, real=0.01 secs] 
2014-07-28T17:00:18.115+0000: 382.329: [GC [PSYoungGen: 107457K->320K(105984K)] 147123K->40049K(792960K), 0.0032240 secs] [Times: user=0.02 sys=0.00, real=0.01 secs] 
2014-07-28T17:00:18.859+0000: 383.073: [GC [PSYoungGen: 105984K->160K(104320K)] 145713K->39905K(791296K), 0.0030720 secs] [Times: user=0.01 sys=0.00, real=0.00 secs] 
2014-07-28T17:00:19.591+0000: 383.805: [GC [PSYoungGen: 104288K->256K(102912K)] 144033K->40025K(789888K), 0.0046960 secs] [Times: user=0.02 sys=0.00, real=0.00 secs] 
2014-07-28T17:00:20.310+0000: 384.523: [GC [PSYoungGen: 102912K->256K(101504K)] 142681K->40065K(788480K), 0.0076690 secs] [Times: user=0.04 sys=0.00, real=0.00 secs] 
2014-07-28T17:00:21.021+0000: 385.235: [GC [PSYoungGen: 101504K->242K(100096K)] 141313K->40091K(787072K), 0.0024650 secs] [Times: user=0.01 sys=0.00, real=0.00 secs] 
2014-07-28T17:00:21.725+0000: 385.938: [GC [PSYoungGen: 100082K->420K(98944K)] 139931K->40309K(785920K), 0.0049680 secs] [Times: user=0.02 sys=0.00, real=0.01 secs] 
2014-07-28T17:00:22.426+0000: 386.640: [GC [PSYoungGen: 98916K->352K(97536K)] 138805K->40265K(784512K), 0.0052090 secs] [Times: user=0.02 sys=0.01, real=0.01 secs] 
2014-07-28T17:00:23.100+0000: 387.314: [GC [PSYoungGen: 97504K->256K(96128K)] 137417K->40289K(783104K), 0.0024300 secs] [Times: user=0.02 sys=0.01, real=0.01 secs] 
2014-07-28T17:00:23.769+0000: 387.983: [GC [PSYoungGen: 96128K->320K(94912K)] 136161K->40417K(781888K), 0.0034810 secs] [Times: user=0.02 sys=0.00, real=0.00 secs] 
2014-07-28T17:00:24.432+0000: 388.646: [GC [PSYoungGen: 94912K->256K(93632K)] 135009K->40369K(780608K), 0.0026080 secs] [Times: user=0.02 sys=0.00, real=0.00 secs] 
2014-07-28T17:00:25.089+0000: 389.302: [GC [PSYoungGen: 93632K->448K(92608K)] 133745K->40657K(779584K), 0.0031630 secs] [Times: user=0.02 sys=0.00, real=0.00 secs] 
2014-07-28T17:00:25.735+0000: 389.949: [GC [PSYoungGen: 92608K->352K(91392K)] 132817K->40625K(778368K), 0.0030080 secs] [Times: user=0.01 sys=0.01, real=0.00 secs] 
2014-07-28T17:00:26.371+0000: 390.584: [GC [PSYoungGen: 91339K->498K(90368K)] 131612K->40811K(777344K), 0.0029660 secs] [Times: user=0.02 sys=0.00, real=0.00 secs] 
2014-07-28T17:00:27.002+0000: 391.215: [GC [PSYoungGen: 90354K->192K(88896K)] 130667K->40633K(775872K), 0.0046470 secs] [Times: user=0.02 sys=0.00, real=0.00 secs] 
2014-07-28T17:00:27.630+0000: 391.844: [GC [PSYoungGen: 88896K->274K(87936K)] 129337K->40755K(774912K), 0.0038840 secs] [Times: user=0.01 sys=0.00, real=0.00 secs] 
2014-07-28T17:00:28.253+0000: 392.467: [GC [PSYoungGen: 87890K->288K(86848K)] 128371K->40793K(773824K), 0.0057190 secs] [Times: user=0.03 sys=0.00, real=0.01 secs] 
2014-07-28T17:00:28.856+0000: 393.070: [GC [PSYoungGen: 86816K->352K(85888K)] 127321K->40889K(772864K), 0.0077140 secs] [Times: user=0.04 sys=0.00, real=0.01 secs] 
2014-07-28T17:00:29.455+0000: 393.669: [GC [PSYoungGen: 85856K->288K(84800K)] 126393K->40833K(771776K), 0.0042390 secs] [Times: user=0.01 sys=0.01, real=0.01 secs] 
2014-07-28T17:00:30.048+0000: 394.261: [GC [PSYoungGen: 84768K->512K(83968K)] 125313K->41121K(770944K), 0.0057570 secs] [Times: user=0.04 sys=0.00, real=0.01 secs] 
2014-07-28T17:00:30.633+0000: 394.846: [GC [PSYoungGen: 83968K->256K(82752K)] 124577K->40953K(769728K), 0.0047220 secs] [Times: user=0.03 sys=0.00, real=0.00 secs] 
2014-07-28T17:00:31.212+0000: 395.426: [GC [PSYoungGen: 82752K->320K(81856K)] 123449K->41025K(768832K), 0.0051660 secs] [Times: user=0.03 sys=0.01, real=0.00 secs] 
2014-07-28T17:00:31.786+0000: 396.000: [GC [PSYoungGen: 81856K->224K(80832K)] 122561K->40969K(767808K), 0.0050780 secs] [Times: user=0.03 sys=0.00, real=0.01 secs] 
2014-07-28T17:00:32.352+0000: 396.566: [GC [PSYoungGen: 80800K->242K(79936K)] 121545K->41003K(766912K), 0.0056380 secs] [Times: user=0.04 sys=0.00, real=0.00 secs] 
2014-07-28T17:00:32.911+0000: 397.125: [GC [PSYoungGen: 79922K->192K(78976K)] 120683K->40985K(765952K), 0.0029190 secs] [Times: user=0.02 sys=0.00, real=0.00 secs] 
2014-07-28T17:00:33.465+0000: 397.679: [GC [PSYoungGen: 78976K->448K(78336K)] 119769K->41321K(765312K), 0.0032160 secs] [Times: user=0.01 sys=0.00, real=0.00 secs] 
2014-07-28T17:00:34.015+0000: 398.229: [GC [PSYoungGen: 78336K->320K(77312K)] 119209K->41241K(764288K), 0.0038610 secs] [Times: user=0.03 sys=0.00, real=0.00 secs] 
2014-07-28T17:00:34.555+0000: 398.769: [GC [PSYoungGen: 77305K->416K(76608K)] 118227K->41417K(763584K), 0.0025580 secs] [Times: user=0.01 sys=0.01, real=0.00 secs] 
2014-07-28T17:00:35.094+0000: 399.308: [GC [PSYoungGen: 76576K->224K(75584K)] 117577K->41233K(762560K), 0.0041790 secs] [Times: user=0.01 sys=0.00, real=0.00 secs] 
2014-07-28T17:00:35.628+0000: 399.842: [GC [PSYoungGen: 75550K->224K(74752K)] 116560K->41249K(761728K), 0.0036110 secs] [Times: user=0.01 sys=0.01, real=0.01 secs] 
2014-07-28T17:00:36.157+0000: 400.371: [GC [PSYoungGen: 74720K->306K(73984K)] 115745K->41339K(760960K), 0.0035100 secs] [Times: user=0.02 sys=0.00, real=0.01 secs] 
2014-07-28T17:00:36.668+0000: 400.882: [GC [PSYoungGen: 73970K->160K(73088K)] 115003K->41217K(760064K), 0.0031890 secs] [Times: user=0.01 sys=0.00, real=0.01 secs] 
2014-07-28T17:00:37.179+0000: 401.393: [GC [PSYoungGen: 73055K->448K(72576K)] 114113K->41545K(759552K), 0.0027680 secs] [Times: user=0.02 sys=0.00, real=0.01 secs] 
2014-07-28T17:00:37.682+0000: 401.896: [GC [PSYoungGen: 72576K->256K(71616K)] 113673K->41409K(758592K), 0.0023230 secs] [Times: user=0.01 sys=0.00, real=0.00 secs] 
2014-07-28T17:00:38.183+0000: 402.396: [GC [PSYoungGen: 71616K->448K(71040K)] 112769K->41641K(758016K), 0.0020480 secs] [Times: user=0.02 sys=0.00, real=0.00 secs] 
2014-07-28T17:00:38.675+0000: 402.889: [GC [PSYoungGen: 71040K->224K(70144K)] 112233K->41457K(757120K), 0.0048210 secs] [Times: user=0.02 sys=0.01, real=0.00 secs] 
2014-07-28T17:00:39.168+0000: 403.382: [GC [PSYoungGen: 70112K->352K(69568K)] 111345K->41609K(756544K), 0.0036310 secs] [Times: user=0.02 sys=0.00, real=0.01 secs] 
2014-07-28T17:00:39.656+0000: 403.869: [GC [PSYoungGen: 69536K->224K(68736K)] 110793K->41529K(755712K), 0.0036150 secs] [Times: user=0.02 sys=0.00, real=0.00 secs] 
2014-07-28T17:00:40.135+0000: 404.348: [GC [PSYoungGen: 68704K->352K(68160K)] 110009K->41673K(755136K), 0.0037920 secs] [Times: user=0.02 sys=0.01, real=0.00 secs] 
2014-07-28T17:00:40.613+0000: 404.827: [GC [PSYoungGen: 68128K->224K(67328K)] 109449K->41585K(754304K), 0.0034830 secs] [Times: user=0.01 sys=0.00, real=0.00 secs] 
2014-07-28T17:00:41.083+0000: 405.297: [GC [PSYoungGen: 67290K->288K(66752K)] 108652K->41665K(753728K), 0.0040000 secs] [Times: user=0.02 sys=0.00, real=0.00 secs] 
2014-07-28T17:00:41.555+0000: 405.769: [GC [PSYoungGen: 66715K->320K(66112K)] 108093K->41753K(753088K), 0.0036150 secs] [Times: user=0.01 sys=0.01, real=0.00 secs] 
2014-07-28T17:00:42.022+0000: 406.236: [GC [PSYoungGen: 66112K->256K(65408K)] 107545K->41705K(752384K), 0.0044260 secs] [Times: user=0.02 sys=0.00, real=0.00 secs] 
2014-07-28T17:00:42.489+0000: 406.703: [GC [PSYoungGen: 65408K->320K(64832K)] 106857K->41809K(751808K), 0.0060580 secs] [Times: user=0.03 sys=0.01, real=0.01 secs] 
2014-07-28T17:00:42.928+0000: 407.141: [GC [PSYoungGen: 64832K->306K(64192K)] 106321K->41803K(751168K), 0.0024590 secs] [Times: user=0.01 sys=0.00, real=0.00 secs] 
2014-07-28T17:00:43.372+0000: 407.586: [GC [PSYoungGen: 64131K->416K(63744K)] 105628K->41993K(750720K), 0.0026420 secs] [Times: user=0.01 sys=0.01, real=0.00 secs] 
2014-07-28T17:00:43.817+0000: 408.030: [GC [PSYoungGen: 63712K->320K(63040K)] 105289K->42033K(750016K), 0.0029000 secs] [Times: user=0.02 sys=0.00, real=0.00 secs] 
2014-07-28T17:00:44.259+0000: 408.472: [GC [PSYoungGen: 63015K->192K(62336K)] 104728K->41929K(749312K), 0.0054980 secs] [Times: user=0.03 sys=0.00, real=0.01 secs] 
2014-07-28T17:00:44.689+0000: 408.903: [GC [PSYoungGen: 62336K->192K(61760K)] 104073K->41961K(748736K), 0.0057770 secs] [Times: user=0.03 sys=0.01, real=0.01 secs] 
2014-07-28T17:00:45.120+0000: 409.333: [GC [PSYoungGen: 61760K->384K(61376K)] 103529K->42169K(748352K), 0.0040440 secs] [Times: user=0.02 sys=0.00, real=0.01 secs] 
2014-07-28T17:00:45.550+0000: 409.764: [GC [PSYoungGen: 61376K->416K(60864K)] 103161K->42281K(747840K), 0.0026660 secs] [Times: user=0.01 sys=0.00, real=0.01 secs] 
2014-07-28T17:00:45.973+0000: 410.186: [GC [PSYoungGen: 60832K->320K(60224K)] 102697K->42233K(747200K), 0.0030010 secs] [Times: user=0.02 sys=0.00, real=0.00 secs] 
2014-07-28T17:00:46.391+0000: 410.605: [GC [PSYoungGen: 60224K->256K(59648K)] 102137K->42217K(746624K), 0.0043030 secs] [Times: user=0.02 sys=0.00, real=0.01 secs] 
2014-07-28T17:00:46.811+0000: 411.025: [GC [PSYoungGen: 59648K->320K(59200K)] 101609K->42337K(746176K), 0.0036210 secs] [Times: user=0.02 sys=0.00, real=0.01 secs] 
2014-07-28T17:00:47.224+0000: 411.438: [GC [PSYoungGen: 59200K->484K(58880K)] 101217K->42517K(745856K), 0.0038770 secs] [Times: user=0.01 sys=0.00, real=0.00 secs] 
2014-07-28T17:00:47.635+0000: 411.849: [GC [PSYoungGen: 58852K->320K(58176K)] 100885K->42409K(745152K), 0.0034060 secs] [Times: user=0.01 sys=0.01, real=0.00 secs] 
2014-07-28T17:00:48.050+0000: 412.264: [GC [PSYoungGen: 58176K->256K(57600K)] 100265K->42361K(744576K), 0.0042860 secs] [Times: user=0.02 sys=0.01, real=0.01 secs] 
2014-07-28T17:00:48.457+0000: 412.671: [GC [PSYoungGen: 57600K->448K(69312K)] 99705K->42601K(756288K), 0.0059750 secs] [Times: user=0.04 sys=0.00, real=0.01 secs] 
2014-07-28T17:00:48.950+0000: 413.164: [GC [PSYoungGen: 69312K->352K(83072K)] 111465K->42545K(770048K), 0.0056290 secs] [Times: user=0.03 sys=0.00, real=0.01 secs] 
2014-07-28T17:00:49.527+0000: 413.740: [GC [PSYoungGen: 83040K->352K(99648K)] 125233K->42609K(786624K), 0.0051940 secs] [Times: user=0.03 sys=0.01, real=0.00 secs] 
2014-07-28T17:00:50.223+0000: 414.437: [GC [PSYoungGen: 99577K->320K(98240K)] 141835K->42601K(785216K), 0.0032310 secs] [Times: user=0.02 sys=0.00, real=0.00 secs] 
2014-07-28T17:00:50.908+0000: 415.122: [GC [PSYoungGen: 98240K->224K(96832K)] 140521K->42545K(783808K), 0.0050220 secs] [Times: user=0.03 sys=0.00, real=0.01 secs] 
2014-07-28T17:00:51.589+0000: 415.802: [GC [PSYoungGen: 96800K->160K(95488K)] 139121K->42505K(782464K), 0.0029750 secs] [Times: user=0.01 sys=0.00, real=0.00 secs] 
2014-07-28T17:00:52.259+0000: 416.473: [GC [PSYoungGen: 95456K->384K(94400K)] 137801K->42785K(781376K), 0.0032970 secs] [Times: user=0.02 sys=0.00, real=0.00 secs] 
2014-07-28T17:00:52.915+0000: 417.129: [GC [PSYoungGen: 94400K->192K(92992K)] 136801K->42617K(779968K), 0.0030490 secs] [Times: user=0.01 sys=0.00, real=0.00 secs] 
2014-07-28T17:00:53.567+0000: 417.781: [GC [PSYoungGen: 92992K->224K(91840K)] 135417K->42689K(778816K), 0.0043210 secs] [Times: user=0.02 sys=0.01, real=0.00 secs] 
2014-07-28T17:00:54.208+0000: 418.422: [GC [PSYoungGen: 91808K->288K(90752K)] 134273K->42809K(777728K), 0.0035090 secs] [Times: user=0.01 sys=0.01, real=0.00 secs] 
2014-07-28T17:00:54.844+0000: 419.058: [GC [PSYoungGen: 90692K->256K(89536K)] 133213K->42809K(776512K), 0.0046500 secs] [Times: user=0.02 sys=0.00, real=0.00 secs] 
2014-07-28T17:00:55.469+0000: 419.683: [GC [PSYoungGen: 89486K->448K(88640K)] 132040K->43033K(775616K), 0.0040290 secs] [Times: user=0.03 sys=0.00, real=0.00 secs] 
2014-07-28T17:00:56.098+0000: 420.311: [GC [PSYoungGen: 88640K->288K(87424K)] 131225K->42921K(774400K), 0.0035080 secs] [Times: user=0.02 sys=0.00, real=0.00 secs] 
2014-07-28T17:00:56.705+0000: 420.919: [GC [PSYoungGen: 87392K->224K(86272K)] 130025K->42913K(773248K), 0.0036450 secs] [Times: user=0.02 sys=0.01, real=0.00 secs] 
2014-07-28T17:00:57.311+0000: 421.525: [GC [PSYoungGen: 86240K->384K(85376K)] 128929K->43097K(772352K), 0.0026790 secs] [Times: user=0.02 sys=0.00, real=0.01 secs] 
2014-07-28T17:00:57.906+0000: 422.120: [GC [PSYoungGen: 85376K->352K(84352K)] 128089K->43145K(771328K), 0.0028320 secs] [Times: user=0.01 sys=0.01, real=0.00 secs] 
2014-07-28T17:00:58.494+0000: 422.708: [GC [PSYoungGen: 84320K->320K(83264K)] 127113K->43129K(770240K), 0.0045810 secs] [Times: user=0.01 sys=0.00, real=0.00 secs] 
2014-07-28T17:00:59.076+0000: 423.289: [GC [PSYoungGen: 83264K->352K(82368K)] 126073K->43225K(769344K), 0.0031690 secs] [Times: user=0.02 sys=0.00, real=0.00 secs] 
2014-07-28T17:00:59.651+0000: 423.865: [GC [PSYoungGen: 82336K->352K(81408K)] 125209K->43281K(768384K), 0.0033900 secs] [Times: user=0.02 sys=0.00, real=0.01 secs] 
2014-07-28T17:01:00.221+0000: 424.435: [GC [PSYoungGen: 81376K->288K(80384K)] 124305K->43233K(767360K), 0.0032430 secs] [Times: user=0.01 sys=0.01, real=0.01 secs] 
2014-07-28T17:01:00.779+0000: 424.993: [GC [PSYoungGen: 80352K->224K(79424K)] 123297K->43209K(766400K), 0.0022450 secs] [Times: user=0.01 sys=0.00, real=0.00 secs] 
2014-07-28T17:01:01.338+0000: 425.552: [GC [PSYoungGen: 79381K->448K(78720K)] 122367K->43465K(765696K), 0.0034900 secs] [Times: user=0.02 sys=0.01, real=0.00 secs] 
2014-07-28T17:01:01.885+0000: 426.098: [GC [PSYoungGen: 78720K->512K(77888K)] 121737K->43601K(764864K), 0.0037900 secs] [Times: user=0.02 sys=0.00, real=0.00 secs] 
2014-07-28T17:01:02.428+0000: 426.642: [GC [PSYoungGen: 77888K->128K(76672K)] 120977K->43281K(763648K), 0.0053720 secs] [Times: user=0.02 sys=0.00, real=0.01 secs] 
2014-07-28T17:01:02.961+0000: 427.175: [GC [PSYoungGen: 76664K->384K(76096K)] 119818K->43609K(763072K), 0.0026110 secs] [Times: user=0.01 sys=0.01, real=0.01 secs] 
2014-07-28T17:01:03.491+0000: 427.705: [GC [PSYoungGen: 76096K->384K(75264K)] 119321K->43697K(762240K), 0.0029720 secs] [Times: user=0.01 sys=0.01, real=0.01 secs] 
2014-07-28T17:01:04.018+0000: 428.231: [GC [PSYoungGen: 75264K->416K(74496K)] 118577K->43761K(761472K), 0.0036010 secs] [Times: user=0.02 sys=0.00, real=0.00 secs] 
2014-07-28T17:01:04.538+0000: 428.752: [GC [PSYoungGen: 74464K->384K(73664K)] 117809K->43825K(760640K), 0.0029480 secs] [Times: user=0.02 sys=0.00, real=0.00 secs] 
2014-07-28T17:01:05.054+0000: 429.268: [GC [PSYoungGen: 73664K->288K(72832K)] 117105K->43753K(759808K), 0.0032790 secs] [Times: user=0.02 sys=0.00, real=0.01 secs] 
2014-07-28T17:01:05.562+0000: 429.776: [GC [PSYoungGen: 72800K->256K(72000K)] 116265K->43769K(758976K), 0.0042180 secs] [Times: user=0.02 sys=0.00, real=0.01 secs] 
2014-07-28T17:01:06.064+0000: 430.278: [GC [PSYoungGen: 72000K->416K(71424K)] 115513K->43969K(758400K), 0.0028880 secs] [Times: user=0.01 sys=0.00, real=0.01 secs] 
2014-07-28T17:01:06.563+0000: 430.777: [GC [PSYoungGen: 71392K->320K(70592K)] 114945K->43929K(757568K), 0.0053560 secs] [Times: user=0.04 sys=0.01, real=0.01 secs] 
2014-07-28T17:01:07.056+0000: 431.270: [GC [PSYoungGen: 70592K->256K(69824K)] 114201K->43873K(756800K), 0.0039470 secs] [Times: user=0.03 sys=0.01, real=0.00 secs] 
2014-07-28T17:01:07.543+0000: 431.756: [GC [PSYoungGen: 69824K->384K(69248K)] 113441K->44089K(756224K), 0.0026200 secs] [Times: user=0.01 sys=0.01, real=0.01 secs] 
2014-07-28T17:01:08.030+0000: 432.244: [GC [PSYoungGen: 69248K->288K(68480K)] 112953K->44009K(755456K), 0.0031280 secs] [Times: user=0.01 sys=0.01, real=0.00 secs] 
2014-07-28T17:01:08.509+0000: 432.722: [GC [PSYoungGen: 68448K->288K(67776K)] 112169K->44049K(754752K), 0.0052020 secs] [Times: user=0.02 sys=0.00, real=0.00 secs] 
2014-07-28T17:01:08.984+0000: 433.198: [GC [PSYoungGen: 67731K->288K(67136K)] 111492K->44065K(754112K), 0.0055210 secs] [Times: user=0.03 sys=0.00, real=0.01 secs] 
2014-07-28T17:01:09.454+0000: 433.668: [GC [PSYoungGen: 67104K->320K(66496K)] 110881K->44145K(753472K), 0.0044990 secs] [Times: user=0.02 sys=0.01, real=0.01 secs] 
2014-07-28T17:01:09.918+0000: 434.132: [GC [PSYoungGen: 66496K->352K(79808K)] 110321K->44193K(766784K), 0.0096170 secs] [Times: user=0.05 sys=0.01, real=0.01 secs] 
2014-07-28T17:01:10.474+0000: 434.688: [GC [PSYoungGen: 79776K->256K(95616K)] 123617K->44137K(782592K), 0.0040430 secs] [Times: user=0.03 sys=0.00, real=0.01 secs] 
2014-07-28T17:01:11.140+0000: 435.354: [GC [PSYoungGen: 95616K->416K(94528K)] 139497K->44369K(781504K), 0.0024460 secs] [Times: user=0.02 sys=0.00, real=0.00 secs] 
2014-07-28T17:01:11.802+0000: 436.016: [GC [PSYoungGen: 94496K->288K(93184K)] 138449K->44313K(780160K), 0.0026530 secs] [Times: user=0.01 sys=0.01, real=0.00 secs] 
2014-07-28T17:01:12.453+0000: 436.666: [GC [PSYoungGen: 93152K->320K(91968K)] 137177K->44377K(778944K), 0.0035050 secs] [Times: user=0.02 sys=0.00, real=0.01 secs] 
2014-07-28T17:01:13.098+0000: 437.312: [GC [PSYoungGen: 91968K->256K(90752K)] 136025K->44353K(777728K), 0.0060950 secs] [Times: user=0.04 sys=0.00, real=0.00 secs] 
2014-07-28T17:01:13.734+0000: 437.948: [GC [PSYoungGen: 90752K->224K(89600K)] 134849K->44377K(776576K), 0.0037320 secs] [Times: user=0.02 sys=0.00, real=0.01 secs] 
2014-07-28T17:01:14.361+0000: 438.575: [GC [PSYoungGen: 89568K->416K(88704K)] 133721K->44601K(775680K), 0.0037480 secs] [Times: user=0.02 sys=0.01, real=0.00 secs] 
2014-07-28T17:01:14.997+0000: 439.210: [GC [PSYoungGen: 88672K->512K(87680K)] 132857K->44769K(774656K), 0.0032670 secs] [Times: user=0.02 sys=0.00, real=0.00 secs] 
2014-07-28T17:01:15.614+0000: 439.827: [GC [PSYoungGen: 87680K->128K(86208K)] 131937K->44571K(773184K), 0.0048160 secs] [Times: user=0.03 sys=0.00, real=0.01 secs] 
2014-07-28T17:01:16.215+0000: 440.429: [GC [PSYoungGen: 86207K->562K(85632K)] 130651K->45037K(772608K), 0.0048240 secs] [Times: user=0.04 sys=0.00, real=0.01 secs] 
2014-07-28T17:01:16.811+0000: 441.025: [GC [PSYoungGen: 85618K->352K(84416K)] 130093K->44965K(771392K), 0.0033030 secs] [Times: user=0.02 sys=0.01, real=0.00 secs] 
2014-07-28T17:01:17.398+0000: 441.612: [GC [PSYoungGen: 84384K->352K(83392K)] 128997K->45005K(770368K), 0.0034730 secs] [Times: user=0.02 sys=0.00, real=0.00 secs] 
2014-07-28T17:01:17.982+0000: 442.196: [GC [PSYoungGen: 83312K->160K(82240K)] 127965K->44821K(769216K), 0.0052230 secs] [Times: user=0.01 sys=0.00, real=0.01 secs] 
2014-07-28T17:01:18.557+0000: 442.771: [GC [PSYoungGen: 82162K->224K(81344K)] 126824K->44925K(768320K), 0.0021270 secs] [Times: user=0.01 sys=0.01, real=0.00 secs] 
2014-07-28T17:01:19.129+0000: 443.342: [GC [PSYoungGen: 81304K->416K(80576K)] 126006K->45173K(767552K), 0.0032230 secs] [Times: user=0.02 sys=0.00, real=0.00 secs] 
2014-07-28T17:01:19.687+0000: 443.900: [GC [PSYoungGen: 80527K->256K(79488K)] 125285K->45061K(766464K), 0.0033410 secs] [Times: user=0.02 sys=0.00, real=0.01 secs] 
2014-07-28T17:01:20.241+0000: 444.455: [GC [PSYoungGen: 79447K->256K(78592K)] 124253K->45085K(765568K), 0.0033090 secs] [Times: user=0.02 sys=0.00, real=0.00 secs] 
2014-07-28T17:01:20.786+0000: 445.000: [GC [PSYoungGen: 78592K->224K(77696K)] 123421K->45101K(764672K), 0.0041500 secs] [Times: user=0.02 sys=0.00, real=0.01 secs] 
2014-07-28T17:01:21.331+0000: 445.545: [GC [PSYoungGen: 77664K->192K(76800K)] 122541K->45085K(763776K), 0.0026850 secs] [Times: user=0.01 sys=0.00, real=0.00 secs] 
2014-07-28T17:01:21.874+0000: 446.088: [GC [PSYoungGen: 76800K->352K(76160K)] 121693K->45309K(763136K), 0.0045440 secs] [Times: user=0.02 sys=0.00, real=0.01 secs] 
2014-07-28T17:01:22.405+0000: 446.618: [GC [PSYoungGen: 76128K->320K(75264K)] 121085K->45293K(762240K), 0.0054400 secs] [Times: user=0.03 sys=0.00, real=0.01 secs] 
2014-07-28T17:01:22.934+0000: 447.148: [GC [PSYoungGen: 75264K->370K(74496K)] 120237K->45399K(761472K), 0.0031060 secs] [Times: user=0.01 sys=0.01, real=0.01 secs] 
2014-07-28T17:01:23.514+0000: 447.727: [GC [PSYoungGen: 74482K->448K(73792K)] 119511K->45573K(760768K), 0.0022390 secs] [Times: user=0.01 sys=0.00, real=0.00 secs] 
2014-07-28T17:01:23.966+0000: 448.180: [GC [PSYoungGen: 73792K->512K(73088K)] 118917K->45717K(760064K), 0.0023810 secs] [Times: user=0.01 sys=0.00, real=0.01 secs] 
2014-07-28T17:01:24.478+0000: 448.692: [GC [PSYoungGen: 73088K->224K(72064K)] 118293K->45469K(759040K), 0.0048000 secs] [Times: user=0.03 sys=0.00, real=0.00 secs] 
2014-07-28T17:01:24.981+0000: 449.195: [GC [PSYoungGen: 72032K->384K(71424K)] 117277K->45701K(758400K), 0.0046830 secs] [Times: user=0.02 sys=0.00, real=0.00 secs] 
2014-07-28T17:01:25.480+0000: 449.694: [GC [PSYoungGen: 71424K->192K(70528K)] 116741K->45533K(757504K), 0.0036370 secs] [Times: user=0.01 sys=0.00, real=0.00 secs] 
2014-07-28T17:01:25.973+0000: 450.187: [GC [PSYoungGen: 70528K->352K(70016K)] 115869K->45733K(756992K), 0.0054160 secs] [Times: user=0.03 sys=0.00, real=0.01 secs] 
2014-07-28T17:01:26.463+0000: 450.677: [GC [PSYoungGen: 69952K->352K(69312K)] 115334K->45821K(756288K), 0.0021710 secs] [Times: user=0.02 sys=0.00, real=0.00 secs] 
2014-07-28T17:01:26.945+0000: 451.159: [GC [PSYoungGen: 69280K->306K(68544K)] 114749K->45807K(755520K), 0.0044790 secs] [Times: user=0.02 sys=0.00, real=0.01 secs] 
2014-07-28T17:01:27.421+0000: 451.635: [GC [PSYoungGen: 68530K->256K(67776K)] 114031K->45821K(754752K), 0.0046220 secs] [Times: user=0.03 sys=0.00, real=0.00 secs] 
2014-07-28T17:01:27.895+0000: 452.108: [GC [PSYoungGen: 67776K->256K(67136K)] 113341K->45877K(754112K), 0.0028460 secs] [Times: user=0.01 sys=0.01, real=0.00 secs] 
2014-07-28T17:01:28.368+0000: 452.582: [GC [PSYoungGen: 67136K->384K(66624K)] 112757K->46021K(753600K), 0.0080140 secs] [Times: user=0.04 sys=0.01, real=0.00 secs] 
2014-07-28T17:01:28.834+0000: 453.048: [GC [PSYoungGen: 66624K->384K(65984K)] 112261K->46077K(752960K), 0.0033190 secs] [Times: user=0.02 sys=0.00, real=0.00 secs] 
2014-07-28T17:01:29.297+0000: 453.511: [GC [PSYoungGen: 65984K->306K(65280K)] 111677K->46015K(752256K), 0.0038080 secs] [Times: user=0.02 sys=0.00, real=0.01 secs] 
2014-07-28T17:01:29.758+0000: 453.971: [GC [PSYoungGen: 65266K->288K(64640K)] 110975K->46045K(751616K), 0.0056590 secs] [Times: user=0.03 sys=0.01, real=0.01 secs] 
2014-07-28T17:01:30.223+0000: 454.436: [GC [PSYoungGen: 64608K->320K(64000K)] 110365K->46133K(750976K), 0.0023520 secs] [Times: user=0.01 sys=0.00, real=0.00 secs] 
2014-07-28T17:01:30.665+0000: 454.879: [GC [PSYoungGen: 64000K->448K(63552K)] 109813K->46341K(750528K), 0.0036490 secs] [Times: user=0.02 sys=0.00, real=0.01 secs] 
2014-07-28T17:01:31.112+0000: 455.326: [GC [PSYoungGen: 63552K->306K(62848K)] 109445K->46255K(749824K), 0.0025960 secs] [Times: user=0.02 sys=0.00, real=0.00 secs] 
2014-07-28T17:01:31.548+0000: 455.762: [GC [PSYoungGen: 62834K->288K(62272K)] 108783K->46293K(749248K), 0.0030990 secs] [Times: user=0.02 sys=0.00, real=0.01 secs] 
2014-07-28T17:01:31.982+0000: 456.196: [GC [PSYoungGen: 62240K->384K(61760K)] 108245K->46421K(748736K), 0.0029270 secs] [Times: user=0.02 sys=0.00, real=0.00 secs] 
2014-07-28T17:01:32.412+0000: 456.625: [GC [PSYoungGen: 61760K->288K(61120K)] 107797K->46381K(748096K), 0.0027540 secs] [Times: user=0.02 sys=0.00, real=0.00 secs] 
2014-07-28T17:01:32.842+0000: 457.055: [GC [PSYoungGen: 61088K->288K(60544K)] 107181K->46429K(747520K), 0.0058520 secs] [Times: user=0.03 sys=0.00, real=0.00 secs] 
2014-07-28T17:01:33.262+0000: 457.476: [GC [PSYoungGen: 60512K->416K(60160K)] 106653K->46581K(747136K), 0.0029840 secs] [Times: user=0.02 sys=0.00, real=0.00 secs] 
2014-07-28T17:01:33.684+0000: 457.898: [GC [PSYoungGen: 60128K->256K(59456K)] 106293K->46469K(746432K), 0.0038130 secs] [Times: user=0.02 sys=0.00, real=0.00 secs] 
2014-07-28T17:01:34.096+0000: 458.310: [GC [PSYoungGen: 59455K->352K(59072K)] 105669K->46605K(746048K), 0.0026900 secs] [Times: user=0.02 sys=0.00, real=0.00 secs] 
2014-07-28T17:01:34.509+0000: 458.722: [GC [PSYoungGen: 59040K->224K(58432K)] 105293K->46533K(745408K), 0.0045040 secs] [Times: user=0.03 sys=0.00, real=0.01 secs] 
2014-07-28T17:01:34.916+0000: 459.129: [GC [PSYoungGen: 58400K->192K(57856K)] 104709K->46509K(744832K), 0.0045110 secs] [Times: user=0.03 sys=0.00, real=0.01 secs] 
2014-07-28T17:01:35.329+0000: 459.542: [GC [PSYoungGen: 57856K->288K(69568K)] 104173K->46645K(756544K), 0.0066840 secs] [Times: user=0.03 sys=0.00, real=0.01 secs] 
2014-07-28T17:01:35.836+0000: 460.050: [GC [PSYoungGen: 69536K->370K(83520K)] 115893K->46743K(770496K), 0.0046120 secs] [Times: user=0.02 sys=0.01, real=0.01 secs] 
2014-07-28T17:01:36.453+0000: 460.667: [GC [PSYoungGen: 83506K->288K(82496K)] 129879K->46685K(769472K), 0.0037780 secs] [Times: user=0.02 sys=0.00, real=0.00 secs] 
2014-07-28T17:01:37.051+0000: 461.265: [GC [PSYoungGen: 82464K->320K(81536K)] 128861K->46749K(768512K), 0.0032620 secs] [Times: user=0.01 sys=0.00, real=0.00 secs] 
2014-07-28T17:01:37.613+0000: 461.827: [GC [PSYoungGen: 81536K->320K(80576K)] 127965K->46813K(767552K), 0.0025500 secs] [Times: user=0.01 sys=0.01, real=0.00 secs] 
2014-07-28T17:01:38.185+0000: 462.399: [GC [PSYoungGen: 80576K->288K(79680K)] 127069K->46797K(766656K), 0.0049400 secs] [Times: user=0.02 sys=0.01, real=0.00 secs] 
2014-07-28T17:01:38.742+0000: 462.956: [GC [PSYoungGen: 79648K->416K(78912K)] 126157K->46997K(765888K), 0.0029510 secs] [Times: user=0.02 sys=0.01, real=0.00 secs] 
2014-07-28T17:01:39.284+0000: 463.498: [GC [PSYoungGen: 78880K->224K(77824K)] 125461K->46837K(764800K), 0.0029090 secs] [Times: user=0.01 sys=0.00, real=0.00 secs] 
2014-07-28T17:01:39.832+0000: 464.046: [GC [PSYoungGen: 77792K->256K(76928K)] 124405K->46933K(763904K), 0.0045970 secs] [Times: user=0.02 sys=0.00, real=0.00 secs] 
2014-07-28T17:01:40.370+0000: 464.584: [GC [PSYoungGen: 76911K->416K(76288K)] 123588K->47093K(763264K), 0.0027440 secs] [Times: user=0.02 sys=0.00, real=0.00 secs] 
2014-07-28T17:01:40.903+0000: 465.117: [GC [PSYoungGen: 76256K->192K(75200K)] 122933K->46893K(762176K), 0.0026680 secs] [Times: user=0.01 sys=0.00, real=0.00 secs] 
2014-07-28T17:01:41.429+0000: 465.643: [GC [PSYoungGen: 75200K->352K(74560K)] 121901K->47077K(761536K), 0.0043470 secs] [Times: user=0.03 sys=0.00, real=0.01 secs] 
2014-07-28T17:01:41.949+0000: 466.163: [GC [PSYoungGen: 74528K->192K(73600K)] 121253K->46949K(760576K), 0.0026110 secs] [Times: user=0.01 sys=0.00, real=0.01 secs] 
2014-07-28T17:01:42.472+0000: 466.685: [GC [PSYoungGen: 73600K->288K(72960K)] 120357K->47085K(759936K), 0.0031940 secs] [Times: user=0.01 sys=0.00, real=0.00 secs] 
2014-07-28T17:01:42.984+0000: 467.198: [GC [PSYoungGen: 72925K->402K(72320K)] 119723K->47239K(759296K), 0.0031030 secs] [Times: user=0.01 sys=0.01, real=0.00 secs] 
2014-07-28T17:01:43.498+0000: 467.711: [GC [PSYoungGen: 72274K->256K(71360K)] 119111K->47109K(758336K), 0.0036020 secs] [Times: user=0.02 sys=0.00, real=0.01 secs] 
2014-07-28T17:01:43.985+0000: 468.199: [GC [PSYoungGen: 71360K->256K(70592K)] 118213K->47157K(757568K), 0.0032070 secs] [Times: user=0.02 sys=0.00, real=0.00 secs] 
2014-07-28T17:01:44.481+0000: 468.695: [GC [PSYoungGen: 70592K->416K(70080K)] 117493K->47381K(757056K), 0.0025300 secs] [Times: user=0.02 sys=0.00, real=0.00 secs] 
2014-07-28T17:01:44.967+0000: 469.181: [GC [PSYoungGen: 70048K->352K(69312K)] 117013K->47381K(756288K), 0.0049760 secs] [Times: user=0.02 sys=0.00, real=0.01 secs] 
2014-07-28T17:01:45.447+0000: 469.661: [GC [PSYoungGen: 69231K->288K(68544K)] 116261K->47373K(755520K), 0.0041810 secs] [Times: user=0.02 sys=0.00, real=0.01 secs] 
2014-07-28T17:01:45.928+0000: 470.142: [GC [PSYoungGen: 68512K->192K(67712K)] 115597K->47317K(754688K), 0.0034770 secs] [Times: user=0.02 sys=0.00, real=0.01 secs] 
2014-07-28T17:01:46.403+0000: 470.616: [GC [PSYoungGen: 67712K->256K(67136K)] 114837K->47421K(754112K), 0.0055820 secs] [Times: user=0.03 sys=0.01, real=0.00 secs] 
2014-07-28T17:01:46.871+0000: 471.085: [GC [PSYoungGen: 67114K->352K(66624K)] 114280K->47581K(753600K), 0.0040350 secs] [Times: user=0.02 sys=0.00, real=0.00 secs] 
2014-07-28T17:01:47.335+0000: 471.549: [GC [PSYoungGen: 66592K->306K(65920K)] 113821K->47551K(752896K), 0.0024980 secs] [Times: user=0.01 sys=0.00, real=0.00 secs] 
2014-07-28T17:01:47.796+0000: 472.010: [GC [PSYoungGen: 65906K->352K(65344K)] 113151K->47669K(752320K), 0.0048520 secs] [Times: user=0.03 sys=0.00, real=0.01 secs] 
2014-07-28T17:01:48.249+0000: 472.463: [GC [PSYoungGen: 65312K->320K(64640K)] 112629K->47669K(751616K), 0.0043070 secs] [Times: user=0.02 sys=0.01, real=0.01 secs] 
2014-07-28T17:01:48.701+0000: 472.915: [GC [PSYoungGen: 64640K->256K(63936K)] 111989K->47661K(750912K), 0.0041380 secs] [Times: user=0.03 sys=0.00, real=0.00 secs] 
2014-07-28T17:01:49.157+0000: 473.371: [GC [PSYoungGen: 63936K->338K(63488K)] 111341K->47775K(750464K), 0.0044420 secs] [Times: user=0.03 sys=0.01, real=0.01 secs] 
2014-07-28T17:01:49.609+0000: 473.823: [GC [PSYoungGen: 63442K->256K(76032K)] 110879K->47725K(763008K), 0.0112960 secs] [Times: user=0.05 sys=0.01, real=0.01 secs] 
2014-07-28T17:01:50.160+0000: 474.374: [GC [PSYoungGen: 76032K->288K(82368K)] 123501K->47765K(769344K), 0.0030560 secs] [Times: user=0.01 sys=0.01, real=0.01 secs] 
2014-07-28T17:01:50.728+0000: 474.942: [GC [PSYoungGen: 82208K->320K(81280K)] 129685K->47853K(768256K), 0.0034420 secs] [Times: user=0.01 sys=0.00, real=0.00 secs] 
2014-07-28T17:01:51.298+0000: 475.512: [GC [PSYoungGen: 81280K->384K(80384K)] 128813K->47949K(767360K), 0.0028350 secs] [Times: user=0.02 sys=0.00, real=0.00 secs] 
2014-07-28T17:01:51.856+0000: 476.069: [GC [PSYoungGen: 80384K->256K(79360K)] 127949K->47973K(766336K), 0.0031010 secs] [Times: user=0.02 sys=0.00, real=0.00 secs] 
2014-07-28T17:01:52.410+0000: 476.624: [GC [PSYoungGen: 79360K->288K(78528K)] 127077K->48029K(765504K), 0.0031910 secs] [Times: user=0.02 sys=0.00, real=0.01 secs] 
2014-07-28T17:01:52.960+0000: 477.174: [GC [PSYoungGen: 78496K->224K(77568K)] 126237K->48021K(764544K), 0.0044040 secs] [Times: user=0.02 sys=0.01, real=0.01 secs] 
2014-07-28T17:01:53.499+0000: 477.713: [GC [PSYoungGen: 77536K->224K(76736K)] 125333K->48061K(763712K), 0.0046640 secs] [Times: user=0.03 sys=0.00, real=0.01 secs] 
2014-07-28T17:01:54.038+0000: 478.252: [GC [PSYoungGen: 76704K->320K(75968K)] 124541K->48205K(762944K), 0.0033130 secs] [Times: user=0.02 sys=0.01, real=0.00 secs] 
2014-07-28T17:01:54.570+0000: 478.783: [GC [PSYoungGen: 75968K->384K(75200K)] 123853K->48365K(762176K), 0.0039330 secs] [Times: user=0.03 sys=0.00, real=0.01 secs] 
2014-07-28T17:01:55.094+0000: 479.308: [GC [PSYoungGen: 75200K->352K(74368K)] 123181K->48373K(761344K), 0.0033680 secs] [Times: user=0.03 sys=0.00, real=0.00 secs] 
2014-07-28T17:01:55.616+0000: 479.830: [GC [PSYoungGen: 74336K->338K(73600K)] 122357K->48399K(760576K), 0.0045730 secs] [Times: user=0.03 sys=0.00, real=0.00 secs] 
2014-07-28T17:01:56.150+0000: 480.363: [GC [PSYoungGen: 73554K->288K(72768K)] 121615K->48365K(759744K), 0.0040050 secs] [Times: user=0.01 sys=0.00, real=0.01 secs] 
2014-07-28T17:01:56.677+0000: 480.891: [GC [PSYoungGen: 72736K->384K(72064K)] 120813K->48525K(759040K), 0.0023640 secs] [Times: user=0.02 sys=0.00, real=0.00 secs] 
2014-07-28T17:01:57.197+0000: 481.410: [GC [PSYoungGen: 72064K->370K(71296K)] 120205K->48543K(758272K), 0.0027960 secs] [Times: user=0.01 sys=0.00, real=0.00 secs] 
2014-07-28T17:01:57.709+0000: 481.923: [GC [PSYoungGen: 71282K->512K(70720K)] 119455K->48749K(757696K), 0.0029190 secs] [Times: user=0.01 sys=0.00, real=0.00 secs] 
2014-07-28T17:01:58.174+0000: 482.388: [GC [PSYoungGen: 70720K->192K(69696K)] 118957K->48533K(756672K), 0.0051740 secs] [Times: user=0.04 sys=0.01, real=0.00 secs] 
2014-07-28T17:01:58.660+0000: 482.873: [GC [PSYoungGen: 69694K->192K(68992K)] 118036K->48581K(755968K), 0.0039430 secs] [Times: user=0.02 sys=0.01, real=0.01 secs] 
2014-07-28T17:01:59.142+0000: 483.356: [GC [PSYoungGen: 68992K->416K(68544K)] 117381K->48837K(755520K), 0.0061890 secs] [Times: user=0.04 sys=0.00, real=0.01 secs] 
2014-07-28T17:01:59.619+0000: 483.833: [GC [PSYoungGen: 68512K->352K(67776K)] 116933K->48845K(754752K), 0.0030770 secs] [Times: user=0.01 sys=0.00, real=0.00 secs] 
2014-07-28T17:02:00.092+0000: 484.305: [GC [PSYoungGen: 67744K->384K(67136K)] 116237K->48917K(754112K), 0.0048710 secs] [Times: user=0.03 sys=0.01, real=0.01 secs] 
2014-07-28T17:02:00.558+0000: 484.772: [GC [PSYoungGen: 67136K->512K(66624K)] 115669K->49141K(753600K), 0.0035100 secs] [Times: user=0.03 sys=0.01, real=0.00 secs] 
2014-07-28T17:02:01.020+0000: 485.234: [GC [PSYoungGen: 66605K->256K(65728K)] 115234K->48909K(752704K), 0.0028960 secs] [Times: user=0.02 sys=0.00, real=0.01 secs] 
2014-07-28T17:02:01.482+0000: 485.696: [GC [PSYoungGen: 65678K->384K(65216K)] 114332K->49125K(752192K), 0.0027740 secs] [Times: user=0.02 sys=0.00, real=0.01 secs] 
2014-07-28T17:02:01.937+0000: 486.151: [GC [PSYoungGen: 65216K->416K(64640K)] 113957K->49213K(751616K), 0.0037710 secs] [Times: user=0.03 sys=0.00, real=0.00 secs] 
2014-07-28T17:02:02.388+0000: 486.601: [GC [PSYoungGen: 64597K->320K(63872K)] 113394K->49173K(750848K), 0.0036540 secs] [Times: user=0.02 sys=0.00, real=0.00 secs] 
2014-07-28T17:02:02.840+0000: 487.054: [GC [PSYoungGen: 63872K->320K(63296K)] 112725K->49221K(750272K), 0.0031760 secs] [Times: user=0.04 sys=0.02, real=0.05 secs] 
2014-07-28T17:02:03.306+0000: 487.519: [GC [PSYoungGen: 63296K->384K(62784K)] 112197K->49317K(749760K), 0.0045850 secs] [Times: user=0.02 sys=0.01, real=0.00 secs] 
2014-07-28T17:02:03.754+0000: 487.968: [GC [PSYoungGen: 62760K->288K(62144K)] 111694K->49269K(749120K), 0.0023800 secs] [Times: user=0.01 sys=0.00, real=0.00 secs] 
2014-07-28T17:02:04.198+0000: 488.412: [GC [PSYoungGen: 62112K->544K(61824K)] 111093K->49549K(748800K), 0.0045890 secs] [Times: user=0.39 sys=0.27, real=0.64 secs] 
2014-07-28T17:02:05.000+0000: 489.214: [GC [PSYoungGen: 61760K->224K(73792K)] 110766K->49253K(760768K), 0.0054690 secs] [Times: user=0.03 sys=0.00, real=0.01 secs] 
2014-07-28T17:02:05.513+0000: 489.726: [GC [PSYoungGen: 73760K->256K(86208K)] 122789K->49349K(773184K), 0.0040200 secs] [Times: user=0.03 sys=0.01, real=0.01 secs] 
2014-07-28T17:02:06.112+0000: 490.326: [GC [PSYoungGen: 85824K->384K(84928K)] 134917K->49509K(771904K), 0.0031380 secs] [Times: user=0.01 sys=0.00, real=0.01 secs] 
2014-07-28T17:02:06.702+0000: 490.916: [GC [PSYoungGen: 84928K->416K(83968K)] 134053K->49597K(770944K), 0.0024890 secs] [Times: user=0.01 sys=0.00, real=0.01 secs] 
2014-07-28T17:02:07.290+0000: 491.504: [GC [PSYoungGen: 83936K->256K(82816K)] 133117K->49469K(769792K), 0.0043150 secs] [Times: user=0.03 sys=0.00, real=0.01 secs] 
2014-07-28T17:02:07.871+0000: 492.085: [GC [PSYoungGen: 82816K->288K(81920K)] 132029K->49557K(768896K), 0.0040070 secs] [Times: user=0.02 sys=0.00, real=0.01 secs] 
2014-07-28T17:02:08.441+0000: 492.655: [GC [PSYoungGen: 81888K->256K(80896K)] 131157K->49549K(767872K), 0.0032930 secs] [Times: user=0.01 sys=0.01, real=0.01 secs] 
2014-07-28T17:02:09.004+0000: 493.217: [GC [PSYoungGen: 80884K->288K(80000K)] 130177K->49637K(766976K), 0.0033390 secs] [Times: user=0.02 sys=0.00, real=0.01 secs] 
2014-07-28T17:02:09.563+0000: 493.777: [GC [PSYoungGen: 79968K->192K(78976K)] 129317K->49581K(765952K), 0.0024340 secs] [Times: user=0.02 sys=0.00, real=0.01 secs] 
2014-07-28T17:02:10.131+0000: 494.345: [GC [PSYoungGen: 78936K->320K(78208K)] 128325K->49749K(765184K), 0.0062070 secs] [Times: user=0.03 sys=0.00, real=0.01 secs] 
2014-07-28T17:02:10.693+0000: 494.907: [GC [PSYoungGen: 78208K->256K(77248K)] 127637K->49709K(764224K), 0.0046600 secs] [Times: user=0.02 sys=0.00, real=0.01 secs] 
2014-07-28T17:02:11.242+0000: 495.456: [GC [PSYoungGen: 77248K->448K(76608K)] 126701K->49933K(763584K), 0.0037470 secs] [Times: user=0.02 sys=0.00, real=0.01 secs] 
2014-07-28T17:02:11.795+0000: 496.009: [GC [PSYoungGen: 76608K->384K(75712K)] 126093K->49973K(762688K), 0.0034280 secs] [Times: user=0.02 sys=0.01, real=0.01 secs] 
2014-07-28T17:02:12.327+0000: 496.541: [GC [PSYoungGen: 75712K->352K(74880K)] 125301K->49997K(761856K), 0.0038610 secs] [Times: user=0.02 sys=0.01, real=0.00 secs] 
2014-07-28T17:02:12.853+0000: 497.067: [GC [PSYoungGen: 74848K->256K(73920K)] 124493K->49965K(760896K), 0.0039280 secs] [Times: user=0.02 sys=0.01, real=0.01 secs] 
2014-07-28T17:02:13.369+0000: 497.583: [GC [PSYoungGen: 73920K->320K(73216K)] 123629K->50061K(760192K), 0.0027280 secs] [Times: user=0.02 sys=0.00, real=0.00 secs] 
2014-07-28T17:02:13.879+0000: 498.093: [GC [PSYoungGen: 73216K->320K(72448K)] 122957K->50117K(759424K), 0.0032110 secs] [Times: user=0.01 sys=0.00, real=0.00 secs] 
2014-07-28T17:02:14.387+0000: 498.601: [GC [PSYoungGen: 72412K->288K(71680K)] 122209K->50117K(758656K), 0.0031300 secs] [Times: user=0.02 sys=0.00, real=0.00 secs] 
2014-07-28T17:02:14.889+0000: 499.102: [GC [PSYoungGen: 71648K->274K(70912K)] 121477K->50143K(757888K), 0.0064800 secs] [Times: user=0.04 sys=0.01, real=0.01 secs] 
2014-07-28T17:02:15.391+0000: 499.605: [GC [PSYoungGen: 70850K->320K(70208K)] 120720K->50197K(757184K), 0.0037770 secs] [Times: user=0.01 sys=0.01, real=0.01 secs] 
2014-07-28T17:02:15.881+0000: 500.095: [GC [PSYoungGen: 70208K->256K(69440K)] 120085K->50149K(756416K), 0.0039940 secs] [Times: user=0.01 sys=0.01, real=0.01 secs] 
2014-07-28T17:02:16.364+0000: 500.578: [GC [PSYoungGen: 69440K->448K(68928K)] 119333K->50373K(755904K), 0.0043910 secs] [Times: user=0.02 sys=0.01, real=0.01 secs] 
2014-07-28T17:02:16.842+0000: 501.056: [GC [PSYoungGen: 68928K->224K(68032K)] 118853K->50181K(755008K), 0.0029410 secs] [Times: user=0.02 sys=0.00, real=0.00 secs] 
2014-07-28T17:02:17.333+0000: 501.547: [GC [PSYoungGen: 68000K->480K(67584K)] 117957K->50445K(754560K), 0.0048390 secs] [Times: user=0.01 sys=0.00, real=0.01 secs] 
2014-07-28T17:02:17.804+0000: 502.017: [GC [PSYoungGen: 67539K->306K(66752K)] 117504K->50295K(753728K), 0.0074770 secs] [Times: user=0.04 sys=0.00, real=0.01 secs] 
2014-07-28T17:02:18.281+0000: 502.494: [GC [PSYoungGen: 66738K->384K(80128K)] 116727K->50389K(767104K), 0.0063930 secs] [Times: user=0.03 sys=0.01, real=0.01 secs] 
2014-07-28T17:02:18.842+0000: 503.056: [GC [PSYoungGen: 80128K->416K(83776K)] 130133K->50477K(770752K), 0.0091180 secs] [Times: user=0.05 sys=0.01, real=0.01 secs] 
2014-07-28T17:02:19.428+0000: 503.642: [GC [PSYoungGen: 83680K->384K(83840K)] 133741K->50461K(770816K), 0.0030810 secs] [Times: user=0.02 sys=0.01, real=0.00 secs] 
2014-07-28T17:02:20.014+0000: 504.228: [GC [PSYoungGen: 83648K->288K(82624K)] 133725K->50429K(769600K), 0.0032350 secs] [Times: user=0.02 sys=0.00, real=0.01 secs] 
2014-07-28T17:02:20.593+0000: 504.807: [GC [PSYoungGen: 82592K->320K(81664K)] 132733K->50517K(768640K), 0.0034290 secs] [Times: user=0.02 sys=0.00, real=0.01 secs] 
2014-07-28T17:02:21.166+0000: 505.379: [GC [PSYoungGen: 81664K->256K(80640K)] 131861K->50501K(767616K), 0.0027260 secs] [Times: user=0.01 sys=0.01, real=0.01 secs] 
2014-07-28T17:02:21.730+0000: 505.944: [GC [PSYoungGen: 80640K->288K(79808K)] 130885K->50573K(766784K), 0.0030240 secs] [Times: user=0.01 sys=0.00, real=0.00 secs] 
2014-07-28T17:02:22.293+0000: 506.506: [GC [PSYoungGen: 79776K->256K(78848K)] 130061K->50589K(765824K), 0.0030830 secs] [Times: user=0.01 sys=0.00, real=0.00 secs] 
2014-07-28T17:02:22.843+0000: 507.057: [GC [PSYoungGen: 78848K->288K(78016K)] 129181K->50661K(764992K), 0.0050460 secs] [Times: user=0.03 sys=0.00, real=0.01 secs] 
2014-07-28T17:02:23.389+0000: 507.602: [GC [PSYoungGen: 77973K->288K(77120K)] 128346K->50677K(764096K), 0.0039830 secs] [Times: user=0.02 sys=0.00, real=0.00 secs] 
2014-07-28T17:02:23.926+0000: 508.140: [GC [PSYoungGen: 77039K->192K(76160K)] 127428K->50629K(763136K), 0.0057260 secs] [Times: user=0.03 sys=0.00, real=0.01 secs] 
2014-07-28T17:02:24.468+0000: 508.682: [GC [PSYoungGen: 76160K->352K(75520K)] 126597K->50829K(762496K), 0.0064460 secs] [Times: user=0.04 sys=0.01, real=0.00 secs] 
2014-07-28T17:02:24.991+0000: 509.205: [GC [PSYoungGen: 75488K->338K(74688K)] 125965K->50863K(761664K), 0.0036240 secs] [Times: user=0.02 sys=0.00, real=0.00 secs] 
2014-07-28T17:02:25.521+0000: 509.734: [GC [PSYoungGen: 74642K->320K(73856K)] 125167K->50933K(760832K), 0.0058040 secs] [Times: user=0.03 sys=0.00, real=0.00 secs] 
2014-07-28T17:02:26.039+0000: 510.253: [GC [PSYoungGen: 73856K->452K(73280K)] 124469K->51121K(760256K), 0.0034330 secs] [Times: user=0.02 sys=0.00, real=0.00 secs] 
2014-07-28T17:02:26.552+0000: 510.766: [GC [PSYoungGen: 73220K->256K(72256K)] 123889K->51005K(759232K), 0.0042380 secs] [Times: user=0.03 sys=0.00, real=0.00 secs] 
2014-07-28T17:02:27.056+0000: 511.269: [GC [PSYoungGen: 72256K->416K(71680K)] 123005K->51229K(758656K), 0.0027340 secs] [Times: user=0.01 sys=0.00, real=0.01 secs] 
2014-07-28T17:02:27.552+0000: 511.765: [GC [PSYoungGen: 71648K->224K(70720K)] 122461K->51085K(757696K), 0.0052570 secs] [Times: user=0.03 sys=0.00, real=0.01 secs] 
2014-07-28T17:02:28.048+0000: 512.262: [GC [PSYoungGen: 70688K->224K(70016K)] 121549K->51125K(756992K), 0.0042370 secs] [Times: user=0.02 sys=0.00, real=0.00 secs] 
2014-07-28T17:02:28.538+0000: 512.752: [GC [PSYoungGen: 69950K->242K(69312K)] 120852K->51167K(756288K), 0.0035860 secs] [Times: user=0.01 sys=0.00, real=0.00 secs] 
2014-07-28T17:02:29.022+0000: 513.236: [GC [PSYoungGen: 69298K->160K(68544K)] 120223K->51101K(755520K), 0.0038990 secs] [Times: user=0.01 sys=0.00, real=0.00 secs] 
2014-07-28T17:02:29.502+0000: 513.715: [GC [PSYoungGen: 68479K->416K(68096K)] 119421K->51413K(755072K), 0.0032930 secs] [Times: user=0.01 sys=0.00, real=0.00 secs] 
2014-07-28T17:02:29.977+0000: 514.191: [GC [PSYoungGen: 68064K->320K(67328K)] 119061K->51373K(754304K), 0.0060070 secs] [Times: user=0.03 sys=0.01, real=0.01 secs] 
2014-07-28T17:02:30.445+0000: 514.659: [GC [PSYoungGen: 67328K->288K(66688K)] 118381K->51405K(753664K), 0.0030870 secs] [Times: user=0.01 sys=0.00, real=0.01 secs] 
2014-07-28T17:02:30.911+0000: 515.125: [GC [PSYoungGen: 66656K->192K(65920K)] 117773K->51333K(752896K), 0.0060520 secs] [Times: user=0.03 sys=0.01, real=0.00 secs] 
2014-07-28T17:02:31.378+0000: 515.592: [GC [PSYoungGen: 65920K->480K(79424K)] 117061K->51645K(766400K), 0.0058380 secs] [Times: user=0.02 sys=0.00, real=0.01 secs] 
2014-07-28T17:02:31.932+0000: 516.146: [GC [PSYoungGen: 79392K->256K(78272K)] 130557K->51461K(765248K), 0.0031210 secs] [Times: user=0.01 sys=0.00, real=0.00 secs] 
2014-07-28T17:02:32.484+0000: 516.698: [GC [PSYoungGen: 78272K->288K(77440K)] 129477K->51517K(764416K), 0.0045030 secs] [Times: user=0.02 sys=0.00, real=0.01 secs] 
2014-07-28T17:02:33.019+0000: 517.232: [GC [PSYoungGen: 77373K->416K(76736K)] 128603K->51733K(763712K), 0.0027640 secs] [Times: user=0.02 sys=0.00, real=0.00 secs] 
2014-07-28T17:02:33.555+0000: 517.769: [GC [PSYoungGen: 76687K->320K(75776K)] 128005K->51717K(762752K), 0.0035430 secs] [Times: user=0.02 sys=0.00, real=0.01 secs] 
2014-07-28T17:02:34.083+0000: 518.297: [GC [PSYoungGen: 75776K->352K(75008K)] 127173K->51789K(761984K), 0.0041400 secs] [Times: user=0.02 sys=0.00, real=0.00 secs] 
2014-07-28T17:02:34.609+0000: 518.823: [GC [PSYoungGen: 74976K->320K(74112K)] 126413K->51813K(761088K), 0.0029360 secs] [Times: user=0.01 sys=0.00, real=0.00 secs] 
2014-07-28T17:02:35.125+0000: 519.339: [GC [PSYoungGen: 74112K->320K(73344K)] 125605K->51821K(760320K), 0.0064040 secs] [Times: user=0.04 sys=0.00, real=0.01 secs] 
2014-07-28T17:02:35.638+0000: 519.852: [GC [PSYoungGen: 73334K->320K(72576K)] 124836K->51885K(759552K), 0.0031650 secs] [Times: user=0.02 sys=0.00, real=0.00 secs] 
2014-07-28T17:02:36.143+0000: 520.357: [GC [PSYoungGen: 72576K->384K(71872K)] 124141K->51957K(758848K), 0.0021610 secs] [Times: user=0.02 sys=0.00, real=0.00 secs] 
2014-07-28T17:02:36.646+0000: 520.859: [GC [PSYoungGen: 71872K->256K(70976K)] 123445K->51893K(757952K), 0.0042510 secs] [Times: user=0.03 sys=0.00, real=0.01 secs] 
2014-07-28T17:02:37.138+0000: 521.352: [GC [PSYoungGen: 70976K->288K(70336K)] 122613K->51933K(757312K), 0.0041080 secs] [Times: user=0.02 sys=0.00, real=0.01 secs] 
2014-07-28T17:02:37.630+0000: 521.844: [GC [PSYoungGen: 70304K->402K(69760K)] 121949K->52111K(756736K), 0.0032990 secs] [Times: user=0.02 sys=0.00, real=0.00 secs] 
2014-07-28T17:02:38.117+0000: 522.331: [GC [PSYoungGen: 69714K->320K(83520K)] 121423K->52037K(770496K), 0.0123810 secs] [Times: user=0.08 sys=0.00, real=0.02 secs] 
2014-07-28T17:02:38.705+0000: 522.918: [GC [PSYoungGen: 83520K->256K(93312K)] 135237K->52005K(780288K), 0.0067100 secs] [Times: user=0.04 sys=0.00, real=0.01 secs] 
2014-07-28T17:02:39.358+0000: 523.571: [GC [PSYoungGen: 93248K->466K(93504K)] 144997K->52239K(780480K), 0.0061890 secs] [Times: user=0.04 sys=0.01, real=0.01 secs] 
2014-07-28T17:02:40.011+0000: 524.225: [GC [PSYoungGen: 93458K->320K(92096K)] 145231K->52173K(779072K), 0.0030120 secs] [Times: user=0.02 sys=0.00, real=0.00 secs] 
2014-07-28T17:02:40.654+0000: 524.868: [GC [PSYoungGen: 92096K->256K(90880K)] 143949K->52165K(777856K), 0.0051800 secs] [Times: user=0.03 sys=0.00, real=0.01 secs] 
2014-07-28T17:02:41.292+0000: 525.506: [GC [PSYoungGen: 90880K->352K(89856K)] 142789K->52333K(776832K), 0.0027070 secs] [Times: user=0.01 sys=0.00, real=0.00 secs] 
2014-07-28T17:02:41.919+0000: 526.133: [GC [PSYoungGen: 89824K->416K(88768K)] 141805K->52501K(775744K), 0.0025810 secs] [Times: user=0.02 sys=0.00, real=0.01 secs] 
2014-07-28T17:02:42.538+0000: 526.751: [GC [PSYoungGen: 88736K->256K(87488K)] 140821K->52373K(774464K), 0.0036770 secs] [Times: user=0.02 sys=0.01, real=0.01 secs] 
2014-07-28T17:02:43.151+0000: 527.364: [GC [PSYoungGen: 87488K->384K(86528K)] 139605K->52565K(773504K), 0.0050410 secs] [Times: user=0.03 sys=0.00, real=0.00 secs] 
2014-07-28T17:02:43.753+0000: 527.967: [GC [PSYoungGen: 86528K->192K(85312K)] 138709K->52405K(772288K), 0.0060390 secs] [Times: user=0.03 sys=0.00, real=0.00 secs] 
2014-07-28T17:02:44.353+0000: 528.567: [GC [PSYoungGen: 85285K->434K(84544K)] 137499K->52671K(771520K), 0.0041450 secs] [Times: user=0.02 sys=0.01, real=0.00 secs] 
2014-07-28T17:02:44.955+0000: 529.169: [GC [PSYoungGen: 84525K->256K(83328K)] 136763K->52509K(770304K), 0.0079170 secs] [Times: user=0.04 sys=0.01, real=0.01 secs] 
2014-07-28T17:02:45.557+0000: 529.770: [GC [PSYoungGen: 83328K->338K(82496K)] 135581K->52623K(769472K), 0.0027800 secs] [Times: user=0.01 sys=0.00, real=0.00 secs] 
2014-07-28T17:02:46.157+0000: 530.371: [GC [PSYoungGen: 82450K->448K(81600K)] 134735K->52781K(768576K), 0.0041890 secs] [Times: user=0.02 sys=0.00, real=0.01 secs] 
2014-07-28T17:02:46.721+0000: 530.935: [GC [PSYoungGen: 81600K->320K(80512K)] 133933K->52725K(767488K), 0.0023680 secs] [Times: user=0.01 sys=0.00, real=0.00 secs] 
2014-07-28T17:02:47.284+0000: 531.498: [GC [PSYoungGen: 80512K->288K(79616K)] 132917K->52725K(766592K), 0.0040120 secs] [Times: user=0.02 sys=0.00, real=0.00 secs] 
2014-07-28T17:02:47.841+0000: 532.055: [GC [PSYoungGen: 79584K->256K(78656K)] 132021K->52749K(765632K), 0.0035640 secs] [Times: user=0.02 sys=0.00, real=0.00 secs] 
2014-07-28T17:02:48.390+0000: 532.604: [GC [PSYoungGen: 78656K->370K(77888K)] 131149K->52895K(764864K), 0.0056730 secs] [Times: user=0.04 sys=0.00, real=0.01 secs] 
2014-07-28T17:02:48.940+0000: 533.154: [GC [PSYoungGen: 77874K->352K(77056K)] 130399K->52941K(764032K), 0.0026880 secs] [Times: user=0.01 sys=0.00, real=0.00 secs] 
2014-07-28T17:02:49.476+0000: 533.690: [GC [PSYoungGen: 77023K->320K(76160K)] 129612K->52957K(763136K), 0.0058470 secs] [Times: user=0.04 sys=0.00, real=0.01 secs] 
2014-07-28T17:02:50.009+0000: 534.223: [GC [PSYoungGen: 76160K->384K(75392K)] 128797K->53109K(762368K), 0.0020180 secs] [Times: user=0.01 sys=0.01, real=0.01 secs] 
2014-07-28T17:02:50.537+0000: 534.751: [GC [PSYoungGen: 75392K->370K(74560K)] 128117K->53223K(761536K), 0.0023710 secs] [Times: user=0.01 sys=0.00, real=0.00 secs] 
2014-07-28T17:02:51.058+0000: 535.272: [GC [PSYoungGen: 74527K->320K(73728K)] 127380K->53221K(760704K), 0.0033870 secs] [Times: user=0.02 sys=0.01, real=0.01 secs] 
2014-07-28T17:02:51.595+0000: 535.809: [GC [PSYoungGen: 73716K->288K(72960K)] 126618K->53221K(759936K), 0.0045010 secs] [Times: user=0.02 sys=0.00, real=0.00 secs] 
2014-07-28T17:02:52.111+0000: 536.324: [GC [PSYoungGen: 72928K->384K(72256K)] 125861K->53341K(759232K), 0.0065710 secs] [Times: user=0.04 sys=0.01, real=0.01 secs] 
2014-07-28T17:02:52.640+0000: 536.854: [GC [PSYoungGen: 72256K->288K(71424K)] 125213K->53285K(758400K), 0.0033550 secs] [Times: user=0.02 sys=0.00, real=0.01 secs] 
2014-07-28T17:02:53.153+0000: 537.367: [GC [PSYoungGen: 71387K->448K(70784K)] 124384K->53461K(757760K), 0.0032020 secs] [Times: user=0.02 sys=0.00, real=0.00 secs] 
2014-07-28T17:02:53.648+0000: 537.862: [GC [PSYoungGen: 70784K->320K(69952K)] 123797K->53445K(756928K), 0.0026720 secs] [Times: user=0.02 sys=0.00, real=0.01 secs] 
2014-07-28T17:02:54.136+0000: 538.350: [GC [PSYoungGen: 69952K->416K(69376K)] 123077K->53597K(756352K), 0.0028710 secs] [Times: user=0.02 sys=0.00, real=0.00 secs] 
2014-07-28T17:02:54.622+0000: 538.836: [GC [PSYoungGen: 69344K->448K(68672K)] 122525K->53709K(755648K), 0.0048230 secs] [Times: user=0.02 sys=0.01, real=0.00 secs] 
2014-07-28T17:02:55.103+0000: 539.316: [GC [PSYoungGen: 68672K->384K(67904K)] 121933K->53669K(754880K), 0.0031230 secs] [Times: user=0.01 sys=0.00, real=0.00 secs] 
2014-07-28T17:02:55.577+0000: 539.791: [GC [PSYoungGen: 67901K->288K(67200K)] 121186K->53629K(754176K), 0.0026240 secs] [Times: user=0.01 sys=0.00, real=0.00 secs] 
2014-07-28T17:02:56.046+0000: 540.259: [GC [PSYoungGen: 67168K->352K(66624K)] 120509K->53725K(753600K), 0.0034660 secs] [Times: user=0.02 sys=0.00, real=0.00 secs] 
2014-07-28T17:02:56.510+0000: 540.724: [GC [PSYoungGen: 66592K->224K(65856K)] 119965K->53637K(752832K), 0.0039010 secs] [Times: user=0.02 sys=0.00, real=0.01 secs] 
2014-07-28T17:02:56.974+0000: 541.188: [GC [PSYoungGen: 65824K->288K(65280K)] 119237K->53757K(752256K), 0.0054410 secs] [Times: user=0.03 sys=0.01, real=0.00 secs] 
2014-07-28T17:02:57.426+0000: 541.640: [GC [PSYoungGen: 65248K->274K(64640K)] 118717K->53775K(751616K), 0.0037480 secs] [Times: user=0.02 sys=0.01, real=0.00 secs] 
2014-07-28T17:02:57.874+0000: 542.088: [GC [PSYoungGen: 64594K->320K(64000K)] 118095K->53869K(750976K), 0.0021930 secs] [Times: user=0.01 sys=0.01, real=0.00 secs] 
2014-07-28T17:02:58.338+0000: 542.552: [GC [PSYoungGen: 64000K->512K(76928K)] 117549K->54093K(763904K), 0.0124420 secs] [Times: user=0.06 sys=0.01, real=0.01 secs] 
2014-07-28T17:02:58.896+0000: 543.110: [GC [PSYoungGen: 76928K->420K(92160K)] 130509K->54049K(779136K), 0.0106300 secs] [Times: user=0.08 sys=0.00, real=0.01 secs] 
2014-07-28T17:02:59.570+0000: 543.784: [GC [PSYoungGen: 92132K->256K(105088K)] 145761K->53941K(792064K), 0.0063730 secs] [Times: user=0.04 sys=0.00, real=0.01 secs] 
2014-07-28T17:03:00.281+0000: 544.495: [GC [PSYoungGen: 105088K->224K(105408K)] 158773K->53957K(792384K), 0.0028900 secs] [Times: user=0.02 sys=0.01, real=0.01 secs] 
2014-07-28T17:03:01.019+0000: 545.233: [GC [PSYoungGen: 105056K->288K(103680K)] 158789K->54077K(790656K), 0.0039240 secs] [Times: user=0.03 sys=0.00, real=0.01 secs] 
2014-07-28T17:03:01.747+0000: 545.961: [GC [PSYoungGen: 103648K->352K(102272K)] 157437K->54221K(789248K), 0.0030690 secs] [Times: user=0.02 sys=0.00, real=0.00 secs] 
2014-07-28T17:03:02.461+0000: 546.675: [GC [PSYoungGen: 102240K->416K(100928K)] 156109K->54341K(787904K), 0.0023210 secs] [Times: user=0.01 sys=0.01, real=0.01 secs] 
2014-07-28T17:03:03.168+0000: 547.381: [GC [PSYoungGen: 100896K->288K(99392K)] 154821K->54253K(786368K), 0.0046150 secs] [Times: user=0.03 sys=0.00, real=0.00 secs] 
2014-07-28T17:03:03.862+0000: 548.075: [GC [PSYoungGen: 99360K->192K(97920K)] 153325K->54197K(784896K), 0.0037450 secs] [Times: user=0.02 sys=0.00, real=0.01 secs] 
2014-07-28T17:03:04.551+0000: 548.764: [GC [PSYoungGen: 97920K->256K(96704K)] 151925K->54285K(783680K), 0.0039160 secs] [Times: user=0.02 sys=0.00, real=0.01 secs] 
2014-07-28T17:03:05.252+0000: 549.465: [GC [PSYoungGen: 96704K->512K(95680K)] 150733K->54581K(782656K), 0.0108630 secs] [Times: user=0.05 sys=0.01, real=0.01 secs] 
2014-07-28T17:03:05.938+0000: 550.152: [GC [PSYoungGen: 95680K->480K(94400K)] 149749K->54621K(781376K), 0.0034230 secs] [Times: user=0.02 sys=0.00, real=0.00 secs] 
2014-07-28T17:03:06.614+0000: 550.828: [GC [PSYoungGen: 94321K->320K(92992K)] 148462K->54581K(779968K), 0.0035440 secs] [Times: user=0.01 sys=0.00, real=0.00 secs] 
2014-07-28T17:03:07.246+0000: 551.460: [GC [PSYoungGen: 92992K->352K(91840K)] 147253K->54661K(778816K), 0.0050320 secs] [Times: user=0.04 sys=0.00, real=0.00 secs] 
2014-07-28T17:03:07.887+0000: 552.101: [GC [PSYoungGen: 91806K->352K(90688K)] 146115K->54733K(777664K), 0.0031620 secs] [Times: user=0.01 sys=0.01, real=0.00 secs] 
2014-07-28T17:03:08.519+0000: 552.733: [GC [PSYoungGen: 90608K->384K(89536K)] 144989K->54797K(776512K), 0.0026720 secs] [Times: user=0.01 sys=0.00, real=0.00 secs] 
2014-07-28T17:03:09.138+0000: 553.352: [GC [PSYoungGen: 89536K->288K(88384K)] 143949K->54773K(775360K), 0.0063070 secs] [Times: user=0.04 sys=0.00, real=0.01 secs] 
2014-07-28T17:03:09.754+0000: 553.968: [GC [PSYoungGen: 88352K->256K(87232K)] 142837K->54789K(774208K), 0.0029380 secs] [Times: user=0.01 sys=0.00, real=0.00 secs] 
2014-07-28T17:03:10.365+0000: 554.578: [GC [PSYoungGen: 87232K->256K(86144K)] 141765K->54829K(773120K), 0.0052970 secs] [Times: user=0.03 sys=0.00, real=0.00 secs] 
2014-07-28T17:03:10.968+0000: 555.182: [GC [PSYoungGen: 86144K->352K(85248K)] 140717K->54989K(772224K), 0.0034530 secs] [Times: user=0.02 sys=0.00, real=0.00 secs] 
2014-07-28T17:03:11.562+0000: 555.776: [GC [PSYoungGen: 85216K->384K(84224K)] 139853K->55101K(771200K), 0.0043970 secs] [Times: user=0.03 sys=0.00, real=0.01 secs] 
2014-07-28T17:03:12.179+0000: 556.393: [GC [PSYoungGen: 84224K->352K(83200K)] 138941K->55093K(770176K), 0.0100510 secs] [Times: user=0.06 sys=0.01, real=0.01 secs] 
2014-07-28T17:03:12.771+0000: 556.985: [GC [PSYoungGen: 83168K->320K(82176K)] 137909K->55101K(769152K), 0.0042590 secs] [Times: user=0.02 sys=0.01, real=0.01 secs] 
2014-07-28T17:03:13.358+0000: 557.572: [GC [PSYoungGen: 82176K->256K(81152K)] 136957K->55045K(768128K), 0.0122230 secs] [Times: user=0.33 sys=0.25, real=0.52 secs] 
2014-07-28T17:03:14.252+0000: 558.466: [GC [PSYoungGen: 81117K->256K(97344K)] 135907K->55101K(784320K), 0.0053220 secs] [Times: user=0.03 sys=0.01, real=0.01 secs] 
2014-07-28T17:03:14.931+0000: 559.145: [GC [PSYoungGen: 97344K->384K(96192K)] 152189K->55317K(783168K), 0.0038480 secs] [Times: user=0.02 sys=0.00, real=0.01 secs] 
2014-07-28T17:03:15.605+0000: 559.819: [GC [PSYoungGen: 96161K->448K(94976K)] 151095K->55413K(781952K), 0.0030470 secs] [Times: user=0.01 sys=0.00, real=0.00 secs] 
2014-07-28T17:03:16.267+0000: 560.481: [GC [PSYoungGen: 94976K->224K(93568K)] 149941K->55229K(780544K), 0.0031480 secs] [Times: user=0.01 sys=0.00, real=0.00 secs] 
2014-07-28T17:03:16.927+0000: 561.140: [GC [PSYoungGen: 93536K->192K(92288K)] 148541K->55229K(779264K), 0.0047300 secs] [Times: user=0.02 sys=0.01, real=0.00 secs] 
2014-07-28T17:03:17.574+0000: 561.788: [GC [PSYoungGen: 92288K->448K(91392K)] 147325K->55517K(778368K), 0.0029240 secs] [Times: user=0.01 sys=0.00, real=0.01 secs] 
2014-07-28T17:03:18.213+0000: 562.427: [GC [PSYoungGen: 91392K->320K(90112K)] 146461K->55453K(777088K), 0.0029520 secs] [Times: user=0.02 sys=0.01, real=0.01 secs] 
2014-07-28T17:03:18.847+0000: 563.061: [GC [PSYoungGen: 90112K->288K(88960K)] 145245K->55445K(775936K), 0.0102060 secs] [Times: user=0.05 sys=0.00, real=0.01 secs] 
2014-07-28T17:03:19.479+0000: 563.693: [GC [PSYoungGen: 88928K->352K(87936K)] 144085K->55517K(774912K), 0.0031020 secs] [Times: user=0.01 sys=0.01, real=0.00 secs] 
2014-07-28T17:03:20.102+0000: 564.316: [GC [PSYoungGen: 87904K->320K(86784K)] 143069K->55549K(773760K), 0.0024330 secs] [Times: user=0.01 sys=0.00, real=0.00 secs] 
2014-07-28T17:03:20.731+0000: 564.944: [GC [PSYoungGen: 86784K->256K(85696K)] 142013K->55525K(772672K), 0.0031720 secs] [Times: user=0.01 sys=0.00, real=0.00 secs] 
2014-07-28T17:03:21.313+0000: 565.527: [GC [PSYoungGen: 85683K->384K(84800K)] 140953K->55685K(771776K), 0.0035270 secs] [Times: user=0.01 sys=0.00, real=0.01 secs] 
2014-07-28T17:03:21.907+0000: 566.121: [GC [PSYoungGen: 84800K->352K(83776K)] 140101K->55717K(770752K), 0.0026620 secs] [Times: user=0.01 sys=0.00, real=0.00 secs] 
2014-07-28T17:03:22.493+0000: 566.707: [GC [PSYoungGen: 83744K->448K(82880K)] 139109K->55829K(769856K), 0.0028880 secs] [Times: user=0.02 sys=0.00, real=0.01 secs] 
2014-07-28T17:03:23.071+0000: 567.285: [GC [PSYoungGen: 82880K->224K(81728K)] 138261K->55653K(768704K), 0.0040220 secs] [Times: user=0.02 sys=0.00, real=0.00 secs] 
2014-07-28T17:03:23.644+0000: 567.858: [GC [PSYoungGen: 81696K->416K(80960K)] 137125K->55941K(767936K), 0.0025710 secs] [Times: user=0.02 sys=0.00, real=0.01 secs] 
2014-07-28T17:03:24.206+0000: 568.420: [GC [PSYoungGen: 80881K->160K(79808K)] 136407K->55701K(766784K), 0.0045990 secs] [Times: user=0.01 sys=0.00, real=0.00 secs] 
2014-07-28T17:03:24.771+0000: 568.984: [GC [PSYoungGen: 79776K->416K(79168K)] 135317K->56045K(766144K), 0.0037710 secs] [Times: user=0.02 sys=0.00, real=0.00 secs] 
2014-07-28T17:03:25.320+0000: 569.533: [GC [PSYoungGen: 79136K->320K(78144K)] 134765K->56005K(765120K), 0.0039270 secs] [Times: user=0.03 sys=0.00, real=0.00 secs] 
2014-07-28T17:03:25.864+0000: 570.078: [GC [PSYoungGen: 78144K->448K(77376K)] 133829K->56213K(764352K), 0.0023610 secs] [Times: user=0.01 sys=0.00, real=0.01 secs] 
2014-07-28T17:03:26.434+0000: 570.647: [GC [PSYoungGen: 77376K->288K(76416K)] 133141K->56069K(763392K), 0.0054150 secs] [Times: user=0.02 sys=0.00, real=0.01 secs] 
2014-07-28T17:03:27.000+0000: 571.214: [GC [PSYoungGen: 76384K->576K(75840K)] 132165K->56421K(762816K), 0.0057880 secs] [Times: user=0.03 sys=0.01, real=0.00 secs] 
2014-07-28T17:03:27.553+0000: 571.767: [GC [PSYoungGen: 75840K->288K(74752K)] 131685K->56173K(761728K), 0.0048380 secs] [Times: user=0.03 sys=0.00, real=0.01 secs] 
2014-07-28T17:03:28.062+0000: 572.276: [GC [PSYoungGen: 74720K->548K(74176K)] 130605K->56529K(761152K), 0.0039540 secs] [Times: user=0.03 sys=0.00, real=0.01 secs] 
2014-07-28T17:03:28.577+0000: 572.791: [GC [PSYoungGen: 74148K->256K(73088K)] 130129K->56293K(760064K), 0.0036960 secs] [Times: user=0.02 sys=0.00, real=0.00 secs] 
2014-07-28T17:03:29.091+0000: 573.305: [GC [PSYoungGen: 73052K->224K(72320K)] 129090K->56309K(759296K), 0.0034930 secs] [Times: user=0.02 sys=0.00, real=0.00 secs] 
2014-07-28T17:03:29.598+0000: 573.812: [GC [PSYoungGen: 72288K->192K(71488K)] 128373K->56317K(758464K), 0.0026330 secs] [Times: user=0.01 sys=0.00, real=0.00 secs] 
2014-07-28T17:03:30.099+0000: 574.313: [GC [PSYoungGen: 71488K->320K(70848K)] 127613K->56509K(757824K), 0.0045210 secs] [Times: user=0.03 sys=0.00, real=0.00 secs] 
2014-07-28T17:03:30.595+0000: 574.808: [GC [PSYoungGen: 70848K->256K(70080K)] 127037K->56501K(757056K), 0.0038450 secs] [Times: user=0.02 sys=0.01, real=0.01 secs] 
2014-07-28T17:03:31.083+0000: 575.297: [GC [PSYoungGen: 70080K->256K(69376K)] 126325K->56549K(756352K), 0.0038950 secs] [Times: user=0.02 sys=0.01, real=0.01 secs] 
2014-07-28T17:03:31.570+0000: 575.784: [GC [PSYoungGen: 69376K->256K(68672K)] 125669K->56605K(755648K), 0.0033790 secs] [Times: user=0.02 sys=0.01, real=0.00 secs] 
2014-07-28T17:03:32.047+0000: 576.260: [GC [PSYoungGen: 68672K->288K(68032K)] 125021K->56677K(755008K), 0.0034430 secs] [Times: user=0.02 sys=0.00, real=0.01 secs] 
2014-07-28T17:03:32.521+0000: 576.735: [GC [PSYoungGen: 68000K->256K(67264K)] 124389K->56693K(754240K), 0.0030010 secs] [Times: user=0.02 sys=0.00, real=0.00 secs] 
2014-07-28T17:03:32.996+0000: 577.210: [GC [PSYoungGen: 67264K->416K(66816K)] 123701K->56901K(753792K), 0.0047080 secs] [Times: user=0.02 sys=0.00, real=0.01 secs] 
2014-07-28T17:03:33.495+0000: 577.709: [GC [PSYoungGen: 66784K->370K(66112K)] 123269K->56895K(753088K), 0.0039670 secs] [Times: user=0.02 sys=0.00, real=0.01 secs] 
2014-07-28T17:03:33.968+0000: 578.182: [GC [PSYoungGen: 66098K->352K(65472K)] 122623K->56917K(752448K), 0.0034300 secs] [Times: user=0.02 sys=0.00, real=0.00 secs] 
2014-07-28T17:03:34.437+0000: 578.650: [GC [PSYoungGen: 65440K->320K(64768K)] 122005K->56949K(751744K), 0.0050170 secs] [Times: user=0.04 sys=0.00, real=0.01 secs] 
2014-07-28T17:03:34.881+0000: 579.095: [GC [PSYoungGen: 64768K->448K(64256K)] 121397K->57157K(751232K), 0.0030380 secs] [Times: user=0.01 sys=0.00, real=0.00 secs] 
2014-07-28T17:03:35.324+0000: 579.538: [GC [PSYoungGen: 64256K->288K(63552K)] 120965K->57021K(750528K), 0.0044140 secs] [Times: user=0.03 sys=0.00, real=0.01 secs] 
2014-07-28T17:03:35.769+0000: 579.983: [GC [PSYoungGen: 63520K->288K(62976K)] 120253K->57093K(749952K), 0.0053970 secs] [Times: user=0.03 sys=0.00, real=0.00 secs] 
2014-07-28T17:03:36.207+0000: 580.421: [GC [PSYoungGen: 62944K->224K(62336K)] 119749K->57069K(749312K), 0.0048940 secs] [Times: user=0.03 sys=0.01, real=0.01 secs] 
2014-07-28T17:03:36.648+0000: 580.862: [GC [PSYoungGen: 62304K->320K(61824K)] 119149K->57237K(748800K), 0.0041110 secs] [Times: user=0.03 sys=0.00, real=0.01 secs] 
2014-07-28T17:03:37.075+0000: 581.289: [GC [PSYoungGen: 61824K->288K(61248K)] 118741K->57229K(748224K), 0.0036650 secs] [Times: user=0.03 sys=0.00, real=0.01 secs] 
2014-07-28T17:03:37.500+0000: 581.714: [GC [PSYoungGen: 61191K->306K(60672K)] 118133K->57287K(747648K), 0.0021480 secs] [Times: user=0.00 sys=0.01, real=0.00 secs] 
2014-07-28T17:03:37.922+0000: 582.136: [GC [PSYoungGen: 60658K->224K(60096K)] 117639K->57253K(747072K), 0.0055230 secs] [Times: user=0.03 sys=0.00, real=0.00 secs] 
2014-07-28T17:03:38.337+0000: 582.550: [GC [PSYoungGen: 60064K->288K(59648K)] 117093K->57325K(746624K), 0.0027320 secs] [Times: user=0.02 sys=0.00, real=0.01 secs] 
2014-07-28T17:03:38.753+0000: 582.967: [GC [PSYoungGen: 59576K->192K(59008K)] 116614K->57269K(745984K), 0.0037970 secs] [Times: user=0.03 sys=0.00, real=0.00 secs] 
2014-07-28T17:03:39.167+0000: 583.381: [GC [PSYoungGen: 59008K->370K(58688K)] 116085K->57479K(745664K), 0.0024980 secs] [Times: user=0.01 sys=0.00, real=0.01 secs] 
2014-07-28T17:03:39.576+0000: 583.790: [GC [PSYoungGen: 58629K->192K(57984K)] 115739K->57325K(744960K), 0.0028690 secs] [Times: user=0.01 sys=0.01, real=0.01 secs] 
2014-07-28T17:03:39.983+0000: 584.197: [GC [PSYoungGen: 57984K->288K(57600K)] 115117K->57453K(744576K), 0.0028630 secs] [Times: user=0.02 sys=0.00, real=0.00 secs] 
2014-07-28T17:03:40.387+0000: 584.601: [GC [PSYoungGen: 57568K->288K(57088K)] 114733K->57493K(744064K), 0.0033850 secs] [Times: user=0.00 sys=0.01, real=0.01 secs] 
2014-07-28T17:03:40.788+0000: 585.002: [GC [PSYoungGen: 57056K->320K(56576K)] 114261K->57573K(743552K), 0.0076130 secs] [Times: user=0.04 sys=0.01, real=0.53 secs] 
2014-07-28T17:03:41.457+0000: 585.670: [GC [PSYoungGen: 56576K->192K(67712K)] 113829K->57461K(754688K), 0.0153140 secs] [Times: user=0.10 sys=0.00, real=0.02 secs] 
2014-07-28T17:03:41.803+0000: 586.017: [GC [PSYoungGen: 67712K->384K(81408K)] 124981K->57733K(768384K), 0.0027230 secs] [Times: user=0.01 sys=0.01, real=0.00 secs] 
2014-07-28T17:03:42.372+0000: 586.586: [GC [PSYoungGen: 81405K->384K(97664K)] 138755K->57741K(784640K), 0.0034510 secs] [Times: user=0.01 sys=0.01, real=0.00 secs] 
2014-07-28T17:03:43.056+0000: 587.270: [GC [PSYoungGen: 97641K->352K(110464K)] 154999K->57789K(797440K), 0.0031750 secs] [Times: user=0.01 sys=0.00, real=0.01 secs] 
2014-07-28T17:03:43.824+0000: 588.038: [GC [PSYoungGen: 110304K->224K(117248K)] 167741K->57669K(804224K), 0.0024000 secs] [Times: user=0.01 sys=0.00, real=0.00 secs] 
2014-07-28T17:03:44.648+0000: 588.862: [GC [PSYoungGen: 116911K->192K(117248K)] 174357K->57669K(804224K), 0.0047820 secs] [Times: user=0.02 sys=0.01, real=0.01 secs] 
2014-07-28T17:03:45.466+0000: 589.680: [GC [PSYoungGen: 116928K->416K(115392K)] 174405K->57957K(802368K), 0.0025420 secs] [Times: user=0.01 sys=0.00, real=0.00 secs] 
2014-07-28T17:03:46.276+0000: 590.489: [GC [PSYoungGen: 115360K->288K(113536K)] 172901K->57893K(800512K), 0.0038040 secs] [Times: user=0.02 sys=0.00, real=0.01 secs] 
2014-07-28T17:03:47.082+0000: 591.296: [GC [PSYoungGen: 113504K->320K(111872K)] 171109K->57949K(798848K), 0.0034880 secs] [Times: user=0.31 sys=0.31, real=0.62 secs] 
2014-07-28T17:03:48.075+0000: 592.289: [GC [PSYoungGen: 111856K->352K(110272K)] 169486K->58061K(797248K), 0.0020250 secs] [Times: user=0.02 sys=0.00, real=0.00 secs] 
2014-07-28T17:03:48.849+0000: 593.063: [GC [PSYoungGen: 110240K->320K(108608K)] 167949K->58093K(795584K), 0.0038420 secs] [Times: user=0.03 sys=0.00, real=0.00 secs] 
2014-07-28T17:03:49.612+0000: 593.826: [GC [PSYoungGen: 108590K->384K(107072K)] 166364K->58229K(794048K), 0.0035110 secs] [Times: user=0.01 sys=0.00, real=0.00 secs] 
2014-07-28T17:03:50.360+0000: 594.574: [GC [PSYoungGen: 107072K->256K(105408K)] 164917K->58101K(792384K), 0.0048080 secs] [Times: user=0.03 sys=0.01, real=0.00 secs] 
2014-07-28T17:03:51.099+0000: 595.313: [GC [PSYoungGen: 105408K->352K(104064K)] 163253K->58253K(791040K), 0.0029630 secs] [Times: user=0.02 sys=0.00, real=0.01 secs] 
2014-07-28T17:03:51.828+0000: 596.041: [GC [PSYoungGen: 104032K->320K(102528K)] 161933K->58285K(789504K), 0.0033210 secs] [Times: user=0.02 sys=0.00, real=0.01 secs] 
2014-07-28T17:03:52.543+0000: 596.757: [GC [PSYoungGen: 102528K->352K(101184K)] 160493K->58389K(788160K), 0.0034420 secs] [Times: user=0.02 sys=0.01, real=0.00 secs] 
2014-07-28T17:03:53.256+0000: 597.470: [GC [PSYoungGen: 101149K->384K(99776K)] 159187K->58469K(786752K), 0.0042060 secs] [Times: user=0.02 sys=0.00, real=0.01 secs] 
2014-07-28T17:03:53.966+0000: 598.179: [GC [PSYoungGen: 99776K->416K(98496K)] 157861K->58557K(785472K), 0.0078850 secs] [Times: user=0.05 sys=0.00, real=0.01 secs] 
2014-07-28T17:03:54.652+0000: 598.866: [GC [PSYoungGen: 98464K->256K(96960K)] 156605K->58533K(783936K), 0.0028340 secs] [Times: user=0.01 sys=0.00, real=0.00 secs] 
2014-07-28T17:03:55.335+0000: 599.549: [GC [PSYoungGen: 96960K->416K(95872K)] 155237K->58717K(782848K), 0.0102090 secs] [Times: user=0.06 sys=0.01, real=0.01 secs] 
2014-07-28T17:03:56.006+0000: 600.220: [GC [PSYoungGen: 95840K->352K(94528K)] 154141K->58709K(781504K), 0.0034570 secs] [Times: user=0.01 sys=0.00, real=0.00 secs] 
2014-07-28T17:03:56.668+0000: 600.882: [GC [PSYoungGen: 94496K->224K(93184K)] 152853K->58629K(780160K), 0.0031760 secs] [Times: user=0.02 sys=0.01, real=0.01 secs] 
2014-07-28T17:03:57.320+0000: 601.534: [GC [PSYoungGen: 93152K->320K(92032K)] 151557K->58773K(779008K), 0.0032420 secs] [Times: user=0.02 sys=0.00, real=0.01 secs] 
2014-07-28T17:03:57.965+0000: 602.178: [GC [PSYoungGen: 92032K->160K(90752K)] 150485K->58629K(777728K), 0.0035230 secs] [Times: user=0.01 sys=0.00, real=0.00 secs] 
2014-07-28T17:03:58.599+0000: 602.813: [GC [PSYoungGen: 90720K->224K(89664K)] 149189K->58749K(776640K), 0.0032700 secs] [Times: user=0.02 sys=0.00, real=0.01 secs] 
2014-07-28T17:03:59.227+0000: 603.441: [GC [PSYoungGen: 89632K->448K(88768K)] 148157K->58981K(775744K), 0.0031430 secs] [Times: user=0.01 sys=0.00, real=0.00 secs] 
2014-07-28T17:03:59.862+0000: 604.076: [GC [PSYoungGen: 88768K->352K(87616K)] 147301K->58949K(774592K), 0.0049060 secs] [Times: user=0.03 sys=0.00, real=0.00 secs] 
2014-07-28T17:04:00.476+0000: 604.690: [GC [PSYoungGen: 87584K->256K(86400K)] 146181K->58885K(773376K), 0.0082050 secs] [Times: user=0.04 sys=0.00, real=0.01 secs] 
2014-07-28T17:04:01.090+0000: 605.304: [GC [PSYoungGen: 86400K->256K(85376K)] 145029K->58901K(772352K), 0.0026890 secs] [Times: user=0.01 sys=0.00, real=0.01 secs] 
2014-07-28T17:04:01.687+0000: 605.900: [GC [PSYoungGen: 85374K->306K(84416K)] 144019K->58991K(771392K), 0.0044010 secs] [Times: user=0.03 sys=0.01, real=0.01 secs] 
2014-07-28T17:04:02.278+0000: 606.492: [GC [PSYoungGen: 84402K->416K(83520K)] 143087K->59141K(770496K), 0.0026860 secs] [Times: user=0.01 sys=0.00, real=0.00 secs] 
2014-07-28T17:04:02.857+0000: 607.071: [GC [PSYoungGen: 83488K->320K(82432K)] 142213K->59101K(769408K), 0.0066420 secs] [Times: user=0.04 sys=0.00, real=0.01 secs] 
2014-07-28T17:04:03.432+0000: 607.645: [GC [PSYoungGen: 82432K->320K(81472K)] 141213K->59157K(768448K), 0.0028980 secs] [Times: user=0.02 sys=0.00, real=0.01 secs] 
2014-07-28T17:04:04.000+0000: 608.213: [GC [PSYoungGen: 81445K->288K(80512K)] 140283K->59149K(767488K), 0.0028710 secs] [Times: user=0.02 sys=0.00, real=0.01 secs] 
2014-07-28T17:04:04.573+0000: 608.787: [GC [PSYoungGen: 80480K->448K(79744K)] 139341K->59389K(766720K), 0.0030520 secs] [Times: user=0.01 sys=0.01, real=0.00 secs] 
2014-07-28T17:04:05.119+0000: 609.332: [GC [PSYoungGen: 79744K->256K(78656K)] 138685K->59237K(765632K), 0.0038100 secs] [Times: user=0.02 sys=0.01, real=0.01 secs] 
2014-07-28T17:04:05.672+0000: 609.885: [GC [PSYoungGen: 78656K->320K(77824K)] 137637K->59381K(764800K), 0.0042000 secs] [Times: user=0.02 sys=0.00, real=0.01 secs] 
2014-07-28T17:04:06.219+0000: 610.433: [GC [PSYoungGen: 77824K->352K(77056K)] 136885K->59445K(764032K), 0.0036720 secs] [Times: user=0.01 sys=0.01, real=0.01 secs] 
2014-07-28T17:04:06.756+0000: 610.969: [GC [PSYoungGen: 77024K->384K(76224K)] 136117K->59549K(763200K), 0.0039500 secs] [Times: user=0.03 sys=0.01, real=0.00 secs] 
2014-07-28T17:04:07.286+0000: 611.500: [GC [PSYoungGen: 76224K->320K(75328K)] 135389K->59557K(762304K), 0.0046380 secs] [Times: user=0.02 sys=0.00, real=0.00 secs] 
2014-07-28T17:04:07.812+0000: 612.026: [GC [PSYoungGen: 75328K->320K(74496K)] 134565K->59573K(761472K), 0.0040350 secs] [Times: user=0.03 sys=0.00, real=0.01 secs] 
2014-07-28T17:04:08.333+0000: 612.547: [GC [PSYoungGen: 74496K->416K(73856K)] 133749K->59741K(760832K), 0.0032530 secs] [Times: user=0.02 sys=0.01, real=0.00 secs] 
2014-07-28T17:04:08.851+0000: 613.065: [GC [PSYoungGen: 73789K->320K(72960K)] 133114K->59741K(759936K), 0.0026560 secs] [Times: user=0.01 sys=0.00, real=0.01 secs] 
2014-07-28T17:04:09.360+0000: 613.574: [GC [PSYoungGen: 72960K->416K(72320K)] 132381K->59933K(759296K), 0.0031290 secs] [Times: user=0.02 sys=0.00, real=0.01 secs] 
2014-07-28T17:04:09.867+0000: 614.080: [GC [PSYoungGen: 72288K->224K(71360K)] 131805K->59781K(758336K), 0.0062880 secs] [Times: user=0.03 sys=0.00, real=0.01 secs] 
2014-07-28T17:04:10.361+0000: 614.575: [GC [PSYoungGen: 71328K->256K(70592K)] 130885K->59877K(757568K), 0.0034540 secs] [Times: user=0.01 sys=0.01, real=0.01 secs] 
2014-07-28T17:04:10.858+0000: 615.071: [GC [PSYoungGen: 70592K->256K(69888K)] 130213K->59925K(756864K), 0.0048400 secs] [Times: user=0.03 sys=0.00, real=0.00 secs] 
2014-07-28T17:04:11.346+0000: 615.560: [GC [PSYoungGen: 69888K->288K(83904K)] 129557K->59997K(770880K), 0.0086270 secs] [Times: user=0.05 sys=0.00, real=0.01 secs] 
2014-07-28T17:04:11.933+0000: 616.147: [GC [PSYoungGen: 83872K->256K(82880K)] 143581K->59997K(769856K), 0.0042830 secs] [Times: user=0.02 sys=0.00, real=0.00 secs] 
2014-07-28T17:04:12.511+0000: 616.725: [GC [PSYoungGen: 82880K->320K(81984K)] 142621K->60133K(768960K), 0.0031670 secs] [Times: user=0.01 sys=0.01, real=0.01 secs] 
2014-07-28T17:04:13.092+0000: 617.306: [GC [PSYoungGen: 81984K->288K(81024K)] 141797K->60125K(768000K), 0.0031620 secs] [Times: user=0.01 sys=0.01, real=0.01 secs] 
2014-07-28T17:04:13.665+0000: 617.879: [GC [PSYoungGen: 80988K->512K(80256K)] 140826K->60389K(767232K), 0.0048140 secs] [Times: user=0.01 sys=0.01, real=0.00 secs] 
2014-07-28T17:04:14.231+0000: 618.445: [GC [PSYoungGen: 80256K->256K(79104K)] 140133K->60269K(766080K), 0.0030750 secs] [Times: user=0.02 sys=0.00, real=0.01 secs] 
2014-07-28T17:04:14.784+0000: 618.998: [GC [PSYoungGen: 79104K->256K(78208K)] 139117K->60309K(765184K), 0.0030460 secs] [Times: user=0.01 sys=0.00, real=0.00 secs] 
2014-07-28T17:04:15.334+0000: 619.548: [GC [PSYoungGen: 78208K->256K(77312K)] 138261K->60365K(764288K), 0.0038370 secs] [Times: user=0.02 sys=0.00, real=0.00 secs] 
2014-07-28T17:04:15.874+0000: 620.087: [GC [PSYoungGen: 77312K->224K(76480K)] 137421K->60373K(763456K), 0.0026670 secs] [Times: user=0.01 sys=0.00, real=0.01 secs] 
2014-07-28T17:04:16.410+0000: 620.624: [GC [PSYoungGen: 76448K->352K(75776K)] 136597K->60573K(762752K), 0.0024400 secs] [Times: user=0.01 sys=0.00, real=0.00 secs] 
2014-07-28T17:04:16.941+0000: 621.154: [GC [PSYoungGen: 75744K->288K(74880K)] 135965K->60565K(761856K), 0.0042710 secs] [Times: user=0.02 sys=0.00, real=0.01 secs] 
2014-07-28T17:04:17.465+0000: 621.679: [GC [PSYoungGen: 74848K->160K(73920K)] 135125K->60469K(760896K), 0.0045410 secs] [Times: user=0.02 sys=0.00, real=0.00 secs] 
2014-07-28T17:04:17.985+0000: 622.199: [GC [PSYoungGen: 73888K->192K(73152K)] 134197K->60533K(760128K), 0.0031720 secs] [Times: user=0.01 sys=0.00, real=0.00 secs] 
2014-07-28T17:04:18.498+0000: 622.712: [GC [PSYoungGen: 73152K->224K(72448K)] 133493K->60605K(759424K), 0.0052590 secs] [Times: user=0.03 sys=0.00, real=0.00 secs] 
2014-07-28T17:04:19.001+0000: 623.214: [GC [PSYoungGen: 72416K->288K(71744K)] 132797K->60701K(758720K), 0.0043790 secs] [Times: user=0.02 sys=0.00, real=0.01 secs] 
2014-07-28T17:04:19.502+0000: 623.715: [GC [PSYoungGen: 71712K->416K(71104K)] 132125K->60925K(758080K), 0.0050160 secs] [Times: user=0.03 sys=0.00, real=0.01 secs] 
2014-07-28T17:04:19.998+0000: 624.212: [GC [PSYoungGen: 71072K->192K(70144K)] 131581K->60717K(757120K), 0.0046720 secs] [Times: user=0.03 sys=0.00, real=0.00 secs] 
2014-07-28T17:04:20.491+0000: 624.704: [GC [PSYoungGen: 70144K->352K(69632K)] 130669K->60957K(756608K), 0.0030980 secs] [Times: user=0.02 sys=0.00, real=0.00 secs] 
2014-07-28T17:04:20.978+0000: 625.192: [GC [PSYoungGen: 69600K->384K(68928K)] 130205K->61029K(755904K), 0.0064140 secs] [Times: user=0.04 sys=0.01, real=0.01 secs] 
2014-07-28T17:04:21.470+0000: 625.684: [GC [PSYoungGen: 68928K->320K(68160K)] 129573K->61045K(755136K), 0.0023270 secs] [Times: user=0.01 sys=0.00, real=0.00 secs] 
2014-07-28T17:04:21.935+0000: 626.149: [GC [PSYoungGen: 68160K->352K(67520K)] 128885K->61117K(754496K), 0.0064000 secs] [Times: user=0.04 sys=0.01, real=0.00 secs] 
2014-07-28T17:04:22.408+0000: 626.622: [GC [PSYoungGen: 67478K->224K(80832K)] 128244K->61021K(767808K), 0.0072290 secs] [Times: user=0.05 sys=0.00, real=0.01 secs] 
2014-07-28T17:04:22.973+0000: 627.186: [GC [PSYoungGen: 80800K->256K(79936K)] 141597K->61085K(766912K), 0.0034970 secs] [Times: user=0.01 sys=0.00, real=0.01 secs] 
2014-07-28T17:04:23.537+0000: 627.751: [GC [PSYoungGen: 79936K->384K(79168K)] 140765K->61285K(766144K), 0.0042640 secs] [Times: user=0.02 sys=0.01, real=0.00 secs] 
2014-07-28T17:04:24.088+0000: 628.301: [GC [PSYoungGen: 79168K->288K(78208K)] 140069K->61197K(765184K), 0.0034760 secs] [Times: user=0.01 sys=0.00, real=0.00 secs] 
2014-07-28T17:04:24.633+0000: 628.846: [GC [PSYoungGen: 78176K->256K(77248K)] 139085K->61205K(764224K), 0.0022600 secs] [Times: user=0.01 sys=0.00, real=0.00 secs] 
2014-07-28T17:04:25.173+0000: 629.387: [GC [PSYoungGen: 77248K->384K(76544K)] 138197K->61341K(763520K), 0.0045100 secs] [Times: user=0.02 sys=0.01, real=0.01 secs] 
2014-07-28T17:04:25.706+0000: 629.920: [GC [PSYoungGen: 76543K->402K(75776K)] 137501K->61423K(762752K), 0.0027590 secs] [Times: user=0.02 sys=0.00, real=0.00 secs] 
2014-07-28T17:04:26.246+0000: 630.459: [GC [PSYoungGen: 75730K->320K(74816K)] 136751K->61397K(761792K), 0.0033760 secs] [Times: user=0.02 sys=0.00, real=0.00 secs] 
2014-07-28T17:04:26.776+0000: 630.990: [GC [PSYoungGen: 74816K->224K(73920K)] 135893K->61309K(760896K), 0.0058140 secs] [Times: user=0.01 sys=0.00, real=0.00 secs] 
2014-07-28T17:04:27.294+0000: 631.508: [GC [PSYoungGen: 73888K->448K(73344K)] 134973K->61597K(760320K), 0.0066200 secs] [Times: user=0.04 sys=0.01, real=0.01 secs] 
2014-07-28T17:04:27.826+0000: 632.040: [GC [PSYoungGen: 73344K->256K(72384K)] 134493K->61421K(759360K), 0.0025680 secs] [Times: user=0.02 sys=0.00, real=0.00 secs] 
2014-07-28T17:04:28.339+0000: 632.553: [GC [PSYoungGen: 72384K->320K(71680K)] 133549K->61541K(758656K), 0.0047040 secs] [Times: user=0.03 sys=0.00, real=0.00 secs] 
2014-07-28T17:04:28.845+0000: 633.059: [GC [PSYoungGen: 71680K->288K(70912K)] 132901K->61533K(757888K), 0.0024310 secs] [Times: user=0.01 sys=0.00, real=0.01 secs] 
2014-07-28T17:04:29.335+0000: 633.549: [GC [PSYoungGen: 70880K->224K(70144K)] 132125K->61517K(757120K), 0.0053150 secs] [Times: user=0.04 sys=0.00, real=0.01 secs] 
2014-07-28T17:04:29.827+0000: 634.041: [GC [PSYoungGen: 70112K->160K(69376K)] 131405K->61477K(756352K), 0.0076090 secs] [Times: user=0.04 sys=0.01, real=0.00 secs] 
2014-07-28T17:04:30.313+0000: 634.527: [GC [PSYoungGen: 69344K->256K(68736K)] 130661K->61637K(755712K), 0.0034490 secs] [Times: user=0.02 sys=0.01, real=0.01 secs] 
2014-07-28T17:04:30.796+0000: 635.010: [GC [PSYoungGen: 68736K->256K(68032K)] 130117K->61653K(755008K), 0.0053520 secs] [Times: user=0.04 sys=0.00, real=0.01 secs] 
2014-07-28T17:04:31.278+0000: 635.491: [GC [PSYoungGen: 68032K->288K(81664K)] 129429K->61733K(768640K), 0.0067870 secs] [Times: user=0.03 sys=0.00, real=0.00 secs] 
2014-07-28T17:04:31.846+0000: 636.060: [GC [PSYoungGen: 81632K->320K(80704K)] 143077K->61797K(767680K), 0.0038560 secs] [Times: user=0.02 sys=0.00, real=0.00 secs] 
2014-07-28T17:04:32.409+0000: 636.623: [GC [PSYoungGen: 80704K->256K(79744K)] 142181K->61773K(766720K), 0.0040560 secs] [Times: user=0.02 sys=0.01, real=0.00 secs] 
2014-07-28T17:04:32.973+0000: 637.186: [GC [PSYoungGen: 79744K->224K(78848K)] 141261K->61781K(765824K), 0.0033400 secs] [Times: user=0.02 sys=0.00, real=0.01 secs] 
2014-07-28T17:04:33.524+0000: 637.738: [GC [PSYoungGen: 78816K->320K(78016K)] 140373K->61925K(764992K), 0.0072110 secs] [Times: user=0.04 sys=0.00, real=0.01 secs] 
2014-07-28T17:04:34.084+0000: 638.298: [GC [PSYoungGen: 78016K->288K(77120K)] 139621K->61901K(764096K), 0.0051600 secs] [Times: user=0.03 sys=0.01, real=0.01 secs] 
2014-07-28T17:04:34.624+0000: 638.837: [GC [PSYoungGen: 77088K->224K(92416K)] 138701K->61869K(779392K), 0.0073670 secs] [Times: user=0.03 sys=0.01, real=0.01 secs] 
2014-07-28T17:04:35.297+0000: 639.511: [GC [PSYoungGen: 92384K->384K(91392K)] 154029K->62045K(778368K), 0.0038840 secs] [Times: user=0.02 sys=0.00, real=0.00 secs] 
2014-07-28T17:04:35.924+0000: 640.138: [GC [PSYoungGen: 91392K->288K(90176K)] 153053K->62013K(777152K), 0.0031740 secs] [Times: user=0.02 sys=0.00, real=0.01 secs] 
2014-07-28T17:04:36.557+0000: 640.771: [GC [PSYoungGen: 90144K->242K(88960K)] 151869K->61999K(775936K), 0.0042800 secs] [Times: user=0.02 sys=0.00, real=0.00 secs] 
2014-07-28T17:04:37.180+0000: 641.394: [GC [PSYoungGen: 88946K->384K(88000K)] 150703K->62157K(774976K), 0.0037870 secs] [Times: user=0.02 sys=0.00, real=0.00 secs] 
2014-07-28T17:04:37.797+0000: 642.011: [GC [PSYoungGen: 88000K->320K(86848K)] 149773K->62173K(773824K), 0.0039400 secs] [Times: user=0.03 sys=0.00, real=0.01 secs] 
2014-07-28T17:04:38.404+0000: 642.618: [GC [PSYoungGen: 86848K->352K(85888K)] 148701K->62277K(772864K), 0.0039170 secs] [Times: user=0.03 sys=0.01, real=0.01 secs] 
2014-07-28T17:04:39.002+0000: 643.216: [GC [PSYoungGen: 85856K->192K(84672K)] 147781K->62141K(771648K), 0.0030420 secs] [Times: user=0.01 sys=0.00, real=0.00 secs] 
2014-07-28T17:04:39.596+0000: 643.810: [GC [PSYoungGen: 84672K->192K(83648K)] 146621K->62181K(770624K), 0.0028580 secs] [Times: user=0.01 sys=0.00, real=0.01 secs] 
2014-07-28T17:04:40.187+0000: 644.401: [GC [PSYoungGen: 83636K->448K(82944K)] 145626K->62437K(769920K), 0.0045270 secs] [Times: user=0.03 sys=0.00, real=0.01 secs] 
2014-07-28T17:04:40.769+0000: 644.983: [GC [PSYoungGen: 82944K->224K(81792K)] 144933K->62237K(768768K), 0.0057770 secs] [Times: user=0.02 sys=0.00, real=0.00 secs] 
2014-07-28T17:04:41.379+0000: 645.592: [GC [PSYoungGen: 81760K->352K(80960K)] 143773K->62397K(767936K), 0.0059030 secs] [Times: user=0.03 sys=0.00, real=0.00 secs] 
2014-07-28T17:04:41.956+0000: 646.170: [GC [PSYoungGen: 80928K->416K(80128K)] 142973K->62501K(767104K), 0.0026830 secs] [Times: user=0.01 sys=0.01, real=0.01 secs] 
2014-07-28T17:04:42.532+0000: 646.746: [GC [PSYoungGen: 80096K->256K(79040K)] 142181K->62509K(766016K), 0.0022710 secs] [Times: user=0.01 sys=0.00, real=0.00 secs] 
2014-07-28T17:04:43.094+0000: 647.308: [GC [PSYoungGen: 79030K->288K(78208K)] 141284K->62565K(765184K), 0.0059690 secs] [Times: user=0.02 sys=0.00, real=0.01 secs] 
2014-07-28T17:04:43.636+0000: 647.849: [GC [PSYoungGen: 78176K->192K(77184K)] 140453K->62501K(764160K), 0.0069530 secs] [Times: user=0.04 sys=0.01, real=0.01 secs] 
2014-07-28T17:04:44.176+0000: 648.389: [GC [PSYoungGen: 77168K->384K(76544K)] 139478K->62701K(763520K), 0.0025860 secs] [Times: user=0.01 sys=0.00, real=0.01 secs] 
2014-07-28T17:04:44.710+0000: 648.924: [GC [PSYoungGen: 76544K->224K(75584K)] 138861K->62589K(762560K), 0.0035570 secs] [Times: user=0.02 sys=0.00, real=0.00 secs] 
2014-07-28T17:04:45.241+0000: 649.455: [GC [PSYoungGen: 75552K->384K(74880K)] 137917K->62797K(761856K), 0.0034570 secs] [Times: user=0.02 sys=0.00, real=0.00 secs] 
2014-07-28T17:04:45.762+0000: 649.975: [GC [PSYoungGen: 74880K->288K(73984K)] 137293K->62765K(760960K), 0.0030650 secs] [Times: user=0.02 sys=0.00, real=0.00 secs] 
2014-07-28T17:04:46.280+0000: 650.494: [GC [PSYoungGen: 73952K->416K(73344K)] 136429K->62997K(760320K), 0.0032790 secs] [Times: user=0.02 sys=0.01, real=0.00 secs] 
2014-07-28T17:04:46.793+0000: 651.007: [GC [PSYoungGen: 73312K->320K(72448K)] 135893K->62925K(759424K), 0.0073070 secs] [Times: user=0.05 sys=0.00, real=0.01 secs] 
2014-07-28T17:04:47.299+0000: 651.513: [GC [PSYoungGen: 72440K->352K(71744K)] 135046K->63013K(758720K), 0.0074020 secs] [Times: user=0.04 sys=0.00, real=0.00 secs] 
2014-07-28T17:04:47.799+0000: 652.013: [GC [PSYoungGen: 71712K->416K(71040K)] 134373K->63101K(758016K), 0.0034140 secs] [Times: user=0.02 sys=0.00, real=0.00 secs] 
2014-07-28T17:04:48.301+0000: 652.515: [GC [PSYoungGen: 71008K->320K(70208K)] 133693K->63045K(757184K), 0.0024340 secs] [Times: user=0.01 sys=0.01, real=0.00 secs] 
2014-07-28T17:04:48.799+0000: 653.013: [GC [PSYoungGen: 70208K->416K(69632K)] 132933K->63181K(756608K), 0.0032390 secs] [Times: user=0.01 sys=0.01, real=0.00 secs] 
2014-07-28T17:04:49.287+0000: 653.501: [GC [PSYoungGen: 69600K->288K(68800K)] 132365K->63093K(755776K), 0.0034510 secs] [Times: user=0.02 sys=0.01, real=0.01 secs] 
2014-07-28T17:04:49.769+0000: 653.983: [GC [PSYoungGen: 68768K->448K(68224K)] 131573K->63293K(755200K), 0.0036600 secs] [Times: user=0.02 sys=0.00, real=0.01 secs] 
2014-07-28T17:04:50.254+0000: 654.468: [GC [PSYoungGen: 68224K->338K(67456K)] 131069K->63231K(754432K), 0.0027390 secs] [Times: user=0.01 sys=0.00, real=0.00 secs] 
2014-07-28T17:04:50.743+0000: 654.957: [GC [PSYoungGen: 67410K->356K(66816K)] 130303K->63377K(753792K), 0.0044080 secs] [Times: user=0.03 sys=0.00, real=0.00 secs] 
2014-07-28T17:04:51.227+0000: 655.441: [GC [PSYoungGen: 66788K->274K(66112K)] 129809K->63311K(753088K), 0.0083600 secs] [Times: user=0.03 sys=0.00, real=0.01 secs] 
2014-07-28T17:04:51.678+0000: 655.892: [GC [PSYoungGen: 66066K->224K(65408K)] 129103K->63351K(752384K), 0.0046110 secs] [Times: user=0.03 sys=0.00, real=0.01 secs] 
2014-07-28T17:04:52.138+0000: 656.351: [GC [PSYoungGen: 65354K->256K(64768K)] 128482K->63423K(751744K), 0.0046920 secs] [Times: user=0.03 sys=0.01, real=0.01 secs] 
2014-07-28T17:04:52.592+0000: 656.806: [GC [PSYoungGen: 64768K->384K(64256K)] 127935K->63623K(751232K), 0.0036440 secs] [Times: user=0.03 sys=0.00, real=0.00 secs] 
2014-07-28T17:04:53.039+0000: 657.253: [GC [PSYoungGen: 64256K->192K(63488K)] 127495K->63447K(750464K), 0.0028690 secs] [Times: user=0.01 sys=0.00, real=0.00 secs] 
2014-07-28T17:04:53.483+0000: 657.697: [GC [PSYoungGen: 63451K->320K(63040K)] 126707K->63631K(750016K), 0.0032180 secs] [Times: user=0.02 sys=0.00, real=0.00 secs] 
2014-07-28T17:04:53.923+0000: 658.137: [GC [PSYoungGen: 63040K->384K(62528K)] 126351K->63719K(749504K), 0.0017460 secs] [Times: user=0.01 sys=0.01, real=0.00 secs] 
2014-07-28T17:04:54.354+0000: 658.568: [GC [PSYoungGen: 62528K->288K(61888K)] 125863K->63671K(748864K), 0.0030740 secs] [Times: user=0.02 sys=0.00, real=0.00 secs] 
2014-07-28T17:04:54.790+0000: 659.004: [GC [PSYoungGen: 61856K->192K(61184K)] 125239K->63599K(748160K), 0.0037900 secs] [Times: user=0.02 sys=0.00, real=0.00 secs] 
2014-07-28T17:04:55.220+0000: 659.434: [GC [PSYoungGen: 61184K->224K(60672K)] 124591K->63679K(747648K), 0.0036120 secs] [Times: user=0.02 sys=0.00, real=0.00 secs] 
2014-07-28T17:04:55.641+0000: 659.854: [GC [PSYoungGen: 60598K->416K(60352K)] 124054K->63919K(747328K), 0.0023270 secs] [Times: user=0.02 sys=0.00, real=0.00 secs] 
2014-07-28T17:04:56.060+0000: 660.274: [GC [PSYoungGen: 60320K->288K(59712K)] 123823K->63799K(746688K), 0.0035160 secs] [Times: user=0.03 sys=0.00, real=0.00 secs] 
2014-07-28T17:04:56.482+0000: 660.696: [GC [PSYoungGen: 59680K->256K(59136K)] 123191K->63791K(746112K), 0.0031300 secs] [Times: user=0.02 sys=0.01, real=0.00 secs] 
2014-07-28T17:04:56.913+0000: 661.127: [GC [PSYoungGen: 59136K->480K(58880K)] 122671K->64055K(745856K), 0.0056020 secs] [Times: user=0.04 sys=0.00, real=0.00 secs] 
2014-07-28T17:04:57.338+0000: 661.551: [GC [PSYoungGen: 58848K->370K(58240K)] 122423K->63977K(745216K), 0.0049390 secs] [Times: user=0.03 sys=0.00, real=0.01 secs] 
2014-07-28T17:04:57.753+0000: 661.967: [GC [PSYoungGen: 58211K->320K(57664K)] 121819K->63975K(744640K), 0.0028580 secs] [Times: user=0.02 sys=0.00, real=0.00 secs] 
2014-07-28T17:04:58.178+0000: 662.392: [GC [PSYoungGen: 57664K->384K(57216K)] 121319K->64087K(744192K), 0.0055290 secs] [Times: user=0.03 sys=0.00, real=0.01 secs] 
2014-07-28T17:04:58.596+0000: 662.809: [GC [PSYoungGen: 57184K->352K(56704K)] 120887K->64103K(743680K), 0.0027990 secs] [Times: user=0.01 sys=0.01, real=0.00 secs] 
2014-07-28T17:04:58.992+0000: 663.205: [GC [PSYoungGen: 56672K->416K(56320K)] 120423K->64183K(743296K), 0.0053260 secs] [Times: user=0.29 sys=0.14, real=0.41 secs] 
2014-07-28T17:04:59.533+0000: 663.747: [GC [PSYoungGen: 56287K->384K(67456K)] 120055K->64223K(754432K), 0.0133800 secs] [Times: user=0.06 sys=0.01, real=0.01 secs] 
2014-07-28T17:04:59.856+0000: 664.070: [GC [PSYoungGen: 67456K->352K(80896K)] 131295K->64239K(767872K), 0.0057580 secs] [Times: user=0.04 sys=0.00, real=0.01 secs] 
2014-07-28T17:05:00.426+0000: 664.640: [GC [PSYoungGen: 80864K->306K(96960K)] 144751K->64225K(783936K), 0.0047590 secs] [Times: user=0.02 sys=0.00, real=0.01 secs] 
2014-07-28T17:05:01.104+0000: 665.317: [GC [PSYoungGen: 96946K->256K(114112K)] 160865K->64199K(801088K), 0.0022270 secs] [Times: user=0.02 sys=0.00, real=0.00 secs] 
2014-07-28T17:05:01.897+0000: 666.111: [GC [PSYoungGen: 113792K->224K(116544K)] 177735K->64199K(803520K), 0.0025370 secs] [Times: user=0.01 sys=0.00, real=0.00 secs] 
2014-07-28T17:05:02.711+0000: 666.925: [GC [PSYoungGen: 116190K->192K(116544K)] 180166K->64199K(803520K), 0.0033220 secs] [Times: user=0.01 sys=0.00, real=0.00 secs] 
2014-07-28T17:05:03.528+0000: 667.742: [GC [PSYoungGen: 116160K->416K(114624K)] 180167K->64447K(801600K), 0.0033370 secs] [Times: user=0.02 sys=0.00, real=0.01 secs] 
2014-07-28T17:05:04.328+0000: 668.542: [GC [PSYoungGen: 114592K->288K(112768K)] 178623K->64383K(799744K), 0.0044010 secs] [Times: user=0.03 sys=0.01, real=0.01 secs] 
2014-07-28T17:05:05.129+0000: 669.342: [GC [PSYoungGen: 112736K->352K(111168K)] 176831K->64487K(798144K), 0.0040870 secs] [Times: user=0.02 sys=0.00, real=0.01 secs] 
2014-07-28T17:05:05.908+0000: 670.121: [GC [PSYoungGen: 111110K->320K(109440K)] 175246K->64471K(796416K), 0.0056890 secs] [Times: user=0.01 sys=0.01, real=0.01 secs] 
2014-07-28T17:05:06.681+0000: 670.895: [GC [PSYoungGen: 109440K->224K(107776K)] 173591K->64399K(794752K), 0.0032620 secs] [Times: user=0.01 sys=0.01, real=0.01 secs] 
2014-07-28T17:05:07.430+0000: 671.643: [GC [PSYoungGen: 107744K->288K(106304K)] 171919K->64479K(793280K), 0.0039050 secs] [Times: user=0.02 sys=0.01, real=0.01 secs] 
2014-07-28T17:05:08.169+0000: 672.382: [GC [PSYoungGen: 106254K->224K(104704K)] 170445K->64447K(791680K), 0.0031740 secs] [Times: user=0.01 sys=0.01, real=0.00 secs] 
2014-07-28T17:05:08.903+0000: 673.117: [GC [PSYoungGen: 104672K->224K(103232K)] 168895K->64487K(790208K), 0.0059480 secs] [Times: user=0.03 sys=0.00, real=0.00 secs] 
2014-07-28T17:05:09.629+0000: 673.843: [GC [PSYoungGen: 103200K->384K(101952K)] 167463K->64735K(788928K), 0.0037220 secs] [Times: user=0.02 sys=0.00, real=0.01 secs] 
2014-07-28T17:05:10.337+0000: 674.551: [GC [PSYoungGen: 101952K->320K(100480K)] 166303K->64671K(787456K), 0.0026840 secs] [Times: user=0.02 sys=0.00, real=0.00 secs] 
2014-07-28T17:05:11.042+0000: 675.256: [GC [PSYoungGen: 100480K->256K(99072K)] 164831K->64663K(786048K), 0.0030780 secs] [Times: user=0.02 sys=0.00, real=0.01 secs] 
2014-07-28T17:05:11.737+0000: 675.951: [GC [PSYoungGen: 99072K->416K(97920K)] 163479K->64887K(784896K), 0.0115290 secs] [Times: user=0.06 sys=0.00, real=0.01 secs] 
2014-07-28T17:05:12.418+0000: 676.632: [GC [PSYoungGen: 97888K->384K(96576K)] 162359K->64919K(783552K), 0.0029610 secs] [Times: user=0.02 sys=0.00, real=0.00 secs] 
2014-07-28T17:05:13.094+0000: 677.308: [GC [PSYoungGen: 96576K->402K(95360K)] 161111K->65009K(782336K), 0.0021280 secs] [Times: user=0.01 sys=0.00, real=0.00 secs] 
2014-07-28T17:05:13.761+0000: 677.975: [GC [PSYoungGen: 95286K->256K(93952K)] 159894K->64985K(780928K), 0.0042330 secs] [Times: user=0.03 sys=0.00, real=0.01 secs] 
2014-07-28T17:05:14.418+0000: 678.632: [GC [PSYoungGen: 93952K->384K(92864K)] 158681K->65201K(779840K), 0.0021840 secs] [Times: user=0.01 sys=0.00, real=0.00 secs] 
2014-07-28T17:05:15.071+0000: 679.284: [GC [PSYoungGen: 92864K->384K(91648K)] 157681K->65257K(778624K), 0.0036760 secs] [Times: user=0.03 sys=0.00, real=0.01 secs] 
2014-07-28T17:05:15.713+0000: 679.927: [GC [PSYoungGen: 91648K->416K(90560K)] 156521K->65369K(777536K), 0.0029460 secs] [Times: user=0.01 sys=0.00, real=0.01 secs] 
2014-07-28T17:05:16.348+0000: 680.562: [GC [PSYoungGen: 90526K->320K(89280K)] 155480K->65297K(776256K), 0.0038910 secs] [Times: user=0.02 sys=0.01, real=0.00 secs] 
2014-07-28T17:05:16.976+0000: 681.190: [GC [PSYoungGen: 89280K->416K(88320K)] 154257K->65473K(775296K), 0.0040190 secs] [Times: user=0.02 sys=0.01, real=0.00 secs] 
2014-07-28T17:05:17.597+0000: 681.811: [GC [PSYoungGen: 88288K->352K(87168K)] 153345K->65497K(774144K), 0.0028810 secs] [Times: user=0.02 sys=0.00, real=0.00 secs] 
2014-07-28T17:05:18.206+0000: 682.420: [GC [PSYoungGen: 87110K->484K(86208K)] 152255K->65645K(773184K), 0.0053180 secs] [Times: user=0.03 sys=0.01, real=0.00 secs] 
2014-07-28T17:05:18.807+0000: 683.021: [GC [PSYoungGen: 86180K->192K(84864K)] 151341K->65489K(771840K), 0.0055980 secs] [Times: user=0.04 sys=0.00, real=0.00 secs] 
2014-07-28T17:05:19.402+0000: 683.616: [GC [PSYoungGen: 84864K->224K(83904K)] 150161K->65569K(770880K), 0.0023480 secs] [Times: user=0.01 sys=0.00, real=0.01 secs] 
2014-07-28T17:05:19.989+0000: 684.202: [GC [PSYoungGen: 83872K->256K(82880K)] 149217K->65657K(769856K), 0.0036970 secs] [Times: user=0.02 sys=0.00, real=0.00 secs] 
2014-07-28T17:05:20.567+0000: 684.781: [GC [PSYoungGen: 82880K->448K(82112K)] 148281K->65953K(769088K), 0.0025060 secs] [Times: user=0.02 sys=0.00, real=0.00 secs] 
2014-07-28T17:05:21.140+0000: 685.354: [GC [PSYoungGen: 82112K->288K(81024K)] 147617K->65817K(768000K), 0.0039500 secs] [Times: user=0.02 sys=0.00, real=0.01 secs] 
2014-07-28T17:05:21.706+0000: 685.920: [GC [PSYoungGen: 80992K->256K(80000K)] 146521K->65833K(766976K), 0.0019830 secs] [Times: user=0.01 sys=0.00, real=0.00 secs] 
2014-07-28T17:05:22.268+0000: 686.482: [GC [PSYoungGen: 80000K->192K(79040K)] 145577K->65793K(766016K), 0.0026580 secs] [Times: user=0.02 sys=0.00, real=0.00 secs] 
2014-07-28T17:05:22.821+0000: 687.035: [GC [PSYoungGen: 79040K->384K(78336K)] 144641K->66049K(765312K), 0.0024160 secs] [Times: user=0.01 sys=0.00, real=0.01 secs] 
2014-07-28T17:05:23.371+0000: 687.585: [GC [PSYoungGen: 78336K->320K(77376K)] 144001K->66041K(764352K), 0.0056240 secs] [Times: user=0.03 sys=0.01, real=0.01 secs] 
2014-07-28T17:05:23.914+0000: 688.128: [GC [PSYoungGen: 77376K->288K(76544K)] 143097K->66049K(763520K), 0.0025430 secs] [Times: user=0.02 sys=0.00, real=0.01 secs] 
2014-07-28T17:05:24.448+0000: 688.662: [GC [PSYoungGen: 76474K->352K(75776K)] 142236K->66185K(762752K), 0.0040120 secs] [Times: user=0.02 sys=0.00, real=0.00 secs] 
2014-07-28T17:05:24.983+0000: 689.197: [GC [PSYoungGen: 75744K->320K(74880K)] 141577K->66185K(761856K), 0.0034950 secs] [Times: user=0.02 sys=0.00, real=0.01 secs] 
2014-07-28T17:05:25.504+0000: 689.718: [GC [PSYoungGen: 74880K->288K(74048K)] 140745K->66217K(761024K), 0.0027800 secs] [Times: user=0.02 sys=0.00, real=0.00 secs] 
2014-07-28T17:05:26.021+0000: 690.235: [GC [PSYoungGen: 74009K->288K(73280K)] 139939K->66241K(760256K), 0.0051220 secs] [Times: user=0.04 sys=0.00, real=0.01 secs] 
2014-07-28T17:05:26.538+0000: 690.752: [GC [PSYoungGen: 73248K->288K(72512K)] 139201K->66297K(759488K), 0.0037400 secs] [Times: user=0.02 sys=0.00, real=0.00 secs] 
2014-07-28T17:05:27.044+0000: 691.257: [GC [PSYoungGen: 72480K->480K(71936K)] 138489K->66497K(758912K), 0.0030060 secs] [Times: user=0.02 sys=0.00, real=0.01 secs] 
2014-07-28T17:05:27.551+0000: 691.764: [GC [PSYoungGen: 71904K->256K(70912K)] 137921K->66425K(757888K), 0.0020670 secs] [Times: user=0.01 sys=0.00, real=0.00 secs] 
2014-07-28T17:05:28.043+0000: 692.256: [GC [PSYoungGen: 70912K->224K(70208K)] 137081K->66417K(757184K), 0.0047120 secs] [Times: user=0.03 sys=0.00, real=0.01 secs] 
2014-07-28T17:05:28.538+0000: 692.752: [GC [PSYoungGen: 70176K->192K(69440K)] 136369K->66433K(756416K), 0.0055940 secs] [Times: user=0.03 sys=0.00, real=0.00 secs] 
2014-07-28T17:05:29.021+0000: 693.235: [GC [PSYoungGen: 69440K->480K(69056K)] 135681K->66745K(756032K), 0.0026990 secs] [Times: user=0.01 sys=0.00, real=0.00 secs] 
2014-07-28T17:05:29.502+0000: 693.716: [GC [PSYoungGen: 68997K->416K(68288K)] 135263K->66769K(755264K), 0.0038210 secs] [Times: user=0.02 sys=0.00, real=0.01 secs] 
2014-07-28T17:05:29.981+0000: 694.195: [GC [PSYoungGen: 68256K->338K(67520K)] 134609K->66715K(754496K), 0.0031130 secs] [Times: user=0.02 sys=0.00, real=0.00 secs] 
2014-07-28T17:05:30.450+0000: 694.664: [GC [PSYoungGen: 67474K->384K(66880K)] 133851K->66841K(753856K), 0.0026740 secs] [Times: user=0.01 sys=0.00, real=0.00 secs] 
2014-07-28T17:05:30.918+0000: 695.132: [GC [PSYoungGen: 66880K->320K(66176K)] 133337K->66817K(753152K), 0.0033860 secs] [Times: user=0.01 sys=0.00, real=0.00 secs] 
2014-07-28T17:05:31.385+0000: 695.599: [GC [PSYoungGen: 66176K->416K(65664K)] 132673K->67009K(752640K), 0.0022500 secs] [Times: user=0.01 sys=0.00, real=0.01 secs] 
2014-07-28T17:05:31.846+0000: 696.060: [GC [PSYoungGen: 65632K->530K(65152K)] 132225K->67163K(752128K), 0.0033110 secs] [Times: user=0.01 sys=0.00, real=0.00 secs] 
2014-07-28T17:05:32.296+0000: 696.509: [GC [PSYoungGen: 65056K->192K(64128K)] 131689K->66977K(751104K), 0.0042130 secs] [Times: user=0.02 sys=0.00, real=0.00 secs] 
2014-07-28T17:05:32.741+0000: 696.955: [GC [PSYoungGen: 64128K->306K(63680K)] 130913K->67099K(750656K), 0.0072650 secs] [Times: user=0.03 sys=0.01, real=0.01 secs] 
2014-07-28T17:05:33.187+0000: 697.400: [GC [PSYoungGen: 63666K->498K(63296K)] 130459K->67379K(750272K), 0.0046190 secs] [Times: user=0.03 sys=0.00, real=0.00 secs] 
2014-07-28T17:05:33.629+0000: 697.843: [GC [PSYoungGen: 63282K->288K(62528K)] 130163K->67241K(749504K), 0.0045430 secs] [Times: user=0.03 sys=0.00, real=0.00 secs] 
2014-07-28T17:05:34.064+0000: 698.278: [GC [PSYoungGen: 62492K->352K(75072K)] 129446K->67305K(762048K), 0.0060800 secs] [Times: user=0.03 sys=0.00, real=0.01 secs] 
2014-07-28T17:05:34.591+0000: 698.805: [GC [PSYoungGen: 75040K->448K(74304K)] 141993K->67505K(761280K), 0.0037800 secs] [Times: user=0.02 sys=0.00, real=0.00 secs] 
2014-07-28T17:05:35.107+0000: 699.321: [GC [PSYoungGen: 74304K->384K(73472K)] 141361K->67457K(760448K), 0.0041330 secs] [Times: user=0.02 sys=0.00, real=0.00 secs] 
2014-07-28T17:05:35.621+0000: 699.834: [GC [PSYoungGen: 73472K->448K(72768K)] 140545K->67593K(759744K), 0.0030700 secs] [Times: user=0.01 sys=0.01, real=0.00 secs] 
2014-07-28T17:05:36.130+0000: 700.344: [GC [PSYoungGen: 72768K->338K(87168K)] 139913K->67507K(774144K), 0.0095170 secs] [Times: user=0.05 sys=0.01, real=0.01 secs] 
2014-07-28T17:05:36.740+0000: 700.954: [GC [PSYoungGen: 87122K->480K(86208K)] 154291K->67745K(773184K), 0.0040190 secs] [Times: user=0.03 sys=0.00, real=0.00 secs] 
2014-07-28T17:05:37.340+0000: 701.554: [GC [PSYoungGen: 86176K->320K(84992K)] 153441K->67649K(771968K), 0.0059940 secs] [Times: user=0.03 sys=0.00, real=0.01 secs] 
2014-07-28T17:05:37.939+0000: 702.152: [GC [PSYoungGen: 84992K->384K(84032K)] 152321K->67793K(771008K), 0.0046730 secs] [Times: user=0.02 sys=0.00, real=0.00 secs] 
2014-07-28T17:05:38.527+0000: 702.741: [GC [PSYoungGen: 84032K->416K(83072K)] 151441K->67921K(770048K), 0.0029000 secs] [Times: user=0.02 sys=0.00, real=0.00 secs] 
2014-07-28T17:05:39.111+0000: 703.325: [GC [PSYoungGen: 83040K->384K(82048K)] 150545K->67921K(769024K), 0.0049890 secs] [Times: user=0.02 sys=0.01, real=0.01 secs] 
2014-07-28T17:05:39.683+0000: 703.897: [GC [PSYoungGen: 82048K->384K(81088K)] 149585K->68017K(768064K), 0.0039490 secs] [Times: user=0.02 sys=0.00, real=0.01 secs] 
2014-07-28T17:05:40.249+0000: 704.462: [GC [PSYoungGen: 81088K->224K(80000K)] 148721K->67889K(766976K), 0.0065550 secs] [Times: user=0.04 sys=0.00, real=0.00 secs] 
2014-07-28T17:05:40.812+0000: 705.026: [GC [PSYoungGen: 79968K->480K(79360K)] 147633K->68241K(766336K), 0.0042990 secs] [Times: user=0.02 sys=0.01, real=0.01 secs] 
2014-07-28T17:05:41.366+0000: 705.580: [GC [PSYoungGen: 79328K->384K(78336K)] 147089K->68217K(765312K), 0.0043030 secs] [Times: user=0.02 sys=0.00, real=0.01 secs] 
2014-07-28T17:05:41.917+0000: 706.131: [GC [PSYoungGen: 78299K->416K(77504K)] 146133K->68281K(764480K), 0.0059750 secs] [Times: user=0.03 sys=0.01, real=0.00 secs] 
2014-07-28T17:05:42.457+0000: 706.670: [GC [PSYoungGen: 77472K->320K(76544K)] 145337K->68233K(763520K), 0.0044300 secs] [Times: user=0.02 sys=0.01, real=0.01 secs] 
2014-07-28T17:05:42.993+0000: 707.207: [GC [PSYoungGen: 76544K->384K(75776K)] 144457K->68321K(762752K), 0.0040620 secs] [Times: user=0.03 sys=0.00, real=0.01 secs] 
2014-07-28T17:05:43.522+0000: 707.736: [GC [PSYoungGen: 75776K->320K(74880K)] 143713K->68321K(761856K), 0.0067220 secs] [Times: user=0.04 sys=0.01, real=0.01 secs] 
2014-07-28T17:05:44.046+0000: 708.260: [GC [PSYoungGen: 74880K->256K(73984K)] 142881K->68273K(760960K), 0.0044030 secs] [Times: user=0.03 sys=0.00, real=0.01 secs] 
2014-07-28T17:05:44.568+0000: 708.782: [GC [PSYoungGen: 73984K->288K(73280K)] 142001K->68377K(760256K), 0.0036840 secs] [Times: user=0.02 sys=0.00, real=0.00 secs] 
2014-07-28T17:05:45.083+0000: 709.297: [GC [PSYoungGen: 73248K->448K(72640K)] 141337K->68545K(759616K), 0.0036920 secs] [Times: user=0.03 sys=0.00, real=0.01 secs] 
2014-07-28T17:05:45.593+0000: 709.807: [GC [PSYoungGen: 72640K->384K(71808K)] 140737K->68561K(758784K), 0.0062140 secs] [Times: user=0.04 sys=0.00, real=0.01 secs] 
2014-07-28T17:05:46.093+0000: 710.307: [GC [PSYoungGen: 71798K->370K(71040K)] 139975K->68571K(758016K), 0.0057360 secs] [Times: user=0.03 sys=0.00, real=0.01 secs] 
2014-07-28T17:05:46.590+0000: 710.804: [GC [PSYoungGen: 71025K->416K(70400K)] 139227K->68689K(757376K), 0.0045640 secs] [Times: user=0.02 sys=0.00, real=0.00 secs] 
2014-07-28T17:05:47.080+0000: 711.294: [GC [PSYoungGen: 70368K->384K(69632K)] 138641K->68673K(756608K), 0.0028500 secs] [Times: user=0.02 sys=0.00, real=0.00 secs] 
2014-07-28T17:05:47.568+0000: 711.782: [GC [PSYoungGen: 69609K->416K(68992K)] 137898K->68801K(755968K), 0.0060180 secs] [Times: user=0.04 sys=0.00, real=0.01 secs] 
2014-07-28T17:05:48.049+0000: 712.263: [GC [PSYoungGen: 68960K->384K(68224K)] 137345K->68793K(755200K), 0.0037640 secs] [Times: user=0.02 sys=0.00, real=0.00 secs] 
2014-07-28T17:05:48.524+0000: 712.738: [GC [PSYoungGen: 68224K->384K(67520K)] 136633K->68865K(754496K), 0.0049700 secs] [Times: user=0.03 sys=0.01, real=0.01 secs] 
2014-07-28T17:05:48.997+0000: 713.210: [GC [PSYoungGen: 67520K->320K(66816K)] 136001K->68865K(753792K), 0.0059530 secs] [Times: user=0.02 sys=0.00, real=0.01 secs] 
2014-07-28T17:05:49.464+0000: 713.678: [GC [PSYoungGen: 66816K->448K(66304K)] 135361K->69081K(753280K), 0.0042730 secs] [Times: user=0.02 sys=0.00, real=0.01 secs] 
2014-07-28T17:05:49.927+0000: 714.141: [GC [PSYoungGen: 66304K->288K(65536K)] 134937K->68969K(752512K), 0.0022780 secs] [Times: user=0.01 sys=0.00, real=0.01 secs] 
2014-07-28T17:05:50.385+0000: 714.599: [GC [PSYoungGen: 65504K->416K(65024K)] 134185K->69161K(752000K), 0.0034550 secs] [Times: user=0.02 sys=0.00, real=0.01 secs] 
2014-07-28T17:05:50.845+0000: 715.059: [GC [PSYoungGen: 64992K->320K(64256K)] 133737K->69105K(751232K), 0.0045960 secs] [Times: user=0.02 sys=0.01, real=0.01 secs] 
2014-07-28T17:05:51.286+0000: 715.500: [GC [PSYoungGen: 64256K->434K(63808K)] 133041K->69307K(750784K), 0.0030440 secs] [Times: user=0.02 sys=0.00, real=0.01 secs] 
2014-07-28T17:05:51.731+0000: 715.944: [GC [PSYoungGen: 63762K->320K(63104K)] 132636K->69201K(750080K), 0.0036130 secs] [Times: user=0.02 sys=0.00, real=0.00 secs] 
2014-07-28T17:05:52.173+0000: 716.386: [GC [PSYoungGen: 63104K->480K(62720K)] 131985K->69425K(749696K), 0.0051450 secs] [Times: user=0.03 sys=0.00, real=0.00 secs] 
2014-07-28T17:05:52.613+0000: 716.827: [GC [PSYoungGen: 62688K->256K(61888K)] 131633K->69313K(748864K), 0.0039180 secs] [Times: user=0.02 sys=0.00, real=0.00 secs] 
2014-07-28T17:05:53.042+0000: 717.256: [GC [PSYoungGen: 61888K->288K(61376K)] 130945K->69361K(748352K), 0.0046680 secs] [Times: user=0.02 sys=0.01, real=0.00 secs] 
2014-07-28T17:05:53.471+0000: 717.685: [GC [PSYoungGen: 61344K->224K(60736K)] 130417K->69337K(747712K), 0.0053110 secs] [Times: user=0.03 sys=0.00, real=0.00 secs] 
2014-07-28T17:05:53.895+0000: 718.109: [GC [PSYoungGen: 60704K->448K(73024K)] 129817K->69593K(760000K), 0.0070810 secs] [Times: user=0.04 sys=0.00, real=0.01 secs] 
2014-07-28T17:05:54.407+0000: 718.621: [GC [PSYoungGen: 73024K->416K(87552K)] 142169K->69657K(774528K), 0.0045960 secs] [Times: user=0.02 sys=0.00, real=0.01 secs] 
2014-07-28T17:05:55.021+0000: 719.235: [GC [PSYoungGen: 87482K->320K(86336K)] 156724K->69585K(773312K), 0.0040540 secs] [Times: user=0.02 sys=0.01, real=0.00 secs] 
2014-07-28T17:05:55.629+0000: 719.843: [GC [PSYoungGen: 86336K->352K(85376K)] 155601K->69705K(772352K), 0.0040480 secs] [Times: user=0.02 sys=0.00, real=0.00 secs] 
2014-07-28T17:05:56.225+0000: 720.439: [GC [PSYoungGen: 85302K->338K(84352K)] 154656K->69707K(771328K), 0.0046700 secs] [Times: user=0.03 sys=0.00, real=0.01 secs] 
2014-07-28T17:05:56.815+0000: 721.029: [GC [PSYoungGen: 84306K->434K(83392K)] 153675K->69931K(770368K), 0.0078770 secs] [Times: user=0.05 sys=0.00, real=0.01 secs] 
2014-07-28T17:05:57.398+0000: 721.611: [GC [PSYoungGen: 83378K->320K(82304K)] 152875K->69873K(769280K), 0.0046000 secs] [Times: user=0.02 sys=0.00, real=0.01 secs] 
2014-07-28T17:05:57.977+0000: 722.191: [GC [PSYoungGen: 82304K->288K(81344K)] 151857K->69881K(768320K), 0.0048140 secs] [Times: user=0.03 sys=0.00, real=0.01 secs] 
2014-07-28T17:05:58.546+0000: 722.760: [GC [PSYoungGen: 81312K->448K(80512K)] 150905K->70105K(767488K), 0.0045880 secs] [Times: user=0.02 sys=0.00, real=0.01 secs] 
2014-07-28T17:05:59.109+0000: 723.323: [GC [PSYoungGen: 80512K->416K(79616K)] 150169K->70105K(766592K), 0.0051350 secs] [Times: user=0.04 sys=0.00, real=0.00 secs] 
2014-07-28T17:05:59.666+0000: 723.880: [GC [PSYoungGen: 79575K->466K(78784K)] 149265K->70251K(765760K), 0.0048810 secs] [Times: user=0.03 sys=0.00, real=0.01 secs] 
2014-07-28T17:06:00.220+0000: 724.434: [GC [PSYoungGen: 78738K->256K(77632K)] 148523K->70129K(764608K), 0.0044210 secs] [Times: user=0.02 sys=0.00, real=0.00 secs] 
2014-07-28T17:06:00.763+0000: 724.976: [GC [PSYoungGen: 77632K->562K(77120K)] 147505K->70555K(764096K), 0.0046640 secs] [Times: user=0.03 sys=0.00, real=0.00 secs] 
2014-07-28T17:06:01.301+0000: 725.515: [GC [PSYoungGen: 77106K->320K(76032K)] 147099K->70361K(763008K), 0.0056340 secs] [Times: user=0.04 sys=0.00, real=0.00 secs] 
2014-07-28T17:06:01.835+0000: 726.048: [GC [PSYoungGen: 76004K->434K(75328K)] 146046K->70547K(762304K), 0.0045140 secs] [Times: user=0.02 sys=0.00, real=0.00 secs] 
2014-07-28T17:06:02.360+0000: 726.574: [GC [PSYoungGen: 75314K->530K(74624K)] 145427K->70739K(761600K), 0.0041490 secs] [Times: user=0.03 sys=0.00, real=0.01 secs] 
2014-07-28T17:06:02.882+0000: 727.096: [GC [PSYoungGen: 74578K->320K(73600K)] 144787K->70553K(760576K), 0.0050270 secs] [Times: user=0.03 sys=0.01, real=0.00 secs] 
2014-07-28T17:06:03.397+0000: 727.611: [GC [PSYoungGen: 73600K->448K(72960K)] 143833K->70777K(759936K), 0.0039870 secs] [Times: user=0.02 sys=0.00, real=0.01 secs] 
2014-07-28T17:06:03.907+0000: 728.121: [GC [PSYoungGen: 72960K->416K(72192K)] 143289K->70777K(759168K), 0.0051710 secs] [Times: user=0.03 sys=0.01, real=0.01 secs] 
2014-07-28T17:06:04.411+0000: 728.625: [GC [PSYoungGen: 72134K->288K(86464K)] 142496K->70713K(773440K), 0.0093360 secs] [Times: user=0.06 sys=0.00, real=0.01 secs] 
2014-07-28T17:06:05.008+0000: 729.222: [GC [PSYoungGen: 86432K->288K(85440K)] 156857K->70761K(772416K), 0.0023660 secs] [Times: user=0.01 sys=0.00, real=0.01 secs] 
2014-07-28T17:06:05.607+0000: 729.820: [GC [PSYoungGen: 85408K->256K(84352K)] 155881K->70801K(771328K), 0.0057760 secs] [Times: user=0.04 sys=0.01, real=0.01 secs] 
2014-07-28T17:06:06.200+0000: 730.414: [GC [PSYoungGen: 84352K->448K(83520K)] 154897K->71025K(770496K), 0.0058940 secs] [Times: user=0.03 sys=0.00, real=0.01 secs] 
2014-07-28T17:06:06.780+0000: 730.994: [GC [PSYoungGen: 83505K->352K(82496K)] 154083K->71009K(769472K), 0.0032640 secs] [Times: user=0.01 sys=0.00, real=0.00 secs] 
2014-07-28T17:06:07.360+0000: 731.574: [GC [PSYoungGen: 82464K->384K(81536K)] 153121K->71137K(768512K), 0.0047160 secs] [Times: user=0.03 sys=0.01, real=0.01 secs] 
2014-07-28T17:06:07.927+0000: 732.141: [GC [PSYoungGen: 81536K->384K(80576K)] 152289K->71201K(767552K), 0.0043000 secs] [Times: user=0.03 sys=0.00, real=0.01 secs] 
2014-07-28T17:06:08.489+0000: 732.703: [GC [PSYoungGen: 80541K->384K(79680K)] 151358K->71289K(766656K), 0.0034990 secs] [Times: user=0.02 sys=0.00, real=0.01 secs] 
2014-07-28T17:06:09.045+0000: 733.259: [GC [PSYoungGen: 79680K->448K(78848K)] 150585K->71361K(765824K), 0.0037610 secs] [Times: user=0.03 sys=0.00, real=0.00 secs] 
2014-07-28T17:06:09.596+0000: 733.810: [GC [PSYoungGen: 78848K->352K(77888K)] 149761K->71337K(764864K), 0.0059280 secs] [Times: user=0.03 sys=0.00, real=0.01 secs] 
2014-07-28T17:06:10.144+0000: 734.358: [GC [PSYoungGen: 77855K->320K(76992K)] 148841K->71329K(763968K), 0.0048990 secs] [Times: user=0.03 sys=0.00, real=0.00 secs] 
2014-07-28T17:06:10.684+0000: 734.898: [GC [PSYoungGen: 76992K->224K(76096K)] 148001K->71281K(763072K), 0.0047820 secs] [Times: user=0.02 sys=0.01, real=0.00 secs] 
2014-07-28T17:06:11.220+0000: 735.434: [GC [PSYoungGen: 76064K->416K(75456K)] 147121K->71529K(762432K), 0.0048080 secs] [Times: user=0.02 sys=0.00, real=0.01 secs] 
2014-07-28T17:06:11.746+0000: 735.959: [GC [PSYoungGen: 75424K->384K(74560K)] 146537K->71577K(761536K), 0.0034270 secs] [Times: user=0.02 sys=0.00, real=0.00 secs] 
2014-07-28T17:06:12.268+0000: 736.481: [GC [PSYoungGen: 74560K->384K(73792K)] 145753K->71641K(760768K), 0.0032950 secs] [Times: user=0.02 sys=0.01, real=0.01 secs] 
2014-07-28T17:06:12.783+0000: 736.996: [GC [PSYoungGen: 73792K->480K(73152K)] 145049K->71825K(760128K), 0.0044230 secs] [Times: user=0.03 sys=0.01, real=0.00 secs] 
2014-07-28T17:06:13.293+0000: 737.507: [GC [PSYoungGen: 73120K->192K(72064K)] 144465K->71585K(759040K), 0.0042590 secs] [Times: user=0.03 sys=0.00, real=0.00 secs] 
2014-07-28T17:06:13.800+0000: 738.014: [GC [PSYoungGen: 72064K->480K(71616K)] 143457K->71945K(758592K), 0.0058650 secs] [Times: user=0.04 sys=0.00, real=0.01 secs] 
2014-07-28T17:06:14.302+0000: 738.516: [GC [PSYoungGen: 71583K->384K(70720K)] 143049K->71929K(757696K), 0.0061320 secs] [Times: user=0.04 sys=0.00, real=0.01 secs] 
2014-07-28T17:06:14.797+0000: 739.011: [GC [PSYoungGen: 70720K->384K(70016K)] 142265K->71985K(756992K), 0.0037610 secs] [Times: user=0.02 sys=0.01, real=0.00 secs] 
2014-07-28T17:06:15.285+0000: 739.498: [GC [PSYoungGen: 70016K->448K(69376K)] 141617K->72121K(756352K), 0.0057940 secs] [Times: user=0.03 sys=0.00, real=0.00 secs] 
2014-07-28T17:06:15.769+0000: 739.982: [GC [PSYoungGen: 69376K->224K(68480K)] 141049K->71953K(755456K), 0.0040250 secs] [Times: user=0.02 sys=0.00, real=0.01 secs] 
2014-07-28T17:06:16.246+0000: 740.459: [GC [PSYoungGen: 68448K->352K(67904K)] 140177K->72161K(754880K), 0.0038140 secs] [Times: user=0.02 sys=0.00, real=0.00 secs] 
2014-07-28T17:06:16.722+0000: 740.936: [GC [PSYoungGen: 67872K->384K(67264K)] 139681K->72265K(754240K), 0.0050240 secs] [Times: user=0.03 sys=0.00, real=0.01 secs] 
2014-07-28T17:06:17.192+0000: 741.406: [GC [PSYoungGen: 67264K->448K(66688K)] 139145K->72385K(753664K), 0.0047920 secs] [Times: user=0.03 sys=0.00, real=0.00 secs] 
2014-07-28T17:06:17.658+0000: 741.872: [GC [PSYoungGen: 66688K->352K(65984K)] 138625K->72369K(752960K), 0.0031450 secs] [Times: user=0.02 sys=0.00, real=0.00 secs] 
2014-07-28T17:06:18.118+0000: 742.331: [GC [PSYoungGen: 65952K->384K(65344K)] 137969K->72441K(752320K), 0.0033220 secs] [Times: user=0.02 sys=0.00, real=0.00 secs] 
2014-07-28T17:06:18.576+0000: 742.790: [GC [PSYoungGen: 65344K->498K(64832K)] 137401K->72667K(751808K), 0.0051690 secs] [Times: user=0.03 sys=0.00, real=0.00 secs] 
2014-07-28T17:06:19.028+0000: 743.242: [GC [PSYoungGen: 64818K->320K(64000K)] 136987K->72497K(750976K), 0.0041030 secs] [Times: user=0.02 sys=0.00, real=0.01 secs] 
2014-07-28T17:06:19.480+0000: 743.693: [GC [PSYoungGen: 64000K->288K(63424K)] 136177K->72545K(750400K), 0.0043320 secs] [Times: user=0.03 sys=0.00, real=0.01 secs] 
2014-07-28T17:06:19.922+0000: 744.136: [GC [PSYoungGen: 63392K->288K(62848K)] 135649K->72585K(749824K), 0.0044280 secs] [Times: user=0.02 sys=0.00, real=0.01 secs] 
2014-07-28T17:06:20.360+0000: 744.574: [GC [PSYoungGen: 62807K->416K(62400K)] 135105K->72817K(749376K), 0.0038910 secs] [Times: user=0.03 sys=0.00, real=0.01 secs] 
2014-07-28T17:06:20.799+0000: 745.013: [GC [PSYoungGen: 62368K->448K(61824K)] 134769K->72921K(748800K), 0.0057200 secs] [Times: user=0.04 sys=0.01, real=0.01 secs] 
2014-07-28T17:06:21.230+0000: 745.444: [GC [PSYoungGen: 61824K->416K(61248K)] 134297K->72961K(748224K), 0.0041690 secs] [Times: user=0.02 sys=0.00, real=0.01 secs] 
2014-07-28T17:06:21.658+0000: 745.872: [GC [PSYoungGen: 61216K->448K(60672K)] 133761K->73025K(747648K), 0.0033200 secs] [Times: user=0.02 sys=0.00, real=0.00 secs] 
2014-07-28T17:06:22.078+0000: 746.291: [GC [PSYoungGen: 60672K->416K(60160K)] 133249K->73025K(747136K), 0.0029650 secs] [Times: user=0.01 sys=0.00, real=0.00 secs] 
2014-07-28T17:06:22.500+0000: 746.714: [GC [PSYoungGen: 60110K->384K(59584K)] 132720K->73065K(746560K), 0.0040430 secs] [Times: user=0.02 sys=0.00, real=0.01 secs] 
2014-07-28T17:06:22.912+0000: 747.126: [GC [PSYoungGen: 59584K->320K(59008K)] 132265K->73057K(745984K), 0.0058330 secs] [Times: user=0.04 sys=0.01, real=0.01 secs] 
2014-07-28T17:06:23.327+0000: 747.540: [GC [PSYoungGen: 59008K->448K(58624K)] 131745K->73257K(745600K), 0.0036120 secs] [Times: user=0.01 sys=0.00, real=0.00 secs] 
2014-07-28T17:06:23.738+0000: 747.951: [GC [PSYoungGen: 58624K->384K(70208K)] 131433K->73225K(757184K), 0.0047400 secs] [Times: user=0.03 sys=0.01, real=0.00 secs] 
2014-07-28T17:06:24.226+0000: 748.440: [GC [PSYoungGen: 70208K->370K(69504K)] 143049K->73355K(756480K), 0.0038930 secs] [Times: user=0.03 sys=0.00, real=0.00 secs] 
2014-07-28T17:06:24.712+0000: 748.926: [GC [PSYoungGen: 69490K->352K(68800K)] 142475K->73369K(755776K), 0.0043910 secs] [Times: user=0.02 sys=0.01, real=0.01 secs] 
2014-07-28T17:06:25.195+0000: 749.409: [GC [PSYoungGen: 68768K->480K(82624K)] 141785K->73553K(769600K), 0.0061190 secs] [Times: user=0.04 sys=0.00, real=0.00 secs] 
2014-07-28T17:06:25.771+0000: 749.985: [GC [PSYoungGen: 82592K->352K(81536K)] 155665K->73505K(768512K), 0.0035380 secs] [Times: user=0.02 sys=0.00, real=0.01 secs] 
2014-07-28T17:06:26.341+0000: 750.555: [GC [PSYoungGen: 81504K->288K(80512K)] 154657K->73513K(767488K), 0.0059270 secs] [Times: user=0.04 sys=0.00, real=0.01 secs] 
2014-07-28T17:06:26.907+0000: 751.121: [GC [PSYoungGen: 80438K->320K(79616K)] 153664K->73601K(766592K), 0.0063630 secs] [Times: user=0.03 sys=0.00, real=0.01 secs] 
2014-07-28T17:06:27.464+0000: 751.678: [GC [PSYoungGen: 79616K->224K(95424K)] 152897K->73537K(782400K), 0.0069540 secs] [Times: user=0.04 sys=0.00, real=0.00 secs] 
2014-07-28T17:06:28.134+0000: 752.348: [GC [PSYoungGen: 95392K->320K(94208K)] 168705K->73649K(781184K), 0.0055400 secs] [Times: user=0.03 sys=0.00, real=0.00 secs] 
2014-07-28T17:06:28.796+0000: 753.009: [GC [PSYoungGen: 94208K->288K(92992K)] 167537K->73673K(779968K), 0.0039660 secs] [Times: user=0.02 sys=0.01, real=0.00 secs] 
2014-07-28T17:06:29.445+0000: 753.659: [GC [PSYoungGen: 92960K->384K(91840K)] 166345K->73857K(778816K), 0.0045110 secs] [Times: user=0.02 sys=0.00, real=0.00 secs] 
2014-07-28T17:06:30.089+0000: 754.303: [GC [PSYoungGen: 91840K->384K(90688K)] 165313K->73905K(777664K), 0.0047510 secs] [Times: user=0.02 sys=0.00, real=0.00 secs] 
2014-07-28T17:06:30.725+0000: 754.939: [GC [PSYoungGen: 90688K->484K(89664K)] 164209K->74077K(776640K), 0.0048610 secs] [Times: user=0.03 sys=0.01, real=0.00 secs] 
2014-07-28T17:06:31.354+0000: 755.568: [GC [PSYoungGen: 89636K->320K(88384K)] 163229K->74009K(775360K), 0.0037890 secs] [Times: user=0.02 sys=0.01, real=0.00 secs] 
2014-07-28T17:06:31.978+0000: 756.191: [GC [PSYoungGen: 88383K->288K(87296K)] 162073K->74033K(774272K), 0.0040630 secs] [Times: user=0.02 sys=0.00, real=0.00 secs] 
2014-07-28T17:06:32.592+0000: 756.805: [GC [PSYoungGen: 87264K->384K(86272K)] 161009K->74185K(773248K), 0.0083550 secs] [Times: user=0.05 sys=0.00, real=0.01 secs] 
2014-07-28T17:06:33.194+0000: 757.407: [GC [PSYoungGen: 86272K->384K(85248K)] 160073K->74209K(772224K), 0.0058910 secs] [Times: user=0.03 sys=0.00, real=0.01 secs] 
2014-07-28T17:06:33.788+0000: 758.002: [GC [PSYoungGen: 85248K->352K(84224K)] 159073K->74241K(771200K), 0.0036250 secs] [Times: user=0.02 sys=0.01, real=0.00 secs] 
2014-07-28T17:06:34.376+0000: 758.590: [GC [PSYoungGen: 84192K->352K(83200K)] 158081K->74297K(770176K), 0.0047100 secs] [Times: user=0.02 sys=0.01, real=0.00 secs] 
2014-07-28T17:06:34.961+0000: 759.175: [GC [PSYoungGen: 83168K->448K(82304K)] 157113K->74441K(769280K), 0.0041300 secs] [Times: user=0.02 sys=0.00, real=0.01 secs] 
2014-07-28T17:06:35.532+0000: 759.746: [GC [PSYoungGen: 82304K->352K(81280K)] 156297K->74409K(768256K), 0.0038810 secs] [Times: user=0.02 sys=0.00, real=0.01 secs] 
2014-07-28T17:06:36.103+0000: 760.317: [GC [PSYoungGen: 81248K->384K(80320K)] 155305K->74465K(767296K), 0.0094460 secs] [Times: user=0.06 sys=0.00, real=0.01 secs] 
2014-07-28T17:06:36.664+0000: 760.878: [GC [PSYoungGen: 80320K->288K(79360K)] 154401K->74433K(766336K), 0.0050370 secs] [Times: user=0.03 sys=0.00, real=0.01 secs] 
2014-07-28T17:06:37.218+0000: 761.432: [GC [PSYoungGen: 79326K->480K(78656K)] 153472K->74673K(765632K), 0.0042300 secs] [Times: user=0.02 sys=0.00, real=0.00 secs] 
2014-07-28T17:06:37.766+0000: 761.980: [GC [PSYoungGen: 78624K->256K(77504K)] 152817K->74513K(764480K), 0.0055230 secs] [Times: user=0.02 sys=0.00, real=0.00 secs] 
2014-07-28T17:06:38.315+0000: 762.529: [GC [PSYoungGen: 77504K->320K(76736K)] 151761K->74649K(763712K), 0.0049500 secs] [Times: user=0.02 sys=0.00, real=0.00 secs] 
2014-07-28T17:06:38.853+0000: 763.067: [GC [PSYoungGen: 76736K->416K(92160K)] 151065K->74809K(779136K), 0.0082720 secs] [Times: user=0.05 sys=0.00, real=0.01 secs] 
2014-07-28T17:06:39.499+0000: 763.713: [GC [PSYoungGen: 92128K->320K(90880K)] 166521K->74777K(777856K), 0.0052970 secs] [Times: user=0.03 sys=0.00, real=0.00 secs] 
2014-07-28T17:06:40.133+0000: 764.346: [GC [PSYoungGen: 90880K->352K(105408K)] 165337K->74849K(792384K), 0.0183400 secs] [Times: user=0.12 sys=0.00, real=0.02 secs] 
2014-07-28T17:06:40.872+0000: 765.085: [GC [PSYoungGen: 105184K->416K(109248K)] 179681K->75001K(796224K), 0.0045970 secs] [Times: user=0.03 sys=0.00, real=0.01 secs] 
2014-07-28T17:06:41.638+0000: 765.852: [GC [PSYoungGen: 109088K->416K(109248K)] 183673K->75097K(796224K), 0.0041990 secs] [Times: user=0.02 sys=0.00, real=0.00 secs] 
2014-07-28T17:06:42.402+0000: 766.615: [GC [PSYoungGen: 109088K->416K(107520K)] 183769K->75105K(794496K), 0.0044730 secs] [Times: user=0.02 sys=0.00, real=0.01 secs] 
2014-07-28T17:06:43.152+0000: 767.366: [GC [PSYoungGen: 107487K->288K(105856K)] 182176K->75033K(792832K), 0.0035770 secs] [Times: user=0.02 sys=0.00, real=0.00 secs] 
2014-07-28T17:06:43.893+0000: 768.107: [GC [PSYoungGen: 105824K->352K(104448K)] 180569K->75161K(791424K), 0.0072190 secs] [Times: user=0.04 sys=0.00, real=0.01 secs] 
2014-07-28T17:06:44.630+0000: 768.843: [GC [PSYoungGen: 104416K->384K(102976K)] 179225K->75265K(789952K), 0.0054170 secs] [Times: user=0.03 sys=0.00, real=0.00 secs] 
2014-07-28T17:06:45.350+0000: 769.564: [GC [PSYoungGen: 102976K->416K(101632K)] 177857K->75305K(788608K), 0.0050280 secs] [Times: user=0.04 sys=0.00, real=0.00 secs] 
2014-07-28T17:06:46.058+0000: 770.272: [GC [PSYoungGen: 101580K->480K(100288K)] 176470K->75441K(787264K), 0.0045270 secs] [Times: user=0.02 sys=0.00, real=0.00 secs] 
2014-07-28T17:06:46.761+0000: 770.975: [GC [PSYoungGen: 100256K->128K(98560K)] 175217K->75219K(785536K), 0.0088250 secs] [Times: user=0.06 sys=0.00, real=0.01 secs] 
2014-07-28T17:06:47.454+0000: 771.668: [GC [PSYoungGen: 98560K->416K(97536K)] 173651K->75587K(784512K), 0.0038770 secs] [Times: user=0.02 sys=0.00, real=0.01 secs] 
2014-07-28T17:06:48.135+0000: 772.349: [GC [PSYoungGen: 97504K->320K(96128K)] 172675K->75547K(783104K), 0.0060460 secs] [Times: user=0.03 sys=0.01, real=0.01 secs] 
2014-07-28T17:06:48.814+0000: 773.028: [GC [PSYoungGen: 96126K->384K(94912K)] 171354K->75699K(781888K), 0.0063730 secs] [Times: user=0.03 sys=0.00, real=0.01 secs] 
2014-07-28T17:06:49.476+0000: 773.689: [GC [PSYoungGen: 94912K->352K(93696K)] 170227K->75747K(780672K), 0.0036820 secs] [Times: user=0.02 sys=0.00, real=0.01 secs] 
2014-07-28T17:06:50.130+0000: 774.344: [GC [PSYoungGen: 93643K->384K(92480K)] 169039K->75819K(779456K), 0.0045160 secs] [Times: user=0.02 sys=0.00, real=0.00 secs] 
2014-07-28T17:06:50.779+0000: 774.993: [GC [PSYoungGen: 92480K->320K(91264K)] 167915K->75915K(778240K), 0.0038640 secs] [Times: user=0.02 sys=0.01, real=0.00 secs] 
2014-07-28T17:06:51.419+0000: 775.633: [GC [PSYoungGen: 91264K->370K(90176K)] 166859K->76013K(777152K), 0.0043570 secs] [Times: user=0.02 sys=0.00, real=0.00 secs] 
2014-07-28T17:06:52.048+0000: 776.262: [GC [PSYoungGen: 90162K->256K(88896K)] 165805K->75947K(775872K), 0.0039740 secs] [Times: user=0.02 sys=0.00, real=0.00 secs] 
2014-07-28T17:06:52.671+0000: 776.885: [GC [PSYoungGen: 88896K->256K(87808K)] 164587K->76011K(774784K), 0.0076900 secs] [Times: user=0.04 sys=0.00, real=0.01 secs] 
2014-07-28T17:06:53.292+0000: 777.505: [GC [PSYoungGen: 87808K->352K(86848K)] 163563K->76139K(773824K), 0.0063940 secs] [Times: user=0.04 sys=0.00, real=0.01 secs] 
2014-07-28T17:06:53.898+0000: 778.112: [GC [PSYoungGen: 86816K->288K(85760K)] 162603K->76147K(772736K), 0.0072930 secs] [Times: user=0.04 sys=0.00, real=0.00 secs] 
2014-07-28T17:06:54.500+0000: 778.714: [GC [PSYoungGen: 85728K->384K(84800K)] 161587K->76307K(771776K), 0.0058870 secs] [Times: user=0.03 sys=0.00, real=0.00 secs] 
2014-07-28T17:06:55.095+0000: 779.309: [GC [PSYoungGen: 84800K->320K(83712K)] 160723K->76283K(770688K), 0.0042940 secs] [Times: user=0.02 sys=0.00, real=0.01 secs] 
2014-07-28T17:06:55.683+0000: 779.897: [GC [PSYoungGen: 83712K->352K(82816K)] 159675K->76395K(769792K), 0.0046310 secs] [Times: user=0.03 sys=0.01, real=0.01 secs] 
2014-07-28T17:06:56.271+0000: 780.485: [GC [PSYoungGen: 82754K->480K(81984K)] 158798K->76563K(768960K), 0.0026040 secs] [Times: user=0.01 sys=0.00, real=0.00 secs] 
2014-07-28T17:06:56.835+0000: 781.049: [GC [PSYoungGen: 81945K->192K(80704K)] 158029K->76453K(767680K), 0.0057940 secs] [Times: user=0.03 sys=0.00, real=0.01 secs] 
2014-07-28T17:06:57.404+0000: 781.617: [GC [PSYoungGen: 80704K->352K(80000K)] 156965K->76693K(766976K), 0.0038650 secs] [Times: user=0.02 sys=0.00, real=0.00 secs] 
2014-07-28T17:06:57.964+0000: 782.177: [GC [PSYoungGen: 79968K->352K(79104K)] 156309K->76741K(766080K), 0.0048180 secs] [Times: user=0.03 sys=0.00, real=0.01 secs] 
2014-07-28T17:06:58.517+0000: 782.731: [GC [PSYoungGen: 79072K->384K(78208K)] 155461K->76845K(765184K), 0.0045870 secs] [Times: user=0.03 sys=0.00, real=0.01 secs] 
2014-07-28T17:06:59.060+0000: 783.274: [GC [PSYoungGen: 78208K->320K(77248K)] 154669K->76877K(764224K), 0.0035950 secs] [Times: user=0.02 sys=0.00, real=0.00 secs] 
2014-07-28T17:06:59.605+0000: 783.819: [GC [PSYoungGen: 77203K->384K(76480K)] 153761K->77029K(763456K), 0.0049910 secs] [Times: user=0.03 sys=0.00, real=0.01 secs] 
2014-07-28T17:07:00.140+0000: 784.354: [GC [PSYoungGen: 76480K->384K(75648K)] 153125K->77037K(762624K), 0.0043400 secs] [Times: user=0.02 sys=0.00, real=0.00 secs] 
2014-07-28T17:07:00.669+0000: 784.883: [GC [PSYoungGen: 75648K->466K(74944K)] 152301K->77215K(761920K), 0.0066930 secs] [Times: user=0.04 sys=0.01, real=0.01 secs] 
2014-07-28T17:07:01.191+0000: 785.405: [GC [PSYoungGen: 74898K->192K(73792K)] 151647K->77061K(760768K), 0.0039220 secs] [Times: user=0.03 sys=0.00, real=0.00 secs] 
2014-07-28T17:07:01.712+0000: 785.926: [GC [PSYoungGen: 73792K->384K(73216K)] 150661K->77309K(760192K), 0.0044280 secs] [Times: user=0.03 sys=0.00, real=0.00 secs] 
2014-07-28T17:07:02.224+0000: 786.438: [GC [PSYoungGen: 73216K->448K(72512K)] 150141K->77429K(759488K), 0.0046630 secs] [Times: user=0.02 sys=0.00, real=0.00 secs] 
2014-07-28T17:07:02.731+0000: 786.945: [GC [PSYoungGen: 72512K->384K(71680K)] 149493K->77453K(758656K), 0.0048080 secs] [Times: user=0.02 sys=0.00, real=0.00 secs] 
2014-07-28T17:07:03.230+0000: 787.444: [GC [PSYoungGen: 71680K->256K(70784K)] 148749K->77397K(757760K), 0.0039940 secs] [Times: user=0.02 sys=0.00, real=0.00 secs] 
2014-07-28T17:07:03.725+0000: 787.939: [GC [PSYoungGen: 70784K->416K(70272K)] 147925K->77637K(757248K), 0.0060620 secs] [Times: user=0.03 sys=0.00, real=0.01 secs] 
2014-07-28T17:07:04.216+0000: 788.430: [GC [PSYoungGen: 70240K->370K(69504K)] 147461K->77631K(756480K), 0.0035780 secs] [Times: user=0.02 sys=0.00, real=0.01 secs] 
2014-07-28T17:07:04.703+0000: 788.917: [GC [PSYoungGen: 69473K->384K(68800K)] 146735K->77733K(755776K), 0.0057410 secs] [Times: user=0.03 sys=0.00, real=0.00 secs] 
2014-07-28T17:07:05.179+0000: 789.393: [GC [PSYoungGen: 68800K->306K(82432K)] 146149K->77735K(769408K), 0.0064210 secs] [Times: user=0.03 sys=0.00, real=0.00 secs] 
2014-07-28T17:07:05.757+0000: 789.970: [GC [PSYoungGen: 82418K->288K(98880K)] 159847K->77773K(785856K), 0.0052630 secs] [Times: user=0.03 sys=0.00, real=0.01 secs] 
2014-07-28T17:07:06.448+0000: 790.662: [GC [PSYoungGen: 98806K->384K(97600K)] 176291K->77949K(784576K), 0.0052850 secs] [Times: user=0.04 sys=0.00, real=0.01 secs] 
2014-07-28T17:07:07.135+0000: 791.349: [GC [PSYoungGen: 97600K->320K(96256K)] 175165K->77941K(783232K), 0.0053130 secs] [Times: user=0.03 sys=0.01, real=0.01 secs] 
2014-07-28T17:07:07.810+0000: 792.024: [GC [PSYoungGen: 96256K->224K(94912K)] 173877K->77893K(781888K), 0.0048940 secs] [Times: user=0.03 sys=0.00, real=0.00 secs] 
2014-07-28T17:07:08.475+0000: 792.688: [GC [PSYoungGen: 94880K->352K(93824K)] 172549K->78093K(780800K), 0.0039900 secs] [Times: user=0.02 sys=0.00, real=0.00 secs] 
2014-07-28T17:07:09.133+0000: 793.347: [GC [PSYoungGen: 93792K->384K(92608K)] 171533K->78157K(779584K), 0.0065550 secs] [Times: user=0.05 sys=0.00, real=0.01 secs] 
2014-07-28T17:07:09.785+0000: 793.999: [GC [PSYoungGen: 92608K->352K(91456K)] 170381K->78197K(778432K), 0.0051730 secs] [Times: user=0.02 sys=0.00, real=0.01 secs] 
2014-07-28T17:07:10.425+0000: 794.638: [GC [PSYoungGen: 91424K->320K(90240K)] 169269K->78253K(777216K), 0.0052790 secs] [Times: user=0.04 sys=0.00, real=0.01 secs] 
2014-07-28T17:07:11.058+0000: 795.272: [GC [PSYoungGen: 90240K->448K(89216K)] 168173K->78421K(776192K), 0.0063870 secs] [Times: user=0.04 sys=0.01, real=0.01 secs] 
2014-07-28T17:07:11.686+0000: 795.899: [GC [PSYoungGen: 89216K->320K(88000K)] 167189K->78365K(774976K), 0.0064670 secs] [Times: user=0.04 sys=0.00, real=0.01 secs] 
2014-07-28T17:07:12.303+0000: 796.517: [GC [PSYoungGen: 88000K->448K(87040K)] 166045K->78541K(774016K), 0.0032720 secs] [Times: user=0.02 sys=0.00, real=0.00 secs] 
2014-07-28T17:07:12.913+0000: 797.127: [GC [PSYoungGen: 87040K->320K(85824K)] 165133K->78517K(772800K), 0.0041140 secs] [Times: user=0.03 sys=0.00, real=0.00 secs] 
2014-07-28T17:07:13.518+0000: 797.732: [GC [PSYoungGen: 85824K->192K(84672K)] 164021K->78445K(771648K), 0.0034230 secs] [Times: user=0.02 sys=0.01, real=0.01 secs] 
2014-07-28T17:07:14.113+0000: 798.327: [GC [PSYoungGen: 84671K->288K(83776K)] 162925K->78581K(770752K), 0.0024320 secs] [Times: user=0.01 sys=0.00, real=0.00 secs] 
2014-07-28T17:07:14.696+0000: 798.909: [GC [PSYoungGen: 83744K->384K(82880K)] 162037K->78773K(769856K), 0.0031770 secs] [Times: user=0.02 sys=0.00, real=0.00 secs] 
2014-07-28T17:07:15.277+0000: 799.490: [GC [PSYoungGen: 82880K->224K(81792K)] 161269K->78637K(768768K), 0.0051070 secs] [Times: user=0.02 sys=0.01, real=0.01 secs] 
2014-07-28T17:07:15.849+0000: 800.063: [GC [PSYoungGen: 81760K->320K(80896K)] 160173K->78813K(767872K), 0.0062450 secs] [Times: user=0.04 sys=0.00, real=0.01 secs] 
2014-07-28T17:07:16.415+0000: 800.629: [GC [PSYoungGen: 80896K->288K(80000K)] 159389K->78853K(766976K), 0.0047420 secs] [Times: user=0.02 sys=0.00, real=0.00 secs] 
2014-07-28T17:07:16.976+0000: 801.190: [GC [PSYoungGen: 79968K->320K(79104K)] 158533K->78933K(766080K), 0.0040690 secs] [Times: user=0.02 sys=0.00, real=0.00 secs] 
2014-07-28T17:07:17.527+0000: 801.740: [GC [PSYoungGen: 79104K->384K(78272K)] 157717K->79093K(765248K), 0.0038850 secs] [Times: user=0.02 sys=0.00, real=0.00 secs] 
2014-07-28T17:07:18.074+0000: 802.288: [GC [PSYoungGen: 78272K->420K(77440K)] 156981K->79153K(764416K), 0.0040500 secs] [Times: user=0.02 sys=0.00, real=0.00 secs] 
2014-07-28T17:07:18.614+0000: 802.828: [GC [PSYoungGen: 77412K->256K(76416K)] 156145K->79111K(763392K), 0.0056630 secs] [Times: user=0.03 sys=0.00, real=0.00 secs] 
2014-07-28T17:07:19.148+0000: 803.362: [GC [PSYoungGen: 76416K->384K(75712K)] 155271K->79295K(762688K), 0.0057850 secs] [Times: user=0.03 sys=0.01, real=0.01 secs] 
2014-07-28T17:07:19.676+0000: 803.889: [GC [PSYoungGen: 75712K->384K(74880K)] 154623K->79367K(761856K), 0.0059160 secs] [Times: user=0.04 sys=0.00, real=0.00 secs] 
2014-07-28T17:07:20.203+0000: 804.417: [GC [PSYoungGen: 74880K->448K(74112K)] 153863K->79471K(761088K), 0.0041010 secs] [Times: user=0.03 sys=0.00, real=0.00 secs] 
2014-07-28T17:07:20.721+0000: 804.935: [GC [PSYoungGen: 74112K->256K(73152K)] 153135K->79415K(760128K), 0.0051010 secs] [Times: user=0.03 sys=0.01, real=0.01 secs] 
2014-07-28T17:07:21.230+0000: 805.444: [GC [PSYoungGen: 73152K->384K(72512K)] 152311K->79599K(759488K), 0.0042750 secs] [Times: user=0.02 sys=0.01, real=0.01 secs] 
2014-07-28T17:07:21.735+0000: 805.949: [GC [PSYoungGen: 72512K->448K(71808K)] 151727K->79751K(758784K), 0.0054320 secs] [Times: user=0.04 sys=0.00, real=0.00 secs] 
2014-07-28T17:07:22.239+0000: 806.453: [GC [PSYoungGen: 71808K->416K(71040K)] 151111K->79743K(758016K), 0.0045990 secs] [Times: user=0.03 sys=0.00, real=0.01 secs] 
2014-07-28T17:07:22.735+0000: 806.949: [GC [PSYoungGen: 71008K->320K(70208K)] 150335K->79727K(757184K), 0.0058430 secs] [Times: user=0.04 sys=0.00, real=0.00 secs] 
2014-07-28T17:07:23.228+0000: 807.442: [GC [PSYoungGen: 70208K->192K(69376K)] 149615K->79623K(756352K), 0.0051340 secs] [Times: user=0.02 sys=0.00, real=0.01 secs] 
2014-07-28T17:07:23.716+0000: 807.930: [GC [PSYoungGen: 69376K->352K(83456K)] 148807K->79839K(770432K), 0.0057910 secs] [Times: user=0.04 sys=0.00, real=0.01 secs] 
2014-07-28T17:07:24.299+0000: 808.512: [GC [PSYoungGen: 83424K->548K(82688K)] 162911K->80083K(769664K), 0.0043300 secs] [Times: user=0.02 sys=0.00, real=0.01 secs] 
2014-07-28T17:07:24.875+0000: 809.089: [GC [PSYoungGen: 82660K->256K(81408K)] 162195K->79911K(768384K), 0.0041400 secs] [Times: user=0.02 sys=0.00, real=0.00 secs] 
2014-07-28T17:07:25.447+0000: 809.661: [GC [PSYoungGen: 81393K->320K(80512K)] 161048K->80047K(767488K), 0.0060300 secs] [Times: user=0.04 sys=0.00, real=0.01 secs] 
2014-07-28T17:07:26.008+0000: 810.222: [GC [PSYoungGen: 80512K->320K(79616K)] 160239K->80079K(766592K), 0.0056860 secs] [Times: user=0.04 sys=0.00, real=0.01 secs] 
2014-07-28T17:07:26.563+0000: 810.776: [GC [PSYoungGen: 79616K->480K(95680K)] 159375K->80319K(782656K), 0.0071370 secs] [Times: user=0.04 sys=0.00, real=0.01 secs] 
2014-07-28T17:07:27.231+0000: 811.445: [GC [PSYoungGen: 95648K->384K(94272K)] 175487K->80271K(781248K), 0.0037900 secs] [Times: user=0.02 sys=0.00, real=0.01 secs] 
2014-07-28T17:07:27.894+0000: 812.108: [GC [PSYoungGen: 94272K->416K(93120K)] 174159K->80399K(780096K), 0.0038210 secs] [Times: user=0.02 sys=0.00, real=0.00 secs] 
2014-07-28T17:07:28.545+0000: 812.759: [GC [PSYoungGen: 93088K->320K(91776K)] 173071K->80367K(778752K), 0.0062910 secs] [Times: user=0.04 sys=0.00, real=0.00 secs] 
2014-07-28T17:07:29.189+0000: 813.403: [GC [PSYoungGen: 91763K->384K(90688K)] 171811K->80439K(777664K), 0.0041710 secs] [Times: user=0.03 sys=0.00, real=0.01 secs] 
2014-07-28T17:07:29.823+0000: 814.037: [GC [PSYoungGen: 90688K->224K(89408K)] 170743K->80319K(776384K), 0.0038310 secs] [Times: user=0.01 sys=0.00, real=0.00 secs] 
2014-07-28T17:07:30.448+0000: 814.662: [GC [PSYoungGen: 89376K->498K(88576K)] 169471K->80681K(775552K), 0.0045060 secs] [Times: user=0.03 sys=0.00, real=0.01 secs] 
2014-07-28T17:07:31.072+0000: 815.286: [GC [PSYoungGen: 88562K->384K(87360K)] 168745K->80591K(774336K), 0.0046950 secs] [Times: user=0.03 sys=0.00, real=0.01 secs] 
2014-07-28T17:07:31.687+0000: 815.900: [GC [PSYoungGen: 87360K->192K(86080K)] 167567K->80423K(773056K), 0.0100980 secs] [Times: user=0.06 sys=0.00, real=0.01 secs] 
2014-07-28T17:07:32.297+0000: 816.511: [GC [PSYoungGen: 86080K->480K(85376K)] 166311K->80775K(772352K), 0.0056750 secs] [Times: user=0.03 sys=0.00, real=0.00 secs] 
2014-07-28T17:07:32.890+0000: 817.104: [GC [PSYoungGen: 85321K->548K(84416K)] 165616K->80947K(771392K), 0.0061010 secs] [Times: user=0.04 sys=0.00, real=0.01 secs] 
2014-07-28T17:07:33.481+0000: 817.695: [GC [PSYoungGen: 84388K->224K(83072K)] 164787K->80663K(770048K), 0.0045770 secs] [Times: user=0.02 sys=0.01, real=0.01 secs] 
2014-07-28T17:07:34.059+0000: 818.273: [GC [PSYoungGen: 83040K->320K(82176K)] 163479K->80775K(769152K), 0.0060910 secs] [Times: user=0.03 sys=0.00, real=0.01 secs] 
2014-07-28T17:07:34.635+0000: 818.849: [GC [PSYoungGen: 82176K->384K(81280K)] 162631K->80927K(768256K), 0.0027010 secs] [Times: user=0.02 sys=0.00, real=0.00 secs] 
2014-07-28T17:07:35.207+0000: 819.421: [GC [PSYoungGen: 81280K->384K(80320K)] 161823K->80935K(767296K), 0.0036120 secs] [Times: user=0.02 sys=0.00, real=0.00 secs] 
2014-07-28T17:07:35.785+0000: 819.999: [GC [PSYoungGen: 80320K->320K(79360K)] 160871K->80943K(766336K), 0.0035240 secs] [Times: user=0.02 sys=0.00, real=0.00 secs] 
2014-07-28T17:07:36.328+0000: 820.542: [GC [PSYoungGen: 79360K->448K(78592K)] 159983K->81167K(765568K), 0.0028830 secs] [Times: user=0.02 sys=0.00, real=0.00 secs] 
2014-07-28T17:07:36.876+0000: 821.090: [GC [PSYoungGen: 78592K->224K(77504K)] 159311K->80975K(764480K), 0.0031220 secs] [Times: user=0.02 sys=0.01, real=0.00 secs] 
2014-07-28T17:07:37.423+0000: 821.637: [GC [PSYoungGen: 77446K->288K(76736K)] 158198K->81087K(763712K), 0.0075320 secs] [Times: user=0.05 sys=0.01, real=0.01 secs] 
2014-07-28T17:07:37.960+0000: 822.174: [GC [PSYoungGen: 76704K->416K(76032K)] 157503K->81279K(763008K), 0.0019540 secs] [Times: user=0.01 sys=0.00, real=0.00 secs] 
2014-07-28T17:07:38.490+0000: 822.704: [GC [PSYoungGen: 76000K->320K(75072K)] 156863K->81239K(762048K), 0.0026200 secs] [Times: user=0.01 sys=0.00, real=0.00 secs] 
2014-07-28T17:07:39.017+0000: 823.231: [GC [PSYoungGen: 75072K->320K(74240K)] 155991K->81239K(761216K), 0.0040590 secs] [Times: user=0.03 sys=0.00, real=0.00 secs] 
2014-07-28T17:07:39.538+0000: 823.752: [GC [PSYoungGen: 74240K->224K(73408K)] 155159K->81199K(760384K), 0.0068930 secs] [Times: user=0.04 sys=0.00, real=0.01 secs] 
2014-07-28T17:07:40.053+0000: 824.266: [GC [PSYoungGen: 73376K->192K(72576K)] 154351K->81191K(759552K), 0.0050920 secs] [Times: user=0.02 sys=0.00, real=0.01 secs] 
2014-07-28T17:07:40.563+0000: 824.776: [GC [PSYoungGen: 72576K->352K(72000K)] 153575K->81423K(758976K), 0.0041520 secs] [Times: user=0.02 sys=0.01, real=0.01 secs] 
2014-07-28T17:07:41.068+0000: 825.282: [GC [PSYoungGen: 71968K->352K(71232K)] 153039K->81431K(758208K), 0.0051090 secs] [Times: user=0.03 sys=0.01, real=0.00 secs] 
2014-07-28T17:07:41.565+0000: 825.779: [GC [PSYoungGen: 71200K->320K(70464K)] 152279K->81455K(757440K), 0.0045330 secs] [Times: user=0.03 sys=0.00, real=0.00 secs] 
2014-07-28T17:07:42.056+0000: 826.270: [GC [PSYoungGen: 70464K->484K(69952K)] 151599K->81619K(756928K), 0.0039580 secs] [Times: user=0.02 sys=0.00, real=0.00 secs] 
2014-07-28T17:07:42.545+0000: 826.759: [GC [PSYoungGen: 69924K->288K(69056K)] 151059K->81479K(756032K), 0.0053320 secs] [Times: user=0.03 sys=0.00, real=0.00 secs] 
2014-07-28T17:07:43.027+0000: 827.240: [GC [PSYoungGen: 69024K->384K(68416K)] 150215K->81607K(755392K), 0.0060400 secs] [Times: user=0.04 sys=0.00, real=0.00 secs] 
2014-07-28T17:07:43.504+0000: 827.717: [GC [PSYoungGen: 68416K->416K(82112K)] 149639K->81735K(769088K), 0.0060420 secs] [Times: user=0.04 sys=0.00, real=0.01 secs] 
2014-07-28T17:07:44.081+0000: 828.295: [GC [PSYoungGen: 82080K->384K(98432K)] 163399K->81711K(785408K), 0.0055560 secs] [Times: user=0.03 sys=0.00, real=0.01 secs] 
2014-07-28T17:07:44.773+0000: 828.987: [GC [PSYoungGen: 98432K->384K(97088K)] 179759K->81775K(784064K), 0.0040510 secs] [Times: user=0.02 sys=0.00, real=0.01 secs] 
2014-07-28T17:07:45.453+0000: 829.667: [GC [PSYoungGen: 97088K->448K(95872K)] 178479K->81927K(782848K), 0.0038960 secs] [Times: user=0.02 sys=0.00, real=0.01 secs] 
2014-07-28T17:07:46.128+0000: 830.342: [GC [PSYoungGen: 95872K->352K(94528K)] 177351K->81919K(781504K), 0.0056280 secs] [Times: user=0.03 sys=0.00, real=0.00 secs] 
2014-07-28T17:07:46.792+0000: 831.006: [GC [PSYoungGen: 94496K->320K(93248K)] 176063K->81959K(780224K), 0.0065510 secs] [Times: user=0.04 sys=0.00, real=0.01 secs] 
2014-07-28T17:07:47.445+0000: 831.659: [GC [PSYoungGen: 93248K->320K(92032K)] 174887K->82039K(779008K), 0.0022680 secs] [Times: user=0.01 sys=0.00, real=0.01 secs] 
2014-07-28T17:07:48.092+0000: 832.306: [GC [PSYoungGen: 92032K->416K(91008K)] 173751K->82183K(777984K), 0.0051330 secs] [Times: user=0.03 sys=0.01, real=0.01 secs] 
2014-07-28T17:07:48.725+0000: 832.939: [GC [PSYoungGen: 90976K->320K(89728K)] 172743K->82151K(776704K), 0.0057680 secs] [Times: user=0.04 sys=0.00, real=0.01 secs] 
2014-07-28T17:07:49.356+0000: 833.570: [GC [PSYoungGen: 89728K->288K(88640K)] 171559K->82127K(775616K), 0.0087330 secs] [Times: user=0.05 sys=0.00, real=0.00 secs] 
2014-07-28T17:07:49.982+0000: 834.195: [GC [PSYoungGen: 88608K->384K(87616K)] 170447K->82279K(774592K), 0.0043340 secs] [Times: user=0.02 sys=0.01, real=0.01 secs] 
2014-07-28T17:07:50.595+0000: 834.809: [GC [PSYoungGen: 87607K->370K(86528K)] 169503K->82345K(773504K), 0.0059070 secs] [Times: user=0.04 sys=0.00, real=0.01 secs] 
2014-07-28T17:07:51.198+0000: 835.412: [GC [PSYoungGen: 86514K->384K(85504K)] 168489K->82407K(772480K), 0.0064390 secs] [Times: user=0.04 sys=0.00, real=0.00 secs] 
2014-07-28T17:07:51.795+0000: 836.009: [GC [PSYoungGen: 85504K->384K(84480K)] 167527K->82479K(771456K), 0.0040180 secs] [Times: user=0.02 sys=0.00, real=0.01 secs] 
2014-07-28T17:07:52.388+0000: 836.601: [GC [PSYoungGen: 84480K->384K(83456K)] 166575K->82567K(770432K), 0.0046640 secs] [Times: user=0.02 sys=0.00, real=0.00 secs] 
2014-07-28T17:07:52.972+0000: 837.186: [GC [PSYoungGen: 83456K->224K(82368K)] 165639K->82447K(769344K), 0.0041950 secs] [Times: user=0.02 sys=0.00, real=0.00 secs] 
2014-07-28T17:07:53.550+0000: 837.764: [GC [PSYoungGen: 82336K->224K(81408K)] 164559K->82487K(768384K), 0.0034660 secs] [Times: user=0.02 sys=0.00, real=0.00 secs] 
2014-07-28T17:07:54.115+0000: 838.329: [GC [PSYoungGen: 81376K->384K(80576K)] 163639K->82663K(767552K), 0.0052900 secs] [Times: user=0.03 sys=0.01, real=0.01 secs] 
2014-07-28T17:07:54.684+0000: 838.898: [GC [PSYoungGen: 80576K->384K(79680K)] 162855K->82735K(766656K), 0.0045200 secs] [Times: user=0.02 sys=0.00, real=0.01 secs] 
2014-07-28T17:07:55.245+0000: 839.459: [GC [PSYoungGen: 79679K->288K(78720K)] 162030K->82671K(765696K), 0.0048130 secs] [Times: user=0.02 sys=0.00, real=0.01 secs] 
2014-07-28T17:07:55.798+0000: 840.012: [GC [PSYoungGen: 78688K->256K(77760K)] 161071K->82655K(764736K), 0.0050680 secs] [Times: user=0.01 sys=0.00, real=0.00 secs] 
2014-07-28T17:07:56.341+0000: 840.555: [GC [PSYoungGen: 77760K->384K(77056K)] 160159K->82855K(764032K), 0.0030880 secs] [Times: user=0.02 sys=0.00, real=0.00 secs] 
2014-07-28T17:07:56.880+0000: 841.093: [GC [PSYoungGen: 77056K->288K(76160K)] 159527K->82807K(763136K), 0.0062030 secs] [Times: user=0.04 sys=0.00, real=0.00 secs] 
2014-07-28T17:07:57.415+0000: 841.629: [GC [PSYoungGen: 76128K->256K(75264K)] 158647K->82831K(762240K), 0.0043600 secs] [Times: user=0.03 sys=0.00, real=0.01 secs] 
2014-07-28T17:07:57.945+0000: 842.159: [GC [PSYoungGen: 75264K->370K(74560K)] 157839K->82993K(761536K), 0.0050670 secs] [Times: user=0.03 sys=0.00, real=0.01 secs] 
2014-07-28T17:07:58.465+0000: 842.679: [GC [PSYoungGen: 74546K->434K(73856K)] 157169K->83137K(760832K), 0.0070740 secs] [Times: user=0.05 sys=0.00, real=0.01 secs] 
2014-07-28T17:07:58.982+0000: 843.196: [GC [PSYoungGen: 73842K->512K(88640K)] 156545K->83295K(775616K), 0.0059770 secs] [Times: user=0.03 sys=0.00, real=0.01 secs] 
2014-07-28T17:07:59.603+0000: 843.816: [GC [PSYoungGen: 88640K->256K(87296K)] 171423K->83151K(774272K), 0.0040620 secs] [Times: user=0.03 sys=0.00, real=0.00 secs] 
2014-07-28T17:08:00.214+0000: 844.427: [GC [PSYoungGen: 87296K->384K(86336K)] 170191K->83295K(773312K), 0.0040430 secs] [Times: user=0.02 sys=0.01, real=0.00 secs] 
2014-07-28T17:08:00.818+0000: 845.032: [GC [PSYoungGen: 86336K->384K(85312K)] 169247K->83383K(772288K), 0.0043850 secs] [Times: user=0.02 sys=0.00, real=0.01 secs] 
2014-07-28T17:08:01.415+0000: 845.628: [GC [PSYoungGen: 85312K->256K(84160K)] 168311K->83295K(771136K), 0.0078800 secs] [Times: user=0.04 sys=0.00, real=0.01 secs] 
2014-07-28T17:08:02.004+0000: 846.218: [GC [PSYoungGen: 84160K->288K(83200K)] 167199K->83367K(770176K), 0.0048590 secs] [Times: user=0.03 sys=0.00, real=0.01 secs] 
2014-07-28T17:08:02.593+0000: 846.806: [GC [PSYoungGen: 83166K->256K(82176K)] 166246K->83399K(769152K), 0.0046410 secs] [Times: user=0.02 sys=0.00, real=0.00 secs] 
2014-07-28T17:08:03.168+0000: 847.382: [GC [PSYoungGen: 82152K->256K(81216K)] 165296K->83407K(768192K), 0.0070720 secs] [Times: user=0.04 sys=0.00, real=0.00 secs] 
2014-07-28T17:08:03.742+0000: 847.955: [GC [PSYoungGen: 81166K->384K(80384K)] 164318K->83615K(767360K), 0.0058850 secs] [Times: user=0.03 sys=0.00, real=0.00 secs] 
2014-07-28T17:08:04.301+0000: 848.515: [GC [PSYoungGen: 80384K->288K(79424K)] 163615K->83559K(766400K), 0.0051680 secs] [Times: user=0.03 sys=0.00, real=0.00 secs] 
2014-07-28T17:08:04.856+0000: 849.070: [GC [PSYoungGen: 79392K->370K(95360K)] 162663K->83705K(782336K), 0.0084680 secs] [Times: user=0.05 sys=0.01, real=0.01 secs] 
2014-07-28T17:08:05.545+0000: 849.759: [GC [PSYoungGen: 95346K->498K(94272K)] 178681K->83985K(781248K), 0.0036390 secs] [Times: user=0.02 sys=0.01, real=0.01 secs] 
2014-07-28T17:08:06.187+0000: 850.401: [GC [PSYoungGen: 94212K->370K(92928K)] 177700K->83889K(779904K), 0.0053740 secs] [Times: user=0.02 sys=0.00, real=0.01 secs] 
2014-07-28T17:08:06.837+0000: 851.051: [GC [PSYoungGen: 92914K->320K(91648K)] 176433K->83903K(778624K), 0.0067820 secs] [Times: user=0.04 sys=0.00, real=0.01 secs] 
2014-07-28T17:08:07.483+0000: 851.697: [GC [PSYoungGen: 91648K->420K(90624K)] 175231K->84051K(777600K), 0.0068110 secs] [Times: user=0.04 sys=0.00, real=0.01 secs] 
2014-07-28T17:08:08.115+0000: 852.329: [GC [PSYoungGen: 90596K->416K(89472K)] 174227K->84103K(776448K), 0.0053590 secs] [Times: user=0.04 sys=0.00, real=0.01 secs] 
2014-07-28T17:08:08.743+0000: 852.957: [GC [PSYoungGen: 89440K->548K(103360K)] 173127K->84381K(790336K), 0.0111170 secs] [Times: user=0.06 sys=0.00, real=0.01 secs] 
2014-07-28T17:08:09.463+0000: 853.676: [GC [PSYoungGen: 103293K->416K(101824K)] 187127K->84313K(788800K), 0.0035770 secs] [Times: user=0.02 sys=0.00, real=0.00 secs] 
2014-07-28T17:08:10.176+0000: 854.390: [GC [PSYoungGen: 101792K->448K(100416K)] 185689K->84441K(787392K), 0.0044720 secs] [Times: user=0.02 sys=0.00, real=0.01 secs] 
2014-07-28T17:08:10.879+0000: 855.093: [GC [PSYoungGen: 100416K->288K(98944K)] 184409K->84329K(785920K), 0.0037840 secs] [Times: user=0.02 sys=0.00, real=0.00 secs] 
2014-07-28T17:08:11.576+0000: 855.789: [GC [PSYoungGen: 98912K->338K(97664K)] 182953K->84435K(784640K), 0.0090240 secs] [Times: user=0.05 sys=0.00, real=0.01 secs] 
2014-07-28T17:08:12.259+0000: 856.473: [GC [PSYoungGen: 97618K->288K(96320K)] 181715K->84401K(783296K), 0.0038100 secs] [Times: user=0.01 sys=0.00, real=0.00 secs] 
2014-07-28T17:08:12.935+0000: 857.149: [GC [PSYoungGen: 96288K->384K(95104K)] 180401K->84577K(782080K), 0.0057900 secs] [Times: user=0.03 sys=0.00, real=0.01 secs] 
2014-07-28T17:08:13.603+0000: 857.817: [GC [PSYoungGen: 95104K->384K(93888K)] 179297K->84641K(780864K), 0.0048580 secs] [Times: user=0.03 sys=0.00, real=0.00 secs] 
2014-07-28T17:08:14.264+0000: 858.478: [GC [PSYoungGen: 93888K->384K(92672K)] 178145K->84657K(779648K), 0.0072470 secs] [Times: user=0.05 sys=0.00, real=0.01 secs] 
2014-07-28T17:08:14.914+0000: 859.128: [GC [PSYoungGen: 92672K->448K(91520K)] 176945K->84801K(778496K), 0.0036530 secs] [Times: user=0.02 sys=0.00, real=0.00 secs] 
2014-07-28T17:08:15.557+0000: 859.771: [GC [PSYoungGen: 91508K->448K(90368K)] 175862K->84865K(777344K), 0.0072900 secs] [Times: user=0.04 sys=0.00, real=0.01 secs] 
2014-07-28T17:08:16.190+0000: 860.404: [GC [PSYoungGen: 90368K->256K(89024K)] 174785K->84689K(776000K), 0.0022740 secs] [Times: user=0.01 sys=0.00, real=0.01 secs] 
2014-07-28T17:08:16.816+0000: 861.030: [GC [PSYoungGen: 89024K->416K(88128K)] 173457K->84913K(775104K), 0.0060800 secs] [Times: user=0.02 sys=0.00, real=0.01 secs] 
2014-07-28T17:08:17.433+0000: 861.647: [GC [PSYoungGen: 88096K->320K(86912K)] 172593K->84889K(773888K), 0.0056890 secs] [Times: user=0.04 sys=0.00, real=0.00 secs] 
2014-07-28T17:08:18.041+0000: 862.255: [GC [PSYoungGen: 86901K->480K(86016K)] 171470K->85105K(772992K), 0.0042260 secs] [Times: user=0.02 sys=0.00, real=0.00 secs] 
2014-07-28T17:08:18.645+0000: 862.859: [GC [PSYoungGen: 85984K->320K(84800K)] 170609K->85001K(771776K), 0.0055590 secs] [Times: user=0.03 sys=0.00, real=0.01 secs] 
2014-07-28T17:08:19.239+0000: 863.452: [GC [PSYoungGen: 84800K->416K(83904K)] 169481K->85105K(770880K), 0.0052120 secs] [Times: user=0.02 sys=0.01, real=0.01 secs] 
2014-07-28T17:08:19.825+0000: 864.039: [GC [PSYoungGen: 83872K->256K(82752K)] 168561K->84993K(769728K), 0.0036370 secs] [Times: user=0.01 sys=0.00, real=0.00 secs] 
2014-07-28T17:08:20.408+0000: 864.622: [GC [PSYoungGen: 82752K->288K(81856K)] 167489K->85089K(768832K), 0.0043630 secs] [Times: user=0.03 sys=0.01, real=0.01 secs] 
2014-07-28T17:08:20.983+0000: 865.197: [GC [PSYoungGen: 81788K->402K(81024K)] 166590K->85251K(768000K), 0.0079760 secs] [Times: user=0.06 sys=0.00, real=0.01 secs] 
2014-07-28T17:08:21.548+0000: 865.762: [GC [PSYoungGen: 80978K->384K(97088K)] 165827K->85281K(784064K), 0.0086820 secs] [Times: user=0.06 sys=0.00, real=0.01 secs] 
2014-07-28T17:08:22.227+0000: 866.441: [GC [PSYoungGen: 97088K->256K(95680K)] 181985K->85169K(782656K), 0.0053640 secs] [Times: user=0.03 sys=0.01, real=0.01 secs] 
2014-07-28T17:08:22.897+0000: 867.111: [GC [PSYoungGen: 95641K->448K(94592K)] 180555K->85457K(781568K), 0.0037870 secs] [Times: user=0.02 sys=0.00, real=0.00 secs] 
2014-07-28T17:08:23.557+0000: 867.771: [GC [PSYoungGen: 94592K->416K(93376K)] 179601K->85505K(780352K), 0.0057740 secs] [Times: user=0.03 sys=0.00, real=0.01 secs] 
2014-07-28T17:08:24.207+0000: 868.421: [GC [PSYoungGen: 93344K->320K(92032K)] 178433K->85441K(779008K), 0.0055320 secs] [Times: user=0.03 sys=0.00, real=0.01 secs] 
2014-07-28T17:08:24.855+0000: 869.069: [GC [PSYoungGen: 92032K->448K(91008K)] 177153K->85657K(777984K), 0.0047530 secs] [Times: user=0.02 sys=0.00, real=0.00 secs] 
2014-07-28T17:08:25.493+0000: 869.707: [GC [PSYoungGen: 91008K->416K(89856K)] 176217K->85713K(776832K), 0.0040900 secs] [Times: user=0.02 sys=0.01, real=0.00 secs] 
2014-07-28T17:08:26.120+0000: 870.334: [GC [PSYoungGen: 89824K->320K(88640K)] 175121K->85657K(775616K), 0.0038270 secs] [Times: user=0.02 sys=0.00, real=0.01 secs] 
2014-07-28T17:08:26.742+0000: 870.956: [GC [PSYoungGen: 88640K->466K(87744K)] 173977K->85891K(774720K), 0.0044960 secs] [Times: user=0.02 sys=0.00, real=0.00 secs] 
2014-07-28T17:08:27.354+0000: 871.568: [GC [PSYoungGen: 87698K->320K(86464K)] 173123K->85761K(773440K), 0.0049270 secs] [Times: user=0.03 sys=0.00, real=0.00 secs] 
2014-07-28T17:08:27.964+0000: 872.178: [GC [PSYoungGen: 86464K->370K(85504K)] 171905K->85883K(772480K), 0.0054450 secs] [Times: user=0.03 sys=0.00, real=0.00 secs] 
2014-07-28T17:08:28.563+0000: 872.777: [GC [PSYoungGen: 85490K->256K(84352K)] 171003K->85833K(771328K), 0.0054200 secs] [Times: user=0.04 sys=0.00, real=0.00 secs] 
2014-07-28T17:08:29.153+0000: 873.367: [GC [PSYoungGen: 84352K->480K(83584K)] 169929K->86081K(770560K), 0.0046400 secs] [Times: user=0.03 sys=0.00, real=0.00 secs] 
2014-07-28T17:08:29.738+0000: 873.952: [GC [PSYoungGen: 83552K->352K(82496K)] 169153K->86025K(769472K), 0.0034300 secs] [Times: user=0.02 sys=0.00, real=0.00 secs] 
2014-07-28T17:08:30.315+0000: 874.529: [GC [PSYoungGen: 82464K->480K(81664K)] 168137K->86225K(768640K), 0.0023830 secs] [Times: user=0.02 sys=0.00, real=0.00 secs] 
2014-07-28T17:08:30.889+0000: 875.103: [GC [PSYoungGen: 81632K->192K(80384K)] 167377K->85985K(767360K), 0.0062640 secs] [Times: user=0.04 sys=0.00, real=0.01 secs] 
2014-07-28T17:08:31.454+0000: 875.667: [GC [PSYoungGen: 80384K->352K(79680K)] 166177K->86225K(766656K), 0.0054390 secs] [Times: user=0.04 sys=0.00, real=0.00 secs] 
2014-07-28T17:08:32.015+0000: 876.229: [GC [PSYoungGen: 79648K->224K(78656K)] 165521K->86105K(765632K), 0.0050550 secs] [Times: user=0.03 sys=0.00, real=0.00 secs] 
2014-07-28T17:08:32.565+0000: 876.779: [GC [PSYoungGen: 78624K->352K(77888K)] 164505K->86305K(764864K), 0.0051800 secs] [Times: user=0.03 sys=0.00, real=0.00 secs] 
2014-07-28T17:08:33.109+0000: 877.323: [GC [PSYoungGen: 77856K->448K(77120K)] 163809K->86433K(764096K), 0.0046820 secs] [Times: user=0.03 sys=0.00, real=0.01 secs] 
2014-07-28T17:08:33.649+0000: 877.863: [GC [PSYoungGen: 77120K->434K(76288K)] 163105K->86515K(763264K), 0.0054550 secs] [Times: user=0.03 sys=0.00, real=0.01 secs] 
2014-07-28T17:08:34.179+0000: 878.393: [GC [PSYoungGen: 76274K->256K(91264K)] 162355K->86353K(778240K), 0.0098310 secs] [Times: user=0.06 sys=0.01, real=0.01 secs] 
2014-07-28T17:08:34.818+0000: 879.032: [GC [PSYoungGen: 91264K->448K(99200K)] 177361K->86649K(786176K), 0.0054660 secs] [Times: user=0.03 sys=0.01, real=0.01 secs] 
2014-07-28T17:08:35.517+0000: 879.731: [GC [PSYoungGen: 99072K->352K(97664K)] 185273K->86601K(784640K), 0.0044570 secs] [Times: user=0.02 sys=0.01, real=0.00 secs] 
2014-07-28T17:08:36.203+0000: 880.417: [GC [PSYoungGen: 97632K->384K(96384K)] 183881K->86697K(783360K), 0.0052690 secs] [Times: user=0.04 sys=0.00, real=0.00 secs] 
2014-07-28T17:08:36.873+0000: 881.087: [GC [PSYoungGen: 96364K->448K(95168K)] 182677K->86865K(782144K), 0.0040990 secs] [Times: user=0.03 sys=0.00, real=0.00 secs] 
2014-07-28T17:08:37.541+0000: 881.754: [GC [PSYoungGen: 95168K->288K(93824K)] 181585K->86785K(780800K), 0.0053140 secs] [Times: user=0.03 sys=0.00, real=0.01 secs] 
2014-07-28T17:08:38.201+0000: 882.415: [GC [PSYoungGen: 93792K->288K(92608K)] 180289K->86809K(779584K), 0.0069260 secs] [Times: user=0.04 sys=0.00, real=0.01 secs] 
2014-07-28T17:08:38.852+0000: 883.066: [GC [PSYoungGen: 92553K->416K(91520K)] 179075K->87025K(778496K), 0.0041120 secs] [Times: user=0.03 sys=0.00, real=0.01 secs] 
2014-07-28T17:08:39.496+0000: 883.710: [GC [PSYoungGen: 91488K->416K(90368K)] 178097K->87121K(777344K), 0.0048960 secs] [Times: user=0.03 sys=0.00, real=0.00 secs] 
2014-07-28T17:08:40.129+0000: 884.343: [GC [PSYoungGen: 90329K->384K(89152K)] 177035K->87145K(776128K), 0.0029550 secs] [Times: user=0.02 sys=0.00, real=0.00 secs] 
2014-07-28T17:08:40.753+0000: 884.967: [GC [PSYoungGen: 89152K->288K(88000K)] 175913K->87113K(774976K), 0.0035770 secs] [Times: user=0.02 sys=0.00, real=0.01 secs] 
2014-07-28T17:08:41.372+0000: 885.585: [GC [PSYoungGen: 87968K->320K(86912K)] 174793K->87161K(773888K), 0.0063310 secs] [Times: user=0.04 sys=0.00, real=0.01 secs] 
2014-07-28T17:08:41.981+0000: 886.195: [GC [PSYoungGen: 86912K->352K(85888K)] 173753K->87273K(772864K), 0.0042660 secs] [Times: user=0.03 sys=0.00, real=0.01 secs] 
2014-07-28T17:08:42.581+0000: 886.794: [GC [PSYoungGen: 85855K->320K(84800K)] 172777K->87305K(771776K), 0.0065400 secs] [Times: user=0.04 sys=0.00, real=0.01 secs] 
2014-07-28T17:08:43.174+0000: 887.388: [GC [PSYoungGen: 84800K->448K(83904K)] 171785K->87441K(770880K), 0.0043800 secs] [Times: user=0.02 sys=0.01, real=0.00 secs] 
2014-07-28T17:08:43.764+0000: 887.978: [GC [PSYoungGen: 83904K->288K(82816K)] 170897K->87345K(769792K), 0.0044570 secs] [Times: user=0.03 sys=0.00, real=0.00 secs] 
2014-07-28T17:08:44.349+0000: 888.562: [GC [PSYoungGen: 82784K->352K(81920K)] 169841K->87457K(768896K), 0.0070010 secs] [Times: user=0.04 sys=0.00, real=0.01 secs] 
2014-07-28T17:08:44.922+0000: 889.136: [GC [PSYoungGen: 81888K->320K(80896K)] 168993K->87465K(767872K), 0.0039440 secs] [Times: user=0.03 sys=0.00, real=0.01 secs] 
2014-07-28T17:08:45.490+0000: 889.704: [GC [PSYoungGen: 80896K->320K(80000K)] 168041K->87537K(766976K), 0.0040060 secs] [Times: user=0.02 sys=0.00, real=0.00 secs] 
2014-07-28T17:08:46.053+0000: 890.267: [GC [PSYoungGen: 80000K->288K(79104K)] 167217K->87537K(766080K), 0.0057430 secs] [Times: user=0.04 sys=0.00, real=0.01 secs] 
2014-07-28T17:08:46.607+0000: 890.820: [GC [PSYoungGen: 79072K->448K(78336K)] 166321K->87785K(765312K), 0.0056570 secs] [Times: user=0.03 sys=0.00, real=0.00 secs] 
2014-07-28T17:08:47.152+0000: 891.366: [GC [PSYoungGen: 78336K->448K(77440K)] 165673K->87809K(764416K), 0.0038530 secs] [Times: user=0.01 sys=0.01, real=0.01 secs] 
2014-07-28T17:08:47.708+0000: 891.922: [GC [PSYoungGen: 77440K->256K(76416K)] 164801K->87673K(763392K), 0.0027970 secs] [Times: user=0.01 sys=0.00, real=0.00 secs] 
2014-07-28T17:08:48.229+0000: 892.442: [GC [PSYoungGen: 76416K->384K(75712K)] 163833K->87857K(762688K), 0.0059400 secs] [Times: user=0.04 sys=0.00, real=0.00 secs] 
2014-07-28T17:08:48.760+0000: 892.974: [GC [PSYoungGen: 75678K->434K(74944K)] 163152K->87971K(761920K), 0.0051460 secs] [Times: user=0.03 sys=0.00, real=0.01 secs] 
2014-07-28T17:08:49.282+0000: 893.496: [GC [PSYoungGen: 74930K->352K(74048K)] 162467K->87913K(761024K), 0.0047460 secs] [Times: user=0.03 sys=0.00, real=0.01 secs] 
2014-07-28T17:08:49.799+0000: 894.013: [GC [PSYoungGen: 73992K->320K(73216K)] 161554K->87961K(760192K), 0.0039060 secs] [Times: user=0.02 sys=0.00, real=0.00 secs] 
2014-07-28T17:08:50.311+0000: 894.524: [GC [PSYoungGen: 73215K->480K(72640K)] 160857K->88217K(759616K), 0.0048860 secs] [Times: user=0.03 sys=0.01, real=0.01 secs] 
2014-07-28T17:08:50.816+0000: 895.030: [GC [PSYoungGen: 72608K->384K(71744K)] 160345K->88275K(758720K), 0.0048080 secs] [Times: user=0.03 sys=0.00, real=0.00 secs] 
2014-07-28T17:08:51.317+0000: 895.531: [GC [PSYoungGen: 71744K->320K(70912K)] 159635K->88267K(757888K), 0.0049720 secs] [Times: user=0.03 sys=0.00, real=0.00 secs] 
2014-07-28T17:08:51.815+0000: 896.029: [GC [PSYoungGen: 70880K->448K(70336K)] 158827K->88475K(757312K), 0.0048050 secs] [Times: user=0.02 sys=0.00, real=0.01 secs] 
2014-07-28T17:08:52.305+0000: 896.519: [GC [PSYoungGen: 70336K->416K(69632K)] 158363K->88515K(756608K), 0.0052890 secs] [Times: user=0.03 sys=0.00, real=0.01 secs] 
2014-07-28T17:08:52.793+0000: 897.007: [GC [PSYoungGen: 69600K->352K(83456K)] 157699K->88531K(770432K), 0.0062040 secs] [Times: user=0.04 sys=0.00, real=0.01 secs] 
2014-07-28T17:08:53.378+0000: 897.591: [GC [PSYoungGen: 83424K->320K(82432K)] 171603K->88571K(769408K), 0.0055000 secs] [Times: user=0.03 sys=0.00, real=0.00 secs] 
2014-07-28T17:08:53.953+0000: 898.167: [GC [PSYoungGen: 82432K->256K(81408K)] 170683K->88563K(768384K), 0.0060300 secs] [Times: user=0.03 sys=0.00, real=0.01 secs] 
2014-07-28T17:08:54.525+0000: 898.739: [GC [PSYoungGen: 81408K->384K(97792K)] 169715K->88755K(784768K), 0.0077780 secs] [Times: user=0.04 sys=0.00, real=0.01 secs] 
2014-07-28T17:08:55.212+0000: 899.426: [GC [PSYoungGen: 97792K->256K(96384K)] 186163K->88659K(783360K), 0.0035310 secs] [Times: user=0.02 sys=0.00, real=0.00 secs] 
2014-07-28T17:08:55.892+0000: 900.105: [GC [PSYoungGen: 96384K->384K(95232K)] 184787K->88851K(782208K), 0.0060390 secs] [Times: user=0.04 sys=0.00, real=0.01 secs] 
2014-07-28T17:08:56.559+0000: 900.772: [GC [PSYoungGen: 95232K->416K(94080K)] 183699K->88963K(781056K), 0.0040330 secs] [Times: user=0.02 sys=0.00, real=0.00 secs] 
2014-07-28T17:08:57.217+0000: 901.431: [GC [PSYoungGen: 94048K->416K(92864K)] 182595K->88979K(779840K), 0.0049380 secs] [Times: user=0.03 sys=0.00, real=0.00 secs] 
2014-07-28T17:08:57.863+0000: 902.077: [GC [PSYoungGen: 92832K->192K(91392K)] 181395K->88803K(778368K), 0.0056350 secs] [Times: user=0.04 sys=0.00, real=0.01 secs] 
2014-07-28T17:08:58.506+0000: 902.720: [GC [PSYoungGen: 91392K->416K(90496K)] 180003K->89123K(777472K), 0.0041780 secs] [Times: user=0.02 sys=0.00, real=0.01 secs] 
2014-07-28T17:08:59.138+0000: 903.352: [GC [PSYoungGen: 90464K->384K(89280K)] 179171K->89123K(776256K), 0.0039330 secs] [Times: user=0.02 sys=0.00, real=0.00 secs] 
2014-07-28T17:08:59.763+0000: 903.976: [GC [PSYoungGen: 89272K->288K(88128K)] 178012K->89083K(775104K), 0.0058840 secs] [Times: user=0.03 sys=0.00, real=0.01 secs] 
2014-07-28T17:09:00.383+0000: 904.596: [GC [PSYoungGen: 88085K->352K(87104K)] 176881K->89187K(774080K), 0.0034320 secs] [Times: user=0.02 sys=0.00, real=0.00 secs] 
2014-07-28T17:09:00.992+0000: 905.206: [GC [PSYoungGen: 87072K->352K(86016K)] 175907K->89259K(772992K), 0.0031740 secs] [Times: user=0.01 sys=0.00, real=0.00 secs] 
2014-07-28T17:09:01.595+0000: 905.808: [GC [PSYoungGen: 85964K->320K(84928K)] 174872K->89307K(771904K), 0.0045200 secs] [Times: user=0.02 sys=0.00, real=0.01 secs] 
2014-07-28T17:09:02.189+0000: 906.403: [GC [PSYoungGen: 84928K->448K(84032K)] 173915K->89451K(771008K), 0.0059890 secs] [Times: user=0.04 sys=0.00, real=0.00 secs] 
2014-07-28T17:09:02.779+0000: 906.993: [GC [PSYoungGen: 84032K->320K(82944K)] 173035K->89387K(769920K), 0.0028160 secs] [Times: user=0.01 sys=0.01, real=0.00 secs] 
2014-07-28T17:09:03.358+0000: 907.572: [GC [PSYoungGen: 82944K->288K(81984K)] 172011K->89427K(768960K), 0.0055630 secs] [Times: user=0.03 sys=0.00, real=0.00 secs] 
2014-07-28T17:09:03.933+0000: 908.147: [GC [PSYoungGen: 81952K->320K(81024K)] 171091K->89539K(768000K), 0.0041370 secs] [Times: user=0.02 sys=0.00, real=0.01 secs] 
2014-07-28T17:09:04.501+0000: 908.715: [GC [PSYoungGen: 81024K->192K(79936K)] 170243K->89451K(766912K), 0.0062930 secs] [Times: user=0.04 sys=0.00, real=0.01 secs] 
2014-07-28T17:09:05.063+0000: 909.277: [GC [PSYoungGen: 79936K->402K(79296K)] 169195K->89685K(766272K), 0.0045710 secs] [Times: user=0.02 sys=0.00, real=0.01 secs] 
2014-07-28T17:09:05.619+0000: 909.833: [GC [PSYoungGen: 79250K->352K(78336K)] 168533K->89715K(765312K), 0.0052000 secs] [Times: user=0.03 sys=0.00, real=0.00 secs] 
2014-07-28T17:09:06.168+0000: 910.382: [GC [PSYoungGen: 78304K->384K(77440K)] 167667K->89771K(764416K), 0.0055640 secs] [Times: user=0.03 sys=0.00, real=0.00 secs] 
2014-07-28T17:09:06.709+0000: 910.923: [GC [PSYoungGen: 77440K->384K(76608K)] 166827K->89859K(763584K), 0.0068890 secs] [Times: user=0.04 sys=0.00, real=0.00 secs] 
2014-07-28T17:09:07.245+0000: 911.459: [GC [PSYoungGen: 76608K->256K(75648K)] 166083K->89779K(762624K), 0.0049140 secs] [Times: user=0.02 sys=0.00, real=0.01 secs] 
2014-07-28T17:09:07.778+0000: 911.992: [GC [PSYoungGen: 75648K->448K(75008K)] 165171K->90035K(761984K), 0.0044570 secs] [Times: user=0.03 sys=0.00, real=0.00 secs] 
2014-07-28T17:09:08.303+0000: 912.517: [GC [PSYoungGen: 75008K->256K(73984K)] 164595K->89907K(760960K), 0.0049850 secs] [Times: user=0.02 sys=0.01, real=0.01 secs] 
2014-07-28T17:09:08.823+0000: 913.037: [GC [PSYoungGen: 73984K->480K(73472K)] 163635K->90211K(760448K), 0.0042540 secs] [Times: user=0.02 sys=0.00, real=0.00 secs] 
2014-07-28T17:09:09.337+0000: 913.551: [GC [PSYoungGen: 73438K->416K(72640K)] 163169K->90219K(759616K), 0.0036660 secs] [Times: user=0.02 sys=0.00, real=0.01 secs] 
2014-07-28T17:09:09.846+0000: 914.060: [GC [PSYoungGen: 72608K->416K(71872K)] 162411K->90323K(758848K), 0.0050050 secs] [Times: user=0.02 sys=0.00, real=0.01 secs] 
2014-07-28T17:09:10.350+0000: 914.564: [GC [PSYoungGen: 71840K->320K(70976K)] 161747K->90291K(757952K), 0.0070090 secs] [Times: user=0.04 sys=0.00, real=0.00 secs] 
2014-07-28T17:09:10.847+0000: 915.061: [GC [PSYoungGen: 70976K->288K(70272K)] 160947K->90299K(757248K), 0.0041170 secs] [Times: user=0.02 sys=0.00, real=0.01 secs] 
2014-07-28T17:09:11.336+0000: 915.550: [GC [PSYoungGen: 70240K->320K(69568K)] 160251K->90387K(756544K), 0.0052640 secs] [Times: user=0.03 sys=0.00, real=0.01 secs] 
2014-07-28T17:09:11.826+0000: 916.040: [GC [PSYoungGen: 69568K->288K(68864K)] 159635K->90419K(755840K), 0.0041240 secs] [Times: user=0.02 sys=0.00, real=0.01 secs] 
2014-07-28T17:09:12.309+0000: 916.523: [GC [PSYoungGen: 68832K->352K(68224K)] 158963K->90547K(755200K), 0.0037220 secs] [Times: user=0.02 sys=0.00, real=0.01 secs] 
2014-07-28T17:09:12.789+0000: 917.003: [GC [PSYoungGen: 68192K->352K(67520K)] 158387K->90603K(754496K), 0.0027140 secs] [Times: user=0.01 sys=0.00, real=0.00 secs] 
2014-07-28T17:09:13.260+0000: 917.473: [GC [PSYoungGen: 67488K->320K(66816K)] 157739K->90667K(753792K), 0.0067600 secs] [Times: user=0.04 sys=0.00, real=0.00 secs] 
2014-07-28T17:09:13.725+0000: 917.939: [GC [PSYoungGen: 66774K->402K(80256K)] 157122K->90829K(767232K), 0.0059760 secs] [Times: user=0.04 sys=0.00, real=0.01 secs] 
2014-07-28T17:09:14.289+0000: 918.503: [GC [PSYoungGen: 80210K->320K(95936K)] 170637K->90795K(782912K), 0.0058020 secs] [Times: user=0.03 sys=0.00, real=0.00 secs] 
2014-07-28T17:09:14.960+0000: 919.174: [GC [PSYoungGen: 95936K->512K(94848K)] 186411K->91091K(781824K), 0.0049570 secs] [Times: user=0.02 sys=0.00, real=0.00 secs] 
2014-07-28T17:09:15.621+0000: 919.835: [GC [PSYoungGen: 94848K->64K(93184K)] 185427K->90795K(780160K), 0.0038140 secs] [Times: user=0.02 sys=0.00, real=0.00 secs] 
2014-07-28T17:09:16.279+0000: 920.493: [GC [PSYoungGen: 93184K->402K(92480K)] 183915K->91149K(779456K), 0.0063800 secs] [Times: user=0.04 sys=0.00, real=0.00 secs] 
2014-07-28T17:09:16.926+0000: 921.140: [GC [PSYoungGen: 92306K->320K(91072K)] 183053K->91123K(778048K), 0.0064750 secs] [Times: user=0.04 sys=0.00, real=0.01 secs] 
2014-07-28T17:09:17.571+0000: 921.785: [GC [PSYoungGen: 91072K->352K(89984K)] 181875K->91235K(776960K), 0.0045140 secs] [Times: user=0.02 sys=0.00, real=0.00 secs] 
2014-07-28T17:09:18.200+0000: 922.414: [GC [PSYoungGen: 89952K->384K(88832K)] 180835K->91283K(775808K), 0.0029020 secs] [Times: user=0.01 sys=0.00, real=0.00 secs] 
2014-07-28T17:09:18.820+0000: 923.034: [GC [PSYoungGen: 88832K->384K(87744K)] 179731K->91355K(774720K), 0.0056970 secs] [Times: user=0.04 sys=0.01, real=0.00 secs] 
2014-07-28T17:09:19.442+0000: 923.655: [GC [PSYoungGen: 87744K->416K(86720K)] 178715K->91467K(773696K), 0.0050410 secs] [Times: user=0.02 sys=0.00, real=0.00 secs] 
2014-07-28T17:09:20.046+0000: 924.260: [GC [PSYoungGen: 86688K->416K(85696K)] 177739K->91507K(772672K), 0.0038400 secs] [Times: user=0.02 sys=0.00, real=0.00 secs] 
2014-07-28T17:09:20.647+0000: 924.861: [GC [PSYoungGen: 85664K->192K(84416K)] 176755K->91363K(771392K), 0.0053610 secs] [Times: user=0.04 sys=0.00, real=0.01 secs] 
2014-07-28T17:09:21.240+0000: 925.454: [GC [PSYoungGen: 84381K->448K(83648K)] 175553K->91659K(770624K), 0.0030740 secs] [Times: user=0.02 sys=0.00, real=0.00 secs] 
2014-07-28T17:09:21.820+0000: 926.033: [GC [PSYoungGen: 83648K->288K(82560K)] 174859K->91555K(769536K), 0.0041000 secs] [Times: user=0.02 sys=0.00, real=0.01 secs] 
2014-07-28T17:09:22.403+0000: 926.617: [GC [PSYoungGen: 82528K->288K(81600K)] 173795K->91627K(768576K), 0.0035760 secs] [Times: user=0.03 sys=0.00, real=0.00 secs] 
2014-07-28T17:09:22.975+0000: 927.189: [GC [PSYoungGen: 81555K->224K(80576K)] 172894K->91603K(767552K), 0.0046680 secs] [Times: user=0.01 sys=0.00, real=0.00 secs] 
2014-07-28T17:09:23.543+0000: 927.757: [GC [PSYoungGen: 80544K->448K(79872K)] 171923K->91923K(766848K), 0.0042450 secs] [Times: user=0.03 sys=0.00, real=0.00 secs] 
2014-07-28T17:09:24.101+0000: 928.314: [GC [PSYoungGen: 79872K->416K(78976K)] 171347K->91923K(765952K), 0.0033270 secs] [Times: user=0.02 sys=0.00, real=0.00 secs] 
2014-07-28T17:09:24.653+0000: 928.867: [GC [PSYoungGen: 78944K->338K(78016K)] 170451K->91909K(764992K), 0.0058120 secs] [Times: user=0.04 sys=0.00, real=0.00 secs] 
2014-07-28T17:09:25.200+0000: 929.413: [GC [PSYoungGen: 77970K->384K(77120K)] 169541K->91979K(764096K), 0.0053980 secs] [Times: user=0.04 sys=0.00, real=0.01 secs] 
2014-07-28T17:09:25.740+0000: 929.954: [GC [PSYoungGen: 77120K->352K(76288K)] 168715K->92019K(763264K), 0.0059190 secs] [Times: user=0.04 sys=0.00, real=0.01 secs] 
2014-07-28T17:09:26.278+0000: 930.491: [GC [PSYoungGen: 76214K->288K(75392K)] 167882K->91979K(762368K), 0.0053920 secs] [Times: user=0.04 sys=0.00, real=0.01 secs] 
2014-07-28T17:09:26.801+0000: 931.015: [GC [PSYoungGen: 75314K->352K(90496K)] 167005K->92131K(777472K), 0.0094440 secs] [Times: user=0.05 sys=0.00, real=0.00 secs] 
2014-07-28T17:09:27.438+0000: 931.652: [GC [PSYoungGen: 90464K->416K(89408K)] 182243K->92267K(776384K), 0.0033570 secs] [Times: user=0.01 sys=0.00, real=0.01 secs] 
2014-07-28T17:09:28.060+0000: 932.274: [GC [PSYoungGen: 89358K->288K(91904K)] 181210K->92203K(778880K), 0.0077450 secs] [Times: user=0.05 sys=0.00, real=0.01 secs] 
2014-07-28T17:09:28.704+0000: 932.918: [GC [PSYoungGen: 91616K->320K(107264K)] 183531K->92307K(794240K), 0.0070500 secs] [Times: user=0.04 sys=0.00, real=0.01 secs] 
2014-07-28T17:09:29.456+0000: 933.670: [GC [PSYoungGen: 107072K->384K(105600K)] 199059K->92411K(792576K), 0.0065620 secs] [Times: user=0.04 sys=0.00, real=0.01 secs] 
2014-07-28T17:09:30.196+0000: 934.410: [GC [PSYoungGen: 105600K->192K(103936K)] 197627K->92315K(790912K), 0.0050830 secs] [Times: user=0.03 sys=0.01, real=0.01 secs] 
2014-07-28T17:09:30.925+0000: 935.139: [GC [PSYoungGen: 103919K->288K(102592K)] 196042K->92475K(789568K), 0.0069040 secs] [Times: user=0.04 sys=0.00, real=0.01 secs] 
2014-07-28T17:09:31.643+0000: 935.856: [GC [PSYoungGen: 102560K->288K(101184K)] 194747K->92531K(788160K), 0.0036990 secs] [Times: user=0.02 sys=0.00, real=0.00 secs] 
2014-07-28T17:09:32.352+0000: 936.566: [GC [PSYoungGen: 101152K->288K(99776K)] 193395K->92539K(786752K), 0.0036580 secs] [Times: user=0.01 sys=0.00, real=0.00 secs] 
2014-07-28T17:09:33.054+0000: 937.267: [GC [PSYoungGen: 99744K->448K(98560K)] 191995K->92763K(785536K), 0.0024450 secs] [Times: user=0.01 sys=0.00, real=0.00 secs] 
2014-07-28T17:09:33.741+0000: 937.955: [GC [PSYoungGen: 98560K->498K(97280K)] 190875K->92925K(784256K), 0.0041850 secs] [Times: user=0.02 sys=0.00, real=0.01 secs] 
2014-07-28T17:09:34.421+0000: 938.635: [GC [PSYoungGen: 97266K->128K(95616K)] 189693K->92643K(782592K), 0.0044610 secs] [Times: user=0.02 sys=0.00, real=0.01 secs] 
2014-07-28T17:09:35.094+0000: 939.308: [GC [PSYoungGen: 95616K->434K(94656K)] 188131K->93013K(781632K), 0.0086970 secs] [Times: user=0.06 sys=0.00, real=0.01 secs] 
2014-07-28T17:09:35.755+0000: 939.969: [GC [PSYoungGen: 94642K->448K(93440K)] 187221K->93115K(780416K), 0.0042710 secs] [Times: user=0.02 sys=0.00, real=0.00 secs] 
2014-07-28T17:09:36.411+0000: 940.625: [GC [PSYoungGen: 93440K->466K(92288K)] 186107K->93149K(779264K), 0.0038920 secs] [Times: user=0.02 sys=0.00, real=0.01 secs] 
2014-07-28T17:09:37.054+0000: 941.268: [GC [PSYoungGen: 92242K->256K(90880K)] 184925K->92987K(777856K), 0.0057530 secs] [Times: user=0.04 sys=0.00, real=0.00 secs] 
2014-07-28T17:09:37.689+0000: 941.902: [GC [PSYoungGen: 90880K->352K(89856K)] 183611K->93163K(776832K), 0.0039200 secs] [Times: user=0.02 sys=0.00, real=0.01 secs] 
2014-07-28T17:09:38.319+0000: 942.533: [GC [PSYoungGen: 89824K->320K(88640K)] 182635K->93155K(775616K), 0.0044730 secs] [Times: user=0.02 sys=0.00, real=0.01 secs] 
2014-07-28T17:09:38.945+0000: 943.158: [GC [PSYoungGen: 88640K->448K(87680K)] 181475K->93371K(774656K), 0.0032720 secs] [Times: user=0.02 sys=0.00, real=0.00 secs] 
2014-07-28T17:09:39.558+0000: 943.772: [GC [PSYoungGen: 87661K->548K(86720K)] 180584K->93559K(773696K), 0.0047810 secs] [Times: user=0.03 sys=0.00, real=0.00 secs] 
2014-07-28T17:09:40.167+0000: 944.381: [GC [PSYoungGen: 86645K->224K(85376K)] 179657K->93251K(772352K), 0.0049480 secs] [Times: user=0.03 sys=0.00, real=0.00 secs] 
2014-07-28T17:09:40.763+0000: 944.977: [GC [PSYoungGen: 85344K->352K(84480K)] 178371K->93467K(771456K), 0.0044370 secs] [Times: user=0.03 sys=0.00, real=0.00 secs] 
2014-07-28T17:09:41.354+0000: 945.568: [GC [PSYoungGen: 84448K->384K(83456K)] 177563K->93515K(770432K), 0.0044760 secs] [Times: user=0.02 sys=0.01, real=0.00 secs] 
2014-07-28T17:09:41.941+0000: 946.155: [GC [PSYoungGen: 83456K->320K(82432K)] 176587K->93523K(769408K), 0.0039510 secs] [Times: user=0.02 sys=0.00, real=0.01 secs] 
2014-07-28T17:09:42.517+0000: 946.731: [GC [PSYoungGen: 82432K->256K(81408K)] 175635K->93507K(768384K), 0.0057160 secs] [Times: user=0.03 sys=0.00, real=0.00 secs] 
2014-07-28T17:09:43.084+0000: 947.297: [GC [PSYoungGen: 81408K->352K(80576K)] 174659K->93619K(767552K), 0.0054260 secs] [Times: user=0.03 sys=0.00, real=0.00 secs] 
2014-07-28T17:09:43.649+0000: 947.863: [GC [PSYoungGen: 80544K->512K(79808K)] 173811K->93891K(766784K), 0.0032890 secs] [Times: user=0.02 sys=0.00, real=0.00 secs] 
2014-07-28T17:09:44.208+0000: 948.421: [GC [PSYoungGen: 79808K->320K(95488K)] 173187K->93707K(782464K), 0.0104160 secs] [Times: user=0.06 sys=0.00, real=0.01 secs] 
2014-07-28T17:09:44.879+0000: 949.092: [GC [PSYoungGen: 95488K->320K(94208K)] 188875K->93771K(781184K), 0.0031500 secs] [Times: user=0.02 sys=0.00, real=0.00 secs] 
2014-07-28T17:09:45.540+0000: 949.754: [GC [PSYoungGen: 94208K->384K(93056K)] 187659K->93915K(780032K), 0.0037410 secs] [Times: user=0.02 sys=0.00, real=0.01 secs] 
2014-07-28T17:09:46.195+0000: 950.408: [GC [PSYoungGen: 93055K->288K(91776K)] 186587K->93851K(778752K), 0.0037150 secs] [Times: user=0.01 sys=0.00, real=0.00 secs] 
2014-07-28T17:09:46.836+0000: 951.050: [GC [PSYoungGen: 91744K->224K(90560K)] 185307K->93819K(777536K), 0.0033660 secs] [Times: user=0.02 sys=0.00, real=0.00 secs] 
2014-07-28T17:09:47.473+0000: 951.687: [GC [PSYoungGen: 90528K->352K(89536K)] 184123K->94019K(776512K), 0.0076470 secs] [Times: user=0.05 sys=0.01, real=0.01 secs] 
2014-07-28T17:09:48.103+0000: 952.317: [GC [PSYoungGen: 89504K->224K(88320K)] 183171K->93939K(775296K), 0.0052770 secs] [Times: user=0.02 sys=0.00, real=0.01 secs] 
2014-07-28T17:09:48.724+0000: 952.938: [GC [PSYoungGen: 88288K->416K(87424K)] 182003K->94211K(774400K), 0.0027440 secs] [Times: user=0.01 sys=0.00, real=0.00 secs] 
2014-07-28T17:09:49.335+0000: 953.548: [GC [PSYoungGen: 87392K->498K(86400K)] 181187K->94325K(773376K), 0.0036860 secs] [Times: user=0.02 sys=0.00, real=0.00 secs] 
2014-07-28T17:09:49.939+0000: 954.153: [GC [PSYoungGen: 86386K->288K(85184K)] 180213K->94163K(772160K), 0.0027240 secs] [Times: user=0.02 sys=0.00, real=0.00 secs] 
2014-07-28T17:09:50.541+0000: 954.755: [GC [PSYoungGen: 85152K->192K(84032K)] 179027K->94083K(771008K), 0.0067150 secs] [Times: user=0.02 sys=0.00, real=0.01 secs] 
2014-07-28T17:09:51.129+0000: 955.343: [GC [PSYoungGen: 84032K->352K(83200K)] 177923K->94283K(770176K), 0.0049720 secs] [Times: user=0.03 sys=0.01, real=0.00 secs] 
2014-07-28T17:09:51.711+0000: 955.925: [GC [PSYoungGen: 83168K->480K(82368K)] 177099K->94499K(769344K), 0.0031930 secs] [Times: user=0.01 sys=0.01, real=0.00 secs] 
2014-07-28T17:09:52.286+0000: 956.500: [GC [PSYoungGen: 82336K->288K(81216K)] 176355K->94339K(768192K), 0.0034850 secs] [Times: user=0.02 sys=0.00, real=0.00 secs] 
2014-07-28T17:09:52.855+0000: 957.069: [GC [PSYoungGen: 81184K->352K(80320K)] 175235K->94467K(767296K), 0.0098520 secs] [Times: user=0.06 sys=0.00, real=0.01 secs] 
2014-07-28T17:09:53.417+0000: 957.631: [GC [PSYoungGen: 80288K->352K(79424K)] 174403K->94547K(766400K), 0.0035090 secs] [Times: user=0.02 sys=0.00, real=0.00 secs] 
2014-07-28T17:09:53.976+0000: 958.190: [GC [PSYoungGen: 79392K->320K(78464K)] 173587K->94563K(765440K), 0.0050820 secs] [Times: user=0.02 sys=0.00, real=0.00 secs] 
2014-07-28T17:09:54.522+0000: 958.736: [GC [PSYoungGen: 78464K->256K(77504K)] 172707K->94547K(764480K), 0.0079170 secs] [Times: user=0.04 sys=0.00, real=0.01 secs] 
2014-07-28T17:09:55.066+0000: 959.280: [GC [PSYoungGen: 77504K->192K(76608K)] 171795K->94507K(763584K), 0.0030410 secs] [Times: user=0.01 sys=0.00, real=0.00 secs] 
2014-07-28T17:09:55.608+0000: 959.822: [GC [PSYoungGen: 76608K->320K(75904K)] 170923K->94707K(762880K), 0.0037730 secs] [Times: user=0.02 sys=0.00, real=0.00 secs] 
2014-07-28T17:09:56.139+0000: 960.353: [GC [PSYoungGen: 75904K->512K(75264K)] 170291K->94915K(762240K), 0.0030830 secs] [Times: user=0.01 sys=0.00, real=0.00 secs] 
2014-07-28T17:09:56.665+0000: 960.879: [GC [PSYoungGen: 75224K->242K(74176K)] 169627K->94685K(761152K), 0.0061670 secs] [Times: user=0.03 sys=0.00, real=0.00 secs] 
2014-07-28T17:09:57.185+0000: 961.399: [GC [PSYoungGen: 74162K->384K(73536K)] 168605K->94867K(760512K), 0.0043780 secs] [Times: user=0.02 sys=0.00, real=0.00 secs] 
2014-07-28T17:09:57.701+0000: 961.915: [GC [PSYoungGen: 73536K->448K(72832K)] 168019K->95011K(759808K), 0.0037530 secs] [Times: user=0.02 sys=0.00, real=0.00 secs] 
2014-07-28T17:09:58.212+0000: 962.426: [GC [PSYoungGen: 72832K->288K(71936K)] 167395K->94891K(758912K), 0.0057230 secs] [Times: user=0.03 sys=0.00, real=0.01 secs] 
2014-07-28T17:09:58.716+0000: 962.930: [GC [PSYoungGen: 71904K->416K(71296K)] 166507K->95099K(758272K), 0.0065710 secs] [Times: user=0.04 sys=0.00, real=0.00 secs] 
2014-07-28T17:09:59.216+0000: 963.430: [GC [PSYoungGen: 71264K->256K(70400K)] 165947K->94987K(757376K), 0.0052140 secs] [Times: user=0.03 sys=0.00, real=0.00 secs] 
2014-07-28T17:09:59.711+0000: 963.925: [GC [PSYoungGen: 70400K->256K(69696K)] 165131K->95035K(756672K), 0.0052890 secs] [Times: user=0.02 sys=0.00, real=0.01 secs] 
2014-07-28T17:10:00.204+0000: 964.417: [GC [PSYoungGen: 69694K->256K(68992K)] 164474K->95067K(755968K), 0.0047630 secs] [Times: user=0.03 sys=0.00, real=0.01 secs] 
2014-07-28T17:10:00.686+0000: 964.900: [GC [PSYoungGen: 68992K->256K(68288K)] 163803K->95115K(755264K), 0.0046810 secs] [Times: user=0.02 sys=0.00, real=0.00 secs] 
2014-07-28T17:10:01.167+0000: 965.380: [GC [PSYoungGen: 68288K->256K(67584K)] 163147K->95139K(754560K), 0.0031870 secs] [Times: user=0.02 sys=0.00, real=0.00 secs] 
2014-07-28T17:10:01.638+0000: 965.852: [GC [PSYoungGen: 67584K->224K(66944K)] 162467K->95155K(753920K), 0.0040130 secs] [Times: user=0.01 sys=0.01, real=0.00 secs] 
2014-07-28T17:10:02.109+0000: 966.323: [GC [PSYoungGen: 66912K->256K(66304K)] 161843K->95195K(753280K), 0.0029240 secs] [Times: user=0.02 sys=0.00, real=0.00 secs] 
2014-07-28T17:10:02.575+0000: 966.789: [GC [PSYoungGen: 66266K->352K(65792K)] 161206K->95371K(752768K), 0.0033770 secs] [Times: user=0.01 sys=0.00, real=0.01 secs] 
2014-07-28T17:10:03.035+0000: 967.249: [GC [PSYoungGen: 65760K->384K(65152K)] 160779K->95411K(752128K), 0.0053840 secs] [Times: user=0.03 sys=0.00, real=0.01 secs] 
2014-07-28T17:10:03.490+0000: 967.704: [GC [PSYoungGen: 65152K->320K(64448K)] 160179K->95403K(751424K), 0.0032010 secs] [Times: user=0.01 sys=0.00, real=0.00 secs] 
2014-07-28T17:10:03.942+0000: 968.155: [GC [PSYoungGen: 64448K->320K(63872K)] 159531K->95443K(750848K), 0.0024790 secs] [Times: user=0.01 sys=0.00, real=0.00 secs] 
2014-07-28T17:10:04.387+0000: 968.601: [GC [PSYoungGen: 63872K->288K(63296K)] 158995K->95475K(750272K), 0.0057760 secs] [Times: user=0.03 sys=0.00, real=0.00 secs] 
2014-07-28T17:10:04.828+0000: 969.042: [GC [PSYoungGen: 63264K->352K(62784K)] 158451K->95595K(749760K), 0.0054050 secs] [Times: user=0.03 sys=0.00, real=0.00 secs] 
2014-07-28T17:10:05.266+0000: 969.480: [GC [PSYoungGen: 62752K->288K(62144K)] 157995K->95595K(749120K), 0.0040740 secs] [Times: user=0.02 sys=0.00, real=0.01 secs] 
2014-07-28T17:10:05.704+0000: 969.918: [GC [PSYoungGen: 62090K->320K(61568K)] 157398K->95675K(748544K), 0.0042350 secs] [Times: user=0.02 sys=0.00, real=0.01 secs] 
2014-07-28T17:10:06.133+0000: 970.347: [GC [PSYoungGen: 61568K->288K(60992K)] 156923K->95683K(747968K), 0.0044090 secs] [Times: user=0.01 sys=0.01, real=0.01 secs] 
2014-07-28T17:10:06.560+0000: 970.774: [GC [PSYoungGen: 60960K->320K(60416K)] 156355K->95779K(747392K), 0.0042390 secs] [Times: user=0.02 sys=0.00, real=0.00 secs] 
2014-07-28T17:10:06.984+0000: 971.198: [GC [PSYoungGen: 60416K->192K(59776K)] 155875K->95667K(746752K), 0.0034430 secs] [Times: user=0.01 sys=0.00, real=0.01 secs] 
2014-07-28T17:10:07.406+0000: 971.620: [GC [PSYoungGen: 59776K->352K(71936K)] 155251K->95907K(758912K), 0.0057840 secs] [Times: user=0.03 sys=0.01, real=0.01 secs] 
2014-07-28T17:10:07.908+0000: 972.122: [GC [PSYoungGen: 71894K->224K(86144K)] 167450K->95811K(773120K), 0.0053890 secs] [Times: user=0.03 sys=0.00, real=0.00 secs] 
2014-07-28T17:10:08.515+0000: 972.728: [GC [PSYoungGen: 86112K->256K(85120K)] 181699K->95899K(772096K), 0.0043480 secs] [Times: user=0.02 sys=0.00, real=0.01 secs] 
2014-07-28T17:10:09.112+0000: 973.325: [GC [PSYoungGen: 85120K->416K(84288K)] 180763K->96075K(771264K), 0.0040210 secs] [Times: user=0.02 sys=0.01, real=0.00 secs] 
2014-07-28T17:10:09.704+0000: 973.918: [GC [PSYoungGen: 84256K->224K(83072K)] 179915K->95931K(770048K), 0.0079380 secs] [Times: user=0.04 sys=0.01, real=0.01 secs] 
2014-07-28T17:10:10.289+0000: 974.503: [GC [PSYoungGen: 83040K->192K(82048K)] 178747K->95931K(769024K), 0.0024700 secs] [Times: user=0.01 sys=0.00, real=0.00 secs] 
2014-07-28T17:10:10.868+0000: 975.082: [GC [PSYoungGen: 82048K->288K(81216K)] 177787K->96083K(768192K), 0.0032500 secs] [Times: user=0.00 sys=0.00, real=0.00 secs] 
2014-07-28T17:10:11.441+0000: 975.655: [GC [PSYoungGen: 81184K->256K(80192K)] 176979K->96091K(767168K), 0.0087670 secs] [Times: user=0.04 sys=0.01, real=0.01 secs] 
2014-07-28T17:10:12.002+0000: 976.216: [GC [PSYoungGen: 80192K->274K(79360K)] 176027K->96125K(766336K), 0.0040040 secs] [Times: user=0.02 sys=0.00, real=0.00 secs] 
2014-07-28T17:10:12.560+0000: 976.773: [GC [PSYoungGen: 79294K->256K(78400K)] 175146K->96131K(765376K), 0.0061700 secs] [Times: user=0.02 sys=0.00, real=0.00 secs] 
2014-07-28T17:10:13.111+0000: 977.325: [GC [PSYoungGen: 78400K->288K(77568K)] 174275K->96187K(764544K), 0.0038620 secs] [Times: user=0.02 sys=0.00, real=0.00 secs] 
2014-07-28T17:10:13.650+0000: 977.864: [GC [PSYoungGen: 77506K->434K(76864K)] 173405K->96469K(763840K), 0.0038150 secs] [Times: user=0.03 sys=0.00, real=0.00 secs] 
2014-07-28T17:10:14.186+0000: 978.400: [GC [PSYoungGen: 76808K->192K(75776K)] 172843K->96323K(762752K), 0.0039050 secs] [Times: user=0.01 sys=0.00, real=0.01 secs] 
2014-07-28T17:10:14.716+0000: 978.930: [GC [PSYoungGen: 75776K->448K(75200K)] 171907K->96659K(762176K), 0.0030930 secs] [Times: user=0.02 sys=0.00, real=0.01 secs] 
2014-07-28T17:10:15.246+0000: 979.459: [GC [PSYoungGen: 75200K->384K(74304K)] 171411K->96675K(761280K), 0.0035410 secs] [Times: user=0.02 sys=0.00, real=0.01 secs] 
2014-07-28T17:10:15.761+0000: 979.975: [GC [PSYoungGen: 74285K->448K(73600K)] 170576K->96835K(760576K), 0.0024860 secs] [Times: user=0.02 sys=0.00, real=0.00 secs] 
2014-07-28T17:10:16.276+0000: 980.490: [GC [PSYoungGen: 73554K->320K(72704K)] 169942K->96747K(759680K), 0.0036470 secs] [Times: user=0.02 sys=0.00, real=0.01 secs] 
2014-07-28T17:10:16.784+0000: 980.998: [GC [PSYoungGen: 72702K->288K(71936K)] 169130K->96779K(758912K), 0.0040930 secs] [Times: user=0.02 sys=0.00, real=0.01 secs] 
2014-07-28T17:10:17.287+0000: 981.501: [GC [PSYoungGen: 71904K->352K(71232K)] 168395K->96883K(758208K), 0.0049500 secs] [Times: user=0.02 sys=0.00, real=0.01 secs] 
2014-07-28T17:10:17.786+0000: 982.000: [GC [PSYoungGen: 71200K->384K(70528K)] 167731K->96995K(757504K), 0.0028190 secs] [Times: user=0.01 sys=0.01, real=0.00 secs] 
2014-07-28T17:10:18.279+0000: 982.493: [GC [PSYoungGen: 70528K->320K(69760K)] 167139K->96995K(756736K), 0.0029500 secs] [Times: user=0.01 sys=0.00, real=0.00 secs] 
2014-07-28T17:10:18.766+0000: 982.980: [GC [PSYoungGen: 69760K->320K(69056K)] 166435K->97067K(756032K), 0.0044410 secs] [Times: user=0.03 sys=0.00, real=0.01 secs] 
2014-07-28T17:10:19.249+0000: 983.463: [GC [PSYoungGen: 69056K->448K(68480K)] 165803K->97219K(755456K), 0.0037710 secs] [Times: user=0.03 sys=0.00, real=0.00 secs] 
2014-07-28T17:10:19.726+0000: 983.940: [GC [PSYoungGen: 68480K->434K(67776K)] 165251K->97301K(754752K), 0.0043550 secs] [Times: user=0.02 sys=0.00, real=0.01 secs] 
2014-07-28T17:10:20.205+0000: 984.419: [GC [PSYoungGen: 67723K->306K(67008K)] 164591K->97285K(753984K), 0.0028370 secs] [Times: user=0.02 sys=0.00, real=0.00 secs] 
2014-07-28T17:10:20.672+0000: 984.886: [GC [PSYoungGen: 66994K->352K(66432K)] 163973K->97411K(753408K), 0.0051090 secs] [Times: user=0.03 sys=0.00, real=0.00 secs] 
2014-07-28T17:10:21.139+0000: 985.353: [GC [PSYoungGen: 66400K->384K(65792K)] 163459K->97475K(752768K), 0.0040450 secs] [Times: user=0.02 sys=0.00, real=0.00 secs] 
2014-07-28T17:10:21.598+0000: 985.812: [GC [PSYoungGen: 65792K->320K(65088K)] 162883K->97475K(752064K), 0.0029540 secs] [Times: user=0.02 sys=0.01, real=0.01 secs] 
2014-07-28T17:10:22.057+0000: 986.271: [GC [PSYoungGen: 65082K->320K(64448K)] 162238K->97483K(751424K), 0.0048200 secs] [Times: user=0.02 sys=0.01, real=0.01 secs] 
2014-07-28T17:10:22.503+0000: 986.717: [GC [PSYoungGen: 64448K->448K(64000K)] 161611K->97723K(750976K), 0.0032360 secs] [Times: user=0.02 sys=0.00, real=0.00 secs] 
2014-07-28T17:10:22.948+0000: 987.161: [GC [PSYoungGen: 64000K->320K(63296K)] 161275K->97683K(750272K), 0.0034680 secs] [Times: user=0.02 sys=0.00, real=0.01 secs] 
2014-07-28T17:10:23.392+0000: 987.606: [GC [PSYoungGen: 63296K->384K(62784K)] 160659K->97819K(749760K), 0.0049270 secs] [Times: user=0.02 sys=0.00, real=0.00 secs] 
2014-07-28T17:10:23.834+0000: 988.048: [GC [PSYoungGen: 62784K->288K(62144K)] 160219K->97763K(749120K), 0.0024690 secs] [Times: user=0.02 sys=0.00, real=0.00 secs] 
2014-07-28T17:10:24.265+0000: 988.479: [GC [PSYoungGen: 62112K->256K(61504K)] 159587K->97787K(748480K), 0.0041280 secs] [Times: user=0.02 sys=0.00, real=0.00 secs] 
2014-07-28T17:10:24.696+0000: 988.910: [GC [PSYoungGen: 61504K->224K(60928K)] 159035K->97803K(747904K), 0.0066000 secs] [Times: user=0.04 sys=0.00, real=0.01 secs] 
2014-07-28T17:10:25.122+0000: 989.336: [GC [PSYoungGen: 60896K->352K(60480K)] 158475K->97995K(747456K), 0.0024500 secs] [Times: user=0.01 sys=0.01, real=0.00 secs] 
2014-07-28T17:10:25.544+0000: 989.758: [GC [PSYoungGen: 60448K->224K(59840K)] 158091K->97915K(746816K), 0.0038770 secs] [Times: user=0.02 sys=0.00, real=0.00 secs] 
2014-07-28T17:10:25.963+0000: 990.177: [GC [PSYoungGen: 59763K->256K(59328K)] 157455K->97963K(746304K), 0.0024340 secs] [Times: user=0.01 sys=0.00, real=0.00 secs] 
2014-07-28T17:10:26.377+0000: 990.591: [GC [PSYoungGen: 59328K->416K(59008K)] 157035K->98227K(745984K), 0.0021640 secs] [Times: user=0.01 sys=0.01, real=0.00 secs] 
2014-07-28T17:10:26.789+0000: 991.003: [GC [PSYoungGen: 58976K->192K(58240K)] 156787K->98027K(745216K), 0.0030070 secs] [Times: user=0.01 sys=0.00, real=0.01 secs] 
2014-07-28T17:10:27.198+0000: 991.411: [GC [PSYoungGen: 58240K->352K(57920K)] 156075K->98243K(744896K), 0.0029260 secs] [Times: user=0.02 sys=0.00, real=0.01 secs] 
2014-07-28T17:10:27.600+0000: 991.813: [GC [PSYoungGen: 57888K->416K(57472K)] 155779K->98395K(744448K), 0.0026540 secs] [Times: user=0.01 sys=0.00, real=0.01 secs] 
2014-07-28T17:10:28.001+0000: 992.214: [GC [PSYoungGen: 57440K->224K(56768K)] 155419K->98211K(743744K), 0.0039380 secs] [Times: user=0.02 sys=0.00, real=0.00 secs] 
2014-07-28T17:10:28.399+0000: 992.613: [GC [PSYoungGen: 56736K->352K(56448K)] 154723K->98411K(743424K), 0.0045220 secs] [Times: user=0.02 sys=0.00, real=0.01 secs] 
2014-07-28T17:10:28.798+0000: 993.012: [GC [PSYoungGen: 56416K->256K(55872K)] 154475K->98339K(742848K), 0.0037910 secs] [Times: user=0.02 sys=0.00, real=0.01 secs] 
2014-07-28T17:10:29.188+0000: 993.402: [GC [PSYoungGen: 55872K->192K(55360K)] 153955K->98315K(742336K), 0.0053520 secs] [Times: user=0.02 sys=0.00, real=0.01 secs] 
2014-07-28T17:10:29.593+0000: 993.806: [GC [PSYoungGen: 55360K->320K(55040K)] 153483K->98499K(742016K), 0.0038840 secs] [Times: user=0.02 sys=0.00, real=0.00 secs] 
2014-07-28T17:10:29.963+0000: 994.177: [GC [PSYoungGen: 55033K->224K(54528K)] 153213K->98427K(741504K), 0.0030380 secs] [Times: user=0.01 sys=0.00, real=0.00 secs] 
2014-07-28T17:10:30.345+0000: 994.559: [GC [PSYoungGen: 54496K->224K(65408K)] 152699K->98475K(752384K), 0.0061570 secs] [Times: user=0.03 sys=0.00, real=0.01 secs] 
2014-07-28T17:10:30.804+0000: 995.018: [GC [PSYoungGen: 65376K->384K(64896K)] 163627K->98675K(751872K), 0.0035110 secs] [Times: user=0.02 sys=0.00, real=0.00 secs] 
2014-07-28T17:10:31.258+0000: 995.471: [GC [PSYoungGen: 64896K->224K(77696K)] 163187K->98571K(764672K), 0.0048650 secs] [Times: user=0.02 sys=0.00, real=0.01 secs] 
2014-07-28T17:10:31.802+0000: 996.016: [GC [PSYoungGen: 77664K->448K(77056K)] 176011K->98859K(764032K), 0.0029760 secs] [Times: user=0.02 sys=0.00, real=0.00 secs] 
2014-07-28T17:10:32.344+0000: 996.558: [GC [PSYoungGen: 77056K->320K(76096K)] 175467K->98795K(763072K), 0.0045200 secs] [Times: user=0.02 sys=0.00, real=0.00 secs] 
2014-07-28T17:10:32.880+0000: 997.094: [GC [PSYoungGen: 76096K->256K(75200K)] 174571K->98795K(762176K), 0.0021930 secs] [Times: user=0.02 sys=0.00, real=0.01 secs] 
2014-07-28T17:10:33.408+0000: 997.621: [GC [PSYoungGen: 75200K->192K(74304K)] 173739K->98763K(761280K), 0.0060950 secs] [Times: user=0.03 sys=0.00, real=0.01 secs] 
2014-07-28T17:10:33.928+0000: 998.141: [GC [PSYoungGen: 74304K->320K(73664K)] 172875K->98923K(760640K), 0.0034470 secs] [Times: user=0.02 sys=0.00, real=0.01 secs] 
2014-07-28T17:10:34.444+0000: 998.658: [GC [PSYoungGen: 73660K->352K(72960K)] 172264K->99035K(759936K), 0.0026700 secs] [Times: user=0.01 sys=0.00, real=0.00 secs] 
2014-07-28T17:10:34.959+0000: 999.173: [GC [PSYoungGen: 72928K->352K(72192K)] 171611K->99091K(759168K), 0.0040090 secs] [Times: user=0.02 sys=0.00, real=0.01 secs] 
2014-07-28T17:10:35.464+0000: 999.678: [GC [PSYoungGen: 72132K->224K(71296K)] 170872K->99011K(758272K), 0.0043860 secs] [Times: user=0.03 sys=0.00, real=0.00 secs] 
2014-07-28T17:10:35.964+0000: 1000.178: [GC [PSYoungGen: 71243K->370K(70720K)] 170031K->99181K(757696K), 0.0047050 secs] [Times: user=0.01 sys=0.01, real=0.00 secs] 
2014-07-28T17:10:36.460+0000: 1000.673: [GC [PSYoungGen: 70706K->256K(69888K)] 169517K->99131K(756864K), 0.0031430 secs] [Times: user=0.01 sys=0.00, real=0.01 secs] 
2014-07-28T17:10:36.949+0000: 1001.163: [GC [PSYoungGen: 69888K->320K(69248K)] 168763K->99243K(756224K), 0.0025350 secs] [Times: user=0.01 sys=0.00, real=0.01 secs] 
2014-07-28T17:10:37.435+0000: 1001.648: [GC [PSYoungGen: 69248K->320K(68544K)] 168171K->99323K(755520K), 0.0021910 secs] [Times: user=0.01 sys=0.00, real=0.00 secs] 
2014-07-28T17:10:37.915+0000: 1002.129: [GC [PSYoungGen: 68544K->320K(67840K)] 167547K->99379K(754816K), 0.0033010 secs] [Times: user=0.02 sys=0.00, real=0.00 secs] 
2014-07-28T17:10:38.391+0000: 1002.605: [GC [PSYoungGen: 67840K->320K(67200K)] 166899K->99427K(754176K), 0.0032130 secs] [Times: user=0.01 sys=0.00, real=0.01 secs] 
2014-07-28T17:10:38.859+0000: 1003.072: [GC [PSYoungGen: 67200K->352K(66624K)] 166307K->99499K(753600K), 0.0030550 secs] [Times: user=0.01 sys=0.01, real=0.00 secs] 
2014-07-28T17:10:39.326+0000: 1003.540: [GC [PSYoungGen: 66592K->192K(65792K)] 165739K->99379K(752768K), 0.0044960 secs] [Times: user=0.02 sys=0.00, real=0.00 secs] 
2014-07-28T17:10:39.788+0000: 1004.002: [GC [PSYoungGen: 65792K->288K(65280K)] 164979K->99547K(752256K), 0.0028400 secs] [Times: user=0.01 sys=0.00, real=0.00 secs] 
2014-07-28T17:10:40.247+0000: 1004.460: [GC [PSYoungGen: 65248K->384K(64704K)] 164507K->99683K(751680K), 0.0026830 secs] [Times: user=0.01 sys=0.00, real=0.00 secs] 
2014-07-28T17:10:40.701+0000: 1004.914: [GC [PSYoungGen: 64704K->320K(64000K)] 164003K->99699K(750976K), 0.0021200 secs] [Times: user=0.01 sys=0.00, real=0.01 secs] 
2014-07-28T17:10:41.147+0000: 1005.360: [GC [PSYoungGen: 64000K->256K(63360K)] 163379K->99683K(750336K), 0.0020540 secs] [Times: user=0.01 sys=0.00, real=0.00 secs] 
2014-07-28T17:10:41.587+0000: 1005.801: [GC [PSYoungGen: 63360K->288K(62848K)] 162787K->99787K(749824K), 0.0034590 secs] [Times: user=0.02 sys=0.00, real=0.00 secs] 
2014-07-28T17:10:42.023+0000: 1006.237: [GC [PSYoungGen: 62816K->384K(62336K)] 162315K->99915K(749312K), 0.0041570 secs] [Times: user=0.03 sys=0.00, real=0.00 secs] 
2014-07-28T17:10:42.462+0000: 1006.676: [GC [PSYoungGen: 62336K->288K(61696K)] 161867K->99867K(748672K), 0.0047790 secs] [Times: user=0.03 sys=0.00, real=0.00 secs] 
2014-07-28T17:10:42.891+0000: 1007.104: [GC [PSYoungGen: 61664K->352K(61184K)] 161243K->99955K(748160K), 0.0036120 secs] [Times: user=0.02 sys=0.00, real=0.01 secs] 
2014-07-28T17:10:43.318+0000: 1007.531: [GC [PSYoungGen: 61152K->320K(60544K)] 160755K->99971K(747520K), 0.0037550 secs] [Times: user=0.01 sys=0.01, real=0.00 secs] 
2014-07-28T17:10:43.750+0000: 1007.963: [GC [PSYoungGen: 60544K->256K(59968K)] 160195K->100019K(746944K), 0.0024790 secs] [Times: user=0.01 sys=0.01, real=0.00 secs] 
2014-07-28T17:10:44.162+0000: 1008.376: [GC [PSYoungGen: 59968K->338K(59584K)] 159731K->100133K(746560K), 0.0044040 secs] [Times: user=0.03 sys=0.00, real=0.01 secs] 
2014-07-28T17:10:44.575+0000: 1008.789: [GC [PSYoungGen: 59538K->320K(59008K)] 159333K->100301K(745984K), 0.0030470 secs] [Times: user=0.02 sys=0.00, real=0.00 secs] 
2014-07-28T17:10:44.989+0000: 1009.203: [GC [PSYoungGen: 59008K->448K(58624K)] 158989K->100477K(745600K), 0.0026310 secs] [Times: user=0.01 sys=0.00, real=0.00 secs] 
2014-07-28T17:10:45.398+0000: 1009.612: [GC [PSYoungGen: 58624K->320K(57984K)] 158653K->100445K(744960K), 0.0025710 secs] [Times: user=0.01 sys=0.00, real=0.00 secs] 
2014-07-28T17:10:45.807+0000: 1010.020: [GC [PSYoungGen: 57984K->320K(57472K)] 158109K->100477K(744448K), 0.0054030 secs] [Times: user=0.03 sys=0.00, real=0.00 secs] 
2014-07-28T17:10:46.207+0000: 1010.420: [GC [PSYoungGen: 57472K->224K(56896K)] 157629K->100429K(743872K), 0.0048900 secs] [Times: user=0.02 sys=0.00, real=0.00 secs] 
2014-07-28T17:10:46.604+0000: 1010.818: [GC [PSYoungGen: 56844K->320K(56512K)] 157050K->100581K(743488K), 0.0032440 secs] [Times: user=0.02 sys=0.01, real=0.00 secs] 
2014-07-28T17:10:46.999+0000: 1011.213: [GC [PSYoungGen: 56494K->192K(67648K)] 156755K->100461K(754624K), 0.0057690 secs] [Times: user=0.03 sys=0.00, real=0.01 secs] 
2014-07-28T17:10:47.468+0000: 1011.682: [GC [PSYoungGen: 67648K->320K(67136K)] 167917K->100661K(754112K), 0.0042900 secs] [Times: user=0.02 sys=0.01, real=0.00 secs] 
2014-07-28T17:10:47.939+0000: 1012.153: [GC [PSYoungGen: 67136K->288K(66496K)] 167477K->100685K(753472K), 0.0040970 secs] [Times: user=0.03 sys=0.01, real=0.01 secs] 
2014-07-28T17:10:48.407+0000: 1012.621: [GC [PSYoungGen: 66433K->256K(77184K)] 166831K->100693K(764160K), 0.0059240 secs] [Times: user=0.03 sys=0.01, real=0.00 secs] 
2014-07-28T17:10:48.955+0000: 1013.169: [GC [PSYoungGen: 76928K->338K(76224K)] 177365K->100815K(763200K), 0.0031870 secs] [Times: user=0.01 sys=0.00, real=0.00 secs] 
2014-07-28T17:10:49.496+0000: 1013.710: [GC [PSYoungGen: 76178K->288K(79808K)] 176655K->100781K(766784K), 0.0123660 secs] [Times: user=0.07 sys=0.01, real=0.01 secs] 
2014-07-28T17:10:50.058+0000: 1014.272: [GC [PSYoungGen: 79584K->352K(91520K)] 180077K->100869K(778496K), 0.0043750 secs] [Times: user=0.02 sys=0.01, real=0.00 secs] 
2014-07-28T17:10:50.699+0000: 1014.913: [GC [PSYoungGen: 91360K->352K(91520K)] 191877K->100925K(778496K), 0.0048030 secs] [Times: user=0.03 sys=0.00, real=0.01 secs] 
2014-07-28T17:10:51.343+0000: 1015.557: [GC [PSYoungGen: 91360K->320K(90176K)] 191933K->100909K(777152K), 0.0045100 secs] [Times: user=0.02 sys=0.00, real=0.01 secs] 
2014-07-28T17:10:51.980+0000: 1016.194: [GC [PSYoungGen: 90158K->352K(89088K)] 190748K->100989K(776064K), 0.0063600 secs] [Times: user=0.01 sys=0.00, real=0.01 secs] 
2014-07-28T17:10:52.600+0000: 1016.813: [GC [PSYoungGen: 89056K->256K(87872K)] 189693K->100957K(774848K), 0.0062970 secs] [Times: user=0.03 sys=0.00, real=0.01 secs] 
2014-07-28T17:10:53.221+0000: 1017.435: [GC [PSYoungGen: 87872K->352K(86912K)] 188573K->101085K(773888K), 0.0030890 secs] [Times: user=0.02 sys=0.01, real=0.01 secs] 
2014-07-28T17:10:53.827+0000: 1018.040: [GC [PSYoungGen: 86880K->256K(85760K)] 187613K->101037K(772736K), 0.0027400 secs] [Times: user=0.01 sys=0.00, real=0.00 secs] 
2014-07-28T17:10:54.428+0000: 1018.642: [GC [PSYoungGen: 85711K->192K(84672K)] 186493K->101021K(771648K), 0.0050270 secs] [Times: user=0.03 sys=0.00, real=0.00 secs] 
2014-07-28T17:10:55.022+0000: 1019.236: [GC [PSYoungGen: 84672K->288K(83776K)] 185501K->101181K(770752K), 0.0048030 secs] [Times: user=0.02 sys=0.00, real=0.01 secs] 
2014-07-28T17:10:55.613+0000: 1019.827: [GC [PSYoungGen: 83736K->224K(82752K)] 184629K->101173K(769728K), 0.0042430 secs] [Times: user=0.03 sys=0.00, real=0.01 secs] 
2014-07-28T17:10:56.197+0000: 1020.411: [GC [PSYoungGen: 82720K->384K(81920K)] 183669K->101365K(768896K), 0.0037010 secs] [Times: user=0.02 sys=0.01, real=0.00 secs] 
2014-07-28T17:10:56.770+0000: 1020.984: [GC [PSYoungGen: 81920K->480K(81088K)] 182901K->101501K(768064K), 0.0049840 secs] [Times: user=0.03 sys=0.01, real=0.00 secs] 
2014-07-28T17:10:57.341+0000: 1021.554: [GC [PSYoungGen: 81025K->178K(79872K)] 182047K->101303K(766848K), 0.0043160 secs] [Times: user=0.01 sys=0.00, real=0.01 secs] 
2014-07-28T17:10:57.901+0000: 1022.115: [GC [PSYoungGen: 79858K->484K(79296K)] 180983K->101683K(766272K), 0.0052910 secs] [Times: user=0.02 sys=0.01, real=0.01 secs] 
2014-07-28T17:10:58.463+0000: 1022.676: [GC [PSYoungGen: 79268K->384K(78272K)] 180467K->101803K(765248K), 0.0028120 secs] [Times: user=0.02 sys=0.00, real=0.01 secs] 
2014-07-28T17:10:59.023+0000: 1023.236: [GC [PSYoungGen: 78272K->448K(77440K)] 179691K->101899K(764416K), 0.0050260 secs] [Times: user=0.02 sys=0.01, real=0.01 secs] 
2014-07-28T17:10:59.564+0000: 1023.777: [GC [PSYoungGen: 77440K->320K(76480K)] 178891K->101843K(763456K), 0.0033010 secs] [Times: user=0.02 sys=0.00, real=0.01 secs] 
2014-07-28T17:11:00.097+0000: 1024.311: [GC [PSYoungGen: 76480K->352K(75712K)] 178003K->101891K(762688K), 0.0052230 secs] [Times: user=0.03 sys=0.00, real=0.00 secs] 
2014-07-28T17:11:00.631+0000: 1024.844: [GC [PSYoungGen: 75680K->224K(74752K)] 177219K->101787K(761728K), 0.0080460 secs] [Times: user=0.04 sys=0.00, real=0.01 secs] 
2014-07-28T17:11:01.154+0000: 1025.368: [GC [PSYoungGen: 74720K->288K(73984K)] 176283K->101867K(760960K), 0.0061770 secs] [Times: user=0.03 sys=0.01, real=0.01 secs] 
2014-07-28T17:11:01.671+0000: 1025.885: [GC [PSYoungGen: 73952K->224K(73152K)] 175531K->101851K(760128K), 0.0032540 secs] [Times: user=0.02 sys=0.00, real=0.00 secs] 
2014-07-28T17:11:02.187+0000: 1026.400: [GC [PSYoungGen: 73120K->224K(72384K)] 174747K->101883K(759360K), 0.0044820 secs] [Times: user=0.02 sys=0.00, real=0.00 secs] 
2014-07-28T17:11:02.688+0000: 1026.902: [GC [PSYoungGen: 72352K->320K(71680K)] 174011K->102027K(758656K), 0.0027240 secs] [Times: user=0.02 sys=0.00, real=0.00 secs] 
2014-07-28T17:11:03.191+0000: 1027.405: [GC [PSYoungGen: 71680K->352K(70976K)] 173387K->102107K(757952K), 0.0032250 secs] [Times: user=0.02 sys=0.00, real=0.00 secs] 
2014-07-28T17:11:03.688+0000: 1027.901: [GC [PSYoungGen: 70944K->384K(70272K)] 172699K->102219K(757248K), 0.0052060 secs] [Times: user=0.03 sys=0.00, real=0.00 secs] 
2014-07-28T17:11:04.185+0000: 1028.399: [GC [PSYoungGen: 70253K->288K(69504K)] 172089K->102171K(756480K), 0.0027940 secs] [Times: user=0.02 sys=0.00, real=0.01 secs] 
2014-07-28T17:11:04.682+0000: 1028.896: [GC [PSYoungGen: 69472K->288K(68800K)] 171355K->102195K(755776K), 0.0061270 secs] [Times: user=0.02 sys=0.00, real=0.01 secs] 
2014-07-28T17:11:05.183+0000: 1029.397: [GC [PSYoungGen: 68768K->480K(68288K)] 170675K->102451K(755264K), 0.0026600 secs] [Times: user=0.01 sys=0.01, real=0.01 secs] 
2014-07-28T17:11:05.679+0000: 1029.893: [GC [PSYoungGen: 68256K->370K(67456K)] 170227K->102389K(754432K), 0.0067100 secs] [Times: user=0.04 sys=0.00, real=0.00 secs] 
2014-07-28T17:11:06.189+0000: 1030.402: [GC [PSYoungGen: 67442K->466K(66944K)] 169461K->102509K(753920K), 0.0050210 secs] [Times: user=0.03 sys=0.00, real=0.00 secs] 
2014-07-28T17:11:06.677+0000: 1030.890: [GC [PSYoungGen: 66898K->288K(66112K)] 168941K->102355K(753088K), 0.0033200 secs] [Times: user=0.02 sys=0.00, real=0.00 secs] 
2014-07-28T17:11:07.152+0000: 1031.366: [GC [PSYoungGen: 66072K->384K(65536K)] 168140K->102499K(752512K), 0.0066770 secs] [Times: user=0.04 sys=0.00, real=0.01 secs] 
2014-07-28T17:11:07.608+0000: 1031.821: [GC [PSYoungGen: 65536K->384K(64896K)] 167651K->102587K(751872K), 0.0035320 secs] [Times: user=0.03 sys=0.00, real=0.00 secs] 
2014-07-28T17:11:08.057+0000: 1032.271: [GC [PSYoungGen: 64872K->274K(64192K)] 167075K->102493K(751168K), 0.0031290 secs] [Times: user=0.02 sys=0.00, real=0.00 secs] 
2014-07-28T17:11:08.510+0000: 1032.723: [GC [PSYoungGen: 64146K->288K(63616K)] 166365K->102563K(750592K), 0.0049850 secs] [Times: user=0.03 sys=0.00, real=0.00 secs] 
2014-07-28T17:11:08.950+0000: 1033.164: [GC [PSYoungGen: 63584K->224K(62976K)] 165859K->102531K(749952K), 0.0043090 secs] [Times: user=0.03 sys=0.00, real=0.00 secs] 
2014-07-28T17:11:09.390+0000: 1033.604: [GC [PSYoungGen: 62904K->224K(62400K)] 165212K->102579K(749376K), 0.0024510 secs] [Times: user=0.02 sys=0.00, real=0.00 secs] 
2014-07-28T17:11:09.828+0000: 1034.042: [GC [PSYoungGen: 62368K->224K(74880K)] 164723K->102619K(761856K), 0.0069010 secs] [Times: user=0.04 sys=0.00, real=0.00 secs] 
2014-07-28T17:11:10.353+0000: 1034.566: [GC [PSYoungGen: 74848K->498K(74304K)] 177243K->102989K(761280K), 0.0048400 secs] [Times: user=0.04 sys=0.00, real=0.01 secs] 
2014-07-28T17:11:10.873+0000: 1035.087: [GC [PSYoungGen: 74290K->256K(73280K)] 176781K->102779K(760256K), 0.0045620 secs] [Times: user=0.02 sys=0.01, real=0.01 secs] 
2014-07-28T17:11:11.390+0000: 1035.603: [GC [PSYoungGen: 73277K->352K(72640K)] 175801K->102955K(759616K), 0.0032290 secs] [Times: user=0.02 sys=0.00, real=0.00 secs] 
2014-07-28T17:11:11.894+0000: 1036.108: [GC [PSYoungGen: 72608K->320K(71808K)] 175211K->102979K(758784K), 0.0035900 secs] [Times: user=0.02 sys=0.00, real=0.01 secs] 
2014-07-28T17:11:12.430+0000: 1036.644: [GC [PSYoungGen: 71808K->416K(71168K)] 174467K->103099K(758144K), 0.0057650 secs] [Times: user=0.02 sys=0.00, real=0.00 secs] 
2014-07-28T17:11:12.948+0000: 1037.162: [GC [PSYoungGen: 71136K->434K(70464K)] 173819K->103165K(757440K), 0.0031140 secs] [Times: user=0.01 sys=0.00, real=0.00 secs] 
2014-07-28T17:11:13.468+0000: 1037.682: [GC [PSYoungGen: 70450K->320K(69632K)] 173181K->103107K(756608K), 0.0033620 secs] [Times: user=0.02 sys=0.00, real=0.00 secs] 
2014-07-28T17:11:13.975+0000: 1038.189: [GC [PSYoungGen: 69611K->288K(68928K)] 172399K->103107K(755904K), 0.0048070 secs] [Times: user=0.03 sys=0.00, real=0.01 secs] 
2014-07-28T17:11:14.475+0000: 1038.689: [GC [PSYoungGen: 68872K->256K(68160K)] 171692K->103107K(755136K), 0.0030230 secs] [Times: user=0.01 sys=0.00, real=0.01 secs] 
2014-07-28T17:11:14.970+0000: 1039.183: [GC [PSYoungGen: 68160K->320K(67520K)] 171011K->103203K(754496K), 0.0043030 secs] [Times: user=0.02 sys=0.01, real=0.00 secs] 
2014-07-28T17:11:15.441+0000: 1039.654: [GC [PSYoungGen: 67520K->288K(66880K)] 170403K->103243K(753856K), 0.0062450 secs] [Times: user=0.04 sys=0.00, real=0.00 secs] 
2014-07-28T17:11:15.909+0000: 1040.123: [GC [PSYoungGen: 66848K->224K(66176K)] 169803K->103211K(753152K), 0.0040030 secs] [Times: user=0.03 sys=0.00, real=0.00 secs] 
2014-07-28T17:11:16.372+0000: 1040.586: [GC [PSYoungGen: 66129K->384K(65664K)] 169117K->103467K(752640K), 0.0028760 secs] [Times: user=0.02 sys=0.00, real=0.00 secs] 
2014-07-28T17:11:16.830+0000: 1041.044: [GC [PSYoungGen: 65664K->384K(65024K)] 168747K->103547K(752000K), 0.0035350 secs] [Times: user=0.02 sys=0.01, real=0.00 secs] 
2014-07-28T17:11:17.285+0000: 1041.499: [GC [PSYoungGen: 65024K->320K(64320K)] 168187K->103547K(751296K), 0.0063580 secs] [Times: user=0.04 sys=0.01, real=0.01 secs] 
2014-07-28T17:11:17.735+0000: 1041.949: [GC [PSYoungGen: 64305K->384K(63808K)] 167533K->103691K(750784K), 0.0043390 secs] [Times: user=0.03 sys=0.00, real=0.01 secs] 
2014-07-28T17:11:18.181+0000: 1042.395: [GC [PSYoungGen: 63808K->320K(63168K)] 167115K->103667K(750144K), 0.0043390 secs] [Times: user=0.02 sys=0.00, real=0.00 secs] 
2014-07-28T17:11:18.623+0000: 1042.837: [GC [PSYoungGen: 63168K->224K(62528K)] 166515K->103627K(749504K), 0.0022640 secs] [Times: user=0.01 sys=0.00, real=0.00 secs] 
2014-07-28T17:11:19.059+0000: 1043.273: [GC [PSYoungGen: 62496K->160K(61888K)] 165899K->103563K(748864K), 0.0044430 secs] [Times: user=0.01 sys=0.00, real=0.00 secs] 
2014-07-28T17:11:19.495+0000: 1043.708: [GC [PSYoungGen: 61856K->288K(61440K)] 165259K->103763K(748416K), 0.0049150 secs] [Times: user=0.03 sys=0.01, real=0.01 secs] 
2014-07-28T17:11:19.925+0000: 1044.138: [GC [PSYoungGen: 61408K->224K(73600K)] 164883K->103739K(760576K), 0.0056680 secs] [Times: user=0.03 sys=0.01, real=0.01 secs] 
2014-07-28T17:11:20.467+0000: 1044.681: [GC [PSYoungGen: 73568K->480K(88576K)] 177083K->104051K(775552K), 0.0067540 secs] [Times: user=0.04 sys=0.01, real=0.02 secs] 
2014-07-28T17:11:21.105+0000: 1045.319: [GC [PSYoungGen: 88544K->288K(97792K)] 192115K->103875K(784768K), 0.0055070 secs] [Times: user=0.04 sys=0.00, real=0.01 secs] 
2014-07-28T17:11:21.819+0000: 1046.033: [GC [PSYoungGen: 97760K->384K(98048K)] 201347K->104019K(785024K), 0.0079680 secs] [Times: user=0.04 sys=0.01, real=0.00 secs] 
2014-07-28T17:11:22.525+0000: 1046.739: [GC [PSYoungGen: 97856K->576K(117504K)] 201491K->104283K(804480K), 0.0077900 secs] [Times: user=0.04 sys=0.00, real=0.01 secs] 
2014-07-28T17:11:23.335+0000: 1047.549: [GC [PSYoungGen: 117468K->448K(115584K)] 221176K->104259K(802560K), 0.0036550 secs] [Times: user=0.02 sys=0.00, real=0.00 secs] 
2014-07-28T17:11:24.149+0000: 1048.363: [GC [PSYoungGen: 115584K->224K(113664K)] 219395K->104075K(800640K), 0.0080500 secs] [Times: user=0.05 sys=0.01, real=0.00 secs] 
2014-07-28T17:11:24.953+0000: 1049.167: [GC [PSYoungGen: 113632K->288K(112000K)] 217483K->104195K(798976K), 0.0030020 secs] [Times: user=0.01 sys=0.00, real=0.00 secs] 
2014-07-28T17:11:25.741+0000: 1049.955: [GC [PSYoungGen: 111968K->384K(110400K)] 215875K->104355K(797376K), 0.0043570 secs] [Times: user=0.02 sys=0.00, real=0.00 secs] 
2014-07-28T17:11:26.515+0000: 1050.729: [GC [PSYoungGen: 110400K->288K(108736K)] 214371K->104291K(795712K), 0.0137070 secs] [Times: user=0.08 sys=0.01, real=0.01 secs] 
2014-07-28T17:11:27.284+0000: 1051.498: [GC [PSYoungGen: 108704K->256K(107072K)] 212707K->104291K(794048K), 0.0054440 secs] [Times: user=0.02 sys=0.01, real=0.01 secs] 
2014-07-28T17:11:28.047+0000: 1052.260: [GC [PSYoungGen: 107072K->416K(105728K)] 211107K->104507K(792704K), 0.0041080 secs] [Times: user=0.02 sys=0.01, real=0.01 secs] 
2014-07-28T17:11:28.801+0000: 1053.015: [GC [PSYoungGen: 105694K->416K(104256K)] 209786K->104547K(791232K), 0.0060710 secs] [Times: user=0.03 sys=0.00, real=0.00 secs] 
2014-07-28T17:11:29.563+0000: 1053.776: [GC [PSYoungGen: 104224K->352K(102720K)] 208355K->104499K(789696K), 0.0061770 secs] [Times: user=0.03 sys=0.00, real=0.00 secs] 
2014-07-28T17:11:30.260+0000: 1054.474: [GC [PSYoungGen: 102688K->416K(101376K)] 206835K->104643K(788352K), 0.0033890 secs] [Times: user=0.02 sys=0.01, real=0.00 secs] 
2014-07-28T17:11:30.970+0000: 1055.184: [GC [PSYoungGen: 101343K->320K(99840K)] 205571K->104611K(786816K), 0.0026250 secs] [Times: user=0.01 sys=0.01, real=0.00 secs] 
2014-07-28T17:11:31.668+0000: 1055.882: [GC [PSYoungGen: 99840K->438K(98624K)] 204131K->104857K(785600K), 0.0041910 secs] [Times: user=0.03 sys=0.00, real=0.01 secs] 
2014-07-28T17:11:32.366+0000: 1056.580: [GC [PSYoungGen: 98614K->480K(97344K)] 203033K->104907K(784320K), 0.0061030 secs] [Times: user=0.02 sys=0.00, real=0.01 secs] 
2014-07-28T17:11:33.047+0000: 1057.261: [GC [PSYoungGen: 97312K->384K(95936K)] 201739K->104891K(782912K), 0.0040560 secs] [Times: user=0.03 sys=0.00, real=0.01 secs] 
2014-07-28T17:11:33.720+0000: 1057.934: [GC [PSYoungGen: 95936K->448K(94720K)] 200443K->105051K(781696K), 0.0033880 secs] [Times: user=0.01 sys=0.00, real=0.00 secs] 
2014-07-28T17:11:34.399+0000: 1058.613: [GC [PSYoungGen: 94720K->320K(93376K)] 199323K->104947K(780352K), 0.0053150 secs] [Times: user=0.03 sys=0.01, real=0.01 secs] 
2014-07-28T17:11:35.040+0000: 1059.254: [GC [PSYoungGen: 93364K->288K(92160K)] 197991K->104979K(779136K), 0.0041680 secs] [Times: user=0.02 sys=0.00, real=0.00 secs] 
2014-07-28T17:11:35.685+0000: 1059.899: [GC [PSYoungGen: 92128K->224K(90944K)] 196819K->104955K(777920K), 0.0029370 secs] [Times: user=0.01 sys=0.00, real=0.00 secs] 
2014-07-28T17:11:36.321+0000: 1060.534: [GC [PSYoungGen: 90912K->288K(89856K)] 195643K->105067K(776832K), 0.0040260 secs] [Times: user=0.01 sys=0.00, real=0.01 secs] 
2014-07-28T17:11:36.954+0000: 1061.167: [GC [PSYoungGen: 89824K->448K(88832K)] 194603K->105331K(775808K), 0.0044550 secs] [Times: user=0.02 sys=0.00, real=0.00 secs] 
2014-07-28T17:11:37.575+0000: 1061.789: [GC [PSYoungGen: 88832K->466K(87808K)] 193715K->105429K(774784K), 0.0039160 secs] [Times: user=0.02 sys=0.00, real=0.00 secs] 
2014-07-28T17:11:38.189+0000: 1062.402: [GC [PSYoungGen: 87762K->338K(86592K)] 192725K->105333K(773568K), 0.0087010 secs] [Times: user=0.06 sys=0.00, real=0.01 secs] 
2014-07-28T17:11:38.797+0000: 1063.010: [GC [PSYoungGen: 86506K->352K(85568K)] 191502K->105403K(772544K), 0.0068880 secs] [Times: user=0.04 sys=0.00, real=0.01 secs] 
2014-07-28T17:11:39.395+0000: 1063.608: [GC [PSYoungGen: 85536K->384K(84544K)] 190587K->105451K(771520K), 0.0045590 secs] [Times: user=0.03 sys=0.00, real=0.00 secs] 
2014-07-28T17:11:40.007+0000: 1064.221: [GC [PSYoungGen: 84544K->544K(83712K)] 189611K->105691K(770688K), 0.0030460 secs] [Times: user=0.02 sys=0.00, real=0.00 secs] 
2014-07-28T17:11:40.578+0000: 1064.792: [GC [PSYoungGen: 83680K->256K(82432K)] 188827K->105483K(769408K), 0.0065250 secs] [Times: user=0.04 sys=0.01, real=0.01 secs] 
2014-07-28T17:11:41.156+0000: 1065.370: [GC [PSYoungGen: 82432K->320K(81536K)] 187659K->105587K(768512K), 0.0053960 secs] [Times: user=0.03 sys=0.00, real=0.01 secs] 
2014-07-28T17:11:41.727+0000: 1065.941: [GC [PSYoungGen: 81528K->416K(80704K)] 186796K->105763K(767680K), 0.0042640 secs] [Times: user=0.03 sys=0.00, real=0.01 secs] 
2014-07-28T17:11:42.295+0000: 1066.508: [GC [PSYoungGen: 80672K->352K(79744K)] 186019K->105739K(766720K), 0.0077490 secs] [Times: user=0.05 sys=0.00, real=0.01 secs] 
2014-07-28T17:11:42.855+0000: 1067.068: [GC [PSYoungGen: 79712K->384K(78848K)] 185099K->105891K(765824K), 0.0056970 secs] [Times: user=0.04 sys=0.00, real=0.00 secs] 
2014-07-28T17:11:43.402+0000: 1067.616: [GC [PSYoungGen: 78848K->384K(94592K)] 184355K->105979K(781568K), 0.0063150 secs] [Times: user=0.04 sys=0.00, real=0.00 secs] 
2014-07-28T17:11:44.063+0000: 1068.277: [GC [PSYoungGen: 94592K->320K(110592K)] 200187K->105979K(797568K), 0.0066440 secs] [Times: user=0.03 sys=0.01, real=0.00 secs] 
2014-07-28T17:11:44.838+0000: 1069.051: [GC [PSYoungGen: 110331K->352K(108800K)] 215990K->106091K(795776K), 0.0054160 secs] [Times: user=0.03 sys=0.00, real=0.01 secs] 
2014-07-28T17:11:45.607+0000: 1069.820: [GC [PSYoungGen: 108768K->256K(107072K)] 214507K->106035K(794048K), 0.0043880 secs] [Times: user=0.02 sys=0.01, real=0.00 secs] 
2014-07-28T17:11:46.359+0000: 1070.572: [GC [PSYoungGen: 107072K->288K(105600K)] 212851K->106115K(792576K), 0.0046020 secs] [Times: user=0.03 sys=0.00, real=0.01 secs] 
2014-07-28T17:11:47.099+0000: 1071.313: [GC [PSYoungGen: 105568K->416K(104256K)] 211395K->106315K(791232K), 0.0021750 secs] [Times: user=0.01 sys=0.01, real=0.00 secs] 
2014-07-28T17:11:47.833+0000: 1072.047: [GC [PSYoungGen: 104224K->448K(102784K)] 210123K->106451K(789760K), 0.0046370 secs] [Times: user=0.03 sys=0.00, real=0.00 secs] 
2014-07-28T17:11:48.555+0000: 1072.769: [GC [PSYoungGen: 102784K->320K(101248K)] 208787K->106411K(788224K), 0.0062240 secs] [Times: user=0.04 sys=0.00, real=0.00 secs] 
2014-07-28T17:11:49.264+0000: 1073.478: [GC [PSYoungGen: 101248K->224K(99776K)] 207339K->106363K(786752K), 0.0041410 secs] [Times: user=0.02 sys=0.01, real=0.00 secs] 
2014-07-28T17:11:49.965+0000: 1074.179: [GC [PSYoungGen: 99744K->320K(98496K)] 205883K->106531K(785472K), 0.0051620 secs] [Times: user=0.03 sys=0.00, real=0.00 secs] 
2014-07-28T17:11:50.656+0000: 1074.870: [GC [PSYoungGen: 98485K->256K(97088K)] 204697K->106515K(784064K), 0.0056460 secs] [Times: user=0.03 sys=0.00, real=0.00 secs] 
2014-07-28T17:11:51.336+0000: 1075.550: [GC [PSYoungGen: 97088K->356K(95936K)] 203347K->106639K(782912K), 0.0065540 secs] [Times: user=0.04 sys=0.00, real=0.00 secs] 
2014-07-28T17:11:52.008+0000: 1076.222: [GC [PSYoungGen: 95908K->352K(94656K)] 202191K->106715K(781632K), 0.0057850 secs] [Times: user=0.03 sys=0.00, real=0.01 secs] 
2014-07-28T17:11:52.671+0000: 1076.884: [GC [PSYoungGen: 94624K->434K(93504K)] 200987K->106909K(780480K), 0.0048800 secs] [Times: user=0.03 sys=0.00, real=0.01 secs] 
2014-07-28T17:11:53.333+0000: 1077.547: [GC [PSYoungGen: 93490K->352K(92224K)] 199965K->106851K(779200K), 0.0048450 secs] [Times: user=0.03 sys=0.00, real=0.01 secs] 
2014-07-28T17:11:53.980+0000: 1078.194: [GC [PSYoungGen: 92192K->224K(90944K)] 198691K->106763K(777920K), 0.0064290 secs] [Times: user=0.03 sys=0.00, real=0.01 secs] 
2014-07-28T17:11:54.618+0000: 1078.832: [GC [PSYoungGen: 90912K->416K(89984K)] 197451K->107051K(776960K), 0.0057900 secs] [Times: user=0.04 sys=0.00, real=0.01 secs] 
2014-07-28T17:11:55.245+0000: 1079.459: [GC [PSYoungGen: 89952K->224K(88640K)] 196587K->106899K(775616K), 0.0039050 secs] [Times: user=0.02 sys=0.00, real=0.00 secs] 
2014-07-28T17:11:55.870+0000: 1080.084: [GC [PSYoungGen: 88608K->512K(87808K)] 195283K->107283K(774784K), 0.0041630 secs] [Times: user=0.02 sys=0.01, real=0.01 secs] 
2014-07-28T17:11:56.484+0000: 1080.698: [GC [PSYoungGen: 87788K->384K(86592K)] 194559K->107219K(773568K), 0.0053720 secs] [Times: user=0.03 sys=0.00, real=0.00 secs] 
2014-07-28T17:11:57.093+0000: 1081.307: [GC [PSYoungGen: 86592K->416K(85632K)] 193427K->107323K(772608K), 0.0055870 secs] [Times: user=0.03 sys=0.00, real=0.01 secs] 
2014-07-28T17:11:57.689+0000: 1081.903: [GC [PSYoungGen: 85600K->384K(84544K)] 192507K->107371K(771520K), 0.0043250 secs] [Times: user=0.02 sys=0.00, real=0.00 secs] 
2014-07-28T17:11:58.285+0000: 1082.499: [GC [PSYoungGen: 84544K->320K(83456K)] 191531K->107347K(770432K), 0.0074730 secs] [Times: user=0.04 sys=0.00, real=0.00 secs] 
2014-07-28T17:11:58.873+0000: 1083.086: [GC [PSYoungGen: 83456K->402K(82624K)] 190483K->107501K(769600K), 0.0059740 secs] [Times: user=0.03 sys=0.00, real=0.01 secs] 
2014-07-28T17:11:59.449+0000: 1083.662: [GC [PSYoungGen: 82578K->352K(81600K)] 189677K->107523K(768576K), 0.0067380 secs] [Times: user=0.04 sys=0.00, real=0.01 secs] 
2014-07-28T17:12:00.023+0000: 1084.237: [GC [PSYoungGen: 81568K->384K(80640K)] 188739K->107659K(767616K), 0.0037780 secs] [Times: user=0.01 sys=0.01, real=0.01 secs] 
2014-07-28T17:12:00.586+0000: 1084.800: [GC [PSYoungGen: 80613K->416K(79808K)] 187889K->107779K(766784K), 0.0059350 secs] [Times: user=0.03 sys=0.00, real=0.00 secs] 
2014-07-28T17:12:01.145+0000: 1085.359: [GC [PSYoungGen: 79776K->256K(95488K)] 187139K->107635K(782464K), 0.0074810 secs] [Times: user=0.03 sys=0.00, real=0.00 secs] 
2014-07-28T17:12:01.816+0000: 1086.029: [GC [PSYoungGen: 95488K->338K(94336K)] 202867K->107773K(781312K), 0.0054600 secs] [Times: user=0.03 sys=0.00, real=0.00 secs] 
2014-07-28T17:12:02.481+0000: 1086.695: [GC [PSYoungGen: 94290K->384K(93120K)] 201725K->107867K(780096K), 0.0063780 secs] [Times: user=0.04 sys=0.00, real=0.01 secs] 
2014-07-28T17:12:03.133+0000: 1087.347: [GC [PSYoungGen: 93120K->402K(91968K)] 200603K->107965K(778944K), 0.0069440 secs] [Times: user=0.03 sys=0.01, real=0.01 secs] 
2014-07-28T17:12:03.778+0000: 1087.992: [GC [PSYoungGen: 91875K->384K(90752K)] 199439K->108027K(777728K), 0.0042730 secs] [Times: user=0.02 sys=0.01, real=0.00 secs] 
2014-07-28T17:12:04.414+0000: 1088.627: [GC [PSYoungGen: 90752K->416K(89664K)] 198395K->108083K(776640K), 0.0042550 secs] [Times: user=0.03 sys=0.00, real=0.01 secs] 
2014-07-28T17:12:05.041+0000: 1089.255: [GC [PSYoungGen: 89632K->384K(88512K)] 197299K->108155K(775488K), 0.0053110 secs] [Times: user=0.03 sys=0.00, real=0.01 secs] 
2014-07-28T17:12:05.662+0000: 1089.876: [GC [PSYoungGen: 88512K->288K(87360K)] 196283K->108107K(774336K), 0.0070400 secs] [Times: user=0.04 sys=0.00, real=0.01 secs] 
2014-07-28T17:12:06.278+0000: 1090.492: [GC [PSYoungGen: 87312K->434K(86400K)] 195132K->108277K(773376K), 0.0066510 secs] [Times: user=0.04 sys=0.00, real=0.00 secs] 
2014-07-28T17:12:06.881+0000: 1091.095: [GC [PSYoungGen: 86386K->384K(85312K)] 194229K->108283K(772288K), 0.0036810 secs] [Times: user=0.02 sys=0.00, real=0.00 secs] 
2014-07-28T17:12:07.481+0000: 1091.695: [GC [PSYoungGen: 85312K->352K(84288K)] 193211K->108331K(771264K), 0.0053500 secs] [Times: user=0.03 sys=0.01, real=0.01 secs] 
2014-07-28T17:12:08.072+0000: 1092.286: [GC [PSYoungGen: 84256K->448K(83328K)] 192235K->108483K(770304K), 0.0040180 secs] [Times: user=0.03 sys=0.01, real=0.01 secs] 
2014-07-28T17:12:08.654+0000: 1092.868: [GC [PSYoungGen: 83328K->320K(82240K)] 191363K->108419K(769216K), 0.0029970 secs] [Times: user=0.02 sys=0.00, real=0.01 secs] 
2014-07-28T17:12:09.232+0000: 1093.446: [GC [PSYoungGen: 82240K->306K(81280K)] 190339K->108421K(768256K), 0.0042360 secs] [Times: user=0.01 sys=0.00, real=0.01 secs] 
2014-07-28T17:12:09.798+0000: 1094.012: [GC [PSYoungGen: 81249K->160K(80192K)] 189365K->108299K(767168K), 0.0049900 secs] [Times: user=0.01 sys=0.00, real=0.00 secs] 
2014-07-28T17:12:10.363+0000: 1094.577: [GC [PSYoungGen: 80160K->384K(79488K)] 188299K->108531K(766464K), 0.0081710 secs] [Times: user=0.05 sys=0.01, real=0.01 secs] 
2014-07-28T17:12:10.918+0000: 1095.132: [GC [PSYoungGen: 79488K->320K(95296K)] 187635K->108515K(782272K), 0.0075150 secs] [Times: user=0.04 sys=0.01, real=0.00 secs] 
2014-07-28T17:12:11.586+0000: 1095.799: [GC [PSYoungGen: 95296K->288K(94080K)] 203491K->108547K(781056K), 0.0039660 secs] [Times: user=0.02 sys=0.00, real=0.01 secs] 
2014-07-28T17:12:12.251+0000: 1096.465: [GC [PSYoungGen: 94048K->256K(92800K)] 202307K->108555K(779776K), 0.0084330 secs] [Times: user=0.05 sys=0.00, real=0.01 secs] 
2014-07-28T17:12:12.907+0000: 1097.120: [GC [PSYoungGen: 92800K->224K(91584K)] 201099K->108571K(778560K), 0.0031370 secs] [Times: user=0.01 sys=0.00, real=0.00 secs] 
2014-07-28T17:12:13.547+0000: 1097.761: [GC [PSYoungGen: 91552K->288K(90496K)] 199899K->108699K(777472K), 0.0058990 secs] [Times: user=0.04 sys=0.00, real=0.00 secs] 
2014-07-28T17:12:14.185+0000: 1098.398: [GC [PSYoungGen: 90446K->288K(89344K)] 198858K->108747K(776320K), 0.0053810 secs] [Times: user=0.03 sys=0.00, real=0.01 secs] 
2014-07-28T17:12:14.810+0000: 1099.023: [GC [PSYoungGen: 89312K->192K(88128K)] 197771K->108699K(775104K), 0.0038510 secs] [Times: user=0.02 sys=0.00, real=0.00 secs] 
2014-07-28T17:12:15.428+0000: 1099.642: [GC [PSYoungGen: 88128K->274K(87168K)] 196635K->108797K(774144K), 0.0037100 secs] [Times: user=0.02 sys=0.00, real=0.00 secs] 
2014-07-28T17:12:16.038+0000: 1100.252: [GC [PSYoungGen: 87122K->352K(86144K)] 195645K->108955K(773120K), 0.0061490 secs] [Times: user=0.04 sys=0.01, real=0.00 secs] 
2014-07-28T17:12:16.643+0000: 1100.857: [GC [PSYoungGen: 86112K->384K(85120K)] 194715K->109075K(772096K), 0.0073690 secs] [Times: user=0.05 sys=0.00, real=0.01 secs] 
2014-07-28T17:12:17.238+0000: 1101.452: [GC [PSYoungGen: 85120K->320K(84032K)] 193811K->109019K(771008K), 0.0070070 secs] [Times: user=0.05 sys=0.00, real=0.00 secs] 
2014-07-28T17:12:17.828+0000: 1102.042: [GC [PSYoungGen: 84032K->352K(83072K)] 192731K->109131K(770048K), 0.0037990 secs] [Times: user=0.02 sys=0.00, real=0.00 secs] 
2014-07-28T17:12:18.412+0000: 1102.626: [GC [PSYoungGen: 83040K->384K(82112K)] 191819K->109267K(769088K), 0.0040610 secs] [Times: user=0.03 sys=0.00, real=0.00 secs] 
2014-07-28T17:12:18.989+0000: 1103.202: [GC [PSYoungGen: 82112K->384K(81152K)] 190995K->109355K(768128K), 0.0052820 secs] [Times: user=0.03 sys=0.00, real=0.00 secs] 
2014-07-28T17:12:19.558+0000: 1103.771: [GC [PSYoungGen: 81152K->420K(80256K)] 190123K->109487K(767232K), 0.0049270 secs] [Times: user=0.03 sys=0.00, real=0.00 secs] 
2014-07-28T17:12:20.120+0000: 1104.334: [GC [PSYoungGen: 80228K->448K(79360K)] 189295K->109579K(766336K), 0.0048750 secs] [Times: user=0.04 sys=0.00, real=0.00 secs] 
2014-07-28T17:12:20.676+0000: 1104.890: [GC [PSYoungGen: 79360K->288K(78336K)] 188491K->109483K(765312K), 0.0040950 secs] [Times: user=0.02 sys=0.00, real=0.01 secs] 
2014-07-28T17:12:21.228+0000: 1105.442: [GC [PSYoungGen: 78304K->288K(77440K)] 187499K->109507K(764416K), 0.0035370 secs] [Times: user=0.02 sys=0.00, real=0.00 secs] 
2014-07-28T17:12:21.772+0000: 1105.986: [GC [PSYoungGen: 77408K->320K(76608K)] 186627K->109619K(763584K), 0.0052340 secs] [Times: user=0.03 sys=0.00, real=0.01 secs] 
2014-07-28T17:12:22.312+0000: 1106.525: [GC [PSYoungGen: 76608K->448K(75904K)] 185907K->109795K(762880K), 0.0060410 secs] [Times: user=0.04 sys=0.00, real=0.00 secs] 
2014-07-28T17:12:22.842+0000: 1107.056: [GC [PSYoungGen: 75904K->256K(90816K)] 185251K->109659K(777792K), 0.0083780 secs] [Times: user=0.05 sys=0.00, real=0.01 secs] 
2014-07-28T17:12:23.483+0000: 1107.696: [GC [PSYoungGen: 90796K->466K(89920K)] 200200K->109941K(776896K), 0.0043170 secs] [Times: user=0.03 sys=0.00, real=0.00 secs] 
2014-07-28T17:12:24.112+0000: 1108.325: [GC [PSYoungGen: 89874K->224K(88576K)] 199349K->109755K(775552K), 0.0071730 secs] [Times: user=0.05 sys=0.00, real=0.01 secs] 
2014-07-28T17:12:24.731+0000: 1108.945: [GC [PSYoungGen: 88544K->352K(87616K)] 198075K->109947K(774592K), 0.0052640 secs] [Times: user=0.03 sys=0.00, real=0.00 secs] 
2014-07-28T17:12:25.342+0000: 1109.556: [GC [PSYoungGen: 87573K->448K(86592K)] 197168K->110067K(773568K), 0.0040470 secs] [Times: user=0.02 sys=0.00, real=0.00 secs] 
2014-07-28T17:12:25.949+0000: 1110.163: [GC [PSYoungGen: 86592K->288K(85440K)] 196211K->109971K(772416K), 0.0070370 secs] [Times: user=0.04 sys=0.01, real=0.00 secs] 
2014-07-28T17:12:26.551+0000: 1110.765: [GC [PSYoungGen: 85408K->320K(84416K)] 195091K->110059K(771392K), 0.0053890 secs] [Times: user=0.03 sys=0.00, real=0.00 secs] 
2014-07-28T17:12:27.141+0000: 1111.355: [GC [PSYoungGen: 84416K->352K(83456K)] 194155K->110123K(770432K), 0.0049610 secs] [Times: user=0.03 sys=0.01, real=0.00 secs] 
2014-07-28T17:12:27.726+0000: 1111.940: [GC [PSYoungGen: 83424K->224K(82368K)] 193195K->110043K(769344K), 0.0050570 secs] [Times: user=0.03 sys=0.00, real=0.01 secs] 
2014-07-28T17:12:28.304+0000: 1112.518: [GC [PSYoungGen: 82336K->288K(81472K)] 192155K->110147K(768448K), 0.0048570 secs] [Times: user=0.02 sys=0.00, real=0.01 secs] 
2014-07-28T17:12:28.877+0000: 1113.090: [GC [PSYoungGen: 81440K->352K(80576K)] 191299K->110275K(767552K), 0.0072990 secs] [Times: user=0.04 sys=0.01, real=0.01 secs] 
2014-07-28T17:12:29.441+0000: 1113.654: [GC [PSYoungGen: 80544K->352K(79680K)] 190467K->110347K(766656K), 0.0040620 secs] [Times: user=0.02 sys=0.00, real=0.00 secs] 
2014-07-28T17:12:30.001+0000: 1114.215: [GC [PSYoungGen: 79648K->448K(78848K)] 189643K->110515K(765824K), 0.0042640 secs] [Times: user=0.03 sys=0.00, real=0.00 secs] 
2014-07-28T17:12:30.550+0000: 1114.764: [GC [PSYoungGen: 78848K->416K(77952K)] 188915K->110555K(764928K), 0.0044150 secs] [Times: user=0.01 sys=0.01, real=0.00 secs] 
2014-07-28T17:12:31.099+0000: 1115.313: [GC [PSYoungGen: 77920K->320K(76992K)] 188059K->110499K(763968K), 0.0041510 secs] [Times: user=0.02 sys=0.00, real=0.00 secs] 
2014-07-28T17:12:31.639+0000: 1115.852: [GC [PSYoungGen: 76992K->416K(76288K)] 187171K->110675K(763264K), 0.0057950 secs] [Times: user=0.03 sys=0.00, real=0.01 secs] 
2014-07-28T17:12:32.172+0000: 1116.386: [GC [PSYoungGen: 76256K->384K(75392K)] 186515K->110667K(762368K), 0.0058920 secs] [Times: user=0.04 sys=0.00, real=0.00 secs] 
2014-07-28T17:12:32.702+0000: 1116.915: [GC [PSYoungGen: 75392K->320K(74496K)] 185675K->110667K(761472K), 0.0060750 secs] [Times: user=0.03 sys=0.00, real=0.00 secs] 
2014-07-28T17:12:33.223+0000: 1117.437: [GC [PSYoungGen: 74466K->384K(73792K)] 184814K->110779K(760768K), 0.0053280 secs] [Times: user=0.02 sys=0.00, real=0.00 secs] 
2014-07-28T17:12:33.739+0000: 1117.953: [GC [PSYoungGen: 73792K->448K(73088K)] 184187K->110931K(760064K), 0.0054450 secs] [Times: user=0.03 sys=0.00, real=0.00 secs] 
2014-07-28T17:12:34.251+0000: 1118.465: [GC [PSYoungGen: 73088K->352K(72256K)] 183571K->110875K(759232K), 0.0040260 secs] [Times: user=0.02 sys=0.00, real=0.00 secs] 
2014-07-28T17:12:34.755+0000: 1118.968: [GC [PSYoungGen: 72224K->320K(86592K)] 182747K->110907K(773568K), 0.0106820 secs] [Times: user=0.07 sys=0.00, real=0.01 secs] 
2014-07-28T17:12:35.360+0000: 1119.574: [GC [PSYoungGen: 86592K->288K(93696K)] 197179K->110883K(780672K), 0.0063330 secs] [Times: user=0.04 sys=0.00, real=0.00 secs] 
2014-07-28T17:12:36.021+0000: 1120.235: [GC [PSYoungGen: 93472K->448K(93696K)] 204067K->111131K(780672K), 0.0058370 secs] [Times: user=0.03 sys=0.00, real=0.00 secs] 
2014-07-28T17:12:36.675+0000: 1120.889: [GC [PSYoungGen: 93632K->448K(92416K)] 204315K->111227K(779392K), 0.0024370 secs] [Times: user=0.02 sys=0.00, real=0.00 secs] 
2014-07-28T17:12:37.326+0000: 1121.540: [GC [PSYoungGen: 92416K->192K(91008K)] 203195K->111011K(777984K), 0.0051130 secs] [Times: user=0.03 sys=0.00, real=0.01 secs] 
2014-07-28T17:12:37.971+0000: 1122.184: [GC [PSYoungGen: 91008K->548K(90240K)] 201827K->111447K(777216K), 0.0057440 secs] [Times: user=0.03 sys=0.01, real=0.00 secs] 
2014-07-28T17:12:38.596+0000: 1122.809: [GC [PSYoungGen: 90212K->256K(88768K)] 201111K->111219K(775744K), 0.0029760 secs] [Times: user=0.02 sys=0.00, real=0.00 secs] 
2014-07-28T17:12:39.221+0000: 1123.435: [GC [PSYoungGen: 88768K->352K(87808K)] 199731K->111347K(774784K), 0.0047270 secs] [Times: user=0.02 sys=0.00, real=0.00 secs] 
2014-07-28T17:12:39.835+0000: 1124.048: [GC [PSYoungGen: 87776K->484K(86848K)] 198771K->111559K(773824K), 0.0055150 secs] [Times: user=0.03 sys=0.00, real=0.01 secs] 
2014-07-28T17:12:40.445+0000: 1124.659: [GC [PSYoungGen: 86820K->320K(85632K)] 197895K->111459K(772608K), 0.0054050 secs] [Times: user=0.03 sys=0.00, real=0.01 secs] 
2014-07-28T17:12:41.046+0000: 1125.260: [GC [PSYoungGen: 85632K->480K(84800K)] 196771K->111723K(771776K), 0.0042970 secs] [Times: user=0.02 sys=0.00, real=0.01 secs] 
2014-07-28T17:12:41.639+0000: 1125.853: [GC [PSYoungGen: 84768K->352K(83648K)] 196011K->111683K(770624K), 0.0068380 secs] [Times: user=0.04 sys=0.00, real=0.01 secs] 
2014-07-28T17:12:42.225+0000: 1126.439: [GC [PSYoungGen: 83583K->466K(82816K)] 194915K->111829K(769792K), 0.0058810 secs] [Times: user=0.04 sys=0.00, real=0.00 secs] 
2014-07-28T17:12:42.806+0000: 1127.020: [GC [PSYoungGen: 82770K->320K(81664K)] 194133K->111763K(768640K), 0.0055280 secs] [Times: user=0.03 sys=0.00, real=0.01 secs] 
2014-07-28T17:12:43.381+0000: 1127.595: [GC [PSYoungGen: 81664K->352K(80768K)] 193107K->111819K(767744K), 0.0043040 secs] [Times: user=0.02 sys=0.01, real=0.00 secs] 
2014-07-28T17:12:43.948+0000: 1128.162: [GC [PSYoungGen: 80736K->256K(79744K)] 192203K->111771K(766720K), 0.0083710 secs] [Times: user=0.05 sys=0.00, real=0.01 secs] 
2014-07-28T17:12:44.510+0000: 1128.724: [GC [PSYoungGen: 79744K->352K(95808K)] 191259K->111947K(782784K), 0.0059740 secs] [Times: user=0.03 sys=0.00, real=0.01 secs] 
2014-07-28T17:12:45.185+0000: 1129.399: [GC [PSYoungGen: 95776K->416K(94592K)] 207371K->112043K(781568K), 0.0040380 secs] [Times: user=0.02 sys=0.00, real=0.00 secs] 
2014-07-28T17:12:45.847+0000: 1130.061: [GC [PSYoungGen: 94560K->448K(93376K)] 206187K->112163K(780352K), 0.0055510 secs] [Times: user=0.03 sys=0.01, real=0.01 secs] 
2014-07-28T17:12:46.502+0000: 1130.716: [GC [PSYoungGen: 93340K->320K(92032K)] 205056K->112163K(779008K), 0.0044530 secs] [Times: user=0.03 sys=0.00, real=0.00 secs] 
2014-07-28T17:12:47.150+0000: 1131.363: [GC [PSYoungGen: 91998K->338K(90944K)] 203841K->112221K(777920K), 0.0075830 secs] [Times: user=0.04 sys=0.00, real=0.01 secs] 
2014-07-28T17:12:47.784+0000: 1131.998: [GC [PSYoungGen: 90898K->384K(108416K)] 202781K->112331K(795392K), 0.0093640 secs] [Times: user=0.05 sys=0.00, real=0.01 secs] 
2014-07-28T17:12:48.550+0000: 1132.764: [GC [PSYoungGen: 108288K->434K(106816K)] 220235K->112405K(793792K), 0.0064420 secs] [Times: user=0.04 sys=0.00, real=0.01 secs] 
2014-07-28T17:12:49.299+0000: 1133.513: [GC [PSYoungGen: 106802K->192K(105024K)] 218773K->112315K(792000K), 0.0058420 secs] [Times: user=0.03 sys=0.01, real=0.01 secs] 
2014-07-28T17:12:50.037+0000: 1134.251: [GC [PSYoungGen: 105024K->306K(103680K)] 217147K->112477K(790656K), 0.0074460 secs] [Times: user=0.05 sys=0.00, real=0.01 secs] 
2014-07-28T17:12:50.762+0000: 1134.976: [GC [PSYoungGen: 103666K->562K(102464K)] 215837K->112887K(789440K), 0.0042750 secs] [Times: user=0.02 sys=0.00, real=0.01 secs] 
2014-07-28T17:12:51.481+0000: 1135.694: [GC [PSYoungGen: 102401K->384K(100864K)] 214727K->112741K(787840K), 0.0056470 secs] [Times: user=0.04 sys=0.00, real=0.01 secs] 
2014-07-28T17:12:52.189+0000: 1136.403: [GC [PSYoungGen: 100864K->352K(99456K)] 213221K->112757K(786432K), 0.0091350 secs] [Times: user=0.06 sys=0.00, real=0.01 secs] 
2014-07-28T17:12:52.889+0000: 1137.102: [GC [PSYoungGen: 99424K->480K(98240K)] 211829K->112989K(785216K), 0.0039500 secs] [Times: user=0.02 sys=0.00, real=0.01 secs] 
2014-07-28T17:12:53.577+0000: 1137.791: [GC [PSYoungGen: 98208K->320K(96768K)] 210717K->112901K(783744K), 0.0048320 secs] [Times: user=0.03 sys=0.00, real=0.00 secs] 
2014-07-28T17:12:54.257+0000: 1138.471: [GC [PSYoungGen: 96768K->384K(95552K)] 209349K->113013K(782528K), 0.0038720 secs] [Times: user=0.02 sys=0.01, real=0.00 secs] 
2014-07-28T17:12:54.925+0000: 1139.139: [GC [PSYoungGen: 95552K->384K(94272K)] 208181K->113093K(781248K), 0.0051150 secs] [Times: user=0.03 sys=0.00, real=0.00 secs] 
2014-07-28T17:12:55.591+0000: 1139.805: [GC [PSYoungGen: 94272K->416K(93120K)] 206981K->113205K(780096K), 0.0038070 secs] [Times: user=0.03 sys=0.00, real=0.01 secs] 
2014-07-28T17:12:56.243+0000: 1140.457: [GC [PSYoungGen: 93088K->498K(91968K)] 205877K->113335K(778944K), 0.0050200 secs] [Times: user=0.04 sys=0.00, real=0.01 secs] 
2014-07-28T17:12:56.891+0000: 1141.105: [GC [PSYoungGen: 91954K->384K(90688K)] 204791K->113293K(777664K), 0.0044020 secs] [Times: user=0.02 sys=0.01, real=0.01 secs] 
2014-07-28T17:12:57.528+0000: 1141.742: [GC [PSYoungGen: 90688K->384K(89536K)] 203597K->113373K(776512K), 0.0041790 secs] [Times: user=0.03 sys=0.00, real=0.00 secs] 
2014-07-28T17:12:58.157+0000: 1142.371: [GC [PSYoungGen: 89536K->416K(88512K)] 202525K->113461K(775488K), 0.0039870 secs] [Times: user=0.02 sys=0.00, real=0.00 secs] 
2014-07-28T17:12:58.778+0000: 1142.992: [GC [PSYoungGen: 88480K->320K(87296K)] 201525K->113421K(774272K), 0.0045910 secs] [Times: user=0.02 sys=0.00, real=0.00 secs] 
2014-07-28T17:12:59.388+0000: 1143.602: [GC [PSYoungGen: 87280K->448K(86336K)] 200382K->113565K(773312K), 0.0039550 secs] [Times: user=0.03 sys=0.00, real=0.00 secs] 
2014-07-28T17:12:59.991+0000: 1144.205: [GC [PSYoungGen: 86336K->384K(85248K)] 199453K->113581K(772224K), 0.0065350 secs] [Times: user=0.04 sys=0.00, real=0.01 secs] 
2014-07-28T17:13:00.592+0000: 1144.806: [GC [PSYoungGen: 85248K->320K(84160K)] 198445K->113565K(771136K), 0.0087910 secs] [Times: user=0.05 sys=0.00, real=0.01 secs] 
2014-07-28T17:13:01.178+0000: 1145.392: [GC [PSYoungGen: 84160K->416K(83264K)] 197405K->113693K(770240K), 0.0067540 secs] [Times: user=0.05 sys=0.00, real=0.01 secs] 
2014-07-28T17:13:01.761+0000: 1145.975: [GC [PSYoungGen: 83232K->288K(99712K)] 196509K->113629K(786688K), 0.0088680 secs] [Times: user=0.06 sys=0.00, real=0.01 secs] 
2014-07-28T17:13:02.465+0000: 1146.679: [GC [PSYoungGen: 99674K->434K(98496K)] 213016K->113831K(785472K), 0.0045710 secs] [Times: user=0.03 sys=0.00, real=0.00 secs] 
2014-07-28T17:13:03.153+0000: 1147.367: [GC [PSYoungGen: 98482K->256K(96960K)] 211879K->113701K(783936K), 0.0059670 secs] [Times: user=0.04 sys=0.00, real=0.01 secs] 
2014-07-28T17:13:03.835+0000: 1148.049: [GC [PSYoungGen: 96952K->416K(95872K)] 210398K->113949K(782848K), 0.0051650 secs] [Times: user=0.03 sys=0.00, real=0.00 secs] 
2014-07-28T17:13:04.505+0000: 1148.718: [GC [PSYoungGen: 95836K->384K(94528K)] 209370K->113973K(781504K), 0.0058250 secs] [Times: user=0.03 sys=0.00, real=0.00 secs] 
2014-07-28T17:13:05.171+0000: 1149.385: [GC [PSYoungGen: 94528K->370K(93312K)] 208117K->114055K(780288K), 0.0043680 secs] [Times: user=0.02 sys=0.00, real=0.01 secs] 
2014-07-28T17:13:05.821+0000: 1150.035: [GC [PSYoungGen: 93298K->416K(92160K)] 206983K->114189K(779136K), 0.0045870 secs] [Times: user=0.03 sys=0.00, real=0.01 secs] 
2014-07-28T17:13:06.469+0000: 1150.682: [GC [PSYoungGen: 92128K->384K(90944K)] 205901K->114205K(777920K), 0.0061210 secs] [Times: user=0.04 sys=0.00, real=0.01 secs] 
2014-07-28T17:13:07.112+0000: 1151.325: [GC [PSYoungGen: 90925K->352K(89792K)] 204747K->114253K(776768K), 0.0058570 secs] [Times: user=0.04 sys=0.00, real=0.01 secs] 
2014-07-28T17:13:07.741+0000: 1151.955: [GC [PSYoungGen: 89720K->388K(88768K)] 203621K->114345K(775744K), 0.0041010 secs] [Times: user=0.02 sys=0.00, real=0.01 secs] 
2014-07-28T17:13:08.364+0000: 1152.578: [GC [PSYoungGen: 88708K->352K(102464K)] 202665K->114325K(789440K), 0.0111380 secs] [Times: user=0.07 sys=0.00, real=0.02 secs] 
2014-07-28T17:13:09.081+0000: 1153.295: [GC [PSYoungGen: 102240K->288K(106432K)] 216213K->114325K(793408K), 0.0069910 secs] [Times: user=0.04 sys=0.00, real=0.01 secs] 
2014-07-28T17:13:09.825+0000: 1154.039: [GC [PSYoungGen: 106208K->384K(104768K)] 220245K->114493K(791744K), 0.0074640 secs] [Times: user=0.04 sys=0.00, real=0.00 secs] 
2014-07-28T17:13:10.559+0000: 1154.772: [GC [PSYoungGen: 104768K->256K(103168K)] 218877K->114405K(790144K), 0.0047310 secs] [Times: user=0.02 sys=0.00, real=0.00 secs] 
2014-07-28T17:13:11.284+0000: 1155.497: [GC [PSYoungGen: 103168K->256K(101760K)] 217317K->114469K(788736K), 0.0057660 secs] [Times: user=0.04 sys=0.00, real=0.01 secs] 
2014-07-28T17:13:12.000+0000: 1156.214: [GC [PSYoungGen: 101723K->448K(100544K)] 215937K->114733K(787520K), 0.0068420 secs] [Times: user=0.04 sys=0.00, real=0.01 secs] 
2014-07-28T17:13:12.706+0000: 1156.920: [GC [PSYoungGen: 100541K->480K(99264K)] 214827K->114877K(786240K), 0.0042160 secs] [Times: user=0.02 sys=0.01, real=0.00 secs] 
2014-07-28T17:13:13.401+0000: 1157.615: [GC [PSYoungGen: 99232K->256K(97664K)] 213629K->114709K(784640K), 0.0058010 secs] [Times: user=0.04 sys=0.00, real=0.01 secs] 
2014-07-28T17:13:14.087+0000: 1158.301: [GC [PSYoungGen: 97664K->288K(96448K)] 212117K->114805K(783424K), 0.0048460 secs] [Times: user=0.03 sys=0.00, real=0.00 secs] 
2014-07-28T17:13:14.766+0000: 1158.980: [GC [PSYoungGen: 96416K->288K(95168K)] 210933K->114861K(782144K), 0.0050040 secs] [Times: user=0.02 sys=0.00, real=0.00 secs] 
2014-07-28T17:13:15.437+0000: 1159.651: [GC [PSYoungGen: 95136K->256K(93888K)] 209709K->114853K(780864K), 0.0054860 secs] [Times: user=0.03 sys=0.00, real=0.00 secs] 
2014-07-28T17:13:16.095+0000: 1160.309: [GC [PSYoungGen: 93888K->480K(92928K)] 208485K->115149K(779904K), 0.0056860 secs] [Times: user=0.03 sys=0.00, real=0.01 secs] 
2014-07-28T17:13:16.748+0000: 1160.962: [GC [PSYoungGen: 92896K->384K(91584K)] 207565K->115117K(778560K), 0.0043050 secs] [Times: user=0.02 sys=0.01, real=0.00 secs] 
2014-07-28T17:13:17.392+0000: 1161.606: [GC [PSYoungGen: 91539K->320K(90368K)] 206273K->115101K(777344K), 0.0034070 secs] [Times: user=0.02 sys=0.00, real=0.00 secs] 
2014-07-28T17:13:18.027+0000: 1162.241: [GC [PSYoungGen: 90368K->512K(89408K)] 205149K->115397K(776384K), 0.0050570 secs] [Times: user=0.03 sys=0.00, real=0.00 secs] 
2014-07-28T17:13:18.652+0000: 1162.866: [GC [PSYoungGen: 89408K->370K(88192K)] 204293K->115311K(775168K), 0.0048040 secs] [Times: user=0.03 sys=0.00, real=0.01 secs] 
2014-07-28T17:13:19.271+0000: 1163.485: [GC [PSYoungGen: 88178K->288K(87040K)] 203119K->115245K(774016K), 0.0071580 secs] [Times: user=0.02 sys=0.00, real=0.01 secs] 
2014-07-28T17:13:19.880+0000: 1164.094: [GC [PSYoungGen: 87008K->416K(86080K)] 201965K->115445K(773056K), 0.0041110 secs] [Times: user=0.03 sys=0.00, real=0.00 secs] 
2014-07-28T17:13:20.483+0000: 1164.697: [GC [PSYoungGen: 86048K->402K(85056K)] 201077K->115503K(772032K), 0.0050760 secs] [Times: user=0.03 sys=0.00, real=0.01 secs] 
2014-07-28T17:13:21.077+0000: 1165.291: [GC [PSYoungGen: 84970K->320K(83904K)] 200072K->115517K(770880K), 0.0056530 secs] [Times: user=0.03 sys=0.00, real=0.00 secs] 
2014-07-28T17:13:21.665+0000: 1165.879: [GC [PSYoungGen: 83904K->224K(82880K)] 199101K->115469K(769856K), 0.0037580 secs] [Times: user=0.02 sys=0.00, real=0.01 secs] 
2014-07-28T17:13:22.246+0000: 1166.460: [GC [PSYoungGen: 82848K->384K(82048K)] 198093K->115669K(769024K), 0.0051350 secs] [Times: user=0.03 sys=0.00, real=0.01 secs] 
2014-07-28T17:13:22.819+0000: 1167.033: [GC [PSYoungGen: 82048K->352K(81088K)] 197333K->115717K(768064K), 0.0057290 secs] [Times: user=0.03 sys=0.00, real=0.00 secs] 
2014-07-28T17:13:23.389+0000: 1167.603: [GC [PSYoungGen: 81056K->434K(80192K)] 196421K->115855K(767168K), 0.0038990 secs] [Times: user=0.02 sys=0.00, real=0.00 secs] 
2014-07-28T17:13:23.952+0000: 1168.166: [GC [PSYoungGen: 80176K->480K(79360K)] 195598K->115997K(766336K), 0.0040140 secs] [Times: user=0.02 sys=0.00, real=0.00 secs] 
2014-07-28T17:13:24.507+0000: 1168.721: [GC [PSYoungGen: 79328K->256K(78208K)] 194845K->115877K(765184K), 0.0061920 secs] [Times: user=0.03 sys=0.00, real=0.00 secs] 
2014-07-28T17:13:25.055+0000: 1169.269: [GC [PSYoungGen: 78208K->434K(94016K)] 193829K->116087K(780992K), 0.0092500 secs] [Times: user=0.06 sys=0.01, real=0.01 secs] 
2014-07-28T17:13:25.712+0000: 1169.926: [GC [PSYoungGen: 94002K->448K(92800K)] 209655K->116173K(779776K), 0.0035460 secs] [Times: user=0.02 sys=0.01, real=0.00 secs] 
2014-07-28T17:13:26.361+0000: 1170.575: [GC [PSYoungGen: 92800K->416K(91584K)] 208525K->116173K(778560K), 0.0034230 secs] [Times: user=0.02 sys=0.00, real=0.00 secs] 
2014-07-28T17:13:27.003+0000: 1171.217: [GC [PSYoungGen: 91552K->320K(90304K)] 207309K->116165K(777280K), 0.0062430 secs] [Times: user=0.04 sys=0.00, real=0.01 secs] 
2014-07-28T17:13:27.641+0000: 1171.855: [GC [PSYoungGen: 90304K->384K(89216K)] 206149K->116293K(776192K), 0.0040530 secs] [Times: user=0.03 sys=0.00, real=0.00 secs] 
2014-07-28T17:13:28.267+0000: 1172.481: [GC [PSYoungGen: 89216K->224K(88000K)] 205125K->116157K(774976K), 0.0042070 secs] [Times: user=0.02 sys=0.00, real=0.01 secs] 
2014-07-28T17:13:28.883+0000: 1173.096: [GC [PSYoungGen: 87922K->320K(86976K)] 203856K->116317K(773952K), 0.0054920 secs] [Times: user=0.03 sys=0.01, real=0.01 secs] 
2014-07-28T17:13:29.494+0000: 1173.708: [GC [PSYoungGen: 86940K->384K(85952K)] 202938K->116477K(772928K), 0.0048010 secs] [Times: user=0.03 sys=0.00, real=0.01 secs] 
2014-07-28T17:13:30.097+0000: 1174.311: [GC [PSYoungGen: 85915K->320K(84864K)] 202009K->116453K(771840K), 0.0045620 secs] [Times: user=0.03 sys=0.00, real=0.01 secs] 
2014-07-28T17:13:30.696+0000: 1174.909: [GC [PSYoungGen: 84864K->288K(83840K)] 200997K->116485K(770816K), 0.0074910 secs] [Times: user=0.04 sys=0.00, real=0.01 secs] 
2014-07-28T17:13:31.288+0000: 1175.501: [GC [PSYoungGen: 83808K->224K(82816K)] 200005K->116453K(769792K), 0.0041390 secs] [Times: user=0.02 sys=0.00, real=0.01 secs] 
2014-07-28T17:13:31.880+0000: 1176.093: [GC [PSYoungGen: 82784K->370K(81984K)] 199013K->116663K(768960K), 0.0041800 secs] [Times: user=0.02 sys=0.01, real=0.00 secs] 
2014-07-28T17:13:32.446+0000: 1176.660: [GC [PSYoungGen: 81970K->480K(81152K)] 198263K->116869K(768128K), 0.0043030 secs] [Times: user=0.02 sys=0.00, real=0.01 secs] 
2014-07-28T17:13:33.015+0000: 1177.229: [GC [PSYoungGen: 81120K->320K(80000K)] 197509K->116821K(766976K), 0.0057090 secs] [Times: user=0.04 sys=0.00, real=0.01 secs] 
2014-07-28T17:13:33.577+0000: 1177.791: [GC [PSYoungGen: 80000K->416K(79232K)] 196501K->116997K(766208K), 0.0073250 secs] [Times: user=0.04 sys=0.01, real=0.01 secs] 
2014-07-28T17:13:34.133+0000: 1178.347: [GC [PSYoungGen: 79200K->288K(78208K)] 195781K->116885K(765184K), 0.0033790 secs] [Times: user=0.03 sys=0.00, real=0.00 secs] 
2014-07-28T17:13:34.681+0000: 1178.895: [GC [PSYoungGen: 78176K->288K(77312K)] 194773K->116957K(764288K), 0.0044560 secs] [Times: user=0.02 sys=0.00, real=0.00 secs] 
2014-07-28T17:13:35.223+0000: 1179.437: [GC [PSYoungGen: 77244K->416K(76608K)] 193913K->117125K(763584K), 0.0054310 secs] [Times: user=0.03 sys=0.00, real=0.00 secs] 
2014-07-28T17:13:35.759+0000: 1179.973: [GC [PSYoungGen: 76553K->192K(75520K)] 193263K->116925K(762496K), 0.0056540 secs] [Times: user=0.04 sys=0.00, real=0.01 secs] 
2014-07-28T17:13:36.288+0000: 1180.502: [GC [PSYoungGen: 75486K->352K(74880K)] 192220K->117125K(761856K), 0.0042020 secs] [Times: user=0.02 sys=0.00, real=0.01 secs] 
2014-07-28T17:13:36.809+0000: 1181.023: [GC [PSYoungGen: 74848K->352K(74048K)] 191621K->117173K(761024K), 0.0052600 secs] [Times: user=0.02 sys=0.00, real=0.00 secs] 
2014-07-28T17:13:37.327+0000: 1181.540: [GC [PSYoungGen: 74016K->192K(73088K)] 190837K->117045K(760064K), 0.0033230 secs] [Times: user=0.02 sys=0.00, real=0.01 secs] 
2014-07-28T17:13:37.841+0000: 1182.055: [GC [PSYoungGen: 73048K->384K(72512K)] 189902K->117309K(759488K), 0.0032080 secs] [Times: user=0.02 sys=0.00, real=0.00 secs] 
2014-07-28T17:13:38.350+0000: 1182.564: [GC [PSYoungGen: 72512K->384K(71744K)] 189437K->117373K(758720K), 0.0073850 secs] [Times: user=0.05 sys=0.00, real=0.00 secs] 
2014-07-28T17:13:38.856+0000: 1183.069: [GC [PSYoungGen: 71744K->420K(71040K)] 188733K->117473K(758016K), 0.0050040 secs] [Times: user=0.03 sys=0.00, real=0.01 secs] 
2014-07-28T17:13:39.354+0000: 1183.568: [GC [PSYoungGen: 71012K->320K(70208K)] 188065K->117437K(757184K), 0.0044490 secs] [Times: user=0.03 sys=0.00, real=0.00 secs] 
2014-07-28T17:13:39.846+0000: 1184.060: [GC [PSYoungGen: 70208K->352K(69568K)] 187325K->117549K(756544K), 0.0030380 secs] [Times: user=0.02 sys=0.00, real=0.01 secs] 
2014-07-28T17:13:40.335+0000: 1184.549: [GC [PSYoungGen: 69536K->384K(68864K)] 186733K->117605K(755840K), 0.0033220 secs] [Times: user=0.01 sys=0.00, real=0.00 secs] 
2014-07-28T17:13:40.812+0000: 1185.026: [GC [PSYoungGen: 68864K->288K(68096K)] 186085K->117573K(755072K), 0.0043600 secs] [Times: user=0.02 sys=0.00, real=0.00 secs] 
2014-07-28T17:13:41.288+0000: 1185.501: [GC [PSYoungGen: 68064K->384K(67456K)] 185349K->117701K(754432K), 0.0063130 secs] [Times: user=0.04 sys=0.00, real=0.01 secs] 
2014-07-28T17:13:41.761+0000: 1185.975: [GC [PSYoungGen: 67456K->466K(66944K)] 184773K->117879K(753920K), 0.0044120 secs] [Times: user=0.02 sys=0.00, real=0.00 secs] 
2014-07-28T17:13:42.228+0000: 1186.442: [GC [PSYoungGen: 66898K->192K(65984K)] 184311K->117653K(752960K), 0.0037760 secs] [Times: user=0.02 sys=0.00, real=0.01 secs] 
2014-07-28T17:13:42.692+0000: 1186.905: [GC [PSYoungGen: 65984K->256K(79232K)] 183445K->117773K(766208K), 0.0066550 secs] [Times: user=0.04 sys=0.00, real=0.00 secs] 
2014-07-28T17:13:43.251+0000: 1187.465: [GC [PSYoungGen: 79232K->448K(78528K)] 196749K->117997K(765504K), 0.0052730 secs] [Times: user=0.02 sys=0.00, real=0.00 secs] 
2014-07-28T17:13:43.801+0000: 1188.014: [GC [PSYoungGen: 78528K->370K(77568K)] 196077K->117999K(764544K), 0.0035040 secs] [Times: user=0.02 sys=0.00, real=0.00 secs] 
2014-07-28T17:13:44.348+0000: 1188.562: [GC [PSYoungGen: 77554K->384K(76736K)] 195183K->118085K(763712K), 0.0046570 secs] [Times: user=0.02 sys=0.01, real=0.01 secs] 
2014-07-28T17:13:44.886+0000: 1189.100: [GC [PSYoungGen: 76736K->352K(75904K)] 194437K->118133K(762880K), 0.0053620 secs] [Times: user=0.03 sys=0.00, real=0.01 secs] 
2014-07-28T17:13:45.416+0000: 1189.629: [GC [PSYoungGen: 75872K->384K(75072K)] 193653K->118229K(762048K), 0.0051880 secs] [Times: user=0.04 sys=0.00, real=0.01 secs] 
2014-07-28T17:13:45.942+0000: 1190.156: [GC [PSYoungGen: 75072K->352K(74240K)] 192917K->118277K(761216K), 0.0050070 secs] [Times: user=0.03 sys=0.00, real=0.00 secs] 
2014-07-28T17:13:46.463+0000: 1190.676: [GC [PSYoungGen: 74182K->288K(73408K)] 192108K->118285K(760384K), 0.0035690 secs] [Times: user=0.02 sys=0.00, real=0.00 secs] 
2014-07-28T17:13:46.975+0000: 1191.189: [GC [PSYoungGen: 73376K->352K(88128K)] 191373K->118421K(775104K), 0.0093480 secs] [Times: user=0.06 sys=0.00, real=0.01 secs] 
2014-07-28T17:13:47.595+0000: 1191.809: [GC [PSYoungGen: 88096K->484K(93632K)] 206165K->118633K(780608K), 0.0083560 secs] [Times: user=0.04 sys=0.00, real=0.01 secs] 
2014-07-28T17:13:48.248+0000: 1192.461: [GC [PSYoungGen: 93604K->384K(93696K)] 211753K->118589K(780672K), 0.0060550 secs] [Times: user=0.04 sys=0.00, real=0.01 secs] 
2014-07-28T17:13:48.905+0000: 1193.119: [GC [PSYoungGen: 93504K->384K(92288K)] 211709K->118669K(779264K), 0.0040830 secs] [Times: user=0.03 sys=0.00, real=0.00 secs] 
2014-07-28T17:13:49.549+0000: 1193.763: [GC [PSYoungGen: 92284K->416K(91200K)] 210570K->118765K(778176K), 0.0034350 secs] [Times: user=0.01 sys=0.01, real=0.01 secs] 
2014-07-28T17:13:50.187+0000: 1194.400: [GC [PSYoungGen: 91168K->370K(89984K)] 209517K->118783K(776960K), 0.0040120 secs] [Times: user=0.02 sys=0.00, real=0.00 secs] 
2014-07-28T17:13:50.818+0000: 1195.032: [GC [PSYoungGen: 89970K->320K(88768K)] 208383K->118797K(775744K), 0.0041790 secs] [Times: user=0.02 sys=0.00, real=0.01 secs] 
2014-07-28T17:13:51.447+0000: 1195.660: [GC [PSYoungGen: 88768K->384K(87744K)] 207245K->118877K(774720K), 0.0030090 secs] [Times: user=0.02 sys=0.00, real=0.00 secs] 
2014-07-28T17:13:52.058+0000: 1196.272: [GC [PSYoungGen: 87744K->544K(86848K)] 206237K->119101K(773824K), 0.0081260 secs] [Times: user=0.04 sys=0.00, real=0.01 secs] 
2014-07-28T17:13:52.668+0000: 1196.882: [GC [PSYoungGen: 86816K->256K(85504K)] 205373K->119005K(772480K), 0.0041400 secs] [Times: user=0.02 sys=0.00, real=0.01 secs] 
2014-07-28T17:13:53.269+0000: 1197.483: [GC [PSYoungGen: 85470K->402K(84672K)] 204220K->119159K(771648K), 0.0074560 secs] [Times: user=0.04 sys=0.00, real=0.01 secs] 
2014-07-28T17:13:53.862+0000: 1198.075: [GC [PSYoungGen: 84626K->224K(83456K)] 203383K->119087K(770432K), 0.0038310 secs] [Times: user=0.02 sys=0.00, real=0.00 secs] 
2014-07-28T17:13:54.447+0000: 1198.661: [GC [PSYoungGen: 83424K->402K(82688K)] 202287K->119337K(769664K), 0.0056850 secs] [Times: user=0.03 sys=0.00, real=0.01 secs] 
2014-07-28T17:13:55.027+0000: 1199.241: [GC [PSYoungGen: 82642K->352K(81664K)] 201577K->119359K(768640K), 0.0049530 secs] [Times: user=0.03 sys=0.00, real=0.01 secs] 
2014-07-28T17:13:55.601+0000: 1199.815: [GC [PSYoungGen: 81603K->352K(80704K)] 200611K->119439K(767680K), 0.0045890 secs] [Times: user=0.03 sys=0.00, real=0.01 secs] 
2014-07-28T17:13:56.167+0000: 1200.380: [GC [PSYoungGen: 80672K->338K(79808K)] 199759K->119449K(766784K), 0.0059940 secs] [Times: user=0.03 sys=0.00, real=0.01 secs] 
2014-07-28T17:13:56.725+0000: 1200.939: [GC [PSYoungGen: 79762K->448K(78976K)] 198873K->119655K(765952K), 0.0046920 secs] [Times: user=0.03 sys=0.01, real=0.00 secs] 
2014-07-28T17:13:57.280+0000: 1201.493: [GC [PSYoungGen: 78959K->384K(78016K)] 198167K->119721K(764992K), 0.0048180 secs] [Times: user=0.02 sys=0.00, real=0.01 secs] 
2014-07-28T17:13:57.827+0000: 1202.041: [GC [PSYoungGen: 78016K->288K(77056K)] 197353K->119689K(764032K), 0.0060850 secs] [Times: user=0.04 sys=0.00, real=0.01 secs] 
2014-07-28T17:13:58.372+0000: 1202.585: [GC [PSYoungGen: 77024K->438K(76352K)] 196425K->119855K(763328K), 0.0040920 secs] [Times: user=0.02 sys=0.00, real=0.01 secs] 
2014-07-28T17:13:58.909+0000: 1203.123: [GC [PSYoungGen: 76322K->288K(75392K)] 195740K->119769K(762368K), 0.0043300 secs] [Times: user=0.02 sys=0.00, real=0.01 secs] 
2014-07-28T17:13:59.435+0000: 1203.649: [GC [PSYoungGen: 75360K->192K(90304K)] 194841K->119705K(777280K), 0.0132020 secs] [Times: user=0.09 sys=0.00, real=0.01 secs] 
2014-07-28T17:14:00.074+0000: 1204.288: [GC [PSYoungGen: 90304K->416K(108480K)] 209817K->120009K(795456K), 0.0056530 secs] [Times: user=0.04 sys=0.00, real=0.00 secs] 
2014-07-28T17:14:00.834+0000: 1205.048: [GC [PSYoungGen: 108249K->352K(108864K)] 227843K->120033K(795840K), 0.0043840 secs] [Times: user=0.03 sys=0.00, real=0.00 secs] 
2014-07-28T17:14:01.600+0000: 1205.814: [GC [PSYoungGen: 108576K->256K(106880K)] 228257K->119961K(793856K), 0.0031520 secs] [Times: user=0.02 sys=0.00, real=0.01 secs] 
2014-07-28T17:14:02.355+0000: 1206.569: [GC [PSYoungGen: 106880K->384K(105472K)] 226585K->120169K(792448K), 0.0040240 secs] [Times: user=0.02 sys=0.00, real=0.00 secs] 
2014-07-28T17:14:03.097+0000: 1207.311: [GC [PSYoungGen: 105472K->434K(104064K)] 225257K->120307K(791040K), 0.0058980 secs] [Times: user=0.04 sys=0.01, real=0.00 secs] 
2014-07-28T17:14:03.831+0000: 1208.045: [GC [PSYoungGen: 104050K->384K(102528K)] 223923K->120337K(789504K), 0.0033020 secs] [Times: user=0.02 sys=0.00, real=0.01 secs] 
2014-07-28T17:14:04.552+0000: 1208.766: [GC [PSYoungGen: 102528K->320K(101056K)] 222481K->120297K(788032K), 0.0029150 secs] [Times: user=0.02 sys=0.01, real=0.01 secs] 
2014-07-28T17:14:05.262+0000: 1209.476: [GC [PSYoungGen: 101056K->402K(99776K)] 221033K->120435K(786752K), 0.0047200 secs] [Times: user=0.02 sys=0.00, real=0.01 secs] 
2014-07-28T17:14:05.964+0000: 1210.178: [GC [PSYoungGen: 99730K->416K(98432K)] 219763K->120529K(785408K), 0.0042340 secs] [Times: user=0.02 sys=0.01, real=0.00 secs] 
2014-07-28T17:14:06.656+0000: 1210.870: [GC [PSYoungGen: 98400K->320K(96960K)] 218513K->120505K(783936K), 0.0057620 secs] [Times: user=0.03 sys=0.00, real=0.00 secs] 
2014-07-28T17:14:07.336+0000: 1211.550: [GC [PSYoungGen: 96960K->534K(95936K)] 217145K->120743K(782912K), 0.0033960 secs] [Times: user=0.01 sys=0.00, real=0.00 secs] 
2014-07-28T17:14:08.003+0000: 1212.216: [GC [PSYoungGen: 95894K->288K(94400K)] 216103K->120553K(781376K), 0.0043160 secs] [Times: user=0.03 sys=0.00, real=0.01 secs] 
2014-07-28T17:14:08.667+0000: 1212.881: [GC [PSYoungGen: 94368K->192K(93056K)] 214633K->120497K(780032K), 0.0025520 secs] [Times: user=0.01 sys=0.00, real=0.00 secs] 
2014-07-28T17:14:09.320+0000: 1213.534: [GC [PSYoungGen: 93056K->448K(92096K)] 213361K->120817K(779072K), 0.0064780 secs] [Times: user=0.05 sys=0.00, real=0.01 secs] 
2014-07-28T17:14:09.967+0000: 1214.181: [GC [PSYoungGen: 92096K->448K(90944K)] 212465K->120897K(777920K), 0.0057230 secs] [Times: user=0.03 sys=0.00, real=0.00 secs] 
2014-07-28T17:14:10.602+0000: 1214.816: [GC [PSYoungGen: 90944K->288K(89664K)] 211393K->120801K(776640K), 0.0099820 secs] [Times: user=0.07 sys=0.00, real=0.01 secs] 
2014-07-28T17:14:11.228+0000: 1215.441: [GC [PSYoungGen: 89632K->224K(88512K)] 210145K->120761K(775488K), 0.0048180 secs] [Times: user=0.02 sys=0.00, real=0.00 secs] 
2014-07-28T17:14:11.850+0000: 1216.063: [GC [PSYoungGen: 88480K->256K(105664K)] 209017K->120841K(792640K), 0.0113730 secs] [Times: user=0.07 sys=0.00, real=0.01 secs] 
2014-07-28T17:14:12.593+0000: 1216.806: [GC [PSYoungGen: 105280K->466K(104064K)] 225865K->121107K(791040K), 0.0038690 secs] [Times: user=0.02 sys=0.00, real=0.01 secs] 
2014-07-28T17:14:13.319+0000: 1217.532: [GC [PSYoungGen: 104007K->192K(102272K)] 224649K->120969K(789248K), 0.0043140 secs] [Times: user=0.03 sys=0.00, real=0.00 secs] 
2014-07-28T17:14:14.042+0000: 1218.255: [GC [PSYoungGen: 102272K->352K(101056K)] 223049K->121193K(788032K), 0.0069190 secs] [Times: user=0.04 sys=0.00, real=0.01 secs] 
2014-07-28T17:14:14.755+0000: 1218.969: [GC [PSYoungGen: 101024K->448K(99712K)] 221865K->121377K(786688K), 0.0060590 secs] [Times: user=0.03 sys=0.00, real=0.00 secs] 
2014-07-28T17:14:15.457+0000: 1219.671: [GC [PSYoungGen: 99712K->256K(98176K)] 220641K->121193K(785152K), 0.0089960 secs] [Times: user=0.04 sys=0.00, real=0.01 secs] 
2014-07-28T17:14:16.152+0000: 1220.366: [GC [PSYoungGen: 98176K->448K(97024K)] 219113K->121457K(784000K), 0.0033860 secs] [Times: user=0.01 sys=0.00, real=0.01 secs] 
2014-07-28T17:14:16.836+0000: 1221.050: [GC [PSYoungGen: 97024K->320K(95616K)] 218033K->121401K(782592K), 0.0043770 secs] [Times: user=0.03 sys=0.00, real=0.00 secs] 
2014-07-28T17:14:17.511+0000: 1221.725: [GC [PSYoungGen: 95616K->352K(94400K)] 216697K->121465K(781376K), 0.0023330 secs] [Times: user=0.01 sys=0.00, real=0.00 secs] 
2014-07-28T17:14:18.174+0000: 1222.387: [GC [PSYoungGen: 94368K->384K(93184K)] 215481K->121545K(780160K), 0.0035290 secs] [Times: user=0.01 sys=0.00, real=0.01 secs] 
2014-07-28T17:14:18.826+0000: 1223.040: [GC [PSYoungGen: 93184K->352K(91968K)] 214345K->121553K(778944K), 0.0037990 secs] [Times: user=0.01 sys=0.01, real=0.00 secs] 
2014-07-28T17:14:19.473+0000: 1223.687: [GC [PSYoungGen: 91936K->448K(90880K)] 213137K->121665K(777856K), 0.0034730 secs] [Times: user=0.02 sys=0.00, real=0.01 secs] 
2014-07-28T17:14:20.114+0000: 1224.328: [GC [PSYoungGen: 90880K->384K(89664K)] 212097K->121681K(776640K), 0.0067110 secs] [Times: user=0.03 sys=0.00, real=0.01 secs] 
2014-07-28T17:14:20.745+0000: 1224.959: [GC [PSYoungGen: 89664K->416K(88640K)] 210961K->121801K(775616K), 0.0068010 secs] [Times: user=0.04 sys=0.00, real=0.01 secs] 
2014-07-28T17:14:21.371+0000: 1225.585: [GC [PSYoungGen: 88608K->256K(87360K)] 209993K->121665K(774336K), 0.0053060 secs] [Times: user=0.03 sys=0.00, real=0.01 secs] 
2014-07-28T17:14:21.985+0000: 1226.199: [GC [PSYoungGen: 87333K->320K(86336K)] 208743K->121777K(773312K), 0.0057960 secs] [Times: user=0.04 sys=0.00, real=0.01 secs] 
2014-07-28T17:14:22.594+0000: 1226.807: [GC [PSYoungGen: 86336K->480K(85504K)] 207793K->122017K(772480K), 0.0030120 secs] [Times: user=0.02 sys=0.00, real=0.01 secs] 
2014-07-28T17:14:23.189+0000: 1227.402: [GC [PSYoungGen: 85459K->352K(84352K)] 206997K->121905K(771328K), 0.0045050 secs] [Times: user=0.02 sys=0.00, real=0.00 secs] 
2014-07-28T17:14:23.786+0000: 1227.999: [GC [PSYoungGen: 84320K->320K(83264K)] 205873K->121945K(770240K), 0.0047920 secs] [Times: user=0.03 sys=0.00, real=0.01 secs] 
2014-07-28T17:14:24.370+0000: 1228.584: [GC [PSYoungGen: 83264K->320K(82304K)] 204889K->121985K(769280K), 0.0064320 secs] [Times: user=0.03 sys=0.00, real=0.01 secs] 
2014-07-28T17:14:24.945+0000: 1229.159: [GC [PSYoungGen: 82304K->352K(81408K)] 203969K->122105K(768384K), 0.0023590 secs] [Times: user=0.01 sys=0.00, real=0.01 secs] 
2014-07-28T17:14:25.517+0000: 1229.731: [GC [PSYoungGen: 81369K->448K(80512K)] 203123K->122281K(767488K), 0.0023510 secs] [Times: user=0.01 sys=0.00, real=0.00 secs] 
2014-07-28T17:14:26.081+0000: 1230.295: [GC [PSYoungGen: 80512K->384K(79552K)] 202345K->122273K(766528K), 0.0035240 secs] [Times: user=0.02 sys=0.00, real=0.00 secs] 
2014-07-28T17:14:26.640+0000: 1230.854: [GC [PSYoungGen: 79552K->384K(78656K)] 201441K->122353K(765632K), 0.0078990 secs] [Times: user=0.05 sys=0.00, real=0.01 secs] 
2014-07-28T17:14:27.191+0000: 1231.404: [GC [PSYoungGen: 78656K->320K(77696K)] 200625K->122305K(764672K), 0.0067140 secs] [Times: user=0.03 sys=0.01, real=0.01 secs] 
2014-07-28T17:14:27.740+0000: 1231.954: [GC [PSYoungGen: 77696K->288K(76864K)] 199681K->122337K(763840K), 0.0047850 secs] [Times: user=0.03 sys=0.00, real=0.00 secs] 
2014-07-28T17:14:28.279+0000: 1232.492: [GC [PSYoungGen: 76828K->288K(92224K)] 198878K->122369K(779200K), 0.0077440 secs] [Times: user=0.05 sys=0.00, real=0.00 secs] 
2014-07-28T17:14:28.927+0000: 1233.141: [GC [PSYoungGen: 92192K->288K(91072K)] 214273K->122425K(778048K), 0.0050830 secs] [Times: user=0.03 sys=0.00, real=0.00 secs] 
2014-07-28T17:14:29.563+0000: 1233.777: [GC [PSYoungGen: 91040K->416K(90048K)] 213177K->122609K(777024K), 0.0023200 secs] [Times: user=0.00 sys=0.01, real=0.00 secs] 
2014-07-28T17:14:30.194+0000: 1234.408: [GC [PSYoungGen: 90016K->352K(88832K)] 212209K->122601K(775808K), 0.0028920 secs] [Times: user=0.01 sys=0.00, real=0.01 secs] 
2014-07-28T17:14:30.816+0000: 1235.030: [GC [PSYoungGen: 88794K->224K(87616K)] 211043K->122505K(774592K), 0.0029490 secs] [Times: user=0.02 sys=0.01, real=0.01 secs] 
2014-07-28T17:14:31.429+0000: 1235.643: [GC [PSYoungGen: 87584K->352K(86656K)] 209865K->122657K(773632K), 0.0038190 secs] [Times: user=0.02 sys=0.00, real=0.00 secs] 
2014-07-28T17:14:32.039+0000: 1236.253: [GC [PSYoungGen: 86624K->224K(85504K)] 208929K->122561K(772480K), 0.0052090 secs] [Times: user=0.03 sys=0.00, real=0.00 secs] 
2014-07-28T17:14:32.646+0000: 1236.860: [GC [PSYoungGen: 85472K->352K(84608K)] 207809K->122753K(771584K), 0.0038110 secs] [Times: user=0.02 sys=0.00, real=0.01 secs] 
2014-07-28T17:14:33.240+0000: 1237.454: [GC [PSYoungGen: 84576K->448K(83648K)] 206977K->122889K(770624K), 0.0034250 secs] [Times: user=0.02 sys=0.00, real=0.00 secs] 
2014-07-28T17:14:33.828+0000: 1238.041: [GC [PSYoungGen: 83648K->288K(82560K)] 206089K->122785K(769536K), 0.0046220 secs] [Times: user=0.02 sys=0.01, real=0.00 secs] 
2014-07-28T17:14:34.408+0000: 1238.622: [GC [PSYoungGen: 82528K->306K(81600K)] 205025K->122835K(768576K), 0.0022370 secs] [Times: user=0.01 sys=0.00, real=0.01 secs] 
2014-07-28T17:14:34.983+0000: 1239.197: [GC [PSYoungGen: 81586K->256K(80576K)] 204115K->122833K(767552K), 0.0050730 secs] [Times: user=0.02 sys=0.00, real=0.01 secs] 
2014-07-28T17:14:35.550+0000: 1239.764: [GC [PSYoungGen: 80576K->192K(79616K)] 203153K->122817K(766592K), 0.0043400 secs] [Times: user=0.02 sys=0.00, real=0.00 secs] 
2014-07-28T17:14:36.107+0000: 1240.321: [GC [PSYoungGen: 79616K->288K(78848K)] 202241K->122953K(765824K), 0.0032060 secs] [Times: user=0.02 sys=0.00, real=0.01 secs] 
2014-07-28T17:14:36.663+0000: 1240.877: [GC [PSYoungGen: 78816K->352K(78016K)] 201481K->123081K(764992K), 0.0065450 secs] [Times: user=0.03 sys=0.00, real=0.01 secs] 
2014-07-28T17:14:37.208+0000: 1241.421: [GC [PSYoungGen: 77984K->288K(77056K)] 200713K->123049K(764032K), 0.0056440 secs] [Times: user=0.03 sys=0.00, real=0.01 secs] 
2014-07-28T17:14:37.745+0000: 1241.959: [GC [PSYoungGen: 77024K->384K(76288K)] 199785K->123209K(763264K), 0.0070160 secs] [Times: user=0.03 sys=0.00, real=0.01 secs] 
2014-07-28T17:14:38.281+0000: 1242.495: [GC [PSYoungGen: 76288K->288K(75392K)] 199113K->123161K(762368K), 0.0056050 secs] [Times: user=0.03 sys=0.00, real=0.00 secs] 
2014-07-28T17:14:38.815+0000: 1243.028: [GC [PSYoungGen: 75328K->256K(74496K)] 198202K->123185K(761472K), 0.0046540 secs] [Times: user=0.03 sys=0.01, real=0.01 secs] 
2014-07-28T17:14:39.338+0000: 1243.552: [GC [PSYoungGen: 74496K->320K(73792K)] 197425K->123257K(760768K), 0.0041530 secs] [Times: user=0.01 sys=0.00, real=0.00 secs] 
2014-07-28T17:14:39.857+0000: 1244.071: [GC [PSYoungGen: 73792K->320K(73024K)] 196729K->123321K(760000K), 0.0037590 secs] [Times: user=0.02 sys=0.01, real=0.01 secs] 
2014-07-28T17:14:40.370+0000: 1244.584: [GC [PSYoungGen: 73024K->416K(72384K)] 196025K->123489K(759360K), 0.0041490 secs] [Times: user=0.03 sys=0.00, real=0.00 secs] 
2014-07-28T17:14:40.874+0000: 1245.088: [GC [PSYoungGen: 72352K->192K(71360K)] 195425K->123297K(758336K), 0.0037700 secs] [Times: user=0.01 sys=0.00, real=0.00 secs] 
2014-07-28T17:14:41.375+0000: 1245.589: [GC [PSYoungGen: 71360K->320K(70720K)] 194465K->123497K(757696K), 0.0059370 secs] [Times: user=0.03 sys=0.00, real=0.01 secs] 
2014-07-28T17:14:41.871+0000: 1246.085: [GC [PSYoungGen: 70720K->320K(70016K)] 193897K->123569K(756992K), 0.0039340 secs] [Times: user=0.02 sys=0.00, real=0.00 secs] 
2014-07-28T17:14:42.361+0000: 1246.575: [GC [PSYoungGen: 70016K->288K(69312K)] 193265K->123585K(756288K), 0.0038060 secs] [Times: user=0.02 sys=0.00, real=0.00 secs] 
2014-07-28T17:14:42.852+0000: 1247.066: [GC [PSYoungGen: 69258K->288K(68608K)] 192556K->123657K(755584K), 0.0032340 secs] [Times: user=0.02 sys=0.00, real=0.00 secs] 
2014-07-28T17:14:43.331+0000: 1247.545: [GC [PSYoungGen: 68575K->256K(67840K)] 191945K->123649K(754816K), 0.0045620 secs] [Times: user=0.02 sys=0.00, real=0.00 secs] 
2014-07-28T17:14:43.809+0000: 1248.023: [GC [PSYoungGen: 67840K->224K(67200K)] 191233K->123665K(754176K), 0.0034970 secs] [Times: user=0.01 sys=0.00, real=0.00 secs] 
2014-07-28T17:14:44.280+0000: 1248.493: [GC [PSYoungGen: 67168K->224K(66560K)] 190609K->123713K(753536K), 0.0025640 secs] [Times: user=0.02 sys=0.00, real=0.00 secs] 
2014-07-28T17:14:44.747+0000: 1248.960: [GC [PSYoungGen: 66528K->288K(65984K)] 190017K->123841K(752960K), 0.0048900 secs] [Times: user=0.03 sys=0.00, real=0.01 secs] 
2014-07-28T17:14:45.215+0000: 1249.429: [GC [PSYoungGen: 65952K->256K(65280K)] 189505K->123849K(752256K), 0.0047410 secs] [Times: user=0.03 sys=0.00, real=0.01 secs] 
2014-07-28T17:14:45.668+0000: 1249.882: [GC [PSYoungGen: 65280K->256K(64640K)] 188873K->123905K(751616K), 0.0036280 secs] [Times: user=0.02 sys=0.00, real=0.01 secs] 
2014-07-28T17:14:46.124+0000: 1250.337: [GC [PSYoungGen: 64640K->320K(77632K)] 188289K->124017K(764608K), 0.0071040 secs] [Times: user=0.04 sys=0.01, real=0.01 secs] 
2014-07-28T17:14:46.666+0000: 1250.880: [GC [PSYoungGen: 77600K->288K(76800K)] 201298K->124049K(763776K), 0.0030650 secs] [Times: user=0.02 sys=0.00, real=0.01 secs] 
2014-07-28T17:14:47.204+0000: 1251.418: [GC [PSYoungGen: 76768K->416K(76096K)] 200529K->124233K(763072K), 0.0024340 secs] [Times: user=0.01 sys=0.01, real=0.00 secs] 
2014-07-28T17:14:47.736+0000: 1251.950: [GC [PSYoungGen: 76064K->192K(75008K)] 199881K->124057K(761984K), 0.0034450 secs] [Times: user=0.02 sys=0.00, real=0.00 secs] 
2014-07-28T17:14:48.264+0000: 1252.478: [GC [PSYoungGen: 75008K->192K(74176K)] 198873K->124081K(761152K), 0.0062720 secs] [Times: user=0.03 sys=0.00, real=0.01 secs] 
2014-07-28T17:14:48.785+0000: 1252.999: [GC [PSYoungGen: 74176K->256K(73472K)] 198065K->124193K(760448K), 0.0053430 secs] [Times: user=0.03 sys=0.00, real=0.01 secs] 
2014-07-28T17:14:49.310+0000: 1253.524: [GC [PSYoungGen: 73471K->352K(72832K)] 197409K->124321K(759808K), 0.0035200 secs] [Times: user=0.01 sys=0.00, real=0.00 secs] 
2014-07-28T17:14:49.817+0000: 1254.031: [GC [PSYoungGen: 72800K->320K(72000K)] 196769K->124345K(758976K), 0.0069710 secs] [Times: user=0.04 sys=0.01, real=0.01 secs] 
2014-07-28T17:14:50.322+0000: 1254.536: [GC [PSYoungGen: 72000K->384K(86400K)] 196025K->124465K(773376K), 0.0071900 secs] [Times: user=0.03 sys=0.00, real=0.00 secs] 
2014-07-28T17:14:50.932+0000: 1255.146: [GC [PSYoungGen: 86400K->256K(85248K)] 210481K->124457K(772224K), 0.0032880 secs] [Times: user=0.01 sys=0.00, real=0.00 secs] 
2014-07-28T17:14:51.530+0000: 1255.744: [GC [PSYoungGen: 85248K->434K(84416K)] 209449K->124715K(771392K), 0.0055890 secs] [Times: user=0.03 sys=0.01, real=0.00 secs] 
2014-07-28T17:14:52.120+0000: 1256.334: [GC [PSYoungGen: 84402K->288K(83264K)] 208683K->124675K(770240K), 0.0065030 secs] [Times: user=0.03 sys=0.00, real=0.01 secs] 
2014-07-28T17:14:52.705+0000: 1256.919: [GC [PSYoungGen: 83232K->288K(82304K)] 207619K->124739K(769280K), 0.0044070 secs] [Times: user=0.03 sys=0.01, real=0.00 secs] 
2014-07-28T17:14:53.288+0000: 1257.502: [GC [PSYoungGen: 82272K->352K(81408K)] 206723K->124843K(768384K), 0.0035970 secs] [Times: user=0.03 sys=0.00, real=0.01 secs] 
2014-07-28T17:14:53.854+0000: 1258.068: [GC [PSYoungGen: 81371K->192K(80256K)] 205863K->124715K(767232K), 0.0041130 secs] [Times: user=0.01 sys=0.01, real=0.00 secs] 
2014-07-28T17:14:54.415+0000: 1258.629: [GC [PSYoungGen: 80247K->352K(79552K)] 204771K->124907K(766528K), 0.0035040 secs] [Times: user=0.02 sys=0.00, real=0.00 secs] 
2014-07-28T17:14:54.979+0000: 1259.193: [GC [PSYoungGen: 79520K->320K(78592K)] 204075K->124939K(765568K), 0.0045240 secs] [Times: user=0.03 sys=0.00, real=0.01 secs] 
2014-07-28T17:14:55.532+0000: 1259.745: [GC [PSYoungGen: 78592K->224K(77632K)] 203211K->124899K(764608K), 0.0051760 secs] [Times: user=0.03 sys=0.00, real=0.00 secs] 
2014-07-28T17:14:56.078+0000: 1260.291: [GC [PSYoungGen: 77600K->384K(76928K)] 202275K->125131K(763904K), 0.0051190 secs] [Times: user=0.03 sys=0.00, real=0.01 secs] 
2014-07-28T17:14:56.615+0000: 1260.829: [GC [PSYoungGen: 76928K->384K(76096K)] 201675K->125211K(763072K), 0.0062650 secs] [Times: user=0.04 sys=0.00, real=0.01 secs] 
2014-07-28T17:14:57.151+0000: 1261.364: [GC [PSYoungGen: 76070K->352K(75264K)] 200897K->125203K(762240K), 0.0039680 secs] [Times: user=0.01 sys=0.00, real=0.01 secs] 
2014-07-28T17:14:57.674+0000: 1261.888: [GC [PSYoungGen: 75232K->224K(74304K)] 200083K->125123K(761280K), 0.0039360 secs] [Times: user=0.02 sys=0.00, real=0.00 secs] 
2014-07-28T17:14:58.194+0000: 1262.408: [GC [PSYoungGen: 74272K->320K(73600K)] 199171K->125259K(760576K), 0.0024000 secs] [Times: user=0.02 sys=0.00, real=0.00 secs] 
2014-07-28T17:14:58.709+0000: 1262.923: [GC [PSYoungGen: 73600K->320K(72832K)] 198539K->125339K(759808K), 0.0048880 secs] [Times: user=0.03 sys=0.00, real=0.01 secs] 
2014-07-28T17:14:59.223+0000: 1263.436: [GC [PSYoungGen: 72799K->434K(72192K)] 197819K->125517K(759168K), 0.0031240 secs] [Times: user=0.01 sys=0.00, real=0.00 secs] 
2014-07-28T17:14:59.727+0000: 1263.941: [GC [PSYoungGen: 72178K->320K(71296K)] 197261K->125467K(758272K), 0.0026250 secs] [Times: user=0.01 sys=0.00, real=0.00 secs] 
2014-07-28T17:15:00.230+0000: 1264.444: [GC [PSYoungGen: 71296K->160K(70464K)] 196443K->125323K(757440K), 0.0087090 secs] [Times: user=0.04 sys=0.01, real=0.01 secs] 
2014-07-28T17:15:00.724+0000: 1264.938: [GC [PSYoungGen: 70432K->384K(69952K)] 195595K->125635K(756928K), 0.0042950 secs] [Times: user=0.03 sys=0.00, real=0.00 secs] 
2014-07-28T17:15:01.214+0000: 1265.428: [GC [PSYoungGen: 69952K->256K(69120K)] 195203K->125531K(756096K), 0.0052710 secs] [Times: user=0.02 sys=0.00, real=0.00 secs] 
2014-07-28T17:15:01.700+0000: 1265.914: [GC [PSYoungGen: 69120K->320K(68480K)] 194395K->125651K(755456K), 0.0026550 secs] [Times: user=0.01 sys=0.00, real=0.01 secs] 
2014-07-28T17:15:02.208+0000: 1266.422: [GC [PSYoungGen: 68480K->320K(67776K)] 193811K->125675K(754752K), 0.0041720 secs] [Times: user=0.02 sys=0.00, real=0.01 secs] 
2014-07-28T17:15:02.656+0000: 1266.870: [GC [PSYoungGen: 67776K->448K(67264K)] 193131K->125899K(754240K), 0.0025400 secs] [Times: user=0.02 sys=0.00, real=0.00 secs] 
2014-07-28T17:15:03.130+0000: 1267.344: [GC [PSYoungGen: 67228K->288K(66496K)] 192679K->125779K(753472K), 0.0027390 secs] [Times: user=0.01 sys=0.00, real=0.01 secs] 
2014-07-28T17:15:03.595+0000: 1267.808: [GC [PSYoungGen: 66464K->306K(65856K)] 191955K->125845K(752832K), 0.0043150 secs] [Times: user=0.03 sys=0.00, real=0.00 secs] 
2014-07-28T17:15:04.058+0000: 1268.272: [GC [PSYoungGen: 65827K->402K(65344K)] 191367K->125965K(752320K), 0.0060010 secs] [Times: user=0.03 sys=0.00, real=0.01 secs] 
2014-07-28T17:15:04.513+0000: 1268.727: [GC [PSYoungGen: 65298K->320K(64576K)] 190861K->125963K(751552K), 0.0043980 secs] [Times: user=0.02 sys=0.00, real=0.00 secs] 
2014-07-28T17:15:04.964+0000: 1269.178: [GC [PSYoungGen: 64576K->192K(63808K)] 190219K->125859K(750784K), 0.0043900 secs] [Times: user=0.03 sys=0.00, real=0.00 secs] 
2014-07-28T17:15:05.411+0000: 1269.625: [GC [PSYoungGen: 63808K->352K(63424K)] 189475K->126107K(750400K), 0.0038660 secs] [Times: user=0.02 sys=0.00, real=0.01 secs] 
2014-07-28T17:15:05.856+0000: 1270.070: [GC [PSYoungGen: 63392K->352K(76032K)] 189147K->126179K(763008K), 0.0068870 secs] [Times: user=0.05 sys=0.00, real=0.01 secs] 
2014-07-28T17:15:06.390+0000: 1270.604: [GC [PSYoungGen: 76000K->306K(75136K)] 201827K->126157K(762112K), 0.0038010 secs] [Times: user=0.02 sys=0.00, real=0.01 secs] 
2014-07-28T17:15:06.921+0000: 1271.135: [GC [PSYoungGen: 75122K->320K(74304K)] 200973K->126243K(761280K), 0.0031870 secs] [Times: user=0.02 sys=0.00, real=0.01 secs] 
2014-07-28T17:15:07.442+0000: 1271.656: [GC [PSYoungGen: 74304K->416K(73664K)] 200227K->126427K(760640K), 0.0030560 secs] [Times: user=0.01 sys=0.00, real=0.01 secs] 
2014-07-28T17:15:07.957+0000: 1272.171: [GC [PSYoungGen: 73632K->288K(72768K)] 199643K->126363K(759744K), 0.0029010 secs] [Times: user=0.01 sys=0.01, real=0.00 secs] 
2014-07-28T17:15:08.466+0000: 1272.679: [GC [PSYoungGen: 72736K->224K(71936K)] 198811K->126339K(758912K), 0.0056650 secs] [Times: user=0.03 sys=0.00, real=0.00 secs] 
2014-07-28T17:15:08.971+0000: 1273.185: [GC [PSYoungGen: 71904K->224K(71168K)] 198019K->126387K(758144K), 0.0045730 secs] [Times: user=0.03 sys=0.00, real=0.01 secs] 
2014-07-28T17:15:09.470+0000: 1273.684: [GC [PSYoungGen: 71136K->256K(70464K)] 197299K->126483K(757440K), 0.0042140 secs] [Times: user=0.03 sys=0.00, real=0.01 secs] 
2014-07-28T17:15:09.964+0000: 1274.178: [GC [PSYoungGen: 70464K->352K(69888K)] 196691K->126603K(756864K), 0.0044450 secs] [Times: user=0.01 sys=0.00, real=0.00 secs] 
2014-07-28T17:15:10.457+0000: 1274.671: [GC [PSYoungGen: 69856K->320K(69120K)] 196107K->126643K(756096K), 0.0040570 secs] [Times: user=0.02 sys=0.00, real=0.00 secs] 
2014-07-28T17:15:10.944+0000: 1275.158: [GC [PSYoungGen: 69120K->256K(68352K)] 195443K->126619K(755328K), 0.0042230 secs] [Times: user=0.03 sys=0.00, real=0.00 secs] 
2014-07-28T17:15:11.420+0000: 1275.633: [GC [PSYoungGen: 68352K->384K(67776K)] 194715K->126835K(754752K), 0.0035380 secs] [Times: user=0.02 sys=0.00, real=0.01 secs] 
2014-07-28T17:15:11.896+0000: 1276.110: [GC [PSYoungGen: 67776K->288K(67072K)] 194227K->126787K(754048K), 0.0039200 secs] [Times: user=0.02 sys=0.00, real=0.00 secs] 
2014-07-28T17:15:12.363+0000: 1276.577: [GC [PSYoungGen: 67004K->224K(66368K)] 193503K->126779K(753344K), 0.0045530 secs] [Times: user=0.02 sys=0.01, real=0.00 secs] 
2014-07-28T17:15:12.830+0000: 1277.044: [GC [PSYoungGen: 66336K->160K(65664K)] 192891K->126731K(752640K), 0.0041700 secs] [Times: user=0.01 sys=0.00, real=0.01 secs] 
2014-07-28T17:15:13.291+0000: 1277.505: [GC [PSYoungGen: 65632K->224K(65088K)] 192203K->126819K(752064K), 0.0043640 secs] [Times: user=0.02 sys=0.00, real=0.01 secs] 
2014-07-28T17:15:13.745+0000: 1277.959: [GC [PSYoungGen: 65056K->320K(64512K)] 191651K->126995K(751488K), 0.0035090 secs] [Times: user=0.02 sys=0.00, real=0.00 secs] 
2014-07-28T17:15:14.204+0000: 1278.418: [GC [PSYoungGen: 64512K->224K(63808K)] 191187K->126931K(750784K), 0.0055440 secs] [Times: user=0.03 sys=0.00, real=0.01 secs] 
2014-07-28T17:15:14.653+0000: 1278.867: [GC [PSYoungGen: 63776K->320K(63296K)] 190483K->127099K(750272K), 0.0033220 secs] [Times: user=0.01 sys=0.00, real=0.01 secs] 
2014-07-28T17:15:15.096+0000: 1279.310: [GC [PSYoungGen: 63296K->224K(62656K)] 190075K->127043K(749632K), 0.0047630 secs] [Times: user=0.03 sys=0.00, real=0.00 secs] 
2014-07-28T17:15:15.539+0000: 1279.753: [GC [PSYoungGen: 62624K->192K(62016K)] 189443K->127051K(748992K), 0.0039490 secs] [Times: user=0.02 sys=0.00, real=0.00 secs] 
2014-07-28T17:15:15.975+0000: 1280.188: [GC [PSYoungGen: 62016K->224K(61504K)] 188875K->127123K(748480K), 0.0027590 secs] [Times: user=0.01 sys=0.00, real=0.00 secs] 
2014-07-28T17:15:16.408+0000: 1280.621: [GC [PSYoungGen: 61468K->448K(61120K)] 188367K->127451K(748096K), 0.0032970 secs] [Times: user=0.02 sys=0.00, real=0.00 secs] 
2014-07-28T17:15:16.834+0000: 1281.048: [GC [PSYoungGen: 61120K->192K(60288K)] 188123K->127227K(747264K), 0.0024960 secs] [Times: user=0.01 sys=0.00, real=0.00 secs] 
2014-07-28T17:15:17.260+0000: 1281.474: [GC [PSYoungGen: 60288K->256K(59840K)] 187323K->127307K(746816K), 0.0034800 secs] [Times: user=0.02 sys=0.00, real=0.00 secs] 
2014-07-28T17:15:17.681+0000: 1281.895: [GC [PSYoungGen: 59840K->384K(59456K)] 186891K->127523K(746432K), 0.0039920 secs] [Times: user=0.03 sys=0.00, real=0.01 secs] 
2014-07-28T17:15:18.096+0000: 1282.310: [GC [PSYoungGen: 59456K->288K(58880K)] 186595K->127467K(745856K), 0.0023230 secs] [Times: user=0.01 sys=0.01, real=0.00 secs] 
2014-07-28T17:15:18.509+0000: 1282.722: [GC [PSYoungGen: 58847K->160K(70464K)] 186026K->127355K(757440K), 0.0109120 secs] [Times: user=0.06 sys=0.00, real=0.01 secs] 
2014-07-28T17:15:19.004+0000: 1283.218: [GC [PSYoungGen: 70432K->288K(82688K)] 197627K->127507K(769664K), 0.0027020 secs] [Times: user=0.01 sys=0.00, real=0.00 secs] 
2014-07-28T17:15:19.586+0000: 1283.800: [GC [PSYoungGen: 82464K->352K(81600K)] 209683K->127635K(768576K), 0.0047840 secs] [Times: user=0.02 sys=0.00, real=0.00 secs] 
2014-07-28T17:15:20.159+0000: 1284.372: [GC [PSYoungGen: 81568K->288K(80576K)] 208851K->127619K(767552K), 0.0040800 secs] [Times: user=0.02 sys=0.00, real=0.00 secs] 
2014-07-28T17:15:20.723+0000: 1284.936: [GC [PSYoungGen: 80544K->384K(79744K)] 207875K->127811K(766720K), 0.0031790 secs] [Times: user=0.03 sys=0.00, real=0.01 secs] 
2014-07-28T17:15:21.286+0000: 1285.500: [GC [PSYoungGen: 79744K->288K(78784K)] 207171K->127763K(765760K), 0.0047360 secs] [Times: user=0.03 sys=0.01, real=0.00 secs] 
2014-07-28T17:15:21.839+0000: 1286.053: [GC [PSYoungGen: 78752K->320K(84096K)] 206227K->127851K(771072K), 0.0090470 secs] [Times: user=0.05 sys=0.00, real=0.01 secs] 
2014-07-28T17:15:22.428+0000: 1286.642: [GC [PSYoungGen: 84032K->498K(83200K)] 211563K->128053K(770176K), 0.0056290 secs] [Times: user=0.04 sys=0.00, real=0.00 secs] 
2014-07-28T17:15:23.010+0000: 1287.224: [GC [PSYoungGen: 83186K->64K(81792K)] 210741K->127795K(768768K), 0.0030520 secs] [Times: user=0.02 sys=0.00, real=0.00 secs] 
2014-07-28T17:15:23.590+0000: 1287.804: [GC [PSYoungGen: 81792K->320K(81344K)] 209523K->128083K(768320K), 0.0043490 secs] [Times: user=0.02 sys=0.00, real=0.00 secs] 
2014-07-28T17:15:24.160+0000: 1288.374: [GC [PSYoungGen: 81088K->288K(80128K)] 208851K->128107K(767104K), 0.0041250 secs] [Times: user=0.03 sys=0.00, real=0.00 secs] 
2014-07-28T17:15:24.725+0000: 1288.938: [GC [PSYoungGen: 80096K->352K(79296K)] 207915K->128227K(766272K), 0.0034950 secs] [Times: user=0.02 sys=0.01, real=0.01 secs] 
2014-07-28T17:15:25.281+0000: 1289.495: [GC [PSYoungGen: 79264K->384K(78400K)] 207139K->128347K(765376K), 0.0045580 secs] [Times: user=0.03 sys=0.00, real=0.01 secs] 
2014-07-28T17:15:25.833+0000: 1290.047: [GC [PSYoungGen: 78400K->320K(77440K)] 206363K->128355K(764416K), 0.0044620 secs] [Times: user=0.03 sys=0.00, real=0.01 secs] 
2014-07-28T17:15:26.373+0000: 1290.586: [GC [PSYoungGen: 77440K->384K(76672K)] 205475K->128435K(763648K), 0.0041840 secs] [Times: user=0.02 sys=0.00, real=0.01 secs] 
2014-07-28T17:15:26.911+0000: 1291.125: [GC [PSYoungGen: 76672K->384K(75840K)] 204723K->128515K(762816K), 0.0050500 secs] [Times: user=0.03 sys=0.01, real=0.01 secs] 
2014-07-28T17:15:27.445+0000: 1291.659: [GC [PSYoungGen: 75810K->256K(74880K)] 203942K->128443K(761856K), 0.0048550 secs] [Times: user=0.03 sys=0.00, real=0.01 secs] 
2014-07-28T17:15:27.970+0000: 1292.184: [GC [PSYoungGen: 74880K->352K(74176K)] 203067K->128627K(761152K), 0.0068010 secs] [Times: user=0.05 sys=0.00, real=0.01 secs] 
2014-07-28T17:15:28.489+0000: 1292.703: [GC [PSYoungGen: 74144K->384K(73408K)] 202419K->128739K(760384K), 0.0045670 secs] [Times: user=0.03 sys=0.00, real=0.00 secs] 
2014-07-28T17:15:29.006+0000: 1293.220: [GC [PSYoungGen: 73408K->224K(72512K)] 201763K->128619K(759488K), 0.0040400 secs] [Times: user=0.02 sys=0.00, real=0.00 secs] 
2014-07-28T17:15:29.516+0000: 1293.729: [GC [PSYoungGen: 72480K->352K(81664K)] 200875K->128827K(768640K), 0.0081460 secs] [Times: user=0.05 sys=0.01, real=0.01 secs] 
2014-07-28T17:15:30.086+0000: 1294.300: [GC [PSYoungGen: 81568K->288K(80576K)] 210043K->128819K(767552K), 0.0031390 secs] [Times: user=0.01 sys=0.00, real=0.00 secs] 
2014-07-28T17:15:30.652+0000: 1294.865: [GC [PSYoungGen: 80526K->256K(79616K)] 209057K->128851K(766592K), 0.0027660 secs] [Times: user=0.02 sys=0.00, real=0.00 secs] 
2014-07-28T17:15:31.205+0000: 1295.419: [GC [PSYoungGen: 79592K->416K(78912K)] 208187K->129035K(765888K), 0.0033380 secs] [Times: user=0.02 sys=0.00, real=0.01 secs] 
2014-07-28T17:15:31.759+0000: 1295.973: [GC [PSYoungGen: 78880K->352K(77952K)] 207499K->129043K(764928K), 0.0040100 secs] [Times: user=0.03 sys=0.00, real=0.00 secs] 
2014-07-28T17:15:32.305+0000: 1296.519: [GC [PSYoungGen: 77898K->352K(77056K)] 206590K->129099K(764032K), 0.0062760 secs] [Times: user=0.04 sys=0.00, real=0.01 secs] 
2014-07-28T17:15:32.847+0000: 1297.061: [GC [PSYoungGen: 77024K->320K(80768K)] 205771K->129115K(767744K), 0.0095670 secs] [Times: user=0.04 sys=0.00, real=0.01 secs] 
2014-07-28T17:15:33.411+0000: 1297.625: [GC [PSYoungGen: 80768K->224K(79808K)] 209563K->129035K(766784K), 0.0036620 secs] [Times: user=0.01 sys=0.00, real=0.00 secs] 
2014-07-28T17:15:33.971+0000: 1298.185: [GC [PSYoungGen: 79776K->288K(78976K)] 208587K->129171K(765952K), 0.0032110 secs] [Times: user=0.01 sys=0.01, real=0.00 secs] 
2014-07-28T17:15:34.527+0000: 1298.741: [GC [PSYoungGen: 78944K->306K(78080K)] 207827K->129253K(765056K), 0.0031480 secs] [Times: user=0.02 sys=0.00, real=0.01 secs] 
2014-07-28T17:15:35.074+0000: 1299.288: [GC [PSYoungGen: 78066K->434K(77312K)] 207013K->129469K(764288K), 0.0021440 secs] [Times: user=0.02 sys=0.00, real=0.00 secs] 
2014-07-28T17:15:35.615+0000: 1299.828: [GC [PSYoungGen: 77298K->352K(76416K)] 206333K->129459K(763392K), 0.0043940 secs] [Times: user=0.03 sys=0.00, real=0.01 secs] 
2014-07-28T17:15:36.150+0000: 1300.364: [GC [PSYoungGen: 76384K->224K(75456K)] 205491K->129363K(762432K), 0.0058570 secs] [Times: user=0.04 sys=0.00, real=0.00 secs] 
2014-07-28T17:15:36.680+0000: 1300.894: [GC [PSYoungGen: 75424K->192K(74560K)] 204563K->129371K(761536K), 0.0044810 secs] [Times: user=0.03 sys=0.00, real=0.00 secs] 
2014-07-28T17:15:37.205+0000: 1301.418: [GC [PSYoungGen: 74560K->388K(73984K)] 203739K->129599K(760960K), 0.0038290 secs] [Times: user=0.02 sys=0.00, real=0.01 secs] 
2014-07-28T17:15:37.723+0000: 1301.937: [GC [PSYoungGen: 73924K->384K(73152K)] 203135K->129659K(760128K), 0.0040170 secs] [Times: user=0.02 sys=0.00, real=0.01 secs] 
2014-07-28T17:15:38.238+0000: 1302.452: [GC [PSYoungGen: 73152K->288K(72320K)] 202427K->129595K(759296K), 0.0027200 secs] [Times: user=0.01 sys=0.00, real=0.00 secs] 
2014-07-28T17:15:38.747+0000: 1302.961: [GC [PSYoungGen: 72288K->288K(71552K)] 201595K->129635K(758528K), 0.0051750 secs] [Times: user=0.02 sys=0.00, real=0.00 secs] 
2014-07-28T17:15:39.253+0000: 1303.467: [GC [PSYoungGen: 71520K->448K(70912K)] 200867K->129835K(757888K), 0.0021370 secs] [Times: user=0.01 sys=0.00, real=0.00 secs] 
2014-07-28T17:15:39.748+0000: 1303.962: [GC [PSYoungGen: 70912K->288K(70080K)] 200299K->129747K(757056K), 0.0039750 secs] [Times: user=0.03 sys=0.00, real=0.00 secs] 
2014-07-28T17:15:40.243+0000: 1304.457: [GC [PSYoungGen: 70048K->338K(69440K)] 199507K->129837K(756416K), 0.0044490 secs] [Times: user=0.03 sys=0.00, real=0.00 secs] 
2014-07-28T17:15:40.727+0000: 1304.940: [GC [PSYoungGen: 69394K->352K(68736K)] 198893K->129931K(755712K), 0.0057830 secs] [Times: user=0.04 sys=0.00, real=0.02 secs] 
2014-07-28T17:15:41.208+0000: 1305.422: [GC [PSYoungGen: 68704K->320K(67968K)] 198283K->129939K(754944K), 0.0038240 secs] [Times: user=0.01 sys=0.00, real=0.00 secs] 
2014-07-28T17:15:41.685+0000: 1305.899: [GC [PSYoungGen: 67968K->338K(67392K)] 197587K->130013K(754368K), 0.0051590 secs] [Times: user=0.03 sys=0.00, real=0.01 secs] 
2014-07-28T17:15:42.172+0000: 1306.386: [GC [PSYoungGen: 67346K->288K(66688K)] 197021K->130003K(753664K), 0.0028390 secs] [Times: user=0.02 sys=0.00, real=0.00 secs] 
2014-07-28T17:15:42.626+0000: 1306.839: [GC [PSYoungGen: 66656K->256K(65984K)] 196371K->130027K(752960K), 0.0027820 secs] [Times: user=0.01 sys=0.01, real=0.01 secs] 
2014-07-28T17:15:43.089+0000: 1307.302: [GC [PSYoungGen: 65984K->448K(65536K)] 195755K->130235K(752512K), 0.0035760 secs] [Times: user=0.02 sys=0.00, real=0.00 secs] 
2014-07-28T17:15:43.548+0000: 1307.762: [GC [PSYoungGen: 65536K->224K(64704K)] 195323K->130051K(751680K), 0.0045680 secs] [Times: user=0.02 sys=0.00, real=0.00 secs] 
2014-07-28T17:15:44.001+0000: 1308.215: [GC [PSYoungGen: 64639K->224K(64064K)] 194466K->130067K(751040K), 0.0043310 secs] [Times: user=0.02 sys=0.00, real=0.00 secs] 
2014-07-28T17:15:44.448+0000: 1308.662: [GC [PSYoungGen: 64012K->384K(63616K)] 193856K->130291K(750592K), 0.0040560 secs] [Times: user=0.03 sys=0.01, real=0.00 secs] 
2014-07-28T17:15:44.895+0000: 1309.109: [GC [PSYoungGen: 63616K->320K(62976K)] 193523K->130283K(749952K), 0.0028720 secs] [Times: user=0.02 sys=0.00, real=0.00 secs] 
2014-07-28T17:15:45.337+0000: 1309.551: [GC [PSYoungGen: 62969K->274K(62400K)] 192933K->130285K(749376K), 0.0046850 secs] [Times: user=0.02 sys=0.00, real=0.01 secs] 
2014-07-28T17:15:45.778+0000: 1309.992: [GC [PSYoungGen: 62354K->434K(61952K)] 192365K->130541K(748928K), 0.0025240 secs] [Times: user=0.01 sys=0.01, real=0.00 secs] 
2014-07-28T17:15:46.209+0000: 1310.423: [GC [PSYoungGen: 61938K->352K(74240K)] 192045K->130499K(761216K), 0.0116680 secs] [Times: user=0.07 sys=0.00, real=0.01 secs] 
2014-07-28T17:15:46.729+0000: 1310.943: [GC [PSYoungGen: 74208K->256K(75904K)] 204355K->130507K(762880K), 0.0029740 secs] [Times: user=0.02 sys=0.00, real=0.00 secs] 
2014-07-28T17:15:47.295+0000: 1311.509: [GC [PSYoungGen: 75904K->512K(76160K)] 206155K->130811K(763136K), 0.0057900 secs] [Times: user=0.03 sys=0.01, real=0.01 secs] 
2014-07-28T17:15:47.798+0000: 1312.012: [GC [PSYoungGen: 76160K->384K(91392K)] 206459K->130763K(778368K), 0.0061030 secs] [Times: user=0.04 sys=0.00, real=0.01 secs] 
2014-07-28T17:15:48.438+0000: 1312.652: [GC [PSYoungGen: 91157K->352K(91392K)] 221537K->130739K(778368K), 0.0056660 secs] [Times: user=0.04 sys=0.00, real=0.01 secs] 
2014-07-28T17:15:49.078+0000: 1313.292: [GC [PSYoungGen: 91168K->480K(90176K)] 221555K->130931K(777152K), 0.0035040 secs] [Times: user=0.02 sys=0.00, real=0.01 secs] 
2014-07-28T17:15:49.711+0000: 1313.925: [GC [PSYoungGen: 90144K->288K(88832K)] 220595K->130803K(775808K), 0.0048580 secs] [Times: user=0.03 sys=0.01, real=0.00 secs] 
2014-07-28T17:15:50.335+0000: 1314.549: [GC [PSYoungGen: 88761K->288K(87744K)] 219277K->130811K(774720K), 0.0042890 secs] [Times: user=0.02 sys=0.01, real=0.01 secs] 
2014-07-28T17:15:50.952+0000: 1315.166: [GC [PSYoungGen: 87696K->320K(86656K)] 218220K->130891K(773632K), 0.0021880 secs] [Times: user=0.01 sys=0.00, real=0.00 secs] 
2014-07-28T17:15:51.558+0000: 1315.772: [GC [PSYoungGen: 86656K->256K(85568K)] 217227K->130875K(772544K), 0.0052890 secs] [Times: user=0.04 sys=0.01, real=0.01 secs] 
2014-07-28T17:15:52.162+0000: 1316.376: [GC [PSYoungGen: 85568K->384K(84672K)] 216187K->131059K(771648K), 0.0028890 secs] [Times: user=0.02 sys=0.00, real=0.00 secs] 
2014-07-28T17:15:52.758+0000: 1316.972: [GC [PSYoungGen: 84672K->384K(83648K)] 215347K->131147K(770624K), 0.0034210 secs] [Times: user=0.02 sys=0.00, real=0.01 secs] 
2014-07-28T17:15:53.343+0000: 1317.556: [GC [PSYoungGen: 83648K->256K(82560K)] 214411K->131043K(769536K), 0.0039160 secs] [Times: user=0.02 sys=0.00, real=0.00 secs] 
2014-07-28T17:15:53.926+0000: 1318.140: [GC [PSYoungGen: 82551K->448K(81792K)] 213339K->131347K(768768K), 0.0049940 secs] [Times: user=0.03 sys=0.00, real=0.01 secs] 
2014-07-28T17:15:54.499+0000: 1318.713: [GC [PSYoungGen: 81792K->448K(80832K)] 212691K->131443K(767808K), 0.0059050 secs] [Times: user=0.03 sys=0.00, real=0.01 secs] 
2014-07-28T17:15:55.066+0000: 1319.279: [GC [PSYoungGen: 80832K->320K(79808K)] 211827K->131419K(766784K), 0.0051970 secs] [Times: user=0.03 sys=0.00, real=0.01 secs] 
2014-07-28T17:15:55.629+0000: 1319.843: [GC [PSYoungGen: 79791K->480K(79104K)] 210891K->131691K(766080K), 0.0044260 secs] [Times: user=0.02 sys=0.00, real=0.01 secs] 
2014-07-28T17:15:56.183+0000: 1320.397: [GC [PSYoungGen: 79072K->384K(78080K)] 210283K->131619K(765056K), 0.0056800 secs] [Times: user=0.04 sys=0.00, real=0.00 secs] 
2014-07-28T17:15:56.728+0000: 1320.942: [GC [PSYoungGen: 78080K->480K(77312K)] 209315K->131811K(764288K), 0.0045610 secs] [Times: user=0.03 sys=0.00, real=0.01 secs] 
2014-07-28T17:15:57.272+0000: 1321.486: [GC [PSYoungGen: 77280K->306K(76288K)] 208611K->131725K(763264K), 0.0048020 secs] [Times: user=0.03 sys=0.00, real=0.00 secs] 
2014-07-28T17:15:57.810+0000: 1322.023: [GC [PSYoungGen: 76274K->320K(75456K)] 207693K->131819K(762432K), 0.0069740 secs] [Times: user=0.05 sys=0.00, real=0.01 secs] 
2014-07-28T17:15:58.337+0000: 1322.551: [GC [PSYoungGen: 75453K->448K(74752K)] 206953K->131971K(761728K), 0.0044270 secs] [Times: user=0.03 sys=0.00, real=0.01 secs] 
2014-07-28T17:15:58.862+0000: 1323.076: [GC [PSYoungGen: 74752K->320K(89536K)] 206275K->131907K(776512K), 0.0088540 secs] [Times: user=0.06 sys=0.00, real=0.01 secs] 
2014-07-28T17:15:59.494+0000: 1323.708: [GC [PSYoungGen: 89536K->384K(88512K)] 221123K->131987K(775488K), 0.0031760 secs] [Times: user=0.02 sys=0.00, real=0.00 secs] 
2014-07-28T17:16:00.114+0000: 1324.328: [GC [PSYoungGen: 88512K->416K(87488K)] 220115K->132099K(774464K), 0.0057330 secs] [Times: user=0.04 sys=0.01, real=0.00 secs] 
2014-07-28T17:16:00.727+0000: 1324.941: [GC [PSYoungGen: 87456K->288K(86272K)] 219139K->132027K(773248K), 0.0056010 secs] [Times: user=0.04 sys=0.00, real=0.01 secs] 
2014-07-28T17:16:01.332+0000: 1325.546: [GC [PSYoungGen: 86240K->256K(85184K)] 217979K->132043K(772160K), 0.0048850 secs] [Times: user=0.03 sys=0.01, real=0.00 secs] 
2014-07-28T17:16:01.930+0000: 1326.143: [GC [PSYoungGen: 85184K->320K(84224K)] 216971K->132163K(771200K), 0.0040830 secs] [Times: user=0.02 sys=0.00, real=0.01 secs] 
2014-07-28T17:16:02.520+0000: 1326.734: [GC [PSYoungGen: 84224K->384K(83264K)] 216067K->132315K(770240K), 0.0054320 secs] [Times: user=0.03 sys=0.00, real=0.01 secs] 
2014-07-28T17:16:03.106+0000: 1327.320: [GC [PSYoungGen: 83264K->288K(82240K)] 215195K->132267K(769216K), 0.0080900 secs] [Times: user=0.04 sys=0.00, real=0.01 secs] 
2014-07-28T17:16:03.685+0000: 1327.899: [GC [PSYoungGen: 82208K->384K(81344K)] 214187K->132451K(768320K), 0.0055270 secs] [Times: user=0.03 sys=0.00, real=0.00 secs] 
2014-07-28T17:16:04.254+0000: 1328.468: [GC [PSYoungGen: 81344K->416K(80448K)] 213411K->132547K(767424K), 0.0053520 secs] [Times: user=0.03 sys=0.00, real=0.00 secs] 
2014-07-28T17:16:04.816+0000: 1329.030: [GC [PSYoungGen: 80404K->320K(79424K)] 212536K->132515K(766400K), 0.0044520 secs] [Times: user=0.01 sys=0.00, real=0.00 secs] 
2014-07-28T17:16:05.373+0000: 1329.587: [GC [PSYoungGen: 79401K->320K(78528K)] 211597K->132523K(765504K), 0.0060730 secs] [Times: user=0.04 sys=0.00, real=0.00 secs] 
2014-07-28T17:16:05.929+0000: 1330.143: [GC [PSYoungGen: 78517K->416K(77760K)] 210721K->132699K(764736K), 0.0062430 secs] [Times: user=0.03 sys=0.00, real=0.01 secs] 
2014-07-28T17:16:06.473+0000: 1330.686: [GC [PSYoungGen: 77728K->320K(76800K)] 210011K->132683K(763776K), 0.0024520 secs] [Times: user=0.01 sys=0.00, real=0.00 secs] 
2014-07-28T17:16:07.016+0000: 1331.230: [GC [PSYoungGen: 76800K->416K(76096K)] 209163K->132875K(763072K), 0.0062170 secs] [Times: user=0.03 sys=0.00, real=0.01 secs] 
2014-07-28T17:16:07.550+0000: 1331.764: [GC [PSYoungGen: 76064K->224K(75072K)] 208523K->132739K(762048K), 0.0060530 secs] [Times: user=0.04 sys=0.00, real=0.01 secs] 
2014-07-28T17:16:08.076+0000: 1332.290: [GC [PSYoungGen: 75040K->320K(74304K)] 207555K->132859K(761280K), 0.0056210 secs] [Times: user=0.03 sys=0.00, real=0.01 secs] 
2014-07-28T17:16:08.598+0000: 1332.812: [GC [PSYoungGen: 74304K->416K(89280K)] 206843K->133051K(776256K), 0.0059390 secs] [Times: user=0.04 sys=0.00, real=0.01 secs] 
2014-07-28T17:16:09.224+0000: 1333.438: [GC [PSYoungGen: 89248K->466K(102720K)] 221883K->133125K(789696K), 0.0080540 secs] [Times: user=0.05 sys=0.00, real=0.01 secs] 
2014-07-28T17:16:09.946+0000: 1334.160: [GC [PSYoungGen: 102610K->370K(101120K)] 235269K->133085K(788096K), 0.0043730 secs] [Times: user=0.02 sys=0.01, real=0.00 secs] 
2014-07-28T17:16:10.657+0000: 1334.871: [GC [PSYoungGen: 101106K->512K(99840K)] 233821K->133323K(786816K), 0.0040280 secs] [Times: user=0.02 sys=0.00, real=0.00 secs] 
2014-07-28T17:16:11.357+0000: 1335.571: [GC [PSYoungGen: 99840K->320K(98304K)] 232651K->133203K(785280K), 0.0067740 secs] [Times: user=0.05 sys=0.00, real=0.01 secs] 
2014-07-28T17:16:12.052+0000: 1336.266: [GC [PSYoungGen: 98304K->320K(106688K)] 231187K->133267K(793664K), 0.0109790 secs] [Times: user=0.07 sys=0.00, real=0.02 secs] 
2014-07-28T17:16:12.797+0000: 1337.011: [GC [PSYoungGen: 106432K->370K(104960K)] 239379K->133381K(791936K), 0.0040630 secs] [Times: user=0.02 sys=0.00, real=0.00 secs] 
2014-07-28T17:16:13.538+0000: 1337.752: [GC [PSYoungGen: 104946K->288K(103424K)] 237957K->133331K(790400K), 0.0068470 secs] [Times: user=0.04 sys=0.00, real=0.01 secs] 
2014-07-28T17:16:14.268+0000: 1338.482: [GC [PSYoungGen: 103392K->384K(102016K)] 236435K->133483K(788992K), 0.0061010 secs] [Times: user=0.04 sys=0.00, real=0.01 secs] 
2014-07-28T17:16:14.986+0000: 1339.200: [GC [PSYoungGen: 101978K->288K(100544K)] 235078K->133451K(787520K), 0.0062690 secs] [Times: user=0.05 sys=0.00, real=0.00 secs] 
2014-07-28T17:16:15.690+0000: 1339.904: [GC [PSYoungGen: 100512K->384K(99264K)] 233675K->133627K(786240K), 0.0063840 secs] [Times: user=0.04 sys=0.00, real=0.01 secs] 
2014-07-28T17:16:16.392+0000: 1340.605: [GC [PSYoungGen: 99264K->352K(97920K)] 232507K->133643K(784896K), 0.0045350 secs] [Times: user=0.03 sys=0.00, real=0.01 secs] 
2014-07-28T17:16:17.080+0000: 1341.294: [GC [PSYoungGen: 97887K->256K(96512K)] 231179K->133603K(783488K), 0.0071450 secs] [Times: user=0.05 sys=0.00, real=0.01 secs] 
2014-07-28T17:16:17.761+0000: 1341.975: [GC [PSYoungGen: 96464K->466K(95488K)] 229812K->133917K(782464K), 0.0056510 secs] [Times: user=0.03 sys=0.01, real=0.01 secs] 
2014-07-28T17:16:18.431+0000: 1342.645: [GC [PSYoungGen: 95442K->288K(94080K)] 228893K->133763K(781056K), 0.0042300 secs] [Times: user=0.02 sys=0.00, real=0.01 secs] 
2014-07-28T17:16:19.098+0000: 1343.312: [GC [PSYoungGen: 94048K->448K(92992K)] 227523K->134011K(779968K), 0.0052320 secs] [Times: user=0.03 sys=0.00, real=0.01 secs] 
2014-07-28T17:16:19.747+0000: 1343.960: [GC [PSYoungGen: 92992K->288K(91648K)] 226555K->133907K(778624K), 0.0040860 secs] [Times: user=0.03 sys=0.00, real=0.00 secs] 
2014-07-28T17:16:20.393+0000: 1344.607: [GC [PSYoungGen: 91616K->384K(90560K)] 225235K->134019K(777536K), 0.0045870 secs] [Times: user=0.02 sys=0.00, real=0.01 secs] 
2014-07-28T17:16:21.030+0000: 1345.244: [GC [PSYoungGen: 90537K->352K(89408K)] 224173K->134067K(776384K), 0.0042410 secs] [Times: user=0.03 sys=0.00, real=0.01 secs] 
2014-07-28T17:16:21.660+0000: 1345.873: [GC [PSYoungGen: 89376K->384K(88320K)] 223091K->134187K(775296K), 0.0055740 secs] [Times: user=0.03 sys=0.00, real=0.01 secs] 
2014-07-28T17:16:22.281+0000: 1346.494: [GC [PSYoungGen: 88320K->320K(87168K)] 222123K->134163K(774144K), 0.0067030 secs] [Times: user=0.04 sys=0.00, real=0.01 secs] 
2014-07-28T17:16:22.896+0000: 1347.110: [GC [PSYoungGen: 87168K->384K(86144K)] 221011K->134275K(773120K), 0.0045050 secs] [Times: user=0.03 sys=0.00, real=0.00 secs] 
2014-07-28T17:16:23.504+0000: 1347.717: [GC [PSYoungGen: 86144K->224K(84992K)] 220035K->134163K(771968K), 0.0044700 secs] [Times: user=0.03 sys=0.00, real=0.01 secs] 
2014-07-28T17:16:24.101+0000: 1348.314: [GC [PSYoungGen: 84960K->224K(83968K)] 218899K->134203K(770944K), 0.0074760 secs] [Times: user=0.04 sys=0.01, real=0.01 secs] 
2014-07-28T17:16:24.688+0000: 1348.901: [GC [PSYoungGen: 83936K->352K(83072K)] 217915K->134411K(770048K), 0.0051990 secs] [Times: user=0.04 sys=0.00, real=0.00 secs] 
2014-07-28T17:16:25.274+0000: 1349.488: [GC [PSYoungGen: 83040K->288K(82048K)] 217099K->134395K(769024K), 0.0050100 secs] [Times: user=0.03 sys=0.00, real=0.00 secs] 
2014-07-28T17:16:25.851+0000: 1350.065: [GC [PSYoungGen: 81990K->352K(81152K)] 216098K->134531K(768128K), 0.0030990 secs] [Times: user=0.02 sys=0.00, real=0.00 secs] 
2014-07-28T17:16:26.421+0000: 1350.635: [GC [PSYoungGen: 81120K->352K(80192K)] 215299K->134563K(767168K), 0.0064070 secs] [Times: user=0.04 sys=0.01, real=0.01 secs] 
2014-07-28T17:16:26.989+0000: 1351.203: [GC [PSYoungGen: 80160K->288K(79232K)] 214371K->134571K(766208K), 0.0039940 secs] [Times: user=0.03 sys=0.01, real=0.00 secs] 
2014-07-28T17:16:27.547+0000: 1351.761: [GC [PSYoungGen: 79200K->288K(78336K)] 213483K->134603K(765312K), 0.0084670 secs] [Times: user=0.05 sys=0.01, real=0.01 secs] 
2014-07-28T17:16:28.097+0000: 1352.310: [GC [PSYoungGen: 78304K->438K(77568K)] 212619K->134889K(764544K), 0.0046320 secs] [Times: user=0.03 sys=0.00, real=0.00 secs] 
2014-07-28T17:16:28.638+0000: 1352.852: [GC [PSYoungGen: 77558K->320K(76608K)] 212009K->134835K(763584K), 0.0040810 secs] [Times: user=0.02 sys=0.00, real=0.00 secs] 
2014-07-28T17:16:29.175+0000: 1353.389: [GC [PSYoungGen: 76608K->320K(91904K)] 211123K->134859K(778880K), 0.0112930 secs] [Times: user=0.08 sys=0.01, real=0.01 secs] 
2014-07-28T17:16:29.824+0000: 1354.038: [GC [PSYoungGen: 91904K->320K(110272K)] 226443K->134923K(797248K), 0.0041810 secs] [Times: user=0.02 sys=0.00, real=0.01 secs] 
2014-07-28T17:16:30.595+0000: 1354.809: [GC [PSYoungGen: 110272K->448K(108800K)] 244875K->135059K(795776K), 0.0042220 secs] [Times: user=0.02 sys=0.00, real=0.01 secs] 
2014-07-28T17:16:31.361+0000: 1355.575: [GC [PSYoungGen: 108800K->416K(107200K)] 243411K->135099K(794176K), 0.0042770 secs] [Times: user=0.02 sys=0.00, real=0.01 secs] 
2014-07-28T17:16:32.129+0000: 1356.343: [GC [PSYoungGen: 107168K->320K(105536K)] 241851K->135091K(792512K), 0.0040800 secs] [Times: user=0.01 sys=0.01, real=0.00 secs] 
2014-07-28T17:16:32.850+0000: 1357.064: [GC [PSYoungGen: 105533K->352K(104128K)] 240305K->135187K(791104K), 0.0034100 secs] [Times: user=0.01 sys=0.01, real=0.00 secs] 
2014-07-28T17:16:33.579+0000: 1357.793: [GC [PSYoungGen: 104096K->416K(102720K)] 238931K->135267K(789696K), 0.0040770 secs] [Times: user=0.03 sys=0.00, real=0.00 secs] 
2014-07-28T17:16:34.300+0000: 1358.514: [GC [PSYoungGen: 102688K->352K(101248K)] 237539K->135251K(788224K), 0.0043510 secs] [Times: user=0.03 sys=0.01, real=0.00 secs] 
2014-07-28T17:16:35.011+0000: 1359.225: [GC [PSYoungGen: 101216K->288K(99776K)] 236115K->135243K(786752K), 0.0041470 secs] [Times: user=0.02 sys=0.00, real=0.00 secs] 
2014-07-28T17:16:35.711+0000: 1359.925: [GC [PSYoungGen: 99744K->320K(98432K)] 234699K->135339K(785408K), 0.0044320 secs] [Times: user=0.03 sys=0.01, real=0.00 secs] 
2014-07-28T17:16:36.402+0000: 1360.616: [GC [PSYoungGen: 98432K->384K(97152K)] 233451K->135451K(784128K), 0.0091090 secs] [Times: user=0.06 sys=0.00, real=0.01 secs] 
2014-07-28T17:16:37.084+0000: 1361.297: [GC [PSYoungGen: 97152K->320K(95808K)] 232219K->135435K(782784K), 0.0036760 secs] [Times: user=0.02 sys=0.01, real=0.01 secs] 
2014-07-28T17:16:37.760+0000: 1361.973: [GC [PSYoungGen: 95808K->370K(94592K)] 230923K->135549K(781568K), 0.0070340 secs] [Times: user=0.03 sys=0.00, real=0.01 secs] 
2014-07-28T17:16:38.432+0000: 1362.646: [GC [PSYoungGen: 94578K->512K(93504K)] 229757K->135803K(780480K), 0.0055710 secs] [Times: user=0.03 sys=0.00, real=0.01 secs] 
2014-07-28T17:16:39.099+0000: 1363.313: [GC [PSYoungGen: 93482K->192K(91968K)] 228774K->135499K(778944K), 0.0065530 secs] [Times: user=0.67 sys=0.55, real=1.24 secs] 
2014-07-28T17:16:40.591+0000: 1364.805: [GC [PSYoungGen: 91968K->224K(110720K)] 227275K->135579K(797696K), 0.0051380 secs] [Times: user=0.04 sys=0.00, real=0.00 secs] 
2014-07-28T17:16:41.364+0000: 1365.577: [GC [PSYoungGen: 110303K->288K(108800K)] 245659K->135707K(795776K), 0.0029070 secs] [Times: user=0.01 sys=0.00, real=0.00 secs] 
2014-07-28T17:16:42.132+0000: 1366.345: [GC [PSYoungGen: 108728K->320K(107200K)] 244148K->135795K(794176K), 0.0025870 secs] [Times: user=0.02 sys=0.00, real=0.00 secs] 
2014-07-28T17:16:42.883+0000: 1367.097: [GC [PSYoungGen: 107200K->256K(105600K)] 242675K->135731K(792576K), 0.0060420 secs] [Times: user=0.04 sys=0.00, real=0.01 secs] 
2014-07-28T17:16:43.624+0000: 1367.838: [GC [PSYoungGen: 105600K->288K(104192K)] 241075K->135827K(791168K), 0.0066710 secs] [Times: user=0.05 sys=0.00, real=0.01 secs] 
2014-07-28T17:16:44.361+0000: 1368.574: [GC [PSYoungGen: 104160K->416K(102848K)] 239699K->136051K(789824K), 0.0040680 secs] [Times: user=0.03 sys=0.00, real=0.00 secs] 
2014-07-28T17:16:45.084+0000: 1369.297: [GC [PSYoungGen: 102816K->224K(101248K)] 238451K->135899K(788224K), 0.0053810 secs] [Times: user=0.03 sys=0.00, real=0.01 secs] 
2014-07-28T17:16:45.845+0000: 1370.058: [GC [PSYoungGen: 101216K->498K(100096K)] 236891K->136181K(787072K), 0.0042610 secs] [Times: user=0.03 sys=0.01, real=0.01 secs] 
2014-07-28T17:16:46.613+0000: 1370.827: [GC [PSYoungGen: 100082K->306K(98560K)] 235765K->136005K(785536K), 0.0124480 secs] [Times: user=0.07 sys=0.01, real=0.01 secs] 
2014-07-28T17:16:47.341+0000: 1371.554: [GC [PSYoungGen: 98546K->320K(97216K)] 234245K->136075K(784192K), 0.0039050 secs] [Times: user=0.02 sys=0.00, real=0.00 secs] 
2014-07-28T17:16:48.022+0000: 1372.236: [GC [PSYoungGen: 97216K->384K(96000K)] 232971K->136155K(782976K), 0.0042010 secs] [Times: user=0.02 sys=0.01, real=0.00 secs] 
2014-07-28T17:16:48.698+0000: 1372.912: [GC [PSYoungGen: 96000K->320K(94656K)] 231771K->136155K(781632K), 0.0039420 secs] [Times: user=0.02 sys=0.00, real=0.00 secs] 
2014-07-28T17:16:49.367+0000: 1373.580: [GC [PSYoungGen: 94656K->352K(93504K)] 230491K->136251K(780480K), 0.0041320 secs] [Times: user=0.03 sys=0.00, real=0.01 secs] 
2014-07-28T17:16:50.023+0000: 1374.236: [GC [PSYoungGen: 93472K->288K(92224K)] 229371K->136251K(779200K), 0.0058390 secs] [Times: user=0.03 sys=0.01, real=0.01 secs] 
2014-07-28T17:16:50.671+0000: 1374.884: [GC [PSYoungGen: 92192K->256K(91008K)] 228155K->136243K(777984K), 0.0029630 secs] [Times: user=0.02 sys=0.00, real=0.00 secs] 
2014-07-28T17:16:51.317+0000: 1375.531: [GC [PSYoungGen: 91008K->256K(89856K)] 226995K->136299K(776832K), 0.0065870 secs] [Times: user=0.04 sys=0.00, real=0.01 secs] 
2014-07-28T17:16:51.948+0000: 1376.162: [GC [PSYoungGen: 89851K->224K(88704K)] 225895K->136299K(775680K), 0.0059900 secs] [Times: user=0.03 sys=0.01, real=0.00 secs] 
2014-07-28T17:16:52.627+0000: 1376.841: [GC [PSYoungGen: 88672K->224K(87616K)] 224747K->136315K(774592K), 0.0040340 secs] [Times: user=0.01 sys=0.01, real=0.01 secs] 
2014-07-28T17:16:53.300+0000: 1377.514: [GC [PSYoungGen: 87584K->256K(86528K)] 223675K->136363K(773504K), 0.0039900 secs] [Times: user=0.01 sys=0.01, real=0.00 secs] 
2014-07-28T17:16:53.967+0000: 1378.181: [GC [PSYoungGen: 86528K->512K(85760K)] 222635K->136651K(772736K), 0.0056560 secs] [Times: user=0.04 sys=0.01, real=0.01 secs] 
2014-07-28T17:16:54.608+0000: 1378.822: [GC [PSYoungGen: 85760K->320K(84544K)] 221899K->136523K(771520K), 0.0032830 secs] [Times: user=0.01 sys=0.01, real=0.01 secs] 
2014-07-28T17:16:55.183+0000: 1379.396: [GC [PSYoungGen: 84544K->224K(83456K)] 220747K->136459K(770432K), 0.0035030 secs] [Times: user=0.02 sys=0.00, real=0.00 secs] 
2014-07-28T17:16:55.767+0000: 1379.981: [GC [PSYoungGen: 83421K->192K(82432K)] 219657K->136451K(769408K), 0.0033670 secs] [Times: user=0.02 sys=0.00, real=0.01 secs] 
2014-07-28T17:16:56.351+0000: 1380.565: [GC [PSYoungGen: 82432K->256K(81536K)] 218691K->136555K(768512K), 0.0065950 secs] [Times: user=0.04 sys=0.01, real=0.00 secs] 
2014-07-28T17:16:56.925+0000: 1381.139: [GC [PSYoungGen: 81536K->224K(80576K)] 217835K->136563K(767552K), 0.0037890 secs] [Times: user=0.02 sys=0.01, real=0.01 secs] 
2014-07-28T17:16:57.488+0000: 1381.702: [GC [PSYoungGen: 80544K->192K(79616K)] 216883K->136563K(766592K), 0.0029220 secs] [Times: user=0.02 sys=0.00, real=0.01 secs] 
2014-07-28T17:16:58.050+0000: 1382.264: [GC [PSYoungGen: 79616K->192K(78720K)] 215987K->136587K(765696K), 0.0032300 secs] [Times: user=0.02 sys=0.00, real=0.00 secs] 
2014-07-28T17:16:58.605+0000: 1382.819: [GC [PSYoungGen: 78702K->224K(77888K)] 215098K->136651K(764864K), 0.0057110 secs] [Times: user=0.03 sys=0.01, real=0.01 secs] 
2014-07-28T17:16:59.154+0000: 1383.367: [GC [PSYoungGen: 77856K->320K(77056K)] 214283K->136795K(764032K), 0.0070960 secs] [Times: user=0.04 sys=0.01, real=0.01 secs] 
2014-07-28T17:16:59.697+0000: 1383.911: [GC [PSYoungGen: 77056K->224K(92352K)] 213531K->136699K(779328K), 0.0139760 secs] [Times: user=0.05 sys=0.02, real=0.02 secs] 
2014-07-28T17:17:00.401+0000: 1384.615: [GC [PSYoungGen: 92320K->434K(104192K)] 228795K->136981K(791168K), 0.0035120 secs] [Times: user=0.01 sys=0.01, real=0.00 secs] 
2014-07-28T17:17:01.224+0000: 1385.438: [GC [PSYoungGen: 104114K->402K(102656K)] 240661K->137005K(789632K), 0.0033450 secs] [Times: user=1.67 sys=1.11, real=1.33 secs] 
2014-07-28T17:17:03.189+0000: 1387.402: [GC [PSYoungGen: 102610K->256K(101056K)] 239213K->136859K(788032K), 0.0025940 secs] [Times: user=0.02 sys=0.00, real=0.01 secs] 
2014-07-28T17:17:03.896+0000: 1388.110: [GC [PSYoungGen: 101056K->416K(99840K)] 237659K->137107K(786816K), 0.0040950 secs] [Times: user=0.03 sys=0.00, real=0.01 secs] 
2014-07-28T17:17:04.658+0000: 1388.871: [GC [PSYoungGen: 99808K->306K(98368K)] 236499K->137013K(785344K), 0.0047010 secs] [Times: user=0.02 sys=0.01, real=0.01 secs] 
2014-07-28T17:17:05.409+0000: 1389.623: [GC [PSYoungGen: 98354K->306K(97024K)] 235061K->137045K(784000K), 0.0081480 secs] [Times: user=0.04 sys=0.01, real=0.01 secs] 
2014-07-28T17:17:06.150+0000: 1390.364: [GC [PSYoungGen: 96974K->370K(95808K)] 233714K->137125K(782784K), 0.0033470 secs] [Times: user=0.02 sys=0.01, real=0.01 secs] 
2014-07-28T17:17:06.884+0000: 1391.097: [GC [PSYoungGen: 95794K->288K(94464K)] 232549K->137099K(781440K), 0.0053360 secs] [Times: user=0.03 sys=0.01, real=0.00 secs] 
2014-07-28T17:17:07.574+0000: 1391.788: [GC [PSYoungGen: 94432K->274K(93248K)] 231243K->137101K(780224K), 0.0048120 secs] [Times: user=0.02 sys=0.01, real=0.00 secs] 
2014-07-28T17:17:08.272+0000: 1392.486: [GC [PSYoungGen: 93202K->256K(91968K)] 230029K->137099K(778944K), 0.0048960 secs] [Times: user=0.02 sys=0.01, real=0.00 secs] 
2014-07-28T17:17:08.990+0000: 1393.204: [GC [PSYoungGen: 91968K->352K(90944K)] 228811K->137211K(777920K), 0.0036430 secs] [Times: user=0.01 sys=0.01, real=0.01 secs] 
2014-07-28T17:17:09.666+0000: 1393.879: [GC [PSYoungGen: 90912K->288K(89728K)] 227771K->137195K(776704K), 0.0113820 secs] [Times: user=0.05 sys=0.01, real=0.01 secs] 
2014-07-28T17:17:10.383+0000: 1394.597: [GC [PSYoungGen: 89696K->384K(88704K)] 226603K->137355K(775680K), 0.0027430 secs] [Times: user=0.02 sys=0.00, real=0.00 secs] 
2014-07-28T17:17:11.178+0000: 1395.392: [GC [PSYoungGen: 88704K->288K(87552K)] 225675K->137331K(774528K), 0.0036010 secs] [Times: user=0.01 sys=0.00, real=0.01 secs] 
2014-07-28T17:17:11.734+0000: 1395.948: [GC [PSYoungGen: 87475K->256K(86400K)] 224519K->137347K(773376K), 0.0049730 secs] [Times: user=0.04 sys=0.00, real=0.00 secs] 
2014-07-28T17:17:12.391+0000: 1396.605: [GC [PSYoungGen: 86400K->338K(85504K)] 223491K->137469K(772480K), 0.0093650 secs] [Times: user=0.05 sys=0.01, real=0.01 secs] 
2014-07-28T17:17:12.987+0000: 1397.201: [GC [PSYoungGen: 85458K->256K(84352K)] 222589K->137411K(771328K), 0.0046570 secs] [Times: user=0.02 sys=0.01, real=0.01 secs] 
2014-07-28T17:17:13.578+0000: 1397.792: [GC [PSYoungGen: 84352K->320K(83392K)] 221507K->137515K(770368K), 0.0078200 secs] [Times: user=0.05 sys=0.01, real=0.01 secs] 
2014-07-28T17:17:14.165+0000: 1398.379: [GC [PSYoungGen: 83392K->224K(99968K)] 220587K->137451K(786944K), 0.0132380 secs] [Times: user=0.08 sys=0.01, real=0.01 secs] 
2014-07-28T17:17:14.868+0000: 1399.082: [GC [PSYoungGen: 99936K->288K(107584K)] 237163K->137531K(794560K), 0.0064190 secs] [Times: user=0.04 sys=0.01, real=0.01 secs] 
2014-07-28T17:17:15.622+0000: 1399.836: [GC [PSYoungGen: 107488K->256K(107648K)] 244731K->137547K(794624K), 0.0035270 secs] [Times: user=0.02 sys=0.00, real=0.00 secs] 
2014-07-28T17:17:16.376+0000: 1400.590: [GC [PSYoungGen: 107456K->352K(106048K)] 244747K->137731K(793024K), 0.0040810 secs] [Times: user=0.02 sys=0.00, real=0.00 secs] 
2014-07-28T17:17:17.197+0000: 1401.411: [GC [PSYoungGen: 106016K->352K(104512K)] 243395K->137755K(791488K), 0.0072870 secs] [Times: user=0.05 sys=0.01, real=0.01 secs] 
2014-07-28T17:17:18.003+0000: 1402.217: [GC [PSYoungGen: 104480K->192K(102848K)] 241883K->137757K(789824K), 0.0026790 secs] [Times: user=0.01 sys=0.00, real=0.00 secs] 
2014-07-28T17:17:18.812+0000: 1403.026: [GC [PSYoungGen: 102848K->448K(101696K)] 240413K->138141K(788672K), 0.0053610 secs] [Times: user=0.38 sys=0.26, real=0.32 secs] 
2014-07-28T17:17:19.668+0000: 1403.882: [GC [PSYoungGen: 101657K->320K(100160K)] 239351K->138077K(787136K), 0.0091740 secs] [Times: user=0.06 sys=0.01, real=0.01 secs] 
2014-07-28T17:17:20.353+0000: 1404.567: [GC [PSYoungGen: 100160K->416K(98944K)] 237917K->138261K(785920K), 0.0042640 secs] [Times: user=0.03 sys=0.00, real=0.00 secs] 
2014-07-28T17:17:21.080+0000: 1405.294: [GC [PSYoungGen: 98906K->288K(97472K)] 236752K->138149K(784448K), 0.0097470 secs] [Times: user=0.05 sys=0.01, real=0.01 secs] 
2014-07-28T17:17:21.828+0000: 1406.042: [GC [PSYoungGen: 97440K->512K(96384K)] 235301K->138421K(783360K), 0.0076110 secs] [Times: user=0.04 sys=0.00, real=0.01 secs] 
2014-07-28T17:17:22.563+0000: 1406.777: [GC [PSYoungGen: 96384K->384K(115456K)] 234293K->138365K(802432K), 0.0103860 secs] [Times: user=0.06 sys=0.02, real=0.01 secs] 
2014-07-28T17:17:23.328+0000: 1407.542: [GC [PSYoungGen: 115456K->288K(113664K)] 253437K->138325K(800640K), 0.0043520 secs] [Times: user=0.02 sys=0.01, real=0.00 secs] 
2014-07-28T17:17:24.128+0000: 1408.341: [GC [PSYoungGen: 113632K->192K(111808K)] 251669K->138261K(798784K), 0.0031860 secs] [Times: user=0.01 sys=0.00, real=0.00 secs] 
2014-07-28T17:17:24.957+0000: 1409.171: [GC [PSYoungGen: 111808K->256K(110208K)] 249877K->138357K(797184K), 0.0113110 secs] [Times: user=0.07 sys=0.02, real=0.01 secs] 
2014-07-28T17:17:25.800+0000: 1410.014: [GC [PSYoungGen: 110208K->320K(108672K)] 248309K->138461K(795648K), 0.0066770 secs] [Times: user=0.04 sys=0.00, real=0.01 secs] 
2014-07-28T17:17:26.582+0000: 1410.796: [GC [PSYoungGen: 108625K->320K(107072K)] 246767K->138509K(794048K), 0.0064510 secs] [Times: user=0.03 sys=0.01, real=0.01 secs] 
2014-07-28T17:17:27.333+0000: 1411.546: [GC [PSYoungGen: 107072K->256K(105472K)] 245261K->138509K(792448K), 0.0047930 secs] [Times: user=0.02 sys=0.01, real=0.01 secs] 
2014-07-28T17:17:28.071+0000: 1412.285: [GC [PSYoungGen: 105472K->256K(104000K)] 243725K->138557K(790976K), 0.0069820 secs] [Times: user=0.04 sys=0.01, real=0.01 secs] 
2014-07-28T17:17:28.799+0000: 1413.013: [GC [PSYoungGen: 104000K->416K(102720K)] 242301K->138805K(789696K), 0.0037110 secs] [Times: user=0.02 sys=0.00, real=0.00 secs] 
2014-07-28T17:17:29.521+0000: 1413.735: [GC [PSYoungGen: 102658K->288K(101184K)] 241048K->138733K(788160K), 0.0043360 secs] [Times: user=0.02 sys=0.01, real=0.01 secs] 
2014-07-28T17:17:30.233+0000: 1414.447: [GC [PSYoungGen: 101152K->224K(99712K)] 239597K->138701K(786688K), 0.0075650 secs] [Times: user=0.04 sys=0.01, real=0.01 secs] 
2014-07-28T17:17:30.930+0000: 1415.144: [GC [PSYoungGen: 99680K->320K(98432K)] 238157K->138861K(785408K), 0.0065130 secs] [Times: user=0.04 sys=0.00, real=0.01 secs] 
2014-07-28T17:17:31.647+0000: 1415.860: [GC [PSYoungGen: 98432K->256K(97024K)] 236973K->138813K(784000K), 0.0102340 secs] [Times: user=0.05 sys=0.01, real=0.01 secs] 
2014-07-28T17:17:32.398+0000: 1416.612: [GC [PSYoungGen: 97024K->384K(95872K)] 235581K->139005K(782848K), 0.0052170 secs] [Times: user=0.04 sys=0.00, real=0.00 secs] 
2014-07-28T17:17:33.123+0000: 1417.337: [GC [PSYoungGen: 95872K->448K(94656K)] 234493K->139085K(781632K), 0.0059200 secs] [Times: user=0.01 sys=0.01, real=0.01 secs] 
2014-07-28T17:17:33.845+0000: 1418.059: [GC [PSYoungGen: 94632K->288K(93312K)] 233270K->138957K(780288K), 0.0079510 secs] [Times: user=0.04 sys=0.00, real=0.01 secs] 
2014-07-28T17:17:34.573+0000: 1418.787: [GC [PSYoungGen: 93280K->320K(92096K)] 231949K->139021K(779072K), 0.0085940 secs] [Times: user=0.05 sys=0.00, real=0.01 secs] 
2014-07-28T17:17:35.272+0000: 1419.486: [GC [PSYoungGen: 92096K->320K(90944K)] 230797K->139077K(777920K), 0.0044300 secs] [Times: user=0.03 sys=0.01, real=0.01 secs] 
2014-07-28T17:17:35.978+0000: 1420.192: [GC [PSYoungGen: 90944K->352K(89856K)] 229701K->139165K(776832K), 0.0043280 secs] [Times: user=0.03 sys=0.01, real=0.00 secs] 
2014-07-28T17:17:36.612+0000: 1420.825: [GC [PSYoungGen: 89824K->288K(88640K)] 228637K->139157K(775616K), 0.0056650 secs] [Times: user=0.03 sys=0.01, real=0.01 secs] 
2014-07-28T17:17:37.243+0000: 1421.456: [GC [PSYoungGen: 88587K->160K(106176K)] 227457K->139045K(793152K), 0.0189710 secs] [Times: user=0.10 sys=0.02, real=0.02 secs] 
2014-07-28T17:17:37.992+0000: 1422.206: [GC [PSYoungGen: 106144K->288K(123264K)] 245029K->139213K(810240K), 0.0040980 secs] [Times: user=0.02 sys=0.00, real=0.01 secs] 
2014-07-28T17:17:38.864+0000: 1423.077: [GC [PSYoungGen: 123040K->288K(127744K)] 261965K->139285K(814720K), 0.0050020 secs] [Times: user=0.03 sys=0.01, real=0.01 secs] 
2014-07-28T17:17:39.762+0000: 1423.976: [GC [PSYoungGen: 127520K->192K(125376K)] 266517K->139213K(812352K), 0.0032640 secs] [Times: user=0.02 sys=0.00, real=0.00 secs] 
2014-07-28T17:17:40.654+0000: 1424.868: [GC [PSYoungGen: 125376K->288K(123520K)] 264397K->139333K(810496K), 0.0037490 secs] [Times: user=0.02 sys=0.00, real=0.01 secs] 
2014-07-28T17:17:41.603+0000: 1425.817: [GC [PSYoungGen: 123488K->352K(121600K)] 262533K->139437K(808576K), 0.0079990 secs] [Times: user=0.04 sys=0.01, real=0.01 secs] 
2014-07-28T17:17:42.543+0000: 1426.757: [GC [PSYoungGen: 121568K->242K(119552K)] 260653K->139431K(806528K), 0.0052720 secs] [Times: user=0.03 sys=0.00, real=0.01 secs] 
2014-07-28T17:17:43.482+0000: 1427.696: [GC [PSYoungGen: 119538K->370K(117824K)] 258727K->139591K(804800K), 0.0029080 secs] [Times: user=0.02 sys=0.00, real=0.00 secs] 
2014-07-28T17:17:44.352+0000: 1428.565: [GC [PSYoungGen: 117772K->224K(115904K)] 256994K->139485K(802880K), 0.0068830 secs] [Times: user=0.04 sys=0.00, real=0.01 secs] 
2014-07-28T17:17:45.169+0000: 1429.382: [GC [PSYoungGen: 115872K->224K(114176K)] 255133K->139525K(801152K), 0.0033930 secs] [Times: user=0.02 sys=0.00, real=0.00 secs] 
2014-07-28T17:17:45.970+0000: 1430.183: [GC [PSYoungGen: 114144K->256K(112448K)] 253445K->139605K(799424K), 0.0052340 secs] [Times: user=0.04 sys=0.01, real=0.00 secs] 
2014-07-28T17:17:46.761+0000: 1430.974: [GC [PSYoungGen: 112448K->288K(110848K)] 251797K->139701K(797824K), 0.0024040 secs] [Times: user=0.02 sys=0.00, real=0.00 secs] 
2014-07-28T17:17:47.576+0000: 1431.789: [GC [PSYoungGen: 110816K->352K(109312K)] 250229K->139829K(796288K), 0.0117460 secs] [Times: user=0.08 sys=0.01, real=0.02 secs] 
2014-07-28T17:17:48.328+0000: 1432.542: [GC [PSYoungGen: 109280K->256K(107584K)] 248757K->139773K(794560K), 0.0028670 secs] [Times: user=0.02 sys=0.00, real=0.00 secs] 
2014-07-28T17:17:49.089+0000: 1433.303: [GC [PSYoungGen: 107584K->256K(106048K)] 247101K->139821K(793024K), 0.0055190 secs] [Times: user=0.03 sys=0.00, real=0.00 secs] 
2014-07-28T17:17:49.898+0000: 1434.111: [GC [PSYoungGen: 106029K->384K(104640K)] 245594K->140005K(791616K), 0.0035810 secs] [Times: user=0.02 sys=0.00, real=0.00 secs] 
2014-07-28T17:17:50.727+0000: 1434.941: [GC [PSYoungGen: 104640K->306K(103104K)] 244261K->139951K(790080K), 0.0039690 secs] [Times: user=0.02 sys=0.00, real=0.00 secs] 
2014-07-28T17:17:51.674+0000: 1435.887: [GC [PSYoungGen: 103090K->370K(101760K)] 242735K->140121K(788736K), 0.0034210 secs] [Times: user=0.02 sys=0.00, real=0.00 secs] 
2014-07-28T17:17:52.508+0000: 1436.722: [GC [PSYoungGen: 101746K->246K(100224K)] 241497K->140199K(787200K), 0.0078820 secs] [Times: user=0.04 sys=0.01, real=0.00 secs] 
2014-07-28T17:17:53.169+0000: 1437.383: [GC [PSYoungGen: 100214K->256K(98880K)] 240167K->140391K(785856K), 0.0026220 secs] [Times: user=0.01 sys=0.00, real=0.00 secs] 
2014-07-28T17:17:53.862+0000: 1438.076: [GC [PSYoungGen: 98880K->192K(97472K)] 239015K->140375K(784448K), 0.0054880 secs] [Times: user=0.04 sys=0.00, real=0.00 secs] 
2014-07-28T17:17:54.548+0000: 1438.762: [GC [PSYoungGen: 97472K->416K(96448K)] 237655K->140679K(783424K), 0.0032200 secs] [Times: user=0.02 sys=0.01, real=0.00 secs] 
2014-07-28T17:17:55.223+0000: 1439.437: [GC [PSYoungGen: 96416K->370K(95104K)] 236679K->140682K(782080K), 0.0049490 secs] [Times: user=0.02 sys=0.01, real=0.01 secs] 
2014-07-28T17:17:55.901+0000: 1440.115: [GC [PSYoungGen: 95090K->352K(93888K)] 235402K->140727K(780864K), 0.0040250 secs] [Times: user=0.03 sys=0.01, real=0.00 secs] 
2014-07-28T17:17:56.569+0000: 1440.783: [GC [PSYoungGen: 93856K->288K(92608K)] 234231K->140727K(779584K), 0.0033930 secs] [Times: user=0.02 sys=0.01, real=0.00 secs] 
2014-07-28T17:17:57.222+0000: 1441.436: [GC [PSYoungGen: 92576K->320K(91392K)] 233015K->140815K(778368K), 0.0040770 secs] [Times: user=0.03 sys=0.01, real=0.00 secs] 
2014-07-28T17:17:57.925+0000: 1442.139: [GC [PSYoungGen: 91392K->434K(90368K)] 231887K->141002K(777344K), 0.0030210 secs] [Times: user=0.02 sys=0.00, real=0.00 secs] 
2014-07-28T17:17:58.642+0000: 1442.855: [GC [PSYoungGen: 90354K->384K(89152K)] 230922K->140999K(776128K), 0.0059580 secs] [Times: user=0.04 sys=0.01, real=0.00 secs] 
2014-07-28T17:17:59.313+0000: 1443.527: [GC [PSYoungGen: 89152K->384K(88064K)] 229767K->141055K(775040K), 0.0036030 secs] [Times: user=0.01 sys=0.00, real=0.00 secs] 
2014-07-28T17:18:00.000+0000: 1444.214: [GC [PSYoungGen: 88064K->448K(87040K)] 228735K->141159K(774016K), 0.0035500 secs] [Times: user=0.01 sys=0.00, real=0.00 secs] 
2014-07-28T17:18:00.652+0000: 1444.865: [GC [PSYoungGen: 87040K->288K(85824K)] 227751K->141039K(772800K), 0.0050570 secs] [Times: user=0.02 sys=0.00, real=0.00 secs] 
2014-07-28T17:18:01.330+0000: 1445.543: [GC [PSYoungGen: 85792K->384K(84864K)] 226543K->141167K(771840K), 0.0082340 secs] [Times: user=0.06 sys=0.02, real=0.03 secs] 
2014-07-28T17:18:01.879+0000: 1446.093: [GC [PSYoungGen: 84864K->256K(83712K)] 225647K->141087K(770688K), 0.0044930 secs] [Times: user=0.03 sys=0.00, real=0.00 secs] 
2014-07-28T17:18:02.467+0000: 1446.681: [GC [PSYoungGen: 83712K->320K(82816K)] 224543K->141207K(769792K), 0.0049220 secs] [Times: user=0.03 sys=0.01, real=0.01 secs] 
2014-07-28T17:18:03.062+0000: 1447.276: [GC [PSYoungGen: 82816K->320K(81856K)] 223703K->141223K(768832K), 0.0039740 secs] [Times: user=0.02 sys=0.01, real=0.00 secs] 
2014-07-28T17:18:03.629+0000: 1447.843: [GC [PSYoungGen: 81834K->224K(80832K)] 222738K->141175K(767808K), 0.0043880 secs] [Times: user=0.03 sys=0.00, real=0.00 secs] 
2014-07-28T17:18:04.206+0000: 1448.419: [GC [PSYoungGen: 80800K->256K(79936K)] 221751K->141239K(766912K), 0.0097330 secs] [Times: user=0.04 sys=0.01, real=0.01 secs] 
2014-07-28T17:18:04.768+0000: 1448.982: [GC [PSYoungGen: 79936K->448K(79232K)] 220919K->141455K(766208K), 0.0039850 secs] [Times: user=0.01 sys=0.00, real=0.01 secs] 
2014-07-28T17:18:05.333+0000: 1449.547: [GC [PSYoungGen: 79232K->288K(78208K)] 220239K->141351K(765184K), 0.0042120 secs] [Times: user=0.02 sys=0.01, real=0.00 secs] 
2014-07-28T17:18:05.881+0000: 1450.095: [GC [PSYoungGen: 78176K->320K(93824K)] 219239K->141439K(780800K), 0.0084660 secs] [Times: user=0.05 sys=0.01, real=0.00 secs] 
2014-07-28T17:18:06.573+0000: 1450.787: [GC [PSYoungGen: 93815K->480K(92800K)] 234935K->141663K(779776K), 0.0059810 secs] [Times: user=0.03 sys=0.01, real=0.00 secs] 
2014-07-28T17:18:07.278+0000: 1451.492: [GC [PSYoungGen: 92768K->544K(91648K)] 233951K->141783K(778624K), 0.0058220 secs] [Times: user=0.04 sys=0.00, real=0.01 secs] 
2014-07-28T17:18:07.978+0000: 1452.192: [GC [PSYoungGen: 91616K->128K(90048K)] 232855K->141479K(777024K), 0.0123230 secs] [Times: user=0.88 sys=0.62, real=1.46 secs] 
2014-07-28T17:18:09.672+0000: 1453.885: [GC [PSYoungGen: 90048K->224K(108160K)] 231399K->141607K(795136K), 0.0052330 secs] [Times: user=0.03 sys=0.01, real=0.00 secs] 
2014-07-28T17:18:10.335+0000: 1454.549: [GC [PSYoungGen: 108128K->306K(120384K)] 249511K->141762K(807360K), 0.0059300 secs] [Times: user=0.04 sys=0.01, real=0.01 secs] 
2014-07-28T17:18:11.193+0000: 1455.407: [GC [PSYoungGen: 120050K->352K(118272K)] 261506K->141831K(805248K), 0.0051050 secs] [Times: user=0.03 sys=0.00, real=0.00 secs] 
2014-07-28T17:18:12.020+0000: 1456.234: [GC [PSYoungGen: 118240K->256K(116352K)] 259719K->141922K(803328K), 0.0039600 secs] [Times: user=0.03 sys=0.01, real=0.01 secs] 
2014-07-28T17:18:12.839+0000: 1457.053: [GC [PSYoungGen: 116352K->288K(114624K)] 258018K->142002K(801600K), 0.0083910 secs] [Times: user=0.04 sys=0.01, real=0.01 secs] 
2014-07-28T17:18:13.649+0000: 1457.863: [GC [PSYoungGen: 114586K->256K(112832K)] 256300K->142018K(799808K), 0.0071120 secs] [Times: user=0.05 sys=0.01, real=0.01 secs] 
2014-07-28T17:18:14.447+0000: 1458.660: [GC [PSYoungGen: 112832K->498K(111424K)] 254594K->142308K(798400K), 0.0048570 secs] [Times: user=0.03 sys=0.01, real=0.01 secs] 
2014-07-28T17:18:15.340+0000: 1459.554: [GC [PSYoungGen: 111382K->320K(109568K)] 253192K->142162K(796544K), 0.0125310 secs] [Times: user=0.06 sys=0.01, real=0.02 secs] 
2014-07-28T17:18:16.194+0000: 1460.408: [GC [PSYoungGen: 109568K->448K(108096K)] 251410K->142314K(795072K), 0.0052580 secs] [Times: user=0.02 sys=0.01, real=0.00 secs] 
2014-07-28T17:18:17.034+0000: 1461.247: [GC [PSYoungGen: 108096K->288K(106432K)] 249962K->142194K(793408K), 0.0029820 secs] [Times: user=0.01 sys=0.00, real=0.00 secs] 
2014-07-28T17:18:17.851+0000: 1462.065: [GC [PSYoungGen: 106400K->512K(105088K)] 248306K->142490K(792064K), 0.0048630 secs] [Times: user=0.03 sys=0.01, real=0.01 secs] 
2014-07-28T17:18:18.662+0000: 1462.876: [GC [PSYoungGen: 105088K->416K(103552K)] 247066K->142426K(790528K), 0.0128800 secs] [Times: user=0.08 sys=0.01, real=0.01 secs] 
2014-07-28T17:18:19.333+0000: 1463.546: [GC [PSYoungGen: 103520K->224K(101888K)] 245530K->142274K(788864K), 0.0027950 secs] [Times: user=0.02 sys=0.00, real=0.00 secs] 
2014-07-28T17:18:20.050+0000: 1464.264: [GC [PSYoungGen: 101856K->224K(100480K)] 243906K->142290K(787456K), 0.0062840 secs] [Times: user=0.04 sys=0.01, real=0.01 secs] 
2014-07-28T17:18:20.760+0000: 1464.974: [GC [PSYoungGen: 100448K->416K(99328K)] 242514K->142554K(786304K), 0.0029370 secs] [Times: user=0.01 sys=0.01, real=0.01 secs] 
2014-07-28T17:18:21.455+0000: 1465.669: [GC [PSYoungGen: 99296K->224K(97792K)] 241434K->142402K(784768K), 0.0042250 secs] [Times: user=0.02 sys=0.00, real=0.00 secs] 
2014-07-28T17:18:22.168+0000: 1466.381: [GC [PSYoungGen: 97760K->224K(96512K)] 239938K->142442K(783488K), 0.0055850 secs] [Times: user=0.03 sys=0.00, real=0.01 secs] 
2014-07-28T17:18:22.850+0000: 1467.064: [GC [PSYoungGen: 96480K->320K(95296K)] 238698K->142578K(782272K), 0.0023860 secs] [Times: user=0.01 sys=0.01, real=0.01 secs] 
2014-07-28T17:18:23.521+0000: 1467.735: [GC [PSYoungGen: 95295K->288K(94080K)] 237553K->142602K(781056K), 0.0041530 secs] [Times: user=0.03 sys=0.01, real=0.01 secs] 
2014-07-28T17:18:24.241+0000: 1468.455: [GC [PSYoungGen: 94048K->338K(92928K)] 236362K->142676K(779904K), 0.0065240 secs] [Times: user=0.04 sys=0.00, real=0.01 secs] 
2014-07-28T17:18:24.960+0000: 1469.174: [GC [PSYoungGen: 92882K->192K(91520K)] 235220K->142562K(778496K), 0.0035400 secs] [Times: user=0.02 sys=0.00, real=0.01 secs] 
2014-07-28T17:18:25.650+0000: 1469.864: [GC [PSYoungGen: 91520K->448K(90624K)] 233890K->142874K(777600K), 0.0053340 secs] [Times: user=0.04 sys=0.00, real=0.01 secs] 
2014-07-28T17:18:26.259+0000: 1470.473: [GC [PSYoungGen: 90624K->288K(89344K)] 233050K->142754K(776320K), 0.0069800 secs] [Times: user=0.04 sys=0.00, real=0.01 secs] 
2014-07-28T17:18:26.889+0000: 1471.102: [GC [PSYoungGen: 89312K->320K(88256K)] 231778K->142794K(775232K), 0.0035980 secs] [Times: user=0.02 sys=0.00, real=0.00 secs] 
2014-07-28T17:18:27.508+0000: 1471.722: [GC [PSYoungGen: 88256K->352K(87232K)] 230730K->142874K(774208K), 0.0032370 secs] [Times: user=0.01 sys=0.00, real=0.00 secs] 
2014-07-28T17:18:28.125+0000: 1472.339: [GC [PSYoungGen: 87200K->256K(86016K)] 229722K->142826K(772992K), 0.0028460 secs] [Times: user=0.01 sys=0.00, real=0.00 secs] 
2014-07-28T17:18:28.725+0000: 1472.939: [GC [PSYoungGen: 85985K->224K(84992K)] 228555K->142810K(771968K), 0.0031290 secs] [Times: user=0.01 sys=0.00, real=0.00 secs] 
2014-07-28T17:18:29.347+0000: 1473.561: [GC [PSYoungGen: 84960K->256K(83968K)] 227546K->142866K(770944K), 0.0083950 secs] [Times: user=0.05 sys=0.00, real=0.01 secs] 
2014-07-28T17:18:29.927+0000: 1474.141: [GC [PSYoungGen: 83946K->256K(82944K)] 226556K->142882K(769920K), 0.0027490 secs] [Times: user=0.01 sys=0.00, real=0.00 secs] 
2014-07-28T17:18:30.510+0000: 1474.724: [GC [PSYoungGen: 82944K->512K(82240K)] 225570K->143218K(769216K), 0.0059250 secs] [Times: user=0.04 sys=0.01, real=0.01 secs] 
2014-07-28T17:18:31.112+0000: 1475.326: [GC [PSYoungGen: 82240K->434K(81216K)] 224946K->143204K(768192K), 0.0035570 secs] [Times: user=0.01 sys=0.01, real=0.01 secs] 
2014-07-28T17:18:31.724+0000: 1475.937: [GC [PSYoungGen: 81202K->256K(80064K)] 223972K->143050K(767040K), 0.0065880 secs] [Times: user=0.68 sys=0.49, real=1.13 secs] 
2014-07-28T17:18:33.212+0000: 1477.426: [GC [PSYoungGen: 80064K->288K(79232K)] 222858K->143146K(766208K), 0.0046160 secs] [Times: user=0.03 sys=0.00, real=0.01 secs] 
2014-07-28T17:18:33.769+0000: 1477.983: [GC [PSYoungGen: 79200K->320K(78336K)] 222058K->143234K(765312K), 0.0045300 secs] [Times: user=0.03 sys=0.00, real=0.00 secs] 
2014-07-28T17:18:34.319+0000: 1478.533: [GC [PSYoungGen: 78336K->256K(77376K)] 221250K->143202K(764352K), 0.0058730 secs] [Times: user=0.04 sys=0.00, real=0.01 secs] 
2014-07-28T17:18:34.861+0000: 1479.075: [GC [PSYoungGen: 77376K->352K(76672K)] 220322K->143370K(763648K), 0.0038050 secs] [Times: user=0.02 sys=0.01, real=0.01 secs] 
2014-07-28T17:18:35.400+0000: 1479.614: [GC [PSYoungGen: 76640K->320K(75776K)] 219658K->143418K(762752K), 0.0034020 secs] [Times: user=0.02 sys=0.01, real=0.00 secs] 
2014-07-28T17:18:35.934+0000: 1480.148: [GC [PSYoungGen: 75776K->370K(75008K)] 218874K->143532K(761984K), 0.0026830 secs] [Times: user=0.02 sys=0.00, real=0.00 secs] 
2014-07-28T17:18:36.493+0000: 1480.707: [GC [PSYoungGen: 74994K->416K(74240K)] 218156K->143618K(761216K), 0.0052420 secs] [Times: user=0.02 sys=0.01, real=0.01 secs] 
2014-07-28T17:18:36.994+0000: 1481.207: [GC [PSYoungGen: 74208K->256K(88832K)] 217410K->143482K(775808K), 0.0092550 secs] [Times: user=0.06 sys=0.00, real=0.01 secs] 
2014-07-28T17:18:37.620+0000: 1481.834: [GC [PSYoungGen: 88832K->320K(106624K)] 232058K->143618K(793600K), 0.0102450 secs] [Times: user=0.07 sys=0.00, real=0.01 secs] 
2014-07-28T17:18:38.428+0000: 1482.641: [GC [PSYoungGen: 106624K->306K(111616K)] 249922K->143604K(798592K), 0.0051360 secs] [Times: user=0.02 sys=0.00, real=0.00 secs] 
2014-07-28T17:18:39.276+0000: 1483.490: [GC [PSYoungGen: 111410K->288K(109760K)] 254708K->143618K(796736K), 0.0045710 secs] [Times: user=0.30 sys=0.26, real=0.55 secs] 
2014-07-28T17:18:40.342+0000: 1484.556: [GC [PSYoungGen: 109728K->256K(108096K)] 253058K->143634K(795072K), 0.0066750 secs] [Times: user=0.04 sys=0.00, real=0.01 secs] 
2014-07-28T17:18:41.105+0000: 1485.319: [GC [PSYoungGen: 108065K->224K(106560K)] 251443K->143642K(793536K), 0.0068890 secs] [Times: user=0.05 sys=0.00, real=0.01 secs] 
2014-07-28T17:18:41.879+0000: 1486.093: [GC [PSYoungGen: 106503K->224K(105024K)] 249921K->143658K(792000K), 0.0039980 secs] [Times: user=0.01 sys=0.00, real=0.00 secs] 
2014-07-28T17:18:42.597+0000: 1486.811: [GC [PSYoungGen: 104992K->160K(110720K)] 248426K->143618K(797696K), 0.0115300 secs] [Times: user=0.08 sys=0.00, real=0.01 secs] 
2014-07-28T17:18:43.376+0000: 1487.589: [GC [PSYoungGen: 110368K->320K(126272K)] 253826K->143802K(813248K), 0.0088630 secs] [Times: user=0.05 sys=0.00, real=0.00 secs] 
2014-07-28T17:18:44.266+0000: 1488.480: [GC [PSYoungGen: 126080K->320K(124032K)] 269562K->143850K(811008K), 0.0058530 secs] [Times: user=0.03 sys=0.01, real=0.00 secs] 
2014-07-28T17:18:45.159+0000: 1489.373: [GC [PSYoungGen: 124032K->256K(121984K)] 267562K->143842K(808960K), 0.0028960 secs] [Times: user=0.02 sys=0.00, real=0.00 secs] 
2014-07-28T17:18:46.090+0000: 1490.304: [GC [PSYoungGen: 121984K->416K(120256K)] 265570K->144066K(807232K), 0.0090280 secs] [Times: user=0.06 sys=0.00, real=0.01 secs] 
2014-07-28T17:18:46.931+0000: 1491.145: [GC [PSYoungGen: 120224K->384K(118336K)] 263874K->144098K(805312K), 0.0039610 secs] [Times: user=0.02 sys=0.00, real=0.00 secs] 
2014-07-28T17:18:47.761+0000: 1491.974: [GC [PSYoungGen: 118336K->338K(116544K)] 262050K->144108K(803520K), 0.0033400 secs] [Times: user=0.02 sys=0.00, real=0.00 secs] 
2014-07-28T17:18:48.577+0000: 1492.791: [GC [PSYoungGen: 116498K->224K(114624K)] 260268K->144010K(801600K), 0.0030080 secs] [Times: user=0.02 sys=0.00, real=0.00 secs] 
2014-07-28T17:18:49.387+0000: 1493.601: [GC [PSYoungGen: 114592K->384K(113024K)] 258378K->144218K(800000K), 0.0069660 secs] [Times: user=0.03 sys=0.01, real=0.00 secs] 
2014-07-28T17:18:50.185+0000: 1494.399: [GC [PSYoungGen: 113024K->320K(111296K)] 256858K->144210K(798272K), 0.0031490 secs] [Times: user=0.02 sys=0.01, real=0.01 secs] 
2014-07-28T17:18:50.966+0000: 1495.180: [GC [PSYoungGen: 111296K->224K(109568K)] 255186K->144146K(796544K), 0.0032730 secs] [Times: user=0.02 sys=0.00, real=0.01 secs] 
2014-07-28T17:18:51.755+0000: 1495.969: [GC [PSYoungGen: 109535K->384K(108096K)] 253457K->144354K(795072K), 0.0040210 secs] [Times: user=0.02 sys=0.00, real=0.01 secs] 
2014-07-28T17:18:52.565+0000: 1496.779: [GC [PSYoungGen: 108096K->384K(106560K)] 252066K->144386K(793536K), 0.0090550 secs] [Times: user=0.33 sys=0.25, real=0.57 secs] 
2014-07-28T17:18:53.688+0000: 1497.902: [GC [PSYoungGen: 106552K->256K(104896K)] 250554K->144298K(791872K), 0.0056860 secs] [Times: user=0.03 sys=0.00, real=0.00 secs] 
2014-07-28T17:18:54.427+0000: 1498.641: [GC [PSYoungGen: 104896K->288K(103488K)] 248938K->144386K(790464K), 0.0058430 secs] [Times: user=0.03 sys=0.00, real=0.00 secs] 
2014-07-28T17:18:55.160+0000: 1499.374: [GC [PSYoungGen: 103456K->256K(101952K)] 247554K->144402K(788928K), 0.0063810 secs] [Times: user=0.04 sys=0.00, real=0.00 secs] 
2014-07-28T17:18:55.880+0000: 1500.094: [GC [PSYoungGen: 101952K->352K(100672K)] 246098K->144554K(787648K), 0.0071850 secs] [Times: user=0.04 sys=0.01, real=0.01 secs] 
2014-07-28T17:18:56.590+0000: 1500.804: [GC [PSYoungGen: 100640K->288K(99264K)] 244842K->144498K(786240K), 0.0042730 secs] [Times: user=0.03 sys=0.00, real=0.00 secs] 
2014-07-28T17:18:57.293+0000: 1501.507: [GC [PSYoungGen: 99232K->256K(97856K)] 243442K->144522K(784832K), 0.0060220 secs] [Times: user=0.04 sys=0.00, real=0.01 secs] 
2014-07-28T17:18:57.982+0000: 1502.195: [GC [PSYoungGen: 97808K->224K(96576K)] 242074K->144522K(783552K), 0.0104420 secs] [Times: user=0.06 sys=0.00, real=0.01 secs] 
2014-07-28T17:18:58.698+0000: 1502.912: [GC [PSYoungGen: 96497K->224K(95296K)] 240795K->144522K(782272K), 0.0047720 secs] [Times: user=0.02 sys=0.00, real=0.00 secs] 
2014-07-28T17:18:59.418+0000: 1503.632: [GC [PSYoungGen: 95264K->448K(94208K)] 239562K->144826K(781184K), 0.0085310 secs] [Times: user=0.06 sys=0.01, real=0.00 secs] 
2014-07-28T17:19:00.112+0000: 1504.325: [GC [PSYoungGen: 94208K->320K(92864K)] 238586K->144762K(779840K), 0.0040050 secs] [Times: user=0.03 sys=0.00, real=0.00 secs] 
2014-07-28T17:19:00.764+0000: 1504.978: [GC [PSYoungGen: 92862K->416K(91776K)] 237304K->144882K(778752K), 0.0082660 secs] [Times: user=0.05 sys=0.01, real=0.01 secs] 
2014-07-28T17:19:01.408+0000: 1505.622: [GC [PSYoungGen: 91718K->224K(90432K)] 236184K->144738K(777408K), 0.0030800 secs] [Times: user=0.02 sys=0.00, real=0.00 secs] 
2014-07-28T17:19:02.044+0000: 1506.258: [GC [PSYoungGen: 90400K->256K(89280K)] 234914K->144826K(776256K), 0.0071920 secs] [Times: user=0.03 sys=0.01, real=0.01 secs] 
2014-07-28T17:19:02.673+0000: 1506.886: [GC [PSYoungGen: 89280K->288K(88256K)] 233850K->144866K(775232K), 0.0062360 secs] [Times: user=0.04 sys=0.00, real=0.01 secs] 
2014-07-28T17:19:03.297+0000: 1507.511: [GC [PSYoungGen: 88224K->448K(87296K)] 232802K->145122K(774272K), 0.0030820 secs] [Times: user=0.01 sys=0.00, real=0.01 secs] 
2014-07-28T17:19:03.910+0000: 1508.124: [GC [PSYoungGen: 87296K->352K(86144K)] 231970K->145098K(773120K), 0.0035250 secs] [Times: user=0.03 sys=0.00, real=0.00 secs] 
2014-07-28T17:19:04.518+0000: 1508.732: [GC [PSYoungGen: 86112K->192K(84928K)] 230858K->144962K(771904K), 0.0036470 secs] [Times: user=0.01 sys=0.00, real=0.01 secs] 
2014-07-28T17:19:05.136+0000: 1509.350: [GC [PSYoungGen: 84928K->576K(84288K)] 229698K->145418K(771264K), 0.0061800 secs] [Times: user=0.06 sys=0.02, real=0.04 secs] 
2014-07-28T17:19:05.773+0000: 1509.986: [GC [PSYoungGen: 84288K->320K(83008K)] 229130K->145210K(769984K), 0.0068730 secs] [Times: user=0.03 sys=0.01, real=0.01 secs] 
2014-07-28T17:19:06.390+0000: 1510.604: [GC [PSYoungGen: 82985K->384K(82112K)] 227875K->145322K(769088K), 0.0051070 secs] [Times: user=0.03 sys=0.01, real=0.00 secs] 
2014-07-28T17:19:06.997+0000: 1511.211: [GC [PSYoungGen: 82112K->384K(81152K)] 227050K->145378K(768128K), 0.0069260 secs] [Times: user=0.04 sys=0.00, real=0.01 secs] 
2014-07-28T17:19:07.565+0000: 1511.779: [GC [PSYoungGen: 81152K->256K(80064K)] 226146K->145290K(767040K), 0.0034070 secs] [Times: user=0.02 sys=0.00, real=0.00 secs] 
2014-07-28T17:19:08.131+0000: 1512.345: [GC [PSYoungGen: 80064K->320K(79232K)] 225098K->145418K(766208K), 0.0053050 secs] [Times: user=0.03 sys=0.00, real=0.00 secs] 
2014-07-28T17:19:08.686+0000: 1512.900: [GC [PSYoungGen: 79232K->256K(78272K)] 224330K->145370K(765248K), 0.0071270 secs] [Times: user=0.04 sys=0.00, real=0.01 secs] 
2014-07-28T17:19:09.241+0000: 1513.454: [GC [PSYoungGen: 78272K->256K(77376K)] 223386K->145410K(764352K), 0.0060980 secs] [Times: user=0.03 sys=0.00, real=0.00 secs] 
2014-07-28T17:19:09.783+0000: 1513.997: [GC [PSYoungGen: 77376K->288K(76608K)] 222530K->145514K(763584K), 0.0058100 secs] [Times: user=0.03 sys=0.00, real=0.00 secs] 
2014-07-28T17:19:10.322+0000: 1514.536: [GC [PSYoungGen: 76572K->256K(91840K)] 221798K->145514K(778816K), 0.0070790 secs] [Times: user=0.04 sys=0.00, real=0.00 secs] 
2014-07-28T17:19:10.970+0000: 1515.184: [GC [PSYoungGen: 91828K->288K(90752K)] 237086K->145618K(777728K), 0.0035710 secs] [Times: user=0.03 sys=0.00, real=0.00 secs] 
2014-07-28T17:19:11.611+0000: 1515.825: [GC [PSYoungGen: 90720K->352K(89664K)] 236050K->145698K(776640K), 0.0032620 secs] [Times: user=0.02 sys=0.00, real=0.00 secs] 
2014-07-28T17:19:12.255+0000: 1516.469: [GC [PSYoungGen: 89632K->480K(88704K)] 234978K->145898K(775680K), 0.0050710 secs] [Times: user=0.03 sys=0.00, real=0.01 secs] 
2014-07-28T17:19:12.933+0000: 1517.147: [GC [PSYoungGen: 88665K->178K(87296K)] 234083K->145668K(774272K), 0.0043580 secs] [Times: user=0.01 sys=0.00, real=0.00 secs] 
2014-07-28T17:19:13.579+0000: 1517.793: [GC [PSYoungGen: 87282K->370K(86400K)] 232772K->145868K(773376K), 0.0034180 secs] [Times: user=0.02 sys=0.00, real=0.01 secs] 
2014-07-28T17:19:14.245+0000: 1518.459: [GC [PSYoungGen: 86386K->320K(85312K)] 231884K->145900K(772288K), 0.0063130 secs] [Times: user=0.01 sys=0.00, real=0.01 secs] 
2014-07-28T17:19:14.818+0000: 1519.031: [GC [PSYoungGen: 85312K->416K(84416K)] 230892K->146060K(771392K), 0.0029210 secs] [Times: user=0.01 sys=0.00, real=0.01 secs] 
2014-07-28T17:19:15.411+0000: 1519.625: [GC [PSYoungGen: 84384K->288K(83264K)] 230028K->145940K(770240K), 0.0054840 secs] [Times: user=0.03 sys=0.00, real=0.00 secs] 
2014-07-28T17:19:16.000+0000: 1520.214: [GC [PSYoungGen: 83232K->320K(82304K)] 228884K->146028K(769280K), 0.0048420 secs] [Times: user=0.03 sys=0.00, real=0.00 secs] 
2014-07-28T17:19:16.577+0000: 1520.791: [GC [PSYoungGen: 82304K->352K(98816K)] 228012K->146100K(785792K), 0.0106460 secs] [Times: user=0.07 sys=0.01, real=0.01 secs] 
2014-07-28T17:19:17.276+0000: 1521.490: [GC [PSYoungGen: 98784K->256K(97344K)] 244532K->146060K(784320K), 0.0063850 secs] [Times: user=0.04 sys=0.00, real=0.01 secs] 
2014-07-28T17:19:17.959+0000: 1522.172: [GC [PSYoungGen: 97344K->256K(96064K)] 243148K->146108K(783040K), 0.0046650 secs] [Times: user=0.03 sys=0.01, real=0.01 secs] 
2014-07-28T17:19:18.644+0000: 1522.858: [GC [PSYoungGen: 96064K->352K(94912K)] 241916K->146220K(781888K), 0.0042890 secs] [Times: user=0.02 sys=0.01, real=0.00 secs] 
2014-07-28T17:19:19.309+0000: 1523.522: [GC [PSYoungGen: 94880K->448K(93760K)] 240748K->146396K(780736K), 0.0067000 secs] [Times: user=0.04 sys=0.01, real=0.01 secs] 
2014-07-28T17:19:20.020+0000: 1524.233: [GC [PSYoungGen: 93760K->224K(112256K)] 239708K->146196K(799232K), 0.0128040 secs] [Times: user=0.08 sys=0.01, real=0.02 secs] 
2014-07-28T17:19:20.882+0000: 1525.095: [GC [PSYoungGen: 112224K->384K(110720K)] 258196K->146388K(797696K), 0.0050880 secs] [Times: user=0.03 sys=0.01, real=0.00 secs] 
2014-07-28T17:19:21.723+0000: 1525.937: [GC [PSYoungGen: 110720K->434K(109184K)] 256724K->146502K(796160K), 0.0064450 secs] [Times: user=0.04 sys=0.00, real=0.00 secs] 
2014-07-28T17:19:22.559+0000: 1526.773: [GC [PSYoungGen: 109169K->256K(107392K)] 255238K->146340K(794368K), 0.0045500 secs] [Times: user=0.01 sys=0.01, real=0.01 secs] 
2014-07-28T17:19:23.316+0000: 1527.530: [GC [PSYoungGen: 107392K->192K(105792K)] 253476K->146300K(792768K), 0.0079930 secs] [Times: user=0.05 sys=0.01, real=0.01 secs] 
2014-07-28T17:19:24.064+0000: 1528.278: [GC [PSYoungGen: 105792K->256K(104384K)] 251900K->146412K(791360K), 0.0028710 secs] [Times: user=0.01 sys=0.00, real=0.00 secs] 
2014-07-28T17:19:24.803+0000: 1529.017: [GC [PSYoungGen: 104384K->480K(103168K)] 250540K->146660K(790144K), 0.0050100 secs] [Times: user=0.03 sys=0.01, real=0.00 secs] 
2014-07-28T17:19:25.521+0000: 1529.734: [GC [PSYoungGen: 103136K->192K(101440K)] 249316K->146388K(788416K), 0.0044860 secs] [Times: user=0.01 sys=0.01, real=0.01 secs] 
2014-07-28T17:19:26.242+0000: 1530.455: [GC [PSYoungGen: 101440K->288K(100160K)] 247636K->146532K(787136K), 0.0027870 secs] [Times: user=0.02 sys=0.00, real=0.01 secs] 
2014-07-28T17:19:26.945+0000: 1531.159: [GC [PSYoungGen: 100090K->274K(98816K)] 246334K->146558K(785792K), 0.0039800 secs] [Times: user=0.02 sys=0.00, real=0.00 secs] 
2014-07-28T17:19:27.641+0000: 1531.855: [GC [PSYoungGen: 98770K->224K(97408K)] 245054K->146516K(784384K), 0.0069520 secs] [Times: user=0.04 sys=0.00, real=0.01 secs] 
2014-07-28T17:19:28.363+0000: 1532.576: [GC [PSYoungGen: 97376K->498K(96384K)] 243668K->146846K(783360K), 0.0055710 secs] [Times: user=0.03 sys=0.00, real=0.00 secs] 
2014-07-28T17:19:29.071+0000: 1533.285: [GC [PSYoungGen: 96370K->416K(95040K)] 242718K->146836K(782016K), 0.0043710 secs] [Times: user=0.76 sys=0.53, real=1.29 secs] 
2014-07-28T17:19:30.665+0000: 1534.879: [GC [PSYoungGen: 95008K->288K(93696K)] 241428K->146716K(780672K), 0.0032620 secs] [Times: user=0.01 sys=0.00, real=0.00 secs] 
2014-07-28T17:19:31.264+0000: 1535.478: [GC [PSYoungGen: 93664K->416K(92608K)] 240092K->146924K(779584K), 0.0043410 secs] [Times: user=0.03 sys=0.00, real=0.00 secs] 
2014-07-28T17:19:31.913+0000: 1536.127: [GC [PSYoungGen: 92576K->256K(91264K)] 239084K->146780K(778240K), 0.0027470 secs] [Times: user=0.01 sys=0.00, real=0.00 secs] 
2014-07-28T17:19:32.558+0000: 1536.771: [GC [PSYoungGen: 91264K->384K(90240K)] 237788K->146972K(777216K), 0.0069690 secs] [Times: user=0.04 sys=0.01, real=0.01 secs] 
2014-07-28T17:19:33.192+0000: 1537.406: [GC [PSYoungGen: 90240K->352K(89088K)] 236828K->146996K(776064K), 0.0096770 secs] [Times: user=0.05 sys=0.01, real=0.01 secs] 
2014-07-28T17:19:33.820+0000: 1538.034: [GC [PSYoungGen: 89056K->288K(87936K)] 235700K->146956K(774912K), 0.0072800 secs] [Times: user=0.04 sys=0.00, real=0.01 secs] 
2014-07-28T17:19:34.441+0000: 1538.655: [GC [PSYoungGen: 87904K->288K(86848K)] 234572K->147012K(773824K), 0.0038140 secs] [Times: user=0.02 sys=0.00, real=0.01 secs] 
2014-07-28T17:19:35.051+0000: 1539.264: [GC [PSYoungGen: 86816K->288K(85824K)] 233540K->147060K(772800K), 0.0059970 secs] [Times: user=0.03 sys=0.01, real=0.01 secs] 
2014-07-28T17:19:35.678+0000: 1539.891: [GC [PSYoungGen: 85792K->256K(102912K)] 232564K->147052K(789888K), 0.0112720 secs] [Times: user=0.06 sys=0.00, real=0.01 secs] 
2014-07-28T17:19:36.440+0000: 1540.654: [GC [PSYoungGen: 102866K->320K(111104K)] 249662K->147148K(798080K), 0.0073880 secs] [Times: user=0.04 sys=0.01, real=0.01 secs] 
2014-07-28T17:19:37.270+0000: 1541.483: [GC [PSYoungGen: 110912K->320K(109312K)] 257740K->147196K(796288K), 0.0041990 secs] [Times: user=0.02 sys=0.00, real=0.00 secs] 
2014-07-28T17:19:38.017+0000: 1542.231: [GC [PSYoungGen: 109312K->352K(107776K)] 256188K->147228K(794752K), 0.0030740 secs] [Times: user=0.01 sys=0.00, real=0.00 secs] 
2014-07-28T17:19:38.776+0000: 1542.990: [GC [PSYoungGen: 107728K->256K(106112K)] 254604K->147188K(793088K), 0.0027930 secs] [Times: user=0.01 sys=0.00, real=0.00 secs] 
2014-07-28T17:19:39.526+0000: 1543.740: [GC [PSYoungGen: 106073K->256K(104576K)] 253005K->147252K(791552K), 0.0053520 secs] [Times: user=0.03 sys=0.00, real=0.00 secs] 
2014-07-28T17:19:40.260+0000: 1544.474: [GC [PSYoungGen: 104576K->160K(103040K)] 251572K->147180K(790016K), 0.0092800 secs] [Times: user=0.05 sys=0.01, real=0.01 secs] 
2014-07-28T17:19:40.989+0000: 1545.203: [GC [PSYoungGen: 103008K->192K(101632K)] 250028K->147228K(788608K), 0.0062530 secs] [Times: user=0.04 sys=0.00, real=0.01 secs] 
2014-07-28T17:19:41.706+0000: 1545.919: [GC [PSYoungGen: 101593K->288K(100352K)] 248629K->147372K(787328K), 0.0047450 secs] [Times: user=0.03 sys=0.00, real=0.00 secs] 
2014-07-28T17:19:42.425+0000: 1546.638: [GC [PSYoungGen: 100320K->320K(99008K)] 247404K->147452K(785984K), 0.0035720 secs] [Times: user=0.01 sys=0.01, real=0.00 secs] 
2014-07-28T17:19:43.155+0000: 1547.369: [GC [PSYoungGen: 98989K->352K(118848K)] 246121K->147516K(805824K), 0.0185590 secs] [Times: user=0.09 sys=0.01, real=0.01 secs] 
2014-07-28T17:19:44.058+0000: 1548.272: [GC [PSYoungGen: 118770K->448K(121984K)] 265934K->147612K(808960K), 0.0064590 secs] [Times: user=0.09 sys=0.04, real=0.10 secs] 
2014-07-28T17:19:44.909+0000: 1549.123: [GC [PSYoungGen: 121898K->242K(119808K)] 269062K->147422K(806784K), 0.0046540 secs] [Times: user=0.01 sys=0.01, real=0.00 secs] 
2014-07-28T17:19:45.753+0000: 1549.967: [GC [PSYoungGen: 119794K->224K(117952K)] 266974K->147452K(804928K), 0.0027870 secs] [Times: user=0.01 sys=0.01, real=0.01 secs] 
2014-07-28T17:19:46.585+0000: 1550.798: [GC [PSYoungGen: 117920K->320K(116224K)] 265148K->147612K(803200K), 0.0065390 secs] [Times: user=0.04 sys=0.00, real=0.01 secs] 
2014-07-28T17:19:47.399+0000: 1551.613: [GC [PSYoungGen: 116224K->288K(114432K)] 263516K->147636K(801408K), 0.0039960 secs] [Times: user=0.03 sys=0.00, real=0.00 secs] 
2014-07-28T17:19:48.207+0000: 1552.421: [GC [PSYoungGen: 114400K->192K(112576K)] 261748K->147572K(799552K), 0.0073690 secs] [Times: user=0.04 sys=0.01, real=0.00 secs] 
2014-07-28T17:19:49.000+0000: 1553.214: [GC [PSYoungGen: 112576K->352K(111104K)] 259956K->147740K(798080K), 0.0039700 secs] [Times: user=0.02 sys=0.00, real=0.00 secs] 
2014-07-28T17:19:49.828+0000: 1554.042: [GC [PSYoungGen: 111072K->256K(109376K)] 258460K->147660K(796352K), 0.0048340 secs] [Times: user=0.02 sys=0.00, real=0.00 secs] 
2014-07-28T17:19:50.629+0000: 1554.843: [GC [PSYoungGen: 109371K->512K(108032K)] 256775K->147964K(795008K), 0.0106420 secs] [Times: user=0.06 sys=0.00, real=0.01 secs] 
2014-07-28T17:19:51.408+0000: 1555.622: [GC [PSYoungGen: 108012K->320K(106304K)] 255464K->147844K(793280K), 0.0054080 secs] [Times: user=0.04 sys=0.00, real=0.00 secs] 
2014-07-28T17:19:52.156+0000: 1556.370: [GC [PSYoungGen: 106304K->256K(104704K)] 253828K->147828K(791680K), 0.0041000 secs] [Times: user=0.02 sys=0.00, real=0.00 secs] 
2014-07-28T17:19:52.895+0000: 1557.109: [GC [PSYoungGen: 104704K->288K(103296K)] 252276K->147860K(790272K), 0.0111600 secs] [Times: user=0.05 sys=0.01, real=0.02 secs] 
2014-07-28T17:19:53.623+0000: 1557.837: [GC [PSYoungGen: 103264K->192K(123776K)] 250836K->147804K(810752K), 0.0109230 secs] [Times: user=0.06 sys=0.01, real=0.01 secs] 
2014-07-28T17:19:54.494+0000: 1558.707: [GC [PSYoungGen: 123776K->320K(121920K)] 271388K->147980K(808896K), 0.0023090 secs] [Times: user=0.02 sys=0.00, real=0.01 secs] 
2014-07-28T17:19:55.352+0000: 1559.566: [GC [PSYoungGen: 121920K->320K(120000K)] 269580K->148052K(806976K), 0.0045010 secs] [Times: user=0.03 sys=0.00, real=0.01 secs] 
2014-07-28T17:19:56.207+0000: 1560.421: [GC [PSYoungGen: 119960K->416K(118272K)] 267692K->148172K(805248K), 0.0049180 secs] [Times: user=0.03 sys=0.00, real=0.00 secs] 
2014-07-28T17:19:57.062+0000: 1561.276: [GC [PSYoungGen: 118240K->384K(116416K)] 265996K->148204K(803392K), 0.0048820 secs] [Times: user=0.03 sys=0.00, real=0.01 secs] 
2014-07-28T17:19:57.877+0000: 1562.090: [GC [PSYoungGen: 116416K->242K(114496K)] 264236K->148198K(801472K), 0.0037720 secs] [Times: user=0.03 sys=0.00, real=0.01 secs] 
2014-07-28T17:19:58.679+0000: 1562.893: [GC [PSYoungGen: 114482K->160K(112704K)] 262438K->148140K(799680K), 0.0032880 secs] [Times: user=0.01 sys=0.00, real=0.00 secs] 
2014-07-28T17:19:59.480+0000: 1563.694: [GC [PSYoungGen: 112672K->224K(111104K)] 260652K->148244K(798080K), 0.0039390 secs] [Times: user=0.02 sys=0.00, real=0.00 secs] 
2014-07-28T17:20:00.259+0000: 1564.473: [GC [PSYoungGen: 111045K->352K(109568K)] 259065K->148428K(796544K), 0.0029900 secs] [Times: user=0.02 sys=0.00, real=0.00 secs] 
2014-07-28T17:20:01.026+0000: 1565.240: [GC [PSYoungGen: 109535K->256K(107840K)] 257612K->148340K(794816K), 0.0063510 secs] [Times: user=0.04 sys=0.00, real=0.01 secs] 
2014-07-28T17:20:01.784+0000: 1565.998: [GC [PSYoungGen: 107840K->256K(106304K)] 255924K->148404K(793280K), 0.0043260 secs] [Times: user=0.02 sys=0.01, real=0.01 secs] 
2014-07-28T17:20:02.537+0000: 1566.751: [GC [PSYoungGen: 106304K->192K(104704K)] 254452K->148364K(791680K), 0.0033540 secs] [Times: user=0.01 sys=0.00, real=0.01 secs] 
2014-07-28T17:20:03.298+0000: 1567.512: [GC [PSYoungGen: 104690K->256K(103296K)] 252862K->148444K(790272K), 0.0054650 secs] [Times: user=0.01 sys=0.01, real=0.00 secs] 
2014-07-28T17:20:04.040+0000: 1568.254: [GC [PSYoungGen: 103267K->402K(102080K)] 251456K->148590K(789056K), 0.0057770 secs] [Times: user=0.34 sys=0.27, real=0.60 secs] 
2014-07-28T17:20:04.928+0000: 1569.142: [GC [PSYoungGen: 102028K->502K(122496K)] 250216K->148738K(809472K), 0.0105930 secs] [Times: user=0.06 sys=0.01, real=0.01 secs] 
2014-07-28T17:20:05.738+0000: 1569.952: [GC [PSYoungGen: 122486K->128K(137216K)] 270722K->148564K(824192K), 0.0040100 secs] [Times: user=0.02 sys=0.00, real=0.00 secs] 
2014-07-28T17:20:06.696+0000: 1570.910: [GC [PSYoungGen: 137216K->256K(134976K)] 285652K->148724K(821952K), 0.0029860 secs] [Times: user=0.01 sys=0.00, real=0.01 secs] 
2014-07-28T17:20:07.646+0000: 1571.860: [GC [PSYoungGen: 134976K->192K(132608K)] 283444K->148716K(819584K), 0.0097870 secs] [Times: user=0.05 sys=0.00, real=0.01 secs] 
2014-07-28T17:20:08.580+0000: 1572.794: [GC [PSYoungGen: 132608K->320K(130496K)] 281132K->148900K(817472K), 0.0078810 secs] [Times: user=0.04 sys=0.01, real=0.00 secs] 
2014-07-28T17:20:09.503+0000: 1573.716: [GC [PSYoungGen: 130496K->192K(128192K)] 279076K->148804K(815168K), 0.0030100 secs] [Times: user=0.01 sys=0.01, real=0.00 secs] 
2014-07-28T17:20:10.448+0000: 1574.662: [GC [PSYoungGen: 128192K->288K(126208K)] 276804K->148916K(813184K), 0.0135560 secs] [Times: user=0.06 sys=0.01, real=0.02 secs] 
2014-07-28T17:20:11.395+0000: 1575.609: [GC [PSYoungGen: 126176K->320K(124160K)] 274804K->149004K(811136K), 0.0054940 secs] [Times: user=1.25 sys=1.49, real=2.18 secs] 
2014-07-28T17:20:14.271+0000: 1578.485: [GC [PSYoungGen: 124160K->352K(122240K)] 272844K->149084K(809216K), 0.0029630 secs] [Times: user=0.01 sys=0.00, real=0.00 secs] 
2014-07-28T17:20:15.123+0000: 1579.337: [GC [PSYoungGen: 122208K->192K(120128K)] 270940K->148948K(807104K), 0.0046000 secs] [Times: user=0.02 sys=0.00, real=0.00 secs] 
2014-07-28T17:20:15.972+0000: 1580.186: [GC [PSYoungGen: 120128K->288K(118400K)] 268884K->149108K(805376K), 0.0052530 secs] [Times: user=0.03 sys=0.00, real=0.00 secs] 
2014-07-28T17:20:16.805+0000: 1581.019: [GC [PSYoungGen: 118368K->224K(116544K)] 267188K->149068K(803520K), 0.0098960 secs] [Times: user=0.06 sys=0.00, real=0.01 secs] 
2014-07-28T17:20:17.630+0000: 1581.843: [GC [PSYoungGen: 116512K->192K(114688K)] 265356K->149068K(801664K), 0.0076220 secs] [Times: user=0.04 sys=0.00, real=0.01 secs] 
2014-07-28T17:20:18.437+0000: 1582.650: [GC [PSYoungGen: 114688K->256K(113024K)] 263564K->149188K(800000K), 0.0041260 secs] [Times: user=0.03 sys=0.01, real=0.01 secs] 
2014-07-28T17:20:19.239+0000: 1583.453: [GC [PSYoungGen: 113024K->224K(111360K)] 261956K->149172K(798336K), 0.0030740 secs] [Times: user=0.02 sys=0.00, real=0.01 secs] 
2014-07-28T17:20:20.066+0000: 1584.280: [GC [PSYoungGen: 111328K->416K(109888K)] 260276K->149404K(796864K), 0.0069610 secs] [Times: user=0.02 sys=0.00, real=0.01 secs] 
2014-07-28T17:20:20.883+0000: 1585.097: [GC [PSYoungGen: 109856K->288K(108160K)] 258844K->149308K(795136K), 0.0058090 secs] [Times: user=0.02 sys=0.00, real=0.00 secs] 
2014-07-28T17:20:21.653+0000: 1585.867: [GC [PSYoungGen: 108128K->160K(106496K)] 257148K->149212K(793472K), 0.0028740 secs] [Times: user=0.02 sys=0.00, real=0.00 secs] 
2014-07-28T17:20:22.407+0000: 1586.620: [GC [PSYoungGen: 106452K->352K(105152K)] 255504K->149476K(792128K), 0.0030100 secs] [Times: user=0.02 sys=0.00, real=0.00 secs] 
2014-07-28T17:20:23.145+0000: 1587.359: [GC [PSYoungGen: 105120K->352K(103680K)] 254244K->149484K(790656K), 0.0034980 secs] [Times: user=0.02 sys=0.00, real=0.00 secs] 
2014-07-28T17:20:23.872+0000: 1588.086: [GC [PSYoungGen: 103648K->352K(102208K)] 252780K->149532K(789184K), 0.0046510 secs] [Times: user=0.03 sys=0.00, real=0.00 secs] 
2014-07-28T17:20:24.588+0000: 1588.802: [GC [PSYoungGen: 102176K->224K(100672K)] 251356K->149452K(787648K), 0.0028040 secs] [Times: user=0.02 sys=0.00, real=0.00 secs] 
2014-07-28T17:20:25.298+0000: 1589.512: [GC [PSYoungGen: 100640K->306K(99392K)] 249868K->149574K(786368K), 0.0067990 secs] [Times: user=0.04 sys=0.00, real=0.01 secs] 
2014-07-28T17:20:25.997+0000: 1590.211: [GC [PSYoungGen: 99378K->288K(98048K)] 248646K->149580K(785024K), 0.0038420 secs] [Times: user=0.02 sys=0.00, real=0.00 secs] 
2014-07-28T17:20:26.707+0000: 1590.920: [GC [PSYoungGen: 98016K->224K(96704K)] 247308K->149524K(783680K), 0.0075980 secs] [Times: user=0.01 sys=0.01, real=0.01 secs] 
2014-07-28T17:20:27.426+0000: 1591.640: [GC [PSYoungGen: 96672K->306K(95488K)] 245972K->149646K(782464K), 0.0054110 secs] [Times: user=0.04 sys=0.00, real=0.01 secs] 
2014-07-28T17:20:28.113+0000: 1592.326: [GC [PSYoungGen: 95474K->256K(94144K)] 244814K->149620K(781120K), 0.0037010 secs] [Times: user=0.02 sys=0.00, real=0.00 secs] 
2014-07-28T17:20:28.777+0000: 1592.991: [GC [PSYoungGen: 94144K->352K(93056K)] 243508K->149756K(780032K), 0.0075210 secs] [Times: user=0.04 sys=0.01, real=0.01 secs] 
2014-07-28T17:20:29.423+0000: 1593.637: [GC [PSYoungGen: 93024K->256K(91712K)] 242428K->149716K(778688K), 0.0046100 secs] [Times: user=0.03 sys=0.00, real=0.00 secs] 
2014-07-28T17:20:30.064+0000: 1594.278: [GC [PSYoungGen: 91712K->192K(90496K)] 241172K->149668K(777472K), 0.0047310 secs] [Times: user=0.03 sys=0.01, real=0.00 secs] 
2014-07-28T17:20:30.703+0000: 1594.917: [GC [PSYoungGen: 90496K->224K(89408K)] 239972K->149748K(776384K), 0.0050120 secs] [Times: user=0.03 sys=0.01, real=0.00 secs] 
2014-07-28T17:20:31.333+0000: 1595.547: [GC [PSYoungGen: 89339K->192K(107200K)] 238863K->149740K(794176K), 0.0182200 secs] [Times: user=0.11 sys=0.02, real=0.01 secs] 
2014-07-28T17:20:32.091+0000: 1596.305: [GC [PSYoungGen: 107200K->320K(128768K)] 256748K->149884K(815744K), 0.0100810 secs] [Times: user=0.06 sys=0.01, real=0.01 secs] 
2014-07-28T17:20:33.000+0000: 1597.213: [GC [PSYoungGen: 128749K->352K(131712K)] 278313K->149980K(818688K), 0.0029010 secs] [Times: user=0.02 sys=0.00, real=0.01 secs] 
2014-07-28T17:20:33.925+0000: 1598.139: [GC [PSYoungGen: 131616K->288K(131712K)] 281244K->149948K(818688K), 0.0137520 secs] [Times: user=0.08 sys=0.00, real=0.01 secs] 
2014-07-28T17:20:34.848+0000: 1599.062: [GC [PSYoungGen: 131552K->192K(158016K)] 281212K->149876K(844992K), 0.0081430 secs] [Times: user=0.05 sys=0.00, real=0.01 secs] 
2014-07-28T17:20:35.963+0000: 1600.177: [GC [PSYoungGen: 157760K->256K(154880K)] 307444K->149996K(841856K), 0.0060010 secs] [Times: user=0.04 sys=0.00, real=0.00 secs] 
2014-07-28T17:20:37.056+0000: 1601.270: [GC [PSYoungGen: 154880K->224K(152000K)] 304620K->150012K(838976K), 0.0029830 secs] [Times: user=0.01 sys=0.00, real=0.00 secs] 
2014-07-28T17:20:38.130+0000: 1602.344: [GC [PSYoungGen: 151946K->256K(149248K)] 301734K->150092K(836224K), 0.0051310 secs] [Times: user=0.03 sys=0.00, real=0.01 secs] 
2014-07-28T17:20:39.186+0000: 1603.400: [GC [PSYoungGen: 149248K->388K(146752K)] 299084K->150280K(833728K), 0.0036410 secs] [Times: user=0.02 sys=0.00, real=0.00 secs] 
2014-07-28T17:20:40.222+0000: 1604.436: [GC [PSYoungGen: 146692K->288K(144000K)] 296584K->150236K(830976K), 0.0061210 secs] [Times: user=0.04 sys=0.00, real=0.01 secs] 
2014-07-28T17:20:41.241+0000: 1605.455: [GC [PSYoungGen: 143968K->192K(141312K)] 293916K->150236K(828288K), 0.0069640 secs] [Times: user=0.05 sys=0.00, real=0.01 secs] 
2014-07-28T17:20:42.237+0000: 1606.451: [GC [PSYoungGen: 141312K->256K(138880K)] 291356K->150356K(825856K), 0.0026300 secs] [Times: user=0.01 sys=0.00, real=0.00 secs] 
2014-07-28T17:20:43.219+0000: 1607.433: [GC [PSYoungGen: 138880K->384K(136640K)] 288980K->150532K(823616K), 0.0063960 secs] [Times: user=0.04 sys=0.00, real=0.01 secs] 
2014-07-28T17:20:44.185+0000: 1608.399: [GC [PSYoungGen: 136640K->256K(134208K)] 286788K->150460K(821184K), 0.0033340 secs] [Times: user=0.01 sys=0.00, real=0.00 secs] 
2014-07-28T17:20:45.129+0000: 1609.343: [GC [PSYoungGen: 134208K->320K(132032K)] 284412K->150604K(819008K), 0.0059480 secs] [Times: user=0.03 sys=0.00, real=0.01 secs] 
2014-07-28T17:20:46.057+0000: 1610.271: [GC [PSYoungGen: 131997K->224K(129792K)] 282281K->150556K(816768K), 0.0035000 secs] [Times: user=0.02 sys=0.00, real=0.00 secs] 
2014-07-28T17:20:46.977+0000: 1611.191: [GC [PSYoungGen: 129760K->224K(127680K)] 280092K->150604K(814656K), 0.0035120 secs] [Times: user=0.01 sys=0.00, real=0.00 secs] 
2014-07-28T17:20:47.878+0000: 1612.091: [GC [PSYoungGen: 127648K->352K(125760K)] 278028K->150804K(812736K), 0.0031870 secs] [Times: user=0.02 sys=0.00, real=0.00 secs] 
2014-07-28T17:20:48.763+0000: 1612.977: [GC [PSYoungGen: 125728K->288K(123648K)] 276180K->150804K(810624K), 0.0046860 secs] [Times: user=0.03 sys=0.00, real=0.01 secs] 
2014-07-28T17:20:49.638+0000: 1613.852: [GC [PSYoungGen: 123616K->320K(121664K)] 274132K->150868K(808640K), 0.0038040 secs] [Times: user=0.01 sys=0.01, real=0.00 secs] 
2014-07-28T17:20:50.497+0000: 1614.710: [GC [PSYoungGen: 121664K->256K(119680K)] 272212K->150852K(806656K), 0.0070600 secs] [Times: user=0.05 sys=0.00, real=0.00 secs] 
2014-07-28T17:20:51.338+0000: 1615.552: [GC [PSYoungGen: 119680K->224K(117824K)] 270276K->150820K(804800K), 0.0027070 secs] [Times: user=0.02 sys=0.00, real=0.00 secs] 
2014-07-28T17:20:52.169+0000: 1616.383: [GC [PSYoungGen: 117780K->256K(116032K)] 268376K->150900K(803008K), 0.0038260 secs] [Times: user=0.01 sys=0.00, real=0.00 secs] 
2014-07-28T17:20:52.985+0000: 1617.199: [GC [PSYoungGen: 116032K->224K(114240K)] 266676K->150908K(801216K), 0.0027680 secs] [Times: user=0.02 sys=0.00, real=0.00 secs] 
2014-07-28T17:20:53.794+0000: 1618.008: [GC [PSYoungGen: 114207K->320K(112576K)] 264891K->151076K(799552K), 0.0024170 secs] [Times: user=0.01 sys=0.00, real=0.01 secs] 
2014-07-28T17:20:54.588+0000: 1618.802: [GC [PSYoungGen: 112576K->384K(110976K)] 263332K->151220K(797952K), 0.0050090 secs] [Times: user=0.03 sys=0.00, real=0.00 secs] 
2014-07-28T17:20:55.370+0000: 1619.584: [GC [PSYoungGen: 110976K->256K(109248K)] 261812K->151244K(796224K), 0.0026360 secs] [Times: user=0.02 sys=0.00, real=0.00 secs] 
2014-07-28T17:20:56.140+0000: 1620.354: [GC [PSYoungGen: 109248K->224K(107648K)] 260236K->151228K(794624K), 0.0087020 secs] [Times: user=0.05 sys=0.00, real=0.01 secs] 
2014-07-28T17:20:56.898+0000: 1621.112: [GC [PSYoungGen: 107616K->448K(106304K)] 258620K->151524K(793280K), 0.0031790 secs] [Times: user=0.02 sys=0.00, real=0.00 secs] 
2014-07-28T17:20:57.648+0000: 1621.862: [GC [PSYoungGen: 106304K->402K(104768K)] 257380K->151526K(791744K), 0.0073380 secs] [Times: user=0.05 sys=0.00, real=0.00 secs] 
2014-07-28T17:20:58.385+0000: 1622.599: [GC [PSYoungGen: 104720K->192K(103040K)] 255844K->151436K(790016K), 0.0067720 secs] [Times: user=0.04 sys=0.01, real=0.01 secs] 
2014-07-28T17:20:59.113+0000: 1623.326: [GC [PSYoungGen: 103040K->466K(101952K)] 254284K->151718K(788928K), 0.0037200 secs] [Times: user=0.02 sys=0.00, real=0.01 secs] 
2014-07-28T17:20:59.829+0000: 1624.043: [GC [PSYoungGen: 101906K->320K(100352K)] 253158K->151644K(787328K), 0.0039050 secs] [Times: user=0.02 sys=0.00, real=0.00 secs] 
2014-07-28T17:21:00.537+0000: 1624.751: [GC [PSYoungGen: 100330K->224K(98944K)] 251654K->151588K(785920K), 0.0061420 secs] [Times: user=0.03 sys=0.00, real=0.00 secs] 
2014-07-28T17:21:01.236+0000: 1625.449: [GC [PSYoungGen: 98912K->192K(97536K)] 250276K->151572K(784512K), 0.0053450 secs] [Times: user=0.02 sys=0.01, real=0.01 secs] 
2014-07-28T17:21:01.925+0000: 1626.139: [GC [PSYoungGen: 97536K->256K(96320K)] 248916K->151684K(783296K), 0.0038310 secs] [Times: user=0.03 sys=0.00, real=0.01 secs] 
2014-07-28T17:21:02.601+0000: 1626.814: [GC [PSYoungGen: 96320K->416K(95232K)] 247748K->151948K(782208K), 0.0028210 secs] [Times: user=0.01 sys=0.00, real=0.00 secs] 
2014-07-28T17:21:03.272+0000: 1627.486: [GC [PSYoungGen: 95200K->352K(93952K)] 246732K->151964K(780928K), 0.0034930 secs] [Times: user=0.02 sys=0.00, real=0.00 secs] 
2014-07-28T17:21:03.934+0000: 1628.148: [GC [PSYoungGen: 93906K->288K(92672K)] 245518K->151964K(779648K), 0.0036240 secs] [Times: user=0.03 sys=0.00, real=0.01 secs] 
2014-07-28T17:21:04.590+0000: 1628.804: [GC [PSYoungGen: 92640K->352K(91520K)] 244316K->152092K(778496K), 0.0027120 secs] [Times: user=0.02 sys=0.00, real=0.00 secs] 
2014-07-28T17:21:05.236+0000: 1629.450: [GC [PSYoungGen: 91488K->384K(90368K)] 243228K->152188K(777344K), 0.0028890 secs] [Times: user=0.01 sys=0.00, real=0.01 secs] 
2014-07-28T17:21:05.873+0000: 1630.086: [GC [PSYoungGen: 90368K->288K(89152K)] 242172K->152156K(776128K), 0.0071840 secs] [Times: user=0.04 sys=0.00, real=0.01 secs] 
2014-07-28T17:21:06.504+0000: 1630.718: [GC [PSYoungGen: 89120K->256K(88000K)] 240988K->152172K(774976K), 0.0064240 secs] [Times: user=0.03 sys=0.00, real=0.01 secs] 
2014-07-28T17:21:07.124+0000: 1631.338: [GC [PSYoungGen: 88000K->256K(86912K)] 239916K->152180K(773888K), 0.0050210 secs] [Times: user=0.03 sys=0.01, real=0.01 secs] 
2014-07-28T17:21:07.735+0000: 1631.949: [GC [PSYoungGen: 86912K->352K(85952K)] 238836K->152340K(772928K), 0.0037590 secs] [Times: user=0.02 sys=0.00, real=0.01 secs] 
2014-07-28T17:21:08.338+0000: 1632.551: [GC [PSYoungGen: 85920K->320K(84864K)] 237908K->152356K(771840K), 0.0068190 secs] [Times: user=0.04 sys=0.00, real=0.00 secs] 
2014-07-28T17:21:08.938+0000: 1633.152: [GC [PSYoungGen: 84864K->288K(83840K)] 236900K->152348K(770816K), 0.0032100 secs] [Times: user=0.02 sys=0.00, real=0.00 secs] 
2014-07-28T17:21:09.527+0000: 1633.741: [GC [PSYoungGen: 83808K->288K(82880K)] 235868K->152412K(769856K), 0.0050680 secs] [Times: user=0.03 sys=0.00, real=0.01 secs] 
2014-07-28T17:21:10.111+0000: 1634.325: [GC [PSYoungGen: 82848K->192K(81792K)] 234972K->152324K(768768K), 0.0093790 secs] [Times: user=0.05 sys=0.01, real=0.01 secs] 
2014-07-28T17:21:10.687+0000: 1634.900: [GC [PSYoungGen: 81792K->256K(98176K)] 233924K->152436K(785152K), 0.0069380 secs] [Times: user=0.03 sys=0.00, real=0.02 secs] 
2014-07-28T17:21:11.380+0000: 1635.594: [GC [PSYoungGen: 98176K->288K(96896K)] 250356K->152532K(783872K), 0.0060550 secs] [Times: user=0.03 sys=0.01, real=0.00 secs] 
2014-07-28T17:21:12.065+0000: 1636.279: [GC [PSYoungGen: 96864K->320K(95616K)] 249108K->152572K(782592K), 0.0059040 secs] [Times: user=0.03 sys=0.01, real=0.01 secs] 
2014-07-28T17:21:12.739+0000: 1636.953: [GC [PSYoungGen: 95614K->320K(94336K)] 247866K->152692K(781312K), 0.0034080 secs] [Times: user=0.02 sys=0.01, real=0.00 secs] 
2014-07-28T17:21:13.403+0000: 1637.617: [GC [PSYoungGen: 94336K->416K(93248K)] 246708K->152860K(780224K), 0.0049140 secs] [Times: user=0.03 sys=0.00, real=0.01 secs] 
2014-07-28T17:21:14.056+0000: 1638.270: [GC [PSYoungGen: 93216K->306K(91904K)] 245660K->152806K(778880K), 0.0025650 secs] [Times: user=0.01 sys=0.01, real=0.01 secs] 
2014-07-28T17:21:14.703+0000: 1638.916: [GC [PSYoungGen: 91884K->498K(90944K)] 244384K->153078K(777920K), 0.0042680 secs] [Times: user=0.03 sys=0.00, real=0.00 secs] 
2014-07-28T17:21:15.343+0000: 1639.556: [GC [PSYoungGen: 90930K->256K(89536K)] 243510K->153022K(776512K), 0.0026210 secs] [Times: user=0.02 sys=0.00, real=0.00 secs] 
2014-07-28T17:21:15.979+0000: 1640.193: [GC [PSYoungGen: 89536K->352K(88576K)] 242302K->153142K(775552K), 0.0035300 secs] [Times: user=0.01 sys=0.00, real=0.01 secs] 
2014-07-28T17:21:16.600+0000: 1640.814: [GC [PSYoungGen: 88544K->416K(87552K)] 241334K->153302K(774528K), 0.0033590 secs] [Times: user=0.02 sys=0.00, real=0.00 secs] 
2014-07-28T17:21:17.220+0000: 1641.434: [GC [PSYoungGen: 87520K->288K(86336K)] 240406K->153238K(773312K), 0.0047540 secs] [Times: user=0.02 sys=0.00, real=0.00 secs] 
2014-07-28T17:21:17.828+0000: 1642.042: [GC [PSYoungGen: 86304K->352K(85376K)] 239254K->153358K(772352K), 0.0038760 secs] [Times: user=0.02 sys=0.00, real=0.01 secs] 
2014-07-28T17:21:18.427+0000: 1642.641: [GC [PSYoungGen: 85344K->256K(84224K)] 238350K->153318K(771200K), 0.0041550 secs] [Times: user=0.02 sys=0.01, real=0.01 secs] 
2014-07-28T17:21:19.020+0000: 1643.234: [GC [PSYoungGen: 84224K->466K(83456K)] 237286K->153552K(770432K), 0.0031130 secs] [Times: user=0.02 sys=0.01, real=0.00 secs] 
2014-07-28T17:21:19.610+0000: 1643.823: [GC [PSYoungGen: 83410K->416K(82432K)] 236496K->153582K(769408K), 0.0026350 secs] [Times: user=0.01 sys=0.00, real=0.00 secs] 
2014-07-28T17:21:20.187+0000: 1644.401: [GC [PSYoungGen: 82400K->224K(81280K)] 235566K->153438K(768256K), 0.0057010 secs] [Times: user=0.03 sys=0.00, real=0.01 secs] 
2014-07-28T17:21:20.761+0000: 1644.975: [GC [PSYoungGen: 81248K->288K(80384K)] 234462K->153558K(767360K), 0.0040170 secs] [Times: user=0.03 sys=0.00, real=0.00 secs] 
2014-07-28T17:21:21.331+0000: 1645.545: [GC [PSYoungGen: 80352K->288K(79488K)] 233622K->153630K(766464K), 0.0046570 secs] [Times: user=0.03 sys=0.01, real=0.00 secs] 
2014-07-28T17:21:21.889+0000: 1646.103: [GC [PSYoungGen: 79441K->384K(78656K)] 232783K->153758K(765632K), 0.0068580 secs] [Times: user=0.04 sys=0.00, real=0.01 secs] 
2014-07-28T17:21:22.449+0000: 1646.663: [GC [PSYoungGen: 78656K->448K(77824K)] 232030K->153902K(764800K), 0.0053000 secs] [Times: user=0.04 sys=0.01, real=0.01 secs] 
2014-07-28T17:21:22.990+0000: 1647.204: [GC [PSYoungGen: 77824K->352K(93248K)] 231278K->153838K(780224K), 0.0088490 secs] [Times: user=0.06 sys=0.00, real=0.00 secs] 
2014-07-28T17:21:23.649+0000: 1647.863: [GC [PSYoungGen: 93216K->352K(92032K)] 246702K->153902K(779008K), 0.0040450 secs] [Times: user=0.03 sys=0.00, real=0.01 secs] 
2014-07-28T17:21:24.297+0000: 1648.511: [GC [PSYoungGen: 92000K->434K(90944K)] 245550K->154056K(777920K), 0.0044370 secs] [Times: user=0.03 sys=0.00, real=0.01 secs] 
2014-07-28T17:21:24.934+0000: 1649.148: [GC [PSYoungGen: 90930K->288K(89664K)] 244552K->153926K(776640K), 0.0069920 secs] [Times: user=0.05 sys=0.00, real=0.01 secs] 
2014-07-28T17:21:25.569+0000: 1649.783: [GC [PSYoungGen: 89632K->192K(88448K)] 243270K->153878K(775424K), 0.0041710 secs] [Times: user=0.02 sys=0.01, real=0.01 secs] 
2014-07-28T17:21:26.190+0000: 1650.403: [GC [PSYoungGen: 88448K->416K(87616K)] 242134K->154110K(774592K), 0.0048020 secs] [Times: user=0.03 sys=0.00, real=0.01 secs] 
2014-07-28T17:21:26.807+0000: 1651.021: [GC [PSYoungGen: 87584K->416K(86528K)] 241278K->154198K(773504K), 0.0064820 secs] [Times: user=0.03 sys=0.01, real=0.01 secs] 
2014-07-28T17:21:27.409+0000: 1651.623: [GC [PSYoungGen: 86496K->256K(85312K)] 240278K->154094K(772288K), 0.0074220 secs] [Times: user=0.05 sys=0.00, real=0.01 secs] 
2014-07-28T17:21:28.013+0000: 1652.227: [GC [PSYoungGen: 85312K->352K(84416K)] 239150K->154222K(771392K), 0.0040970 secs] [Times: user=0.03 sys=0.00, real=0.00 secs] 
2014-07-28T17:21:28.609+0000: 1652.823: [GC [PSYoungGen: 84384K->416K(83456K)] 238254K->154366K(770432K), 0.0055730 secs] [Times: user=0.04 sys=0.00, real=0.01 secs] 
2014-07-28T17:21:29.194+0000: 1653.408: [GC [PSYoungGen: 83424K->480K(82560K)] 237374K->154526K(769536K), 0.0069440 secs] [Times: user=0.04 sys=0.00, real=0.01 secs] 
2014-07-28T17:21:29.773+0000: 1653.987: [GC [PSYoungGen: 82527K->256K(81344K)] 236573K->154366K(768320K), 0.0058570 secs] [Times: user=0.04 sys=0.00, real=0.00 secs] 
2014-07-28T17:21:30.347+0000: 1654.560: [GC [PSYoungGen: 81344K->352K(80512K)] 235454K->154534K(767488K), 0.0062230 secs] [Times: user=0.04 sys=0.00, real=0.01 secs] 
2014-07-28T17:21:30.912+0000: 1655.126: [GC [PSYoungGen: 80480K->352K(79616K)] 234662K->154558K(766592K), 0.0046530 secs] [Times: user=0.03 sys=0.00, real=0.00 secs] 
2014-07-28T17:21:31.475+0000: 1655.688: [GC [PSYoungGen: 79584K->256K(78592K)] 233790K->154486K(765568K), 0.0035620 secs] [Times: user=0.02 sys=0.01, real=0.00 secs] 
2014-07-28T17:21:32.026+0000: 1656.239: [GC [PSYoungGen: 78592K->256K(77696K)] 232822K->154502K(764672K), 0.0062830 secs] [Times: user=0.03 sys=0.00, real=0.01 secs] 
2014-07-28T17:21:32.576+0000: 1656.790: [GC [PSYoungGen: 77696K->384K(76992K)] 231942K->154678K(763968K), 0.0059790 secs] [Times: user=0.04 sys=0.00, real=0.01 secs] 
2014-07-28T17:21:33.118+0000: 1657.332: [GC [PSYoungGen: 76992K->384K(76160K)] 231286K->154718K(763136K), 0.0056090 secs] [Times: user=0.03 sys=0.00, real=0.01 secs] 
2014-07-28T17:21:33.652+0000: 1657.866: [GC [PSYoungGen: 76160K->320K(91264K)] 230494K->154694K(778240K), 0.0065650 secs] [Times: user=0.04 sys=0.00, real=0.00 secs] 
2014-07-28T17:21:34.299+0000: 1658.512: [GC [PSYoungGen: 91264K->256K(90048K)] 245638K->154670K(777024K), 0.0028270 secs] [Times: user=0.01 sys=0.00, real=0.01 secs] 
2014-07-28T17:21:34.939+0000: 1659.153: [GC [PSYoungGen: 90048K->352K(89024K)] 244462K->154782K(776000K), 0.0071290 secs] [Times: user=0.04 sys=0.01, real=0.01 secs] 
2014-07-28T17:21:35.567+0000: 1659.781: [GC [PSYoungGen: 88984K->320K(87872K)] 243414K->154814K(774848K), 0.0041210 secs] [Times: user=0.02 sys=0.00, real=0.00 secs] 
2014-07-28T17:21:36.185+0000: 1660.399: [GC [PSYoungGen: 87872K->192K(105280K)] 242366K->154702K(792256K), 0.0109230 secs] [Times: user=0.06 sys=0.01, real=0.01 secs] 
2014-07-28T17:21:36.929+0000: 1661.142: [GC [PSYoungGen: 105280K->384K(126528K)] 259790K->154942K(813504K), 0.0074460 secs] [Times: user=0.05 sys=0.00, real=0.01 secs] 
2014-07-28T17:21:37.820+0000: 1662.034: [GC [PSYoungGen: 126528K->256K(124352K)] 281086K->154854K(811328K), 0.0051140 secs] [Times: user=0.03 sys=0.01, real=0.01 secs] 
2014-07-28T17:21:38.700+0000: 1662.914: [GC [PSYoungGen: 124352K->256K(122368K)] 278950K->154910K(809344K), 0.0040150 secs] [Times: user=0.02 sys=0.00, real=0.01 secs] 
2014-07-28T17:21:39.563+0000: 1663.777: [GC [PSYoungGen: 122368K->480K(120704K)] 277022K->155190K(807680K), 0.0102950 secs] [Times: user=0.06 sys=0.00, real=0.01 secs] 
2014-07-28T17:21:40.410+0000: 1664.624: [GC [PSYoungGen: 120672K->320K(118656K)] 275382K->155192K(805632K), 0.0054710 secs] [Times: user=0.03 sys=0.01, real=0.01 secs] 
2014-07-28T17:21:41.248+0000: 1665.461: [GC [PSYoungGen: 118656K->320K(116800K)] 273528K->155224K(803776K), 0.0115070 secs] [Times: user=0.07 sys=0.01, real=0.01 secs] 
2014-07-28T17:21:42.063+0000: 1666.277: [GC [PSYoungGen: 116800K->224K(114944K)] 271704K->155176K(801920K), 0.0057100 secs] [Times: user=0.04 sys=0.00, real=0.00 secs] 
2014-07-28T17:21:42.872+0000: 1667.086: [GC [PSYoungGen: 114912K->416K(113408K)] 269864K->155456K(800384K), 0.0050410 secs] [Times: user=0.03 sys=0.00, real=0.01 secs] 
2014-07-28T17:21:43.668+0000: 1667.882: [GC [PSYoungGen: 113334K->320K(111616K)] 268374K->155408K(798592K), 0.0074550 secs] [Times: user=0.04 sys=0.01, real=0.01 secs] 
2014-07-28T17:21:44.459+0000: 1668.673: [GC [PSYoungGen: 111616K->352K(110016K)] 266704K->155504K(796992K), 0.0043940 secs] [Times: user=0.02 sys=0.01, real=0.01 secs] 
2014-07-28T17:21:45.235+0000: 1669.449: [GC [PSYoungGen: 109984K->288K(108352K)] 265136K->155448K(795328K), 0.0041790 secs] [Times: user=0.02 sys=0.00, real=0.00 secs] 
2014-07-28T17:21:45.998+0000: 1670.212: [GC [PSYoungGen: 108320K->352K(106880K)] 263480K->155584K(793856K), 0.0054370 secs] [Times: user=0.03 sys=0.01, real=0.01 secs] 
2014-07-28T17:21:46.754+0000: 1670.968: [GC [PSYoungGen: 106848K->512K(105472K)] 262080K->155840K(792448K), 0.0040920 secs] [Times: user=0.03 sys=0.01, real=0.00 secs] 
2014-07-28T17:21:47.496+0000: 1671.710: [GC [PSYoungGen: 105472K->288K(103808K)] 260800K->155672K(790784K), 0.0043630 secs] [Times: user=0.02 sys=0.00, real=0.00 secs] 
2014-07-28T17:21:48.231+0000: 1672.444: [GC [PSYoungGen: 103744K->320K(102336K)] 259128K->155728K(789312K), 0.0050650 secs] [Times: user=0.02 sys=0.00, real=0.01 secs] 
2014-07-28T17:21:48.963+0000: 1673.177: [GC [PSYoungGen: 102336K->512K(101120K)] 257744K->155984K(788096K), 0.0056440 secs] [Times: user=0.12 sys=0.06, real=0.16 secs] 
2014-07-28T17:21:49.680+0000: 1673.894: [GC [PSYoungGen: 101120K->224K(99456K)] 256592K->155744K(786432K), 0.0031190 secs] [Times: user=0.02 sys=0.00, real=0.00 secs] 
2014-07-28T17:21:50.381+0000: 1674.595: [GC [PSYoungGen: 99424K->224K(98112K)] 254944K->155784K(785088K), 0.0038610 secs] [Times: user=0.02 sys=0.00, real=0.01 secs] 
2014-07-28T17:21:51.073+0000: 1675.287: [GC [PSYoungGen: 98080K->192K(96704K)] 253640K->155760K(783680K), 0.0034810 secs] [Times: user=0.01 sys=0.00, real=0.01 secs] 
2014-07-28T17:21:51.756+0000: 1675.970: [GC [PSYoungGen: 96704K->288K(95552K)] 252272K->155920K(782528K), 0.0083720 secs] [Times: user=0.04 sys=0.01, real=0.01 secs] 
2014-07-28T17:21:52.429+0000: 1676.643: [GC [PSYoungGen: 95509K->288K(94272K)] 251141K->155984K(781248K), 0.0048250 secs] [Times: user=0.03 sys=0.00, real=0.01 secs] 
2014-07-28T17:21:53.094+0000: 1677.308: [GC [PSYoungGen: 94233K->448K(93184K)] 249929K->156144K(780160K), 0.0065250 secs] [Times: user=0.04 sys=0.00, real=0.00 secs] 
2014-07-28T17:21:53.749+0000: 1677.962: [GC [PSYoungGen: 93184K->320K(91840K)] 248880K->156064K(778816K), 0.0055960 secs] [Times: user=0.03 sys=0.01, real=0.01 secs] 
2014-07-28T17:21:54.399+0000: 1678.613: [GC [PSYoungGen: 91840K->498K(90880K)] 247584K->156306K(777856K), 0.0053700 secs] [Times: user=0.04 sys=0.00, real=0.01 secs] 
2014-07-28T17:21:55.037+0000: 1679.251: [GC [PSYoungGen: 90866K->192K(89408K)] 246674K->156008K(776384K), 0.0066270 secs] [Times: user=0.03 sys=0.00, real=0.00 secs] 
2014-07-28T17:21:55.666+0000: 1679.880: [GC [PSYoungGen: 89408K->256K(107328K)] 245224K->156104K(794304K), 0.0096310 secs] [Times: user=0.05 sys=0.00, real=0.01 secs] 
2014-07-28T17:21:56.426+0000: 1680.639: [GC [PSYoungGen: 107328K->448K(128960K)] 263176K->156344K(815936K), 0.0082680 secs] [Times: user=0.05 sys=0.00, real=0.00 secs] 
2014-07-28T17:21:57.329+0000: 1681.543: [GC [PSYoungGen: 128958K->320K(126720K)] 284854K->156240K(813696K), 0.0042640 secs] [Times: user=0.02 sys=0.00, real=0.00 secs] 
2014-07-28T17:21:58.222+0000: 1682.436: [GC [PSYoungGen: 126720K->416K(124800K)] 282640K->156424K(811776K), 0.0043740 secs] [Times: user=0.02 sys=0.01, real=0.01 secs] 
2014-07-28T17:21:59.101+0000: 1683.314: [GC [PSYoungGen: 124768K->416K(122816K)] 280776K->156504K(809792K), 0.0038200 secs] [Times: user=0.02 sys=0.00, real=0.00 secs] 
2014-07-28T17:21:59.966+0000: 1684.179: [GC [PSYoungGen: 122775K->160K(120640K)] 278863K->156280K(807616K), 0.0080200 secs] [Times: user=0.05 sys=0.00, real=0.00 secs] 
2014-07-28T17:22:00.816+0000: 1685.030: [GC [PSYoungGen: 120608K->416K(119040K)] 276728K->156624K(806016K), 0.0040640 secs] [Times: user=0.02 sys=0.00, real=0.00 secs] 
2014-07-28T17:22:01.659+0000: 1685.872: [GC [PSYoungGen: 119008K->402K(117184K)] 275216K->156682K(804160K), 0.0045170 secs] [Times: user=0.03 sys=0.00, real=0.00 secs] 
2014-07-28T17:22:02.484+0000: 1686.698: [GC [PSYoungGen: 117138K->338K(115328K)] 273418K->156634K(802304K), 0.0148770 secs] [Times: user=0.07 sys=0.01, real=0.02 secs] 
2014-07-28T17:22:03.300+0000: 1687.514: [GC [PSYoungGen: 115282K->288K(113536K)] 271578K->156632K(800512K), 0.0068490 secs] [Times: user=0.03 sys=0.00, real=0.01 secs] 
2014-07-28T17:22:04.090+0000: 1688.304: [GC [PSYoungGen: 113504K->352K(111936K)] 269848K->156760K(798912K), 0.0052900 secs] [Times: user=0.03 sys=0.00, real=0.00 secs] 
2014-07-28T17:22:04.877+0000: 1689.091: [GC [PSYoungGen: 111904K->384K(110272K)] 268312K->156864K(797248K), 0.0064780 secs] [Times: user=0.04 sys=0.00, real=0.00 secs] 
2014-07-28T17:22:05.652+0000: 1689.865: [GC [PSYoungGen: 110272K->352K(108672K)] 266752K->156888K(795648K), 0.0080210 secs] [Times: user=0.05 sys=0.00, real=0.01 secs] 
2014-07-28T17:22:06.420+0000: 1690.634: [GC [PSYoungGen: 108640K->224K(106944K)] 265176K->156808K(793920K), 0.0029840 secs] [Times: user=0.02 sys=0.00, real=0.00 secs] 
2014-07-28T17:22:07.174+0000: 1691.388: [GC [PSYoungGen: 106904K->224K(105408K)] 263488K->156840K(792384K), 0.0056070 secs] [Times: user=0.04 sys=0.00, real=0.01 secs] 
2014-07-28T17:22:07.920+0000: 1692.133: [GC [PSYoungGen: 105376K->288K(104000K)] 261992K->156976K(790976K), 0.0052130 secs] [Times: user=0.03 sys=0.00, real=0.00 secs] 
2014-07-28T17:22:08.659+0000: 1692.873: [GC [PSYoungGen: 103968K->352K(102592K)] 260656K->157096K(789568K), 0.0070180 secs] [Times: user=0.05 sys=0.00, real=0.00 secs] 
2014-07-28T17:22:09.381+0000: 1693.594: [GC [PSYoungGen: 102560K->288K(101120K)] 259304K->157080K(788096K), 0.0044750 secs] [Times: user=0.01 sys=0.01, real=0.00 secs] 
2014-07-28T17:22:10.100+0000: 1694.314: [GC [PSYoungGen: 101088K->288K(99712K)] 257880K->157104K(786688K), 0.0051850 secs] [Times: user=0.03 sys=0.00, real=0.00 secs] 
2014-07-28T17:22:10.799+0000: 1695.013: [GC [PSYoungGen: 99680K->384K(98432K)] 256496K->157272K(785408K), 0.0052590 secs] [Times: user=0.03 sys=0.00, real=0.00 secs] 
2014-07-28T17:22:11.490+0000: 1695.703: [GC [PSYoungGen: 98432K->416K(97152K)] 255320K->157384K(784128K), 0.0044610 secs] [Times: user=0.02 sys=0.01, real=0.00 secs] 
2014-07-28T17:22:12.174+0000: 1696.387: [GC [PSYoungGen: 97120K->224K(95680K)] 254088K->157200K(782656K), 0.0047470 secs] [Times: user=0.03 sys=0.01, real=0.01 secs] 
2014-07-28T17:22:12.850+0000: 1697.064: [GC [PSYoungGen: 95648K->256K(94400K)] 252624K->157280K(781376K), 0.0052670 secs] [Times: user=0.03 sys=0.01, real=0.00 secs] 
2014-07-28T17:22:13.512+0000: 1697.725: [GC [PSYoungGen: 94400K->288K(93248K)] 251424K->157376K(780224K), 0.0071560 secs] [Times: user=0.04 sys=0.00, real=0.01 secs] 
2014-07-28T17:22:14.168+0000: 1698.381: [GC [PSYoungGen: 93184K->274K(92032K)] 250273K->157370K(779008K), 0.0054630 secs] [Times: user=0.03 sys=0.00, real=0.00 secs] 
2014-07-28T17:22:14.814+0000: 1699.028: [GC [PSYoungGen: 91986K->210K(90816K)] 249082K->157322K(777792K), 0.0045410 secs] [Times: user=0.02 sys=0.01, real=0.01 secs] 
2014-07-28T17:22:15.457+0000: 1699.671: [GC [PSYoungGen: 90737K->448K(89856K)] 247849K->157616K(776832K), 0.0056460 secs] [Times: user=0.03 sys=0.00, real=0.01 secs] 
2014-07-28T17:22:16.095+0000: 1700.308: [GC [PSYoungGen: 89856K->338K(88704K)] 247024K->157514K(775680K), 0.0091880 secs] [Times: user=0.05 sys=0.01, real=0.01 secs] 
2014-07-28T17:22:16.734+0000: 1700.948: [GC [PSYoungGen: 88640K->384K(87616K)] 245816K->157608K(774592K), 0.0066470 secs] [Times: user=0.03 sys=0.00, real=0.01 secs] 
2014-07-28T17:22:17.360+0000: 1701.573: [GC [PSYoungGen: 87616K->320K(86464K)] 244840K->157624K(773440K), 0.0056380 secs] [Times: user=0.04 sys=0.00, real=0.00 secs] 
2014-07-28T17:22:17.970+0000: 1702.184: [GC [PSYoungGen: 86464K->288K(85440K)] 243768K->157640K(772416K), 0.0061980 secs] [Times: user=0.03 sys=0.01, real=0.00 secs] 
2014-07-28T17:22:18.574+0000: 1702.787: [GC [PSYoungGen: 85385K->224K(102400K)] 242737K->157624K(789376K), 0.0072020 secs] [Times: user=0.04 sys=0.01, real=0.01 secs] 
2014-07-28T17:22:19.297+0000: 1703.511: [GC [PSYoungGen: 102331K->416K(101184K)] 259731K->157848K(788160K), 0.0033590 secs] [Times: user=0.02 sys=0.00, real=0.01 secs] 
2014-07-28T17:22:20.004+0000: 1704.218: [GC [PSYoungGen: 101105K->256K(99584K)] 258538K->157752K(786560K), 0.0052800 secs] [Times: user=0.03 sys=0.01, real=0.01 secs] 
2014-07-28T17:22:20.708+0000: 1704.922: [GC [PSYoungGen: 99584K->224K(98240K)] 257080K->157760K(785216K), 0.0031630 secs] [Times: user=0.01 sys=0.00, real=0.00 secs] 
2014-07-28T17:22:21.404+0000: 1705.618: [GC [PSYoungGen: 98208K->448K(97088K)] 255744K->158088K(784064K), 0.0039780 secs] [Times: user=0.03 sys=0.00, real=0.00 secs] 
2014-07-28T17:22:22.093+0000: 1706.307: [GC [PSYoungGen: 97088K->306K(95680K)] 254728K->157962K(782656K), 0.0050850 secs] [Times: user=0.03 sys=0.01, real=0.00 secs] 
2014-07-28T17:22:22.797+0000: 1707.011: [GC [PSYoungGen: 95666K->352K(94464K)] 253322K->158032K(781440K), 0.0080380 secs] [Times: user=0.04 sys=0.00, real=0.01 secs] 
2014-07-28T17:22:23.473+0000: 1707.686: [GC [PSYoungGen: 94432K->256K(93120K)] 252112K->157960K(780096K), 0.0070510 secs] [Times: user=0.03 sys=0.00, real=0.01 secs] 
2014-07-28T17:22:24.123+0000: 1708.337: [GC [PSYoungGen: 93120K->352K(92032K)] 250824K->158064K(779008K), 0.0060310 secs] [Times: user=0.01 sys=0.00, real=0.01 secs] 
2014-07-28T17:22:24.767+0000: 1708.980: [GC [PSYoungGen: 92000K->352K(90880K)] 249712K->158136K(777856K), 0.0025680 secs] [Times: user=0.01 sys=0.00, real=0.01 secs] 
2014-07-28T17:22:25.406+0000: 1709.620: [GC [PSYoungGen: 90848K->320K(89664K)] 248632K->158160K(776640K), 0.0063170 secs] [Times: user=0.03 sys=0.01, real=0.01 secs] 
2014-07-28T17:22:26.037+0000: 1710.251: [GC [PSYoungGen: 89664K->352K(88640K)] 247504K->158224K(775616K), 0.0048250 secs] [Times: user=0.02 sys=0.01, real=0.01 secs] 
2014-07-28T17:22:26.661+0000: 1710.875: [GC [PSYoungGen: 88601K->384K(87552K)] 246473K->158320K(774528K), 0.0038710 secs] [Times: user=0.02 sys=0.00, real=0.00 secs] 
2014-07-28T17:22:27.279+0000: 1711.493: [GC [PSYoungGen: 87533K->370K(86464K)] 245469K->158386K(773440K), 0.0041970 secs] [Times: user=0.02 sys=0.00, real=0.00 secs] 
2014-07-28T17:22:27.888+0000: 1712.102: [GC [PSYoungGen: 86435K->320K(85376K)] 244451K->158384K(772352K), 0.0041090 secs] [Times: user=0.03 sys=0.00, real=0.01 secs] 
2014-07-28T17:22:28.491+0000: 1712.705: [GC [PSYoungGen: 85376K->352K(84416K)] 243440K->158464K(771392K), 0.0059400 secs] [Times: user=0.04 sys=0.00, real=0.00 secs] 
2014-07-28T17:22:29.083+0000: 1713.297: [GC [PSYoungGen: 84384K->384K(83392K)] 242496K->158504K(770368K), 0.0049110 secs] [Times: user=0.03 sys=0.00, real=0.00 secs] 
2014-07-28T17:22:29.674+0000: 1713.888: [GC [PSYoungGen: 83392K->416K(82496K)] 241512K->158592K(769472K), 0.0070600 secs] [Times: user=0.04 sys=0.00, real=0.01 secs] 
2014-07-28T17:22:30.256+0000: 1714.470: [GC [PSYoungGen: 82464K->256K(81344K)] 240640K->158616K(768320K), 0.0048610 secs] [Times: user=0.03 sys=0.00, real=0.01 secs] 
2014-07-28T17:22:30.828+0000: 1715.041: [GC [PSYoungGen: 81319K->288K(80448K)] 239679K->158664K(767424K), 0.0071210 secs] [Times: user=0.04 sys=0.00, real=0.01 secs] 
2014-07-28T17:22:31.394+0000: 1715.607: [GC [PSYoungGen: 80384K->288K(79552K)] 238760K->158720K(766528K), 0.0049220 secs] [Times: user=0.03 sys=0.00, real=0.00 secs] 
2014-07-28T17:22:31.954+0000: 1716.168: [GC [PSYoungGen: 79520K->288K(78656K)] 237952K->158768K(765632K), 0.0068550 secs] [Times: user=0.04 sys=0.00, real=0.01 secs] 
2014-07-28T17:22:32.504+0000: 1716.718: [GC [PSYoungGen: 78624K->288K(77760K)] 237104K->158840K(764736K), 0.0051880 secs] [Times: user=0.03 sys=0.00, real=0.00 secs] 
2014-07-28T17:22:33.054+0000: 1717.268: [GC [PSYoungGen: 77728K->288K(93248K)] 236280K->158856K(780224K), 0.0084870 secs] [Times: user=0.05 sys=0.00, real=0.01 secs] 
2014-07-28T17:22:33.708+0000: 1717.922: [GC [PSYoungGen: 93216K->352K(111936K)] 251784K->158976K(798912K), 0.0080130 secs] [Times: user=0.05 sys=0.00, real=0.01 secs] 
2014-07-28T17:22:34.501+0000: 1718.715: [GC [PSYoungGen: 111904K->448K(110336K)] 270528K->159168K(797312K), 0.0023470 secs] [Times: user=0.01 sys=0.00, real=0.00 secs] 
2014-07-28T17:22:35.281+0000: 1719.494: [GC [PSYoungGen: 110336K->256K(108544K)] 269056K->159032K(795520K), 0.0044640 secs] [Times: user=0.02 sys=0.00, real=0.01 secs] 
2014-07-28T17:22:36.048+0000: 1720.262: [GC [PSYoungGen: 108544K->320K(107008K)] 267320K->159152K(793984K), 0.0066770 secs] [Times: user=0.05 sys=0.00, real=0.01 secs] 
2014-07-28T17:22:36.804+0000: 1721.018: [GC [PSYoungGen: 107008K->352K(105536K)] 265840K->159248K(792512K), 0.0044530 secs] [Times: user=0.02 sys=0.00, real=0.00 secs] 
2014-07-28T17:22:37.550+0000: 1721.763: [GC [PSYoungGen: 105491K->192K(103872K)] 264387K->159136K(790848K), 0.0044310 secs] [Times: user=0.02 sys=0.00, real=0.01 secs] 
2014-07-28T17:22:38.287+0000: 1722.500: [GC [PSYoungGen: 103872K->352K(102592K)] 262816K->159304K(789568K), 0.0099150 secs] [Times: user=0.06 sys=0.00, real=0.01 secs] 
2014-07-28T17:22:39.010+0000: 1723.223: [GC [PSYoungGen: 102560K->256K(101056K)] 261512K->159256K(788032K), 0.0065890 secs] [Times: user=0.04 sys=0.00, real=0.01 secs] 
2014-07-28T17:22:39.720+0000: 1723.933: [GC [PSYoungGen: 101056K->352K(99776K)] 260056K->159432K(786752K), 0.0052960 secs] [Times: user=0.02 sys=0.01, real=0.01 secs] 
2014-07-28T17:22:40.425+0000: 1724.638: [GC [PSYoungGen: 99744K->384K(98432K)] 258824K->159528K(785408K), 0.0048450 secs] [Times: user=0.03 sys=0.01, real=0.00 secs] 
2014-07-28T17:22:41.115+0000: 1725.329: [GC [PSYoungGen: 98432K->306K(97024K)] 257576K->159466K(784000K), 0.0076370 secs] [Times: user=0.03 sys=0.01, real=0.01 secs] 
2014-07-28T17:22:41.799+0000: 1726.012: [GC [PSYoungGen: 97009K->274K(95744K)] 256169K->159490K(782720K), 0.0043090 secs] [Times: user=0.02 sys=0.01, real=0.01 secs] 
2014-07-28T17:22:42.473+0000: 1726.687: [GC [PSYoungGen: 95698K->320K(94464K)] 254914K->159624K(781440K), 0.0051080 secs] [Times: user=0.04 sys=0.00, real=0.00 secs] 
2014-07-28T17:22:43.144+0000: 1727.358: [GC [PSYoungGen: 94464K->416K(93376K)] 253768K->159736K(780352K), 0.0033530 secs] [Times: user=0.01 sys=0.01, real=0.00 secs] 
2014-07-28T17:22:43.798+0000: 1728.012: [GC [PSYoungGen: 93344K->192K(91904K)] 252664K->159656K(778880K), 0.0076680 secs] [Times: user=0.04 sys=0.00, real=0.02 secs] 
2014-07-28T17:22:44.446+0000: 1728.660: [GC [PSYoungGen: 91886K->466K(91072K)] 251350K->160002K(778048K), 0.0059920 secs] [Times: user=0.04 sys=0.01, real=0.01 secs] 
2014-07-28T17:22:45.087+0000: 1729.301: [GC [PSYoungGen: 91026K->320K(89728K)] 250562K->159888K(776704K), 0.0066980 secs] [Times: user=0.04 sys=0.00, real=0.01 secs] 
2014-07-28T17:22:45.719+0000: 1729.933: [GC [PSYoungGen: 89728K->256K(88576K)] 249296K->159888K(775552K), 0.0045380 secs] [Times: user=0.03 sys=0.00, real=0.01 secs] 
2014-07-28T17:22:46.344+0000: 1730.557: [GC [PSYoungGen: 88576K->448K(87680K)] 248208K->160168K(774656K), 0.0054880 secs] [Times: user=0.04 sys=0.00, real=0.00 secs] 
2014-07-28T17:22:46.963+0000: 1731.177: [GC [PSYoungGen: 87664K->256K(86400K)] 247384K->160008K(773376K), 0.0095040 secs] [Times: user=0.05 sys=0.00, real=0.01 secs] 
2014-07-28T17:22:47.570+0000: 1731.784: [GC [PSYoungGen: 86400K->320K(103744K)] 246152K->160144K(790720K), 0.0082850 secs] [Times: user=0.05 sys=0.00, real=0.01 secs] 
2014-07-28T17:22:48.303+0000: 1732.517: [GC [PSYoungGen: 103744K->384K(122880K)] 263568K->160224K(809856K), 0.0073450 secs] [Times: user=0.04 sys=0.01, real=0.00 secs] 
2014-07-28T17:22:49.166+0000: 1733.380: [GC [PSYoungGen: 122752K->192K(120640K)] 282592K->160080K(807616K), 0.0046640 secs] [Times: user=0.02 sys=0.00, real=0.00 secs] 
2014-07-28T17:22:50.019+0000: 1734.233: [GC [PSYoungGen: 120639K->224K(118848K)] 280527K->160168K(805824K), 0.0040160 secs] [Times: user=0.02 sys=0.00, real=0.01 secs] 
2014-07-28T17:22:50.856+0000: 1735.070: [GC [PSYoungGen: 118816K->320K(117056K)] 278760K->160328K(804032K), 0.0040790 secs] [Times: user=0.02 sys=0.01, real=0.00 secs] 
2014-07-28T17:22:51.682+0000: 1735.895: [GC [PSYoungGen: 117056K->224K(115200K)] 277064K->160272K(802176K), 0.0077570 secs] [Times: user=0.04 sys=0.00, real=0.01 secs] 
2014-07-28T17:22:52.494+0000: 1736.708: [GC [PSYoungGen: 115168K->352K(113600K)] 275216K->160472K(800576K), 0.0059460 secs] [Times: user=0.04 sys=0.00, real=0.00 secs] 
2014-07-28T17:22:53.298+0000: 1737.511: [GC [PSYoungGen: 113568K->448K(112000K)] 273688K->160600K(798976K), 0.0064080 secs] [Times: user=0.05 sys=0.00, real=0.01 secs] 
2014-07-28T17:22:54.085+0000: 1738.299: [GC [PSYoungGen: 112000K->256K(110144K)] 272152K->160536K(797120K), 0.0055030 secs] [Times: user=0.03 sys=0.00, real=0.00 secs] 
2014-07-28T17:22:54.859+0000: 1739.073: [GC [PSYoungGen: 110144K->288K(108608K)] 270424K->160640K(795584K), 0.0054220 secs] [Times: user=0.03 sys=0.00, real=0.01 secs] 
2014-07-28T17:22:55.622+0000: 1739.836: [GC [PSYoungGen: 108576K->352K(107072K)] 268928K->160776K(794048K), 0.0030790 secs] [Times: user=0.02 sys=0.00, real=0.01 secs] 
2014-07-28T17:22:56.383+0000: 1740.597: [GC [PSYoungGen: 107040K->320K(105472K)] 267464K->160776K(792448K), 0.0065880 secs] [Times: user=0.04 sys=0.01, real=0.01 secs] 
2014-07-28T17:22:57.124+0000: 1741.338: [GC [PSYoungGen: 105439K->352K(104064K)] 265895K->160888K(791040K), 0.0039420 secs] [Times: user=0.02 sys=0.00, real=0.01 secs] 
2014-07-28T17:22:57.857+0000: 1742.070: [GC [PSYoungGen: 104032K->352K(102592K)] 264568K->160968K(789568K), 0.0080720 secs] [Times: user=0.05 sys=0.00, real=0.01 secs] 
2014-07-28T17:22:58.577+0000: 1742.791: [GC [PSYoungGen: 102560K->320K(101120K)] 263176K->161048K(788096K), 0.0055460 secs] [Times: user=0.03 sys=0.00, real=0.00 secs] 
2014-07-28T17:22:59.296+0000: 1743.510: [GC [PSYoungGen: 101113K->416K(99840K)] 261841K->161168K(786816K), 0.0039360 secs] [Times: user=0.02 sys=0.00, real=0.00 secs] 
2014-07-28T17:22:59.991+0000: 1744.205: [GC [PSYoungGen: 99808K->320K(98368K)] 260560K->161200K(785344K), 0.0079860 secs] [Times: user=0.05 sys=0.00, real=0.01 secs] 
2014-07-28T17:23:00.699+0000: 1744.913: [GC [PSYoungGen: 98368K->480K(97216K)] 259248K->161456K(784192K), 0.0033670 secs] [Times: user=0.02 sys=0.00, real=0.00 secs] 
2014-07-28T17:23:01.372+0000: 1745.585: [GC [PSYoungGen: 97184K->320K(95744K)] 258160K->161352K(782720K), 0.0091720 secs] [Times: user=0.06 sys=0.00, real=0.01 secs] 
2014-07-28T17:23:02.047+0000: 1746.261: [GC [PSYoungGen: 95744K->288K(94464K)] 256776K->161352K(781440K), 0.0047660 secs] [Times: user=0.02 sys=0.00, real=0.00 secs] 
2014-07-28T17:23:02.716+0000: 1746.930: [GC [PSYoungGen: 94432K->416K(93376K)] 255496K->161544K(780352K), 0.0059530 secs] [Times: user=0.03 sys=0.00, real=0.00 secs] 
2014-07-28T17:23:03.373+0000: 1747.587: [GC [PSYoungGen: 93344K->416K(92160K)] 254472K->161624K(779136K), 0.0048850 secs] [Times: user=0.03 sys=0.00, real=0.01 secs] 
2014-07-28T17:23:04.021+0000: 1748.235: [GC [PSYoungGen: 92107K->306K(90880K)] 253315K->161636K(777856K), 0.0047880 secs] [Times: user=0.03 sys=0.00, real=0.01 secs] 
2014-07-28T17:23:04.664+0000: 1748.878: [GC [PSYoungGen: 90866K->256K(89664K)] 252196K->161642K(776640K), 0.0055880 secs] [Times: user=0.02 sys=0.01, real=0.01 secs] 
2014-07-28T17:23:05.296+0000: 1749.510: [GC [PSYoungGen: 89664K->320K(88640K)] 251050K->161786K(775616K), 0.0048970 secs] [Times: user=0.02 sys=0.00, real=0.00 secs] 
2014-07-28T17:23:05.922+0000: 1750.136: [GC [PSYoungGen: 88640K->224K(87488K)] 250106K->161722K(774464K), 0.0069110 secs] [Times: user=0.04 sys=0.01, real=0.01 secs] 
2014-07-28T17:23:06.538+0000: 1750.752: [GC [PSYoungGen: 87438K->530K(86720K)] 248937K->162116K(773696K), 0.0062480 secs] [Times: user=0.04 sys=0.00, real=0.00 secs] 
2014-07-28T17:23:07.150+0000: 1751.364: [GC [PSYoungGen: 86674K->370K(85504K)] 248260K->161972K(772480K), 0.0058480 secs] [Times: user=0.04 sys=0.00, real=0.01 secs] 
2014-07-28T17:23:07.754+0000: 1751.967: [GC [PSYoungGen: 85490K->384K(84480K)] 247092K->162074K(771456K), 0.0066950 secs] [Times: user=0.05 sys=0.00, real=0.01 secs] 
2014-07-28T17:23:08.348+0000: 1752.562: [GC [PSYoungGen: 84480K->224K(83328K)] 246170K->161970K(770304K), 0.0039440 secs] [Times: user=0.03 sys=0.00, real=0.00 secs] 
2014-07-28T17:23:08.937+0000: 1753.151: [GC [PSYoungGen: 83264K->416K(82560K)] 245010K->162202K(769536K), 0.0044690 secs] [Times: user=0.02 sys=0.00, real=0.00 secs] 
2014-07-28T17:23:09.520+0000: 1753.734: [GC [PSYoungGen: 82496K->338K(81536K)] 244282K->162188K(768512K), 0.0044580 secs] [Times: user=0.03 sys=0.00, real=0.00 secs] 
2014-07-28T17:23:10.094+0000: 1754.308: [GC [PSYoungGen: 81446K->416K(80640K)] 243296K->162266K(767616K), 0.0043560 secs] [Times: user=0.03 sys=0.00, real=0.01 secs] 
2014-07-28T17:23:10.661+0000: 1754.875: [GC [PSYoungGen: 80570K->320K(79616K)] 242420K->162242K(766592K), 0.0056310 secs] [Times: user=0.03 sys=0.00, real=0.01 secs] 
2014-07-28T17:23:11.223+0000: 1755.437: [GC [PSYoungGen: 79616K->416K(78848K)] 241538K->162434K(765824K), 0.0066050 secs] [Times: user=0.04 sys=0.01, real=0.01 secs] 
2014-07-28T17:23:11.779+0000: 1755.993: [GC [PSYoungGen: 78790K->352K(77888K)] 240808K->162418K(764864K), 0.0067820 secs] [Times: user=0.05 sys=0.00, real=0.00 secs] 
2014-07-28T17:23:12.324+0000: 1756.538: [GC [PSYoungGen: 77856K->352K(93440K)] 239922K->162490K(780416K), 0.0060780 secs] [Times: user=0.03 sys=0.00, real=0.01 secs] 
2014-07-28T17:23:12.982+0000: 1757.195: [GC [PSYoungGen: 93400K->448K(92288K)] 255538K->162610K(779264K), 0.0065420 secs] [Times: user=0.04 sys=0.00, real=0.01 secs] 
2014-07-28T17:23:13.629+0000: 1757.843: [GC [PSYoungGen: 92288K->256K(90944K)] 254450K->162482K(777920K), 0.0065380 secs] [Times: user=0.04 sys=0.00, real=0.00 secs] 
2014-07-28T17:23:14.266+0000: 1758.480: [GC [PSYoungGen: 90944K->384K(109248K)] 253170K->162682K(796224K), 0.0081680 secs] [Times: user=0.05 sys=0.00, real=0.01 secs] 
2014-07-28T17:23:15.037+0000: 1759.250: [GC [PSYoungGen: 109223K->192K(107456K)] 271521K->162538K(794432K), 0.0044970 secs] [Times: user=0.03 sys=0.00, real=0.01 secs] 
2014-07-28T17:23:15.795+0000: 1760.008: [GC [PSYoungGen: 107456K->416K(106176K)] 269802K->162834K(793152K), 0.0051030 secs] [Times: user=0.03 sys=0.00, real=0.01 secs] 
2014-07-28T17:23:16.543+0000: 1760.757: [GC [PSYoungGen: 106144K->288K(104512K)] 268562K->162762K(791488K), 0.0075720 secs] [Times: user=0.02 sys=0.00, real=0.01 secs] 
2014-07-28T17:23:17.281+0000: 1761.495: [GC [PSYoungGen: 104480K->416K(103168K)] 266954K->162914K(790144K), 0.0049590 secs] [Times: user=0.03 sys=0.00, real=0.00 secs] 
2014-07-28T17:23:18.002+0000: 1762.216: [GC [PSYoungGen: 103136K->288K(101632K)] 265634K->162850K(788608K), 0.0039500 secs] [Times: user=0.02 sys=0.00, real=0.00 secs] 
2014-07-28T17:23:18.720+0000: 1762.934: [GC [PSYoungGen: 101600K->320K(100224K)] 264162K->162946K(787200K), 0.0048410 secs] [Times: user=0.03 sys=0.00, real=0.00 secs] 
2014-07-28T17:23:19.425+0000: 1763.638: [GC [PSYoungGen: 100224K->448K(99008K)] 262850K->163178K(785984K), 0.0050050 secs] [Times: user=0.03 sys=0.00, real=0.01 secs] 
2014-07-28T17:23:20.123+0000: 1764.337: [GC [PSYoungGen: 99008K->352K(97600K)] 261738K->163114K(784576K), 0.0056900 secs] [Times: user=0.03 sys=0.00, real=0.01 secs] 
2014-07-28T17:23:20.805+0000: 1765.019: [GC [PSYoungGen: 97568K->384K(96320K)] 260330K->163226K(783296K), 0.0072330 secs] [Times: user=0.05 sys=0.00, real=0.01 secs] 
2014-07-28T17:23:21.482+0000: 1765.696: [GC [PSYoungGen: 96284K->384K(95040K)] 259126K->163306K(782016K), 0.0041850 secs] [Times: user=0.02 sys=0.00, real=0.00 secs] 
2014-07-28T17:23:22.150+0000: 1766.364: [GC [PSYoungGen: 95040K->320K(93760K)] 257962K->163266K(780736K), 0.0104690 secs] [Times: user=0.06 sys=0.00, real=0.01 secs] 
2014-07-28T17:23:22.814+0000: 1767.028: [GC [PSYoungGen: 93760K->352K(92608K)] 256706K->163378K(779584K), 0.0059050 secs] [Times: user=0.03 sys=0.00, real=0.01 secs] 
2014-07-28T17:23:23.465+0000: 1767.679: [GC [PSYoungGen: 92576K->356K(91456K)] 255602K->163478K(778432K), 0.0046860 secs] [Times: user=0.03 sys=0.00, real=0.01 secs] 
2014-07-28T17:23:24.112+0000: 1768.326: [GC [PSYoungGen: 91428K->434K(90368K)] 254550K->163580K(777344K), 0.0031310 secs] [Times: user=0.01 sys=0.00, real=0.00 secs] 
2014-07-28T17:23:24.747+0000: 1768.961: [GC [PSYoungGen: 90354K->224K(89024K)] 253500K->163418K(776000K), 0.0044710 secs] [Times: user=0.02 sys=0.00, real=0.01 secs] 
2014-07-28T17:23:25.378+0000: 1769.592: [GC [PSYoungGen: 88992K->384K(88064K)] 252186K->163666K(775040K), 0.0059080 secs] [Times: user=0.04 sys=0.00, real=0.00 secs] 
2014-07-28T17:23:25.999+0000: 1770.213: [GC [PSYoungGen: 88064K->416K(87040K)] 251346K->163706K(774016K), 0.0043360 secs] [Times: user=0.02 sys=0.00, real=0.00 secs] 
2014-07-28T17:23:26.613+0000: 1770.827: [GC [PSYoungGen: 87008K->384K(85888K)] 250298K->163770K(772864K), 0.0045250 secs] [Times: user=0.03 sys=0.00, real=0.00 secs] 
2014-07-28T17:23:27.218+0000: 1771.431: [GC [PSYoungGen: 85888K->320K(84800K)] 249274K->163754K(771776K), 0.0052430 secs] [Times: user=0.03 sys=0.00, real=0.01 secs] 
2014-07-28T17:23:27.816+0000: 1772.030: [GC [PSYoungGen: 84800K->288K(83776K)] 248234K->163770K(770752K), 0.0050390 secs] [Times: user=0.02 sys=0.00, real=0.01 secs] 
2014-07-28T17:23:28.403+0000: 1772.616: [GC [PSYoungGen: 83744K->352K(82880K)] 247226K->163906K(769856K), 0.0045560 secs] [Times: user=0.03 sys=0.00, real=0.00 secs] 
2014-07-28T17:23:28.991+0000: 1773.204: [GC [PSYoungGen: 82848K->256K(81792K)] 246402K->163826K(768768K), 0.0042340 secs] [Times: user=0.01 sys=0.00, real=0.01 secs] 
2014-07-28T17:23:29.561+0000: 1773.775: [GC [PSYoungGen: 81792K->288K(80896K)] 245362K->163930K(767872K), 0.0046020 secs] [Times: user=0.03 sys=0.00, real=0.00 secs] 
2014-07-28T17:23:30.132+0000: 1774.346: [GC [PSYoungGen: 80864K->466K(80192K)] 244506K->164124K(767168K), 0.0064470 secs] [Times: user=0.03 sys=0.01, real=0.00 secs] 
2014-07-28T17:23:30.698+0000: 1774.912: [GC [PSYoungGen: 80099K->256K(79040K)] 243757K->163978K(766016K), 0.0062490 secs] [Times: user=0.03 sys=0.00, real=0.01 secs] 
2014-07-28T17:23:31.257+0000: 1775.471: [GC [PSYoungGen: 79040K->320K(78208K)] 242762K->164106K(765184K), 0.0049140 secs] [Times: user=0.03 sys=0.00, real=0.01 secs] 
2014-07-28T17:23:31.804+0000: 1776.018: [GC [PSYoungGen: 78208K->480K(77504K)] 241994K->164282K(764480K), 0.0065610 secs] [Times: user=0.05 sys=0.00, real=0.01 secs] 
2014-07-28T17:23:32.349+0000: 1776.563: [GC [PSYoungGen: 77472K->416K(76608K)] 241274K->164306K(763584K), 0.0046650 secs] [Times: user=0.03 sys=0.00, real=0.00 secs] 
2014-07-28T17:23:32.889+0000: 1777.103: [GC [PSYoungGen: 76552K->256K(75584K)] 240442K->164210K(762560K), 0.0065430 secs] [Times: user=0.04 sys=0.00, real=0.00 secs] 
2014-07-28T17:23:33.420+0000: 1777.634: [GC [PSYoungGen: 75584K->448K(74944K)] 239538K->164482K(761920K), 0.0047360 secs] [Times: user=0.02 sys=0.01, real=0.00 secs] 
2014-07-28T17:23:33.946+0000: 1778.160: [GC [PSYoungGen: 74944K->352K(74048K)] 238978K->164442K(761024K), 0.0058100 secs] [Times: user=0.04 sys=0.00, real=0.01 secs] 
2014-07-28T17:23:34.465+0000: 1778.679: [GC [PSYoungGen: 74016K->306K(88768K)] 238106K->164452K(775744K), 0.0085580 secs] [Times: user=0.06 sys=0.00, real=0.01 secs] 
2014-07-28T17:23:35.092+0000: 1779.306: [GC [PSYoungGen: 88754K->384K(106560K)] 252900K->164546K(793536K), 0.0066810 secs] [Times: user=0.04 sys=0.01, real=0.00 secs] 
2014-07-28T17:23:35.843+0000: 1780.057: [GC [PSYoungGen: 106560K->224K(104896K)] 270722K->164426K(791872K), 0.0045410 secs] [Times: user=0.02 sys=0.00, real=0.00 secs] 
2014-07-28T17:23:36.584+0000: 1780.798: [GC [PSYoungGen: 104864K->256K(103424K)] 269066K->164522K(790400K), 0.0051690 secs] [Times: user=0.04 sys=0.00, real=0.00 secs] 
2014-07-28T17:23:37.314+0000: 1781.528: [GC [PSYoungGen: 103393K->224K(101952K)] 267659K->164514K(788928K), 0.0061730 secs] [Times: user=0.04 sys=0.00, real=0.01 secs] 
2014-07-28T17:23:38.029+0000: 1782.243: [GC [PSYoungGen: 101920K->256K(110144K)] 266210K->164586K(797120K), 0.0098400 secs] [Times: user=0.04 sys=0.01, real=0.01 secs] 
2014-07-28T17:23:38.803+0000: 1783.017: [GC [PSYoungGen: 109824K->224K(108224K)] 274154K->164602K(795200K), 0.0029770 secs] [Times: user=0.02 sys=0.00, real=0.00 secs] 
2014-07-28T17:23:39.568+0000: 1783.782: [GC [PSYoungGen: 108192K->192K(106624K)] 272570K->164594K(793600K), 0.0036310 secs] [Times: user=0.01 sys=0.00, real=0.01 secs] 
2014-07-28T17:23:40.319+0000: 1784.533: [GC [PSYoungGen: 106624K->288K(105216K)] 271026K->164714K(792192K), 0.0072410 secs] [Times: user=0.05 sys=0.00, real=0.01 secs] 
2014-07-28T17:23:41.058+0000: 1785.272: [GC [PSYoungGen: 105184K->512K(103936K)] 269610K->165034K(790912K), 0.0077940 secs] [Times: user=0.05 sys=0.00, real=0.01 secs] 
2014-07-28T17:23:41.793+0000: 1786.007: [GC [PSYoungGen: 103936K->320K(102272K)] 268458K->164906K(789248K), 0.0055540 secs] [Times: user=0.03 sys=0.00, real=0.00 secs] 
2014-07-28T17:23:42.513+0000: 1786.726: [GC [PSYoungGen: 102272K->256K(100800K)] 266858K->164906K(787776K), 0.0044990 secs] [Times: user=0.02 sys=0.00, real=0.00 secs] 
2014-07-28T17:23:43.224+0000: 1787.438: [GC [PSYoungGen: 100800K->434K(99584K)] 265450K->165108K(786560K), 0.0063780 secs] [Times: user=0.04 sys=0.00, real=0.00 secs] 
2014-07-28T17:23:43.924+0000: 1788.138: [GC [PSYoungGen: 99570K->320K(98112K)] 264244K->165066K(785088K), 0.0077850 secs] [Times: user=0.05 sys=0.00, real=0.01 secs] 
2014-07-28T17:23:44.613+0000: 1788.827: [GC [PSYoungGen: 98112K->288K(96768K)] 262858K->165098K(783744K), 0.0055670 secs] [Times: user=0.04 sys=0.00, real=0.00 secs] 
2014-07-28T17:23:45.294+0000: 1789.508: [GC [PSYoungGen: 96736K->416K(95616K)] 261546K->165258K(782592K), 0.0036550 secs] [Times: user=0.02 sys=0.00, real=0.00 secs] 
2014-07-28T17:23:45.967+0000: 1790.181: [GC [PSYoungGen: 95584K->416K(94336K)] 260426K->165338K(781312K), 0.0052030 secs] [Times: user=0.02 sys=0.00, real=0.01 secs] 
2014-07-28T17:23:46.639+0000: 1790.852: [GC [PSYoungGen: 94304K->320K(92992K)] 259226K->165314K(779968K), 0.0050600 secs] [Times: user=0.03 sys=0.01, real=0.01 secs] 
2014-07-28T17:23:47.293+0000: 1791.507: [GC [PSYoungGen: 92992K->224K(91712K)] 257986K->165266K(778688K), 0.0069800 secs] [Times: user=0.04 sys=0.00, real=0.00 secs] 
2014-07-28T17:23:47.937+0000: 1792.151: [GC [PSYoungGen: 91680K->256K(90560K)] 256722K->165346K(777536K), 0.0087440 secs] [Times: user=0.05 sys=0.00, real=0.01 secs] 
2014-07-28T17:23:48.576+0000: 1792.790: [GC [PSYoungGen: 90560K->320K(89472K)] 255650K->165482K(776448K), 0.0038100 secs] [Times: user=0.02 sys=0.00, real=0.00 secs] 
2014-07-28T17:23:49.206+0000: 1793.420: [GC [PSYoungGen: 89424K->352K(106944K)] 254586K->165538K(793920K), 0.0097510 secs] [Times: user=0.06 sys=0.00, real=0.01 secs] 
2014-07-28T17:23:49.958+0000: 1794.172: [GC [PSYoungGen: 106784K->384K(106944K)] 271970K->165642K(793920K), 0.0090930 secs] [Times: user=0.05 sys=0.00, real=0.01 secs] 
2014-07-28T17:23:50.708+0000: 1794.922: [GC [PSYoungGen: 106816K->384K(105280K)] 272074K->165714K(792256K), 0.0060460 secs] [Times: user=0.04 sys=0.00, real=0.01 secs] 
2014-07-28T17:23:51.451+0000: 1795.665: [GC [PSYoungGen: 105280K->352K(103808K)] 270610K->165762K(790784K), 0.0042070 secs] [Times: user=0.02 sys=0.00, real=0.01 secs] 
2014-07-28T17:23:52.186+0000: 1796.400: [GC [PSYoungGen: 103776K->256K(102208K)] 269186K->165690K(789184K), 0.0071470 secs] [Times: user=0.04 sys=0.01, real=0.01 secs] 
2014-07-28T17:23:52.910+0000: 1797.124: [GC [PSYoungGen: 102171K->498K(101056K)] 267605K->166062K(788032K), 0.0065260 secs] [Times: user=0.05 sys=0.00, real=0.01 secs] 
2014-07-28T17:23:53.620+0000: 1797.834: [GC [PSYoungGen: 101042K->320K(99456K)] 266606K->165964K(786432K), 0.0060080 secs] [Times: user=0.04 sys=0.00, real=0.01 secs] 
2014-07-28T17:23:54.323+0000: 1798.537: [GC [PSYoungGen: 99456K->288K(98112K)] 265100K->165956K(785088K), 0.0050020 secs] [Times: user=0.03 sys=0.00, real=0.00 secs] 
2014-07-28T17:23:55.015+0000: 1799.229: [GC [PSYoungGen: 98080K->416K(96896K)] 263748K->166180K(783872K), 0.0039020 secs] [Times: user=0.02 sys=0.00, real=0.00 secs] 
2014-07-28T17:23:55.698+0000: 1799.912: [GC [PSYoungGen: 96864K->256K(95424K)] 262628K->166076K(782400K), 0.0044110 secs] [Times: user=0.03 sys=0.00, real=0.00 secs] 
2014-07-28T17:23:56.371+0000: 1800.585: [GC [PSYoungGen: 95414K->288K(94208K)] 261234K->166164K(781184K), 0.0050110 secs] [Times: user=0.03 sys=0.00, real=0.01 secs] 
2014-07-28T17:23:57.035+0000: 1801.249: [GC [PSYoungGen: 94176K->224K(92928K)] 260052K->166140K(779904K), 0.0037900 secs] [Times: user=0.02 sys=0.00, real=0.00 secs] 
2014-07-28T17:23:57.688+0000: 1801.902: [GC [PSYoungGen: 92896K->416K(91904K)] 258812K->166428K(778880K), 0.0044370 secs] [Times: user=0.02 sys=0.00, real=0.01 secs] 
2014-07-28T17:23:58.336+0000: 1802.550: [GC [PSYoungGen: 91872K->384K(90688K)] 257884K->166476K(777664K), 0.0043620 secs] [Times: user=0.03 sys=0.00, real=0.00 secs] 
2014-07-28T17:23:58.983+0000: 1803.197: [GC [PSYoungGen: 90688K->384K(89536K)] 256780K->166532K(776512K), 0.0028060 secs] [Times: user=0.02 sys=0.00, real=0.01 secs] 
2014-07-28T17:23:59.615+0000: 1803.829: [GC [PSYoungGen: 89536K->352K(88448K)] 255684K->166580K(775424K), 0.0054440 secs] [Times: user=0.03 sys=0.00, real=0.00 secs] 
2014-07-28T17:24:00.242+0000: 1804.456: [GC [PSYoungGen: 88416K->434K(87424K)] 254644K->166686K(774400K), 0.0040040 secs] [Times: user=0.02 sys=0.00, real=0.01 secs] 
2014-07-28T17:24:00.856+0000: 1805.070: [GC [PSYoungGen: 87410K->288K(86208K)] 253662K->166588K(773184K), 0.0085710 secs] [Times: user=0.05 sys=0.00, real=0.01 secs] 
2014-07-28T17:24:01.464+0000: 1805.678: [GC [PSYoungGen: 86173K->402K(85312K)] 252473K->166782K(772288K), 0.0046630 secs] [Times: user=0.04 sys=0.00, real=0.00 secs] 
2014-07-28T17:24:02.063+0000: 1806.277: [GC [PSYoungGen: 85266K->384K(84224K)] 251646K->166780K(771200K), 0.0072110 secs] [Times: user=0.04 sys=0.00, real=0.01 secs] 
2014-07-28T17:24:02.659+0000: 1806.873: [GC [PSYoungGen: 84224K->224K(83072K)] 250620K->166668K(770048K), 0.0040600 secs] [Times: user=0.03 sys=0.00, real=0.00 secs] 
2014-07-28T17:24:03.242+0000: 1807.456: [GC [PSYoungGen: 83026K->320K(82176K)] 249470K->166820K(769152K), 0.0034290 secs] [Times: user=0.01 sys=0.00, real=0.01 secs] 
2014-07-28T17:24:03.819+0000: 1808.033: [GC [PSYoungGen: 82176K->288K(81216K)] 248676K->166820K(768192K), 0.0048140 secs] [Times: user=0.03 sys=0.01, real=0.01 secs] 
2014-07-28T17:24:04.390+0000: 1808.604: [GC [PSYoungGen: 81184K->384K(80320K)] 247716K->167004K(767296K), 0.0037260 secs] [Times: user=0.03 sys=0.01, real=0.01 secs] 
2014-07-28T17:24:04.954+0000: 1809.168: [GC [PSYoungGen: 80320K->224K(79296K)] 246940K->166892K(766272K), 0.0045700 secs] [Times: user=0.03 sys=0.00, real=0.00 secs] 
2014-07-28T17:24:05.512+0000: 1809.726: [GC [PSYoungGen: 79264K->288K(78464K)] 245932K->167020K(765440K), 0.0052920 secs] [Times: user=0.04 sys=0.00, real=0.01 secs] 
2014-07-28T17:24:06.064+0000: 1810.278: [GC [PSYoungGen: 78432K->384K(77632K)] 245164K->167140K(764608K), 0.0045500 secs] [Times: user=0.02 sys=0.00, real=0.00 secs] 
2014-07-28T17:24:06.618+0000: 1810.832: [GC [PSYoungGen: 77632K->416K(76864K)] 244388K->167268K(763840K), 0.0053410 secs] [Times: user=0.03 sys=0.00, real=0.00 secs] 
2014-07-28T17:24:07.157+0000: 1811.371: [GC [PSYoungGen: 76832K->370K(75968K)] 243684K->167238K(762944K), 0.0069500 secs] [Times: user=0.05 sys=0.00, real=0.00 secs] 
2014-07-28T17:24:07.690+0000: 1811.903: [GC [PSYoungGen: 75954K->352K(75136K)] 242822K->167292K(762112K), 0.0051680 secs] [Times: user=0.03 sys=0.00, real=0.01 secs] 
2014-07-28T17:24:08.222+0000: 1812.436: [GC [PSYoungGen: 75087K->288K(74240K)] 242027K->167284K(761216K), 0.0048990 secs] [Times: user=0.02 sys=0.00, real=0.01 secs] 
2014-07-28T17:24:08.746+0000: 1812.960: [GC [PSYoungGen: 74208K->192K(88896K)] 241204K->167212K(775872K), 0.0088740 secs] [Times: user=0.05 sys=0.00, real=0.01 secs] 
2014-07-28T17:24:09.373+0000: 1813.587: [GC [PSYoungGen: 88896K->452K(107008K)] 255916K->167552K(793984K), 0.0062000 secs] [Times: user=0.03 sys=0.00, real=0.01 secs] 
2014-07-28T17:24:10.128+0000: 1814.342: [GC [PSYoungGen: 106948K->256K(105216K)] 274048K->167372K(792192K), 0.0028840 secs] [Times: user=0.02 sys=0.00, real=0.00 secs] 
2014-07-28T17:24:10.871+0000: 1815.085: [GC [PSYoungGen: 105216K->352K(103872K)] 272332K->167508K(790848K), 0.0045040 secs] [Times: user=0.01 sys=0.00, real=0.01 secs] 
2014-07-28T17:24:11.600+0000: 1815.814: [GC [PSYoungGen: 103840K->384K(102400K)] 270996K->167612K(789376K), 0.0046820 secs] [Times: user=0.03 sys=0.00, real=0.00 secs] 
2014-07-28T17:24:12.319+0000: 1816.533: [GC [PSYoungGen: 102400K->352K(100992K)] 269628K->167596K(787968K), 0.0044190 secs] [Times: user=0.02 sys=0.00, real=0.00 secs] 
2014-07-28T17:24:13.035+0000: 1817.248: [GC [PSYoungGen: 100960K->448K(99648K)] 268204K->167764K(786624K), 0.0056860 secs] [Times: user=0.03 sys=0.00, real=0.01 secs] 
2014-07-28T17:24:13.736+0000: 1817.949: [GC [PSYoungGen: 99648K->256K(98112K)] 266964K->167660K(785088K), 0.0039300 secs] [Times: user=0.02 sys=0.00, real=0.01 secs] 
2014-07-28T17:24:14.425+0000: 1818.638: [GC [PSYoungGen: 98112K->256K(96768K)] 265516K->167724K(783744K), 0.0042560 secs] [Times: user=0.02 sys=0.00, real=0.01 secs] 
2014-07-28T17:24:15.105+0000: 1819.318: [GC [PSYoungGen: 96768K->288K(95552K)] 264236K->167764K(782528K), 0.0038500 secs] [Times: user=0.02 sys=0.00, real=0.01 secs] 
2014-07-28T17:24:15.778+0000: 1819.992: [GC [PSYoungGen: 95520K->434K(94400K)] 262996K->167982K(781376K), 0.0098930 secs] [Times: user=0.05 sys=0.01, real=0.01 secs] 
2014-07-28T17:24:16.444+0000: 1820.658: [GC [PSYoungGen: 94386K->320K(93056K)] 261934K->167948K(780032K), 0.0042430 secs] [Times: user=0.03 sys=0.00, real=0.01 secs] 
2014-07-28T17:24:17.099+0000: 1821.313: [GC [PSYoungGen: 93056K->352K(91904K)] 260684K->168020K(778880K), 0.0054430 secs] [Times: user=0.03 sys=0.00, real=0.00 secs] 
2014-07-28T17:24:17.743+0000: 1821.957: [GC [PSYoungGen: 91872K->448K(90816K)] 259540K->168204K(777792K), 0.0025140 secs] [Times: user=0.01 sys=0.01, real=0.00 secs] 
2014-07-28T17:24:18.385+0000: 1822.599: [GC [PSYoungGen: 90816K->256K(89472K)] 258572K->168052K(776448K), 0.0097470 secs] [Times: user=0.04 sys=0.01, real=0.01 secs] 
2014-07-28T17:24:19.017+0000: 1823.231: [GC [PSYoungGen: 89472K->256K(88384K)] 257268K->168068K(775360K), 0.0042300 secs] [Times: user=0.02 sys=0.00, real=0.00 secs] 
2014-07-28T17:24:19.644+0000: 1823.857: [GC [PSYoungGen: 88384K->320K(87360K)] 256196K->168212K(774336K), 0.0037420 secs] [Times: user=0.02 sys=0.00, real=0.01 secs] 
2014-07-28T17:24:20.260+0000: 1824.474: [GC [PSYoungGen: 87360K->384K(86336K)] 255252K->168356K(773312K), 0.0038150 secs] [Times: user=0.02 sys=0.00, real=0.00 secs] 
2014-07-28T17:24:20.868+0000: 1825.082: [GC [PSYoungGen: 86336K->480K(85440K)] 254308K->168572K(772416K), 0.0024120 secs] [Times: user=0.02 sys=0.00, real=0.00 secs] 
2014-07-28T17:24:21.471+0000: 1825.684: [GC [PSYoungGen: 85408K->320K(84224K)] 253500K->168500K(771200K), 0.0022710 secs] [Times: user=0.01 sys=0.00, real=0.00 secs] 
2014-07-28T17:24:22.066+0000: 1826.280: [GC [PSYoungGen: 84224K->224K(83136K)] 252404K->168428K(770112K), 0.0032060 secs] [Times: user=0.01 sys=0.00, real=0.01 secs] 
2014-07-28T17:24:22.652+0000: 1826.866: [GC [PSYoungGen: 83104K->320K(82240K)] 251308K->168596K(769216K), 0.0031200 secs] [Times: user=0.02 sys=0.00, real=0.00 secs] 
2014-07-28T17:24:23.239+0000: 1827.453: [GC [PSYoungGen: 82240K->352K(81344K)] 250516K->168708K(768320K), 0.0046370 secs] [Times: user=0.03 sys=0.00, real=0.00 secs] 
2014-07-28T17:24:23.609+0000: 1827.823: [GC [PSYoungGen: 81312K->320K(80320K)] 249668K->168724K(767296K), 0.0037530 secs] [Times: user=0.03 sys=0.00, real=0.00 secs] 
2014-07-28T17:24:23.966+0000: 1828.179: [GC [PSYoungGen: 80320K->352K(79488K)] 248724K->168796K(766464K), 0.0037260 secs] [Times: user=0.02 sys=0.01, real=0.01 secs] 
2014-07-28T17:24:24.331+0000: 1828.545: [GC [PSYoungGen: 79456K->384K(95360K)] 247900K->168916K(782336K), 0.0076710 secs] [Times: user=0.04 sys=0.00, real=0.01 secs] 
2014-07-28T17:24:24.756+0000: 1828.970: [GC [PSYoungGen: 95360K->384K(114368K)] 263892K->168940K(801344K), 0.0101880 secs] [Times: user=0.05 sys=0.00, real=0.01 secs] 
2014-07-28T17:24:25.279+0000: 1829.493: [GC [PSYoungGen: 114368K->320K(117120K)] 282924K->168940K(804096K), 0.0051870 secs] [Times: user=0.03 sys=0.00, real=0.00 secs] 
2014-07-28T17:24:25.786+0000: 1830.000: [GC [PSYoungGen: 116992K->192K(117184K)] 285612K->168828K(804160K), 0.0030830 secs] [Times: user=0.01 sys=0.00, real=0.01 secs] 
2014-07-28T17:24:26.299+0000: 1830.513: [GC [PSYoungGen: 116864K->352K(140480K)] 285500K->169076K(827456K), 0.0048100 secs] [Times: user=0.03 sys=0.00, real=0.00 secs] 
2014-07-28T17:24:26.927+0000: 1831.141: [GC [PSYoungGen: 140337K->384K(137984K)] 309061K->169124K(824960K), 0.0033400 secs] [Times: user=0.02 sys=0.00, real=0.01 secs] 
2014-07-28T17:24:27.527+0000: 1831.741: [GC [PSYoungGen: 137984K->192K(135424K)] 306724K->168956K(822400K), 0.0067080 secs] [Times: user=0.02 sys=0.00, real=0.01 secs] 
2014-07-28T17:24:28.126+0000: 1832.339: [GC [PSYoungGen: 135424K->416K(133376K)] 304188K->169188K(820352K), 0.0036450 secs] [Times: user=0.02 sys=0.00, real=0.01 secs] 
2014-07-28T17:24:28.701+0000: 1832.915: [GC [PSYoungGen: 133344K->256K(130944K)] 302116K->169084K(817920K), 0.0026480 secs] [Times: user=0.01 sys=0.00, real=0.00 secs] 
2014-07-28T17:24:29.297+0000: 1833.511: [GC [PSYoungGen: 130944K->480K(129024K)] 299772K->169356K(816000K), 0.0054000 secs] [Times: user=0.02 sys=0.00, real=0.01 secs] 
2014-07-28T17:24:29.862+0000: 1834.075: [GC [PSYoungGen: 128992K->352K(126784K)] 297868K->169244K(813760K), 0.0039620 secs] [Times: user=0.03 sys=0.00, real=0.00 secs] 
2014-07-28T17:24:30.422+0000: 1834.636: [GC [PSYoungGen: 126752K->352K(124736K)] 295644K->169316K(811712K), 0.0041190 secs] [Times: user=0.03 sys=0.00, real=0.00 secs] 
2014-07-28T17:24:30.960+0000: 1835.174: [GC [PSYoungGen: 124704K->224K(122624K)] 293668K->169220K(809600K), 0.0025250 secs] [Times: user=0.01 sys=0.00, real=0.00 secs] 
2014-07-28T17:24:31.495+0000: 1835.709: [GC [PSYoungGen: 122592K->384K(120832K)] 291588K->169468K(807808K), 0.0022880 secs] [Times: user=0.01 sys=0.00, real=0.00 secs] 
2014-07-28T17:24:32.018+0000: 1836.231: [GC [PSYoungGen: 120832K->448K(119040K)] 289916K->169564K(806016K), 0.0040510 secs] [Times: user=0.03 sys=0.00, real=0.01 secs] 
2014-07-28T17:24:32.540+0000: 1836.753: [GC [PSYoungGen: 119015K->416K(117184K)] 288131K->169604K(804160K), 0.0035630 secs] [Times: user=0.02 sys=0.00, real=0.00 secs] 
2014-07-28T17:24:33.052+0000: 1837.266: [GC [PSYoungGen: 117152K->256K(115200K)] 286340K->169476K(802176K), 0.0056180 secs] [Times: user=0.03 sys=0.00, real=0.00 secs] 
2014-07-28T17:24:33.540+0000: 1837.754: [GC [PSYoungGen: 115200K->192K(113408K)] 284420K->169444K(800384K), 0.0032720 secs] [Times: user=0.01 sys=0.00, real=0.00 secs] 
2014-07-28T17:24:34.029+0000: 1838.243: [GC [PSYoungGen: 113408K->192K(111744K)] 282660K->169452K(798720K), 0.0071060 secs] [Times: user=0.05 sys=0.01, real=0.00 secs] 
2014-07-28T17:24:34.524+0000: 1838.737: [GC [PSYoungGen: 111744K->384K(110272K)] 281004K->169724K(797248K), 0.0039390 secs] [Times: user=0.02 sys=0.00, real=0.00 secs] 
2014-07-28T17:24:35.001+0000: 1839.214: [GC [PSYoungGen: 110272K->320K(108608K)] 279612K->169668K(795584K), 0.0063180 secs] [Times: user=0.04 sys=0.00, real=0.00 secs] 
2014-07-28T17:24:35.465+0000: 1839.679: [GC [PSYoungGen: 108604K->288K(107008K)] 277952K->169708K(793984K), 0.0038100 secs] [Times: user=0.02 sys=0.00, real=0.01 secs] 
2014-07-28T17:24:35.916+0000: 1840.130: [GC [PSYoungGen: 106976K->256K(105408K)] 276396K->169708K(792384K), 0.0025030 secs] [Times: user=0.01 sys=0.00, real=0.00 secs] 
2014-07-28T17:24:36.349+0000: 1840.563: [GC [PSYoungGen: 105408K->352K(126592K)] 274860K->169852K(813568K), 0.0101760 secs] [Times: user=0.06 sys=0.00, real=0.01 secs] 
2014-07-28T17:24:36.878+0000: 1841.092: [GC [PSYoungGen: 126557K->384K(136384K)] 296057K->169932K(823360K), 0.0038690 secs] [Times: user=0.02 sys=0.00, real=0.01 secs] 
2014-07-28T17:24:37.437+0000: 1841.651: [GC [PSYoungGen: 136320K->288K(133952K)] 305868K->169876K(820928K), 0.0032070 secs] [Times: user=0.01 sys=0.00, real=0.01 secs] 
2014-07-28T17:24:37.991+0000: 1842.204: [GC [PSYoungGen: 133920K->256K(131648K)] 303508K->169876K(818624K), 0.0047020 secs] [Times: user=0.02 sys=0.00, real=0.00 secs] 
2014-07-28T17:24:38.531+0000: 1842.744: [GC [PSYoungGen: 131648K->448K(129664K)] 301268K->170156K(816640K), 0.0030400 secs] [Times: user=0.01 sys=0.00, real=0.00 secs] 
2014-07-28T17:24:39.061+0000: 1843.275: [GC [PSYoungGen: 129664K->224K(127360K)] 299372K->169956K(814336K), 0.0061360 secs] [Times: user=0.04 sys=0.01, real=0.00 secs] 
2014-07-28T17:24:39.591+0000: 1843.804: [GC [PSYoungGen: 127328K->448K(125504K)] 297060K->170268K(812480K), 0.0047510 secs] [Times: user=0.03 sys=0.00, real=0.00 secs] 
2014-07-28T17:24:40.095+0000: 1844.308: [GC [PSYoungGen: 125504K->352K(123456K)] 295324K->170188K(810432K), 0.0028900 secs] [Times: user=0.01 sys=0.00, real=0.00 secs] 
2014-07-28T17:24:40.582+0000: 1844.796: [GC [PSYoungGen: 123424K->288K(121408K)] 293260K->170172K(808384K), 0.0034950 secs] [Times: user=0.02 sys=0.00, real=0.00 secs] 
2014-07-28T17:24:41.064+0000: 1845.277: [GC [PSYoungGen: 121376K->288K(119488K)] 291260K->170180K(806464K), 0.0051710 secs] [Times: user=0.03 sys=0.00, real=0.00 secs] 
2014-07-28T17:24:41.531+0000: 1845.745: [GC [PSYoungGen: 119456K->320K(117632K)] 289348K->170284K(804608K), 0.0048840 secs] [Times: user=0.02 sys=0.00, real=0.00 secs] 
2014-07-28T17:24:42.007+0000: 1846.220: [GC [PSYoungGen: 117632K->288K(115840K)] 287596K->170276K(802816K), 0.0028420 secs] [Times: user=0.01 sys=0.00, real=0.00 secs] 
2014-07-28T17:24:42.471+0000: 1846.685: [GC [PSYoungGen: 115808K->192K(113984K)] 285796K->170220K(800960K), 0.0058860 secs] [Times: user=0.03 sys=0.00, real=0.00 secs] 
2014-07-28T17:24:42.934+0000: 1847.148: [GC [PSYoungGen: 113984K->352K(112448K)] 284012K->170404K(799424K), 0.0027090 secs] [Times: user=0.01 sys=0.00, real=0.00 secs] 
2014-07-28T17:24:43.386+0000: 1847.600: [GC [PSYoungGen: 112416K->384K(134080K)] 282468K->170508K(821056K), 0.0087570 secs] [Times: user=0.05 sys=0.00, real=0.01 secs] 
2014-07-28T17:24:43.922+0000: 1848.136: [GC [PSYoungGen: 133952K->288K(135040K)] 304076K->170452K(822016K), 0.0041220 secs] [Times: user=0.02 sys=0.00, real=0.00 secs] 
2014-07-28T17:24:44.502+0000: 1848.716: [GC [PSYoungGen: 134816K->288K(132544K)] 304980K->170508K(819520K), 0.0031760 secs] [Times: user=0.01 sys=0.00, real=0.00 secs] 
2014-07-28T17:24:45.018+0000: 1849.231: [GC [PSYoungGen: 132512K->256K(130240K)] 302732K->170508K(817216K), 0.0051420 secs] [Times: user=0.02 sys=0.00, real=0.01 secs] 
2014-07-28T17:24:45.538+0000: 1849.752: [GC [PSYoungGen: 130240K->192K(128000K)] 300492K->170484K(814976K), 0.0045900 secs] [Times: user=0.03 sys=0.00, real=0.01 secs] 
2014-07-28T17:24:46.039+0000: 1850.253: [GC [PSYoungGen: 128000K->288K(126016K)] 298292K->170612K(812992K), 0.0046330 secs] [Times: user=0.03 sys=0.00, real=0.01 secs] 
2014-07-28T17:24:46.534+0000: 1850.748: [GC [PSYoungGen: 125984K->384K(124032K)] 296308K->170804K(811008K), 0.0045440 secs] [Times: user=0.03 sys=0.00, real=0.00 secs] 
2014-07-28T17:24:47.009+0000: 1851.223: [GC [PSYoungGen: 124032K->224K(121920K)] 294452K->170668K(808896K), 0.0027540 secs] [Times: user=0.01 sys=0.01, real=0.01 secs] 
2014-07-28T17:24:47.483+0000: 1851.697: [GC [PSYoungGen: 121888K->320K(120064K)] 292332K->170836K(807040K), 0.0043170 secs] [Times: user=0.03 sys=0.00, real=0.00 secs] 
2014-07-28T17:24:47.933+0000: 1852.147: [GC [PSYoungGen: 120064K->480K(118400K)] 290580K->171044K(805376K), 0.0028110 secs] [Times: user=0.02 sys=0.00, real=0.00 secs] 
2014-07-28T17:24:48.386+0000: 1852.600: [GC [PSYoungGen: 118368K->352K(116480K)] 288932K->170988K(803456K), 0.0039480 secs] [Times: user=0.02 sys=0.00, real=0.00 secs] 
2014-07-28T17:24:48.836+0000: 1853.050: [GC [PSYoungGen: 116448K->192K(114496K)] 287084K->170948K(801472K), 0.0035010 secs] [Times: user=0.02 sys=0.00, real=0.00 secs] 
2014-07-28T17:24:49.267+0000: 1853.481: [GC [PSYoungGen: 114496K->320K(112896K)] 285252K->171148K(799872K), 0.0036650 secs] [Times: user=0.02 sys=0.00, real=0.00 secs] 
2014-07-28T17:24:49.742+0000: 1853.955: [GC [PSYoungGen: 112879K->192K(111104K)] 283707K->171068K(798080K), 0.0055000 secs] [Times: user=0.03 sys=0.00, real=0.00 secs] 
2014-07-28T17:24:50.169+0000: 1854.383: [GC [PSYoungGen: 111104K->192K(132736K)] 281980K->171100K(819712K), 0.0076860 secs] [Times: user=0.04 sys=0.00, real=0.01 secs] 
2014-07-28T17:24:50.702+0000: 1854.915: [GC [PSYoungGen: 132416K->192K(133632K)] 303324K->171108K(820608K), 0.0064280 secs] [Times: user=0.04 sys=0.00, real=0.00 secs] 
2014-07-28T17:24:51.218+0000: 1855.432: [GC [PSYoungGen: 133312K->448K(133632K)] 304228K->171444K(820608K), 0.0037220 secs] [Times: user=0.03 sys=0.00, real=0.01 secs] 
2014-07-28T17:24:51.726+0000: 1855.940: [GC [PSYoungGen: 133568K->416K(131328K)] 304564K->171444K(818304K), 0.0026720 secs] [Times: user=0.01 sys=0.00, real=0.00 secs] 
2014-07-28T17:24:52.237+0000: 1856.451: [GC [PSYoungGen: 131296K->352K(129088K)] 302324K->171460K(816064K), 0.0046480 secs] [Times: user=0.02 sys=0.00, real=0.01 secs] 
2014-07-28T17:24:52.748+0000: 1856.962: [GC [PSYoungGen: 129056K->224K(126848K)] 300164K->171356K(813824K), 0.0054640 secs] [Times: user=0.02 sys=0.00, real=0.01 secs] 
2014-07-28T17:24:53.242+0000: 1857.456: [GC [PSYoungGen: 126816K->256K(152192K)] 297948K->171436K(839168K), 0.0075640 secs] [Times: user=0.04 sys=0.00, real=0.00 secs] 
2014-07-28T17:24:53.859+0000: 1858.073: [GC [PSYoungGen: 152192K->192K(149312K)] 323372K->171388K(836288K), 0.0032130 secs] [Times: user=0.01 sys=0.00, real=0.01 secs] 
2014-07-28T17:24:54.456+0000: 1858.670: [GC [PSYoungGen: 149297K->288K(146752K)] 320493K->171532K(833728K), 0.0069050 secs] [Times: user=0.04 sys=0.00, real=0.01 secs] 
2014-07-28T17:24:55.011+0000: 1859.225: [GC [PSYoungGen: 146720K->192K(159040K)] 317964K->171452K(846016K), 0.0094520 secs] [Times: user=0.05 sys=0.00, real=0.01 secs] 
2014-07-28T17:24:55.614+0000: 1859.827: [GC [PSYoungGen: 158696K->256K(155776K)] 329956K->171556K(842752K), 0.0030910 secs] [Times: user=0.01 sys=0.01, real=0.00 secs] 
2014-07-28T17:24:56.182+0000: 1860.395: [GC [PSYoungGen: 155776K->288K(152960K)] 327076K->171604K(839936K), 0.0041380 secs] [Times: user=0.03 sys=0.00, real=0.01 secs] 
2014-07-28T17:24:56.765+0000: 1860.979: [GC [PSYoungGen: 152928K->288K(150144K)] 324244K->171644K(837120K), 0.0032500 secs] [Times: user=0.01 sys=0.00, real=0.00 secs] 
2014-07-28T17:24:57.317+0000: 1861.531: [GC [PSYoungGen: 150112K->384K(147456K)] 321468K->171804K(834432K), 0.0038450 secs] [Times: user=0.02 sys=0.00, real=0.00 secs] 
2014-07-28T17:24:57.858+0000: 1862.072: [GC [PSYoungGen: 147456K->384K(144832K)] 318876K->171812K(831808K), 0.0039970 secs] [Times: user=0.03 sys=0.00, real=0.01 secs] 
2014-07-28T17:24:58.386+0000: 1862.600: [GC [PSYoungGen: 144832K->320K(157952K)] 316260K->171788K(844928K), 0.0130080 secs] [Times: user=0.08 sys=0.01, real=0.01 secs] 
2014-07-28T17:24:59.073+0000: 1863.287: [GC [PSYoungGen: 157952K->224K(158144K)] 329420K->171708K(845120K), 0.0113440 secs] [Times: user=0.07 sys=0.00, real=0.01 secs] 
2014-07-28T17:24:59.815+0000: 1864.028: [GC [PSYoungGen: 157856K->512K(189632K)] 329340K->172076K(876608K), 0.0024060 secs] [Times: user=0.01 sys=0.00, real=0.00 secs] 
2014-07-28T17:25:00.571+0000: 1864.784: [GC [PSYoungGen: 189632K->352K(185536K)] 361196K->171980K(872512K), 0.0043470 secs] [Times: user=0.02 sys=0.00, real=0.01 secs] 
2014-07-28T17:25:01.274+0000: 1865.488: [GC [PSYoungGen: 185504K->192K(189184K)] 357132K->171828K(876160K), 0.0144470 secs] [Times: user=0.08 sys=0.00, real=0.01 secs] 
2014-07-28T17:25:02.029+0000: 1866.243: [GC [PSYoungGen: 189120K->288K(189504K)] 360756K->171972K(876480K), 0.0062180 secs] [Times: user=0.03 sys=0.00, real=0.01 secs] 
2014-07-28T17:25:02.709+0000: 1866.923: [GC [PSYoungGen: 189216K->288K(185280K)] 360900K->172012K(872256K), 0.0032460 secs] [Times: user=0.02 sys=0.00, real=0.00 secs] 
2014-07-28T17:25:03.367+0000: 1867.581: [GC [PSYoungGen: 185248K->416K(181568K)] 356972K->172244K(868544K), 0.0061190 secs] [Times: user=0.04 sys=0.00, real=0.01 secs] 
2014-07-28T17:25:04.022+0000: 1868.236: [GC [PSYoungGen: 181536K->384K(177792K)] 353364K->172236K(864768K), 0.0043640 secs] [Times: user=0.03 sys=0.00, real=0.01 secs] 
2014-07-28T17:25:04.680+0000: 1868.894: [GC [PSYoungGen: 177792K->480K(174336K)] 349644K->172420K(861312K), 0.0035530 secs] [Times: user=0.02 sys=0.00, real=0.01 secs] 
2014-07-28T17:25:05.314+0000: 1869.528: [GC [PSYoungGen: 174304K->320K(170688K)] 346244K->172324K(857664K), 0.0029330 secs] [Times: user=0.01 sys=0.00, real=0.00 secs] 
2014-07-28T17:25:05.923+0000: 1870.136: [GC [PSYoungGen: 170688K->288K(167360K)] 342692K->172332K(854336K), 0.0049880 secs] [Times: user=0.03 sys=0.00, real=0.01 secs] 
2014-07-28T17:25:06.510+0000: 1870.723: [GC [PSYoungGen: 167327K->256K(164032K)] 339371K->172348K(851008K), 0.0026780 secs] [Times: user=0.01 sys=0.00, real=0.00 secs] 
2014-07-28T17:25:07.115+0000: 1871.328: [GC [PSYoungGen: 164032K->160K(160832K)] 336124K->172260K(847808K), 0.0067730 secs] [Times: user=0.04 sys=0.00, real=0.00 secs] 
2014-07-28T17:25:07.666+0000: 1871.880: [GC [PSYoungGen: 160794K->320K(157888K)] 332894K->172484K(844864K), 0.0023940 secs] [Times: user=0.02 sys=0.00, real=0.00 secs] 
2014-07-28T17:25:08.210+0000: 1872.424: [GC [PSYoungGen: 157888K->384K(155008K)] 330052K->172644K(841984K), 0.0042990 secs] [Times: user=0.03 sys=0.00, real=0.01 secs] 
2014-07-28T17:25:08.748+0000: 1872.961: [GC [PSYoungGen: 155008K->320K(152064K)] 327268K->172620K(839040K), 0.0030070 secs] [Times: user=0.01 sys=0.00, real=0.00 secs] 
2014-07-28T17:25:09.254+0000: 1873.468: [GC [PSYoungGen: 152064K->320K(149312K)] 324364K->172660K(836288K), 0.0046730 secs] [Times: user=0.01 sys=0.00, real=0.01 secs] 
2014-07-28T17:25:09.781+0000: 1873.994: [GC [PSYoungGen: 149312K->320K(146624K)] 321652K->172684K(833600K), 0.0034260 secs] [Times: user=0.01 sys=0.00, real=0.01 secs] 
2014-07-28T17:25:10.267+0000: 1874.480: [GC [PSYoungGen: 146624K->352K(144064K)] 318988K->172796K(831040K), 0.0038040 secs] [Times: user=0.02 sys=0.00, real=0.00 secs] 
2014-07-28T17:25:10.752+0000: 1874.966: [GC [PSYoungGen: 144032K->384K(141504K)] 316476K->172876K(828480K), 0.0035420 secs] [Times: user=0.02 sys=0.01, real=0.01 secs] 
2014-07-28T17:25:11.236+0000: 1875.449: [GC [PSYoungGen: 141504K->320K(138944K)] 313996K->172868K(825920K), 0.0042270 secs] [Times: user=0.02 sys=0.00, real=0.00 secs] 
2014-07-28T17:25:11.708+0000: 1875.922: [GC [PSYoungGen: 138944K->384K(136640K)] 311492K->172980K(823616K), 0.0080960 secs] [Times: user=0.04 sys=0.00, real=0.01 secs] 
2014-07-28T17:25:12.173+0000: 1876.387: [GC [PSYoungGen: 136640K->288K(134272K)] 309236K->172948K(821248K), 0.0038030 secs] [Times: user=0.02 sys=0.01, real=0.01 secs] 
2014-07-28T17:25:12.623+0000: 1876.837: [GC [PSYoungGen: 134240K->352K(132096K)] 306900K->173060K(819072K), 0.0045630 secs] [Times: user=0.02 sys=0.00, real=0.01 secs] 
2014-07-28T17:25:13.072+0000: 1877.286: [GC [PSYoungGen: 132064K->192K(158272K)] 304772K->172900K(845248K), 0.0052370 secs] [Times: user=0.03 sys=0.00, real=0.01 secs] 
2014-07-28T17:25:13.621+0000: 1877.834: [GC [PSYoungGen: 158272K->192K(155328K)] 330980K->172940K(842304K), 0.0042030 secs] [Times: user=0.01 sys=0.00, real=0.00 secs] 
2014-07-28T17:25:14.159+0000: 1878.373: [GC [PSYoungGen: 155328K->352K(152640K)] 328076K->173116K(839616K), 0.0059890 secs] [Times: user=0.03 sys=0.01, real=0.00 secs] 
2014-07-28T17:25:14.701+0000: 1878.915: [GC [PSYoungGen: 152608K->352K(183104K)] 325372K->173164K(870080K), 0.0062070 secs] [Times: user=0.03 sys=0.00, real=0.01 secs] 
2014-07-28T17:25:15.319+0000: 1879.533: [GC [PSYoungGen: 183072K->320K(179264K)] 355884K->173196K(866240K), 0.0034880 secs] [Times: user=0.02 sys=0.00, real=0.00 secs] 
2014-07-28T17:25:15.933+0000: 1880.147: [GC [PSYoungGen: 179264K->384K(215168K)] 352140K->173284K(902144K), 0.0142710 secs] [Times: user=0.10 sys=0.00, real=0.02 secs] 
2014-07-28T17:25:16.669+0000: 1880.883: [GC [PSYoungGen: 215162K->352K(222528K)] 388062K->173324K(909504K), 0.0025810 secs] [Times: user=0.02 sys=0.00, real=0.00 secs] 
2014-07-28T17:25:17.431+0000: 1881.645: [GC [PSYoungGen: 222368K->384K(217280K)] 395340K->173428K(904256K), 0.0026890 secs] [Times: user=0.01 sys=0.00, real=0.00 secs] 
2014-07-28T17:25:18.177+0000: 1882.391: [GC [PSYoungGen: 217280K->320K(212288K)] 390324K->173428K(899264K), 0.0031420 secs] [Times: user=0.02 sys=0.00, real=0.00 secs] 
2014-07-28T17:25:18.922+0000: 1883.136: [GC [PSYoungGen: 212288K->352K(207616K)] 385396K->173508K(894592K), 0.0034610 secs] [Times: user=0.01 sys=0.00, real=0.00 secs] 
2014-07-28T17:25:19.654+0000: 1883.868: [GC [PSYoungGen: 207584K->224K(202880K)] 380740K->173420K(889856K), 0.0055910 secs] [Times: user=0.04 sys=0.00, real=0.01 secs] 
2014-07-28T17:25:20.344+0000: 1884.558: [GC [PSYoungGen: 202848K->288K(198528K)] 376044K->173548K(885504K), 0.0062990 secs] [Times: user=0.03 sys=0.00, real=0.01 secs] 
2014-07-28T17:25:21.016+0000: 1885.230: [GC [PSYoungGen: 198496K->448K(194368K)] 371756K->173780K(881344K), 0.0037880 secs] [Times: user=0.03 sys=0.00, real=0.00 secs] 
2014-07-28T17:25:21.699+0000: 1885.912: [GC [PSYoungGen: 194368K->320K(190080K)] 367700K->173708K(877056K), 0.0034320 secs] [Times: user=0.02 sys=0.00, real=0.00 secs] 
2014-07-28T17:25:22.365+0000: 1886.579: [GC [PSYoungGen: 190080K->288K(186112K)] 363468K->173740K(873088K), 0.0035560 secs] [Times: user=0.02 sys=0.00, real=0.01 secs] 
2014-07-28T17:25:23.004+0000: 1887.218: [GC [PSYoungGen: 186080K->256K(182208K)] 359532K->173748K(869184K), 0.0056620 secs] [Times: user=0.02 sys=0.00, real=0.01 secs] 
2014-07-28T17:25:23.625+0000: 1887.839: [GC [PSYoungGen: 182208K->256K(178496K)] 355700K->173796K(865472K), 0.0037530 secs] [Times: user=0.01 sys=0.00, real=0.01 secs] 
2014-07-28T17:25:24.217+0000: 1888.431: [GC [PSYoungGen: 178496K->256K(174912K)] 352036K->173812K(861888K), 0.0025060 secs] [Times: user=0.01 sys=0.00, real=0.00 secs] 
2014-07-28T17:25:24.851+0000: 1889.064: [GC [PSYoungGen: 174912K->384K(209984K)] 348468K->173964K(896960K), 0.0183740 secs] [Times: user=0.10 sys=0.00, real=0.02 secs] 
2014-07-28T17:25:25.596+0000: 1889.810: [GC [PSYoungGen: 209984K->416K(205376K)] 383564K->174076K(892352K), 0.0038210 secs] [Times: user=0.02 sys=0.00, real=0.01 secs] 
2014-07-28T17:25:26.320+0000: 1890.533: [GC [PSYoungGen: 205344K->256K(200704K)] 379004K->173932K(887680K), 0.0066660 secs] [Times: user=0.04 sys=0.00, real=0.00 secs] 
2014-07-28T17:25:27.012+0000: 1891.225: [GC [PSYoungGen: 200704K->384K(196480K)] 374380K->174156K(883456K), 0.0035290 secs] [Times: user=0.02 sys=0.00, real=0.00 secs] 
2014-07-28T17:25:27.702+0000: 1891.916: [GC [PSYoungGen: 196480K->320K(192192K)] 370252K->174164K(879168K), 0.0045800 secs] [Times: user=0.03 sys=0.00, real=0.00 secs] 
2014-07-28T17:25:28.368+0000: 1892.582: [GC [PSYoungGen: 192192K->352K(188224K)] 366036K->174260K(875200K), 0.0037350 secs] [Times: user=0.03 sys=0.00, real=0.00 secs] 
2014-07-28T17:25:29.016+0000: 1893.229: [GC [PSYoungGen: 188192K->288K(184256K)] 362100K->174236K(871232K), 0.0050080 secs] [Times: user=0.03 sys=0.00, real=0.01 secs] 
2014-07-28T17:25:29.666+0000: 1893.880: [GC [PSYoungGen: 184224K->370K(180544K)] 358172K->174374K(867520K), 0.0030770 secs] [Times: user=0.01 sys=0.01, real=0.01 secs] 
2014-07-28T17:25:30.288+0000: 1894.502: [GC [PSYoungGen: 180530K->224K(176768K)] 354534K->174268K(863744K), 0.0056150 secs] [Times: user=0.03 sys=0.00, real=0.00 secs] 
2014-07-28T17:25:30.902+0000: 1895.115: [GC [PSYoungGen: 176736K->416K(173376K)] 350780K->174540K(860352K), 0.0037930 secs] [Times: user=0.02 sys=0.00, real=0.00 secs] 
2014-07-28T17:25:31.497+0000: 1895.710: [GC [PSYoungGen: 173344K->160K(169664K)] 347468K->174292K(856640K), 0.0071770 secs] [Times: user=0.01 sys=0.00, real=0.01 secs] 
2014-07-28T17:25:32.074+0000: 1896.288: [GC [PSYoungGen: 169632K->512K(166656K)] 343764K->174660K(853632K), 0.0089050 secs] [Times: user=0.03 sys=0.00, real=0.01 secs] 
2014-07-28T17:25:32.640+0000: 1896.854: [GC [PSYoungGen: 166656K->352K(163328K)] 340804K->174548K(850304K), 0.0035350 secs] [Times: user=0.02 sys=0.00, real=0.00 secs] 
2014-07-28T17:25:33.195+0000: 1897.409: [GC [PSYoungGen: 163296K->384K(160192K)] 337492K->174604K(847168K), 0.0023620 secs] [Times: user=0.01 sys=0.00, real=0.00 secs] 
2014-07-28T17:25:33.730+0000: 1897.944: [GC [PSYoungGen: 160192K->192K(156992K)] 334412K->174436K(843968K), 0.0062420 secs] [Times: user=0.03 sys=0.00, real=0.00 secs] 
2014-07-28T17:25:34.270+0000: 1898.484: [GC [PSYoungGen: 156992K->256K(154112K)] 331236K->174548K(841088K), 0.0054380 secs] [Times: user=0.03 sys=0.00, real=0.00 secs] 
2014-07-28T17:25:34.826+0000: 1899.040: [GC [PSYoungGen: 154112K->320K(151360K)] 328404K->174636K(838336K), 0.0041430 secs] [Times: user=0.02 sys=0.00, real=0.01 secs] 
2014-07-28T17:25:35.344+0000: 1899.558: [GC [PSYoungGen: 151360K->320K(148608K)] 325676K->174700K(835584K), 0.0030630 secs] [Times: user=0.01 sys=0.00, real=0.00 secs] 
2014-07-28T17:25:35.838+0000: 1900.052: [GC [PSYoungGen: 148608K->288K(145920K)] 322988K->174724K(832896K), 0.0035660 secs] [Times: user=0.02 sys=0.00, real=0.00 secs] 
2014-07-28T17:25:36.338+0000: 1900.552: [GC [PSYoungGen: 145888K->160K(143168K)] 320324K->174612K(830144K), 0.0039990 secs] [Times: user=0.01 sys=0.01, real=0.00 secs] 
2014-07-28T17:25:36.838+0000: 1901.052: [GC [PSYoungGen: 143136K->416K(140928K)] 317588K->174932K(827904K), 0.0049920 secs] [Times: user=0.02 sys=0.00, real=0.00 secs] 
2014-07-28T17:25:37.313+0000: 1901.527: [GC [PSYoungGen: 140867K->384K(138432K)] 315383K->174988K(825408K), 0.0041910 secs] [Times: user=0.02 sys=0.00, real=0.00 secs] 
2014-07-28T17:25:37.785+0000: 1901.999: [GC [PSYoungGen: 138432K->384K(136064K)] 313036K->175012K(823040K), 0.0046330 secs] [Times: user=0.03 sys=0.00, real=0.01 secs] 
2014-07-28T17:25:38.261+0000: 1902.475: [GC [PSYoungGen: 136064K->434K(163264K)] 310692K->175134K(850240K), 0.0110840 secs] [Times: user=0.07 sys=0.00, real=0.01 secs] 
2014-07-28T17:25:38.803+0000: 1903.017: [GC [PSYoungGen: 163250K->288K(195712K)] 337950K->175004K(882688K), 0.0030280 secs] [Times: user=0.01 sys=0.01, real=0.00 secs] 
2014-07-28T17:25:39.471+0000: 1903.685: [GC [PSYoungGen: 195680K->256K(191488K)] 370396K->175028K(878464K), 0.0034830 secs] [Times: user=0.02 sys=0.00, real=0.00 secs] 
2014-07-28T17:25:40.117+0000: 1904.331: [GC [PSYoungGen: 191488K->352K(187584K)] 366260K->175156K(874560K), 0.0081170 secs] [Times: user=0.05 sys=0.00, real=0.01 secs] 
2014-07-28T17:25:40.765+0000: 1904.978: [GC [PSYoungGen: 187552K->320K(183616K)] 362356K->175172K(870592K), 0.0064180 secs] [Times: user=0.04 sys=0.01, real=0.01 secs] 
2014-07-28T17:25:41.446+0000: 1905.660: [GC [PSYoungGen: 183616K->320K(179840K)] 358468K->175244K(866816K), 0.0034070 secs] [Times: user=0.01 sys=0.01, real=0.01 secs] 
2014-07-28T17:25:42.041+0000: 1906.255: [GC [PSYoungGen: 179840K->416K(176320K)] 354764K->175364K(863296K), 0.0063860 secs] [Times: user=0.04 sys=0.00, real=0.00 secs] 
2014-07-28T17:25:42.639+0000: 1906.853: [GC [PSYoungGen: 176288K->448K(172800K)] 351236K->175500K(859776K), 0.0031420 secs] [Times: user=0.01 sys=0.00, real=0.01 secs] 
2014-07-28T17:25:43.222+0000: 1907.436: [GC [PSYoungGen: 172800K->320K(207168K)] 347852K->175404K(894144K), 0.0125070 secs] [Times: user=0.08 sys=0.00, real=0.01 secs] 
2014-07-28T17:25:43.963+0000: 1908.176: [GC [PSYoungGen: 207168K->256K(202560K)] 382252K->175404K(889536K), 0.0043840 secs] [Times: user=0.03 sys=0.00, real=0.00 secs] 
2014-07-28T17:25:44.681+0000: 1908.894: [GC [PSYoungGen: 202560K->288K(243136K)] 377708K->175468K(930112K), 0.0098140 secs] [Times: user=0.05 sys=0.01, real=0.01 secs] 
2014-07-28T17:25:45.531+0000: 1909.744: [GC [PSYoungGen: 243104K->288K(237248K)] 418284K->175532K(924224K), 0.0056030 secs] [Times: user=0.03 sys=0.00, real=0.00 secs] 
2014-07-28T17:25:46.338+0000: 1910.552: [GC [PSYoungGen: 237216K->320K(231616K)] 412460K->175620K(918592K), 0.0057080 secs] [Times: user=0.02 sys=0.01, real=0.01 secs] 
2014-07-28T17:25:47.165+0000: 1911.379: [GC [PSYoungGen: 231616K->256K(226112K)] 406916K->175596K(913088K), 0.0079340 secs] [Times: user=0.05 sys=0.00, real=0.01 secs] 
2014-07-28T17:25:47.994+0000: 1912.208: [GC [PSYoungGen: 226112K->224K(220864K)] 401452K->175596K(907840K), 0.0038520 secs] [Times: user=0.02 sys=0.00, real=0.00 secs] 
2014-07-28T17:25:49.040+0000: 1913.254: [GC [PSYoungGen: 220832K->512K(216064K)] 396204K->175988K(903040K), 0.0033930 secs] [Times: user=0.02 sys=0.00, real=0.00 secs] 
2014-07-28T17:25:50.193+0000: 1914.407: [GC [PSYoungGen: 216064K->320K(211008K)] 391540K->175886K(897984K), 0.0028590 secs] [Times: user=0.01 sys=0.00, real=0.00 secs] 
2014-07-28T17:25:50.963+0000: 1915.177: [GC [PSYoungGen: 211008K->448K(206400K)] 386574K->176086K(893376K), 0.0034010 secs] [Times: user=0.02 sys=0.00, real=0.00 secs] 
2014-07-28T17:25:51.712+0000: 1915.926: [GC [PSYoungGen: 206388K->448K(201856K)] 382026K->176158K(888832K), 0.0025800 secs] [Times: user=0.01 sys=0.01, real=0.00 secs] 
2014-07-28T17:25:52.452+0000: 1916.666: [GC [PSYoungGen: 201856K->256K(197248K)] 377566K->176014K(884224K), 0.0033500 secs] [Times: user=0.02 sys=0.00, real=0.00 secs] 
2014-07-28T17:25:53.185+0000: 1917.399: [GC [PSYoungGen: 197248K->352K(193152K)] 373006K->176166K(880128K), 0.0056070 secs] [Times: user=0.03 sys=0.00, real=0.01 secs] 
2014-07-28T17:25:53.898+0000: 1918.112: [GC [PSYoungGen: 193120K->320K(188992K)] 368934K->176198K(875968K), 0.0040140 secs] [Times: user=0.03 sys=0.00, real=0.01 secs] 
2014-07-28T17:25:54.609+0000: 1918.822: [GC [PSYoungGen: 188992K->224K(184960K)] 364870K->176158K(871936K), 0.0060340 secs] [Times: user=0.04 sys=0.00, real=0.01 secs] 
2014-07-28T17:25:55.351+0000: 1919.565: [GC [PSYoungGen: 184928K->512K(181376K)] 360862K->176454K(868352K), 0.0032710 secs] [Times: user=0.02 sys=0.00, real=0.00 secs] 
2014-07-28T17:25:56.058+0000: 1920.271: [GC [PSYoungGen: 181363K->320K(177472K)] 357305K->176294K(864448K), 0.0029740 secs] [Times: user=0.02 sys=0.00, real=0.00 secs] 
2014-07-28T17:25:56.695+0000: 1920.909: [GC [PSYoungGen: 177472K->288K(173888K)] 353446K->176326K(860864K), 0.0047580 secs] [Times: user=0.03 sys=0.00, real=0.00 secs] 
2014-07-28T17:25:57.328+0000: 1921.542: [GC [PSYoungGen: 173856K->288K(170432K)] 349894K->176398K(857408K), 0.0039190 secs] [Times: user=0.02 sys=0.00, real=0.01 secs] 
2014-07-28T17:25:57.964+0000: 1922.178: [GC [PSYoungGen: 170351K->352K(167168K)] 346462K->176510K(854144K), 0.0057920 secs] [Times: user=0.03 sys=0.00, real=0.00 secs] 
2014-07-28T17:25:58.577+0000: 1922.791: [GC [PSYoungGen: 167136K->352K(163904K)] 343294K->176574K(850880K), 0.0049930 secs] [Times: user=0.02 sys=0.00, real=0.01 secs] 
2014-07-28T17:25:59.186+0000: 1923.399: [GC [PSYoungGen: 163872K->352K(160768K)] 340094K->176582K(847744K), 0.0041420 secs] [Times: user=0.02 sys=0.00, real=0.00 secs] 
2014-07-28T17:25:59.753+0000: 1923.967: [GC [PSYoungGen: 160736K->416K(157760K)] 336966K->176734K(844736K), 0.0031480 secs] [Times: user=0.03 sys=0.00, real=0.00 secs] 
2014-07-28T17:26:00.339+0000: 1924.553: [GC [PSYoungGen: 157728K->352K(154752K)] 334046K->176726K(841728K), 0.0041600 secs] [Times: user=0.02 sys=0.00, real=0.01 secs] 
2014-07-28T17:26:00.907+0000: 1925.121: [GC [PSYoungGen: 154720K->352K(151872K)] 331094K->176766K(838848K), 0.0027180 secs] [Times: user=0.01 sys=0.00, real=0.00 secs] 
2014-07-28T17:26:01.449+0000: 1925.663: [GC [PSYoungGen: 151840K->256K(148992K)] 328254K->176734K(835968K), 0.0054320 secs] [Times: user=0.03 sys=0.00, real=0.01 secs] 
2014-07-28T17:26:02.003+0000: 1926.216: [GC [PSYoungGen: 148992K->256K(146304K)] 325470K->176766K(833280K), 0.0027410 secs] [Times: user=0.02 sys=0.01, real=0.00 secs] 
2014-07-28T17:26:02.510+0000: 1926.723: [GC [PSYoungGen: 146304K->256K(143680K)] 322814K->176814K(830656K), 0.0051130 secs] [Times: user=0.04 sys=0.00, real=0.01 secs] 
2014-07-28T17:26:03.009+0000: 1927.223: [GC [PSYoungGen: 143680K->320K(141184K)] 320238K->176902K(828160K), 0.0088640 secs] [Times: user=0.05 sys=0.00, real=0.01 secs] 
2014-07-28T17:26:03.502+0000: 1927.716: [GC [PSYoungGen: 141184K->224K(138688K)] 317766K->176846K(825664K), 0.0040400 secs] [Times: user=0.01 sys=0.00, real=0.01 secs] 
2014-07-28T17:26:03.977+0000: 1928.190: [GC [PSYoungGen: 138656K->224K(136320K)] 315278K->176870K(823296K), 0.0038190 secs] [Times: user=0.01 sys=0.00, real=0.00 secs] 
2014-07-28T17:26:04.444+0000: 1928.658: [GC [PSYoungGen: 136288K->402K(134208K)] 312934K->177128K(821184K), 0.0035660 secs] [Times: user=0.02 sys=0.00, real=0.00 secs] 
2014-07-28T17:26:04.906+0000: 1929.119: [GC [PSYoungGen: 134162K->256K(131776K)] 310888K->177014K(818752K), 0.0040120 secs] [Times: user=0.02 sys=0.00, real=0.00 secs] 
2014-07-28T17:26:05.374+0000: 1929.588: [GC [PSYoungGen: 131776K->352K(129728K)] 308534K->177174K(816704K), 0.0032380 secs] [Times: user=0.02 sys=0.01, real=0.00 secs] 
2014-07-28T17:26:05.811+0000: 1930.024: [GC [PSYoungGen: 129696K->224K(127488K)] 306518K->177086K(814464K), 0.0049090 secs] [Times: user=0.03 sys=0.01, real=0.01 secs] 
2014-07-28T17:26:06.252+0000: 1930.466: [GC [PSYoungGen: 127456K->352K(125568K)] 304318K->177294K(812544K), 0.0041300 secs] [Times: user=0.02 sys=0.01, real=0.01 secs] 
2014-07-28T17:26:06.675+0000: 1930.889: [GC [PSYoungGen: 125536K->320K(123520K)] 302478K->177278K(810496K), 0.0037730 secs] [Times: user=0.02 sys=0.00, real=0.00 secs] 
2014-07-28T17:26:07.114+0000: 1931.327: [GC [PSYoungGen: 123520K->192K(121408K)] 300478K->177174K(808384K), 0.0043340 secs] [Times: user=0.02 sys=0.00, real=0.00 secs] 
2014-07-28T17:26:07.541+0000: 1931.755: [GC [PSYoungGen: 121408K->288K(119616K)] 298390K->177342K(806592K), 0.0033280 secs] [Times: user=0.02 sys=0.01, real=0.01 secs] 
2014-07-28T17:26:07.967+0000: 1932.180: [GC [PSYoungGen: 119584K->384K(117824K)] 296638K->177470K(804800K), 0.0030330 secs] [Times: user=0.02 sys=0.00, real=0.00 secs] 
2014-07-28T17:26:08.386+0000: 1932.600: [GC [PSYoungGen: 117824K->352K(116032K)] 294910K->177510K(803008K), 0.0030480 secs] [Times: user=0.02 sys=0.00, real=0.00 secs] 
2014-07-28T17:26:08.797+0000: 1933.011: [GC [PSYoungGen: 116000K->384K(114304K)] 293158K->177582K(801280K), 0.0028370 secs] [Times: user=0.02 sys=0.00, real=0.00 secs] 
2014-07-28T17:26:09.191+0000: 1933.405: [GC [PSYoungGen: 114304K->320K(112512K)] 291502K->177590K(799488K), 0.0039430 secs] [Times: user=0.02 sys=0.00, real=0.01 secs] 
2014-07-28T17:26:09.585+0000: 1933.799: [GC [PSYoungGen: 112512K->352K(110912K)] 289782K->177654K(797888K), 0.0035270 secs] [Times: user=0.02 sys=0.00, real=0.00 secs] 
2014-07-28T17:26:09.977+0000: 1934.191: [GC [PSYoungGen: 110880K->352K(109312K)] 288182K->177694K(796288K), 0.0031900 secs] [Times: user=0.02 sys=0.00, real=0.00 secs] 
2014-07-28T17:26:10.376+0000: 1934.590: [GC [PSYoungGen: 109280K->384K(107712K)] 286622K->177814K(794688K), 0.0028500 secs] [Times: user=0.01 sys=0.00, real=0.00 secs] 
2014-07-28T17:26:10.759+0000: 1934.973: [GC [PSYoungGen: 107712K->320K(106112K)] 285142K->177774K(793088K), 0.0044350 secs] [Times: user=0.03 sys=0.00, real=0.01 secs] 
2014-07-28T17:26:11.130+0000: 1935.344: [GC [PSYoungGen: 106112K->352K(104640K)] 283566K->177870K(791616K), 0.0025640 secs] [Times: user=0.00 sys=0.00, real=0.00 secs] 
2014-07-28T17:26:11.478+0000: 1935.692: [GC [PSYoungGen: 104608K->256K(103040K)] 282126K->177806K(790016K), 0.0039910 secs] [Times: user=0.02 sys=0.00, real=0.00 secs] 
2014-07-28T17:26:11.840+0000: 1936.054: [GC [PSYoungGen: 103040K->448K(101824K)] 280590K->178030K(788800K), 0.0032060 secs] [Times: user=0.02 sys=0.00, real=0.00 secs] 
2014-07-28T17:26:12.188+0000: 1936.402: [GC [PSYoungGen: 101824K->384K(122048K)] 279406K->178014K(809024K), 0.0071590 secs] [Times: user=0.04 sys=0.00, real=0.01 secs] 
2014-07-28T17:26:12.618+0000: 1936.832: [GC [PSYoungGen: 122047K->384K(146432K)] 299677K->178046K(833408K), 0.0026500 secs] [Times: user=0.02 sys=0.00, real=0.00 secs] 
2014-07-28T17:26:13.116+0000: 1937.330: [GC [PSYoungGen: 146432K->320K(143744K)] 324094K->178014K(830720K), 0.0032530 secs] [Times: user=0.01 sys=0.00, real=0.00 secs] 
2014-07-28T17:26:13.619+0000: 1937.833: [GC [PSYoungGen: 143744K->416K(141312K)] 321438K->178198K(828288K), 0.0034750 secs] [Times: user=0.02 sys=0.00, real=0.00 secs] 
2014-07-28T17:26:14.108+0000: 1938.322: [GC [PSYoungGen: 141280K->288K(169408K)] 319062K->178086K(856384K), 0.0072260 secs] [Times: user=0.02 sys=0.01, real=0.01 secs] 
2014-07-28T17:26:14.683+0000: 1938.897: [GC [PSYoungGen: 169376K->256K(166016K)] 347174K->178094K(852992K), 0.0052570 secs] [Times: user=0.03 sys=0.00, real=0.01 secs] 
2014-07-28T17:26:15.248+0000: 1939.462: [GC [PSYoungGen: 166016K->320K(199232K)] 343854K->178190K(886208K), 0.0099740 secs] [Times: user=0.07 sys=0.00, real=0.01 secs] 
2014-07-28T17:26:16.014+0000: 1940.227: [GC [PSYoungGen: 199232K->320K(238656K)] 377102K->178254K(925632K), 0.0063950 secs] [Times: user=0.04 sys=0.00, real=0.01 secs] 
2014-07-28T17:26:16.772+0000: 1940.986: [GC [PSYoungGen: 238464K->320K(232768K)] 416398K->178302K(919744K), 0.0047450 secs] [Times: user=0.02 sys=0.00, real=0.01 secs] 
2014-07-28T17:26:17.499+0000: 1941.713: [GC [PSYoungGen: 232768K->256K(227200K)] 410750K->178286K(914176K), 0.0044460 secs] [Times: user=0.03 sys=0.00, real=0.00 secs] 
2014-07-28T17:26:18.214+0000: 1942.428: [GC [PSYoungGen: 227200K->448K(222080K)] 405230K->178510K(909056K), 0.0050160 secs] [Times: user=0.02 sys=0.00, real=0.01 secs] 
2014-07-28T17:26:18.936+0000: 1943.150: [GC [PSYoungGen: 222080K->224K(216768K)] 400142K->178326K(903744K), 0.0037920 secs] [Times: user=0.02 sys=0.00, real=0.00 secs] 
2014-07-28T17:26:19.620+0000: 1943.834: [GC [PSYoungGen: 216736K->256K(211840K)] 394838K->178398K(898816K), 0.0042300 secs] [Times: user=0.02 sys=0.01, real=0.00 secs] 
2014-07-28T17:26:20.301+0000: 1944.515: [GC [PSYoungGen: 211840K->320K(207168K)] 389982K->178494K(894144K), 0.0047770 secs] [Times: user=0.03 sys=0.00, real=0.01 secs] 
2014-07-28T17:26:20.995+0000: 1945.208: [GC [PSYoungGen: 207168K->192K(202496K)] 385342K->178398K(889472K), 0.0035520 secs] [Times: user=0.02 sys=0.00, real=0.01 secs] 
2014-07-28T17:26:21.627+0000: 1945.841: [GC [PSYoungGen: 202496K->416K(198336K)] 380702K->178678K(885312K), 0.0027920 secs] [Times: user=0.01 sys=0.00, real=0.00 secs] 
2014-07-28T17:26:22.247+0000: 1946.460: [GC [PSYoungGen: 198304K->320K(193920K)] 376566K->178590K(880896K), 0.0045480 secs] [Times: user=0.03 sys=0.00, real=0.00 secs] 
2014-07-28T17:26:22.836+0000: 1947.050: [GC [PSYoungGen: 193920K->192K(189696K)] 372190K->178502K(876672K), 0.0074870 secs] [Times: user=0.04 sys=0.00, real=0.00 secs] 
2014-07-28T17:26:23.421+0000: 1947.635: [GC [PSYoungGen: 189696K->256K(185792K)] 368006K->178598K(872768K), 0.0049990 secs] [Times: user=0.02 sys=0.00, real=0.01 secs] 
2014-07-28T17:26:24.009+0000: 1948.223: [GC [PSYoungGen: 185792K->384K(182080K)] 364134K->178758K(869056K), 0.0081540 secs] [Times: user=0.05 sys=0.00, real=0.01 secs] 
2014-07-28T17:26:24.648+0000: 1948.862: [GC [PSYoungGen: 182080K->416K(178432K)] 360454K->178862K(865408K), 0.0046850 secs] [Times: user=0.03 sys=0.01, real=0.00 secs] 
2014-07-28T17:26:25.369+0000: 1949.583: [GC [PSYoungGen: 178400K->320K(174720K)] 356846K->178766K(861696K), 0.0099110 secs] [Times: user=0.05 sys=0.00, real=0.01 secs] 
2014-07-28T17:26:26.069+0000: 1950.283: [GC [PSYoungGen: 174720K->384K(171328K)] 353166K->178902K(858304K), 0.0049360 secs] [Times: user=0.03 sys=0.00, real=0.00 secs] 
2014-07-28T17:26:26.694+0000: 1950.907: [GC [PSYoungGen: 171328K->416K(205632K)] 349846K->178990K(892608K), 0.0086030 secs] [Times: user=0.04 sys=0.01, real=0.01 secs] 
2014-07-28T17:26:27.351+0000: 1951.565: [GC [PSYoungGen: 205584K->256K(235904K)] 384158K->178960K(922880K), 0.0071040 secs] [Times: user=0.04 sys=0.00, real=0.01 secs] 
2014-07-28T17:26:28.115+0000: 1952.329: [GC [PSYoungGen: 235904K->384K(230464K)] 414608K->179144K(917440K), 0.0043480 secs] [Times: user=0.03 sys=0.00, real=0.01 secs] 
2014-07-28T17:26:28.865+0000: 1953.079: [GC [PSYoungGen: 230464K->256K(224960K)] 409224K->179080K(911936K), 0.0071530 secs] [Times: user=0.05 sys=0.00, real=0.01 secs] 
2014-07-28T17:26:29.604+0000: 1953.817: [GC [PSYoungGen: 224960K->320K(219840K)] 403784K->179200K(906816K), 0.0035210 secs] [Times: user=0.02 sys=0.00, real=0.01 secs] 
2014-07-28T17:26:30.312+0000: 1954.525: [GC [PSYoungGen: 219840K->384K(214912K)] 398720K->179272K(901888K), 0.0039830 secs] [Times: user=0.02 sys=0.00, real=0.00 secs] 
2014-07-28T17:26:31.021+0000: 1955.235: [GC [PSYoungGen: 214912K->320K(209984K)] 393800K->179272K(896960K), 0.0047430 secs] [Times: user=0.03 sys=0.00, real=0.00 secs] 
2014-07-28T17:26:31.743+0000: 1955.957: [GC [PSYoungGen: 209984K->384K(205376K)] 388936K->179424K(892352K), 0.0030160 secs] [Times: user=0.01 sys=0.00, real=0.00 secs] 
2014-07-28T17:26:32.436+0000: 1956.650: [GC [PSYoungGen: 205376K->416K(200960K)] 384416K->179528K(887936K), 0.0038930 secs] [Times: user=0.03 sys=0.00, real=0.01 secs] 
2014-07-28T17:26:33.111+0000: 1957.325: [GC [PSYoungGen: 200928K->288K(196480K)] 380040K->179432K(883456K), 0.0039700 secs] [Times: user=0.02 sys=0.00, real=0.00 secs] 
2014-07-28T17:26:33.844+0000: 1958.058: [GC [PSYoungGen: 196448K->352K(192320K)] 375592K->179576K(879296K), 0.0023420 secs] [Times: user=0.02 sys=0.00, real=0.00 secs] 
2014-07-28T17:26:34.508+0000: 1958.721: [GC [PSYoungGen: 192288K->448K(188288K)] 371512K->179752K(875264K), 0.0024690 secs] [Times: user=0.01 sys=0.00, real=0.00 secs] 
2014-07-28T17:26:35.136+0000: 1959.350: [GC [PSYoungGen: 188288K->320K(184256K)] 367592K->179640K(871232K), 0.0044060 secs] [Times: user=0.02 sys=0.00, real=0.01 secs] 
2014-07-28T17:26:35.775+0000: 1959.988: [GC [PSYoungGen: 184256K->224K(180416K)] 363576K->179592K(867392K), 0.0040110 secs] [Times: user=0.02 sys=0.00, real=0.01 secs] 
2014-07-28T17:26:36.407+0000: 1960.621: [GC [PSYoungGen: 180384K->512K(177024K)] 359752K->179976K(864000K), 0.0039710 secs] [Times: user=0.02 sys=0.00, real=0.00 secs] 
2014-07-28T17:26:37.013+0000: 1961.227: [GC [PSYoungGen: 177024K->224K(173184K)] 356488K->179720K(860160K), 0.0032710 secs] [Times: user=0.02 sys=0.00, real=0.00 secs] 
2014-07-28T17:26:37.582+0000: 1961.796: [GC [PSYoungGen: 173152K->352K(169856K)] 352648K->179888K(856832K), 0.0038570 secs] [Times: user=0.02 sys=0.00, real=0.00 secs] 
2014-07-28T17:26:38.131+0000: 1962.344: [GC [PSYoungGen: 169824K->384K(203776K)] 349360K->179920K(890752K), 0.0148790 secs] [Times: user=0.10 sys=0.00, real=0.01 secs] 
2014-07-28T17:26:38.800+0000: 1963.014: [GC [PSYoungGen: 203775K->416K(233024K)] 383311K->180048K(920000K), 0.0050370 secs] [Times: user=0.03 sys=0.00, real=0.00 secs] 
2014-07-28T17:26:39.587+0000: 1963.801: [GC [PSYoungGen: 232864K->352K(227328K)] 412496K->180040K(914304K), 0.0030900 secs] [Times: user=0.01 sys=0.00, real=0.01 secs] 
2014-07-28T17:26:40.338+0000: 1964.552: [GC [PSYoungGen: 227296K->256K(221888K)] 406984K->179968K(908864K), 0.0021340 secs] [Times: user=0.01 sys=0.00, real=0.01 secs] 
2014-07-28T17:26:41.051+0000: 1965.265: [GC [PSYoungGen: 221862K->384K(216896K)] 401574K->180192K(903872K), 0.0045830 secs] [Times: user=0.01 sys=0.00, real=0.00 secs] 
2014-07-28T17:26:41.778+0000: 1965.992: [GC [PSYoungGen: 216896K->416K(212032K)] 396704K->180296K(899008K), 0.0021360 secs] [Times: user=0.01 sys=0.00, real=0.00 secs] 
2014-07-28T17:26:42.515+0000: 1966.729: [GC [PSYoungGen: 212000K->320K(207168K)] 391880K->180264K(894144K), 0.0032070 secs] [Times: user=0.02 sys=0.00, real=0.01 secs] 
2014-07-28T17:26:43.180+0000: 1967.394: [GC [PSYoungGen: 207168K->320K(202624K)] 387112K->180304K(889600K), 0.0051400 secs] [Times: user=0.03 sys=0.00, real=0.00 secs] 
2014-07-28T17:26:43.841+0000: 1968.055: [GC [PSYoungGen: 202624K->288K(198208K)] 382608K->180328K(885184K), 0.0045660 secs] [Times: user=0.04 sys=0.00, real=0.00 secs] 
2014-07-28T17:26:44.495+0000: 1968.709: [GC [PSYoungGen: 198176K->448K(194048K)] 378216K->180560K(881024K), 0.0032850 secs] [Times: user=0.02 sys=0.00, real=0.00 secs] 
2014-07-28T17:26:45.113+0000: 1969.327: [GC [PSYoungGen: 194048K->192K(189696K)] 374160K->180320K(876672K), 0.0084700 secs] [Times: user=0.05 sys=0.00, real=0.01 secs] 
2014-07-28T17:26:45.740+0000: 1969.953: [GC [PSYoungGen: 189696K->448K(185984K)] 369824K->180648K(872960K), 0.0031970 secs] [Times: user=0.02 sys=0.00, real=0.00 secs] 
2014-07-28T17:26:46.348+0000: 1970.562: [GC [PSYoungGen: 185984K->480K(182208K)] 366184K->180792K(869184K), 0.0039900 secs] [Times: user=0.02 sys=0.00, real=0.01 secs] 
2014-07-28T17:26:46.950+0000: 1971.164: [GC [PSYoungGen: 182176K->352K(178368K)] 362488K->180720K(865344K), 0.0039170 secs] [Times: user=0.02 sys=0.00, real=0.00 secs] 
2014-07-28T17:26:47.543+0000: 1971.756: [GC [PSYoungGen: 178304K->416K(174848K)] 358672K->180856K(861824K), 0.0036430 secs] [Times: user=0.02 sys=0.00, real=0.00 secs] 
2014-07-28T17:26:48.103+0000: 1972.317: [GC [PSYoungGen: 174816K->224K(171200K)] 355256K->180696K(858176K), 0.0029720 secs] [Times: user=0.01 sys=0.00, real=0.00 secs] 
2014-07-28T17:26:48.662+0000: 1972.876: [GC [PSYoungGen: 171168K->352K(167936K)] 351640K->180896K(854912K), 0.0055680 secs] [Times: user=0.03 sys=0.00, real=0.00 secs] 
2014-07-28T17:26:49.230+0000: 1973.444: [GC [PSYoungGen: 167904K->352K(164672K)] 348448K->180960K(851648K), 0.0031230 secs] [Times: user=0.01 sys=0.00, real=0.00 secs] 
2014-07-28T17:26:49.788+0000: 1974.002: [GC [PSYoungGen: 164640K->352K(161536K)] 345248K->180992K(848512K), 0.0035500 secs] [Times: user=0.02 sys=0.00, real=0.01 secs] 
2014-07-28T17:26:50.335+0000: 1974.548: [GC [PSYoungGen: 161504K->484K(158592K)] 342144K->181196K(845568K), 0.0050860 secs] [Times: user=0.03 sys=0.00, real=0.01 secs] 
2014-07-28T17:26:50.859+0000: 1975.072: [GC [PSYoungGen: 158564K->192K(155328K)] 339276K->181008K(842304K), 0.0034710 secs] [Times: user=0.02 sys=0.00, real=0.01 secs] 
2014-07-28T17:26:51.343+0000: 1975.557: [GC [PSYoungGen: 155328K->384K(152640K)] 336144K->181240K(839616K), 0.0030790 secs] [Times: user=0.01 sys=0.00, real=0.00 secs] 
2014-07-28T17:26:51.853+0000: 1976.067: [GC [PSYoungGen: 152640K->480K(149952K)] 333496K->181384K(836928K), 0.0082770 secs] [Times: user=0.04 sys=0.00, real=0.01 secs] 
2014-07-28T17:26:52.346+0000: 1976.560: [GC [PSYoungGen: 149920K->448K(179776K)] 330824K->181448K(866752K), 0.0070530 secs] [Times: user=0.04 sys=0.00, real=0.01 secs] 
2014-07-28T17:26:52.950+0000: 1977.164: [GC [PSYoungGen: 179776K->256K(175936K)] 360776K->181288K(862912K), 0.0024730 secs] [Times: user=0.01 sys=0.00, real=0.00 secs] 
2014-07-28T17:26:53.520+0000: 1977.733: [GC [PSYoungGen: 175923K->160K(172352K)] 356955K->181208K(859328K), 0.0039830 secs] [Times: user=0.01 sys=0.00, real=0.01 secs] 
2014-07-28T17:26:54.075+0000: 1978.288: [GC [PSYoungGen: 172311K->448K(207040K)] 353359K->181520K(894016K), 0.0093330 secs] [Times: user=0.05 sys=0.00, real=0.01 secs] 
2014-07-28T17:26:54.728+0000: 1978.942: [GC [PSYoungGen: 207040K->256K(202304K)] 388112K->181368K(889280K), 0.0060310 secs] [Times: user=0.04 sys=0.00, real=0.01 secs] 
2014-07-28T17:26:55.370+0000: 1979.584: [GC [PSYoungGen: 202304K->224K(197888K)] 383416K->181368K(884864K), 0.0038000 secs] [Times: user=0.01 sys=0.00, real=0.00 secs] 
2014-07-28T17:26:56.034+0000: 1980.248: [GC [PSYoungGen: 197856K->384K(193728K)] 379000K->181560K(880704K), 0.0059200 secs] [Times: user=0.03 sys=0.00, real=0.00 secs] 
2014-07-28T17:26:56.680+0000: 1980.894: [GC [PSYoungGen: 193728K->416K(189696K)] 374904K->181688K(876672K), 0.0031620 secs] [Times: user=0.02 sys=0.01, real=0.00 secs] 
2014-07-28T17:26:57.322+0000: 1981.535: [GC [PSYoungGen: 189664K->352K(185664K)] 370936K->181704K(872640K), 0.0028540 secs] [Times: user=0.02 sys=0.00, real=0.00 secs] 
2014-07-28T17:26:57.976+0000: 1982.190: [GC [PSYoungGen: 185632K->288K(181760K)] 366984K->181696K(868736K), 0.0039690 secs] [Times: user=0.02 sys=0.01, real=0.00 secs] 
2014-07-28T17:26:58.577+0000: 1982.791: [GC [PSYoungGen: 181728K->384K(178112K)] 363136K->181864K(865088K), 0.0043790 secs] [Times: user=0.02 sys=0.00, real=0.01 secs] 
2014-07-28T17:26:59.159+0000: 1983.372: [GC [PSYoungGen: 178078K->288K(174464K)] 359558K->181784K(861440K), 0.0056330 secs] [Times: user=0.03 sys=0.00, real=0.01 secs] 
2014-07-28T17:26:59.723+0000: 1983.936: [GC [PSYoungGen: 174432K->416K(171136K)] 355928K->181992K(858112K), 0.0043220 secs] [Times: user=0.03 sys=0.00, real=0.00 secs] 
2014-07-28T17:27:00.360+0000: 1984.574: [GC [PSYoungGen: 171104K->352K(167680K)] 352680K->182000K(854656K), 0.0057760 secs] [Times: user=0.02 sys=0.00, real=0.01 secs] 
2014-07-28T17:27:00.917+0000: 1985.131: [GC [PSYoungGen: 167648K->288K(164352K)] 349296K->181976K(851328K), 0.0036870 secs] [Times: user=0.02 sys=0.01, real=0.00 secs] 
2014-07-28T17:27:01.446+0000: 1985.659: [GC [PSYoungGen: 164320K->416K(161344K)] 346008K->182200K(848320K), 0.0037970 secs] [Times: user=0.02 sys=0.00, real=0.00 secs] 
2014-07-28T17:27:01.980+0000: 1986.194: [GC [PSYoungGen: 161312K->352K(158208K)] 343096K->182168K(845184K), 0.0030570 secs] [Times: user=0.02 sys=0.00, real=0.01 secs] 
2014-07-28T17:27:02.482+0000: 1986.695: [GC [PSYoungGen: 158176K->370K(155264K)] 339992K->182250K(842240K), 0.0050170 secs] [Times: user=0.03 sys=0.00, real=0.00 secs] 
2014-07-28T17:27:02.993+0000: 1987.207: [GC [PSYoungGen: 155250K->352K(152384K)] 337130K->182272K(839360K), 0.0036420 secs] [Times: user=0.02 sys=0.00, real=0.00 secs] 
2014-07-28T17:27:03.465+0000: 1987.679: [GC [PSYoungGen: 152322K->288K(149504K)] 334243K->182272K(836480K), 0.0051080 secs] [Times: user=0.03 sys=0.00, real=0.00 secs] 
2014-07-28T17:27:03.965+0000: 1988.179: [GC [PSYoungGen: 149472K->352K(146880K)] 331456K->182384K(833856K), 0.0049540 secs] [Times: user=0.03 sys=0.00, real=0.00 secs] 
2014-07-28T17:27:04.472+0000: 1988.686: [GC [PSYoungGen: 146848K->384K(144256K)] 328880K->182512K(831232K), 0.0056720 secs] [Times: user=0.04 sys=0.00, real=0.00 secs] 
2014-07-28T17:27:04.944+0000: 1989.157: [GC [PSYoungGen: 144256K->210K(141568K)] 326384K->182370K(828544K), 0.0035320 secs] [Times: user=0.02 sys=0.00, real=0.00 secs] 
2014-07-28T17:27:05.417+0000: 1989.631: [GC [PSYoungGen: 141522K->288K(139136K)] 323682K->182504K(826112K), 0.0037600 secs] [Times: user=0.02 sys=0.01, real=0.00 secs] 
2014-07-28T17:27:05.859+0000: 1990.072: [GC [PSYoungGen: 139104K->256K(166848K)] 321320K->182512K(853824K), 0.0067020 secs] [Times: user=0.04 sys=0.00, real=0.01 secs] 
2014-07-28T17:27:06.398+0000: 1990.611: [GC [PSYoungGen: 166848K->288K(163648K)] 349104K->182592K(850624K), 0.0036690 secs] [Times: user=0.02 sys=0.01, real=0.00 secs] 
2014-07-28T17:27:06.938+0000: 1991.152: [GC [PSYoungGen: 163616K->320K(160512K)] 345920K->182680K(847488K), 0.0042690 secs] [Times: user=0.02 sys=0.00, real=0.01 secs] 
2014-07-28T17:27:07.465+0000: 1991.679: [GC [PSYoungGen: 160512K->288K(157504K)] 342872K->182672K(844480K), 0.0042730 secs] [Times: user=0.02 sys=0.01, real=0.00 secs] 
2014-07-28T17:27:08.007+0000: 1992.220: [GC [PSYoungGen: 157472K->384K(154624K)] 339856K->182784K(841600K), 0.0060050 secs] [Times: user=0.04 sys=0.00, real=0.01 secs] 
2014-07-28T17:27:08.519+0000: 1992.733: [GC [PSYoungGen: 154624K->224K(151616K)] 337024K->182656K(838592K), 0.0032050 secs] [Times: user=0.02 sys=0.01, real=0.01 secs] 
2014-07-28T17:27:09.012+0000: 1993.226: [GC [PSYoungGen: 151584K->160K(148800K)] 334016K->182608K(835776K), 0.0044580 secs] [Times: user=0.01 sys=0.01, real=0.01 secs] 
2014-07-28T17:27:09.509+0000: 1993.723: [GC [PSYoungGen: 148768K->320K(146240K)] 331216K->182824K(833216K), 0.0047440 secs] [Times: user=0.03 sys=0.00, real=0.01 secs] 
2014-07-28T17:27:09.982+0000: 1994.196: [GC [PSYoungGen: 146193K->256K(143552K)] 328697K->182800K(830528K), 0.0061830 secs] [Times: user=0.05 sys=0.00, real=0.01 secs] 
2014-07-28T17:27:10.447+0000: 1994.661: [GC [PSYoungGen: 143552K->288K(141056K)] 326096K->182888K(828032K), 0.0046440 secs] [Times: user=0.03 sys=0.01, real=0.00 secs] 
2014-07-28T17:27:10.907+0000: 1995.121: [GC [PSYoungGen: 141024K->192K(138496K)] 323624K->182808K(825472K), 0.0043790 secs] [Times: user=0.02 sys=0.01, real=0.00 secs] 
2014-07-28T17:27:11.444+0000: 1995.658: [GC [PSYoungGen: 138496K->384K(166400K)] 321112K->183032K(853376K), 0.0116840 secs] [Times: user=0.06 sys=0.02, real=0.01 secs] 
2014-07-28T17:27:12.070+0000: 1996.284: [GC [PSYoungGen: 166400K->160K(199424K)] 349048K->182824K(886400K), 0.0042220 secs] [Times: user=0.01 sys=0.01, real=0.01 secs] 
2014-07-28T17:27:12.701+0000: 1996.914: [GC [PSYoungGen: 199392K->288K(195264K)] 382056K->183016K(882240K), 0.0035090 secs] [Times: user=0.02 sys=0.00, real=0.01 secs] 
2014-07-28T17:27:13.304+0000: 1997.517: [GC [PSYoungGen: 195232K->288K(191104K)] 377960K->183080K(878080K), 0.0045680 secs] [Times: user=0.03 sys=0.00, real=0.00 secs] 
2014-07-28T17:27:13.912+0000: 1998.126: [GC [PSYoungGen: 191072K->256K(187008K)] 373864K->183096K(873984K), 0.0042280 secs] [Times: user=0.03 sys=0.00, real=0.01 secs] 
2014-07-28T17:27:14.497+0000: 1998.711: [GC [PSYoungGen: 187008K->416K(183296K)] 369848K->183336K(870272K), 0.0024530 secs] [Times: user=0.01 sys=0.01, real=0.00 secs] 
2014-07-28T17:27:15.040+0000: 1999.253: [GC [PSYoungGen: 183264K->256K(219712K)] 366184K->183216K(906688K), 0.0108730 secs] [Times: user=0.07 sys=0.00, real=0.01 secs] 
2014-07-28T17:27:15.719+0000: 1999.932: [GC [PSYoungGen: 219712K->256K(214720K)] 402672K->183256K(901696K), 0.0046050 secs] [Times: user=0.02 sys=0.01, real=0.01 secs] 
2014-07-28T17:27:16.388+0000: 2000.602: [GC [PSYoungGen: 214712K->256K(209856K)] 397712K->183320K(896832K), 0.0051830 secs] [Times: user=0.03 sys=0.00, real=0.01 secs] 
2014-07-28T17:27:17.084+0000: 2001.298: [GC [PSYoungGen: 209856K->224K(205184K)] 392920K->183304K(892160K), 0.0050780 secs] [Times: user=0.01 sys=0.01, real=0.01 secs] 
2014-07-28T17:27:18.001+0000: 2002.215: [GC [PSYoungGen: 205136K->352K(200832K)] 388216K->183488K(887808K), 0.0061570 secs] [Times: user=0.04 sys=0.01, real=0.01 secs] 
2014-07-28T17:27:18.956+0000: 2003.169: [GC [PSYoungGen: 200800K->384K(196480K)] 383936K->183576K(883456K), 0.0024730 secs] [Times: user=0.02 sys=0.01, real=0.00 secs] 
2014-07-28T17:27:19.956+0000: 2004.170: [GC [PSYoungGen: 196435K->192K(192064K)] 379627K->183456K(879040K), 0.0045150 secs] [Times: user=0.02 sys=0.01, real=0.00 secs] 
2014-07-28T17:27:20.674+0000: 2004.888: [GC [PSYoungGen: 192064K->384K(188224K)] 375328K->183720K(875200K), 0.0076690 secs] [Times: user=0.05 sys=0.00, real=0.00 secs] 
2014-07-28T17:27:21.284+0000: 2005.498: [GC [PSYoungGen: 188224K->256K(184192K)] 371560K->183640K(871168K), 0.0048100 secs] [Times: user=0.03 sys=0.00, real=0.00 secs] 
2014-07-28T17:27:21.924+0000: 2006.138: [GC [PSYoungGen: 184192K->288K(180480K)] 367576K->183720K(867456K), 0.0057260 secs] [Times: user=0.03 sys=0.00, real=0.00 secs] 
2014-07-28T17:27:22.536+0000: 2006.750: [GC [PSYoungGen: 180448K->224K(176768K)] 363880K->183696K(863744K), 0.0031510 secs] [Times: user=0.02 sys=0.00, real=0.00 secs] 
2014-07-28T17:27:23.140+0000: 2007.354: [GC [PSYoungGen: 176736K->448K(173376K)] 360208K->183944K(860352K), 0.0055770 secs] [Times: user=0.03 sys=0.01, real=0.01 secs] 
2014-07-28T17:27:23.740+0000: 2007.954: [GC [PSYoungGen: 173376K->256K(169728K)] 356872K->183906K(856704K), 0.0074580 secs] [Times: user=0.05 sys=0.00, real=0.01 secs] 
2014-07-28T17:27:24.299+0000: 2008.513: [GC [PSYoungGen: 169728K->512K(203904K)] 353378K->184194K(890880K), 0.0080950 secs] [Times: user=0.04 sys=0.00, real=0.01 secs] 
2014-07-28T17:27:24.954+0000: 2009.168: [GC [PSYoungGen: 203904K->256K(199168K)] 387586K->183978K(886144K), 0.0027300 secs] [Times: user=0.01 sys=0.01, real=0.01 secs] 
2014-07-28T17:27:25.768+0000: 2009.982: [GC [PSYoungGen: 199168K->544K(195200K)] 382890K->184346K(882176K), 0.0047590 secs] [Times: user=0.03 sys=0.01, real=0.00 secs] 
2014-07-28T17:27:26.653+0000: 2010.866: [GC [PSYoungGen: 195168K->256K(190720K)] 378970K->184090K(877696K), 0.0031400 secs] [Times: user=0.02 sys=0.00, real=0.01 secs] 
2014-07-28T17:27:27.409+0000: 2011.623: [GC [PSYoungGen: 190685K->480K(186944K)] 374519K->184346K(873920K), 0.0071790 secs] [Times: user=0.03 sys=0.00, real=0.01 secs] 
2014-07-28T17:27:28.018+0000: 2012.232: [GC [PSYoungGen: 186912K->320K(182848K)] 370778K->184250K(869824K), 0.0046250 secs] [Times: user=0.03 sys=0.01, real=0.00 secs] 
2014-07-28T17:27:28.615+0000: 2012.829: [GC [PSYoungGen: 182848K->320K(179072K)] 366778K->184314K(866048K), 0.0035020 secs] [Times: user=0.02 sys=0.00, real=0.00 secs] 
2014-07-28T17:27:29.184+0000: 2013.397: [GC [PSYoungGen: 179072K->288K(175424K)] 363066K->184306K(862400K), 0.0043550 secs] [Times: user=0.01 sys=0.00, real=0.01 secs] 
2014-07-28T17:27:29.743+0000: 2013.957: [GC [PSYoungGen: 175392K->224K(171840K)] 359410K->184274K(858816K), 0.0058020 secs] [Times: user=0.04 sys=0.00, real=0.01 secs] 
2014-07-28T17:27:30.295+0000: 2014.508: [GC [PSYoungGen: 171808K->224K(168448K)] 355858K->184314K(855424K), 0.0027950 secs] [Times: user=0.01 sys=0.00, real=0.01 secs] 
2014-07-28T17:27:30.851+0000: 2015.065: [GC [PSYoungGen: 168416K->256K(165184K)] 352506K->184394K(852160K), 0.0040100 secs] [Times: user=0.03 sys=0.00, real=0.00 secs] 
2014-07-28T17:27:31.376+0000: 2015.590: [GC [PSYoungGen: 165184K->192K(161920K)] 349322K->184354K(848896K), 0.0090910 secs] [Times: user=0.05 sys=0.01, real=0.00 secs] 
2014-07-28T17:27:31.897+0000: 2016.111: [GC [PSYoungGen: 161920K->448K(159104K)] 346082K->184658K(846080K), 0.0058190 secs] [Times: user=0.03 sys=0.00, real=0.00 secs] 
2014-07-28T17:27:32.495+0000: 2016.708: [GC [PSYoungGen: 159104K->384K(156032K)] 343314K->184690K(843008K), 0.0037480 secs] [Times: user=0.03 sys=0.00, real=0.01 secs] 
2014-07-28T17:27:33.280+0000: 2017.493: [GC [PSYoungGen: 156032K->544K(153344K)] 340338K->184858K(840320K), 0.0041020 secs] [Times: user=0.02 sys=0.00, real=0.00 secs] 
2014-07-28T17:27:33.993+0000: 2018.207: [GC [PSYoungGen: 153312K->320K(150272K)] 337626K->184690K(837248K), 0.0041820 secs] [Times: user=0.12 sys=0.06, real=0.17 secs] 
2014-07-28T17:27:34.598+0000: 2018.812: [GC [PSYoungGen: 150272K->288K(147520K)] 334642K->184698K(834496K), 0.0069980 secs] [Times: user=0.04 sys=0.00, real=0.00 secs] 
2014-07-28T17:27:35.075+0000: 2019.289: [GC [PSYoungGen: 147488K->274K(176960K)] 331898K->184708K(863936K), 0.0067530 secs] [Times: user=0.04 sys=0.01, real=0.01 secs] 
2014-07-28T17:27:35.656+0000: 2019.870: [GC [PSYoungGen: 176914K->256K(173312K)] 361348K->184738K(860288K), 0.0028180 secs] [Times: user=0.02 sys=0.00, real=0.00 secs] 
2014-07-28T17:27:36.207+0000: 2020.420: [GC [PSYoungGen: 173277K->384K(169984K)] 357759K->184890K(856960K), 0.0027530 secs] [Times: user=0.01 sys=0.01, real=0.00 secs] 
2014-07-28T17:27:36.735+0000: 2020.949: [GC [PSYoungGen: 169984K->320K(166592K)] 354490K->184882K(853568K), 0.0054970 secs] [Times: user=0.03 sys=0.00, real=0.01 secs] 
2014-07-28T17:27:37.270+0000: 2021.484: [GC [PSYoungGen: 166592K->224K(163328K)] 351154K->184834K(850304K), 0.0060980 secs] [Times: user=0.04 sys=0.01, real=0.00 secs] 
2014-07-28T17:27:37.790+0000: 2022.004: [GC [PSYoungGen: 163296K->352K(160320K)] 347906K->185018K(847296K), 0.0037480 secs] [Times: user=0.02 sys=0.01, real=0.00 secs] 
2014-07-28T17:27:38.289+0000: 2022.503: [GC [PSYoungGen: 160288K->352K(157312K)] 344954K->185082K(844288K), 0.0032700 secs] [Times: user=0.02 sys=0.01, real=0.00 secs] 
2014-07-28T17:27:38.790+0000: 2023.004: [GC [PSYoungGen: 157280K->224K(154240K)] 342010K->184978K(841216K), 0.0065410 secs] [Times: user=0.03 sys=0.00, real=0.00 secs] 
2014-07-28T17:27:39.309+0000: 2023.523: [GC [PSYoungGen: 154208K->256K(185088K)] 338962K->185066K(872064K), 0.0068780 secs] [Times: user=0.04 sys=0.00, real=0.00 secs] 
2014-07-28T17:27:40.109+0000: 2024.323: [GC [PSYoungGen: 185088K->256K(181248K)] 369898K->185082K(868224K), 0.0068980 secs] [Times: user=0.04 sys=0.00, real=0.00 secs] 
2014-07-28T17:27:40.947+0000: 2025.161: [GC [PSYoungGen: 181238K->448K(177728K)] 366064K->185354K(864704K), 0.0066130 secs] [Times: user=0.13 sys=0.06, real=0.15 secs] 
2014-07-28T17:27:41.738+0000: 2025.952: [GC [PSYoungGen: 177728K->352K(213120K)] 362634K->185298K(900096K), 0.0098530 secs] [Times: user=0.06 sys=0.00, real=0.01 secs] 
2014-07-28T17:27:42.500+0000: 2026.713: [GC [PSYoungGen: 213088K->288K(208256K)] 398034K->185274K(895232K), 0.0037480 secs] [Times: user=0.03 sys=0.00, real=0.00 secs] 
2014-07-28T17:27:43.157+0000: 2027.371: [GC [PSYoungGen: 208224K->512K(203840K)] 393210K->185562K(890816K), 0.0038030 secs] [Times: user=0.01 sys=0.00, real=0.00 secs] 
2014-07-28T17:27:43.832+0000: 2028.046: [GC [PSYoungGen: 203840K->256K(199104K)] 388890K->185354K(886080K), 0.0056060 secs] [Times: user=0.03 sys=0.00, real=0.01 secs] 
2014-07-28T17:27:44.479+0000: 2028.693: [GC [PSYoungGen: 199104K->320K(194880K)] 384202K->185466K(881856K), 0.0030360 secs] [Times: user=0.01 sys=0.00, real=0.00 secs] 
2014-07-28T17:27:45.094+0000: 2029.308: [GC [PSYoungGen: 194859K->466K(190912K)] 380005K->185644K(877888K), 0.0047860 secs] [Times: user=0.03 sys=0.01, real=0.01 secs] 
2014-07-28T17:27:45.698+0000: 2029.912: [GC [PSYoungGen: 190866K->256K(186624K)] 376044K->185482K(873600K), 0.0052860 secs] [Times: user=0.04 sys=0.00, real=0.00 secs] 
2014-07-28T17:27:46.363+0000: 2030.576: [GC [PSYoungGen: 186624K->256K(182720K)] 371850K->185514K(869696K), 0.0038360 secs] [Times: user=0.02 sys=0.00, real=0.00 secs] 
2014-07-28T17:27:47.115+0000: 2031.329: [GC [PSYoungGen: 182720K->256K(178944K)] 367978K->185546K(865920K), 0.0039750 secs] [Times: user=0.02 sys=0.00, real=0.01 secs] 
2014-07-28T17:27:47.883+0000: 2032.096: [GC [PSYoungGen: 178944K->416K(175488K)] 364234K->185754K(862464K), 0.0057900 secs] [Times: user=0.01 sys=0.01, real=0.01 secs] 
2014-07-28T17:27:48.471+0000: 2032.685: [GC [PSYoungGen: 175456K->448K(171968K)] 360794K->185826K(858944K), 0.0043750 secs] [Times: user=0.01 sys=0.00, real=0.00 secs] 
2014-07-28T17:27:49.037+0000: 2033.251: [GC [PSYoungGen: 171968K->320K(168448K)] 357346K->185738K(855424K), 0.0051380 secs] [Times: user=0.02 sys=0.00, real=0.01 secs] 
2014-07-28T17:27:49.560+0000: 2033.774: [GC [PSYoungGen: 168448K->256K(165120K)] 353866K->185738K(852096K), 0.0029000 secs] [Times: user=0.01 sys=0.00, real=0.00 secs] 
2014-07-28T17:27:50.109+0000: 2034.322: [GC [PSYoungGen: 165120K->288K(198208K)] 350602K->185810K(885184K), 0.0113600 secs] [Times: user=0.06 sys=0.00, real=0.02 secs] 
2014-07-28T17:27:50.737+0000: 2034.951: [GC [PSYoungGen: 198176K->288K(193920K)] 383698K->185866K(880896K), 0.0041960 secs] [Times: user=0.02 sys=0.00, real=0.01 secs] 
2014-07-28T17:27:51.353+0000: 2035.567: [GC [PSYoungGen: 193888K->530K(220480K)] 379466K->186156K(907456K), 0.0089200 secs] [Times: user=0.05 sys=0.01, real=0.01 secs] 
2014-07-28T17:27:52.061+0000: 2036.275: [GC [PSYoungGen: 220434K->256K(215104K)] 406060K->185922K(902080K), 0.0051740 secs] [Times: user=0.03 sys=0.01, real=0.00 secs] 
2014-07-28T17:27:52.742+0000: 2036.956: [GC [PSYoungGen: 215104K->242K(220032K)] 400770K->185924K(907008K), 0.0095610 secs] [Times: user=0.05 sys=0.01, real=0.01 secs] 
2014-07-28T17:27:53.670+0000: 2037.883: [GC [PSYoungGen: 219826K->512K(220160K)] 405508K->186258K(907136K), 0.0125990 secs] [Times: user=0.09 sys=0.01, real=0.01 secs] 
2014-07-28T17:27:54.672+0000: 2038.885: [GC [PSYoungGen: 220096K->352K(214976K)] 405842K->186138K(901952K), 0.0032280 secs] [Times: user=0.01 sys=0.00, real=0.00 secs] 
2014-07-28T17:27:55.475+0000: 2039.689: [GC [PSYoungGen: 214944K->256K(209984K)] 400730K->186106K(896960K), 0.0042420 secs] [Times: user=0.03 sys=0.01, real=0.01 secs] 
2014-07-28T17:27:56.189+0000: 2040.403: [GC [PSYoungGen: 209984K->352K(205440K)] 395834K->186266K(892416K), 0.0077190 secs] [Times: user=0.05 sys=0.00, real=0.00 secs] 
2014-07-28T17:27:56.862+0000: 2041.076: [GC [PSYoungGen: 205408K->320K(200896K)] 391322K->186274K(887872K), 0.0037550 secs] [Times: user=0.02 sys=0.01, real=0.00 secs] 
2014-07-28T17:27:57.525+0000: 2041.739: [GC [PSYoungGen: 200896K->352K(196608K)] 386850K->186394K(883584K), 0.0044810 secs] [Times: user=0.03 sys=0.00, real=0.00 secs] 
2014-07-28T17:27:58.187+0000: 2042.401: [GC [PSYoungGen: 196576K->288K(192320K)] 382618K->186362K(879296K), 0.0046930 secs] [Times: user=0.02 sys=0.01, real=0.01 secs] 
2014-07-28T17:27:58.884+0000: 2043.098: [GC [PSYoungGen: 192288K->256K(188160K)] 378362K->186378K(875136K), 0.0063970 secs] [Times: user=0.04 sys=0.00, real=0.01 secs] 
2014-07-28T17:27:59.604+0000: 2043.817: [GC [PSYoungGen: 188160K->320K(184320K)] 374282K->186498K(871296K), 0.0065360 secs] [Times: user=0.04 sys=0.00, real=0.01 secs] 
2014-07-28T17:28:00.453+0000: 2044.666: [GC [PSYoungGen: 184320K->256K(180480K)] 370498K->186458K(867456K), 0.0074950 secs] [Times: user=0.05 sys=0.00, real=0.01 secs] 
2014-07-28T17:28:01.293+0000: 2045.507: [GC [PSYoungGen: 180480K->288K(176896K)] 366682K->186530K(863872K), 0.0066540 secs] [Times: user=0.04 sys=0.00, real=0.00 secs] 
2014-07-28T17:28:02.147+0000: 2046.361: [GC [PSYoungGen: 176864K->448K(173440K)] 363106K->186754K(860416K), 0.0050770 secs] [Times: user=0.03 sys=0.00, real=0.01 secs] 
2014-07-28T17:28:02.743+0000: 2046.957: [GC [PSYoungGen: 173440K->352K(169920K)] 359746K->186706K(856896K), 0.0038240 secs] [Times: user=0.02 sys=0.00, real=0.00 secs] 
2014-07-28T17:28:03.402+0000: 2047.616: [GC [PSYoungGen: 169888K->256K(166464K)] 356242K->186738K(853440K), 0.0045240 secs] [Times: user=0.03 sys=0.00, real=0.00 secs] 
2014-07-28T17:28:03.952+0000: 2048.165: [GC [PSYoungGen: 166464K->288K(163328K)] 352946K->186818K(850304K), 0.0045590 secs] [Times: user=0.03 sys=0.00, real=0.00 secs] 
2014-07-28T17:28:04.473+0000: 2048.687: [GC [PSYoungGen: 163296K->288K(160192K)] 349826K->186858K(847168K), 0.0054610 secs] [Times: user=0.03 sys=0.01, real=0.00 secs] 
2014-07-28T17:28:05.002+0000: 2049.216: [GC [PSYoungGen: 160157K->480K(157376K)] 346727K->187098K(844352K), 0.0033540 secs] [Times: user=0.02 sys=0.00, real=0.00 secs] 
2014-07-28T17:28:05.540+0000: 2049.753: [GC [PSYoungGen: 157344K->160K(154112K)] 343962K->186810K(841088K), 0.0077370 secs] [Times: user=0.05 sys=0.01, real=0.01 secs] 
2014-07-28T17:28:06.068+0000: 2050.281: [GC [PSYoungGen: 154080K->288K(151424K)] 340730K->186970K(838400K), 0.0026790 secs] [Times: user=0.01 sys=0.01, real=0.00 secs] 
2014-07-28T17:28:06.551+0000: 2050.765: [GC [PSYoungGen: 151392K->256K(148608K)] 338074K->187010K(835584K), 0.0035800 secs] [Times: user=0.02 sys=0.00, real=0.00 secs] 
2014-07-28T17:28:07.236+0000: 2051.449: [GC [PSYoungGen: 148608K->288K(145984K)] 335362K->187066K(832960K), 0.0044890 secs] [Times: user=0.02 sys=0.01, real=0.00 secs] 
2014-07-28T17:28:07.999+0000: 2052.213: [GC [PSYoungGen: 145951K->416K(143488K)] 332730K->187258K(830464K), 0.0048890 secs] [Times: user=0.03 sys=0.00, real=0.01 secs] 
2014-07-28T17:28:08.633+0000: 2052.847: [GC [PSYoungGen: 143456K->288K(140864K)] 330298K->187186K(827840K), 0.0031510 secs] [Times: user=0.02 sys=0.00, real=0.00 secs] 
2014-07-28T17:28:09.103+0000: 2053.317: [GC [PSYoungGen: 140832K->256K(138368K)] 327730K->187178K(825344K), 0.0044340 secs] [Times: user=0.02 sys=0.00, real=0.00 secs] 
2014-07-28T17:28:09.546+0000: 2053.759: [GC [PSYoungGen: 138368K->256K(136000K)] 325290K->187218K(822976K), 0.0030360 secs] [Times: user=0.01 sys=0.00, real=0.00 secs] 
2014-07-28T17:28:10.008+0000: 2054.222: [GC [PSYoungGen: 136000K->320K(133760K)] 322962K->187314K(820736K), 0.0041490 secs] [Times: user=0.01 sys=0.00, real=0.01 secs] 
2014-07-28T17:28:10.445+0000: 2054.659: [GC [PSYoungGen: 133760K->352K(131584K)] 320754K->187410K(818560K), 0.0038350 secs] [Times: user=0.01 sys=0.00, real=0.00 secs] 
2014-07-28T17:28:10.880+0000: 2055.093: [GC [PSYoungGen: 131552K->384K(129408K)] 318610K->187490K(816384K), 0.0049000 secs] [Times: user=0.02 sys=0.00, real=0.01 secs] 
2014-07-28T17:28:11.291+0000: 2055.505: [GC [PSYoungGen: 129408K->192K(155072K)] 316514K->187338K(842048K), 0.0068530 secs] [Times: user=0.04 sys=0.00, real=0.01 secs] 
2014-07-28T17:28:11.781+0000: 2055.995: [GC [PSYoungGen: 155072K->352K(152384K)] 342218K->187538K(839360K), 0.0032860 secs] [Times: user=0.02 sys=0.00, real=0.01 secs] 
2014-07-28T17:28:12.259+0000: 2056.472: [GC [PSYoungGen: 152352K->352K(182784K)] 339538K->187626K(869760K), 0.0062820 secs] [Times: user=0.04 sys=0.00, real=0.01 secs] 
2014-07-28T17:28:12.841+0000: 2057.055: [GC [PSYoungGen: 182752K->256K(178880K)] 370026K->187578K(865856K), 0.0044080 secs] [Times: user=0.03 sys=0.00, real=0.01 secs] 
2014-07-28T17:28:13.402+0000: 2057.616: [GC [PSYoungGen: 178880K->224K(175232K)] 366202K->187586K(862208K), 0.0051630 secs] [Times: user=0.03 sys=0.00, real=0.00 secs] 
2014-07-28T17:28:14.213+0000: 2058.427: [GC [PSYoungGen: 175200K->416K(171904K)] 362562K->187810K(858880K), 0.0051040 secs] [Times: user=0.03 sys=0.01, real=0.00 secs] 
2014-07-28T17:28:14.970+0000: 2059.184: [GC [PSYoungGen: 171872K->448K(168512K)] 359266K->187858K(855488K), 0.0068770 secs] [Times: user=0.01 sys=0.01, real=0.01 secs] 
2014-07-28T17:28:15.564+0000: 2059.777: [GC [PSYoungGen: 168512K->192K(164992K)] 355922K->187714K(851968K), 0.0032540 secs] [Times: user=0.01 sys=0.00, real=0.00 secs] 
2014-07-28T17:28:16.089+0000: 2060.302: [GC [PSYoungGen: 164992K->288K(161920K)] 352514K->187858K(848896K), 0.0074720 secs] [Times: user=0.05 sys=0.00, real=0.01 secs] 
2014-07-28T17:28:16.633+0000: 2060.847: [GC [PSYoungGen: 161888K->288K(158848K)] 349458K->187914K(845824K), 0.0047950 secs] [Times: user=0.02 sys=0.01, real=0.01 secs] 
2014-07-28T17:28:17.132+0000: 2061.346: [GC [PSYoungGen: 158816K->320K(155840K)] 346442K->188002K(842816K), 0.0051510 secs] [Times: user=0.03 sys=0.00, real=0.01 secs] 
2014-07-28T17:28:17.624+0000: 2061.838: [GC [PSYoungGen: 155840K->320K(186944K)] 343522K->188058K(873920K), 0.0081580 secs] [Times: user=0.05 sys=0.00, real=0.00 secs] 
2014-07-28T17:28:18.222+0000: 2062.436: [GC [PSYoungGen: 186930K->384K(183104K)] 374668K->188154K(870080K), 0.0026740 secs] [Times: user=0.01 sys=0.00, real=0.01 secs] 
2014-07-28T17:28:18.787+0000: 2063.001: [GC [PSYoungGen: 183104K->384K(219648K)] 370874K->188234K(906624K), 0.0074100 secs] [Times: user=0.05 sys=0.01, real=0.01 secs] 
2014-07-28T17:28:19.497+0000: 2063.711: [GC [PSYoungGen: 219648K->288K(214592K)] 407498K->188186K(901568K), 0.0034970 secs] [Times: user=0.02 sys=0.00, real=0.00 secs] 
2014-07-28T17:28:20.200+0000: 2064.414: [GC [PSYoungGen: 214560K->384K(209856K)] 402458K->188378K(896832K), 0.0079350 secs] [Times: user=0.05 sys=0.00, real=0.01 secs] 
2014-07-28T17:28:21.157+0000: 2065.370: [GC [PSYoungGen: 209818K->352K(205184K)] 397813K->188402K(892160K), 0.0098150 secs] [Times: user=0.04 sys=0.01, real=0.01 secs] 
2014-07-28T17:28:22.007+0000: 2066.221: [GC [PSYoungGen: 205112K->288K(246080K)] 393162K->188386K(933056K), 0.0126580 secs] [Times: user=0.08 sys=0.01, real=0.01 secs] 
2014-07-28T17:28:22.825+0000: 2067.039: [GC [PSYoungGen: 246048K->192K(240000K)] 434146K->188322K(926976K), 0.0039430 secs] [Times: user=0.01 sys=0.00, real=0.00 secs] 
2014-07-28T17:28:23.583+0000: 2067.796: [GC [PSYoungGen: 239972K->192K(234240K)] 428102K->188362K(921216K), 0.0062500 secs] [Times: user=0.04 sys=0.01, real=0.01 secs] 
2014-07-28T17:28:24.310+0000: 2068.524: [GC [PSYoungGen: 234240K->352K(228864K)] 422410K->188546K(915840K), 0.0067240 secs] [Times: user=0.03 sys=0.00, real=0.01 secs] 
2014-07-28T17:28:25.014+0000: 2069.228: [GC [PSYoungGen: 228832K->320K(223488K)] 417026K->188570K(910464K), 0.0074370 secs] [Times: user=0.05 sys=0.00, real=0.00 secs] 
2014-07-28T17:28:25.723+0000: 2069.937: [GC [PSYoungGen: 223488K->288K(218368K)] 411738K->188594K(905344K), 0.0054520 secs] [Times: user=0.03 sys=0.00, real=0.01 secs] 
2014-07-28T17:28:26.405+0000: 2070.619: [GC [PSYoungGen: 218336K->256K(213312K)] 406642K->188602K(900288K), 0.0047670 secs] [Times: user=0.02 sys=0.00, real=0.00 secs] 
2014-07-28T17:28:27.156+0000: 2071.370: [GC [PSYoungGen: 213312K->224K(208512K)] 401658K->188586K(895488K), 0.0060260 secs] [Times: user=0.01 sys=0.01, real=0.00 secs] 
2014-07-28T17:28:28.082+0000: 2072.296: [GC [PSYoungGen: 208459K->288K(203968K)] 396821K->188698K(890944K), 0.0071550 secs] [Times: user=0.04 sys=0.01, real=0.01 secs] 
2014-07-28T17:28:28.863+0000: 2073.076: [GC [PSYoungGen: 203936K->256K(199424K)] 392346K->188706K(886400K), 0.0048820 secs] [Times: user=0.03 sys=0.00, real=0.01 secs] 
2014-07-28T17:28:29.478+0000: 2073.692: [GC [PSYoungGen: 199424K->352K(195264K)] 387874K->188866K(882240K), 0.0045700 secs] [Times: user=0.03 sys=0.01, real=0.00 secs] 
2014-07-28T17:28:30.087+0000: 2074.301: [GC [PSYoungGen: 195232K->416K(191168K)] 383746K->188986K(878144K), 0.0065100 secs] [Times: user=0.04 sys=0.00, real=0.00 secs] 
2014-07-28T17:28:30.688+0000: 2074.902: [GC [PSYoungGen: 191136K->224K(186944K)] 379706K->188826K(873920K), 0.0081140 secs] [Times: user=0.04 sys=0.01, real=0.01 secs] 
2014-07-28T17:28:31.356+0000: 2075.570: [GC [PSYoungGen: 186912K->320K(183104K)] 375514K->188962K(870080K), 0.0075930 secs] [Times: user=0.05 sys=0.01, real=0.00 secs] 
2014-07-28T17:28:31.984+0000: 2076.197: [GC [PSYoungGen: 183104K->256K(219648K)] 371746K->188938K(906624K), 0.0107050 secs] [Times: user=0.07 sys=0.01, real=0.01 secs] 
2014-07-28T17:28:32.781+0000: 2076.995: [GC [PSYoungGen: 219648K->320K(252608K)] 408330K->189050K(939584K), 0.0064680 secs] [Times: user=0.03 sys=0.01, real=0.01 secs] 
2014-07-28T17:28:33.631+0000: 2077.844: [GC [PSYoungGen: 252391K->498K(246400K)] 441121K->189244K(933376K), 0.0066140 secs] [Times: user=0.01 sys=0.00, real=0.01 secs] 
2014-07-28T17:28:34.737+0000: 2078.951: [GC [PSYoungGen: 246386K->288K(240256K)] 435132K->189090K(927232K), 0.0059540 secs] [Times: user=0.03 sys=0.00, real=0.00 secs] 
2014-07-28T17:28:35.682+0000: 2079.896: [GC [PSYoungGen: 240224K->256K(234432K)] 429026K->189178K(921408K), 0.0043740 secs] [Times: user=0.02 sys=0.00, real=0.01 secs] 
2014-07-28T17:28:36.516+0000: 2080.730: [GC [PSYoungGen: 234432K->384K(228992K)] 423354K->189354K(915968K), 0.0053000 secs] [Times: user=0.03 sys=0.00, real=0.00 secs] 
2014-07-28T17:28:37.321+0000: 2081.534: [GC [PSYoungGen: 228992K->288K(223616K)] 417962K->189306K(910592K), 0.0028610 secs] [Times: user=0.01 sys=0.00, real=0.00 secs] 
2014-07-28T17:28:38.074+0000: 2082.287: [GC [PSYoungGen: 223584K->384K(218560K)] 412602K->189482K(905536K), 0.0051830 secs] [Times: user=0.04 sys=0.00, real=0.01 secs] 
2014-07-28T17:28:38.815+0000: 2083.028: [GC [PSYoungGen: 218539K->256K(213440K)] 407637K->189418K(900416K), 0.0031300 secs] [Times: user=0.01 sys=0.00, real=0.01 secs] 
2014-07-28T17:28:39.546+0000: 2083.760: [GC [PSYoungGen: 213440K->192K(208576K)] 402602K->189394K(895552K), 0.0030240 secs] [Times: user=0.02 sys=0.00, real=0.01 secs] 
2014-07-28T17:28:40.233+0000: 2084.446: [GC [PSYoungGen: 208576K->288K(204096K)] 397778K->189522K(891072K), 0.0087020 secs] [Times: user=0.05 sys=0.01, real=0.01 secs] 
2014-07-28T17:28:41.169+0000: 2085.383: [GC [PSYoungGen: 204064K->512K(199808K)] 393298K->189810K(886784K), 0.0075370 secs] [Times: user=0.04 sys=0.01, real=0.01 secs] 
2014-07-28T17:28:42.035+0000: 2086.248: [GC [PSYoungGen: 199808K->256K(195264K)] 389106K->189594K(882240K), 0.0052110 secs] [Times: user=0.03 sys=0.01, real=0.01 secs] 
2014-07-28T17:28:42.684+0000: 2086.898: [GC [PSYoungGen: 195264K->224K(191104K)] 384602K->189602K(878080K), 0.0063940 secs] [Times: user=0.03 sys=0.00, real=0.01 secs] 
2014-07-28T17:28:43.301+0000: 2087.514: [GC [PSYoungGen: 191072K->288K(187136K)] 380450K->189714K(874112K), 0.0041080 secs] [Times: user=0.02 sys=0.00, real=0.00 secs] 
2014-07-28T17:28:43.891+0000: 2088.105: [GC [PSYoungGen: 187104K->352K(183296K)] 376530K->189834K(870272K), 0.0074800 secs] [Times: user=0.05 sys=0.00, real=0.01 secs] 
2014-07-28T17:28:44.477+0000: 2088.691: [GC [PSYoungGen: 183264K->256K(179392K)] 372746K->189794K(866368K), 0.0028310 secs] [Times: user=0.01 sys=0.01, real=0.00 secs] 
2014-07-28T17:28:45.058+0000: 2089.271: [GC [PSYoungGen: 179392K->320K(175808K)] 368930K->189906K(862784K), 0.0044100 secs] [Times: user=0.02 sys=0.00, real=0.00 secs] 
2014-07-28T17:28:45.613+0000: 2089.827: [GC [PSYoungGen: 175808K->384K(172352K)] 365394K->190058K(859328K), 0.0040830 secs] [Times: user=0.03 sys=0.00, real=0.01 secs] 
2014-07-28T17:28:46.166+0000: 2090.380: [GC [PSYoungGen: 172352K->192K(168768K)] 362026K->189882K(855744K), 0.0062520 secs] [Times: user=0.02 sys=0.00, real=0.01 secs] 
2014-07-28T17:28:46.702+0000: 2090.916: [GC [PSYoungGen: 168768K->352K(165632K)] 358458K->190090K(852608K), 0.0036990 secs] [Times: user=0.02 sys=0.00, real=0.00 secs] 
2014-07-28T17:28:47.438+0000: 2091.652: [GC [PSYoungGen: 165600K->384K(162432K)] 355338K->190154K(849408K), 0.0067020 secs] [Times: user=0.03 sys=0.00, real=0.00 secs] 
2014-07-28T17:28:48.229+0000: 2092.443: [GC [PSYoungGen: 162432K->320K(159296K)] 352202K->190154K(846272K), 0.0059450 secs] [Times: user=0.04 sys=0.00, real=0.00 secs] 
2014-07-28T17:28:48.903+0000: 2093.117: [GC [PSYoungGen: 159296K->288K(156288K)] 349130K->190162K(843264K), 0.0039820 secs] [Times: user=0.02 sys=0.00, real=0.00 secs] 
2014-07-28T17:28:49.417+0000: 2093.631: [GC [PSYoungGen: 156256K->256K(153344K)] 346130K->190186K(840320K), 0.0059810 secs] [Times: user=0.04 sys=0.01, real=0.01 secs] 
2014-07-28T17:28:49.905+0000: 2094.119: [GC [PSYoungGen: 153344K->352K(150656K)] 343274K->190338K(837632K), 0.0040510 secs] [Times: user=0.03 sys=0.01, real=0.01 secs] 
2014-07-28T17:28:50.391+0000: 2094.604: [GC [PSYoungGen: 150624K->416K(147968K)] 340610K->190490K(834944K), 0.0045220 secs] [Times: user=0.03 sys=0.00, real=0.00 secs] 
2014-07-28T17:28:50.871+0000: 2095.085: [GC [PSYoungGen: 147936K->320K(145216K)] 338010K->190442K(832192K), 0.0032780 secs] [Times: user=0.02 sys=0.00, real=0.00 secs] 
2014-07-28T17:28:51.343+0000: 2095.556: [GC [PSYoungGen: 145216K->320K(142656K)] 335338K->190514K(829632K), 0.0047240 secs] [Times: user=0.02 sys=0.00, real=0.00 secs] 
2014-07-28T17:28:51.822+0000: 2096.036: [GC [PSYoungGen: 142639K->352K(140224K)] 332833K->190594K(827200K), 0.0058310 secs] [Times: user=0.04 sys=0.01, real=0.01 secs] 
2014-07-28T17:28:52.273+0000: 2096.487: [GC [PSYoungGen: 140192K->256K(137664K)] 330434K->190546K(824640K), 0.0041120 secs] [Times: user=0.03 sys=0.00, real=0.00 secs] 
2014-07-28T17:28:52.712+0000: 2096.925: [GC [PSYoungGen: 137664K->352K(135424K)] 327954K->190706K(822400K), 0.0034280 secs] [Times: user=0.02 sys=0.00, real=0.00 secs] 
2014-07-28T17:28:53.139+0000: 2097.353: [GC [PSYoungGen: 135392K->288K(133056K)] 325746K->190682K(820032K), 0.0028670 secs] [Times: user=0.01 sys=0.01, real=0.00 secs] 
2014-07-28T17:28:53.567+0000: 2097.781: [GC [PSYoungGen: 133024K->256K(130752K)] 323418K->190706K(817728K), 0.0050720 secs] [Times: user=0.03 sys=0.01, real=0.01 secs] 
2014-07-28T17:28:54.060+0000: 2098.274: [GC [PSYoungGen: 130752K->384K(128704K)] 321202K->190866K(815680K), 0.0061300 secs] [Times: user=0.04 sys=0.00, real=0.00 secs] 
2014-07-28T17:28:54.630+0000: 2098.844: [GC [PSYoungGen: 128704K->480K(126720K)] 319186K->191042K(813696K), 0.0032760 secs] [Times: user=0.02 sys=0.00, real=0.00 secs] 
2014-07-28T17:28:55.184+0000: 2099.398: [GC [PSYoungGen: 126688K->192K(124352K)] 317250K->190850K(811328K), 0.0047850 secs] [Times: user=0.03 sys=0.01, real=0.01 secs] 
2014-07-28T17:28:55.644+0000: 2099.858: [GC [PSYoungGen: 124352K->288K(122496K)] 315010K->191002K(809472K), 0.0036840 secs] [Times: user=0.02 sys=0.01, real=0.00 secs] 
2014-07-28T17:28:56.037+0000: 2100.251: [GC [PSYoungGen: 122464K->338K(120640K)] 313178K->191084K(807616K), 0.0041250 secs] [Times: user=0.02 sys=0.01, real=0.01 secs] 
2014-07-28T17:28:56.424+0000: 2100.637: [GC [PSYoungGen: 120594K->256K(118656K)] 311340K->191050K(805632K), 0.0045210 secs] [Times: user=0.02 sys=0.01, real=0.00 secs] 
2014-07-28T17:28:56.812+0000: 2101.026: [GC [PSYoungGen: 118656K->320K(142400K)] 309450K->191162K(829376K), 0.0080580 secs] [Times: user=0.05 sys=0.01, real=0.01 secs] 
2014-07-28T17:28:57.317+0000: 2101.531: [GC [PSYoungGen: 142386K->256K(170752K)] 333228K->191138K(857728K), 0.0024620 secs] [Times: user=0.01 sys=0.01, real=0.01 secs] 
2014-07-28T17:28:57.867+0000: 2102.081: [GC [PSYoungGen: 170752K->288K(204928K)] 361634K->191218K(891904K), 0.0064120 secs] [Times: user=0.03 sys=0.01, real=0.01 secs] 
2014-07-28T17:28:58.523+0000: 2102.737: [GC [PSYoungGen: 204896K->352K(200512K)] 395826K->191330K(887488K), 0.0036990 secs] [Times: user=0.01 sys=0.00, real=0.00 secs] 
2014-07-28T17:28:59.178+0000: 2103.392: [GC [PSYoungGen: 200480K->224K(196032K)] 391458K->191226K(883008K), 0.0060970 secs] [Times: user=0.03 sys=0.01, real=0.01 secs] 
2014-07-28T17:28:59.806+0000: 2104.020: [GC [PSYoungGen: 196000K->480K(192064K)] 387002K->191554K(879040K), 0.0025250 secs] [Times: user=0.01 sys=0.00, real=0.00 secs] 
2014-07-28T17:29:00.411+0000: 2104.625: [GC [PSYoungGen: 192032K->192K(187712K)] 383106K->191290K(874688K), 0.0034600 secs] [Times: user=0.01 sys=0.00, real=0.00 secs] 
2014-07-28T17:29:01.215+0000: 2105.429: [GC [PSYoungGen: 187712K->448K(184064K)] 378810K->191570K(871040K), 0.0093640 secs] [Times: user=0.05 sys=0.01, real=0.01 secs] 
2014-07-28T17:29:01.962+0000: 2106.176: [GC [PSYoungGen: 184064K->448K(180288K)] 375186K->191682K(867264K), 0.0068720 secs] [Times: user=0.15 sys=0.09, real=0.21 secs] 
2014-07-28T17:29:02.821+0000: 2107.035: [GC [PSYoungGen: 180288K->192K(176384K)] 371522K->191450K(863360K), 0.0037310 secs] [Times: user=0.01 sys=0.00, real=0.00 secs] 
2014-07-28T17:29:03.404+0000: 2107.618: [GC [PSYoungGen: 176384K->352K(173056K)] 367642K->191666K(860032K), 0.0078590 secs] [Times: user=0.05 sys=0.00, real=0.01 secs] 
2014-07-28T17:29:03.968+0000: 2108.181: [GC [PSYoungGen: 173024K->320K(169536K)] 364338K->191666K(856512K), 0.0050620 secs] [Times: user=0.02 sys=0.01, real=0.01 secs] 
2014-07-28T17:29:04.542+0000: 2108.756: [GC [PSYoungGen: 169536K->192K(166080K)] 360882K->191570K(853056K), 0.0059910 secs] [Times: user=0.03 sys=0.00, real=0.00 secs] 
2014-07-28T17:29:05.063+0000: 2109.276: [GC [PSYoungGen: 166080K->192K(162880K)] 357458K->191586K(849856K), 0.0046690 secs] [Times: user=0.01 sys=0.00, real=0.00 secs] 
2014-07-28T17:29:05.595+0000: 2109.808: [GC [PSYoungGen: 162880K->480K(160064K)] 354274K->191946K(847040K), 0.0036570 secs] [Times: user=0.02 sys=0.00, real=0.00 secs] 
2014-07-28T17:29:06.103+0000: 2110.317: [GC [PSYoungGen: 160032K->224K(156800K)] 351498K->191722K(843776K), 0.0047000 secs] [Times: user=0.03 sys=0.00, real=0.00 secs] 
2014-07-28T17:29:06.600+0000: 2110.814: [GC [PSYoungGen: 156768K->320K(153920K)] 348266K->191882K(840896K), 0.0045720 secs] [Times: user=0.03 sys=0.00, real=0.00 secs] 
2014-07-28T17:29:07.088+0000: 2111.302: [GC [PSYoungGen: 153920K->256K(151040K)] 345482K->191850K(838016K), 0.0034430 secs] [Times: user=0.02 sys=0.00, real=0.01 secs] 
2014-07-28T17:29:07.717+0000: 2111.931: [GC [PSYoungGen: 151040K->402K(181440K)] 342634K->192036K(868416K), 0.0149680 secs] [Times: user=0.06 sys=0.00, real=0.02 secs] 
2014-07-28T17:29:08.552+0000: 2112.766: [GC [PSYoungGen: 181394K->256K(217472K)] 373028K->191906K(904448K), 0.0045800 secs] [Times: user=0.01 sys=0.00, real=0.00 secs] 
2014-07-28T17:29:09.395+0000: 2113.609: [GC [PSYoungGen: 217452K->384K(252608K)] 409103K->192066K(939584K), 0.0087190 secs] [Times: user=0.04 sys=0.01, real=0.01 secs] 
2014-07-28T17:29:10.224+0000: 2114.438: [GC [PSYoungGen: 252480K->288K(246208K)] 444162K->192026K(933184K), 0.0028310 secs] [Times: user=0.02 sys=0.00, real=0.00 secs] 
2014-07-28T17:29:11.009+0000: 2115.223: [GC [PSYoungGen: 246176K->320K(240256K)] 437914K->192146K(927232K), 0.0029120 secs] [Times: user=0.02 sys=0.00, real=0.01 secs] 
2014-07-28T17:29:11.766+0000: 2115.980: [GC [PSYoungGen: 240256K->256K(234432K)] 432082K->192138K(921408K), 0.0033920 secs] [Times: user=0.02 sys=0.00, real=0.00 secs] 
2014-07-28T17:29:12.600+0000: 2116.814: [GC [PSYoungGen: 234432K->256K(228864K)] 426314K->192186K(915840K), 0.0044040 secs] [Times: user=0.03 sys=0.00, real=0.01 secs] 
2014-07-28T17:29:13.411+0000: 2117.625: [GC [PSYoungGen: 228864K->320K(223616K)] 420794K->192290K(910592K), 0.0072890 secs] [Times: user=0.05 sys=0.00, real=0.01 secs] 
2014-07-28T17:29:14.188+0000: 2118.402: [GC [PSYoungGen: 223616K->498K(218688K)] 415586K->192508K(905664K), 0.0051270 secs] [Times: user=0.04 sys=0.02, real=0.02 secs] 
2014-07-28T17:29:15.116+0000: 2119.330: [GC [PSYoungGen: 218674K->416K(213632K)] 410684K->192458K(900608K), 0.0102760 secs] [Times: user=0.06 sys=0.00, real=0.01 secs] 
2014-07-28T17:29:16.022+0000: 2120.235: [GC [PSYoungGen: 213600K->228K(208640K)] 405642K->192398K(895616K), 0.0096400 secs] [Times: user=0.06 sys=0.01, real=0.01 secs] 
2014-07-28T17:29:16.756+0000: 2120.969: [GC [PSYoungGen: 208612K->470K(204288K)] 400782K->192680K(891264K), 0.0073240 secs] [Times: user=0.05 sys=0.00, real=0.01 secs] 
2014-07-28T17:29:17.455+0000: 2121.669: [GC [PSYoungGen: 204246K->288K(199616K)] 396456K->192704K(886592K), 0.0059020 secs] [Times: user=0.04 sys=0.00, real=0.00 secs] 
2014-07-28T17:29:18.147+0000: 2122.361: [GC [PSYoungGen: 199584K->320K(195328K)] 392000K->192784K(882304K), 0.0076490 secs] [Times: user=0.04 sys=0.00, real=0.01 secs] 
2014-07-28T17:29:18.769+0000: 2122.983: [GC [PSYoungGen: 195328K->480K(191360K)] 387792K->193016K(878336K), 0.0043260 secs] [Times: user=0.02 sys=0.00, real=0.01 secs] 
2014-07-28T17:29:19.364+0000: 2123.578: [GC [PSYoungGen: 191328K->320K(187136K)] 383864K->192912K(874112K), 0.0046240 secs] [Times: user=0.03 sys=0.00, real=0.00 secs] 
2014-07-28T17:29:19.947+0000: 2124.161: [GC [PSYoungGen: 187136K->288K(183232K)] 379728K->192936K(870208K), 0.0033820 secs] [Times: user=0.02 sys=0.00, real=0.00 secs] 
2014-07-28T17:29:20.521+0000: 2124.735: [GC [PSYoungGen: 183167K->256K(179392K)] 375815K->192952K(866368K), 0.0065550 secs] [Times: user=0.04 sys=0.01, real=0.01 secs] 
2014-07-28T17:29:21.090+0000: 2125.304: [GC [PSYoungGen: 179392K->192K(175680K)] 372088K->192920K(862656K), 0.0044540 secs] [Times: user=0.03 sys=0.01, real=0.01 secs] 
2014-07-28T17:29:21.771+0000: 2125.985: [GC [PSYoungGen: 175680K->384K(172352K)] 368408K->193176K(859328K), 0.0053320 secs] [Times: user=0.03 sys=0.01, real=0.01 secs] 
2014-07-28T17:29:22.472+0000: 2126.686: [GC [PSYoungGen: 172352K->352K(168960K)] 365144K->193200K(855936K), 0.0052670 secs] [Times: user=0.03 sys=0.01, real=0.01 secs] 
2014-07-28T17:29:23.037+0000: 2127.250: [GC [PSYoungGen: 168927K->320K(165568K)] 361775K->193240K(852544K), 0.0051670 secs] [Times: user=0.03 sys=0.00, real=0.00 secs] 
2014-07-28T17:29:23.568+0000: 2127.781: [GC [PSYoungGen: 165568K->416K(162496K)] 358488K->193424K(849472K), 0.0041340 secs] [Times: user=0.02 sys=0.01, real=0.00 secs] 
2014-07-28T17:29:24.091+0000: 2128.305: [GC [PSYoungGen: 162464K->288K(159296K)] 355472K->193336K(846272K), 0.0052480 secs] [Times: user=0.03 sys=0.01, real=0.01 secs] 
2014-07-28T17:29:24.624+0000: 2128.838: [GC [PSYoungGen: 159264K->320K(156288K)] 352312K->193424K(843264K), 0.0056880 secs] [Times: user=0.04 sys=0.00, real=0.00 secs] 
2014-07-28T17:29:25.127+0000: 2129.341: [GC [PSYoungGen: 156288K->288K(153408K)] 349392K->193440K(840384K), 0.0049890 secs] [Times: user=0.03 sys=0.00, real=0.00 secs] 
2014-07-28T17:29:25.605+0000: 2129.819: [GC [PSYoungGen: 153376K->320K(184064K)] 346528K->193504K(871040K), 0.0073790 secs] [Times: user=0.04 sys=0.00, real=0.00 secs] 
2014-07-28T17:29:26.185+0000: 2130.399: [GC [PSYoungGen: 184064K->402K(220992K)] 377248K->193626K(907968K), 0.0053140 secs] [Times: user=0.02 sys=0.00, real=0.00 secs] 
2014-07-28T17:29:26.896+0000: 2131.110: [GC [PSYoungGen: 220946K->224K(215744K)] 414170K->193488K(902720K), 0.0057720 secs] [Times: user=0.03 sys=0.01, real=0.00 secs] 
2014-07-28T17:29:27.591+0000: 2131.805: [GC [PSYoungGen: 215694K->288K(210944K)] 408958K->193624K(897920K), 0.0041490 secs] [Times: user=0.02 sys=0.00, real=0.01 secs] 
2014-07-28T17:29:28.408+0000: 2132.622: [GC [PSYoungGen: 210912K->512K(206400K)] 404248K->193872K(893376K), 0.0035770 secs] [Times: user=0.47 sys=0.45, real=0.92 secs] 
2014-07-28T17:29:29.901+0000: 2134.115: [GC [PSYoungGen: 206400K->288K(201664K)] 399760K->193704K(888640K), 0.0051940 secs] [Times: user=0.02 sys=0.01, real=0.01 secs] 
2014-07-28T17:29:30.544+0000: 2134.757: [GC [PSYoungGen: 201632K->256K(197248K)] 395048K->193728K(884224K), 0.0046910 secs] [Times: user=0.03 sys=0.01, real=0.01 secs] 
2014-07-28T17:29:31.215+0000: 2135.429: [GC [PSYoungGen: 197248K->224K(193024K)] 390720K->193728K(880000K), 0.0055790 secs] [Times: user=0.03 sys=0.01, real=0.00 secs] 
2014-07-28T17:29:31.835+0000: 2136.048: [GC [PSYoungGen: 192992K->224K(188928K)] 386496K->193744K(875904K), 0.0048470 secs] [Times: user=0.03 sys=0.00, real=0.00 secs] 
2014-07-28T17:29:32.449+0000: 2136.663: [GC [PSYoungGen: 188896K->224K(226688K)] 382416K->193784K(913664K), 0.0118410 secs] [Times: user=0.07 sys=0.01, real=0.01 secs] 
2014-07-28T17:29:33.203+0000: 2137.417: [GC [PSYoungGen: 226656K->288K(221504K)] 420216K->193904K(908480K), 0.0039140 secs] [Times: user=0.02 sys=0.00, real=0.01 secs] 
2014-07-28T17:29:33.918+0000: 2138.132: [GC [PSYoungGen: 221472K->288K(216448K)] 415088K->193944K(903424K), 0.0054250 secs] [Times: user=0.04 sys=0.00, real=0.00 secs] 
2014-07-28T17:29:34.799+0000: 2139.013: [GC [PSYoungGen: 216416K->448K(211648K)] 410072K->194160K(898624K), 0.0059490 secs] [Times: user=0.01 sys=0.00, real=0.01 secs] 
2014-07-28T17:29:35.833+0000: 2140.046: [GC [PSYoungGen: 211648K->352K(206848K)] 405360K->194112K(893824K), 0.0063130 secs] [Times: user=0.04 sys=0.00, real=0.01 secs] 
2014-07-28T17:29:36.569+0000: 2140.783: [GC [PSYoungGen: 206816K->224K(202176K)] 400576K->194032K(889152K), 0.0046160 secs] [Times: user=0.03 sys=0.00, real=0.00 secs] 
2014-07-28T17:29:37.221+0000: 2141.435: [GC [PSYoungGen: 202144K->224K(197760K)] 395952K->194056K(884736K), 0.0034940 secs] [Times: user=0.01 sys=0.01, real=0.00 secs] 
2014-07-28T17:29:37.872+0000: 2142.086: [GC [PSYoungGen: 197728K->548K(193856K)] 391560K->194396K(880832K), 0.0087150 secs] [Times: user=0.05 sys=0.00, real=0.01 secs] 
2014-07-28T17:29:38.501+0000: 2142.715: [GC [PSYoungGen: 193828K->352K(189568K)] 387676K->194248K(876544K), 0.0094360 secs] [Times: user=0.05 sys=0.00, real=0.01 secs] 
2014-07-28T17:29:39.116+0000: 2143.330: [GC [PSYoungGen: 189536K->320K(185536K)] 383432K->194256K(872512K), 0.0037910 secs] [Times: user=0.03 sys=0.00, real=0.00 secs] 
2014-07-28T17:29:39.723+0000: 2143.937: [GC [PSYoungGen: 185536K->288K(222592K)] 379472K->194248K(909568K), 0.0087860 secs] [Times: user=0.05 sys=0.01, real=0.01 secs] 
2014-07-28T17:29:40.469+0000: 2144.683: [GC [PSYoungGen: 222560K->416K(217600K)] 416520K->194456K(904576K), 0.0045900 secs] [Times: user=0.02 sys=0.01, real=0.00 secs] 
2014-07-28T17:29:41.322+0000: 2145.536: [GC [PSYoungGen: 217568K->320K(212544K)] 411608K->194416K(899520K), 0.0032910 secs] [Times: user=0.02 sys=0.00, real=0.01 secs] 
2014-07-28T17:29:42.258+0000: 2146.471: [GC [PSYoungGen: 212544K->352K(207872K)] 406640K->194464K(894848K), 0.0053430 secs] [Times: user=0.03 sys=0.00, real=0.00 secs] 
2014-07-28T17:29:43.036+0000: 2147.249: [GC [PSYoungGen: 207840K->416K(203328K)] 401952K->194616K(890304K), 0.0036330 secs] [Times: user=0.03 sys=0.00, real=0.01 secs] 
2014-07-28T17:29:43.698+0000: 2147.911: [GC [PSYoungGen: 203296K->384K(198848K)] 397496K->194648K(885824K), 0.0039500 secs] [Times: user=0.02 sys=0.00, real=0.00 secs] 
2014-07-28T17:29:44.354+0000: 2148.568: [GC [PSYoungGen: 198848K->256K(194432K)] 393112K->194568K(881408K), 0.0038560 secs] [Times: user=0.02 sys=0.01, real=0.01 secs] 
2014-07-28T17:29:44.986+0000: 2149.199: [GC [PSYoungGen: 194432K->256K(190272K)] 388744K->194616K(877248K), 0.0050700 secs] [Times: user=0.03 sys=0.00, real=0.01 secs] 
2014-07-28T17:29:45.624+0000: 2149.837: [GC [PSYoungGen: 190272K->192K(186240K)] 384632K->194568K(873216K), 0.0041610 secs] [Times: user=0.01 sys=0.00, real=0.01 secs] 
2014-07-28T17:29:46.233+0000: 2150.447: [GC [PSYoungGen: 186240K->288K(182528K)] 380616K->194712K(869504K), 0.0055130 secs] [Times: user=0.02 sys=0.01, real=0.01 secs] 
2014-07-28T17:29:46.838+0000: 2151.052: [GC [PSYoungGen: 182496K->320K(178816K)] 376920K->194784K(865792K), 0.0037050 secs] [Times: user=0.02 sys=0.00, real=0.00 secs] 
2014-07-28T17:29:47.444+0000: 2151.658: [GC [PSYoungGen: 178816K->192K(175040K)] 373280K->194688K(862016K), 0.0086010 secs] [Times: user=0.05 sys=0.01, real=0.01 secs] 
2014-07-28T17:29:48.175+0000: 2152.388: [GC [PSYoungGen: 175040K->256K(171584K)] 369536K->194768K(858560K), 0.0076560 secs] [Times: user=0.02 sys=0.00, real=0.01 secs] 
2014-07-28T17:29:48.929+0000: 2153.143: [GC [PSYoungGen: 171584K->498K(206144K)] 366096K->195034K(893120K), 0.0127670 secs] [Times: user=0.07 sys=0.01, real=0.01 secs] 
2014-07-28T17:29:49.780+0000: 2153.994: [GC [PSYoungGen: 206130K->224K(201344K)] 400666K->194800K(888320K), 0.0031500 secs] [Times: user=0.01 sys=0.00, real=0.00 secs] 
2014-07-28T17:29:50.468+0000: 2154.682: [GC [PSYoungGen: 201312K->256K(196992K)] 395888K->194880K(883968K), 0.0034060 secs] [Times: user=0.02 sys=0.01, real=0.00 secs] 
2014-07-28T17:29:51.194+0000: 2155.408: [GC [PSYoungGen: 196992K->288K(192832K)] 391616K->194984K(879808K), 0.0049180 secs] [Times: user=0.03 sys=0.00, real=0.01 secs] 
2014-07-28T17:29:51.940+0000: 2156.153: [GC [PSYoungGen: 192800K->160K(188608K)] 387496K->194880K(875584K), 0.0032990 secs] [Times: user=0.01 sys=0.00, real=0.00 secs] 
2014-07-28T17:29:52.616+0000: 2156.830: [GC [PSYoungGen: 188576K->256K(184704K)] 383296K->194992K(871680K), 0.0114390 secs] [Times: user=0.05 sys=0.02, real=0.02 secs] 
2014-07-28T17:29:53.261+0000: 2157.474: [GC [PSYoungGen: 184704K->320K(180928K)] 379440K->195104K(867904K), 0.0074420 secs] [Times: user=0.05 sys=0.00, real=0.01 secs] 
2014-07-28T17:29:53.868+0000: 2158.082: [GC [PSYoungGen: 180928K->288K(177216K)] 375712K->195096K(864192K), 0.0037280 secs] [Times: user=0.01 sys=0.01, real=0.00 secs] 
2014-07-28T17:29:54.463+0000: 2158.677: [GC [PSYoungGen: 177184K->288K(173632K)] 371992K->195136K(860608K), 0.0076730 secs] [Times: user=0.04 sys=0.00, real=0.01 secs] 
2014-07-28T17:29:55.170+0000: 2159.384: [GC [PSYoungGen: 173574K->256K(208256K)] 368422K->195128K(895232K), 0.0106440 secs] [Times: user=0.06 sys=0.01, real=0.01 secs] 
2014-07-28T17:29:56.150+0000: 2160.364: [GC [PSYoungGen: 208256K->320K(203712K)] 403128K->195208K(890688K), 0.0063160 secs] [Times: user=0.16 sys=0.15, real=0.28 secs] 
2014-07-28T17:29:57.086+0000: 2161.299: [GC [PSYoungGen: 203712K->192K(238912K)] 398600K->195120K(925888K), 0.0085250 secs] [Times: user=0.05 sys=0.00, real=0.01 secs] 
2014-07-28T17:29:57.926+0000: 2162.140: [GC [PSYoungGen: 238656K->288K(233088K)] 433584K->195272K(920064K), 0.0066700 secs] [Times: user=0.03 sys=0.01, real=0.01 secs] 
2014-07-28T17:29:58.709+0000: 2162.923: [GC [PSYoungGen: 233056K->416K(227712K)] 428040K->195472K(914688K), 0.0055460 secs] [Times: user=0.04 sys=0.00, real=0.00 secs] 
2014-07-28T17:29:59.432+0000: 2163.646: [GC [PSYoungGen: 227680K->192K(222144K)] 422736K->195312K(909120K), 0.0045730 secs] [Times: user=0.03 sys=0.00, real=0.00 secs] 
2014-07-28T17:30:00.167+0000: 2164.380: [GC [PSYoungGen: 222144K->224K(217088K)] 417264K->195384K(904064K), 0.0025670 secs] [Times: user=0.01 sys=0.01, real=0.01 secs] 
2014-07-28T17:30:00.846+0000: 2165.060: [GC [PSYoungGen: 217056K->256K(212160K)] 412216K->195464K(899136K), 0.0043910 secs] [Times: user=0.02 sys=0.00, real=0.01 secs] 
2014-07-28T17:30:01.573+0000: 2165.787: [GC [PSYoungGen: 212160K->338K(207552K)] 407368K->195594K(894528K), 0.0058560 secs] [Times: user=0.03 sys=0.00, real=0.01 secs] 
2014-07-28T17:30:02.500+0000: 2166.714: [GC [PSYoungGen: 207506K->320K(202880K)] 402762K->195648K(889856K), 0.0073330 secs] [Times: user=0.04 sys=0.00, real=0.00 secs] 
2014-07-28T17:30:03.355+0000: 2167.569: [GC [PSYoungGen: 202880K->320K(198464K)] 398208K->195696K(885440K), 0.0071620 secs] [Times: user=0.04 sys=0.01, real=0.01 secs] 
2014-07-28T17:30:04.025+0000: 2168.239: [GC [PSYoungGen: 198464K->320K(194176K)] 393840K->195736K(881152K), 0.0047110 secs] [Times: user=0.03 sys=0.00, real=0.01 secs] 
2014-07-28T17:30:04.690+0000: 2168.904: [GC [PSYoungGen: 194176K->256K(189952K)] 389592K->195720K(876928K), 0.0054130 secs] [Times: user=0.03 sys=0.00, real=0.00 secs] 
2014-07-28T17:30:05.325+0000: 2169.539: [GC [PSYoungGen: 189952K->352K(186112K)] 385416K->195888K(873088K), 0.0051010 secs] [Times: user=0.03 sys=0.01, real=0.01 secs] 
2014-07-28T17:30:05.951+0000: 2170.164: [GC [PSYoungGen: 186080K->352K(182272K)] 381616K->195904K(869248K), 0.0027810 secs] [Times: user=0.02 sys=0.00, real=0.00 secs] 
2014-07-28T17:30:06.539+0000: 2170.753: [GC [PSYoungGen: 182240K->192K(178368K)] 377792K->195840K(865344K), 0.0075330 secs] [Times: user=0.04 sys=0.00, real=0.00 secs] 
2014-07-28T17:30:07.123+0000: 2171.337: [GC [PSYoungGen: 178368K->384K(174976K)] 374016K->196104K(861952K), 0.0048130 secs] [Times: user=0.03 sys=0.01, real=0.00 secs] 
2014-07-28T17:30:07.699+0000: 2171.913: [GC [PSYoungGen: 174976K->256K(171328K)] 370696K->196008K(858304K), 0.0050370 secs] [Times: user=0.02 sys=0.01, real=0.00 secs] 
2014-07-28T17:30:08.351+0000: 2172.565: [GC [PSYoungGen: 171328K->512K(205824K)] 367080K->196336K(892800K), 0.0149560 secs] [Times: user=0.07 sys=0.01, real=0.01 secs] 
2014-07-28T17:30:09.346+0000: 2173.560: [GC [PSYoungGen: 205783K->320K(242112K)] 401607K->196216K(929088K), 0.0080050 secs] [Times: user=0.25 sys=0.21, real=0.46 secs] 
2014-07-28T17:30:10.554+0000: 2174.768: [GC [PSYoungGen: 242112K->288K(242368K)] 438008K->196240K(929344K), 0.0081600 secs] [Times: user=0.04 sys=0.01, real=0.01 secs] 
2014-07-28T17:30:11.363+0000: 2175.577: [GC [PSYoungGen: 242080K->224K(236224K)] 438032K->196216K(923200K), 0.0062680 secs] [Times: user=0.04 sys=0.01, real=0.00 secs] 
2014-07-28T17:30:12.179+0000: 2176.393: [GC [PSYoungGen: 236192K->288K(230656K)] 432184K->196320K(917632K), 0.0060370 secs] [Times: user=0.02 sys=0.01, real=0.01 secs] 
2014-07-28T17:30:12.956+0000: 2177.170: [GC [PSYoungGen: 230624K->256K(225216K)] 426656K->196328K(912192K), 0.0030570 secs] [Times: user=0.02 sys=0.00, real=0.00 secs] 
2014-07-28T17:30:13.726+0000: 2177.940: [GC [PSYoungGen: 225216K->224K(220032K)] 421288K->196328K(907008K), 0.0105570 secs] [Times: user=0.06 sys=0.01, real=0.01 secs] 
2014-07-28T17:30:14.483+0000: 2178.697: [GC [PSYoungGen: 219970K->448K(215168K)] 416075K->196576K(902144K), 0.0052620 secs] [Times: user=0.02 sys=0.00, real=0.00 secs] 
2014-07-28T17:30:15.401+0000: 2179.615: [GC [PSYoungGen: 215168K->416K(210304K)] 411296K->196568K(897280K), 0.0051390 secs] [Times: user=0.02 sys=0.00, real=0.00 secs] 
2014-07-28T17:30:16.384+0000: 2180.598: [GC [PSYoungGen: 210272K->320K(205504K)] 406424K->196528K(892480K), 0.0060820 secs] [Times: user=0.02 sys=0.01, real=0.00 secs] 
2014-07-28T17:30:17.109+0000: 2181.323: [GC [PSYoungGen: 205504K->224K(200896K)] 401712K->196480K(887872K), 0.0039110 secs] [Times: user=0.02 sys=0.01, real=0.01 secs] 
2014-07-28T17:30:17.812+0000: 2182.025: [GC [PSYoungGen: 200864K->160K(196480K)] 397120K->196440K(883456K), 0.0036030 secs] [Times: user=0.02 sys=0.00, real=0.00 secs] 
2014-07-28T17:30:18.469+0000: 2182.682: [GC [PSYoungGen: 196448K->224K(192320K)] 392728K->196536K(879296K), 0.0030730 secs] [Times: user=0.01 sys=0.00, real=0.01 secs] 
2014-07-28T17:30:19.123+0000: 2183.337: [GC [PSYoungGen: 192288K->352K(188352K)] 388600K->196720K(875328K), 0.0043810 secs] [Times: user=0.03 sys=0.00, real=0.00 secs] 
2014-07-28T17:30:19.765+0000: 2183.979: [GC [PSYoungGen: 188320K->256K(184320K)] 384688K->196680K(871296K), 0.0058150 secs] [Times: user=0.02 sys=0.00, real=0.01 secs] 
2014-07-28T17:30:20.386+0000: 2184.600: [GC [PSYoungGen: 184320K->192K(180480K)] 380744K->196632K(867456K), 0.0070420 secs] [Times: user=0.04 sys=0.00, real=0.01 secs] 
2014-07-28T17:30:20.997+0000: 2185.211: [GC [PSYoungGen: 180480K->256K(176896K)] 376920K->196728K(863872K), 0.0055850 secs] [Times: user=0.02 sys=0.00, real=0.01 secs] 
2014-07-28T17:30:21.670+0000: 2185.884: [GC [PSYoungGen: 176896K->484K(173568K)] 373368K->197060K(860544K), 0.0087920 secs] [Times: user=0.05 sys=0.01, real=0.01 secs] 
2014-07-28T17:30:22.448+0000: 2186.662: [GC [PSYoungGen: 173540K->288K(169920K)] 370116K->196872K(856896K), 0.0048870 secs] [Times: user=0.02 sys=0.00, real=0.01 secs] 
2014-07-28T17:30:23.220+0000: 2187.434: [GC [PSYoungGen: 169888K->224K(166528K)] 366472K->196848K(853504K), 0.0083330 secs] [Times: user=0.04 sys=0.01, real=0.01 secs] 
2014-07-28T17:30:23.803+0000: 2188.017: [GC [PSYoungGen: 166496K->448K(200000K)] 363120K->197128K(886976K), 0.0075940 secs] [Times: user=0.04 sys=0.01, real=0.00 secs] 
2014-07-28T17:30:24.466+0000: 2188.680: [GC [PSYoungGen: 200000K->288K(195520K)] 396680K->197008K(882496K), 0.0054620 secs] [Times: user=0.03 sys=0.00, real=0.01 secs] 
2014-07-28T17:30:25.132+0000: 2189.346: [GC [PSYoungGen: 195488K->256K(191296K)] 392208K->197000K(878272K), 0.0038210 secs] [Times: user=0.01 sys=0.00, real=0.00 secs] 
2014-07-28T17:30:25.784+0000: 2189.998: [GC [PSYoungGen: 191296K->256K(187264K)] 388040K->197056K(874240K), 0.0045740 secs] [Times: user=0.02 sys=0.00, real=0.00 secs] 
2014-07-28T17:30:26.408+0000: 2190.622: [GC [PSYoungGen: 187264K->256K(183360K)] 384064K->197080K(870336K), 0.0053260 secs] [Times: user=0.03 sys=0.00, real=0.01 secs] 
2014-07-28T17:30:27.038+0000: 2191.251: [GC [PSYoungGen: 183360K->192K(179520K)] 380184K->197040K(866496K), 0.0037330 secs] [Times: user=0.02 sys=0.01, real=0.00 secs] 
2014-07-28T17:30:27.708+0000: 2191.922: [GC [PSYoungGen: 179520K->256K(215488K)] 376368K->197136K(902464K), 0.0131550 secs] [Times: user=0.07 sys=0.01, real=0.01 secs] 
2014-07-28T17:30:28.675+0000: 2192.889: [GC [PSYoungGen: 215488K->320K(258624K)] 412368K->197200K(945600K), 0.0109380 secs] [Times: user=0.06 sys=0.00, real=0.01 secs] 
2014-07-28T17:30:29.907+0000: 2194.121: [GC [PSYoungGen: 258624K->480K(252352K)] 455504K->197360K(939328K), 0.0085800 secs] [Times: user=0.04 sys=0.00, real=0.01 secs] 
2014-07-28T17:30:30.804+0000: 2195.018: [GC [PSYoungGen: 252320K->160K(245824K)] 449200K->197056K(932800K), 0.0056540 secs] [Times: user=0.02 sys=0.00, real=0.00 secs] 
2014-07-28T17:30:31.691+0000: 2195.905: [GC [PSYoungGen: 245792K->224K(239936K)] 442688K->197120K(926912K), 0.0081390 secs] [Times: user=0.05 sys=0.00, real=0.01 secs] 
2014-07-28T17:30:32.584+0000: 2196.798: [GC [PSYoungGen: 239904K->192K(234112K)] 436800K->197112K(921088K), 0.0043020 secs] [Times: user=0.02 sys=0.00, real=0.00 secs] 
2014-07-28T17:30:33.416+0000: 2197.629: [GC [PSYoungGen: 234112K->384K(228800K)] 431032K->197360K(915776K), 0.0055070 secs] [Times: user=0.03 sys=0.00, real=0.00 secs] 
2014-07-28T17:30:34.223+0000: 2198.437: [GC [PSYoungGen: 228800K->256K(223360K)] 425776K->197280K(910336K), 0.0028050 secs] [Times: user=0.01 sys=0.00, real=0.00 secs] 
2014-07-28T17:30:35.053+0000: 2199.266: [GC [PSYoungGen: 223360K->288K(218304K)] 420384K->197344K(905280K), 0.0094600 secs] [Times: user=0.04 sys=0.00, real=0.01 secs] 
2014-07-28T17:30:36.154+0000: 2200.368: [GC [PSYoungGen: 218272K->352K(213376K)] 415328K->197440K(900352K), 0.0097330 secs] [Times: user=0.04 sys=0.00, real=0.01 secs] 
2014-07-28T17:30:37.160+0000: 2201.374: [GC [PSYoungGen: 213344K->288K(208512K)] 410432K->197432K(895488K), 0.0050210 secs] [Times: user=0.03 sys=0.00, real=0.01 secs] 
2014-07-28T17:30:37.949+0000: 2202.163: [GC [PSYoungGen: 208480K->352K(203968K)] 405624K->197552K(890944K), 0.0104760 secs] [Times: user=0.06 sys=0.01, real=0.01 secs] 
2014-07-28T17:30:38.720+0000: 2202.934: [GC [PSYoungGen: 203936K->256K(199360K)] 401136K->197512K(886336K), 0.0056510 secs] [Times: user=0.03 sys=0.00, real=0.01 secs] 
2014-07-28T17:30:39.587+0000: 2203.801: [GC [PSYoungGen: 199360K->288K(195136K)] 396616K->197560K(882112K), 0.0048900 secs] [Times: user=0.03 sys=0.01, real=0.00 secs] 
2014-07-28T17:30:40.285+0000: 2204.499: [GC [PSYoungGen: 195088K->416K(191104K)] 392361K->197768K(878080K), 0.0045170 secs] [Times: user=0.03 sys=0.00, real=0.00 secs] 
2014-07-28T17:30:40.946+0000: 2205.160: [GC [PSYoungGen: 191072K->256K(186880K)] 388424K->197648K(873856K), 0.0031160 secs] [Times: user=0.01 sys=0.00, real=0.00 secs] 
2014-07-28T17:30:41.611+0000: 2205.825: [GC [PSYoungGen: 186844K->256K(182976K)] 384236K->197696K(869952K), 0.0046930 secs] [Times: user=0.02 sys=0.00, real=0.01 secs] 
2014-07-28T17:30:42.478+0000: 2206.691: [GC [PSYoungGen: 182976K->448K(179392K)] 380416K->197896K(866368K), 0.0080480 secs] [Times: user=0.04 sys=0.00, real=0.01 secs] 
2014-07-28T17:30:43.352+0000: 2207.566: [GC [PSYoungGen: 179392K->320K(175616K)] 376840K->197832K(862592K), 0.0069370 secs] [Times: user=0.04 sys=0.01, real=0.01 secs] 
2014-07-28T17:30:44.001+0000: 2208.215: [GC [PSYoungGen: 175616K->288K(172096K)] 373128K->197840K(859072K), 0.0093890 secs] [Times: user=0.05 sys=0.00, real=0.01 secs] 
2014-07-28T17:30:44.627+0000: 2208.841: [GC [PSYoungGen: 172064K->416K(206592K)] 369616K->198048K(893568K), 0.0080610 secs] [Times: user=0.04 sys=0.01, real=0.01 secs] 
2014-07-28T17:30:45.378+0000: 2209.592: [GC [PSYoungGen: 206560K->160K(247616K)] 404192K->197792K(934592K), 0.0090230 secs] [Times: user=0.04 sys=0.00, real=0.01 secs] 
2014-07-28T17:30:46.353+0000: 2210.566: [GC [PSYoungGen: 247562K->288K(241728K)] 445194K->197976K(928704K), 0.0052960 secs] [Times: user=0.03 sys=0.01, real=0.01 secs] 
2014-07-28T17:30:47.225+0000: 2211.439: [GC [PSYoungGen: 241696K->256K(235840K)] 439384K->197984K(922816K), 0.0065700 secs] [Times: user=0.04 sys=0.00, real=0.01 secs] 
2014-07-28T17:30:48.083+0000: 2212.296: [GC [PSYoungGen: 235840K->256K(230272K)] 433568K->198024K(917248K), 0.0063110 secs] [Times: user=0.04 sys=0.00, real=0.01 secs] 
2014-07-28T17:30:49.180+0000: 2213.393: [GC [PSYoungGen: 230241K->416K(225088K)] 428009K->198232K(912064K), 0.0066670 secs] [Times: user=0.03 sys=0.00, real=0.01 secs] 
2014-07-28T17:30:50.233+0000: 2214.447: [GC [PSYoungGen: 225056K->192K(219648K)] 422872K->198040K(906624K), 0.0133870 secs] [Times: user=0.08 sys=0.01, real=0.02 secs] 
2014-07-28T17:30:51.027+0000: 2215.240: [GC [PSYoungGen: 219648K->416K(214912K)] 417496K->198344K(901888K), 0.0030900 secs] [Times: user=0.02 sys=0.01, real=0.00 secs] 
2014-07-28T17:30:51.791+0000: 2216.005: [GC [PSYoungGen: 214880K->320K(209920K)] 412808K->198320K(896896K), 0.0027470 secs] [Times: user=0.01 sys=0.00, real=0.00 secs] 
2014-07-28T17:30:52.538+0000: 2216.752: [GC [PSYoungGen: 209920K->224K(205184K)] 407920K->198224K(892160K), 0.0103030 secs] [Times: user=0.06 sys=0.01, real=0.01 secs] 
2014-07-28T17:30:53.289+0000: 2217.503: [GC [PSYoungGen: 205152K->256K(200704K)] 403152K->198288K(887680K), 0.0099070 secs] [Times: user=0.06 sys=0.01, real=0.01 secs] 
2014-07-28T17:30:54.024+0000: 2218.238: [GC [PSYoungGen: 200704K->224K(196352K)] 398736K->198296K(883328K), 0.0039230 secs] [Times: user=0.01 sys=0.00, real=0.01 secs] 
2014-07-28T17:30:54.713+0000: 2218.926: [GC [PSYoungGen: 196320K->160K(235520K)] 394392K->198256K(922496K), 0.0109500 secs] [Times: user=0.06 sys=0.01, real=0.01 secs] 
2014-07-28T17:30:55.722+0000: 2219.935: [GC [PSYoungGen: 235471K->512K(278976K)] 433568K->198624K(965952K), 0.0186340 secs] [Times: user=0.11 sys=0.01, real=0.02 secs] 
2014-07-28T17:30:56.996+0000: 2221.209: [GC [PSYoungGen: 278976K->448K(279040K)] 477088K->198568K(966016K), 0.0059380 secs] [Times: user=0.03 sys=0.01, real=0.01 secs] 
2014-07-28T17:30:57.983+0000: 2222.197: [GC [PSYoungGen: 278912K->320K(271616K)] 477032K->198496K(958592K), 0.0059560 secs] [Times: user=0.03 sys=0.01, real=0.01 secs] 
2014-07-28T17:30:58.912+0000: 2223.126: [GC [PSYoungGen: 271616K->352K(264768K)] 469792K->198592K(951744K), 0.0066130 secs] [Times: user=0.03 sys=0.00, real=0.01 secs] 
2014-07-28T17:30:59.835+0000: 2224.049: [GC [PSYoungGen: 264736K->320K(258048K)] 462976K->198592K(945024K), 0.0125460 secs] [Times: user=0.07 sys=0.00, real=0.02 secs] 
2014-07-28T17:31:00.732+0000: 2224.946: [GC [PSYoungGen: 258048K->416K(251776K)] 456320K->198752K(938752K), 0.0055230 secs] [Times: user=0.02 sys=0.00, real=0.01 secs] 
2014-07-28T17:31:01.575+0000: 2225.789: [GC [PSYoungGen: 251744K->320K(245504K)] 450080K->198712K(932480K), 0.0060980 secs] [Times: user=0.04 sys=0.00, real=0.01 secs] 
2014-07-28T17:31:02.631+0000: 2226.844: [GC [PSYoungGen: 245504K->448K(239680K)] 443896K->198880K(926656K), 0.0120000 secs] [Times: user=0.06 sys=0.00, real=0.01 secs] 
2014-07-28T17:31:03.530+0000: 2227.744: [GC [PSYoungGen: 239680K->320K(233856K)] 438112K->198832K(920832K), 0.0044440 secs] [Times: user=0.03 sys=0.00, real=0.00 secs] 
2014-07-28T17:31:04.286+0000: 2228.500: [GC [PSYoungGen: 233856K->256K(228288K)] 432368K->198808K(915264K), 0.0066160 secs] [Times: user=0.04 sys=0.00, real=0.01 secs] 
2014-07-28T17:31:05.090+0000: 2229.304: [GC [PSYoungGen: 228288K->288K(223040K)] 426840K->198896K(910016K), 0.0028160 secs] [Times: user=0.02 sys=0.00, real=0.00 secs] 
2014-07-28T17:31:05.874+0000: 2230.088: [GC [PSYoungGen: 223008K->352K(217984K)] 421616K->199048K(904960K), 0.0044600 secs] [Times: user=0.03 sys=0.01, real=0.01 secs] 
2014-07-28T17:31:06.594+0000: 2230.808: [GC [PSYoungGen: 217952K->192K(212864K)] 416648K->198920K(899840K), 0.0061360 secs] [Times: user=0.03 sys=0.01, real=0.01 secs] 
2014-07-28T17:31:07.316+0000: 2231.530: [GC [PSYoungGen: 212864K->192K(208064K)] 411592K->198936K(895040K), 0.0036860 secs] [Times: user=0.02 sys=0.00, real=0.01 secs] 
2014-07-28T17:31:08.021+0000: 2232.235: [GC [PSYoungGen: 208064K->420K(203712K)] 406808K->199236K(890688K), 0.0046740 secs] [Times: user=0.03 sys=0.00, real=0.00 secs] 
2014-07-28T17:31:08.844+0000: 2233.058: [GC [PSYoungGen: 203684K->256K(199040K)] 402500K->199136K(886016K), 0.0051390 secs] [Times: user=0.02 sys=0.00, real=0.01 secs] 
2014-07-28T17:31:09.561+0000: 2233.775: [GC [PSYoungGen: 199040K->256K(238848K)] 397920K->199176K(925824K), 0.0168940 secs] [Times: user=0.08 sys=0.03, real=0.01 secs] 
2014-07-28T17:31:10.346+0000: 2234.560: [GC [PSYoungGen: 238848K->224K(233152K)] 437768K->199184K(920128K), 0.0025330 secs] [Times: user=0.02 sys=0.00, real=0.00 secs] 
2014-07-28T17:31:11.101+0000: 2235.315: [GC [PSYoungGen: 233120K->352K(279872K)] 432080K->199352K(966848K), 0.0112340 secs] [Times: user=0.07 sys=0.01, real=0.01 secs] 
2014-07-28T17:31:12.028+0000: 2236.242: [GC [PSYoungGen: 279840K->256K(272512K)] 478840K->199304K(959488K), 0.0046300 secs] [Times: user=0.03 sys=0.00, real=0.01 secs] 
2014-07-28T17:31:13.068+0000: 2237.282: [GC [PSYoungGen: 272512K->416K(265728K)] 471560K->199512K(952704K), 0.0046190 secs] [Times: user=0.02 sys=0.00, real=0.01 secs] 
2014-07-28T17:31:14.046+0000: 2238.259: [GC [PSYoungGen: 265696K->256K(258816K)] 464792K->199392K(945792K), 0.0046810 secs] [Times: user=0.03 sys=0.01, real=0.01 secs] 
2014-07-28T17:31:14.901+0000: 2239.114: [GC [PSYoungGen: 258816K->384K(252480K)] 457952K->199568K(939456K), 0.0083300 secs] [Times: user=0.05 sys=0.00, real=0.00 secs] 
2014-07-28T17:31:15.723+0000: 2239.937: [GC [PSYoungGen: 252458K->416K(246336K)] 451642K->199656K(933312K), 0.0057050 secs] [Times: user=0.02 sys=0.01, real=0.00 secs] 
2014-07-28T17:31:16.549+0000: 2240.763: [GC [PSYoungGen: 246304K->192K(240128K)] 445544K->199456K(927104K), 0.0032260 secs] [Times: user=0.02 sys=0.00, real=0.01 secs] 
2014-07-28T17:31:17.361+0000: 2241.575: [GC [PSYoungGen: 240128K->256K(234432K)] 439392K->199560K(921408K), 0.0030120 secs] [Times: user=0.01 sys=0.00, real=0.00 secs] 
2014-07-28T17:31:18.156+0000: 2242.370: [GC [PSYoungGen: 234432K->256K(228864K)] 433736K->199608K(915840K), 0.0031790 secs] [Times: user=0.01 sys=0.00, real=0.00 secs] 
2014-07-28T17:31:19.041+0000: 2243.255: [GC [PSYoungGen: 228864K->352K(223680K)] 428216K->199784K(910656K), 0.0067380 secs] [Times: user=0.04 sys=0.00, real=0.00 secs] 
2014-07-28T17:31:19.718+0000: 2243.932: [GC [PSYoungGen: 223648K->256K(218432K)] 423080K->199728K(905408K), 0.0061550 secs] [Times: user=0.04 sys=0.00, real=0.01 secs] 
2014-07-28T17:31:20.411+0000: 2244.625: [GC [PSYoungGen: 218432K->192K(213376K)] 417904K->199672K(900352K), 0.0101560 secs] [Times: user=0.07 sys=0.00, real=0.01 secs] 
2014-07-28T17:31:21.120+0000: 2245.333: [GC [PSYoungGen: 213376K->352K(208768K)] 412856K->199864K(895744K), 0.0043560 secs] [Times: user=0.01 sys=0.00, real=0.01 secs] 
2014-07-28T17:31:21.799+0000: 2246.013: [GC [PSYoungGen: 208736K->384K(204160K)] 408248K->199960K(891136K), 0.0030930 secs] [Times: user=0.01 sys=0.00, real=0.01 secs] 
2014-07-28T17:31:22.452+0000: 2246.666: [GC [PSYoungGen: 204160K->320K(199616K)] 403736K->199952K(886592K), 0.0043710 secs] [Times: user=0.03 sys=0.01, real=0.00 secs] 
2014-07-28T17:31:23.077+0000: 2247.291: [GC [PSYoungGen: 199616K->384K(195392K)] 399248K->200064K(882368K), 0.0032160 secs] [Times: user=0.01 sys=0.00, real=0.00 secs] 
2014-07-28T17:31:23.702+0000: 2247.916: [GC [PSYoungGen: 195392K->288K(191168K)] 395072K->200016K(878144K), 0.0059650 secs] [Times: user=0.04 sys=0.00, real=0.00 secs] 
2014-07-28T17:31:24.314+0000: 2248.528: [GC [PSYoungGen: 191119K->256K(187072K)] 390847K->200008K(874048K), 0.0051130 secs] [Times: user=0.02 sys=0.00, real=0.00 secs] 
2014-07-28T17:31:24.910+0000: 2249.124: [GC [PSYoungGen: 187072K->192K(183104K)] 386824K->199968K(870080K), 0.0031700 secs] [Times: user=0.01 sys=0.01, real=0.01 secs] 
2014-07-28T17:31:25.487+0000: 2249.700: [GC [PSYoungGen: 183104K->256K(179392K)] 382880K->200064K(866368K), 0.0038750 secs] [Times: user=0.01 sys=0.00, real=0.00 secs] 
2014-07-28T17:31:26.077+0000: 2250.291: [GC [PSYoungGen: 179392K->448K(175936K)] 379200K->200264K(862912K), 0.0031780 secs] [Times: user=0.02 sys=0.00, real=0.00 secs] 
2014-07-28T17:31:26.648+0000: 2250.861: [GC [PSYoungGen: 175936K->256K(172224K)] 375752K->200112K(859200K), 0.0045800 secs] [Times: user=0.02 sys=0.01, real=0.01 secs] 
2014-07-28T17:31:27.191+0000: 2251.405: [GC [PSYoungGen: 172224K->320K(168896K)] 372080K->200192K(855872K), 0.0054400 secs] [Times: user=0.04 sys=0.00, real=0.01 secs] 
2014-07-28T17:31:27.697+0000: 2251.911: [GC [PSYoungGen: 168896K->256K(165504K)] 368768K->200192K(852480K), 0.0030150 secs] [Times: user=0.01 sys=0.00, real=0.00 secs] 
2014-07-28T17:31:28.205+0000: 2252.419: [GC [PSYoungGen: 165504K->320K(162368K)] 365440K->200296K(849344K), 0.0027620 secs] [Times: user=0.02 sys=0.00, real=0.00 secs] 
2014-07-28T17:31:28.712+0000: 2252.926: [GC [PSYoungGen: 162347K->352K(159360K)] 362323K->200352K(846336K), 0.0042700 secs] [Times: user=0.01 sys=0.00, real=0.00 secs] 
2014-07-28T17:31:29.230+0000: 2253.444: [GC [PSYoungGen: 159328K->384K(156352K)] 359328K->200432K(843328K), 0.0045580 secs] [Times: user=0.03 sys=0.00, real=0.01 secs] 
2014-07-28T17:31:29.714+0000: 2253.927: [GC [PSYoungGen: 156352K->384K(153472K)] 356400K->200504K(840448K), 0.0047130 secs] [Times: user=0.02 sys=0.00, real=0.00 secs] 
2014-07-28T17:31:30.196+0000: 2254.410: [GC [PSYoungGen: 153472K->288K(150592K)] 353592K->200456K(837568K), 0.0027860 secs] [Times: user=0.01 sys=0.01, real=0.00 secs] 
2014-07-28T17:31:30.671+0000: 2254.885: [GC [PSYoungGen: 150560K->320K(147840K)] 350728K->200544K(834816K), 0.0039300 secs] [Times: user=0.01 sys=0.00, real=0.01 secs] 
2014-07-28T17:31:31.141+0000: 2255.355: [GC [PSYoungGen: 147840K->384K(145280K)] 348064K->200648K(832256K), 0.0054760 secs] [Times: user=0.03 sys=0.00, real=0.01 secs] 
2014-07-28T17:31:31.594+0000: 2255.808: [GC [PSYoungGen: 145280K->384K(142720K)] 345544K->200736K(829696K), 0.0043870 secs] [Times: user=0.02 sys=0.00, real=0.00 secs] 
2014-07-28T17:31:32.037+0000: 2256.250: [GC [PSYoungGen: 142720K->320K(140160K)] 343072K->200712K(827136K), 0.0032010 secs] [Times: user=0.02 sys=0.00, real=0.00 secs] 
2014-07-28T17:31:32.477+0000: 2256.691: [GC [PSYoungGen: 140160K->160K(137600K)] 340552K->200576K(824576K), 0.0064000 secs] [Times: user=0.04 sys=0.00, real=0.01 secs] 
2014-07-28T17:31:32.908+0000: 2257.122: [GC [PSYoungGen: 137521K->416K(135488K)] 337937K->200872K(822464K), 0.0032880 secs] [Times: user=0.01 sys=0.00, real=0.00 secs] 
2014-07-28T17:31:33.351+0000: 2257.565: [GC [PSYoungGen: 135435K->224K(132992K)] 335891K->200728K(819968K), 0.0032120 secs] [Times: user=0.01 sys=0.00, real=0.01 secs] 
2014-07-28T17:31:33.788+0000: 2258.002: [GC [PSYoungGen: 132960K->320K(130816K)] 333464K->200856K(817792K), 0.0033060 secs] [Times: user=0.01 sys=0.00, real=0.00 secs] 
2014-07-28T17:31:34.203+0000: 2258.417: [GC [PSYoungGen: 130816K->320K(128640K)] 331352K->200880K(815616K), 0.0039260 secs] [Times: user=0.03 sys=0.00, real=0.00 secs] 
2014-07-28T17:31:34.596+0000: 2258.810: [GC [PSYoungGen: 128640K->352K(126592K)] 329200K->201000K(813568K), 0.0039130 secs] [Times: user=0.03 sys=0.00, real=0.00 secs] 
2014-07-28T17:31:35.010+0000: 2259.223: [GC [PSYoungGen: 126560K->448K(124608K)] 327208K->201120K(811584K), 0.0043400 secs] [Times: user=0.03 sys=0.00, real=0.01 secs] 
2014-07-28T17:31:35.397+0000: 2259.611: [GC [PSYoungGen: 124608K->256K(149248K)] 325280K->201024K(836224K), 0.0054450 secs] [Times: user=0.04 sys=0.00, real=0.00 secs] 
2014-07-28T17:31:35.851+0000: 2260.065: [GC [PSYoungGen: 149219K->256K(146560K)] 349987K->201064K(833536K), 0.0038480 secs] [Times: user=0.01 sys=0.00, real=0.01 secs] 
2014-07-28T17:31:36.309+0000: 2260.523: [GC [PSYoungGen: 146560K->320K(144000K)] 347368K->201192K(830976K), 0.0030520 secs] [Times: user=0.01 sys=0.00, real=0.00 secs] 
2014-07-28T17:31:36.767+0000: 2260.981: [GC [PSYoungGen: 144000K->416K(141568K)] 344872K->201360K(828544K), 0.0040250 secs] [Times: user=0.02 sys=0.00, real=0.00 secs] 
2014-07-28T17:31:37.211+0000: 2261.425: [GC [PSYoungGen: 141511K->256K(138880K)] 342455K->201240K(825856K), 0.0054210 secs] [Times: user=0.03 sys=0.00, real=0.01 secs] 
2014-07-28T17:31:37.631+0000: 2261.845: [GC [PSYoungGen: 138864K->320K(136576K)] 339848K->201360K(823552K), 0.0044160 secs] [Times: user=0.02 sys=0.00, real=0.01 secs] 
2014-07-28T17:31:38.082+0000: 2262.295: [GC [PSYoungGen: 136576K->352K(134336K)] 337616K->201400K(821312K), 0.0034820 secs] [Times: user=0.01 sys=0.00, real=0.01 secs] 
2014-07-28T17:31:38.507+0000: 2262.720: [GC [PSYoungGen: 134304K->480K(161280K)] 335352K->201584K(848256K), 0.0075270 secs] [Times: user=0.04 sys=0.01, real=0.01 secs] 
2014-07-28T17:31:39.023+0000: 2263.237: [GC [PSYoungGen: 161248K->192K(157888K)] 362352K->201320K(844864K), 0.0029910 secs] [Times: user=0.01 sys=0.00, real=0.00 secs] 
2014-07-28T17:31:39.513+0000: 2263.727: [GC [PSYoungGen: 157888K->256K(155008K)] 359016K->201424K(841984K), 0.0029710 secs] [Times: user=0.01 sys=0.00, real=0.00 secs] 
2014-07-28T17:31:40.015+0000: 2264.229: [GC [PSYoungGen: 155008K->224K(152128K)] 356176K->201408K(839104K), 0.0052520 secs] [Times: user=0.02 sys=0.01, real=0.00 secs] 
2014-07-28T17:31:40.512+0000: 2264.726: [GC [PSYoungGen: 152096K->352K(149504K)] 353280K->201600K(836480K), 0.0034460 secs] [Times: user=0.02 sys=0.00, real=0.01 secs] 
2014-07-28T17:31:40.991+0000: 2265.205: [GC [PSYoungGen: 149472K->320K(146752K)] 350720K->201584K(833728K), 0.0029600 secs] [Times: user=0.01 sys=0.01, real=0.01 secs] 
2014-07-28T17:31:41.447+0000: 2265.661: [GC [PSYoungGen: 146752K->512K(144320K)] 348016K->201856K(831296K), 0.0068000 secs] [Times: user=0.04 sys=0.00, real=0.00 secs] 
2014-07-28T17:31:41.915+0000: 2266.129: [GC [PSYoungGen: 144320K->256K(141504K)] 345664K->201640K(828480K), 0.0039130 secs] [Times: user=0.02 sys=0.00, real=0.00 secs] 
2014-07-28T17:31:42.356+0000: 2266.570: [GC [PSYoungGen: 141504K->384K(139136K)] 342888K->201824K(826112K), 0.0037500 secs] [Times: user=0.02 sys=0.00, real=0.00 secs] 
2014-07-28T17:31:42.786+0000: 2267.000: [GC [PSYoungGen: 139136K->384K(136768K)] 340576K->201864K(823744K), 0.0036440 secs] [Times: user=0.02 sys=0.00, real=0.00 secs] 
2014-07-28T17:31:43.210+0000: 2267.424: [GC [PSYoungGen: 136768K->352K(134464K)] 338248K->201880K(821440K), 0.0045380 secs] [Times: user=0.02 sys=0.00, real=0.01 secs] 
2014-07-28T17:31:43.660+0000: 2267.874: [GC [PSYoungGen: 134432K->352K(161280K)] 335960K->201944K(848256K), 0.0065940 secs] [Times: user=0.04 sys=0.01, real=0.01 secs] 
2014-07-28T17:31:44.208+0000: 2268.422: [GC [PSYoungGen: 161248K->448K(158272K)] 362840K->202080K(845248K), 0.0028790 secs] [Times: user=0.02 sys=0.00, real=0.00 secs] 
2014-07-28T17:31:44.690+0000: 2268.904: [GC [PSYoungGen: 158272K->224K(155136K)] 359904K->201896K(842112K), 0.0054250 secs] [Times: user=0.02 sys=0.01, real=0.01 secs] 
2014-07-28T17:31:45.195+0000: 2269.409: [GC [PSYoungGen: 155104K->352K(186240K)] 356776K->202064K(873216K), 0.0072250 secs] [Times: user=0.05 sys=0.00, real=0.00 secs] 
2014-07-28T17:31:45.772+0000: 2269.986: [GC [PSYoungGen: 186208K->320K(182336K)] 387920K->202072K(869312K), 0.0039780 secs] [Times: user=0.02 sys=0.00, real=0.01 secs] 
2014-07-28T17:31:46.336+0000: 2270.550: [GC [PSYoungGen: 182336K->256K(218688K)] 384088K->202024K(905664K), 0.0089440 secs] [Times: user=0.02 sys=0.00, real=0.01 secs] 
2014-07-28T17:31:47.038+0000: 2271.252: [GC [PSYoungGen: 218688K->320K(213760K)] 420456K->202144K(900736K), 0.0040100 secs] [Times: user=0.02 sys=0.00, real=0.00 secs] 
2014-07-28T17:31:47.711+0000: 2271.925: [GC [PSYoungGen: 213760K->288K(208960K)] 415584K->202176K(895936K), 0.0054280 secs] [Times: user=0.03 sys=0.00, real=0.01 secs] 
2014-07-28T17:31:48.355+0000: 2272.569: [GC [PSYoungGen: 208928K->224K(204288K)] 410816K->202136K(891264K), 0.0049540 secs] [Times: user=0.04 sys=0.00, real=0.01 secs] 
2014-07-28T17:31:49.019+0000: 2273.233: [GC [PSYoungGen: 204256K->352K(199936K)] 406168K->202320K(886912K), 0.0032680 secs] [Times: user=0.02 sys=0.00, real=0.00 secs] 
2014-07-28T17:31:49.625+0000: 2273.839: [GC [PSYoungGen: 199904K->160K(195392K)] 401872K->202152K(882368K), 0.0048770 secs] [Times: user=0.01 sys=0.00, real=0.01 secs] 
2014-07-28T17:31:50.224+0000: 2274.438: [GC [PSYoungGen: 195342K->320K(191360K)] 397334K->202320K(878336K), 0.0063760 secs] [Times: user=0.04 sys=0.00, real=0.01 secs] 
2014-07-28T17:31:50.820+0000: 2275.034: [GC [PSYoungGen: 191360K->352K(187392K)] 393360K->202424K(874368K), 0.0031720 secs] [Times: user=0.02 sys=0.00, real=0.00 secs] 
2014-07-28T17:31:51.399+0000: 2275.613: [GC [PSYoungGen: 187360K->416K(183552K)] 389432K->202496K(870528K), 0.0056130 secs] [Times: user=0.03 sys=0.00, real=0.00 secs] 
2014-07-28T17:31:51.961+0000: 2276.175: [GC [PSYoungGen: 183520K->256K(179584K)] 385600K->202376K(866560K), 0.0067970 secs] [Times: user=0.04 sys=0.00, real=0.01 secs] 
2014-07-28T17:31:52.519+0000: 2276.733: [GC [PSYoungGen: 179584K->320K(176000K)] 381704K->202512K(862976K), 0.0049000 secs] [Times: user=0.03 sys=0.00, real=0.00 secs] 
2014-07-28T17:31:53.075+0000: 2277.289: [GC [PSYoungGen: 176000K->192K(172352K)] 378192K->202408K(859328K), 0.0048290 secs] [Times: user=0.01 sys=0.00, real=0.00 secs] 
2014-07-28T17:31:53.632+0000: 2277.846: [GC [PSYoungGen: 172352K->384K(169152K)] 374568K->202672K(856128K), 0.0025640 secs] [Times: user=0.01 sys=0.00, real=0.00 secs] 
2014-07-28T17:31:54.166+0000: 2278.380: [GC [PSYoungGen: 169152K->320K(165760K)] 371440K->202608K(852736K), 0.0026450 secs] [Times: user=0.01 sys=0.00, real=0.00 secs] 
2014-07-28T17:31:54.694+0000: 2278.908: [GC [PSYoungGen: 165760K->352K(162624K)] 368048K->202712K(849600K), 0.0046540 secs] [Times: user=0.03 sys=0.00, real=0.01 secs] 
2014-07-28T17:31:55.222+0000: 2279.436: [GC [PSYoungGen: 162592K->384K(195072K)] 364952K->202800K(882048K), 0.0100940 secs] [Times: user=0.07 sys=0.01, real=0.01 secs] 
2014-07-28T17:31:55.846+0000: 2280.059: [GC [PSYoungGen: 195072K->192K(233856K)] 397488K->202640K(920832K), 0.0073850 secs] [Times: user=0.04 sys=0.00, real=0.01 secs] 
2014-07-28T17:31:56.603+0000: 2280.817: [GC [PSYoungGen: 233856K->384K(228544K)] 436304K->202928K(915520K), 0.0050430 secs] [Times: user=0.03 sys=0.00, real=0.01 secs] 
2014-07-28T17:31:57.325+0000: 2281.538: [GC [PSYoungGen: 228544K->384K(223232K)] 431088K->203000K(910208K), 0.0045840 secs] [Times: user=0.03 sys=0.00, real=0.01 secs] 
2014-07-28T17:31:58.060+0000: 2282.274: [GC [PSYoungGen: 223232K->320K(218048K)] 425848K->203000K(905024K), 0.0025950 secs] [Times: user=0.01 sys=0.00, real=0.00 secs] 
2014-07-28T17:31:58.778+0000: 2282.992: [GC [PSYoungGen: 218048K->320K(213120K)] 420728K->203064K(900096K), 0.0042990 secs] [Times: user=0.02 sys=0.00, real=0.00 secs] 
2014-07-28T17:31:59.542+0000: 2283.755: [GC [PSYoungGen: 213120K->384K(208384K)] 415864K->203152K(895360K), 0.0027030 secs] [Times: user=0.01 sys=0.00, real=0.00 secs] 
2014-07-28T17:32:00.216+0000: 2284.430: [GC [PSYoungGen: 208384K->224K(203648K)] 411152K->203032K(890624K), 0.0052550 secs] [Times: user=0.03 sys=0.00, real=0.01 secs] 
2014-07-28T17:32:00.892+0000: 2285.106: [GC [PSYoungGen: 203616K->256K(199168K)] 406424K->203120K(886144K), 0.0027990 secs] [Times: user=0.01 sys=0.00, real=0.00 secs] 
2014-07-28T17:32:01.527+0000: 2285.741: [GC [PSYoungGen: 199168K->384K(195008K)] 402032K->203336K(881984K), 0.0040570 secs] [Times: user=0.03 sys=0.00, real=0.00 secs] 
2014-07-28T17:32:02.160+0000: 2286.373: [GC [PSYoungGen: 195008K->256K(190720K)] 397960K->203240K(877696K), 0.0054410 secs] [Times: user=0.03 sys=0.00, real=0.00 secs] 
2014-07-28T17:32:02.872+0000: 2287.086: [GC [PSYoungGen: 190718K->320K(186752K)] 393702K->203360K(873728K), 0.0052280 secs] [Times: user=0.03 sys=0.00, real=0.01 secs] 
2014-07-28T17:32:03.495+0000: 2287.708: [GC [PSYoungGen: 186752K->256K(182784K)] 389792K->203320K(869760K), 0.0042610 secs] [Times: user=0.01 sys=0.00, real=0.01 secs] 
2014-07-28T17:32:04.084+0000: 2288.298: [GC [PSYoungGen: 182784K->416K(179200K)] 385848K->203528K(866176K), 0.0044340 secs] [Times: user=0.03 sys=0.00, real=0.01 secs] 
2014-07-28T17:32:04.710+0000: 2288.924: [GC [PSYoungGen: 179168K->384K(175488K)] 382280K->203560K(862464K), 0.0071280 secs] [Times: user=0.04 sys=0.00, real=0.01 secs] 
2014-07-28T17:32:05.318+0000: 2289.532: [GC [PSYoungGen: 175488K->416K(172032K)] 378664K->203656K(859008K), 0.0036460 secs] [Times: user=0.01 sys=0.00, real=0.00 secs] 
2014-07-28T17:32:05.904+0000: 2290.117: [GC [PSYoungGen: 172000K->256K(168448K)] 375240K->203552K(855424K), 0.0054360 secs] [Times: user=0.03 sys=0.00, real=0.01 secs] 
2014-07-28T17:32:06.453+0000: 2290.667: [GC [PSYoungGen: 168448K->384K(165312K)] 371744K->203736K(852288K), 0.0046100 secs] [Times: user=0.02 sys=0.00, real=0.01 secs] 
2014-07-28T17:32:07.012+0000: 2291.226: [GC [PSYoungGen: 165312K->352K(162112K)] 368664K->203736K(849088K), 0.0044760 secs] [Times: user=0.01 sys=0.00, real=0.00 secs] 
2014-07-28T17:32:07.557+0000: 2291.771: [GC [PSYoungGen: 162080K->338K(159040K)] 365464K->203778K(846016K), 0.0032980 secs] [Times: user=0.02 sys=0.00, real=0.01 secs] 
2014-07-28T17:32:08.064+0000: 2292.278: [GC [PSYoungGen: 158994K->224K(155904K)] 362434K->203672K(842880K), 0.0061760 secs] [Times: user=0.03 sys=0.00, real=0.01 secs] 
2014-07-28T17:32:08.561+0000: 2292.775: [GC [PSYoungGen: 155872K->288K(153088K)] 359320K->203800K(840064K), 0.0019830 secs] [Times: user=0.02 sys=0.00, real=0.00 secs] 
2014-07-28T17:32:09.081+0000: 2293.294: [GC [PSYoungGen: 153056K->256K(150208K)] 356568K->203768K(837184K), 0.0046290 secs] [Times: user=0.03 sys=0.00, real=0.00 secs] 
2014-07-28T17:32:09.570+0000: 2293.784: [GC [PSYoungGen: 150208K->320K(147520K)] 353720K->203896K(834496K), 0.0030300 secs] [Times: user=0.02 sys=0.00, real=0.00 secs] 
2014-07-28T17:32:10.058+0000: 2294.272: [GC [PSYoungGen: 147520K->288K(144896K)] 351096K->203888K(831872K), 0.0046570 secs] [Times: user=0.03 sys=0.00, real=0.01 secs] 
2014-07-28T17:32:10.528+0000: 2294.742: [GC [PSYoungGen: 144864K->384K(142400K)] 348464K->204072K(829376K), 0.0054050 secs] [Times: user=0.03 sys=0.00, real=0.01 secs] 
2014-07-28T17:32:10.974+0000: 2295.188: [GC [PSYoungGen: 142400K->320K(139840K)] 346088K->204048K(826816K), 0.0030450 secs] [Times: user=0.02 sys=0.00, real=0.00 secs] 
2014-07-28T17:32:11.404+0000: 2295.618: [GC [PSYoungGen: 139840K->352K(137472K)] 343568K->204136K(824448K), 0.0045750 secs] [Times: user=0.02 sys=0.00, real=0.01 secs] 
2014-07-28T17:32:11.851+0000: 2296.065: [GC [PSYoungGen: 137440K->256K(134976K)] 341224K->204096K(821952K), 0.0033180 secs] [Times: user=0.01 sys=0.00, real=0.00 secs] 
2014-07-28T17:32:12.283+0000: 2296.497: [GC [PSYoungGen: 134976K->256K(132672K)] 338816K->204144K(819648K), 0.0048720 secs] [Times: user=0.02 sys=0.00, real=0.01 secs] 
2014-07-28T17:32:12.740+0000: 2296.954: [GC [PSYoungGen: 132672K->416K(130624K)] 336560K->204384K(817600K), 0.0034730 secs] [Times: user=0.02 sys=0.00, real=0.00 secs] 
2014-07-28T17:32:13.169+0000: 2297.383: [GC [PSYoungGen: 130592K->512K(128512K)] 334560K->204520K(815488K), 0.0062220 secs] [Times: user=0.04 sys=0.00, real=0.00 secs] 
2014-07-28T17:32:13.609+0000: 2297.823: [GC [PSYoungGen: 128512K->128K(153728K)] 332520K->204264K(840704K), 0.0048030 secs] [Times: user=0.03 sys=0.00, real=0.00 secs] 
2014-07-28T17:32:14.112+0000: 2298.326: [GC [PSYoungGen: 153728K->338K(184896K)] 357864K->204498K(871872K), 0.0050200 secs] [Times: user=0.03 sys=0.01, real=0.00 secs] 
2014-07-28T17:32:14.703+0000: 2298.917: [GC [PSYoungGen: 184658K->288K(221504K)] 388818K->204512K(908480K), 0.0073780 secs] [Times: user=0.04 sys=0.00, real=0.01 secs] 
2014-07-28T17:32:15.465+0000: 2299.679: [GC [PSYoungGen: 221472K->320K(265792K)] 425696K->204560K(952768K), 0.0072470 secs] [Times: user=0.05 sys=0.00, real=0.01 secs] 
2014-07-28T17:32:16.368+0000: 2300.581: [GC [PSYoungGen: 265792K->256K(259008K)] 470032K->204544K(945984K), 0.0041790 secs] [Times: user=0.03 sys=0.01, real=0.01 secs] 
2014-07-28T17:32:17.186+0000: 2301.399: [GC [PSYoungGen: 258992K->288K(252608K)] 463280K->204632K(939584K), 0.0046670 secs] [Times: user=0.03 sys=0.01, real=0.01 secs] 
2014-07-28T17:32:18.018+0000: 2302.232: [GC [PSYoungGen: 252576K->320K(246400K)] 456920K->204728K(933376K), 0.0033080 secs] [Times: user=0.01 sys=0.01, real=0.01 secs] 
2014-07-28T17:32:18.845+0000: 2303.059: [GC [PSYoungGen: 246400K->256K(240384K)] 450808K->204704K(927360K), 0.0071720 secs] [Times: user=0.04 sys=0.00, real=0.01 secs] 
2014-07-28T17:32:19.590+0000: 2303.804: [GC [PSYoungGen: 240384K->224K(234624K)] 444832K->204712K(921600K), 0.0056500 secs] [Times: user=0.04 sys=0.00, real=0.00 secs] 
2014-07-28T17:32:20.369+0000: 2304.583: [GC [PSYoungGen: 234592K->274K(229120K)] 439080K->204802K(916096K), 0.0039790 secs] [Times: user=0.01 sys=0.00, real=0.01 secs] 
2014-07-28T17:32:21.124+0000: 2305.338: [GC [PSYoungGen: 229074K->352K(223808K)] 433602K->204960K(910784K), 0.0033970 secs] [Times: user=0.02 sys=0.00, real=0.00 secs] 
2014-07-28T17:32:21.842+0000: 2306.055: [GC [PSYoungGen: 223738K->192K(218432K)] 428347K->204824K(905408K), 0.0046390 secs] [Times: user=0.02 sys=0.00, real=0.00 secs] 
2014-07-28T17:32:22.554+0000: 2306.768: [GC [PSYoungGen: 218432K->256K(213504K)] 423064K->204936K(900480K), 0.0026000 secs] [Times: user=0.01 sys=0.00, real=0.00 secs] 
2014-07-28T17:32:23.252+0000: 2307.466: [GC [PSYoungGen: 213504K->448K(208896K)] 418184K->205192K(895872K), 0.0066390 secs] [Times: user=0.02 sys=0.00, real=0.00 secs] 
2014-07-28T17:32:23.957+0000: 2308.171: [GC [PSYoungGen: 208895K->256K(204096K)] 413639K->205072K(891072K), 0.0100420 secs] [Times: user=0.05 sys=0.01, real=0.01 secs] 
2014-07-28T17:32:24.640+0000: 2308.854: [GC [PSYoungGen: 204096K->256K(199616K)] 408912K->205128K(886592K), 0.0071770 secs] [Times: user=0.05 sys=0.00, real=0.00 secs] 
2014-07-28T17:32:25.316+0000: 2309.530: [GC [PSYoungGen: 199616K->498K(195584K)] 404488K->205386K(882560K), 0.0088210 secs] [Times: user=0.06 sys=0.00, real=0.01 secs] 
2014-07-28T17:32:25.988+0000: 2310.201: [GC [PSYoungGen: 195570K->320K(191232K)] 400458K->205288K(878208K), 0.0048210 secs] [Times: user=0.03 sys=0.00, real=0.01 secs] 
2014-07-28T17:32:26.630+0000: 2310.844: [GC [PSYoungGen: 191232K->320K(187200K)] 396200K->205344K(874176K), 0.0048200 secs] [Times: user=0.02 sys=0.00, real=0.01 secs] 
2014-07-28T17:32:27.243+0000: 2311.457: [GC [PSYoungGen: 187200K->288K(183296K)] 392224K->205328K(870272K), 0.0061100 secs] [Times: user=0.04 sys=0.00, real=0.00 secs] 
2014-07-28T17:32:27.851+0000: 2312.065: [GC [PSYoungGen: 183264K->320K(179520K)] 388304K->205424K(866496K), 0.0072410 secs] [Times: user=0.05 sys=0.00, real=0.00 secs] 
2014-07-28T17:32:28.449+0000: 2312.663: [GC [PSYoungGen: 179518K->256K(175808K)] 384622K->205408K(862784K), 0.0025330 secs] [Times: user=0.01 sys=0.00, real=0.01 secs] 
2014-07-28T17:32:29.047+0000: 2313.261: [GC [PSYoungGen: 175808K->256K(172288K)] 380960K->205464K(859264K), 0.0039090 secs] [Times: user=0.02 sys=0.00, real=0.00 secs] 
2014-07-28T17:32:29.626+0000: 2313.840: [GC [PSYoungGen: 172288K->320K(168960K)] 377496K->205600K(855936K), 0.0072670 secs] [Times: user=0.05 sys=0.00, real=0.01 secs] 
2014-07-28T17:32:30.177+0000: 2314.390: [GC [PSYoungGen: 168960K->384K(165696K)] 374240K->205680K(852672K), 0.0057590 secs] [Times: user=0.04 sys=0.00, real=0.01 secs] 
2014-07-28T17:32:30.745+0000: 2314.958: [GC [PSYoungGen: 165696K->224K(162368K)] 370992K->205568K(849344K), 0.0027130 secs] [Times: user=0.01 sys=0.00, real=0.00 secs] 
2014-07-28T17:32:31.289+0000: 2315.502: [GC [PSYoungGen: 162336K->384K(159424K)] 367680K->205776K(846400K), 0.0043510 secs] [Times: user=0.02 sys=0.00, real=0.01 secs] 
2014-07-28T17:32:31.861+0000: 2316.075: [GC [PSYoungGen: 159424K->256K(156288K)] 364816K->205712K(843264K), 0.0084090 secs] [Times: user=0.06 sys=0.00, real=0.00 secs] 
2014-07-28T17:32:32.403+0000: 2316.617: [GC [PSYoungGen: 156288K->320K(153472K)] 361744K->205848K(840448K), 0.0035620 secs] [Times: user=0.02 sys=0.00, real=0.00 secs] 
2014-07-28T17:32:32.898+0000: 2317.112: [GC [PSYoungGen: 153472K->320K(150656K)] 359000K->205896K(837632K), 0.0037500 secs] [Times: user=0.02 sys=0.01, real=0.00 secs] 
2014-07-28T17:32:33.388+0000: 2317.602: [GC [PSYoungGen: 150656K->224K(147840K)] 356232K->205840K(834816K), 0.0052670 secs] [Times: user=0.03 sys=0.00, real=0.01 secs] 
2014-07-28T17:32:33.894+0000: 2318.107: [GC [PSYoungGen: 147808K->256K(145216K)] 353424K->205920K(832192K), 0.0045750 secs] [Times: user=0.02 sys=0.00, real=0.00 secs] 
2014-07-28T17:32:34.386+0000: 2318.600: [GC [PSYoungGen: 145216K->288K(142720K)] 350880K->206000K(829696K), 0.0041610 secs] [Times: user=0.02 sys=0.00, real=0.00 secs] 
2014-07-28T17:32:34.882+0000: 2319.096: [GC [PSYoungGen: 142688K->288K(140224K)] 348400K->206024K(827200K), 0.0043940 secs] [Times: user=0.02 sys=0.01, real=0.00 secs] 
2014-07-28T17:32:35.338+0000: 2319.552: [GC [PSYoungGen: 140192K->320K(137792K)] 345928K->206192K(824768K), 0.0032300 secs] [Times: user=0.02 sys=0.00, real=0.00 secs] 
2014-07-28T17:32:35.775+0000: 2319.989: [GC [PSYoungGen: 137791K->256K(135360K)] 343663K->206168K(822336K), 0.0040580 secs] [Times: user=0.02 sys=0.00, real=0.00 secs] 
2014-07-28T17:32:36.220+0000: 2320.434: [GC [PSYoungGen: 135360K->416K(133248K)] 341272K->206384K(820224K), 0.0043700 secs] [Times: user=0.02 sys=0.00, real=0.01 secs] 
2014-07-28T17:32:36.651+0000: 2320.865: [GC [PSYoungGen: 133169K->320K(130880K)] 339137K->206344K(817856K), 0.0031380 secs] [Times: user=0.01 sys=0.00, real=0.01 secs] 
2014-07-28T17:32:37.080+0000: 2321.294: [GC [PSYoungGen: 130880K->320K(128704K)] 336904K->206376K(815680K), 0.0054590 secs] [Times: user=0.04 sys=0.01, real=0.01 secs] 
2014-07-28T17:32:37.509+0000: 2321.722: [GC [PSYoungGen: 128704K->384K(126656K)] 334760K->206496K(813632K), 0.0027090 secs] [Times: user=0.01 sys=0.00, real=0.00 secs] 
2014-07-28T17:32:37.923+0000: 2322.136: [GC [PSYoungGen: 126656K->384K(124608K)] 332768K->206528K(811584K), 0.0030400 secs] [Times: user=0.02 sys=0.00, real=0.00 secs] 
2014-07-28T17:32:38.378+0000: 2322.592: [GC [PSYoungGen: 124608K->448K(122688K)] 330752K->206688K(809664K), 0.0047900 secs] [Times: user=0.02 sys=0.00, real=0.01 secs] 
2014-07-28T17:32:38.808+0000: 2323.022: [GC [PSYoungGen: 122688K->256K(120576K)] 328928K->206616K(807552K), 0.0043290 secs] [Times: user=0.03 sys=0.00, real=0.01 secs] 
2014-07-28T17:32:39.203+0000: 2323.417: [GC [PSYoungGen: 120576K->320K(118784K)] 326936K->206696K(805760K), 0.0041430 secs] [Times: user=0.02 sys=0.00, real=0.00 secs] 
2014-07-28T17:32:39.593+0000: 2323.806: [GC [PSYoungGen: 118784K->224K(142464K)] 325160K->206656K(829440K), 0.0060090 secs] [Times: user=0.03 sys=0.00, real=0.01 secs] 
2014-07-28T17:32:40.056+0000: 2324.270: [GC [PSYoungGen: 142432K->352K(140096K)] 348864K->206792K(827072K), 0.0029310 secs] [Times: user=0.01 sys=0.01, real=0.00 secs] 
2014-07-28T17:32:40.519+0000: 2324.733: [GC [PSYoungGen: 140050K->192K(137472K)] 346490K->206672K(824448K), 0.0026890 secs] [Times: user=0.01 sys=0.01, real=0.00 secs] 
2014-07-28T17:32:40.981+0000: 2325.195: [GC [PSYoungGen: 137472K->480K(165248K)] 343952K->206992K(852224K), 0.0081610 secs] [Times: user=0.05 sys=0.00, real=0.01 secs] 
2014-07-28T17:32:41.544+0000: 2325.758: [GC [PSYoungGen: 165216K->384K(161920K)] 371728K->206976K(848896K), 0.0037700 secs] [Times: user=0.03 sys=0.00, real=0.00 secs] 
2014-07-28T17:32:42.061+0000: 2326.275: [GC [PSYoungGen: 161920K->320K(158784K)] 368512K->206944K(845760K), 0.0039180 secs] [Times: user=0.02 sys=0.01, real=0.01 secs] 
2014-07-28T17:32:42.553+0000: 2326.766: [GC [PSYoungGen: 158784K->480K(190720K)] 365408K->207168K(877696K), 0.0188200 secs] [Times: user=0.10 sys=0.02, real=0.02 secs] 
2014-07-28T17:32:43.174+0000: 2327.387: [GC [PSYoungGen: 190688K->384K(228672K)] 397376K->207080K(915648K), 0.0041990 secs] [Times: user=0.02 sys=0.00, real=0.00 secs] 
2014-07-28T17:32:43.926+0000: 2328.139: [GC [PSYoungGen: 228672K->224K(274240K)] 435368K->206968K(961216K), 0.0034500 secs] [Times: user=0.01 sys=0.00, real=0.00 secs] 
2014-07-28T17:32:44.824+0000: 2329.037: [GC [PSYoungGen: 274208K->288K(267264K)] 480952K->207080K(954240K), 0.0026840 secs] [Times: user=0.01 sys=0.00, real=0.00 secs] 
2014-07-28T17:32:45.707+0000: 2329.920: [GC [PSYoungGen: 267232K->288K(301376K)] 474024K->207096K(988352K), 0.0125670 secs] [Times: user=0.08 sys=0.00, real=0.01 secs] 
2014-07-28T17:32:46.689+0000: 2330.903: [GC [PSYoungGen: 301088K->352K(293120K)] 507896K->207240K(980096K), 0.0041540 secs] [Times: user=0.03 sys=0.00, real=0.00 secs] 
2014-07-28T17:32:47.635+0000: 2331.849: [GC [PSYoungGen: 293088K->256K(285248K)] 499976K->207240K(972224K), 0.0040400 secs] [Times: user=0.02 sys=0.00, real=0.00 secs] 
2014-07-28T17:32:48.651+0000: 2332.865: [GC [PSYoungGen: 285248K->352K(277952K)] 492232K->207392K(964928K), 0.0051760 secs] [Times: user=0.02 sys=0.00, real=0.01 secs] 
2014-07-28T17:32:49.606+0000: 2333.820: [GC [PSYoungGen: 277920K->352K(270784K)] 484960K->207464K(957760K), 0.0046080 secs] [Times: user=0.03 sys=0.00, real=0.00 secs] 
2014-07-28T17:32:50.466+0000: 2334.680: [GC [PSYoungGen: 270752K->434K(263936K)] 477864K->207570K(950912K), 0.0054390 secs] [Times: user=0.02 sys=0.01, real=0.00 secs] 
2014-07-28T17:32:51.328+0000: 2335.541: [GC [PSYoungGen: 263922K->256K(257088K)] 471058K->207560K(944064K), 0.0061210 secs] [Times: user=0.03 sys=0.00, real=0.00 secs] 
2014-07-28T17:32:52.169+0000: 2336.383: [GC [PSYoungGen: 257088K->416K(250880K)] 464392K->207792K(937856K), 0.0053090 secs] [Times: user=0.03 sys=0.00, real=0.01 secs] 
2014-07-28T17:32:53.025+0000: 2337.239: [GC [PSYoungGen: 250848K->288K(244608K)] 458224K->207736K(931584K), 0.0029070 secs] [Times: user=0.02 sys=0.00, real=0.00 secs] 
2014-07-28T17:32:53.860+0000: 2338.074: [GC [PSYoungGen: 244576K->384K(238784K)] 452024K->207856K(925760K), 0.0113520 secs] [Times: user=0.06 sys=0.00, real=0.01 secs] 
2014-07-28T17:32:54.683+0000: 2338.897: [GC [PSYoungGen: 238784K->384K(233088K)] 446256K->207936K(920064K), 0.0037070 secs] [Times: user=0.02 sys=0.00, real=0.01 secs] 
2014-07-28T17:32:55.442+0000: 2339.656: [GC [PSYoungGen: 233088K->288K(227520K)] 440640K->207888K(914496K), 0.0035130 secs] [Times: user=0.02 sys=0.00, real=0.01 secs] 
2014-07-28T17:32:56.238+0000: 2340.452: [GC [PSYoungGen: 227488K->384K(222272K)] 435088K->208088K(909248K), 0.0030480 secs] [Times: user=0.01 sys=0.00, real=0.00 secs] 
2014-07-28T17:32:56.975+0000: 2341.189: [GC [PSYoungGen: 222272K->384K(217152K)] 429976K->208144K(904128K), 0.0036780 secs] [Times: user=0.02 sys=0.00, real=0.00 secs] 
2014-07-28T17:32:57.742+0000: 2341.956: [GC [PSYoungGen: 217152K->448K(212288K)] 424912K->208320K(899264K), 0.0054860 secs] [Times: user=0.03 sys=0.00, real=0.01 secs] 
2014-07-28T17:32:58.519+0000: 2342.733: [GC [PSYoungGen: 212288K->562K(207680K)] 420160K->208458K(894656K), 0.0025290 secs] [Times: user=0.01 sys=0.00, real=0.00 secs] 
2014-07-28T17:32:59.251+0000: 2343.465: [GC [PSYoungGen: 207666K->320K(202816K)] 415562K->208272K(889792K), 0.0050800 secs] [Times: user=0.04 sys=0.00, real=0.01 secs] 
2014-07-28T17:32:59.930+0000: 2344.144: [GC [PSYoungGen: 202816K->320K(198400K)] 410768K->208328K(885376K), 0.0027560 secs] [Times: user=0.01 sys=0.00, real=0.00 secs] 
2014-07-28T17:33:00.589+0000: 2344.802: [GC [PSYoungGen: 198400K->288K(194112K)] 406408K->208352K(881088K), 0.0070600 secs] [Times: user=0.04 sys=0.00, real=0.00 secs] 
2014-07-28T17:33:01.211+0000: 2345.425: [GC [PSYoungGen: 194080K->448K(190144K)] 402144K->208560K(877120K), 0.0045560 secs] [Times: user=0.03 sys=0.00, real=0.00 secs] 
2014-07-28T17:33:01.846+0000: 2346.060: [GC [PSYoungGen: 190144K->256K(185984K)] 398256K->208408K(872960K), 0.0100320 secs] [Times: user=0.06 sys=0.00, real=0.01 secs] 
2014-07-28T17:33:02.456+0000: 2346.670: [GC [PSYoungGen: 185984K->288K(182208K)] 394136K->208496K(869184K), 0.0023830 secs] [Times: user=0.01 sys=0.00, real=0.00 secs] 
2014-07-28T17:33:03.066+0000: 2347.280: [GC [PSYoungGen: 182176K->256K(178432K)] 390384K->208504K(865408K), 0.0034860 secs] [Times: user=0.01 sys=0.00, real=0.00 secs] 
2014-07-28T17:33:03.630+0000: 2347.844: [GC [PSYoungGen: 178432K->320K(174912K)] 386680K->208640K(861888K), 0.0029010 secs] [Times: user=0.02 sys=0.00, real=0.00 secs] 
2014-07-28T17:33:04.227+0000: 2348.441: [GC [PSYoungGen: 174912K->416K(171520K)] 383232K->208744K(858496K), 0.0039830 secs] [Times: user=0.02 sys=0.00, real=0.00 secs] 
2014-07-28T17:33:04.841+0000: 2349.055: [GC [PSYoungGen: 171488K->288K(168000K)] 379816K->208672K(854976K), 0.0054880 secs] [Times: user=0.02 sys=0.00, real=0.01 secs] 
2014-07-28T17:33:05.406+0000: 2349.620: [GC [PSYoungGen: 167968K->224K(164672K)] 376352K->208632K(851648K), 0.0063120 secs] [Times: user=0.03 sys=0.01, real=0.00 secs] 
2014-07-28T17:33:05.984+0000: 2350.198: [GC [PSYoungGen: 164640K->224K(161472K)] 373048K->208680K(848448K), 0.0052850 secs] [Times: user=0.03 sys=0.00, real=0.01 secs] 
2014-07-28T17:33:06.553+0000: 2350.766: [GC [PSYoungGen: 161440K->256K(158400K)] 369896K->208768K(845376K), 0.0025110 secs] [Times: user=0.01 sys=0.00, real=0.00 secs] 
2014-07-28T17:33:07.078+0000: 2351.292: [GC [PSYoungGen: 158400K->448K(155648K)] 366912K->208984K(842624K), 0.0028430 secs] [Times: user=0.01 sys=0.00, real=0.00 secs] 
2014-07-28T17:33:07.609+0000: 2351.823: [GC [PSYoungGen: 155648K->288K(152640K)] 364184K->208888K(839616K), 0.0037260 secs] [Times: user=0.02 sys=0.00, real=0.00 secs] 
2014-07-28T17:33:08.108+0000: 2352.321: [GC [PSYoungGen: 152608K->320K(149824K)] 361208K->208920K(836800K), 0.0032910 secs] [Times: user=0.02 sys=0.00, real=0.00 secs] 
2014-07-28T17:33:08.592+0000: 2352.806: [GC [PSYoungGen: 149824K->338K(147200K)] 358424K->209002K(834176K), 0.0034350 secs] [Times: user=0.02 sys=0.00, real=0.00 secs] 
2014-07-28T17:33:09.135+0000: 2353.349: [GC [PSYoungGen: 147154K->256K(144448K)] 355818K->208928K(831424K), 0.0048190 secs] [Times: user=0.02 sys=0.00, real=0.01 secs] 
2014-07-28T17:33:09.621+0000: 2353.835: [GC [PSYoungGen: 144448K->416K(142080K)] 353120K->209192K(829056K), 0.0047100 secs] [Times: user=0.03 sys=0.00, real=0.00 secs] 
2014-07-28T17:33:10.109+0000: 2354.322: [GC [PSYoungGen: 142048K->224K(139392K)] 350824K->209008K(826368K), 0.0030290 secs] [Times: user=0.02 sys=0.00, real=0.00 secs] 
2014-07-28T17:33:10.564+0000: 2354.778: [GC [PSYoungGen: 139360K->384K(137088K)] 348144K->209248K(824064K), 0.0035660 secs] [Times: user=0.02 sys=0.00, real=0.01 secs] 
2014-07-28T17:33:11.070+0000: 2355.284: [GC [PSYoungGen: 137088K->288K(134656K)] 345952K->209160K(821632K), 0.0033250 secs] [Times: user=0.02 sys=0.00, real=0.00 secs] 
2014-07-28T17:33:11.503+0000: 2355.717: [GC [PSYoungGen: 134624K->448K(132544K)] 343496K->209416K(819520K), 0.0043330 secs] [Times: user=0.02 sys=0.00, real=0.01 secs] 
2014-07-28T17:33:11.955+0000: 2356.169: [GC [PSYoungGen: 132544K->320K(130240K)] 341512K->209328K(817216K), 0.0041530 secs] [Times: user=0.02 sys=0.00, real=0.01 secs] 
2014-07-28T17:33:12.389+0000: 2356.603: [GC [PSYoungGen: 130240K->434K(128192K)] 339248K->209530K(815168K), 0.0044640 secs] [Times: user=0.03 sys=0.00, real=0.00 secs] 
2014-07-28T17:33:12.816+0000: 2357.030: [GC [PSYoungGen: 128178K->288K(125952K)] 337274K->209440K(812928K), 0.0026430 secs] [Times: user=0.02 sys=0.00, real=0.01 secs] 
2014-07-28T17:33:13.221+0000: 2357.435: [GC [PSYoungGen: 125903K->320K(123904K)] 335055K->209512K(810880K), 0.0027230 secs] [Times: user=0.01 sys=0.00, real=0.00 secs] 
2014-07-28T17:33:13.643+0000: 2357.857: [GC [PSYoungGen: 123904K->352K(121984K)] 333096K->209600K(808960K), 0.0045600 secs] [Times: user=0.03 sys=0.00, real=0.01 secs] 
2014-07-28T17:33:14.053+0000: 2358.267: [GC [PSYoungGen: 121952K->384K(120064K)] 331200K->209640K(807040K), 0.0039280 secs] [Times: user=0.01 sys=0.00, real=0.00 secs] 
2014-07-28T17:33:14.461+0000: 2358.675: [GC [PSYoungGen: 120064K->256K(118080K)] 329320K->209568K(805056K), 0.0040730 secs] [Times: user=0.02 sys=0.01, real=0.00 secs] 
2014-07-28T17:33:14.841+0000: 2359.055: [GC [PSYoungGen: 118080K->256K(116288K)] 327392K->209584K(803264K), 0.0053470 secs] [Times: user=0.03 sys=0.00, real=0.00 secs] 
2014-07-28T17:33:15.231+0000: 2359.445: [GC [PSYoungGen: 116287K->288K(139584K)] 325615K->209648K(826560K), 0.0049470 secs] [Times: user=0.03 sys=0.00, real=0.00 secs] 
2014-07-28T17:33:15.740+0000: 2359.954: [GC [PSYoungGen: 139551K->288K(137152K)] 348912K->209712K(824128K), 0.0030130 secs] [Times: user=0.01 sys=0.00, real=0.00 secs] 
2014-07-28T17:33:16.193+0000: 2360.407: [GC [PSYoungGen: 137120K->224K(134720K)] 346544K->209672K(821696K), 0.0044450 secs] [Times: user=0.02 sys=0.00, real=0.00 secs] 
2014-07-28T17:33:16.655+0000: 2360.868: [GC [PSYoungGen: 134688K->512K(132672K)] 344136K->210048K(819648K), 0.0043450 secs] [Times: user=0.02 sys=0.00, real=0.01 secs] 
2014-07-28T17:33:17.150+0000: 2361.364: [GC [PSYoungGen: 132671K->320K(130304K)] 342207K->209880K(817280K), 0.0057630 secs] [Times: user=0.03 sys=0.00, real=0.00 secs] 
2014-07-28T17:33:17.605+0000: 2361.819: [GC [PSYoungGen: 130304K->384K(128192K)] 339864K->210016K(815168K), 0.0029500 secs] [Times: user=0.02 sys=0.00, real=0.01 secs] 
2014-07-28T17:33:18.031+0000: 2362.245: [GC [PSYoungGen: 128187K->320K(126016K)] 337819K->209976K(812992K), 0.0031820 secs] [Times: user=0.02 sys=0.00, real=0.00 secs] 
2014-07-28T17:33:18.461+0000: 2362.675: [GC [PSYoungGen: 126016K->320K(123968K)] 335672K->210024K(810944K), 0.0041530 secs] [Times: user=0.02 sys=0.00, real=0.00 secs] 
2014-07-28T17:33:18.871+0000: 2363.084: [GC [PSYoungGen: 123935K->256K(121920K)] 333639K->209992K(808896K), 0.0035620 secs] [Times: user=0.01 sys=0.00, real=0.00 secs] 
2014-07-28T17:33:19.283+0000: 2363.497: [GC [PSYoungGen: 121920K->320K(120064K)] 331656K->210104K(807040K), 0.0056990 secs] [Times: user=0.03 sys=0.00, real=0.00 secs] 
2014-07-28T17:33:19.665+0000: 2363.879: [GC [PSYoungGen: 120064K->512K(144256K)] 329848K->210376K(831232K), 0.0058990 secs] [Times: user=0.03 sys=0.00, real=0.01 secs] 
2014-07-28T17:33:20.113+0000: 2364.327: [GC [PSYoungGen: 144256K->256K(172800K)] 354120K->210192K(859776K), 0.0111760 secs] [Times: user=0.06 sys=0.00, real=0.01 secs] 
2014-07-28T17:33:20.695+0000: 2364.908: [GC [PSYoungGen: 172800K->384K(207488K)] 382736K->210384K(894464K), 0.0041380 secs] [Times: user=0.03 sys=0.00, real=0.00 secs] 
2014-07-28T17:33:21.387+0000: 2365.601: [GC [PSYoungGen: 207488K->448K(249024K)] 417488K->210488K(936000K), 0.0041590 secs] [Times: user=0.02 sys=0.00, real=0.01 secs] 
2014-07-28T17:33:22.180+0000: 2366.393: [GC [PSYoungGen: 249024K->256K(242752K)] 459064K->210344K(929728K), 0.0047780 secs] [Times: user=0.03 sys=0.00, real=0.00 secs] 
2014-07-28T17:33:22.978+0000: 2367.192: [GC [PSYoungGen: 242752K->512K(237184K)] 452840K->210680K(924160K), 0.0054990 secs] [Times: user=0.03 sys=0.00, real=0.01 secs] 
2014-07-28T17:33:23.760+0000: 2367.974: [GC [PSYoungGen: 237164K->256K(231296K)] 447333K->210472K(918272K), 0.0048730 secs] [Times: user=0.03 sys=0.00, real=0.00 secs] 
2014-07-28T17:33:24.528+0000: 2368.742: [GC [PSYoungGen: 231296K->288K(225920K)] 441512K->210520K(912896K), 0.0051310 secs] [Times: user=0.03 sys=0.00, real=0.01 secs] 
2014-07-28T17:33:25.242+0000: 2369.456: [GC [PSYoungGen: 225860K->562K(220928K)] 436092K->210874K(907904K), 0.0050230 secs] [Times: user=0.02 sys=0.00, real=0.00 secs] 
2014-07-28T17:33:25.979+0000: 2370.193: [GC [PSYoungGen: 220914K->288K(215616K)] 431226K->210640K(902592K), 0.0035810 secs] [Times: user=0.02 sys=0.00, real=0.01 secs] 
2014-07-28T17:33:26.697+0000: 2370.911: [GC [PSYoungGen: 215584K->352K(210816K)] 425936K->210752K(897792K), 0.0040450 secs] [Times: user=0.02 sys=0.00, real=0.01 secs] 
2014-07-28T17:33:27.454+0000: 2371.667: [GC [PSYoungGen: 210784K->256K(206016K)] 421184K->210696K(892992K), 0.0043900 secs] [Times: user=0.02 sys=0.00, real=0.00 secs] 
2014-07-28T17:33:28.151+0000: 2372.365: [GC [PSYoungGen: 206016K->320K(201536K)] 416456K->210832K(888512K), 0.0046770 secs] [Times: user=0.02 sys=0.00, real=0.00 secs] 
2014-07-28T17:33:28.825+0000: 2373.039: [GC [PSYoungGen: 201536K->256K(197120K)] 412048K->210824K(884096K), 0.0034780 secs] [Times: user=0.02 sys=0.00, real=0.00 secs] 
2014-07-28T17:33:29.540+0000: 2373.754: [GC [PSYoungGen: 197120K->288K(192960K)] 407688K->210880K(879936K), 0.0042960 secs] [Times: user=0.02 sys=0.00, real=0.01 secs] 
2014-07-28T17:33:30.177+0000: 2374.391: [GC [PSYoungGen: 192928K->256K(188800K)] 403520K->210904K(875776K), 0.0032940 secs] [Times: user=0.02 sys=0.00, real=0.01 secs] 
2014-07-28T17:33:30.819+0000: 2375.032: [GC [PSYoungGen: 188800K->352K(184960K)] 399448K->211088K(871936K), 0.0040190 secs] [Times: user=0.03 sys=0.00, real=0.01 secs] 
2014-07-28T17:33:31.437+0000: 2375.651: [GC [PSYoungGen: 184928K->288K(181056K)] 395664K->211048K(868032K), 0.0028660 secs] [Times: user=0.01 sys=0.00, real=0.01 secs] 
2014-07-28T17:33:32.049+0000: 2376.263: [GC [PSYoungGen: 181024K->352K(177408K)] 391784K->211184K(864384K), 0.0040460 secs] [Times: user=0.01 sys=0.00, real=0.01 secs] 
2014-07-28T17:33:32.636+0000: 2376.849: [GC [PSYoungGen: 177376K->224K(173696K)] 388208K->211088K(860672K), 0.0103070 secs] [Times: user=0.06 sys=0.00, real=0.01 secs] 
2014-07-28T17:33:33.224+0000: 2377.437: [GC [PSYoungGen: 173664K->320K(170304K)] 384528K->211192K(857280K), 0.0022560 secs] [Times: user=0.01 sys=0.00, real=0.00 secs] 
2014-07-28T17:33:33.771+0000: 2377.984: [GC [PSYoungGen: 170304K->288K(166976K)] 381176K->211224K(853952K), 0.0041430 secs] [Times: user=0.02 sys=0.00, real=0.01 secs] 
2014-07-28T17:33:34.315+0000: 2378.529: [GC [PSYoungGen: 166934K->288K(163712K)] 377870K->211288K(850688K), 0.0056020 secs] [Times: user=0.04 sys=0.01, real=0.01 secs] 
2014-07-28T17:33:34.823+0000: 2379.037: [GC [PSYoungGen: 163680K->384K(160640K)] 374680K->211464K(847616K), 0.0036400 secs] [Times: user=0.02 sys=0.00, real=0.00 secs] 
2014-07-28T17:33:35.338+0000: 2379.552: [GC [PSYoungGen: 160640K->384K(157568K)] 371720K->211472K(844544K), 0.0053100 secs] [Times: user=0.03 sys=0.00, real=0.01 secs] 
2014-07-28T17:33:35.843+0000: 2380.057: [GC [PSYoungGen: 157568K->192K(154432K)] 368656K->211320K(841408K), 0.0067600 secs] [Times: user=0.04 sys=0.00, real=0.00 secs] 
2014-07-28T17:33:36.350+0000: 2380.564: [GC [PSYoungGen: 154432K->384K(185472K)] 365560K->211512K(872448K), 0.0082580 secs] [Times: user=0.05 sys=0.01, real=0.01 secs] 
2014-07-28T17:33:36.947+0000: 2381.160: [GC [PSYoungGen: 185472K->320K(222464K)] 396600K->211528K(909440K), 0.0056430 secs] [Times: user=0.04 sys=0.00, real=0.01 secs] 
2014-07-28T17:33:37.637+0000: 2381.851: [GC [PSYoungGen: 222428K->192K(266816K)] 433636K->211440K(953792K), 0.0070340 secs] [Times: user=0.05 sys=0.00, real=0.01 secs] 
2014-07-28T17:33:38.472+0000: 2382.686: [GC [PSYoungGen: 266816K->384K(283008K)] 478064K->211640K(969984K), 0.0093570 secs] [Times: user=0.07 sys=0.00, real=0.01 secs] 
2014-07-28T17:33:39.387+0000: 2383.601: [GC [PSYoungGen: 282880K->288K(275456K)] 494136K->211600K(962432K), 0.0054630 secs] [Times: user=0.03 sys=0.01, real=0.01 secs] 
2014-07-28T17:33:40.424+0000: 2384.638: [GC [PSYoungGen: 275424K->256K(268352K)] 486736K->211600K(955328K), 0.0032930 secs] [Times: user=0.01 sys=0.01, real=0.00 secs] 
2014-07-28T17:33:41.461+0000: 2385.675: [GC [PSYoungGen: 268352K->448K(261760K)] 479696K->211856K(948736K), 0.0023710 secs] [Times: user=0.02 sys=0.00, real=0.01 secs] 
2014-07-28T17:33:42.334+0000: 2386.548: [GC [PSYoungGen: 261760K->384K(255168K)] 473168K->211848K(942144K), 0.0068640 secs] [Times: user=0.04 sys=0.00, real=0.00 secs] 
2014-07-28T17:33:43.251+0000: 2387.464: [GC [PSYoungGen: 255168K->384K(248896K)] 466632K->211896K(935872K), 0.0038920 secs] [Times: user=0.01 sys=0.01, real=0.01 secs] 
2014-07-28T17:33:44.104+0000: 2388.318: [GC [PSYoungGen: 248896K->448K(242880K)] 460408K->212032K(929856K), 0.0035640 secs] [Times: user=0.01 sys=0.01, real=0.00 secs] 
2014-07-28T17:33:44.929+0000: 2389.143: [GC [PSYoungGen: 242880K->288K(236928K)] 454464K->211936K(923904K), 0.0023330 secs] [Times: user=0.02 sys=0.00, real=0.00 secs] 
2014-07-28T17:33:45.721+0000: 2389.934: [GC [PSYoungGen: 236896K->352K(231360K)] 448544K->212064K(918336K), 0.0043140 secs] [Times: user=0.02 sys=0.00, real=0.01 secs] 
2014-07-28T17:33:46.509+0000: 2390.722: [GC [PSYoungGen: 231328K->384K(225920K)] 443040K->212128K(912896K), 0.0043080 secs] [Times: user=0.03 sys=0.00, real=0.01 secs] 
2014-07-28T17:33:47.288+0000: 2391.502: [GC [PSYoungGen: 225920K->448K(220736K)] 437664K->212264K(907712K), 0.0039480 secs] [Times: user=0.02 sys=0.00, real=0.00 secs] 
2014-07-28T17:33:48.045+0000: 2392.259: [GC [PSYoungGen: 220736K->352K(215616K)] 432552K->212232K(902592K), 0.0063660 secs] [Times: user=0.04 sys=0.00, real=0.00 secs] 
2014-07-28T17:33:48.742+0000: 2392.956: [GC [PSYoungGen: 215584K->224K(210624K)] 427464K->212128K(897600K), 0.0035060 secs] [Times: user=0.02 sys=0.00, real=0.01 secs] 
2014-07-28T17:33:49.410+0000: 2393.624: [GC [PSYoungGen: 210592K->320K(206016K)] 422496K->212248K(892992K), 0.0028700 secs] [Times: user=0.02 sys=0.00, real=0.00 secs] 
2014-07-28T17:33:50.054+0000: 2394.268: [GC [PSYoungGen: 206016K->192K(201344K)] 417944K->212152K(888320K), 0.0065180 secs] [Times: user=0.04 sys=0.00, real=0.00 secs] 
2014-07-28T17:33:50.677+0000: 2394.890: [GC [PSYoungGen: 201344K->352K(197184K)] 413304K->212368K(884160K), 0.0065600 secs] [Times: user=0.03 sys=0.00, real=0.01 secs] 
2014-07-28T17:33:51.308+0000: 2395.522: [GC [PSYoungGen: 197152K->320K(192896K)] 409168K->212376K(879872K), 0.0040960 secs] [Times: user=0.03 sys=0.00, real=0.00 secs] 
2014-07-28T17:33:51.912+0000: 2396.126: [GC [PSYoungGen: 192896K->224K(188736K)] 404952K->212336K(875712K), 0.0072600 secs] [Times: user=0.05 sys=0.01, real=0.01 secs] 
2014-07-28T17:33:52.529+0000: 2396.743: [GC [PSYoungGen: 188704K->288K(184832K)] 400816K->212456K(871808K), 0.0040190 secs] [Times: user=0.02 sys=0.00, real=0.00 secs] 
2014-07-28T17:33:53.197+0000: 2397.411: [GC [PSYoungGen: 184800K->288K(180992K)] 396968K->212472K(867968K), 0.0103160 secs] [Times: user=0.06 sys=0.01, real=0.01 secs] 
2014-07-28T17:33:53.825+0000: 2398.039: [GC [PSYoungGen: 180960K->256K(217088K)] 393144K->212472K(904064K), 0.0193990 secs] [Times: user=0.12 sys=0.00, real=0.02 secs] 
2014-07-28T17:33:54.573+0000: 2398.787: [GC [PSYoungGen: 217088K->320K(260544K)] 429304K->212544K(947520K), 0.0031450 secs] [Times: user=0.01 sys=0.00, real=0.01 secs] 
2014-07-28T17:33:55.435+0000: 2399.649: [GC [PSYoungGen: 260544K->256K(278912K)] 472768K->212528K(965888K), 0.0035000 secs] [Times: user=0.01 sys=0.00, real=0.00 secs] 
2014-07-28T17:33:56.382+0000: 2400.596: [GC [PSYoungGen: 278656K->288K(271552K)] 490928K->212592K(958528K), 0.0047550 secs] [Times: user=0.01 sys=0.00, real=0.01 secs] 
2014-07-28T17:33:57.223+0000: 2401.437: [GC [PSYoungGen: 271520K->192K(264512K)] 483824K->212520K(951488K), 0.0032900 secs] [Times: user=0.01 sys=0.00, real=0.01 secs] 
2014-07-28T17:33:58.058+0000: 2402.272: [GC [PSYoungGen: 264487K->352K(258048K)] 476815K->212720K(945024K), 0.0080810 secs] [Times: user=0.04 sys=0.01, real=0.01 secs] 
2014-07-28T17:33:58.945+0000: 2403.158: [GC [PSYoungGen: 258016K->384K(251648K)] 470384K->212882K(938624K), 0.0055890 secs] [Times: user=0.03 sys=0.00, real=0.01 secs] 
2014-07-28T17:33:59.784+0000: 2403.998: [GC [PSYoungGen: 251648K->288K(245440K)] 464146K->212858K(932416K), 0.0024580 secs] [Times: user=0.01 sys=0.00, real=0.01 secs] 
2014-07-28T17:34:00.577+0000: 2404.791: [GC [PSYoungGen: 245408K->384K(239552K)] 457978K->212970K(926528K), 0.0052040 secs] [Times: user=0.01 sys=0.00, real=0.00 secs] 
2014-07-28T17:34:01.358+0000: 2405.572: [GC [PSYoungGen: 239552K->224K(233728K)] 452138K->212858K(920704K), 0.0031350 secs] [Times: user=0.02 sys=0.00, real=0.00 secs] 
2014-07-28T17:34:02.132+0000: 2406.346: [GC [PSYoungGen: 233696K->448K(228416K)] 446330K->213130K(915392K), 0.0115930 secs] [Times: user=0.05 sys=0.00, real=0.01 secs] 
2014-07-28T17:34:02.994+0000: 2407.207: [GC [PSYoungGen: 228416K->288K(222976K)] 441098K->213018K(909952K), 0.0049640 secs] [Times: user=0.03 sys=0.00, real=0.01 secs] 
2014-07-28T17:34:03.725+0000: 2407.939: [GC [PSYoungGen: 222944K->256K(217792K)] 435674K->213034K(904768K), 0.0039940 secs] [Times: user=0.01 sys=0.00, real=0.00 secs] 
2014-07-28T17:34:04.446+0000: 2408.660: [GC [PSYoungGen: 217792K->416K(213056K)] 430570K->213218K(900032K), 0.0050550 secs] [Times: user=0.03 sys=0.00, real=0.00 secs] 
2014-07-28T17:34:05.238+0000: 2409.452: [GC [PSYoungGen: 213024K->384K(208192K)] 425826K->213274K(895168K), 0.0082790 secs] [Times: user=0.06 sys=0.00, real=0.01 secs] 
2014-07-28T17:34:05.946+0000: 2410.160: [GC [PSYoungGen: 208156K->384K(203584K)] 421046K->213362K(890560K), 0.0050670 secs] [Times: user=0.03 sys=0.00, real=0.01 secs] 
2014-07-28T17:34:06.648+0000: 2410.862: [GC [PSYoungGen: 203560K->434K(199232K)] 416538K->213492K(886208K), 0.0022610 secs] [Times: user=0.01 sys=0.01, real=0.00 secs] 
2014-07-28T17:34:07.286+0000: 2411.500: [GC [PSYoungGen: 199218K->320K(194816K)] 412276K->213402K(881792K), 0.0058240 secs] [Times: user=0.03 sys=0.01, real=0.00 secs] 
2014-07-28T17:34:07.920+0000: 2412.134: [GC [PSYoungGen: 194769K->320K(190656K)] 407851K->213458K(877632K), 0.0059760 secs] [Times: user=0.03 sys=0.00, real=0.00 secs] 
2014-07-28T17:34:08.513+0000: 2412.727: [GC [PSYoungGen: 190656K->256K(186560K)] 403794K->213418K(873536K), 0.0066280 secs] [Times: user=0.04 sys=0.01, real=0.01 secs] 
2014-07-28T17:34:09.092+0000: 2413.306: [GC [PSYoungGen: 186560K->320K(182720K)] 399722K->213514K(869696K), 0.0043580 secs] [Times: user=0.03 sys=0.00, real=0.01 secs] 
2014-07-28T17:34:09.654+0000: 2413.867: [GC [PSYoungGen: 182720K->224K(178880K)] 395914K->213450K(865856K), 0.0056410 secs] [Times: user=0.03 sys=0.00, real=0.01 secs] 
2014-07-28T17:34:10.196+0000: 2414.410: [GC [PSYoungGen: 178848K->224K(214656K)] 392074K->213466K(901632K), 0.0080070 secs] [Times: user=0.05 sys=0.00, real=0.00 secs] 
2014-07-28T17:34:10.845+0000: 2415.059: [GC [PSYoungGen: 214624K->160K(209728K)] 427866K->213434K(896704K), 0.0060430 secs] [Times: user=0.03 sys=0.00, real=0.01 secs] 
2014-07-28T17:34:11.518+0000: 2415.732: [GC [PSYoungGen: 209696K->224K(205120K)] 422970K->213522K(892096K), 0.0068470 secs] [Times: user=0.04 sys=0.00, real=0.00 secs] 
2014-07-28T17:34:12.212+0000: 2416.426: [GC [PSYoungGen: 205088K->416K(246336K)] 418386K->213786K(933312K), 0.0094120 secs] [Times: user=0.06 sys=0.00, real=0.01 secs] 
2014-07-28T17:34:13.002+0000: 2417.215: [GC [PSYoungGen: 246280K->224K(240192K)] 459650K->213642K(927168K), 0.0053730 secs] [Times: user=0.03 sys=0.00, real=0.01 secs] 
2014-07-28T17:34:13.746+0000: 2417.959: [GC [PSYoungGen: 240160K->224K(273664K)] 453578K->213682K(960640K), 0.0084720 secs] [Times: user=0.06 sys=0.00, real=0.01 secs] 
2014-07-28T17:34:14.609+0000: 2418.823: [GC [PSYoungGen: 273312K->288K(266432K)] 486770K->213754K(953408K), 0.0066410 secs] [Times: user=0.04 sys=0.01, real=0.00 secs] 
2014-07-28T17:34:15.506+0000: 2419.720: [GC [PSYoungGen: 266400K->288K(259712K)] 479866K->213802K(946688K), 0.0063320 secs] [Times: user=0.04 sys=0.00, real=0.01 secs] 
2014-07-28T17:34:16.381+0000: 2420.595: [GC [PSYoungGen: 259680K->448K(288000K)] 473194K->214034K(974976K), 0.0143840 secs] [Times: user=0.09 sys=0.01, real=0.01 secs] 
2014-07-28T17:34:17.609+0000: 2421.823: [GC [PSYoungGen: 288000K->320K(280320K)] 501586K->213946K(967296K), 0.0135060 secs] [Times: user=1.52 sys=1.79, real=2.53 secs] 
2014-07-28T17:34:20.968+0000: 2425.181: [GC [PSYoungGen: 280320K->256K(273024K)] 493946K->213922K(960000K), 0.0073890 secs] [Times: user=0.04 sys=0.00, real=0.01 secs] 
2014-07-28T17:34:21.834+0000: 2426.047: [GC [PSYoungGen: 273024K->192K(287552K)] 486690K->213882K(974528K), 0.0148940 secs] [Times: user=0.09 sys=0.01, real=0.02 secs] 
2014-07-28T17:34:22.817+0000: 2427.030: [GC [PSYoungGen: 287168K->224K(279680K)] 500858K->213946K(966656K), 0.0068200 secs] [Times: user=0.04 sys=0.00, real=0.01 secs] 
2014-07-28T17:34:23.689+0000: 2427.902: [GC [PSYoungGen: 279648K->256K(272448K)] 493370K->214026K(959424K), 0.0068180 secs] [Times: user=0.04 sys=0.00, real=0.00 secs] 
2014-07-28T17:34:24.538+0000: 2428.752: [GC [PSYoungGen: 272448K->224K(265472K)] 486218K->214042K(952448K), 0.0047660 secs] [Times: user=0.03 sys=0.00, real=0.00 secs] 
2014-07-28T17:34:25.446+0000: 2429.660: [GC [PSYoungGen: 265440K->288K(258816K)] 479258K->214138K(945792K), 0.0075310 secs] [Times: user=0.04 sys=0.00, real=0.01 secs] 
2014-07-28T17:34:26.472+0000: 2430.685: [GC [PSYoungGen: 258784K->288K(252352K)] 472634K->214186K(939328K), 0.0066920 secs] [Times: user=1.00 sys=0.58, real=1.76 secs] 
2014-07-28T17:34:29.151+0000: 2433.364: [GC [PSYoungGen: 252320K->224K(246080K)] 466218K->214170K(933056K), 0.0069680 secs] [Times: user=0.04 sys=0.01, real=0.00 secs] 
2014-07-28T17:34:30.282+0000: 2434.496: [GC [PSYoungGen: 246048K->256K(240128K)] 459994K->214202K(927104K), 0.0099960 secs] [Times: user=0.06 sys=0.00, real=0.01 secs] 
2014-07-28T17:34:31.214+0000: 2435.427: [GC [PSYoungGen: 240128K->384K(234496K)] 454074K->214378K(921472K), 0.0050070 secs] [Times: user=0.03 sys=0.00, real=0.00 secs] 
2014-07-28T17:34:32.123+0000: 2436.337: [GC [PSYoungGen: 234464K->320K(228864K)] 448459K->214362K(915840K), 0.0072230 secs] [Times: user=0.05 sys=0.00, real=0.01 secs] 
2014-07-28T17:34:33.013+0000: 2437.227: [GC [PSYoungGen: 228864K->352K(223616K)] 442906K->214466K(910592K), 0.0052050 secs] [Times: user=0.03 sys=0.00, real=0.00 secs] 
2014-07-28T17:34:33.930+0000: 2438.144: [GC [PSYoungGen: 223584K->256K(218368K)] 437698K->214410K(905344K), 0.0093390 secs] [Times: user=0.06 sys=0.00, real=0.00 secs] 
2014-07-28T17:34:34.785+0000: 2438.999: [GC [PSYoungGen: 218368K->416K(213568K)] 432522K->214650K(900544K), 0.0040920 secs] [Times: user=0.02 sys=0.01, real=0.00 secs] 
2014-07-28T17:34:35.659+0000: 2439.873: [GC [PSYoungGen: 213536K->256K(208576K)] 427770K->214538K(895552K), 0.0049370 secs] [Times: user=0.03 sys=0.00, real=0.01 secs] 
2014-07-28T17:34:36.471+0000: 2440.685: [GC [PSYoungGen: 208576K->192K(203904K)] 422858K->214506K(890880K), 0.0037230 secs] [Times: user=0.01 sys=0.01, real=0.00 secs] 
2014-07-28T17:34:37.274+0000: 2441.488: [GC [PSYoungGen: 203904K->384K(199616K)] 418218K->214754K(886592K), 0.0111390 secs] [Times: user=0.06 sys=0.01, real=0.01 secs] 
2014-07-28T17:34:38.056+0000: 2442.270: [GC [PSYoungGen: 199610K->306K(195264K)] 413980K->214740K(882240K), 0.0031840 secs] [Times: user=0.02 sys=0.00, real=0.00 secs] 
2014-07-28T17:34:39.133+0000: 2443.347: [GC [PSYoungGen: 195250K->356K(191168K)] 409684K->214848K(878144K), 0.0051610 secs] [Times: user=0.02 sys=0.00, real=0.00 secs] 
2014-07-28T17:34:40.304+0000: 2444.518: [GC [PSYoungGen: 191140K->512K(187264K)] 405632K->215020K(874240K), 0.0048780 secs] [Times: user=0.36 sys=0.16, real=0.51 secs] 
2014-07-28T17:34:41.440+0000: 2445.654: [GC [PSYoungGen: 187264K->192K(183040K)] 401772K->214788K(870016K), 0.0039000 secs] [Times: user=0.02 sys=0.00, real=0.01 secs] 
2014-07-28T17:34:42.341+0000: 2446.554: [GC [PSYoungGen: 183040K->256K(179328K)] 397636K->214892K(866304K), 0.0034310 secs] [Times: user=0.02 sys=0.00, real=0.01 secs] 
2014-07-28T17:34:43.049+0000: 2447.263: [GC [PSYoungGen: 179328K->256K(175680K)] 393964K->214940K(862656K), 0.0058000 secs] [Times: user=0.04 sys=0.00, real=0.01 secs] 
2014-07-28T17:34:43.716+0000: 2447.930: [GC [PSYoungGen: 175680K->352K(172288K)] 390364K->215052K(859264K), 0.0055500 secs] [Times: user=0.03 sys=0.00, real=0.01 secs] 
2014-07-28T17:34:44.376+0000: 2448.590: [GC [PSYoungGen: 172256K->448K(168960K)] 386956K->215212K(855936K), 0.0043120 secs] [Times: user=0.02 sys=0.00, real=0.00 secs] 
2014-07-28T17:34:45.000+0000: 2449.214: [GC [PSYoungGen: 168960K->320K(165504K)] 383724K->215148K(852480K), 0.0052520 secs] [Times: user=0.03 sys=0.01, real=0.01 secs] 
2014-07-28T17:34:45.614+0000: 2449.828: [GC [PSYoungGen: 165504K->320K(162304K)] 380332K->215188K(849280K), 0.0105780 secs] [Times: user=0.05 sys=0.00, real=0.01 secs] 
2014-07-28T17:34:46.252+0000: 2450.466: [GC [PSYoungGen: 162304K->416K(159360K)] 377172K->215372K(846336K), 0.0058770 secs] [Times: user=0.02 sys=0.00, real=0.00 secs] 
2014-07-28T17:34:46.853+0000: 2451.067: [GC [PSYoungGen: 159328K->224K(156160K)] 374284K->215212K(843136K), 0.0030960 secs] [Times: user=0.02 sys=0.00, real=0.00 secs] 
2014-07-28T17:34:47.420+0000: 2451.634: [GC [PSYoungGen: 156128K->224K(153280K)] 371116K->215244K(840256K), 0.0028800 secs] [Times: user=0.01 sys=0.00, real=0.01 secs] 
2014-07-28T17:34:47.968+0000: 2452.182: [GC [PSYoungGen: 153248K->320K(150528K)] 368268K->215404K(837504K), 0.0049830 secs] [Times: user=0.02 sys=0.00, real=0.01 secs] 
2014-07-28T17:34:48.521+0000: 2452.735: [GC [PSYoungGen: 150528K->288K(147776K)] 365612K->215380K(834752K), 0.0031980 secs] [Times: user=0.01 sys=0.00, real=0.01 secs] 
2014-07-28T17:34:49.058+0000: 2453.272: [GC [PSYoungGen: 147744K->384K(145216K)] 362836K->215540K(832192K), 0.0055110 secs] [Times: user=0.03 sys=0.00, real=0.01 secs] 
2014-07-28T17:34:49.592+0000: 2453.806: [GC [PSYoungGen: 145216K->256K(142528K)] 360372K->215436K(829504K), 0.0038320 secs] [Times: user=0.01 sys=0.00, real=0.00 secs] 
2014-07-28T17:34:50.112+0000: 2454.326: [GC [PSYoungGen: 142514K->384K(140160K)] 357694K->215636K(827136K), 0.0037470 secs] [Times: user=0.02 sys=0.00, real=0.00 secs] 
2014-07-28T17:34:50.667+0000: 2454.881: [GC [PSYoungGen: 140156K->256K(137600K)] 355408K->215524K(824576K), 0.0043000 secs] [Times: user=0.02 sys=0.00, real=0.00 secs] 
2014-07-28T17:34:51.197+0000: 2455.411: [GC [PSYoungGen: 137600K->416K(135424K)] 352868K->215748K(822400K), 0.0034280 secs] [Times: user=0.01 sys=0.00, real=0.00 secs] 
2014-07-28T17:34:51.684+0000: 2455.898: [GC [PSYoungGen: 135392K->224K(132928K)] 350724K->215572K(819904K), 0.0058230 secs] [Times: user=0.03 sys=0.01, real=0.00 secs] 
2014-07-28T17:34:52.156+0000: 2456.370: [GC [PSYoungGen: 132896K->384K(130816K)] 348244K->215828K(817792K), 0.0034420 secs] [Times: user=0.01 sys=0.00, real=0.00 secs] 
2014-07-28T17:34:52.627+0000: 2456.841: [GC [PSYoungGen: 130816K->192K(128448K)] 346260K->215668K(815424K), 0.0028790 secs] [Times: user=0.01 sys=0.00, real=0.00 secs] 
2014-07-28T17:34:53.085+0000: 2457.299: [GC [PSYoungGen: 128448K->320K(126464K)] 343924K->215868K(813440K), 0.0051240 secs] [Times: user=0.03 sys=0.00, real=0.00 secs] 
2014-07-28T17:34:53.564+0000: 2457.777: [GC [PSYoungGen: 126464K->288K(151744K)] 342012K->215868K(838720K), 0.0108780 secs] [Times: user=0.05 sys=0.00, real=0.01 secs] 
2014-07-28T17:34:54.104+0000: 2458.318: [GC [PSYoungGen: 151712K->224K(182016K)] 367292K->215844K(868992K), 0.0069790 secs] [Times: user=0.03 sys=0.00, real=0.00 secs] 
2014-07-28T17:34:54.793+0000: 2459.007: [GC [PSYoungGen: 181984K->256K(218368K)] 397604K->215892K(905344K), 0.0051800 secs] [Times: user=0.02 sys=0.01, real=0.01 secs] 
2014-07-28T17:34:55.586+0000: 2459.799: [GC [PSYoungGen: 218368K->480K(213632K)] 434004K->216188K(900608K), 0.0033880 secs] [Times: user=0.02 sys=0.00, real=0.00 secs] 
2014-07-28T17:34:56.361+0000: 2460.575: [GC [PSYoungGen: 213600K->448K(208768K)] 429308K->216228K(895744K), 0.0067420 secs] [Times: user=0.04 sys=0.00, real=0.01 secs] 
2014-07-28T17:34:57.093+0000: 2461.307: [GC [PSYoungGen: 208768K->160K(203904K)] 424548K->215956K(890880K), 0.0047190 secs] [Times: user=0.02 sys=0.00, real=0.00 secs] 
2014-07-28T17:34:57.822+0000: 2462.036: [GC [PSYoungGen: 203872K->256K(199488K)] 419668K->216068K(886464K), 0.0043190 secs] [Times: user=0.03 sys=0.00, real=0.01 secs] 
2014-07-28T17:34:58.531+0000: 2462.745: [GC [PSYoungGen: 199488K->512K(195456K)] 415300K->216404K(882432K), 0.0056800 secs] [Times: user=0.03 sys=0.00, real=0.01 secs] 
2014-07-28T17:34:59.219+0000: 2463.433: [GC [PSYoungGen: 195456K->288K(191104K)] 411348K->216244K(878080K), 0.0027800 secs] [Times: user=0.02 sys=0.00, real=0.00 secs] 
2014-07-28T17:34:59.884+0000: 2464.098: [GC [PSYoungGen: 191072K->256K(187008K)] 407028K->216228K(873984K), 0.0025980 secs] [Times: user=0.01 sys=0.00, real=0.00 secs] 
2014-07-28T17:35:00.538+0000: 2464.751: [GC [PSYoungGen: 187008K->256K(183104K)] 402980K->216268K(870080K), 0.0063670 secs] [Times: user=0.02 sys=0.00, real=0.01 secs] 
2014-07-28T17:35:01.202+0000: 2465.416: [GC [PSYoungGen: 183104K->288K(179392K)] 399116K->216364K(866368K), 0.0078210 secs] [Times: user=0.04 sys=0.01, real=0.01 secs] 
2014-07-28T17:35:01.832+0000: 2466.046: [GC [PSYoungGen: 179360K->338K(175808K)] 395436K->216422K(862784K), 0.0043760 secs] [Times: user=0.03 sys=0.00, real=0.01 secs] 
2014-07-28T17:35:02.459+0000: 2466.673: [GC [PSYoungGen: 175762K->352K(172288K)] 391846K->216468K(859264K), 0.0105100 secs] [Times: user=0.06 sys=0.00, real=0.01 secs] 
2014-07-28T17:35:03.059+0000: 2467.273: [GC [PSYoungGen: 172256K->416K(168960K)] 388372K->216612K(855936K), 0.0033930 secs] [Times: user=0.02 sys=0.00, real=0.00 secs] 
2014-07-28T17:35:03.665+0000: 2467.878: [GC [PSYoungGen: 168928K->384K(165568K)] 385124K->216596K(852544K), 0.0034410 secs] [Times: user=0.02 sys=0.01, real=0.00 secs] 
2014-07-28T17:35:04.279+0000: 2468.493: [GC [PSYoungGen: 165545K->370K(162368K)] 381757K->216630K(849344K), 0.0060400 secs] [Times: user=0.04 sys=0.01, real=0.01 secs] 
2014-07-28T17:35:04.871+0000: 2469.085: [GC [PSYoungGen: 162327K->256K(159168K)] 378588K->216548K(846144K), 0.0052070 secs] [Times: user=0.01 sys=0.00, real=0.01 secs] 
2014-07-28T17:35:05.416+0000: 2469.629: [GC [PSYoungGen: 159168K->288K(156224K)] 375460K->216588K(843200K), 0.0047690 secs] [Times: user=0.03 sys=0.00, real=0.00 secs] 
2014-07-28T17:35:05.977+0000: 2470.191: [GC [PSYoungGen: 156192K->384K(153408K)] 372492K->216772K(840384K), 0.0050050 secs] [Times: user=0.03 sys=0.00, real=0.00 secs] 
2014-07-28T17:35:06.502+0000: 2470.715: [GC [PSYoungGen: 153363K->192K(150400K)] 369751K->216588K(837376K), 0.0036330 secs] [Times: user=0.01 sys=0.01, real=0.01 secs] 
2014-07-28T17:35:07.022+0000: 2471.236: [GC [PSYoungGen: 150400K->320K(147776K)] 366796K->216780K(834752K), 0.0054340 secs] [Times: user=0.03 sys=0.00, real=0.01 secs] 
2014-07-28T17:35:07.535+0000: 2471.749: [GC [PSYoungGen: 147776K->224K(145088K)] 364236K->216708K(832064K), 0.0051600 secs] [Times: user=0.03 sys=0.00, real=0.01 secs] 
2014-07-28T17:35:08.073+0000: 2472.287: [GC [PSYoungGen: 145056K->288K(142592K)] 361540K->216812K(829568K), 0.0050230 secs] [Times: user=0.02 sys=0.00, real=0.01 secs] 
2014-07-28T17:35:08.624+0000: 2472.837: [GC [PSYoungGen: 142560K->416K(140224K)] 359084K->216980K(827200K), 0.0054180 secs] [Times: user=0.02 sys=0.01, real=0.01 secs] 
2014-07-28T17:35:09.092+0000: 2473.306: [GC [PSYoungGen: 140192K->224K(137600K)] 356756K->216820K(824576K), 0.0028440 secs] [Times: user=0.01 sys=0.00, real=0.00 secs] 
2014-07-28T17:35:09.562+0000: 2473.776: [GC [PSYoungGen: 137568K->320K(135296K)] 354164K->216940K(822272K), 0.0061790 secs] [Times: user=0.04 sys=0.00, real=0.01 secs] 
2014-07-28T17:35:10.047+0000: 2474.261: [GC [PSYoungGen: 135296K->288K(162304K)] 351916K->216972K(849280K), 0.0075260 secs] [Times: user=0.05 sys=0.00, real=0.00 secs] 
2014-07-28T17:35:10.596+0000: 2474.810: [GC [PSYoungGen: 162232K->480K(159424K)] 378916K->217188K(846400K), 0.0031810 secs] [Times: user=0.01 sys=0.00, real=0.00 secs] 
2014-07-28T17:35:11.153+0000: 2475.367: [GC [PSYoungGen: 159392K->224K(156160K)] 376100K->216964K(843136K), 0.0038250 secs] [Times: user=0.02 sys=0.01, real=0.01 secs] 
2014-07-28T17:35:11.688+0000: 2475.902: [GC [PSYoungGen: 156128K->384K(153408K)] 372868K->217156K(840384K), 0.0065810 secs] [Times: user=0.02 sys=0.00, real=0.00 secs] 
2014-07-28T17:35:12.201+0000: 2476.415: [GC [PSYoungGen: 153408K->352K(184064K)] 370180K->217212K(871040K), 0.0109710 secs] [Times: user=0.05 sys=0.01, real=0.01 secs] 
2014-07-28T17:35:12.824+0000: 2477.038: [GC [PSYoungGen: 184032K->384K(220800K)] 400892K->217252K(907776K), 0.0073150 secs] [Times: user=0.04 sys=0.00, real=0.01 secs] 
2014-07-28T17:35:13.578+0000: 2477.792: [GC [PSYoungGen: 220800K->256K(264768K)] 437668K->217172K(951744K), 0.0053200 secs] [Times: user=0.03 sys=0.00, real=0.00 secs] 
2014-07-28T17:35:14.498+0000: 2478.712: [GC [PSYoungGen: 264768K->288K(258176K)] 481684K->217244K(945152K), 0.0031520 secs] [Times: user=0.01 sys=0.01, real=0.00 secs] 
2014-07-28T17:35:15.395+0000: 2479.609: [GC [PSYoungGen: 258144K->320K(251776K)] 475100K->217332K(938752K), 0.0043090 secs] [Times: user=0.02 sys=0.00, real=0.01 secs] 
2014-07-28T17:35:16.289+0000: 2480.503: [GC [PSYoungGen: 251776K->352K(245632K)] 468788K->217396K(932608K), 0.0101220 secs] [Times: user=0.05 sys=0.01, real=0.01 secs] 
2014-07-28T17:35:17.192+0000: 2481.405: [GC [PSYoungGen: 245600K->256K(239552K)] 462644K->217356K(926528K), 0.0063160 secs] [Times: user=0.03 sys=0.00, real=0.01 secs] 
2014-07-28T17:35:18.040+0000: 2482.254: [GC [PSYoungGen: 239552K->416K(233984K)] 456652K->217532K(920960K), 0.0029640 secs] [Times: user=0.02 sys=0.00, real=0.00 secs] 
2014-07-28T17:35:18.889+0000: 2483.102: [GC [PSYoungGen: 233952K->384K(228416K)] 451068K->217588K(915392K), 0.0080410 secs] [Times: user=0.05 sys=0.00, real=0.00 secs] 
2014-07-28T17:35:19.674+0000: 2483.888: [GC [PSYoungGen: 228416K->288K(223040K)] 445620K->217556K(910016K), 0.0046260 secs] [Times: user=0.02 sys=0.00, real=0.01 secs] 
2014-07-28T17:35:20.410+0000: 2484.624: [GC [PSYoungGen: 222973K->256K(217856K)] 440241K->217572K(904832K), 0.0046160 secs] [Times: user=0.03 sys=0.00, real=0.00 secs] 
2014-07-28T17:35:21.152+0000: 2485.365: [GC [PSYoungGen: 217856K->256K(212928K)] 435172K->217628K(899904K), 0.0031810 secs] [Times: user=0.02 sys=0.00, real=0.00 secs] 
2014-07-28T17:35:21.872+0000: 2486.085: [GC [PSYoungGen: 212928K->288K(208192K)] 430300K->217692K(895168K), 0.0100270 secs] [Times: user=0.05 sys=0.00, real=0.01 secs] 
2014-07-28T17:35:22.589+0000: 2486.803: [GC [PSYoungGen: 208160K->320K(203584K)] 425564K->217780K(890560K), 0.0063920 secs] [Times: user=0.04 sys=0.00, real=0.00 secs] 
2014-07-28T17:35:23.275+0000: 2487.489: [GC [PSYoungGen: 203584K->256K(199040K)] 421044K->217780K(886016K), 0.0062280 secs] [Times: user=0.03 sys=0.00, real=0.01 secs] 
2014-07-28T17:35:23.939+0000: 2488.153: [GC [PSYoungGen: 199040K->320K(194816K)] 416564K->217876K(881792K), 0.0041180 secs] [Times: user=0.01 sys=0.00, real=0.00 secs] 
2014-07-28T17:35:24.583+0000: 2488.797: [GC [PSYoungGen: 194816K->256K(190592K)] 412372K->217836K(877568K), 0.0045150 secs] [Times: user=0.02 sys=0.00, real=0.00 secs] 
2014-07-28T17:35:25.210+0000: 2489.424: [GC [PSYoungGen: 190592K->224K(186560K)] 408172K->217844K(873536K), 0.0052290 secs] [Times: user=0.03 sys=0.01, real=0.00 secs] 
2014-07-28T17:35:25.841+0000: 2490.055: [GC [PSYoungGen: 186528K->224K(182656K)] 404148K->217860K(869632K), 0.0058740 secs] [Times: user=0.04 sys=0.00, real=0.00 secs] 
2014-07-28T17:35:26.496+0000: 2490.710: [GC [PSYoungGen: 182624K->416K(179072K)] 400260K->218124K(866048K), 0.0060400 secs] [Times: user=0.03 sys=0.00, real=0.01 secs] 
2014-07-28T17:35:27.110+0000: 2491.323: [GC [PSYoungGen: 179040K->288K(175296K)] 396748K->218052K(862272K), 0.0036870 secs] [Times: user=0.01 sys=0.00, real=0.00 secs] 
2014-07-28T17:35:27.704+0000: 2491.918: [GC [PSYoungGen: 175264K->338K(171840K)] 393028K->218110K(858816K), 0.0026170 secs] [Times: user=0.01 sys=0.00, real=0.00 secs] 
2014-07-28T17:35:28.265+0000: 2492.479: [GC [PSYoungGen: 171794K->256K(168320K)] 389566K->218060K(855296K), 0.0105120 secs] [Times: user=0.06 sys=0.00, real=0.01 secs] 
2014-07-28T17:35:28.836+0000: 2493.050: [GC [PSYoungGen: 168320K->480K(165312K)] 386124K->218332K(852288K), 0.0034560 secs] [Times: user=0.02 sys=0.01, real=0.01 secs] 
2014-07-28T17:35:29.378+0000: 2493.591: [GC [PSYoungGen: 165280K->320K(161920K)] 383132K->218220K(848896K), 0.0056360 secs] [Times: user=0.03 sys=0.00, real=0.01 secs] 
2014-07-28T17:35:29.916+0000: 2494.130: [GC [PSYoungGen: 161920K->352K(194304K)] 379820K->218300K(881280K), 0.0074340 secs] [Times: user=0.04 sys=0.01, real=0.01 secs] 
2014-07-28T17:35:30.558+0000: 2494.771: [GC [PSYoungGen: 194272K->256K(232960K)] 412220K->218212K(919936K), 0.0063780 secs] [Times: user=0.04 sys=0.00, real=0.01 secs] 
2014-07-28T17:35:31.350+0000: 2495.563: [GC [PSYoungGen: 232960K->352K(227584K)] 450916K->218364K(914560K), 0.0037680 secs] [Times: user=0.02 sys=0.00, real=0.00 secs] 
2014-07-28T17:35:32.098+0000: 2496.311: [GC [PSYoungGen: 227552K->288K(222208K)] 445564K->218364K(909184K), 0.0047420 secs] [Times: user=0.02 sys=0.00, real=0.01 secs] 
2014-07-28T17:35:32.847+0000: 2497.061: [GC [PSYoungGen: 222176K->384K(217152K)] 440252K->218484K(904128K), 0.0028530 secs] [Times: user=0.01 sys=0.00, real=0.01 secs] 
2014-07-28T17:35:33.580+0000: 2497.794: [GC [PSYoungGen: 217152K->256K(212096K)] 435252K->218404K(899072K), 0.0044040 secs] [Times: user=0.02 sys=0.00, real=0.00 secs] 
2014-07-28T17:35:34.288+0000: 2498.502: [GC [PSYoungGen: 212096K->384K(207488K)] 430244K->218588K(894464K), 0.0082900 secs] [Times: user=0.04 sys=0.00, real=0.01 secs] 
2014-07-28T17:35:34.997+0000: 2499.211: [GC [PSYoungGen: 207488K->384K(202880K)] 425692K->218668K(889856K), 0.0056250 secs] [Times: user=0.04 sys=0.00, real=0.01 secs] 
2014-07-28T17:35:35.649+0000: 2499.862: [GC [PSYoungGen: 202880K->384K(198464K)] 421164K->218716K(885440K), 0.0047930 secs] [Times: user=0.03 sys=0.00, real=0.01 secs] 
2014-07-28T17:35:36.326+0000: 2500.540: [GC [PSYoungGen: 198464K->320K(194112K)] 416796K->218724K(881088K), 0.0047570 secs] [Times: user=0.04 sys=0.00, real=0.01 secs] 
2014-07-28T17:35:36.964+0000: 2501.178: [GC [PSYoungGen: 194112K->192K(189888K)] 412516K->218628K(876864K), 0.0065860 secs] [Times: user=0.04 sys=0.00, real=0.01 secs] 
2014-07-28T17:35:37.599+0000: 2501.813: [GC [PSYoungGen: 189888K->192K(185920K)] 408324K->218652K(872896K), 0.0075780 secs] [Times: user=0.04 sys=0.00, real=0.01 secs] 
2014-07-28T17:35:38.241+0000: 2502.455: [GC [PSYoungGen: 185920K->224K(182144K)] 404380K->218716K(869120K), 0.0037560 secs] [Times: user=0.02 sys=0.00, real=0.00 secs] 
2014-07-28T17:35:38.888+0000: 2503.102: [GC [PSYoungGen: 182112K->320K(178496K)] 400604K->218828K(865472K), 0.0044830 secs] [Times: user=0.02 sys=0.00, real=0.01 secs] 
2014-07-28T17:35:39.473+0000: 2503.687: [GC [PSYoungGen: 178496K->192K(214016K)] 397004K->218724K(900992K), 0.0104440 secs] [Times: user=0.06 sys=0.01, real=0.01 secs] 
2014-07-28T17:35:40.171+0000: 2504.385: [GC [PSYoungGen: 214016K->480K(209536K)] 432548K->219100K(896512K), 0.0046780 secs] [Times: user=0.02 sys=0.00, real=0.00 secs] 
2014-07-28T17:35:40.853+0000: 2505.067: [GC [PSYoungGen: 209502K->256K(204608K)] 428122K->218892K(891584K), 0.0078360 secs] [Times: user=0.04 sys=0.00, real=0.01 secs] 
2014-07-28T17:35:41.575+0000: 2505.789: [GC [PSYoungGen: 204592K->320K(200192K)] 423228K->219004K(887168K), 0.0065270 secs] [Times: user=0.04 sys=0.00, real=0.01 secs] 
2014-07-28T17:35:42.309+0000: 2506.523: [GC [PSYoungGen: 200192K->224K(195776K)] 418876K->218940K(882752K), 0.0077310 secs] [Times: user=0.05 sys=0.00, real=0.01 secs] 
2014-07-28T17:35:42.945+0000: 2507.159: [GC [PSYoungGen: 195744K->466K(191872K)] 414460K->219222K(878848K), 0.0061170 secs] [Times: user=0.02 sys=0.00, real=0.01 secs] 
2014-07-28T17:35:43.559+0000: 2507.773: [GC [PSYoungGen: 191826K->320K(229952K)] 410582K->219108K(916928K), 0.0071600 secs] [Times: user=0.04 sys=0.00, real=0.01 secs] 
2014-07-28T17:35:44.325+0000: 2508.539: [GC [PSYoungGen: 229952K->320K(224576K)] 448740K->219164K(911552K), 0.0045960 secs] [Times: user=0.03 sys=0.00, real=0.00 secs] 
2014-07-28T17:35:45.063+0000: 2509.277: [GC [PSYoungGen: 224576K->416K(219520K)] 443420K->219348K(906496K), 0.0063410 secs] [Times: user=0.04 sys=0.00, real=0.00 secs] 
2014-07-28T17:35:45.770+0000: 2509.983: [GC [PSYoungGen: 219488K->256K(214336K)] 438420K->219204K(901312K), 0.0036560 secs] [Times: user=0.03 sys=0.00, real=0.01 secs] 
2014-07-28T17:35:46.500+0000: 2510.714: [GC [PSYoungGen: 214335K->288K(209600K)] 433283K->219284K(896576K), 0.0044520 secs] [Times: user=0.03 sys=0.00, real=0.01 secs] 
2014-07-28T17:35:47.198+0000: 2511.412: [GC [PSYoungGen: 209568K->256K(204864K)] 428564K->219292K(891840K), 0.0045100 secs] [Times: user=0.03 sys=0.00, real=0.01 secs] 
2014-07-28T17:35:47.885+0000: 2512.099: [GC [PSYoungGen: 204864K->320K(200448K)] 423900K->219380K(887424K), 0.0043480 secs] [Times: user=0.02 sys=0.00, real=0.00 secs] 
2014-07-28T17:35:48.528+0000: 2512.742: [GC [PSYoungGen: 200448K->192K(195968K)] 419508K->219276K(882944K), 0.0101820 secs] [Times: user=0.06 sys=0.00, real=0.01 secs] 
2014-07-28T17:35:49.161+0000: 2513.375: [GC [PSYoungGen: 195968K->352K(191936K)] 415052K->219524K(878912K), 0.0051870 secs] [Times: user=0.03 sys=0.00, real=0.00 secs] 
2014-07-28T17:35:49.815+0000: 2514.028: [GC [PSYoungGen: 191904K->288K(187840K)] 411076K->219476K(874816K), 0.0040250 secs] [Times: user=0.02 sys=0.00, real=0.00 secs] 
2014-07-28T17:35:50.423+0000: 2514.637: [GC [PSYoungGen: 187808K->288K(183936K)] 406996K->219532K(870912K), 0.0082050 secs] [Times: user=0.05 sys=0.00, real=0.00 secs] 
2014-07-28T17:35:51.047+0000: 2515.261: [GC [PSYoungGen: 183904K->416K(180288K)] 403148K->219716K(867264K), 0.0066460 secs] [Times: user=0.04 sys=0.01, real=0.01 secs] 
2014-07-28T17:35:51.661+0000: 2515.874: [GC [PSYoungGen: 180256K->288K(216128K)] 399556K->219628K(903104K), 0.0090710 secs] [Times: user=0.06 sys=0.00, real=0.01 secs] 
2014-07-28T17:35:52.361+0000: 2516.575: [GC [PSYoungGen: 216096K->256K(259264K)] 435436K->219660K(946240K), 0.0070590 secs] [Times: user=0.04 sys=0.00, real=0.01 secs] 
2014-07-28T17:35:53.215+0000: 2517.428: [GC [PSYoungGen: 259264K->256K(252800K)] 478668K->219700K(939776K), 0.0068910 secs] [Times: user=0.04 sys=0.00, real=0.00 secs] 
2014-07-28T17:35:54.029+0000: 2518.242: [GC [PSYoungGen: 252800K->224K(246592K)] 472244K->219684K(933568K), 0.0076470 secs] [Times: user=0.05 sys=0.00, real=0.01 secs] 
2014-07-28T17:35:54.846+0000: 2519.059: [GC [PSYoungGen: 246560K->192K(240512K)] 466020K->219700K(927488K), 0.0074310 secs] [Times: user=0.05 sys=0.01, real=0.01 secs] 
2014-07-28T17:35:55.629+0000: 2519.843: [GC [PSYoungGen: 240512K->320K(234880K)] 460020K->219884K(921856K), 0.0067440 secs] [Times: user=0.05 sys=0.00, real=0.01 secs] 
2014-07-28T17:35:56.421+0000: 2520.635: [GC [PSYoungGen: 234880K->352K(229376K)] 454444K->219964K(916352K), 0.0073810 secs] [Times: user=0.04 sys=0.01, real=0.01 secs] 
2014-07-28T17:35:57.383+0000: 2521.597: [GC [PSYoungGen: 229344K->256K(223872K)] 448956K->219884K(910848K), 0.0056690 secs] [Times: user=0.01 sys=0.00, real=0.00 secs] 
2014-07-28T17:35:58.313+0000: 2522.527: [GC [PSYoungGen: 223872K->384K(218816K)] 443500K->220076K(905792K), 0.0043780 secs] [Times: user=0.02 sys=0.00, real=0.00 secs] 
2014-07-28T17:35:59.121+0000: 2523.334: [GC [PSYoungGen: 218816K->320K(213760K)] 438508K->220132K(900736K), 0.0022990 secs] [Times: user=0.02 sys=0.00, real=0.01 secs] 
2014-07-28T17:35:59.865+0000: 2524.079: [GC [PSYoungGen: 213760K->224K(208896K)] 433572K->220060K(895872K), 0.0055820 secs] [Times: user=0.03 sys=0.00, real=0.00 secs] 
2014-07-28T17:36:00.580+0000: 2524.794: [GC [PSYoungGen: 208864K->288K(204352K)] 428700K->220188K(891328K), 0.0066350 secs] [Times: user=0.05 sys=0.00, real=0.01 secs] 
2014-07-28T17:36:01.298+0000: 2525.512: [GC [PSYoungGen: 204320K->192K(245056K)] 424220K->220116K(932032K), 0.0143760 secs] [Times: user=0.09 sys=0.01, real=0.01 secs] 
2014-07-28T17:36:02.127+0000: 2526.341: [GC [PSYoungGen: 245056K->416K(239360K)] 464980K->220428K(926336K), 0.0037000 secs] [Times: user=0.02 sys=0.00, real=0.00 secs] 
2014-07-28T17:36:02.990+0000: 2527.204: [GC [PSYoungGen: 239328K->288K(233536K)] 459340K->220308K(920512K), 0.0061290 secs] [Times: user=0.01 sys=0.01, real=0.01 secs] 
2014-07-28T17:36:03.913+0000: 2528.126: [GC [PSYoungGen: 233504K->320K(228032K)] 453524K->220460K(915008K), 0.0041850 secs] [Times: user=0.03 sys=0.00, real=0.01 secs] 
2014-07-28T17:36:04.749+0000: 2528.962: [GC [PSYoungGen: 228032K->256K(222656K)] 448172K->220444K(909632K), 0.0079330 secs] [Times: user=0.04 sys=0.00, real=0.01 secs] 
2014-07-28T17:36:05.500+0000: 2529.714: [GC [PSYoungGen: 222654K->320K(217600K)] 442842K->220572K(904576K), 0.0057990 secs] [Times: user=0.03 sys=0.00, real=0.01 secs] 
2014-07-28T17:36:06.204+0000: 2530.418: [GC [PSYoungGen: 217600K->256K(212608K)] 437852K->220548K(899584K), 0.0047590 secs] [Times: user=0.02 sys=0.00, real=0.01 secs] 
2014-07-28T17:36:06.902+0000: 2531.116: [GC [PSYoungGen: 212608K->320K(207936K)] 432900K->220620K(894912K), 0.0029810 secs] [Times: user=0.02 sys=0.00, real=0.01 secs] 
2014-07-28T17:36:07.561+0000: 2531.775: [GC [PSYoungGen: 207936K->416K(203456K)] 428236K->220772K(890432K), 0.0032120 secs] [Times: user=0.02 sys=0.00, real=0.01 secs] 
2014-07-28T17:36:08.238+0000: 2532.452: [GC [PSYoungGen: 203424K->320K(198912K)] 423780K->220796K(885888K), 0.0079950 secs] [Times: user=0.05 sys=0.00, real=0.01 secs] 
2014-07-28T17:36:08.913+0000: 2533.126: [GC [PSYoungGen: 198912K->256K(194560K)] 419388K->220740K(881536K), 0.0037290 secs] [Times: user=0.01 sys=0.00, real=0.01 secs] 
2014-07-28T17:36:09.572+0000: 2533.786: [GC [PSYoungGen: 194560K->416K(190592K)] 415044K->220956K(877568K), 0.0038990 secs] [Times: user=0.02 sys=0.00, real=0.01 secs] 
2014-07-28T17:36:10.232+0000: 2534.445: [GC [PSYoungGen: 190560K->384K(186496K)] 411100K->221004K(873472K), 0.0029650 secs] [Times: user=0.01 sys=0.00, real=0.00 secs] 
2014-07-28T17:36:10.846+0000: 2535.059: [GC [PSYoungGen: 186496K->288K(182592K)] 407116K->220924K(869568K), 0.0041830 secs] [Times: user=0.01 sys=0.00, real=0.00 secs] 
2014-07-28T17:36:11.463+0000: 2535.676: [GC [PSYoungGen: 182560K->352K(178944K)] 403196K->221068K(865920K), 0.0035460 secs] [Times: user=0.03 sys=0.00, real=0.01 secs] 
2014-07-28T17:36:12.048+0000: 2536.262: [GC [PSYoungGen: 178912K->288K(175232K)] 399628K->221052K(862208K), 0.0042660 secs] [Times: user=0.02 sys=0.00, real=0.00 secs] 
2014-07-28T17:36:12.672+0000: 2536.885: [GC [PSYoungGen: 175200K->384K(171776K)] 395964K->221172K(858752K), 0.0041940 secs] [Times: user=0.02 sys=0.01, real=0.01 secs] 
2014-07-28T17:36:13.237+0000: 2537.451: [GC [PSYoungGen: 171776K->320K(168320K)] 392564K->221172K(855296K), 0.0043600 secs] [Times: user=0.03 sys=0.00, real=0.00 secs] 
2014-07-28T17:36:13.809+0000: 2538.022: [GC [PSYoungGen: 168320K->384K(165120K)] 389172K->221236K(852096K), 0.0086040 secs] [Times: user=0.05 sys=0.00, real=0.01 secs] 
2014-07-28T17:36:14.373+0000: 2538.587: [GC [PSYoungGen: 165120K->384K(161920K)] 385972K->221332K(848896K), 0.0036510 secs] [Times: user=0.02 sys=0.00, real=0.01 secs] 
2014-07-28T17:36:14.894+0000: 2539.108: [GC [PSYoungGen: 161920K->530K(159040K)] 382868K->221550K(846016K), 0.0036390 secs] [Times: user=0.03 sys=0.00, real=0.01 secs] 
2014-07-28T17:36:15.415+0000: 2539.629: [GC [PSYoungGen: 158994K->256K(155712K)] 380014K->221300K(842688K), 0.0051430 secs] [Times: user=0.04 sys=0.00, real=0.00 secs] 
2014-07-28T17:36:15.940+0000: 2540.153: [GC [PSYoungGen: 155712K->256K(152832K)] 376756K->221356K(839808K), 0.0047950 secs] [Times: user=0.02 sys=0.00, real=0.00 secs] 
2014-07-28T17:36:16.482+0000: 2540.696: [GC [PSYoungGen: 152803K->384K(150144K)] 373903K->221492K(837120K), 0.0078410 secs] [Times: user=0.04 sys=0.00, real=0.01 secs] 
2014-07-28T17:36:16.966+0000: 2541.180: [GC [PSYoungGen: 150144K->416K(147520K)] 371252K->221580K(834496K), 0.0043750 secs] [Times: user=0.03 sys=0.01, real=0.00 secs] 
2014-07-28T17:36:17.450+0000: 2541.663: [GC [PSYoungGen: 147488K->320K(144768K)] 368652K->221500K(831744K), 0.0029950 secs] [Times: user=0.01 sys=0.00, real=0.00 secs] 
2014-07-28T17:36:17.917+0000: 2542.130: [GC [PSYoungGen: 144768K->384K(142272K)] 365948K->221636K(829248K), 0.0029660 secs] [Times: user=0.01 sys=0.00, real=0.00 secs] 
2014-07-28T17:36:18.384+0000: 2542.598: [GC [PSYoungGen: 142272K->256K(139648K)] 363524K->221516K(826624K), 0.0072740 secs] [Times: user=0.05 sys=0.00, real=0.01 secs] 
2014-07-28T17:36:18.859+0000: 2543.073: [GC [PSYoungGen: 139648K->320K(137280K)] 360908K->221644K(824256K), 0.0036540 secs] [Times: user=0.02 sys=0.00, real=0.00 secs] 
2014-07-28T17:36:19.345+0000: 2543.559: [GC [PSYoungGen: 137280K->256K(134848K)] 358604K->221596K(821824K), 0.0033510 secs] [Times: user=0.01 sys=0.00, real=0.01 secs] 
2014-07-28T17:36:19.800+0000: 2544.014: [GC [PSYoungGen: 134848K->352K(161920K)] 356188K->221740K(848896K), 0.0093490 secs] [Times: user=0.06 sys=0.00, real=0.01 secs] 
2014-07-28T17:36:20.354+0000: 2544.568: [GC [PSYoungGen: 161888K->352K(194240K)] 383276K->221772K(881216K), 0.0082080 secs] [Times: user=0.05 sys=0.01, real=0.01 secs] 
2014-07-28T17:36:21.026+0000: 2545.240: [GC [PSYoungGen: 194201K->512K(233152K)] 415621K->222012K(920128K), 0.0031930 secs] [Times: user=0.02 sys=0.00, real=0.00 secs] 
2014-07-28T17:36:21.806+0000: 2546.020: [GC [PSYoungGen: 233152K->192K(227328K)] 454652K->221724K(914304K), 0.0031640 secs] [Times: user=0.01 sys=0.00, real=0.01 secs] 
2014-07-28T17:36:22.580+0000: 2546.794: [GC [PSYoungGen: 227328K->320K(222144K)] 448860K->221900K(909120K), 0.0040030 secs] [Times: user=0.01 sys=0.00, real=0.00 secs] 
2014-07-28T17:36:23.345+0000: 2547.559: [GC [PSYoungGen: 222144K->448K(217152K)] 443724K->222092K(904128K), 0.0038680 secs] [Times: user=0.02 sys=0.00, real=0.01 secs] 
2014-07-28T17:36:24.082+0000: 2548.295: [GC [PSYoungGen: 217152K->320K(212096K)] 438796K->222044K(899072K), 0.0046300 secs] [Times: user=0.02 sys=0.01, real=0.00 secs] 
2014-07-28T17:36:24.777+0000: 2548.991: [GC [PSYoungGen: 212096K->384K(207424K)] 433820K->222148K(894400K), 0.0037970 secs] [Times: user=0.02 sys=0.00, real=0.01 secs] 
2014-07-28T17:36:25.404+0000: 2549.618: [GC [PSYoungGen: 207424K->416K(202880K)] 429188K->222252K(889856K), 0.0058840 secs] [Times: user=0.03 sys=0.00, real=0.01 secs] 
2014-07-28T17:36:26.086+0000: 2550.300: [GC [PSYoungGen: 202848K->384K(198400K)] 424684K->222260K(885376K), 0.0064850 secs] [Times: user=0.02 sys=0.00, real=0.01 secs] 
2014-07-28T17:36:26.729+0000: 2550.943: [GC [PSYoungGen: 198400K->256K(193984K)] 420276K->222148K(880960K), 0.0071950 secs] [Times: user=0.04 sys=0.01, real=0.00 secs] 
2014-07-28T17:36:27.350+0000: 2551.563: [GC [PSYoungGen: 193984K->160K(232704K)] 415876K->222076K(919680K), 0.0092150 secs] [Times: user=0.05 sys=0.00, real=0.01 secs] 
2014-07-28T17:36:28.191+0000: 2552.404: [GC [PSYoungGen: 232672K->448K(227456K)] 454588K->222452K(914432K), 0.0023900 secs] [Times: user=0.01 sys=0.00, real=0.00 secs] 
2014-07-28T17:36:28.943+0000: 2553.157: [GC [PSYoungGen: 227456K->416K(222144K)] 449460K->222452K(909120K), 0.0046900 secs] [Times: user=0.02 sys=0.00, real=0.01 secs] 
2014-07-28T17:36:29.697+0000: 2553.911: [GC [PSYoungGen: 222112K->384K(216960K)] 444148K->222492K(903936K), 0.0092000 secs] [Times: user=0.06 sys=0.00, real=0.01 secs] 
2014-07-28T17:36:30.423+0000: 2554.637: [GC [PSYoungGen: 216960K->416K(212096K)] 439068K->222596K(899072K), 0.0039450 secs] [Times: user=0.03 sys=0.00, real=0.00 secs] 
2014-07-28T17:36:31.137+0000: 2555.351: [GC [PSYoungGen: 212064K->288K(207232K)] 434244K->222524K(894208K), 0.0038900 secs] [Times: user=0.02 sys=0.00, real=0.01 secs] 
2014-07-28T17:36:31.808+0000: 2556.022: [GC [PSYoungGen: 207200K->416K(202816K)] 429436K->222676K(889792K), 0.0036620 secs] [Times: user=0.01 sys=0.00, real=0.00 secs] 
2014-07-28T17:36:32.465+0000: 2556.679: [GC [PSYoungGen: 202784K->384K(198336K)] 425044K->222700K(885312K), 0.0038060 secs] [Times: user=0.02 sys=0.01, real=0.01 secs] 
2014-07-28T17:36:33.138+0000: 2557.352: [GC [PSYoungGen: 198336K->384K(194048K)] 420652K->222812K(881024K), 0.0043750 secs] [Times: user=0.03 sys=0.00, real=0.00 secs] 
2014-07-28T17:36:33.754+0000: 2557.968: [GC [PSYoungGen: 194048K->384K(189952K)] 416476K->222844K(876928K), 0.0107190 secs] [Times: user=0.06 sys=0.00, real=0.01 secs] 
2014-07-28T17:36:34.384+0000: 2558.598: [GC [PSYoungGen: 189952K->480K(186112K)] 412412K->223044K(873088K), 0.0033850 secs] [Times: user=0.02 sys=0.00, real=0.00 secs] 
2014-07-28T17:36:34.983+0000: 2559.197: [GC [PSYoungGen: 186080K->352K(182144K)] 408644K->222996K(869120K), 0.0036700 secs] [Times: user=0.02 sys=0.00, real=0.00 secs] 
2014-07-28T17:36:35.647+0000: 2559.861: [GC [PSYoungGen: 182112K->274K(178368K)] 404756K->222934K(865344K), 0.0025950 secs] [Times: user=0.02 sys=0.01, real=0.01 secs] 
2014-07-28T17:36:36.231+0000: 2560.445: [GC [PSYoungGen: 178322K->352K(174848K)] 400982K->223084K(861824K), 0.0051390 secs] [Times: user=0.03 sys=0.00, real=0.00 secs] 
2014-07-28T17:36:36.787+0000: 2561.001: [GC [PSYoungGen: 174816K->448K(171392K)] 397548K->223196K(858368K), 0.0030420 secs] [Times: user=0.01 sys=0.00, real=0.01 secs] 
2014-07-28T17:36:37.343+0000: 2561.557: [GC [PSYoungGen: 171390K->480K(168064K)] 394138K->223324K(855040K), 0.0038520 secs] [Times: user=0.03 sys=0.00, real=0.00 secs] 
2014-07-28T17:36:37.877+0000: 2562.091: [GC [PSYoungGen: 168032K->256K(164544K)] 390876K->223260K(851520K), 0.0038490 secs] [Times: user=0.02 sys=0.00, real=0.01 secs] 
2014-07-28T17:36:38.442+0000: 2562.656: [GC [PSYoungGen: 164544K->256K(161408K)] 387548K->223276K(848384K), 0.0057760 secs] [Times: user=0.04 sys=0.00, real=0.00 secs] 
2014-07-28T17:36:38.956+0000: 2563.170: [GC [PSYoungGen: 161408K->352K(158464K)] 384428K->223452K(845440K), 0.0045580 secs] [Times: user=0.03 sys=0.00, real=0.01 secs] 
2014-07-28T17:36:39.471+0000: 2563.684: [GC [PSYoungGen: 158432K->306K(155456K)] 381532K->223414K(842432K), 0.0076470 secs] [Times: user=0.04 sys=0.00, real=0.01 secs] 
2014-07-28T17:36:40.045+0000: 2564.259: [GC [PSYoungGen: 155442K->352K(152640K)] 378550K->223540K(839616K), 0.0044240 secs] [Times: user=0.03 sys=0.00, real=0.01 secs] 
2014-07-28T17:36:40.560+0000: 2564.774: [GC [PSYoungGen: 152608K->352K(183104K)] 375796K->223588K(870080K), 0.0116250 secs] [Times: user=0.07 sys=0.00, real=0.01 secs] 
2014-07-28T17:36:41.184+0000: 2565.397: [GC [PSYoungGen: 183072K->224K(219520K)] 406308K->223508K(906496K), 0.0030180 secs] [Times: user=0.02 sys=0.00, real=0.00 secs] 
2014-07-28T17:36:41.907+0000: 2566.121: [GC [PSYoungGen: 219488K->224K(263424K)] 442772K->223524K(950400K), 0.0070240 secs] [Times: user=0.04 sys=0.00, real=0.01 secs] 
2014-07-28T17:36:42.788+0000: 2567.002: [GC [PSYoungGen: 263392K->384K(256960K)] 486692K->223748K(943936K), 0.0039780 secs] [Times: user=0.02 sys=0.00, real=0.01 secs] 
2014-07-28T17:36:43.649+0000: 2567.862: [GC [PSYoungGen: 256960K->448K(250624K)] 480324K->223908K(937600K), 0.0035490 secs] [Times: user=0.03 sys=0.00, real=0.01 secs] 
2014-07-28T17:36:44.475+0000: 2568.689: [GC [PSYoungGen: 250624K->288K(244352K)] 474084K->223804K(931328K), 0.0088290 secs] [Times: user=0.05 sys=0.00, real=0.01 secs] 
2014-07-28T17:36:45.288+0000: 2569.502: [GC [PSYoungGen: 244320K->352K(238528K)] 467836K->223916K(925504K), 0.0040160 secs] [Times: user=0.02 sys=0.00, real=0.01 secs] 
2014-07-28T17:36:46.080+0000: 2570.294: [GC [PSYoungGen: 238496K->320K(232768K)] 462060K->223956K(919744K), 0.0034640 secs] [Times: user=0.02 sys=0.01, real=0.00 secs] 
2014-07-28T17:36:46.849+0000: 2571.063: [GC [PSYoungGen: 232768K->288K(227264K)] 456404K->223948K(914240K), 0.0025320 secs] [Times: user=0.01 sys=0.00, real=0.01 secs] 
2014-07-28T17:36:47.623+0000: 2571.837: [GC [PSYoungGen: 227232K->320K(221952K)] 450892K->224044K(908928K), 0.0072840 secs] [Times: user=0.04 sys=0.00, real=0.01 secs] 
2014-07-28T17:36:48.362+0000: 2572.575: [GC [PSYoungGen: 221952K->512K(217024K)] 445676K->224332K(904000K), 0.0037010 secs] [Times: user=0.02 sys=0.01, real=0.00 secs] 
2014-07-28T17:36:49.069+0000: 2573.282: [GC [PSYoungGen: 217024K->224K(211840K)] 440844K->224084K(898816K), 0.0063330 secs] [Times: user=0.04 sys=0.00, real=0.01 secs] 
2014-07-28T17:36:49.841+0000: 2574.054: [GC [PSYoungGen: 211808K->288K(207168K)] 435668K->224156K(894144K), 0.0062020 secs] [Times: user=0.03 sys=0.00, real=0.01 secs] 
2014-07-28T17:36:50.547+0000: 2574.761: [GC [PSYoungGen: 207136K->288K(202624K)] 431004K->224204K(889600K), 0.0043550 secs] [Times: user=0.02 sys=0.00, real=0.01 secs] 
2014-07-28T17:36:51.212+0000: 2575.426: [GC [PSYoungGen: 202592K->288K(198208K)] 426508K->224260K(885184K), 0.0032020 secs] [Times: user=0.02 sys=0.00, real=0.00 secs] 
2014-07-28T17:36:51.879+0000: 2576.093: [GC [PSYoungGen: 198160K->320K(193920K)] 422132K->224308K(880896K), 0.0059600 secs] [Times: user=0.04 sys=0.00, real=0.01 secs] 
2014-07-28T17:36:52.509+0000: 2576.723: [GC [PSYoungGen: 193920K->512K(190016K)] 417908K->224572K(876992K), 0.0048190 secs] [Times: user=0.03 sys=0.00, real=0.01 secs] 
2014-07-28T17:36:53.113+0000: 2577.326: [GC [PSYoungGen: 190016K->224K(185792K)] 414076K->224316K(872768K), 0.0030810 secs] [Times: user=0.02 sys=0.00, real=0.00 secs] 
2014-07-28T17:36:53.715+0000: 2577.928: [GC [PSYoungGen: 185760K->352K(182080K)] 409852K->224444K(869056K), 0.0043410 secs] [Times: user=0.02 sys=0.00, real=0.00 secs] 
2014-07-28T17:36:54.299+0000: 2578.513: [GC [PSYoungGen: 182048K->256K(178240K)] 406140K->224404K(865216K), 0.0071700 secs] [Times: user=0.05 sys=0.00, real=0.01 secs] 
2014-07-28T17:36:54.879+0000: 2579.093: [GC [PSYoungGen: 178240K->288K(174720K)] 402388K->224508K(861696K), 0.0029660 secs] [Times: user=0.02 sys=0.00, real=0.01 secs] 
2014-07-28T17:36:55.459+0000: 2579.673: [GC [PSYoungGen: 174688K->352K(171328K)] 398908K->224612K(858304K), 0.0037040 secs] [Times: user=0.02 sys=0.00, real=0.01 secs] 
2014-07-28T17:36:56.034+0000: 2580.247: [GC [PSYoungGen: 171296K->352K(167936K)] 395556K->224684K(854912K), 0.0041430 secs] [Times: user=0.03 sys=0.00, real=0.00 secs] 
2014-07-28T17:36:56.573+0000: 2580.786: [GC [PSYoungGen: 167904K->320K(164608K)] 392236K->224660K(851584K), 0.0055210 secs] [Times: user=0.03 sys=0.00, real=0.00 secs] 
2014-07-28T17:36:57.115+0000: 2581.328: [GC [PSYoungGen: 164608K->288K(161472K)] 388948K->224668K(848448K), 0.0028460 secs] [Times: user=0.01 sys=0.00, real=0.00 secs] 
2014-07-28T17:36:57.649+0000: 2581.863: [GC [PSYoungGen: 161440K->306K(158400K)] 385820K->224718K(845376K), 0.0087050 secs] [Times: user=0.06 sys=0.00, real=0.01 secs] 
2014-07-28T17:36:58.279+0000: 2582.493: [GC [PSYoungGen: 158365K->320K(155456K)] 382777K->224780K(842432K), 0.0050210 secs] [Times: user=0.03 sys=0.00, real=0.01 secs] 
2014-07-28T17:36:58.793+0000: 2583.006: [GC [PSYoungGen: 155456K->192K(152448K)] 379916K->224684K(839424K), 0.0030740 secs] [Times: user=0.02 sys=0.00, real=0.00 secs] 
2014-07-28T17:36:59.324+0000: 2583.537: [GC [PSYoungGen: 152448K->352K(149824K)] 376940K->224892K(836800K), 0.0068760 secs] [Times: user=0.03 sys=0.00, real=0.00 secs] 
2014-07-28T17:36:59.912+0000: 2584.125: [GC [PSYoungGen: 149792K->320K(147072K)] 374332K->224916K(834048K), 0.0035080 secs] [Times: user=0.03 sys=0.00, real=0.01 secs] 
2014-07-28T17:37:00.382+0000: 2584.595: [GC [PSYoungGen: 147072K->288K(144448K)] 371668K->224932K(831424K), 0.0038140 secs] [Times: user=0.03 sys=0.00, real=0.01 secs] 
2014-07-28T17:37:00.858+0000: 2585.072: [GC [PSYoungGen: 144416K->320K(173312K)] 369060K->225004K(860288K), 0.0074130 secs] [Times: user=0.05 sys=0.00, real=0.01 secs] 
2014-07-28T17:37:01.436+0000: 2585.650: [GC [PSYoungGen: 173312K->416K(208064K)] 397996K->225124K(895040K), 0.0067860 secs] [Times: user=0.02 sys=0.00, real=0.01 secs] 
2014-07-28T17:37:02.134+0000: 2586.348: [GC [PSYoungGen: 208032K->192K(203200K)] 432740K->224956K(890176K), 0.0049470 secs] [Times: user=0.02 sys=0.00, real=0.00 secs] 
2014-07-28T17:37:02.816+0000: 2587.030: [GC [PSYoungGen: 203192K->320K(198912K)] 427956K->225124K(885888K), 0.0049300 secs] [Times: user=0.03 sys=0.00, real=0.00 secs] 
2014-07-28T17:37:03.493+0000: 2587.707: [GC [PSYoungGen: 198912K->320K(194624K)] 423716K->225196K(881600K), 0.0046720 secs] [Times: user=0.03 sys=0.00, real=0.01 secs] 
2014-07-28T17:37:04.160+0000: 2588.374: [GC [PSYoungGen: 194624K->192K(190336K)] 419500K->225108K(877312K), 0.0030010 secs] [Times: user=0.01 sys=0.00, real=0.01 secs] 
2014-07-28T17:37:04.787+0000: 2589.001: [GC [PSYoungGen: 190336K->256K(186368K)] 415252K->225188K(873344K), 0.0026560 secs] [Times: user=0.01 sys=0.01, real=0.00 secs] 
2014-07-28T17:37:05.461+0000: 2589.675: [GC [PSYoungGen: 186368K->352K(182656K)] 411300K->225340K(869632K), 0.0032240 secs] [Times: user=0.01 sys=0.00, real=0.01 secs] 
2014-07-28T17:37:06.074+0000: 2590.287: [GC [PSYoungGen: 182624K->320K(178880K)] 407612K->225372K(865856K), 0.0036250 secs] [Times: user=0.03 sys=0.00, real=0.00 secs] 
2014-07-28T17:37:06.649+0000: 2590.863: [GC [PSYoungGen: 178880K->384K(175296K)] 403932K->225484K(862272K), 0.0092320 secs] [Times: user=0.06 sys=0.00, real=0.01 secs] 
2014-07-28T17:37:07.234+0000: 2591.448: [GC [PSYoungGen: 175296K->288K(171712K)] 400396K->225436K(858688K), 0.0058270 secs] [Times: user=0.03 sys=0.00, real=0.00 secs] 
2014-07-28T17:37:07.810+0000: 2592.024: [GC [PSYoungGen: 171680K->352K(168384K)] 396828K->225516K(855360K), 0.0037780 secs] [Times: user=0.01 sys=0.00, real=0.01 secs] 
2014-07-28T17:37:08.366+0000: 2592.579: [GC [PSYoungGen: 168352K->288K(165056K)] 393516K->225508K(852032K), 0.0039490 secs] [Times: user=0.02 sys=0.00, real=0.00 secs] 
2014-07-28T17:37:08.928+0000: 2593.142: [GC [PSYoungGen: 165024K->256K(161792K)] 390244K->225532K(848768K), 0.0065730 secs] [Times: user=0.04 sys=0.00, real=0.01 secs] 
2014-07-28T17:37:09.489+0000: 2593.703: [GC [PSYoungGen: 161791K->320K(158784K)] 387067K->225604K(845760K), 0.0073980 secs] [Times: user=0.04 sys=0.01, real=0.01 secs] 
2014-07-28T17:37:10.040+0000: 2594.254: [GC [PSYoungGen: 158784K->256K(190464K)] 384068K->225588K(877440K), 0.0084750 secs] [Times: user=0.05 sys=0.00, real=0.01 secs] 
2014-07-28T17:37:10.684+0000: 2594.898: [GC [PSYoungGen: 190464K->384K(228672K)] 415796K->225748K(915648K), 0.0088540 secs] [Times: user=0.06 sys=0.00, real=0.01 secs] 
2014-07-28T17:37:11.426+0000: 2595.640: [GC [PSYoungGen: 228672K->448K(274432K)] 454036K->225876K(961408K), 0.0090850 secs] [Times: user=0.05 sys=0.00, real=0.01 secs] 
2014-07-28T17:37:12.392+0000: 2596.606: [GC [PSYoungGen: 274432K->256K(279616K)] 499860K->225740K(966592K), 0.0124970 secs] [Times: user=0.08 sys=0.00, real=0.02 secs] 
2014-07-28T17:37:13.351+0000: 2597.565: [GC [PSYoungGen: 279576K->384K(279872K)] 505060K->225956K(966848K), 0.0045430 secs] [Times: user=0.03 sys=0.01, real=0.01 secs] 
2014-07-28T17:37:14.363+0000: 2598.577: [GC [PSYoungGen: 279744K->480K(272640K)] 505316K->226148K(959616K), 0.0029870 secs] [Times: user=0.02 sys=0.00, real=0.01 secs] 
2014-07-28T17:37:15.294+0000: 2599.508: [GC [PSYoungGen: 272608K->288K(265472K)] 498276K->226004K(952448K), 0.0052320 secs] [Times: user=0.03 sys=0.00, real=0.01 secs] 
2014-07-28T17:37:16.177+0000: 2600.391: [GC [PSYoungGen: 265440K->320K(258752K)] 491156K->226092K(945728K), 0.0036600 secs] [Times: user=0.02 sys=0.00, real=0.00 secs] 
2014-07-28T17:37:17.039+0000: 2601.253: [GC [PSYoungGen: 258752K->224K(252224K)] 484524K->226044K(939200K), 0.0033450 secs] [Times: user=0.02 sys=0.00, real=0.00 secs] 
2014-07-28T17:37:17.862+0000: 2602.076: [GC [PSYoungGen: 252192K->320K(246080K)] 478012K->226204K(933056K), 0.0097750 secs] [Times: user=0.06 sys=0.00, real=0.01 secs] 
2014-07-28T17:37:18.677+0000: 2602.890: [GC [PSYoungGen: 246080K->384K(240192K)] 471964K->226356K(927168K), 0.0057940 secs] [Times: user=0.04 sys=0.00, real=0.00 secs] 
2014-07-28T17:37:19.457+0000: 2603.671: [GC [PSYoungGen: 240192K->384K(234432K)] 466164K->226412K(921408K), 0.0043310 secs] [Times: user=0.03 sys=0.00, real=0.00 secs] 
2014-07-28T17:37:20.247+0000: 2604.460: [GC [PSYoungGen: 234432K->416K(228928K)] 460460K->226540K(915904K), 0.0044090 secs] [Times: user=0.03 sys=0.00, real=0.00 secs] 
2014-07-28T17:37:21.018+0000: 2605.232: [GC [PSYoungGen: 228896K->256K(223424K)] 455020K->226428K(910400K), 0.0026730 secs] [Times: user=0.02 sys=0.00, real=0.00 secs] 
2014-07-28T17:37:21.758+0000: 2605.972: [GC [PSYoungGen: 223424K->320K(218368K)] 449596K->226556K(905344K), 0.0047560 secs] [Times: user=0.04 sys=0.00, real=0.00 secs] 
2014-07-28T17:37:22.523+0000: 2606.737: [GC [PSYoungGen: 218368K->320K(213376K)] 444604K->226628K(900352K), 0.0066230 secs] [Times: user=0.03 sys=0.01, real=0.01 secs] 
2014-07-28T17:37:23.210+0000: 2607.424: [GC [PSYoungGen: 213376K->224K(208512K)] 439684K->226572K(895488K), 0.0034370 secs] [Times: user=0.01 sys=0.00, real=0.00 secs] 
2014-07-28T17:37:23.889+0000: 2608.103: [GC [PSYoungGen: 208470K->320K(203968K)] 434818K->226692K(890944K), 0.0043100 secs] [Times: user=0.03 sys=0.01, real=0.00 secs] 
2014-07-28T17:37:24.568+0000: 2608.781: [GC [PSYoungGen: 203968K->256K(199424K)] 430340K->226692K(886400K), 0.0038300 secs] [Times: user=0.02 sys=0.00, real=0.00 secs] 
2014-07-28T17:37:25.240+0000: 2609.454: [GC [PSYoungGen: 199424K->288K(195200K)] 425860K->226788K(882176K), 0.0050710 secs] [Times: user=0.04 sys=0.00, real=0.00 secs] 
2014-07-28T17:37:25.856+0000: 2610.069: [GC [PSYoungGen: 195168K->288K(191040K)] 421668K->226796K(878016K), 0.0023620 secs] [Times: user=0.01 sys=0.00, real=0.01 secs] 
2014-07-28T17:37:26.486+0000: 2610.700: [GC [PSYoungGen: 191008K->224K(186944K)] 417516K->226780K(873920K), 0.0056710 secs] [Times: user=0.04 sys=0.00, real=0.01 secs] 
2014-07-28T17:37:27.107+0000: 2611.321: [GC [PSYoungGen: 186912K->192K(182976K)] 413468K->226772K(869952K), 0.0095010 secs] [Times: user=0.05 sys=0.00, real=0.01 secs] 
2014-07-28T17:37:27.699+0000: 2611.913: [GC [PSYoungGen: 182976K->416K(179456K)] 409556K->227020K(866432K), 0.0027520 secs] [Times: user=0.01 sys=0.00, real=0.00 secs] 
2014-07-28T17:37:28.309+0000: 2612.523: [GC [PSYoungGen: 179424K->384K(175744K)] 406028K->227060K(862720K), 0.0050690 secs] [Times: user=0.03 sys=0.00, real=0.00 secs] 
2014-07-28T17:37:28.883+0000: 2613.096: [GC [PSYoungGen: 175744K->224K(172096K)] 402420K->226940K(859072K), 0.0073640 secs] [Times: user=0.04 sys=0.00, real=0.01 secs] 
2014-07-28T17:37:29.435+0000: 2613.649: [GC [PSYoungGen: 172064K->448K(168896K)] 398780K->227212K(855872K), 0.0044210 secs] [Times: user=0.03 sys=0.00, real=0.01 secs] 
2014-07-28T17:37:30.055+0000: 2614.269: [GC [PSYoungGen: 168886K->288K(202496K)] 395650K->227100K(889472K), 0.0109910 secs] [Times: user=0.07 sys=0.00, real=0.02 secs] 
2014-07-28T17:37:30.713+0000: 2614.927: [GC [PSYoungGen: 202464K->480K(198272K)] 429276K->227300K(885248K), 0.0039410 secs] [Times: user=0.03 sys=0.00, real=0.01 secs] 
2014-07-28T17:37:31.425+0000: 2615.639: [GC [PSYoungGen: 198237K->242K(193728K)] 425057K->227150K(880704K), 0.0038970 secs] [Times: user=0.01 sys=0.00, real=0.01 secs] 
2014-07-28T17:37:32.053+0000: 2616.267: [GC [PSYoungGen: 193714K->306K(189696K)] 420622K->227262K(876672K), 0.0041170 secs] [Times: user=0.02 sys=0.00, real=0.01 secs] 
2014-07-28T17:37:32.669+0000: 2616.883: [GC [PSYoungGen: 189682K->320K(185728K)] 416638K->227342K(872704K), 0.0026310 secs] [Times: user=0.01 sys=0.00, real=0.00 secs] 
2014-07-28T17:37:33.279+0000: 2617.492: [GC [PSYoungGen: 185728K->256K(181824K)] 412750K->227326K(868800K), 0.0065770 secs] [Times: user=0.04 sys=0.01, real=0.00 secs] 
2014-07-28T17:37:33.883+0000: 2618.097: [GC [PSYoungGen: 181824K->320K(178176K)] 408894K->227446K(865152K), 0.0031060 secs] [Times: user=0.02 sys=0.00, real=0.00 secs] 
2014-07-28T17:37:34.465+0000: 2618.678: [GC [PSYoungGen: 178176K->448K(174720K)] 405302K->227646K(861696K), 0.0033450 secs] [Times: user=0.02 sys=0.00, real=0.01 secs] 
2014-07-28T17:37:35.070+0000: 2619.284: [GC [PSYoungGen: 174720K->320K(171136K)] 401918K->227582K(858112K), 0.0044420 secs] [Times: user=0.03 sys=0.00, real=0.03 secs] 
2014-07-28T17:37:35.641+0000: 2619.855: [GC [PSYoungGen: 171136K->256K(167680K)] 398398K->227558K(854656K), 0.0045220 secs] [Times: user=0.03 sys=0.00, real=0.00 secs] 
2014-07-28T17:37:36.192+0000: 2620.405: [GC [PSYoungGen: 167680K->384K(164544K)] 394982K->227758K(851520K), 0.0030130 secs] [Times: user=0.02 sys=0.00, real=0.00 secs] 
2014-07-28T17:37:36.723+0000: 2620.937: [GC [PSYoungGen: 164524K->448K(161472K)] 391898K->227838K(848448K), 0.0044150 secs] [Times: user=0.01 sys=0.00, real=0.00 secs] 
2014-07-28T17:37:37.246+0000: 2621.460: [GC [PSYoungGen: 161472K->256K(158208K)] 388862K->227702K(845184K), 0.0031360 secs] [Times: user=0.01 sys=0.00, real=0.01 secs] 
2014-07-28T17:37:37.764+0000: 2621.978: [GC [PSYoungGen: 158208K->352K(155392K)] 385654K->227822K(842368K), 0.0047960 secs] [Times: user=0.03 sys=0.00, real=0.01 secs] 
2014-07-28T17:37:38.268+0000: 2622.482: [GC [PSYoungGen: 155360K->320K(152448K)] 382830K->227846K(839424K), 0.0047790 secs] [Times: user=0.02 sys=0.00, real=0.00 secs] 
2014-07-28T17:37:38.787+0000: 2623.001: [GC [PSYoungGen: 152448K->288K(149632K)] 379974K->227846K(836608K), 0.0039360 secs] [Times: user=0.03 sys=0.00, real=0.01 secs] 
2014-07-28T17:37:39.276+0000: 2623.490: [GC [PSYoungGen: 149600K->256K(146880K)] 377158K->227854K(833856K), 0.0042710 secs] [Times: user=0.03 sys=0.00, real=0.01 secs] 
2014-07-28T17:37:39.779+0000: 2623.993: [GC [PSYoungGen: 146877K->352K(144384K)] 374475K->227998K(831360K), 0.0026920 secs] [Times: user=0.01 sys=0.00, real=0.00 secs] 
2014-07-28T17:37:40.273+0000: 2624.487: [GC [PSYoungGen: 144352K->416K(141888K)] 371998K->228166K(828864K), 0.0036620 secs] [Times: user=0.02 sys=0.00, real=0.00 secs] 
2014-07-28T17:37:40.738+0000: 2624.952: [GC [PSYoungGen: 141856K->320K(139264K)] 369606K->228094K(826240K), 0.0052290 secs] [Times: user=0.03 sys=0.00, real=0.00 secs] 
2014-07-28T17:37:41.258+0000: 2625.472: [GC [PSYoungGen: 139264K->224K(136768K)] 367038K->228038K(823744K), 0.0068670 secs] [Times: user=0.05 sys=0.00, real=0.00 secs] 
2014-07-28T17:37:41.702+0000: 2625.916: [GC [PSYoungGen: 136736K->384K(134592K)] 364550K->228214K(821568K), 0.0037130 secs] [Times: user=0.01 sys=0.00, real=0.00 secs] 
2014-07-28T17:37:42.152+0000: 2626.366: [GC [PSYoungGen: 134592K->352K(161472K)] 362422K->228246K(848448K), 0.0075310 secs] [Times: user=0.06 sys=0.00, real=0.01 secs] 
2014-07-28T17:37:42.668+0000: 2626.882: [GC [PSYoungGen: 161440K->448K(193792K)] 389334K->228350K(880768K), 0.0096770 secs] [Times: user=0.02 sys=0.00, real=0.01 secs] 
2014-07-28T17:37:43.354+0000: 2627.568: [GC [PSYoungGen: 193792K->256K(232320K)] 421694K->228246K(919296K), 0.0029590 secs] [Times: user=0.01 sys=0.00, real=0.00 secs] 
2014-07-28T17:37:44.112+0000: 2628.326: [GC [PSYoungGen: 232320K->224K(226880K)] 460310K->228238K(913856K), 0.0040490 secs] [Times: user=0.02 sys=0.00, real=0.00 secs] 
2014-07-28T17:37:44.822+0000: 2629.036: [GC [PSYoungGen: 226848K->224K(221632K)] 454862K->228262K(908608K), 0.0051720 secs] [Times: user=0.03 sys=0.00, real=0.00 secs] 
2014-07-28T17:37:45.605+0000: 2629.819: [GC [PSYoungGen: 221600K->224K(216576K)] 449638K->228302K(903552K), 0.0068540 secs] [Times: user=0.04 sys=0.01, real=0.01 secs] 
2014-07-28T17:37:46.346+0000: 2630.560: [GC [PSYoungGen: 216544K->192K(211584K)] 444622K->228318K(898560K), 0.0026710 secs] [Times: user=0.01 sys=0.00, real=0.00 secs] 
2014-07-28T17:37:47.043+0000: 2631.257: [GC [PSYoungGen: 211584K->320K(206976K)] 439710K->228502K(893952K), 0.0044850 secs] [Times: user=0.02 sys=0.00, real=0.00 secs] 
2014-07-28T17:37:47.745+0000: 2631.959: [GC [PSYoungGen: 206976K->416K(202560K)] 435158K->228614K(889536K), 0.0036380 secs] [Times: user=0.02 sys=0.00, real=0.00 secs] 
2014-07-28T17:37:48.430+0000: 2632.644: [GC [PSYoungGen: 202528K->320K(198016K)] 430726K->228566K(884992K), 0.0055120 secs] [Times: user=0.03 sys=0.01, real=0.00 secs] 
2014-07-28T17:37:49.056+0000: 2633.270: [GC [PSYoungGen: 198016K->224K(193664K)] 426262K->228502K(880640K), 0.0071190 secs] [Times: user=0.05 sys=0.00, real=0.01 secs] 
2014-07-28T17:37:49.702+0000: 2633.916: [GC [PSYoungGen: 193588K->512K(189824K)] 421866K->228814K(876800K), 0.0039450 secs] [Times: user=0.02 sys=0.00, real=0.00 secs] 
2014-07-28T17:37:50.334+0000: 2634.547: [GC [PSYoungGen: 189824K->320K(185664K)] 418126K->228670K(872640K), 0.0057900 secs] [Times: user=0.01 sys=0.00, real=0.00 secs] 
2014-07-28T17:37:50.944+0000: 2635.158: [GC [PSYoungGen: 185664K->320K(181824K)] 414014K->228734K(868800K), 0.0022990 secs] [Times: user=0.02 sys=0.00, real=0.00 secs] 
2014-07-28T17:37:51.551+0000: 2635.764: [GC [PSYoungGen: 181824K->352K(178176K)] 410238K->228790K(865152K), 0.0027470 secs] [Times: user=0.01 sys=0.00, real=0.00 secs] 
2014-07-28T17:37:52.147+0000: 2636.360: [GC [PSYoungGen: 178144K->288K(174528K)] 406582K->228758K(861504K), 0.0076840 secs] [Times: user=0.02 sys=0.00, real=0.01 secs] 
2014-07-28T17:37:52.744+0000: 2636.957: [GC [PSYoungGen: 174496K->224K(171008K)] 402966K->228702K(857984K), 0.0070650 secs] [Times: user=0.04 sys=0.00, real=0.01 secs] 
2014-07-28T17:37:53.368+0000: 2637.582: [GC [PSYoungGen: 170976K->192K(167552K)] 399454K->228710K(854528K), 0.0081340 secs] [Times: user=0.05 sys=0.00, real=0.01 secs] 
2014-07-28T17:37:53.974+0000: 2638.188: [GC [PSYoungGen: 167552K->352K(164480K)] 396070K->228926K(851456K), 0.0041750 secs] [Times: user=0.02 sys=0.01, real=0.00 secs] 
2014-07-28T17:37:54.524+0000: 2638.738: [GC [PSYoungGen: 164448K->480K(161472K)] 393022K->229078K(848448K), 0.0031240 secs] [Times: user=0.02 sys=0.00, real=0.00 secs] 
2014-07-28T17:37:55.041+0000: 2639.255: [GC [PSYoungGen: 161440K->192K(158080K)] 390038K->228886K(845056K), 0.0043730 secs] [Times: user=0.02 sys=0.00, real=0.00 secs] 
2014-07-28T17:37:55.628+0000: 2639.842: [GC [PSYoungGen: 158080K->288K(155264K)] 386774K->229022K(842240K), 0.0038260 secs] [Times: user=0.01 sys=0.00, real=0.01 secs] 
2014-07-28T17:37:56.140+0000: 2640.353: [GC [PSYoungGen: 155232K->384K(152448K)] 383966K->229190K(839424K), 0.0031810 secs] [Times: user=0.02 sys=0.00, real=0.01 secs] 
2014-07-28T17:37:56.630+0000: 2640.843: [GC [PSYoungGen: 152448K->416K(149696K)] 381254K->229278K(836672K), 0.0049090 secs] [Times: user=0.04 sys=0.00, real=0.01 secs] 
2014-07-28T17:37:57.110+0000: 2641.324: [GC [PSYoungGen: 149664K->320K(146880K)] 378526K->229246K(833856K), 0.0032000 secs] [Times: user=0.01 sys=0.01, real=0.01 secs] 
2014-07-28T17:37:57.628+0000: 2641.842: [GC [PSYoungGen: 146880K->256K(144192K)] 375806K->229222K(831168K), 0.0062370 secs] [Times: user=0.04 sys=0.00, real=0.01 secs] 
2014-07-28T17:37:58.149+0000: 2642.363: [GC [PSYoungGen: 144192K->288K(141696K)] 373158K->229310K(828672K), 0.0036920 secs] [Times: user=0.02 sys=0.00, real=0.01 secs] 
2014-07-28T17:37:58.610+0000: 2642.824: [GC [PSYoungGen: 141664K->288K(139200K)] 370686K->229334K(826176K), 0.0035840 secs] [Times: user=0.02 sys=0.00, real=0.01 secs] 
2014-07-28T17:37:59.076+0000: 2643.290: [GC [PSYoungGen: 139122K->352K(136896K)] 368169K->229470K(823872K), 0.0035920 secs] [Times: user=0.01 sys=0.00, real=0.00 secs] 
2014-07-28T17:37:59.514+0000: 2643.728: [GC [PSYoungGen: 136864K->224K(134464K)] 365982K->229374K(821440K), 0.0039070 secs] [Times: user=0.02 sys=0.00, real=0.00 secs] 
2014-07-28T17:37:59.966+0000: 2644.179: [GC [PSYoungGen: 134432K->224K(132224K)] 363582K->229430K(819200K), 0.0061590 secs] [Times: user=0.04 sys=0.00, real=0.01 secs] 
2014-07-28T17:38:00.415+0000: 2644.629: [GC [PSYoungGen: 132192K->512K(130304K)] 361398K->229726K(817280K), 0.0039540 secs] [Times: user=0.02 sys=0.00, real=0.00 secs] 
2014-07-28T17:38:00.845+0000: 2645.059: [GC [PSYoungGen: 130304K->288K(128000K)] 359518K->229558K(814976K), 0.0039020 secs] [Times: user=0.02 sys=0.00, real=0.00 secs] 
2014-07-28T17:38:01.280+0000: 2645.494: [GC [PSYoungGen: 127968K->384K(153600K)] 357238K->229678K(840576K), 0.0097900 secs] [Times: user=0.05 sys=0.00, real=0.01 secs] 
2014-07-28T17:38:01.821+0000: 2646.035: [GC [PSYoungGen: 153600K->256K(184128K)] 382894K->229574K(871104K), 0.0066760 secs] [Times: user=0.03 sys=0.00, real=0.01 secs] 
2014-07-28T17:38:02.454+0000: 2646.668: [GC [PSYoungGen: 184128K->192K(220864K)] 413446K->229558K(907840K), 0.0033300 secs] [Times: user=0.02 sys=0.00, real=0.00 secs] 
2014-07-28T17:38:03.175+0000: 2647.389: [GC [PSYoungGen: 220839K->416K(216064K)] 450206K->229838K(903040K), 0.0041140 secs] [Times: user=0.01 sys=0.00, real=0.00 secs] 
2014-07-28T17:38:03.891+0000: 2648.105: [GC [PSYoungGen: 216007K->256K(211008K)] 445429K->229686K(897984K), 0.0054100 secs] [Times: user=0.03 sys=0.00, real=0.01 secs] 
2014-07-28T17:38:04.584+0000: 2648.798: [GC [PSYoungGen: 211008K->384K(206400K)] 440438K->229886K(893376K), 0.0058210 secs] [Times: user=0.03 sys=0.00, real=0.00 secs] 
2014-07-28T17:38:05.282+0000: 2649.496: [GC [PSYoungGen: 206400K->448K(201920K)] 435902K->230046K(888896K), 0.0034190 secs] [Times: user=0.02 sys=0.00, real=0.00 secs] 
2014-07-28T17:38:05.969+0000: 2650.183: [GC [PSYoungGen: 201920K->288K(197376K)] 431518K->229918K(884352K), 0.0046900 secs] [Times: user=0.02 sys=0.00, real=0.01 secs] 
2014-07-28T17:38:06.633+0000: 2650.847: [GC [PSYoungGen: 197344K->512K(193344K)] 426974K->230222K(880320K), 0.0071320 secs] [Times: user=0.04 sys=0.01, real=0.00 secs] 
2014-07-28T17:38:07.259+0000: 2651.473: [GC [PSYoungGen: 193344K->384K(189120K)] 423054K->230142K(876096K), 0.0069860 secs] [Times: user=0.02 sys=0.00, real=0.01 secs] 
2014-07-28T17:38:07.913+0000: 2652.127: [GC [PSYoungGen: 189120K->352K(185152K)] 418878K->230118K(872128K), 0.0077110 secs] [Times: user=0.04 sys=0.00, real=0.00 secs] 
2014-07-28T17:38:08.519+0000: 2652.733: [GC [PSYoungGen: 185120K->256K(222016K)] 414886K->230070K(908992K), 0.0071050 secs] [Times: user=0.04 sys=0.01, real=0.01 secs] 
2014-07-28T17:38:09.273+0000: 2653.487: [GC [PSYoungGen: 222015K->288K(216960K)] 451829K->230158K(903936K), 0.0043360 secs] [Times: user=0.03 sys=0.00, real=0.00 secs] 
2014-07-28T17:38:09.988+0000: 2654.202: [GC [PSYoungGen: 216928K->288K(212032K)] 446798K->230174K(899008K), 0.0029080 secs] [Times: user=0.01 sys=0.00, real=0.00 secs] 
2014-07-28T17:38:10.749+0000: 2654.963: [GC [PSYoungGen: 212000K->256K(207232K)] 441886K->230190K(894208K), 0.0072090 secs] [Times: user=0.04 sys=0.00, real=0.01 secs] 
2014-07-28T17:38:11.450+0000: 2655.663: [GC [PSYoungGen: 207232K->352K(202752K)] 437166K->230350K(889728K), 0.0058140 secs] [Times: user=0.04 sys=0.00, real=0.01 secs] 
2014-07-28T17:38:12.115+0000: 2656.329: [GC [PSYoungGen: 202720K->352K(198336K)] 432718K->230398K(885312K), 0.0024970 secs] [Times: user=0.01 sys=0.01, real=0.00 secs] 
2014-07-28T17:38:12.772+0000: 2656.986: [GC [PSYoungGen: 198304K->352K(194048K)] 428350K->230414K(881024K), 0.0043960 secs] [Times: user=0.03 sys=0.00, real=0.01 secs] 
2014-07-28T17:38:13.424+0000: 2657.638: [GC [PSYoungGen: 194016K->384K(189952K)] 424078K->230510K(876928K), 0.0116510 secs] [Times: user=0.07 sys=0.00, real=0.01 secs] 
2014-07-28T17:38:14.054+0000: 2658.268: [GC [PSYoungGen: 189952K->256K(185856K)] 420078K->230430K(872832K), 0.0048840 secs] [Times: user=0.01 sys=0.00, real=0.00 secs] 
2014-07-28T17:38:14.709+0000: 2658.923: [GC [PSYoungGen: 185856K->416K(182208K)] 416030K->230638K(869184K), 0.0044610 secs] [Times: user=0.03 sys=0.00, real=0.01 secs] 
2014-07-28T17:38:15.368+0000: 2659.581: [GC [PSYoungGen: 182176K->256K(218368K)] 412398K->230510K(905344K), 0.0167530 secs] [Times: user=0.11 sys=0.00, real=0.02 secs] 
2014-07-28T17:38:16.124+0000: 2660.338: [GC [PSYoungGen: 218368K->192K(261952K)] 448622K->230478K(948928K), 0.0055170 secs] [Times: user=0.03 sys=0.00, real=0.00 secs] 
2014-07-28T17:38:16.982+0000: 2661.196: [GC [PSYoungGen: 261952K->448K(314560K)] 492238K->230766K(1001536K), 0.0057550 secs] [Times: user=0.02 sys=0.00, real=0.01 secs] 
2014-07-28T17:38:18.032+0000: 2662.245: [GC [PSYoungGen: 314560K->320K(305856K)] 544878K->230694K(992832K), 0.0023730 secs] [Times: user=0.01 sys=0.00, real=0.01 secs] 
2014-07-28T17:38:19.044+0000: 2663.257: [GC [PSYoungGen: 305856K->256K(297536K)] 536230K->230694K(984512K), 0.0044740 secs] [Times: user=0.03 sys=0.00, real=0.01 secs] 
2014-07-28T17:38:20.036+0000: 2664.250: [GC [PSYoungGen: 297536K->192K(289536K)] 527974K->230670K(976512K), 0.0026120 secs] [Times: user=0.01 sys=0.00, real=0.00 secs] 
2014-07-28T17:38:21.023+0000: 2665.237: [GC [PSYoungGen: 289536K->320K(282048K)] 520014K->230846K(969024K), 0.0055800 secs] [Times: user=0.03 sys=0.00, real=0.01 secs] 
2014-07-28T17:38:21.991+0000: 2666.205: [GC [PSYoungGen: 282048K->320K(274752K)] 512574K->230894K(961728K), 0.0063300 secs] [Times: user=0.02 sys=0.00, real=0.01 secs] 
2014-07-28T17:38:22.885+0000: 2667.099: [GC [PSYoungGen: 274752K->384K(267776K)] 505326K->231038K(954752K), 0.0031010 secs] [Times: user=0.01 sys=0.01, real=0.00 secs] 
2014-07-28T17:38:23.755+0000: 2667.968: [GC [PSYoungGen: 267776K->384K(260992K)] 498430K->231086K(947968K), 0.0044430 secs] [Times: user=0.03 sys=0.00, real=0.01 secs] 
2014-07-28T17:38:24.585+0000: 2668.799: [GC [PSYoungGen: 260992K->256K(254336K)] 491694K->230998K(941312K), 0.0037400 secs] [Times: user=0.02 sys=0.00, real=0.00 secs] 
2014-07-28T17:38:25.415+0000: 2669.629: [GC [PSYoungGen: 254336K->256K(248064K)] 485078K->231038K(935040K), 0.0071870 secs] [Times: user=0.04 sys=0.00, real=0.00 secs] 
2014-07-28T17:38:26.222+0000: 2670.436: [GC [PSYoungGen: 248064K->416K(242240K)] 478846K->231278K(929216K), 0.0051320 secs] [Times: user=0.02 sys=0.01, real=0.01 secs] 
2014-07-28T17:38:27.067+0000: 2671.281: [GC [PSYoungGen: 242208K->384K(236352K)] 473070K->231278K(923328K), 0.0091930 secs] [Times: user=0.06 sys=0.00, real=0.01 secs] 
2014-07-28T17:38:27.826+0000: 2672.040: [GC [PSYoungGen: 236352K->192K(230528K)] 467246K->231110K(917504K), 0.0044190 secs] [Times: user=0.02 sys=0.00, real=0.00 secs] 
2014-07-28T17:38:28.561+0000: 2672.775: [GC [PSYoungGen: 230528K->224K(225216K)] 461446K->231182K(912192K), 0.0087780 secs] [Times: user=0.06 sys=0.00, real=0.01 secs] 
2014-07-28T17:38:29.251+0000: 2673.465: [GC [PSYoungGen: 225184K->320K(220096K)] 456142K->231350K(907072K), 0.0043230 secs] [Times: user=0.03 sys=0.00, real=0.00 secs] 
2014-07-28T17:38:29.923+0000: 2674.136: [GC [PSYoungGen: 220096K->352K(215104K)] 451126K->231390K(902080K), 0.0038390 secs] [Times: user=0.02 sys=0.00, real=0.01 secs] 
2014-07-28T17:38:30.593+0000: 2674.807: [GC [PSYoungGen: 215072K->256K(210112K)] 446110K->231342K(897088K), 0.0049910 secs] [Times: user=0.03 sys=0.00, real=0.01 secs] 
2014-07-28T17:38:31.274+0000: 2675.488: [GC [PSYoungGen: 210112K->288K(205504K)] 441198K->231438K(892480K), 0.0042950 secs] [Times: user=0.03 sys=0.00, real=0.01 secs] 
2014-07-28T17:38:31.912+0000: 2676.126: [GC [PSYoungGen: 205472K->160K(200832K)] 436622K->231326K(887808K), 0.0047240 secs] [Times: user=0.01 sys=0.00, real=0.01 secs] 
2014-07-28T17:38:32.524+0000: 2676.738: [GC [PSYoungGen: 200800K->256K(196544K)] 431966K->231470K(883520K), 0.0043010 secs] [Times: user=0.03 sys=0.00, real=0.01 secs] 
2014-07-28T17:38:33.217+0000: 2677.431: [GC [PSYoungGen: 196544K->384K(192448K)] 427758K->231646K(879424K), 0.0043920 secs] [Times: user=0.02 sys=0.00, real=0.00 secs] 
2014-07-28T17:38:33.864+0000: 2678.078: [GC [PSYoungGen: 192448K->320K(188288K)] 423710K->231590K(875264K), 0.0072620 secs] [Times: user=0.05 sys=0.00, real=0.01 secs] 
2014-07-28T17:38:34.496+0000: 2678.710: [GC [PSYoungGen: 188288K->320K(184384K)] 419558K->231638K(871360K), 0.0043960 secs] [Times: user=0.02 sys=0.00, real=0.01 secs] 
2014-07-28T17:38:35.125+0000: 2679.339: [GC [PSYoungGen: 184384K->416K(180736K)] 415702K->231790K(867712K), 0.0094120 secs] [Times: user=0.05 sys=0.01, real=0.01 secs] 
2014-07-28T17:38:35.704+0000: 2679.918: [GC [PSYoungGen: 180704K->320K(176960K)] 412078K->231742K(863936K), 0.0063350 secs] [Times: user=0.05 sys=0.00, real=0.01 secs] 
2014-07-28T17:38:36.372+0000: 2680.586: [GC [PSYoungGen: 176951K->370K(212352K)] 408373K->231840K(899328K), 0.0090660 secs] [Times: user=0.04 sys=0.01, real=0.01 secs] 
2014-07-28T17:38:37.277+0000: 2681.491: [GC [PSYoungGen: 212338K->384K(254784K)] 443808K->231918K(941760K), 0.0087160 secs] [Times: user=0.06 sys=0.00, real=0.00 secs] 
2014-07-28T17:38:38.337+0000: 2682.551: [GC [PSYoungGen: 254784K->544K(305856K)] 486318K->232086K(992832K), 0.0131790 secs] [Times: user=0.06 sys=0.00, real=0.01 secs] 
2014-07-28T17:38:39.560+0000: 2683.774: [GC [PSYoungGen: 305824K->224K(297280K)] 537366K->231798K(984256K), 0.0029080 secs] [Times: user=0.01 sys=0.00, real=0.00 secs] 
2014-07-28T17:38:40.651+0000: 2684.865: [GC [PSYoungGen: 297248K->320K(289408K)] 528822K->231966K(976384K), 0.0119880 secs] [Times: user=0.07 sys=0.01, real=0.01 secs] 
2014-07-28T17:38:42.076+0000: 2686.289: [GC [PSYoungGen: 289408K->320K(281792K)] 521054K->232022K(968768K), 0.0023400 secs] [Times: user=0.01 sys=0.00, real=0.01 secs] 
2014-07-28T17:38:43.213+0000: 2687.427: [GC [PSYoungGen: 281792K->320K(274496K)] 513494K->232062K(961472K), 0.0101220 secs] [Times: user=0.06 sys=0.00, real=0.01 secs] 
2014-07-28T17:38:44.379+0000: 2688.593: [GC [PSYoungGen: 274496K->192K(267328K)] 506238K->231942K(954304K), 0.0037230 secs] [Times: user=0.01 sys=0.00, real=0.00 secs] 
2014-07-28T17:38:45.447+0000: 2689.661: [GC [PSYoungGen: 267328K->288K(260672K)] 499078K->232102K(947648K), 0.0042370 secs] [Times: user=0.02 sys=0.00, real=0.01 secs] 
2014-07-28T17:38:46.499+0000: 2690.713: [GC [PSYoungGen: 260593K->352K(254208K)] 492407K->232214K(941184K), 0.0041260 secs] [Times: user=0.01 sys=0.00, real=0.00 secs] 
2014-07-28T17:38:47.519+0000: 2691.732: [GC [PSYoungGen: 254176K->416K(248000K)] 486038K->232326K(934976K), 0.0032830 secs] [Times: user=0.01 sys=0.00, real=0.00 secs] 
2014-07-28T17:38:48.496+0000: 2692.710: [GC [PSYoungGen: 247968K->256K(241792K)] 479878K->232222K(928768K), 0.0053850 secs] [Times: user=0.04 sys=0.00, real=0.01 secs] 
2014-07-28T17:38:49.471+0000: 2693.685: [GC [PSYoungGen: 241792K->288K(236032K)] 473758K->232302K(923008K), 0.0055550 secs] [Times: user=0.03 sys=0.00, real=0.00 secs] 
2014-07-28T17:38:50.396+0000: 2694.610: [GC [PSYoungGen: 236000K->224K(230400K)] 468014K->232270K(917376K), 0.0070080 secs] [Times: user=0.04 sys=0.00, real=0.01 secs] 
2014-07-28T17:38:51.324+0000: 2695.538: [GC [PSYoungGen: 230368K->320K(225088K)] 462414K->232430K(912064K), 0.0055800 secs] [Times: user=0.03 sys=0.00, real=0.01 secs] 
2014-07-28T17:38:52.217+0000: 2696.431: [GC [PSYoungGen: 225088K->192K(219776K)] 457198K->232334K(906752K), 0.0066580 secs] [Times: user=0.04 sys=0.00, real=0.01 secs] 
2014-07-28T17:38:53.126+0000: 2697.339: [GC [PSYoungGen: 219776K->224K(214848K)] 451918K->232398K(901824K), 0.0032250 secs] [Times: user=0.01 sys=0.00, real=0.01 secs] 
2014-07-28T17:38:53.970+0000: 2698.184: [GC [PSYoungGen: 214816K->192K(209920K)] 446990K->232390K(896896K), 0.0069920 secs] [Times: user=0.03 sys=0.00, real=0.00 secs] 
2014-07-28T17:38:54.811+0000: 2699.025: [GC [PSYoungGen: 209920K->384K(205440K)] 442118K->232646K(892416K), 0.0089070 secs] [Times: user=0.05 sys=0.00, real=0.01 secs] 
2014-07-28T17:38:55.698+0000: 2699.912: [GC [PSYoungGen: 205440K->288K(200896K)] 437702K->232606K(887872K), 0.0042700 secs] [Times: user=0.03 sys=0.00, real=0.01 secs] 
2014-07-28T17:38:56.504+0000: 2700.717: [GC [PSYoungGen: 200864K->416K(196672K)] 433182K->232790K(883648K), 0.0039050 secs] [Times: user=0.02 sys=0.01, real=0.00 secs] 
2014-07-28T17:38:57.265+0000: 2701.478: [GC [PSYoungGen: 196640K->224K(192256K)] 429014K->232638K(879232K), 0.0061960 secs] [Times: user=0.04 sys=0.00, real=0.01 secs] 
2014-07-28T17:38:57.992+0000: 2702.206: [GC [PSYoungGen: 192224K->448K(188352K)] 424638K->232878K(875328K), 0.0035740 secs] [Times: user=0.02 sys=0.00, real=0.00 secs] 
2014-07-28T17:38:58.686+0000: 2702.900: [GC [PSYoungGen: 188352K->384K(184384K)] 420782K->232878K(871360K), 0.0038360 secs] [Times: user=0.02 sys=0.00, real=0.00 secs] 
2014-07-28T17:38:59.392+0000: 2703.606: [GC [PSYoungGen: 184384K->384K(180608K)] 416878K->232918K(867584K), 0.0077360 secs] [Times: user=0.05 sys=0.00, real=0.00 secs] 
2014-07-28T17:39:00.093+0000: 2704.307: [GC [PSYoungGen: 180608K->256K(176832K)] 413142K->232846K(863808K), 0.0082210 secs] [Times: user=0.06 sys=0.00, real=0.01 secs] 
2014-07-28T17:39:00.769+0000: 2704.982: [GC [PSYoungGen: 176832K->288K(173312K)] 409422K->232910K(860288K), 0.0030210 secs] [Times: user=0.02 sys=0.00, real=0.01 secs] 
2014-07-28T17:39:01.428+0000: 2705.642: [GC [PSYoungGen: 173280K->256K(169792K)] 405902K->232926K(856768K), 0.0025960 secs] [Times: user=0.02 sys=0.01, real=0.00 secs] 
2014-07-28T17:39:02.074+0000: 2706.288: [GC [PSYoungGen: 169792K->434K(166656K)] 402462K->233200K(853632K), 0.0037170 secs] [Times: user=0.02 sys=0.00, real=0.00 secs] 
2014-07-28T17:39:02.681+0000: 2706.895: [GC [PSYoungGen: 166642K->288K(163328K)] 399408K->233070K(850304K), 0.0051390 secs] [Times: user=0.03 sys=0.00, real=0.00 secs] 
2014-07-28T17:39:03.313+0000: 2707.527: [GC [PSYoungGen: 163296K->320K(160192K)] 396078K->233182K(847168K), 0.0048770 secs] [Times: user=0.03 sys=0.00, real=0.00 secs] 
2014-07-28T17:39:03.927+0000: 2708.141: [GC [PSYoungGen: 160192K->288K(157184K)] 393054K->233190K(844160K), 0.0037350 secs] [Times: user=0.02 sys=0.00, real=0.01 secs] 
2014-07-28T17:39:04.546+0000: 2708.759: [GC [PSYoungGen: 157152K->192K(154112K)] 390054K->233126K(841088K), 0.0038420 secs] [Times: user=0.02 sys=0.00, real=0.00 secs] 
2014-07-28T17:39:05.125+0000: 2709.339: [GC [PSYoungGen: 154112K->448K(151552K)] 387046K->233478K(838528K), 0.0032060 secs] [Times: user=0.01 sys=0.00, real=0.00 secs] 
2014-07-28T17:39:05.708+0000: 2709.922: [GC [PSYoungGen: 151552K->288K(148672K)] 384582K->233318K(835648K), 0.0047210 secs] [Times: user=0.03 sys=0.00, real=0.01 secs] 
2014-07-28T17:39:06.282+0000: 2710.495: [GC [PSYoungGen: 148640K->416K(146112K)] 381670K->233518K(833088K), 0.0031330 secs] [Times: user=0.02 sys=0.00, real=0.00 secs] 
2014-07-28T17:39:06.820+0000: 2711.034: [GC [PSYoungGen: 146080K->448K(143488K)] 379182K->233574K(830464K), 0.0046310 secs] [Times: user=0.03 sys=0.00, real=0.01 secs] 
2014-07-28T17:39:07.387+0000: 2711.601: [GC [PSYoungGen: 143488K->320K(140864K)] 376614K->233510K(827840K), 0.0028510 secs] [Times: user=0.02 sys=0.01, real=0.00 secs] 
2014-07-28T17:39:07.908+0000: 2712.122: [GC [PSYoungGen: 140864K->416K(138560K)] 374054K->233654K(825536K), 0.0034440 secs] [Times: user=0.02 sys=0.00, real=0.00 secs] 
2014-07-28T17:39:08.416+0000: 2712.630: [GC [PSYoungGen: 138528K->288K(136064K)] 371766K->233550K(823040K), 0.0077260 secs] [Times: user=0.05 sys=0.00, real=0.01 secs] 
2014-07-28T17:39:08.939+0000: 2713.153: [GC [PSYoungGen: 136032K->224K(133696K)] 369294K->233526K(820672K), 0.0044110 secs] [Times: user=0.02 sys=0.00, real=0.01 secs] 
2014-07-28T17:39:09.497+0000: 2713.710: [GC [PSYoungGen: 133664K->320K(131520K)] 366966K->233654K(818496K), 0.0027480 secs] [Times: user=0.02 sys=0.00, real=0.00 secs] 
2014-07-28T17:39:10.064+0000: 2714.278: [GC [PSYoungGen: 131520K->320K(129344K)] 364854K->233710K(816320K), 0.0063030 secs] [Times: user=0.04 sys=0.00, real=0.00 secs] 
2014-07-28T17:39:10.560+0000: 2714.774: [GC [PSYoungGen: 129344K->384K(127296K)] 362734K->233822K(814272K), 0.0059490 secs] [Times: user=0.04 sys=0.00, real=0.01 secs] 
2014-07-28T17:39:11.051+0000: 2715.265: [GC [PSYoungGen: 127296K->256K(125120K)] 360734K->233758K(812096K), 0.0047240 secs] [Times: user=0.02 sys=0.00, real=0.01 secs] 
2014-07-28T17:39:11.538+0000: 2715.752: [GC [PSYoungGen: 125120K->256K(123136K)] 358622K->233790K(810112K), 0.0052130 secs] [Times: user=0.03 sys=0.00, real=0.01 secs] 
2014-07-28T17:39:12.010+0000: 2716.224: [GC [PSYoungGen: 123136K->448K(121408K)] 356670K->234086K(808384K), 0.0042630 secs] [Times: user=0.03 sys=0.00, real=0.01 secs] 
2014-07-28T17:39:12.611+0000: 2716.825: [GC [PSYoungGen: 121408K->384K(119424K)] 355046K->234070K(806400K), 0.0031210 secs] [Times: user=0.02 sys=0.00, real=0.01 secs] 
2014-07-28T17:39:13.149+0000: 2717.363: [GC [PSYoungGen: 119424K->416K(143296K)] 353110K->234166K(830272K), 0.0123430 secs] [Times: user=0.07 sys=0.01, real=0.01 secs] 
2014-07-28T17:39:13.788+0000: 2718.002: [GC [PSYoungGen: 143264K->384K(171840K)] 377014K->234166K(858816K), 0.0080360 secs] [Times: user=0.05 sys=0.01, real=0.01 secs] 
2014-07-28T17:39:14.530+0000: 2718.744: [GC [PSYoungGen: 171840K->288K(206080K)] 405622K->234134K(893056K), 0.0088010 secs] [Times: user=0.05 sys=0.01, real=0.01 secs] 
2014-07-28T17:39:15.684+0000: 2719.898: [GC [PSYoungGen: 206048K->256K(247168K)] 439894K->234118K(934144K), 0.0084370 secs] [Times: user=0.02 sys=0.02, real=0.00 secs] 
2014-07-28T17:39:16.760+0000: 2720.974: [GC [PSYoungGen: 247168K->352K(241280K)] 481030K->234270K(928256K), 0.0049290 secs] [Times: user=0.03 sys=0.00, real=0.01 secs] 
2014-07-28T17:39:17.692+0000: 2721.906: [GC [PSYoungGen: 241248K->224K(289344K)] 475166K->234174K(976320K), 0.0131390 secs] [Times: user=0.08 sys=0.00, real=0.02 secs] 
2014-07-28T17:39:18.819+0000: 2723.033: [GC [PSYoungGen: 289312K->352K(281856K)] 523262K->234358K(968832K), 0.0045220 secs] [Times: user=0.03 sys=0.01, real=0.01 secs] 
2014-07-28T17:39:20.145+0000: 2724.358: [GC [PSYoungGen: 281795K->448K(274624K)] 515801K->234558K(961600K), 0.0042260 secs] [Times: user=0.02 sys=0.01, real=0.00 secs] 
2014-07-28T17:39:21.812+0000: 2726.026: [GC [PSYoungGen: 274624K->544K(267712K)] 508734K->234710K(954688K), 0.0041930 secs] [Times: user=0.89 sys=0.57, real=1.45 secs] 
2014-07-28T17:39:24.840+0000: 2729.053: [GC [PSYoungGen: 267680K->192K(260544K)] 501846K->234462K(947520K), 0.0069180 secs] [Times: user=0.03 sys=0.00, real=0.01 secs] 
2014-07-28T17:39:26.693+0000: 2730.906: [GC [PSYoungGen: 260544K->320K(254144K)] 494814K->234630K(941120K), 0.0055270 secs] [Times: user=0.04 sys=0.01, real=0.01 secs] 
2014-07-28T17:39:28.531+0000: 2732.745: [GC [PSYoungGen: 254144K->352K(247936K)] 488454K->234686K(934912K), 0.0040940 secs] [Times: user=0.03 sys=0.01, real=0.01 secs] 
2014-07-28T17:39:30.456+0000: 2734.670: [GC [PSYoungGen: 247904K->320K(241856K)] 482238K->234654K(928832K), 0.0068030 secs] [Times: user=0.04 sys=0.00, real=0.00 secs] 
2014-07-28T17:39:32.240+0000: 2736.454: [GC [PSYoungGen: 241856K->256K(235968K)] 476190K->234654K(922944K), 0.0028520 secs] [Times: user=0.02 sys=0.00, real=0.00 secs] 
2014-07-28T17:39:33.948+0000: 2738.162: [GC [PSYoungGen: 235968K->320K(230464K)] 470366K->234718K(917440K), 0.0039930 secs] [Times: user=0.02 sys=0.00, real=0.00 secs] 
2014-07-28T17:39:35.574+0000: 2739.788: [GC [PSYoungGen: 230431K->160K(224960K)] 464829K->234558K(911936K), 0.0042830 secs] [Times: user=0.02 sys=0.00, real=0.01 secs] 
2014-07-28T17:39:37.204+0000: 2741.418: [GC [PSYoungGen: 224928K->434K(220032K)] 459326K->234880K(907008K), 0.0043460 secs] [Times: user=0.02 sys=0.00, real=0.01 secs] 
2014-07-28T17:39:38.919+0000: 2743.133: [GC [PSYoungGen: 220018K->352K(214976K)] 454464K->234806K(901952K), 0.0029370 secs] [Times: user=0.72 sys=0.55, real=1.26 secs] 
2014-07-28T17:39:41.465+0000: 2745.679: [GC [PSYoungGen: 214944K->288K(210048K)] 449398K->234742K(897024K), 0.0057470 secs] [Times: user=0.03 sys=0.00, real=0.01 secs] 
2014-07-28T17:39:42.963+0000: 2747.177: [GC [PSYoungGen: 210016K->256K(205312K)] 444470K->234758K(892288K), 0.0077960 secs] [Times: user=0.05 sys=0.01, real=0.01 secs] 
2014-07-28T17:39:44.432+0000: 2748.646: [GC [PSYoungGen: 205312K->320K(200896K)] 439814K->234822K(887872K), 0.0087220 secs] [Times: user=0.05 sys=0.01, real=0.01 secs] 
2014-07-28T17:39:46.025+0000: 2750.239: [GC [PSYoungGen: 200896K->320K(196544K)] 435398K->234878K(883520K), 0.0062630 secs] [Times: user=0.04 sys=0.00, real=0.01 secs] 
2014-07-28T17:39:47.554+0000: 2751.767: [GC [PSYoungGen: 196544K->320K(192320K)] 431102K->234902K(879296K), 0.0034750 secs] [Times: user=0.96 sys=0.94, real=1.43 secs] 
2014-07-28T17:39:50.322+0000: 2754.536: [GC [PSYoungGen: 192320K->288K(188224K)] 426902K->234870K(875200K), 0.0043230 secs] [Times: user=0.01 sys=0.00, real=0.00 secs] 
2014-07-28T17:39:51.653+0000: 2755.866: [GC [PSYoungGen: 188192K->306K(184320K)] 422774K->234912K(871296K), 0.0043530 secs] [Times: user=0.02 sys=0.00, real=0.00 secs] 
2014-07-28T17:39:52.957+0000: 2757.171: [GC [PSYoungGen: 184306K->384K(180608K)] 418912K->235030K(867584K), 0.0068040 secs] [Times: user=0.03 sys=0.01, real=0.01 secs] 
2014-07-28T17:39:54.243+0000: 2758.457: [GC [PSYoungGen: 180608K->288K(176896K)] 415254K->234934K(863872K), 0.0043110 secs] [Times: user=0.02 sys=0.00, real=0.00 secs] 
2014-07-28T17:39:55.626+0000: 2759.840: [GC [PSYoungGen: 176864K->384K(173376K)] 411510K->235102K(860352K), 0.0045400 secs] [Times: user=0.03 sys=0.00, real=0.01 secs] 
2014-07-28T17:39:56.969+0000: 2761.183: [GC [PSYoungGen: 173340K->384K(169920K)] 408059K->235150K(856896K), 0.0069050 secs] [Times: user=0.04 sys=0.00, real=0.00 secs] 
2014-07-28T17:39:58.277+0000: 2762.491: [GC [PSYoungGen: 169893K->320K(166528K)] 404659K->235094K(853504K), 0.0104950 secs] [Times: user=0.05 sys=0.01, real=0.01 secs] 
2014-07-28T17:39:59.569+0000: 2763.783: [GC [PSYoungGen: 166528K->288K(163328K)] 401302K->235086K(850304K), 0.0045960 secs] [Times: user=0.01 sys=0.00, real=0.00 secs] 
2014-07-28T17:40:00.780+0000: 2764.994: [GC [PSYoungGen: 163252K->192K(160064K)] 398050K->235006K(847040K), 0.0047040 secs] [Times: user=0.02 sys=0.01, real=0.01 secs] 
2014-07-28T17:40:01.938+0000: 2766.152: [GC [PSYoungGen: 160031K->352K(157248K)] 394845K->235230K(844224K), 0.0083760 secs] [Times: user=0.05 sys=0.00, real=0.01 secs] 
2014-07-28T17:40:03.046+0000: 2767.260: [GC [PSYoungGen: 157186K->192K(154112K)] 392064K->235094K(841088K), 0.0087240 secs] [Times: user=0.05 sys=0.01, real=0.01 secs] 
2014-07-28T17:40:04.149+0000: 2768.363: [GC [PSYoungGen: 154070K->256K(151360K)] 388972K->235190K(838336K), 0.0046870 secs] [Times: user=0.03 sys=0.00, real=0.01 secs] 
2014-07-28T17:40:05.249+0000: 2769.463: [GC [PSYoungGen: 151360K->288K(148672K)] 386294K->235262K(835648K), 0.0058130 secs] [Times: user=0.03 sys=0.01, real=0.01 secs] 
2014-07-28T17:40:06.414+0000: 2770.628: [GC [PSYoungGen: 148640K->384K(146048K)] 383614K->235422K(833024K), 0.0056390 secs] [Times: user=0.03 sys=0.00, real=0.00 secs] 
2014-07-28T17:40:07.528+0000: 2771.742: [GC [PSYoungGen: 146048K->256K(143296K)] 381086K->235390K(830272K), 0.0043640 secs] [Times: user=0.02 sys=0.00, real=0.01 secs] 
2014-07-28T17:40:08.633+0000: 2772.847: [GC [PSYoungGen: 143247K->452K(141056K)] 378381K->235626K(828032K), 0.0075730 secs] [Times: user=0.05 sys=0.00, real=0.01 secs] 
2014-07-28T17:40:09.720+0000: 2773.934: [GC [PSYoungGen: 140996K->320K(138432K)] 376170K->235598K(825408K), 0.0144160 secs] [Times: user=0.17 sys=0.08, real=0.19 secs] 
2014-07-28T17:40:10.787+0000: 2775.001: [GC [PSYoungGen: 138432K->224K(136000K)] 373710K->235542K(822976K), 0.0072270 secs] [Times: user=0.05 sys=0.00, real=0.01 secs] 
2014-07-28T17:40:11.754+0000: 2775.968: [GC [PSYoungGen: 135968K->192K(133632K)] 371286K->235550K(820608K), 0.0072740 secs] [Times: user=0.04 sys=0.01, real=0.01 secs] 
2014-07-28T17:40:12.704+0000: 2776.917: [GC [PSYoungGen: 133632K->256K(131456K)] 368990K->235670K(818432K), 0.0058400 secs] [Times: user=0.04 sys=0.01, real=0.00 secs] 
2014-07-28T17:40:13.634+0000: 2777.848: [GC [PSYoungGen: 131456K->288K(129344K)] 366870K->235742K(816320K), 0.0173320 secs] [Times: user=0.10 sys=0.02, real=0.01 secs] 
2014-07-28T17:40:14.599+0000: 2778.813: [GC [PSYoungGen: 129285K->288K(155200K)] 364739K->235774K(842176K), 0.0126030 secs] [Times: user=0.05 sys=0.01, real=0.02 secs] 
2014-07-28T17:40:15.801+0000: 2780.015: [GC [PSYoungGen: 155138K->402K(186304K)] 390624K->235920K(873280K), 0.0111730 secs] [Times: user=0.05 sys=0.01, real=0.02 secs] 
2014-07-28T17:40:17.232+0000: 2781.446: [GC [PSYoungGen: 186258K->338K(182400K)] 421776K->235872K(869376K), 0.0042470 secs] [Times: user=0.02 sys=0.00, real=0.00 secs] 
2014-07-28T17:40:18.506+0000: 2782.719: [GC [PSYoungGen: 182354K->192K(178496K)] 417888K->235766K(865472K), 0.0038300 secs] [Times: user=0.02 sys=0.00, real=0.00 secs] 
2014-07-28T17:40:19.779+0000: 2783.993: [GC [PSYoungGen: 178470K->402K(175168K)] 414045K->236040K(862144K), 0.0046670 secs] [Times: user=0.03 sys=0.01, real=0.01 secs] 
2014-07-28T17:40:21.023+0000: 2785.236: [GC [PSYoungGen: 175078K->224K(171456K)] 410716K->235910K(858432K), 0.0063690 secs] [Times: user=0.03 sys=0.01, real=0.01 secs] 
2014-07-28T17:40:22.240+0000: 2786.453: [GC [PSYoungGen: 171424K->192K(168000K)] 407110K->235910K(854976K), 0.0156110 secs] [Times: user=0.09 sys=0.01, real=0.02 secs] 
2014-07-28T17:40:23.522+0000: 2787.736: [GC [PSYoungGen: 168000K->320K(164864K)] 403718K->236094K(851840K), 0.0062370 secs] [Times: user=0.04 sys=0.00, real=0.01 secs] 
2014-07-28T17:40:24.824+0000: 2789.038: [GC [PSYoungGen: 164864K->320K(161664K)] 400638K->236126K(848640K), 0.0103570 secs] [Times: user=1.27 sys=0.85, real=1.05 secs] 
2014-07-28T17:40:27.066+0000: 2791.279: [GC [PSYoungGen: 161664K->338K(158656K)] 397470K->236144K(845632K), 0.0094250 secs] [Times: user=0.05 sys=0.01, real=0.01 secs] 
2014-07-28T17:40:28.205+0000: 2792.419: [GC [PSYoungGen: 158610K->416K(155712K)] 394416K->236262K(842688K), 0.0066750 secs] [Times: user=0.03 sys=0.01, real=0.00 secs] 
2014-07-28T17:40:29.382+0000: 2793.596: [GC [PSYoungGen: 155680K->256K(152640K)] 391526K->236286K(839616K), 0.0051610 secs] [Times: user=0.02 sys=0.00, real=0.01 secs] 
2014-07-28T17:40:30.553+0000: 2794.767: [GC [PSYoungGen: 152605K->256K(149824K)] 388635K->236318K(836800K), 0.0079280 secs] [Times: user=0.04 sys=0.01, real=0.01 secs] 
2014-07-28T17:40:31.640+0000: 2795.854: [GC [PSYoungGen: 149824K->320K(147200K)] 385886K->236470K(834176K), 0.0054200 secs] [Times: user=0.03 sys=0.01, real=0.01 secs] 
2014-07-28T17:40:32.735+0000: 2796.949: [GC [PSYoungGen: 147155K->434K(144704K)] 383305K->236648K(831680K), 0.0051450 secs] [Times: user=0.03 sys=0.01, real=0.00 secs] 
2014-07-28T17:40:33.897+0000: 2798.110: [GC [PSYoungGen: 144690K->306K(142016K)] 380904K->236680K(828992K), 0.0051300 secs] [Times: user=0.04 sys=0.00, real=0.00 secs] 
2014-07-28T17:40:35.011+0000: 2799.224: [GC [PSYoungGen: 142002K->320K(139520K)] 378376K->236742K(826496K), 0.0082030 secs] [Times: user=0.05 sys=0.01, real=0.01 secs] 
2014-07-28T17:40:35.998+0000: 2800.212: [GC [PSYoungGen: 139520K->384K(137152K)] 375942K->236862K(824128K), 0.0093600 secs] [Times: user=0.05 sys=0.00, real=0.01 secs] 
2014-07-28T17:40:36.978+0000: 2801.191: [GC [PSYoungGen: 137152K->192K(134592K)] 373630K->236702K(821568K), 0.0037670 secs] [Times: user=0.01 sys=0.00, real=0.00 secs] 
2014-07-28T17:40:37.934+0000: 2802.147: [GC [PSYoungGen: 134592K->192K(132352K)] 371102K->236734K(819328K), 0.0205060 secs] [Times: user=0.13 sys=0.01, real=0.02 secs] 
2014-07-28T17:40:38.886+0000: 2803.100: [GC [PSYoungGen: 132352K->352K(158976K)] 368894K->236918K(845952K), 0.0163750 secs] [Times: user=0.10 sys=0.02, real=0.01 secs] 
2014-07-28T17:40:40.002+0000: 2804.216: [GC [PSYoungGen: 158944K->338K(155968K)] 395510K->236928K(842944K), 0.0052020 secs] [Times: user=0.03 sys=0.00, real=0.01 secs] 
2014-07-28T17:40:41.192+0000: 2805.406: [GC [PSYoungGen: 155922K->256K(152960K)] 392512K->236894K(839936K), 0.0034750 secs] [Times: user=0.02 sys=0.01, real=0.00 secs] 
2014-07-28T17:40:42.383+0000: 2806.596: [GC [PSYoungGen: 152960K->416K(150336K)] 389598K->237126K(837312K), 0.0036220 secs] [Times: user=0.03 sys=0.00, real=0.01 secs] 
2014-07-28T17:40:43.539+0000: 2807.753: [GC [PSYoungGen: 150304K->416K(147584K)] 387014K->237182K(834560K), 0.0035540 secs] [Times: user=0.02 sys=0.00, real=0.00 secs] 
2014-07-28T17:40:44.657+0000: 2808.871: [GC [PSYoungGen: 147552K->288K(144832K)] 384318K->237094K(831808K), 0.0036580 secs] [Times: user=0.02 sys=0.00, real=0.00 secs] 
2014-07-28T17:40:45.695+0000: 2809.909: [GC [PSYoungGen: 144800K->192K(142144K)] 381606K->237030K(829120K), 0.0064550 secs] [Times: user=0.04 sys=0.00, real=0.01 secs] 
2014-07-28T17:40:46.707+0000: 2810.921: [GC [PSYoungGen: 142144K->224K(139712K)] 378982K->237102K(826688K), 0.0098060 secs] [Times: user=0.05 sys=0.01, real=0.01 secs] 
2014-07-28T17:40:47.703+0000: 2811.917: [GC [PSYoungGen: 139655K->256K(137280K)] 376534K->237174K(824256K), 0.0065610 secs] [Times: user=0.04 sys=0.01, real=0.01 secs] 
2014-07-28T17:40:48.677+0000: 2812.891: [GC [PSYoungGen: 137280K->288K(134976K)] 374198K->237270K(821952K), 0.0072610 secs] [Times: user=0.04 sys=0.00, real=0.00 secs] 
2014-07-28T17:40:49.633+0000: 2813.847: [GC [PSYoungGen: 134941K->384K(132736K)] 371924K->237438K(819712K), 0.0112400 secs] [Times: user=0.07 sys=0.02, real=0.01 secs] 
2014-07-28T17:40:50.574+0000: 2814.787: [GC [PSYoungGen: 132736K->384K(130496K)] 369790K->237502K(817472K), 0.0115760 secs] [Times: user=0.07 sys=0.01, real=0.01 secs] 
2014-07-28T17:40:51.500+0000: 2815.713: [GC [PSYoungGen: 130496K->224K(128192K)] 367614K->237398K(815168K), 0.0114870 secs] [Times: user=0.09 sys=0.00, real=0.01 secs] 
2014-07-28T17:40:52.409+0000: 2816.623: [GC [PSYoungGen: 128111K->288K(126144K)] 365285K->237510K(813120K), 0.0049750 secs] [Times: user=0.03 sys=0.00, real=0.00 secs] 
2014-07-28T17:40:53.300+0000: 2817.514: [GC [PSYoungGen: 126112K->288K(124096K)] 363334K->237574K(811072K), 0.0056360 secs] [Times: user=0.03 sys=0.01, real=0.00 secs] 
2014-07-28T17:40:54.179+0000: 2818.393: [GC [PSYoungGen: 124064K->288K(122112K)] 361350K->237638K(809088K), 0.0079010 secs] [Times: user=0.05 sys=0.01, real=0.00 secs] 
2014-07-28T17:40:55.092+0000: 2819.306: [GC [PSYoungGen: 122080K->352K(120256K)] 359430K->237758K(807232K), 0.0092690 secs] [Times: user=0.04 sys=0.01, real=0.01 secs] 
2014-07-28T17:40:55.999+0000: 2820.213: [GC [PSYoungGen: 120224K->288K(118336K)] 357630K->237726K(805312K), 0.0036760 secs] [Times: user=0.01 sys=0.01, real=0.00 secs] 
2014-07-28T17:40:56.911+0000: 2821.125: [GC [PSYoungGen: 118304K->498K(116736K)] 355742K->238024K(803712K), 0.0055980 secs] [Times: user=0.02 sys=0.00, real=0.00 secs] 
2014-07-28T17:40:57.797+0000: 2822.010: [GC [PSYoungGen: 116722K->256K(114688K)] 354248K->237814K(801664K), 0.0047030 secs] [Times: user=0.01 sys=0.01, real=0.01 secs] 
2014-07-28T17:40:58.671+0000: 2822.884: [GC [PSYoungGen: 114658K->352K(113088K)] 352216K->237950K(800064K), 0.0111230 secs] [Times: user=0.07 sys=0.01, real=0.01 secs] 
2014-07-28T17:40:59.519+0000: 2823.733: [GC [PSYoungGen: 113056K->384K(111424K)] 350654K->238046K(798400K), 0.0036560 secs] [Times: user=0.01 sys=0.00, real=0.00 secs] 
2014-07-28T17:41:00.375+0000: 2824.589: [GC [PSYoungGen: 111424K->484K(109888K)] 349086K->238194K(796864K), 0.0036300 secs] [Times: user=0.01 sys=0.00, real=0.01 secs] 
2014-07-28T17:41:01.209+0000: 2825.423: [GC [PSYoungGen: 109860K->320K(108096K)] 347570K->238166K(795072K), 0.0032440 secs] [Times: user=0.03 sys=0.02, real=0.04 secs] 
2014-07-28T17:41:01.963+0000: 2826.176: [GC [PSYoungGen: 108096K->448K(106688K)] 345942K->238366K(793664K), 0.0039830 secs] [Times: user=0.02 sys=0.00, real=0.00 secs] 
2014-07-28T17:41:02.724+0000: 2826.938: [GC [PSYoungGen: 106688K->288K(105024K)] 344606K->238270K(792000K), 0.0040150 secs] [Times: user=0.02 sys=0.00, real=0.00 secs] 
2014-07-28T17:41:03.462+0000: 2827.676: [GC [PSYoungGen: 104957K->416K(103680K)] 342940K->238422K(790656K), 0.0038600 secs] [Times: user=0.03 sys=0.01, real=0.00 secs] 
2014-07-28T17:41:04.200+0000: 2828.413: [GC [PSYoungGen: 103648K->192K(101952K)] 341654K->238222K(788928K), 0.0042690 secs] [Times: user=0.01 sys=0.00, real=0.00 secs] 
2014-07-28T17:41:04.923+0000: 2829.137: [GC [PSYoungGen: 101952K->224K(100608K)] 339982K->238294K(787584K), 0.0081820 secs] [Times: user=0.05 sys=0.01, real=0.01 secs] 
2014-07-28T17:41:05.632+0000: 2829.846: [GC [PSYoungGen: 100554K->224K(99264K)] 338624K->238334K(786240K), 0.0057860 secs] [Times: user=0.04 sys=0.01, real=0.00 secs] 
2014-07-28T17:41:06.337+0000: 2830.551: [GC [PSYoungGen: 99209K->256K(97920K)] 337319K->238414K(784896K), 0.0061150 secs] [Times: user=0.04 sys=0.01, real=0.01 secs] 
2014-07-28T17:41:07.098+0000: 2831.312: [GC [PSYoungGen: 97920K->288K(96704K)] 336078K->238470K(783680K), 0.0124540 secs] [Times: user=0.07 sys=0.01, real=0.02 secs] 
2014-07-28T17:41:07.858+0000: 2832.071: [GC [PSYoungGen: 96672K->306K(116032K)] 334854K->238512K(803008K), 0.0104070 secs] [Times: user=0.06 sys=0.01, real=0.01 secs] 
2014-07-28T17:41:08.767+0000: 2832.981: [GC [PSYoungGen: 116018K->370K(139264K)] 354224K->238592K(826240K), 0.0076650 secs] [Times: user=0.04 sys=0.01, real=0.01 secs] 
2014-07-28T17:41:09.779+0000: 2833.992: [GC [PSYoungGen: 139224K->320K(136832K)] 377446K->238590K(823808K), 0.0050080 secs] [Times: user=0.03 sys=0.01, real=0.01 secs] 
2014-07-28T17:41:10.748+0000: 2834.962: [GC [PSYoungGen: 136832K->256K(134464K)] 375102K->238558K(821440K), 0.0052560 secs] [Times: user=0.04 sys=0.00, real=0.01 secs] 
2014-07-28T17:41:11.703+0000: 2835.916: [GC [PSYoungGen: 134464K->352K(132352K)] 372766K->238718K(819328K), 0.0051730 secs] [Times: user=0.03 sys=0.01, real=0.00 secs] 
2014-07-28T17:41:12.640+0000: 2836.853: [GC [PSYoungGen: 132320K->256K(130048K)] 370686K->238662K(817024K), 0.0042040 secs] [Times: user=0.02 sys=0.00, real=0.01 secs] 
2014-07-28T17:41:13.613+0000: 2837.827: [GC [PSYoungGen: 130048K->352K(128064K)] 368454K->238822K(815040K), 0.0069290 secs] [Times: user=0.05 sys=0.01, real=0.00 secs] 
2014-07-28T17:41:14.614+0000: 2838.828: [GC [PSYoungGen: 128032K->288K(125888K)] 366502K->238774K(812864K), 0.0101000 secs] [Times: user=0.03 sys=0.01, real=0.01 secs] 
2014-07-28T17:41:15.586+0000: 2839.800: [GC [PSYoungGen: 125856K->256K(123776K)] 364342K->238766K(810752K), 0.0038630 secs] [Times: user=0.01 sys=0.00, real=0.00 secs] 
2014-07-28T17:41:16.410+0000: 2840.624: [GC [PSYoungGen: 123776K->224K(121792K)] 362286K->238782K(808768K), 0.0063730 secs] [Times: user=0.04 sys=0.01, real=0.01 secs] 
2014-07-28T17:41:17.278+0000: 2841.492: [GC [PSYoungGen: 121735K->224K(119872K)] 360294K->238822K(806848K), 0.0095590 secs] [Times: user=0.06 sys=0.01, real=0.01 secs] 
2014-07-28T17:41:18.131+0000: 2842.345: [GC [PSYoungGen: 119840K->224K(118016K)] 358438K->238862K(804992K), 0.0027380 secs] [Times: user=0.02 sys=0.00, real=0.01 secs] 
2014-07-28T17:41:19.014+0000: 2843.228: [GC [PSYoungGen: 117958K->384K(116352K)] 356596K->239078K(803328K), 0.0029000 secs] [Times: user=0.02 sys=0.01, real=0.00 secs] 
2014-07-28T17:41:19.840+0000: 2844.054: [GC [PSYoungGen: 116352K->224K(114432K)] 355046K->238974K(801408K), 0.0054380 secs] [Times: user=0.04 sys=0.00, real=0.01 secs] 
2014-07-28T17:41:20.667+0000: 2844.881: [GC [PSYoungGen: 114400K->338K(112832K)] 353150K->239104K(799808K), 0.0036980 secs] [Times: user=0.02 sys=0.00, real=0.00 secs] 
2014-07-28T17:41:21.546+0000: 2845.760: [GC [PSYoungGen: 112786K->256K(111040K)] 351552K->239054K(798016K), 0.0046290 secs] [Times: user=0.02 sys=0.00, real=0.00 secs] 
2014-07-28T17:41:22.409+0000: 2846.623: [GC [PSYoungGen: 111039K->352K(109504K)] 349838K->239190K(796480K), 0.0095600 secs] [Times: user=0.06 sys=0.00, real=0.01 secs] 
2014-07-28T17:41:23.253+0000: 2847.467: [GC [PSYoungGen: 109472K->320K(107840K)] 348310K->239214K(794816K), 0.0032260 secs] [Times: user=0.01 sys=0.00, real=0.00 secs] 
2014-07-28T17:41:24.103+0000: 2848.317: [GC [PSYoungGen: 107840K->256K(106240K)] 346734K->239174K(793216K), 0.0085310 secs] [Times: user=0.04 sys=0.00, real=0.00 secs] 
2014-07-28T17:41:24.933+0000: 2849.147: [GC [PSYoungGen: 106240K->352K(104832K)] 345158K->239310K(791808K), 0.0063840 secs] [Times: user=0.04 sys=0.01, real=0.00 secs] 
2014-07-28T17:41:25.767+0000: 2849.980: [GC [PSYoungGen: 104756K->384K(103360K)] 343715K->239390K(790336K), 0.0064370 secs] [Times: user=0.04 sys=0.00, real=0.01 secs] 
2014-07-28T17:41:26.677+0000: 2850.891: [GC [PSYoungGen: 103360K->306K(101888K)] 342366K->239376K(788864K), 0.0026460 secs] [Times: user=0.02 sys=0.00, real=0.00 secs] 
2014-07-28T17:41:27.298+0000: 2851.511: [GC [PSYoungGen: 101856K->320K(100480K)] 340926K->239430K(787456K), 0.0037140 secs] [Times: user=0.02 sys=0.01, real=0.00 secs] 
2014-07-28T17:41:28.007+0000: 2852.221: [GC [PSYoungGen: 100480K->288K(99136K)] 339590K->239446K(786112K), 0.0033010 secs] [Times: user=0.02 sys=0.00, real=0.00 secs] 
2014-07-28T17:41:28.707+0000: 2852.921: [GC [PSYoungGen: 99104K->192K(118784K)] 338262K->239374K(805760K), 0.0166140 secs] [Times: user=0.11 sys=0.02, real=0.02 secs] 
2014-07-28T17:41:29.555+0000: 2853.769: [GC [PSYoungGen: 118742K->224K(116992K)] 357925K->239414K(803968K), 0.0079200 secs] [Times: user=0.05 sys=0.01, real=0.01 secs] 
2014-07-28T17:41:30.380+0000: 2854.594: [GC [PSYoungGen: 116960K->256K(115200K)] 356150K->239502K(802176K), 0.0054520 secs] [Times: user=0.03 sys=0.00, real=0.01 secs] 
2014-07-28T17:41:31.199+0000: 2855.413: [GC [PSYoungGen: 115200K->192K(113408K)] 354446K->239486K(800384K), 0.0033010 secs] [Times: user=0.01 sys=0.00, real=0.00 secs] 
2014-07-28T17:41:32.041+0000: 2856.255: [GC [PSYoungGen: 113408K->384K(111936K)] 352702K->239734K(798912K), 0.0033240 secs] [Times: user=0.02 sys=0.00, real=0.01 secs] 
2014-07-28T17:41:32.952+0000: 2857.166: [GC [PSYoungGen: 111936K->338K(110272K)] 351286K->239728K(797248K), 0.0084180 secs] [Times: user=2.63 sys=1.52, real=2.10 secs] 
2014-07-28T17:41:35.832+0000: 2860.046: [GC [PSYoungGen: 110226K->288K(108608K)] 349616K->239726K(795584K), 0.0053930 secs] [Times: user=0.04 sys=0.00, real=0.01 secs] 
2014-07-28T17:41:36.643+0000: 2860.857: [GC [PSYoungGen: 108576K->384K(107072K)] 348014K->239918K(794048K), 0.0068110 secs] [Times: user=0.04 sys=0.01, real=0.01 secs] 
2014-07-28T17:41:37.481+0000: 2861.695: [GC [PSYoungGen: 107072K->448K(105600K)] 346606K->240030K(792576K), 0.0065440 secs] [Times: user=0.02 sys=0.02, real=0.01 secs] 
2014-07-28T17:41:38.308+0000: 2862.522: [GC [PSYoungGen: 105600K->224K(103936K)] 345182K->239846K(790912K), 0.0049110 secs] [Times: user=0.03 sys=0.00, real=0.00 secs] 
2014-07-28T17:41:39.012+0000: 2863.226: [GC [PSYoungGen: 103904K->192K(102400K)] 343526K->239846K(789376K), 0.0031600 secs] [Times: user=0.01 sys=0.00, real=0.01 secs] 
2014-07-28T17:41:39.738+0000: 2863.952: [GC [PSYoungGen: 102400K->192K(100992K)] 342054K->239870K(787968K), 0.0029550 secs] [Times: user=0.01 sys=0.00, real=0.00 secs] 
2014-07-28T17:41:40.455+0000: 2864.668: [GC [PSYoungGen: 100992K->384K(99776K)] 340670K->240142K(786752K), 0.0049240 secs] [Times: user=0.03 sys=0.00, real=0.01 secs] 
2014-07-28T17:41:41.182+0000: 2865.396: [GC [PSYoungGen: 99776K->384K(98432K)] 339534K->240190K(785408K), 0.0037670 secs] [Times: user=0.02 sys=0.01, real=0.01 secs] 
2014-07-28T17:41:41.983+0000: 2866.196: [GC [PSYoungGen: 98432K->256K(96960K)] 338238K->240086K(783936K), 0.0150080 secs] [Times: user=0.08 sys=0.02, real=0.02 secs] 
2014-07-28T17:41:42.765+0000: 2866.979: [GC [PSYoungGen: 96960K->416K(116544K)] 336790K->240254K(803520K), 0.0170630 secs] [Times: user=0.11 sys=0.02, real=0.01 secs] 
2014-07-28T17:41:43.683+0000: 2867.897: [GC [PSYoungGen: 116512K->288K(139648K)] 356350K->240174K(826624K), 0.0100710 secs] [Times: user=0.06 sys=0.01, real=0.01 secs] 
2014-07-28T17:41:44.780+0000: 2868.994: [GC [PSYoungGen: 139616K->384K(167616K)] 379502K->240310K(854592K), 0.0079650 secs] [Times: user=0.05 sys=0.01, real=0.01 secs] 
2014-07-28T17:41:45.963+0000: 2870.177: [GC [PSYoungGen: 167616K->352K(164352K)] 407542K->240318K(851328K), 0.0052950 secs] [Times: user=0.03 sys=0.00, real=0.01 secs] 
2014-07-28T17:41:47.131+0000: 2871.345: [GC [PSYoungGen: 164320K->224K(161088K)] 404286K->240190K(848064K), 0.0055870 secs] [Times: user=0.03 sys=0.01, real=0.01 secs] 
2014-07-28T17:41:48.280+0000: 2872.494: [GC [PSYoungGen: 161056K->288K(158080K)] 401022K->240326K(845056K), 0.0064700 secs] [Times: user=0.04 sys=0.00, real=0.01 secs] 
2014-07-28T17:41:49.408+0000: 2873.622: [GC [PSYoungGen: 158048K->224K(155072K)] 398086K->240302K(842048K), 0.0058690 secs] [Times: user=0.04 sys=0.00, real=0.00 secs] 
2014-07-28T17:41:50.589+0000: 2874.803: [GC [PSYoungGen: 155040K->352K(152320K)] 395118K->240470K(839296K), 0.0093080 secs] [Times: user=0.06 sys=0.01, real=0.01 secs] 
2014-07-28T17:41:51.764+0000: 2875.977: [GC [PSYoungGen: 152288K->288K(149440K)] 392406K->240422K(836416K), 0.0068900 secs] [Times: user=0.10 sys=0.08, real=0.17 secs] 
2014-07-28T17:41:53.011+0000: 2877.224: [GC [PSYoungGen: 149408K->352K(146816K)] 389542K->240518K(833792K), 0.0050250 secs] [Times: user=0.02 sys=0.01, real=0.00 secs] 
2014-07-28T17:41:54.058+0000: 2878.271: [GC [PSYoungGen: 146784K->256K(144064K)] 386950K->240462K(831040K), 0.0073550 secs] [Times: user=0.04 sys=0.00, real=0.00 secs] 
2014-07-28T17:41:55.081+0000: 2879.295: [GC [PSYoungGen: 144064K->384K(141632K)] 384270K->240622K(828608K), 0.0047590 secs] [Times: user=0.03 sys=0.00, real=0.00 secs] 
2014-07-28T17:41:56.090+0000: 2880.303: [GC [PSYoungGen: 141632K->224K(139008K)] 381870K->240510K(825984K), 0.0079350 secs] [Times: user=0.05 sys=0.00, real=0.01 secs] 
2014-07-28T17:41:57.076+0000: 2881.290: [GC [PSYoungGen: 138976K->256K(136640K)] 379262K->240598K(823616K), 0.0033110 secs] [Times: user=0.02 sys=0.00, real=0.01 secs] 
2014-07-28T17:41:58.102+0000: 2882.315: [GC [PSYoungGen: 136640K->320K(134400K)] 376982K->240718K(821376K), 0.0042140 secs] [Times: user=0.02 sys=0.00, real=0.00 secs] 
2014-07-28T17:41:59.103+0000: 2883.317: [GC [PSYoungGen: 134400K->224K(132096K)] 374798K->240662K(819072K), 0.0049080 secs] [Times: user=0.03 sys=0.00, real=0.01 secs] 
2014-07-28T17:42:00.040+0000: 2884.254: [GC [PSYoungGen: 132064K->352K(130048K)] 372502K->240870K(817024K), 0.0054140 secs] [Times: user=0.03 sys=0.01, real=0.00 secs] 
2014-07-28T17:42:00.963+0000: 2885.177: [GC [PSYoungGen: 129990K->288K(127872K)] 370508K->240838K(814848K), 0.0030290 secs] [Times: user=0.01 sys=0.00, real=0.00 secs] 
2014-07-28T17:42:01.871+0000: 2886.085: [GC [PSYoungGen: 127840K->320K(125824K)] 368390K->240942K(812800K), 0.0062350 secs] [Times: user=0.04 sys=0.01, real=0.00 secs] 
2014-07-28T17:42:02.770+0000: 2886.984: [GC [PSYoungGen: 125824K->416K(123904K)] 366446K->241110K(810880K), 0.0069470 secs] [Times: user=0.04 sys=0.01, real=0.00 secs] 
2014-07-28T17:42:03.650+0000: 2887.864: [GC [PSYoungGen: 123872K->192K(121664K)] 364566K->240926K(808640K), 0.0114730 secs] [Times: user=0.09 sys=0.01, real=0.01 secs] 
2014-07-28T17:42:04.574+0000: 2888.788: [GC [PSYoungGen: 121664K->320K(119872K)] 362398K->241094K(806848K), 0.0128130 secs] [Times: user=0.07 sys=0.00, real=0.01 secs] 
2014-07-28T17:42:05.519+0000: 2889.733: [GC [PSYoungGen: 119872K->320K(118016K)] 360646K->241150K(804992K), 0.0033560 secs] [Times: user=0.02 sys=0.00, real=0.00 secs] 
2014-07-28T17:42:06.401+0000: 2890.615: [GC [PSYoungGen: 118016K->320K(116224K)] 358846K->241222K(803200K), 0.0055640 secs] [Times: user=0.04 sys=0.01, real=0.00 secs] 
2014-07-28T17:42:07.232+0000: 2891.446: [GC [PSYoungGen: 116224K->448K(114560K)] 357126K->241454K(801536K), 0.0058910 secs] [Times: user=0.04 sys=0.01, real=0.00 secs] 
2014-07-28T17:42:08.039+0000: 2892.252: [GC [PSYoungGen: 114548K->416K(112832K)] 355554K->241454K(799808K), 0.0093730 secs] [Times: user=0.05 sys=0.00, real=0.01 secs] 
2014-07-28T17:42:08.835+0000: 2893.049: [GC [PSYoungGen: 112772K->160K(110912K)] 353811K->241198K(797888K), 0.0047560 secs] [Times: user=0.02 sys=0.00, real=0.01 secs] 
2014-07-28T17:42:09.624+0000: 2893.838: [GC [PSYoungGen: 110875K->288K(109440K)] 351913K->241374K(796416K), 0.0042160 secs] [Times: user=0.02 sys=0.00, real=0.00 secs] 
2014-07-28T17:42:10.399+0000: 2894.613: [GC [PSYoungGen: 109408K->416K(107968K)] 350494K->241582K(794944K), 0.0033350 secs] [Times: user=0.02 sys=0.00, real=0.00 secs] 
2014-07-28T17:42:11.183+0000: 2895.396: [GC [PSYoungGen: 107936K->352K(106368K)] 349102K->241566K(793344K), 0.0062470 secs] [Times: user=0.04 sys=0.01, real=0.01 secs] 
2014-07-28T17:42:12.002+0000: 2896.216: [GC [PSYoungGen: 106336K->384K(104832K)] 347550K->241662K(791808K), 0.0150770 secs] [Times: user=0.10 sys=0.01, real=0.01 secs] 
2014-07-28T17:42:12.829+0000: 2897.043: [GC [PSYoungGen: 104832K->288K(103296K)] 346110K->241590K(790272K), 0.0044410 secs] [Times: user=0.03 sys=0.00, real=0.01 secs] 
2014-07-28T17:42:13.624+0000: 2897.838: [GC [PSYoungGen: 103264K->416K(102016K)] 344566K->241798K(788992K), 0.0047910 secs] [Times: user=0.03 sys=0.00, real=0.00 secs] 
2014-07-28T17:42:14.297+0000: 2898.511: [GC [PSYoungGen: 101984K->224K(100416K)] 343366K->241654K(787392K), 0.0087750 secs] [Times: user=0.06 sys=0.00, real=0.01 secs] 
2014-07-28T17:42:15.011+0000: 2899.225: [GC [PSYoungGen: 100384K->288K(99136K)] 341814K->241774K(786112K), 0.0046130 secs] [Times: user=0.03 sys=0.00, real=0.00 secs] 
2014-07-28T17:42:15.718+0000: 2899.931: [GC [PSYoungGen: 99104K->256K(97728K)] 340590K->241750K(784704K), 0.0039900 secs] [Times: user=0.03 sys=0.00, real=0.01 secs] 
2014-07-28T17:42:16.413+0000: 2900.627: [GC [PSYoungGen: 97728K->288K(96512K)] 339222K->241838K(783488K), 0.0078740 secs] [Times: user=0.04 sys=0.01, real=0.01 secs] 
2014-07-28T17:42:17.094+0000: 2901.308: [GC [PSYoungGen: 96480K->416K(95360K)] 338030K->242054K(782336K), 0.0038880 secs] [Times: user=0.02 sys=0.00, real=0.00 secs] 
2014-07-28T17:42:17.771+0000: 2901.985: [GC [PSYoungGen: 95311K->160K(93888K)] 336949K->241838K(780864K), 0.0045760 secs] [Times: user=0.03 sys=0.00, real=0.00 secs] 
2014-07-28T17:42:18.444+0000: 2902.658: [GC [PSYoungGen: 93856K->288K(92800K)] 335534K->242022K(779776K), 0.0041010 secs] [Times: user=0.02 sys=0.00, real=0.00 secs] 
2014-07-28T17:42:19.146+0000: 2903.359: [GC [PSYoungGen: 92768K->352K(91648K)] 334502K->242126K(778624K), 0.0149430 secs] [Times: user=1.15 sys=0.79, real=1.88 secs] 
2014-07-28T17:42:21.591+0000: 2905.805: [GC [PSYoungGen: 91616K->320K(90432K)] 333390K->242158K(777408K), 0.0050530 secs] [Times: user=0.03 sys=0.00, real=0.01 secs] 
2014-07-28T17:42:22.236+0000: 2906.450: [GC [PSYoungGen: 90432K->320K(89280K)] 332270K->242230K(776256K), 0.0045820 secs] [Times: user=0.02 sys=0.00, real=0.01 secs] 
2014-07-28T17:42:22.872+0000: 2907.086: [GC [PSYoungGen: 89280K->224K(88128K)] 331190K->242166K(775104K), 0.0036150 secs] [Times: user=0.02 sys=0.01, real=0.00 secs] 
2014-07-28T17:42:23.497+0000: 2907.711: [GC [PSYoungGen: 88096K->288K(87104K)] 330038K->242254K(774080K), 0.0043110 secs] [Times: user=0.03 sys=0.00, real=0.01 secs] 
2014-07-28T17:42:24.115+0000: 2908.329: [GC [PSYoungGen: 87072K->224K(85952K)] 329038K->242246K(772928K), 0.0078750 secs] [Times: user=0.05 sys=0.00, real=0.01 secs] 
2014-07-28T17:42:24.728+0000: 2908.942: [GC [PSYoungGen: 85920K->384K(85056K)] 327942K->242494K(772032K), 0.0058250 secs] [Times: user=0.04 sys=0.00, real=0.01 secs] 
2014-07-28T17:42:25.330+0000: 2909.544: [GC [PSYoungGen: 85056K->256K(83904K)] 327166K->242382K(770880K), 0.0060250 secs] [Times: user=0.03 sys=0.00, real=0.01 secs] 
2014-07-28T17:42:25.927+0000: 2910.141: [GC [PSYoungGen: 83904K->434K(83072K)] 326030K->242648K(770048K), 0.0044420 secs] [Times: user=0.02 sys=0.01, real=0.00 secs] 
2014-07-28T17:42:26.538+0000: 2910.752: [GC [PSYoungGen: 83033K->448K(82112K)] 325247K->242702K(769088K), 0.0070660 secs] [Times: user=0.04 sys=0.01, real=0.01 secs] 
2014-07-28T17:42:27.184+0000: 2911.398: [GC [PSYoungGen: 82112K->256K(80960K)] 324366K->242534K(767936K), 0.0039700 secs] [Times: user=0.01 sys=0.00, real=0.00 secs] 
2014-07-28T17:42:27.815+0000: 2912.029: [GC [PSYoungGen: 80960K->320K(80064K)] 323238K->242654K(767040K), 0.0065610 secs] [Times: user=0.04 sys=0.00, real=0.01 secs] 
2014-07-28T17:42:28.437+0000: 2912.651: [GC [PSYoungGen: 80064K->448K(79296K)] 322398K->242790K(766272K), 0.0028090 secs] [Times: user=0.01 sys=0.00, real=0.00 secs] 
2014-07-28T17:42:28.963+0000: 2913.177: [GC [PSYoungGen: 79296K->320K(94976K)] 321638K->242718K(781952K), 0.0116760 secs] [Times: user=0.08 sys=0.01, real=0.01 secs] 
2014-07-28T17:42:29.637+0000: 2913.851: [GC [PSYoungGen: 94976K->256K(93696K)] 337374K->242662K(780672K), 0.0028530 secs] [Times: user=0.02 sys=0.01, real=0.00 secs] 
2014-07-28T17:42:30.301+0000: 2914.515: [GC [PSYoungGen: 93696K->306K(92544K)] 336102K->242768K(779520K), 0.0046880 secs] [Times: user=0.03 sys=0.00, real=0.01 secs] 
2014-07-28T17:42:30.962+0000: 2915.176: [GC [PSYoungGen: 92530K->256K(91328K)] 334992K->242766K(778304K), 0.0052880 secs] [Times: user=0.04 sys=0.00, real=0.01 secs] 
2014-07-28T17:42:31.609+0000: 2915.823: [GC [PSYoungGen: 91328K->384K(90304K)] 333838K->242926K(777280K), 0.0043440 secs] [Times: user=0.03 sys=0.00, real=0.01 secs] 
2014-07-28T17:42:32.249+0000: 2916.463: [GC [PSYoungGen: 90304K->256K(89024K)] 332846K->242846K(776000K), 0.0102580 secs] [Times: user=0.07 sys=0.01, real=0.01 secs] 
2014-07-28T17:42:32.881+0000: 2917.094: [GC [PSYoungGen: 89024K->256K(106816K)] 331614K->242894K(793792K), 0.0102770 secs] [Times: user=0.07 sys=0.01, real=0.01 secs] 
2014-07-28T17:42:33.651+0000: 2917.865: [GC [PSYoungGen: 106814K->434K(105472K)] 349452K->243088K(792448K), 0.0043680 secs] [Times: user=0.03 sys=0.00, real=0.01 secs] 
2014-07-28T17:42:34.482+0000: 2918.695: [GC [PSYoungGen: 105457K->448K(104000K)] 348111K->243174K(790976K), 0.0050370 secs] [Times: user=0.80 sys=0.59, real=1.38 secs] 
2014-07-28T17:42:36.355+0000: 2920.568: [GC [PSYoungGen: 104000K->320K(102400K)] 346726K->243142K(789376K), 0.0042370 secs] [Times: user=0.03 sys=0.00, real=0.00 secs] 
2014-07-28T17:42:37.080+0000: 2921.294: [GC [PSYoungGen: 102400K->288K(100992K)] 345222K->243150K(787968K), 0.0059490 secs] [Times: user=0.04 sys=0.00, real=0.01 secs] 
2014-07-28T17:42:37.797+0000: 2922.010: [GC [PSYoungGen: 100960K->448K(99712K)] 343822K->243390K(786688K), 0.0039330 secs] [Times: user=0.02 sys=0.00, real=0.00 secs] 
2014-07-28T17:42:38.503+0000: 2922.716: [GC [PSYoungGen: 99696K->402K(98368K)] 342638K->243368K(785344K), 0.0046510 secs] [Times: user=0.03 sys=0.00, real=0.01 secs] 
2014-07-28T17:42:39.202+0000: 2923.416: [GC [PSYoungGen: 98322K->320K(96896K)] 341288K->243358K(783872K), 0.0054190 secs] [Times: user=0.03 sys=0.00, real=0.01 secs] 
2014-07-28T17:42:39.889+0000: 2924.103: [GC [PSYoungGen: 96896K->224K(95552K)] 339934K->243318K(782528K), 0.0087960 secs] [Times: user=0.06 sys=0.00, real=0.01 secs] 
2014-07-28T17:42:40.569+0000: 2924.783: [GC [PSYoungGen: 95520K->224K(94272K)] 338614K->243358K(781248K), 0.0078070 secs] [Times: user=0.04 sys=0.01, real=0.01 secs] 
2014-07-28T17:42:41.269+0000: 2925.483: [GC [PSYoungGen: 94240K->384K(93184K)] 337374K->243534K(780160K), 0.0048650 secs] [Times: user=0.03 sys=0.00, real=0.00 secs] 
2014-07-28T17:42:41.997+0000: 2926.211: [GC [PSYoungGen: 93184K->320K(91904K)] 336334K->243510K(778880K), 0.0066190 secs] [Times: user=0.04 sys=0.00, real=0.00 secs] 
2014-07-28T17:42:42.702+0000: 2926.916: [GC [PSYoungGen: 91904K->416K(110400K)] 335094K->243654K(797376K), 0.0155360 secs] [Times: user=0.10 sys=0.00, real=0.02 secs] 
2014-07-28T17:42:43.425+0000: 2927.639: [GC [PSYoungGen: 110368K->256K(132224K)] 353606K->243526K(819200K), 0.0061030 secs] [Times: user=0.03 sys=0.00, real=0.00 secs] 
2014-07-28T17:42:44.365+0000: 2928.579: [GC [PSYoungGen: 132224K->352K(130176K)] 375494K->243702K(817152K), 0.0064660 secs] [Times: user=0.04 sys=0.00, real=0.00 secs] 
2014-07-28T17:42:45.295+0000: 2929.509: [GC [PSYoungGen: 130144K->352K(128064K)] 373494K->243758K(815040K), 0.0076560 secs] [Times: user=0.04 sys=0.01, real=0.01 secs] 
2014-07-28T17:42:46.205+0000: 2930.419: [GC [PSYoungGen: 128032K->320K(125888K)] 371438K->243798K(812864K), 0.0090630 secs] [Times: user=0.06 sys=0.01, real=0.00 secs] 
2014-07-28T17:42:47.098+0000: 2931.312: [GC [PSYoungGen: 125888K->448K(123968K)] 369366K->244014K(810944K), 0.0057000 secs] [Times: user=0.03 sys=0.00, real=0.00 secs] 
2014-07-28T17:42:48.008+0000: 2932.222: [GC [PSYoungGen: 123968K->320K(121856K)] 367534K->243926K(808832K), 0.0102590 secs] [Times: user=0.07 sys=0.00, real=0.01 secs] 
2014-07-28T17:42:48.970+0000: 2933.184: [GC [PSYoungGen: 121856K->448K(120064K)] 365462K->244102K(807040K), 0.0055360 secs] [Times: user=0.03 sys=0.00, real=0.01 secs] 
2014-07-28T17:42:49.900+0000: 2934.114: [GC [PSYoungGen: 120064K->416K(118208K)] 363718K->244150K(805184K), 0.0024680 secs] [Times: user=0.01 sys=0.00, real=0.00 secs] 
2014-07-28T17:42:50.722+0000: 2934.936: [GC [PSYoungGen: 118176K->224K(116224K)] 361910K->244014K(803200K), 0.0068030 secs] [Times: user=0.04 sys=0.00, real=0.01 secs] 
2014-07-28T17:42:51.548+0000: 2935.762: [GC [PSYoungGen: 116192K->288K(114496K)] 359982K->244110K(801472K), 0.0074750 secs] [Times: user=0.05 sys=0.00, real=0.00 secs] 
2014-07-28T17:42:52.355+0000: 2936.569: [GC [PSYoungGen: 114464K->352K(112832K)] 358286K->244222K(799808K), 0.0060790 secs] [Times: user=0.03 sys=0.00, real=0.01 secs] 
2014-07-28T17:42:53.154+0000: 2937.368: [GC [PSYoungGen: 112800K->192K(110976K)] 356670K->244102K(797952K), 0.0086900 secs] [Times: user=0.06 sys=0.01, real=0.01 secs] 
2014-07-28T17:42:53.943+0000: 2938.157: [GC [PSYoungGen: 110976K->384K(109504K)] 354886K->244382K(796480K), 0.0067800 secs] [Times: user=0.04 sys=0.01, real=0.01 secs] 
2014-07-28T17:42:54.717+0000: 2938.931: [GC [PSYoungGen: 109504K->256K(107776K)] 353502K->244302K(794752K), 0.0039950 secs] [Times: user=0.03 sys=0.00, real=0.00 secs] 
2014-07-28T17:42:55.555+0000: 2939.769: [GC [PSYoungGen: 107764K->256K(106240K)] 351810K->244318K(793216K), 0.0117510 secs] [Times: user=0.07 sys=0.01, real=0.02 secs] 
2014-07-28T17:42:56.383+0000: 2940.597: [GC [PSYoungGen: 106239K->320K(127552K)] 350302K->244414K(814528K), 0.0116820 secs] [Times: user=0.07 sys=0.00, real=0.01 secs] 
2014-07-28T17:42:57.396+0000: 2941.610: [GC [PSYoungGen: 127552K->320K(125504K)] 371646K->244470K(812480K), 0.0029320 secs] [Times: user=0.02 sys=0.00, real=0.00 secs] 
2014-07-28T17:42:58.265+0000: 2942.479: [GC [PSYoungGen: 125504K->288K(123520K)] 369654K->244502K(810496K), 0.0053810 secs] [Times: user=0.04 sys=0.00, real=0.01 secs] 
2014-07-28T17:42:59.149+0000: 2943.363: [GC [PSYoungGen: 123487K->192K(121408K)] 367701K->244422K(808384K), 0.0046000 secs] [Times: user=0.02 sys=0.00, real=0.00 secs] 
2014-07-28T17:43:00.007+0000: 2944.221: [GC [PSYoungGen: 121408K->192K(119488K)] 365638K->244462K(806464K), 0.0024990 secs] [Times: user=0.01 sys=0.00, real=0.01 secs] 
2014-07-28T17:43:00.859+0000: 2945.073: [GC [PSYoungGen: 119488K->192K(117632K)] 363758K->244502K(804608K), 0.0030770 secs] [Times: user=0.01 sys=0.00, real=0.00 secs] 
2014-07-28T17:43:01.748+0000: 2945.962: [GC [PSYoungGen: 117632K->370K(116032K)] 361942K->244688K(803008K), 0.0045840 secs] [Times: user=0.02 sys=0.00, real=0.00 secs] 
2014-07-28T17:43:02.624+0000: 2946.838: [GC [PSYoungGen: 116018K->320K(114240K)] 360336K->244670K(801216K), 0.0124880 secs] [Times: user=0.07 sys=0.01, real=0.01 secs] 
2014-07-28T17:43:03.506+0000: 2947.719: [GC [PSYoungGen: 114232K->384K(112576K)] 358583K->244790K(799552K), 0.0061890 secs] [Times: user=0.03 sys=0.00, real=0.01 secs] 
2014-07-28T17:43:04.346+0000: 2948.560: [GC [PSYoungGen: 112528K->384K(110912K)] 356935K->244886K(797888K), 0.0033290 secs] [Times: user=0.02 sys=0.01, real=0.01 secs] 
2014-07-28T17:43:05.131+0000: 2949.344: [GC [PSYoungGen: 110912K->224K(109184K)] 355414K->244758K(796160K), 0.0051220 secs] [Times: user=0.02 sys=0.00, real=0.00 secs] 
2014-07-28T17:43:05.904+0000: 2950.117: [GC [PSYoungGen: 109152K->416K(107776K)] 353686K->245030K(794752K), 0.0040690 secs] [Times: user=0.03 sys=0.01, real=0.00 secs] 
2014-07-28T17:43:06.670+0000: 2950.884: [GC [PSYoungGen: 107744K->320K(106112K)] 352358K->244998K(793088K), 0.0063650 secs] [Times: user=0.04 sys=0.00, real=0.00 secs] 
2014-07-28T17:43:07.427+0000: 2951.641: [GC [PSYoungGen: 106100K->320K(104576K)] 350778K->245046K(791552K), 0.0052080 secs] [Times: user=0.02 sys=0.00, real=0.01 secs] 
2014-07-28T17:43:08.168+0000: 2952.382: [GC [PSYoungGen: 104576K->274K(103104K)] 349302K->245040K(790080K), 0.0066090 secs] [Times: user=0.04 sys=0.00, real=0.00 secs] 
2014-07-28T17:43:08.906+0000: 2953.120: [GC [PSYoungGen: 103058K->192K(101568K)] 347824K->244990K(788544K), 0.0033280 secs] [Times: user=0.01 sys=0.00, real=0.01 secs] 
2014-07-28T17:43:09.660+0000: 2953.874: [GC [PSYoungGen: 101568K->320K(100288K)] 346366K->245174K(787264K), 0.0067120 secs] [Times: user=0.04 sys=0.00, real=0.00 secs] 
2014-07-28T17:43:10.437+0000: 2954.651: [GC [PSYoungGen: 100288K->320K(98944K)] 345142K->245198K(785920K), 0.0031000 secs] [Times: user=0.02 sys=0.01, real=0.01 secs] 
2014-07-28T17:43:11.190+0000: 2955.403: [GC [PSYoungGen: 98944K->416K(97728K)] 343822K->245342K(784704K), 0.0088240 secs] [Times: user=0.05 sys=0.01, real=0.00 secs] 
2014-07-28T17:43:11.872+0000: 2956.085: [GC [PSYoungGen: 97696K->288K(96320K)] 342622K->245270K(783296K), 0.0027130 secs] [Times: user=0.01 sys=0.00, real=0.00 secs] 
2014-07-28T17:43:12.565+0000: 2956.779: [GC [PSYoungGen: 96288K->352K(95104K)] 341270K->245366K(782080K), 0.0114800 secs] [Times: user=0.07 sys=0.00, real=0.01 secs] 
2014-07-28T17:43:13.225+0000: 2957.439: [GC [PSYoungGen: 95072K->352K(93888K)] 340086K->245438K(780864K), 0.0041330 secs] [Times: user=0.02 sys=0.01, real=0.01 secs] 
2014-07-28T17:43:13.891+0000: 2958.104: [GC [PSYoungGen: 93856K->224K(92544K)] 338942K->245358K(779520K), 0.0047160 secs] [Times: user=0.03 sys=0.00, real=0.00 secs] 
2014-07-28T17:43:14.550+0000: 2958.764: [GC [PSYoungGen: 92512K->320K(91392K)] 337646K->245518K(778368K), 0.0034030 secs] [Times: user=0.01 sys=0.00, real=0.00 secs] 
2014-07-28T17:43:15.195+0000: 2959.408: [GC [PSYoungGen: 91392K->352K(90304K)] 336590K->245638K(777280K), 0.0063930 secs] [Times: user=0.04 sys=0.01, real=0.01 secs] 
2014-07-28T17:43:15.834+0000: 2960.048: [GC [PSYoungGen: 90272K->288K(89088K)] 335558K->245630K(776064K), 0.0033960 secs] [Times: user=0.01 sys=0.01, real=0.00 secs] 
2014-07-28T17:43:16.464+0000: 2960.677: [GC [PSYoungGen: 89056K->402K(88128K)] 334398K->245768K(775104K), 0.0076950 secs] [Times: user=0.05 sys=0.00, real=0.01 secs] 
2014-07-28T17:43:17.090+0000: 2961.303: [GC [PSYoungGen: 88082K->256K(86848K)] 333448K->245670K(773824K), 0.0031650 secs] [Times: user=0.01 sys=0.00, real=0.00 secs] 
2014-07-28T17:43:17.703+0000: 2961.916: [GC [PSYoungGen: 86848K->320K(85824K)] 332262K->245806K(772800K), 0.0091280 secs] [Times: user=0.07 sys=0.00, real=0.01 secs] 
2014-07-28T17:43:18.306+0000: 2962.520: [GC [PSYoungGen: 85824K->160K(84672K)] 331310K->245662K(771648K), 0.0060190 secs] [Times: user=0.02 sys=0.00, real=0.01 secs] 
2014-07-28T17:43:18.910+0000: 2963.124: [GC [PSYoungGen: 84640K->384K(83840K)] 330142K->245926K(770816K), 0.0071590 secs] [Times: user=0.02 sys=0.00, real=0.01 secs] 
2014-07-28T17:43:19.502+0000: 2963.716: [GC [PSYoungGen: 83840K->320K(82816K)] 329382K->245926K(769792K), 0.0053130 secs] [Times: user=0.03 sys=0.00, real=0.00 secs] 
2014-07-28T17:43:20.096+0000: 2964.310: [GC [PSYoungGen: 82816K->256K(99264K)] 328422K->245878K(786240K), 0.0089980 secs] [Times: user=0.03 sys=0.00, real=0.01 secs] 
2014-07-28T17:43:20.799+0000: 2965.013: [GC [PSYoungGen: 99264K->416K(119296K)] 344886K->246110K(806272K), 0.0086640 secs] [Times: user=0.07 sys=0.00, real=0.01 secs] 
2014-07-28T17:43:21.648+0000: 2965.862: [GC [PSYoungGen: 119264K->320K(142976K)] 364958K->246054K(829952K), 0.0084130 secs] [Times: user=0.05 sys=0.01, real=0.01 secs] 
2014-07-28T17:43:22.666+0000: 2966.880: [GC [PSYoungGen: 142976K->320K(140480K)] 388710K->246134K(827456K), 0.0043370 secs] [Times: user=0.02 sys=0.01, real=0.01 secs] 
2014-07-28T17:43:23.665+0000: 2967.879: [GC [PSYoungGen: 140480K->384K(138112K)] 386294K->246262K(825088K), 0.0053540 secs] [Times: user=0.04 sys=0.00, real=0.01 secs] 
2014-07-28T17:43:24.649+0000: 2968.862: [GC [PSYoungGen: 138084K->384K(135744K)] 383962K->246374K(822720K), 0.0035400 secs] [Times: user=0.02 sys=0.00, real=0.01 secs] 
2014-07-28T17:43:25.613+0000: 2969.827: [GC [PSYoungGen: 135716K->480K(133568K)] 381706K->246558K(820544K), 0.0049430 secs] [Times: user=0.03 sys=0.00, real=0.00 secs] 
2014-07-28T17:43:26.556+0000: 2970.770: [GC [PSYoungGen: 133536K->306K(131136K)] 379614K->246472K(818112K), 0.0092590 secs] [Times: user=0.06 sys=0.00, real=0.01 secs] 
2014-07-28T17:43:27.484+0000: 2971.697: [GC [PSYoungGen: 131120K->548K(129216K)] 377286K->246786K(816192K), 0.0060170 secs] [Times: user=0.04 sys=0.00, real=0.00 secs] 
2014-07-28T17:43:28.406+0000: 2972.619: [GC [PSYoungGen: 129188K->288K(126848K)] 375426K->246590K(813824K), 0.0083920 secs] [Times: user=0.06 sys=0.00, real=0.01 secs] 
2014-07-28T17:43:29.302+0000: 2973.516: [GC [PSYoungGen: 126816K->320K(124800K)] 373118K->246686K(811776K), 0.0114890 secs] [Times: user=0.08 sys=0.00, real=0.01 secs] 
2014-07-28T17:43:30.190+0000: 2974.404: [GC [PSYoungGen: 124800K->384K(122880K)] 371166K->246798K(809856K), 0.0122620 secs] [Times: user=0.07 sys=0.00, real=0.02 secs] 
2014-07-28T17:43:31.058+0000: 2975.272: [GC [PSYoungGen: 122834K->320K(147328K)] 369248K->246798K(834304K), 0.0129480 secs] [Times: user=0.08 sys=0.00, real=0.01 secs] 
2014-07-28T17:43:32.105+0000: 2976.319: [GC [PSYoungGen: 147328K->384K(144768K)] 393806K->246926K(831744K), 0.0062890 secs] [Times: user=0.04 sys=0.00, real=0.00 secs] 
2014-07-28T17:43:33.132+0000: 2977.346: [GC [PSYoungGen: 144751K->338K(142208K)] 391293K->246952K(829184K), 0.0036840 secs] [Times: user=0.02 sys=0.00, real=0.01 secs] 
2014-07-28T17:43:34.138+0000: 2978.352: [GC [PSYoungGen: 142162K->352K(139712K)] 388776K->247054K(826688K), 0.0068430 secs] [Times: user=0.04 sys=0.00, real=0.01 secs] 
2014-07-28T17:43:35.133+0000: 2979.347: [GC [PSYoungGen: 139680K->498K(137408K)] 386382K->247280K(824384K), 0.0075860 secs] [Times: user=0.04 sys=0.00, real=0.00 secs] 
2014-07-28T17:43:36.107+0000: 2980.321: [GC [PSYoungGen: 137394K->192K(134720K)] 384176K->247126K(821696K), 0.0046440 secs] [Times: user=0.03 sys=0.00, real=0.01 secs] 
2014-07-28T17:43:37.066+0000: 2981.280: [GC [PSYoungGen: 134720K->352K(132608K)] 381654K->247342K(819584K), 0.0047800 secs] [Times: user=0.02 sys=0.00, real=0.00 secs] 
2014-07-28T17:43:38.006+0000: 2982.220: [GC [PSYoungGen: 132546K->512K(130496K)] 379537K->247590K(817472K), 0.0079540 secs] [Times: user=0.05 sys=0.00, real=0.01 secs] 
2014-07-28T17:43:38.935+0000: 2983.149: [GC [PSYoungGen: 130496K->352K(128192K)] 377574K->247494K(815168K), 0.0063810 secs] [Times: user=0.04 sys=0.01, real=0.00 secs] 
2014-07-28T17:43:39.852+0000: 2984.066: [GC [PSYoungGen: 128154K->384K(126080K)] 375296K->247622K(813056K), 0.0075300 secs] [Times: user=0.05 sys=0.00, real=0.01 secs] 
2014-07-28T17:43:40.748+0000: 2984.962: [GC [PSYoungGen: 126080K->448K(124096K)] 373318K->247710K(811072K), 0.0044970 secs] [Times: user=0.02 sys=0.00, real=0.00 secs] 
2014-07-28T17:43:41.634+0000: 2985.848: [GC [PSYoungGen: 124075K->384K(122048K)] 371337K->247726K(809024K), 0.0080040 secs] [Times: user=0.06 sys=0.00, real=0.00 secs] 
2014-07-28T17:43:42.504+0000: 2986.718: [GC [PSYoungGen: 122048K->288K(120064K)] 369390K->247702K(807040K), 0.0084150 secs] [Times: user=0.06 sys=0.01, real=0.00 secs] 
2014-07-28T17:43:43.355+0000: 2987.569: [GC [PSYoungGen: 120030K->288K(118208K)] 367444K->247758K(805184K), 0.0043920 secs] [Times: user=0.02 sys=0.01, real=0.00 secs] 
2014-07-28T17:43:44.202+0000: 2988.415: [GC [PSYoungGen: 118176K->256K(116352K)] 365646K->247774K(803328K), 0.0047930 secs] [Times: user=0.02 sys=0.00, real=0.01 secs] 
2014-07-28T17:43:45.032+0000: 2989.246: [GC [PSYoungGen: 116352K->448K(114752K)] 363870K->248030K(801728K), 0.0034980 secs] [Times: user=0.02 sys=0.00, real=0.01 secs] 
2014-07-28T17:43:45.847+0000: 2990.061: [GC [PSYoungGen: 114752K->288K(112896K)] 362334K->247934K(799872K), 0.0060290 secs] [Times: user=0.04 sys=0.00, real=0.00 secs] 
2014-07-28T17:43:46.651+0000: 2990.864: [GC [PSYoungGen: 112824K->452K(111424K)] 360470K->248154K(798400K), 0.0100430 secs] [Times: user=0.07 sys=0.00, real=0.01 secs] 
2014-07-28T17:43:47.442+0000: 2991.656: [GC [PSYoungGen: 111364K->320K(109568K)] 359066K->248070K(796544K), 0.0063800 secs] [Times: user=0.04 sys=0.00, real=0.01 secs] 
2014-07-28T17:43:48.220+0000: 2992.434: [GC [PSYoungGen: 109568K->448K(108096K)] 357318K->248278K(795072K), 0.0070530 secs] [Times: user=0.05 sys=0.00, real=0.01 secs] 
2014-07-28T17:43:48.984+0000: 2993.197: [GC [PSYoungGen: 108096K->466K(106624K)] 355926K->248376K(793600K), 0.0055710 secs] [Times: user=0.03 sys=0.00, real=0.01 secs] 
2014-07-28T17:43:49.738+0000: 2993.952: [GC [PSYoungGen: 106578K->320K(104896K)] 354488K->248278K(791872K), 0.0116460 secs] [Times: user=0.07 sys=0.00, real=0.01 secs] 
2014-07-28T17:43:50.480+0000: 2994.693: [GC [PSYoungGen: 104896K->320K(103424K)] 352854K->248318K(790400K), 0.0037660 secs] [Times: user=0.02 sys=0.00, real=0.00 secs] 
2014-07-28T17:43:51.213+0000: 2995.427: [GC [PSYoungGen: 103424K->384K(102016K)] 351422K->248454K(788992K), 0.0055900 secs] [Times: user=0.04 sys=0.00, real=0.01 secs] 
2014-07-28T17:43:51.939+0000: 2996.152: [GC [PSYoungGen: 101987K->384K(100608K)] 350057K->248550K(787584K), 0.0046650 secs] [Times: user=0.03 sys=0.01, real=0.00 secs] 
2014-07-28T17:43:52.652+0000: 2996.865: [GC [PSYoungGen: 100608K->448K(99328K)] 348774K->248702K(786304K), 0.0050440 secs] [Times: user=0.03 sys=0.00, real=0.01 secs] 
2014-07-28T17:43:53.354+0000: 2997.567: [GC [PSYoungGen: 99286K->384K(97920K)] 347540K->248646K(784896K), 0.0050550 secs] [Times: user=0.03 sys=0.00, real=0.01 secs] 
2014-07-28T17:43:54.047+0000: 2998.261: [GC [PSYoungGen: 97920K->224K(96512K)] 346182K->248534K(783488K), 0.0029220 secs] [Times: user=0.01 sys=0.01, real=0.00 secs] 
2014-07-28T17:43:54.736+0000: 2998.949: [GC [PSYoungGen: 96480K->416K(95424K)] 344790K->248806K(782400K), 0.0045040 secs] [Times: user=0.02 sys=0.00, real=0.00 secs] 
2014-07-28T17:43:55.414+0000: 2999.628: [GC [PSYoungGen: 95392K->288K(94080K)] 343782K->248702K(781056K), 0.0024240 secs] [Times: user=0.01 sys=0.00, real=0.01 secs] 
2014-07-28T17:43:56.083+0000: 3000.297: [GC [PSYoungGen: 94048K->320K(92864K)] 342462K->248790K(779840K), 0.0043560 secs] [Times: user=0.02 sys=0.00, real=0.01 secs] 
2014-07-28T17:43:56.743+0000: 3000.956: [GC [PSYoungGen: 92856K->288K(91648K)] 341326K->248806K(778624K), 0.0065030 secs] [Times: user=0.05 sys=0.00, real=0.01 secs] 
2014-07-28T17:43:57.392+0000: 3001.605: [GC [PSYoungGen: 91616K->288K(90496K)] 340134K->248822K(777472K), 0.0025780 secs] [Times: user=0.01 sys=0.00, real=0.00 secs] 
2014-07-28T17:43:58.038+0000: 3002.252: [GC [PSYoungGen: 90464K->434K(89472K)] 338998K->249032K(776448K), 0.0049940 secs] [Times: user=0.02 sys=0.00, real=0.00 secs] 
2014-07-28T17:43:58.669+0000: 3002.883: [GC [PSYoungGen: 89458K->256K(88192K)] 338056K->248902K(775168K), 0.0046820 secs] [Times: user=0.03 sys=0.00, real=0.00 secs] 
2014-07-28T17:43:59.298+0000: 3003.511: [GC [PSYoungGen: 88192K->306K(87168K)] 336838K->248992K(774144K), 0.0039720 secs] [Times: user=0.01 sys=0.00, real=0.00 secs] 
2014-07-28T17:43:59.912+0000: 3004.126: [GC [PSYoungGen: 87154K->352K(86144K)] 335840K->249110K(773120K), 0.0054130 secs] [Times: user=0.03 sys=0.00, real=0.01 secs] 
2014-07-28T17:44:00.526+0000: 3004.740: [GC [PSYoungGen: 86112K->288K(85056K)] 334870K->249094K(772032K), 0.0034070 secs] [Times: user=0.01 sys=0.00, real=0.00 secs] 
2014-07-28T17:44:01.131+0000: 3005.345: [GC [PSYoungGen: 85024K->224K(83968K)] 333830K->249086K(770944K), 0.0101760 secs] [Times: user=0.06 sys=0.00, real=0.01 secs] 
2014-07-28T17:44:01.726+0000: 3005.939: [GC [PSYoungGen: 83936K->320K(100800K)] 332798K->249262K(787776K), 0.0082810 secs] [Times: user=0.05 sys=0.01, real=0.01 secs] 
2014-07-28T17:44:02.443+0000: 3006.657: [GC [PSYoungGen: 100800K->384K(99456K)] 349742K->249358K(786432K), 0.0060560 secs] [Times: user=0.04 sys=0.00, real=0.01 secs] 
2014-07-28T17:44:03.148+0000: 3007.362: [GC [PSYoungGen: 99456K->384K(98112K)] 348430K->249438K(785088K), 0.0054210 secs] [Times: user=0.03 sys=0.00, real=0.00 secs] 
2014-07-28T17:44:03.840+0000: 3008.054: [GC [PSYoungGen: 98112K->384K(96832K)] 347166K->249502K(783808K), 0.0052100 secs] [Times: user=0.03 sys=0.00, real=0.00 secs] 
2014-07-28T17:44:04.527+0000: 3008.741: [GC [PSYoungGen: 96832K->288K(95488K)] 345950K->249438K(782464K), 0.0051530 secs] [Times: user=0.03 sys=0.00, real=0.00 secs] 
2014-07-28T17:44:05.208+0000: 3009.422: [GC [PSYoungGen: 95456K->416K(94336K)] 344606K->249638K(781312K), 0.0071960 secs] [Times: user=0.04 sys=0.00, real=0.00 secs] 
2014-07-28T17:44:05.879+0000: 3010.092: [GC [PSYoungGen: 94295K->352K(93056K)] 343517K->249638K(780032K), 0.0038770 secs] [Times: user=0.02 sys=0.00, real=0.00 secs] 
2014-07-28T17:44:06.539+0000: 3010.753: [GC [PSYoungGen: 93024K->352K(91840K)] 342310K->249694K(778816K), 0.0057640 secs] [Times: user=0.04 sys=0.00, real=0.00 secs] 
2014-07-28T17:44:07.189+0000: 3011.402: [GC [PSYoungGen: 91808K->320K(90624K)] 341150K->249734K(777600K), 0.0058440 secs] [Times: user=0.04 sys=0.00, real=0.00 secs] 
2014-07-28T17:44:07.832+0000: 3012.046: [GC [PSYoungGen: 90624K->320K(89472K)] 340038K->249798K(776448K), 0.0080760 secs] [Times: user=0.05 sys=0.00, real=0.01 secs] 
2014-07-28T17:44:08.465+0000: 3012.679: [GC [PSYoungGen: 89472K->384K(88448K)] 338950K->249918K(775424K), 0.0037460 secs] [Times: user=0.02 sys=0.00, real=0.01 secs] 
2014-07-28T17:44:09.094+0000: 3013.308: [GC [PSYoungGen: 88432K->402K(87424K)] 337966K->249984K(774400K), 0.0075050 secs] [Times: user=0.05 sys=0.00, real=0.01 secs] 
2014-07-28T17:44:09.713+0000: 3013.926: [GC [PSYoungGen: 87378K->256K(86144K)] 336960K->249910K(773120K), 0.0056660 secs] [Times: user=0.03 sys=0.00, real=0.01 secs] 
2014-07-28T17:44:10.327+0000: 3014.541: [GC [PSYoungGen: 86144K->288K(85184K)] 335798K->249982K(772160K), 0.0056200 secs] [Times: user=0.03 sys=0.00, real=0.01 secs] 
2014-07-28T17:44:10.934+0000: 3015.147: [GC [PSYoungGen: 85152K->224K(84096K)] 334846K->249958K(771072K), 0.0058290 secs] [Times: user=0.03 sys=0.00, real=0.01 secs] 
2014-07-28T17:44:11.530+0000: 3015.744: [GC [PSYoungGen: 84064K->288K(83136K)] 333798K->250062K(770112K), 0.0045360 secs] [Times: user=0.03 sys=0.00, real=0.00 secs] 
2014-07-28T17:44:12.120+0000: 3016.334: [GC [PSYoungGen: 83104K->320K(82176K)] 332878K->250134K(769152K), 0.0048420 secs] [Times: user=0.02 sys=0.00, real=0.00 secs] 
2014-07-28T17:44:12.703+0000: 3016.917: [GC [PSYoungGen: 82169K->288K(81216K)] 331983K->250150K(768192K), 0.0047120 secs] [Times: user=0.03 sys=0.00, real=0.01 secs] 
2014-07-28T17:44:13.279+0000: 3017.493: [GC [PSYoungGen: 81175K->434K(80384K)] 331037K->250352K(767360K), 0.0077980 secs] [Times: user=0.05 sys=0.00, real=0.00 secs] 
2014-07-28T17:44:13.852+0000: 3018.066: [GC [PSYoungGen: 80370K->402K(79488K)] 330288K->250400K(766464K), 0.0053460 secs] [Times: user=0.03 sys=0.00, real=0.00 secs] 
2014-07-28T17:44:14.413+0000: 3018.627: [GC [PSYoungGen: 79442K->192K(78336K)] 329440K->250214K(765312K), 0.0045430 secs] [Times: user=0.03 sys=0.01, real=0.00 secs] 
2014-07-28T17:44:14.970+0000: 3019.184: [GC [PSYoungGen: 78336K->288K(77568K)] 328358K->250374K(764544K), 0.0027190 secs] [Times: user=0.01 sys=0.00, real=0.00 secs] 
2014-07-28T17:44:15.518+0000: 3019.732: [GC [PSYoungGen: 77536K->274K(76736K)] 327622K->250408K(763712K), 0.0072000 secs] [Times: user=0.05 sys=0.00, real=0.00 secs] 
2014-07-28T17:44:16.059+0000: 3020.273: [GC [PSYoungGen: 76690K->416K(76032K)] 326824K->250590K(763008K), 0.0045900 secs] [Times: user=0.02 sys=0.00, real=0.00 secs] 
2014-07-28T17:44:16.600+0000: 3020.813: [GC [PSYoungGen: 76000K->320K(75072K)] 326174K->250542K(762048K), 0.0045910 secs] [Times: user=0.03 sys=0.00, real=0.00 secs] 
2014-07-28T17:44:17.133+0000: 3021.346: [GC [PSYoungGen: 75072K->256K(74176K)] 325294K->250502K(761152K), 0.0032370 secs] [Times: user=0.02 sys=0.00, real=0.00 secs] 
2014-07-28T17:44:17.658+0000: 3021.872: [GC [PSYoungGen: 74176K->384K(73536K)] 324422K->250710K(760512K), 0.0061210 secs] [Times: user=0.04 sys=0.00, real=0.01 secs] 
2014-07-28T17:44:18.180+0000: 3022.394: [GC [PSYoungGen: 73536K->288K(72704K)] 323862K->250638K(759680K), 0.0053360 secs] [Times: user=0.04 sys=0.00, real=0.00 secs] 
2014-07-28T17:44:18.693+0000: 3022.907: [GC [PSYoungGen: 72672K->384K(72000K)] 323022K->250830K(758976K), 0.0054110 secs] [Times: user=0.04 sys=0.00, real=0.00 secs] 
2014-07-28T17:44:19.203+0000: 3023.417: [GC [PSYoungGen: 71957K->320K(71168K)] 322403K->250790K(758144K), 0.0040340 secs] [Times: user=0.02 sys=0.00, real=0.00 secs] 
2014-07-28T17:44:19.706+0000: 3023.920: [GC [PSYoungGen: 71168K->352K(85440K)] 321638K->250886K(772416K), 0.0089560 secs] [Times: user=0.05 sys=0.00, real=0.01 secs] 
2014-07-28T17:44:20.314+0000: 3024.528: [GC [PSYoungGen: 85408K->352K(102464K)] 335942K->250958K(789440K), 0.0042120 secs] [Times: user=0.03 sys=0.00, real=0.00 secs] 
2014-07-28T17:44:21.046+0000: 3025.259: [GC [PSYoungGen: 102432K->224K(100928K)] 353038K->250870K(787904K), 0.0062940 secs] [Times: user=0.03 sys=0.01, real=0.01 secs] 
2014-07-28T17:44:21.766+0000: 3025.980: [GC [PSYoungGen: 100896K->192K(99456K)] 351542K->250878K(786432K), 0.0067680 secs] [Times: user=0.05 sys=0.00, real=0.01 secs] 
2014-07-28T17:44:22.471+0000: 3026.684: [GC [PSYoungGen: 99456K->192K(98112K)] 350142K->250894K(785088K), 0.0044130 secs] [Times: user=0.02 sys=0.01, real=0.00 secs] 
2014-07-28T17:44:23.170+0000: 3027.384: [GC [PSYoungGen: 98112K->288K(117824K)] 348814K->251030K(804800K), 0.0181990 secs] [Times: user=0.09 sys=0.02, real=0.01 secs] 
2014-07-28T17:44:24.025+0000: 3028.238: [GC [PSYoungGen: 117792K->416K(141504K)] 368534K->251222K(828480K), 0.0099680 secs] [Times: user=0.05 sys=0.01, real=0.01 secs] 
2014-07-28T17:44:25.032+0000: 3029.245: [GC [PSYoungGen: 141472K->320K(169600K)] 392278K->251174K(856576K), 0.0128830 secs] [Times: user=0.05 sys=0.02, real=0.01 secs] 
2014-07-28T17:44:26.238+0000: 3030.452: [GC [PSYoungGen: 169600K->320K(203456K)] 420454K->251238K(890432K), 0.0109190 secs] [Times: user=0.06 sys=0.01, real=0.01 secs] 
2014-07-28T17:44:27.716+0000: 3031.930: [GC [PSYoungGen: 203456K->320K(234560K)] 454374K->251286K(921536K), 0.0085430 secs] [Times: user=0.05 sys=0.00, real=0.01 secs] 
2014-07-28T17:44:29.391+0000: 3033.605: [GC [PSYoungGen: 234368K->256K(228736K)] 485334K->251222K(915712K), 0.0028340 secs] [Times: user=0.02 sys=0.01, real=0.00 secs] 
2014-07-28T17:44:31.021+0000: 3035.235: [GC [PSYoungGen: 228732K->256K(223424K)] 479698K->251238K(910400K), 0.0050280 secs] [Times: user=0.03 sys=0.01, real=0.00 secs] 
2014-07-28T17:44:32.616+0000: 3036.830: [GC [PSYoungGen: 223424K->384K(218432K)] 474406K->251430K(905408K), 0.0056750 secs] [Times: user=0.04 sys=0.01, real=0.01 secs] 
2014-07-28T17:44:34.192+0000: 3038.405: [GC [PSYoungGen: 218432K->416K(213504K)] 469478K->251462K(900480K), 0.0062400 secs] [Times: user=0.04 sys=0.00, real=0.00 secs] 
2014-07-28T17:44:35.725+0000: 3039.938: [GC [PSYoungGen: 213472K->256K(208512K)] 464518K->251350K(895488K), 0.0055610 secs] [Times: user=0.03 sys=0.01, real=0.00 secs] 
2014-07-28T17:44:37.211+0000: 3041.425: [GC [PSYoungGen: 208512K->288K(203968K)] 459606K->251406K(890944K), 0.0044700 secs] [Times: user=0.03 sys=0.00, real=0.01 secs] 
2014-07-28T17:44:38.662+0000: 3042.876: [GC [PSYoungGen: 203936K->224K(199424K)] 455054K->251398K(886400K), 0.0031440 secs] [Times: user=0.02 sys=0.00, real=0.00 secs] 
2014-07-28T17:44:40.077+0000: 3044.291: [GC [PSYoungGen: 199392K->256K(195136K)] 450566K->251438K(882112K), 0.0089700 secs] [Times: user=0.06 sys=0.00, real=0.01 secs] 
2014-07-28T17:44:41.494+0000: 3045.708: [GC [PSYoungGen: 195136K->512K(191232K)] 446318K->251734K(878208K), 0.0156030 secs] [Times: user=0.08 sys=0.01, real=0.01 secs] 
2014-07-28T17:44:42.846+0000: 3047.060: [GC [PSYoungGen: 191232K->288K(187008K)] 442454K->251550K(873984K), 0.0060690 secs] [Times: user=0.03 sys=0.00, real=0.01 secs] 
2014-07-28T17:44:44.175+0000: 3048.389: [GC [PSYoungGen: 186976K->256K(183040K)] 438238K->251534K(870016K), 0.0069060 secs] [Times: user=0.05 sys=0.00, real=0.00 secs] 
2014-07-28T17:44:45.479+0000: 3049.693: [GC [PSYoungGen: 183040K->288K(179328K)] 434318K->251614K(866304K), 0.0072850 secs] [Times: user=0.04 sys=0.00, real=0.01 secs] 
2014-07-28T17:44:46.752+0000: 3050.966: [GC [PSYoungGen: 179258K->224K(175616K)] 430584K->251598K(862592K), 0.0075490 secs] [Times: user=0.04 sys=0.00, real=0.01 secs] 
2014-07-28T17:44:48.016+0000: 3052.229: [GC [PSYoungGen: 175584K->320K(172160K)] 426958K->251702K(859136K), 0.0150170 secs] [Times: user=0.08 sys=0.01, real=0.01 secs] 
2014-07-28T17:44:49.267+0000: 3053.481: [GC [PSYoungGen: 172135K->416K(168896K)] 423517K->251854K(855872K), 0.0136410 secs] [Times: user=0.08 sys=0.00, real=0.01 secs] 
2014-07-28T17:44:50.455+0000: 3054.669: [GC [PSYoungGen: 168864K->224K(165376K)] 420302K->251702K(852352K), 0.0066980 secs] [Times: user=0.04 sys=0.01, real=0.00 secs] 
2014-07-28T17:44:51.630+0000: 3055.844: [GC [PSYoungGen: 165344K->356K(162304K)] 416822K->251890K(849280K), 0.0074620 secs] [Times: user=0.05 sys=0.01, real=0.01 secs] 
2014-07-28T17:44:52.785+0000: 3056.999: [GC [PSYoungGen: 162276K->256K(159104K)] 413810K->251814K(846080K), 0.0073940 secs] [Times: user=0.03 sys=0.00, real=0.00 secs] 
2014-07-28T17:44:53.917+0000: 3058.131: [GC [PSYoungGen: 159104K->256K(156096K)] 410662K->251862K(843072K), 0.0042530 secs] [Times: user=0.03 sys=0.00, real=0.00 secs] 
2014-07-28T17:44:55.031+0000: 3059.245: [GC [PSYoungGen: 156096K->224K(153216K)] 407702K->251854K(840192K), 0.0044030 secs] [Times: user=0.02 sys=0.01, real=0.01 secs] 
2014-07-28T17:44:56.149+0000: 3060.363: [GC [PSYoungGen: 153178K->288K(150464K)] 404808K->251950K(837440K), 0.0139090 secs] [Times: user=0.07 sys=0.00, real=0.01 secs] 
2014-07-28T17:44:57.209+0000: 3061.423: [GC [PSYoungGen: 150432K->224K(147648K)] 402094K->251926K(834624K), 0.0040710 secs] [Times: user=0.01 sys=0.01, real=0.00 secs] 
2014-07-28T17:44:58.258+0000: 3062.472: [GC [PSYoungGen: 147616K->224K(145024K)] 399318K->251974K(832000K), 0.0037150 secs] [Times: user=0.02 sys=0.01, real=0.00 secs] 
2014-07-28T17:44:59.289+0000: 3063.503: [GC [PSYoungGen: 144992K->320K(142528K)] 396742K->252110K(829504K), 0.0036340 secs] [Times: user=0.02 sys=0.01, real=0.00 secs] 
2014-07-28T17:45:00.304+0000: 3064.517: [GC [PSYoungGen: 142528K->288K(140032K)] 394318K->252134K(827008K), 0.0049950 secs] [Times: user=0.03 sys=0.00, real=0.01 secs] 
2014-07-28T17:45:01.301+0000: 3065.515: [GC [PSYoungGen: 139980K->416K(137728K)] 391826K->252294K(824704K), 0.0129080 secs] [Times: user=0.08 sys=0.00, real=0.01 secs] 
2014-07-28T17:45:02.310+0000: 3066.524: [GC [PSYoungGen: 137696K->192K(135104K)] 389574K->252160K(822080K), 0.0057690 secs] [Times: user=0.02 sys=0.01, real=0.01 secs] 
2014-07-28T17:45:03.293+0000: 3067.507: [GC [PSYoungGen: 135103K->224K(132864K)] 387071K->252232K(819840K), 0.0062700 secs] [Times: user=0.05 sys=0.00, real=0.01 secs] 
2014-07-28T17:45:04.241+0000: 3068.455: [GC [PSYoungGen: 132832K->160K(130560K)] 384840K->252184K(817536K), 0.0052470 secs] [Times: user=0.02 sys=0.00, real=0.01 secs] 
2014-07-28T17:45:05.168+0000: 3069.382: [GC [PSYoungGen: 130493K->192K(128384K)] 382517K->252264K(815360K), 0.0089630 secs] [Times: user=0.06 sys=0.00, real=0.01 secs] 
2014-07-28T17:45:06.077+0000: 3070.291: [GC [PSYoungGen: 128384K->256K(126336K)] 380456K->252376K(813312K), 0.0052480 secs] [Times: user=0.03 sys=0.00, real=0.00 secs] 
2014-07-28T17:45:06.981+0000: 3071.195: [GC [PSYoungGen: 126336K->288K(124352K)] 378456K->252456K(811328K), 0.0125220 secs] [Times: user=0.08 sys=0.01, real=0.01 secs] 
2014-07-28T17:45:07.858+0000: 3072.072: [GC [PSYoungGen: 124320K->288K(122368K)] 376488K->252504K(809344K), 0.0052700 secs] [Times: user=0.04 sys=0.00, real=0.00 secs] 
2014-07-28T17:45:08.765+0000: 3072.979: [GC [PSYoungGen: 122336K->402K(120576K)] 374552K->252650K(807552K), 0.0052650 secs] [Times: user=0.01 sys=0.01, real=0.01 secs] 
2014-07-28T17:45:09.678+0000: 3073.892: [GC [PSYoungGen: 120530K->192K(118464K)] 372778K->252592K(805440K), 0.0063570 secs] [Times: user=0.03 sys=0.01, real=0.00 secs] 
2014-07-28T17:45:10.503+0000: 3074.717: [GC [PSYoungGen: 118464K->420K(116864K)] 370864K->252860K(803840K), 0.0066660 secs] [Times: user=0.04 sys=0.00, real=0.01 secs] 
2014-07-28T17:45:11.333+0000: 3075.547: [GC [PSYoungGen: 116836K->384K(115008K)] 369276K->252980K(801984K), 0.0037970 secs] [Times: user=0.02 sys=0.00, real=0.01 secs] 
2014-07-28T17:45:12.150+0000: 3076.363: [GC [PSYoungGen: 115008K->224K(113152K)] 367604K->252852K(800128K), 0.0089920 secs] [Times: user=0.05 sys=0.00, real=0.01 secs] 
2014-07-28T17:45:12.954+0000: 3077.168: [GC [PSYoungGen: 113120K->224K(111488K)] 365748K->252892K(798464K), 0.0059360 secs] [Times: user=0.04 sys=0.01, real=0.01 secs] 
2014-07-28T17:45:13.748+0000: 3077.962: [GC [PSYoungGen: 111456K->224K(109824K)] 364124K->252940K(796800K), 0.0064500 secs] [Times: user=0.04 sys=0.00, real=0.00 secs] 
2014-07-28T17:45:14.530+0000: 3078.744: [GC [PSYoungGen: 109792K->416K(108416K)] 362508K->253180K(795392K), 0.0044030 secs] [Times: user=0.03 sys=0.01, real=0.00 secs] 
2014-07-28T17:45:15.329+0000: 3079.543: [GC [PSYoungGen: 108384K->320K(106752K)] 361148K->253148K(793728K), 0.0055960 secs] [Times: user=0.02 sys=0.01, real=0.00 secs] 
2014-07-28T17:45:16.134+0000: 3080.347: [GC [PSYoungGen: 106752K->320K(105216K)] 359580K->253252K(792192K), 0.0057390 secs] [Times: user=0.28 sys=0.20, real=0.46 secs] 
2014-07-28T17:45:16.911+0000: 3081.125: [GC [PSYoungGen: 105216K->338K(103808K)] 358148K->253318K(790784K), 0.0057470 secs] [Times: user=0.04 sys=0.00, real=0.00 secs] 
2014-07-28T17:45:17.613+0000: 3081.827: [GC [PSYoungGen: 103762K->288K(102272K)] 356742K->253358K(789248K), 0.0043620 secs] [Times: user=0.03 sys=0.00, real=0.00 secs] 
2014-07-28T17:45:18.338+0000: 3082.551: [GC [PSYoungGen: 102240K->256K(100800K)] 355310K->253374K(787776K), 0.0031170 secs] [Times: user=0.02 sys=0.00, real=0.01 secs] 
2014-07-28T17:45:19.054+0000: 3083.268: [GC [PSYoungGen: 100800K->192K(99328K)] 353918K->253342K(786304K), 0.0051810 secs] [Times: user=0.03 sys=0.00, real=0.01 secs] 
2014-07-28T17:45:19.761+0000: 3083.975: [GC [PSYoungGen: 99328K->320K(98112K)] 352478K->253550K(785088K), 0.0051930 secs] [Times: user=0.03 sys=0.01, real=0.00 secs] 
2014-07-28T17:45:20.462+0000: 3084.676: [GC [PSYoungGen: 98112K->256K(96704K)] 351342K->253518K(783680K), 0.0037360 secs] [Times: user=0.02 sys=0.00, real=0.00 secs] 
2014-07-28T17:45:21.145+0000: 3085.359: [GC [PSYoungGen: 96704K->288K(95488K)] 349966K->253582K(782464K), 0.0071870 secs] [Times: user=0.05 sys=0.00, real=0.01 secs] 
2014-07-28T17:45:21.843+0000: 3086.056: [GC [PSYoungGen: 95456K->352K(114624K)] 348750K->253670K(801600K), 0.0122440 secs] [Times: user=0.06 sys=0.00, real=0.01 secs] 
2014-07-28T17:45:22.696+0000: 3086.910: [GC [PSYoungGen: 114592K->320K(112832K)] 367910K->253662K(799808K), 0.0054520 secs] [Times: user=0.01 sys=0.00, real=0.01 secs] 
2014-07-28T17:45:23.509+0000: 3087.722: [GC [PSYoungGen: 112799K->320K(111168K)] 366141K->253718K(798144K), 0.0057480 secs] [Times: user=0.03 sys=0.00, real=0.01 secs] 
2014-07-28T17:45:24.300+0000: 3088.514: [GC [PSYoungGen: 111168K->434K(109632K)] 364566K->253920K(796608K), 0.0047490 secs] [Times: user=0.03 sys=0.01, real=0.00 secs] 
2014-07-28T17:45:25.082+0000: 3089.296: [GC [PSYoungGen: 109618K->192K(107776K)] 363104K->253734K(794752K), 0.0065360 secs] [Times: user=0.04 sys=0.00, real=0.00 secs] 
2014-07-28T17:45:25.848+0000: 3090.062: [GC [PSYoungGen: 107776K->384K(106432K)] 361318K->253990K(793408K), 0.0124860 secs] [Times: user=0.08 sys=0.00, real=0.02 secs] 
2014-07-28T17:45:26.605+0000: 3090.819: [GC [PSYoungGen: 106419K->192K(127488K)] 360026K->253838K(814464K), 0.0079630 secs] [Times: user=0.06 sys=0.00, real=0.01 secs] 
2014-07-28T17:45:27.516+0000: 3091.729: [GC [PSYoungGen: 127488K->384K(153152K)] 381134K->254086K(840128K), 0.0115300 secs] [Times: user=0.07 sys=0.01, real=0.01 secs] 
2014-07-28T17:45:28.626+0000: 3092.840: [GC [PSYoungGen: 153152K->288K(150272K)] 406854K->254038K(837248K), 0.0048720 secs] [Times: user=0.02 sys=0.00, real=0.01 secs] 
2014-07-28T17:45:29.742+0000: 3093.956: [GC [PSYoungGen: 150240K->384K(147584K)] 403990K->254190K(834560K), 0.0066230 secs] [Times: user=0.04 sys=0.01, real=0.00 secs] 
2014-07-28T17:45:30.801+0000: 3095.015: [GC [PSYoungGen: 147548K->320K(144896K)] 401354K->254190K(831872K), 0.0042940 secs] [Times: user=0.03 sys=0.00, real=0.00 secs] 
2014-07-28T17:45:31.836+0000: 3096.050: [GC [PSYoungGen: 144896K->352K(142400K)] 398766K->254294K(829376K), 0.0095510 secs] [Times: user=0.06 sys=0.01, real=0.01 secs] 
2014-07-28T17:45:32.850+0000: 3097.064: [GC [PSYoungGen: 142368K->288K(139840K)] 396310K->254294K(826816K), 0.0052050 secs] [Times: user=0.04 sys=0.00, real=0.01 secs] 
2014-07-28T17:45:33.840+0000: 3098.053: [GC [PSYoungGen: 139808K->288K(137408K)] 393814K->254350K(824384K), 0.0101470 secs] [Times: user=0.07 sys=0.01, real=0.02 secs] 
2014-07-28T17:45:34.815+0000: 3099.029: [GC [PSYoungGen: 137364K->320K(135040K)] 391427K->254446K(822016K), 0.0138270 secs] [Times: user=0.09 sys=0.01, real=0.01 secs] 
2014-07-28T17:45:35.810+0000: 3100.024: [GC [PSYoungGen: 135034K->416K(132864K)] 389161K->254590K(819840K), 0.0052990 secs] [Times: user=0.02 sys=0.00, real=0.01 secs] 
2014-07-28T17:45:36.796+0000: 3101.009: [GC [PSYoungGen: 132832K->288K(130496K)] 387006K->254510K(817472K), 0.0062800 secs] [Times: user=0.14 sys=0.08, real=0.19 secs] 
2014-07-28T17:45:37.850+0000: 3102.064: [GC [PSYoungGen: 130464K->288K(128320K)] 384686K->254566K(815296K), 0.0062860 secs] [Times: user=0.04 sys=0.00, real=0.01 secs] 
2014-07-28T17:45:38.761+0000: 3102.975: [GC [PSYoungGen: 128288K->448K(126336K)] 382566K->254798K(813312K), 0.0107280 secs] [Times: user=0.07 sys=0.00, real=0.02 secs] 
2014-07-28T17:45:39.659+0000: 3103.873: [GC [PSYoungGen: 126336K->224K(124096K)] 380686K->254614K(811072K), 0.0050800 secs] [Times: user=0.03 sys=0.00, real=0.01 secs] 
2014-07-28T17:45:40.541+0000: 3104.755: [GC [PSYoungGen: 124034K->320K(122176K)] 378424K->254774K(809152K), 0.0086690 secs] [Times: user=0.06 sys=0.01, real=0.01 secs] 
2014-07-28T17:45:41.409+0000: 3105.622: [GC [PSYoungGen: 122176K->306K(120256K)] 376630K->254816K(807232K), 0.0112330 secs] [Times: user=0.08 sys=0.00, real=0.01 secs] 
2014-07-28T17:45:42.292+0000: 3106.505: [GC [PSYoungGen: 120242K->320K(144256K)] 374752K->254862K(831232K), 0.0160790 secs] [Times: user=0.09 sys=0.01, real=0.02 secs] 
2014-07-28T17:45:43.389+0000: 3107.603: [GC [PSYoungGen: 144256K->370K(141760K)] 398798K->254968K(828736K), 0.0035380 secs] [Times: user=0.02 sys=0.00, real=0.01 secs] 
2014-07-28T17:45:44.369+0000: 3108.583: [GC [PSYoungGen: 141746K->192K(139072K)] 396344K->254838K(826048K), 0.0086590 secs] [Times: user=0.05 sys=0.01, real=0.01 secs] 
2014-07-28T17:45:45.353+0000: 3109.566: [GC [PSYoungGen: 139072K->384K(136896K)] 393718K->255094K(823872K), 0.0047200 secs] [Times: user=0.03 sys=0.01, real=0.00 secs] 
2014-07-28T17:45:46.326+0000: 3110.540: [GC [PSYoungGen: 136896K->256K(134464K)] 391606K->255022K(821440K), 0.0060330 secs] [Times: user=0.04 sys=0.00, real=0.01 secs] 
2014-07-28T17:45:47.278+0000: 3111.492: [GC [PSYoungGen: 134433K->484K(132480K)] 389199K->255330K(819456K), 0.0030050 secs] [Times: user=0.01 sys=0.01, real=0.00 secs] 
2014-07-28T17:45:48.220+0000: 3112.433: [GC [PSYoungGen: 132452K->320K(130112K)] 387298K->255238K(817088K), 0.0069780 secs] [Times: user=0.05 sys=0.00, real=0.01 secs] 
2014-07-28T17:45:49.177+0000: 3113.391: [GC [PSYoungGen: 130112K->320K(128000K)] 385030K->255278K(814976K), 0.0081150 secs] [Times: user=0.04 sys=0.01, real=0.01 secs] 
2014-07-28T17:45:50.131+0000: 3114.345: [GC [PSYoungGen: 127967K->576K(126144K)] 382925K->255582K(813120K), 0.0123800 secs] [Times: user=0.20 sys=0.16, real=0.32 secs] 
2014-07-28T17:45:51.015+0000: 3115.228: [GC [PSYoungGen: 126144K->192K(123712K)] 381150K->255238K(810688K), 0.0034300 secs] [Times: user=0.01 sys=0.01, real=0.00 secs] 
2014-07-28T17:45:51.892+0000: 3116.106: [GC [PSYoungGen: 123712K->224K(121792K)] 378758K->255318K(808768K), 0.0037990 secs] [Times: user=0.02 sys=0.01, real=0.01 secs] 
2014-07-28T17:45:52.759+0000: 3116.973: [GC [PSYoungGen: 121710K->256K(119872K)] 376805K->255390K(806848K), 0.0073140 secs] [Times: user=0.05 sys=0.00, real=0.01 secs] 
2014-07-28T17:45:53.614+0000: 3117.828: [GC [PSYoungGen: 119872K->256K(118016K)] 375006K->255438K(804992K), 0.0041120 secs] [Times: user=0.02 sys=0.00, real=0.00 secs] 
2014-07-28T17:45:54.453+0000: 3118.667: [GC [PSYoungGen: 118016K->288K(116288K)] 373198K->255518K(803264K), 0.0075350 secs] [Times: user=0.05 sys=0.00, real=0.00 secs] 
2014-07-28T17:45:55.279+0000: 3119.493: [GC [PSYoungGen: 116226K->192K(114368K)] 371457K->255462K(801344K), 0.0056490 secs] [Times: user=0.03 sys=0.00, real=0.01 secs] 
2014-07-28T17:45:56.130+0000: 3120.344: [GC [PSYoungGen: 114368K->256K(112704K)] 369638K->255558K(799680K), 0.0130710 secs] [Times: user=0.05 sys=0.01, real=0.01 secs] 
2014-07-28T17:45:56.991+0000: 3121.205: [GC [PSYoungGen: 112676K->370K(111168K)] 367978K->255720K(798144K), 0.0067920 secs] [Times: user=0.12 sys=0.08, real=0.19 secs] 
2014-07-28T17:45:57.784+0000: 3121.997: [GC [PSYoungGen: 111154K->224K(109376K)] 366504K->255606K(796352K), 0.0058590 secs] [Times: user=0.03 sys=0.00, real=0.01 secs] 
2014-07-28T17:45:58.573+0000: 3122.787: [GC [PSYoungGen: 109344K->434K(107968K)] 364726K->255896K(794944K), 0.0039910 secs] [Times: user=0.03 sys=0.00, real=0.01 secs] 
2014-07-28T17:45:59.332+0000: 3123.546: [GC [PSYoungGen: 107954K->192K(106176K)] 363416K->255694K(793152K), 0.0067950 secs] [Times: user=0.04 sys=0.00, real=0.01 secs] 
2014-07-28T17:46:00.085+0000: 3124.299: [GC [PSYoungGen: 106176K->224K(104704K)] 361678K->255782K(791680K), 0.0077670 secs] [Times: user=0.05 sys=0.01, real=0.00 secs] 
2014-07-28T17:46:00.832+0000: 3125.046: [GC [PSYoungGen: 104672K->256K(103232K)] 360230K->255862K(790208K), 0.0051090 secs] [Times: user=0.03 sys=0.00, real=0.01 secs] 
2014-07-28T17:46:01.568+0000: 3125.781: [GC [PSYoungGen: 103214K->256K(101824K)] 358821K->255910K(788800K), 0.0077170 secs] [Times: user=0.05 sys=0.01, real=0.01 secs] 
2014-07-28T17:46:02.308+0000: 3126.522: [GC [PSYoungGen: 101824K->480K(100672K)] 357478K->256166K(787648K), 0.0059220 secs] [Times: user=0.02 sys=0.00, real=0.00 secs] 
2014-07-28T17:46:03.050+0000: 3127.263: [GC [PSYoungGen: 100640K->448K(99264K)] 356326K->256182K(786240K), 0.0109020 secs] [Times: user=0.06 sys=0.00, real=0.01 secs] 
2014-07-28T17:46:03.784+0000: 3127.997: [GC [PSYoungGen: 99256K->256K(97728K)] 354990K->256014K(784704K), 0.0043890 secs] [Times: user=0.02 sys=0.00, real=0.01 secs] 
2014-07-28T17:46:04.443+0000: 3128.657: [GC [PSYoungGen: 97728K->288K(96512K)] 353486K->256110K(783488K), 0.0053370 secs] [Times: user=0.03 sys=0.00, real=0.01 secs] 
2014-07-28T17:46:05.126+0000: 3129.340: [GC [PSYoungGen: 96480K->288K(95232K)] 352302K->256182K(782208K), 0.0066920 secs] [Times: user=0.05 sys=0.00, real=0.00 secs] 
2014-07-28T17:46:05.801+0000: 3130.014: [GC [PSYoungGen: 95200K->288K(94016K)] 351094K->256238K(780992K), 0.0057040 secs] [Times: user=0.03 sys=0.01, real=0.01 secs] 
2014-07-28T17:46:06.464+0000: 3130.678: [GC [PSYoungGen: 93966K->288K(92800K)] 349916K->256278K(779776K), 0.0059960 secs] [Times: user=0.03 sys=0.00, real=0.01 secs] 
2014-07-28T17:46:07.130+0000: 3131.344: [GC [PSYoungGen: 92768K->384K(91648K)] 348758K->256462K(778624K), 0.0047390 secs] [Times: user=0.03 sys=0.00, real=0.00 secs] 
2014-07-28T17:46:07.778+0000: 3131.992: [GC [PSYoungGen: 91648K->352K(90496K)] 347726K->256494K(777472K), 0.0096830 secs] [Times: user=0.06 sys=0.00, real=0.01 secs] 
2014-07-28T17:46:08.417+0000: 3132.631: [GC [PSYoungGen: 90464K->192K(89152K)] 346606K->256366K(776128K), 0.0032190 secs] [Times: user=0.02 sys=0.00, real=0.00 secs] 
2014-07-28T17:46:09.077+0000: 3133.291: [GC [PSYoungGen: 89152K->512K(88384K)] 345326K->256742K(775360K), 0.0078220 secs] [Times: user=0.03 sys=0.01, real=0.00 secs] 
2014-07-28T17:46:09.742+0000: 3133.956: [GC [PSYoungGen: 88384K->288K(87104K)] 344614K->256558K(774080K), 0.0061620 secs] [Times: user=0.04 sys=0.00, real=0.01 secs] 
2014-07-28T17:46:10.370+0000: 3134.584: [GC [PSYoungGen: 87072K->384K(86080K)] 343342K->256726K(773056K), 0.0069580 secs] [Times: user=0.05 sys=0.00, real=0.01 secs] 
2014-07-28T17:46:10.983+0000: 3135.197: [GC [PSYoungGen: 86076K->384K(85056K)] 342418K->256806K(772032K), 0.0049280 secs] [Times: user=0.04 sys=0.00, real=0.01 secs] 
2014-07-28T17:46:11.582+0000: 3135.796: [GC [PSYoungGen: 85056K->384K(84032K)] 341478K->256846K(771008K), 0.0042550 secs] [Times: user=0.03 sys=0.00, real=0.01 secs] 
2014-07-28T17:46:12.177+0000: 3136.391: [GC [PSYoungGen: 84032K->224K(82880K)] 340494K->256726K(769856K), 0.0064920 secs] [Times: user=0.04 sys=0.00, real=0.00 secs] 
2014-07-28T17:46:12.764+0000: 3136.977: [GC [PSYoungGen: 82848K->384K(82048K)] 339350K->256974K(769024K), 0.0049210 secs] [Times: user=0.03 sys=0.00, real=0.01 secs] 
2014-07-28T17:46:13.343+0000: 3137.557: [GC [PSYoungGen: 82048K->416K(81152K)] 338638K->257062K(768128K), 0.0048530 secs] [Times: user=0.04 sys=0.01, real=0.01 secs] 
2014-07-28T17:46:13.917+0000: 3138.131: [GC [PSYoungGen: 81120K->384K(80128K)] 337766K->257118K(767104K), 0.0056210 secs] [Times: user=0.03 sys=0.00, real=0.00 secs] 
2014-07-28T17:46:14.483+0000: 3138.697: [GC [PSYoungGen: 80128K->384K(96128K)] 336862K->257190K(783104K), 0.0075640 secs] [Times: user=0.05 sys=0.00, real=0.01 secs] 
2014-07-28T17:46:15.170+0000: 3139.383: [GC [PSYoungGen: 96128K->448K(115392K)] 352934K->257294K(802368K), 0.0072750 secs] [Times: user=0.02 sys=0.01, real=0.01 secs] 
2014-07-28T17:46:16.037+0000: 3140.251: [GC [PSYoungGen: 115392K->356K(138368K)] 372238K->257234K(825344K), 0.0114490 secs] [Times: user=0.07 sys=0.01, real=0.01 secs] 
2014-07-28T17:46:17.020+0000: 3141.234: [GC [PSYoungGen: 138340K->352K(136000K)] 395218K->257294K(822976K), 0.0057020 secs] [Times: user=0.03 sys=0.00, real=0.00 secs] 
2014-07-28T17:46:17.986+0000: 3142.200: [GC [PSYoungGen: 135968K->256K(133568K)] 392910K->257246K(820544K), 0.0092980 secs] [Times: user=0.05 sys=0.00, real=0.01 secs] 
2014-07-28T17:46:18.934+0000: 3143.148: [GC [PSYoungGen: 133568K->224K(131328K)] 390558K->257262K(818304K), 0.0073810 secs] [Times: user=0.05 sys=0.00, real=0.01 secs] 
2014-07-28T17:46:19.871+0000: 3144.085: [GC [PSYoungGen: 131296K->320K(129216K)] 388334K->257398K(816192K), 0.0031380 secs] [Times: user=0.02 sys=0.00, real=0.00 secs] 
2014-07-28T17:46:20.792+0000: 3145.006: [GC [PSYoungGen: 129216K->320K(127104K)] 386294K->257462K(814080K), 0.0049400 secs] [Times: user=0.03 sys=0.01, real=0.01 secs] 
2014-07-28T17:46:21.695+0000: 3145.909: [GC [PSYoungGen: 127104K->256K(124992K)] 384246K->257454K(811968K), 0.0043240 secs] [Times: user=0.02 sys=0.01, real=0.01 secs] 
2014-07-28T17:46:22.614+0000: 3146.828: [GC [PSYoungGen: 124992K->512K(123264K)] 382190K->257798K(810240K), 0.0051620 secs] [Times: user=0.44 sys=0.32, real=0.73 secs] 
2014-07-28T17:46:23.829+0000: 3148.042: [GC [PSYoungGen: 123264K->448K(121280K)] 380550K->257830K(808256K), 0.0042530 secs] [Times: user=0.03 sys=0.00, real=0.00 secs] 
2014-07-28T17:46:24.667+0000: 3148.881: [GC [PSYoungGen: 121275K->416K(119360K)] 378658K->257878K(806336K), 0.0040160 secs] [Times: user=0.03 sys=0.01, real=0.01 secs] 
2014-07-28T17:46:25.521+0000: 3149.734: [GC [PSYoungGen: 119326K->256K(117312K)] 376789K->257750K(804288K), 0.0113880 secs] [Times: user=0.07 sys=0.00, real=0.01 secs] 
2014-07-28T17:46:26.354+0000: 3150.568: [GC [PSYoungGen: 117312K->256K(115520K)] 374806K->257790K(802496K), 0.0030070 secs] [Times: user=0.02 sys=0.00, real=0.00 secs] 
2014-07-28T17:46:27.180+0000: 3151.393: [GC [PSYoungGen: 115520K->320K(113856K)] 373054K->257910K(800832K), 0.0106930 secs] [Times: user=0.06 sys=0.00, real=0.01 secs] 
2014-07-28T17:46:27.993+0000: 3152.206: [GC [PSYoungGen: 113856K->256K(112064K)] 371446K->257854K(799040K), 0.0047900 secs] [Times: user=0.04 sys=0.00, real=0.00 secs] 
2014-07-28T17:46:28.817+0000: 3153.030: [GC [PSYoungGen: 112064K->288K(110464K)] 369662K->257918K(797440K), 0.0040620 secs] [Times: user=0.02 sys=0.00, real=0.01 secs] 
2014-07-28T17:46:29.631+0000: 3153.845: [GC [PSYoungGen: 110432K->256K(108800K)] 368062K->257926K(795776K), 0.0035400 secs] [Times: user=0.01 sys=0.00, real=0.00 secs] 
2014-07-28T17:46:30.395+0000: 3154.609: [GC [PSYoungGen: 108800K->256K(107200K)] 366470K->257966K(794176K), 0.0057620 secs] [Times: user=0.02 sys=0.00, real=0.01 secs] 
2014-07-28T17:46:31.159+0000: 3155.372: [GC [PSYoungGen: 107200K->288K(105728K)] 364910K->258070K(792704K), 0.0065730 secs] [Times: user=0.04 sys=0.01, real=0.01 secs] 
2014-07-28T17:46:31.910+0000: 3156.124: [GC [PSYoungGen: 105652K->192K(104128K)] 363434K->257990K(791104K), 0.0043200 secs] [Times: user=0.02 sys=0.00, real=0.00 secs] 
2014-07-28T17:46:32.653+0000: 3156.867: [GC [PSYoungGen: 104085K->192K(102656K)] 361883K->258022K(789632K), 0.0067160 secs] [Times: user=0.04 sys=0.00, real=0.01 secs] 
2014-07-28T17:46:33.378+0000: 3157.592: [GC [PSYoungGen: 102609K->256K(101312K)] 360439K->258142K(788288K), 0.0078210 secs] [Times: user=0.05 sys=0.01, real=0.01 secs] 
2014-07-28T17:46:34.099+0000: 3158.312: [GC [PSYoungGen: 101312K->320K(99968K)] 359198K->258270K(786944K), 0.0052890 secs] [Times: user=0.03 sys=0.01, real=0.01 secs] 
2014-07-28T17:46:34.809+0000: 3159.023: [GC [PSYoungGen: 99968K->384K(98688K)] 357918K->258342K(785664K), 0.0071530 secs] [Times: user=0.03 sys=0.01, real=0.00 secs] 
2014-07-28T17:46:35.550+0000: 3159.764: [GC [PSYoungGen: 98688K->320K(97280K)] 356646K->258342K(784256K), 0.0051630 secs] [Times: user=0.03 sys=0.00, real=0.00 secs] 
2014-07-28T17:46:36.282+0000: 3160.496: [GC [PSYoungGen: 97280K->320K(96000K)] 355302K->258382K(782976K), 0.0083370 secs] [Times: user=0.04 sys=0.01, real=0.01 secs] 
2014-07-28T17:46:36.946+0000: 3161.160: [GC [PSYoungGen: 96000K->402K(115264K)] 354062K->258480K(802240K), 0.0144620 secs] [Times: user=0.09 sys=0.00, real=0.02 secs] 
2014-07-28T17:46:37.766+0000: 3161.980: [GC [PSYoungGen: 115218K->320K(138112K)] 373296K->258438K(825088K), 0.0111140 secs] [Times: user=0.07 sys=0.00, real=0.01 secs] 
2014-07-28T17:46:38.750+0000: 3162.964: [GC [PSYoungGen: 138112K->338K(165760K)] 396230K->258504K(852736K), 0.0052700 secs] [Times: user=0.03 sys=0.01, real=0.00 secs] 
2014-07-28T17:46:39.928+0000: 3164.142: [GC [PSYoungGen: 165714K->288K(162496K)] 423880K->258502K(849472K), 0.0047530 secs] [Times: user=0.03 sys=0.00, real=0.01 secs] 
2014-07-28T17:46:41.086+0000: 3165.300: [GC [PSYoungGen: 162464K->352K(159488K)] 420678K->258646K(846464K), 0.0047280 secs] [Times: user=0.02 sys=0.01, real=0.01 secs] 
2014-07-28T17:46:42.281+0000: 3166.494: [GC [PSYoungGen: 159456K->256K(191232K)] 417750K->258574K(878208K), 0.0220040 secs] [Times: user=0.12 sys=0.02, real=0.03 secs] 
2014-07-28T17:46:43.630+0000: 3167.843: [GC [PSYoungGen: 191229K->192K(187136K)] 449547K->258510K(874112K), 0.0096500 secs] [Times: user=0.06 sys=0.00, real=0.01 secs] 
2014-07-28T17:46:44.965+0000: 3169.179: [GC [PSYoungGen: 187136K->256K(183296K)] 445454K->258606K(870272K), 0.0055560 secs] [Times: user=0.02 sys=0.01, real=0.01 secs] 
2014-07-28T17:46:46.274+0000: 3170.488: [GC [PSYoungGen: 183296K->256K(179520K)] 441646K->258654K(866496K), 0.0051620 secs] [Times: user=0.03 sys=0.00, real=0.00 secs] 
2014-07-28T17:46:47.554+0000: 3171.767: [GC [PSYoungGen: 179520K->352K(176000K)] 437918K->258750K(862976K), 0.0045290 secs] [Times: user=0.03 sys=0.01, real=0.00 secs] 
2014-07-28T17:46:48.870+0000: 3173.084: [GC [PSYoungGen: 175968K->384K(172480K)] 434366K->258838K(859456K), 0.0055080 secs] [Times: user=0.38 sys=0.27, real=0.64 secs] 
2014-07-28T17:46:50.171+0000: 3174.384: [GC [PSYoungGen: 172480K->224K(168960K)] 430934K->258726K(855936K), 0.0060660 secs] [Times: user=0.04 sys=0.00, real=0.01 secs] 
2014-07-28T17:46:51.375+0000: 3175.589: [GC [PSYoungGen: 168928K->352K(165760K)] 427430K->258926K(852736K), 0.0048830 secs] [Times: user=0.02 sys=0.01, real=0.00 secs] 
2014-07-28T17:46:52.559+0000: 3176.772: [GC [PSYoungGen: 165728K->320K(162496K)] 424302K->258910K(849472K), 0.0046920 secs] [Times: user=0.03 sys=0.00, real=0.01 secs] 
2014-07-28T17:46:53.718+0000: 3177.932: [GC [PSYoungGen: 162496K->224K(159360K)] 421086K->258854K(846336K), 0.0071590 secs] [Times: user=0.04 sys=0.00, real=0.01 secs] 
2014-07-28T17:46:54.864+0000: 3179.078: [GC [PSYoungGen: 159328K->320K(156416K)] 417958K->258990K(843392K), 0.0076010 secs] [Times: user=0.05 sys=0.00, real=0.00 secs] 
2014-07-28T17:46:56.013+0000: 3180.227: [GC [PSYoungGen: 156416K->352K(153536K)] 415086K->259086K(840512K), 0.0066480 secs] [Times: user=0.04 sys=0.00, real=0.01 secs] 
2014-07-28T17:46:57.102+0000: 3181.316: [GC [PSYoungGen: 153504K->352K(150720K)] 412238K->259150K(837696K), 0.0063480 secs] [Times: user=0.04 sys=0.01, real=0.01 secs] 
2014-07-28T17:46:58.171+0000: 3182.385: [GC [PSYoungGen: 150688K->288K(147904K)] 409486K->259150K(834880K), 0.0026690 secs] [Times: user=0.02 sys=0.01, real=0.01 secs] 
2014-07-28T17:46:59.224+0000: 3183.438: [GC [PSYoungGen: 147872K->274K(145280K)] 406734K->259184K(832256K), 0.0051160 secs] [Times: user=0.03 sys=0.00, real=0.00 secs] 
2014-07-28T17:47:00.260+0000: 3184.474: [GC [PSYoungGen: 145234K->320K(142720K)] 404144K->259278K(829696K), 0.0032040 secs] [Times: user=0.02 sys=0.00, real=0.01 secs] 
2014-07-28T17:47:01.289+0000: 3185.503: [GC [PSYoungGen: 142720K->320K(140224K)] 401678K->259398K(827200K), 0.0086480 secs] [Times: user=0.05 sys=0.00, real=0.01 secs] 
2014-07-28T17:47:02.314+0000: 3186.528: [GC [PSYoungGen: 140224K->288K(137792K)] 399302K->259406K(824768K), 0.0083590 secs] [Times: user=0.05 sys=0.00, real=0.00 secs] 
2014-07-28T17:47:03.278+0000: 3187.492: [GC [PSYoungGen: 137760K->288K(135424K)] 396878K->259462K(822400K), 0.0049120 secs] [Times: user=0.03 sys=0.00, real=0.00 secs] 
2014-07-28T17:47:04.244+0000: 3188.457: [GC [PSYoungGen: 135392K->288K(133120K)] 394566K->259510K(820096K), 0.0061930 secs] [Times: user=0.04 sys=0.00, real=0.01 secs] 
2014-07-28T17:47:05.188+0000: 3189.402: [GC [PSYoungGen: 133088K->242K(130816K)] 392310K->259496K(817792K), 0.0040610 secs] [Times: user=0.02 sys=0.01, real=0.00 secs] 
2014-07-28T17:47:06.120+0000: 3190.334: [GC [PSYoungGen: 130802K->256K(128640K)] 390056K->259566K(815616K), 0.0025250 secs] [Times: user=0.02 sys=0.01, real=0.00 secs] 
2014-07-28T17:47:07.036+0000: 3191.250: [GC [PSYoungGen: 128613K->320K(126592K)] 387924K->259702K(813568K), 0.0059870 secs] [Times: user=0.03 sys=0.01, real=0.00 secs] 
2014-07-28T17:47:07.951+0000: 3192.165: [GC [PSYoungGen: 126592K->448K(124672K)] 385974K->259926K(811648K), 0.0126730 secs] [Times: user=0.06 sys=0.02, real=0.01 secs] 
2014-07-28T17:47:08.861+0000: 3193.075: [GC [PSYoungGen: 124672K->178K(122432K)] 384150K->259864K(809408K), 0.0092170 secs] [Times: user=0.22 sys=0.15, real=0.33 secs] 
2014-07-28T17:47:09.816+0000: 3194.030: [GC [PSYoungGen: 122418K->356K(120704K)] 382104K->260090K(807680K), 0.0081350 secs] [Times: user=0.05 sys=0.00, real=0.00 secs] 
2014-07-28T17:47:10.670+0000: 3194.884: [GC [PSYoungGen: 120676K->256K(118720K)] 380410K->260178K(805696K), 0.0033390 secs] [Times: user=0.02 sys=0.00, real=0.00 secs] 
2014-07-28T17:47:11.514+0000: 3195.728: [GC [PSYoungGen: 118720K->320K(116928K)] 378642K->260298K(803904K), 0.0043540 secs] [Times: user=0.03 sys=0.00, real=0.01 secs] 
2014-07-28T17:47:12.346+0000: 3196.559: [GC [PSYoungGen: 116928K->416K(115264K)] 376906K->260458K(802240K), 0.0094650 secs] [Times: user=0.06 sys=0.01, real=0.01 secs] 
2014-07-28T17:47:13.166+0000: 3197.380: [GC [PSYoungGen: 115232K->320K(113408K)] 375274K->260402K(800384K), 0.0062990 secs] [Times: user=0.04 sys=0.00, real=0.00 secs] 
2014-07-28T17:47:13.973+0000: 3198.187: [GC [PSYoungGen: 113408K->192K(111616K)] 373490K->260314K(798592K), 0.0054630 secs] [Times: user=0.03 sys=0.00, real=0.01 secs] 
2014-07-28T17:47:14.802+0000: 3199.015: [GC [PSYoungGen: 111616K->498K(110272K)] 371738K->260700K(797248K), 0.0126730 secs] [Times: user=0.58 sys=0.43, real=0.97 secs] 
2014-07-28T17:47:16.215+0000: 3200.429: [GC [PSYoungGen: 110258K->384K(108544K)] 370460K->260626K(795520K), 0.0042740 secs] [Times: user=0.03 sys=0.00, real=0.01 secs] 
2014-07-28T17:47:16.983+0000: 3201.197: [GC [PSYoungGen: 108544K->274K(106944K)] 368786K->260548K(793920K), 0.0036850 secs] [Times: user=0.01 sys=0.01, real=0.01 secs] 
2014-07-28T17:47:17.770+0000: 3201.984: [GC [PSYoungGen: 106898K->352K(105472K)] 367172K->260666K(792448K), 0.0033660 secs] [Times: user=0.01 sys=0.00, real=0.00 secs] 
2014-07-28T17:47:18.491+0000: 3202.704: [GC [PSYoungGen: 105440K->224K(103872K)] 365754K->260554K(790848K), 0.0054870 secs] [Times: user=0.03 sys=0.00, real=0.01 secs] 
2014-07-28T17:47:19.231+0000: 3203.445: [GC [PSYoungGen: 103840K->320K(102464K)] 364170K->260698K(789440K), 0.0098690 secs] [Times: user=0.06 sys=0.01, real=0.01 secs] 
2014-07-28T17:47:19.962+0000: 3204.175: [GC [PSYoungGen: 102433K->256K(100992K)] 362811K->260682K(787968K), 0.0065040 secs] [Times: user=0.04 sys=0.00, real=0.01 secs] 
2014-07-28T17:47:20.675+0000: 3204.888: [GC [PSYoungGen: 100992K->384K(99712K)] 361418K->260874K(786688K), 0.0037980 secs] [Times: user=0.02 sys=0.00, real=0.01 secs] 
2014-07-28T17:47:21.412+0000: 3205.626: [GC [PSYoungGen: 99712K->352K(98368K)] 360202K->260850K(785344K), 0.0063510 secs] [Times: user=0.03 sys=0.00, real=0.01 secs] 
2014-07-28T17:47:22.150+0000: 3206.364: [GC [PSYoungGen: 98329K->434K(97088K)] 358828K->260996K(784064K), 0.0042680 secs] [Times: user=0.03 sys=0.00, real=0.00 secs] 
2014-07-28T17:47:22.831+0000: 3207.045: [GC [PSYoungGen: 97074K->384K(95744K)] 357636K->261034K(782720K), 0.0041610 secs] [Times: user=0.02 sys=0.01, real=0.00 secs] 
2014-07-28T17:47:23.510+0000: 3207.724: [GC [PSYoungGen: 95744K->384K(94464K)] 356394K->261106K(781440K), 0.0049210 secs] [Times: user=0.03 sys=0.00, real=0.00 secs] 
2014-07-28T17:47:24.181+0000: 3208.394: [GC [PSYoungGen: 94464K->352K(93248K)] 355186K->261106K(780224K), 0.0041210 secs] [Times: user=0.02 sys=0.01, real=0.00 secs] 
2014-07-28T17:47:24.841+0000: 3209.055: [GC [PSYoungGen: 93216K->384K(92032K)] 353970K->261234K(779008K), 0.0048100 secs] [Times: user=0.04 sys=0.00, real=0.00 secs] 
2014-07-28T17:47:25.493+0000: 3209.707: [GC [PSYoungGen: 92032K->224K(90752K)] 352882K->261114K(777728K), 0.0041220 secs] [Times: user=0.02 sys=0.00, real=0.01 secs] 
2014-07-28T17:47:26.144+0000: 3210.358: [GC [PSYoungGen: 90720K->288K(89664K)] 351610K->261202K(776640K), 0.0035020 secs] [Times: user=0.01 sys=0.00, real=0.01 secs] 
2014-07-28T17:47:26.783+0000: 3210.997: [GC [PSYoungGen: 89632K->448K(88704K)] 350546K->261442K(775680K), 0.0044050 secs] [Times: user=0.02 sys=0.01, real=0.01 secs] 
2014-07-28T17:47:27.423+0000: 3211.637: [GC [PSYoungGen: 88704K->320K(87488K)] 349698K->261450K(774464K), 0.0052040 secs] [Times: user=0.03 sys=0.00, real=0.01 secs] 
2014-07-28T17:47:28.086+0000: 3212.300: [GC [PSYoungGen: 87488K->338K(86464K)] 348618K->261492K(773440K), 0.0046810 secs] [Times: user=0.02 sys=0.00, real=0.01 secs] 
2014-07-28T17:47:28.734+0000: 3212.948: [GC [PSYoungGen: 86418K->256K(85312K)] 347572K->261442K(772288K), 0.0126270 secs] [Times: user=0.05 sys=0.01, real=0.01 secs] 
2014-07-28T17:47:29.300+0000: 3213.514: [GC [PSYoungGen: 85312K->352K(102464K)] 346498K->261578K(789440K), 0.0115960 secs] [Times: user=0.06 sys=0.01, real=0.01 secs] 
2014-07-28T17:47:30.025+0000: 3214.238: [GC [PSYoungGen: 102432K->448K(122944K)] 363658K->261730K(809920K), 0.0110110 secs] [Times: user=0.06 sys=0.01, real=0.01 secs] 
2014-07-28T17:47:30.902+0000: 3215.116: [GC [PSYoungGen: 122944K->384K(147392K)] 384226K->261754K(834368K), 0.0063910 secs] [Times: user=0.04 sys=0.01, real=0.01 secs] 
2014-07-28T17:47:31.947+0000: 3216.161: [GC [PSYoungGen: 147391K->192K(144576K)] 408761K->261602K(831552K), 0.0027030 secs] [Times: user=0.02 sys=0.00, real=0.01 secs] 
2014-07-28T17:47:32.978+0000: 3217.192: [GC [PSYoungGen: 144576K->288K(142144K)] 405986K->261746K(829120K), 0.0052220 secs] [Times: user=0.03 sys=0.00, real=0.00 secs] 
2014-07-28T17:47:33.992+0000: 3218.206: [GC [PSYoungGen: 142105K->544K(139904K)] 403563K->262042K(826880K), 0.0132220 secs] [Times: user=0.07 sys=0.01, real=0.01 secs] 
2014-07-28T17:47:35.044+0000: 3219.258: [GC [PSYoungGen: 139872K->448K(137344K)] 401370K->262010K(824320K), 0.0070030 secs] [Times: user=0.17 sys=0.11, real=0.24 secs] 
2014-07-28T17:47:36.012+0000: 3220.226: [GC [PSYoungGen: 137327K->320K(134848K)] 398890K->261946K(821824K), 0.0047560 secs] [Times: user=0.03 sys=0.00, real=0.00 secs] 
2014-07-28T17:47:36.969+0000: 3221.183: [GC [PSYoungGen: 134848K->384K(132608K)] 396474K->262090K(819584K), 0.0064630 secs] [Times: user=0.04 sys=0.01, real=0.00 secs] 
2014-07-28T17:47:37.914+0000: 3222.127: [GC [PSYoungGen: 132608K->448K(130432K)] 394314K->262242K(817408K), 0.0060270 secs] [Times: user=0.04 sys=0.01, real=0.01 secs] 
2014-07-28T17:47:38.838+0000: 3223.051: [GC [PSYoungGen: 130432K->256K(128064K)] 392226K->262098K(815040K), 0.0035280 secs] [Times: user=0.02 sys=0.00, real=0.01 secs] 
2014-07-28T17:47:39.747+0000: 3223.961: [GC [PSYoungGen: 128064K->288K(126016K)] 389906K->262194K(812992K), 0.0086310 secs] [Times: user=0.05 sys=0.00, real=0.01 secs] 
2014-07-28T17:47:40.674+0000: 3224.887: [GC [PSYoungGen: 125984K->352K(124032K)] 387890K->262258K(811008K), 0.0125720 secs] [Times: user=0.07 sys=0.01, real=0.01 secs] 
2014-07-28T17:47:41.597+0000: 3225.811: [GC [PSYoungGen: 123989K->288K(121984K)] 385896K->262242K(808960K), 0.0065390 secs] [Times: user=0.04 sys=0.00, real=0.01 secs] 
2014-07-28T17:47:42.451+0000: 3226.664: [GC [PSYoungGen: 121952K->320K(120064K)] 383906K->262330K(807040K), 0.0044240 secs] [Times: user=0.03 sys=0.00, real=0.00 secs] 
2014-07-28T17:47:43.305+0000: 3227.519: [GC [PSYoungGen: 120064K->256K(118144K)] 382074K->262306K(805120K), 0.0031550 secs] [Times: user=0.02 sys=0.00, real=0.00 secs] 
2014-07-28T17:47:44.140+0000: 3228.354: [GC [PSYoungGen: 118144K->256K(116352K)] 380194K->262346K(803328K), 0.0049250 secs] [Times: user=0.03 sys=0.00, real=0.01 secs] 
2014-07-28T17:47:44.970+0000: 3229.184: [GC [PSYoungGen: 116316K->416K(114752K)] 378407K->262594K(801728K), 0.0039470 secs] [Times: user=0.02 sys=0.00, real=0.00 secs] 
2014-07-28T17:47:45.782+0000: 3229.995: [GC [PSYoungGen: 114720K->384K(112960K)] 376898K->262658K(799936K), 0.0066670 secs] [Times: user=0.04 sys=0.01, real=0.00 secs] 
2014-07-28T17:47:46.583+0000: 3230.797: [GC [PSYoungGen: 112960K->320K(111232K)] 375234K->262634K(798208K), 0.0074400 secs] [Times: user=0.05 sys=0.01, real=0.01 secs] 
2014-07-28T17:47:47.408+0000: 3231.622: [GC [PSYoungGen: 111232K->370K(109632K)] 373546K->262724K(796608K), 0.0123800 secs] [Times: user=0.07 sys=0.00, real=0.01 secs] 
2014-07-28T17:47:48.233+0000: 3232.447: [GC [PSYoungGen: 109569K->352K(108032K)] 371923K->262762K(795008K), 0.0072090 secs] [Times: user=0.03 sys=0.00, real=0.00 secs] 
2014-07-28T17:47:48.982+0000: 3233.196: [GC [PSYoungGen: 108000K->416K(106560K)] 370410K->262906K(793536K), 0.0071050 secs] [Times: user=0.05 sys=0.01, real=0.00 secs] 
2014-07-28T17:47:49.735+0000: 3233.949: [GC [PSYoungGen: 106528K->256K(104832K)] 369018K->262810K(791808K), 0.0060170 secs] [Times: user=0.04 sys=0.00, real=0.00 secs] 
2014-07-28T17:47:50.482+0000: 3234.696: [GC [PSYoungGen: 104832K->306K(103424K)] 367386K->262868K(790400K), 0.0051860 secs] [Times: user=0.02 sys=0.00, real=0.00 secs] 
2014-07-28T17:47:51.224+0000: 3235.438: [GC [PSYoungGen: 103410K->288K(101952K)] 365972K->262882K(788928K), 0.0064650 secs] [Times: user=0.03 sys=0.00, real=0.00 secs] 
2014-07-28T17:47:51.946+0000: 3236.160: [GC [PSYoungGen: 101914K->288K(100544K)] 364508K->262938K(787520K), 0.0083690 secs] [Times: user=0.05 sys=0.00, real=0.01 secs] 
2014-07-28T17:47:52.665+0000: 3236.879: [GC [PSYoungGen: 100512K->320K(99200K)] 363162K->263042K(786176K), 0.0044910 secs] [Times: user=0.03 sys=0.00, real=0.00 secs] 
2014-07-28T17:47:53.369+0000: 3237.583: [GC [PSYoungGen: 99200K->352K(97920K)] 361922K->263090K(784896K), 0.0061080 secs] [Times: user=0.04 sys=0.01, real=0.01 secs] 
2014-07-28T17:47:54.100+0000: 3238.314: [GC [PSYoungGen: 97888K->384K(96640K)] 360626K->263178K(783616K), 0.0059280 secs] [Times: user=0.03 sys=0.00, real=0.01 secs] 
2014-07-28T17:47:54.821+0000: 3239.035: [GC [PSYoungGen: 96640K->352K(95360K)] 359434K->263210K(782336K), 0.0032480 secs] [Times: user=0.23 sys=0.18, real=0.42 secs] 
2014-07-28T17:47:55.619+0000: 3239.832: [GC [PSYoungGen: 95328K->288K(94080K)] 358186K->263186K(781056K), 0.0036680 secs] [Times: user=0.02 sys=0.00, real=0.01 secs] 
2014-07-28T17:47:56.284+0000: 3240.498: [GC [PSYoungGen: 94048K->256K(92800K)] 356946K->263178K(779776K), 0.0033160 secs] [Times: user=0.02 sys=0.00, real=0.00 secs] 
2014-07-28T17:47:56.945+0000: 3241.159: [GC [PSYoungGen: 92800K->320K(91648K)] 355722K->263298K(778624K), 0.0034100 secs] [Times: user=0.02 sys=0.00, real=0.00 secs] 
2014-07-28T17:47:57.597+0000: 3241.810: [GC [PSYoungGen: 91648K->288K(90496K)] 354626K->263314K(777472K), 0.0071420 secs] [Times: user=0.04 sys=0.00, real=0.01 secs] 
2014-07-28T17:47:58.241+0000: 3242.454: [GC [PSYoungGen: 90463K->352K(89408K)] 353489K->263394K(776384K), 0.0083510 secs] [Times: user=0.06 sys=0.00, real=0.01 secs] 
2014-07-28T17:47:58.873+0000: 3243.087: [GC [PSYoungGen: 89376K->466K(88448K)] 352418K->263580K(775424K), 0.0038910 secs] [Times: user=0.01 sys=0.01, real=0.00 secs] 
2014-07-28T17:47:59.497+0000: 3243.711: [GC [PSYoungGen: 88402K->192K(87040K)] 351516K->263442K(774016K), 0.0082690 secs] [Times: user=0.05 sys=0.01, real=0.01 secs] 
2014-07-28T17:48:00.114+0000: 3244.328: [GC [PSYoungGen: 87040K->306K(104576K)] 350290K->263564K(791552K), 0.0135800 secs] [Times: user=0.08 sys=0.01, real=0.01 secs] 
2014-07-28T17:48:00.897+0000: 3245.110: [GC [PSYoungGen: 104562K->256K(125376K)] 367820K->263546K(812352K), 0.0037960 secs] [Times: user=0.01 sys=0.00, real=0.00 secs] 
2014-07-28T17:48:01.862+0000: 3246.076: [GC [PSYoungGen: 125376K->320K(123456K)] 388666K->263642K(810432K), 0.0043400 secs] [Times: user=0.02 sys=0.00, real=0.01 secs] 
2014-07-28T17:48:02.715+0000: 3246.929: [GC [PSYoungGen: 123456K->224K(121408K)] 386778K->263594K(808384K), 0.0054980 secs] [Times: user=0.03 sys=0.01, real=0.00 secs] 
2014-07-28T17:48:03.576+0000: 3247.789: [GC [PSYoungGen: 121375K->306K(119552K)] 384745K->263708K(806528K), 0.0063880 secs] [Times: user=0.04 sys=0.00, real=0.00 secs] 
2014-07-28T17:48:04.423+0000: 3248.637: [GC [PSYoungGen: 119538K->320K(117696K)] 382940K->263786K(804672K), 0.0079090 secs] [Times: user=0.05 sys=0.00, real=0.01 secs] 
2014-07-28T17:48:05.260+0000: 3249.474: [GC [PSYoungGen: 117696K->288K(115904K)] 381162K->263810K(802880K), 0.0054630 secs] [Times: user=0.03 sys=0.00, real=0.01 secs] 
2014-07-28T17:48:06.083+0000: 3250.297: [GC [PSYoungGen: 115872K->320K(114176K)] 379394K->263994K(801152K), 0.0031030 secs] [Times: user=0.01 sys=0.00, real=0.00 secs] 
2014-07-28T17:48:06.893+0000: 3251.107: [GC [PSYoungGen: 114176K->288K(112448K)] 377850K->264002K(799424K), 0.0039180 secs] [Times: user=0.02 sys=0.00, real=0.00 secs] 
2014-07-28T17:48:07.761+0000: 3251.975: [GC [PSYoungGen: 112416K->448K(110912K)] 376130K->264210K(797888K), 0.0227340 secs] [Times: user=0.80 sys=0.43, real=1.12 secs] 
2014-07-28T17:48:09.490+0000: 3253.704: [GC [PSYoungGen: 110912K->274K(109184K)] 374674K->264052K(796160K), 0.0069220 secs] [Times: user=0.05 sys=0.00, real=0.01 secs] 
2014-07-28T17:48:10.263+0000: 3254.476: [GC [PSYoungGen: 109138K->288K(107584K)] 372916K->264114K(794560K), 0.0055820 secs] [Times: user=0.03 sys=0.01, real=0.01 secs] 
2014-07-28T17:48:11.027+0000: 3255.241: [GC [PSYoungGen: 107552K->320K(106048K)] 371378K->264218K(793024K), 0.0074760 secs] [Times: user=0.05 sys=0.01, real=0.01 secs] 
2014-07-28T17:48:11.785+0000: 3255.998: [GC [PSYoungGen: 106048K->288K(104512K)] 369946K->264242K(791488K), 0.0070600 secs] [Times: user=0.05 sys=0.00, real=0.00 secs] 
2014-07-28T17:48:12.526+0000: 3256.740: [GC [PSYoungGen: 104480K->160K(102912K)] 368434K->264138K(789888K), 0.0026420 secs] [Times: user=0.01 sys=0.00, real=0.00 secs] 
2014-07-28T17:48:13.260+0000: 3257.474: [GC [PSYoungGen: 102862K->256K(101568K)] 366841K->264298K(788544K), 0.0074210 secs] [Times: user=0.05 sys=0.00, real=0.01 secs] 
2014-07-28T17:48:14.002+0000: 3258.216: [GC [PSYoungGen: 101568K->480K(100416K)] 365610K->264570K(787392K), 0.0039490 secs] [Times: user=0.02 sys=0.00, real=0.01 secs] 
2014-07-28T17:48:14.772+0000: 3258.985: [GC [PSYoungGen: 100334K->256K(98816K)] 364425K->264378K(785792K), 0.0038360 secs] [Times: user=0.01 sys=0.01, real=0.01 secs] 
2014-07-28T17:48:15.529+0000: 3259.742: [GC [PSYoungGen: 98816K->384K(97600K)] 362938K->264538K(784576K), 0.0036760 secs] [Times: user=0.02 sys=0.00, real=0.00 secs] 
2014-07-28T17:48:16.186+0000: 3260.400: [GC [PSYoungGen: 97600K->288K(96256K)] 361754K->264498K(783232K), 0.0087980 secs] [Times: user=0.05 sys=0.00, real=0.01 secs] 
2014-07-28T17:48:16.869+0000: 3261.082: [GC [PSYoungGen: 96224K->352K(95040K)] 360434K->264650K(782016K), 0.0037140 secs] [Times: user=0.02 sys=0.00, real=0.00 secs] 
2014-07-28T17:48:17.540+0000: 3261.754: [GC [PSYoungGen: 94962K->306K(93760K)] 359260K->264628K(780736K), 0.0054860 secs] [Times: user=0.03 sys=0.00, real=0.01 secs] 
2014-07-28T17:48:18.209+0000: 3262.423: [GC [PSYoungGen: 93746K->192K(92416K)] 358068K->264562K(779392K), 0.0060460 secs] [Times: user=0.04 sys=0.00, real=0.01 secs] 
2014-07-28T17:48:18.871+0000: 3263.084: [GC [PSYoungGen: 92416K->288K(91392K)] 356786K->264714K(778368K), 0.0043790 secs] [Times: user=0.03 sys=0.00, real=0.01 secs] 
2014-07-28T17:48:19.557+0000: 3263.771: [GC [PSYoungGen: 91360K->256K(90176K)] 355786K->264706K(777152K), 0.0062980 secs] [Times: user=0.04 sys=0.00, real=0.00 secs] 
2014-07-28T17:48:20.203+0000: 3264.417: [GC [PSYoungGen: 90176K->320K(89088K)] 354626K->264818K(776064K), 0.0060510 secs] [Times: user=0.04 sys=0.00, real=0.01 secs] 
2014-07-28T17:48:20.833+0000: 3265.047: [GC [PSYoungGen: 89088K->416K(88128K)] 353586K->265010K(775104K), 0.0041130 secs] [Times: user=0.02 sys=0.01, real=0.01 secs] 
2014-07-28T17:48:21.460+0000: 3265.674: [GC [PSYoungGen: 88096K->256K(86848K)] 352690K->264866K(773824K), 0.0067150 secs] [Times: user=0.04 sys=0.00, real=0.01 secs] 
2014-07-28T17:48:22.075+0000: 3266.289: [GC [PSYoungGen: 86848K->416K(85952K)] 351458K->265114K(772928K), 0.0044690 secs] [Times: user=0.02 sys=0.01, real=0.01 secs] 
2014-07-28T17:48:22.686+0000: 3266.900: [GC [PSYoungGen: 85920K->384K(84864K)] 350618K->265162K(771840K), 0.0051200 secs] [Times: user=0.03 sys=0.01, real=0.01 secs] 
2014-07-28T17:48:23.287+0000: 3267.500: [GC [PSYoungGen: 84864K->288K(83776K)] 349642K->265098K(770752K), 0.0085410 secs] [Times: user=0.06 sys=0.00, real=0.00 secs] 
2014-07-28T17:48:23.885+0000: 3268.099: [GC [PSYoungGen: 83743K->192K(100352K)] 348554K->265034K(787328K), 0.0114320 secs] [Times: user=0.06 sys=0.00, real=0.02 secs] 
2014-07-28T17:48:24.596+0000: 3268.810: [GC [PSYoungGen: 100352K->512K(120704K)] 365194K->265466K(807680K), 0.0043470 secs] [Times: user=0.03 sys=0.00, real=0.01 secs] 
2014-07-28T17:48:25.452+0000: 3269.666: [GC [PSYoungGen: 120703K->384K(144640K)] 385658K->265426K(831616K), 0.0093780 secs] [Times: user=0.06 sys=0.00, real=0.01 secs] 
2014-07-28T17:48:26.480+0000: 3270.694: [GC [PSYoungGen: 144640K->256K(141952K)] 409682K->265346K(828928K), 0.0042300 secs] [Times: user=0.03 sys=0.00, real=0.00 secs] 
2014-07-28T17:48:27.490+0000: 3271.704: [GC [PSYoungGen: 141952K->320K(139520K)] 407042K->265482K(826496K), 0.0037790 secs] [Times: user=0.02 sys=0.00, real=0.00 secs] 
2014-07-28T17:48:28.484+0000: 3272.698: [GC [PSYoungGen: 139513K->416K(137216K)] 404676K->265650K(824192K), 0.0041850 secs] [Times: user=0.01 sys=0.01, real=0.01 secs] 
2014-07-28T17:48:29.461+0000: 3273.675: [GC [PSYoungGen: 137184K->288K(134720K)] 402418K->265578K(821696K), 0.0098310 secs] [Times: user=0.05 sys=0.00, real=0.01 secs] 
2014-07-28T17:48:30.419+0000: 3274.633: [GC [PSYoungGen: 134688K->448K(132608K)] 399978K->265826K(819584K), 0.0047950 secs] [Times: user=0.02 sys=0.00, real=0.00 secs] 
2014-07-28T17:48:31.360+0000: 3275.574: [GC [PSYoungGen: 132608K->352K(130368K)] 397986K->265794K(817344K), 0.0048130 secs] [Times: user=0.03 sys=0.00, real=0.00 secs] 
2014-07-28T17:48:32.293+0000: 3276.507: [GC [PSYoungGen: 130336K->320K(128128K)] 395778K->265834K(815104K), 0.0068940 secs] [Times: user=0.04 sys=0.00, real=0.01 secs] 
2014-07-28T17:48:33.206+0000: 3277.420: [GC [PSYoungGen: 128128K->434K(126144K)] 393642K->266020K(813120K), 0.0076830 secs] [Times: user=0.05 sys=0.00, real=0.01 secs] 
2014-07-28T17:48:34.100+0000: 3278.313: [GC [PSYoungGen: 126130K->416K(124096K)] 391716K->266098K(811072K), 0.0037630 secs] [Times: user=0.03 sys=0.00, real=0.00 secs] 
2014-07-28T17:48:34.980+0000: 3279.194: [GC [PSYoungGen: 124064K->320K(121984K)] 389746K->266074K(808960K), 0.0051230 secs] [Times: user=0.03 sys=0.00, real=0.00 secs] 
2014-07-28T17:48:35.847+0000: 3280.060: [GC [PSYoungGen: 121984K->384K(120128K)] 387738K->266218K(807104K), 0.0132430 secs] [Times: user=0.09 sys=0.00, real=0.02 secs] 
2014-07-28T17:48:36.704+0000: 3280.918: [GC [PSYoungGen: 120128K->416K(118336K)] 385962K->266250K(805312K), 0.0108820 secs] [Times: user=0.07 sys=0.00, real=0.01 secs] 
2014-07-28T17:48:37.544+0000: 3281.757: [GC [PSYoungGen: 118304K->256K(116352K)] 384138K->266130K(803328K), 0.0101280 secs] [Times: user=0.07 sys=0.00, real=0.01 secs] 
2014-07-28T17:48:38.373+0000: 3282.587: [GC [PSYoungGen: 116352K->466K(114816K)] 382226K->266436K(801792K), 0.0078710 secs] [Times: user=0.05 sys=0.00, real=0.01 secs] 
2014-07-28T17:48:39.192+0000: 3283.405: [GC [PSYoungGen: 114770K->224K(112832K)] 380740K->266250K(799808K), 0.0045150 secs] [Times: user=0.02 sys=0.01, real=0.00 secs] 
2014-07-28T17:48:39.995+0000: 3284.209: [GC [PSYoungGen: 112798K->288K(111232K)] 378825K->266370K(798208K), 0.0035350 secs] [Times: user=0.02 sys=0.00, real=0.01 secs] 
2014-07-28T17:48:40.794+0000: 3285.008: [GC [PSYoungGen: 111200K->416K(109696K)] 377282K->266602K(796672K), 0.0039200 secs] [Times: user=0.02 sys=0.00, real=0.00 secs] 
2014-07-28T17:48:41.572+0000: 3285.785: [GC [PSYoungGen: 109664K->224K(107904K)] 375850K->266434K(794880K), 0.0087420 secs] [Times: user=0.06 sys=0.00, real=0.01 secs] 
2014-07-28T17:48:42.338+0000: 3286.552: [GC [PSYoungGen: 107872K->384K(106496K)] 374082K->266682K(793472K), 0.0069720 secs] [Times: user=0.04 sys=0.00, real=0.01 secs] 
2014-07-28T17:48:43.096+0000: 3287.310: [GC [PSYoungGen: 106496K->288K(104896K)] 372794K->266658K(791872K), 0.0083680 secs] [Times: user=0.06 sys=0.00, real=0.01 secs] 
2014-07-28T17:48:43.841+0000: 3288.055: [GC [PSYoungGen: 104864K->384K(103488K)] 371234K->266834K(790464K), 0.0079150 secs] [Times: user=0.05 sys=0.00, real=0.01 secs] 
2014-07-28T17:48:44.579+0000: 3288.793: [GC [PSYoungGen: 103488K->416K(102080K)] 369938K->266906K(789056K), 0.0074680 secs] [Times: user=0.05 sys=0.01, real=0.00 secs] 
2014-07-28T17:48:45.308+0000: 3289.522: [GC [PSYoungGen: 102048K->224K(100480K)] 368538K->266770K(787456K), 0.0079370 secs] [Times: user=0.05 sys=0.00, real=0.01 secs] 
2014-07-28T17:48:46.022+0000: 3290.236: [GC [PSYoungGen: 100404K->370K(99264K)] 366950K->266988K(786240K), 0.0075210 secs] [Times: user=0.05 sys=0.00, real=0.01 secs] 
2014-07-28T17:48:46.724+0000: 3290.938: [GC [PSYoungGen: 99225K->256K(97792K)] 365843K->266922K(784768K), 0.0048750 secs] [Times: user=0.02 sys=0.00, real=0.00 secs] 
2014-07-28T17:48:47.421+0000: 3291.635: [GC [PSYoungGen: 97792K->288K(117376K)] 364458K->266962K(804352K), 0.0114230 secs] [Times: user=0.07 sys=0.01, real=0.01 secs] 
2014-07-28T17:48:48.260+0000: 3292.474: [GC [PSYoungGen: 117344K->288K(140800K)] 384018K->267018K(827776K), 0.0072180 secs] [Times: user=0.04 sys=0.00, real=0.00 secs] 
2014-07-28T17:48:49.260+0000: 3293.474: [GC [PSYoungGen: 140768K->320K(138368K)] 407498K->267114K(825344K), 0.0029960 secs] [Times: user=0.01 sys=0.00, real=0.00 secs] 
2014-07-28T17:48:50.242+0000: 3294.456: [GC [PSYoungGen: 138366K->338K(136064K)] 405160K->267188K(823040K), 0.0069320 secs] [Times: user=0.05 sys=0.00, real=0.00 secs] 
2014-07-28T17:48:51.212+0000: 3295.426: [GC [PSYoungGen: 136018K->320K(133696K)] 402868K->267234K(820672K), 0.0050340 secs] [Times: user=0.02 sys=0.00, real=0.00 secs] 
2014-07-28T17:48:52.167+0000: 3296.380: [GC [PSYoungGen: 133696K->352K(131520K)] 400610K->267354K(818496K), 0.0063170 secs] [Times: user=0.04 sys=0.00, real=0.01 secs] 
2014-07-28T17:48:53.102+0000: 3297.315: [GC [PSYoungGen: 131488K->384K(129344K)] 398490K->267466K(816320K), 0.0060880 secs] [Times: user=0.04 sys=0.00, real=0.00 secs] 
2014-07-28T17:48:54.021+0000: 3298.235: [GC [PSYoungGen: 129332K->384K(127232K)] 396415K->267530K(814208K), 0.0092380 secs] [Times: user=0.05 sys=0.00, real=0.00 secs] 
2014-07-28T17:48:54.923+0000: 3299.137: [GC [PSYoungGen: 127232K->288K(125120K)] 394378K->267498K(812096K), 0.0042110 secs] [Times: user=0.03 sys=0.00, real=0.00 secs] 
2014-07-28T17:48:55.816+0000: 3300.030: [GC [PSYoungGen: 125088K->352K(123200K)] 392298K->267634K(810176K), 0.0076900 secs] [Times: user=0.04 sys=0.00, real=0.01 secs] 
2014-07-28T17:48:56.694+0000: 3300.908: [GC [PSYoungGen: 123168K->320K(121216K)] 390450K->267610K(808192K), 0.0078140 secs] [Times: user=0.04 sys=0.00, real=0.01 secs] 
2014-07-28T17:48:57.557+0000: 3301.771: [GC [PSYoungGen: 121209K->416K(119424K)] 388499K->267794K(806400K), 0.0066530 secs] [Times: user=0.04 sys=0.00, real=0.01 secs] 
2014-07-28T17:48:58.405+0000: 3302.619: [GC [PSYoungGen: 119392K->224K(117376K)] 386770K->267650K(804352K), 0.0029880 secs] [Times: user=0.01 sys=0.00, real=0.00 secs] 
2014-07-28T17:48:59.242+0000: 3303.456: [GC [PSYoungGen: 117305K->352K(115712K)] 384732K->267834K(802688K), 0.0054750 secs] [Times: user=0.02 sys=0.00, real=0.00 secs] 
2014-07-28T17:49:00.062+0000: 3304.276: [GC [PSYoungGen: 115680K->384K(113984K)] 383162K->267954K(800960K), 0.0063270 secs] [Times: user=0.04 sys=0.01, real=0.00 secs] 
2014-07-28T17:49:00.871+0000: 3305.085: [GC [PSYoungGen: 113967K->224K(112128K)] 381537K->267850K(799104K), 0.0047740 secs] [Times: user=0.03 sys=0.00, real=0.01 secs] 
2014-07-28T17:49:01.669+0000: 3305.883: [GC [PSYoungGen: 112096K->420K(110656K)] 379722K->268186K(797632K), 0.0092000 secs] [Times: user=0.06 sys=0.00, real=0.01 secs] 
2014-07-28T17:49:02.452+0000: 3306.666: [GC [PSYoungGen: 110628K->352K(108992K)] 378394K->268190K(795968K), 0.0081600 secs] [Times: user=0.06 sys=0.00, real=0.00 secs] 
2014-07-28T17:49:03.225+0000: 3307.439: [GC [PSYoungGen: 108929K->288K(107328K)] 376767K->268190K(794304K), 0.0058210 secs] [Times: user=0.03 sys=0.00, real=0.00 secs] 
2014-07-28T17:49:03.988+0000: 3308.202: [GC [PSYoungGen: 107296K->320K(105792K)] 375198K->268270K(792768K), 0.0048740 secs] [Times: user=0.03 sys=0.00, real=0.01 secs] 
2014-07-28T17:49:04.741+0000: 3308.955: [GC [PSYoungGen: 105748K->416K(104448K)] 373699K->268462K(791424K), 0.0054650 secs] [Times: user=0.04 sys=0.00, real=0.01 secs] 
2014-07-28T17:49:05.477+0000: 3309.691: [GC [PSYoungGen: 104416K->224K(102784K)] 372462K->268278K(789760K), 0.0089190 secs] [Times: user=0.05 sys=0.00, real=0.01 secs] 
2014-07-28T17:49:06.206+0000: 3310.420: [GC [PSYoungGen: 102704K->448K(101568K)] 370758K->268566K(788544K), 0.0048490 secs] [Times: user=0.03 sys=0.00, real=0.00 secs] 
2014-07-28T17:49:06.926+0000: 3311.140: [GC [PSYoungGen: 101562K->320K(100032K)] 369681K->268502K(787008K), 0.0108660 secs] [Times: user=0.07 sys=0.00, real=0.01 secs] 
2014-07-28T17:49:07.639+0000: 3311.853: [GC [PSYoungGen: 100032K->384K(98752K)] 368214K->268654K(785728K), 0.0065030 secs] [Times: user=0.05 sys=0.00, real=0.01 secs] 
2014-07-28T17:49:08.347+0000: 3312.560: [GC [PSYoungGen: 98752K->320K(97344K)] 367022K->268606K(784320K), 0.0082490 secs] [Times: user=0.05 sys=0.00, real=0.01 secs] 
2014-07-28T17:49:09.040+0000: 3313.253: [GC [PSYoungGen: 97344K->480K(96256K)] 365630K->268862K(783232K), 0.0068220 secs] [Times: user=0.04 sys=0.00, real=0.01 secs] 
2014-07-28T17:49:09.722+0000: 3313.936: [GC [PSYoungGen: 96224K->402K(115392K)] 364606K->268848K(802368K), 0.0084810 secs] [Times: user=0.06 sys=0.00, real=0.01 secs] 
2014-07-28T17:49:10.544+0000: 3314.758: [GC [PSYoungGen: 115346K->224K(113472K)] 383792K->268678K(800448K), 0.0058910 secs] [Times: user=0.03 sys=0.00, real=0.00 secs] 
2014-07-28T17:49:11.352+0000: 3315.566: [GC [PSYoungGen: 113421K->498K(112064K)] 381875K->269016K(799040K), 0.0076660 secs] [Times: user=0.04 sys=0.00, real=0.01 secs] 
2014-07-28T17:49:12.149+0000: 3316.362: [GC [PSYoungGen: 112050K->448K(110336K)] 380568K->269078K(797312K), 0.0081220 secs] [Times: user=0.05 sys=0.00, real=0.01 secs] 
2014-07-28T17:49:12.931+0000: 3317.145: [GC [PSYoungGen: 110336K->448K(108736K)] 378966K->269142K(795712K), 0.0055470 secs] [Times: user=0.04 sys=0.00, real=0.01 secs] 
2014-07-28T17:49:13.705+0000: 3317.918: [GC [PSYoungGen: 108736K->288K(130304K)] 377430K->269030K(817280K), 0.0121250 secs] [Times: user=0.08 sys=0.01, real=0.01 secs] 
2014-07-28T17:49:14.633+0000: 3318.847: [GC [PSYoungGen: 130272K->352K(128192K)] 399014K->269134K(815168K), 0.0071430 secs] [Times: user=0.05 sys=0.00, real=0.01 secs] 
2014-07-28T17:49:15.544+0000: 3319.758: [GC [PSYoungGen: 128160K->288K(126016K)] 396942K->269134K(812992K), 0.0092230 secs] [Times: user=0.06 sys=0.00, real=0.00 secs] 
2014-07-28T17:49:16.446+0000: 3320.660: [GC [PSYoungGen: 125984K->224K(123904K)] 394830K->269126K(810880K), 0.0079910 secs] [Times: user=0.05 sys=0.00, real=0.01 secs] 
2014-07-28T17:49:17.329+0000: 3321.542: [GC [PSYoungGen: 123872K->416K(122112K)] 392774K->269414K(809088K), 0.0039700 secs] [Times: user=0.03 sys=0.00, real=0.00 secs] 
2014-07-28T17:49:18.194+0000: 3322.408: [GC [PSYoungGen: 122080K->384K(120128K)] 391078K->269438K(807104K), 0.0067290 secs] [Times: user=0.04 sys=0.00, real=0.00 secs] 
2014-07-28T17:49:19.052+0000: 3323.266: [GC [PSYoungGen: 120128K->320K(118208K)] 389182K->269446K(805184K), 0.0101160 secs] [Times: user=0.07 sys=0.00, real=0.01 secs] 
2014-07-28T17:49:19.895+0000: 3324.109: [GC [PSYoungGen: 118208K->224K(116352K)] 387334K->269406K(803328K), 0.0098050 secs] [Times: user=0.05 sys=0.01, real=0.00 secs] 
2014-07-28T17:49:20.724+0000: 3324.937: [GC [PSYoungGen: 116302K->274K(114624K)] 385485K->269504K(801600K), 0.0047250 secs] [Times: user=0.03 sys=0.00, real=0.01 secs] 
2014-07-28T17:49:21.538+0000: 3325.752: [GC [PSYoungGen: 114578K->256K(112832K)] 383808K->269518K(799808K), 0.0081270 secs] [Times: user=0.05 sys=0.01, real=0.01 secs] 
2014-07-28T17:49:22.343+0000: 3326.557: [GC [PSYoungGen: 112832K->288K(111232K)] 382094K->269598K(798208K), 0.0045600 secs] [Times: user=0.02 sys=0.00, real=0.01 secs] 
2014-07-28T17:49:23.134+0000: 3327.348: [GC [PSYoungGen: 111200K->384K(109632K)] 380510K->269742K(796608K), 0.0079500 secs] [Times: user=0.06 sys=0.00, real=0.01 secs] 
2014-07-28T17:49:23.914+0000: 3328.127: [GC [PSYoungGen: 109632K->352K(108032K)] 378990K->269758K(795008K), 0.0068260 secs] [Times: user=0.02 sys=0.01, real=0.01 secs] 
2014-07-28T17:49:24.680+0000: 3328.894: [GC [PSYoungGen: 108000K->192K(106304K)] 377406K->269638K(793280K), 0.0039330 secs] [Times: user=0.02 sys=0.00, real=0.00 secs] 
2014-07-28T17:49:25.434+0000: 3329.648: [GC [PSYoungGen: 106304K->256K(104832K)] 375750K->269742K(791808K), 0.0051840 secs] [Times: user=0.04 sys=0.00, real=0.01 secs] 
2014-07-28T17:49:26.183+0000: 3330.397: [GC [PSYoungGen: 104830K->320K(103424K)] 374317K->269862K(790400K), 0.0066910 secs] [Times: user=0.04 sys=0.01, real=0.01 secs] 
2014-07-28T17:49:26.918+0000: 3331.132: [GC [PSYoungGen: 103424K->256K(101888K)] 372966K->269846K(788864K), 0.0047690 secs] [Times: user=0.03 sys=0.01, real=0.00 secs] 
2014-07-28T17:49:27.649+0000: 3331.862: [GC [PSYoungGen: 101888K->338K(100608K)] 371478K->269960K(787584K), 0.0132300 secs] [Times: user=0.07 sys=0.02, real=0.01 secs] 
2014-07-28T17:49:28.367+0000: 3332.581: [GC [PSYoungGen: 100562K->448K(99328K)] 370184K->270118K(786304K), 0.0040850 secs] [Times: user=0.03 sys=0.00, real=0.00 secs] 
2014-07-28T17:49:29.074+0000: 3333.288: [GC [PSYoungGen: 99328K->256K(97792K)] 368998K->269958K(784768K), 0.0036830 secs] [Times: user=0.01 sys=0.00, real=0.01 secs] 
2014-07-28T17:49:29.766+0000: 3333.979: [GC [PSYoungGen: 97756K->256K(96512K)] 367459K->269990K(783488K), 0.0039920 secs] [Times: user=0.02 sys=0.01, real=0.01 secs] 
2014-07-28T17:49:30.451+0000: 3334.665: [GC [PSYoungGen: 96486K->576K(95552K)] 366220K->270342K(782528K), 0.0114880 secs] [Times: user=0.05 sys=0.00, real=0.04 secs] 
2014-07-28T17:49:31.129+0000: 3335.343: [GC [PSYoungGen: 95552K->370K(94144K)] 365318K->270192K(781120K), 0.0073570 secs] [Times: user=0.05 sys=0.01, real=0.01 secs] 
2014-07-28T17:49:31.798+0000: 3336.012: [GC [PSYoungGen: 94130K->288K(92864K)] 363952K->270166K(779840K), 0.0046970 secs] [Times: user=0.01 sys=0.00, real=0.00 secs] 
2014-07-28T17:49:32.463+0000: 3336.677: [GC [PSYoungGen: 92794K->448K(91776K)] 362673K->270326K(778752K), 0.0081630 secs] [Times: user=0.06 sys=0.01, real=0.01 secs] 
2014-07-28T17:49:33.118+0000: 3337.332: [GC [PSYoungGen: 91776K->288K(109952K)] 361654K->270222K(796928K), 0.0075820 secs] [Times: user=0.05 sys=0.00, real=0.00 secs] 
2014-07-28T17:49:33.895+0000: 3338.109: [GC [PSYoungGen: 109920K->288K(108352K)] 379854K->270294K(795328K), 0.0046050 secs] [Times: user=0.02 sys=0.00, real=0.01 secs] 
2014-07-28T17:49:34.666+0000: 3338.880: [GC [PSYoungGen: 108320K->256K(106752K)] 378326K->270318K(793728K), 0.0071770 secs] [Times: user=0.04 sys=0.00, real=0.01 secs] 
2014-07-28T17:49:35.425+0000: 3339.638: [GC [PSYoungGen: 106752K->256K(105216K)] 376814K->270366K(792192K), 0.0045920 secs] [Times: user=0.02 sys=0.00, real=0.01 secs] 
2014-07-28T17:49:36.171+0000: 3340.384: [GC [PSYoungGen: 105216K->448K(103936K)] 375326K->270646K(790912K), 0.0051470 secs] [Times: user=0.04 sys=0.00, real=0.00 secs] 
2014-07-28T17:49:36.909+0000: 3341.123: [GC [PSYoungGen: 103936K->306K(102336K)] 374134K->270552K(789312K), 0.0048820 secs] [Times: user=0.02 sys=0.00, real=0.00 secs] 
2014-07-28T17:49:37.637+0000: 3341.851: [GC [PSYoungGen: 102322K->320K(100928K)] 372568K->270622K(787904K), 0.0054260 secs] [Times: user=0.03 sys=0.00, real=0.00 secs] 
2014-07-28T17:49:38.355+0000: 3342.569: [GC [PSYoungGen: 100928K->192K(99392K)] 371230K->270534K(786368K), 0.0074440 secs] [Times: user=0.05 sys=0.00, real=0.01 secs] 
2014-07-28T17:49:39.065+0000: 3343.279: [GC [PSYoungGen: 99392K->256K(98112K)] 369734K->270654K(785088K), 0.0084590 secs] [Times: user=0.04 sys=0.00, real=0.01 secs] 
2014-07-28T17:49:39.761+0000: 3343.974: [GC [PSYoungGen: 98112K->384K(96896K)] 368510K->270846K(783872K), 0.0075830 secs] [Times: user=0.05 sys=0.00, real=0.01 secs] 
2014-07-28T17:49:40.449+0000: 3344.663: [GC [PSYoungGen: 96896K->416K(95680K)] 367358K->270886K(782656K), 0.0066690 secs] [Times: user=0.04 sys=0.00, real=0.00 secs] 
2014-07-28T17:49:41.131+0000: 3345.344: [GC [PSYoungGen: 95648K->256K(114560K)] 366118K->270766K(801536K), 0.0097100 secs] [Times: user=0.05 sys=0.00, real=0.01 secs] 
2014-07-28T17:49:41.947+0000: 3346.161: [GC [PSYoungGen: 114541K->352K(112960K)] 385052K->270942K(799936K), 0.0037970 secs] [Times: user=0.02 sys=0.00, real=0.01 secs] 
2014-07-28T17:49:42.754+0000: 3346.968: [GC [PSYoungGen: 112928K->352K(111296K)] 383518K->271006K(798272K), 0.0027380 secs] [Times: user=0.02 sys=0.00, real=0.00 secs] 
2014-07-28T17:49:43.548+0000: 3347.762: [GC [PSYoungGen: 111264K->192K(109440K)] 381918K->270870K(796416K), 0.0109800 secs] [Times: user=0.07 sys=0.00, real=0.02 secs] 
2014-07-28T17:49:44.330+0000: 3348.544: [GC [PSYoungGen: 109440K->320K(107968K)] 380118K->271070K(794944K), 0.0052370 secs] [Times: user=0.03 sys=0.00, real=0.00 secs] 
2014-07-28T17:49:45.097+0000: 3349.311: [GC [PSYoungGen: 107968K->224K(106368K)] 378718K->271014K(793344K), 0.0076300 secs] [Times: user=0.04 sys=0.01, real=0.01 secs] 
2014-07-28T17:49:45.856+0000: 3350.070: [GC [PSYoungGen: 106336K->320K(104896K)] 377126K->271182K(791872K), 0.0050830 secs] [Times: user=0.03 sys=0.00, real=0.01 secs] 
2014-07-28T17:49:46.599+0000: 3350.813: [GC [PSYoungGen: 104896K->224K(103360K)] 375758K->271110K(790336K), 0.0070150 secs] [Times: user=0.04 sys=0.00, real=0.00 secs] 
2014-07-28T17:49:47.334+0000: 3351.548: [GC [PSYoungGen: 103280K->402K(102080K)] 374166K->271352K(789056K), 0.0069780 secs] [Times: user=0.04 sys=0.00, real=0.01 secs] 
2014-07-28T17:49:48.055+0000: 3352.269: [GC [PSYoungGen: 102034K->320K(100544K)] 372984K->271318K(787520K), 0.0038330 secs] [Times: user=0.02 sys=0.00, real=0.00 secs] 
2014-07-28T17:49:48.774+0000: 3352.988: [GC [PSYoungGen: 100544K->224K(99136K)] 371542K->271278K(786112K), 0.0026700 secs] [Times: user=0.02 sys=0.00, real=0.00 secs] 
2014-07-28T17:49:49.476+0000: 3353.690: [GC [PSYoungGen: 99104K->320K(97856K)] 370158K->271390K(784832K), 0.0047310 secs] [Times: user=0.03 sys=0.00, real=0.01 secs] 
2014-07-28T17:49:50.175+0000: 3354.389: [GC [PSYoungGen: 97856K->416K(96704K)] 368926K->271542K(783680K), 0.0078260 secs] [Times: user=0.04 sys=0.00, real=0.01 secs] 
2014-07-28T17:49:50.865+0000: 3355.079: [GC [PSYoungGen: 96672K->256K(95232K)] 367798K->271438K(782208K), 0.0074180 secs] [Times: user=0.05 sys=0.01, real=0.01 secs] 
2014-07-28T17:49:51.543+0000: 3355.757: [GC [PSYoungGen: 95232K->384K(94144K)] 366414K->271598K(781120K), 0.0049730 secs] [Times: user=0.03 sys=0.00, real=0.00 secs] 
2014-07-28T17:49:52.212+0000: 3356.425: [GC [PSYoungGen: 94144K->352K(92928K)] 365358K->271638K(779904K), 0.0045170 secs] [Times: user=0.03 sys=0.00, real=0.00 secs] 
2014-07-28T17:49:52.874+0000: 3357.088: [GC [PSYoungGen: 92896K->224K(91584K)] 364182K->271566K(778560K), 0.0065450 secs] [Times: user=0.03 sys=0.00, real=0.01 secs] 
2014-07-28T17:49:53.531+0000: 3357.744: [GC [PSYoungGen: 91552K->384K(90560K)] 362894K->271750K(777536K), 0.0072690 secs] [Times: user=0.05 sys=0.00, real=0.00 secs] 
2014-07-28T17:49:54.172+0000: 3358.386: [GC [PSYoungGen: 90560K->288K(89344K)] 361926K->271726K(776320K), 0.0042490 secs] [Times: user=0.03 sys=0.00, real=0.00 secs] 
2014-07-28T17:49:54.808+0000: 3359.022: [GC [PSYoungGen: 89312K->352K(88320K)] 360750K->271854K(775296K), 0.0085220 secs] [Times: user=0.05 sys=0.00, real=0.01 secs] 
2014-07-28T17:49:55.430+0000: 3359.644: [GC [PSYoungGen: 88288K->192K(105728K)] 359790K->271726K(792704K), 0.0145580 secs] [Times: user=0.09 sys=0.00, real=0.01 secs] 
2014-07-28T17:49:56.186+0000: 3360.400: [GC [PSYoungGen: 105724K->288K(126976K)] 377258K->271846K(813952K), 0.0086390 secs] [Times: user=0.05 sys=0.00, real=0.01 secs] 
2014-07-28T17:49:57.092+0000: 3361.305: [GC [PSYoungGen: 126944K->416K(152448K)] 398502K->272062K(839424K), 0.0034010 secs] [Times: user=0.02 sys=0.00, real=0.00 secs] 
2014-07-28T17:49:58.175+0000: 3362.389: [GC [PSYoungGen: 152416K->416K(149632K)] 424062K->272142K(836608K), 0.0038710 secs] [Times: user=0.03 sys=0.00, real=0.00 secs] 
2014-07-28T17:49:59.243+0000: 3363.457: [GC [PSYoungGen: 149600K->192K(146688K)] 421326K->271974K(833664K), 0.0025600 secs] [Times: user=0.01 sys=0.00, real=0.00 secs] 
2014-07-28T17:50:00.293+0000: 3364.507: [GC [PSYoungGen: 146688K->416K(144320K)] 418470K->272286K(831296K), 0.0034140 secs] [Times: user=0.02 sys=0.00, real=0.00 secs] 
2014-07-28T17:50:01.319+0000: 3365.533: [GC [PSYoungGen: 144288K->288K(141632K)] 416158K->272214K(828608K), 0.0037740 secs] [Times: user=0.02 sys=0.00, real=0.01 secs] 
2014-07-28T17:50:02.329+0000: 3366.543: [GC [PSYoungGen: 141600K->352K(139200K)] 413526K->272334K(826176K), 0.0035650 secs] [Times: user=0.02 sys=0.00, real=0.01 secs] 
2014-07-28T17:50:03.319+0000: 3367.532: [GC [PSYoungGen: 139167K->384K(136832K)] 411150K->272406K(823808K), 0.0080760 secs] [Times: user=0.03 sys=0.00, real=0.01 secs] 
2014-07-28T17:50:04.295+0000: 3368.509: [GC [PSYoungGen: 136823K->256K(134400K)] 408846K->272326K(821376K), 0.0075300 secs] [Times: user=0.05 sys=0.00, real=0.01 secs] 
2014-07-28T17:50:05.259+0000: 3369.473: [GC [PSYoungGen: 134400K->256K(132160K)] 406470K->272390K(819136K), 0.0041910 secs] [Times: user=0.03 sys=0.00, real=0.01 secs] 
2014-07-28T17:50:06.200+0000: 3370.413: [GC [PSYoungGen: 132160K->256K(129984K)] 404294K->272446K(816960K), 0.0040750 secs] [Times: user=0.03 sys=0.00, real=0.01 secs] 
2014-07-28T17:50:07.124+0000: 3371.338: [GC [PSYoungGen: 129984K->256K(127872K)] 402174K->272510K(814848K), 0.0100850 secs] [Times: user=0.07 sys=0.00, real=0.01 secs] 
2014-07-28T17:50:08.036+0000: 3372.250: [GC [PSYoungGen: 127872K->256K(125760K)] 400126K->272574K(812736K), 0.0028660 secs] [Times: user=0.01 sys=0.00, real=0.00 secs] 
2014-07-28T17:50:08.928+0000: 3373.142: [GC [PSYoungGen: 125760K->306K(123776K)] 398078K->272680K(810752K), 0.0059090 secs] [Times: user=0.04 sys=0.00, real=0.01 secs] 
2014-07-28T17:50:09.810+0000: 3374.024: [GC [PSYoungGen: 123762K->448K(121920K)] 396136K->272894K(808896K), 0.0043020 secs] [Times: user=0.03 sys=0.00, real=0.01 secs] 
2014-07-28T17:50:10.675+0000: 3374.888: [GC [PSYoungGen: 121920K->320K(119872K)] 394366K->272838K(806848K), 0.0068590 secs] [Times: user=0.04 sys=0.00, real=0.00 secs] 
2014-07-28T17:50:11.530+0000: 3375.744: [GC [PSYoungGen: 119872K->416K(118144K)] 392390K->273022K(805120K), 0.0058010 secs] [Times: user=0.04 sys=0.00, real=0.01 secs] 
2014-07-28T17:50:12.370+0000: 3376.584: [GC [PSYoungGen: 118112K->320K(116224K)] 390718K->273030K(803200K), 0.0058940 secs] [Times: user=0.04 sys=0.00, real=0.01 secs] 
2014-07-28T17:50:13.197+0000: 3377.411: [GC [PSYoungGen: 116224K->256K(114368K)] 388934K->273030K(801344K), 0.0028710 secs] [Times: user=0.02 sys=0.00, real=0.00 secs] 
2014-07-28T17:50:14.011+0000: 3378.225: [GC [PSYoungGen: 114368K->320K(112704K)] 387142K->273174K(799680K), 0.0042740 secs] [Times: user=0.03 sys=0.00, real=0.01 secs] 
2014-07-28T17:50:14.815+0000: 3379.029: [GC [PSYoungGen: 112704K->320K(111040K)] 385558K->273246K(798016K), 0.0058990 secs] [Times: user=0.04 sys=0.00, real=0.00 secs] 
2014-07-28T17:50:15.604+0000: 3379.818: [GC [PSYoungGen: 111040K->416K(109568K)] 383966K->273350K(796544K), 0.0042190 secs] [Times: user=0.03 sys=0.00, real=0.00 secs] 
2014-07-28T17:50:16.379+0000: 3380.593: [GC [PSYoungGen: 109536K->338K(107904K)] 382470K->273328K(794880K), 0.0040430 secs] [Times: user=0.02 sys=0.00, real=0.01 secs] 
2014-07-28T17:50:17.149+0000: 3381.363: [GC [PSYoungGen: 107839K->320K(106304K)] 380830K->273366K(793280K), 0.0035590 secs] [Times: user=0.01 sys=0.00, real=0.00 secs] 
2014-07-28T17:50:17.907+0000: 3382.121: [GC [PSYoungGen: 106304K->416K(104896K)] 379350K->273558K(791872K), 0.0053160 secs] [Times: user=0.03 sys=0.01, real=0.00 secs] 
2014-07-28T17:50:18.651+0000: 3382.865: [GC [PSYoungGen: 104828K->288K(103296K)] 377970K->273486K(790272K), 0.0048180 secs] [Times: user=0.02 sys=0.00, real=0.01 secs] 
2014-07-28T17:50:19.387+0000: 3383.601: [GC [PSYoungGen: 103264K->416K(102016K)] 376462K->273686K(788992K), 0.0037060 secs] [Times: user=0.02 sys=0.01, real=0.00 secs] 
2014-07-28T17:50:20.112+0000: 3384.326: [GC [PSYoungGen: 101969K->320K(100480K)] 375240K->273678K(787456K), 0.0067450 secs] [Times: user=0.04 sys=0.00, real=0.01 secs] 
2014-07-28T17:50:20.827+0000: 3385.040: [GC [PSYoungGen: 100480K->320K(99136K)] 373838K->273734K(786112K), 0.0070580 secs] [Times: user=0.05 sys=0.00, real=0.00 secs] 
2014-07-28T17:50:21.531+0000: 3385.745: [GC [PSYoungGen: 99136K->288K(97792K)] 372550K->273734K(784768K), 0.0061440 secs] [Times: user=0.03 sys=0.00, real=0.01 secs] 
2014-07-28T17:50:22.227+0000: 3386.441: [GC [PSYoungGen: 97760K->288K(96512K)] 371206K->273790K(783488K), 0.0057790 secs] [Times: user=0.03 sys=0.00, real=0.00 secs] 
2014-07-28T17:50:22.912+0000: 3387.125: [GC [PSYoungGen: 96480K->320K(95232K)] 369982K->273878K(782208K), 0.0045920 secs] [Times: user=0.02 sys=0.00, real=0.01 secs] 
2014-07-28T17:50:23.591+0000: 3387.805: [GC [PSYoungGen: 95232K->256K(93952K)] 368790K->273878K(780928K), 0.0061450 secs] [Times: user=0.03 sys=0.00, real=0.01 secs] 
2014-07-28T17:50:24.261+0000: 3388.475: [GC [PSYoungGen: 93952K->480K(92992K)] 367574K->274174K(779968K), 0.0042710 secs] [Times: user=0.02 sys=0.00, real=0.01 secs] 
2014-07-28T17:50:24.921+0000: 3389.135: [GC [PSYoungGen: 92960K->352K(91648K)] 366654K->274126K(778624K), 0.0040760 secs] [Times: user=0.02 sys=0.00, real=0.01 secs] 
2014-07-28T17:50:25.574+0000: 3389.788: [GC [PSYoungGen: 91574K->306K(90432K)] 365349K->274184K(777408K), 0.0041910 secs] [Times: user=0.03 sys=0.00, real=0.01 secs] 
2014-07-28T17:50:26.216+0000: 3390.430: [GC [PSYoungGen: 90397K->448K(89408K)] 364276K->274406K(776384K), 0.0034970 secs] [Times: user=0.02 sys=0.00, real=0.00 secs] 
2014-07-28T17:50:26.852+0000: 3391.066: [GC [PSYoungGen: 89408K->416K(88320K)] 363366K->274454K(775296K), 0.0046610 secs] [Times: user=0.03 sys=0.00, real=0.01 secs] 
2014-07-28T17:50:27.483+0000: 3391.697: [GC [PSYoungGen: 88288K->320K(87104K)] 362326K->274366K(774080K), 0.0026950 secs] [Times: user=0.01 sys=0.00, real=0.01 secs] 
2014-07-28T17:50:28.098+0000: 3392.312: [GC [PSYoungGen: 87102K->320K(86016K)] 361148K->274438K(772992K), 0.0047430 secs] [Times: user=0.02 sys=0.00, real=0.00 secs] 
2014-07-28T17:50:28.711+0000: 3392.925: [GC [PSYoungGen: 86016K->320K(84992K)] 360134K->274494K(771968K), 0.0034410 secs] [Times: user=0.02 sys=0.00, real=0.00 secs] 
2014-07-28T17:50:29.316+0000: 3393.530: [GC [PSYoungGen: 84992K->256K(83904K)] 359166K->274462K(770880K), 0.0034690 secs] [Times: user=0.02 sys=0.00, real=0.00 secs] 
2014-07-28T17:50:29.916+0000: 3394.130: [GC [PSYoungGen: 83904K->256K(82880K)] 358110K->274518K(769856K), 0.0061840 secs] [Times: user=0.04 sys=0.00, real=0.00 secs] 
2014-07-28T17:50:30.503+0000: 3394.717: [GC [PSYoungGen: 82880K->320K(81984K)] 357142K->274630K(768960K), 0.0082720 secs] [Times: user=0.04 sys=0.00, real=0.01 secs] 
2014-07-28T17:50:31.087+0000: 3395.301: [GC [PSYoungGen: 81984K->320K(81024K)] 356294K->274694K(768000K), 0.0042860 secs] [Times: user=0.02 sys=0.00, real=0.00 secs] 
2014-07-28T17:50:31.661+0000: 3395.875: [GC [PSYoungGen: 81024K->352K(80128K)] 355398K->274782K(767104K), 0.0038300 secs] [Times: user=0.02 sys=0.00, real=0.01 secs] 
2014-07-28T17:50:32.232+0000: 3396.446: [GC [PSYoungGen: 80096K->320K(79168K)] 354526K->274790K(766144K), 0.0031100 secs] [Times: user=0.02 sys=0.00, real=0.00 secs] 
2014-07-28T17:50:32.792+0000: 3397.006: [GC [PSYoungGen: 79168K->192K(78144K)] 353638K->274710K(765120K), 0.0074470 secs] [Times: user=0.04 sys=0.00, real=0.01 secs] 
2014-07-28T17:50:33.346+0000: 3397.560: [GC [PSYoungGen: 78140K->352K(93952K)] 352658K->274894K(780928K), 0.0129100 secs] [Times: user=0.07 sys=0.00, real=0.01 secs] 
2014-07-28T17:50:34.026+0000: 3398.240: [GC [PSYoungGen: 93920K->384K(112704K)] 368462K->275006K(799680K), 0.0045410 secs] [Times: user=0.03 sys=0.00, real=0.01 secs] 
2014-07-28T17:50:34.827+0000: 3399.041: [GC [PSYoungGen: 112704K->352K(111040K)] 387326K->275046K(798016K), 0.0030270 secs] [Times: user=0.02 sys=0.00, real=0.00 secs] 
2014-07-28T17:50:35.624+0000: 3399.838: [GC [PSYoungGen: 111008K->256K(109312K)] 385702K->274966K(796288K), 0.0064600 secs] [Times: user=0.05 sys=0.00, real=0.01 secs] 
2014-07-28T17:50:36.399+0000: 3400.613: [GC [PSYoungGen: 109312K->288K(107776K)] 384022K->275062K(794752K), 0.0082900 secs] [Times: user=0.05 sys=0.01, real=0.01 secs] 
2014-07-28T17:50:37.167+0000: 3401.381: [GC [PSYoungGen: 107744K->320K(106240K)] 382518K->275166K(793216K), 0.0047320 secs] [Times: user=0.02 sys=0.01, real=0.00 secs] 
2014-07-28T17:50:37.919+0000: 3402.133: [GC [PSYoungGen: 106235K->288K(104704K)] 381081K->275198K(791680K), 0.0052540 secs] [Times: user=0.03 sys=0.00, real=0.00 secs] 
2014-07-28T17:50:38.659+0000: 3402.873: [GC [PSYoungGen: 104672K->320K(103232K)] 379582K->275358K(790208K), 0.0043950 secs] [Times: user=0.03 sys=0.01, real=0.00 secs] 
2014-07-28T17:50:39.392+0000: 3403.606: [GC [PSYoungGen: 103232K->448K(101952K)] 378270K->275558K(788928K), 0.0043240 secs] [Times: user=0.03 sys=0.00, real=0.00 secs] 
2014-07-28T17:50:40.117+0000: 3404.331: [GC [PSYoungGen: 101952K->288K(100416K)] 377062K->275454K(787392K), 0.0066340 secs] [Times: user=0.04 sys=0.00, real=0.01 secs] 
2014-07-28T17:50:40.834+0000: 3405.048: [GC [PSYoungGen: 100362K->320K(99072K)] 375528K->275542K(786048K), 0.0047740 secs] [Times: user=0.03 sys=0.00, real=0.01 secs] 
2014-07-28T17:50:41.538+0000: 3405.751: [GC [PSYoungGen: 99072K->320K(97728K)] 374294K->275566K(784704K), 0.0085560 secs] [Times: user=0.05 sys=0.01, real=0.00 secs] 
2014-07-28T17:50:42.228+0000: 3406.441: [GC [PSYoungGen: 97728K->416K(117376K)] 372974K->275726K(804352K), 0.0126890 secs] [Times: user=0.08 sys=0.01, real=0.01 secs] 
2014-07-28T17:50:43.064+0000: 3407.277: [GC [PSYoungGen: 117344K->320K(140672K)] 392654K->275710K(827648K), 0.0077930 secs] [Times: user=0.05 sys=0.00, real=0.01 secs] 
2014-07-28T17:50:44.061+0000: 3408.275: [GC [PSYoungGen: 140672K->416K(138368K)] 416062K->275902K(825344K), 0.0044080 secs] [Times: user=0.02 sys=0.00, real=0.00 secs] 
2014-07-28T17:50:45.046+0000: 3409.260: [GC [PSYoungGen: 138336K->288K(135872K)] 413822K->275830K(822848K), 0.0054990 secs] [Times: user=0.03 sys=0.00, real=0.01 secs] 
2014-07-28T17:50:46.014+0000: 3410.228: [GC [PSYoungGen: 135840K->224K(133504K)] 411382K->275822K(820480K), 0.0033360 secs] [Times: user=0.01 sys=0.00, real=0.00 secs] 
2014-07-28T17:50:46.963+0000: 3411.177: [GC [PSYoungGen: 133472K->224K(131264K)] 409070K->275870K(818240K), 0.0029360 secs] [Times: user=0.02 sys=0.00, real=0.00 secs] 
2014-07-28T17:50:47.898+0000: 3412.112: [GC [PSYoungGen: 131232K->224K(129088K)] 406878K->275902K(816064K), 0.0102160 secs] [Times: user=0.04 sys=0.01, real=0.01 secs] 
2014-07-28T17:50:48.817+0000: 3413.030: [GC [PSYoungGen: 129046K->320K(127040K)] 404724K->276006K(814016K), 0.0047880 secs] [Times: user=0.03 sys=0.00, real=0.01 secs] 
2014-07-28T17:50:49.725+0000: 3413.938: [GC [PSYoungGen: 127040K->466K(125184K)] 402726K->276200K(812160K), 0.0058040 secs] [Times: user=0.04 sys=0.00, real=0.01 secs] 
2014-07-28T17:50:50.617+0000: 3414.830: [GC [PSYoungGen: 125138K->256K(122944K)] 400872K->276038K(809920K), 0.0058340 secs] [Times: user=0.03 sys=0.01, real=0.01 secs] 
2014-07-28T17:50:51.491+0000: 3415.704: [GC [PSYoungGen: 122944K->256K(121024K)] 398726K->276086K(808000K), 0.0061360 secs] [Times: user=0.04 sys=0.00, real=0.00 secs] 
2014-07-28T17:50:52.352+0000: 3416.566: [GC [PSYoungGen: 121024K->384K(119232K)] 396854K->276286K(806208K), 0.0041660 secs] [Times: user=0.02 sys=0.00, real=0.00 secs] 
2014-07-28T17:50:53.202+0000: 3417.416: [GC [PSYoungGen: 119232K->320K(117312K)] 395134K->276286K(804288K), 0.0145470 secs] [Times: user=0.11 sys=0.00, real=0.01 secs] 
2014-07-28T17:50:54.031+0000: 3418.245: [GC [PSYoungGen: 117312K->384K(115584K)] 393278K->276430K(802560K), 0.0080760 secs] [Times: user=0.05 sys=0.00, real=0.01 secs] 
2014-07-28T17:50:54.851+0000: 3419.065: [GC [PSYoungGen: 115584K->320K(113792K)] 391630K->276430K(800768K), 0.0056400 secs] [Times: user=0.04 sys=0.00, real=0.00 secs] 
2014-07-28T17:50:55.663+0000: 3419.877: [GC [PSYoungGen: 113792K->256K(112000K)] 389902K->276374K(798976K), 0.0040340 secs] [Times: user=0.02 sys=0.00, real=0.00 secs] 
2014-07-28T17:50:56.459+0000: 3420.673: [GC [PSYoungGen: 112000K->256K(110336K)] 388118K->276422K(797312K), 0.0028260 secs] [Times: user=0.01 sys=0.00, real=0.00 secs] 
2014-07-28T17:50:57.240+0000: 3421.454: [GC [PSYoungGen: 110336K->480K(108992K)] 386502K->276734K(795968K), 0.0045030 secs] [Times: user=0.03 sys=0.01, real=0.00 secs] 
2014-07-28T17:50:58.009+0000: 3422.223: [GC [PSYoungGen: 108960K->384K(107264K)] 385214K->276734K(794240K), 0.0063960 secs] [Times: user=0.04 sys=0.00, real=0.01 secs] 
2014-07-28T17:50:58.773+0000: 3422.987: [GC [PSYoungGen: 107264K->320K(105664K)] 383614K->276750K(792640K), 0.0027310 secs] [Times: user=0.02 sys=0.00, real=0.00 secs] 
2014-07-28T17:50:59.527+0000: 3423.740: [GC [PSYoungGen: 105664K->288K(104192K)] 382094K->276734K(791168K), 0.0042440 secs] [Times: user=0.02 sys=0.00, real=0.01 secs] 
2014-07-28T17:51:00.269+0000: 3424.483: [GC [PSYoungGen: 104160K->288K(102720K)] 380606K->276790K(789696K), 0.0050600 secs] [Times: user=0.04 sys=0.00, real=0.01 secs] 
2014-07-28T17:51:01.001+0000: 3425.214: [GC [PSYoungGen: 102688K->288K(101312K)] 379190K->276862K(788288K), 0.0068740 secs] [Times: user=0.05 sys=0.00, real=0.00 secs] 
2014-07-28T17:51:01.721+0000: 3425.935: [GC [PSYoungGen: 101261K->416K(100032K)] 377835K->277070K(787008K), 0.0056090 secs] [Times: user=0.04 sys=0.00, real=0.00 secs] 
2014-07-28T17:51:02.431+0000: 3426.645: [GC [PSYoungGen: 100000K->288K(98560K)] 376654K->276966K(785536K), 0.0071400 secs] [Times: user=0.04 sys=0.00, real=0.00 secs] 
2014-07-28T17:51:03.133+0000: 3427.347: [GC [PSYoungGen: 98528K->306K(97216K)] 375206K->277080K(784192K), 0.0056120 secs] [Times: user=0.03 sys=0.00, real=0.00 secs] 
2014-07-28T17:51:03.821+0000: 3428.035: [GC [PSYoungGen: 97202K->384K(96000K)] 373976K->277246K(782976K), 0.0069410 secs] [Times: user=0.04 sys=0.00, real=0.00 secs] 
2014-07-28T17:51:04.503+0000: 3428.716: [GC [PSYoungGen: 96000K->256K(115008K)] 372862K->277118K(801984K), 0.0108210 secs] [Times: user=0.08 sys=0.01, real=0.01 secs] 
2014-07-28T17:51:05.321+0000: 3429.535: [GC [PSYoungGen: 115008K->384K(138112K)] 391870K->277318K(825088K), 0.0106280 secs] [Times: user=0.06 sys=0.00, real=0.01 secs] 
2014-07-28T17:51:06.315+0000: 3430.528: [GC [PSYoungGen: 138112K->448K(152384K)] 415046K->277486K(839360K), 0.0084060 secs] [Times: user=0.05 sys=0.00, real=0.01 secs] 
2014-07-28T17:51:07.401+0000: 3431.615: [GC [PSYoungGen: 152384K->288K(149440K)] 429422K->277382K(836416K), 0.0029250 secs] [Times: user=0.01 sys=0.00, real=0.00 secs] 
2014-07-28T17:51:08.463+0000: 3432.677: [GC [PSYoungGen: 149385K->320K(146752K)] 426480K->277526K(833728K), 0.0086670 secs] [Times: user=0.07 sys=0.00, real=0.01 secs] 
2014-07-28T17:51:09.511+0000: 3433.725: [GC [PSYoungGen: 146752K->352K(144192K)] 423958K->277614K(831168K), 0.0066360 secs] [Times: user=0.04 sys=0.00, real=0.00 secs] 
2014-07-28T17:51:10.539+0000: 3434.753: [GC [PSYoungGen: 144129K->224K(141504K)] 421391K->277534K(828480K), 0.0054970 secs] [Times: user=0.03 sys=0.00, real=0.01 secs] 
2014-07-28T17:51:11.547+0000: 3435.760: [GC [PSYoungGen: 141472K->320K(139072K)] 418782K->277694K(826048K), 0.0093340 secs] [Times: user=0.06 sys=0.00, real=0.01 secs] 
2014-07-28T17:51:12.538+0000: 3436.751: [GC [PSYoungGen: 139034K->416K(136832K)] 416409K->277846K(823808K), 0.0058090 secs] [Times: user=0.03 sys=0.00, real=0.01 secs] 
2014-07-28T17:51:13.511+0000: 3437.725: [GC [PSYoungGen: 136800K->288K(134400K)] 414230K->277782K(821376K), 0.0061590 secs] [Times: user=0.04 sys=0.00, real=0.01 secs] 
2014-07-28T17:51:14.465+0000: 3438.679: [GC [PSYoungGen: 134368K->434K(132288K)] 411862K->278064K(819264K), 0.0070720 secs] [Times: user=0.04 sys=0.00, real=0.01 secs] 
2014-07-28T17:51:15.404+0000: 3439.617: [GC [PSYoungGen: 132274K->352K(130048K)] 409904K->278030K(817024K), 0.0082720 secs] [Times: user=0.05 sys=0.00, real=0.01 secs] 
2014-07-28T17:51:16.329+0000: 3440.543: [GC [PSYoungGen: 130016K->448K(128000K)] 407694K->278190K(814976K), 0.0044070 secs] [Times: user=0.03 sys=0.00, real=0.01 secs] 
2014-07-28T17:51:17.244+0000: 3441.457: [GC [PSYoungGen: 128000K->384K(125888K)] 405742K->278206K(812864K), 0.0045000 secs] [Times: user=0.03 sys=0.00, real=0.00 secs] 
2014-07-28T17:51:18.144+0000: 3442.358: [GC [PSYoungGen: 125888K->384K(123840K)] 403710K->278310K(810816K), 0.0086620 secs] [Times: user=0.05 sys=0.01, real=0.00 secs] 
2014-07-28T17:51:19.024+0000: 3443.237: [GC [PSYoungGen: 123840K->288K(121792K)] 401766K->278254K(808768K), 0.0100240 secs] [Times: user=0.03 sys=0.00, real=0.01 secs] 
2014-07-28T17:51:19.892+0000: 3444.106: [GC [PSYoungGen: 121727K->288K(119872K)] 399693K->278302K(806848K), 0.0086550 secs] [Times: user=0.06 sys=0.00, real=0.01 secs] 
2014-07-28T17:51:20.744+0000: 3444.957: [GC [PSYoungGen: 119825K->352K(118080K)] 397840K->278398K(805056K), 0.0072060 secs] [Times: user=0.05 sys=0.00, real=0.00 secs] 
2014-07-28T17:51:21.584+0000: 3445.798: [GC [PSYoungGen: 118048K->288K(116224K)] 396094K->278374K(803200K), 0.0092900 secs] [Times: user=0.06 sys=0.00, real=0.01 secs] 
2014-07-28T17:51:22.411+0000: 3446.625: [GC [PSYoungGen: 116192K->434K(139584K)] 394278K->278608K(826560K), 0.0150690 secs] [Times: user=0.09 sys=0.01, real=0.02 secs] 
2014-07-28T17:51:23.407+0000: 3447.621: [GC [PSYoungGen: 139570K->320K(148672K)] 417744K->278542K(835648K), 0.0069600 secs] [Times: user=0.04 sys=0.00, real=0.01 secs] 
2014-07-28T17:51:24.465+0000: 3448.679: [GC [PSYoungGen: 148544K->338K(145920K)] 426766K->278616K(832896K), 0.0081230 secs] [Times: user=0.05 sys=0.00, real=0.00 secs] 
2014-07-28T17:51:25.507+0000: 3449.720: [GC [PSYoungGen: 145874K->256K(143168K)] 424152K->278622K(830144K), 0.0039250 secs] [Times: user=0.02 sys=0.00, real=0.00 secs] 
2014-07-28T17:51:26.525+0000: 3450.739: [GC [PSYoungGen: 143168K->384K(140800K)] 421534K->278830K(827776K), 0.0085170 secs] [Times: user=0.06 sys=0.00, real=0.00 secs] 
2014-07-28T17:51:27.532+0000: 3451.746: [GC [PSYoungGen: 140800K->288K(138304K)] 419246K->278798K(825280K), 0.0048110 secs] [Times: user=0.03 sys=0.01, real=0.01 secs] 
2014-07-28T17:51:28.517+0000: 3452.731: [GC [PSYoungGen: 138224K->224K(135872K)] 416734K->278782K(822848K), 0.0032110 secs] [Times: user=0.02 sys=0.01, real=0.00 secs] 
2014-07-28T17:51:29.484+0000: 3453.698: [GC [PSYoungGen: 135801K->434K(133760K)] 414359K->279040K(820736K), 0.0049470 secs] [Times: user=0.03 sys=0.00, real=0.00 secs] 
2014-07-28T17:51:30.436+0000: 3454.650: [GC [PSYoungGen: 133746K->224K(131328K)] 412352K->278886K(818304K), 0.0081580 secs] [Times: user=0.05 sys=0.00, real=0.01 secs] 
2014-07-28T17:51:31.373+0000: 3455.587: [GC [PSYoungGen: 131296K->416K(129344K)] 409958K->279134K(816320K), 0.0119600 secs] [Times: user=0.07 sys=0.00, real=0.02 secs] 
2014-07-28T17:51:32.291+0000: 3456.505: [GC [PSYoungGen: 129312K->224K(127040K)] 408030K->278974K(814016K), 0.0144760 secs] [Times: user=0.09 sys=0.01, real=0.02 secs] 
2014-07-28T17:51:33.204+0000: 3457.418: [GC [PSYoungGen: 127000K->416K(125184K)] 405751K->279246K(812160K), 0.0061330 secs] [Times: user=0.04 sys=0.00, real=0.01 secs] 
2014-07-28T17:51:34.097+0000: 3458.310: [GC [PSYoungGen: 125152K->288K(123072K)] 403982K->279182K(810048K), 0.0086890 secs] [Times: user=0.04 sys=0.00, real=0.01 secs] 
2014-07-28T17:51:34.976+0000: 3459.190: [GC [PSYoungGen: 123040K->448K(121280K)] 401934K->279414K(808256K), 0.0054830 secs] [Times: user=0.04 sys=0.00, real=0.00 secs] 
2014-07-28T17:51:35.837+0000: 3460.050: [GC [PSYoungGen: 121280K->416K(119360K)] 400246K->279486K(806336K), 0.0052920 secs] [Times: user=0.02 sys=0.00, real=0.00 secs] 
2014-07-28T17:51:36.684+0000: 3460.898: [GC [PSYoungGen: 119328K->320K(117376K)] 398398K->279438K(804352K), 0.0068650 secs] [Times: user=0.04 sys=0.01, real=0.01 secs] 
2014-07-28T17:51:37.520+0000: 3461.734: [GC [PSYoungGen: 117376K->356K(115648K)] 396494K->279522K(802624K), 0.0057920 secs] [Times: user=0.03 sys=0.00, real=0.01 secs] 
2014-07-28T17:51:38.342+0000: 3462.556: [GC [PSYoungGen: 115620K->320K(113856K)] 394786K->279558K(800832K), 0.0081440 secs] [Times: user=0.06 sys=0.00, real=0.01 secs] 
2014-07-28T17:51:39.151+0000: 3463.365: [GC [PSYoungGen: 113856K->256K(112064K)] 393094K->279550K(799040K), 0.0053220 secs] [Times: user=0.02 sys=0.00, real=0.01 secs] 
2014-07-28T17:51:39.948+0000: 3464.161: [GC [PSYoungGen: 112021K->530K(110720K)] 391316K->279896K(797696K), 0.0058060 secs] [Times: user=0.04 sys=0.00, real=0.00 secs] 
2014-07-28T17:51:40.735+0000: 3464.948: [GC [PSYoungGen: 110674K->224K(108800K)] 390040K->279646K(795776K), 0.0061180 secs] [Times: user=0.04 sys=0.00, real=0.01 secs] 
2014-07-28T17:51:41.512+0000: 3465.726: [GC [PSYoungGen: 108768K->256K(107200K)] 388190K->279726K(794176K), 0.0046720 secs] [Times: user=0.02 sys=0.00, real=0.01 secs] 
2014-07-28T17:51:42.273+0000: 3466.486: [GC [PSYoungGen: 107200K->352K(105792K)] 386670K->279894K(792768K), 0.0064890 secs] [Times: user=0.04 sys=0.00, real=0.01 secs] 
2014-07-28T17:51:43.026+0000: 3467.240: [GC [PSYoungGen: 105760K->352K(104320K)] 385302K->279958K(791296K), 0.0050320 secs] [Times: user=0.03 sys=0.00, real=0.00 secs] 
2014-07-28T17:51:43.771+0000: 3467.984: [GC [PSYoungGen: 104288K->448K(102912K)] 383894K->280134K(789888K), 0.0087860 secs] [Times: user=0.06 sys=0.01, real=0.01 secs] 
2014-07-28T17:51:44.504+0000: 3468.718: [GC [PSYoungGen: 102912K->320K(101376K)] 382598K->280014K(788352K), 0.0071080 secs] [Times: user=0.04 sys=0.00, real=0.01 secs] 
2014-07-28T17:51:45.229+0000: 3469.443: [GC [PSYoungGen: 101376K->416K(100096K)] 381070K->280174K(787072K), 0.0042420 secs] [Times: user=0.02 sys=0.01, real=0.00 secs] 
2014-07-28T17:51:45.944+0000: 3470.158: [GC [PSYoungGen: 100030K->448K(98752K)] 379789K->280294K(785728K), 0.0087460 secs] [Times: user=0.05 sys=0.01, real=0.01 secs] 
2014-07-28T17:51:46.645+0000: 3470.858: [GC [PSYoungGen: 98752K->288K(97280K)] 378598K->280190K(784256K), 0.0061120 secs] [Times: user=0.04 sys=0.00, real=0.01 secs] 
2014-07-28T17:51:47.337+0000: 3471.551: [GC [PSYoungGen: 97248K->448K(96128K)] 377150K->280446K(783104K), 0.0037000 secs] [Times: user=0.03 sys=0.00, real=0.00 secs] 
2014-07-28T17:51:48.021+0000: 3472.235: [GC [PSYoungGen: 96109K->356K(94784K)] 376108K->280418K(781760K), 0.0095420 secs] [Times: user=0.06 sys=0.00, real=0.01 secs] 
2014-07-28T17:51:48.694+0000: 3472.908: [GC [PSYoungGen: 94756K->448K(93632K)] 374818K->280598K(780608K), 0.0043770 secs] [Times: user=0.03 sys=0.01, real=0.01 secs] 
2014-07-28T17:51:49.355+0000: 3473.569: [GC [PSYoungGen: 93632K->256K(112128K)] 373782K->280406K(799104K), 0.0103080 secs] [Times: user=0.06 sys=0.00, real=0.01 secs] 
2014-07-28T17:51:50.155+0000: 3474.368: [GC [PSYoungGen: 112128K->256K(134528K)] 392278K->280446K(821504K), 0.0074880 secs] [Times: user=0.05 sys=0.00, real=0.01 secs] 
2014-07-28T17:51:51.113+0000: 3475.327: [GC [PSYoungGen: 134528K->416K(132480K)] 414718K->280678K(819456K), 0.0090280 secs] [Times: user=0.05 sys=0.00, real=0.01 secs] 
2014-07-28T17:51:52.057+0000: 3476.271: [GC [PSYoungGen: 132448K->320K(130176K)] 412710K->280646K(817152K), 0.0046790 secs] [Times: user=0.03 sys=0.00, real=0.01 secs] 
2014-07-28T17:51:52.985+0000: 3477.199: [GC [PSYoungGen: 130174K->224K(128000K)] 410501K->280606K(814976K), 0.0045890 secs] [Times: user=0.03 sys=0.01, real=0.01 secs] 
2014-07-28T17:51:53.900+0000: 3478.114: [GC [PSYoungGen: 127968K->192K(125824K)] 408350K->280622K(812800K), 0.0105410 secs] [Times: user=0.07 sys=0.00, real=0.01 secs] 
2014-07-28T17:51:54.798+0000: 3479.012: [GC [PSYoungGen: 125824K->448K(124032K)] 406254K->280886K(811008K), 0.0060690 secs] [Times: user=0.04 sys=0.00, real=0.01 secs] 
2014-07-28T17:51:55.676+0000: 3479.890: [GC [PSYoungGen: 124032K->352K(121984K)] 404470K->280854K(808960K), 0.0058560 secs] [Times: user=0.03 sys=0.00, real=0.01 secs] 
2014-07-28T17:51:56.544+0000: 3480.758: [GC [PSYoungGen: 121952K->448K(120128K)] 402454K->281046K(807104K), 0.0080060 secs] [Times: user=0.05 sys=0.00, real=0.01 secs] 
2014-07-28T17:51:57.397+0000: 3481.611: [GC [PSYoungGen: 120128K->384K(118208K)] 400726K->281078K(805184K), 0.0059050 secs] [Times: user=0.03 sys=0.00, real=0.01 secs] 
2014-07-28T17:51:58.239+0000: 3482.452: [GC [PSYoungGen: 118208K->448K(116480K)] 398902K->281238K(803456K), 0.0079880 secs] [Times: user=0.06 sys=0.00, real=0.01 secs] 
2014-07-28T17:51:59.065+0000: 3483.279: [GC [PSYoungGen: 116480K->224K(114496K)] 397270K->281054K(801472K), 0.0047570 secs] [Times: user=0.03 sys=0.01, real=0.01 secs] 
2014-07-28T17:51:59.881+0000: 3484.095: [GC [PSYoungGen: 114464K->224K(112768K)] 395294K->281118K(799744K), 0.0047520 secs] [Times: user=0.03 sys=0.00, real=0.00 secs] 
2014-07-28T17:52:00.685+0000: 3484.899: [GC [PSYoungGen: 112736K->224K(111104K)] 393630K->281126K(798080K), 0.0122470 secs] [Times: user=0.07 sys=0.00, real=0.01 secs] 
2014-07-28T17:52:01.478+0000: 3485.692: [GC [PSYoungGen: 111072K->224K(109440K)] 391974K->281182K(796416K), 0.0047890 secs] [Times: user=0.03 sys=0.00, real=0.01 secs] 
2014-07-28T17:52:02.261+0000: 3486.475: [GC [PSYoungGen: 109408K->370K(107968K)] 390366K->281400K(794944K), 0.0084310 secs] [Times: user=0.05 sys=0.00, real=0.01 secs] 
2014-07-28T17:52:03.028+0000: 3487.242: [GC [PSYoungGen: 107953K->288K(106368K)] 388983K->281382K(793344K), 0.0056960 secs] [Times: user=0.03 sys=0.00, real=0.01 secs] 
2014-07-28T17:52:03.783+0000: 3487.996: [GC [PSYoungGen: 106336K->352K(104896K)] 387430K->281494K(791872K), 0.0065890 secs] [Times: user=0.04 sys=0.00, real=0.01 secs] 
2014-07-28T17:52:04.527+0000: 3488.741: [GC [PSYoungGen: 104848K->256K(103296K)] 385990K->281430K(790272K), 0.0081130 secs] [Times: user=0.05 sys=0.01, real=0.01 secs] 
2014-07-28T17:52:05.260+0000: 3489.474: [GC [PSYoungGen: 103296K->370K(124032K)] 384470K->281616K(811008K), 0.0099500 secs] [Times: user=0.07 sys=0.00, real=0.01 secs] 
2014-07-28T17:52:06.139+0000: 3490.353: [GC [PSYoungGen: 124018K->384K(122048K)] 405264K->281710K(809024K), 0.0046120 secs] [Times: user=0.02 sys=0.00, real=0.01 secs] 
2014-07-28T17:52:07.003+0000: 3491.217: [GC [PSYoungGen: 122048K->192K(119936K)] 403374K->281542K(806912K), 0.0041040 secs] [Times: user=0.01 sys=0.00, real=0.00 secs] 
2014-07-28T17:52:07.861+0000: 3492.075: [GC [PSYoungGen: 119936K->320K(118208K)] 401286K->281742K(805184K), 0.0076300 secs] [Times: user=0.04 sys=0.00, real=0.00 secs] 
2014-07-28T17:52:08.701+0000: 3492.915: [GC [PSYoungGen: 118208K->256K(116352K)] 399630K->281694K(803328K), 0.0064030 secs] [Times: user=0.03 sys=0.01, real=0.00 secs] 
2014-07-28T17:52:09.534+0000: 3493.748: [GC [PSYoungGen: 116352K->384K(114688K)] 397790K->281878K(801664K), 0.0081020 secs] [Times: user=0.05 sys=0.00, real=0.01 secs] 
2014-07-28T17:52:10.352+0000: 3494.566: [GC [PSYoungGen: 114688K->480K(113088K)] 396182K->282070K(800064K), 0.0045540 secs] [Times: user=0.02 sys=0.00, real=0.00 secs] 
2014-07-28T17:52:11.160+0000: 3495.374: [GC [PSYoungGen: 113056K->224K(111168K)] 394646K->281862K(798144K), 0.0104350 secs] [Times: user=0.06 sys=0.00, real=0.02 secs] 
2014-07-28T17:52:11.954+0000: 3496.168: [GC [PSYoungGen: 111136K->352K(109632K)] 392774K->282038K(796608K), 0.0078240 secs] [Times: user=0.04 sys=0.00, real=0.01 secs] 
2014-07-28T17:52:12.725+0000: 3496.939: [GC [PSYoungGen: 109577K->352K(108032K)] 391263K->282110K(795008K), 0.0048720 secs] [Times: user=0.03 sys=0.00, real=0.00 secs] 
2014-07-28T17:52:13.500+0000: 3497.714: [GC [PSYoungGen: 108000K->448K(106560K)] 389758K->282278K(793536K), 0.0051410 secs] [Times: user=0.03 sys=0.00, real=0.01 secs] 
2014-07-28T17:52:14.255+0000: 3498.469: [GC [PSYoungGen: 106560K->288K(104896K)] 388390K->282190K(791872K), 0.0045040 secs] [Times: user=0.03 sys=0.00, real=0.00 secs] 
2014-07-28T17:52:15.002+0000: 3499.216: [GC [PSYoungGen: 104844K->434K(103552K)] 386746K->282376K(790528K), 0.0083710 secs] [Times: user=0.04 sys=0.00, real=0.00 secs] 
2014-07-28T17:52:15.741+0000: 3499.955: [GC [PSYoungGen: 103538K->320K(101952K)] 385480K->282318K(788928K), 0.0077260 secs] [Times: user=0.05 sys=0.00, real=0.00 secs] 
2014-07-28T17:52:16.466+0000: 3500.679: [GC [PSYoungGen: 101952K->416K(122432K)] 383950K->282446K(809408K), 0.0101990 secs] [Times: user=0.07 sys=0.01, real=0.01 secs] 
2014-07-28T17:52:17.336+0000: 3501.549: [GC [PSYoungGen: 122385K->370K(120448K)] 404416K->282448K(807424K), 0.0047990 secs] [Times: user=0.02 sys=0.01, real=0.00 secs] 
2014-07-28T17:52:18.195+0000: 3502.409: [GC [PSYoungGen: 120433K->384K(118592K)] 402511K->282542K(805568K), 0.0101250 secs] [Times: user=0.07 sys=0.00, real=0.01 secs] 
2014-07-28T17:52:19.039+0000: 3503.253: [GC [PSYoungGen: 118592K->466K(116864K)] 400750K->282720K(803840K), 0.0084470 secs] [Times: user=0.06 sys=0.00, real=0.01 secs] 
2014-07-28T17:52:19.870+0000: 3504.084: [GC [PSYoungGen: 116818K->320K(114880K)] 399072K->282718K(801856K), 0.0077640 secs] [Times: user=0.04 sys=0.00, real=0.01 secs] 
2014-07-28T17:52:20.687+0000: 3504.901: [GC [PSYoungGen: 114879K->288K(113152K)] 397277K->282718K(800128K), 0.0049910 secs] [Times: user=0.02 sys=0.00, real=0.01 secs] 
2014-07-28T17:52:21.496+0000: 3505.709: [GC [PSYoungGen: 113120K->288K(133568K)] 395550K->282782K(820544K), 0.0120560 secs] [Times: user=0.08 sys=0.00, real=0.01 secs] 
2014-07-28T17:52:22.446+0000: 3506.659: [GC [PSYoungGen: 133280K->384K(133568K)] 415774K->282958K(820544K), 0.0140710 secs] [Times: user=0.10 sys=0.00, real=0.01 secs] 
2014-07-28T17:52:23.393+0000: 3507.606: [GC [PSYoungGen: 133376K->416K(160192K)] 415950K->283062K(847168K), 0.0079140 secs] [Times: user=0.04 sys=0.00, real=0.00 secs] 
2014-07-28T17:52:24.540+0000: 3508.753: [GC [PSYoungGen: 160032K->352K(156992K)] 442678K->283070K(843968K), 0.0070860 secs] [Times: user=0.04 sys=0.00, real=0.01 secs] 
2014-07-28T17:52:25.665+0000: 3509.878: [GC [PSYoungGen: 156960K->256K(153920K)] 439678K->283046K(840896K), 0.0091150 secs] [Times: user=0.05 sys=0.00, real=0.01 secs] 
2014-07-28T17:52:26.759+0000: 3510.973: [GC [PSYoungGen: 153920K->320K(151168K)] 436710K->283166K(838144K), 0.0049680 secs] [Times: user=0.03 sys=0.00, real=0.01 secs] 
2014-07-28T17:52:27.837+0000: 3512.050: [GC [PSYoungGen: 151168K->338K(148480K)] 434014K->283232K(835456K), 0.0052960 secs] [Times: user=0.03 sys=0.00, real=0.00 secs] 
2014-07-28T17:52:28.896+0000: 3513.110: [GC [PSYoungGen: 148434K->320K(145728K)] 431328K->283278K(832704K), 0.0049170 secs] [Times: user=0.02 sys=0.00, real=0.00 secs] 
2014-07-28T17:52:29.941+0000: 3514.155: [GC [PSYoungGen: 145728K->384K(143232K)] 428686K->283422K(830208K), 0.0062340 secs] [Times: user=0.04 sys=0.00, real=0.01 secs] 
2014-07-28T17:52:30.961+0000: 3515.175: [GC [PSYoungGen: 143232K->352K(140736K)] 426270K->283462K(827712K), 0.0103410 secs] [Times: user=0.07 sys=0.01, real=0.01 secs] 
2014-07-28T17:52:31.966+0000: 3516.180: [GC [PSYoungGen: 140704K->192K(138112K)] 423814K->283342K(825088K), 0.0052490 secs] [Times: user=0.02 sys=0.00, real=0.00 secs] 
2014-07-28T17:52:32.951+0000: 3517.165: [GC [PSYoungGen: 138112K->384K(135936K)] 421262K->283630K(822912K), 0.0069150 secs] [Times: user=0.04 sys=0.00, real=0.01 secs] 
2014-07-28T17:52:33.919+0000: 3518.133: [GC [PSYoungGen: 135936K->352K(133632K)] 419182K->283670K(820608K), 0.0060920 secs] [Times: user=0.03 sys=0.00, real=0.01 secs] 
2014-07-28T17:52:34.870+0000: 3519.084: [GC [PSYoungGen: 133600K->224K(131264K)] 416918K->283590K(818240K), 0.0138990 secs] [Times: user=0.10 sys=0.00, real=0.02 secs] 
2014-07-28T17:52:35.803+0000: 3520.016: [GC [PSYoungGen: 131232K->448K(129280K)] 414598K->283894K(816256K), 0.0061990 secs] [Times: user=0.04 sys=0.00, real=0.01 secs] 
2014-07-28T17:52:36.730+0000: 3520.944: [GC [PSYoungGen: 129280K->384K(127104K)] 412726K->283886K(814080K), 0.0073700 secs] [Times: user=0.04 sys=0.00, real=0.01 secs] 
2014-07-28T17:52:37.642+0000: 3521.856: [GC [PSYoungGen: 127075K->352K(125056K)] 410578K->283934K(812032K), 0.0070650 secs] [Times: user=0.05 sys=0.00, real=0.01 secs] 
2014-07-28T17:52:38.531+0000: 3522.745: [GC [PSYoungGen: 125024K->416K(123136K)] 408606K->284062K(810112K), 0.0066760 secs] [Times: user=0.04 sys=0.00, real=0.01 secs] 
2014-07-28T17:52:39.410+0000: 3523.624: [GC [PSYoungGen: 123096K->288K(121088K)] 406742K->283998K(808064K), 0.0047620 secs] [Times: user=0.03 sys=0.01, real=0.00 secs] 
2014-07-28T17:52:40.271+0000: 3524.485: [GC [PSYoungGen: 121056K->352K(119232K)] 404766K->284126K(806208K), 0.0119800 secs] [Times: user=0.08 sys=0.00, real=0.01 secs] 
2014-07-28T17:52:41.120+0000: 3525.334: [GC [PSYoungGen: 119200K->384K(117376K)] 402974K->284214K(804352K), 0.0070600 secs] [Times: user=0.05 sys=0.00, real=0.01 secs] 
2014-07-28T17:52:41.964+0000: 3526.178: [GC [PSYoungGen: 117376K->416K(115648K)] 401206K->284286K(802624K), 0.0058580 secs] [Times: user=0.03 sys=0.00, real=0.01 secs] 
2014-07-28T17:52:42.779+0000: 3526.993: [GC [PSYoungGen: 115578K->256K(113728K)] 399448K->284190K(800704K), 0.0055150 secs] [Times: user=0.03 sys=0.00, real=0.00 secs] 
2014-07-28T17:52:43.587+0000: 3527.801: [GC [PSYoungGen: 113727K->416K(112192K)] 397661K->284430K(799168K), 0.0081630 secs] [Times: user=0.06 sys=0.00, real=0.00 secs] 
2014-07-28T17:52:44.383+0000: 3528.596: [GC [PSYoungGen: 112160K->288K(110400K)] 396174K->284358K(797376K), 0.0080930 secs] [Times: user=0.05 sys=0.00, real=0.01 secs] 
2014-07-28T17:52:45.170+0000: 3529.384: [GC [PSYoungGen: 110368K->274K(132416K)] 394438K->284392K(819392K), 0.0131860 secs] [Times: user=0.09 sys=0.00, real=0.01 secs] 
2014-07-28T17:52:46.113+0000: 3530.327: [GC [PSYoungGen: 132370K->384K(130304K)] 416488K->284574K(817280K), 0.0060040 secs] [Times: user=0.04 sys=0.00, real=0.01 secs] 
2014-07-28T17:52:47.039+0000: 3531.253: [GC [PSYoungGen: 130304K->448K(128192K)] 414494K->284710K(815168K), 0.0061100 secs] [Times: user=0.04 sys=0.00, real=0.00 secs] 
2014-07-28T17:52:47.948+0000: 3532.162: [GC [PSYoungGen: 128192K->256K(125888K)] 412454K->284590K(812864K), 0.0111660 secs] [Times: user=0.07 sys=0.00, real=0.01 secs] 
2014-07-28T17:52:48.850+0000: 3533.064: [GC [PSYoungGen: 125888K->416K(124032K)] 410222K->284814K(811008K), 0.0053190 secs] [Times: user=0.03 sys=0.00, real=0.00 secs] 
2014-07-28T17:52:49.735+0000: 3533.949: [GC [PSYoungGen: 123985K->320K(121920K)] 408383K->284782K(808896K), 0.0088720 secs] [Times: user=0.06 sys=0.00, real=0.01 secs] 
2014-07-28T17:52:50.602+0000: 3534.816: [GC [PSYoungGen: 121920K->352K(120064K)] 406382K->284894K(807040K), 0.0074690 secs] [Times: user=0.05 sys=0.00, real=0.01 secs] 
2014-07-28T17:52:51.456+0000: 3535.669: [GC [PSYoungGen: 120032K->352K(118208K)] 404574K->284966K(805184K), 0.0113700 secs] [Times: user=0.06 sys=0.00, real=0.02 secs] 
2014-07-28T17:52:52.297+0000: 3536.511: [GC [PSYoungGen: 118131K->384K(116416K)] 402745K->285078K(803392K), 0.0058260 secs] [Times: user=0.04 sys=0.00, real=0.00 secs] 
2014-07-28T17:52:53.126+0000: 3537.340: [GC [PSYoungGen: 116416K->320K(114560K)] 401110K->285070K(801536K), 0.0101610 secs] [Times: user=0.07 sys=0.01, real=0.01 secs] 
2014-07-28T17:52:53.943+0000: 3538.157: [GC [PSYoungGen: 114560K->384K(112896K)] 399310K->285230K(799872K), 0.0055590 secs] [Times: user=0.04 sys=0.00, real=0.01 secs] 
2014-07-28T17:52:54.748+0000: 3538.961: [GC [PSYoungGen: 112896K->384K(111232K)] 397742K->285310K(798208K), 0.0083800 secs] [Times: user=0.06 sys=0.01, real=0.00 secs] 
2014-07-28T17:52:55.539+0000: 3539.753: [GC [PSYoungGen: 111232K->498K(109696K)] 396158K->285496K(796672K), 0.0077230 secs] [Times: user=0.05 sys=0.01, real=0.01 secs] 
2014-07-28T17:52:56.318+0000: 3540.532: [GC [PSYoungGen: 109682K->192K(107776K)] 394680K->285262K(794752K), 0.0045280 secs] [Times: user=0.03 sys=0.00, real=0.00 secs] 
2014-07-28T17:52:57.084+0000: 3541.298: [GC [PSYoungGen: 107776K->224K(129408K)] 392846K->285334K(816384K), 0.0156050 secs] [Times: user=0.10 sys=0.00, real=0.02 secs] 
2014-07-28T17:52:58.005+0000: 3542.219: [GC [PSYoungGen: 129376K->224K(153536K)] 414486K->285382K(840512K), 0.0081660 secs] [Times: user=0.05 sys=0.00, real=0.01 secs] 
2014-07-28T17:52:59.102+0000: 3543.315: [GC [PSYoungGen: 153184K->480K(150656K)] 438342K->285718K(837632K), 0.0068290 secs] [Times: user=0.05 sys=0.00, real=0.01 secs] 
2014-07-28T17:53:00.169+0000: 3544.383: [GC [PSYoungGen: 150624K->128K(147520K)] 435862K->285486K(834496K), 0.0039830 secs] [Times: user=0.02 sys=0.00, real=0.00 secs] 
2014-07-28T17:53:01.222+0000: 3545.436: [GC [PSYoungGen: 147520K->484K(145280K)] 432878K->285914K(832256K), 0.0049480 secs] [Times: user=0.03 sys=0.00, real=0.00 secs] 
2014-07-28T17:53:02.254+0000: 3546.468: [GC [PSYoungGen: 145252K->288K(142528K)] 430682K->285882K(829504K), 0.0045400 secs] [Times: user=0.03 sys=0.01, real=0.01 secs] 
2014-07-28T17:53:03.265+0000: 3547.478: [GC [PSYoungGen: 142496K->416K(140160K)] 428090K->286074K(827136K), 0.0054930 secs] [Times: user=0.03 sys=0.00, real=0.01 secs] 
2014-07-28T17:53:04.262+0000: 3548.476: [GC [PSYoungGen: 140128K->256K(137536K)] 425786K->285970K(824512K), 0.0052410 secs] [Times: user=0.03 sys=0.00, real=0.00 secs] 
2014-07-28T17:53:05.243+0000: 3549.457: [GC [PSYoungGen: 137535K->288K(135232K)] 423250K->286066K(822208K), 0.0049570 secs] [Times: user=0.03 sys=0.00, real=0.00 secs] 
2014-07-28T17:53:06.204+0000: 3550.418: [GC [PSYoungGen: 135200K->384K(132992K)] 420978K->286258K(819968K), 0.0045870 secs] [Times: user=0.02 sys=0.00, real=0.00 secs] 
2014-07-28T17:53:07.154+0000: 3551.367: [GC [PSYoungGen: 132992K->352K(130752K)] 418866K->286306K(817728K), 0.0107950 secs] [Times: user=0.08 sys=0.00, real=0.01 secs] 
2014-07-28T17:53:08.088+0000: 3552.302: [GC [PSYoungGen: 130720K->384K(128576K)] 416674K->286410K(815552K), 0.0081630 secs] [Times: user=0.06 sys=0.00, real=0.01 secs] 
2014-07-28T17:53:09.006+0000: 3553.220: [GC [PSYoungGen: 128576K->288K(126400K)] 414602K->286378K(813376K), 0.0048660 secs] [Times: user=0.03 sys=0.00, real=0.01 secs] 
2014-07-28T17:53:09.911+0000: 3554.124: [GC [PSYoungGen: 126368K->306K(124352K)] 412458K->286460K(811328K), 0.0105290 secs] [Times: user=0.07 sys=0.00, real=0.01 secs] 
2014-07-28T17:53:10.790+0000: 3555.004: [GC [PSYoungGen: 124338K->320K(122368K)] 410492K->286490K(809344K), 0.0081590 secs] [Times: user=0.06 sys=0.00, real=0.00 secs] 
2014-07-28T17:53:11.658+0000: 3555.872: [GC [PSYoungGen: 122368K->480K(120640K)] 408538K->286738K(807616K), 0.0053670 secs] [Times: user=0.03 sys=0.01, real=0.01 secs] 
2014-07-28T17:53:12.519+0000: 3556.733: [GC [PSYoungGen: 120563K->352K(118656K)] 406821K->286698K(805632K), 0.0049680 secs] [Times: user=0.03 sys=0.00, real=0.01 secs] 
2014-07-28T17:53:13.359+0000: 3557.572: [GC [PSYoungGen: 118624K->320K(116736K)] 404970K->286754K(803712K), 0.0041720 secs] [Times: user=0.03 sys=0.00, real=0.01 secs] 
2014-07-28T17:53:14.188+0000: 3558.402: [GC [PSYoungGen: 116736K->498K(115136K)] 403170K->287012K(802112K), 0.0057820 secs] [Times: user=0.03 sys=0.00, real=0.01 secs] 
2014-07-28T17:53:15.004+0000: 3559.218: [GC [PSYoungGen: 115122K->352K(113280K)] 401636K->286930K(800256K), 0.0062490 secs] [Times: user=0.04 sys=0.00, real=0.01 secs] 
2014-07-28T17:53:15.817+0000: 3560.031: [GC [PSYoungGen: 113248K->370K(111616K)] 399826K->287012K(798592K), 0.0061570 secs] [Times: user=0.04 sys=0.00, real=0.01 secs] 
2014-07-28T17:53:16.612+0000: 3560.826: [GC [PSYoungGen: 111602K->352K(109952K)] 398244K->287010K(796928K), 0.0063940 secs] [Times: user=0.05 sys=0.00, real=0.00 secs] 
2014-07-28T17:53:17.395+0000: 3561.609: [GC [PSYoungGen: 109920K->224K(108224K)] 396578K->286938K(795200K), 0.0052470 secs] [Times: user=0.03 sys=0.00, real=0.00 secs] 
2014-07-28T17:53:18.169+0000: 3562.383: [GC [PSYoungGen: 108192K->288K(106752K)] 394906K->287058K(793728K), 0.0052050 secs] [Times: user=0.03 sys=0.00, real=0.01 secs] 
2014-07-28T17:53:18.933+0000: 3563.147: [GC [PSYoungGen: 106720K->384K(105280K)] 393490K->287210K(792256K), 0.0061300 secs] [Times: user=0.03 sys=0.01, real=0.00 secs] 
2014-07-28T17:53:19.681+0000: 3563.895: [GC [PSYoungGen: 105280K->320K(103744K)] 392106K->287170K(790720K), 0.0046950 secs] [Times: user=0.03 sys=0.00, real=0.00 secs] 
2014-07-28T17:53:20.419+0000: 3564.633: [GC [PSYoungGen: 103744K->352K(102336K)] 390594K->287274K(789312K), 0.0072520 secs] [Times: user=0.04 sys=0.00, real=0.01 secs] 
2014-07-28T17:53:21.150+0000: 3565.364: [GC [PSYoungGen: 102304K->384K(100928K)] 389226K->287386K(787904K), 0.0065560 secs] [Times: user=0.04 sys=0.01, real=0.01 secs] 
2014-07-28T17:53:21.864+0000: 3566.078: [GC [PSYoungGen: 100928K->320K(99456K)] 387930K->287370K(786432K), 0.0051330 secs] [Times: user=0.02 sys=0.00, real=0.00 secs] 
2014-07-28T17:53:22.574+0000: 3566.788: [GC [PSYoungGen: 99456K->352K(98176K)] 386506K->287434K(785152K), 0.0058020 secs] [Times: user=0.04 sys=0.00, real=0.00 secs] 
2014-07-28T17:53:23.275+0000: 3567.489: [GC [PSYoungGen: 98144K->192K(96640K)] 385226K->287322K(783616K), 0.0052660 secs] [Times: user=0.03 sys=0.01, real=0.00 secs] 
2014-07-28T17:53:23.965+0000: 3568.179: [GC [PSYoungGen: 96640K->498K(95680K)] 383770K->287740K(782656K), 0.0068460 secs] [Times: user=0.05 sys=0.01, real=0.01 secs] 
2014-07-28T17:53:24.647+0000: 3568.861: [GC [PSYoungGen: 95666K->288K(94208K)] 382908K->287586K(781184K), 0.0106020 secs] [Times: user=0.06 sys=0.01, real=0.01 secs] 
2014-07-28T17:53:25.317+0000: 3569.531: [GC [PSYoungGen: 94168K->288K(92992K)] 381467K->287650K(779968K), 0.0055780 secs] [Times: user=0.03 sys=0.00, real=0.01 secs] 
2014-07-28T17:53:25.980+0000: 3570.194: [GC [PSYoungGen: 92960K->448K(111680K)] 380322K->287906K(798656K), 0.0088900 secs] [Times: user=0.05 sys=0.01, real=0.01 secs] 
2014-07-28T17:53:26.776+0000: 3570.990: [GC [PSYoungGen: 111680K->288K(109888K)] 399138K->287794K(796864K), 0.0063890 secs] [Times: user=0.04 sys=0.00, real=0.01 secs] 
2014-07-28T17:53:27.558+0000: 3571.772: [GC [PSYoungGen: 109824K->480K(108480K)] 397331K->288074K(795456K), 0.0046930 secs] [Times: user=0.03 sys=0.01, real=0.01 secs] 
2014-07-28T17:53:28.329+0000: 3572.543: [GC [PSYoungGen: 108448K->256K(106688K)] 396042K->287906K(793664K), 0.0064960 secs] [Times: user=0.04 sys=0.00, real=0.01 secs] 
2014-07-28T17:53:29.093+0000: 3573.307: [GC [PSYoungGen: 106665K->384K(105280K)] 394315K->288114K(792256K), 0.0088910 secs] [Times: user=0.07 sys=0.00, real=0.01 secs] 
2014-07-28T17:53:29.845+0000: 3574.059: [GC [PSYoungGen: 105280K->288K(103744K)] 393010K->288082K(790720K), 0.0049630 secs] [Times: user=0.03 sys=0.00, real=0.00 secs] 
2014-07-28T17:53:30.587+0000: 3574.801: [GC [PSYoungGen: 103712K->384K(102336K)] 391506K->288202K(789312K), 0.0068420 secs] [Times: user=0.04 sys=0.00, real=0.01 secs] 
2014-07-28T17:53:31.315+0000: 3575.529: [GC [PSYoungGen: 102336K->448K(100992K)] 390154K->288354K(787968K), 0.0078140 secs] [Times: user=0.05 sys=0.00, real=0.01 secs] 
2014-07-28T17:53:32.029+0000: 3576.243: [GC [PSYoungGen: 100992K->224K(99392K)] 388898K->288186K(786368K), 0.0083120 secs] [Times: user=0.06 sys=0.00, real=0.01 secs] 
2014-07-28T17:53:32.742+0000: 3576.956: [GC [PSYoungGen: 99360K->320K(98112K)] 387322K->288346K(785088K), 0.0049080 secs] [Times: user=0.02 sys=0.00, real=0.01 secs] 
2014-07-28T17:53:33.441+0000: 3577.655: [GC [PSYoungGen: 98112K->288K(117696K)] 386138K->288322K(804672K), 0.0108050 secs] [Times: user=0.07 sys=0.00, real=0.01 secs] 
2014-07-28T17:53:34.280+0000: 3578.494: [GC [PSYoungGen: 117627K->384K(115968K)] 405662K->288498K(802944K), 0.0061780 secs] [Times: user=0.04 sys=0.00, real=0.01 secs] 
2014-07-28T17:53:35.104+0000: 3579.318: [GC [PSYoungGen: 115968K->352K(114240K)] 404082K->288514K(801216K), 0.0036330 secs] [Times: user=0.02 sys=0.00, real=0.00 secs] 
2014-07-28T17:53:35.920+0000: 3580.133: [GC [PSYoungGen: 114208K->352K(112512K)] 402370K->288594K(799488K), 0.0076040 secs] [Times: user=0.05 sys=0.00, real=0.01 secs] 
2014-07-28T17:53:36.720+0000: 3580.934: [GC [PSYoungGen: 112480K->384K(110848K)] 400722K->288642K(797824K), 0.0068230 secs] [Times: user=0.04 sys=0.00, real=0.01 secs] 
2014-07-28T17:53:37.510+0000: 3581.724: [GC [PSYoungGen: 110847K->320K(109184K)] 399106K->288690K(796160K), 0.0045720 secs] [Times: user=0.03 sys=0.00, real=0.01 secs] 
2014-07-28T17:53:38.290+0000: 3582.503: [GC [PSYoungGen: 109184K->448K(107712K)] 397554K->288882K(794688K), 0.0076120 secs] [Times: user=0.05 sys=0.00, real=0.01 secs] 
2014-07-28T17:53:39.056+0000: 3583.270: [GC [PSYoungGen: 107691K->224K(105984K)] 396126K->288706K(792960K), 0.0096600 secs] [Times: user=0.06 sys=0.00, real=0.01 secs] 
2014-07-28T17:53:39.813+0000: 3584.027: [GC [PSYoungGen: 105952K->352K(104576K)] 394434K->288906K(791552K), 0.0042940 secs] [Times: user=0.02 sys=0.00, real=0.01 secs] 
2014-07-28T17:53:40.555+0000: 3584.769: [GC [PSYoungGen: 104544K->384K(103104K)] 393098K->288954K(790080K), 0.0064140 secs] [Times: user=0.03 sys=0.00, real=0.00 secs] 
2014-07-28T17:53:41.290+0000: 3585.504: [GC [PSYoungGen: 103104K->288K(101632K)] 391674K->288930K(788608K), 0.0085200 secs] [Times: user=0.06 sys=0.01, real=0.01 secs] 
2014-07-28T17:53:42.011+0000: 3586.225: [GC [PSYoungGen: 101600K->448K(100352K)] 390242K->289194K(787328K), 0.0055310 secs] [Times: user=0.03 sys=0.00, real=0.01 secs] 
2014-07-28T17:53:42.726+0000: 3586.939: [GC [PSYoungGen: 100344K->466K(99072K)] 389091K->289268K(786048K), 0.0073470 secs] [Times: user=0.05 sys=0.00, real=0.00 secs] 
2014-07-28T17:53:43.428+0000: 3587.642: [GC [PSYoungGen: 99026K->256K(97472K)] 387828K->289220K(784448K), 0.0057660 secs] [Times: user=0.04 sys=0.00, real=0.00 secs] 
2014-07-28T17:53:44.121+0000: 3588.335: [GC [PSYoungGen: 97472K->448K(96384K)] 386436K->289492K(783360K), 0.0060720 secs] [Times: user=0.04 sys=0.00, real=0.01 secs] 
2014-07-28T17:53:44.805+0000: 3589.019: [GC [PSYoungGen: 96384K->320K(94976K)] 385428K->289436K(781952K), 0.0074380 secs] [Times: user=0.05 sys=0.01, real=0.00 secs] 
2014-07-28T17:53:45.483+0000: 3589.697: [GC [PSYoungGen: 94976K->352K(93824K)] 384092K->289500K(780800K), 0.0070790 secs] [Times: user=0.05 sys=0.01, real=0.01 secs] 
2014-07-28T17:53:46.151+0000: 3590.365: [GC [PSYoungGen: 93792K->288K(92544K)] 382940K->289492K(779520K), 0.0051910 secs] [Times: user=0.03 sys=0.00, real=0.01 secs] 
2014-07-28T17:53:46.809+0000: 3591.023: [GC [PSYoungGen: 92512K->288K(111040K)] 381716K->289564K(798016K), 0.0090220 secs] [Times: user=0.05 sys=0.01, real=0.01 secs] 
2014-07-28T17:53:47.603+0000: 3591.817: [GC [PSYoungGen: 111008K->288K(109440K)] 400284K->289588K(796416K), 0.0045910 secs] [Times: user=0.02 sys=0.00, real=0.01 secs] 
2014-07-28T17:53:48.388+0000: 3592.602: [GC [PSYoungGen: 109408K->192K(107712K)] 398708K->289540K(794688K), 0.0047920 secs] [Times: user=0.03 sys=0.01, real=0.00 secs] 
2014-07-28T17:53:49.156+0000: 3593.369: [GC [PSYoungGen: 107712K->224K(106240K)] 397060K->289620K(793216K), 0.0098420 secs] [Times: user=0.06 sys=0.00, real=0.01 secs] 
2014-07-28T17:53:49.912+0000: 3594.126: [GC [PSYoungGen: 106208K->288K(104768K)] 395604K->289756K(791744K), 0.0053090 secs] [Times: user=0.03 sys=0.00, real=0.01 secs] 
2014-07-28T17:53:50.661+0000: 3594.875: [GC [PSYoungGen: 104736K->352K(103360K)] 394204K->289852K(790336K), 0.0073670 secs] [Times: user=0.04 sys=0.00, real=0.01 secs] 
2014-07-28T17:53:51.397+0000: 3595.611: [GC [PSYoungGen: 103298K->320K(101888K)] 392798K->289876K(788864K), 0.0080540 secs] [Times: user=0.06 sys=0.00, real=0.00 secs] 
2014-07-28T17:53:52.126+0000: 3596.340: [GC [PSYoungGen: 101888K->352K(100544K)] 391444K->289988K(787520K), 0.0069890 secs] [Times: user=0.05 sys=0.00, real=0.01 secs] 
2014-07-28T17:53:52.846+0000: 3597.060: [GC [PSYoungGen: 100512K->288K(99136K)] 390148K->289988K(786112K), 0.0051410 secs] [Times: user=0.02 sys=0.00, real=0.00 secs] 
2014-07-28T17:53:53.555+0000: 3597.768: [GC [PSYoungGen: 99104K->320K(97792K)] 388804K->290036K(784768K), 0.0077110 secs] [Times: user=0.05 sys=0.00, real=0.01 secs] 
2014-07-28T17:53:54.252+0000: 3598.466: [GC [PSYoungGen: 97792K->320K(117312K)] 387508K->290116K(804288K), 0.0096170 secs] [Times: user=0.07 sys=0.00, real=0.01 secs] 
2014-07-28T17:53:55.092+0000: 3599.306: [GC [PSYoungGen: 117312K->448K(115648K)] 407108K->290348K(802624K), 0.0041480 secs] [Times: user=0.03 sys=0.00, real=0.01 secs] 
2014-07-28T17:53:55.911+0000: 3600.125: [GC [PSYoungGen: 115648K->352K(113856K)] 405548K->290316K(800832K), 0.0049800 secs] [Times: user=0.03 sys=0.00, real=0.00 secs] 
2014-07-28T17:53:56.724+0000: 3600.937: [GC [PSYoungGen: 113824K->306K(112064K)] 403788K->290278K(799040K), 0.0097450 secs] [Times: user=0.06 sys=0.00, real=0.01 secs] 
2014-07-28T17:53:57.522+0000: 3601.736: [GC [PSYoungGen: 112050K->480K(110592K)] 402022K->290540K(797568K), 0.0065110 secs] [Times: user=0.04 sys=0.00, real=0.01 secs] 
2014-07-28T17:53:58.308+0000: 3602.522: [GC [PSYoungGen: 110560K->192K(108672K)] 400620K->290292K(795648K), 0.0103300 secs] [Times: user=0.06 sys=0.01, real=0.01 secs] 
2014-07-28T17:53:59.083+0000: 3603.297: [GC [PSYoungGen: 108672K->384K(130560K)] 398772K->290548K(817536K), 0.0089990 secs] [Times: user=0.06 sys=0.00, real=0.01 secs] 
2014-07-28T17:54:00.015+0000: 3604.229: [GC [PSYoungGen: 130560K->384K(128384K)] 420724K->290636K(815360K), 0.0060170 secs] [Times: user=0.04 sys=0.00, real=0.01 secs] 
2014-07-28T17:54:00.932+0000: 3605.146: [GC [PSYoungGen: 128384K->256K(126144K)] 418636K->290572K(813120K), 0.0102490 secs] [Times: user=0.07 sys=0.00, real=0.01 secs] 
2014-07-28T17:54:01.834+0000: 3606.047: [GC [PSYoungGen: 126144K->352K(124224K)] 416460K->290692K(811200K), 0.0048680 secs] [Times: user=0.03 sys=0.00, real=0.01 secs] 
2014-07-28T17:54:02.720+0000: 3606.934: [GC [PSYoungGen: 124192K->384K(122240K)] 414532K->290796K(809216K), 0.0106060 secs] [Times: user=0.07 sys=0.00, real=0.01 secs] 
2014-07-28T17:54:03.589+0000: 3607.803: [GC [PSYoungGen: 122240K->352K(120320K)] 412652K->290820K(807296K), 0.0081070 secs] [Times: user=0.05 sys=0.00, real=0.00 secs] 
2014-07-28T17:54:04.446+0000: 3608.659: [GC [PSYoungGen: 120288K->288K(118400K)] 410756K->290828K(805376K), 0.0050600 secs] [Times: user=0.03 sys=0.00, real=0.01 secs] 
2014-07-28T17:54:05.295+0000: 3609.509: [GC [PSYoungGen: 118368K->288K(116608K)] 408908K->290868K(803584K), 0.0048840 secs] [Times: user=0.02 sys=0.01, real=0.01 secs] 
2014-07-28T17:54:06.116+0000: 3610.330: [GC [PSYoungGen: 116576K->384K(114880K)] 407156K->291060K(801856K), 0.0076140 secs] [Times: user=0.06 sys=0.00, real=0.01 secs] 
2014-07-28T17:54:06.934+0000: 3611.148: [GC [PSYoungGen: 114880K->288K(113088K)] 405556K->291028K(800064K), 0.0048140 secs] [Times: user=0.03 sys=0.00, real=0.01 secs] 
2014-07-28T17:54:07.740+0000: 3611.954: [GC [PSYoungGen: 113038K->224K(111360K)] 403778K->290972K(798336K), 0.0037680 secs] [Times: user=0.01 sys=0.00, real=0.00 secs] 
2014-07-28T17:54:08.531+0000: 3612.745: [GC [PSYoungGen: 111328K->320K(109760K)] 402076K->291124K(796736K), 0.0076960 secs] [Times: user=0.06 sys=0.00, real=0.01 secs] 
2014-07-28T17:54:09.314+0000: 3613.528: [GC [PSYoungGen: 109760K->288K(108160K)] 400564K->291164K(795136K), 0.0053650 secs] [Times: user=0.03 sys=0.00, real=0.01 secs] 
2014-07-28T17:54:10.081+0000: 3614.295: [GC [PSYoungGen: 108128K->288K(106624K)] 399004K->291236K(793600K), 0.0057950 secs] [Times: user=0.04 sys=0.00, real=0.00 secs] 
2014-07-28T17:54:10.842+0000: 3615.056: [GC [PSYoungGen: 106592K->352K(105152K)] 397540K->291364K(792128K), 0.0050780 secs] [Times: user=0.03 sys=0.00, real=0.00 secs] 
2014-07-28T17:54:11.594+0000: 3615.808: [GC [PSYoungGen: 105120K->320K(103616K)] 396132K->291332K(790592K), 0.0043640 secs] [Times: user=0.03 sys=0.00, real=0.00 secs] 
2014-07-28T17:54:12.329+0000: 3616.543: [GC [PSYoungGen: 103616K->320K(102144K)] 394628K->291404K(789120K), 0.0031480 secs] [Times: user=0.01 sys=0.01, real=0.00 secs] 
2014-07-28T17:54:13.055+0000: 3617.269: [GC [PSYoungGen: 102134K->320K(100736K)] 393218K->291476K(787712K), 0.0125640 secs] [Times: user=0.08 sys=0.00, real=0.01 secs] 
2014-07-28T17:54:13.770+0000: 3617.984: [GC [PSYoungGen: 100736K->256K(99328K)] 391892K->291476K(786304K), 0.0052240 secs] [Times: user=0.04 sys=0.00, real=0.00 secs] 
2014-07-28T17:54:14.508+0000: 3618.722: [GC [PSYoungGen: 99328K->384K(98112K)] 390548K->291628K(785088K), 0.0044510 secs] [Times: user=0.02 sys=0.00, real=0.01 secs] 
2014-07-28T17:54:15.182+0000: 3619.396: [GC [PSYoungGen: 98112K->352K(96832K)] 389356K->291660K(783808K), 0.0049690 secs] [Times: user=0.04 sys=0.00, real=0.00 secs] 
2014-07-28T17:54:15.870+0000: 3620.084: [GC [PSYoungGen: 96800K->178K(95360K)] 388108K->291590K(782336K), 0.0066960 secs] [Times: user=0.04 sys=0.00, real=0.01 secs] 
2014-07-28T17:54:16.555+0000: 3620.768: [GC [PSYoungGen: 95346K->288K(94208K)] 386758K->291724K(781184K), 0.0072240 secs] [Times: user=0.05 sys=0.00, real=0.01 secs] 
2014-07-28T17:54:17.225+0000: 3621.439: [GC [PSYoungGen: 94176K->352K(113088K)] 385612K->291828K(800064K), 0.0102810 secs] [Times: user=0.06 sys=0.01, real=0.01 secs] 
2014-07-28T17:54:18.030+0000: 3622.244: [GC [PSYoungGen: 113053K->448K(111488K)] 404529K->292012K(798464K), 0.0031330 secs] [Times: user=0.01 sys=0.00, real=0.00 secs] 
2014-07-28T17:54:18.824+0000: 3623.038: [GC [PSYoungGen: 111488K->128K(109504K)] 403052K->291820K(796480K), 0.0059850 secs] [Times: user=0.05 sys=0.00, real=0.01 secs] 
2014-07-28T17:54:19.606+0000: 3623.820: [GC [PSYoungGen: 109504K->352K(108160K)] 401196K->292076K(795136K), 0.0042710 secs] [Times: user=0.03 sys=0.00, real=0.01 secs] 
2014-07-28T17:54:20.373+0000: 3624.587: [GC [PSYoungGen: 108128K->384K(106624K)] 399852K->292164K(793600K), 0.0078270 secs] [Times: user=0.05 sys=0.00, real=0.01 secs] 
2014-07-28T17:54:21.137+0000: 3625.350: [GC [PSYoungGen: 106624K->256K(104960K)] 398404K->292084K(791936K), 0.0030590 secs] [Times: user=0.02 sys=0.00, real=0.00 secs] 
2014-07-28T17:54:21.883+0000: 3626.097: [GC [PSYoungGen: 104960K->370K(103616K)] 396788K->292262K(790592K), 0.0050730 secs] [Times: user=0.03 sys=0.00, real=0.00 secs] 
2014-07-28T17:54:22.617+0000: 3626.831: [GC [PSYoungGen: 103602K->320K(102080K)] 395494K->292236K(789056K), 0.0053770 secs]