2014-07-16T01:00:52.262+0000: 24.365: [GC [PSYoungGen: 257728K->42855K(300608K)] 257728K->72375K(987584K), 0.0676430 secs] [Times: user=0.18 sys=0.03, real=0.07 secs] 
2014-07-16T01:00:52.932+0000: 25.035: [GC [PSYoungGen: 300583K->42861K(300608K)] 330103K->83189K(987584K), 0.0464100 secs] [Times: user=0.14 sys=0.02, real=0.05 secs] 
2014-07-16T01:00:53.689+0000: 25.793: [GC [PSYoungGen: 300589K->42874K(300608K)] 340917K->86653K(987584K), 0.0334220 secs] [Times: user=0.13 sys=0.00, real=0.03 secs] 
2014-07-16T01:00:54.550+0000: 26.653: [GC [PSYoungGen: 300602K->42859K(558336K)] 344381K->86699K(1245312K), 0.0671830 secs] [Times: user=0.24 sys=0.03, real=0.07 secs] 
2014-07-16T01:00:56.095+0000: 28.198: [GC [PSYoungGen: 558315K->42862K(558336K)] 602155K->86758K(1245312K), 0.0593110 secs] [Times: user=0.21 sys=0.02, real=0.06 secs] 
2014-07-16T01:00:57.543+0000: 29.646: [GC [PSYoungGen: 558318K->43850K(1102784K)] 602214K->87746K(1789760K), 0.0539120 secs] [Times: user=0.19 sys=0.02, real=0.06 secs] 
2014-07-16T01:01:00.609+0000: 32.713: [GC [PSYoungGen: 1074762K->9425K(1104768K)] 1118658K->87012K(1791744K), 0.0738130 secs] [Times: user=0.25 sys=0.03, real=0.07 secs] 
2014-07-16T01:01:03.534+0000: 35.637: [GC [PSYoungGen: 1040322K->7913K(2138496K)] 1117909K->87363K(2825472K), 0.0162370 secs] [Times: user=0.05 sys=0.01, real=0.02 secs] 
2014-07-16T01:01:09.136+0000: 41.239: [GC [PSYoungGen: 2066729K->7810K(2141504K)] 2146179K->87742K(2828480K), 0.0301150 secs] [Times: user=0.11 sys=0.01, real=0.03 secs] 
2014-07-16T01:01:13.580+0000: 45.684: [GC [PSYoungGen: 2066596K->7236K(2711552K)] 2146528K->87668K(3398528K), 0.0214730 secs] [Times: user=0.06 sys=0.01, real=0.02 secs] 
2014-07-16T01:01:19.159+0000: 51.262: [GC [PSYoungGen: 2634820K->7148K(2634752K)] 2715252K->88148K(3321728K), 0.0216120 secs] [Times: user=0.08 sys=0.01, real=0.02 secs] 
2014-07-16T01:01:24.734+0000: 56.837: [GC [PSYoungGen: 2634732K->6820K(2712832K)] 2715732K->88025K(3399808K), 0.0302090 secs] [Times: user=0.11 sys=0.00, real=0.03 secs] 
2014-07-16T01:01:30.329+0000: 62.432: [GC [PSYoungGen: 2635876K->6710K(2635776K)] 2717081K->88211K(3322752K), 0.0345240 secs] [Times: user=0.12 sys=0.00, real=0.04 secs] 
2014-07-16T01:01:35.899+0000: 68.002: [GC [PSYoungGen: 2635766K->6742K(2516160K)] 2717267K->88403K(3203136K), 0.0220190 secs] [Times: user=0.08 sys=0.00, real=0.03 secs] 
2014-07-16T01:01:41.218+0000: 73.322: [GC [PSYoungGen: 2516118K->6692K(2402368K)] 2597779K->88577K(3089344K), 0.0167770 secs] [Times: user=0.06 sys=0.00, real=0.02 secs] 
2014-07-16T01:01:46.326+0000: 78.430: [GC [PSYoungGen: 2402340K->6948K(2294528K)] 2484225K->88985K(2981504K), 0.0074850 secs] [Times: user=0.02 sys=0.01, real=0.01 secs] 
2014-07-16T01:01:51.149+0000: 83.253: [GC [PSYoungGen: 2294500K->6564K(2191360K)] 2376537K->88849K(2878336K), 0.0172730 secs] [Times: user=0.06 sys=0.00, real=0.02 secs] 
2014-07-16T01:01:55.787+0000: 87.890: [GC [PSYoungGen: 2191332K->6724K(2093888K)] 2273617K->89105K(2780864K), 0.0287910 secs] [Times: user=0.08 sys=0.00, real=0.03 secs] 
2014-07-16T01:02:00.201+0000: 92.305: [GC [PSYoungGen: 2093828K->6692K(2000960K)] 2176209K->89289K(2687936K), 0.0145390 secs] [Times: user=0.05 sys=0.00, real=0.02 secs] 
2014-07-16T01:02:04.435+0000: 96.538: [GC [PSYoungGen: 2000932K->6948K(1912960K)] 2083529K->89681K(2599936K), 0.0172530 secs] [Times: user=0.02 sys=0.00, real=0.02 secs] 
2014-07-16T01:02:08.563+0000: 100.667: [GC [PSYoungGen: 1912932K->6934K(1829056K)] 1995665K->89899K(2516032K), 0.0167530 secs] [Times: user=0.06 sys=0.00, real=0.02 secs] 
2014-07-16T01:02:12.468+0000: 104.572: [GC [PSYoungGen: 1829014K->6628K(1748928K)] 1911979K->89745K(2435904K), 0.0125520 secs] [Times: user=0.02 sys=0.00, real=0.01 secs] 
2014-07-16T01:02:16.192+0000: 108.296: [GC [PSYoungGen: 1748900K->6910K(1673344K)] 1832017K->90140K(2360320K), 0.0093570 secs] [Times: user=0.02 sys=0.00, real=0.01 secs] 
2014-07-16T01:02:19.726+0000: 111.829: [GC [PSYoungGen: 1673342K->6778K(1601088K)] 1756572K->90216K(2288064K), 0.0125290 secs] [Times: user=0.02 sys=0.01, real=0.02 secs] 
2014-07-16T01:02:23.143+0000: 115.246: [GC [PSYoungGen: 1601082K->6788K(1532544K)] 1684520K->90327K(2219520K), 0.0206000 secs] [Times: user=0.07 sys=0.00, real=0.02 secs] 
2014-07-16T01:02:26.383+0000: 118.486: [GC [PSYoungGen: 1532484K->6660K(1467200K)] 1616023K->90383K(2154176K), 0.0216530 secs] [Times: user=0.06 sys=0.01, real=0.02 secs] 
2014-07-16T01:02:29.520+0000: 121.624: [GC [PSYoungGen: 1467140K->6980K(1405504K)] 1550863K->90887K(2092480K), 0.0179950 secs] [Times: user=0.06 sys=0.01, real=0.01 secs] 
2014-07-16T01:02:32.529+0000: 124.632: [GC [PSYoungGen: 1405444K->6852K(1346368K)] 1489351K->90887K(2033344K), 0.0115870 secs] [Times: user=0.02 sys=0.00, real=0.02 secs] 
2014-07-16T01:02:35.362+0000: 127.465: [GC [PSYoungGen: 1346308K->6596K(1289984K)] 1430343K->90759K(1976960K), 0.0203490 secs] [Times: user=0.07 sys=0.00, real=0.02 secs] 
2014-07-16T01:02:38.122+0000: 130.225: [GC [PSYoungGen: 1289924K->6692K(1236672K)] 1374087K->91071K(1923648K), 0.0177920 secs] [Times: user=0.04 sys=0.01, real=0.01 secs] 
2014-07-16T01:02:40.734+0000: 132.837: [GC [PSYoungGen: 1236644K->6486K(1185664K)] 1321023K->90993K(1872640K), 0.0260800 secs] [Times: user=0.09 sys=0.00, real=0.02 secs] 
2014-07-16T01:02:43.280+0000: 135.383: [GC [PSYoungGen: 1185622K->6742K(1137600K)] 1270129K->91321K(1824576K), 0.0216040 secs] [Times: user=0.07 sys=0.01, real=0.03 secs] 
2014-07-16T01:02:45.687+0000: 137.790: [GC [PSYoungGen: 1137558K->6870K(1091712K)] 1222137K->91633K(1778688K), 0.0183550 secs] [Times: user=0.05 sys=0.01, real=0.02 secs] 
2014-07-16T01:02:48.029+0000: 140.133: [GC [PSYoungGen: 1091670K->6788K(1047872K)] 1176433K->91711K(1734848K), 0.0176900 secs] [Times: user=0.05 sys=0.01, real=0.02 secs] 
2014-07-16T01:02:50.268+0000: 142.371: [GC [PSYoungGen: 1047812K->6806K(1006208K)] 1132735K->91873K(1693184K), 0.0111170 secs] [Times: user=0.03 sys=0.00, real=0.01 secs] 
2014-07-16T01:02:52.424+0000: 144.528: [GC [PSYoungGen: 1006166K->6724K(966464K)] 1091233K->91895K(1653440K), 0.0250910 secs] [Times: user=0.08 sys=0.01, real=0.02 secs] 
2014-07-16T01:02:54.468+0000: 146.571: [GC [PSYoungGen: 966404K->6838K(928704K)] 1051575K->92121K(1615680K), 0.0136890 secs] [Times: user=0.05 sys=0.00, real=0.01 secs] 
2014-07-16T01:02:56.490+0000: 148.593: [GC [PSYoungGen: 928673K->6902K(892800K)] 1013955K->92369K(1579776K), 0.0269880 secs] [Times: user=0.07 sys=0.00, real=0.03 secs] 
2014-07-16T01:02:58.395+0000: 150.498: [GC [PSYoungGen: 892790K->6746K(858368K)] 978257K->92373K(1545344K), 0.0152770 secs] [Times: user=0.04 sys=0.00, real=0.01 secs] 
2014-07-16T01:03:00.219+0000: 152.323: [GC [PSYoungGen: 858330K->6870K(1071424K)] 943957K->92585K(1758400K), 0.0375170 secs] [Times: user=0.11 sys=0.00, real=0.04 secs] 
2014-07-16T01:03:02.547+0000: 154.651: [GC [PSYoungGen: 1071382K->6984K(1028736K)] 1157097K->92779K(1715712K), 0.0096140 secs] [Times: user=0.02 sys=0.00, real=0.01 secs] 
2014-07-16T01:03:04.688+0000: 156.791: [GC [PSYoungGen: 1028670K->6742K(987712K)] 1114464K->92665K(1674688K), 0.0221220 secs] [Times: user=0.07 sys=0.00, real=0.02 secs] 
2014-07-16T01:03:06.787+0000: 158.890: [GC [PSYoungGen: 987670K->7034K(949184K)] 1073593K->93141K(1636160K), 0.0115710 secs] [Times: user=0.02 sys=0.00, real=0.01 secs] 
2014-07-16T01:03:08.773+0000: 160.876: [GC [PSYoungGen: 949096K->6582K(911808K)] 1035203K->92817K(1598784K), 0.0132550 secs] [Times: user=0.04 sys=0.00, real=0.02 secs] 
2014-07-16T01:03:10.683+0000: 162.787: [GC [PSYoungGen: 911798K->6710K(876736K)] 998033K->93025K(1563712K), 0.0143120 secs] [Times: user=0.04 sys=0.00, real=0.02 secs] 
2014-07-16T01:03:12.606+0000: 164.709: [GC [PSYoungGen: 876726K->6724K(843264K)] 963041K->93143K(1530240K), 0.0133870 secs] [Times: user=0.04 sys=0.00, real=0.01 secs] 
2014-07-16T01:03:14.381+0000: 166.484: [GC [PSYoungGen: 843204K->6550K(811136K)] 929623K->93129K(1498112K), 0.0074330 secs] [Times: user=0.02 sys=0.00, real=0.01 secs] 
2014-07-16T01:03:16.095+0000: 168.199: [GC [PSYoungGen: 811094K->6692K(780800K)] 897673K->93391K(1467776K), 0.0211340 secs] [Times: user=0.06 sys=0.01, real=0.03 secs] 
2014-07-16T01:03:17.784+0000: 169.888: [GC [PSYoungGen: 780772K->6820K(751936K)] 867471K->93607K(1438912K), 0.0226350 secs] [Times: user=0.08 sys=0.01, real=0.03 secs] 
2014-07-16T01:03:19.381+0000: 171.484: [GC [PSYoungGen: 751908K->6614K(724096K)] 838695K->93537K(1411072K), 0.0172980 secs] [Times: user=0.05 sys=0.00, real=0.02 secs] 
2014-07-16T01:03:20.924+0000: 173.028: [GC [PSYoungGen: 724010K->6888K(875072K)] 810932K->93899K(1562048K), 0.0201890 secs] [Times: user=0.07 sys=0.00, real=0.02 secs] 
2014-07-16T01:03:22.794+0000: 174.897: [GC [PSYoungGen: 875032K->7180K(1057728K)] 962042K->94239K(1744704K), 0.0227620 secs] [Times: user=0.07 sys=0.00, real=0.02 secs] 
2014-07-16T01:03:25.034+0000: 177.137: [GC [PSYoungGen: 1057676K->6920K(1278080K)] 1144735K->94155K(1965056K), 0.0213270 secs] [Times: user=0.07 sys=0.01, real=0.02 secs] 
2014-07-16T01:03:27.760+0000: 179.864: [GC [PSYoungGen: 1278024K->6700K(1544768K)] 1365259K->94071K(2231744K), 0.0339730 secs] [Times: user=0.12 sys=0.00, real=0.03 secs] 
2014-07-16T01:03:31.031+0000: 183.135: [GC [PSYoungGen: 1544748K->6660K(1478912K)] 1632119K->94183K(2165888K), 0.0220020 secs] [Times: user=0.08 sys=0.01, real=0.02 secs] 
2014-07-16T01:03:34.216+0000: 186.320: [GC [PSYoungGen: 1478852K->6660K(1416320K)] 1566375K->94279K(2103296K), 0.0330150 secs] [Times: user=0.12 sys=0.01, real=0.04 secs] 
2014-07-16T01:03:37.230+0000: 189.333: [GC [PSYoungGen: 1416260K->6788K(1356864K)] 1503879K->94623K(2043840K), 0.0080260 secs] [Times: user=0.02 sys=0.00, real=0.00 secs] 
2014-07-16T01:03:40.103+0000: 192.206: [GC [PSYoungGen: 1356804K->6628K(1300032K)] 1444639K->94607K(1987008K), 0.0070860 secs] [Times: user=0.02 sys=0.00, real=0.01 secs] 
2014-07-16T01:03:42.878+0000: 194.982: [GC [PSYoungGen: 1300004K->6788K(1246336K)] 1387983K->94879K(1933312K), 0.0204180 secs] [Times: user=0.08 sys=0.00, real=0.02 secs] 
2014-07-16T01:03:45.509+0000: 197.612: [GC [PSYoungGen: 1246276K->6262K(1194496K)] 1334367K->94873K(1881472K), 0.0130730 secs] [Times: user=0.04 sys=0.00, real=0.02 secs] 
2014-07-16T01:03:48.073+0000: 200.176: [GC [PSYoungGen: 1194486K->6714K(1146176K)] 1283097K->95485K(1833152K), 0.0111030 secs] [Times: user=0.02 sys=0.00, real=0.01 secs] 
2014-07-16T01:03:50.468+0000: 202.571: [GC [PSYoungGen: 1146170K->5732K(1098816K)] 1234941K->95439K(1785792K), 0.0063760 secs] [Times: user=0.01 sys=0.01, real=0.01 secs] 
2014-07-16T01:03:52.801+0000: 204.904: [GC [PSYoungGen: 1098788K->6628K(1055488K)] 1188495K->96399K(1742464K), 0.0146360 secs] [Times: user=0.05 sys=0.00, real=0.02 secs] 
2014-07-16T01:03:55.023+0000: 207.127: [GC [PSYoungGen: 1055373K->5548K(1012352K)] 1145143K->96775K(1699328K), 0.0201310 secs] [Times: user=0.07 sys=0.00, real=0.02 secs] 
2014-07-16T01:03:57.178+0000: 209.281: [GC [PSYoungGen: 1012332K->6902K(973632K)] 1103559K->98313K(1660608K), 0.0237830 secs] [Times: user=0.08 sys=0.00, real=0.02 secs] 
2014-07-16T01:03:59.244+0000: 211.347: [GC [PSYoungGen: 973622K->4836K(933440K)] 1065033K->98429K(1620416K), 0.0182030 secs] [Times: user=0.07 sys=0.01, real=0.02 secs] 
2014-07-16T01:04:01.225+0000: 213.328: [GC [PSYoungGen: 933412K->6934K(899264K)] 1027005K->100623K(1586240K), 0.0166110 secs] [Times: user=0.06 sys=0.00, real=0.01 secs] 
2014-07-16T01:04:03.174+0000: 215.277: [GC [PSYoungGen: 899195K->4964K(862720K)] 992883K->100567K(1549696K), 0.0157310 secs] [Times: user=0.06 sys=0.00, real=0.01 secs] 
2014-07-16T01:04:05.011+0000: 217.114: [GC [PSYoungGen: 862692K->6902K(831680K)] 958295K->102713K(1518656K), 0.0291890 secs] [Times: user=0.10 sys=0.00, real=0.03 secs] 
2014-07-16T01:04:06.763+0000: 218.867: [GC [PSYoungGen: 831670K->4400K(797824K)] 927481K->102523K(1484800K), 0.0147280 secs] [Times: user=0.04 sys=0.01, real=0.01 secs] 
2014-07-16T01:04:08.519+0000: 220.623: [GC [PSYoungGen: 797808K->6724K(958912K)] 895931K->104935K(1645888K), 0.0345940 secs] [Times: user=0.11 sys=0.00, real=0.04 secs] 
2014-07-16T01:04:10.573+0000: 222.676: [GC [PSYoungGen: 958852K->4732K(1147328K)] 1057063K->105105K(1834304K), 0.0141660 secs] [Times: user=0.05 sys=0.00, real=0.02 secs] 
2014-07-16T01:04:13.060+0000: 225.164: [GC [PSYoungGen: 1147324K->7148K(1378304K)] 1247697K->107601K(2065280K), 0.0300470 secs] [Times: user=0.10 sys=0.00, real=0.03 secs] 
2014-07-16T01:04:16.000+0000: 228.104: [GC [PSYoungGen: 1378284K->3620K(1649024K)] 1478737K->107565K(2336000K), 0.0238270 secs] [Times: user=0.09 sys=0.00, real=0.02 secs] 
2014-07-16T01:04:19.527+0000: 231.631: [GC [PSYoungGen: 1648996K->7124K(1960512K)] 1752941K->111197K(2647488K), 0.0419060 secs] [Times: user=0.16 sys=0.01, real=0.04 secs] 
2014-07-16T01:04:23.684+0000: 235.788: [GC [PSYoungGen: 1959828K->6852K(1873408K)] 2063901K->111367K(2560384K), 0.0313720 secs] [Times: user=0.11 sys=0.01, real=0.03 secs] 
2014-07-16T01:04:27.704+0000: 239.808: [GC [PSYoungGen: 1873348K->6934K(1791488K)] 1977863K->111681K(2478464K), 0.0314900 secs] [Times: user=0.10 sys=0.00, real=0.03 secs] 
2014-07-16T01:04:31.451+0000: 243.554: [GC [PSYoungGen: 1791446K->1636K(1708224K)] 1896193K->111785K(2395200K), 0.0093990 secs] [Times: user=0.01 sys=0.01, real=0.01 secs] 
2014-07-16T01:04:35.085+0000: 247.189: [GC [PSYoungGen: 1708196K->7216K(1639680K)] 1818345K->117406K(2326656K), 0.0284860 secs] [Times: user=0.08 sys=0.01, real=0.03 secs] 
2014-07-16T01:04:38.545+0000: 250.648: [GC [PSYoungGen: 1639664K->6376K(1568384K)] 1749854K->117634K(2255360K), 0.0096040 secs] [Times: user=0.02 sys=0.01, real=0.01 secs] 
2014-07-16T01:04:41.889+0000: 253.992: [GC [PSYoungGen: 1568360K->6660K(1501696K)] 1679618K->118062K(2188672K), 0.0211370 secs] [Times: user=0.08 sys=0.01, real=0.03 secs] 
2014-07-16T01:04:45.081+0000: 257.184: [GC [PSYoungGen: 1501636K->2424K(1433664K)] 1613038K->118621K(2120640K), 0.0332730 secs] [Times: user=0.11 sys=0.00, real=0.03 secs] 
2014-07-16T01:04:48.178+0000: 260.281: [GC [PSYoungGen: 1433656K->7106K(1377792K)] 1549853K->123399K(2064768K), 0.0254410 secs] [Times: user=0.09 sys=0.01, real=0.03 secs] 
2014-07-16T01:04:51.086+0000: 263.190: [GC [PSYoungGen: 1377730K->5924K(1318912K)] 1494023K->123393K(2005888K), 0.0136830 secs] [Times: user=0.04 sys=0.00, real=0.02 secs] 
2014-07-16T01:04:53.904+0000: 266.007: [GC [PSYoungGen: 1318884K->6774K(1264896K)] 1436353K->124307K(1951872K), 0.0166520 secs] [Times: user=0.05 sys=0.00, real=0.01 secs] 
2014-07-16T01:04:56.570+0000: 268.673: [GC [PSYoungGen: 1264826K->2684K(1208640K)] 1382359K->124700K(1895616K), 0.0263990 secs] [Times: user=0.08 sys=0.00, real=0.03 secs] 
2014-07-16T01:04:59.141+0000: 271.245: [GC [PSYoungGen: 1208636K->7138K(1163456K)] 1330652K->129219K(1850432K), 0.0238860 secs] [Times: user=0.08 sys=0.00, real=0.02 secs] 
2014-07-16T01:05:01.598+0000: 273.702: [GC [PSYoungGen: 1163426K->5558K(1114624K)] 1285507K->129167K(1801600K), 0.0249310 secs] [Times: user=0.09 sys=0.00, real=0.03 secs] 
2014-07-16T01:05:03.997+0000: 276.101: [GC [PSYoungGen: 1114580K->6884K(1070976K)] 1238189K->130573K(1757952K), 0.0207310 secs] [Times: user=0.07 sys=0.01, real=0.02 secs] 
2014-07-16T01:05:06.257+0000: 278.360: [GC [PSYoungGen: 1070948K->2812K(1024064K)] 1194637K->130678K(1711040K), 0.0099650 secs] [Times: user=0.03 sys=0.00, real=0.01 secs] 
2014-07-16T01:05:08.428+0000: 280.531: [GC [PSYoungGen: 1024060K->7084K(987584K)] 1151926K->135046K(1674560K), 0.0148160 secs] [Times: user=0.04 sys=0.01, real=0.01 secs] 
2014-07-16T01:05:10.527+0000: 282.630: [GC [PSYoungGen: 987564K->5224K(946944K)] 1115526K->135034K(1633920K), 0.0273320 secs] [Times: user=0.10 sys=0.00, real=0.03 secs] 
2014-07-16T01:05:12.543+0000: 284.646: [GC [PSYoungGen: 946920K->6714K(911488K)] 1076730K->136636K(1598464K), 0.0113640 secs] [Times: user=0.04 sys=0.01, real=0.02 secs] 
2014-07-16T01:05:14.524+0000: 286.627: [GC [PSYoungGen: 911482K->3068K(872640K)] 1041404K->136875K(1559616K), 0.0189750 secs] [Times: user=0.07 sys=0.00, real=0.02 secs] 
2014-07-16T01:05:16.384+0000: 288.488: [GC [PSYoungGen: 872636K->7152K(843200K)] 1006443K->141088K(1530176K), 0.0162850 secs] [Times: user=0.05 sys=0.00, real=0.01 secs] 
2014-07-16T01:05:18.177+0000: 290.280: [GC [PSYoungGen: 843184K->4772K(808896K)] 977120K->140936K(1495872K), 0.0145530 secs] [Times: user=0.05 sys=0.00, real=0.01 secs] 
2014-07-16T01:05:19.946+0000: 292.049: [GC [PSYoungGen: 808868K->6660K(780416K)] 945032K->142936K(1467392K), 0.0183520 secs] [Times: user=0.06 sys=0.00, real=0.01 secs] 
2014-07-16T01:05:21.588+0000: 293.691: [GC [PSYoungGen: 780356K->3364K(748096K)] 916632K->143182K(1435072K), 0.0106410 secs] [Times: user=0.02 sys=0.01, real=0.01 secs] 
2014-07-16T01:05:23.175+0000: 295.279: [GC [PSYoungGen: 748068K->7252K(724352K)] 887886K->147150K(1411328K), 0.0222690 secs] [Times: user=0.07 sys=0.01, real=0.02 secs] 
2014-07-16T01:05:24.762+0000: 296.865: [GC [PSYoungGen: 724308K->4222K(694912K)] 864206K->147000K(1381888K), 0.0184730 secs] [Times: user=0.06 sys=0.01, real=0.02 secs] 
2014-07-16T01:05:26.240+0000: 298.344: [GC [PSYoungGen: 694910K->6938K(835840K)] 837688K->149868K(1522816K), 0.0236880 secs] [Times: user=0.09 sys=0.00, real=0.02 secs] 
2014-07-16T01:05:28.008+0000: 300.111: [GC [PSYoungGen: 835802K->3824K(998528K)] 978732K->149909K(1685504K), 0.0134280 secs] [Times: user=0.05 sys=0.00, real=0.01 secs] 
2014-07-16T01:05:30.159+0000: 302.262: [GC [PSYoungGen: 998473K->6874K(962112K)] 1144558K->153016K(1649088K), 0.0077420 secs] [Times: user=0.02 sys=0.00, real=0.01 secs] 
2014-07-16T01:05:32.209+0000: 304.312: [GC [PSYoungGen: 962074K->4152K(921792K)] 1108216K->153052K(1608768K), 0.0220870 secs] [Times: user=0.08 sys=0.00, real=0.02 secs] 
2014-07-16T01:05:34.194+0000: 306.298: [GC [PSYoungGen: 921784K->7144K(1108352K)] 1070684K->156068K(1795328K), 0.0373430 secs] [Times: user=0.12 sys=0.01, real=0.04 secs] 
2014-07-16T01:05:36.556+0000: 308.659: [GC [PSYoungGen: 1108328K->3428K(1324928K)] 1257252K->156036K(2011904K), 0.0299670 secs] [Times: user=0.11 sys=0.00, real=0.03 secs] 
2014-07-16T01:05:39.378+0000: 311.482: [GC [PSYoungGen: 1324900K->7138K(1592960K)] 1477508K->159893K(2279936K), 0.0168610 secs] [Times: user=0.05 sys=0.00, real=0.01 secs] 
2014-07-16T01:05:42.746+0000: 314.850: [GC [PSYoungGen: 1592930K->4280K(1521920K)] 1745685K->160013K(2208896K), 0.0236530 secs] [Times: user=0.09 sys=0.00, real=0.03 secs] 
2014-07-16T01:05:46.005+0000: 318.109: [GC [PSYoungGen: 1521912K->6916K(1459776K)] 1677645K->162777K(2146752K), 0.0257680 secs] [Times: user=0.09 sys=0.00, real=0.03 secs] 
2014-07-16T01:05:49.133+0000: 321.237: [GC [PSYoungGen: 1459716K->3770K(1394944K)] 1615577K->163024K(2081920K), 0.0150860 secs] [Times: user=0.06 sys=0.00, real=0.01 secs] 
2014-07-16T01:05:52.065+0000: 324.168: [GC [PSYoungGen: 1394938K->6778K(1339328K)] 1554192K->166136K(2026304K), 0.0172650 secs] [Times: user=0.06 sys=0.00, real=0.02 secs] 
2014-07-16T01:05:54.937+0000: 327.041: [GC [PSYoungGen: 1339322K->4472K(1281216K)] 1498680K->166477K(1968192K), 0.0182460 secs] [Times: user=0.05 sys=0.00, real=0.02 secs] 
2014-07-16T01:05:57.637+0000: 329.741: [GC [PSYoungGen: 1281161K->6746K(1230464K)] 1443165K->168991K(1917440K), 0.0156060 secs] [Times: user=0.05 sys=0.01, real=0.02 secs] 
2014-07-16T01:06:00.304+0000: 332.407: [GC [PSYoungGen: 1230426K->3756K(1176960K)] 1392671K->169310K(1863936K), 0.0135870 secs] [Times: user=0.04 sys=0.00, real=0.01 secs] 
2014-07-16T01:06:02.817+0000: 334.920: [GC [PSYoungGen: 1176940K->7084K(1132224K)] 1342494K->172726K(1819200K), 0.0211670 secs] [Times: user=0.08 sys=0.00, real=0.02 secs] 
2014-07-16T01:06:05.267+0000: 337.371: [GC [PSYoungGen: 1132204K->4002K(1083392K)] 1297846K->172914K(1770368K), 0.0182750 secs] [Times: user=0.06 sys=0.00, real=0.02 secs] 
2014-07-16T01:06:07.595+0000: 339.699: [GC [PSYoungGen: 1083362K->6824K(1042688K)] 1252274K->175928K(1729664K), 0.0189710 secs] [Times: user=0.07 sys=0.00, real=0.02 secs] 
2014-07-16T01:06:09.847+0000: 341.951: [GC [PSYoungGen: 1042628K->4152K(998528K)] 1211732K->176202K(1685504K), 0.0146220 secs] [Times: user=0.05 sys=0.00, real=0.02 secs] 
2014-07-16T01:06:12.009+0000: 344.112: [GC [PSYoungGen: 998520K->7034K(961984K)] 1170570K->179214K(1648960K), 0.0211010 secs] [Times: user=0.07 sys=0.00, real=0.02 secs] 
2014-07-16T01:06:14.075+0000: 346.179: [GC [PSYoungGen: 961978K->3820K(921216K)] 1134158K->179263K(1608192K), 0.0221890 secs] [Times: user=0.07 sys=0.01, real=0.02 secs] 
2014-07-16T01:06:16.077+0000: 348.181: [GC [PSYoungGen: 921196K->7066K(888704K)] 1096639K->182661K(1575680K), 0.0153000 secs] [Times: user=0.05 sys=0.01, real=0.01 secs] 
2014-07-16T01:06:17.981+0000: 350.085: [GC [PSYoungGen: 888666K->3952K(851520K)] 1064261K->182648K(1538496K), 0.0242490 secs] [Times: user=0.08 sys=0.00, real=0.03 secs] 
2014-07-16T01:06:19.825+0000: 351.928: [GC [PSYoungGen: 851504K->6970K(1024064K)] 1030200K->185722K(1711040K), 0.0261310 secs] [Times: user=0.09 sys=0.00, real=0.02 secs] 
2014-07-16T01:06:21.987+0000: 354.090: [GC [PSYoungGen: 1024052K->3838K(980416K)] 1202803K->185654K(1667392K), 0.0087760 secs] [Times: user=0.02 sys=0.01, real=0.01 secs] 
2014-07-16T01:06:24.072+0000: 356.176: [GC [PSYoungGen: 980414K->6874K(1178816K)] 1162230K->188746K(1865792K), 0.0299770 secs] [Times: user=0.11 sys=0.01, real=0.03 secs] 
2014-07-16T01:06:26.649+0000: 358.752: [GC [PSYoungGen: 1178777K->4012K(1127936K)] 1360649K->189161K(1814912K), 0.0245750 secs] [Times: user=0.07 sys=0.00, real=0.02 secs] 
2014-07-16T01:06:29.041+0000: 361.145: [GC [PSYoungGen: 1127916K->6946K(1085184K)] 1313065K->192207K(1772160K), 0.0193930 secs] [Times: user=0.07 sys=0.00, real=0.02 secs] 
2014-07-16T01:06:31.360+0000: 363.464: [GC [PSYoungGen: 1085154K->3888K(1038656K)] 1270415K->192278K(1725632K), 0.0108170 secs] [Times: user=0.02 sys=0.00, real=0.01 secs] 
2014-07-16T01:06:33.596+0000: 365.700: [GC [PSYoungGen: 1038640K->6888K(1248640K)] 1227030K->195342K(1935616K), 0.0486010 secs] [Times: user=0.17 sys=0.00, real=0.04 secs] 
2014-07-16T01:06:36.292+0000: 368.395: [GC [PSYoungGen: 1248521K->3952K(1494080K)] 1436975K->195866K(2181056K), 0.0155400 secs] [Times: user=0.06 sys=0.00, real=0.02 secs] 
2014-07-16T01:06:39.478+0000: 371.581: [GC [PSYoungGen: 1494064K->6810K(1433472K)] 1685978K->198868K(2120448K), 0.0063500 secs] [Times: user=0.01 sys=0.00, real=0.00 secs] 
2014-07-16T01:06:42.526+0000: 374.629: [GC [PSYoungGen: 1433434K->4208K(1370432K)] 1625492K->199224K(2057408K), 0.0256630 secs] [Times: user=0.09 sys=0.00, real=0.03 secs] 
2014-07-16T01:06:45.458+0000: 377.562: [GC [PSYoungGen: 1370416K->7012K(1315840K)] 1565432K->202132K(2002816K), 0.0348970 secs] [Times: user=0.12 sys=0.00, real=0.03 secs] 
2014-07-16T01:06:48.282+0000: 380.385: [GC [PSYoungGen: 1315767K->3774K(1257920K)] 1510887K->202153K(1944896K), 0.0211860 secs] [Times: user=0.08 sys=0.01, real=0.02 secs] 
2014-07-16T01:06:50.968+0000: 383.072: [GC [PSYoungGen: 1257918K->7070K(1209280K)] 1456297K->205588K(1896256K), 0.0194320 secs] [Times: user=0.07 sys=0.01, real=0.01 secs] 
2014-07-16T01:06:53.531+0000: 385.635: [GC [PSYoungGen: 1209246K->4016K(1156736K)] 1407764K->205694K(1843712K), 0.0232550 secs] [Times: user=0.08 sys=0.00, real=0.02 secs] 
2014-07-16T01:06:56.044+0000: 388.147: [GC [PSYoungGen: 1156720K->6952K(1112640K)] 1358398K->208758K(1799616K), 0.0151170 secs] [Times: user=0.05 sys=0.00, real=0.02 secs] 
2014-07-16T01:06:58.398+0000: 390.502: [GC [PSYoungGen: 1112616K->3902K(1064768K)] 1314422K->208907K(1751744K), 0.0290820 secs] [Times: user=0.10 sys=0.00, real=0.03 secs] 
2014-07-16T01:07:00.718+0000: 392.821: [GC [PSYoungGen: 1064766K->6856K(1025152K)] 1269771K->211941K(1712128K), 0.0103040 secs] [Times: user=0.03 sys=0.00, real=0.01 secs] 
2014-07-16T01:07:02.873+0000: 394.977: [GC [PSYoungGen: 1025096K->3952K(981632K)] 1230181K->212129K(1668608K), 0.0306040 secs] [Times: user=0.11 sys=0.01, real=0.03 secs] 
2014-07-16T01:07:04.962+0000: 397.065: [GC [PSYoungGen: 981616K->6920K(945984K)] 1189793K->215209K(1632960K), 0.0134240 secs] [Times: user=0.05 sys=0.00, real=0.01 secs] 
2014-07-16T01:07:07.012+0000: 399.115: [GC [PSYoungGen: 945928K->3820K(906048K)] 1154217K->215300K(1593024K), 0.0147160 secs] [Times: user=0.05 sys=0.00, real=0.01 secs] 
2014-07-16T01:07:08.960+0000: 401.063: [GC [PSYoungGen: 906028K->6896K(874048K)] 1117508K->218505K(1561024K), 0.0306020 secs] [Times: user=0.11 sys=0.01, real=0.03 secs] 
2014-07-16T01:07:10.824+0000: 402.927: [GC [PSYoungGen: 874032K->3902K(837632K)] 1085641K->218511K(1524608K), 0.0183460 secs] [Times: user=0.06 sys=0.00, real=0.02 secs] 
2014-07-16T01:07:12.623+0000: 404.727: [GC [PSYoungGen: 837630K->6792K(1007360K)] 1052239K->221481K(1694336K), 0.0220300 secs] [Times: user=0.08 sys=0.00, real=0.02 secs] 
2014-07-16T01:07:14.746+0000: 406.850: [GC [PSYoungGen: 1007304K->3884K(964672K)] 1221993K->221789K(1651648K), 0.0180050 secs] [Times: user=0.05 sys=0.00, real=0.02 secs] 
2014-07-16T01:07:16.818+0000: 408.922: [GC [PSYoungGen: 964652K->7070K(930048K)] 1182557K->225177K(1617024K), 0.0178270 secs] [Times: user=0.07 sys=0.00, real=0.02 secs] 
2014-07-16T01:07:18.754+0000: 410.858: [GC [PSYoungGen: 930014K->3642K(1111232K)] 1148121K->225191K(1798208K), 0.0241280 secs] [Times: user=0.09 sys=0.00, real=0.02 secs] 
2014-07-16T01:07:21.216+0000: 413.320: [GC [PSYoungGen: 1111226K->6792K(1069568K)] 1332775K->228414K(1756544K), 0.0174350 secs] [Times: user=0.06 sys=0.00, real=0.02 secs] 
2014-07-16T01:07:23.504+0000: 415.607: [GC [PSYoungGen: 1069512K->4280K(1024256K)] 1291134K->228643K(1711232K), 0.0064750 secs] [Times: user=0.02 sys=0.00, real=0.00 secs] 
2014-07-16T01:07:25.735+0000: 417.839: [GC [PSYoungGen: 1024248K->7098K(986368K)] 1248611K->231605K(1673344K), 0.0125480 secs] [Times: user=0.05 sys=0.00, real=0.01 secs] 
2014-07-16T01:07:27.825+0000: 419.928: [GC [PSYoungGen: 986362K->3236K(943808K)] 1210869K->231544K(1630784K), 0.0123080 secs] [Times: user=0.05 sys=0.00, real=0.01 secs] 
2014-07-16T01:07:29.817+0000: 421.921: [GC [PSYoungGen: 943780K->6942K(910656K)] 1172088K->235322K(1597632K), 0.0148440 secs] [Times: user=0.06 sys=0.00, real=0.01 secs] 
2014-07-16T01:07:31.835+0000: 423.939: [GC [PSYoungGen: 910622K->4404K(872960K)] 1139002K->235354K(1559936K), 0.0333360 secs] [Times: user=0.12 sys=0.00, real=0.03 secs] 
2014-07-16T01:07:33.670+0000: 425.773: [GC [PSYoungGen: 872948K->6728K(1049088K)] 1103898K->237790K(1736064K), 0.0311620 secs] [Times: user=0.09 sys=0.01, real=0.03 secs] 
2014-07-16T01:07:35.964+0000: 428.067: [GC [PSYoungGen: 1049032K->3428K(1254272K)] 1280094K->238169K(1941248K), 0.0356450 secs] [Times: user=0.13 sys=0.01, real=0.04 secs] 
2014-07-16T01:07:38.660+0000: 430.763: [GC [PSYoungGen: 1254244K->6892K(1507904K)] 1488985K->241754K(2194880K), 0.0139800 secs] [Times: user=0.05 sys=0.00, real=0.01 secs] 
2014-07-16T01:07:41.894+0000: 433.998: [GC [PSYoungGen: 1507884K->4280K(1441280K)] 1742746K->242126K(2128256K), 0.0245880 secs] [Times: user=0.09 sys=0.00, real=0.03 secs] 
2014-07-16T01:07:44.960+0000: 437.064: [GC [PSYoungGen: 1441272K->6920K(1383104K)] 1679118K->244838K(2070080K), 0.0100080 secs] [Times: user=0.02 sys=0.00, real=0.01 secs] 
2014-07-16T01:07:47.920+0000: 440.023: [GC [PSYoungGen: 1383048K->3492K(1321728K)] 1620966K->245038K(2008704K), 0.0301050 secs] [Times: user=0.11 sys=0.01, real=0.03 secs] 
2014-07-16T01:07:50.836+0000: 442.939: [GC [PSYoungGen: 1321700K->7042K(1270208K)] 1563246K->248700K(1957184K), 0.0264510 secs] [Times: user=0.09 sys=0.01, real=0.03 secs] 
2014-07-16T01:07:53.473+0000: 445.577: [GC [PSYoungGen: 1270146K->4144K(1519936K)] 1511804K->248957K(2206912K), 0.0455340 secs] [Times: user=0.16 sys=0.01, real=0.05 secs] 
2014-07-16T01:07:56.755+0000: 448.859: [GC [PSYoungGen: 1519920K->6984K(1458048K)] 1764733K->251965K(2145024K), 0.0155530 secs] [Times: user=0.05 sys=0.00, real=0.02 secs] 
2014-07-16T01:07:59.844+0000: 451.947: [GC [PSYoungGen: 1457992K->3692K(1393152K)] 1702973K->252041K(2080128K), 0.0277930 secs] [Times: user=0.10 sys=0.00, real=0.03 secs] 
2014-07-16T01:08:02.814+0000: 454.918: [GC [PSYoungGen: 1393132K->7348K(1338240K)] 1641481K->255785K(2025216K), 0.0230700 secs] [Times: user=0.08 sys=0.00, real=0.02 secs] 
2014-07-16T01:08:05.651+0000: 457.755: [GC [PSYoungGen: 1338228K->3684K(1278848K)] 1586665K->255769K(1965824K), 0.0150650 secs] [Times: user=0.05 sys=0.00, real=0.01 secs] 
2014-07-16T01:08:08.416+0000: 460.520: [GC [PSYoungGen: 1278820K->6682K(1228864K)] 1530905K->258888K(1915840K), 0.0328640 secs] [Times: user=0.11 sys=0.00, real=0.03 secs] 
2014-07-16T01:08:11.128+0000: 463.231: [GC [PSYoungGen: 1228820K->4710K(1176448K)] 1481026K->259308K(1863424K), 0.0324670 secs] [Times: user=0.12 sys=0.00, real=0.03 secs] 
2014-07-16T01:08:13.598+0000: 465.702: [GC [PSYoungGen: 1176422K->6888K(1412992K)] 1431020K->261550K(2099968K), 0.0296970 secs] [Times: user=0.11 sys=0.00, real=0.03 secs] 
2014-07-16T01:08:16.644+0000: 468.748: [GC [PSYoungGen: 1412968K->3492K(1350208K)] 1667630K->261775K(2037184K), 0.0233500 secs] [Times: user=0.08 sys=0.00, real=0.02 secs] 
2014-07-16T01:08:19.526+0000: 471.630: [GC [PSYoungGen: 1350161K->6978K(1297216K)] 1608445K->265390K(1984192K), 0.0205530 secs] [Times: user=0.07 sys=0.00, real=0.02 secs] 
2014-07-16T01:08:22.339+0000: 474.443: [GC [PSYoungGen: 1297154K->4476K(1240896K)] 1555566K->265524K(1927872K), 0.0123920 secs] [Times: user=0.03 sys=0.01, real=0.01 secs] 
2014-07-16T01:08:24.970+0000: 477.073: [GC [PSYoungGen: 1240892K->6948K(1192256K)] 1501940K->268116K(1879232K), 0.0283850 secs] [Times: user=0.09 sys=0.00, real=0.03 secs] 
2014-07-16T01:08:27.516+0000: 479.619: [GC [PSYoungGen: 1192193K->3574K(1140224K)] 1453360K->268250K(1827200K), 0.0321800 secs] [Times: user=0.11 sys=0.00, real=0.03 secs] 
2014-07-16T01:08:29.987+0000: 482.091: [GC [PSYoungGen: 1140214K->7038K(1097408K)] 1404890K->271851K(1784384K), 0.0200640 secs] [Times: user=0.07 sys=0.00, real=0.02 secs] 
2014-07-16T01:08:32.372+0000: 484.475: [GC [PSYoungGen: 1097406K->4276K(1050624K)] 1362219K->271917K(1737600K), 0.0248510 secs] [Times: user=0.08 sys=0.01, real=0.03 secs] 
2014-07-16T01:08:34.615+0000: 486.718: [GC [PSYoungGen: 1050612K->7034K(1011456K)] 1318253K->274763K(1698432K), 0.0116070 secs] [Times: user=0.04 sys=0.00, real=0.01 secs] 
2014-07-16T01:08:36.836+0000: 488.940: [GC [PSYoungGen: 1011450K->3428K(967936K)] 1279179K->274706K(1654912K), 0.0133790 secs] [Times: user=0.05 sys=0.00, real=0.01 secs] 
2014-07-16T01:08:38.884+0000: 490.988: [GC [PSYoungGen: 967908K->6810K(933312K)] 1239186K->278200K(1620288K), 0.0121870 secs] [Times: user=0.05 sys=0.01, real=0.02 secs] 
2014-07-16T01:08:40.851+0000: 492.954: [GC [PSYoungGen: 933274K->4476K(894720K)] 1204664K->278504K(1581696K), 0.0224200 secs] [Times: user=0.08 sys=0.01, real=0.02 secs] 
2014-07-16T01:08:42.781+0000: 494.885: [GC [PSYoungGen: 894716K->6788K(862592K)] 1168744K->280889K(1549568K), 0.0300710 secs] [Times: user=0.11 sys=0.00, real=0.03 secs] 
2014-07-16T01:08:44.598+0000: 496.701: [GC [PSYoungGen: 862532K->3428K(1030400K)] 1136633K->281171K(1717376K), 0.0223600 secs] [Times: user=0.09 sys=0.00, real=0.02 secs] 
2014-07-16T01:08:46.829+0000: 498.932: [GC [PSYoungGen: 1030372K->6924K(1239360K)] 1308115K->284787K(1926336K), 0.0294430 secs] [Times: user=0.10 sys=0.00, real=0.03 secs] 
2014-07-16T01:08:49.451+0000: 501.554: [GC [PSYoungGen: 1239308K->4326K(1483264K)] 1517171K->285013K(2170240K), 0.0217970 secs] [Times: user=0.08 sys=0.00, real=0.02 secs] 
2014-07-16T01:08:52.643+0000: 504.746: [GC [PSYoungGen: 1483238K->6856K(1422912K)] 1763925K->287674K(2109888K), 0.0195140 secs] [Times: user=0.06 sys=0.01, real=0.02 secs] 
2014-07-16T01:08:55.645+0000: 507.748: [GC [PSYoungGen: 1422856K->3492K(1359680K)] 1703674K->287845K(2046656K), 0.0187140 secs] [Times: user=0.07 sys=0.00, real=0.02 secs] 
2014-07-16T01:08:58.560+0000: 510.663: [GC [PSYoungGen: 1359652K->6956K(1306176K)] 1644005K->291437K(1993152K), 0.0172930 secs] [Times: user=0.06 sys=0.00, real=0.01 secs] 
2014-07-16T01:09:01.336+0000: 513.440: [GC [PSYoungGen: 1306156K->4262K(1249344K)] 1590637K->291919K(1936320K), 0.0182860 secs] [Times: user=0.07 sys=0.01, real=0.02 secs] 
2014-07-16T01:09:04.012+0000: 516.115: [GC [PSYoungGen: 1249318K->6970K(1200512K)] 1536975K->294691K(1887488K), 0.0250090 secs] [Times: user=0.08 sys=0.00, real=0.02 secs] 
2014-07-16T01:09:06.559+0000: 518.663: [GC [PSYoungGen: 1200506K->3620K(1148160K)] 1488227K->294794K(1835136K), 0.0216320 secs] [Times: user=0.08 sys=0.00, real=0.02 secs] 
2014-07-16T01:09:09.021+0000: 521.125: [GC [PSYoungGen: 1148132K->7198K(1105088K)] 1439306K->298484K(1792064K), 0.0279770 secs] [Times: user=0.10 sys=0.00, real=0.03 secs] 
2014-07-16T01:09:11.378+0000: 523.481: [GC [PSYoungGen: 1105054K->4016K(1057472K)] 1396340K->298554K(1744448K), 0.0249130 secs] [Times: user=0.09 sys=0.00, real=0.03 secs] 
2014-07-16T01:09:13.651+0000: 525.754: [GC [PSYoungGen: 1057456K->6938K(1018112K)] 1351994K->301556K(1705088K), 0.0161260 secs] [Times: user=0.05 sys=0.00, real=0.01 secs] 
2014-07-16T01:09:15.800+0000: 527.903: [GC [PSYoungGen: 1018074K->4030K(974912K)] 1312692K->301678K(1661888K), 0.0253420 secs] [Times: user=0.09 sys=0.00, real=0.03 secs] 
2014-07-16T01:09:17.916+0000: 530.019: [GC [PSYoungGen: 974910K->6828K(939392K)] 1272558K->304573K(1626368K), 0.0232230 secs] [Times: user=0.07 sys=0.01, real=0.02 secs] 
2014-07-16T01:09:19.903+0000: 532.007: [GC [PSYoungGen: 939372K->4020K(900096K)] 1237117K->304735K(1587072K), 0.0158920 secs] [Times: user=0.06 sys=0.00, real=0.01 secs] 
2014-07-16T01:09:21.817+0000: 533.920: [GC [PSYoungGen: 900084K->6856K(1082240K)] 1200799K->307651K(1769216K), 0.0325960 secs] [Times: user=0.12 sys=0.00, real=0.03 secs] 
2014-07-16T01:09:24.146+0000: 536.249: [GC [PSYoungGen: 1082184K->3948K(1035968K)] 1382979K->308047K(1722944K), 0.0153090 secs] [Times: user=0.06 sys=0.00, real=0.01 secs] 
2014-07-16T01:09:26.346+0000: 538.450: [GC [PSYoungGen: 1035948K->7106K(1245568K)] 1340047K->311397K(1932544K), 0.0259930 secs] [Times: user=0.10 sys=0.00, real=0.03 secs] 
2014-07-16T01:09:29.032+0000: 541.136: [GC [PSYoungGen: 1245506K->3766K(1190976K)] 1549797K->311513K(1877952K), 0.0161920 secs] [Times: user=0.05 sys=0.01, real=0.01 secs] 
2014-07-16T01:09:31.596+0000: 543.699: [GC [PSYoungGen: 1190966K->7034K(1145472K)] 1498713K->314910K(1832448K), 0.0144990 secs] [Times: user=0.05 sys=0.00, real=0.01 secs] 
2014-07-16T01:09:34.025+0000: 546.128: [GC [PSYoungGen: 1145466K->4222K(1096256K)] 1453342K->315024K(1783232K), 0.0296750 secs] [Times: user=0.11 sys=0.00, real=0.03 secs] 
2014-07-16T01:09:36.371+0000: 548.474: [GC [PSYoungGen: 1096254K->7002K(1054912K)] 1407056K->317972K(1741888K), 0.0220160 secs] [Times: user=0.07 sys=0.00, real=0.02 secs] 
2014-07-16T01:09:38.635+0000: 550.738: [GC [PSYoungGen: 1054874K->3628K(1009472K)] 1365844K->318188K(1696448K), 0.0215030 secs] [Times: user=0.08 sys=0.00, real=0.02 secs] 
2014-07-16T01:09:40.775+0000: 552.878: [GC [PSYoungGen: 1009452K->6892K(972736K)] 1324012K->321540K(1659712K), 0.0191830 secs] [Times: user=0.06 sys=0.01, real=0.02 secs] 
2014-07-16T01:09:42.891+0000: 554.995: [GC [PSYoungGen: 972716K->4340K(1163392K)] 1287364K->321848K(1850368K), 0.0294880 secs] [Times: user=0.11 sys=0.00, real=0.03 secs] 
2014-07-16T01:09:45.362+0000: 557.466: [GC [PSYoungGen: 1163380K->6596K(1118336K)] 1480888K->324256K(1805312K), 0.0074720 secs] [Times: user=0.02 sys=0.00, real=0.01 secs] 
2014-07-16T01:09:47.773+0000: 559.877: [GC [PSYoungGen: 1118276K->3888K(1070464K)] 1435936K->324611K(1757440K), 0.0201900 secs] [Times: user=0.07 sys=0.00, real=0.02 secs] 
2014-07-16T01:09:50.045+0000: 562.148: [GC [PSYoungGen: 1070448K->7056K(1030720K)] 1391171K->327891K(1717696K), 0.0218270 secs] [Times: user=0.05 sys=0.00, real=0.03 secs] 
2014-07-16T01:09:52.246+0000: 564.350: [GC [PSYoungGen: 1030672K->4016K(986816K)] 1351507K->328121K(1673792K), 0.0190850 secs] [Times: user=0.07 sys=0.01, real=0.01 secs] 
2014-07-16T01:09:54.364+0000: 566.467: [GC [PSYoungGen: 986800K->7294K(951168K)] 1310905K->331519K(1638144K), 0.0263480 secs] [Times: user=0.09 sys=0.01, real=0.03 secs] 
2014-07-16T01:09:56.375+0000: 568.479: [GC [PSYoungGen: 951166K->3688K(1136384K)] 1275391K->331352K(1823360K), 0.0337520 secs] [Times: user=0.12 sys=0.00, real=0.04 secs] 
2014-07-16T01:09:58.819+0000: 570.923: [GC [PSYoungGen: 1136338K->7184K(1366464K)] 1464002K->334936K(2053440K), 0.0291710 secs] [Times: user=0.11 sys=0.00, real=0.03 secs] 
2014-07-16T01:10:01.743+0000: 573.846: [GC [PSYoungGen: 1366416K->4204K(1635328K)] 1694168K->334702K(2322304K), 0.0225670 secs] [Times: user=0.07 sys=0.01, real=0.02 secs] 
2014-07-16T01:10:05.256+0000: 577.359: [GC [PSYoungGen: 1635308K->7052K(1567808K)] 1965806K->337614K(2254784K), 0.0237270 secs] [Times: user=0.08 sys=0.01, real=0.03 secs] 
2014-07-16T01:10:08.603+0000: 580.706: [GC [PSYoungGen: 1567756K->3688K(1497472K)] 1898318K->338043K(2184448K), 0.0321590 secs] [Times: user=0.12 sys=0.00, real=0.03 secs] 
2014-07-16T01:10:11.781+0000: 583.885: [GC [PSYoungGen: 1497415K->6992K(1437120K)] 1831771K->341510K(2124096K), 0.0297880 secs] [Times: user=0.11 sys=0.00, real=0.03 secs] 
2014-07-16T01:10:14.899+0000: 587.002: [GC [PSYoungGen: 1437072K->4540K(1374080K)] 1771590K->341762K(2061056K), 0.0331190 secs] [Times: user=0.11 sys=0.00, real=0.04 secs] 
2014-07-16T01:10:17.825+0000: 589.929: [GC [PSYoungGen: 1374076K->6810K(1318784K)] 1711298K->344338K(2005760K), 0.0230440 secs] [Times: user=0.08 sys=0.00, real=0.02 secs] 
2014-07-16T01:10:20.680+0000: 592.783: [GC [PSYoungGen: 1318746K->3756K(1260928K)] 1656274K->344638K(1947904K), 0.0138350 secs] [Times: user=0.04 sys=0.00, real=0.02 secs] 
2014-07-16T01:10:23.423+0000: 595.526: [GC [PSYoungGen: 1260908K->6860K(1211904K)] 1601790K->347822K(1898880K), 0.0264920 secs] [Times: user=0.10 sys=0.00, real=0.02 secs] 
2014-07-16T01:10:26.045+0000: 598.149: [GC [PSYoungGen: 1211852K->4476K(1159872K)] 1552814K->348116K(1846848K), 0.0136540 secs] [Times: user=0.05 sys=0.00, real=0.01 secs] 
2014-07-16T01:10:28.558+0000: 600.662: [GC [PSYoungGen: 1159868K->6948K(1115136K)] 1503508K->350764K(1802112K), 0.0133000 secs] [Times: user=0.04 sys=0.00, real=0.02 secs] 
2014-07-16T01:10:30.943+0000: 603.046: [GC [PSYoungGen: 1115108K->3706K(1066944K)] 1458924K->350686K(1753920K), 0.0221440 secs] [Times: user=0.08 sys=0.00, real=0.02 secs] 
2014-07-16T01:10:33.297+0000: 605.401: [GC [PSYoungGen: 1066938K->7220K(1027712K)] 1413918K->354273K(1714688K), 0.0195420 secs] [Times: user=0.07 sys=0.01, real=0.02 secs] 
2014-07-16T01:10:35.479+0000: 607.582: [GC [PSYoungGen: 1027700K->4080K(983872K)] 1374753K->354178K(1670848K), 0.0240440 secs] [Times: user=0.08 sys=0.00, real=0.03 secs] 
2014-07-16T01:10:37.592+0000: 609.696: [GC [PSYoungGen: 983827K->6856K(947904K)] 1333925K->357106K(1634880K), 0.0278150 secs] [Times: user=0.10 sys=0.00, real=0.03 secs] 
2014-07-16T01:10:39.644+0000: 611.747: [GC [PSYoungGen: 947848K->4016K(908096K)] 1298098K->357172K(1595072K), 0.0208830 secs] [Times: user=0.07 sys=0.00, real=0.02 secs] 
2014-07-16T01:10:41.581+0000: 613.685: [GC [PSYoungGen: 908080K->6814K(875776K)] 1261236K->360042K(1562752K), 0.0109470 secs] [Times: user=0.03 sys=0.01, real=0.01 secs] 
2014-07-16T01:10:43.476+0000: 615.580: [GC [PSYoungGen: 875742K->4132K(1046912K)] 1228970K->360319K(1733888K), 0.0317490 secs] [Times: user=0.09 sys=0.00, real=0.03 secs] 
2014-07-16T01:10:45.731+0000: 617.834: [GC [PSYoungGen: 1046884K->7006K(1008000K)] 1403071K->363329K(1694976K), 0.0192450 secs] [Times: user=0.07 sys=0.00, real=0.02 secs] 
2014-07-16T01:10:47.867+0000: 619.971: [GC [PSYoungGen: 1007966K->3820K(1204992K)] 1364289K->363437K(1891968K), 0.0654520 secs] [Times: user=0.23 sys=0.00, real=0.06 secs] 
2014-07-16T01:10:50.489+0000: 622.593: [GC [PSYoungGen: 1204972K->6860K(1448320K)] 1564589K->366533K(2135296K), 0.0150320 secs] [Times: user=0.05 sys=0.00, real=0.01 secs] 
2014-07-16T01:10:53.622+0000: 625.725: [GC [PSYoungGen: 1448268K->4158K(1669952K)] 1807941K->366982K(2356928K), 0.0337650 secs] [Times: user=0.12 sys=0.01, real=0.04 secs] 
2014-07-16T01:10:57.234+0000: 629.337: [GC [PSYoungGen: 1669930K->7038K(1673280K)] 2032755K->370055K(2360256K), 0.0177630 secs] [Times: user=0.07 sys=0.00, real=0.02 secs] 
2014-07-16T01:11:00.816+0000: 632.919: [GC [PSYoungGen: 1672830K->6692K(1600384K)] 2035847K->370025K(2287360K), 0.0233740 secs] [Times: user=0.08 sys=0.01, real=0.03 secs] 
2014-07-16T01:11:04.268+0000: 636.372: [GC [PSYoungGen: 1600356K->6838K(1531968K)] 1963689K->370291K(2218944K), 0.0119100 secs] [Times: user=0.04 sys=0.00, real=0.01 secs] 
2014-07-16T01:11:07.546+0000: 639.650: [GC [PSYoungGen: 1531958K->1440K(1461376K)] 1895411K->370628K(2148352K), 0.0365180 secs] [Times: user=0.10 sys=0.01, real=0.04 secs] 
2014-07-16T01:11:10.711+0000: 642.815: [GC [PSYoungGen: 1461344K->7344K(1405248K)] 1830532K->376596K(2092224K), 0.0236710 secs] [Times: user=0.07 sys=0.01, real=0.02 secs] 
2014-07-16T01:11:13.811+0000: 645.915: [GC [PSYoungGen: 1405204K->6184K(1345088K)] 1774456K->376728K(2032064K), 0.0244720 secs] [Times: user=0.09 sys=0.00, real=0.02 secs] 
2014-07-16T01:11:16.659+0000: 648.762: [GC [PSYoungGen: 1345046K->6788K(1289600K)] 1715590K->377548K(1976576K), 0.0208640 secs] [Times: user=0.08 sys=0.00, real=0.03 secs] 
2014-07-16T01:11:19.464+0000: 651.568: [GC [PSYoungGen: 1289540K->2366K(1231744K)] 1660300K->377760K(1918720K), 0.0294850 secs] [Times: user=0.10 sys=0.00, real=0.03 secs] 
2014-07-16T01:11:22.116+0000: 654.220: [GC [PSYoungGen: 1231742K->7156K(1185792K)] 1607136K->382606K(1872768K), 0.0245270 secs] [Times: user=0.08 sys=0.00, real=0.03 secs] 
2014-07-16T01:11:24.637+0000: 656.741: [GC [PSYoungGen: 1185780K->5732K(1136064K)] 1561230K->382598K(1823040K), 0.0251810 secs] [Times: user=0.08 sys=0.01, real=0.03 secs] 
2014-07-16T01:11:27.088+0000: 659.191: [GC [PSYoungGen: 1136036K->6902K(1091200K)] 1512902K->383992K(1778176K), 0.0144550 secs] [Times: user=0.05 sys=0.00, real=0.02 secs] 
2014-07-16T01:11:29.530+0000: 661.634: [GC [PSYoungGen: 1091190K->2602K(1043136K)] 1468280K->384143K(1730112K), 0.0089360 secs] [Times: user=0.03 sys=0.00, real=0.01 secs] 
2014-07-16T01:11:31.746+0000: 663.850: [GC [PSYoungGen: 1043114K->6988K(1005888K)] 1424655K->388610K(1692864K), 0.0265110 secs] [Times: user=0.09 sys=0.01, real=0.03 secs] 
2014-07-16T01:11:33.882+0000: 665.986: [GC [PSYoungGen: 1005812K->5352K(964544K)] 1387433K->388758K(1651520K), 0.0243990 secs] [Times: user=0.09 sys=0.01, real=0.02 secs] 
2014-07-16T01:11:35.977+0000: 668.080: [GC [PSYoungGen: 964520K->6692K(928128K)] 1347926K->390338K(1615104K), 0.0138180 secs] [Times: user=0.05 sys=0.01, real=0.01 secs] 
2014-07-16T01:11:37.947+0000: 670.051: [GC [PSYoungGen: 928100K->2940K(888384K)] 1311746K->390647K(1575360K), 0.0257190 secs] [Times: user=0.09 sys=0.00, real=0.03 secs] 
2014-07-16T01:11:39.903+0000: 672.007: [GC [PSYoungGen: 888380K->7206K(1069760K)] 1276087K->394986K(1756736K), 0.0517950 secs] [Times: user=0.18 sys=0.00, real=0.05 secs] 
2014-07-16T01:11:42.154+0000: 674.258: [GC [PSYoungGen: 1069734K->4836K(1279936K)] 1457514K->394906K(1966912K), 0.0141580 secs] [Times: user=0.04 sys=0.01, real=0.01 secs] 
2014-07-16T01:11:44.965+0000: 677.069: [GC [PSYoungGen: 1279908K->7030K(1229120K)] 1669978K->397188K(1916096K), 0.0123830 secs] [Times: user=0.04 sys=0.00, real=0.01 secs] 
2014-07-16T01:11:47.618+0000: 679.721: [GC [PSYoungGen: 1229110K->3104K(1469632K)] 1619268K->397148K(2156608K), 0.0398750 secs] [Times: user=0.14 sys=0.00, real=0.04 secs] 
2014-07-16T01:11:50.826+0000: 682.929: [GC [PSYoungGen: 1469600K->7052K(1766912K)] 1863644K->401177K(2453888K), 0.0312590 secs] [Times: user=0.11 sys=0.00, real=0.03 secs] 
2014-07-16T01:11:54.672+0000: 686.776: [GC [PSYoungGen: 1766860K->4664K(1687744K)] 2160985K->401344K(2374720K), 0.0195090 secs] [Times: user=0.07 sys=0.00, real=0.02 secs] 
2014-07-16T01:11:58.278+0000: 690.381: [GC [PSYoungGen: 1687736K->6888K(1617024K)] 2084416K->403817K(2304000K), 0.0324120 secs] [Times: user=0.12 sys=0.00, real=0.03 secs] 
2014-07-16T01:12:01.746+0000: 693.850: [GC [PSYoungGen: 1616983K->3300K(1544064K)] 2013912K->404040K(2231040K), 0.0152030 secs] [Times: user=0.04 sys=0.01, real=0.01 secs] 
2014-07-16T01:12:05.105+0000: 697.209: [GC [PSYoungGen: 1544036K->7166K(1481920K)] 1944776K->407971K(2168896K), 0.0233000 secs] [Times: user=0.07 sys=0.00, real=0.03 secs] 
2014-07-16T01:12:08.273+0000: 700.376: [GC [PSYoungGen: 1481918K->4408K(1416448K)] 1882723K->408135K(2103424K), 0.0281180 secs] [Times: user=0.10 sys=0.01, real=0.03 secs] 
2014-07-16T01:12:11.305+0000: 703.408: [GC [PSYoungGen: 1416440K->6774K(1359168K)] 1820167K->410613K(2046144K), 0.0280190 secs] [Times: user=0.10 sys=0.00, real=0.03 secs] 
2014-07-16T01:12:14.199+0000: 706.302: [GC [PSYoungGen: 1359158K->3820K(1299456K)] 1762997K->410688K(1986432K), 0.0240040 secs] [Times: user=0.06 sys=0.00, real=0.02 secs] 
2014-07-16T01:12:17.016+0000: 709.119: [GC [PSYoungGen: 1299401K->7412K(1249024K)] 1706269K->414464K(1936000K), 0.0304370 secs] [Times: user=0.11 sys=0.01, real=0.03 secs] 
2014-07-16T01:12:19.669+0000: 711.773: [GC [PSYoungGen: 1249012K->3748K(1193984K)] 1656064K->414268K(1880960K), 0.0289820 secs] [Times: user=0.09 sys=0.01, real=0.03 secs] 
2014-07-16T01:12:22.237+0000: 714.340: [GC [PSYoungGen: 1193956K->6974K(1148288K)] 1604476K->417543K(1835264K), 0.0285950 secs] [Times: user=0.09 sys=0.01, real=0.03 secs] 
2014-07-16T01:12:24.676+0000: 716.779: [GC [PSYoungGen: 1148286K->4540K(1099328K)] 1558855K->417709K(1786304K), 0.0204070 secs] [Times: user=0.08 sys=0.00, real=0.02 secs] 
2014-07-16T01:12:27.037+0000: 719.141: [GC [PSYoungGen: 1099324K->6920K(1320768K)] 1512493K->420273K(2007744K), 0.0466060 secs] [Times: user=0.17 sys=0.01, real=0.05 secs] 
2014-07-16T01:12:30.027+0000: 722.130: [GC [PSYoungGen: 1320712K->3616K(1262528K)] 1734065K->420405K(1949504K), 0.0107360 secs] [Times: user=0.02 sys=0.01, real=0.01 secs] 
2014-07-16T01:12:32.645+0000: 724.748: [GC [PSYoungGen: 1262496K->6988K(1517696K)] 1679285K->423849K(2204672K), 0.0297650 secs] [Times: user=0.11 sys=0.00, real=0.03 secs] 
2014-07-16T01:12:35.909+0000: 728.013: [GC [PSYoungGen: 1517621K->4336K(1450496K)] 1934482K->424247K(2137472K), 0.0217170 secs] [Times: user=0.08 sys=0.00, real=0.03 secs] 
2014-07-16T01:12:39.001+0000: 731.104: [GC [PSYoungGen: 1450480K->6988K(1391872K)] 1870391K->427123K(2078848K), 0.0169820 secs] [Times: user=0.05 sys=0.00, real=0.01 secs] 
2014-07-16T01:12:42.011+0000: 734.114: [GC [PSYoungGen: 1391749K->3774K(1330240K)] 1811884K->427391K(2017216K), 0.0240480 secs] [Times: user=0.09 sys=0.00, real=0.03 secs] 
2014-07-16T01:12:44.839+0000: 736.942: [GC [PSYoungGen: 1330238K->7048K(1278080K)] 1753855K->430737K(1965056K), 0.0242390 secs] [Times: user=0.07 sys=0.00, real=0.03 secs] 
2014-07-16T01:12:47.590+0000: 739.693: [GC [PSYoungGen: 1278024K->4276K(1222464K)] 1701713K->430813K(1909440K), 0.0397600 secs] [Times: user=0.14 sys=0.00, real=0.04 secs] 
2014-07-16T01:12:50.205+0000: 742.308: [GC [PSYoungGen: 1222452K->7052K(1468928K)] 1648989K->433750K(2155904K), 0.0292210 secs] [Times: user=0.11 sys=0.00, real=0.03 secs] 
2014-07-16T01:12:53.376+0000: 745.479: [GC [PSYoungGen: 1468876K->3620K(1403392K)] 1895574K->433959K(2090368K), 0.0253080 secs] [Times: user=0.09 sys=0.00, real=0.02 secs] 
2014-07-16T01:12:56.440+0000: 748.544: [GC [PSYoungGen: 1403364K->7084K(1347776K)] 1833703K->437600K(2034752K), 0.0263130 secs] [Times: user=0.09 sys=0.01, real=0.03 secs] 
2014-07-16T01:12:59.386+0000: 751.489: [GC [PSYoungGen: 1347756K->4280K(1288768K)] 1778272K->437672K(1975744K), 0.0231080 secs] [Times: user=0.08 sys=0.01, real=0.02 secs] 
2014-07-16T01:13:02.204+0000: 754.308: [GC [PSYoungGen: 1288760K->6906K(1237952K)] 1722152K->440426K(1924928K), 0.0293730 secs] [Times: user=0.11 sys=0.00, real=0.03 secs] 
2014-07-16T01:13:04.855+0000: 756.959: [GC [PSYoungGen: 1237946K->3684K(1183872K)] 1671466K->440691K(1870848K), 0.0113870 secs] [Times: user=0.02 sys=0.00, real=0.01 secs] 
2014-07-16T01:13:07.402+0000: 759.505: [GC [PSYoungGen: 1183770K->7070K(1138880K)] 1620778K->444262K(1825856K), 0.0196160 secs] [Times: user=0.07 sys=0.00, real=0.02 secs] 
2014-07-16T01:13:09.837+0000: 761.940: [GC [PSYoungGen: 1138846K->4088K(1089792K)] 1576038K->444327K(1776768K), 0.0275760 secs] [Times: user=0.11 sys=0.00, real=0.02 secs] 
2014-07-16T01:13:12.161+0000: 764.265: [GC [PSYoungGen: 1089784K->6874K(1048768K)] 1530023K->447177K(1735744K), 0.0224160 secs] [Times: user=0.08 sys=0.00, real=0.02 secs] 
2014-07-16T01:13:14.390+0000: 766.494: [GC [PSYoungGen: 1048730K->3884K(1004032K)] 1489033K->447344K(1691008K), 0.0235840 secs] [Times: user=0.08 sys=0.00, real=0.02 secs] 
2014-07-16T01:13:16.577+0000: 768.681: [GC [PSYoungGen: 1004012K->6956K(1207168K)] 1447472K->450627K(1894144K), 0.0318850 secs] [Times: user=0.11 sys=0.00, real=0.03 secs] 
2014-07-16T01:13:19.234+0000: 771.338: [GC [PSYoungGen: 1207148K->3902K(1444160K)] 1650819K->450947K(2131136K), 0.0275420 secs] [Times: user=0.08 sys=0.01, real=0.03 secs] 
2014-07-16T01:13:22.350+0000: 774.454: [GC [PSYoungGen: 1444158K->7066K(1386304K)] 1891203K->454247K(2073280K), 0.0259400 secs] [Times: user=0.09 sys=0.00, real=0.02 secs] 
2014-07-16T01:13:25.301+0000: 777.405: [GC [PSYoungGen: 1386266K->3902K(1325056K)] 1833447K->454351K(2012032K), 0.0269520 secs] [Times: user=0.10 sys=0.00, real=0.03 secs] 
2014-07-16T01:13:28.213+0000: 780.317: [GC [PSYoungGen: 1325054K->6792K(1272768K)] 1775503K->457449K(1959744K), 0.0245200 secs] [Times: user=0.09 sys=0.01, real=0.02 secs] 
2014-07-16T01:13:30.972+0000: 783.076: [GC [PSYoungGen: 1272712K->4148K(1217536K)] 1723369K->457767K(1904512K), 0.0142630 secs] [Times: user=0.04 sys=0.00, real=0.01 secs] 
2014-07-16T01:13:33.567+0000: 785.671: [GC [PSYoungGen: 1217524K->6952K(1170368K)] 1671143K->460718K(1857344K), 0.0292490 secs] [Times: user=0.10 sys=0.01, real=0.03 secs] 
2014-07-16T01:13:36.294+0000: 788.397: [GC [PSYoungGen: 1170344K->3772K(1119552K)] 1624110K->460874K(1806528K), 0.0327370 secs] [Times: user=0.12 sys=0.00, real=0.03 secs] 
2014-07-16T01:13:38.684+0000: 790.787: [GC [PSYoungGen: 1119548K->7120K(1346112K)] 1576650K->464351K(2033088K), 0.0276170 secs] [Times: user=0.09 sys=0.01, real=0.03 secs] 
2014-07-16T01:13:41.547+0000: 793.651: [GC [PSYoungGen: 1346064K->3838K(1286656K)] 1803295K->464309K(1973632K), 0.0229450 secs] [Times: user=0.08 sys=0.00, real=0.02 secs] 
2014-07-16T01:13:44.293+0000: 796.396: [GC [PSYoungGen: 1286654K->6970K(1236416K)] 1747125K->467537K(1923392K), 0.0246670 secs] [Times: user=0.08 sys=0.01, real=0.02 secs] 
2014-07-16T01:13:46.976+0000: 799.079: [GC [PSYoungGen: 1236410K->3966K(1182592K)] 1696977K->467623K(1869568K), 0.0171630 secs] [Times: user=0.06 sys=0.00, real=0.02 secs] 
2014-07-16T01:13:49.495+0000: 801.599: [GC [PSYoungGen: 1182590K->6938K(1421376K)] 1646247K->470723K(2108352K), 0.0471450 secs] [Times: user=0.16 sys=0.00, real=0.05 secs] 
2014-07-16T01:13:52.562+0000: 804.666: [GC [PSYoungGen: 1421338K->3692K(1700992K)] 1885123K->470884K(2387968K), 0.0285330 secs] [Times: user=0.10 sys=0.00, real=0.02 secs] 
2014-07-16T01:13:56.183+0000: 808.287: [GC [PSYoungGen: 1700972K->6988K(1630656K)] 2168164K->474277K(2317632K), 0.0288640 secs] [Times: user=0.10 sys=0.00, real=0.02 secs] 
2014-07-16T01:13:59.695+0000: 811.799: [GC [PSYoungGen: 1630604K->3884K(1557504K)] 2097893K->474517K(2244480K), 0.0223370 secs] [Times: user=0.07 sys=0.00, real=0.02 secs] 
2014-07-16T01:14:03.124+0000: 815.227: [GC [PSYoungGen: 1557444K->7116K(1494144K)] 2028076K->477861K(2181120K), 0.0207090 secs] [Times: user=0.08 sys=0.00, real=0.03 secs] 
2014-07-16T01:14:06.274+0000: 818.378: [GC [PSYoungGen: 1494092K->3692K(1427328K)] 1964837K->477890K(2114304K), 0.0265470 secs] [Times: user=0.09 sys=0.00, real=0.03 secs] 
2014-07-16T01:14:09.355+0000: 821.458: [GC [PSYoungGen: 1427308K->7180K(1370624K)] 1901506K->481498K(2057600K), 0.0229210 secs] [Times: user=0.08 sys=0.00, real=0.03 secs] 
2014-07-16T01:14:12.293+0000: 824.397: [GC [PSYoungGen: 1370572K->3820K(1309952K)] 1844890K->481435K(1996928K), 0.0256450 secs] [Times: user=0.08 sys=0.00, real=0.03 secs] 
2014-07-16T01:14:15.098+0000: 827.201: [GC [PSYoungGen: 1309932K->7358K(1258944K)] 1787547K->485093K(1945920K), 0.0193050 secs] [Times: user=0.07 sys=0.01, real=0.02 secs] 
2014-07-16T01:14:17.797+0000: 829.901: [GC [PSYoungGen: 1258942K->3556K(1203328K)] 1736677K->485148K(1890304K), 0.0309550 secs] [Times: user=0.10 sys=0.01, real=0.03 secs] 
2014-07-16T01:14:20.353+0000: 832.457: [GC [PSYoungGen: 1203300K->7116K(1157568K)] 1684892K->488828K(1844544K), 0.0192140 secs] [Times: user=0.06 sys=0.00, real=0.02 secs] 
2014-07-16T01:14:22.887+0000: 834.990: [GC [PSYoungGen: 1157516K->4408K(1107840K)] 1639228K->488875K(1794816K), 0.0234320 secs] [Times: user=0.08 sys=0.00, real=0.03 secs] 
2014-07-16T01:14:25.248+0000: 837.352: [GC [PSYoungGen: 1107832K->7198K(1065984K)] 1592299K->491857K(1752960K), 0.0324850 secs] [Times: user=0.10 sys=0.00, real=0.03 secs] 
2014-07-16T01:14:27.546+0000: 839.650: [GC [PSYoungGen: 1065950K->3364K(1019584K)] 1550609K->491663K(1706560K), 0.0225650 secs] [Times: user=0.08 sys=0.01, real=0.03 secs] 
2014-07-16T01:14:29.742+0000: 841.845: [GC [PSYoungGen: 1019556K->6746K(982464K)] 1507855K->495165K(1669440K), 0.0130240 secs] [Times: user=0.03 sys=0.00, real=0.01 secs] 
2014-07-16T01:14:31.819+0000: 843.922: [GC [PSYoungGen: 982426K->4836K(1175680K)] 1470845K->495431K(1862656K), 0.0301660 secs] [Times: user=0.11 sys=0.00, real=0.03 secs] 
2014-07-16T01:14:34.352+0000: 846.456: [GC [PSYoungGen: 1175652K->6820K(1411840K)] 1666247K->497503K(2098816K), 0.0331140 secs] [Times: user=0.12 sys=0.00, real=0.03 secs] 
2014-07-16T01:14:37.397+0000: 849.501: [GC [PSYoungGen: 1411812K->3296K(1689344K)] 1902495K->497854K(2376320K), 0.0271120 secs] [Times: user=0.10 sys=0.01, real=0.03 secs] 
2014-07-16T01:14:41.031+0000: 853.135: [GC [PSYoungGen: 1689312K->6956K(1619904K)] 2183870K->501618K(2306880K), 0.0099670 secs] [Times: user=0.02 sys=0.00, real=0.01 secs] 
2014-07-16T01:14:44.603+0000: 856.706: [GC [PSYoungGen: 1619884K->4704K(1548160K)] 2114546K->502048K(2235136K), 0.0342270 secs] [Times: user=0.13 sys=0.00, real=0.03 secs] 
2014-07-16T01:14:47.934+0000: 860.037: [GC [PSYoungGen: 1548128K->6820K(1484160K)] 2045472K->504452K(2171136K), 0.0345000 secs] [Times: user=0.12 sys=0.00, real=0.03 secs] 
2014-07-16T01:14:51.096+0000: 863.200: [GC [PSYoungGen: 1484132K->3560K(1418048K)] 1981764K->504521K(2105024K), 0.0254270 secs] [Times: user=0.10 sys=0.00, real=0.03 secs] 
2014-07-16T01:14:54.157+0000: 866.261: [GC [PSYoungGen: 1418024K->7244K(1361984K)] 1918985K->508245K(2048960K), 0.0319890 secs] [Times: user=0.11 sys=0.00, real=0.03 secs] 
2014-07-16T01:14:57.060+0000: 869.164: [GC [PSYoungGen: 1361932K->4276K(1302080K)] 1862933K->508233K(1989056K), 0.0304250 secs] [Times: user=0.11 sys=0.00, real=0.03 secs] 
2014-07-16T01:14:59.909+0000: 872.012: [GC [PSYoungGen: 1302068K->6828K(1250560K)] 1806025K->511005K(1937536K), 0.0181190 secs] [Times: user=0.06 sys=0.00, real=0.02 secs] 
2014-07-16T01:15:02.653+0000: 874.756: [GC [PSYoungGen: 1250540K->4158K(1196416K)] 1754717K->511261K(1883392K), 0.0378640 secs] [Times: user=0.14 sys=0.00, real=0.04 secs] 
2014-07-16T01:15:05.266+0000: 877.369: [GC [PSYoungGen: 1196414K->7030K(1150336K)] 1703517K->514293K(1837312K), 0.0255290 secs] [Times: user=0.08 sys=0.00, real=0.02 secs] 
2014-07-16T01:15:07.790+0000: 879.894: [GC [PSYoungGen: 1150326K->3966K(1100672K)] 1657589K->514277K(1787648K), 0.0259780 secs] [Times: user=0.10 sys=0.00, real=0.03 secs] 
2014-07-16T01:15:10.145+0000: 882.249: [GC [PSYoungGen: 1100670K->6892K(1059264K)] 1610981K->517308K(1746240K), 0.0207540 secs] [Times: user=0.08 sys=0.00, real=0.02 secs] 
2014-07-16T01:15:12.424+0000: 884.527: [GC [PSYoungGen: 1059244K->4144K(1267008K)] 1569660K->517387K(1953984K), 0.0398780 secs] [Times: user=0.12 sys=0.00, real=0.05 secs] 
2014-07-16T01:15:15.180+0000: 887.283: [GC [PSYoungGen: 1266992K->7266K(1217728K)] 1780235K->520597K(1904704K), 0.0075240 secs] [Times: user=0.02 sys=0.00, real=0.01 secs] 
2014-07-16T01:15:17.800+0000: 889.904: [GC [PSYoungGen: 1217698K->3428K(1164032K)] 1731029K->520741K(1851008K), 0.0319220 secs] [Times: user=0.11 sys=0.00, real=0.03 secs] 
2014-07-16T01:15:20.270+0000: 892.374: [GC [PSYoungGen: 1164004K->7166K(1120320K)] 1681317K->524583K(1807296K), 0.0174990 secs] [Times: user=0.06 sys=0.00, real=0.02 secs] 
2014-07-16T01:15:22.722+0000: 894.825: [GC [PSYoungGen: 1120318K->4542K(1072512K)] 1637735K->524716K(1759488K), 0.0252180 secs] [Times: user=0.09 sys=0.00, real=0.03 secs] 
2014-07-16T01:15:25.030+0000: 897.134: [GC [PSYoungGen: 1072510K->7180K(1032192K)] 1592684K->527475K(1719168K), 0.0276340 secs] [Times: user=0.10 sys=0.00, real=0.03 secs] 
2014-07-16T01:15:27.241+0000: 899.345: [GC [PSYoungGen: 1032140K->3496K(1233472K)] 1552435K->527457K(1920448K), 0.0306450 secs] [Times: user=0.11 sys=0.00, real=0.03 secs] 
2014-07-16T01:15:29.887+0000: 901.991: [GC [PSYoungGen: 1233448K->7212K(1186368K)] 1757409K->531237K(1873344K), 0.0191510 secs] [Times: user=0.07 sys=0.00, real=0.01 secs] 
2014-07-16T01:15:32.413+0000: 904.517: [GC [PSYoungGen: 1186348K->4408K(1419392K)] 1710373K->531127K(2106368K), 0.0279330 secs] [Times: user=0.10 sys=0.00, real=0.03 secs] 
2014-07-16T01:15:35.533+0000: 907.636: [GC [PSYoungGen: 1419384K->7034K(1705024K)] 1946103K->533833K(2392000K), 0.0339380 secs] [Times: user=0.12 sys=0.01, real=0.03 secs] 
2014-07-16T01:15:39.169+0000: 911.273: [GC [PSYoungGen: 1705018K->3556K(1627904K)] 2231817K->533952K(2314880K), 0.0187340 secs] [Times: user=0.06 sys=0.00, real=0.01 secs] 
2014-07-16T01:15:42.658+0000: 914.762: [GC [PSYoungGen: 1627876K->7102K(1561344K)] 2158272K->537611K(2248320K), 0.0324110 secs] [Times: user=0.12 sys=0.00, real=0.04 secs] 
2014-07-16T01:15:46.121+0000: 918.224: [GC [PSYoungGen: 1561342K->4344K(1491968K)] 2091851K->537711K(2178944K), 0.0255290 secs] [Times: user=0.09 sys=0.01, real=0.02 secs] 
2014-07-16T01:15:49.342+0000: 921.446: [GC [PSYoungGen: 1491960K->6678K(1430976K)] 2025327K->540293K(2117952K), 0.0214580 secs] [Times: user=0.08 sys=0.00, real=0.02 secs] 
2014-07-16T01:15:52.387+0000: 924.490: [GC [PSYoungGen: 1430934K->3824K(1367808K)] 1964549K->540411K(2054784K), 0.0115380 secs] [Times: user=0.04 sys=0.00, real=0.01 secs] 
2014-07-16T01:15:55.365+0000: 927.469: [GC [PSYoungGen: 1367792K->7052K(1313728K)] 1904379K->543687K(2000704K), 0.0182180 secs] [Times: user=0.06 sys=0.00, real=0.02 secs] 
2014-07-16T01:15:58.162+0000: 930.266: [GC [PSYoungGen: 1313676K->4066K(1256192K)] 1850311K->543926K(1943168K), 0.0254650 secs] [Times: user=0.09 sys=0.00, real=0.02 secs] 
2014-07-16T01:16:00.877+0000: 932.980: [GC [PSYoungGen: 1256162K->6810K(1207040K)] 1796022K->546742K(1894016K), 0.0264280 secs] [Times: user=0.09 sys=0.00, real=0.03 secs] 
2014-07-16T01:16:03.517+0000: 935.620: [GC [PSYoungGen: 1207002K->4094K(1154944K)] 1746934K->546906K(1841920K), 0.0245670 secs] [Times: user=0.09 sys=0.00, real=0.02 secs] 
2014-07-16T01:16:05.999+0000: 938.102: [GC [PSYoungGen: 1154942K->7152K(1111040K)] 1697754K->550148K(1798016K), 0.0343730 secs] [Times: user=0.12 sys=0.00, real=0.04 secs] 
2014-07-16T01:16:08.374+0000: 940.477: [GC [PSYoungGen: 1111024K->3770K(1062912K)] 1654020K->550555K(1749888K), 0.0073240 secs] [Times: user=0.03 sys=0.00, real=0.00 secs] 
2014-07-16T01:16:10.679+0000: 942.783: [GC [PSYoungGen: 1062906K->6842K(1023424K)] 1609691K->553715K(1710400K), 0.0266420 secs] [Times: user=0.08 sys=0.00, real=0.03 secs] 
2014-07-16T01:16:12.858+0000: 944.961: [GC [PSYoungGen: 1023418K->4668K(980736K)] 1570291K->554023K(1667712K), 0.0294370 secs] [Times: user=0.11 sys=0.00, real=0.03 secs] 
2014-07-16T01:16:15.016+0000: 947.119: [GC [PSYoungGen: 980732K->6838K(1178176K)] 1530087K->556353K(1865152K), 0.0281930 secs] [Times: user=0.10 sys=0.00, real=0.02 secs] 
2014-07-16T01:16:17.519+0000: 949.623: [GC [PSYoungGen: 1178166K->3752K(1409408K)] 1727681K->556518K(2096384K), 0.0231680 secs] [Times: user=0.07 sys=0.01, real=0.02 secs] 
2014-07-16T01:16:20.547+0000: 952.651: [GC [PSYoungGen: 1409384K->7020K(1353344K)] 1962150K->559866K(2040320K), 0.0144090 secs] [Times: user=0.05 sys=0.00, real=0.01 secs] 
2014-07-16T01:16:23.425+0000: 955.529: [GC [PSYoungGen: 1353324K->4332K(1294208K)] 1906170K->559944K(1981184K), 0.0357080 secs] [Times: user=0.13 sys=0.00, real=0.03 secs] 
2014-07-16T01:16:26.264+0000: 958.368: [GC [PSYoungGen: 1294188K->7276K(1243456K)] 1849800K->563017K(1930432K), 0.0202160 secs] [Times: user=0.06 sys=0.01, real=0.02 secs] 
2014-07-16T01:16:28.997+0000: 961.101: [GC [PSYoungGen: 1243436K->3364K(1188416K)] 1799177K->562889K(1875392K), 0.0247930 secs] [Times: user=0.10 sys=0.00, real=0.02 secs] 
2014-07-16T01:16:31.505+0000: 963.608: [GC [PSYoungGen: 1188329K->7174K(1429312K)] 1747855K->566788K(2116288K), 0.0392970 secs] [Times: user=0.14 sys=0.00, real=0.04 secs] 
2014-07-16T01:16:34.585+0000: 966.688: [GC [PSYoungGen: 1429254K->4408K(1710912K)] 1988868K->566878K(2397888K), 0.0263780 secs] [Times: user=0.10 sys=0.00, real=0.03 secs] 
2014-07-16T01:16:38.241+0000: 970.345: [GC [PSYoungGen: 1710904K->6984K(1639424K)] 2273374K->569686K(2326400K), 0.0325460 secs] [Times: user=0.12 sys=0.00, real=0.03 secs] 
2014-07-16T01:16:41.788+0000: 973.892: [GC [PSYoungGen: 1639368K->3710K(1565632K)] 2202070K->569730K(2252608K), 0.0253390 secs] [Times: user=0.09 sys=0.01, real=0.02 secs] 
2014-07-16T01:16:45.173+0000: 977.277: [GC [PSYoungGen: 1565630K->7198K(1502144K)] 2131650K->573338K(2189120K), 0.0286780 secs] [Times: user=0.10 sys=0.00, real=0.03 secs] 
2014-07-16T01:16:48.394+0000: 980.497: [GC [PSYoungGen: 1502110K->4080K(1435264K)] 2068250K->573516K(2122240K), 0.0139690 secs] [Times: user=0.03 sys=0.00, real=0.01 secs] 
2014-07-16T01:16:51.498+0000: 983.602: [GC [PSYoungGen: 1435248K->6906K(1377472K)] 2004684K->576494K(2064448K), 0.0140570 secs] [Times: user=0.03 sys=0.01, real=0.02 secs] 
2014-07-16T01:16:54.502+0000: 986.606: [GC [PSYoungGen: 1377466K->4140K(1317056K)] 1947054K->576881K(2004032K), 0.0222190 secs] [Times: user=0.08 sys=0.00, real=0.02 secs] 
2014-07-16T01:16:57.337+0000: 989.441: [GC [PSYoungGen: 1317036K->7412K(1265472K)] 1889777K->580377K(1952448K), 0.0330190 secs] [Times: user=0.12 sys=0.01, real=0.03 secs] 
2014-07-16T01:17:00.078+0000: 992.181: [GC [PSYoungGen: 1265460K->3556K(1209472K)] 1838425K->580124K(1896448K), 0.0288340 secs] [Times: user=0.10 sys=0.00, real=0.03 secs] 
2014-07-16T01:17:02.650+0000: 994.754: [GC [PSYoungGen: 1209444K->7106K(1454272K)] 1786012K->583795K(2141248K), 0.0416500 secs] [Times: user=0.15 sys=0.00, real=0.05 secs] 
2014-07-16T01:17:05.814+0000: 997.917: [GC [PSYoungGen: 1454210K->4532K(1741120K)] 2030899K->584281K(2428096K), 0.0417280 secs] [Times: user=0.16 sys=0.01, real=0.04 secs] 
2014-07-16T01:17:09.608+0000: 1001.712: [GC [PSYoungGen: 1741108K->6824K(1667840K)] 2320857K->586765K(2354816K), 0.0126050 secs] [Times: user=0.03 sys=0.00, real=0.01 secs] 
2014-07-16T01:17:13.164+0000: 1005.268: [GC [PSYoungGen: 1667816K->4020K(1593152K)] 2247757K->587181K(2280128K), 0.0262450 secs] [Times: user=0.10 sys=0.01, real=0.02 secs] 
2014-07-16T01:17:16.624+0000: 1008.728: [GC [PSYoungGen: 1593140K->7188K(1528000K)] 2176301K->590551K(2214976K), 0.0324390 secs] [Times: user=0.12 sys=0.01, real=0.03 secs] 
2014-07-16T01:17:19.944+0000: 1012.047: [GC [PSYoungGen: 1527956K->4158K(1459968K)] 2111319K->590454K(2146944K), 0.0287980 secs] [Times: user=0.09 sys=0.01, real=0.03 secs] 
2014-07-16T01:17:23.035+0000: 1015.138: [GC [PSYoungGen: 1459966K->7180K(1401216K)] 2046262K->593628K(2088192K), 0.0334280 secs] [Times: user=0.12 sys=0.00, real=0.03 secs] 
2014-07-16T01:17:26.052+0000: 1018.155: [GC [PSYoungGen: 1401164K->3902K(1339072K)] 1987612K->593568K(2026048K), 0.0221850 secs] [Times: user=0.08 sys=0.01, real=0.02 secs] 
2014-07-16T01:17:28.946+0000: 1021.050: [GC [PSYoungGen: 1339070K->6920K(1286208K)] 1928736K->596771K(1973184K), 0.0345430 secs] [Times: user=0.13 sys=0.00, real=0.03 secs] 
2014-07-16T01:17:31.801+0000: 1023.905: [GC [PSYoungGen: 1286106K->4276K(1230336K)] 1875956K->596853K(1917312K), 0.0241990 secs] [Times: user=0.10 sys=0.00, real=0.02 secs] 
2014-07-16T01:17:34.413+0000: 1026.516: [GC [PSYoungGen: 1230324K->7244K(1182720K)] 1822901K->599909K(1869696K), 0.0290970 secs] [Times: user=0.10 sys=0.00, real=0.03 secs] 
2014-07-16T01:17:36.983+0000: 1029.086: [GC [PSYoungGen: 1182668K->3552K(1414144K)] 1775333K->599881K(2101120K), 0.0371850 secs] [Times: user=0.12 sys=0.00, real=0.04 secs] 
2014-07-16T01:17:40.091+0000: 1032.194: [GC [PSYoungGen: 1414112K->7020K(1358016K)] 2010441K->603477K(2044992K), 0.0221420 secs] [Times: user=0.08 sys=0.00, real=0.02 secs] 
2014-07-16T01:17:42.958+0000: 1035.061: [GC [PSYoungGen: 1357996K->4536K(1298816K)] 1954453K->603473K(1985792K), 0.0230070 secs] [Times: user=0.09 sys=0.00, real=0.02 secs] 
2014-07-16T01:17:45.812+0000: 1037.915: [GC [PSYoungGen: 1298808K->6870K(1247232K)] 1897745K->605967K(1934208K), 0.0226580 secs] [Times: user=0.08 sys=0.00, real=0.02 secs] 
2014-07-16T01:17:48.458+0000: 1040.562: [GC [PSYoungGen: 1247190K->3556K(1491968K)] 1846287K->606253K(2178944K), 0.0362520 secs] [Times: user=0.14 sys=0.00, real=0.03 secs] 
2014-07-16T01:17:51.700+0000: 1043.804: [GC [PSYoungGen: 1491940K->7020K(1720384K)] 2094637K->609805K(2407360K), 0.0674960 secs] [Times: user=0.26 sys=0.00, real=0.06 secs] 
2014-07-16T01:17:55.411+0000: 1047.515: [GC [PSYoungGen: 1719916K->7012K(1793664K)] 2322701K->610197K(2480640K), 0.0346110 secs] [Times: user=0.11 sys=0.01, real=0.03 secs] 
2014-07-16T01:17:59.264+0000: 1051.368: [GC [PSYoungGen: 1793188K->6938K(1793600K)] 2396373K->610411K(2480576K), 0.0406100 secs] [Times: user=0.15 sys=0.01, real=0.04 secs] 
2014-07-16T01:18:03.150+0000: 1055.253: [GC [PSYoungGen: 1793114K->6792K(2150784K)] 2396587K->610417K(2837760K), 0.0230950 secs] [Times: user=0.08 sys=0.00, real=0.03 secs] 
2014-07-16T01:18:07.769+0000: 1059.873: [GC [PSYoungGen: 2150152K->6856K(2054656K)] 2753777K->610689K(2741632K), 0.0294000 secs] [Times: user=0.10 sys=0.01, real=0.03 secs] 
2014-07-16T01:18:12.213+0000: 1064.317: [GC [PSYoungGen: 2054600K->620K(1957504K)] 2658433K->611092K(2644480K), 0.0354990 secs] [Times: user=0.13 sys=0.00, real=0.03 secs] 
2014-07-16T01:18:16.456+0000: 1068.560: [GC [PSYoungGen: 1957484K->7476K(1877952K)] 2567956K->617996K(2564928K), 0.0248610 secs] [Times: user=0.09 sys=0.01, real=0.02 secs] 
2014-07-16T01:18:20.602+0000: 1072.705: [GC [PSYoungGen: 1877940K->6842K(1795136K)] 2488460K->618266K(2482112K), 0.0077940 secs] [Times: user=0.02 sys=0.00, real=0.01 secs] 
2014-07-16T01:18:24.364+0000: 1076.467: [GC [PSYoungGen: 1795130K->6870K(1717056K)] 2406554K->618438K(2404032K), 0.0256350 secs] [Times: user=0.10 sys=0.00, real=0.03 secs] 
2014-07-16T01:18:28.049+0000: 1080.153: [GC [PSYoungGen: 1717014K->1504K(1637376K)] 2328582K->618693K(2324352K), 0.0190640 secs] [Times: user=0.06 sys=0.01, real=0.02 secs] 
2014-07-16T01:18:31.582+0000: 1083.685: [GC [PSYoungGen: 1637344K->7248K(1572480K)] 2254533K->624510K(2259456K), 0.0317570 secs] [Times: user=0.11 sys=0.00, real=0.03 secs] 
2014-07-16T01:18:34.939+0000: 1087.043: [GC [PSYoungGen: 1572432K->6318K(1504384K)] 2189694K->624624K(2191360K), 0.0359040 secs] [Times: user=0.14 sys=0.00, real=0.04 secs] 
2014-07-16T01:18:38.158+0000: 1090.262: [GC [PSYoungGen: 1504366K->6788K(1441024K)] 2122672K->625326K(2128000K), 0.0375290 secs] [Times: user=0.13 sys=0.00, real=0.03 secs] 
2014-07-16T01:18:41.288+0000: 1093.391: [GC [PSYoungGen: 1440964K->2224K(1375680K)] 2059502K->625538K(2062656K), 0.0179970 secs] [Times: user=0.05 sys=0.00, real=0.01 secs] 
2014-07-16T01:18:44.222+0000: 1096.325: [GC [PSYoungGen: 1375664K->7522K(1323200K)] 1998978K->630901K(2010176K), 0.0284110 secs] [Times: user=0.09 sys=0.01, real=0.03 secs] 
2014-07-16T01:18:47.137+0000: 1099.240: [GC [PSYoungGen: 1323147K->5494K(1266176K)] 1946526K->630845K(1953152K), 0.0282260 secs] [Times: user=0.11 sys=0.00, real=0.03 secs] 
2014-07-16T01:18:49.859+0000: 1101.963: [GC [PSYoungGen: 1266166K->6646K(1215040K)] 1891517K->632173K(1902016K), 0.0292730 secs] [Times: user=0.10 sys=0.00, real=0.03 secs] 
2014-07-16T01:18:52.503+0000: 1104.607: [GC [PSYoungGen: 1215030K->3492K(1162112K)] 1840557K->632704K(1849088K), 0.0220440 secs] [Times: user=0.08 sys=0.00, real=0.02 secs] 
2014-07-16T01:18:54.990+0000: 1107.093: [GC [PSYoungGen: 1162084K->7084K(1118336K)] 1791296K->636400K(1805312K), 0.0177290 secs] [Times: user=0.06 sys=0.00, real=0.01 secs] 
2014-07-16T01:18:57.430+0000: 1109.534: [GC [PSYoungGen: 1118316K->5028K(1338560K)] 1747632K->636472K(2025536K), 0.0411140 secs] [Times: user=0.14 sys=0.00, real=0.04 secs] 
2014-07-16T01:19:00.311+0000: 1112.415: [GC [PSYoungGen: 1338532K->7212K(1607488K)] 1969976K->638784K(2294464K), 0.0418390 secs] [Times: user=0.14 sys=0.00, real=0.04 secs] 
2014-07-16T01:19:03.885+0000: 1115.988: [GC [PSYoungGen: 1607468K->3132K(1923456K)] 2239040K->638542K(2610432K), 0.0301780 secs] [Times: user=0.09 sys=0.01, real=0.03 secs] 
2014-07-16T01:19:08.053+0000: 1120.157: [GC [PSYoungGen: 1923452K->7230K(1842944K)] 2558862K->642824K(2529920K), 0.0215410 secs] [Times: user=0.08 sys=0.00, real=0.02 secs] 
2014-07-16T01:19:12.107+0000: 1124.210: [GC [PSYoungGen: 1842942K->4900K(1760192K)] 2478536K->642824K(2447168K), 0.0476520 secs] [Times: user=0.17 sys=0.01, real=0.05 secs] 
2014-07-16T01:19:15.877+0000: 1127.981: [GC [PSYoungGen: 1760164K->7112K(1685952K)] 2398088K->645188K(2372928K), 0.0312150 secs] [Times: user=0.10 sys=0.00, real=0.03 secs] 
2014-07-16T01:19:19.519+0000: 1131.623: [GC [PSYoungGen: 1685896K->3196K(1609280K)] 2323972K->645184K(2296256K), 0.0246060 secs] [Times: user=0.09 sys=0.00, real=0.03 secs] 
2014-07-16T01:19:22.994+0000: 1135.098: [GC [PSYoungGen: 1609276K->7070K(1544000K)] 2251264K->649187K(2230976K), 0.0182510 secs] [Times: user=0.07 sys=0.00, real=0.01 secs] 
2014-07-16T01:19:26.288+0000: 1138.391: [GC [PSYoungGen: 1543966K->4832K(1475968K)] 2186083K->649323K(2162944K), 0.0400520 secs] [Times: user=0.14 sys=0.00, real=0.04 secs] 
2014-07-16T01:19:29.457+0000: 1141.560: [GC [PSYoungGen: 1475936K->6756K(1415360K)] 2120427K->651415K(2102336K), 0.0287450 secs] [Times: user=0.10 sys=0.00, real=0.03 secs] 
2014-07-16T01:19:32.506+0000: 1144.610: [GC [PSYoungGen: 1415332K->3364K(1352448K)] 2059991K->651760K(2039424K), 0.0331230 secs] [Times: user=0.13 sys=0.01, real=0.03 secs] 
2014-07-16T01:19:35.408+0000: 1147.511: [GC [PSYoungGen: 1352420K->6988K(1299520K)] 2000816K->655464K(1986496K), 0.0315910 secs] [Times: user=0.11 sys=0.00, real=0.03 secs] 
2014-07-16T01:19:38.241+0000: 1150.344: [GC [PSYoungGen: 1299468K->4604K(1243264K)] 1947944K->655680K(1930240K), 0.0146120 secs] [Times: user=0.05 sys=0.00, real=0.02 secs] 
2014-07-16T01:19:40.904+0000: 1153.008: [GC [PSYoungGen: 1243260K->6970K(1194368K)] 1894336K->658182K(1881344K), 0.0192230 secs] [Times: user=0.06 sys=0.00, real=0.02 secs] 
2014-07-16T01:19:43.473+0000: 1155.577: [GC [PSYoungGen: 1194362K->3428K(1142080K)] 1845574K->658208K(1829056K), 0.0388100 secs] [Times: user=0.14 sys=0.00, real=0.04 secs] 
2014-07-16T01:19:45.914+0000: 1158.017: [GC [PSYoungGen: 1142031K->7152K(1373568K)] 1796811K->662084K(2060544K), 0.0297410 secs] [Times: user=0.08 sys=0.00, real=0.03 secs] 
2014-07-16T01:19:48.839+0000: 1160.943: [GC [PSYoungGen: 1373552K->4276K(1313216K)] 2028484K->662222K(2000192K), 0.0186150 secs] [Times: user=0.06 sys=0.00, real=0.02 secs] 
2014-07-16T01:19:51.649+0000: 1163.752: [GC [PSYoungGen: 1313204K->6820K(1261120K)] 1971150K->664870K(1948096K), 0.0255930 secs] [Times: user=0.09 sys=0.00, real=0.02 secs] 
2014-07-16T01:19:54.467+0000: 1166.570: [GC [PSYoungGen: 1261092K->3884K(1206208K)] 1919142K->665191K(1893184K), 0.0305390 secs] [Times: user=0.12 sys=0.00, real=0.03 secs] 
2014-07-16T01:19:57.134+0000: 1169.238: [GC [PSYoungGen: 1206188K->7202K(1160064K)] 1867495K->668718K(1847040K), 0.0283680 secs] [Times: user=0.10 sys=0.01, real=0.03 secs] 
2014-07-16T01:19:59.569+0000: 1171.672: [GC [PSYoungGen: 1160034K->3902K(1109632K)] 1821550K->668595K(1796608K), 0.0252230 secs] [Times: user=0.10 sys=0.00, real=0.02 secs] 
2014-07-16T01:20:01.931+0000: 1174.035: [GC [PSYoungGen: 1109582K->7092K(1334016K)] 1774275K->671882K(2020992K), 0.0325930 secs] [Times: user=0.11 sys=0.00, real=0.03 secs] 
2014-07-16T01:20:04.874+0000: 1176.978: [GC [PSYoungGen: 1334004K->4026K(1596352K)] 1998794K->672012K(2283328K), 0.0251590 secs] [Times: user=0.08 sys=0.00, real=0.03 secs] 
2014-07-16T01:20:08.339+0000: 1180.443: [GC [PSYoungGen: 1596346K->6810K(1530688K)] 2264332K->675028K(2217664K), 0.0196390 secs] [Times: user=0.07 sys=0.00, real=0.02 secs] 
2014-07-16T01:20:11.616+0000: 1183.719: [GC [PSYoungGen: 1530632K->4016K(1462720K)] 2198850K->675197K(2149696K), 0.0255870 secs] [Times: user=0.10 sys=0.00, real=0.03 secs] 
2014-07-16T01:20:14.819+0000: 1186.922: [GC [PSYoungGen: 1462704K->7412K(1404160K)] 2133885K->678705K(2091136K), 0.0316930 secs] [Times: user=0.13 sys=0.00, real=0.03 secs] 
2014-07-16T01:20:17.882+0000: 1189.986: [GC [PSYoungGen: 1404148K->3424K(1341248K)] 2075441K->678687K(2028224K), 0.0336340 secs] [Times: user=0.12 sys=0.01, real=0.03 secs] 
2014-07-16T01:20:20.773+0000: 1192.876: [GC [PSYoungGen: 1341216K->6928K(1288704K)] 2016479K->682369K(1975680K), 0.0218450 secs] [Times: user=0.09 sys=0.01, real=0.02 secs] 
2014-07-16T01:20:23.561+0000: 1195.664: [GC [PSYoungGen: 1288656K->4834K(1233280K)] 1964097K->682807K(1920256K), 0.0098950 secs] [Times: user=0.03 sys=0.01, real=0.01 secs] 
2014-07-16T01:20:26.186+0000: 1198.289: [GC [PSYoungGen: 1233250K->6856K(1184576K)] 1911223K->685014K(1871552K), 0.0348700 secs] [Times: user=0.12 sys=0.00, real=0.03 secs] 
2014-07-16T01:20:28.708+0000: 1200.812: [GC [PSYoungGen: 1184520K->3624K(1416896K)] 1862678K->685187K(2103872K), 0.0342110 secs] [Times: user=0.13 sys=0.00, real=0.03 secs] 
2014-07-16T01:20:28.743+0000: 1200.846: [Full GC [PSYoungGen: 3624K->0K(1416896K)] [ParOldGen: 681563K->136047K(405696K)] 685187K->136047K(1822592K) [PSPermGen: 11694K->11241K(23488K)], 0.2995720 secs] [Times: user=0.98 sys=0.04, real=0.30 secs] 
2014-07-16T01:20:32.015+0000: 1204.118: [GC [PSYoungGen: 1413248K->7370K(1361152K)] 1549295K->143418K(1766848K), 0.0178770 secs] [Times: user=0.06 sys=0.00, real=0.01 secs] 
2014-07-16T01:20:35.064+0000: 1207.167: [GC [PSYoungGen: 1361098K->4222K(1301312K)] 1497146K->143917K(1707008K), 0.0168140 secs] [Times: user=0.06 sys=0.00, real=0.02 secs] 
2014-07-16T01:20:37.902+0000: 1210.005: [GC [PSYoungGen: 1301310K->7084K(1250304K)] 1441005K->147075K(1656000K), 0.0190860 secs] [Times: user=0.06 sys=0.01, real=0.02 secs] 
2014-07-16T01:20:40.535+0000: 1212.638: [GC [PSYoungGen: 1250284K->4586K(1196544K)] 1390275K->147017K(1602240K), 0.0237330 secs] [Times: user=0.10 sys=0.00, real=0.02 secs] 
2014-07-16T01:20:43.144+0000: 1215.248: [GC [PSYoungGen: 1196522K->6974K(1150144K)] 1338953K->149493K(1555840K), 0.0128970 secs] [Times: user=0.05 sys=0.00, real=0.02 secs] 
2014-07-16T01:20:45.567+0000: 1217.670: [GC [PSYoungGen: 1150142K->4080K(1100864K)] 1292661K->149686K(1506560K), 0.0169310 secs] [Times: user=0.06 sys=0.00, real=0.01 secs] 
2014-07-16T01:20:48.014+0000: 1220.117: [GC [PSYoungGen: 1100848K->7098K(1059712K)] 1246454K->152848K(1465408K), 0.0164040 secs] [Times: user=0.06 sys=0.01, real=0.02 secs] 
2014-07-16T01:20:50.255+0000: 1222.359: [GC [PSYoungGen: 1059706K->4330K(1014912K)] 1205456K->152718K(1420608K), 0.0130350 secs] [Times: user=0.05 sys=0.00, real=0.02 secs] 
2014-07-16T01:20:52.439+0000: 1224.543: [GC [PSYoungGen: 1014890K->6870K(977408K)] 1163278K->155378K(1383104K), 0.0213520 secs] [Times: user=0.07 sys=0.00, real=0.02 secs] 
2014-07-16T01:20:54.573+0000: 1226.676: [GC [PSYoungGen: 977366K->4148K(936512K)] 1125874K->155445K(1342208K), 0.0288240 secs] [Times: user=0.09 sys=0.01, real=0.03 secs] 
2014-07-16T01:20:56.584+0000: 1228.688: [GC [PSYoungGen: 936500K->6874K(902976K)] 1087797K->158363K(1308672K), 0.0153840 secs] [Times: user=0.06 sys=0.00, real=0.02 secs] 
2014-07-16T01:20:58.534+0000: 1230.637: [GC [PSYoungGen: 902938K->4194K(865728K)] 1054427K->158630K(1271424K), 0.0085700 secs] [Times: user=0.03 sys=0.00, real=0.01 secs] 
2014-07-16T01:21:00.368+0000: 1232.472: [GC [PSYoungGen: 865698K->6910K(835456K)] 1020134K->161426K(1241152K), 0.0054330 secs] [Times: user=0.02 sys=0.00, real=0.00 secs] 
2014-07-16T01:21:02.131+0000: 1234.235: [GC [PSYoungGen: 835454K->4148K(801280K)] 989970K->161510K(1206976K), 0.0215950 secs] [Times: user=0.09 sys=0.00, real=0.02 secs] 
2014-07-16T01:21:03.906+0000: 1236.010: [GC [PSYoungGen: 801268K->6934K(774144K)] 958630K->164336K(1179840K), 0.0156990 secs] [Times: user=0.05 sys=0.00, real=0.02 secs] 
2014-07-16T01:21:05.540+0000: 1237.644: [GC [PSYoungGen: 774102K->4016K(742656K)] 931504K->164416K(1148352K), 0.0138740 secs] [Times: user=0.05 sys=0.00, real=0.01 secs] 
2014-07-16T01:21:07.121+0000: 1239.224: [GC [PSYoungGen: 742640K->6878K(718336K)] 903040K->167398K(1124032K), 0.0108560 secs] [Times: user=0.04 sys=0.00, real=0.01 secs] 
2014-07-16T01:21:08.709+0000: 1240.813: [GC [PSYoungGen: 718302K->4080K(689600K)] 878822K->167526K(1095296K), 0.0120310 secs] [Times: user=0.01 sys=0.00, real=0.01 secs] 
2014-07-16T01:21:10.182+0000: 1242.286: [GC [PSYoungGen: 689584K->6568K(667392K)] 853030K->170110K(1073088K), 0.0061200 secs] [Times: user=0.02 sys=0.00, real=0.00 secs] 
2014-07-16T01:21:11.612+0000: 1243.716: [GC [PSYoungGen: 667368K->4216K(641408K)] 830910K->170404K(1047104K), 0.0206580 secs] [Times: user=0.07 sys=0.00, real=0.02 secs] 
2014-07-16T01:21:12.987+0000: 1245.090: [GC [PSYoungGen: 641400K->6952K(621632K)] 807588K->173212K(1027328K), 0.0185350 secs] [Times: user=0.07 sys=0.00, real=0.02 secs] 
2014-07-16T01:21:14.399+0000: 1246.502: [GC [PSYoungGen: 621608K->3688K(738816K)] 787868K->173415K(1144512K), 0.0216320 secs] [Times: user=0.08 sys=0.01, real=0.03 secs] 
2014-07-16T01:21:16.023+0000: 1248.127: [GC [PSYoungGen: 738792K->7074K(885952K)] 908519K->176913K(1291648K), 0.0118310 secs] [Times: user=0.03 sys=0.00, real=0.01 secs] 
2014-07-16T01:21:17.907+0000: 1250.011: [GC [PSYoungGen: 885922K->4088K(849152K)] 1055761K->176998K(1254848K), 0.0133890 secs] [Times: user=0.05 sys=0.00, real=0.02 secs] 
2014-07-16T01:21:19.787+0000: 1251.890: [GC [PSYoungGen: 849123K->6856K(819776K)] 1022033K->179870K(1225472K), 0.0200840 secs] [Times: user=0.07 sys=0.01, real=0.02 secs] 
2014-07-16T01:21:21.528+0000: 1253.631: [GC [PSYoungGen: 819720K->3902K(786112K)] 992734K->179786K(1191808K), 0.0094320 secs] [Times: user=0.02 sys=0.00, real=0.01 secs] 
2014-07-16T01:21:23.211+0000: 1255.314: [GC [PSYoungGen: 786110K->7088K(760064K)] 961994K->183028K(1165760K), 0.0162180 secs] [Times: user=0.05 sys=0.01, real=0.01 secs] 
2014-07-16T01:21:24.891+0000: 1256.994: [GC [PSYoungGen: 760048K->3898K(729024K)] 935988K->183080K(1134720K), 0.0178570 secs] [Times: user=0.06 sys=0.00, real=0.02 secs] 
2014-07-16T01:21:26.452+0000: 1258.556: [GC [PSYoungGen: 729018K->6920K(705536K)] 908200K->186254K(1111232K), 0.0109200 secs] [Times: user=0.04 sys=0.00, real=0.01 secs] 
2014-07-16T01:21:27.950+0000: 1260.054: [GC [PSYoungGen: 705468K->4002K(677248K)] 884802K->186253K(1082944K), 0.0161920 secs] [Times: user=0.06 sys=0.00, real=0.02 secs] 
2014-07-16T01:21:29.434+0000: 1261.537: [GC [PSYoungGen: 677218K->6760K(811840K)] 859469K->189149K(1217536K), 0.0235050 secs] [Times: user=0.08 sys=0.00, real=0.02 secs] 
2014-07-16T01:21:31.171+0000: 1263.275: [GC [PSYoungGen: 811816K->3952K(778752K)] 994205K->189370K(1184448K), 0.0086280 secs] [Times: user=0.03 sys=0.00, real=0.01 secs] 
2014-07-16T01:21:32.829+0000: 1264.932: [GC [PSYoungGen: 778689K->6952K(752896K)] 964106K->192466K(1158592K), 0.0085230 secs] [Times: user=0.01 sys=0.00, real=0.01 secs] 
2014-07-16T01:21:34.496+0000: 1266.600: [GC [PSYoungGen: 752872K->3820K(722240K)] 938386K->192642K(1127936K), 0.0193410 secs] [Times: user=0.07 sys=0.00, real=0.02 secs] 
2014-07-16T01:21:36.062+0000: 1268.166: [GC [PSYoungGen: 722220K->6974K(699136K)] 911042K->195980K(1104832K), 0.0092660 secs] [Times: user=0.02 sys=0.00, real=0.01 secs] 
2014-07-16T01:21:37.597+0000: 1269.701: [GC [PSYoungGen: 699134K->3966K(832000K)] 888140K->196107K(1237696K), 0.0377320 secs] [Times: user=0.14 sys=0.01, real=0.04 secs] 
2014-07-16T01:21:39.419+0000: 1271.522: [GC [PSYoungGen: 831998K->7034K(997888K)] 1024139K->199280K(1403584K), 0.0317530 secs] [Times: user=0.10 sys=0.00, real=0.03 secs] 
2014-07-16T01:21:41.558+0000: 1273.662: [GC [PSYoungGen: 997882K->3756K(1189248K)] 1190128K->199420K(1594944K), 0.0209910 secs] [Times: user=0.07 sys=0.00, real=0.02 secs] 
2014-07-16T01:21:44.122+0000: 1276.226: [GC [PSYoungGen: 1189228K->7010K(1424256K)] 1384892K->202747K(1829952K), 0.0059360 secs] [Times: user=0.01 sys=0.00, real=0.01 secs] 
2014-07-16T01:21:47.161+0000: 1279.265: [GC [PSYoungGen: 1424226K->3966K(1361472K)] 1619963K->203035K(1767168K), 0.0204400 secs] [Times: user=0.08 sys=0.00, real=0.02 secs] 
2014-07-16T01:21:50.134+0000: 1282.237: [GC [PSYoungGen: 1361426K->6988K(1307712K)] 1560494K->206169K(1713408K), 0.0145920 secs] [Times: user=0.03 sys=0.00, real=0.02 secs] 
2014-07-16T01:21:52.901+0000: 1285.005: [GC [PSYoungGen: 1307660K->3902K(1250560K)] 1506841K->206239K(1656256K), 0.0107020 secs] [Times: user=0.02 sys=0.00, real=0.01 secs] 
2014-07-16T01:21:55.585+0000: 1287.688: [GC [PSYoungGen: 1250558K->6824K(1202112K)] 1452895K->209273K(1607808K), 0.0054700 secs] [Times: user=0.01 sys=0.00, real=0.01 secs] 
2014-07-16T01:21:58.186+0000: 1290.290: [GC [PSYoungGen: 1202042K->4016K(1150336K)] 1404490K->209505K(1556032K), 0.0231210 secs] [Times: user=0.08 sys=0.00, real=0.02 secs] 
2014-07-16T01:22:00.775+0000: 1292.879: [GC [PSYoungGen: 1150320K->7220K(1106944K)] 1355809K->212879K(1512640K), 0.0105210 secs] [Times: user=0.04 sys=0.00, real=0.01 secs] 
2014-07-16T01:22:03.154+0000: 1295.257: [GC [PSYoungGen: 1106932K->3492K(1058880K)] 1312591K->212815K(1464576K), 0.0181120 secs] [Times: user=0.06 sys=0.00, real=0.02 secs] 
2014-07-16T01:22:05.465+0000: 1297.569: [GC [PSYoungGen: 1058852K->7142K(1020352K)] 1268175K->216611K(1426048K), 0.0272580 secs] [Times: user=0.10 sys=0.00, real=0.03 secs] 
2014-07-16T01:22:07.683+0000: 1299.786: [GC [PSYoungGen: 1020326K->4208K(977216K)] 1229795K->216675K(1382912K), 0.0147800 secs] [Times: user=0.05 sys=0.00, real=0.01 secs] 
2014-07-16T01:22:09.804+0000: 1301.907: [GC [PSYoungGen: 977200K->6714K(941440K)] 1189667K->219285K(1347136K), 0.0111460 secs] [Times: user=0.03 sys=0.01, real=0.01 secs] 
2014-07-16T01:22:11.806+0000: 1303.910: [GC [PSYoungGen: 941434K->3966K(902272K)] 1154005K->219570K(1307968K), 0.0132830 secs] [Times: user=0.05 sys=0.00, real=0.02 secs] 
2014-07-16T01:22:13.736+0000: 1305.840: [GC [PSYoungGen: 902270K->6984K(870656K)] 1117874K->222628K(1276352K), 0.0247980 secs] [Times: user=0.09 sys=0.00, real=0.03 secs] 
2014-07-16T01:22:15.645+0000: 1307.749: [GC [PSYoungGen: 870600K->3888K(834496K)] 1086244K->222789K(1240192K), 0.0272130 secs] [Times: user=0.10 sys=0.00, real=0.03 secs] 
2014-07-16T01:22:17.440+0000: 1309.544: [GC [PSYoungGen: 834480K->6910K(806016K)] 1053381K->225923K(1211712K), 0.0078700 secs] [Times: user=0.03 sys=0.00, real=0.00 secs] 
2014-07-16T01:22:19.158+0000: 1311.261: [GC [PSYoungGen: 806014K->4080K(773184K)] 1025027K->225951K(1178880K), 0.0181040 secs] [Times: user=0.07 sys=0.00, real=0.02 secs] 
2014-07-16T01:22:20.859+0000: 1312.962: [GC [PSYoungGen: 773168K->6710K(747200K)] 995039K->228645K(1152896K), 0.0151790 secs] [Times: user=0.05 sys=0.00, real=0.02 secs] 
2014-07-16T01:22:22.451+0000: 1314.554: [GC [PSYoungGen: 747190K->3952K(717184K)] 969125K->228814K(1122880K), 0.0113300 secs] [Times: user=0.04 sys=0.00, real=0.01 secs] 
2014-07-16T01:22:23.997+0000: 1316.100: [GC [PSYoungGen: 717168K->7102K(859776K)] 942030K->232037K(1265472K), 0.0237860 secs] [Times: user=0.08 sys=0.00, real=0.03 secs] 
2014-07-16T01:22:25.907+0000: 1318.011: [GC [PSYoungGen: 859774K->3684K(1023616K)] 1084709K->232140K(1429312K), 0.0312290 secs] [Times: user=0.10 sys=0.00, real=0.03 secs] 
2014-07-16T01:22:28.114+0000: 1320.218: [GC [PSYoungGen: 1023500K->6992K(1226816K)] 1251956K->235577K(1632512K), 0.0210640 secs] [Times: user=0.07 sys=0.00, real=0.02 secs] 
2014-07-16T01:22:30.764+0000: 1322.867: [GC [PSYoungGen: 1226768K->4148K(1173824K)] 1455353K->235624K(1579520K), 0.0108410 secs] [Times: user=0.04 sys=0.00, real=0.01 secs] 
2014-07-16T01:22:33.257+0000: 1325.360: [GC [PSYoungGen: 1173812K->6842K(1128832K)] 1405288K->238407K(1534528K), 0.0147660 secs] [Times: user=0.05 sys=0.00, real=0.01 secs] 
2014-07-16T01:22:35.675+0000: 1327.778: [GC [PSYoungGen: 1128826K->3756K(1080384K)] 1360391K->238657K(1486080K), 0.0337400 secs] [Times: user=0.12 sys=0.01, real=0.03 secs] 
2014-07-16T01:22:37.992+0000: 1330.095: [GC [PSYoungGen: 1080364K->7116K(1294528K)] 1315265K->242129K(1700224K), 0.0304970 secs] [Times: user=0.10 sys=0.00, real=0.04 secs] 
2014-07-16T01:22:40.827+0000: 1332.931: [GC [PSYoungGen: 1294428K->3838K(1542912K)] 1529441K->242102K(1948608K), 0.0251720 secs] [Times: user=0.09 sys=0.00, real=0.02 secs] 
2014-07-16T01:22:44.126+0000: 1336.230: [GC [PSYoungGen: 1542910K->7052K(1480512K)] 1781174K->245396K(1886208K), 0.0162950 secs] [Times: user=0.03 sys=0.00, real=0.02 secs] 
2014-07-16T01:22:47.298+0000: 1339.401: [GC [PSYoungGen: 1480460K->3820K(1414784K)] 1718804K->245733K(1820480K), 0.0181190 secs] [Times: user=0.07 sys=0.00, real=0.02 secs] 
2014-07-16T01:22:50.394+0000: 1342.497: [GC [PSYoungGen: 1414764K->7102K(1358656K)] 1656677K->249159K(1764352K), 0.0233000 secs] [Times: user=0.08 sys=0.00, real=0.03 secs] 
2014-07-16T01:22:53.305+0000: 1345.408: [GC [PSYoungGen: 1358654K->3948K(1299008K)] 1600711K->249314K(1704704K), 0.0120980 secs] [Times: user=0.02 sys=0.00, real=0.02 secs] 
2014-07-16T01:22:56.112+0000: 1348.216: [GC [PSYoungGen: 1298988K->7138K(1248448K)] 1544354K->252656K(1654144K), 0.0199370 secs] [Times: user=0.07 sys=0.00, real=0.02 secs] 
2014-07-16T01:22:58.819+0000: 1350.922: [GC [PSYoungGen: 1248418K->3902K(1194048K)] 1493936K->252900K(1599744K), 0.0266590 secs] [Times: user=0.10 sys=0.00, real=0.03 secs] 
2014-07-16T01:23:01.489+0000: 1353.592: [GC [PSYoungGen: 1194046K->6888K(1148352K)] 1443044K->255974K(1554048K), 0.0134960 secs] [Times: user=0.03 sys=0.01, real=0.01 secs] 
2014-07-16T01:23:03.927+0000: 1356.031: [GC [PSYoungGen: 1148328K->4344K(1099456K)] 1397414K->256139K(1505152K), 0.0081740 secs] [Times: user=0.02 sys=0.00, real=0.00 secs] 
2014-07-16T01:23:06.303+0000: 1358.407: [GC [PSYoungGen: 1099448K->6920K(1057984K)] 1351243K->258883K(1463680K), 0.0136250 secs] [Times: user=0.04 sys=0.00, real=0.02 secs] 
2014-07-16T01:23:08.577+0000: 1360.681: [GC [PSYoungGen: 1057928K->3688K(1012736K)] 1309891K->259251K(1418432K), 0.0345750 secs] [Times: user=0.13 sys=0.00, real=0.03 secs] 
2014-07-16T01:23:10.805+0000: 1362.909: [GC [PSYoungGen: 1012712K->7020K(976064K)] 1268275K->262663K(1381760K), 0.0314880 secs] [Times: user=0.12 sys=0.00, real=0.03 secs] 
2014-07-16T01:23:12.889+0000: 1364.993: [GC [PSYoungGen: 976044K->4408K(1163072K)] 1231687K->262687K(1568768K), 0.0266650 secs] [Times: user=0.08 sys=0.00, real=0.02 secs] 
2014-07-16T01:23:15.429+0000: 1367.533: [GC [PSYoungGen: 1163064K->7180K(1392576K)] 1421343K->265580K(1798272K), 0.0255540 secs] [Times: user=0.09 sys=0.00, real=0.02 secs] 
2014-07-16T01:23:18.427+0000: 1370.530: [GC [PSYoungGen: 1392524K->3364K(1330560K)] 1650924K->265401K(1736256K), 0.0232410 secs] [Times: user=0.08 sys=0.00, real=0.03 secs] 
2014-07-16T01:23:21.370+0000: 1373.474: [GC [PSYoungGen: 1330532K->7084K(1278912K)] 1592569K->269210K(1684608K), 0.0232190 secs] [Times: user=0.09 sys=0.00, real=0.02 secs] 
2014-07-16T01:23:24.090+0000: 1376.193: [GC [PSYoungGen: 1278892K->4408K(1223552K)] 1541018K->269389K(1629248K), 0.0117830 secs] [Times: user=0.05 sys=0.00, real=0.01 secs] 
2014-07-16T01:23:26.763+0000: 1378.866: [GC [PSYoungGen: 1223544K->7130K(1176192K)] 1488525K->272311K(1581888K), 0.0158580 secs] [Times: user=0.06 sys=0.01, real=0.01 secs] 
2014-07-16T01:23:29.273+0000: 1381.377: [GC [PSYoungGen: 1176154K->3428K(1124800K)] 1441335K->272299K(1530496K), 0.0108430 secs] [Times: user=0.02 sys=0.00, real=0.01 secs] 
2014-07-16T01:23:31.738+0000: 1383.841: [GC [PSYoungGen: 1124772K->7220K(1083200K)] 1393643K->276147K(1488896K), 0.0165950 secs] [Times: user=0.07 sys=0.00, real=0.02 secs] 
2014-07-16T01:23:34.026+0000: 1386.130: [GC [PSYoungGen: 1083188K->4194K(1036992K)] 1352115K->276135K(1442688K), 0.0169640 secs] [Times: user=0.06 sys=0.00, real=0.02 secs] 
2014-07-16T01:23:36.318+0000: 1388.421: [GC [PSYoungGen: 1036962K->7012K(998720K)] 1308903K->279161K(1404416K), 0.0056810 secs] [Times: user=0.02 sys=0.00, real=0.01 secs] 
2014-07-16T01:23:38.440+0000: 1390.544: [GC [PSYoungGen: 998692K->3620K(956160K)] 1270841K->279091K(1361856K), 0.0201230 secs] [Times: user=0.07 sys=0.00, real=0.02 secs] 
2014-07-16T01:23:40.503+0000: 1392.606: [GC [PSYoungGen: 956132K->7166K(922432K)] 1231603K->282710K(1328128K), 0.0083870 secs] [Times: user=0.02 sys=0.00, real=0.00 secs] 
2014-07-16T01:23:42.473+0000: 1394.577: [GC [PSYoungGen: 922430K->4080K(883840K)] 1197974K->282680K(1289536K), 0.0235020 secs] [Times: user=0.07 sys=0.00, real=0.02 secs] 
2014-07-16T01:23:44.367+0000: 1396.471: [GC [PSYoungGen: 883824K->7006K(852992K)] 1162424K->285702K(1258688K), 0.0226190 secs] [Times: user=0.08 sys=0.00, real=0.02 secs] 
2014-07-16T01:23:46.222+0000: 1398.325: [GC [PSYoungGen: 852958K->3756K(817536K)] 1131654K->285909K(1223232K), 0.0062230 secs] [Times: user=0.02 sys=0.00, real=0.01 secs] 
2014-07-16T01:23:47.972+0000: 1400.076: [GC [PSYoungGen: 817516K->6828K(789888K)] 1099669K->289117K(1195584K), 0.0089010 secs] [Times: user=0.04 sys=0.00, real=0.01 secs] 
2014-07-16T01:23:49.632+0000: 1401.736: [GC [PSYoungGen: 789868K->4280K(758080K)] 1072157K->289242K(1163776K), 0.0223070 secs] [Times: user=0.07 sys=0.00, real=0.03 secs] 
2014-07-16T01:23:51.316+0000: 1403.419: [GC [PSYoungGen: 758072K->6970K(908608K)] 1043034K->292004K(1314304K), 0.0374680 secs] [Times: user=0.13 sys=0.00, real=0.04 secs] 
2014-07-16T01:23:53.253+0000: 1405.357: [GC [PSYoungGen: 908602K->3624K(1082560K)] 1193636K->292054K(1488256K), 0.0342720 secs] [Times: user=0.12 sys=0.01, real=0.04 secs] 
2014-07-16T01:23:55.575+0000: 1407.679: [GC [PSYoungGen: 1082536K->7070K(1297984K)] 1370966K->295621K(1703680K), 0.0261390 secs] [Times: user=0.09 sys=0.00, real=0.02 secs] 
2014-07-16T01:23:58.365+0000: 1410.469: [GC [PSYoungGen: 1297950K->4004K(1547968K)] 1586501K->295716K(1953664K), 0.0216550 secs] [Times: user=0.08 sys=0.00, real=0.02 secs] 
2014-07-16T01:24:01.701+0000: 1413.805: [GC [PSYoungGen: 1547940K->7038K(1485056K)] 1839652K->298862K(1890752K), 0.0102880 secs] [Times: user=0.03 sys=0.00, real=0.01 secs] 
2014-07-16T01:24:04.882+0000: 1416.985: [GC [PSYoungGen: 1485054K->3706K(1419072K)] 1776878K->299049K(1824768K), 0.0228050 secs] [Times: user=0.08 sys=0.01, real=0.02 secs] 
2014-07-16T01:24:08.018+0000: 1420.122: [GC [PSYoungGen: 1419066K->7034K(1362752K)] 1714409K->302553K(1768448K), 0.0244750 secs] [Times: user=0.06 sys=0.00, real=0.02 secs] 
2014-07-16T01:24:10.934+0000: 1423.037: [GC [PSYoungGen: 1362746K->4020K(1303040K)] 1658265K->302588K(1708736K), 0.0229170 secs] [Times: user=0.08 sys=0.00, real=0.03 secs] 
2014-07-16T01:24:13.746+0000: 1425.849: [GC [PSYoungGen: 1303028K->7212K(1252288K)] 1601596K->305836K(1657984K), 0.0074900 secs] [Times: user=0.01 sys=0.00, real=0.01 secs] 
2014-07-16T01:24:16.453+0000: 1428.556: [GC [PSYoungGen: 1252268K->3492K(1197248K)] 1550892K->305823K(1602944K), 0.0276380 secs] [Times: user=0.10 sys=0.00, real=0.03 secs] 
2014-07-16T01:24:19.028+0000: 1431.132: [GC [PSYoungGen: 1197220K->7020K(1151936K)] 1499551K->309456K(1557632K), 0.0139090 secs] [Times: user=0.05 sys=0.00, real=0.01 secs] 
2014-07-16T01:24:21.556+0000: 1433.660: [GC [PSYoungGen: 1151915K->4212K(1102592K)] 1454351K->309520K(1508288K), 0.0124340 secs] [Times: user=0.04 sys=0.00, real=0.02 secs] 
2014-07-16T01:24:23.925+0000: 1436.028: [GC [PSYoungGen: 1102580K->6856K(1060992K)] 1407888K->312236K(1466688K), 0.0199670 secs] [Times: user=0.07 sys=0.00, real=0.02 secs] 
2014-07-16T01:24:26.172+0000: 1438.276: [GC [PSYoungGen: 1060936K->3620K(1015616K)] 1366316K->312451K(1421312K), 0.0298910 secs] [Times: user=0.11 sys=0.01, real=0.03 secs] 
2014-07-16T01:24:28.444+0000: 1440.548: [GC [PSYoungGen: 1015588K->6924K(978816K)] 1324419K->315843K(1384512K), 0.0175100 secs] [Times: user=0.06 sys=0.00, real=0.02 secs] 
2014-07-16T01:24:30.541+0000: 1442.645: [GC [PSYoungGen: 978764K->4134K(1165952K)] 1287683K->315962K(1571648K), 0.0319540 secs] [Times: user=0.12 sys=0.00, real=0.03 secs] 
2014-07-16T01:24:33.127+0000: 1445.231: [GC [PSYoungGen: 1165908K->7266K(1121792K)] 1477735K->319166K(1527488K), 0.0187470 secs] [Times: user=0.07 sys=0.00, real=0.02 secs] 
2014-07-16T01:24:35.515+0000: 1447.618: [GC [PSYoungGen: 1121762K->3196K(1072640K)] 1433662K->319214K(1478336K), 0.0248710 secs] [Times: user=0.07 sys=0.00, real=0.02 secs] 
2014-07-16T01:24:37.819+0000: 1449.922: [GC [PSYoungGen: 1072636K->7120K(1033728K)] 1388654K->323250K(1439424K), 0.0089860 secs] [Times: user=0.02 sys=0.00, real=0.01 secs] 
2014-07-16T01:24:40.012+0000: 1452.115: [GC [PSYoungGen: 1033680K->4512K(990272K)] 1349810K->323166K(1395968K), 0.0188520 secs] [Times: user=0.07 sys=0.00, real=0.01 secs] 
2014-07-16T01:24:42.154+0000: 1454.257: [GC [PSYoungGen: 990240K->6934K(953856K)] 1308894K->325668K(1359552K), 0.0187500 secs] [Times: user=0.06 sys=0.01, real=0.02 secs] 
2014-07-16T01:24:44.202+0000: 1456.305: [GC [PSYoungGen: 953814K->3364K(913280K)] 1272548K->325718K(1318976K), 0.0222480 secs] [Times: user=0.08 sys=0.00, real=0.02 secs] 
2014-07-16T01:24:46.142+0000: 1458.246: [GC [PSYoungGen: 913230K->6988K(881664K)] 1235583K->329494K(1287360K), 0.0085950 secs] [Times: user=0.02 sys=0.00, real=0.00 secs] 
2014-07-16T01:24:48.047+0000: 1460.150: [GC [PSYoungGen: 881612K->4336K(845376K)] 1204118K->329662K(1251072K), 0.0243840 secs] [Times: user=0.09 sys=0.00, real=0.02 secs] 
2014-07-16T01:24:49.844+0000: 1461.947: [GC [PSYoungGen: 845360K->6728K(815808K)] 1170686K->332150K(1221504K), 0.0197720 secs] [Times: user=0.07 sys=0.00, real=0.02 secs] 
2014-07-16T01:24:51.589+0000: 1463.692: [GC [PSYoungGen: 815752K->3624K(782208K)] 1141174K->332408K(1187904K), 0.0084910 secs] [Times: user=0.03 sys=0.00, real=0.01 secs] 
2014-07-16T01:24:53.284+0000: 1465.388: [GC [PSYoungGen: 782184K->7148K(756672K)] 1110968K->335980K(1162368K), 0.0162590 secs] [Times: user=0.04 sys=0.00, real=0.01 secs] 
2014-07-16T01:24:54.904+0000: 1467.007: [GC [PSYoungGen: 756652K->3952K(900096K)] 1085484K->336049K(1305792K), 0.0248510 secs] [Times: user=0.08 sys=0.00, real=0.02 secs] 
2014-07-16T01:24:56.829+0000: 1468.933: [GC [PSYoungGen: 900080K->6856K(868480K)] 1232177K->339049K(1274176K), 0.0141190 secs] [Times: user=0.02 sys=0.00, real=0.02 secs] 
2014-07-16T01:24:58.711+0000: 1470.815: [GC [PSYoungGen: 868424K->4030K(832640K)] 1200617K->339203K(1238336K), 0.0181760 secs] [Times: user=0.06 sys=0.01, real=0.02 secs] 
2014-07-16T01:25:00.498+0000: 1472.602: [GC [PSYoungGen: 832638K->6810K(804032K)] 1167811K->342095K(1209728K), 0.0143390 secs] [Times: user=0.05 sys=0.00, real=0.01 secs] 
2014-07-16T01:25:02.293+0000: 1474.397: [GC [PSYoungGen: 803994K->4030K(957376K)] 1139279K->342281K(1363072K), 0.0298990 secs] [Times: user=0.10 sys=0.00, real=0.03 secs] 
2014-07-16T01:25:04.345+0000: 1476.449: [GC [PSYoungGen: 957374K->6956K(923008K)] 1295625K->345279K(1328704K), 0.0070010 secs] [Times: user=0.02 sys=0.00, real=0.00 secs] 
2014-07-16T01:25:06.307+0000: 1478.411: [GC [PSYoungGen: 922988K->3756K(884288K)] 1261311K->345712K(1289984K), 0.0076530 secs] [Times: user=0.02 sys=0.00, real=0.00 secs] 
2014-07-16T01:25:08.244+0000: 1480.347: [GC [PSYoungGen: 884268K->7252K(853952K)] 1226224K->349336K(1259648K), 0.0185000 secs] [Times: user=0.07 sys=0.00, real=0.02 secs] 
2014-07-16T01:25:10.080+0000: 1482.184: [GC [PSYoungGen: 853908K->3952K(818368K)] 1195992K->349020K(1224064K), 0.0062890 secs] [Times: user=0.02 sys=0.00, real=0.01 secs] 
2014-07-16T01:25:11.864+0000: 1483.968: [GC [PSYoungGen: 818352K->7006K(790720K)] 1163420K->352154K(1196416K), 0.0132840 secs] [Times: user=0.04 sys=0.00, real=0.02 secs] 
2014-07-16T01:25:13.588+0000: 1485.691: [GC [PSYoungGen: 790686K->4012K(758400K)] 1135834K->352303K(1164096K), 0.0257610 secs] [Times: user=0.09 sys=0.00, real=0.02 secs] 
2014-07-16T01:25:15.210+0000: 1487.313: [GC [PSYoungGen: 758380K->6874K(733376K)] 1106671K->355334K(1139072K), 0.0124910 secs] [Times: user=0.02 sys=0.00, real=0.01 secs] 
2014-07-16T01:25:16.794+0000: 1488.897: [GC [PSYoungGen: 733338K->3948K(872448K)] 1081798K->355696K(1278144K), 0.0224530 secs] [Times: user=0.08 sys=0.00, real=0.03 secs] 
2014-07-16T01:25:18.726+0000: 1490.830: [GC [PSYoungGen: 872428K->6796K(1045696K)] 1224176K->358625K(1451392K), 0.0336810 secs] [Times: user=0.12 sys=0.00, real=0.04 secs] 
2014-07-16T01:25:20.962+0000: 1493.066: [GC [PSYoungGen: 1045644K->4216K(1246336K)] 1397473K->358841K(1652032K), 0.0142010 secs] [Times: user=0.05 sys=0.00, real=0.01 secs] 
2014-07-16T01:25:23.724+0000: 1495.827: [GC [PSYoungGen: 1246328K->7294K(1198208K)] 1600953K->361991K(1603904K), 0.0221110 secs] [Times: user=0.08 sys=0.01, real=0.02 secs] 
2014-07-16T01:25:26.272+0000: 1498.376: [GC [PSYoungGen: 1198206K->3364K(1145600K)] 1552903K->361882K(1551296K), 0.0209200 secs] [Times: user=0.08 sys=0.00, real=0.02 secs] 
2014-07-16T01:25:28.774+0000: 1500.878: [GC [PSYoungGen: 1145572K->6974K(1102784K)] 1504090K->365605K(1508480K), 0.0061730 secs] [Times: user=0.02 sys=0.00, real=0.01 secs] 
2014-07-16T01:25:31.137+0000: 1503.241: [GC [PSYoungGen: 1102782K->4644K(1056320K)] 1461413K->365651K(1462016K), 0.0242310 secs] [Times: user=0.08 sys=0.00, real=0.03 secs] 
2014-07-16T01:25:33.437+0000: 1505.540: [GC [PSYoungGen: 1056292K->6838K(1016512K)] 1417299K->367901K(1422208K), 0.0143110 secs] [Times: user=0.05 sys=0.00, real=0.02 secs] 
2014-07-16T01:25:35.620+0000: 1507.723: [GC [PSYoungGen: 1016502K->3364K(973056K)] 1377565K->368227K(1378752K), 0.0288500 secs] [Times: user=0.10 sys=0.00, real=0.02 secs] 
2014-07-16T01:25:37.775+0000: 1509.878: [GC [PSYoungGen: 973028K->7198K(938816K)] 1337891K->372173K(1344512K), 0.0228130 secs] [Times: user=0.09 sys=0.00, real=0.02 secs] 
2014-07-16T01:25:39.733+0000: 1511.837: [GC [PSYoungGen: 938756K->4408K(899712K)] 1303731K->372043K(1305408K), 0.0164280 secs] [Times: user=0.05 sys=0.00, real=0.01 secs] 
2014-07-16T01:25:41.638+0000: 1513.741: [GC [PSYoungGen: 899704K->6728K(1077120K)] 1267339K->374419K(1482816K), 0.0251220 secs] [Times: user=0.08 sys=0.00, real=0.03 secs] 
2014-07-16T01:25:43.995+0000: 1516.098: [GC [PSYoungGen: 1077064K->3702K(1031168K)] 1444755K->374697K(1436864K), 0.0210220 secs] [Times: user=0.08 sys=0.00, real=0.02 secs] 
2014-07-16T01:25:46.208+0000: 1518.311: [GC [PSYoungGen: 1031158K->7216K(993856K)] 1402153K->378419K(1399552K), 0.0184640 secs] [Times: user=0.06 sys=0.01, real=0.02 secs] 
2014-07-16T01:25:48.354+0000: 1520.458: [GC [PSYoungGen: 993840K->3966K(951680K)] 1365043K->378261K(1357376K), 0.0155220 secs] [Times: user=0.05 sys=0.00, real=0.01 secs] 
2014-07-16T01:25:50.379+0000: 1522.482: [GC [PSYoungGen: 951678K->6920K(917632K)] 1325973K->381311K(1323328K), 0.0186200 secs] [Times: user=0.05 sys=0.00, real=0.02 secs] 
2014-07-16T01:25:52.340+0000: 1524.444: [GC [PSYoungGen: 917526K->3952K(879360K)] 1291917K->381434K(1285056K), 0.0157180 secs] [Times: user=0.04 sys=0.00, real=0.02 secs] 
2014-07-16T01:25:54.267+0000: 1526.371: [GC [PSYoungGen: 879344K->7184K(849024K)] 1256826K->384739K(1254720K), 0.0254340 secs] [Times: user=0.09 sys=0.01, real=0.03 secs] 
2014-07-16T01:25:56.102+0000: 1528.206: [GC [PSYoungGen: 848976K->3556K(813376K)] 1226531K->384858K(1219072K), 0.0143180 secs] [Times: user=0.06 sys=0.00, real=0.01 secs] 
2014-07-16T01:25:57.858+0000: 1529.961: [GC [PSYoungGen: 813348K->6874K(975808K)] 1194650K->388257K(1381504K), 0.0420770 secs] [Times: user=0.14 sys=0.00, real=0.04 secs] 
2014-07-16T01:25:59.962+0000: 1532.065: [GC [PSYoungGen: 975770K->4540K(1163840K)] 1357153K->388363K(1569536K), 0.0271070 secs] [Times: user=0.09 sys=0.00, real=0.03 secs] 
2014-07-16T01:26:02.437+0000: 1534.540: [GC [PSYoungGen: 1163836K->6628K(1393792K)] 1547659K->390539K(1799488K), 0.0343050 secs] [Times: user=0.12 sys=0.00, real=0.03 secs] 
2014-07-16T01:26:05.462+0000: 1537.566: [GC [PSYoungGen: 1393764K->3684K(1662656K)] 1777675K->390972K(2068352K), 0.0162170 secs] [Times: user=0.06 sys=0.00, real=0.02 secs] 
2014-07-16T01:26:09.016+0000: 1541.120: [GC [PSYoungGen: 1662628K->7284K(1594688K)] 2049916K->394789K(2000384K), 0.0126880 secs] [Times: user=0.05 sys=0.00, real=0.01 secs] 
2014-07-16T01:26:12.444+0000: 1544.547: [GC [PSYoungGen: 1594676K->3902K(1523264K)] 1982181K->394647K(1928960K), 0.0168830 secs] [Times: user=0.06 sys=0.00, real=0.02 secs] 
2014-07-16T01:26:15.890+0000: 1547.994: [GC [PSYoungGen: 1523262K->7098K(1461760K)] 1914007K->397931K(1867456K), 0.0235290 secs] [Times: user=0.08 sys=0.01, real=0.02 secs] 
2014-07-16T01:26:19.060+0000: 1551.163: [GC [PSYoungGen: 1461754K->4030K(1397120K)] 1852587K->398104K(1802816K), 0.0112010 secs] [Times: user=0.03 sys=0.00, real=0.01 secs] 
2014-07-16T01:26:22.065+0000: 1554.169: [GC [PSYoungGen: 1397118K->6924K(1341504K)] 1791192K->401126K(1747200K), 0.0247170 secs] [Times: user=0.09 sys=0.00, real=0.03 secs] 
2014-07-16T01:26:25.006+0000: 1557.109: [GC [PSYoungGen: 1341452K->4140K(1283008K)] 1735654K->401410K(1688704K), 0.0220180 secs] [Times: user=0.08 sys=0.00, real=0.03 secs] 
2014-07-16T01:26:27.776+0000: 1559.880: [GC [PSYoungGen: 1282988K->6746K(1232640K)] 1680258K->404217K(1638336K), 0.0248830 secs] [Times: user=0.09 sys=0.00, real=0.03 secs] 
2014-07-16T01:26:30.462+0000: 1562.565: [GC [PSYoungGen: 1232602K->4204K(1179648K)] 1630073K->404494K(1585344K), 0.0326910 secs] [Times: user=0.11 sys=0.00, real=0.03 secs] 
2014-07-16T01:26:30.495+0000: 1562.598: [Full GC [PSYoungGen: 4204K->0K(1179648K)] [ParOldGen: 400289K->151537K(418624K)] 404494K->151537K(1598272K) [PSPermGen: 11241K->11237K(26112K)], 0.2394150 secs] [Times: user=0.88 sys=0.00, real=0.24 secs] 
2014-07-16T01:26:33.182+0000: 1565.285: [GC [PSYoungGen: 1175424K->7470K(1134848K)] 1326961K->159224K(1553472K), 0.0150230 secs] [Times: user=0.05 sys=0.01, real=0.01 secs] 
2014-07-16T01:26:35.715+0000: 1567.818: [GC [PSYoungGen: 1134830K->3324K(1346368K)] 1286584K->159726K(1764992K), 0.0403720 secs] [Times: user=0.15 sys=0.00, real=0.04 secs] 
2014-07-16T01:26:38.633+0000: 1570.737: [GC [PSYoungGen: 1346364K->7134K(1294016K)] 1502766K->163641K(1712640K), 0.0194580 secs] [Times: user=0.06 sys=0.01, real=0.02 secs] 
2014-07-16T01:26:41.324+0000: 1573.427: [GC [PSYoungGen: 1293982K->5412K(1238848K)] 1450489K->163583K(1657472K), 0.0173350 secs] [Times: user=0.06 sys=0.00, real=0.02 secs] 
2014-07-16T01:26:44.012+0000: 1576.115: [GC [PSYoungGen: 1238820K->7020K(1189568K)] 1396991K->165303K(1608192K), 0.0197910 secs] [Times: user=0.08 sys=0.00, real=0.02 secs] 
2014-07-16T01:26:46.569+0000: 1578.672: [GC [PSYoungGen: 1189548K->3300K(1137472K)] 1347831K->165350K(1556096K), 0.0162070 secs] [Times: user=0.05 sys=0.00, real=0.02 secs] 
2014-07-16T01:26:49.104+0000: 1581.207: [GC [PSYoungGen: 1137444K->7220K(1095296K)] 1299494K->169375K(1513920K), 0.0106560 secs] [Times: user=0.04 sys=0.00, real=0.01 secs] 
2014-07-16T01:26:51.404+0000: 1583.507: [GC [PSYoungGen: 1095284K->4964K(1049216K)] 1257439K->169315K(1467840K), 0.0192970 secs] [Times: user=0.06 sys=0.01, real=0.02 secs] 
2014-07-16T01:26:53.649+0000: 1585.753: [GC [PSYoungGen: 1049188K->6824K(1009344K)] 1213539K->171231K(1427968K), 0.0320370 secs] [Times: user=0.12 sys=0.00, real=0.04 secs] 
2014-07-16T01:26:55.874+0000: 1587.978: [GC [PSYoungGen: 1009320K->3552K(1197952K)] 1173727K->171442K(1616576K), 0.0293830 secs] [Times: user=0.10 sys=0.00, real=0.03 secs] 
2014-07-16T01:26:58.466+0000: 1590.570: [GC [PSYoungGen: 1197920K->7070K(1152512K)] 1365810K->175088K(1571136K), 0.0166350 secs] [Times: user=0.05 sys=0.00, real=0.02 secs] 
2014-07-16T01:27:01.010+0000: 1593.113: [GC [PSYoungGen: 1152475K->4604K(1103424K)] 1320493K->175242K(1522048K), 0.0266230 secs] [Times: user=0.09 sys=0.00, real=0.03 secs] 
2014-07-16T01:27:03.367+0000: 1595.471: [GC [PSYoungGen: 1103420K->6984K(1061504K)] 1274058K->177742K(1480128K), 0.0220880 secs] [Times: user=0.07 sys=0.00, real=0.02 secs] 
2014-07-16T01:27:05.713+0000: 1597.816: [GC [PSYoungGen: 1061448K->3620K(1260032K)] 1232206K->177874K(1678656K), 0.0287280 secs] [Times: user=0.10 sys=0.00, real=0.03 secs] 
2014-07-16T01:27:08.454+0000: 1600.558: [GC [PSYoungGen: 1260004K->7134K(1503744K)] 1434258K->181517K(1922368K), 0.0241200 secs] [Times: user=0.06 sys=0.00, real=0.02 secs] 
2014-07-16T01:27:11.718+0000: 1603.822: [GC [PSYoungGen: 1503710K->4330K(1437248K)] 1678093K->181515K(1855872K), 0.0209890 secs] [Times: user=0.07 sys=0.00, real=0.02 secs] 
2014-07-16T01:27:14.830+0000: 1606.933: [GC [PSYoungGen: 1437226K->6838K(1379200K)] 1614411K->184135K(1797824K), 0.0177580 secs] [Times: user=0.07 sys=0.00, real=0.02 secs] 
2014-07-16T01:27:17.809+0000: 1609.913: [GC [PSYoungGen: 1379190K->3816K(1318592K)] 1556487K->184592K(1737216K), 0.0134540 secs] [Times: user=0.03 sys=0.00, real=0.01 secs] 
2014-07-16T01:27:20.691+0000: 1612.794: [GC [PSYoungGen: 1318568K->7084K(1267072K)] 1499344K->187996K(1685696K), 0.0093830 secs] [Times: user=0.03 sys=0.00, real=0.01 secs] 
2014-07-16T01:27:23.381+0000: 1615.485: [GC [PSYoungGen: 1267052K->4216K(1212032K)] 1447964K->188042K(1630656K), 0.0219480 secs] [Times: user=0.07 sys=0.00, real=0.02 secs] 
2014-07-16T01:27:26.076+0000: 1618.179: [GC [PSYoungGen: 1212024K->7248K(1165504K)] 1395850K->191226K(1584128K), 0.0189560 secs] [Times: user=0.07 sys=0.00, real=0.02 secs] 
2014-07-16T01:27:28.574+0000: 1620.678: [GC [PSYoungGen: 1165456K->3492K(1114496K)] 1349434K->191024K(1533120K), 0.0247930 secs] [Times: user=0.08 sys=0.00, real=0.03 secs] 
2014-07-16T01:27:31.001+0000: 1623.105: [GC [PSYoungGen: 1114468K->6878K(1072960K)] 1302000K->194483K(1491584K), 0.0240380 secs] [Times: user=0.09 sys=0.00, real=0.02 secs] 
2014-07-16T01:27:33.282+0000: 1625.385: [GC [PSYoungGen: 1072926K->4600K(1027904K)] 1260531K->194840K(1446528K), 0.0138620 secs] [Times: user=0.04 sys=0.01, real=0.01 secs] 
2014-07-16T01:27:35.494+0000: 1627.598: [GC [PSYoungGen: 1027896K->6942K(989568K)] 1218136K->197350K(1408192K), 0.0141710 secs] [Times: user=0.05 sys=0.00, real=0.02 secs] 
2014-07-16T01:27:37.632+0000: 1629.736: [GC [PSYoungGen: 989534K->3452K(947264K)] 1179942K->197456K(1365888K), 0.0197150 secs] [Times: user=0.06 sys=0.00, real=0.02 secs] 
2014-07-16T01:27:39.756+0000: 1631.860: [GC [PSYoungGen: 947260K->7006K(913920K)] 1141264K->201067K(1332544K), 0.0203770 secs] [Times: user=0.07 sys=0.00, real=0.02 secs] 
2014-07-16T01:27:41.649+0000: 1633.753: [GC [PSYoungGen: 913886K->4528K(1084992K)] 1107947K->201321K(1503616K), 0.0290150 secs] [Times: user=0.10 sys=0.01, real=0.03 secs] 
2014-07-16T01:27:44.006+0000: 1636.110: [GC [PSYoungGen: 1084976K->6856K(1294656K)] 1281769K->203713K(1713280K), 0.0293280 secs] [Times: user=0.10 sys=0.00, real=0.03 secs] 
2014-07-16T01:27:46.826+0000: 1638.929: [GC [PSYoungGen: 1294600K->3556K(1237824K)] 1491457K->204027K(1656448K), 0.0112510 secs] [Times: user=0.03 sys=0.00, real=0.01 secs] 
2014-07-16T01:27:49.497+0000: 1641.600: [GC [PSYoungGen: 1237796K->6928K(1190336K)] 1438267K->207535K(1608960K), 0.0133590 secs] [Times: user=0.04 sys=0.00, real=0.02 secs] 
2014-07-16T01:27:52.090+0000: 1644.194: [GC [PSYoungGen: 1190288K->4472K(1139392K)] 1390895K->207667K(1558016K), 0.0186390 secs] [Times: user=0.06 sys=0.01, real=0.01 secs] 
2014-07-16T01:27:54.515+0000: 1646.619: [GC [PSYoungGen: 1139384K->6934K(1095808K)] 1342579K->210217K(1514432K), 0.0092080 secs] [Times: user=0.01 sys=0.00, real=0.01 secs] 
2014-07-16T01:27:56.935+0000: 1649.038: [GC [PSYoungGen: 1095766K->3428K(1048384K)] 1299049K->210315K(1467008K), 0.0102850 secs] [Times: user=0.03 sys=0.00, real=0.01 secs] 
2014-07-16T01:27:59.187+0000: 1651.290: [GC [PSYoungGen: 1048356K->7056K(1010240K)] 1255243K->214055K(1428864K), 0.0081660 secs] [Times: user=0.02 sys=0.00, real=0.01 secs] 
2014-07-16T01:28:01.412+0000: 1653.515: [GC [PSYoungGen: 1010192K->4208K(967616K)] 1217191K->214252K(1386240K), 0.0183460 secs] [Times: user=0.07 sys=0.00, real=0.01 secs] 
2014-07-16T01:28:03.514+0000: 1655.618: [GC [PSYoungGen: 967600K->6920K(932480K)] 1177644K->217076K(1351104K), 0.0288940 secs] [Times: user=0.09 sys=0.00, real=0.03 secs] 
2014-07-16T01:28:05.556+0000: 1657.660: [GC [PSYoungGen: 932424K->3706K(893184K)] 1142580K->217285K(1311808K), 0.0230100 secs] [Times: user=0.08 sys=0.00, real=0.02 secs] 
2014-07-16T01:28:07.465+0000: 1659.568: [GC [PSYoungGen: 893178K->6842K(861952K)] 1106757K->220581K(1280576K), 0.0161950 secs] [Times: user=0.05 sys=0.00, real=0.01 secs] 
2014-07-16T01:28:09.311+0000: 1661.414: [GC [PSYoungGen: 861946K->4344K(1023104K)] 1075685K->220733K(1441728K), 0.0255040 secs] [Times: user=0.09 sys=0.00, real=0.03 secs] 
2014-07-16T01:28:11.665+0000: 1663.769: [GC [PSYoungGen: 1023096K->6788K(985088K)] 1239485K->223257K(1403712K), 0.0099790 secs] [Times: user=0.03 sys=0.00, real=0.01 secs] 
2014-07-16T01:28:13.760+0000: 1665.864: [GC [PSYoungGen: 985028K->3574K(943232K)] 1201497K->223423K(1361856K), 0.0062720 secs] [Times: user=0.02 sys=0.00, real=0.01 secs] 
2014-07-16T01:28:15.771+0000: 1667.875: [GC [PSYoungGen: 943222K->6970K(909888K)] 1163071K->227012K(1328512K), 0.0126010 secs] [Times: user=0.04 sys=0.00, real=0.02 secs] 
2014-07-16T01:28:17.730+0000: 1669.833: [GC [PSYoungGen: 909882K->4216K(872128K)] 1129924K->227067K(1290752K), 0.0218230 secs] [Times: user=0.07 sys=0.00, real=0.02 secs] 
2014-07-16T01:28:19.644+0000: 1671.748: [GC [PSYoungGen: 872120K->7034K(841600K)] 1094971K->229981K(1260224K), 0.0258500 secs] [Times: user=0.08 sys=0.00, real=0.02 secs] 
2014-07-16T01:28:21.604+0000: 1673.707: [GC [PSYoungGen: 841594K->3364K(997504K)] 1064541K->229925K(1416128K), 0.0221130 secs] [Times: user=0.08 sys=0.00, real=0.03 secs] 
2014-07-16T01:28:23.738+0000: 1675.841: [GC [PSYoungGen: 997445K->7116K(1191872K)] 1224006K->233749K(1610496K), 0.0268300 secs] [Times: user=0.09 sys=0.01, real=0.02 secs] 
2014-07-16T01:28:26.345+0000: 1678.448: [GC [PSYoungGen: 1191820K->4080K(1140288K)] 1418453K->233867K(1558912K), 0.0073180 secs] [Times: user=0.02 sys=0.00, real=0.01 secs] 
2014-07-16T01:28:28.791+0000: 1680.895: [GC [PSYoungGen: 1140272K->6792K(1096896K)] 1370059K->236723K(1515520K), 0.0218920 secs] [Times: user=0.07 sys=0.01, real=0.02 secs] 
2014-07-16T01:28:31.205+0000: 1683.309: [GC [PSYoungGen: 1096840K->3812K(1049984K)] 1326771K->236897K(1468608K), 0.0100340 secs] [Times: user=0.03 sys=0.00, real=0.01 secs] 
2014-07-16T01:28:33.458+0000: 1685.562: [GC [PSYoungGen: 1049956K->7020K(1011328K)] 1283041K->240186K(1429952K), 0.0144540 secs] [Times: user=0.05 sys=0.00, real=0.01 secs] 
2014-07-16T01:28:35.687+0000: 1687.790: [GC [PSYoungGen: 1011308K->3876K(968384K)] 1244474K->240578K(1387008K), 0.0237940 secs] [Times: user=0.09 sys=0.00, real=0.02 secs] 
2014-07-16T01:28:37.695+0000: 1689.799: [GC [PSYoungGen: 968356K->7006K(1156160K)] 1205058K->243796K(1574784K), 0.0331730 secs] [Times: user=0.11 sys=0.00, real=0.04 secs] 
2014-07-16T01:28:40.209+0000: 1692.312: [GC [PSYoungGen: 1156088K->3966K(1374016K)] 1392878K->243999K(1792640K), 0.0363950 secs] [Times: user=0.14 sys=0.00, real=0.03 secs] 
2014-07-16T01:28:43.212+0000: 1695.316: [GC [PSYoungGen: 1374014K->7038K(1319616K)] 1614047K->247159K(1738240K), 0.0098010 secs] [Times: user=0.02 sys=0.00, real=0.01 secs] 
2014-07-16T01:28:46.086+0000: 1698.190: [GC [PSYoungGen: 1319609K->3902K(1261760K)] 1559730K->247634K(1680384K), 0.0119870 secs] [Times: user=0.05 sys=0.00, real=0.02 secs] 
2014-07-16T01:28:48.788+0000: 1700.891: [GC [PSYoungGen: 1261713K->7116K(1212992K)] 1505445K->251016K(1631616K), 0.0201130 secs] [Times: user=0.07 sys=0.00, real=0.02 secs] 
2014-07-16T01:28:51.423+0000: 1703.527: [GC [PSYoungGen: 1212919K->4080K(1160384K)] 1456819K->251042K(1579008K), 0.0289620 secs] [Times: user=0.11 sys=0.00, real=0.03 secs] 
2014-07-16T01:28:53.926+0000: 1706.029: [GC [PSYoungGen: 1160368K->6856K(1116096K)] 1407330K->253899K(1534720K), 0.0273740 secs] [Times: user=0.09 sys=0.00, real=0.03 secs] 
2014-07-16T01:28:56.369+0000: 1708.473: [GC [PSYoungGen: 1116040K->4030K(1068352K)] 1363083K->254092K(1486976K), 0.0246880 secs] [Times: user=0.08 sys=0.00, real=0.03 secs] 
2014-07-16T01:28:58.651+0000: 1710.754: [GC [PSYoungGen: 1068350K->6824K(1275968K)] 1318412K->257046K(1694592K), 0.0405320 secs] [Times: user=0.13 sys=0.00, real=0.04 secs] 
2014-07-16T01:29:01.426+0000: 1713.529: [GC [PSYoungGen: 1275944K->4148K(1516160K)] 1526166K->257280K(1934784K), 0.0156420 secs] [Times: user=0.06 sys=0.00, real=0.02 secs] 
2014-07-16T01:29:04.698+0000: 1716.801: [GC [PSYoungGen: 1516148K->6952K(1454528K)] 1769280K->260164K(1873152K), 0.0159650 secs] [Times: user=0.05 sys=0.00, real=0.02 secs] 
2014-07-16T01:29:07.873+0000: 1719.976: [GC [PSYoungGen: 1454504K->3748K(1390016K)] 1707716K->260456K(1808640K), 0.0166480 secs] [Times: user=0.04 sys=0.00, real=0.01 secs] 
2014-07-16T01:29:10.853+0000: 1722.957: [GC [PSYoungGen: 1389988K->7020K(1334976K)] 1646696K->263857K(1753600K), 0.0191610 secs] [Times: user=0.07 sys=0.00, real=0.02 secs] 
2014-07-16T01:29:13.809+0000: 1725.913: [GC [PSYoungGen: 1334956K->4094K(1276608K)] 1591793K->264025K(1695232K), 0.0285190 secs] [Times: user=0.10 sys=0.00, real=0.03 secs] 
2014-07-16T01:29:16.578+0000: 1728.681: [GC [PSYoungGen: 1276606K->6906K(1226688K)] 1536537K->267013K(1645312K), 0.0228010 secs] [Times: user=0.08 sys=0.00, real=0.02 secs] 
2014-07-16T01:29:19.188+0000: 1731.292: [GC [PSYoungGen: 1226682K->3884K(1173504K)] 1486789K->267291K(1592128K), 0.0223890 secs] [Times: user=0.07 sys=0.00, real=0.02 secs] 
2014-07-16T01:29:21.771+0000: 1733.875: [GC [PSYoungGen: 1173484K->6874K(1128768K)] 1436891K->270361K(1547392K), 0.0141440 secs] [Times: user=0.05 sys=0.00, real=0.02 secs] 
2014-07-16T01:29:24.270+0000: 1736.373: [GC [PSYoungGen: 1128730K->4080K(1080512K)] 1392217K->270681K(1499136K), 0.0229210 secs] [Times: user=0.08 sys=0.00, real=0.02 secs] 
2014-07-16T01:29:26.658+0000: 1738.762: [GC [PSYoungGen: 1080496K->6970K(1040128K)] 1347097K->273795K(1458752K), 0.0231680 secs] [Times: user=0.07 sys=0.00, real=0.02 secs] 
2014-07-16T01:29:28.867+0000: 1740.970: [GC [PSYoungGen: 1040122K->3952K(995904K)] 1306947K->273945K(1414528K), 0.0109620 secs] [Times: user=0.04 sys=0.00, real=0.01 secs] 
2014-07-16T01:29:31.012+0000: 1743.115: [GC [PSYoungGen: 995888K->6970K(959680K)] 1265881K->277019K(1378304K), 0.0218030 secs] [Times: user=0.07 sys=0.00, real=0.02 secs] 
2014-07-16T01:29:33.133+0000: 1745.237: [GC [PSYoungGen: 959674K->3944K(919296K)] 1229723K->277220K(1337920K), 0.0208000 secs] [Times: user=0.06 sys=0.00, real=0.02 secs] 
2014-07-16T01:29:35.145+0000: 1747.249: [GC [PSYoungGen: 919272K->7134K(886912K)] 1192548K->280594K(1305536K), 0.0235600 secs] [Times: user=0.08 sys=0.00, real=0.03 secs] 
2014-07-16T01:29:37.095+0000: 1749.198: [GC [PSYoungGen: 886878K->3748K(1051968K)] 1160338K->280713K(1470592K), 0.0242370 secs] [Times: user=0.08 sys=0.01, real=0.03 secs] 
2014-07-16T01:29:39.375+0000: 1751.478: [GC [PSYoungGen: 1051940K->7116K(1255744K)] 1328905K->284193K(1674368K), 0.0205380 secs] [Times: user=0.08 sys=0.00, real=0.02 secs] 
2014-07-16T01:29:42.132+0000: 1754.236: [GC [PSYoungGen: 1255692K->3948K(1200960K)] 1532769K->284421K(1619584K), 0.0205880 secs] [Times: user=0.08 sys=0.00, real=0.02 secs] 
2014-07-16T01:29:44.709+0000: 1756.812: [GC [PSYoungGen: 1200878K->7470K(1155392K)] 1481351K->288175K(1574016K), 0.0252810 secs] [Times: user=0.09 sys=0.01, real=0.02 secs] 
2014-07-16T01:29:47.186+0000: 1759.290: [GC [PSYoungGen: 1155374K->3556K(1104768K)] 1436079K->288035K(1523392K), 0.0177900 secs] [Times: user=0.07 sys=0.00, real=0.02 secs] 
2014-07-16T01:29:49.540+0000: 1761.643: [GC [PSYoungGen: 1104740K->6764K(1063488K)] 1389219K->291355K(1482112K), 0.0138540 secs] [Times: user=0.04 sys=0.00, real=0.01 secs] 
2014-07-16T01:29:51.911+0000: 1764.014: [GC [PSYoungGen: 1063468K->5040K(1019456K)] 1348059K->291501K(1438080K), 0.0204610 secs] [Times: user=0.07 sys=0.00, real=0.02 secs] 
2014-07-16T01:29:54.123+0000: 1766.227: [GC [PSYoungGen: 1019440K->7138K(981248K)] 1305901K->293703K(1399872K), 0.0146030 secs] [Times: user=0.04 sys=0.00, real=0.01 secs] 
2014-07-16T01:29:56.179+0000: 1768.282: [GC [PSYoungGen: 981218K->3172K(938880K)] 1267783K->293789K(1357504K), 0.0217760 secs] [Times: user=0.07 sys=0.00, real=0.03 secs] 
2014-07-16T01:29:58.216+0000: 1770.320: [GC [PSYoungGen: 938852K->6956K(906112K)] 1229469K->297646K(1324736K), 0.0081950 secs] [Times: user=0.01 sys=0.01, real=0.01 secs] 
2014-07-16T01:30:00.142+0000: 1772.245: [GC [PSYoungGen: 906092K->5092K(869440K)] 1196782K->297646K(1288064K), 0.0077010 secs] [Times: user=0.03 sys=0.00, real=0.01 secs] 
2014-07-16T01:30:02.065+0000: 1774.168: [GC [PSYoungGen: 869412K->6852K(838080K)] 1161966K->299478K(1256704K), 0.0192710 secs] [Times: user=0.07 sys=0.00, real=0.02 secs] 
2014-07-16T01:30:03.803+0000: 1775.906: [GC [PSYoungGen: 838020K->3232K(802816K)] 1130646K->299490K(1221440K), 0.0149120 secs] [Times: user=0.06 sys=0.00, real=0.01 secs] 
2014-07-16T01:30:05.536+0000: 1777.639: [GC [PSYoungGen: 802784K->7084K(776576K)] 1099042K->303503K(1195200K), 0.0216340 secs] [Times: user=0.07 sys=0.00, real=0.02 secs] 
2014-07-16T01:30:07.270+0000: 1779.373: [GC [PSYoungGen: 776556K->4924K(921664K)] 1072975K->303529K(1340288K), 0.0234290 secs] [Times: user=0.09 sys=0.00, real=0.03 secs] 
2014-07-16T01:30:09.244+0000: 1781.347: [GC [PSYoungGen: 921660K->6852K(1099200K)] 1220265K->305561K(1517824K), 0.0217510 secs] [Times: user=0.07 sys=0.00, real=0.02 secs] 
2014-07-16T01:30:11.602+0000: 1783.705: [GC [PSYoungGen: 1099140K->3168K(1051456K)] 1397849K->305576K(1470080K), 0.0180920 secs] [Times: user=0.06 sys=0.00, real=0.01 secs] 
2014-07-16T01:30:13.924+0000: 1786.027: [GC [PSYoungGen: 1051424K->7084K(1013440K)] 1353832K->309548K(1432064K), 0.0160760 secs] [Times: user=0.05 sys=0.00, real=0.01 secs] 
2014-07-16T01:30:16.102+0000: 1788.206: [GC [PSYoungGen: 1013420K->4704K(971136K)] 1315884K->309702K(1389760K), 0.0239890 secs] [Times: user=0.08 sys=0.00, real=0.02 secs] 
2014-07-16T01:30:18.206+0000: 1790.309: [GC [PSYoungGen: 971104K->6842K(1158080K)] 1276102K->311960K(1576704K), 0.0237460 secs] [Times: user=0.07 sys=0.00, real=0.02 secs] 
2014-07-16T01:30:20.689+0000: 1792.793: [GC [PSYoungGen: 1158074K->3428K(1107776K)] 1463192K->311960K(1526400K), 0.0145780 secs] [Times: user=0.05 sys=0.00, real=0.02 secs] 
2014-07-16T01:30:23.093+0000: 1795.197: [GC [PSYoungGen: 1107748K->7038K(1066752K)] 1416280K->315635K(1485376K), 0.0205300 secs] [Times: user=0.08 sys=0.00, real=0.02 secs] 
2014-07-16T01:30:25.388+0000: 1797.492: [GC [PSYoungGen: 1066750K->4536K(1021760K)] 1375347K->315777K(1440384K), 0.0245790 secs] [Times: user=0.09 sys=0.00, real=0.02 secs] 
2014-07-16T01:30:27.735+0000: 1799.839: [GC [PSYoungGen: 1021752K->6820K(983616K)] 1332993K->318237K(1402240K), 0.0180010 secs] [Times: user=0.06 sys=0.00, real=0.01 secs] 
2014-07-16T01:30:29.795+0000: 1801.898: [GC [PSYoungGen: 983588K->3620K(1167232K)] 1295005K->318445K(1585856K), 0.0264190 secs] [Times: user=0.10 sys=0.00, real=0.02 secs] 
2014-07-16T01:30:32.309+0000: 1804.413: [GC [PSYoungGen: 1167204K->6828K(1392896K)] 1482029K->321701K(1811520K), 0.0238530 secs] [Times: user=0.08 sys=0.00, real=0.02 secs] 
2014-07-16T01:30:35.425+0000: 1807.528: [GC [PSYoungGen: 1392798K->4396K(1332160K)] 1707671K->322316K(1750784K), 0.0077670 secs] [Times: user=0.03 sys=0.00, real=0.01 secs] 
2014-07-16T01:30:38.299+0000: 1810.403: [GC [PSYoungGen: 1332140K->7434K(1279808K)] 1650060K->325618K(1698432K), 0.0145540 secs] [Times: user=0.05 sys=0.00, real=0.01 secs] 
2014-07-16T01:30:41.041+0000: 1813.145: [GC [PSYoungGen: 1279754K->3236K(1222848K)] 1597938K->325364K(1641472K), 0.0222970 secs] [Times: user=0.08 sys=0.00, real=0.02 secs] 
2014-07-16T01:30:43.699+0000: 1815.803: [GC [PSYoungGen: 1222820K->7134K(1176576K)] 1544948K->329318K(1595200K), 0.0225670 secs] [Times: user=0.08 sys=0.00, real=0.02 secs] 
2014-07-16T01:30:46.219+0000: 1818.322: [GC [PSYoungGen: 1176542K->4836K(1126528K)] 1498726K->329436K(1545152K), 0.0180540 secs] [Times: user=0.06 sys=0.00, real=0.01 secs] 
2014-07-16T01:30:48.659+0000: 1820.763: [GC [PSYoungGen: 1126499K->6820K(1083072K)] 1451099K->331588K(1501696K), 0.0263270 secs] [Times: user=0.09 sys=0.00, real=0.02 secs] 
2014-07-16T01:30:50.973+0000: 1823.077: [GC [PSYoungGen: 1083044K->3578K(1036544K)] 1407812K->331594K(1455168K), 0.0134680 secs] [Times: user=0.06 sys=0.00, real=0.02 secs] 
2014-07-16T01:30:53.308+0000: 1825.411: [GC [PSYoungGen: 1036499K->7444K(999232K)] 1364515K->335517K(1417856K), 0.0126940 secs] [Times: user=0.05 sys=0.00, real=0.02 secs] 
2014-07-16T01:30:55.360+0000: 1827.463: [GC [PSYoungGen: 999188K->4208K(956736K)] 1327261K->335618K(1375360K), 0.0316890 secs] [Times: user=0.12 sys=0.00, real=0.03 secs] 
2014-07-16T01:30:57.384+0000: 1829.488: [GC [PSYoungGen: 956720K->6952K(1142656K)] 1288130K->338514K(1561280K), 0.0351230 secs] [Times: user=0.12 sys=0.00, real=0.04 secs] 
2014-07-16T01:30:59.774+0000: 1831.877: [GC [PSYoungGen: 1142632K->4476K(1358912K)] 1474194K->338688K(1777536K), 0.0320410 secs] [Times: user=0.12 sys=0.00, real=0.03 secs] 
2014-07-16T01:31:02.487+0000: 1834.591: [GC [PSYoungGen: 1358908K->7130K(1519040K)] 1693120K->341446K(1937664K), 0.0232220 secs] [Times: user=0.09 sys=0.01, real=0.03 secs] 
2014-07-16T01:31:05.629+0000: 1837.732: [GC [PSYoungGen: 1518426K->6966K(1453888K)] 1852742K->341450K(1872512K), 0.0176160 secs] [Times: user=0.05 sys=0.01, real=0.02 secs] 
2014-07-16T01:31:08.659+0000: 1840.762: [GC [PSYoungGen: 1453878K->6984K(1392704K)] 1788362K->341756K(1811328K), 0.0156210 secs] [Times: user=0.04 sys=0.00, real=0.02 secs] 
2014-07-16T01:31:11.480+0000: 1843.583: [GC [PSYoungGen: 1392648K->1272K(1328704K)] 1727420K->341819K(1747328K), 0.0217360 secs] [Times: user=0.07 sys=0.00, real=0.03 secs] 
2014-07-16T01:31:14.249+0000: 1846.353: [GC [PSYoungGen: 1328696K->7526K(1279552K)] 1669243K->348145K(1698176K), 0.0294340 secs] [Times: user=0.10 sys=0.00, real=0.03 secs] 
2014-07-16T01:31:16.867+0000: 1848.970: [GC [PSYoungGen: 1279526K->6330K(1225600K)] 1620145K->348073K(1644224K), 0.0070460 secs] [Times: user=0.02 sys=0.00, real=0.01 secs] 
2014-07-16T01:31:19.397+0000: 1851.501: [GC [PSYoungGen: 1225594K->6660K(1175808K)] 1567337K->348571K(1594432K), 0.0124070 secs] [Times: user=0.04 sys=0.00, real=0.01 secs] 
2014-07-16T01:31:21.770+0000: 1853.874: [GC [PSYoungGen: 1175748K->2488K(1123840K)] 1517659K->348914K(1542464K), 0.0121400 secs] [Times: user=0.03 sys=0.00, real=0.02 secs] 
2014-07-16T01:31:24.118+0000: 1856.222: [GC [PSYoungGen: 1123832K->7134K(1083072K)] 1470258K->353617K(1501696K), 0.0411960 secs] [Times: user=0.13 sys=0.00, real=0.04 secs] 
2014-07-16T01:31:26.343+0000: 1858.447: [GC [PSYoungGen: 1083038K->5886K(1287488K)] 1429521K->353961K(1706112K), 0.0255540 secs] [Times: user=0.09 sys=0.01, real=0.02 secs] 
2014-07-16T01:31:29.127+0000: 1861.231: [GC [PSYoungGen: 1287486K->6838K(1235264K)] 1635561K->355049K(1653888K), 0.0213050 secs] [Times: user=0.08 sys=0.00, real=0.02 secs] 
2014-07-16T01:31:31.605+0000: 1863.709: [GC [PSYoungGen: 1235228K->2940K(1180736K)] 1583438K->355373K(1599360K), 0.0153650 secs] [Times: user=0.06 sys=0.00, real=0.01 secs] 
2014-07-16T01:31:34.056+0000: 1866.159: [GC [PSYoungGen: 1180732K->7590K(1137216K)] 1533165K->360130K(1555840K), 0.0135160 secs] [Times: user=0.04 sys=0.01, real=0.01 secs] 
2014-07-16T01:31:36.334+0000: 1868.438: [GC [PSYoungGen: 1137190K->4960K(1088768K)] 1489730K->360004K(1507392K), 0.0208890 secs] [Times: user=0.08 sys=0.00, real=0.02 secs] 
2014-07-16T01:31:38.693+0000: 1870.797: [GC [PSYoungGen: 1088736K->7016K(1047168K)] 1443780K->362204K(1465792K), 0.0064920 secs] [Times: user=0.02 sys=0.00, real=0.01 secs] 
2014-07-16T01:31:40.804+0000: 1872.908: [GC [PSYoungGen: 1047141K->3752K(1002368K)] 1402328K->362016K(1420992K), 0.0103880 secs] [Times: user=0.01 sys=0.00, real=0.02 secs] 
2014-07-16T01:31:42.824+0000: 1874.927: [GC [PSYoungGen: 1002344K->7102K(966144K)] 1360608K->365470K(1384768K), 0.0250490 secs] [Times: user=0.08 sys=0.01, real=0.03 secs] 
2014-07-16T01:31:44.834+0000: 1876.938: [GC [PSYoungGen: 966142K->4924K(926336K)] 1324510K->365680K(1344960K), 0.0167560 secs] [Times: user=0.05 sys=0.00, real=0.02 secs] 
2014-07-16T01:31:46.753+0000: 1878.857: [GC [PSYoungGen: 926254K->7020K(892608K)] 1287010K->368008K(1311232K), 0.0140600 secs] [Times: user=0.05 sys=0.00, real=0.02 secs] 
2014-07-16T01:31:48.579+0000: 1880.682: [GC [PSYoungGen: 892588K->3684K(855104K)] 1253576K->367996K(1273728K), 0.0176890 secs] [Times: user=0.06 sys=0.01, real=0.02 secs] 
2014-07-16T01:31:50.367+0000: 1882.471: [GC [PSYoungGen: 855076K->6860K(1021952K)] 1219388K->371260K(1440576K), 0.0354990 secs] [Times: user=0.13 sys=0.00, real=0.03 secs] 
2014-07-16T01:31:52.399+0000: 1884.502: [GC [PSYoungGen: 1021900K->4900K(1214400K)] 1386300K->371562K(1633024K), 0.0151910 secs] [Times: user=0.06 sys=0.01, real=0.01 secs] 
2014-07-16T01:31:54.887+0000: 1886.990: [GC [PSYoungGen: 1214372K->7016K(1448576K)] 1581034K->373774K(1867200K), 0.0297920 secs] [Times: user=0.09 sys=0.00, real=0.03 secs] 
2014-07-16T01:31:57.820+0000: 1889.923: [GC [PSYoungGen: 1448552K->3428K(1574144K)] 1815310K->373802K(1992768K), 0.0458020 secs] [Times: user=0.17 sys=0.01, real=0.04 secs] 
2014-07-16T01:32:01.116+0000: 1893.220: [GC [PSYoungGen: 1574116K->7088K(1510464K)] 1944490K->377559K(1929088K), 0.0102650 secs] [Times: user=0.03 sys=0.00, real=0.01 secs] 
2014-07-16T01:32:04.192+0000: 1896.295: [GC [PSYoungGen: 1510448K->556K(1439936K)] 1880919K->377936K(1858560K), 0.0141430 secs] [Times: user=0.05 sys=0.00, real=0.01 secs] 
2014-07-16T01:32:07.092+0000: 1899.195: [GC [PSYoungGen: 1439916K->7334K(1385856K)] 1817296K->384754K(1804480K), 0.0244890 secs] [Times: user=0.08 sys=0.01, real=0.02 secs] 
2014-07-16T01:32:10.032+0000: 1902.135: [GC [PSYoungGen: 1385830K->6948K(1327552K)] 1763250K->385160K(1746176K), 0.0183920 secs] [Times: user=0.07 sys=0.00, real=0.02 secs] 
2014-07-16T01:32:12.683+0000: 1904.787: [GC [PSYoungGen: 1327524K->6934K(1272448K)] 1705736K->385338K(1691072K), 0.0062760 secs] [Times: user=0.02 sys=0.00, real=0.00 secs] 
2014-07-16T01:32:15.217+0000: 1907.320: [GC [PSYoungGen: 1272406K->1468K(1214528K)] 1650810K->385485K(1633152K), 0.0206500 secs] [Times: user=0.07 sys=0.00, real=0.02 secs] 
2014-07-16T01:32:17.674+0000: 1909.778: [GC [PSYoungGen: 1214524K->7184K(1170432K)] 1598541K->391297K(1589056K), 0.0164140 secs] [Times: user=0.06 sys=0.00, real=0.02 secs] 
2014-07-16T01:32:20.187+0000: 1912.290: [GC [PSYoungGen: 1170384K->6572K(1122304K)] 1554497K->391602K(1540928K), 0.0188150 secs] [Times: user=0.07 sys=0.00, real=0.02 secs] 
2014-07-16T01:32:22.420+0000: 1914.523: [GC [PSYoungGen: 1122284K->6774K(1077312K)] 1507314K->392045K(1495936K), 0.0288060 secs] [Times: user=0.08 sys=0.00, real=0.03 secs] 
2014-07-16T01:32:24.608+0000: 1916.712: [GC [PSYoungGen: 1077302K->2042K(1029568K)] 1462573K->392327K(1448192K), 0.0183950 secs] [Times: user=0.06 sys=0.00, real=0.02 secs] 
2014-07-16T01:32:26.662+0000: 1918.766: [GC [PSYoungGen: 1029562K->7006K(993600K)] 1419847K->397380K(1412224K), 0.0168450 secs] [Times: user=0.03 sys=0.00, real=0.01 secs] 
2014-07-16T01:32:28.656+0000: 1920.760: [GC [PSYoungGen: 993556K->6180K(953792K)] 1383929K->397548K(1372416K), 0.0234010 secs] [Times: user=0.08 sys=0.00, real=0.02 secs] 
2014-07-16T01:32:30.811+0000: 1922.914: [GC [PSYoungGen: 953764K->6774K(1135616K)] 1345132K->398320K(1554240K), 0.0253620 secs] [Times: user=0.09 sys=0.00, real=0.03 secs] 
2014-07-16T01:32:33.096+0000: 1925.199: [GC [PSYoungGen: 1135606K->2288K(1085312K)] 1527152K->398607K(1503936K), 0.0081760 secs] [Times: user=0.03 sys=0.00, real=0.01 secs] 
2014-07-16T01:32:35.358+0000: 1927.461: [GC [PSYoungGen: 1085296K->7312K(1046784K)] 1481615K->403712K(1465408K), 0.0249890 secs] [Times: user=0.09 sys=0.00, real=0.02 secs] 
2014-07-16T01:32:37.501+0000: 1929.605: [GC [PSYoungGen: 1046736K->5494K(1003456K)] 1443136K->403832K(1422080K), 0.0191480 secs] [Times: user=0.06 sys=0.00, real=0.02 secs] 
2014-07-16T01:32:39.544+0000: 1931.647: [GC [PSYoungGen: 1003446K->6796K(965312K)] 1401784K->405294K(1383936K), 0.0191480 secs] [Times: user=0.07 sys=0.00, real=0.02 secs] 
2014-07-16T01:32:41.655+0000: 1933.759: [GC [PSYoungGen: 965245K->3040K(923904K)] 1363743K->405433K(1342528K), 0.0206070 secs] [Times: user=0.06 sys=0.00, real=0.02 secs] 
2014-07-16T01:32:43.498+0000: 1935.601: [GC [PSYoungGen: 923872K->7038K(1104640K)] 1326265K->409520K(1523264K), 0.0283500 secs] [Times: user=0.09 sys=0.00, real=0.03 secs] 
2014-07-16T01:32:45.766+0000: 1937.870: [GC [PSYoungGen: 1104638K->5284K(1313344K)] 1507120K->409776K(1731968K), 0.0218800 secs] [Times: user=0.07 sys=0.00, real=0.02 secs] 
2014-07-16T01:32:48.430+0000: 1940.533: [GC [PSYoungGen: 1313316K->6792K(1536192K)] 1717808K->411484K(1954816K), 0.0454110 secs] [Times: user=0.16 sys=0.00, real=0.05 secs] 
2014-07-16T01:32:51.650+0000: 1943.753: [GC [PSYoungGen: 1535368K->7016K(1567872K)] 1940060K->411860K(1986496K), 0.0229480 secs] [Times: user=0.08 sys=0.00, real=0.02 secs] 
2014-07-16T01:32:54.779+0000: 1946.882: [GC [PSYoungGen: 1567272K->6884K(1567872K)] 1972116K->411912K(1986496K), 0.0292610 secs] [Times: user=0.10 sys=0.01, real=0.03 secs] 
2014-07-16T01:32:57.987+0000: 1950.090: [GC [PSYoungGen: 1567140K->7034K(1500480K)] 1972168K->412350K(1919104K), 0.0163370 secs] [Times: user=0.06 sys=0.00, real=0.02 secs] 
2014-07-16T01:33:01.186+0000: 1953.290: [GC [PSYoungGen: 1500474K->6806K(1436736K)] 1905790K->412306K(1855360K), 0.0248100 secs] [Times: user=0.09 sys=0.01, real=0.03 secs] 
2014-07-16T01:33:03.964+0000: 1956.068: [GC [PSYoungGen: 1436694K->1272K(1370752K)] 1842194K->412661K(1789376K), 0.0281530 secs] [Times: user=0.10 sys=0.00, real=0.03 secs] 
2014-07-16T01:33:06.795+0000: 1958.899: [GC [PSYoungGen: 1370744K->7312K(1638592K)] 1782133K->418774K(2057216K), 0.0323790 secs] [Times: user=0.09 sys=0.00, real=0.03 secs] 
2014-07-16T01:33:10.225+0000: 1962.328: [GC [PSYoungGen: 1638544K->6500K(1567488K)] 2050006K->418782K(1986112K), 0.0292970 secs] [Times: user=0.11 sys=0.00, real=0.03 secs] 
2014-07-16T01:33:13.409+0000: 1965.513: [GC [PSYoungGen: 1567460K->6820K(1500992K)] 1979742K->419262K(1919616K), 0.0276350 secs] [Times: user=0.10 sys=0.00, real=0.02 secs] 
2014-07-16T01:33:16.471+0000: 1968.574: [GC [PSYoungGen: 1500964K->1896K(1432512K)] 1913406K->419779K(1851136K), 0.0320770 secs] [Times: user=0.12 sys=0.00, real=0.03 secs] 
2014-07-16T01:33:16.503+0000: 1968.606: [Full GC [PSYoungGen: 1896K->0K(1432512K)] [ParOldGen: 417883K->159784K(439488K)] 419779K->159784K(1872000K) [PSPermGen: 11239K->11239K(25472K)], 0.5757920 secs] [Times: user=2.05 sys=0.00, real=0.57 secs] 
2014-07-16T01:33:19.874+0000: 1971.978: [GC [PSYoungGen: 1430592K->7648K(1704000K)] 1590376K->167521K(2143488K), 0.0401460 secs] [Times: user=0.15 sys=0.00, real=0.04 secs] 
2014-07-16T01:33:23.815+0000: 1975.918: [GC [PSYoungGen: 1703968K->5818K(1849472K)] 1863841K->167791K(2288960K), 0.0284830 secs] [Times: user=0.10 sys=0.00, real=0.03 secs] 
2014-07-16T01:33:27.542+0000: 1979.645: [GC [PSYoungGen: 1849466K->6870K(1770304K)] 2011439K->169235K(2209792K), 0.0281350 secs] [Times: user=0.09 sys=0.00, real=0.02 secs] 
2014-07-16T01:33:31.162+0000: 1983.266: [GC [PSYoungGen: 1770262K->1198K(1688320K)] 1932627K->169795K(2127808K), 0.0191780 secs] [Times: user=0.07 sys=0.00, real=0.01 secs] 
2014-07-16T01:33:34.564+0000: 1986.668: [GC [PSYoungGen: 1688302K->7508K(1622080K)] 1856899K->176146K(2061568K), 0.0063240 secs] [Times: user=0.02 sys=0.00, real=0.00 secs] 
2014-07-16T01:33:37.818+0000: 1989.922: [GC [PSYoungGen: 1622036K->7048K(1552640K)] 1790674K->176508K(1992128K), 0.0135170 secs] [Times: user=0.04 sys=0.00, real=0.01 secs] 
2014-07-16T01:33:41.017+0000: 1993.120: [GC [PSYoungGen: 1552584K->6792K(1486720K)] 1722044K->176412K(1926208K), 0.0283590 secs] [Times: user=0.09 sys=0.00, real=0.03 secs] 
2014-07-16T01:33:44.063+0000: 1996.166: [GC [PSYoungGen: 1486664K->2234K(1419648K)] 1656284K->176775K(1859136K), 0.0139860 secs] [Times: user=0.05 sys=0.00, real=0.02 secs] 
2014-07-16T01:33:46.874+0000: 1998.978: [GC [PSYoungGen: 1419642K->7362K(1365440K)] 1594183K->182055K(1804928K), 0.0132060 secs] [Times: user=0.04 sys=0.00, real=0.01 secs] 
2014-07-16T01:33:49.544+0000: 2001.647: [GC [PSYoungGen: 1365378K->6262K(1307776K)] 1540071K->181869K(1747264K), 0.0217120 secs] [Times: user=0.06 sys=0.00, real=0.03 secs] 
2014-07-16T01:33:52.181+0000: 2004.285: [GC [PSYoungGen: 1307766K->6838K(1254592K)] 1483373K->182549K(1694080K), 0.0060200 secs] [Times: user=0.02 sys=0.00, real=0.01 secs] 
2014-07-16T01:33:54.707+0000: 2006.811: [GC [PSYoungGen: 1254582K->2676K(1199296K)] 1430293K->182890K(1638784K), 0.0148030 secs] [Times: user=0.03 sys=0.00, real=0.01 secs] 
2014-07-16T01:33:57.171+0000: 2009.275: [GC [PSYoungGen: 1199284K->7084K(1155008K)] 1379498K->187458K(1594496K), 0.0148110 secs] [Times: user=0.06 sys=0.01, real=0.02 secs] 
2014-07-16T01:33:59.537+0000: 2011.641: [GC [PSYoungGen: 1154988K->5878K(1107456K)] 1335362K->187458K(1546944K), 0.0141670 secs] [Times: user=0.05 sys=0.00, real=0.01 secs] 
2014-07-16T01:34:01.824+0000: 2013.927: [GC [PSYoungGen: 1107446K->7038K(1064512K)] 1289026K->188746K(1504000K), 0.0458610 secs] [Times: user=0.16 sys=0.01, real=0.05 secs] 
2014-07-16T01:34:03.978+0000: 2016.082: [GC [PSYoungGen: 1064510K->2612K(1018112K)] 1246218K->188746K(1457600K), 0.0102510 secs] [Times: user=0.02 sys=0.00, real=0.01 secs] 
2014-07-16T01:34:05.982+0000: 2018.085: [GC [PSYoungGen: 1018100K->7276K(982784K)] 1204234K->193538K(1422272K), 0.0089430 secs] [Times: user=0.02 sys=0.00, real=0.01 secs] 
2014-07-16T01:34:07.992+0000: 2020.096: [GC [PSYoungGen: 982715K->5484K(942912K)] 1168977K->193520K(1382400K), 0.0156270 secs] [Times: user=0.06 sys=0.00, real=0.02 secs] 
2014-07-16T01:34:09.900+0000: 2022.004: [GC [PSYoungGen: 942892K->6884K(908032K)] 1130928K->195040K(1347520K), 0.0181180 secs] [Times: user=0.05 sys=0.00, real=0.02 secs] 
2014-07-16T01:34:11.799+0000: 2023.903: [GC [PSYoungGen: 908004K->2994K(869568K)] 1096160K->195247K(1309056K), 0.0242500 secs] [Times: user=0.08 sys=0.00, real=0.02 secs] 
2014-07-16T01:34:13.538+0000: 2025.642: [GC [PSYoungGen: 869554K->7280K(840960K)] 1061807K->199598K(1280448K), 0.0163170 secs] [Times: user=0.04 sys=0.00, real=0.01 secs] 
2014-07-16T01:34:15.177+0000: 2027.281: [GC [PSYoungGen: 840944K->4964K(995264K)] 1033262K->199628K(1434752K), 0.0334050 secs] [Times: user=0.12 sys=0.01, real=0.04 secs] 
2014-07-16T01:34:17.283+0000: 2029.386: [GC [PSYoungGen: 995207K->6742K(1183424K)] 1189870K->201534K(1622912K), 0.0289370 secs] [Times: user=0.08 sys=0.00, real=0.03 secs] 
2014-07-16T01:34:19.684+0000: 2031.787: [GC [PSYoungGen: 1183357K->3494K(1400576K)] 1378148K->201693K(1840064K), 0.0210750 secs] [Times: user=0.07 sys=0.00, real=0.02 secs] 
2014-07-16T01:34:22.624+0000: 2034.727: [GC [PSYoungGen: 1400550K->7426K(1663616K)] 1598749K->205755K(2103104K), 0.0155280 secs] [Times: user=0.06 sys=0.00, real=0.02 secs] 
2014-07-16T01:34:26.066+0000: 2038.169: [GC [PSYoungGen: 1663554K->4412K(1589504K)] 1861883K->205774K(2028992K), 0.0160580 secs] [Times: user=0.06 sys=0.00, real=0.02 secs] 
2014-07-16T01:34:29.266+0000: 2041.370: [GC [PSYoungGen: 1589500K->7084K(1524608K)] 1790862K->208695K(1964096K), 0.0121940 secs] [Times: user=0.03 sys=0.00, real=0.01 secs] 
2014-07-16T01:34:32.442+0000: 2044.545: [GC [PSYoungGen: 1524588K->4156K(1457408K)] 1726199K->208933K(1896896K), 0.0221300 secs] [Times: user=0.08 sys=0.00, real=0.02 secs] 
2014-07-16T01:34:35.400+0000: 2047.504: [GC [PSYoungGen: 1457404K->6852K(1399040K)] 1662181K->211725K(1838528K), 0.0061330 secs] [Times: user=0.02 sys=0.00, real=0.01 secs] 
2014-07-16T01:34:38.302+0000: 2050.405: [GC [PSYoungGen: 1398980K->4476K(1338432K)] 1603853K->212186K(1777920K), 0.0137720 secs] [Times: user=0.05 sys=0.00, real=0.02 secs] 
2014-07-16T01:34:41.000+0000: 2053.103: [GC [PSYoungGen: 1338428K->6774K(1285376K)] 1546138K->214612K(1724864K), 0.0343320 secs] [Times: user=0.11 sys=0.00, real=0.04 secs] 
2014-07-16T01:34:43.641+0000: 2055.744: [GC [PSYoungGen: 1285366K->4284K(1230208K)] 1493204K->214932K(1669696K), 0.0191940 secs] [Times: user=0.07 sys=0.00, real=0.02 secs] 
2014-07-16T01:34:46.205+0000: 2058.308: [GC [PSYoungGen: 1230204K->6948K(1182784K)] 1440852K->217804K(1622272K), 0.0169580 secs] [Times: user=0.06 sys=0.00, real=0.01 secs] 
2014-07-16T01:34:48.608+0000: 2060.712: [GC [PSYoungGen: 1182756K->4156K(1132288K)] 1393612K->217927K(1571776K), 0.0133110 secs] [Times: user=0.05 sys=0.01, real=0.01 secs] 
2014-07-16T01:34:50.860+0000: 2062.963: [GC [PSYoungGen: 1132284K->6920K(1089728K)] 1346055K->220803K(1529216K), 0.0198970 secs] [Times: user=0.07 sys=0.00, real=0.02 secs] 
2014-07-16T01:34:53.230+0000: 2065.333: [GC [PSYoungGen: 1089672K->4156K(1043712K)] 1303555K->220958K(1483200K), 0.0369160 secs] [Times: user=0.13 sys=0.00, real=0.04 secs] 
2014-07-16T01:34:55.380+0000: 2067.483: [GC [PSYoungGen: 1043708K->6906K(1005312K)] 1260510K->223900K(1444800K), 0.0056420 secs] [Times: user=0.02 sys=0.00, real=0.01 secs] 
2014-07-16T01:34:57.473+0000: 2069.577: [GC [PSYoungGen: 1005306K->4092K(963328K)] 1222300K->224027K(1402816K), 0.0051280 secs] [Times: user=0.02 sys=0.00, real=0.01 secs] 
2014-07-16T01:34:59.393+0000: 2071.497: [GC [PSYoungGen: 963324K->6806K(928768K)] 1183259K->226845K(1368256K), 0.0081020 secs] [Times: user=0.02 sys=0.00, real=0.01 secs] 
2014-07-16T01:35:01.252+0000: 2073.355: [GC [PSYoungGen: 928726K->4092K(890496K)] 1148765K->226919K(1329984K), 0.0124210 secs] [Times: user=0.04 sys=0.00, real=0.01 secs] 
2014-07-16T01:35:03.098+0000: 2075.201: [GC [PSYoungGen: 890492K->7102K(859648K)] 1113319K->229969K(1299136K), 0.0164250 secs] [Times: user=0.04 sys=0.00, real=0.01 secs] 
2014-07-16T01:35:04.831+0000: 2076.935: [GC [PSYoungGen: 859646K->3836K(824128K)] 1082513K->229989K(1263616K), 0.0156760 secs] [Times: user=0.03 sys=0.00, real=0.02 secs] 
2014-07-16T01:35:06.543+0000: 2078.646: [GC [PSYoungGen: 824124K->7052K(796672K)] 1050277K->233301K(1236160K), 0.0174140 secs] [Times: user=0.06 sys=0.00, real=0.02 secs] 
2014-07-16T01:35:08.224+0000: 2080.327: [GC [PSYoungGen: 796620K->4092K(764352K)] 1022869K->233304K(1203840K), 0.0164140 secs] [Times: user=0.05 sys=0.00, real=0.02 secs] 
2014-07-16T01:35:09.759+0000: 2081.862: [GC [PSYoungGen: 764348K->6614K(908928K)] 993560K->235930K(1348416K), 0.0287570 secs] [Times: user=0.11 sys=0.00, real=0.03 secs] 
2014-07-16T01:35:11.567+0000: 2083.671: [GC [PSYoungGen: 908886K->4156K(1076288K)] 1138202K->236297K(1515776K), 0.0297990 secs] [Times: user=0.10 sys=0.00, real=0.03 secs] 
2014-07-16T01:35:13.808+0000: 2085.912: [GC [PSYoungGen: 1076284K->6948K(1280256K)] 1308425K->239161K(1719744K), 0.0221570 secs] [Times: user=0.08 sys=0.00, real=0.02 secs] 
2014-07-16T01:35:16.441+0000: 2088.545: [GC [PSYoungGen: 1280228K->3764K(1514816K)] 1512441K->239398K(1954304K), 0.0221640 secs] [Times: user=0.07 sys=0.00, real=0.02 secs] 
2014-07-16T01:35:19.564+0000: 2091.667: [GC [PSYoungGen: 1514804K->6938K(1454080K)] 1750438K->242692K(1893568K), 0.0145380 secs] [Times: user=0.05 sys=0.00, real=0.02 secs] 
2014-07-16T01:35:22.562+0000: 2094.665: [GC [PSYoungGen: 1454042K->4156K(1390400K)] 1689796K->242874K(1829888K), 0.0262790 secs] [Times: user=0.09 sys=0.01, real=0.02 secs] 
2014-07-16T01:35:25.413+0000: 2097.516: [GC [PSYoungGen: 1390396K->6916K(1335360K)] 1629114K->245730K(1774848K), 0.0131840 secs] [Times: user=0.04 sys=0.00, real=0.01 secs] 
2014-07-16T01:35:28.184+0000: 2100.288: [GC [PSYoungGen: 1335300K->3754K(1277120K)] 1574114K->246075K(1716608K), 0.0338560 secs] [Times: user=0.12 sys=0.00, real=0.03 secs] 
2014-07-16T01:35:30.744+0000: 2102.847: [GC [PSYoungGen: 1277098K->6888K(1227840K)] 1519419K->249289K(1667328K), 0.0234920 secs] [Times: user=0.08 sys=0.00, real=0.02 secs] 
2014-07-16T01:35:33.303+0000: 2105.406: [GC [PSYoungGen: 1227816K->4220K(1175296K)] 1470217K->249728K(1614784K), 0.0208860 secs] [Times: user=0.07 sys=0.01, real=0.02 secs] 
2014-07-16T01:35:35.676+0000: 2107.779: [GC [PSYoungGen: 1175292K->6970K(1395136K)] 1420800K->252670K(1834624K), 0.0305240 secs] [Times: user=0.11 sys=0.00, real=0.03 secs] 
2014-07-16T01:35:38.582+0000: 2110.686: [GC [PSYoungGen: 1395130K->3818K(1334016K)] 1640830K->253012K(1773504K), 0.0188900 secs] [Times: user=0.07 sys=0.00, real=0.02 secs] 
2014-07-16T01:35:41.318+0000: 2113.422: [GC [PSYoungGen: 1333991K->6906K(1281920K)] 1583186K->256255K(1721408K), 0.0204960 secs] [Times: user=0.07 sys=0.00, real=0.02 secs] 
2014-07-16T01:35:43.977+0000: 2116.080: [GC [PSYoungGen: 1281877K->4412K(1226944K)] 1531226K->256525K(1666432K), 0.0192540 secs] [Times: user=0.07 sys=0.00, real=0.02 secs] 
2014-07-16T01:35:46.444+0000: 2118.547: [GC [PSYoungGen: 1226940K->7202K(1179840K)] 1479053K->259539K(1619328K), 0.0229350 secs] [Times: user=0.08 sys=0.00, real=0.02 secs] 
2014-07-16T01:35:48.985+0000: 2121.089: [GC [PSYoungGen: 1179810K->3500K(1128576K)] 1432147K->259508K(1568064K), 0.0139100 secs] [Times: user=0.04 sys=0.00, real=0.01 secs] 
2014-07-16T01:35:51.256+0000: 2123.359: [GC [PSYoungGen: 1128556K->7212K(1087040K)] 1384564K->263316K(1526528K), 0.0170810 secs] [Times: user=0.05 sys=0.00, real=0.02 secs] 
2014-07-16T01:35:53.506+0000: 2125.610: [GC [PSYoungGen: 1087020K->4412K(1041152K)] 1343124K->263388K(1480640K), 0.0144060 secs] [Times: user=0.05 sys=0.00, real=0.01 secs] 
2014-07-16T01:35:55.629+0000: 2127.732: [GC [PSYoungGen: 1041148K->6902K(1002624K)] 1300124K->266062K(1442112K), 0.0241930 secs] [Times: user=0.08 sys=0.00, real=0.02 secs] 
2014-07-16T01:35:57.701+0000: 2129.805: [GC [PSYoungGen: 1002614K->3818K(960512K)] 1261774K->266471K(1400000K), 0.0168110 secs] [Times: user=0.05 sys=0.00, real=0.02 secs] 
2014-07-16T01:35:59.663+0000: 2131.767: [GC [PSYoungGen: 960490K->6838K(926336K)] 1223143K->269571K(1365824K), 0.0161460 secs] [Times: user=0.05 sys=0.00, real=0.02 secs] 
2014-07-16T01:36:01.517+0000: 2133.620: [GC [PSYoungGen: 926326K->4604K(888704K)] 1189059K->269799K(1328192K), 0.0201330 secs] [Times: user=0.08 sys=0.00, real=0.02 secs] 
2014-07-16T01:36:03.422+0000: 2135.526: [GC [PSYoungGen: 888700K->7012K(857408K)] 1153895K->272247K(1296896K), 0.0137040 secs] [Times: user=0.05 sys=0.01, real=0.02 secs] 
2014-07-16T01:36:05.152+0000: 2137.255: [GC [PSYoungGen: 857380K->3504K(821760K)] 1122615K->272516K(1261248K), 0.0206470 secs] [Times: user=0.07 sys=0.00, real=0.02 secs] 
2014-07-16T01:36:06.829+0000: 2138.933: [GC [PSYoungGen: 821744K->6938K(794560K)] 1090756K->276063K(1234048K), 0.0053280 secs] [Times: user=0.02 sys=0.00, real=0.00 secs] 
2014-07-16T01:36:08.495+0000: 2140.598: [GC [PSYoungGen: 794522K->4668K(938560K)] 1063647K->276175K(1378048K), 0.0287290 secs] [Times: user=0.10 sys=0.00, real=0.02 secs] 
2014-07-16T01:36:10.417+0000: 2142.521: [GC [PSYoungGen: 938556K->6746K(1116352K)] 1210063K->278349K(1555840K), 0.0360800 secs] [Times: user=0.13 sys=0.00, real=0.03 secs] 
2014-07-16T01:36:12.669+0000: 2144.773: [GC [PSYoungGen: 1116314K->3554K(1321280K)] 1387917K->278542K(1760768K), 0.0222330 secs] [Times: user=0.08 sys=0.00, real=0.02 secs] 
2014-07-16T01:36:15.437+0000: 2147.540: [GC [PSYoungGen: 1321250K->7116K(1572352K)] 1596238K->282168K(2011840K), 0.0356080 secs] [Times: user=0.13 sys=0.00, real=0.03 secs] 
2014-07-16T01:36:18.711+0000: 2150.815: [GC [PSYoungGen: 1572300K->4284K(1702784K)] 1847352K->282426K(2142272K), 0.0232920 secs] [Times: user=0.08 sys=0.00, real=0.02 secs] 
2014-07-16T01:36:22.077+0000: 2154.181: [GC [PSYoungGen: 1702780K->6646K(1632000K)] 1980922K->284959K(2071488K), 0.0073140 secs] [Times: user=0.01 sys=0.00, real=0.01 secs] 
2014-07-16T01:36:25.467+0000: 2157.570: [GC [PSYoungGen: 1631990K->948K(1556736K)] 1910303K->285500K(1996224K), 0.0201090 secs] [Times: user=0.06 sys=0.00, real=0.02 secs] 
2014-07-16T01:36:28.800+0000: 2160.903: [GC [PSYoungGen: 1556724K->7608K(1497280K)] 1841276K->292345K(1936768K), 0.0215080 secs] [Times: user=0.08 sys=0.00, real=0.02 secs] 
2014-07-16T01:36:31.807+0000: 2163.910: [GC [PSYoungGen: 1497272K->6714K(1433472K)] 1782009K->292409K(1872960K), 0.0246770 secs] [Times: user=0.07 sys=0.00, real=0.03 secs] 
2014-07-16T01:36:34.766+0000: 2166.870: [GC [PSYoungGen: 1433466K->6820K(1373760K)] 1719161K->292619K(1813248K), 0.0232400 secs] [Times: user=0.09 sys=0.01, real=0.03 secs] 
2014-07-16T01:36:37.526+0000: 2169.630: [GC [PSYoungGen: 1373732K->2366K(1312320K)] 1659531K->292980K(1751808K), 0.0128580 secs] [Times: user=0.04 sys=0.00, real=0.01 secs] 
2014-07-16T01:36:40.313+0000: 2172.416: [GC [PSYoungGen: 1312318K->6906K(1262720K)] 1602932K->297601K(1702208K), 0.0062290 secs] [Times: user=0.02 sys=0.00, real=0.00 secs] 
2014-07-16T01:36:42.826+0000: 2174.930: [GC [PSYoungGen: 1262714K->6500K(1210816K)] 1553409K->297825K(1650304K), 0.0381540 secs] [Times: user=0.14 sys=0.00, real=0.04 secs] 
2014-07-16T01:36:45.319+0000: 2177.422: [GC [PSYoungGen: 1210759K->7194K(1162496K)] 1502084K->298671K(1601984K), 0.0206350 secs] [Times: user=0.08 sys=0.01, real=0.02 secs] 
2014-07-16T01:36:47.674+0000: 2179.778: [GC [PSYoungGen: 1162458K->1914K(1110464K)] 1453935K->298572K(1549952K), 0.0168430 secs] [Times: user=0.06 sys=0.00, real=0.02 secs] 
2014-07-16T01:36:50.089+0000: 2182.192: [GC [PSYoungGen: 1110458K->7024K(1071168K)] 1407116K->303731K(1510656K), 0.0148560 secs] [Times: user=0.04 sys=0.01, real=0.02 secs] 
2014-07-16T01:36:52.225+0000: 2184.328: [GC [PSYoungGen: 1071152K->6436K(1028288K)] 1367859K->303841K(1467776K), 0.0266260 secs] [Times: user=0.10 sys=0.00, real=0.02 secs] 
2014-07-16T01:36:54.376+0000: 2186.480: [GC [PSYoungGen: 1028260K->6984K(988608K)] 1325665K->304445K(1428096K), 0.0196250 secs] [Times: user=0.07 sys=0.00, real=0.02 secs] 
2014-07-16T01:36:56.323+0000: 2188.427: [GC [PSYoungGen: 988492K->1768K(945024K)] 1285952K->304628K(1384512K), 0.0164680 secs] [Times: user=0.03 sys=0.01, real=0.01 secs] 
2014-07-16T01:36:58.236+0000: 2190.339: [GC [PSYoungGen: 945000K->7520K(914240K)] 1247860K->310633K(1353728K), 0.0172290 secs] [Times: user=0.06 sys=0.00, real=0.01 secs] 
2014-07-16T01:37:00.233+0000: 2192.337: [GC [PSYoungGen: 914208K->5796K(1081600K)] 1217321K->310341K(1521088K), 0.0327690 secs] [Times: user=0.11 sys=0.00, real=0.03 secs] 
2014-07-16T01:37:02.435+0000: 2194.539: [GC [PSYoungGen: 1081572K->6596K(1281856K)] 1386117K->311285K(1721344K), 0.0167520 secs] [Times: user=0.05 sys=0.00, real=0.01 secs] 
2014-07-16T01:37:05.094+0000: 2197.198: [GC [PSYoungGen: 1281796K->3054K(1225792K)] 1586485K->311767K(1665280K), 0.0066100 secs] [Times: user=0.02 sys=0.00, real=0.00 secs] 
2014-07-16T01:37:07.545+0000: 2199.649: [GC [PSYoungGen: 1225774K->7292K(1180096K)] 1534487K->316182K(1619584K), 0.0107600 secs] [Times: user=0.03 sys=0.00, real=0.01 secs] 
2014-07-16T01:37:10.005+0000: 2202.108: [GC [PSYoungGen: 1180092K->5156K(1130432K)] 1488982K->316020K(1569920K), 0.0201880 secs] [Times: user=0.05 sys=0.01, real=0.02 secs] 
2014-07-16T01:37:12.299+0000: 2204.403: [GC [PSYoungGen: 1130404K->6788K(1341696K)] 1441268K->317796K(1781184K), 0.0463530 secs] [Times: user=0.16 sys=0.00, real=0.05 secs] 
2014-07-16T01:37:15.133+0000: 2207.236: [GC [PSYoungGen: 1341636K->3360K(1586944K)] 1652644K->318173K(2026432K), 0.0299070 secs] [Times: user=0.10 sys=0.01, real=0.03 secs] 
2014-07-16T01:37:18.356+0000: 2210.459: [GC [PSYoungGen: 1586912K->6870K(1522944K)] 1901725K->321891K(1962432K), 0.0161680 secs] [Times: user=0.06 sys=0.00, real=0.02 secs] 
2014-07-16T01:37:21.502+0000: 2213.606: [GC [PSYoungGen: 1522902K->5116K(1456960K)] 1837923K->322137K(1896448K), 0.0130660 secs] [Times: user=0.02 sys=0.00, real=0.01 secs] 
2014-07-16T01:37:24.392+0000: 2216.496: [GC [PSYoungGen: 1456956K->6852K(1397696K)] 1773977K->324041K(1837184K), 0.0309220 secs] [Times: user=0.11 sys=0.01, real=0.03 secs] 
2014-07-16T01:37:27.278+0000: 2219.381: [GC [PSYoungGen: 1397636K->3240K(1335936K)] 1714825K->324298K(1775424K), 0.0148290 secs] [Times: user=0.05 sys=0.00, real=0.01 secs] 
2014-07-16T01:37:30.071+0000: 2222.175: [GC [PSYoungGen: 1335912K->7316K(1284736K)] 1656970K->328486K(1724224K), 0.0215820 secs] [Times: user=0.06 sys=0.00, real=0.02 secs] 
2014-07-16T01:37:32.724+0000: 2224.828: [GC [PSYoungGen: 1284692K->4540K(1229312K)] 1605862K->328558K(1668800K), 0.0095930 secs] [Times: user=0.02 sys=0.00, real=0.01 secs] 
2014-07-16T01:37:35.232+0000: 2227.335: [GC [PSYoungGen: 1229308K->6920K(1181696K)] 1553326K->331114K(1621184K), 0.0312890 secs] [Times: user=0.11 sys=0.00, real=0.03 secs] 
2014-07-16T01:37:37.590+0000: 2229.693: [GC [PSYoungGen: 1181640K->3878K(1131008K)] 1505834K->331603K(1570496K), 0.0298300 secs] [Times: user=0.09 sys=0.00, real=0.03 secs] 
2014-07-16T01:37:40.003+0000: 2232.107: [GC [PSYoungGen: 1130982K->7176K(1342592K)] 1458707K->334997K(1782080K), 0.0239310 secs] [Times: user=0.08 sys=0.01, real=0.02 secs] 
2014-07-16T01:37:42.748+0000: 2234.852: [GC [PSYoungGen: 1342536K->4412K(1284352K)] 1670357K->334982K(1723840K), 0.0179920 secs] [Times: user=0.07 sys=0.00, real=0.02 secs] 
2014-07-16T01:37:45.415+0000: 2237.518: [GC [PSYoungGen: 1284348K->7094K(1234304K)] 1614918K->337848K(1673792K), 0.0289890 secs] [Times: user=0.10 sys=0.00, real=0.03 secs] 
2014-07-16T01:37:47.846+0000: 2239.949: [GC [PSYoungGen: 1234294K->3774K(1459776K)] 1565048K->337987K(1899264K), 0.0365090 secs] [Times: user=0.13 sys=0.00, real=0.04 secs] 
2014-07-16T01:37:50.866+0000: 2242.969: [GC [PSYoungGen: 1459774K->7134K(1634048K)] 1793987K->341411K(2073536K), 0.0371210 secs] [Times: user=0.11 sys=0.00, real=0.04 secs] 
2014-07-16T01:37:54.162+0000: 2246.266: [GC [PSYoungGen: 1633566K->6916K(1563776K)] 1967843K->341599K(2003264K), 0.0087720 secs] [Times: user=0.02 sys=0.01, real=0.00 secs] 
2014-07-16T01:37:57.381+0000: 2249.485: [GC [PSYoungGen: 1563716K->7102K(1497728K)] 1898399K->342057K(1937216K), 0.0276520 secs] [Times: user=0.10 sys=0.01, real=0.03 secs] 
2014-07-16T01:38:00.499+0000: 2252.602: [GC [PSYoungGen: 1497726K->1084K(1428736K)] 1832681K->342096K(1868224K), 0.0090430 secs] [Times: user=0.03 sys=0.00, real=0.01 secs] 
2014-07-16T01:38:03.386+0000: 2255.489: [GC [PSYoungGen: 1428732K->7394K(1375168K)] 1769744K->348431K(1814656K), 0.0343900 secs] [Times: user=0.11 sys=0.00, real=0.03 secs] 
2014-07-16T01:38:06.238+0000: 2258.342: [GC [PSYoungGen: 1375138K->6518K(1317312K)] 1716175K->348487K(1756800K), 0.0241470 secs] [Times: user=0.09 sys=0.00, real=0.02 secs] 
2014-07-16T01:38:08.886+0000: 2260.990: [GC [PSYoungGen: 1317302K->6884K(1263488K)] 1659271K->349077K(1702976K), 0.0230150 secs] [Times: user=0.09 sys=0.00, real=0.02 secs] 
2014-07-16T01:38:11.528+0000: 2263.632: [GC [PSYoungGen: 1263460K->1832K(1206848K)] 1605653K->349140K(1646336K), 0.0245710 secs] [Times: user=0.09 sys=0.00, real=0.02 secs] 
2014-07-16T01:38:13.976+0000: 2266.079: [GC [PSYoungGen: 1206824K->7594K(1163520K)] 1554132K->354991K(1603008K), 0.0212440 secs] [Times: user=0.07 sys=0.00, real=0.02 secs] 
2014-07-16T01:38:16.407+0000: 2268.510: [GC [PSYoungGen: 1163498K->5796K(1115008K)] 1510895K->354789K(1554496K), 0.0210830 secs] [Times: user=0.08 sys=0.00, real=0.02 secs] 
2014-07-16T01:38:18.658+0000: 2270.762: [GC [PSYoungGen: 1114980K->6710K(1321792K)] 1463973K->355879K(1761280K), 0.0313750 secs] [Times: user=0.10 sys=0.01, real=0.03 secs] 
2014-07-16T01:38:21.488+0000: 2273.592: [GC [PSYoungGen: 1321782K->3126K(1263808K)] 1670951K->356154K(1703296K), 0.0204200 secs] [Times: user=0.07 sys=0.01, real=0.02 secs] 
2014-07-16T01:38:24.057+0000: 2276.160: [GC [PSYoungGen: 1263798K->7290K(1216192K)] 1616826K->360414K(1655680K), 0.0223100 secs] [Times: user=0.08 sys=0.00, real=0.02 secs] 
2014-07-16T01:38:26.588+0000: 2278.692: [GC [PSYoungGen: 1216186K->5220K(1164864K)] 1569310K->360300K(1604352K), 0.0150320 secs] [Times: user=0.05 sys=0.00, real=0.01 secs] 
2014-07-16T01:38:28.962+0000: 2281.066: [GC [PSYoungGen: 1164836K->6756K(1119488K)] 1519916K->361996K(1558976K), 0.0275670 secs] [Times: user=0.10 sys=0.00, real=0.03 secs] 
2014-07-16T01:38:31.175+0000: 2283.278: [GC [PSYoungGen: 1119445K->3508K(1071552K)] 1474684K->362156K(1511040K), 0.0128230 secs] [Times: user=0.05 sys=0.00, real=0.02 secs] 
2014-07-16T01:38:33.396+0000: 2285.500: [GC [PSYoungGen: 1071510K->6998K(1032576K)] 1430158K->365718K(1472064K), 0.0188410 secs] [Times: user=0.05 sys=0.00, real=0.02 secs] 
2014-07-16T01:38:35.454+0000: 2287.558: [GC [PSYoungGen: 1032534K->4964K(990080K)] 1391254K->365918K(1429568K), 0.0076990 secs] [Times: user=0.02 sys=0.00, real=0.01 secs] 
2014-07-16T01:38:37.557+0000: 2289.660: [GC [PSYoungGen: 990052K->6888K(953472K)] 1351006K->368010K(1392960K), 0.0275830 secs] [Times: user=0.10 sys=0.01, real=0.03 secs] 
2014-07-16T01:38:39.516+0000: 2291.620: [GC [PSYoungGen: 953448K->3490K(913408K)] 1314570K->368198K(1352896K), 0.0086110 secs] [Times: user=0.02 sys=0.00, real=0.01 secs] 
2014-07-16T01:38:41.420+0000: 2293.523: [GC [PSYoungGen: 913289K->7170K(882176K)] 1277997K->371966K(1321664K), 0.0210250 secs] [Times: user=0.08 sys=0.00, real=0.02 secs] 
2014-07-16T01:38:43.226+0000: 2295.329: [GC [PSYoungGen: 882114K->4540K(1041728K)] 1246910K->371938K(1481216K), 0.0256570 secs] [Times: user=0.09 sys=0.00, real=0.03 secs] 
2014-07-16T01:38:45.315+0000: 2297.419: [GC [PSYoungGen: 1041724K->6788K(1237312K)] 1409122K->374354K(1676800K), 0.0269760 secs] [Times: user=0.09 sys=0.00, real=0.03 secs] 
2014-07-16T01:38:47.855+0000: 2299.959: [GC [PSYoungGen: 1237252K->3772K(1183936K)] 1604818K->374571K(1623424K), 0.0060950 secs] [Times: user=0.02 sys=0.00, real=0.01 secs] 
2014-07-16T01:38:50.222+0000: 2302.326: [GC [PSYoungGen: 1183932K->6920K(1139264K)] 1554731K->377839K(1578752K), 0.0079030 secs] [Times: user=0.02 sys=0.00, real=0.01 secs] 
2014-07-16T01:38:52.583+0000: 2304.687: [GC [PSYoungGen: 1139208K->4412K(1091136K)] 1510127K->377934K(1530624K), 0.0217330 secs] [Times: user=0.09 sys=0.00, real=0.02 secs] 
2014-07-16T01:38:54.796+0000: 2306.899: [GC [PSYoungGen: 1091132K->6852K(1050240K)] 1464654K->380502K(1489728K), 0.0230390 secs] [Times: user=0.08 sys=0.00, real=0.02 secs] 
2014-07-16T01:38:56.983+0000: 2309.087: [GC [PSYoungGen: 1050180K->3686K(1005696K)] 1423830K->380796K(1445184K), 0.0163220 secs] [Times: user=0.05 sys=0.00, real=0.01 secs] 
2014-07-16T01:38:58.972+0000: 2311.076: [GC [PSYoungGen: 1005670K->7034K(969664K)] 1382780K->384241K(1409152K), 0.0126160 secs] [Times: user=0.04 sys=0.01, real=0.01 secs] 
2014-07-16T01:39:00.951+0000: 2313.054: [GC [PSYoungGen: 969617K->4284K(929472K)] 1346823K->384332K(1368960K), 0.0129690 secs] [Times: user=0.05 sys=0.00, real=0.02 secs] 
2014-07-16T01:39:02.952+0000: 2315.056: [GC [PSYoungGen: 929446K->7066K(896576K)] 1309494K->387171K(1336064K), 0.0230220 secs] [Times: user=0.08 sys=0.00, real=0.02 secs] 
2014-07-16T01:39:04.880+0000: 2316.984: [GC [PSYoungGen: 896538K->3518K(1058240K)] 1276643K->387418K(1497728K), 0.0294870 secs] [Times: user=0.11 sys=0.00, real=0.03 secs] 
2014-07-16T01:39:07.132+0000: 2319.236: [GC [PSYoungGen: 1058238K->6888K(1019776K)] 1442138K->390925K(1459264K), 0.0057410 secs] [Times: user=0.02 sys=0.00, real=0.01 secs] 
2014-07-16T01:39:09.165+0000: 2321.268: [GC [PSYoungGen: 1019752K->4604K(977600K)] 1403789K->391039K(1417088K), 0.0070240 secs] [Times: user=0.02 sys=0.00, real=0.00 secs] 
2014-07-16T01:39:11.147+0000: 2323.251: [GC [PSYoungGen: 977596K->6998K(942080K)] 1364031K->393553K(1381568K), 0.0225990 secs] [Times: user=0.07 sys=0.00, real=0.02 secs] 
2014-07-16T01:39:13.180+0000: 2325.283: [GC [PSYoungGen: 942038K->3258K(902144K)] 1328593K->393714K(1341632K), 0.0239170 secs] [Times: user=0.06 sys=0.00, real=0.02 secs] 
2014-07-16T01:39:15.015+0000: 2327.119: [GC [PSYoungGen: 902137K->7020K(871488K)] 1292593K->397620K(1310976K), 0.0174050 secs] [Times: user=0.06 sys=0.00, real=0.01 secs] 
2014-07-16T01:39:16.856+0000: 2328.959: [GC [PSYoungGen: 871468K->4604K(1030336K)] 1262068K->397726K(1469824K), 0.0290340 secs] [Times: user=0.10 sys=0.00, real=0.03 secs] 
2014-07-16T01:39:18.935+0000: 2331.038: [GC [PSYoungGen: 1030332K->6888K(1224064K)] 1423454K->400138K(1663552K), 0.0228730 secs] [Times: user=0.08 sys=0.00, real=0.02 secs] 
2014-07-16T01:39:21.420+0000: 2333.523: [GC [PSYoungGen: 1224040K->3262K(1448960K)] 1617290K->400163K(1888448K), 0.0376830 secs] [Times: user=0.13 sys=0.00, real=0.04 secs] 
2014-07-16T01:39:24.444+0000: 2336.548: [GC [PSYoungGen: 1448958K->7344K(1657152K)] 1845859K->404309K(2096640K), 0.0237200 secs] [Times: user=0.09 sys=0.00, real=0.03 secs] 
2014-07-16T01:39:27.845+0000: 2339.949: [GC [PSYoungGen: 1657136K->6628K(1723008K)] 2054101K->404181K(2162496K), 0.0355100 secs] [Times: user=0.12 sys=0.01, real=0.04 secs] 
2014-07-16T01:39:31.343+0000: 2343.447: [GC [PSYoungGen: 1722148K->6760K(1723072K)] 2119701K->404473K(2162560K), 0.0230560 secs] [Times: user=0.08 sys=0.01, real=0.03 secs] 
2014-07-16T01:39:34.958+0000: 2347.062: [GC [PSYoungGen: 1722216K->7334K(1648896K)] 2119929K->405160K(2088384K), 0.0254830 secs] [Times: user=0.09 sys=0.00, real=0.02 secs] 
2014-07-16T01:39:38.306+0000: 2350.409: [GC [PSYoungGen: 1648870K->6870K(1578112K)] 2046696K->405047K(2017600K), 0.0209110 secs] [Times: user=0.07 sys=0.00, real=0.03 secs] 
2014-07-16T01:39:41.452+0000: 2353.556: [GC [PSYoungGen: 1578070K->998K(1505344K)] 1976247K->405173K(1944832K), 0.0309890 secs] [Times: user=0.11 sys=0.00, real=0.03 secs] 
2014-07-16T01:39:44.594+0000: 2356.697: [GC [PSYoungGen: 1505318K->7522K(1448256K)] 1909493K->411825K(1887744K), 0.0184550 secs] [Times: user=0.06 sys=0.00, real=0.02 secs] 
2014-07-16T01:39:47.592+0000: 2359.695: [GC [PSYoungGen: 1448226K->6590K(1386752K)] 1852529K->412401K(1826240K), 0.0269380 secs] [Times: user=0.10 sys=0.00, real=0.03 secs] 
2014-07-16T01:39:50.438+0000: 2362.542: [GC [PSYoungGen: 1386750K->6692K(1329280K)] 1792561K->412695K(1768768K), 0.0199400 secs] [Times: user=0.07 sys=0.01, real=0.02 secs] 
2014-07-16T01:39:53.210+0000: 2365.314: [GC [PSYoungGen: 1329252K->2740K(1270528K)] 1735255K->413072K(1710016K), 0.0061190 secs] [Times: user=0.03 sys=0.00, real=0.00 secs] 
2014-07-16T01:39:55.838+0000: 2367.941: [GC [PSYoungGen: 1270516K->7458K(1223168K)] 1680848K->417951K(1662656K), 0.0225020 secs] [Times: user=0.08 sys=0.00, real=0.03 secs] 
2014-07-16T01:39:58.349+0000: 2370.452: [GC [PSYoungGen: 1223138K->5680K(1446016K)] 1633631K->418069K(1885504K), 0.0418930 secs] [Times: user=0.15 sys=0.00, real=0.05 secs] 
2014-07-16T01:40:01.284+0000: 2373.387: [GC [PSYoungGen: 1445971K->6756K(1713600K)] 1858359K->419265K(2153088K), 0.0297330 secs] [Times: user=0.11 sys=0.00, real=0.03 secs] 
2014-07-16T01:40:04.900+0000: 2377.003: [GC [PSYoungGen: 1713572K->3698K(1636992K)] 2126081K->419729K(2076480K), 0.0298970 secs] [Times: user=0.10 sys=0.00, real=0.03 secs] 
2014-07-16T01:40:08.273+0000: 2380.377: [GC [PSYoungGen: 1636978K->6884K(1570240K)] 2053009K->423131K(2009728K), 0.0242100 secs] [Times: user=0.09 sys=0.01, real=0.02 secs] 
2014-07-16T01:40:11.419+0000: 2383.523: [GC [PSYoungGen: 1570212K->5430K(1502272K)] 1986459K->423213K(1941760K), 0.0200280 secs] [Times: user=0.07 sys=0.00, real=0.02 secs] 
2014-07-16T01:40:14.554+0000: 2386.657: [GC [PSYoungGen: 1502262K->7298K(1440896K)] 1920045K->425161K(1880384K), 0.0356700 secs] [Times: user=0.12 sys=0.00, real=0.03 secs] 
2014-07-16T01:40:17.572+0000: 2389.675: [GC [PSYoungGen: 1440834K->3114K(1376512K)] 1858697K->425288K(1816000K), 0.0318260 secs] [Times: user=0.12 sys=0.00, real=0.04 secs] 
2014-07-16T01:40:20.350+0000: 2392.453: [GC [PSYoungGen: 1376490K->7002K(1635648K)] 1798664K->429281K(2075136K), 0.0353290 secs] [Times: user=0.13 sys=0.01, real=0.04 secs] 
2014-07-16T01:40:23.730+0000: 2395.834: [GC [PSYoungGen: 1635610K->5740K(1564672K)] 2057889K->429689K(2004160K), 0.0199860 secs] [Times: user=0.07 sys=0.00, real=0.02 secs] 
2014-07-16T01:40:26.961+0000: 2399.064: [GC [PSYoungGen: 1564652K->6948K(1499584K)] 1988601K->431193K(1939072K), 0.0306290 secs] [Times: user=0.09 sys=0.01, real=0.03 secs] 
2014-07-16T01:40:30.039+0000: 2402.142: [GC [PSYoungGen: 1499556K->3176K(1432768K)] 1923801K->431292K(1872256K), 0.0248810 secs] [Times: user=0.09 sys=0.00, real=0.02 secs] 
2014-07-16T01:40:32.966+0000: 2405.070: [GC [PSYoungGen: 1432744K->7226K(1376832K)] 1860860K->435446K(1816320K), 0.0290960 secs] [Times: user=0.10 sys=0.00, real=0.02 secs] 
2014-07-16T01:40:35.746+0000: 2407.850: [GC [PSYoungGen: 1376826K->5220K(1629056K)] 1805046K->435412K(2068544K), 0.0344740 secs] [Times: user=0.12 sys=0.01, real=0.03 secs] 
2014-07-16T01:40:39.185+0000: 2411.288: [GC [PSYoungGen: 1629027K->6980K(1561344K)] 2059219K->437364K(2000832K), 0.0201360 secs] [Times: user=0.07 sys=0.01, real=0.02 secs] 
2014-07-16T01:40:42.297+0000: 2414.401: [GC [PSYoungGen: 1561284K->3258K(1491520K)] 1991668K->437447K(1931008K), 0.0236080 secs] [Times: user=0.08 sys=0.00, real=0.02 secs] 
2014-07-16T01:40:42.321+0000: 2414.425: [Full GC [PSYoungGen: 3258K->0K(1491520K)] [ParOldGen: 434188K->182493K(459136K)] 437447K->182493K(1950656K) [PSPermGen: 11239K->11239K(23744K)], 0.3078280 secs] [Times: user=1.15 sys=0.00, real=0.31 secs] 
2014-07-16T01:40:45.658+0000: 2417.761: [GC [PSYoungGen: 1488256K->7667K(1433024K)] 1670749K->190368K(1892160K), 0.0240970 secs] [Times: user=0.08 sys=0.01, real=0.03 secs] 
2014-07-16T01:40:48.883+0000: 2420.986: [GC [PSYoungGen: 1433011K->4476K(1369984K)] 1615712K->190590K(1829120K), 0.0270620 secs] [Times: user=0.10 sys=0.00, real=0.03 secs] 
2014-07-16T01:40:51.625+0000: 2423.729: [GC [PSYoungGen: 1369980K->6892K(1315456K)] 1556094K->193230K(1774592K), 0.0147140 secs] [Times: user=0.04 sys=0.00, real=0.02 secs] 
2014-07-16T01:40:54.339+0000: 2426.442: [GC [PSYoungGen: 1315436K->4796K(1259200K)] 1501774K->193342K(1718336K), 0.0050620 secs] [Times: user=0.01 sys=0.00, real=0.01 secs] 
2014-07-16T01:40:56.884+0000: 2428.987: [GC [PSYoungGen: 1259196K->7112K(1210048K)] 1447742K->195898K(1669184K), 0.0227540 secs] [Times: user=0.08 sys=0.00, real=0.02 secs] 
2014-07-16T01:40:59.430+0000: 2431.534: [GC [PSYoungGen: 1209976K->4220K(1158016K)] 1398761K->195754K(1617152K), 0.0139850 secs] [Times: user=0.05 sys=0.00, real=0.01 secs] 
2014-07-16T01:41:01.742+0000: 2433.845: [GC [PSYoungGen: 1158012K->6828K(1113984K)] 1349546K->198581K(1573120K), 0.0193260 secs] [Times: user=0.08 sys=0.00, real=0.02 secs] 
2014-07-16T01:41:04.070+0000: 2436.173: [GC [PSYoungGen: 1113964K->4860K(1067584K)] 1305717K->198925K(1526720K), 0.0121860 secs] [Times: user=0.04 sys=0.00, real=0.02 secs] 
2014-07-16T01:41:06.274+0000: 2438.378: [GC [PSYoungGen: 1067580K->6660K(1027136K)] 1261645K->200933K(1486272K), 0.0169090 secs] [Times: user=0.05 sys=0.00, real=0.02 secs] 
2014-07-16T01:41:08.429+0000: 2440.532: [GC [PSYoungGen: 1027076K->4220K(984384K)] 1221349K->201509K(1443520K), 0.0070900 secs] [Times: user=0.02 sys=0.00, real=0.01 secs] 
2014-07-16T01:41:10.360+0000: 2442.463: [GC [PSYoungGen: 984380K->6870K(948736K)] 1181669K->204271K(1407872K), 0.0149190 secs] [Times: user=0.05 sys=0.00, real=0.02 secs] 
2014-07-16T01:41:12.249+0000: 2444.353: [GC [PSYoungGen: 948694K->4640K(909952K)] 1146095K->204363K(1369088K), 0.0194960 secs] [Times: user=0.07 sys=0.01, real=0.02 secs] 
2014-07-16T01:41:14.197+0000: 2446.301: [GC [PSYoungGen: 909920K->6934K(877440K)] 1109643K->206721K(1336576K), 0.0262770 secs] [Times: user=0.09 sys=0.00, real=0.03 secs] 
2014-07-16T01:41:15.932+0000: 2448.035: [GC [PSYoungGen: 877398K->3900K(1036288K)] 1077185K->206907K(1495424K), 0.0235720 secs] [Times: user=0.09 sys=0.00, real=0.03 secs] 
2014-07-16T01:41:18.039+0000: 2450.143: [GC [PSYoungGen: 1036284K->6774K(1232768K)] 1239291K->209869K(1691904K), 0.0325660 secs] [Times: user=0.12 sys=0.00, real=0.03 secs] 
2014-07-16T01:41:20.614+0000: 2452.718: [GC [PSYoungGen: 1232758K->4732K(1460160K)] 1435853K->210129K(1919296K), 0.0250690 secs] [Times: user=0.09 sys=0.01, real=0.02 secs] 
2014-07-16T01:41:23.663+0000: 2455.766: [GC [PSYoungGen: 1460156K->7422K(1734784K)] 1665553K->212955K(2193920K), 0.0310160 secs] [Times: user=0.11 sys=0.00, real=0.04 secs] 
2014-07-16T01:41:27.172+0000: 2459.276: [GC [PSYoungGen: 1734782K->3108K(1952576K)] 1940315K->212886K(2411712K), 0.0205390 secs] [Times: user=0.07 sys=0.00, real=0.02 secs] 
2014-07-16T01:41:31.201+0000: 2463.304: [GC [PSYoungGen: 1952548K->7098K(1870976K)] 2162326K->217054K(2330112K), 0.0086650 secs] [Times: user=0.03 sys=0.00, real=0.01 secs] 
2014-07-16T01:41:34.972+0000: 2467.075: [GC [PSYoungGen: 1870970K->688K(1783232K)] 2080926K->217649K(2242368K), 0.0393600 secs] [Times: user=0.15 sys=0.00, real=0.04 secs] 
2014-07-16T01:41:38.541+0000: 2470.645: [GC [PSYoungGen: 1783216K->7544K(1712768K)] 2000177K->224569K(2171904K), 0.0276840 secs] [Times: user=0.09 sys=0.00, real=0.03 secs] 
2014-07-16T01:41:42.173+0000: 2474.276: [GC [PSYoungGen: 1712760K->7080K(1638784K)] 1929785K->224915K(2097920K), 0.0144360 secs] [Times: user=0.05 sys=0.00, real=0.02 secs] 
2014-07-16T01:41:45.491+0000: 2477.595: [GC [PSYoungGen: 1638760K->6756K(1568512K)] 1856595K->224767K(2027648K), 0.0222920 secs] [Times: user=0.08 sys=0.00, real=0.02 secs] 
2014-07-16T01:41:48.649+0000: 2480.752: [GC [PSYoungGen: 1568484K->1896K(1497152K)] 1786495K->225424K(1956288K), 0.0175410 secs] [Times: user=0.05 sys=0.00, real=0.01 secs] 
2014-07-16T01:41:51.803+0000: 2483.907: [GC [PSYoungGen: 1497128K->7120K(1439168K)] 1720656K->230763K(1898304K), 0.0172300 secs] [Times: user=0.05 sys=0.00, real=0.02 secs] 
2014-07-16T01:41:54.738+0000: 2486.841: [GC [PSYoungGen: 1439120K->6824K(1378688K)] 1662763K->231295K(1837824K), 0.0183860 secs] [Times: user=0.06 sys=0.00, real=0.02 secs] 
2014-07-16T01:41:57.514+0000: 2489.617: [GC [PSYoungGen: 1378664K->6966K(1321536K)] 1603135K->231725K(1780672K), 0.0209010 secs] [Times: user=0.08 sys=0.01, real=0.02 secs] 
2014-07-16T01:42:00.296+0000: 2492.399: [GC [PSYoungGen: 1321526K->2106K(1262208K)] 1546285K->231783K(1721344K), 0.0146080 secs] [Times: user=0.06 sys=0.00, real=0.02 secs] 
2014-07-16T01:42:02.904+0000: 2495.007: [GC [PSYoungGen: 1262202K->7262K(1215552K)] 1491879K->237020K(1674688K), 0.0275200 secs] [Times: user=0.09 sys=0.00, real=0.03 secs] 
2014-07-16T01:42:05.420+0000: 2497.523: [GC [PSYoungGen: 1215518K->6372K(1165312K)] 1445276K->237036K(1624448K), 0.0241440 secs] [Times: user=0.09 sys=0.00, real=0.02 secs] 
2014-07-16T01:42:07.749+0000: 2499.852: [GC [PSYoungGen: 1165284K->6756K(1118784K)] 1395948K->237636K(1577920K), 0.0179310 secs] [Times: user=0.05 sys=0.00, real=0.02 secs] 
2014-07-16T01:42:10.151+0000: 2502.254: [GC [PSYoungGen: 1118756K->2466K(1321216K)] 1349636K->237983K(1780352K), 0.0399460 secs] [Times: user=0.13 sys=0.00, real=0.04 secs] 
2014-07-16T01:42:12.891+0000: 2504.994: [GC [PSYoungGen: 1321186K->7184K(1271296K)] 1556703K->242797K(1730432K), 0.0112700 secs] [Times: user=0.04 sys=0.00, real=0.02 secs] 
2014-07-16T01:42:15.495+0000: 2507.599: [GC [PSYoungGen: 1271248K->5924K(1217984K)] 1506861K->242939K(1677120K), 0.0274590 secs] [Times: user=0.10 sys=0.00, real=0.03 secs] 
2014-07-16T01:42:17.893+0000: 2509.997: [GC [PSYoungGen: 1217956K->6838K(1169408K)] 1454971K->244061K(1628544K), 0.0217180 secs] [Times: user=0.07 sys=0.00, real=0.02 secs] 
2014-07-16T01:42:20.287+0000: 2512.390: [GC [PSYoungGen: 1169398K->2734K(1118208K)] 1406621K->244269K(1577344K), 0.0223210 secs] [Times: user=0.09 sys=0.00, real=0.02 secs] 
2014-07-16T01:42:22.573+0000: 2514.676: [GC [PSYoungGen: 1118190K->7006K(1077632K)] 1359725K->248614K(1536768K), 0.0131930 secs] [Times: user=0.03 sys=0.00, real=0.01 secs] 
2014-07-16T01:42:24.786+0000: 2516.890: [GC [PSYoungGen: 1077598K->5612K(1033536K)] 1319206K->249074K(1492672K), 0.0171820 secs] [Times: user=0.07 sys=0.00, real=0.02 secs] 
2014-07-16T01:42:26.815+0000: 2518.918: [GC [PSYoungGen: 1033516K->6646K(993920K)] 1276978K->250372K(1453056K), 0.0251260 secs] [Times: user=0.08 sys=0.00, real=0.02 secs] 
2014-07-16T01:42:28.823+0000: 2520.927: [GC [PSYoungGen: 993910K->3240K(951808K)] 1237636K->250658K(1410944K), 0.0058230 secs] [Times: user=0.01 sys=0.00, real=0.00 secs] 
2014-07-16T01:42:30.814+0000: 2522.918: [GC [PSYoungGen: 951784K->7166K(918848K)] 1199202K->254640K(1377984K), 0.0174380 secs] [Times: user=0.06 sys=0.00, real=0.01 secs] 
2014-07-16T01:42:32.698+0000: 2524.802: [GC [PSYoungGen: 918846K->5110K(881664K)] 1166320K->254558K(1340800K), 0.0159280 secs] [Times: user=0.05 sys=0.00, real=0.02 secs] 
2014-07-16T01:42:34.515+0000: 2526.619: [GC [PSYoungGen: 881654K->6728K(849856K)] 1131102K->256296K(1308992K), 0.0105030 secs] [Times: user=0.02 sys=0.00, real=0.01 secs] 
2014-07-16T01:42:36.198+0000: 2528.301: [GC [PSYoungGen: 849800K->3490K(814720K)] 1099368K->256621K(1273856K), 0.0157330 secs] [Times: user=0.05 sys=0.00, real=0.01 secs] 
2014-07-16T01:42:37.846+0000: 2529.950: [GC [PSYoungGen: 814690K->6892K(787712K)] 1067821K->260095K(1246848K), 0.0137580 secs] [Times: user=0.05 sys=0.00, real=0.01 secs] 
2014-07-16T01:42:39.423+0000: 2531.527: [GC [PSYoungGen: 787692K->4836K(756736K)] 1040895K->260221K(1215872K), 0.0201730 secs] [Times: user=0.07 sys=0.00, real=0.02 secs] 
2014-07-16T01:42:41.036+0000: 2533.139: [GC [PSYoungGen: 756708K->6934K(898944K)] 1012093K->262399K(1358080K), 0.0226050 secs] [Times: user=0.07 sys=0.00, real=0.02 secs] 
2014-07-16T01:42:42.870+0000: 2534.973: [GC [PSYoungGen: 898902K->3304K(1062976K)] 1154367K->262601K(1522112K), 0.0298090 secs] [Times: user=0.11 sys=0.00, real=0.03 secs] 
2014-07-16T01:42:45.114+0000: 2537.218: [GC [PSYoungGen: 1062952K->6838K(1264576K)] 1322249K->266247K(1723712K), 0.0177090 secs] [Times: user=0.07 sys=0.00, real=0.02 secs] 
2014-07-16T01:42:47.635+0000: 2539.738: [GC [PSYoungGen: 1264566K->4832K(1210880K)] 1523975K->266553K(1670016K), 0.0053920 secs] [Times: user=0.02 sys=0.00, real=0.01 secs] 
2014-07-16T01:42:50.143+0000: 2542.246: [GC [PSYoungGen: 1210848K->6952K(1163776K)] 1472569K->268785K(1622912K), 0.0138180 secs] [Times: user=0.04 sys=0.00, real=0.01 secs] 
2014-07-16T01:42:52.530+0000: 2544.633: [GC [PSYoungGen: 1163752K->3190K(1113152K)] 1425585K->268853K(1572288K), 0.0191760 secs] [Times: user=0.07 sys=0.00, real=0.02 secs] 
2014-07-16T01:42:54.767+0000: 2546.870: [GC [PSYoungGen: 1113142K->7176K(1072576K)] 1378805K->272935K(1531712K), 0.0205730 secs] [Times: user=0.07 sys=0.01, real=0.03 secs] 
2014-07-16T01:42:56.975+0000: 2549.079: [GC [PSYoungGen: 1072520K->4476K(1027392K)] 1338279K->273091K(1486528K), 0.0176430 secs] [Times: user=0.06 sys=0.00, real=0.02 secs] 
2014-07-16T01:42:59.029+0000: 2551.132: [GC [PSYoungGen: 1027388K->6820K(989376K)] 1296003K->275619K(1448512K), 0.0213430 secs] [Times: user=0.06 sys=0.00, real=0.02 secs] 
2014-07-16T01:43:01.138+0000: 2553.241: [GC [PSYoungGen: 989348K->3690K(947776K)] 1258147K->275787K(1406912K), 0.0172820 secs] [Times: user=0.07 sys=0.00, real=0.01 secs] 
2014-07-16T01:43:03.093+0000: 2555.197: [GC [PSYoungGen: 947754K->7130K(914560K)] 1219851K->279315K(1373696K), 0.0055290 secs] [Times: user=0.02 sys=0.00, real=0.01 secs] 
2014-07-16T01:43:04.896+0000: 2556.999: [GC [PSYoungGen: 914522K->4156K(876672K)] 1186707K->279401K(1335808K), 0.0167770 secs] [Times: user=0.06 sys=0.00, real=0.02 secs] 
2014-07-16T01:43:06.715+0000: 2558.819: [GC [PSYoungGen: 876668K->6774K(846016K)] 1151913K->282155K(1305152K), 0.0135780 secs] [Times: user=0.05 sys=0.00, real=0.01 secs] 
2014-07-16T01:43:08.415+0000: 2560.518: [GC [PSYoungGen: 846006K->4092K(811648K)] 1121387K->282448K(1270784K), 0.0048950 secs] [Times: user=0.02 sys=0.00, real=0.01 secs] 
2014-07-16T01:43:10.078+0000: 2562.181: [GC [PSYoungGen: 811644K->6870K(784256K)] 1090000K->285290K(1243392K), 0.0203360 secs] [Times: user=0.06 sys=0.00, real=0.02 secs] 
2014-07-16T01:43:11.760+0000: 2563.863: [GC [PSYoungGen: 784214K->4028K(752576K)] 1062634K->285284K(1211712K), 0.0238960 secs] [Times: user=0.08 sys=0.00, real=0.02 secs] 
2014-07-16T01:43:13.328+0000: 2565.432: [GC [PSYoungGen: 752538K->6906K(894656K)] 1033793K->288254K(1353792K), 0.0186930 secs] [Times: user=0.06 sys=0.00, real=0.02 secs] 
2014-07-16T01:43:15.104+0000: 2567.207: [GC [PSYoungGen: 894650K->3960K(857728K)] 1175998K->288442K(1316864K), 0.0130310 secs] [Times: user=0.04 sys=0.00, real=0.01 secs] 
2014-07-16T01:43:16.917+0000: 2569.020: [GC [PSYoungGen: 857720K->6820K(828224K)] 1142202K->291406K(1287360K), 0.0070160 secs] [Times: user=0.02 sys=0.00, real=0.01 secs] 
2014-07-16T01:43:18.570+0000: 2570.673: [GC [PSYoungGen: 828196K->4092K(794624K)] 1112782K->291428K(1253760K), 0.0186910 secs] [Times: user=0.07 sys=0.01, real=0.02 secs] 
2014-07-16T01:43:20.173+0000: 2572.276: [GC [PSYoungGen: 794620K->6934K(768128K)] 1081956K->294334K(1227264K), 0.0145780 secs] [Times: user=0.04 sys=0.00, real=0.01 secs] 
2014-07-16T01:43:21.798+0000: 2573.902: [GC [PSYoungGen: 768086K->3832K(736960K)] 1055486K->294411K(1196096K), 0.0120960 secs] [Times: user=0.03 sys=0.00, real=0.01 secs] 
2014-07-16T01:43:23.337+0000: 2575.440: [GC [PSYoungGen: 736952K->7006K(877696K)] 1027531K->297689K(1336832K), 0.0321780 secs] [Times: user=0.12 sys=0.00, real=0.03 secs] 
2014-07-16T01:43:25.127+0000: 2577.230: [GC [PSYoungGen: 877662K->3896K(1038912K)] 1168345K->297943K(1498048K), 0.0288110 secs] [Times: user=0.10 sys=0.00, real=0.03 secs] 
2014-07-16T01:43:27.278+0000: 2579.381: [GC [PSYoungGen: 1038904K->6774K(1236032K)] 1332951K->300958K(1695168K), 0.0173240 secs] [Times: user=0.07 sys=0.00, real=0.02 secs] 
2014-07-16T01:43:29.802+0000: 2581.906: [GC [PSYoungGen: 1236022K->4202K(1462208K)] 1530206K->301469K(1921344K), 0.0151840 secs] [Times: user=0.05 sys=0.00, real=0.02 secs] 
2014-07-16T01:43:32.809+0000: 2584.913: [GC [PSYoungGen: 1462186K->7044K(1735744K)] 1759453K->304407K(2194880K), 0.0266750 secs] [Times: user=0.09 sys=0.00, real=0.03 secs] 
2014-07-16T01:43:36.376+0000: 2588.480: [GC [PSYoungGen: 1735684K->3700K(1840448K)] 2033047K->304652K(2299584K), 0.0367360 secs] [Times: user=0.13 sys=0.01, real=0.03 secs] 
2014-07-16T01:43:40.054+0000: 2592.157: [GC [PSYoungGen: 1840436K->7258K(1764032K)] 2141388K->308370K(2223168K), 0.0206940 secs] [Times: user=0.07 sys=0.00, real=0.03 secs] 
2014-07-16T01:43:43.716+0000: 2595.820: [GC [PSYoungGen: 1763994K->256K(1680896K)] 2065106K->308517K(2140032K), 0.0189930 secs] [Times: user=0.07 sys=0.00, real=0.02 secs] 
2014-07-16T01:43:47.230+0000: 2599.334: [GC [PSYoungGen: 1680868K->7476K(1615808K)] 1989129K->315785K(2074944K), 0.0216960 secs] [Times: user=0.08 sys=0.00, real=0.02 secs] 
2014-07-16T01:43:50.461+0000: 2602.565: [GC [PSYoungGen: 1615796K->6820K(1546368K)] 1924105K->315951K(2005504K), 0.0267460 secs] [Times: user=0.10 sys=0.00, real=0.03 secs] 
2014-07-16T01:43:53.658+0000: 2605.761: [GC [PSYoungGen: 1546340K->6948K(1481088K)] 1855471K->316215K(1940224K), 0.0230290 secs] [Times: user=0.08 sys=0.00, real=0.02 secs] 
2014-07-16T01:43:56.732+0000: 2608.835: [GC [PSYoungGen: 1481060K->1704K(1413632K)] 1790327K->316532K(1872768K), 0.0204120 secs] [Times: user=0.06 sys=0.00, real=0.02 secs] 
2014-07-16T01:43:59.558+0000: 2611.662: [GC [PSYoungGen: 1413608K->7512K(1360256K)] 1728436K->322413K(1819392K), 0.0258140 secs] [Times: user=0.10 sys=0.00, real=0.02 secs] 
2014-07-16T01:44:02.343+0000: 2614.447: [GC [PSYoungGen: 1360216K->6116K(1302528K)] 1675117K->322014K(1761664K), 0.0220430 secs] [Times: user=0.08 sys=0.00, real=0.02 secs] 
2014-07-16T01:44:04.963+0000: 2617.067: [GC [PSYoungGen: 1302500K->7376K(1250240K)] 1618398K->323419K(1709376K), 0.0199840 secs] [Times: user=0.08 sys=0.01, real=0.02 secs] 
2014-07-16T01:44:07.625+0000: 2619.729: [GC [PSYoungGen: 1250192K->1960K(1193792K)] 1566235K->323290K(1652928K), 0.0291360 secs] [Times: user=0.11 sys=0.00, real=0.03 secs] 
2014-07-16T01:44:10.071+0000: 2622.175: [GC [PSYoungGen: 1193768K->7280K(1150592K)] 1515098K->328715K(1609728K), 0.0240240 secs] [Times: user=0.08 sys=0.00, real=0.02 secs] 
2014-07-16T01:44:12.484+0000: 2624.588: [GC [PSYoungGen: 1150576K->6256K(1103360K)] 1472011K->328951K(1562496K), 0.0180350 secs] [Times: user=0.07 sys=0.00, real=0.02 secs] 
2014-07-16T01:44:14.735+0000: 2626.839: [GC [PSYoungGen: 1103344K->6774K(1059904K)] 1426039K->329605K(1519040K), 0.0181730 secs] [Times: user=0.07 sys=0.00, real=0.02 secs] 
2014-07-16T01:44:16.951+0000: 2629.054: [GC [PSYoungGen: 1059894K->2598K(1013888K)] 1382725K->329836K(1473024K), 0.0069450 secs] [Times: user=0.02 sys=0.00, real=0.00 secs] 
2014-07-16T01:44:18.993+0000: 2631.097: [GC [PSYoungGen: 1013862K->6924K(978368K)] 1341100K->334251K(1437504K), 0.0191690 secs] [Times: user=0.07 sys=0.00, real=0.02 secs] 
2014-07-16T01:44:20.981+0000: 2633.085: [GC [PSYoungGen: 978316K->6052K(939520K)] 1305643K->334217K(1398656K), 0.0255390 secs] [Times: user=0.08 sys=0.00, real=0.02 secs] 
2014-07-16T01:44:22.916+0000: 2635.020: [GC [PSYoungGen: 939492K->6856K(1114048K)] 1267657K->335117K(1573184K), 0.0271900 secs] [Times: user=0.09 sys=0.00, real=0.03 secs] 
2014-07-16T01:44:25.243+0000: 2637.347: [GC [PSYoungGen: 1113992K->2530K(1315840K)] 1442253K->335313K(1774976K), 0.0238090 secs] [Times: user=0.08 sys=0.00, real=0.02 secs] 
2014-07-16T01:44:27.990+0000: 2640.094: [GC [PSYoungGen: 1315810K->7038K(1564032K)] 1648593K->339942K(2023168K), 0.0235060 secs] [Times: user=0.07 sys=0.00, real=0.03 secs] 
2014-07-16T01:44:31.141+0000: 2643.245: [GC [PSYoungGen: 1564030K->5814K(1496512K)] 1896934K->339944K(1955648K), 0.0176850 secs] [Times: user=0.06 sys=0.00, real=0.02 secs] 
2014-07-16T01:44:34.218+0000: 2646.322: [GC [PSYoungGen: 1496502K->7130K(1434816K)] 1830632K->341356K(1893952K), 0.0202780 secs] [Times: user=0.06 sys=0.01, real=0.02 secs] 
2014-07-16T01:44:37.258+0000: 2649.361: [GC [PSYoungGen: 1434778K->2170K(1369856K)] 1769004K->341528K(1828992K), 0.0231470 secs] [Times: user=0.09 sys=0.00, real=0.02 secs] 
2014-07-16T01:44:40.089+0000: 2652.192: [GC [PSYoungGen: 1369850K->7106K(1317824K)] 1709208K->346561K(1776960K), 0.0064770 secs] [Times: user=0.01 sys=0.00, real=0.01 secs] 
2014-07-16T01:44:42.822+0000: 2654.925: [GC [PSYoungGen: 1317762K->5938K(1262336K)] 1657217K->346615K(1721472K), 0.0151780 secs] [Times: user=0.04 sys=0.01, real=0.02 secs] 
2014-07-16T01:44:45.382+0000: 2657.485: [GC [PSYoungGen: 1262322K->6906K(1211648K)] 1602999K->347783K(1670784K), 0.0243640 secs] [Times: user=0.09 sys=0.00, real=0.03 secs] 
2014-07-16T01:44:47.951+0000: 2660.054: [GC [PSYoungGen: 1211642K->2298K(1157888K)] 1552519K->347955K(1617024K), 0.0240700 secs] [Times: user=0.08 sys=0.00, real=0.03 secs] 
2014-07-16T01:44:50.293+0000: 2662.396: [GC [PSYoungGen: 1157882K->7188K(1116032K)] 1503539K->352942K(1575168K), 0.0190970 secs] [Times: user=0.06 sys=0.00, real=0.02 secs] 
2014-07-16T01:44:52.620+0000: 2664.724: [GC [PSYoungGen: 1115988K->5494K(1069760K)] 1461742K->353112K(1528896K), 0.0272500 secs] [Times: user=0.09 sys=0.00, real=0.03 secs] 
2014-07-16T01:44:54.794+0000: 2666.898: [GC [PSYoungGen: 1069750K->6870K(1028800K)] 1417368K->354648K(1487936K), 0.0078170 secs] [Times: user=0.01 sys=0.00, real=0.01 secs] 
2014-07-16T01:44:56.829+0000: 2668.932: [GC [PSYoungGen: 1028758K->2744K(984256K)] 1376536K->354927K(1443392K), 0.0239220 secs] [Times: user=0.09 sys=0.00, real=0.02 secs] 
2014-07-16T01:44:58.913+0000: 2671.016: [GC [PSYoungGen: 984248K->7048K(950208K)] 1336431K->359303K(1409344K), 0.0112940 secs] [Times: user=0.03 sys=0.01, real=0.01 secs] 
2014-07-16T01:45:00.838+0000: 2672.942: [GC [PSYoungGen: 950152K->5284K(911808K)] 1302407K->359223K(1370944K), 0.0066740 secs] [Times: user=0.02 sys=0.00, real=0.00 secs] 
2014-07-16T01:45:02.749+0000: 2674.853: [GC [PSYoungGen: 911780K->6888K(878528K)] 1265719K->360955K(1337664K), 0.0242320 secs] [Times: user=0.07 sys=0.00, real=0.02 secs] 
2014-07-16T01:45:04.563+0000: 2676.666: [GC [PSYoungGen: 878504K->2808K(1036096K)] 1232571K->361258K(1495232K), 0.0259040 secs] [Times: user=0.09 sys=0.00, real=0.03 secs] 
2014-07-16T01:45:06.711+0000: 2678.815: [GC [PSYoungGen: 1036088K->7048K(1232256K)] 1394538K->365634K(1691392K), 0.0227070 secs] [Times: user=0.08 sys=0.00, real=0.02 secs] 
2014-07-16T01:45:09.229+0000: 2681.333: [GC [PSYoungGen: 1232200K->5096K(1462912K)] 1590786K->365787K(1922048K), 0.0687450 secs] [Times: user=0.20 sys=0.00, real=0.07 secs] 
2014-07-16T01:45:12.219+0000: 2684.322: [GC [PSYoungGen: 1462888K->6628K(1738752K)] 1823579K->367415K(2197888K), 0.0168460 secs] [Times: user=0.05 sys=0.00, real=0.01 secs] 
2014-07-16T01:45:15.783+0000: 2687.887: [GC [PSYoungGen: 1738721K->3254K(1764928K)] 2099508K->368127K(2224064K), 0.0167910 secs] [Times: user=0.04 sys=0.00, real=0.02 secs] 
2014-07-16T01:45:19.445+0000: 2691.548: [GC [PSYoungGen: 1764918K->7052K(1769216K)] 2129791K->372126K(2228352K), 0.0266920 secs] [Times: user=0.10 sys=0.00, real=0.03 secs] 
2014-07-16T01:45:23.110+0000: 2695.213: [GC [PSYoungGen: 1768716K->6948K(1692352K)] 2133790K->372460K(2151488K), 0.0208640 secs] [Times: user=0.07 sys=0.01, real=0.03 secs] 
2014-07-16T01:45:26.604+0000: 2698.708: [GC [PSYoungGen: 1692324K->6956K(1619776K)] 2057836K->372716K(2078912K), 0.0301360 secs] [Times: user=0.11 sys=0.01, real=0.03 secs] 
2014-07-16T01:45:30.019+0000: 2702.123: [GC [PSYoungGen: 1619756K->1080K(1544896K)] 1985516K->372994K(2004032K), 0.0224210 secs] [Times: user=0.09 sys=0.00, real=0.03 secs] 
2014-07-16T01:45:33.260+0000: 2705.364: [GC [PSYoungGen: 1544888K->7458K(1837248K)] 1916802K->379509K(2296384K), 0.0446220 secs] [Times: user=0.16 sys=0.01, real=0.05 secs] 
2014-07-16T01:45:37.025+0000: 2709.129: [GC [PSYoungGen: 1837218K->6444K(1756544K)] 2209269K->379723K(2215680K), 0.0130100 secs] [Times: user=0.03 sys=0.00, real=0.01 secs] 
2014-07-16T01:45:40.681+0000: 2712.785: [GC [PSYoungGen: 1756524K->6788K(1681216K)] 2129803K->380307K(2140352K), 0.0263670 secs] [Times: user=0.08 sys=0.00, real=0.03 secs] 
2014-07-16T01:45:44.112+0000: 2716.215: [GC [PSYoungGen: 1681156K->2366K(1604736K)] 2054675K->380813K(2063872K), 0.0140440 secs] [Times: user=0.06 sys=0.00, real=0.02 secs] 
2014-07-16T01:45:47.373+0000: 2719.476: [GC [PSYoungGen: 1604734K->7216K(1541120K)] 1983181K->385816K(2000256K), 0.0418700 secs] [Times: user=0.15 sys=0.00, real=0.05 secs] 
2014-07-16T01:45:50.714+0000: 2722.817: [GC [PSYoungGen: 1541104K->6052K(1474816K)] 1919704K->385862K(1933952K), 0.0259060 secs] [Times: user=0.09 sys=0.00, real=0.03 secs] 
2014-07-16T01:45:53.781+0000: 2725.884: [GC [PSYoungGen: 1474788K->6948K(1413760K)] 1854598K->386974K(1872896K), 0.0203230 secs] [Times: user=0.08 sys=0.00, real=0.02 secs] 
2014-07-16T01:45:56.826+0000: 2728.929: [GC [PSYoungGen: 1413732K->2470K(1350336K)] 1793758K->387171K(1809472K), 0.0270910 secs] [Times: user=0.10 sys=0.00, real=0.02 secs] 
2014-07-16T01:45:59.825+0000: 2731.929: [GC [PSYoungGen: 1350310K->7312K(1299136K)] 1735011K->392093K(1758272K), 0.0233360 secs] [Times: user=0.08 sys=0.01, real=0.02 secs] 
2014-07-16T01:46:02.640+0000: 2734.744: [GC [PSYoungGen: 1299088K->5540K(1243968K)] 1683869K->391799K(1703104K), 0.0244290 secs] [Times: user=0.08 sys=0.01, real=0.02 secs] 
2014-07-16T01:46:05.401+0000: 2737.504: [GC [PSYoungGen: 1243940K->7094K(1476224K)] 1630199K->393545K(1935360K), 0.0463800 secs] [Times: user=0.15 sys=0.00, real=0.05 secs] 
2014-07-16T01:46:08.704+0000: 2740.807: [GC [PSYoungGen: 1476214K->2722K(1745024K)] 1862665K->393624K(2204160K), 0.0297470 secs] [Times: user=0.10 sys=0.00, real=0.03 secs] 
2014-07-16T01:46:12.429+0000: 2744.533: [GC [PSYoungGen: 1744994K->7038K(1673984K)] 2135896K->398045K(2133120K), 0.0216050 secs] [Times: user=0.06 sys=0.00, real=0.02 secs] 
2014-07-16T01:46:16.089+0000: 2748.192: [GC [PSYoungGen: 1673982K->5476K(1600768K)] 2064989K->398301K(2059904K), 0.0100140 secs] [Times: user=0.02 sys=0.00, real=0.01 secs] 
2014-07-16T01:46:19.666+0000: 2751.770: [GC [PSYoungGen: 1600740K->6806K(1533952K)] 1993565K->399895K(1993088K), 0.0177920 secs] [Times: user=0.07 sys=0.00, real=0.02 secs] 
2014-07-16T01:46:22.987+0000: 2755.090: [GC [PSYoungGen: 1533910K->2930K(1465216K)] 1926998K->400067K(1924352K), 0.0084500 secs] [Times: user=0.03 sys=0.00, real=0.01 secs] 
2014-07-16T01:46:26.186+0000: 2758.290: [GC [PSYoungGen: 1465202K->7034K(1407680K)] 1862339K->404252K(1866816K), 0.0259350 secs] [Times: user=0.09 sys=0.00, real=0.03 secs] 
2014-07-16T01:46:29.307+0000: 2761.410: [GC [PSYoungGen: 1407674K->5284K(1347328K)] 1804892K->404504K(1806464K), 0.0229420 secs] [Times: user=0.08 sys=0.00, real=0.02 secs] 
2014-07-16T01:46:32.190+0000: 2764.293: [GC [PSYoungGen: 1347300K->6934K(1293184K)] 1746520K->406314K(1752320K), 0.0185090 secs] [Times: user=0.05 sys=0.00, real=0.02 secs] 
2014-07-16T01:46:34.971+0000: 2767.075: [GC [PSYoungGen: 1293142K->2876K(1235968K)] 1692522K->406377K(1695104K), 0.0187170 secs] [Times: user=0.07 sys=0.00, real=0.01 secs] 
2014-07-16T01:46:37.638+0000: 2769.742: [GC [PSYoungGen: 1235964K->7098K(1189696K)] 1639465K->410735K(1648832K), 0.0284960 secs] [Times: user=0.10 sys=0.00, real=0.03 secs] 
2014-07-16T01:46:40.315+0000: 2772.419: [GC [PSYoungGen: 1189690K->5156K(1139712K)] 1593327K->410823K(1598848K), 0.0198090 secs] [Times: user=0.06 sys=0.00, real=0.02 secs] 
2014-07-16T01:46:42.771+0000: 2774.875: [GC [PSYoungGen: 1139684K->6970K(1095744K)] 1545351K->412821K(1554880K), 0.0277780 secs] [Times: user=0.10 sys=0.00, real=0.03 secs] 
2014-07-16T01:46:45.134+0000: 2777.237: [GC [PSYoungGen: 1095738K->2876K(1048064K)] 1501589K->413259K(1507200K), 0.0078540 secs] [Times: user=0.03 sys=0.00, real=0.00 secs] 
2014-07-16T01:46:47.381+0000: 2779.484: [GC [PSYoungGen: 1048060K->6952K(1010688K)] 1458443K->417472K(1469824K), 0.0357870 secs] [Times: user=0.13 sys=0.01, real=0.04 secs] 
2014-07-16T01:46:49.716+0000: 2781.819: [GC [PSYoungGen: 1010664K->5310K(969536K)] 1421184K->417818K(1428672K), 0.0202930 secs] [Times: user=0.08 sys=0.00, real=0.02 secs] 
2014-07-16T01:46:51.797+0000: 2783.901: [GC [PSYoungGen: 969534K->6724K(933376K)] 1382042K->419392K(1392512K), 0.0176500 secs] [Times: user=0.05 sys=0.00, real=0.02 secs] 
2014-07-16T01:46:53.813+0000: 2785.916: [GC [PSYoungGen: 933316K->3186K(1103232K)] 1345984K->419601K(1562368K), 0.0349350 secs] [Times: user=0.12 sys=0.00, real=0.04 secs] 
2014-07-16T01:46:56.239+0000: 2788.342: [GC [PSYoungGen: 1103218K->6824K(1311680K)] 1519633K->423351K(1770816K), 0.0188970 secs] [Times: user=0.05 sys=0.01, real=0.02 secs] 
2014-07-16T01:46:59.145+0000: 2791.249: [GC [PSYoungGen: 1311656K->5244K(1256064K)] 1728183K->423653K(1715200K), 0.0179080 secs] [Times: user=0.06 sys=0.00, real=0.01 secs] 
2014-07-16T01:47:01.871+0000: 2793.975: [GC [PSYoungGen: 1256060K->6742K(1206208K)] 1674469K->425263K(1665344K), 0.0260870 secs] [Times: user=0.09 sys=0.00, real=0.03 secs] 
2014-07-16T01:47:04.515+0000: 2796.618: [GC [PSYoungGen: 1206166K->3126K(1153664K)] 1624687K->425635K(1612800K), 0.0253030 secs] [Times: user=0.09 sys=0.00, real=0.03 secs] 
2014-07-16T01:47:06.998+0000: 2799.101: [GC [PSYoungGen: 1153654K->7034K(1111040K)] 1576163K->429704K(1570176K), 0.0211420 secs] [Times: user=0.08 sys=0.00, real=0.02 secs] 
2014-07-16T01:47:09.449+0000: 2801.553: [GC [PSYoungGen: 1111034K->4964K(1064704K)] 1533704K->429830K(1523840K), 0.0199070 secs] [Times: user=0.07 sys=0.00, real=0.02 secs] 
2014-07-16T01:47:11.745+0000: 2803.849: [GC [PSYoungGen: 1064676K->6692K(1024256K)] 1489542K->431670K(1483392K), 0.0165830 secs] [Times: user=0.04 sys=0.00, real=0.02 secs] 
2014-07-16T01:47:13.944+0000: 2806.048: [GC [PSYoungGen: 1024228K->3326K(980736K)] 1449206K->432048K(1439872K), 0.0167090 secs] [Times: user=0.06 sys=0.00, real=0.02 secs] 
2014-07-16T01:47:16.123+0000: 2808.227: [GC [PSYoungGen: 980734K->7002K(946240K)] 1409456K->435884K(1405376K), 0.0274420 secs] [Times: user=0.10 sys=0.00, real=0.03 secs] 
2014-07-16T01:47:18.156+0000: 2810.260: [GC [PSYoungGen: 946202K->4668K(907456K)] 1375084K->436010K(1366592K), 0.0194950 secs] [Times: user=0.07 sys=0.00, real=0.02 secs] 
2014-07-16T01:47:20.201+0000: 2812.305: [GC [PSYoungGen: 907452K->6970K(1079360K)] 1338794K->438416K(1538496K), 0.0379140 secs] [Times: user=0.14 sys=0.01, real=0.04 secs] 
2014-07-16T01:47:22.550+0000: 2814.654: [GC [PSYoungGen: 1079354K->3232K(1277120K)] 1510800K->438489K(1736256K), 0.0275260 secs] [Times: user=0.10 sys=0.00, real=0.02 secs] 
2014-07-16T01:47:25.371+0000: 2817.474: [GC [PSYoungGen: 1277088K->6902K(1519104K)] 1712345K->442240K(1978240K), 0.0249570 secs] [Times: user=0.09 sys=0.00, real=0.02 secs] 
2014-07-16T01:47:28.641+0000: 2820.745: [GC [PSYoungGen: 1519094K->4726K(1797824K)] 1954432K->442396K(2256960K), 0.0215000 secs] [Times: user=0.07 sys=0.00, real=0.02 secs] 
2014-07-16T01:47:32.633+0000: 2824.737: [GC [PSYoungGen: 1797814K->6948K(1722240K)] 2235484K->444722K(2181376K), 0.0254500 secs] [Times: user=0.09 sys=0.01, real=0.02 secs] 
2014-07-16T01:47:36.354+0000: 2828.458: [GC [PSYoungGen: 1722212K->3062K(1644288K)] 2159986K->445015K(2103424K), 0.0351170 secs] [Times: user=0.11 sys=0.01, real=0.03 secs] 
2014-07-16T01:47:39.959+0000: 2832.062: [GC [PSYoungGen: 1644277K->7116K(1954112K)] 2086231K->449206K(2413248K), 0.0498790 secs] [Times: user=0.17 sys=0.00, real=0.05 secs] 
2014-07-16T01:47:44.163+0000: 2836.266: [GC [PSYoungGen: 1954060K->4668K(1996992K)] 2396150K->449476K(2456128K), 0.0352640 secs] [Times: user=0.13 sys=0.00, real=0.03 secs] 
2014-07-16T01:47:48.521+0000: 2840.624: [GC [PSYoungGen: 1996988K->6820K(1911488K)] 2441796K->451860K(2370624K), 0.0264950 secs] [Times: user=0.10 sys=0.01, real=0.03 secs] 
2014-07-16T01:47:52.701+0000: 2844.805: [GC [PSYoungGen: 1911460K->674K(1992320K)] 2356500K->452406K(2451456K), 0.0594840 secs] [Times: user=0.21 sys=0.01, real=0.06 secs] 
2014-07-16T01:47:57.041+0000: 2849.145: [GC [PSYoungGen: 1992290K->7430K(1911488K)] 2444022K->459203K(2370624K), 0.0169610 secs] [Times: user=0.06 sys=0.01, real=0.02 secs] 
2014-07-16T01:48:01.273+0000: 2853.376: [GC [PSYoungGen: 1911430K->128K(1820800K)] 2363203K->459692K(2281088K), 0.0349130 secs] [Times: user=0.13 sys=0.01, real=0.04 secs] 
2014-07-16T01:48:01.308+0000: 2853.411: [Full GC [PSYoungGen: 128K->0K(1820800K)] [ParOldGen: 459564K->204309K(482304K)] 459692K->204309K(2303104K) [PSPermGen: 11247K->11247K(22656K)], 0.3274540 secs] [Times: user=1.22 sys=0.00, real=0.33 secs] 
2014-07-16T01:48:05.575+0000: 2857.679: [GC [PSYoungGen: 1820672K->7736K(1749120K)] 2024981K->212046K(2231424K), 0.0188920 secs] [Times: user=0.06 sys=0.00, real=0.02 secs] 
2014-07-16T01:48:09.398+0000: 2861.501: [GC [PSYoungGen: 1749112K->6902K(1672896K)] 1953422K->212368K(2155200K), 0.0251350 secs] [Times: user=0.07 sys=0.00, real=0.02 secs] 
2014-07-16T01:48:13.093+0000: 2865.197: [GC [PSYoungGen: 1672886K->6710K(1601024K)] 1878352K->212384K(2083328K), 0.0365010 secs] [Times: user=0.13 sys=0.01, real=0.04 secs] 
2014-07-16T01:48:16.626+0000: 2868.730: [GC [PSYoungGen: 1601014K->2402K(1528576K)] 1806688K->212798K(2010880K), 0.0258700 secs] [Times: user=0.09 sys=0.00, real=0.02 secs] 
2014-07-16T01:48:19.932+0000: 2872.035: [GC [PSYoungGen: 1528546K->7098K(1468416K)] 1738942K->217639K(1950720K), 0.0059730 secs] [Times: user=0.02 sys=0.00, real=0.01 secs] 
2014-07-16T01:48:23.136+0000: 2875.239: [GC [PSYoungGen: 1468410K->6390K(1406016K)] 1678951K->217609K(1888320K), 0.0223820 secs] [Times: user=0.08 sys=0.00, real=0.03 secs] 
2014-07-16T01:48:26.184+0000: 2878.288: [GC [PSYoungGen: 1406006K->6710K(1347648K)] 1617225K->218169K(1829952K), 0.0398190 secs] [Times: user=0.12 sys=0.00, real=0.04 secs] 
2014-07-16T01:48:29.104+0000: 2881.207: [GC [PSYoungGen: 1347638K->2534K(1287680K)] 1559097K->218628K(1769984K), 0.0188990 secs] [Times: user=0.07 sys=0.00, real=0.02 secs] 
2014-07-16T01:48:31.929+0000: 2884.033: [GC [PSYoungGen: 1287654K->7394K(1239424K)] 1503748K->223528K(1721728K), 0.0323220 secs] [Times: user=0.11 sys=0.01, real=0.03 secs] 
2014-07-16T01:48:34.604+0000: 2886.708: [GC [PSYoungGen: 1239394K->5668K(1187200K)] 1455528K->223272K(1669504K), 0.0052100 secs] [Times: user=0.02 sys=0.00, real=0.01 secs] 
2014-07-16T01:48:37.164+0000: 2889.267: [GC [PSYoungGen: 1187172K->6756K(1140224K)] 1404776K->224600K(1622528K), 0.0087790 secs] [Times: user=0.02 sys=0.00, real=0.01 secs] 
2014-07-16T01:48:39.621+0000: 2891.725: [GC [PSYoungGen: 1140196K->3048K(1090752K)] 1358040K->224810K(1573056K), 0.0107710 secs] [Times: user=0.04 sys=0.00, real=0.01 secs] 
2014-07-16T01:48:42.007+0000: 2894.111: [GC [PSYoungGen: 1090728K->6984K(1051136K)] 1312490K->228810K(1533440K), 0.0168100 secs] [Times: user=0.06 sys=0.00, real=0.02 secs] 
2014-07-16T01:48:44.310+0000: 2896.414: [GC [PSYoungGen: 1051080K->5430K(1008064K)] 1272906K->228852K(1490368K), 0.0265430 secs] [Times: user=0.09 sys=0.00, real=0.02 secs] 
2014-07-16T01:48:46.540+0000: 2898.643: [GC [PSYoungGen: 1008054K->6948K(970112K)] 1231476K->230594K(1452416K), 0.0151640 secs] [Times: user=0.02 sys=0.01, real=0.02 secs] 
2014-07-16T01:48:48.618+0000: 2900.722: [GC [PSYoungGen: 970084K->2858K(928384K)] 1193730K->230662K(1410688K), 0.0152460 secs] [Times: user=0.04 sys=0.00, real=0.02 secs] 
2014-07-16T01:48:50.615+0000: 2902.719: [GC [PSYoungGen: 928362K->7148K(896832K)] 1156166K->235000K(1379136K), 0.0192760 secs] [Times: user=0.06 sys=0.00, real=0.02 secs] 
2014-07-16T01:48:52.520+0000: 2904.623: [GC [PSYoungGen: 896812K->5110K(860672K)] 1124664K->234732K(1342976K), 0.0215980 secs] [Times: user=0.08 sys=0.00, real=0.02 secs] 
2014-07-16T01:48:54.378+0000: 2906.482: [GC [PSYoungGen: 860662K->6806K(829888K)] 1090284K->236508K(1312192K), 0.0062970 secs] [Times: user=0.02 sys=0.00, real=0.01 secs] 
2014-07-16T01:48:56.311+0000: 2908.414: [GC [PSYoungGen: 829846K->3178K(795264K)] 1059548K->236898K(1277568K), 0.0174620 secs] [Times: user=0.05 sys=0.00, real=0.02 secs] 
2014-07-16T01:48:58.030+0000: 2910.133: [GC [PSYoungGen: 795242K->7056K(769664K)] 1028962K->240897K(1251968K), 0.0173700 secs] [Times: user=0.06 sys=0.00, real=0.02 secs] 
2014-07-16T01:48:59.658+0000: 2911.762: [GC [PSYoungGen: 769616K->4836K(739264K)] 1003457K->240943K(1221568K), 0.0068650 secs] [Times: user=0.02 sys=0.00, real=0.01 secs] 
2014-07-16T01:49:01.357+0000: 2913.461: [GC [PSYoungGen: 739236K->6628K(714240K)] 975343K->242839K(1196544K), 0.0234000 secs] [Times: user=0.08 sys=0.00, real=0.02 secs] 
2014-07-16T01:49:02.896+0000: 2914.999: [GC [PSYoungGen: 714191K->3490K(685504K)] 950402K->243120K(1167808K), 0.0144940 secs] [Times: user=0.04 sys=0.00, real=0.01 secs] 
2014-07-16T01:49:04.390+0000: 2916.494: [GC [PSYoungGen: 685474K->7016K(664576K)] 925104K->246766K(1146880K), 0.0075530 secs] [Times: user=0.02 sys=0.00, real=0.01 secs] 
2014-07-16T01:49:05.824+0000: 2917.927: [GC [PSYoungGen: 664552K->4476K(785600K)] 904302K->246742K(1267904K), 0.0337210 secs] [Times: user=0.12 sys=0.00, real=0.04 secs] 
2014-07-16T01:49:07.561+0000: 2919.664: [GC [PSYoungGen: 785596K->6792K(934720K)] 1027862K->249170K(1417024K), 0.0202040 secs] [Times: user=0.07 sys=0.00, real=0.02 secs] 
2014-07-16T01:49:09.576+0000: 2921.680: [GC [PSYoungGen: 934664K->3576K(1104000K)] 1177042K->249190K(1586304K), 0.0098060 secs] [Times: user=0.02 sys=0.00, real=0.01 secs] 
2014-07-16T01:49:12.071+0000: 2924.175: [GC [PSYoungGen: 1103992K->6952K(1063232K)] 1349606K->252638K(1545536K), 0.0175210 secs] [Times: user=0.05 sys=0.00, real=0.02 secs] 
2014-07-16T01:49:14.349+0000: 2926.453: [GC [PSYoungGen: 1063208K->4220K(1256320K)] 1308894K->252790K(1738624K), 0.0247160 secs] [Times: user=0.09 sys=0.01, real=0.02 secs] 
2014-07-16T01:49:17.136+0000: 2929.240: [GC [PSYoungGen: 1256316K->7044K(1207680K)] 1504886K->255814K(1689984K), 0.0197600 secs] [Times: user=0.07 sys=0.00, real=0.02 secs] 
2014-07-16T01:49:19.773+0000: 2931.876: [GC [PSYoungGen: 1207620K->3440K(1155008K)] 1456390K->255838K(1637312K), 0.0138720 secs] [Times: user=0.05 sys=0.00, real=0.02 secs] 
2014-07-16T01:49:22.264+0000: 2934.367: [GC [PSYoungGen: 1154992K->7016K(1111936K)] 1407390K->259455K(1594240K), 0.0166750 secs] [Times: user=0.05 sys=0.00, real=0.02 secs] 
2014-07-16T01:49:24.684+0000: 2936.787: [GC [PSYoungGen: 1111912K->4270K(1064768K)] 1364351K->259633K(1547072K), 0.0221660 secs] [Times: user=0.08 sys=0.00, real=0.02 secs] 
2014-07-16T01:49:27.112+0000: 2939.215: [GC [PSYoungGen: 1064730K->6856K(1025152K)] 1320093K->262411K(1507456K), 0.0094520 secs] [Times: user=0.02 sys=0.00, real=0.01 secs] 
2014-07-16T01:49:29.288+0000: 2941.391: [GC [PSYoungGen: 1025096K->3576K(981568K)] 1280651K->262700K(1463872K), 0.0240280 secs] [Times: user=0.09 sys=0.00, real=0.02 secs] 
2014-07-16T01:49:31.414+0000: 2943.517: [GC [PSYoungGen: 981560K->7252K(946944K)] 1240684K->266440K(1429248K), 0.0197320 secs] [Times: user=0.06 sys=0.00, real=0.02 secs] 
2014-07-16T01:49:33.475+0000: 2945.579: [GC [PSYoungGen: 946900K->3896K(907072K)] 1206088K->266558K(1389376K), 0.0229440 secs] [Times: user=0.08 sys=0.00, real=0.03 secs] 
2014-07-16T01:49:35.452+0000: 2947.555: [GC [PSYoungGen: 907064K->6788K(875264K)] 1169726K->269594K(1357568K), 0.0164730 secs] [Times: user=0.06 sys=0.00, real=0.02 secs] 
2014-07-16T01:49:37.425+0000: 2949.529: [GC [PSYoungGen: 875204K->4412K(839744K)] 1138010K->269823K(1322048K), 0.0202420 secs] [Times: user=0.07 sys=0.00, real=0.02 secs] 
2014-07-16T01:49:39.237+0000: 2951.341: [GC [PSYoungGen: 839740K->6892K(997184K)] 1105151K->272455K(1479488K), 0.0204090 secs] [Times: user=0.08 sys=0.00, real=0.02 secs] 
2014-07-16T01:49:41.372+0000: 2953.475: [GC [PSYoungGen: 997164K->3708K(1178944K)] 1262727K->272454K(1661248K), 0.0292820 secs] [Times: user=0.11 sys=0.00, real=0.03 secs] 
2014-07-16T01:49:43.967+0000: 2956.071: [GC [PSYoungGen: 1178940K->6980K(1134464K)] 1447686K->275782K(1616768K), 0.0138340 secs] [Times: user=0.04 sys=0.00, real=0.02 secs] 
2014-07-16T01:49:46.444+0000: 2958.547: [GC [PSYoungGen: 1134404K->4284K(1340992K)] 1403206K->275951K(1823296K), 0.0272070 secs] [Times: user=0.10 sys=0.00, real=0.03 secs] 
2014-07-16T01:49:49.439+0000: 2961.542: [GC [PSYoungGen: 1340988K->6774K(1287872K)] 1612655K->278577K(1770176K), 0.0200740 secs] [Times: user=0.07 sys=0.00, real=0.02 secs] 
2014-07-16T01:49:52.280+0000: 2964.384: [GC [PSYoungGen: 1287862K->3810K(1232000K)] 1559665K->278822K(1714304K), 0.0229580 secs] [Times: user=0.09 sys=0.00, real=0.03 secs] 
2014-07-16T01:49:54.916+0000: 2967.020: [GC [PSYoungGen: 1231970K->7044K(1184896K)] 1506982K->282113K(1667200K), 0.0122570 secs] [Times: user=0.04 sys=0.01, real=0.01 secs] 
2014-07-16T01:49:57.598+0000: 2969.701: [GC [PSYoungGen: 1184836K->3964K(1133888K)] 1459905K->282399K(1616192K), 0.0178930 secs] [Times: user=0.06 sys=0.00, real=0.02 secs] 
2014-07-16T01:50:00.026+0000: 2972.130: [GC [PSYoungGen: 1133884K->7066K(1091456K)] 1412319K->285605K(1573760K), 0.0245280 secs] [Times: user=0.08 sys=0.00, real=0.02 secs] 
2014-07-16T01:50:02.426+0000: 2974.530: [GC [PSYoungGen: 1091418K->3964K(1044928K)] 1369957K->285661K(1527232K), 0.0110570 secs] [Times: user=0.03 sys=0.00, real=0.01 secs] 
2014-07-16T01:50:04.693+0000: 2976.796: [GC [PSYoungGen: 1044924K->7198K(1006848K)] 1326621K->288983K(1489152K), 0.0179730 secs] [Times: user=0.07 sys=0.00, real=0.02 secs] 
2014-07-16T01:50:06.887+0000: 2978.991: [GC [PSYoungGen: 1006814K->3704K(963968K)] 1288599K->289088K(1446272K), 0.0135360 secs] [Times: user=0.03 sys=0.00, real=0.01 secs] 
2014-07-16T01:50:09.017+0000: 2981.121: [GC [PSYoungGen: 963943K->6810K(1147136K)] 1249326K->292266K(1629440K), 0.0520180 secs] [Times: user=0.17 sys=0.01, real=0.05 secs] 
2014-07-16T01:50:11.493+0000: 2983.596: [GC [PSYoungGen: 1147098K->4476K(1357504K)] 1432554K->292441K(1839808K), 0.0194140 secs] [Times: user=0.07 sys=0.00, real=0.02 secs] 
2014-07-16T01:50:14.491+0000: 2986.595: [GC [PSYoungGen: 1357500K->7030K(1613952K)] 1645465K->295027K(2096256K), 0.0432150 secs] [Times: user=0.15 sys=0.00, real=0.05 secs] 
2014-07-16T01:50:18.038+0000: 2990.142: [GC [PSYoungGen: 1613942K->3500K(1880256K)] 1901939K->295247K(2362560K), 0.0262120 secs] [Times: user=0.09 sys=0.01, real=0.02 secs] 
2014-07-16T01:50:22.081+0000: 2994.185: [GC [PSYoungGen: 1880236K->6778K(1801472K)] 2171983K->298645K(2283776K), 0.0170910 secs] [Times: user=0.06 sys=0.00, real=0.02 secs] 
2014-07-16T01:50:25.965+0000: 2998.068: [GC [PSYoungGen: 1801466K->738K(1717440K)] 2093333K->299163K(2199744K), 0.0224240 secs] [Times: user=0.08 sys=0.01, real=0.03 secs] 
2014-07-16T01:50:29.735+0000: 3001.839: [GC [PSYoungGen: 1717410K->7238K(1649792K)] 2015835K->305727K(2132096K), 0.0169020 secs] [Times: user=0.06 sys=0.00, real=0.02 secs] 
2014-07-16T01:50:33.314+0000: 3005.417: [GC [PSYoungGen: 1649734K->7084K(1579072K)] 1948223K->306431K(2061376K), 0.0191640 secs] [Times: user=0.06 sys=0.00, real=0.02 secs] 
2014-07-16T01:50:36.712+0000: 3008.815: [GC [PSYoungGen: 1579052K->6902K(1511808K)] 1878399K->306441K(1994112K), 0.0402390 secs] [Times: user=0.15 sys=0.00, real=0.04 secs] 
2014-07-16T01:50:40.128+0000: 3012.231: [GC [PSYoungGen: 1511798K->1148K(1442240K)] 1811337K->306655K(1924544K), 0.0191200 secs] [Times: user=0.06 sys=0.00, real=0.02 secs] 
2014-07-16T01:50:43.253+0000: 3015.356: [GC [PSYoungGen: 1442236K->7120K(1387584K)] 1747743K->312675K(1869888K), 0.0071700 secs] [Times: user=0.02 sys=0.00, real=0.01 secs] 
2014-07-16T01:50:46.241+0000: 3018.344: [GC [PSYoungGen: 1387536K->6660K(1329408K)] 1693091K->312891K(1811712K), 0.0077800 secs] [Times: user=0.02 sys=0.00, real=0.00 secs] 
2014-07-16T01:50:49.203+0000: 3021.307: [GC [PSYoungGen: 1329348K->6660K(1274496K)] 1635579K->313067K(1756800K), 0.0273470 secs] [Times: user=0.08 sys=0.01, real=0.03 secs] 
2014-07-16T01:50:51.965+0000: 3024.069: [GC [PSYoungGen: 1274436K->1576K(1217152K)] 1580843K->313396K(1699456K), 0.0304990 secs] [Times: user=0.11 sys=0.00, real=0.03 secs] 
2014-07-16T01:50:54.616+0000: 3026.719: [GC [PSYoungGen: 1217128K->7348K(1173184K)] 1528948K->319208K(1655488K), 0.0214700 secs] [Times: user=0.08 sys=0.00, real=0.02 secs] 
2014-07-16T01:50:57.159+0000: 3029.262: [GC [PSYoungGen: 1173172K->6052K(1124608K)] 1485032K->319220K(1606912K), 0.0103430 secs] [Times: user=0.04 sys=0.00, real=0.01 secs] 
2014-07-16T01:50:59.577+0000: 3031.680: [GC [PSYoungGen: 1124580K->6778K(1080256K)] 1437748K->320066K(1562560K), 0.0131110 secs] [Times: user=0.05 sys=0.00, real=0.01 secs] 
2014-07-16T01:51:01.915+0000: 3034.018: [GC [PSYoungGen: 1080250K->2406K(1033024K)] 1393538K->320205K(1515328K), 0.0182660 secs] [Times: user=0.07 sys=0.00, real=0.02 secs] 
2014-07-16T01:51:04.262+0000: 3036.366: [GC [PSYoungGen: 1032998K->7372K(997184K)] 1350797K->325227K(1479488K), 0.0161050 secs] [Times: user=0.05 sys=0.01, real=0.01 secs] 
2014-07-16T01:51:06.397+0000: 3038.501: [GC [PSYoungGen: 997132K->5416K(1178560K)] 1314987K->325189K(1660864K), 0.0380200 secs] [Times: user=0.14 sys=0.00, real=0.04 secs] 
2014-07-16T01:51:09.014+0000: 3041.118: [GC [PSYoungGen: 1178511K->6728K(1398400K)] 1498284K->326629K(1880704K), 0.0332010 secs] [Times: user=0.12 sys=0.01, real=0.03 secs] 
2014-07-16T01:51:12.002+0000: 3044.106: [GC [PSYoungGen: 1398344K->3312K(1336704K)] 1718245K->327116K(1819008K), 0.0199170 secs] [Times: user=0.07 sys=0.00, real=0.02 secs] 
2014-07-16T01:51:14.924+0000: 3047.027: [GC [PSYoungGen: 1336688K->6984K(1284992K)] 1660492K->330828K(1767296K), 0.0221300 secs] [Times: user=0.07 sys=0.00, real=0.02 secs] 
2014-07-16T01:51:17.699+0000: 3049.803: [GC [PSYoungGen: 1284936K->5028K(1230272K)] 1608780K->330996K(1712576K), 0.0129080 secs] [Times: user=0.04 sys=0.00, real=0.01 secs] 
2014-07-16T01:51:20.413+0000: 3052.516: [GC [PSYoungGen: 1230244K->6692K(1181760K)] 1556212K->332780K(1664064K), 0.0143200 secs] [Times: user=0.05 sys=0.00, real=0.02 secs] 
2014-07-16T01:51:22.936+0000: 3055.040: [GC [PSYoungGen: 1181732K->3518K(1130816K)] 1507820K->333199K(1613120K), 0.0250440 secs] [Times: user=0.08 sys=0.01, real=0.02 secs] 
2014-07-16T01:51:25.392+0000: 3057.495: [GC [PSYoungGen: 1130814K->6938K(1345088K)] 1460495K->336715K(1827392K), 0.0494490 secs] [Times: user=0.18 sys=0.00, real=0.05 secs] 
2014-07-16T01:51:28.316+0000: 3060.420: [GC [PSYoungGen: 1345050K->4768K(1592064K)] 1674827K->336943K(2074368K), 0.0234130 secs] [Times: user=0.09 sys=0.00, real=0.02 secs] 
2014-07-16T01:51:31.868+0000: 3063.971: [GC [PSYoungGen: 1592032K->6828K(1526272K)] 1924207K->339115K(2008576K), 0.0177460 secs] [Times: user=0.06 sys=0.00, real=0.01 secs] 
2014-07-16T01:51:35.188+0000: 3067.291: [GC [PSYoungGen: 1526252K->3518K(1458432K)] 1858539K->339618K(1940736K), 0.0195440 secs] [Times: user=0.07 sys=0.00, real=0.02 secs] 
2014-07-16T01:51:38.323+0000: 3070.426: [GC [PSYoungGen: 1458430K->7102K(1400640K)] 1794530K->343379K(1882944K), 0.0174650 secs] [Times: user=0.05 sys=0.00, real=0.02 secs] 
2014-07-16T01:51:41.405+0000: 3073.509: [GC [PSYoungGen: 1400638K->4668K(1339840K)] 1736915K->343449K(1822144K), 0.0290590 secs] [Times: user=0.11 sys=0.00, real=0.03 secs] 
2014-07-16T01:51:44.320+0000: 3076.423: [GC [PSYoungGen: 1339836K->6952K(1286592K)] 1678617K->345837K(1768896K), 0.0204740 secs] [Times: user=0.08 sys=0.01, real=0.02 secs] 
2014-07-16T01:51:47.098+0000: 3079.202: [GC [PSYoungGen: 1286568K->3622K(1230464K)] 1625453K->345953K(1712768K), 0.0267920 secs] [Times: user=0.10 sys=0.00, real=0.02 secs] 
2014-07-16T01:51:49.818+0000: 3081.921: [GC [PSYoungGen: 1230438K->7048K(1183680K)] 1572769K->349475K(1665984K), 0.0166170 secs] [Times: user=0.05 sys=0.00, real=0.02 secs] 
2014-07-16T01:51:52.413+0000: 3084.517: [GC [PSYoungGen: 1183615K->4284K(1132992K)] 1526041K->349602K(1615296K), 0.0126720 secs] [Times: user=0.03 sys=0.00, real=0.01 secs] 
2014-07-16T01:51:54.878+0000: 3086.981: [GC [PSYoungGen: 1132988K->7116K(1090368K)] 1478306K->352539K(1572672K), 0.0195870 secs] [Times: user=0.07 sys=0.00, real=0.02 secs] 
2014-07-16T01:51:57.220+0000: 3089.323: [GC [PSYoungGen: 1090289K->3576K(1043456K)] 1435711K->352572K(1525760K), 0.0324700 secs] [Times: user=0.12 sys=0.00, real=0.04 secs] 
2014-07-16T01:51:59.534+0000: 3091.638: [GC [PSYoungGen: 1043448K->6970K(1005568K)] 1392444K->356104K(1487872K), 0.0223870 secs] [Times: user=0.08 sys=0.00, real=0.02 secs] 
2014-07-16T01:52:01.708+0000: 3093.812: [GC [PSYoungGen: 1005562K->4348K(963648K)] 1354696K->356144K(1445952K), 0.0106640 secs] [Times: user=0.02 sys=0.00, real=0.01 secs] 
2014-07-16T01:52:03.808+0000: 3095.912: [GC [PSYoungGen: 963644K->6820K(928704K)] 1315440K->358712K(1411008K), 0.0162520 secs] [Times: user=0.04 sys=0.00, real=0.02 secs] 
2014-07-16T01:52:05.840+0000: 3097.943: [GC [PSYoungGen: 928674K->3700K(1097088K)] 1280566K->359008K(1579392K), 0.0343090 secs] [Times: user=0.11 sys=0.00, real=0.04 secs] 
2014-07-16T01:52:08.215+0000: 3100.318: [GC [PSYoungGen: 1097076K->6838K(1303616K)] 1452384K->362316K(1785920K), 0.0238260 secs] [Times: user=0.08 sys=0.00, real=0.02 secs] 
2014-07-16T01:52:11.075+0000: 3103.178: [GC [PSYoungGen: 1303606K->4348K(1247488K)] 1659084K->362495K(1729792K), 0.0136680 secs] [Times: user=0.04 sys=0.00, real=0.01 secs] 
2014-07-16T01:52:13.734+0000: 3105.838: [GC [PSYoungGen: 1247484K->6874K(1198976K)] 1605631K->365109K(1681280K), 0.0187510 secs] [Times: user=0.07 sys=0.00, real=0.02 secs] 
2014-07-16T01:52:16.385+0000: 3108.488: [GC [PSYoungGen: 1198938K->3508K(1147008K)] 1557173K->365280K(1629312K), 0.0237130 secs] [Times: user=0.08 sys=0.00, real=0.02 secs] 
2014-07-16T01:52:18.871+0000: 3110.974: [GC [PSYoungGen: 1146996K->6920K(1104192K)] 1508768K->368788K(1586496K), 0.0241060 secs] [Times: user=0.05 sys=0.01, real=0.03 secs] 
2014-07-16T01:52:21.309+0000: 3113.412: [GC [PSYoungGen: 1104136K->4284K(1057472K)] 1466004K->368810K(1539776K), 0.0151920 secs] [Times: user=0.05 sys=0.01, real=0.02 secs] 
2014-07-16T01:52:23.593+0000: 3115.696: [GC [PSYoungGen: 1057468K->6966K(1018240K)] 1421994K->371580K(1500544K), 0.0288370 secs] [Times: user=0.10 sys=0.00, real=0.03 secs] 
2014-07-16T01:52:25.839+0000: 3117.942: [GC [PSYoungGen: 1018230K->3378K(1202432K)] 1382844K->371775K(1684736K), 0.0259150 secs] [Times: user=0.08 sys=0.00, real=0.03 secs] 
2014-07-16T01:52:28.433+0000: 3120.536: [GC [PSYoungGen: 1202418K->7198K(1428800K)] 1570815K->375707K(1911104K), 0.0252110 secs] [Times: user=0.09 sys=0.00, real=0.03 secs] 
2014-07-16T01:52:31.582+0000: 3123.685: [GC [PSYoungGen: 1428766K->4156K(1366016K)] 1797275K->375671K(1848320K), 0.0072590 secs] [Times: user=0.02 sys=0.00, real=0.01 secs] 
2014-07-16T01:52:34.516+0000: 3126.620: [GC [PSYoungGen: 1366012K->6948K(1312000K)] 1737527K->378575K(1794304K), 0.0219270 secs] [Times: user=0.07 sys=0.00, real=0.02 secs] 
2014-07-16T01:52:37.373+0000: 3129.477: [GC [PSYoungGen: 1311972K->3640K(1254592K)] 1683599K->378788K(1736896K), 0.0388310 secs] [Times: user=0.14 sys=0.00, real=0.04 secs] 
2014-07-16T01:52:40.147+0000: 3132.250: [GC [PSYoungGen: 1254584K->6956K(1206464K)] 1629732K->382216K(1688768K), 0.0105710 secs] [Times: user=0.03 sys=0.00, real=0.01 secs] 
2014-07-16T01:52:42.779+0000: 3134.882: [GC [PSYoungGen: 1206444K->4156K(1154688K)] 1581704K->382313K(1636992K), 0.0192290 secs] [Times: user=0.07 sys=0.00, real=0.02 secs] 
2014-07-16T01:52:45.293+0000: 3137.397: [GC [PSYoungGen: 1154684K->6852K(1110848K)] 1532841K->385145K(1593152K), 0.0237920 secs] [Times: user=0.08 sys=0.00, real=0.03 secs] 
2014-07-16T01:52:47.695+0000: 3139.798: [GC [PSYoungGen: 1110788K->3704K(1063296K)] 1489081K->385419K(1545600K), 0.0277750 secs] [Times: user=0.11 sys=0.00, real=0.03 secs] 
2014-07-16T01:52:50.078+0000: 3142.182: [GC [PSYoungGen: 1063288K->7030K(1263744K)] 1445003K->388841K(1746048K), 0.0315090 secs] [Times: user=0.12 sys=0.00, real=0.03 secs] 
2014-07-16T01:52:52.876+0000: 3144.979: [GC [PSYoungGen: 1263734K->4028K(1496128K)] 1645545K->389292K(1978432K), 0.0403160 secs] [Times: user=0.15 sys=0.00, real=0.04 secs] 
2014-07-16T01:52:56.134+0000: 3148.238: [GC [PSYoungGen: 1496124K->7076K(1771520K)] 1881388K->392500K(2253824K), 0.0240850 secs] [Times: user=0.08 sys=0.00, real=0.02 secs] 
2014-07-16T01:52:59.989+0000: 3152.092: [GC [PSYoungGen: 1771108K->6806K(1694400K)] 2156532K->392534K(2176704K), 0.0208530 secs] [Times: user=0.07 sys=0.01, real=0.03 secs] 
2014-07-16T01:53:03.689+0000: 3155.793: [GC [PSYoungGen: 1694265K->6838K(1621632K)] 2079993K->392686K(2103936K), 0.0150950 secs] [Times: user=0.05 sys=0.01, real=0.02 secs] 
2014-07-16T01:53:07.154+0000: 3159.257: [GC [PSYoungGen: 1621622K->1212K(1546816K)] 2007470K->393062K(2029120K), 0.0353670 secs] [Times: user=0.13 sys=0.00, real=0.03 secs] 
2014-07-16T01:53:10.612+0000: 3162.716: [GC [PSYoungGen: 1546812K->7312K(1487168K)] 1938662K->399226K(1969472K), 0.0265930 secs] [Times: user=0.09 sys=0.00, real=0.02 secs] 
2014-07-16T01:53:13.826+0000: 3165.930: [GC [PSYoungGen: 1487120K->6440K(1423680K)] 1879034K->399214K(1905984K), 0.0282020 secs] [Times: user=0.10 sys=0.00, real=0.03 secs] 
2014-07-16T01:53:16.982+0000: 3169.085: [GC [PSYoungGen: 1423656K->6838K(1364544K)] 1816430K->399844K(1846848K), 0.0194360 secs] [Times: user=0.08 sys=0.00, real=0.02 secs] 
2014-07-16T01:53:19.937+0000: 3172.041: [GC [PSYoungGen: 1364534K->1850K(1302912K)] 1757540K->399967K(1785216K), 0.0363410 secs] [Times: user=0.13 sys=0.00, real=0.04 secs] 
2014-07-16T01:53:22.824+0000: 3174.928: [GC [PSYoungGen: 1302906K->7230K(1549568K)] 1701023K->405388K(2031872K), 0.0342260 secs] [Times: user=0.11 sys=0.00, real=0.03 secs] 
2014-07-16T01:53:26.211+0000: 3178.314: [GC [PSYoungGen: 1549566K->6070K(1482816K)] 1947724K->405514K(1965120K), 0.0167760 secs] [Times: user=0.05 sys=0.00, real=0.02 secs] 
2014-07-16T01:53:29.411+0000: 3181.514: [GC [PSYoungGen: 1482806K->6884K(1421248K)] 1882250K->406600K(1903552K), 0.0322800 secs] [Times: user=0.10 sys=0.00, real=0.03 secs] 
2014-07-16T01:53:32.490+0000: 3184.594: [GC [PSYoungGen: 1421220K->2302K(1357248K)] 1820936K->406729K(1839552K), 0.0207560 secs] [Times: user=0.08 sys=0.00, real=0.02 secs] 
2014-07-16T01:53:35.419+0000: 3187.522: [GC [PSYoungGen: 1357246K->7130K(1305600K)] 1761673K->411638K(1787904K), 0.0287720 secs] [Times: user=0.10 sys=0.00, real=0.03 secs] 
2014-07-16T01:53:38.297+0000: 3190.400: [GC [PSYoungGen: 1305562K->5690K(1250368K)] 1710070K->411732K(1732672K), 0.0184700 secs] [Times: user=0.07 sys=0.01, real=0.02 secs] 
2014-07-16T01:53:41.071+0000: 3193.175: [GC [PSYoungGen: 1250337K->6614K(1200192K)] 1656379K->412784K(1682496K), 0.0234400 secs] [Times: user=0.08 sys=0.00, real=0.03 secs] 
2014-07-16T01:53:43.658+0000: 3195.761: [GC [PSYoungGen: 1200150K->2798K(1419776K)] 1606320K->413228K(1902080K), 0.0507570 secs] [Times: user=0.18 sys=0.00, real=0.05 secs] 
2014-07-16T01:53:46.828+0000: 3198.931: [GC [PSYoungGen: 1419758K->7354K(1687872K)] 1830188K->417912K(2170176K), 0.0226420 secs] [Times: user=0.08 sys=0.00, real=0.02 secs] 
2014-07-16T01:53:50.417+0000: 3202.521: [GC [PSYoungGen: 1687866K->4964K(1613120K)] 2098424K->417728K(2095424K), 0.0247980 secs] [Times: user=0.08 sys=0.00, real=0.02 secs] 
2014-07-16T01:53:53.949+0000: 3206.052: [GC [PSYoungGen: 1613092K->7116K(1546432K)] 2025856K->419969K(2028736K), 0.0331300 secs] [Times: user=0.11 sys=0.00, real=0.03 secs] 
2014-07-16T01:53:57.315+0000: 3209.419: [GC [PSYoungGen: 1546380K->3122K(1476928K)] 1959233K->419947K(1959232K), 0.0144250 secs] [Times: user=0.04 sys=0.00, real=0.02 secs] 
2014-07-16T01:54:00.490+0000: 3212.593: [GC [PSYoungGen: 1476914K->6742K(1418304K)] 1893739K->423703K(1900608K), 0.0180570 secs] [Times: user=0.07 sys=0.00, real=0.01 secs] 
2014-07-16T01:54:03.575+0000: 3215.678: [GC [PSYoungGen: 1418262K->5112K(1357376K)] 1835223K->423943K(1839680K), 0.0250680 secs] [Times: user=0.08 sys=0.00, real=0.03 secs] 
2014-07-16T01:54:06.551+0000: 3218.655: [GC [PSYoungGen: 1357368K->6856K(1302784K)] 1776199K->425904K(1785088K), 0.0278410 secs] [Times: user=0.09 sys=0.00, real=0.02 secs] 
2014-07-16T01:54:09.330+0000: 3221.434: [GC [PSYoungGen: 1302728K->2998K(1245248K)] 1721776K->426144K(1727552K), 0.0232260 secs] [Times: user=0.09 sys=0.00, real=0.02 secs] 
2014-07-16T01:54:12.090+0000: 3224.194: [GC [PSYoungGen: 1245238K->7116K(1198400K)] 1668384K->430318K(1680704K), 0.0131130 secs] [Times: user=0.04 sys=0.00, real=0.01 secs] 
2014-07-16T01:54:14.675+0000: 3226.779: [GC [PSYoungGen: 1198348K->4832K(1147520K)] 1621550K->430340K(1629824K), 0.0276810 secs] [Times: user=0.09 sys=0.00, real=0.03 secs] 
2014-07-16T01:54:17.214+0000: 3229.318: [GC [PSYoungGen: 1147455K->7020K(1103488K)] 1572963K->432737K(1585792K), 0.0232150 secs] [Times: user=0.08 sys=0.00, real=0.02 secs] 
2014-07-16T01:54:19.570+0000: 3231.673: [GC [PSYoungGen: 1103468K->3134K(1055616K)] 1529185K->432624K(1537920K), 0.0213800 secs] [Times: user=0.09 sys=0.00, real=0.03 secs] 
2014-07-16T01:54:21.892+0000: 3233.995: [GC [PSYoungGen: 1055614K->6970K(1017600K)] 1485104K->436525K(1499904K), 0.0225740 secs] [Times: user=0.07 sys=0.00, real=0.03 secs] 
2014-07-16T01:54:24.092+0000: 3236.196: [GC [PSYoungGen: 1017594K->4768K(975552K)] 1447149K->436717K(1457856K), 0.0195450 secs] [Times: user=0.07 sys=0.00, real=0.02 secs] 
2014-07-16T01:54:26.208+0000: 3238.311: [GC [PSYoungGen: 975520K->6810K(939648K)] 1407469K->438959K(1421952K), 0.0167330 secs] [Times: user=0.05 sys=0.00, real=0.02 secs] 
2014-07-16T01:54:28.286+0000: 3240.389: [GC [PSYoungGen: 939610K->3244K(899904K)] 1371759K->439246K(1382208K), 0.0182930 secs] [Times: user=0.06 sys=0.00, real=0.02 secs] 
2014-07-16T01:54:30.232+0000: 3242.335: [GC [PSYoungGen: 899884K->6692K(1071104K)] 1335886K->442766K(1553408K), 0.0348760 secs] [Times: user=0.12 sys=0.00, real=0.04 secs] 
2014-07-16T01:54:32.592+0000: 3244.695: [GC [PSYoungGen: 1071076K->4900K(1268224K)] 1507150K->443074K(1750528K), 0.0238480 secs] [Times: user=0.08 sys=0.00, real=0.03 secs] 
2014-07-16T01:54:35.388+0000: 3247.492: [GC [PSYoungGen: 1268196K->7012K(1505472K)] 1706370K->445330K(1987776K), 0.0234660 secs] [Times: user=0.09 sys=0.00, real=0.02 secs] 
2014-07-16T01:54:38.744+0000: 3250.847: [GC [PSYoungGen: 1505444K->2912K(1437888K)] 1943762K->445451K(1920192K), 0.0190600 secs] [Times: user=0.07 sys=0.00, real=0.02 secs] 
2014-07-16T01:54:41.909+0000: 3254.013: [GC [PSYoungGen: 1437856K->7148K(1381760K)] 1880395K->449799K(1864064K), 0.0313730 secs] [Times: user=0.11 sys=0.01, real=0.03 secs] 
2014-07-16T01:54:44.861+0000: 3256.965: [GC [PSYoungGen: 1381740K->4668K(1321792K)] 1824391K->449803K(1804096K), 0.0151720 secs] [Times: user=0.03 sys=0.00, real=0.02 secs] 
2014-07-16T01:54:47.744+0000: 3259.848: [GC [PSYoungGen: 1321788K->6852K(1269376K)] 1766923K->452227K(1751680K), 0.0295480 secs] [Times: user=0.10 sys=0.00, real=0.03 secs] 
2014-07-16T01:54:50.489+0000: 3262.592: [GC [PSYoungGen: 1269316K->3312K(1213824K)] 1714691K->452307K(1696128K), 0.0199290 secs] [Times: user=0.07 sys=0.00, real=0.02 secs] 
2014-07-16T01:54:53.181+0000: 3265.284: [GC [PSYoungGen: 1213808K->7048K(1168128K)] 1662803K->456116K(1650432K), 0.0315730 secs] [Times: user=0.10 sys=0.01, real=0.03 secs] 
2014-07-16T01:54:55.701+0000: 3267.805: [GC [PSYoungGen: 1168072K->4348K(1118272K)] 1617140K->456458K(1600576K), 0.0182620 secs] [Times: user=0.06 sys=0.01, real=0.02 secs] 
2014-07-16T01:54:58.137+0000: 3270.240: [GC [PSYoungGen: 1118268K->7044K(1076224K)] 1570378K->459298K(1558528K), 0.0206080 secs] [Times: user=0.08 sys=0.01, real=0.03 secs] 
2014-07-16T01:55:00.440+0000: 3272.544: [GC [PSYoungGen: 1076164K->3580K(1030016K)] 1528418K->459187K(1512320K), 0.0264320 secs] [Times: user=0.10 sys=0.00, real=0.02 secs] 
2014-07-16T01:55:02.729+0000: 3274.833: [GC [PSYoungGen: 1030012K->7048K(1224448K)] 1485619K->462695K(1706752K), 0.0277420 secs] [Times: user=0.10 sys=0.00, real=0.02 secs] 
2014-07-16T01:55:05.409+0000: 3277.512: [GC [PSYoungGen: 1224392K->4220K(1449024K)] 1680039K->462781K(1931328K), 0.0340430 secs] [Times: user=0.12 sys=0.00, real=0.03 secs] 
2014-07-16T01:55:08.614+0000: 3280.718: [GC [PSYoungGen: 1449020K->6938K(1688832K)] 1907581K->465699K(2171136K), 0.0213620 secs] [Times: user=0.08 sys=0.00, real=0.02 secs] 
2014-07-16T01:55:12.266+0000: 3284.369: [GC [PSYoungGen: 1688338K->7206K(1616192K)] 2147099K->466159K(2098496K), 0.0238270 secs] [Times: user=0.08 sys=0.01, real=0.03 secs] 
2014-07-16T01:55:15.756+0000: 3287.859: [GC [PSYoungGen: 1616166K->6820K(1546944K)] 2075119K->465869K(2029248K), 0.0341000 secs] [Times: user=0.10 sys=0.01, real=0.04 secs] 
2014-07-16T01:55:19.326+0000: 3291.430: [GC [PSYoungGen: 1546916K->802K(1475392K)] 2005965K->466312K(1957696K), 0.0250480 secs] [Times: user=0.08 sys=0.00, real=0.03 secs] 
2014-07-16T01:55:22.567+0000: 3294.670: [GC [PSYoungGen: 1475362K->7480K(1419712K)] 1940872K->473055K(1902016K), 0.0222520 secs] [Times: user=0.07 sys=0.01, real=0.02 secs] 
2014-07-16T01:55:25.630+0000: 3297.734: [GC [PSYoungGen: 1419704K->6692K(1359680K)] 1885279K->472961K(1841984K), 0.0281840 secs] [Times: user=0.10 sys=0.00, real=0.03 secs] 
2014-07-16T01:55:28.648+0000: 3300.752: [GC [PSYoungGen: 1359652K->6660K(1303296K)] 1825921K->473161K(1785600K), 0.0122970 secs] [Times: user=0.04 sys=0.00, real=0.01 secs] 
2014-07-16T01:55:31.456+0000: 3303.560: [GC [PSYoungGen: 1303236K->1832K(1244800K)] 1769737K->473451K(1727104K), 0.0284730 secs] [Times: user=0.10 sys=0.01, real=0.03 secs] 
2014-07-16T01:55:34.206+0000: 3306.309: [GC [PSYoungGen: 1244776K->7216K(1480832K)] 1716395K->478860K(1963136K), 0.0401850 secs] [Times: user=0.13 sys=0.01, real=0.04 secs] 
2014-07-16T01:55:37.399+0000: 3309.503: [GC [PSYoungGen: 1480816K->6180K(1417536K)] 1952460K->478892K(1899840K), 0.0253850 secs] [Times: user=0.09 sys=0.00, real=0.03 secs] 
2014-07-16T01:55:40.532+0000: 3312.636: [GC [PSYoungGen: 1417508K->6646K(1679296K)] 1890220K->479502K(2161600K), 0.0310950 secs] [Times: user=0.10 sys=0.01, real=0.03 secs] 
2014-07-16T01:55:44.176+0000: 3316.279: [GC [PSYoungGen: 1679286K->2430K(1603072K)] 2152142K->480023K(2085376K), 0.0134710 secs] [Times: user=0.04 sys=0.00, real=0.01 secs] 
2014-07-16T01:55:44.190+0000: 3316.293: [Full GC [PSYoungGen: 2430K->0K(1603072K)] [ParOldGen: 477592K->224973K(499136K)] 480023K->224973K(2102208K) [PSPermGen: 11247K->11247K(21504K)], 0.3256660 secs] [Times: user=1.21 sys=0.00, real=0.33 secs] 
2014-07-16T01:55:47.935+0000: 3320.038: [GC [PSYoungGen: 1600640K->7644K(1539776K)] 1825613K->232618K(2038912K), 0.0095180 secs] [Times: user=0.02 sys=0.00, real=0.01 secs] 
2014-07-16T01:55:51.268+0000: 3323.372: [GC [PSYoungGen: 1539740K->5284K(1472192K)] 1764714K->232534K(1971328K), 0.0270430 secs] [Times: user=0.10 sys=0.00, real=0.03 secs] 
2014-07-16T01:55:54.457+0000: 3326.560: [GC [PSYoungGen: 1472164K->7044K(1411968K)] 1699414K->234390K(1911104K), 0.0228260 secs] [Times: user=0.08 sys=0.01, real=0.02 secs] 
2014-07-16T01:55:57.514+0000: 3329.617: [GC [PSYoungGen: 1411908K->3494K(1349376K)] 1639254K->234482K(1848512K), 0.0133500 secs] [Times: user=0.05 sys=0.01, real=0.02 secs] 
2014-07-16T01:56:00.457+0000: 3332.561: [GC [PSYoungGen: 1349350K->7106K(1296896K)] 1580338K->238182K(1796032K), 0.0231860 secs] [Times: user=0.08 sys=0.00, real=0.02 secs] 
2014-07-16T01:56:03.321+0000: 3335.425: [GC [PSYoungGen: 1296834K->4988K(1241344K)] 1527910K->238438K(1740480K), 0.0260860 secs] [Times: user=0.10 sys=0.00, real=0.03 secs] 
2014-07-16T01:56:05.994+0000: 3338.098: [GC [PSYoungGen: 1241340K->6806K(1192384K)] 1474790K->240480K(1691520K), 0.0089130 secs] [Times: user=0.03 sys=0.00, real=0.01 secs] 
2014-07-16T01:56:08.607+0000: 3340.710: [GC [PSYoungGen: 1192342K->3686K(1140928K)] 1426016K->240586K(1640064K), 0.0282110 secs] [Times: user=0.10 sys=0.00, real=0.03 secs] 
2014-07-16T01:56:11.138+0000: 3343.242: [GC [PSYoungGen: 1140902K->6788K(1098048K)] 1377802K->243784K(1597184K), 0.0295650 secs] [Times: user=0.10 sys=0.00, real=0.02 secs] 
2014-07-16T01:56:13.517+0000: 3345.620: [GC [PSYoungGen: 1097988K->4964K(1300352K)] 1334984K->244018K(1799488K), 0.0426020 secs] [Times: user=0.14 sys=0.00, real=0.05 secs] 
2014-07-16T01:56:16.333+0000: 3348.437: [GC [PSYoungGen: 1300324K->6756K(1542784K)] 1539378K->246018K(2041920K), 0.0184000 secs] [Times: user=0.07 sys=0.00, real=0.02 secs] 
2014-07-16T01:56:19.738+0000: 3351.842: [GC [PSYoungGen: 1542756K->3622K(1474240K)] 1782018K->246316K(1973376K), 0.0070020 secs] [Times: user=0.01 sys=0.00, real=0.01 secs] 
2014-07-16T01:56:22.905+0000: 3355.008: [GC [PSYoungGen: 1474214K->6934K(1415360K)] 1716908K->249740K(1914496K), 0.0264660 secs] [Times: user=0.09 sys=0.00, real=0.03 secs] 
2014-07-16T01:56:26.027+0000: 3358.130: [GC [PSYoungGen: 1415318K->4668K(1353920K)] 1658124K->249810K(1853056K), 0.0165560 secs] [Times: user=0.05 sys=0.01, real=0.02 secs] 
2014-07-16T01:56:28.990+0000: 3361.094: [GC [PSYoungGen: 1353916K->7034K(1300032K)] 1599058K->252384K(1799168K), 0.0297850 secs] [Times: user=0.10 sys=0.00, real=0.03 secs] 
2014-07-16T01:56:31.845+0000: 3363.949: [GC [PSYoungGen: 1300026K->3440K(1242880K)] 1545376K->252336K(1742016K), 0.0202040 secs] [Times: user=0.07 sys=0.00, real=0.02 secs] 
2014-07-16T01:56:34.586+0000: 3366.689: [GC [PSYoungGen: 1242864K->7048K(1195584K)] 1491760K->256000K(1694720K), 0.0242250 secs] [Times: user=0.10 sys=0.00, real=0.02 secs] 
2014-07-16T01:56:37.156+0000: 3369.259: [GC [PSYoungGen: 1195528K->4348K(1144320K)] 1444480K->256186K(1643456K), 0.0318200 secs] [Times: user=0.12 sys=0.00, real=0.03 secs] 
2014-07-16T01:56:39.687+0000: 3371.790: [GC [PSYoungGen: 1144316K->6696K(1358592K)] 1396154K->258638K(1857728K), 0.0299800 secs] [Times: user=0.09 sys=0.00, real=0.03 secs] 
2014-07-16T01:56:42.623+0000: 3374.726: [GC [PSYoungGen: 1358568K->3964K(1299456K)] 1610510K->259067K(1798592K), 0.0189640 secs] [Times: user=0.07 sys=0.00, real=0.01 secs] 
2014-07-16T01:56:45.452+0000: 3377.556: [GC [PSYoungGen: 1299452K->7130K(1248960K)] 1554555K->262313K(1748096K), 0.0169500 secs] [Times: user=0.06 sys=0.00, real=0.02 secs] 
2014-07-16T01:56:48.216+0000: 3380.320: [GC [PSYoungGen: 1248922K->3900K(1476928K)] 1504105K->262317K(1976064K), 0.0432210 secs] [Times: user=0.15 sys=0.00, real=0.04 secs] 
2014-07-16T01:56:51.485+0000: 3383.589: [GC [PSYoungGen: 1476924K->6916K(1417664K)] 1735341K->265413K(1916800K), 0.0154880 secs] [Times: user=0.05 sys=0.00, real=0.01 secs] 
2014-07-16T01:56:54.559+0000: 3386.662: [GC [PSYoungGen: 1417604K->4156K(1355584K)] 1676101K->265783K(1854720K), 0.0311500 secs] [Times: user=0.11 sys=0.00, real=0.03 secs] 
2014-07-16T01:56:57.483+0000: 3389.587: [GC [PSYoungGen: 1355580K->6916K(1302016K)] 1617207K->268775K(1801152K), 0.0097840 secs] [Times: user=0.02 sys=0.00, real=0.01 secs] 
2014-07-16T01:57:00.318+0000: 3392.422: [GC [PSYoungGen: 1301956K->3900K(1245312K)] 1563815K->268938K(1744448K), 0.0268790 secs] [Times: user=0.09 sys=0.00, real=0.02 secs] 
2014-07-16T01:57:03.063+0000: 3395.167: [GC [PSYoungGen: 1245308K->6756K(1197120K)] 1510346K->271890K(1696256K), 0.0102200 secs] [Times: user=0.02 sys=0.00, real=0.01 secs] 
2014-07-16T01:57:05.699+0000: 3397.803: [GC [PSYoungGen: 1197092K->4348K(1146112K)] 1462226K->272377K(1645248K), 0.0236030 secs] [Times: user=0.08 sys=0.00, real=0.02 secs] 
2014-07-16T01:57:08.193+0000: 3400.297: [GC [PSYoungGen: 1146108K->6660K(1102272K)] 1414137K->274857K(1601408K), 0.0140800 secs] [Times: user=0.05 sys=0.00, real=0.02 secs] 
2014-07-16T01:57:10.649+0000: 3402.752: [GC [PSYoungGen: 1102199K->3964K(1055488K)] 1370397K->275173K(1554624K), 0.0104810 secs] [Times: user=0.04 sys=0.00, real=0.01 secs] 
2014-07-16T01:57:12.923+0000: 3405.027: [GC [PSYoungGen: 1055484K->6792K(1016448K)] 1326693K->278089K(1515584K), 0.0228620 secs] [Times: user=0.07 sys=0.00, real=0.02 secs] 
2014-07-16T01:57:15.137+0000: 3407.240: [GC [PSYoungGen: 1016392K->4220K(973952K)] 1287689K->278435K(1473088K), 0.0152450 secs] [Times: user=0.06 sys=0.00, real=0.02 secs] 
2014-07-16T01:57:17.226+0000: 3409.329: [GC [PSYoungGen: 973948K->6966K(938752K)] 1248163K->281317K(1437888K), 0.0133100 secs] [Times: user=0.04 sys=0.00, real=0.02 secs] 
2014-07-16T01:57:19.280+0000: 3411.384: [GC [PSYoungGen: 938742K->3836K(899456K)] 1213093K->281409K(1398592K), 0.0205630 secs] [Times: user=0.08 sys=0.00, real=0.02 secs] 
2014-07-16T01:57:21.255+0000: 3413.358: [GC [PSYoungGen: 899408K->6788K(868032K)] 1176981K->284449K(1367168K), 0.0051410 secs] [Times: user=0.02 sys=0.00, real=0.01 secs] 
2014-07-16T01:57:23.142+0000: 3415.246: [GC [PSYoungGen: 867972K->4220K(832576K)] 1145633K->284675K(1331712K), 0.0104510 secs] [Times: user=0.03 sys=0.00, real=0.01 secs] 
2014-07-16T01:57:24.988+0000: 3417.091: [GC [PSYoungGen: 832572K->6742K(990400K)] 1113027K->287333K(1489536K), 0.0486940 secs] [Times: user=0.16 sys=0.00, real=0.05 secs] 
2014-07-16T01:57:27.128+0000: 3419.232: [GC [PSYoungGen: 990358K->3896K(1170880K)] 1270949K->287670K(1670016K), 0.0159440 secs] [Times: user=0.06 sys=0.00, real=0.02 secs] 
2014-07-16T01:57:29.708+0000: 3421.812: [GC [PSYoungGen: 1170872K->6852K(1391040K)] 1454646K->290714K(1890176K), 0.0240200 secs] [Times: user=0.09 sys=0.00, real=0.03 secs] 
2014-07-16T01:57:32.747+0000: 3424.851: [GC [PSYoungGen: 1390980K->4092K(1617344K)] 1674842K->290914K(2116480K), 0.0281360 secs] [Times: user=0.09 sys=0.00, real=0.03 secs] 
2014-07-16T01:57:36.360+0000: 3428.464: [GC [PSYoungGen: 1617340K->7030K(1551104K)] 1904162K->293988K(2050240K), 0.0211320 secs] [Times: user=0.08 sys=0.00, real=0.03 secs] 
2014-07-16T01:57:39.754+0000: 3431.858: [GC [PSYoungGen: 1551094K->360K(1478656K)] 1838052K->294161K(1977792K), 0.0268550 secs] [Times: user=0.10 sys=0.00, real=0.02 secs] 
2014-07-16T01:57:42.992+0000: 3435.096: [GC [PSYoungGen: 1478632K->7406K(1423104K)] 1772433K->301448K(1922240K), 0.0259010 secs] [Times: user=0.10 sys=0.00, real=0.02 secs] 
2014-07-16T01:57:46.082+0000: 3438.185: [GC [PSYoungGen: 1423029K->7102K(1363264K)] 1717071K->302068K(1862400K), 0.0287690 secs] [Times: user=0.09 sys=0.00, real=0.03 secs] 
2014-07-16T01:57:49.032+0000: 3441.136: [GC [PSYoungGen: 1363262K->6856K(1306432K)] 1658228K->302030K(1805568K), 0.0217440 secs] [Times: user=0.08 sys=0.00, real=0.03 secs] 
2014-07-16T01:57:51.891+0000: 3443.994: [GC [PSYoungGen: 1306376K->1896K(1247552K)] 1601550K->302229K(1746688K), 0.0140220 secs] [Times: user=0.04 sys=0.00, real=0.02 secs] 
2014-07-16T01:57:54.618+0000: 3446.721: [GC [PSYoungGen: 1247528K->7490K(1201920K)] 1547861K->307872K(1701056K), 0.0163380 secs] [Times: user=0.06 sys=0.00, real=0.02 secs] 
2014-07-16T01:57:57.259+0000: 3449.362: [GC [PSYoungGen: 1201858K->6180K(1151808K)] 1502240K->307654K(1650944K), 0.0215570 secs] [Times: user=0.08 sys=0.00, real=0.02 secs] 
2014-07-16T01:57:59.753+0000: 3451.856: [GC [PSYoungGen: 1151780K->6500K(1105728K)] 1453254K->308150K(1604864K), 0.0134350 secs] [Times: user=0.04 sys=0.01, real=0.02 secs] 
2014-07-16T01:58:02.219+0000: 3454.322: [GC [PSYoungGen: 1105700K->3062K(1058112K)] 1407350K->308593K(1557248K), 0.0203670 secs] [Times: user=0.08 sys=0.00, real=0.02 secs] 
2014-07-16T01:58:04.494+0000: 3456.598: [GC [PSYoungGen: 1058102K->7376K(1020416K)] 1363633K->313004K(1519552K), 0.0147460 secs] [Times: user=0.04 sys=0.00, real=0.02 secs] 
2014-07-16T01:58:06.744+0000: 3458.847: [GC [PSYoungGen: 1020368K->5294K(978240K)] 1325996K->312888K(1477376K), 0.0132520 secs] [Times: user=0.03 sys=0.00, real=0.02 secs] 
2014-07-16T01:58:08.834+0000: 3460.938: [GC [PSYoungGen: 978222K->6596K(941440K)] 1285816K->314326K(1440576K), 0.0204900 secs] [Times: user=0.07 sys=0.00, real=0.02 secs] 
2014-07-16T01:58:10.920+0000: 3463.023: [GC [PSYoungGen: 941380K->3836K(902336K)] 1249110K->314678K(1401472K), 0.0156740 secs] [Times: user=0.05 sys=0.00, real=0.01 secs] 
2014-07-16T01:58:12.891+0000: 3464.995: [GC [PSYoungGen: 902332K->6888K(870784K)] 1213174K->317818K(1369920K), 0.0297240 secs] [Times: user=0.10 sys=0.00, real=0.03 secs] 
2014-07-16T01:58:14.804+0000: 3466.908: [GC [PSYoungGen: 870760K->5024K(835968K)] 1181690K->317912K(1335104K), 0.0124960 secs] [Times: user=0.05 sys=0.00, real=0.02 secs] 
2014-07-16T01:58:16.644+0000: 3468.748: [GC [PSYoungGen: 835936K->6724K(991936K)] 1148824K->319788K(1491072K), 0.0234840 secs] [Times: user=0.08 sys=0.00, real=0.03 secs] 
2014-07-16T01:58:18.760+0000: 3470.864: [GC [PSYoungGen: 991876K->3690K(1172416K)] 1304940K->319885K(1671552K), 0.0246210 secs] [Times: user=0.09 sys=0.00, real=0.02 secs] 
2014-07-16T01:58:21.415+0000: 3473.518: [GC [PSYoungGen: 1172394K->7084K(1392768K)] 1488589K->323319K(1891904K), 0.0217560 secs] [Times: user=0.08 sys=0.00, real=0.02 secs] 
2014-07-16T01:58:24.460+0000: 3476.563: [GC [PSYoungGen: 1392748K->4604K(1576960K)] 1708983K->323491K(2076096K), 0.0371820 secs] [Times: user=0.12 sys=0.01, real=0.03 secs] 
2014-07-16T01:58:27.943+0000: 3480.046: [GC [PSYoungGen: 1576956K->6852K(1580032K)] 1895843K->326037K(2079168K), 0.0261760 secs] [Times: user=0.10 sys=0.00, real=0.03 secs] 
2014-07-16T01:58:31.406+0000: 3483.510: [GC [PSYoungGen: 1579204K->6820K(1512064K)] 1898389K->326237K(2011200K), 0.0303630 secs] [Times: user=0.10 sys=0.01, real=0.03 secs] 
2014-07-16T01:58:34.712+0000: 3486.815: [GC [PSYoungGen: 1512036K->6980K(1448384K)] 1831453K->326541K(1947520K), 0.0232340 secs] [Times: user=0.08 sys=0.01, real=0.02 secs] 
2014-07-16T01:58:37.841+0000: 3489.945: [GC [PSYoungGen: 1448324K->1376K(1382016K)] 1767885K->326804K(1881152K), 0.0248980 secs] [Times: user=0.09 sys=0.00, real=0.02 secs] 
2014-07-16T01:58:40.884+0000: 3492.988: [GC [PSYoungGen: 1381984K->7522K(1330368K)] 1707412K->333031K(1829504K), 0.0206930 secs] [Times: user=0.07 sys=0.00, real=0.02 secs] 
2014-07-16T01:58:43.778+0000: 3495.881: [GC [PSYoungGen: 1330338K->6308K(1274176K)] 1655847K->332789K(1773312K), 0.0114250 secs] [Times: user=0.04 sys=0.00, real=0.01 secs] 
2014-07-16T01:58:46.553+0000: 3498.656: [GC [PSYoungGen: 1274148K->6870K(1222400K)] 1600629K->333623K(1721536K), 0.0219780 secs] [Times: user=0.07 sys=0.00, real=0.02 secs] 
2014-07-16T01:58:49.188+0000: 3501.292: [GC [PSYoungGen: 1222358K->2274K(1168000K)] 1549111K->333844K(1667136K), 0.0122560 secs] [Times: user=0.05 sys=0.00, real=0.01 secs] 
2014-07-16T01:58:51.743+0000: 3503.846: [GC [PSYoungGen: 1167970K->7270K(1125632K)] 1499540K->338888K(1624768K), 0.0265290 secs] [Times: user=0.09 sys=0.01, real=0.02 secs] 
2014-07-16T01:58:54.169+0000: 3506.272: [GC [PSYoungGen: 1125606K->5796K(1079040K)] 1457224K->338808K(1578176K), 0.0215750 secs] [Times: user=0.08 sys=0.00, real=0.02 secs] 
2014-07-16T01:58:56.510+0000: 3508.613: [GC [PSYoungGen: 1078969K->6938K(1280064K)] 1411981K->340166K(1779200K), 0.0391640 secs] [Times: user=0.14 sys=0.01, real=0.04 secs] 
2014-07-16T01:58:59.255+0000: 3511.359: [GC [PSYoungGen: 1280026K->2602K(1513088K)] 1613254K->340163K(2012224K), 0.0289790 secs] [Times: user=0.09 sys=0.00, real=0.03 secs] 
2014-07-16T01:59:02.580+0000: 3514.684: [GC [PSYoungGen: 1513060K->7052K(1797952K)] 1850621K->344677K(2297088K), 0.0258980 secs] [Times: user=0.09 sys=0.00, real=0.03 secs] 
2014-07-16T01:59:06.535+0000: 3518.639: [GC [PSYoungGen: 1797900K->5562K(1718528K)] 2135525K->345049K(2217664K), 0.0171410 secs] [Times: user=0.07 sys=0.00, real=0.01 secs] 
2014-07-16T01:59:10.229+0000: 3522.332: [GC [PSYoungGen: 1718522K->6874K(1645824K)] 2058009K->346625K(2144960K), 0.0164210 secs] [Times: user=0.06 sys=0.01, real=0.01 secs] 
2014-07-16T01:59:13.871+0000: 3525.975: [GC [PSYoungGen: 1645738K->2926K(1571456K)] 1985489K->346773K(2070592K), 0.0158860 secs] [Times: user=0.06 sys=0.00, real=0.02 secs] 
2014-07-16T01:59:17.340+0000: 3529.443: [GC [PSYoungGen: 1571438K->7198K(1508800K)] 1915285K->351189K(2007936K), 0.0213820 secs] [Times: user=0.07 sys=0.00, real=0.02 secs] 
2014-07-16T01:59:20.580+0000: 3532.684: [GC [PSYoungGen: 1508766K->5092K(1443008K)] 1852757K->351173K(1942144K), 0.0352250 secs] [Times: user=0.13 sys=0.00, real=0.03 secs] 
2014-07-16T01:59:23.782+0000: 3535.885: [GC [PSYoungGen: 1442980K->6838K(1384128K)] 1789061K->353015K(1883264K), 0.0208560 secs] [Times: user=0.08 sys=0.00, real=0.02 secs] 
2014-07-16T01:59:26.854+0000: 3538.958: [GC [PSYoungGen: 1384118K->3186K(1322816K)] 1730295K->353540K(1821952K), 0.0197250 secs] [Times: user=0.07 sys=0.00, real=0.02 secs] 
2014-07-16T01:59:29.675+0000: 3541.778: [GC [PSYoungGen: 1322802K->7152K(1271936K)] 1673156K->357701K(1771072K), 0.0232610 secs] [Times: user=0.08 sys=0.00, real=0.02 secs] 
2014-07-16T01:59:32.489+0000: 3544.593: [GC [PSYoungGen: 1271920K->4896K(1217536K)] 1622469K->357895K(1716672K), 0.0158280 secs] [Times: user=0.06 sys=0.00, real=0.01 secs] 
2014-07-16T01:59:35.115+0000: 3547.218: [GC [PSYoungGen: 1217504K->7020K(1169984K)] 1570503K->360147K(1669120K), 0.0253000 secs] [Times: user=0.09 sys=0.00, real=0.03 secs] 
2014-07-16T01:59:37.770+0000: 3549.873: [GC [PSYoungGen: 1169944K->3426K(1119168K)] 1523071K->360296K(1618304K), 0.0236560 secs] [Times: user=0.09 sys=0.00, real=0.03 secs] 
2014-07-16T01:59:40.192+0000: 3552.296: [GC [PSYoungGen: 1119138K->6902K(1077632K)] 1476008K->363916K(1576768K), 0.0203540 secs] [Times: user=0.07 sys=0.00, real=0.02 secs] 
2014-07-16T01:59:42.527+0000: 3554.631: [GC [PSYoungGen: 1077622K->4896K(1032832K)] 1434636K->364006K(1531968K), 0.0224890 secs] [Times: user=0.09 sys=0.00, real=0.02 secs] 
2014-07-16T01:59:44.800+0000: 3556.903: [GC [PSYoungGen: 1032800K->6870K(994048K)] 1391910K->366132K(1493184K), 0.0126930 secs] [Times: user=0.02 sys=0.00, real=0.02 secs] 
2014-07-16T01:59:47.006+0000: 3559.109: [GC [PSYoungGen: 994006K->3314K(1173568K)] 1353268K->366394K(1672704K), 0.0334380 secs] [Times: user=0.13 sys=0.00, real=0.03 secs] 
2014-07-16T01:59:49.608+0000: 3561.711: [GC [PSYoungGen: 1173554K->7066K(1129728K)] 1536634K->370266K(1628864K), 0.0184850 secs] [Times: user=0.06 sys=0.00, real=0.02 secs] 
2014-07-16T01:59:52.118+0000: 3564.222: [GC [PSYoungGen: 1129690K->4732K(1082048K)] 1492890K->370368K(1581184K), 0.0135020 secs] [Times: user=0.05 sys=0.00, real=0.01 secs] 
2014-07-16T01:59:54.414+0000: 3566.517: [GC [PSYoungGen: 1082044K->6742K(1040960K)] 1447680K->372482K(1540096K), 0.0307070 secs] [Times: user=0.10 sys=0.00, real=0.03 secs] 
2014-07-16T01:59:56.706+0000: 3568.810: [GC [PSYoungGen: 1040874K->3490K(996608K)] 1406614K->372917K(1495744K), 0.0159280 secs] [Times: user=0.06 sys=0.00, real=0.01 secs] 
2014-07-16T01:59:58.890+0000: 3570.994: [GC [PSYoungGen: 996578K->6824K(1184256K)] 1366005K->376390K(1683392K), 0.0265100 secs] [Times: user=0.09 sys=0.00, real=0.03 secs] 
2014-07-16T02:00:01.453+0000: 3573.556: [GC [PSYoungGen: 1184222K->4654K(1134144K)] 1553787K->376656K(1633280K), 0.0174760 secs] [Times: user=0.07 sys=0.00, real=0.02 secs] 
2014-07-16T02:00:03.984+0000: 3576.088: [GC [PSYoungGen: 1134126K->6806K(1090688K)] 1506128K->378872K(1589824K), 0.0187100 secs] [Times: user=0.07 sys=0.00, real=0.01 secs] 
2014-07-16T02:00:06.342+0000: 3578.445: [GC [PSYoungGen: 1090646K->3490K(1043904K)] 1462712K->379153K(1543040K), 0.0154560 secs] [Times: user=0.06 sys=0.00, real=0.02 secs] 
2014-07-16T02:00:08.730+0000: 3580.834: [GC [PSYoungGen: 1043874K->6874K(1005952K)] 1419537K->382641K(1505088K), 0.0311750 secs] [Times: user=0.11 sys=0.00, real=0.03 secs] 
2014-07-16T02:00:10.900+0000: 3583.003: [GC [PSYoungGen: 1005914K->4604K(964288K)] 1381681K->382865K(1463424K), 0.0198500 secs] [Times: user=0.07 sys=0.00, real=0.02 secs] 
2014-07-16T02:00:12.991+0000: 3585.095: [GC [PSYoungGen: 964284K->7034K(929216K)] 1342545K->385401K(1428352K), 0.0197540 secs] [Times: user=0.07 sys=0.01, real=0.02 secs] 
2014-07-16T02:00:15.001+0000: 3587.104: [GC [PSYoungGen: 929210K->3240K(889728K)] 1307577K->385594K(1388864K), 0.0190690 secs] [Times: user=0.07 sys=0.00, real=0.02 secs] 
2014-07-16T02:00:16.943+0000: 3589.046: [GC [PSYoungGen: 889704K->7066K(859520K)] 1272058K->389508K(1358656K), 0.0143520 secs] [Times: user=0.04 sys=0.00, real=0.02 secs] 
2014-07-16T02:00:18.883+0000: 3590.986: [GC [PSYoungGen: 859482K->4540K(1016704K)] 1241924K->389659K(1515840K), 0.0345970 secs] [Times: user=0.12 sys=0.00, real=0.04 secs] 
2014-07-16T02:00:21.044+0000: 3593.148: [GC [PSYoungGen: 1016700K->6892K(979072K)] 1401819K->392131K(1478208K), 0.0078660 secs] [Times: user=0.02 sys=0.00, real=0.01 secs] 
2014-07-16T02:00:23.284+0000: 3595.387: [GC [PSYoungGen: 979052K->3426K(937536K)] 1364291K->392396K(1436672K), 0.0152520 secs] [Times: user=0.05 sys=0.00, real=0.02 secs] 
2014-07-16T02:00:25.326+0000: 3597.429: [GC [PSYoungGen: 937506K->6902K(1114176K)] 1326476K->396008K(1613312K), 0.0250950 secs] [Times: user=0.09 sys=0.00, real=0.03 secs] 
2014-07-16T02:00:27.839+0000: 3599.943: [GC [PSYoungGen: 1114166K->4540K(1067264K)] 1503272K->396218K(1566400K), 0.0141590 secs] [Times: user=0.04 sys=0.00, real=0.01 secs] 
2014-07-16T02:00:30.158+0000: 3602.261: [GC [PSYoungGen: 1067260K->6820K(1027136K)] 1458938K->398642K(1526272K), 0.0131780 secs] [Times: user=0.05 sys=0.01, real=0.01 secs] 
2014-07-16T02:00:32.365+0000: 3604.468: [GC [PSYoungGen: 1027012K->3508K(983424K)] 1418833K->398952K(1482560K), 0.0218550 secs] [Times: user=0.08 sys=0.00, real=0.02 secs] 
2014-07-16T02:00:34.518+0000: 3606.622: [GC [PSYoungGen: 983412K->7048K(948544K)] 1378856K->402540K(1447680K), 0.0066610 secs] [Times: user=0.02 sys=0.00, real=0.00 secs] 
2014-07-16T02:00:36.578+0000: 3608.682: [GC [PSYoungGen: 948488K->4284K(909120K)] 1343980K->402729K(1408256K), 0.0308610 secs] [Times: user=0.11 sys=0.00, real=0.04 secs] 
2014-07-16T02:00:38.560+0000: 3610.663: [GC [PSYoungGen: 909114K->6952K(876928K)] 1307559K->405551K(1376064K), 0.0154580 secs] [Times: user=0.05 sys=0.00, real=0.01 secs] 
2014-07-16T02:00:40.485+0000: 3612.589: [GC [PSYoungGen: 876904K->3626K(840384K)] 1275503K->405781K(1339520K), 0.0223380 secs] [Times: user=0.07 sys=0.00, real=0.02 secs] 
2014-07-16T02:00:42.310+0000: 3614.413: [GC [PSYoungGen: 840362K->6892K(811968K)] 1242517K->409104K(1311104K), 0.0070020 secs] [Times: user=0.02 sys=0.00, real=0.01 secs] 
2014-07-16T02:00:44.085+0000: 3616.189: [GC [PSYoungGen: 811948K->4348K(779200K)] 1214160K->409576K(1278336K), 0.0139240 secs] [Times: user=0.05 sys=0.00, real=0.01 secs] 
2014-07-16T02:00:45.778+0000: 3617.882: [GC [PSYoungGen: 779196K->6852K(926016K)] 1184424K->412312K(1425152K), 0.0277980 secs] [Times: user=0.10 sys=0.00, real=0.03 secs] 
2014-07-16T02:00:47.846+0000: 3619.949: [GC [PSYoungGen: 925956K->3756K(1093760K)] 1331416K->412294K(1592896K), 0.0189500 secs] [Times: user=0.07 sys=0.00, real=0.02 secs] 
2014-07-16T02:00:50.187+0000: 3622.291: [GC [PSYoungGen: 1093740K->7266K(1300928K)] 1502278K->415852K(1800064K), 0.0301940 secs] [Times: user=0.08 sys=0.00, real=0.03 secs] 
Heap
 PSYoungGen      total 1300928K, used 1227015K [0x0000000755560000, 0x00000007c1130000, 0x0000000800000000)
  eden space 1293632K, 94% used [0x0000000755560000,0x000000079fc890c8,0x00000007a44b0000)
  from space 7296K, 99% used [0x00000007c0630000,0x00000007c0d48b48,0x00000007c0d50000)
  to   space 3968K, 0% used [0x00000007c0d50000,0x00000007c0d50000,0x00000007c1130000)
 ParOldGen       total 499136K, used 408585K [0x0000000600000000, 0x000000061e770000, 0x0000000755560000)
  object space 499136K, 81% used [0x0000000600000000,0x0000000618f02608,0x000000061e770000)
 PSPermGen       total 21504K, used 11304K [0x00000005f5a00000, 0x00000005f6f00000, 0x0000000600000000)
  object space 21504K, 52% used [0x00000005f5a00000,0x00000005f650a3d8,0x00000005f6f00000)
