2014-07-16T02:15:49.735+0000: 24.274: [GC [PSYoungGen: 257728K->42848K(300608K)] 257728K->57718K(987584K), 0.0856300 secs] [Times: user=0.29 sys=0.02, real=0.09 secs] 
2014-07-16T02:15:50.008+0000: 24.547: [GC [PSYoungGen: 300576K->42854K(300608K)] 315446K->64005K(987584K), 0.0584340 secs] [Times: user=0.19 sys=0.03, real=0.05 secs] 
2014-07-16T02:15:51.654+0000: 26.193: [GC [PSYoungGen: 300582K->42848K(300608K)] 321733K->64391K(987584K), 0.0542140 secs] [Times: user=0.18 sys=0.00, real=0.06 secs] 
2014-07-16T02:15:53.147+0000: 27.686: [GC [PSYoungGen: 300576K->42854K(558336K)] 322119K->64677K(1245312K), 0.0394390 secs] [Times: user=0.13 sys=0.03, real=0.04 secs] 
2014-07-16T02:15:55.706+0000: 30.245: [GC [PSYoungGen: 558310K->42870K(558336K)] 580133K->65182K(1245312K), 0.0450070 secs] [Times: user=0.15 sys=0.03, real=0.05 secs] 
2014-07-16T02:15:58.405+0000: 32.944: [GC [PSYoungGen: 558326K->43158K(1088512K)] 580638K->65469K(1775488K), 0.0855620 secs] [Times: user=0.30 sys=0.03, real=0.09 secs] 
2014-07-16T02:16:03.390+0000: 37.929: [GC [PSYoungGen: 1074070K->2272K(1089472K)] 1096381K->65733K(1776448K), 0.0531590 secs] [Times: user=0.17 sys=0.04, real=0.05 secs] 
2014-07-16T02:16:07.159+0000: 41.698: [GC [PSYoungGen: 1033184K->3168K(2124416K)] 1096645K->66989K(2811392K), 0.0089670 secs] [Times: user=0.02 sys=0.00, real=0.01 secs] 
2014-07-16T02:16:14.639+0000: 49.178: [GC [PSYoungGen: 2060832K->2180K(2128576K)] 2124653K->66305K(2815552K), 0.0068890 secs] [Times: user=0.02 sys=0.00, real=0.01 secs] 
2014-07-16T02:16:22.094+0000: 56.633: [GC [PSYoungGen: 2059844K->2198K(2720832K)] 2123969K->66939K(3407808K), 0.0089090 secs] [Times: user=0.03 sys=0.01, real=0.01 secs] 
2014-07-16T02:16:31.823+0000: 66.362: [GC [PSYoungGen: 2649750K->1618K(2649216K)] 2714491K->67247K(3336192K), 0.0084710 secs] [Times: user=0.04 sys=0.00, real=0.01 secs] 
2014-07-16T02:16:41.004+0000: 75.543: [GC [PSYoungGen: 2649170K->1700K(2722240K)] 2714799K->67809K(3409216K), 0.0072760 secs] [Times: user=0.02 sys=0.00, real=0.01 secs] 
2014-07-16T02:16:49.601+0000: 84.140: [GC [PSYoungGen: 2649444K->1586K(2528704K)] 2715553K->68263K(3215680K), 0.0058850 secs] [Times: user=0.02 sys=0.00, real=0.00 secs] 
2014-07-16T02:16:57.380+0000: 91.918: [GC [PSYoungGen: 2528690K->1682K(2414208K)] 2595367K->68807K(3101184K), 0.0054960 secs] [Times: user=0.01 sys=0.00, real=0.00 secs] 
2014-07-16T02:17:04.718+0000: 99.257: [GC [PSYoungGen: 2414162K->1938K(2374592K)] 2481287K->69631K(3061568K), 0.0438390 secs] [Times: user=0.17 sys=0.00, real=0.05 secs] 
2014-07-16T02:17:11.145+0000: 105.684: [GC [PSYoungGen: 2305490K->1458K(2201472K)] 2373183K->69567K(2888448K), 0.0297990 secs] [Times: user=0.10 sys=0.01, real=0.03 secs] 
2014-07-16T02:17:17.251+0000: 111.790: [GC [PSYoungGen: 2201458K->992K(2168256K)] 2269567K->69613K(2855232K), 0.0049200 secs] [Times: user=0.02 sys=0.00, real=0.00 secs] 
2014-07-16T02:17:22.597+0000: 117.136: [GC [PSYoungGen: 2102560K->768K(2008768K)] 2171181K->69813K(2695744K), 0.0229450 secs] [Times: user=0.07 sys=0.01, real=0.02 secs] 
2014-07-16T02:17:27.476+0000: 122.015: [GC [PSYoungGen: 2008768K->1010K(1980736K)] 2077813K->70359K(2667712K), 0.0071980 secs] [Times: user=0.02 sys=0.00, real=0.01 secs] 
2014-07-16T02:17:32.013+0000: 126.552: [GC [PSYoungGen: 1920050K->644K(1835200K)] 1989399K->70241K(2522176K), 0.0120660 secs] [Times: user=0.03 sys=0.01, real=0.01 secs] 
2014-07-16T02:17:36.227+0000: 130.766: [GC [PSYoungGen: 1835140K->676K(1810368K)] 1904737K->70449K(2497344K), 0.0052240 secs] [Times: user=0.02 sys=0.00, real=0.00 secs] 
2014-07-16T02:17:40.101+0000: 134.640: [GC [PSYoungGen: 1754788K->416K(1678144K)] 1824561K->70453K(2365120K), 0.0099580 secs] [Times: user=0.02 sys=0.00, real=0.01 secs] 
2014-07-16T02:17:43.835+0000: 138.374: [GC [PSYoungGen: 1678112K->1348K(1655744K)] 1748149K->71513K(2342720K), 0.0301970 secs] [Times: user=0.11 sys=0.00, real=0.03 secs] 
2014-07-16T02:17:47.193+0000: 141.732: [GC [PSYoungGen: 1606340K->452K(1536384K)] 1676505K->70841K(2223360K), 0.0142210 secs] [Times: user=0.03 sys=0.01, real=0.02 secs] 
2014-07-16T02:17:50.475+0000: 145.014: [GC [PSYoungGen: 1536324K->466K(1515392K)] 1606713K->70999K(2202368K), 0.0052940 secs] [Times: user=0.01 sys=0.00, real=0.01 secs] 
2014-07-16T02:17:53.587+0000: 148.126: [GC [PSYoungGen: 1470610K->320K(1407936K)] 1541143K->71013K(2094912K), 0.0079010 secs] [Times: user=0.01 sys=0.00, real=0.00 secs] 
2014-07-16T02:17:56.597+0000: 151.136: [GC [PSYoungGen: 1407936K->384K(1388352K)] 1478629K->71253K(2075328K), 0.0128000 secs] [Times: user=0.04 sys=0.00, real=0.01 secs] 
2014-07-16T02:17:59.477+0000: 154.016: [GC [PSYoungGen: 1348544K->352K(1291968K)] 1419413K->71389K(1978944K), 0.0198310 secs] [Times: user=0.05 sys=0.00, real=0.02 secs] 
2014-07-16T02:18:02.225+0000: 156.764: [GC [PSYoungGen: 1291936K->480K(1273152K)] 1362973K->71629K(1960128K), 0.0123210 secs] [Times: user=0.04 sys=0.00, real=0.01 secs] 
2014-07-16T02:18:04.870+0000: 159.409: [GC [PSYoungGen: 1238232K->498K(1187072K)] 1309382K->71815K(1874048K), 0.0109200 secs] [Times: user=0.01 sys=0.00, real=0.01 secs] 
2014-07-16T02:18:07.396+0000: 161.935: [GC [PSYoungGen: 1187058K->580K(1168832K)] 1258375K->72057K(1855808K), 0.0048020 secs] [Times: user=0.01 sys=0.00, real=0.01 secs] 
2014-07-16T02:18:09.851+0000: 164.390: [GC [PSYoungGen: 1138436K->256K(1091776K)] 1209913K->71837K(1778752K), 0.0082270 secs] [Times: user=0.02 sys=0.00, real=0.01 secs] 
2014-07-16T02:18:12.175+0000: 166.714: [GC [PSYoungGen: 1091776K->978K(1074432K)] 1163357K->72663K(1761408K), 0.0079760 secs] [Times: user=0.03 sys=0.00, real=0.01 secs] 
2014-07-16T02:18:14.429+0000: 168.968: [GC [PSYoungGen: 1048402K->530K(1006016K)] 1120087K->72351K(1692992K), 0.0090100 secs] [Times: user=0.01 sys=0.01, real=0.01 secs] 
2014-07-16T02:18:16.563+0000: 171.102: [GC [PSYoungGen: 1005970K->480K(988800K)] 1077791K->72429K(1675776K), 0.0106270 secs] [Times: user=0.03 sys=0.00, real=0.01 secs] 
2014-07-16T02:18:18.605+0000: 173.144: [GC [PSYoungGen: 965920K->274K(927680K)] 1037869K->72319K(1614656K), 0.0093980 secs] [Times: user=0.02 sys=0.01, real=0.01 secs] 
2014-07-16T02:18:20.651+0000: 175.190: [GC [PSYoungGen: 927626K->552K(911360K)] 999671K->72653K(1598336K), 0.0073840 secs] [Times: user=0.03 sys=0.00, real=0.00 secs] 
2014-07-16T02:18:22.560+0000: 177.099: [GC [PSYoungGen: 891688K->914K(857536K)] 963789K->73159K(1544512K), 0.0129730 secs] [Times: user=0.02 sys=0.00, real=0.02 secs] 
2014-07-16T02:18:24.442+0000: 178.981: [GC [PSYoungGen: 857490K->1170K(841024K)] 929735K->73519K(1528000K), 0.0113330 secs] [Times: user=0.04 sys=0.00, real=0.01 secs] 
2014-07-16T02:18:26.145+0000: 180.684: [GC [PSYoungGen: 824850K->690K(793024K)] 897199K->73143K(1480000K), 0.0088910 secs] [Times: user=0.01 sys=0.00, real=0.01 secs] 
2014-07-16T02:18:27.831+0000: 182.370: [GC [PSYoungGen: 793010K->192K(777280K)] 865463K->72725K(1464256K), 0.0075430 secs] [Times: user=0.03 sys=0.00, real=0.01 secs] 
2014-07-16T02:18:29.516+0000: 184.055: [GC [PSYoungGen: 762624K->1170K(735168K)] 835157K->73799K(1422144K), 0.0091930 secs] [Times: user=0.02 sys=0.01, real=0.01 secs] 
2014-07-16T02:18:31.035+0000: 185.574: [GC [PSYoungGen: 735122K->886K(707712K)] 807751K->73595K(1394688K), 0.0045880 secs] [Times: user=0.02 sys=0.00, real=0.00 secs] 
2014-07-16T02:18:32.523+0000: 187.062: [GC [PSYoungGen: 707702K->224K(681216K)] 780411K->73021K(1368192K), 0.0152870 secs] [Times: user=0.04 sys=0.00, real=0.01 secs] 
2014-07-16T02:18:33.981+0000: 188.520: [GC [PSYoungGen: 681184K->448K(667328K)] 753981K->73341K(1354304K), 0.0254420 secs] [Times: user=0.09 sys=0.00, real=0.03 secs] 
2014-07-16T02:18:35.376+0000: 189.915: [GC [PSYoungGen: 656768K->434K(633216K)] 729661K->73431K(1320192K), 0.0213590 secs] [Times: user=0.06 sys=0.01, real=0.02 secs] 
2014-07-16T02:18:36.732+0000: 191.271: [GC [PSYoungGen: 633202K->416K(619776K)] 706199K->73485K(1306752K), 0.0046860 secs] [Times: user=0.01 sys=0.01, real=0.01 secs] 
2014-07-16T02:18:38.047+0000: 192.586: [GC [PSYoungGen: 610720K->722K(589632K)] 683789K->73871K(1276608K), 0.0076220 secs] [Times: user=0.01 sys=0.01, real=0.01 secs] 
2014-07-16T02:18:39.282+0000: 193.821: [GC [PSYoungGen: 589549K->388K(568896K)] 662699K->73585K(1255872K), 0.0068490 secs] [Times: user=0.02 sys=0.00, real=0.01 secs] 
2014-07-16T02:18:40.529+0000: 195.068: [GC [PSYoungGen: 568836K->288K(549248K)] 642033K->73525K(1236224K), 0.0089200 secs] [Times: user=0.02 sys=0.00, real=0.01 secs] 
2014-07-16T02:18:41.699+0000: 196.238: [GC [PSYoungGen: 549216K->256K(537344K)] 622453K->73613K(1224320K), 0.0149090 secs] [Times: user=0.06 sys=0.00, real=0.02 secs] 
2014-07-16T02:18:42.842+0000: 197.381: [GC [PSYoungGen: 530560K->616K(513152K)] 603917K->74053K(1200128K), 0.0075680 secs] [Times: user=0.02 sys=0.00, real=0.01 secs] 
2014-07-16T02:18:43.921+0000: 198.460: [GC [PSYoungGen: 513128K->192K(495680K)] 586565K->73677K(1182656K), 0.0083730 secs] [Times: user=0.02 sys=0.00, real=0.01 secs] 
2014-07-16T02:18:45.018+0000: 199.557: [GC [PSYoungGen: 495680K->320K(479552K)] 569165K->73861K(1166528K), 0.0049630 secs] [Times: user=0.01 sys=0.00, real=0.00 secs] 
2014-07-16T02:18:46.004+0000: 200.543: [GC [PSYoungGen: 479552K->420K(468928K)] 553093K->74033K(1155904K), 0.0066660 secs] [Times: user=0.01 sys=0.00, real=0.00 secs] 
2014-07-16T02:18:46.996+0000: 201.535: [GC [PSYoungGen: 464100K->416K(449280K)] 537713K->74093K(1136256K), 0.0047250 secs] [Times: user=0.01 sys=0.00, real=0.00 secs] 
2014-07-16T02:18:47.951+0000: 202.490: [GC [PSYoungGen: 449248K->452K(435136K)] 522925K->74161K(1122112K), 0.0039750 secs] [Times: user=0.01 sys=0.00, real=0.00 secs] 
2014-07-16T02:18:48.871+0000: 203.410: [GC [PSYoungGen: 435076K->224K(421248K)] 508785K->73965K(1108224K), 0.0197630 secs] [Times: user=0.07 sys=0.00, real=0.02 secs] 
2014-07-16T02:18:49.824+0000: 204.363: [GC [PSYoungGen: 421216K->758K(509120K)] 494957K->74539K(1196096K), 0.0237360 secs] [Times: user=0.09 sys=0.00, real=0.03 secs] 
2014-07-16T02:18:50.846+0000: 205.385: [GC [PSYoungGen: 505974K->256K(606528K)] 579755K->74093K(1293504K), 0.0206050 secs] [Times: user=0.06 sys=0.00, real=0.02 secs] 
2014-07-16T02:18:52.142+0000: 206.681: [GC [PSYoungGen: 606528K->448K(730944K)] 680365K->74365K(1417920K), 0.0046410 secs] [Times: user=0.01 sys=0.00, real=0.01 secs] 
2014-07-16T02:18:53.683+0000: 208.222: [GC [PSYoungGen: 728000K->352K(873472K)] 801917K->74349K(1560448K), 0.0081290 secs] [Times: user=0.01 sys=0.00, real=0.01 secs] 
2014-07-16T02:18:55.608+0000: 210.147: [GC [PSYoungGen: 873440K->530K(840000K)] 947437K->74591K(1526976K), 0.0046390 secs] [Times: user=0.01 sys=0.01, real=0.00 secs] 
2014-07-16T02:18:57.402+0000: 211.941: [GC [PSYoungGen: 839938K->438K(807808K)] 913999K->74635K(1494784K), 0.0056420 secs] [Times: user=0.01 sys=0.00, real=0.01 secs] 
2014-07-16T02:18:59.126+0000: 213.665: [GC [PSYoungGen: 807795K->288K(777088K)] 881992K->74573K(1464064K), 0.0234600 secs] [Times: user=0.08 sys=0.00, real=0.02 secs] 
2014-07-16T02:19:00.808+0000: 215.347: [GC [PSYoungGen: 777041K->570K(748224K)] 851327K->74919K(1435200K), 0.0089000 secs] [Times: user=0.03 sys=0.00, real=0.01 secs] 
2014-07-16T02:19:02.401+0000: 216.940: [GC [PSYoungGen: 748218K->434K(720320K)] 822567K->74927K(1407296K), 0.0049100 secs] [Times: user=0.02 sys=0.00, real=0.00 secs] 
2014-07-16T02:19:03.935+0000: 218.474: [GC [PSYoungGen: 720306K->804K(694208K)] 794799K->75393K(1381184K), 0.0076180 secs] [Times: user=0.01 sys=0.00, real=0.01 secs] 
2014-07-16T02:19:05.443+0000: 219.982: [GC [PSYoungGen: 694180K->370K(668544K)] 768769K->75031K(1355520K), 0.0058530 secs] [Times: user=0.01 sys=0.01, real=0.01 secs] 
2014-07-16T02:19:06.874+0000: 221.413: [GC [PSYoungGen: 668530K->402K(644544K)] 743191K->75183K(1331520K), 0.0092700 secs] [Times: user=0.04 sys=0.00, real=0.01 secs] 
2014-07-16T02:19:08.251+0000: 222.790: [GC [PSYoungGen: 644498K->192K(621312K)] 719279K->75037K(1308288K), 0.0039100 secs] [Times: user=0.01 sys=0.01, real=0.00 secs] 
2014-07-16T02:19:09.569+0000: 224.108: [GC [PSYoungGen: 621312K->228K(599488K)] 696157K->75129K(1286464K), 0.0141980 secs] [Times: user=0.05 sys=0.01, real=0.01 secs] 
2014-07-16T02:19:10.888+0000: 225.427: [GC [PSYoungGen: 599460K->520K(578880K)] 674361K->75453K(1265856K), 0.0045190 secs] [Times: user=0.01 sys=0.00, real=0.01 secs] 
2014-07-16T02:19:12.119+0000: 226.658: [GC [PSYoungGen: 578824K->224K(558592K)] 653757K->75261K(1245568K), 0.0140690 secs] [Times: user=0.05 sys=0.00, real=0.01 secs] 
2014-07-16T02:19:13.305+0000: 227.844: [GC [PSYoungGen: 558556K->224K(539520K)] 633593K->75341K(1226496K), 0.0090690 secs] [Times: user=0.03 sys=0.00, real=0.01 secs] 
2014-07-16T02:19:14.457+0000: 228.996: [GC [PSYoungGen: 539488K->192K(521216K)] 614605K->75365K(1208192K), 0.0037170 secs] [Times: user=0.01 sys=0.00, real=0.01 secs] 
2014-07-16T02:19:15.599+0000: 230.138: [GC [PSYoungGen: 521216K->192K(503808K)] 596389K->75429K(1190784K), 0.0095430 secs] [Times: user=0.03 sys=0.00, real=0.00 secs] 
2014-07-16T02:19:16.684+0000: 231.223: [GC [PSYoungGen: 503808K->818K(487808K)] 579045K->76159K(1174784K), 0.0144440 secs] [Times: user=0.04 sys=0.00, real=0.01 secs] 
2014-07-16T02:19:17.706+0000: 232.245: [GC [PSYoungGen: 487794K->224K(471360K)] 563135K->75597K(1158336K), 0.0112730 secs] [Times: user=0.04 sys=0.00, real=0.01 secs] 
2014-07-16T02:19:18.734+0000: 233.273: [GC [PSYoungGen: 471328K->192K(456128K)] 546701K->75589K(1143104K), 0.0052850 secs] [Times: user=0.01 sys=0.00, real=0.01 secs] 
2014-07-16T02:19:19.703+0000: 234.242: [GC [PSYoungGen: 456128K->128K(441536K)] 531525K->75581K(1128512K), 0.0055120 secs] [Times: user=0.01 sys=0.00, real=0.00 secs] 
2014-07-16T02:19:20.653+0000: 235.192: [GC [PSYoungGen: 441536K->288K(427840K)] 516989K->75757K(1114816K), 0.0045440 secs] [Times: user=0.01 sys=0.00, real=0.00 secs] 
2014-07-16T02:19:21.572+0000: 236.111: [GC [PSYoungGen: 427715K->580K(414848K)] 503185K->76129K(1101824K), 0.0061690 secs] [Times: user=0.01 sys=0.00, real=0.00 secs] 
2014-07-16T02:19:22.452+0000: 236.991: [GC [PSYoungGen: 414788K->192K(401664K)] 490337K->75789K(1088640K), 0.0047830 secs] [Times: user=0.01 sys=0.00, real=0.00 secs] 
2014-07-16T02:19:23.310+0000: 237.849: [GC [PSYoungGen: 401664K->498K(389760K)] 477261K->76143K(1076736K), 0.0098460 secs] [Times: user=0.04 sys=0.00, real=0.01 secs] 
2014-07-16T02:19:24.148+0000: 238.687: [GC [PSYoungGen: 389746K->498K(378112K)] 465391K->76175K(1065088K), 0.0044550 secs] [Times: user=0.01 sys=0.00, real=0.01 secs] 
2014-07-16T02:19:24.938+0000: 239.477: [GC [PSYoungGen: 378098K->224K(366656K)] 453775K->75949K(1053632K), 0.0030600 secs] [Times: user=0.01 sys=0.00, real=0.01 secs] 
2014-07-16T02:19:25.777+0000: 240.316: [GC [PSYoungGen: 366624K->370K(356032K)] 442349K->76151K(1043008K), 0.0072990 secs] [Times: user=0.02 sys=0.01, real=0.01 secs] 
2014-07-16T02:19:26.556+0000: 241.095: [GC [PSYoungGen: 356018K->612K(345984K)] 431799K->76473K(1032960K), 0.0044290 secs] [Times: user=0.02 sys=0.01, real=0.01 secs] 
2014-07-16T02:19:27.278+0000: 241.817: [GC [PSYoungGen: 345954K->498K(414976K)] 421816K->76423K(1101952K), 0.0301950 secs] [Times: user=0.11 sys=0.01, real=0.03 secs] 
2014-07-16T02:19:28.176+0000: 242.715: [GC [PSYoungGen: 414962K->288K(497728K)] 490887K->76253K(1184704K), 0.0063190 secs] [Times: user=0.01 sys=0.00, real=0.01 secs] 
2014-07-16T02:19:29.270+0000: 243.809: [GC [PSYoungGen: 497696K->288K(597248K)] 573661K->76301K(1284224K), 0.0078880 secs] [Times: user=0.03 sys=0.00, real=0.01 secs] 
2014-07-16T02:19:30.581+0000: 245.119: [GC [PSYoungGen: 597181K->406K(576576K)] 673195K->76499K(1263552K), 0.0041840 secs] [Times: user=0.01 sys=0.00, real=0.01 secs] 
2014-07-16T02:19:31.798+0000: 246.337: [GC [PSYoungGen: 576528K->420K(556736K)] 652621K->76617K(1243712K), 0.0056240 secs] [Times: user=0.01 sys=0.01, real=0.01 secs] 
2014-07-16T02:19:32.988+0000: 247.527: [GC [PSYoungGen: 556645K->160K(537472K)] 632843K->76429K(1224448K), 0.0095700 secs] [Times: user=0.04 sys=0.00, real=0.01 secs] 
2014-07-16T02:19:34.142+0000: 248.680: [GC [PSYoungGen: 537405K->292K(519488K)] 613675K->76633K(1206464K), 0.0059930 secs] [Times: user=0.02 sys=0.00, real=0.01 secs] 
2014-07-16T02:19:35.237+0000: 249.775: [GC [PSYoungGen: 519460K->320K(502144K)] 595801K->76725K(1189120K), 0.0062830 secs] [Times: user=0.01 sys=0.00, real=0.01 secs] 
2014-07-16T02:19:36.332+0000: 250.871: [GC [PSYoungGen: 502144K->484K(485760K)] 578549K->76945K(1172736K), 0.0030430 secs] [Times: user=0.01 sys=0.01, real=0.00 secs] 
2014-07-16T02:19:37.365+0000: 251.904: [GC [PSYoungGen: 485732K->320K(469760K)] 562193K->76869K(1156736K), 0.0112580 secs] [Times: user=0.04 sys=0.01, real=0.01 secs] 
2014-07-16T02:19:38.370+0000: 252.909: [GC [PSYoungGen: 469760K->288K(454656K)] 546309K->76901K(1141632K), 0.0048680 secs] [Times: user=0.01 sys=0.00, real=0.01 secs] 
2014-07-16T02:19:39.361+0000: 253.900: [GC [PSYoungGen: 454624K->320K(440192K)] 531237K->76957K(1127168K), 0.0040270 secs] [Times: user=0.01 sys=0.00, real=0.01 secs] 
2014-07-16T02:19:40.297+0000: 254.836: [GC [PSYoungGen: 440192K->192K(528064K)] 516829K->76893K(1215040K), 0.0255990 secs] [Times: user=0.09 sys=0.00, real=0.03 secs] 
2014-07-16T02:19:41.441+0000: 255.980: [GC [PSYoungGen: 528064K->256K(510400K)] 604765K->77005K(1197376K), 0.0043660 secs] [Times: user=0.01 sys=0.00, real=0.01 secs] 
2014-07-16T02:19:42.531+0000: 257.070: [GC [PSYoungGen: 510400K->320K(493568K)] 587149K->77173K(1180544K), 0.0041850 secs] [Times: user=0.01 sys=0.00, real=0.01 secs] 
2014-07-16T02:19:43.578+0000: 258.117: [GC [PSYoungGen: 493532K->256K(477312K)] 570386K->77157K(1164288K), 0.0111840 secs] [Times: user=0.04 sys=0.00, real=0.01 secs] 
2014-07-16T02:19:44.597+0000: 259.135: [GC [PSYoungGen: 477312K->288K(461952K)] 554213K->77245K(1148928K), 0.0057350 secs] [Times: user=0.01 sys=0.00, real=0.00 secs] 
2014-07-16T02:19:45.634+0000: 260.173: [GC [PSYoungGen: 461920K->548K(447424K)] 538877K->78121K(1134400K), 0.0039060 secs] [Times: user=0.01 sys=0.00, real=0.00 secs] 
2014-07-16T02:19:46.537+0000: 261.076: [GC [PSYoungGen: 447396K->320K(433024K)] 524969K->78085K(1120000K), 0.0055510 secs] [Times: user=0.01 sys=0.00, real=0.00 secs] 
2014-07-16T02:19:47.447+0000: 261.985: [GC [PSYoungGen: 433024K->434K(419648K)] 510789K->78399K(1106624K), 0.0069530 secs] [Times: user=0.01 sys=0.00, real=0.00 secs] 
2014-07-16T02:19:48.334+0000: 262.873: [GC [PSYoungGen: 419634K->356K(406656K)] 497599K->78385K(1093632K), 0.0080270 secs] [Times: user=0.03 sys=0.00, real=0.00 secs] 
2014-07-16T02:19:49.211+0000: 263.750: [GC [PSYoungGen: 406628K->210K(394112K)] 484657K->78287K(1081088K), 0.0061490 secs] [Times: user=0.02 sys=0.00, real=0.01 secs] 
2014-07-16T02:19:50.072+0000: 264.610: [GC [PSYoungGen: 394066K->402K(382464K)] 472143K->78519K(1069440K), 0.0055340 secs] [Times: user=0.00 sys=0.00, real=0.01 secs] 
2014-07-16T02:19:50.957+0000: 265.496: [GC [PSYoungGen: 382418K->484K(371136K)] 460535K->78641K(1058112K), 0.0046520 secs] [Times: user=0.00 sys=0.01, real=0.00 secs] 
2014-07-16T02:19:51.689+0000: 266.228: [GC [PSYoungGen: 371088K->448K(360192K)] 449245K->78725K(1047168K), 0.0123470 secs] [Times: user=0.05 sys=0.00, real=0.01 secs] 
2014-07-16T02:19:52.447+0000: 266.986: [GC [PSYoungGen: 360192K->192K(349504K)] 438469K->78517K(1036480K), 0.0083410 secs] [Times: user=0.03 sys=0.00, real=0.01 secs] 
2014-07-16T02:19:53.188+0000: 267.727: [GC [PSYoungGen: 349504K->292K(339584K)] 427829K->78665K(1026560K), 0.0038850 secs] [Times: user=0.01 sys=0.00, real=0.00 secs] 
2014-07-16T02:19:53.912+0000: 268.451: [GC [PSYoungGen: 339556K->192K(329856K)] 417929K->78589K(1016832K), 0.0030730 secs] [Times: user=0.01 sys=0.00, real=0.01 secs] 
2014-07-16T02:19:54.613+0000: 269.152: [GC [PSYoungGen: 329851K->452K(396160K)] 408248K->78881K(1083136K), 0.0272770 secs] [Times: user=0.10 sys=0.00, real=0.03 secs] 
2014-07-16T02:19:55.455+0000: 269.993: [GC [PSYoungGen: 396100K->320K(475136K)] 474529K->78781K(1162112K), 0.0081100 secs] [Times: user=0.01 sys=0.00, real=0.01 secs] 
2014-07-16T02:19:56.477+0000: 271.016: [GC [PSYoungGen: 475136K->370K(570176K)] 553597K->78911K(1257152K), 0.0066290 secs] [Times: user=0.03 sys=0.00, real=0.00 secs] 
2014-07-16T02:19:57.695+0000: 272.234: [GC [PSYoungGen: 570162K->224K(684032K)] 648703K->78845K(1371008K), 0.0105170 secs] [Times: user=0.03 sys=0.01, real=0.01 secs] 
2014-07-16T02:19:59.158+0000: 273.697: [GC [PSYoungGen: 684000K->402K(659456K)] 762621K->79063K(1346432K), 0.0077110 secs] [Times: user=0.03 sys=0.00, real=0.01 secs] 
2014-07-16T02:20:00.571+0000: 275.110: [GC [PSYoungGen: 659410K->352K(635712K)] 738071K->79069K(1322688K), 0.0111610 secs] [Times: user=0.03 sys=0.00, real=0.01 secs] 
2014-07-16T02:20:01.941+0000: 276.480: [GC [PSYoungGen: 635680K->288K(613056K)] 714397K->79085K(1300032K), 0.0085320 secs] [Times: user=0.03 sys=0.00, real=0.01 secs] 
2014-07-16T02:20:03.249+0000: 277.788: [GC [PSYoungGen: 613024K->224K(591488K)] 691821K->79141K(1278464K), 0.0129030 secs] [Times: user=0.04 sys=0.01, real=0.01 secs] 
2014-07-16T02:20:04.519+0000: 279.058: [GC [PSYoungGen: 591456K->306K(709824K)] 670373K->79303K(1396800K), 0.0403320 secs] [Times: user=0.15 sys=0.00, real=0.04 secs] 
2014-07-16T02:20:06.086+0000: 280.625: [GC [PSYoungGen: 709809K->576K(852032K)] 788807K->79837K(1539008K), 0.0082150 secs] [Times: user=0.02 sys=0.01, real=0.01 secs] 
2014-07-16T02:20:07.908+0000: 282.447: [GC [PSYoungGen: 852031K->224K(819072K)] 931293K->79581K(1506048K), 0.0038940 secs] [Times: user=0.01 sys=0.00, real=0.00 secs] 
2014-07-16T02:20:09.650+0000: 284.189: [GC [PSYoungGen: 819040K->594K(788352K)] 898397K->80103K(1475328K), 0.0119510 secs] [Times: user=0.04 sys=0.00, real=0.01 secs] 
2014-07-16T02:20:11.354+0000: 285.893: [GC [PSYoungGen: 788274K->548K(758656K)] 867784K->80121K(1445632K), 0.0124210 secs] [Times: user=0.05 sys=0.00, real=0.01 secs] 
2014-07-16T02:20:12.985+0000: 287.524: [GC [PSYoungGen: 758628K->698K(730560K)] 838201K->80399K(1417536K), 0.0053140 secs] [Times: user=0.01 sys=0.00, real=0.01 secs] 
2014-07-16T02:20:14.536+0000: 289.075: [GC [PSYoungGen: 730554K->320K(703232K)] 810255K->80109K(1390208K), 0.0067150 secs] [Times: user=0.01 sys=0.00, real=0.01 secs] 
2014-07-16T02:20:16.083+0000: 290.622: [GC [PSYoungGen: 703232K->882K(678144K)] 783021K->81091K(1365120K), 0.0315850 secs] [Times: user=0.10 sys=0.00, real=0.03 secs] 
2014-07-16T02:20:17.503+0000: 292.042: [GC [PSYoungGen: 678037K->452K(653248K)] 758247K->80733K(1340224K), 0.0055250 secs] [Times: user=0.01 sys=0.00, real=0.01 secs] 
2014-07-16T02:20:18.895+0000: 293.434: [GC [PSYoungGen: 653187K->192K(629568K)] 733469K->80593K(1316544K), 0.0045590 secs] [Times: user=0.01 sys=0.00, real=0.01 secs] 
2014-07-16T02:20:20.237+0000: 294.776: [GC [PSYoungGen: 629568K->530K(607680K)] 709969K->80963K(1294656K), 0.0058010 secs] [Times: user=0.01 sys=0.00, real=0.01 secs] 
2014-07-16T02:20:21.567+0000: 296.106: [GC [PSYoungGen: 607632K->288K(586176K)] 688066K->80785K(1273152K), 0.0032610 secs] [Times: user=0.01 sys=0.00, real=0.01 secs] 
2014-07-16T02:20:22.811+0000: 297.350: [GC [PSYoungGen: 586144K->160K(565760K)] 666641K->80777K(1252736K), 0.0043030 secs] [Times: user=0.02 sys=0.00, real=0.00 secs] 
2014-07-16T02:20:24.018+0000: 298.557: [GC [PSYoungGen: 565728K->210K(546432K)] 646345K->80875K(1233408K), 0.0035240 secs] [Times: user=0.01 sys=0.00, real=0.01 secs] 
2014-07-16T02:20:25.199+0000: 299.738: [GC [PSYoungGen: 546305K->466K(528192K)] 626970K->81195K(1215168K), 0.0137790 secs] [Times: user=0.05 sys=0.00, real=0.01 secs] 
2014-07-16T02:20:26.359+0000: 300.898: [GC [PSYoungGen: 528146K->452K(510528K)] 608875K->81261K(1197504K), 0.0142380 secs] [Times: user=0.05 sys=0.00, real=0.01 secs] 
2014-07-16T02:20:27.448+0000: 301.987: [GC [PSYoungGen: 510468K->306K(493440K)] 591277K->81195K(1180416K), 0.0042890 secs] [Times: user=0.00 sys=0.00, real=0.01 secs] 
2014-07-16T02:20:28.514+0000: 303.053: [GC [PSYoungGen: 493426K->484K(477440K)] 574315K->81421K(1164416K), 0.0103620 secs] [Times: user=0.04 sys=0.00, real=0.01 secs] 
2014-07-16T02:20:29.530+0000: 304.069: [GC [PSYoungGen: 477412K->320K(461824K)] 558349K->81297K(1148800K), 0.0070930 secs] [Times: user=0.01 sys=0.00, real=0.00 secs] 
2014-07-16T02:20:30.546+0000: 305.085: [GC [PSYoungGen: 461824K->818K(447552K)] 542801K->81827K(1134528K), 0.0076770 secs] [Times: user=0.01 sys=0.00, real=0.01 secs] 
2014-07-16T02:20:31.537+0000: 306.076: [GC [PSYoungGen: 447538K->416K(536512K)] 528547K->81521K(1223488K), 0.0201020 secs] [Times: user=0.06 sys=0.00, real=0.02 secs] 
2014-07-16T02:20:32.669+0000: 307.208: [GC [PSYoungGen: 536480K->224K(518272K)] 617585K->81425K(1205248K), 0.0057250 secs] [Times: user=0.01 sys=0.00, real=0.01 secs] 
2014-07-16T02:20:33.770+0000: 308.309: [GC [PSYoungGen: 518240K->128K(500864K)] 599441K->81385K(1187840K), 0.0043120 secs] [Times: user=0.01 sys=0.00, real=0.01 secs] 
2014-07-16T02:20:34.842+0000: 309.381: [GC [PSYoungGen: 500864K->676K(484928K)] 582121K->81981K(1171904K), 0.0128990 secs] [Times: user=0.04 sys=0.00, real=0.01 secs] 
2014-07-16T02:20:35.870+0000: 310.409: [GC [PSYoungGen: 484881K->356K(468864K)] 566186K->81733K(1155840K), 0.0052370 secs] [Times: user=0.02 sys=0.00, real=0.01 secs] 
2014-07-16T02:20:36.910+0000: 311.449: [GC [PSYoungGen: 468836K->918K(454336K)] 550213K->82359K(1141312K), 0.0083540 secs] [Times: user=0.02 sys=0.00, real=0.01 secs] 
2014-07-16T02:20:37.870+0000: 312.409: [GC [PSYoungGen: 454294K->306K(544384K)] 535735K->81827K(1231360K), 0.0162480 secs] [Times: user=0.06 sys=0.01, real=0.02 secs] 
2014-07-16T02:20:39.025+0000: 313.564: [GC [PSYoungGen: 544328K->288K(653248K)] 625849K->81873K(1340224K), 0.0124150 secs] [Times: user=0.04 sys=0.00, real=0.01 secs] 
2014-07-16T02:20:40.442+0000: 314.981: [GC [PSYoungGen: 653209K->740K(630336K)] 734795K->82373K(1317312K), 0.0095970 secs] [Times: user=0.03 sys=0.00, real=0.01 secs] 
2014-07-16T02:20:41.779+0000: 316.318: [GC [PSYoungGen: 630308K->402K(607744K)] 711941K->82123K(1294720K), 0.0069720 secs] [Times: user=0.02 sys=0.00, real=0.01 secs] 
2014-07-16T02:20:43.091+0000: 317.630: [GC [PSYoungGen: 607698K->754K(586752K)] 689419K->82579K(1273728K), 0.0058460 secs] [Times: user=0.01 sys=0.01, real=0.01 secs] 
2014-07-16T02:20:44.324+0000: 318.863: [GC [PSYoungGen: 586694K->424K(566144K)] 668519K->82305K(1253120K), 0.0066650 secs] [Times: user=0.01 sys=0.01, real=0.00 secs] 
2014-07-16T02:20:45.521+0000: 320.060: [GC [PSYoungGen: 566120K->324K(546688K)] 648001K->82245K(1233664K), 0.0042250 secs] [Times: user=0.01 sys=0.00, real=0.01 secs] 
2014-07-16T02:20:46.825+0000: 321.364: [GC [PSYoungGen: 546573K->1018K(528832K)] 628494K->82995K(1215808K), 0.0180640 secs] [Times: user=0.02 sys=0.00, real=0.02 secs] 
2014-07-16T02:20:47.895+0000: 322.434: [GC [PSYoungGen: 528826K->178K(510272K)] 610803K->82251K(1197248K), 0.0067100 secs] [Times: user=0.01 sys=0.00, real=0.00 secs] 
2014-07-16T02:20:49.013+0000: 323.552: [GC [PSYoungGen: 510205K->256K(493440K)] 592279K->82377K(1180416K), 0.0154050 secs] [Times: user=0.06 sys=0.00, real=0.02 secs] 
2014-07-16T02:20:50.054+0000: 324.593: [GC [PSYoungGen: 493400K->438K(477440K)] 575521K->82631K(1164416K), 0.0034810 secs] [Times: user=0.01 sys=0.01, real=0.00 secs] 
2014-07-16T02:20:51.068+0000: 325.607: [GC [PSYoungGen: 477373K->548K(462144K)] 559567K->82797K(1149120K), 0.0069350 secs] [Times: user=0.02 sys=0.00, real=0.01 secs] 
2014-07-16T02:20:52.095+0000: 326.634: [GC [PSYoungGen: 462066K->484K(447296K)] 544316K->82821K(1134272K), 0.0051800 secs] [Times: user=0.02 sys=0.00, real=0.00 secs] 
2014-07-16T02:20:53.050+0000: 327.589: [GC [PSYoungGen: 447268K->530K(433216K)] 529605K->82979K(1120192K), 0.0053540 secs] [Times: user=0.02 sys=0.00, real=0.01 secs] 
2014-07-16T02:20:53.962+0000: 328.501: [GC [PSYoungGen: 433170K->128K(419264K)] 515619K->82609K(1106240K), 0.0040510 secs] [Times: user=0.01 sys=0.00, real=0.01 secs] 
2014-07-16T02:20:54.861+0000: 329.400: [GC [PSYoungGen: 419264K->580K(406848K)] 501745K->83125K(1093824K), 0.0059090 secs] [Times: user=0.01 sys=0.00, real=0.01 secs] 
2014-07-16T02:20:55.730+0000: 330.269: [GC [PSYoungGen: 406784K->224K(394048K)] 489330K->82809K(1081024K), 0.0042260 secs] [Times: user=0.01 sys=0.00, real=0.01 secs] 
2014-07-16T02:20:56.577+0000: 331.116: [GC [PSYoungGen: 394016K->768K(382720K)] 476601K->83401K(1069696K), 0.0105650 secs] [Times: user=0.04 sys=0.00, real=0.01 secs] 
2014-07-16T02:20:57.379+0000: 331.918: [GC [PSYoungGen: 382720K->388K(371008K)] 465353K->83069K(1057984K), 0.0050520 secs] [Times: user=0.01 sys=0.01, real=0.01 secs] 
2014-07-16T02:20:58.180+0000: 332.719: [GC [PSYoungGen: 370947K->370K(360064K)] 453629K->83115K(1047040K), 0.0101300 secs] [Times: user=0.03 sys=0.00, real=0.01 secs] 
2014-07-16T02:20:58.941+0000: 333.479: [GC [PSYoungGen: 360050K->128K(431744K)] 442795K->82897K(1118720K), 0.0161260 secs] [Times: user=0.05 sys=0.00, real=0.02 secs] 
2014-07-16T02:20:59.883+0000: 334.422: [GC [PSYoungGen: 431744K->722K(418880K)] 514513K->83531K(1105856K), 0.0044570 secs] [Times: user=0.01 sys=0.00, real=0.01 secs] 
2014-07-16T02:21:00.745+0000: 335.284: [GC [PSYoungGen: 418834K->288K(502080K)] 501643K->83129K(1189056K), 0.0205350 secs] [Times: user=0.08 sys=0.00, real=0.02 secs] 
2014-07-16T02:21:01.941+0000: 336.480: [GC [PSYoungGen: 502048K->822K(602944K)] 584889K->83751K(1289920K), 0.0185440 secs] [Times: user=0.06 sys=0.00, real=0.02 secs] 
2014-07-16T02:21:03.195+0000: 337.734: [GC [PSYoungGen: 602845K->886K(723456K)] 685775K->83959K(1410432K), 0.0078070 secs] [Times: user=0.01 sys=0.00, real=0.01 secs] 
2014-07-16T02:21:04.710+0000: 339.249: [GC [PSYoungGen: 723446K->224K(867328K)] 806519K->83369K(1554304K), 0.0099040 secs] [Times: user=0.03 sys=0.00, real=0.01 secs] 
2014-07-16T02:21:06.562+0000: 341.101: [GC [PSYoungGen: 867283K->370K(1040896K)] 950429K->83579K(1727872K), 0.0292770 secs] [Times: user=0.09 sys=0.00, real=0.03 secs] 
2014-07-16T02:21:08.832+0000: 343.371: [GC [PSYoungGen: 1040882K->352K(999232K)] 1124091K->83641K(1686208K), 0.0064440 secs] [Times: user=0.03 sys=0.00, real=0.01 secs] 
2014-07-16T02:21:10.956+0000: 345.495: [GC [PSYoungGen: 999200K->352K(959552K)] 1082489K->83769K(1646528K), 0.0131840 secs] [Times: user=0.05 sys=0.00, real=0.02 secs] 
2014-07-16T02:21:13.119+0000: 347.658: [GC [PSYoungGen: 959520K->516K(921984K)] 1042937K->84037K(1608960K), 0.0103410 secs] [Times: user=0.04 sys=0.00, real=0.01 secs] 
2014-07-16T02:21:15.084+0000: 349.623: [GC [PSYoungGen: 921924K->420K(885888K)] 1005445K->84133K(1572864K), 0.0053190 secs] [Times: user=0.01 sys=0.00, real=0.01 secs] 
2014-07-16T02:21:17.028+0000: 351.567: [GC [PSYoungGen: 885860K->960K(852160K)] 969573K->84817K(1539136K), 0.0087290 secs] [Times: user=0.02 sys=0.00, real=0.01 secs] 
2014-07-16T02:21:18.805+0000: 353.344: [GC [PSYoungGen: 852160K->416K(819008K)] 936017K->84377K(1505984K), 0.0083010 secs] [Times: user=0.03 sys=0.00, real=0.01 secs] 
2014-07-16T02:21:20.520+0000: 355.059: [GC [PSYoungGen: 818976K->352K(787840K)] 902937K->84393K(1474816K), 0.0099040 secs] [Times: user=0.03 sys=0.00, real=0.01 secs] 
2014-07-16T02:21:22.243+0000: 356.782: [GC [PSYoungGen: 787774K->530K(758400K)] 871816K->84643K(1445376K), 0.0088280 secs] [Times: user=0.03 sys=0.00, real=0.01 secs] 
2014-07-16T02:21:23.855+0000: 358.394: [GC [PSYoungGen: 758354K->512K(730112K)] 842467K->84785K(1417088K), 0.0084030 secs] [Times: user=0.02 sys=0.00, real=0.01 secs] 
2014-07-16T02:21:25.403+0000: 359.942: [GC [PSYoungGen: 730112K->434K(703104K)] 814385K->84795K(1390080K), 0.0119690 secs] [Times: user=0.02 sys=0.00, real=0.01 secs] 
2014-07-16T02:21:26.903+0000: 361.442: [GC [PSYoungGen: 703090K->224K(677248K)] 787451K->84673K(1364224K), 0.0183310 secs] [Times: user=0.07 sys=0.00, real=0.02 secs] 
2014-07-16T02:21:28.393+0000: 362.932: [GC [PSYoungGen: 677216K->256K(652736K)] 761665K->84761K(1339712K), 0.0037690 secs] [Times: user=0.01 sys=0.00, real=0.00 secs] 
2014-07-16T02:21:29.788+0000: 364.327: [GC [PSYoungGen: 652736K->598K(629760K)] 737241K->85183K(1316736K), 0.0224400 secs] [Times: user=0.07 sys=0.00, real=0.03 secs] 
2014-07-16T02:21:31.152+0000: 365.691: [GC [PSYoungGen: 629718K->466K(607360K)] 714303K->85099K(1294336K), 0.0075550 secs] [Times: user=0.02 sys=0.00, real=0.01 secs] 
2014-07-16T02:21:32.544+0000: 367.083: [GC [PSYoungGen: 607314K->288K(585920K)] 691947K->85025K(1272896K), 0.0044980 secs] [Times: user=0.01 sys=0.00, real=0.00 secs] 
2014-07-16T02:21:33.785+0000: 368.324: [GC [PSYoungGen: 585888K->466K(565824K)] 670625K->85347K(1252800K), 0.0052350 secs] [Times: user=0.01 sys=0.01, real=0.01 secs] 
2014-07-16T02:21:34.988+0000: 369.527: [GC [PSYoungGen: 565691K->370K(546304K)] 650573K->85315K(1233280K), 0.0111100 secs] [Times: user=0.03 sys=0.00, real=0.01 secs] 
2014-07-16T02:21:36.154+0000: 370.693: [GC [PSYoungGen: 546290K->224K(527680K)] 631235K->85241K(1214656K), 0.0086200 secs] [Times: user=0.03 sys=0.00, real=0.01 secs] 
2014-07-16T02:21:37.342+0000: 371.881: [GC [PSYoungGen: 527627K->822K(510592K)] 612645K->86231K(1197568K), 0.0060310 secs] [Times: user=0.02 sys=0.00, real=0.00 secs] 
2014-07-16T02:21:38.408+0000: 372.947: [GC [PSYoungGen: 510582K->352K(493248K)] 595991K->85825K(1180224K), 0.0120500 secs] [Times: user=0.04 sys=0.00, real=0.02 secs] 
2014-07-16T02:21:39.463+0000: 374.002: [GC [PSYoungGen: 493216K->192K(591680K)] 578689K->85809K(1278656K), 0.0191290 secs] [Times: user=0.06 sys=0.00, real=0.02 secs] 
2014-07-16T02:21:40.721+0000: 375.259: [GC [PSYoungGen: 591680K->192K(571136K)] 677297K->85849K(1258112K), 0.0041030 secs] [Times: user=0.01 sys=0.00, real=0.01 secs] 
2014-07-16T02:21:41.936+0000: 376.475: [GC [PSYoungGen: 571136K->224K(551552K)] 656793K->85961K(1238528K), 0.0077120 secs] [Times: user=0.02 sys=0.00, real=0.01 secs] 
2014-07-16T02:21:43.296+0000: 377.835: [GC [PSYoungGen: 551520K->996K(533568K)] 637257K->86845K(1220544K), 0.0057930 secs] [Times: user=0.01 sys=0.00, real=0.01 secs] 
2014-07-16T02:21:44.416+0000: 378.955: [GC [PSYoungGen: 533498K->456K(515136K)] 619348K->86457K(1202112K), 0.0093010 secs] [Times: user=0.03 sys=0.00, real=0.01 secs] 
2014-07-16T02:21:45.517+0000: 380.056: [GC [PSYoungGen: 515080K->160K(497728K)] 601081K->86233K(1184704K), 0.0091580 secs] [Times: user=0.03 sys=0.00, real=0.01 secs] 
2014-07-16T02:21:46.575+0000: 381.114: [GC [PSYoungGen: 497696K->292K(481472K)] 583769K->86405K(1168448K), 0.0062790 secs] [Times: user=0.01 sys=0.01, real=0.00 secs] 
2014-07-16T02:21:47.683+0000: 382.222: [GC [PSYoungGen: 481444K->562K(466112K)] 567557K->86723K(1153088K), 0.0101040 secs] [Times: user=0.03 sys=0.01, real=0.01 secs] 
2014-07-16T02:21:48.631+0000: 383.170: [GC [PSYoungGen: 466060K->516K(451136K)] 552222K->86773K(1138112K), 0.0067080 secs] [Times: user=0.01 sys=0.00, real=0.01 secs] 
2014-07-16T02:21:49.588+0000: 384.127: [GC [PSYoungGen: 451076K->352K(436672K)] 537333K->86657K(1123648K), 0.0041090 secs] [Times: user=0.01 sys=0.01, real=0.01 secs] 
2014-07-16T02:21:50.523+0000: 385.062: [GC [PSYoungGen: 436640K->822K(423424K)] 522945K->87175K(1110400K), 0.0115490 secs] [Times: user=0.04 sys=0.00, real=0.01 secs] 
2014-07-16T02:21:51.428+0000: 385.967: [GC [PSYoungGen: 423414K->498K(409984K)] 509767K->86931K(1096960K), 0.0038240 secs] [Times: user=0.01 sys=0.00, real=0.00 secs] 
2014-07-16T02:21:52.302+0000: 386.841: [GC [PSYoungGen: 409970K->402K(397376K)] 496403K->86899K(1084352K), 0.0068510 secs] [Times: user=0.02 sys=0.00, real=0.01 secs] 
2014-07-16T02:21:53.192+0000: 387.731: [GC [PSYoungGen: 397330K->584K(385536K)] 483827K->87137K(1072512K), 0.0043750 secs] [Times: user=0.01 sys=0.00, real=0.01 secs] 
2014-07-16T02:21:54.021+0000: 388.560: [GC [PSYoungGen: 385480K->320K(373696K)] 472033K->86961K(1060672K), 0.0130320 secs] [Times: user=0.04 sys=0.00, real=0.02 secs] 
2014-07-16T02:21:54.820+0000: 389.359: [GC [PSYoungGen: 373696K->498K(362880K)] 460337K->87179K(1049856K), 0.0049210 secs] [Times: user=0.02 sys=0.00, real=0.01 secs] 
2014-07-16T02:21:55.593+0000: 390.132: [GC [PSYoungGen: 362866K->306K(352128K)] 449547K->87019K(1039104K), 0.0043450 secs] [Times: user=0.01 sys=0.00, real=0.01 secs] 
2014-07-16T02:21:56.341+0000: 390.880: [GC [PSYoungGen: 352110K->320K(342016K)] 438824K->87065K(1028992K), 0.0038230 secs] [Times: user=0.01 sys=0.00, real=0.01 secs] 
2014-07-16T02:21:57.083+0000: 391.622: [GC [PSYoungGen: 341984K->438K(332416K)] 428730K->87231K(1019392K), 0.0065970 secs] [Times: user=0.02 sys=0.00, real=0.00 secs] 
2014-07-16T02:21:57.886+0000: 392.425: [GC [PSYoungGen: 332370K->562K(323200K)] 419163K->87395K(1010176K), 0.0066640 secs] [Times: user=0.03 sys=0.00, real=0.00 secs] 
2014-07-16T02:21:58.508+0000: 393.047: [GC [PSYoungGen: 323186K->288K(387520K)] 410019K->87209K(1074496K), 0.0156080 secs] [Times: user=0.05 sys=0.00, real=0.02 secs] 
2014-07-16T02:21:59.346+0000: 393.885: [GC [PSYoungGen: 387487K->434K(465088K)] 474409K->87379K(1152064K), 0.0330500 secs] [Times: user=0.11 sys=0.01, real=0.03 secs] 
2014-07-16T02:22:00.351+0000: 394.890: [GC [PSYoungGen: 465074K->352K(557952K)] 552019K->87337K(1244928K), 0.0088040 secs] [Times: user=0.04 sys=0.00, real=0.01 secs] 
2014-07-16T02:22:01.543+0000: 396.082: [GC [PSYoungGen: 557839K->534K(669696K)] 644825K->87591K(1356672K), 0.0041900 secs] [Times: user=0.01 sys=0.00, real=0.01 secs] 
2014-07-16T02:22:03.061+0000: 397.600: [GC [PSYoungGen: 669654K->822K(803776K)] 756711K->88223K(1490752K), 0.0261890 secs] [Times: user=0.09 sys=0.00, real=0.03 secs] 
2014-07-16T02:22:04.785+0000: 399.324: [GC [PSYoungGen: 803766K->320K(963904K)] 891167K->88387K(1650880K), 0.0065780 secs] [Times: user=0.01 sys=0.01, real=0.00 secs] 
2014-07-16T02:22:06.833+0000: 401.372: [GC [PSYoungGen: 963904K->498K(1156864K)] 1051971K->88741K(1843840K), 0.0160080 secs] [Times: user=0.06 sys=0.00, real=0.02 secs] 
2014-07-16T02:22:09.317+0000: 403.856: [GC [PSYoungGen: 1156776K->516K(1109696K)] 1245019K->88935K(1796672K), 0.0051560 secs] [Times: user=0.01 sys=0.01, real=0.00 secs] 
2014-07-16T02:22:11.683+0000: 406.222: [GC [PSYoungGen: 1109636K->288K(1064448K)] 1198055K->88811K(1751424K), 0.0050110 secs] [Times: user=0.01 sys=0.00, real=0.01 secs] 
2014-07-16T02:22:14.025+0000: 408.564: [GC [PSYoungGen: 1064416K->1074K(1022400K)] 1152939K->89741K(1709376K), 0.0301980 secs] [Times: user=0.08 sys=0.00, real=0.03 secs] 
2014-07-16T02:22:16.192+0000: 410.731: [GC [PSYoungGen: 1022386K->626K(981184K)] 1111053K->89461K(1668160K), 0.0127170 secs] [Times: user=0.04 sys=0.00, real=0.01 secs] 
2014-07-16T02:22:18.327+0000: 412.866: [GC [PSYoungGen: 981170K->416K(942208K)] 1070005K->89371K(1629184K), 0.0076610 secs] [Times: user=0.02 sys=0.01, real=0.00 secs] 
2014-07-16T02:22:20.346+0000: 414.885: [GC [PSYoungGen: 942176K->402K(905280K)] 1031131K->89461K(1592256K), 0.0043540 secs] [Times: user=0.01 sys=0.01, real=0.01 secs] 
2014-07-16T02:22:22.277+0000: 416.816: [GC [PSYoungGen: 905234K->420K(870080K)] 994293K->89551K(1557056K), 0.0071080 secs] [Times: user=0.02 sys=0.00, real=0.00 secs] 
2014-07-16T02:22:24.205+0000: 418.744: [GC [PSYoungGen: 870052K->498K(836608K)] 959183K->89733K(1523584K), 0.0231950 secs] [Times: user=0.07 sys=0.00, real=0.03 secs] 
2014-07-16T02:22:26.025+0000: 420.564: [GC [PSYoungGen: 836594K->516K(804736K)] 925829K->89871K(1491712K), 0.0205720 secs] [Times: user=0.08 sys=0.00, real=0.02 secs] 
2014-07-16T02:22:27.730+0000: 422.269: [GC [PSYoungGen: 804676K->288K(774080K)] 894031K->89763K(1461056K), 0.0036650 secs] [Times: user=0.01 sys=0.01, real=0.00 secs] 
2014-07-16T02:22:29.443+0000: 423.982: [GC [PSYoungGen: 774048K->192K(744960K)] 863523K->89723K(1431936K), 0.0090030 secs] [Times: user=0.02 sys=0.01, real=0.01 secs] 
2014-07-16T02:22:31.040+0000: 425.579: [GC [PSYoungGen: 744960K->598K(717760K)] 834491K->90209K(1404736K), 0.0084070 secs] [Times: user=0.02 sys=0.01, real=0.01 secs] 
2014-07-16T02:22:32.569+0000: 427.108: [GC [PSYoungGen: 717718K->384K(691136K)] 807329K->90099K(1378112K), 0.0099380 secs] [Times: user=0.02 sys=0.01, real=0.01 secs] 
2014-07-16T02:22:34.110+0000: 428.649: [GC [PSYoungGen: 691136K->516K(666176K)] 780851K->90343K(1353152K), 0.0079420 secs] [Times: user=0.01 sys=0.01, real=0.00 secs] 
2014-07-16T02:22:35.532+0000: 430.071: [GC [PSYoungGen: 666116K->306K(641984K)] 755943K->90229K(1328960K), 0.0043900 secs] [Times: user=0.01 sys=0.00, real=0.00 secs] 
2014-07-16T02:22:36.902+0000: 431.441: [GC [PSYoungGen: 641958K->438K(619264K)] 731882K->90441K(1306240K), 0.0083810 secs] [Times: user=0.03 sys=0.00, real=0.01 secs] 
2014-07-16T02:22:38.273+0000: 432.812: [GC [PSYoungGen: 619254K->868K(597888K)] 709257K->91095K(1284864K), 0.0139240 secs] [Times: user=0.05 sys=0.00, real=0.01 secs] 
2014-07-16T02:22:39.516+0000: 434.055: [GC [PSYoungGen: 597860K->242K(576448K)] 688087K->90533K(1263424K), 0.0160550 secs] [Times: user=0.05 sys=0.00, real=0.02 secs] 
2014-07-16T02:22:40.745+0000: 435.284: [GC [PSYoungGen: 576434K->452K(556800K)] 666725K->90847K(1243776K), 0.0073800 secs] [Times: user=0.02 sys=0.00, real=0.01 secs] 
2014-07-16T02:22:41.943+0000: 436.482: [GC [PSYoungGen: 556740K->306K(537600K)] 647135K->90781K(1224576K), 0.0047150 secs] [Times: user=0.01 sys=0.00, real=0.00 secs] 
2014-07-16T02:22:43.157+0000: 437.696: [GC [PSYoungGen: 537586K->552K(519744K)] 628061K->91099K(1206720K), 0.0060340 secs] [Times: user=0.01 sys=0.00, real=0.01 secs] 
2014-07-16T02:22:44.252+0000: 438.791: [GC [PSYoungGen: 519720K->402K(502272K)] 610267K->91045K(1189248K), 0.0107720 secs] [Times: user=0.04 sys=0.01, real=0.01 secs] 
2014-07-16T02:22:45.350+0000: 439.889: [GC [PSYoungGen: 502226K->480K(485760K)] 592869K->91195K(1172736K), 0.0065120 secs] [Times: user=0.01 sys=0.00, real=0.01 secs] 
2014-07-16T02:22:46.377+0000: 440.916: [GC [PSYoungGen: 485728K->224K(469696K)] 576443K->91027K(1156672K), 0.0079600 secs] [Times: user=0.02 sys=0.00, real=0.01 secs] 
2014-07-16T02:22:47.377+0000: 441.916: [GC [PSYoungGen: 469664K->338K(454720K)] 560467K->91189K(1141696K), 0.0043230 secs] [Times: user=0.01 sys=0.00, real=0.01 secs] 
2014-07-16T02:22:48.418+0000: 442.957: [GC [PSYoungGen: 454657K->608K(440512K)] 545509K->91483K(1127488K), 0.0068140 secs] [Times: user=0.02 sys=0.00, real=0.01 secs] 
2014-07-16T02:22:49.338+0000: 443.877: [GC [PSYoungGen: 440480K->228K(426304K)] 531355K->91159K(1113280K), 0.0058660 secs] [Times: user=0.01 sys=0.00, real=0.01 secs] 
2014-07-16T02:22:50.258+0000: 444.797: [GC [PSYoungGen: 426276K->224K(413056K)] 517207K->91187K(1100032K), 0.0074140 secs] [Times: user=0.03 sys=0.00, real=0.01 secs] 
2014-07-16T02:22:51.142+0000: 445.681: [GC [PSYoungGen: 413024K->352K(400512K)] 503987K->91387K(1087488K), 0.0082420 secs] [Times: user=0.02 sys=0.00, real=0.00 secs] 
2014-07-16T02:22:52.018+0000: 446.557: [GC [PSYoungGen: 400480K->384K(388352K)] 491515K->91483K(1075328K), 0.0061680 secs] [Times: user=0.01 sys=0.00, real=0.01 secs] 
2014-07-16T02:22:52.827+0000: 447.366: [GC [PSYoungGen: 388352K->256K(376576K)] 479451K->91443K(1063552K), 0.0093200 secs] [Times: user=0.03 sys=0.00, real=0.01 secs] 
2014-07-16T02:22:53.685+0000: 448.224: [GC [PSYoungGen: 376576K->690K(452288K)] 467763K->91917K(1139264K), 0.0171800 secs] [Times: user=0.05 sys=0.00, real=0.02 secs] 
2014-07-16T02:22:54.659+0000: 449.198: [GC [PSYoungGen: 452274K->338K(437632K)] 543501K->91645K(1124608K), 0.0031750 secs] [Times: user=0.01 sys=0.00, real=0.01 secs] 
2014-07-16T02:22:55.606+0000: 450.145: [GC [PSYoungGen: 437586K->576K(424128K)] 528893K->91947K(1111104K), 0.0054030 secs] [Times: user=0.01 sys=0.01, real=0.00 secs] 
2014-07-16T02:22:56.491+0000: 451.030: [GC [PSYoungGen: 424128K->192K(410624K)] 515499K->91611K(1097600K), 0.0033080 secs] [Times: user=0.00 sys=0.00, real=0.01 secs] 
2014-07-16T02:22:57.378+0000: 451.917: [GC [PSYoungGen: 410621K->384K(492928K)] 502040K->91859K(1179904K), 0.0174230 secs] [Times: user=0.06 sys=0.00, real=0.02 secs] 
2014-07-16T02:22:58.492+0000: 453.031: [GC [PSYoungGen: 492928K->818K(477248K)] 584403K->92773K(1164224K), 0.0070350 secs] [Times: user=0.01 sys=0.00, real=0.01 secs] 
2014-07-16T02:22:59.457+0000: 453.996: [GC [PSYoungGen: 477191K->548K(461568K)] 569147K->92559K(1148544K), 0.0046130 secs] [Times: user=0.01 sys=0.00, real=0.00 secs] 
2014-07-16T02:23:00.445+0000: 454.984: [GC [PSYoungGen: 461540K->388K(446656K)] 553551K->92495K(1133632K), 0.0047380 secs] [Times: user=0.01 sys=0.01, real=0.00 secs] 
2014-07-16T02:23:01.415+0000: 455.954: [GC [PSYoungGen: 446596K->256K(432384K)] 538703K->92435K(1119360K), 0.0077300 secs] [Times: user=0.01 sys=0.00, real=0.01 secs] 
2014-07-16T02:23:02.333+0000: 456.872: [GC [PSYoungGen: 432384K->352K(518976K)] 524563K->92635K(1205952K), 0.0262480 secs] [Times: user=0.09 sys=0.00, real=0.02 secs] 
2014-07-16T02:23:03.441+0000: 457.980: [GC [PSYoungGen: 518878K->512K(622848K)] 611162K->92835K(1309824K), 0.0067240 secs] [Times: user=0.00 sys=0.00, real=0.01 secs] 
2014-07-16T02:23:04.785+0000: 459.324: [GC [PSYoungGen: 622848K->256K(747072K)] 715171K->92651K(1434048K), 0.0204730 secs] [Times: user=0.06 sys=0.01, real=0.02 secs] 
2014-07-16T02:23:06.449+0000: 460.988: [GC [PSYoungGen: 747072K->480K(896704K)] 839467K->92987K(1583680K), 0.0158260 secs] [Times: user=0.05 sys=0.00, real=0.02 secs] 
2014-07-16T02:23:08.366+0000: 462.905: [GC [PSYoungGen: 896616K->292K(861760K)] 989124K->92951K(1548736K), 0.0044070 secs] [Times: user=0.01 sys=0.00, real=0.00 secs] 
2014-07-16T02:23:10.264+0000: 464.802: [GC [PSYoungGen: 861732K->644K(828992K)] 954391K->93375K(1515968K), 0.0114620 secs] [Times: user=0.04 sys=0.00, real=0.02 secs] 
2014-07-16T02:23:12.027+0000: 466.566: [GC [PSYoungGen: 828926K->548K(797312K)] 921658K->93407K(1484288K), 0.0071010 secs] [Times: user=0.01 sys=0.00, real=0.00 secs] 
2014-07-16T02:23:13.817+0000: 468.355: [GC [PSYoungGen: 797284K->960K(767616K)] 890143K->94019K(1454592K), 0.0072860 secs] [Times: user=0.02 sys=0.00, real=0.00 secs] 
2014-07-16T02:23:15.401+0000: 469.940: [GC [PSYoungGen: 767616K->288K(738304K)] 860675K->93467K(1425280K), 0.0074410 secs] [Times: user=0.02 sys=0.01, real=0.01 secs] 
2014-07-16T02:23:16.980+0000: 471.519: [GC [PSYoungGen: 738272K->192K(710848K)] 831451K->93499K(1397824K), 0.0125190 secs] [Times: user=0.05 sys=0.00, real=0.01 secs] 
2014-07-16T02:23:18.497+0000: 473.036: [GC [PSYoungGen: 710848K->416K(685056K)] 804155K->93787K(1372032K), 0.0218770 secs] [Times: user=0.07 sys=0.00, real=0.02 secs] 
2014-07-16T02:23:19.977+0000: 474.516: [GC [PSYoungGen: 685024K->288K(660096K)] 778395K->93699K(1347072K), 0.0052530 secs] [Times: user=0.01 sys=0.00, real=0.00 secs] 
2014-07-16T02:23:21.377+0000: 475.916: [GC [PSYoungGen: 660064K->256K(636352K)] 753475K->93771K(1323328K), 0.0100550 secs] [Times: user=0.03 sys=0.00, real=0.01 secs] 
2014-07-16T02:23:22.745+0000: 477.284: [GC [PSYoungGen: 636352K->288K(613824K)] 729867K->93899K(1300800K), 0.0050680 secs] [Times: user=0.01 sys=0.00, real=0.01 secs] 
2014-07-16T02:23:24.119+0000: 478.658: [GC [PSYoungGen: 613792K->516K(592512K)] 707403K->94223K(1279488K), 0.0051900 secs] [Times: user=0.02 sys=0.00, real=0.00 secs] 
2014-07-16T02:23:25.408+0000: 479.947: [GC [PSYoungGen: 592452K->594K(571968K)] 686159K->94421K(1258944K), 0.0190270 secs] [Times: user=0.06 sys=0.00, real=0.02 secs] 
2014-07-16T02:23:26.730+0000: 481.269: [GC [PSYoungGen: 571922K->754K(552448K)] 665749K->94941K(1239424K), 0.0058160 secs] [Times: user=0.01 sys=0.00, real=0.00 secs] 
2014-07-16T02:23:27.833+0000: 482.372: [GC [PSYoungGen: 552434K->256K(533184K)] 646621K->94539K(1220160K), 0.0078680 secs] [Times: user=0.03 sys=0.00, real=0.01 secs] 
2014-07-16T02:23:29.075+0000: 483.614: [GC [PSYoungGen: 533184K->992K(516032K)] 627467K->95387K(1203008K), 0.0080050 secs] [Times: user=0.02 sys=0.01, real=0.01 secs] 
2014-07-16T02:23:30.114+0000: 484.653: [GC [PSYoungGen: 516000K->672K(498560K)] 610395K->95139K(1185536K), 0.0056880 secs] [Times: user=0.01 sys=0.01, real=0.01 secs] 
2014-07-16T02:23:31.175+0000: 485.714: [GC [PSYoungGen: 498528K->288K(481792K)] 592995K->94819K(1168768K), 0.0128950 secs] [Times: user=0.05 sys=0.00, real=0.01 secs] 
2014-07-16T02:23:32.198+0000: 486.737: [GC [PSYoungGen: 481760K->96K(465920K)] 576291K->94723K(1152896K), 0.0112620 secs] [Times: user=0.04 sys=0.01, real=0.02 secs] 
2014-07-16T02:23:33.194+0000: 487.733: [GC [PSYoungGen: 465843K->242K(451072K)] 560471K->94917K(1138048K), 0.0046690 secs] [Times: user=0.01 sys=0.00, real=0.01 secs] 
2014-07-16T02:23:34.223+0000: 488.762: [GC [PSYoungGen: 451058K->516K(437056K)] 545733K->95223K(1124032K), 0.0042540 secs] [Times: user=0.01 sys=0.00, real=0.00 secs] 
2014-07-16T02:23:35.125+0000: 489.664: [GC [PSYoungGen: 436996K->288K(423104K)] 531703K->95091K(1110080K), 0.0038920 secs] [Times: user=0.01 sys=0.00, real=0.01 secs] 
2014-07-16T02:23:36.029+0000: 490.568: [GC [PSYoungGen: 423072K->338K(410048K)] 517875K->95189K(1097024K), 0.0035910 secs] [Times: user=0.02 sys=0.00, real=0.00 secs] 
2014-07-16T02:23:36.923+0000: 491.462: [GC [PSYoungGen: 410000K->384K(492032K)] 504852K->95299K(1179008K), 0.0289690 secs] [Times: user=0.10 sys=0.01, real=0.03 secs] 
2014-07-16T02:23:37.977+0000: 492.516: [GC [PSYoungGen: 492032K->352K(590400K)] 586947K->95339K(1277376K), 0.0082260 secs] [Times: user=0.03 sys=0.00, real=0.01 secs] 
2014-07-16T02:23:39.317+0000: 493.856: [GC [PSYoungGen: 590368K->808K(570368K)] 685355K->95851K(1257344K), 0.0089170 secs] [Times: user=0.02 sys=0.01, real=0.01 secs] 
2014-07-16T02:23:40.501+0000: 495.040: [GC [PSYoungGen: 570344K->256K(550208K)] 665387K->95371K(1237184K), 0.0087580 secs] [Times: user=0.03 sys=0.00, real=0.01 secs] 
2014-07-16T02:23:41.676+0000: 496.215: [GC [PSYoungGen: 550208K->256K(531520K)] 645323K->95435K(1218496K), 0.0109740 secs] [Times: user=0.04 sys=0.00, real=0.01 secs] 
2014-07-16T02:23:42.812+0000: 497.351: [GC [PSYoungGen: 531520K->160K(513600K)] 626699K->95411K(1200576K), 0.0030700 secs] [Times: user=0.01 sys=0.00, real=0.00 secs] 
2014-07-16T02:23:43.915+0000: 498.454: [GC [PSYoungGen: 513568K->338K(496704K)] 608819K->95653K(1183680K), 0.0108740 secs] [Times: user=0.04 sys=0.00, real=0.01 secs] 
2014-07-16T02:23:45.117+0000: 499.656: [GC [PSYoungGen: 496658K->612K(480640K)] 591973K->95983K(1167616K), 0.0055220 secs] [Times: user=0.01 sys=0.00, real=0.01 secs] 
2014-07-16T02:23:46.171+0000: 500.710: [GC [PSYoungGen: 480573K->676K(576704K)] 575945K->96183K(1263680K), 0.0344400 secs] [Times: user=0.13 sys=0.00, real=0.03 secs] 
2014-07-16T02:23:47.483+0000: 502.022: [GC [PSYoungGen: 576676K->548K(691776K)] 672183K->96119K(1378752K), 0.0050230 secs] [Times: user=0.01 sys=0.00, real=0.00 secs] 
2014-07-16T02:23:48.941+0000: 503.480: [GC [PSYoungGen: 691748K->416K(666496K)] 787319K->96091K(1353472K), 0.0069380 secs] [Times: user=0.01 sys=0.00, real=0.00 secs] 
2014-07-16T02:23:50.421+0000: 504.960: [GC [PSYoungGen: 666464K->420K(642496K)] 762139K->96135K(1329472K), 0.0141460 secs] [Times: user=0.05 sys=0.00, real=0.01 secs] 
2014-07-16T02:23:51.814+0000: 506.353: [GC [PSYoungGen: 642456K->420K(619648K)] 738171K->96247K(1306624K), 0.0087170 secs] [Times: user=0.03 sys=0.00, real=0.01 secs] 
2014-07-16T02:23:53.162+0000: 507.701: [GC [PSYoungGen: 619620K->320K(597696K)] 715447K->96267K(1284672K), 0.0086970 secs] [Times: user=0.03 sys=0.00, real=0.00 secs] 
2014-07-16T02:23:54.510+0000: 509.049: [GC [PSYoungGen: 597669K->498K(577024K)] 693616K->96517K(1264000K), 0.0050730 secs] [Times: user=0.01 sys=0.00, real=0.01 secs] 
2014-07-16T02:23:55.738+0000: 510.276: [GC [PSYoungGen: 577010K->356K(556992K)] 673029K->96463K(1243968K), 0.0037070 secs] [Times: user=0.01 sys=0.01, real=0.01 secs] 
2014-07-16T02:23:56.945+0000: 511.484: [GC [PSYoungGen: 556964K->370K(537984K)] 653071K->96541K(1224960K), 0.0046650 secs] [Times: user=0.01 sys=0.00, real=0.00 secs] 
2014-07-16T02:23:58.123+0000: 512.662: [GC [PSYoungGen: 537970K->548K(520064K)] 634141K->96799K(1207040K), 0.0072430 secs] [Times: user=0.02 sys=0.00, real=0.00 secs] 
2014-07-16T02:23:59.231+0000: 513.770: [GC [PSYoungGen: 520036K->160K(502336K)] 616287K->96467K(1189312K), 0.0063520 secs] [Times: user=0.01 sys=0.00, real=0.01 secs] 
2014-07-16T02:24:00.331+0000: 514.870: [GC [PSYoungGen: 502304K->288K(485888K)] 598611K->96627K(1172864K), 0.0041550 secs] [Times: user=0.01 sys=0.00, real=0.01 secs] 
2014-07-16T02:24:01.371+0000: 515.910: [GC [PSYoungGen: 485856K->338K(470144K)] 582195K->96765K(1157120K), 0.0180140 secs] [Times: user=0.06 sys=0.00, real=0.02 secs] 
2014-07-16T02:24:02.386+0000: 516.925: [GC [PSYoungGen: 470098K->548K(455232K)] 566525K->97063K(1142208K), 0.0071300 secs] [Times: user=0.02 sys=0.00, real=0.01 secs] 
2014-07-16T02:24:03.352+0000: 517.891: [GC [PSYoungGen: 455204K->224K(440448K)] 551719K->96811K(1127424K), 0.0030190 secs] [Times: user=0.01 sys=0.00, real=0.01 secs] 
2014-07-16T02:24:04.299+0000: 518.838: [GC [PSYoungGen: 440397K->534K(426944K)] 536985K->97193K(1113920K), 0.0122810 secs] [Times: user=0.04 sys=0.00, real=0.01 secs] 
2014-07-16T02:24:05.263+0000: 519.802: [GC [PSYoungGen: 426902K->534K(413696K)] 523561K->97249K(1100672K), 0.0100520 secs] [Times: user=0.04 sys=0.00, real=0.02 secs] 
2014-07-16T02:24:06.155+0000: 520.694: [GC [PSYoungGen: 413568K->484K(400960K)] 510284K->97295K(1087936K), 0.0048450 secs] [Times: user=0.01 sys=0.00, real=0.00 secs] 
2014-07-16T02:24:07.002+0000: 521.541: [GC [PSYoungGen: 400932K->562K(388864K)] 497743K->97429K(1075840K), 0.0047140 secs] [Times: user=0.01 sys=0.00, real=0.01 secs] 
2014-07-16T02:24:07.894+0000: 522.433: [GC [PSYoungGen: 388842K->594K(466624K)] 485709K->97485K(1153600K), 0.0217930 secs] [Times: user=0.06 sys=0.00, real=0.02 secs] 
2014-07-16T02:24:08.898+0000: 523.437: [GC [PSYoungGen: 466578K->434K(451456K)] 563469K->97397K(1138432K), 0.0054720 secs] [Times: user=0.02 sys=0.00, real=0.01 secs] 
2014-07-16T02:24:09.911+0000: 524.450: [GC [PSYoungGen: 451442K->484K(541760K)] 548405K->97511K(1228736K), 0.0146880 secs] [Times: user=0.04 sys=0.00, real=0.02 secs] 
2014-07-16T02:24:11.043+0000: 525.582: [GC [PSYoungGen: 541732K->744K(523712K)] 638759K->98027K(1210688K), 0.0077600 secs] [Times: user=0.02 sys=0.00, real=0.01 secs] 
2014-07-16T02:24:12.152+0000: 526.691: [GC [PSYoungGen: 523677K->356K(505856K)] 620961K->97719K(1192832K), 0.0041300 secs] [Times: user=0.01 sys=0.00, real=0.01 secs] 
2014-07-16T02:24:13.236+0000: 527.775: [GC [PSYoungGen: 505828K->256K(489024K)] 603191K->97763K(1176000K), 0.0058650 secs] [Times: user=0.01 sys=0.00, real=0.00 secs] 
2014-07-16T02:24:14.277+0000: 528.816: [GC [PSYoungGen: 488977K->228K(473024K)] 586484K->97767K(1160000K), 0.0038190 secs] [Times: user=0.01 sys=0.00, real=0.00 secs] 
2014-07-16T02:24:15.361+0000: 529.900: [GC [PSYoungGen: 472996K->416K(457920K)] 570535K->98011K(1144896K), 0.0074070 secs] [Times: user=0.01 sys=0.00, real=0.01 secs] 
2014-07-16T02:24:16.338+0000: 530.877: [GC [PSYoungGen: 457888K->886K(443776K)] 555483K->98633K(1130752K), 0.0143200 secs] [Times: user=0.05 sys=0.00, real=0.01 secs] 
2014-07-16T02:24:17.281+0000: 531.820: [GC [PSYoungGen: 443766K->352K(429312K)] 541513K->98147K(1116288K), 0.0094240 secs] [Times: user=0.03 sys=0.00, real=0.01 secs] 
2014-07-16T02:24:18.235+0000: 532.774: [GC [PSYoungGen: 429269K->566K(416128K)] 527065K->98417K(1103104K), 0.0041440 secs] [Times: user=0.01 sys=0.00, real=0.01 secs] 
2014-07-16T02:24:19.100+0000: 533.639: [GC [PSYoungGen: 416118K->256K(403008K)] 513969K->98171K(1089984K), 0.0040460 secs] [Times: user=0.01 sys=0.00, real=0.00 secs] 
2014-07-16T02:24:20.014+0000: 534.553: [GC [PSYoungGen: 403008K->320K(390848K)] 500923K->98267K(1077824K), 0.0028550 secs] [Times: user=0.01 sys=0.00, real=0.01 secs] 
2014-07-16T02:24:20.830+0000: 535.369: [GC [PSYoungGen: 390791K->516K(469248K)] 488738K->98527K(1156224K), 0.0486610 secs] [Times: user=0.18 sys=0.00, real=0.05 secs] 
2014-07-16T02:24:21.837+0000: 536.376: [GC [PSYoungGen: 469188K->658K(563136K)] 567199K->98773K(1250112K), 0.0219170 secs] [Times: user=0.07 sys=0.00, real=0.02 secs] 
2014-07-16T02:24:23.042+0000: 537.581: [GC [PSYoungGen: 563090K->384K(675328K)] 661205K->98571K(1362304K), 0.0046590 secs] [Times: user=0.02 sys=0.00, real=0.01 secs] 
2014-07-16T02:24:24.495+0000: 539.034: [GC [PSYoungGen: 675328K->548K(810560K)] 773515K->98815K(1497536K), 0.0073450 secs] [Times: user=0.03 sys=0.00, real=0.01 secs] 
2014-07-16T02:24:26.247+0000: 540.786: [GC [PSYoungGen: 810526K->338K(972416K)] 908793K->98685K(1659392K), 0.0065050 secs] [Times: user=0.02 sys=0.00, real=0.00 secs] 
2014-07-16T02:24:28.349+0000: 542.888: [GC [PSYoungGen: 972295K->872K(934528K)] 1070643K->99331K(1621504K), 0.0057950 secs] [Times: user=0.01 sys=0.00, real=0.00 secs] 
2014-07-16T02:24:30.437+0000: 544.976: [GC [PSYoungGen: 934493K->566K(897664K)] 1032953K->99465K(1584640K), 0.0099680 secs] [Times: user=0.04 sys=0.00, real=0.02 secs] 
2014-07-16T02:24:32.338+0000: 546.877: [GC [PSYoungGen: 897627K->566K(862848K)] 996527K->99609K(1549824K), 0.0110140 secs] [Times: user=0.04 sys=0.00, real=0.01 secs] 
2014-07-16T02:24:34.185+0000: 548.724: [GC [PSYoungGen: 862838K->388K(829568K)] 961881K->99599K(1516544K), 0.0030000 secs] [Times: user=0.01 sys=0.00, real=0.01 secs] 
2014-07-16T02:24:36.014+0000: 550.553: [GC [PSYoungGen: 829508K->676K(798208K)] 928719K->99943K(1485184K), 0.0051260 secs] [Times: user=0.01 sys=0.00, real=0.01 secs] 
2014-07-16T02:24:37.704+0000: 552.243: [GC [PSYoungGen: 798180K->356K(767808K)] 897447K->99751K(1454784K), 0.0059050 secs] [Times: user=0.01 sys=0.00, real=0.01 secs] 
2014-07-16T02:24:39.362+0000: 553.901: [GC [PSYoungGen: 767780K->736K(739520K)] 867175K->100195K(1426496K), 0.0124310 secs] [Times: user=0.04 sys=0.00, real=0.01 secs] 
2014-07-16T02:24:40.967+0000: 555.506: [GC [PSYoungGen: 739455K->712K(712192K)] 838915K->100283K(1399168K), 0.0074300 secs] [Times: user=0.01 sys=0.00, real=0.01 secs] 
2014-07-16T02:24:42.483+0000: 557.022: [GC [PSYoungGen: 712135K->324K(685760K)] 811707K->100007K(1372736K), 0.0042700 secs] [Times: user=0.01 sys=0.00, real=0.00 secs] 
2014-07-16T02:24:43.954+0000: 558.493: [GC [PSYoungGen: 685700K->256K(660736K)] 785383K->100019K(1347712K), 0.0046940 secs] [Times: user=0.01 sys=0.00, real=0.01 secs] 
2014-07-16T02:24:45.425+0000: 559.964: [GC [PSYoungGen: 660736K->420K(637184K)] 760499K->100255K(1324160K), 0.0052770 secs] [Times: user=0.01 sys=0.00, real=0.01 secs] 
2014-07-16T02:24:46.777+0000: 561.316: [GC [PSYoungGen: 637156K->178K(614272K)] 736991K->100109K(1301248K), 0.0037400 secs] [Times: user=0.01 sys=0.00, real=0.01 secs] 
2014-07-16T02:24:48.088+0000: 562.627: [GC [PSYoungGen: 614258K->288K(592832K)] 714189K->100267K(1279808K), 0.0032400 secs] [Times: user=0.01 sys=0.00, real=0.01 secs] 
2014-07-16T02:24:49.456+0000: 563.995: [GC [PSYoungGen: 592800K->594K(572544K)] 692779K->100621K(1259520K), 0.0059460 secs] [Times: user=0.01 sys=0.00, real=0.01 secs] 
2014-07-16T02:24:50.655+0000: 565.194: [GC [PSYoungGen: 572498K->420K(552640K)] 672525K->100575K(1239616K), 0.0113420 secs] [Times: user=0.04 sys=0.00, real=0.01 secs] 
2014-07-16T02:24:51.835+0000: 566.374: [GC [PSYoungGen: 552612K->352K(533760K)] 652767K->100571K(1220736K), 0.0122160 secs] [Times: user=0.04 sys=0.00, real=0.01 secs] 
2014-07-16T02:24:52.978+0000: 567.517: [GC [PSYoungGen: 533728K->352K(515840K)] 633947K->100675K(1202816K), 0.0100180 secs] [Times: user=0.03 sys=0.00, real=0.01 secs] 
2014-07-16T02:24:54.081+0000: 568.620: [GC [PSYoungGen: 515808K->740K(499072K)] 616131K->101111K(1186048K), 0.0057860 secs] [Times: user=0.01 sys=0.00, real=0.00 secs] 
2014-07-16T02:24:55.143+0000: 569.682: [GC [PSYoungGen: 499044K->338K(482304K)] 599415K->100757K(1169280K), 0.0037310 secs] [Times: user=0.01 sys=0.00, real=0.00 secs] 
2014-07-16T02:24:56.259+0000: 570.798: [GC [PSYoungGen: 482258K->256K(466496K)] 582677K->100731K(1153472K), 0.0038500 secs] [Times: user=0.01 sys=0.00, real=0.01 secs] 
2014-07-16T02:24:57.246+0000: 571.785: [GC [PSYoungGen: 466496K->306K(451584K)] 566971K->100885K(1138560K), 0.0059230 secs] [Times: user=0.02 sys=0.00, real=0.01 secs] 
2014-07-16T02:24:58.227+0000: 572.766: [GC [PSYoungGen: 451570K->192K(437120K)] 552149K->100803K(1124096K), 0.0063370 secs] [Times: user=0.02 sys=0.00, real=0.01 secs] 
2014-07-16T02:24:59.159+0000: 573.698: [GC [PSYoungGen: 437108K->466K(423744K)] 537719K->101109K(1110720K), 0.0065700 secs] [Times: user=0.01 sys=0.01, real=0.01 secs] 
2014-07-16T02:25:00.069+0000: 574.608: [GC [PSYoungGen: 423698K->320K(410432K)] 524341K->101003K(1097408K), 0.0043220 secs] [Times: user=0.00 sys=0.00, real=0.01 secs] 
2014-07-16T02:25:00.994+0000: 575.533: [GC [PSYoungGen: 410432K->288K(397888K)] 511115K->101019K(1084864K), 0.0135360 secs] [Times: user=0.05 sys=0.00, real=0.01 secs] 
2014-07-16T02:25:01.845+0000: 576.384: [GC [PSYoungGen: 397856K->420K(385984K)] 498587K->101279K(1072960K), 0.0092790 secs] [Times: user=0.03 sys=0.00, real=0.01 secs] 
2014-07-16T02:25:02.668+0000: 577.206: [GC [PSYoungGen: 385940K->438K(374464K)] 486799K->101337K(1061440K), 0.0044520 secs] [Times: user=0.00 sys=0.00, real=0.01 secs] 
2014-07-16T02:25:03.460+0000: 577.999: [GC [PSYoungGen: 374454K->192K(363200K)] 475353K->101139K(1050176K), 0.0109800 secs] [Times: user=0.05 sys=0.00, real=0.01 secs] 
2014-07-16T02:25:04.242+0000: 578.781: [GC [PSYoungGen: 363200K->548K(436224K)] 464147K->101535K(1123200K), 0.0225290 secs] [Times: user=0.07 sys=0.01, real=0.03 secs] 
2014-07-16T02:25:05.177+0000: 579.716: [GC [PSYoungGen: 436196K->338K(523200K)] 537183K->101381K(1210176K), 0.0068840 secs] [Times: user=0.03 sys=0.01, real=0.01 secs] 
2014-07-16T02:25:06.354+0000: 580.893: [GC [PSYoungGen: 523154K->384K(627776K)] 624197K->101483K(1314752K), 0.0041440 secs] [Times: user=0.01 sys=0.00, real=0.00 secs] 
2014-07-16T02:25:07.680+0000: 582.219: [GC [PSYoungGen: 627776K->256K(605440K)] 728875K->101467K(1292416K), 0.0059770 secs] [Times: user=0.02 sys=0.00, real=0.01 secs] 
2014-07-16T02:25:08.985+0000: 583.524: [GC [PSYoungGen: 605440K->384K(584384K)] 706651K->101627K(1271360K), 0.0066020 secs] [Times: user=0.02 sys=0.00, real=0.00 secs] 
2014-07-16T02:25:10.301+0000: 584.840: [GC [PSYoungGen: 584384K->694K(564480K)] 685627K->102113K(1251456K), 0.0059230 secs] [Times: user=0.01 sys=0.00, real=0.01 secs] 
2014-07-16T02:25:11.508+0000: 586.047: [GC [PSYoungGen: 564470K->256K(544704K)] 665889K->101787K(1231680K), 0.0092810 secs] [Times: user=0.03 sys=0.00, real=0.01 secs] 
2014-07-16T02:25:12.679+0000: 587.218: [GC [PSYoungGen: 544696K->676K(526720K)] 646228K->102367K(1213696K), 0.0039000 secs] [Times: user=0.01 sys=0.00, real=0.00 secs] 
2014-07-16T02:25:13.795+0000: 588.334: [GC [PSYoungGen: 526692K->210K(508672K)] 628383K->101957K(1195648K), 0.0039700 secs] [Times: user=0.01 sys=0.00, real=0.00 secs] 
2014-07-16T02:25:14.889+0000: 589.428: [GC [PSYoungGen: 508626K->306K(491904K)] 610373K->102101K(1178880K), 0.0033350 secs] [Times: user=0.01 sys=0.00, real=0.00 secs] 
2014-07-16T02:25:15.998+0000: 590.537: [GC [PSYoungGen: 491890K->466K(476032K)] 593685K->102309K(1163008K), 0.0061810 secs] [Times: user=0.01 sys=0.00, real=0.01 secs] 
2014-07-16T02:25:17.015+0000: 591.554: [GC [PSYoungGen: 475986K->384K(460544K)] 577829K->102339K(1147520K), 0.0058140 secs] [Times: user=0.01 sys=0.00, real=0.00 secs] 
2014-07-16T02:25:17.986+0000: 592.525: [GC [PSYoungGen: 460544K->388K(445888K)] 562499K->102399K(1132864K), 0.0044350 secs] [Times: user=0.02 sys=0.00, real=0.00 secs] 
2014-07-16T02:25:18.964+0000: 593.503: [GC [PSYoungGen: 445828K->352K(431744K)] 547839K->102411K(1118720K), 0.0165950 secs] [Times: user=0.06 sys=0.00, real=0.02 secs] 
2014-07-16T02:25:19.928+0000: 594.467: [GC [PSYoungGen: 431712K->370K(518016K)] 533771K->102469K(1204992K), 0.0352830 secs] [Times: user=0.12 sys=0.00, real=0.03 secs] 
2014-07-16T02:25:21.109+0000: 595.648: [GC [PSYoungGen: 518002K->402K(621632K)] 620101K->102565K(1308608K), 0.0051730 secs] [Times: user=0.01 sys=0.01, real=0.01 secs] 
2014-07-16T02:25:22.412+0000: 596.951: [GC [PSYoungGen: 621586K->434K(745920K)] 723749K->102781K(1432896K), 0.0094330 secs] [Times: user=0.03 sys=0.00, real=0.01 secs] 
2014-07-16T02:25:24.003+0000: 598.542: [GC [PSYoungGen: 745906K->420K(718272K)] 848253K->102831K(1405248K), 0.0082220 secs] [Times: user=0.03 sys=0.00, real=0.01 secs] 
2014-07-16T02:25:25.531+0000: 600.070: [GC [PSYoungGen: 718244K->320K(861760K)] 820655K->102811K(1548736K), 0.0191500 secs] [Times: user=0.06 sys=0.00, real=0.02 secs] 
2014-07-16T02:25:27.395+0000: 601.934: [GC [PSYoungGen: 861760K->192K(1033920K)] 964251K->102739K(1720896K), 0.0253250 secs] [Times: user=0.08 sys=0.00, real=0.02 secs] 
2014-07-16T02:25:29.620+0000: 604.159: [GC [PSYoungGen: 1033840K->484K(992896K)] 1136388K->103135K(1679872K), 0.0055970 secs] [Times: user=0.01 sys=0.00, real=0.00 secs] 
2014-07-16T02:25:31.802+0000: 606.341: [GC [PSYoungGen: 992868K->320K(953344K)] 1095519K->103027K(1640320K), 0.0073470 secs] [Times: user=0.01 sys=0.00, real=0.01 secs] 
2014-07-16T02:25:33.829+0000: 608.368: [GC [PSYoungGen: 953344K->320K(915840K)] 1056051K->103243K(1602816K), 0.0158190 secs] [Times: user=0.06 sys=0.00, real=0.01 secs] 
2014-07-16T02:25:35.789+0000: 610.328: [GC [PSYoungGen: 915840K->256K(880064K)] 1018763K->103283K(1567040K), 0.0087400 secs] [Times: user=0.03 sys=0.00, real=0.01 secs] 
2014-07-16T02:25:37.689+0000: 612.228: [GC [PSYoungGen: 880064K->416K(846272K)] 983091K->103531K(1533248K), 0.0087350 secs] [Times: user=0.03 sys=0.00, real=0.01 secs] 
2014-07-16T02:25:39.510+0000: 614.049: [GC [PSYoungGen: 846240K->612K(814080K)] 949355K->103959K(1501056K), 0.0181710 secs] [Times: user=0.07 sys=0.00, real=0.02 secs] 
2014-07-16T02:25:41.360+0000: 615.899: [GC [PSYoungGen: 814010K->694K(783296K)] 917358K->104097K(1470272K), 0.0080950 secs] [Times: user=0.03 sys=0.00, real=0.01 secs] 
2014-07-16T02:25:43.010+0000: 617.549: [GC [PSYoungGen: 783286K->192K(753408K)] 886689K->103835K(1440384K), 0.0079610 secs] [Times: user=0.03 sys=0.00, real=0.00 secs] 
2014-07-16T02:25:44.632+0000: 619.171: [GC [PSYoungGen: 753404K->338K(725568K)] 857048K->104029K(1412544K), 0.0052490 secs] [Times: user=0.01 sys=0.00, real=0.00 secs] 
2014-07-16T02:25:46.291+0000: 620.830: [GC [PSYoungGen: 725522K->658K(699200K)] 829213K->104437K(1386176K), 0.0085330 secs] [Times: user=0.01 sys=0.01, real=0.01 secs] 
2014-07-16T02:25:47.766+0000: 622.305: [GC [PSYoungGen: 699153K->584K(673664K)] 802933K->104467K(1360640K), 0.0054870 secs] [Times: user=0.01 sys=0.00, real=0.01 secs] 
2014-07-16T02:25:49.211+0000: 623.750: [GC [PSYoungGen: 673537K->356K(649088K)] 777421K->104287K(1336064K), 0.0045010 secs] [Times: user=0.01 sys=0.00, real=0.00 secs] 
2014-07-16T02:25:50.602+0000: 625.141: [GC [PSYoungGen: 649055K->448K(625984K)] 752987K->104451K(1312960K), 0.0174970 secs] [Times: user=0.06 sys=0.00, real=0.02 secs] 
2014-07-16T02:25:52.055+0000: 626.594: [GC [PSYoungGen: 625984K->416K(603840K)] 729987K->104499K(1290816K), 0.0052870 secs] [Times: user=0.01 sys=0.00, real=0.01 secs] 
2014-07-16T02:25:53.357+0000: 627.896: [GC [PSYoungGen: 603808K->804K(583104K)] 707891K->105047K(1270080K), 0.0046720 secs] [Times: user=0.01 sys=0.00, real=0.01 secs] 
2014-07-16T02:25:54.602+0000: 629.141: [GC [PSYoungGen: 583076K->420K(562560K)] 687319K->104903K(1249536K), 0.0064780 secs] [Times: user=0.03 sys=0.00, real=0.01 secs] 
2014-07-16T02:25:55.802+0000: 630.341: [GC [PSYoungGen: 562532K->192K(543040K)] 667015K->104747K(1230016K), 0.0158670 secs] [Times: user=0.05 sys=0.00, real=0.01 secs] 
2014-07-16T02:25:57.030+0000: 631.569: [GC [PSYoungGen: 542955K->324K(524864K)] 647511K->104959K(1211840K), 0.0048040 secs] [Times: user=0.01 sys=0.00, real=0.01 secs] 
2014-07-16T02:25:58.158+0000: 632.697: [GC [PSYoungGen: 524804K->320K(507264K)] 629439K->105067K(1194240K), 0.0091780 secs] [Times: user=0.02 sys=0.00, real=0.01 secs] 
2014-07-16T02:25:59.252+0000: 633.791: [GC [PSYoungGen: 507264K->320K(490496K)] 612011K->105099K(1177472K), 0.0047760 secs] [Times: user=0.01 sys=0.00, real=0.00 secs] 
2014-07-16T02:26:00.300+0000: 634.839: [GC [PSYoungGen: 490496K->374K(474560K)] 595275K->105185K(1161536K), 0.0041970 secs] [Times: user=0.01 sys=0.00, real=0.00 secs] 
2014-07-16T02:26:01.460+0000: 635.999: [GC [PSYoungGen: 474550K->886K(459712K)] 579361K->106065K(1146688K), 0.0055380 secs] [Times: user=0.01 sys=0.00, real=0.00 secs] 
2014-07-16T02:26:02.386+0000: 636.925: [GC [PSYoungGen: 459702K->530K(444736K)] 564881K->105813K(1131712K), 0.0056270 secs] [Times: user=0.01 sys=0.00, real=0.01 secs] 
2014-07-16T02:26:03.330+0000: 637.869: [GC [PSYoungGen: 444690K->288K(430464K)] 549973K->105707K(1117440K), 0.0060620 secs] [Times: user=0.02 sys=0.00, real=0.01 secs] 
2014-07-16T02:26:04.253+0000: 638.792: [GC [PSYoungGen: 430432K->512K(417216K)] 535851K->105987K(1104192K), 0.0137970 secs] [Times: user=0.04 sys=0.00, real=0.01 secs] 
2014-07-16T02:26:05.143+0000: 639.682: [GC [PSYoungGen: 417216K->388K(404288K)] 522691K->105903K(1091264K), 0.0048820 secs] [Times: user=0.01 sys=0.00, real=0.00 secs] 
2014-07-16T02:26:06.000+0000: 640.539: [GC [PSYoungGen: 404228K->242K(391808K)] 509743K->105789K(1078784K), 0.0063340 secs] [Times: user=0.01 sys=0.00, real=0.01 secs] 
2014-07-16T02:26:06.890+0000: 641.429: [GC [PSYoungGen: 391794K->370K(380160K)] 497341K->105949K(1067136K), 0.0050040 secs] [Times: user=0.01 sys=0.01, real=0.01 secs] 
2014-07-16T02:26:07.698+0000: 642.237: [GC [PSYoungGen: 380146K->640K(369152K)] 485725K->106315K(1056128K), 0.0085110 secs] [Times: user=0.02 sys=0.01, real=0.01 secs] 
2014-07-16T02:26:08.479+0000: 643.018: [GC [PSYoungGen: 369150K->466K(442752K)] 474826K->106165K(1129728K), 0.0163580 secs] [Times: user=0.06 sys=0.00, real=0.02 secs] 
2014-07-16T02:26:09.438+0000: 643.977: [GC [PSYoungGen: 442704K->608K(531328K)] 548404K->106355K(1218304K), 0.0073200 secs] [Times: user=0.01 sys=0.00, real=0.01 secs] 
2014-07-16T02:26:10.593+0000: 645.132: [GC [PSYoungGen: 531296K->306K(513152K)] 637043K->106101K(1200128K), 0.0046100 secs] [Times: user=0.01 sys=0.00, real=0.00 secs] 
2014-07-16T02:26:11.764+0000: 646.303: [GC [PSYoungGen: 513138K->704K(616128K)] 618933K->106611K(1303104K), 0.0187780 secs] [Times: user=0.06 sys=0.00, real=0.02 secs] 
2014-07-16T02:26:13.051+0000: 647.590: [GC [PSYoungGen: 616092K->726K(594560K)] 722000K->106745K(1281536K), 0.0108010 secs] [Times: user=0.04 sys=0.00, real=0.01 secs] 
2014-07-16T02:26:14.296+0000: 648.835: [GC [PSYoungGen: 594518K->772K(713408K)] 700537K->106879K(1400384K), 0.0295450 secs] [Times: user=0.11 sys=0.00, real=0.03 secs] 
2014-07-16T02:26:15.818+0000: 650.357: [GC [PSYoungGen: 713348K->438K(855552K)] 819455K->106609K(1542528K), 0.0071940 secs] [Times: user=0.01 sys=0.00, real=0.01 secs] 
2014-07-16T02:26:17.679+0000: 652.218: [GC [PSYoungGen: 855542K->416K(1026624K)] 961713K->106675K(1713600K), 0.0199410 secs] [Times: user=0.06 sys=0.00, real=0.02 secs] 
2014-07-16T02:26:19.874+0000: 654.413: [GC [PSYoungGen: 1026592K->416K(985664K)] 1132851K->106803K(1672640K), 0.0139110 secs] [Times: user=0.05 sys=0.00, real=0.01 secs] 
2014-07-16T02:26:22.063+0000: 656.602: [GC [PSYoungGen: 985618K->704K(946880K)] 1092006K->107163K(1633856K), 0.0180410 secs] [Times: user=0.06 sys=0.00, real=0.02 secs] 
2014-07-16T02:26:24.088+0000: 658.627: [GC [PSYoungGen: 946880K->576K(909632K)] 1053339K->107219K(1596608K), 0.0239570 secs] [Times: user=0.09 sys=0.00, real=0.02 secs] 
2014-07-16T02:26:26.054+0000: 660.593: [GC [PSYoungGen: 909632K->626K(874304K)] 1016275K->107381K(1561280K), 0.0036030 secs] [Times: user=0.01 sys=0.00, real=0.01 secs] 
2014-07-16T02:26:27.947+0000: 662.486: [GC [PSYoungGen: 874290K->352K(840320K)] 981045K->107203K(1527296K), 0.0052210 secs] [Times: user=0.01 sys=0.01, real=0.00 secs] 
2014-07-16T02:26:29.740+0000: 664.279: [GC [PSYoungGen: 840284K->324K(808192K)] 947135K->107287K(1495168K), 0.0050930 secs] [Times: user=0.01 sys=0.00, real=0.01 secs] 
2014-07-16T02:26:31.478+0000: 666.017: [GC [PSYoungGen: 808132K->288K(777536K)] 915095K->107291K(1464512K), 0.0049380 secs] [Times: user=0.01 sys=0.00, real=0.00 secs] 
2014-07-16T02:26:33.246+0000: 667.785: [GC [PSYoungGen: 777504K->548K(748672K)] 884507K->107687K(1435648K), 0.0063140 secs] [Times: user=0.02 sys=0.00, real=0.00 secs] 
2014-07-16T02:26:34.844+0000: 669.383: [GC [PSYoungGen: 748644K->192K(720512K)] 855783K->107499K(1407488K), 0.0041840 secs] [Times: user=0.01 sys=0.00, real=0.01 secs] 
2014-07-16T02:26:36.404+0000: 670.943: [GC [PSYoungGen: 720512K->320K(694144K)] 827819K->107707K(1381120K), 0.0112220 secs] [Times: user=0.04 sys=0.00, real=0.01 secs] 
2014-07-16T02:26:37.928+0000: 672.467: [GC [PSYoungGen: 694143K->484K(669056K)] 801531K->107951K(1356032K), 0.0067070 secs] [Times: user=0.01 sys=0.00, real=0.00 secs] 
2014-07-16T02:26:39.367+0000: 673.906: [GC [PSYoungGen: 669028K->292K(644800K)] 776495K->107839K(1331776K), 0.0043840 secs] [Times: user=0.01 sys=0.00, real=0.00 secs] 
2014-07-16T02:26:40.756+0000: 675.295: [GC [PSYoungGen: 644772K->694K(622208K)] 752319K->108289K(1309184K), 0.0149470 secs] [Times: user=0.05 sys=0.00, real=0.02 secs] 
2014-07-16T02:26:42.209+0000: 676.748: [GC [PSYoungGen: 622198K->950K(600512K)] 729793K->108681K(1287488K), 0.0074800 secs] [Times: user=0.01 sys=0.00, real=0.00 secs] 
2014-07-16T02:26:43.511+0000: 678.050: [GC [PSYoungGen: 600502K->306K(578944K)] 708233K->108181K(1265920K), 0.0202790 secs] [Times: user=0.08 sys=0.00, real=0.02 secs] 
2014-07-16T02:26:44.746+0000: 679.285: [GC [PSYoungGen: 578930K->224K(694656K)] 686805K->108211K(1381632K), 0.0295000 secs] [Times: user=0.10 sys=0.00, real=0.03 secs] 
2014-07-16T02:26:46.238+0000: 680.777: [GC [PSYoungGen: 694624K->256K(833536K)] 802611K->108307K(1520512K), 0.0072360 secs] [Times: user=0.03 sys=0.00, real=0.00 secs] 
2014-07-16T02:26:48.077+0000: 682.615: [GC [PSYoungGen: 833536K->516K(802048K)] 941587K->108655K(1489024K), 0.0170060 secs] [Times: user=0.06 sys=0.00, real=0.02 secs] 
2014-07-16T02:26:49.785+0000: 684.324: [GC [PSYoungGen: 801988K->192K(771392K)] 910127K->108435K(1458368K), 0.0164270 secs] [Times: user=0.06 sys=0.00, real=0.02 secs] 
2014-07-16T02:26:51.434+0000: 685.973: [GC [PSYoungGen: 771392K->192K(742528K)] 879635K->108475K(1429504K), 0.0069490 secs] [Times: user=0.01 sys=0.00, real=0.01 secs] 
2014-07-16T02:26:53.079+0000: 687.618: [GC [PSYoungGen: 742524K->256K(715072K)] 850807K->108643K(1402048K), 0.0178600 secs] [Times: user=0.06 sys=0.01, real=0.01 secs] 
2014-07-16T02:26:54.658+0000: 689.197: [GC [PSYoungGen: 715072K->224K(688832K)] 823459K->108731K(1375808K), 0.0064440 secs] [Times: user=0.02 sys=0.00, real=0.01 secs] 
2014-07-16T02:26:56.121+0000: 690.660: [GC [PSYoungGen: 688738K->356K(663936K)] 797246K->108959K(1350912K), 0.0119490 secs] [Times: user=0.04 sys=0.00, real=0.01 secs] 
2014-07-16T02:26:57.542+0000: 692.081: [GC [PSYoungGen: 663855K->324K(640064K)] 772459K->109007K(1327040K), 0.0146610 secs] [Times: user=0.05 sys=0.00, real=0.01 secs] 
2014-07-16T02:26:58.920+0000: 693.459: [GC [PSYoungGen: 640004K->480K(617408K)] 748687K->109211K(1304384K), 0.0050790 secs] [Times: user=0.01 sys=0.00, real=0.00 secs] 
2014-07-16T02:27:00.234+0000: 694.773: [GC [PSYoungGen: 617376K->224K(595456K)] 726107K->109011K(1282432K), 0.0046670 secs] [Times: user=0.01 sys=0.01, real=0.00 secs] 
2014-07-16T02:27:01.529+0000: 696.068: [GC [PSYoungGen: 595424K->594K(575104K)] 704211K->109429K(1262080K), 0.0059950 secs] [Times: user=0.01 sys=0.00, real=0.01 secs] 
2014-07-16T02:27:02.883+0000: 697.422: [GC [PSYoungGen: 575058K->498K(555200K)] 683893K->109453K(1242176K), 0.0043620 secs] [Times: user=0.02 sys=0.00, real=0.00 secs] 
2014-07-16T02:27:04.099+0000: 698.637: [GC [PSYoungGen: 555182K->484K(536320K)] 664138K->109575K(1223296K), 0.0113090 secs] [Times: user=0.04 sys=0.00, real=0.01 secs] 
2014-07-16T02:27:05.235+0000: 699.774: [GC [PSYoungGen: 536292K->616K(518400K)] 645383K->109795K(1205376K), 0.0063890 secs] [Times: user=0.01 sys=0.00, real=0.01 secs] 
2014-07-16T02:27:06.334+0000: 700.873: [GC [PSYoungGen: 518376K->320K(500800K)] 627555K->109555K(1187776K), 0.0142140 secs] [Times: user=0.06 sys=0.00, real=0.01 secs] 
2014-07-16T02:27:07.463+0000: 702.001: [GC [PSYoungGen: 500800K->416K(484416K)] 610035K->109699K(1171392K), 0.0125880 secs] [Times: user=0.04 sys=0.00, real=0.01 secs] 
2014-07-16T02:27:08.484+0000: 703.023: [GC [PSYoungGen: 484384K->320K(468544K)] 593667K->109699K(1155520K), 0.0075410 secs] [Times: user=0.01 sys=0.00, real=0.01 secs] 
2014-07-16T02:27:09.484+0000: 704.023: [GC [PSYoungGen: 468544K->260K(453504K)] 577923K->109679K(1140480K), 0.0105180 secs] [Times: user=0.04 sys=0.00, real=0.01 secs] 
2014-07-16T02:27:10.468+0000: 705.007: [GC [PSYoungGen: 453444K->434K(544320K)] 562863K->109877K(1231296K), 0.0176230 secs] [Times: user=0.06 sys=0.00, real=0.02 secs] 
2014-07-16T02:27:11.633+0000: 706.172: [GC [PSYoungGen: 544304K->416K(653120K)] 653748K->109955K(1340096K), 0.0165550 secs] [Times: user=0.06 sys=0.00, real=0.01 secs] 
2014-07-16T02:27:13.074+0000: 707.613: [GC [PSYoungGen: 653088K->626K(783872K)] 762627K->110261K(1470848K), 0.0101100 secs] [Times: user=0.03 sys=0.00, real=0.01 secs] 
2014-07-16T02:27:14.889+0000: 709.428: [GC [PSYoungGen: 783858K->512K(940416K)] 893493K->110251K(1627392K), 0.0184350 secs] [Times: user=0.07 sys=0.00, real=0.02 secs] 
2014-07-16T02:27:16.901+0000: 711.440: [GC [PSYoungGen: 940416K->384K(903424K)] 1050155K->110323K(1590400K), 0.0066370 secs] [Times: user=0.01 sys=0.00, real=0.01 secs] 
2014-07-16T02:27:18.866+0000: 713.405: [GC [PSYoungGen: 903424K->288K(868288K)] 1013363K->110291K(1555264K), 0.0056070 secs] [Times: user=0.01 sys=0.00, real=0.00 secs] 
2014-07-16T02:27:20.731+0000: 715.270: [GC [PSYoungGen: 868256K->470K(835072K)] 978259K->110577K(1522048K), 0.0107260 secs] [Times: user=0.03 sys=0.00, real=0.01 secs] 
2014-07-16T02:27:22.643+0000: 717.182: [GC [PSYoungGen: 835030K->744K(803456K)] 945137K->111483K(1490432K), 0.0117820 secs] [Times: user=0.03 sys=0.00, real=0.01 secs] 
2014-07-16T02:27:24.411+0000: 718.950: [GC [PSYoungGen: 803432K->320K(772672K)] 914171K->111749K(1459648K), 0.0087350 secs] [Times: user=0.02 sys=0.01, real=0.01 secs] 
2014-07-16T02:27:26.043+0000: 720.582: [GC [PSYoungGen: 772649K->594K(744064K)] 884079K->112271K(1431040K), 0.0205910 secs] [Times: user=0.07 sys=0.00, real=0.02 secs] 
2014-07-16T02:27:27.722+0000: 722.261: [GC [PSYoungGen: 744018K->900K(716800K)] 855695K->112745K(1403776K), 0.0057600 secs] [Times: user=0.02 sys=0.00, real=0.01 secs] 
2014-07-16T02:27:29.196+0000: 723.735: [GC [PSYoungGen: 716661K->242K(689792K)] 828507K->112183K(1376768K), 0.0041090 secs] [Times: user=0.01 sys=0.00, real=0.00 secs] 
2014-07-16T02:27:30.677+0000: 725.216: [GC [PSYoungGen: 689778K->352K(664832K)] 801719K->112341K(1351808K), 0.0050320 secs] [Times: user=0.01 sys=0.00, real=0.00 secs] 
2014-07-16T02:27:32.114+0000: 726.653: [GC [PSYoungGen: 664800K->630K(641152K)] 776789K->112691K(1328128K), 0.0120420 secs] [Times: user=0.05 sys=0.00, real=0.01 secs] 
2014-07-16T02:27:33.544+0000: 728.083: [GC [PSYoungGen: 641142K->434K(618176K)] 753203K->112591K(1305152K), 0.0100880 secs] [Times: user=0.03 sys=0.00, real=0.02 secs] 
2014-07-16T02:27:34.906+0000: 729.445: [GC [PSYoungGen: 618162K->224K(596224K)] 730319K->112509K(1283200K), 0.0041790 secs] [Times: user=0.01 sys=0.00, real=0.00 secs] 
2014-07-16T02:27:36.172+0000: 730.711: [GC [PSYoungGen: 596192K->388K(575616K)] 708477K->112761K(1262592K), 0.0126790 secs] [Times: user=0.04 sys=0.00, real=0.02 secs] 
2014-07-16T02:27:37.402+0000: 731.941: [GC [PSYoungGen: 575556K->256K(555584K)] 687929K->112709K(1242560K), 0.0044470 secs] [Times: user=0.01 sys=0.00, real=0.01 secs] 
2014-07-16T02:27:38.614+0000: 733.153: [GC [PSYoungGen: 555584K->1014K(537408K)] 668037K->113515K(1224384K), 0.0060390 secs] [Times: user=0.02 sys=0.00, real=0.01 secs] 
2014-07-16T02:27:39.764+0000: 734.303: [GC [PSYoungGen: 537398K->434K(644160K)] 649899K->113039K(1331136K), 0.0442930 secs] [Times: user=0.15 sys=0.00, real=0.05 secs] 
2014-07-16T02:27:41.156+0000: 735.695: [GC [PSYoungGen: 644146K->534K(773056K)] 756751K->113171K(1460032K), 0.0057550 secs] [Times: user=0.02 sys=0.00, real=0.00 secs] 
2014-07-16T02:27:42.874+0000: 737.413: [GC [PSYoungGen: 773014K->1060K(744640K)] 885651K->113889K(1431616K), 0.0086060 secs] [Times: user=0.02 sys=0.01, real=0.01 secs] 
2014-07-16T02:27:44.443+0000: 738.982: [GC [PSYoungGen: 744612K->288K(716288K)] 857441K->113221K(1403264K), 0.0161090 secs] [Times: user=0.06 sys=0.00, real=0.02 secs] 
2014-07-16T02:27:45.989+0000: 740.528: [GC [PSYoungGen: 716256K->256K(689920K)] 829189K->113317K(1376896K), 0.0126590 secs] [Times: user=0.05 sys=0.00, real=0.01 secs] 
2014-07-16T02:27:47.476+0000: 742.015: [GC [PSYoungGen: 689920K->320K(664896K)] 802981K->113453K(1351872K), 0.0045570 secs] [Times: user=0.01 sys=0.00, real=0.01 secs] 
2014-07-16T02:27:48.942+0000: 743.481: [GC [PSYoungGen: 664896K->484K(641152K)] 778029K->113689K(1328128K), 0.0134680 secs] [Times: user=0.05 sys=0.00, real=0.01 secs] 
2014-07-16T02:27:50.313+0000: 744.852: [GC [PSYoungGen: 641124K->128K(617984K)] 754329K->113421K(1304960K), 0.0081660 secs] [Times: user=0.01 sys=0.00, real=0.01 secs] 
2014-07-16T02:27:51.644+0000: 746.182: [GC [PSYoungGen: 617984K->192K(597312K)] 731277K->113557K(1284288K), 0.0046130 secs] [Times: user=0.01 sys=0.00, real=0.01 secs] 
2014-07-16T02:27:52.967+0000: 747.506: [GC [PSYoungGen: 596288K->1138K(576448K)] 709653K->114599K(1263424K), 0.0081090 secs] [Times: user=0.03 sys=0.00, real=0.04 secs] 
2014-07-16T02:27:54.210+0000: 748.749: [GC [PSYoungGen: 576434K->320K(555776K)] 689895K->113861K(1242752K), 0.0040460 secs] [Times: user=0.01 sys=0.00, real=0.00 secs] 
2014-07-16T02:27:55.490+0000: 750.029: [GC [PSYoungGen: 555776K->900K(537472K)] 669317K->114537K(1224448K), 0.0099210 secs] [Times: user=0.04 sys=0.00, real=0.01 secs] 
2014-07-16T02:27:56.605+0000: 751.144: [GC [PSYoungGen: 537412K->288K(518720K)] 651049K->114013K(1205696K), 0.0067540 secs] [Times: user=0.01 sys=0.00, real=0.01 secs] 
2014-07-16T02:27:57.722+0000: 752.261: [GC [PSYoungGen: 518688K->256K(501376K)] 632413K->114045K(1188352K), 0.0068910 secs] [Times: user=0.01 sys=0.00, real=0.01 secs] 
2014-07-16T02:27:58.860+0000: 753.399: [GC [PSYoungGen: 501376K->274K(484928K)] 615165K->114111K(1171904K), 0.0065740 secs] [Times: user=0.01 sys=0.00, real=0.00 secs] 
2014-07-16T02:27:59.900+0000: 754.439: [GC [PSYoungGen: 484830K->192K(468992K)] 598668K->114101K(1155968K), 0.0046240 secs] [Times: user=0.01 sys=0.00, real=0.00 secs] 
2014-07-16T02:28:00.910+0000: 755.449: [GC [PSYoungGen: 468992K->644K(454400K)] 582901K->114585K(1141376K), 0.0065910 secs] [Times: user=0.02 sys=0.00, real=0.00 secs] 
2014-07-16T02:28:01.874+0000: 756.413: [GC [PSYoungGen: 454267K->502K(439744K)] 568209K->114523K(1126720K), 0.0054100 secs] [Times: user=0.01 sys=0.00, real=0.01 secs] 
2014-07-16T02:28:02.880+0000: 757.419: [GC [PSYoungGen: 439734K->448K(425856K)] 553755K->114533K(1112832K), 0.0056740 secs] [Times: user=0.01 sys=0.00, real=0.00 secs] 
2014-07-16T02:28:03.809+0000: 758.348: [GC [PSYoungGen: 425856K->192K(412416K)] 539941K->114365K(1099392K), 0.0130630 secs] [Times: user=0.03 sys=0.00, real=0.02 secs] 
2014-07-16T02:28:04.695+0000: 759.233: [GC [PSYoungGen: 412389K->274K(399872K)] 526563K->114519K(1086848K), 0.0058890 secs] [Times: user=0.01 sys=0.00, real=0.01 secs] 
2014-07-16T02:28:05.559+0000: 760.098: [GC [PSYoungGen: 399825K->584K(388096K)] 514071K->114869K(1075072K), 0.0043220 secs] [Times: user=0.01 sys=0.00, real=0.01 secs] 
2014-07-16T02:28:06.387+0000: 760.926: [GC [PSYoungGen: 388040K->466K(376384K)] 502325K->114799K(1063360K), 0.0042240 secs] [Times: user=0.01 sys=0.00, real=0.01 secs] 
2014-07-16T02:28:07.192+0000: 761.731: [GC [PSYoungGen: 376338K->516K(365312K)] 490671K->114913K(1052288K), 0.0085500 secs] [Times: user=0.03 sys=0.01, real=0.01 secs] 
2014-07-16T02:28:07.973+0000: 762.512: [GC [PSYoungGen: 365252K->288K(354432K)] 479649K->114701K(1041408K), 0.0046620 secs] [Times: user=0.01 sys=0.00, real=0.00 secs] 
2014-07-16T02:28:08.789+0000: 763.328: [GC [PSYoungGen: 354378K->192K(344064K)] 468792K->114637K(1031040K), 0.0041810 secs] [Times: user=0.01 sys=0.00, real=0.01 secs] 
2014-07-16T02:28:09.535+0000: 764.074: [GC [PSYoungGen: 344064K->502K(334592K)] 458509K->115019K(1021568K), 0.0097250 secs] [Times: user=0.03 sys=0.00, real=0.01 secs] 
2014-07-16T02:28:10.250+0000: 764.789: [GC [PSYoungGen: 334540K->452K(401408K)] 449058K->115009K(1088384K), 0.0128320 secs] [Times: user=0.05 sys=0.00, real=0.01 secs] 
2014-07-16T02:28:11.122+0000: 765.661: [GC [PSYoungGen: 401348K->352K(481472K)] 515905K->114965K(1168448K), 0.0140030 secs] [Times: user=0.03 sys=0.00, real=0.01 secs] 
2014-07-16T02:28:12.152+0000: 766.691: [GC [PSYoungGen: 481440K->530K(577920K)] 596053K->115255K(1264896K), 0.0187520 secs] [Times: user=0.07 sys=0.00, real=0.02 secs] 
2014-07-16T02:28:13.486+0000: 768.025: [GC [PSYoungGen: 577874K->818K(693696K)] 692599K->115615K(1380672K), 0.0058160 secs] [Times: user=0.01 sys=0.00, real=0.01 secs] 
2014-07-16T02:28:14.946+0000: 769.485: [GC [PSYoungGen: 693682K->434K(668096K)] 808479K->115327K(1355072K), 0.0061750 secs] [Times: user=0.02 sys=0.00, real=0.01 secs] 
2014-07-16T02:28:16.434+0000: 770.973: [GC [PSYoungGen: 668082K->420K(644032K)] 782975K->115393K(1331008K), 0.0103990 secs] [Times: user=0.02 sys=0.00, real=0.01 secs] 
2014-07-16T02:28:17.816+0000: 772.355: [GC [PSYoungGen: 644004K->288K(772672K)] 758977K->115373K(1459648K), 0.0229050 secs] [Times: user=0.08 sys=0.00, real=0.02 secs] 
2014-07-16T02:28:19.515+0000: 774.054: [GC [PSYoungGen: 772603K->288K(743744K)] 887689K->115413K(1430720K), 0.0098740 secs] [Times: user=0.03 sys=0.00, real=0.01 secs] 
2014-07-16T02:28:21.115+0000: 775.654: [GC [PSYoungGen: 743712K->434K(716288K)] 858837K->115647K(1403264K), 0.0105940 secs] [Times: user=0.03 sys=0.00, real=0.01 secs] 
2014-07-16T02:28:22.649+0000: 777.188: [GC [PSYoungGen: 716274K->466K(690048K)] 831487K->115791K(1377024K), 0.0080270 secs] [Times: user=0.01 sys=0.00, real=0.01 secs] 
2014-07-16T02:28:24.229+0000: 778.768: [GC [PSYoungGen: 690002K->740K(665216K)] 805327K->116153K(1352192K), 0.0064230 secs] [Times: user=0.02 sys=0.00, real=0.01 secs] 
2014-07-16T02:28:25.667+0000: 780.206: [GC [PSYoungGen: 665177K->566K(641088K)] 780591K->116123K(1328064K), 0.0164350 secs] [Times: user=0.05 sys=0.00, real=0.02 secs] 
2014-07-16T02:28:27.053+0000: 781.592: [GC [PSYoungGen: 641078K->320K(618048K)] 756635K->115957K(1305024K), 0.0111050 secs] [Times: user=0.04 sys=0.00, real=0.02 secs] 
2014-07-16T02:28:28.376+0000: 782.914: [GC [PSYoungGen: 618023K->320K(596288K)] 733661K->116029K(1283264K), 0.0060330 secs] [Times: user=0.01 sys=0.00, real=0.00 secs] 
2014-07-16T02:28:29.677+0000: 784.216: [GC [PSYoungGen: 596288K->320K(575488K)] 711997K->116061K(1262464K), 0.0041600 secs] [Times: user=0.01 sys=0.00, real=0.00 secs] 
2014-07-16T02:28:30.926+0000: 785.465: [GC [PSYoungGen: 575488K->640K(555968K)] 691229K->116469K(1242944K), 0.0204710 secs] [Times: user=0.08 sys=0.00, real=0.02 secs] 
2014-07-16T02:28:32.105+0000: 786.644: [GC [PSYoungGen: 555938K->416K(536832K)] 671768K->116357K(1223808K), 0.0114550 secs] [Times: user=0.03 sys=0.00, real=0.01 secs] 
2014-07-16T02:28:33.248+0000: 787.787: [GC [PSYoungGen: 536800K->392K(518720K)] 652741K->116421K(1205696K), 0.0148700 secs] [Times: user=0.05 sys=0.00, real=0.01 secs] 
2014-07-16T02:28:34.377+0000: 788.916: [GC [PSYoungGen: 518664K->452K(501504K)] 634693K->116529K(1188480K), 0.0066820 secs] [Times: user=0.01 sys=0.00, real=0.01 secs] 
2014-07-16T02:28:35.452+0000: 789.991: [GC [PSYoungGen: 501444K->128K(484608K)] 617521K->116293K(1171584K), 0.0052440 secs] [Times: user=0.01 sys=0.00, real=0.01 secs] 
2014-07-16T02:28:36.531+0000: 791.070: [GC [PSYoungGen: 484608K->754K(469440K)] 600773K->116967K(1156416K), 0.0051090 secs] [Times: user=0.01 sys=0.00, real=0.01 secs] 
2014-07-16T02:28:37.524+0000: 792.063: [GC [PSYoungGen: 469426K->498K(454080K)] 585639K->116799K(1141056K), 0.0098930 secs] [Times: user=0.03 sys=0.00, real=0.01 secs] 
2014-07-16T02:28:38.489+0000: 793.028: [GC [PSYoungGen: 454066K->160K(439360K)] 570367K->116525K(1126336K), 0.0041490 secs] [Times: user=0.01 sys=0.01, real=0.00 secs] 
2014-07-16T02:28:39.473+0000: 794.012: [GC [PSYoungGen: 439328K->306K(425664K)] 555693K->116703K(1112640K), 0.0091620 secs] [Times: user=0.03 sys=0.00, real=0.01 secs] 
2014-07-16T02:28:40.388+0000: 794.927: [GC [PSYoungGen: 425650K->224K(412416K)] 542047K->116701K(1099392K), 0.0033980 secs] [Times: user=0.01 sys=0.00, real=0.00 secs] 
2014-07-16T02:28:41.271+0000: 795.810: [GC [PSYoungGen: 412377K->128K(399616K)] 528855K->116653K(1086592K), 0.0065500 secs] [Times: user=0.01 sys=0.00, real=0.01 secs] 
2014-07-16T02:28:42.137+0000: 796.676: [GC [PSYoungGen: 399599K->388K(387840K)] 516125K->116977K(1074816K), 0.0036690 secs] [Times: user=0.01 sys=0.00, real=0.00 secs] 
2014-07-16T02:28:42.959+0000: 797.498: [GC [PSYoungGen: 387702K->288K(376128K)] 504292K->116957K(1063104K), 0.0068460 secs] [Times: user=0.01 sys=0.00, real=0.01 secs] 
2014-07-16T02:28:43.905+0000: 798.444: [GC [PSYoungGen: 376096K->758K(365440K)] 492765K->117835K(1052416K), 0.0058760 secs] [Times: user=0.02 sys=0.00, real=0.01 secs] 
2014-07-16T02:28:44.646+0000: 799.185: [GC [PSYoungGen: 365430K->580K(438272K)] 482507K->117753K(1125248K), 0.0179200 secs] [Times: user=0.06 sys=0.00, real=0.01 secs] 
2014-07-16T02:28:45.589+0000: 800.128: [GC [PSYoungGen: 438212K->702K(525888K)] 555385K->118347K(1212864K), 0.0307490 secs] [Times: user=0.11 sys=0.00, real=0.03 secs] 
2014-07-16T02:28:46.721+0000: 801.260: [GC [PSYoungGen: 525796K->566K(630848K)] 643442K->118259K(1317824K), 0.0060380 secs] [Times: user=0.01 sys=0.00, real=0.01 secs] 
2014-07-16T02:28:48.088+0000: 802.627: [GC [PSYoungGen: 630838K->256K(756608K)] 748531K->118069K(1443584K), 0.0036540 secs] [Times: user=0.01 sys=0.00, real=0.00 secs] 
2014-07-16T02:28:49.780+0000: 804.319: [GC [PSYoungGen: 756600K->338K(728576K)] 874414K->118239K(1415552K), 0.0062610 secs] [Times: user=0.02 sys=0.00, real=0.01 secs] 
2014-07-16T02:28:51.346+0000: 805.885: [GC [PSYoungGen: 728530K->484K(701824K)] 846431K->118473K(1388800K), 0.0052590 secs] [Times: user=0.01 sys=0.01, real=0.00 secs] 
2014-07-16T02:28:52.848+0000: 807.387: [GC [PSYoungGen: 701795K->192K(675904K)] 819785K->118293K(1362880K), 0.0043840 secs] [Times: user=0.01 sys=0.00, real=0.00 secs] 
2014-07-16T02:28:54.362+0000: 808.901: [GC [PSYoungGen: 675852K->420K(651712K)] 793954K->118577K(1338688K), 0.0136270 secs] [Times: user=0.05 sys=0.00, real=0.01 secs] 
2014-07-16T02:28:55.744+0000: 810.283: [GC [PSYoungGen: 651684K->274K(628288K)] 769841K->118543K(1315264K), 0.0035780 secs] [Times: user=0.01 sys=0.00, real=0.01 secs] 
2014-07-16T02:28:57.097+0000: 811.636: [GC [PSYoungGen: 628239K->320K(606080K)] 746509K->118661K(1293056K), 0.0079960 secs] [Times: user=0.03 sys=0.00, real=0.01 secs] 
2014-07-16T02:28:58.475+0000: 813.014: [GC [PSYoungGen: 606079K->900K(585536K)] 724421K->119313K(1272512K), 0.0072650 secs] [Times: user=0.01 sys=0.00, real=0.01 secs] 
2014-07-16T02:28:59.746+0000: 814.285: [GC [PSYoungGen: 585476K->434K(564800K)] 703889K->118959K(1251776K), 0.0165110 secs] [Times: user=0.05 sys=0.00, real=0.02 secs] 
2014-07-16T02:29:01.014+0000: 815.553: [GC [PSYoungGen: 564786K->786K(545856K)] 683311K->119415K(1232832K), 0.0171250 secs] [Times: user=0.06 sys=0.00, real=0.02 secs] 
2014-07-16T02:29:02.182+0000: 816.721: [GC [PSYoungGen: 545810K->704K(527232K)] 664439K->119445K(1214208K), 0.0059300 secs] [Times: user=0.01 sys=0.00, real=0.00 secs] 
2014-07-16T02:29:03.301+0000: 817.840: [GC [PSYoungGen: 527232K->288K(509184K)] 645973K->119125K(1196160K), 0.0073460 secs] [Times: user=0.01 sys=0.00, real=0.01 secs] 
2014-07-16T02:29:04.393+0000: 818.932: [GC [PSYoungGen: 509152K->324K(492416K)] 627989K->119233K(1179392K), 0.0088950 secs] [Times: user=0.03 sys=0.00, real=0.01 secs] 
2014-07-16T02:29:05.468+0000: 820.007: [GC [PSYoungGen: 492356K->594K(476544K)] 611265K->119567K(1163520K), 0.0124770 secs] [Times: user=0.02 sys=0.00, real=0.01 secs] 
2014-07-16T02:29:06.485+0000: 821.024: [GC [PSYoungGen: 476478K->356K(460864K)] 595452K->119401K(1147840K), 0.0051360 secs] [Times: user=0.01 sys=0.00, real=0.01 secs] 
2014-07-16T02:29:07.501+0000: 822.040: [GC [PSYoungGen: 460836K->256K(446016K)] 579881K->119333K(1132992K), 0.0045380 secs] [Times: user=0.01 sys=0.00, real=0.00 secs] 
2014-07-16T02:29:08.458+0000: 822.997: [GC [PSYoungGen: 446016K->306K(432000K)] 565093K->119439K(1118976K), 0.0042700 secs] [Times: user=0.01 sys=0.00, real=0.01 secs] 
2014-07-16T02:29:09.516+0000: 824.055: [GC [PSYoungGen: 431986K->224K(418432K)] 551119K->119389K(1105408K), 0.0041740 secs] [Times: user=0.00 sys=0.00, real=0.01 secs] 
2014-07-16T02:29:10.410+0000: 824.949: [GC [PSYoungGen: 418400K->612K(405888K)] 537565K->119849K(1092864K), 0.0055150 secs] [Times: user=0.02 sys=0.00, real=0.00 secs] 
2014-07-16T02:29:11.283+0000: 825.822: [GC [PSYoungGen: 405859K->562K(393472K)] 525097K->119863K(1080448K), 0.0052210 secs] [Times: user=0.01 sys=0.00, real=0.00 secs] 
2014-07-16T02:29:12.120+0000: 826.659: [GC [PSYoungGen: 393390K->338K(381440K)] 512692K->119695K(1068416K), 0.0036040 secs] [Times: user=0.01 sys=0.00, real=0.00 secs] 
2014-07-16T02:29:12.929+0000: 827.468: [GC [PSYoungGen: 381394K->352K(457664K)] 500751K->119797K(1144640K), 0.0222990 secs] [Times: user=0.08 sys=0.00, real=0.03 secs] 
2014-07-16T02:29:13.905+0000: 828.444: [GC [PSYoungGen: 457632K->128K(548864K)] 577077K->119605K(1235840K), 0.0105110 secs] [Times: user=0.04 sys=0.00, real=0.01 secs] 
2014-07-16T02:29:15.145+0000: 829.684: [GC [PSYoungGen: 548864K->192K(530304K)] 668341K->119717K(1217280K), 0.0045500 secs] [Times: user=0.01 sys=0.00, real=0.01 secs] 
2014-07-16T02:29:16.290+0000: 830.829: [GC [PSYoungGen: 530304K->192K(512512K)] 649829K->119821K(1199488K), 0.0054620 secs] [Times: user=0.01 sys=0.01, real=0.00 secs] 
2014-07-16T02:29:17.406+0000: 831.945: [GC [PSYoungGen: 512512K->836K(496192K)] 632141K->120513K(1183168K), 0.0118840 secs] [Times: user=0.04 sys=0.00, real=0.01 secs] 
2014-07-16T02:29:18.482+0000: 833.021: [GC [PSYoungGen: 496132K->292K(479360K)] 615809K->120017K(1166336K), 0.0110310 secs] [Times: user=0.04 sys=0.00, real=0.01 secs] 
2014-07-16T02:29:19.571+0000: 834.110: [GC [PSYoungGen: 479332K->434K(463936K)] 599057K->120263K(1150912K), 0.0087580 secs] [Times: user=0.01 sys=0.00, real=0.01 secs] 
2014-07-16T02:29:20.561+0000: 835.100: [GC [PSYoungGen: 463864K->402K(449088K)] 583694K->120303K(1136064K), 0.0039190 secs] [Times: user=0.02 sys=0.00, real=0.00 secs] 
2014-07-16T02:29:21.518+0000: 836.057: [GC [PSYoungGen: 449042K->256K(434688K)] 568943K->120213K(1121664K), 0.0065480 secs] [Times: user=0.01 sys=0.00, real=0.01 secs] 
2014-07-16T02:29:22.453+0000: 836.992: [GC [PSYoungGen: 434688K->352K(521728K)] 554645K->120373K(1208704K), 0.0195660 secs] [Times: user=0.07 sys=0.01, real=0.02 secs] 
2014-07-16T02:29:23.578+0000: 838.117: [GC [PSYoungGen: 521696K->388K(504384K)] 641717K->120465K(1191360K), 0.0083650 secs] [Times: user=0.03 sys=0.00, real=0.01 secs] 
2014-07-16T02:29:24.746+0000: 839.285: [GC [PSYoungGen: 504324K->480K(605248K)] 624401K->120637K(1292224K), 0.0135870 secs] [Times: user=0.04 sys=0.00, real=0.01 secs] 
2014-07-16T02:29:26.048+0000: 840.587: [GC [PSYoungGen: 605216K->740K(584320K)] 725373K->121025K(1271296K), 0.0106150 secs] [Times: user=0.03 sys=0.00, real=0.01 secs] 
2014-07-16T02:29:27.299+0000: 841.838: [GC [PSYoungGen: 584206K->292K(563648K)] 704492K->120745K(1250624K), 0.0051000 secs] [Times: user=0.01 sys=0.00, real=0.01 secs] 
2014-07-16T02:29:28.538+0000: 843.077: [GC [PSYoungGen: 563620K->370K(676416K)] 684073K->120895K(1363392K), 0.0210310 secs] [Times: user=0.08 sys=0.00, real=0.02 secs] 
2014-07-16T02:29:30.013+0000: 844.552: [GC [PSYoungGen: 676399K->594K(811904K)] 796925K->121247K(1498880K), 0.0260070 secs] [Times: user=0.09 sys=0.00, real=0.02 secs] 
2014-07-16T02:29:31.757+0000: 846.296: [GC [PSYoungGen: 811858K->224K(973824K)] 932511K->120957K(1660800K), 0.0114870 secs] [Times: user=0.04 sys=0.01, real=0.01 secs] 
2014-07-16T02:29:33.851+0000: 848.390: [GC [PSYoungGen: 973792K->256K(935360K)] 1094525K->121101K(1622336K), 0.0093910 secs] [Times: user=0.03 sys=0.00, real=0.01 secs] 
2014-07-16T02:29:35.907+0000: 850.446: [GC [PSYoungGen: 935360K->384K(898880K)] 1056205K->121317K(1585856K), 0.0141280 secs] [Times: user=0.05 sys=0.00, real=0.01 secs] 
2014-07-16T02:29:37.847+0000: 852.386: [GC [PSYoungGen: 898880K->762K(864384K)] 1019813K->122007K(1551360K), 0.0072660 secs] [Times: user=0.01 sys=0.00, real=0.01 secs] 
2014-07-16T02:29:39.812+0000: 854.351: [GC [PSYoungGen: 864378K->964K(831424K)] 985623K->122297K(1518400K), 0.0047620 secs] [Times: user=0.01 sys=0.00, real=0.01 secs] 
2014-07-16T02:29:41.540+0000: 856.079: [GC [PSYoungGen: 831364K->306K(799040K)] 952697K->122001K(1486016K), 0.0061270 secs] [Times: user=0.02 sys=0.00, real=0.01 secs] 
2014-07-16T02:29:43.260+0000: 857.799: [GC [PSYoungGen: 799026K->352K(768960K)] 920721K->122191K(1455936K), 0.0173560 secs] [Times: user=0.07 sys=0.01, real=0.02 secs] 
2014-07-16T02:29:44.983+0000: 859.522: [GC [PSYoungGen: 768928K->480K(740352K)] 890767K->122447K(1427328K), 0.0075680 secs] [Times: user=0.02 sys=0.00, real=0.01 secs] 
2014-07-16T02:29:46.572+0000: 861.111: [GC [PSYoungGen: 740320K->256K(712704K)] 862287K->122319K(1399680K), 0.0054150 secs] [Times: user=0.01 sys=0.00, real=0.01 secs] 
2014-07-16T02:29:48.107+0000: 862.646: [GC [PSYoungGen: 712704K->256K(686592K)] 834767K->122431K(1373568K), 0.0068960 secs] [Times: user=0.01 sys=0.00, real=0.00 secs] 
2014-07-16T02:29:49.606+0000: 864.145: [GC [PSYoungGen: 686592K->256K(661696K)] 808767K->122487K(1348672K), 0.0165030 secs] [Times: user=0.06 sys=0.00, real=0.01 secs] 
2014-07-16T02:29:51.056+0000: 865.595: [GC [PSYoungGen: 661624K->548K(638272K)] 783856K->122883K(1325248K), 0.0181060 secs] [Times: user=0.06 sys=0.00, real=0.01 secs] 
2014-07-16T02:29:52.418+0000: 866.957: [GC [PSYoungGen: 638240K->320K(615360K)] 760576K->122791K(1302336K), 0.0068890 secs] [Times: user=0.03 sys=0.00, real=0.00 secs] 
2014-07-16T02:29:53.749+0000: 868.288: [GC [PSYoungGen: 615360K->484K(593920K)] 737831K->123019K(1280896K), 0.0047460 secs] [Times: user=0.01 sys=0.00, real=0.00 secs] 
2014-07-16T02:29:55.122+0000: 869.661: [GC [PSYoungGen: 593854K->466K(573248K)] 716390K->123065K(1260224K), 0.0147310 secs] [Times: user=0.05 sys=0.00, real=0.02 secs] 
2014-07-16T02:29:56.305+0000: 870.844: [GC [PSYoungGen: 573202K->256K(553280K)] 695801K->122959K(1240256K), 0.0048700 secs] [Times: user=0.01 sys=0.00, real=0.01 secs] 
2014-07-16T02:29:57.490+0000: 872.029: [GC [PSYoungGen: 553280K->160K(534400K)] 675983K->122935K(1221376K), 0.0122500 secs] [Times: user=0.05 sys=0.00, real=0.01 secs] 
2014-07-16T02:29:58.656+0000: 873.195: [GC [PSYoungGen: 534368K->882K(517120K)] 657143K->123801K(1204096K), 0.0119240 secs] [Times: user=0.04 sys=0.00, real=0.01 secs] 
2014-07-16T02:29:59.803+0000: 874.342: [GC [PSYoungGen: 517106K->598K(499648K)] 640025K->123557K(1186624K), 0.0105810 secs] [Times: user=0.03 sys=0.00, real=0.01 secs] 
2014-07-16T02:30:00.930+0000: 875.469: [GC [PSYoungGen: 499606K->434K(483008K)] 622565K->123481K(1169984K), 0.0047280 secs] [Times: user=0.01 sys=0.01, real=0.00 secs] 
2014-07-16T02:30:01.972+0000: 876.511: [GC [PSYoungGen: 482994K->434K(467328K)] 606041K->123609K(1154304K), 0.0137710 secs] [Times: user=0.04 sys=0.00, real=0.01 secs] 
2014-07-16T02:30:02.977+0000: 877.516: [GC [PSYoungGen: 467314K->352K(452224K)] 590489K->123599K(1139200K), 0.0043250 secs] [Times: user=0.02 sys=0.00, real=0.00 secs] 
2014-07-16T02:30:03.951+0000: 878.490: [GC [PSYoungGen: 452129K->374K(437888K)] 575377K->123677K(1124864K), 0.0057050 secs] [Times: user=0.01 sys=0.00, real=0.00 secs] 
2014-07-16T02:30:04.891+0000: 879.430: [GC [PSYoungGen: 437876K->434K(424192K)] 561180K->123769K(1111168K), 0.0049090 secs] [Times: user=0.01 sys=0.00, real=0.00 secs] 
2014-07-16T02:30:05.875+0000: 880.414: [GC [PSYoungGen: 424151K->352K(508928K)] 547487K->123727K(1195904K), 0.0302960 secs] [Times: user=0.10 sys=0.00, real=0.03 secs] 
2014-07-16T02:30:06.966+0000: 881.505: [GC [PSYoungGen: 508896K->352K(610688K)] 632271K->123823K(1297664K), 0.0120580 secs] [Times: user=0.05 sys=0.00, real=0.02 secs] 
2014-07-16T02:30:08.292+0000: 882.831: [GC [PSYoungGen: 610656K->384K(589248K)] 734127K->123903K(1276224K), 0.0042580 secs] [Times: user=0.01 sys=0.00, real=0.00 secs] 
2014-07-16T02:30:09.628+0000: 884.167: [GC [PSYoungGen: 589248K->370K(568832K)] 712767K->123953K(1255808K), 0.0054960 secs] [Times: user=0.02 sys=0.00, real=0.01 secs] 
2014-07-16T02:30:10.923+0000: 885.462: [GC [PSYoungGen: 568818K->484K(549440K)] 692401K->124139K(1236416K), 0.0055920 secs] [Times: user=0.01 sys=0.01, real=0.01 secs] 
2014-07-16T02:30:12.112+0000: 886.651: [GC [PSYoungGen: 549412K->416K(530752K)] 673067K->124207K(1217728K), 0.0196600 secs] [Times: user=0.07 sys=0.00, real=0.02 secs] 
2014-07-16T02:30:13.242+0000: 887.780: [GC [PSYoungGen: 530720K->402K(512960K)] 654511K->124273K(1199936K), 0.0118870 secs] [Times: user=0.04 sys=0.00, real=0.01 secs] 
2014-07-16T02:30:14.341+0000: 888.880: [GC [PSYoungGen: 512914K->356K(495872K)] 636785K->124275K(1182848K), 0.0043530 secs] [Times: user=0.02 sys=0.00, real=0.00 secs] 
2014-07-16T02:30:15.496+0000: 890.035: [GC [PSYoungGen: 495773K->562K(595200K)] 619693K->124537K(1282176K), 0.0302650 secs] [Times: user=0.10 sys=0.00, real=0.03 secs] 
2014-07-16T02:30:16.770+0000: 891.309: [GC [PSYoungGen: 595186K->466K(714112K)] 719161K->124569K(1401088K), 0.0074750 secs] [Times: user=0.01 sys=0.00, real=0.00 secs] 
2014-07-16T02:30:18.320+0000: 892.859: [GC [PSYoungGen: 714066K->384K(687808K)] 838169K->124551K(1374784K), 0.0085760 secs] [Times: user=0.03 sys=0.01, real=0.00 secs] 
2014-07-16T02:30:19.836+0000: 894.375: [GC [PSYoungGen: 687808K->562K(663040K)] 811975K->124897K(1350016K), 0.0053800 secs] [Times: user=0.02 sys=0.00, real=0.01 secs] 
2014-07-16T02:30:21.303+0000: 895.842: [GC [PSYoungGen: 663026K->320K(638976K)] 787361K->124727K(1325952K), 0.0050000 secs] [Times: user=0.01 sys=0.01, real=0.00 secs] 
2014-07-16T02:30:22.673+0000: 897.212: [GC [PSYoungGen: 638976K->338K(616320K)] 763383K->124921K(1303296K), 0.0139310 secs] [Times: user=0.05 sys=0.01, real=0.01 secs] 
2014-07-16T02:30:23.992+0000: 898.531: [GC [PSYoungGen: 616274K->466K(594752K)] 740857K->125113K(1281728K), 0.0133960 secs] [Times: user=0.05 sys=0.00, real=0.01 secs] 
2014-07-16T02:30:25.265+0000: 899.804: [GC [PSYoungGen: 594639K->420K(574016K)] 719287K->125115K(1260992K), 0.0051360 secs] [Times: user=0.01 sys=0.00, real=0.00 secs] 
2014-07-16T02:30:26.552+0000: 901.091: [GC [PSYoungGen: 573988K->704K(554496K)] 698683K->125511K(1241472K), 0.0082100 secs] [Times: user=0.02 sys=0.01, real=0.00 secs] 
2014-07-16T02:30:27.776+0000: 902.315: [GC [PSYoungGen: 554419K->292K(664896K)] 679227K->125471K(1351872K), 0.0251190 secs] [Times: user=0.08 sys=0.00, real=0.03 secs] 
2014-07-16T02:30:29.193+0000: 903.732: [GC [PSYoungGen: 664868K->274K(797824K)] 790047K->125549K(1484800K), 0.0184450 secs] [Times: user=0.06 sys=0.00, real=0.02 secs] 
2014-07-16T02:30:30.959+0000: 905.498: [GC [PSYoungGen: 797745K->288K(957376K)] 923021K->125651K(1644352K), 0.0149590 secs] [Times: user=0.04 sys=0.00, real=0.02 secs] 
2014-07-16T02:30:33.016+0000: 907.555: [GC [PSYoungGen: 957255K->420K(919808K)] 1082619K->125959K(1606784K), 0.0119560 secs] [Times: user=0.04 sys=0.00, real=0.01 secs] 
2014-07-16T02:30:34.990+0000: 909.529: [GC [PSYoungGen: 919780K->256K(883776K)] 1045319K->125875K(1570752K), 0.0050030 secs] [Times: user=0.01 sys=0.00, real=0.01 secs] 
2014-07-16T02:30:36.918+0000: 911.457: [GC [PSYoungGen: 883776K->530K(849920K)] 1009395K->126261K(1536896K), 0.0250730 secs] [Times: user=0.09 sys=0.00, real=0.03 secs] 
2014-07-16T02:30:38.766+0000: 913.305: [GC [PSYoungGen: 849856K->694K(1019968K)] 975587K->126553K(1706944K), 0.0315570 secs] [Times: user=0.11 sys=0.01, real=0.03 secs] 
2014-07-16T02:30:41.050+0000: 915.589: [GC [PSYoungGen: 1019958K->576K(979200K)] 1145817K->126515K(1666176K), 0.0042740 secs] [Times: user=0.01 sys=0.00, real=0.01 secs] 
2014-07-16T02:30:43.126+0000: 917.665: [GC [PSYoungGen: 979200K->516K(940480K)] 1105139K->126647K(1627456K), 0.0054680 secs] [Times: user=0.02 sys=0.00, real=0.00 secs] 
2014-07-16T02:30:45.152+0000: 919.691: [GC [PSYoungGen: 940420K->896K(903936K)] 1066551K->127356K(1590912K), 0.0249240 secs] [Times: user=0.09 sys=0.01, real=0.03 secs] 
2014-07-16T02:30:47.096+0000: 921.635: [GC [PSYoungGen: 903936K->384K(868352K)] 1030396K->126972K(1555328K), 0.0075070 secs] [Times: user=0.02 sys=0.00, real=0.00 secs] 
2014-07-16T02:30:48.962+0000: 923.501: [GC [PSYoungGen: 868348K->192K(834752K)] 994936K->126892K(1521728K), 0.0056440 secs] [Times: user=0.02 sys=0.00, real=0.01 secs] 
2014-07-16T02:30:50.885+0000: 925.424: [GC [PSYoungGen: 834721K->1064K(803776K)] 961421K->127828K(1490752K), 0.0058200 secs] [Times: user=0.01 sys=0.00, real=0.00 secs] 
2014-07-16T02:30:52.555+0000: 927.094: [GC [PSYoungGen: 803752K->352K(772736K)] 930516K->127292K(1459712K), 0.0077850 secs] [Times: user=0.02 sys=0.00, real=0.01 secs] 
2014-07-16T02:30:54.219+0000: 928.758: [GC [PSYoungGen: 772704K->320K(743744K)] 899644K->127372K(1430720K), 0.0032510 secs] [Times: user=0.01 sys=0.00, real=0.00 secs] 
2014-07-16T02:30:55.911+0000: 930.450: [GC [PSYoungGen: 743744K->1056K(716928K)] 870796K->128188K(1403904K), 0.0076400 secs] [Times: user=0.02 sys=0.01, real=0.01 secs] 
2014-07-16T02:30:57.375+0000: 931.914: [GC [PSYoungGen: 716896K->274K(689856K)] 844028K->127518K(1376832K), 0.0067500 secs] [Times: user=0.03 sys=0.00, real=0.00 secs] 
2014-07-16T02:30:58.871+0000: 933.410: [GC [PSYoungGen: 689810K->484K(664960K)] 817054K->127776K(1351936K), 0.0052930 secs] [Times: user=0.01 sys=0.00, real=0.01 secs] 
2014-07-16T02:31:00.310+0000: 934.849: [GC [PSYoungGen: 664876K->936K(641472K)] 792168K->128292K(1328448K), 0.0062080 secs] [Times: user=0.02 sys=0.00, real=0.01 secs] 
2014-07-16T02:31:01.811+0000: 936.350: [GC [PSYoungGen: 641448K->320K(618048K)] 768804K->127748K(1305024K), 0.0049800 secs] [Times: user=0.02 sys=0.00, real=0.00 secs] 
2014-07-16T02:31:03.145+0000: 937.684: [GC [PSYoungGen: 618048K->612K(596608K)] 745476K->128240K(1283584K), 0.0164450 secs] [Times: user=0.05 sys=0.00, real=0.02 secs] 
2014-07-16T02:31:04.418+0000: 938.957: [GC [PSYoungGen: 596580K->192K(575360K)] 724208K->127868K(1262336K), 0.0033650 secs] [Times: user=0.01 sys=0.00, real=0.00 secs] 
2014-07-16T02:31:05.654+0000: 940.193: [GC [PSYoungGen: 575360K->370K(555712K)] 703036K->128094K(1242688K), 0.0186610 secs] [Times: user=0.07 sys=0.00, real=0.02 secs] 
2014-07-16T02:31:06.884+0000: 941.423: [GC [PSYoungGen: 555698K->800K(667264K)] 683422K->128588K(1354240K), 0.0216960 secs] [Times: user=0.07 sys=0.00, real=0.02 secs] 
2014-07-16T02:31:08.326+0000: 942.865: [GC [PSYoungGen: 667232K->520K(643008K)] 795020K->128404K(1329984K), 0.0048370 secs] [Times: user=0.01 sys=0.00, real=0.01 secs] 
2014-07-16T02:31:09.736+0000: 944.275: [GC [PSYoungGen: 642945K->388K(619968K)] 770829K->128344K(1306944K), 0.0073760 secs] [Times: user=0.01 sys=0.00, real=0.01 secs] 
2014-07-16T02:31:11.086+0000: 945.625: [GC [PSYoungGen: 619908K->832K(598528K)] 747864K->128836K(1285504K), 0.0121420 secs] [Times: user=0.03 sys=0.00, real=0.02 secs] 
2014-07-16T02:31:12.375+0000: 946.914: [GC [PSYoungGen: 598524K->352K(577216K)] 726528K->128476K(1264192K), 0.0179990 secs] [Times: user=0.05 sys=0.00, real=0.02 secs] 
2014-07-16T02:31:13.626+0000: 948.165: [GC [PSYoungGen: 577184K->374K(557312K)] 705308K->128594K(1244288K), 0.0036880 secs] [Times: user=0.01 sys=0.00, real=0.01 secs] 
2014-07-16T02:31:14.829+0000: 949.368: [GC [PSYoungGen: 557250K->616K(538560K)] 685470K->128908K(1225536K), 0.0195780 secs] [Times: user=0.06 sys=0.00, real=0.02 secs] 
2014-07-16T02:31:16.171+0000: 950.710: [GC [PSYoungGen: 538536K->1088K(520832K)] 666828K->129436K(1207808K), 0.0045290 secs] [Times: user=0.01 sys=0.00, real=0.00 secs] 
2014-07-16T02:31:17.248+0000: 951.787: [GC [PSYoungGen: 520832K->868K(503296K)] 649180K->129288K(1190272K), 0.0050360 secs] [Times: user=0.01 sys=0.00, real=0.01 secs] 
2014-07-16T02:31:18.330+0000: 952.869: [GC [PSYoungGen: 503268K->128K(485952K)] 631688K->128620K(1172928K), 0.0041980 secs] [Times: user=0.01 sys=0.00, real=0.00 secs] 
2014-07-16T02:31:19.382+0000: 953.921: [GC [PSYoungGen: 485952K->356K(471360K)] 614444K->128880K(1158336K), 0.0062530 secs] [Times: user=0.01 sys=0.00, real=0.00 secs] 
2014-07-16T02:31:20.439+0000: 954.978: [GC [PSYoungGen: 470372K->712K(455616K)] 598896K->129268K(1142592K), 0.0156740 secs] [Times: user=0.06 sys=0.00, real=0.01 secs] 
2014-07-16T02:31:21.569+0000: 956.108: [GC [PSYoungGen: 455560K->1238K(441664K)] 584116K->129906K(1128640K), 0.0077950 secs] [Times: user=0.02 sys=0.00, real=0.00 secs] 
2014-07-16T02:31:22.471+0000: 957.010: [GC [PSYoungGen: 441622K->384K(426880K)] 570290K->129220K(1113856K), 0.0111810 secs] [Times: user=0.02 sys=0.00, real=0.01 secs] 
2014-07-16T02:31:23.397+0000: 957.936: [GC [PSYoungGen: 426880K->548K(512384K)] 555716K->129472K(1199360K), 0.0158340 secs] [Times: user=0.06 sys=0.00, real=0.02 secs] 
2014-07-16T02:31:24.494+0000: 959.033: [GC [PSYoungGen: 512356K->338K(614592K)] 641280K->129310K(1301568K), 0.0190640 secs] [Times: user=0.06 sys=0.00, real=0.02 secs] 
2014-07-16T02:31:25.830+0000: 960.369: [GC [PSYoungGen: 614541K->836K(737984K)] 743513K->129864K(1424960K), 0.0074090 secs] [Times: user=0.02 sys=0.00, real=0.00 secs] 
2014-07-16T02:31:27.478+0000: 962.017: [GC [PSYoungGen: 737924K->256K(884800K)] 866952K->129348K(1571776K), 0.0160010 secs] [Times: user=0.05 sys=0.00, real=0.02 secs] 
2014-07-16T02:31:29.434+0000: 963.973: [GC [PSYoungGen: 884800K->480K(850816K)] 1013892K->129676K(1537792K), 0.0041820 secs] [Times: user=0.01 sys=0.00, real=0.00 secs] 
2014-07-16T02:31:31.237+0000: 965.776: [GC [PSYoungGen: 850784K->256K(817984K)] 979980K->129540K(1504960K), 0.0185360 secs] [Times: user=0.07 sys=0.00, real=0.02 secs] 
2014-07-16T02:31:33.117+0000: 967.656: [GC [PSYoungGen: 817960K->762K(787456K)] 947244K->130150K(1474432K), 0.0099880 secs] [Times: user=0.03 sys=0.00, real=0.01 secs] 
2014-07-16T02:31:34.839+0000: 969.378: [GC [PSYoungGen: 787369K->648K(757824K)] 916757K->130228K(1444800K), 0.0128920 secs] [Times: user=0.05 sys=0.00, real=0.02 secs] 
2014-07-16T02:31:36.590+0000: 971.129: [GC [PSYoungGen: 757768K->1188K(730112K)] 887348K->130888K(1417088K), 0.0074790 secs] [Times: user=0.02 sys=0.01, real=0.01 secs] 
2014-07-16T02:31:38.110+0000: 972.649: [GC [PSYoungGen: 730084K->192K(702208K)] 859784K->130004K(1389184K), 0.0058390 secs] [Times: user=0.01 sys=0.00, real=0.01 secs] 
2014-07-16T02:31:39.642+0000: 974.181: [GC [PSYoungGen: 702208K->498K(676864K)] 832020K->130406K(1363840K), 0.0049130 secs] [Times: user=0.01 sys=0.00, real=0.01 secs] 
2014-07-16T02:31:41.087+0000: 975.626: [GC [PSYoungGen: 676850K->192K(652096K)] 806758K->130156K(1339072K), 0.0047500 secs] [Times: user=0.01 sys=0.00, real=0.00 secs] 
2014-07-16T02:31:42.560+0000: 977.099: [GC [PSYoungGen: 652005K->722K(629376K)] 781969K->130782K(1316352K), 0.0056970 secs] [Times: user=0.02 sys=0.00, real=0.01 secs] 
2014-07-16T02:31:43.901+0000: 978.440: [GC [PSYoungGen: 629324K->210K(606592K)] 759384K->130414K(1293568K), 0.0118630 secs] [Times: user=0.04 sys=0.00, real=0.02 secs] 
2014-07-16T02:31:45.209+0000: 979.748: [GC [PSYoungGen: 606546K->406K(585536K)] 736750K->130658K(1272512K), 0.0046580 secs] [Times: user=0.01 sys=0.00, real=0.01 secs] 
2014-07-16T02:31:46.467+0000: 981.006: [GC [PSYoungGen: 585494K->224K(565056K)] 715746K->130540K(1252032K), 0.0043230 secs] [Times: user=0.01 sys=0.00, real=0.00 secs] 
2014-07-16T02:31:47.731+0000: 982.270: [GC [PSYoungGen: 565024K->516K(546048K)] 695340K->130888K(1233024K), 0.0075520 secs] [Times: user=0.02 sys=0.00, real=0.01 secs] 
2014-07-16T02:31:48.911+0000: 983.450: [GC [PSYoungGen: 545988K->288K(527296K)] 676360K->130748K(1214272K), 0.0132880 secs] [Times: user=0.05 sys=0.00, real=0.02 secs] 
2014-07-16T02:31:50.055+0000: 984.594: [GC [PSYoungGen: 527264K->672K(510016K)] 657724K->131180K(1196992K), 0.0135350 secs] [Times: user=0.05 sys=0.00, real=0.01 secs] 
2014-07-16T02:31:51.141+0000: 985.680: [GC [PSYoungGen: 509984K->406K(492864K)] 640492K->130978K(1179840K), 0.0045060 secs] [Times: user=0.01 sys=0.00, real=0.01 secs] 
2014-07-16T02:31:52.306+0000: 986.845: [GC [PSYoungGen: 492822K->512K(476800K)] 623394K->131180K(1163776K), 0.0121320 secs] [Times: user=0.04 sys=0.00, real=0.01 secs] 
2014-07-16T02:31:53.317+0000: 987.856: [GC [PSYoungGen: 476800K->274K(461184K)] 607468K->131070K(1148160K), 0.0067910 secs] [Times: user=0.02 sys=0.01, real=0.01 secs] 
2014-07-16T02:31:54.312+0000: 988.850: [GC [PSYoungGen: 461138K->402K(553536K)] 591934K->131246K(1240512K), 0.0202710 secs] [Times: user=0.08 sys=0.00, real=0.02 secs] 
2014-07-16T02:31:55.492+0000: 990.031: [GC [PSYoungGen: 553490K->228K(664000K)] 684334K->131112K(1350976K), 0.0124090 secs] [Times: user=0.04 sys=0.00, real=0.02 secs] 
2014-07-16T02:31:56.980+0000: 991.519: [GC [PSYoungGen: 663972K->566K(640448K)] 794856K->131530K(1327424K), 0.0068410 secs] [Times: user=0.01 sys=0.00, real=0.01 secs] 
2014-07-16T02:31:58.299+0000: 992.838: [GC [PSYoungGen: 640437K->320K(617408K)] 771401K->131356K(1304384K), 0.0050510 secs] [Times: user=0.01 sys=0.00, real=0.00 secs] 
2014-07-16T02:31:59.622+0000: 994.161: [GC [PSYoungGen: 617389K->228K(595584K)] 748425K->131296K(1282560K), 0.0065380 secs] [Times: user=0.01 sys=0.00, real=0.01 secs] 
2014-07-16T02:32:00.902+0000: 995.441: [GC [PSYoungGen: 595556K->370K(574976K)] 726624K->131478K(1261952K), 0.0136600 secs] [Times: user=0.05 sys=0.00, real=0.02 secs] 
2014-07-16T02:32:02.221+0000: 996.760: [GC [PSYoungGen: 574962K->448K(555264K)] 706070K->131620K(1242240K), 0.0055040 secs] [Times: user=0.01 sys=0.00, real=0.01 secs] 
2014-07-16T02:32:03.427+0000: 997.966: [GC [PSYoungGen: 555258K->480K(536448K)] 686430K->131804K(1223424K), 0.0106880 secs] [Times: user=0.04 sys=0.01, real=0.01 secs] 
2014-07-16T02:32:04.578+0000: 999.117: [GC [PSYoungGen: 536416K->256K(518144K)] 667740K->131644K(1205120K), 0.0048110 secs] [Times: user=0.01 sys=0.00, real=0.00 secs] 
2014-07-16T02:32:05.692+0000: 1000.231: [GC [PSYoungGen: 518067K->356K(621888K)] 649455K->131800K(1308864K), 0.0370560 secs] [Times: user=0.14 sys=0.00, real=0.04 secs] 
2014-07-16T02:32:07.127+0000: 1001.666: [GC [PSYoungGen: 621860K->566K(746432K)] 753304K->132058K(1433408K), 0.0055140 secs] [Times: user=0.02 sys=0.00, real=0.00 secs] 
2014-07-16T02:32:08.682+0000: 1003.221: [GC [PSYoungGen: 746422K->192K(895232K)] 877914K->131796K(1582208K), 0.0163520 secs] [Times: user=0.06 sys=0.00, real=0.02 secs] 
2014-07-16T02:32:10.606+0000: 1005.145: [GC [PSYoungGen: 895232K->576K(860928K)] 1026836K->132276K(1547904K), 0.0084130 secs] [Times: user=0.02 sys=0.00, real=0.01 secs] 
2014-07-16T02:32:12.519+0000: 1007.058: [GC [PSYoungGen: 860864K->512K(827776K)] 992564K->132308K(1514752K), 0.0057330 secs] [Times: user=0.01 sys=0.00, real=0.00 secs] 
2014-07-16T02:32:14.310+0000: 1008.849: [GC [PSYoungGen: 827768K->648K(796480K)] 959564K->132620K(1483456K), 0.0048200 secs] [Times: user=0.01 sys=0.00, real=0.00 secs] 
2014-07-16T02:32:16.036+0000: 1010.575: [GC [PSYoungGen: 796424K->416K(766208K)] 928396K->132508K(1453184K), 0.0149070 secs] [Times: user=0.05 sys=0.00, real=0.02 secs] 
2014-07-16T02:32:17.800+0000: 1012.339: [GC [PSYoungGen: 766176K->544K(737728K)] 898268K->132732K(1424704K), 0.0081750 secs] [Times: user=0.02 sys=0.00, real=0.01 secs] 
2014-07-16T02:32:19.409+0000: 1013.948: [GC [PSYoungGen: 737696K->680K(710592K)] 869884K->133572K(1397568K), 0.0089650 secs] [Times: user=0.02 sys=0.00, real=0.01 secs] 
2014-07-16T02:32:20.956+0000: 1015.495: [GC [PSYoungGen: 710568K->708K(684672K)] 843460K->133656K(1371648K), 0.0089270 secs] [Times: user=0.03 sys=0.00, real=0.01 secs] 
2014-07-16T02:32:22.522+0000: 1017.061: [GC [PSYoungGen: 684612K->448K(659520K)] 817560K->133660K(1346496K), 0.0206730 secs] [Times: user=0.07 sys=0.00, real=0.02 secs] 
2014-07-16T02:32:23.982+0000: 1018.521: [GC [PSYoungGen: 659520K->320K(635712K)] 792732K->133692K(1322688K), 0.0115710 secs] [Times: user=0.04 sys=0.00, real=0.01 secs] 
2014-07-16T02:32:25.346+0000: 1019.885: [GC [PSYoungGen: 635696K->228K(613056K)] 769068K->133696K(1300032K), 0.0102210 secs] [Times: user=0.03 sys=0.00, real=0.01 secs] 
2014-07-16T02:32:26.668+0000: 1021.207: [GC [PSYoungGen: 613028K->420K(591680K)] 746496K->133944K(1278656K), 0.0078290 secs] [Times: user=0.01 sys=0.00, real=0.01 secs] 
2014-07-16T02:32:27.990+0000: 1022.529: [GC [PSYoungGen: 591652K->438K(571136K)] 725176K->134018K(1258112K), 0.0132530 secs] [Times: user=0.05 sys=0.00, real=0.01 secs] 
2014-07-16T02:32:29.224+0000: 1023.763: [GC [PSYoungGen: 571126K->416K(551488K)] 704706K->134092K(1238464K), 0.0148160 secs] [Times: user=0.05 sys=0.00, real=0.02 secs] 
2014-07-16T02:32:30.410+0000: 1024.949: [GC [PSYoungGen: 551456K->402K(532736K)] 685132K->134142K(1219712K), 0.0051620 secs] [Times: user=0.01 sys=0.00, real=0.01 secs] 
2014-07-16T02:32:31.555+0000: 1026.094: [GC [PSYoungGen: 532690K->256K(514624K)] 666430K->134068K(1201600K), 0.0086330 secs] [Times: user=0.03 sys=0.00, real=0.01 secs] 
2014-07-16T02:32:32.715+0000: 1027.254: [GC [PSYoungGen: 514565K->584K(497920K)] 648377K->134492K(1184896K), 0.0184130 secs] [Times: user=0.07 sys=0.00, real=0.02 secs] 
2014-07-16T02:32:33.790+0000: 1028.329: [GC [PSYoungGen: 497864K->160K(481152K)] 631772K->134164K(1168128K), 0.0036240 secs] [Times: user=0.01 sys=0.00, real=0.01 secs] 
2014-07-16T02:32:34.864+0000: 1029.403: [GC [PSYoungGen: 481120K->370K(465728K)] 615124K->134438K(1152704K), 0.0053180 secs] [Times: user=0.02 sys=0.00, real=0.00 secs] 
2014-07-16T02:32:35.854+0000: 1030.393: [GC [PSYoungGen: 465714K->384K(558848K)] 599782K->134564K(1245824K), 0.0267070 secs] [Times: user=0.09 sys=0.00, real=0.03 secs] 
2014-07-16T02:32:37.072+0000: 1031.611: [GC [PSYoungGen: 558848K->288K(670528K)] 693028K->134524K(1357504K), 0.0190770 secs] [Times: user=0.06 sys=0.00, real=0.01 secs] 
2014-07-16T02:32:38.569+0000: 1033.108: [GC [PSYoungGen: 670496K->818K(805120K)] 804732K->135230K(1492096K), 0.0079170 secs] [Times: user=0.01 sys=0.00, real=0.01 secs] 
2014-07-16T02:32:40.286+0000: 1034.825: [GC [PSYoungGen: 805106K->370K(965568K)] 939518K->134878K(1652544K), 0.0165980 secs] [Times: user=0.04 sys=0.00, real=0.02 secs] 
2014-07-16T02:32:42.374+0000: 1036.913: [GC [PSYoungGen: 965554K->772K(927936K)] 1100062K->135368K(1614912K), 0.0081800 secs] [Times: user=0.01 sys=0.01, real=0.01 secs] 
2014-07-16T02:32:44.447+0000: 1038.986: [GC [PSYoungGen: 927876K->480K(891392K)] 1062472K->135196K(1578368K), 0.0112660 secs] [Times: user=0.03 sys=0.00, real=0.01 secs] 
2014-07-16T02:32:46.366+0000: 1040.905: [GC [PSYoungGen: 891339K->352K(856768K)] 1026055K->135236K(1543744K), 0.0124440 secs] [Times: user=0.05 sys=0.00, real=0.01 secs] 
2014-07-16T02:32:48.256+0000: 1042.795: [GC [PSYoungGen: 856736K->288K(823808K)] 991620K->135236K(1510784K), 0.0081570 secs] [Times: user=0.01 sys=0.00, real=0.01 secs] 
2014-07-16T02:32:50.031+0000: 1044.570: [GC [PSYoungGen: 823776K->484K(792704K)] 958724K->135528K(1479680K), 0.0052320 secs] [Times: user=0.01 sys=0.00, real=0.01 secs] 
2014-07-16T02:32:51.755+0000: 1046.294: [GC [PSYoungGen: 792676K->882K(763264K)] 927720K->136078K(1450240K), 0.0129770 secs] [Times: user=0.04 sys=0.00, real=0.01 secs] 
2014-07-16T02:32:53.465+0000: 1048.004: [GC [PSYoungGen: 763250K->452K(734400K)] 898446K->135784K(1421376K), 0.0143620 secs] [Times: user=0.05 sys=0.00, real=0.01 secs] 
2014-07-16T02:32:55.055+0000: 1049.594: [GC [PSYoungGen: 734340K->818K(707584K)] 869672K->136574K(1394560K), 0.0081640 secs] [Times: user=0.02 sys=0.00, real=0.01 secs] 
2014-07-16T02:32:56.566+0000: 1051.105: [GC [PSYoungGen: 707570K->402K(681344K)] 843326K->136230K(1368320K), 0.0059890 secs] [Times: user=0.01 sys=0.01, real=0.00 secs] 
2014-07-16T02:32:58.095+0000: 1052.634: [GC [PSYoungGen: 681298K->502K(656768K)] 817126K->136450K(1343744K), 0.0198300 secs] [Times: user=0.07 sys=0.00, real=0.02 secs] 
2014-07-16T02:32:59.501+0000: 1054.040: [GC [PSYoungGen: 656758K->420K(633152K)] 792706K->136448K(1320128K), 0.0049720 secs] [Times: user=0.01 sys=0.00, real=0.01 secs] 
2014-07-16T02:33:00.881+0000: 1055.420: [GC [PSYoungGen: 633124K->498K(610752K)] 769152K->136574K(1297728K), 0.0069630 secs] [Times: user=0.01 sys=0.00, real=0.01 secs] 
2014-07-16T02:33:02.188+0000: 1056.727: [GC [PSYoungGen: 610672K->534K(589376K)] 746748K->136714K(1276352K), 0.0181540 secs] [Times: user=0.06 sys=0.00, real=0.02 secs] 
2014-07-16T02:33:03.515+0000: 1058.054: [GC [PSYoungGen: 589334K->818K(569216K)] 725514K->137078K(1256192K), 0.0058380 secs] [Times: user=0.02 sys=0.00, real=0.00 secs] 
2014-07-16T02:33:04.745+0000: 1059.284: [GC [PSYoungGen: 569202K->480K(549376K)] 705462K->136852K(1236352K), 0.0066910 secs] [Times: user=0.02 sys=0.00, real=0.00 secs] 
2014-07-16T02:33:05.920+0000: 1060.459: [GC [PSYoungGen: 549344K->256K(530496K)] 685716K->136692K(1217472K), 0.0041270 secs] [Times: user=0.01 sys=0.00, real=0.00 secs] 
2014-07-16T02:33:07.076+0000: 1061.615: [GC [PSYoungGen: 530496K->484K(512960K)] 666932K->136968K(1199936K), 0.0135430 secs] [Times: user=0.05 sys=0.00, real=0.01 secs] 
2014-07-16T02:33:08.259+0000: 1062.798: [GC [PSYoungGen: 512932K->466K(495936K)] 649416K->137014K(1182912K), 0.0055860 secs] [Times: user=0.02 sys=0.00, real=0.01 secs] 
2014-07-16T02:33:09.302+0000: 1063.841: [GC [PSYoungGen: 495890K->370K(479552K)] 632438K->137006K(1166528K), 0.0150190 secs] [Times: user=0.05 sys=0.01, real=0.02 secs] 
2014-07-16T02:33:10.336+0000: 1064.875: [GC [PSYoungGen: 479538K->402K(464064K)] 616174K->137078K(1151040K), 0.0081690 secs] [Times: user=0.01 sys=0.00, real=0.00 secs] 
2014-07-16T02:33:11.328+0000: 1065.867: [GC [PSYoungGen: 464018K->370K(449152K)] 600694K->137118K(1136128K), 0.0105280 secs] [Times: user=0.03 sys=0.00, real=0.01 secs] 
2014-07-16T02:33:12.303+0000: 1066.842: [GC [PSYoungGen: 449138K->192K(538752K)] 585886K->137012K(1225728K), 0.0138100 secs] [Times: user=0.05 sys=0.00, real=0.02 secs] 
2014-07-16T02:33:13.514+0000: 1068.053: [GC [PSYoungGen: 538752K->288K(646592K)] 675572K->137172K(1333568K), 0.0234120 secs] [Times: user=0.09 sys=0.00, real=0.03 secs] 
2014-07-16T02:33:14.929+0000: 1069.468: [GC [PSYoungGen: 646560K->352K(775936K)] 783444K->137340K(1462912K), 0.0054060 secs] [Times: user=0.01 sys=0.00, real=0.00 secs] 
2014-07-16T02:33:16.606+0000: 1071.145: [GC [PSYoungGen: 775904K->608K(747136K)] 912892K->137732K(1434112K), 0.0072770 secs] [Times: user=0.02 sys=0.00, real=0.01 secs] 
2014-07-16T02:33:18.211+0000: 1072.750: [GC [PSYoungGen: 747099K->690K(719488K)] 884223K->137870K(1406464K), 0.0046250 secs] [Times: user=0.02 sys=0.00, real=0.00 secs] 
2014-07-16T02:33:19.758+0000: 1074.297: [GC [PSYoungGen: 719474K->320K(692672K)] 856654K->137556K(1379648K), 0.0059020 secs] [Times: user=0.02 sys=0.00, real=0.00 secs] 
2014-07-16T02:33:21.230+0000: 1075.769: [GC [PSYoungGen: 692672K->374K(667520K)] 829908K->137658K(1354496K), 0.0129220 secs] [Times: user=0.04 sys=0.00, real=0.01 secs] 
2014-07-16T02:33:22.700+0000: 1077.239: [GC [PSYoungGen: 667510K->530K(643712K)] 804794K->137910K(1330688K), 0.0209120 secs] [Times: user=0.07 sys=0.00, real=0.02 secs] 
2014-07-16T02:33:24.220+0000: 1078.759: [GC [PSYoungGen: 643666K->320K(620544K)] 781046K->137820K(1307520K), 0.0060470 secs] [Times: user=0.01 sys=0.00, real=0.00 secs] 
2014-07-16T02:33:25.569+0000: 1080.108: [GC [PSYoungGen: 620544K->192K(598528K)] 758044K->137804K(1285504K), 0.0046760 secs] [Times: user=0.01 sys=0.00, real=0.00 secs] 
2014-07-16T02:33:26.884+0000: 1081.423: [GC [PSYoungGen: 598528K->882K(578368K)] 736140K->138582K(1265344K), 0.0119520 secs] [Times: user=0.04 sys=0.00, real=0.01 secs] 
2014-07-16T02:33:28.114+0000: 1082.653: [GC [PSYoungGen: 578354K->630K(558208K)] 716054K->138386K(1245184K), 0.0154360 secs] [Times: user=0.05 sys=0.00, real=0.02 secs] 
2014-07-16T02:33:29.362+0000: 1083.901: [GC [PSYoungGen: 558198K->288K(538880K)] 695954K->138076K(1225856K), 0.0053250 secs] [Times: user=0.01 sys=0.00, real=0.00 secs] 
2014-07-16T02:33:30.504+0000: 1085.043: [GC [PSYoungGen: 538848K->288K(520704K)] 676636K->138164K(1207680K), 0.0072050 secs] [Times: user=0.01 sys=0.00, real=0.01 secs] 
2014-07-16T02:33:31.652+0000: 1086.191: [GC [PSYoungGen: 520672K->448K(503488K)] 658548K->138388K(1190464K), 0.0059490 secs] [Times: user=0.01 sys=0.00, real=0.00 secs] 
2014-07-16T02:33:32.726+0000: 1087.265: [GC [PSYoungGen: 503488K->384K(486848K)] 641428K->138396K(1173824K), 0.0039260 secs] [Times: user=0.01 sys=0.00, real=0.01 secs] 
2014-07-16T02:33:33.844+0000: 1088.383: [GC [PSYoungGen: 486848K->306K(470912K)] 624860K->138366K(1157888K), 0.0048840 secs] [Times: user=0.01 sys=0.00, real=0.00 secs] 
2014-07-16T02:33:34.858+0000: 1089.397: [GC [PSYoungGen: 470898K->498K(455936K)] 608958K->138662K(1142912K), 0.0040890 secs] [Times: user=0.01 sys=0.00, real=0.01 secs] 
2014-07-16T02:33:35.867+0000: 1090.406: [GC [PSYoungGen: 455922K->658K(441600K)] 594086K->138870K(1128576K), 0.0050670 secs] [Times: user=0.02 sys=0.00, real=0.01 secs] 
2014-07-16T02:33:36.812+0000: 1091.351: [GC [PSYoungGen: 441493K->356K(427392K)] 579705K->138616K(1114368K), 0.0047960 secs] [Times: user=0.01 sys=0.00, real=0.00 secs] 
2014-07-16T02:33:37.729+0000: 1092.268: [GC [PSYoungGen: 427364K->434K(414144K)] 565624K->138758K(1101120K), 0.0077180 secs] [Times: user=0.02 sys=0.00, real=0.01 secs] 
2014-07-16T02:33:38.732+0000: 1093.271: [GC [PSYoungGen: 414130K->608K(401600K)] 552454K->138972K(1088576K), 0.0145530 secs] [Times: user=0.05 sys=0.00, real=0.01 secs] 
2014-07-16T02:33:39.597+0000: 1094.136: [GC [PSYoungGen: 401568K->352K(389184K)] 539932K->138812K(1076160K), 0.0051420 secs] [Times: user=0.01 sys=0.00, real=0.01 secs] 
2014-07-16T02:33:40.430+0000: 1094.969: [GC [PSYoungGen: 389148K->466K(377664K)] 527608K->138974K(1064640K), 0.0138230 secs] [Times: user=0.05 sys=0.00, real=0.01 secs] 
2014-07-16T02:33:41.251+0000: 1095.790: [GC [PSYoungGen: 377618K->470K(366464K)] 516126K->139034K(1053440K), 0.0039200 secs] [Times: user=0.01 sys=0.01, real=0.00 secs] 
2014-07-16T02:33:42.039+0000: 1096.578: [GC [PSYoungGen: 366422K->448K(439616K)] 504986K->139084K(1126592K), 0.0198650 secs] [Times: user=0.07 sys=0.01, real=0.02 secs] 
2014-07-16T02:33:43.041+0000: 1097.580: [GC [PSYoungGen: 439613K->466K(527552K)] 578250K->139166K(1214528K), 0.0075890 secs] [Times: user=0.01 sys=0.00, real=0.00 secs] 
2014-07-16T02:33:44.230+0000: 1098.769: [GC [PSYoungGen: 527506K->288K(632768K)] 666206K->139084K(1319744K), 0.0143360 secs] [Times: user=0.05 sys=0.00, real=0.02 secs] 
2014-07-16T02:33:45.616+0000: 1100.155: [GC [PSYoungGen: 632736K->548K(759552K)] 771532K->139472K(1446528K), 0.0347920 secs] [Times: user=0.13 sys=0.00, real=0.03 secs] 
2014-07-16T02:33:47.265+0000: 1101.804: [GC [PSYoungGen: 759522K->754K(911552K)] 898446K->139790K(1598528K), 0.0230870 secs] [Times: user=0.08 sys=0.00, real=0.02 secs] 
2014-07-16T02:33:49.269+0000: 1103.808: [GC [PSYoungGen: 911538K->256K(1093248K)] 1050574K->139510K(1780224K), 0.0081930 secs] [Times: user=0.02 sys=0.01, real=0.01 secs] 
2014-07-16T02:33:51.633+0000: 1106.172: [GC [PSYoungGen: 1093248K->448K(1312064K)] 1232502K->139822K(1999040K), 0.0233000 secs] [Times: user=0.09 sys=0.00, real=0.02 secs] 
2014-07-16T02:33:54.539+0000: 1109.078: [GC [PSYoungGen: 1312064K->658K(1574656K)] 1451438K->140208K(2261632K), 0.0176970 secs] [Times: user=0.05 sys=0.00, real=0.02 secs] 
2014-07-16T02:33:58.000+0000: 1112.539: [GC [PSYoungGen: 1574610K->416K(1506816K)] 1714160K->140158K(2193792K), 0.0052000 secs] [Times: user=0.01 sys=0.00, real=0.01 secs] 
2014-07-16T02:34:01.279+0000: 1115.818: [GC [PSYoungGen: 1506784K->562K(1442688K)] 1646526K->140512K(2129664K), 0.0056530 secs] [Times: user=0.02 sys=0.00, real=0.01 secs] 
2014-07-16T02:34:04.485+0000: 1119.024: [GC [PSYoungGen: 1442674K->896K(1381888K)] 1582624K->141238K(2068864K), 0.0069330 secs] [Times: user=0.01 sys=0.00, real=0.00 secs] 
2014-07-16T02:34:07.481+0000: 1122.020: [GC [PSYoungGen: 1381888K->384K(1323200K)] 1522230K->140966K(2010176K), 0.0072650 secs] [Times: user=0.01 sys=0.00, real=0.01 secs] 
2014-07-16T02:34:10.393+0000: 1124.932: [GC [PSYoungGen: 1323200K->452K(1268032K)] 1463782K->141234K(1955008K), 0.0056980 secs] [Times: user=0.01 sys=0.01, real=0.01 secs] 
2014-07-16T02:34:13.126+0000: 1127.665: [GC [PSYoungGen: 1267972K->320K(1215232K)] 1408754K->141262K(1902208K), 0.0112250 secs] [Times: user=0.04 sys=0.00, real=0.01 secs] 
2014-07-16T02:34:15.804+0000: 1130.343: [GC [PSYoungGen: 1215232K->946K(1165760K)] 1356174K->142024K(1852736K), 0.0070500 secs] [Times: user=0.02 sys=0.01, real=0.01 secs] 
2014-07-16T02:34:18.298+0000: 1132.837: [GC [PSYoungGen: 1165657K->256K(1117376K)] 1306735K->141494K(1804352K), 0.0047200 secs] [Times: user=0.01 sys=0.00, real=0.00 secs] 
2014-07-16T02:34:20.762+0000: 1135.301: [GC [PSYoungGen: 1117376K->320K(1072064K)] 1258614K->141670K(1759040K), 0.0074760 secs] [Times: user=0.02 sys=0.00, real=0.01 secs] 
2014-07-16T02:34:23.080+0000: 1137.619: [GC [PSYoungGen: 1072011K->740K(1029376K)] 1213361K->142210K(1716352K), 0.0117730 secs] [Times: user=0.04 sys=0.00, real=0.01 secs] 
2014-07-16T02:34:25.410+0000: 1139.949: [GC [PSYoungGen: 1029348K->1000K(988544K)] 1170818K->142622K(1675520K), 0.0204310 secs] [Times: user=0.08 sys=0.00, real=0.02 secs] 
2014-07-16T02:34:27.571+0000: 1142.110: [GC [PSYoungGen: 988520K->384K(948800K)] 1130142K->142182K(1635776K), 0.0121430 secs] [Times: user=0.04 sys=0.01, real=0.01 secs] 
2014-07-16T02:34:29.705+0000: 1144.244: [GC [PSYoungGen: 948800K->448K(911616K)] 1090598K->142342K(1598592K), 0.0172200 secs] [Times: user=0.05 sys=0.00, real=0.02 secs] 
2014-07-16T02:34:31.658+0000: 1146.196: [GC [PSYoungGen: 911616K->384K(876096K)] 1053510K->142398K(1563072K), 0.0087120 secs] [Times: user=0.02 sys=0.00, real=0.01 secs] 
2014-07-16T02:34:33.562+0000: 1148.101: [GC [PSYoungGen: 876000K->566K(842496K)] 1018014K->142708K(1529472K), 0.0076730 secs] [Times: user=0.01 sys=0.00, real=0.01 secs] 
2014-07-16T02:34:35.491+0000: 1150.030: [GC [PSYoungGen: 842486K->320K(810048K)] 984628K->142558K(1497024K), 0.0049840 secs] [Times: user=0.01 sys=0.00, real=0.00 secs] 
2014-07-16T02:34:37.286+0000: 1151.825: [GC [PSYoungGen: 810048K->548K(779648K)] 952286K->142954K(1466624K), 0.0049010 secs] [Times: user=0.01 sys=0.00, real=0.01 secs] 
2014-07-16T02:34:38.950+0000: 1153.489: [GC [PSYoungGen: 779613K->306K(750144K)] 922019K->142824K(1437120K), 0.0046050 secs] [Times: user=0.01 sys=0.00, real=0.00 secs] 
2014-07-16T02:34:40.608+0000: 1155.147: [GC [PSYoungGen: 750130K->434K(722432K)] 892648K->143024K(1409408K), 0.0119890 secs] [Times: user=0.03 sys=0.00, real=0.02 secs] 
2014-07-16T02:34:42.175+0000: 1156.714: [GC [PSYoungGen: 722418K->452K(695936K)] 865008K->143146K(1382912K), 0.0054850 secs] [Times: user=0.01 sys=0.00, real=0.01 secs] 
2014-07-16T02:34:43.673+0000: 1158.212: [GC [PSYoungGen: 695876K->402K(670528K)] 838570K->143200K(1357504K), 0.0333080 secs] [Times: user=0.12 sys=0.00, real=0.03 secs] 
2014-07-16T02:34:45.235+0000: 1159.774: [GC [PSYoungGen: 670482K->434K(646336K)] 813280K->143304K(1333312K), 0.0151390 secs] [Times: user=0.05 sys=0.00, real=0.01 secs] 
2014-07-16T02:34:46.660+0000: 1161.199: [GC [PSYoungGen: 646322K->708K(623616K)] 789192K->143714K(1310592K), 0.0061100 secs] [Times: user=0.01 sys=0.00, real=0.01 secs] 
2014-07-16T02:34:48.043+0000: 1162.582: [GC [PSYoungGen: 623556K->612K(601472K)] 766562K->143970K(1288448K), 0.0060270 secs] [Times: user=0.01 sys=0.00, real=0.00 secs] 
2014-07-16T02:34:49.358+0000: 1163.897: [GC [PSYoungGen: 601444K->982K(580864K)] 744802K->144420K(1267840K), 0.0080130 secs] [Times: user=0.02 sys=0.00, real=0.01 secs] 
2014-07-16T02:34:50.639+0000: 1165.178: [GC [PSYoungGen: 580732K->466K(560320K)] 724170K->144040K(1247296K), 0.0079610 secs] [Times: user=0.04 sys=0.00, real=0.01 secs] 
2014-07-16T02:34:51.830+0000: 1166.369: [GC [PSYoungGen: 560274K->384K(541056K)] 703848K->144078K(1228032K), 0.0101510 secs] [Times: user=0.03 sys=0.00, real=0.01 secs] 
2014-07-16T02:34:53.010+0000: 1167.549: [GC [PSYoungGen: 541056K->352K(522752K)] 684750K->144134K(1209728K), 0.0148020 secs] [Times: user=0.06 sys=0.00, real=0.02 secs] 
2014-07-16T02:34:54.153+0000: 1168.692: [GC [PSYoungGen: 522717K->658K(505600K)] 666499K->144496K(1192576K), 0.0135760 secs] [Times: user=0.04 sys=0.00, real=0.01 secs] 
2014-07-16T02:34:55.277+0000: 1169.816: [GC [PSYoungGen: 505554K->552K(488768K)] 649392K->144470K(1175744K), 0.0083260 secs] [Times: user=0.02 sys=0.00, real=0.01 secs] 
2014-07-16T02:34:56.334+0000: 1170.873: [GC [PSYoungGen: 488652K->228K(472512K)] 632570K->144258K(1159488K), 0.0051770 secs] [Times: user=0.01 sys=0.00, real=0.00 secs] 
2014-07-16T02:34:57.440+0000: 1171.979: [GC [PSYoungGen: 472426K->754K(457792K)] 616456K->144832K(1144768K), 0.0045650 secs] [Times: user=0.02 sys=0.00, real=0.01 secs] 
2014-07-16T02:34:58.400+0000: 1172.939: [GC [PSYoungGen: 457774K->356K(442816K)] 601853K->144506K(1129792K), 0.0054620 secs] [Times: user=0.01 sys=0.00, real=0.01 secs] 
2014-07-16T02:34:59.352+0000: 1173.891: [GC [PSYoungGen: 442785K->192K(428672K)] 586935K->144374K(1115648K), 0.0041890 secs] [Times: user=0.00 sys=0.00, real=0.00 secs] 
2014-07-16T02:35:00.348+0000: 1174.887: [GC [PSYoungGen: 428672K->840K(515072K)] 572854K->145062K(1202048K), 0.0242270 secs] [Times: user=0.08 sys=0.00, real=0.02 secs] 
2014-07-16T02:35:01.453+0000: 1175.992: [GC [PSYoungGen: 515016K->448K(497536K)] 659238K->144782K(1184512K), 0.0098800 secs] [Times: user=0.01 sys=0.01, real=0.01 secs] 
2014-07-16T02:35:02.522+0000: 1177.060: [GC [PSYoungGen: 497496K->424K(596992K)] 641830K->144838K(1283968K), 0.0114570 secs] [Times: user=0.04 sys=0.00, real=0.02 secs] 
2014-07-16T02:35:03.820+0000: 1178.359: [GC [PSYoungGen: 596941K->516K(576320K)] 741355K->145002K(1263296K), 0.0058760 secs] [Times: user=0.02 sys=0.00, real=0.01 secs] 
2014-07-16T02:35:05.113+0000: 1179.652: [GC [PSYoungGen: 576260K->530K(556480K)] 720746K->145088K(1243456K), 0.0079190 secs] [Times: user=0.02 sys=0.00, real=0.01 secs] 
2014-07-16T02:35:06.305+0000: 1180.844: [GC [PSYoungGen: 556434K->256K(537216K)] 700992K->144910K(1224192K), 0.0052880 secs] [Times: user=0.01 sys=0.00, real=0.00 secs] 
2014-07-16T02:35:07.515+0000: 1182.054: [GC [PSYoungGen: 537146K->448K(519296K)] 681800K->145174K(1206272K), 0.0044770 secs] [Times: user=0.02 sys=0.00, real=0.00 secs] 
2014-07-16T02:35:08.638+0000: 1183.177: [GC [PSYoungGen: 519296K->224K(501824K)] 664022K->145022K(1188800K), 0.0079480 secs] [Times: user=0.03 sys=0.00, real=0.01 secs] 
2014-07-16T02:35:09.809+0000: 1184.348: [GC [PSYoungGen: 501792K->950K(486016K)] 646590K->146076K(1172992K), 0.0066910 secs] [Times: user=0.02 sys=0.00, real=0.01 secs] 
2014-07-16T02:35:10.809+0000: 1185.348: [GC [PSYoungGen: 486006K->352K(469632K)] 631132K->145534K(1156608K), 0.0097030 secs] [Times: user=0.04 sys=0.00, real=0.01 secs] 
2014-07-16T02:35:11.824+0000: 1186.363: [GC [PSYoungGen: 469600K->612K(454784K)] 614782K->145954K(1141760K), 0.0106440 secs] [Times: user=0.04 sys=0.00, real=0.01 secs] 
2014-07-16T02:35:12.804+0000: 1187.343: [GC [PSYoungGen: 454756K->498K(440192K)] 600098K->145896K(1127168K), 0.0078150 secs] [Times: user=0.01 sys=0.00, real=0.01 secs] 
2014-07-16T02:35:13.748+0000: 1188.287: [GC [PSYoungGen: 440130K->470K(426368K)] 585528K->145932K(1113344K), 0.0062530 secs] [Times: user=0.02 sys=0.00, real=0.01 secs] 
2014-07-16T02:35:14.666+0000: 1189.205: [GC [PSYoungGen: 426326K->306K(412928K)] 571788K->145816K(1099904K), 0.0103340 secs] [Times: user=0.04 sys=0.00, real=0.01 secs] 
2014-07-16T02:35:15.588+0000: 1190.127: [GC [PSYoungGen: 412914K->388K(400384K)] 558424K->145946K(1087360K), 0.0117460 secs] [Times: user=0.05 sys=0.00, real=0.01 secs] 
2014-07-16T02:35:16.447+0000: 1190.986: [GC [PSYoungGen: 400323K->406K(480384K)] 545882K->146052K(1167360K), 0.0132520 secs] [Times: user=0.04 sys=0.00, real=0.01 secs] 
2014-07-16T02:35:17.490+0000: 1192.028: [GC [PSYoungGen: 480325K->424K(576384K)] 625972K->146110K(1263360K), 0.0222950 secs] [Times: user=0.09 sys=0.00, real=0.02 secs] 
2014-07-16T02:35:18.748+0000: 1193.287: [GC [PSYoungGen: 576360K->402K(691584K)] 722046K->146152K(1378560K), 0.0106130 secs] [Times: user=0.03 sys=0.00, real=0.01 secs] 
2014-07-16T02:35:20.328+0000: 1194.867: [GC [PSYoungGen: 691532K->402K(829824K)] 837282K->146224K(1516800K), 0.0245330 secs] [Times: user=0.10 sys=0.00, real=0.02 secs] 
2014-07-16T02:35:22.129+0000: 1196.668: [GC [PSYoungGen: 829778K->466K(995776K)] 975600K->146416K(1682752K), 0.0093460 secs] [Times: user=0.02 sys=0.00, real=0.01 secs] 
2014-07-16T02:35:24.291+0000: 1198.830: [GC [PSYoungGen: 995730K->498K(956288K)] 1141680K->146552K(1643264K), 0.0073320 secs] [Times: user=0.02 sys=0.00, real=0.01 secs] 
2014-07-16T02:35:26.372+0000: 1200.911: [GC [PSYoungGen: 956274K->352K(918528K)] 1102328K->146510K(1605504K), 0.0054060 secs] [Times: user=0.01 sys=0.00, real=0.01 secs] 
2014-07-16T02:35:28.444+0000: 1202.983: [GC [PSYoungGen: 918496K->512K(882816K)] 1064654K->146798K(1569792K), 0.0252880 secs] [Times: user=0.09 sys=0.00, real=0.03 secs] 
2014-07-16T02:35:30.528+0000: 1205.067: [GC [PSYoungGen: 882816K->580K(848832K)] 1029102K->146994K(1535808K), 0.0103440 secs] [Times: user=0.04 sys=0.00, real=0.01 secs] 
2014-07-16T02:35:32.346+0000: 1206.885: [GC [PSYoungGen: 848772K->722K(816448K)] 995186K->147296K(1503424K), 0.0311370 secs] [Times: user=0.11 sys=0.00, real=0.03 secs] 
2014-07-16T02:35:34.114+0000: 1208.653: [GC [PSYoungGen: 816402K->320K(785024K)] 962976K->146998K(1472000K), 0.0168450 secs] [Times: user=0.06 sys=0.00, real=0.02 secs] 
2014-07-16T02:35:35.879+0000: 1210.418: [GC [PSYoungGen: 785024K->402K(755648K)] 931702K->147184K(1442624K), 0.0076460 secs] [Times: user=0.02 sys=0.00, real=0.00 secs] 
2014-07-16T02:35:37.519+0000: 1212.058: [GC [PSYoungGen: 755570K->388K(727552K)] 902352K->147298K(1414528K), 0.0149680 secs] [Times: user=0.05 sys=0.00, real=0.01 secs] 
2014-07-16T02:35:39.146+0000: 1213.685: [GC [PSYoungGen: 727492K->384K(700672K)] 874402K->147358K(1387648K), 0.0052230 secs] [Times: user=0.02 sys=0.00, real=0.01 secs] 
2014-07-16T02:35:40.713+0000: 1215.252: [GC [PSYoungGen: 700672K->576K(675328K)] 847646K->147646K(1362304K), 0.0098410 secs] [Times: user=0.04 sys=0.00, real=0.01 secs] 
2014-07-16T02:35:42.177+0000: 1216.716: [GC [PSYoungGen: 675328K->416K(650816K)] 822398K->147598K(1337792K), 0.0078250 secs] [Times: user=0.01 sys=0.00, real=0.01 secs] 
2014-07-16T02:35:43.574+0000: 1218.113: [GC [PSYoungGen: 650784K->448K(627584K)] 797966K->147718K(1314560K), 0.0048860 secs] [Times: user=0.01 sys=0.00, real=0.01 secs] 
2014-07-16T02:35:44.927+0000: 1219.465: [GC [PSYoungGen: 627584K->626K(605568K)] 774854K->147984K(1292544K), 0.0081660 secs] [Times: user=0.02 sys=0.00, real=0.01 secs] 
2014-07-16T02:35:46.319+0000: 1220.858: [GC [PSYoungGen: 605554K->484K(584256K)] 752912K->147914K(1271232K), 0.0041270 secs] [Times: user=0.01 sys=0.00, real=0.00 secs] 
2014-07-16T02:35:47.595+0000: 1222.134: [GC [PSYoungGen: 584228K->754K(564288K)] 731658K->148328K(1251264K), 0.0086460 secs] [Times: user=0.02 sys=0.00, real=0.01 secs] 
2014-07-16T02:35:48.830+0000: 1223.369: [GC [PSYoungGen: 564274K->292K(676544K)] 711848K->148090K(1363520K), 0.0320140 secs] [Times: user=0.12 sys=0.00, real=0.04 secs] 
2014-07-16T02:35:50.296+0000: 1224.835: [GC [PSYoungGen: 676471K->452K(652288K)] 824269K->148314K(1339264K), 0.0038140 secs] [Times: user=0.01 sys=0.00, real=0.00 secs] 
2014-07-16T02:35:51.738+0000: 1226.277: [GC [PSYoungGen: 652228K->352K(628864K)] 800090K->148350K(1315840K), 0.0205220 secs] [Times: user=0.08 sys=0.00, real=0.02 secs] 
2014-07-16T02:35:53.108+0000: 1227.647: [GC [PSYoungGen: 628832K->530K(606784K)] 776830K->148680K(1293760K), 0.0098630 secs] [Times: user=0.02 sys=0.00, real=0.01 secs] 
2014-07-16T02:35:54.408+0000: 1228.947: [GC [PSYoungGen: 606738K->324K(585344K)] 754888K->148554K(1272320K), 0.0058270 secs] [Times: user=0.01 sys=0.00, real=0.01 secs] 
2014-07-16T02:35:55.774+0000: 1230.313: [GC [PSYoungGen: 585211K->808K(565504K)] 733441K->149102K(1252480K), 0.0062910 secs] [Times: user=0.01 sys=0.00, real=0.00 secs] 
2014-07-16T02:35:56.984+0000: 1231.523: [GC [PSYoungGen: 565472K->498K(545856K)] 713766K->148944K(1232832K), 0.0123640 secs] [Times: user=0.04 sys=0.00, real=0.01 secs] 
2014-07-16T02:35:58.168+0000: 1232.706: [GC [PSYoungGen: 545842K->370K(527232K)] 694288K->148888K(1214208K), 0.0049040 secs] [Times: user=0.01 sys=0.00, real=0.01 secs] 
2014-07-16T02:35:59.363+0000: 1233.902: [GC [PSYoungGen: 527218K->662K(509888K)] 675736K->149236K(1196864K), 0.0207100 secs] [Times: user=0.08 sys=0.00, real=0.02 secs] 
2014-07-16T02:36:00.475+0000: 1235.014: [GC [PSYoungGen: 509846K->416K(611520K)] 658420K->149078K(1298496K), 0.0144920 secs] [Times: user=0.05 sys=0.00, real=0.01 secs] 
2014-07-16T02:36:01.831+0000: 1236.370: [GC [PSYoungGen: 611488K->224K(589888K)] 760150K->148958K(1276864K), 0.0090620 secs] [Times: user=0.03 sys=0.00, real=0.01 secs] 
2014-07-16T02:36:03.119+0000: 1237.658: [GC [PSYoungGen: 589833K->438K(569600K)] 738567K->149300K(1256576K), 0.0047410 secs] [Times: user=0.01 sys=0.01, real=0.01 secs] 
2014-07-16T02:36:04.337+0000: 1238.876: [GC [PSYoungGen: 569584K->498K(683520K)] 718447K->149424K(1370496K), 0.0333140 secs] [Times: user=0.11 sys=0.00, real=0.03 secs] 
2014-07-16T02:36:05.900+0000: 1240.439: [GC [PSYoungGen: 683444K->484K(820160K)] 832370K->149466K(1507136K), 0.0039560 secs] [Times: user=0.01 sys=0.00, real=0.01 secs] 
2014-07-16T02:36:07.662+0000: 1242.201: [GC [PSYoungGen: 820132K->470K(984128K)] 969114K->149564K(1671104K), 0.0206110 secs] [Times: user=0.08 sys=0.00, real=0.02 secs] 
2014-07-16T02:36:09.868+0000: 1244.407: [GC [PSYoungGen: 983989K->676K(945408K)] 1133083K->149858K(1632384K), 0.0058520 secs] [Times: user=0.01 sys=0.00, real=0.01 secs] 
2014-07-16T02:36:11.896+0000: 1246.435: [GC [PSYoungGen: 945380K->384K(908032K)] 1094562K->149686K(1595008K), 0.0243470 secs] [Times: user=0.08 sys=0.00, real=0.02 secs] 
2014-07-16T02:36:13.849+0000: 1248.388: [GC [PSYoungGen: 908032K->384K(872704K)] 1057334K->149854K(1559680K), 0.0177710 secs] [Times: user=0.07 sys=0.00, real=0.02 secs] 
2014-07-16T02:36:15.729+0000: 1250.268: [GC [PSYoungGen: 872704K->288K(838976K)] 1022174K->149862K(1525952K), 0.0140800 secs] [Times: user=0.05 sys=0.00, real=0.01 secs] 
2014-07-16T02:36:17.616+0000: 1252.155: [GC [PSYoungGen: 838944K->832K(807424K)] 988518K->150778K(1494400K), 0.0092170 secs] [Times: user=0.02 sys=0.00, real=0.01 secs] 
2014-07-16T02:36:19.329+0000: 1253.868: [GC [PSYoungGen: 807424K->384K(776448K)] 957370K->150450K(1463424K), 0.0059260 secs] [Times: user=0.01 sys=0.00, real=0.01 secs] 
2014-07-16T02:36:21.135+0000: 1255.674: [GC [PSYoungGen: 776407K->996K(747968K)] 926473K->151174K(1434944K), 0.0055960 secs] [Times: user=0.01 sys=0.00, real=0.00 secs] 
2014-07-16T02:36:22.702+0000: 1257.241: [GC [PSYoungGen: 747940K->306K(719552K)] 898118K->150684K(1406528K), 0.0134820 secs] [Times: user=0.05 sys=0.01, real=0.02 secs] 
2014-07-16T02:36:24.272+0000: 1258.811: [GC [PSYoungGen: 719538K->160K(692992K)] 869916K->150618K(1379968K), 0.0098470 secs] [Times: user=0.04 sys=0.00, real=0.01 secs] 
2014-07-16T02:36:25.767+0000: 1260.306: [GC [PSYoungGen: 692960K->224K(667840K)] 843418K->150770K(1354816K), 0.0122430 secs] [Times: user=0.04 sys=0.00, real=0.01 secs] 
2014-07-16T02:36:27.291+0000: 1261.830: [GC [PSYoungGen: 667808K->320K(643840K)] 818354K->150938K(1330816K), 0.0180740 secs] [Times: user=0.06 sys=0.00, real=0.02 secs] 
2014-07-16T02:36:28.690+0000: 1263.229: [GC [PSYoungGen: 643840K->530K(621184K)] 794458K->151252K(1308160K), 0.0068340 secs] [Times: user=0.01 sys=0.00, real=0.01 secs] 
2014-07-16T02:36:30.032+0000: 1264.571: [GC [PSYoungGen: 621138K->512K(599232K)] 771860K->151282K(1286208K), 0.0055480 secs] [Times: user=0.02 sys=0.00, real=0.01 secs] 
2014-07-16T02:36:31.404+0000: 1265.943: [GC [PSYoungGen: 599232K->694K(578560K)] 750002K->151528K(1265536K), 0.0132950 secs] [Times: user=0.05 sys=0.00, real=0.02 secs] 
2014-07-16T02:36:32.657+0000: 1267.196: [GC [PSYoungGen: 578550K->832K(694272K)] 729384K->151842K(1381248K), 0.0284490 secs] [Times: user=0.11 sys=0.00, real=0.02 secs] 
2014-07-16T02:36:34.152+0000: 1268.691: [GC [PSYoungGen: 694272K->534K(832704K)] 845282K->151600K(1519680K), 0.0119320 secs] [Times: user=0.04 sys=0.00, real=0.01 secs] 
2014-07-16T02:36:35.950+0000: 1270.489: [GC [PSYoungGen: 832654K->402K(800832K)] 983720K->151588K(1487808K), 0.0066370 secs] [Times: user=0.01 sys=0.00, real=0.00 secs] 
2014-07-16T02:36:37.778+0000: 1272.317: [GC [PSYoungGen: 800786K->480K(770688K)] 951972K->151754K(1457664K), 0.0052310 secs] [Times: user=0.01 sys=0.00, real=0.00 secs] 
2014-07-16T02:36:39.457+0000: 1273.996: [GC [PSYoungGen: 770656K->850K(742272K)] 921930K->152244K(1429248K), 0.0093010 secs] [Times: user=0.03 sys=0.00, real=0.00 secs] 
2014-07-16T02:36:41.103+0000: 1275.642: [GC [PSYoungGen: 742226K->562K(714496K)] 893620K->152004K(1401472K), 0.0072990 secs] [Times: user=0.01 sys=0.00, real=0.01 secs] 
2014-07-16T02:36:42.726+0000: 1277.265: [GC [PSYoungGen: 714459K->502K(688256K)] 865901K->152096K(1375232K), 0.0225390 secs] [Times: user=0.08 sys=0.00, real=0.03 secs] 
2014-07-16T02:36:44.208+0000: 1278.747: [GC [PSYoungGen: 688159K->356K(663168K)] 839753K->152086K(1350144K), 0.0050490 secs] [Times: user=0.02 sys=0.00, real=0.01 secs] 
2014-07-16T02:36:45.632+0000: 1280.171: [GC [PSYoungGen: 663140K->388K(639424K)] 814870K->152190K(1326400K), 0.0039200 secs] [Times: user=0.01 sys=0.01, real=0.00 secs] 
2014-07-16T02:36:47.061+0000: 1281.600: [GC [PSYoungGen: 639364K->288K(616576K)] 791166K->152154K(1303552K), 0.0152920 secs] [Times: user=0.05 sys=0.00, real=0.01 secs] 
2014-07-16T02:36:48.392+0000: 1282.931: [GC [PSYoungGen: 616544K->224K(594816K)] 768410K->152186K(1281792K), 0.0091070 secs] [Times: user=0.03 sys=0.00, real=0.01 secs] 
2014-07-16T02:36:49.680+0000: 1284.219: [GC [PSYoungGen: 594784K->352K(713856K)] 746746K->152386K(1400832K), 0.0370200 secs] [Times: user=0.13 sys=0.00, real=0.03 secs] 
2014-07-16T02:36:51.320+0000: 1285.859: [GC [PSYoungGen: 713824K->936K(688256K)] 865858K->153026K(1375232K), 0.0041620 secs] [Times: user=0.01 sys=0.00, real=0.00 secs] 
2014-07-16T02:36:52.846+0000: 1287.385: [GC [PSYoungGen: 688232K->548K(662912K)] 840322K->152838K(1349888K), 0.0112520 secs] [Times: user=0.05 sys=0.00, real=0.01 secs] 
2014-07-16T02:36:54.283+0000: 1288.822: [GC [PSYoungGen: 662882K->320K(638848K)] 815173K->152714K(1325824K), 0.0052900 secs] [Times: user=0.01 sys=0.00, real=0.00 secs] 
2014-07-16T02:36:55.651+0000: 1290.190: [GC [PSYoungGen: 638793K->676K(616512K)] 791187K->153166K(1303488K), 0.0120040 secs] [Times: user=0.04 sys=0.00, real=0.01 secs] 
2014-07-16T02:36:56.991+0000: 1291.530: [GC [PSYoungGen: 616484K->402K(594560K)] 768974K->152964K(1281536K), 0.0064070 secs] [Times: user=0.01 sys=0.00, real=0.00 secs] 
2014-07-16T02:36:58.255+0000: 1292.794: [GC [PSYoungGen: 594514K->388K(573888K)] 747076K->153054K(1260864K), 0.0106320 secs] [Times: user=0.03 sys=0.00, real=0.01 secs] 
2014-07-16T02:36:59.548+0000: 1294.087: [GC [PSYoungGen: 573828K->434K(554112K)] 726494K->153148K(1241088K), 0.0072460 secs] [Times: user=0.03 sys=0.00, real=0.01 secs] 
2014-07-16T02:37:00.728+0000: 1295.267: [GC [PSYoungGen: 554098K->338K(535168K)] 706812K->153116K(1222144K), 0.0040850 secs] [Times: user=0.01 sys=0.00, real=0.01 secs] 
2014-07-16T02:37:02.032+0000: 1296.571: [GC [PSYoungGen: 535122K->658K(517504K)] 687900K->153500K(1204480K), 0.0107400 secs] [Times: user=0.04 sys=0.00, real=0.01 secs] 
2014-07-16T02:37:03.119+0000: 1297.658: [GC [PSYoungGen: 517458K->292K(499904K)] 670300K->153310K(1186880K), 0.0105760 secs] [Times: user=0.03 sys=0.00, real=0.01 secs] 
2014-07-16T02:37:04.208+0000: 1298.747: [GC [PSYoungGen: 499876K->530K(600128K)] 652894K->153596K(1287104K), 0.0253750 secs] [Times: user=0.10 sys=0.00, real=0.03 secs] 
2014-07-16T02:37:05.496+0000: 1300.035: [GC [PSYoungGen: 600082K->224K(578880K)] 753148K->153338K(1265856K), 0.0044580 secs] [Times: user=0.01 sys=0.00, real=0.00 secs] 
2014-07-16T02:37:06.854+0000: 1301.393: [GC [PSYoungGen: 578848K->822K(695232K)] 731962K->154016K(1382208K), 0.0193360 secs] [Times: user=0.06 sys=0.00, real=0.02 secs] 
2014-07-16T02:37:08.322+0000: 1302.861: [GC [PSYoungGen: 695221K->466K(669632K)] 848415K->153788K(1356608K), 0.0089420 secs] [Times: user=0.03 sys=0.00, real=0.00 secs] 
2014-07-16T02:37:09.792+0000: 1304.331: [GC [PSYoungGen: 669585K->544K(803520K)] 822907K->153938K(1490496K), 0.0235280 secs] [Times: user=0.08 sys=0.00, real=0.02 secs] 
2014-07-16T02:37:11.556+0000: 1306.095: [GC [PSYoungGen: 803488K->868K(773504K)] 956882K->154318K(1460480K), 0.0052390 secs] [Times: user=0.01 sys=0.00, real=0.00 secs] 
2014-07-16T02:37:13.308+0000: 1307.847: [GC [PSYoungGen: 773476K->402K(744128K)] 926926K->153980K(1431104K), 0.0123820 secs] [Times: user=0.05 sys=0.00, real=0.01 secs] 
2014-07-16T02:37:14.913+0000: 1309.452: [GC [PSYoungGen: 744082K->356K(716480K)] 897660K->154078K(1403456K), 0.0051630 secs] [Times: user=0.01 sys=0.01, real=0.01 secs] 
2014-07-16T02:37:16.464+0000: 1311.003: [GC [PSYoungGen: 716452K->484K(690304K)] 870174K->154278K(1377280K), 0.0052830 secs] [Times: user=0.01 sys=0.00, real=0.00 secs] 
2014-07-16T02:37:18.022+0000: 1312.561: [GC [PSYoungGen: 690276K->448K(665152K)] 844070K->154314K(1352128K), 0.0243420 secs] [Times: user=0.09 sys=0.00, real=0.03 secs] 
2014-07-16T02:37:19.473+0000: 1314.012: [GC [PSYoungGen: 665152K->434K(641216K)] 819018K->154404K(1328192K), 0.0141190 secs] [Times: user=0.06 sys=0.00, real=0.01 secs] 
2014-07-16T02:37:20.861+0000: 1315.400: [GC [PSYoungGen: 641202K->416K(618368K)] 795172K->154442K(1305344K), 0.0047000 secs] [Times: user=0.02 sys=0.00, real=0.01 secs] 
2014-07-16T02:37:22.315+0000: 1316.854: [GC [PSYoungGen: 618336K->480K(596672K)] 772362K->154602K(1283648K), 0.0177600 secs] [Times: user=0.06 sys=0.00, real=0.01 secs] 
2014-07-16T02:37:23.604+0000: 1318.143: [GC [PSYoungGen: 596640K->416K(575808K)] 750762K->154706K(1262784K), 0.0048900 secs] [Times: user=0.02 sys=0.00, real=0.01 secs] 
2014-07-16T02:37:24.858+0000: 1319.397: [GC [PSYoungGen: 575776K->594K(691072K)] 730066K->154948K(1378048K), 0.0296130 secs] [Times: user=0.09 sys=0.00, real=0.03 secs] 
2014-07-16T02:37:26.344+0000: 1320.883: [GC [PSYoungGen: 691026K->256K(665600K)] 845380K->154666K(1352576K), 0.0040580 secs] [Times: user=0.01 sys=0.00, real=0.01 secs] 
2014-07-16T02:37:27.843+0000: 1322.382: [GC [PSYoungGen: 665600K->612K(799104K)] 820010K->155102K(1486080K), 0.0274030 secs] [Times: user=0.10 sys=0.00, real=0.03 secs] 
2014-07-16T02:37:29.579+0000: 1324.118: [GC [PSYoungGen: 799076K->306K(958528K)] 953566K->154900K(1645504K), 0.0330230 secs] [Times: user=0.11 sys=0.00, real=0.03 secs] 
2014-07-16T02:37:31.655+0000: 1326.194: [GC [PSYoungGen: 958514K->640K(1150528K)] 1113108K->155322K(1837504K), 0.0182120 secs] [Times: user=0.06 sys=0.00, real=0.02 secs] 
2014-07-16T02:37:34.171+0000: 1328.710: [GC [PSYoungGen: 1150528K->338K(1103360K)] 1305210K->155156K(1790336K), 0.0055440 secs] [Times: user=0.01 sys=0.00, real=0.01 secs] 
2014-07-16T02:37:36.547+0000: 1331.086: [GC [PSYoungGen: 1103314K->192K(1058496K)] 1258132K->155170K(1745472K), 0.0054520 secs] [Times: user=0.01 sys=0.00, real=0.00 secs] 
2014-07-16T02:37:38.998+0000: 1333.537: [GC [PSYoungGen: 1058496K->516K(1016384K)] 1213474K->155598K(1703360K), 0.0153970 secs] [Times: user=0.06 sys=0.00, real=0.01 secs] 
2014-07-16T02:37:41.190+0000: 1335.729: [GC [PSYoungGen: 1016266K->384K(975744K)] 1171348K->155610K(1662720K), 0.0187070 secs] [Times: user=0.07 sys=0.00, real=0.02 secs] 
2014-07-16T02:37:43.393+0000: 1337.932: [GC [PSYoungGen: 975738K->512K(937344K)] 1130964K->155874K(1624320K), 0.0136110 secs] [Times: user=0.05 sys=0.01, real=0.01 secs] 
2014-07-16T02:37:45.407+0000: 1339.946: [GC [PSYoungGen: 937344K->256K(900416K)] 1092706K->155810K(1587392K), 0.0052480 secs] [Times: user=0.02 sys=0.00, real=0.01 secs] 
2014-07-16T02:37:47.451+0000: 1341.990: [GC [PSYoungGen: 900416K->804K(866048K)] 1055970K->156478K(1553024K), 0.0195400 secs] [Times: user=0.07 sys=0.00, real=0.02 secs] 
2014-07-16T02:37:49.292+0000: 1343.831: [GC [PSYoungGen: 866020K->552K(832512K)] 1021694K->156346K(1519488K), 0.0149530 secs] [Times: user=0.05 sys=0.00, real=0.01 secs] 
2014-07-16T02:37:51.093+0000: 1345.632: [GC [PSYoungGen: 832488K->548K(800768K)] 988282K->156526K(1487744K), 0.0257130 secs] [Times: user=0.09 sys=0.00, real=0.03 secs] 
2014-07-16T02:37:52.928+0000: 1347.467: [GC [PSYoungGen: 800711K->648K(770688K)] 956689K->156722K(1457664K), 0.0057270 secs] [Times: user=0.02 sys=0.00, real=0.01 secs] 
2014-07-16T02:37:54.636+0000: 1349.175: [GC [PSYoungGen: 770632K->306K(741504K)] 926706K->156556K(1428480K), 0.0049620 secs] [Times: user=0.02 sys=0.00, real=0.01 secs] 
2014-07-16T02:37:56.236+0000: 1350.775: [GC [PSYoungGen: 741490K->224K(713984K)] 897740K->156570K(1400960K), 0.0127430 secs] [Times: user=0.05 sys=0.01, real=0.01 secs] 
2014-07-16T02:37:57.865+0000: 1352.404: [GC [PSYoungGen: 713952K->548K(688128K)] 870298K->156950K(1375104K), 0.0054180 secs] [Times: user=0.01 sys=0.01, real=0.01 secs] 
2014-07-16T02:37:59.324+0000: 1353.863: [GC [PSYoungGen: 688100K->274K(662912K)] 844502K->156764K(1349888K), 0.0056320 secs] [Times: user=0.01 sys=0.00, real=0.00 secs] 
2014-07-16T02:38:00.760+0000: 1355.299: [GC [PSYoungGen: 662866K->352K(639168K)] 819356K->156906K(1326144K), 0.0115520 secs] [Times: user=0.03 sys=0.00, real=0.02 secs] 
2014-07-16T02:38:02.209+0000: 1356.748: [GC [PSYoungGen: 639136K->466K(616576K)] 795690K->157116K(1303552K), 0.0084110 secs] [Times: user=0.03 sys=0.00, real=0.01 secs] 
2014-07-16T02:38:03.722+0000: 1358.261: [GC [PSYoungGen: 616528K->882K(595264K)] 773178K->157684K(1282240K), 0.0062550 secs] [Times: user=0.01 sys=0.00, real=0.00 secs] 
2014-07-16T02:38:04.948+0000: 1359.487: [GC [PSYoungGen: 595250K->324K(574080K)] 752052K->157286K(1261056K), 0.0054070 secs] [Times: user=0.01 sys=0.00, real=0.01 secs] 
2014-07-16T02:38:06.200+0000: 1360.739: [GC [PSYoungGen: 574020K->320K(554240K)] 730982K->157338K(1241216K), 0.0059090 secs] [Times: user=0.01 sys=0.00, real=0.01 secs] 
2014-07-16T02:38:07.389+0000: 1361.928: [GC [PSYoungGen: 554240K->384K(535424K)] 711258K->157474K(1222400K), 0.0060880 secs] [Times: user=0.02 sys=0.00, real=0.01 secs] 
2014-07-16T02:38:08.556+0000: 1363.095: [GC [PSYoungGen: 535366K->192K(517184K)] 692456K->157314K(1204160K), 0.0060470 secs] [Times: user=0.01 sys=0.00, real=0.01 secs] 
2014-07-16T02:38:09.674+0000: 1364.213: [GC [PSYoungGen: 517184K->274K(500096K)] 674306K->157476K(1187072K), 0.0111980 secs] [Times: user=0.04 sys=0.00, real=0.01 secs] 
2014-07-16T02:38:10.756+0000: 1365.295: [GC [PSYoungGen: 500050K->256K(483584K)] 657252K->157482K(1170560K), 0.0112200 secs] [Times: user=0.03 sys=0.00, real=0.01 secs] 
2014-07-16T02:38:11.828+0000: 1366.367: [GC [PSYoungGen: 483584K->498K(580544K)] 640810K->157812K(1267520K), 0.0309570 secs] [Times: user=0.11 sys=0.00, real=0.03 secs] 
2014-07-16T02:38:13.143+0000: 1367.681: [GC [PSYoungGen: 580530K->544K(696640K)] 737844K->157962K(1383616K), 0.0182360 secs] [Times: user=0.04 sys=0.00, real=0.01 secs] 
2014-07-16T02:38:14.707+0000: 1369.246: [GC [PSYoungGen: 696608K->388K(835776K)] 854026K->157918K(1522752K), 0.0316960 secs] [Times: user=0.11 sys=0.00, real=0.03 secs] 
2014-07-16T02:38:16.511+0000: 1371.050: [GC [PSYoungGen: 835716K->480K(1002944K)] 993246K->158114K(1689920K), 0.0063150 secs] [Times: user=0.02 sys=0.00, real=0.01 secs] 
2014-07-16T02:38:18.683+0000: 1373.222: [GC [PSYoungGen: 1002912K->288K(962944K)] 1160546K->158002K(1649920K), 0.0096940 secs] [Times: user=0.04 sys=0.00, real=0.01 secs] 
2014-07-16T02:38:20.763+0000: 1375.302: [GC [PSYoungGen: 962912K->288K(1155520K)] 1120626K->158090K(1842496K), 0.0294920 secs] [Times: user=0.10 sys=0.00, real=0.02 secs] 
2014-07-16T02:38:23.321+0000: 1377.860: [GC [PSYoungGen: 1155480K->498K(1108544K)] 1313282K->158412K(1795520K), 0.0105290 secs] [Times: user=0.01 sys=0.01, real=0.01 secs] 
2014-07-16T02:38:25.771+0000: 1380.310: [GC [PSYoungGen: 1108530K->466K(1063616K)] 1266444K->158580K(1750592K), 0.0101070 secs] [Times: user=0.03 sys=0.00, real=0.01 secs] 
2014-07-16T02:38:28.165+0000: 1382.704: [GC [PSYoungGen: 1063570K->520K(1020928K)] 1221684K->158786K(1707904K), 0.0112530 secs] [Times: user=0.03 sys=0.01, real=0.01 secs] 
2014-07-16T02:38:30.337+0000: 1384.876: [GC [PSYoungGen: 1020872K->352K(980032K)] 1179138K->158754K(1667008K), 0.0204580 secs] [Times: user=0.07 sys=0.00, real=0.02 secs] 
2014-07-16T02:38:32.470+0000: 1387.009: [GC [PSYoungGen: 980000K->420K(941376K)] 1138402K->158910K(1628352K), 0.0071940 secs] [Times: user=0.01 sys=0.00, real=0.01 secs] 
2014-07-16T02:38:34.650+0000: 1389.189: [GC [PSYoungGen: 941348K->758K(904768K)] 1099838K->159416K(1591744K), 0.0155880 secs] [Times: user=0.06 sys=0.00, real=0.02 secs] 
2014-07-16T02:38:36.582+0000: 1391.121: [GC [PSYoungGen: 904712K->534K(869440K)] 1063370K->159376K(1556416K), 0.0104570 secs] [Times: user=0.02 sys=0.00, real=0.01 secs] 
2014-07-16T02:38:38.558+0000: 1393.097: [GC [PSYoungGen: 869398K->484K(835904K)] 1028240K->159422K(1522880K), 0.0085460 secs] [Times: user=0.01 sys=0.00, real=0.01 secs] 
2014-07-16T02:38:40.349+0000: 1394.888: [GC [PSYoungGen: 835876K->288K(803840K)] 994814K->159330K(1490816K), 0.0211770 secs] [Times: user=0.08 sys=0.00, real=0.02 secs] 
2014-07-16T02:38:42.142+0000: 1396.681: [GC [PSYoungGen: 803808K->818K(773952K)] 962850K->159956K(1460928K), 0.0072000 secs] [Times: user=0.02 sys=0.00, real=0.01 secs] 
2014-07-16T02:38:43.915+0000: 1398.454: [GC [PSYoungGen: 773938K->790K(745024K)] 933076K->160072K(1432000K), 0.0166630 secs] [Times: user=0.05 sys=0.00, real=0.02 secs] 
2014-07-16T02:38:45.554+0000: 1400.093: [GC [PSYoungGen: 744980K->320K(893376K)] 904262K->159754K(1580352K), 0.0307800 secs] [Times: user=0.09 sys=0.00, real=0.03 secs] 
2014-07-16T02:38:47.484+0000: 1402.023: [GC [PSYoungGen: 893376K->402K(858880K)] 1052810K->159972K(1545856K), 0.0076720 secs] [Times: user=0.02 sys=0.00, real=0.01 secs] 
2014-07-16T02:38:49.422+0000: 1403.961: [GC [PSYoungGen: 858834K->512K(825984K)] 1018404K->160154K(1512960K), 0.0180000 secs] [Times: user=0.05 sys=0.00, real=0.02 secs] 
2014-07-16T02:38:51.210+0000: 1405.749: [GC [PSYoungGen: 825984K->498K(794560K)] 985626K->160252K(1481536K), 0.0158920 secs] [Times: user=0.05 sys=0.00, real=0.01 secs] 
2014-07-16T02:38:52.934+0000: 1407.473: [GC [PSYoungGen: 794546K->786K(953728K)] 954300K->160676K(1640704K), 0.0306350 secs] [Times: user=0.12 sys=0.00, real=0.03 secs] 
2014-07-16T02:38:55.113+0000: 1409.652: [GC [PSYoungGen: 953682K->818K(916288K)] 1113572K->160820K(1603264K), 0.0084690 secs] [Times: user=0.02 sys=0.00, real=0.01 secs] 
2014-07-16T02:38:57.134+0000: 1411.673: [GC [PSYoungGen: 916274K->306K(880064K)] 1076276K->160556K(1567040K), 0.0100470 secs] [Times: user=0.04 sys=0.00, real=0.01 secs] 
2014-07-16T02:38:59.094+0000: 1413.633: [GC [PSYoungGen: 880050K->864K(846656K)] 1040300K->161202K(1533632K), 0.0060530 secs] [Times: user=0.02 sys=0.00, real=0.01 secs] 
2014-07-16T02:39:00.910+0000: 1415.449: [GC [PSYoungGen: 846624K->420K(813824K)] 1006962K->160870K(1500800K), 0.0064210 secs] [Times: user=0.02 sys=0.00, real=0.00 secs] 
2014-07-16T02:39:02.669+0000: 1417.208: [GC [PSYoungGen: 813796K->352K(782912K)] 974246K->160906K(1469888K), 0.0093400 secs] [Times: user=0.03 sys=0.01, real=0.00 secs] 
2014-07-16T02:39:04.402+0000: 1418.941: [GC [PSYoungGen: 782873K->384K(753536K)] 943427K->161042K(1440512K), 0.0129070 secs] [Times: user=0.05 sys=0.00, real=0.01 secs] 
2014-07-16T02:39:06.057+0000: 1420.596: [GC [PSYoungGen: 753536K->594K(725760K)] 914194K->161372K(1412736K), 0.0104820 secs] [Times: user=0.03 sys=0.00, real=0.01 secs] 
2014-07-16T02:39:07.598+0000: 1422.137: [GC [PSYoungGen: 725711K->498K(698944K)] 886489K->161388K(1385920K), 0.0089540 secs] [Times: user=0.03 sys=0.00, real=0.01 secs] 
2014-07-16T02:39:09.179+0000: 1423.718: [GC [PSYoungGen: 698930K->434K(673408K)] 859820K->161372K(1360384K), 0.0042370 secs] [Times: user=0.01 sys=0.01, real=0.01 secs] 
2014-07-16T02:39:10.616+0000: 1425.155: [GC [PSYoungGen: 673369K->914K(649600K)] 834307K->161964K(1336576K), 0.0104210 secs] [Times: user=0.02 sys=0.00, real=0.01 secs] 
2014-07-16T02:39:12.007+0000: 1426.546: [GC [PSYoungGen: 649521K->356K(625856K)] 810571K->161486K(1312832K), 0.0225190 secs] [Times: user=0.08 sys=0.00, real=0.02 secs] 
2014-07-16T02:39:13.429+0000: 1427.968: [GC [PSYoungGen: 625828K->754K(751360K)] 786958K->162364K(1438336K), 0.0274330 secs] [Times: user=0.10 sys=0.00, real=0.03 secs] 
2014-07-16T02:39:15.108+0000: 1429.647: [GC [PSYoungGen: 751346K->544K(723264K)] 912956K->162266K(1410240K), 0.0114180 secs] [Times: user=0.05 sys=0.00, real=0.01 secs] 
2014-07-16T02:39:16.697+0000: 1431.236: [GC [PSYoungGen: 723232K->420K(696512K)] 884954K->162374K(1383488K), 0.0058380 secs] [Times: user=0.02 sys=0.00, real=0.01 secs] 
2014-07-16T02:39:18.199+0000: 1432.738: [GC [PSYoungGen: 696484K->288K(671040K)] 858438K->162354K(1358016K), 0.0039480 secs] [Times: user=0.01 sys=0.00, real=0.01 secs] 
2014-07-16T02:39:19.673+0000: 1434.212: [GC [PSYoungGen: 671008K->256K(646784K)] 833074K->162378K(1333760K), 0.0076330 secs] [Times: user=0.01 sys=0.00, real=0.00 secs] 
2014-07-16T02:39:21.089+0000: 1435.628: [GC [PSYoungGen: 646784K->1096K(624576K)] 808906K->163298K(1311552K), 0.0094180 secs] [Times: user=0.03 sys=0.01, real=0.01 secs] 
2014-07-16T02:39:22.427+0000: 1436.966: [GC [PSYoungGen: 624520K->288K(601728K)] 786722K->162602K(1288704K), 0.0080980 secs] [Times: user=0.03 sys=0.00, real=0.01 secs] 
2014-07-16T02:39:23.850+0000: 1438.389: [GC [PSYoungGen: 601696K->1256K(581696K)] 764010K->163714K(1268672K), 0.0107930 secs] [Times: user=0.02 sys=0.01, real=0.01 secs] 
2014-07-16T02:39:25.084+0000: 1439.623: [GC [PSYoungGen: 581669K->224K(560576K)] 744127K->162770K(1247552K), 0.0053340 secs] [Times: user=0.01 sys=0.00, real=0.00 secs] 
2014-07-16T02:39:26.322+0000: 1440.861: [GC [PSYoungGen: 560544K->662K(541888K)] 723090K->163328K(1228864K), 0.0077930 secs] [Times: user=0.01 sys=0.00, real=0.01 secs] 
2014-07-16T02:39:27.499+0000: 1442.038: [GC [PSYoungGen: 541846K->562K(523456K)] 704512K->163308K(1210432K), 0.0181990 secs] [Times: user=0.07 sys=0.00, real=0.02 secs] 
2014-07-16T02:39:28.637+0000: 1443.176: [GC [PSYoungGen: 523442K->288K(505728K)] 686188K->163074K(1192704K), 0.0119410 secs] [Times: user=0.03 sys=0.00, real=0.01 secs] 
2014-07-16T02:39:29.745+0000: 1444.284: [GC [PSYoungGen: 505696K->192K(606720K)] 668482K->163026K(1293696K), 0.0152740 secs] [Times: user=0.05 sys=0.00, real=0.01 secs] 
2014-07-16T02:39:31.074+0000: 1445.613: [GC [PSYoungGen: 606720K->480K(585792K)] 769554K->163410K(1272768K), 0.0084850 secs] [Times: user=0.02 sys=0.00, real=0.01 secs] 
2014-07-16T02:39:32.351+0000: 1446.890: [GC [PSYoungGen: 585760K->288K(565312K)] 748690K->163314K(1252288K), 0.0044380 secs] [Times: user=0.01 sys=0.01, real=0.01 secs] 
2014-07-16T02:39:33.576+0000: 1448.115: [GC [PSYoungGen: 565280K->402K(546048K)] 728306K->163500K(1233024K), 0.0198060 secs] [Times: user=0.07 sys=0.00, real=0.02 secs] 
2014-07-16T02:39:34.806+0000: 1449.345: [GC [PSYoungGen: 546002K->580K(527744K)] 709100K->163750K(1214720K), 0.0060030 secs] [Times: user=0.01 sys=0.00, real=0.00 secs] 
2014-07-16T02:39:35.954+0000: 1450.493: [GC [PSYoungGen: 527684K->288K(509760K)] 690854K->163570K(1196736K), 0.0126360 secs] [Times: user=0.05 sys=0.00, real=0.01 secs] 
2014-07-16T02:39:37.120+0000: 1451.659: [GC [PSYoungGen: 509728K->534K(493120K)] 673010K->163904K(1180096K), 0.0074090 secs] [Times: user=0.02 sys=0.00, real=0.01 secs] 
2014-07-16T02:39:38.181+0000: 1452.720: [GC [PSYoungGen: 493078K->562K(476992K)] 656448K->164060K(1163968K), 0.0139400 secs] [Times: user=0.05 sys=0.00, real=0.01 secs] 
2014-07-16T02:39:39.208+0000: 1453.747: [GC [PSYoungGen: 476978K->452K(572224K)] 640476K->163998K(1259200K), 0.0160640 secs] [Times: user=0.06 sys=0.00, real=0.01 secs] 
2014-07-16T02:39:40.452+0000: 1454.991: [GC [PSYoungGen: 572087K->502K(552576K)] 735633K->164088K(1239552K), 0.0079560 secs] [Times: user=0.02 sys=0.00, real=0.01 secs] 
2014-07-16T02:39:41.653+0000: 1456.192: [GC [PSYoungGen: 552480K->288K(533568K)] 716067K->163938K(1220544K), 0.0064010 secs] [Times: user=0.01 sys=0.00, real=0.01 secs] 
2014-07-16T02:39:42.799+0000: 1457.338: [GC [PSYoungGen: 533536K->224K(515584K)] 697186K->163970K(1202560K), 0.0047150 secs] [Times: user=0.01 sys=0.00, real=0.00 secs] 
2014-07-16T02:39:43.956+0000: 1458.495: [GC [PSYoungGen: 515552K->900K(499136K)] 679298K->164726K(1186112K), 0.0077480 secs] [Times: user=0.02 sys=0.00, real=0.00 secs] 
2014-07-16T02:39:45.217+0000: 1459.756: [GC [PSYoungGen: 499076K->402K(482240K)] 662902K->164300K(1169216K), 0.0052660 secs] [Times: user=0.01 sys=0.00, real=0.00 secs] 
2014-07-16T02:39:46.270+0000: 1460.809: [GC [PSYoungGen: 482194K->420K(466560K)] 646092K->164446K(1153536K), 0.0117150 secs] [Times: user=0.04 sys=0.00, real=0.01 secs] 
2014-07-16T02:39:47.318+0000: 1461.857: [GC [PSYoungGen: 466532K->644K(451840K)] 630558K->164726K(1138816K), 0.0100630 secs] [Times: user=0.02 sys=0.00, real=0.01 secs] 
2014-07-16T02:39:48.295+0000: 1462.834: [GC [PSYoungGen: 451780K->224K(437056K)] 615862K->164378K(1124032K), 0.0074660 secs] [Times: user=0.01 sys=0.00, real=0.01 secs] 
2014-07-16T02:39:49.349+0000: 1463.888: [GC [PSYoungGen: 437024K->1010K(424128K)] 601178K->165340K(1111104K), 0.0075530 secs] [Times: user=0.02 sys=0.00, real=0.01 secs] 
2014-07-16T02:39:50.230+0000: 1464.769: [GC [PSYoungGen: 424112K->274K(410304K)] 588442K->164684K(1097280K), 0.0120220 secs] [Times: user=0.04 sys=0.00, real=0.01 secs] 
2014-07-16T02:39:51.132+0000: 1465.671: [GC [PSYoungGen: 410258K->338K(492416K)] 574668K->164836K(1179392K), 0.0147000 secs] [Times: user=0.05 sys=0.00, real=0.01 secs] 
2014-07-16T02:39:52.189+0000: 1466.728: [GC [PSYoungGen: 492370K->288K(590784K)] 656868K->164858K(1277760K), 0.0238860 secs] [Times: user=0.09 sys=0.00, real=0.02 secs] 
2014-07-16T02:39:53.471+0000: 1468.010: [GC [PSYoungGen: 590752K->662K(709312K)] 755322K->165304K(1396288K), 0.0134870 secs] [Times: user=0.05 sys=0.00, real=0.01 secs] 
2014-07-16T02:39:55.069+0000: 1469.608: [GC [PSYoungGen: 709270K->480K(850880K)] 873912K->165202K(1537856K), 0.0156800 secs] [Times: user=0.05 sys=0.00, real=0.01 secs] 
2014-07-16T02:39:56.911+0000: 1471.450: [GC [PSYoungGen: 850848K->338K(818176K)] 1015570K->165180K(1505152K), 0.0043560 secs] [Times: user=0.02 sys=0.00, real=0.00 secs] 
2014-07-16T02:39:58.721+0000: 1473.260: [GC [PSYoungGen: 818037K->370K(787136K)] 982879K->165292K(1474112K), 0.0117210 secs] [Times: user=0.05 sys=0.00, real=0.01 secs] 
2014-07-16T02:40:00.483+0000: 1475.022: [GC [PSYoungGen: 787122K->630K(757824K)] 952044K->165632K(1444800K), 0.0042580 secs] [Times: user=0.02 sys=0.00, real=0.00 secs] 
2014-07-16T02:40:02.135+0000: 1476.674: [GC [PSYoungGen: 757814K->630K(729600K)] 922816K->165776K(1416576K), 0.0223110 secs] [Times: user=0.07 sys=0.00, real=0.02 secs] 
2014-07-16T02:40:03.715+0000: 1478.254: [GC [PSYoungGen: 729588K->402K(702528K)] 894734K->165684K(1389504K), 0.0082160 secs] [Times: user=0.02 sys=0.00, real=0.01 secs] 
2014-07-16T02:40:05.297+0000: 1479.836: [GC [PSYoungGen: 702482K->498K(676928K)] 867764K->165844K(1363904K), 0.0181640 secs] [Times: user=0.07 sys=0.00, real=0.02 secs] 
2014-07-16T02:40:06.776+0000: 1481.315: [GC [PSYoungGen: 676913K->352K(652352K)] 842259K->165818K(1339328K), 0.0061370 secs] [Times: user=0.02 sys=0.00, real=0.01 secs] 
2014-07-16T02:40:08.182+0000: 1482.721: [GC [PSYoungGen: 652320K->192K(628800K)] 817786K->165722K(1315776K), 0.0129370 secs] [Times: user=0.03 sys=0.00, real=0.01 secs] 
2014-07-16T02:40:09.657+0000: 1484.196: [GC [PSYoungGen: 628800K->946K(607296K)] 794330K->166708K(1294272K), 0.0090620 secs] [Times: user=0.02 sys=0.00, real=0.01 secs] 
2014-07-16T02:40:10.920+0000: 1485.459: [GC [PSYoungGen: 607282K->772K(585920K)] 773044K->166622K(1272896K), 0.0156780 secs] [Times: user=0.05 sys=0.00, real=0.02 secs] 
2014-07-16T02:40:12.174+0000: 1486.713: [GC [PSYoungGen: 585811K->224K(565056K)] 751661K->166210K(1252032K), 0.0174140 secs] [Times: user=0.07 sys=0.00, real=0.02 secs] 
2014-07-16T02:40:13.396+0000: 1487.935: [GC [PSYoungGen: 565024K->224K(678016K)] 731010K->166290K(1364992K), 0.0145250 secs] [Times: user=0.05 sys=0.00, real=0.02 secs] 
2014-07-16T02:40:14.933+0000: 1489.472: [GC [PSYoungGen: 677984K->548K(653824K)] 844050K->166702K(1340800K), 0.0075250 secs] [Times: user=0.02 sys=0.00, real=0.01 secs] 
2014-07-16T02:40:16.333+0000: 1490.872: [GC [PSYoungGen: 653796K->384K(630272K)] 819950K->166658K(1317248K), 0.0091190 secs] [Times: user=0.03 sys=0.01, real=0.01 secs] 
2014-07-16T02:40:17.707+0000: 1492.246: [GC [PSYoungGen: 630266K->370K(607936K)] 796541K->166716K(1294912K), 0.0153270 secs] [Times: user=0.05 sys=0.00, real=0.02 secs] 
2014-07-16T02:40:19.048+0000: 1493.587: [GC [PSYoungGen: 607922K->772K(587072K)] 774268K->167182K(1274048K), 0.0063140 secs] [Times: user=0.02 sys=0.00, real=0.01 secs] 
2014-07-16T02:40:20.364+0000: 1494.903: [GC [PSYoungGen: 587012K->534K(566464K)] 753422K->167032K(1253440K), 0.0096780 secs] [Times: user=0.03 sys=0.00, real=0.01 secs] 
2014-07-16T02:40:21.596+0000: 1496.135: [GC [PSYoungGen: 566422K->580K(547136K)] 732920K->167198K(1234112K), 0.0152350 secs] [Times: user=0.06 sys=0.00, real=0.02 secs] 
2014-07-16T02:40:22.779+0000: 1497.317: [GC [PSYoungGen: 547076K->274K(528256K)] 713694K->166988K(1215232K), 0.0050960 secs] [Times: user=0.01 sys=0.00, real=0.01 secs] 
2014-07-16T02:40:23.928+0000: 1498.467: [GC [PSYoungGen: 528210K->434K(510656K)] 694924K->167244K(1197632K), 0.0085170 secs] [Times: user=0.01 sys=0.00, real=0.01 secs] 
2014-07-16T02:40:25.138+0000: 1499.677: [GC [PSYoungGen: 510642K->580K(493952K)] 677452K->167446K(1180928K), 0.0204690 secs] [Times: user=0.07 sys=0.00, real=0.02 secs] 
2014-07-16T02:40:26.209+0000: 1500.748: [GC [PSYoungGen: 493892K->352K(592384K)] 660758K->167346K(1279360K), 0.0121740 secs] [Times: user=0.05 sys=0.00, real=0.01 secs] 
2014-07-16T02:40:27.495+0000: 1502.034: [GC [PSYoungGen: 592352K->434K(710848K)] 759346K->167484K(1397824K), 0.0124900 secs] [Times: user=0.04 sys=0.00, real=0.01 secs] 
2014-07-16T02:40:29.118+0000: 1503.657: [GC [PSYoungGen: 710834K->886K(685248K)] 877884K->168080K(1372224K), 0.0142300 secs] [Times: user=0.03 sys=0.00, real=0.02 secs] 
2014-07-16T02:40:30.684+0000: 1505.223: [GC [PSYoungGen: 685238K->484K(660032K)] 852432K->167790K(1347008K), 0.0058990 secs] [Times: user=0.01 sys=0.00, real=0.00 secs] 
2014-07-16T02:40:32.117+0000: 1506.656: [GC [PSYoungGen: 660004K->708K(636608K)] 827310K->168190K(1323584K), 0.0114980 secs] [Times: user=0.03 sys=0.01, real=0.01 secs] 
2014-07-16T02:40:33.483+0000: 1508.022: [GC [PSYoungGen: 636537K->356K(613632K)] 804019K->167926K(1300608K), 0.0149630 secs] [Times: user=0.05 sys=0.00, real=0.01 secs] 
2014-07-16T02:40:34.821+0000: 1509.360: [GC [PSYoungGen: 613604K->434K(592128K)] 781174K->168084K(1279104K), 0.0065160 secs] [Times: user=0.02 sys=0.00, real=0.01 secs] 
2014-07-16T02:40:36.158+0000: 1510.697: [GC [PSYoungGen: 592114K->452K(571648K)] 759764K->168174K(1258624K), 0.0038270 secs] [Times: user=0.01 sys=0.00, real=0.00 secs] 
2014-07-16T02:40:37.433+0000: 1511.972: [GC [PSYoungGen: 571580K->570K(685952K)] 739302K->168396K(1372928K), 0.0539880 secs] [Times: user=0.19 sys=0.00, real=0.06 secs] 
2014-07-16T02:40:38.981+0000: 1513.520: [GC [PSYoungGen: 685930K->566K(823040K)] 853756K->168488K(1510016K), 0.0097460 secs] [Times: user=0.03 sys=0.00, real=0.01 secs] 
2014-07-16T02:40:40.821+0000: 1515.360: [GC [PSYoungGen: 822948K->516K(987584K)] 990870K->168526K(1674560K), 0.0181140 secs] [Times: user=0.06 sys=0.01, real=0.02 secs] 
2014-07-16T02:40:42.986+0000: 1517.525: [GC [PSYoungGen: 987524K->498K(1184960K)] 1155534K->168668K(1871936K), 0.0087680 secs] [Times: user=0.03 sys=0.00, real=0.01 secs] 
2014-07-16T02:40:45.647+0000: 1520.186: [GC [PSYoungGen: 1184946K->352K(1136256K)] 1353116K->168650K(1823232K), 0.0073260 secs] [Times: user=0.01 sys=0.00, real=0.00 secs] 
2014-07-16T02:40:48.110+0000: 1522.649: [GC [PSYoungGen: 1136218K->580K(1090240K)] 1304517K->169062K(1777216K), 0.0049750 secs] [Times: user=0.01 sys=0.00, real=0.00 secs] 
2014-07-16T02:40:50.578+0000: 1525.117: [GC [PSYoungGen: 1090179K->640K(1046208K)] 1258661K->169226K(1733184K), 0.0186730 secs] [Times: user=0.07 sys=0.00, real=0.02 secs] 
2014-07-16T02:40:52.832+0000: 1527.371: [GC [PSYoungGen: 1046208K->320K(1003968K)] 1214794K->169098K(1690944K), 0.0071090 secs] [Times: user=0.01 sys=0.00, real=0.01 secs] 
2014-07-16T02:40:55.009+0000: 1529.548: [GC [PSYoungGen: 1003926K->480K(964288K)] 1172704K->169378K(1651264K), 0.0083350 secs] [Times: user=0.03 sys=0.00, real=0.01 secs] 
2014-07-16T02:40:57.182+0000: 1531.721: [GC [PSYoungGen: 964182K->566K(926336K)] 1133080K->169560K(1613312K), 0.0065000 secs] [Times: user=0.02 sys=0.01, real=0.01 secs] 
2014-07-16T02:40:59.306+0000: 1533.845: [GC [PSYoungGen: 926316K->448K(890048K)] 1095310K->169594K(1577024K), 0.0096880 secs] [Times: user=0.04 sys=0.00, real=0.01 secs] 
2014-07-16T02:41:01.299+0000: 1535.838: [GC [PSYoungGen: 890048K->562K(855744K)] 1059194K->169852K(1542720K), 0.0057900 secs] [Times: user=0.02 sys=0.00, real=0.00 secs] 
2014-07-16T02:41:03.148+0000: 1537.687: [GC [PSYoungGen: 855730K->370K(822720K)] 1025020K->169844K(1509696K), 0.0169670 secs] [Times: user=0.07 sys=0.00, real=0.01 secs] 
2014-07-16T02:41:04.923+0000: 1539.462: [GC [PSYoungGen: 822706K->306K(791360K)] 992180K->169852K(1478336K), 0.0164710 secs] [Times: user=0.06 sys=0.00, real=0.02 secs] 
2014-07-16T02:41:06.683+0000: 1541.222: [GC [PSYoungGen: 791346K->288K(761536K)] 960892K->169906K(1448512K), 0.0078210 secs] [Times: user=0.01 sys=0.00, real=0.01 secs] 
2014-07-16T02:41:08.332+0000: 1542.871: [GC [PSYoungGen: 761504K->288K(733120K)] 931122K->170026K(1420096K), 0.0080940 secs] [Times: user=0.03 sys=0.00, real=0.01 secs] 
2014-07-16T02:41:09.996+0000: 1544.535: [GC [PSYoungGen: 733088K->434K(706176K)] 902826K->170260K(1393152K), 0.0113110 secs] [Times: user=0.03 sys=0.00, real=0.01 secs] 
2014-07-16T02:41:11.548+0000: 1546.087: [GC [PSYoungGen: 706162K->498K(680448K)] 875988K->170428K(1367424K), 0.0057120 secs] [Times: user=0.01 sys=0.00, real=0.01 secs] 
2014-07-16T02:41:13.015+0000: 1547.554: [GC [PSYoungGen: 680434K->306K(655616K)] 850364K->170388K(1342592K), 0.0077240 secs] [Times: user=0.02 sys=0.00, real=0.01 secs] 
2014-07-16T02:41:14.439+0000: 1548.978: [GC [PSYoungGen: 655602K->754K(632576K)] 825684K->171036K(1319552K), 0.0339690 secs] [Times: user=0.11 sys=0.00, real=0.04 secs] 
2014-07-16T02:41:15.858+0000: 1550.397: [GC [PSYoungGen: 632560K->434K(609856K)] 802843K->170788K(1296832K), 0.0055960 secs] [Times: user=0.01 sys=0.00, real=0.01 secs] 
2014-07-16T02:41:17.143+0000: 1551.682: [GC [PSYoungGen: 609842K->192K(731520K)] 780196K->170674K(1418496K), 0.0250060 secs] [Times: user=0.08 sys=0.00, real=0.02 secs] 
2014-07-16T02:41:18.738+0000: 1553.277: [GC [PSYoungGen: 731520K->516K(878208K)] 902002K->171070K(1565184K), 0.0184070 secs] [Times: user=0.06 sys=0.00, real=0.02 secs] 
2014-07-16T02:41:20.755+0000: 1555.294: [GC [PSYoungGen: 878148K->896K(844608K)] 1048702K->171722K(1531584K), 0.0058360 secs] [Times: user=0.01 sys=0.00, real=0.01 secs] 
2014-07-16T02:41:22.524+0000: 1557.063: [GC [PSYoungGen: 844608K->356K(811840K)] 1015434K->171376K(1498816K), 0.0170640 secs] [Times: user=0.06 sys=0.00, real=0.02 secs] 
2014-07-16T02:41:24.284+0000: 1558.823: [GC [PSYoungGen: 811812K->320K(780992K)] 982832K->171524K(1467968K), 0.0147870 secs] [Times: user=0.05 sys=0.00, real=0.01 secs] 
2014-07-16T02:41:26.070+0000: 1560.609: [GC [PSYoungGen: 780992K->512K(751872K)] 952196K->171796K(1438848K), 0.0053260 secs] [Times: user=0.02 sys=0.00, real=0.01 secs] 
2014-07-16T02:41:27.674+0000: 1562.213: [GC [PSYoungGen: 751871K->256K(723648K)] 923155K->171660K(1410624K), 0.0087330 secs] [Times: user=0.03 sys=0.00, real=0.01 secs] 
2014-07-16T02:41:29.292+0000: 1563.831: [GC [PSYoungGen: 723570K->420K(697216K)] 894975K->171904K(1384192K), 0.0070960 secs] [Times: user=0.01 sys=0.00, real=0.00 secs] 
2014-07-16T02:41:30.965+0000: 1565.504: [GC [PSYoungGen: 697188K->932K(672320K)] 868672K->172832K(1359296K), 0.0098800 secs] [Times: user=0.04 sys=0.00, real=0.01 secs] 
2014-07-16T02:41:32.371+0000: 1566.910: [GC [PSYoungGen: 672292K->416K(647552K)] 844192K->172492K(1334528K), 0.0180760 secs] [Times: user=0.06 sys=0.00, real=0.02 secs] 
2014-07-16T02:41:33.780+0000: 1568.319: [GC [PSYoungGen: 647520K->448K(624448K)] 819596K->172684K(1311424K), 0.0089430 secs] [Times: user=0.01 sys=0.00, real=0.01 secs] 
2014-07-16T02:41:35.140+0000: 1569.679: [GC [PSYoungGen: 624448K->544K(602496K)] 796684K->172844K(1289472K), 0.0048630 secs] [Times: user=0.01 sys=0.00, real=0.01 secs] 
2014-07-16T02:41:36.570+0000: 1571.109: [GC [PSYoungGen: 602464K->932K(723264K)] 774764K->173296K(1410240K), 0.0667900 secs] [Times: user=0.26 sys=0.00, real=0.07 secs] 
2014-07-16T02:41:38.157+0000: 1572.696: [GC [PSYoungGen: 723229K->274K(867136K)] 895593K->172782K(1554112K), 0.0043870 secs] [Times: user=0.01 sys=0.01, real=0.00 secs] 
2014-07-16T02:41:40.049+0000: 1574.588: [GC [PSYoungGen: 867090K->722K(1040960K)] 1039598K->173318K(1727936K), 0.0049200 secs] [Times: user=0.02 sys=0.00, real=0.01 secs] 
2014-07-16T02:41:42.412+0000: 1576.951: [GC [PSYoungGen: 1040857K->726K(999296K)] 1213453K->173394K(1686272K), 0.0050660 secs] [Times: user=0.01 sys=0.01, real=0.01 secs] 
2014-07-16T02:41:44.582+0000: 1579.121: [GC [PSYoungGen: 999165K->534K(959424K)] 1171833K->173434K(1646400K), 0.0074330 secs] [Times: user=0.02 sys=0.01, real=0.01 secs] 
2014-07-16T02:41:46.740+0000: 1581.279: [GC [PSYoungGen: 959382K->306K(921408K)] 1132282K->173302K(1608384K), 0.0090640 secs] [Times: user=0.03 sys=0.00, real=0.01 secs] 
2014-07-16T02:41:48.741+0000: 1583.280: [GC [PSYoungGen: 921394K->256K(885376K)] 1094390K->173364K(1572352K), 0.0054140 secs] [Times: user=0.01 sys=0.00, real=0.01 secs] 
2014-07-16T02:41:50.683+0000: 1585.222: [GC [PSYoungGen: 885376K->694K(851584K)] 1058484K->173866K(1538560K), 0.0063500 secs] [Times: user=0.01 sys=0.00, real=0.01 secs] 
2014-07-16T02:41:52.666+0000: 1587.205: [GC [PSYoungGen: 851574K->1146K(819392K)] 1024746K->174462K(1506368K), 0.0326340 secs] [Times: user=0.11 sys=0.00, real=0.03 secs] 
2014-07-16T02:41:54.420+0000: 1588.959: [GC [PSYoungGen: 819386K->512K(787648K)] 992702K->174028K(1474624K), 0.0131750 secs] [Times: user=0.03 sys=0.00, real=0.01 secs] 
2014-07-16T02:41:56.131+0000: 1590.670: [GC [PSYoungGen: 787648K->388K(757952K)] 961164K->173992K(1444928K), 0.0053900 secs] [Times: user=0.01 sys=0.00, real=0.01 secs] 
2014-07-16T02:41:57.848+0000: 1592.387: [GC [PSYoungGen: 757892K->256K(729536K)] 931496K->173940K(1416512K), 0.0134180 secs] [Times: user=0.05 sys=0.00, real=0.01 secs] 
2014-07-16T02:41:59.459+0000: 1593.998: [GC [PSYoungGen: 729536K->288K(702720K)] 903220K->174076K(1389696K), 0.0129230 secs] [Times: user=0.04 sys=0.00, real=0.01 secs] 
2014-07-16T02:42:01.092+0000: 1595.631: [GC [PSYoungGen: 702688K->832K(677568K)] 876476K->174692K(1364544K), 0.0058470 secs] [Times: user=0.02 sys=0.00, real=0.01 secs] 
2014-07-16T02:42:02.602+0000: 1597.141: [GC [PSYoungGen: 677568K->548K(652864K)] 851428K->174584K(1339840K), 0.0160890 secs] [Times: user=0.06 sys=0.00, real=0.02 secs] 
2014-07-16T02:42:04.013+0000: 1598.552: [GC [PSYoungGen: 652819K->438K(629376K)] 826855K->174578K(1316352K), 0.0078830 secs] [Times: user=0.01 sys=0.00, real=0.01 secs] 
2014-07-16T02:42:05.379+0000: 1599.918: [GC [PSYoungGen: 629366K->352K(607040K)] 803506K->174580K(1294016K), 0.0137800 secs] [Times: user=0.05 sys=0.00, real=0.01 secs] 
2014-07-16T02:42:06.759+0000: 1601.298: [GC [PSYoungGen: 607008K->416K(585856K)] 781236K->174708K(1272832K), 0.0092530 secs] [Times: user=0.03 sys=0.00, real=0.01 secs] 
2014-07-16T02:42:08.017+0000: 1602.556: [GC [PSYoungGen: 585824K->256K(702784K)] 760116K->174644K(1389760K), 0.0255180 secs] [Times: user=0.09 sys=0.00, real=0.02 secs] 
2014-07-16T02:42:09.562+0000: 1604.101: [GC [PSYoungGen: 702784K->352K(677248K)] 877172K->174796K(1364224K), 0.0076020 secs] [Times: user=0.02 sys=0.00, real=0.01 secs] 
2014-07-16T02:42:11.040+0000: 1605.579: [GC [PSYoungGen: 677216K->370K(812672K)] 851660K->174878K(1499648K), 0.0220420 secs] [Times: user=0.07 sys=0.00, real=0.02 secs] 
2014-07-16T02:42:12.920+0000: 1607.459: [GC [PSYoungGen: 812654K->608K(782144K)] 987162K->175220K(1469120K), 0.0079330 secs] [Times: user=0.03 sys=0.00, real=0.00 secs] 
2014-07-16T02:42:14.601+0000: 1609.140: [GC [PSYoungGen: 782112K->306K(752448K)] 956724K->175110K(1439424K), 0.0108250 secs] [Times: user=0.04 sys=0.00, real=0.01 secs] 
2014-07-16T02:42:16.237+0000: 1610.776: [GC [PSYoungGen: 752430K->402K(724608K)] 927234K->175310K(1411584K), 0.0122920 secs] [Times: user=0.04 sys=0.00, real=0.02 secs] 
2014-07-16T02:42:17.825+0000: 1612.364: [GC [PSYoungGen: 724562K->758K(698240K)] 899470K->175738K(1385216K), 0.0042910 secs] [Times: user=0.01 sys=0.00, real=0.01 secs] 
2014-07-16T02:42:19.328+0000: 1613.867: [GC [PSYoungGen: 698230K->160K(672256K)] 873210K->175228K(1359232K), 0.0102600 secs] [Times: user=0.04 sys=0.00, real=0.01 secs] 
2014-07-16T02:42:20.841+0000: 1615.380: [GC [PSYoungGen: 672224K->562K(648384K)] 847292K->175694K(1335360K), 0.0117290 secs] [Times: user=0.04 sys=0.00, real=0.01 secs] 
2014-07-16T02:42:22.322+0000: 1616.861: [GC [PSYoungGen: 648370K->548K(625216K)] 823502K->175824K(1312192K), 0.0048020 secs] [Times: user=0.02 sys=0.00, real=0.00 secs] 
2014-07-16T02:42:23.693+0000: 1618.232: [GC [PSYoungGen: 625188K->480K(603072K)] 800464K->175908K(1290048K), 0.0166060 secs] [Times: user=0.05 sys=0.00, real=0.01 secs] 
2014-07-16T02:42:24.974+0000: 1619.513: [GC [PSYoungGen: 603040K->502K(582016K)] 778468K->175994K(1268992K), 0.0063050 secs] [Times: user=0.01 sys=0.01, real=0.01 secs] 
2014-07-16T02:42:26.243+0000: 1620.782: [GC [PSYoungGen: 582006K->434K(698304K)] 757498K->175982K(1385280K), 0.0277070 secs] [Times: user=0.10 sys=0.00, real=0.03 secs] 
2014-07-16T02:42:27.808+0000: 1622.347: [GC [PSYoungGen: 698290K->722K(673152K)] 873838K->176342K(1360128K), 0.0081440 secs] [Times: user=0.02 sys=0.00, real=0.01 secs] 
2014-07-16T02:42:29.246+0000: 1623.785: [GC [PSYoungGen: 673106K->448K(648576K)] 848726K->176188K(1335552K), 0.0126100 secs] [Times: user=0.04 sys=0.01, real=0.01 secs] 
2014-07-16T02:42:30.648+0000: 1625.187: [GC [PSYoungGen: 648538K->484K(625472K)] 824278K->176296K(1312448K), 0.0061330 secs] [Times: user=0.01 sys=0.00, real=0.01 secs] 
2014-07-16T02:42:32.124+0000: 1626.663: [GC [PSYoungGen: 625444K->886K(603776K)] 801256K->177058K(1290752K), 0.0184870 secs] [Times: user=0.06 sys=0.01, real=0.02 secs] 
2014-07-16T02:42:33.456+0000: 1627.995: [GC [PSYoungGen: 603766K->384K(582208K)] 779938K->176724K(1269184K), 0.0110030 secs] [Times: user=0.03 sys=0.00, real=0.01 secs] 
2014-07-16T02:42:34.730+0000: 1629.269: [GC [PSYoungGen: 582208K->352K(562048K)] 758548K->176844K(1249024K), 0.0122780 secs] [Times: user=0.03 sys=0.00, real=0.02 secs] 
2014-07-16T02:42:35.940+0000: 1630.479: [GC [PSYoungGen: 561936K->438K(674496K)] 738428K->177010K(1361472K), 0.0350240 secs] [Times: user=0.11 sys=0.00, real=0.04 secs] 
2014-07-16T02:42:37.469+0000: 1632.008: [GC [PSYoungGen: 674486K->626K(809536K)] 851058K->177278K(1496512K), 0.0234690 secs] [Times: user=0.08 sys=0.00, real=0.03 secs] 
2014-07-16T02:42:39.225+0000: 1633.764: [GC [PSYoungGen: 809522K->406K(971136K)] 986174K->177186K(1658112K), 0.0152660 secs] [Times: user=0.05 sys=0.00, real=0.01 secs] 
2014-07-16T02:42:41.378+0000: 1635.917: [GC [PSYoungGen: 971059K->452K(1165376K)] 1147839K->177288K(1852352K), 0.0187710 secs] [Times: user=0.07 sys=0.00, real=0.02 secs] 
2014-07-16T02:42:44.002+0000: 1638.541: [GC [PSYoungGen: 1165316K->530K(1398464K)] 1342152K->177566K(2085440K), 0.0154580 secs] [Times: user=0.05 sys=0.00, real=0.02 secs] 
2014-07-16T02:42:47.154+0000: 1641.693: [GC [PSYoungGen: 1398418K->946K(1339840K)] 1575454K->178334K(2026816K), 0.0067900 secs] [Times: user=0.02 sys=0.01, real=0.00 secs] 
2014-07-16T02:42:50.007+0000: 1644.545: [GC [PSYoungGen: 1339826K->320K(1283072K)] 1517214K->177852K(1970048K), 0.0206880 secs] [Times: user=0.06 sys=0.00, real=0.02 secs] 
2014-07-16T02:42:52.996+0000: 1647.535: [GC [PSYoungGen: 1283070K->1146K(1230528K)] 1460603K->179110K(1917504K), 0.0179820 secs] [Times: user=0.06 sys=0.00, real=0.01 secs] 
2014-07-16T02:42:55.624+0000: 1650.163: [GC [PSYoungGen: 1230522K->352K(1179008K)] 1408486K->178596K(1865984K), 0.0114890 secs] [Times: user=0.04 sys=0.00, real=0.02 secs] 
2014-07-16T02:42:58.246+0000: 1652.785: [GC [PSYoungGen: 1178976K->452K(1130816K)] 1357220K->178896K(1817792K), 0.0201600 secs] [Times: user=0.07 sys=0.00, real=0.02 secs] 
2014-07-16T02:43:00.694+0000: 1655.233: [GC [PSYoungGen: 1130679K->448K(1084736K)] 1309123K->179028K(1771712K), 0.0186420 secs] [Times: user=0.07 sys=0.00, real=0.02 secs] 
2014-07-16T02:43:03.288+0000: 1657.827: [GC [PSYoungGen: 1084715K->1316K(1041856K)] 1263295K->180048K(1728832K), 0.0071410 secs] [Times: user=0.01 sys=0.00, real=0.00 secs] 
2014-07-16T02:43:05.514+0000: 1660.053: [GC [PSYoungGen: 1041828K->288K(999168K)] 1220560K->179284K(1686144K), 0.0222340 secs] [Times: user=0.07 sys=0.00, real=0.03 secs] 
2014-07-16T02:43:07.746+0000: 1662.285: [GC [PSYoungGen: 999115K->534K(959744K)] 1178111K->179634K(1646720K), 0.0065550 secs] [Times: user=0.01 sys=0.00, real=0.00 secs] 
2014-07-16T02:43:09.824+0000: 1664.363: [GC [PSYoungGen: 959672K->452K(921920K)] 1138773K->179664K(1608896K), 0.0063580 secs] [Times: user=0.01 sys=0.00, real=0.01 secs] 
2014-07-16T02:43:11.828+0000: 1666.367: [GC [PSYoungGen: 921860K->352K(885824K)] 1101072K->179628K(1572800K), 0.0233360 secs] [Times: user=0.08 sys=0.00, real=0.02 secs] 
2014-07-16T02:43:13.913+0000: 1668.452: [GC [PSYoungGen: 885792K->562K(851776K)] 1065068K->179982K(1538752K), 0.0061010 secs] [Times: user=0.02 sys=0.00, real=0.01 secs] 
2014-07-16T02:43:15.745+0000: 1670.284: [GC [PSYoungGen: 851685K->566K(819136K)] 1031105K->180178K(1506112K), 0.0110230 secs] [Times: user=0.03 sys=0.00, real=0.01 secs] 
2014-07-16T02:43:17.619+0000: 1672.158: [GC [PSYoungGen: 819119K->1124K(788608K)] 998731K->180848K(1475584K), 0.0070940 secs] [Times: user=0.02 sys=0.01, real=0.00 secs] 
2014-07-16T02:43:19.257+0000: 1673.796: [GC [PSYoungGen: 788579K->288K(758144K)] 968304K->180140K(1445120K), 0.0196740 secs] [Times: user=0.06 sys=0.00, real=0.02 secs] 
2014-07-16T02:43:20.915+0000: 1675.454: [GC [PSYoungGen: 758112K->584K(730240K)] 937964K->180492K(1417216K), 0.0213280 secs] [Times: user=0.06 sys=0.00, real=0.02 secs] 
2014-07-16T02:43:22.593+0000: 1677.132: [GC [PSYoungGen: 730184K->1312K(704000K)] 910092K->181388K(1390976K), 0.0103200 secs] [Times: user=0.02 sys=0.00, real=0.01 secs] 
2014-07-16T02:43:24.163+0000: 1678.702: [GC [PSYoungGen: 703968K->512K(677504K)] 884044K->180724K(1364480K), 0.0251930 secs] [Times: user=0.09 sys=0.00, real=0.02 secs] 
2014-07-16T02:43:25.647+0000: 1680.186: [GC [PSYoungGen: 677450K->288K(652800K)] 857663K->180644K(1339776K), 0.0107360 secs] [Times: user=0.03 sys=0.00, real=0.01 secs] 
2014-07-16T02:43:27.071+0000: 1681.610: [GC [PSYoungGen: 652768K->936K(630080K)] 833124K->181388K(1317056K), 0.0138730 secs] [Times: user=0.04 sys=0.00, real=0.01 secs] 
2014-07-16T02:43:28.484+0000: 1683.023: [GC [PSYoungGen: 630056K->452K(607360K)] 810508K->180952K(1294336K), 0.0058290 secs] [Times: user=0.02 sys=0.01, real=0.00 secs] 
2014-07-16T02:43:29.799+0000: 1684.338: [GC [PSYoungGen: 607300K->384K(585984K)] 787800K->180996K(1272960K), 0.0086470 secs] [Times: user=0.01 sys=0.00, real=0.01 secs] 
2014-07-16T02:43:31.079+0000: 1685.618: [GC [PSYoungGen: 585984K->548K(565888K)] 766596K->181208K(1252864K), 0.0094390 secs] [Times: user=0.04 sys=0.00, real=0.01 secs] 
2014-07-16T02:43:32.328+0000: 1686.867: [GC [PSYoungGen: 565860K->370K(546304K)] 746520K->181126K(1233280K), 0.0057710 secs] [Times: user=0.02 sys=0.00, real=0.01 secs] 
2014-07-16T02:43:33.527+0000: 1688.066: [GC [PSYoungGen: 546290K->416K(527872K)] 727046K->181268K(1214848K), 0.0067050 secs] [Times: user=0.02 sys=0.00, real=0.01 secs] 
2014-07-16T02:43:34.707+0000: 1689.246: [GC [PSYoungGen: 527839K->498K(510272K)] 708691K->181438K(1197248K), 0.0106520 secs] [Times: user=0.03 sys=0.00, real=0.01 secs] 
2014-07-16T02:43:35.811+0000: 1690.350: [GC [PSYoungGen: 510258K->320K(493184K)] 691198K->181348K(1180160K), 0.0089610 secs] [Times: user=0.03 sys=0.00, real=0.00 secs] 
2014-07-16T02:43:36.870+0000: 1691.409: [GC [PSYoungGen: 493184K->210K(476992K)] 674212K->181302K(1163968K), 0.0144110 secs] [Times: user=0.06 sys=0.00, real=0.02 secs] 
2014-07-16T02:43:37.986+0000: 1692.525: [GC [PSYoungGen: 476946K->904K(573056K)] 658038K->182060K(1260032K), 0.0201970 secs] [Times: user=0.06 sys=0.01, real=0.02 secs] 
2014-07-16T02:43:39.208+0000: 1693.746: [GC [PSYoungGen: 573000K->306K(552704K)] 754156K->181534K(1239680K), 0.0040290 secs] [Times: user=0.01 sys=0.00, real=0.01 secs] 
2014-07-16T02:43:40.421+0000: 1694.960: [GC [PSYoungGen: 552690K->516K(534144K)] 733918K->181800K(1221120K), 0.0050580 secs] [Times: user=0.01 sys=0.01, real=0.01 secs] 
2014-07-16T02:43:41.571+0000: 1696.110: [GC [PSYoungGen: 534084K->320K(515904K)] 715368K->181700K(1202880K), 0.0194400 secs] [Times: user=0.05 sys=0.00, real=0.02 secs] 
2014-07-16T02:43:42.708+0000: 1697.247: [GC [PSYoungGen: 515904K->434K(498880K)] 697284K->181878K(1185856K), 0.0063650 secs] [Times: user=0.01 sys=0.00, real=0.01 secs] 
2014-07-16T02:43:43.855+0000: 1698.394: [GC [PSYoungGen: 498866K->480K(482560K)] 680310K->182036K(1169536K), 0.0114230 secs] [Times: user=0.03 sys=0.01, real=0.01 secs] 
2014-07-16T02:43:45.021+0000: 1699.560: [GC [PSYoungGen: 482528K->626K(579136K)] 664084K->182286K(1266112K), 0.0250500 secs] [Times: user=0.09 sys=0.00, real=0.03 secs] 
2014-07-16T02:43:46.335+0000: 1700.874: [GC [PSYoungGen: 579122K->544K(694784K)] 760782K->182332K(1381760K), 0.0052180 secs] [Times: user=0.02 sys=0.00, real=0.00 secs] 
2014-07-16T02:43:47.991+0000: 1702.530: [GC [PSYoungGen: 694750K->840K(833984K)] 876538K->182732K(1520960K), 0.0259490 secs] [Times: user=0.09 sys=0.00, real=0.03 secs] 
2014-07-16T02:43:49.816+0000: 1704.355: [GC [PSYoungGen: 833928K->626K(801920K)] 1015820K->182694K(1488896K), 0.0083300 secs] [Times: user=0.03 sys=0.01, real=0.01 secs] 
2014-07-16T02:43:51.567+0000: 1706.106: [GC [PSYoungGen: 801906K->672K(771712K)] 983974K->182828K(1458688K), 0.0115130 secs] [Times: user=0.04 sys=0.00, real=0.01 secs] 
2014-07-16T02:43:53.365+0000: 1707.904: [GC [PSYoungGen: 771645K->772K(742976K)] 953802K->183072K(1429952K), 0.0048590 secs] [Times: user=0.01 sys=0.00, real=0.00 secs] 
2014-07-16T02:43:55.034+0000: 1709.573: [GC [PSYoungGen: 742916K->818K(715456K)] 925216K->183270K(1402432K), 0.0063060 secs] [Times: user=0.01 sys=0.01, real=0.01 secs] 
2014-07-16T02:43:56.577+0000: 1711.116: [GC [PSYoungGen: 715438K->306K(688704K)] 897891K->182870K(1375680K), 0.0079620 secs] [Times: user=0.03 sys=0.00, real=0.01 secs] 
2014-07-16T02:43:58.189+0000: 1712.728: [GC [PSYoungGen: 688689K->914K(664320K)] 871253K->183542K(1351296K), 0.0056030 secs] [Times: user=0.02 sys=0.00, real=0.01 secs] 
2014-07-16T02:43:59.613+0000: 1714.152: [GC [PSYoungGen: 664268K->416K(796480K)] 846896K->183124K(1483456K), 0.0448750 secs] [Times: user=0.16 sys=0.00, real=0.05 secs] 
2014-07-16T02:44:01.359+0000: 1715.898: [GC [PSYoungGen: 796448K->918K(766976K)] 979156K->183682K(1453952K), 0.0068030 secs] [Times: user=0.02 sys=0.00, real=0.01 secs] 
2014-07-16T02:44:03.101+0000: 1717.640: [GC [PSYoungGen: 766934K->786K(920064K)] 949698K->183694K(1607040K), 0.0265200 secs] [Times: user=0.09 sys=0.01, real=0.03 secs] 
2014-07-16T02:44:05.229+0000: 1719.768: [GC [PSYoungGen: 920018K->598K(1103744K)] 1102926K->183642K(1790720K), 0.0224150 secs] [Times: user=0.09 sys=0.00, real=0.02 secs] 
2014-07-16T02:44:07.620+0000: 1722.159: [GC [PSYoungGen: 1103695K->256K(1324032K)] 1286739K->183492K(2011008K), 0.0198470 secs] [Times: user=0.07 sys=0.00, real=0.02 secs] 
2014-07-16T02:44:10.572+0000: 1725.111: [GC [PSYoungGen: 1324032K->370K(1268800K)] 1507268K->183686K(1955776K), 0.0148550 secs] [Times: user=0.06 sys=0.00, real=0.02 secs] 
2014-07-16T02:44:13.394+0000: 1727.933: [GC [PSYoungGen: 1268731K->1088K(1216832K)] 1452047K->184556K(1903808K), 0.0074770 secs] [Times: user=0.02 sys=0.00, real=0.01 secs] 
2014-07-16T02:44:16.053+0000: 1730.592: [GC [PSYoungGen: 1216832K->626K(1166272K)] 1400300K->184278K(1853248K), 0.0162130 secs] [Times: user=0.06 sys=0.00, real=0.02 secs] 
2014-07-16T02:44:18.661+0000: 1733.200: [GC [PSYoungGen: 1166258K->480K(1118464K)] 1349910K->184284K(1805440K), 0.0146810 secs] [Times: user=0.05 sys=0.00, real=0.01 secs] 
2014-07-16T02:44:21.094+0000: 1735.633: [GC [PSYoungGen: 1118432K->672K(1073280K)] 1302236K->184628K(1760256K), 0.0132250 secs] [Times: user=0.05 sys=0.00, real=0.01 secs] 
2014-07-16T02:44:23.523+0000: 1738.062: [GC [PSYoungGen: 1073248K->1216K(1030592K)] 1257204K->185408K(1717568K), 0.0188090 secs] [Times: user=0.06 sys=0.00, real=0.02 secs] 
2014-07-16T02:44:25.736+0000: 1740.275: [GC [PSYoungGen: 1030592K->704K(988928K)] 1214784K->185056K(1675904K), 0.0340290 secs] [Times: user=0.12 sys=0.00, real=0.04 secs] 
2014-07-16T02:44:27.895+0000: 1742.434: [GC [PSYoungGen: 988928K->644K(1186624K)] 1173280K->185196K(1873600K), 0.0383740 secs] [Times: user=0.13 sys=0.00, real=0.04 secs] 
2014-07-16T02:44:30.484+0000: 1745.023: [GC [PSYoungGen: 1186510K->420K(1423552K)] 1371062K->185060K(2110528K), 0.0200400 secs] [Times: user=0.07 sys=0.00, real=0.02 secs] 
2014-07-16T02:44:33.683+0000: 1748.222: [GC [PSYoungGen: 1423524K->1216K(1364096K)] 1608164K->186024K(2051072K), 0.0098850 secs] [Times: user=0.02 sys=0.00, real=0.01 secs] 
2014-07-16T02:44:36.625+0000: 1751.164: [GC [PSYoungGen: 1364096K->836K(1306496K)] 1548904K->185836K(1993472K), 0.0242250 secs] [Times: user=0.09 sys=0.00, real=0.02 secs] 
2014-07-16T02:44:39.482+0000: 1754.021: [GC [PSYoungGen: 1306436K->448K(1251584K)] 1491436K->185632K(1938560K), 0.0078250 secs] [Times: user=0.02 sys=0.00, real=0.00 secs] 
2014-07-16T02:44:42.192+0000: 1756.731: [GC [PSYoungGen: 1251584K->256K(1199552K)] 1436768K->185560K(1886528K), 0.0175100 secs] [Times: user=0.06 sys=0.00, real=0.01 secs] 
2014-07-16T02:44:44.862+0000: 1759.401: [GC [PSYoungGen: 1199501K->534K(1150528K)] 1384805K->185998K(1837504K), 0.0206090 secs] [Times: user=0.07 sys=0.00, real=0.02 secs] 
2014-07-16T02:44:47.384+0000: 1761.923: [GC [PSYoungGen: 1150486K->320K(1103360K)] 1335950K->185944K(1790336K), 0.0134390 secs] [Times: user=0.04 sys=0.00, real=0.01 secs] 
2014-07-16T02:44:49.848+0000: 1764.387: [GC [PSYoungGen: 1103360K->480K(1058880K)] 1288984K->186248K(1745856K), 0.0205310 secs] [Times: user=0.07 sys=0.01, real=0.02 secs] 
2014-07-16T02:44:52.146+0000: 1766.685: [GC [PSYoungGen: 1058774K->352K(1016256K)] 1244542K->186240K(1703232K), 0.0063870 secs] [Times: user=0.02 sys=0.00, real=0.01 secs] 
2014-07-16T02:44:54.427+0000: 1768.966: [GC [PSYoungGen: 1016224K->516K(975936K)] 1202112K->186540K(1662912K), 0.0052810 secs] [Times: user=0.02 sys=0.00, real=0.00 secs] 
2014-07-16T02:44:56.621+0000: 1771.160: [GC [PSYoungGen: 975876K->1060K(937920K)] 1161900K->187244K(1624896K), 0.0307630 secs] [Times: user=0.11 sys=0.00, real=0.03 secs] 
2014-07-16T02:44:58.626+0000: 1773.165: [GC [PSYoungGen: 937892K->256K(900416K)] 1124076K->186568K(1587392K), 0.0097460 secs] [Times: user=0.04 sys=0.00, real=0.01 secs] 
2014-07-16T02:45:00.640+0000: 1775.179: [GC [PSYoungGen: 900416K->416K(865664K)] 1086728K->186840K(1552640K), 0.0104890 secs] [Times: user=0.04 sys=0.00, real=0.01 secs] 
2014-07-16T02:45:02.518+0000: 1777.057: [GC [PSYoungGen: 865632K->434K(832384K)] 1052056K->187002K(1519360K), 0.0065290 secs] [Times: user=0.01 sys=0.00, real=0.01 secs] 
2014-07-16T02:45:04.387+0000: 1778.926: [GC [PSYoungGen: 832370K->320K(800512K)] 1018938K->186992K(1487488K), 0.0059800 secs] [Times: user=0.01 sys=0.00, real=0.00 secs] 
2014-07-16T02:45:06.161+0000: 1780.700: [GC [PSYoungGen: 800512K->562K(770560K)] 987184K->187362K(1457536K), 0.0054910 secs] [Times: user=0.01 sys=0.00, real=0.01 secs] 
2014-07-16T02:45:07.884+0000: 1782.423: [GC [PSYoungGen: 770546K->256K(741440K)] 957346K->187168K(1428416K), 0.0109730 secs] [Times: user=0.03 sys=0.00, real=0.01 secs] 
2014-07-16T02:45:09.602+0000: 1784.141: [GC [PSYoungGen: 741422K->438K(714176K)] 928334K->187454K(1401152K), 0.0056080 secs] [Times: user=0.01 sys=0.00, real=0.01 secs] 
2014-07-16T02:45:11.141+0000: 1785.680: [GC [PSYoungGen: 714166K->466K(688064K)] 901182K->187586K(1375040K), 0.0094950 secs] [Times: user=0.04 sys=0.00, real=0.01 secs] 
2014-07-16T02:45:12.655+0000: 1787.194: [GC [PSYoungGen: 688018K->434K(663040K)] 875138K->187642K(1350016K), 0.0061530 secs] [Times: user=0.02 sys=0.00, real=0.00 secs] 
2014-07-16T02:45:14.097+0000: 1788.636: [GC [PSYoungGen: 662965K->438K(639232K)] 850174K->187742K(1326208K), 0.0133460 secs] [Times: user=0.05 sys=0.00, real=0.01 secs] 
2014-07-16T02:45:15.580+0000: 1790.119: [GC [PSYoungGen: 639222K->694K(616768K)] 826526K->188110K(1303744K), 0.0277560 secs] [Times: user=0.09 sys=0.00, real=0.03 secs] 
2014-07-16T02:45:16.918+0000: 1791.457: [GC [PSYoungGen: 616758K->338K(594752K)] 804174K->187890K(1281728K), 0.0103940 secs] [Times: user=0.04 sys=0.00, real=0.01 secs] 
2014-07-16T02:45:18.243+0000: 1792.782: [GC [PSYoungGen: 594706K->384K(574080K)] 782258K->188032K(1261056K), 0.0103240 secs] [Times: user=0.02 sys=0.00, real=0.01 secs] 
2014-07-16T02:45:19.558+0000: 1794.097: [GC [PSYoungGen: 573987K->616K(554560K)] 761636K->188336K(1241536K), 0.0163810 secs] [Times: user=0.06 sys=0.00, real=0.01 secs] 
2014-07-16T02:45:20.740+0000: 1795.279: [GC [PSYoungGen: 554536K->224K(535296K)] 742256K->188008K(1222272K), 0.0061160 secs] [Times: user=0.01 sys=0.00, real=0.00 secs] 
2014-07-16T02:45:21.905+0000: 1796.444: [GC [PSYoungGen: 535199K->598K(642688K)] 722983K->188462K(1329664K), 0.0229160 secs] [Times: user=0.08 sys=0.00, real=0.03 secs] 
2014-07-16T02:45:23.310+0000: 1797.849: [GC [PSYoungGen: 642646K->352K(770880K)] 830510K->188312K(1457856K), 0.0203450 secs] [Times: user=0.07 sys=0.00, real=0.02 secs] 
2014-07-16T02:45:25.039+0000: 1799.578: [GC [PSYoungGen: 770848K->498K(742144K)] 958808K->188554K(1429120K), 0.0057610 secs] [Times: user=0.01 sys=0.00, real=0.00 secs] 
2014-07-16T02:45:26.621+0000: 1801.160: [GC [PSYoungGen: 742093K->320K(714496K)] 930149K->188496K(1401472K), 0.0068760 secs] [Times: user=0.02 sys=0.00, real=0.01 secs] 
2014-07-16T02:45:28.239+0000: 1802.778: [GC [PSYoungGen: 714426K->420K(688448K)] 902602K->188660K(1375424K), 0.0076250 secs] [Times: user=0.03 sys=0.00, real=0.00 secs] 
2014-07-16T02:45:29.812+0000: 1804.351: [GC [PSYoungGen: 688420K->566K(663552K)] 876660K->188942K(1350528K), 0.0100610 secs] [Times: user=0.03 sys=0.00, real=0.01 secs] 
2014-07-16T02:45:31.207+0000: 1805.746: [GC [PSYoungGen: 663542K->448K(639616K)] 851918K->188936K(1326592K), 0.0244540 secs] [Times: user=0.08 sys=0.00, real=0.03 secs] 
2014-07-16T02:45:32.604+0000: 1807.143: [GC [PSYoungGen: 639616K->160K(767232K)] 828104K->188728K(1454208K), 0.0237310 secs] [Times: user=0.08 sys=0.00, real=0.02 secs] 
2014-07-16T02:45:34.282+0000: 1808.821: [GC [PSYoungGen: 767200K->818K(921280K)] 955768K->189514K(1608256K), 0.0170140 secs] [Times: user=0.06 sys=0.01, real=0.02 secs] 
2014-07-16T02:45:36.375+0000: 1810.914: [GC [PSYoungGen: 921266K->626K(885184K)] 1109962K->189426K(1572160K), 0.0107710 secs] [Times: user=0.03 sys=0.00, real=0.01 secs] 
2014-07-16T02:45:38.398+0000: 1812.937: [GC [PSYoungGen: 885170K->448K(850752K)] 1073970K->189432K(1537728K), 0.0077830 secs] [Times: user=0.03 sys=0.00, real=0.01 secs] 
2014-07-16T02:45:40.279+0000: 1814.818: [GC [PSYoungGen: 850750K->466K(818240K)] 1039734K->189594K(1505216K), 0.0165990 secs] [Times: user=0.06 sys=0.00, real=0.02 secs] 
2014-07-16T02:45:42.064+0000: 1816.602: [GC [PSYoungGen: 818157K->694K(787392K)] 1007285K->189942K(1474368K), 0.0062900 secs] [Times: user=0.02 sys=0.00, real=0.00 secs] 
2014-07-16T02:45:43.754+0000: 1818.293: [GC [PSYoungGen: 787382K->320K(757440K)] 976630K->189680K(1444416K), 0.0047120 secs] [Times: user=0.02 sys=0.00, real=0.00 secs] 
2014-07-16T02:45:45.450+0000: 1819.989: [GC [PSYoungGen: 757421K->516K(729472K)] 946781K->189956K(1416448K), 0.0174360 secs] [Times: user=0.07 sys=0.00, real=0.01 secs] 
2014-07-16T02:45:47.043+0000: 1821.582: [GC [PSYoungGen: 729331K->420K(702464K)] 918771K->189980K(1389440K), 0.0143030 secs] [Times: user=0.05 sys=0.00, real=0.01 secs] 
2014-07-16T02:45:48.652+0000: 1823.191: [GC [PSYoungGen: 702436K->320K(676672K)] 891996K->189944K(1363648K), 0.0070400 secs] [Times: user=0.01 sys=0.00, real=0.00 secs] 
2014-07-16T02:45:50.198+0000: 1824.737: [GC [PSYoungGen: 676601K->352K(652288K)] 866225K->190088K(1339264K), 0.0053990 secs] [Times: user=0.01 sys=0.00, real=0.01 secs] 
2014-07-16T02:45:51.587+0000: 1826.126: [GC [PSYoungGen: 652256K->420K(629056K)] 841992K->190268K(1316032K), 0.0091260 secs] [Times: user=0.03 sys=0.01, real=0.01 secs] 
2014-07-16T02:45:52.941+0000: 1827.480: [GC [PSYoungGen: 629028K->584K(606976K)] 818876K->190504K(1293952K), 0.0059400 secs] [Times: user=0.02 sys=0.00, real=0.01 secs] 
2014-07-16T02:45:54.275+0000: 1828.814: [GC [PSYoungGen: 606859K->288K(585408K)] 796779K->190280K(1272384K), 0.0041150 secs] [Times: user=0.02 sys=0.00, real=0.00 secs] 
2014-07-16T02:45:55.565+0000: 1830.104: [GC [PSYoungGen: 585376K->320K(565120K)] 775368K->190408K(1252096K), 0.0227100 secs] [Times: user=0.08 sys=0.00, real=0.02 secs] 
2014-07-16T02:45:56.797+0000: 1831.336: [GC [PSYoungGen: 565120K->370K(545856K)] 755208K->190530K(1232832K), 0.0128710 secs] [Times: user=0.04 sys=0.00, real=0.01 secs] 
2014-07-16T02:45:57.993+0000: 1832.532: [GC [PSYoungGen: 545842K->452K(655104K)] 736002K->190684K(1342080K), 0.0175700 secs] [Times: user=0.06 sys=0.00, real=0.01 secs] 
2014-07-16T02:45:59.389+0000: 1833.928: [GC [PSYoungGen: 655044K->448K(785984K)] 845276K->190728K(1472960K), 0.0222500 secs] [Times: user=0.09 sys=0.00, real=0.02 secs] 
2014-07-16T02:46:01.181+0000: 1835.720: [GC [PSYoungGen: 785984K->634K(943296K)] 976264K->191346K(1630272K), 0.0124670 secs] [Times: user=0.05 sys=0.00, real=0.02 secs] 
2014-07-16T02:46:03.175+0000: 1837.713: [GC [PSYoungGen: 943290K->690K(906368K)] 1134002K->191610K(1593344K), 0.0171370 secs] [Times: user=0.06 sys=0.00, real=0.01 secs] 
2014-07-16T02:46:05.147+0000: 1839.686: [GC [PSYoungGen: 906354K->630K(871104K)] 1097274K->192318K(1558080K), 0.0196690 secs] [Times: user=0.04 sys=0.00, real=0.02 secs] 
2014-07-16T02:46:06.974+0000: 1841.513: [GC [PSYoungGen: 871094K->754K(837696K)] 1062782K->192626K(1524672K), 0.0148350 secs] [Times: user=0.04 sys=0.00, real=0.01 secs] 
2014-07-16T02:46:08.741+0000: 1843.280: [GC [PSYoungGen: 837610K->790K(805824K)] 1029482K->192878K(1492800K), 0.0053920 secs] [Times: user=0.01 sys=0.00, real=0.01 secs] 
2014-07-16T02:46:10.558+0000: 1845.097: [GC [PSYoungGen: 805782K->640K(966656K)] 997870K->192848K(1653632K), 0.0337950 secs] [Times: user=0.11 sys=0.00, real=0.03 secs] 
2014-07-16T02:46:12.599+0000: 1847.138: [GC [PSYoungGen: 966622K->512K(928448K)] 1158831K->192888K(1615424K), 0.0049390 secs] [Times: user=0.02 sys=0.00, real=0.00 secs] 
2014-07-16T02:46:14.500+0000: 1849.039: [GC [PSYoungGen: 928448K->608K(892288K)] 1120824K->193144K(1579264K), 0.0073690 secs] [Times: user=0.02 sys=0.00, real=0.01 secs] 
2014-07-16T02:46:16.467+0000: 1851.006: [GC [PSYoungGen: 892256K->836K(857984K)] 1084792K->193492K(1544960K), 0.0068250 secs] [Times: user=0.02 sys=0.00, real=0.00 secs] 
2014-07-16T02:46:18.240+0000: 1852.779: [GC [PSYoungGen: 857924K->640K(824832K)] 1050580K->193464K(1511808K), 0.0155790 secs] [Times: user=0.05 sys=0.00, real=0.02 secs] 
2014-07-16T02:46:19.983+0000: 1854.522: [GC [PSYoungGen: 824824K->598K(793472K)] 1017648K->193494K(1480448K), 0.0191810 secs] [Times: user=0.07 sys=0.00, real=0.02 secs] 
2014-07-16T02:46:21.709+0000: 1856.248: [GC [PSYoungGen: 793402K->726K(763712K)] 986298K->193726K(1450688K), 0.0144650 secs] [Times: user=0.06 sys=0.00, real=0.01 secs] 
2014-07-16T02:46:23.275+0000: 1857.814: [GC [PSYoungGen: 763670K->466K(734976K)] 956670K->193650K(1421952K), 0.0053220 secs] [Times: user=0.02 sys=0.00, real=0.01 secs] 
2014-07-16T02:46:24.756+0000: 1859.295: [GC [PSYoungGen: 734930K->466K(707840K)] 928114K->193754K(1394816K), 0.0090630 secs] [Times: user=0.03 sys=0.00, real=0.00 secs] 
2014-07-16T02:46:26.324+0000: 1860.863: [GC [PSYoungGen: 707794K->534K(681984K)] 901082K->193894K(1368960K), 0.0063360 secs] [Times: user=0.01 sys=0.00, real=0.01 secs] 
2014-07-16T02:46:27.781+0000: 1862.320: [GC [PSYoungGen: 681942K->662K(657408K)] 875302K->194150K(1344384K), 0.0151640 secs] [Times: user=0.06 sys=0.00, real=0.01 secs] 
2014-07-16T02:46:29.138+0000: 1863.677: [GC [PSYoungGen: 657366K->480K(633664K)] 850854K->194080K(1320640K), 0.0102910 secs] [Times: user=0.03 sys=0.00, real=0.01 secs] 
2014-07-16T02:46:30.612+0000: 1865.151: [GC [PSYoungGen: 633632K->886K(611584K)] 827232K->194558K(1298560K), 0.0185960 secs] [Times: user=0.07 sys=0.00, real=0.02 secs] 
2014-07-16T02:46:31.872+0000: 1866.411: [GC [PSYoungGen: 611573K->562K(589824K)] 805246K->194426K(1276800K), 0.0083620 secs] [Times: user=0.01 sys=0.01, real=0.01 secs] 
2014-07-16T02:46:33.075+0000: 1867.614: [GC [PSYoungGen: 589775K->648K(569472K)] 783639K->194616K(1256448K), 0.0148030 secs] [Times: user=0.05 sys=0.00, real=0.02 secs] 
2014-07-16T02:46:34.213+0000: 1868.752: [GC [PSYoungGen: 569416K->452K(683072K)] 763384K->194516K(1370048K), 0.0174090 secs] [Times: user=0.06 sys=0.01, real=0.02 secs] 
2014-07-16T02:46:35.694+0000: 1870.233: [GC [PSYoungGen: 683012K->918K(658752K)] 877076K->195046K(1345728K), 0.0083390 secs] [Times: user=0.02 sys=0.00, real=0.01 secs] 
2014-07-16T02:46:37.016+0000: 1871.555: [GC [PSYoungGen: 658710K->566K(789952K)] 852838K->194806K(1476928K), 0.0252030 secs] [Times: user=0.09 sys=0.00, real=0.03 secs] 
2014-07-16T02:46:38.657+0000: 1873.196: [GC [PSYoungGen: 789940K->658K(760384K)] 984180K->194970K(1447360K), 0.0074480 secs] [Times: user=0.02 sys=0.00, real=0.01 secs] 
2014-07-16T02:46:40.396+0000: 1874.935: [GC [PSYoungGen: 760338K->836K(732224K)] 954650K->195228K(1419200K), 0.0105840 secs] [Times: user=0.04 sys=0.00, real=0.01 secs] 
2014-07-16T02:46:41.960+0000: 1876.499: [GC [PSYoungGen: 732164K->758K(705088K)] 926556K->195326K(1392064K), 0.0151140 secs] [Times: user=0.06 sys=0.00, real=0.01 secs] 
2014-07-16T02:46:43.437+0000: 1877.976: [GC [PSYoungGen: 705078K->562K(845760K)] 899646K->195658K(1532736K), 0.0441800 secs] [Times: user=0.16 sys=0.00, real=0.05 secs] 
2014-07-16T02:46:45.199+0000: 1879.738: [GC [PSYoungGen: 845746K->996K(1015296K)] 1040842K->196172K(1702272K), 0.0291500 secs] [Times: user=0.11 sys=0.00, real=0.02 secs] 
2014-07-16T02:46:47.423+0000: 1881.962: [GC [PSYoungGen: 1015268K->708K(1217920K)] 1210444K->196100K(1904896K), 0.0245120 secs] [Times: user=0.06 sys=0.00, real=0.02 secs] 
2014-07-16T02:46:49.937+0000: 1884.476: [GC [PSYoungGen: 1217860K->544K(1461184K)] 1413252K->196096K(2148160K), 0.0083260 secs] [Times: user=0.01 sys=0.01, real=0.01 secs] 
2014-07-16T02:46:53.093+0000: 1887.632: [GC [PSYoungGen: 1461055K->772K(1554496K)] 1656607K->196436K(2241472K), 0.0281680 secs] [Times: user=0.10 sys=0.00, real=0.03 secs] 
2014-07-16T02:46:56.390+0000: 1890.929: [GC [PSYoungGen: 1554116K->672K(1487488K)] 1749780K->196632K(2174464K), 0.0095150 secs] [Times: user=0.03 sys=0.00, real=0.01 secs] 
2014-07-16T02:46:59.447+0000: 1893.986: [GC [PSYoungGen: 1487456K->484K(1424000K)] 1683416K->196980K(2110976K), 0.0062540 secs] [Times: user=0.02 sys=0.00, real=0.01 secs] 
2014-07-16T02:47:02.479+0000: 1897.018: [GC [PSYoungGen: 1423972K->1032K(1364352K)] 1620468K->197664K(2051328K), 0.0203830 secs] [Times: user=0.07 sys=0.00, real=0.02 secs] 
2014-07-16T02:47:05.224+0000: 1899.763: [GC [PSYoungGen: 1364296K->708K(1306752K)] 1560928K->197684K(1993728K), 0.0071960 secs] [Times: user=0.02 sys=0.00, real=0.00 secs] 
2014-07-16T02:47:07.996+0000: 1902.535: [GC [PSYoungGen: 1306621K->512K(1251968K)] 1503597K->197632K(1938944K), 0.0074060 secs] [Times: user=0.01 sys=0.00, real=0.01 secs] 
2014-07-16T02:47:10.583+0000: 1905.122: [GC [PSYoungGen: 1251968K->640K(1200256K)] 1449088K->197920K(1887232K), 0.0194390 secs] [Times: user=0.06 sys=0.00, real=0.01 secs] 
2014-07-16T02:47:13.167+0000: 1907.706: [GC [PSYoungGen: 1200256K->708K(1151040K)] 1397536K->198148K(1838016K), 0.0153700 secs] [Times: user=0.05 sys=0.00, real=0.01 secs] 
2014-07-16T02:47:15.497+0000: 1910.036: [GC [PSYoungGen: 1150980K->1060K(1104384K)] 1348420K->198724K(1791360K), 0.0135650 secs] [Times: user=0.04 sys=0.00, real=0.01 secs] 
2014-07-16T02:47:17.898+0000: 1912.437: [GC [PSYoungGen: 1104356K->740K(1059392K)] 1302020K->198532K(1746368K), 0.0058550 secs] [Times: user=0.02 sys=0.00, real=0.00 secs] 
2014-07-16T02:47:20.080+0000: 1914.619: [GC [PSYoungGen: 1059364K->530K(1016640K)] 1257156K->198466K(1703616K), 0.0046880 secs] [Times: user=0.01 sys=0.00, real=0.00 secs] 
2014-07-16T02:47:22.396+0000: 1916.935: [GC [PSYoungGen: 1016594K->740K(976320K)] 1214530K->198764K(1663296K), 0.0063240 secs] [Times: user=0.01 sys=0.00, real=0.00 secs] 
2014-07-16T02:47:24.387+0000: 1918.926: [GC [PSYoungGen: 976292K->658K(937728K)] 1174316K->198946K(1624704K), 0.0190570 secs] [Times: user=0.07 sys=0.00, real=0.02 secs] 
2014-07-16T02:47:26.290+0000: 1920.829: [GC [PSYoungGen: 937607K->676K(900992K)] 1135896K->199068K(1587968K), 0.0073730 secs] [Times: user=0.03 sys=0.01, real=0.01 secs] 
2014-07-16T02:47:28.214+0000: 1922.753: [GC [PSYoungGen: 900964K->744K(866112K)] 1099356K->199248K(1553088K), 0.0106640 secs] [Times: user=0.02 sys=0.00, real=0.01 secs] 
2014-07-16T02:47:29.992+0000: 1924.531: [GC [PSYoungGen: 866088K->580K(832704K)] 1064592K->199188K(1519680K), 0.0049970 secs] [Times: user=0.02 sys=0.00, real=0.01 secs] 
2014-07-16T02:47:31.937+0000: 1926.476: [GC [PSYoungGen: 832644K->822K(801152K)] 1031252K->199726K(1488128K), 0.0080750 secs] [Times: user=0.02 sys=0.01, real=0.01 secs] 
2014-07-16T02:47:33.596+0000: 1928.135: [GC [PSYoungGen: 801140K->480K(770624K)] 1000045K->199624K(1457600K), 0.0257670 secs] [Times: user=0.09 sys=0.00, real=0.03 secs] 
2014-07-16T02:47:35.216+0000: 1929.755: [GC [PSYoungGen: 770592K->566K(741888K)] 969736K->199862K(1428864K), 0.0099460 secs] [Times: user=0.03 sys=0.00, real=0.01 secs] 
2014-07-16T02:47:36.854+0000: 1931.393: [GC [PSYoungGen: 741878K->914K(714816K)] 941174K->200338K(1401792K), 0.0065530 secs] [Times: user=0.01 sys=0.01, real=0.01 secs] 
2014-07-16T02:47:38.263+0000: 1932.802: [GC [PSYoungGen: 714770K->384K(688064K)] 914194K->199928K(1375040K), 0.0170650 secs] [Times: user=0.06 sys=0.00, real=0.02 secs] 
2014-07-16T02:47:39.722+0000: 1934.261: [GC [PSYoungGen: 688064K->850K(663616K)] 887608K->200466K(1350592K), 0.0067090 secs] [Times: user=0.01 sys=0.01, real=0.01 secs] 
2014-07-16T02:47:41.131+0000: 1935.670: [GC [PSYoungGen: 663532K->790K(639744K)] 863149K->200478K(1326720K), 0.0055840 secs] [Times: user=0.02 sys=0.00, real=0.00 secs] 
2014-07-16T02:47:42.591+0000: 1937.130: [GC [PSYoungGen: 639702K->768K(767488K)] 839390K->200608K(1454464K), 0.0330300 secs] [Times: user=0.12 sys=0.00, real=0.03 secs] 
2014-07-16T02:47:44.157+0000: 1938.696: [GC [PSYoungGen: 767407K->498K(738560K)] 967247K->200482K(1425536K), 0.0053020 secs] [Times: user=0.02 sys=0.00, real=0.01 secs] 
2014-07-16T02:47:45.623+0000: 1940.162: [GC [PSYoungGen: 738546K->498K(711232K)] 938530K->200594K(1398208K), 0.0099620 secs] [Times: user=0.03 sys=0.00, real=0.01 secs] 
2014-07-16T02:47:47.213+0000: 1941.752: [GC [PSYoungGen: 711218K->594K(685312K)] 911314K->200762K(1372288K), 0.0208300 secs] [Times: user=0.07 sys=0.00, real=0.02 secs] 
2014-07-16T02:47:48.616+0000: 1943.155: [GC [PSYoungGen: 685266K->722K(660608K)] 885434K->201018K(1347584K), 0.0105450 secs] [Times: user=0.02 sys=0.00, real=0.01 secs] 
2014-07-16T02:47:49.979+0000: 1944.518: [GC [PSYoungGen: 660562K->726K(636928K)] 860858K->201102K(1323904K), 0.0137210 secs] [Times: user=0.04 sys=0.00, real=0.01 secs] 
2014-07-16T02:47:51.347+0000: 1945.886: [GC [PSYoungGen: 636886K->694K(614272K)] 837262K->201118K(1301248K), 0.0102350 secs] [Times: user=0.03 sys=0.00, real=0.01 secs] 
2014-07-16T02:47:52.825+0000: 1947.364: [GC [PSYoungGen: 614262K->694K(592704K)] 814686K->201270K(1279680K), 0.0141780 secs] [Times: user=0.05 sys=0.00, real=0.01 secs] 
2014-07-16T02:47:54.157+0000: 1948.696: [GC [PSYoungGen: 592625K->1010K(572416K)] 793201K->201810K(1259392K), 0.0081450 secs] [Times: user=0.02 sys=0.00, real=0.01 secs] 
2014-07-16T02:47:55.415+0000: 1949.954: [GC [PSYoungGen: 572303K->356K(686080K)] 773103K->201492K(1373056K), 0.0229600 secs] [Times: user=0.08 sys=0.01, real=0.02 secs] 
2014-07-16T02:47:57.024+0000: 1951.563: [GC [PSYoungGen: 686052K->1088K(661888K)] 887188K->202344K(1348864K), 0.0056030 secs] [Times: user=0.02 sys=0.01, real=0.00 secs] 
2014-07-16T02:47:58.479+0000: 1953.018: [GC [PSYoungGen: 661883K->602K(637696K)] 863140K->202026K(1324672K), 0.0073150 secs] [Times: user=0.03 sys=0.00, real=0.01 secs] 
2014-07-16T02:47:59.839+0000: 1954.378: [GC [PSYoungGen: 637652K->384K(614784K)] 839077K->201888K(1301760K), 0.0052290 secs] [Times: user=0.02 sys=0.00, real=0.01 secs] 
2014-07-16T02:48:01.092+0000: 1955.631: [GC [PSYoungGen: 614784K->644K(593472K)] 816288K->202212K(1280448K), 0.0112060 secs] [Times: user=0.01 sys=0.00, real=0.01 secs] 
2014-07-16T02:48:02.433+0000: 1956.972: [GC [PSYoungGen: 593412K->928K(712320K)] 794980K->202624K(1399296K), 0.0260950 secs] [Times: user=0.09 sys=0.00, real=0.02 secs] 
2014-07-16T02:48:03.876+0000: 1958.415: [GC [PSYoungGen: 712288K->370K(685696K)] 913984K->202194K(1372672K), 0.0082880 secs] [Times: user=0.02 sys=0.01, real=0.01 secs] 
2014-07-16T02:48:05.281+0000: 1959.820: [GC [PSYoungGen: 685615K->680K(661120K)] 887439K->202584K(1348096K), 0.0152580 secs] [Times: user=0.06 sys=0.00, real=0.02 secs] 
2014-07-16T02:48:06.615+0000: 1961.154: [GC [PSYoungGen: 661096K->434K(637120K)] 863000K->202426K(1324096K), 0.0051700 secs] [Times: user=0.02 sys=0.00, real=0.00 secs] 
2014-07-16T02:48:08.186+0000: 1962.725: [GC [PSYoungGen: 637106K->580K(614656K)] 839098K->202652K(1301632K), 0.0112800 secs] [Times: user=0.02 sys=0.00, real=0.01 secs] 
2014-07-16T02:48:09.455+0000: 1963.994: [GC [PSYoungGen: 614596K->630K(593088K)] 816668K->202814K(1280064K), 0.0080120 secs] [Times: user=0.02 sys=0.00, real=0.01 secs] 
2014-07-16T02:48:10.632+0000: 1965.171: [GC [PSYoungGen: 593078K->530K(572416K)] 795262K->202778K(1259392K), 0.0071220 secs] [Times: user=0.02 sys=0.00, real=0.01 secs] 
2014-07-16T02:48:11.841+0000: 1966.380: [GC [PSYoungGen: 572370K->626K(552832K)] 774618K->202962K(1239808K), 0.0180570 secs] [Times: user=0.07 sys=0.00, real=0.02 secs] 
2014-07-16T02:48:13.160+0000: 1967.699: [GC [PSYoungGen: 552818K->836K(534272K)] 755154K->203308K(1221248K), 0.0128480 secs] [Times: user=0.05 sys=0.00, real=0.02 secs] 
2014-07-16T02:48:14.253+0000: 1968.792: [GC [PSYoungGen: 534212K->320K(640384K)] 736684K->202920K(1327360K), 0.0183160 secs] [Times: user=0.07 sys=0.01, real=0.02 secs] 
2014-07-16T02:48:15.553+0000: 1970.092: [GC [PSYoungGen: 640384K->416K(768576K)] 842984K->203088K(1455552K), 0.0113290 secs] [Times: user=0.05 sys=0.00, real=0.02 secs] 
2014-07-16T02:48:17.130+0000: 1971.669: [GC [PSYoungGen: 768544K->704K(740096K)] 971216K->203464K(1427072K), 0.0069600 secs] [Times: user=0.02 sys=0.01, real=0.01 secs] 
2014-07-16T02:48:18.808+0000: 1973.347: [GC [PSYoungGen: 740073K->840K(712896K)] 942833K->203672K(1399872K), 0.0143330 secs] [Times: user=0.04 sys=0.00, real=0.01 secs] 
2014-07-16T02:48:20.290+0000: 1974.829: [GC [PSYoungGen: 712840K->352K(686272K)] 915672K->203328K(1373248K), 0.0186940 secs] [Times: user=0.07 sys=0.00, real=0.02 secs] 
2014-07-16T02:48:21.718+0000: 1976.257: [GC [PSYoungGen: 686240K->1106K(662144K)] 889216K->204186K(1349120K), 0.0099990 secs] [Times: user=0.02 sys=0.00, real=0.01 secs] 
2014-07-16T02:48:23.246+0000: 1977.785: [GC [PSYoungGen: 662098K->832K(794048K)] 865178K->204296K(1481024K), 0.0321770 secs] [Times: user=0.12 sys=0.00, real=0.03 secs] 
2014-07-16T02:48:24.913+0000: 1979.451: [GC [PSYoungGen: 793984K->740K(952640K)] 997448K->204340K(1639616K), 0.0191420 secs] [Times: user=0.08 sys=0.00, real=0.02 secs] 
2014-07-16T02:48:26.889+0000: 1981.428: [GC [PSYoungGen: 952612K->594K(1142912K)] 1156212K->204370K(1829888K), 0.0315230 secs] [Times: user=0.11 sys=0.00, real=0.03 secs] 
2014-07-16T02:48:29.318+0000: 1983.857: [GC [PSYoungGen: 1142866K->754K(1371520K)] 1346642K->204642K(2058496K), 0.0061610 secs] [Times: user=0.02 sys=0.00, real=0.00 secs] 
2014-07-16T02:48:32.209+0000: 1986.748: [GC [PSYoungGen: 1371506K->932K(1314048K)] 1575394K->204980K(2001024K), 0.0142730 secs] [Times: user=0.05 sys=0.00, real=0.01 secs] 
2014-07-16T02:48:35.147+0000: 1989.686: [GC [PSYoungGen: 1314020K->1088K(1259328K)] 1518068K->205392K(1946304K), 0.0083740 secs] [Times: user=0.02 sys=0.00, real=0.00 secs] 
2014-07-16T02:48:37.881+0000: 1992.420: [GC [PSYoungGen: 1259262K->552K(1206656K)] 1463566K->205296K(1893632K), 0.0140880 secs] [Times: user=0.04 sys=0.00, real=0.01 secs] 
2014-07-16T02:48:40.363+0000: 1994.902: [GC [PSYoungGen: 1206632K->512K(1156928K)] 1411376K->205448K(1843904K), 0.0254920 secs] [Times: user=0.10 sys=0.00, real=0.03 secs] 
2014-07-16T02:48:42.875+0000: 1997.414: [GC [PSYoungGen: 1156928K->1160K(1110400K)] 1361864K->206288K(1797376K), 0.0146440 secs] [Times: user=0.05 sys=0.00, real=0.02 secs] 
2014-07-16T02:48:45.213+0000: 1999.752: [GC [PSYoungGen: 1110344K->512K(1064704K)] 1315472K->205864K(1751680K), 0.0312810 secs] [Times: user=0.12 sys=0.00, real=0.03 secs] 
2014-07-16T02:48:47.413+0000: 2001.952: [GC [PSYoungGen: 1064634K->626K(1022016K)] 1269986K->206154K(1708992K), 0.0206050 secs] [Times: user=0.08 sys=0.00, real=0.02 secs] 
2014-07-16T02:48:49.565+0000: 2004.104: [GC [PSYoungGen: 1022002K->630K(981248K)] 1227530K->206270K(1668224K), 0.0175530 secs] [Times: user=0.05 sys=0.00, real=0.02 secs] 
2014-07-16T02:48:51.590+0000: 2006.129: [GC [PSYoungGen: 981238K->694K(942528K)] 1186878K->206470K(1629504K), 0.0050790 secs] [Times: user=0.02 sys=0.00, real=0.00 secs] 
2014-07-16T02:48:53.755+0000: 2008.294: [GC [PSYoungGen: 942518K->786K(905728K)] 1148294K->206722K(1592704K), 0.0102530 secs] [Times: user=0.03 sys=0.01, real=0.01 secs] 
2014-07-16T02:48:55.640+0000: 2010.179: [GC [PSYoungGen: 905682K->466K(870208K)] 1111618K->206586K(1557184K), 0.0053150 secs] [Times: user=0.01 sys=0.00, real=0.00 secs] 
2014-07-16T02:48:57.481+0000: 2012.020: [GC [PSYoungGen: 870161K->548K(836736K)] 1076282K->206788K(1523712K), 0.0085620 secs] [Times: user=0.01 sys=0.00, real=0.00 secs] 
2014-07-16T02:48:59.324+0000: 2013.863: [GC [PSYoungGen: 836708K->704K(804928K)] 1042948K->207048K(1491904K), 0.0078730 secs] [Times: user=0.02 sys=0.00, real=0.01 secs] 
2014-07-16T02:49:00.971+0000: 2015.510: [GC [PSYoungGen: 804928K->484K(774336K)] 1011272K->206948K(1461312K), 0.0105980 secs] [Times: user=0.04 sys=0.00, real=0.01 secs] 
2014-07-16T02:49:02.543+0000: 2017.082: [GC [PSYoungGen: 774308K->544K(745408K)] 980772K->207136K(1432384K), 0.0280580 secs] [Times: user=0.09 sys=0.00, real=0.03 secs] 
2014-07-16T02:49:04.294+0000: 2018.833: [GC [PSYoungGen: 745376K->708K(717952K)] 951968K->207404K(1404928K), 0.0197730 secs] [Times: user=0.07 sys=0.00, real=0.02 secs] 
2014-07-16T02:49:05.812+0000: 2020.351: [GC [PSYoungGen: 717892K->530K(691392K)] 924588K->207402K(1378368K), 0.0109290 secs] [Times: user=0.03 sys=0.00, real=0.01 secs] 
2014-07-16T02:49:07.241+0000: 2021.780: [GC [PSYoungGen: 691325K->1132K(666816K)] 898198K->208124K(1353792K), 0.0174370 secs] [Times: user=0.05 sys=0.00, real=0.01 secs] 
2014-07-16T02:49:08.706+0000: 2023.245: [GC [PSYoungGen: 666796K->626K(642368K)] 873788K->207690K(1329344K), 0.0128280 secs] [Times: user=0.05 sys=0.00, real=0.01 secs] 
2014-07-16T02:49:10.024+0000: 2024.563: [GC [PSYoungGen: 642354K->352K(770496K)] 849418K->207512K(1457472K), 0.0302090 secs] [Times: user=0.11 sys=0.00, real=0.03 secs] 
2014-07-16T02:49:11.574+0000: 2026.113: [GC [PSYoungGen: 770464K->698K(924864K)] 977624K->207922K(1611840K), 0.0080720 secs] [Times: user=0.02 sys=0.00, real=0.01 secs] 
2014-07-16T02:49:13.603+0000: 2028.142: [GC [PSYoungGen: 924850K->644K(888768K)] 1132075K->208012K(1575744K), 0.0060570 secs] [Times: user=0.02 sys=0.00, real=0.00 secs] 
2014-07-16T02:49:15.538+0000: 2030.077: [GC [PSYoungGen: 888708K->996K(854720K)] 1096076K->208556K(1541696K), 0.0091210 secs] [Times: user=0.02 sys=0.00, real=0.01 secs] 
2014-07-16T02:49:17.374+0000: 2031.913: [GC [PSYoungGen: 854692K->690K(821632K)] 1062252K->208394K(1508608K), 0.0064360 secs] [Times: user=0.01 sys=0.00, real=0.00 secs] 
2014-07-16T02:49:19.219+0000: 2033.758: [GC [PSYoungGen: 821529K->890K(790592K)] 1029233K->208754K(1477568K), 0.0270930 secs] [Times: user=0.10 sys=0.00, real=0.03 secs] 
2014-07-16T02:49:20.859+0000: 2035.398: [GC [PSYoungGen: 790586K->498K(760448K)] 998450K->208474K(1447424K), 0.0153270 secs] [Times: user=0.06 sys=0.00, real=0.02 secs] 
2014-07-16T02:49:22.419+0000: 2036.958: [GC [PSYoungGen: 760434K->512K(912448K)] 968410K->208616K(1599424K), 0.0224120 secs] [Times: user=0.08 sys=0.00, real=0.02 secs] 
2014-07-16T02:49:24.410+0000: 2038.949: [GC [PSYoungGen: 912448K->1060K(877504K)] 1120552K->209292K(1564480K), 0.0064800 secs] [Times: user=0.01 sys=0.00, real=0.01 secs] 
2014-07-16T02:49:26.266+0000: 2040.805: [GC [PSYoungGen: 877473K->576K(1052288K)] 1085705K->208952K(1739264K), 0.0286720 secs] [Times: user=0.11 sys=0.00, real=0.03 secs] 
2014-07-16T02:49:28.516+0000: 2043.055: [GC [PSYoungGen: 1052288K->1110K(1010688K)] 1260664K->209638K(1697664K), 0.0080500 secs] [Times: user=0.02 sys=0.00, real=0.01 secs] 
2014-07-16T02:49:30.503+0000: 2045.042: [GC [PSYoungGen: 1010646K->662K(970048K)] 1219174K->209310K(1657024K), 0.0288290 secs] [Times: user=0.10 sys=0.00, real=0.03 secs] 
2014-07-16T02:49:32.474+0000: 2047.013: [GC [PSYoungGen: 969937K->512K(1163776K)] 1178586K->209272K(1850752K), 0.0281130 secs] [Times: user=0.10 sys=0.01, real=0.03 secs] 
2014-07-16T02:49:35.029+0000: 2049.568: [GC [PSYoungGen: 1163776K->1320K(1397312K)] 1372536K->210256K(2084288K), 0.0264150 secs] [Times: user=0.09 sys=0.00, real=0.03 secs] 
2014-07-16T02:49:37.865+0000: 2052.404: [GC [PSYoungGen: 1397288K->516K(1337664K)] 1606224K->209644K(2024640K), 0.0056640 secs] [Times: user=0.01 sys=0.00, real=0.01 secs] 
2014-07-16T02:49:40.698+0000: 2055.237: [GC [PSYoungGen: 1337604K->754K(1281856K)] 1546732K->210050K(1968832K), 0.0097200 secs] [Times: user=0.02 sys=0.00, real=0.01 secs] 
2014-07-16T02:49:43.291+0000: 2057.830: [GC [PSYoungGen: 1281842K->722K(1228544K)] 1491138K->210218K(1915520K), 0.0070210 secs] [Times: user=0.02 sys=0.01, real=0.01 secs] 
2014-07-16T02:49:45.981+0000: 2060.520: [GC [PSYoungGen: 1228498K->818K(1177920K)] 1437994K->210506K(1864896K), 0.0290430 secs] [Times: user=0.10 sys=0.01, real=0.03 secs] 
2014-07-16T02:49:48.493+0000: 2063.032: [GC [PSYoungGen: 1177906K->598K(1129472K)] 1387594K->210486K(1816448K), 0.0175140 secs] [Times: user=0.06 sys=0.00, real=0.02 secs] 
2014-07-16T02:49:51.047+0000: 2065.586: [GC [PSYoungGen: 1129430K->676K(1083648K)] 1339318K->210700K(1770624K), 0.0125790 secs] [Times: user=0.04 sys=0.00, real=0.02 secs] 
2014-07-16T02:49:53.343+0000: 2067.882: [GC [PSYoungGen: 1083581K->758K(1040000K)] 1293605K->211030K(1726976K), 0.0124910 secs] [Times: user=0.05 sys=0.00, real=0.01 secs] 
2014-07-16T02:49:55.697+0000: 2070.236: [GC [PSYoungGen: 1039990K->726K(998400K)] 1250262K->211158K(1685376K), 0.0171190 secs] [Times: user=0.06 sys=0.00, real=0.02 secs] 
2014-07-16T02:49:57.719+0000: 2072.258: [GC [PSYoungGen: 998358K->708K(958784K)] 1208790K->211348K(1645760K), 0.0058230 secs] [Times: user=0.01 sys=0.00, real=0.00 secs] 
2014-07-16T02:49:59.798+0000: 2074.337: [GC [PSYoungGen: 958724K->480K(920832K)] 1169364K->211216K(1607808K), 0.0324600 secs] [Times: user=0.12 sys=0.00, real=0.04 secs] 
2014-07-16T02:50:01.683+0000: 2076.221: [GC [PSYoungGen: 920800K->384K(884800K)] 1131536K->211224K(1571776K), 0.0060520 secs] [Times: user=0.01 sys=0.00, real=0.00 secs] 
2014-07-16T02:50:03.510+0000: 2078.049: [GC [PSYoungGen: 884800K->1010K(851200K)] 1095640K->212010K(1538176K), 0.0084360 secs] [Times: user=0.03 sys=0.00, real=0.01 secs] 
2014-07-16T02:50:05.278+0000: 2079.817: [GC [PSYoungGen: 851186K->580K(818240K)] 1062186K->211684K(1505216K), 0.0103360 secs] [Times: user=0.01 sys=0.00, real=0.01 secs] 
2014-07-16T02:50:06.993+0000: 2081.532: [GC [PSYoungGen: 818178K->580K(787200K)] 1029283K->211812K(1474176K), 0.0145020 secs] [Times: user=0.05 sys=0.00, real=0.01 secs] 
2014-07-16T02:50:08.588+0000: 2083.127: [GC [PSYoungGen: 787140K->516K(757568K)] 998372K->211860K(1444544K), 0.0070050 secs] [Times: user=0.01 sys=0.00, real=0.01 secs] 
2014-07-16T02:50:10.390+0000: 2084.929: [GC [PSYoungGen: 757508K->466K(729280K)] 968852K->211874K(1416256K), 0.0145950 secs] [Times: user=0.05 sys=0.00, real=0.02 secs] 
2014-07-16T02:50:11.860+0000: 2086.398: [GC [PSYoungGen: 729234K->640K(702528K)] 940642K->212208K(1389504K), 0.0173060 secs] [Times: user=0.07 sys=0.00, real=0.02 secs] 
2014-07-16T02:50:13.363+0000: 2087.902: [GC [PSYoungGen: 702528K->694K(676928K)] 914096K->212374K(1363904K), 0.0147070 secs] [Times: user=0.04 sys=0.00, real=0.01 secs] 
2014-07-16T02:50:14.845+0000: 2089.384: [GC [PSYoungGen: 676918K->548K(652352K)] 888598K->212348K(1339328K), 0.0193420 secs] [Times: user=0.07 sys=0.00, real=0.02 secs] 
2014-07-16T02:50:16.300+0000: 2090.839: [GC [PSYoungGen: 652260K->598K(629120K)] 864060K->212518K(1316096K), 0.0095500 secs] [Times: user=0.02 sys=0.00, real=0.01 secs] 
2014-07-16T02:50:17.559+0000: 2092.098: [GC [PSYoungGen: 629078K->562K(606784K)] 840998K->212602K(1293760K), 0.0086540 secs] [Times: user=0.02 sys=0.01, real=0.01 secs] 
2014-07-16T02:50:18.758+0000: 2093.297: [GC [PSYoungGen: 606770K->616K(585600K)] 818810K->212712K(1272576K), 0.0158010 secs] [Times: user=0.05 sys=0.00, real=0.02 secs] 
2014-07-16T02:50:20.021+0000: 2094.560: [GC [PSYoungGen: 585576K->644K(702656K)] 797672K->212804K(1389632K), 0.0299090 secs] [Times: user=0.11 sys=0.00, real=0.03 secs] 
2014-07-16T02:50:21.487+0000: 2096.026: [GC [PSYoungGen: 702596K->612K(843008K)] 914756K->212956K(1529984K), 0.0078340 secs] [Times: user=0.02 sys=0.00, real=0.01 secs] 
2014-07-16T02:50:23.285+0000: 2097.824: [GC [PSYoungGen: 842980K->676K(1011584K)] 1055324K->213164K(1698560K), 0.0155140 secs] [Times: user=0.06 sys=0.00, real=0.01 secs] 
2014-07-16T02:50:25.460+0000: 2099.999: [GC [PSYoungGen: 1011556K->626K(1213696K)] 1224044K->213258K(1900672K), 0.0198430 secs] [Times: user=0.06 sys=0.00, real=0.02 secs] 
2014-07-16T02:50:28.076+0000: 2102.615: [GC [PSYoungGen: 1213680K->576K(1163648K)] 1426312K->213368K(1850624K), 0.0227790 secs] [Times: user=0.09 sys=0.00, real=0.02 secs] 
2014-07-16T02:50:30.520+0000: 2105.059: [GC [PSYoungGen: 1163648K->758K(1116288K)] 1376440K->213846K(1803264K), 0.0136390 secs] [Times: user=0.03 sys=0.00, real=0.01 secs] 
2014-07-16T02:50:32.794+0000: 2107.333: [GC [PSYoungGen: 1116278K->548K(1070848K)] 1329366K->213788K(1757824K), 0.0128510 secs] [Times: user=0.04 sys=0.00, real=0.01 secs] 
2014-07-16T02:50:35.102+0000: 2109.641: [GC [PSYoungGen: 1070820K->896K(1028096K)] 1284060K->214456K(1715072K), 0.0260710 secs] [Times: user=0.10 sys=0.00, real=0.03 secs] 
2014-07-16T02:50:37.308+0000: 2111.847: [GC [PSYoungGen: 1028096K->758K(986944K)] 1241656K->214486K(1673920K), 0.0040880 secs] [Times: user=0.01 sys=0.00, real=0.00 secs] 
2014-07-16T02:50:39.281+0000: 2113.820: [GC [PSYoungGen: 986934K->594K(947776K)] 1200662K->214514K(1634752K), 0.0073480 secs] [Times: user=0.02 sys=0.00, real=0.01 secs] 
2014-07-16T02:50:41.273+0000: 2115.812: [GC [PSYoungGen: 947730K->576K(910528K)] 1161650K->214576K(1597504K), 0.0256740 secs] [Times: user=0.09 sys=0.00, real=0.03 secs] 
2014-07-16T02:50:43.197+0000: 2117.736: [GC [PSYoungGen: 910528K->512K(875072K)] 1124528K->214680K(1562048K), 0.0051170 secs] [Times: user=0.01 sys=0.00, real=0.00 secs] 
2014-07-16T02:50:45.114+0000: 2119.653: [GC [PSYoungGen: 875072K->1042K(841920K)] 1089240K->215362K(1528896K), 0.0064820 secs] [Times: user=0.02 sys=0.00, real=0.01 secs] 
2014-07-16T02:50:46.945+0000: 2121.484: [GC [PSYoungGen: 841874K->740K(809472K)] 1056194K->215468K(1496448K), 0.0162560 secs] [Times: user=0.05 sys=0.00, real=0.02 secs] 
2014-07-16T02:50:48.600+0000: 2123.139: [GC [PSYoungGen: 809444K->466K(778560K)] 1024172K->215338K(1465536K), 0.0136920 secs] [Times: user=0.05 sys=0.00, real=0.01 secs] 
2014-07-16T02:50:50.297+0000: 2124.836: [GC [PSYoungGen: 778514K->598K(749504K)] 993386K->215614K(1436480K), 0.0169350 secs] [Times: user=0.06 sys=0.00, real=0.02 secs] 
2014-07-16T02:50:51.834+0000: 2126.372: [GC [PSYoungGen: 749462K->722K(721792K)] 964478K->215866K(1408768K), 0.0194890 secs] [Times: user=0.07 sys=0.00, real=0.02 secs] 
2014-07-16T02:50:53.320+0000: 2127.859: [GC [PSYoungGen: 721694K->626K(695168K)] 936838K->215898K(1382144K), 0.0120480 secs] [Times: user=0.04 sys=0.00, real=0.01 secs] 
2014-07-16T02:50:54.773+0000: 2129.312: [GC [PSYoungGen: 695154K->594K(669888K)] 910426K->215962K(1356864K), 0.0181280 secs] [Times: user=0.07 sys=0.00, real=0.02 secs] 
2014-07-16T02:50:56.328+0000: 2130.867: [GC [PSYoungGen: 669842K->630K(645760K)] 885210K->216086K(1332736K), 0.0173870 secs] [Times: user=0.06 sys=0.01, real=0.01 secs] 
2014-07-16T02:50:57.803+0000: 2132.342: [GC [PSYoungGen: 645750K->1010K(775168K)] 861206K->216618K(1462144K), 0.0222110 secs] [Times: user=0.05 sys=0.00, real=0.02 secs] 
2014-07-16T02:50:59.369+0000: 2133.908: [GC [PSYoungGen: 775154K->384K(745536K)] 990762K->216112K(1432512K), 0.0090910 secs] [Times: user=0.04 sys=0.00, real=0.00 secs] 
2014-07-16T02:51:01.006+0000: 2135.545: [GC [PSYoungGen: 745536K->562K(718080K)] 961264K->216386K(1405056K), 0.0075070 secs] [Times: user=0.02 sys=0.00, real=0.01 secs] 
2014-07-16T02:51:02.450+0000: 2136.989: [GC [PSYoungGen: 718066K->416K(861504K)] 933890K->216384K(1548480K), 0.0270670 secs] [Times: user=0.09 sys=0.00, real=0.02 secs] 
2014-07-16T02:51:04.234+0000: 2138.773: [GC [PSYoungGen: 861472K->598K(1033920K)] 1077440K->216678K(1720896K), 0.0211390 secs] [Times: user=0.07 sys=0.01, real=0.02 secs] 
2014-07-16T02:51:06.545+0000: 2141.084: [GC [PSYoungGen: 1033878K->1146K(993088K)] 1249958K->217346K(1680064K), 0.0056860 secs] [Times: user=0.02 sys=0.00, real=0.01 secs] 
2014-07-16T02:51:08.628+0000: 2143.167: [GC [PSYoungGen: 993082K->448K(953024K)] 1209282K->216824K(1640000K), 0.0272480 secs] [Times: user=0.10 sys=0.00, real=0.03 secs] 
2014-07-16T02:51:10.690+0000: 2145.229: [GC [PSYoungGen: 953016K->690K(915840K)] 1169392K->217170K(1602816K), 0.0105330 secs] [Times: user=0.04 sys=0.00, real=0.01 secs] 
2014-07-16T02:51:12.491+0000: 2147.030: [GC [PSYoungGen: 915826K->740K(880256K)] 1132306K->217380K(1567232K), 0.0076240 secs] [Times: user=0.01 sys=0.00, real=0.00 secs] 
2014-07-16T02:51:14.280+0000: 2148.819: [GC [PSYoungGen: 880228K->448K(845952K)] 1096868K->217200K(1532928K), 0.0105820 secs] [Times: user=0.01 sys=0.00, real=0.01 secs] 
2014-07-16T02:51:16.129+0000: 2150.668: [GC [PSYoungGen: 845952K->854K(814016K)] 1062704K->217702K(1500992K), 0.0056650 secs] [Times: user=0.02 sys=0.00, real=0.01 secs] 
2014-07-16T02:51:17.852+0000: 2152.391: [GC [PSYoungGen: 813974K->950K(783232K)] 1030822K->217958K(1470208K), 0.0052930 secs] [Times: user=0.02 sys=0.00, real=0.00 secs] 
2014-07-16T02:51:19.484+0000: 2154.023: [GC [PSYoungGen: 783222K->416K(753344K)] 1000230K->217512K(1440320K), 0.0126170 secs] [Times: user=0.04 sys=0.00, real=0.01 secs] 
2014-07-16T02:51:21.120+0000: 2155.659: [GC [PSYoungGen: 753312K->690K(725568K)] 970408K->217890K(1412544K), 0.0093260 secs] [Times: user=0.01 sys=0.00, real=0.01 secs] 
2014-07-16T02:51:22.567+0000: 2157.106: [GC [PSYoungGen: 725554K->388K(698624K)] 942754K->217748K(1385600K), 0.0187290 secs] [Times: user=0.07 sys=0.00, real=0.02 secs] 
2014-07-16T02:51:24.018+0000: 2158.557: [GC [PSYoungGen: 698564K->498K(673216K)] 915924K->217954K(1360192K), 0.0055270 secs] [Times: user=0.01 sys=0.00, real=0.01 secs] 
2014-07-16T02:51:25.555+0000: 2160.094: [GC [PSYoungGen: 673202K->1188K(649664K)] 890658K->218796K(1336640K), 0.0239950 secs] [Times: user=0.09 sys=0.01, real=0.02 secs] 
2014-07-16T02:51:26.873+0000: 2161.412: [GC [PSYoungGen: 649636K->708K(626048K)] 867244K->218452K(1313024K), 0.0148640 secs] [Times: user=0.05 sys=0.00, real=0.01 secs] 
2014-07-16T02:51:28.274+0000: 2162.813: [GC [PSYoungGen: 625988K->1088K(604288K)] 843732K->218928K(1291264K), 0.0079800 secs] [Times: user=0.02 sys=0.00, real=0.00 secs] 
2014-07-16T02:51:29.496+0000: 2164.035: [GC [PSYoungGen: 604288K->420K(582528K)] 822128K->218356K(1269504K), 0.0039890 secs] [Times: user=0.01 sys=0.00, real=0.00 secs] 
2014-07-16T02:51:30.833+0000: 2165.372: [GC [PSYoungGen: 582419K->608K(562560K)] 800356K->218608K(1249536K), 0.0060580 secs] [Times: user=0.02 sys=0.00, real=0.00 secs] 
2014-07-16T02:51:32.014+0000: 2166.553: [GC [PSYoungGen: 562528K->826K(543552K)] 780528K->218994K(1230528K), 0.0082670 secs] [Times: user=0.01 sys=0.01, real=0.00 secs] 
2014-07-16T02:51:33.099+0000: 2167.638: [GC [PSYoungGen: 543539K->822K(525184K)] 761707K->219094K(1212160K), 0.0064080 secs] [Times: user=0.01 sys=0.00, real=0.01 secs] 
2014-07-16T02:51:34.158+0000: 2168.697: [GC [PSYoungGen: 525174K->722K(507584K)] 743446K->219058K(1194560K), 0.0046150 secs] [Times: user=0.02 sys=0.00, real=0.00 secs] 
2014-07-16T02:51:35.208+0000: 2169.747: [GC [PSYoungGen: 507538K->786K(490880K)] 725874K->219202K(1177856K), 0.0087340 secs] [Times: user=0.02 sys=0.00, real=0.01 secs] 
2014-07-16T02:51:36.291+0000: 2170.830: [GC [PSYoungGen: 490834K->982K(589120K)] 709250K->219478K(1276096K), 0.0242800 secs] [Times: user=0.09 sys=0.00, real=0.03 secs] 
2014-07-16T02:51:37.519+0000: 2172.058: [GC [PSYoungGen: 589078K->384K(568064K)] 807574K->218984K(1255040K), 0.0050700 secs] [Times: user=0.01 sys=0.00, real=0.01 secs] 
2014-07-16T02:51:38.782+0000: 2173.321: [GC [PSYoungGen: 568052K->830K(682048K)] 786653K->219518K(1369024K), 0.0292340 secs] [Times: user=0.11 sys=0.00, real=0.03 secs] 
2014-07-16T02:51:40.160+0000: 2174.699: [GC [PSYoungGen: 682046K->516K(818048K)] 900734K->219292K(1505024K), 0.0242480 secs] [Times: user=0.09 sys=0.00, real=0.03 secs] 
2014-07-16T02:51:41.940+0000: 2176.479: [GC [PSYoungGen: 817988K->640K(981632K)] 1036764K->219488K(1668608K), 0.0339500 secs] [Times: user=0.12 sys=0.00, real=0.03 secs] 
2014-07-16T02:51:43.999+0000: 2178.538: [GC [PSYoungGen: 981632K->690K(1177920K)] 1200480K->219738K(1864896K), 0.0108990 secs] [Times: user=0.03 sys=0.00, real=0.01 secs] 
2014-07-16T02:51:46.482+0000: 2181.021: [GC [PSYoungGen: 1177906K->658K(1413376K)] 1396954K->219834K(2100352K), 0.0110240 secs] [Times: user=0.04 sys=0.00, real=0.01 secs] 
2014-07-16T02:51:49.416+0000: 2183.955: [GC [PSYoungGen: 1413330K->768K(1353728K)] 1632506K->220152K(2040704K), 0.0235580 secs] [Times: user=0.09 sys=0.00, real=0.03 secs] 
2014-07-16T02:51:52.411+0000: 2186.950: [GC [PSYoungGen: 1353728K->722K(1296960K)] 1573112K->220242K(1983936K), 0.0104980 secs] [Times: user=0.03 sys=0.00, real=0.01 secs] 
2014-07-16T02:51:55.155+0000: 2189.694: [GC [PSYoungGen: 1296914K->644K(1242880K)] 1516434K->220452K(1929856K), 0.0071200 secs] [Times: user=0.01 sys=0.00, real=0.01 secs] 
2014-07-16T02:51:57.786+0000: 2192.325: [GC [PSYoungGen: 1242772K->758K(1191552K)] 1462581K->220822K(1878528K), 0.0082630 secs] [Times: user=0.02 sys=0.00, real=0.01 secs] 
2014-07-16T02:52:00.250+0000: 2194.788: [GC [PSYoungGen: 1191542K->626K(1142528K)] 1411606K->220842K(1829504K), 0.0079750 secs] [Times: user=0.02 sys=0.00, real=0.01 secs] 
2014-07-16T02:52:02.655+0000: 2197.194: [GC [PSYoungGen: 1142514K->950K(1096320K)] 1362730K->221350K(1783296K), 0.0256290 secs] [Times: user=0.08 sys=0.00, real=0.03 secs] 
2014-07-16T02:52:04.865+0000: 2199.404: [GC [PSYoungGen: 1096310K->466K(1051584K)] 1316710K->221066K(1738560K), 0.0258140 secs] [Times: user=0.10 sys=0.00, real=0.03 secs] 
2014-07-16T02:52:07.049+0000: 2201.588: [GC [PSYoungGen: 1051538K->608K(1009536K)] 1272138K->221328K(1696512K), 0.0203150 secs] [Times: user=0.07 sys=0.00, real=0.02 secs] 
2014-07-16T02:52:09.197+0000: 2203.736: [GC [PSYoungGen: 1009504K->562K(969344K)] 1230224K->221410K(1656320K), 0.0172740 secs] [Times: user=0.06 sys=0.00, real=0.02 secs] 
2014-07-16T02:52:11.428+0000: 2205.967: [GC [PSYoungGen: 969329K->1106K(931712K)] 1190178K->222082K(1618688K), 0.0083900 secs] [Times: user=0.02 sys=0.01, real=0.01 secs] 
2014-07-16T02:52:13.335+0000: 2207.874: [GC [PSYoungGen: 931666K->612K(894784K)] 1152642K->221812K(1581760K), 0.0145930 secs] [Times: user=0.05 sys=0.00, real=0.02 secs] 
2014-07-16T02:52:15.119+0000: 2209.658: [GC [PSYoungGen: 894695K->580K(860096K)] 1115895K->221916K(1547072K), 0.0179740 secs] [Times: user=0.06 sys=0.00, real=0.02 secs] 
2014-07-16T02:52:17.100+0000: 2211.639: [GC [PSYoungGen: 860036K->850K(827328K)] 1081372K->222314K(1514304K), 0.0122590 secs] [Times: user=0.04 sys=0.00, real=0.02 secs] 
2014-07-16T02:52:18.844+0000: 2213.383: [GC [PSYoungGen: 827232K->566K(795520K)] 1048697K->222214K(1482496K), 0.0253890 secs] [Times: user=0.09 sys=0.00, real=0.02 secs] 
2014-07-16T02:52:20.525+0000: 2215.064: [GC [PSYoungGen: 795510K->616K(765632K)] 1017158K->222360K(1452608K), 0.0136670 secs] [Times: user=0.05 sys=0.00, real=0.01 secs] 
2014-07-16T02:52:22.186+0000: 2216.725: [GC [PSYoungGen: 765608K->836K(737280K)] 987352K->222708K(1424256K), 0.0196600 secs] [Times: user=0.07 sys=0.00, real=0.02 secs] 
2014-07-16T02:52:23.701+0000: 2218.240: [GC [PSYoungGen: 737220K->662K(884416K)] 959092K->222694K(1571392K), 0.0284460 secs] [Times: user=0.11 sys=0.00, real=0.02 secs] 
2014-07-16T02:52:25.525+0000: 2220.064: [GC [PSYoungGen: 884374K->768K(1061248K)] 1106406K->223032K(1748224K), 0.0148550 secs] [Times: user=0.04 sys=0.00, real=0.01 secs] 
2014-07-16T02:52:27.853+0000: 2222.392: [GC [PSYoungGen: 1061248K->658K(1273280K)] 1283512K->223042K(1960256K), 0.0178450 secs] [Times: user=0.06 sys=0.00, real=0.01 secs] 
2014-07-16T02:52:30.593+0000: 2225.132: [GC [PSYoungGen: 1273233K->576K(1220288K)] 1495617K->223152K(1907264K), 0.0052490 secs] [Times: user=0.02 sys=0.00, real=0.00 secs] 
2014-07-16T02:52:33.151+0000: 2227.690: [GC [PSYoungGen: 1220288K->580K(1170048K)] 1442864K->223340K(1857024K), 0.0174840 secs] [Times: user=0.07 sys=0.00, real=0.02 secs] 
2014-07-16T02:52:35.561+0000: 2230.100: [GC [PSYoungGen: 1169954K->986K(1122560K)] 1392714K->223962K(1809536K), 0.0258420 secs] [Times: user=0.09 sys=0.00, real=0.03 secs] 
2014-07-16T02:52:38.015+0000: 2232.554: [GC [PSYoungGen: 1122522K->978K(1076992K)] 1345498K->224122K(1763968K), 0.0116820 secs] [Times: user=0.03 sys=0.00, real=0.01 secs] 
2014-07-16T02:52:40.291+0000: 2234.830: [GC [PSYoungGen: 1076946K->448K(1033024K)] 1300090K->224240K(1720000K), 0.0181730 secs] [Times: user=0.06 sys=0.00, real=0.02 secs] 
2014-07-16T02:52:42.479+0000: 2237.018: [GC [PSYoungGen: 1033024K->690K(992000K)] 1256816K->224610K(1678976K), 0.0119610 secs] [Times: user=0.03 sys=0.00, real=0.01 secs] 
2014-07-16T02:52:44.487+0000: 2239.026: [GC [PSYoungGen: 991986K->402K(952448K)] 1215906K->224626K(1639424K), 0.0170240 secs] [Times: user=0.06 sys=0.01, real=0.02 secs] 
2014-07-16T02:52:46.459+0000: 2240.998: [GC [PSYoungGen: 952326K->644K(915264K)] 1176551K->224996K(1602240K), 0.0092560 secs] [Times: user=0.04 sys=0.00, real=0.01 secs] 
2014-07-16T02:52:48.459+0000: 2242.998: [GC [PSYoungGen: 915204K->576K(879488K)] 1139556K->225048K(1566464K), 0.0257760 secs] [Times: user=0.09 sys=0.00, real=0.02 secs] 
2014-07-16T02:52:50.371+0000: 2244.910: [GC [PSYoungGen: 879404K->704K(845696K)] 1103877K->225320K(1532672K), 0.0215610 secs] [Times: user=0.08 sys=0.00, real=0.02 secs] 
2014-07-16T02:52:52.199+0000: 2246.738: [GC [PSYoungGen: 845696K->576K(813248K)] 1070312K->225336K(1500224K), 0.0228540 secs] [Times: user=0.09 sys=0.00, real=0.02 secs] 
2014-07-16T02:52:53.853+0000: 2248.392: [GC [PSYoungGen: 813248K->516K(782400K)] 1038008K->225460K(1469376K), 0.0148900 secs] [Times: user=0.05 sys=0.00, real=0.02 secs] 
2014-07-16T02:52:55.504+0000: 2250.043: [GC [PSYoungGen: 782340K->996K(753472K)] 1007284K->226068K(1440448K), 0.0081360 secs] [Times: user=0.02 sys=0.00, real=0.01 secs] 
2014-07-16T02:52:57.152+0000: 2251.691: [GC [PSYoungGen: 753444K->886K(903872K)] 978516K->226086K(1590848K), 0.0261350 secs] [Times: user=0.09 sys=0.00, real=0.03 secs] 
2014-07-16T02:52:59.007+0000: 2253.546: [GC [PSYoungGen: 903827K->484K(868416K)] 1129028K->225804K(1555392K), 0.0065340 secs] [Times: user=0.02 sys=0.00, real=0.00 secs] 
2014-07-16T02:53:00.959+0000: 2255.498: [GC [PSYoungGen: 868388K->1202K(835712K)] 1093708K->226618K(1522688K), 0.0071240 secs] [Times: user=0.02 sys=0.01, real=0.00 secs] 
2014-07-16T02:53:02.729+0000: 2257.268: [GC [PSYoungGen: 835695K->740K(803392K)] 1061111K->226364K(1490368K), 0.0247840 secs] [Times: user=0.08 sys=0.00, real=0.02 secs] 
2014-07-16T02:53:04.397+0000: 2258.936: [GC [PSYoungGen: 803364K->1078K(773376K)] 1028988K->226846K(1460352K), 0.0075300 secs] [Times: user=0.02 sys=0.00, real=0.00 secs] 
2014-07-16T02:53:05.944+0000: 2260.482: [GC [PSYoungGen: 773337K->420K(743808K)] 999106K->226284K(1430784K), 0.0048690 secs] [Times: user=0.01 sys=0.01, real=0.01 secs] 
2014-07-16T02:53:07.614+0000: 2262.153: [GC [PSYoungGen: 743780K->676K(716480K)] 969644K->226636K(1403456K), 0.0052870 secs] [Times: user=0.01 sys=0.00, real=0.01 secs] 
2014-07-16T02:53:09.117+0000: 2263.656: [GC [PSYoungGen: 716401K->616K(690112K)] 942362K->226688K(1377088K), 0.0051210 secs] [Times: user=0.01 sys=0.01, real=0.01 secs] 
2014-07-16T02:53:10.595+0000: 2265.134: [GC [PSYoungGen: 690088K->676K(665088K)] 916160K->226812K(1352064K), 0.0153280 secs] [Times: user=0.04 sys=0.00, real=0.02 secs] 
2014-07-16T02:53:11.969+0000: 2266.508: [GC [PSYoungGen: 665060K->580K(641152K)] 891196K->226820K(1328128K), 0.0203030 secs] [Times: user=0.07 sys=0.01, real=0.02 secs] 
2014-07-16T02:53:13.402+0000: 2267.941: [GC [PSYoungGen: 641092K->690K(618432K)] 867332K->227074K(1305408K), 0.0091050 secs] [Times: user=0.03 sys=0.00, real=0.01 secs] 
2014-07-16T02:53:14.666+0000: 2269.205: [GC [PSYoungGen: 618418K->1014K(596992K)] 844802K->227550K(1283968K), 0.0113300 secs] [Times: user=0.01 sys=0.01, real=0.01 secs] 
2014-07-16T02:53:15.861+0000: 2270.400: [GC [PSYoungGen: 596903K->320K(575488K)] 823439K->226928K(1262464K), 0.0093900 secs] [Times: user=0.03 sys=0.00, real=0.01 secs] 
2014-07-16T02:53:17.069+0000: 2271.608: [GC [PSYoungGen: 575488K->840K(691136K)] 802096K->227520K(1378112K), 0.0254300 secs] [Times: user=0.10 sys=0.00, real=0.03 secs] 
2014-07-16T02:53:18.565+0000: 2273.104: [GC [PSYoungGen: 691080K->452K(665664K)] 917760K->227196K(1352640K), 0.0050540 secs] [Times: user=0.02 sys=0.00, real=0.01 secs] 
2014-07-16T02:53:19.964+0000: 2274.503: [GC [PSYoungGen: 665600K->548K(641792K)] 892345K->227396K(1328768K), 0.0112360 secs] [Times: user=0.04 sys=0.00, real=0.01 secs] 
2014-07-16T02:53:21.279+0000: 2275.818: [GC [PSYoungGen: 641758K->498K(618880K)] 868607K->227418K(1305856K), 0.0061980 secs] [Times: user=0.01 sys=0.00, real=0.01 secs] 
2014-07-16T02:53:22.779+0000: 2277.318: [GC [PSYoungGen: 618863K->744K(597376K)] 845784K->227800K(1284352K), 0.0116520 secs] [Times: user=0.05 sys=0.00, real=0.02 secs] 
2014-07-16T02:53:23.978+0000: 2278.517: [GC [PSYoungGen: 597352K->530K(716544K)] 824408K->227762K(1403520K), 0.0248370 secs] [Times: user=0.07 sys=0.00, real=0.03 secs] 
2014-07-16T02:53:25.473+0000: 2280.012: [GC [PSYoungGen: 716442K->762K(690432K)] 943675K->228058K(1377408K), 0.0052230 secs] [Times: user=0.01 sys=0.00, real=0.00 secs] 
2014-07-16T02:53:26.876+0000: 2281.415: [GC [PSYoungGen: 690426K->352K(664960K)] 917722K->227752K(1351936K), 0.0042610 secs] [Times: user=0.02 sys=0.00, real=0.01 secs] 
2014-07-16T02:53:28.323+0000: 2282.862: [GC [PSYoungGen: 664928K->484K(641152K)] 892328K->227956K(1328128K), 0.0151250 secs] [Times: user=0.06 sys=0.00, real=0.01 secs] 
2014-07-16T02:53:29.699+0000: 2284.238: [GC [PSYoungGen: 641121K->868K(618752K)] 868593K->228460K(1305728K), 0.0084760 secs] [Times: user=0.02 sys=0.00, real=0.01 secs] 
2014-07-16T02:53:30.995+0000: 2285.534: [GC [PSYoungGen: 618724K->794K(596928K)] 846316K->228482K(1283904K), 0.0126490 secs] [Times: user=0.05 sys=0.00, real=0.01 secs] 
2014-07-16T02:53:32.273+0000: 2286.812: [GC [PSYoungGen: 596890K->480K(575808K)] 824578K->228288K(1262784K), 0.0174730 secs] [Times: user=0.06 sys=0.00, real=0.01 secs] 
2014-07-16T02:53:33.531+0000: 2288.070: [GC [PSYoungGen: 575763K->480K(555968K)] 803571K->228408K(1242944K), 0.0119390 secs] [Times: user=0.04 sys=0.00, real=0.02 secs] 
2014-07-16T02:53:34.689+0000: 2289.228: [GC [PSYoungGen: 555934K->548K(537088K)] 783862K->228572K(1224064K), 0.0058850 secs] [Times: user=0.01 sys=0.00, real=0.01 secs] 
2014-07-16T02:53:35.807+0000: 2290.346: [GC [PSYoungGen: 537060K->384K(518784K)] 765084K->228496K(1205760K), 0.0065860 secs] [Times: user=0.02 sys=0.00, real=0.01 secs] 
2014-07-16T02:53:36.842+0000: 2291.381: [GC [PSYoungGen: 518730K->694K(622784K)] 746843K->228886K(1309760K), 0.0180700 secs] [Times: user=0.06 sys=0.00, real=0.02 secs] 
2014-07-16T02:53:38.229+0000: 2292.768: [GC [PSYoungGen: 622774K->498K(747008K)] 850966K->228738K(1433984K), 0.0308190 secs] [Times: user=0.11 sys=0.01, real=0.03 secs] 
2014-07-16T02:53:39.765+0000: 2294.304: [GC [PSYoungGen: 746994K->1014K(896832K)] 975234K->229382K(1583808K), 0.0081590 secs] [Times: user=0.02 sys=0.00, real=0.01 secs] 
2014-07-16T02:53:41.643+0000: 2296.182: [GC [PSYoungGen: 896822K->690K(1075712K)] 1125190K->229146K(1762688K), 0.0253760 secs] [Times: user=0.10 sys=0.00, real=0.03 secs] 
2014-07-16T02:53:44.102+0000: 2298.641: [GC [PSYoungGen: 1075698K->758K(1032448K)] 1304154K->229390K(1719424K), 0.0113420 secs] [Times: user=0.04 sys=0.00, real=0.02 secs] 
2014-07-16T02:53:46.204+0000: 2300.743: [GC [PSYoungGen: 1032438K->530K(1238592K)] 1261070K->229378K(1925568K), 0.0254820 secs] [Times: user=0.08 sys=0.00, real=0.02 secs] 
2014-07-16T02:53:49.043+0000: 2303.582: [GC [PSYoungGen: 1238546K->850K(1442304K)] 1467394K->229818K(2129280K), 0.0278710 secs] [Times: user=0.10 sys=0.00, real=0.03 secs] 
2014-07-16T02:53:52.203+0000: 2306.742: [GC [PSYoungGen: 1442001K->1028K(1486656K)] 1670969K->230180K(2173632K), 0.0359680 secs] [Times: user=0.14 sys=0.00, real=0.04 secs] 
2014-07-16T02:53:55.585+0000: 2310.124: [GC [PSYoungGen: 1486532K->740K(1423040K)] 1715684K->230140K(2110016K), 0.0087810 secs] [Times: user=0.02 sys=0.00, real=0.00 secs] 
2014-07-16T02:53:58.693+0000: 2313.232: [GC [PSYoungGen: 1423012K->576K(1362688K)] 1652412K->230232K(2049664K), 0.0062500 secs] [Times: user=0.02 sys=0.00, real=0.01 secs] 
2014-07-16T02:54:01.587+0000: 2316.126: [GC [PSYoungGen: 1362688K->708K(1305664K)] 1592344K->230532K(1992640K), 0.0063230 secs] [Times: user=0.02 sys=0.00, real=0.00 secs] 
2014-07-16T02:54:04.581+0000: 2319.120: [GC [PSYoungGen: 1305525K->776K(1251264K)] 1535349K->230792K(1938240K), 0.0266610 secs] [Times: user=0.10 sys=0.00, real=0.03 secs] 
2014-07-16T02:54:07.232+0000: 2321.771: [GC [PSYoungGen: 1251208K->1014K(1199680K)] 1481224K->231310K(1886656K), 0.0195590 secs] [Times: user=0.05 sys=0.00, real=0.02 secs] 
2014-07-16T02:54:09.780+0000: 2324.319: [GC [PSYoungGen: 1199670K->466K(1149888K)] 1429966K->230898K(1836864K), 0.0046060 secs] [Times: user=0.01 sys=0.00, real=0.00 secs] 
2014-07-16T02:54:12.192+0000: 2326.731: [GC [PSYoungGen: 1149842K->768K(1103232K)] 1380274K->231344K(1790208K), 0.0392230 secs] [Times: user=0.14 sys=0.00, real=0.04 secs] 
2014-07-16T02:54:14.720+0000: 2329.259: [GC [PSYoungGen: 1103232K->768K(1058560K)] 1333808K->231552K(1745536K), 0.0305080 secs] [Times: user=0.11 sys=0.00, real=0.03 secs] 
2014-07-16T02:54:16.899+0000: 2331.438: [GC [PSYoungGen: 1058560K->448K(1015744K)] 1289344K->231464K(1702720K), 0.0154560 secs] [Times: user=0.06 sys=0.01, real=0.01 secs] 
2014-07-16T02:54:19.030+0000: 2333.569: [GC [PSYoungGen: 1015744K->384K(975232K)] 1246760K->231520K(1662208K), 0.0215610 secs] [Times: user=0.07 sys=0.00, real=0.02 secs] 
2014-07-16T02:54:21.001+0000: 2335.540: [GC [PSYoungGen: 975232K->384K(936704K)] 1206368K->231624K(1623680K), 0.0227560 secs] [Times: user=0.09 sys=0.00, real=0.02 secs] 
2014-07-16T02:54:22.984+0000: 2337.523: [GC [PSYoungGen: 936704K->872K(1124480K)] 1167944K->232248K(1811456K), 0.0471850 secs] [Times: user=0.17 sys=0.00, real=0.05 secs] 
2014-07-16T02:54:25.475+0000: 2340.014: [GC [PSYoungGen: 1124456K->978K(1349376K)] 1355832K->232514K(2036352K), 0.0231560 secs] [Times: user=0.09 sys=0.00, real=0.02 secs] 
2014-07-16T02:54:28.264+0000: 2342.803: [GC [PSYoungGen: 1349252K->552K(1292352K)] 1580788K->232496K(1979328K), 0.0059360 secs] [Times: user=0.01 sys=0.00, real=0.00 secs] 
2014-07-16T02:54:31.012+0000: 2345.551: [GC [PSYoungGen: 1292328K->1092K(1239104K)] 1524272K->233212K(1926080K), 0.0241550 secs] [Times: user=0.08 sys=0.00, real=0.02 secs] 
2014-07-16T02:54:33.735+0000: 2348.274: [GC [PSYoungGen: 1239029K->996K(1187776K)] 1471149K->233476K(1874752K), 0.0073740 secs] [Times: user=0.02 sys=0.01, real=0.01 secs] 
2014-07-16T02:54:36.264+0000: 2350.803: [GC [PSYoungGen: 1187658K->562K(1138624K)] 1420138K->233250K(1825600K), 0.0128510 secs] [Times: user=0.04 sys=0.00, real=0.01 secs] 
2014-07-16T02:54:38.775+0000: 2353.314: [GC [PSYoungGen: 1138610K->868K(1092608K)] 1371298K->233716K(1779584K), 0.0057510 secs] [Times: user=0.01 sys=0.00, real=0.00 secs] 
2014-07-16T02:54:41.083+0000: 2355.622: [GC [PSYoungGen: 1092580K->644K(1048256K)] 1325428K->233652K(1735232K), 0.0158040 secs] [Times: user=0.06 sys=0.00, real=0.01 secs] 
2014-07-16T02:54:43.260+0000: 2357.799: [GC [PSYoungGen: 1048196K->640K(1006208K)] 1281204K->233832K(1693184K), 0.0193540 secs] [Times: user=0.06 sys=0.00, real=0.02 secs] 
2014-07-16T02:54:45.548+0000: 2360.087: [GC [PSYoungGen: 1006208K->954K(966528K)] 1239400K->234290K(1653504K), 0.0190290 secs] [Times: user=0.06 sys=0.00, real=0.02 secs] 
2014-07-16T02:54:47.484+0000: 2362.023: [GC [PSYoungGen: 966522K->580K(928128K)] 1199858K->234116K(1615104K), 0.0067380 secs] [Times: user=0.02 sys=0.00, real=0.00 secs] 
2014-07-16T02:54:49.454+0000: 2363.993: [GC [PSYoungGen: 928068K->416K(891648K)] 1161604K->234032K(1578624K), 0.0118470 secs] [Times: user=0.04 sys=0.00, real=0.01 secs] 
2014-07-16T02:54:51.237+0000: 2365.776: [GC [PSYoungGen: 891616K->562K(857216K)] 1125232K->234306K(1544192K), 0.0170210 secs] [Times: user=0.07 sys=0.00, real=0.02 secs] 
2014-07-16T02:54:53.064+0000: 2367.603: [GC [PSYoungGen: 857202K->864K(824640K)] 1090946K->234752K(1511616K), 0.0180860 secs] [Times: user=0.07 sys=0.00, real=0.01 secs] 
2014-07-16T02:54:55.035+0000: 2369.574: [GC [PSYoungGen: 824537K->904K(793344K)] 1058426K->234928K(1480320K), 0.0277630 secs] [Times: user=0.10 sys=0.00, real=0.02 secs] 
2014-07-16T02:54:56.700+0000: 2371.239: [GC [PSYoungGen: 793288K->676K(763200K)] 1027312K->234900K(1450176K), 0.0102620 secs] [Times: user=0.04 sys=0.00, real=0.01 secs] 
2014-07-16T02:54:58.326+0000: 2372.865: [GC [PSYoungGen: 763098K->790K(734848K)] 997322K->235102K(1421824K), 0.0136540 secs] [Times: user=0.05 sys=0.00, real=0.01 secs] 
2014-07-16T02:54:59.962+0000: 2374.501: [GC [PSYoungGen: 734806K->608K(881472K)] 969118K->235016K(1568448K), 0.0247880 secs] [Times: user=0.09 sys=0.00, real=0.03 secs] 
2014-07-16T02:55:01.791+0000: 2376.330: [GC [PSYoungGen: 881440K->626K(847424K)] 1115848K->235122K(1534400K), 0.0055590 secs] [Times: user=0.02 sys=0.00, real=0.01 secs] 
2014-07-16T02:55:03.539+0000: 2378.078: [GC [PSYoungGen: 847410K->854K(815232K)] 1081906K->235542K(1502208K), 0.0085950 secs] [Times: user=0.01 sys=0.00, real=0.01 secs] 
2014-07-16T02:55:05.391+0000: 2379.930: [GC [PSYoungGen: 815190K->818K(784256K)] 1049878K->235626K(1471232K), 0.0176450 secs] [Times: user=0.07 sys=0.01, real=0.02 secs] 
2014-07-16T02:55:07.064+0000: 2381.603: [GC [PSYoungGen: 784242K->968K(755008K)] 1019050K->235936K(1441984K), 0.0178540 secs] [Times: user=0.06 sys=0.00, real=0.02 secs] 
2014-07-16T02:55:08.613+0000: 2383.152: [GC [PSYoungGen: 754952K->626K(726592K)] 989920K->235738K(1413568K), 0.0100950 secs] [Times: user=0.02 sys=0.00, real=0.01 secs] 
2014-07-16T02:55:10.190+0000: 2384.729: [GC [PSYoungGen: 726574K->640K(699840K)] 961687K->235840K(1386816K), 0.0226010 secs] [Times: user=0.07 sys=0.00, real=0.02 secs] 
2014-07-16T02:55:11.662+0000: 2386.200: [GC [PSYoungGen: 699840K->672K(674368K)] 935040K->235992K(1361344K), 0.0110280 secs] [Times: user=0.03 sys=0.00, real=0.01 secs] 
2014-07-16T02:55:13.058+0000: 2387.597: [GC [PSYoungGen: 674336K->498K(808960K)] 909656K->235962K(1495936K), 0.0328440 secs] [Times: user=0.12 sys=0.00, real=0.03 secs] 
2014-07-16T02:55:14.900+0000: 2389.439: [GC [PSYoungGen: 808946K->896K(971072K)] 1044410K->236464K(1658048K), 0.0243240 secs] [Times: user=0.10 sys=0.00, real=0.02 secs] 
2014-07-16T02:55:17.076+0000: 2391.615: [GC [PSYoungGen: 971072K->694K(1164928K)] 1206640K->236422K(1851904K), 0.0059320 secs] [Times: user=0.01 sys=0.00, real=0.01 secs] 
2014-07-16T02:55:19.571+0000: 2394.110: [GC [PSYoungGen: 1164918K->704K(1117312K)] 1400646K->236592K(1804288K), 0.0068940 secs] [Times: user=0.01 sys=0.01, real=0.01 secs] 
2014-07-16T02:55:21.836+0000: 2396.375: [GC [PSYoungGen: 1117312K->594K(1071936K)] 1353200K->236634K(1758912K), 0.0223830 secs] [Times: user=0.09 sys=0.00, real=0.03 secs] 
2014-07-16T02:55:24.053+0000: 2398.592: [GC [PSYoungGen: 1071890K->448K(1028608K)] 1307930K->236656K(1715584K), 0.0199730 secs] [Times: user=0.07 sys=0.00, real=0.02 secs] 
2014-07-16T02:55:26.326+0000: 2400.865: [GC [PSYoungGen: 1028608K->850K(987968K)] 1264816K->237186K(1674944K), 0.0056550 secs] [Times: user=0.01 sys=0.00, real=0.01 secs] 
2014-07-16T02:55:28.373+0000: 2402.912: [GC [PSYoungGen: 987922K->530K(948544K)] 1224258K->237034K(1635520K), 0.0056740 secs] [Times: user=0.01 sys=0.00, real=0.00 secs] 
2014-07-16T02:55:30.383+0000: 2404.922: [GC [PSYoungGen: 948498K->498K(911232K)] 1185002K->237106K(1598208K), 0.0077440 secs] [Times: user=0.02 sys=0.00, real=0.01 secs] 
2014-07-16T02:55:32.348+0000: 2406.887: [GC [PSYoungGen: 911218K->800K(876096K)] 1147826K->237568K(1563072K), 0.0065750 secs] [Times: user=0.02 sys=0.00, real=0.01 secs] 
2014-07-16T02:55:34.190+0000: 2408.729: [GC [PSYoungGen: 876064K->858K(842368K)] 1112832K->237802K(1529344K), 0.0355700 secs] [Times: user=0.13 sys=0.00, real=0.03 secs] 
2014-07-16T02:55:36.149+0000: 2410.688: [GC [PSYoungGen: 842330K->612K(1010432K)] 1079274K->238004K(1697408K), 0.0379640 secs] [Times: user=0.15 sys=0.00, real=0.04 secs] 
2014-07-16T02:55:38.268+0000: 2412.807: [GC [PSYoungGen: 1010404K->712K(970368K)] 1247796K->238280K(1657344K), 0.0063420 secs] [Times: user=0.01 sys=0.00, real=0.01 secs] 
2014-07-16T02:55:40.325+0000: 2414.864: [GC [PSYoungGen: 970312K->754K(932096K)] 1207880K->238498K(1619072K), 0.0040550 secs] [Times: user=0.01 sys=0.00, real=0.00 secs] 
2014-07-16T02:55:42.311+0000: 2416.850: [GC [PSYoungGen: 932082K->690K(895616K)] 1169826K->238578K(1582592K), 0.0169800 secs] [Times: user=0.07 sys=0.00, real=0.01 secs] 
2014-07-16T02:55:44.101+0000: 2418.640: [GC [PSYoungGen: 895602K->512K(860736K)] 1133490K->238568K(1547712K), 0.0247840 secs] [Times: user=0.08 sys=0.00, real=0.03 secs] 
2014-07-16T02:55:45.990+0000: 2420.529: [GC [PSYoungGen: 860718K->818K(827968K)] 1098774K->238994K(1514944K), 0.0085940 secs] [Times: user=0.01 sys=0.00, real=0.01 secs] 
2014-07-16T02:55:47.805+0000: 2422.344: [GC [PSYoungGen: 827954K->658K(796352K)] 1066130K->238970K(1483328K), 0.0201980 secs] [Times: user=0.07 sys=0.00, real=0.02 secs] 
2014-07-16T02:55:49.427+0000: 2423.966: [GC [PSYoungGen: 796306K->914K(766592K)] 1034618K->239370K(1453568K), 0.0083780 secs] [Times: user=0.02 sys=0.00, real=0.01 secs] 
2014-07-16T02:55:51.091+0000: 2425.630: [GC [PSYoungGen: 766546K->576K(737600K)] 1005002K->239344K(1424576K), 0.0250730 secs] [Times: user=0.09 sys=0.01, real=0.03 secs] 
2014-07-16T02:55:52.646+0000: 2427.185: [GC [PSYoungGen: 737596K->434K(710208K)] 976365K->239346K(1397184K), 0.0063630 secs] [Times: user=0.01 sys=0.00, real=0.00 secs] 
2014-07-16T02:55:54.108+0000: 2428.647: [GC [PSYoungGen: 710194K->498K(684288K)] 949106K->239586K(1371264K), 0.0075620 secs] [Times: user=0.02 sys=0.00, real=0.01 secs] 
2014-07-16T02:55:55.688+0000: 2430.227: [GC [PSYoungGen: 684274K->530K(659584K)] 923362K->239698K(1346560K), 0.0234900 secs] [Times: user=0.09 sys=0.00, real=0.02 secs] 
2014-07-16T02:55:57.134+0000: 2431.673: [GC [PSYoungGen: 659487K->712K(636096K)] 898655K->240024K(1323072K), 0.0040840 secs] [Times: user=0.02 sys=0.00, real=0.00 secs] 
2014-07-16T02:55:58.395+0000: 2432.934: [GC [PSYoungGen: 636040K->630K(613376K)] 875352K->240046K(1300352K), 0.0133010 secs] [Times: user=0.02 sys=0.00, real=0.01 secs] 
2014-07-16T02:55:59.619+0000: 2434.158: [GC [PSYoungGen: 613366K->562K(591808K)] 852782K->240026K(1278784K), 0.0079820 secs] [Times: user=0.01 sys=0.00, real=0.01 secs] 
2014-07-16T02:56:00.902+0000: 2435.441: [GC [PSYoungGen: 591724K->466K(710016K)] 831189K->240010K(1396992K), 0.0285720 secs] [Times: user=0.10 sys=0.00, real=0.03 secs] 
2014-07-16T02:56:02.359+0000: 2436.898: [GC [PSYoungGen: 709943K->452K(851968K)] 949487K->240124K(1538944K), 0.0145720 secs] [Times: user=0.05 sys=0.00, real=0.01 secs] 
2014-07-16T02:56:04.111+0000: 2438.650: [GC [PSYoungGen: 851897K->804K(819648K)] 1091569K->240604K(1506624K), 0.0068650 secs] [Times: user=0.02 sys=0.00, real=0.01 secs] 
2014-07-16T02:56:05.899+0000: 2440.438: [GC [PSYoungGen: 819542K->762K(788480K)] 1059343K->240666K(1475456K), 0.0101740 secs] [Times: user=0.02 sys=0.00, real=0.01 secs] 
2014-07-16T02:56:07.712+0000: 2442.251: [GC [PSYoungGen: 788474K->498K(758592K)] 1028378K->240530K(1445568K), 0.0145600 secs] [Times: user=0.05 sys=0.00, real=0.02 secs] 
2014-07-16T02:56:09.270+0000: 2443.809: [GC [PSYoungGen: 758578K->516K(910272K)] 998610K->240684K(1597248K), 0.0263140 secs] [Times: user=0.09 sys=0.00, real=0.03 secs] 
2014-07-16T02:56:11.173+0000: 2445.712: [GC [PSYoungGen: 910212K->498K(874816K)] 1150380K->240738K(1561792K), 0.0141920 secs] [Times: user=0.04 sys=0.00, real=0.02 secs] 
2014-07-16T02:56:13.003+0000: 2447.542: [GC [PSYoungGen: 874802K->480K(841088K)] 1115042K->240872K(1528064K), 0.0101600 secs] [Times: user=0.04 sys=0.00, real=0.01 secs] 
2014-07-16T02:56:14.713+0000: 2449.252: [GC [PSYoungGen: 841056K->694K(809152K)] 1081448K->241230K(1496128K), 0.0160930 secs] [Times: user=0.06 sys=0.00, real=0.02 secs] 
2014-07-16T02:56:16.574+0000: 2451.113: [GC [PSYoungGen: 809135K->544K(778432K)] 1049672K->241184K(1465408K), 0.0238210 secs] [Times: user=0.08 sys=0.00, real=0.03 secs] 
2014-07-16T02:56:18.233+0000: 2452.772: [GC [PSYoungGen: 778370K->548K(934016K)] 1019010K->241332K(1620992K), 0.0184140 secs] [Times: user=0.07 sys=0.00, real=0.02 secs] 
2014-07-16T02:56:20.217+0000: 2454.756: [GC [PSYoungGen: 933988K->960K(897856K)] 1174772K->242032K(1584832K), 0.0070890 secs] [Times: user=0.01 sys=0.00, real=0.01 secs] 
2014-07-16T02:56:22.093+0000: 2456.632: [GC [PSYoungGen: 897849K->804K(862912K)] 1138922K->241964K(1549888K), 0.0103590 secs] [Times: user=0.02 sys=0.00, real=0.01 secs] 
2014-07-16T02:56:23.853+0000: 2458.392: [GC [PSYoungGen: 862884K->566K(829504K)] 1104044K->242014K(1516480K), 0.0119450 secs] [Times: user=0.04 sys=0.00, real=0.01 secs] 
2014-07-16T02:56:25.662+0000: 2460.201: [GC [PSYoungGen: 829494K->594K(797952K)] 1070942K->242162K(1484928K), 0.0084960 secs] [Times: user=0.01 sys=0.00, real=0.01 secs] 
2014-07-16T02:56:27.365+0000: 2461.904: [GC [PSYoungGen: 797906K->900K(768192K)] 1039474K->242612K(1455168K), 0.0178540 secs] [Times: user=0.06 sys=0.00, real=0.02 secs] 
2014-07-16T02:56:28.984+0000: 2463.523: [GC [PSYoungGen: 768132K->712K(739328K)] 1009844K->242528K(1426304K), 0.0121770 secs] [Times: user=0.05 sys=0.00, real=0.01 secs] 
2014-07-16T02:56:30.614+0000: 2465.153: [GC [PSYoungGen: 739269K->662K(711936K)] 981086K->242590K(1398912K), 0.0062930 secs] [Times: user=0.02 sys=0.00, real=0.01 secs] 
2014-07-16T02:56:32.106+0000: 2466.645: [GC [PSYoungGen: 711894K->772K(686016K)] 953822K->242844K(1372992K), 0.0061580 secs] [Times: user=0.02 sys=0.00, real=0.01 secs] 
2014-07-16T02:56:33.504+0000: 2468.043: [GC [PSYoungGen: 685956K->352K(660736K)] 928028K->242568K(1347712K), 0.0119180 secs] [Times: user=0.04 sys=0.00, real=0.01 secs] 
2014-07-16T02:56:34.829+0000: 2469.368: [GC [PSYoungGen: 660704K->580K(793088K)] 902920K->242876K(1480064K), 0.0279600 secs] [Times: user=0.11 sys=0.00, real=0.02 secs] 
2014-07-16T02:56:36.659+0000: 2471.198: [GC [PSYoungGen: 792983K->662K(763264K)] 1035279K->243030K(1450240K), 0.0176060 secs] [Times: user=0.07 sys=0.00, real=0.01 secs] 
2014-07-16T02:56:38.312+0000: 2472.851: [GC [PSYoungGen: 763222K->1074K(735168K)] 1005590K->243650K(1422144K), 0.0090190 secs] [Times: user=0.01 sys=0.00, real=0.01 secs] 
2014-07-16T02:56:39.780+0000: 2474.319: [GC [PSYoungGen: 735154K->448K(707392K)] 977730K->243136K(1394368K), 0.0052750 secs] [Times: user=0.02 sys=0.00, real=0.00 secs] 
2014-07-16T02:56:41.320+0000: 2475.859: [GC [PSYoungGen: 707392K->1136K(682240K)] 950080K->243920K(1369216K), 0.0064910 secs] [Times: user=0.02 sys=0.00, real=0.01 secs] 
2014-07-16T02:56:42.710+0000: 2477.249: [GC [PSYoungGen: 682215K->584K(657024K)] 925000K->243544K(1344000K), 0.0205030 secs] [Times: user=0.08 sys=0.00, real=0.02 secs] 
2014-07-16T02:56:44.127+0000: 2478.666: [GC [PSYoungGen: 656968K->384K(633216K)] 899928K->243432K(1320192K), 0.0187100 secs] [Times: user=0.06 sys=0.00, real=0.02 secs] 
2014-07-16T02:56:45.511+0000: 2480.050: [GC [PSYoungGen: 633216K->612K(611008K)] 876264K->243788K(1297984K), 0.0128970 secs] [Times: user=0.03 sys=0.00, real=0.02 secs] 
2014-07-16T02:56:46.892+0000: 2481.431: [GC [PSYoungGen: 610980K->754K(733248K)] 854156K->244034K(1420224K), 0.0236410 secs] [Times: user=0.09 sys=0.00, real=0.02 secs] 
2014-07-16T02:56:48.467+0000: 2483.006: [GC [PSYoungGen: 733170K->1210K(706624K)] 976450K->244642K(1393600K), 0.0070990 secs] [Times: user=0.02 sys=0.00, real=0.01 secs] 
2014-07-16T02:56:49.989+0000: 2484.528: [GC [PSYoungGen: 706618K->876K(680512K)] 950050K->244388K(1367488K), 0.0056590 secs] [Times: user=0.01 sys=0.01, real=0.01 secs] 
2014-07-16T02:56:51.493+0000: 2486.032: [GC [PSYoungGen: 680492K->498K(655552K)] 924004K->244122K(1342528K), 0.0076450 secs] [Times: user=0.02 sys=0.00, real=0.00 secs] 
2014-07-16T02:56:52.819+0000: 2487.358: [GC [PSYoungGen: 655537K->854K(632448K)] 899162K->244678K(1319424K), 0.0082690 secs] [Times: user=0.01 sys=0.00, real=0.01 secs] 
2014-07-16T02:56:54.116+0000: 2488.655: [GC [PSYoungGen: 632406K->548K(609728K)] 876230K->244436K(1296704K), 0.0108160 secs] [Times: user=0.04 sys=0.00, real=0.01 secs] 
2014-07-16T02:56:55.410+0000: 2489.949: [GC [PSYoungGen: 609633K->534K(588352K)] 853522K->244502K(1275328K), 0.0051100 secs] [Times: user=0.01 sys=0.00, real=0.01 secs] 
2014-07-16T02:56:56.714+0000: 2491.253: [GC [PSYoungGen: 588310K->694K(568064K)] 832278K->244766K(1255040K), 0.0155190 secs] [Times: user=0.06 sys=0.00, real=0.01 secs] 
2014-07-16T02:56:57.888+0000: 2492.427: [GC [PSYoungGen: 568054K->548K(548480K)] 812126K->244732K(1235456K), 0.0074120 secs] [Times: user=0.02 sys=0.00, real=0.01 secs] 
2014-07-16T02:56:59.139+0000: 2493.678: [GC [PSYoungGen: 548452K->886K(530176K)] 792636K->245142K(1217152K), 0.0220390 secs] [Times: user=0.07 sys=0.00, real=0.02 secs] 
2014-07-16T02:57:00.211+0000: 2494.750: [GC [PSYoungGen: 530166K->416K(635584K)] 774422K->244784K(1322560K), 0.0124830 secs] [Times: user=0.03 sys=0.00, real=0.02 secs] 
2014-07-16T02:57:01.623+0000: 2496.162: [GC [PSYoungGen: 635552K->594K(762816K)] 879920K->245034K(1449792K), 0.0166830 secs] [Times: user=0.06 sys=0.00, real=0.02 secs] 
2014-07-16T02:57:03.228+0000: 2497.767: [GC [PSYoungGen: 762770K->932K(734720K)] 1007210K->245564K(1421696K), 0.0126570 secs] [Times: user=0.04 sys=0.01, real=0.01 secs] 
2014-07-16T02:57:04.705+0000: 2499.243: [GC [PSYoungGen: 734688K->516K(707200K)] 979320K->245252K(1394176K), 0.0061800 secs] [Times: user=0.02 sys=0.00, real=0.00 secs] 
2014-07-16T02:57:06.269+0000: 2500.807: [GC [PSYoungGen: 707140K->776K(848832K)] 951876K->245616K(1535808K), 0.0385440 secs] [Times: user=0.13 sys=0.00, real=0.04 secs] 
2014-07-16T02:57:08.074+0000: 2502.613: [GC [PSYoungGen: 848775K->722K(1018368K)] 1093616K->245690K(1705344K), 0.0086120 secs] [Times: user=0.01 sys=0.00, real=0.01 secs] 
2014-07-16T02:57:10.322+0000: 2504.861: [GC [PSYoungGen: 1018322K->736K(1221888K)] 1263290K->245816K(1908864K), 0.0236010 secs] [Times: user=0.08 sys=0.00, real=0.03 secs] 
2014-07-16T02:57:13.001+0000: 2507.540: [GC [PSYoungGen: 1221856K->676K(1434688K)] 1466936K->245908K(2121664K), 0.0247480 secs] [Times: user=0.09 sys=0.00, real=0.03 secs] 
2014-07-16T02:57:15.982+0000: 2510.521: [GC [PSYoungGen: 1434404K->562K(1373568K)] 1679636K->246010K(2060544K), 0.0221540 secs] [Times: user=0.08 sys=0.00, real=0.02 secs] 
2014-07-16T02:57:18.903+0000: 2513.442: [GC [PSYoungGen: 1373554K->630K(1315840K)] 1619002K->246680K(2002816K), 0.0084950 secs] [Times: user=0.02 sys=0.00, real=0.01 secs] 
2014-07-16T02:57:21.712+0000: 2516.251: [GC [PSYoungGen: 1315828K->690K(1260928K)] 1561879K->246966K(1947904K), 0.0310670 secs] [Times: user=0.11 sys=0.00, real=0.03 secs] 
2014-07-16T02:57:24.266+0000: 2518.805: [GC [PSYoungGen: 1260914K->850K(1208832K)] 1507190K->247414K(1895808K), 0.0114220 secs] [Times: user=0.03 sys=0.00, real=0.02 secs] 
2014-07-16T02:57:26.869+0000: 2521.408: [GC [PSYoungGen: 1208786K->608K(1158848K)] 1455350K->247316K(1845824K), 0.0058380 secs] [Times: user=0.02 sys=0.01, real=0.00 secs] 
2014-07-16T02:57:29.148+0000: 2523.687: [GC [PSYoungGen: 1158816K->576K(1111424K)] 1405524K->247500K(1798400K), 0.0159760 secs] [Times: user=0.04 sys=0.00, real=0.01 secs] 
2014-07-16T02:57:31.568+0000: 2526.107: [GC [PSYoungGen: 1111422K->1156K(1067008K)] 1358347K->248176K(1753984K), 0.0303260 secs] [Times: user=0.12 sys=0.00, real=0.03 secs] 
2014-07-16T02:57:33.732+0000: 2528.271: [GC [PSYoungGen: 1066948K->626K(1023552K)] 1313968K->247870K(1710528K), 0.0242850 secs] [Times: user=0.09 sys=0.00, real=0.02 secs] 
2014-07-16T02:57:35.809+0000: 2530.348: [GC [PSYoungGen: 1023460K->612K(982720K)] 1270704K->247992K(1669696K), 0.0072920 secs] [Times: user=0.01 sys=0.00, real=0.00 secs] 
2014-07-16T02:57:37.888+0000: 2532.427: [GC [PSYoungGen: 982692K->466K(943744K)] 1230072K->247958K(1630720K), 0.0065170 secs] [Times: user=0.02 sys=0.00, real=0.01 secs] 
2014-07-16T02:57:39.883+0000: 2534.422: [GC [PSYoungGen: 943698K->612K(906880K)] 1191190K->248232K(1593856K), 0.0061340 secs] [Times: user=0.02 sys=0.00, real=0.01 secs] 
2014-07-16T02:57:41.890+0000: 2536.429: [GC [PSYoungGen: 906852K->772K(871808K)] 1154472K->248488K(1558784K), 0.0062790 secs] [Times: user=0.02 sys=0.00, real=0.00 secs] 
2014-07-16T02:57:43.657+0000: 2538.196: [GC [PSYoungGen: 871748K->480K(837888K)] 1119464K->248436K(1524864K), 0.0145110 secs] [Times: user=0.03 sys=0.00, real=0.02 secs] 
2014-07-16T02:57:45.377+0000: 2539.916: [GC [PSYoungGen: 837856K->580K(806016K)] 1085812K->248648K(1492992K), 0.0148820 secs] [Times: user=0.05 sys=0.00, real=0.02 secs] 
2014-07-16T02:57:47.177+0000: 2541.716: [GC [PSYoungGen: 805956K->882K(775808K)] 1054024K->249054K(1462784K), 0.0085120 secs] [Times: user=0.01 sys=0.00, real=0.01 secs] 
2014-07-16T02:57:48.778+0000: 2543.317: [GC [PSYoungGen: 775794K->822K(746688K)] 1023966K->249138K(1433664K), 0.0288130 secs] [Times: user=0.10 sys=0.01, real=0.03 secs] 
2014-07-16T02:57:50.401+0000: 2544.940: [GC [PSYoungGen: 746604K->1138K(719296K)] 994921K->249542K(1406272K), 0.0114070 secs] [Times: user=0.04 sys=0.00, real=0.02 secs] 
2014-07-16T02:57:52.127+0000: 2546.666: [GC [PSYoungGen: 719282K->484K(692288K)] 967686K->249392K(1379264K), 0.0195780 secs] [Times: user=0.07 sys=0.00, real=0.02 secs] 
2014-07-16T02:57:53.612+0000: 2548.151: [GC [PSYoungGen: 692260K->854K(667520K)] 941168K->249970K(1354496K), 0.0106070 secs] [Times: user=0.03 sys=0.00, real=0.01 secs] 
2014-07-16T02:57:55.004+0000: 2549.543: [GC [PSYoungGen: 667478K->512K(643136K)] 916594K->249828K(1330112K), 0.0128150 secs] [Times: user=0.05 sys=0.00, real=0.01 secs] 
2014-07-16T02:57:56.383+0000: 2550.922: [GC [PSYoungGen: 643136K->544K(620288K)] 892452K->249956K(1307264K), 0.0170860 secs] [Times: user=0.05 sys=0.00, real=0.01 secs] 
2014-07-16T02:57:57.745+0000: 2552.284: [GC [PSYoungGen: 620256K->562K(598464K)] 869668K->250086K(1285440K), 0.0065130 secs] [Times: user=0.02 sys=0.00, real=0.00 secs] 
2014-07-16T02:57:59.061+0000: 2553.600: [GC [PSYoungGen: 598450K->608K(577664K)] 847974K->250244K(1264640K), 0.0174410 secs] [Times: user=0.05 sys=0.00, real=0.02 secs] 
2014-07-16T02:58:00.366+0000: 2554.905: [GC [PSYoungGen: 577632K->836K(558016K)] 827268K->250576K(1244992K), 0.0068550 secs] [Times: user=0.02 sys=0.01, real=0.01 secs] 
2014-07-16T02:58:01.513+0000: 2556.052: [GC [PSYoungGen: 557956K->466K(538624K)] 807696K->250310K(1225600K), 0.0147590 secs] [Times: user=0.05 sys=0.00, real=0.01 secs] 
2014-07-16T02:58:02.733+0000: 2557.272: [GC [PSYoungGen: 538578K->872K(646656K)] 788422K->250844K(1333632K), 0.0301360 secs] [Times: user=0.11 sys=0.00, real=0.03 secs] 
2014-07-16T02:58:04.059+0000: 2558.598: [GC [PSYoungGen: 646632K->1014K(775936K)] 896604K->251114K(1462912K), 0.0199390 secs] [Times: user=0.06 sys=0.00, real=0.02 secs] 
2014-07-16T02:58:05.658+0000: 2560.197: [GC [PSYoungGen: 775926K->562K(930496K)] 1026026K->250934K(1617472K), 0.0043020 secs] [Times: user=0.01 sys=0.00, real=0.00 secs] 
2014-07-16T02:58:07.686+0000: 2562.225: [GC [PSYoungGen: 930482K->900K(1116864K)] 1180854K->251376K(1803840K), 0.0227550 secs] [Times: user=0.09 sys=0.01, real=0.02 secs] 
2014-07-16T02:58:10.005+0000: 2564.544: [GC [PSYoungGen: 1116804K->996K(1071616K)] 1367280K->251648K(1758592K), 0.0070000 secs] [Times: user=0.02 sys=0.00, real=0.00 secs] 
2014-07-16T02:58:12.281+0000: 2566.820: [GC [PSYoungGen: 1071588K->1238K(1028736K)] 1322240K->252002K(1715712K), 0.0267110 secs] [Times: user=0.10 sys=0.00, real=0.03 secs] 
2014-07-16T02:58:14.401+0000: 2568.940: [GC [PSYoungGen: 1028694K->448K(986880K)] 1279458K->251460K(1673856K), 0.0053830 secs] [Times: user=0.02 sys=0.00, real=0.01 secs] 
2014-07-16T02:58:16.386+0000: 2570.925: [GC [PSYoungGen: 986880K->530K(947904K)] 1237892K->251678K(1634880K), 0.0289960 secs] [Times: user=0.11 sys=0.00, real=0.03 secs] 
2014-07-16T02:58:18.567+0000: 2573.105: [GC [PSYoungGen: 947807K->648K(1137536K)] 1198955K->251908K(1824512K), 0.0374920 secs] [Times: user=0.13 sys=0.00, real=0.03 secs] 
2014-07-16T02:58:21.001+0000: 2575.540: [GC [PSYoungGen: 1137453K->1252K(1091776K)] 1388713K->252696K(1778752K), 0.0091110 secs] [Times: user=0.02 sys=0.00, real=0.01 secs] 
2014-07-16T02:58:23.336+0000: 2577.875: [GC [PSYoungGen: 1091747K->576K(1046976K)] 1343192K->252220K(1733952K), 0.0169440 secs] [Times: user=0.06 sys=0.00, real=0.01 secs] 
2014-07-16T02:58:25.495+0000: 2580.034: [GC [PSYoungGen: 1046976K->762K(1005248K)] 1298620K->252606K(1692224K), 0.0119600 secs] [Times: user=0.03 sys=0.00, real=0.02 secs] 
2014-07-16T02:58:27.683+0000: 2582.222: [GC [PSYoungGen: 1005242K->1142K(965696K)] 1257086K->253130K(1652672K), 0.0217200 secs] [Times: user=0.08 sys=0.00, real=0.02 secs] 
2014-07-16T02:58:29.626+0000: 2584.165: [GC [PSYoungGen: 965600K->608K(927168K)] 1217588K->252756K(1614144K), 0.0214360 secs] [Times: user=0.07 sys=0.00, real=0.03 secs] 
2014-07-16T02:58:31.627+0000: 2586.166: [GC [PSYoungGen: 927136K->1174K(891520K)] 1179284K->253402K(1578496K), 0.0223870 secs] [Times: user=0.08 sys=0.00, real=0.02 secs] 
2014-07-16T02:58:33.572+0000: 2588.111: [GC [PSYoungGen: 891478K->530K(856384K)] 1143706K->252958K(1543360K), 0.0091990 secs] [Times: user=0.03 sys=0.00, real=0.01 secs] 
2014-07-16T02:58:35.324+0000: 2589.863: [GC [PSYoungGen: 856338K->480K(823488K)] 1108766K->253060K(1510464K), 0.0218940 secs] [Times: user=0.09 sys=0.00, real=0.02 secs] 
2014-07-16T02:58:37.017+0000: 2591.556: [GC [PSYoungGen: 823456K->320K(792000K)] 1076036K->253028K(1478976K), 0.0114500 secs] [Times: user=0.02 sys=0.00, real=0.02 secs] 
2014-07-16T02:58:38.767+0000: 2593.306: [GC [PSYoungGen: 792000K->352K(762240K)] 1044708K->253148K(1449216K), 0.0064250 secs] [Times: user=0.01 sys=0.00, real=0.01 secs] 
2014-07-16T02:58:40.363+0000: 2594.902: [GC [PSYoungGen: 762208K->772K(734272K)] 1015004K->253688K(1421248K), 0.0067740 secs] [Times: user=0.02 sys=0.00, real=0.01 secs] 
2014-07-16T02:58:41.946+0000: 2596.485: [GC [PSYoungGen: 734211K->690K(707008K)] 987128K->253710K(1393984K), 0.0244400 secs] [Times: user=0.08 sys=0.00, real=0.03 secs] 
2014-07-16T02:58:43.567+0000: 2598.106: [GC [PSYoungGen: 706957K->530K(681024K)] 959977K->253694K(1368000K), 0.0067620 secs] [Times: user=0.02 sys=0.01, real=0.01 secs] 
2014-07-16T02:58:44.925+0000: 2599.464: [GC [PSYoungGen: 680978K->594K(656448K)] 934142K->253918K(1343424K), 0.0130530 secs] [Times: user=0.04 sys=0.00, real=0.01 secs] 
2014-07-16T02:58:46.310+0000: 2600.849: [GC [PSYoungGen: 656402K->466K(632832K)] 909726K->253862K(1319808K), 0.0221190 secs] [Times: user=0.08 sys=0.00, real=0.02 secs] 
2014-07-16T02:58:47.628+0000: 2602.167: [GC [PSYoungGen: 632786K->818K(759616K)] 886182K->254302K(1446592K), 0.0314840 secs] [Times: user=0.12 sys=0.00, real=0.04 secs] 
2014-07-16T02:58:49.244+0000: 2603.783: [GC [PSYoungGen: 759602K->704K(911296K)] 1013086K->254260K(1598272K), 0.0066630 secs] [Times: user=0.02 sys=0.00, real=0.01 secs] 
2014-07-16T02:58:51.097+0000: 2605.636: [GC [PSYoungGen: 911296K->740K(1093504K)] 1164852K->254400K(1780480K), 0.0181090 secs] [Times: user=0.04 sys=0.00, real=0.02 secs] 
2014-07-16T02:58:53.552+0000: 2608.091: [GC [PSYoungGen: 1093476K->914K(1049536K)] 1347136K->254718K(1736512K), 0.0096140 secs] [Times: user=0.02 sys=0.01, real=0.01 secs] 
2014-07-16T02:58:55.731+0000: 2610.270: [GC [PSYoungGen: 1049490K->626K(1007168K)] 1303294K->254654K(1694144K), 0.0045230 secs] [Times: user=0.01 sys=0.00, real=0.00 secs] 
2014-07-16T02:58:57.780+0000: 2612.319: [GC [PSYoungGen: 1007154K->502K(966976K)] 1261182K->254658K(1653952K), 0.0197320 secs] [Times: user=0.07 sys=0.00, real=0.02 secs] 
2014-07-16T02:58:59.892+0000: 2614.431: [GC [PSYoungGen: 966880K->712K(929088K)] 1221037K->254956K(1616064K), 0.0263540 secs] [Times: user=0.09 sys=0.00, real=0.02 secs] 
2014-07-16T02:59:01.836+0000: 2616.375: [GC [PSYoungGen: 929032K->498K(892544K)] 1183276K->254878K(1579520K), 0.0122850 secs] [Times: user=0.05 sys=0.00, real=0.01 secs] 
2014-07-16T02:59:03.847+0000: 2618.386: [GC [PSYoungGen: 892530K->512K(857984K)] 1146910K->255084K(1544960K), 0.0146570 secs] [Times: user=0.04 sys=0.00, real=0.01 secs] 
2014-07-16T02:59:05.665+0000: 2620.204: [GC [PSYoungGen: 857984K->466K(825024K)] 1112556K->255214K(1512000K), 0.0155050 secs] [Times: user=0.05 sys=0.00, real=0.01 secs] 
2014-07-16T02:59:07.428+0000: 2621.967: [GC [PSYoungGen: 824978K->808K(793984K)] 1079726K->255676K(1480960K), 0.0211110 secs] [Times: user=0.08 sys=0.00, real=0.02 secs] 
2014-07-16T02:59:09.170+0000: 2623.709: [GC [PSYoungGen: 793960K->736K(952576K)] 1048828K->255700K(1639552K), 0.0373930 secs] [Times: user=0.13 sys=0.00, real=0.04 secs] 
2014-07-16T02:59:11.141+0000: 2625.680: [GC [PSYoungGen: 952544K->740K(915136K)] 1207508K->256128K(1602112K), 0.0065850 secs] [Times: user=0.01 sys=0.00, real=0.01 secs] 
2014-07-16T02:59:13.276+0000: 2627.815: [GC [PSYoungGen: 915108K->904K(879680K)] 1170496K->256420K(1566656K), 0.0049640 secs] [Times: user=0.02 sys=0.00, real=0.00 secs] 
2014-07-16T02:59:15.163+0000: 2629.702: [GC [PSYoungGen: 879624K->868K(1055360K)] 1135140K->256664K(1742336K), 0.0328870 secs] [Times: user=0.11 sys=0.00, real=0.04 secs] 
2014-07-16T02:59:17.445+0000: 2631.984: [GC [PSYoungGen: 1055332K->804K(1266240K)] 1311128K->256736K(1953216K), 0.0213210 secs] [Times: user=0.08 sys=0.00, real=0.02 secs] 
2014-07-16T02:59:20.254+0000: 2634.793: [GC [PSYoungGen: 1266203K->676K(1213568K)] 1522136K->256728K(1900544K), 0.0081890 secs] [Times: user=0.02 sys=0.00, real=0.01 secs] 
2014-07-16T02:59:22.804+0000: 2637.343: [GC [PSYoungGen: 1213540K->754K(1163648K)] 1469592K->256998K(1850624K), 0.0055140 secs] [Times: user=0.02 sys=0.00, real=0.01 secs] 
2014-07-16T02:59:25.253+0000: 2639.792: [GC [PSYoungGen: 1163634K->576K(1115904K)] 1419878K->257020K(1802880K), 0.0073770 secs] [Times: user=0.01 sys=0.00, real=0.01 secs] 
2014-07-16T02:59:27.563+0000: 2642.102: [GC [PSYoungGen: 1115904K->836K(1070976K)] 1372348K->257464K(1757952K), 0.0281210 secs] [Times: user=0.10 sys=0.00, real=0.03 secs] 
2014-07-16T02:59:29.909+0000: 2644.448: [GC [PSYoungGen: 1070916K->626K(1027648K)] 1327544K->257398K(1714624K), 0.0231090 secs] [Times: user=0.09 sys=0.00, real=0.02 secs] 
2014-07-16T02:59:32.132+0000: 2646.671: [GC [PSYoungGen: 1027634K->1156K(987200K)] 1284406K->258080K(1674176K), 0.0069690 secs] [Times: user=0.02 sys=0.01, real=0.01 secs] 
2014-07-16T02:59:34.439+0000: 2648.978: [GC [PSYoungGen: 987140K->612K(947584K)] 1244064K->257864K(1634560K), 0.0134970 secs] [Times: user=0.05 sys=0.00, real=0.01 secs] 
2014-07-16T02:59:36.485+0000: 2651.024: [GC [PSYoungGen: 947516K->544K(910336K)] 1204768K->258012K(1597312K), 0.0131250 secs] [Times: user=0.05 sys=0.00, real=0.02 secs] 
2014-07-16T02:59:38.362+0000: 2652.901: [GC [PSYoungGen: 910283K->534K(874944K)] 1167752K->258138K(1561920K), 0.0103430 secs] [Times: user=0.04 sys=0.00, real=0.01 secs] 
2014-07-16T02:59:40.263+0000: 2654.802: [GC [PSYoungGen: 874902K->836K(841536K)] 1132506K->258536K(1528512K), 0.0164750 secs] [Times: user=0.06 sys=0.00, real=0.02 secs] 
2014-07-16T02:59:42.052+0000: 2656.591: [GC [PSYoungGen: 841476K->790K(809344K)] 1099176K->258634K(1496320K), 0.0052780 secs] [Times: user=0.02 sys=0.00, real=0.00 secs] 
2014-07-16T02:59:43.865+0000: 2658.404: [GC [PSYoungGen: 809302K->1018K(778944K)] 1067146K->259022K(1465920K), 0.0182380 secs] [Times: user=0.07 sys=0.00, real=0.02 secs] 
2014-07-16T02:59:45.555+0000: 2660.094: [GC [PSYoungGen: 778938K->754K(749504K)] 1036942K->258910K(1436480K), 0.0121540 secs] [Times: user=0.05 sys=0.00, real=0.01 secs] 
2014-07-16T02:59:47.116+0000: 2661.655: [GC [PSYoungGen: 749489K->804K(721728K)] 1007646K->259088K(1408704K), 0.0186590 secs] [Times: user=0.07 sys=0.00, real=0.02 secs] 
2014-07-16T02:59:48.743+0000: 2663.282: [GC [PSYoungGen: 721700K->1000K(866112K)] 979984K->259676K(1553088K), 0.0289300 secs] [Times: user=0.09 sys=0.00, real=0.03 secs] 
2014-07-16T02:59:50.653+0000: 2665.192: [GC [PSYoungGen: 866088K->740K(832576K)] 1124764K->259512K(1519552K), 0.0051350 secs] [Times: user=0.02 sys=0.00, real=0.00 secs] 
2014-07-16T02:59:52.420+0000: 2666.959: [GC [PSYoungGen: 832548K->466K(998720K)] 1091320K->259446K(1685696K), 0.0268270 secs] [Times: user=0.11 sys=0.00, real=0.02 secs] 
2014-07-16T02:59:54.696+0000: 2669.235: [GC [PSYoungGen: 998674K->982K(959616K)] 1257654K->260114K(1646592K), 0.0076360 secs] [Times: user=0.02 sys=0.01, real=0.01 secs] 
2014-07-16T02:59:56.721+0000: 2671.260: [GC [PSYoungGen: 959574K->384K(921216K)] 1218706K->259708K(1608192K), 0.0060630 secs] [Times: user=0.02 sys=0.00, real=0.00 secs] 
2014-07-16T02:59:58.549+0000: 2673.088: [GC [PSYoungGen: 921216K->448K(885312K)] 1180540K->259892K(1572288K), 0.0051460 secs] [Times: user=0.02 sys=0.00, real=0.01 secs] 
2014-07-16T03:00:00.482+0000: 2675.021: [GC [PSYoungGen: 885312K->594K(851264K)] 1144756K->260110K(1538240K), 0.0111570 secs] [Times: user=0.03 sys=0.00, real=0.01 secs] 
2014-07-16T03:00:02.261+0000: 2676.800: [GC [PSYoungGen: 851218K->576K(818560K)] 1110734K->260252K(1505536K), 0.0085800 secs] [Times: user=0.02 sys=0.01, real=0.00 secs] 
2014-07-16T03:00:04.118+0000: 2678.657: [GC [PSYoungGen: 818560K->1238K(788224K)] 1078236K->261074K(1475200K), 0.0347570 secs] [Times: user=0.13 sys=0.00, real=0.04 secs] 
2014-07-16T03:00:05.763+0000: 2680.302: [GC [PSYoungGen: 788182K->530K(757888K)] 1048018K->260518K(1444864K), 0.0156960 secs] [Times: user=0.05 sys=0.00, real=0.01 secs] 
2014-07-16T03:00:07.337+0000: 2681.876: [GC [PSYoungGen: 757839K->612K(729728K)] 1017827K->260712K(1416704K), 0.0090240 secs] [Times: user=0.03 sys=0.00, real=0.01 secs] 
2014-07-16T03:00:08.822+0000: 2683.361: [GC [PSYoungGen: 729700K->644K(702912K)] 989800K->260848K(1389888K), 0.0086980 secs] [Times: user=0.01 sys=0.00, real=0.00 secs] 
2014-07-16T03:00:10.466+0000: 2685.005: [GC [PSYoungGen: 702852K->608K(677184K)] 963056K->260868K(1364160K), 0.0071430 secs] [Times: user=0.01 sys=0.00, real=0.01 secs] 
2014-07-16T03:00:11.798+0000: 2686.337: [GC [PSYoungGen: 677152K->480K(652608K)] 937412K->260908K(1339584K), 0.0251320 secs] [Times: user=0.09 sys=0.00, real=0.03 secs] 
2014-07-16T03:00:13.276+0000: 2687.815: [GC [PSYoungGen: 652535K->726K(629504K)] 912964K->261234K(1316480K), 0.0098720 secs] [Times: user=0.02 sys=0.00, real=0.01 secs] 
2014-07-16T03:00:14.661+0000: 2689.200: [GC [PSYoungGen: 629462K->484K(606976K)] 889970K->261136K(1293952K), 0.0061710 secs] [Times: user=0.01 sys=0.00, real=0.01 secs] 
2014-07-16T03:00:15.888+0000: 2690.427: [GC [PSYoungGen: 606946K->480K(728320K)] 867598K->261292K(1415296K), 0.0217250 secs] [Times: user=0.07 sys=0.00, real=0.02 secs] 
2014-07-16T03:00:17.424+0000: 2691.963: [GC [PSYoungGen: 728288K->598K(701632K)] 989100K->261466K(1388608K), 0.0082910 secs] [Times: user=0.02 sys=0.00, real=0.00 secs] 
2014-07-16T03:00:18.908+0000: 2693.447: [GC [PSYoungGen: 701590K->466K(675904K)] 962458K->261430K(1362880K), 0.0148160 secs] [Times: user=0.06 sys=0.00, real=0.02 secs] 
2014-07-16T03:00:20.470+0000: 2695.009: [GC [PSYoungGen: 675781K->730K(651776K)] 936746K->261758K(1338752K), 0.0052730 secs] [Times: user=0.02 sys=0.01, real=0.01 secs] 
2014-07-16T03:00:21.825+0000: 2696.364: [GC [PSYoungGen: 651738K->850K(628608K)] 912766K->262038K(1315584K), 0.0072960 secs] [Times: user=0.02 sys=0.00, real=0.00 secs] 
2014-07-16T03:00:23.169+0000: 2697.708: [GC [PSYoungGen: 628562K->566K(606080K)] 889750K->261882K(1293056K), 0.0168700 secs] [Times: user=0.07 sys=0.00, real=0.02 secs] 
2014-07-16T03:00:24.607+0000: 2699.146: [GC [PSYoungGen: 606034K->772K(585152K)] 867350K->262192K(1272128K), 0.0082800 secs] [Times: user=0.03 sys=0.00, real=0.01 secs] 
2014-07-16T03:00:25.820+0000: 2700.359: [GC [PSYoungGen: 585092K->790K(564928K)] 846512K->262362K(1251904K), 0.0080870 secs] [Times: user=0.02 sys=0.00, real=0.01 secs] 
2014-07-16T03:00:26.944+0000: 2701.483: [GC [PSYoungGen: 564886K->274K(545088K)] 826458K->261926K(1232064K), 0.0047760 secs] [Times: user=0.02 sys=0.00, real=0.01 secs] 
2014-07-16T03:00:28.068+0000: 2702.607: [GC [PSYoungGen: 545042K->822K(527168K)] 806694K->262538K(1214144K), 0.0153500 secs] [Times: user=0.05 sys=0.01, real=0.01 secs] 
2014-07-16T03:00:29.174+0000: 2703.713: [GC [PSYoungGen: 527074K->776K(509504K)] 788791K->262548K(1196480K), 0.0104370 secs] [Times: user=0.03 sys=0.00, real=0.01 secs] 
2014-07-16T03:00:30.335+0000: 2704.874: [GC [PSYoungGen: 509448K->658K(611136K)] 771220K->262494K(1298112K), 0.0196600 secs] [Times: user=0.08 sys=0.00, real=0.01 secs] 
2014-07-16T03:00:31.578+0000: 2706.117: [GC [PSYoungGen: 611086K->562K(589568K)] 872923K->262502K(1276544K), 0.0065280 secs] [Times: user=0.01 sys=0.00, real=0.00 secs] 
2014-07-16T03:00:32.753+0000: 2707.291: [GC [PSYoungGen: 589554K->402K(568960K)] 851494K->262446K(1255936K), 0.0111100 secs] [Times: user=0.04 sys=0.00, real=0.01 secs] 
2014-07-16T03:00:34.009+0000: 2708.548: [GC [PSYoungGen: 568914K->786K(549824K)] 830958K->262918K(1236800K), 0.0063890 secs] [Times: user=0.02 sys=0.00, real=0.01 secs] 
2014-07-16T03:00:35.331+0000: 2709.870: [GC [PSYoungGen: 549729K->950K(659776K)] 811861K->263210K(1346752K), 0.0220040 secs] [Times: user=0.08 sys=0.00, real=0.02 secs] 
2014-07-16T03:00:36.825+0000: 2711.364: [GC [PSYoungGen: 659766K->562K(791168K)] 922026K->263166K(1478144K), 0.0177730 secs] [Times: user=0.06 sys=0.00, real=0.02 secs] 
2014-07-16T03:00:38.485+0000: 2713.024: [GC [PSYoungGen: 791154K->982K(949760K)] 1053758K->263722K(1636736K), 0.0156300 secs] [Times: user=0.06 sys=0.00, real=0.02 secs] 
2014-07-16T03:00:40.562+0000: 2715.101: [GC [PSYoungGen: 949718K->790K(912320K)] 1212458K->263658K(1599296K), 0.0166160 secs] [Times: user=0.05 sys=0.00, real=0.02 secs] 
2014-07-16T03:00:42.456+0000: 2716.995: [GC [PSYoungGen: 912278K->626K(1094464K)] 1175146K->263678K(1781440K), 0.0259720 secs] [Times: user=0.09 sys=0.00, real=0.03 secs] 
2014-07-16T03:00:44.892+0000: 2719.431: [GC [PSYoungGen: 1094399K->1152K(1050752K)] 1357451K->264348K(1737728K), 0.0075150 secs] [Times: user=0.03 sys=0.00, real=0.01 secs] 
2014-07-16T03:00:47.020+0000: 2721.559: [GC [PSYoungGen: 1050674K->516K(1008064K)] 1313871K->263904K(1695040K), 0.0096060 secs] [Times: user=0.03 sys=0.00, real=0.01 secs] 
2014-07-16T03:00:49.111+0000: 2723.650: [GC [PSYoungGen: 1008004K->512K(967936K)] 1271392K->264012K(1654912K), 0.0249110 secs] [Times: user=0.08 sys=0.00, real=0.02 secs] 
2014-07-16T03:00:51.218+0000: 2725.757: [GC [PSYoungGen: 967936K->978K(930304K)] 1231436K->264574K(1617280K), 0.0136240 secs] [Times: user=0.04 sys=0.01, real=0.01 secs] 
2014-07-16T03:00:53.085+0000: 2727.624: [GC [PSYoungGen: 930258K->754K(893696K)] 1193854K->264550K(1580672K), 0.0058370 secs] [Times: user=0.02 sys=0.00, real=0.01 secs] 
2014-07-16T03:00:55.106+0000: 2729.645: [GC [PSYoungGen: 893682K->1120K(859456K)] 1157478K->265028K(1546432K), 0.0133710 secs] [Times: user=0.04 sys=0.00, real=0.02 secs] 
2014-07-16T03:00:56.952+0000: 2731.491: [GC [PSYoungGen: 859424K->516K(825920K)] 1123332K->264584K(1512896K), 0.0187050 secs] [Times: user=0.07 sys=0.01, real=0.02 secs] 
2014-07-16T03:00:58.671+0000: 2733.210: [GC [PSYoungGen: 825860K->384K(794304K)] 1089928K->264580K(1481280K), 0.0262760 secs] [Times: user=0.09 sys=0.00, real=0.02 secs] 
2014-07-16T03:01:00.506+0000: 2735.045: [GC [PSYoungGen: 794304K->612K(764608K)] 1058500K->264896K(1451584K), 0.0107280 secs] [Times: user=0.02 sys=0.00, real=0.01 secs] 
2014-07-16T03:01:02.188+0000: 2736.727: [GC [PSYoungGen: 764580K->658K(736128K)] 1028864K->265094K(1423104K), 0.0069450 secs] [Times: user=0.02 sys=0.00, real=0.01 secs] 
2014-07-16T03:01:03.794+0000: 2738.333: [GC [PSYoungGen: 736082K->466K(708736K)] 1000518K->264998K(1395712K), 0.0082950 secs] [Times: user=0.01 sys=0.01, real=0.01 secs] 
2014-07-16T03:01:05.440+0000: 2739.979: [GC [PSYoungGen: 708690K->626K(682944K)] 973222K->265254K(1369920K), 0.0321380 secs] [Times: user=0.11 sys=0.00, real=0.03 secs] 
2014-07-16T03:01:06.985+0000: 2741.524: [GC [PSYoungGen: 682930K->434K(819264K)] 947558K->265214K(1506240K), 0.0178290 secs] [Times: user=0.06 sys=0.00, real=0.02 secs] 
2014-07-16T03:01:08.827+0000: 2743.365: [GC [PSYoungGen: 819250K->288K(788032K)] 1084030K->265164K(1475008K), 0.0110790 secs] [Times: user=0.04 sys=0.00, real=0.01 secs] 
2014-07-16T03:01:10.605+0000: 2745.144: [GC [PSYoungGen: 787999K->580K(758720K)] 1052875K->265528K(1445696K), 0.0047470 secs] [Times: user=0.01 sys=0.01, real=0.00 secs] 
2014-07-16T03:01:12.268+0000: 2746.807: [GC [PSYoungGen: 758660K->352K(730240K)] 1023608K->265436K(1417216K), 0.0094100 secs] [Times: user=0.02 sys=0.01, real=0.01 secs] 
2014-07-16T03:01:13.925+0000: 2748.464: [GC [PSYoungGen: 730208K->466K(703424K)] 995292K->265630K(1390400K), 0.0057910 secs] [Times: user=0.01 sys=0.01, real=0.00 secs] 
2014-07-16T03:01:15.564+0000: 2750.103: [GC [PSYoungGen: 703378K->1138K(678400K)] 968542K->266510K(1365376K), 0.0085750 secs] [Times: user=0.02 sys=0.00, real=0.01 secs] 
2014-07-16T03:01:17.060+0000: 2751.599: [GC [PSYoungGen: 678386K->680K(653440K)] 943758K->266452K(1340416K), 0.0275570 secs] [Times: user=0.09 sys=0.00, real=0.03 secs] 
2014-07-16T03:01:18.484+0000: 2753.023: [GC [PSYoungGen: 653416K->516K(783872K)] 919188K->266432K(1470848K), 0.0224470 secs] [Times: user=0.08 sys=0.00, real=0.02 secs] 
2014-07-16T03:01:20.267+0000: 2754.806: [GC [PSYoungGen: 783812K->768K(940736K)] 1049728K->266804K(1627712K), 0.0247190 secs] [Times: user=0.07 sys=0.00, real=0.03 secs] 
2014-07-16T03:01:22.318+0000: 2756.857: [GC [PSYoungGen: 940736K->530K(1128576K)] 1206772K->266694K(1815552K), 0.0193370 secs] [Times: user=0.05 sys=0.00, real=0.02 secs] 
2014-07-16T03:01:24.854+0000: 2759.393: [GC [PSYoungGen: 1128522K->612K(1354240K)] 1394687K->266928K(2041216K), 0.0196110 secs] [Times: user=0.08 sys=0.00, real=0.02 secs] 
2014-07-16T03:01:27.955+0000: 2762.494: [GC [PSYoungGen: 1354212K->562K(1297344K)] 1620528K->267030K(1984320K), 0.0122080 secs] [Times: user=0.05 sys=0.00, real=0.01 secs] 
2014-07-16T03:01:30.874+0000: 2765.413: [GC [PSYoungGen: 1297330K->630K(1243328K)] 1563798K->267290K(1930304K), 0.0186290 secs] [Times: user=0.07 sys=0.00, real=0.01 secs] 
2014-07-16T03:01:33.625+0000: 2768.164: [GC [PSYoungGen: 1243318K->876K(1192128K)] 1509978K->267736K(1879104K), 0.0169400 secs] [Times: user=0.05 sys=0.00, real=0.02 secs] 
2014-07-16T03:01:36.403+0000: 2770.942: [GC [PSYoungGen: 1192108K->544K(1142848K)] 1458968K->267524K(1829824K), 0.0139910 secs] [Times: user=0.05 sys=0.00, real=0.02 secs] 
2014-07-16T03:01:38.895+0000: 2773.434: [GC [PSYoungGen: 1142814K->352K(1096064K)] 1409794K->267564K(1783040K), 0.0151160 secs] [Times: user=0.05 sys=0.00, real=0.01 secs] 
2014-07-16T03:01:41.342+0000: 2775.881: [GC [PSYoungGen: 1096032K->384K(1051776K)] 1363244K->267660K(1738752K), 0.0134710 secs] [Times: user=0.05 sys=0.00, real=0.01 secs] 
2014-07-16T03:01:43.648+0000: 2778.187: [GC [PSYoungGen: 1051776K->384K(1009600K)] 1319052K->267852K(1696576K), 0.0168830 secs] [Times: user=0.06 sys=0.00, real=0.01 secs] 
2014-07-16T03:01:45.939+0000: 2780.478: [GC [PSYoungGen: 1009600K->498K(969536K)] 1277068K->268070K(1656512K), 0.0151780 secs] [Times: user=0.05 sys=0.01, real=0.01 secs] 
2014-07-16T03:01:48.097+0000: 2782.636: [GC [PSYoungGen: 969522K->658K(931456K)] 1237094K->268438K(1618432K), 0.0351180 secs] [Times: user=0.14 sys=0.00, real=0.04 secs] 
2014-07-16T03:01:50.177+0000: 2784.716: [GC [PSYoungGen: 931410K->320K(1117248K)] 1199190K->268180K(1804224K), 0.0308830 secs] [Times: user=0.11 sys=0.00, real=0.04 secs] 
2014-07-16T03:01:52.672+0000: 2787.211: [GC [PSYoungGen: 1117244K->530K(1072128K)] 1385105K->268510K(1759104K), 0.0189630 secs] [Times: user=0.06 sys=0.00, real=0.02 secs] 
2014-07-16T03:01:55.066+0000: 2789.605: [GC [PSYoungGen: 1072082K->854K(1029312K)] 1340062K->269042K(1716288K), 0.0130780 secs] [Times: user=0.04 sys=0.00, real=0.02 secs] 
2014-07-16T03:01:57.391+0000: 2791.930: [GC [PSYoungGen: 1029270K->420K(987776K)] 1297458K->268736K(1674752K), 0.0149400 secs] [Times: user=0.05 sys=0.00, real=0.01 secs] 
2014-07-16T03:01:59.575+0000: 2794.114: [GC [PSYoungGen: 987748K->320K(948544K)] 1256064K->268796K(1635520K), 0.0068090 secs] [Times: user=0.02 sys=0.00, real=0.01 secs] 
2014-07-16T03:02:01.680+0000: 2796.219: [GC [PSYoungGen: 948544K->416K(911424K)] 1217020K->268988K(1598400K), 0.0345460 secs] [Times: user=0.13 sys=0.00, real=0.03 secs] 
2014-07-16T03:02:03.709+0000: 2798.248: [GC [PSYoungGen: 911392K->804K(1094016K)] 1179964K->269568K(1780992K), 0.0285590 secs] [Times: user=0.10 sys=0.01, real=0.03 secs] 
2014-07-16T03:02:06.256+0000: 2800.795: [GC [PSYoungGen: 1093932K->982K(1049984K)] 1362696K->269866K(1736960K), 0.0074750 secs] [Times: user=0.02 sys=0.00, real=0.01 secs] 
2014-07-16T03:02:08.572+0000: 2803.111: [GC [PSYoungGen: 1049942K->370K(1007296K)] 1318826K->269854K(1694272K), 0.0065340 secs] [Times: user=0.02 sys=0.00, real=0.00 secs] 
2014-07-16T03:02:10.850+0000: 2805.389: [GC [PSYoungGen: 1007282K->1256K(968128K)] 1276766K->270972K(1655104K), 0.0104500 secs] [Times: user=0.02 sys=0.00, real=0.01 secs] 
2014-07-16T03:02:12.928+0000: 2807.467: [GC [PSYoungGen: 968081K->544K(929280K)] 1237798K->270468K(1616256K), 0.0076130 secs] [Times: user=0.02 sys=0.00, real=0.01 secs] 
2014-07-16T03:02:14.970+0000: 2809.509: [GC [PSYoungGen: 929155K->470K(892928K)] 1199080K->270578K(1579904K), 0.0135730 secs] [Times: user=0.04 sys=0.01, real=0.02 secs] 
2014-07-16T03:02:17.066+0000: 2811.605: [GC [PSYoungGen: 892886K->594K(858496K)] 1162994K->270814K(1545472K), 0.0202820 secs] [Times: user=0.07 sys=0.00, real=0.02 secs] 
2014-07-16T03:02:19.032+0000: 2813.571: [GC [PSYoungGen: 858450K->818K(825728K)] 1128670K->271222K(1512704K), 0.0183000 secs] [Times: user=0.07 sys=0.00, real=0.01 secs] 
2014-07-16T03:02:20.829+0000: 2815.368: [GC [PSYoungGen: 825714K->694K(794176K)] 1096118K->271242K(1481152K), 0.0239280 secs] [Times: user=0.06 sys=0.00, real=0.03 secs] 
2014-07-16T03:02:22.566+0000: 2817.105: [GC [PSYoungGen: 794166K->320K(763904K)] 1064714K->270956K(1450880K), 0.0180560 secs] [Times: user=0.07 sys=0.00, real=0.02 secs] 
2014-07-16T03:02:24.234+0000: 2818.773: [GC [PSYoungGen: 763904K->224K(735296K)] 1034540K->271012K(1422272K), 0.0133910 secs] [Times: user=0.04 sys=0.00, real=0.01 secs] 
2014-07-16T03:02:25.856+0000: 2820.395: [GC [PSYoungGen: 735264K->480K(708352K)] 1006052K->271372K(1395328K), 0.0110020 secs] [Times: user=0.02 sys=0.00, real=0.01 secs] 
2014-07-16T03:02:27.525+0000: 2822.064: [GC [PSYoungGen: 708320K->352K(682304K)] 979212K->271332K(1369280K), 0.0065820 secs] [Times: user=0.02 sys=0.00, real=0.00 secs] 
2014-07-16T03:02:29.045+0000: 2823.584: [GC [PSYoungGen: 682272K->612K(657856K)] 953252K->271696K(1344832K), 0.0154230 secs] [Times: user=0.06 sys=0.00, real=0.01 secs] 
2014-07-16T03:02:30.482+0000: 2825.021: [GC [PSYoungGen: 657828K->452K(634176K)] 928912K->271648K(1321152K), 0.0078710 secs] [Times: user=0.01 sys=0.00, real=0.01 secs] 
2014-07-16T03:02:31.942+0000: 2826.481: [GC [PSYoungGen: 634116K->256K(611456K)] 905312K->271548K(1298432K), 0.0233690 secs] [Times: user=0.08 sys=0.00, real=0.03 secs] 
2014-07-16T03:02:33.295+0000: 2827.834: [GC [PSYoungGen: 611456K->256K(733696K)] 882748K->271700K(1420672K), 0.0384240 secs] [Times: user=0.14 sys=0.00, real=0.03 secs] 
2014-07-16T03:02:34.920+0000: 2829.459: [GC [PSYoungGen: 733696K->370K(880512K)] 1005140K->271902K(1567488K), 0.0066470 secs] [Times: user=0.02 sys=0.00, real=0.01 secs] 
2014-07-16T03:02:36.941+0000: 2831.480: [GC [PSYoungGen: 880429K->662K(1056896K)] 1151961K->272282K(1743872K), 0.0183590 secs] [Times: user=0.06 sys=0.00, real=0.02 secs] 
2014-07-16T03:02:39.337+0000: 2833.876: [GC [PSYoungGen: 1056854K->1060K(1014848K)] 1328474K->272848K(1701824K), 0.0047120 secs] [Times: user=0.02 sys=0.01, real=0.00 secs] 
2014-07-16T03:02:41.625+0000: 2836.164: [GC [PSYoungGen: 1014820K->434K(973824K)] 1286608K->272414K(1660800K), 0.0197280 secs] [Times: user=0.06 sys=0.01, real=0.02 secs] 
2014-07-16T03:02:43.745+0000: 2838.284: [GC [PSYoungGen: 973810K->448K(935360K)] 1245790K->272644K(1622336K), 0.0184490 secs] [Times: user=0.05 sys=0.00, real=0.02 secs] 
2014-07-16T03:02:45.826+0000: 2840.365: [GC [PSYoungGen: 935360K->370K(898688K)] 1207556K->272662K(1585664K), 0.0050310 secs] [Times: user=0.02 sys=0.01, real=0.00 secs] 
2014-07-16T03:02:47.884+0000: 2842.423: [GC [PSYoungGen: 898674K->772K(864256K)] 1170966K->273176K(1551232K), 0.0060140 secs] [Times: user=0.02 sys=0.01, real=0.01 secs] 
2014-07-16T03:02:49.846+0000: 2844.385: [GC [PSYoungGen: 864196K->914K(831168K)] 1136600K->273438K(1518144K), 0.0117360 secs] [Times: user=0.02 sys=0.00, real=0.02 secs] 
2014-07-16T03:02:51.734+0000: 2846.273: [GC [PSYoungGen: 831118K->672K(799296K)] 1103642K->273308K(1486272K), 0.0089260 secs] [Times: user=0.02 sys=0.00, real=0.01 secs] 
2014-07-16T03:02:53.460+0000: 2847.999: [GC [PSYoungGen: 799184K->950K(769408K)] 1071820K->273770K(1456384K), 0.0321520 secs] [Times: user=0.12 sys=0.00, real=0.03 secs] 
2014-07-16T03:02:55.149+0000: 2849.688: [GC [PSYoungGen: 769398K->384K(740096K)] 1042218K->273300K(1427072K), 0.0137490 secs] [Times: user=0.04 sys=0.00, real=0.01 secs] 
2014-07-16T03:02:56.852+0000: 2851.391: [GC [PSYoungGen: 740096K->672K(713024K)] 1013012K->273708K(1400000K), 0.0121900 secs] [Times: user=0.04 sys=0.00, real=0.01 secs] 
2014-07-16T03:02:58.418+0000: 2852.957: [GC [PSYoungGen: 712992K->466K(686720K)] 986028K->273622K(1373696K), 0.0070990 secs] [Times: user=0.01 sys=0.00, real=0.00 secs] 
2014-07-16T03:02:59.933+0000: 2854.472: [GC [PSYoungGen: 686609K->352K(661696K)] 959766K->273628K(1348672K), 0.0240340 secs] [Times: user=0.07 sys=0.00, real=0.02 secs] 
2014-07-16T03:03:01.401+0000: 2855.939: [GC [PSYoungGen: 661664K->402K(638016K)] 934940K->273774K(1324992K), 0.0115050 secs] [Times: user=0.05 sys=0.00, real=0.01 secs] 
2014-07-16T03:03:02.847+0000: 2857.386: [GC [PSYoungGen: 637970K->338K(615296K)] 911342K->273838K(1302272K), 0.0112300 secs] [Times: user=0.05 sys=0.00, real=0.02 secs] 
2014-07-16T03:03:04.207+0000: 2858.746: [GC [PSYoungGen: 615250K->434K(593728K)] 888750K->274062K(1280704K), 0.0160320 secs] [Times: user=0.05 sys=0.00, real=0.02 secs] 
2014-07-16T03:03:05.515+0000: 2860.054: [GC [PSYoungGen: 593714K->338K(572992K)] 867342K->274038K(1259968K), 0.0109760 secs] [Times: user=0.03 sys=0.00, real=0.01 secs] 
2014-07-16T03:03:06.854+0000: 2861.393: [GC [PSYoungGen: 572946K->630K(553536K)] 846646K->274402K(1240512K), 0.0087870 secs] [Times: user=0.04 sys=0.00, real=0.01 secs] 
2014-07-16T03:03:08.019+0000: 2862.558: [GC [PSYoungGen: 553526K->466K(534592K)] 827298K->274342K(1221568K), 0.0055610 secs] [Times: user=0.01 sys=0.00, real=0.00 secs] 
2014-07-16T03:03:09.246+0000: 2863.785: [GC [PSYoungGen: 534546K->320K(516416K)] 808422K->274236K(1203392K), 0.0111250 secs] [Times: user=0.04 sys=0.00, real=0.01 secs] 
2014-07-16T03:03:10.368+0000: 2864.907: [GC [PSYoungGen: 516416K->320K(499264K)] 790332K->274316K(1186240K), 0.0092570 secs] [Times: user=0.03 sys=0.00, real=0.01 secs] 
2014-07-16T03:03:11.478+0000: 2866.017: [GC [PSYoungGen: 499264K->320K(482816K)] 773260K->274380K(1169792K), 0.0171620 secs] [Times: user=0.07 sys=0.00, real=0.02 secs] 
2014-07-16T03:03:12.592+0000: 2867.131: [GC [PSYoungGen: 482816K->580K(579648K)] 756876K->274712K(1266624K), 0.0163350 secs] [Times: user=0.06 sys=0.00, real=0.01 secs] 
2014-07-16T03:03:13.865+0000: 2868.404: [GC [PSYoungGen: 579588K->452K(559488K)] 853720K->274696K(1246464K), 0.0050060 secs] [Times: user=0.01 sys=0.00, real=0.01 secs] 
2014-07-16T03:03:15.107+0000: 2869.646: [GC [PSYoungGen: 559428K->818K(540736K)] 833672K->275134K(1227712K), 0.0076160 secs] [Times: user=0.02 sys=0.00, real=0.01 secs] 
2014-07-16T03:03:16.270+0000: 2870.809: [GC [PSYoungGen: 540722K->160K(521856K)] 815038K->274548K(1208832K), 0.0065910 secs] [Times: user=0.01 sys=0.00, real=0.00 secs] 
2014-07-16T03:03:17.507+0000: 2872.046: [GC [PSYoungGen: 521824K->680K(504960K)] 796212K->275124K(1191936K), 0.0133000 secs] [Times: user=0.04 sys=0.00, real=0.02 secs] 
2014-07-16T03:03:18.623+0000: 2873.162: [GC [PSYoungGen: 504936K->804K(605952K)] 779380K->275368K(1292928K), 0.0287230 secs] [Times: user=0.11 sys=0.00, real=0.03 secs] 
2014-07-16T03:03:20.018+0000: 2874.557: [GC [PSYoungGen: 605920K->690K(726848K)] 880485K->275398K(1413824K), 0.0235100 secs] [Times: user=0.09 sys=0.00, real=0.03 secs] 
2014-07-16T03:03:21.620+0000: 2876.159: [GC [PSYoungGen: 726834K->480K(871936K)] 1001542K->275284K(1558912K), 0.0403580 secs] [Times: user=0.15 sys=0.00, real=0.04 secs] 
2014-07-16T03:03:23.572+0000: 2878.111: [GC [PSYoungGen: 871904K->480K(1046272K)] 1146708K->275436K(1733248K), 0.0295280 secs] [Times: user=0.10 sys=0.00, real=0.03 secs] 
2014-07-16T03:03:25.862+0000: 2880.401: [GC [PSYoungGen: 1046240K->288K(1255232K)] 1321196K->275380K(1942208K), 0.0040380 secs] [Times: user=0.01 sys=0.00, real=0.01 secs] 
2014-07-16T03:03:28.660+0000: 2883.199: [GC [PSYoungGen: 1255200K->384K(1331264K)] 1530292K->275604K(2018240K), 0.0389780 secs] [Times: user=0.15 sys=0.00, real=0.04 secs] 
2014-07-16T03:03:31.625+0000: 2886.164: [GC [PSYoungGen: 1330560K->434K(1331264K)] 1605780K->275774K(2018240K), 0.0182440 secs] [Times: user=0.06 sys=0.00, real=0.02 secs] 
2014-07-16T03:03:34.600+0000: 2889.139: [GC [PSYoungGen: 1330610K->544K(1275072K)] 1605950K->276092K(1962048K), 0.0162170 secs] [Times: user=0.06 sys=0.00, real=0.02 secs] 
2014-07-16T03:03:37.470+0000: 2892.009: [GC [PSYoungGen: 1275040K->530K(1222080K)] 1550588K->276238K(1909056K), 0.0212670 secs] [Times: user=0.08 sys=0.00, real=0.02 secs] 
2014-07-16T03:03:40.265+0000: 2894.804: [GC [PSYoungGen: 1222033K->804K(1171904K)] 1497742K->276736K(1858880K), 0.0081870 secs] [Times: user=0.02 sys=0.00, real=0.00 secs] 
2014-07-16T03:03:42.859+0000: 2897.397: [GC [PSYoungGen: 1171876K->420K(1123584K)] 1447808K->276512K(1810560K), 0.0067240 secs] [Times: user=0.02 sys=0.00, real=0.01 secs] 
2014-07-16T03:03:45.334+0000: 2899.873: [GC [PSYoungGen: 1123556K->370K(1077888K)] 1399648K->276646K(1764864K), 0.0209280 secs] [Times: user=0.07 sys=0.01, real=0.03 secs] 
2014-07-16T03:03:47.822+0000: 2902.361: [GC [PSYoungGen: 1077874K->598K(1034688K)] 1354150K->276986K(1721664K), 0.0060580 secs] [Times: user=0.01 sys=0.00, real=0.01 secs] 
2014-07-16T03:03:50.137+0000: 2904.676: [GC [PSYoungGen: 1034646K->516K(993280K)] 1311034K->277064K(1680256K), 0.0125990 secs] [Times: user=0.05 sys=0.00, real=0.01 secs] 
2014-07-16T03:03:52.477+0000: 2907.016: [GC [PSYoungGen: 993220K->932K(954304K)] 1269768K->277858K(1641280K), 0.0332370 secs] [Times: user=0.11 sys=0.00, real=0.03 secs] 
2014-07-16T03:03:54.586+0000: 2909.125: [GC [PSYoungGen: 954276K->434K(916288K)] 1231202K->277576K(1603264K), 0.0054320 secs] [Times: user=0.02 sys=0.00, real=0.01 secs] 
2014-07-16T03:03:56.627+0000: 2911.166: [GC [PSYoungGen: 916274K->1046K(881216K)] 1193416K->278364K(1568192K), 0.0224040 secs] [Times: user=0.07 sys=0.00, real=0.02 secs] 
2014-07-16T03:03:58.650+0000: 2913.189: [GC [PSYoungGen: 881174K->434K(846592K)] 1158492K->277864K(1533568K), 0.0256220 secs] [Times: user=0.09 sys=0.00, real=0.02 secs] 
2014-07-16T03:04:00.553+0000: 2915.092: [GC [PSYoungGen: 846488K->740K(814528K)] 1123919K->278330K(1501504K), 0.0158720 secs] [Times: user=0.05 sys=0.00, real=0.02 secs] 
2014-07-16T03:04:02.345+0000: 2916.884: [GC [PSYoungGen: 814500K->448K(783360K)] 1092090K->278142K(1470336K), 0.0059000 secs] [Times: user=0.01 sys=0.00, real=0.01 secs] 
2014-07-16T03:04:04.104+0000: 2918.643: [GC [PSYoungGen: 783360K->544K(754048K)] 1061054K->278374K(1441024K), 0.0074680 secs] [Times: user=0.02 sys=0.00, real=0.01 secs] 
2014-07-16T03:04:05.767+0000: 2920.306: [GC [PSYoungGen: 754016K->850K(726336K)] 1031846K->278816K(1413312K), 0.0268430 secs] [Times: user=0.10 sys=0.00, real=0.03 secs] 
2014-07-16T03:04:07.367+0000: 2921.906: [GC [PSYoungGen: 726290K->562K(871104K)] 1004256K->278624K(1558080K), 0.0250400 secs] [Times: user=0.09 sys=0.00, real=0.03 secs] 
2014-07-16T03:04:09.356+0000: 2923.895: [GC [PSYoungGen: 871090K->448K(837440K)] 1149152K->278598K(1524416K), 0.0091460 secs] [Times: user=0.02 sys=0.00, real=0.01 secs] 
2014-07-16T03:04:11.441+0000: 2925.980: [GC [PSYoungGen: 837440K->900K(806016K)] 1115590K->279186K(1492992K), 0.0222840 secs] [Times: user=0.05 sys=0.01, real=0.02 secs] 
2014-07-16T03:04:13.245+0000: 2927.784: [GC [PSYoungGen: 805956K->580K(775232K)] 1084242K->279122K(1462208K), 0.0073800 secs] [Times: user=0.02 sys=0.01, real=0.01 secs] 
2014-07-16T03:04:14.953+0000: 2929.492: [GC [PSYoungGen: 775172K->402K(745984K)] 1053714K->279080K(1432960K), 0.0152100 secs] [Times: user=0.05 sys=0.00, real=0.01 secs] 
2014-07-16T03:04:16.598+0000: 2931.137: [GC [PSYoungGen: 745938K->434K(718336K)] 1024616K->279200K(1405312K), 0.0058950 secs] [Times: user=0.02 sys=0.00, real=0.01 secs] 
2014-07-16T03:04:18.248+0000: 2932.787: [GC [PSYoungGen: 718322K->520K(692096K)] 997088K->279366K(1379072K), 0.0207580 secs] [Times: user=0.08 sys=0.00, real=0.02 secs] 
2014-07-16T03:04:19.778+0000: 2934.317: [GC [PSYoungGen: 692040K->434K(666816K)] 970886K->279384K(1353792K), 0.0178760 secs] [Times: user=0.06 sys=0.00, real=0.02 secs] 
2014-07-16T03:04:21.272+0000: 2935.811: [GC [PSYoungGen: 666802K->1000K(643392K)] 945752K->280030K(1330368K), 0.0076070 secs] [Times: user=0.02 sys=0.00, real=0.01 secs] 
2014-07-16T03:04:22.682+0000: 2937.221: [GC [PSYoungGen: 643368K->256K(619712K)] 922398K->279406K(1306688K), 0.0048220 secs] [Times: user=0.02 sys=0.00, real=0.00 secs] 
2014-07-16T03:04:24.107+0000: 2938.646: [GC [PSYoungGen: 619712K->384K(598016K)] 898862K->279638K(1284992K), 0.0061600 secs] [Times: user=0.01 sys=0.00, real=0.01 secs] 
2014-07-16T03:04:25.419+0000: 2939.958: [GC [PSYoungGen: 598016K->324K(577152K)] 877270K->279682K(1264128K), 0.0127100 secs] [Times: user=0.05 sys=0.00, real=0.02 secs] 
2014-07-16T03:04:26.700+0000: 2941.239: [GC [PSYoungGen: 577092K->676K(692864K)] 856450K->280090K(1379840K), 0.0320000 secs] [Times: user=0.12 sys=0.00, real=0.04 secs] 
2014-07-16T03:04:28.231+0000: 2942.770: [GC [PSYoungGen: 692836K->772K(831424K)] 972250K->280250K(1518400K), 0.0188100 secs] [Times: user=0.07 sys=0.00, real=0.01 secs] 
2014-07-16T03:04:30.064+0000: 2944.603: [GC [PSYoungGen: 831364K->288K(997056K)] 1110842K->279838K(1684032K), 0.0216330 secs] [Times: user=0.07 sys=0.00, real=0.02 secs] 
2014-07-16T03:04:32.365+0000: 2946.904: [GC [PSYoungGen: 997024K->672K(1196800K)] 1276574K->280326K(1883776K), 0.0167040 secs] [Times: user=0.06 sys=0.00, real=0.02 secs] 
2014-07-16T03:04:35.135+0000: 2949.674: [GC [PSYoungGen: 1196768K->658K(1436032K)] 1476422K->280552K(2123008K), 0.0248980 secs] [Times: user=0.08 sys=0.00, real=0.02 secs] 
2014-07-16T03:04:38.350+0000: 2952.889: [GC [PSYoungGen: 1435962K->758K(1375296K)] 1715856K->280828K(2062272K), 0.0069760 secs] [Times: user=0.01 sys=0.00, real=0.01 secs] 
2014-07-16T03:04:41.388+0000: 2955.927: [GC [PSYoungGen: 1375286K->768K(1317440K)] 1655356K->280974K(2004416K), 0.0129720 secs] [Times: user=0.04 sys=0.00, real=0.01 secs] 
2014-07-16T03:04:44.401+0000: 2958.940: [GC [PSYoungGen: 1317401K->548K(1262208K)] 1597607K->280914K(1949184K), 0.0121840 secs] [Times: user=0.04 sys=0.00, real=0.01 secs] 
2014-07-16T03:04:47.174+0000: 2961.713: [GC [PSYoungGen: 1262180K->416K(1209728K)] 1542546K->281030K(1896704K), 0.0148690 secs] [Times: user=0.03 sys=0.00, real=0.02 secs] 
2014-07-16T03:04:49.916+0000: 2964.455: [GC [PSYoungGen: 1209696K->562K(1160064K)] 1490310K->281272K(1847040K), 0.0144890 secs] [Times: user=0.05 sys=0.00, real=0.01 secs] 
2014-07-16T03:04:52.512+0000: 2967.051: [GC [PSYoungGen: 1160048K->744K(1112832K)] 1440758K->281630K(1799808K), 0.0262620 secs] [Times: user=0.08 sys=0.00, real=0.03 secs] 
2014-07-16T03:04:55.019+0000: 2969.557: [GC [PSYoungGen: 1112808K->896K(1067840K)] 1393694K->282014K(1754816K), 0.0170570 secs] [Times: user=0.06 sys=0.01, real=0.02 secs] 
2014-07-16T03:04:57.349+0000: 2971.888: [GC [PSYoungGen: 1067840K->320K(1024320K)] 1348958K->281598K(1711296K), 0.0065780 secs] [Times: user=0.01 sys=0.00, real=0.01 secs] 
2014-07-16T03:04:59.664+0000: 2974.203: [GC [PSYoungGen: 1024320K->416K(983552K)] 1305598K->281790K(1670528K), 0.0264780 secs] [Times: user=0.10 sys=0.00, real=0.03 secs] 
2014-07-16T03:05:01.870+0000: 2976.409: [GC [PSYoungGen: 983426K->630K(944832K)] 1264801K->282116K(1631808K), 0.0057770 secs] [Times: user=0.02 sys=0.00, real=0.00 secs] 
2014-07-16T03:05:04.041+0000: 2978.580: [GC [PSYoungGen: 944821K->790K(907968K)] 1226307K->282468K(1594944K), 0.0265980 secs] [Times: user=0.10 sys=0.00, real=0.03 secs] 
2014-07-16T03:05:06.030+0000: 2980.569: [GC [PSYoungGen: 907922K->832K(872704K)] 1189601K->282718K(1559680K), 0.0271940 secs] [Times: user=0.08 sys=0.00, real=0.03 secs] 
2014-07-16T03:05:07.945+0000: 2982.484: [GC [PSYoungGen: 872640K->338K(838656K)] 1154526K->282312K(1525632K), 0.0063320 secs] [Times: user=0.01 sys=0.00, real=0.01 secs] 
2014-07-16T03:05:09.808+0000: 2984.347: [GC [PSYoungGen: 838610K->416K(806720K)] 1120584K->282478K(1493696K), 0.0073920 secs] [Times: user=0.02 sys=0.00, real=0.00 secs] 
2014-07-16T03:05:11.582+0000: 2986.121: [GC [PSYoungGen: 806635K->580K(776384K)] 1088698K->282746K(1463360K), 0.0113960 secs] [Times: user=0.05 sys=0.00, real=0.01 secs] 
2014-07-16T03:05:13.343+0000: 2987.882: [GC [PSYoungGen: 776324K->466K(747200K)] 1058490K->282760K(1434176K), 0.0162630 secs] [Times: user=0.05 sys=0.00, real=0.02 secs] 
2014-07-16T03:05:15.049+0000: 2989.588: [GC [PSYoungGen: 747154K->672K(719680K)] 1029448K->283134K(1406656K), 0.0090320 secs] [Times: user=0.02 sys=0.00, real=0.00 secs] 
2014-07-16T03:05:16.632+0000: 2991.171: [GC [PSYoungGen: 719648K->416K(692992K)] 1002110K->283006K(1379968K), 0.0263970 secs] [Times: user=0.10 sys=0.00, real=0.03 secs] 
2014-07-16T03:05:18.159+0000: 2992.698: [GC [PSYoungGen: 692960K->352K(667712K)] 975550K->283030K(1354688K), 0.0143350 secs] [Times: user=0.04 sys=0.00, real=0.02 secs] 
2014-07-16T03:05:19.656+0000: 2994.195: [GC [PSYoungGen: 667680K->406K(643712K)] 950358K->283148K(1330688K), 0.0107670 secs] [Times: user=0.03 sys=0.00, real=0.01 secs] 
2014-07-16T03:05:21.092+0000: 2995.631: [GC [PSYoungGen: 643670K->612K(620992K)] 926412K->283450K(1307968K), 0.0055460 secs] [Times: user=0.02 sys=0.00, real=0.00 secs] 
2014-07-16T03:05:22.463+0000: 2997.002: [GC [PSYoungGen: 620964K->384K(598848K)] 903802K->283310K(1285824K), 0.0068020 secs] [Times: user=0.02 sys=0.00, real=0.01 secs] 
2014-07-16T03:05:23.903+0000: 2998.442: [GC [PSYoungGen: 598848K->932K(719168K)] 881774K->284122K(1406144K), 0.0369330 secs] [Times: user=0.15 sys=0.00, real=0.04 secs] 
2014-07-16T03:05:25.455+0000: 2999.994: [GC [PSYoungGen: 719140K->416K(862336K)] 1002330K->283718K(1549312K), 0.0149900 secs] [Times: user=0.04 sys=0.00, real=0.02 secs] 
2014-07-16T03:05:27.350+0000: 3001.889: [GC [PSYoungGen: 862304K->224K(828992K)] 1145606K->283654K(1515968K), 0.0049700 secs] [Times: user=0.01 sys=0.00, real=0.00 secs] 
2014-07-16T03:05:29.233+0000: 3003.772: [GC [PSYoungGen: 828960K->534K(797760K)] 1112390K->284028K(1484736K), 0.0056940 secs] [Times: user=0.01 sys=0.00, real=0.00 secs] 
2014-07-16T03:05:31.007+0000: 3005.546: [GC [PSYoungGen: 797713K->480K(957184K)] 1081208K->284078K(1644160K), 0.0374050 secs] [Times: user=0.14 sys=0.00, real=0.04 secs] 
2014-07-16T03:05:33.124+0000: 3007.663: [GC [PSYoungGen: 957067K->580K(919680K)] 1240666K->284290K(1606656K), 0.0055730 secs] [Times: user=0.02 sys=0.00, real=0.00 secs] 
2014-07-16T03:05:35.243+0000: 3009.782: [GC [PSYoungGen: 919620K->648K(883904K)] 1203330K->284494K(1570880K), 0.0056480 secs] [Times: user=0.02 sys=0.00, real=0.00 secs] 
2014-07-16T03:05:37.183+0000: 3011.722: [GC [PSYoungGen: 883804K->712K(849792K)] 1167650K->284742K(1536768K), 0.0213770 secs] [Times: user=0.08 sys=0.00, real=0.02 secs] 
2014-07-16T03:05:39.130+0000: 3013.669: [GC [PSYoungGen: 849736K->612K(817152K)] 1133766K->284834K(1504128K), 0.0099180 secs] [Times: user=0.02 sys=0.00, real=0.01 secs] 
2014-07-16T03:05:40.887+0000: 3015.426: [GC [PSYoungGen: 817124K->544K(980416K)] 1101346K->284910K(1667392K), 0.0405790 secs] [Times: user=0.15 sys=0.01, real=0.04 secs] 
2014-07-16T03:05:43.045+0000: 3017.584: [GC [PSYoungGen: 980384K->800K(941888K)] 1264750K->285294K(1628864K), 0.0071130 secs] [Times: user=0.03 sys=0.00, real=0.00 secs] 
2014-07-16T03:05:45.281+0000: 3019.820: [GC [PSYoungGen: 941856K->530K(904704K)] 1226350K->285152K(1591680K), 0.0223330 secs] [Times: user=0.08 sys=0.00, real=0.03 secs] 
2014-07-16T03:05:47.277+0000: 3021.816: [GC [PSYoungGen: 904658K->306K(869312K)] 1189280K->285120K(1556288K), 0.0171630 secs] [Times: user=0.06 sys=0.00, real=0.02 secs] 
2014-07-16T03:05:49.285+0000: 3023.824: [GC [PSYoungGen: 869297K->1064K(836608K)] 1154112K->285966K(1523584K), 0.0067620 secs] [Times: user=0.02 sys=0.00, real=0.00 secs] 
2014-07-16T03:05:51.115+0000: 3025.654: [GC [PSYoungGen: 836584K->822K(804480K)] 1121486K->286284K(1491456K), 0.0082250 secs] [Times: user=0.02 sys=0.01, real=0.00 secs] 
2014-07-16T03:05:52.937+0000: 3027.476: [GC [PSYoungGen: 804470K->968K(774272K)] 1089932K->286542K(1461248K), 0.0358980 secs] [Times: user=0.13 sys=0.00, real=0.03 secs] 
2014-07-16T03:05:54.793+0000: 3029.332: [GC [PSYoungGen: 774214K->648K(928640K)] 1059789K->286462K(1615616K), 0.0416260 secs] [Times: user=0.16 sys=0.00, real=0.05 secs] 
2014-07-16T03:05:56.842+0000: 3031.381: [GC [PSYoungGen: 928584K->274K(1113856K)] 1214398K->286264K(1800832K), 0.0425050 secs] [Times: user=0.15 sys=0.00, real=0.04 secs] 
2014-07-16T03:05:59.420+0000: 3033.959: [GC [PSYoungGen: 1113810K->946K(1337216K)] 1399800K->287032K(2024192K), 0.0073990 secs] [Times: user=0.02 sys=0.00, real=0.01 secs] 
2014-07-16T03:06:02.343+0000: 3036.882: [GC [PSYoungGen: 1337130K->644K(1563328K)] 1623216K->286874K(2250304K), 0.0171410 secs] [Times: user=0.06 sys=0.00, real=0.02 secs] 
2014-07-16T03:06:05.896+0000: 3040.435: [GC [PSYoungGen: 1562564K->530K(1495488K)] 1848794K->286944K(2182464K), 0.0235930 secs] [Times: user=0.09 sys=0.00, real=0.03 secs] 
2014-07-16T03:06:09.197+0000: 3043.736: [GC [PSYoungGen: 1495442K->434K(1431616K)] 1781856K->287112K(2118592K), 0.0141910 secs] [Times: user=0.04 sys=0.00, real=0.01 secs] 
2014-07-16T03:06:12.394+0000: 3046.933: [GC [PSYoungGen: 1431602K->800K(1371392K)] 1718280K->287590K(2058368K), 0.0239040 secs] [Times: user=0.08 sys=0.00, real=0.03 secs] 
2014-07-16T03:06:15.535+0000: 3050.074: [GC [PSYoungGen: 1371360K->466K(1313408K)] 1658150K->287480K(2000384K), 0.0096330 secs] [Times: user=0.04 sys=0.00, real=0.01 secs] 
2014-07-16T03:06:18.413+0000: 3052.951: [GC [PSYoungGen: 1313332K->552K(1258624K)] 1600347K->287798K(1945600K), 0.0235070 secs] [Times: user=0.09 sys=0.00, real=0.02 secs] 
2014-07-16T03:06:21.242+0000: 3055.781: [GC [PSYoungGen: 1258600K->448K(1206336K)] 1545846K->287790K(1893312K), 0.0149560 secs] [Times: user=0.06 sys=0.00, real=0.01 secs] 
2014-07-16T03:06:23.883+0000: 3058.422: [GC [PSYoungGen: 1206336K->772K(1157056K)] 1493678K->288338K(1844032K), 0.0148220 secs] [Times: user=0.05 sys=0.00, real=0.01 secs] 
2014-07-16T03:06:26.527+0000: 3061.066: [GC [PSYoungGen: 1156977K->612K(1109632K)] 1444543K->288314K(1796608K), 0.0082920 secs] [Times: user=0.02 sys=0.00, real=0.01 secs] 
2014-07-16T03:06:28.953+0000: 3063.492: [GC [PSYoungGen: 1109604K->352K(1064384K)] 1397306K->288270K(1751360K), 0.0094960 secs] [Times: user=0.01 sys=0.01, real=0.01 secs] 
2014-07-16T03:06:31.315+0000: 3065.854: [GC [PSYoungGen: 1064352K->434K(1021632K)] 1352270K->288424K(1708608K), 0.0465380 secs] [Times: user=0.17 sys=0.00, real=0.05 secs] 
2014-07-16T03:06:33.611+0000: 3068.150: [GC [PSYoungGen: 1021618K->594K(981056K)] 1309608K->288784K(1668032K), 0.0079340 secs] [Times: user=0.03 sys=0.00, real=0.00 secs] 
2014-07-16T03:06:35.815+0000: 3070.354: [GC [PSYoungGen: 981010K->904K(942592K)] 1269200K->289254K(1629568K), 0.0075330 secs] [Times: user=0.02 sys=0.00, real=0.01 secs] 
2014-07-16T03:06:37.865+0000: 3072.404: [GC [PSYoungGen: 942536K->224K(904960K)] 1230886K->288702K(1591936K), 0.0133770 secs] [Times: user=0.04 sys=0.00, real=0.01 secs] 
2014-07-16T03:06:39.976+0000: 3074.515: [GC [PSYoungGen: 904928K->1152K(870656K)] 1193406K->289710K(1557632K), 0.0099420 secs] [Times: user=0.02 sys=0.00, real=0.01 secs] 
2014-07-16T03:06:41.841+0000: 3076.380: [GC [PSYoungGen: 870656K->576K(836608K)] 1159214K->289230K(1523584K), 0.0286250 secs] [Times: user=0.11 sys=0.00, real=0.03 secs] 
2014-07-16T03:06:43.675+0000: 3078.214: [GC [PSYoungGen: 836608K->192K(804288K)] 1125262K->288998K(1491264K), 0.0052630 secs] [Times: user=0.01 sys=0.00, real=0.00 secs] 
2014-07-16T03:06:45.557+0000: 3080.096: [GC [PSYoungGen: 804288K->740K(774464K)] 1093094K->289650K(1461440K), 0.0139890 secs] [Times: user=0.05 sys=0.01, real=0.01 secs] 
2014-07-16T03:06:47.314+0000: 3081.853: [GC [PSYoungGen: 774436K->352K(745088K)] 1063346K->289446K(1432064K), 0.0121660 secs] [Times: user=0.04 sys=0.00, real=0.01 secs] 
2014-07-16T03:06:48.951+0000: 3083.490: [GC [PSYoungGen: 745056K->356K(717440K)] 1034150K->289562K(1404416K), 0.0175470 secs] [Times: user=0.06 sys=0.00, real=0.02 secs] 
2014-07-16T03:06:50.626+0000: 3085.165: [GC [PSYoungGen: 717411K->320K(691008K)] 1006618K->289582K(1377984K), 0.0141380 secs] [Times: user=0.05 sys=0.00, real=0.01 secs] 
2014-07-16T03:06:52.149+0000: 3086.688: [GC [PSYoungGen: 691008K->352K(665984K)] 980270K->289766K(1352960K), 0.0060260 secs] [Times: user=0.02 sys=0.00, real=0.01 secs] 
2014-07-16T03:06:53.645+0000: 3088.184: [GC [PSYoungGen: 665952K->544K(642240K)] 955366K->290070K(1329216K), 0.0266270 secs] [Times: user=0.09 sys=0.00, real=0.02 secs] 
2014-07-16T03:06:55.151+0000: 3089.690: [GC [PSYoungGen: 642208K->1088K(619904K)] 931734K->290758K(1306880K), 0.0138980 secs] [Times: user=0.03 sys=0.00, real=0.02 secs] 
2014-07-16T03:06:56.552+0000: 3091.091: [GC [PSYoungGen: 619904K->384K(597376K)] 909574K->290166K(1284352K), 0.0117280 secs] [Times: user=0.03 sys=0.00, real=0.02 secs] 
2014-07-16T03:06:57.856+0000: 3092.395: [GC [PSYoungGen: 597376K->338K(576576K)] 887158K->290248K(1263552K), 0.0054560 secs] [Times: user=0.02 sys=0.00, real=0.00 secs] 
2014-07-16T03:06:59.157+0000: 3093.696: [GC [PSYoungGen: 576530K->512K(556800K)] 866440K->290462K(1243776K), 0.0059800 secs] [Times: user=0.01 sys=0.00, real=0.00 secs] 
2014-07-16T03:07:00.445+0000: 3094.984: [GC [PSYoungGen: 556800K->644K(537984K)] 846750K->290706K(1224960K), 0.0182260 secs] [Times: user=0.06 sys=0.00, real=0.01 secs] 
2014-07-16T03:07:01.619+0000: 3096.158: [GC [PSYoungGen: 537924K->192K(519360K)] 827986K->290358K(1206336K), 0.0075310 secs] [Times: user=0.02 sys=0.00, real=0.01 secs] 
2014-07-16T03:07:02.760+0000: 3097.299: [GC [PSYoungGen: 519360K->352K(502208K)] 809526K->290606K(1189184K), 0.0096370 secs] [Times: user=0.03 sys=0.00, real=0.01 secs] 
2014-07-16T03:07:03.870+0000: 3098.409: [GC [PSYoungGen: 502176K->402K(485696K)] 792430K->290736K(1172672K), 0.0079160 secs] [Times: user=0.01 sys=0.00, real=0.01 secs] 
2014-07-16T03:07:04.945+0000: 3099.484: [GC [PSYoungGen: 485650K->594K(582976K)] 775984K->290976K(1269952K), 0.0207640 secs] [Times: user=0.07 sys=0.00, real=0.02 secs] 
2014-07-16T03:07:06.302+0000: 3100.841: [GC [PSYoungGen: 582930K->562K(699392K)] 873312K->291008K(1386368K), 0.0292940 secs] [Times: user=0.11 sys=0.00, real=0.03 secs] 
2014-07-16T03:07:07.892+0000: 3102.431: [GC [PSYoungGen: 699378K->352K(838976K)] 989824K->290918K(1525952K), 0.0094220 secs] [Times: user=0.02 sys=0.00, real=0.01 secs] 
2014-07-16T03:07:09.719+0000: 3104.258: [GC [PSYoungGen: 838944K->256K(1006592K)] 1129510K->290918K(1693568K), 0.0198980 secs] [Times: user=0.08 sys=0.00, real=0.02 secs] 
2014-07-16T03:07:12.008+0000: 3106.547: [GC [PSYoungGen: 1006592K->530K(966912K)] 1297254K->291240K(1653888K), 0.0107360 secs] [Times: user=0.03 sys=0.00, real=0.01 secs] 
2014-07-16T03:07:14.162+0000: 3108.701: [GC [PSYoungGen: 966864K->384K(928640K)] 1257575K->291294K(1615616K), 0.0086570 secs] [Times: user=0.02 sys=0.00, real=0.01 secs] 
2014-07-16T03:07:16.301+0000: 3110.840: [GC [PSYoungGen: 928640K->352K(892352K)] 1219550K->291382K(1579328K), 0.0229550 secs] [Times: user=0.08 sys=0.00, real=0.02 secs] 
2014-07-16T03:07:18.330+0000: 3112.869: [GC [PSYoungGen: 892320K->320K(857728K)] 1183350K->291502K(1544704K), 0.0226390 secs] [Times: user=0.08 sys=0.00, real=0.02 secs] 
2014-07-16T03:07:20.242+0000: 3114.781: [GC [PSYoungGen: 857728K->160K(1029120K)] 1148910K->291438K(1716096K), 0.0460030 secs] [Times: user=0.16 sys=0.00, real=0.05 secs] 
2014-07-16T03:07:22.577+0000: 3117.116: [GC [PSYoungGen: 1029088K->844K(1235648K)] 1320366K->292218K(1922624K), 0.0258800 secs] [Times: user=0.10 sys=0.00, real=0.03 secs] 
2014-07-16T03:07:25.304+0000: 3119.843: [GC [PSYoungGen: 1235544K->498K(1482240K)] 1526919K->292072K(2169216K), 0.0199730 secs] [Times: user=0.06 sys=0.00, real=0.02 secs] 
2014-07-16T03:07:28.694+0000: 3123.233: [GC [PSYoungGen: 1482226K->466K(1419136K)] 1773800K->292176K(2106112K), 0.0106120 secs] [Times: user=0.04 sys=0.00, real=0.01 secs] 
2014-07-16T03:07:31.844+0000: 3126.383: [GC [PSYoungGen: 1419090K->480K(1359168K)] 1710800K->292414K(2046144K), 0.0225900 secs] [Times: user=0.08 sys=0.00, real=0.02 secs] 
2014-07-16T03:07:34.844+0000: 3129.383: [GC [PSYoungGen: 1359136K->402K(1302016K)] 1651070K->292544K(1988992K), 0.0121890 secs] [Times: user=0.04 sys=0.00, real=0.01 secs] 
2014-07-16T03:07:37.803+0000: 3132.342: [GC [PSYoungGen: 1301970K->882K(1248192K)] 1594112K->293312K(1935168K), 0.0054850 secs] [Times: user=0.02 sys=0.00, real=0.00 secs] 
2014-07-16T03:07:40.534+0000: 3135.073: [GC [PSYoungGen: 1248178K->704K(1196352K)] 1540608K->293310K(1883328K), 0.0184870 secs] [Times: user=0.06 sys=0.00, real=0.02 secs] 
2014-07-16T03:07:43.224+0000: 3137.763: [GC [PSYoungGen: 1196352K->384K(1146880K)] 1488958K->293158K(1833856K), 0.0257590 secs] [Times: user=0.10 sys=0.00, real=0.02 secs] 
2014-07-16T03:07:45.747+0000: 3140.285: [GC [PSYoungGen: 1146880K->498K(1100224K)] 1439654K->293472K(1787200K), 0.0158670 secs] [Times: user=0.06 sys=0.00, real=0.02 secs] 
2014-07-16T03:07:48.279+0000: 3142.818: [GC [PSYoungGen: 1100207K->1010K(1056192K)] 1393182K->294232K(1743168K), 0.0386470 secs] [Times: user=0.15 sys=0.01, real=0.04 secs] 
2014-07-16T03:07:50.617+0000: 3145.156: [GC [PSYoungGen: 1056149K->740K(1267008K)] 1349372K->294130K(1953984K), 0.0517400 secs] [Times: user=0.19 sys=0.00, real=0.05 secs] 
2014-07-16T03:07:53.533+0000: 3148.071: [GC [PSYoungGen: 1266980K->416K(1214144K)] 1560370K->293974K(1901120K), 0.0048930 secs] [Times: user=0.02 sys=0.00, real=0.00 secs] 
2014-07-16T03:07:56.322+0000: 3150.861: [GC [PSYoungGen: 1214112K->644K(1164352K)] 1507670K->294442K(1851328K), 0.0099450 secs] [Times: user=0.03 sys=0.00, real=0.01 secs] 
2014-07-16T03:07:58.902+0000: 3153.441: [GC [PSYoungGen: 1164292K->352K(1116416K)] 1458090K->294326K(1803392K), 0.0086340 secs] [Times: user=0.03 sys=0.00, real=0.01 secs] 
2014-07-16T03:08:01.449+0000: 3155.988: [GC [PSYoungGen: 1116384K->676K(1071424K)] 1410358K->294786K(1758400K), 0.0082060 secs] [Times: user=0.02 sys=0.00, real=0.01 secs] 
2014-07-16T03:08:03.797+0000: 3158.336: [GC [PSYoungGen: 1071396K->288K(1027904K)] 1365506K->294582K(1714880K), 0.0128670 secs] [Times: user=0.05 sys=0.00, real=0.01 secs] 
2014-07-16T03:08:06.219+0000: 3160.758: [GC [PSYoungGen: 1027872K->1142K(987712K)] 1322166K->295716K(1674688K), 0.0178040 secs] [Times: user=0.06 sys=0.00, real=0.02 secs] 
2014-07-16T03:08:08.356+0000: 3162.895: [GC [PSYoungGen: 987702K->516K(948032K)] 1282276K->295242K(1635008K), 0.0132720 secs] [Times: user=0.04 sys=0.00, real=0.01 secs] 
2014-07-16T03:08:10.522+0000: 3165.061: [GC [PSYoungGen: 947972K->1060K(911360K)] 1242698K->295962K(1598336K), 0.0075170 secs] [Times: user=0.02 sys=0.00, real=0.01 secs] 
2014-07-16T03:08:12.592+0000: 3167.131: [GC [PSYoungGen: 911332K->384K(875200K)] 1206234K->295446K(1562176K), 0.0232590 secs] [Times: user=0.08 sys=0.00, real=0.03 secs] 
2014-07-16T03:08:14.521+0000: 3169.060: [GC [PSYoungGen: 875200K->740K(841856K)] 1170262K->295970K(1528832K), 0.0075960 secs] [Times: user=0.02 sys=0.00, real=0.01 secs] 
2014-07-16T03:08:16.461+0000: 3171.000: [GC [PSYoungGen: 841728K->1010K(809984K)] 1136958K->296336K(1496960K), 0.0117170 secs] [Times: user=0.04 sys=0.00, real=0.01 secs] 
2014-07-16T03:08:18.250+0000: 3172.789: [GC [PSYoungGen: 809970K->452K(778816K)] 1105296K->295906K(1465792K), 0.0055360 secs] [Times: user=0.02 sys=0.00, real=0.00 secs] 
2014-07-16T03:08:19.998+0000: 3174.537: [GC [PSYoungGen: 778756K->256K(749376K)] 1074210K->295806K(1436352K), 0.0173180 secs] [Times: user=0.05 sys=0.00, real=0.01 secs] 
2014-07-16T03:08:21.706+0000: 3176.245: [GC [PSYoungGen: 749376K->662K(721984K)] 1044926K->296276K(1408960K), 0.0082050 secs] [Times: user=0.03 sys=0.00, real=0.01 secs] 
2014-07-16T03:08:23.267+0000: 3177.806: [GC [PSYoungGen: 721942K->288K(695040K)] 1017556K->296062K(1382016K), 0.0234880 secs] [Times: user=0.09 sys=0.00, real=0.02 secs] 
2014-07-16T03:08:24.809+0000: 3179.348: [GC [PSYoungGen: 695002K->160K(669632K)] 990776K->295990K(1356608K), 0.0051400 secs] [Times: user=0.01 sys=0.00, real=0.00 secs] 
2014-07-16T03:08:26.279+0000: 3180.818: [GC [PSYoungGen: 669600K->416K(645760K)] 965430K->296326K(1332736K), 0.0075170 secs] [Times: user=0.01 sys=0.00, real=0.00 secs] 
2014-07-16T03:08:27.715+0000: 3182.254: [GC [PSYoungGen: 645728K->224K(622528K)] 941638K->296190K(1309504K), 0.0050390 secs] [Times: user=0.01 sys=0.00, real=0.01 secs] 
2014-07-16T03:08:29.110+0000: 3183.649: [GC [PSYoungGen: 622496K->562K(600896K)] 918462K->296616K(1287872K), 0.0090260 secs] [Times: user=0.03 sys=0.00, real=0.01 secs] 
2014-07-16T03:08:30.455+0000: 3184.994: [GC [PSYoungGen: 600882K->224K(579584K)] 896936K->296342K(1266560K), 0.0250810 secs] [Times: user=0.09 sys=0.00, real=0.03 secs] 
2014-07-16T03:08:31.789+0000: 3186.328: [GC [PSYoungGen: 579552K->480K(695744K)] 875670K->296710K(1382720K), 0.0241150 secs] [Times: user=0.09 sys=0.00, real=0.02 secs] 
2014-07-16T03:08:33.304+0000: 3187.843: [GC [PSYoungGen: 695712K->192K(834496K)] 991942K->296558K(1521472K), 0.0174880 secs] [Times: user=0.06 sys=0.00, real=0.02 secs] 
2014-07-16T03:08:35.148+0000: 3189.687: [GC [PSYoungGen: 834496K->566K(803072K)] 1130862K->297020K(1490048K), 0.0073750 secs] [Times: user=0.02 sys=0.00, real=0.01 secs] 
2014-07-16T03:08:36.989+0000: 3191.528: [GC [PSYoungGen: 803062K->698K(772864K)] 1099516K->297240K(1459840K), 0.0164550 secs] [Times: user=0.06 sys=0.00, real=0.02 secs] 
2014-07-16T03:08:38.677+0000: 3193.216: [GC [PSYoungGen: 772858K->192K(926784K)] 1069400K->296862K(1613760K), 0.0242100 secs] [Times: user=0.09 sys=0.00, real=0.03 secs] 
2014-07-16T03:08:40.796+0000: 3195.335: [GC [PSYoungGen: 926784K->338K(890752K)] 1223454K->297064K(1577728K), 0.0077800 secs] [Times: user=0.02 sys=0.00, real=0.01 secs] 
2014-07-16T03:08:42.753+0000: 3197.292: [GC [PSYoungGen: 890706K->320K(856192K)] 1187432K->297214K(1543168K), 0.0217130 secs] [Times: user=0.07 sys=0.00, real=0.02 secs] 
2014-07-16T03:08:44.652+0000: 3199.191: [GC [PSYoungGen: 856192K->484K(823552K)] 1153086K->297474K(1510528K), 0.0138570 secs] [Times: user=0.05 sys=0.01, real=0.01 secs] 
2014-07-16T03:08:46.467+0000: 3201.006: [GC [PSYoungGen: 823524K->402K(988096K)] 1120514K->297520K(1675072K), 0.0468540 secs] [Times: user=0.16 sys=0.00, real=0.05 secs] 
2014-07-16T03:08:48.739+0000: 3203.278: [GC [PSYoungGen: 988050K->370K(1185600K)] 1285168K->297576K(1872576K), 0.0121680 secs] [Times: user=0.04 sys=0.00, real=0.02 secs] 
2014-07-16T03:08:51.354+0000: 3205.893: [GC [PSYoungGen: 1185498K->466K(1137088K)] 1482704K->297832K(1824064K), 0.0073370 secs] [Times: user=0.02 sys=0.00, real=0.01 secs] 
2014-07-16T03:08:53.893+0000: 3208.432: [GC [PSYoungGen: 1137042K->516K(1090880K)] 1434408K->298066K(1777856K), 0.0202780 secs] [Times: user=0.06 sys=0.00, real=0.02 secs] 
2014-07-16T03:08:56.318+0000: 3210.857: [GC [PSYoungGen: 1090820K->434K(1046720K)] 1388370K->298136K(1733696K), 0.0121570 secs] [Times: user=0.04 sys=0.00, real=0.01 secs] 
2014-07-16T03:08:58.701+0000: 3213.240: [GC [PSYoungGen: 1046706K->562K(1004928K)] 1344408K->298376K(1691904K), 0.0248690 secs] [Times: user=0.09 sys=0.00, real=0.03 secs] 
2014-07-16T03:09:01.013+0000: 3215.552: [GC [PSYoungGen: 1004913K->690K(965120K)] 1302728K->298912K(1652096K), 0.0104240 secs] [Times: user=0.04 sys=0.00, real=0.01 secs] 
2014-07-16T03:09:03.165+0000: 3217.704: [GC [PSYoungGen: 965106K->384K(926784K)] 1263328K->298856K(1613760K), 0.0144960 secs] [Times: user=0.05 sys=0.01, real=0.01 secs] 
2014-07-16T03:09:05.225+0000: 3219.764: [GC [PSYoungGen: 926752K->384K(890560K)] 1225224K->299056K(1577536K), 0.0211890 secs] [Times: user=0.07 sys=0.00, real=0.02 secs] 
2014-07-16T03:09:07.317+0000: 3221.856: [GC [PSYoungGen: 890520K->612K(856320K)] 1189192K->299396K(1543296K), 0.0292040 secs] [Times: user=0.11 sys=0.00, real=0.03 secs] 
2014-07-16T03:09:09.237+0000: 3223.776: [GC [PSYoungGen: 856254K->288K(823168K)] 1155039K->299200K(1510144K), 0.0167540 secs] [Times: user=0.07 sys=0.00, real=0.01 secs] 
2014-07-16T03:09:11.124+0000: 3225.663: [GC [PSYoungGen: 823112K->644K(792256K)] 1122024K->299644K(1479232K), 0.0192780 secs] [Times: user=0.06 sys=0.00, real=0.02 secs] 
2014-07-16T03:09:12.955+0000: 3227.494: [GC [PSYoungGen: 792196K->498K(762240K)] 1091196K->299634K(1449216K), 0.0082550 secs] [Times: user=0.02 sys=0.00, real=0.00 secs] 
2014-07-16T03:09:14.633+0000: 3229.172: [GC [PSYoungGen: 762226K->776K(734144K)] 1061362K->300080K(1421120K), 0.0250050 secs] [Times: user=0.09 sys=0.00, real=0.03 secs] 
2014-07-16T03:09:16.263+0000: 3230.802: [GC [PSYoungGen: 734087K->448K(880448K)] 1033392K->299840K(1567424K), 0.0245070 secs] [Times: user=0.09 sys=0.00, real=0.03 secs] 
2014-07-16T03:09:18.279+0000: 3232.818: [GC [PSYoungGen: 880448K->370K(846400K)] 1179840K->299850K(1533376K), 0.0107540 secs] [Times: user=0.04 sys=0.00, real=0.01 secs] 
2014-07-16T03:09:20.168+0000: 3234.707: [GC [PSYoungGen: 846386K->402K(814080K)] 1145866K->299986K(1501056K), 0.0120380 secs] [Times: user=0.05 sys=0.00, real=0.01 secs] 
2014-07-16T03:09:22.012+0000: 3236.551: [GC [PSYoungGen: 814034K->452K(783296K)] 1113618K->300124K(1470272K), 0.0073720 secs] [Times: user=0.02 sys=0.00, real=0.01 secs] 
2014-07-16T03:09:23.816+0000: 3238.355: [GC [PSYoungGen: 783236K->882K(754240K)] 1082908K->300706K(1441216K), 0.0062140 secs] [Times: user=0.02 sys=0.00, real=0.01 secs] 
2014-07-16T03:09:25.454+0000: 3239.993: [GC [PSYoungGen: 754226K->420K(725760K)] 1054050K->300364K(1412736K), 0.0197980 secs] [Times: user=0.06 sys=0.00, real=0.02 secs] 
2014-07-16T03:09:27.084+0000: 3241.623: [GC [PSYoungGen: 725732K->534K(699136K)] 1025676K->300582K(1386112K), 0.0068450 secs] [Times: user=0.02 sys=0.00, real=0.01 secs] 
2014-07-16T03:09:28.708+0000: 3243.247: [GC [PSYoungGen: 699094K->768K(673856K)] 999142K->300904K(1360832K), 0.0069200 secs] [Times: user=0.02 sys=0.01, real=0.00 secs] 
2014-07-16T03:09:30.200+0000: 3244.739: [GC [PSYoungGen: 673836K->640K(649408K)] 973972K->300952K(1336384K), 0.0303860 secs] [Times: user=0.10 sys=0.00, real=0.03 secs] 
2014-07-16T03:09:31.683+0000: 3246.222: [GC [PSYoungGen: 649408K->612K(779200K)] 949720K->301012K(1466176K), 0.0339420 secs] [Times: user=0.11 sys=0.00, real=0.03 secs] 
2014-07-16T03:09:33.538+0000: 3248.077: [GC [PSYoungGen: 779172K->786K(935104K)] 1079572K->301346K(1622080K), 0.0313060 secs] [Times: user=0.11 sys=0.00, real=0.03 secs] 
2014-07-16T03:09:35.639+0000: 3250.178: [GC [PSYoungGen: 935013K->580K(1121792K)] 1235574K->301300K(1808768K), 0.0307840 secs] [Times: user=0.11 sys=0.00, real=0.03 secs] 
2014-07-16T03:09:38.261+0000: 3252.800: [GC [PSYoungGen: 1121732K->758K(1346176K)] 1422452K->301678K(2033152K), 0.0160140 secs] [Times: user=0.06 sys=0.00, real=0.01 secs] 
2014-07-16T03:09:41.234+0000: 3255.773: [GC [PSYoungGen: 1346096K->484K(1554432K)] 1647016K->301564K(2241408K), 0.0202020 secs] [Times: user=0.07 sys=0.00, real=0.02 secs] 
2014-07-16T03:09:44.699+0000: 3259.238: [GC [PSYoungGen: 1553828K->512K(1487296K)] 1854908K->301776K(2174272K), 0.0063600 secs] [Times: user=0.02 sys=0.00, real=0.00 secs] 
2014-07-16T03:09:48.135+0000: 3262.674: [GC [PSYoungGen: 1487296K->1064K(1424576K)] 1788560K->302520K(2111552K), 0.0065910 secs] [Times: user=0.03 sys=0.00, real=0.01 secs] 
2014-07-16T03:09:51.267+0000: 3265.806: [GC [PSYoungGen: 1424478K->594K(1363904K)] 1725934K->302290K(2050880K), 0.0157980 secs] [Times: user=0.05 sys=0.00, real=0.02 secs] 
2014-07-16T03:09:54.400+0000: 3268.939: [GC [PSYoungGen: 1363805K->548K(1306560K)] 1665502K->302436K(1993536K), 0.0171760 secs] [Times: user=0.05 sys=0.00, real=0.02 secs] 
2014-07-16T03:09:57.286+0000: 3271.825: [GC [PSYoungGen: 1306496K->694K(1252160K)] 1608385K->302838K(1939136K), 0.0401020 secs] [Times: user=0.15 sys=0.00, real=0.04 secs] 
2014-07-16T03:10:00.099+0000: 3274.638: [GC [PSYoungGen: 1252147K->530K(1200192K)] 1554291K->302778K(1887168K), 0.0337650 secs] [Times: user=0.12 sys=0.00, real=0.04 secs] 
2014-07-16T03:10:02.834+0000: 3277.373: [GC [PSYoungGen: 1200146K->818K(1151104K)] 1502394K->303210K(1838080K), 0.0094370 secs] [Times: user=0.01 sys=0.00, real=0.01 secs] 
2014-07-16T03:10:05.405+0000: 3279.944: [GC [PSYoungGen: 1151090K->544K(1103872K)] 1453482K->303176K(1790848K), 0.0144100 secs] [Times: user=0.04 sys=0.00, real=0.01 secs] 
2014-07-16T03:10:07.838+0000: 3282.377: [GC [PSYoungGen: 1103839K->616K(1059264K)] 1406472K->303392K(1746240K), 0.0057670 secs] [Times: user=0.01 sys=0.01, real=0.01 secs] 
2014-07-16T03:10:10.224+0000: 3284.763: [GC [PSYoungGen: 1059240K->352K(1016448K)] 1362016K->303224K(1703424K), 0.0052930 secs] [Times: user=0.02 sys=0.00, real=0.00 secs] 
2014-07-16T03:10:12.533+0000: 3287.072: [GC [PSYoungGen: 1016416K->1024K(976576K)] 1319288K->304120K(1663552K), 0.0585300 secs] [Times: user=0.22 sys=0.00, real=0.06 secs] 
2014-07-16T03:10:14.758+0000: 3289.297: [GC [PSYoungGen: 976571K->630K(1171328K)] 1279668K->303910K(1858304K), 0.0271000 secs] [Times: user=0.10 sys=0.00, real=0.03 secs] 
2014-07-16T03:10:17.374+0000: 3291.913: [GC [PSYoungGen: 1171284K->744K(1405632K)] 1474565K->304216K(2092608K), 0.0237320 secs] [Times: user=0.08 sys=0.00, real=0.02 secs] 
2014-07-16T03:10:20.590+0000: 3295.129: [GC [PSYoungGen: 1405608K->1124K(1346688K)] 1709080K->304732K(2033664K), 0.0258730 secs] [Times: user=0.10 sys=0.00, real=0.03 secs] 
2014-07-16T03:10:23.690+0000: 3298.229: [GC [PSYoungGen: 1346611K->434K(1289536K)] 1650220K->304642K(1976512K), 0.0179120 secs] [Times: user=0.06 sys=0.00, real=0.02 secs] 
2014-07-16T03:10:26.526+0000: 3301.065: [GC [PSYoungGen: 1289522K->288K(1235712K)] 1593730K->304744K(1922688K), 0.0155330 secs] [Times: user=0.05 sys=0.00, real=0.01 secs] 
2014-07-16T03:10:29.288+0000: 3303.827: [GC [PSYoungGen: 1235680K->320K(1184640K)] 1540136K->304984K(1871616K), 0.0063480 secs] [Times: user=0.01 sys=0.00, real=0.00 secs] 
2014-07-16T03:10:31.916+0000: 3306.455: [GC [PSYoungGen: 1184640K->658K(1136448K)] 1489304K->305498K(1823424K), 0.0111380 secs] [Times: user=0.03 sys=0.00, real=0.02 secs] 
2014-07-16T03:10:34.540+0000: 3309.079: [GC [PSYoungGen: 1136402K->1010K(1090496K)] 1441242K->306034K(1777472K), 0.0084490 secs] [Times: user=0.02 sys=0.00, real=0.01 secs] 
2014-07-16T03:10:36.931+0000: 3311.470: [GC [PSYoungGen: 1090399K->488K(1045952K)] 1395424K->305696K(1732928K), 0.0094180 secs] [Times: user=0.04 sys=0.00, real=0.01 secs] 
2014-07-16T03:10:39.283+0000: 3313.822: [GC [PSYoungGen: 1045928K->644K(1004224K)] 1351136K->305964K(1691200K), 0.0079340 secs] [Times: user=0.02 sys=0.00, real=0.01 secs] 
2014-07-16T03:10:41.516+0000: 3316.055: [GC [PSYoungGen: 1004137K->352K(964032K)] 1309457K->305784K(1651008K), 0.0110150 secs] [Times: user=0.04 sys=0.00, real=0.01 secs] 
2014-07-16T03:10:43.812+0000: 3318.351: [GC [PSYoungGen: 964000K->1320K(927040K)] 1269432K->306888K(1614016K), 0.0265950 secs] [Times: user=0.09 sys=0.01, real=0.03 secs] 
2014-07-16T03:10:45.856+0000: 3320.394: [GC [PSYoungGen: 927016K->676K(890240K)] 1232584K->306420K(1577216K), 0.0233660 secs] [Times: user=0.09 sys=0.00, real=0.03 secs] 
2014-07-16T03:10:47.866+0000: 3322.405: [GC [PSYoungGen: 890212K->836K(856000K)] 1195956K->306732K(1542976K), 0.0221930 secs] [Times: user=0.06 sys=0.00, real=0.02 secs] 
2014-07-16T03:10:49.752+0000: 3324.291: [GC [PSYoungGen: 855940K->292K(822592K)] 1161836K->306316K(1509568K), 0.0057260 secs] [Times: user=0.01 sys=0.00, real=0.00 secs] 
2014-07-16T03:10:51.570+0000: 3326.109: [GC [PSYoungGen: 822564K->434K(791424K)] 1128588K->306538K(1478400K), 0.0063090 secs] [Times: user=0.02 sys=0.00, real=0.00 secs] 
2014-07-16T03:10:53.386+0000: 3327.925: [GC [PSYoungGen: 791410K->416K(761600K)] 1097514K->306632K(1448576K), 0.0179230 secs] [Times: user=0.05 sys=0.00, real=0.02 secs] 
2014-07-16T03:10:55.229+0000: 3329.768: [GC [PSYoungGen: 761562K->466K(733248K)] 1067779K->306834K(1420224K), 0.0109740 secs] [Times: user=0.04 sys=0.00, real=0.01 secs] 
2014-07-16T03:10:56.847+0000: 3331.386: [GC [PSYoungGen: 733201K->1014K(706688K)] 1039570K->307550K(1393664K), 0.0182900 secs] [Times: user=0.05 sys=0.00, real=0.02 secs] 
2014-07-16T03:10:58.430+0000: 3332.969: [GC [PSYoungGen: 706678K->480K(680384K)] 1013214K->307096K(1367360K), 0.0125970 secs] [Times: user=0.04 sys=0.01, real=0.02 secs] 
2014-07-16T03:11:00.034+0000: 3334.573: [GC [PSYoungGen: 680351K->448K(655680K)] 986968K->307136K(1342656K), 0.0184410 secs] [Times: user=0.07 sys=0.00, real=0.02 secs] 
2014-07-16T03:11:01.484+0000: 3336.023: [GC [PSYoungGen: 655677K->480K(632256K)] 962365K->307272K(1319232K), 0.0186810 secs] [Times: user=0.06 sys=0.00, real=0.02 secs] 
2014-07-16T03:11:02.920+0000: 3337.459: [GC [PSYoungGen: 632224K->466K(758656K)] 939016K->307402K(1445632K), 0.0213410 secs] [Times: user=0.07 sys=0.00, real=0.03 secs] 
2014-07-16T03:11:04.722+0000: 3339.261: [GC [PSYoungGen: 758610K->776K(910656K)] 1065546K->307824K(1597632K), 0.0139820 secs] [Times: user=0.04 sys=0.00, real=0.01 secs] 
2014-07-16T03:11:06.717+0000: 3341.256: [GC [PSYoungGen: 910600K->288K(1092160K)] 1217648K->307504K(1779136K), 0.0324690 secs] [Times: user=0.10 sys=0.00, real=0.03 secs] 
2014-07-16T03:11:09.198+0000: 3343.737: [GC [PSYoungGen: 1092128K->352K(1310592K)] 1399344K->307664K(1997568K), 0.0174560 secs] [Times: user=0.06 sys=0.00, real=0.02 secs] 
2014-07-16T03:11:12.068+0000: 3346.607: [GC [PSYoungGen: 1310517K->754K(1573056K)] 1617829K->308218K(2260032K), 0.0311600 secs] [Times: user=0.12 sys=0.00, real=0.03 secs] 
2014-07-16T03:11:15.729+0000: 3350.268: [GC [PSYoungGen: 1573042K->790K(1595456K)] 1880506K->308414K(2282432K), 0.0377480 secs] [Times: user=0.14 sys=0.00, real=0.04 secs] 
2014-07-16T03:11:19.342+0000: 3353.881: [GC [PSYoungGen: 1595009K->516K(1526208K)] 1902634K->308428K(2213184K), 0.0084030 secs] [Times: user=0.02 sys=0.00, real=0.01 secs] 
2014-07-16T03:11:22.721+0000: 3357.260: [GC [PSYoungGen: 1526148K->690K(1461120K)] 1834060K->308794K(2148096K), 0.0376570 secs] [Times: user=0.15 sys=0.00, real=0.04 secs] 
2014-07-16T03:11:26.139+0000: 3360.678: [GC [PSYoungGen: 1461106K->640K(1399040K)] 1769210K->308952K(2086016K), 0.0090570 secs] [Times: user=0.02 sys=0.00, real=0.01 secs] 
2014-07-16T03:11:29.319+0000: 3363.858: [GC [PSYoungGen: 1399040K->1138K(1340544K)] 1707352K->309738K(2027520K), 0.0086930 secs] [Times: user=0.03 sys=0.00, real=0.01 secs] 
2014-07-16T03:11:32.302+0000: 3366.841: [GC [PSYoungGen: 1340530K->580K(1283904K)] 1649130K->309316K(1970880K), 0.0051500 secs] [Times: user=0.02 sys=0.00, real=0.01 secs] 
2014-07-16T03:11:35.242+0000: 3369.781: [GC [PSYoungGen: 1283844K->1060K(1230976K)] 1592580K->310052K(1917952K), 0.0083260 secs] [Times: user=0.01 sys=0.00, real=0.01 secs] 
2014-07-16T03:11:37.965+0000: 3372.504: [GC [PSYoungGen: 1230925K->338K(1179456K)] 1539917K->309514K(1866432K), 0.0265260 secs] [Times: user=0.10 sys=0.00, real=0.03 secs] 
2014-07-16T03:11:40.635+0000: 3375.174: [GC [PSYoungGen: 1179410K->484K(1131264K)] 1488586K->309788K(1818240K), 0.0152730 secs] [Times: user=0.05 sys=0.00, real=0.02 secs] 
2014-07-16T03:11:43.176+0000: 3377.715: [GC [PSYoungGen: 1131236K->434K(1085184K)] 1440540K->309898K(1772160K), 0.0053550 secs] [Times: user=0.02 sys=0.00, real=0.01 secs] 
2014-07-16T03:11:45.768+0000: 3380.307: [GC [PSYoungGen: 1085170K->1184K(1042176K)] 1394634K->310832K(1729152K), 0.0216520 secs] [Times: user=0.07 sys=0.00, real=0.03 secs] 
2014-07-16T03:11:48.023+0000: 3382.562: [GC [PSYoungGen: 1042144K->978K(1000320K)] 1351792K->310866K(1687296K), 0.0100630 secs] [Times: user=0.03 sys=0.01, real=0.01 secs] 
2014-07-16T03:11:50.244+0000: 3384.783: [GC [PSYoungGen: 1000270K->438K(960064K)] 1310159K->310422K(1647040K), 0.0255570 secs] [Times: user=0.10 sys=0.00, real=0.03 secs] 
2014-07-16T03:11:52.380+0000: 3386.919: [GC [PSYoungGen: 960054K->960K(922816K)] 1270038K->311088K(1609792K), 0.0232280 secs] [Times: user=0.09 sys=0.00, real=0.02 secs] 
2014-07-16T03:11:54.445+0000: 3388.984: [GC [PSYoungGen: 922816K->896K(886784K)] 1232944K->311168K(1573760K), 0.0222450 secs] [Times: user=0.08 sys=0.00, real=0.02 secs] 
2014-07-16T03:11:56.550+0000: 3391.089: [GC [PSYoungGen: 886784K->480K(852096K)] 1197056K->310872K(1539072K), 0.0218760 secs] [Times: user=0.08 sys=0.00, real=0.02 secs] 
2014-07-16T03:11:58.424+0000: 3392.963: [GC [PSYoungGen: 852064K->352K(1022336K)] 1162456K->310936K(1709312K), 0.0300730 secs] [Times: user=0.11 sys=0.00, real=0.03 secs] 
2014-07-16T03:12:00.725+0000: 3395.264: [GC [PSYoungGen: 1022304K->434K(981632K)] 1332888K->311090K(1668608K), 0.0101300 secs] [Times: user=0.02 sys=0.00, real=0.01 secs] 
2014-07-16T03:12:02.880+0000: 3397.419: [GC [PSYoungGen: 981535K->456K(1177984K)] 1292191K->311256K(1864960K), 0.0395480 secs] [Times: user=0.15 sys=0.00, real=0.03 secs] 
2014-07-16T03:12:05.545+0000: 3400.084: [GC [PSYoungGen: 1177928K->640K(1129856K)] 1488728K->311576K(1816832K), 0.0080050 secs] [Times: user=0.02 sys=0.00, real=0.01 secs] 
2014-07-16T03:12:08.129+0000: 3402.668: [GC [PSYoungGen: 1129856K->416K(1083712K)] 1440792K->311544K(1770688K), 0.0137260 secs] [Times: user=0.04 sys=0.00, real=0.02 secs] 
2014-07-16T03:12:10.559+0000: 3405.098: [GC [PSYoungGen: 1083680K->680K(1040256K)] 1394808K->311952K(1727232K), 0.0212140 secs] [Times: user=0.08 sys=0.00, real=0.02 secs] 
2014-07-16T03:12:12.858+0000: 3407.397: [GC [PSYoungGen: 1040232K->320K(998272K)] 1351504K->311736K(1685248K), 0.0059380 secs] [Times: user=0.01 sys=0.00, real=0.01 secs] 
2014-07-16T03:12:15.172+0000: 3409.711: [GC [PSYoungGen: 998272K->904K(959296K)] 1309688K->312480K(1646272K), 0.0318550 secs] [Times: user=0.11 sys=0.00, real=0.04 secs] 
2014-07-16T03:12:17.289+0000: 3411.828: [GC [PSYoungGen: 959240K->306K(920896K)] 1270816K->312050K(1607872K), 0.0120290 secs] [Times: user=0.04 sys=0.00, real=0.01 secs] 
2014-07-16T03:12:19.319+0000: 3413.858: [GC [PSYoungGen: 920882K->402K(885120K)] 1232626K->312250K(1572096K), 0.0280270 secs] [Times: user=0.11 sys=0.00, real=0.03 secs] 
2014-07-16T03:12:21.392+0000: 3415.931: [GC [PSYoungGen: 885074K->1156K(851648K)] 1196922K->313084K(1538624K), 0.0065500 secs] [Times: user=0.03 sys=0.01, real=0.01 secs] 
2014-07-16T03:12:23.276+0000: 3417.815: [GC [PSYoungGen: 851588K->356K(818240K)] 1163516K->312492K(1505216K), 0.0189230 secs] [Times: user=0.07 sys=0.00, real=0.02 secs] 
2014-07-16T03:12:25.189+0000: 3419.728: [GC [PSYoungGen: 818212K->900K(787776K)] 1130348K->313140K(1474752K), 0.0082170 secs] [Times: user=0.02 sys=0.00, real=0.01 secs] 
2014-07-16T03:12:26.979+0000: 3421.518: [GC [PSYoungGen: 787716K->544K(757760K)] 1099956K->312920K(1444736K), 0.0179390 secs] [Times: user=0.07 sys=0.00, real=0.02 secs] 
2014-07-16T03:12:28.643+0000: 3423.182: [GC [PSYoungGen: 757728K->502K(729472K)] 1070104K->312982K(1416448K), 0.0136930 secs] [Times: user=0.04 sys=0.00, real=0.02 secs] 
2014-07-16T03:12:30.344+0000: 3424.883: [GC [PSYoungGen: 729462K->530K(702656K)] 1041942K->313074K(1389632K), 0.0110620 secs] [Times: user=0.04 sys=0.00, real=0.01 secs] 
2014-07-16T03:12:31.873+0000: 3426.412: [GC [PSYoungGen: 702610K->420K(676864K)] 1015154K->313108K(1363840K), 0.0264070 secs] [Times: user=0.09 sys=0.00, real=0.03 secs] 
2014-07-16T03:12:33.397+0000: 3427.936: [GC [PSYoungGen: 676791K->420K(812160K)] 989480K->313204K(1499136K), 0.0210690 secs] [Times: user=0.08 sys=0.01, real=0.02 secs] 
2014-07-16T03:12:35.305+0000: 3429.844: [GC [PSYoungGen: 812132K->1206K(782144K)] 1124916K->314134K(1469120K), 0.0127940 secs] [Times: user=0.03 sys=0.00, real=0.01 secs] 
2014-07-16T03:12:37.028+0000: 3431.567: [GC [PSYoungGen: 782134K->338K(937536K)] 1095062K->313378K(1624512K), 0.0322790 secs] [Times: user=0.12 sys=0.00, real=0.03 secs] 
2014-07-16T03:12:39.186+0000: 3433.725: [GC [PSYoungGen: 937490K->722K(1125376K)] 1250530K->313882K(1812352K), 0.0219670 secs] [Times: user=0.08 sys=0.00, real=0.02 secs] 
2014-07-16T03:12:41.763+0000: 3436.302: [GC [PSYoungGen: 1125330K->1014K(1350592K)] 1438490K->314294K(2037568K), 0.0319390 secs] [Times: user=0.12 sys=0.00, real=0.03 secs] 
2014-07-16T03:12:44.760+0000: 3439.299: [GC [PSYoungGen: 1350582K->484K(1572032K)] 1663862K->313972K(2259008K), 0.0426180 secs] [Times: user=0.15 sys=0.00, real=0.04 secs] 
2014-07-16T03:12:48.409+0000: 3442.948: [GC [PSYoungGen: 1571556K->822K(1572480K)] 1885044K->314486K(2259456K), 0.0235820 secs] [Times: user=0.08 sys=0.00, real=0.02 secs] 
2014-07-16T03:12:51.914+0000: 3446.453: [GC [PSYoungGen: 1571835K->320K(1503936K)] 1885499K->314240K(2190912K), 0.0054530 secs] [Times: user=0.02 sys=0.00, real=0.01 secs] 
2014-07-16T03:12:55.238+0000: 3449.777: [GC [PSYoungGen: 1503932K->320K(1439808K)] 1817853K->314448K(2126784K), 0.0188210 secs] [Times: user=0.07 sys=0.00, real=0.01 secs] 
2014-07-16T03:12:58.599+0000: 3453.138: [GC [PSYoungGen: 1439808K->1192K(1379712K)] 1753936K->315480K(2066688K), 0.0122850 secs] [Times: user=0.04 sys=0.00, real=0.02 secs] 
2014-07-16T03:13:01.622+0000: 3456.161: [GC [PSYoungGen: 1379688K->320K(1320768K)] 1693976K->314864K(2007744K), 0.0345580 secs] [Times: user=0.12 sys=0.00, real=0.03 secs] 
2014-07-16T03:13:04.538+0000: 3459.077: [GC [PSYoungGen: 1320732K->612K(1265856K)] 1635277K->315324K(1952832K), 0.0272950 secs] [Times: user=0.11 sys=0.00, real=0.03 secs] 
2014-07-16T03:13:07.517+0000: 3462.056: [GC [PSYoungGen: 1265828K->676K(1213376K)] 1580540K->315572K(1900352K), 0.0364920 secs] [Times: user=0.13 sys=0.00, real=0.04 secs] 
2014-07-16T03:13:10.219+0000: 3464.758: [GC [PSYoungGen: 1213348K->224K(1162944K)] 1528244K->315328K(1849920K), 0.0266320 secs] [Times: user=0.10 sys=0.00, real=0.03 secs] 
2014-07-16T03:13:12.858+0000: 3467.397: [GC [PSYoungGen: 1162910K->630K(1115776K)] 1478015K->315870K(1802752K), 0.0261300 secs] [Times: user=0.10 sys=0.00, real=0.03 secs] 
2014-07-16T03:13:15.318+0000: 3469.857: [GC [PSYoungGen: 1115766K->448K(1338624K)] 1431006K->315928K(2025600K), 0.0347210 secs] [Times: user=0.12 sys=0.00, real=0.04 secs] 
2014-07-16T03:13:18.407+0000: 3472.946: [GC [PSYoungGen: 1338624K->850K(1283008K)] 1654104K->316434K(1969984K), 0.0061750 secs] [Times: user=0.02 sys=0.00, real=0.01 secs] 
2014-07-16T03:13:21.337+0000: 3475.876: [GC [PSYoungGen: 1282960K->836K(1229632K)] 1598545K->316636K(1916608K), 0.0395890 secs] [Times: user=0.14 sys=0.00, real=0.04 secs] 
2014-07-16T03:13:24.056+0000: 3478.595: [GC [PSYoungGen: 1229572K->754K(1178752K)] 1545372K->316802K(1865728K), 0.0072680 secs] [Times: user=0.02 sys=0.00, real=0.01 secs] 
2014-07-16T03:13:26.740+0000: 3481.279: [GC [PSYoungGen: 1178738K->512K(1130176K)] 1494786K->316696K(1817152K), 0.0130140 secs] [Times: user=0.05 sys=0.00, real=0.01 secs] 
2014-07-16T03:13:29.291+0000: 3483.830: [GC [PSYoungGen: 1130176K->384K(1084096K)] 1446360K->316728K(1771072K), 0.0059860 secs] [Times: user=0.02 sys=0.00, real=0.01 secs] 
2014-07-16T03:13:31.780+0000: 3486.319: [GC [PSYoungGen: 1084096K->416K(1040448K)] 1400440K->316880K(1727424K), 0.0049380 secs] [Times: user=0.02 sys=0.00, real=0.01 secs] 
2014-07-16T03:13:34.095+0000: 3488.634: [GC [PSYoungGen: 1040416K->932K(999296K)] 1356880K->317588K(1686272K), 0.0199750 secs] [Times: user=0.07 sys=0.00, real=0.02 secs] 
2014-07-16T03:13:36.396+0000: 3490.935: [GC [PSYoungGen: 999268K->918K(959680K)] 1315924K->317710K(1646656K), 0.0244090 secs] [Times: user=0.08 sys=0.00, real=0.02 secs] 
2014-07-16T03:13:38.517+0000: 3493.056: [GC [PSYoungGen: 959638K->612K(921600K)] 1276430K->317572K(1608576K), 0.0146270 secs] [Times: user=0.05 sys=0.01, real=0.01 secs] 
2014-07-16T03:13:40.663+0000: 3495.202: [GC [PSYoungGen: 921572K->416K(885440K)] 1238532K->317464K(1572416K), 0.0215710 secs] [Times: user=0.08 sys=0.00, real=0.02 secs] 
2014-07-16T03:13:42.681+0000: 3497.219: [GC [PSYoungGen: 885408K->320K(851072K)] 1202456K->317528K(1538048K), 0.0124880 secs] [Times: user=0.04 sys=0.00, real=0.01 secs] 
2014-07-16T03:13:44.561+0000: 3499.100: [GC [PSYoungGen: 851072K->288K(818432K)] 1168280K->317648K(1505408K), 0.0157620 secs] [Times: user=0.06 sys=0.00, real=0.02 secs] 
2014-07-16T03:13:46.457+0000: 3500.996: [GC [PSYoungGen: 818358K->1206K(788224K)] 1135719K->318694K(1475200K), 0.0095650 secs] [Times: user=0.02 sys=0.00, real=0.01 secs] 
2014-07-16T03:13:48.249+0000: 3502.788: [GC [PSYoungGen: 788212K->470K(757888K)] 1105701K->318070K(1444864K), 0.0316760 secs] [Times: user=0.11 sys=0.00, real=0.03 secs] 
2014-07-16T03:13:50.087+0000: 3504.626: [GC [PSYoungGen: 757846K->740K(729920K)] 1075446K->318444K(1416896K), 0.0201790 secs] [Times: user=0.07 sys=0.01, real=0.02 secs] 
2014-07-16T03:13:51.741+0000: 3506.280: [GC [PSYoungGen: 729890K->534K(702848K)] 1047594K->318382K(1389824K), 0.0054400 secs] [Times: user=0.02 sys=0.00, real=0.01 secs] 
2014-07-16T03:13:53.280+0000: 3507.819: [GC [PSYoungGen: 702806K->498K(677120K)] 1020654K->318530K(1364096K), 0.0073150 secs] [Times: user=0.02 sys=0.00, real=0.01 secs] 
2014-07-16T03:13:54.804+0000: 3509.343: [GC [PSYoungGen: 677106K->730K(652928K)] 995138K->318858K(1339904K), 0.0141000 secs] [Times: user=0.04 sys=0.00, real=0.02 secs] 
2014-07-16T03:13:56.260+0000: 3510.799: [GC [PSYoungGen: 652890K->630K(629440K)] 971018K->318870K(1316416K), 0.0126260 secs] [Times: user=0.04 sys=0.01, real=0.01 secs] 
2014-07-16T03:13:57.734+0000: 3512.273: [GC [PSYoungGen: 629430K->256K(606784K)] 947670K->318560K(1293760K), 0.0118490 secs] [Times: user=0.04 sys=0.00, real=0.01 secs] 
2014-07-16T03:13:59.127+0000: 3513.666: [GC [PSYoungGen: 606784K->566K(728448K)] 925088K->318982K(1415424K), 0.0277190 secs] [Times: user=0.10 sys=0.00, real=0.03 secs] 
2014-07-16T03:14:00.924+0000: 3515.462: [GC [PSYoungGen: 728438K->580K(701696K)] 1046854K->319068K(1388672K), 0.0072420 secs] [Times: user=0.03 sys=0.00, real=0.01 secs] 
2014-07-16T03:14:02.528+0000: 3517.067: [GC [PSYoungGen: 701636K->384K(675840K)] 1020124K->319080K(1362816K), 0.0152170 secs] [Times: user=0.05 sys=0.00, real=0.01 secs] 
2014-07-16T03:14:04.039+0000: 3518.578: [GC [PSYoungGen: 675840K->818K(651904K)] 994536K->319682K(1338880K), 0.0185650 secs] [Times: user=0.06 sys=0.00, real=0.02 secs] 
2014-07-16T03:14:05.524+0000: 3520.063: [GC [PSYoungGen: 651870K->712K(628544K)] 970735K->319656K(1315520K), 0.0064210 secs] [Times: user=0.02 sys=0.00, real=0.01 secs] 
2014-07-16T03:14:06.986+0000: 3521.525: [GC [PSYoungGen: 628488K->644K(754048K)] 947432K->319692K(1441024K), 0.0294740 secs] [Times: user=0.10 sys=0.00, real=0.03 secs] 
2014-07-16T03:14:08.668+0000: 3523.207: [GC [PSYoungGen: 753988K->744K(726080K)] 1073036K->319912K(1413056K), 0.0086330 secs] [Times: user=0.01 sys=0.00, real=0.01 secs] 
2014-07-16T03:14:10.323+0000: 3524.862: [GC [PSYoungGen: 726056K->576K(699136K)] 1045224K->319816K(1386112K), 0.0089460 secs] [Times: user=0.02 sys=0.00, real=0.01 secs] 
2014-07-16T03:14:11.973+0000: 3526.512: [GC [PSYoungGen: 699136K->612K(673728K)] 1018376K->319948K(1360704K), 0.0180960 secs] [Times: user=0.06 sys=0.00, real=0.02 secs] 
2014-07-16T03:14:13.434+0000: 3527.973: [GC [PSYoungGen: 673700K->242K(649024K)] 993036K->319746K(1336000K), 0.0092870 secs] [Times: user=0.02 sys=0.01, real=0.01 secs] 
2014-07-16T03:14:14.866+0000: 3529.405: [GC [PSYoungGen: 649010K->192K(625792K)] 968514K->319768K(1312768K), 0.0113900 secs] [Times: user=0.05 sys=0.00, real=0.01 secs] 
2014-07-16T03:14:16.278+0000: 3530.816: [GC [PSYoungGen: 625792K->320K(603776K)] 945368K->319960K(1290752K), 0.0066330 secs] [Times: user=0.01 sys=0.00, real=0.01 secs] 
2014-07-16T03:14:17.657+0000: 3532.196: [GC [PSYoungGen: 603776K->438K(724608K)] 923416K->320190K(1411584K), 0.0316190 secs] [Times: user=0.12 sys=0.00, real=0.03 secs] 
2014-07-16T03:14:19.276+0000: 3533.815: [GC [PSYoungGen: 724547K->470K(869504K)] 1044300K->320326K(1556480K), 0.0236670 secs] [Times: user=0.09 sys=0.00, real=0.02 secs] 
2014-07-16T03:14:21.243+0000: 3535.782: [GC [PSYoungGen: 869462K->630K(1043456K)] 1189318K->320558K(1730432K), 0.0082000 secs] [Times: user=0.02 sys=0.01, real=0.01 secs] 
2014-07-16T03:14:23.615+0000: 3538.154: [GC [PSYoungGen: 1043446K->480K(1001536K)] 1363374K->320584K(1688512K), 0.0194730 secs] [Times: user=0.07 sys=0.00, real=0.02 secs] 
2014-07-16T03:14:25.837+0000: 3540.376: [GC [PSYoungGen: 1001504K->352K(961664K)] 1321608K->320608K(1648640K), 0.0205700 secs] [Times: user=0.08 sys=0.00, real=0.02 secs] 
2014-07-16T03:14:28.083+0000: 3542.621: [GC [PSYoungGen: 961632K->680K(924096K)] 1281888K->321056K(1611072K), 0.0049250 secs] [Times: user=0.02 sys=0.00, real=0.00 secs] 
2014-07-16T03:14:30.140+0000: 3544.679: [GC [PSYoungGen: 924072K->690K(888064K)] 1244448K->321218K(1575040K), 0.0330140 secs] [Times: user=0.12 sys=0.00, real=0.04 secs] 
2014-07-16T03:14:32.272+0000: 3546.811: [GC [PSYoungGen: 888050K->562K(853568K)] 1208578K->321226K(1540544K), 0.0101030 secs] [Times: user=0.02 sys=0.00, real=0.01 secs] 
2014-07-16T03:14:34.171+0000: 3548.709: [GC [PSYoungGen: 853553K->608K(820928K)] 1174218K->321528K(1507904K), 0.0232350 secs] [Times: user=0.08 sys=0.00, real=0.03 secs] 
2014-07-16T03:14:35.976+0000: 3550.515: [GC [PSYoungGen: 820896K->648K(985088K)] 1141816K->321688K(1672064K), 0.0325670 secs] [Times: user=0.11 sys=0.01, real=0.03 secs] 
2014-07-16T03:14:38.211+0000: 3552.750: [GC [PSYoungGen: 985032K->384K(1181696K)] 1306072K->321520K(1868672K), 0.0337300 secs] [Times: user=0.13 sys=0.00, real=0.04 secs] 
2014-07-16T03:14:40.877+0000: 3555.415: [GC [PSYoungGen: 1181696K->868K(1418496K)] 1502832K->322172K(2105472K), 0.0105790 secs] [Times: user=0.02 sys=0.01, real=0.01 secs] 
2014-07-16T03:14:44.132+0000: 3558.671: [GC [PSYoungGen: 1418468K->548K(1358208K)] 1739772K->322004K(2045184K), 0.0174830 secs] [Times: user=0.06 sys=0.00, real=0.02 secs] 
2014-07-16T03:14:47.154+0000: 3561.693: [GC [PSYoungGen: 1358180K->576K(1301184K)] 1679636K->322304K(1988160K), 0.0184530 secs] [Times: user=0.07 sys=0.00, real=0.02 secs] 
2014-07-16T03:14:50.115+0000: 3564.654: [GC [PSYoungGen: 1301184K->544K(1246912K)] 1622912K->322408K(1933888K), 0.0292720 secs] [Times: user=0.11 sys=0.00, real=0.03 secs] 
2014-07-16T03:14:53.006+0000: 3567.545: [GC [PSYoungGen: 1246880K->900K(1195712K)] 1568744K->322916K(1882688K), 0.0298110 secs] [Times: user=0.11 sys=0.00, real=0.03 secs] 
2014-07-16T03:14:55.658+0000: 3570.197: [GC [PSYoungGen: 1195652K->498K(1146176K)] 1517668K->322794K(1833152K), 0.0233560 secs] [Times: user=0.08 sys=0.00, real=0.02 secs] 
2014-07-16T03:14:58.278+0000: 3572.817: [GC [PSYoungGen: 1146129K->708K(1099712K)] 1468425K->323140K(1786688K), 0.0073940 secs] [Times: user=0.02 sys=0.00, real=0.00 secs] 
2014-07-16T03:15:00.733+0000: 3575.272: [GC [PSYoungGen: 1099649K->480K(1054976K)] 1422082K->323040K(1741952K), 0.0102130 secs] [Times: user=0.02 sys=0.00, real=0.01 secs] 
2014-07-16T03:15:03.217+0000: 3577.756: [GC [PSYoungGen: 1054944K->658K(1012864K)] 1377504K->323394K(1699840K), 0.0070260 secs] [Times: user=0.02 sys=0.00, real=0.01 secs] 
2014-07-16T03:15:05.465+0000: 3580.004: [GC [PSYoungGen: 1012818K->320K(972160K)] 1335554K->323280K(1659136K), 0.0227530 secs] [Times: user=0.08 sys=0.00, real=0.03 secs] 
2014-07-16T03:15:07.614+0000: 3582.153: [GC [PSYoungGen: 972143K->434K(933888K)] 1295104K->323506K(1620864K), 0.0124880 secs] [Times: user=0.04 sys=0.00, real=0.01 secs] 
2014-07-16T03:15:09.701+0000: 3584.240: [GC [PSYoungGen: 933874K->416K(897344K)] 1256946K->323552K(1584320K), 0.0054640 secs] [Times: user=0.02 sys=0.00, real=0.00 secs] 
2014-07-16T03:15:11.710+0000: 3586.249: [GC [PSYoungGen: 897312K->452K(862592K)] 1220448K->323668K(1549568K), 0.0235620 secs] [Times: user=0.08 sys=0.00, real=0.02 secs] 
2014-07-16T03:15:13.797+0000: 3588.336: [GC [PSYoungGen: 862531K->562K(829504K)] 1185748K->323962K(1516480K), 0.0153290 secs] [Times: user=0.05 sys=0.00, real=0.02 secs] 
2014-07-16T03:15:15.652+0000: 3590.191: [GC [PSYoungGen: 829451K->480K(797824K)] 1152852K->324072K(1484800K), 0.0072760 secs] [Times: user=0.01 sys=0.00, real=0.01 secs] 
2014-07-16T03:15:17.408+0000: 3591.947: [GC [PSYoungGen: 797792K->274K(767552K)] 1121384K->323954K(1454528K), 0.0222210 secs] [Times: user=0.09 sys=0.00, real=0.03 secs] 
2014-07-16T03:15:19.178+0000: 3593.717: [GC [PSYoungGen: 767506K->644K(739264K)] 1091186K->324396K(1426240K), 0.0265470 secs] [Times: user=0.09 sys=0.00, real=0.03 secs] 
2014-07-16T03:15:20.825+0000: 3595.364: [GC [PSYoungGen: 739204K->384K(886656K)] 1062956K->324264K(1573632K), 0.0375060 secs] [Times: user=0.14 sys=0.00, real=0.04 secs] 
2014-07-16T03:15:22.917+0000: 3597.456: [GC [PSYoungGen: 886656K->896K(1064448K)] 1210536K->325168K(1751424K), 0.0223670 secs] [Times: user=0.08 sys=0.00, real=0.02 secs] 
2014-07-16T03:15:25.333+0000: 3599.872: [GC [PSYoungGen: 1064448K->416K(1276736K)] 1388720K->324840K(1963712K), 0.0210270 secs] [Times: user=0.09 sys=0.00, real=0.02 secs] 
2014-07-16T03:15:28.236+0000: 3602.775: [GC [PSYoungGen: 1276704K->580K(1223872K)] 1601128K->325236K(1910848K), 0.0091050 secs] [Times: user=0.03 sys=0.00, real=0.01 secs] 
2014-07-16T03:15:30.960+0000: 3605.499: [GC [PSYoungGen: 1223742K->612K(1173376K)] 1548399K->325404K(1860352K), 0.0170540 secs] [Times: user=0.06 sys=0.00, real=0.02 secs] 
2014-07-16T03:15:33.674+0000: 3608.213: [GC [PSYoungGen: 1173248K->498K(1125184K)] 1498040K->325434K(1812160K), 0.0326040 secs] [Times: user=0.13 sys=0.00, real=0.03 secs] 
2014-07-16T03:15:36.167+0000: 3610.706: [GC [PSYoungGen: 1125168K->544K(1079552K)] 1450105K->325712K(1766528K), 0.0249590 secs] [Times: user=0.09 sys=0.00, real=0.02 secs] 
2014-07-16T03:15:38.643+0000: 3613.182: [GC [PSYoungGen: 1079472K->676K(1036160K)] 1404641K->325980K(1723136K), 0.0222760 secs] [Times: user=0.07 sys=0.00, real=0.03 secs] 
2014-07-16T03:15:40.927+0000: 3615.466: [GC [PSYoungGen: 1036132K->352K(994432K)] 1361436K->325784K(1681408K), 0.0078920 secs] [Times: user=0.02 sys=0.00, real=0.01 secs] 
2014-07-16T03:15:43.256+0000: 3617.795: [GC [PSYoungGen: 994400K->868K(955520K)] 1319832K->326884K(1642496K), 0.0136920 secs] [Times: user=0.03 sys=0.01, real=0.01 secs] 
2014-07-16T03:15:45.365+0000: 3619.904: [GC [PSYoungGen: 955492K->530K(917632K)] 1281508K->326722K(1604608K), 0.0077670 secs] [Times: user=0.02 sys=0.00, real=0.00 secs] 
2014-07-16T03:15:47.396+0000: 3621.935: [GC [PSYoungGen: 917586K->352K(881664K)] 1243778K->326776K(1568640K), 0.0204910 secs] [Times: user=0.08 sys=0.00, real=0.02 secs] 
2014-07-16T03:15:49.433+0000: 3623.972: [GC [PSYoungGen: 881601K->192K(847424K)] 1208025K->326688K(1534400K), 0.0143220 secs] [Times: user=0.05 sys=0.00, real=0.02 secs] 
2014-07-16T03:15:51.913+0000: 3626.452: [GC [PSYoungGen: 847424K->128K(814912K)] 1173920K->326744K(1501888K), 0.0284440 secs] [Times: user=0.11 sys=0.00, real=0.03 secs] 
2014-07-16T03:15:55.127+0000: 3629.666: [GC [PSYoungGen: 814912K->224K(785152K)] 1141528K->326912K(1472128K), 0.0115150 secs] [Times: user=0.02 sys=0.00, real=0.01 secs] 
2014-07-16T03:15:58.648+0000: 3633.187: [GC [PSYoungGen: 784096K->260K(754752K)] 1110784K->327004K(1441728K), 0.0076810 secs] [Times: user=0.02 sys=0.00, real=0.01 secs] 
2014-07-16T03:16:02.443+0000: 3636.982: [GC [PSYoungGen: 754692K->146K(726528K)] 1081436K->326922K(1413504K), 0.0050720 secs] [Times: user=0.01 sys=0.00, real=0.01 secs] 
Heap
 PSYoungGen      total 726528K, used 498118K [0x0000000755560000, 0x00000007c5ff0000, 0x0000000800000000)
  eden space 726336K, 68% used [0x0000000755560000,0x0000000773bad398,0x0000000781ab0000)
  from space 192K, 76% used [0x00000007c5dd0000,0x00000007c5df4810,0x00000007c5e00000)
  to   space 1152K, 0% used [0x00000007c5ed0000,0x00000007c5ed0000,0x00000007c5ff0000)
 ParOldGen       total 686976K, used 326776K [0x0000000600000000, 0x0000000629ee0000, 0x0000000755560000)
  object space 686976K, 47% used [0x0000000600000000,0x0000000613f1e290,0x0000000629ee0000)
 PSPermGen       total 21248K, used 11723K [0x00000005f5a00000, 0x00000005f6ec0000, 0x0000000600000000)
  object space 21248K, 55% used [0x00000005f5a00000,0x00000005f6572c00,0x00000005f6ec0000)
