2014-07-16T02:15:48.178+0000: 22.717: [GC [PSYoungGen: 257728K->11214K(300608K)] 257728K->11222K(987584K), 0.0219910 secs] [Times: user=0.05 sys=0.01, real=0.02 secs] 
2014-07-16T02:15:52.420+0000: 26.959: [GC [PSYoungGen: 268942K->12513K(300608K)] 268950K->12529K(987584K), 0.0097480 secs] [Times: user=0.03 sys=0.01, real=0.01 secs] 
2014-07-16T02:15:55.222+0000: 29.761: [GC [PSYoungGen: 270241K->12609K(300608K)] 270257K->12633K(987584K), 0.0060380 secs] [Times: user=0.03 sys=0.00, real=0.01 secs] 
2014-07-16T02:15:57.582+0000: 32.120: [GC [PSYoungGen: 270337K->12945K(300608K)] 270361K->12977K(987584K), 0.0209340 secs] [Times: user=0.14 sys=0.00, real=0.02 secs] 
2014-07-16T02:16:00.269+0000: 34.807: [GC [PSYoungGen: 270673K->12849K(264192K)] 270705K->12889K(951168K), 0.0128130 secs] [Times: user=0.05 sys=0.00, real=0.02 secs] 
2014-07-16T02:16:02.632+0000: 37.170: [GC [PSYoungGen: 264177K->12929K(258176K)] 264217K->12977K(945152K), 0.0106710 secs] [Times: user=0.05 sys=0.01, real=0.01 secs] 
2014-07-16T02:16:04.505+0000: 39.044: [GC [PSYoungGen: 258113K->7557K(246848K)] 258161K->19266K(933824K), 0.0234080 secs] [Times: user=0.15 sys=0.02, real=0.02 secs] 
2014-07-16T02:16:05.963+0000: 40.501: [GC [PSYoungGen: 246723K->7086K(240640K)] 258433K->23291K(927616K), 0.0055510 secs] [Times: user=0.03 sys=0.02, real=0.00 secs] 
2014-07-16T02:16:07.404+0000: 41.943: [GC [PSYoungGen: 240622K->8532K(236608K)] 256827K->24865K(923584K), 0.0092420 secs] [Times: user=0.05 sys=0.00, real=0.01 secs] 
2014-07-16T02:16:08.896+0000: 43.434: [GC [PSYoungGen: 236562K->2129K(224896K)] 252895K->25069K(911872K), 0.0055480 secs] [Times: user=0.03 sys=0.00, real=0.01 secs] 
2014-07-16T02:16:10.278+0000: 44.816: [GC [PSYoungGen: 224849K->950K(218560K)] 247789K->25569K(905536K), 0.0045250 secs] [Times: user=0.03 sys=0.01, real=0.01 secs] 
2014-07-16T02:16:11.662+0000: 46.201: [GC [PSYoungGen: 218550K->598K(213312K)] 243169K->25839K(900288K), 0.0074210 secs] [Times: user=0.04 sys=0.00, real=0.00 secs] 
2014-07-16T02:16:13.096+0000: 47.635: [GC [PSYoungGen: 213269K->1612K(209536K)] 238510K->26957K(896512K), 0.0053430 secs] [Times: user=0.03 sys=0.00, real=0.01 secs] 
2014-07-16T02:16:14.460+0000: 48.999: [GC [PSYoungGen: 209463K->834K(211584K)] 234808K->26511K(898560K), 0.0075430 secs] [Times: user=0.05 sys=0.00, real=0.01 secs] 
2014-07-16T02:16:15.752+0000: 50.290: [GC [PSYoungGen: 204098K->630K(199424K)] 229775K->26411K(886400K), 0.0058420 secs] [Times: user=0.03 sys=0.00, real=0.00 secs] 
2014-07-16T02:16:17.003+0000: 51.541: [GC [PSYoungGen: 199414K->594K(208192K)] 225195K->26439K(895168K), 0.0049330 secs] [Times: user=0.02 sys=0.00, real=0.00 secs] 
2014-07-16T02:16:18.254+0000: 52.793: [GC [PSYoungGen: 195043K->516K(190912K)] 220888K->26457K(877888K), 0.0072470 secs] [Times: user=0.03 sys=0.00, real=0.00 secs] 
2014-07-16T02:16:19.477+0000: 54.015: [GC [PSYoungGen: 190852K->466K(199296K)] 216793K->26487K(886272K), 0.0053620 secs] [Times: user=0.02 sys=0.00, real=0.01 secs] 
2014-07-16T02:16:20.657+0000: 55.196: [GC [PSYoungGen: 186769K->734K(183168K)] 212790K->26795K(870144K), 0.0061980 secs] [Times: user=0.03 sys=0.00, real=0.01 secs] 
2014-07-16T02:16:21.878+0000: 56.417: [GC [PSYoungGen: 183134K->384K(190784K)] 209195K->26493K(877760K), 0.0095230 secs] [Times: user=0.05 sys=0.00, real=0.01 secs] 
2014-07-16T02:16:23.055+0000: 57.594: [GC [PSYoungGen: 179008K->594K(175616K)] 205117K->26775K(862592K), 0.0065350 secs] [Times: user=0.03 sys=0.00, real=0.01 secs] 
2014-07-16T02:16:24.194+0000: 58.733: [GC [PSYoungGen: 175537K->566K(182336K)] 201718K->26811K(869312K), 0.0060490 secs] [Times: user=0.03 sys=0.00, real=0.00 secs] 
2014-07-16T02:16:25.298+0000: 59.837: [GC [PSYoungGen: 172017K->976K(169088K)] 198262K->27301K(856064K), 0.0056890 secs] [Times: user=0.02 sys=0.00, real=0.01 secs] 
2014-07-16T02:16:26.360+0000: 60.898: [GC [PSYoungGen: 169040K->944K(174400K)] 195365K->27333K(861376K), 0.0054810 secs] [Times: user=0.02 sys=0.00, real=0.01 secs] 
2014-07-16T02:16:27.373+0000: 61.911: [GC [PSYoungGen: 165744K->434K(162048K)] 192133K->26895K(849024K), 0.0061130 secs] [Times: user=0.02 sys=0.01, real=0.01 secs] 
2014-07-16T02:16:28.404+0000: 62.943: [GC [PSYoungGen: 162034K->534K(167168K)] 188495K->27051K(854144K), 0.0072100 secs] [Times: user=0.04 sys=0.00, real=0.00 secs] 
2014-07-16T02:16:29.420+0000: 63.959: [GC [PSYoungGen: 159062K->520K(156096K)] 185579K->27101K(843072K), 0.0047980 secs] [Times: user=0.02 sys=0.00, real=0.01 secs] 
2014-07-16T02:16:30.435+0000: 64.974: [GC [PSYoungGen: 156040K->562K(160192K)] 182621K->27215K(847168K), 0.0088990 secs] [Times: user=0.04 sys=0.01, real=0.01 secs] 
2014-07-16T02:16:31.464+0000: 66.003: [GC [PSYoungGen: 153180K->698K(150528K)] 179833K->27415K(837504K), 0.0079110 secs] [Times: user=0.05 sys=0.01, real=0.01 secs] 
2014-07-16T02:16:32.449+0000: 66.987: [GC [PSYoungGen: 150522K->356K(153600K)] 177239K->27105K(840576K), 0.0051150 secs] [Times: user=0.02 sys=0.00, real=0.01 secs] 
2014-07-16T02:16:33.439+0000: 67.978: [GC [PSYoungGen: 147428K->822K(145280K)] 174177K->27643K(832256K), 0.0029110 secs] [Times: user=0.01 sys=0.00, real=0.00 secs] 
2014-07-16T02:16:34.333+0000: 68.872: [GC [PSYoungGen: 145270K->466K(147520K)] 172091K->27351K(834496K), 0.0051100 secs] [Times: user=0.03 sys=0.00, real=0.01 secs] 
2014-07-16T02:16:35.206+0000: 69.745: [GC [PSYoungGen: 142354K->484K(139904K)] 169239K->27441K(826880K), 0.0052590 secs] [Times: user=0.02 sys=0.01, real=0.00 secs] 
2014-07-16T02:16:36.079+0000: 70.618: [GC [PSYoungGen: 139870K->666K(141568K)] 166828K->27711K(828544K), 0.0035480 secs] [Times: user=0.02 sys=0.00, real=0.00 secs] 
2014-07-16T02:16:36.890+0000: 71.429: [GC [PSYoungGen: 137626K->402K(135040K)] 164671K->27503K(822016K), 0.0035530 secs] [Times: user=0.01 sys=0.00, real=0.00 secs] 
2014-07-16T02:16:37.660+0000: 72.199: [GC [PSYoungGen: 134994K->630K(136256K)] 162095K->27795K(823232K), 0.0036320 secs] [Times: user=0.01 sys=0.00, real=0.00 secs] 
2014-07-16T02:16:38.429+0000: 72.968: [GC [PSYoungGen: 132918K->570K(130624K)] 160083K->27775K(817600K), 0.0040110 secs] [Times: user=0.02 sys=0.00, real=0.00 secs] 
2014-07-16T02:16:39.139+0000: 73.677: [GC [PSYoungGen: 130617K->594K(131200K)] 157822K->27847K(818176K), 0.0029870 secs] [Times: user=0.01 sys=0.00, real=0.00 secs] 
2014-07-16T02:16:39.858+0000: 74.396: [GC [PSYoungGen: 128466K->680K(126464K)] 155719K->28029K(813440K), 0.0054230 secs] [Times: user=0.03 sys=0.00, real=0.00 secs] 
2014-07-16T02:16:40.548+0000: 75.087: [GC [PSYoungGen: 126440K->384K(126464K)] 153789K->27821K(813440K), 0.0037450 secs] [Times: user=0.01 sys=0.00, real=0.00 secs] 
2014-07-16T02:16:41.226+0000: 75.765: [GC [PSYoungGen: 124008K->530K(122304K)] 151446K->28055K(809280K), 0.0047510 secs] [Times: user=0.02 sys=0.01, real=0.00 secs] 
2014-07-16T02:16:41.933+0000: 76.472: [GC [PSYoungGen: 122237K->452K(122176K)] 149762K->28025K(809152K), 0.0055890 secs] [Times: user=0.02 sys=0.00, real=0.01 secs] 
2014-07-16T02:16:42.596+0000: 77.135: [GC [PSYoungGen: 120229K->648K(118656K)] 147802K->28285K(805632K), 0.0046600 secs] [Times: user=0.02 sys=0.00, real=0.00 secs] 
2014-07-16T02:16:43.253+0000: 77.791: [GC [PSYoungGen: 118600K->402K(117888K)] 146237K->28103K(804864K), 0.0045260 secs] [Times: user=0.02 sys=0.00, real=0.01 secs] 
2014-07-16T02:16:43.922+0000: 78.460: [GC [PSYoungGen: 116562K->634K(115008K)] 144263K->28383K(801984K), 0.0036200 secs] [Times: user=0.01 sys=0.00, real=0.00 secs] 
2014-07-16T02:16:44.567+0000: 79.105: [GC [PSYoungGen: 115002K->498K(113408K)] 142751K->28343K(800384K), 0.0047050 secs] [Times: user=0.02 sys=0.00, real=0.00 secs] 
2014-07-16T02:16:45.191+0000: 79.730: [GC [PSYoungGen: 113138K->848K(111872K)] 140983K->28757K(798848K), 0.0042640 secs] [Times: user=0.01 sys=0.00, real=0.00 secs] 
2014-07-16T02:16:45.835+0000: 80.373: [GC [PSYoungGen: 111824K->644K(110016K)] 139733K->28609K(796992K), 0.0052480 secs] [Times: user=0.02 sys=0.00, real=0.01 secs] 
2014-07-16T02:16:46.459+0000: 80.998: [GC [PSYoungGen: 109956K->562K(108288K)] 137921K->28591K(795264K), 0.0031610 secs] [Times: user=0.01 sys=0.00, real=0.00 secs] 
2014-07-16T02:16:47.053+0000: 81.591: [GC [PSYoungGen: 108274K->802K(107008K)] 136303K->28903K(793984K), 0.0060480 secs] [Times: user=0.04 sys=0.00, real=0.01 secs] 
2014-07-16T02:16:47.637+0000: 82.175: [GC [PSYoungGen: 106978K->512K(105152K)] 135079K->28733K(792128K), 0.0040040 secs] [Times: user=0.02 sys=0.00, real=0.00 secs] 
2014-07-16T02:16:48.238+0000: 82.776: [GC [PSYoungGen: 105152K->516K(103744K)] 133373K->28817K(790720K), 0.0071170 secs] [Times: user=0.04 sys=0.00, real=0.00 secs] 
2014-07-16T02:16:48.819+0000: 83.358: [GC [PSYoungGen: 103684K->780K(102528K)] 131985K->29161K(789504K), 0.0080250 secs] [Times: user=0.05 sys=0.00, real=0.01 secs] 
2014-07-16T02:16:49.383+0000: 83.922: [GC [PSYoungGen: 102476K->780K(101120K)] 130857K->29225K(788096K), 0.0059630 secs] [Times: user=0.03 sys=0.00, real=0.01 secs] 
2014-07-16T02:16:50.011+0000: 84.550: [GC [PSYoungGen: 101068K->1108K(100096K)] 129513K->29617K(787072K), 0.0071250 secs] [Times: user=0.04 sys=0.00, real=0.01 secs] 
2014-07-16T02:16:50.579+0000: 85.117: [GC [PSYoungGen: 100007K->598K(98240K)] 128516K->29147K(785216K), 0.0029500 secs] [Times: user=0.01 sys=0.00, real=0.00 secs] 
2014-07-16T02:16:51.109+0000: 85.648: [GC [PSYoungGen: 98154K->516K(96896K)] 126704K->29105K(783872K), 0.0035400 secs] [Times: user=0.01 sys=0.01, real=0.00 secs] 
2014-07-16T02:16:51.640+0000: 86.179: [GC [PSYoungGen: 96794K->470K(95552K)] 125383K->29099K(782528K), 0.0055820 secs] [Times: user=0.02 sys=0.00, real=0.00 secs] 
2014-07-16T02:16:52.143+0000: 86.682: [GC [PSYoungGen: 95510K->320K(94080K)] 124139K->28997K(781056K), 0.0043930 secs] [Times: user=0.02 sys=0.00, real=0.01 secs] 
2014-07-16T02:16:52.629+0000: 87.168: [GC [PSYoungGen: 94048K->1080K(93632K)] 122726K->29837K(780608K), 0.0045720 secs] [Times: user=0.03 sys=0.00, real=0.00 secs] 
2014-07-16T02:16:53.129+0000: 87.667: [GC [PSYoungGen: 93623K->452K(91840K)] 122380K->29257K(778816K), 0.0063110 secs] [Times: user=0.03 sys=0.00, real=0.00 secs] 
2014-07-16T02:16:53.611+0000: 88.150: [GC [PSYoungGen: 91780K->480K(90688K)] 120585K->29349K(777664K), 0.0050750 secs] [Times: user=0.02 sys=0.00, real=0.00 secs] 
2014-07-16T02:16:54.111+0000: 88.650: [GC [PSYoungGen: 90656K->498K(99712K)] 119525K->29431K(786688K), 0.0068280 secs] [Times: user=0.04 sys=0.01, real=0.01 secs] 
2014-07-16T02:16:54.614+0000: 89.153: [GC [PSYoungGen: 98475K->680K(97344K)] 127408K->29685K(784320K), 0.0038970 secs] [Times: user=0.02 sys=0.00, real=0.01 secs] 
2014-07-16T02:16:55.116+0000: 89.655: [GC [PSYoungGen: 97320K->716K(96128K)] 126325K->29801K(783104K), 0.0035430 secs] [Times: user=0.02 sys=0.00, real=0.01 secs] 
2014-07-16T02:16:55.608+0000: 90.146: [GC [PSYoungGen: 96076K->858K(94976K)] 125161K->30023K(781952K), 0.0030180 secs] [Times: user=0.01 sys=0.00, real=0.00 secs] 
2014-07-16T02:16:56.087+0000: 90.626: [GC [PSYoungGen: 94920K->1152K(94080K)] 124086K->30389K(781056K), 0.0042370 secs] [Times: user=0.02 sys=0.00, real=0.01 secs] 
2014-07-16T02:16:56.562+0000: 91.100: [GC [PSYoungGen: 94016K->836K(92544K)] 123253K->30153K(779520K), 0.0042210 secs] [Times: user=0.02 sys=0.00, real=0.00 secs] 
2014-07-16T02:16:57.025+0000: 91.563: [GC [PSYoungGen: 92484K->698K(91200K)] 121801K->30095K(778176K), 0.0056660 secs] [Times: user=0.04 sys=0.00, real=0.01 secs] 
2014-07-16T02:16:57.546+0000: 92.084: [GC [PSYoungGen: 91194K->562K(89920K)] 120591K->30023K(776896K), 0.0047370 secs] [Times: user=0.02 sys=0.00, real=0.01 secs] 
2014-07-16T02:16:58.023+0000: 92.562: [GC [PSYoungGen: 89906K->562K(88832K)] 119367K->30111K(775808K), 0.0053500 secs] [Times: user=0.03 sys=0.00, real=0.01 secs] 
2014-07-16T02:16:58.497+0000: 93.035: [GC [PSYoungGen: 88818K->612K(87808K)] 118367K->30217K(774784K), 0.0038700 secs] [Times: user=0.01 sys=0.01, real=0.01 secs] 
2014-07-16T02:16:58.954+0000: 93.492: [GC [PSYoungGen: 87780K->530K(86656K)] 117385K->30247K(773632K), 0.0038100 secs] [Times: user=0.03 sys=0.00, real=0.00 secs] 
2014-07-16T02:16:59.399+0000: 93.937: [GC [PSYoungGen: 86610K->498K(85568K)] 116327K->30279K(772544K), 0.0048640 secs] [Times: user=0.02 sys=0.00, real=0.00 secs] 
2014-07-16T02:16:59.844+0000: 94.382: [GC [PSYoungGen: 85524K->598K(102848K)] 115305K->30419K(789824K), 0.0057750 secs] [Times: user=0.04 sys=0.00, real=0.01 secs] 
2014-07-16T02:17:00.374+0000: 94.912: [GC [PSYoungGen: 102166K->498K(100672K)] 131987K->30391K(787648K), 0.0040480 secs] [Times: user=0.02 sys=0.00, real=0.00 secs] 
2014-07-16T02:17:00.896+0000: 95.435: [GC [PSYoungGen: 100614K->1068K(99904K)] 130507K->31041K(786880K), 0.0037360 secs] [Times: user=0.02 sys=0.01, real=0.01 secs] 
2014-07-16T02:17:01.409+0000: 95.948: [GC [PSYoungGen: 99884K->552K(98048K)] 129857K->30605K(785024K), 0.0053490 secs] [Times: user=0.03 sys=0.00, real=0.00 secs] 
2014-07-16T02:17:01.913+0000: 96.451: [GC [PSYoungGen: 98024K->748K(101760K)] 128077K->30849K(788736K), 0.0075690 secs] [Times: user=0.04 sys=0.00, real=0.01 secs] 
2014-07-16T02:17:02.420+0000: 96.958: [GC [PSYoungGen: 101199K->816K(118208K)] 131301K->30981K(805184K), 0.0077460 secs] [Times: user=0.05 sys=0.00, real=0.00 secs] 
2014-07-16T02:17:03.001+0000: 97.540: [GC [PSYoungGen: 117783K->416K(118208K)] 147949K->30677K(805184K), 0.0039810 secs] [Times: user=0.02 sys=0.00, real=0.00 secs] 
2014-07-16T02:17:03.612+0000: 98.150: [GC [PSYoungGen: 117406K->448K(115648K)] 147668K->30773K(802624K), 0.0031640 secs] [Times: user=0.01 sys=0.00, real=0.00 secs] 
2014-07-16T02:17:04.194+0000: 98.732: [GC [PSYoungGen: 115647K->812K(114304K)] 145972K->31217K(801280K), 0.0041900 secs] [Times: user=0.02 sys=0.01, real=0.00 secs] 
2014-07-16T02:17:04.813+0000: 99.352: [GC [PSYoungGen: 114282K->1094K(112896K)] 144688K->31555K(799872K), 0.0055440 secs] [Times: user=0.03 sys=0.00, real=0.00 secs] 
2014-07-16T02:17:05.317+0000: 99.856: [GC [PSYoungGen: 112837K->498K(110592K)] 143299K->31071K(797568K), 0.0041790 secs] [Times: user=0.02 sys=0.00, real=0.01 secs] 
2014-07-16T02:17:05.868+0000: 100.406: [GC [PSYoungGen: 110578K->766K(109248K)] 141151K->31395K(796224K), 0.0047720 secs] [Times: user=0.02 sys=0.00, real=0.01 secs] 
2014-07-16T02:17:06.404+0000: 100.943: [GC [PSYoungGen: 109246K->812K(107712K)] 139875K->31497K(794688K), 0.0036160 secs] [Times: user=0.02 sys=0.00, real=0.00 secs] 
2014-07-16T02:17:06.920+0000: 101.458: [GC [PSYoungGen: 107692K->448K(105792K)] 138377K->31229K(792768K), 0.0045680 secs] [Times: user=0.03 sys=0.00, real=0.00 secs] 
2014-07-16T02:17:07.420+0000: 101.959: [GC [PSYoungGen: 105763K->798K(104704K)] 136545K->31635K(791680K), 0.0049610 secs] [Times: user=0.02 sys=0.01, real=0.00 secs] 
2014-07-16T02:17:07.926+0000: 102.464: [GC [PSYoungGen: 104670K->384K(125056K)] 135507K->31261K(812032K), 0.0092210 secs] [Times: user=0.05 sys=0.00, real=0.01 secs] 
2014-07-16T02:17:08.534+0000: 103.073: [GC [PSYoungGen: 125054K->352K(123072K)] 155931K->31285K(810048K), 0.0034270 secs] [Times: user=0.01 sys=0.00, real=0.00 secs] 
2014-07-16T02:17:09.095+0000: 103.634: [GC [PSYoungGen: 123040K->466K(121280K)] 153973K->31471K(808256K), 0.0056480 secs] [Times: user=0.03 sys=0.00, real=0.01 secs] 
2014-07-16T02:17:09.658+0000: 104.196: [GC [PSYoungGen: 121234K->498K(119360K)] 152239K->31567K(806336K), 0.0030570 secs] [Times: user=0.01 sys=0.00, real=0.01 secs] 
2014-07-16T02:17:10.228+0000: 104.767: [GC [PSYoungGen: 119346K->384K(117376K)] 150415K->31541K(804352K), 0.0030450 secs] [Times: user=0.02 sys=0.00, real=0.01 secs] 
2014-07-16T02:17:10.796+0000: 105.334: [GC [PSYoungGen: 117355K->598K(115840K)] 148513K->31859K(802816K), 0.0035090 secs] [Times: user=0.01 sys=0.00, real=0.00 secs] 
2014-07-16T02:17:11.355+0000: 105.893: [GC [PSYoungGen: 115795K->702K(114176K)] 147056K->32003K(801152K), 0.0049560 secs] [Times: user=0.02 sys=0.00, real=0.00 secs] 
2014-07-16T02:17:11.923+0000: 106.462: [GC [PSYoungGen: 114174K->676K(112448K)] 145475K->32025K(799424K), 0.0032720 secs] [Times: user=0.01 sys=0.01, real=0.00 secs] 
2014-07-16T02:17:12.470+0000: 107.008: [GC [PSYoungGen: 112420K->826K(110912K)] 143769K->32215K(797888K), 0.0043680 secs] [Times: user=0.02 sys=0.00, real=0.01 secs] 
2014-07-16T02:17:13.009+0000: 107.548: [GC [PSYoungGen: 110899K->676K(109184K)] 142289K->32169K(796160K), 0.0040640 secs] [Times: user=0.02 sys=0.00, real=0.01 secs] 
2014-07-16T02:17:13.523+0000: 108.062: [GC [PSYoungGen: 109156K->818K(107712K)] 140649K->32491K(794688K), 0.0025570 secs] [Times: user=0.02 sys=0.00, real=0.00 secs] 
2014-07-16T02:17:14.021+0000: 108.559: [GC [PSYoungGen: 107640K->698K(106048K)] 139314K->32435K(793024K), 0.0033170 secs] [Times: user=0.02 sys=0.00, real=0.00 secs] 
2014-07-16T02:17:14.508+0000: 109.046: [GC [PSYoungGen: 106031K->898K(104832K)] 137768K->32715K(791808K), 0.0027580 secs] [Times: user=0.01 sys=0.00, real=0.01 secs] 
2014-07-16T02:17:15.000+0000: 109.539: [GC [PSYoungGen: 104770K->982K(103424K)] 136587K->32871K(790400K), 0.0073630 secs] [Times: user=0.04 sys=0.00, real=0.00 secs] 
2014-07-16T02:17:15.447+0000: 109.986: [GC [PSYoungGen: 103382K->470K(101504K)] 135271K->32415K(788480K), 0.0031240 secs] [Times: user=0.01 sys=0.01, real=0.01 secs] 
2014-07-16T02:17:15.913+0000: 110.452: [GC [PSYoungGen: 101462K->544K(100160K)] 133407K->32561K(787136K), 0.0040560 secs] [Times: user=0.03 sys=0.00, real=0.00 secs] 
2014-07-16T02:17:16.401+0000: 110.940: [GC [PSYoungGen: 100128K->612K(98880K)] 132145K->32709K(785856K), 0.0039730 secs] [Times: user=0.02 sys=0.00, real=0.00 secs] 
2014-07-16T02:17:16.889+0000: 111.428: [GC [PSYoungGen: 98852K->784K(97728K)] 130949K->32945K(784704K), 0.0041250 secs] [Times: user=0.02 sys=0.00, real=0.01 secs] 
2014-07-16T02:17:17.315+0000: 111.853: [GC [PSYoungGen: 97603K->802K(96448K)] 129765K->33027K(783424K), 0.0029680 secs] [Times: user=0.01 sys=0.00, real=0.00 secs] 
2014-07-16T02:17:17.728+0000: 112.267: [GC [PSYoungGen: 96418K->420K(115200K)] 128643K->32685K(802176K), 0.0093080 secs] [Times: user=0.06 sys=0.00, real=0.01 secs] 
2014-07-16T02:17:18.220+0000: 112.759: [GC [PSYoungGen: 115172K->338K(127936K)] 147437K->32651K(814912K), 0.0053870 secs] [Times: user=0.03 sys=0.01, real=0.01 secs] 
2014-07-16T02:17:18.795+0000: 113.333: [GC [PSYoungGen: 127186K->676K(128064K)] 159499K->33053K(815040K), 0.0048570 secs] [Times: user=0.02 sys=0.01, real=0.00 secs] 
2014-07-16T02:17:19.406+0000: 113.945: [GC [PSYoungGen: 127524K->580K(125440K)] 159901K->33021K(812416K), 0.0038850 secs] [Times: user=0.02 sys=0.00, real=0.00 secs] 
2014-07-16T02:17:19.945+0000: 114.484: [GC [PSYoungGen: 125380K->448K(123264K)] 157821K->32969K(810240K), 0.0043220 secs] [Times: user=0.03 sys=0.00, real=0.00 secs] 
2014-07-16T02:17:20.422+0000: 114.961: [GC [PSYoungGen: 123264K->690K(121600K)] 155785K->33299K(808576K), 0.0023210 secs] [Times: user=0.01 sys=0.00, real=0.00 secs] 
2014-07-16T02:17:20.918+0000: 115.457: [GC [PSYoungGen: 121558K->830K(119808K)] 154168K->33511K(806784K), 0.0022510 secs] [Times: user=0.01 sys=0.01, real=0.00 secs] 
2014-07-16T02:17:21.409+0000: 115.948: [GC [PSYoungGen: 119778K->702K(117824K)] 152459K->33577K(804800K), 0.0032470 secs] [Times: user=0.01 sys=0.01, real=0.01 secs] 
2014-07-16T02:17:21.897+0000: 116.436: [GC [PSYoungGen: 117819K->534K(115904K)] 150695K->33473K(802880K), 0.0037920 secs] [Times: user=0.02 sys=0.01, real=0.01 secs] 
2014-07-16T02:17:22.378+0000: 116.917: [GC [PSYoungGen: 115862K->726K(114368K)] 148801K->33787K(801344K), 0.0045970 secs] [Times: user=0.02 sys=0.01, real=0.01 secs] 
2014-07-16T02:17:22.888+0000: 117.427: [GC [PSYoungGen: 114326K->886K(112768K)] 147387K->34011K(799744K), 0.0086390 secs] [Times: user=0.04 sys=0.01, real=0.01 secs] 
2014-07-16T02:17:23.362+0000: 117.901: [GC [PSYoungGen: 112758K->434K(110656K)] 145883K->33623K(797632K), 0.0042740 secs] [Times: user=0.02 sys=0.00, real=0.00 secs] 
2014-07-16T02:17:23.806+0000: 118.345: [GC [PSYoungGen: 110642K->548K(109184K)] 143831K->33801K(796160K), 0.0030350 secs] [Times: user=0.01 sys=0.00, real=0.00 secs] 
2014-07-16T02:17:24.235+0000: 118.773: [GC [PSYoungGen: 109156K->626K(107648K)] 142409K->33943K(794624K), 0.0052310 secs] [Times: user=0.04 sys=0.00, real=0.00 secs] 
2014-07-16T02:17:24.685+0000: 119.223: [GC [PSYoungGen: 107634K->530K(129024K)] 140951K->33903K(816000K), 0.0077350 secs] [Times: user=0.05 sys=0.00, real=0.01 secs] 
2014-07-16T02:17:25.239+0000: 119.778: [GC [PSYoungGen: 128941K->452K(126848K)] 162314K->33897K(813824K), 0.0025810 secs] [Times: user=0.01 sys=0.00, real=0.00 secs] 
2014-07-16T02:17:25.762+0000: 120.300: [GC [PSYoungGen: 126788K->484K(124800K)] 160233K->33977K(811776K), 0.0048010 secs] [Times: user=0.03 sys=0.01, real=0.01 secs] 
2014-07-16T02:17:26.267+0000: 120.806: [GC [PSYoungGen: 124772K->534K(122880K)] 158265K->34091K(809856K), 0.0057110 secs] [Times: user=0.03 sys=0.00, real=0.01 secs] 
2014-07-16T02:17:26.746+0000: 121.285: [GC [PSYoungGen: 122838K->594K(121024K)] 156395K->34223K(808000K), 0.0030320 secs] [Times: user=0.01 sys=0.00, real=0.00 secs] 
2014-07-16T02:17:27.207+0000: 121.746: [GC [PSYoungGen: 120978K->798K(119360K)] 154607K->34523K(806336K), 0.0026980 secs] [Times: user=0.01 sys=0.00, real=0.00 secs] 
2014-07-16T02:17:27.675+0000: 122.214: [GC [PSYoungGen: 119326K->1012K(117696K)] 153051K->34817K(804672K), 0.0031100 secs] [Times: user=0.01 sys=0.00, real=0.00 secs] 
2014-07-16T02:17:28.133+0000: 122.672: [GC [PSYoungGen: 117684K->242K(115136K)] 151489K->34383K(802112K), 0.0056110 secs] [Times: user=0.03 sys=0.00, real=0.00 secs] 
2014-07-16T02:17:28.644+0000: 123.183: [GC [PSYoungGen: 115121K->804K(113984K)] 149262K->35009K(800960K), 0.0049110 secs] [Times: user=0.03 sys=0.00, real=0.00 secs] 
2014-07-16T02:17:29.085+0000: 123.623: [GC [PSYoungGen: 113913K->502K(112000K)] 148118K->34829K(798976K), 0.0039330 secs] [Times: user=0.02 sys=0.01, real=0.00 secs] 
2014-07-16T02:17:29.532+0000: 124.071: [GC [PSYoungGen: 111969K->388K(110272K)] 146297K->34755K(797248K), 0.0026200 secs] [Times: user=0.01 sys=0.00, real=0.01 secs] 
2014-07-16T02:17:29.981+0000: 124.520: [GC [PSYoungGen: 110212K->530K(108800K)] 144579K->34985K(795776K), 0.0074440 secs] [Times: user=0.04 sys=0.01, real=0.01 secs] 
2014-07-16T02:17:30.413+0000: 124.951: [GC [PSYoungGen: 108753K->612K(107264K)] 143209K->35139K(794240K), 0.0030130 secs] [Times: user=0.02 sys=0.01, real=0.01 secs] 
2014-07-16T02:17:30.827+0000: 125.365: [GC [PSYoungGen: 107236K->516K(105664K)] 141763K->35099K(792640K), 0.0046600 secs] [Times: user=0.03 sys=0.00, real=0.00 secs] 
2014-07-16T02:17:31.261+0000: 125.800: [GC [PSYoungGen: 105604K->598K(104256K)] 140187K->35221K(791232K), 0.0046790 secs] [Times: user=0.01 sys=0.01, real=0.01 secs] 
2014-07-16T02:17:31.669+0000: 126.207: [GC [PSYoungGen: 104214K->580K(124992K)] 138837K->35315K(811968K), 0.0049580 secs] [Times: user=0.03 sys=0.00, real=0.01 secs] 
2014-07-16T02:17:32.155+0000: 126.694: [GC [PSYoungGen: 124916K->644K(123072K)] 159652K->35451K(810048K), 0.0042040 secs] [Times: user=0.02 sys=0.00, real=0.00 secs] 
2014-07-16T02:17:32.641+0000: 127.179: [GC [PSYoungGen: 123011K->616K(121088K)] 157818K->35503K(808064K), 0.0025980 secs] [Times: user=0.02 sys=0.00, real=0.01 secs] 
2014-07-16T02:17:33.089+0000: 127.628: [GC [PSYoungGen: 121064K->948K(119552K)] 155951K->36071K(806528K), 0.0025840 secs] [Times: user=0.01 sys=0.00, real=0.00 secs] 
2014-07-16T02:17:33.540+0000: 128.079: [GC [PSYoungGen: 119540K->384K(117120K)] 154663K->35683K(804096K), 0.0057140 secs] [Times: user=0.03 sys=0.00, real=0.01 secs] 
2014-07-16T02:17:34.011+0000: 128.549: [GC [PSYoungGen: 117120K->1058K(116032K)] 152419K->36503K(803008K), 0.0038360 secs] [Times: user=0.01 sys=0.00, real=0.01 secs] 
2014-07-16T02:17:34.479+0000: 129.018: [GC [PSYoungGen: 116002K->384K(113600K)] 151447K->36051K(800576K), 0.0033400 secs] [Times: user=0.02 sys=0.00, real=0.00 secs] 
2014-07-16T02:17:34.905+0000: 129.444: [GC [PSYoungGen: 113600K->752K(136640K)] 149267K->36443K(823616K), 0.0071620 secs] [Times: user=0.03 sys=0.00, real=0.00 secs] 
2014-07-16T02:17:35.422+0000: 129.961: [GC [PSYoungGen: 136624K->498K(134080K)] 172315K->36245K(821056K), 0.0039040 secs] [Times: user=0.02 sys=0.00, real=0.01 secs] 
2014-07-16T02:17:35.946+0000: 130.485: [GC [PSYoungGen: 134045K->630K(131968K)] 169793K->36433K(818944K), 0.0037870 secs] [Times: user=0.01 sys=0.00, real=0.00 secs] 
2014-07-16T02:17:36.441+0000: 130.979: [GC [PSYoungGen: 131958K->662K(129856K)] 167761K->36553K(816832K), 0.0027170 secs] [Times: user=0.01 sys=0.00, real=0.00 secs] 
2014-07-16T02:17:36.933+0000: 131.472: [GC [PSYoungGen: 129814K->744K(127808K)] 165705K->36691K(814784K), 0.0039170 secs] [Times: user=0.01 sys=0.01, real=0.01 secs] 
2014-07-16T02:17:37.407+0000: 131.946: [GC [PSYoungGen: 127770K->416K(125440K)] 163717K->36427K(812416K), 0.0037910 secs] [Times: user=0.02 sys=0.00, real=0.00 secs] 
2014-07-16T02:17:37.868+0000: 132.407: [GC [PSYoungGen: 125408K->580K(123648K)] 161419K->36639K(810624K), 0.0032990 secs] [Times: user=0.01 sys=0.01, real=0.00 secs] 
2014-07-16T02:17:38.309+0000: 132.848: [GC [PSYoungGen: 123588K->534K(121600K)] 159647K->36633K(808576K), 0.0051200 secs] [Times: user=0.03 sys=0.00, real=0.01 secs] 
2014-07-16T02:17:38.800+0000: 133.339: [GC [PSYoungGen: 121558K->1086K(120192K)] 157657K->37241K(807168K), 0.0033600 secs] [Times: user=0.02 sys=0.00, real=0.00 secs] 
2014-07-16T02:17:39.204+0000: 133.743: [GC [PSYoungGen: 120190K->544K(117824K)] 156345K->36821K(804800K), 0.0038020 secs] [Times: user=0.01 sys=0.00, real=0.00 secs] 
2014-07-16T02:17:39.634+0000: 134.172: [GC [PSYoungGen: 117792K->722K(116224K)] 154069K->37063K(803200K), 0.0027680 secs] [Times: user=0.01 sys=0.00, real=0.01 secs] 
2014-07-16T02:17:40.062+0000: 134.601: [GC [PSYoungGen: 116178K->512K(114240K)] 152519K->36909K(801216K), 0.0035460 secs] [Times: user=0.02 sys=0.00, real=0.01 secs] 
2014-07-16T02:17:40.492+0000: 135.030: [GC [PSYoungGen: 114240K->786K(112832K)] 150637K->37255K(799808K), 0.0053820 secs] [Times: user=0.02 sys=0.00, real=0.01 secs] 
2014-07-16T02:17:40.912+0000: 135.450: [GC [PSYoungGen: 112786K->530K(110912K)] 149255K->37087K(797888K), 0.0025430 secs] [Times: user=0.01 sys=0.00, real=0.01 secs] 
2014-07-16T02:17:41.309+0000: 135.848: [GC [PSYoungGen: 110850K->580K(109376K)] 147408K->37217K(796352K), 0.0040240 secs] [Times: user=0.02 sys=0.00, real=0.00 secs] 
2014-07-16T02:17:41.725+0000: 136.263: [GC [PSYoungGen: 109298K->866K(108032K)] 145936K->37559K(795008K), 0.0045670 secs] [Times: user=0.03 sys=0.00, real=0.00 secs] 
2014-07-16T02:17:42.099+0000: 136.638: [GC [PSYoungGen: 107967K->1044K(106688K)] 144661K->37801K(793664K), 0.0046220 secs] [Times: user=0.03 sys=0.00, real=0.00 secs] 
2014-07-16T02:17:42.487+0000: 137.025: [GC [PSYoungGen: 106644K->256K(104384K)] 143401K->37361K(791360K), 0.0035630 secs] [Times: user=0.01 sys=0.00, real=0.00 secs] 
2014-07-16T02:17:42.877+0000: 137.416: [GC [PSYoungGen: 104384K->894K(103552K)] 141489K->38063K(790528K), 0.0033510 secs] [Times: user=0.02 sys=0.00, real=0.00 secs] 
2014-07-16T02:17:43.246+0000: 137.784: [GC [PSYoungGen: 103550K->908K(102208K)] 140719K->38381K(789184K), 0.0038920 secs] [Times: user=0.02 sys=0.00, real=0.00 secs] 
2014-07-16T02:17:43.606+0000: 138.144: [GC [PSYoungGen: 102156K->466K(100352K)] 139629K->38019K(787328K), 0.0030780 secs] [Times: user=0.01 sys=0.00, real=0.00 secs] 
2014-07-16T02:17:44.017+0000: 138.555: [GC [PSYoungGen: 100306K->566K(99072K)] 137859K->38175K(786048K), 0.0034470 secs] [Times: user=0.01 sys=0.00, real=0.00 secs] 
2014-07-16T02:17:44.327+0000: 138.866: [GC [PSYoungGen: 99058K->990K(98176K)] 136668K->38679K(785152K), 0.0029470 secs] [Times: user=0.01 sys=0.00, real=0.00 secs] 
2014-07-16T02:17:44.672+0000: 139.211: [GC [PSYoungGen: 98118K->726K(96640K)] 135808K->38495K(783616K), 0.0039330 secs] [Times: user=0.02 sys=0.00, real=0.01 secs] 
2014-07-16T02:17:45.015+0000: 139.553: [GC [PSYoungGen: 96598K->548K(115648K)] 134367K->38373K(802624K), 0.0062540 secs] [Times: user=0.03 sys=0.00, real=0.01 secs] 
2014-07-16T02:17:45.450+0000: 139.989: [GC [PSYoungGen: 115620K->626K(129024K)] 153445K->38515K(816000K), 0.0052200 secs] [Times: user=0.03 sys=0.00, real=0.01 secs] 
2014-07-16T02:17:45.906+0000: 140.445: [GC [PSYoungGen: 128498K->498K(129024K)] 166387K->38475K(816000K), 0.0031410 secs] [Times: user=0.02 sys=0.00, real=0.00 secs] 
2014-07-16T02:17:46.360+0000: 140.899: [GC [PSYoungGen: 128370K->780K(126592K)] 166347K->38813K(813568K), 0.0032340 secs] [Times: user=0.02 sys=0.00, real=0.00 secs] 
2014-07-16T02:17:46.803+0000: 141.342: [GC [PSYoungGen: 126540K->676K(124416K)] 164573K->38805K(811392K), 0.0053210 secs] [Times: user=0.03 sys=0.00, real=0.01 secs] 
2014-07-16T02:17:47.255+0000: 141.794: [GC [PSYoungGen: 124388K->802K(149312K)] 162517K->39068K(836288K), 0.0051560 secs] [Times: user=0.02 sys=0.00, real=0.00 secs] 
2014-07-16T02:17:47.784+0000: 142.323: [GC [PSYoungGen: 149282K->744K(146560K)] 187548K->39073K(833536K), 0.0041970 secs] [Times: user=0.02 sys=0.00, real=0.01 secs] 
2014-07-16T02:17:48.303+0000: 142.841: [GC [PSYoungGen: 146536K->612K(143808K)] 184865K->38997K(830784K), 0.0040310 secs] [Times: user=0.01 sys=0.00, real=0.01 secs] 
2014-07-16T02:17:48.932+0000: 143.471: [GC [PSYoungGen: 143780K->1072K(141760K)] 182165K->39665K(828736K), 0.0044860 secs] [Times: user=0.01 sys=0.00, real=0.01 secs] 
2014-07-16T02:17:49.376+0000: 143.915: [GC [PSYoungGen: 141744K->484K(138752K)] 180337K->39445K(825728K), 0.0039720 secs] [Times: user=0.02 sys=0.00, real=0.00 secs] 
2014-07-16T02:17:49.862+0000: 144.401: [GC [PSYoungGen: 138724K->658K(136576K)] 177685K->39715K(823552K), 0.0030780 secs] [Times: user=0.01 sys=0.00, real=0.00 secs] 
2014-07-16T02:17:50.357+0000: 144.895: [GC [PSYoungGen: 136530K->976K(134592K)] 175587K->40172K(821568K), 0.0025590 secs] [Times: user=0.02 sys=0.00, real=0.00 secs] 
2014-07-16T02:17:50.826+0000: 145.365: [GC [PSYoungGen: 134544K->580K(131968K)] 173740K->39855K(818944K), 0.0032510 secs] [Times: user=0.02 sys=0.00, real=0.00 secs] 
2014-07-16T02:17:51.300+0000: 145.838: [GC [PSYoungGen: 131908K->944K(130112K)] 171183K->40326K(817088K), 0.0039800 secs] [Times: user=0.01 sys=0.00, real=0.00 secs] 
2014-07-16T02:17:51.765+0000: 146.303: [GC [PSYoungGen: 130096K->658K(150336K)] 169478K->40103K(837312K), 0.0113090 secs] [Times: user=0.07 sys=0.01, real=0.02 secs] 
2014-07-16T02:17:52.306+0000: 146.845: [GC [PSYoungGen: 149714K->1278K(156160K)] 189159K->40804K(843136K), 0.0036410 secs] [Times: user=0.01 sys=0.01, real=0.00 secs] 
2014-07-16T02:17:52.853+0000: 147.392: [GC [PSYoungGen: 156132K->530K(152576K)] 195658K->40143K(839552K), 0.0031730 secs] [Times: user=0.02 sys=0.00, real=0.01 secs] 
2014-07-16T02:17:53.395+0000: 147.934: [GC [PSYoungGen: 152500K->680K(149888K)] 192114K->40358K(836864K), 0.0033020 secs] [Times: user=0.01 sys=0.00, real=0.01 secs] 
2014-07-16T02:17:54.008+0000: 148.547: [GC [PSYoungGen: 149855K->854K(147392K)] 189533K->40604K(834368K), 0.0044480 secs] [Times: user=0.03 sys=0.00, real=0.00 secs] 
2014-07-16T02:17:54.470+0000: 149.009: [GC [PSYoungGen: 147350K->548K(144448K)] 187100K->40362K(831424K), 0.0042730 secs] [Times: user=0.02 sys=0.00, real=0.00 secs] 
2014-07-16T02:17:54.987+0000: 149.526: [GC [PSYoungGen: 144420K->1146K(142464K)] 184234K->41040K(829440K), 0.0032640 secs] [Times: user=0.01 sys=0.00, real=0.00 secs] 
2014-07-16T02:17:55.482+0000: 150.021: [GC [PSYoungGen: 142396K->1008K(139840K)] 182290K->41164K(826816K), 0.0034290 secs] [Times: user=0.02 sys=0.01, real=0.00 secs] 
2014-07-16T02:17:55.981+0000: 150.519: [GC [PSYoungGen: 139824K->816K(137280K)] 179980K->41044K(824256K), 0.0063170 secs] [Times: user=0.04 sys=0.00, real=0.01 secs] 
2014-07-16T02:17:56.465+0000: 151.003: [GC [PSYoungGen: 137264K->848K(135040K)] 177492K->41132K(822016K), 0.0037680 secs] [Times: user=0.02 sys=0.00, real=0.01 secs] 
2014-07-16T02:17:56.956+0000: 151.495: [GC [PSYoungGen: 134992K->484K(132416K)] 175276K->40824K(819392K), 0.0067330 secs] [Times: user=0.04 sys=0.01, real=0.01 secs] 
2014-07-16T02:17:57.444+0000: 151.983: [GC [PSYoungGen: 132388K->1036K(130816K)] 172728K->41472K(817792K), 0.0043710 secs] [Times: user=0.03 sys=0.00, real=0.01 secs] 
2014-07-16T02:17:57.891+0000: 152.429: [GC [PSYoungGen: 130760K->1098K(150464K)] 171196K->41630K(837440K), 0.0059550 secs] [Times: user=0.04 sys=0.01, real=0.00 secs] 
2014-07-16T02:17:58.429+0000: 152.968: [GC [PSYoungGen: 150090K->936K(147264K)] 190622K->41548K(834240K), 0.0038350 secs] [Times: user=0.02 sys=0.00, real=0.00 secs] 
2014-07-16T02:17:59.049+0000: 153.588: [GC [PSYoungGen: 147217K->1174K(144896K)] 187829K->41866K(831872K), 0.0050530 secs] [Times: user=0.03 sys=0.00, real=0.00 secs] 
2014-07-16T02:17:59.510+0000: 154.049: [GC [PSYoungGen: 144808K->822K(141952K)] 185500K->41706K(828928K), 0.0038980 secs] [Times: user=0.01 sys=0.00, real=0.00 secs] 
2014-07-16T02:18:00.001+0000: 154.540: [GC [PSYoungGen: 141942K->1018K(139648K)] 182826K->42048K(826624K), 0.0038370 secs] [Times: user=0.02 sys=0.00, real=0.00 secs] 
2014-07-16T02:18:00.493+0000: 155.032: [GC [PSYoungGen: 139641K->1012K(137280K)] 180671K->42304K(824256K), 0.0039210 secs] [Times: user=0.03 sys=0.00, real=0.00 secs] 
2014-07-16T02:18:00.981+0000: 155.520: [GC [PSYoungGen: 137268K->598K(134592K)] 178560K->41970K(821568K), 0.0028210 secs] [Times: user=0.01 sys=0.01, real=0.00 secs] 
2014-07-16T02:18:01.468+0000: 156.007: [GC [PSYoungGen: 134550K->694K(132416K)] 175922K->42162K(819392K), 0.0039980 secs] [Times: user=0.02 sys=0.00, real=0.00 secs] 
2014-07-16T02:18:01.941+0000: 156.479: [GC [PSYoungGen: 132406K->944K(130496K)] 173874K->42484K(817472K), 0.0029160 secs] [Times: user=0.02 sys=0.00, real=0.00 secs] 
2014-07-16T02:18:02.403+0000: 156.942: [GC [PSYoungGen: 130469K->562K(128000K)] 172009K->42166K(814976K), 0.0040630 secs] [Times: user=0.02 sys=0.00, real=0.00 secs] 
2014-07-16T02:18:02.855+0000: 157.393: [GC [PSYoungGen: 127986K->1022K(126400K)] 169590K->42706K(813376K), 0.0047300 secs] [Times: user=0.02 sys=0.00, real=0.01 secs] 
2014-07-16T02:18:03.301+0000: 157.840: [GC [PSYoungGen: 126397K->786K(124160K)] 168081K->42566K(811136K), 0.0043380 secs] [Times: user=0.02 sys=0.00, real=0.00 secs] 
2014-07-16T02:18:03.737+0000: 158.276: [GC [PSYoungGen: 124114K->940K(122304K)] 165894K->42808K(809280K), 0.0031800 secs] [Times: user=0.02 sys=0.00, real=0.01 secs] 
2014-07-16T02:18:04.227+0000: 158.766: [GC [PSYoungGen: 122284K->1058K(120512K)] 164152K->43156K(807488K), 0.0035940 secs] [Times: user=0.01 sys=0.00, real=0.01 secs] 
2014-07-16T02:18:04.637+0000: 159.176: [GC [PSYoungGen: 120482K->868K(118464K)] 162580K->43030K(805440K), 0.0050690 secs] [Times: user=0.03 sys=0.01, real=0.01 secs] 
2014-07-16T02:18:05.051+0000: 159.589: [GC [PSYoungGen: 118436K->1016K(116800K)] 160598K->43544K(803776K), 0.0034420 secs] [Times: user=0.01 sys=0.00, real=0.00 secs] 
2014-07-16T02:18:05.464+0000: 160.003: [GC [PSYoungGen: 116757K->1518K(140480K)] 159285K->44272K(827456K), 0.0074530 secs] [Times: user=0.04 sys=0.00, real=0.01 secs] 
2014-07-16T02:18:05.979+0000: 160.518: [GC [PSYoungGen: 140462K->556K(147904K)] 183216K->43771K(834880K), 0.0075990 secs] [Times: user=0.02 sys=0.00, real=0.00 secs] 
2014-07-16T02:18:06.467+0000: 161.005: [GC [PSYoungGen: 147861K->922K(149056K)] 191076K->44193K(836032K), 0.0049860 secs] [Times: user=0.02 sys=0.00, real=0.01 secs] 
2014-07-16T02:18:06.996+0000: 161.535: [GC [PSYoungGen: 148250K->466K(145216K)] 191521K->43867K(832192K), 0.0026830 secs] [Times: user=0.01 sys=0.00, real=0.01 secs] 
2014-07-16T02:18:07.515+0000: 162.054: [GC [PSYoungGen: 145170K->740K(142912K)] 188571K->44213K(829888K), 0.0030510 secs] [Times: user=0.01 sys=0.00, real=0.01 secs] 
2014-07-16T02:18:08.038+0000: 162.576: [GC [PSYoungGen: 142884K->808K(140480K)] 186357K->44329K(827456K), 0.0065050 secs] [Times: user=0.04 sys=0.00, real=0.01 secs] 
2014-07-16T02:18:08.530+0000: 163.069: [GC [PSYoungGen: 140450K->854K(138112K)] 183971K->44455K(825088K), 0.0046460 secs] [Times: user=0.02 sys=0.00, real=0.00 secs] 
2014-07-16T02:18:09.018+0000: 163.557: [GC [PSYoungGen: 138070K->1022K(165696K)] 181671K->44679K(852672K), 0.0062610 secs] [Times: user=0.03 sys=0.00, real=0.01 secs] 
2014-07-16T02:18:09.635+0000: 164.173: [GC [PSYoungGen: 165694K->1026K(162560K)] 209351K->44771K(849536K), 0.0026530 secs] [Times: user=0.01 sys=0.00, real=0.00 secs] 
2014-07-16T02:18:10.204+0000: 164.743: [GC [PSYoungGen: 162455K->1012K(159424K)] 206200K->45077K(846400K), 0.0048200 secs] [Times: user=0.01 sys=0.00, real=0.01 secs] 
2014-07-16T02:18:10.772+0000: 165.310: [GC [PSYoungGen: 159412K->748K(156160K)] 203477K->44893K(843136K), 0.0039350 secs] [Times: user=0.02 sys=0.00, real=0.00 secs] 
2014-07-16T02:18:11.323+0000: 165.862: [GC [PSYoungGen: 156121K->966K(153536K)] 200267K->45375K(840512K), 0.0035750 secs] [Times: user=0.01 sys=0.00, real=0.00 secs] 
2014-07-16T02:18:11.860+0000: 166.399: [GC [PSYoungGen: 153478K->658K(150400K)] 197887K->45131K(837376K), 0.0031760 secs] [Times: user=0.01 sys=0.00, real=0.00 secs] 
2014-07-16T02:18:12.394+0000: 166.933: [GC [PSYoungGen: 150349K->616K(147648K)] 194822K->45153K(834624K), 0.0030770 secs] [Times: user=0.01 sys=0.00, real=0.00 secs] 
2014-07-16T02:18:12.923+0000: 167.462: [GC [PSYoungGen: 147624K->594K(145024K)] 192161K->45219K(832000K), 0.0053400 secs] [Times: user=0.03 sys=0.00, real=0.00 secs] 
2014-07-16T02:18:13.440+0000: 167.978: [GC [PSYoungGen: 144978K->780K(142656K)] 189603K->45453K(829632K), 0.0061000 secs] [Times: user=0.03 sys=0.00, real=0.00 secs] 
2014-07-16T02:18:13.937+0000: 168.476: [GC [PSYoungGen: 142566K->630K(139968K)] 187239K->45375K(826944K), 0.0038710 secs] [Times: user=0.01 sys=0.00, real=0.01 secs] 
2014-07-16T02:18:14.481+0000: 169.020: [GC [PSYoungGen: 139958K->940K(137856K)] 184703K->45773K(824832K), 0.0030310 secs] [Times: user=0.02 sys=0.00, real=0.00 secs] 
2014-07-16T02:18:14.959+0000: 169.498: [GC [PSYoungGen: 137836K->1112K(135680K)] 182669K->46041K(822656K), 0.0036950 secs] [Times: user=0.02 sys=0.00, real=0.01 secs] 
2014-07-16T02:18:15.436+0000: 169.975: [GC [PSYoungGen: 135626K->744K(132992K)] 180556K->45953K(819968K), 0.0031860 secs] [Times: user=0.01 sys=0.01, real=0.00 secs] 
2014-07-16T02:18:15.907+0000: 170.446: [GC [PSYoungGen: 132873K->420K(130432K)] 178082K->45677K(817408K), 0.0054900 secs] [Times: user=0.03 sys=0.00, real=0.01 secs] 
2014-07-16T02:18:16.375+0000: 170.913: [GC [PSYoungGen: 130404K->826K(128640K)] 175661K->46139K(815616K), 0.0038840 secs] [Times: user=0.01 sys=0.00, real=0.00 secs] 
2014-07-16T02:18:16.830+0000: 171.369: [GC [PSYoungGen: 128631K->684K(126400K)] 173944K->46061K(813376K), 0.0047360 secs] [Times: user=0.02 sys=0.01, real=0.00 secs] 
2014-07-16T02:18:17.288+0000: 171.827: [GC [PSYoungGen: 126380K->448K(124096K)] 171757K->45889K(811072K), 0.0036290 secs] [Times: user=0.02 sys=0.00, real=0.01 secs] 
2014-07-16T02:18:17.726+0000: 172.265: [GC [PSYoungGen: 124090K->648K(122368K)] 169532K->46145K(809344K), 0.0036830 secs] [Times: user=0.01 sys=0.00, real=0.01 secs] 
2014-07-16T02:18:18.154+0000: 172.692: [GC [PSYoungGen: 122312K->694K(120448K)] 167809K->46255K(807424K), 0.0033930 secs] [Times: user=0.02 sys=0.00, real=0.00 secs] 
2014-07-16T02:18:18.577+0000: 173.116: [GC [PSYoungGen: 120438K->976K(118912K)] 165999K->46609K(805888K), 0.0031230 secs] [Times: user=0.01 sys=0.01, real=0.01 secs] 
2014-07-16T02:18:18.995+0000: 173.533: [GC [PSYoungGen: 118864K->676K(116800K)] 164497K->46373K(803776K), 0.0028270 secs] [Times: user=0.01 sys=0.00, real=0.00 secs] 
2014-07-16T02:18:19.519+0000: 174.058: [GC [PSYoungGen: 116772K->844K(115200K)] 162469K->46597K(802176K), 0.0042280 secs] [Times: user=0.02 sys=0.00, real=0.01 secs] 
2014-07-16T02:18:19.900+0000: 174.439: [GC [PSYoungGen: 115144K->598K(113216K)] 160897K->46447K(800192K), 0.0030320 secs] [Times: user=0.02 sys=0.00, real=0.00 secs] 
2014-07-16T02:18:20.303+0000: 174.842: [GC [PSYoungGen: 113174K->662K(111616K)] 159023K->46591K(798592K), 0.0046300 secs] [Times: user=0.02 sys=0.00, real=0.00 secs] 
2014-07-16T02:18:20.705+0000: 175.244: [GC [PSYoungGen: 111572K->1140K(110400K)] 157501K->47133K(797376K), 0.0029540 secs] [Times: user=0.01 sys=0.00, real=0.00 secs] 
2014-07-16T02:18:21.111+0000: 175.649: [GC [PSYoungGen: 110364K->890K(132032K)] 156357K->46963K(819008K), 0.0070600 secs] [Times: user=0.03 sys=0.00, real=0.00 secs] 
2014-07-16T02:18:21.576+0000: 176.115: [GC [PSYoungGen: 132023K->698K(129664K)] 178096K->46917K(816640K), 0.0043400 secs] [Times: user=0.03 sys=0.00, real=0.00 secs] 
2014-07-16T02:18:22.044+0000: 176.583: [GC [PSYoungGen: 129625K->1248K(156032K)] 175844K->47709K(843008K), 0.0050680 secs] [Times: user=0.03 sys=0.01, real=0.00 secs] 
2014-07-16T02:18:22.614+0000: 177.153: [GC [PSYoungGen: 156000K->626K(152512K)] 202461K->47383K(839488K), 0.0028160 secs] [Times: user=0.01 sys=0.00, real=0.00 secs] 
2014-07-16T02:18:23.136+0000: 177.675: [GC [PSYoungGen: 152498K->948K(150080K)] 199255K->47769K(837056K), 0.0040620 secs] [Times: user=0.01 sys=0.00, real=0.00 secs] 
2014-07-16T02:18:23.693+0000: 178.232: [GC [PSYoungGen: 150068K->1046K(147520K)] 196889K->48097K(834496K), 0.0049290 secs] [Times: user=0.03 sys=0.00, real=0.00 secs] 
2014-07-16T02:18:24.208+0000: 178.747: [GC [PSYoungGen: 147478K->612K(144448K)] 194529K->47735K(831424K), 0.0031020 secs] [Times: user=0.02 sys=0.00, real=0.01 secs] 
2014-07-16T02:18:24.741+0000: 179.280: [GC [PSYoungGen: 144410K->544K(141824K)] 191534K->47747K(828800K), 0.0030180 secs] [Times: user=0.01 sys=0.00, real=0.00 secs] 
2014-07-16T02:18:25.246+0000: 179.784: [GC [PSYoungGen: 141698K->922K(139712K)] 188901K->48205K(826688K), 0.0031710 secs] [Times: user=0.01 sys=0.00, real=0.00 secs] 
2014-07-16T02:18:25.736+0000: 180.275: [GC [PSYoungGen: 139646K->1090K(137536K)] 186930K->48461K(824512K), 0.0029010 secs] [Times: user=0.01 sys=0.00, real=0.00 secs] 
2014-07-16T02:18:26.221+0000: 180.760: [GC [PSYoungGen: 137474K->530K(134656K)] 184845K->47965K(821632K), 0.0045470 secs] [Times: user=0.02 sys=0.01, real=0.00 secs] 
2014-07-16T02:18:26.716+0000: 181.255: [GC [PSYoungGen: 134609K->690K(132544K)] 182045K->48245K(819520K), 0.0028950 secs] [Times: user=0.01 sys=0.00, real=0.00 secs] 
2014-07-16T02:18:27.172+0000: 181.710: [GC [PSYoungGen: 132530K->530K(130240K)] 180085K->48149K(817216K), 0.0042830 secs] [Times: user=0.03 sys=0.00, real=0.00 secs] 
2014-07-16T02:18:27.636+0000: 182.175: [GC [PSYoungGen: 130194K->862K(128448K)] 177813K->48553K(815424K), 0.0040550 secs] [Times: user=0.02 sys=0.00, real=0.00 secs] 
2014-07-16T02:18:28.092+0000: 182.631: [GC [PSYoungGen: 128414K->930K(126464K)] 176105K->48717K(813440K), 0.0033230 secs] [Times: user=0.01 sys=0.00, real=0.00 secs] 
2014-07-16T02:18:28.545+0000: 183.084: [GC [PSYoungGen: 126434K->658K(124160K)] 174221K->48541K(811136K), 0.0034740 secs] [Times: user=0.02 sys=0.00, real=0.00 secs] 
2014-07-16T02:18:28.988+0000: 183.526: [GC [PSYoungGen: 124114K->666K(122176K)] 171997K->48613K(809152K), 0.0061530 secs] [Times: user=0.03 sys=0.00, real=0.01 secs] 
2014-07-16T02:18:29.500+0000: 184.039: [GC [PSYoungGen: 122138K->960K(120512K)] 170085K->48987K(807488K), 0.0031560 secs] [Times: user=0.01 sys=0.00, real=0.01 secs] 
2014-07-16T02:18:29.868+0000: 184.407: [GC [PSYoungGen: 120512K->958K(118656K)] 168539K->49025K(805632K), 0.0050340 secs] [Times: user=0.02 sys=0.01, real=0.01 secs] 
2014-07-16T02:18:30.284+0000: 184.822: [GC [PSYoungGen: 118654K->694K(116608K)] 166721K->48849K(803584K), 0.0036350 secs] [Times: user=0.02 sys=0.00, real=0.00 secs] 
2014-07-16T02:18:30.707+0000: 185.246: [GC [PSYoungGen: 116598K->680K(114816K)] 164753K->48907K(801792K), 0.0026650 secs] [Times: user=0.02 sys=0.00, real=0.00 secs] 
2014-07-16T02:18:31.114+0000: 185.653: [GC [PSYoungGen: 114792K->1104K(138112K)] 163019K->49395K(825088K), 0.0085940 secs] [Times: user=0.05 sys=0.00, real=0.01 secs] 
2014-07-16T02:18:31.612+0000: 186.151: [GC [PSYoungGen: 138003K->880K(135488K)] 186294K->49235K(822464K), 0.0030290 secs] [Times: user=0.02 sys=0.00, real=0.01 secs] 
2014-07-16T02:18:32.108+0000: 186.647: [GC [PSYoungGen: 135472K->676K(132992K)] 183827K->49143K(819968K), 0.0026030 secs] [Times: user=0.01 sys=0.00, real=0.00 secs] 
2014-07-16T02:18:32.585+0000: 187.124: [GC [PSYoungGen: 132964K->786K(130880K)] 181431K->49341K(817856K), 0.0033390 secs] [Times: user=0.02 sys=0.01, real=0.00 secs] 
2014-07-16T02:18:33.036+0000: 187.574: [GC [PSYoungGen: 130834K->1054K(147072K)] 179389K->49657K(834048K), 0.0074290 secs] [Times: user=0.04 sys=0.00, real=0.01 secs] 
2014-07-16T02:18:33.540+0000: 188.079: [GC [PSYoungGen: 147038K->776K(147264K)] 195641K->49451K(834240K), 0.0054630 secs] [Times: user=0.03 sys=0.00, real=0.01 secs] 
2014-07-16T02:18:34.084+0000: 188.623: [GC [PSYoungGen: 146760K->886K(144256K)] 195435K->49625K(831232K), 0.0040470 secs] [Times: user=0.02 sys=0.00, real=0.00 secs] 
2014-07-16T02:18:34.580+0000: 189.118: [GC [PSYoungGen: 144227K->776K(141632K)] 192966K->49611K(828608K), 0.0043440 secs] [Times: user=0.03 sys=0.00, real=0.01 secs] 
2014-07-16T02:18:35.084+0000: 189.623: [GC [PSYoungGen: 141576K->530K(138944K)] 190411K->49429K(825920K), 0.0049930 secs] [Times: user=0.03 sys=0.00, real=0.00 secs] 
2014-07-16T02:18:35.588+0000: 190.126: [GC [PSYoungGen: 138898K->580K(136640K)] 187797K->49567K(823616K), 0.0028290 secs] [Times: user=0.02 sys=0.00, real=0.00 secs] 
2014-07-16T02:18:36.082+0000: 190.621: [GC [PSYoungGen: 136580K->830K(134528K)] 185567K->49897K(821504K), 0.0027450 secs] [Times: user=0.01 sys=0.00, real=0.01 secs] 
2014-07-16T02:18:36.557+0000: 191.096: [GC [PSYoungGen: 134526K->840K(132352K)] 183593K->49995K(819328K), 0.0035960 secs] [Times: user=0.02 sys=0.00, real=0.00 secs] 
2014-07-16T02:18:37.039+0000: 191.578: [GC [PSYoungGen: 132296K->748K(130048K)] 181451K->50063K(817024K), 0.0047520 secs] [Times: user=0.02 sys=0.00, real=0.01 secs] 
2014-07-16T02:18:37.497+0000: 192.035: [GC [PSYoungGen: 130028K->740K(127936K)] 179343K->50143K(814912K), 0.0047770 secs] [Times: user=0.02 sys=0.00, real=0.00 secs] 
2014-07-16T02:18:37.947+0000: 192.485: [GC [PSYoungGen: 127878K->662K(125824K)] 177281K->50137K(812800K), 0.0035190 secs] [Times: user=0.02 sys=0.00, real=0.00 secs] 
2014-07-16T02:18:38.396+0000: 192.935: [GC [PSYoungGen: 125752K->844K(151040K)] 175227K->50375K(838016K), 0.0073950 secs] [Times: user=0.04 sys=0.00, real=0.01 secs] 
2014-07-16T02:18:38.937+0000: 193.476: [GC [PSYoungGen: 150988K->612K(148032K)] 200519K->50223K(835008K), 0.0049020 secs] [Times: user=0.03 sys=0.00, real=0.00 secs] 
2014-07-16T02:18:39.476+0000: 194.014: [GC [PSYoungGen: 147956K->1008K(171840K)] 197567K->50675K(858816K), 0.0070150 secs] [Times: user=0.05 sys=0.00, real=0.01 secs] 
2014-07-16T02:18:40.122+0000: 194.661: [GC [PSYoungGen: 171696K->794K(168128K)] 221363K->50541K(855104K), 0.0027300 secs] [Times: user=0.01 sys=0.00, real=0.01 secs] 
2014-07-16T02:18:40.688+0000: 195.227: [GC [PSYoungGen: 168009K->766K(164800K)] 217756K->50561K(851776K), 0.0035910 secs] [Times: user=0.02 sys=0.00, real=0.00 secs] 
2014-07-16T02:18:41.268+0000: 195.806: [GC [PSYoungGen: 164798K->402K(161344K)] 214593K->50261K(848320K), 0.0052600 secs] [Times: user=0.03 sys=0.00, real=0.00 secs] 
2014-07-16T02:18:41.854+0000: 196.393: [GC [PSYoungGen: 161298K->658K(158528K)] 211157K->50605K(845504K), 0.0031210 secs] [Times: user=0.02 sys=0.01, real=0.00 secs] 
2014-07-16T02:18:42.420+0000: 196.958: [GC [PSYoungGen: 158459K->854K(155776K)] 208406K->50881K(842752K), 0.0039740 secs] [Times: user=0.01 sys=0.00, real=0.00 secs] 
2014-07-16T02:18:42.982+0000: 197.521: [GC [PSYoungGen: 155731K->804K(152832K)] 205758K->50911K(839808K), 0.0036710 secs] [Times: user=0.01 sys=0.01, real=0.01 secs] 
2014-07-16T02:18:43.534+0000: 198.073: [GC [PSYoungGen: 152759K->630K(149824K)] 202866K->51053K(836800K), 0.0071480 secs] [Times: user=0.04 sys=0.00, real=0.01 secs] 
2014-07-16T02:18:44.057+0000: 198.596: [GC [PSYoungGen: 149814K->876K(147392K)] 200237K->51363K(834368K), 0.0061860 secs] [Times: user=0.03 sys=0.00, real=0.00 secs] 
2014-07-16T02:18:44.665+0000: 199.204: [GC [PSYoungGen: 147372K->832K(144704K)] 197859K->51795K(831680K), 0.0037520 secs] [Times: user=0.02 sys=0.00, real=0.00 secs] 
2014-07-16T02:18:45.116+0000: 199.654: [GC [PSYoungGen: 144704K->898K(142272K)] 195667K->51925K(829248K), 0.0064760 secs] [Times: user=0.04 sys=0.00, real=0.00 secs] 
2014-07-16T02:18:45.627+0000: 200.165: [GC [PSYoungGen: 142210K->812K(170432K)] 193237K->51887K(857408K), 0.0064550 secs] [Times: user=0.02 sys=0.00, real=0.00 secs] 
2014-07-16T02:18:46.224+0000: 200.762: [GC [PSYoungGen: 170412K->844K(167168K)] 221487K->51999K(854144K), 0.0046130 secs] [Times: user=0.02 sys=0.01, real=0.01 secs] 
2014-07-16T02:18:46.817+0000: 201.356: [GC [PSYoungGen: 167092K->894K(163968K)] 218247K->52409K(850944K), 0.0028800 secs] [Times: user=0.02 sys=0.00, real=0.00 secs] 
2014-07-16T02:18:47.418+0000: 201.957: [GC [PSYoungGen: 163966K->880K(160832K)] 215481K->52435K(847808K), 0.0053950 secs] [Times: user=0.03 sys=0.00, real=0.00 secs] 
2014-07-16T02:18:47.984+0000: 202.523: [GC [PSYoungGen: 160816K->784K(157760K)] 212371K->52603K(844736K), 0.0037480 secs] [Times: user=0.02 sys=0.01, real=0.01 secs] 
2014-07-16T02:18:48.541+0000: 203.080: [GC [PSYoungGen: 157712K->834K(154880K)] 209531K->52725K(841856K), 0.0025900 secs] [Times: user=0.01 sys=0.00, real=0.00 secs] 
2014-07-16T02:18:49.098+0000: 203.637: [GC [PSYoungGen: 154776K->866K(152064K)] 206668K->52967K(839040K), 0.0052150 secs] [Times: user=0.03 sys=0.00, real=0.00 secs] 
2014-07-16T02:18:49.657+0000: 204.196: [GC [PSYoungGen: 152034K->730K(149184K)] 204135K->52871K(836160K), 0.0032940 secs] [Times: user=0.01 sys=0.00, real=0.00 secs] 
2014-07-16T02:18:50.201+0000: 204.740: [GC [PSYoungGen: 149146K->690K(146432K)] 201287K->53001K(833408K), 0.0047080 secs] [Times: user=0.02 sys=0.00, real=0.01 secs] 
2014-07-16T02:18:50.704+0000: 205.242: [GC [PSYoungGen: 146418K->1040K(144192K)] 198729K->53439K(831168K), 0.0039020 secs] [Times: user=0.02 sys=0.00, real=0.01 secs] 
2014-07-16T02:18:51.213+0000: 205.752: [GC [PSYoungGen: 144090K->762K(141376K)] 196490K->53233K(828352K), 0.0027470 secs] [Times: user=0.01 sys=0.00, real=0.01 secs] 
2014-07-16T02:18:51.722+0000: 206.261: [GC [PSYoungGen: 141330K->648K(138880K)] 193801K->53191K(825856K), 0.0048440 secs] [Times: user=0.03 sys=0.00, real=0.01 secs] 
2014-07-16T02:18:52.205+0000: 206.744: [GC [PSYoungGen: 138824K->630K(136448K)] 191367K->53269K(823424K), 0.0037990 secs] [Times: user=0.02 sys=0.01, real=0.00 secs] 
2014-07-16T02:18:52.735+0000: 207.274: [GC [PSYoungGen: 136438K->1278K(134784K)] 189077K->54013K(821760K), 0.0033860 secs] [Times: user=0.01 sys=0.00, real=0.00 secs] 
2014-07-16T02:18:53.180+0000: 207.719: [GC [PSYoungGen: 134749K->684K(131968K)] 187485K->53619K(818944K), 0.0038870 secs] [Times: user=0.02 sys=0.00, real=0.00 secs] 
2014-07-16T02:18:53.650+0000: 208.189: [GC [PSYoungGen: 131948K->1080K(130176K)] 184883K->54079K(817152K), 0.0050520 secs] [Times: user=0.03 sys=0.00, real=0.01 secs] 
2014-07-16T02:18:54.107+0000: 208.646: [GC [PSYoungGen: 130168K->830K(155776K)] 183167K->53985K(842752K), 0.0092260 secs] [Times: user=0.06 sys=0.00, real=0.01 secs] 
2014-07-16T02:18:54.655+0000: 209.194: [GC [PSYoungGen: 155774K->676K(166528K)] 208929K->53895K(853504K), 0.0060870 secs] [Times: user=0.04 sys=0.00, real=0.01 secs] 
2014-07-16T02:18:55.306+0000: 209.845: [GC [PSYoungGen: 165749K->844K(187328K)] 218969K->54135K(874304K), 0.0055230 secs] [Times: user=0.03 sys=0.01, real=0.00 secs] 
2014-07-16T02:18:55.960+0000: 210.498: [GC [PSYoungGen: 186828K->758K(187328K)] 240119K->54097K(874304K), 0.0061520 secs] [Times: user=0.03 sys=0.00, real=0.01 secs] 
2014-07-16T02:18:56.630+0000: 211.169: [GC [PSYoungGen: 186723K->658K(182848K)] 240063K->54101K(869824K), 0.0034850 secs] [Times: user=0.02 sys=0.00, real=0.00 secs] 
2014-07-16T02:18:57.278+0000: 211.816: [GC [PSYoungGen: 182802K->780K(179264K)] 236245K->54327K(866240K), 0.0044690 secs] [Times: user=0.02 sys=0.00, real=0.00 secs] 
2014-07-16T02:18:57.918+0000: 212.456: [GC [PSYoungGen: 179183K->986K(175808K)] 232730K->54613K(862784K), 0.0040760 secs] [Times: user=0.02 sys=0.00, real=0.00 secs] 
2014-07-16T02:18:58.522+0000: 213.060: [GC [PSYoungGen: 175770K->1262K(211072K)] 229397K->54945K(898048K), 0.0110810 secs] [Times: user=0.07 sys=0.00, real=0.01 secs] 
2014-07-16T02:18:59.267+0000: 213.806: [GC [PSYoungGen: 211040K->292K(205440K)] 264724K->54541K(892416K), 0.0044780 secs] [Times: user=0.02 sys=0.00, real=0.00 secs] 
2014-07-16T02:19:00.085+0000: 214.624: [GC [PSYoungGen: 205411K->794K(201408K)] 259660K->55091K(888384K), 0.0040370 secs] [Times: user=0.02 sys=0.00, real=0.01 secs] 
2014-07-16T02:19:00.732+0000: 215.271: [GC [PSYoungGen: 201370K->808K(197056K)] 255667K->55425K(884032K), 0.0031700 secs] [Times: user=0.02 sys=0.00, real=0.00 secs] 
2014-07-16T02:19:01.440+0000: 215.979: [GC [PSYoungGen: 197032K->498K(192512K)] 251649K->55171K(879488K), 0.0101560 secs] [Times: user=0.06 sys=0.00, real=0.01 secs] 
2014-07-16T02:19:02.141+0000: 216.680: [GC [PSYoungGen: 192498K->594K(188544K)] 247171K->55339K(875520K), 0.0060150 secs] [Times: user=0.03 sys=0.00, real=0.01 secs] 
2014-07-16T02:19:02.802+0000: 217.341: [GC [PSYoungGen: 188483K->1022K(185024K)] 243228K->55863K(872000K), 0.0026440 secs] [Times: user=0.02 sys=0.00, real=0.00 secs] 
2014-07-16T02:19:03.466+0000: 218.005: [GC [PSYoungGen: 185004K->780K(181056K)] 239846K->55733K(868032K), 0.0045080 secs] [Times: user=0.03 sys=0.01, real=0.01 secs] 
2014-07-16T02:19:04.130+0000: 218.669: [GC [PSYoungGen: 181004K->562K(177152K)] 235957K->55595K(864128K), 0.0061560 secs] [Times: user=0.04 sys=0.00, real=0.00 secs] 
2014-07-16T02:19:04.760+0000: 219.298: [GC [PSYoungGen: 177067K->684K(173696K)] 232101K->55781K(860672K), 0.0041380 secs] [Times: user=0.02 sys=0.00, real=0.00 secs] 
2014-07-16T02:19:05.399+0000: 219.938: [GC [PSYoungGen: 173588K->794K(170368K)] 228685K->55947K(857344K), 0.0077590 secs] [Times: user=0.03 sys=0.01, real=0.01 secs] 
2014-07-16T02:19:06.018+0000: 220.557: [GC [PSYoungGen: 170330K->1058K(167296K)] 225483K->56557K(854272K), 0.0033070 secs] [Times: user=0.01 sys=0.00, real=0.00 secs] 
2014-07-16T02:19:06.611+0000: 221.150: [GC [PSYoungGen: 167266K->976K(164032K)] 222765K->56531K(851008K), 0.0030280 secs] [Times: user=0.01 sys=0.01, real=0.00 secs] 
2014-07-16T02:19:07.180+0000: 221.718: [GC [PSYoungGen: 163983K->484K(160384K)] 219538K->56095K(847360K), 0.0038890 secs] [Times: user=0.02 sys=0.00, real=0.00 secs] 
2014-07-16T02:19:07.765+0000: 222.303: [GC [PSYoungGen: 160356K->644K(157568K)] 215967K->56343K(844544K), 0.0046110 secs] [Times: user=0.02 sys=0.00, real=0.01 secs] 
2014-07-16T02:19:08.314+0000: 222.852: [GC [PSYoungGen: 157508K->730K(154688K)] 213207K->56501K(841664K), 0.0054070 secs] [Times: user=0.03 sys=0.00, real=0.01 secs] 
2014-07-16T02:19:08.865+0000: 223.404: [GC [PSYoungGen: 154650K->1030K(152192K)] 210421K->56889K(839168K), 0.0039400 secs] [Times: user=0.02 sys=0.01, real=0.01 secs] 
2014-07-16T02:19:09.398+0000: 223.937: [GC [PSYoungGen: 152110K->570K(148928K)] 207970K->56485K(835904K), 0.0042320 secs] [Times: user=0.02 sys=0.00, real=0.00 secs] 
2014-07-16T02:19:09.917+0000: 224.456: [GC [PSYoungGen: 148922K->552K(146240K)] 204837K->56523K(833216K), 0.0061470 secs] [Times: user=0.03 sys=0.00, real=0.01 secs] 
2014-07-16T02:19:10.469+0000: 225.008: [GC [PSYoungGen: 146216K->570K(175424K)] 202187K->56573K(862400K), 0.0088020 secs] [Times: user=0.05 sys=0.00, real=0.01 secs] 
2014-07-16T02:19:11.103+0000: 225.642: [GC [PSYoungGen: 175418K->786K(210688K)] 231421K->56869K(897664K), 0.0081790 secs] [Times: user=0.05 sys=0.00, real=0.01 secs] 
2014-07-16T02:19:11.854+0000: 226.393: [GC [PSYoungGen: 210642K->794K(206016K)] 266725K->56973K(892992K), 0.0034520 secs] [Times: user=0.01 sys=0.00, real=0.00 secs] 
2014-07-16T02:19:12.592+0000: 227.131: [GC [PSYoungGen: 205976K->762K(201408K)] 262156K->57037K(888384K), 0.0036730 secs] [Times: user=0.02 sys=0.00, real=0.00 secs] 
2014-07-16T02:19:13.331+0000: 227.869: [GC [PSYoungGen: 201402K->946K(197248K)] 257677K->57325K(884224K), 0.0047080 secs] [Times: user=0.03 sys=0.00, real=0.00 secs] 
2014-07-16T02:19:14.046+0000: 228.585: [GC [PSYoungGen: 197216K->844K(192960K)] 253595K->57263K(879936K), 0.0053520 secs] [Times: user=0.03 sys=0.00, real=0.01 secs] 
2014-07-16T02:19:14.732+0000: 229.271: [GC [PSYoungGen: 192894K->598K(188608K)] 249314K->57065K(875584K), 0.0031700 secs] [Times: user=0.01 sys=0.00, real=0.00 secs] 
2014-07-16T02:19:15.420+0000: 229.958: [GC [PSYoungGen: 188566K->900K(185024K)] 245033K->57447K(872000K), 0.0059030 secs] [Times: user=0.04 sys=0.01, real=0.00 secs] 
2014-07-16T02:19:16.077+0000: 230.615: [GC [PSYoungGen: 184924K->876K(181184K)] 241471K->57603K(868160K), 0.0031460 secs] [Times: user=0.02 sys=0.01, real=0.01 secs] 
2014-07-16T02:19:16.739+0000: 231.277: [GC [PSYoungGen: 181164K->1254K(177920K)] 237891K->58161K(864896K), 0.0034630 secs] [Times: user=0.02 sys=0.00, real=0.01 secs] 
2014-07-16T02:19:17.356+0000: 231.895: [GC [PSYoungGen: 177894K->424K(173504K)] 234801K->57541K(860480K), 0.0034500 secs] [Times: user=0.02 sys=0.01, real=0.01 secs] 
2014-07-16T02:19:17.977+0000: 232.516: [GC [PSYoungGen: 173480K->630K(170240K)] 230597K->57819K(857216K), 0.0037540 secs] [Times: user=0.01 sys=0.00, real=0.01 secs] 
2014-07-16T02:19:18.607+0000: 233.146: [GC [PSYoungGen: 170230K->958K(167232K)] 227419K->58267K(854208K), 0.0041320 secs] [Times: user=0.02 sys=0.00, real=0.01 secs] 
2014-07-16T02:19:19.191+0000: 233.730: [GC [PSYoungGen: 167230K->876K(163968K)] 224539K->58273K(850944K), 0.0030410 secs] [Times: user=0.02 sys=0.00, real=0.00 secs] 
2014-07-16T02:19:19.783+0000: 234.322: [GC [PSYoungGen: 163943K->466K(160448K)] 221341K->57911K(847424K), 0.0036280 secs] [Times: user=0.01 sys=0.00, real=0.00 secs] 
2014-07-16T02:19:20.383+0000: 234.921: [GC [PSYoungGen: 160402K->1004K(157952K)] 217847K->58513K(844928K), 0.0066520 secs] [Times: user=0.03 sys=0.00, real=0.01 secs] 
2014-07-16T02:19:20.930+0000: 235.469: [GC [PSYoungGen: 157932K->794K(154816K)] 215441K->58383K(841792K), 0.0027060 secs] [Times: user=0.01 sys=0.00, real=0.00 secs] 
2014-07-16T02:19:21.479+0000: 236.018: [GC [PSYoungGen: 154778K->530K(151744K)] 212367K->58191K(838720K), 0.0030660 secs] [Times: user=0.02 sys=0.00, real=0.01 secs] 
2014-07-16T02:19:22.022+0000: 236.560: [GC [PSYoungGen: 151663K->1340K(149760K)] 209325K->59108K(836736K), 0.0069940 secs] [Times: user=0.04 sys=0.00, real=0.00 secs] 
2014-07-16T02:19:22.539+0000: 237.078: [GC [PSYoungGen: 149756K->722K(146496K)] 207524K->58585K(833472K), 0.0043670 secs] [Times: user=0.03 sys=0.01, real=0.01 secs] 
2014-07-16T02:19:23.065+0000: 237.603: [GC [PSYoungGen: 146419K->662K(143808K)] 204283K->58573K(830784K), 0.0069810 secs] [Times: user=0.04 sys=0.00, real=0.01 secs] 
2014-07-16T02:19:23.571+0000: 238.110: [GC [PSYoungGen: 143766K->580K(141248K)] 201677K->58563K(828224K), 0.0030460 secs] [Times: user=0.01 sys=0.00, real=0.00 secs] 
2014-07-16T02:19:24.096+0000: 238.634: [GC [PSYoungGen: 141188K->754K(138944K)] 199171K->58833K(825920K), 0.0045360 secs] [Times: user=0.03 sys=0.00, real=0.01 secs] 
2014-07-16T02:19:24.589+0000: 239.128: [GC [PSYoungGen: 138930K->1144K(136960K)] 197009K->59311K(823936K), 0.0046790 secs] [Times: user=0.02 sys=0.00, real=0.01 secs] 
2014-07-16T02:19:25.063+0000: 239.602: [GC [PSYoungGen: 136952K->816K(134336K)] 195119K->59055K(821312K), 0.0036230 secs] [Times: user=0.02 sys=0.00, real=0.00 secs] 
2014-07-16T02:19:25.586+0000: 240.125: [GC [PSYoungGen: 134320K->370K(131648K)] 192559K->58649K(818624K), 0.0052580 secs] [Times: user=0.03 sys=0.00, real=0.01 secs] 
2014-07-16T02:19:26.069+0000: 240.607: [GC [PSYoungGen: 131634K->1326K(130432K)] 189913K->59653K(817408K), 0.0029750 secs] [Times: user=0.01 sys=0.00, real=0.01 secs] 
2014-07-16T02:19:26.544+0000: 241.083: [GC [PSYoungGen: 130414K->658K(127680K)] 188741K->59073K(814656K), 0.0028830 secs] [Times: user=0.02 sys=0.00, real=0.00 secs] 
2014-07-16T02:19:26.981+0000: 241.520: [GC [PSYoungGen: 127634K->704K(125632K)] 186049K->59199K(812608K), 0.0028790 secs] [Times: user=0.02 sys=0.00, real=0.00 secs] 
2014-07-16T02:19:27.449+0000: 241.988: [GC [PSYoungGen: 125632K->944K(123904K)] 184127K->59479K(810880K), 0.0040280 secs] [Times: user=0.01 sys=0.00, real=0.01 secs] 
2014-07-16T02:19:27.885+0000: 242.424: [GC [PSYoungGen: 123865K->826K(121792K)] 182400K->59433K(808768K), 0.0034000 secs] [Times: user=0.02 sys=0.00, real=0.00 secs] 
2014-07-16T02:19:28.325+0000: 242.863: [GC [PSYoungGen: 121786K->566K(119616K)] 180393K->59229K(806592K), 0.0065240 secs] [Times: user=0.02 sys=0.00, real=0.01 secs] 
2014-07-16T02:19:28.837+0000: 243.376: [GC [PSYoungGen: 119606K->1108K(118336K)] 178269K->59851K(805312K), 0.0056290 secs] [Times: user=0.03 sys=0.00, real=0.01 secs] 
2014-07-16T02:19:29.197+0000: 243.736: [GC [PSYoungGen: 118291K->634K(141312K)] 177035K->59417K(828288K), 0.0054200 secs] [Times: user=0.03 sys=0.00, real=0.01 secs] 
2014-07-16T02:19:29.703+0000: 244.242: [GC [PSYoungGen: 141306K->768K(169600K)] 200089K->59615K(856576K), 0.0051340 secs] [Times: user=0.02 sys=0.01, real=0.00 secs] 
2014-07-16T02:19:30.394+0000: 244.933: [GC [PSYoungGen: 169599K->1114K(166656K)] 228447K->60017K(853632K), 0.0052140 secs] [Times: user=0.02 sys=0.01, real=0.00 secs] 
2014-07-16T02:19:30.943+0000: 245.482: [GC [PSYoungGen: 166618K->530K(162880K)] 225521K->59505K(849856K), 0.0044720 secs] [Times: user=0.03 sys=0.01, real=0.00 secs] 
2014-07-16T02:19:31.535+0000: 246.074: [GC [PSYoungGen: 162834K->466K(159744K)] 221809K->59505K(846720K), 0.0034070 secs] [Times: user=0.02 sys=0.00, real=0.00 secs] 
2014-07-16T02:19:32.106+0000: 246.645: [GC [PSYoungGen: 159698K->1072K(157312K)] 218737K->60199K(844288K), 0.0042370 secs] [Times: user=0.02 sys=0.00, real=0.00 secs] 
2014-07-16T02:19:32.668+0000: 247.207: [GC [PSYoungGen: 157296K->498K(153792K)] 216423K->59673K(840768K), 0.0044160 secs] [Times: user=0.02 sys=0.01, real=0.01 secs] 
2014-07-16T02:19:33.217+0000: 247.756: [GC [PSYoungGen: 153778K->716K(151232K)] 212953K->59955K(838208K), 0.0034360 secs] [Times: user=0.01 sys=0.01, real=0.00 secs] 
2014-07-16T02:19:33.754+0000: 248.293: [GC [PSYoungGen: 151145K->1076K(148800K)] 210385K->60371K(835776K), 0.0037850 secs] [Times: user=0.01 sys=0.00, real=0.00 secs] 
2014-07-16T02:19:34.277+0000: 248.815: [GC [PSYoungGen: 148788K->634K(145664K)] 208083K->60009K(832640K), 0.0047540 secs] [Times: user=0.03 sys=0.00, real=0.00 secs] 
2014-07-16T02:19:34.806+0000: 249.345: [GC [PSYoungGen: 145658K->652K(143168K)] 205033K->60091K(830144K), 0.0041460 secs] [Times: user=0.03 sys=0.00, real=0.00 secs] 
2014-07-16T02:19:35.305+0000: 249.844: [GC [PSYoungGen: 143116K->580K(140608K)] 202555K->60091K(827584K), 0.0031830 secs] [Times: user=0.02 sys=0.00, real=0.00 secs] 
2014-07-16T02:19:35.821+0000: 250.360: [GC [PSYoungGen: 140548K->548K(138112K)] 200059K->60123K(825088K), 0.0030630 secs] [Times: user=0.01 sys=0.00, real=0.01 secs] 
2014-07-16T02:19:36.318+0000: 250.857: [GC [PSYoungGen: 138084K->736K(135936K)] 197659K->60415K(822912K), 0.0040520 secs] [Times: user=0.02 sys=0.00, real=0.01 secs] 
2014-07-16T02:19:36.807+0000: 251.346: [GC [PSYoungGen: 135904K->452K(133376K)] 195583K->60187K(820352K), 0.0026950 secs] [Times: user=0.01 sys=0.00, real=0.00 secs] 
2014-07-16T02:19:37.285+0000: 251.824: [GC [PSYoungGen: 133316K->612K(131264K)] 193051K->60419K(818240K), 0.0028180 secs] [Times: user=0.01 sys=0.00, real=0.00 secs] 
2014-07-16T02:19:37.759+0000: 252.297: [GC [PSYoungGen: 131235K->498K(128960K)] 191043K->60353K(815936K), 0.0055670 secs] [Times: user=0.03 sys=0.00, real=0.01 secs] 
2014-07-16T02:19:38.218+0000: 252.756: [GC [PSYoungGen: 128944K->754K(127104K)] 188800K->60649K(814080K), 0.0049860 secs] [Times: user=0.02 sys=0.00, real=0.01 secs] 
2014-07-16T02:19:38.676+0000: 253.215: [GC [PSYoungGen: 127090K->772K(125120K)] 186985K->60723K(812096K), 0.0028990 secs] [Times: user=0.01 sys=0.00, real=0.00 secs] 
2014-07-16T02:19:39.157+0000: 253.696: [GC [PSYoungGen: 125060K->848K(150080K)] 185011K->60815K(837056K), 0.0202750 secs] [Times: user=0.09 sys=0.00, real=0.02 secs] 
2014-07-16T02:19:39.681+0000: 254.219: [GC [PSYoungGen: 150032K->484K(179584K)] 209999K->60475K(866560K), 0.0061490 secs] [Times: user=0.03 sys=0.00, real=0.01 secs] 
2014-07-16T02:19:40.333+0000: 254.871: [GC [PSYoungGen: 179541K->1076K(183168K)] 239533K->61317K(870144K), 0.0032860 secs] [Times: user=0.02 sys=0.00, real=0.00 secs] 
2014-07-16T02:19:40.989+0000: 255.527: [GC [PSYoungGen: 183148K->1086K(183488K)] 243390K->61399K(870464K), 0.0025520 secs] [Times: user=0.02 sys=0.00, real=0.00 secs] 
2014-07-16T02:19:41.641+0000: 256.179: [GC [PSYoungGen: 183166K->826K(179200K)] 243479K->61393K(866176K), 0.0029820 secs] [Times: user=0.01 sys=0.00, real=0.01 secs] 
2014-07-16T02:19:42.270+0000: 256.808: [GC [PSYoungGen: 179194K->972K(175808K)] 239761K->61603K(862784K), 0.0085720 secs] [Times: user=0.05 sys=0.00, real=0.01 secs] 
2014-07-16T02:19:42.891+0000: 257.430: [GC [PSYoungGen: 175685K->848K(210688K)] 236317K->61511K(897664K), 0.0077960 secs] [Times: user=0.03 sys=0.01, real=0.01 secs] 
2014-07-16T02:19:43.641+0000: 258.180: [GC [PSYoungGen: 210611K->834K(206016K)] 271275K->61530K(892992K), 0.0062400 secs] [Times: user=0.02 sys=0.00, real=0.01 secs] 
2014-07-16T02:19:44.363+0000: 258.901: [GC [PSYoungGen: 205954K->912K(201536K)] 266649K->61687K(888512K), 0.0031000 secs] [Times: user=0.01 sys=0.00, real=0.01 secs] 
2014-07-16T02:19:45.086+0000: 259.625: [GC [PSYoungGen: 201488K->598K(196864K)] 262263K->61453K(883840K), 0.0037520 secs] [Times: user=0.02 sys=0.00, real=0.00 secs] 
2014-07-16T02:19:45.835+0000: 260.373: [GC [PSYoungGen: 196818K->794K(192832K)] 257673K->61721K(879808K), 0.0028980 secs] [Times: user=0.02 sys=0.00, real=0.00 secs] 
2014-07-16T02:19:46.501+0000: 261.040: [GC [PSYoungGen: 192794K->1036K(188992K)] 253721K->62059K(875968K), 0.0028120 secs] [Times: user=0.01 sys=0.00, real=0.01 secs] 
2014-07-16T02:19:47.173+0000: 261.712: [GC [PSYoungGen: 188940K->698K(184704K)] 249963K->61909K(871680K), 0.0044970 secs] [Times: user=0.03 sys=0.00, real=0.01 secs] 
2014-07-16T02:19:47.825+0000: 262.364: [GC [PSYoungGen: 184698K->1252K(181504K)] 245909K->62560K(868480K), 0.0068220 secs] [Times: user=0.04 sys=0.00, real=0.00 secs] 
2014-07-16T02:19:48.483+0000: 263.022: [GC [PSYoungGen: 181476K->616K(177216K)] 242784K->62301K(864192K), 0.0073780 secs] [Times: user=0.04 sys=0.01, real=0.01 secs] 
2014-07-16T02:19:49.113+0000: 263.652: [GC [PSYoungGen: 177192K->890K(173888K)] 238877K->62607K(860864K), 0.0064910 secs] [Times: user=0.01 sys=0.01, real=0.01 secs] 
2014-07-16T02:19:49.741+0000: 264.280: [GC [PSYoungGen: 173849K->612K(170176K)] 235567K->62626K(857152K), 0.0046370 secs] [Times: user=0.03 sys=0.00, real=0.01 secs] 
2014-07-16T02:19:50.346+0000: 264.885: [GC [PSYoungGen: 170098K->502K(166720K)] 232112K->62556K(853696K), 0.0072230 secs] [Times: user=0.04 sys=0.00, real=0.00 secs] 
2014-07-16T02:19:51.006+0000: 265.545: [GC [PSYoungGen: 166702K->708K(163776K)] 228756K->62826K(850752K), 0.0032780 secs] [Times: user=0.01 sys=0.00, real=0.00 secs] 
2014-07-16T02:19:51.531+0000: 266.070: [GC [PSYoungGen: 163716K->644K(160576K)] 225834K->62866K(847552K), 0.0030520 secs] [Times: user=0.02 sys=0.00, real=0.01 secs] 
2014-07-16T02:19:52.122+0000: 266.661: [GC [PSYoungGen: 160516K->1182K(158080K)] 222738K->63476K(845056K), 0.0029150 secs] [Times: user=0.01 sys=0.00, real=0.01 secs] 
2014-07-16T02:19:52.684+0000: 267.223: [GC [PSYoungGen: 158044K->854K(154816K)] 220338K->63204K(841792K), 0.0069180 secs] [Times: user=0.03 sys=0.00, real=0.00 secs] 
2014-07-16T02:19:53.234+0000: 267.772: [GC [PSYoungGen: 154754K->684K(151808K)] 217104K->63090K(838784K), 0.0045260 secs] [Times: user=0.02 sys=0.00, real=0.01 secs] 
2014-07-16T02:19:53.773+0000: 268.312: [GC [PSYoungGen: 151788K->498K(148864K)] 214194K->62975K(835840K), 0.0043190 secs] [Times: user=0.03 sys=0.00, real=0.01 secs] 
2014-07-16T02:19:54.304+0000: 268.843: [GC [PSYoungGen: 148808K->402K(146112K)] 211286K->62927K(833088K), 0.0074120 secs] [Times: user=0.04 sys=0.01, real=0.01 secs] 
2014-07-16T02:19:54.828+0000: 269.367: [GC [PSYoungGen: 146066K->990K(144064K)] 208591K->63580K(831040K), 0.0027160 secs] [Times: user=0.01 sys=0.00, real=0.00 secs] 
2014-07-16T02:19:55.333+0000: 269.872: [GC [PSYoungGen: 144030K->836K(141440K)] 206620K->63498K(828416K), 0.0066360 secs] [Times: user=0.03 sys=0.00, real=0.01 secs] 
2014-07-16T02:19:55.884+0000: 270.423: [GC [PSYoungGen: 141380K->708K(138880K)] 204042K->63418K(825856K), 0.0057350 secs] [Times: user=0.02 sys=0.00, real=0.01 secs] 
2014-07-16T02:19:56.341+0000: 270.880: [GC [PSYoungGen: 138820K->1058K(136832K)] 201530K->64048K(823808K), 0.0031810 secs] [Times: user=0.02 sys=0.00, real=0.00 secs] 
2014-07-16T02:19:56.828+0000: 271.367: [GC [PSYoungGen: 136706K->730K(134208K)] 199696K->63800K(821184K), 0.0050940 secs] [Times: user=0.03 sys=0.00, real=0.00 secs] 
2014-07-16T02:19:57.307+0000: 271.846: [GC [PSYoungGen: 134170K->612K(131840K)] 197240K->63738K(818816K), 0.0029770 secs] [Times: user=0.01 sys=0.00, real=0.00 secs] 
2014-07-16T02:19:57.779+0000: 272.317: [GC [PSYoungGen: 131812K->580K(129664K)] 194938K->63802K(816640K), 0.0039330 secs] [Times: user=0.02 sys=0.01, real=0.00 secs] 
2014-07-16T02:19:58.258+0000: 272.797: [GC [PSYoungGen: 129584K->886K(127808K)] 192806K->64172K(814784K), 0.0041330 secs] [Times: user=0.02 sys=0.00, real=0.00 secs] 
2014-07-16T02:19:58.687+0000: 273.226: [GC [PSYoungGen: 127767K->652K(125568K)] 191053K->63986K(812544K), 0.0028990 secs] [Times: user=0.01 sys=0.00, real=0.00 secs] 
2014-07-16T02:19:59.142+0000: 273.681: [GC [PSYoungGen: 125516K->516K(123456K)] 188850K->63922K(810432K), 0.0040460 secs] [Times: user=0.02 sys=0.00, real=0.01 secs] 
2014-07-16T02:19:59.609+0000: 274.148: [GC [PSYoungGen: 123396K->798K(121792K)] 186802K->64260K(808768K), 0.0030870 secs] [Times: user=0.02 sys=0.00, real=0.00 secs] 
2014-07-16T02:20:00.032+0000: 274.571: [GC [PSYoungGen: 121758K->900K(120000K)] 185220K->64402K(806976K), 0.0054150 secs] [Times: user=0.02 sys=0.00, real=0.01 secs] 
2014-07-16T02:20:00.458+0000: 274.997: [GC [PSYoungGen: 119940K->790K(118016K)] 183442K->64316K(804992K), 0.0051880 secs] [Times: user=0.02 sys=0.00, real=0.00 secs] 
2014-07-16T02:20:00.969+0000: 275.508: [GC [PSYoungGen: 117974K->680K(116096K)] 181500K->64554K(803072K), 0.0049760 secs] [Times: user=0.02 sys=0.01, real=0.00 secs] 
2014-07-16T02:20:01.329+0000: 275.868: [GC [PSYoungGen: 116072K->904K(139456K)] 179946K->64842K(826432K), 0.0050060 secs] [Times: user=0.03 sys=0.00, real=0.00 secs] 
2014-07-16T02:20:01.816+0000: 276.355: [GC [PSYoungGen: 139400K->658K(166912K)] 203338K->64900K(853888K), 0.0050950 secs] [Times: user=0.02 sys=0.00, real=0.00 secs] 
2014-07-16T02:20:02.399+0000: 276.937: [GC [PSYoungGen: 166865K->690K(163712K)] 231107K->65004K(850688K), 0.0027640 secs] [Times: user=0.02 sys=0.01, real=0.00 secs] 
2014-07-16T02:20:02.993+0000: 277.531: [GC [PSYoungGen: 163698K->516K(160448K)] 228012K->64862K(847424K), 0.0053140 secs] [Times: user=0.01 sys=0.00, real=0.01 secs] 
2014-07-16T02:20:03.559+0000: 278.098: [GC [PSYoungGen: 160388K->1178K(158080K)] 224734K->65604K(845056K), 0.0036890 secs] [Times: user=0.02 sys=0.00, real=0.00 secs] 
2014-07-16T02:20:04.122+0000: 278.661: [GC [PSYoungGen: 158042K->680K(154624K)] 222468K->65442K(841600K), 0.0032800 secs] [Times: user=0.02 sys=0.00, real=0.00 secs] 
2014-07-16T02:20:04.681+0000: 279.219: [GC [PSYoungGen: 154600K->844K(152000K)] 219362K->65662K(838976K), 0.0042340 secs] [Times: user=0.01 sys=0.00, real=0.00 secs] 
2014-07-16T02:20:05.210+0000: 279.749: [GC [PSYoungGen: 151931K->684K(149056K)] 216750K->65550K(836032K), 0.0041770 secs] [Times: user=0.02 sys=0.00, real=0.00 secs] 
2014-07-16T02:20:05.740+0000: 280.279: [GC [PSYoungGen: 149036K->576K(146240K)] 213902K->65506K(833216K), 0.0038400 secs] [Times: user=0.01 sys=0.00, real=0.00 secs] 
2014-07-16T02:20:06.300+0000: 280.838: [GC [PSYoungGen: 146240K->958K(144000K)] 211170K->66000K(830976K), 0.0034560 secs] [Times: user=0.01 sys=0.00, real=0.00 secs] 
2014-07-16T02:20:06.825+0000: 281.363: [GC [PSYoungGen: 143998K->930K(141504K)] 209040K->66044K(828480K), 0.0042060 secs] [Times: user=0.03 sys=0.00, real=0.01 secs] 
2014-07-16T02:20:07.316+0000: 281.855: [GC [PSYoungGen: 141472K->826K(138944K)] 206586K->66250K(825920K), 0.0027700 secs] [Times: user=0.01 sys=0.00, real=0.01 secs] 
2014-07-16T02:20:07.800+0000: 282.338: [GC [PSYoungGen: 138938K->812K(136576K)] 204362K->66276K(823552K), 0.0048220 secs] [Times: user=0.02 sys=0.00, real=0.00 secs] 
2014-07-16T02:20:08.293+0000: 282.831: [GC [PSYoungGen: 136556K->830K(134272K)] 202020K->66424K(821248K), 0.0030170 secs] [Times: user=0.01 sys=0.00, real=0.00 secs] 
2014-07-16T02:20:08.770+0000: 283.309: [GC [PSYoungGen: 134258K->580K(131840K)] 199852K->66262K(818816K), 0.0029350 secs] [Times: user=0.02 sys=0.00, real=0.00 secs] 
2014-07-16T02:20:09.230+0000: 283.769: [GC [PSYoungGen: 131780K->1134K(130176K)] 197462K->67046K(817152K), 0.0032570 secs] [Times: user=0.02 sys=0.01, real=0.00 secs] 
2014-07-16T02:20:09.711+0000: 284.249: [GC [PSYoungGen: 130158K->1464K(128384K)] 196070K->67464K(815360K), 0.0037450 secs] [Times: user=0.02 sys=0.01, real=0.00 secs] 
2014-07-16T02:20:10.156+0000: 284.694: [GC [PSYoungGen: 128376K->356K(125248K)] 194376K->66604K(812224K), 0.0040970 secs] [Times: user=0.02 sys=0.00, real=0.01 secs] 
2014-07-16T02:20:10.611+0000: 285.149: [GC [PSYoungGen: 125138K->780K(123712K)] 191386K->67108K(810688K), 0.0035610 secs] [Times: user=0.03 sys=0.00, real=0.00 secs] 
2014-07-16T02:20:11.139+0000: 285.678: [GC [PSYoungGen: 123660K->1318K(122304K)] 189988K->67800K(809280K), 0.0026100 secs] [Times: user=0.02 sys=0.00, real=0.00 secs] 
2014-07-16T02:20:11.514+0000: 286.053: [GC [PSYoungGen: 122278K->640K(119680K)] 188760K->67234K(806656K), 0.0039180 secs] [Times: user=0.02 sys=0.00, real=0.01 secs] 
2014-07-16T02:20:11.938+0000: 286.476: [GC [PSYoungGen: 119680K->498K(143360K)] 186274K->67132K(830336K), 0.0083550 secs] [Times: user=0.04 sys=0.00, real=0.00 secs] 
2014-07-16T02:20:12.444+0000: 286.982: [GC [PSYoungGen: 143308K->1094K(141504K)] 209942K->67808K(828480K), 0.0029030 secs] [Times: user=0.01 sys=0.01, real=0.00 secs] 
2014-07-16T02:20:12.948+0000: 287.486: [GC [PSYoungGen: 141415K->1004K(169472K)] 208129K->67782K(856448K), 0.0099950 secs] [Times: user=0.05 sys=0.00, real=0.01 secs] 
2014-07-16T02:20:13.555+0000: 288.094: [GC [PSYoungGen: 169452K->388K(189760K)] 236230K->67190K(876736K), 0.0079280 secs] [Times: user=0.04 sys=0.00, real=0.01 secs] 
2014-07-16T02:20:14.226+0000: 288.764: [GC [PSYoungGen: 188548K->722K(203904K)] 255350K->67588K(890880K), 0.0043330 secs] [Times: user=0.02 sys=0.00, real=0.01 secs] 
2014-07-16T02:20:14.947+0000: 289.486: [GC [PSYoungGen: 202942K->662K(203840K)] 269809K->67600K(890816K), 0.0074270 secs] [Times: user=0.04 sys=0.00, real=0.01 secs] 
2014-07-16T02:20:15.688+0000: 290.226: [GC [PSYoungGen: 202902K->680K(198528K)] 269840K->67690K(885504K), 0.0052970 secs] [Times: user=0.02 sys=0.00, real=0.01 secs] 
2014-07-16T02:20:16.427+0000: 290.965: [GC [PSYoungGen: 198504K->512K(194048K)] 265514K->67594K(881024K), 0.0049250 secs] [Times: user=0.02 sys=0.00, real=0.01 secs] 
2014-07-16T02:20:17.138+0000: 291.676: [GC [PSYoungGen: 193998K->1090K(190592K)] 261080K->68228K(877568K), 0.0066140 secs] [Times: user=0.02 sys=0.00, real=0.01 secs] 
2014-07-16T02:20:17.807+0000: 292.346: [GC [PSYoungGen: 190530K->1108K(186624K)] 257668K->68318K(873600K), 0.0042690 secs] [Times: user=0.02 sys=0.00, real=0.01 secs] 
2014-07-16T02:20:18.453+0000: 292.991: [GC [PSYoungGen: 186580K->662K(182336K)] 253790K->67944K(869312K), 0.0032310 secs] [Times: user=0.01 sys=0.00, real=0.00 secs] 
2014-07-16T02:20:19.105+0000: 293.644: [GC [PSYoungGen: 182294K->534K(178496K)] 249576K->67888K(865472K), 0.0030930 secs] [Times: user=0.01 sys=0.00, real=0.01 secs] 
2014-07-16T02:20:19.751+0000: 294.290: [GC [PSYoungGen: 178454K->466K(174848K)] 245808K->67892K(861824K), 0.0031570 secs] [Times: user=0.02 sys=0.01, real=0.00 secs] 
2014-07-16T02:20:20.367+0000: 294.905: [GC [PSYoungGen: 174802K->812K(171712K)] 242228K->68310K(858688K), 0.0034240 secs] [Times: user=0.02 sys=0.00, real=0.01 secs] 
2014-07-16T02:20:20.966+0000: 295.504: [GC [PSYoungGen: 171692K->1052K(168576K)] 239190K->68598K(855552K), 0.0057990 secs] [Times: user=0.03 sys=0.00, real=0.01 secs] 
2014-07-16T02:20:21.605+0000: 296.144: [GC [PSYoungGen: 168540K->580K(164864K)] 236086K->68222K(851840K), 0.0037380 secs] [Times: user=0.02 sys=0.00, real=0.01 secs] 
2014-07-16T02:20:22.191+0000: 296.730: [GC [PSYoungGen: 164804K->530K(161664K)] 232446K->68244K(848640K), 0.0036350 secs] [Times: user=0.02 sys=0.00, real=0.00 secs] 
2014-07-16T02:20:22.761+0000: 297.300: [GC [PSYoungGen: 161598K->730K(158784K)] 229312K->68516K(845760K), 0.0044130 secs] [Times: user=0.02 sys=0.00, real=0.00 secs] 
2014-07-16T02:20:23.316+0000: 297.855: [GC [PSYoungGen: 158746K->722K(155840K)] 226532K->68564K(842816K), 0.0041570 secs] [Times: user=0.01 sys=0.00, real=0.01 secs] 
2014-07-16T02:20:23.859+0000: 298.397: [GC [PSYoungGen: 155794K->980K(153216K)] 223636K->68870K(840192K), 0.0045860 secs] [Times: user=0.02 sys=0.01, real=0.01 secs] 
2014-07-16T02:20:24.399+0000: 298.938: [GC [PSYoungGen: 153172K->562K(149952K)] 221062K->68524K(836928K), 0.0029490 secs] [Times: user=0.01 sys=0.00, real=0.00 secs] 
2014-07-16T02:20:24.941+0000: 299.480: [GC [PSYoungGen: 149938K->830K(147520K)] 217900K->68840K(834496K), 0.0037180 secs] [Times: user=0.02 sys=0.00, real=0.00 secs] 
2014-07-16T02:20:25.466+0000: 300.005: [GC [PSYoungGen: 147518K->1054K(145152K)] 215528K->69112K(832128K), 0.0072140 secs] [Times: user=0.03 sys=0.00, real=0.01 secs] 
2014-07-16T02:20:25.989+0000: 300.528: [GC [PSYoungGen: 145118K->680K(142208K)] 213176K->68794K(829184K), 0.0049880 secs] [Times: user=0.02 sys=0.01, real=0.00 secs] 
2014-07-16T02:20:26.554+0000: 301.092: [GC [PSYoungGen: 142184K->666K(170560K)] 210298K->68820K(857536K), 0.0083760 secs] [Times: user=0.04 sys=0.00, real=0.01 secs] 
2014-07-16T02:20:27.158+0000: 301.697: [GC [PSYoungGen: 170521K->1036K(167616K)] 238675K->69246K(854592K), 0.0052850 secs] [Times: user=0.03 sys=0.01, real=0.01 secs] 
2014-07-16T02:20:27.752+0000: 302.291: [GC [PSYoungGen: 167564K->790K(164096K)] 235774K->69088K(851072K), 0.0056150 secs] [Times: user=0.03 sys=0.01, real=0.00 secs] 
2014-07-16T02:20:28.328+0000: 302.866: [GC [PSYoungGen: 163991K->1248K(161408K)] 232290K->69660K(848384K), 0.0033110 secs] [Times: user=0.01 sys=0.00, real=0.01 secs] 
2014-07-16T02:20:28.909+0000: 303.448: [GC [PSYoungGen: 161376K->502K(157632K)] 229788K->69144K(844608K), 0.0040690 secs] [Times: user=0.02 sys=0.00, real=0.01 secs] 
2014-07-16T02:20:29.463+0000: 304.002: [GC [PSYoungGen: 157622K->580K(154816K)] 226264K->69326K(841792K), 0.0029140 secs] [Times: user=0.02 sys=0.00, real=0.00 secs] 
2014-07-16T02:20:30.018+0000: 304.556: [GC [PSYoungGen: 154755K->516K(151872K)] 223501K->69376K(838848K), 0.0049730 secs] [Times: user=0.02 sys=0.00, real=0.01 secs] 
2014-07-16T02:20:30.591+0000: 305.130: [GC [PSYoungGen: 151812K->680K(149248K)] 220672K->69564K(836224K), 0.0053550 secs] [Times: user=0.01 sys=0.00, real=0.00 secs] 
2014-07-16T02:20:31.099+0000: 305.637: [GC [PSYoungGen: 149224K->644K(146560K)] 218108K->69624K(833536K), 0.0028130 secs] [Times: user=0.02 sys=0.00, real=0.01 secs] 
2014-07-16T02:20:31.704+0000: 306.242: [GC [PSYoungGen: 146500K->798K(144064K)] 215480K->69826K(831040K), 0.0100710 secs] [Times: user=0.05 sys=0.00, real=0.01 secs] 
2014-07-16T02:20:32.190+0000: 306.728: [GC [PSYoungGen: 143982K->1200K(141952K)] 213010K->70300K(828928K), 0.0045580 secs] [Times: user=0.02 sys=0.00, real=0.01 secs] 
2014-07-16T02:20:32.693+0000: 307.231: [GC [PSYoungGen: 141936K->680K(169600K)] 211036K->69812K(856576K), 0.0081320 secs] [Times: user=0.04 sys=0.00, real=0.01 secs] 
2014-07-16T02:20:33.297+0000: 307.835: [GC [PSYoungGen: 169492K->516K(166144K)] 238624K->69712K(853120K), 0.0031790 secs] [Times: user=0.02 sys=0.00, real=0.00 secs] 
2014-07-16T02:20:33.884+0000: 308.423: [GC [PSYoungGen: 166050K->716K(163136K)] 235246K->69960K(850112K), 0.0031400 secs] [Times: user=0.01 sys=0.01, real=0.00 secs] 
2014-07-16T02:20:34.471+0000: 309.010: [GC [PSYoungGen: 163084K->534K(159808K)] 232328K->69834K(846784K), 0.0058250 secs] [Times: user=0.02 sys=0.00, real=0.00 secs] 
2014-07-16T02:20:35.058+0000: 309.596: [GC [PSYoungGen: 159766K->1032K(157312K)] 229066K->70356K(844288K), 0.0052970 secs] [Times: user=0.01 sys=0.00, real=0.01 secs] 
2014-07-16T02:20:35.601+0000: 310.139: [GC [PSYoungGen: 157256K->448K(153728K)] 226580K->69812K(840704K), 0.0072390 secs] [Times: user=0.03 sys=0.00, real=0.01 secs] 
2014-07-16T02:20:36.150+0000: 310.689: [GC [PSYoungGen: 153709K->1180K(151680K)] 223073K->70608K(838656K), 0.0027760 secs] [Times: user=0.02 sys=0.00, real=0.01 secs] 
2014-07-16T02:20:36.752+0000: 311.291: [GC [PSYoungGen: 151644K->544K(148288K)] 221072K->70068K(835264K), 0.0038320 secs] [Times: user=0.02 sys=0.00, real=0.00 secs] 
2014-07-16T02:20:37.275+0000: 311.814: [GC [PSYoungGen: 148255K->434K(145472K)] 217779K->70030K(832448K), 0.0028720 secs] [Times: user=0.01 sys=0.00, real=0.00 secs] 
2014-07-16T02:20:37.794+0000: 312.332: [GC [PSYoungGen: 145458K->648K(143168K)] 215054K->70308K(830144K), 0.0055540 secs] [Times: user=0.03 sys=0.00, real=0.00 secs] 
2014-07-16T02:20:38.323+0000: 312.862: [GC [PSYoungGen: 143112K->1030K(141056K)] 212772K->70746K(828032K), 0.0056110 secs] [Times: user=0.03 sys=0.01, real=0.00 secs] 
2014-07-16T02:20:38.815+0000: 313.354: [GC [PSYoungGen: 140998K->626K(138176K)] 210714K->70382K(825152K), 0.0058030 secs] [Times: user=0.03 sys=0.00, real=0.00 secs] 
2014-07-16T02:20:39.313+0000: 313.851: [GC [PSYoungGen: 138092K->1058K(136256K)] 207848K->70878K(823232K), 0.0039720 secs] [Times: user=0.01 sys=0.00, real=0.00 secs] 
2014-07-16T02:20:39.786+0000: 314.324: [GC [PSYoungGen: 136226K->666K(133568K)] 206046K->70566K(820544K), 0.0044360 secs] [Times: user=0.02 sys=0.00, real=0.00 secs] 
2014-07-16T02:20:40.260+0000: 314.799: [GC [PSYoungGen: 133520K->644K(131328K)] 203420K->70624K(818304K), 0.0043410 secs] [Times: user=0.03 sys=0.00, real=0.01 secs] 
2014-07-16T02:20:40.766+0000: 315.305: [GC [PSYoungGen: 131268K->644K(129152K)] 201248K->70664K(816128K), 0.0036710 secs] [Times: user=0.01 sys=0.01, real=0.00 secs] 
2014-07-16T02:20:41.233+0000: 315.772: [GC [PSYoungGen: 129092K->1276K(127616K)] 199112K->71376K(814592K), 0.0032510 secs] [Times: user=0.02 sys=0.00, real=0.00 secs] 
2014-07-16T02:20:41.662+0000: 316.201: [GC [PSYoungGen: 127612K->620K(124928K)] 197712K->71112K(811904K), 0.0037230 secs] [Times: user=0.02 sys=0.00, real=0.00 secs] 
2014-07-16T02:20:42.112+0000: 316.650: [GC [PSYoungGen: 124908K->912K(123264K)] 195400K->71452K(810240K), 0.0048790 secs] [Times: user=0.01 sys=0.00, real=0.01 secs] 
2014-07-16T02:20:42.547+0000: 317.086: [GC [PSYoungGen: 123216K->670K(121088K)] 193756K->71492K(808064K), 0.0046870 secs] [Times: user=0.02 sys=0.00, real=0.01 secs] 
2014-07-16T02:20:42.973+0000: 317.511: [GC [PSYoungGen: 121045K->712K(119296K)] 191867K->71614K(806272K), 0.0044720 secs] [Times: user=0.02 sys=0.00, real=0.00 secs] 
2014-07-16T02:20:43.391+0000: 317.930: [GC [PSYoungGen: 119232K->1176K(117888K)] 190134K->72158K(804864K), 0.0043960 secs] [Times: user=0.02 sys=0.00, real=0.01 secs] 
2014-07-16T02:20:43.813+0000: 318.351: [GC [PSYoungGen: 117846K->708K(115648K)] 188829K->71770K(802624K), 0.0026430 secs] [Times: user=0.01 sys=0.01, real=0.00 secs] 
2014-07-16T02:20:44.220+0000: 318.758: [GC [PSYoungGen: 115588K->612K(113792K)] 186650K->71778K(800768K), 0.0024780 secs] [Times: user=0.01 sys=0.00, real=0.01 secs] 
2014-07-16T02:20:44.619+0000: 319.157: [GC [PSYoungGen: 113764K->370K(111872K)] 184930K->71592K(798848K), 0.0039060 secs] [Times: user=0.02 sys=0.00, real=0.01 secs] 
2014-07-16T02:20:45.014+0000: 319.553: [GC [PSYoungGen: 111858K->580K(110464K)] 183080K->71866K(797440K), 0.0033280 secs] [Times: user=0.02 sys=0.00, real=0.00 secs] 
2014-07-16T02:20:45.412+0000: 319.951: [GC [PSYoungGen: 110402K->780K(109056K)] 181688K->72098K(796032K), 0.0053470 secs] [Times: user=0.01 sys=0.00, real=0.00 secs] 
2014-07-16T02:20:45.803+0000: 320.342: [GC [PSYoungGen: 109004K->862K(130816K)] 180322K->72228K(817792K), 0.0110760 secs] [Times: user=0.05 sys=0.01, real=0.01 secs] 
2014-07-16T02:20:46.259+0000: 320.797: [GC [PSYoungGen: 130742K->630K(156544K)] 202108K->72044K(843520K), 0.0031690 secs] [Times: user=0.02 sys=0.00, real=0.00 secs] 
2014-07-16T02:20:46.962+0000: 321.500: [GC [PSYoungGen: 156513K->1132K(188288K)] 227928K->72650K(875264K), 0.0037580 secs] [Times: user=0.03 sys=0.00, real=0.01 secs] 
2014-07-16T02:20:47.552+0000: 322.091: [GC [PSYoungGen: 188268K->1012K(184256K)] 259786K->72602K(871232K), 0.0051440 secs] [Times: user=0.03 sys=0.00, real=0.01 secs] 
2014-07-16T02:20:48.218+0000: 322.757: [GC [PSYoungGen: 184244K->676K(180160K)] 255834K->72354K(867136K), 0.0058960 secs] [Times: user=0.03 sys=0.00, real=0.01 secs] 
2014-07-16T02:20:48.868+0000: 323.406: [GC [PSYoungGen: 180094K->1332K(177152K)] 251773K->73082K(864128K), 0.0054290 secs] [Times: user=0.03 sys=0.00, real=0.01 secs] 
2014-07-16T02:20:49.490+0000: 324.028: [GC [PSYoungGen: 177103K->598K(172928K)] 248854K->72388K(859904K), 0.0043140 secs] [Times: user=0.01 sys=0.00, real=0.01 secs] 
2014-07-16T02:20:50.105+0000: 324.644: [GC [PSYoungGen: 172886K->740K(169664K)] 244676K->72634K(856640K), 0.0046000 secs] [Times: user=0.02 sys=0.00, real=0.00 secs] 
2014-07-16T02:20:50.716+0000: 325.255: [GC [PSYoungGen: 169636K->740K(166336K)] 241530K->72682K(853312K), 0.0074210 secs] [Times: user=0.04 sys=0.00, real=0.01 secs] 
2014-07-16T02:20:51.325+0000: 325.863: [GC [PSYoungGen: 166262K->1016K(163392K)] 238204K->73006K(850368K), 0.0049890 secs] [Times: user=0.02 sys=0.00, real=0.00 secs] 
2014-07-16T02:20:51.933+0000: 326.472: [GC [PSYoungGen: 163384K->1044K(160320K)] 235374K->73114K(847296K), 0.0044890 secs] [Times: user=0.03 sys=0.00, real=0.00 secs] 
2014-07-16T02:20:52.490+0000: 327.029: [GC [PSYoungGen: 160276K->826K(157056K)] 232346K->72968K(844032K), 0.0035420 secs] [Times: user=0.01 sys=0.00, real=0.01 secs] 
2014-07-16T02:20:53.061+0000: 327.600: [GC [PSYoungGen: 157050K->712K(154048K)] 229192K->72910K(841024K), 0.0064060 secs] [Times: user=0.03 sys=0.00, real=0.01 secs] 
2014-07-16T02:20:53.606+0000: 328.145: [GC [PSYoungGen: 153950K->1062K(151552K)] 226148K->73316K(838528K), 0.0063560 secs] [Times: user=0.03 sys=0.00, real=0.00 secs] 
2014-07-16T02:20:54.144+0000: 328.683: [GC [PSYoungGen: 151526K->434K(148160K)] 223780K->72760K(835136K), 0.0039650 secs] [Times: user=0.02 sys=0.00, real=0.00 secs] 
2014-07-16T02:20:54.678+0000: 329.217: [GC [PSYoungGen: 148136K->958K(145984K)] 220462K->73356K(832960K), 0.0050990 secs] [Times: user=0.03 sys=0.00, real=0.00 secs] 
2014-07-16T02:20:55.196+0000: 329.735: [GC [PSYoungGen: 145965K->402K(174528K)] 218363K->72856K(861504K), 0.0096450 secs] [Times: user=0.05 sys=0.00, real=0.01 secs] 
2014-07-16T02:20:55.808+0000: 330.347: [GC [PSYoungGen: 174463K->798K(171456K)] 246918K->73324K(858432K), 0.0024900 secs] [Times: user=0.01 sys=0.00, real=0.00 secs] 
2014-07-16T02:20:56.410+0000: 330.948: [GC [PSYoungGen: 171404K->1158K(168448K)] 243931K->73764K(855424K), 0.0042310 secs] [Times: user=0.02 sys=0.00, real=0.01 secs] 
2014-07-16T02:20:57.024+0000: 331.563: [GC [PSYoungGen: 168390K->1104K(165120K)] 240996K->73766K(852096K), 0.0030320 secs] [Times: user=0.01 sys=0.01, real=0.00 secs] 
2014-07-16T02:20:57.590+0000: 332.129: [GC [PSYoungGen: 165072K->624K(161472K)] 237734K->73604K(848448K), 0.0065530 secs] [Times: user=0.03 sys=0.00, real=0.01 secs] 
2014-07-16T02:20:58.163+0000: 332.702: [GC [PSYoungGen: 161456K->848K(158656K)] 234436K->73884K(845632K), 0.0054980 secs] [Times: user=0.03 sys=0.01, real=0.01 secs] 
2014-07-16T02:20:58.746+0000: 333.285: [GC [PSYoungGen: 158608K->498K(155328K)] 231644K->73732K(842304K), 0.0037840 secs] [Times: user=0.01 sys=0.00, real=0.00 secs] 
2014-07-16T02:20:59.299+0000: 333.838: [GC [PSYoungGen: 155314K->1022K(152960K)] 228548K->74336K(839936K), 0.0026790 secs] [Times: user=0.01 sys=0.00, real=0.00 secs] 
2014-07-16T02:20:59.855+0000: 334.394: [GC [PSYoungGen: 152958K->722K(149888K)] 226272K->74116K(836864K), 0.0054740 secs] [Times: user=0.03 sys=0.01, real=0.00 secs] 
2014-07-16T02:21:00.375+0000: 334.914: [GC [PSYoungGen: 149842K->894K(147328K)] 223236K->74344K(834304K), 0.0058300 secs] [Times: user=0.03 sys=0.00, real=0.00 secs] 
2014-07-16T02:21:00.933+0000: 335.472: [GC [PSYoungGen: 147326K->626K(176384K)] 220776K->74108K(863360K), 0.0141440 secs] [Times: user=0.09 sys=0.00, real=0.02 secs] 
2014-07-16T02:21:01.575+0000: 336.114: [GC [PSYoungGen: 176370K->1012K(198784K)] 249852K->74526K(885760K), 0.0082740 secs] [Times: user=0.04 sys=0.00, real=0.00 secs] 
2014-07-16T02:21:02.301+0000: 336.840: [GC [PSYoungGen: 198452K->1004K(212352K)] 271966K->74614K(899328K), 0.0038840 secs] [Times: user=0.01 sys=0.01, real=0.01 secs] 
2014-07-16T02:21:03.083+0000: 337.622: [GC [PSYoungGen: 211925K->726K(212352K)] 285536K->74376K(899328K), 0.0090020 secs] [Times: user=0.05 sys=0.00, real=0.01 secs] 
2014-07-16T02:21:03.816+0000: 338.355: [GC [PSYoungGen: 211670K->694K(206912K)] 285320K->74448K(893888K), 0.0034310 secs] [Times: user=0.02 sys=0.00, real=0.00 secs] 
2014-07-16T02:21:04.565+0000: 339.103: [GC [PSYoungGen: 206902K->1140K(202816K)] 280656K->74990K(889792K), 0.0036240 secs] [Times: user=0.02 sys=0.00, real=0.01 secs] 
2014-07-16T02:21:05.288+0000: 339.827: [GC [PSYoungGen: 202772K->880K(198144K)] 276622K->74979K(885120K), 0.0029690 secs] [Times: user=0.01 sys=0.00, real=0.00 secs] 
2014-07-16T02:21:05.981+0000: 340.520: [GC [PSYoungGen: 198128K->848K(193920K)] 272227K->74995K(880896K), 0.0033640 secs] [Times: user=0.02 sys=0.00, real=0.00 secs] 
2014-07-16T02:21:06.679+0000: 341.217: [GC [PSYoungGen: 193872K->744K(189696K)] 268019K->75021K(876672K), 0.0044340 secs] [Times: user=0.02 sys=0.00, real=0.00 secs] 
2014-07-16T02:21:07.387+0000: 341.926: [GC [PSYoungGen: 189645K->694K(185664K)] 263923K->75035K(872640K), 0.0049960 secs] [Times: user=0.02 sys=0.00, real=0.00 secs] 
2014-07-16T02:21:08.045+0000: 342.584: [GC [PSYoungGen: 185654K->744K(181888K)] 259995K->75157K(868864K), 0.0046940 secs] [Times: user=0.02 sys=0.00, real=0.01 secs] 
2014-07-16T02:21:08.693+0000: 343.232: [GC [PSYoungGen: 181846K->694K(178112K)] 256260K->75147K(865088K), 0.0042270 secs] [Times: user=0.01 sys=0.00, real=0.01 secs] 
2014-07-16T02:21:09.334+0000: 343.873: [GC [PSYoungGen: 178102K->690K(174528K)] 252555K->75263K(861504K), 0.0035940 secs] [Times: user=0.03 sys=0.00, real=0.01 secs] 
2014-07-16T02:21:09.964+0000: 344.503: [GC [PSYoungGen: 174500K->644K(171072K)] 249074K->75281K(858048K), 0.0033790 secs] [Times: user=0.02 sys=0.00, real=0.01 secs] 
2014-07-16T02:21:10.583+0000: 345.122: [GC [PSYoungGen: 171012K->598K(167680K)] 245649K->75323K(854656K), 0.0039050 secs] [Times: user=0.03 sys=0.01, real=0.01 secs] 
2014-07-16T02:21:11.178+0000: 345.717: [GC [PSYoungGen: 167638K->658K(164480K)] 242363K->75439K(851456K), 0.0038070 secs] [Times: user=0.01 sys=0.00, real=0.00 secs] 
2014-07-16T02:21:11.758+0000: 346.297: [GC [PSYoungGen: 164434K->780K(161472K)] 239215K->75625K(848448K), 0.0044610 secs] [Times: user=0.02 sys=0.00, real=0.00 secs] 
2014-07-16T02:21:12.438+0000: 346.977: [GC [PSYoungGen: 161420K->822K(158400K)] 236265K->75779K(845376K), 0.0042220 secs] [Times: user=0.02 sys=0.00, real=0.00 secs] 
2014-07-16T02:21:13.000+0000: 347.538: [GC [PSYoungGen: 158333K->776K(155456K)] 233290K->75813K(842432K), 0.0044930 secs] [Times: user=0.03 sys=0.00, real=0.00 secs] 
2014-07-16T02:21:13.547+0000: 348.086: [GC [PSYoungGen: 155399K->926K(152704K)] 230437K->76019K(839680K), 0.0039380 secs] [Times: user=0.01 sys=0.00, real=0.00 secs] 
2014-07-16T02:21:14.090+0000: 348.628: [GC [PSYoungGen: 152670K->576K(149568K)] 227763K->75757K(836544K), 0.0059380 secs] [Times: user=0.04 sys=0.00, real=0.00 secs] 
2014-07-16T02:21:14.628+0000: 349.167: [GC [PSYoungGen: 149568K->730K(147072K)] 224749K->75983K(834048K), 0.0042720 secs] [Times: user=0.02 sys=0.00, real=0.00 secs] 
2014-07-16T02:21:15.170+0000: 349.709: [GC [PSYoungGen: 147034K->964K(144704K)] 222287K->76481K(831680K), 0.0047870 secs] [Times: user=0.03 sys=0.00, real=0.00 secs] 
2014-07-16T02:21:15.683+0000: 350.222: [GC [PSYoungGen: 144642K->982K(142144K)] 220160K->76611K(829120K), 0.0066270 secs] [Times: user=0.05 sys=0.00, real=0.01 secs] 
2014-07-16T02:21:16.188+0000: 350.727: [GC [PSYoungGen: 142084K->306K(138944K)] 217714K->76387K(825920K), 0.0026610 secs] [Times: user=0.01 sys=0.00, real=0.00 secs] 
2014-07-16T02:21:16.680+0000: 351.218: [GC [PSYoungGen: 138869K->794K(137088K)] 214951K->76955K(824064K), 0.0056940 secs] [Times: user=0.04 sys=0.00, real=0.00 secs] 
2014-07-16T02:21:17.231+0000: 351.770: [GC [PSYoungGen: 137038K->1134K(135104K)] 213200K->77542K(822080K), 0.0045080 secs] [Times: user=0.02 sys=0.00, real=0.00 secs] 
2014-07-16T02:21:17.685+0000: 352.223: [GC [PSYoungGen: 135086K->502K(132224K)] 211494K->76966K(819200K), 0.0038470 secs] [Times: user=0.02 sys=0.00, real=0.01 secs] 
2014-07-16T02:21:18.149+0000: 352.688: [GC [PSYoungGen: 132214K->730K(130304K)] 208678K->77290K(817280K), 0.0052240 secs] [Times: user=0.03 sys=0.00, real=0.00 secs] 
2014-07-16T02:21:18.620+0000: 353.159: [GC [PSYoungGen: 130266K->822K(128256K)] 206826K->77454K(815232K), 0.0025790 secs] [Times: user=0.02 sys=0.00, real=0.00 secs] 
2014-07-16T02:21:19.087+0000: 353.626: [GC [PSYoungGen: 128241K->936K(126336K)] 204873K->77608K(813312K), 0.0065560 secs] [Times: user=0.02 sys=0.00, real=0.00 secs] 
2014-07-16T02:21:19.531+0000: 354.070: [GC [PSYoungGen: 126312K->658K(151168K)] 202984K->77433K(838144K), 0.0057800 secs] [Times: user=0.03 sys=0.00, real=0.00 secs] 
2014-07-16T02:21:20.068+0000: 354.607: [GC [PSYoungGen: 151122K->858K(148608K)] 227897K->77706K(835584K), 0.0030950 secs] [Times: user=0.01 sys=0.00, real=0.00 secs] 
2014-07-16T02:21:20.612+0000: 355.150: [GC [PSYoungGen: 148570K->854K(145920K)] 225418K->77798K(832896K), 0.0030220 secs] [Times: user=0.01 sys=0.00, real=0.00 secs] 
2014-07-16T02:21:21.122+0000: 355.661: [GC [PSYoungGen: 145858K->676K(143168K)] 222802K->77806K(830144K), 0.0026150 secs] [Times: user=0.01 sys=0.00, real=0.00 secs] 
2014-07-16T02:21:21.620+0000: 356.158: [GC [PSYoungGen: 143140K->762K(140736K)] 220270K->77932K(827712K), 0.0084580 secs] [Times: user=0.04 sys=0.00, real=0.01 secs] 
2014-07-16T02:21:22.182+0000: 356.720: [GC [PSYoungGen: 140730K->1004K(138560K)] 217900K->78342K(825536K), 0.0041270 secs] [Times: user=0.02 sys=0.00, real=0.00 secs] 
2014-07-16T02:21:22.671+0000: 357.210: [GC [PSYoungGen: 138515K->968K(136192K)] 215853K->78362K(823168K), 0.0045940 secs] [Times: user=0.02 sys=0.00, real=0.00 secs] 
2014-07-16T02:21:23.145+0000: 357.684: [GC [PSYoungGen: 136136K->576K(133440K)] 213530K->78316K(820416K), 0.0032490 secs] [Times: user=0.01 sys=0.00, real=0.01 secs] 
2014-07-16T02:21:23.633+0000: 358.171: [GC [PSYoungGen: 133440K->876K(131520K)] 211180K->78664K(818496K), 0.0051940 secs] [Times: user=0.03 sys=0.00, real=0.01 secs] 
2014-07-16T02:21:24.113+0000: 358.651: [GC [PSYoungGen: 131500K->800K(157632K)] 209288K->78660K(844608K), 0.0111850 secs] [Times: user=0.06 sys=0.01, real=0.01 secs] 
2014-07-16T02:21:24.672+0000: 359.210: [GC [PSYoungGen: 157558K->776K(188992K)] 235418K->78708K(875968K), 0.0034890 secs] [Times: user=0.02 sys=0.00, real=0.00 secs] 
2014-07-16T02:21:25.348+0000: 359.886: [GC [PSYoungGen: 188936K->708K(184960K)] 266868K->78752K(871936K), 0.0036220 secs] [Times: user=0.02 sys=0.00, real=0.01 secs] 
2014-07-16T02:21:26.003+0000: 360.541: [GC [PSYoungGen: 184900K->858K(181312K)] 262944K->78998K(868288K), 0.0041000 secs] [Times: user=0.03 sys=0.00, real=0.00 secs] 
2014-07-16T02:21:26.663+0000: 361.202: [GC [PSYoungGen: 181274K->562K(177280K)] 259414K->78814K(864256K), 0.0033230 secs] [Times: user=0.02 sys=0.00, real=0.00 secs] 
2014-07-16T02:21:27.363+0000: 361.902: [GC [PSYoungGen: 177265K->936K(174080K)] 255517K->79268K(861056K), 0.0039600 secs] [Times: user=0.03 sys=0.00, real=0.00 secs] 
2014-07-16T02:21:27.976+0000: 362.514: [GC [PSYoungGen: 174056K->498K(170176K)] 252388K->78894K(857152K), 0.0047470 secs] [Times: user=0.01 sys=0.00, real=0.01 secs] 
2014-07-16T02:21:28.597+0000: 363.136: [GC [PSYoungGen: 170162K->1184K(167552K)] 248558K->79684K(854528K), 0.0049820 secs] [Times: user=0.02 sys=0.00, real=0.01 secs] 
2014-07-16T02:21:29.196+0000: 363.735: [GC [PSYoungGen: 167520K->644K(163840K)] 246020K->79208K(850816K), 0.0038980 secs] [Times: user=0.02 sys=0.00, real=0.01 secs] 
2014-07-16T02:21:29.774+0000: 364.312: [GC [PSYoungGen: 163780K->748K(160768K)] 242344K->79360K(847744K), 0.0059580 secs] [Times: user=0.03 sys=0.01, real=0.01 secs] 
2014-07-16T02:21:30.352+0000: 364.891: [GC [PSYoungGen: 160748K->644K(157696K)] 239360K->79320K(844672K), 0.0048660 secs] [Times: user=0.03 sys=0.00, real=0.00 secs] 
2014-07-16T02:21:30.912+0000: 365.451: [GC [PSYoungGen: 157636K->936K(155008K)] 236312K->79692K(841984K), 0.0043740 secs] [Times: user=0.02 sys=0.00, real=0.00 secs] 
2014-07-16T02:21:31.487+0000: 366.026: [GC [PSYoungGen: 154945K->958K(152128K)] 233701K->79884K(839104K), 0.0049740 secs] [Times: user=0.03 sys=0.00, real=0.01 secs] 
2014-07-16T02:21:32.044+0000: 366.582: [GC [PSYoungGen: 152126K->926K(149376K)] 231052K->79932K(836352K), 0.0036350 secs] [Times: user=0.02 sys=0.00, real=0.00 secs] 
2014-07-16T02:21:32.664+0000: 367.203: [GC [PSYoungGen: 149323K->812K(146560K)] 228329K->79866K(833536K), 0.0030590 secs] [Times: user=0.02 sys=0.00, real=0.00 secs] 
2014-07-16T02:21:33.175+0000: 367.714: [GC [PSYoungGen: 146540K->1262K(144384K)] 225594K->80478K(831360K), 0.0034960 secs] [Times: user=0.01 sys=0.00, real=0.00 secs] 
2014-07-16T02:21:33.672+0000: 368.211: [GC [PSYoungGen: 144347K->502K(141120K)] 223563K->80092K(828096K), 0.0053660 secs] [Times: user=0.04 sys=0.00, real=0.00 secs] 
2014-07-16T02:21:34.177+0000: 368.716: [GC [PSYoungGen: 141110K->594K(138816K)] 220700K->80256K(825792K), 0.0036130 secs] [Times: user=0.02 sys=0.01, real=0.01 secs] 
2014-07-16T02:21:34.697+0000: 369.236: [GC [PSYoungGen: 138770K->786K(136640K)] 218432K->80512K(823616K), 0.0037830 secs] [Times: user=0.01 sys=0.00, real=0.01 secs] 
2014-07-16T02:21:35.161+0000: 369.699: [GC [PSYoungGen: 136594K->612K(134144K)] 216320K->80434K(821120K), 0.0034070 secs] [Times: user=0.02 sys=0.00, real=0.00 secs] 
2014-07-16T02:21:35.648+0000: 370.186: [GC [PSYoungGen: 134116K->552K(131840K)] 213938K->80422K(818816K), 0.0057270 secs] [Times: user=0.03 sys=0.00, real=0.01 secs] 
2014-07-16T02:21:36.115+0000: 370.653: [GC [PSYoungGen: 131816K->754K(158336K)] 211686K->80672K(845312K), 0.0097560 secs] [Times: user=0.06 sys=0.01, real=0.01 secs] 
2014-07-16T02:21:36.694+0000: 371.233: [GC [PSYoungGen: 158322K->1040K(190208K)] 238240K->81038K(877184K), 0.0058030 secs] [Times: user=0.03 sys=0.00, real=0.01 secs] 
2014-07-16T02:21:37.454+0000: 371.992: [GC [PSYoungGen: 190160K->1104K(227456K)] 270158K->81142K(914432K), 0.0083990 secs] [Times: user=0.04 sys=0.00, real=0.01 secs] 
2014-07-16T02:21:38.225+0000: 372.764: [GC [PSYoungGen: 227142K->502K(221312K)] 307180K->80604K(908288K), 0.0049810 secs] [Times: user=0.03 sys=0.00, real=0.01 secs] 
2014-07-16T02:21:39.010+0000: 373.549: [GC [PSYoungGen: 221282K->1376K(217152K)] 301385K->81856K(904128K), 0.0032780 secs] [Times: user=0.02 sys=0.00, real=0.01 secs] 
2014-07-16T02:21:39.792+0000: 374.330: [GC [PSYoungGen: 217120K->958K(211840K)] 297600K->81534K(898816K), 0.0071560 secs] [Times: user=0.03 sys=0.00, real=0.00 secs] 
2014-07-16T02:21:40.554+0000: 375.093: [GC [PSYoungGen: 211838K->640K(206784K)] 292414K->81280K(893760K), 0.0037630 secs] [Times: user=0.02 sys=0.00, real=0.00 secs] 
2014-07-16T02:21:41.286+0000: 375.825: [GC [PSYoungGen: 206784K->804K(202432K)] 287424K->81524K(889408K), 0.0038500 secs] [Times: user=0.02 sys=0.00, real=0.00 secs] 
2014-07-16T02:21:41.992+0000: 376.531: [GC [PSYoungGen: 202404K->484K(197696K)] 283124K->81244K(884672K), 0.0028930 secs] [Times: user=0.01 sys=0.00, real=0.00 secs] 
2014-07-16T02:21:42.810+0000: 377.349: [GC [PSYoungGen: 197641K->1054K(194048K)] 278401K->81894K(881024K), 0.0028770 secs] [Times: user=0.01 sys=0.00, real=0.01 secs] 
2014-07-16T02:21:43.578+0000: 378.117: [GC [PSYoungGen: 194014K->844K(189760K)] 274854K->81764K(876736K), 0.0053600 secs] [Times: user=0.03 sys=0.00, real=0.01 secs] 
2014-07-16T02:21:44.261+0000: 378.800: [GC [PSYoungGen: 189669K->676K(185600K)] 270589K->81652K(872576K), 0.0072210 secs] [Times: user=0.04 sys=0.00, real=0.00 secs] 
2014-07-16T02:21:44.926+0000: 379.465: [GC [PSYoungGen: 185572K->754K(181824K)] 266548K->81834K(868800K), 0.0042190 secs] [Times: user=0.02 sys=0.00, real=0.00 secs] 
2014-07-16T02:21:45.578+0000: 380.117: [GC [PSYoungGen: 181810K->880K(178240K)] 262890K->82048K(865216K), 0.0031990 secs] [Times: user=0.01 sys=0.00, real=0.00 secs] 
2014-07-16T02:21:46.229+0000: 380.767: [GC [PSYoungGen: 178179K->384K(174144K)] 259347K->81616K(861120K), 0.0050620 secs] [Times: user=0.03 sys=0.00, real=0.01 secs] 
2014-07-16T02:21:46.843+0000: 381.381: [GC [PSYoungGen: 174093K->726K(171072K)] 255325K->82038K(858048K), 0.0035820 secs] [Times: user=0.01 sys=0.00, real=0.00 secs] 
2014-07-16T02:21:47.526+0000: 382.065: [GC [PSYoungGen: 171030K->1278K(168256K)] 252342K->82646K(855232K), 0.0083530 secs] [Times: user=0.05 sys=0.00, real=0.01 secs] 
2014-07-16T02:21:48.076+0000: 382.614: [GC [PSYoungGen: 168210K->808K(164544K)] 249579K->82546K(851520K), 0.0064420 secs] [Times: user=0.03 sys=0.00, real=0.01 secs] 
2014-07-16T02:21:48.673+0000: 383.212: [GC [PSYoungGen: 164520K->548K(161152K)] 246258K->82334K(848128K), 0.0041020 secs] [Times: user=0.02 sys=0.00, real=0.00 secs] 
2014-07-16T02:21:49.267+0000: 383.806: [GC [PSYoungGen: 161114K->982K(158528K)] 242900K->82856K(845504K), 0.0044030 secs] [Times: user=0.03 sys=0.00, real=0.00 secs] 
2014-07-16T02:21:49.820+0000: 384.359: [GC [PSYoungGen: 158486K->1376K(155968K)] 240360K->83322K(842944K), 0.0031400 secs] [Times: user=0.02 sys=0.00, real=0.01 secs] 
2014-07-16T02:21:50.379+0000: 384.917: [GC [PSYoungGen: 155936K->684K(152384K)] 237882K->82994K(839360K), 0.0039630 secs] [Times: user=0.01 sys=0.01, real=0.01 secs] 
2014-07-16T02:21:50.936+0000: 385.475: [GC [PSYoungGen: 152362K->872K(149824K)] 234672K->83278K(836800K), 0.0028470 secs] [Times: user=0.02 sys=0.00, real=0.00 secs] 
2014-07-16T02:21:51.447+0000: 385.986: [GC [PSYoungGen: 149800K->798K(147072K)] 232206K->83244K(834048K), 0.0052410 secs] [Times: user=0.03 sys=0.00, real=0.01 secs] 
2014-07-16T02:21:51.968+0000: 386.507: [GC [PSYoungGen: 147011K->886K(144512K)] 229458K->83364K(831488K), 0.0052490 secs] [Times: user=0.01 sys=0.00, real=0.01 secs] 
2014-07-16T02:21:52.586+0000: 387.125: [GC [PSYoungGen: 144488K->1170K(142272K)] 226966K->83736K(829248K), 0.0051420 secs] [Times: user=0.02 sys=0.00, real=0.00 secs] 
2014-07-16T02:21:53.035+0000: 387.573: [GC [PSYoungGen: 142226K->544K(139200K)] 224792K->83174K(826176K), 0.0049720 secs] [Times: user=0.03 sys=0.00, real=0.00 secs] 
2014-07-16T02:21:53.530+0000: 388.069: [GC [PSYoungGen: 139168K->708K(137024K)] 221798K->83378K(824000K), 0.0052200 secs] [Times: user=0.02 sys=0.00, real=0.01 secs] 
2014-07-16T02:21:54.010+0000: 388.549: [GC [PSYoungGen: 136964K->672K(134656K)] 219634K->83430K(821632K), 0.0043560 secs] [Times: user=0.02 sys=0.00, real=0.01 secs] 
2014-07-16T02:21:54.486+0000: 389.025: [GC [PSYoungGen: 134624K->1018K(132736K)] 217382K->83840K(819712K), 0.0037910 secs] [Times: user=0.01 sys=0.00, real=0.00 secs] 
2014-07-16T02:21:54.949+0000: 389.487: [GC [PSYoungGen: 132729K->872K(130432K)] 215552K->83758K(817408K), 0.0049960 secs] [Times: user=0.02 sys=0.00, real=0.01 secs] 
2014-07-16T02:21:55.415+0000: 389.954: [GC [PSYoungGen: 130408K->670K(128128K)] 213294K->83596K(815104K), 0.0035250 secs] [Times: user=0.01 sys=0.00, real=0.00 secs] 
2014-07-16T02:21:55.878+0000: 390.417: [GC [PSYoungGen: 128094K->548K(153536K)] 211020K->83538K(840512K), 0.0097480 secs] [Times: user=0.05 sys=0.01, real=0.01 secs] 
2014-07-16T02:21:56.434+0000: 390.973: [GC [PSYoungGen: 153508K->580K(184192K)] 236498K->83642K(871168K), 0.0036080 secs] [Times: user=0.01 sys=0.00, real=0.00 secs] 
2014-07-16T02:21:57.094+0000: 391.632: [GC [PSYoungGen: 184131K->936K(180736K)] 267194K->84078K(867712K), 0.0034380 secs] [Times: user=0.02 sys=0.00, real=0.00 secs] 
2014-07-16T02:21:57.834+0000: 392.373: [GC [PSYoungGen: 180712K->982K(177152K)] 263854K->84172K(864128K), 0.0041050 secs] [Times: user=0.01 sys=0.00, real=0.00 secs] 
2014-07-16T02:21:58.384+0000: 392.922: [GC [PSYoungGen: 177110K->690K(173312K)] 260300K->83960K(860288K), 0.0061550 secs] [Times: user=0.04 sys=0.00, real=0.00 secs] 
2014-07-16T02:21:58.988+0000: 393.527: [GC [PSYoungGen: 173248K->548K(169728K)] 256519K->83882K(856704K), 0.0053100 secs] [Times: user=0.02 sys=0.01, real=0.00 secs] 
2014-07-16T02:21:59.616+0000: 394.155: [GC [PSYoungGen: 169700K->712K(166592K)] 253034K->84102K(853568K), 0.0040740 secs] [Times: user=0.01 sys=0.00, real=0.00 secs] 
2014-07-16T02:22:00.209+0000: 394.747: [GC [PSYoungGen: 166536K->594K(163264K)] 249926K->84040K(850240K), 0.0061780 secs] [Times: user=0.03 sys=0.00, real=0.01 secs] 
2014-07-16T02:22:00.781+0000: 395.320: [GC [PSYoungGen: 163215K->1112K(160640K)] 246661K->84638K(847616K), 0.0036410 secs] [Times: user=0.02 sys=0.00, real=0.01 secs] 
2014-07-16T02:22:01.369+0000: 395.908: [GC [PSYoungGen: 160597K->824K(157312K)] 244124K->84800K(844288K), 0.0045660 secs] [Times: user=0.02 sys=0.00, real=0.00 secs] 
2014-07-16T02:22:01.927+0000: 396.465: [GC [PSYoungGen: 157304K->890K(154432K)] 241280K->84922K(841408K), 0.0047900 secs] [Times: user=0.02 sys=0.01, real=0.00 secs] 
2014-07-16T02:22:02.503+0000: 397.042: [GC [PSYoungGen: 154426K->1258K(152000K)] 238458K->85484K(838976K), 0.0040360 secs] [Times: user=0.03 sys=0.00, real=0.01 secs] 
2014-07-16T02:22:03.092+0000: 397.631: [GC [PSYoungGen: 151978K->850K(148864K)] 236204K->85148K(835840K), 0.0050000 secs] [Times: user=0.03 sys=0.00, real=0.01 secs] 
2014-07-16T02:22:03.581+0000: 398.119: [GC [PSYoungGen: 148730K->876K(146176K)] 233028K->85254K(833152K), 0.0028470 secs] [Times: user=0.02 sys=0.01, real=0.00 secs] 
2014-07-16T02:22:04.149+0000: 398.688: [GC [PSYoungGen: 146156K->626K(143360K)] 230534K->85068K(830336K), 0.0028370 secs] [Times: user=0.02 sys=0.00, real=0.00 secs] 
2014-07-16T02:22:04.652+0000: 399.191: [GC [PSYoungGen: 143346K->1458K(141696K)] 227788K->86004K(828672K), 0.0033040 secs] [Times: user=0.02 sys=0.00, real=0.01 secs] 
2014-07-16T02:22:05.156+0000: 399.695: [GC [PSYoungGen: 141682K->516K(138368K)] 226228K->85118K(825344K), 0.0063540 secs] [Times: user=0.03 sys=0.00, real=0.00 secs] 
2014-07-16T02:22:05.643+0000: 400.182: [GC [PSYoungGen: 138220K->1104K(136576K)] 222823K->85810K(823552K), 0.0071680 secs] [Times: user=0.05 sys=0.00, real=0.01 secs] 
2014-07-16T02:22:06.117+0000: 400.655: [GC [PSYoungGen: 136525K->776K(133952K)] 221231K->85578K(820928K), 0.0048840 secs] [Times: user=0.02 sys=0.00, real=0.00 secs] 
2014-07-16T02:22:06.583+0000: 401.122: [GC [PSYoungGen: 133896K->722K(131648K)] 218698K->85612K(818624K), 0.0032860 secs] [Times: user=0.02 sys=0.00, real=0.01 secs] 
2014-07-16T02:22:07.063+0000: 401.602: [GC [PSYoungGen: 131537K->922K(129664K)] 216427K->85868K(816640K), 0.0037990 secs] [Times: user=0.02 sys=0.00, real=0.01 secs] 
2014-07-16T02:22:07.506+0000: 402.044: [GC [PSYoungGen: 129626K->1108K(127744K)] 214572K->86126K(814720K), 0.0050860 secs] [Times: user=0.02 sys=0.00, real=0.00 secs] 
2014-07-16T02:22:08.004+0000: 402.543: [GC [PSYoungGen: 127697K->1430K(126016K)] 212716K->86520K(812992K), 0.0045410 secs] [Times: user=0.03 sys=0.00, real=0.01 secs] 
2014-07-16T02:22:08.410+0000: 402.949: [GC [PSYoungGen: 125974K->488K(123072K)] 211064K->85864K(810048K), 0.0042020 secs] [Times: user=0.02 sys=0.00, real=0.00 secs] 
2014-07-16T02:22:08.852+0000: 403.390: [GC [PSYoungGen: 123048K->1022K(121664K)] 208424K->86486K(808640K), 0.0048710 secs] [Times: user=0.03 sys=0.00, real=0.01 secs] 
2014-07-16T02:22:09.284+0000: 403.822: [GC [PSYoungGen: 121656K->912K(145728K)] 207121K->86456K(832704K), 0.0056370 secs] [Times: user=0.04 sys=0.00, real=0.01 secs] 
2014-07-16T02:22:09.825+0000: 404.363: [GC [PSYoungGen: 145680K->1506K(175296K)] 231224K->87130K(862272K), 0.0052070 secs] [Times: user=0.02 sys=0.00, real=0.01 secs] 
2014-07-16T02:22:10.437+0000: 404.976: [GC [PSYoungGen: 175266K->562K(170880K)] 260890K->86242K(857856K), 0.0060710 secs] [Times: user=0.04 sys=0.00, real=0.00 secs] 
2014-07-16T02:22:11.048+0000: 405.587: [GC [PSYoungGen: 170839K->708K(167744K)] 256520K->86468K(854720K), 0.0036130 secs] [Times: user=0.02 sys=0.00, real=0.00 secs] 
2014-07-16T02:22:11.644+0000: 406.183: [GC [PSYoungGen: 167684K->690K(164416K)] 253444K->86530K(851392K), 0.0029930 secs] [Times: user=0.02 sys=0.00, real=0.01 secs] 
2014-07-16T02:22:12.256+0000: 406.794: [GC [PSYoungGen: 164402K->626K(161216K)] 250242K->86538K(848192K), 0.0031990 secs] [Times: user=0.02 sys=0.00, real=0.01 secs] 
2014-07-16T02:22:12.895+0000: 407.433: [GC [PSYoungGen: 161202K->1192K(158720K)] 247114K->87192K(845696K), 0.0039910 secs] [Times: user=0.02 sys=0.00, real=0.01 secs] 
2014-07-16T02:22:13.406+0000: 407.944: [GC [PSYoungGen: 158679K->512K(155072K)] 244680K->86584K(842048K), 0.0051250 secs] [Times: user=0.04 sys=0.00, real=0.01 secs] 
2014-07-16T02:22:13.949+0000: 408.488: [GC [PSYoungGen: 155052K->730K(152448K)] 241125K->86858K(839424K), 0.0079800 secs] [Times: user=0.05 sys=0.00, real=0.01 secs] 
2014-07-16T02:22:14.504+0000: 409.043: [GC [PSYoungGen: 152410K->648K(149632K)] 238538K->86856K(836608K), 0.0057150 secs] [Times: user=0.04 sys=0.00, real=0.01 secs] 
2014-07-16T02:22:15.042+0000: 409.581: [GC [PSYoungGen: 149576K->640K(146880K)] 235784K->86920K(833856K), 0.0048770 secs] [Times: user=0.03 sys=0.00, real=0.01 secs] 
2014-07-16T02:22:15.562+0000: 410.101: [GC [PSYoungGen: 146880K->826K(144448K)] 233160K->87186K(831424K), 0.0045370 secs] [Times: user=0.03 sys=0.00, real=0.01 secs] 
2014-07-16T02:22:16.085+0000: 410.624: [GC [PSYoungGen: 144442K->1294K(142400K)] 230802K->87710K(829376K), 0.0066650 secs] [Times: user=0.04 sys=0.01, real=0.01 secs] 
2014-07-16T02:22:16.564+0000: 411.102: [GC [PSYoungGen: 142350K->484K(169792K)] 228766K->86932K(856768K), 0.0074380 secs] [Times: user=0.04 sys=0.01, real=0.01 secs] 
2014-07-16T02:22:17.164+0000: 411.703: [GC [PSYoungGen: 169764K->580K(185472K)] 256212K->87068K(872448K), 0.0081480 secs] [Times: user=0.05 sys=0.01, real=0.01 secs] 
2014-07-16T02:22:17.908+0000: 412.447: [GC [PSYoungGen: 184644K->1120K(185600K)] 271132K->87648K(872576K), 0.0043030 secs] [Times: user=0.02 sys=0.00, real=0.00 secs] 
2014-07-16T02:22:18.505+0000: 413.044: [GC [PSYoungGen: 185158K->826K(181120K)] 271686K->87426K(868096K), 0.0045960 secs] [Times: user=0.02 sys=0.01, real=0.01 secs] 
2014-07-16T02:22:19.136+0000: 413.675: [GC [PSYoungGen: 181029K->1062K(177728K)] 267629K->87726K(864704K), 0.0075540 secs] [Times: user=0.03 sys=0.00, real=0.01 secs] 
2014-07-16T02:22:19.764+0000: 414.302: [GC [PSYoungGen: 177702K->1004K(174080K)] 264366K->87740K(861056K), 0.0036080 secs] [Times: user=0.02 sys=0.00, real=0.01 secs] 
2014-07-16T02:22:20.391+0000: 414.930: [GC [PSYoungGen: 174060K->844K(170496K)] 260796K->87628K(857472K), 0.0034120 secs] [Times: user=0.01 sys=0.00, real=0.00 secs] 
2014-07-16T02:22:21.012+0000: 415.551: [GC [PSYoungGen: 170444K->594K(166912K)] 257228K->87418K(853888K), 0.0043020 secs] [Times: user=0.02 sys=0.01, real=0.00 secs] 
2014-07-16T02:22:21.612+0000: 416.151: [GC [PSYoungGen: 166865K->576K(163648K)] 253689K->87504K(850624K), 0.0043600 secs] [Times: user=0.03 sys=0.01, real=0.00 secs] 
2014-07-16T02:22:22.187+0000: 416.726: [GC [PSYoungGen: 163642K->758K(160704K)] 250570K->87742K(847680K), 0.0042960 secs] [Times: user=0.02 sys=0.01, real=0.00 secs] 
2014-07-16T02:22:22.767+0000: 417.306: [GC [PSYoungGen: 160694K->708K(157696K)] 247678K->87756K(844672K), 0.0035190 secs] [Times: user=0.02 sys=0.00, real=0.00 secs] 
2014-07-16T02:22:23.387+0000: 417.925: [GC [PSYoungGen: 157636K->466K(154496K)] 244684K->87554K(841472K), 0.0031340 secs] [Times: user=0.01 sys=0.00, real=0.01 secs] 
2014-07-16T02:22:23.929+0000: 418.468: [GC [PSYoungGen: 154450K->1062K(152256K)] 241538K->88206K(839232K), 0.0038770 secs] [Times: user=0.02 sys=0.00, real=0.00 secs] 
2014-07-16T02:22:24.501+0000: 419.040: [GC [PSYoungGen: 152221K->1008K(149440K)] 239366K->88224K(836416K), 0.0075950 secs] [Times: user=0.05 sys=0.01, real=0.01 secs] 
2014-07-16T02:22:25.027+0000: 419.566: [GC [PSYoungGen: 149424K->1026K(146816K)] 236640K->88306K(833792K), 0.0045520 secs] [Times: user=0.02 sys=0.00, real=0.01 secs] 
2014-07-16T02:22:25.541+0000: 420.080: [GC [PSYoungGen: 146754K->722K(143872K)] 234034K->88106K(830848K), 0.0037210 secs] [Times: user=0.01 sys=0.00, real=0.00 secs] 
2014-07-16T02:22:26.066+0000: 420.605: [GC [PSYoungGen: 143826K->708K(141376K)] 231210K->88156K(828352K), 0.0057690 secs] [Times: user=0.03 sys=0.00, real=0.01 secs] 
2014-07-16T02:22:26.543+0000: 421.082: [GC [PSYoungGen: 141316K->662K(138880K)] 228764K->88214K(825856K), 0.0035820 secs] [Times: user=0.02 sys=0.00, real=0.00 secs] 
2014-07-16T02:22:27.057+0000: 421.596: [GC [PSYoungGen: 138838K->916K(136768K)] 226390K->88524K(823744K), 0.0055330 secs] [Times: user=0.03 sys=0.00, real=0.01 secs] 
2014-07-16T02:22:27.541+0000: 422.079: [GC [PSYoungGen: 136691K->502K(134016K)] 224300K->88142K(820992K), 0.0062680 secs] [Times: user=0.03 sys=0.00, real=0.00 secs] 
2014-07-16T02:22:28.124+0000: 422.662: [GC [PSYoungGen: 134006K->914K(132224K)] 221646K->88666K(819200K), 0.0033630 secs] [Times: user=0.01 sys=0.01, real=0.00 secs] 
2014-07-16T02:22:28.562+0000: 423.101: [GC [PSYoungGen: 132177K->780K(129920K)] 219929K->88644K(816896K), 0.0035030 secs] [Times: user=0.02 sys=0.00, real=0.00 secs] 
2014-07-16T02:22:29.027+0000: 423.566: [GC [PSYoungGen: 129842K->964K(128000K)] 217707K->88908K(814976K), 0.0030810 secs] [Times: user=0.02 sys=0.00, real=0.01 secs] 
2014-07-16T02:22:29.476+0000: 424.015: [GC [PSYoungGen: 127940K->740K(125696K)] 215884K->88756K(812672K), 0.0043160 secs] [Times: user=0.02 sys=0.00, real=0.01 secs] 
2014-07-16T02:22:29.922+0000: 424.460: [GC [PSYoungGen: 125668K->1190K(124160K)] 213684K->89278K(811136K), 0.0046940 secs] [Times: user=0.03 sys=0.00, real=0.00 secs] 
2014-07-16T02:22:30.382+0000: 424.920: [GC [PSYoungGen: 124134K->630K(121600K)] 212222K->88958K(808576K), 0.0065690 secs] [Times: user=0.04 sys=0.01, real=0.01 secs] 
2014-07-16T02:22:30.804+0000: 425.342: [GC [PSYoungGen: 121590K->762K(119808K)] 209918K->89162K(806784K), 0.0034070 secs] [Times: user=0.01 sys=0.00, real=0.00 secs] 
2014-07-16T02:22:31.232+0000: 425.771: [GC [PSYoungGen: 119802K->1018K(143872K)] 208202K->89656K(830848K), 0.0084420 secs] [Times: user=0.04 sys=0.00, real=0.01 secs] 
2014-07-16T02:22:31.761+0000: 426.300: [GC [PSYoungGen: 143866K->758K(172224K)] 232504K->89476K(859200K), 0.0030240 secs] [Times: user=0.02 sys=0.00, real=0.00 secs] 
2014-07-16T02:22:32.365+0000: 426.904: [GC [PSYoungGen: 172214K->936K(169024K)] 260932K->90042K(856000K), 0.0048510 secs] [Times: user=0.03 sys=0.01, real=0.01 secs] 
2014-07-16T02:22:32.965+0000: 427.504: [GC [PSYoungGen: 168958K->658K(165504K)] 258065K->89860K(852480K), 0.0036430 secs] [Times: user=0.01 sys=0.01, real=0.00 secs] 
2014-07-16T02:22:33.633+0000: 428.172: [GC [PSYoungGen: 165441K->712K(162368K)] 254643K->90010K(849344K), 0.0038560 secs] [Times: user=0.02 sys=0.00, real=0.00 secs] 
2014-07-16T02:22:34.216+0000: 428.755: [GC [PSYoungGen: 162304K->894K(194816K)] 251603K->90256K(881792K), 0.0106000 secs] [Times: user=0.04 sys=0.01, real=0.01 secs] 
2014-07-16T02:22:34.914+0000: 429.453: [GC [PSYoungGen: 194814K->730K(190528K)] 284176K->90148K(877504K), 0.0056960 secs] [Times: user=0.02 sys=0.00, real=0.01 secs] 
2014-07-16T02:22:35.589+0000: 430.128: [GC [PSYoungGen: 190490K->704K(186496K)] 279908K->90202K(873472K), 0.0045650 secs] [Times: user=0.02 sys=0.00, real=0.00 secs] 
2014-07-16T02:22:36.255+0000: 430.794: [GC [PSYoungGen: 186496K->894K(182848K)] 275994K->90464K(869824K), 0.0041300 secs] [Times: user=0.02 sys=0.00, real=0.01 secs] 
2014-07-16T02:22:36.918+0000: 431.457: [GC [PSYoungGen: 182846K->1036K(179328K)] 272416K->90702K(866304K), 0.0038650 secs] [Times: user=0.02 sys=0.00, real=0.01 secs] 
2014-07-16T02:22:37.552+0000: 432.091: [GC [PSYoungGen: 179238K->502K(175168K)] 268905K->90778K(862144K), 0.0038590 secs] [Times: user=0.02 sys=0.01, real=0.00 secs] 
2014-07-16T02:22:38.238+0000: 432.777: [GC [PSYoungGen: 175126K->1206K(172352K)] 265403K->91546K(859328K), 0.0054510 secs] [Times: user=0.03 sys=0.00, real=0.01 secs] 
2014-07-16T02:22:38.819+0000: 433.357: [GC [PSYoungGen: 172311K->880K(168640K)] 262652K->91300K(855616K), 0.0045660 secs] [Times: user=0.02 sys=0.00, real=0.01 secs] 
2014-07-16T02:22:39.426+0000: 433.965: [GC [PSYoungGen: 168624K->608K(165120K)] 259044K->91116K(852096K), 0.0030410 secs] [Times: user=0.02 sys=0.00, real=0.00 secs] 
2014-07-16T02:22:40.020+0000: 434.559: [GC [PSYoungGen: 165088K->836K(162176K)] 255596K->91424K(849152K), 0.0031040 secs] [Times: user=0.02 sys=0.00, real=0.00 secs] 
2014-07-16T02:22:40.598+0000: 435.136: [GC [PSYoungGen: 162116K->940K(159168K)] 252704K->91600K(846144K), 0.0065910 secs] [Times: user=0.04 sys=0.01, real=0.01 secs] 
2014-07-16T02:22:41.167+0000: 435.706: [GC [PSYoungGen: 159148K->594K(155840K)] 249808K->91318K(842816K), 0.0065580 secs] [Times: user=0.03 sys=0.00, real=0.01 secs] 
2014-07-16T02:22:41.731+0000: 436.270: [GC [PSYoungGen: 155794K->580K(152960K)] 246518K->91376K(839936K), 0.0084920 secs] [Times: user=0.04 sys=0.00, real=0.01 secs] 
2014-07-16T02:22:42.274+0000: 436.813: [GC [PSYoungGen: 152898K->608K(150144K)] 243695K->91468K(837120K), 0.0046780 secs] [Times: user=0.03 sys=0.00, real=0.00 secs] 
2014-07-16T02:22:42.798+0000: 437.337: [GC [PSYoungGen: 150112K->758K(180224K)] 240972K->91658K(867200K), 0.0080060 secs] [Times: user=0.04 sys=0.00, real=0.01 secs] 
2014-07-16T02:22:43.472+0000: 438.011: [GC [PSYoungGen: 180214K->1208K(200064K)] 271114K->92180K(887040K), 0.0054780 secs] [Times: user=0.03 sys=0.00, real=0.00 secs] 
2014-07-16T02:22:44.173+0000: 438.711: [GC [PSYoungGen: 200056K->908K(195520K)] 291028K->91952K(882496K), 0.0049800 secs] [Times: user=0.03 sys=0.00, real=0.00 secs] 
2014-07-16T02:22:44.872+0000: 439.411: [GC [PSYoungGen: 195468K->488K(190912K)] 286512K->91768K(877888K), 0.0047000 secs] [Times: user=0.03 sys=0.00, real=0.00 secs] 
2014-07-16T02:22:45.569+0000: 440.108: [GC [PSYoungGen: 190888K->790K(187200K)] 282168K->92150K(874176K), 0.0048180 secs] [Times: user=0.02 sys=0.00, real=0.01 secs] 
2014-07-16T02:22:46.230+0000: 440.768: [GC [PSYoungGen: 187156K->612K(183104K)] 278517K->92036K(870080K), 0.0034320 secs] [Times: user=0.02 sys=0.00, real=0.01 secs] 
2014-07-16T02:22:46.883+0000: 441.422: [GC [PSYoungGen: 183076K->530K(179264K)] 274500K->92034K(866240K), 0.0031500 secs] [Times: user=0.01 sys=0.00, real=0.00 secs] 
2014-07-16T02:22:47.529+0000: 442.068: [GC [PSYoungGen: 179185K->1176K(176256K)] 270690K->92768K(863232K), 0.0021460 secs] [Times: user=0.02 sys=0.00, real=0.01 secs] 
2014-07-16T02:22:48.165+0000: 442.704: [GC [PSYoungGen: 176212K->580K(172160K)] 267805K->92236K(859136K), 0.0029290 secs] [Times: user=0.01 sys=0.00, real=0.00 secs] 
2014-07-16T02:22:48.853+0000: 443.392: [GC [PSYoungGen: 172100K->1022K(169152K)] 263756K->92850K(856128K), 0.0055800 secs] [Times: user=0.04 sys=0.00, real=0.00 secs] 
2014-07-16T02:22:49.457+0000: 443.996: [GC [PSYoungGen: 169150K->1294K(166208K)] 260978K->93187K(853184K), 0.0034100 secs] [Times: user=0.02 sys=0.00, real=0.00 secs] 
2014-07-16T02:22:50.048+0000: 444.586: [GC [PSYoungGen: 166158K->512K(162176K)] 258051K->92732K(849152K), 0.0046330 secs] [Times: user=0.03 sys=0.00, real=0.01 secs] 
2014-07-16T02:22:50.612+0000: 445.151: [GC [PSYoungGen: 162176K->616K(159232K)] 254396K->92876K(846208K), 0.0047700 secs] [Times: user=0.02 sys=0.01, real=0.00 secs] 
2014-07-16T02:22:51.180+0000: 445.719: [GC [PSYoungGen: 159163K->1222K(156864K)] 251424K->93711K(843840K), 0.0037040 secs] [Times: user=0.01 sys=0.00, real=0.01 secs] 
2014-07-16T02:22:51.745+0000: 446.284: [GC [PSYoungGen: 156806K->996K(153728K)] 249295K->93572K(840704K), 0.0038980 secs] [Times: user=0.02 sys=0.00, real=0.00 secs] 
2014-07-16T02:22:52.270+0000: 446.808: [GC [PSYoungGen: 153666K->712K(150656K)] 246243K->93368K(837632K), 0.0047580 secs] [Times: user=0.03 sys=0.00, real=0.01 secs] 
2014-07-16T02:22:52.807+0000: 447.345: [GC [PSYoungGen: 150566K->598K(147776K)] 243223K->93326K(834752K), 0.0045940 secs] [Times: user=0.03 sys=0.00, real=0.00 secs] 
2014-07-16T02:22:53.432+0000: 447.970: [GC [PSYoungGen: 147734K->1188K(145728K)] 240462K->93996K(832704K), 0.0033160 secs] [Times: user=0.01 sys=0.00, real=0.01 secs] 
2014-07-16T02:22:53.942+0000: 448.481: [GC [PSYoungGen: 145700K->640K(142592K)] 238508K->93560K(829568K), 0.0044320 secs] [Times: user=0.02 sys=0.00, real=0.00 secs] 
2014-07-16T02:22:54.464+0000: 449.002: [GC [PSYoungGen: 142584K->976K(140480K)] 235505K->93945K(827456K), 0.0036290 secs] [Times: user=0.02 sys=0.00, real=0.00 secs] 
2014-07-16T02:22:54.978+0000: 449.516: [GC [PSYoungGen: 140409K->944K(137984K)] 233378K->93969K(824960K), 0.0047900 secs] [Times: user=0.03 sys=0.00, real=0.01 secs] 
2014-07-16T02:22:55.467+0000: 450.005: [GC [PSYoungGen: 137923K->790K(135488K)] 230948K->93902K(822464K), 0.0052510 secs] [Times: user=0.03 sys=0.00, real=0.01 secs] 
2014-07-16T02:22:55.941+0000: 450.479: [GC [PSYoungGen: 135446K->466K(132864K)] 228558K->93634K(819840K), 0.0060920 secs] [Times: user=0.03 sys=0.00, real=0.01 secs] 
2014-07-16T02:22:56.408+0000: 450.947: [GC [PSYoungGen: 132818K->598K(130752K)] 225986K->93862K(817728K), 0.0043420 secs] [Times: user=0.02 sys=0.00, real=0.01 secs] 
2014-07-16T02:22:56.874+0000: 451.413: [GC [PSYoungGen: 130679K->804K(128768K)] 223944K->94164K(815744K), 0.0053380 secs] [Times: user=0.03 sys=0.00, real=0.00 secs] 
2014-07-16T02:22:57.340+0000: 451.879: [GC [PSYoungGen: 128740K->666K(126528K)] 222100K->94106K(813504K), 0.0034670 secs] [Times: user=0.02 sys=0.00, real=0.01 secs] 
2014-07-16T02:22:57.786+0000: 452.324: [GC [PSYoungGen: 126490K->580K(124416K)] 219930K->94116K(811392K), 0.0056430 secs] [Times: user=0.03 sys=0.00, real=0.00 secs] 
2014-07-16T02:22:58.229+0000: 452.768: [GC [PSYoungGen: 124351K->712K(122560K)] 217888K->94304K(809536K), 0.0033070 secs] [Times: user=0.01 sys=0.00, real=0.00 secs] 
2014-07-16T02:22:58.699+0000: 453.238: [GC [PSYoungGen: 122481K->530K(146752K)] 216074K->94146K(833728K), 0.0106470 secs] [Times: user=0.06 sys=0.01, real=0.01 secs] 
2014-07-16T02:22:59.204+0000: 453.743: [GC [PSYoungGen: 146706K->448K(175872K)] 240322K->94144K(862848K), 0.0058680 secs] [Times: user=0.04 sys=0.00, real=0.00 secs] 
2014-07-16T02:22:59.835+0000: 454.374: [GC [PSYoungGen: 175872K->754K(184192K)] 269568K->94506K(871168K), 0.0058140 secs] [Times: user=0.03 sys=0.00, real=0.00 secs] 
2014-07-16T02:23:00.482+0000: 455.021: [GC [PSYoungGen: 183666K->854K(211776K)] 277418K->94710K(898752K), 0.0064040 secs] [Times: user=0.04 sys=0.00, real=0.01 secs] 
2014-07-16T02:23:01.246+0000: 455.785: [GC [PSYoungGen: 211414K->1190K(211776K)] 305270K->95235K(898752K), 0.0061660 secs] [Times: user=0.03 sys=0.01, real=0.00 secs] 
2014-07-16T02:23:01.987+0000: 456.526: [GC [PSYoungGen: 211750K->1330K(207232K)] 305795K->95463K(894208K), 0.0053350 secs] [Times: user=0.02 sys=0.00, real=0.00 secs] 
2014-07-16T02:23:02.735+0000: 457.273: [GC [PSYoungGen: 207218K->594K(201984K)] 301351K->94806K(888960K), 0.0056980 secs] [Times: user=0.03 sys=0.00, real=0.00 secs] 
2014-07-16T02:23:03.547+0000: 458.086: [GC [PSYoungGen: 201938K->1128K(198144K)] 296150K->95577K(885120K), 0.0054600 secs] [Times: user=0.03 sys=0.00, real=0.01 secs] 
2014-07-16T02:23:04.193+0000: 458.732: [GC [PSYoungGen: 198119K->598K(193408K)] 292567K->95118K(880384K), 0.0036990 secs] [Times: user=0.01 sys=0.01, real=0.00 secs] 
2014-07-16T02:23:04.900+0000: 459.438: [GC [PSYoungGen: 193366K->1244K(189952K)] 287886K->95845K(876928K), 0.0039190 secs] [Times: user=0.01 sys=0.01, real=0.00 secs] 
2014-07-16T02:23:05.602+0000: 460.141: [GC [PSYoungGen: 189916K->1246K(185984K)] 284517K->95943K(872960K), 0.0049930 secs] [Times: user=0.02 sys=0.00, real=0.01 secs] 
2014-07-16T02:23:06.299+0000: 460.837: [GC [PSYoungGen: 185950K->940K(181824K)] 280647K->95907K(868800K), 0.0066560 secs] [Times: user=0.04 sys=0.00, real=0.01 secs] 
2014-07-16T02:23:06.962+0000: 461.501: [GC [PSYoungGen: 181804K->594K(177792K)] 276771K->95640K(864768K), 0.0032820 secs] [Times: user=0.02 sys=0.00, real=0.01 secs] 
2014-07-16T02:23:07.602+0000: 462.140: [GC [PSYoungGen: 177746K->772K(174400K)] 272792K->95907K(861376K), 0.0070530 secs] [Times: user=0.04 sys=0.00, real=0.01 secs] 
2014-07-16T02:23:08.201+0000: 462.739: [GC [PSYoungGen: 174334K->612K(170752K)] 269469K->95819K(857728K), 0.0058390 secs] [Times: user=0.04 sys=0.00, real=0.01 secs] 
2014-07-16T02:23:08.939+0000: 463.477: [GC [PSYoungGen: 170724K->798K(167616K)] 265931K->96061K(854592K), 0.0038640 secs] [Times: user=0.01 sys=0.00, real=0.00 secs] 
2014-07-16T02:23:09.456+0000: 463.994: [GC [PSYoungGen: 167582K->858K(164416K)] 262845K->96209K(851392K), 0.0026960 secs] [Times: user=0.01 sys=0.01, real=0.00 secs] 
2014-07-16T02:23:10.051+0000: 464.589: [GC [PSYoungGen: 164348K->1518K(161920K)] 259699K->96989K(848896K), 0.0040630 secs] [Times: user=0.02 sys=0.01, real=0.01 secs] 
2014-07-16T02:23:10.612+0000: 465.151: [GC [PSYoungGen: 161902K->1062K(158400K)] 257373K->96605K(845376K), 0.0036610 secs] [Times: user=0.01 sys=0.01, real=0.01 secs] 
2014-07-16T02:23:11.170+0000: 465.709: [GC [PSYoungGen: 158374K->890K(155264K)] 253917K->96497K(842240K), 0.0043450 secs] [Times: user=0.02 sys=0.00, real=0.00 secs] 
2014-07-16T02:23:11.730+0000: 466.269: [GC [PSYoungGen: 155258K->658K(152192K)] 250865K->96328K(839168K), 0.0056470 secs] [Times: user=0.02 sys=0.00, real=0.01 secs] 
2014-07-16T02:23:12.272+0000: 466.810: [GC [PSYoungGen: 152146K->630K(149376K)] 247816K->96365K(836352K), 0.0034790 secs] [Times: user=0.01 sys=0.00, real=0.01 secs] 
2014-07-16T02:23:12.803+0000: 467.342: [GC [PSYoungGen: 149332K->530K(146624K)] 245066K->96352K(833600K), 0.0026830 secs] [Times: user=0.01 sys=0.00, real=0.01 secs] 
2014-07-16T02:23:13.339+0000: 467.878: [GC [PSYoungGen: 146577K->690K(144128K)] 242400K->96600K(831104K), 0.0048190 secs] [Times: user=0.02 sys=0.00, real=0.00 secs] 
2014-07-16T02:23:13.961+0000: 468.499: [GC [PSYoungGen: 144093K->1590K(142464K)] 240004K->97613K(829440K), 0.0051190 secs] [Times: user=0.02 sys=0.00, real=0.01 secs] 
2014-07-16T02:23:14.393+0000: 468.931: [GC [PSYoungGen: 142406K->812K(139264K)] 238429K->96907K(826240K), 0.0056780 secs] [Times: user=0.03 sys=0.00, real=0.01 secs] 
2014-07-16T02:23:14.890+0000: 469.428: [GC [PSYoungGen: 139244K->890K(136960K)] 235339K->97049K(823936K), 0.0061560 secs] [Times: user=0.03 sys=0.00, real=0.01 secs] 
2014-07-16T02:23:15.372+0000: 469.911: [GC [PSYoungGen: 136954K->448K(163776K)] 233113K->96638K(850752K), 0.0069830 secs] [Times: user=0.04 sys=0.00, real=0.01 secs] 
2014-07-16T02:23:15.964+0000: 470.503: [GC [PSYoungGen: 163774K->498K(160704K)] 259965K->96776K(847680K), 0.0039990 secs] [Times: user=0.03 sys=0.00, real=0.01 secs] 
2014-07-16T02:23:16.544+0000: 471.083: [GC [PSYoungGen: 160690K->594K(157824K)] 256968K->96960K(844800K), 0.0048260 secs] [Times: user=0.02 sys=0.00, real=0.01 secs] 
2014-07-16T02:23:17.113+0000: 471.652: [GC [PSYoungGen: 157778K->1108K(155392K)] 254144K->97571K(842368K), 0.0049360 secs] [Times: user=0.03 sys=0.00, real=0.01 secs] 
2014-07-16T02:23:17.657+0000: 472.196: [GC [PSYoungGen: 155348K->944K(152320K)] 251811K->97503K(839296K), 0.0040450 secs] [Times: user=0.02 sys=0.00, real=0.00 secs] 
2014-07-16T02:23:18.204+0000: 472.742: [GC [PSYoungGen: 152304K->880K(149504K)] 248863K->97503K(836480K), 0.0039970 secs] [Times: user=0.02 sys=0.00, real=0.01 secs] 
2014-07-16T02:23:18.840+0000: 473.379: [GC [PSYoungGen: 149485K->1320K(147264K)] 246108K->98039K(834240K), 0.0049920 secs] [Times: user=0.03 sys=0.01, real=0.00 secs] 
2014-07-16T02:23:19.306+0000: 473.844: [GC [PSYoungGen: 147238K->640K(143936K)] 243957K->97462K(830912K), 0.0028030 secs] [Times: user=0.02 sys=0.00, real=0.01 secs] 
2014-07-16T02:23:19.802+0000: 474.341: [GC [PSYoungGen: 143907K->712K(141504K)] 240730K->97623K(828480K), 0.0025260 secs] [Times: user=0.02 sys=0.00, real=0.00 secs] 
2014-07-16T02:23:20.305+0000: 474.844: [GC [PSYoungGen: 141431K->562K(138880K)] 238342K->97568K(825856K), 0.0044330 secs] [Times: user=0.03 sys=0.00, real=0.01 secs] 
2014-07-16T02:23:20.812+0000: 475.351: [GC [PSYoungGen: 138864K->1150K(137088K)] 235871K->98221K(824064K), 0.0043240 secs] [Times: user=0.01 sys=0.00, real=0.01 secs] 
2014-07-16T02:23:21.282+0000: 475.821: [GC [PSYoungGen: 137086K->944K(134592K)] 234157K->98087K(821568K), 0.0029280 secs] [Times: user=0.02 sys=0.00, real=0.00 secs] 
2014-07-16T02:23:21.770+0000: 476.308: [GC [PSYoungGen: 134576K->766K(132160K)] 231719K->97949K(819136K), 0.0053310 secs] [Times: user=0.03 sys=0.00, real=0.00 secs] 
2014-07-16T02:23:22.244+0000: 476.783: [GC [PSYoungGen: 132158K->1072K(130304K)] 229341K->98343K(817280K), 0.0041510 secs] [Times: user=0.03 sys=0.00, real=0.01 secs] 
2014-07-16T02:23:22.714+0000: 477.253: [GC [PSYoungGen: 130260K->726K(127872K)] 227531K->98061K(814848K), 0.0037620 secs] [Times: user=0.02 sys=0.00, real=0.01 secs] 
2014-07-16T02:23:23.169+0000: 477.708: [GC [PSYoungGen: 127830K->1286K(126400K)] 225165K->98693K(813376K), 0.0053600 secs] [Times: user=0.03 sys=0.01, real=0.00 secs] 
2014-07-16T02:23:23.630+0000: 478.169: [GC [PSYoungGen: 126342K->908K(124032K)] 223749K->98371K(811008K), 0.0051460 secs] [Times: user=0.03 sys=0.00, real=0.00 secs] 
2014-07-16T02:23:24.142+0000: 478.680: [GC [PSYoungGen: 123980K->644K(121792K)] 221443K->98163K(808768K), 0.0047930 secs] [Times: user=0.03 sys=0.00, real=0.00 secs] 
2014-07-16T02:23:24.562+0000: 479.101: [GC [PSYoungGen: 121732K->1190K(146560K)] 219251K->98765K(833536K), 0.0091230 secs] [Times: user=0.05 sys=0.00, real=0.01 secs] 
2014-07-16T02:23:25.088+0000: 479.627: [GC [PSYoungGen: 146503K->1050K(175552K)] 244077K->98713K(862528K), 0.0032630 secs] [Times: user=0.02 sys=0.00, real=0.00 secs] 
2014-07-16T02:23:25.707+0000: 480.246: [GC [PSYoungGen: 175514K->602K(171584K)] 273177K->98321K(858560K), 0.0037130 secs] [Times: user=0.02 sys=0.00, real=0.01 secs] 
2014-07-16T02:23:26.355+0000: 480.893: [GC [PSYoungGen: 171517K->804K(168384K)] 269236K->98579K(855360K), 0.0054150 secs] [Times: user=0.04 sys=0.00, real=0.01 secs] 
2014-07-16T02:23:26.993+0000: 481.532: [GC [PSYoungGen: 168356K->768K(165056K)] 266131K->98622K(852032K), 0.0028510 secs] [Times: user=0.02 sys=0.00, real=0.00 secs] 
2014-07-16T02:23:27.540+0000: 482.078: [GC [PSYoungGen: 165033K->876K(162048K)] 262888K->98803K(849024K), 0.0067080 secs] [Times: user=0.04 sys=0.00, real=0.00 secs] 
2014-07-16T02:23:28.128+0000: 482.666: [GC [PSYoungGen: 162028K->658K(158784K)] 259955K->98680K(845760K), 0.0059940 secs] [Times: user=0.03 sys=0.00, real=0.00 secs] 
2014-07-16T02:23:28.686+0000: 483.225: [GC [PSYoungGen: 158738K->848K(156032K)] 256760K->98967K(843008K), 0.0052740 secs] [Times: user=0.03 sys=0.01, real=0.01 secs] 
2014-07-16T02:23:29.295+0000: 483.834: [GC [PSYoungGen: 155984K->708K(153024K)] 254103K->98923K(840000K), 0.0046290 secs] [Times: user=0.02 sys=0.00, real=0.01 secs] 
2014-07-16T02:23:29.829+0000: 484.368: [GC [PSYoungGen: 152964K->690K(150144K)] 251179K->98992K(837120K), 0.0037400 secs] [Times: user=0.02 sys=0.00, real=0.00 secs] 
2014-07-16T02:23:30.369+0000: 484.907: [GC [PSYoungGen: 150130K->634K(147392K)] 248432K->99001K(834368K), 0.0028100 secs] [Times: user=0.02 sys=0.00, real=0.00 secs] 
2014-07-16T02:23:30.881+0000: 485.420: [GC [PSYoungGen: 147384K->840K(145024K)] 245751K->99295K(832000K), 0.0035340 secs] [Times: user=0.01 sys=0.00, real=0.00 secs] 
2014-07-16T02:23:31.399+0000: 485.938: [GC [PSYoungGen: 144882K->998K(142592K)] 243337K->99501K(829568K), 0.0058300 secs] [Times: user=0.04 sys=0.00, real=0.00 secs] 
2014-07-16T02:23:31.911+0000: 486.449: [GC [PSYoungGen: 142555K->580K(170560K)] 241058K->99139K(857536K), 0.0103740 secs] [Times: user=0.07 sys=0.00, real=0.01 secs] 
2014-07-16T02:23:32.521+0000: 487.060: [GC [PSYoungGen: 170500K->944K(167552K)] 269059K->99567K(854528K), 0.0044090 secs] [Times: user=0.02 sys=0.01, real=0.00 secs] 
2014-07-16T02:23:33.124+0000: 487.662: [GC [PSYoungGen: 167536K->898K(164288K)] 266159K->99577K(851264K), 0.0029060 secs] [Times: user=0.02 sys=0.00, real=0.00 secs] 
2014-07-16T02:23:33.714+0000: 488.252: [GC [PSYoungGen: 164226K->684K(160896K)] 262905K->99427K(847872K), 0.0049160 secs] [Times: user=0.03 sys=0.00, real=0.01 secs] 
2014-07-16T02:23:34.322+0000: 488.861: [GC [PSYoungGen: 160876K->808K(158016K)] 259619K->99639K(844992K), 0.0046760 secs] [Times: user=0.03 sys=0.00, real=0.00 secs] 
2014-07-16T02:23:34.875+0000: 489.413: [GC [PSYoungGen: 157992K->944K(155200K)] 256823K->99839K(842176K), 0.0034240 secs] [Times: user=0.01 sys=0.00, real=0.01 secs] 
2014-07-16T02:23:35.431+0000: 489.970: [GC [PSYoungGen: 155184K->630K(152000K)] 254079K->99613K(838976K), 0.0047110 secs] [Times: user=0.02 sys=0.00, real=0.00 secs] 
2014-07-16T02:23:35.966+0000: 490.505: [GC [PSYoungGen: 151990K->698K(149312K)] 250973K->99753K(836288K), 0.0036660 secs] [Times: user=0.01 sys=0.00, real=0.01 secs] 
2014-07-16T02:23:36.496+0000: 491.035: [GC [PSYoungGen: 149306K->676K(146624K)] 248361K->99819K(833600K), 0.0035150 secs] [Times: user=0.02 sys=0.01, real=0.01 secs] 
2014-07-16T02:23:37.046+0000: 491.584: [GC [PSYoungGen: 146562K->584K(143936K)] 245705K->99759K(830912K), 0.0047360 secs] [Times: user=0.01 sys=0.00, real=0.01 secs] 
2014-07-16T02:23:37.554+0000: 492.092: [GC [PSYoungGen: 143851K->1208K(141952K)] 243025K->100833K(828928K), 0.0048230 secs] [Times: user=0.03 sys=0.00, real=0.00 secs] 
2014-07-16T02:23:38.065+0000: 492.604: [GC [PSYoungGen: 141944K->634K(138944K)] 241569K->100421K(825920K), 0.0033940 secs] [Times: user=0.02 sys=0.01, real=0.01 secs] 
2014-07-16T02:23:38.553+0000: 493.092: [GC [PSYoungGen: 138938K->772K(136768K)] 238725K->100813K(823744K), 0.0050120 secs] [Times: user=0.03 sys=0.00, real=0.00 secs] 
2014-07-16T02:23:39.155+0000: 493.694: [GC [PSYoungGen: 136708K->1078K(134720K)] 236749K->101257K(821696K), 0.0045120 secs] [Times: user=0.02 sys=0.00, real=0.01 secs] 
2014-07-16T02:23:39.576+0000: 494.115: [GC [PSYoungGen: 134710K->794K(132224K)] 234889K->101069K(819200K), 0.0039480 secs] [Times: user=0.02 sys=0.00, real=0.01 secs] 
2014-07-16T02:23:40.045+0000: 494.584: [GC [PSYoungGen: 132144K->944K(130176K)] 232419K->101341K(817152K), 0.0026250 secs] [Times: user=0.01 sys=0.00, real=0.00 secs] 
2014-07-16T02:23:40.516+0000: 495.055: [GC [PSYoungGen: 130160K->818K(127936K)] 230557K->101255K(814912K), 0.0063850 secs] [Times: user=0.02 sys=0.01, real=0.01 secs] 
2014-07-16T02:23:40.965+0000: 495.504: [GC [PSYoungGen: 127888K->744K(125824K)] 228325K->101261K(812800K), 0.0030430 secs] [Times: user=0.01 sys=0.00, real=0.00 secs] 
2014-07-16T02:23:41.423+0000: 495.962: [GC [PSYoungGen: 125800K->612K(123712K)] 226317K->101185K(810688K), 0.0036240 secs] [Times: user=0.02 sys=0.00, real=0.00 secs] 
2014-07-16T02:23:41.872+0000: 496.411: [GC [PSYoungGen: 123684K->964K(122112K)] 224257K->101601K(809088K), 0.0041560 secs] [Times: user=0.02 sys=0.00, real=0.00 secs] 
2014-07-16T02:23:42.302+0000: 496.841: [GC [PSYoungGen: 122052K->690K(146048K)] 222689K->101391K(833024K), 0.0081820 secs] [Times: user=0.05 sys=0.00, real=0.01 secs] 
2014-07-16T02:23:42.833+0000: 497.372: [GC [PSYoungGen: 146034K->1004K(143808K)] 246735K->101769K(830784K), 0.0029870 secs] [Times: user=0.01 sys=0.00, real=0.00 secs] 
2014-07-16T02:23:43.341+0000: 497.879: [GC [PSYoungGen: 143781K->726K(141056K)] 244546K->101579K(828032K), 0.0027350 secs] [Times: user=0.02 sys=0.00, real=0.00 secs] 
2014-07-16T02:23:43.836+0000: 498.375: [GC [PSYoungGen: 141014K->934K(138816K)] 241867K->101959K(825792K), 0.0052300 secs] [Times: user=0.04 sys=0.00, real=0.01 secs] 
2014-07-16T02:23:44.472+0000: 499.011: [GC [PSYoungGen: 138790K->932K(136448K)] 239815K->102021K(823424K), 0.0055710 secs] [Times: user=0.03 sys=0.00, real=0.00 secs] 
2014-07-16T02:23:44.945+0000: 499.483: [GC [PSYoungGen: 136420K->722K(133952K)] 237509K->101899K(820928K), 0.0029010 secs] [Times: user=0.01 sys=0.00, real=0.00 secs] 
2014-07-16T02:23:45.439+0000: 499.978: [GC [PSYoungGen: 133906K->1000K(131968K)] 235083K->102249K(818944K), 0.0056810 secs] [Times: user=0.02 sys=0.00, real=0.01 secs] 
2014-07-16T02:23:45.909+0000: 500.447: [GC [PSYoungGen: 131944K->644K(157888K)] 233193K->101941K(844864K), 0.0067600 secs] [Times: user=0.04 sys=0.01, real=0.01 secs] 
2014-07-16T02:23:46.486+0000: 501.025: [GC [PSYoungGen: 157818K->790K(155072K)] 259115K->102183K(842048K), 0.0051900 secs] [Times: user=0.03 sys=0.00, real=0.01 secs] 
2014-07-16T02:23:47.070+0000: 501.608: [GC [PSYoungGen: 155030K->1212K(152576K)] 256423K->102841K(839552K), 0.0045230 secs] [Times: user=0.02 sys=0.01, real=0.01 secs] 
2014-07-16T02:23:47.654+0000: 502.193: [GC [PSYoungGen: 152570K->516K(149184K)] 254199K->102201K(836160K), 0.0047010 secs] [Times: user=0.02 sys=0.00, real=0.00 secs] 
2014-07-16T02:23:48.195+0000: 502.734: [GC [PSYoungGen: 149124K->862K(146816K)] 250809K->102603K(833792K), 0.0070580 secs] [Times: user=0.04 sys=0.00, real=0.01 secs] 
2014-07-16T02:23:48.723+0000: 503.261: [GC [PSYoungGen: 146778K->552K(175680K)] 248519K->102325K(862656K), 0.0077330 secs] [Times: user=0.04 sys=0.00, real=0.01 secs] 
2014-07-16T02:23:49.444+0000: 503.982: [GC [PSYoungGen: 175656K->1182K(172800K)] 277429K->103035K(859776K), 0.0027750 secs] [Times: user=0.01 sys=0.00, real=0.00 secs] 
2014-07-16T02:23:50.026+0000: 504.565: [GC [PSYoungGen: 172766K->652K(168896K)] 274619K->102569K(855872K), 0.0049590 secs] [Times: user=0.03 sys=0.00, real=0.01 secs] 
2014-07-16T02:23:50.644+0000: 505.183: [GC [PSYoungGen: 168844K->662K(165632K)] 270761K->102667K(852608K), 0.0042230 secs] [Times: user=0.02 sys=0.00, real=0.00 secs] 
2014-07-16T02:23:51.232+0000: 505.771: [GC [PSYoungGen: 165590K->708K(162496K)] 267595K->102777K(849472K), 0.0084730 secs] [Times: user=0.05 sys=0.00, real=0.00 secs] 
2014-07-16T02:23:51.816+0000: 506.354: [GC [PSYoungGen: 162435K->438K(159104K)] 264504K->102555K(846080K), 0.0055630 secs] [Times: user=0.03 sys=0.00, real=0.01 secs] 
2014-07-16T02:23:52.390+0000: 506.928: [GC [PSYoungGen: 159083K->1272K(156928K)] 261200K->103437K(843904K), 0.0042160 secs] [Times: user=0.01 sys=0.00, real=0.01 secs] 
2014-07-16T02:23:52.966+0000: 507.504: [GC [PSYoungGen: 156895K->1148K(153920K)] 259061K->103377K(840896K), 0.0030460 secs] [Times: user=0.01 sys=0.01, real=0.00 secs] 
2014-07-16T02:23:53.507+0000: 508.045: [GC [PSYoungGen: 153916K->1194K(151168K)] 256145K->103471K(838144K), 0.0040350 secs] [Times: user=0.02 sys=0.00, real=0.00 secs] 
2014-07-16T02:23:54.048+0000: 508.587: [GC [PSYoungGen: 151128K->594K(147840K)] 253405K->102911K(834816K), 0.0042870 secs] [Times: user=0.01 sys=0.00, real=0.01 secs] 
2014-07-16T02:23:54.631+0000: 509.169: [GC [PSYoungGen: 147764K->1140K(145728K)] 250082K->103537K(832704K), 0.0048090 secs] [Times: user=0.03 sys=0.00, real=0.01 secs] 
2014-07-16T02:23:55.129+0000: 509.668: [GC [PSYoungGen: 145674K->694K(142720K)] 248071K->103131K(829696K), 0.0076710 secs] [Times: user=0.04 sys=0.00, real=0.01 secs] 
2014-07-16T02:23:55.650+0000: 510.188: [GC [PSYoungGen: 142710K->1258K(171712K)] 245147K->103759K(858688K), 0.0066070 secs] [Times: user=0.04 sys=0.00, real=0.01 secs] 
2014-07-16T02:23:56.262+0000: 510.801: [GC [PSYoungGen: 171664K->1240K(168320K)] 274165K->103855K(855296K), 0.0047770 secs] [Times: user=0.02 sys=0.00, real=0.00 secs] 
2014-07-16T02:23:56.864+0000: 511.402: [GC [PSYoungGen: 168280K->850K(195712K)] 270895K->103537K(882688K), 0.0069130 secs] [Times: user=0.04 sys=0.00, real=0.00 secs] 
2014-07-16T02:23:57.613+0000: 512.152: [GC [PSYoungGen: 194834K->1226K(191104K)] 297521K->103961K(878080K), 0.0030720 secs] [Times: user=0.02 sys=0.00, real=0.00 secs] 
2014-07-16T02:23:58.256+0000: 512.794: [GC [PSYoungGen: 191050K->1246K(187136K)] 293785K->104045K(874112K), 0.0066430 secs] [Times: user=0.04 sys=0.00, real=0.01 secs] 
2014-07-16T02:23:58.914+0000: 513.452: [GC [PSYoungGen: 187102K->648K(182720K)] 289901K->103503K(869696K), 0.0055760 secs] [Times: user=0.03 sys=0.00, real=0.00 secs] 
2014-07-16T02:23:59.627+0000: 514.166: [GC [PSYoungGen: 182624K->822K(179136K)] 285479K->103733K(866112K), 0.0029750 secs] [Times: user=0.01 sys=0.01, real=0.00 secs] 
2014-07-16T02:24:00.229+0000: 514.768: [GC [PSYoungGen: 179126K->876K(175616K)] 282037K->103867K(862592K), 0.0052430 secs] [Times: user=0.03 sys=0.00, real=0.01 secs] 
2014-07-16T02:24:00.849+0000: 515.387: [GC [PSYoungGen: 175561K->644K(171904K)] 278552K->103715K(858880K), 0.0037540 secs] [Times: user=0.01 sys=0.00, real=0.01 secs] 
2014-07-16T02:24:01.490+0000: 516.028: [GC [PSYoungGen: 171794K->1414K(169280K)] 274865K->104573K(856256K), 0.0031160 secs] [Times: user=0.02 sys=0.00, real=0.01 secs] 
2014-07-16T02:24:02.077+0000: 516.615: [GC [PSYoungGen: 169222K->744K(165312K)] 272381K->103967K(852288K), 0.0079020 secs] [Times: user=0.04 sys=0.00, real=0.01 secs] 
2014-07-16T02:24:02.667+0000: 517.206: [GC [PSYoungGen: 165277K->644K(162048K)] 268500K->103963K(849024K), 0.0057380 secs] [Times: user=0.03 sys=0.00, real=0.01 secs] 
2014-07-16T02:24:03.243+0000: 517.781: [GC [PSYoungGen: 161981K->704K(158976K)] 265301K->104071K(845952K), 0.0030020 secs] [Times: user=0.01 sys=0.00, real=0.00 secs] 
2014-07-16T02:24:03.806+0000: 518.344: [GC [PSYoungGen: 158951K->766K(156032K)] 262318K->104189K(843008K), 0.0047440 secs] [Times: user=0.03 sys=0.00, real=0.00 secs] 
2014-07-16T02:24:04.370+0000: 518.908: [GC [PSYoungGen: 156030K->562K(152960K)] 259453K->104057K(839936K), 0.0036960 secs] [Times: user=0.02 sys=0.00, real=0.01 secs] 
2014-07-16T02:24:04.939+0000: 519.478: [GC [PSYoungGen: 152946K->812K(150400K)] 256441K->104363K(837376K), 0.0078360 secs] [Times: user=0.04 sys=0.00, real=0.01 secs] 
2014-07-16T02:24:05.487+0000: 520.026: [GC [PSYoungGen: 150367K->958K(147840K)] 253918K->104581K(834816K), 0.0031840 secs] [Times: user=0.01 sys=0.00, real=0.00 secs] 
2014-07-16T02:24:06.008+0000: 520.547: [GC [PSYoungGen: 147832K->566K(144832K)] 251455K->104245K(831808K), 0.0047710 secs] [Times: user=0.02 sys=0.00, real=0.01 secs] 
2014-07-16T02:24:06.521+0000: 521.059: [GC [PSYoungGen: 144822K->1048K(142784K)] 248501K->104775K(829760K), 0.0028450 secs] [Times: user=0.01 sys=0.00, real=0.01 secs] 
2014-07-16T02:24:07.044+0000: 521.582: [GC [PSYoungGen: 142744K->580K(139840K)] 246471K->104371K(826816K), 0.0046800 secs] [Times: user=0.01 sys=0.00, real=0.00 secs] 
2014-07-16T02:24:07.539+0000: 522.078: [GC [PSYoungGen: 139780K->1176K(137984K)] 243571K->105023K(824960K), 0.0057920 secs] [Times: user=0.03 sys=0.00, real=0.01 secs] 
2014-07-16T02:24:08.102+0000: 522.641: [GC [PSYoungGen: 137944K->1144K(135552K)] 241791K->105079K(822528K), 0.0055690 secs] [Times: user=0.03 sys=0.00, real=0.01 secs] 
2014-07-16T02:24:08.560+0000: 523.098: [GC [PSYoungGen: 135544K->730K(132928K)] 239479K->104729K(819904K), 0.0045130 secs] [Times: user=0.01 sys=0.00, real=0.01 secs] 
2014-07-16T02:24:09.065+0000: 523.603: [GC [PSYoungGen: 132890K->1322K(131328K)] 236889K->105401K(818304K), 0.0035810 secs] [Times: user=0.02 sys=0.00, real=0.00 secs] 
2014-07-16T02:24:09.599+0000: 524.138: [GC [PSYoungGen: 131306K->1174K(129024K)] 235385K->105341K(816000K), 0.0050730 secs] [Times: user=0.03 sys=0.00, real=0.01 secs] 
2014-07-16T02:24:10.019+0000: 524.558: [GC [PSYoungGen: 128982K->804K(154240K)] 233149K->105043K(841216K), 0.0073810 secs] [Times: user=0.05 sys=0.00, real=0.01 secs] 
2014-07-16T02:24:10.538+0000: 525.076: [GC [PSYoungGen: 154212K->530K(184704K)] 258451K->104841K(871680K), 0.0050140 secs] [Times: user=0.02 sys=0.00, real=0.00 secs] 
2014-07-16T02:24:11.204+0000: 525.743: [GC [PSYoungGen: 184616K->680K(181056K)] 288928K->105039K(868032K), 0.0057900 secs] [Times: user=0.03 sys=0.00, real=0.00 secs] 
2014-07-16T02:24:11.846+0000: 526.384: [GC [PSYoungGen: 181032K->1068K(185344K)] 285391K->105475K(872320K), 0.0101080 secs] [Times: user=0.06 sys=0.00, real=0.01 secs] 
2014-07-16T02:24:12.500+0000: 527.038: [GC [PSYoungGen: 184670K->830K(218176K)] 289077K->105293K(905152K), 0.0067680 secs] [Times: user=0.04 sys=0.01, real=0.01 secs] 
2014-07-16T02:24:13.283+0000: 527.821: [GC [PSYoungGen: 217312K->730K(212352K)] 321775K->105249K(899328K), 0.0052920 secs] [Times: user=0.02 sys=0.00, real=0.01 secs] 
2014-07-16T02:24:14.060+0000: 528.599: [GC [PSYoungGen: 212314K->866K(207744K)] 316833K->105515K(894720K), 0.0047480 secs] [Times: user=0.02 sys=0.00, real=0.01 secs] 
2014-07-16T02:24:14.866+0000: 529.405: [GC [PSYoungGen: 207714K->754K(203072K)] 312363K->105459K(890048K), 0.0077130 secs] [Times: user=0.04 sys=0.00, real=0.01 secs] 
2014-07-16T02:24:15.577+0000: 530.115: [GC [PSYoungGen: 203058K->658K(198592K)] 307763K->105459K(885568K), 0.0043220 secs] [Times: user=0.03 sys=0.01, real=0.00 secs] 
2014-07-16T02:24:16.270+0000: 530.809: [GC [PSYoungGen: 198546K->926K(194560K)] 303347K->105791K(881536K), 0.0059870 secs] [Times: user=0.03 sys=0.00, real=0.01 secs] 
2014-07-16T02:24:16.970+0000: 531.508: [GC [PSYoungGen: 194526K->784K(190336K)] 299391K->105729K(877312K), 0.0036150 secs] [Times: user=0.02 sys=0.01, real=0.00 secs] 
2014-07-16T02:24:17.656+0000: 532.195: [GC [PSYoungGen: 190287K->758K(186304K)] 295232K->105767K(873280K), 0.0042700 secs] [Times: user=0.02 sys=0.00, real=0.00 secs] 
2014-07-16T02:24:18.340+0000: 532.878: [GC [PSYoungGen: 186294K->1072K(182784K)] 291303K->106145K(869760K), 0.0045890 secs] [Times: user=0.03 sys=0.00, real=0.00 secs] 
2014-07-16T02:24:18.973+0000: 533.512: [GC [PSYoungGen: 182756K->626K(178624K)] 287829K->105803K(865600K), 0.0041100 secs] [Times: user=0.02 sys=0.00, real=0.01 secs] 
2014-07-16T02:24:19.620+0000: 534.158: [GC [PSYoungGen: 178600K->976K(175424K)] 283777K->106249K(862400K), 0.0029510 secs] [Times: user=0.02 sys=0.00, real=0.00 secs] 
2014-07-16T02:24:20.274+0000: 534.813: [GC [PSYoungGen: 175375K->762K(171712K)] 280648K->106091K(858688K), 0.0045760 secs] [Times: user=0.02 sys=0.00, real=0.01 secs] 
2014-07-16T02:24:20.911+0000: 535.450: [GC [PSYoungGen: 171706K->1064K(168640K)] 277035K->106809K(855616K), 0.0041280 secs] [Times: user=0.02 sys=0.00, real=0.01 secs] 
2014-07-16T02:24:21.477+0000: 536.015: [GC [PSYoungGen: 168616K->644K(164992K)] 274361K->106477K(851968K), 0.0036050 secs] [Times: user=0.02 sys=0.00, real=0.00 secs] 
2014-07-16T02:24:22.083+0000: 536.622: [GC [PSYoungGen: 164932K->950K(162112K)] 270765K->106847K(849088K), 0.0064500 secs] [Times: user=0.04 sys=0.00, real=0.01 secs] 
2014-07-16T02:24:22.642+0000: 537.180: [GC [PSYoungGen: 162067K->566K(158656K)] 267965K->106535K(845632K), 0.0057920 secs] [Times: user=0.03 sys=0.00, real=0.01 secs] 
2014-07-16T02:24:23.209+0000: 537.748: [GC [PSYoungGen: 158646K->534K(155712K)] 264615K->106551K(842688K), 0.0058000 secs] [Times: user=0.03 sys=0.00, real=0.01 secs] 
2014-07-16T02:24:23.761+0000: 538.300: [GC [PSYoungGen: 155670K->626K(152896K)] 261687K->106747K(839872K), 0.0044710 secs] [Times: user=0.03 sys=0.00, real=0.00 secs] 
2014-07-16T02:24:24.316+0000: 538.855: [GC [PSYoungGen: 152880K->690K(150144K)] 259001K->106899K(837120K), 0.0039480 secs] [Times: user=0.02 sys=0.00, real=0.00 secs] 
2014-07-16T02:24:24.943+0000: 539.481: [GC [PSYoungGen: 150130K->1108K(147904K)] 256339K->107357K(834880K), 0.0035350 secs] [Times: user=0.01 sys=0.01, real=0.01 secs] 
2014-07-16T02:24:25.414+0000: 539.953: [GC [PSYoungGen: 147858K->766K(144896K)] 254107K->107071K(831872K), 0.0047130 secs] [Times: user=0.02 sys=0.00, real=0.01 secs] 
2014-07-16T02:24:25.926+0000: 540.465: [GC [PSYoungGen: 144894K->684K(142272K)] 251199K->107029K(829248K), 0.0040810 secs] [Times: user=0.01 sys=0.00, real=0.00 secs] 
2014-07-16T02:24:26.419+0000: 540.958: [GC [PSYoungGen: 142250K->694K(139776K)] 248595K->107111K(826752K), 0.0035480 secs] [Times: user=0.01 sys=0.00, real=0.00 secs] 
2014-07-16T02:24:26.924+0000: 541.463: [GC [PSYoungGen: 139764K->676K(137344K)] 246181K->107165K(824320K), 0.0050530 secs] [Times: user=0.03 sys=0.00, real=0.01 secs] 
2014-07-16T02:24:27.402+0000: 541.941: [GC [PSYoungGen: 137274K->680K(135040K)] 243763K->107225K(822016K), 0.0032610 secs] [Times: user=0.02 sys=0.00, real=0.00 secs] 
2014-07-16T02:24:27.890+0000: 542.429: [GC [PSYoungGen: 135016K->690K(132800K)] 241561K->107339K(819776K), 0.0041980 secs] [Times: user=0.03 sys=0.00, real=0.00 secs] 
2014-07-16T02:24:28.358+0000: 542.897: [GC [PSYoungGen: 132786K->598K(159168K)] 239435K->107287K(846144K), 0.0095800 secs] [Times: user=0.05 sys=0.00, real=0.01 secs] 
2014-07-16T02:24:28.935+0000: 543.474: [GC [PSYoungGen: 159126K->862K(156416K)] 265815K->107615K(843392K), 0.0037920 secs] [Times: user=0.01 sys=0.00, real=0.01 secs] 
2014-07-16T02:24:29.486+0000: 544.025: [GC [PSYoungGen: 156373K->930K(153600K)] 263127K->107845K(840576K), 0.0055490 secs] [Times: user=0.03 sys=0.00, real=0.00 secs] 
2014-07-16T02:24:30.146+0000: 544.684: [GC [PSYoungGen: 153570K->876K(150720K)] 260485K->107863K(837696K), 0.0030740 secs] [Times: user=0.01 sys=0.00, real=0.01 secs] 
2014-07-16T02:24:30.646+0000: 545.185: [GC [PSYoungGen: 150700K->722K(180608K)] 257687K->107781K(867584K), 0.0092710 secs] [Times: user=0.04 sys=0.00, real=0.01 secs] 
2014-07-16T02:24:31.302+0000: 545.841: [GC [PSYoungGen: 180562K->1008K(177216K)] 287621K->108123K(864192K), 0.0040660 secs] [Times: user=0.01 sys=0.00, real=0.00 secs] 
2014-07-16T02:24:31.927+0000: 546.466: [GC [PSYoungGen: 177200K->672K(173376K)] 284315K->107867K(860352K), 0.0037940 secs] [Times: user=0.02 sys=0.00, real=0.00 secs] 
2014-07-16T02:24:32.544+0000: 547.082: [GC [PSYoungGen: 173269K->634K(169856K)] 280464K->107877K(856832K), 0.0039720 secs] [Times: user=0.02 sys=0.00, real=0.01 secs] 
2014-07-16T02:24:33.159+0000: 547.698: [GC [PSYoungGen: 169818K->1144K(167040K)] 277061K->108467K(854016K), 0.0044370 secs] [Times: user=0.03 sys=0.00, real=0.00 secs] 
2014-07-16T02:24:33.747+0000: 548.286: [GC [PSYoungGen: 167032K->576K(163264K)] 274355K->107979K(850240K), 0.0064350 secs] [Times: user=0.04 sys=0.00, real=0.00 secs] 
2014-07-16T02:24:34.330+0000: 548.868: [GC [PSYoungGen: 163264K->1008K(160576K)] 270667K->108491K(847552K), 0.0040420 secs] [Times: user=0.02 sys=0.00, real=0.00 secs] 
2014-07-16T02:24:34.895+0000: 549.434: [GC [PSYoungGen: 160559K->914K(157504K)] 268042K->108477K(844480K), 0.0051290 secs] [Times: user=0.04 sys=0.00, real=0.01 secs] 
2014-07-16T02:24:35.510+0000: 550.049: [GC [PSYoungGen: 157458K->594K(154240K)] 265021K->108221K(841216K), 0.0047990 secs] [Times: user=0.03 sys=0.00, real=0.00 secs] 
2014-07-16T02:24:36.058+0000: 550.597: [GC [PSYoungGen: 154180K->1244K(152064K)] 261807K->108935K(839040K), 0.0046090 secs] [Times: user=0.03 sys=0.00, real=0.00 secs] 
2014-07-16T02:24:36.593+0000: 551.131: [GC [PSYoungGen: 152027K->794K(148864K)] 259718K->108733K(835840K), 0.0073760 secs] [Times: user=0.04 sys=0.00, real=0.01 secs] 
2014-07-16T02:24:37.123+0000: 551.662: [GC [PSYoungGen: 148826K->816K(146176K)] 256765K->108819K(833152K), 0.0030470 secs] [Times: user=0.01 sys=0.00, real=0.00 secs] 
2014-07-16T02:24:37.649+0000: 552.188: [GC [PSYoungGen: 146160K->594K(143424K)] 254163K->108685K(830400K), 0.0053310 secs] [Times: user=0.03 sys=0.01, real=0.00 secs] 
2014-07-16T02:24:38.159+0000: 552.698: [GC [PSYoungGen: 143378K->484K(140800K)] 251469K->108623K(827776K), 0.0033590 secs] [Times: user=0.01 sys=0.00, real=0.00 secs] 
2014-07-16T02:24:38.699+0000: 553.237: [GC [PSYoungGen: 140772K->1328K(139200K)] 248911K->109793K(826176K), 0.0031190 secs] [Times: user=0.01 sys=0.01, real=0.00 secs] 
2014-07-16T02:24:39.169+0000: 553.708: [GC [PSYoungGen: 139184K->772K(136320K)] 247649K->109325K(823296K), 0.0072080 secs] [Times: user=0.04 sys=0.00, real=0.00 secs] 
2014-07-16T02:24:39.645+0000: 554.183: [GC [PSYoungGen: 136260K->448K(163072K)] 244813K->109099K(850048K), 0.0083090 secs] [Times: user=0.04 sys=0.01, real=0.01 secs] 
2014-07-16T02:24:40.300+0000: 554.839: [GC [PSYoungGen: 163052K->1154K(191808K)] 271704K->109853K(878784K), 0.0063190 secs] [Times: user=0.03 sys=0.00, real=0.00 secs] 
2014-07-16T02:24:40.945+0000: 555.483: [GC [PSYoungGen: 191362K->498K(196800K)] 300061K->109237K(883776K), 0.0060020 secs] [Times: user=0.03 sys=0.00, real=0.01 secs] 
2014-07-16T02:24:41.644+0000: 556.183: [GC [PSYoungGen: 195698K->662K(196800K)] 304437K->109481K(883776K), 0.0067620 secs] [Times: user=0.04 sys=0.00, real=0.01 secs] 
2014-07-16T02:24:42.334+0000: 556.873: [GC [PSYoungGen: 195862K->972K(192064K)] 304681K->109863K(879040K), 0.0033250 secs] [Times: user=0.01 sys=0.01, real=0.00 secs] 
2014-07-16T02:24:43.021+0000: 557.559: [GC [PSYoungGen: 192012K->754K(230016K)] 300903K->109685K(916992K), 0.0164180 secs] [Times: user=0.09 sys=0.00, real=0.01 secs] 
2014-07-16T02:24:43.837+0000: 558.376: [GC [PSYoungGen: 230002K->980K(234368K)] 338933K->109975K(921344K), 0.0066360 secs] [Times: user=0.03 sys=0.00, real=0.01 secs] 
2014-07-16T02:24:44.689+0000: 559.228: [GC [PSYoungGen: 234004K->818K(228352K)] 342999K->109925K(915328K), 0.0032350 secs] [Times: user=0.02 sys=0.00, real=0.01 secs] 
2014-07-16T02:24:45.550+0000: 560.089: [GC [PSYoungGen: 228338K->676K(222912K)] 337445K->109879K(909888K), 0.0056560 secs] [Times: user=0.03 sys=0.00, real=0.00 secs] 
2014-07-16T02:24:46.347+0000: 560.885: [GC [PSYoungGen: 222884K->690K(217792K)] 332087K->109981K(904768K), 0.0050330 secs] [Times: user=0.03 sys=0.00, real=0.01 secs] 
2014-07-16T02:24:47.125+0000: 561.664: [GC [PSYoungGen: 217778K->516K(212736K)] 327069K->109879K(899712K), 0.0027950 secs] [Times: user=0.02 sys=0.00, real=0.00 secs] 
2014-07-16T02:24:47.875+0000: 562.413: [GC [PSYoungGen: 212676K->812K(208256K)] 322039K->110247K(895232K), 0.0075240 secs] [Times: user=0.04 sys=0.00, real=0.01 secs] 
2014-07-16T02:24:48.636+0000: 563.174: [GC [PSYoungGen: 208233K->944K(203776K)] 317668K->110435K(890752K), 0.0062110 secs] [Times: user=0.03 sys=0.00, real=0.01 secs] 
2014-07-16T02:24:49.444+0000: 563.983: [GC [PSYoungGen: 203760K->958K(199360K)] 313251K->110505K(886336K), 0.0069090 secs] [Times: user=0.04 sys=0.00, real=0.01 secs] 
2014-07-16T02:24:50.137+0000: 564.676: [GC [PSYoungGen: 199312K->780K(194944K)] 308860K->110499K(881920K), 0.0057340 secs] [Times: user=0.03 sys=0.00, real=0.01 secs] 
2014-07-16T02:24:50.840+0000: 565.379: [GC [PSYoungGen: 194892K->548K(190528K)] 304611K->110323K(877504K), 0.0055620 secs] [Times: user=0.03 sys=0.00, real=0.00 secs] 
2014-07-16T02:24:51.511+0000: 566.050: [GC [PSYoungGen: 190487K->584K(186624K)] 300262K->110407K(873600K), 0.0051100 secs] [Times: user=0.02 sys=0.00, real=0.00 secs] 
2014-07-16T02:24:52.185+0000: 566.724: [GC [PSYoungGen: 186568K->502K(182656K)] 296391K->110373K(869632K), 0.0081970 secs] [Times: user=0.04 sys=0.00, real=0.01 secs] 
2014-07-16T02:24:52.827+0000: 567.366: [GC [PSYoungGen: 182565K->1158K(179648K)] 292436K->111117K(866624K), 0.0057460 secs] [Times: user=0.03 sys=0.01, real=0.01 secs] 
2014-07-16T02:24:53.467+0000: 568.006: [GC [PSYoungGen: 179590K->658K(175488K)] 289549K->110681K(862464K), 0.0049440 secs] [Times: user=0.02 sys=0.00, real=0.01 secs] 
2014-07-16T02:24:54.103+0000: 568.642: [GC [PSYoungGen: 175404K->802K(172096K)] 285427K->111169K(859072K), 0.0067480 secs] [Times: user=0.03 sys=0.00, real=0.00 secs] 
2014-07-16T02:24:54.703+0000: 569.242: [GC [PSYoungGen: 172066K->748K(168640K)] 282433K->111155K(855616K), 0.0038340 secs] [Times: user=0.02 sys=0.01, real=0.00 secs] 
2014-07-16T02:24:55.404+0000: 569.943: [GC [PSYoungGen: 168620K->1254K(165888K)] 279027K->111989K(852864K), 0.0048370 secs] [Times: user=0.03 sys=0.00, real=0.00 secs] 
2014-07-16T02:24:55.976+0000: 570.515: [GC [PSYoungGen: 165824K->648K(162112K)] 276560K->111455K(849088K), 0.0057150 secs] [Times: user=0.03 sys=0.00, real=0.01 secs] 
2014-07-16T02:24:56.556+0000: 571.095: [GC [PSYoungGen: 162056K->676K(159040K)] 272863K->111539K(846016K), 0.0047030 secs] [Times: user=0.01 sys=0.00, real=0.00 secs] 
2014-07-16T02:24:57.127+0000: 571.666: [GC [PSYoungGen: 158982K->530K(155904K)] 269846K->111481K(842880K), 0.0047350 secs] [Times: user=0.02 sys=0.00, real=0.01 secs] 
2014-07-16T02:24:57.685+0000: 572.224: [GC [PSYoungGen: 155858K->548K(153024K)] 266809K->111563K(840000K), 0.0041070 secs] [Times: user=0.02 sys=0.01, real=0.00 secs] 
2014-07-16T02:24:58.246+0000: 572.785: [GC [PSYoungGen: 152996K->1454K(151104K)] 264011K->112541K(838080K), 0.0040040 secs] [Times: user=0.02 sys=0.00, real=0.00 secs] 
2014-07-16T02:24:58.779+0000: 573.318: [GC [PSYoungGen: 151086K->722K(147712K)] 262173K->111865K(834688K), 0.0045990 secs] [Times: user=0.02 sys=0.00, real=0.01 secs] 
2014-07-16T02:24:59.306+0000: 573.845: [GC [PSYoungGen: 147666K->612K(144960K)] 258809K->111827K(831936K), 0.0069310 secs] [Times: user=0.04 sys=0.00, real=0.01 secs] 
2014-07-16T02:24:59.846+0000: 574.385: [GC [PSYoungGen: 144932K->744K(173952K)] 256147K->112031K(860928K), 0.0093350 secs] [Times: user=0.06 sys=0.00, real=0.01 secs] 
2014-07-16T02:25:00.542+0000: 575.080: [GC [PSYoungGen: 173881K->886K(208768K)] 285169K->112237K(895744K), 0.0078750 secs] [Times: user=0.03 sys=0.00, real=0.00 secs] 
2014-07-16T02:25:01.263+0000: 575.802: [GC [PSYoungGen: 208758K->998K(204288K)] 320109K->112397K(891264K), 0.0049830 secs] [Times: user=0.01 sys=0.00, real=0.00 secs] 
2014-07-16T02:25:01.999+0000: 576.538: [GC [PSYoungGen: 204262K->640K(199424K)] 315661K->112111K(886400K), 0.0032670 secs] [Times: user=0.02 sys=0.01, real=0.01 secs] 
2014-07-16T02:25:02.720+0000: 577.258: [GC [PSYoungGen: 199424K->708K(195264K)] 310895K->112243K(882240K), 0.0076480 secs] [Times: user=0.04 sys=0.00, real=0.01 secs] 
2014-07-16T02:25:03.413+0000: 577.951: [GC [PSYoungGen: 195164K->972K(191360K)] 306700K->112579K(878336K), 0.0033710 secs] [Times: user=0.01 sys=0.00, real=0.00 secs] 
2014-07-16T02:25:04.113+0000: 578.651: [GC [PSYoungGen: 191308K->840K(187200K)] 302915K->112535K(874176K), 0.0068190 secs] [Times: user=0.04 sys=0.01, real=0.00 secs] 
2014-07-16T02:25:04.764+0000: 579.302: [GC [PSYoungGen: 187144K->1048K(183488K)] 298839K->112799K(870464K), 0.0062180 secs] [Times: user=0.04 sys=0.00, real=0.00 secs] 
2014-07-16T02:25:05.527+0000: 580.066: [GC [PSYoungGen: 183448K->762K(179392K)] 295199K->112861K(866368K), 0.0066270 secs] [Times: user=0.03 sys=0.00, real=0.01 secs] 
2014-07-16T02:25:06.117+0000: 580.655: [GC [PSYoungGen: 179337K->1440K(176448K)] 291437K->113985K(863424K), 0.0030950 secs] [Times: user=0.01 sys=0.00, real=0.00 secs] 
2014-07-16T02:25:06.723+0000: 581.262: [GC [PSYoungGen: 176414K->748K(172224K)] 288960K->113629K(859200K), 0.0055830 secs] [Times: user=0.03 sys=0.00, real=0.00 secs] 
2014-07-16T02:25:07.351+0000: 581.890: [GC [PSYoungGen: 172195K->704K(168768K)] 285077K->113689K(855744K), 0.0043280 secs] [Times: user=0.02 sys=0.00, real=0.01 secs] 
2014-07-16T02:25:07.955+0000: 582.494: [GC [PSYoungGen: 168768K->730K(165568K)] 281753K->113787K(852544K), 0.0030870 secs] [Times: user=0.02 sys=0.00, real=0.00 secs] 
2014-07-16T02:25:08.527+0000: 583.066: [GC [PSYoungGen: 165530K->530K(162176K)] 278587K->113691K(849152K), 0.0043080 secs] [Times: user=0.02 sys=0.00, real=0.00 secs] 
2014-07-16T02:25:09.114+0000: 583.653: [GC [PSYoungGen: 162097K->716K(159296K)] 275259K->113957K(846272K), 0.0027610 secs] [Times: user=0.01 sys=0.00, real=0.00 secs] 
2014-07-16T02:25:09.730+0000: 584.268: [GC [PSYoungGen: 159212K->1592K(157120K)] 272453K->114929K(844096K), 0.0068730 secs] [Times: user=0.03 sys=0.00, real=0.01 secs] 
2014-07-16T02:25:10.289+0000: 584.827: [GC [PSYoungGen: 157112K->894K(153536K)] 270449K->114387K(840512K), 0.0080580 secs] [Times: user=0.03 sys=0.00, real=0.01 secs] 
2014-07-16T02:25:10.870+0000: 585.409: [GC [PSYoungGen: 153508K->868K(150720K)] 267002K->114425K(837696K), 0.0051370 secs] [Times: user=0.02 sys=0.00, real=0.01 secs] 
2014-07-16T02:25:11.380+0000: 585.918: [GC [PSYoungGen: 150635K->552K(147648K)] 264192K->114157K(834624K), 0.0056230 secs] [Times: user=0.03 sys=0.00, real=0.01 secs] 
2014-07-16T02:25:11.912+0000: 586.450: [GC [PSYoungGen: 147624K->598K(145088K)] 261229K->114267K(832064K), 0.0063180 secs] [Times: user=0.04 sys=0.00, real=0.01 secs] 
2014-07-16T02:25:12.428+0000: 586.967: [GC [PSYoungGen: 145016K->676K(142592K)] 258686K->114409K(829568K), 0.0031970 secs] [Times: user=0.02 sys=0.00, real=0.00 secs] 
2014-07-16T02:25:12.929+0000: 587.468: [GC [PSYoungGen: 142564K->890K(140288K)] 256297K->114719K(827264K), 0.0048050 secs] [Times: user=0.02 sys=0.00, real=0.01 secs] 
2014-07-16T02:25:13.425+0000: 587.964: [GC [PSYoungGen: 140282K->512K(137472K)] 254111K->114461K(824448K), 0.0035850 secs] [Times: user=0.03 sys=0.00, real=0.00 secs] 
2014-07-16T02:25:13.914+0000: 588.453: [GC [PSYoungGen: 137472K->562K(135168K)] 251421K->114591K(822144K), 0.0029390 secs] [Times: user=0.02 sys=0.00, real=0.00 secs] 
2014-07-16T02:25:14.402+0000: 588.940: [GC [PSYoungGen: 135154K->1368K(133696K)] 249183K->115485K(820672K), 0.0052860 secs] [Times: user=0.03 sys=0.00, real=0.01 secs] 
2014-07-16T02:25:14.855+0000: 589.393: [GC [PSYoungGen: 133633K->680K(130752K)] 247751K->114869K(817728K), 0.0056950 secs] [Times: user=0.03 sys=0.00, real=0.00 secs] 
2014-07-16T02:25:15.329+0000: 589.868: [GC [PSYoungGen: 130728K->798K(128704K)] 244917K->115075K(815680K), 0.0048280 secs] [Times: user=0.02 sys=0.00, real=0.01 secs] 
2014-07-16T02:25:15.863+0000: 590.401: [GC [PSYoungGen: 128670K->1048K(154560K)] 242947K->115381K(841536K), 0.0072220 secs] [Times: user=0.04 sys=0.01, real=0.01 secs] 
2014-07-16T02:25:16.353+0000: 590.891: [GC [PSYoungGen: 154516K->644K(184896K)] 268850K->115009K(871872K), 0.0142160 secs] [Times: user=0.08 sys=0.00, real=0.02 secs] 
2014-07-16T02:25:17.024+0000: 591.562: [GC [PSYoungGen: 184828K->826K(202432K)] 299194K->115279K(889408K), 0.0054330 secs] [Times: user=0.03 sys=0.00, real=0.01 secs] 
2014-07-16T02:25:17.732+0000: 592.271: [GC [PSYoungGen: 201722K->512K(222528K)] 316175K->115021K(909504K), 0.0062020 secs] [Times: user=0.04 sys=0.01, real=0.01 secs] 
2014-07-16T02:25:18.534+0000: 593.073: [GC [PSYoungGen: 221568K->726K(222528K)] 336077K->115299K(909504K), 0.0071480 secs] [Times: user=0.03 sys=0.00, real=0.00 secs] 
2014-07-16T02:25:19.363+0000: 593.901: [GC [PSYoungGen: 221782K->1086K(266624K)] 336355K->115723K(953600K), 0.0069240 secs] [Times: user=0.04 sys=0.00, real=0.01 secs] 
2014-07-16T02:25:20.353+0000: 594.891: [GC [PSYoungGen: 266255K->914K(259456K)] 380893K->115615K(946432K), 0.0042840 secs] [Times: user=0.02 sys=0.00, real=0.01 secs] 
2014-07-16T02:25:21.282+0000: 595.820: [GC [PSYoungGen: 259410K->534K(252608K)] 374111K->115291K(939584K), 0.0041750 secs] [Times: user=0.02 sys=0.00, real=0.01 secs] 
2014-07-16T02:25:22.195+0000: 596.734: [GC [PSYoungGen: 252514K->1094K(246976K)] 367272K->115939K(933952K), 0.0034570 secs] [Times: user=0.01 sys=0.00, real=0.00 secs] 
2014-07-16T02:25:23.072+0000: 597.610: [GC [PSYoungGen: 246918K->850K(240768K)] 361763K->115759K(927744K), 0.0036350 secs] [Times: user=0.01 sys=0.01, real=0.01 secs] 
2014-07-16T02:25:23.934+0000: 598.472: [GC [PSYoungGen: 240722K->562K(234688K)] 355631K->115551K(921664K), 0.0039250 secs] [Times: user=0.02 sys=0.00, real=0.01 secs] 
2014-07-16T02:25:24.767+0000: 599.306: [GC [PSYoungGen: 234674K->612K(229184K)] 349663K->115689K(916160K), 0.0038910 secs] [Times: user=0.02 sys=0.00, real=0.00 secs] 
2014-07-16T02:25:25.597+0000: 600.136: [GC [PSYoungGen: 229156K->1398K(224640K)] 344233K->116722K(911616K), 0.0058360 secs] [Times: user=0.01 sys=0.00, real=0.00 secs] 
2014-07-16T02:25:26.405+0000: 600.944: [GC [PSYoungGen: 224630K->812K(218944K)] 339954K->116323K(905920K), 0.0059230 secs] [Times: user=0.03 sys=0.00, real=0.01 secs] 
2014-07-16T02:25:27.178+0000: 601.716: [GC [PSYoungGen: 218924K->966K(214144K)] 334435K->116518K(901120K), 0.0044680 secs] [Times: user=0.02 sys=0.00, real=0.00 secs] 
2014-07-16T02:25:27.970+0000: 602.509: [GC [PSYoungGen: 214086K->402K(208768K)] 329638K->116033K(895744K), 0.0037870 secs] [Times: user=0.01 sys=0.01, real=0.00 secs] 
2014-07-16T02:25:28.725+0000: 603.263: [GC [PSYoungGen: 208721K->1004K(204736K)] 324353K->116716K(891712K), 0.0063730 secs] [Times: user=0.04 sys=0.00, real=0.01 secs] 
2014-07-16T02:25:29.453+0000: 603.991: [GC [PSYoungGen: 204686K->858K(200128K)] 320398K->116673K(887104K), 0.0045020 secs] [Times: user=0.03 sys=0.00, real=0.01 secs] 
2014-07-16T02:25:30.181+0000: 604.720: [GC [PSYoungGen: 200074K->800K(195776K)] 315889K->116687K(882752K), 0.0067970 secs] [Times: user=0.02 sys=0.00, real=0.01 secs] 
2014-07-16T02:25:30.978+0000: 605.516: [GC [PSYoungGen: 195744K->1108K(191936K)] 311631K->117028K(878912K), 0.0088700 secs] [Times: user=0.04 sys=0.01, real=0.01 secs] 
2014-07-16T02:25:31.620+0000: 606.159: [GC [PSYoungGen: 191892K->998K(187776K)] 307812K->116990K(874752K), 0.0068490 secs] [Times: user=0.04 sys=0.01, real=0.01 secs] 
2014-07-16T02:25:32.284+0000: 606.822: [GC [PSYoungGen: 187750K->612K(183488K)] 303742K->116659K(870464K), 0.0075290 secs] [Times: user=0.04 sys=0.01, real=0.01 secs] 
2014-07-16T02:25:32.930+0000: 607.468: [GC [PSYoungGen: 183458K->1190K(180288K)] 299506K->117310K(867264K), 0.0048630 secs] [Times: user=0.03 sys=0.00, real=0.00 secs] 
2014-07-16T02:25:33.578+0000: 608.117: [GC [PSYoungGen: 180262K->534K(176000K)] 296382K->116725K(862976K), 0.0077760 secs] [Times: user=0.04 sys=0.00, real=0.01 secs] 
2014-07-16T02:25:34.225+0000: 608.764: [GC [PSYoungGen: 175958K->704K(172608K)] 292149K->116959K(859584K), 0.0029970 secs] [Times: user=0.01 sys=0.01, real=0.01 secs] 
2014-07-16T02:25:34.837+0000: 609.376: [GC [PSYoungGen: 172603K->1372K(169920K)] 288859K->117676K(856896K), 0.0094950 secs] [Times: user=0.05 sys=0.00, real=0.01 secs] 
2014-07-16T02:25:35.436+0000: 609.975: [GC [PSYoungGen: 169884K->716K(165952K)] 286188K->117067K(852928K), 0.0053700 secs] [Times: user=0.03 sys=0.00, real=0.00 secs] 
2014-07-16T02:25:36.131+0000: 610.670: [GC [PSYoungGen: 165900K->944K(162944K)] 282251K->117352K(849920K), 0.0029200 secs] [Times: user=0.01 sys=0.00, real=0.00 secs] 
2014-07-16T02:25:36.639+0000: 611.178: [GC [PSYoungGen: 162919K->666K(159616K)] 279327K->117105K(846592K), 0.0036670 secs] [Times: user=0.01 sys=0.01, real=0.00 secs] 
2014-07-16T02:25:37.205+0000: 611.744: [GC [PSYoungGen: 159572K->926K(156864K)] 276012K->117389K(843840K), 0.0070930 secs] [Times: user=0.02 sys=0.01, real=0.01 secs] 
2014-07-16T02:25:37.767+0000: 612.306: [GC [PSYoungGen: 156830K->640K(153664K)] 273293K->117175K(840640K), 0.0028930 secs] [Times: user=0.01 sys=0.00, real=0.00 secs] 
2014-07-16T02:25:38.332+0000: 612.871: [GC [PSYoungGen: 153664K->466K(150720K)] 270199K->117073K(837696K), 0.0049730 secs] [Times: user=0.03 sys=0.00, real=0.01 secs] 
2014-07-16T02:25:38.891+0000: 613.429: [GC [PSYoungGen: 150674K->912K(148416K)] 267281K->117607K(835392K), 0.0041350 secs] [Times: user=0.02 sys=0.00, real=0.00 secs] 
2014-07-16T02:25:39.413+0000: 613.952: [GC [PSYoungGen: 148368K->1132K(145984K)] 265063K->117883K(832960K), 0.0044220 secs] [Times: user=0.01 sys=0.00, real=0.01 secs] 
2014-07-16T02:25:39.938+0000: 614.477: [GC [PSYoungGen: 145964K->730K(143040K)] 262715K->117529K(830016K), 0.0045400 secs] [Times: user=0.02 sys=0.01, real=0.00 secs] 
2014-07-16T02:25:40.463+0000: 615.002: [GC [PSYoungGen: 143002K->850K(140672K)] 259801K->117721K(827648K), 0.0072790 secs] [Times: user=0.04 sys=0.00, real=0.01 secs] 
2014-07-16T02:25:41.095+0000: 615.634: [GC [PSYoungGen: 140618K->1142K(138496K)] 257490K->118101K(825472K), 0.0074820 secs] [Times: user=0.04 sys=0.01, real=0.01 secs] 
2014-07-16T02:25:41.542+0000: 616.081: [GC [PSYoungGen: 138486K->816K(165696K)] 255445K->117930K(852672K), 0.0075200 secs] [Times: user=0.04 sys=0.00, real=0.01 secs] 
2014-07-16T02:25:42.140+0000: 616.678: [GC [PSYoungGen: 165680K->666K(198592K)] 282794K->117843K(885568K), 0.0054380 secs] [Times: user=0.04 sys=0.00, real=0.00 secs] 
2014-07-16T02:25:42.855+0000: 617.393: [GC [PSYoungGen: 198554K->958K(194560K)] 315731K->118192K(881536K), 0.0054040 secs] [Times: user=0.03 sys=0.00, real=0.01 secs] 
2014-07-16T02:25:43.538+0000: 618.077: [GC [PSYoungGen: 194558K->772K(190336K)] 311792K->118109K(877312K), 0.0040560 secs] [Times: user=0.02 sys=0.00, real=0.00 secs] 
2014-07-16T02:25:44.208+0000: 618.746: [GC [PSYoungGen: 190276K->744K(186304K)] 307613K->118161K(873280K), 0.0080640 secs] [Times: user=0.04 sys=0.00, real=0.01 secs] 
2014-07-16T02:25:44.863+0000: 619.402: [GC [PSYoungGen: 186280K->1030K(182784K)] 303697K->118504K(869760K), 0.0055570 secs] [Times: user=0.03 sys=0.00, real=0.01 secs] 
2014-07-16T02:25:45.519+0000: 620.058: [GC [PSYoungGen: 182648K->826K(178816K)] 300122K->118379K(865792K), 0.0028040 secs] [Times: user=0.01 sys=0.00, real=0.00 secs] 
2014-07-16T02:25:46.275+0000: 620.814: [GC [PSYoungGen: 178810K->1240K(175680K)] 296363K->118850K(862656K), 0.0036890 secs] [Times: user=0.02 sys=0.00, real=0.01 secs] 
2014-07-16T02:25:46.880+0000: 621.419: [GC [PSYoungGen: 175640K->602K(171584K)] 293250K->118291K(858560K), 0.0040210 secs] [Times: user=0.02 sys=0.00, real=0.00 secs] 
2014-07-16T02:25:47.497+0000: 622.035: [GC [PSYoungGen: 171544K->562K(168128K)] 289234K->118323K(855104K), 0.0058680 secs] [Times: user=0.04 sys=0.00, real=0.01 secs] 
2014-07-16T02:25:48.103+0000: 622.642: [GC [PSYoungGen: 168114K->844K(165184K)] 285875K->118685K(852160K), 0.0028900 secs] [Times: user=0.02 sys=0.01, real=0.00 secs] 
2014-07-16T02:25:48.721+0000: 623.260: [GC [PSYoungGen: 165126K->800K(161984K)] 282968K->118713K(848960K), 0.0052260 secs] [Times: user=0.03 sys=0.00, real=0.00 secs] 
2014-07-16T02:25:49.302+0000: 623.841: [GC [PSYoungGen: 161952K->562K(158656K)] 279865K->118531K(845632K), 0.0043440 secs] [Times: user=0.01 sys=0.00, real=0.00 secs] 
2014-07-16T02:25:49.871+0000: 624.410: [GC [PSYoungGen: 158612K->1158K(156352K)] 276582K->119216K(843328K), 0.0059000 secs] [Times: user=0.04 sys=0.01, real=0.00 secs] 
2014-07-16T02:25:50.440+0000: 624.979: [GC [PSYoungGen: 156294K->930K(153216K)] 274352K->119340K(840192K), 0.0029840 secs] [Times: user=0.01 sys=0.00, real=0.00 secs] 
2014-07-16T02:25:51.044+0000: 625.583: [GC [PSYoungGen: 153182K->1232K(150720K)] 271592K->119754K(837696K), 0.0048430 secs] [Times: user=0.02 sys=0.00, real=0.01 secs] 
2014-07-16T02:25:51.628+0000: 626.167: [GC [PSYoungGen: 150672K->466K(147264K)] 269194K->119218K(834240K), 0.0036920 secs] [Times: user=0.02 sys=0.00, real=0.01 secs] 
2014-07-16T02:25:52.167+0000: 626.706: [GC [PSYoungGen: 147218K->754K(144896K)] 265970K->119602K(831872K), 0.0032570 secs] [Times: user=0.02 sys=0.00, real=0.01 secs] 
2014-07-16T02:25:52.671+0000: 627.210: [GC [PSYoungGen: 144882K->1066K(142656K)] 263730K->119970K(829632K), 0.0031350 secs] [Times: user=0.02 sys=0.00, real=0.00 secs] 
2014-07-16T02:25:53.181+0000: 627.720: [GC [PSYoungGen: 142634K->594K(139712K)] 261538K->119586K(826688K), 0.0053330 secs] [Times: user=0.03 sys=0.00, real=0.00 secs] 
2014-07-16T02:25:53.686+0000: 628.225: [GC [PSYoungGen: 139585K->1048K(137728K)] 258577K->120088K(824704K), 0.0042820 secs] [Times: user=0.02 sys=0.00, real=0.01 secs] 
2014-07-16T02:25:54.170+0000: 628.708: [GC [PSYoungGen: 137676K->1026K(135424K)] 256716K->120170K(822400K), 0.0050870 secs] [Times: user=0.03 sys=0.00, real=0.00 secs] 
2014-07-16T02:25:54.655+0000: 629.193: [GC [PSYoungGen: 135362K->690K(132800K)] 254506K->119922K(819776K), 0.0030530 secs] [Times: user=0.02 sys=0.00, real=0.00 secs] 
2014-07-16T02:25:55.125+0000: 629.663: [GC [PSYoungGen: 132786K->744K(130688K)] 252018K->120016K(817664K), 0.0069220 secs] [Times: user=0.02 sys=0.00, real=0.01 secs] 
2014-07-16T02:25:55.587+0000: 630.126: [GC [PSYoungGen: 130662K->480K(156416K)] 249934K->119824K(843392K), 0.0068490 secs] [Times: user=0.03 sys=0.01, real=0.01 secs] 
2014-07-16T02:25:56.144+0000: 630.683: [GC [PSYoungGen: 156368K->616K(153664K)] 275712K->120024K(840640K), 0.0036930 secs] [Times: user=0.02 sys=0.00, real=0.00 secs] 
2014-07-16T02:25:56.757+0000: 631.296: [GC [PSYoungGen: 153640K->890K(151104K)] 273048K->120402K(838080K), 0.0048570 secs] [Times: user=0.02 sys=0.00, real=0.01 secs] 
2014-07-16T02:25:57.280+0000: 631.819: [GC [PSYoungGen: 151098K->762K(148224K)] 270610K->120362K(835200K), 0.0044130 secs] [Times: user=0.03 sys=0.00, real=0.00 secs] 
2014-07-16T02:25:57.813+0000: 632.351: [GC [PSYoungGen: 148218K->576K(145408K)] 267818K->120248K(832384K), 0.0061080 secs] [Times: user=0.03 sys=0.00, real=0.00 secs] 
2014-07-16T02:25:58.329+0000: 632.868: [GC [PSYoungGen: 145408K->1222K(143552K)] 265080K->121014K(830528K), 0.0061150 secs] [Times: user=0.03 sys=0.00, real=0.01 secs] 
2014-07-16T02:25:58.834+0000: 633.373: [GC [PSYoungGen: 143488K->866K(171648K)] 263280K->120754K(858624K), 0.0073910 secs] [Times: user=0.05 sys=0.00, real=0.01 secs] 
2014-07-16T02:25:59.467+0000: 634.006: [GC [PSYoungGen: 171618K->996K(168384K)] 291506K->120956K(855360K), 0.0035550 secs] [Times: user=0.01 sys=0.00, real=0.01 secs] 
2014-07-16T02:26:00.062+0000: 634.600: [GC [PSYoungGen: 168356K->1066K(165184K)] 288316K->121090K(852160K), 0.0049340 secs] [Times: user=0.02 sys=0.00, real=0.00 secs] 
2014-07-16T02:26:00.654+0000: 635.192: [GC [PSYoungGen: 165162K->836K(161856K)] 285186K->120932K(848832K), 0.0049290 secs] [Times: user=0.02 sys=0.00, real=0.00 secs] 
2014-07-16T02:26:01.368+0000: 635.906: [GC [PSYoungGen: 161769K->1014K(158912K)] 281865K->121206K(845888K), 0.0051370 secs] [Times: user=0.03 sys=0.00, real=0.01 secs] 
2014-07-16T02:26:01.893+0000: 636.432: [GC [PSYoungGen: 158902K->1222K(156224K)] 279094K->121494K(843200K), 0.0035570 secs] [Times: user=0.01 sys=0.00, real=0.00 secs] 
2014-07-16T02:26:02.444+0000: 636.983: [GC [PSYoungGen: 156166K->676K(152768K)] 276438K->121012K(839744K), 0.0033730 secs] [Times: user=0.02 sys=0.00, real=0.00 secs] 
2014-07-16T02:26:03.000+0000: 637.539: [GC [PSYoungGen: 152740K->498K(149760K)] 273076K->120914K(836736K), 0.0073300 secs] [Times: user=0.05 sys=0.00, real=0.01 secs] 
2014-07-16T02:26:03.544+0000: 638.083: [GC [PSYoungGen: 149746K->530K(147136K)] 270162K->121034K(834112K), 0.0045750 secs] [Times: user=0.02 sys=0.01, real=0.00 secs] 
2014-07-16T02:26:04.078+0000: 638.616: [GC [PSYoungGen: 147056K->1054K(145024K)] 267560K->121646K(832000K), 0.0033260 secs] [Times: user=0.02 sys=0.00, real=0.01 secs] 
2014-07-16T02:26:04.593+0000: 639.132: [GC [PSYoungGen: 144990K->644K(142080K)] 265582K->121340K(829056K), 0.0027490 secs] [Times: user=0.02 sys=0.00, real=0.00 secs] 
2014-07-16T02:26:05.110+0000: 639.649: [GC [PSYoungGen: 141976K->780K(139712K)] 262672K->121548K(826688K), 0.0053960 secs] [Times: user=0.04 sys=0.00, real=0.01 secs] 
2014-07-16T02:26:05.613+0000: 640.151: [GC [PSYoungGen: 139659K->1108K(137664K)] 260428K->121964K(824640K), 0.0058390 secs] [Times: user=0.03 sys=0.00, real=0.00 secs] 
2014-07-16T02:26:06.110+0000: 640.649: [GC [PSYoungGen: 137620K->434K(134656K)] 258476K->121338K(821632K), 0.0070130 secs] [Times: user=0.04 sys=0.00, real=0.01 secs] 
2014-07-16T02:26:06.649+0000: 641.187: [GC [PSYoungGen: 134622K->1172K(133184K)] 255526K->122140K(820160K), 0.0052000 secs] [Times: user=0.03 sys=0.00, real=0.01 secs] 
2014-07-16T02:26:07.114+0000: 641.653: [GC [PSYoungGen: 133140K->940K(159360K)] 254108K->122004K(846336K), 0.0059220 secs] [Times: user=0.04 sys=0.00, real=0.00 secs] 
2014-07-16T02:26:07.688+0000: 642.226: [GC [PSYoungGen: 159340K->780K(190912K)] 280404K->121900K(877888K), 0.0067080 secs] [Times: user=0.04 sys=0.00, real=0.01 secs] 
2014-07-16T02:26:08.370+0000: 642.909: [GC [PSYoungGen: 190845K->640K(222144K)] 311965K->121848K(909120K), 0.0064950 secs] [Times: user=0.04 sys=0.00, real=0.01 secs] 
2014-07-16T02:26:09.162+0000: 643.700: [GC [PSYoungGen: 221312K->786K(216448K)] 342520K->122066K(903424K), 0.0031280 secs] [Times: user=0.02 sys=0.00, real=0.01 secs] 
2014-07-16T02:26:09.927+0000: 644.466: [GC [PSYoungGen: 216311K->858K(211648K)] 337591K->122210K(898624K), 0.0034200 secs] [Times: user=0.02 sys=0.00, real=0.00 secs] 
2014-07-16T02:26:10.713+0000: 645.252: [GC [PSYoungGen: 211607K->644K(206720K)] 332959K->122084K(893696K), 0.0032480 secs] [Times: user=0.02 sys=0.00, real=0.00 secs] 
2014-07-16T02:26:11.522+0000: 646.061: [GC [PSYoungGen: 206660K->1142K(202624K)] 328100K->122702K(889600K), 0.0051110 secs] [Times: user=0.02 sys=0.00, real=0.00 secs] 
2014-07-16T02:26:12.229+0000: 646.767: [GC [PSYoungGen: 202602K->894K(197952K)] 324162K->122598K(884928K), 0.0044710 secs] [Times: user=0.02 sys=0.00, real=0.01 secs] 
2014-07-16T02:26:12.916+0000: 647.455: [GC [PSYoungGen: 197950K->748K(193600K)] 319654K->122508K(880576K), 0.0092880 secs] [Times: user=0.06 sys=0.00, real=0.01 secs] 
2014-07-16T02:26:13.623+0000: 648.162: [GC [PSYoungGen: 193580K->1196K(189952K)] 315340K->123186K(876928K), 0.0037890 secs] [Times: user=0.02 sys=0.00, real=0.00 secs] 
2014-07-16T02:26:14.288+0000: 648.827: [GC [PSYoungGen: 189932K->548K(185344K)] 311922K->122594K(872320K), 0.0060970 secs] [Times: user=0.03 sys=0.00, real=0.01 secs] 
2014-07-16T02:26:14.954+0000: 649.493: [GC [PSYoungGen: 185316K->402K(181376K)] 307362K->122480K(868352K), 0.0077480 secs] [Times: user=0.04 sys=0.00, real=0.00 secs] 
2014-07-16T02:26:15.621+0000: 650.160: [GC [PSYoungGen: 181330K->840K(178112K)] 303408K->122998K(865088K), 0.0059290 secs] [Times: user=0.02 sys=0.01, real=0.01 secs] 
2014-07-16T02:26:16.274+0000: 650.812: [GC [PSYoungGen: 178056K->962K(174656K)] 300214K->123184K(861632K), 0.0039920 secs] [Times: user=0.02 sys=0.00, real=0.00 secs] 
2014-07-16T02:26:16.929+0000: 651.468: [GC [PSYoungGen: 174594K->872K(171072K)] 296816K->123174K(858048K), 0.0054460 secs] [Times: user=0.03 sys=0.00, real=0.01 secs] 
2014-07-16T02:26:17.528+0000: 652.066: [GC [PSYoungGen: 171008K->466K(167360K)] 293310K->122824K(854336K), 0.0040350 secs] [Times: user=0.02 sys=0.00, real=0.00 secs] 
2014-07-16T02:26:18.133+0000: 652.671: [GC [PSYoungGen: 167308K->862K(164480K)] 289666K->123292K(851456K), 0.0044860 secs] [Times: user=0.02 sys=0.00, real=0.01 secs] 
2014-07-16T02:26:18.718+0000: 653.256: [GC [PSYoungGen: 164446K->800K(161280K)] 286876K->123310K(848256K), 0.0068880 secs] [Times: user=0.04 sys=0.00, real=0.01 secs] 
2014-07-16T02:26:19.298+0000: 653.836: [GC [PSYoungGen: 161248K->1094K(158528K)] 283758K->123700K(845504K), 0.0065560 secs] [Times: user=0.04 sys=0.00, real=0.01 secs] 
2014-07-16T02:26:19.863+0000: 654.402: [GC [PSYoungGen: 158470K->616K(155072K)] 281076K->123278K(842048K), 0.0031870 secs] [Times: user=0.01 sys=0.00, real=0.00 secs] 
2014-07-16T02:26:20.424+0000: 654.962: [GC [PSYoungGen: 155042K->498K(152064K)] 277705K->123216K(839040K), 0.0031330 secs] [Times: user=0.01 sys=0.01, real=0.00 secs] 
2014-07-16T02:26:20.963+0000: 655.501: [GC [PSYoungGen: 152050K->548K(149376K)] 274768K->123314K(836352K), 0.0047510 secs] [Times: user=0.03 sys=0.00, real=0.01 secs] 
2014-07-16T02:26:21.494+0000: 656.033: [GC [PSYoungGen: 149348K->562K(146688K)] 272114K->123424K(833664K), 0.0059930 secs] [Times: user=0.04 sys=0.00, real=0.00 secs] 
2014-07-16T02:26:22.111+0000: 656.649: [GC [PSYoungGen: 146634K->1100K(144640K)] 269496K->124050K(831616K), 0.0055920 secs] [Times: user=0.03 sys=0.00, real=0.01 secs] 
2014-07-16T02:26:22.599+0000: 657.137: [GC [PSYoungGen: 144588K->1390K(142336K)] 267538K->124586K(829312K), 0.0040950 secs] [Times: user=0.02 sys=0.00, real=0.00 secs] 
2014-07-16T02:26:23.103+0000: 657.641: [GC [PSYoungGen: 142317K->306K(138816K)] 265513K->123709K(825792K), 0.0022530 secs] [Times: user=0.01 sys=0.00, real=0.01 secs] 
2014-07-16T02:26:23.602+0000: 658.140: [GC [PSYoungGen: 138802K->1428K(137600K)] 262205K->124969K(824576K), 0.0067210 secs] [Times: user=0.04 sys=0.00, real=0.01 secs] 
2014-07-16T02:26:24.079+0000: 658.617: [GC [PSYoungGen: 137556K->944K(134784K)] 261097K->124765K(821760K), 0.0055080 secs] [Times: user=0.03 sys=0.00, real=0.01 secs] 
2014-07-16T02:26:24.562+0000: 659.101: [GC [PSYoungGen: 134768K->830K(132416K)] 258589K->124731K(819392K), 0.0037360 secs] [Times: user=0.01 sys=0.00, real=0.01 secs] 
2014-07-16T02:26:25.036+0000: 659.575: [GC [PSYoungGen: 132414K->548K(129984K)] 256315K->124489K(816960K), 0.0047470 secs] [Times: user=0.02 sys=0.00, real=0.00 secs] 
2014-07-16T02:26:25.512+0000: 660.050: [GC [PSYoungGen: 129929K->876K(128192K)] 253870K->124889K(815168K), 0.0055620 secs] [Times: user=0.03 sys=0.00, real=0.01 secs] 
2014-07-16T02:26:25.965+0000: 660.504: [GC [PSYoungGen: 128100K->1244K(154048K)] 252113K->125321K(841024K), 0.0053680 secs] [Times: user=0.02 sys=0.00, real=0.00 secs] 
2014-07-16T02:26:26.520+0000: 661.059: [GC [PSYoungGen: 154012K->662K(150656K)] 278089K->124827K(837632K), 0.0057740 secs] [Times: user=0.03 sys=0.00, real=0.01 secs] 
2014-07-16T02:26:27.150+0000: 661.689: [GC [PSYoungGen: 150583K->1090K(148352K)] 274748K->125327K(835328K), 0.0044510 secs] [Times: user=0.03 sys=0.00, real=0.01 secs] 
2014-07-16T02:26:27.619+0000: 662.157: [GC [PSYoungGen: 148290K->1294K(145920K)] 272527K->125603K(832896K), 0.0033280 secs] [Times: user=0.02 sys=0.00, real=0.00 secs] 
2014-07-16T02:26:28.133+0000: 662.672: [GC [PSYoungGen: 145870K->752K(142784K)] 270179K->125247K(829760K), 0.0041670 secs] [Times: user=0.02 sys=0.00, real=0.01 secs] 
2014-07-16T02:26:28.664+0000: 663.202: [GC [PSYoungGen: 142734K->1154K(140736K)] 267229K->125761K(827712K), 0.0030490 secs] [Times: user=0.02 sys=0.00, real=0.01 secs] 
2014-07-16T02:26:29.164+0000: 663.703: [GC [PSYoungGen: 140674K->640K(137728K)] 265281K->125367K(824704K), 0.0055220 secs] [Times: user=0.03 sys=0.00, real=0.01 secs] 
2014-07-16T02:26:29.654+0000: 664.193: [GC [PSYoungGen: 137727K->868K(135616K)] 262455K->125659K(822592K), 0.0074110 secs] [Times: user=0.04 sys=0.00, real=0.01 secs] 
2014-07-16T02:26:30.146+0000: 664.684: [GC [PSYoungGen: 135585K->1312K(133760K)] 260376K->126159K(820736K), 0.0042680 secs] [Times: user=0.02 sys=0.01, real=0.00 secs] 
2014-07-16T02:26:30.618+0000: 665.156: [GC [PSYoungGen: 133728K->584K(130816K)] 258575K->125479K(817792K), 0.0050000 secs] [Times: user=0.03 sys=0.00, real=0.00 secs] 
2014-07-16T02:26:31.096+0000: 665.635: [GC [PSYoungGen: 130760K->926K(128960K)] 255655K->125893K(815936K), 0.0055310 secs] [Times: user=0.04 sys=0.00, real=0.00 secs] 
2014-07-16T02:26:31.582+0000: 666.120: [GC [PSYoungGen: 128913K->790K(154432K)] 253881K->125797K(841408K), 0.0091290 secs] [Times: user=0.04 sys=0.00, real=0.01 secs] 
2014-07-16T02:26:32.178+0000: 666.716: [GC [PSYoungGen: 154322K->1330K(185664K)] 279330K->126409K(872640K), 0.0056960 secs] [Times: user=0.04 sys=0.00, real=0.00 secs] 
2014-07-16T02:26:32.860+0000: 667.398: [GC [PSYoungGen: 185650K->1222K(205696K)] 310729K->126365K(892672K), 0.0047400 secs] [Times: user=0.03 sys=0.00, real=0.00 secs] 
2014-07-16T02:26:33.561+0000: 668.099: [GC [PSYoungGen: 205248K->648K(200256K)] 330391K->125855K(887232K), 0.0048410 secs] [Times: user=0.02 sys=0.00, real=0.01 secs] 
2014-07-16T02:26:34.278+0000: 668.817: [GC [PSYoungGen: 200200K->512K(195712K)] 325407K->125799K(882688K), 0.0046340 secs] [Times: user=0.03 sys=0.00, real=0.00 secs] 
2014-07-16T02:26:34.978+0000: 669.517: [GC [PSYoungGen: 195712K->844K(191936K)] 320999K->126195K(878912K), 0.0057080 secs] [Times: user=0.03 sys=0.00, real=0.00 secs] 
2014-07-16T02:26:35.677+0000: 670.215: [GC [PSYoungGen: 191884K->994K(188032K)] 317235K->126425K(875008K), 0.0030560 secs] [Times: user=0.02 sys=0.00, real=0.00 secs] 
2014-07-16T02:26:36.344+0000: 670.883: [GC [PSYoungGen: 188002K->790K(183936K)] 313433K->126309K(870912K), 0.0028860 secs] [Times: user=0.02 sys=0.00, real=0.01 secs] 
2014-07-16T02:26:37.121+0000: 671.659: [GC [PSYoungGen: 183885K->936K(180288K)] 309404K->126543K(867264K), 0.0047240 secs] [Times: user=0.03 sys=0.00, real=0.00 secs] 
2014-07-16T02:26:37.688+0000: 672.226: [GC [PSYoungGen: 180264K->940K(176640K)] 305871K->126635K(863616K), 0.0032830 secs] [Times: user=0.02 sys=0.00, real=0.00 secs] 
2014-07-16T02:26:38.322+0000: 672.860: [GC [PSYoungGen: 176620K->708K(172928K)] 302315K->126523K(859904K), 0.0046970 secs] [Times: user=0.03 sys=0.00, real=0.01 secs] 
2014-07-16T02:26:38.939+0000: 673.478: [GC [PSYoungGen: 172868K->580K(169408K)] 298683K->126483K(856384K), 0.0056130 secs] [Times: user=0.03 sys=0.00, real=0.00 secs] 
2014-07-16T02:26:39.546+0000: 674.085: [GC [PSYoungGen: 169348K->612K(166080K)] 295251K->126595K(853056K), 0.0038670 secs] [Times: user=0.02 sys=0.00, real=0.00 secs] 
2014-07-16T02:26:40.154+0000: 674.693: [GC [PSYoungGen: 166052K->816K(163072K)] 292035K->126847K(850048K), 0.0055060 secs] [Times: user=0.03 sys=0.01, real=0.01 secs] 
2014-07-16T02:26:40.740+0000: 675.279: [GC [PSYoungGen: 163056K->452K(159680K)] 289087K->126531K(846656K), 0.0065140 secs] [Times: user=0.04 sys=0.00, real=0.01 secs] 
2014-07-16T02:26:41.314+0000: 675.853: [GC [PSYoungGen: 159582K->848K(157056K)] 285661K->126991K(844032K), 0.0053320 secs] [Times: user=0.03 sys=0.00, real=0.01 secs] 
2014-07-16T02:26:41.869+0000: 676.407: [GC [PSYoungGen: 156969K->944K(154176K)] 283113K->127175K(841152K), 0.0070720 secs] [Times: user=0.04 sys=0.00, real=0.00 secs] 
2014-07-16T02:26:42.539+0000: 677.078: [GC [PSYoungGen: 154160K->886K(151296K)] 280391K->127293K(838272K), 0.0035200 secs] [Times: user=0.02 sys=0.00, real=0.00 secs] 
2014-07-16T02:26:43.151+0000: 677.690: [GC [PSYoungGen: 151253K->744K(148416K)] 277660K->127199K(835392K), 0.0084240 secs] [Times: user=0.04 sys=0.00, real=0.01 secs] 
2014-07-16T02:26:43.641+0000: 678.180: [GC [PSYoungGen: 148392K->786K(145792K)] 274847K->127329K(832768K), 0.0053750 secs] [Times: user=0.03 sys=0.00, real=0.00 secs] 
2014-07-16T02:26:44.160+0000: 678.699: [GC [PSYoungGen: 145746K->626K(143040K)] 272289K->127249K(830016K), 0.0049320 secs] [Times: user=0.03 sys=0.00, real=0.00 secs] 
2014-07-16T02:26:44.672+0000: 679.211: [GC [PSYoungGen: 143026K->662K(140608K)] 269649K->127365K(827584K), 0.0057770 secs] [Times: user=0.02 sys=0.00, real=0.01 secs] 
2014-07-16T02:26:45.188+0000: 679.727: [GC [PSYoungGen: 140566K->434K(137920K)] 267269K->127161K(824896K), 0.0043900 secs] [Times: user=0.01 sys=0.01, real=0.00 secs] 
2014-07-16T02:26:45.672+0000: 680.211: [GC [PSYoungGen: 137897K->680K(135808K)] 264624K->127479K(822784K), 0.0042260 secs] [Times: user=0.02 sys=0.01, real=0.00 secs] 
2014-07-16T02:26:46.165+0000: 680.704: [GC [PSYoungGen: 135784K->594K(133440K)] 262583K->127473K(820416K), 0.0026730 secs] [Times: user=0.01 sys=0.01, real=0.01 secs] 
2014-07-16T02:26:46.648+0000: 681.187: [GC [PSYoungGen: 133394K->544K(159936K)] 260273K->127455K(846912K), 0.0144090 secs] [Times: user=0.09 sys=0.01, real=0.01 secs] 
2014-07-16T02:26:47.277+0000: 681.816: [GC [PSYoungGen: 159904K->1172K(192448K)] 286815K->128355K(879424K), 0.0066530 secs] [Times: user=0.03 sys=0.00, real=0.00 secs] 
2014-07-16T02:26:47.983+0000: 682.521: [GC [PSYoungGen: 192376K->698K(208128K)] 319559K->128075K(895104K), 0.0041600 secs] [Times: user=0.02 sys=0.00, real=0.01 secs] 
2014-07-16T02:26:48.737+0000: 683.275: [GC [PSYoungGen: 208112K->1200K(204032K)] 335489K->128649K(891008K), 0.0057440 secs] [Times: user=0.01 sys=0.01, real=0.01 secs] 
2014-07-16T02:26:49.468+0000: 684.007: [GC [PSYoungGen: 204016K->178K(198592K)] 331465K->127851K(885568K), 0.0034560 secs] [Times: user=0.01 sys=0.00, real=0.00 secs] 
2014-07-16T02:26:50.188+0000: 684.727: [GC [PSYoungGen: 198578K->1240K(195392K)] 326251K->128993K(882368K), 0.0044470 secs] [Times: user=0.03 sys=0.00, real=0.00 secs] 
2014-07-16T02:26:50.886+0000: 685.425: [GC [PSYoungGen: 195352K->1140K(191104K)] 323105K->129339K(878080K), 0.0052770 secs] [Times: user=0.04 sys=0.00, real=0.01 secs] 
2014-07-16T02:26:51.589+0000: 686.128: [GC [PSYoungGen: 191071K->1086K(187072K)] 319271K->129381K(874048K), 0.0067230 secs] [Times: user=0.04 sys=0.00, real=0.00 secs] 
2014-07-16T02:26:52.313+0000: 686.852: [GC [PSYoungGen: 187070K->998K(183168K)] 315365K->129405K(870144K), 0.0038240 secs] [Times: user=0.02 sys=0.00, real=0.00 secs] 
2014-07-16T02:26:52.946+0000: 687.484: [GC [PSYoungGen: 183108K->780K(179264K)] 311516K->129243K(866240K), 0.0047150 secs] [Times: user=0.02 sys=0.01, real=0.01 secs] 
2014-07-16T02:26:53.628+0000: 688.167: [GC [PSYoungGen: 179142K->844K(175680K)] 307605K->129371K(862656K), 0.0056690 secs] [Times: user=0.03 sys=0.00, real=0.00 secs] 
2014-07-16T02:26:54.244+0000: 688.783: [GC [PSYoungGen: 175609K->826K(172096K)] 304136K->129409K(859072K), 0.0044740 secs] [Times: user=0.02 sys=0.00, real=0.01 secs] 
2014-07-16T02:26:54.866+0000: 689.404: [GC [PSYoungGen: 172090K->608K(168512K)] 300673K->129271K(855488K), 0.0037960 secs] [Times: user=0.01 sys=0.00, real=0.01 secs] 
2014-07-16T02:26:55.482+0000: 690.021: [GC [PSYoungGen: 168480K->676K(165312K)] 297143K->129419K(852288K), 0.0064030 secs] [Times: user=0.03 sys=0.00, real=0.00 secs] 
2014-07-16T02:26:56.079+0000: 690.617: [GC [PSYoungGen: 165284K->858K(162304K)] 294027K->129681K(849280K), 0.0030720 secs] [Times: user=0.01 sys=0.00, real=0.01 secs] 
2014-07-16T02:26:56.652+0000: 691.191: [GC [PSYoungGen: 162261K->1244K(159616K)] 291085K->130171K(846592K), 0.0035520 secs] [Times: user=0.02 sys=0.00, real=0.00 secs] 
2014-07-16T02:26:57.225+0000: 691.764: [GC [PSYoungGen: 159580K->684K(156032K)] 288507K->129915K(843008K), 0.0035820 secs] [Times: user=0.02 sys=0.00, real=0.01 secs] 
2014-07-16T02:26:57.799+0000: 692.337: [GC [PSYoungGen: 156012K->826K(153280K)] 285243K->130113K(840256K), 0.0067590 secs] [Times: user=0.04 sys=0.00, real=0.01 secs] 
2014-07-16T02:26:58.343+0000: 692.882: [GC [PSYoungGen: 153252K->562K(150208K)] 282539K->129937K(837184K), 0.0030180 secs] [Times: user=0.01 sys=0.00, real=0.00 secs] 
2014-07-16T02:26:58.884+0000: 693.423: [GC [PSYoungGen: 150191K->1240K(148224K)] 279567K->130663K(835200K), 0.0051040 secs] [Times: user=0.02 sys=0.00, real=0.01 secs] 
2014-07-16T02:26:59.408+0000: 693.947: [GC [PSYoungGen: 148184K->794K(145152K)] 277607K->130289K(832128K), 0.0051680 secs] [Times: user=0.02 sys=0.00, real=0.01 secs] 
2014-07-16T02:26:59.929+0000: 694.467: [GC [PSYoungGen: 145109K->726K(142528K)] 274605K->130309K(829504K), 0.0055620 secs] [Times: user=0.03 sys=0.00, real=0.01 secs] 
2014-07-16T02:27:00.427+0000: 694.965: [GC [PSYoungGen: 142447K->922K(140224K)] 272031K->130593K(827200K), 0.0065850 secs] [Times: user=0.03 sys=0.01, real=0.01 secs] 
2014-07-16T02:27:00.937+0000: 695.476: [GC [PSYoungGen: 140186K->690K(137536K)] 269857K->130433K(824512K), 0.0032540 secs] [Times: user=0.02 sys=0.00, real=0.01 secs] 
2014-07-16T02:27:01.434+0000: 695.973: [GC [PSYoungGen: 137522K->722K(135232K)] 267265K->130553K(822208K), 0.0049260 secs] [Times: user=0.03 sys=0.00, real=0.00 secs] 
2014-07-16T02:27:01.936+0000: 696.475: [GC [PSYoungGen: 135186K->1082K(133248K)] 265017K->131001K(820224K), 0.0025210 secs] [Times: user=0.01 sys=0.00, real=0.00 secs] 
2014-07-16T02:27:02.542+0000: 697.081: [GC [PSYoungGen: 133242K->880K(130880K)] 263161K->131257K(817856K), 0.0054160 secs] [Times: user=0.04 sys=0.00, real=0.00 secs] 
2014-07-16T02:27:02.981+0000: 697.519: [GC [PSYoungGen: 130843K->1326K(129152K)] 261220K->131807K(816128K), 0.0060940 secs] [Times: user=0.04 sys=0.00, real=0.00 secs] 
2014-07-16T02:27:03.434+0000: 697.973: [GC [PSYoungGen: 129109K->830K(126528K)] 259591K->131541K(813504K), 0.0031930 secs] [Times: user=0.01 sys=0.00, real=0.00 secs] 
2014-07-16T02:27:03.935+0000: 698.474: [GC [PSYoungGen: 126526K->466K(124160K)] 257237K->131225K(811136K), 0.0036600 secs] [Times: user=0.01 sys=0.00, real=0.00 secs] 
2014-07-16T02:27:04.355+0000: 698.894: [GC [PSYoungGen: 124114K->772K(122496K)] 254873K->131563K(809472K), 0.0046930 secs] [Times: user=0.01 sys=0.00, real=0.00 secs] 
2014-07-16T02:27:04.790+0000: 699.329: [GC [PSYoungGen: 122404K->722K(120512K)] 253195K->131553K(807488K), 0.0060020 secs] [Times: user=0.02 sys=0.00, real=0.01 secs] 
2014-07-16T02:27:05.215+0000: 699.753: [GC [PSYoungGen: 120418K->712K(144512K)] 251249K->131623K(831488K), 0.0070470 secs] [Times: user=0.03 sys=0.00, real=0.01 secs] 
2014-07-16T02:27:05.736+0000: 700.275: [GC [PSYoungGen: 144448K->894K(173440K)] 275359K->131877K(860416K), 0.0040230 secs] [Times: user=0.03 sys=0.01, real=0.01 secs] 
2014-07-16T02:27:06.361+0000: 700.900: [GC [PSYoungGen: 173438K->772K(169920K)] 304421K->131819K(856896K), 0.0044590 secs] [Times: user=0.02 sys=0.01, real=0.00 secs] 
2014-07-16T02:27:06.969+0000: 701.507: [GC [PSYoungGen: 169860K->786K(166592K)] 300907K->131905K(853568K), 0.0034120 secs] [Times: user=0.01 sys=0.00, real=0.01 secs] 
2014-07-16T02:27:07.620+0000: 702.159: [GC [PSYoungGen: 166496K->616K(163200K)] 297616K->131783K(850176K), 0.0068630 secs] [Times: user=0.05 sys=0.00, real=0.00 secs] 
2014-07-16T02:27:08.205+0000: 702.744: [GC [PSYoungGen: 163176K->612K(160064K)] 294343K->131875K(847040K), 0.0041160 secs] [Times: user=0.02 sys=0.00, real=0.00 secs] 
2014-07-16T02:27:08.790+0000: 703.328: [GC [PSYoungGen: 160036K->1108K(157568K)] 291299K->132451K(844544K), 0.0043930 secs] [Times: user=0.02 sys=0.00, real=0.01 secs] 
2014-07-16T02:27:09.359+0000: 703.898: [GC [PSYoungGen: 157524K->562K(154048K)] 288867K->131985K(841024K), 0.0026290 secs] [Times: user=0.01 sys=0.00, real=0.01 secs] 
2014-07-16T02:27:09.920+0000: 704.459: [GC [PSYoungGen: 154034K->1130K(151808K)] 285457K->132715K(838784K), 0.0027870 secs] [Times: user=0.01 sys=0.01, real=0.01 secs] 
2014-07-16T02:27:10.447+0000: 704.986: [GC [PSYoungGen: 151786K->1012K(148928K)] 283371K->132653K(835904K), 0.0073930 secs] [Times: user=0.04 sys=0.00, real=0.01 secs] 
2014-07-16T02:27:10.983+0000: 705.521: [GC [PSYoungGen: 148916K->612K(145856K)] 280557K->132349K(832832K), 0.0056950 secs] [Times: user=0.04 sys=0.00, real=0.00 secs] 
2014-07-16T02:27:11.500+0000: 706.039: [GC [PSYoungGen: 145828K->544K(143232K)] 277565K->132345K(830208K), 0.0040140 secs] [Times: user=0.02 sys=0.00, real=0.01 secs] 
2014-07-16T02:27:12.011+0000: 706.550: [GC [PSYoungGen: 143199K->730K(140928K)] 275001K->132619K(827904K), 0.0045410 secs] [Times: user=0.03 sys=0.00, real=0.00 secs] 
2014-07-16T02:27:12.585+0000: 707.124: [GC [PSYoungGen: 140841K->1122K(138880K)] 272731K->133107K(825856K), 0.0049450 secs] [Times: user=0.03 sys=0.00, real=0.00 secs] 
2014-07-16T02:27:13.071+0000: 707.610: [GC [PSYoungGen: 138849K->630K(136000K)] 270835K->132671K(822976K), 0.0044610 secs] [Times: user=0.02 sys=0.00, real=0.00 secs] 
2014-07-16T02:27:13.616+0000: 708.154: [GC [PSYoungGen: 135990K->1014K(134080K)] 268031K->133127K(821056K), 0.0036180 secs] [Times: user=0.01 sys=0.00, real=0.00 secs] 
2014-07-16T02:27:14.193+0000: 708.732: [GC [PSYoungGen: 134050K->972K(131840K)] 266164K->133181K(818816K), 0.0033290 secs] [Times: user=0.01 sys=0.01, real=0.00 secs] 
2014-07-16T02:27:14.625+0000: 709.164: [GC [PSYoungGen: 131788K->930K(129600K)] 263997K->133187K(816576K), 0.0059930 secs] [Times: user=0.03 sys=0.00, real=0.00 secs] 
2014-07-16T02:27:15.092+0000: 709.631: [GC [PSYoungGen: 129570K->998K(127552K)] 261827K->133319K(814528K), 0.0042080 secs] [Times: user=0.02 sys=0.00, real=0.01 secs] 
2014-07-16T02:27:15.542+0000: 710.081: [GC [PSYoungGen: 127526K->990K(152896K)] 259847K->133399K(839872K), 0.0089790 secs] [Times: user=0.06 sys=0.00, real=0.00 secs] 
2014-07-16T02:27:16.077+0000: 710.616: [GC [PSYoungGen: 152847K->644K(180352K)] 285256K->133125K(867328K), 0.0064420 secs] [Times: user=0.03 sys=0.00, real=0.01 secs] 
2014-07-16T02:27:16.726+0000: 711.265: [GC [PSYoungGen: 180164K->1080K(180928K)] 312645K->133585K(867904K), 0.0155030 secs] [Times: user=0.10 sys=0.00, real=0.02 secs] 
2014-07-16T02:27:17.440+0000: 711.979: [GC [PSYoungGen: 180587K->1306K(216832K)] 313092K->133899K(903808K), 0.0054160 secs] [Times: user=0.03 sys=0.00, real=0.01 secs] 
2014-07-16T02:27:18.159+0000: 712.698: [GC [PSYoungGen: 216666K->958K(216896K)] 349259K->133623K(903872K), 0.0055180 secs] [Times: user=0.03 sys=0.00, real=0.01 secs] 
2014-07-16T02:27:18.929+0000: 713.468: [GC [PSYoungGen: 216318K->498K(259840K)] 348983K->133227K(946816K), 0.0047710 secs] [Times: user=0.03 sys=0.00, real=0.01 secs] 
2014-07-16T02:27:19.847+0000: 714.386: [GC [PSYoungGen: 258866K->736K(252672K)] 391595K->133545K(939648K), 0.0075340 secs] [Times: user=0.04 sys=0.01, real=0.01 secs] 
2014-07-16T02:27:20.755+0000: 715.294: [GC [PSYoungGen: 252640K->830K(246528K)] 385449K->133743K(933504K), 0.0057100 secs] [Times: user=0.03 sys=0.00, real=0.00 secs] 
2014-07-16T02:27:21.648+0000: 716.187: [GC [PSYoungGen: 246524K->890K(240640K)] 379438K->133867K(927616K), 0.0070260 secs] [Times: user=0.04 sys=0.00, real=0.01 secs] 
2014-07-16T02:27:22.601+0000: 717.139: [GC [PSYoungGen: 240634K->1060K(235072K)] 373611K->134109K(922048K), 0.0047060 secs] [Times: user=0.03 sys=0.01, real=0.01 secs] 
2014-07-16T02:27:23.393+0000: 717.932: [GC [PSYoungGen: 235015K->726K(229248K)] 368065K->133863K(916224K), 0.0046420 secs] [Times: user=0.03 sys=0.00, real=0.00 secs] 
2014-07-16T02:27:24.302+0000: 718.841: [GC [PSYoungGen: 229182K->850K(224064K)] 362319K->134059K(911040K), 0.0037770 secs] [Times: user=0.02 sys=0.00, real=0.01 secs] 
2014-07-16T02:27:25.119+0000: 719.657: [GC [PSYoungGen: 224018K->530K(218624K)] 357227K->133835K(905600K), 0.0041550 secs] [Times: user=0.02 sys=0.00, real=0.01 secs] 
2014-07-16T02:27:25.882+0000: 720.421: [GC [PSYoungGen: 218577K->798K(213888K)] 351883K->134207K(900864K), 0.0029630 secs] [Times: user=0.02 sys=0.00, real=0.01 secs] 
2014-07-16T02:27:26.660+0000: 721.199: [GC [PSYoungGen: 213854K->662K(208960K)] 347263K->134135K(895936K), 0.0062830 secs] [Times: user=0.03 sys=0.00, real=0.01 secs] 
2014-07-16T02:27:27.408+0000: 721.947: [GC [PSYoungGen: 208823K->1012K(204672K)] 342296K->134557K(891648K), 0.0063860 secs] [Times: user=0.03 sys=0.00, real=0.01 secs] 
2014-07-16T02:27:28.170+0000: 722.709: [GC [PSYoungGen: 204660K->1158K(200384K)] 338205K->134783K(887360K), 0.0044270 secs] [Times: user=0.02 sys=0.00, real=0.01 secs] 
2014-07-16T02:27:28.866+0000: 723.405: [GC [PSYoungGen: 200326K->488K(195392K)] 333951K->134275K(882368K), 0.0050550 secs] [Times: user=0.02 sys=0.00, real=0.00 secs] 
2014-07-16T02:27:29.563+0000: 724.102: [GC [PSYoungGen: 195368K->766K(191488K)] 329155K->134609K(878464K), 0.0058470 secs] [Times: user=0.03 sys=0.00, real=0.01 secs] 
2014-07-16T02:27:30.250+0000: 724.789: [GC [PSYoungGen: 191486K->548K(187264K)] 325329K->134487K(874240K), 0.0038950 secs] [Times: user=0.02 sys=0.01, real=0.01 secs] 
2014-07-16T02:27:30.923+0000: 725.461: [GC [PSYoungGen: 187236K->708K(183552K)] 321175K->134711K(870528K), 0.0040710 secs] [Times: user=0.02 sys=0.00, real=0.01 secs] 
2014-07-16T02:27:31.573+0000: 726.112: [GC [PSYoungGen: 183490K->466K(179520K)] 317493K->134541K(866496K), 0.0044790 secs] [Times: user=0.02 sys=0.00, real=0.01 secs] 
2014-07-16T02:27:32.251+0000: 726.790: [GC [PSYoungGen: 179474K->1326K(176704K)] 313549K->135505K(863680K), 0.0041990 secs] [Times: user=0.02 sys=0.00, real=0.01 secs] 
2014-07-16T02:27:32.937+0000: 727.476: [GC [PSYoungGen: 176686K->880K(172736K)] 310865K->135247K(859712K), 0.0031570 secs] [Times: user=0.02 sys=0.00, real=0.00 secs] 
2014-07-16T02:27:33.533+0000: 728.072: [GC [PSYoungGen: 172719K->1118K(169600K)] 307087K->135581K(856576K), 0.0033420 secs] [Times: user=0.02 sys=0.00, real=0.01 secs] 
2014-07-16T02:27:34.165+0000: 728.703: [GC [PSYoungGen: 169553K->1080K(166208K)] 304016K->135673K(853184K), 0.0067450 secs] [Times: user=0.05 sys=0.00, real=0.01 secs] 
2014-07-16T02:27:34.774+0000: 729.313: [GC [PSYoungGen: 166200K->1226K(163200K)] 300793K->135875K(850176K), 0.0060550 secs] [Times: user=0.03 sys=0.00, real=0.01 secs] 
2014-07-16T02:27:35.334+0000: 729.872: [GC [PSYoungGen: 163146K->826K(159680K)] 297795K->135555K(846656K), 0.0077540 secs] [Times: user=0.05 sys=0.00, real=0.01 secs] 
2014-07-16T02:27:35.913+0000: 730.452: [GC [PSYoungGen: 159636K->908K(156800K)] 294365K->135709K(843776K), 0.0040240 secs] [Times: user=0.02 sys=0.00, real=0.01 secs] 
2014-07-16T02:27:36.451+0000: 730.990: [GC [PSYoungGen: 156737K->726K(153728K)] 291539K->135623K(840704K), 0.0061260 secs] [Times: user=0.04 sys=0.00, real=0.01 secs] 
2014-07-16T02:27:37.010+0000: 731.549: [GC [PSYoungGen: 153685K->1292K(151488K)] 288583K->136277K(838464K), 0.0053410 secs] [Times: user=0.04 sys=0.00, real=0.01 secs] 
2014-07-16T02:27:37.542+0000: 732.081: [GC [PSYoungGen: 151436K->594K(148032K)] 286421K->135691K(835008K), 0.0048040 secs] [Times: user=0.03 sys=0.00, real=0.01 secs] 
2014-07-16T02:27:38.114+0000: 732.653: [GC [PSYoungGen: 147986K->1008K(145792K)] 283083K->136185K(832768K), 0.0071580 secs] [Times: user=0.04 sys=0.00, real=0.01 secs] 
2014-07-16T02:27:38.599+0000: 733.138: [GC [PSYoungGen: 145699K->698K(142912K)] 280876K->135955K(829888K), 0.0042890 secs] [Times: user=0.02 sys=0.00, real=0.00 secs] 
2014-07-16T02:27:39.105+0000: 733.644: [GC [PSYoungGen: 142824K->848K(140608K)] 278082K->136161K(827584K), 0.0050000 secs] [Times: user=0.02 sys=0.00, real=0.00 secs] 
2014-07-16T02:27:39.618+0000: 734.157: [GC [PSYoungGen: 140560K->826K(138112K)] 275873K->136203K(825088K), 0.0048530 secs] [Times: user=0.03 sys=0.00, real=0.00 secs] 
2014-07-16T02:27:40.137+0000: 734.675: [GC [PSYoungGen: 138065K->1108K(136064K)] 273443K->136549K(823040K), 0.0036910 secs] [Times: user=0.02 sys=0.00, real=0.00 secs] 
2014-07-16T02:27:40.625+0000: 735.164: [GC [PSYoungGen: 136020K->1004K(133632K)] 271461K->136525K(820608K), 0.0056340 secs] [Times: user=0.02 sys=0.00, real=0.01 secs] 
2014-07-16T02:27:41.102+0000: 735.641: [GC [PSYoungGen: 133566K->726K(131136K)] 269087K->136319K(818112K), 0.0029720 secs] [Times: user=0.01 sys=0.00, real=0.00 secs] 
2014-07-16T02:27:41.567+0000: 736.106: [GC [PSYoungGen: 131068K->484K(156992K)] 266662K->136125K(843968K), 0.0085600 secs] [Times: user=0.04 sys=0.00, real=0.00 secs] 
2014-07-16T02:27:42.118+0000: 736.657: [GC [PSYoungGen: 156964K->1466K(155008K)] 292605K->137171K(841984K), 0.0035520 secs] [Times: user=0.02 sys=0.00, real=0.00 secs] 
2014-07-16T02:27:42.675+0000: 737.213: [GC [PSYoungGen: 155002K->836K(151616K)] 290707K->136621K(838592K), 0.0053030 secs] [Times: user=0.03 sys=0.00, real=0.01 secs] 
2014-07-16T02:27:43.250+0000: 737.788: [GC [PSYoungGen: 151524K->1058K(149056K)] 287310K->136899K(836032K), 0.0043580 secs] [Times: user=0.01 sys=0.00, real=0.00 secs] 
2014-07-16T02:27:43.792+0000: 738.331: [GC [PSYoungGen: 149026K->1278K(146560K)] 284867K->137365K(833536K), 0.0056350 secs] [Times: user=0.03 sys=0.00, real=0.01 secs] 
2014-07-16T02:27:44.302+0000: 738.840: [GC [PSYoungGen: 146558K->598K(143360K)] 282645K->136765K(830336K), 0.0031150 secs] [Times: user=0.01 sys=0.01, real=0.00 secs] 
2014-07-16T02:27:44.856+0000: 739.395: [GC [PSYoungGen: 143318K->1168K(141440K)] 279485K->137423K(828416K), 0.0052840 secs] [Times: user=0.03 sys=0.00, real=0.00 secs] 
2014-07-16T02:27:45.328+0000: 739.866: [GC [PSYoungGen: 141392K->1054K(138880K)] 277647K->137381K(825856K), 0.0058550 secs] [Times: user=0.02 sys=0.01, real=0.00 secs] 
2014-07-16T02:27:45.816+0000: 740.355: [GC [PSYoungGen: 138828K->808K(136256K)] 275156K->137255K(823232K), 0.0054650 secs] [Times: user=0.03 sys=0.01, real=0.01 secs] 
2014-07-16T02:27:46.305+0000: 740.843: [GC [PSYoungGen: 136232K->766K(133888K)] 272679K->137285K(820864K), 0.0034240 secs] [Times: user=0.02 sys=0.01, real=0.01 secs] 
2014-07-16T02:27:46.787+0000: 741.326: [GC [PSYoungGen: 133886K->616K(160384K)] 270405K->137183K(847360K), 0.0073800 secs] [Times: user=0.03 sys=0.00, real=0.00 secs] 
2014-07-16T02:27:47.364+0000: 741.902: [GC [PSYoungGen: 160360K->598K(157376K)] 296927K->137229K(844352K), 0.0035030 secs] [Times: user=0.01 sys=0.00, real=0.01 secs] 
2014-07-16T02:27:48.006+0000: 742.545: [GC [PSYoungGen: 157334K->940K(154752K)] 293965K->137643K(841728K), 0.0051520 secs] [Times: user=0.03 sys=0.00, real=0.01 secs] 
2014-07-16T02:27:48.536+0000: 743.074: [GC [PSYoungGen: 154732K->844K(185472K)] 291435K->137627K(872448K), 0.0076170 secs] [Times: user=0.05 sys=0.00, real=0.01 secs] 
2014-07-16T02:27:49.180+0000: 743.719: [GC [PSYoungGen: 185420K->822K(181568K)] 322203K->137709K(868544K), 0.0047080 secs] [Times: user=0.02 sys=0.00, real=0.00 secs] 
2014-07-16T02:27:49.840+0000: 744.379: [GC [PSYoungGen: 181558K->1392K(178432K)] 318445K->138391K(865408K), 0.0080040 secs] [Times: user=0.04 sys=0.00, real=0.01 secs] 
2014-07-16T02:27:50.475+0000: 745.014: [GC [PSYoungGen: 178416K->612K(174080K)] 315415K->137795K(861056K), 0.0056210 secs] [Times: user=0.03 sys=0.01, real=0.01 secs] 
2014-07-16T02:27:51.110+0000: 745.649: [GC [PSYoungGen: 174050K->1000K(171008K)] 311234K->138287K(857984K), 0.0054440 secs] [Times: user=0.03 sys=0.01, real=0.00 secs] 
2014-07-16T02:27:51.715+0000: 746.253: [GC [PSYoungGen: 170984K->1054K(167744K)] 308271K->138429K(854720K), 0.0035320 secs] [Times: user=0.01 sys=0.00, real=0.01 secs] 
2014-07-16T02:27:52.312+0000: 746.851: [GC [PSYoungGen: 167677K->1078K(164480K)] 305053K->138533K(851456K), 0.0051740 secs] [Times: user=0.03 sys=0.00, real=0.01 secs] 
2014-07-16T02:27:52.893+0000: 747.432: [GC [PSYoungGen: 164470K->812K(161088K)] 301925K->138661K(848064K), 0.0041820 secs] [Times: user=0.03 sys=0.00, real=0.01 secs] 
2014-07-16T02:27:53.508+0000: 748.047: [GC [PSYoungGen: 161068K->758K(157952K)] 298917K->138695K(844928K), 0.0041610 secs] [Times: user=0.02 sys=0.00, real=0.00 secs] 
2014-07-16T02:27:54.075+0000: 748.614: [GC [PSYoungGen: 157940K->890K(155136K)] 295878K->138891K(842112K), 0.0075160 secs] [Times: user=0.04 sys=0.00, real=0.01 secs] 
2014-07-16T02:27:54.637+0000: 749.176: [GC [PSYoungGen: 155087K->876K(185984K)] 293089K->138949K(872960K), 0.0126900 secs] [Times: user=0.07 sys=0.01, real=0.02 secs] 
2014-07-16T02:27:55.334+0000: 749.873: [GC [PSYoungGen: 185964K->708K(222912K)] 324037K->138821K(909888K), 0.0034540 secs] [Times: user=0.01 sys=0.00, real=0.00 secs] 
2014-07-16T02:27:56.127+0000: 750.666: [GC [PSYoungGen: 222852K->480K(217536K)] 360965K->138657K(904512K), 0.0051860 secs] [Times: user=0.03 sys=0.00, real=0.01 secs] 
2014-07-16T02:27:56.907+0000: 751.446: [GC [PSYoungGen: 217504K->466K(212608K)] 355681K->138699K(899584K), 0.0038230 secs] [Times: user=0.02 sys=0.00, real=0.01 secs] 
2014-07-16T02:27:57.659+0000: 752.198: [GC [PSYoungGen: 212562K->830K(208192K)] 350795K->139143K(895168K), 0.0035400 secs] [Times: user=0.02 sys=0.00, real=0.00 secs] 
2014-07-16T02:27:58.471+0000: 753.010: [GC [PSYoungGen: 208190K->858K(203648K)] 346503K->139251K(890624K), 0.0067290 secs] [Times: user=0.03 sys=0.01, real=0.00 secs] 
2014-07-16T02:27:59.222+0000: 753.760: [GC [PSYoungGen: 203610K->434K(198784K)] 342003K->138859K(885760K), 0.0041780 secs] [Times: user=0.02 sys=0.00, real=0.00 secs] 
2014-07-16T02:27:59.936+0000: 754.475: [GC [PSYoungGen: 198745K->712K(194816K)] 337171K->139225K(881792K), 0.0037230 secs] [Times: user=0.01 sys=0.00, real=0.01 secs] 
2014-07-16T02:28:00.651+0000: 755.190: [GC [PSYoungGen: 194760K->1040K(190976K)] 333273K->139609K(877952K), 0.0045540 secs] [Times: user=0.02 sys=0.00, real=0.00 secs] 
2014-07-16T02:28:01.321+0000: 755.859: [GC [PSYoungGen: 190928K->876K(186816K)] 329497K->139863K(873792K), 0.0062200 secs] [Times: user=0.04 sys=0.00, real=0.00 secs] 
2014-07-16T02:28:01.988+0000: 756.526: [GC [PSYoungGen: 186794K->1072K(183168K)] 325782K->140131K(870144K), 0.0044420 secs] [Times: user=0.02 sys=0.00, real=0.01 secs] 
2014-07-16T02:28:02.669+0000: 757.208: [GC [PSYoungGen: 183108K->1068K(179456K)] 322167K->140374K(866432K), 0.0035580 secs] [Times: user=0.02 sys=0.00, real=0.00 secs] 
2014-07-16T02:28:03.355+0000: 757.894: [GC [PSYoungGen: 179423K->1144K(175936K)] 318729K->140506K(862912K), 0.0056770 secs] [Times: user=0.03 sys=0.00, real=0.01 secs] 
2014-07-16T02:28:03.967+0000: 758.506: [GC [PSYoungGen: 175874K->880K(172160K)] 315236K->140504K(859136K), 0.0032370 secs] [Times: user=0.01 sys=0.00, real=0.01 secs] 
2014-07-16T02:28:04.575+0000: 759.114: [GC [PSYoungGen: 172130K->594K(168512K)] 311754K->140297K(855488K), 0.0044570 secs] [Times: user=0.02 sys=0.00, real=0.01 secs] 
2014-07-16T02:28:05.172+0000: 759.710: [GC [PSYoungGen: 168466K->908K(165568K)] 308169K->140692K(852544K), 0.0032730 secs] [Times: user=0.01 sys=0.00, real=0.00 secs] 
2014-07-16T02:28:05.777+0000: 760.316: [GC [PSYoungGen: 165457K->1194K(162624K)] 305241K->141042K(849600K), 0.0051480 secs] [Times: user=0.02 sys=0.01, real=0.01 secs] 
2014-07-16T02:28:06.332+0000: 760.870: [GC [PSYoungGen: 162602K->894K(159232K)] 302450K->140830K(846208K), 0.0030780 secs] [Times: user=0.01 sys=0.00, real=0.00 secs] 
2014-07-16T02:28:06.899+0000: 761.438: [GC [PSYoungGen: 159230K->1166K(156544K)] 299166K->141158K(843520K), 0.0042620 secs] [Times: user=0.02 sys=0.00, real=0.01 secs] 
2014-07-16T02:28:07.447+0000: 761.986: [GC [PSYoungGen: 156494K->830K(153280K)] 296486K->140918K(840256K), 0.0046770 secs] [Times: user=0.02 sys=0.00, real=0.01 secs] 
2014-07-16T02:28:08.008+0000: 762.547: [GC [PSYoungGen: 153278K->768K(150400K)] 293366K->140911K(837376K), 0.0045630 secs] [Times: user=0.01 sys=0.01, real=0.01 secs] 
2014-07-16T02:28:08.610+0000: 763.149: [GC [PSYoungGen: 150400K->402K(147392K)] 290543K->140601K(834368K), 0.0059870 secs] [Times: user=0.03 sys=0.01, real=0.00 secs] 
2014-07-16T02:28:09.139+0000: 763.678: [GC [PSYoungGen: 147318K->602K(144960K)] 287518K->140834K(831936K), 0.0045860 secs] [Times: user=0.02 sys=0.00, real=0.01 secs] 
2014-07-16T02:28:09.657+0000: 764.195: [GC [PSYoungGen: 144922K->662K(142464K)] 285154K->140958K(829440K), 0.0029260 secs] [Times: user=0.01 sys=0.00, real=0.00 secs] 
2014-07-16T02:28:10.166+0000: 764.705: [GC [PSYoungGen: 142414K->538K(139840K)] 282710K->140858K(826816K), 0.0076770 secs] [Times: user=0.05 sys=0.00, real=0.01 secs] 
2014-07-16T02:28:10.684+0000: 765.223: [GC [PSYoungGen: 139757K->1450K(138304K)] 280077K->141922K(825280K), 0.0036360 secs] [Times: user=0.02 sys=0.00, real=0.00 secs] 
2014-07-16T02:28:11.195+0000: 765.734: [GC [PSYoungGen: 138282K->1158K(135680K)] 278754K->141694K(822656K), 0.0044630 secs] [Times: user=0.02 sys=0.00, real=0.00 secs] 
2014-07-16T02:28:11.654+0000: 766.193: [GC [PSYoungGen: 135606K->812K(132992K)] 276142K->141478K(819968K), 0.0032000 secs] [Times: user=0.01 sys=0.00, real=0.00 secs] 
2014-07-16T02:28:12.133+0000: 766.672: [GC [PSYoungGen: 132972K->844K(130880K)] 273638K->141614K(817856K), 0.0051080 secs] [Times: user=0.03 sys=0.00, real=0.00 secs] 
2014-07-16T02:28:12.594+0000: 767.133: [GC [PSYoungGen: 130828K->740K(128576K)] 271598K->141606K(815552K), 0.0050550 secs] [Times: user=0.02 sys=0.01, real=0.00 secs] 
2014-07-16T02:28:13.071+0000: 767.609: [GC [PSYoungGen: 128548K->1386K(127104K)] 269414K->142332K(814080K), 0.0063130 secs] [Times: user=0.04 sys=0.00, real=0.00 secs] 
2014-07-16T02:28:13.623+0000: 768.161: [GC [PSYoungGen: 127082K->666K(151552K)] 268028K->141644K(838528K), 0.0067240 secs] [Times: user=0.04 sys=0.00, real=0.00 secs] 
2014-07-16T02:28:14.158+0000: 768.697: [GC [PSYoungGen: 151504K->980K(149120K)] 292482K->142006K(836096K), 0.0039630 secs] [Times: user=0.02 sys=0.01, real=0.01 secs] 
2014-07-16T02:28:14.712+0000: 769.251: [GC [PSYoungGen: 149076K->1154K(146624K)] 290102K->142284K(833600K), 0.0040930 secs] [Times: user=0.03 sys=0.00, real=0.00 secs] 
2014-07-16T02:28:15.211+0000: 769.750: [GC [PSYoungGen: 146562K->1376K(144256K)] 287692K->142618K(831232K), 0.0033590 secs] [Times: user=0.01 sys=0.00, real=0.00 secs] 
2014-07-16T02:28:15.736+0000: 770.275: [GC [PSYoungGen: 144224K->612K(140992K)] 285466K->141926K(827968K), 0.0058700 secs] [Times: user=0.04 sys=0.00, real=0.01 secs] 
2014-07-16T02:28:16.308+0000: 770.847: [GC [PSYoungGen: 140964K->912K(138880K)] 282278K->142314K(825856K), 0.0044540 secs] [Times: user=0.02 sys=0.00, real=0.01 secs] 
2014-07-16T02:28:16.779+0000: 771.317: [GC [PSYoungGen: 138828K->894K(136448K)] 280229K->142384K(823424K), 0.0045060 secs] [Times: user=0.02 sys=0.00, real=0.01 secs] 
2014-07-16T02:28:17.258+0000: 771.796: [GC [PSYoungGen: 136446K->548K(133824K)] 277936K->142134K(820800K), 0.0048150 secs] [Times: user=0.03 sys=0.00, real=0.01 secs] 
2014-07-16T02:28:17.737+0000: 772.276: [GC [PSYoungGen: 133794K->676K(131712K)] 275380K->142358K(818688K), 0.0036370 secs] [Times: user=0.01 sys=0.00, real=0.00 secs] 
2014-07-16T02:28:18.218+0000: 772.756: [GC [PSYoungGen: 131681K->626K(129472K)] 273363K->142372K(816448K), 0.0070560 secs] [Times: user=0.04 sys=0.00, real=0.01 secs] 
2014-07-16T02:28:18.732+0000: 773.271: [GC [PSYoungGen: 129458K->822K(127552K)] 271204K->142664K(814528K), 0.0047210 secs] [Times: user=0.03 sys=0.00, real=0.00 secs] 
2014-07-16T02:28:19.187+0000: 773.726: [GC [PSYoungGen: 127542K->658K(125376K)] 269384K->142596K(812352K), 0.0052970 secs] [Times: user=0.03 sys=0.00, real=0.01 secs] 
2014-07-16T02:28:19.633+0000: 774.172: [GC [PSYoungGen: 125330K->894K(150528K)] 267268K->142896K(837504K), 0.0054520 secs] [Times: user=0.03 sys=0.00, real=0.00 secs] 
2014-07-16T02:28:20.170+0000: 774.709: [GC [PSYoungGen: 150523K->1312K(148288K)] 292525K->143402K(835264K), 0.0041670 secs] [Times: user=0.02 sys=0.00, real=0.01 secs] 
2014-07-16T02:28:20.698+0000: 775.236: [GC [PSYoungGen: 148256K->594K(144960K)] 290346K->142756K(831936K), 0.0040600 secs] [Times: user=0.03 sys=0.00, real=0.00 secs] 
2014-07-16T02:28:21.213+0000: 775.752: [GC [PSYoungGen: 144914K->448K(142208K)] 287076K->142665K(829184K), 0.0040150 secs] [Times: user=0.02 sys=0.00, real=0.00 secs] 
2014-07-16T02:28:21.731+0000: 776.269: [GC [PSYoungGen: 142208K->1004K(140288K)] 284425K->143318K(827264K), 0.0049550 secs] [Times: user=0.02 sys=0.00, real=0.01 secs] 
2014-07-16T02:28:22.231+0000: 776.770: [GC [PSYoungGen: 140268K->662K(137536K)] 282582K->143072K(824512K), 0.0045720 secs] [Times: user=0.03 sys=0.00, real=0.01 secs] 
2014-07-16T02:28:22.732+0000: 777.271: [GC [PSYoungGen: 137494K->466K(134976K)] 279904K->142932K(821952K), 0.0050520 secs] [Times: user=0.02 sys=0.01, real=0.00 secs] 
2014-07-16T02:28:23.206+0000: 777.745: [GC [PSYoungGen: 134896K->968K(133184K)] 277362K->143490K(820160K), 0.0044890 secs] [Times: user=0.01 sys=0.00, real=0.00 secs] 
2014-07-16T02:28:23.765+0000: 778.304: [GC [PSYoungGen: 133128K->1174K(131200K)] 275650K->143760K(818176K), 0.0044050 secs] [Times: user=0.01 sys=0.00, real=0.00 secs] 
2014-07-16T02:28:24.212+0000: 778.750: [GC [PSYoungGen: 131158K->996K(128832K)] 273744K->143662K(815808K), 0.0054100 secs] [Times: user=0.02 sys=0.00, real=0.01 secs] 
2014-07-16T02:28:24.680+0000: 779.219: [GC [PSYoungGen: 128794K->854K(126592K)] 271460K->143600K(813568K), 0.0037590 secs] [Times: user=0.02 sys=0.00, real=0.01 secs] 
2014-07-16T02:28:25.119+0000: 779.657: [GC [PSYoungGen: 126550K->1054K(124736K)] 269296K->143880K(811712K), 0.0049290 secs] [Times: user=0.02 sys=0.00, real=0.01 secs] 
2014-07-16T02:28:25.572+0000: 780.111: [GC [PSYoungGen: 124702K->640K(149056K)] 267528K->143561K(836032K), 0.0061680 secs] [Times: user=0.03 sys=0.00, real=0.00 secs] 
2014-07-16T02:28:26.117+0000: 780.656: [GC [PSYoungGen: 149056K->730K(178880K)] 291977K->143676K(865856K), 0.0088350 secs] [Times: user=0.05 sys=0.00, real=0.01 secs] 
2014-07-16T02:28:26.784+0000: 781.323: [GC [PSYoungGen: 178842K->776K(193408K)] 321788K->143802K(880384K), 0.0036460 secs] [Times: user=0.02 sys=0.00, real=0.00 secs] 
2014-07-16T02:28:27.475+0000: 782.014: [GC [PSYoungGen: 192677K->666K(188544K)] 335703K->143772K(875520K), 0.0035990 secs] [Times: user=0.02 sys=0.01, real=0.00 secs] 
2014-07-16T02:28:28.148+0000: 782.687: [GC [PSYoungGen: 188506K->766K(184704K)] 331612K->144000K(871680K), 0.0065300 secs] [Times: user=0.04 sys=0.00, real=0.01 secs] 
2014-07-16T02:28:28.862+0000: 783.401: [GC [PSYoungGen: 184702K->830K(180992K)] 327936K->144104K(867968K), 0.0048150 secs] [Times: user=0.01 sys=0.00, real=0.01 secs] 
2014-07-16T02:28:29.460+0000: 783.999: [GC [PSYoungGen: 180990K->608K(177152K)] 324264K->143977K(864128K), 0.0054460 secs] [Times: user=0.03 sys=0.00, real=0.01 secs] 
2014-07-16T02:28:30.095+0000: 784.634: [GC [PSYoungGen: 177120K->1254K(174208K)] 320489K->144736K(861184K), 0.0053540 secs] [Times: user=0.03 sys=0.00, real=0.00 secs] 
2014-07-16T02:28:30.727+0000: 785.266: [GC [PSYoungGen: 174182K->644K(170176K)] 317664K->144158K(857152K), 0.0040570 secs] [Times: user=0.01 sys=0.00, real=0.00 secs] 
2014-07-16T02:28:31.335+0000: 785.873: [GC [PSYoungGen: 170116K->672K(166848K)] 313630K->144249K(853824K), 0.0092820 secs] [Times: user=0.04 sys=0.01, real=0.01 secs] 
2014-07-16T02:28:31.936+0000: 786.475: [GC [PSYoungGen: 166816K->918K(163904K)] 310393K->144552K(850880K), 0.0033050 secs] [Times: user=0.02 sys=0.00, real=0.00 secs] 
2014-07-16T02:28:32.524+0000: 787.063: [GC [PSYoungGen: 163857K->676K(160512K)] 307491K->144390K(847488K), 0.0042110 secs] [Times: user=0.03 sys=0.00, real=0.00 secs] 
2014-07-16T02:28:33.105+0000: 787.644: [GC [PSYoungGen: 160484K->594K(157440K)] 304198K->144396K(844416K), 0.0045590 secs] [Times: user=0.02 sys=0.00, real=0.00 secs] 
2014-07-16T02:28:33.723+0000: 788.261: [GC [PSYoungGen: 157375K->694K(154560K)] 301177K->144568K(841536K), 0.0033720 secs] [Times: user=0.02 sys=0.00, real=0.01 secs] 
2014-07-16T02:28:34.231+0000: 788.769: [GC [PSYoungGen: 154549K->862K(151936K)] 298423K->144808K(838912K), 0.0027860 secs] [Times: user=0.01 sys=0.00, real=0.00 secs] 
2014-07-16T02:28:34.777+0000: 789.316: [GC [PSYoungGen: 151899K->580K(148928K)] 295845K->144558K(835904K), 0.0113640 secs] [Times: user=0.06 sys=0.00, real=0.01 secs] 
2014-07-16T02:28:35.284+0000: 789.822: [GC [PSYoungGen: 148868K->630K(178624K)] 292846K->144672K(865600K), 0.0067180 secs] [Times: user=0.04 sys=0.00, real=0.01 secs] 
2014-07-16T02:28:35.947+0000: 790.486: [GC [PSYoungGen: 178614K->672K(185792K)] 322656K->144801K(872768K), 0.0054330 secs] [Times: user=0.03 sys=0.00, real=0.00 secs] 
2014-07-16T02:28:36.671+0000: 791.209: [GC [PSYoungGen: 185238K->1196K(181952K)] 329368K->145464K(868928K), 0.0047160 secs] [Times: user=0.02 sys=0.00, real=0.01 secs] 
2014-07-16T02:28:37.273+0000: 791.811: [GC [PSYoungGen: 181932K->612K(177664K)] 326200K->144976K(864640K), 0.0074660 secs] [Times: user=0.04 sys=0.01, real=0.01 secs] 
2014-07-16T02:28:37.924+0000: 792.462: [GC [PSYoungGen: 177636K->972K(174464K)] 322000K->145408K(861440K), 0.0043960 secs] [Times: user=0.03 sys=0.00, real=0.01 secs] 
2014-07-16T02:28:38.552+0000: 793.091: [GC [PSYoungGen: 174412K->950K(170944K)] 318848K->145466K(857920K), 0.0050500 secs] [Times: user=0.02 sys=0.00, real=0.01 secs] 
2014-07-16T02:28:39.212+0000: 793.751: [GC [PSYoungGen: 170934K->766K(167424K)] 315450K->145426K(854400K), 0.0049960 secs] [Times: user=0.03 sys=0.01, real=0.01 secs] 
2014-07-16T02:28:39.791+0000: 794.330: [GC [PSYoungGen: 167404K->766K(164160K)] 312064K->145490K(851136K), 0.0050270 secs] [Times: user=0.02 sys=0.00, real=0.01 secs] 
2014-07-16T02:28:40.372+0000: 794.911: [GC [PSYoungGen: 164158K->890K(161152K)] 308882K->145686K(848128K), 0.0043440 secs] [Times: user=0.03 sys=0.00, real=0.01 secs] 
2014-07-16T02:28:40.953+0000: 795.492: [GC [PSYoungGen: 161146K->894K(158080K)] 305942K->145746K(845056K), 0.0041910 secs] [Times: user=0.01 sys=0.00, real=0.01 secs] 
2014-07-16T02:28:41.516+0000: 796.054: [GC [PSYoungGen: 158078K->594K(154880K)] 302930K->145518K(841856K), 0.0029250 secs] [Times: user=0.01 sys=0.00, real=0.00 secs] 
2014-07-16T02:28:42.093+0000: 796.632: [GC [PSYoungGen: 154834K->858K(152256K)] 299758K->145854K(839232K), 0.0087070 secs] [Times: user=0.05 sys=0.00, real=0.01 secs] 
2014-07-16T02:28:42.640+0000: 797.178: [GC [PSYoungGen: 152218K->762K(149376K)] 297214K->145846K(836352K), 0.0046340 secs] [Times: user=0.03 sys=0.00, real=0.00 secs] 
2014-07-16T02:28:43.169+0000: 797.708: [GC [PSYoungGen: 149320K->702K(146624K)] 294404K->145842K(833600K), 0.0058040 secs] [Times: user=0.03 sys=0.01, real=0.00 secs] 
2014-07-16T02:28:43.859+0000: 798.398: [GC [PSYoungGen: 146622K->996K(144320K)] 291762K->146232K(831296K), 0.0047490 secs] [Times: user=0.03 sys=0.00, real=0.00 secs] 
2014-07-16T02:28:44.305+0000: 798.843: [GC [PSYoungGen: 144249K->1276K(142016K)] 289485K->146674K(828992K), 0.0036080 secs] [Times: user=0.02 sys=0.00, real=0.01 secs] 
2014-07-16T02:28:44.812+0000: 799.351: [GC [PSYoungGen: 142012K->320K(138624K)] 287410K->146138K(825600K), 0.0072410 secs] [Times: user=0.04 sys=0.00, real=0.01 secs] 
2014-07-16T02:28:45.296+0000: 799.834: [GC [PSYoungGen: 138582K->484K(166528K)] 284400K->146374K(853504K), 0.0071960 secs] [Times: user=0.04 sys=0.00, real=0.00 secs] 
2014-07-16T02:28:45.909+0000: 800.448: [GC [PSYoungGen: 166419K->1154K(200448K)] 312310K->147124K(887424K), 0.0049410 secs] [Times: user=0.03 sys=0.00, real=0.00 secs] 
2014-07-16T02:28:46.597+0000: 801.135: [GC [PSYoungGen: 200340K->748K(195712K)] 346310K->146742K(882688K), 0.0043190 secs] [Times: user=0.02 sys=0.00, real=0.00 secs] 
2014-07-16T02:28:47.338+0000: 801.877: [GC [PSYoungGen: 195692K->680K(191488K)] 341686K->146746K(878464K), 0.0028800 secs] [Times: user=0.02 sys=0.00, real=0.00 secs] 
2014-07-16T02:28:48.019+0000: 802.558: [GC [PSYoungGen: 191464K->848K(187648K)] 337530K->146978K(874624K), 0.0052500 secs] [Times: user=0.02 sys=0.00, real=0.00 secs] 
2014-07-16T02:28:48.691+0000: 803.230: [GC [PSYoungGen: 187600K->980K(183872K)] 333730K->147174K(870848K), 0.0076640 secs] [Times: user=0.05 sys=0.00, real=0.01 secs] 
2014-07-16T02:28:49.430+0000: 803.969: [GC [PSYoungGen: 183819K->1016K(180096K)] 330013K->147274K(867072K), 0.0037460 secs] [Times: user=0.02 sys=0.00, real=0.00 secs] 
2014-07-16T02:28:50.087+0000: 804.625: [GC [PSYoungGen: 180088K->804K(176256K)] 326346K->147198K(863232K), 0.0067250 secs] [Times: user=0.05 sys=0.00, real=0.00 secs] 
2014-07-16T02:28:50.704+0000: 805.243: [GC [PSYoungGen: 176228K->790K(172736K)] 322622K->147296K(859712K), 0.0068770 secs] [Times: user=0.04 sys=0.01, real=0.01 secs] 
2014-07-16T02:28:51.327+0000: 805.866: [GC [PSYoungGen: 172694K->562K(169088K)] 319200K->147140K(856064K), 0.0076220 secs] [Times: user=0.05 sys=0.00, real=0.00 secs] 
2014-07-16T02:28:51.930+0000: 806.468: [GC [PSYoungGen: 169035K->862K(166080K)] 315613K->147520K(853056K), 0.0034140 secs] [Times: user=0.02 sys=0.00, real=0.00 secs] 
2014-07-16T02:28:52.518+0000: 807.057: [GC [PSYoungGen: 165984K->662K(162688K)] 312642K->147408K(849664K), 0.0072590 secs] [Times: user=0.04 sys=0.01, real=0.00 secs] 
2014-07-16T02:28:53.104+0000: 807.642: [GC [PSYoungGen: 162646K->1004K(159936K)] 309392K->147862K(846912K), 0.0032430 secs] [Times: user=0.02 sys=0.00, real=0.01 secs] 
2014-07-16T02:28:53.659+0000: 808.198: [GC [PSYoungGen: 159916K->694K(156608K)] 306774K->147616K(843584K), 0.0040220 secs] [Times: user=0.01 sys=0.00, real=0.00 secs] 
2014-07-16T02:28:54.285+0000: 808.823: [GC [PSYoungGen: 156596K->858K(153920K)] 303519K->147852K(840896K), 0.0035790 secs] [Times: user=0.02 sys=0.00, real=0.01 secs] 
2014-07-16T02:28:54.832+0000: 809.371: [GC [PSYoungGen: 153882K->726K(150976K)] 300876K->147776K(837952K), 0.0058180 secs] [Times: user=0.02 sys=0.01, real=0.01 secs] 
2014-07-16T02:28:55.367+0000: 809.905: [GC [PSYoungGen: 150934K->598K(148096K)] 297984K->147712K(835072K), 0.0045350 secs] [Times: user=0.02 sys=0.00, real=0.01 secs] 
2014-07-16T02:28:55.898+0000: 810.437: [GC [PSYoungGen: 148054K->498K(145344K)] 295168K->147684K(832320K), 0.0049870 secs] [Times: user=0.02 sys=0.00, real=0.00 secs] 
2014-07-16T02:28:56.413+0000: 810.952: [GC [PSYoungGen: 145330K->1048K(143360K)] 292516K->148290K(830336K), 0.0062990 secs] [Times: user=0.03 sys=0.00, real=0.01 secs] 
2014-07-16T02:28:56.925+0000: 811.464: [GC [PSYoungGen: 143320K->576K(140352K)] 290562K->147914K(827328K), 0.0046720 secs] [Times: user=0.02 sys=0.01, real=0.01 secs] 
2014-07-16T02:28:57.432+0000: 811.971: [GC [PSYoungGen: 140352K->1262K(169024K)] 287690K->148704K(856000K), 0.0075200 secs] [Times: user=0.04 sys=0.00, real=0.01 secs] 
2014-07-16T02:28:58.074+0000: 812.613: [GC [PSYoungGen: 169006K->762K(197312K)] 316448K->148352K(884288K), 0.0074890 secs] [Times: user=0.04 sys=0.00, real=0.01 secs] 
2014-07-16T02:28:58.808+0000: 813.347: [GC [PSYoungGen: 197306K->676K(193024K)] 344896K->148346K(880000K), 0.0041790 secs] [Times: user=0.02 sys=0.01, real=0.00 secs] 
2014-07-16T02:28:59.512+0000: 814.051: [GC [PSYoungGen: 192996K->502K(188736K)] 340666K->148244K(875712K), 0.0062700 secs] [Times: user=0.04 sys=0.00, real=0.01 secs] 
2014-07-16T02:29:00.187+0000: 814.725: [GC [PSYoungGen: 188726K->1344K(185664K)] 336468K->149158K(872640K), 0.0034010 secs] [Times: user=0.01 sys=0.00, real=0.01 secs] 
2014-07-16T02:29:00.841+0000: 815.380: [GC [PSYoungGen: 185594K->784K(181248K)] 333408K->148654K(868224K), 0.0068580 secs] [Times: user=0.04 sys=0.00, real=0.00 secs] 
2014-07-16T02:29:01.529+0000: 816.067: [GC [PSYoungGen: 181129K->1228K(177984K)] 328999K->149178K(864960K), 0.0052570 secs] [Times: user=0.03 sys=0.00, real=0.00 secs] 
2014-07-16T02:29:02.158+0000: 816.697: [GC [PSYoungGen: 177932K->498K(173632K)] 325882K->148504K(860608K), 0.0036310 secs] [Times: user=0.02 sys=0.00, real=0.00 secs] 
2014-07-16T02:29:02.802+0000: 817.340: [GC [PSYoungGen: 173583K->894K(170560K)] 321589K->148988K(857536K), 0.0032190 secs] [Times: user=0.01 sys=0.00, real=0.00 secs] 
2014-07-16T02:29:03.400+0000: 817.939: [GC [PSYoungGen: 170558K->790K(167168K)] 318652K->148964K(854144K), 0.0044180 secs] [Times: user=0.02 sys=0.00, real=0.00 secs] 
2014-07-16T02:29:03.989+0000: 818.528: [GC [PSYoungGen: 167126K->790K(163968K)] 315300K->149036K(850944K), 0.0036520 secs] [Times: user=0.02 sys=0.00, real=0.00 secs] 
2014-07-16T02:29:04.578+0000: 819.117: [GC [PSYoungGen: 163888K->862K(160896K)] 312134K->149196K(847872K), 0.0065500 secs] [Times: user=0.04 sys=0.00, real=0.00 secs] 
2014-07-16T02:29:05.162+0000: 819.701: [GC [PSYoungGen: 160806K->790K(157824K)] 309141K->149156K(844800K), 0.0073330 secs] [Times: user=0.02 sys=0.00, real=0.01 secs] 
2014-07-16T02:29:05.750+0000: 820.289: [GC [PSYoungGen: 157780K->530K(154624K)] 306146K->148976K(841600K), 0.0040990 secs] [Times: user=0.03 sys=0.00, real=0.00 secs] 
2014-07-16T02:29:06.306+0000: 820.845: [GC [PSYoungGen: 154532K->694K(151872K)] 302978K->149212K(838848K), 0.0029430 secs] [Times: user=0.01 sys=0.00, real=0.01 secs] 
2014-07-16T02:29:06.842+0000: 821.381: [GC [PSYoungGen: 151861K->666K(149120K)] 300380K->149248K(836096K), 0.0059190 secs] [Times: user=0.04 sys=0.00, real=0.00 secs] 
2014-07-16T02:29:07.412+0000: 821.950: [GC [PSYoungGen: 149082K->1072K(146816K)] 297664K->149710K(833792K), 0.0078810 secs] [Times: user=0.04 sys=0.00, real=0.01 secs] 
2014-07-16T02:29:07.937+0000: 822.476: [GC [PSYoungGen: 146800K->816K(143936K)] 295438K->149788K(830912K), 0.0050540 secs] [Times: user=0.03 sys=0.00, real=0.01 secs] 
2014-07-16T02:29:08.446+0000: 822.984: [GC [PSYoungGen: 143893K->962K(141632K)] 292866K->150046K(828608K), 0.0025920 secs] [Times: user=0.02 sys=0.00, real=0.00 secs] 
2014-07-16T02:29:08.968+0000: 823.507: [GC [PSYoungGen: 141549K->1016K(139200K)] 290633K->150124K(826176K), 0.0070710 secs] [Times: user=0.01 sys=0.00, real=0.02 secs] 
2014-07-16T02:29:09.596+0000: 824.134: [GC [PSYoungGen: 139191K->1140K(136960K)] 288299K->150320K(823936K), 0.0048890 secs] [Times: user=0.02 sys=0.00, real=0.01 secs] 
2014-07-16T02:29:10.080+0000: 824.619: [GC [PSYoungGen: 136948K->580K(163648K)] 286128K->149824K(850624K), 0.0088470 secs] [Times: user=0.05 sys=0.00, real=0.01 secs] 
2014-07-16T02:29:10.667+0000: 825.205: [GC [PSYoungGen: 163588K->690K(160576K)] 312832K->150046K(847552K), 0.0037920 secs] [Times: user=0.02 sys=0.00, real=0.01 secs] 
2014-07-16T02:29:11.238+0000: 825.777: [GC [PSYoungGen: 160562K->790K(157696K)] 309918K->150242K(844672K), 0.0054740 secs] [Times: user=0.03 sys=0.00, real=0.01 secs] 
2014-07-16T02:29:11.802+0000: 826.340: [GC [PSYoungGen: 157654K->876K(154816K)] 307106K->150384K(841792K), 0.0049190 secs] [Times: user=0.02 sys=0.00, real=0.00 secs] 
2014-07-16T02:29:12.353+0000: 826.892: [GC [PSYoungGen: 154796K->580K(151744K)] 304304K->150152K(838720K), 0.0058830 secs] [Times: user=0.03 sys=0.00, real=0.01 secs] 
2014-07-16T02:29:12.890+0000: 827.429: [GC [PSYoungGen: 151684K->754K(149120K)] 301256K->150430K(836096K), 0.0048680 secs] [Times: user=0.03 sys=0.00, real=0.00 secs] 
2014-07-16T02:29:13.419+0000: 827.958: [GC [PSYoungGen: 149106K->630K(146304K)] 298782K->150378K(833280K), 0.0036960 secs] [Times: user=0.02 sys=0.01, real=0.01 secs] 
2014-07-16T02:29:13.957+0000: 828.496: [GC [PSYoungGen: 146294K->918K(144000K)] 296042K->150738K(830976K), 0.0037830 secs] [Times: user=0.02 sys=0.00, real=0.01 secs] 
2014-07-16T02:29:14.523+0000: 829.062: [GC [PSYoungGen: 143935K->1016K(141568K)] 293756K->151146K(828544K), 0.0032490 secs] [Times: user=0.02 sys=0.00, real=0.00 secs] 
2014-07-16T02:29:15.024+0000: 829.563: [GC [PSYoungGen: 141521K->894K(139008K)] 291651K->151104K(825984K), 0.0064710 secs] [Times: user=0.04 sys=0.00, real=0.01 secs] 
2014-07-16T02:29:15.527+0000: 830.066: [GC [PSYoungGen: 139006K->1076K(136832K)] 289216K->151508K(823808K), 0.0057450 secs] [Times: user=0.04 sys=0.00, real=0.01 secs] 
2014-07-16T02:29:16.012+0000: 830.550: [GC [PSYoungGen: 136792K->794K(134272K)] 287224K->151306K(821248K), 0.0035120 secs] [Times: user=0.02 sys=0.00, real=0.00 secs] 
2014-07-16T02:29:16.504+0000: 831.042: [GC [PSYoungGen: 134226K->626K(131840K)] 284738K->151210K(818816K), 0.0068470 secs] [Times: user=0.04 sys=0.00, real=0.01 secs] 
2014-07-16T02:29:16.972+0000: 831.511: [GC [PSYoungGen: 131768K->930K(158400K)] 282353K->151586K(845376K), 0.0054130 secs] [Times: user=0.03 sys=0.00, real=0.00 secs] 
2014-07-16T02:29:17.603+0000: 832.141: [GC [PSYoungGen: 158365K->950K(155456K)] 309022K->151686K(842432K), 0.0044550 secs] [Times: user=0.03 sys=0.01, real=0.00 secs] 
2014-07-16T02:29:18.109+0000: 832.648: [GC [PSYoungGen: 155439K->904K(152576K)] 306176K->151720K(839552K), 0.0040580 secs] [Times: user=0.02 sys=0.00, real=0.01 secs] 
2014-07-16T02:29:18.657+0000: 833.195: [GC [PSYoungGen: 152504K->534K(149440K)] 303320K->151414K(836416K), 0.0051850 secs] [Times: user=0.03 sys=0.01, real=0.01 secs] 
2014-07-16T02:29:19.187+0000: 833.725: [GC [PSYoungGen: 149398K->772K(147008K)] 300278K->151732K(833984K), 0.0035100 secs] [Times: user=0.01 sys=0.01, real=0.01 secs] 
2014-07-16T02:29:19.776+0000: 834.314: [GC [PSYoungGen: 146945K->466K(144064K)] 297905K->151522K(831040K), 0.0038780 secs] [Times: user=0.02 sys=0.00, real=0.00 secs] 
2014-07-16T02:29:20.290+0000: 834.829: [GC [PSYoungGen: 144018K->548K(141568K)] 295074K->151684K(828544K), 0.0047500 secs] [Times: user=0.03 sys=0.00, real=0.01 secs] 
2014-07-16T02:29:20.788+0000: 835.327: [GC [PSYoungGen: 141540K->644K(139264K)] 292676K->151868K(826240K), 0.0052040 secs] [Times: user=0.03 sys=0.00, real=0.01 secs] 
2014-07-16T02:29:21.291+0000: 835.829: [GC [PSYoungGen: 139156K->662K(136896K)] 290380K->151974K(823872K), 0.0033260 secs] [Times: user=0.02 sys=0.00, real=0.01 secs] 
2014-07-16T02:29:21.790+0000: 836.329: [GC [PSYoungGen: 136826K->402K(134336K)] 288139K->151770K(821312K), 0.0053690 secs] [Times: user=0.03 sys=0.00, real=0.01 secs] 
2014-07-16T02:29:22.279+0000: 836.818: [GC [PSYoungGen: 134290K->908K(132608K)] 285658K->152356K(819584K), 0.0033990 secs] [Times: user=0.01 sys=0.00, real=0.01 secs] 
2014-07-16T02:29:22.770+0000: 837.309: [GC [PSYoungGen: 132556K->804K(130304K)] 284004K->152300K(817280K), 0.0075210 secs] [Times: user=0.04 sys=0.00, real=0.01 secs] 
2014-07-16T02:29:23.225+0000: 837.764: [GC [PSYoungGen: 130228K->1130K(128512K)] 281725K->152698K(815488K), 0.0034430 secs] [Times: user=0.01 sys=0.00, real=0.00 secs] 
2014-07-16T02:29:23.684+0000: 838.222: [GC [PSYoungGen: 128490K->624K(125952K)] 280058K->152650K(812928K), 0.0038030 secs] [Times: user=0.02 sys=0.00, real=0.00 secs] 
2014-07-16T02:29:24.142+0000: 838.681: [GC [PSYoungGen: 125936K->1104K(124416K)] 277962K->153194K(811392K), 0.0048940 secs] [Times: user=0.03 sys=0.00, real=0.00 secs] 
2014-07-16T02:29:24.662+0000: 839.201: [GC [PSYoungGen: 124284K->908K(148928K)] 276374K->153170K(835904K), 0.0104980 secs] [Times: user=0.06 sys=0.00, real=0.01 secs] 
2014-07-16T02:29:25.188+0000: 839.726: [GC [PSYoungGen: 148850K->1054K(172160K)] 301112K->153356K(859136K), 0.0043720 secs] [Times: user=0.01 sys=0.00, real=0.01 secs] 
2014-07-16T02:29:25.825+0000: 840.363: [GC [PSYoungGen: 171686K->1354K(178944K)] 323989K->153712K(865920K), 0.0068150 secs] [Times: user=0.02 sys=0.00, real=0.01 secs] 
2014-07-16T02:29:26.469+0000: 841.008: [GC [PSYoungGen: 178784K->1026K(174976K)] 331142K->153456K(861952K), 0.0048250 secs] [Times: user=0.03 sys=0.00, real=0.01 secs] 
2014-07-16T02:29:27.096+0000: 841.635: [GC [PSYoungGen: 174912K->562K(177600K)] 327343K->153128K(864576K), 0.0067080 secs] [Times: user=0.04 sys=0.00, real=0.01 secs] 
2014-07-16T02:29:27.789+0000: 842.328: [GC [PSYoungGen: 177515K->1126K(174592K)] 330082K->153748K(861568K), 0.0057190 secs] [Times: user=0.03 sys=0.00, real=0.01 secs] 
2014-07-16T02:29:28.373+0000: 842.912: [GC [PSYoungGen: 174566K->434K(170432K)] 327188K->153136K(857408K), 0.0050340 secs] [Times: user=0.03 sys=0.00, real=0.00 secs] 
2014-07-16T02:29:28.976+0000: 843.515: [GC [PSYoungGen: 170402K->880K(167552K)] 323104K->153630K(854528K), 0.0063580 secs] [Times: user=0.04 sys=0.00, real=0.01 secs] 
2014-07-16T02:29:29.638+0000: 844.177: [GC [PSYoungGen: 167521K->1326K(164736K)] 320272K->154148K(851712K), 0.0076710 secs] [Times: user=0.04 sys=0.00, real=0.01 secs] 
2014-07-16T02:29:30.186+0000: 844.725: [GC [PSYoungGen: 164696K->880K(176448K)] 317519K->153750K(863424K), 0.0158890 secs] [Times: user=0.09 sys=0.00, real=0.02 secs] 
2014-07-16T02:29:30.792+0000: 845.331: [GC [PSYoungGen: 175716K->972K(197632K)] 328587K->153914K(884608K), 0.0066220 secs] [Times: user=0.03 sys=0.00, real=0.00 secs] 
2014-07-16T02:29:31.491+0000: 846.030: [GC [PSYoungGen: 197068K->584K(197632K)] 350010K->153590K(884608K), 0.0057490 secs] [Times: user=0.04 sys=0.00, real=0.01 secs] 
2014-07-16T02:29:32.212+0000: 846.750: [GC [PSYoungGen: 196680K->576K(236864K)] 349686K->153630K(923840K), 0.0085230 secs] [Times: user=0.04 sys=0.00, real=0.01 secs] 
2014-07-16T02:29:33.045+0000: 847.584: [GC [PSYoungGen: 235873K->1144K(236864K)] 388928K->154262K(923840K), 0.0058670 secs] [Times: user=0.02 sys=0.01, real=0.00 secs] 
2014-07-16T02:29:33.883+0000: 848.422: [GC [PSYoungGen: 236472K->990K(230784K)] 389590K->154220K(917760K), 0.0034040 secs] [Times: user=0.01 sys=0.00, real=0.00 secs] 
2014-07-16T02:29:34.765+0000: 849.303: [GC [PSYoungGen: 230750K->886K(225280K)] 383980K->154172K(912256K), 0.0051810 secs] [Times: user=0.02 sys=0.00, real=0.00 secs] 
2014-07-16T02:29:35.533+0000: 850.072: [GC [PSYoungGen: 225270K->858K(220096K)] 378556K->154216K(907072K), 0.0036090 secs] [Times: user=0.01 sys=0.01, real=0.00 secs] 
2014-07-16T02:29:36.316+0000: 850.855: [GC [PSYoungGen: 220058K->1404K(215616K)] 373416K->154850K(902592K), 0.0061250 secs] [Times: user=0.03 sys=0.00, real=0.00 secs] 
2014-07-16T02:29:37.110+0000: 851.649: [GC [PSYoungGen: 215599K->562K(209984K)] 369045K->154120K(896960K), 0.0078270 secs] [Times: user=0.05 sys=0.00, real=0.01 secs] 
2014-07-16T02:29:37.858+0000: 852.396: [GC [PSYoungGen: 209884K->712K(205504K)] 363443K->154358K(892480K), 0.0049290 secs] [Times: user=0.02 sys=0.00, real=0.00 secs] 
2014-07-16T02:29:38.615+0000: 853.154: [GC [PSYoungGen: 205447K->830K(201088K)] 359093K->154582K(888064K), 0.0059310 secs] [Times: user=0.03 sys=0.00, real=0.00 secs] 
2014-07-16T02:29:39.354+0000: 853.893: [GC [PSYoungGen: 201086K->766K(196672K)] 354838K->154574K(883648K), 0.0058180 secs] [Times: user=0.03 sys=0.00, real=0.00 secs] 
2014-07-16T02:29:40.137+0000: 854.676: [GC [PSYoungGen: 196620K->1376K(193088K)] 350428K->155488K(880064K), 0.0041070 secs] [Times: user=0.01 sys=0.00, real=0.00 secs] 
2014-07-16T02:29:40.782+0000: 855.321: [GC [PSYoungGen: 193056K->1318K(188992K)] 347168K->155494K(875968K), 0.0055680 secs] [Times: user=0.02 sys=0.00, real=0.01 secs] 
2014-07-16T02:29:41.450+0000: 855.989: [GC [PSYoungGen: 188958K->630K(184384K)] 343134K->155270K(871360K), 0.0071150 secs] [Times: user=0.05 sys=0.00, real=0.01 secs] 
2014-07-16T02:29:42.109+0000: 856.648: [GC [PSYoungGen: 184374K->1062K(181056K)] 339014K->155798K(868032K), 0.0029260 secs] [Times: user=0.02 sys=0.01, real=0.00 secs] 
2014-07-16T02:29:42.768+0000: 857.306: [GC [PSYoungGen: 181030K->484K(176832K)] 335766K->155284K(863808K), 0.0043350 secs] [Times: user=0.01 sys=0.01, real=0.00 secs] 
2014-07-16T02:29:43.427+0000: 857.966: [GC [PSYoungGen: 176794K->1030K(173888K)] 331594K->155894K(860864K), 0.0039150 secs] [Times: user=0.01 sys=0.00, real=0.00 secs] 
2014-07-16T02:29:44.053+0000: 858.592: [GC [PSYoungGen: 173830K->1290K(170688K)] 328694K->156202K(857664K), 0.0089620 secs] [Times: user=0.05 sys=0.00, real=0.01 secs] 
2014-07-16T02:29:44.660+0000: 859.199: [GC [PSYoungGen: 170630K->598K(166656K)] 325543K->155574K(853632K), 0.0055210 secs] [Times: user=0.02 sys=0.01, real=0.01 secs] 
2014-07-16T02:29:45.270+0000: 859.809: [GC [PSYoungGen: 166588K->534K(163392K)] 321564K->155558K(850368K), 0.0037860 secs] [Times: user=0.01 sys=0.00, real=0.01 secs] 
2014-07-16T02:29:45.899+0000: 860.438: [GC [PSYoungGen: 163350K->1358K(196800K)] 318374K->156438K(883776K), 0.0109370 secs] [Times: user=0.07 sys=0.00, real=0.01 secs] 
2014-07-16T02:29:46.586+0000: 861.125: [GC [PSYoungGen: 196750K->640K(191872K)] 351830K->155800K(878848K), 0.0060980 secs] [Times: user=0.04 sys=0.00, real=0.00 secs] 
2014-07-16T02:29:47.287+0000: 861.826: [GC [PSYoungGen: 191872K->580K(187840K)] 347032K->155804K(874816K), 0.0033090 secs] [Times: user=0.01 sys=0.00, real=0.00 secs] 
2014-07-16T02:29:47.960+0000: 862.499: [GC [PSYoungGen: 187780K->808K(184128K)] 343004K->156128K(871104K), 0.0072800 secs] [Times: user=0.04 sys=0.00, real=0.01 secs] 
2014-07-16T02:29:48.691+0000: 863.230: [GC [PSYoungGen: 184104K->1272K(221248K)] 339424K->156664K(908224K), 0.0098980 secs] [Times: user=0.05 sys=0.00, real=0.01 secs] 
2014-07-16T02:29:49.414+0000: 863.952: [GC [PSYoungGen: 221240K->858K(264896K)] 376632K->156306K(951872K), 0.0085800 secs] [Times: user=0.05 sys=0.00, real=0.01 secs] 
2014-07-16T02:29:50.392+0000: 864.931: [GC [PSYoungGen: 264827K->790K(258176K)] 420275K->156326K(945152K), 0.0061890 secs] [Times: user=0.04 sys=0.00, real=0.01 secs] 
2014-07-16T02:29:51.316+0000: 865.854: [GC [PSYoungGen: 258072K->948K(251904K)] 413609K->156540K(938880K), 0.0071080 secs] [Times: user=0.04 sys=0.00, real=0.00 secs] 
2014-07-16T02:29:52.226+0000: 866.764: [GC [PSYoungGen: 251892K->566K(245376K)] 407484K->156214K(932352K), 0.0060490 secs] [Times: user=0.04 sys=0.00, real=0.00 secs] 
2014-07-16T02:29:53.124+0000: 867.663: [GC [PSYoungGen: 245366K->1260K(240128K)] 401014K->156948K(927104K), 0.0130120 secs] [Times: user=0.06 sys=0.01, real=0.02 secs] 
2014-07-16T02:29:53.981+0000: 868.520: [GC [PSYoungGen: 240052K->744K(233920K)] 395740K->156504K(920896K), 0.0054820 secs] [Times: user=0.03 sys=0.00, real=0.01 secs] 
2014-07-16T02:29:54.818+0000: 869.357: [GC [PSYoungGen: 233896K->580K(228288K)] 389656K->156420K(915264K), 0.0031510 secs] [Times: user=0.02 sys=0.00, real=0.00 secs] 
2014-07-16T02:29:55.697+0000: 870.236: [GC [PSYoungGen: 228227K->608K(222976K)] 384067K->156504K(909952K), 0.0126530 secs] [Times: user=0.06 sys=0.00, real=0.01 secs] 
2014-07-16T02:29:56.501+0000: 871.040: [GC [PSYoungGen: 222911K->1126K(218368K)] 378808K->157102K(905344K), 0.0049630 secs] [Times: user=0.02 sys=0.01, real=0.01 secs] 
2014-07-16T02:29:57.292+0000: 871.831: [GC [PSYoungGen: 218342K->958K(213248K)] 374318K->156998K(900224K), 0.0057540 secs] [Times: user=0.03 sys=0.00, real=0.01 secs] 
2014-07-16T02:29:58.047+0000: 872.585: [GC [PSYoungGen: 213246K->930K(208512K)] 369286K->157026K(895488K), 0.0057040 secs] [Times: user=0.04 sys=0.00, real=0.00 secs] 
2014-07-16T02:29:58.839+0000: 873.378: [GC [PSYoungGen: 208402K->794K(203776K)] 364498K->156930K(890752K), 0.0072540 secs] [Times: user=0.04 sys=0.00, real=0.01 secs] 
2014-07-16T02:29:59.553+0000: 874.092: [GC [PSYoungGen: 203738K->530K(199104K)] 359874K->156738K(886080K), 0.0048700 secs] [Times: user=0.02 sys=0.00, real=0.01 secs] 
2014-07-16T02:30:00.319+0000: 874.857: [GC [PSYoungGen: 199044K->1358K(195648K)] 355252K->157622K(882624K), 0.0058320 secs] [Times: user=0.04 sys=0.00, real=0.00 secs] 
2014-07-16T02:30:01.030+0000: 875.569: [GC [PSYoungGen: 195565K->822K(190912K)] 351830K->157150K(877888K), 0.0061140 secs] [Times: user=0.04 sys=0.00, real=0.00 secs] 
2014-07-16T02:30:01.707+0000: 876.246: [GC [PSYoungGen: 190902K->772K(186880K)] 347230K->157164K(873856K), 0.0059470 secs] [Times: user=0.03 sys=0.01, real=0.00 secs] 
2014-07-16T02:30:02.366+0000: 876.905: [GC [PSYoungGen: 186820K->740K(182976K)] 343212K->157204K(869952K), 0.0048970 secs] [Times: user=0.03 sys=0.00, real=0.01 secs] 
2014-07-16T02:30:03.021+0000: 877.560: [GC [PSYoungGen: 182948K->1458K(179968K)] 339412K->157994K(866944K), 0.0061440 secs] [Times: user=0.03 sys=0.00, real=0.01 secs] 
2014-07-16T02:30:03.666+0000: 878.205: [GC [PSYoungGen: 179948K->740K(214976K)] 336485K->157356K(901952K), 0.0106700 secs] [Times: user=0.06 sys=0.00, real=0.02 secs] 
2014-07-16T02:30:04.433+0000: 878.972: [GC [PSYoungGen: 214948K->766K(210176K)] 371564K->157438K(897152K), 0.0057780 secs] [Times: user=0.04 sys=0.00, real=0.01 secs] 
2014-07-16T02:30:05.270+0000: 879.809: [GC [PSYoungGen: 210173K->1296K(206080K)] 366845K->158040K(893056K), 0.0058560 secs] [Times: user=0.03 sys=0.01, real=0.00 secs] 
2014-07-16T02:30:06.024+0000: 880.563: [GC [PSYoungGen: 206015K->594K(200896K)] 362759K->157386K(887872K), 0.0075470 secs] [Times: user=0.06 sys=0.00, real=0.01 secs] 
2014-07-16T02:30:06.736+0000: 881.275: [GC [PSYoungGen: 200850K->580K(196544K)] 357642K->157468K(883520K), 0.0045940 secs] [Times: user=0.03 sys=0.00, real=0.01 secs] 
2014-07-16T02:30:07.456+0000: 881.995: [GC [PSYoungGen: 196484K->594K(235776K)] 353372K->157530K(922752K), 0.0112530 secs] [Times: user=0.06 sys=0.01, real=0.01 secs] 
2014-07-16T02:30:08.320+0000: 882.859: [GC [PSYoungGen: 235730K->1126K(230720K)] 392666K->158134K(917696K), 0.0054260 secs] [Times: user=0.03 sys=0.00, real=0.00 secs] 
2014-07-16T02:30:09.216+0000: 883.754: [GC [PSYoungGen: 230694K->978K(225216K)] 387702K->158082K(912192K), 0.0085650 secs] [Times: user=0.05 sys=0.01, real=0.01 secs] 
2014-07-16T02:30:10.009+0000: 884.547: [GC [PSYoungGen: 225170K->466K(219520K)] 382274K->157634K(906496K), 0.0059230 secs] [Times: user=0.04 sys=0.00, real=0.00 secs] 
2014-07-16T02:30:10.885+0000: 885.424: [GC [PSYoungGen: 219474K->786K(214848K)] 376642K->158010K(901824K), 0.0072860 secs] [Times: user=0.03 sys=0.00, real=0.01 secs] 
2014-07-16T02:30:11.656+0000: 886.194: [GC [PSYoungGen: 214798K->952K(210176K)] 372023K->158216K(897152K), 0.0043830 secs] [Times: user=0.01 sys=0.00, real=0.01 secs] 
2014-07-16T02:30:12.411+0000: 886.950: [GC [PSYoungGen: 210168K->822K(205376K)] 367432K->158150K(892352K), 0.0083130 secs] [Times: user=0.05 sys=0.00, real=0.01 secs] 
2014-07-16T02:30:13.143+0000: 887.682: [GC [PSYoungGen: 205292K->580K(200704K)] 362620K->157956K(887680K), 0.0064040 secs] [Times: user=0.03 sys=0.00, real=0.01 secs] 
2014-07-16T02:30:13.858+0000: 888.397: [GC [PSYoungGen: 200635K->1068K(196800K)] 358012K->158516K(883776K), 0.0030430 secs] [Times: user=0.01 sys=0.01, real=0.01 secs] 
2014-07-16T02:30:14.574+0000: 889.113: [GC [PSYoungGen: 196778K->640K(192192K)] 354226K->158152K(879168K), 0.0084660 secs] [Times: user=0.04 sys=0.00, real=0.01 secs] 
2014-07-16T02:30:15.349+0000: 889.888: [GC [PSYoungGen: 192192K->1460K(188992K)] 349704K->159198K(875968K), 0.0047440 secs] [Times: user=0.03 sys=0.00, real=0.00 secs] 
2014-07-16T02:30:16.007+0000: 890.545: [GC [PSYoungGen: 188939K->880K(184512K)] 346677K->158806K(871488K), 0.0067400 secs] [Times: user=0.04 sys=0.00, real=0.01 secs] 
2014-07-16T02:30:16.673+0000: 891.212: [GC [PSYoungGen: 184496K->840K(180736K)] 342422K->158870K(867712K), 0.0047430 secs] [Times: user=0.03 sys=0.00, real=0.00 secs] 
2014-07-16T02:30:17.322+0000: 891.861: [GC [PSYoungGen: 180680K->818K(177024K)] 338710K->158946K(864000K), 0.0046370 secs] [Times: user=0.02 sys=0.00, real=0.00 secs] 
2014-07-16T02:30:17.942+0000: 892.481: [GC [PSYoungGen: 177010K->798K(212288K)] 335138K->158958K(899264K), 0.0121730 secs] [Times: user=0.07 sys=0.00, real=0.01 secs] 
2014-07-16T02:30:18.721+0000: 893.260: [GC [PSYoungGen: 212254K->1014K(245312K)] 370414K->159254K(932288K), 0.0068920 secs] [Times: user=0.05 sys=0.00, real=0.00 secs] 
2014-07-16T02:30:19.648+0000: 894.187: [GC [PSYoungGen: 244790K->1150K(239040K)] 403030K->159446K(926016K), 0.0050420 secs] [Times: user=0.02 sys=0.00, real=0.01 secs] 
2014-07-16T02:30:20.552+0000: 895.090: [GC [PSYoungGen: 239038K->434K(243840K)] 397334K->159132K(930816K), 0.0142940 secs] [Times: user=0.07 sys=0.00, real=0.01 secs] 
2014-07-16T02:30:21.407+0000: 895.946: [GC [PSYoungGen: 243826K->944K(238464K)] 402524K->159714K(925440K), 0.0039490 secs] [Times: user=0.02 sys=0.00, real=0.01 secs] 
2014-07-16T02:30:22.268+0000: 896.807: [GC [PSYoungGen: 238398K->620K(232512K)] 397169K->160153K(919488K), 0.0089510 secs] [Times: user=0.05 sys=0.01, real=0.01 secs] 
2014-07-16T02:30:23.104+0000: 897.642: [GC [PSYoungGen: 232492K->516K(227008K)] 392025K->160152K(913984K), 0.0042640 secs] [Times: user=0.03 sys=0.00, real=0.00 secs] 
2014-07-16T02:30:23.905+0000: 898.444: [GC [PSYoungGen: 226904K->498K(221696K)] 386541K->160230K(908672K), 0.0045460 secs] [Times: user=0.02 sys=0.00, real=0.01 secs] 
2014-07-16T02:30:24.710+0000: 899.248: [GC [PSYoungGen: 221682K->884K(217024K)] 381414K->160649K(904000K), 0.0088780 secs] [Times: user=0.05 sys=0.00, real=0.01 secs] 
2014-07-16T02:30:25.583+0000: 900.122: [GC [PSYoungGen: 217012K->1272K(212480K)] 376777K->161133K(899456K), 0.0133600 secs] [Times: user=0.08 sys=0.00, real=0.01 secs] 
2014-07-16T02:30:26.305+0000: 900.843: [GC [PSYoungGen: 212472K->644K(207168K)] 372333K->160560K(894144K), 0.0056710 secs] [Times: user=0.03 sys=0.00, real=0.00 secs] 
2014-07-16T02:30:27.061+0000: 901.600: [GC [PSYoungGen: 207108K->644K(202624K)] 367024K->160624K(889600K), 0.0055000 secs] [Times: user=0.03 sys=0.00, real=0.00 secs] 
2014-07-16T02:30:27.833+0000: 902.372: [GC [PSYoungGen: 202564K->690K(198208K)] 362544K->160726K(885184K), 0.0076730 secs] [Times: user=0.04 sys=0.00, real=0.01 secs] 
2014-07-16T02:30:28.517+0000: 903.056: [GC [PSYoungGen: 198194K->466K(193792K)] 358230K->160558K(880768K), 0.0041860 secs] [Times: user=0.01 sys=0.00, real=0.01 secs] 
2014-07-16T02:30:29.221+0000: 903.760: [GC [PSYoungGen: 193741K->1132K(190336K)] 353834K->161297K(877312K), 0.0087580 secs] [Times: user=0.05 sys=0.00, real=0.00 secs] 
2014-07-16T02:30:29.949+0000: 904.487: [GC [PSYoungGen: 190316K->786K(186048K)] 350481K->161030K(873024K), 0.0059380 secs] [Times: user=0.04 sys=0.00, real=0.01 secs] 
2014-07-16T02:30:30.656+0000: 905.195: [GC [PSYoungGen: 185953K->1090K(182528K)] 346198K->161391K(869504K), 0.0057460 secs] [Times: user=0.03 sys=0.00, real=0.01 secs] 
2014-07-16T02:30:31.254+0000: 905.792: [GC [PSYoungGen: 182466K->826K(178496K)] 342767K->161247K(865472K), 0.0042100 secs] [Times: user=0.03 sys=0.00, real=0.00 secs] 
2014-07-16T02:30:31.893+0000: 906.432: [GC [PSYoungGen: 178490K->780K(174912K)] 338911K->161273K(861888K), 0.0055810 secs] [Times: user=0.04 sys=0.00, real=0.00 secs] 
2014-07-16T02:30:32.531+0000: 907.070: [GC [PSYoungGen: 174860K->548K(171200K)] 335353K->161112K(858176K), 0.0050740 secs] [Times: user=0.03 sys=0.00, real=0.01 secs] 
2014-07-16T02:30:33.144+0000: 907.683: [GC [PSYoungGen: 171172K->498K(167744K)] 331736K->161142K(854720K), 0.0032280 secs] [Times: user=0.02 sys=0.00, real=0.00 secs] 
2014-07-16T02:30:33.744+0000: 908.282: [GC [PSYoungGen: 167730K->922K(164928K)] 328374K->161630K(851904K), 0.0091570 secs] [Times: user=0.05 sys=0.00, real=0.01 secs] 
2014-07-16T02:30:34.333+0000: 908.872: [GC [PSYoungGen: 164890K->812K(161664K)] 325598K->161616K(848640K), 0.0034280 secs] [Times: user=0.02 sys=0.00, real=0.00 secs] 
2014-07-16T02:30:34.910+0000: 909.448: [GC [PSYoungGen: 161642K->698K(158464K)] 322447K->161598K(845440K), 0.0056270 secs] [Times: user=0.02 sys=0.00, real=0.01 secs] 
2014-07-16T02:30:35.550+0000: 910.089: [GC [PSYoungGen: 158458K->1342K(156160K)] 319358K->162489K(843136K), 0.0067900 secs] [Times: user=0.04 sys=0.00, real=0.01 secs] 
2014-07-16T02:30:36.073+0000: 910.611: [GC [PSYoungGen: 156158K->688K(152640K)] 317305K->162233K(839616K), 0.0046740 secs] [Times: user=0.03 sys=0.00, real=0.00 secs] 
2014-07-16T02:30:36.601+0000: 911.140: [GC [PSYoungGen: 152624K->912K(150080K)] 314169K->162529K(837056K), 0.0053400 secs] [Times: user=0.03 sys=0.01, real=0.01 secs] 
2014-07-16T02:30:37.154+0000: 911.693: [GC [PSYoungGen: 150032K->694K(147136K)] 311649K->162667K(834112K), 0.0063540 secs] [Times: user=0.03 sys=0.00, real=0.00 secs] 
2014-07-16T02:30:37.691+0000: 912.230: [GC [PSYoungGen: 147126K->972K(176768K)] 309099K->162993K(863744K), 0.0085000 secs] [Times: user=0.05 sys=0.00, real=0.01 secs] 
2014-07-16T02:30:38.316+0000: 912.855: [GC [PSYoungGen: 176693K->730K(211712K)] 338714K->162783K(898688K), 0.0156890 secs] [Times: user=0.09 sys=0.00, real=0.02 secs] 
2014-07-16T02:30:39.070+0000: 913.609: [GC [PSYoungGen: 211673K->676K(228352K)] 373726K->162817K(915328K), 0.0047810 secs] [Times: user=0.03 sys=0.00, real=0.01 secs] 
2014-07-16T02:30:39.899+0000: 914.438: [GC [PSYoungGen: 227556K->798K(254592K)] 389697K->162995K(941568K), 0.0058610 secs] [Times: user=0.03 sys=0.00, real=0.01 secs] 
2014-07-16T02:30:40.916+0000: 915.455: [GC [PSYoungGen: 253961K->812K(247744K)] 416158K->163073K(934720K), 0.0039940 secs] [Times: user=0.02 sys=0.00, real=0.00 secs] 
2014-07-16T02:30:41.777+0000: 916.315: [GC [PSYoungGen: 247724K->544K(253312K)] 409985K->162845K(940288K), 0.0116700 secs] [Times: user=0.06 sys=0.00, real=0.01 secs] 
2014-07-16T02:30:42.700+0000: 917.239: [GC [PSYoungGen: 253170K->912K(247424K)] 415471K->163269K(934400K), 0.0051130 secs] [Times: user=0.03 sys=0.00, real=0.01 secs] 
2014-07-16T02:30:43.591+0000: 918.129: [GC [PSYoungGen: 247344K->434K(240896K)] 409702K->163058K(927872K), 0.0036800 secs] [Times: user=0.02 sys=0.00, real=0.01 secs] 
2014-07-16T02:30:44.450+0000: 918.988: [GC [PSYoungGen: 240882K->1022K(235712K)] 403506K->163734K(922688K), 0.0086730 secs] [Times: user=0.05 sys=0.01, real=0.01 secs] 
2014-07-16T02:30:45.308+0000: 919.847: [GC [PSYoungGen: 235710K->844K(230016K)] 398422K->163644K(916992K), 0.0053660 secs] [Times: user=0.04 sys=0.00, real=0.00 secs] 
2014-07-16T02:30:46.133+0000: 920.671: [GC [PSYoungGen: 229956K->1072K(224832K)] 392756K->163944K(911808K), 0.0036440 secs] [Times: user=0.02 sys=0.00, real=0.01 secs] 
2014-07-16T02:30:46.925+0000: 921.464: [GC [PSYoungGen: 224816K->530K(219136K)] 387688K->163458K(906112K), 0.0049910 secs] [Times: user=0.01 sys=0.01, real=0.00 secs] 
2014-07-16T02:30:47.720+0000: 922.259: [GC [PSYoungGen: 219090K->658K(214272K)] 382018K->163674K(901248K), 0.0031710 secs] [Times: user=0.01 sys=0.00, real=0.00 secs] 
2014-07-16T02:30:48.494+0000: 923.033: [GC [PSYoungGen: 214226K->1080K(209856K)] 377242K->164160K(896832K), 0.0063830 secs] [Times: user=0.03 sys=0.00, real=0.00 secs] 
2014-07-16T02:30:49.256+0000: 923.795: [GC [PSYoungGen: 209848K->576K(204736K)] 372928K->163720K(891712K), 0.0046370 secs] [Times: user=0.02 sys=0.00, real=0.00 secs] 
2014-07-16T02:30:49.985+0000: 924.523: [GC [PSYoungGen: 204736K->954K(200640K)] 367880K->164186K(887616K), 0.0074600 secs] [Times: user=0.04 sys=0.00, real=0.00 secs] 
2014-07-16T02:30:50.826+0000: 925.365: [GC [PSYoungGen: 200634K->950K(196288K)] 363866K->164238K(883264K), 0.0055190 secs] [Times: user=0.03 sys=0.00, real=0.00 secs] 
2014-07-16T02:30:51.458+0000: 925.997: [GC [PSYoungGen: 196275K->826K(192000K)] 359564K->164234K(878976K), 0.0047910 secs] [Times: user=0.02 sys=0.00, real=0.00 secs] 
2014-07-16T02:30:52.144+0000: 926.683: [GC [PSYoungGen: 191994K->448K(187584K)] 355402K->163896K(874560K), 0.0041190 secs] [Times: user=0.02 sys=0.00, real=0.01 secs] 
2014-07-16T02:30:52.820+0000: 927.359: [GC [PSYoungGen: 187584K->730K(184000K)] 351032K->164242K(870976K), 0.0054780 secs] [Times: user=0.03 sys=0.00, real=0.01 secs] 
2014-07-16T02:30:53.501+0000: 928.040: [GC [PSYoungGen: 183962K->676K(180160K)] 347474K->164244K(867136K), 0.0066750 secs] [Times: user=0.03 sys=0.00, real=0.01 secs] 
2014-07-16T02:30:54.151+0000: 928.689: [GC [PSYoungGen: 180132K->812K(176640K)] 343700K->164476K(863616K), 0.0053480 secs] [Times: user=0.03 sys=0.00, real=0.01 secs] 
2014-07-16T02:30:54.787+0000: 929.325: [GC [PSYoungGen: 176620K->766K(173056K)] 340284K->164478K(860032K), 0.0038080 secs] [Times: user=0.01 sys=0.00, real=0.00 secs] 
2014-07-16T02:30:55.404+0000: 929.942: [GC [PSYoungGen: 173054K->858K(169792K)] 336766K->164666K(856768K), 0.0052090 secs] [Times: user=0.03 sys=0.00, real=0.01 secs] 
2014-07-16T02:30:56.084+0000: 930.622: [GC [PSYoungGen: 169739K->1098K(166720K)] 333547K->164946K(853696K), 0.0054800 secs] [Times: user=0.03 sys=0.00, real=0.01 secs] 
2014-07-16T02:30:56.647+0000: 931.186: [GC [PSYoungGen: 166666K->424K(162816K)] 330514K->165056K(849792K), 0.0052030 secs] [Times: user=0.03 sys=0.00, real=0.00 secs] 
2014-07-16T02:30:57.236+0000: 931.775: [GC [PSYoungGen: 162792K->530K(159808K)] 327424K->165210K(846784K), 0.0069440 secs] [Times: user=0.03 sys=0.00, real=0.00 secs] 
2014-07-16T02:30:57.806+0000: 932.345: [GC [PSYoungGen: 159762K->562K(156800K)] 324442K->165356K(843776K), 0.0057280 secs] [Times: user=0.03 sys=0.00, real=0.00 secs] 
2014-07-16T02:30:58.371+0000: 932.910: [GC [PSYoungGen: 156750K->1030K(154368K)] 321545K->165904K(841344K), 0.0051060 secs] [Times: user=0.03 sys=0.00, real=0.01 secs] 
2014-07-16T02:30:58.920+0000: 933.458: [GC [PSYoungGen: 154310K->516K(151040K)] 319184K->165454K(838016K), 0.0047970 secs] [Times: user=0.03 sys=0.01, real=0.00 secs] 
2014-07-16T02:30:59.458+0000: 933.996: [GC [PSYoungGen: 150980K->840K(148608K)] 315918K->165858K(835584K), 0.0067080 secs] [Times: user=0.03 sys=0.00, real=0.00 secs] 
2014-07-16T02:31:00.005+0000: 934.544: [GC [PSYoungGen: 148552K->576K(145600K)] 313570K->165658K(832576K), 0.0053360 secs] [Times: user=0.03 sys=0.00, real=0.01 secs] 
2014-07-16T02:31:00.543+0000: 935.082: [GC [PSYoungGen: 145600K->640K(174720K)] 310682K->165786K(861696K), 0.0082430 secs] [Times: user=0.04 sys=0.00, real=0.01 secs] 
2014-07-16T02:31:01.313+0000: 935.852: [GC [PSYoungGen: 174720K->1164K(210112K)] 339866K->166406K(897088K), 0.0131280 secs] [Times: user=0.08 sys=0.00, real=0.02 secs] 
2014-07-16T02:31:02.069+0000: 936.607: [GC [PSYoungGen: 210060K->916K(239616K)] 375302K->166182K(926592K), 0.0046680 secs] [Times: user=0.02 sys=0.00, real=0.00 secs] 
2014-07-16T02:31:02.912+0000: 937.451: [GC [PSYoungGen: 239124K->676K(233216K)] 404390K->166014K(920192K), 0.0064970 secs] [Times: user=0.04 sys=0.00, real=0.01 secs] 
2014-07-16T02:31:03.753+0000: 938.291: [GC [PSYoungGen: 233188K->1226K(228288K)] 398526K->166628K(915264K), 0.0058890 secs] [Times: user=0.03 sys=0.00, real=0.01 secs] 
2014-07-16T02:31:04.568+0000: 939.107: [GC [PSYoungGen: 228234K->762K(222464K)] 393636K->166292K(909440K), 0.0031910 secs] [Times: user=0.01 sys=0.00, real=0.00 secs] 
2014-07-16T02:31:05.369+0000: 939.908: [GC [PSYoungGen: 222458K->544K(217152K)] 387988K->166138K(904128K), 0.0059030 secs] [Times: user=0.04 sys=0.00, real=0.00 secs] 
2014-07-16T02:31:06.207+0000: 940.745: [GC [PSYoungGen: 217120K->862K(212544K)] 382714K->166512K(899520K), 0.0051570 secs] [Times: user=0.01 sys=0.00, real=0.01 secs] 
2014-07-16T02:31:06.965+0000: 941.504: [GC [PSYoungGen: 212510K->1404K(208320K)] 378160K->167174K(895296K), 0.0061390 secs] [Times: user=0.04 sys=0.00, real=0.01 secs] 
2014-07-16T02:31:07.712+0000: 942.250: [GC [PSYoungGen: 208316K->512K(202880K)] 374086K->166378K(889856K), 0.0057870 secs] [Times: user=0.04 sys=0.00, real=0.01 secs] 
2014-07-16T02:31:08.460+0000: 942.998: [GC [PSYoungGen: 202880K->722K(198720K)] 368746K->166660K(885696K), 0.0061850 secs] [Times: user=0.04 sys=0.00, real=0.00 secs] 
2014-07-16T02:31:09.175+0000: 943.714: [GC [PSYoungGen: 198674K->498K(194176K)] 364612K->166484K(881152K), 0.0062910 secs] [Times: user=0.03 sys=0.00, real=0.01 secs] 
2014-07-16T02:31:09.896+0000: 944.435: [GC [PSYoungGen: 194123K->858K(190464K)] 360109K->166924K(877440K), 0.0058260 secs] [Times: user=0.03 sys=0.01, real=0.01 secs] 
2014-07-16T02:31:10.582+0000: 945.121: [GC [PSYoungGen: 190426K->1004K(186624K)] 356492K->167134K(873600K), 0.0060730 secs] [Times: user=0.04 sys=0.00, real=0.01 secs] 
2014-07-16T02:31:11.301+0000: 945.840: [GC [PSYoungGen: 186601K->1208K(223936K)] 352732K->167386K(910912K), 0.0130070 secs] [Times: user=0.07 sys=0.00, real=0.01 secs] 
2014-07-16T02:31:12.104+0000: 946.643: [GC [PSYoungGen: 223928K->754K(218368K)] 390106K->167012K(905344K), 0.0035590 secs] [Times: user=0.02 sys=0.00, real=0.01 secs] 
2014-07-16T02:31:12.882+0000: 947.421: [GC [PSYoungGen: 218354K->484K(213184K)] 384612K->166790K(900160K), 0.0060880 secs] [Times: user=0.03 sys=0.00, real=0.01 secs] 
2014-07-16T02:31:13.647+0000: 948.186: [GC [PSYoungGen: 213156K->708K(208640K)] 379462K->167078K(895616K), 0.0070730 secs] [Times: user=0.03 sys=0.00, real=0.01 secs] 
2014-07-16T02:31:14.392+0000: 948.930: [GC [PSYoungGen: 208539K->730K(204032K)] 374910K->167156K(891008K), 0.0099410 secs] [Times: user=0.06 sys=0.00, real=0.01 secs] 
2014-07-16T02:31:15.138+0000: 949.677: [GC [PSYoungGen: 203994K->1044K(199872K)] 370420K->167526K(886848K), 0.0046440 secs] [Times: user=0.03 sys=0.00, real=0.00 secs] 
2014-07-16T02:31:15.838+0000: 950.377: [GC [PSYoungGen: 199828K->544K(195072K)] 366310K->167074K(882048K), 0.0044330 secs] [Times: user=0.02 sys=0.00, real=0.00 secs] 
2014-07-16T02:31:16.691+0000: 951.230: [GC [PSYoungGen: 195040K->944K(191296K)] 361570K->167562K(878272K), 0.0031770 secs] [Times: user=0.02 sys=0.00, real=0.00 secs] 
2014-07-16T02:31:17.396+0000: 951.935: [GC [PSYoungGen: 191280K->912K(187264K)] 357898K->167586K(874240K), 0.0044570 secs] [Times: user=0.02 sys=0.01, real=0.01 secs] 
2014-07-16T02:31:18.051+0000: 952.590: [GC [PSYoungGen: 187216K->790K(183232K)] 353890K->167544K(870208K), 0.0069740 secs] [Times: user=0.04 sys=0.00, real=0.00 secs] 
2014-07-16T02:31:18.709+0000: 953.247: [GC [PSYoungGen: 183167K->776K(179456K)] 349921K->167634K(866432K), 0.0049040 secs] [Times: user=0.04 sys=0.00, real=0.01 secs] 
2014-07-16T02:31:19.356+0000: 953.895: [GC [PSYoungGen: 179400K->872K(175872K)] 346258K->167818K(862848K), 0.0049780 secs] [Times: user=0.03 sys=0.00, real=0.01 secs] 
2014-07-16T02:31:20.000+0000: 954.539: [GC [PSYoungGen: 175808K->616K(172096K)] 342754K->167610K(859072K), 0.0058310 secs] [Times: user=0.03 sys=0.00, real=0.00 secs] 
2014-07-16T02:31:20.637+0000: 955.176: [GC [PSYoungGen: 172007K->1076K(206848K)] 339001K->168408K(893824K), 0.0127760 secs] [Times: user=0.06 sys=0.00, real=0.02 secs] 
2014-07-16T02:31:21.507+0000: 956.045: [GC [PSYoungGen: 206836K->1090K(238528K)] 374168K->168454K(925504K), 0.0169280 secs] [Times: user=0.09 sys=0.00, real=0.02 secs] 
2014-07-16T02:31:22.349+0000: 956.887: [GC [PSYoungGen: 238145K->808K(248384K)] 405510K->168244K(935360K), 0.0039060 secs] [Times: user=0.02 sys=0.00, real=0.01 secs] 
2014-07-16T02:31:23.240+0000: 957.779: [GC [PSYoungGen: 247720K->1340K(242240K)] 415156K->168864K(929216K), 0.0050800 secs] [Times: user=0.03 sys=0.00, real=0.00 secs] 
2014-07-16T02:31:24.093+0000: 958.632: [GC [PSYoungGen: 242236K->192K(235328K)] 409760K->168248K(922304K), 0.0052250 secs] [Times: user=0.01 sys=0.00, real=0.00 secs] 
2014-07-16T02:31:24.929+0000: 959.467: [GC [PSYoungGen: 235328K->1098K(246912K)] 403384K->169194K(933888K), 0.0139660 secs] [Times: user=0.08 sys=0.00, real=0.02 secs] 
2014-07-16T02:31:25.823+0000: 960.361: [GC [PSYoungGen: 246466K->1066K(240512K)] 414563K->169692K(927488K), 0.0066420 secs] [Times: user=0.04 sys=0.00, real=0.00 secs] 
2014-07-16T02:31:26.773+0000: 961.312: [GC [PSYoungGen: 240490K->936K(234624K)] 409116K->169650K(921600K), 0.0052630 secs] [Times: user=0.03 sys=0.00, real=0.00 secs] 
2014-07-16T02:31:27.615+0000: 962.154: [GC [PSYoungGen: 234600K->822K(228992K)] 403314K->169624K(915968K), 0.0035210 secs] [Times: user=0.02 sys=0.01, real=0.00 secs] 
2014-07-16T02:31:28.428+0000: 962.967: [GC [PSYoungGen: 228982K->516K(223424K)] 397784K->169366K(910400K), 0.0054870 secs] [Times: user=0.03 sys=0.00, real=0.01 secs] 
2014-07-16T02:31:29.249+0000: 963.788: [GC [PSYoungGen: 223344K->882K(218624K)] 392195K->169836K(905600K), 0.0056100 secs] [Times: user=0.03 sys=0.00, real=0.01 secs] 
2014-07-16T02:31:30.056+0000: 964.595: [GC [PSYoungGen: 218610K->912K(213760K)] 387564K->169930K(900736K), 0.0042230 secs] [Times: user=0.01 sys=0.01, real=0.01 secs] 
2014-07-16T02:31:30.836+0000: 965.374: [GC [PSYoungGen: 213710K->998K(209024K)] 382729K->170332K(896000K), 0.0065480 secs] [Times: user=0.04 sys=0.00, real=0.01 secs] 
2014-07-16T02:31:31.752+0000: 966.290: [GC [PSYoungGen: 208998K->1076K(204480K)] 378332K->170475K(891456K), 0.0044200 secs] [Times: user=0.02 sys=0.00, real=0.00 secs] 
2014-07-16T02:31:32.427+0000: 966.965: [GC [PSYoungGen: 204468K->562K(199488K)] 373867K->170240K(886464K), 0.0070370 secs] [Times: user=0.05 sys=0.00, real=0.01 secs] 
2014-07-16T02:31:33.158+0000: 967.697: [GC [PSYoungGen: 199473K->480K(195136K)] 369151K->170206K(882112K), 0.0052400 secs] [Times: user=0.03 sys=0.00, real=0.01 secs] 
2014-07-16T02:31:33.871+0000: 968.409: [GC [PSYoungGen: 195098K->434K(190912K)] 364825K->170208K(877888K), 0.0071800 secs] [Times: user=0.05 sys=0.01, real=0.01 secs] 
2014-07-16T02:31:34.560+0000: 969.098: [GC [PSYoungGen: 190897K->1208K(187648K)] 360672K->171047K(874624K), 0.0055140 secs] [Times: user=0.02 sys=0.00, real=0.01 secs] 
2014-07-16T02:31:35.223+0000: 969.762: [GC [PSYoungGen: 187640K->562K(183104K)] 357479K->170480K(870080K), 0.0063920 secs] [Times: user=0.04 sys=0.00, real=0.00 secs] 
2014-07-16T02:31:35.891+0000: 970.429: [GC [PSYoungGen: 183090K->1176K(220288K)] 353008K->171127K(907264K), 0.0142010 secs] [Times: user=0.08 sys=0.00, real=0.02 secs] 
2014-07-16T02:31:36.814+0000: 971.353: [GC [PSYoungGen: 220248K->854K(214976K)] 390199K->170892K(901952K), 0.0032750 secs] [Times: user=0.02 sys=0.01, real=0.00 secs] 
2014-07-16T02:31:37.505+0000: 972.044: [GC [PSYoungGen: 214918K->762K(210048K)] 384957K->170881K(897024K), 0.0048640 secs] [Times: user=0.03 sys=0.00, real=0.00 secs] 
2014-07-16T02:31:38.278+0000: 972.816: [GC [PSYoungGen: 210041K->708K(205376K)] 380160K->170906K(892352K), 0.0057710 secs] [Times: user=0.04 sys=0.00, real=0.01 secs] 
2014-07-16T02:31:39.017+0000: 973.556: [GC [PSYoungGen: 205294K->1332K(201472K)] 375493K->171619K(888448K), 0.0063190 secs] [Times: user=0.04 sys=0.00, real=0.01 secs] 
2014-07-16T02:31:39.765+0000: 974.304: [GC [PSYoungGen: 201460K->868K(196672K)] 371747K->171250K(883648K), 0.0047780 secs] [Times: user=0.03 sys=0.00, real=0.00 secs] 
2014-07-16T02:31:40.450+0000: 974.989: [GC [PSYoungGen: 196619K->850K(192448K)] 367001K->171312K(879424K), 0.0039530 secs] [Times: user=0.02 sys=0.00, real=0.01 secs] 
2014-07-16T02:31:41.142+0000: 975.681: [GC [PSYoungGen: 192402K->690K(188224K)] 362864K->171248K(875200K), 0.0041170 secs] [Times: user=0.03 sys=0.00, real=0.00 secs] 
2014-07-16T02:31:41.921+0000: 976.460: [GC [PSYoungGen: 188210K->680K(184320K)] 358768K->171270K(871296K), 0.0113720 secs] [Times: user=0.06 sys=0.00, real=0.02 secs] 
2014-07-16T02:31:42.528+0000: 977.067: [GC [PSYoungGen: 184296K->580K(180480K)] 354886K->171242K(867456K), 0.0048240 secs] [Times: user=0.02 sys=0.01, real=0.01 secs] 
2014-07-16T02:31:43.199+0000: 977.738: [GC [PSYoungGen: 180420K->876K(177088K)] 351082K->171611K(864064K), 0.0064590 secs] [Times: user=0.04 sys=0.01, real=0.01 secs] 
2014-07-16T02:31:43.806+0000: 978.344: [GC [PSYoungGen: 177068K->516K(173248K)] 347803K->171314K(860224K), 0.0047350 secs] [Times: user=0.03 sys=0.00, real=0.00 secs] 
2014-07-16T02:31:44.450+0000: 978.989: [GC [PSYoungGen: 173188K->790K(170048K)] 343986K->171676K(857024K), 0.0033530 secs] [Times: user=0.01 sys=0.00, real=0.01 secs] 
2014-07-16T02:31:45.072+0000: 979.610: [GC [PSYoungGen: 170005K->754K(166656K)] 340892K->171720K(853632K), 0.0054620 secs] [Times: user=0.03 sys=0.00, real=0.01 secs] 
2014-07-16T02:31:45.662+0000: 980.200: [GC [PSYoungGen: 166642K->708K(163456K)] 337608K->171730K(850432K), 0.0043060 secs] [Times: user=0.02 sys=0.00, real=0.01 secs] 
2014-07-16T02:31:46.236+0000: 980.774: [GC [PSYoungGen: 163396K->480K(160064K)] 334418K->171566K(847040K), 0.0057880 secs] [Times: user=0.03 sys=0.00, real=0.00 secs] 
2014-07-16T02:31:46.889+0000: 981.428: [GC [PSYoungGen: 160032K->676K(157248K)] 331118K->171842K(844224K), 0.0064360 secs] [Times: user=0.03 sys=0.00, real=0.01 secs] 
2014-07-16T02:31:47.407+0000: 981.945: [GC [PSYoungGen: 157220K->980K(154624K)] 328386K->172211K(841600K), 0.0054710 secs] [Times: user=0.03 sys=0.00, real=0.00 secs] 
2014-07-16T02:31:47.953+0000: 982.491: [GC [PSYoungGen: 154580K->648K(151488K)] 325811K->171950K(838464K), 0.0046160 secs] [Times: user=0.03 sys=0.00, real=0.01 secs] 
2014-07-16T02:31:48.502+0000: 983.041: [GC [PSYoungGen: 151432K->890K(148928K)] 322734K->172553K(835904K), 0.0048750 secs] [Times: user=0.02 sys=0.00, real=0.01 secs] 
2014-07-16T02:31:49.032+0000: 983.571: [GC [PSYoungGen: 148922K->840K(146240K)] 320585K->172591K(833216K), 0.0053570 secs] [Times: user=0.02 sys=0.01, real=0.01 secs] 
2014-07-16T02:31:49.573+0000: 984.112: [GC [PSYoungGen: 146142K->1076K(175552K)] 317893K->173007K(862528K), 0.0164740 secs] [Times: user=0.09 sys=0.01, real=0.01 secs] 
2014-07-16T02:31:50.207+0000: 984.746: [GC [PSYoungGen: 175540K->1464K(210880K)] 347471K->173435K(897856K), 0.0121450 secs] [Times: user=0.06 sys=0.00, real=0.01 secs] 
2014-07-16T02:31:50.957+0000: 985.496: [GC [PSYoungGen: 210872K->434K(251776K)] 382843K->172647K(938752K), 0.0052930 secs] [Times: user=0.03 sys=0.00, real=0.00 secs] 
2014-07-16T02:31:51.960+0000: 986.498: [GC [PSYoungGen: 251762K->1328K(262144K)] 423975K->173605K(949120K), 0.0051970 secs] [Times: user=0.02 sys=0.00, real=0.01 secs] 
2014-07-16T02:31:52.924+0000: 987.463: [GC [PSYoungGen: 261864K->676K(254720K)] 434141K->173075K(941696K), 0.0063320 secs] [Times: user=0.03 sys=0.01, real=0.00 secs] 
2014-07-16T02:31:53.837+0000: 988.375: [GC [PSYoungGen: 254671K->1054K(248832K)] 427070K->173565K(935808K), 0.0049630 secs] [Times: user=0.03 sys=0.00, real=0.00 secs] 
2014-07-16T02:31:54.756+0000: 989.295: [GC [PSYoungGen: 248798K->662K(242432K)] 421309K->173253K(929408K), 0.0032760 secs] [Times: user=0.02 sys=0.00, real=0.00 secs] 
2014-07-16T02:31:55.639+0000: 990.177: [GC [PSYoungGen: 242390K->644K(236608K)] 414981K->173347K(923584K), 0.0049190 secs] [Times: user=0.03 sys=0.00, real=0.00 secs] 
2014-07-16T02:31:56.499+0000: 991.038: [GC [PSYoungGen: 236548K->416K(230720K)] 409251K->173167K(917696K), 0.0043210 secs] [Times: user=0.02 sys=0.00, real=0.00 secs] 
2014-07-16T02:31:57.345+0000: 991.884: [GC [PSYoungGen: 230675K->498K(225408K)] 403426K->173313K(912384K), 0.0064310 secs] [Times: user=0.03 sys=0.00, real=0.00 secs] 
2014-07-16T02:31:58.140+0000: 992.679: [GC [PSYoungGen: 225394K->694K(220416K)] 398209K->173581K(907392K), 0.0052350 secs] [Times: user=0.03 sys=0.00, real=0.01 secs] 
2014-07-16T02:31:58.923+0000: 993.461: [GC [PSYoungGen: 220406K->370K(215104K)] 393293K->173281K(902080K), 0.0042270 secs] [Times: user=0.01 sys=0.00, real=0.01 secs] 
2014-07-16T02:31:59.709+0000: 994.248: [GC [PSYoungGen: 215090K->1276K(211136K)] 388001K->174259K(898112K), 0.0075130 secs] [Times: user=0.05 sys=0.00, real=0.01 secs] 
2014-07-16T02:32:00.462+0000: 995.001: [GC [PSYoungGen: 211060K->734K(205952K)] 384043K->173773K(892928K), 0.0058280 secs] [Times: user=0.04 sys=0.01, real=0.01 secs] 
2014-07-16T02:32:01.203+0000: 995.742: [GC [PSYoungGen: 205855K->676K(201344K)] 378894K->173819K(888320K), 0.0039260 secs] [Times: user=0.02 sys=0.00, real=0.01 secs] 
2014-07-16T02:32:02.026+0000: 996.565: [GC [PSYoungGen: 201316K->864K(197184K)] 374459K->174103K(884160K), 0.0064080 secs] [Times: user=0.03 sys=0.00, real=0.00 secs] 
2014-07-16T02:32:02.753+0000: 997.292: [GC [PSYoungGen: 197152K->722K(192832K)] 370391K->174049K(879808K), 0.0031720 secs] [Times: user=0.02 sys=0.00, real=0.01 secs] 
2014-07-16T02:32:03.392+0000: 997.930: [GC [PSYoungGen: 192784K->1172K(189184K)] 366111K->174595K(876160K), 0.0054680 secs] [Times: user=0.03 sys=0.00, real=0.01 secs] 
2014-07-16T02:32:04.096+0000: 998.634: [GC [PSYoungGen: 189124K->822K(184896K)] 362547K->174317K(871872K), 0.0059420 secs] [Times: user=0.03 sys=0.01, real=0.01 secs] 
2014-07-16T02:32:04.751+0000: 999.289: [GC [PSYoungGen: 184838K->516K(180864K)] 358333K->174091K(867840K), 0.0032800 secs] [Times: user=0.01 sys=0.00, real=0.00 secs] 
2014-07-16T02:32:05.418+0000: 999.957: [GC [PSYoungGen: 180804K->932K(177600K)] 354379K->174603K(864576K), 0.0037660 secs] [Times: user=0.02 sys=0.00, real=0.00 secs] 
2014-07-16T02:32:06.072+0000: 1000.611: [GC [PSYoungGen: 177572K->928K(174016K)] 351243K->174687K(860992K), 0.0058300 secs] [Times: user=0.04 sys=0.00, real=0.01 secs] 
2014-07-16T02:32:06.662+0000: 1001.201: [GC [PSYoungGen: 173984K->644K(170304K)] 347743K->174459K(857280K), 0.0042250 secs] [Times: user=0.02 sys=0.00, real=0.01 secs] 
2014-07-16T02:32:07.319+0000: 1001.858: [GC [PSYoungGen: 170244K->1340K(167616K)] 344059K->175211K(854592K), 0.0093030 secs] [Times: user=0.05 sys=0.00, real=0.01 secs] 
2014-07-16T02:32:07.909+0000: 1002.447: [GC [PSYoungGen: 167588K->644K(163776K)] 341459K->174595K(850752K), 0.0047870 secs] [Times: user=0.03 sys=0.00, real=0.00 secs] 
2014-07-16T02:32:08.493+0000: 1003.031: [GC [PSYoungGen: 163716K->812K(160768K)] 337667K->174811K(847744K), 0.0053950 secs] [Times: user=0.02 sys=0.00, real=0.01 secs] 
2014-07-16T02:32:09.085+0000: 1003.624: [GC [PSYoungGen: 160748K->908K(192896K)] 334747K->174971K(879872K), 0.0092440 secs] [Times: user=0.06 sys=0.00, real=0.01 secs] 
2014-07-16T02:32:09.778+0000: 1004.316: [GC [PSYoungGen: 192844K->858K(188736K)] 366907K->175009K(875712K), 0.0032290 secs] [Times: user=0.02 sys=0.00, real=0.00 secs] 
2014-07-16T02:32:10.449+0000: 1004.988: [GC [PSYoungGen: 188691K->804K(184768K)] 362842K->175043K(871744K), 0.0079920 secs] [Times: user=0.05 sys=0.00, real=0.01 secs] 
2014-07-16T02:32:11.141+0000: 1005.679: [GC [PSYoungGen: 184740K->594K(180800K)] 358979K->174897K(867776K), 0.0075410 secs] [Times: user=0.04 sys=0.00, real=0.01 secs] 
2014-07-16T02:32:11.780+0000: 1006.319: [GC [PSYoungGen: 180754K->644K(177216K)] 355057K->175011K(864192K), 0.0044030 secs] [Times: user=0.02 sys=0.00, real=0.00 secs] 
2014-07-16T02:32:12.449+0000: 1006.987: [GC [PSYoungGen: 177156K->1268K(174208K)] 351523K->175749K(861184K), 0.0034670 secs] [Times: user=0.01 sys=0.01, real=0.00 secs] 
2014-07-16T02:32:13.094+0000: 1007.633: [GC [PSYoungGen: 174166K->634K(170112K)] 348647K->175559K(857088K), 0.0050080 secs] [Times: user=0.03 sys=0.00, real=0.01 secs] 
2014-07-16T02:32:13.712+0000: 1008.251: [GC [PSYoungGen: 170106K->858K(167040K)] 345031K->175855K(854016K), 0.0031730 secs] [Times: user=0.01 sys=0.00, real=0.00 secs] 
2014-07-16T02:32:14.324+0000: 1008.862: [GC [PSYoungGen: 167002K->658K(163648K)] 341999K->175827K(850624K), 0.0104650 secs] [Times: user=0.06 sys=0.01, real=0.01 secs] 
2014-07-16T02:32:14.917+0000: 1009.456: [GC [PSYoungGen: 163602K->850K(160704K)] 338771K->176115K(847680K), 0.0041490 secs] [Times: user=0.01 sys=0.00, real=0.00 secs] 
2014-07-16T02:32:15.483+0000: 1010.022: [GC [PSYoungGen: 160658K->976K(157824K)] 335923K->176337K(844800K), 0.0046930 secs] [Times: user=0.03 sys=0.00, real=0.01 secs] 
2014-07-16T02:32:16.057+0000: 1010.595: [GC [PSYoungGen: 157677K->1222K(155136K)] 333039K->176639K(842112K), 0.0041820 secs] [Times: user=0.01 sys=0.01, real=0.01 secs] 
2014-07-16T02:32:16.615+0000: 1011.154: [GC [PSYoungGen: 155078K->448K(151488K)] 330495K->176197K(838464K), 0.0048950 secs] [Times: user=0.02 sys=0.00, real=0.01 secs] 
2014-07-16T02:32:17.248+0000: 1011.787: [GC [PSYoungGen: 151488K->1388K(149696K)] 327237K->177169K(836672K), 0.0070390 secs] [Times: user=0.03 sys=0.01, real=0.00 secs] 
2014-07-16T02:32:17.766+0000: 1012.305: [GC [PSYoungGen: 149667K->1012K(179008K)] 325448K->177081K(865984K), 0.0091660 secs] [Times: user=0.06 sys=0.00, real=0.01 secs] 
2014-07-16T02:32:18.404+0000: 1012.943: [GC [PSYoungGen: 178973K->480K(214144K)] 355042K->176621K(901120K), 0.0098250 secs] [Times: user=0.05 sys=0.01, real=0.01 secs] 
2014-07-16T02:32:19.176+0000: 1013.715: [GC [PSYoungGen: 214112K->848K(257280K)] 390253K->177053K(944256K), 0.0083230 secs] [Times: user=0.05 sys=0.00, real=0.01 secs] 
2014-07-16T02:32:20.111+0000: 1014.649: [GC [PSYoungGen: 257231K->740K(250816K)] 433436K->177017K(937792K), 0.0036450 secs] [Times: user=0.02 sys=0.00, real=0.00 secs] 
2014-07-16T02:32:21.066+0000: 1015.605: [GC [PSYoungGen: 250748K->694K(244608K)] 427025K->177035K(931584K), 0.0036250 secs] [Times: user=0.02 sys=0.00, real=0.01 secs] 
2014-07-16T02:32:21.955+0000: 1016.493: [GC [PSYoungGen: 244598K->676K(238720K)] 420939K->177081K(925696K), 0.0074720 secs] [Times: user=0.05 sys=0.00, real=0.01 secs] 
2014-07-16T02:32:22.926+0000: 1017.465: [GC [PSYoungGen: 238692K->786K(233152K)] 415097K->177231K(920128K), 0.0095740 secs] [Times: user=0.05 sys=0.00, real=0.01 secs] 
2014-07-16T02:32:23.776+0000: 1018.314: [GC [PSYoungGen: 233105K->498K(227328K)] 409550K->177023K(914304K), 0.0038330 secs] [Times: user=0.02 sys=0.01, real=0.01 secs] 
2014-07-16T02:32:24.613+0000: 1019.151: [GC [PSYoungGen: 227305K->930K(222528K)] 403830K->177511K(909504K), 0.0050930 secs] [Times: user=0.02 sys=0.00, real=0.00 secs] 
2014-07-16T02:32:25.416+0000: 1019.954: [GC [PSYoungGen: 222498K->662K(217152K)] 399079K->177339K(904128K), 0.0059890 secs] [Times: user=0.03 sys=0.01, real=0.01 secs] 
2014-07-16T02:32:26.186+0000: 1020.725: [GC [PSYoungGen: 217110K->962K(212544K)] 393787K->177703K(899520K), 0.0067640 secs] [Times: user=0.04 sys=0.00, real=0.01 secs] 
2014-07-16T02:32:26.954+0000: 1021.493: [GC [PSYoungGen: 212441K->1226K(208064K)] 389182K->178055K(895040K), 0.0066910 secs] [Times: user=0.05 sys=0.00, real=0.01 secs] 
2014-07-16T02:32:27.753+0000: 1022.291: [GC [PSYoungGen: 208010K->566K(202816K)] 384839K->177599K(889792K), 0.0056110 secs] [Times: user=0.03 sys=0.00, real=0.00 secs] 
2014-07-16T02:32:28.484+0000: 1023.023: [GC [PSYoungGen: 202806K->848K(198720K)] 379839K->177961K(885696K), 0.0072770 secs] [Times: user=0.04 sys=0.00, real=0.01 secs] 
2014-07-16T02:32:29.191+0000: 1023.730: [GC [PSYoungGen: 198652K->872K(194432K)] 375766K->178073K(881408K), 0.0042960 secs] [Times: user=0.02 sys=0.01, real=0.00 secs] 
2014-07-16T02:32:29.892+0000: 1024.431: [GC [PSYoungGen: 194408K->912K(190400K)] 371609K->178193K(877376K), 0.0037410 secs] [Times: user=0.02 sys=0.00, real=0.00 secs] 
2014-07-16T02:32:30.593+0000: 1025.132: [GC [PSYoungGen: 190332K->880K(186368K)] 367613K->178563K(873344K), 0.0049200 secs] [Times: user=0.03 sys=0.00, real=0.00 secs] 
2014-07-16T02:32:31.241+0000: 1025.779: [GC [PSYoungGen: 186352K->766K(182400K)] 364035K->178505K(869376K), 0.0035120 secs] [Times: user=0.01 sys=0.00, real=0.00 secs] 
2014-07-16T02:32:31.901+0000: 1026.439: [GC [PSYoungGen: 182398K->826K(178752K)] 360137K->178653K(865728K), 0.0041330 secs] [Times: user=0.02 sys=0.01, real=0.00 secs] 
2014-07-16T02:32:32.604+0000: 1027.143: [GC [PSYoungGen: 178746K->772K(175168K)] 356573K->178695K(862144K), 0.0042030 secs] [Times: user=0.03 sys=0.00, real=0.00 secs] 
2014-07-16T02:32:33.235+0000: 1027.773: [GC [PSYoungGen: 175099K->1098K(172032K)] 353022K->179069K(859008K), 0.0039070 secs] [Times: user=0.02 sys=0.00, real=0.00 secs] 
2014-07-16T02:32:33.836+0000: 1028.375: [GC [PSYoungGen: 171969K->598K(168128K)] 349940K->178649K(855104K), 0.0037370 secs] [Times: user=0.02 sys=0.00, real=0.00 secs] 
2014-07-16T02:32:34.445+0000: 1028.983: [GC [PSYoungGen: 168086K->1080K(165312K)] 346137K->179195K(852288K), 0.0055450 secs] [Times: user=0.03 sys=0.00, real=0.01 secs] 
2014-07-16T02:32:35.072+0000: 1029.610: [GC [PSYoungGen: 165261K->448K(161536K)] 343376K->178603K(848512K), 0.0067140 secs] [Times: user=0.03 sys=0.00, real=0.00 secs] 
2014-07-16T02:32:35.651+0000: 1030.190: [GC [PSYoungGen: 161536K->1158K(159232K)] 339691K->179393K(846208K), 0.0053210 secs] [Times: user=0.03 sys=0.00, real=0.00 secs] 
2014-07-16T02:32:36.237+0000: 1030.776: [GC [PSYoungGen: 159174K->826K(155904K)] 337409K->179117K(842880K), 0.0062090 secs] [Times: user=0.02 sys=0.00, real=0.01 secs] 
2014-07-16T02:32:36.787+0000: 1031.325: [GC [PSYoungGen: 155898K->626K(152832K)] 334189K->179021K(839808K), 0.0036610 secs] [Times: user=0.02 sys=0.00, real=0.00 secs] 
2014-07-16T02:32:37.427+0000: 1031.966: [GC [PSYoungGen: 152818K->1428K(150848K)] 331213K->179961K(837824K), 0.0054720 secs] [Times: user=0.03 sys=0.01, real=0.01 secs] 
2014-07-16T02:32:37.918+0000: 1032.456: [GC [PSYoungGen: 150804K->762K(147456K)] 329337K->179391K(834432K), 0.0039160 secs] [Times: user=0.02 sys=0.01, real=0.01 secs] 
2014-07-16T02:32:38.446+0000: 1032.985: [GC [PSYoungGen: 147450K->498K(144576K)] 326079K->179183K(831552K), 0.0035140 secs] [Times: user=0.02 sys=0.01, real=0.00 secs] 
2014-07-16T02:32:38.988+0000: 1033.526: [GC [PSYoungGen: 144528K->1004K(142528K)] 323213K->179761K(829504K), 0.0052560 secs] [Times: user=0.03 sys=0.00, real=0.01 secs] 
2014-07-16T02:32:39.494+0000: 1034.033: [GC [PSYoungGen: 142508K->762K(139776K)] 321265K->179591K(826752K), 0.0064200 secs] [Times: user=0.04 sys=0.00, real=0.00 secs] 
2014-07-16T02:32:39.988+0000: 1034.526: [GC [PSYoungGen: 139729K->1026K(137664K)] 318558K->179959K(824640K), 0.0042170 secs] [Times: user=0.02 sys=0.00, real=0.01 secs] 
2014-07-16T02:32:40.497+0000: 1035.036: [GC [PSYoungGen: 137602K->740K(135040K)] 316535K->179785K(822016K), 0.0059460 secs] [Times: user=0.03 sys=0.00, real=0.01 secs] 
2014-07-16T02:32:40.978+0000: 1035.517: [GC [PSYoungGen: 135012K->466K(161664K)] 314057K->179591K(848640K), 0.0073070 secs] [Times: user=0.04 sys=0.00, real=0.01 secs] 
2014-07-16T02:32:41.558+0000: 1036.097: [GC [PSYoungGen: 161617K->416K(193856K)] 340742K->179581K(880832K), 0.0068330 secs] [Times: user=0.03 sys=0.01, real=0.01 secs] 
2014-07-16T02:32:42.253+0000: 1036.791: [GC [PSYoungGen: 193824K->812K(190144K)] 372989K->180057K(877120K), 0.0045940 secs] [Times: user=0.02 sys=0.00, real=0.00 secs] 
2014-07-16T02:32:43.012+0000: 1037.551: [GC [PSYoungGen: 190113K->1266K(228480K)] 369358K->180551K(915456K), 0.0090380 secs] [Times: user=0.05 sys=0.00, real=0.01 secs] 
2014-07-16T02:32:43.852+0000: 1038.390: [GC [PSYoungGen: 228387K->738K(222656K)] 407672K->180249K(909632K), 0.0051890 secs] [Times: user=0.02 sys=0.00, real=0.01 secs] 
2014-07-16T02:32:44.652+0000: 1039.190: [GC [PSYoungGen: 222626K->766K(217536K)] 402137K->180317K(904512K), 0.0040030 secs] [Times: user=0.01 sys=0.00, real=0.01 secs] 
2014-07-16T02:32:45.443+0000: 1039.982: [GC [PSYoungGen: 217534K->840K(212736K)] 397085K->180671K(899712K), 0.0044620 secs] [Times: user=0.03 sys=0.00, real=0.00 secs] 
2014-07-16T02:32:46.198+0000: 1040.736: [GC [PSYoungGen: 212680K->726K(254976K)] 392511K->180621K(941952K), 0.0165190 secs] [Times: user=0.09 sys=0.00, real=0.02 secs] 
2014-07-16T02:32:47.121+0000: 1041.659: [GC [PSYoungGen: 254934K->576K(248512K)] 434829K->180551K(935488K), 0.0030480 secs] [Times: user=0.02 sys=0.00, real=0.01 secs] 
2014-07-16T02:32:48.069+0000: 1042.608: [GC [PSYoungGen: 248512K->804K(242752K)] 428487K->180859K(929728K), 0.0080240 secs] [Times: user=0.05 sys=0.00, real=0.01 secs] 
2014-07-16T02:32:48.930+0000: 1043.468: [GC [PSYoungGen: 242675K->1326K(237440K)] 422730K->181617K(924416K), 0.0069900 secs] [Times: user=0.05 sys=0.00, real=0.01 secs] 
2014-07-16T02:32:49.772+0000: 1044.311: [GC [PSYoungGen: 237387K->972K(231488K)] 417678K->181335K(918464K), 0.0069160 secs] [Times: user=0.04 sys=0.00, real=0.01 secs] 
2014-07-16T02:32:50.607+0000: 1045.146: [GC [PSYoungGen: 231400K->754K(225856K)] 411764K->181245K(912832K), 0.0047910 secs] [Times: user=0.03 sys=0.00, real=0.00 secs] 
2014-07-16T02:32:51.410+0000: 1045.948: [GC [PSYoungGen: 225842K->730K(220672K)] 406333K->181261K(907648K), 0.0101690 secs] [Times: user=0.06 sys=0.00, real=0.01 secs] 
2014-07-16T02:32:52.202+0000: 1046.741: [GC [PSYoungGen: 220634K->434K(215296K)] 401165K->181037K(902272K), 0.0071300 secs] [Times: user=0.05 sys=0.00, real=0.01 secs] 
2014-07-16T02:32:53.093+0000: 1047.631: [GC [PSYoungGen: 215186K->1440K(211456K)] 395789K->182207K(898432K), 0.0042570 secs] [Times: user=0.02 sys=0.00, real=0.01 secs] 
2014-07-16T02:32:53.818+0000: 1048.357: [GC [PSYoungGen: 211424K->908K(206272K)] 392191K->181755K(893248K), 0.0058320 secs] [Times: user=0.04 sys=0.01, real=0.01 secs] 
2014-07-16T02:32:54.542+0000: 1049.081: [GC [PSYoungGen: 206220K->784K(201600K)] 387067K->181671K(888576K), 0.0064560 secs] [Times: user=0.03 sys=0.00, real=0.01 secs] 
2014-07-16T02:32:55.277+0000: 1049.816: [GC [PSYoungGen: 201502K->1226K(197696K)] 382390K->182217K(884672K), 0.0049450 secs] [Times: user=0.04 sys=0.00, real=0.00 secs] 
2014-07-16T02:32:55.982+0000: 1050.520: [GC [PSYoungGen: 197642K->886K(193088K)] 378633K->181941K(880064K), 0.0042720 secs] [Times: user=0.01 sys=0.00, real=0.01 secs] 
2014-07-16T02:32:56.667+0000: 1051.206: [GC [PSYoungGen: 193049K->548K(188672K)] 374104K->181683K(875648K), 0.0068050 secs] [Times: user=0.04 sys=0.01, real=0.01 secs] 
2014-07-16T02:32:57.341+0000: 1051.879: [GC [PSYoungGen: 188644K->844K(185088K)] 369779K->182075K(872064K), 0.0041420 secs] [Times: user=0.02 sys=0.00, real=0.01 secs] 
2014-07-16T02:32:58.076+0000: 1052.615: [GC [PSYoungGen: 185025K->1158K(181632K)] 366256K->182485K(868608K), 0.0059360 secs] [Times: user=0.04 sys=0.00, real=0.00 secs] 
2014-07-16T02:32:58.704+0000: 1053.243: [GC [PSYoungGen: 181490K->1058K(177792K)] 362818K->182481K(864768K), 0.0051180 secs] [Times: user=0.02 sys=0.00, real=0.00 secs] 
2014-07-16T02:32:59.326+0000: 1053.865: [GC [PSYoungGen: 177762K->566K(173696K)] 359185K->182061K(860672K), 0.0047460 secs] [Times: user=0.03 sys=0.00, real=0.00 secs] 
2014-07-16T02:32:59.959+0000: 1054.497: [GC [PSYoungGen: 173669K->708K(170432K)] 355165K->182251K(857408K), 0.0039240 secs] [Times: user=0.02 sys=0.00, real=0.00 secs] 
2014-07-16T02:33:00.586+0000: 1055.124: [GC [PSYoungGen: 170372K->676K(167040K)] 351915K->182275K(854016K), 0.0070630 secs] [Times: user=0.03 sys=0.00, real=0.00 secs] 
2014-07-16T02:33:01.194+0000: 1055.733: [GC [PSYoungGen: 167012K->976K(164160K)] 348611K->182647K(851136K), 0.0039750 secs] [Times: user=0.02 sys=0.01, real=0.01 secs] 
2014-07-16T02:33:01.782+0000: 1056.321: [GC [PSYoungGen: 164112K->926K(160960K)] 345783K->182661K(847936K), 0.0054760 secs] [Times: user=0.03 sys=0.00, real=0.01 secs] 
2014-07-16T02:33:02.361+0000: 1056.899: [GC [PSYoungGen: 160926K->830K(157824K)] 342661K->182637K(844800K), 0.0062570 secs] [Times: user=0.04 sys=0.00, real=0.01 secs] 
2014-07-16T02:33:02.994+0000: 1057.533: [GC [PSYoungGen: 157822K->1030K(155136K)] 339629K->182909K(842112K), 0.0062920 secs] [Times: user=0.04 sys=0.00, real=0.00 secs] 
2014-07-16T02:33:03.510+0000: 1058.049: [GC [PSYoungGen: 155078K->1036K(152256K)] 336957K->182979K(839232K), 0.0036340 secs] [Times: user=0.01 sys=0.00, real=0.00 secs] 
2014-07-16T02:33:04.081+0000: 1058.620: [GC [PSYoungGen: 152204K->612K(149056K)] 334147K->182619K(836032K), 0.0047750 secs] [Times: user=0.02 sys=0.00, real=0.01 secs] 
2014-07-16T02:33:04.589+0000: 1059.127: [GC [PSYoungGen: 149028K->690K(146432K)] 331035K->182785K(833408K), 0.0047450 secs] [Times: user=0.02 sys=0.00, real=0.00 secs] 
2014-07-16T02:33:05.107+0000: 1059.646: [GC [PSYoungGen: 146418K->730K(143872K)] 328513K->182897K(830848K), 0.0041300 secs] [Times: user=0.02 sys=0.00, real=0.00 secs] 
2014-07-16T02:33:05.615+0000: 1060.154: [GC [PSYoungGen: 143834K->994K(172800K)] 326001K->183241K(859776K), 0.0092580 secs] [Times: user=0.06 sys=0.00, real=0.00 secs] 
2014-07-16T02:33:06.243+0000: 1060.782: [GC [PSYoungGen: 172757K->944K(169344K)] 355004K->183287K(856320K), 0.0033810 secs] [Times: user=0.02 sys=0.00, real=0.01 secs] 
2014-07-16T02:33:06.841+0000: 1061.380: [GC [PSYoungGen: 169328K->612K(165760K)] 351671K->183059K(852736K), 0.0039810 secs] [Times: user=0.02 sys=0.00, real=0.01 secs] 
2014-07-16T02:33:07.437+0000: 1061.975: [GC [PSYoungGen: 165732K->1172K(163136K)] 348179K->183707K(850112K), 0.0033530 secs] [Times: user=0.02 sys=0.00, real=0.00 secs] 
2014-07-16T02:33:08.124+0000: 1062.663: [GC [PSYoungGen: 163003K->762K(159616K)] 345538K->183369K(846592K), 0.0067640 secs] [Times: user=0.04 sys=0.00, real=0.01 secs] 
2014-07-16T02:33:08.648+0000: 1063.187: [GC [PSYoungGen: 159581K->608K(156480K)] 342189K->183303K(843456K), 0.0028220 secs] [Times: user=0.01 sys=0.00, real=0.00 secs] 
2014-07-16T02:33:09.215+0000: 1063.753: [GC [PSYoungGen: 156448K->580K(153600K)] 339143K->183347K(840576K), 0.0052560 secs] [Times: user=0.03 sys=0.00, real=0.01 secs] 
2014-07-16T02:33:09.763+0000: 1064.302: [GC [PSYoungGen: 153540K->726K(184320K)] 336307K->183573K(871296K), 0.0101120 secs] [Times: user=0.05 sys=0.00, real=0.01 secs] 
2014-07-16T02:33:10.420+0000: 1064.959: [GC [PSYoungGen: 184278K->702K(180480K)] 367125K->183597K(867456K), 0.0046730 secs] [Times: user=0.02 sys=0.00, real=0.00 secs] 
2014-07-16T02:33:11.066+0000: 1065.605: [GC [PSYoungGen: 180478K->1254K(177408K)] 363373K->184221K(864384K), 0.0035860 secs] [Times: user=0.01 sys=0.00, real=0.00 secs] 
2014-07-16T02:33:11.711+0000: 1066.250: [GC [PSYoungGen: 177382K->1194K(173824K)] 360349K->184201K(860800K), 0.0042270 secs] [Times: user=0.01 sys=0.00, real=0.00 secs] 
2014-07-16T02:33:12.331+0000: 1066.870: [GC [PSYoungGen: 173802K->512K(169664K)] 356809K->183743K(856640K), 0.0040550 secs] [Times: user=0.03 sys=0.00, real=0.00 secs] 
2014-07-16T02:33:13.031+0000: 1067.570: [GC [PSYoungGen: 169664K->1182K(167040K)] 352895K->184477K(854016K), 0.0043910 secs] [Times: user=0.02 sys=0.00, real=0.01 secs] 
2014-07-16T02:33:13.606+0000: 1068.145: [GC [PSYoungGen: 167006K->1390K(164032K)] 350301K->184919K(851008K), 0.0095020 secs] [Times: user=0.05 sys=0.00, real=0.00 secs] 
2014-07-16T02:33:14.167+0000: 1068.705: [GC [PSYoungGen: 164014K->758K(160256K)] 347543K->184399K(847232K), 0.0050690 secs] [Times: user=0.03 sys=0.00, real=0.00 secs] 
2014-07-16T02:33:14.741+0000: 1069.280: [GC [PSYoungGen: 160232K->726K(157248K)] 343873K->184471K(844224K), 0.0038200 secs] [Times: user=0.02 sys=0.00, real=0.00 secs] 
2014-07-16T02:33:15.310+0000: 1069.848: [GC [PSYoungGen: 157206K->748K(188544K)] 340951K->184541K(875520K), 0.0096780 secs] [Times: user=0.06 sys=0.00, real=0.01 secs] 
2014-07-16T02:33:15.982+0000: 1070.521: [GC [PSYoungGen: 188481K->894K(226240K)] 372274K->184751K(913216K), 0.0077810 secs] [Times: user=0.04 sys=0.01, real=0.01 secs] 
2014-07-16T02:33:16.789+0000: 1071.328: [GC [PSYoungGen: 226238K->1158K(221312K)] 410095K->185095K(908288K), 0.0043650 secs] [Times: user=0.02 sys=0.00, real=0.00 secs] 
2014-07-16T02:33:17.574+0000: 1072.113: [GC [PSYoungGen: 221254K->730K(215808K)] 405191K->184747K(902784K), 0.0068320 secs] [Times: user=0.04 sys=0.00, real=0.01 secs] 
2014-07-16T02:33:18.353+0000: 1072.892: [GC [PSYoungGen: 215769K->762K(210944K)] 399786K->184835K(897920K), 0.0064830 secs] [Times: user=0.03 sys=0.01, real=0.01 secs] 
2014-07-16T02:33:19.120+0000: 1073.659: [GC [PSYoungGen: 210862K->982K(206528K)] 394936K->185135K(893504K), 0.0069360 secs] [Times: user=0.05 sys=0.01, real=0.01 secs] 
2014-07-16T02:33:19.864+0000: 1074.403: [GC [PSYoungGen: 206486K->758K(201728K)] 390639K->185007K(888704K), 0.0034860 secs] [Times: user=0.02 sys=0.00, real=0.01 secs] 
2014-07-16T02:33:20.576+0000: 1075.115: [GC [PSYoungGen: 201718K->1036K(197696K)] 385967K->185333K(884672K), 0.0037730 secs] [Times: user=0.02 sys=0.00, real=0.01 secs] 
2014-07-16T02:33:21.289+0000: 1075.828: [GC [PSYoungGen: 197644K->1426K(193856K)] 381941K->185811K(880832K), 0.0068850 secs] [Times: user=0.04 sys=0.00, real=0.00 secs] 
2014-07-16T02:33:22.019+0000: 1076.558: [GC [PSYoungGen: 193807K->434K(188736K)] 378193K->185444K(875712K), 0.0070120 secs] [Times: user=0.04 sys=0.00, real=0.00 secs] 
2014-07-16T02:33:22.673+0000: 1077.211: [GC [PSYoungGen: 188679K->1008K(185344K)] 373689K->186098K(872320K), 0.0029960 secs] [Times: user=0.01 sys=0.00, real=0.00 secs] 
2014-07-16T02:33:23.504+0000: 1078.042: [GC [PSYoungGen: 185328K->1168K(181696K)] 370418K->186726K(868672K), 0.0038520 secs] [Times: user=0.02 sys=0.00, real=0.00 secs] 
2014-07-16T02:33:24.139+0000: 1078.677: [GC [PSYoungGen: 181619K->534K(177344K)] 367178K->186156K(864320K), 0.0032860 secs] [Times: user=0.01 sys=0.00, real=0.00 secs] 
2014-07-16T02:33:24.840+0000: 1079.378: [GC [PSYoungGen: 177254K->850K(174080K)] 362877K->186568K(861056K), 0.0049700 secs] [Times: user=0.02 sys=0.00, real=0.00 secs] 
2014-07-16T02:33:25.419+0000: 1079.958: [GC [PSYoungGen: 174034K->698K(170432K)] 359752K->186464K(857408K), 0.0034160 secs] [Times: user=0.02 sys=0.01, real=0.00 secs] 
2014-07-16T02:33:26.039+0000: 1080.578: [GC [PSYoungGen: 170424K->772K(167232K)] 356190K->186610K(854208K), 0.0043450 secs] [Times: user=0.03 sys=0.00, real=0.00 secs] 
2014-07-16T02:33:26.645+0000: 1081.184: [GC [PSYoungGen: 167172K->968K(164160K)] 353010K->186894K(851136K), 0.0058700 secs] [Times: user=0.04 sys=0.00, real=0.01 secs] 
2014-07-16T02:33:27.234+0000: 1081.773: [GC [PSYoungGen: 164102K->712K(160768K)] 350028K->186710K(847744K), 0.0052750 secs] [Times: user=0.03 sys=0.00, real=0.01 secs] 
2014-07-16T02:33:27.810+0000: 1082.349: [GC [PSYoungGen: 160712K->612K(192640K)] 346710K->186682K(879616K), 0.0112790 secs] [Times: user=0.07 sys=0.00, real=0.01 secs] 
2014-07-16T02:33:28.554+0000: 1083.093: [GC [PSYoungGen: 192612K->608K(188544K)] 378682K->186758K(875520K), 0.0039520 secs] [Times: user=0.02 sys=0.00, real=0.01 secs] 
2014-07-16T02:33:29.225+0000: 1083.764: [GC [PSYoungGen: 188512K->616K(184640K)] 374662K->186830K(871616K), 0.0053810 secs] [Times: user=0.03 sys=0.00, real=0.01 secs] 
2014-07-16T02:33:29.898+0000: 1084.437: [GC [PSYoungGen: 184516K->740K(180992K)] 370731K->187026K(867968K), 0.0049530 secs] [Times: user=0.03 sys=0.00, real=0.01 secs] 
2014-07-16T02:33:30.545+0000: 1085.083: [GC [PSYoungGen: 180964K->672K(177280K)] 367250K->187006K(864256K), 0.0047430 secs] [Times: user=0.02 sys=0.00, real=0.01 secs] 
2014-07-16T02:33:31.186+0000: 1085.724: [GC [PSYoungGen: 177248K->1204K(174208K)] 363582K->187634K(861184K), 0.0042130 secs] [Times: user=0.03 sys=0.00, real=0.01 secs] 
2014-07-16T02:33:31.828+0000: 1086.367: [GC [PSYoungGen: 174196K->626K(170176K)] 360626K->187136K(857152K), 0.0036650 secs] [Times: user=0.02 sys=0.00, real=0.01 secs] 
2014-07-16T02:33:32.444+0000: 1086.983: [GC [PSYoungGen: 170128K->630K(166848K)] 356638K->187220K(853824K), 0.0036800 secs] [Times: user=0.02 sys=0.00, real=0.00 secs] 
2014-07-16T02:33:33.061+0000: 1087.599: [GC [PSYoungGen: 166838K->730K(163776K)] 353428K->187360K(850752K), 0.0036170 secs] [Times: user=0.01 sys=0.00, real=0.00 secs] 
2014-07-16T02:33:33.731+0000: 1088.270: [GC [PSYoungGen: 163738K->548K(160448K)] 350368K->187226K(847424K), 0.0043510 secs] [Times: user=0.02 sys=0.01, real=0.00 secs] 
2014-07-16T02:33:34.291+0000: 1088.830: [GC [PSYoungGen: 160420K->676K(157568K)] 347098K->187434K(844544K), 0.0041020 secs] [Times: user=0.02 sys=0.00, real=0.00 secs] 
2014-07-16T02:33:34.856+0000: 1089.394: [GC [PSYoungGen: 157540K->762K(154688K)] 344298K->187592K(841664K), 0.0037530 secs] [Times: user=0.02 sys=0.00, real=0.01 secs] 
2014-07-16T02:33:35.417+0000: 1089.956: [GC [PSYoungGen: 154682K->1104K(152256K)] 341512K->188006K(839232K), 0.0038050 secs] [Times: user=0.01 sys=0.00, real=0.01 secs] 
2014-07-16T02:33:35.972+0000: 1090.510: [GC [PSYoungGen: 152180K->516K(148928K)] 339083K->187482K(835904K), 0.0060670 secs] [Times: user=0.04 sys=0.00, real=0.00 secs] 
2014-07-16T02:33:36.503+0000: 1091.041: [GC [PSYoungGen: 148868K->1330K(147008K)] 335834K->188700K(833984K), 0.0082660 secs] [Times: user=0.04 sys=0.00, real=0.01 secs] 
2014-07-16T02:33:37.037+0000: 1091.576: [GC [PSYoungGen: 146994K->812K(143872K)] 334364K->188928K(830848K), 0.0063180 secs] [Times: user=0.03 sys=0.00, real=0.01 secs] 
2014-07-16T02:33:37.542+0000: 1092.080: [GC [PSYoungGen: 143852K->1012K(172672K)] 331968K->189193K(859648K), 0.0088500 secs] [Times: user=0.05 sys=0.00, real=0.01 secs] 
2014-07-16T02:33:38.168+0000: 1092.706: [GC [PSYoungGen: 172660K->862K(206912K)] 360841K->189131K(893888K), 0.0075310 secs] [Times: user=0.03 sys=0.00, real=0.01 secs] 
2014-07-16T02:33:39.019+0000: 1093.557: [GC [PSYoungGen: 206878K->694K(211712K)] 395147K->189026K(898688K), 0.0053910 secs] [Times: user=0.03 sys=0.00, real=0.01 secs] 
2014-07-16T02:33:39.783+0000: 1094.321: [GC [PSYoungGen: 210719K->926K(248960K)] 399052K->189330K(935936K), 0.0089080 secs] [Times: user=0.05 sys=0.00, real=0.01 secs] 
2014-07-16T02:33:40.681+0000: 1095.220: [GC [PSYoungGen: 248222K->512K(241792K)] 436626K->188996K(928768K), 0.0058900 secs] [Times: user=0.04 sys=0.00, real=0.00 secs] 
2014-07-16T02:33:41.552+0000: 1096.090: [GC [PSYoungGen: 241792K->868K(236352K)] 430276K->189432K(923328K), 0.0062750 secs] [Times: user=0.04 sys=0.00, real=0.00 secs] 
2014-07-16T02:33:42.451+0000: 1096.989: [GC [PSYoungGen: 236324K->1058K(230976K)] 424888K->189719K(917952K), 0.0070810 secs] [Times: user=0.04 sys=0.00, real=0.00 secs] 
2014-07-16T02:33:43.293+0000: 1097.832: [GC [PSYoungGen: 230946K->1134K(225664K)] 419607K->189957K(912640K), 0.0102050 secs] [Times: user=0.06 sys=0.00, real=0.01 secs] 
2014-07-16T02:33:44.151+0000: 1098.690: [GC [PSYoungGen: 225646K->580K(219968K)] 414469K->189450K(906944K), 0.0064950 secs] [Times: user=0.04 sys=0.00, real=0.01 secs] 
2014-07-16T02:33:44.946+0000: 1099.485: [GC [PSYoungGen: 219908K->922K(215296K)] 408778K->189880K(902272K), 0.0049560 secs] [Times: user=0.03 sys=0.00, real=0.01 secs] 
2014-07-16T02:33:45.759+0000: 1100.298: [GC [PSYoungGen: 215226K->1094K(210624K)] 404185K->190125K(897600K), 0.0058990 secs] [Times: user=0.03 sys=0.00, real=0.01 secs] 
2014-07-16T02:33:46.505+0000: 1101.043: [GC [PSYoungGen: 210566K->680K(205504K)] 399597K->189806K(892480K), 0.0029770 secs] [Times: user=0.02 sys=0.00, real=0.00 secs] 
2014-07-16T02:33:47.256+0000: 1101.794: [GC [PSYoungGen: 205447K->918K(201280K)] 394574K->190108K(888256K), 0.0056110 secs] [Times: user=0.02 sys=0.00, real=0.01 secs] 
2014-07-16T02:33:47.991+0000: 1102.529: [GC [PSYoungGen: 201238K->1182K(197184K)] 390428K->190445K(884160K), 0.0104110 secs] [Times: user=0.07 sys=0.00, real=0.02 secs] 
2014-07-16T02:33:48.788+0000: 1103.327: [GC [PSYoungGen: 197127K->530K(192320K)] 386390K->189840K(879296K), 0.0063890 secs] [Times: user=0.04 sys=0.01, real=0.01 secs] 
2014-07-16T02:33:49.421+0000: 1103.960: [GC [PSYoungGen: 192267K->908K(188672K)] 381578K->190274K(875648K), 0.0061840 secs] [Times: user=0.02 sys=0.00, real=0.01 secs] 
2014-07-16T02:33:50.124+0000: 1104.663: [GC [PSYoungGen: 188610K->1226K(185088K)] 377977K->190665K(872064K), 0.0059880 secs] [Times: user=0.03 sys=0.00, real=0.00 secs] 
2014-07-16T02:33:50.788+0000: 1105.327: [GC [PSYoungGen: 185034K->748K(180800K)] 374473K->190567K(867776K), 0.0078470 secs] [Times: user=0.04 sys=0.00, real=0.01 secs] 
2014-07-16T02:33:51.416+0000: 1105.955: [GC [PSYoungGen: 180780K->694K(177088K)] 370599K->190609K(864064K), 0.0047100 secs] [Times: user=0.03 sys=0.00, real=0.00 secs] 
2014-07-16T02:33:52.065+0000: 1106.603: [GC [PSYoungGen: 177078K->780K(212544K)] 366993K->190743K(899520K), 0.0096980 secs] [Times: user=0.05 sys=0.01, real=0.01 secs] 
2014-07-16T02:33:52.829+0000: 1107.367: [GC [PSYoungGen: 212492K->644K(207680K)] 402455K->190679K(894656K), 0.0060770 secs] [Times: user=0.03 sys=0.00, real=0.01 secs] 
2014-07-16T02:33:53.666+0000: 1108.205: [GC [PSYoungGen: 207566K->1528K(203904K)] 397601K->191675K(890880K), 0.0060920 secs] [Times: user=0.03 sys=0.00, real=0.01 secs] 
2014-07-16T02:33:54.354+0000: 1108.892: [GC [PSYoungGen: 203892K->794K(198784K)] 394039K->191029K(885760K), 0.0058610 secs] [Times: user=0.03 sys=0.00, real=0.00 secs] 
2014-07-16T02:33:55.102+0000: 1109.641: [GC [PSYoungGen: 198746K->1108K(194816K)] 388981K->191431K(881792K), 0.0031920 secs] [Times: user=0.02 sys=0.00, real=0.00 secs] 
2014-07-16T02:33:55.841+0000: 1110.380: [GC [PSYoungGen: 194772K->534K(190144K)] 385095K->190913K(877120K), 0.0063890 secs] [Times: user=0.04 sys=0.00, real=0.01 secs] 
2014-07-16T02:33:56.529+0000: 1111.068: [GC [PSYoungGen: 190102K->466K(186112K)] 380481K->190909K(873088K), 0.0055610 secs] [Times: user=0.04 sys=0.00, real=0.01 secs] 
2014-07-16T02:33:57.197+0000: 1111.736: [GC [PSYoungGen: 186066K->880K(182656K)] 376509K->191379K(869632K), 0.0054320 secs] [Times: user=0.03 sys=0.00, real=0.01 secs] 
2014-07-16T02:33:57.854+0000: 1112.393: [GC [PSYoungGen: 182640K->812K(178880K)] 373139K->191375K(865856K), 0.0070350 secs] [Times: user=0.05 sys=0.00, real=0.00 secs] 
2014-07-16T02:33:58.506+0000: 1113.045: [GC [PSYoungGen: 178849K->716K(214464K)] 369412K->191303K(901440K), 0.0141370 secs] [Times: user=0.08 sys=0.00, real=0.01 secs] 
2014-07-16T02:33:59.310+0000: 1113.848: [GC [PSYoungGen: 214411K->576K(232384K)] 404998K->191242K(919360K), 0.0070220 secs] [Times: user=0.05 sys=0.00, real=0.01 secs] 
2014-07-16T02:34:00.150+0000: 1114.688: [GC [PSYoungGen: 231424K->794K(226240K)] 422090K->191509K(913216K), 0.0035060 secs] [Times: user=0.02 sys=0.00, real=0.01 secs] 
2014-07-16T02:34:00.952+0000: 1115.491: [GC [PSYoungGen: 226160K->698K(220864K)] 416875K->191493K(907840K), 0.0044770 secs] [Times: user=0.03 sys=0.00, real=0.01 secs] 
2014-07-16T02:34:01.744+0000: 1116.282: [GC [PSYoungGen: 220858K->726K(215872K)] 411653K->191577K(902848K), 0.0059590 secs] [Times: user=0.04 sys=0.00, real=0.00 secs] 
2014-07-16T02:34:02.529+0000: 1117.068: [GC [PSYoungGen: 215827K->516K(210816K)] 406678K->191399K(897792K), 0.0107550 secs] [Times: user=0.05 sys=0.00, real=0.01 secs] 
2014-07-16T02:34:03.297+0000: 1117.836: [GC [PSYoungGen: 210722K->562K(206144K)] 401605K->191501K(893120K), 0.0077680 secs] [Times: user=0.05 sys=0.00, real=0.01 secs] 
2014-07-16T02:34:04.110+0000: 1118.649: [GC [PSYoungGen: 206130K->854K(201920K)] 397069K->191873K(888896K), 0.0055510 secs] [Times: user=0.03 sys=0.00, real=0.01 secs] 
2014-07-16T02:34:04.868+0000: 1119.407: [GC [PSYoungGen: 201871K->1238K(197952K)] 392890K->192321K(884928K), 0.0067630 secs] [Times: user=0.04 sys=0.00, real=0.01 secs] 
2014-07-16T02:34:05.618+0000: 1120.157: [GC [PSYoungGen: 197910K->434K(192896K)] 388993K->191887K(879872K), 0.0035930 secs] [Times: user=0.02 sys=0.00, real=0.00 secs] 
2014-07-16T02:34:06.289+0000: 1120.827: [GC [PSYoungGen: 192881K->1154K(189568K)] 384334K->192663K(876544K), 0.0081800 secs] [Times: user=0.04 sys=0.00, real=0.01 secs] 
2014-07-16T02:34:06.973+0000: 1121.511: [GC [PSYoungGen: 189506K->1066K(185472K)] 381015K->192981K(872448K), 0.0044070 secs] [Times: user=0.03 sys=0.00, real=0.01 secs] 
2014-07-16T02:34:07.629+0000: 1122.168: [GC [PSYoungGen: 185450K->544K(181120K)] 377365K->192531K(868096K), 0.0036570 secs] [Times: user=0.02 sys=0.00, real=0.00 secs] 
2014-07-16T02:34:08.289+0000: 1122.827: [GC [PSYoungGen: 181088K->516K(177408K)] 373075K->192575K(864384K), 0.0036460 secs] [Times: user=0.02 sys=0.00, real=0.00 secs] 
2014-07-16T02:34:09.021+0000: 1123.560: [GC [PSYoungGen: 177348K->662K(173952K)] 369407K->192753K(860928K), 0.0048920 secs] [Times: user=0.02 sys=0.00, real=0.01 secs] 
2014-07-16T02:34:09.562+0000: 1124.100: [GC [PSYoungGen: 173840K->812K(170624K)] 365931K->192975K(857600K), 0.0053800 secs] [Times: user=0.03 sys=0.00, real=0.01 secs] 
2014-07-16T02:34:10.188+0000: 1124.727: [GC [PSYoungGen: 170604K->580K(167104K)] 362767K->192799K(854080K), 0.0043690 secs] [Times: user=0.02 sys=0.00, real=0.00 secs] 
2014-07-16T02:34:10.792+0000: 1125.331: [GC [PSYoungGen: 167044K->690K(163904K)] 359263K->193005K(850880K), 0.0058250 secs] [Times: user=0.03 sys=0.00, real=0.01 secs] 
2014-07-16T02:34:11.380+0000: 1125.918: [GC [PSYoungGen: 163890K->722K(160832K)] 356205K->193077K(847808K), 0.0045630 secs] [Times: user=0.02 sys=0.00, real=0.00 secs] 
2014-07-16T02:34:11.952+0000: 1126.490: [GC [PSYoungGen: 160784K->648K(192832K)] 353139K->193051K(879808K), 0.0114150 secs] [Times: user=0.06 sys=0.00, real=0.01 secs] 
2014-07-16T02:34:12.649+0000: 1127.188: [GC [PSYoungGen: 192776K->922K(221376K)] 385179K->193397K(908352K), 0.0065190 secs] [Times: user=0.03 sys=0.00, real=0.01 secs] 
2014-07-16T02:34:13.451+0000: 1127.990: [GC [PSYoungGen: 220905K->1140K(216128K)] 413380K->193703K(903104K), 0.0065930 secs] [Times: user=0.04 sys=0.00, real=0.01 secs] 
2014-07-16T02:34:14.274+0000: 1128.813: [GC [PSYoungGen: 216116K->448K(210560K)] 408679K->193059K(897536K), 0.0040740 secs] [Times: user=0.01 sys=0.00, real=0.01 secs] 
2014-07-16T02:34:15.021+0000: 1129.560: [GC [PSYoungGen: 210560K->1262K(206720K)] 403171K->193937K(893696K), 0.0051750 secs] [Times: user=0.03 sys=0.00, real=0.01 secs] 
2014-07-16T02:34:15.759+0000: 1130.298: [GC [PSYoungGen: 206702K->516K(201472K)] 399377K->193223K(888448K), 0.0058960 secs] [Times: user=0.02 sys=0.00, real=0.00 secs] 
2014-07-16T02:34:16.487+0000: 1131.026: [GC [PSYoungGen: 201412K->912K(197504K)] 394119K->193699K(884480K), 0.0068830 secs] [Times: user=0.03 sys=0.00, real=0.00 secs] 
2014-07-16T02:34:17.200+0000: 1131.739: [GC [PSYoungGen: 197455K->1018K(193344K)] 390242K->193909K(880320K), 0.0031600 secs] [Times: user=0.02 sys=0.01, real=0.00 secs] 
2014-07-16T02:34:17.886+0000: 1132.424: [GC [PSYoungGen: 193338K->594K(188864K)] 386229K->193565K(875840K), 0.0054320 secs] [Times: user=0.02 sys=0.00, real=0.01 secs] 
2014-07-16T02:34:18.569+0000: 1133.108: [GC [PSYoungGen: 188818K->434K(184704K)] 381789K->193445K(871680K), 0.0035860 secs] [Times: user=0.01 sys=0.00, real=0.00 secs] 
2014-07-16T02:34:19.306+0000: 1133.845: [GC [PSYoungGen: 184687K->1190K(181632K)] 377698K->194257K(868608K), 0.0055160 secs] [Times: user=0.03 sys=0.00, real=0.00 secs] 
2014-07-16T02:34:19.943+0000: 1134.481: [GC [PSYoungGen: 181606K->766K(177472K)] 374673K->193881K(864448K), 0.0073400 secs] [Times: user=0.04 sys=0.00, real=0.01 secs] 
2014-07-16T02:34:20.587+0000: 1135.126: [GC [PSYoungGen: 177470K->516K(173696K)] 370585K->193679K(860672K), 0.0036630 secs] [Times: user=0.01 sys=0.00, real=0.00 secs] 
2014-07-16T02:34:21.224+0000: 1135.762: [GC [PSYoungGen: 173636K->958K(170624K)] 366799K->194185K(857600K), 0.0065830 secs] [Times: user=0.03 sys=0.00, real=0.01 secs] 
2014-07-16T02:34:21.840+0000: 1136.379: [GC [PSYoungGen: 170575K->616K(166976K)] 363802K->193899K(853952K), 0.0050110 secs] [Times: user=0.03 sys=0.00, real=0.00 secs] 
2014-07-16T02:34:22.440+0000: 1136.978: [GC [PSYoungGen: 166928K->1244K(164416K)] 360211K->194599K(851392K), 0.0044110 secs] [Times: user=0.02 sys=0.00, real=0.00 secs] 
2014-07-16T02:34:23.029+0000: 1137.568: [GC [PSYoungGen: 164334K->484K(160512K)] 357689K->193895K(847488K), 0.0052390 secs] [Times: user=0.03 sys=0.00, real=0.00 secs] 
2014-07-16T02:34:23.604+0000: 1138.143: [GC [PSYoungGen: 160484K->1030K(158080K)] 353895K->194481K(845056K), 0.0071650 secs] [Times: user=0.04 sys=0.00, real=0.01 secs] 
2014-07-16T02:34:24.273+0000: 1138.812: [GC [PSYoungGen: 158022K->1040K(155136K)] 351473K->194587K(842112K), 0.0076660 secs] [Times: user=0.05 sys=0.00, real=0.01 secs] 
2014-07-16T02:34:24.853+0000: 1139.392: [GC [PSYoungGen: 155088K->1086K(152256K)] 348635K->194673K(839232K), 0.0056920 secs] [Times: user=0.02 sys=0.01, real=0.01 secs] 
2014-07-16T02:34:25.397+0000: 1139.936: [GC [PSYoungGen: 152254K->954K(149376K)] 345841K->194597K(836352K), 0.0046070 secs] [Times: user=0.01 sys=0.00, real=0.00 secs] 
2014-07-16T02:34:25.927+0000: 1140.465: [GC [PSYoungGen: 149370K->890K(146624K)] 343013K->194621K(833600K), 0.0039470 secs] [Times: user=0.02 sys=0.00, real=0.01 secs] 
2014-07-16T02:34:26.498+0000: 1141.037: [GC [PSYoungGen: 146618K->1248K(144384K)] 340349K->195067K(831360K), 0.0051280 secs] [Times: user=0.03 sys=0.00, real=0.00 secs] 
2014-07-16T02:34:26.998+0000: 1141.537: [GC [PSYoungGen: 144352K->552K(141184K)] 338171K->194411K(828160K), 0.0050580 secs] [Times: user=0.01 sys=0.00, real=0.00 secs] 
2014-07-16T02:34:27.515+0000: 1142.053: [GC [PSYoungGen: 141160K->466K(138688K)] 335019K->194373K(825664K), 0.0047440 secs] [Times: user=0.01 sys=0.00, real=0.01 secs] 
2014-07-16T02:34:28.010+0000: 1142.549: [GC [PSYoungGen: 138642K->602K(136448K)] 332549K->194541K(823424K), 0.0033450 secs] [Times: user=0.01 sys=0.01, real=0.00 secs] 
2014-07-16T02:34:28.506+0000: 1143.044: [GC [PSYoungGen: 136365K->694K(134208K)] 330305K->194705K(821184K), 0.0058430 secs] [Times: user=0.03 sys=0.00, real=0.01 secs] 
2014-07-16T02:34:28.983+0000: 1143.521: [GC [PSYoungGen: 134198K->762K(132032K)] 328209K->194837K(819008K), 0.0031760 secs] [Times: user=0.02 sys=0.00, real=0.00 secs] 
2014-07-16T02:34:29.541+0000: 1144.080: [GC [PSYoungGen: 132026K->818K(129920K)] 326101K->194949K(816896K), 0.0045080 secs] [Times: user=0.02 sys=0.00, real=0.00 secs] 
2014-07-16T02:34:30.013+0000: 1144.552: [GC [PSYoungGen: 129906K->626K(127616K)] 324037K->194845K(814592K), 0.0056970 secs] [Times: user=0.03 sys=0.00, real=0.01 secs] 
2014-07-16T02:34:30.478+0000: 1145.017: [GC [PSYoungGen: 127602K->580K(153024K)] 321821K->194863K(840000K), 0.0068470 secs] [Times: user=0.04 sys=0.00, real=0.00 secs] 
2014-07-16T02:34:31.025+0000: 1145.563: [GC [PSYoungGen: 152883K->1314K(150912K)] 347166K->195917K(837888K), 0.0037290 secs] [Times: user=0.01 sys=0.00, real=0.01 secs] 
2014-07-16T02:34:31.552+0000: 1146.091: [GC [PSYoungGen: 150882K->548K(147456K)] 345485K->195207K(834432K), 0.0054820 secs] [Times: user=0.02 sys=0.01, real=0.00 secs] 
2014-07-16T02:34:32.087+0000: 1146.626: [GC [PSYoungGen: 147428K->1090K(145408K)] 342087K->195845K(832384K), 0.0060070 secs] [Times: user=0.03 sys=0.00, real=0.01 secs] 
2014-07-16T02:34:32.597+0000: 1147.135: [GC [PSYoungGen: 145309K->1176K(142912K)] 340064K->196011K(829888K), 0.0047630 secs] [Times: user=0.02 sys=0.00, real=0.01 secs] 
2014-07-16T02:34:33.123+0000: 1147.662: [GC [PSYoungGen: 142872K->1164K(140416K)] 337707K->196055K(827392K), 0.0052800 secs] [Times: user=0.02 sys=0.00, real=0.01 secs] 
2014-07-16T02:34:33.616+0000: 1148.155: [GC [PSYoungGen: 140364K->730K(167808K)] 335255K->195693K(854784K), 0.0061650 secs] [Times: user=0.03 sys=0.01, real=0.01 secs] 
2014-07-16T02:34:34.321+0000: 1148.859: [GC [PSYoungGen: 167770K->1010K(164800K)] 362733K->196045K(851776K), 0.0033900 secs] [Times: user=0.02 sys=0.00, real=0.00 secs] 
2014-07-16T02:34:34.951+0000: 1149.490: [GC [PSYoungGen: 164749K->1290K(161984K)] 359785K->196397K(848960K), 0.0077010 secs] [Times: user=0.04 sys=0.00, real=0.01 secs] 
2014-07-16T02:34:35.501+0000: 1150.039: [GC [PSYoungGen: 161930K->512K(158080K)] 357037K->195707K(845056K), 0.0039560 secs] [Times: user=0.02 sys=0.00, real=0.00 secs] 
2014-07-16T02:34:36.078+0000: 1150.617: [GC [PSYoungGen: 158080K->776K(155456K)] 353275K->196027K(842432K), 0.0073880 secs] [Times: user=0.04 sys=0.00, real=0.01 secs] 
2014-07-16T02:34:36.726+0000: 1151.264: [GC [PSYoungGen: 155400K->1200K(152960K)] 350651K->196499K(839936K), 0.0055020 secs] [Times: user=0.02 sys=0.00, real=0.01 secs] 
2014-07-16T02:34:37.209+0000: 1151.748: [GC [PSYoungGen: 152933K->1222K(183424K)] 348232K->196585K(870400K), 0.0093040 secs] [Times: user=0.05 sys=0.00, real=0.00 secs] 
2014-07-16T02:34:37.864+0000: 1152.403: [GC [PSYoungGen: 183366K->448K(206208K)] 378729K->195867K(893184K), 0.0062590 secs] [Times: user=0.04 sys=0.00, real=0.01 secs] 
2014-07-16T02:34:38.598+0000: 1153.137: [GC [PSYoungGen: 204928K->662K(220352K)] 400347K->196153K(907328K), 0.0075050 secs] [Times: user=0.04 sys=0.00, real=0.01 secs] 
2014-07-16T02:34:39.457+0000: 1153.996: [GC [PSYoungGen: 219286K->544K(214208K)] 414777K->196115K(901184K), 0.0051400 secs] [Times: user=0.03 sys=0.00, real=0.01 secs] 
2014-07-16T02:34:40.220+0000: 1154.758: [GC [PSYoungGen: 214176K->690K(209536K)] 409747K->196293K(896512K), 0.0045540 secs] [Times: user=0.01 sys=0.01, real=0.00 secs] 
2014-07-16T02:34:40.983+0000: 1155.522: [GC [PSYoungGen: 209522K->894K(205056K)] 405125K->196585K(892032K), 0.0027380 secs] [Times: user=0.01 sys=0.00, real=0.00 secs] 
2014-07-16T02:34:41.718+0000: 1156.257: [GC [PSYoungGen: 205054K->530K(200256K)] 400745K->196277K(887232K), 0.0082900 secs] [Times: user=0.05 sys=0.00, real=0.01 secs] 
2014-07-16T02:34:42.439+0000: 1156.978: [GC [PSYoungGen: 200210K->480K(195840K)] 395957K->196291K(882816K), 0.0058440 secs] [Times: user=0.03 sys=0.00, real=0.01 secs] 
2014-07-16T02:34:43.152+0000: 1157.691: [GC [PSYoungGen: 195808K->1286K(192512K)] 391619K->197145K(879488K), 0.0047790 secs] [Times: user=0.02 sys=0.00, real=0.00 secs] 
2014-07-16T02:34:43.848+0000: 1158.386: [GC [PSYoungGen: 192454K->1022K(188160K)] 388313K->196977K(875136K), 0.0037950 secs] [Times: user=0.01 sys=0.00, real=0.01 secs] 
2014-07-16T02:34:44.616+0000: 1159.155: [GC [PSYoungGen: 188158K->990K(184256K)] 384113K->197093K(871232K), 0.0080750 secs] [Times: user=0.05 sys=0.00, real=0.01 secs] 
2014-07-16T02:34:45.301+0000: 1159.839: [GC [PSYoungGen: 184222K->1204K(180672K)] 380325K->197363K(867648K), 0.0048180 secs] [Times: user=0.02 sys=0.00, real=0.00 secs] 
2014-07-16T02:34:45.957+0000: 1160.495: [GC [PSYoungGen: 180660K->698K(176512K)] 376819K->196937K(863488K), 0.0038090 secs] [Times: user=0.02 sys=0.00, real=0.01 secs] 
2014-07-16T02:34:46.602+0000: 1161.141: [GC [PSYoungGen: 176506K->976K(173312K)] 372745K->197263K(860288K), 0.0040000 secs] [Times: user=0.02 sys=0.00, real=0.00 secs] 
2014-07-16T02:34:47.253+0000: 1161.792: [GC [PSYoungGen: 173262K->1044K(169984K)] 369549K->197395K(856960K), 0.0092880 secs] [Times: user=0.05 sys=0.00, real=0.01 secs] 
2014-07-16T02:34:47.852+0000: 1162.390: [GC [PSYoungGen: 169854K->1314K(166912K)] 366206K->197729K(853888K), 0.0047500 secs] [Times: user=0.02 sys=0.00, real=0.00 secs] 
2014-07-16T02:34:48.460+0000: 1162.999: [GC [PSYoungGen: 166834K->826K(163200K)] 363249K->197471K(850176K), 0.0060160 secs] [Times: user=0.03 sys=0.00, real=0.01 secs] 
2014-07-16T02:34:49.038+0000: 1163.576: [GC [PSYoungGen: 163192K->762K(160000K)] 359837K->197439K(846976K), 0.0042290 secs] [Times: user=0.02 sys=0.00, real=0.01 secs] 
2014-07-16T02:34:49.682+0000: 1164.220: [GC [PSYoungGen: 159994K->708K(191872K)] 356671K->197449K(878848K), 0.0103580 secs] [Times: user=0.05 sys=0.00, real=0.01 secs] 
2014-07-16T02:34:50.316+0000: 1164.855: [GC [PSYoungGen: 191812K->640K(187712K)] 388553K->197469K(874688K), 0.0047620 secs] [Times: user=0.03 sys=0.00, real=0.01 secs] 
2014-07-16T02:34:50.985+0000: 1165.524: [GC [PSYoungGen: 187711K->1240K(184448K)] 384540K->198109K(871424K), 0.0075070 secs] [Times: user=0.04 sys=0.00, real=0.01 secs] 
2014-07-16T02:34:51.646+0000: 1166.184: [GC [PSYoungGen: 184408K->512K(179904K)] 381277K->197453K(866880K), 0.0065290 secs] [Times: user=0.04 sys=0.01, real=0.01 secs] 
2014-07-16T02:34:52.276+0000: 1166.814: [GC [PSYoungGen: 179904K->1158K(207296K)] 376845K->198171K(894272K), 0.0074710 secs] [Times: user=0.04 sys=0.00, real=0.01 secs] 
2014-07-16T02:34:53.048+0000: 1167.587: [GC [PSYoungGen: 206854K->1114K(207360K)] 403867K->198191K(894336K), 0.0078580 secs] [Times: user=0.04 sys=0.01, real=0.01 secs] 
2014-07-16T02:34:53.774+0000: 1168.312: [GC [PSYoungGen: 206810K->448K(201600K)] 403887K->197597K(888576K), 0.0039350 secs] [Times: user=0.02 sys=0.00, real=0.00 secs] 
2014-07-16T02:34:54.619+0000: 1169.158: [GC [PSYoungGen: 201598K->1292K(198144K)] 398748K->198505K(885120K), 0.0080350 secs] [Times: user=0.05 sys=0.00, real=0.01 secs] 
2014-07-16T02:34:55.289+0000: 1169.827: [GC [PSYoungGen: 198092K->930K(193536K)] 395305K->198207K(880512K), 0.0062280 secs] [Times: user=0.04 sys=0.00, real=0.01 secs] 
2014-07-16T02:34:55.959+0000: 1170.498: [GC [PSYoungGen: 193506K->626K(189120K)] 390783K->197967K(876096K), 0.0058040 secs] [Times: user=0.04 sys=0.00, real=0.01 secs] 
2014-07-16T02:34:56.645+0000: 1171.184: [GC [PSYoungGen: 189106K->954K(185472K)] 386447K->198359K(872448K), 0.0038220 secs] [Times: user=0.02 sys=0.01, real=0.00 secs] 
2014-07-16T02:34:57.406+0000: 1171.944: [GC [PSYoungGen: 185426K->882K(181568K)] 382831K->198375K(868544K), 0.0076560 secs] [Times: user=0.05 sys=0.00, real=0.01 secs] 
2014-07-16T02:34:58.030+0000: 1172.569: [GC [PSYoungGen: 181554K->816K(177792K)] 379047K->198381K(864768K), 0.0043640 secs] [Times: user=0.03 sys=0.00, real=0.01 secs] 
2014-07-16T02:34:58.680+0000: 1173.219: [GC [PSYoungGen: 177776K->1254K(174656K)] 375341K->198915K(861632K), 0.0062550 secs] [Times: user=0.04 sys=0.00, real=0.01 secs] 
2014-07-16T02:34:59.292+0000: 1173.831: [GC [PSYoungGen: 174630K->626K(170560K)] 372291K->198359K(857536K), 0.0074130 secs] [Times: user=0.04 sys=0.00, real=0.00 secs] 
2014-07-16T02:34:59.987+0000: 1174.526: [GC [PSYoungGen: 170546K->1154K(167808K)] 368279K->198943K(854784K), 0.0069050 secs] [Times: user=0.04 sys=0.00, real=0.01 secs] 
2014-07-16T02:35:00.570+0000: 1175.109: [GC [PSYoungGen: 167746K->844K(164224K)] 365535K->198681K(851200K), 0.0035810 secs] [Times: user=0.02 sys=0.01, real=0.01 secs] 
2014-07-16T02:35:01.154+0000: 1175.692: [GC [PSYoungGen: 164172K->708K(160960K)] 362009K->198625K(847936K), 0.0061800 secs] [Times: user=0.04 sys=0.00, real=0.00 secs] 
2014-07-16T02:35:01.762+0000: 1176.301: [GC [PSYoungGen: 160900K->1008K(158208K)] 358817K->198981K(845184K), 0.0078780 secs] [Times: user=0.05 sys=0.00, real=0.01 secs] 
2014-07-16T02:35:02.308+0000: 1176.846: [GC [PSYoungGen: 158192K->384K(154624K)] 356165K->198405K(841600K), 0.0028910 secs] [Times: user=0.01 sys=0.00, real=0.00 secs] 
2014-07-16T02:35:02.870+0000: 1177.409: [GC [PSYoungGen: 154611K->780K(152192K)] 352632K->198881K(839168K), 0.0052830 secs] [Times: user=0.04 sys=0.00, real=0.01 secs] 
2014-07-16T02:35:03.439+0000: 1177.978: [GC [PSYoungGen: 152140K->698K(149312K)] 350241K->198855K(836288K), 0.0071490 secs] [Times: user=0.05 sys=0.00, real=0.01 secs] 
2014-07-16T02:35:03.973+0000: 1178.512: [GC [PSYoungGen: 149306K->562K(146496K)] 347463K->198799K(833472K), 0.0061610 secs] [Times: user=0.04 sys=0.00, real=0.00 secs] 
2014-07-16T02:35:04.504+0000: 1179.042: [GC [PSYoungGen: 146482K->876K(144192K)] 344719K->199169K(831168K), 0.0048980 secs] [Times: user=0.01 sys=0.00, real=0.00 secs] 
2014-07-16T02:35:05.070+0000: 1179.609: [GC [PSYoungGen: 144172K->972K(141760K)] 342465K->199345K(828736K), 0.0053280 secs] [Times: user=0.04 sys=0.00, real=0.01 secs] 
2014-07-16T02:35:05.598+0000: 1180.136: [GC [PSYoungGen: 141652K->1028K(169984K)] 340025K->199489K(856960K), 0.0073930 secs] [Times: user=0.04 sys=0.01, real=0.01 secs] 
2014-07-16T02:35:06.208+0000: 1180.747: [GC [PSYoungGen: 169924K->752K(203456K)] 368385K->199741K(890432K), 0.0062190 secs] [Times: user=0.04 sys=0.00, real=0.01 secs] 
2014-07-16T02:35:06.939+0000: 1181.477: [GC [PSYoungGen: 203440K->680K(198976K)] 402429K->199725K(885952K), 0.0055560 secs] [Times: user=0.03 sys=0.00, real=0.01 secs] 
2014-07-16T02:35:07.750+0000: 1182.289: [GC [PSYoungGen: 198952K->1518K(195520K)] 397997K->200825K(882496K), 0.0048400 secs] [Times: user=0.02 sys=0.00, real=0.01 secs] 
2014-07-16T02:35:08.393+0000: 1182.931: [GC [PSYoungGen: 195502K->1208K(191040K)] 394809K->200635K(878016K), 0.0037720 secs] [Times: user=0.02 sys=0.00, real=0.01 secs] 
2014-07-16T02:35:09.080+0000: 1183.618: [GC [PSYoungGen: 191030K->890K(186752K)] 390458K->200537K(873728K), 0.0045250 secs] [Times: user=0.02 sys=0.00, real=0.01 secs] 
2014-07-16T02:35:09.826+0000: 1184.364: [GC [PSYoungGen: 186746K->1556K(183616K)] 386393K->201267K(870592K), 0.0040680 secs] [Times: user=0.01 sys=0.00, real=0.00 secs] 
2014-07-16T02:35:10.439+0000: 1184.977: [GC [PSYoungGen: 183572K->630K(178944K)] 383283K->200613K(865920K), 0.0049300 secs] [Times: user=0.03 sys=0.00, real=0.00 secs] 
2014-07-16T02:35:11.084+0000: 1185.622: [GC [PSYoungGen: 178934K->452K(175232K)] 378917K->200483K(862208K), 0.0037140 secs] [Times: user=0.01 sys=0.00, real=0.01 secs] 
2014-07-16T02:35:11.718+0000: 1186.256: [GC [PSYoungGen: 175172K->780K(172032K)] 375203K->200907K(859008K), 0.0038500 secs] [Times: user=0.02 sys=0.00, real=0.00 secs] 
2014-07-16T02:35:12.341+0000: 1186.880: [GC [PSYoungGen: 171955K->534K(168384K)] 372082K->200725K(855360K), 0.0031600 secs] [Times: user=0.02 sys=0.00, real=0.01 secs] 
2014-07-16T02:35:12.948+0000: 1187.487: [GC [PSYoungGen: 168342K->1176K(165760K)] 368533K->201431K(852736K), 0.0044820 secs] [Times: user=0.02 sys=0.01, real=0.00 secs] 
2014-07-16T02:35:13.543+0000: 1188.082: [GC [PSYoungGen: 165720K->1112K(162496K)] 365975K->201439K(849472K), 0.0049950 secs] [Times: user=0.03 sys=0.00, real=0.01 secs] 
2014-07-16T02:35:14.133+0000: 1188.671: [GC [PSYoungGen: 162456K->584K(158912K)] 362783K->200943K(845888K), 0.0093620 secs] [Times: user=0.05 sys=0.00, real=0.01 secs] 
2014-07-16T02:35:14.717+0000: 1189.256: [GC [PSYoungGen: 158802K->1076K(156352K)] 359161K->201515K(843328K), 0.0059400 secs] [Times: user=0.05 sys=0.00, real=0.00 secs] 
2014-07-16T02:35:15.293+0000: 1189.832: [GC [PSYoungGen: 156340K->580K(187008K)] 356779K->201051K(873984K), 0.0105990 secs] [Times: user=0.07 sys=0.00, real=0.01 secs] 
2014-07-16T02:35:15.976+0000: 1190.514: [GC [PSYoungGen: 186948K->562K(183040K)] 387419K->201113K(870016K), 0.0042520 secs] [Times: user=0.02 sys=0.00, real=0.00 secs] 
2014-07-16T02:35:16.638+0000: 1191.176: [GC [PSYoungGen: 183025K->758K(179456K)] 383577K->201357K(866432K), 0.0044520 secs] [Times: user=0.02 sys=0.00, real=0.00 secs] 
2014-07-16T02:35:17.287+0000: 1191.826: [GC [PSYoungGen: 179385K->1008K(176064K)] 379984K->201671K(863040K), 0.0058470 secs] [Times: user=0.04 sys=0.01, real=0.00 secs] 
2014-07-16T02:35:17.972+0000: 1192.511: [GC [PSYoungGen: 176047K->898K(172480K)] 376711K->201593K(859456K), 0.0052810 secs] [Times: user=0.02 sys=0.00, real=0.01 secs] 
2014-07-16T02:35:18.577+0000: 1193.116: [GC [PSYoungGen: 172376K->794K(168960K)] 373072K->201569K(855936K), 0.0052700 secs] [Times: user=0.03 sys=0.01, real=0.00 secs] 
2014-07-16T02:35:19.181+0000: 1193.719: [GC [PSYoungGen: 168919K->576K(165440K)] 369695K->201423K(852416K), 0.0052550 secs] [Times: user=0.03 sys=0.00, real=0.01 secs] 
2014-07-16T02:35:19.772+0000: 1194.310: [GC [PSYoungGen: 165424K->794K(162496K)] 366272K->201705K(849472K), 0.0068570 secs] [Times: user=0.03 sys=0.00, real=0.01 secs] 
2014-07-16T02:35:20.435+0000: 1194.974: [GC [PSYoungGen: 162458K->1304K(159936K)] 363369K->202295K(846912K), 0.0070430 secs] [Times: user=0.03 sys=0.00, real=0.00 secs] 
2014-07-16T02:35:20.997+0000: 1195.535: [GC [PSYoungGen: 159882K->576K(156160K)] 360873K->201639K(843136K), 0.0035930 secs] [Times: user=0.02 sys=0.00, real=0.00 secs] 
2014-07-16T02:35:21.540+0000: 1196.079: [GC [PSYoungGen: 156160K->1212K(153920K)] 357223K->202487K(840896K), 0.0056630 secs] [Times: user=0.03 sys=0.00, real=0.00 secs] 
2014-07-16T02:35:22.109+0000: 1196.648: [GC [PSYoungGen: 153916K->1494K(151424K)] 355191K->202849K(838400K), 0.0072350 secs] [Times: user=0.05 sys=0.00, real=0.01 secs] 
2014-07-16T02:35:22.647+0000: 1197.186: [GC [PSYoungGen: 151382K->648K(147840K)] 352737K->202075K(834816K), 0.0032450 secs] [Times: user=0.01 sys=0.00, real=0.00 secs] 
2014-07-16T02:35:23.169+0000: 1197.707: [GC [PSYoungGen: 147784K->930K(145472K)] 349211K->202413K(832448K), 0.0045100 secs] [Times: user=0.02 sys=0.00, real=0.00 secs] 
2014-07-16T02:35:23.676+0000: 1198.215: [GC [PSYoungGen: 145408K->598K(142592K)] 346892K->202137K(829568K), 0.0066270 secs] [Times: user=0.03 sys=0.00, real=0.00 secs] 
2014-07-16T02:35:24.185+0000: 1198.724: [GC [PSYoungGen: 142550K->580K(171008K)] 344089K->202183K(857984K), 0.0062450 secs] [Times: user=0.04 sys=0.00, real=0.01 secs] 
2014-07-16T02:35:24.790+0000: 1199.328: [GC [PSYoungGen: 170948K->716K(167808K)] 372551K->202383K(854784K), 0.0046390 secs] [Times: user=0.02 sys=0.00, real=0.00 secs] 
2014-07-16T02:35:25.399+0000: 1199.937: [GC [PSYoungGen: 167756K->690K(164480K)] 369423K->202437K(851456K), 0.0047430 secs] [Times: user=0.03 sys=0.00, real=0.00 secs] 
2014-07-16T02:35:25.998+0000: 1200.537: [GC [PSYoungGen: 164466K->562K(161216K)] 366213K->202373K(848192K), 0.0061800 secs] [Times: user=0.03 sys=0.00, real=0.00 secs] 
2014-07-16T02:35:26.590+0000: 1201.128: [GC [PSYoungGen: 161202K->1140K(158720K)] 363013K->203023K(845696K), 0.0068190 secs] [Times: user=0.04 sys=0.01, real=0.01 secs] 
2014-07-16T02:35:27.161+0000: 1201.699: [GC [PSYoungGen: 158708K->608K(155264K)] 360591K->202547K(842240K), 0.0042550 secs] [Times: user=0.02 sys=0.00, real=0.00 secs] 
2014-07-16T02:35:27.713+0000: 1202.252: [GC [PSYoungGen: 155198K->776K(152576K)] 357137K->202779K(839552K), 0.0056640 secs] [Times: user=0.03 sys=0.00, real=0.01 secs] 
2014-07-16T02:35:28.362+0000: 1202.901: [GC [PSYoungGen: 152520K->608K(149632K)] 354523K->202675K(836608K), 0.0065720 secs] [Times: user=0.04 sys=0.00, real=0.01 secs] 
2014-07-16T02:35:28.900+0000: 1203.439: [GC [PSYoungGen: 149600K->502K(146816K)] 351667K->202625K(833792K), 0.0054260 secs] [Times: user=0.03 sys=0.00, real=0.00 secs] 
2014-07-16T02:35:29.432+0000: 1203.970: [GC [PSYoungGen: 146806K->1050K(144768K)] 348929K->203261K(831744K), 0.0055390 secs] [Times: user=0.03 sys=0.01, real=0.01 secs] 
2014-07-16T02:35:30.159+0000: 1204.698: [GC [PSYoungGen: 144730K->928K(142080K)] 346941K->203227K(829056K), 0.0053630 secs] [Times: user=0.02 sys=0.01, real=0.00 secs] 
2014-07-16T02:35:30.647+0000: 1205.186: [GC [PSYoungGen: 142048K->938K(139584K)] 344347K->203723K(826560K), 0.0031010 secs] [Times: user=0.01 sys=0.00, real=0.00 secs] 
2014-07-16T02:35:31.134+0000: 1205.673: [GC [PSYoungGen: 139533K->648K(136960K)] 342318K->203481K(823936K), 0.0054220 secs] [Times: user=0.01 sys=0.00, real=0.01 secs] 
2014-07-16T02:35:31.630+0000: 1206.169: [GC [PSYoungGen: 136904K->736K(134720K)] 339737K->203715K(821696K), 0.0037160 secs] [Times: user=0.02 sys=0.01, real=0.00 secs] 
2014-07-16T02:35:32.108+0000: 1206.647: [GC [PSYoungGen: 134688K->1318K(133056K)] 337667K->204377K(820032K), 0.0031200 secs] [Times: user=0.01 sys=0.00, real=0.00 secs] 
2014-07-16T02:35:32.595+0000: 1207.134: [GC [PSYoungGen: 133030K->998K(130560K)] 336089K->204129K(817536K), 0.0061540 secs] [Times: user=0.03 sys=0.00, real=0.01 secs] 
2014-07-16T02:35:33.066+0000: 1207.605: [GC [PSYoungGen: 130534K->1254K(156736K)] 333665K->204441K(843712K), 0.0069700 secs] [Times: user=0.03 sys=0.00, real=0.01 secs] 
2014-07-16T02:35:33.612+0000: 1208.150: [GC [PSYoungGen: 156683K->602K(187200K)] 359870K->203829K(874176K), 0.0063520 secs] [Times: user=0.04 sys=0.00, real=0.01 secs] 
2014-07-16T02:35:34.294+0000: 1208.833: [GC [PSYoungGen: 187162K->830K(183488K)] 390389K->204121K(870464K), 0.0027520 secs] [Times: user=0.02 sys=0.00, real=0.00 secs] 
2014-07-16T02:35:34.960+0000: 1209.498: [GC [PSYoungGen: 183486K->1440K(180352K)] 386777K->204779K(867328K), 0.0091190 secs] [Times: user=0.05 sys=0.00, real=0.01 secs] 
2014-07-16T02:35:35.705+0000: 1210.244: [GC [PSYoungGen: 180320K->694K(175936K)] 383659K->204113K(862912K), 0.0033740 secs] [Times: user=0.01 sys=0.00, real=0.01 secs] 
2014-07-16T02:35:36.323+0000: 1210.862: [GC [PSYoungGen: 175925K->662K(172416K)] 379344K->204193K(859392K), 0.0031140 secs] [Times: user=0.02 sys=0.00, real=0.00 secs] 
2014-07-16T02:35:36.963+0000: 1211.501: [GC [PSYoungGen: 172374K->804K(169152K)] 375905K->204415K(856128K), 0.0035760 secs] [Times: user=0.02 sys=0.00, real=0.00 secs] 
2014-07-16T02:35:37.575+0000: 1212.114: [GC [PSYoungGen: 169123K->1286K(166400K)] 372735K->204977K(853376K), 0.0078310 secs] [Times: user=0.04 sys=0.00, real=0.01 secs] 
2014-07-16T02:35:38.172+0000: 1212.711: [GC [PSYoungGen: 166314K->948K(162816K)] 370006K->204687K(849792K), 0.0052180 secs] [Times: user=0.03 sys=0.01, real=0.00 secs] 
2014-07-16T02:35:38.826+0000: 1213.364: [GC [PSYoungGen: 162804K->904K(159744K)] 366543K->204731K(846720K), 0.0045490 secs] [Times: user=0.03 sys=0.00, real=0.01 secs] 
2014-07-16T02:35:39.380+0000: 1213.919: [GC [PSYoungGen: 159620K->1326K(157120K)] 363448K->205249K(844096K), 0.0053370 secs] [Times: user=0.04 sys=0.00, real=0.00 secs] 
2014-07-16T02:35:39.935+0000: 1214.474: [GC [PSYoungGen: 157102K->612K(153536K)] 361025K->204583K(840512K), 0.0052470 secs] [Times: user=0.03 sys=0.00, real=0.01 secs] 
2014-07-16T02:35:40.558+0000: 1215.096: [GC [PSYoungGen: 153506K->808K(184320K)] 357478K->204827K(871296K), 0.0122780 secs] [Times: user=0.07 sys=0.00, real=0.02 secs] 
2014-07-16T02:35:41.221+0000: 1215.760: [GC [PSYoungGen: 184287K->658K(180416K)] 388306K->204757K(867392K), 0.0032870 secs] [Times: user=0.02 sys=0.00, real=0.00 secs] 
2014-07-16T02:35:41.855+0000: 1216.393: [GC [PSYoungGen: 180333K->666K(176768K)] 384433K->204845K(863744K), 0.0044110 secs] [Times: user=0.02 sys=0.00, real=0.01 secs] 
2014-07-16T02:35:42.490+0000: 1217.029: [GC [PSYoungGen: 176730K->676K(173248K)] 380909K->204951K(860224K), 0.0043910 secs] [Times: user=0.03 sys=0.00, real=0.00 secs] 
2014-07-16T02:35:43.101+0000: 1217.639: [GC [PSYoungGen: 173220K->1148K(170240K)] 377495K->205479K(857216K), 0.0063750 secs] [Times: user=0.03 sys=0.00, real=0.00 secs] 
2014-07-16T02:35:43.702+0000: 1218.241: [GC [PSYoungGen: 170220K->470K(166272K)] 374551K->204833K(853248K), 0.0037420 secs] [Times: user=0.01 sys=0.00, real=0.00 secs] 
2014-07-16T02:35:44.315+0000: 1218.854: [GC [PSYoungGen: 166230K->1004K(163584K)] 370593K->205447K(850560K), 0.0052410 secs] [Times: user=0.03 sys=0.00, real=0.01 secs] 
2014-07-16T02:35:44.888+0000: 1219.427: [GC [PSYoungGen: 163532K->452K(159936K)] 367976K->204959K(846912K), 0.0045540 secs] [Times: user=0.02 sys=0.01, real=0.01 secs] 
2014-07-16T02:35:45.573+0000: 1220.112: [GC [PSYoungGen: 159876K->1554K(158016K)] 364383K->206167K(844992K), 0.0040440 secs] [Times: user=0.02 sys=0.00, real=0.00 secs] 
2014-07-16T02:35:46.099+0000: 1220.638: [GC [PSYoungGen: 157969K->1048K(154560K)] 362583K->205709K(841536K), 0.0073040 secs] [Times: user=0.04 sys=0.00, real=0.00 secs] 
2014-07-16T02:35:46.657+0000: 1221.196: [GC [PSYoungGen: 154519K->662K(151360K)] 359180K->205379K(838336K), 0.0065400 secs] [Times: user=0.03 sys=0.00, real=0.01 secs] 
2014-07-16T02:35:47.207+0000: 1221.745: [GC [PSYoungGen: 151318K->858K(148800K)] 356035K->205647K(835776K), 0.0054740 secs] [Times: user=0.03 sys=0.00, real=0.01 secs] 
2014-07-16T02:35:47.740+0000: 1222.279: [GC [PSYoungGen: 148762K->1008K(178560K)] 353551K->205837K(865536K), 0.0086320 secs] [Times: user=0.05 sys=0.00, real=0.00 secs] 
2014-07-16T02:35:48.392+0000: 1222.930: [GC [PSYoungGen: 178544K->1182K(187520K)] 383373K->206059K(874496K), 0.0052300 secs] [Times: user=0.03 sys=0.00, real=0.00 secs] 
2014-07-16T02:35:49.086+0000: 1223.625: [GC [PSYoungGen: 187358K->840K(183168K)] 392235K->205805K(870144K), 0.0053980 secs] [Times: user=0.03 sys=0.00, real=0.01 secs] 
2014-07-16T02:35:49.728+0000: 1224.267: [GC [PSYoungGen: 183112K->830K(179392K)] 388077K->206055K(866368K), 0.0059350 secs] [Times: user=0.04 sys=0.00, real=0.01 secs] 
2014-07-16T02:35:50.465+0000: 1225.004: [GC [PSYoungGen: 179390K->1188K(186304K)] 384615K->206445K(873280K), 0.0105940 secs] [Times: user=0.06 sys=0.00, real=0.01 secs] 
2014-07-16T02:35:51.060+0000: 1225.599: [GC [PSYoungGen: 185892K->690K(215872K)] 391149K->206061K(902848K), 0.0051640 secs] [Times: user=0.01 sys=0.00, real=0.00 secs] 
2014-07-16T02:35:51.865+0000: 1226.404: [GC [PSYoungGen: 214962K->644K(215872K)] 420333K->206047K(902848K), 0.0102280 secs] [Times: user=0.05 sys=0.01, real=0.01 secs] 
2014-07-16T02:35:52.611+0000: 1227.149: [GC [PSYoungGen: 214916K->562K(258752K)] 420319K->206053K(945728K), 0.0063090 secs] [Times: user=0.03 sys=0.01, real=0.00 secs] 
2014-07-16T02:35:53.536+0000: 1228.074: [GC [PSYoungGen: 257712K->830K(251584K)] 463203K->206377K(938560K), 0.0067960 secs] [Times: user=0.03 sys=0.00, real=0.01 secs] 
2014-07-16T02:35:54.439+0000: 1228.978: [GC [PSYoungGen: 251582K->808K(257280K)] 457129K->206585K(944256K), 0.0118280 secs] [Times: user=0.07 sys=0.00, real=0.02 secs] 
2014-07-16T02:35:55.366+0000: 1229.905: [GC [PSYoungGen: 257256K->640K(250752K)] 463033K->206505K(937728K), 0.0077210 secs] [Times: user=0.03 sys=0.00, real=0.01 secs] 
2014-07-16T02:35:56.300+0000: 1230.838: [GC [PSYoungGen: 250752K->584K(244608K)] 456617K->206473K(931584K), 0.0051680 secs] [Times: user=0.01 sys=0.00, real=0.01 secs] 
2014-07-16T02:35:57.201+0000: 1231.739: [GC [PSYoungGen: 244552K->666K(238784K)] 450441K->206619K(925760K), 0.0053250 secs] [Times: user=0.04 sys=0.00, real=0.01 secs] 
2014-07-16T02:35:58.072+0000: 1232.610: [GC [PSYoungGen: 238746K->1344K(233792K)] 444699K->207369K(920768K), 0.0098880 secs] [Times: user=0.06 sys=0.00, real=0.01 secs] 
2014-07-16T02:35:58.950+0000: 1233.488: [GC [PSYoungGen: 233704K->644K(227584K)] 439730K->206733K(914560K), 0.0057540 secs] [Times: user=0.02 sys=0.01, real=0.01 secs] 
2014-07-16T02:35:59.783+0000: 1234.322: [GC [PSYoungGen: 227475K->940K(222592K)] 433565K->207069K(909568K), 0.0056940 secs] [Times: user=0.01 sys=0.00, real=0.00 secs] 
2014-07-16T02:36:00.700+0000: 1235.239: [GC [PSYoungGen: 222572K->832K(217344K)] 428701K->207033K(904320K), 0.0034580 secs] [Times: user=0.02 sys=0.00, real=0.01 secs] 
2014-07-16T02:36:01.402+0000: 1235.941: [GC [PSYoungGen: 217344K->964K(212608K)] 423545K->207285K(899584K), 0.0056350 secs] [Times: user=0.03 sys=0.00, real=0.00 secs] 
2014-07-16T02:36:02.161+0000: 1236.700: [GC [PSYoungGen: 212547K->1018K(207872K)] 418869K->207387K(894848K), 0.0050300 secs] [Times: user=0.02 sys=0.00, real=0.01 secs] 
2014-07-16T02:36:02.934+0000: 1237.473: [GC [PSYoungGen: 207866K->932K(203264K)] 414235K->207511K(890240K), 0.0037450 secs] [Times: user=0.02 sys=0.00, real=0.00 secs] 
2014-07-16T02:36:03.632+0000: 1238.171: [GC [PSYoungGen: 203236K->762K(198656K)] 409815K->207445K(885632K), 0.0050850 secs] [Times: user=0.04 sys=0.00, real=0.01 secs] 
2014-07-16T02:36:04.382+0000: 1238.921: [GC [PSYoungGen: 198650K->1278K(194880K)] 405333K->208107K(881856K), 0.0032120 secs] [Times: user=0.01 sys=0.00, real=0.00 secs] 
2014-07-16T02:36:05.062+0000: 1239.601: [GC [PSYoungGen: 194874K->1436K(190976K)] 401703K->208394K(877952K), 0.0057830 secs] [Times: user=0.04 sys=0.01, real=0.00 secs] 
2014-07-16T02:36:05.806+0000: 1240.345: [GC [PSYoungGen: 190940K->484K(186048K)] 397898K->207917K(873024K), 0.0056780 secs] [Times: user=0.04 sys=0.00, real=0.01 secs] 
2014-07-16T02:36:06.426+0000: 1240.964: [GC [PSYoungGen: 186020K->708K(182464K)] 393453K->208237K(869440K), 0.0064400 secs] [Times: user=0.05 sys=0.00, real=0.01 secs] 
2014-07-16T02:36:07.100+0000: 1241.639: [GC [PSYoungGen: 182404K->1386K(179392K)] 389933K->209096K(866368K), 0.0109450 secs] [Times: user=0.07 sys=0.01, real=0.01 secs] 
2014-07-16T02:36:07.746+0000: 1242.284: [GC [PSYoungGen: 179370K->1386K(175808K)] 387080K->209176K(862784K), 0.0036140 secs] [Times: user=0.01 sys=0.00, real=0.00 secs] 
2014-07-16T02:36:08.377+0000: 1242.916: [GC [PSYoungGen: 175786K->702K(171648K)] 383576K->208716K(858624K), 0.0052360 secs] [Times: user=0.02 sys=0.00, real=0.00 secs] 
2014-07-16T02:36:09.001+0000: 1243.540: [GC [PSYoungGen: 171587K->926K(168512K)] 379601K->209012K(855488K), 0.0033620 secs] [Times: user=0.01 sys=0.00, real=0.01 secs] 
2014-07-16T02:36:09.691+0000: 1244.229: [GC [PSYoungGen: 168478K->1582K(165888K)] 376564K->209940K(852864K), 0.0103000 secs] [Times: user=0.05 sys=0.00, real=0.01 secs] 
2014-07-16T02:36:10.259+0000: 1244.798: [GC [PSYoungGen: 165870K->626K(161792K)] 374228K->209056K(848768K), 0.0036950 secs] [Times: user=0.02 sys=0.01, real=0.01 secs] 
2014-07-16T02:36:10.921+0000: 1245.460: [GC [PSYoungGen: 161774K->1210K(159296K)] 370204K->209712K(846272K), 0.0035870 secs] [Times: user=0.02 sys=0.00, real=0.01 secs] 
2014-07-16T02:36:11.422+0000: 1245.961: [GC [PSYoungGen: 159290K->1036K(156224K)] 367792K->209634K(843200K), 0.0032240 secs] [Times: user=0.02 sys=0.00, real=0.01 secs] 
2014-07-16T02:36:11.991+0000: 1246.530: [GC [PSYoungGen: 156143K->1054K(153344K)] 364741K->209708K(840320K), 0.0036450 secs] [Times: user=0.01 sys=0.00, real=0.01 secs] 
2014-07-16T02:36:12.526+0000: 1247.065: [GC [PSYoungGen: 153309K->758K(150208K)] 361963K->209500K(837184K), 0.0043380 secs] [Times: user=0.02 sys=0.00, real=0.00 secs] 
2014-07-16T02:36:13.066+0000: 1247.604: [GC [PSYoungGen: 150198K->1248K(148032K)] 358940K->210046K(835008K), 0.0034830 secs] [Times: user=0.02 sys=0.00, real=0.00 secs] 
2014-07-16T02:36:13.612+0000: 1248.151: [GC [PSYoungGen: 148000K->512K(144640K)] 356798K->209373K(831616K), 0.0083510 secs] [Times: user=0.05 sys=0.00, real=0.01 secs] 
2014-07-16T02:36:14.158+0000: 1248.697: [GC [PSYoungGen: 144640K->434K(142016K)] 353501K->209328K(828992K), 0.0072380 secs] [Times: user=0.04 sys=0.00, real=0.01 secs] 
2014-07-16T02:36:14.662+0000: 1249.201: [GC [PSYoungGen: 142002K->968K(140096K)] 350896K->209966K(827072K), 0.0036880 secs] [Times: user=0.02 sys=0.00, real=0.01 secs] 
2014-07-16T02:36:15.163+0000: 1249.701: [GC [PSYoungGen: 140040K->1072K(137728K)] 349038K->210134K(824704K), 0.0032440 secs] [Times: user=0.02 sys=0.00, real=0.01 secs] 
2014-07-16T02:36:15.654+0000: 1250.192: [GC [PSYoungGen: 137682K->1226K(135616K)] 346744K->210352K(822592K), 0.0049040 secs] [Times: user=0.02 sys=0.00, real=0.01 secs] 
2014-07-16T02:36:16.203+0000: 1250.742: [GC [PSYoungGen: 135545K->958K(133056K)] 344671K->210148K(820032K), 0.0079560 secs] [Times: user=0.05 sys=0.00, real=0.01 secs] 
2014-07-16T02:36:16.657+0000: 1251.196: [GC [PSYoungGen: 133010K->930K(130880K)] 342200K->210192K(817856K), 0.0037200 secs] [Times: user=0.02 sys=0.00, real=0.00 secs] 
2014-07-16T02:36:17.114+0000: 1251.653: [GC [PSYoungGen: 130850K->1026K(128832K)] 340112K->210384K(815808K), 0.0041300 secs] [Times: user=0.02 sys=0.00, real=0.00 secs] 
2014-07-16T02:36:17.608+0000: 1252.146: [GC [PSYoungGen: 128758K->900K(126592K)] 338116K->210354K(813568K), 0.0055710 secs] [Times: user=0.03 sys=0.01, real=0.00 secs] 
2014-07-16T02:36:18.055+0000: 1252.594: [GC [PSYoungGen: 126501K->734K(151552K)] 335955K->210236K(838528K), 0.0068500 secs] [Times: user=0.03 sys=0.00, real=0.00 secs] 
2014-07-16T02:36:18.601+0000: 1253.140: [GC [PSYoungGen: 151518K->612K(181632K)] 361020K->210202K(868608K), 0.0057220 secs] [Times: user=0.03 sys=0.01, real=0.01 secs] 
2014-07-16T02:36:19.256+0000: 1253.794: [GC [PSYoungGen: 181604K->822K(218048K)] 391194K->210508K(905024K), 0.0071010 secs] [Times: user=0.04 sys=0.01, real=0.00 secs] 
2014-07-16T02:36:20.099+0000: 1254.637: [GC [PSYoungGen: 218038K->1240K(213568K)] 427724K->211022K(900544K), 0.0038680 secs] [Times: user=0.01 sys=0.00, real=0.00 secs] 
2014-07-16T02:36:20.812+0000: 1255.351: [GC [PSYoungGen: 213508K->548K(208128K)] 423290K->210410K(895104K), 0.0040250 secs] [Times: user=0.03 sys=0.00, real=0.01 secs] 
2014-07-16T02:36:21.648+0000: 1256.187: [GC [PSYoungGen: 208093K->1060K(204032K)] 417955K->210978K(891008K), 0.0040410 secs] [Times: user=0.02 sys=0.00, real=0.00 secs] 
2014-07-16T02:36:22.360+0000: 1256.898: [GC [PSYoungGen: 204001K->962K(199552K)] 413919K->210952K(886528K), 0.0035540 secs] [Times: user=0.01 sys=0.00, real=0.00 secs] 
2014-07-16T02:36:23.083+0000: 1257.622: [GC [PSYoungGen: 199476K->1198K(195456K)] 409466K->211228K(882432K), 0.0114390 secs] [Times: user=0.06 sys=0.00, real=0.02 secs] 
2014-07-16T02:36:23.786+0000: 1258.324: [GC [PSYoungGen: 195438K->640K(190720K)] 405468K->210741K(877696K), 0.0082260 secs] [Times: user=0.06 sys=0.00, real=0.00 secs] 
2014-07-16T02:36:24.469+0000: 1259.008: [GC [PSYoungGen: 190720K->894K(186944K)] 400821K->211060K(873920K), 0.0071430 secs] [Times: user=0.04 sys=0.00, real=0.01 secs] 
2014-07-16T02:36:25.144+0000: 1259.682: [GC [PSYoungGen: 186899K->754K(182976K)] 397065K->211016K(869952K), 0.0043240 secs] [Times: user=0.02 sys=0.00, real=0.01 secs] 
2014-07-16T02:36:25.798+0000: 1260.336: [GC [PSYoungGen: 182938K->990K(179520K)] 393200K->211316K(866496K), 0.0051460 secs] [Times: user=0.03 sys=0.00, real=0.00 secs] 
2014-07-16T02:36:26.516+0000: 1261.055: [GC [PSYoungGen: 179486K->798K(175680K)] 389812K->211188K(862656K), 0.0061180 secs] [Times: user=0.04 sys=0.00, real=0.00 secs] 
2014-07-16T02:36:27.146+0000: 1261.684: [GC [PSYoungGen: 175646K->748K(172096K)] 386036K->211178K(859072K), 0.0089720 secs] [Times: user=0.05 sys=0.00, real=0.01 secs] 
2014-07-16T02:36:27.761+0000: 1262.300: [GC [PSYoungGen: 172076K->876K(168832K)] 382506K->211426K(855808K), 0.0047650 secs] [Times: user=0.03 sys=0.00, real=0.01 secs] 
2014-07-16T02:36:28.352+0000: 1262.891: [GC [PSYoungGen: 168812K->890K(202432K)] 379362K->211520K(889408K), 0.0080250 secs] [Times: user=0.05 sys=0.00, real=0.01 secs] 
2014-07-16T02:36:29.117+0000: 1263.656: [GC [PSYoungGen: 202426K->776K(197952K)] 413056K->211470K(884928K), 0.0046570 secs] [Times: user=0.03 sys=0.00, real=0.00 secs] 
2014-07-16T02:36:29.829+0000: 1264.368: [GC [PSYoungGen: 197854K->498K(193408K)] 408548K->211280K(880384K), 0.0050400 secs] [Times: user=0.04 sys=0.01, real=0.00 secs] 
2014-07-16T02:36:30.566+0000: 1265.104: [GC [PSYoungGen: 193352K->498K(189312K)] 404134K->211352K(876288K), 0.0062010 secs] [Times: user=0.03 sys=0.00, real=0.01 secs] 
2014-07-16T02:36:31.327+0000: 1265.866: [GC [PSYoungGen: 189276K->958K(185792K)] 400130K->211900K(872768K), 0.0050910 secs] [Times: user=0.03 sys=0.00, real=0.00 secs] 
2014-07-16T02:36:31.985+0000: 1266.524: [GC [PSYoungGen: 185759K->808K(181824K)] 396701K->211830K(868800K), 0.0031180 secs] [Times: user=0.02 sys=0.00, real=0.01 secs] 
2014-07-16T02:36:32.641+0000: 1267.180: [GC [PSYoungGen: 181800K->502K(177792K)] 392822K->211572K(864768K), 0.0036750 secs] [Times: user=0.02 sys=0.00, real=0.00 secs] 
2014-07-16T02:36:33.284+0000: 1267.823: [GC [PSYoungGen: 177782K->1058K(174784K)] 388852K->212208K(861760K), 0.0035880 secs] [Times: user=0.02 sys=0.00, real=0.01 secs] 
2014-07-16T02:36:33.917+0000: 1268.455: [GC [PSYoungGen: 174754K->772K(171072K)] 385904K->212002K(858048K), 0.0044330 secs] [Times: user=0.02 sys=0.00, real=0.01 secs] 
2014-07-16T02:36:34.556+0000: 1269.095: [GC [PSYoungGen: 171009K->812K(167744K)] 382239K->212878K(854720K), 0.0084870 secs] [Times: user=0.06 sys=0.01, real=0.01 secs] 
2014-07-16T02:36:35.139+0000: 1269.678: [GC [PSYoungGen: 167708K->1022K(164672K)] 379775K->213176K(851648K), 0.0038750 secs] [Times: user=0.02 sys=0.00, real=0.00 secs] 
2014-07-16T02:36:35.735+0000: 1270.274: [GC [PSYoungGen: 164668K->740K(161280K)] 376822K->212966K(848256K), 0.0029090 secs] [Times: user=0.01 sys=0.00, real=0.01 secs] 
2014-07-16T02:36:36.428+0000: 1270.967: [GC [PSYoungGen: 161242K->1046K(158528K)] 373468K->213336K(845504K), 0.0055650 secs] [Times: user=0.03 sys=0.00, real=0.00 secs] 
2014-07-16T02:36:36.977+0000: 1271.516: [GC [PSYoungGen: 158486K->836K(155392K)] 370776K->213214K(842368K), 0.0033950 secs] [Times: user=0.02 sys=0.00, real=0.00 secs] 
2014-07-16T02:36:37.528+0000: 1272.067: [GC [PSYoungGen: 155298K->876K(152512K)] 367676K->213318K(839488K), 0.0046930 secs] [Times: user=0.02 sys=0.00, real=0.00 secs] 
2014-07-16T02:36:38.073+0000: 1272.612: [GC [PSYoungGen: 152492K->576K(149440K)] 364934K->213098K(836416K), 0.0032940 secs] [Times: user=0.01 sys=0.00, real=0.00 secs] 
2014-07-16T02:36:38.605+0000: 1273.144: [GC [PSYoungGen: 149357K->1080K(147264K)] 361879K->213690K(834240K), 0.0039970 secs] [Times: user=0.03 sys=0.00, real=0.01 secs] 
2014-07-16T02:36:39.147+0000: 1273.686: [GC [PSYoungGen: 147161K->758K(144320K)] 359771K->213448K(831296K), 0.0052360 secs] [Times: user=0.03 sys=0.00, real=0.00 secs] 
2014-07-16T02:36:39.671+0000: 1274.210: [GC [PSYoungGen: 144292K->834K(141888K)] 356982K->213580K(828864K), 0.0031680 secs] [Times: user=0.01 sys=0.00, real=0.00 secs] 
2014-07-16T02:36:40.171+0000: 1274.709: [GC [PSYoungGen: 141801K->954K(139520K)] 354547K->213780K(826496K), 0.0067190 secs] [Times: user=0.03 sys=0.00, real=0.01 secs] 
2014-07-16T02:36:40.748+0000: 1275.286: [GC [PSYoungGen: 139513K->1180K(137408K)] 352339K->214062K(824384K), 0.0049880 secs] [Times: user=0.03 sys=0.00, real=0.01 secs] 
2014-07-16T02:36:41.294+0000: 1275.832: [GC [PSYoungGen: 137359K->566K(134464K)] 350241K->214328K(821440K), 0.0033110 secs] [Times: user=0.02 sys=0.00, real=0.00 secs] 
2014-07-16T02:36:41.768+0000: 1276.307: [GC [PSYoungGen: 134454K->1482K(162240K)] 348216K->215382K(849216K), 0.0116500 secs] [Times: user=0.05 sys=0.00, real=0.01 secs] 
2014-07-16T02:36:42.330+0000: 1276.869: [GC [PSYoungGen: 162186K->844K(193792K)] 376086K->215078K(880768K), 0.0068010 secs] [Times: user=0.04 sys=0.00, real=0.00 secs] 
2014-07-16T02:36:43.045+0000: 1277.583: [GC [PSYoungGen: 193740K->608K(214016K)] 407974K->214898K(900992K), 0.0044160 secs] [Times: user=0.02 sys=0.00, real=0.01 secs] 
2014-07-16T02:36:43.802+0000: 1278.341: [GC [PSYoungGen: 212960K->1350K(209024K)] 427250K->215720K(896000K), 0.0035580 secs] [Times: user=0.02 sys=0.00, real=0.00 secs] 
2014-07-16T02:36:44.532+0000: 1279.070: [GC [PSYoungGen: 208966K->644K(203712K)] 423336K->215086K(890688K), 0.0086990 secs] [Times: user=0.05 sys=0.01, real=0.01 secs] 
2014-07-16T02:36:45.252+0000: 1279.790: [GC [PSYoungGen: 203652K->534K(199168K)] 418094K->215048K(886144K), 0.0047920 secs] [Times: user=0.02 sys=0.01, real=0.00 secs] 
2014-07-16T02:36:45.982+0000: 1280.520: [GC [PSYoungGen: 199126K->498K(194816K)] 413640K->215084K(881792K), 0.0038920 secs] [Times: user=0.02 sys=0.00, real=0.00 secs] 
2014-07-16T02:36:46.735+0000: 1281.273: [GC [PSYoungGen: 194781K->712K(190912K)] 409367K->215370K(877888K), 0.0045850 secs] [Times: user=0.02 sys=0.00, real=0.01 secs] 
2014-07-16T02:36:47.418+0000: 1281.957: [GC [PSYoungGen: 190856K->908K(187072K)] 405514K->215670K(874048K), 0.0050590 secs] [Times: user=0.03 sys=0.00, real=0.01 secs] 
2014-07-16T02:36:48.100+0000: 1282.639: [GC [PSYoungGen: 187020K->1122K(183424K)] 401782K->215972K(870400K), 0.0030380 secs] [Times: user=0.01 sys=0.00, real=0.00 secs] 
2014-07-16T02:36:48.750+0000: 1283.289: [GC [PSYoungGen: 183394K->890K(179456K)] 398244K->215812K(866432K), 0.0049540 secs] [Times: user=0.02 sys=0.00, real=0.00 secs] 
2014-07-16T02:36:49.389+0000: 1283.927: [GC [PSYoungGen: 179450K->972K(175936K)] 394372K->215966K(862912K), 0.0034840 secs] [Times: user=0.02 sys=0.00, real=0.01 secs] 
2014-07-16T02:36:50.032+0000: 1284.571: [GC [PSYoungGen: 175883K->1336K(172736K)] 390877K->216378K(859712K), 0.0092910 secs] [Times: user=0.05 sys=0.00, real=0.01 secs] 
2014-07-16T02:36:50.667+0000: 1285.206: [GC [PSYoungGen: 172728K->758K(168768K)] 387770K->215946K(855744K), 0.0085360 secs] [Times: user=0.05 sys=0.00, real=0.01 secs] 
2014-07-16T02:36:51.422+0000: 1285.961: [GC [PSYoungGen: 168758K->896K(165632K)] 383946K->216140K(852608K), 0.0061740 secs] [Times: user=0.04 sys=0.00, real=0.00 secs] 
2014-07-16T02:36:51.983+0000: 1286.521: [GC [PSYoungGen: 165632K->790K(162368K)] 380876K->216130K(849344K), 0.0051360 secs] [Times: user=0.03 sys=0.01, real=0.00 secs] 
2014-07-16T02:36:52.577+0000: 1287.116: [GC [PSYoungGen: 162326K->786K(194688K)] 377666K->216158K(881664K), 0.0148860 secs] [Times: user=0.09 sys=0.00, real=0.02 secs] 
2014-07-16T02:36:53.274+0000: 1287.813: [GC [PSYoungGen: 194640K->830K(223808K)] 410012K->216282K(910784K), 0.0061010 secs] [Times: user=0.03 sys=0.01, real=0.01 secs] 
2014-07-16T02:36:54.100+0000: 1288.639: [GC [PSYoungGen: 223294K->1044K(218432K)] 438746K->216552K(905408K), 0.0033630 secs] [Times: user=0.02 sys=0.00, real=0.00 secs] 
2014-07-16T02:36:54.852+0000: 1289.391: [GC [PSYoungGen: 218308K->374K(212800K)] 433816K->216464K(899776K), 0.0072270 secs] [Times: user=0.05 sys=0.01, real=0.00 secs] 
2014-07-16T02:36:55.618+0000: 1290.156: [GC [PSYoungGen: 212760K->1080K(208768K)] 428850K->217234K(895744K), 0.0055740 secs] [Times: user=0.04 sys=0.00, real=0.01 secs] 
2014-07-16T02:36:56.370+0000: 1290.909: [GC [PSYoungGen: 208760K->498K(203584K)] 424914K->216814K(890560K), 0.0071540 secs] [Times: user=0.04 sys=0.00, real=0.00 secs] 
2014-07-16T02:36:57.132+0000: 1291.671: [GC [PSYoungGen: 203570K->1372K(200064K)] 419886K->217868K(887040K), 0.0038880 secs] [Times: user=0.02 sys=0.00, real=0.00 secs] 
2014-07-16T02:36:57.860+0000: 1292.398: [GC [PSYoungGen: 200005K->944K(195328K)] 416502K->217684K(882304K), 0.0033710 secs] [Times: user=0.02 sys=0.00, real=0.01 secs] 
2014-07-16T02:36:58.564+0000: 1293.103: [GC [PSYoungGen: 195293K->666K(190912K)] 412034K->217470K(877888K), 0.0058190 secs] [Times: user=0.03 sys=0.00, real=0.01 secs] 
2014-07-16T02:36:59.238+0000: 1293.777: [GC [PSYoungGen: 190873K->926K(219840K)] 407677K->217828K(906816K), 0.0123750 secs] [Times: user=0.06 sys=0.00, real=0.02 secs] 
2014-07-16T02:37:00.053+0000: 1294.592: [GC [PSYoungGen: 219144K->594K(213888K)] 436046K->217568K(900864K), 0.0055720 secs] [Times: user=0.04 sys=0.01, real=0.00 secs] 
2014-07-16T02:37:00.832+0000: 1295.371: [GC [PSYoungGen: 213815K->612K(209088K)] 430790K->217666K(896064K), 0.0053240 secs] [Times: user=0.03 sys=0.00, real=0.00 secs] 
2014-07-16T02:37:01.762+0000: 1296.301: [GC [PSYoungGen: 209060K->1482K(205376K)] 426114K->218608K(892352K), 0.0063430 secs] [Times: user=0.02 sys=0.00, real=0.00 secs] 
2014-07-16T02:37:02.441+0000: 1296.980: [GC [PSYoungGen: 205322K->498K(199872K)] 422448K->217688K(886848K), 0.0050760 secs] [Times: user=0.03 sys=0.00, real=0.00 secs] 
2014-07-16T02:37:03.158+0000: 1297.697: [GC [PSYoungGen: 199816K->1112K(196224K)] 417007K->218358K(883200K), 0.0059720 secs] [Times: user=0.04 sys=0.00, real=0.01 secs] 
2014-07-16T02:37:03.843+0000: 1298.382: [GC [PSYoungGen: 196148K->876K(191808K)] 413395K->218218K(878784K), 0.0056440 secs] [Times: user=0.04 sys=0.00, real=0.00 secs] 
2014-07-16T02:37:04.526+0000: 1299.065: [GC [PSYoungGen: 191788K->748K(187648K)] 409130K->218154K(874624K), 0.0032450 secs] [Times: user=0.01 sys=0.00, real=0.00 secs] 
2014-07-16T02:37:05.203+0000: 1299.741: [GC [PSYoungGen: 187628K->836K(183872K)] 405034K->218338K(870848K), 0.0047620 secs] [Times: user=0.03 sys=0.00, real=0.00 secs] 
2014-07-16T02:37:05.861+0000: 1300.400: [GC [PSYoungGen: 183778K->998K(180224K)] 401281K->218564K(867200K), 0.0030780 secs] [Times: user=0.02 sys=0.00, real=0.00 secs] 
2014-07-16T02:37:06.504+0000: 1301.043: [GC [PSYoungGen: 180197K->1072K(176640K)] 397763K->218726K(863616K), 0.0053510 secs] [Times: user=0.03 sys=0.00, real=0.00 secs] 
2014-07-16T02:37:07.201+0000: 1301.740: [GC [PSYoungGen: 176624K->1422K(173504K)] 394278K->219124K(860480K), 0.0051540 secs] [Times: user=0.02 sys=0.00, real=0.01 secs] 
2014-07-16T02:37:07.796+0000: 1302.335: [GC [PSYoungGen: 173454K->576K(169216K)] 391156K->218556K(856192K), 0.0050550 secs] [Times: user=0.02 sys=0.00, real=0.00 secs] 
2014-07-16T02:37:08.433+0000: 1302.972: [GC [PSYoungGen: 169216K->1240K(166592K)] 387196K->219292K(853568K), 0.0049980 secs] [Times: user=0.02 sys=0.00, real=0.00 secs] 
2014-07-16T02:37:09.018+0000: 1303.556: [GC [PSYoungGen: 166509K->484K(162624K)] 384561K->218700K(849600K), 0.0093480 secs] [Times: user=0.04 sys=0.00, real=0.01 secs] 
2014-07-16T02:37:09.612+0000: 1304.150: [GC [PSYoungGen: 162594K->690K(159744K)] 380810K->219002K(846720K), 0.0055930 secs] [Times: user=0.04 sys=0.00, real=0.01 secs] 
2014-07-16T02:37:10.181+0000: 1304.720: [GC [PSYoungGen: 159730K->662K(156736K)] 378042K->219054K(843712K), 0.0063400 secs] [Times: user=0.04 sys=0.00, real=0.01 secs] 
2014-07-16T02:37:10.749+0000: 1305.288: [GC [PSYoungGen: 156694K->780K(188096K)] 375086K->219236K(875072K), 0.0074440 secs] [Times: user=0.03 sys=0.01, real=0.01 secs] 
2014-07-16T02:37:11.440+0000: 1305.979: [GC [PSYoungGen: 188044K->1076K(184448K)] 406500K->219588K(871424K), 0.0034140 secs] [Times: user=0.02 sys=0.00, real=0.01 secs] 
2014-07-16T02:37:12.217+0000: 1306.756: [GC [PSYoungGen: 184436K->1394K(180992K)] 402948K->219978K(867968K), 0.0057420 secs] [Times: user=0.03 sys=0.00, real=0.01 secs] 
2014-07-16T02:37:12.835+0000: 1307.373: [GC [PSYoungGen: 180915K->616K(176576K)] 399500K->219256K(863552K), 0.0056450 secs] [Times: user=0.03 sys=0.00, real=0.00 secs] 
2014-07-16T02:37:13.479+0000: 1308.017: [GC [PSYoungGen: 176552K->598K(173056K)] 395192K->219278K(860032K), 0.0064940 secs] [Times: user=0.04 sys=0.00, real=0.01 secs] 
2014-07-16T02:37:14.100+0000: 1308.639: [GC [PSYoungGen: 173014K->776K(169856K)] 391694K->219544K(856832K), 0.0062380 secs] [Times: user=0.04 sys=0.01, real=0.01 secs] 
2014-07-16T02:37:14.717+0000: 1309.256: [GC [PSYoungGen: 169800K->812K(166528K)] 388568K->219644K(853504K), 0.0056950 secs] [Times: user=0.03 sys=0.00, real=0.01 secs] 
2014-07-16T02:37:15.326+0000: 1309.864: [GC [PSYoungGen: 166508K->844K(163392K)] 385340K->219756K(850368K), 0.0037880 secs] [Times: user=0.02 sys=0.00, real=0.00 secs] 
2014-07-16T02:37:15.903+0000: 1310.441: [GC [PSYoungGen: 163340K->858K(160256K)] 382252K->219834K(847232K), 0.0071750 secs] [Times: user=0.04 sys=0.00, real=0.01 secs] 
2014-07-16T02:37:16.478+0000: 1311.017: [GC [PSYoungGen: 160218K->836K(157248K)] 379194K->219916K(844224K), 0.0053710 secs] [Times: user=0.03 sys=0.01, real=0.01 secs] 
2014-07-16T02:37:17.095+0000: 1311.634: [GC [PSYoungGen: 157188K->1322K(154752K)] 376268K->220450K(841728K), 0.0071020 secs] [Times: user=0.03 sys=0.00, real=0.00 secs] 
2014-07-16T02:37:17.639+0000: 1312.178: [GC [PSYoungGen: 154730K->484K(184640K)] 373858K->219816K(871616K), 0.0063870 secs] [Times: user=0.04 sys=0.01, real=0.01 secs] 
2014-07-16T02:37:18.310+0000: 1312.849: [GC [PSYoungGen: 184612K->352K(202560K)] 403944K->219708K(889536K), 0.0093130 secs] [Times: user=0.06 sys=0.00, real=0.01 secs] 
2014-07-16T02:37:19.050+0000: 1313.589: [GC [PSYoungGen: 201440K->1094K(222528K)] 420796K->220514K(909504K), 0.0056780 secs] [Times: user=0.03 sys=0.00, real=0.01 secs] 
2014-07-16T02:37:19.840+0000: 1314.378: [GC [PSYoungGen: 222086K->740K(216704K)] 441506K->220232K(903680K), 0.0042930 secs] [Times: user=0.02 sys=0.00, real=0.01 secs] 
2014-07-16T02:37:20.639+0000: 1315.177: [GC [PSYoungGen: 216665K->722K(211840K)] 436158K->220286K(898816K), 0.0048680 secs] [Times: user=0.02 sys=0.00, real=0.00 secs] 
2014-07-16T02:37:21.399+0000: 1315.938: [GC [PSYoungGen: 211794K->1090K(207488K)] 431358K->220726K(894464K), 0.0050630 secs] [Times: user=0.03 sys=0.01, real=0.01 secs] 
2014-07-16T02:37:22.275+0000: 1316.814: [GC [PSYoungGen: 207426K->780K(202624K)] 427062K->220472K(889600K), 0.0034300 secs] [Times: user=0.02 sys=0.00, real=0.00 secs] 
2014-07-16T02:37:23.003+0000: 1317.542: [GC [PSYoungGen: 202552K->844K(198272K)] 422244K->220632K(885248K), 0.0031000 secs] [Times: user=0.01 sys=0.00, real=0.01 secs] 
2014-07-16T02:37:23.706+0000: 1318.245: [GC [PSYoungGen: 198220K->958K(194112K)] 418008K->220818K(881088K), 0.0072010 secs] [Times: user=0.04 sys=0.01, real=0.00 secs] 
2014-07-16T02:37:24.382+0000: 1318.920: [GC [PSYoungGen: 194110K->980K(190080K)] 413970K->220896K(877056K), 0.0037780 secs] [Times: user=0.02 sys=0.00, real=0.01 secs] 
2014-07-16T02:37:25.079+0000: 1319.617: [GC [PSYoungGen: 189976K->880K(185984K)] 409893K->221362K(872960K), 0.0044350 secs] [Times: user=0.02 sys=0.00, real=0.00 secs] 
2014-07-16T02:37:25.745+0000: 1320.284: [GC [PSYoungGen: 185968K->994K(182272K)] 406450K->221556K(869248K), 0.0074830 secs] [Times: user=0.04 sys=0.01, real=0.00 secs] 
2014-07-16T02:37:26.403+0000: 1320.941: [GC [PSYoungGen: 182242K->722K(178304K)] 402804K->221388K(865280K), 0.0064150 secs] [Times: user=0.04 sys=0.00, real=0.01 secs] 
2014-07-16T02:37:27.150+0000: 1321.688: [GC [PSYoungGen: 178255K->1008K(174976K)] 398922K->221738K(861952K), 0.0053750 secs] [Times: user=0.03 sys=0.00, real=0.01 secs] 
2014-07-16T02:37:27.709+0000: 1322.247: [GC [PSYoungGen: 174947K->1208K(171712K)] 395678K->222124K(858688K), 0.0033620 secs] [Times: user=0.02 sys=0.00, real=0.00 secs] 
2014-07-16T02:37:28.330+0000: 1322.868: [GC [PSYoungGen: 171704K->812K(167936K)] 392620K->221792K(854912K), 0.0067450 secs] [Times: user=0.05 sys=0.00, real=0.01 secs] 
2014-07-16T02:37:28.912+0000: 1323.450: [GC [PSYoungGen: 167916K->726K(164608K)] 388896K->221978K(851584K), 0.0054920 secs] [Times: user=0.03 sys=0.00, real=0.01 secs] 
2014-07-16T02:37:29.498+0000: 1324.037: [GC [PSYoungGen: 164566K->530K(161280K)] 385818K->221894K(848256K), 0.0053520 secs] [Times: user=0.04 sys=0.00, real=0.00 secs] 
2014-07-16T02:37:30.092+0000: 1324.631: [GC [PSYoungGen: 161234K->830K(158464K)] 382598K->222274K(845440K), 0.0031610 secs] [Times: user=0.02 sys=0.00, real=0.01 secs] 
2014-07-16T02:37:30.650+0000: 1325.188: [GC [PSYoungGen: 158462K->786K(155520K)] 379906K->222278K(842496K), 0.0060200 secs] [Times: user=0.02 sys=0.00, real=0.01 secs] 
2014-07-16T02:37:31.206+0000: 1325.745: [GC [PSYoungGen: 155473K->1272K(153088K)] 376966K->222837K(840064K), 0.0034470 secs] [Times: user=0.02 sys=0.00, real=0.00 secs] 
2014-07-16T02:37:31.768+0000: 1326.307: [GC [PSYoungGen: 153080K->980K(150080K)] 374645K->222625K(837056K), 0.0049430 secs] [Times: user=0.02 sys=0.00, real=0.00 secs] 
2014-07-16T02:37:32.326+0000: 1326.864: [GC [PSYoungGen: 150036K->658K(147072K)] 371681K->222382K(834048K), 0.0041600 secs] [Times: user=0.02 sys=0.00, real=0.00 secs] 
2014-07-16T02:37:32.868+0000: 1327.407: [GC [PSYoungGen: 147026K->466K(144256K)] 368750K->222246K(831232K), 0.0071300 secs] [Times: user=0.05 sys=0.00, real=0.00 secs] 
2014-07-16T02:37:33.377+0000: 1327.915: [GC [PSYoungGen: 144173K->598K(141824K)] 365954K->222450K(828800K), 0.0062510 secs] [Times: user=0.04 sys=0.00, real=0.00 secs] 
2014-07-16T02:37:33.893+0000: 1328.431: [GC [PSYoungGen: 141781K->516K(139264K)] 363634K->222432K(826240K), 0.0054650 secs] [Times: user=0.04 sys=0.00, real=0.01 secs] 
2014-07-16T02:37:34.395+0000: 1328.934: [GC [PSYoungGen: 139173K->616K(136960K)] 361090K->222596K(823936K), 0.0030180 secs] [Times: user=0.02 sys=0.00, real=0.01 secs] 
2014-07-16T02:37:34.893+0000: 1329.432: [GC [PSYoungGen: 136936K->690K(134720K)] 358916K->222758K(821696K), 0.0058150 secs] [Times: user=0.04 sys=0.00, real=0.01 secs] 
2014-07-16T02:37:35.391+0000: 1329.930: [GC [PSYoungGen: 134695K->994K(132800K)] 356764K->223126K(819776K), 0.0054640 secs] [Times: user=0.02 sys=0.00, real=0.01 secs] 
2014-07-16T02:37:35.861+0000: 1330.400: [GC [PSYoungGen: 132770K->1318K(159488K)] 354902K->223506K(846464K), 0.0108850 secs] [Times: user=0.06 sys=0.00, real=0.01 secs] 
2014-07-16T02:37:36.440+0000: 1330.979: [GC [PSYoungGen: 159462K->498K(190336K)] 381650K->222774K(877312K), 0.0098390 secs] [Times: user=0.05 sys=0.00, real=0.01 secs] 
2014-07-16T02:37:37.319+0000: 1331.858: [GC [PSYoungGen: 190322K->1046K(206016K)] 412598K->223386K(892992K), 0.0033340 secs] [Times: user=0.02 sys=0.00, real=0.00 secs] 
2014-07-16T02:37:38.026+0000: 1332.565: [GC [PSYoungGen: 205526K->516K(229376K)] 427866K->222936K(916352K), 0.0087620 secs] [Times: user=0.05 sys=0.00, real=0.00 secs] 
2014-07-16T02:37:38.855+0000: 1333.393: [GC [PSYoungGen: 228323K->1176K(229376K)] 450744K->223661K(916352K), 0.0109340 secs] [Times: user=0.07 sys=0.00, real=0.01 secs] 
2014-07-16T02:37:39.688+0000: 1334.227: [GC [PSYoungGen: 229001K->804K(274880K)] 451485K->223376K(961856K), 0.0045990 secs] [Times: user=0.03 sys=0.00, real=0.00 secs] 
2014-07-16T02:37:40.674+0000: 1335.212: [GC [PSYoungGen: 274210K->840K(274944K)] 496782K->223484K(961920K), 0.0118080 secs] [Times: user=0.07 sys=0.00, real=0.01 secs] 
2014-07-16T02:37:41.677+0000: 1336.216: [GC [PSYoungGen: 274248K->648K(267136K)] 496892K->223332K(954112K), 0.0040940 secs] [Times: user=0.02 sys=0.00, real=0.00 secs] 
2014-07-16T02:37:42.742+0000: 1337.281: [GC [PSYoungGen: 267080K->726K(260480K)] 489764K->223498K(947456K), 0.0077750 secs] [Times: user=0.05 sys=0.00, real=0.01 secs] 
2014-07-16T02:37:43.697+0000: 1338.236: [GC [PSYoungGen: 260398K->1090K(254400K)] 483171K->223918K(941376K), 0.0045330 secs] [Times: user=0.02 sys=0.00, real=0.01 secs] 
2014-07-16T02:37:44.621+0000: 1339.159: [GC [PSYoungGen: 254338K->722K(247744K)] 477166K->223638K(934720K), 0.0038230 secs] [Times: user=0.02 sys=0.00, real=0.00 secs] 
2014-07-16T02:37:45.518+0000: 1340.056: [GC [PSYoungGen: 247698K->626K(241600K)] 470614K->223622K(928576K), 0.0123120 secs] [Times: user=0.07 sys=0.00, real=0.01 secs] 
2014-07-16T02:37:46.410+0000: 1340.948: [GC [PSYoungGen: 241560K->740K(235968K)] 464557K->223824K(922944K), 0.0066360 secs] [Times: user=0.04 sys=0.00, real=0.00 secs] 
2014-07-16T02:37:47.347+0000: 1341.886: [GC [PSYoungGen: 235865K->1328K(230976K)] 458950K->224524K(917952K), 0.0065920 secs] [Times: user=0.03 sys=0.00, real=0.01 secs] 
2014-07-16T02:37:48.172+0000: 1342.711: [GC [PSYoungGen: 230960K->968K(225280K)] 454156K->224260K(912256K), 0.0059970 secs] [Times: user=0.03 sys=0.00, real=0.01 secs] 
2014-07-16T02:37:48.985+0000: 1343.523: [GC [PSYoungGen: 225224K->744K(219840K)] 448516K->224100K(906816K), 0.0042700 secs] [Times: user=0.03 sys=0.00, real=0.01 secs] 
2014-07-16T02:37:49.775+0000: 1344.314: [GC [PSYoungGen: 219791K->512K(214592K)] 443148K->223940K(901568K), 0.0042990 secs] [Times: user=0.03 sys=0.00, real=0.01 secs] 
2014-07-16T02:37:50.557+0000: 1345.095: [GC [PSYoungGen: 214592K->726K(210048K)] 438020K->224218K(897024K), 0.0042160 secs] [Times: user=0.02 sys=0.00, real=0.01 secs] 
2014-07-16T02:37:51.341+0000: 1345.879: [GC [PSYoungGen: 210006K->1078K(205696K)] 433498K->224650K(892672K), 0.0124930 secs] [Times: user=0.08 sys=0.01, real=0.01 secs] 
2014-07-16T02:37:52.077+0000: 1346.616: [GC [PSYoungGen: 205652K->694K(200832K)] 429225K->224330K(887808K), 0.0082220 secs] [Times: user=0.05 sys=0.00, real=0.01 secs] 
2014-07-16T02:37:52.905+0000: 1347.444: [GC [PSYoungGen: 200822K->730K(196544K)] 424458K->224438K(883520K), 0.0073490 secs] [Times: user=0.05 sys=0.00, real=0.01 secs] 
2014-07-16T02:37:53.678+0000: 1348.217: [GC [PSYoungGen: 196506K->744K(192320K)] 420214K->224532K(879296K), 0.0035190 secs] [Times: user=0.01 sys=0.00, real=0.01 secs] 
2014-07-16T02:37:54.378+0000: 1348.916: [GC [PSYoungGen: 192296K->644K(188224K)] 416084K->224496K(875200K), 0.0083970 secs] [Times: user=0.05 sys=0.00, real=0.01 secs] 
2014-07-16T02:37:55.070+0000: 1349.609: [GC [PSYoungGen: 188162K->950K(184576K)] 412015K->224882K(871552K), 0.0034440 secs] [Times: user=0.02 sys=0.00, real=0.00 secs] 
2014-07-16T02:37:55.732+0000: 1350.271: [GC [PSYoungGen: 184566K->680K(180544K)] 408498K->224668K(867520K), 0.0082910 secs] [Times: user=0.04 sys=0.00, real=0.01 secs] 
2014-07-16T02:37:56.385+0000: 1350.924: [GC [PSYoungGen: 180520K->658K(176896K)] 404508K->224742K(863872K), 0.0054610 secs] [Times: user=0.04 sys=0.00, real=0.01 secs] 
2014-07-16T02:37:57.015+0000: 1351.553: [GC [PSYoungGen: 176849K->530K(173248K)] 400934K->224678K(860224K), 0.0061750 secs] [Times: user=0.03 sys=0.00, real=0.01 secs] 
2014-07-16T02:37:57.732+0000: 1352.271: [GC [PSYoungGen: 173202K->1244K(170496K)] 397350K->225489K(857472K), 0.0058630 secs] [Times: user=0.03 sys=0.00, real=0.00 secs] 
2014-07-16T02:37:58.307+0000: 1352.845: [GC [PSYoungGen: 170460K->726K(166656K)] 394705K->225050K(853632K), 0.0038950 secs] [Times: user=0.02 sys=0.00, real=0.01 secs] 
2014-07-16T02:37:58.894+0000: 1353.433: [GC [PSYoungGen: 166598K->616K(163328K)] 390923K->224988K(850304K), 0.0075900 secs] [Times: user=0.05 sys=0.00, real=0.01 secs] 
2014-07-16T02:37:59.473+0000: 1354.012: [GC [PSYoungGen: 163304K->658K(160256K)] 387676K->225110K(847232K), 0.0056330 secs] [Times: user=0.03 sys=0.00, real=0.00 secs] 
2014-07-16T02:38:00.057+0000: 1354.596: [GC [PSYoungGen: 160201K->890K(157440K)] 384654K->225446K(844416K), 0.0031990 secs] [Times: user=0.02 sys=0.00, real=0.01 secs] 
2014-07-16T02:38:00.625+0000: 1355.163: [GC [PSYoungGen: 157434K->736K(154368K)] 381990K->225364K(841344K), 0.0054600 secs] [Times: user=0.03 sys=0.00, real=0.01 secs] 
2014-07-16T02:38:01.185+0000: 1355.724: [GC [PSYoungGen: 154336K->848K(151680K)] 378964K->225540K(838656K), 0.0056980 secs] [Times: user=0.04 sys=0.00, real=0.01 secs] 
2014-07-16T02:38:01.754+0000: 1356.293: [GC [PSYoungGen: 151632K->994K(149056K)] 376324K->225774K(836032K), 0.0058400 secs] [Times: user=0.04 sys=0.00, real=0.01 secs] 
2014-07-16T02:38:02.294+0000: 1356.833: [GC [PSYoungGen: 149026K->562K(178240K)] 373806K->225544K(865216K), 0.0110490 secs] [Times: user=0.07 sys=0.00, real=0.01 secs] 
2014-07-16T02:38:03.072+0000: 1357.611: [GC [PSYoungGen: 178206K->944K(175040K)] 403189K->226014K(862016K), 0.0032150 secs] [Times: user=0.02 sys=0.00, real=0.00 secs] 
2014-07-16T02:38:03.727+0000: 1358.266: [GC [PSYoungGen: 174978K->670K(171328K)] 400049K->225838K(858304K), 0.0035080 secs] [Times: user=0.01 sys=0.00, real=0.01 secs] 
2014-07-16T02:38:04.284+0000: 1358.823: [GC [PSYoungGen: 171294K->630K(167872K)] 396462K->225878K(854848K), 0.0054690 secs] [Times: user=0.03 sys=0.00, real=0.00 secs] 
2014-07-16T02:38:04.889+0000: 1359.428: [GC [PSYoungGen: 167862K->968K(164992K)] 393110K->226288K(851968K), 0.0035510 secs] [Times: user=0.02 sys=0.00, real=0.01 secs] 
2014-07-16T02:38:05.477+0000: 1360.016: [GC [PSYoungGen: 164936K->658K(161536K)] 390256K->226050K(848512K), 0.0074400 secs] [Times: user=0.04 sys=0.00, real=0.01 secs] 
2014-07-16T02:38:06.067+0000: 1360.606: [GC [PSYoungGen: 161490K->886K(193920K)] 386882K->226422K(880896K), 0.0110710 secs] [Times: user=0.08 sys=0.01, real=0.01 secs] 
2014-07-16T02:38:06.760+0000: 1361.299: [GC [PSYoungGen: 193909K->808K(232512K)] 419446K->226440K(919488K), 0.0091040 secs] [Times: user=0.05 sys=0.00, real=0.01 secs] 
2014-07-16T02:38:07.679+0000: 1362.218: [GC [PSYoungGen: 232488K->876K(278912K)] 458120K->226801K(965888K), 0.0049690 secs] [Times: user=0.02 sys=0.00, real=0.01 secs] 
2014-07-16T02:38:08.607+0000: 1363.146: [GC [PSYoungGen: 278876K->922K(271808K)] 504801K->226911K(958784K), 0.0068920 secs] [Times: user=0.04 sys=0.00, real=0.01 secs] 
2014-07-16T02:38:09.590+0000: 1364.129: [GC [PSYoungGen: 271770K->876K(264832K)] 497759K->227109K(951808K), 0.0067010 secs] [Times: user=0.03 sys=0.00, real=0.01 secs] 
2014-07-16T02:38:10.551+0000: 1365.090: [GC [PSYoungGen: 264812K->612K(257920K)] 491045K->226933K(944896K), 0.0089880 secs] [Times: user=0.06 sys=0.00, real=0.01 secs] 
2014-07-16T02:38:11.505+0000: 1366.044: [GC [PSYoungGen: 257866K->834K(251776K)] 484187K->227179K(938752K), 0.0067730 secs] [Times: user=0.01 sys=0.00, real=0.01 secs] 
2014-07-16T02:38:12.423+0000: 1366.962: [GC [PSYoungGen: 251694K->598K(245376K)] 478039K->227015K(932352K), 0.0051940 secs] [Times: user=0.03 sys=0.00, real=0.00 secs] 
2014-07-16T02:38:13.395+0000: 1367.933: [GC [PSYoungGen: 245287K->1028K(239872K)] 471704K->227517K(926848K), 0.0050780 secs] [Times: user=0.02 sys=0.01, real=0.00 secs] 
2014-07-16T02:38:14.250+0000: 1368.789: [GC [PSYoungGen: 239812K->580K(233728K)] 466301K->227133K(920704K), 0.0045350 secs] [Times: user=0.02 sys=0.00, real=0.01 secs] 
2014-07-16T02:38:15.081+0000: 1369.620: [GC [PSYoungGen: 233668K->502K(228096K)] 460221K->227119K(915072K), 0.0053240 secs] [Times: user=0.04 sys=0.00, real=0.01 secs] 
2014-07-16T02:38:15.908+0000: 1370.446: [GC [PSYoungGen: 228086K->898K(223232K)] 454703K->227571K(910208K), 0.0089150 secs] [Times: user=0.05 sys=0.00, real=0.01 secs] 
2014-07-16T02:38:16.708+0000: 1371.247: [GC [PSYoungGen: 223145K->794K(217984K)] 449818K->227531K(904960K), 0.0064850 secs] [Times: user=0.04 sys=0.01, real=0.01 secs] 
2014-07-16T02:38:17.503+0000: 1372.042: [GC [PSYoungGen: 217946K->534K(212800K)] 444683K->227303K(899776K), 0.0060790 secs] [Times: user=0.02 sys=0.00, real=0.00 secs] 
2014-07-16T02:38:18.298+0000: 1372.837: [GC [PSYoungGen: 212757K->1022K(208512K)] 439526K->227847K(895488K), 0.0038780 secs] [Times: user=0.02 sys=0.00, real=0.00 secs] 
2014-07-16T02:38:19.044+0000: 1373.583: [GC [PSYoungGen: 208509K->716K(203648K)] 435334K->227589K(890624K), 0.0048430 secs] [Times: user=0.02 sys=0.01, real=0.00 secs] 
2014-07-16T02:38:19.752+0000: 1374.291: [GC [PSYoungGen: 203596K->876K(199360K)] 430469K->227845K(886336K), 0.0042080 secs] [Times: user=0.02 sys=0.00, real=0.01 secs] 
2014-07-16T02:38:20.464+0000: 1375.003: [GC [PSYoungGen: 199340K->648K(194880K)] 426309K->227681K(881856K), 0.0051280 secs] [Times: user=0.03 sys=0.00, real=0.00 secs] 
2014-07-16T02:38:21.169+0000: 1375.707: [GC [PSYoungGen: 194824K->766K(190784K)] 421857K->227823K(877760K), 0.0058540 secs] [Times: user=0.02 sys=0.01, real=0.01 secs] 
2014-07-16T02:38:21.861+0000: 1376.399: [GC [PSYoungGen: 190782K->734K(186816K)] 417839K->227839K(873792K), 0.0038880 secs] [Times: user=0.02 sys=0.00, real=0.01 secs] 
2014-07-16T02:38:22.540+0000: 1377.079: [GC [PSYoungGen: 186782K->672K(182912K)] 413887K->227880K(869888K), 0.0073850 secs] [Times: user=0.05 sys=0.00, real=0.01 secs] 
2014-07-16T02:38:23.245+0000: 1377.784: [GC [PSYoungGen: 182880K->712K(179264K)] 410088K->228001K(866240K), 0.0043450 secs] [Times: user=0.01 sys=0.00, real=0.00 secs] 
2014-07-16T02:38:23.894+0000: 1378.433: [GC [PSYoungGen: 179159K->580K(175488K)] 406448K->227941K(862464K), 0.0033660 secs] [Times: user=0.01 sys=0.01, real=0.00 secs] 
2014-07-16T02:38:24.610+0000: 1379.149: [GC [PSYoungGen: 175428K->1130K(172480K)] 402789K->228547K(859456K), 0.0074270 secs] [Times: user=0.04 sys=0.00, real=0.01 secs] 
2014-07-16T02:38:25.200+0000: 1379.739: [GC [PSYoungGen: 172458K->434K(168384K)] 399875K->227882K(855360K), 0.0047930 secs] [Times: user=0.02 sys=0.00, real=0.01 secs] 
2014-07-16T02:38:25.828+0000: 1380.367: [GC [PSYoungGen: 168370K->986K(165696K)] 395818K->228539K(852672K), 0.0036490 secs] [Times: user=0.02 sys=0.00, real=0.00 secs] 
2014-07-16T02:38:26.406+0000: 1380.944: [GC [PSYoungGen: 165658K->434K(161920K)] 393211K->228050K(848896K), 0.0094420 secs] [Times: user=0.06 sys=0.00, real=0.01 secs] 
2014-07-16T02:38:26.996+0000: 1381.535: [GC [PSYoungGen: 161906K->872K(194688K)] 389522K->228569K(881664K), 0.0113090 secs] [Times: user=0.07 sys=0.00, real=0.01 secs] 
2014-07-16T02:38:27.701+0000: 1382.240: [GC [PSYoungGen: 194614K->790K(233408K)] 422311K->228583K(920384K), 0.0046330 secs] [Times: user=0.02 sys=0.00, real=0.01 secs] 
2014-07-16T02:38:28.603+0000: 1383.141: [GC [PSYoungGen: 233344K->1254K(228352K)] 461136K->229127K(915328K), 0.0032760 secs] [Times: user=0.01 sys=0.01, real=0.01 secs] 
2014-07-16T02:38:29.414+0000: 1383.953: [GC [PSYoungGen: 228326K->488K(222272K)] 456199K->228723K(909248K), 0.0051910 secs] [Times: user=0.04 sys=0.00, real=0.01 secs] 
2014-07-16T02:38:30.214+0000: 1384.753: [GC [PSYoungGen: 222248K->1158K(217856K)] 450483K->229433K(904832K), 0.0047920 secs] [Times: user=0.02 sys=0.00, real=0.00 secs] 
2014-07-16T02:38:31.003+0000: 1385.542: [GC [PSYoungGen: 217796K->1016K(212736K)] 446072K->229469K(899712K), 0.0071380 secs] [Times: user=0.04 sys=0.00, real=0.01 secs] 
2014-07-16T02:38:31.787+0000: 1386.326: [GC [PSYoungGen: 212710K->594K(207616K)] 441164K->229151K(894592K), 0.0056100 secs] [Times: user=0.03 sys=0.00, real=0.00 secs] 
2014-07-16T02:38:32.583+0000: 1387.122: [GC [PSYoungGen: 207498K->1096K(203520K)] 436056K->229765K(890496K), 0.0054040 secs] [Times: user=0.03 sys=0.00, real=0.01 secs] 
2014-07-16T02:38:33.383+0000: 1387.921: [GC [PSYoungGen: 203464K->708K(198720K)] 432133K->229441K(885696K), 0.0041740 secs] [Times: user=0.02 sys=0.01, real=0.01 secs] 
2014-07-16T02:38:34.087+0000: 1388.626: [GC [PSYoungGen: 198660K->804K(194496K)] 427393K->229601K(881472K), 0.0039620 secs] [Times: user=0.02 sys=0.00, real=0.00 secs] 
2014-07-16T02:38:34.883+0000: 1389.422: [GC [PSYoungGen: 194432K->790K(190400K)] 423230K->229651K(877376K), 0.0056410 secs] [Times: user=0.02 sys=0.00, real=0.01 secs] 
2014-07-16T02:38:35.516+0000: 1390.055: [GC [PSYoungGen: 190358K->402K(186048K)] 419219K->229311K(873024K), 0.0044910 secs] [Times: user=0.01 sys=0.00, real=0.00 secs] 
2014-07-16T02:38:36.207+0000: 1390.745: [GC [PSYoungGen: 186002K->662K(182464K)] 414911K->229627K(869440K), 0.0091750 secs] [Times: user=0.05 sys=0.00, real=0.01 secs] 
2014-07-16T02:38:36.870+0000: 1391.408: [GC [PSYoungGen: 182422K->762K(178816K)] 411387K->229815K(865792K), 0.0034140 secs] [Times: user=0.02 sys=0.00, real=0.00 secs] 
2014-07-16T02:38:37.518+0000: 1392.057: [GC [PSYoungGen: 178732K->562K(175040K)] 407785K->229727K(862016K), 0.0052670 secs] [Times: user=0.04 sys=0.00, real=0.00 secs] 
2014-07-16T02:38:38.261+0000: 1392.800: [GC [PSYoungGen: 175026K->1136K(172096K)] 404191K->230357K(859072K), 0.0077150 secs] [Times: user=0.04 sys=0.00, real=0.01 secs] 
2014-07-16T02:38:38.846+0000: 1393.384: [GC [PSYoungGen: 172080K->562K(168128K)] 401301K->229839K(855104K), 0.0037300 secs] [Times: user=0.02 sys=0.00, real=0.01 secs] 
2014-07-16T02:38:39.465+0000: 1394.003: [GC [PSYoungGen: 168088K->994K(165312K)] 397366K->230335K(852288K), 0.0080980 secs] [Times: user=0.04 sys=0.00, real=0.01 secs] 
2014-07-16T02:38:40.069+0000: 1394.607: [GC [PSYoungGen: 165282K->1104K(162304K)] 394623K->230541K(849280K), 0.0079380 secs] [Times: user=0.05 sys=0.00, real=0.01 secs] 
2014-07-16T02:38:40.648+0000: 1395.187: [GC [PSYoungGen: 162204K->694K(158784K)] 391641K->230361K(845760K), 0.0032580 secs] [Times: user=0.02 sys=0.00, real=0.00 secs] 
2014-07-16T02:38:41.221+0000: 1395.760: [GC [PSYoungGen: 158774K->530K(155712K)] 388441K->230261K(842688K), 0.0033010 secs] [Times: user=0.02 sys=0.00, real=0.00 secs] 
2014-07-16T02:38:41.789+0000: 1396.327: [GC [PSYoungGen: 155666K->844K(153152K)] 385397K->230639K(840128K), 0.0041250 secs] [Times: user=0.02 sys=0.00, real=0.00 secs] 
2014-07-16T02:38:42.383+0000: 1396.921: [GC [PSYoungGen: 153100K->858K(150336K)] 382895K->230717K(837312K), 0.0053700 secs] [Times: user=0.03 sys=0.00, real=0.01 secs] 
2014-07-16T02:38:42.931+0000: 1397.470: [GC [PSYoungGen: 150298K->708K(147520K)] 380157K->230647K(834496K), 0.0054420 secs] [Times: user=0.04 sys=0.00, real=0.01 secs] 
2014-07-16T02:38:43.556+0000: 1398.095: [GC [PSYoungGen: 147460K->1282K(145472K)] 377399K->231385K(832448K), 0.0064950 secs] [Times: user=0.02 sys=0.01, real=0.00 secs] 
2014-07-16T02:38:44.101+0000: 1398.640: [GC [PSYoungGen: 145392K->638K(173632K)] 375496K->230887K(860608K), 0.0153560 secs] [Times: user=0.10 sys=0.00, real=0.02 secs] 
2014-07-16T02:38:44.714+0000: 1399.252: [GC [PSYoungGen: 173630K->926K(208576K)] 403879K->231263K(895552K), 0.0043010 secs] [Times: user=0.01 sys=0.01, real=0.01 secs] 
2014-07-16T02:38:45.482+0000: 1400.021: [GC [PSYoungGen: 208542K->754K(203776K)] 438879K->231321K(890752K), 0.0036960 secs] [Times: user=0.02 sys=0.01, real=0.00 secs] 
2014-07-16T02:38:46.223+0000: 1400.762: [GC [PSYoungGen: 203762K->716K(199360K)] 434329K->231339K(886336K), 0.0056360 secs] [Times: user=0.03 sys=0.00, real=0.01 secs] 
2014-07-16T02:38:46.956+0000: 1401.495: [GC [PSYoungGen: 199308K->594K(194944K)] 429931K->231321K(881920K), 0.0034320 secs] [Times: user=0.02 sys=0.00, real=0.01 secs] 
2014-07-16T02:38:47.651+0000: 1402.189: [GC [PSYoungGen: 194850K->794K(190976K)] 425578K->231609K(877952K), 0.0097970 secs] [Times: user=0.07 sys=0.01, real=0.01 secs] 
2014-07-16T02:38:48.449+0000: 1402.988: [GC [PSYoungGen: 190905K->964K(187136K)] 421720K->231859K(874112K), 0.0054870 secs] [Times: user=0.02 sys=0.00, real=0.00 secs] 
2014-07-16T02:38:49.087+0000: 1403.625: [GC [PSYoungGen: 187076K->794K(224192K)] 417971K->231729K(911168K), 0.0111320 secs] [Times: user=0.06 sys=0.00, real=0.02 secs] 
2014-07-16T02:38:49.884+0000: 1404.423: [GC [PSYoungGen: 224154K->744K(218944K)] 455089K->231849K(905920K), 0.0044760 secs] [Times: user=0.01 sys=0.01, real=0.01 secs] 
2014-07-16T02:38:50.676+0000: 1405.214: [GC [PSYoungGen: 218917K->726K(262592K)] 450022K->231895K(949568K), 0.0134030 secs] [Times: user=0.08 sys=0.00, real=0.02 secs] 
2014-07-16T02:38:51.634+0000: 1406.172: [GC [PSYoungGen: 262550K->826K(280128K)] 493719K->232149K(967104K), 0.0067970 secs] [Times: user=0.04 sys=0.00, real=0.01 secs] 
2014-07-16T02:38:52.640+0000: 1407.179: [GC [PSYoungGen: 279973K->840K(272832K)] 511297K->232235K(959808K), 0.0072570 secs] [Times: user=0.04 sys=0.00, real=0.00 secs] 
2014-07-16T02:38:53.729+0000: 1408.267: [GC [PSYoungGen: 272776K->370K(265344K)] 504171K->232083K(952320K), 0.0060510 secs] [Times: user=0.03 sys=0.00, real=0.00 secs] 
2014-07-16T02:38:54.710+0000: 1409.249: [GC [PSYoungGen: 265330K->1134K(259456K)] 497043K->233412K(946432K), 0.0066830 secs] [Times: user=0.05 sys=0.00, real=0.00 secs] 
2014-07-16T02:38:55.728+0000: 1410.267: [GC [PSYoungGen: 259438K->786K(252672K)] 491716K->233127K(939648K), 0.0079100 secs] [Times: user=0.04 sys=0.00, real=0.00 secs] 
2014-07-16T02:38:56.631+0000: 1411.170: [GC [PSYoungGen: 252626K->658K(246336K)] 484967K->233079K(933312K), 0.0046430 secs] [Times: user=0.03 sys=0.00, real=0.00 secs] 
2014-07-16T02:38:57.519+0000: 1412.058: [GC [PSYoungGen: 246288K->744K(240448K)] 478710K->233254K(927424K), 0.0047690 secs] [Times: user=0.02 sys=0.00, real=0.00 secs] 
2014-07-16T02:38:58.500+0000: 1413.039: [GC [PSYoungGen: 240424K->1142K(235072K)] 472934K->233748K(922048K), 0.0048280 secs] [Times: user=0.03 sys=0.00, real=0.00 secs] 
2014-07-16T02:38:59.333+0000: 1413.871: [GC [PSYoungGen: 235062K->958K(229376K)] 467668K->234126K(916352K), 0.0047700 secs] [Times: user=0.02 sys=0.00, real=0.00 secs] 
2014-07-16T02:39:00.143+0000: 1414.681: [GC [PSYoungGen: 229334K->862K(224000K)] 462502K->234102K(910976K), 0.0061790 secs] [Times: user=0.03 sys=0.00, real=0.00 secs] 
2014-07-16T02:39:00.950+0000: 1415.488: [GC [PSYoungGen: 223959K->1012K(219008K)] 457199K->234316K(905984K), 0.0033590 secs] [Times: user=0.02 sys=0.00, real=0.00 secs] 
2014-07-16T02:39:01.740+0000: 1416.279: [GC [PSYoungGen: 218943K->980K(214016K)] 452247K->234356K(900992K), 0.0056220 secs] [Times: user=0.03 sys=0.00, real=0.00 secs] 
2014-07-16T02:39:02.515+0000: 1417.054: [GC [PSYoungGen: 213972K->780K(209024K)] 447348K->234228K(896000K), 0.0031330 secs] [Times: user=0.02 sys=0.00, real=0.00 secs] 
2014-07-16T02:39:03.267+0000: 1417.806: [GC [PSYoungGen: 208969K->1036K(204672K)] 442417K->234564K(891648K), 0.0113650 secs] [Times: user=0.07 sys=0.00, real=0.01 secs] 
2014-07-16T02:39:04.034+0000: 1418.573: [GC [PSYoungGen: 204620K->580K(199744K)] 438148K->234188K(886720K), 0.0065700 secs] [Times: user=0.04 sys=0.00, real=0.01 secs] 
2014-07-16T02:39:04.774+0000: 1419.313: [GC [PSYoungGen: 199672K->576K(195392K)] 433280K->234240K(882368K), 0.0067920 secs] [Times: user=0.03 sys=0.00, real=0.01 secs] 
2014-07-16T02:39:05.495+0000: 1420.034: [GC [PSYoungGen: 195392K->804K(191488K)] 429056K->234556K(878464K), 0.0078800 secs] [Times: user=0.06 sys=0.00, real=0.01 secs] 
2014-07-16T02:39:06.185+0000: 1420.724: [GC [PSYoungGen: 191382K->1058K(187712K)] 425134K->234874K(874688K), 0.0053610 secs] [Times: user=0.02 sys=0.00, real=0.01 secs] 
2014-07-16T02:39:06.842+0000: 1421.381: [GC [PSYoungGen: 187682K->580K(183360K)] 421498K->234460K(870336K), 0.0054090 secs] [Times: user=0.03 sys=0.00, real=0.00 secs] 
2014-07-16T02:39:07.510+0000: 1422.048: [GC [PSYoungGen: 183300K->626K(179584K)] 417180K->234602K(866560K), 0.0047690 secs] [Times: user=0.02 sys=0.00, real=0.01 secs] 
2014-07-16T02:39:08.147+0000: 1422.686: [GC [PSYoungGen: 179537K->1126K(176448K)] 413513K->235174K(863424K), 0.0080240 secs] [Times: user=0.06 sys=0.00, real=0.01 secs] 
2014-07-16T02:39:08.835+0000: 1423.374: [GC [PSYoungGen: 176422K->608K(172416K)] 410470K->234736K(859392K), 0.0036070 secs] [Times: user=0.02 sys=0.00, real=0.00 secs] 
2014-07-16T02:39:09.424+0000: 1423.962: [GC [PSYoungGen: 172364K->936K(169344K)] 406492K->235144K(856320K), 0.0067020 secs] [Times: user=0.04 sys=0.00, real=0.01 secs] 
2014-07-16T02:39:10.027+0000: 1424.566: [GC [PSYoungGen: 169276K->944K(166080K)] 403484K->235224K(853056K), 0.0041010 secs] [Times: user=0.02 sys=0.00, real=0.01 secs] 
2014-07-16T02:39:10.634+0000: 1425.173: [GC [PSYoungGen: 166064K->1040K(163008K)] 400344K->235424K(849984K), 0.0034970 secs] [Times: user=0.02 sys=0.00, real=0.00 secs] 
2014-07-16T02:39:11.209+0000: 1425.748: [GC [PSYoungGen: 162923K->726K(195072K)] 397307K->235190K(882048K), 0.0111700 secs] [Times: user=0.07 sys=0.00, real=0.02 secs] 
2014-07-16T02:39:11.909+0000: 1426.448: [GC [PSYoungGen: 195030K->798K(190976K)] 429494K->235310K(877952K), 0.0058850 secs] [Times: user=0.04 sys=0.00, real=0.01 secs] 
2014-07-16T02:39:12.606+0000: 1427.145: [GC [PSYoungGen: 190932K->566K(186688K)] 425445K->235150K(873664K), 0.0066540 secs] [Times: user=0.04 sys=0.00, real=0.01 secs] 
2014-07-16T02:39:13.297+0000: 1427.836: [GC [PSYoungGen: 186678K->1336K(183616K)] 421262K->235992K(870592K), 0.0043880 secs] [Times: user=0.02 sys=0.00, real=0.01 secs] 
2014-07-16T02:39:14.059+0000: 1428.598: [GC [PSYoungGen: 183547K->786K(179392K)] 418203K->235514K(866368K), 0.0062700 secs] [Times: user=0.04 sys=0.00, real=0.01 secs] 
2014-07-16T02:39:14.658+0000: 1429.197: [GC [PSYoungGen: 179286K->808K(175744K)] 414014K->235616K(862720K), 0.0070700 secs] [Times: user=0.03 sys=0.00, real=0.01 secs] 
2014-07-16T02:39:15.344+0000: 1429.883: [GC [PSYoungGen: 175714K->940K(172352K)] 410522K->235820K(859328K), 0.0085110 secs] [Times: user=0.05 sys=0.00, real=0.01 secs] 
2014-07-16T02:39:16.013+0000: 1430.552: [GC [PSYoungGen: 172332K->754K(168768K)] 407212K->235722K(855744K), 0.0034810 secs] [Times: user=0.02 sys=0.00, real=0.00 secs] 
2014-07-16T02:39:16.561+0000: 1431.100: [GC [PSYoungGen: 168743K->612K(165376K)] 403711K->235668K(852352K), 0.0033820 secs] [Times: user=0.01 sys=0.01, real=0.00 secs] 
2014-07-16T02:39:17.148+0000: 1431.687: [GC [PSYoungGen: 165348K->1026K(162624K)] 400404K->236138K(849600K), 0.0076630 secs] [Times: user=0.04 sys=0.01, real=0.01 secs] 
2014-07-16T02:39:17.733+0000: 1432.271: [GC [PSYoungGen: 162562K->716K(159232K)] 397674K->235892K(846208K), 0.0057800 secs] [Times: user=0.04 sys=0.00, real=0.00 secs] 
2014-07-16T02:39:18.298+0000: 1432.837: [GC [PSYoungGen: 159180K->798K(156288K)] 394356K->236070K(843264K), 0.0050840 secs] [Times: user=0.03 sys=0.00, real=0.01 secs] 
2014-07-16T02:39:18.923+0000: 1433.462: [GC [PSYoungGen: 156216K->1326K(153920K)] 391488K->236902K(840896K), 0.0055110 secs] [Times: user=0.03 sys=0.00, real=0.00 secs] 
2014-07-16T02:39:19.418+0000: 1433.957: [GC [PSYoungGen: 153902K->534K(150336K)] 389478K->236150K(837312K), 0.0037200 secs] [Times: user=0.02 sys=0.00, real=0.01 secs] 
2014-07-16T02:39:19.954+0000: 1434.492: [GC [PSYoungGen: 150294K->530K(147648K)] 385910K->236226K(834624K), 0.0029450 secs] [Times: user=0.01 sys=0.00, real=0.00 secs] 
2014-07-16T02:39:20.485+0000: 1435.024: [GC [PSYoungGen: 147602K->1030K(145536K)] 383298K->236766K(832512K), 0.0038450 secs] [Times: user=0.02 sys=0.00, real=0.00 secs] 
2014-07-16T02:39:21.007+0000: 1435.545: [GC [PSYoungGen: 145478K->986K(142912K)] 381214K->236802K(829888K), 0.0063340 secs] [Times: user=0.04 sys=0.00, real=0.01 secs] 
2014-07-16T02:39:21.514+0000: 1436.052: [GC [PSYoungGen: 142838K->712K(140160K)] 378654K->236600K(827136K), 0.0034780 secs] [Times: user=0.02 sys=0.00, real=0.00 secs] 
2014-07-16T02:39:22.022+0000: 1436.560: [GC [PSYoungGen: 140082K->694K(137664K)] 375970K->236670K(824640K), 0.0071990 secs] [Times: user=0.05 sys=0.00, real=0.01 secs] 
2014-07-16T02:39:22.531+0000: 1437.070: [GC [PSYoungGen: 137651K->630K(135232K)] 373627K->236678K(822208K), 0.0060150 secs] [Times: user=0.03 sys=0.00, real=0.01 secs] 
2014-07-16T02:39:23.013+0000: 1437.552: [GC [PSYoungGen: 135222K->516K(132864K)] 371270K->236636K(819840K), 0.0045860 secs] [Times: user=0.03 sys=0.00, real=0.00 secs] 
2014-07-16T02:39:23.497+0000: 1438.036: [GC [PSYoungGen: 132804K->644K(130752K)] 368924K->236820K(817728K), 0.0044460 secs] [Times: user=0.02 sys=0.00, real=0.00 secs] 
2014-07-16T02:39:24.063+0000: 1438.602: [GC [PSYoungGen: 130684K->1398K(157504K)] 366860K->238086K(844480K), 0.0131690 secs] [Times: user=0.07 sys=0.01, real=0.01 secs] 
2014-07-16T02:39:24.604+0000: 1439.143: [GC [PSYoungGen: 157462K->744K(188096K)] 394150K->237496K(875072K), 0.0058320 secs] [Times: user=0.02 sys=0.00, real=0.00 secs] 
2014-07-16T02:39:25.288+0000: 1439.827: [GC [PSYoungGen: 188072K->768K(225600K)] 424824K->237600K(912576K), 0.0055780 secs] [Times: user=0.03 sys=0.00, real=0.01 secs] 
2014-07-16T02:39:26.106+0000: 1440.645: [GC [PSYoungGen: 225600K->940K(220608K)] 462432K->237860K(907584K), 0.0032700 secs] [Times: user=0.01 sys=0.00, real=0.00 secs] 
2014-07-16T02:39:26.914+0000: 1441.452: [GC [PSYoungGen: 220588K->944K(215616K)] 457508K->237920K(902592K), 0.0048140 secs] [Times: user=0.02 sys=0.00, real=0.00 secs] 
2014-07-16T02:39:27.724+0000: 1442.263: [GC [PSYoungGen: 215597K->1118K(210944K)] 452574K->238174K(897920K), 0.0046240 secs] [Times: user=0.02 sys=0.00, real=0.00 secs] 
2014-07-16T02:39:28.452+0000: 1442.991: [GC [PSYoungGen: 210905K->1044K(206208K)] 447961K->238180K(893184K), 0.0057980 secs] [Times: user=0.03 sys=0.01, real=0.01 secs] 
2014-07-16T02:39:29.225+0000: 1443.764: [GC [PSYoungGen: 206142K->1012K(201600K)] 443278K->238436K(888576K), 0.0040140 secs] [Times: user=0.02 sys=0.00, real=0.00 secs] 
2014-07-16T02:39:29.936+0000: 1444.475: [GC [PSYoungGen: 201588K->512K(196736K)] 439012K->238024K(883712K), 0.0031600 secs] [Times: user=0.02 sys=0.00, real=0.00 secs] 
2014-07-16T02:39:30.650+0000: 1445.189: [GC [PSYoungGen: 196736K->1344K(193408K)] 434248K->238944K(880384K), 0.0050870 secs] [Times: user=0.03 sys=0.00, real=0.01 secs] 
2014-07-16T02:39:31.352+0000: 1445.891: [GC [PSYoungGen: 193344K->780K(188736K)] 430944K->238420K(875712K), 0.0050860 secs] [Times: user=0.02 sys=0.01, real=0.01 secs] 
2014-07-16T02:39:32.031+0000: 1446.570: [GC [PSYoungGen: 188684K->1086K(185088K)] 426324K->238806K(872064K), 0.0072960 secs] [Times: user=0.05 sys=0.00, real=0.01 secs] 
2014-07-16T02:39:32.685+0000: 1447.224: [GC [PSYoungGen: 185086K->580K(180864K)] 422806K->238356K(867840K), 0.0058230 secs] [Times: user=0.03 sys=0.00, real=0.00 secs] 
2014-07-16T02:39:33.333+0000: 1447.872: [GC [PSYoungGen: 180788K->648K(177280K)] 418565K->238488K(864256K), 0.0072060 secs] [Times: user=0.05 sys=0.00, real=0.01 secs] 
2014-07-16T02:39:34.085+0000: 1448.624: [GC [PSYoungGen: 177193K->886K(173888K)] 415033K->238814K(860864K), 0.0034830 secs] [Times: user=0.02 sys=0.01, real=0.00 secs] 
2014-07-16T02:39:34.635+0000: 1449.174: [GC [PSYoungGen: 173878K->672K(170240K)] 411806K->238672K(857216K), 0.0096770 secs] [Times: user=0.06 sys=0.00, real=0.01 secs] 
2014-07-16T02:39:35.247+0000: 1449.786: [GC [PSYoungGen: 170161K->1406K(167616K)] 408162K->239510K(854592K), 0.0052190 secs] [Times: user=0.03 sys=0.01, real=0.00 secs] 
2014-07-16T02:39:35.852+0000: 1450.390: [GC [PSYoungGen: 167614K->822K(163840K)] 405718K->239006K(850816K), 0.0057630 secs] [Times: user=0.04 sys=0.00, real=0.01 secs] 
2014-07-16T02:39:36.442+0000: 1450.981: [GC [PSYoungGen: 163830K->958K(160832K)] 402014K->239230K(847808K), 0.0059290 secs] [Times: user=0.04 sys=0.00, real=0.01 secs] 
2014-07-16T02:39:37.074+0000: 1451.612: [GC [PSYoungGen: 160830K->1244K(158144K)] 399102K->239596K(845120K), 0.0032460 secs] [Times: user=0.02 sys=0.00, real=0.01 secs] 
2014-07-16T02:39:37.617+0000: 1452.156: [GC [PSYoungGen: 158108K->826K(154752K)] 396460K->239234K(841728K), 0.0052100 secs] [Times: user=0.03 sys=0.00, real=0.00 secs] 
2014-07-16T02:39:38.178+0000: 1452.717: [GC [PSYoungGen: 154746K->626K(151744K)] 393154K->239098K(838720K), 0.0082490 secs] [Times: user=0.05 sys=0.00, real=0.01 secs] 
2014-07-16T02:39:38.718+0000: 1453.257: [GC [PSYoungGen: 151730K->844K(182272K)] 390202K->239388K(869248K), 0.0074440 secs] [Times: user=0.05 sys=0.01, real=0.01 secs] 
2014-07-16T02:39:39.376+0000: 1453.914: [GC [PSYoungGen: 182196K->794K(178496K)] 420741K->239434K(865472K), 0.0049700 secs] [Times: user=0.03 sys=0.00, real=0.00 secs] 
2014-07-16T02:39:40.012+0000: 1454.550: [GC [PSYoungGen: 178422K->958K(175040K)] 417062K->239686K(862016K), 0.0048230 secs] [Times: user=0.03 sys=0.00, real=0.01 secs] 
2014-07-16T02:39:40.656+0000: 1455.195: [GC [PSYoungGen: 174952K->980K(171648K)] 413680K->239780K(858624K), 0.0051620 secs] [Times: user=0.04 sys=0.00, real=0.00 secs] 
2014-07-16T02:39:41.261+0000: 1455.800: [GC [PSYoungGen: 171565K->894K(168128K)] 410365K->239782K(855104K), 0.0039700 secs] [Times: user=0.02 sys=0.00, real=0.01 secs] 
2014-07-16T02:39:41.863+0000: 1456.402: [GC [PSYoungGen: 168126K->748K(164736K)] 407014K->239708K(851712K), 0.0064840 secs] [Times: user=0.04 sys=0.00, real=0.01 secs] 
2014-07-16T02:39:42.464+0000: 1457.002: [GC [PSYoungGen: 164673K->612K(161472K)] 403634K->239644K(848448K), 0.0062380 secs] [Times: user=0.04 sys=0.00, real=0.01 secs] 
2014-07-16T02:39:43.066+0000: 1457.605: [GC [PSYoungGen: 161405K->1022K(158784K)] 400437K->240118K(845760K), 0.0034660 secs] [Times: user=0.03 sys=0.00, real=0.00 secs] 
2014-07-16T02:39:43.599+0000: 1458.138: [GC [PSYoungGen: 158742K->1362K(156224K)] 397838K->240598K(843200K), 0.0074750 secs] [Times: user=0.04 sys=0.00, real=0.01 secs] 
2014-07-16T02:39:44.394+0000: 1458.932: [GC [PSYoungGen: 156178K->420K(152384K)] 395414K->240280K(839360K), 0.0074190 secs] [Times: user=0.04 sys=0.00, real=0.01 secs] 
2014-07-16T02:39:44.929+0000: 1459.468: [GC [PSYoungGen: 152351K->1418K(150592K)] 392212K->241342K(837568K), 0.0040000 secs] [Times: user=0.02 sys=0.00, real=0.00 secs] 
2014-07-16T02:39:45.479+0000: 1460.017: [GC [PSYoungGen: 150538K->844K(147328K)] 390462K->241386K(834304K), 0.0071820 secs] [Times: user=0.04 sys=0.00, real=0.00 secs] 
2014-07-16T02:39:46.007+0000: 1460.545: [GC [PSYoungGen: 147276K->512K(144320K)] 387818K->241094K(831296K), 0.0050050 secs] [Times: user=0.02 sys=0.00, real=0.00 secs] 
2014-07-16T02:39:46.529+0000: 1461.067: [GC [PSYoungGen: 144319K->690K(141952K)] 384902K->241384K(828928K), 0.0038940 secs] [Times: user=0.02 sys=0.00, real=0.00 secs] 
2014-07-16T02:39:47.100+0000: 1461.639: [GC [PSYoungGen: 141932K->1194K(139968K)] 382627K->241920K(826944K), 0.0042710 secs] [Times: user=0.02 sys=0.00, real=0.00 secs] 
2014-07-16T02:39:47.570+0000: 1462.109: [GC [PSYoungGen: 139946K->420K(136832K)] 380672K->241202K(823808K), 0.0036400 secs] [Times: user=0.01 sys=0.00, real=0.00 secs] 
2014-07-16T02:39:48.071+0000: 1462.610: [GC [PSYoungGen: 136804K->762K(134848K)] 377586K->241592K(821824K), 0.0076230 secs] [Times: user=0.04 sys=0.00, real=0.01 secs] 
2014-07-16T02:39:48.554+0000: 1463.093: [GC [PSYoungGen: 134842K->594K(161536K)] 375672K->241512K(848512K), 0.0092070 secs] [Times: user=0.06 sys=0.01, real=0.01 secs] 
2014-07-16T02:39:49.227+0000: 1463.766: [GC [PSYoungGen: 161490K->1370K(194496K)] 402408K->242376K(881472K), 0.0044870 secs] [Times: user=0.02 sys=0.00, real=0.00 secs] 
2014-07-16T02:39:49.913+0000: 1464.452: [GC [PSYoungGen: 194420K->962K(229248K)] 435426K->242024K(916224K), 0.0089040 secs] [Times: user=0.05 sys=0.00, real=0.01 secs] 
2014-07-16T02:39:50.728+0000: 1465.267: [GC [PSYoungGen: 228994K->994K(229696K)] 470056K->242120K(916672K), 0.0082400 secs] [Times: user=0.04 sys=0.00, real=0.01 secs] 
2014-07-16T02:39:51.559+0000: 1466.097: [GC [PSYoungGen: 229023K->552K(275264K)] 470150K->241718K(962240K), 0.0070080 secs] [Times: user=0.04 sys=0.00, real=0.00 secs] 
2014-07-16T02:39:52.560+0000: 1467.099: [GC [PSYoungGen: 274216K->698K(267328K)] 515382K->241936K(954304K), 0.0083340 secs] [Times: user=0.05 sys=0.00, real=0.01 secs] 
2014-07-16T02:39:53.538+0000: 1468.077: [GC [PSYoungGen: 267322K->562K(260480K)] 508560K->241864K(947456K), 0.0041530 secs] [Times: user=0.02 sys=0.00, real=0.00 secs] 
2014-07-16T02:39:54.586+0000: 1469.124: [GC [PSYoungGen: 260424K->566K(254016K)] 501727K->241908K(940992K), 0.0044160 secs] [Times: user=0.01 sys=0.00, real=0.01 secs] 
2014-07-16T02:39:55.462+0000: 1470.001: [GC [PSYoungGen: 254006K->416K(247616K)] 495348K->241814K(934592K), 0.0101240 secs] [Times: user=0.06 sys=0.01, real=0.01 secs] 
2014-07-16T02:39:56.358+0000: 1470.897: [GC [PSYoungGen: 247555K->516K(241728K)] 488954K->241962K(928704K), 0.0034430 secs] [Times: user=0.02 sys=0.00, real=0.00 secs] 
2014-07-16T02:39:57.256+0000: 1471.795: [GC [PSYoungGen: 241626K->1390K(236736K)] 483073K->242908K(923712K), 0.0039060 secs] [Times: user=0.02 sys=0.00, real=0.01 secs] 
2014-07-16T02:39:58.129+0000: 1472.668: [GC [PSYoungGen: 236718K->530K(230336K)] 478236K->242120K(917312K), 0.0071260 secs] [Times: user=0.04 sys=0.00, real=0.00 secs] 
2014-07-16T02:39:58.971+0000: 1473.510: [GC [PSYoungGen: 230290K->816K(225216K)] 471880K->242446K(912192K), 0.0075350 secs] [Times: user=0.05 sys=0.00, real=0.01 secs] 
2014-07-16T02:39:59.855+0000: 1474.393: [GC [PSYoungGen: 225200K->894K(220096K)] 466830K->242588K(907072K), 0.0055350 secs] [Times: user=0.04 sys=0.00, real=0.01 secs] 
2014-07-16T02:40:00.643+0000: 1475.181: [GC [PSYoungGen: 220084K->1098K(215360K)] 461778K->242856K(902336K), 0.0059620 secs] [Times: user=0.04 sys=0.00, real=0.01 secs] 
2014-07-16T02:40:01.408+0000: 1475.947: [GC [PSYoungGen: 215305K->626K(210048K)] 457063K->242472K(897024K), 0.0081770 secs] [Times: user=0.05 sys=0.00, real=0.00 secs] 
2014-07-16T02:40:02.202+0000: 1476.741: [GC [PSYoungGen: 210017K->1078K(205824K)] 451864K->242972K(892800K), 0.0065010 secs] [Times: user=0.03 sys=0.00, real=0.01 secs] 
2014-07-16T02:40:02.922+0000: 1477.460: [GC [PSYoungGen: 205797K->694K(200960K)] 447692K->242644K(887936K), 0.0033080 secs] [Times: user=0.02 sys=0.00, real=0.00 secs] 
2014-07-16T02:40:03.659+0000: 1478.198: [GC [PSYoungGen: 200950K->566K(196480K)] 442900K->242580K(883456K), 0.0043130 secs] [Times: user=0.02 sys=0.00, real=0.00 secs] 
2014-07-16T02:40:04.377+0000: 1478.916: [GC [PSYoungGen: 196458K->1448K(193152K)] 438473K->243560K(880128K), 0.0105540 secs] [Times: user=0.05 sys=0.00, real=0.01 secs] 
2014-07-16T02:40:05.131+0000: 1479.670: [GC [PSYoungGen: 193122K->516K(188224K)] 435235K->242684K(875200K), 0.0056260 secs] [Times: user=0.04 sys=0.00, real=0.00 secs] 
2014-07-16T02:40:05.793+0000: 1480.332: [GC [PSYoungGen: 188164K->626K(184384K)] 430332K->242858K(871360K), 0.0078860 secs] [Times: user=0.03 sys=0.00, real=0.01 secs] 
2014-07-16T02:40:06.454+0000: 1480.993: [GC [PSYoungGen: 184370K->800K(180800K)] 426602K->243152K(867776K), 0.0073230 secs] [Times: user=0.05 sys=0.00, real=0.01 secs] 
2014-07-16T02:40:07.089+0000: 1481.627: [GC [PSYoungGen: 180768K->580K(176960K)] 423120K->242996K(863936K), 0.0059860 secs] [Times: user=0.04 sys=0.00, real=0.01 secs] 
2014-07-16T02:40:07.758+0000: 1482.297: [GC [PSYoungGen: 176898K->876K(173696K)] 419315K->243388K(860672K), 0.0047220 secs] [Times: user=0.03 sys=0.00, real=0.01 secs] 
2014-07-16T02:40:08.373+0000: 1482.912: [GC [PSYoungGen: 173673K->994K(208384K)] 416185K->243562K(895360K), 0.0113790 secs] [Times: user=0.06 sys=0.01, real=0.01 secs] 
2014-07-16T02:40:09.133+0000: 1483.671: [GC [PSYoungGen: 208301K->818K(249664K)] 450869K->243450K(936640K), 0.0101980 secs] [Times: user=0.06 sys=0.00, real=0.01 secs] 
2014-07-16T02:40:10.115+0000: 1484.654: [GC [PSYoungGen: 249606K->1140K(260672K)] 492239K->243820K(947648K), 0.0122080 secs] [Times: user=0.08 sys=0.00, real=0.01 secs] 
2014-07-16T02:40:11.021+0000: 1485.560: [GC [PSYoungGen: 260404K->744K(300096K)] 503084K->243504K(987072K), 0.0049600 secs] [Times: user=0.03 sys=0.00, real=0.00 secs] 
2014-07-16T02:40:12.106+0000: 1486.644: [GC [PSYoungGen: 299323K->1208K(291840K)] 542083K->244016K(978816K), 0.0100520 secs] [Times: user=0.05 sys=0.00, real=0.01 secs] 
2014-07-16T02:40:13.149+0000: 1487.687: [GC [PSYoungGen: 291832K->320K(283264K)] 534640K->243322K(970240K), 0.0052600 secs] [Times: user=0.03 sys=0.00, real=0.01 secs] 
2014-07-16T02:40:14.172+0000: 1488.710: [GC [PSYoungGen: 283235K->1318K(276928K)] 526238K->244384K(963904K), 0.0062340 secs] [Times: user=0.04 sys=0.00, real=0.00 secs] 
2014-07-16T02:40:15.199+0000: 1489.738: [GC [PSYoungGen: 276902K->562K(269056K)] 519968K->243884K(956032K), 0.0077150 secs] [Times: user=0.05 sys=0.00, real=0.01 secs] 
2014-07-16T02:40:16.169+0000: 1490.707: [GC [PSYoungGen: 269042K->830K(262464K)] 512364K->244184K(949440K), 0.0081120 secs] [Times: user=0.04 sys=0.00, real=0.01 secs] 
2014-07-16T02:40:17.127+0000: 1491.666: [GC [PSYoungGen: 262462K->580K(255744K)] 505816K->243998K(942720K), 0.0050230 secs] [Times: user=0.02 sys=0.00, real=0.01 secs] 
2014-07-16T02:40:18.084+0000: 1492.623: [GC [PSYoungGen: 255684K->1150K(249920K)] 499102K->244616K(936896K), 0.0133510 secs] [Times: user=0.07 sys=0.01, real=0.01 secs] 
2014-07-16T02:40:18.954+0000: 1493.493: [GC [PSYoungGen: 249918K->990K(243712K)] 493384K->244544K(930688K), 0.0067160 secs] [Times: user=0.04 sys=0.00, real=0.00 secs] 
2014-07-16T02:40:19.954+0000: 1494.492: [GC [PSYoungGen: 243678K->800K(237696K)] 487232K->244442K(924672K), 0.0039720 secs] [Times: user=0.01 sys=0.01, real=0.00 secs] 
2014-07-16T02:40:20.766+0000: 1495.305: [GC [PSYoungGen: 237664K->822K(232064K)] 481306K->244544K(919040K), 0.0044710 secs] [Times: user=0.02 sys=0.00, real=0.00 secs] 
2014-07-16T02:40:21.614+0000: 1496.153: [GC [PSYoungGen: 232054K->922K(226752K)] 475776K->244756K(913728K), 0.0063690 secs] [Times: user=0.04 sys=0.00, real=0.00 secs] 
2014-07-16T02:40:22.438+0000: 1496.977: [GC [PSYoungGen: 226714K->876K(221440K)] 470548K->244758K(908416K), 0.0042020 secs] [Times: user=0.01 sys=0.00, real=0.01 secs] 
2014-07-16T02:40:23.229+0000: 1497.767: [GC [PSYoungGen: 221374K->726K(216256K)] 465256K->244672K(903232K), 0.0062770 secs] [Times: user=0.02 sys=0.01, real=0.01 secs] 
2014-07-16T02:40:24.028+0000: 1498.567: [GC [PSYoungGen: 216214K->786K(211456K)] 460160K->244796K(898432K), 0.0091430 secs] [Times: user=0.06 sys=0.00, real=0.01 secs] 
2014-07-16T02:40:24.868+0000: 1499.407: [GC [PSYoungGen: 211409K->1338K(207232K)] 455419K->245436K(894208K), 0.0089890 secs] [Times: user=0.04 sys=0.00, real=0.01 secs] 
2014-07-16T02:40:25.598+0000: 1500.137: [GC [PSYoungGen: 207226K->566K(201920K)] 451324K->244924K(888896K), 0.0054960 secs] [Times: user=0.03 sys=0.00, real=0.01 secs] 
2014-07-16T02:40:26.316+0000: 1500.855: [GC [PSYoungGen: 201868K->1318K(198336K)] 446227K->245764K(885312K), 0.0071870 secs] [Times: user=0.05 sys=0.00, real=0.01 secs] 
2014-07-16T02:40:27.039+0000: 1501.578: [GC [PSYoungGen: 198310K->722K(193536K)] 442756K->245440K(880512K), 0.0041530 secs] [Times: user=0.02 sys=0.00, real=0.01 secs] 
2014-07-16T02:40:27.719+0000: 1502.257: [GC [PSYoungGen: 193456K->994K(189696K)] 438175K->245768K(876672K), 0.0040400 secs] [Times: user=0.02 sys=0.00, real=0.01 secs] 
2014-07-16T02:40:28.504+0000: 1503.043: [GC [PSYoungGen: 189666K->1310K(186048K)] 434440K->246164K(873024K), 0.0059600 secs] [Times: user=0.04 sys=0.01, real=0.00 secs] 
2014-07-16T02:40:29.137+0000: 1503.676: [GC [PSYoungGen: 186012K->880K(181760K)] 430867K->245822K(868736K), 0.0054860 secs] [Times: user=0.03 sys=0.00, real=0.01 secs] 
2014-07-16T02:40:29.764+0000: 1504.303: [GC [PSYoungGen: 181744K->926K(178112K)] 426686K->245924K(865088K), 0.0065970 secs] [Times: user=0.03 sys=0.00, real=0.00 secs] 
2014-07-16T02:40:30.487+0000: 1505.026: [GC [PSYoungGen: 178058K->822K(174400K)] 423057K->245868K(861376K), 0.0047170 secs] [Times: user=0.02 sys=0.00, real=0.00 secs] 
2014-07-16T02:40:31.136+0000: 1505.675: [GC [PSYoungGen: 174390K->434K(170560K)] 419436K->245512K(857536K), 0.0102610 secs] [Times: user=0.06 sys=0.00, real=0.01 secs] 
2014-07-16T02:40:31.735+0000: 1506.273: [GC [PSYoungGen: 170546K->512K(167296K)] 415624K->245670K(854272K), 0.0066440 secs] [Times: user=0.04 sys=0.00, real=0.00 secs] 
2014-07-16T02:40:32.338+0000: 1506.876: [GC [PSYoungGen: 167296K->712K(200960K)] 412454K->245950K(887936K), 0.0070470 secs] [Times: user=0.04 sys=0.01, real=0.01 secs] 
2014-07-16T02:40:33.073+0000: 1507.612: [GC [PSYoungGen: 200904K->1044K(241344K)] 446142K->246314K(928320K), 0.0121480 secs] [Times: user=0.06 sys=0.01, real=0.01 secs] 
2014-07-16T02:40:33.930+0000: 1508.468: [GC [PSYoungGen: 241300K->744K(284480K)] 486570K->246102K(971456K), 0.0098590 secs] [Times: user=0.06 sys=0.00, real=0.01 secs] 
2014-07-16T02:40:35.059+0000: 1509.598: [GC [PSYoungGen: 284072K->1074K(284800K)] 529430K->246504K(971776K), 0.0064540 secs] [Times: user=0.03 sys=0.01, real=0.01 secs] 
2014-07-16T02:40:36.045+0000: 1510.583: [GC [PSYoungGen: 284402K->498K(276480K)] 529832K->245984K(963456K), 0.0060650 secs] [Times: user=0.03 sys=0.00, real=0.00 secs] 
2014-07-16T02:40:37.039+0000: 1511.578: [GC [PSYoungGen: 276466K->744K(269632K)] 521952K->246278K(956608K), 0.0106360 secs] [Times: user=0.06 sys=0.00, real=0.01 secs] 
2014-07-16T02:40:38.091+0000: 1512.629: [GC [PSYoungGen: 269608K->1376K(263424K)] 515142K->247155K(950400K), 0.0084860 secs] [Times: user=0.05 sys=0.00, real=0.01 secs] 
2014-07-16T02:40:39.065+0000: 1513.604: [GC [PSYoungGen: 263392K->868K(256320K)] 509171K->246726K(943296K), 0.0077610 secs] [Times: user=0.05 sys=0.00, real=0.00 secs] 
2014-07-16T02:40:39.993+0000: 1514.532: [GC [PSYoungGen: 256292K->480K(249600K)] 502150K->246434K(936576K), 0.0053310 secs] [Times: user=0.04 sys=0.00, real=0.01 secs] 
2014-07-16T02:40:40.943+0000: 1515.482: [GC [PSYoungGen: 249568K->576K(243584K)] 495522K->246618K(930560K), 0.0030350 secs] [Times: user=0.01 sys=0.00, real=0.01 secs] 
2014-07-16T02:40:41.820+0000: 1516.359: [GC [PSYoungGen: 243584K->730K(237888K)] 489626K->246820K(924864K), 0.0103710 secs] [Times: user=0.06 sys=0.00, real=0.01 secs] 
2014-07-16T02:40:42.695+0000: 1517.233: [GC [PSYoungGen: 237850K->958K(232448K)] 483940K->247096K(919424K), 0.0034820 secs] [Times: user=0.02 sys=0.00, real=0.00 secs] 
2014-07-16T02:40:43.525+0000: 1518.063: [GC [PSYoungGen: 232446K->1026K(227136K)] 478584K->247236K(914112K), 0.0063510 secs] [Times: user=0.04 sys=0.00, real=0.00 secs] 
2014-07-16T02:40:44.352+0000: 1518.891: [GC [PSYoungGen: 227074K->876K(221696K)] 473284K->247142K(908672K), 0.0078720 secs] [Times: user=0.04 sys=0.00, real=0.01 secs] 
2014-07-16T02:40:45.261+0000: 1519.800: [GC [PSYoungGen: 221634K->1136K(216896K)] 467901K->247570K(903872K), 0.0115470 secs] [Times: user=0.06 sys=0.00, real=0.01 secs] 
2014-07-16T02:40:46.040+0000: 1520.579: [GC [PSYoungGen: 216838K->666K(211584K)] 463273K->247156K(898560K), 0.0079950 secs] [Times: user=0.05 sys=0.00, real=0.01 secs] 
2014-07-16T02:40:46.826+0000: 1521.365: [GC [PSYoungGen: 211522K->1360K(207552K)] 458013K->247938K(894528K), 0.0078620 secs] [Times: user=0.05 sys=0.00, real=0.00 secs] 
2014-07-16T02:40:47.539+0000: 1522.078: [GC [PSYoungGen: 207467K->534K(202176K)] 454046K->247184K(889152K), 0.0053620 secs] [Times: user=0.04 sys=0.00, real=0.00 secs] 
2014-07-16T02:40:48.262+0000: 1522.801: [GC [PSYoungGen: 202097K->1148K(198336K)] 448748K->247871K(885312K), 0.0034120 secs] [Times: user=0.01 sys=0.00, real=0.01 secs] 
2014-07-16T02:40:49.058+0000: 1523.597: [GC [PSYoungGen: 198332K->1208K(194176K)] 445055K->248010K(881152K), 0.0113060 secs] [Times: user=0.06 sys=0.00, real=0.01 secs] 
2014-07-16T02:40:49.736+0000: 1524.275: [GC [PSYoungGen: 194163K->1022K(189888K)] 440966K->248104K(876864K), 0.0063030 secs] [Times: user=0.02 sys=0.00, real=0.00 secs] 
2014-07-16T02:40:50.480+0000: 1525.019: [GC [PSYoungGen: 189883K->936K(185856K)] 436966K->248074K(872832K), 0.0056460 secs] [Times: user=0.02 sys=0.00, real=0.00 secs] 
2014-07-16T02:40:51.153+0000: 1525.691: [GC [PSYoungGen: 185831K->1054K(182144K)] 432970K->248264K(869120K), 0.0037470 secs] [Times: user=0.02 sys=0.00, real=0.01 secs] 
2014-07-16T02:40:51.816+0000: 1526.355: [GC [PSYoungGen: 182069K->716K(178112K)] 429280K->247966K(865088K), 0.0040930 secs] [Times: user=0.01 sys=0.00, real=0.00 secs] 
2014-07-16T02:40:52.454+0000: 1526.992: [GC [PSYoungGen: 178060K->894K(213760K)] 425310K->248184K(900736K), 0.0124500 secs] [Times: user=0.06 sys=0.00, real=0.02 secs] 
2014-07-16T02:40:53.225+0000: 1527.764: [GC [PSYoungGen: 213758K->776K(256320K)] 461048K->248162K(943296K), 0.0071810 secs] [Times: user=0.04 sys=0.00, real=0.01 secs] 
2014-07-16T02:40:54.150+0000: 1528.689: [GC [PSYoungGen: 256236K->1190K(250368K)] 503623K->248664K(937344K), 0.0035700 secs] [Times: user=0.01 sys=0.00, real=0.00 secs] 
2014-07-16T02:40:55.064+0000: 1529.602: [GC [PSYoungGen: 250342K->1122K(244224K)] 497816K->248693K(931200K), 0.0059970 secs] [Times: user=0.02 sys=0.00, real=0.01 secs] 
2014-07-16T02:40:56.007+0000: 1530.546: [GC [PSYoungGen: 244194K->644K(237888K)] 491764K->248278K(924864K), 0.0121480 secs] [Times: user=0.07 sys=0.01, real=0.01 secs] 
2014-07-16T02:40:56.885+0000: 1531.423: [GC [PSYoungGen: 237828K->1436K(286144K)] 485462K->249111K(973120K), 0.0123020 secs] [Times: user=0.07 sys=0.00, real=0.02 secs] 
2014-07-16T02:40:57.927+0000: 1532.465: [GC [PSYoungGen: 286028K->876K(278144K)] 533703K->248622K(965120K), 0.0049620 secs] [Times: user=0.03 sys=0.00, real=0.01 secs] 
2014-07-16T02:40:58.954+0000: 1533.493: [GC [PSYoungGen: 278124K->1422K(324352K)] 525870K->249201K(1011328K), 0.0191890 secs] [Times: user=0.09 sys=0.00, real=0.02 secs] 
2014-07-16T02:41:00.166+0000: 1534.704: [GC [PSYoungGen: 324088K->790K(314560K)] 571867K->248648K(1001536K), 0.0060330 secs] [Times: user=0.03 sys=0.00, real=0.01 secs] 
2014-07-16T02:41:01.366+0000: 1535.904: [GC [PSYoungGen: 314518K->808K(305984K)] 562376K->248762K(992960K), 0.0072480 secs] [Times: user=0.04 sys=0.00, real=0.01 secs] 
2014-07-16T02:41:02.468+0000: 1537.006: [GC [PSYoungGen: 305960K->676K(297600K)] 553914K->248710K(984576K), 0.0082010 secs] [Times: user=0.06 sys=0.00, real=0.00 secs] 
2014-07-16T02:41:03.546+0000: 1538.084: [GC [PSYoungGen: 297572K->644K(289664K)] 545606K->248742K(976640K), 0.0037830 secs] [Times: user=0.02 sys=0.00, real=0.01 secs] 
2014-07-16T02:41:04.577+0000: 1539.116: [GC [PSYoungGen: 289604K->1080K(282432K)] 537702K->249251K(969408K), 0.0071210 secs] [Times: user=0.05 sys=0.01, real=0.01 secs] 
2014-07-16T02:41:05.682+0000: 1540.221: [GC [PSYoungGen: 282424K->1190K(275264K)] 530595K->249464K(962240K), 0.0053380 secs] [Times: user=0.02 sys=0.00, real=0.00 secs] 
2014-07-16T02:41:06.614+0000: 1541.153: [GC [PSYoungGen: 275238K->972K(268032K)] 523512K->249310K(955008K), 0.0040150 secs] [Times: user=0.01 sys=0.00, real=0.01 secs] 
2014-07-16T02:41:07.574+0000: 1542.112: [GC [PSYoungGen: 267980K->480K(260736K)] 516318K->248930K(947712K), 0.0043890 secs] [Times: user=0.03 sys=0.00, real=0.01 secs] 
2014-07-16T02:41:08.533+0000: 1543.072: [GC [PSYoungGen: 260704K->1104K(254848K)] 509154K->249666K(941824K), 0.0048150 secs] [Times: user=0.04 sys=0.01, real=0.01 secs] 
2014-07-16T02:41:09.555+0000: 1544.093: [GC [PSYoungGen: 254800K->1108K(248576K)] 503362K->249735K(935552K), 0.0064300 secs] [Times: user=0.04 sys=0.00, real=0.01 secs] 
2014-07-16T02:41:10.404+0000: 1544.943: [GC [PSYoungGen: 248532K->552K(241984K)] 497159K->249234K(928960K), 0.0063860 secs] [Times: user=0.04 sys=0.01, real=0.01 secs] 
2014-07-16T02:41:11.285+0000: 1545.823: [GC [PSYoungGen: 241960K->1476K(237120K)] 490642K->250239K(924096K), 0.0045880 secs] [Times: user=0.03 sys=0.00, real=0.01 secs] 
2014-07-16T02:41:12.132+0000: 1546.671: [GC [PSYoungGen: 237060K->644K(230720K)] 485823K->249478K(917696K), 0.0041170 secs] [Times: user=0.02 sys=0.00, real=0.00 secs] 
2014-07-16T02:41:12.947+0000: 1547.486: [GC [PSYoungGen: 230660K->566K(225216K)] 479494K->249464K(912192K), 0.0067140 secs] [Times: user=0.04 sys=0.01, real=0.01 secs] 
2014-07-16T02:41:13.754+0000: 1548.293: [GC [PSYoungGen: 225206K->976K(220480K)] 474104K->249970K(907456K), 0.0066360 secs] [Times: user=0.04 sys=0.00, real=0.01 secs] 
2014-07-16T02:41:14.563+0000: 1549.101: [GC [PSYoungGen: 220432K->512K(214976K)] 469426K->249578K(901952K), 0.0102550 secs] [Times: user=0.07 sys=0.00, real=0.01 secs] 
2014-07-16T02:41:15.320+0000: 1549.859: [GC [PSYoungGen: 214976K->858K(210496K)] 464042K->250020K(897472K), 0.0053620 secs] [Times: user=0.03 sys=0.00, real=0.00 secs] 
2014-07-16T02:41:16.119+0000: 1550.658: [GC [PSYoungGen: 210458K->754K(205696K)] 459620K->250004K(892672K), 0.0077050 secs] [Times: user=0.04 sys=0.00, real=0.00 secs] 
2014-07-16T02:41:16.848+0000: 1551.387: [GC [PSYoungGen: 205682K->812K(201280K)] 454932K->250134K(888256K), 0.0051120 secs] [Times: user=0.03 sys=0.00, real=0.01 secs] 
2014-07-16T02:41:17.589+0000: 1552.128: [GC [PSYoungGen: 201258K->798K(196928K)] 450580K->250176K(883904K), 0.0035190 secs] [Times: user=0.02 sys=0.00, real=0.01 secs] 
2014-07-16T02:41:18.315+0000: 1552.854: [GC [PSYoungGen: 196893K->1192K(193088K)] 446272K->250650K(880064K), 0.0042320 secs] [Times: user=0.02 sys=0.00, real=0.00 secs] 
2014-07-16T02:41:19.013+0000: 1553.551: [GC [PSYoungGen: 193063K->566K(188416K)] 442522K->250104K(875392K), 0.0059950 secs] [Times: user=0.04 sys=0.00, real=0.00 secs] 
2014-07-16T02:41:19.697+0000: 1554.235: [GC [PSYoungGen: 188406K->898K(184896K)] 437944K->250484K(871872K), 0.0080330 secs] [Times: user=0.05 sys=0.00, real=0.01 secs] 
2014-07-16T02:41:20.360+0000: 1554.899: [GC [PSYoungGen: 184834K->562K(180736K)] 434420K->250236K(867712K), 0.0057500 secs] [Times: user=0.04 sys=0.00, real=0.00 secs] 
2014-07-16T02:41:21.080+0000: 1555.619: [GC [PSYoungGen: 180722K->1134K(177664K)] 430396K->250857K(864640K), 0.0042050 secs] [Times: user=0.01 sys=0.01, real=0.00 secs] 
2014-07-16T02:41:21.680+0000: 1556.219: [GC [PSYoungGen: 177646K->880K(212736K)] 427369K->250642K(899712K), 0.0107790 secs] [Times: user=0.06 sys=0.00, real=0.01 secs] 
2014-07-16T02:41:22.452+0000: 1556.990: [GC [PSYoungGen: 212715K->908K(208064K)] 462478K->250766K(895040K), 0.0043340 secs] [Times: user=0.03 sys=0.00, real=0.00 secs] 
2014-07-16T02:41:23.196+0000: 1557.735: [GC [PSYoungGen: 208012K->908K(203456K)] 457870K->250838K(890432K), 0.0038640 secs] [Times: user=0.02 sys=0.00, real=0.00 secs] 
2014-07-16T02:41:23.931+0000: 1558.470: [GC [PSYoungGen: 203404K->912K(199040K)] 453334K->250906K(886016K), 0.0071760 secs] [Times: user=0.05 sys=0.00, real=0.00 secs] 
2014-07-16T02:41:24.644+0000: 1559.183: [GC [PSYoungGen: 198991K->1258K(195072K)] 448986K->251333K(882048K), 0.0071060 secs] [Times: user=0.05 sys=0.00, real=0.01 secs] 
2014-07-16T02:41:25.338+0000: 1559.877: [GC [PSYoungGen: 195050K->484K(190208K)] 445125K->250920K(877184K), 0.0054660 secs] [Times: user=0.03 sys=0.00, real=0.01 secs] 
2014-07-16T02:41:26.125+0000: 1560.664: [GC [PSYoungGen: 190180K->1376K(187136K)] 440616K->251869K(874112K), 0.0071290 secs] [Times: user=0.04 sys=0.00, real=0.01 secs] 
2014-07-16T02:41:26.759+0000: 1561.298: [GC [PSYoungGen: 187104K->762K(182656K)] 437597K->251393K(869632K), 0.0034840 secs] [Times: user=0.03 sys=0.00, real=0.01 secs] 
2014-07-16T02:41:27.430+0000: 1561.969: [GC [PSYoungGen: 182601K->980K(179200K)] 433232K->251667K(866176K), 0.0070940 secs] [Times: user=0.05 sys=0.00, real=0.01 secs] 
2014-07-16T02:41:28.140+0000: 1562.678: [GC [PSYoungGen: 179109K->1326K(175936K)] 429795K->252259K(862912K), 0.0039420 secs] [Times: user=0.01 sys=0.00, real=0.01 secs] 
2014-07-16T02:41:28.753+0000: 1563.292: [GC [PSYoungGen: 175918K->898K(172032K)] 426851K->251871K(859008K), 0.0089430 secs] [Times: user=0.05 sys=0.01, real=0.01 secs] 
2014-07-16T02:41:29.385+0000: 1563.924: [GC [PSYoungGen: 171970K->1068K(168768K)] 422943K->252105K(855744K), 0.0053420 secs] [Times: user=0.02 sys=0.01, real=0.00 secs] 
2014-07-16T02:41:29.998+0000: 1564.537: [GC [PSYoungGen: 168748K->594K(165056K)] 419785K->251678K(852032K), 0.0043310 secs] [Times: user=0.01 sys=0.01, real=0.01 secs] 
2014-07-16T02:41:30.622+0000: 1565.161: [GC [PSYoungGen: 165010K->452K(197824K)] 416094K->251577K(884800K), 0.0097710 secs] [Times: user=0.06 sys=0.00, real=0.01 secs] 
2014-07-16T02:41:31.373+0000: 1565.912: [GC [PSYoungGen: 197764K->844K(193984K)] 448889K->252041K(880960K), 0.0032860 secs] [Times: user=0.02 sys=0.00, real=0.00 secs] 
2014-07-16T02:41:32.075+0000: 1566.613: [GC [PSYoungGen: 193932K->370K(189376K)] 445129K->251598K(876352K), 0.0037950 secs] [Times: user=0.01 sys=0.00, real=0.00 secs] 
2014-07-16T02:41:32.761+0000: 1567.300: [GC [PSYoungGen: 189362K->834K(185920K)] 440590K->252111K(872896K), 0.0088900 secs] [Times: user=0.05 sys=0.00, real=0.01 secs] 
2014-07-16T02:41:33.444+0000: 1567.983: [GC [PSYoungGen: 185783K->744K(181952K)] 437060K->252093K(868928K), 0.0048790 secs] [Times: user=0.03 sys=0.00, real=0.00 secs] 
2014-07-16T02:41:34.108+0000: 1568.647: [GC [PSYoungGen: 181858K->912K(178432K)] 433207K->252317K(865408K), 0.0086810 secs] [Times: user=0.05 sys=0.00, real=0.01 secs] 
2014-07-16T02:41:34.744+0000: 1569.282: [GC [PSYoungGen: 178383K->894K(213888K)] 429788K->252363K(900864K), 0.0103530 secs] [Times: user=0.07 sys=0.01, real=0.01 secs] 
2014-07-16T02:41:35.500+0000: 1570.039: [GC [PSYoungGen: 213886K->480K(208704K)] 465355K->252020K(895680K), 0.0039260 secs] [Times: user=0.01 sys=0.00, real=0.01 secs] 
2014-07-16T02:41:36.368+0000: 1570.907: [GC [PSYoungGen: 208605K->1136K(251008K)] 460146K->252757K(937984K), 0.0113130 secs] [Times: user=0.06 sys=0.00, real=0.01 secs] 
2014-07-16T02:41:37.287+0000: 1571.826: [GC [PSYoungGen: 250973K->1208K(244928K)] 502593K->252925K(931904K), 0.0081370 secs] [Times: user=0.04 sys=0.00, real=0.01 secs] 
2014-07-16T02:41:38.184+0000: 1572.723: [GC [PSYoungGen: 244920K->626K(293120K)] 496637K->252422K(980096K), 0.0107820 secs] [Times: user=0.07 sys=0.00, real=0.01 secs] 
2014-07-16T02:41:39.252+0000: 1573.791: [GC [PSYoungGen: 293064K->1044K(285824K)] 544861K->252913K(972800K), 0.0046280 secs] [Times: user=0.02 sys=0.00, real=0.01 secs] 
2014-07-16T02:41:40.283+0000: 1574.822: [GC [PSYoungGen: 285703K->1354K(278720K)] 537572K->253311K(965696K), 0.0043470 secs] [Times: user=0.02 sys=0.00, real=0.00 secs] 
2014-07-16T02:41:41.383+0000: 1575.921: [GC [PSYoungGen: 278663K->1126K(271296K)] 530620K->253163K(958272K), 0.0065270 secs] [Times: user=0.04 sys=0.00, real=0.01 secs] 
2014-07-16T02:41:42.363+0000: 1576.902: [GC [PSYoungGen: 271268K->830K(264064K)] 523305K->252979K(951040K), 0.0062100 secs] [Times: user=0.04 sys=0.00, real=0.00 secs] 
2014-07-16T02:41:43.281+0000: 1577.820: [GC [PSYoungGen: 264035K->1044K(257728K)] 516184K->253273K(944704K), 0.0058020 secs] [Times: user=0.03 sys=0.01, real=0.01 secs] 
2014-07-16T02:41:44.224+0000: 1578.763: [GC [PSYoungGen: 257684K->690K(250944K)] 509913K->253014K(937920K), 0.0051360 secs] [Times: user=0.02 sys=0.00, real=0.00 secs] 
2014-07-16T02:41:45.135+0000: 1579.674: [GC [PSYoungGen: 250930K->1358K(245504K)] 503254K->253763K(932480K), 0.0066570 secs] [Times: user=0.04 sys=0.00, real=0.00 secs] 
2014-07-16T02:41:46.135+0000: 1580.674: [GC [PSYoungGen: 245454K->1004K(239232K)] 497859K->253537K(926208K), 0.0139490 secs] [Times: user=0.07 sys=0.00, real=0.01 secs] 
2014-07-16T02:41:46.970+0000: 1581.509: [GC [PSYoungGen: 239212K->762K(233280K)] 491745K->253359K(920256K), 0.0081120 secs] [Times: user=0.05 sys=0.00, real=0.01 secs] 
2014-07-16T02:41:47.827+0000: 1582.366: [GC [PSYoungGen: 233247K->616K(227648K)] 485844K->253269K(914624K), 0.0068140 secs] [Times: user=0.03 sys=0.00, real=0.01 secs] 
2014-07-16T02:41:48.650+0000: 1583.189: [GC [PSYoungGen: 227624K->886K(222592K)] 480277K->253603K(909568K), 0.0059670 secs] [Times: user=0.04 sys=0.01, real=0.01 secs] 
2014-07-16T02:41:49.446+0000: 1583.984: [GC [PSYoungGen: 222582K->644K(217280K)] 475299K->253433K(904256K), 0.0030560 secs] [Times: user=0.01 sys=0.00, real=0.00 secs] 
2014-07-16T02:41:50.242+0000: 1584.781: [GC [PSYoungGen: 217189K->830K(212480K)] 469977K->253675K(899456K), 0.0084440 secs] [Times: user=0.06 sys=0.00, real=0.01 secs] 
2014-07-16T02:41:51.075+0000: 1585.614: [GC [PSYoungGen: 212478K->580K(207552K)] 465323K->253457K(894528K), 0.0047830 secs] [Times: user=0.02 sys=0.00, real=0.00 secs] 
2014-07-16T02:41:51.879+0000: 1586.418: [GC [PSYoungGen: 207492K->962K(203392K)] 460369K->253895K(890368K), 0.0041170 secs] [Times: user=0.02 sys=0.01, real=0.00 secs] 
2014-07-16T02:41:52.645+0000: 1587.184: [GC [PSYoungGen: 203330K->1314K(199296K)] 456263K->254539K(886272K), 0.0065950 secs] [Times: user=0.04 sys=0.00, real=0.00 secs] 
2014-07-16T02:41:53.344+0000: 1587.883: [GC [PSYoungGen: 199224K->616K(194304K)] 452449K->253905K(881280K), 0.0072670 secs] [Times: user=0.04 sys=0.00, real=0.01 secs] 
2014-07-16T02:41:54.047+0000: 1588.586: [GC [PSYoungGen: 194280K->1054K(190656K)] 447569K->254391K(877632K), 0.0075360 secs] [Times: user=0.04 sys=0.00, real=0.00 secs] 
2014-07-16T02:41:54.741+0000: 1589.279: [GC [PSYoungGen: 190582K->676K(186304K)] 443919K->254093K(873280K), 0.0042470 secs] [Times: user=0.02 sys=0.01, real=0.01 secs] 
2014-07-16T02:41:55.422+0000: 1589.961: [GC [PSYoungGen: 186276K->894K(182656K)] 439693K->254383K(869632K), 0.0047200 secs] [Times: user=0.02 sys=0.00, real=0.01 secs] 
2014-07-16T02:41:56.095+0000: 1590.633: [GC [PSYoungGen: 182654K->640K(178688K)] 436143K->254193K(865664K), 0.0034300 secs] [Times: user=0.02 sys=0.00, real=0.01 secs] 
2014-07-16T02:41:56.834+0000: 1591.372: [GC [PSYoungGen: 178641K->894K(175360K)] 432194K->254527K(862336K), 0.0090650 secs] [Times: user=0.06 sys=0.00, real=0.01 secs] 
2014-07-16T02:41:57.473+0000: 1592.012: [GC [PSYoungGen: 175358K->598K(171584K)] 428991K->254303K(858560K), 0.0064480 secs] [Times: user=0.05 sys=0.00, real=0.01 secs] 
2014-07-16T02:41:58.117+0000: 1592.655: [GC [PSYoungGen: 171526K->1026K(168640K)] 425231K->254787K(855616K), 0.0035310 secs] [Times: user=0.02 sys=0.00, real=0.00 secs] 
2014-07-16T02:41:58.720+0000: 1593.258: [GC [PSYoungGen: 168578K->566K(164864K)] 422339K->254391K(851840K), 0.0053300 secs] [Times: user=0.04 sys=0.00, real=0.00 secs] 
2014-07-16T02:41:59.324+0000: 1593.863: [GC [PSYoungGen: 164854K->708K(161920K)] 418679K->254605K(848896K), 0.0041250 secs] [Times: user=0.02 sys=0.00, real=0.01 secs] 
2014-07-16T02:41:59.923+0000: 1594.462: [GC [PSYoungGen: 161860K->886K(158976K)] 415757K->254871K(845952K), 0.0038460 secs] [Times: user=0.02 sys=0.00, real=0.01 secs] 
2014-07-16T02:42:00.548+0000: 1595.086: [GC [PSYoungGen: 158966K->762K(155904K)] 412951K->254811K(842880K), 0.0066810 secs] [Times: user=0.04 sys=0.00, real=0.00 secs] 
2014-07-16T02:42:01.143+0000: 1595.682: [GC [PSYoungGen: 155898K->1304K(153600K)] 409947K->255409K(840576K), 0.0065430 secs] [Times: user=0.04 sys=0.00, real=0.01 secs] 
2014-07-16T02:42:01.769+0000: 1596.307: [GC [PSYoungGen: 153559K->544K(150016K)] 407664K->254721K(836992K), 0.0081060 secs] [Times: user=0.05 sys=0.00, real=0.01 secs] 
2014-07-16T02:42:02.316+0000: 1596.854: [GC [PSYoungGen: 149937K->466K(179840K)] 404114K->254691K(866816K), 0.0071990 secs] [Times: user=0.04 sys=0.00, real=0.01 secs] 
2014-07-16T02:42:02.964+0000: 1597.503: [GC [PSYoungGen: 179786K->830K(216064K)] 434011K->255143K(903040K), 0.0059330 secs] [Times: user=0.04 sys=0.00, real=0.01 secs] 
2014-07-16T02:42:03.735+0000: 1598.274: [GC [PSYoungGen: 216040K->858K(211264K)] 470353K->255275K(898240K), 0.0049130 secs] [Times: user=0.03 sys=0.00, real=0.01 secs] 
2014-07-16T02:42:04.504+0000: 1599.043: [GC [PSYoungGen: 211226K->934K(206656K)] 465643K->255399K(893632K), 0.0068130 secs] [Times: user=0.03 sys=0.00, real=0.01 secs] 
2014-07-16T02:42:05.230+0000: 1599.769: [GC [PSYoungGen: 206630K->434K(201600K)] 461095K->254979K(888576K), 0.0037450 secs] [Times: user=0.02 sys=0.00, real=0.00 secs] 
2014-07-16T02:42:05.956+0000: 1600.494: [GC [PSYoungGen: 201586K->516K(197376K)] 456131K->255109K(884352K), 0.0089500 secs] [Times: user=0.06 sys=0.00, real=0.01 secs] 
2014-07-16T02:42:06.724+0000: 1601.263: [GC [PSYoungGen: 197316K->1280K(193920K)] 451909K->255929K(880896K), 0.0062450 secs] [Times: user=0.04 sys=0.00, real=0.01 secs] 
2014-07-16T02:42:07.420+0000: 1601.959: [GC [PSYoungGen: 193856K->544K(189056K)] 448505K->255289K(876032K), 0.0036860 secs] [Times: user=0.02 sys=0.00, real=0.00 secs] 
2014-07-16T02:42:08.120+0000: 1602.658: [GC [PSYoungGen: 189024K->676K(185216K)] 443769K->255493K(872192K), 0.0064920 secs] [Times: user=0.04 sys=0.00, real=0.00 secs] 
2014-07-16T02:42:08.789+0000: 1603.327: [GC [PSYoungGen: 185164K->662K(181376K)] 439981K->255535K(868352K), 0.0072400 secs] [Times: user=0.03 sys=0.00, real=0.00 secs] 
2014-07-16T02:42:09.438+0000: 1603.977: [GC [PSYoungGen: 181334K->530K(217408K)] 436207K->255459K(904384K), 0.0108000 secs] [Times: user=0.07 sys=0.00, real=0.02 secs] 
2014-07-16T02:42:10.240+0000: 1604.779: [GC [PSYoungGen: 217362K->1118K(261376K)] 472291K->256135K(948352K), 0.0078580 secs] [Times: user=0.05 sys=0.00, real=0.00 secs] 
2014-07-16T02:42:11.184+0000: 1605.722: [GC [PSYoungGen: 261342K->448K(278016K)] 516359K->255537K(964992K), 0.0113120 secs] [Times: user=0.08 sys=0.00, real=0.01 secs] 
2014-07-16T02:42:12.286+0000: 1606.825: [GC [PSYoungGen: 276972K->804K(270272K)] 532061K->255949K(957248K), 0.0053610 secs] [Times: user=0.02 sys=0.00, real=0.01 secs] 
2014-07-16T02:42:13.255+0000: 1607.794: [GC [PSYoungGen: 270244K->786K(263424K)] 525389K->255987K(950400K), 0.0039440 secs] [Times: user=0.02 sys=0.00, real=0.01 secs] 
2014-07-16T02:42:14.209+0000: 1608.747: [GC [PSYoungGen: 263377K->946K(256960K)] 518578K->256243K(943936K), 0.0047160 secs] [Times: user=0.02 sys=0.00, real=0.00 secs] 
2014-07-16T02:42:15.121+0000: 1609.660: [GC [PSYoungGen: 256946K->498K(250176K)] 512243K->255843K(937152K), 0.0072160 secs] [Times: user=0.04 sys=0.00, real=0.01 secs] 
2014-07-16T02:42:16.021+0000: 1610.560: [GC [PSYoungGen: 250138K->862K(244480K)] 505483K->256287K(931456K), 0.0048700 secs] [Times: user=0.03 sys=0.00, real=0.00 secs] 
2014-07-16T02:42:16.935+0000: 1611.473: [GC [PSYoungGen: 244446K->980K(238720K)] 499871K->256445K(925696K), 0.0124760 secs] [Times: user=0.07 sys=0.00, real=0.01 secs] 
2014-07-16T02:42:17.796+0000: 1612.334: [GC [PSYoungGen: 238676K->480K(232512K)] 494141K->256017K(919488K), 0.0035720 secs] [Times: user=0.01 sys=0.00, real=0.01 secs] 
2014-07-16T02:42:18.630+0000: 1613.169: [GC [PSYoungGen: 232480K->1176K(227776K)] 488017K->256793K(914752K), 0.0058710 secs] [Times: user=0.03 sys=0.00, real=0.00 secs] 
2014-07-16T02:42:19.457+0000: 1613.996: [GC [PSYoungGen: 227736K->836K(272768K)] 483353K->256533K(959744K), 0.0157970 secs] [Times: user=0.09 sys=0.00, real=0.02 secs] 
2014-07-16T02:42:20.443+0000: 1614.982: [GC [PSYoungGen: 272708K->1200K(309184K)] 528405K->256993K(996160K), 0.0134980 secs] [Times: user=0.09 sys=0.01, real=0.01 secs] 
2014-07-16T02:42:21.613+0000: 1616.152: [GC [PSYoungGen: 308976K->1246K(300736K)] 564769K->257095K(987712K), 0.0074690 secs] [Times: user=0.04 sys=0.00, real=0.01 secs] 
2014-07-16T02:42:22.697+0000: 1617.236: [GC [PSYoungGen: 300702K->812K(292288K)] 556551K->256717K(979264K), 0.0037250 secs] [Times: user=0.02 sys=0.00, real=0.01 secs] 
2014-07-16T02:42:23.779+0000: 1618.318: [GC [PSYoungGen: 292268K->662K(284480K)] 548173K->256623K(971456K), 0.0057550 secs] [Times: user=0.04 sys=0.00, real=0.01 secs] 
2014-07-16T02:42:24.781+0000: 1619.319: [GC [PSYoungGen: 284438K->940K(277312K)] 540399K->256997K(964288K), 0.0053150 secs] [Times: user=0.04 sys=0.00, real=0.00 secs] 
2014-07-16T02:42:25.789+0000: 1620.328: [GC [PSYoungGen: 277292K->1336K(270592K)] 533349K->257449K(957568K), 0.0098310 secs] [Times: user=0.06 sys=0.01, real=0.01 secs] 
2014-07-16T02:42:26.864+0000: 1621.403: [GC [PSYoungGen: 270584K->1386K(263808K)] 526697K->257571K(950784K), 0.0061920 secs] [Times: user=0.04 sys=0.00, real=0.01 secs] 
2014-07-16T02:42:27.731+0000: 1622.270: [GC [PSYoungGen: 263694K->506K(256320K)] 519879K->257375K(943296K), 0.0059300 secs] [Times: user=0.04 sys=0.01, real=0.00 secs] 
2014-07-16T02:42:28.644+0000: 1623.183: [GC [PSYoungGen: 256314K->886K(250368K)] 513183K->257867K(937344K), 0.0063270 secs] [Times: user=0.04 sys=0.00, real=0.01 secs] 
2014-07-16T02:42:29.532+0000: 1624.070: [GC [PSYoungGen: 250358K->580K(244032K)] 507339K->257781K(931008K), 0.0041740 secs] [Times: user=0.03 sys=0.01, real=0.00 secs] 
2014-07-16T02:42:30.422+0000: 1624.961: [GC [PSYoungGen: 243972K->872K(238400K)] 501173K->258185K(925376K), 0.0047470 secs] [Times: user=0.03 sys=0.00, real=0.00 secs] 
2014-07-16T02:42:31.282+0000: 1625.821: [GC [PSYoungGen: 238350K->1108K(233024K)] 495663K->258477K(920000K), 0.0057180 secs] [Times: user=0.04 sys=0.00, real=0.00 secs] 
2014-07-16T02:42:32.258+0000: 1626.797: [GC [PSYoungGen: 232980K->1250K(227712K)] 490349K->258691K(914688K), 0.0060330 secs] [Times: user=0.03 sys=0.00, real=0.01 secs] 
2014-07-16T02:42:33.078+0000: 1627.617: [GC [PSYoungGen: 227681K->816K(222016K)] 485122K->258571K(908992K), 0.0085340 secs] [Times: user=0.06 sys=0.00, real=0.01 secs] 
2014-07-16T02:42:33.892+0000: 1628.431: [GC [PSYoungGen: 222000K->1036K(217216K)] 479755K->258847K(904192K), 0.0121890 secs] [Times: user=0.07 sys=0.00, real=0.01 secs] 
2014-07-16T02:42:34.668+0000: 1629.206: [GC [PSYoungGen: 217109K->776K(212032K)] 474920K->258667K(899008K), 0.0069190 secs] [Times: user=0.04 sys=0.00, real=0.01 secs] 
2014-07-16T02:42:35.450+0000: 1629.988: [GC [PSYoungGen: 211976K->1414K(254912K)] 469867K->259369K(941888K), 0.0150460 secs] [Times: user=0.09 sys=0.00, real=0.02 secs] 
2014-07-16T02:42:36.374+0000: 1630.913: [GC [PSYoungGen: 254854K->544K(247744K)] 512809K->258595K(934720K), 0.0048390 secs] [Times: user=0.03 sys=0.00, real=0.00 secs] 
2014-07-16T02:42:37.331+0000: 1631.870: [GC [PSYoungGen: 247708K->976K(242176K)] 505759K->259091K(929152K), 0.0082440 secs] [Times: user=0.05 sys=0.00, real=0.01 secs] 
2014-07-16T02:42:38.213+0000: 1632.751: [GC [PSYoungGen: 242125K->644K(236032K)] 500240K->258847K(923008K), 0.0078890 secs] [Times: user=0.05 sys=0.00, real=0.00 secs] 
2014-07-16T02:42:39.058+0000: 1633.597: [GC [PSYoungGen: 235947K->954K(230720K)] 494150K->259245K(917696K), 0.0086880 secs] [Times: user=0.04 sys=0.00, real=0.01 secs] 
2014-07-16T02:42:39.890+0000: 1634.429: [GC [PSYoungGen: 230668K->1226K(225664K)] 488959K->259605K(912640K), 0.0084100 secs] [Times: user=0.04 sys=0.01, real=0.01 secs] 
2014-07-16T02:42:40.734+0000: 1635.273: [GC [PSYoungGen: 225610K->1018K(220224K)] 483989K->259461K(907200K), 0.0098330 secs] [Times: user=0.07 sys=0.00, real=0.01 secs] 
2014-07-16T02:42:41.530+0000: 1636.069: [GC [PSYoungGen: 220218K->862K(263936K)] 478661K->259337K(950912K), 0.0081440 secs] [Times: user=0.02 sys=0.00, real=0.01 secs] 
2014-07-16T02:42:42.560+0000: 1637.099: [GC [PSYoungGen: 263902K->1100K(257600K)] 522377K->259663K(944576K), 0.0035450 secs] [Times: user=0.02 sys=0.00, real=0.01 secs] 
2014-07-16T02:42:43.467+0000: 1638.005: [GC [PSYoungGen: 257534K->848K(251008K)] 516097K->259475K(937984K), 0.0058850 secs] [Times: user=0.03 sys=0.00, real=0.00 secs] 
2014-07-16T02:42:44.378+0000: 1638.917: [GC [PSYoungGen: 250939K->712K(244736K)] 509566K->259403K(931712K), 0.0041640 secs] [Times: user=0.01 sys=0.01, real=0.00 secs] 
2014-07-16T02:42:45.262+0000: 1639.801: [GC [PSYoungGen: 244679K->580K(238720K)] 503370K->259335K(925696K), 0.0053090 secs] [Times: user=0.02 sys=0.00, real=0.01 secs] 
2014-07-16T02:42:46.119+0000: 1640.658: [GC [PSYoungGen: 238656K->676K(233088K)] 497411K->259511K(920064K), 0.0039640 secs] [Times: user=0.01 sys=0.00, real=0.01 secs] 
2014-07-16T02:42:47.076+0000: 1641.615: [GC [PSYoungGen: 233060K->992K(227904K)] 491895K->259891K(914880K), 0.0126260 secs] [Times: user=0.08 sys=0.00, real=0.01 secs] 
2014-07-16T02:42:47.835+0000: 1642.374: [GC [PSYoungGen: 227861K->734K(222400K)] 486761K->259697K(909376K), 0.0090240 secs] [Times: user=0.06 sys=0.00, real=0.01 secs] 
2014-07-16T02:42:48.650+0000: 1643.189: [GC [PSYoungGen: 222346K->1054K(217600K)] 481310K->260089K(904576K), 0.0085940 secs] [Times: user=0.05 sys=0.00, real=0.01 secs] 
2014-07-16T02:42:49.421+0000: 1643.960: [GC [PSYoungGen: 217530K->740K(212352K)] 476565K->259879K(899328K), 0.0089360 secs] [Times: user=0.06 sys=0.00, real=0.01 secs] 
2014-07-16T02:42:50.201+0000: 1644.739: [GC [PSYoungGen: 212324K->544K(207424K)] 471463K->259771K(894400K), 0.0057980 secs] [Times: user=0.04 sys=0.00, real=0.01 secs] 
2014-07-16T02:42:50.973+0000: 1645.511: [GC [PSYoungGen: 207392K->904K(203264K)] 466619K->260187K(890240K), 0.0059850 secs] [Times: user=0.02 sys=0.01, real=0.01 secs] 
2014-07-16T02:42:51.753+0000: 1646.292: [GC [PSYoungGen: 203208K->850K(198784K)] 462491K->260205K(885760K), 0.0051880 secs] [Times: user=0.03 sys=0.00, real=0.01 secs] 
2014-07-16T02:42:52.530+0000: 1647.068: [GC [PSYoungGen: 198738K->730K(194368K)] 458093K->260149K(881344K), 0.0074470 secs] [Times: user=0.05 sys=0.01, real=0.01 secs] 
2014-07-16T02:42:53.296+0000: 1647.834: [GC [PSYoungGen: 194289K->1062K(233408K)] 453708K->260737K(920384K), 0.0146190 secs] [Times: user=0.09 sys=0.00, real=0.01 secs] 
2014-07-16T02:42:54.157+0000: 1648.696: [GC [PSYoungGen: 233382K->580K(227456K)] 493057K->260335K(914432K), 0.0043650 secs] [Times: user=0.03 sys=0.00, real=0.00 secs] 
2014-07-16T02:42:54.966+0000: 1649.505: [GC [PSYoungGen: 227381K->1022K(222592K)] 487136K->261029K(909568K), 0.0043630 secs] [Times: user=0.02 sys=0.00, real=0.00 secs] 
2014-07-16T02:42:55.761+0000: 1650.299: [GC [PSYoungGen: 222576K->552K(217024K)] 482583K->260615K(904000K), 0.0048770 secs] [Times: user=0.03 sys=0.00, real=0.01 secs] 
2014-07-16T02:42:56.550+0000: 1651.089: [GC [PSYoungGen: 217000K->1010K(212544K)] 477063K->261153K(899520K), 0.0080780 secs] [Times: user=0.05 sys=0.00, real=0.01 secs] 
2014-07-16T02:42:57.391+0000: 1651.930: [GC [PSYoungGen: 212506K->1440K(208256K)] 472649K->261721K(895232K), 0.0044750 secs] [Times: user=0.02 sys=0.01, real=0.01 secs] 
2014-07-16T02:42:58.137+0000: 1652.676: [GC [PSYoungGen: 208224K->484K(202752K)] 468505K->260917K(889728K), 0.0058220 secs] [Times: user=0.03 sys=0.00, real=0.00 secs] 
2014-07-16T02:42:58.880+0000: 1653.419: [GC [PSYoungGen: 202724K->780K(198656K)] 463157K->261277K(885632K), 0.0053360 secs] [Times: user=0.04 sys=0.00, real=0.01 secs] 
2014-07-16T02:42:59.590+0000: 1654.129: [GC [PSYoungGen: 198604K->822K(238272K)] 459101K->261525K(925248K), 0.0146490 secs] [Times: user=0.08 sys=0.01, real=0.02 secs] 
2014-07-16T02:43:00.445+0000: 1654.983: [GC [PSYoungGen: 238215K->766K(232576K)] 498918K->261517K(919552K), 0.0063350 secs] [Times: user=0.04 sys=0.00, real=0.01 secs] 
2014-07-16T02:43:01.325+0000: 1655.863: [GC [PSYoungGen: 232574K->1436K(227840K)] 493325K->262275K(914816K), 0.0051520 secs] [Times: user=0.03 sys=0.00, real=0.01 secs] 
2014-07-16T02:43:02.145+0000: 1656.684: [GC [PSYoungGen: 227804K->980K(222144K)] 488643K->261867K(909120K), 0.0119210 secs] [Times: user=0.07 sys=0.00, real=0.02 secs] 
2014-07-16T02:43:03.116+0000: 1657.655: [GC [PSYoungGen: 222100K->876K(216960K)] 482987K->262311K(903936K), 0.0087420 secs] [Times: user=0.04 sys=0.01, real=0.00 secs] 
2014-07-16T02:43:03.936+0000: 1658.475: [GC [PSYoungGen: 216939K->1054K(212288K)] 478375K->262561K(899264K), 0.0042540 secs] [Times: user=0.02 sys=0.01, real=0.00 secs] 
2014-07-16T02:43:04.713+0000: 1659.251: [GC [PSYoungGen: 212254K->690K(207168K)] 473761K->262343K(894144K), 0.0090600 secs] [Times: user=0.06 sys=0.01, real=0.01 secs] 
2014-07-16T02:43:05.447+0000: 1659.985: [GC [PSYoungGen: 207154K->1090K(203072K)] 468807K->262791K(890048K), 0.0077620 secs] [Times: user=0.04 sys=0.00, real=0.00 secs] 
2014-07-16T02:43:06.184+0000: 1660.723: [GC [PSYoungGen: 202972K->1526K(199040K)] 464674K->263407K(886016K), 0.0080570 secs] [Times: user=0.05 sys=0.00, real=0.01 secs] 
2014-07-16T02:43:06.904+0000: 1661.442: [GC [PSYoungGen: 199030K->1022K(194304K)] 460911K->262999K(881280K), 0.0053270 secs] [Times: user=0.03 sys=0.00, real=0.01 secs] 
2014-07-16T02:43:07.665+0000: 1662.204: [GC [PSYoungGen: 194302K->1062K(190272K)] 456279K->263103K(877248K), 0.0052640 secs] [Times: user=0.04 sys=0.00, real=0.01 secs] 
2014-07-16T02:43:08.340+0000: 1662.878: [GC [PSYoungGen: 190241K->926K(186176K)] 452282K->263031K(873152K), 0.0045340 secs] [Times: user=0.02 sys=0.00, real=0.00 secs] 
2014-07-16T02:43:09.008+0000: 1663.547: [GC [PSYoungGen: 186098K->972K(182400K)] 448204K->263149K(869376K), 0.0033440 secs] [Times: user=0.02 sys=0.00, real=0.00 secs] 
2014-07-16T02:43:09.683+0000: 1664.221: [GC [PSYoungGen: 182348K->972K(178688K)] 444525K->263221K(865664K), 0.0041540 secs] [Times: user=0.02 sys=0.00, real=0.00 secs] 
2014-07-16T02:43:10.328+0000: 1664.866: [GC [PSYoungGen: 178636K->904K(175040K)] 440885K->263217K(862016K), 0.0066990 secs] [Times: user=0.04 sys=0.00, real=0.00 secs] 
2014-07-16T02:43:10.947+0000: 1665.486: [GC [PSYoungGen: 174944K->644K(171328K)] 437258K->263037K(858304K), 0.0050670 secs] [Times: user=0.03 sys=0.00, real=0.00 secs] 
2014-07-16T02:43:11.561+0000: 1666.099: [GC [PSYoungGen: 171268K->894K(168128K)] 433661K->263343K(855104K), 0.0067970 secs] [Times: user=0.04 sys=0.00, real=0.01 secs] 
2014-07-16T02:43:12.181+0000: 1666.720: [GC [PSYoungGen: 168126K->1422K(165440K)] 430575K->263959K(852416K), 0.0077620 secs] [Times: user=0.05 sys=0.00, real=0.01 secs] 
2014-07-16T02:43:12.837+0000: 1667.375: [GC [PSYoungGen: 165361K->626K(197440K)] 427899K->263235K(884416K), 0.0086290 secs] [Times: user=0.05 sys=0.00, real=0.01 secs] 
2014-07-16T02:43:13.628+0000: 1668.167: [GC [PSYoungGen: 197425K->1254K(193856K)] 460035K->263943K(880832K), 0.0064630 secs] [Times: user=0.04 sys=0.01, real=0.00 secs] 
2014-07-16T02:43:14.291+0000: 1668.830: [GC [PSYoungGen: 193820K->1330K(232448K)] 456509K->264123K(919424K), 0.0082770 secs] [Times: user=0.06 sys=0.01, real=0.01 secs] 
2014-07-16T02:43:15.131+0000: 1669.669: [GC [PSYoungGen: 232432K->894K(278272K)] 495225K->263743K(965248K), 0.0088060 secs] [Times: user=0.05 sys=0.00, real=0.01 secs] 
2014-07-16T02:43:16.128+0000: 1670.666: [GC [PSYoungGen: 278270K->1132K(271360K)] 541119K->264053K(958336K), 0.0055800 secs] [Times: user=0.03 sys=0.00, real=0.01 secs] 
2014-07-16T02:43:17.107+0000: 1671.646: [GC [PSYoungGen: 271294K->1404K(264704K)] 534215K->264389K(951680K), 0.0041060 secs] [Times: user=0.02 sys=0.00, real=0.01 secs] 
2014-07-16T02:43:18.092+0000: 1672.631: [GC [PSYoungGen: 264700K->416K(257152K)] 527685K->263465K(944128K), 0.0107160 secs] [Times: user=0.06 sys=0.01, real=0.01 secs] 
2014-07-16T02:43:19.055+0000: 1673.594: [GC [PSYoungGen: 257120K->1078K(251392K)] 520169K->264239K(938368K), 0.0070360 secs] [Times: user=0.05 sys=0.00, real=0.01 secs] 
2014-07-16T02:43:19.946+0000: 1674.485: [GC [PSYoungGen: 251382K->580K(244800K)] 514543K->263797K(931776K), 0.0080960 secs] [Times: user=0.05 sys=0.00, real=0.01 secs] 
2014-07-16T02:43:20.835+0000: 1675.374: [GC [PSYoungGen: 244706K->1240K(239552K)] 507923K->264529K(926528K), 0.0106230 secs] [Times: user=0.07 sys=0.00, real=0.01 secs] 
2014-07-16T02:43:21.726+0000: 1676.265: [GC [PSYoungGen: 239512K->904K(233536K)] 502801K->264249K(920512K), 0.0058430 secs] [Times: user=0.03 sys=0.00, real=0.01 secs] 
2014-07-16T02:43:22.650+0000: 1677.188: [GC [PSYoungGen: 233477K->1724K(228800K)] 496822K->265157K(915776K), 0.0034670 secs] [Times: user=0.02 sys=0.00, real=0.00 secs] 
2014-07-16T02:43:23.449+0000: 1677.987: [GC [PSYoungGen: 228796K->640K(222400K)] 492229K->264137K(909376K), 0.0093700 secs] [Times: user=0.06 sys=0.00, real=0.01 secs] 
2014-07-16T02:43:24.313+0000: 1678.852: [GC [PSYoungGen: 222399K->864K(217536K)] 485897K->264425K(904512K), 0.0072680 secs] [Times: user=0.02 sys=0.01, real=0.01 secs] 
2014-07-16T02:43:25.073+0000: 1679.611: [GC [PSYoungGen: 217504K->740K(212480K)] 481065K->264405K(899456K), 0.0047670 secs] [Times: user=0.03 sys=0.00, real=0.00 secs] 
2014-07-16T02:43:25.848+0000: 1680.387: [GC [PSYoungGen: 212452K->512K(207488K)] 476117K->264241K(894464K), 0.0038240 secs] [Times: user=0.02 sys=0.00, real=0.01 secs] 
2014-07-16T02:43:26.593+0000: 1681.132: [GC [PSYoungGen: 207488K->894K(203264K)] 471217K->264695K(890240K), 0.0053750 secs] [Times: user=0.03 sys=0.00, real=0.00 secs] 
2014-07-16T02:43:27.333+0000: 1681.871: [GC [PSYoungGen: 203262K->790K(198784K)] 467063K->264679K(885760K), 0.0077150 secs] [Times: user=0.05 sys=0.00, real=0.01 secs] 
2014-07-16T02:43:28.106+0000: 1682.645: [GC [PSYoungGen: 198720K->1722K(195392K)] 462610K->265767K(882368K), 0.0104110 secs] [Times: user=0.06 sys=0.00, real=0.01 secs] 
2014-07-16T02:43:28.773+0000: 1683.311: [GC [PSYoungGen: 195386K->962K(233472K)] 459431K->265063K(920448K), 0.0121160 secs] [Times: user=0.07 sys=0.00, real=0.01 secs] 
2014-07-16T02:43:29.608+0000: 1684.147: [GC [PSYoungGen: 233398K->776K(277184K)] 497500K->264941K(964160K), 0.0070530 secs] [Times: user=0.04 sys=0.00, real=0.01 secs] 
2014-07-16T02:43:30.610+0000: 1685.149: [GC [PSYoungGen: 276808K->762K(269696K)] 540973K->264999K(956672K), 0.0078070 secs] [Times: user=0.05 sys=0.00, real=0.00 secs] 
2014-07-16T02:43:31.591+0000: 1686.130: [GC [PSYoungGen: 269689K->726K(276160K)] 533927K->265035K(963136K), 0.0147160 secs] [Times: user=0.10 sys=0.00, real=0.01 secs] 
2014-07-16T02:43:32.596+0000: 1687.135: [GC [PSYoungGen: 275796K->672K(276800K)] 540106K->265085K(963776K), 0.0087560 secs] [Times: user=0.06 sys=0.00, real=0.01 secs] 
2014-07-16T02:43:33.615+0000: 1688.154: [GC [PSYoungGen: 275744K->940K(268992K)] 540157K->265401K(955968K), 0.0077510 secs] [Times: user=0.04 sys=0.00, real=0.01 secs] 
2014-07-16T02:43:34.601+0000: 1689.140: [GC [PSYoungGen: 268972K->676K(322368K)] 533433K->265201K(1009344K), 0.0116820 secs] [Times: user=0.08 sys=0.00, real=0.01 secs] 
2014-07-16T02:43:35.761+0000: 1690.300: [GC [PSYoungGen: 322296K->772K(313600K)] 586822K->265361K(1000576K), 0.0097920 secs] [Times: user=0.06 sys=0.00, real=0.01 secs] 
2014-07-16T02:43:36.890+0000: 1691.429: [GC [PSYoungGen: 313540K->548K(304832K)] 578129K->265193K(991808K), 0.0071960 secs] [Times: user=0.05 sys=0.01, real=0.01 secs] 
2014-07-16T02:43:38.068+0000: 1692.607: [GC [PSYoungGen: 304804K->926K(297024K)] 569449K->265643K(984000K), 0.0080040 secs] [Times: user=0.04 sys=0.01, real=0.01 secs] 
2014-07-16T02:43:39.099+0000: 1693.637: [GC [PSYoungGen: 296990K->990K(289216K)] 561707K->265779K(976192K), 0.0072620 secs] [Times: user=0.04 sys=0.00, real=0.01 secs] 
2014-07-16T02:43:40.121+0000: 1694.660: [GC [PSYoungGen: 289182K->1040K(281728K)] 553971K->265933K(968704K), 0.0044110 secs] [Times: user=0.03 sys=0.00, real=0.01 secs] 
2014-07-16T02:43:41.132+0000: 1695.671: [GC [PSYoungGen: 281667K->1244K(274624K)] 546560K->266217K(961600K), 0.0049100 secs] [Times: user=0.03 sys=0.00, real=0.00 secs] 
2014-07-16T02:43:42.134+0000: 1696.673: [GC [PSYoungGen: 274560K->612K(267008K)] 539534K->265625K(953984K), 0.0162450 secs] [Times: user=0.10 sys=0.00, real=0.01 secs] 
2014-07-16T02:43:43.187+0000: 1697.726: [GC [PSYoungGen: 266936K->940K(260608K)] 531950K->266017K(947584K), 0.0077110 secs] [Times: user=0.05 sys=0.00, real=0.01 secs] 
2014-07-16T02:43:44.111+0000: 1698.650: [GC [PSYoungGen: 260588K->976K(254208K)] 525665K->266125K(941184K), 0.0052190 secs] [Times: user=0.02 sys=0.00, real=0.01 secs] 
2014-07-16T02:43:45.143+0000: 1699.681: [GC [PSYoungGen: 254160K->644K(247616K)] 519309K->265849K(934592K), 0.0086090 secs] [Times: user=0.05 sys=0.00, real=0.00 secs] 
2014-07-16T02:43:46.065+0000: 1700.604: [GC [PSYoungGen: 247556K->1044K(241984K)] 512761K->266329K(928960K), 0.0064120 secs] [Times: user=0.04 sys=0.00, real=0.00 secs] 
2014-07-16T02:43:46.928+0000: 1701.466: [GC [PSYoungGen: 241940K->790K(235968K)] 507225K->266155K(922944K), 0.0051030 secs] [Times: user=0.02 sys=0.00, real=0.01 secs] 
2014-07-16T02:43:47.924+0000: 1702.463: [GC [PSYoungGen: 235926K->1078K(230656K)] 501291K->267155K(917632K), 0.0065120 secs] [Times: user=0.03 sys=0.00, real=0.00 secs] 
2014-07-16T02:43:48.760+0000: 1703.298: [GC [PSYoungGen: 230646K->922K(225152K)] 496723K->267063K(912128K), 0.0038370 secs] [Times: user=0.01 sys=0.01, real=0.01 secs] 
2014-07-16T02:43:49.560+0000: 1704.099: [GC [PSYoungGen: 225114K->848K(219904K)] 491255K->267053K(906880K), 0.0051770 secs] [Times: user=0.03 sys=0.00, real=0.01 secs] 
2014-07-16T02:43:50.358+0000: 1704.896: [GC [PSYoungGen: 219818K->1084K(215104K)] 486024K->267329K(902080K), 0.0041990 secs] [Times: user=0.01 sys=0.00, real=0.00 secs] 
2014-07-16T02:43:51.141+0000: 1705.680: [GC [PSYoungGen: 215100K->630K(209856K)] 481345K->266931K(896832K), 0.0072820 secs] [Times: user=0.04 sys=0.00, real=0.01 secs] 
2014-07-16T02:43:51.909+0000: 1706.448: [GC [PSYoungGen: 209812K->804K(205376K)] 476114K->267217K(892352K), 0.0043090 secs] [Times: user=0.02 sys=0.00, real=0.01 secs] 
2014-07-16T02:43:52.644+0000: 1707.182: [GC [PSYoungGen: 205348K->908K(201024K)] 471761K->267361K(888000K), 0.0157470 secs] [Times: user=0.08 sys=0.00, real=0.01 secs] 
2014-07-16T02:43:53.493+0000: 1708.032: [GC [PSYoungGen: 200937K->580K(196352K)] 467390K->267105K(883328K), 0.0060680 secs] [Times: user=0.04 sys=0.00, real=0.00 secs] 
2014-07-16T02:43:54.207+0000: 1708.745: [GC [PSYoungGen: 196200K->1022K(235904K)] 462726K->267627K(922880K), 0.0097780 secs] [Times: user=0.06 sys=0.01, real=0.01 secs] 
2014-07-16T02:43:55.098+0000: 1709.636: [GC [PSYoungGen: 235902K->1062K(230400K)] 502507K->267715K(917376K), 0.0065960 secs] [Times: user=0.04 sys=0.00, real=0.01 secs] 
2014-07-16T02:43:55.906+0000: 1710.445: [GC [PSYoungGen: 230350K->548K(224512K)] 497004K->267249K(911488K), 0.0071540 secs] [Times: user=0.04 sys=0.00, real=0.00 secs] 
2014-07-16T02:43:56.727+0000: 1711.266: [GC [PSYoungGen: 224477K->1082K(219840K)] 491179K->267839K(906816K), 0.0044000 secs] [Times: user=0.01 sys=0.00, real=0.00 secs] 
2014-07-16T02:43:57.513+0000: 1712.051: [GC [PSYoungGen: 219834K->626K(214400K)] 486591K->267455K(901376K), 0.0080650 secs] [Times: user=0.05 sys=0.01, real=0.01 secs] 
2014-07-16T02:43:58.399+0000: 1712.937: [GC [PSYoungGen: 214386K->904K(209920K)] 481215K->267797K(896896K), 0.0072210 secs] [Times: user=0.05 sys=0.00, real=0.01 secs] 
2014-07-16T02:43:59.158+0000: 1713.696: [GC [PSYoungGen: 209864K->662K(204992K)] 476757K->267635K(891968K), 0.0051490 secs] [Times: user=0.03 sys=0.00, real=0.00 secs] 
2014-07-16T02:43:59.917+0000: 1714.455: [GC [PSYoungGen: 204950K->1254K(201088K)] 471923K->268315K(888064K), 0.0039250 secs] [Times: user=0.02 sys=0.00, real=0.00 secs] 
2014-07-16T02:44:00.633+0000: 1715.172: [GC [PSYoungGen: 201054K->1016K(196480K)] 468115K->268157K(883456K), 0.0087510 secs] [Times: user=0.04 sys=0.00, real=0.01 secs] 
2014-07-16T02:44:01.334+0000: 1715.873: [GC [PSYoungGen: 196455K->890K(192192K)] 463597K->268119K(879168K), 0.0050660 secs] [Times: user=0.03 sys=0.00, real=0.01 secs] 
2014-07-16T02:44:02.029+0000: 1716.568: [GC [PSYoungGen: 192186K->1204K(188480K)] 459415K->268671K(875456K), 0.0058860 secs] [Times: user=0.02 sys=0.00, real=0.01 secs] 
2014-07-16T02:44:02.785+0000: 1717.323: [GC [PSYoungGen: 188468K->914K(184320K)] 455935K->268477K(871296K), 0.0034510 secs] [Times: user=0.02 sys=0.00, real=0.01 secs] 
2014-07-16T02:44:03.497+0000: 1718.036: [GC [PSYoungGen: 184272K->1212K(180800K)] 451836K->268947K(867776K), 0.0040910 secs] [Times: user=0.02 sys=0.01, real=0.00 secs] 
2014-07-16T02:44:04.111+0000: 1718.649: [GC [PSYoungGen: 180795K->598K(176576K)] 448531K->268429K(863552K), 0.0054330 secs] [Times: user=0.02 sys=0.00, real=0.01 secs] 
2014-07-16T02:44:04.877+0000: 1719.416: [GC [PSYoungGen: 176469K->1504K(173952K)] 444301K->269640K(860928K), 0.0072200 secs] [Times: user=0.01 sys=0.01, real=0.00 secs] 
2014-07-16T02:44:05.464+0000: 1720.002: [GC [PSYoungGen: 173915K->640K(169664K)] 442051K->268831K(856640K), 0.0076110 secs] [Times: user=0.03 sys=0.00, real=0.01 secs] 
2014-07-16T02:44:06.065+0000: 1720.604: [GC [PSYoungGen: 169644K->880K(166592K)] 437836K->269119K(853568K), 0.0072930 secs] [Times: user=0.05 sys=0.00, real=0.00 secs] 
2014-07-16T02:44:06.673+0000: 1721.211: [GC [PSYoungGen: 166576K->580K(199488K)] 434815K->268891K(886464K), 0.0087160 secs] [Times: user=0.05 sys=0.00, real=0.01 secs] 
2014-07-16T02:44:07.392+0000: 1721.930: [GC [PSYoungGen: 199397K->894K(195456K)] 467709K->269301K(882432K), 0.0051960 secs] [Times: user=0.04 sys=0.00, real=0.01 secs] 
2014-07-16T02:44:08.126+0000: 1722.665: [GC [PSYoungGen: 195454K->926K(191360K)] 463861K->269437K(878336K), 0.0043110 secs] [Times: user=0.02 sys=0.00, real=0.00 secs] 
2014-07-16T02:44:08.897+0000: 1723.436: [GC [PSYoungGen: 191319K->534K(186944K)] 459830K->269117K(873920K), 0.0047450 secs] [Times: user=0.03 sys=0.00, real=0.00 secs] 
2014-07-16T02:44:09.578+0000: 1724.117: [GC [PSYoungGen: 186902K->544K(183040K)] 455485K->269199K(870016K), 0.0039720 secs] [Times: user=0.02 sys=0.00, real=0.00 secs] 
2014-07-16T02:44:10.229+0000: 1724.768: [GC [PSYoungGen: 182979K->1214K(179904K)] 451635K->269941K(866880K), 0.0039570 secs] [Times: user=0.02 sys=0.00, real=0.00 secs] 
2014-07-16T02:44:10.868+0000: 1725.407: [GC [PSYoungGen: 179902K->580K(175680K)] 448629K->269395K(862656K), 0.0067400 secs] [Times: user=0.04 sys=0.01, real=0.00 secs] 
2014-07-16T02:44:11.496+0000: 1726.035: [GC [PSYoungGen: 175618K->612K(172160K)] 444434K->269515K(859136K), 0.0056080 secs] [Times: user=0.03 sys=0.00, real=0.00 secs] 
2014-07-16T02:44:12.124+0000: 1726.663: [GC [PSYoungGen: 172132K->466K(168640K)] 441035K->269457K(855616K), 0.0057420 secs] [Times: user=0.03 sys=0.00, real=0.01 secs] 
2014-07-16T02:44:12.739+0000: 1727.277: [GC [PSYoungGen: 168594K->480K(165376K)] 437585K->269559K(852352K), 0.0037660 secs] [Times: user=0.01 sys=0.00, real=0.00 secs] 
2014-07-16T02:44:13.422+0000: 1727.961: [GC [PSYoungGen: 165344K->918K(162624K)] 434423K->270061K(849600K), 0.0046240 secs] [Times: user=0.02 sys=0.00, real=0.01 secs] 
2014-07-16T02:44:13.975+0000: 1728.514: [GC [PSYoungGen: 162582K->512K(159104K)] 431725K->269735K(846080K), 0.0065740 secs] [Times: user=0.03 sys=0.00, real=0.01 secs] 
2014-07-16T02:44:14.555+0000: 1729.093: [GC [PSYoungGen: 159023K->808K(156416K)] 428247K->270095K(843392K), 0.0064870 secs] [Times: user=0.04 sys=0.00, real=0.01 secs] 
2014-07-16T02:44:15.162+0000: 1729.701: [GC [PSYoungGen: 156392K->978K(153728K)] 425679K->270329K(840704K), 0.0064370 secs] [Times: user=0.03 sys=0.00, real=0.01 secs] 
2014-07-16T02:44:15.716+0000: 1730.254: [GC [PSYoungGen: 153652K->516K(150464K)] 423004K->269923K(837440K), 0.0037000 secs] [Times: user=0.01 sys=0.00, real=0.01 secs] 
2014-07-16T02:44:16.277+0000: 1730.816: [GC [PSYoungGen: 150404K->1314K(148480K)] 419811K->270801K(835456K), 0.0060070 secs] [Times: user=0.03 sys=0.00, real=0.00 secs] 
2014-07-16T02:44:16.810+0000: 1731.349: [GC [PSYoungGen: 148415K->790K(145344K)] 417903K->270365K(832320K), 0.0036040 secs] [Times: user=0.01 sys=0.01, real=0.00 secs] 
2014-07-16T02:44:17.347+0000: 1731.886: [GC [PSYoungGen: 145302K->1072K(143040K)] 414877K->270935K(830016K), 0.0032790 secs] [Times: user=0.02 sys=0.00, real=0.00 secs] 
2014-07-16T02:44:17.844+0000: 1732.382: [GC [PSYoungGen: 143024K->798K(140288K)] 412887K->270749K(827264K), 0.0045170 secs] [Times: user=0.02 sys=0.00, real=0.01 secs] 
2014-07-16T02:44:18.451+0000: 1732.990: [GC [PSYoungGen: 140254K->1042K(138112K)] 410205K->271073K(825088K), 0.0063650 secs] [Times: user=0.04 sys=0.00, real=0.01 secs] 
2014-07-16T02:44:18.925+0000: 1733.463: [GC [PSYoungGen: 138066K->830K(135488K)] 408097K->270949K(822464K), 0.0030450 secs] [Times: user=0.02 sys=0.00, real=0.01 secs] 
2014-07-16T02:44:19.404+0000: 1733.942: [GC [PSYoungGen: 135451K->712K(133120K)] 405571K->270903K(820096K), 0.0041170 secs] [Times: user=0.02 sys=0.00, real=0.01 secs] 
2014-07-16T02:44:19.892+0000: 1734.430: [GC [PSYoungGen: 133064K->922K(159808K)] 403255K->271201K(846784K), 0.0139640 secs] [Times: user=0.08 sys=0.00, real=0.01 secs] 
2014-07-16T02:44:20.460+0000: 1734.999: [GC [PSYoungGen: 159770K->580K(191296K)] 430049K->270923K(878272K), 0.0067560 secs] [Times: user=0.04 sys=0.01, real=0.01 secs] 
2014-07-16T02:44:21.180+0000: 1735.719: [GC [PSYoungGen: 191236K->1186K(230016K)] 461579K->271602K(916992K), 0.0116130 secs] [Times: user=0.07 sys=0.00, real=0.01 secs] 
2014-07-16T02:44:22.003+0000: 1736.542: [GC [PSYoungGen: 229960K->1126K(275712K)] 500376K->271680K(962688K), 0.0058090 secs] [Times: user=0.03 sys=0.01, real=0.01 secs] 
2014-07-16T02:44:22.991+0000: 1737.529: [GC [PSYoungGen: 275684K->1072K(268608K)] 546238K->271690K(955584K), 0.0040440 secs] [Times: user=0.02 sys=0.00, real=0.00 secs] 
2014-07-16T02:44:24.059+0000: 1738.598: [GC [PSYoungGen: 268590K->1016K(261760K)] 539208K->271936K(948736K), 0.0040020 secs] [Times: user=0.02 sys=0.00, real=0.00 secs] 
2014-07-16T02:44:24.985+0000: 1739.524: [GC [PSYoungGen: 261726K->804K(255040K)] 532646K->271795K(942016K), 0.0064610 secs] [Times: user=0.03 sys=0.00, real=0.01 secs] 
2014-07-16T02:44:25.950+0000: 1740.488: [GC [PSYoungGen: 254997K->1118K(249088K)] 525989K->272190K(936064K), 0.0052340 secs] [Times: user=0.03 sys=0.00, real=0.00 secs] 
2014-07-16T02:44:26.840+0000: 1741.379: [GC [PSYoungGen: 248979K->912K(242880K)] 520051K->272024K(929856K), 0.0121060 secs] [Times: user=0.09 sys=0.00, real=0.01 secs] 
2014-07-16T02:44:27.719+0000: 1742.258: [GC [PSYoungGen: 242832K->908K(237056K)] 513944K->272100K(924032K), 0.0054150 secs] [Times: user=0.03 sys=0.01, real=0.00 secs] 
2014-07-16T02:44:28.676+0000: 1743.215: [GC [PSYoungGen: 237004K->922K(231424K)] 508196K->272178K(918400K), 0.0047540 secs] [Times: user=0.02 sys=0.00, real=0.01 secs] 
2014-07-16T02:44:29.441+0000: 1743.979: [GC [PSYoungGen: 231386K->448K(225536K)] 502642K->271767K(912512K), 0.0053000 secs] [Times: user=0.03 sys=0.00, real=0.00 secs] 
2014-07-16T02:44:30.250+0000: 1744.789: [GC [PSYoungGen: 225536K->926K(220864K)] 496855K->272310K(907840K), 0.0040780 secs] [Times: user=0.02 sys=0.00, real=0.00 secs] 
2014-07-16T02:44:31.050+0000: 1745.588: [GC [PSYoungGen: 220830K->858K(215744K)] 492214K->272306K(902720K), 0.0082190 secs] [Times: user=0.05 sys=0.00, real=0.00 secs] 
2014-07-16T02:44:31.831+0000: 1746.370: [GC [PSYoungGen: 215686K->818K(258688K)] 487134K->272305K(945664K), 0.0184690 secs] [Times: user=0.09 sys=0.00, real=0.02 secs] 
2014-07-16T02:44:32.763+0000: 1747.302: [GC [PSYoungGen: 258641K->698K(281664K)] 530129K->272242K(968640K), 0.0077010 secs] [Times: user=0.05 sys=0.00, real=0.01 secs] 
2014-07-16T02:44:33.889+0000: 1748.428: [GC [PSYoungGen: 281189K->1314K(274560K)] 552733K->272946K(961536K), 0.0077150 secs] [Times: user=0.05 sys=0.00, real=0.01 secs] 
2014-07-16T02:44:34.844+0000: 1749.383: [GC [PSYoungGen: 274482K->128K(266368K)] 546114K->272440K(953344K), 0.0053050 secs] [Times: user=0.03 sys=0.00, real=0.00 secs] 
2014-07-16T02:44:35.865+0000: 1750.403: [GC [PSYoungGen: 266368K->1090K(260672K)] 538680K->273434K(947648K), 0.0054200 secs] [Times: user=0.03 sys=0.00, real=0.01 secs] 
2014-07-16T02:44:36.788+0000: 1751.326: [GC [PSYoungGen: 260610K->1326K(254400K)] 532954K->273906K(941376K), 0.0096150 secs] [Times: user=0.06 sys=0.00, real=0.01 secs] 
2014-07-16T02:44:37.682+0000: 1752.221: [GC [PSYoungGen: 254382K->1172K(248064K)] 526962K->273848K(935040K), 0.0076270 secs] [Times: user=0.04 sys=0.00, real=0.01 secs] 
2014-07-16T02:44:38.565+0000: 1753.104: [GC [PSYoungGen: 248020K->548K(241408K)] 520696K->273296K(928384K), 0.0054710 secs] [Times: user=0.03 sys=0.00, real=0.01 secs] 
2014-07-16T02:44:39.461+0000: 1754.000: [GC [PSYoungGen: 241380K->720K(235840K)] 514128K->273516K(922816K), 0.0034380 secs] [Times: user=0.01 sys=0.00, real=0.00 secs] 
2014-07-16T02:44:40.306+0000: 1754.844: [GC [PSYoungGen: 235792K->434K(229952K)] 508588K->273294K(916928K), 0.0037770 secs] [Times: user=0.02 sys=0.00, real=0.00 secs] 
2014-07-16T02:44:41.164+0000: 1755.702: [GC [PSYoungGen: 229897K->594K(224768K)] 502757K->273510K(911744K), 0.0055270 secs] [Times: user=0.04 sys=0.00, real=0.00 secs] 
2014-07-16T02:44:41.956+0000: 1756.495: [GC [PSYoungGen: 224695K->712K(219712K)] 497611K->273700K(906688K), 0.0056010 secs] [Times: user=0.03 sys=0.00, real=0.01 secs] 
2014-07-16T02:44:42.751+0000: 1757.289: [GC [PSYoungGen: 219654K->720K(214720K)] 492642K->273756K(901696K), 0.0080460 secs] [Times: user=0.05 sys=0.00, real=0.01 secs] 
2014-07-16T02:44:43.521+0000: 1758.060: [GC [PSYoungGen: 214672K->684K(209856K)] 487708K->273760K(896832K), 0.0098670 secs] [Times: user=0.04 sys=0.00, real=0.01 secs] 
2014-07-16T02:44:44.343+0000: 1758.881: [GC [PSYoungGen: 209817K->1450K(205952K)] 482893K->274832K(892928K), 0.0038230 secs] [Times: user=0.01 sys=0.00, real=0.00 secs] 
2014-07-16T02:44:45.079+0000: 1759.618: [GC [PSYoungGen: 205930K->830K(200832K)] 479312K->274504K(887808K), 0.0034160 secs] [Times: user=0.01 sys=0.00, real=0.01 secs] 
2014-07-16T02:44:45.813+0000: 1760.352: [GC [PSYoungGen: 200830K->922K(196608K)] 474504K->274668K(883584K), 0.0070070 secs] [Times: user=0.04 sys=0.00, real=0.00 secs] 
2014-07-16T02:44:46.531+0000: 1761.070: [GC [PSYoungGen: 196570K->530K(192064K)] 470316K->274390K(879040K), 0.0043750 secs] [Times: user=0.02 sys=0.00, real=0.00 secs] 
2014-07-16T02:44:47.236+0000: 1761.775: [GC [PSYoungGen: 192018K->1228K(188736K)] 465878K->275176K(875712K), 0.0033970 secs] [Times: user=0.01 sys=0.00, real=0.00 secs] 
2014-07-16T02:44:47.900+0000: 1762.439: [GC [PSYoungGen: 188684K->548K(184128K)] 462632K->274568K(871104K), 0.0077200 secs] [Times: user=0.05 sys=0.00, real=0.01 secs] 
2014-07-16T02:44:48.558+0000: 1763.096: [GC [PSYoungGen: 184100K->1422K(181248K)] 458120K->275506K(868224K), 0.0085280 secs] [Times: user=0.05 sys=0.00, real=0.01 secs] 
2014-07-16T02:44:49.291+0000: 1763.829: [GC [PSYoungGen: 181160K->1144K(177280K)] 455244K->275276K(864256K), 0.0043200 secs] [Times: user=0.01 sys=0.00, real=0.01 secs] 
2014-07-16T02:44:49.914+0000: 1764.452: [GC [PSYoungGen: 177272K->1076K(212480K)] 451404K->275272K(899456K), 0.0115880 secs] [Times: user=0.06 sys=0.00, real=0.01 secs] 
2014-07-16T02:44:50.671+0000: 1765.210: [GC [PSYoungGen: 212468K->736K(207424K)] 486664K->275036K(894400K), 0.0054700 secs] [Times: user=0.04 sys=0.00, real=0.01 secs] 
2014-07-16T02:44:51.410+0000: 1765.949: [GC [PSYoungGen: 207392K->612K(248640K)] 481692K->275016K(935616K), 0.0104230 secs] [Times: user=0.07 sys=0.00, real=0.01 secs] 
2014-07-16T02:44:52.298+0000: 1766.837: [GC [PSYoungGen: 248612K->1112K(267456K)] 523016K->275564K(954432K), 0.0089320 secs] [Times: user=0.04 sys=0.00, real=0.01 secs] 
2014-07-16T02:44:53.262+0000: 1767.801: [GC [PSYoungGen: 266904K->722K(259840K)] 541356K->275270K(946816K), 0.0045500 secs] [Times: user=0.02 sys=0.00, real=0.00 secs] 
2014-07-16T02:44:54.280+0000: 1768.818: [GC [PSYoungGen: 259794K->958K(253568K)] 534342K->275690K(940544K), 0.0053340 secs] [Times: user=0.04 sys=0.00, real=0.01 secs] 
2014-07-16T02:44:55.185+0000: 1769.724: [GC [PSYoungGen: 253566K->576K(246976K)] 528298K->275372K(933952K), 0.0086730 secs] [Times: user=0.05 sys=0.00, real=0.01 secs] 
2014-07-16T02:44:56.090+0000: 1770.629: [GC [PSYoungGen: 246966K->982K(241408K)] 521762K->275842K(928384K), 0.0046080 secs] [Times: user=0.01 sys=0.00, real=0.01 secs] 
2014-07-16T02:44:57.040+0000: 1771.579: [GC [PSYoungGen: 241366K->1362K(236032K)] 516226K->276286K(923008K), 0.0056100 secs] [Times: user=0.04 sys=0.00, real=0.01 secs] 
2014-07-16T02:44:57.853+0000: 1772.392: [GC [PSYoungGen: 235897K->816K(229888K)] 510822K->276210K(916864K), 0.0071650 secs] [Times: user=0.05 sys=0.00, real=0.00 secs] 
2014-07-16T02:44:58.692+0000: 1773.231: [GC [PSYoungGen: 229859K->1368K(225088K)] 505253K->276834K(912064K), 0.0080170 secs] [Times: user=0.04 sys=0.00, real=0.01 secs] 
2014-07-16T02:44:59.534+0000: 1774.073: [GC [PSYoungGen: 225048K->644K(219200K)] 500514K->276306K(906176K), 0.0036090 secs] [Times: user=0.02 sys=0.00, real=0.00 secs] 
2014-07-16T02:45:00.333+0000: 1774.872: [GC [PSYoungGen: 219140K->384K(213888K)] 494802K->276094K(900864K), 0.0081900 secs] [Times: user=0.05 sys=0.00, real=0.01 secs] 
2014-07-16T02:45:01.120+0000: 1775.659: [GC [PSYoungGen: 213888K->722K(209472K)] 489598K->276488K(896448K), 0.0046420 secs] [Times: user=0.02 sys=0.00, real=0.01 secs] 
2014-07-16T02:45:01.864+0000: 1776.403: [GC [PSYoungGen: 209426K->516K(204672K)] 485192K->276338K(891648K), 0.0065540 secs] [Times: user=0.04 sys=0.00, real=0.00 secs] 
2014-07-16T02:45:02.609+0000: 1777.147: [GC [PSYoungGen: 204612K->466K(200128K)] 480434K->276344K(887104K), 0.0036080 secs] [Times: user=0.01 sys=0.00, real=0.00 secs] 
2014-07-16T02:45:03.335+0000: 1777.874: [GC [PSYoungGen: 200082K->448K(195712K)] 475960K->276382K(882688K), 0.0037720 secs] [Times: user=0.02 sys=0.00, real=0.00 secs] 
2014-07-16T02:45:04.116+0000: 1778.655: [GC [PSYoungGen: 195712K->1106K(192256K)] 471646K->277104K(879232K), 0.0066790 secs] [Times: user=0.04 sys=0.00, real=0.00 secs] 
2014-07-16T02:45:04.800+0000: 1779.339: [GC [PSYoungGen: 192210K->812K(187904K)] 468208K->276874K(874880K), 0.0055010 secs] [Times: user=0.04 sys=0.00, real=0.01 secs] 
2014-07-16T02:45:05.501+0000: 1780.040: [GC [PSYoungGen: 187884K->754K(183936K)] 463946K->276888K(870912K), 0.0036920 secs] [Times: user=0.02 sys=0.00, real=0.01 secs] 
2014-07-16T02:45:06.152+0000: 1780.691: [GC [PSYoungGen: 183922K->894K(180288K)] 460056K->277076K(867264K), 0.0048810 secs] [Times: user=0.02 sys=0.00, real=0.01 secs] 
2014-07-16T02:45:06.811+0000: 1781.349: [GC [PSYoungGen: 180286K->962K(176768K)] 456468K->277208K(863744K), 0.0074250 secs] [Times: user=0.04 sys=0.00, real=0.01 secs] 
2014-07-16T02:45:07.490+0000: 1782.029: [GC [PSYoungGen: 176706K->1016K(173248K)] 452952K->277318K(860224K), 0.0033280 secs] [Times: user=0.01 sys=0.01, real=0.00 secs] 
2014-07-16T02:45:08.110+0000: 1782.648: [GC [PSYoungGen: 173240K->830K(169664K)] 449542K->277196K(856640K), 0.0036530 secs] [Times: user=0.01 sys=0.00, real=0.00 secs] 
2014-07-16T02:45:08.719+0000: 1783.258: [GC [PSYoungGen: 169662K->868K(166400K)] 446028K->277322K(853376K), 0.0035810 secs] [Times: user=0.02 sys=0.01, real=0.00 secs] 
2014-07-16T02:45:09.449+0000: 1783.987: [GC [PSYoungGen: 166372K->758K(163072K)] 442826K->277276K(850048K), 0.0080600 secs] [Times: user=0.04 sys=0.00, real=0.01 secs] 
2014-07-16T02:45:10.014+0000: 1784.553: [GC [PSYoungGen: 163062K->680K(159936K)] 439580K->277270K(846912K), 0.0044990 secs] [Times: user=0.02 sys=0.00, real=0.01 secs] 
2014-07-16T02:45:10.596+0000: 1785.135: [GC [PSYoungGen: 159912K->1004K(192128K)] 436502K->277658K(879104K), 0.0104990 secs] [Times: user=0.05 sys=0.00, real=0.01 secs] 
2014-07-16T02:45:11.278+0000: 1785.817: [GC [PSYoungGen: 192108K->662K(187776K)] 468762K->277396K(874752K), 0.0051540 secs] [Times: user=0.03 sys=0.00, real=0.00 secs] 
2014-07-16T02:45:11.946+0000: 1786.484: [GC [PSYoungGen: 187728K->994K(184192K)] 464463K->278074K(871168K), 0.0051810 secs] [Times: user=0.03 sys=0.00, real=0.00 secs] 
2014-07-16T02:45:12.620+0000: 1787.158: [GC [PSYoungGen: 184119K->916K(180352K)] 461199K->278076K(867328K), 0.0061830 secs] [Times: user=0.03 sys=0.00, real=0.01 secs] 
2014-07-16T02:45:13.257+0000: 1787.796: [GC [PSYoungGen: 180308K->562K(176320K)] 457468K->277794K(863296K), 0.0065450 secs] [Times: user=0.04 sys=0.00, real=0.00 secs] 
2014-07-16T02:45:13.901+0000: 1788.439: [GC [PSYoungGen: 176283K->1236K(212224K)] 453515K->278564K(899200K), 0.0082280 secs] [Times: user=0.06 sys=0.00, real=0.01 secs] 
2014-07-16T02:45:14.764+0000: 1789.303: [GC [PSYoungGen: 212138K->1146K(207360K)] 489466K->278578K(894336K), 0.0055260 secs] [Times: user=0.03 sys=0.00, real=0.01 secs] 
2014-07-16T02:45:15.494+0000: 1790.033: [GC [PSYoungGen: 207354K->894K(202560K)] 484786K->278390K(889536K), 0.0071630 secs] [Times: user=0.04 sys=0.00, real=0.01 secs] 
2014-07-16T02:45:16.223+0000: 1790.762: [GC [PSYoungGen: 202558K->954K(198208K)] 480054K->278514K(885184K), 0.0088410 secs] [Times: user=0.04 sys=0.00, real=0.01 secs] 
2014-07-16T02:45:16.957+0000: 1791.496: [GC [PSYoungGen: 198202K->1332K(194368K)] 475762K->278972K(881344K), 0.0053960 secs] [Times: user=0.03 sys=0.00, real=0.00 secs] 
2014-07-16T02:45:17.677+0000: 1792.215: [GC [PSYoungGen: 194356K->702K(189632K)] 471996K->278510K(876608K), 0.0083890 secs] [Times: user=0.06 sys=0.01, real=0.00 secs] 
2014-07-16T02:45:18.354+0000: 1792.893: [GC [PSYoungGen: 189630K->812K(227584K)] 467438K->278692K(914560K), 0.0081920 secs] [Times: user=0.05 sys=0.00, real=0.01 secs] 
2014-07-16T02:45:19.171+0000: 1793.709: [GC [PSYoungGen: 227563K->1412K(222976K)] 505444K->279498K(909952K), 0.0038960 secs] [Times: user=0.02 sys=0.00, real=0.00 secs] 
2014-07-16T02:45:20.024+0000: 1794.563: [GC [PSYoungGen: 222885K->1086K(217536K)] 500972K->279244K(904512K), 0.0067240 secs] [Times: user=0.04 sys=0.00, real=0.01 secs] 
2014-07-16T02:45:20.827+0000: 1795.365: [GC [PSYoungGen: 217485K->694K(212224K)] 495643K->278900K(899200K), 0.0089900 secs] [Times: user=0.06 sys=0.00, real=0.01 secs] 
2014-07-16T02:45:21.584+0000: 1796.123: [GC [PSYoungGen: 212214K->930K(207744K)] 490420K->279184K(894720K), 0.0055750 secs] [Times: user=0.02 sys=0.00, real=0.01 secs] 
2014-07-16T02:45:22.334+0000: 1796.873: [GC [PSYoungGen: 207714K->1528K(203776K)] 485968K->279862K(890752K), 0.0056200 secs] [Times: user=0.04 sys=0.01, real=0.01 secs] 
2014-07-16T02:45:23.075+0000: 1797.613: [GC [PSYoungGen: 203761K->1432K(242688K)] 482096K->279830K(929664K), 0.0174160 secs] [Times: user=0.10 sys=0.00, real=0.02 secs] 
2014-07-16T02:45:23.949+0000: 1798.488: [GC [PSYoungGen: 242392K->772K(244480K)] 520790K->279250K(931456K), 0.0036220 secs] [Times: user=0.02 sys=0.00, real=0.00 secs] 
2014-07-16T02:45:24.875+0000: 1799.413: [GC [PSYoungGen: 243460K->680K(237568K)] 521938K->279230K(924544K), 0.0059930 secs] [Times: user=0.04 sys=0.00, real=0.01 secs] 
2014-07-16T02:45:25.706+0000: 1800.245: [GC [PSYoungGen: 237544K->762K(232000K)] 516094K->279416K(918976K), 0.0038730 secs] [Times: user=0.03 sys=0.00, real=0.01 secs] 
2014-07-16T02:45:26.544+0000: 1801.083: [GC [PSYoungGen: 231994K->466K(226304K)] 510648K->279208K(913280K), 0.0072160 secs] [Times: user=0.05 sys=0.00, real=0.01 secs] 
2014-07-16T02:45:27.383+0000: 1801.922: [GC [PSYoungGen: 226247K->1042K(221632K)] 504989K->279864K(908608K), 0.0062720 secs] [Times: user=0.04 sys=0.00, real=0.01 secs] 
2014-07-16T02:45:28.213+0000: 1802.751: [GC [PSYoungGen: 221535K->1458K(216960K)] 500357K->280344K(903936K), 0.0033650 secs] [Times: user=0.01 sys=0.00, real=0.00 secs] 
2014-07-16T02:45:28.982+0000: 1803.520: [GC [PSYoungGen: 216946K->594K(211264K)] 495832K->279576K(898240K), 0.0065540 secs] [Times: user=0.04 sys=0.00, real=0.01 secs] 
2014-07-16T02:45:29.829+0000: 1804.367: [GC [PSYoungGen: 211218K->1476K(207424K)] 490200K->280570K(894400K), 0.0074740 secs] [Times: user=0.05 sys=0.00, real=0.00 secs] 
2014-07-16T02:45:30.517+0000: 1805.056: [GC [PSYoungGen: 207292K->680K(202048K)] 486386K->279862K(889024K), 0.0067340 secs] [Times: user=0.05 sys=0.00, real=0.01 secs] 
2014-07-16T02:45:31.264+0000: 1805.803: [GC [PSYoungGen: 202024K->1110K(198144K)] 481206K->280356K(885120K), 0.0049100 secs] [Times: user=0.02 sys=0.01, real=0.01 secs] 
2014-07-16T02:45:31.957+0000: 1806.496: [GC [PSYoungGen: 198085K->616K(193408K)] 477331K->279926K(880384K), 0.0053920 secs] [Times: user=0.03 sys=0.00, real=0.01 secs] 
2014-07-16T02:45:32.675+0000: 1807.214: [GC [PSYoungGen: 193374K->1158K(189888K)] 472684K->280540K(876864K), 0.0098490 secs] [Times: user=0.06 sys=0.00, real=0.01 secs] 
2014-07-16T02:45:33.344+0000: 1807.882: [GC [PSYoungGen: 189809K->658K(185408K)] 469192K->280136K(872384K), 0.0061260 secs] [Times: user=0.04 sys=0.01, real=0.01 secs] 
2014-07-16T02:45:34.018+0000: 1808.557: [GC [PSYoungGen: 185362K->598K(222336K)] 464840K->280124K(909312K), 0.0188690 secs] [Times: user=0.10 sys=0.01, real=0.02 secs] 
2014-07-16T02:45:34.913+0000: 1809.451: [GC [PSYoungGen: 222270K->1136K(234112K)] 501796K->280750K(921088K), 0.0096820 secs] [Times: user=0.06 sys=0.00, real=0.01 secs] 
2014-07-16T02:45:35.752+0000: 1810.291: [GC [PSYoungGen: 233456K->1126K(234112K)] 513070K->280836K(921088K), 0.0080650 secs] [Times: user=0.05 sys=0.00, real=0.01 secs] 
2014-07-16T02:45:36.618+0000: 1811.157: [GC [PSYoungGen: 233446K->808K(280448K)] 513156K->280614K(967424K), 0.0049070 secs] [Times: user=0.02 sys=0.01, real=0.01 secs] 
2014-07-16T02:45:37.652+0000: 1812.191: [GC [PSYoungGen: 279592K->480K(272064K)] 559398K->280342K(959040K), 0.0057160 secs] [Times: user=0.04 sys=0.00, real=0.00 secs] 
2014-07-16T02:45:38.700+0000: 1813.238: [GC [PSYoungGen: 272030K->1172K(265856K)] 551893K->281138K(952832K), 0.0058400 secs] [Times: user=0.03 sys=0.00, real=0.00 secs] 
2014-07-16T02:45:39.729+0000: 1814.268: [GC [PSYoungGen: 265812K->1156K(259200K)] 545778K->281186K(946176K), 0.0083360 secs] [Times: user=0.05 sys=0.00, real=0.01 secs] 
2014-07-16T02:45:40.595+0000: 1815.134: [GC [PSYoungGen: 259108K->580K(252224K)] 539138K->280674K(939200K), 0.0059320 secs] [Times: user=0.04 sys=0.00, real=0.01 secs] 
2014-07-16T02:45:41.500+0000: 1816.039: [GC [PSYoungGen: 252164K->698K(246080K)] 532258K->280840K(933056K), 0.0074790 secs] [Times: user=0.04 sys=0.00, real=0.00 secs] 
2014-07-16T02:45:42.413+0000: 1816.952: [GC [PSYoungGen: 246074K->598K(240064K)] 526216K->280788K(927040K), 0.0084100 secs] [Times: user=0.05 sys=0.00, real=0.01 secs] 
2014-07-16T02:45:43.269+0000: 1817.808: [GC [PSYoungGen: 240022K->548K(234240K)] 520212K->280794K(921216K), 0.0056210 secs] [Times: user=0.02 sys=0.00, real=0.01 secs] 
2014-07-16T02:45:44.128+0000: 1818.667: [GC [PSYoungGen: 234174K->834K(229056K)] 514421K->281128K(916032K), 0.0062070 secs] [Times: user=0.04 sys=0.00, real=0.01 secs] 
2014-07-16T02:45:45.027+0000: 1819.566: [GC [PSYoungGen: 228992K->1022K(223872K)] 509286K->281420K(910848K), 0.0086810 secs] [Times: user=0.05 sys=0.00, real=0.01 secs] 
2014-07-16T02:45:45.792+0000: 1820.331: [GC [PSYoungGen: 223870K->790K(218560K)] 504268K->281276K(905536K), 0.0075730 secs] [Times: user=0.03 sys=0.00, real=0.00 secs] 
2014-07-16T02:45:46.577+0000: 1821.115: [GC [PSYoungGen: 218482K->1058K(213888K)] 498968K->281648K(900864K), 0.0059660 secs] [Times: user=0.04 sys=0.00, real=0.01 secs] 
2014-07-16T02:45:47.356+0000: 1821.895: [GC [PSYoungGen: 213858K->708K(208768K)] 494448K->281346K(895744K), 0.0093560 secs] [Times: user=0.05 sys=0.00, real=0.01 secs] 
2014-07-16T02:45:48.140+0000: 1822.679: [GC [PSYoungGen: 208666K->1308K(250944K)] 489305K->282002K(937920K), 0.0107130 secs] [Times: user=0.06 sys=0.00, real=0.01 secs] 
2014-07-16T02:45:49.093+0000: 1823.632: [GC [PSYoungGen: 250908K->876K(244416K)] 531602K->281642K(931392K), 0.0051140 secs] [Times: user=0.03 sys=0.00, real=0.00 secs] 
2014-07-16T02:45:50.065+0000: 1824.604: [GC [PSYoungGen: 244370K->1186K(238848K)] 525137K->282032K(925824K), 0.0064130 secs] [Times: user=0.04 sys=0.00, real=0.01 secs] 
2014-07-16T02:45:50.862+0000: 1825.400: [GC [PSYoungGen: 238818K->516K(232512K)] 519664K->281426K(919488K), 0.0047800 secs] [Times: user=0.03 sys=0.01, real=0.00 secs] 
2014-07-16T02:45:51.721+0000: 1826.260: [GC [PSYoungGen: 232450K->1098K(227648K)] 513360K->282072K(914624K), 0.0057710 secs] [Times: user=0.03 sys=0.00, real=0.00 secs] 
2014-07-16T02:45:52.541+0000: 1827.080: [GC [PSYoungGen: 227565K->1304K(222592K)] 508539K->282350K(909568K), 0.0059050 secs] [Times: user=0.04 sys=0.00, real=0.00 secs] 
2014-07-16T02:45:53.344+0000: 1827.883: [GC [PSYoungGen: 222552K->530K(216768K)] 503598K->281648K(903744K), 0.0116250 secs] [Times: user=0.07 sys=0.00, real=0.01 secs] 
2014-07-16T02:45:54.132+0000: 1828.671: [GC [PSYoungGen: 216722K->448K(259904K)] 497840K->281606K(946880K), 0.0114390 secs] [Times: user=0.08 sys=0.00, real=0.01 secs] 
2014-07-16T02:45:55.058+0000: 1829.597: [GC [PSYoungGen: 259904K->666K(253696K)] 541062K->281872K(940672K), 0.0070650 secs] [Times: user=0.05 sys=0.00, real=0.01 secs] 
2014-07-16T02:45:55.982+0000: 1830.521: [GC [PSYoungGen: 253586K->466K(247296K)] 534793K->281728K(934272K), 0.0060890 secs] [Times: user=0.04 sys=0.00, real=0.00 secs] 
2014-07-16T02:45:56.893+0000: 1831.431: [GC [PSYoungGen: 247211K->634K(241408K)] 528474K->281976K(928384K), 0.0050890 secs] [Times: user=0.03 sys=0.01, real=0.00 secs] 
2014-07-16T02:45:57.792+0000: 1832.331: [GC [PSYoungGen: 241393K->1208K(236224K)] 522736K->282606K(923200K), 0.0070710 secs] [Times: user=0.04 sys=0.00, real=0.00 secs] 
2014-07-16T02:45:58.650+0000: 1833.188: [GC [PSYoungGen: 236216K->1162K(230656K)] 517614K->282600K(917632K), 0.0105380 secs] [Times: user=0.07 sys=0.00, real=0.01 secs] 
2014-07-16T02:45:59.458+0000: 1833.996: [GC [PSYoungGen: 230602K->850K(224960K)] 512040K->282368K(911936K), 0.0073430 secs] [Times: user=0.05 sys=0.00, real=0.01 secs] 
2014-07-16T02:46:00.314+0000: 1834.853: [GC [PSYoungGen: 224914K->644K(219584K)] 506432K->282226K(906560K), 0.0080270 secs] [Times: user=0.04 sys=0.00, real=0.00 secs] 
2014-07-16T02:46:01.120+0000: 1835.659: [GC [PSYoungGen: 219524K->1564K(215488K)] 501106K->283326K(902464K), 0.0095400 secs] [Times: user=0.05 sys=0.00, real=0.01 secs] 
2014-07-16T02:46:01.871+0000: 1836.410: [GC [PSYoungGen: 215435K->1482K(258240K)] 497198K->283308K(945216K), 0.0123880 secs] [Times: user=0.07 sys=0.00, real=0.02 secs] 
2014-07-16T02:46:02.783+0000: 1837.321: [GC [PSYoungGen: 258155K->488K(250816K)] 539982K->282630K(937792K), 0.0035660 secs] [Times: user=0.02 sys=0.00, real=0.01 secs] 
2014-07-16T02:46:03.676+0000: 1838.214: [GC [PSYoungGen: 250774K->926K(245120K)] 532917K->283124K(932096K), 0.0072640 secs] [Times: user=0.04 sys=0.00, real=0.01 secs] 
2014-07-16T02:46:04.521+0000: 1839.060: [GC [PSYoungGen: 245086K->858K(239168K)] 527284K->283386K(926144K), 0.0075570 secs] [Times: user=0.05 sys=0.00, real=0.01 secs] 
2014-07-16T02:46:05.462+0000: 1840.001: [GC [PSYoungGen: 239097K->890K(233472K)] 521626K->283498K(920448K), 0.0072460 secs] [Times: user=0.05 sys=0.00, real=0.01 secs] 
2014-07-16T02:46:06.273+0000: 1840.812: [GC [PSYoungGen: 233466K->850K(227968K)] 516074K->283562K(914944K), 0.0051730 secs] [Times: user=0.04 sys=0.00, real=0.01 secs] 
2014-07-16T02:46:07.087+0000: 1841.626: [GC [PSYoungGen: 227922K->882K(222656K)] 510634K->283674K(909632K), 0.0058470 secs] [Times: user=0.03 sys=0.00, real=0.00 secs] 
2014-07-16T02:46:07.855+0000: 1842.394: [GC [PSYoungGen: 222634K->722K(217408K)] 505426K->283578K(904384K), 0.0094600 secs] [Times: user=0.05 sys=0.00, real=0.01 secs] 
2014-07-16T02:46:08.645+0000: 1843.183: [GC [PSYoungGen: 217362K->1522K(213248K)] 500218K->284450K(900224K), 0.0040790 secs] [Times: user=0.02 sys=0.00, real=0.00 secs] 
2014-07-16T02:46:09.412+0000: 1843.950: [GC [PSYoungGen: 213234K->826K(207808K)] 496162K->283882K(894784K), 0.0102590 secs] [Times: user=0.06 sys=0.00, real=0.01 secs] 
2014-07-16T02:46:10.229+0000: 1844.768: [GC [PSYoungGen: 207801K->1524K(203904K)] 490858K->284660K(890880K), 0.0077260 secs] [Times: user=0.04 sys=0.00, real=0.01 secs] 
2014-07-16T02:46:10.954+0000: 1845.492: [GC [PSYoungGen: 203867K->1004K(198976K)] 487003K->284278K(885952K), 0.0065880 secs] [Times: user=0.03 sys=0.00, real=0.01 secs] 
2014-07-16T02:46:11.626+0000: 1846.164: [GC [PSYoungGen: 198956K->694K(194368K)] 482230K->284016K(881344K), 0.0055330 secs] [Times: user=0.02 sys=0.00, real=0.00 secs] 
2014-07-16T02:46:12.336+0000: 1846.874: [GC [PSYoungGen: 194358K->876K(190464K)] 477680K->284246K(877440K), 0.0074570 secs] [Times: user=0.05 sys=0.00, real=0.00 secs] 
2014-07-16T02:46:12.984+0000: 1847.523: [GC [PSYoungGen: 190444K->972K(228544K)] 473814K->284398K(915520K), 0.0111280 secs] [Times: user=0.06 sys=0.00, real=0.02 secs] 
2014-07-16T02:46:13.778+0000: 1848.317: [GC [PSYoungGen: 228492K->1118K(252416K)] 511918K->284616K(939392K), 0.0074620 secs] [Times: user=0.04 sys=0.00, real=0.01 secs] 
2014-07-16T02:46:14.643+0000: 1849.181: [GC [PSYoungGen: 252062K->1100K(252544K)] 535560K->284678K(939520K), 0.0077720 secs] [Times: user=0.05 sys=0.00, real=0.01 secs] 
2014-07-16T02:46:15.644+0000: 1850.183: [GC [PSYoungGen: 252035K->872K(245696K)] 535614K->284530K(932672K), 0.0036410 secs] [Times: user=0.02 sys=0.00, real=0.01 secs] 
2014-07-16T02:46:16.507+0000: 1851.046: [GC [PSYoungGen: 245669K->940K(239808K)] 529327K->284694K(926784K), 0.0041140 secs] [Times: user=0.02 sys=0.00, real=0.00 secs] 
2014-07-16T02:46:17.329+0000: 1851.868: [GC [PSYoungGen: 239788K->1108K(234304K)] 523542K->284910K(921280K), 0.0067160 secs] [Times: user=0.04 sys=0.00, real=0.01 secs] 
2014-07-16T02:46:18.163+0000: 1852.702: [GC [PSYoungGen: 234260K->936K(228608K)] 518062K->284810K(915584K), 0.0066260 secs] [Times: user=0.04 sys=0.01, real=0.01 secs] 
2014-07-16T02:46:18.940+0000: 1853.478: [GC [PSYoungGen: 228584K->844K(223232K)] 512458K->284774K(910208K), 0.0073260 secs] [Times: user=0.05 sys=0.00, real=0.01 secs] 
2014-07-16T02:46:19.780+0000: 1854.319: [GC [PSYoungGen: 223180K->576K(217792K)] 507110K->284562K(904768K), 0.0083360 secs] [Times: user=0.05 sys=0.00, real=0.01 secs] 
2014-07-16T02:46:20.634+0000: 1855.173: [GC [PSYoungGen: 217792K->900K(213248K)] 501778K->284966K(900224K), 0.0088890 secs] [Times: user=0.05 sys=0.01, real=0.01 secs] 
2014-07-16T02:46:21.358+0000: 1855.897: [GC [PSYoungGen: 213188K->994K(208576K)] 497254K->285100K(895552K), 0.0047150 secs] [Times: user=0.02 sys=0.00, real=0.00 secs] 
2014-07-16T02:46:22.070+0000: 1856.609: [GC [PSYoungGen: 208544K->890K(203840K)] 492650K->285504K(890816K), 0.0077040 secs] [Times: user=0.04 sys=0.00, real=0.01 secs] 
2014-07-16T02:46:22.768+0000: 1857.306: [GC [PSYoungGen: 203834K->1126K(244736K)] 488448K->285796K(931712K), 0.0101310 secs] [Times: user=0.06 sys=0.01, real=0.01 secs] 
2014-07-16T02:46:23.630+0000: 1858.168: [GC [PSYoungGen: 244710K->900K(238656K)] 529380K->285782K(925632K), 0.0055900 secs] [Times: user=0.04 sys=0.00, real=0.00 secs] 
2014-07-16T02:46:24.420+0000: 1858.959: [GC [PSYoungGen: 238596K->762K(232768K)] 523478K->285708K(919744K), 0.0056130 secs] [Times: user=0.04 sys=0.00, real=0.00 secs] 
2014-07-16T02:46:25.237+0000: 1859.776: [GC [PSYoungGen: 232741K->1236K(227840K)] 517688K->286278K(914816K), 0.0042560 secs] [Times: user=0.02 sys=0.00, real=0.00 secs] 
2014-07-16T02:46:26.109+0000: 1860.647: [GC [PSYoungGen: 227796K->1118K(222464K)] 512838K->286208K(909440K), 0.0097760 secs] [Times: user=0.06 sys=0.01, real=0.01 secs] 
2014-07-16T02:46:26.848+0000: 1861.387: [GC [PSYoungGen: 222428K->698K(216960K)] 507518K->286188K(903936K), 0.0092850 secs] [Times: user=0.06 sys=0.00, real=0.01 secs] 
2014-07-16T02:46:27.622+0000: 1862.161: [GC [PSYoungGen: 216954K->994K(260544K)] 502444K->286524K(947520K), 0.0103080 secs] [Times: user=0.06 sys=0.01, real=0.01 secs] 
2014-07-16T02:46:28.560+0000: 1863.099: [GC [PSYoungGen: 260510K->1380K(254464K)] 546041K->287051K(941440K), 0.0040650 secs] [Times: user=0.02 sys=0.00, real=0.00 secs] 
2014-07-16T02:46:29.504+0000: 1864.042: [GC [PSYoungGen: 254433K->1546K(248448K)] 540104K->287321K(935424K), 0.0065500 secs] [Times: user=0.04 sys=0.00, real=0.01 secs] 
2014-07-16T02:46:30.352+0000: 1864.891: [GC [PSYoungGen: 248394K->256K(241088K)] 534169K->286724K(928064K), 0.0068530 secs] [Times: user=0.05 sys=0.00, real=0.01 secs] 
2014-07-16T02:46:31.270+0000: 1865.808: [GC [PSYoungGen: 241088K->998K(236096K)] 527556K->287522K(923072K), 0.0065580 secs] [Times: user=0.05 sys=0.00, real=0.00 secs] 
2014-07-16T02:46:32.087+0000: 1866.625: [GC [PSYoungGen: 236058K->918K(230464K)] 522582K->287770K(917440K), 0.0071870 secs] [Times: user=0.04 sys=0.00, real=0.01 secs] 
2014-07-16T02:46:32.858+0000: 1867.397: [GC [PSYoungGen: 230422K->1126K(225280K)] 517274K->288042K(912256K), 0.0034270 secs] [Times: user=0.02 sys=0.00, real=0.00 secs] 
2014-07-16T02:46:33.622+0000: 1868.161: [GC [PSYoungGen: 225254K->708K(219712K)] 512170K->287712K(906688K), 0.0030400 secs] [Times: user=0.01 sys=0.00, real=0.00 secs] 
2014-07-16T02:46:34.371+0000: 1868.910: [GC [PSYoungGen: 219652K->708K(214720K)] 506656K->287808K(901696K), 0.0057440 secs] [Times: user=0.03 sys=0.00, real=0.00 secs] 
2014-07-16T02:46:35.092+0000: 1869.631: [GC [PSYoungGen: 214617K->1586K(210752K)] 501718K->288934K(897728K), 0.0063560 secs] [Times: user=0.02 sys=0.00, real=0.01 secs] 
2014-07-16T02:46:35.875+0000: 1870.414: [GC [PSYoungGen: 210738K->1000K(205504K)] 498086K->288436K(892480K), 0.0035390 secs] [Times: user=0.02 sys=0.01, real=0.01 secs] 
2014-07-16T02:46:36.569+0000: 1871.108: [GC [PSYoungGen: 205480K->690K(200704K)] 492916K->288214K(887680K), 0.0076460 secs] [Times: user=0.04 sys=0.00, real=0.00 secs] 
2014-07-16T02:46:37.268+0000: 1871.807: [GC [PSYoungGen: 200690K->872K(196544K)] 488214K->288492K(883520K), 0.0046750 secs] [Times: user=0.03 sys=0.00, real=0.00 secs] 
2014-07-16T02:46:37.921+0000: 1872.459: [GC [PSYoungGen: 196520K->722K(192256K)] 484140K->288406K(879232K), 0.0046980 secs] [Times: user=0.02 sys=0.00, real=0.00 secs] 
2014-07-16T02:46:38.598+0000: 1873.137: [GC [PSYoungGen: 192113K->1058K(188544K)] 479798K->288806K(875520K), 0.0073630 secs] [Times: user=0.04 sys=0.01, real=0.00 secs] 
2014-07-16T02:46:39.302+0000: 1873.840: [GC [PSYoungGen: 188503K->936K(184512K)] 476252K->288756K(871488K), 0.0037060 secs] [Times: user=0.02 sys=0.00, real=0.00 secs] 
2014-07-16T02:46:40.042+0000: 1874.581: [GC [PSYoungGen: 184488K->1072K(180864K)] 472308K->288956K(867840K), 0.0087370 secs] [Times: user=0.05 sys=0.00, real=0.01 secs] 
2014-07-16T02:46:40.794+0000: 1875.333: [GC [PSYoungGen: 180848K->996K(177152K)] 468732K->288976K(864128K), 0.0036740 secs] [Times: user=0.02 sys=0.00, real=0.00 secs] 
2014-07-16T02:46:41.361+0000: 1875.900: [GC [PSYoungGen: 177124K->672K(173312K)] 465104K->288732K(860288K), 0.0072310 secs] [Times: user=0.03 sys=0.00, real=0.00 secs] 
2014-07-16T02:46:41.930+0000: 1876.468: [GC [PSYoungGen: 173279K->904K(170112K)] 461340K->289044K(857088K), 0.0057270 secs] [Times: user=0.04 sys=0.00, real=0.00 secs] 
2014-07-16T02:46:42.542+0000: 1877.080: [GC [PSYoungGen: 170056K->658K(166528K)] 458196K->288854K(853504K), 0.0038930 secs] [Times: user=0.02 sys=0.00, real=0.00 secs] 
2014-07-16T02:46:43.109+0000: 1877.648: [GC [PSYoungGen: 166482K->818K(199872K)] 454678K->289078K(886848K), 0.0092640 secs] [Times: user=0.05 sys=0.00, real=0.00 secs] 
2014-07-16T02:46:43.838+0000: 1878.377: [GC [PSYoungGen: 199856K->1444K(196224K)] 488117K->289816K(883200K), 0.0049180 secs] [Times: user=0.03 sys=0.00, real=0.01 secs] 
2014-07-16T02:46:44.501+0000: 1879.039: [GC [PSYoungGen: 196196K->694K(191296K)] 484568K->289410K(878272K), 0.0077520 secs] [Times: user=0.05 sys=0.00, real=0.00 secs] 
2014-07-16T02:46:45.191+0000: 1879.730: [GC [PSYoungGen: 191286K->1000K(187584K)] 480002K->289796K(874560K), 0.0042830 secs] [Times: user=0.02 sys=0.00, real=0.00 secs] 
2014-07-16T02:46:46.000+0000: 1880.539: [GC [PSYoungGen: 187512K->954K(183616K)] 476308K->289946K(870592K), 0.0031820 secs] [Times: user=0.02 sys=0.00, real=0.00 secs] 
2014-07-16T02:46:46.605+0000: 1881.143: [GC [PSYoungGen: 183610K->576K(219776K)] 472602K->289624K(906752K), 0.0145130 secs] [Times: user=0.09 sys=0.00, real=0.01 secs] 
2014-07-16T02:46:47.359+0000: 1881.897: [GC [PSYoungGen: 219776K->1144K(215360K)] 508824K->290248K(902336K), 0.0037310 secs] [Times: user=0.02 sys=0.00, real=0.01 secs] 
2014-07-16T02:46:48.105+0000: 1882.644: [GC [PSYoungGen: 215352K->1100K(210560K)] 504456K->290292K(897536K), 0.0034810 secs] [Times: user=0.02 sys=0.00, real=0.00 secs] 
2014-07-16T02:46:48.827+0000: 1883.365: [GC [PSYoungGen: 210508K->812K(205568K)] 499700K->290222K(892544K), 0.0060980 secs] [Times: user=0.03 sys=0.00, real=0.01 secs] 
2014-07-16T02:46:49.550+0000: 1884.089: [GC [PSYoungGen: 205548K->530K(200832K)] 494958K->290004K(887808K), 0.0054360 secs] [Times: user=0.03 sys=0.00, real=0.00 secs] 
2014-07-16T02:46:50.373+0000: 1884.912: [GC [PSYoungGen: 200786K->1172K(197120K)] 490260K->290718K(884096K), 0.0050110 secs] [Times: user=0.03 sys=0.01, real=0.00 secs] 
2014-07-16T02:46:51.152+0000: 1885.690: [GC [PSYoungGen: 197076K->1208K(192896K)] 486622K->290826K(879872K), 0.0075370 secs] [Times: user=0.05 sys=0.00, real=0.00 secs] 
2014-07-16T02:46:51.789+0000: 1886.328: [GC [PSYoungGen: 192888K->608K(188288K)] 482506K->290306K(875264K), 0.0040320 secs] [Times: user=0.02 sys=0.01, real=0.01 secs] 
2014-07-16T02:46:52.426+0000: 1886.965: [GC [PSYoungGen: 188230K->762K(184512K)] 477928K->290516K(871488K), 0.0083510 secs] [Times: user=0.05 sys=0.01, real=0.01 secs] 
2014-07-16T02:46:53.029+0000: 1887.567: [GC [PSYoungGen: 184500K->726K(180736K)] 474255K->290576K(867712K), 0.0056370 secs] [Times: user=0.03 sys=0.00, real=0.01 secs] 
2014-07-16T02:46:53.670+0000: 1888.208: [GC [PSYoungGen: 180694K->1394K(177728K)] 470544K->291300K(864704K), 0.0064430 secs] [Times: user=0.04 sys=0.01, real=0.01 secs] 
2014-07-16T02:46:54.311+0000: 1888.850: [GC [PSYoungGen: 177714K->822K(212416K)] 467620K->290800K(899392K), 0.0115020 secs] [Times: user=0.07 sys=0.00, real=0.01 secs] 
2014-07-16T02:46:55.032+0000: 1889.570: [GC [PSYoungGen: 212406K->1238K(255232K)] 502384K->291296K(942208K), 0.0069490 secs] [Times: user=0.04 sys=0.00, real=0.00 secs] 
2014-07-16T02:46:55.988+0000: 1890.527: [GC [PSYoungGen: 255190K->1142K(248832K)] 545248K->291496K(935808K), 0.0061230 secs] [Times: user=0.03 sys=0.00, real=0.01 secs] 
2014-07-16T02:46:56.828+0000: 1891.367: [GC [PSYoungGen: 248822K->908K(242624K)] 539176K->291358K(929600K), 0.0037580 secs] [Times: user=0.01 sys=0.01, real=0.01 secs] 
2014-07-16T02:46:57.680+0000: 1892.219: [GC [PSYoungGen: 242532K->1054K(236928K)] 532983K->291584K(923904K), 0.0069450 secs] [Times: user=0.05 sys=0.00, real=0.01 secs] 
2014-07-16T02:46:58.492+0000: 1893.031: [GC [PSYoungGen: 236894K->862K(231104K)] 527424K->291456K(918080K), 0.0085270 secs] [Times: user=0.04 sys=0.00, real=0.00 secs] 
2014-07-16T02:46:59.323+0000: 1893.862: [GC [PSYoungGen: 231040K->876K(225728K)] 521635K->291534K(912704K), 0.0038250 secs] [Times: user=0.02 sys=0.00, real=0.00 secs] 
2014-07-16T02:47:00.095+0000: 1894.634: [GC [PSYoungGen: 225677K->1382K(221056K)] 516336K->292120K(908032K), 0.0041290 secs] [Times: user=0.02 sys=0.00, real=0.00 secs] 
2014-07-16T02:47:00.901+0000: 1895.440: [GC [PSYoungGen: 221030K->948K(215616K)] 511768K->291818K(902592K), 0.0094260 secs] [Times: user=0.04 sys=0.00, real=0.01 secs] 
2014-07-16T02:47:01.690+0000: 1896.228: [GC [PSYoungGen: 215604K->676K(210496K)] 506474K->291602K(897472K), 0.0072950 secs] [Times: user=0.04 sys=0.00, real=0.01 secs] 
2014-07-16T02:47:02.408+0000: 1896.947: [GC [PSYoungGen: 210468K->1658K(206784K)] 501394K->292698K(893760K), 0.0045650 secs] [Times: user=0.03 sys=0.00, real=0.01 secs] 
2014-07-16T02:47:03.097+0000: 1897.635: [GC [PSYoungGen: 206778K->1458K(202048K)] 497818K->292594K(889024K), 0.0055580 secs] [Times: user=0.02 sys=0.00, real=0.01 secs] 
2014-07-16T02:47:03.782+0000: 1898.320: [GC [PSYoungGen: 202034K->630K(196864K)] 493170K->291920K(883840K), 0.0065180 secs] [Times: user=0.05 sys=0.00, real=0.01 secs] 
2014-07-16T02:47:04.451+0000: 1898.990: [GC [PSYoungGen: 196854K->658K(192704K)] 488144K->292028K(879680K), 0.0074110 secs] [Times: user=0.05 sys=0.00, real=0.01 secs] 
2014-07-16T02:47:05.109+0000: 1899.648: [GC [PSYoungGen: 192658K->1132K(189056K)] 484028K->292574K(876032K), 0.0064820 secs] [Times: user=0.04 sys=0.00, real=0.01 secs] 
2014-07-16T02:47:05.751+0000: 1900.290: [GC [PSYoungGen: 189036K->1144K(185152K)] 480478K->292650K(872128K), 0.0069900 secs] [Times: user=0.05 sys=0.00, real=0.01 secs] 
2014-07-16T02:47:06.479+0000: 1901.017: [GC [PSYoungGen: 185140K->1400K(181632K)] 476646K->292986K(868608K), 0.0078530 secs] [Times: user=0.05 sys=0.00, real=0.01 secs] 
2014-07-16T02:47:07.103+0000: 1901.642: [GC [PSYoungGen: 181581K->790K(177408K)] 473168K->292464K(864384K), 0.0066320 secs] [Times: user=0.03 sys=0.00, real=0.00 secs] 
2014-07-16T02:47:07.706+0000: 1902.245: [GC [PSYoungGen: 177352K->868K(173888K)] 469027K->292622K(860864K), 0.0050730 secs] [Times: user=0.03 sys=0.00, real=0.00 secs] 
2014-07-16T02:47:08.308+0000: 1902.846: [GC [PSYoungGen: 173860K->1714K(209344K)] 465614K->293532K(896320K), 0.0084440 secs] [Times: user=0.05 sys=0.00, real=0.01 secs] 
2014-07-16T02:47:09.037+0000: 1903.576: [GC [PSYoungGen: 209330K->1022K(250176K)] 501148K->293048K(937152K), 0.0074700 secs] [Times: user=0.05 sys=0.00, real=0.01 secs] 
2014-07-16T02:47:09.880+0000: 1904.419: [GC [PSYoungGen: 250167K->1488K(244608K)] 542194K->293546K(931584K), 0.0078450 secs] [Times: user=0.03 sys=0.01, real=0.01 secs] 
2014-07-16T02:47:10.813+0000: 1905.352: [GC [PSYoungGen: 244482K->1128K(238336K)] 536540K->293258K(925312K), 0.0053420 secs] [Times: user=0.03 sys=0.00, real=0.00 secs] 
2014-07-16T02:47:11.733+0000: 1906.272: [GC [PSYoungGen: 238312K->608K(232192K)] 530442K->292818K(919168K), 0.0050400 secs] [Times: user=0.03 sys=0.00, real=0.01 secs] 
2014-07-16T02:47:12.524+0000: 1907.062: [GC [PSYoungGen: 232159K->658K(226816K)] 524369K->292932K(913792K), 0.0075240 secs] [Times: user=0.04 sys=0.00, real=0.01 secs] 
2014-07-16T02:47:13.306+0000: 1907.845: [GC [PSYoungGen: 226770K->940K(221824K)] 519044K->293294K(908800K), 0.0062580 secs] [Times: user=0.04 sys=0.00, real=0.00 secs] 
2014-07-16T02:47:14.055+0000: 1908.593: [GC [PSYoungGen: 221804K->1452K(217280K)] 514158K->293862K(904256K), 0.0047720 secs] [Times: user=0.02 sys=0.00, real=0.00 secs] 
2014-07-16T02:47:14.781+0000: 1909.320: [GC [PSYoungGen: 217260K->918K(211904K)] 509670K->293416K(898880K), 0.0072250 secs] [Times: user=0.05 sys=0.00, real=0.01 secs] 
2014-07-16T02:47:15.543+0000: 1910.082: [GC [PSYoungGen: 211862K->832K(207040K)] 504360K->293418K(894016K), 0.0079880 secs] [Times: user=0.05 sys=0.00, real=0.01 secs] 
2014-07-16T02:47:16.372+0000: 1910.910: [GC [PSYoungGen: 207003K->986K(202688K)] 499590K->293660K(889664K), 0.0063440 secs] [Times: user=0.04 sys=0.00, real=0.01 secs] 
2014-07-16T02:47:17.075+0000: 1911.613: [GC [PSYoungGen: 202618K->940K(198208K)] 495293K->293678K(885184K), 0.0051610 secs] [Times: user=0.04 sys=0.00, real=0.00 secs] 
2014-07-16T02:47:17.751+0000: 1912.290: [GC [PSYoungGen: 198171K->900K(237696K)] 490910K->293726K(924672K), 0.0115340 secs] [Times: user=0.08 sys=0.01, real=0.01 secs] 
2014-07-16T02:47:18.563+0000: 1913.102: [GC [PSYoungGen: 237586K->1408K(249792K)] 530413K->294282K(936768K), 0.0116120 secs] [Times: user=0.08 sys=0.00, real=0.01 secs] 
2014-07-16T02:47:19.458+0000: 1913.997: [GC [PSYoungGen: 249600K->1254K(249984K)] 542474K->294176K(936960K), 0.0092330 secs] [Times: user=0.06 sys=0.01, real=0.01 secs] 
2014-07-16T02:47:20.336+0000: 1914.875: [GC [PSYoungGen: 249446K->1232K(299648K)] 542368K->294234K(986624K), 0.0068950 secs] [Times: user=0.03 sys=0.00, real=0.00 secs] 
2014-07-16T02:47:21.577+0000: 1916.116: [GC [PSYoungGen: 299088K->1318K(291264K)] 592090K->294400K(978240K), 0.0060550 secs] [Times: user=0.04 sys=0.01, real=0.00 secs] 
2014-07-16T02:47:22.570+0000: 1917.109: [GC [PSYoungGen: 291238K->498K(282816K)] 584320K->294046K(969792K), 0.0084750 secs] [Times: user=0.03 sys=0.00, real=0.01 secs] 
2014-07-16T02:47:23.533+0000: 1918.072: [GC [PSYoungGen: 282802K->1328K(276288K)] 576350K->294932K(963264K), 0.0057910 secs] [Times: user=0.02 sys=0.01, real=0.01 secs] 
2014-07-16T02:47:24.513+0000: 1919.052: [GC [PSYoungGen: 276272K->914K(268864K)] 569876K->294730K(955840K), 0.0085700 secs] [Times: user=0.05 sys=0.00, real=0.01 secs] 
2014-07-16T02:47:25.425+0000: 1919.964: [GC [PSYoungGen: 268818K->736K(261888K)] 562634K->294632K(948864K), 0.0075790 secs] [Times: user=0.05 sys=0.01, real=0.01 secs] 
2014-07-16T02:47:26.409+0000: 1920.948: [GC [PSYoungGen: 261856K->1042K(255680K)] 555752K->295018K(942656K), 0.0056550 secs] [Times: user=0.03 sys=0.00, real=0.00 secs] 
2014-07-16T02:47:27.268+0000: 1921.806: [GC [PSYoungGen: 255608K->676K(249024K)] 549585K->294740K(936000K), 0.0062370 secs] [Times: user=0.03 sys=0.00, real=0.00 secs] 
2014-07-16T02:47:28.111+0000: 1922.650: [GC [PSYoungGen: 248996K->978K(243264K)] 543060K->295090K(930240K), 0.0150090 secs] [Times: user=0.09 sys=0.00, real=0.02 secs] 
2014-07-16T02:47:28.976+0000: 1923.515: [GC [PSYoungGen: 243218K->1018K(237440K)] 537330K->295234K(924416K), 0.0041260 secs] [Times: user=0.02 sys=0.00, real=0.00 secs] 
2014-07-16T02:47:29.799+0000: 1924.338: [GC [PSYoungGen: 237434K->918K(231744K)] 531650K->295198K(918720K), 0.0031830 secs] [Times: user=0.02 sys=0.00, real=0.00 secs] 
2014-07-16T02:47:30.595+0000: 1925.133: [GC [PSYoungGen: 231702K->836K(226240K)] 525982K->295172K(913216K), 0.0101270 secs] [Times: user=0.05 sys=0.00, real=0.01 secs] 
2014-07-16T02:47:31.525+0000: 1926.064: [GC [PSYoungGen: 226180K->1250K(221376K)] 520516K->295794K(908352K), 0.0058210 secs] [Times: user=0.04 sys=0.00, real=0.01 secs] 
2014-07-16T02:47:32.344+0000: 1926.883: [GC [PSYoungGen: 221346K->836K(215936K)] 515890K->295468K(902912K), 0.0065120 secs] [Times: user=0.04 sys=0.00, real=0.01 secs] 
2014-07-16T02:47:33.115+0000: 1927.654: [GC [PSYoungGen: 215876K->826K(211008K)] 510508K->295506K(897984K), 0.0052310 secs] [Times: user=0.02 sys=0.01, real=0.01 secs] 
2014-07-16T02:47:33.895+0000: 1928.434: [GC [PSYoungGen: 211002K->1254K(206784K)] 505682K->296022K(893760K), 0.0060080 secs] [Times: user=0.03 sys=0.00, real=0.01 secs] 
2014-07-16T02:47:34.596+0000: 1929.135: [GC [PSYoungGen: 206758K->818K(201792K)] 501526K->295682K(888768K), 0.0094890 secs] [Times: user=0.06 sys=0.00, real=0.01 secs] 
2014-07-16T02:47:35.290+0000: 1929.829: [GC [PSYoungGen: 201738K->908K(197568K)] 496603K->295852K(884544K), 0.0064820 secs] [Times: user=0.03 sys=0.00, real=0.00 secs] 
2014-07-16T02:47:35.955+0000: 1930.494: [GC [PSYoungGen: 197483K->776K(193216K)] 492428K->295776K(880192K), 0.0065350 secs] [Times: user=0.04 sys=0.00, real=0.01 secs] 
2014-07-16T02:47:36.744+0000: 1931.282: [GC [PSYoungGen: 193160K->1310K(189632K)] 488160K->296390K(876608K), 0.0051720 secs] [Times: user=0.03 sys=0.00, real=0.01 secs] 
2014-07-16T02:47:37.370+0000: 1931.908: [GC [PSYoungGen: 189598K->948K(185280K)] 484678K->296433K(872256K), 0.0056020 secs] [Times: user=0.04 sys=0.00, real=0.00 secs] 
2014-07-16T02:47:37.974+0000: 1932.512: [GC [PSYoungGen: 185268K->740K(181248K)] 480753K->296296K(868224K), 0.0033310 secs] [Times: user=0.02 sys=0.00, real=0.01 secs] 
2014-07-16T02:47:38.603+0000: 1933.142: [GC [PSYoungGen: 181172K->1090K(177920K)] 476729K->296735K(864896K), 0.0085470 secs] [Times: user=0.06 sys=0.00, real=0.01 secs] 
2014-07-16T02:47:39.235+0000: 1933.774: [GC [PSYoungGen: 177858K->1030K(213248K)] 473503K->296731K(900224K), 0.0109250 secs] [Times: user=0.06 sys=0.00, real=0.01 secs] 
2014-07-16T02:47:39.980+0000: 1934.518: [GC [PSYoungGen: 213190K->1136K(255744K)] 508891K->296901K(942720K), 0.0070880 secs] [Times: user=0.05 sys=0.00, real=0.00 secs] 
2014-07-16T02:47:40.866+0000: 1935.405: [GC [PSYoungGen: 255682K->1450K(249792K)] 551447K->297287K(936768K), 0.0049340 secs] [Times: user=0.03 sys=0.00, real=0.01 secs] 
2014-07-16T02:47:41.881+0000: 1936.420: [GC [PSYoungGen: 249770K->612K(242880K)] 545607K->296640K(929856K), 0.0054210 secs] [Times: user=0.04 sys=0.00, real=0.00 secs] 
2014-07-16T02:47:42.773+0000: 1937.311: [GC [PSYoungGen: 242821K->940K(237376K)] 538850K->297032K(924352K), 0.0076710 secs] [Times: user=0.05 sys=0.00, real=0.01 secs] 
2014-07-16T02:47:43.578+0000: 1938.117: [GC [PSYoungGen: 237352K->794K(231616K)] 533445K->297091K(918592K), 0.0053970 secs] [Times: user=0.03 sys=0.00, real=0.00 secs] 
2014-07-16T02:47:44.365+0000: 1938.904: [GC [PSYoungGen: 231578K->480K(225856K)] 527875K->296848K(912832K), 0.0064180 secs] [Times: user=0.04 sys=0.00, real=0.01 secs] 
2014-07-16T02:47:45.136+0000: 1939.675: [GC [PSYoungGen: 225797K->1114K(221248K)] 522166K->297546K(908224K), 0.0086240 secs] [Times: user=0.04 sys=0.00, real=0.01 secs] 
2014-07-16T02:47:45.871+0000: 1940.410: [GC [PSYoungGen: 221168K->1014K(265152K)] 517601K->297510K(952128K), 0.0113970 secs] [Times: user=0.08 sys=0.00, real=0.01 secs] 
2014-07-16T02:47:46.926+0000: 1941.465: [GC [PSYoungGen: 265142K->1214K(258688K)] 561638K->297849K(945664K), 0.0081170 secs] [Times: user=0.05 sys=0.00, real=0.01 secs] 
2014-07-16T02:47:47.818+0000: 1942.357: [GC [PSYoungGen: 258686K->986K(252096K)] 555321K->297693K(939072K), 0.0053730 secs] [Times: user=0.03 sys=0.00, real=0.01 secs] 
2014-07-16T02:47:48.662+0000: 1943.201: [GC [PSYoungGen: 252030K->1082K(246016K)] 548737K->297869K(932992K), 0.0077410 secs] [Times: user=0.05 sys=0.00, real=0.01 secs] 
2014-07-16T02:47:49.515+0000: 1944.054: [GC [PSYoungGen: 246010K->918K(239936K)] 542797K->297801K(926912K), 0.0057130 secs] [Times: user=0.04 sys=0.00, real=0.01 secs] 
2014-07-16T02:47:50.347+0000: 1944.885: [GC [PSYoungGen: 239853K->1080K(234368K)] 536736K->298003K(921344K), 0.0042830 secs] [Times: user=0.03 sys=0.00, real=0.01 secs] 
2014-07-16T02:47:51.188+0000: 1945.726: [GC [PSYoungGen: 234359K->1274K(229056K)] 531282K->298293K(916032K), 0.0042810 secs] [Times: user=0.02 sys=0.00, real=0.01 secs] 
2014-07-16T02:47:52.098+0000: 1946.637: [GC [PSYoungGen: 229050K->762K(223232K)] 526069K->298183K(910208K), 0.0055100 secs] [Times: user=0.04 sys=0.00, real=0.01 secs] 
2014-07-16T02:47:52.983+0000: 1947.522: [GC [PSYoungGen: 223188K->1146K(218496K)] 520609K->298663K(905472K), 0.0059770 secs] [Times: user=0.04 sys=0.00, real=0.00 secs] 
2014-07-16T02:47:53.760+0000: 1948.298: [GC [PSYoungGen: 218487K->772K(213248K)] 516004K->298559K(900224K), 0.0052750 secs] [Times: user=0.02 sys=0.01, real=0.01 secs] 
2014-07-16T02:47:54.604+0000: 1949.142: [GC [PSYoungGen: 213188K->1182K(208896K)] 510975K->299049K(895872K), 0.0078680 secs] [Times: user=0.03 sys=0.00, real=0.01 secs] 
2014-07-16T02:47:55.334+0000: 1949.873: [GC [PSYoungGen: 208797K->1068K(204160K)] 506664K->299031K(891136K), 0.0125970 secs] [Times: user=0.07 sys=0.00, real=0.01 secs] 
2014-07-16T02:47:56.095+0000: 1950.634: [GC [PSYoungGen: 204140K->640K(199296K)] 502103K->298691K(886272K), 0.0057590 secs] [Times: user=0.03 sys=0.00, real=0.01 secs] 
2014-07-16T02:47:56.922+0000: 1951.461: [GC [PSYoungGen: 199296K->1092K(195520K)] 497347K->299231K(882496K), 0.0098460 secs] [Times: user=0.07 sys=0.00, real=0.01 secs] 
2014-07-16T02:47:57.688+0000: 1952.227: [GC [PSYoungGen: 195460K->1368K(234688K)] 493599K->299571K(921664K), 0.0099940 secs] [Times: user=0.07 sys=0.01, real=0.01 secs] 
2014-07-16T02:47:58.512+0000: 1953.050: [GC [PSYoungGen: 234648K->530K(228352K)] 532851K->298797K(915328K), 0.0072020 secs] [Times: user=0.06 sys=0.00, real=0.00 secs] 
2014-07-16T02:47:59.315+0000: 1953.854: [GC [PSYoungGen: 228306K->740K(223232K)] 526573K->299071K(910208K), 0.0054450 secs] [Times: user=0.02 sys=0.01, real=0.00 secs] 
2014-07-16T02:48:00.097+0000: 1954.636: [GC [PSYoungGen: 223173K->740K(218112K)] 521504K->299135K(905088K), 0.0061380 secs] [Times: user=0.04 sys=0.00, real=0.01 secs] 
2014-07-16T02:48:00.851+0000: 1955.390: [GC [PSYoungGen: 218038K->862K(213312K)] 516433K->299305K(900288K), 0.0058350 secs] [Times: user=0.03 sys=0.00, real=0.00 secs] 
2014-07-16T02:48:01.616+0000: 1956.154: [GC [PSYoungGen: 213278K->1132K(208832K)] 511721K->299655K(895808K), 0.0037080 secs] [Times: user=0.02 sys=0.00, real=0.00 secs] 
2014-07-16T02:48:02.383+0000: 1956.922: [GC [PSYoungGen: 208812K->1336K(204416K)] 507335K->299931K(891392K), 0.0103080 secs] [Times: user=0.05 sys=0.00, real=0.01 secs] 
2014-07-16T02:48:03.084+0000: 1957.622: [GC [PSYoungGen: 204408K->748K(199424K)] 503003K->299553K(886400K), 0.0069750 secs] [Times: user=0.04 sys=0.00, real=0.00 secs] 
2014-07-16T02:48:03.772+0000: 1958.310: [GC [PSYoungGen: 199404K->954K(195328K)] 498209K->299881K(882304K), 0.0077920 secs] [Times: user=0.05 sys=0.00, real=0.00 secs] 
2014-07-16T02:48:04.437+0000: 1958.975: [GC [PSYoungGen: 195314K->962K(234304K)] 494241K->300211K(921280K), 0.0080600 secs] [Times: user=0.05 sys=0.00, real=0.01 secs] 
2014-07-16T02:48:05.254+0000: 1959.793: [GC [PSYoungGen: 234242K->1068K(228864K)] 533491K->300421K(915840K), 0.0061640 secs] [Times: user=0.05 sys=0.00, real=0.00 secs] 
2014-07-16T02:48:06.051+0000: 1960.589: [GC [PSYoungGen: 228844K->1008K(223488K)] 528197K->300457K(910464K), 0.0041960 secs] [Times: user=0.02 sys=0.00, real=0.01 secs] 
2014-07-16T02:48:06.817+0000: 1961.356: [GC [PSYoungGen: 223454K->968K(218368K)] 522903K->300521K(905344K), 0.0063310 secs] [Times: user=0.03 sys=0.00, real=0.01 secs] 
2014-07-16T02:48:07.842+0000: 1962.381: [GC [PSYoungGen: 218310K->772K(213248K)] 517863K->300381K(900224K), 0.0043700 secs] [Times: user=0.03 sys=0.00, real=0.00 secs] 
2014-07-16T02:48:08.565+0000: 1963.104: [GC [PSYoungGen: 213188K->1228K(208960K)] 512797K->300909K(895936K), 0.0049890 secs] [Times: user=0.03 sys=0.00, real=0.00 secs] 
2014-07-16T02:48:09.269+0000: 1963.807: [GC [PSYoungGen: 208859K->780K(203904K)] 508540K->300525K(890880K), 0.0050850 secs] [Times: user=0.03 sys=0.00, real=0.01 secs] 
2014-07-16T02:48:09.962+0000: 1964.501: [GC [PSYoungGen: 203852K->762K(199424K)] 503597K->300579K(886400K), 0.0038720 secs] [Times: user=0.02 sys=0.01, real=0.00 secs] 
2014-07-16T02:48:10.660+0000: 1965.198: [GC [PSYoungGen: 199418K->936K(195328K)] 499235K->300865K(882304K), 0.0045320 secs] [Times: user=0.02 sys=0.01, real=0.01 secs] 
2014-07-16T02:48:11.332+0000: 1965.870: [GC [PSYoungGen: 195282K->1368K(191616K)] 495211K->301569K(878592K), 0.0106890 secs] [Times: user=0.07 sys=0.00, real=0.01 secs] 
2014-07-16T02:48:12.018+0000: 1966.556: [GC [PSYoungGen: 191576K->498K(186688K)] 491777K->300837K(873664K), 0.0037470 secs] [Times: user=0.02 sys=0.00, real=0.00 secs] 
2014-07-16T02:48:12.851+0000: 1967.389: [GC [PSYoungGen: 186674K->1040K(183360K)] 487013K->301443K(870336K), 0.0039030 secs] [Times: user=0.02 sys=0.00, real=0.01 secs] 
2014-07-16T02:48:13.443+0000: 1967.981: [GC [PSYoungGen: 183310K->1086K(179648K)] 483714K->301561K(866624K), 0.0096540 secs] [Times: user=0.07 sys=0.00, real=0.01 secs] 
2014-07-16T02:48:14.067+0000: 1968.606: [GC [PSYoungGen: 179646K->1004K(175936K)] 480121K->301575K(862912K), 0.0046170 secs] [Times: user=0.03 sys=0.00, real=0.00 secs] 
2014-07-16T02:48:14.677+0000: 1969.216: [GC [PSYoungGen: 175895K->958K(172352K)] 476466K->301625K(859328K), 0.0076920 secs] [Times: user=0.05 sys=0.00, real=0.01 secs] 
2014-07-16T02:48:15.261+0000: 1969.800: [GC [PSYoungGen: 172350K->794K(168832K)] 473017K->301541K(855808K), 0.0052200 secs] [Times: user=0.03 sys=0.00, real=0.01 secs] 
2014-07-16T02:48:15.832+0000: 1970.371: [GC [PSYoungGen: 168794K->1086K(165824K)] 469541K->301961K(852800K), 0.0066930 secs] [Times: user=0.04 sys=0.00, real=0.01 secs] 
2014-07-16T02:48:16.407+0000: 1970.946: [GC [PSYoungGen: 165822K->480K(198208K)] 466697K->301419K(885184K), 0.0064240 secs] [Times: user=0.04 sys=0.00, real=0.01 secs] 
2014-07-16T02:48:17.066+0000: 1971.604: [GC [PSYoungGen: 198176K->1382K(194816K)] 499115K->302393K(881792K), 0.0042730 secs] [Times: user=0.03 sys=0.00, real=0.00 secs] 
2014-07-16T02:48:17.854+0000: 1972.392: [GC [PSYoungGen: 194790K->1054K(190400K)] 495801K->302145K(877376K), 0.0067540 secs] [Times: user=0.05 sys=0.00, real=0.01 secs] 
2014-07-16T02:48:18.561+0000: 1973.099: [GC [PSYoungGen: 190358K->894K(186240K)] 491449K->302317K(873216K), 0.0049770 secs] [Times: user=0.03 sys=0.00, real=0.01 secs] 
2014-07-16T02:48:19.190+0000: 1973.729: [GC [PSYoungGen: 186236K->1108K(182656K)] 487660K->302603K(869632K), 0.0060420 secs] [Times: user=0.04 sys=0.00, real=0.01 secs] 
2014-07-16T02:48:19.822+0000: 1974.361: [GC [PSYoungGen: 182612K->644K(178496K)] 484107K->302303K(865472K), 0.0060190 secs] [Times: user=0.03 sys=0.00, real=0.01 secs] 
2014-07-16T02:48:20.473+0000: 1975.012: [GC [PSYoungGen: 178436K->886K(214272K)] 480095K->302609K(901248K), 0.0103860 secs] [Times: user=0.06 sys=0.00, real=0.01 secs] 
2014-07-16T02:48:21.180+0000: 1975.719: [GC [PSYoungGen: 214262K->922K(209536K)] 515985K->302709K(896512K), 0.0054810 secs] [Times: user=0.03 sys=0.00, real=0.01 secs] 
2014-07-16T02:48:21.944+0000: 1976.483: [GC [PSYoungGen: 209481K->1054K(205056K)] 511268K->302913K(892032K), 0.0072730 secs] [Times: user=0.05 sys=0.00, real=0.00 secs] 
2014-07-16T02:48:22.761+0000: 1977.299: [GC [PSYoungGen: 205022K->726K(200256K)] 506881K->302657K(887232K), 0.0063740 secs] [Times: user=0.03 sys=0.01, real=0.01 secs] 
2014-07-16T02:48:23.502+0000: 1978.041: [GC [PSYoungGen: 200214K->926K(196160K)] 502145K->302929K(883136K), 0.0084950 secs] [Times: user=0.04 sys=0.00, real=0.01 secs] 
2014-07-16T02:48:24.203+0000: 1978.741: [GC [PSYoungGen: 196124K->1172K(192256K)] 498128K->303263K(879232K), 0.0068180 secs] [Times: user=0.05 sys=0.00, real=0.01 secs] 
2014-07-16T02:48:24.845+0000: 1979.384: [GC [PSYoungGen: 192212K->740K(230016K)] 494303K->302879K(916992K), 0.0089000 secs] [Times: user=0.05 sys=0.01, real=0.01 secs] 
2014-07-16T02:48:25.666+0000: 1980.205: [GC [PSYoungGen: 229980K->826K(250752K)] 532119K->303037K(937728K), 0.0079510 secs] [Times: user=0.05 sys=0.00, real=0.00 secs] 
2014-07-16T02:48:26.532+0000: 1981.070: [GC [PSYoungGen: 250554K->530K(244160K)] 552765K->302797K(931136K), 0.0057180 secs] [Times: user=0.04 sys=0.00, real=0.01 secs] 
2014-07-16T02:48:27.546+0000: 1982.084: [GC [PSYoungGen: 244078K->940K(238656K)] 546346K->303409K(925632K), 0.0063120 secs] [Times: user=0.03 sys=0.00, real=0.00 secs] 
2014-07-16T02:48:28.314+0000: 1982.852: [GC [PSYoungGen: 238636K->576K(232576K)] 541105K->303117K(919552K), 0.0057370 secs] [Times: user=0.04 sys=0.00, real=0.01 secs] 
2014-07-16T02:48:29.075+0000: 1983.614: [GC [PSYoungGen: 232504K->1426K(228032K)] 535045K->304023K(915008K), 0.0055180 secs] [Times: user=0.03 sys=0.01, real=0.00 secs] 
2014-07-16T02:48:29.887+0000: 1984.426: [GC [PSYoungGen: 227977K->904K(222272K)] 530574K->303573K(909248K), 0.0077280 secs] [Times: user=0.05 sys=0.00, real=0.01 secs] 
2014-07-16T02:48:30.647+0000: 1985.185: [GC [PSYoungGen: 222216K->940K(217216K)] 524885K->303739K(904192K), 0.0039200 secs] [Times: user=0.02 sys=0.00, real=0.00 secs] 
2014-07-16T02:48:31.435+0000: 1985.974: [GC [PSYoungGen: 217196K->712K(212096K)] 519995K->303583K(899072K), 0.0080800 secs] [Times: user=0.05 sys=0.00, real=0.01 secs] 
2014-07-16T02:48:32.188+0000: 1986.726: [GC [PSYoungGen: 212040K->890K(207488K)] 514911K->303825K(894464K), 0.0042310 secs] [Times: user=0.02 sys=0.00, real=0.00 secs] 
2014-07-16T02:48:33.024+0000: 1987.563: [GC [PSYoungGen: 207482K->1026K(203136K)] 510417K->304025K(890112K), 0.0037330 secs] [Times: user=0.02 sys=0.00, real=0.01 secs] 
2014-07-16T02:48:33.775+0000: 1988.314: [GC [PSYoungGen: 203074K->844K(198528K)] 506073K->303891K(885504K), 0.0092990 secs] [Times: user=0.05 sys=0.01, real=0.01 secs] 
2014-07-16T02:48:34.495+0000: 1989.034: [GC [PSYoungGen: 198442K->1462K(194816K)] 501490K->304739K(881792K), 0.0057130 secs] [Times: user=0.03 sys=0.01, real=0.01 secs] 
2014-07-16T02:48:35.171+0000: 1989.710: [GC [PSYoungGen: 194775K->620K(189888K)] 498052K->304299K(876864K), 0.0035890 secs] [Times: user=0.02 sys=0.00, real=0.00 secs] 
2014-07-16T02:48:35.824+0000: 1990.363: [GC [PSYoungGen: 189819K->1244K(186560K)] 493498K->304971K(873536K), 0.0065220 secs] [Times: user=0.04 sys=0.00, real=0.01 secs] 
2014-07-16T02:48:36.521+0000: 1991.059: [GC [PSYoungGen: 186495K->1082K(182528K)] 490222K->305137K(869504K), 0.0066370 secs] [Times: user=0.05 sys=0.00, real=0.01 secs] 
2014-07-16T02:48:37.131+0000: 1991.670: [GC [PSYoungGen: 182504K->1268K(179008K)] 486559K->305387K(865984K), 0.0089700 secs] [Times: user=0.07 sys=0.00, real=0.01 secs] 
2014-07-16T02:48:37.843+0000: 1992.382: [GC [PSYoungGen: 178977K->888K(175040K)] 483096K->305623K(862016K), 0.0054490 secs] [Times: user=0.04 sys=0.00, real=0.01 secs] 
2014-07-16T02:48:38.414+0000: 1992.953: [GC [PSYoungGen: 175032K->1354K(172096K)] 479767K->306185K(859072K), 0.0071360 secs] [Times: user=0.04 sys=0.00, real=0.01 secs] 
2014-07-16T02:48:38.993+0000: 1993.532: [GC [PSYoungGen: 172042K->822K(205696K)] 476873K->305891K(892672K), 0.0068690 secs] [Times: user=0.04 sys=0.00, real=0.01 secs] 
2014-07-16T02:48:39.772+0000: 1994.311: [GC [PSYoungGen: 205686K->1200K(240576K)] 510755K->306373K(927552K), 0.0087450 secs] [Times: user=0.05 sys=0.00, real=0.01 secs] 
2014-07-16T02:48:40.625+0000: 1995.163: [GC [PSYoungGen: 239984K->1496K(234624K)] 545157K->306757K(921600K), 0.0056200 secs] [Times: user=0.03 sys=0.00, real=0.01 secs] 
2014-07-16T02:48:41.411+0000: 1995.950: [GC [PSYoungGen: 234557K->708K(228352K)] 539818K->306033K(915328K), 0.0075880 secs] [Times: user=0.04 sys=0.00, real=0.01 secs] 
2014-07-16T02:48:42.197+0000: 1996.736: [GC [PSYoungGen: 228262K->1444K(223744K)] 533588K->306841K(910720K), 0.0072620 secs] [Times: user=0.04 sys=0.00, real=0.00 secs] 
2014-07-16T02:48:43.088+0000: 1997.626: [GC [PSYoungGen: 223675K->1240K(218432K)] 529073K->306717K(905408K), 0.0042670 secs] [Times: user=0.02 sys=0.00, real=0.00 secs] 
2014-07-16T02:48:43.923+0000: 1998.462: [GC [PSYoungGen: 218392K->1140K(213376K)] 523869K->306681K(900352K), 0.0110310 secs] [Times: user=0.06 sys=0.01, real=0.01 secs] 
2014-07-16T02:48:44.634+0000: 1999.172: [GC [PSYoungGen: 213364K->658K(208192K)] 518905K->306271K(895168K), 0.0036880 secs] [Times: user=0.01 sys=0.00, real=0.00 secs] 
2014-07-16T02:48:45.360+0000: 1999.898: [GC [PSYoungGen: 208115K->1404K(204288K)] 513729K->307113K(891264K), 0.0055320 secs] [Times: user=0.03 sys=0.00, real=0.00 secs] 
2014-07-16T02:48:46.064+0000: 2000.603: [GC [PSYoungGen: 204281K->1022K(199488K)] 509990K->306787K(886464K), 0.0074700 secs] [Times: user=0.05 sys=0.00, real=0.01 secs] 
2014-07-16T02:48:46.738+0000: 2001.277: [GC [PSYoungGen: 199486K->768K(194944K)] 505251K->306613K(881920K), 0.0056130 secs] [Times: user=0.03 sys=0.00, real=0.00 secs] 
2014-07-16T02:48:47.396+0000: 2001.935: [GC [PSYoungGen: 194944K->908K(190976K)] 500789K->306849K(877952K), 0.0066300 secs] [Times: user=0.04 sys=0.00, real=0.01 secs] 
2014-07-16T02:48:48.164+0000: 2002.703: [GC [PSYoungGen: 190924K->1190K(187264K)] 496865K->307179K(874240K), 0.0059900 secs] [Times: user=0.03 sys=0.00, real=0.01 secs] 
2014-07-16T02:48:48.764+0000: 2003.303: [GC [PSYoungGen: 187223K->1036K(183296K)] 493213K->307113K(870272K), 0.0062680 secs] [Times: user=0.04 sys=0.00, real=0.01 secs] 
2014-07-16T02:48:49.393+0000: 2003.932: [GC [PSYoungGen: 183244K->530K(179072K)] 489321K->306663K(866048K), 0.0035570 secs] [Times: user=0.02 sys=0.00, real=0.00 secs] 
2014-07-16T02:48:50.020+0000: 2004.558: [GC [PSYoungGen: 179026K->914K(175808K)] 485159K->307119K(862784K), 0.0064400 secs] [Times: user=0.03 sys=0.00, real=0.00 secs] 
2014-07-16T02:48:50.614+0000: 2005.153: [GC [PSYoungGen: 175762K->776K(172160K)] 481967K->307045K(859136K), 0.0039640 secs] [Times: user=0.02 sys=0.01, real=0.00 secs] 
2014-07-16T02:48:51.225+0000: 2005.764: [GC [PSYoungGen: 172104K->1344K(169344K)] 478373K->307669K(856320K), 0.0097840 secs] [Times: user=0.05 sys=0.01, real=0.01 secs] 
2014-07-16T02:48:51.797+0000: 2006.336: [GC [PSYoungGen: 169280K->708K(165440K)] 475605K->307105K(852416K), 0.0060800 secs] [Times: user=0.04 sys=0.00, real=0.01 secs] 
2014-07-16T02:48:52.426+0000: 2006.965: [GC [PSYoungGen: 165379K->850K(162368K)] 471777K->307311K(849344K), 0.0044790 secs] [Times: user=0.02 sys=0.00, real=0.01 secs] 
2014-07-16T02:48:53.114+0000: 2007.653: [GC [PSYoungGen: 162322K->1640K(160064K)] 468783K->308181K(847040K), 0.0075950 secs] [Times: user=0.05 sys=0.00, real=0.01 secs] 
2014-07-16T02:48:53.679+0000: 2008.218: [GC [PSYoungGen: 160037K->940K(156352K)] 466578K->307545K(843328K), 0.0065730 secs] [Times: user=0.04 sys=0.01, real=0.00 secs] 
2014-07-16T02:48:54.235+0000: 2008.774: [GC [PSYoungGen: 156332K->768K(187264K)] 462937K->307437K(874240K), 0.0065130 secs] [Times: user=0.04 sys=0.00, real=0.01 secs] 
2014-07-16T02:48:54.868+0000: 2009.407: [GC [PSYoungGen: 187226K->868K(183488K)] 493896K->307641K(870464K), 0.0036460 secs] [Times: user=0.02 sys=0.01, real=0.01 secs] 
2014-07-16T02:48:55.524+0000: 2010.063: [GC [PSYoungGen: 183460K->872K(179712K)] 490233K->307701K(866688K), 0.0080910 secs] [Times: user=0.05 sys=0.00, real=0.01 secs] 
2014-07-16T02:48:56.148+0000: 2010.687: [GC [PSYoungGen: 179664K->726K(175936K)] 486494K->307611K(862912K), 0.0062100 secs] [Times: user=0.03 sys=0.00, real=0.01 secs] 
2014-07-16T02:48:56.794+0000: 2011.333: [GC [PSYoungGen: 175850K->512K(210752K)] 482736K->307445K(897728K), 0.0079250 secs] [Times: user=0.05 sys=0.00, real=0.01 secs] 
2014-07-16T02:48:57.540+0000: 2012.079: [GC [PSYoungGen: 210668K->1144K(206720K)] 517602K->308133K(893696K), 0.0046780 secs] [Times: user=0.03 sys=0.00, real=0.00 secs] 
2014-07-16T02:48:58.364+0000: 2012.903: [GC [PSYoungGen: 206682K->976K(202048K)] 513672K->308021K(889024K), 0.0080660 secs] [Times: user=0.04 sys=0.00, real=0.01 secs] 
2014-07-16T02:48:59.057+0000: 2013.596: [GC [PSYoungGen: 202000K->1290K(198016K)] 509045K->308415K(884992K), 0.0061070 secs] [Times: user=0.04 sys=0.00, real=0.01 secs] 
2014-07-16T02:48:59.745+0000: 2014.283: [GC [PSYoungGen: 197962K->876K(193344K)] 505087K->308163K(880320K), 0.0065520 secs] [Times: user=0.02 sys=0.00, real=0.01 secs] 
2014-07-16T02:49:00.406+0000: 2014.944: [GC [PSYoungGen: 193289K->1136K(189504K)] 500577K->308495K(876480K), 0.0077530 secs] [Times: user=0.05 sys=0.00, real=0.01 secs] 
2014-07-16T02:49:01.089+0000: 2015.628: [GC [PSYoungGen: 189442K->1308K(226560K)] 496802K->308757K(913536K), 0.0103540 secs] [Times: user=0.06 sys=0.00, real=0.01 secs] 
2014-07-16T02:49:01.851+0000: 2016.389: [GC [PSYoungGen: 226524K->1182K(226880K)] 533973K->308695K(913856K), 0.0098510 secs] [Times: user=0.06 sys=0.00, real=0.01 secs] 
2014-07-16T02:49:02.645+0000: 2017.184: [GC [PSYoungGen: 226380K->1490K(271808K)] 533894K->309083K(958784K), 0.0058220 secs] [Times: user=0.04 sys=0.00, real=0.01 secs] 
2014-07-16T02:49:03.700+0000: 2018.239: [GC [PSYoungGen: 271634K->1386K(264640K)] 579227K->309019K(951616K), 0.0087100 secs] [Times: user=0.05 sys=0.00, real=0.01 secs] 
2014-07-16T02:49:04.676+0000: 2019.214: [GC [PSYoungGen: 264615K->424K(257088K)] 572248K->309013K(944064K), 0.0079920 secs] [Times: user=0.05 sys=0.00, real=0.01 secs] 
2014-07-16T02:49:05.561+0000: 2020.099: [GC [PSYoungGen: 257064K->1236K(251520K)] 565653K->309874K(938496K), 0.0067980 secs] [Times: user=0.03 sys=0.00, real=0.01 secs] 
2014-07-16T02:49:06.436+0000: 2020.975: [GC [PSYoungGen: 251457K->1204K(269824K)] 560095K->310430K(956800K), 0.0130160 secs] [Times: user=0.07 sys=0.01, real=0.01 secs] 
2014-07-16T02:49:07.372+0000: 2021.911: [GC [PSYoungGen: 269134K->1004K(262208K)] 578360K->310294K(949184K), 0.0068060 secs] [Times: user=0.03 sys=0.00, real=0.00 secs] 
2014-07-16T02:49:08.354+0000: 2022.893: [GC [PSYoungGen: 262188K->802K(255488K)] 571478K->310628K(942464K), 0.0094300 secs] [Times: user=0.05 sys=0.00, real=0.01 secs] 
2014-07-16T02:49:09.254+0000: 2023.793: [GC [PSYoungGen: 255458K->968K(249408K)] 565284K->310890K(936384K), 0.0046280 secs] [Times: user=0.02 sys=0.00, real=0.00 secs] 
2014-07-16T02:49:10.128+0000: 2024.666: [GC [PSYoungGen: 249254K->1262K(243584K)] 559176K->311390K(930560K), 0.0123070 secs] [Times: user=0.08 sys=0.00, real=0.01 secs] 
2014-07-16T02:49:10.909+0000: 2025.447: [GC [PSYoungGen: 243492K->530K(266880K)] 553620K->310722K(953856K), 0.0097430 secs] [Times: user=0.05 sys=0.00, real=0.01 secs] 
2014-07-16T02:49:11.824+0000: 2026.363: [GC [PSYoungGen: 265682K->998K(259456K)] 575874K->311238K(946432K), 0.0063060 secs] [Times: user=0.04 sys=0.00, real=0.00 secs] 
2014-07-16T02:49:12.725+0000: 2027.264: [GC [PSYoungGen: 259430K->1558K(253568K)] 569670K->311846K(940544K), 0.0070090 secs] [Times: user=0.04 sys=0.00, real=0.01 secs] 
2014-07-16T02:49:13.714+0000: 2028.253: [GC [PSYoungGen: 253433K->894K(246656K)] 563721K->311278K(933632K), 0.0049170 secs] [Times: user=0.03 sys=0.00, real=0.00 secs] 
2014-07-16T02:49:14.640+0000: 2029.178: [GC [PSYoungGen: 246653K->1768K(241600K)] 557037K->312216K(928576K), 0.0046020 secs] [Times: user=0.02 sys=0.01, real=0.01 secs] 
2014-07-16T02:49:15.454+0000: 2029.993: [GC [PSYoungGen: 241575K->958K(235008K)] 552023K->311576K(921984K), 0.0040710 secs] [Times: user=0.01 sys=0.00, real=0.00 secs] 
2014-07-16T02:49:16.294+0000: 2030.833: [GC [PSYoungGen: 234947K->1040K(229568K)] 545566K->311714K(916544K), 0.0044280 secs] [Times: user=0.02 sys=0.00, real=0.00 secs] 
2014-07-16T02:49:17.137+0000: 2031.675: [GC [PSYoungGen: 229520K->1222K(224448K)] 540194K->311968K(911424K), 0.0049200 secs] [Times: user=0.02 sys=0.01, real=0.00 secs] 
2014-07-16T02:49:17.907+0000: 2032.446: [GC [PSYoungGen: 224390K->762K(218816K)] 535136K->311572K(905792K), 0.0088520 secs] [Times: user=0.04 sys=0.00, real=0.01 secs] 
2014-07-16T02:49:18.790+0000: 2033.329: [GC [PSYoungGen: 218810K->708K(213824K)] 529620K->311566K(900800K), 0.0071970 secs] [Times: user=0.04 sys=0.00, real=0.01 secs] 
2014-07-16T02:49:19.548+0000: 2034.087: [GC [PSYoungGen: 213764K->1080K(209344K)] 524622K->311986K(896320K), 0.0081240 secs] [Times: user=0.04 sys=0.00, real=0.01 secs] 
2014-07-16T02:49:20.264+0000: 2034.803: [GC [PSYoungGen: 209296K->844K(204544K)] 520202K->311798K(891520K), 0.0095760 secs] [Times: user=0.06 sys=0.00, real=0.01 secs] 
2014-07-16T02:49:21.015+0000: 2035.553: [GC [PSYoungGen: 204490K->1446K(200640K)] 515445K->312448K(887616K), 0.0062890 secs] [Times: user=0.03 sys=0.00, real=0.00 secs] 
2014-07-16T02:49:21.712+0000: 2036.251: [GC [PSYoungGen: 200614K->772K(195712K)] 511616K->311846K(882688K), 0.0060380 secs] [Times: user=0.04 sys=0.00, real=0.01 secs] 
2014-07-16T02:49:22.349+0000: 2036.888: [GC [PSYoungGen: 195652K->868K(191616K)] 506726K->312006K(878592K), 0.0040460 secs] [Times: user=0.03 sys=0.00, real=0.01 secs] 
2014-07-16T02:49:23.007+0000: 2037.546: [GC [PSYoungGen: 191588K->914K(187648K)] 502726K->312132K(874624K), 0.0039310 secs] [Times: user=0.02 sys=0.00, real=0.00 secs] 
2014-07-16T02:49:23.756+0000: 2038.295: [GC [PSYoungGen: 187567K->1404K(184192K)] 498785K->312678K(871168K), 0.0063200 secs] [Times: user=0.02 sys=0.01, real=0.00 secs] 
2014-07-16T02:49:24.388+0000: 2038.927: [GC [PSYoungGen: 184148K->1150K(220544K)] 495422K->312472K(907520K), 0.0113120 secs] [Times: user=0.04 sys=0.00, real=0.01 secs] 
2014-07-16T02:49:25.193+0000: 2039.732: [GC [PSYoungGen: 220542K->1094K(264448K)] 531864K->312480K(951424K), 0.0085590 secs] [Times: user=0.04 sys=0.00, real=0.01 secs] 
2014-07-16T02:49:26.060+0000: 2040.599: [GC [PSYoungGen: 264390K->1054K(280384K)] 575776K->312512K(967360K), 0.0084040 secs] [Times: user=0.04 sys=0.00, real=0.01 secs] 
2014-07-16T02:49:27.053+0000: 2041.591: [GC [PSYoungGen: 280094K->726K(280704K)] 591552K->312232K(967680K), 0.0105940 secs] [Times: user=0.05 sys=0.00, real=0.01 secs] 
2014-07-16T02:49:28.023+0000: 2042.562: [GC [PSYoungGen: 279751K->1022K(336384K)] 591257K->312600K(1023360K), 0.0104460 secs] [Times: user=0.06 sys=0.00, real=0.01 secs] 
2014-07-16T02:49:29.229+0000: 2043.768: [GC [PSYoungGen: 335822K->1576K(327040K)] 647401K->313234K(1014016K), 0.0069520 secs] [Times: user=0.04 sys=0.00, real=0.01 secs] 
2014-07-16T02:49:30.324+0000: 2044.863: [GC [PSYoungGen: 327015K->128K(316544K)] 638673K->312588K(1003520K), 0.0061440 secs] [Times: user=0.04 sys=0.00, real=0.01 secs] 
2014-07-16T02:49:31.422+0000: 2045.961: [GC [PSYoungGen: 316544K->904K(308672K)] 629004K->313444K(995648K), 0.0083730 secs] [Times: user=0.05 sys=0.00, real=0.01 secs] 
2014-07-16T02:49:32.478+0000: 2047.016: [GC [PSYoungGen: 308616K->598K(300032K)] 621156K->313350K(987008K), 0.0030940 secs] [Times: user=0.02 sys=0.00, real=0.00 secs] 
2014-07-16T02:49:33.632+0000: 2048.170: [GC [PSYoungGen: 299916K->1514K(292928K)] 612668K->314354K(979904K), 0.0084680 secs] [Times: user=0.06 sys=0.00, real=0.01 secs] 
2014-07-16T02:49:34.605+0000: 2049.143: [GC [PSYoungGen: 292906K->562K(284288K)] 605746K->313466K(971264K), 0.0090680 secs] [Times: user=0.05 sys=0.00, real=0.01 secs] 
2014-07-16T02:49:35.693+0000: 2050.231: [GC [PSYoungGen: 284208K->836K(277184K)] 597113K->313804K(964160K), 0.0070040 secs] [Times: user=0.04 sys=0.00, real=0.01 secs] 
2014-07-16T02:49:36.612+0000: 2051.151: [GC [PSYoungGen: 277124K->594K(269824K)] 590092K->313626K(956800K), 0.0053850 secs] [Times: user=0.03 sys=0.01, real=0.01 secs] 
2014-07-16T02:49:37.520+0000: 2052.058: [GC [PSYoungGen: 269721K->826K(263168K)] 582753K->313922K(950144K), 0.0064930 secs] [Times: user=0.04 sys=0.00, real=0.01 secs] 
2014-07-16T02:49:38.419+0000: 2052.957: [GC [PSYoungGen: 263162K->1022K(256768K)] 576258K->314182K(943744K), 0.0113100 secs] [Times: user=0.08 sys=0.00, real=0.01 secs] 
2014-07-16T02:49:39.424+0000: 2053.962: [GC [PSYoungGen: 256765K->1158K(250624K)] 569925K->314390K(937600K), 0.0081790 secs] [Times: user=0.05 sys=0.00, real=0.01 secs] 
2014-07-16T02:49:40.256+0000: 2054.794: [GC [PSYoungGen: 250566K->1148K(244480K)] 563798K->314786K(931456K), 0.0058910 secs] [Times: user=0.04 sys=0.00, real=0.01 secs] 
2014-07-16T02:49:41.090+0000: 2055.629: [GC [PSYoungGen: 244476K->972K(238464K)] 558114K->314674K(925440K), 0.0086280 secs] [Times: user=0.05 sys=0.00, real=0.01 secs] 
2014-07-16T02:49:41.864+0000: 2056.402: [GC [PSYoungGen: 238412K->894K(232704K)] 552114K->314726K(919680K), 0.0072520 secs] [Times: user=0.04 sys=0.00, real=0.01 secs] 
2014-07-16T02:49:42.684+0000: 2057.223: [GC [PSYoungGen: 232702K->886K(227264K)] 546534K->314774K(914240K), 0.0077150 secs] [Times: user=0.04 sys=0.00, real=0.01 secs] 
2014-07-16T02:49:43.476+0000: 2058.014: [GC [PSYoungGen: 227254K->1300K(222464K)] 541142K->315292K(909440K), 0.0047870 secs] [Times: user=0.02 sys=0.01, real=0.01 secs] 
2014-07-16T02:49:44.360+0000: 2058.899: [GC [PSYoungGen: 222417K->1118K(217216K)] 536410K->315198K(904192K), 0.0075470 secs] [Times: user=0.05 sys=0.00, real=0.01 secs] 
2014-07-16T02:49:45.094+0000: 2059.632: [GC [PSYoungGen: 217182K->662K(211904K)] 531262K->314822K(898880K), 0.0041600 secs] [Times: user=0.03 sys=0.00, real=0.01 secs] 
2014-07-16T02:49:45.862+0000: 2060.401: [GC [PSYoungGen: 211862K->876K(207360K)] 526022K->315108K(894336K), 0.0086140 secs] [Times: user=0.05 sys=0.00, real=0.01 secs] 
2014-07-16T02:49:46.608+0000: 2061.147: [GC [PSYoungGen: 207299K->990K(248832K)] 521532K->315302K(935808K), 0.0135440 secs] [Times: user=0.07 sys=0.00, real=0.01 secs] 
2014-07-16T02:49:47.495+0000: 2062.034: [GC [PSYoungGen: 248798K->1022K(298432K)] 563110K->315390K(985408K), 0.0122460 secs] [Times: user=0.07 sys=0.00, real=0.02 secs] 
2014-07-16T02:49:48.563+0000: 2063.102: [GC [PSYoungGen: 298394K->1196K(290688K)] 612763K->315736K(977664K), 0.0042460 secs] [Times: user=0.02 sys=0.00, real=0.01 secs] 
2014-07-16T02:49:49.693+0000: 2064.232: [GC [PSYoungGen: 290668K->1582K(321792K)] 605208K->316294K(1008768K), 0.0188740 secs] [Times: user=0.11 sys=0.00, real=0.02 secs] 
2014-07-16T02:49:50.885+0000: 2065.424: [GC [PSYoungGen: 321732K->1436K(312832K)] 636445K->316212K(999808K), 0.0041150 secs] [Times: user=0.02 sys=0.00, real=0.01 secs] 
2014-07-16T02:49:51.995+0000: 2066.534: [GC [PSYoungGen: 312796K->886K(303744K)] 627572K->315734K(990720K), 0.0080120 secs] [Times: user=0.04 sys=0.00, real=0.01 secs] 
2014-07-16T02:49:53.083+0000: 2067.622: [GC [PSYoungGen: 303734K->1258K(296000K)] 618582K->316186K(982976K), 0.0042510 secs] [Times: user=0.02 sys=0.00, real=0.00 secs] 
2014-07-16T02:49:54.233+0000: 2068.772: [GC [PSYoungGen: 295948K->1550K(288512K)] 610877K->316558K(975488K), 0.0037990 secs] [Times: user=0.02 sys=0.00, real=0.00 secs] 
2014-07-16T02:49:55.251+0000: 2069.790: [GC [PSYoungGen: 288462K->762K(280128K)] 603470K->315882K(967104K), 0.0058700 secs] [Times: user=0.02 sys=0.00, real=0.00 secs] 
2014-07-16T02:49:56.288+0000: 2070.827: [GC [PSYoungGen: 280122K->1008K(273152K)] 595242K->316184K(960128K), 0.0097360 secs] [Times: user=0.06 sys=0.00, real=0.01 secs] 
2014-07-16T02:49:57.217+0000: 2071.756: [GC [PSYoungGen: 273136K->512K(265664K)] 588312K->315736K(952640K), 0.0073520 secs] [Times: user=0.03 sys=0.00, real=0.01 secs] 
2014-07-16T02:49:58.101+0000: 2072.640: [GC [PSYoungGen: 265664K->1260K(259712K)] 580888K->316556K(946688K), 0.0069800 secs] [Times: user=0.04 sys=0.00, real=0.00 secs] 
2014-07-16T02:49:59.137+0000: 2073.675: [GC [PSYoungGen: 259692K->822K(252800K)] 574988K->316174K(939776K), 0.0081430 secs] [Times: user=0.05 sys=0.00, real=0.01 secs] 
2014-07-16T02:50:00.023+0000: 2074.561: [GC [PSYoungGen: 252790K->1304K(247104K)] 568142K->316696K(934080K), 0.0097260 secs] [Times: user=0.03 sys=0.00, real=0.01 secs] 
2014-07-16T02:50:00.883+0000: 2075.422: [GC [PSYoungGen: 247064K->876K(240704K)] 562456K->316324K(927680K), 0.0072580 secs] [Times: user=0.04 sys=0.00, real=0.01 secs] 
2014-07-16T02:50:01.711+0000: 2076.250: [GC [PSYoungGen: 240682K->854K(288704K)] 556130K->316358K(975680K), 0.0135690 secs] [Times: user=0.07 sys=0.00, real=0.01 secs] 
2014-07-16T02:50:02.692+0000: 2077.231: [GC [PSYoungGen: 288646K->690K(280960K)] 604151K->316242K(967936K), 0.0066980 secs] [Times: user=0.04 sys=0.00, real=0.01 secs] 
2014-07-16T02:50:03.693+0000: 2078.231: [GC [PSYoungGen: 280946K->958K(337280K)] 596498K->316542K(1024256K), 0.0155190 secs] [Times: user=0.09 sys=0.00, real=0.01 secs] 
2014-07-16T02:50:04.883+0000: 2079.422: [GC [PSYoungGen: 337278K->1258K(328128K)] 652862K->316890K(1015104K), 0.0062800 secs] [Times: user=0.02 sys=0.00, real=0.00 secs] 
2014-07-16T02:50:06.054+0000: 2080.593: [GC [PSYoungGen: 328106K->726K(318528K)] 643738K->316422K(1005504K), 0.0077540 secs] [Times: user=0.04 sys=0.00, real=0.01 secs] 
2014-07-16T02:50:07.132+0000: 2081.671: [GC [PSYoungGen: 318467K->640K(309632K)] 634164K->316384K(996608K), 0.0036060 secs] [Times: user=0.02 sys=0.00, real=0.00 secs] 
2014-07-16T02:50:08.173+0000: 2082.711: [GC [PSYoungGen: 309632K->940K(301568K)] 625376K->316764K(988544K), 0.0038840 secs] [Times: user=0.01 sys=0.01, real=0.00 secs] 
2014-07-16T02:50:09.503+0000: 2084.042: [GC [PSYoungGen: 301531K->936K(293504K)] 617356K->316808K(980480K), 0.0055750 secs] [Times: user=0.02 sys=0.00, real=0.00 secs] 
2014-07-16T02:50:10.474+0000: 2085.013: [GC [PSYoungGen: 293428K->1472K(286336K)] 609301K->317408K(973312K), 0.0040440 secs] [Times: user=0.02 sys=0.00, real=0.00 secs] 
2014-07-16T02:50:11.440+0000: 2085.979: [GC [PSYoungGen: 286272K->752K(278144K)] 602208K->317216K(965120K), 0.0031930 secs] [Times: user=0.02 sys=0.01, real=0.01 secs] 
2014-07-16T02:50:12.411+0000: 2086.950: [GC [PSYoungGen: 278063K->964K(271232K)] 594528K->317492K(958208K), 0.0086410 secs] [Times: user=0.05 sys=0.00, real=0.00 secs] 
2014-07-16T02:50:13.367+0000: 2087.906: [GC [PSYoungGen: 271137K->934K(264256K)] 587665K->317534K(951232K), 0.0070480 secs] [Times: user=0.04 sys=0.00, real=0.01 secs] 
2014-07-16T02:50:14.383+0000: 2088.922: [GC [PSYoungGen: 264230K->1196K(257920K)] 580830K->317868K(944896K), 0.0045160 secs] [Times: user=0.02 sys=0.00, real=0.00 secs] 
2014-07-16T02:50:15.289+0000: 2089.827: [GC [PSYoungGen: 257828K->972K(251328K)] 574501K->317700K(938304K), 0.0098540 secs] [Times: user=0.05 sys=0.00, real=0.01 secs] 
2014-07-16T02:50:16.229+0000: 2090.768: [GC [PSYoungGen: 251261K->768K(244928K)] 567990K->317568K(931904K), 0.0033930 secs] [Times: user=0.02 sys=0.00, real=0.01 secs] 
2014-07-16T02:50:17.069+0000: 2091.608: [GC [PSYoungGen: 244928K->1242K(239552K)] 561728K->318098K(926528K), 0.0096500 secs] [Times: user=0.06 sys=0.00, real=0.01 secs] 
2014-07-16T02:50:17.860+0000: 2092.398: [GC [PSYoungGen: 239514K->1594K(234176K)] 556370K->318522K(921152K), 0.0052870 secs] [Times: user=0.03 sys=0.00, real=0.01 secs] 
2014-07-16T02:50:18.630+0000: 2093.169: [GC [PSYoungGen: 234170K->370K(227456K)] 551098K->317774K(914432K), 0.0079330 secs] [Times: user=0.05 sys=0.00, real=0.01 secs] 
2014-07-16T02:50:19.513+0000: 2094.051: [GC [PSYoungGen: 227439K->1454K(223232K)] 544843K->318938K(910208K), 0.0070330 secs] [Times: user=0.04 sys=0.00, real=0.00 secs] 
2014-07-16T02:50:20.292+0000: 2094.831: [GC [PSYoungGen: 223214K->1200K(217856K)] 540698K->318856K(904832K), 0.0066980 secs] [Times: user=0.02 sys=0.00, real=0.00 secs] 
2014-07-16T02:50:21.032+0000: 2095.571: [GC [PSYoungGen: 217748K->944K(212672K)] 535405K->318648K(899648K), 0.0075950 secs] [Times: user=0.04 sys=0.00, real=0.01 secs] 
2014-07-16T02:50:21.783+0000: 2096.322: [GC [PSYoungGen: 212656K->736K(207744K)] 530360K->318520K(894720K), 0.0073710 secs] [Times: user=0.04 sys=0.00, real=0.00 secs] 
2014-07-16T02:50:22.513+0000: 2097.051: [GC [PSYoungGen: 207706K->1208K(203584K)] 525491K->319040K(890560K), 0.0060420 secs] [Times: user=0.03 sys=0.00, real=0.00 secs] 
2014-07-16T02:50:23.226+0000: 2097.764: [GC [PSYoungGen: 203576K->936K(198912K)] 521408K->318824K(885888K), 0.0088950 secs] [Times: user=0.04 sys=0.00, real=0.01 secs] 
2014-07-16T02:50:23.946+0000: 2098.484: [GC [PSYoungGen: 198872K->1032K(194752K)] 516761K->319016K(881728K), 0.0037390 secs] [Times: user=0.02 sys=0.00, real=0.00 secs] 
2014-07-16T02:50:24.698+0000: 2099.237: [GC [PSYoungGen: 194689K->1268K(190848K)] 512673K->319324K(877824K), 0.0054420 secs] [Times: user=0.04 sys=0.00, real=0.01 secs] 
2014-07-16T02:50:25.343+0000: 2099.881: [GC [PSYoungGen: 190836K->1304K(186944K)] 508892K->319456K(873920K), 0.0047870 secs] [Times: user=0.02 sys=0.00, real=0.01 secs] 
2014-07-16T02:50:26.007+0000: 2100.545: [GC [PSYoungGen: 186904K->762K(182528K)] 505056K->319036K(869504K), 0.0077120 secs] [Times: user=0.05 sys=0.00, real=0.01 secs] 
2014-07-16T02:50:26.739+0000: 2101.278: [GC [PSYoungGen: 182504K->1068K(179136K)] 500779K->319422K(866112K), 0.0059550 secs] [Times: user=0.02 sys=0.01, real=0.01 secs] 
2014-07-16T02:50:27.339+0000: 2101.878: [GC [PSYoungGen: 179114K->958K(175424K)] 497469K->319384K(862400K), 0.0083010 secs] [Times: user=0.05 sys=0.00, real=0.01 secs] 
2014-07-16T02:50:27.953+0000: 2102.492: [GC [PSYoungGen: 175422K->922K(171904K)] 493848K->319428K(858880K), 0.0037630 secs] [Times: user=0.02 sys=0.00, real=0.00 secs] 
2014-07-16T02:50:28.542+0000: 2103.081: [GC [PSYoungGen: 171856K->708K(168320K)] 490363K->319262K(855296K), 0.0046570 secs] [Times: user=0.01 sys=0.00, real=0.01 secs] 
2014-07-16T02:50:29.097+0000: 2103.635: [GC [PSYoungGen: 168260K->672K(201792K)] 486814K->319290K(888768K), 0.0115170 secs] [Times: user=0.07 sys=0.00, real=0.01 secs] 
2014-07-16T02:50:29.881+0000: 2104.419: [GC [PSYoungGen: 201760K->758K(242112K)] 520378K->319448K(929088K), 0.0076320 secs] [Times: user=0.04 sys=0.00, real=0.01 secs] 
2014-07-16T02:50:30.713+0000: 2105.252: [GC [PSYoungGen: 242054K->862K(236416K)] 560744K->319616K(923392K), 0.0056320 secs] [Times: user=0.03 sys=0.00, real=0.01 secs] 
2014-07-16T02:50:31.526+0000: 2106.065: [GC [PSYoungGen: 236368K->1008K(230976K)] 555123K->319818K(917952K), 0.0057550 secs] [Times: user=0.02 sys=0.00, real=0.00 secs] 
2014-07-16T02:50:32.315+0000: 2106.854: [GC [PSYoungGen: 230960K->662K(225280K)] 549770K->319496K(912256K), 0.0082910 secs] [Times: user=0.03 sys=0.00, real=0.00 secs] 
2014-07-16T02:50:33.067+0000: 2107.606: [GC [PSYoungGen: 225218K->1004K(220416K)] 544052K->319934K(907392K), 0.0063430 secs] [Times: user=0.04 sys=0.00, real=0.00 secs] 
2014-07-16T02:50:33.818+0000: 2108.356: [GC [PSYoungGen: 220395K->894K(264192K)] 539326K->319864K(951168K), 0.0128380 secs] [Times: user=0.06 sys=0.00, real=0.01 secs] 
2014-07-16T02:50:34.823+0000: 2109.362: [GC [PSYoungGen: 264166K->1062K(257792K)] 583137K->320088K(944768K), 0.0071580 secs] [Times: user=0.05 sys=0.00, real=0.01 secs] 
2014-07-16T02:50:35.741+0000: 2110.280: [GC [PSYoungGen: 257719K->976K(251328K)] 576745K->320058K(938304K), 0.0034780 secs] [Times: user=0.01 sys=0.00, real=0.00 secs] 
2014-07-16T02:50:36.632+0000: 2111.170: [GC [PSYoungGen: 251280K->740K(244928K)] 570362K->319862K(931904K), 0.0066280 secs] [Times: user=0.02 sys=0.00, real=0.01 secs] 
2014-07-16T02:50:37.471+0000: 2112.010: [GC [PSYoungGen: 244824K->1276K(239552K)] 563947K->320462K(926528K), 0.0036690 secs] [Times: user=0.02 sys=0.00, real=0.00 secs] 
2014-07-16T02:50:38.287+0000: 2112.826: [GC [PSYoungGen: 239548K->812K(233408K)] 558734K->320200K(920384K), 0.0054620 secs] [Times: user=0.04 sys=0.00, real=0.00 secs] 
2014-07-16T02:50:39.089+0000: 2113.627: [GC [PSYoungGen: 233388K->932K(228032K)] 552776K->320400K(915008K), 0.0057940 secs] [Times: user=0.04 sys=0.00, real=0.00 secs] 
2014-07-16T02:50:39.950+0000: 2114.488: [GC [PSYoungGen: 228004K->812K(222592K)] 547472K->320336K(909568K), 0.0035310 secs] [Times: user=0.02 sys=0.00, real=0.00 secs] 
2014-07-16T02:50:40.692+0000: 2115.231: [GC [PSYoungGen: 222572K->840K(217536K)] 542096K->320468K(904512K), 0.0063080 secs] [Times: user=0.04 sys=0.00, real=0.01 secs] 
2014-07-16T02:50:41.456+0000: 2115.995: [GC [PSYoungGen: 217480K->644K(212416K)] 537108K->320352K(899392K), 0.0059140 secs] [Times: user=0.04 sys=0.00, real=0.00 secs] 
2014-07-16T02:50:42.186+0000: 2116.724: [GC [PSYoungGen: 212356K->1036K(208064K)] 532064K->320800K(895040K), 0.0080520 secs] [Times: user=0.04 sys=0.00, real=0.00 secs] 
2014-07-16T02:50:42.903+0000: 2117.442: [GC [PSYoungGen: 208012K->694K(249088K)] 527776K->320490K(936064K), 0.0172940 secs] [Times: user=0.09 sys=0.00, real=0.02 secs] 
2014-07-16T02:50:43.783+0000: 2118.322: [GC [PSYoungGen: 249056K->1008K(299136K)] 568852K->320884K(986112K), 0.0062290 secs] [Times: user=0.03 sys=0.00, real=0.01 secs] 
2014-07-16T02:50:44.940+0000: 2119.478: [GC [PSYoungGen: 299120K->1126K(291328K)] 618996K->321321K(978304K), 0.0061640 secs] [Times: user=0.05 sys=0.00, real=0.01 secs] 
2014-07-16T02:50:45.982+0000: 2120.520: [GC [PSYoungGen: 291302K->776K(283328K)] 611497K->321018K(970304K), 0.0117630 secs] [Times: user=0.07 sys=0.00, real=0.01 secs] 
2014-07-16T02:50:47.092+0000: 2121.631: [GC [PSYoungGen: 283272K->812K(275968K)] 603514K->321110K(962944K), 0.0032750 secs] [Times: user=0.02 sys=0.00, real=0.00 secs] 
2014-07-16T02:50:47.993+0000: 2122.531: [GC [PSYoungGen: 275909K->1244K(269376K)] 596208K->321583K(956352K), 0.0041550 secs] [Times: user=0.02 sys=0.00, real=0.01 secs] 
2014-07-16T02:50:48.942+0000: 2123.481: [GC [PSYoungGen: 269340K->626K(261952K)] 589679K->321028K(948928K), 0.0060290 secs] [Times: user=0.03 sys=0.00, real=0.01 secs] 
2014-07-16T02:50:49.918+0000: 2124.457: [GC [PSYoungGen: 261937K->1278K(256064K)] 582339K->321776K(943040K), 0.0082630 secs] [Times: user=0.06 sys=0.01, real=0.00 secs] 
2014-07-16T02:50:50.796+0000: 2125.335: [GC [PSYoungGen: 256011K->1012K(249536K)] 576510K->321542K(936512K), 0.0118870 secs] [Times: user=0.07 sys=0.01, real=0.02 secs] 
2014-07-16T02:50:51.656+0000: 2126.194: [GC [PSYoungGen: 249494K->1058K(243520K)] 570025K->321652K(930496K), 0.0065070 secs] [Times: user=0.04 sys=0.00, real=0.01 secs] 
2014-07-16T02:50:52.489+0000: 2127.028: [GC [PSYoungGen: 243490K->1126K(237760K)] 564084K->321768K(924736K), 0.0054970 secs] [Times: user=0.02 sys=0.00, real=0.00 secs] 
2014-07-16T02:50:53.340+0000: 2127.879: [GC [PSYoungGen: 237734K->926K(231936K)] 558376K->321624K(918912K), 0.0087050 secs] [Times: user=0.05 sys=0.00, real=0.01 secs] 
2014-07-16T02:50:54.124+0000: 2128.663: [GC [PSYoungGen: 231873K->1016K(226560K)] 552572K->321943K(913536K), 0.0078120 secs] [Times: user=0.05 sys=0.00, real=0.01 secs] 
2014-07-16T02:50:55.051+0000: 2129.589: [GC [PSYoungGen: 226552K->1064K(221376K)] 547479K->322022K(908352K), 0.0099860 secs] [Times: user=0.06 sys=0.00, real=0.01 secs] 
2014-07-16T02:50:55.799+0000: 2130.337: [GC [PSYoungGen: 221352K->1022K(265408K)] 542310K->322145K(952384K), 0.0102870 secs] [Times: user=0.06 sys=0.00, real=0.01 secs] 
2014-07-16T02:50:56.795+0000: 2131.334: [GC [PSYoungGen: 265406K->576K(258304K)] 586529K->321746K(945280K), 0.0073930 secs] [Times: user=0.03 sys=0.00, real=0.01 secs] 
2014-07-16T02:50:57.790+0000: 2132.329: [GC [PSYoungGen: 258304K->1464K(252800K)] 579474K->322723K(939776K), 0.0068670 secs] [Times: user=0.04 sys=0.00, real=0.00 secs] 
2014-07-16T02:50:58.685+0000: 2133.223: [GC [PSYoungGen: 252792K->708K(245952K)] 574051K->322054K(932928K), 0.0050240 secs] [Times: user=0.03 sys=0.01, real=0.01 secs] 
2014-07-16T02:50:59.504+0000: 2134.043: [GC [PSYoungGen: 245867K->1118K(240384K)] 567214K->322545K(927360K), 0.0041600 secs] [Times: user=0.01 sys=0.01, real=0.01 secs] 
2014-07-16T02:51:00.456+0000: 2134.995: [GC [PSYoungGen: 240350K->840K(234432K)] 561777K->322339K(921408K), 0.0078660 secs] [Times: user=0.05 sys=0.00, real=0.01 secs] 
2014-07-16T02:51:01.228+0000: 2135.766: [GC [PSYoungGen: 234376K->594K(228672K)] 555875K->322164K(915648K), 0.0086270 secs] [Times: user=0.06 sys=0.00, real=0.01 secs] 
2014-07-16T02:51:01.993+0000: 2136.531: [GC [PSYoungGen: 228626K->708K(223488K)] 550196K->322374K(910464K), 0.0049430 secs] [Times: user=0.03 sys=0.00, real=0.00 secs] 
2014-07-16T02:51:02.789+0000: 2137.328: [GC [PSYoungGen: 223428K->1068K(218688K)] 545094K->322807K(905664K), 0.0054790 secs] [Times: user=0.03 sys=0.00, real=0.01 secs] 
2014-07-16T02:51:03.544+0000: 2138.083: [GC [PSYoungGen: 218668K->1264K(262400K)] 540407K->323075K(949376K), 0.0158950 secs] [Times: user=0.11 sys=0.00, real=0.02 secs] 
2014-07-16T02:51:04.450+0000: 2138.989: [GC [PSYoungGen: 262384K->894K(255488K)] 584195K->323041K(942464K), 0.0058900 secs] [Times: user=0.03 sys=0.00, real=0.00 secs] 
2014-07-16T02:51:05.475+0000: 2140.013: [GC [PSYoungGen: 255486K->772K(249152K)] 577633K->322991K(936128K), 0.0071030 secs] [Times: user=0.04 sys=0.00, real=0.01 secs] 
2014-07-16T02:51:06.327+0000: 2140.866: [GC [PSYoungGen: 249081K->876K(243136K)] 571300K->323151K(930112K), 0.0061540 secs] [Times: user=0.04 sys=0.00, real=0.01 secs] 
2014-07-16T02:51:07.195+0000: 2141.734: [GC [PSYoungGen: 243116K->1026K(237504K)] 565391K->323349K(924480K), 0.0036500 secs] [Times: user=0.02 sys=0.00, real=0.00 secs] 
2014-07-16T02:51:08.067+0000: 2142.606: [GC [PSYoungGen: 237434K->1008K(231808K)] 559757K->323411K(918784K), 0.0064730 secs] [Times: user=0.04 sys=0.00, real=0.01 secs] 
2014-07-16T02:51:08.865+0000: 2143.404: [GC [PSYoungGen: 231792K->1226K(226624K)] 554195K->323677K(913600K), 0.0055330 secs] [Times: user=0.02 sys=0.00, real=0.01 secs] 
2014-07-16T02:51:09.650+0000: 2144.189: [GC [PSYoungGen: 226547K->816K(220928K)] 548998K->323635K(907904K), 0.0058900 secs] [Times: user=0.04 sys=0.00, real=0.00 secs] 
2014-07-16T02:51:10.510+0000: 2145.049: [GC [PSYoungGen: 220912K->1590K(216640K)] 543731K->324481K(903616K), 0.0087390 secs] [Times: user=0.05 sys=0.00, real=0.00 secs] 
2014-07-16T02:51:11.211+0000: 2145.749: [GC [PSYoungGen: 216627K->826K(211008K)] 539518K->324011K(897984K), 0.0037350 secs] [Times: user=0.02 sys=0.00, real=0.00 secs] 
2014-07-16T02:51:11.938+0000: 2146.477: [GC [PSYoungGen: 211002K->1040K(206592K)] 534187K->324281K(893568K), 0.0064310 secs] [Times: user=0.04 sys=0.00, real=0.01 secs] 
2014-07-16T02:51:12.624+0000: 2147.163: [GC [PSYoungGen: 206544K->772K(201792K)] 529785K->324193K(888768K), 0.0038720 secs] [Times: user=0.02 sys=0.00, real=0.00 secs] 
2014-07-16T02:51:13.331+0000: 2147.870: [GC [PSYoungGen: 201732K->992K(197632K)] 525153K->324493K(884608K), 0.0044730 secs] [Times: user=0.03 sys=0.00, real=0.00 secs] 
2014-07-16T02:51:14.023+0000: 2148.562: [GC [PSYoungGen: 197583K->926K(193344K)] 521084K->324475K(880320K), 0.0083220 secs] [Times: user=0.05 sys=0.00, real=0.01 secs] 
2014-07-16T02:51:14.689+0000: 2149.227: [GC [PSYoungGen: 193310K->754K(189056K)] 516859K->324391K(876032K), 0.0065620 secs] [Times: user=0.03 sys=0.00, real=0.01 secs] 
2014-07-16T02:51:15.457+0000: 2149.995: [GC [PSYoungGen: 189042K->1410K(185792K)] 512679K->325127K(872768K), 0.0086420 secs] [Times: user=0.06 sys=0.00, real=0.01 secs] 
2014-07-16T02:51:16.081+0000: 2150.619: [GC [PSYoungGen: 185730K->1624K(182144K)] 509447K->325421K(869120K), 0.0079070 secs] [Times: user=0.05 sys=0.00, real=0.01 secs] 
2014-07-16T02:51:16.710+0000: 2151.248: [GC [PSYoungGen: 182101K->256K(177024K)] 505898K->324331K(864000K), 0.0068200 secs] [Times: user=0.04 sys=0.00, real=0.01 secs] 
2014-07-16T02:51:17.317+0000: 2151.856: [GC [PSYoungGen: 177024K->1336K(174528K)] 501099K->325484K(861504K), 0.0046110 secs] [Times: user=0.02 sys=0.01, real=0.01 secs] 
2014-07-16T02:51:18.030+0000: 2152.569: [GC [PSYoungGen: 174520K->1100K(170880K)] 498668K->325617K(857856K), 0.0058440 secs] [Times: user=0.03 sys=0.00, real=0.01 secs] 
2014-07-16T02:51:18.607+0000: 2153.145: [GC [PSYoungGen: 170828K->1664K(168128K)] 495345K->326254K(855104K), 0.0054520 secs] [Times: user=0.02 sys=0.00, real=0.01 secs] 
2014-07-16T02:51:19.196+0000: 2153.735: [GC [PSYoungGen: 168052K->766K(163904K)] 492642K->325558K(850880K), 0.0053070 secs] [Times: user=0.03 sys=0.00, real=0.01 secs] 
2014-07-16T02:51:19.729+0000: 2154.268: [GC [PSYoungGen: 163902K->1094K(161152K)] 488694K->325934K(848128K), 0.0071250 secs] [Times: user=0.05 sys=0.00, real=0.01 secs] 
2014-07-16T02:51:20.365+0000: 2154.904: [GC [PSYoungGen: 161094K->1092K(158144K)] 485934K->326304K(845120K), 0.0047090 secs] [Times: user=0.02 sys=0.01, real=0.00 secs] 
2014-07-16T02:51:20.891+0000: 2155.429: [GC [PSYoungGen: 158084K->1228K(155328K)] 483296K->326544K(842304K), 0.0060250 secs] [Times: user=0.04 sys=0.00, real=0.01 secs] 
2014-07-16T02:51:21.447+0000: 2155.986: [GC [PSYoungGen: 155276K->972K(185920K)] 480592K->326352K(872896K), 0.0063460 secs] [Times: user=0.04 sys=0.00, real=0.01 secs] 
2014-07-16T02:51:22.076+0000: 2156.615: [GC [PSYoungGen: 185867K->1150K(223040K)] 511247K->326578K(910016K), 0.0079020 secs] [Times: user=0.05 sys=0.00, real=0.01 secs] 
2014-07-16T02:51:22.816+0000: 2157.355: [GC [PSYoungGen: 223038K->694K(267008K)] 548466K->326170K(953984K), 0.0081360 secs] [Times: user=0.05 sys=0.00, real=0.01 secs] 
2014-07-16T02:51:23.767+0000: 2158.306: [GC [PSYoungGen: 266994K->994K(260608K)] 592470K->326542K(947584K), 0.0062140 secs] [Times: user=0.03 sys=0.00, real=0.01 secs] 
2014-07-16T02:51:24.689+0000: 2159.228: [GC [PSYoungGen: 260578K->908K(254080K)] 586126K->326520K(941056K), 0.0037920 secs] [Times: user=0.02 sys=0.01, real=0.01 secs] 
2014-07-16T02:51:25.708+0000: 2160.246: [GC [PSYoungGen: 254028K->1086K(248000K)] 579640K->326770K(934976K), 0.0037550 secs] [Times: user=0.02 sys=0.00, real=0.00 secs] 
2014-07-16T02:51:26.521+0000: 2161.060: [GC [PSYoungGen: 247998K->740K(241664K)] 573682K->326480K(928640K), 0.0091110 secs] [Times: user=0.06 sys=0.00, real=0.01 secs] 
2014-07-16T02:51:27.356+0000: 2161.895: [GC [PSYoungGen: 241636K->1242K(236416K)] 567376K->327062K(923392K), 0.0092100 secs] [Times: user=0.05 sys=0.00, real=0.01 secs] 
2014-07-16T02:51:28.269+0000: 2162.808: [GC [PSYoungGen: 236362K->1000K(230592K)] 562182K->326884K(917568K), 0.0058590 secs] [Times: user=0.03 sys=0.00, real=0.01 secs] 
2014-07-16T02:51:29.060+0000: 2163.598: [GC [PSYoungGen: 230568K->1382K(225600K)] 556452K->327362K(912576K), 0.0095370 secs] [Times: user=0.06 sys=0.00, real=0.01 secs] 
2014-07-16T02:51:29.838+0000: 2164.377: [GC [PSYoungGen: 225574K->694K(269760K)] 551554K->327380K(956736K), 0.0138650 secs] [Times: user=0.10 sys=0.00, real=0.01 secs] 
2014-07-16T02:51:30.883+0000: 2165.422: [GC [PSYoungGen: 269750K->1286K(263552K)] 596436K->328044K(950528K), 0.0058970 secs] [Times: user=0.03 sys=0.01, real=0.00 secs] 
2014-07-16T02:51:31.791+0000: 2166.330: [GC [PSYoungGen: 263494K->576K(256192K)] 590252K->327488K(943168K), 0.0084350 secs] [Times: user=0.05 sys=0.00, real=0.01 secs] 
2014-07-16T02:51:32.649+0000: 2167.188: [GC [PSYoungGen: 256192K->1036K(250368K)] 583104K->327996K(937344K), 0.0067600 secs] [Times: user=0.01 sys=0.01, real=0.01 secs] 
2014-07-16T02:51:33.522+0000: 2168.061: [GC [PSYoungGen: 250316K->1158K(244416K)] 577276K->328230K(931392K), 0.0039850 secs] [Times: user=0.02 sys=0.00, real=0.01 secs] 
2014-07-16T02:51:34.344+0000: 2168.883: [GC [PSYoungGen: 244355K->640K(237952K)] 571427K->327768K(924928K), 0.0103400 secs] [Times: user=0.06 sys=0.00, real=0.01 secs] 
2014-07-16T02:51:35.167+0000: 2169.706: [GC [PSYoungGen: 237952K->754K(232448K)] 565080K->327954K(919424K), 0.0034610 secs] [Times: user=0.01 sys=0.01, real=0.00 secs] 
2014-07-16T02:51:36.058+0000: 2170.597: [GC [PSYoungGen: 232428K->1040K(227328K)] 559628K->328296K(914304K), 0.0057490 secs] [Times: user=0.03 sys=0.00, real=0.00 secs] 
2014-07-16T02:51:36.830+0000: 2171.369: [GC [PSYoungGen: 227280K->1104K(222144K)] 554536K->328448K(909120K), 0.0094940 secs] [Times: user=0.05 sys=0.01, real=0.01 secs] 
2014-07-16T02:51:37.628+0000: 2172.166: [GC [PSYoungGen: 222096K->1228K(217216K)] 549440K->328660K(904192K), 0.0058780 secs] [Times: user=0.04 sys=0.00, real=0.00 secs] 
2014-07-16T02:51:38.394+0000: 2172.932: [GC [PSYoungGen: 217164K->544K(211648K)] 544596K->328024K(898624K), 0.0067170 secs] [Times: user=0.04 sys=0.00, real=0.01 secs] 
2014-07-16T02:51:39.160+0000: 2173.699: [GC [PSYoungGen: 211616K->926K(207296K)] 539096K->328470K(894272K), 0.0086510 secs] [Times: user=0.05 sys=0.00, real=0.01 secs] 
2014-07-16T02:51:39.866+0000: 2174.405: [GC [PSYoungGen: 207262K->1208K(203008K)] 534806K->328824K(889984K), 0.0067280 secs] [Times: user=0.04 sys=0.00, real=0.00 secs] 
2014-07-16T02:51:40.567+0000: 2175.106: [GC [PSYoungGen: 202928K->1062K(198464K)] 530544K->328742K(885440K), 0.0070690 secs] [Times: user=0.05 sys=0.00, real=0.01 secs] 
2014-07-16T02:51:41.354+0000: 2175.893: [GC [PSYoungGen: 198427K->644K(193856K)] 526107K->328396K(880832K), 0.0041260 secs] [Times: user=0.02 sys=0.00, real=0.00 secs] 
2014-07-16T02:51:42.077+0000: 2176.616: [GC [PSYoungGen: 193796K->1588K(190656K)] 521548K->329412K(877632K), 0.0060540 secs] [Times: user=0.04 sys=0.00, real=0.00 secs] 
2014-07-16T02:51:42.725+0000: 2177.263: [GC [PSYoungGen: 190644K->786K(185920K)] 518468K->328682K(872896K), 0.0062770 secs] [Times: user=0.04 sys=0.00, real=0.01 secs] 
2014-07-16T02:51:43.351+0000: 2177.890: [GC [PSYoungGen: 185874K->808K(182080K)] 513770K->328776K(869056K), 0.0085980 secs] [Times: user=0.05 sys=0.00, real=0.01 secs] 
2014-07-16T02:51:43.982+0000: 2178.521: [GC [PSYoungGen: 182008K->1036K(178624K)] 509976K->329076K(865600K), 0.0042500 secs] [Times: user=0.03 sys=0.00, real=0.01 secs] 
2014-07-16T02:51:44.587+0000: 2179.126: [GC [PSYoungGen: 178572K->1114K(175104K)] 506612K->329226K(862080K), 0.0050080 secs] [Times: user=0.02 sys=0.00, real=0.00 secs] 
2014-07-16T02:51:45.177+0000: 2179.715: [GC [PSYoungGen: 175066K->1148K(171648K)] 503178K->329408K(858624K), 0.0040000 secs] [Times: user=0.01 sys=0.00, real=0.00 secs] 
2014-07-16T02:51:45.829+0000: 2180.368: [GC [PSYoungGen: 171644K->1132K(205760K)] 499904K->329424K(892736K), 0.0193360 secs] [Times: user=0.11 sys=0.00, real=0.02 secs] 
2014-07-16T02:51:46.579+0000: 2181.117: [GC [PSYoungGen: 205740K->850K(246464K)] 534032K->329214K(933440K), 0.0119540 secs] [Times: user=0.07 sys=0.00, real=0.01 secs] 
2014-07-16T02:51:47.417+0000: 2181.956: [GC [PSYoungGen: 246363K->1568K(262720K)] 574728K->330104K(949696K), 0.0040910 secs] [Times: user=0.02 sys=0.01, real=0.00 secs] 
2014-07-16T02:51:48.294+0000: 2182.833: [GC [PSYoungGen: 262688K->972K(296512K)] 591224K->329604K(983488K), 0.0058590 secs] [Times: user=0.04 sys=0.00, real=0.01 secs] 
2014-07-16T02:51:49.315+0000: 2183.854: [GC [PSYoungGen: 295756K->908K(296448K)] 624388K->329604K(983424K), 0.0177040 secs] [Times: user=0.09 sys=0.01, real=0.02 secs] 
2014-07-16T02:51:50.371+0000: 2184.909: [GC [PSYoungGen: 295692K->626K(355456K)] 624388K->329378K(1042432K), 0.0078990 secs] [Times: user=0.05 sys=0.00, real=0.01 secs] 
2014-07-16T02:51:51.760+0000: 2186.299: [GC [PSYoungGen: 354418K->1444K(345088K)] 683170K->330244K(1032064K), 0.0088370 secs] [Times: user=0.05 sys=0.00, real=0.01 secs] 
2014-07-16T02:51:53.021+0000: 2187.560: [GC [PSYoungGen: 345037K->256K(334080K)] 673838K->329710K(1021056K), 0.0044060 secs] [Times: user=0.03 sys=0.00, real=0.00 secs] 
2014-07-16T02:51:54.205+0000: 2188.743: [GC [PSYoungGen: 334033K->1536K(326016K)] 663487K->331078K(1012992K), 0.0058230 secs] [Times: user=0.04 sys=0.00, real=0.01 secs] 
2014-07-16T02:51:55.398+0000: 2189.937: [GC [PSYoungGen: 325952K->822K(316224K)] 655494K->330818K(1003200K), 0.0043970 secs] [Times: user=0.02 sys=0.00, real=0.00 secs] 
2014-07-16T02:51:56.560+0000: 2191.098: [GC [PSYoungGen: 316214K->1312K(308096K)] 646210K->331340K(995072K), 0.0052610 secs] [Times: user=0.02 sys=0.00, real=0.00 secs] 
2014-07-16T02:51:57.617+0000: 2192.156: [GC [PSYoungGen: 308056K->1318K(299776K)] 638084K->331418K(986752K), 0.0076190 secs] [Times: user=0.05 sys=0.00, real=0.00 secs] 
2014-07-16T02:51:58.634+0000: 2193.172: [GC [PSYoungGen: 299746K->894K(291328K)] 629846K->331058K(978304K), 0.0060590 secs] [Times: user=0.04 sys=0.00, real=0.01 secs] 
2014-07-16T02:51:59.676+0000: 2194.214: [GC [PSYoungGen: 291326K->1012K(283776K)] 621490K->331272K(970752K), 0.0056930 secs] [Times: user=0.04 sys=0.00, real=0.01 secs] 
2014-07-16T02:52:00.619+0000: 2195.158: [GC [PSYoungGen: 283764K->868K(276288K)] 614024K->331208K(963264K), 0.0036810 secs] [Times: user=0.02 sys=0.00, real=0.00 secs] 
2014-07-16T02:52:01.648+0000: 2196.186: [GC [PSYoungGen: 276241K->740K(269056K)] 606581K->331144K(956032K), 0.0083520 secs] [Times: user=0.03 sys=0.00, real=0.01 secs] 
2014-07-16T02:52:02.585+0000: 2197.124: [GC [PSYoungGen: 269028K->862K(262400K)] 599432K->331322K(949376K), 0.0111220 secs] [Times: user=0.07 sys=0.00, real=0.01 secs] 
2014-07-16T02:52:03.487+0000: 2198.025: [GC [PSYoungGen: 262366K->1240K(256256K)] 592826K->331764K(943232K), 0.0092770 secs] [Times: user=0.06 sys=0.00, real=0.01 secs] 
2014-07-16T02:52:04.371+0000: 2198.910: [GC [PSYoungGen: 256166K->530K(249216K)] 586690K->331102K(936192K), 0.0077110 secs] [Times: user=0.04 sys=0.00, real=0.01 secs] 
2014-07-16T02:52:05.221+0000: 2199.760: [GC [PSYoungGen: 249170K->708K(243328K)] 579742K->331360K(930304K), 0.0068180 secs] [Times: user=0.04 sys=0.00, real=0.01 secs] 
2014-07-16T02:52:06.074+0000: 2200.612: [GC [PSYoungGen: 243268K->1168K(237952K)] 573920K->331884K(924928K), 0.0094080 secs] [Times: user=0.06 sys=0.00, real=0.01 secs] 
2014-07-16T02:52:06.874+0000: 2201.413: [GC [PSYoungGen: 237805K->1036K(232192K)] 568522K->331832K(919168K), 0.0106210 secs] [Times: user=0.07 sys=0.00, real=0.01 secs] 
2014-07-16T02:52:07.720+0000: 2202.259: [GC [PSYoungGen: 232134K->1036K(226752K)] 562930K->331904K(913728K), 0.0067750 secs] [Times: user=0.04 sys=0.00, real=0.00 secs] 
2014-07-16T02:52:08.509+0000: 2203.048: [GC [PSYoungGen: 226700K->776K(221248K)] 557568K->331708K(908224K), 0.0063050 secs] [Times: user=0.04 sys=0.00, real=0.00 secs] 
2014-07-16T02:52:09.368+0000: 2203.907: [GC [PSYoungGen: 221188K->1164K(216576K)] 552121K->332144K(903552K), 0.0051010 secs] [Times: user=0.03 sys=0.00, real=0.01 secs] 
2014-07-16T02:52:10.093+0000: 2204.632: [GC [PSYoungGen: 216524K->612K(211136K)] 547504K->331640K(898112K), 0.0109230 secs] [Times: user=0.06 sys=0.00, real=0.01 secs] 
2014-07-16T02:52:10.819+0000: 2205.358: [GC [PSYoungGen: 211108K->954K(206784K)] 542136K->332078K(893760K), 0.0060670 secs] [Times: user=0.04 sys=0.00, real=0.00 secs] 
2014-07-16T02:52:11.718+0000: 2206.256: [GC [PSYoungGen: 206778K->772K(202112K)] 537902K->331960K(889088K), 0.0070280 secs] [Times: user=0.04 sys=0.00, real=0.01 secs] 
2014-07-16T02:52:12.431+0000: 2206.969: [GC [PSYoungGen: 202052K->1504K(198464K)] 533240K->332804K(885440K), 0.0064900 secs] [Times: user=0.04 sys=0.00, real=0.00 secs] 
2014-07-16T02:52:13.107+0000: 2207.646: [GC [PSYoungGen: 198396K->740K(193472K)] 529697K->332144K(880448K), 0.0086470 secs] [Times: user=0.06 sys=0.00, real=0.01 secs] 
2014-07-16T02:52:13.763+0000: 2208.302: [GC [PSYoungGen: 193444K->1108K(232448K)] 524848K->332584K(919424K), 0.0078780 secs] [Times: user=0.05 sys=0.01, real=0.01 secs] 
2014-07-16T02:52:14.546+0000: 2209.085: [GC [PSYoungGen: 232404K->644K(226560K)] 563880K->332176K(913536K), 0.0041940 secs] [Times: user=0.03 sys=0.00, real=0.01 secs] 
2014-07-16T02:52:15.314+0000: 2209.853: [GC [PSYoungGen: 226500K->1176K(221824K)] 558032K->332772K(908800K), 0.0053380 secs] [Times: user=0.03 sys=0.00, real=0.00 secs] 
2014-07-16T02:52:16.094+0000: 2210.633: [GC [PSYoungGen: 221739K->1240K(216832K)] 553336K->332900K(903808K), 0.0100690 secs] [Times: user=0.07 sys=0.00, real=0.01 secs] 
2014-07-16T02:52:17.028+0000: 2211.567: [GC [PSYoungGen: 216791K->830K(211520K)] 548452K->332538K(898496K), 0.0037250 secs] [Times: user=0.02 sys=0.00, real=0.01 secs] 
2014-07-16T02:52:17.745+0000: 2212.283: [GC [PSYoungGen: 211518K->794K(253696K)] 543226K->332534K(940672K), 0.0159730 secs] [Times: user=0.09 sys=0.01, real=0.02 secs] 
2014-07-16T02:52:18.674+0000: 2213.213: [GC [PSYoungGen: 253658K->794K(304320K)] 585398K->332558K(991296K), 0.0055610 secs] [Times: user=0.02 sys=0.01, real=0.00 secs] 
2014-07-16T02:52:19.796+0000: 2214.335: [GC [PSYoungGen: 304282K->1104K(296448K)] 636046K->332956K(983424K), 0.0080270 secs] [Times: user=0.06 sys=0.00, real=0.01 secs] 
2014-07-16T02:52:20.785+0000: 2215.323: [GC [PSYoungGen: 296400K->580K(288064K)] 628252K->332472K(975040K), 0.0092190 secs] [Times: user=0.05 sys=0.00, real=0.01 secs] 
2014-07-16T02:52:21.851+0000: 2216.390: [GC [PSYoungGen: 287946K->1168K(281088K)] 619838K->333156K(968064K), 0.0049090 secs] [Times: user=0.03 sys=0.00, real=0.00 secs] 
2014-07-16T02:52:22.828+0000: 2217.367: [GC [PSYoungGen: 281040K->694K(273344K)] 613028K->332754K(960320K), 0.0049600 secs] [Times: user=0.02 sys=0.00, real=0.01 secs] 
2014-07-16T02:52:23.799+0000: 2218.338: [GC [PSYoungGen: 273334K->1340K(267008K)] 605394K->333572K(953984K), 0.0052930 secs] [Times: user=0.03 sys=0.00, real=0.01 secs] 
2014-07-16T02:52:24.697+0000: 2219.236: [GC [PSYoungGen: 267004K->876K(259840K)] 599236K->333180K(946816K), 0.0046950 secs] [Times: user=0.02 sys=0.00, real=0.01 secs] 
2014-07-16T02:52:25.616+0000: 2220.154: [GC [PSYoungGen: 259809K->1140K(253632K)] 592114K->333500K(940608K), 0.0076100 secs] [Times: user=0.05 sys=0.00, real=0.01 secs] 
2014-07-16T02:52:26.620+0000: 2221.158: [GC [PSYoungGen: 253620K->1222K(247552K)] 585980K->333622K(934528K), 0.0093390 secs] [Times: user=0.04 sys=0.00, real=0.01 secs] 
2014-07-16T02:52:27.463+0000: 2222.001: [GC [PSYoungGen: 247459K->612K(240896K)] 579859K->333060K(927872K), 0.0074390 secs] [Times: user=0.04 sys=0.00, real=0.00 secs] 
2014-07-16T02:52:28.304+0000: 2222.843: [GC [PSYoungGen: 240852K->1136K(235648K)] 573300K->333656K(922624K), 0.0117980 secs] [Times: user=0.08 sys=0.00, real=0.01 secs] 
2014-07-16T02:52:29.140+0000: 2223.679: [GC [PSYoungGen: 235632K->922K(229888K)] 568152K->333506K(916864K), 0.0073930 secs] [Times: user=0.03 sys=0.01, real=0.01 secs] 
2014-07-16T02:52:30.035+0000: 2224.573: [GC [PSYoungGen: 229850K->1314K(224896K)] 562434K->333986K(911872K), 0.0070690 secs] [Times: user=0.04 sys=0.00, real=0.00 secs] 
2014-07-16T02:52:30.771+0000: 2225.310: [GC [PSYoungGen: 224866K->562K(218944K)] 557538K->333298K(905920K), 0.0048700 secs] [Times: user=0.02 sys=0.01, real=0.01 secs] 
2014-07-16T02:52:31.607+0000: 2226.145: [GC [PSYoungGen: 218906K->1392K(214784K)] 551643K->334176K(901760K), 0.0108080 secs] [Times: user=0.04 sys=0.00, real=0.01 secs] 
2014-07-16T02:52:32.335+0000: 2226.874: [GC [PSYoungGen: 214768K->1308K(209920K)] 547552K->334172K(896896K), 0.0072800 secs] [Times: user=0.04 sys=0.00, real=0.01 secs] 
2014-07-16T02:52:33.033+0000: 2227.571: [GC [PSYoungGen: 209867K->800K(204800K)] 542732K->333760K(891776K), 0.0068910 secs] [Times: user=0.05 sys=0.00, real=0.00 secs] 
2014-07-16T02:52:33.735+0000: 2228.273: [GC [PSYoungGen: 204768K->594K(200128K)] 537728K->333594K(887104K), 0.0043180 secs] [Times: user=0.02 sys=0.00, real=0.00 secs] 
2014-07-16T02:52:34.443+0000: 2228.982: [GC [PSYoungGen: 200082K->1114K(196352K)] 533082K->334226K(883328K), 0.0088080 secs] [Times: user=0.06 sys=0.00, real=0.00 secs] 
2014-07-16T02:52:35.136+0000: 2229.675: [GC [PSYoungGen: 196314K->1350K(192448K)] 529426K->334510K(879424K), 0.0058180 secs] [Times: user=0.02 sys=0.01, real=0.00 secs] 
2014-07-16T02:52:35.811+0000: 2230.350: [GC [PSYoungGen: 192390K->1210K(188224K)] 525550K->334466K(875200K), 0.0082520 secs] [Times: user=0.06 sys=0.00, real=0.01 secs] 
2014-07-16T02:52:36.441+0000: 2230.979: [GC [PSYoungGen: 188218K->1140K(225600K)] 521474K->334590K(912576K), 0.0072720 secs] [Times: user=0.04 sys=0.00, real=0.01 secs] 
2014-07-16T02:52:37.310+0000: 2231.848: [GC [PSYoungGen: 225567K->1322K(220608K)] 559017K->334844K(907584K), 0.0072080 secs] [Times: user=0.05 sys=0.00, real=0.01 secs] 
2014-07-16T02:52:38.106+0000: 2232.645: [GC [PSYoungGen: 220492K->862K(215168K)] 554014K->334432K(902144K), 0.0072240 secs] [Times: user=0.05 sys=0.00, real=0.01 secs] 
2014-07-16T02:52:38.849+0000: 2233.387: [GC [PSYoungGen: 215134K->908K(210432K)] 548704K->334542K(897408K), 0.0074490 secs] [Times: user=0.05 sys=0.00, real=0.01 secs] 
2014-07-16T02:52:39.570+0000: 2234.109: [GC [PSYoungGen: 210380K->576K(205376K)] 544014K->334282K(892352K), 0.0043740 secs] [Times: user=0.02 sys=0.00, real=0.01 secs] 
2014-07-16T02:52:40.342+0000: 2234.881: [GC [PSYoungGen: 205376K->986K(201344K)] 539082K->334772K(888320K), 0.0090430 secs] [Times: user=0.05 sys=0.00, real=0.01 secs] 
2014-07-16T02:52:41.022+0000: 2235.560: [GC [PSYoungGen: 201306K->712K(241152K)] 535092K->334546K(928128K), 0.0107600 secs] [Times: user=0.07 sys=0.00, real=0.01 secs] 
2014-07-16T02:52:41.977+0000: 2236.516: [GC [PSYoungGen: 241096K->932K(235584K)] 574930K->334854K(922560K), 0.0047420 secs] [Times: user=0.02 sys=0.00, real=0.00 secs] 
2014-07-16T02:52:42.722+0000: 2237.261: [GC [PSYoungGen: 235511K->958K(230016K)] 569434K->334960K(916992K), 0.0068790 secs] [Times: user=0.04 sys=0.01, real=0.01 secs] 
2014-07-16T02:52:43.510+0000: 2238.049: [GC [PSYoungGen: 229980K->740K(224448K)] 563983K->334830K(911424K), 0.0054960 secs] [Times: user=0.04 sys=0.00, real=0.01 secs] 
2014-07-16T02:52:44.280+0000: 2238.819: [GC [PSYoungGen: 224420K->640K(219136K)] 558510K->334818K(906112K), 0.0080480 secs] [Times: user=0.04 sys=0.00, real=0.01 secs] 
2014-07-16T02:52:45.033+0000: 2239.571: [GC [PSYoungGen: 219109K->1200K(214720K)] 553287K->335482K(901696K), 0.0069110 secs] [Times: user=0.05 sys=0.00, real=0.01 secs] 
2014-07-16T02:52:45.784+0000: 2240.322: [GC [PSYoungGen: 214704K->1264K(209984K)] 548986K->335700K(896960K), 0.0046800 secs] [Times: user=0.03 sys=0.00, real=0.01 secs] 
2014-07-16T02:52:46.525+0000: 2241.064: [GC [PSYoungGen: 209921K->1136K(205248K)] 544357K->335636K(892224K), 0.0078160 secs] [Times: user=0.05 sys=0.00, real=0.00 secs] 
2014-07-16T02:52:47.338+0000: 2241.877: [GC [PSYoungGen: 205232K->1024K(200640K)] 539732K->335604K(887616K), 0.0045810 secs] [Times: user=0.02 sys=0.01, real=0.00 secs] 
2014-07-16T02:52:48.010+0000: 2242.549: [GC [PSYoungGen: 200640K->1164K(196480K)] 535220K->335832K(883456K), 0.0060100 secs] [Times: user=0.03 sys=0.01, real=0.01 secs] 
2014-07-16T02:52:48.748+0000: 2243.287: [GC [PSYoungGen: 196423K->1144K(192256K)] 531092K->335876K(879232K), 0.0063000 secs] [Times: user=0.04 sys=0.00, real=0.00 secs] 
2014-07-16T02:52:49.415+0000: 2243.954: [GC [PSYoungGen: 192248K->676K(187776K)] 526980K->335440K(874752K), 0.0072900 secs] [Times: user=0.02 sys=0.00, real=0.00 secs] 
2014-07-16T02:52:50.078+0000: 2244.617: [GC [PSYoungGen: 187748K->1386K(184576K)] 522512K->336246K(871552K), 0.0036790 secs] [Times: user=0.02 sys=0.00, real=0.00 secs] 
2014-07-16T02:52:50.758+0000: 2245.296: [GC [PSYoungGen: 184536K->1032K(180480K)] 519396K->335964K(867456K), 0.0074860 secs] [Times: user=0.03 sys=0.00, real=0.01 secs] 
2014-07-16T02:52:51.364+0000: 2245.903: [GC [PSYoungGen: 180424K->990K(176768K)] 515356K->335994K(863744K), 0.0047330 secs] [Times: user=0.02 sys=0.00, real=0.01 secs] 
2014-07-16T02:52:52.078+0000: 2246.617: [GC [PSYoungGen: 176734K->1204K(173440K)] 511738K->336280K(860416K), 0.0074280 secs] [Times: user=0.04 sys=0.00, real=0.01 secs] 
2014-07-16T02:52:52.667+0000: 2247.206: [GC [PSYoungGen: 173428K->672K(169536K)] 508504K->335820K(856512K), 0.0056000 secs] [Times: user=0.03 sys=0.00, real=0.00 secs] 
2014-07-16T02:52:53.260+0000: 2247.799: [GC [PSYoungGen: 169504K->1172K(166720K)] 504652K->336376K(853696K), 0.0056510 secs] [Times: user=0.02 sys=0.00, real=0.01 secs] 
2014-07-16T02:52:53.818+0000: 2248.357: [GC [PSYoungGen: 166637K->918K(199616K)] 501841K->336186K(886592K), 0.0096610 secs] [Times: user=0.05 sys=0.00, real=0.01 secs] 
2014-07-16T02:52:54.515+0000: 2249.054: [GC [PSYoungGen: 199574K->736K(195136K)] 534842K->336068K(882112K), 0.0043780 secs] [Times: user=0.02 sys=0.00, real=0.01 secs] 
2014-07-16T02:52:55.195+0000: 2249.734: [GC [PSYoungGen: 195104K->1144K(234432K)] 530436K->336532K(921408K), 0.0089500 secs] [Times: user=0.06 sys=0.01, real=0.01 secs] 
2014-07-16T02:52:56.020+0000: 2250.558: [GC [PSYoungGen: 234424K->1176K(228992K)] 569812K->336644K(915968K), 0.0047750 secs] [Times: user=0.03 sys=0.00, real=0.00 secs] 
2014-07-16T02:52:56.808+0000: 2251.347: [GC [PSYoungGen: 228952K->866K(274240K)] 564420K->336626K(961216K), 0.0143650 secs] [Times: user=0.09 sys=0.01, real=0.01 secs] 
2014-07-16T02:52:57.886+0000: 2252.425: [GC [PSYoungGen: 274210K->1382K(302272K)] 609970K->337214K(989248K), 0.0082530 secs] [Times: user=0.05 sys=0.00, real=0.00 secs] 
2014-07-16T02:52:58.892+0000: 2253.431: [GC [PSYoungGen: 302054K->1654K(294272K)] 637886K->337830K(981248K), 0.0074410 secs] [Times: user=0.05 sys=0.00, real=0.01 secs] 
2014-07-16T02:52:59.928+0000: 2254.466: [GC [PSYoungGen: 294216K->876K(285760K)] 630393K->337092K(972736K), 0.0056820 secs] [Times: user=0.02 sys=0.00, real=0.00 secs] 
2014-07-16T02:53:01.056+0000: 2255.595: [GC [PSYoungGen: 285703K->658K(278144K)] 621920K->336938K(965120K), 0.0040600 secs] [Times: user=0.02 sys=0.00, real=0.01 secs] 
2014-07-16T02:53:01.948+0000: 2256.486: [GC [PSYoungGen: 278098K->1446K(271744K)] 614378K->337830K(958720K), 0.0039190 secs] [Times: user=0.03 sys=0.00, real=0.00 secs] 
2014-07-16T02:53:03.018+0000: 2257.557: [GC [PSYoungGen: 271718K->836K(264256K)] 608102K->337292K(951232K), 0.0072870 secs] [Times: user=0.04 sys=0.00, real=0.00 secs] 
2014-07-16T02:53:03.906+0000: 2258.445: [GC [PSYoungGen: 264196K->548K(257344K)] 600652K->337052K(944320K), 0.0090240 secs] [Times: user=0.06 sys=0.00, real=0.01 secs] 
2014-07-16T02:53:04.810+0000: 2259.349: [GC [PSYoungGen: 257286K->694K(251072K)] 593791K->337262K(938048K), 0.0064240 secs] [Times: user=0.05 sys=0.00, real=0.00 secs] 
2014-07-16T02:53:05.641+0000: 2260.179: [GC [PSYoungGen: 251045K->1112K(245376K)] 587613K->337736K(932352K), 0.0040780 secs] [Times: user=0.03 sys=0.00, real=0.00 secs] 
2014-07-16T02:53:06.511+0000: 2261.049: [GC [PSYoungGen: 245336K->1172K(239552K)] 581960K->337876K(926528K), 0.0042330 secs] [Times: user=0.02 sys=0.00, real=0.00 secs] 
2014-07-16T02:53:07.453+0000: 2261.992: [GC [PSYoungGen: 239437K->1350K(234048K)] 576142K->338158K(921024K), 0.0063890 secs] [Times: user=0.04 sys=0.00, real=0.01 secs] 
2014-07-16T02:53:08.234+0000: 2262.773: [GC [PSYoungGen: 233990K->676K(227840K)] 570798K->337524K(914816K), 0.0059700 secs] [Times: user=0.02 sys=0.00, real=0.01 secs] 
2014-07-16T02:53:09.065+0000: 2263.603: [GC [PSYoungGen: 227812K->1390K(223232K)] 564660K->338326K(910208K), 0.0063520 secs] [Times: user=0.04 sys=0.01, real=0.01 secs] 
2014-07-16T02:53:09.852+0000: 2264.390: [GC [PSYoungGen: 223214K->1000K(217728K)] 560150K->338008K(904704K), 0.0058730 secs] [Times: user=0.02 sys=0.00, real=0.00 secs] 
2014-07-16T02:53:10.652+0000: 2265.190: [GC [PSYoungGen: 217702K->1142K(212928K)] 554711K->338230K(899904K), 0.0084240 secs] [Times: user=0.05 sys=0.00, real=0.01 secs] 
2014-07-16T02:53:11.394+0000: 2265.933: [GC [PSYoungGen: 212918K->886K(207936K)] 550006K->338054K(894912K), 0.0095990 secs] [Times: user=0.06 sys=0.00, real=0.01 secs] 
2014-07-16T02:53:12.137+0000: 2266.676: [GC [PSYoungGen: 207926K->1424K(249920K)] 545094K->338672K(936896K), 0.0105200 secs] [Times: user=0.07 sys=0.00, real=0.01 secs] 
2014-07-16T02:53:13.087+0000: 2267.626: [GC [PSYoungGen: 249841K->1128K(243520K)] 587090K->338464K(930496K), 0.0049360 secs] [Times: user=0.03 sys=0.01, real=0.01 secs] 
2014-07-16T02:53:13.923+0000: 2268.461: [GC [PSYoungGen: 243496K->772K(237376K)] 580832K->338172K(924352K), 0.0071970 secs] [Times: user=0.05 sys=0.00, real=0.01 secs] 
2014-07-16T02:53:14.729+0000: 2269.268: [GC [PSYoungGen: 237270K->1186K(232128K)] 574670K->338682K(919104K), 0.0060360 secs] [Times: user=0.02 sys=0.00, real=0.00 secs] 
2014-07-16T02:53:15.516+0000: 2270.054: [GC [PSYoungGen: 232098K->640K(226112K)] 569594K->338208K(913088K), 0.0079650 secs] [Times: user=0.05 sys=0.00, real=0.01 secs] 
2014-07-16T02:53:16.292+0000: 2270.831: [GC [PSYoungGen: 226112K->1382K(221632K)] 563680K->339030K(908608K), 0.0046450 secs] [Times: user=0.02 sys=0.00, real=0.00 secs] 
2014-07-16T02:53:17.061+0000: 2271.600: [GC [PSYoungGen: 221532K->1246K(216448K)] 559181K->338982K(903424K), 0.0038280 secs] [Times: user=0.02 sys=0.00, real=0.00 secs] 
2014-07-16T02:53:17.883+0000: 2272.422: [GC [PSYoungGen: 216414K->630K(210944K)] 554150K->338414K(897920K), 0.0040960 secs] [Times: user=0.02 sys=0.00, real=0.00 secs] 
2014-07-16T02:53:18.616+0000: 2273.155: [GC [PSYoungGen: 210915K->946K(206592K)] 548700K->338842K(893568K), 0.0074140 secs] [Times: user=0.04 sys=0.01, real=0.01 secs] 
2014-07-16T02:53:19.351+0000: 2273.890: [GC [PSYoungGen: 206578K->996K(202112K)] 544474K->338988K(889088K), 0.0094840 secs] [Times: user=0.06 sys=0.01, real=0.01 secs] 
2014-07-16T02:53:20.057+0000: 2274.596: [GC [PSYoungGen: 202084K->790K(242176K)] 540076K->338854K(929152K), 0.0113780 secs] [Times: user=0.07 sys=0.00, real=0.01 secs] 
2014-07-16T02:53:20.899+0000: 2275.438: [GC [PSYoungGen: 242112K->1062K(236608K)] 580177K->339182K(923584K), 0.0063400 secs] [Times: user=0.04 sys=0.00, real=0.01 secs] 
2014-07-16T02:53:21.779+0000: 2276.318: [GC [PSYoungGen: 236572K->882K(230848K)] 574693K->339074K(917824K), 0.0098010 secs] [Times: user=0.05 sys=0.00, real=0.01 secs] 
2014-07-16T02:53:22.689+0000: 2277.227: [GC [PSYoungGen: 230834K->1390K(225984K)] 569026K->339786K(912960K), 0.0086490 secs] [Times: user=0.05 sys=0.00, real=0.01 secs] 
2014-07-16T02:53:23.462+0000: 2278.001: [GC [PSYoungGen: 225966K->1018K(270528K)] 564362K->339494K(957504K), 0.0087460 secs] [Times: user=0.06 sys=0.00, real=0.01 secs] 
2014-07-16T02:53:24.397+0000: 2278.935: [GC [PSYoungGen: 270522K->772K(263488K)] 608998K->339328K(950464K), 0.0066270 secs] [Times: user=0.04 sys=0.00, real=0.01 secs] 
2014-07-16T02:53:25.315+0000: 2279.854: [GC [PSYoungGen: 263428K->772K(256896K)] 601984K->339392K(943872K), 0.0037590 secs] [Times: user=0.02 sys=0.00, real=0.00 secs] 
2014-07-16T02:53:26.197+0000: 2280.735: [GC [PSYoungGen: 256825K->1168K(250944K)] 595446K->339876K(937920K), 0.0093460 secs] [Times: user=0.06 sys=0.00, real=0.01 secs] 
2014-07-16T02:53:27.047+0000: 2281.585: [GC [PSYoungGen: 250861K->866K(244480K)] 589570K->339622K(931456K), 0.0044390 secs] [Times: user=0.03 sys=0.01, real=0.01 secs] 
2014-07-16T02:53:27.977+0000: 2282.515: [GC [PSYoungGen: 244450K->544K(238272K)] 583206K->339364K(925248K), 0.0037400 secs] [Times: user=0.02 sys=0.00, real=0.00 secs] 
2014-07-16T02:53:28.799+0000: 2283.338: [GC [PSYoungGen: 238240K->1240K(233280K)] 577060K->340124K(920256K), 0.0075110 secs] [Times: user=0.05 sys=0.00, real=0.01 secs] 
2014-07-16T02:53:29.621+0000: 2284.159: [GC [PSYoungGen: 233240K->1232K(279680K)] 572124K->340172K(966656K), 0.0157320 secs] [Times: user=0.09 sys=0.00, real=0.02 secs] 
2014-07-16T02:53:30.624+0000: 2285.163: [GC [PSYoungGen: 279602K->744K(302976K)] 618543K->339756K(989952K), 0.0122120 secs] [Times: user=0.08 sys=0.00, real=0.01 secs] 
2014-07-16T02:53:31.689+0000: 2286.227: [GC [PSYoungGen: 301992K->1654K(294848K)] 641004K->340854K(981824K), 0.0050050 secs] [Times: user=0.03 sys=0.00, real=0.01 secs] 
2014-07-16T02:53:32.807+0000: 2287.346: [GC [PSYoungGen: 294804K->876K(286336K)] 634005K->340132K(973312K), 0.0037350 secs] [Times: user=0.02 sys=0.00, real=0.01 secs] 
2014-07-16T02:53:33.780+0000: 2288.318: [GC [PSYoungGen: 286316K->1332K(279296K)] 625572K->340700K(966272K), 0.0062640 secs] [Times: user=0.04 sys=0.00, real=0.01 secs] 
2014-07-16T02:53:34.752+0000: 2289.290: [GC [PSYoungGen: 279284K->1004K(271808K)] 618652K->340452K(958784K), 0.0068950 secs] [Times: user=0.04 sys=0.01, real=0.01 secs] 
2014-07-16T02:53:35.693+0000: 2290.232: [GC [PSYoungGen: 271788K->754K(264640K)] 611236K->340282K(951616K), 0.0091080 secs] [Times: user=0.06 sys=0.00, real=0.01 secs] 
2014-07-16T02:53:36.581+0000: 2291.120: [GC [PSYoungGen: 264626K->1132K(258368K)] 604154K->340732K(945344K), 0.0057000 secs] [Times: user=0.03 sys=0.00, real=0.01 secs] 
2014-07-16T02:53:37.481+0000: 2292.020: [GC [PSYoungGen: 258314K->1072K(251904K)] 597915K->340728K(938880K), 0.0057710 secs] [Times: user=0.02 sys=0.00, real=0.01 secs] 
2014-07-16T02:53:38.456+0000: 2292.995: [GC [PSYoungGen: 251888K->1294K(246016K)] 591544K->340982K(932992K), 0.0048890 secs] [Times: user=0.02 sys=0.00, real=0.00 secs] 
2014-07-16T02:53:39.274+0000: 2293.813: [GC [PSYoungGen: 245935K->1080K(239808K)] 585624K->341078K(926784K), 0.0093460 secs] [Times: user=0.07 sys=0.00, real=0.01 secs] 
2014-07-16T02:53:40.089+0000: 2294.627: [GC [PSYoungGen: 239800K->1258K(234304K)] 579798K->341320K(921280K), 0.0061090 secs] [Times: user=0.03 sys=0.00, real=0.01 secs] 
2014-07-16T02:53:40.905+0000: 2295.444: [GC [PSYoungGen: 234280K->872K(228416K)] 574343K->341056K(915392K), 0.0063430 secs] [Times: user=0.03 sys=0.00, real=0.00 secs] 
2014-07-16T02:53:41.742+0000: 2296.280: [GC [PSYoungGen: 228392K->982K(223232K)] 568576K->341254K(910208K), 0.0064950 secs] [Times: user=0.04 sys=0.00, real=0.01 secs] 
2014-07-16T02:53:42.600+0000: 2297.139: [GC [PSYoungGen: 223151K->1272K(218368K)] 563424K->341648K(905344K), 0.0089800 secs] [Times: user=0.06 sys=0.00, real=0.01 secs] 
2014-07-16T02:53:43.453+0000: 2297.992: [GC [PSYoungGen: 218360K->954K(213120K)] 558736K->341402K(900096K), 0.0093770 secs] [Times: user=0.06 sys=0.01, real=0.01 secs] 
2014-07-16T02:53:44.189+0000: 2298.728: [GC [PSYoungGen: 213114K->1276K(208704K)] 553562K->341960K(895680K), 0.0068800 secs] [Times: user=0.04 sys=0.00, real=0.01 secs] 
2014-07-16T02:53:44.891+0000: 2299.430: [GC [PSYoungGen: 208676K->1004K(203840K)] 549360K->341792K(890816K), 0.0060660 secs] [Times: user=0.04 sys=0.00, real=0.01 secs] 
2014-07-16T02:53:45.571+0000: 2300.110: [GC [PSYoungGen: 203820K->890K(199296K)] 544608K->341742K(886272K), 0.0075030 secs] [Times: user=0.05 sys=0.00, real=0.01 secs] 
2014-07-16T02:53:46.281+0000: 2300.819: [GC [PSYoungGen: 199243K->1232K(195392K)] 540096K->342148K(882368K), 0.0051360 secs] [Times: user=0.02 sys=0.01, real=0.01 secs] 
2014-07-16T02:53:46.992+0000: 2301.531: [GC [PSYoungGen: 195318K->840K(190848K)] 536234K->341828K(877824K), 0.0035830 secs] [Times: user=0.02 sys=0.00, real=0.01 secs] 
2014-07-16T02:53:47.656+0000: 2302.195: [GC [PSYoungGen: 190792K->844K(186880K)] 531780K->341912K(873856K), 0.0057300 secs] [Times: user=0.04 sys=0.00, real=0.00 secs] 
2014-07-16T02:53:48.441+0000: 2302.980: [GC [PSYoungGen: 186828K->1222K(183424K)] 527896K->342378K(870400K), 0.0057490 secs] [Times: user=0.04 sys=0.00, real=0.01 secs] 
2014-07-16T02:53:49.127+0000: 2303.666: [GC [PSYoungGen: 183366K->822K(179264K)] 524522K->342034K(866240K), 0.0104070 secs] [Times: user=0.06 sys=0.01, real=0.01 secs] 
2014-07-16T02:53:49.742+0000: 2304.281: [GC [PSYoungGen: 179254K->926K(175744K)] 520466K->342202K(862720K), 0.0061550 secs] [Times: user=0.04 sys=0.00, real=0.01 secs] 
2014-07-16T02:53:50.335+0000: 2304.873: [GC [PSYoungGen: 175710K->576K(171840K)] 516986K->341908K(858816K), 0.0066640 secs] [Times: user=0.04 sys=0.01, real=0.00 secs] 
2014-07-16T02:53:50.995+0000: 2305.534: [GC [PSYoungGen: 171840K->1186K(169088K)] 513172K->342606K(856064K), 0.0060860 secs] [Times: user=0.04 sys=0.00, real=0.00 secs] 
2014-07-16T02:53:51.635+0000: 2306.174: [GC [PSYoungGen: 169058K->1364K(166016K)] 510478K->342840K(852992K), 0.0048170 secs] [Times: user=0.02 sys=0.01, real=0.00 secs] 
2014-07-16T02:53:52.244+0000: 2306.783: [GC [PSYoungGen: 165972K->766K(198336K)] 507448K->342678K(885312K), 0.0088890 secs] [Times: user=0.07 sys=0.00, real=0.00 secs] 
2014-07-16T02:53:53.138+0000: 2307.677: [GC [PSYoungGen: 198306K->762K(194112K)] 540219K->342714K(881088K), 0.0082410 secs] [Times: user=0.05 sys=0.00, real=0.01 secs] 
2014-07-16T02:53:53.807+0000: 2308.346: [GC [PSYoungGen: 194106K->994K(233088K)] 536058K->343127K(920064K), 0.0076770 secs] [Times: user=0.05 sys=0.00, real=0.01 secs] 
2014-07-16T02:53:54.630+0000: 2309.169: [GC [PSYoungGen: 233058K->812K(227456K)] 575191K->343000K(914432K), 0.0073530 secs] [Times: user=0.04 sys=0.00, real=0.01 secs] 
2014-07-16T02:53:55.446+0000: 2309.984: [GC [PSYoungGen: 227436K->626K(272640K)] 569624K->342862K(959616K), 0.0110420 secs] [Times: user=0.06 sys=0.00, real=0.01 secs] 
2014-07-16T02:53:56.393+0000: 2310.931: [GC [PSYoungGen: 272626K->1650K(266688K)] 614862K->344007K(953664K), 0.0039520 secs] [Times: user=0.02 sys=0.00, real=0.01 secs] 
2014-07-16T02:53:57.372+0000: 2311.911: [GC [PSYoungGen: 266674K->1082K(259456K)] 609031K->343558K(946432K), 0.0056810 secs] [Times: user=0.03 sys=0.01, real=0.01 secs] 
2014-07-16T02:53:58.374+0000: 2312.913: [GC [PSYoungGen: 259361K->1694K(253632K)] 601838K->344227K(940608K), 0.0062100 secs] [Times: user=0.03 sys=0.00, real=0.01 secs] 
2014-07-16T02:53:59.248+0000: 2313.786: [GC [PSYoungGen: 253598K->640K(246336K)] 596131K->343228K(933312K), 0.0041750 secs] [Times: user=0.03 sys=0.00, real=0.00 secs] 
2014-07-16T02:54:00.126+0000: 2314.665: [GC [PSYoungGen: 246334K->1004K(240768K)] 588923K->343656K(927744K), 0.0085060 secs] [Times: user=0.05 sys=0.00, real=0.00 secs] 
2014-07-16T02:54:00.950+0000: 2315.488: [GC [PSYoungGen: 240708K->1072K(235072K)] 583361K->343805K(922048K), 0.0062470 secs] [Times: user=0.03 sys=0.00, real=0.01 secs] 
2014-07-16T02:54:01.798+0000: 2316.337: [GC [PSYoungGen: 235056K->894K(229376K)] 577789K->343674K(916352K), 0.0043220 secs] [Times: user=0.02 sys=0.01, real=0.00 secs] 
2014-07-16T02:54:02.645+0000: 2317.184: [GC [PSYoungGen: 229374K->1140K(224320K)] 572154K->344017K(911296K), 0.0068640 secs] [Times: user=0.04 sys=0.01, real=0.01 secs] 
2014-07-16T02:54:03.648+0000: 2318.187: [GC [PSYoungGen: 224304K->1254K(219328K)] 567181K->344227K(906304K), 0.0123210 secs] [Times: user=0.07 sys=0.01, real=0.01 secs] 
2014-07-16T02:54:04.429+0000: 2318.967: [GC [PSYoungGen: 219302K->900K(214016K)] 562275K->343944K(900992K), 0.0111200 secs] [Times: user=0.05 sys=0.01, real=0.01 secs] 
2014-07-16T02:54:05.201+0000: 2319.740: [GC [PSYoungGen: 213956K->1318K(209600K)] 557000K->344435K(896576K), 0.0052530 secs] [Times: user=0.02 sys=0.00, real=0.01 secs] 
2014-07-16T02:54:05.922+0000: 2320.461: [GC [PSYoungGen: 209573K->1190K(251136K)] 552690K->344461K(938112K), 0.0114090 secs] [Times: user=0.07 sys=0.00, real=0.01 secs] 
2014-07-16T02:54:06.796+0000: 2321.334: [GC [PSYoungGen: 251110K->634K(244416K)] 594381K->343936K(931392K), 0.0058170 secs] [Times: user=0.02 sys=0.00, real=0.01 secs] 
2014-07-16T02:54:07.674+0000: 2322.213: [GC [PSYoungGen: 244410K->1676K(239616K)] 587712K->345035K(926592K), 0.0081320 secs] [Times: user=0.05 sys=0.00, real=0.01 secs] 
2014-07-16T02:54:08.535+0000: 2323.074: [GC [PSYoungGen: 239564K->1080K(233280K)] 582923K->344487K(920256K), 0.0045330 secs] [Times: user=0.02 sys=0.01, real=0.01 secs] 
2014-07-16T02:54:09.367+0000: 2323.905: [GC [PSYoungGen: 233272K->1190K(227968K)] 576679K->344685K(914944K), 0.0068940 secs] [Times: user=0.04 sys=0.00, real=0.01 secs] 
2014-07-16T02:54:10.176+0000: 2324.714: [GC [PSYoungGen: 227942K->908K(222464K)] 571437K->344482K(909440K), 0.0036620 secs] [Times: user=0.03 sys=0.00, real=0.01 secs] 
2014-07-16T02:54:10.953+0000: 2325.492: [GC [PSYoungGen: 222412K->1040K(217536K)] 565986K->344679K(904512K), 0.0048970 secs] [Times: user=0.03 sys=0.00, real=0.01 secs] 
2014-07-16T02:54:11.722+0000: 2326.261: [GC [PSYoungGen: 217456K->644K(212224K)] 561095K->344354K(899200K), 0.0057560 secs] [Times: user=0.04 sys=0.00, real=0.01 secs] 
2014-07-16T02:54:12.477+0000: 2327.016: [GC [PSYoungGen: 212164K->708K(207552K)] 555874K->344458K(894528K), 0.0052380 secs] [Times: user=0.02 sys=0.00, real=0.00 secs] 
2014-07-16T02:54:13.486+0000: 2328.025: [GC [PSYoungGen: 207459K->1278K(203520K)] 551210K->345117K(890496K), 0.0084530 secs] [Times: user=0.06 sys=0.00, real=0.01 secs] 
2014-07-16T02:54:14.140+0000: 2328.678: [GC [PSYoungGen: 203439K->1500K(199360K)] 547277K->345427K(886336K), 0.0083510 secs] [Times: user=0.05 sys=0.00, real=0.01 secs] 
2014-07-16T02:54:14.848+0000: 2329.387: [GC [PSYoungGen: 199324K->1168K(194752K)] 543251K->345183K(881728K), 0.0077010 secs] [Times: user=0.05 sys=0.00, real=0.00 secs] 
2014-07-16T02:54:15.521+0000: 2330.060: [GC [PSYoungGen: 194704K->1060K(233344K)] 538719K->345186K(920320K), 0.0095550 secs] [Times: user=0.08 sys=0.00, real=0.01 secs] 
2014-07-16T02:54:16.293+0000: 2330.831: [GC [PSYoungGen: 233316K->1240K(228032K)] 577442K->345415K(915008K), 0.0071500 secs] [Times: user=0.04 sys=0.00, real=0.01 secs] 
2014-07-16T02:54:17.090+0000: 2331.628: [GC [PSYoungGen: 227992K->726K(222272K)] 572167K->344964K(909248K), 0.0037590 secs] [Times: user=0.02 sys=0.01, real=0.00 secs] 
2014-07-16T02:54:17.815+0000: 2332.353: [GC [PSYoungGen: 222230K->754K(217216K)] 566468K->345096K(904192K), 0.0086480 secs] [Times: user=0.05 sys=0.00, real=0.01 secs] 
2014-07-16T02:54:18.672+0000: 2333.211: [GC [PSYoungGen: 217202K->1110K(212672K)] 561544K->345540K(899648K), 0.0071540 secs] [Times: user=0.05 sys=0.01, real=0.01 secs] 
2014-07-16T02:54:19.377+0000: 2333.916: [GC [PSYoungGen: 212630K->914K(207744K)] 557060K->345440K(894720K), 0.0078860 secs] [Times: user=0.05 sys=0.00, real=0.01 secs] 
2014-07-16T02:54:20.097+0000: 2334.635: [GC [PSYoungGen: 207698K->922K(203200K)] 552224K->345544K(890176K), 0.0071510 secs] [Times: user=0.05 sys=0.00, real=0.01 secs] 
2014-07-16T02:54:20.789+0000: 2335.328: [GC [PSYoungGen: 203158K->858K(198720K)] 547781K->345552K(885696K), 0.0061690 secs] [Times: user=0.04 sys=0.00, real=0.00 secs] 
2014-07-16T02:54:21.475+0000: 2336.014: [GC [PSYoungGen: 198682K->1476K(238976K)] 543376K->346227K(925952K), 0.0124400 secs] [Times: user=0.08 sys=0.00, real=0.01 secs] 
2014-07-16T02:54:22.294+0000: 2336.833: [GC [PSYoungGen: 238916K->812K(285760K)] 583667K->345610K(972736K), 0.0135050 secs] [Times: user=0.08 sys=0.00, real=0.01 secs] 
2014-07-16T02:54:23.409+0000: 2337.948: [GC [PSYoungGen: 285740K->1150K(291264K)] 630538K->346397K(978240K), 0.0122270 secs] [Times: user=0.07 sys=0.00, real=0.01 secs] 
2014-07-16T02:54:24.488+0000: 2339.027: [GC [PSYoungGen: 291233K->1440K(291968K)] 636480K->346759K(978944K), 0.0064430 secs] [Times: user=0.04 sys=0.01, real=0.01 secs] 
2014-07-16T02:54:25.451+0000: 2339.989: [GC [PSYoungGen: 291552K->1050K(283520K)] 636871K->346465K(970496K), 0.0048010 secs] [Times: user=0.02 sys=0.00, real=0.00 secs] 
2014-07-16T02:54:26.460+0000: 2340.999: [GC [PSYoungGen: 283482K->1394K(276480K)] 628897K->346841K(963456K), 0.0050290 secs] [Times: user=0.02 sys=0.00, real=0.00 secs] 
2014-07-16T02:54:27.403+0000: 2341.942: [GC [PSYoungGen: 276466K->1108K(269184K)] 621913K->346635K(956160K), 0.0083910 secs] [Times: user=0.05 sys=0.00, real=0.01 secs] 
2014-07-16T02:54:28.369+0000: 2342.908: [GC [PSYoungGen: 269140K->1150K(262400K)] 614667K->346717K(949376K), 0.0129190 secs] [Times: user=0.06 sys=0.00, real=0.03 secs] 
2014-07-16T02:54:29.355+0000: 2343.894: [GC [PSYoungGen: 262398K->958K(255680K)] 607965K->346581K(942656K), 0.0041790 secs] [Times: user=0.02 sys=0.00, real=0.00 secs] 
2014-07-16T02:54:30.248+0000: 2344.786: [GC [PSYoungGen: 255678K->854K(249344K)] 601301K->346549K(936320K), 0.0082510 secs] [Times: user=0.05 sys=0.01, real=0.01 secs] 
2014-07-16T02:54:31.124+0000: 2345.662: [GC [PSYoungGen: 249302K->858K(243264K)] 594997K->346617K(930240K), 0.0044810 secs] [Times: user=0.03 sys=0.00, real=0.00 secs] 
2014-07-16T02:54:31.990+0000: 2346.529: [GC [PSYoungGen: 243226K->812K(237376K)] 588985K->346603K(924352K), 0.0051250 secs] [Times: user=0.02 sys=0.00, real=0.00 secs] 
2014-07-16T02:54:32.801+0000: 2347.340: [GC [PSYoungGen: 237356K->744K(231680K)] 583147K->346599K(918656K), 0.0077300 secs] [Times: user=0.05 sys=0.00, real=0.00 secs] 
2014-07-16T02:54:33.722+0000: 2348.260: [GC [PSYoungGen: 231656K->804K(226304K)] 577511K->346730K(913280K), 0.0080860 secs] [Times: user=0.06 sys=0.00, real=0.00 secs] 
2014-07-16T02:54:34.546+0000: 2349.084: [GC [PSYoungGen: 226276K->1012K(221248K)] 572202K->346995K(908224K), 0.0081430 secs] [Times: user=0.05 sys=0.00, real=0.01 secs] 
2014-07-16T02:54:35.313+0000: 2349.852: [GC [PSYoungGen: 221236K->898K(216128K)] 567219K->346929K(903104K), 0.0081960 secs] [Times: user=0.05 sys=0.01, real=0.01 secs] 
2014-07-16T02:54:36.089+0000: 2350.628: [GC [PSYoungGen: 216066K->1022K(211328K)] 562097K->347101K(898304K), 0.0106020 secs] [Times: user=0.07 sys=0.00, real=0.01 secs] 
2014-07-16T02:54:36.842+0000: 2351.381: [GC [PSYoungGen: 211326K->1018K(253440K)] 557405K->347161K(940416K), 0.0152620 secs] [Times: user=0.10 sys=0.00, real=0.01 secs] 
2014-07-16T02:54:37.735+0000: 2352.274: [GC [PSYoungGen: 253434K->790K(303744K)] 599577K->347005K(990720K), 0.0079900 secs] [Times: user=0.05 sys=0.00, real=0.01 secs] 
2014-07-16T02:54:38.920+0000: 2353.459: [GC [PSYoungGen: 303702K->946K(339904K)] 649917K->347232K(1026880K), 0.0151670 secs] [Times: user=0.09 sys=0.00, real=0.02 secs] 
2014-07-16T02:54:40.127+0000: 2354.666: [GC [PSYoungGen: 339378K->1260K(364864K)] 685664K->347643K(1051840K), 0.0087160 secs] [Times: user=0.05 sys=0.00, real=0.01 secs] 
2014-07-16T02:54:41.371+0000: 2355.909: [GC [PSYoungGen: 364716K->708K(353600K)] 711099K->347162K(1040576K), 0.0068440 secs] [Times: user=0.03 sys=0.00, real=0.01 secs] 
2014-07-16T02:54:42.599+0000: 2357.138: [GC [PSYoungGen: 353518K->744K(343424K)] 699973K->347255K(1030400K), 0.0106660 secs] [Times: user=0.06 sys=0.01, real=0.01 secs] 
2014-07-16T02:54:43.946+0000: 2358.484: [GC [PSYoungGen: 343400K->1008K(333952K)] 689911K->347575K(1020928K), 0.0074800 secs] [Times: user=0.05 sys=0.00, real=0.01 secs] 
2014-07-16T02:54:45.177+0000: 2359.715: [GC [PSYoungGen: 333894K->1086K(324672K)] 680460K->347717K(1011648K), 0.0113620 secs] [Times: user=0.07 sys=0.00, real=0.01 secs] 
2014-07-16T02:54:46.279+0000: 2360.818: [GC [PSYoungGen: 324670K->940K(315584K)] 671301K->347643K(1002560K), 0.0088620 secs] [Times: user=0.05 sys=0.01, real=0.01 secs] 
2014-07-16T02:54:47.317+0000: 2361.856: [GC [PSYoungGen: 315564K->954K(361728K)] 662267K->347713K(1048704K), 0.0169540 secs] [Times: user=0.11 sys=0.00, real=0.02 secs] 
2014-07-16T02:54:48.593+0000: 2363.132: [GC [PSYoungGen: 361673K->840K(351168K)] 708432K->347663K(1038144K), 0.0081610 secs] [Times: user=0.05 sys=0.00, real=0.00 secs] 
2014-07-16T02:54:49.841+0000: 2364.379: [GC [PSYoungGen: 351098K->560K(340800K)] 697921K->348021K(1027776K), 0.0143660 secs] [Times: user=0.08 sys=0.01, real=0.02 secs] 
2014-07-16T02:54:50.979+0000: 2365.518: [GC [PSYoungGen: 340780K->1314K(331904K)] 688241K->348855K(1018880K), 0.0075510 secs] [Times: user=0.05 sys=0.00, real=0.01 secs] 
2014-07-16T02:54:52.124+0000: 2366.663: [GC [PSYoungGen: 331874K->818K(322112K)] 679415K->348755K(1009088K), 0.0085920 secs] [Times: user=0.05 sys=0.00, real=0.00 secs] 
2014-07-16T02:54:53.282+0000: 2367.821: [GC [PSYoungGen: 322098K->1264K(313664K)] 670035K->349265K(1000640K), 0.0107890 secs] [Times: user=0.06 sys=0.01, real=0.01 secs] 
2014-07-16T02:54:54.552+0000: 2369.090: [GC [PSYoungGen: 313648K->894K(304768K)] 661649K->349015K(991744K), 0.0140480 secs] [Times: user=0.08 sys=0.00, real=0.02 secs] 
2014-07-16T02:54:55.696+0000: 2370.235: [GC [PSYoungGen: 304739K->1140K(296832K)] 652860K->349317K(983808K), 0.0069310 secs] [Times: user=0.04 sys=0.00, real=0.00 secs] 
2014-07-16T02:54:56.751+0000: 2371.290: [GC [PSYoungGen: 296820K->940K(288768K)] 644997K->349295K(975744K), 0.0057070 secs] [Times: user=0.02 sys=0.00, real=0.01 secs] 
2014-07-16T02:54:57.793+0000: 2372.331: [GC [PSYoungGen: 288716K->722K(281024K)] 637071K->349133K(968000K), 0.0085610 secs] [Times: user=0.05 sys=0.00, real=0.01 secs] 
2014-07-16T02:54:58.788+0000: 2373.326: [GC [PSYoungGen: 280978K->776K(273792K)] 629389K->349251K(960768K), 0.0054720 secs] [Times: user=0.02 sys=0.00, real=0.00 secs] 
2014-07-16T02:54:59.838+0000: 2374.377: [GC [PSYoungGen: 273692K->936K(266944K)] 622167K->349507K(953920K), 0.0034400 secs] [Times: user=0.02 sys=0.00, real=0.00 secs] 
2014-07-16T02:55:00.778+0000: 2375.316: [GC [PSYoungGen: 266833K->918K(260224K)] 615404K->349569K(947200K), 0.0059510 secs] [Times: user=0.03 sys=0.00, real=0.00 secs] 
2014-07-16T02:55:01.676+0000: 2376.214: [GC [PSYoungGen: 260182K->936K(253760K)] 608833K->349675K(940736K), 0.0107650 secs] [Times: user=0.05 sys=0.00, real=0.01 secs] 
2014-07-16T02:55:02.539+0000: 2377.077: [GC [PSYoungGen: 253732K->758K(247360K)] 602471K->349561K(934336K), 0.0075020 secs] [Times: user=0.04 sys=0.00, real=0.01 secs] 
2014-07-16T02:55:03.415+0000: 2377.954: [GC [PSYoungGen: 247350K->544K(241152K)] 596153K->349395K(928128K), 0.0094280 secs] [Times: user=0.05 sys=0.00, real=0.00 secs] 
2014-07-16T02:55:04.344+0000: 2378.883: [GC [PSYoungGen: 241120K->722K(235584K)] 589971K->349669K(922560K), 0.0070510 secs] [Times: user=0.04 sys=0.00, real=0.01 secs] 
2014-07-16T02:55:05.205+0000: 2379.744: [GC [PSYoungGen: 235538K->754K(230016K)] 584485K->349749K(916992K), 0.0075280 secs] [Times: user=0.04 sys=0.00, real=0.00 secs] 
2014-07-16T02:55:06.052+0000: 2380.591: [GC [PSYoungGen: 230002K->940K(276096K)] 578997K->349999K(963072K), 0.0163560 secs] [Times: user=0.12 sys=0.00, real=0.02 secs] 
2014-07-16T02:55:07.015+0000: 2381.554: [GC [PSYoungGen: 276076K->1228K(269376K)] 625135K->350359K(956352K), 0.0042850 secs] [Times: user=0.02 sys=0.00, real=0.01 secs] 
2014-07-16T02:55:07.936+0000: 2382.474: [GC [PSYoungGen: 269324K->498K(261824K)] 618455K->350137K(948800K), 0.0035790 secs] [Times: user=0.02 sys=0.00, real=0.01 secs] 
2014-07-16T02:55:08.870+0000: 2383.409: [GC [PSYoungGen: 261810K->1304K(256128K)] 611449K->350999K(943104K), 0.0066270 secs] [Times: user=0.03 sys=0.00, real=0.01 secs] 
2014-07-16T02:55:09.847+0000: 2384.385: [GC [PSYoungGen: 256088K->644K(249216K)] 605783K->350719K(936192K), 0.0073950 secs] [Times: user=0.04 sys=0.00, real=0.00 secs] 
2014-07-16T02:55:10.727+0000: 2385.266: [GC [PSYoungGen: 249156K->858K(243328K)] 599231K->350997K(930304K), 0.0081810 secs] [Times: user=0.04 sys=0.00, real=0.00 secs] 
2014-07-16T02:55:11.577+0000: 2386.115: [GC [PSYoungGen: 243279K->822K(237440K)] 593418K->351033K(924416K), 0.0066000 secs] [Times: user=0.04 sys=0.00, real=0.00 secs] 
2014-07-16T02:55:12.404+0000: 2386.943: [GC [PSYoungGen: 237430K->804K(231808K)] 587641K->351095K(918784K), 0.0058550 secs] [Times: user=0.03 sys=0.01, real=0.01 secs] 
2014-07-16T02:55:13.232+0000: 2387.771: [GC [PSYoungGen: 231780K->1208K(226752K)] 582071K->351661K(913728K), 0.0035150 secs] [Times: user=0.03 sys=0.00, real=0.00 secs] 
2014-07-16T02:55:14.022+0000: 2388.560: [GC [PSYoungGen: 226743K->1040K(221376K)] 577196K->351549K(908352K), 0.0043950 secs] [Times: user=0.02 sys=0.00, real=0.00 secs] 
2014-07-16T02:55:14.949+0000: 2389.488: [GC [PSYoungGen: 221328K->690K(215936K)] 571837K->351617K(902912K), 0.0089080 secs] [Times: user=0.06 sys=0.00, real=0.01 secs] 
2014-07-16T02:55:15.810+0000: 2390.349: [GC [PSYoungGen: 215882K->990K(211392K)] 566810K->351957K(898368K), 0.0106950 secs] [Times: user=0.07 sys=0.00, real=0.01 secs] 
2014-07-16T02:55:16.560+0000: 2391.098: [GC [PSYoungGen: 211318K->1276K(206976K)] 562286K->352331K(893952K), 0.0054710 secs] [Times: user=0.02 sys=0.00, real=0.00 secs] 
2014-07-16T02:55:17.300+0000: 2391.839: [GC [PSYoungGen: 206972K->1222K(202432K)] 558027K->352349K(889408K), 0.0083880 secs] [Times: user=0.06 sys=0.00, real=0.01 secs] 
2014-07-16T02:55:17.985+0000: 2392.524: [GC [PSYoungGen: 202374K->562K(197376K)] 553501K->351923K(884352K), 0.0062050 secs] [Times: user=0.04 sys=0.01, real=0.01 secs] 
2014-07-16T02:55:18.653+0000: 2393.192: [GC [PSYoungGen: 197362K->1330K(193920K)] 548723K->352747K(880896K), 0.0073660 secs] [Times: user=0.05 sys=0.00, real=0.01 secs] 
2014-07-16T02:55:19.436+0000: 2393.975: [GC [PSYoungGen: 193906K->1212K(189696K)] 545323K->352821K(876672K), 0.0052050 secs] [Times: user=0.03 sys=0.00, real=0.01 secs] 
2014-07-16T02:55:20.111+0000: 2394.650: [GC [PSYoungGen: 189664K->900K(185472K)] 541273K->352565K(872448K), 0.0035420 secs] [Times: user=0.02 sys=0.00, real=0.00 secs] 
2014-07-16T02:55:20.734+0000: 2395.273: [GC [PSYoungGen: 185412K->644K(181376K)] 537077K->352389K(868352K), 0.0092750 secs] [Times: user=0.06 sys=0.00, real=0.01 secs] 
2014-07-16T02:55:21.360+0000: 2395.899: [GC [PSYoungGen: 181316K->676K(177664K)] 533061K->352493K(864640K), 0.0064080 secs] [Times: user=0.04 sys=0.00, real=0.00 secs] 
2014-07-16T02:55:21.956+0000: 2396.495: [GC [PSYoungGen: 177623K->922K(213312K)] 529440K->352779K(900288K), 0.0149840 secs] [Times: user=0.09 sys=0.00, real=0.02 secs] 
2014-07-16T02:55:22.700+0000: 2397.239: [GC [PSYoungGen: 213274K->762K(255616K)] 565131K->352667K(942592K), 0.0047360 secs] [Times: user=0.02 sys=0.00, real=0.00 secs] 
2014-07-16T02:55:23.586+0000: 2398.124: [GC [PSYoungGen: 255610K->722K(306624K)] 607515K->352675K(993600K), 0.0133950 secs] [Times: user=0.09 sys=0.00, real=0.02 secs] 
2014-07-16T02:55:24.739+0000: 2399.278: [GC [PSYoungGen: 306578K->690K(340480K)] 658531K->352699K(1027456K), 0.0040540 secs] [Times: user=0.02 sys=0.00, real=0.00 secs] 
2014-07-16T02:55:25.976+0000: 2400.515: [GC [PSYoungGen: 339570K->690K(329984K)] 691579K->352747K(1016960K), 0.0109150 secs] [Times: user=0.07 sys=0.00, real=0.01 secs] 
2014-07-16T02:55:27.131+0000: 2401.669: [GC [PSYoungGen: 329952K->850K(367744K)] 682009K->352995K(1054720K), 0.0150300 secs] [Times: user=0.10 sys=0.01, real=0.01 secs] 
2014-07-16T02:55:28.394+0000: 2402.932: [GC [PSYoungGen: 367058K->672K(356224K)] 719203K->352913K(1043200K), 0.0062560 secs] [Times: user=0.03 sys=0.00, real=0.01 secs] 
2014-07-16T02:55:29.722+0000: 2404.261: [GC [PSYoungGen: 356095K->1286K(346560K)] 708336K->353599K(1033536K), 0.0059550 secs] [Times: user=0.04 sys=0.00, real=0.00 secs] 
2014-07-16T02:55:30.912+0000: 2405.451: [GC [PSYoungGen: 346419K->930K(336320K)] 698733K->353315K(1023296K), 0.0060020 secs] [Times: user=0.04 sys=0.00, real=0.00 secs] 
2014-07-16T02:55:32.116+0000: 2406.654: [GC [PSYoungGen: 336290K->990K(326912K)] 688675K->353423K(1013888K), 0.0105480 secs] [Times: user=0.07 sys=0.00, real=0.01 secs] 
2014-07-16T02:55:33.256+0000: 2407.795: [GC [PSYoungGen: 326849K->1110K(317952K)] 679282K->353607K(1004928K), 0.0057130 secs] [Times: user=0.04 sys=0.00, real=0.01 secs] 
2014-07-16T02:55:34.516+0000: 2409.054: [GC [PSYoungGen: 317910K->882K(308992K)] 670407K->353427K(995968K), 0.0043350 secs] [Times: user=0.02 sys=0.00, real=0.01 secs] 
2014-07-16T02:55:35.572+0000: 2410.111: [GC [PSYoungGen: 308978K->1068K(300800K)] 661523K->353807K(987776K), 0.0114820 secs] [Times: user=0.06 sys=0.00, real=0.01 secs] 
2014-07-16T02:55:36.766+0000: 2411.305: [GC [PSYoungGen: 300780K->836K(292608K)] 653519K->353663K(979584K), 0.0082430 secs] [Times: user=0.05 sys=0.00, real=0.01 secs] 
2014-07-16T02:55:37.739+0000: 2412.278: [GC [PSYoungGen: 292548K->836K(284928K)] 645375K->353711K(971904K), 0.0067430 secs] [Times: user=0.03 sys=0.00, real=0.01 secs] 
2014-07-16T02:55:38.722+0000: 2413.261: [GC [PSYoungGen: 284868K->690K(277312K)] 637743K->353637K(964288K), 0.0061020 secs] [Times: user=0.03 sys=0.00, real=0.00 secs] 
2014-07-16T02:55:39.778+0000: 2414.316: [GC [PSYoungGen: 277298K->1146K(270656K)] 630245K->354189K(957632K), 0.0049830 secs] [Times: user=0.03 sys=0.00, real=0.01 secs] 
2014-07-16T02:55:40.704+0000: 2415.242: [GC [PSYoungGen: 270650K->1100K(263808K)] 623693K->354183K(950784K), 0.0129320 secs] [Times: user=0.08 sys=0.00, real=0.01 secs] 
2014-07-16T02:55:41.652+0000: 2416.191: [GC [PSYoungGen: 263697K->688K(256768K)] 616781K->354930K(943744K), 0.0137720 secs] [Times: user=0.08 sys=0.01, real=0.01 secs] 
2014-07-16T02:55:42.566+0000: 2417.104: [GC [PSYoungGen: 256752K->1390K(251136K)] 610994K->355688K(938112K), 0.0095510 secs] [Times: user=0.06 sys=0.00, real=0.01 secs] 
2014-07-16T02:55:43.410+0000: 2417.948: [GC [PSYoungGen: 251118K->940K(244544K)] 605416K->355600K(931520K), 0.0060090 secs] [Times: user=0.04 sys=0.00, real=0.01 secs] 
2014-07-16T02:55:44.239+0000: 2418.778: [GC [PSYoungGen: 244524K->1094K(238848K)] 599184K->355810K(925824K), 0.0066200 secs] [Times: user=0.05 sys=0.00, real=0.01 secs] 
2014-07-16T02:55:45.158+0000: 2419.697: [GC [PSYoungGen: 238790K->1150K(233152K)] 593506K->355946K(920128K), 0.0100410 secs] [Times: user=0.06 sys=0.00, real=0.01 secs] 
2014-07-16T02:55:45.949+0000: 2420.487: [GC [PSYoungGen: 233150K->858K(279296K)] 587946K->355694K(966272K), 0.0172700 secs] [Times: user=0.09 sys=0.00, real=0.02 secs] 
2014-07-16T02:55:47.000+0000: 2421.539: [GC [PSYoungGen: 279258K->1212K(335296K)] 634094K->356104K(1022272K), 0.0109210 secs] [Times: user=0.07 sys=0.00, real=0.01 secs] 
2014-07-16T02:55:48.196+0000: 2422.734: [GC [PSYoungGen: 335292K->1590K(385728K)] 690184K->356530K(1072704K), 0.0098210 secs] [Times: user=0.06 sys=0.00, real=0.01 secs] 
2014-07-16T02:55:49.512+0000: 2424.051: [GC [PSYoungGen: 385620K->894K(373504K)] 740561K->355898K(1060480K), 0.0052080 secs] [Times: user=0.04 sys=0.01, real=0.00 secs] 
2014-07-16T02:55:50.870+0000: 2425.409: [GC [PSYoungGen: 373502K->1068K(362688K)] 728506K->356128K(1049664K), 0.0040110 secs] [Times: user=0.02 sys=0.00, real=0.01 secs] 
2014-07-16T02:55:52.132+0000: 2426.670: [GC [PSYoungGen: 362668K->1172K(352320K)] 717728K->356288K(1039296K), 0.0043530 secs] [Times: user=0.02 sys=0.00, real=0.01 secs] 
2014-07-16T02:55:53.382+0000: 2427.921: [GC [PSYoungGen: 352276K->876K(341888K)] 707392K->356048K(1028864K), 0.0061150 secs] [Times: user=0.04 sys=0.01, real=0.01 secs] 
2014-07-16T02:55:54.586+0000: 2429.125: [GC [PSYoungGen: 341868K->1240K(332608K)] 697040K->356476K(1019584K), 0.0042610 secs] [Times: user=0.02 sys=0.00, real=0.00 secs] 
2014-07-16T02:55:55.878+0000: 2430.417: [GC [PSYoungGen: 332548K->1208K(323264K)] 687784K->356492K(1010240K), 0.0044070 secs] [Times: user=0.02 sys=0.00, real=0.00 secs] 
2014-07-16T02:55:57.079+0000: 2431.617: [GC [PSYoungGen: 323256K->894K(314048K)] 678540K->356276K(1001024K), 0.0042610 secs] [Times: user=0.02 sys=0.00, real=0.01 secs] 
2014-07-16T02:55:58.115+0000: 2432.653: [GC [PSYoungGen: 314046K->726K(305344K)] 669428K->356164K(992320K), 0.0124300 secs] [Times: user=0.07 sys=0.00, real=0.01 secs] 
2014-07-16T02:55:59.162+0000: 2433.701: [GC [PSYoungGen: 305302K->1208K(297600K)] 660740K->356702K(984576K), 0.0041130 secs] [Times: user=0.02 sys=0.00, real=0.01 secs] 
2014-07-16T02:56:00.251+0000: 2434.790: [GC [PSYoungGen: 297592K->1644K(290176K)] 653086K->357211K(977152K), 0.0098070 secs] [Times: user=0.06 sys=0.00, real=0.01 secs] 
2014-07-16T02:56:01.240+0000: 2435.778: [GC [PSYoungGen: 290156K->506K(281408K)] 645723K->357115K(968384K), 0.0067560 secs] [Times: user=0.04 sys=0.01, real=0.01 secs] 
2014-07-16T02:56:02.192+0000: 2436.730: [GC [PSYoungGen: 281366K->1304K(274944K)] 637975K->357993K(961920K), 0.0079870 secs] [Times: user=0.04 sys=0.00, real=0.01 secs] 
2014-07-16T02:56:03.151+0000: 2437.689: [GC [PSYoungGen: 274904K->1118K(267712K)] 631593K->358003K(954688K), 0.0058490 secs] [Times: user=0.03 sys=0.00, real=0.01 secs] 
2014-07-16T02:56:04.048+0000: 2438.587: [GC [PSYoungGen: 267678K->772K(260672K)] 624563K->357745K(947648K), 0.0100470 secs] [Times: user=0.06 sys=0.00, real=0.01 secs] 
2014-07-16T02:56:05.092+0000: 2439.631: [GC [PSYoungGen: 260576K->1364K(254784K)] 617548K->358417K(941760K), 0.0038640 secs] [Times: user=0.01 sys=0.00, real=0.01 secs] 
2014-07-16T02:56:05.952+0000: 2440.491: [GC [PSYoungGen: 254740K->1200K(248320K)] 611793K->358357K(935296K), 0.0093860 secs] [Times: user=0.06 sys=0.00, real=0.01 secs] 
2014-07-16T02:56:06.867+0000: 2441.406: [GC [PSYoungGen: 248304K->954K(242048K)] 605461K->358207K(929024K), 0.0053600 secs] [Times: user=0.02 sys=0.00, real=0.00 secs] 
2014-07-16T02:56:07.822+0000: 2442.361: [GC [PSYoungGen: 242001K->786K(236096K)] 599254K->358118K(923072K), 0.0081510 secs] [Times: user=0.05 sys=0.00, real=0.01 secs] 
2014-07-16T02:56:08.626+0000: 2443.165: [GC [PSYoungGen: 236050K->644K(230400K)] 593382K->358049K(917376K), 0.0052990 secs] [Times: user=0.02 sys=0.01, real=0.00 secs] 
2014-07-16T02:56:09.448+0000: 2443.986: [GC [PSYoungGen: 230336K->790K(225152K)] 587741K->358251K(912128K), 0.0079500 secs] [Times: user=0.05 sys=0.01, real=0.01 secs] 
2014-07-16T02:56:10.230+0000: 2444.769: [GC [PSYoungGen: 225110K->958K(220096K)] 582571K->358499K(907072K), 0.0052340 secs] [Times: user=0.02 sys=0.00, real=0.01 secs] 
2014-07-16T02:56:11.000+0000: 2445.539: [GC [PSYoungGen: 220094K->1208K(215360K)] 577635K->358813K(902336K), 0.0052090 secs] [Times: user=0.02 sys=0.01, real=0.01 secs] 
2014-07-16T02:56:11.756+0000: 2446.295: [GC [PSYoungGen: 215352K->1004K(210368K)] 572957K->358697K(897344K), 0.0054590 secs] [Times: user=0.03 sys=0.00, real=0.00 secs] 
2014-07-16T02:56:12.492+0000: 2447.031: [GC [PSYoungGen: 210348K->1058K(205760K)] 568041K->358807K(892736K), 0.0092650 secs] [Times: user=0.06 sys=0.00, real=0.01 secs] 
2014-07-16T02:56:13.200+0000: 2447.739: [GC [PSYoungGen: 205730K->530K(200768K)] 563479K->358318K(887744K), 0.0073730 secs] [Times: user=0.04 sys=0.00, real=0.01 secs] 
2014-07-16T02:56:13.876+0000: 2448.415: [GC [PSYoungGen: 200715K->1076K(196928K)] 558504K->358921K(883904K), 0.0081700 secs] [Times: user=0.05 sys=0.00, real=0.00 secs] 
2014-07-16T02:56:14.573+0000: 2449.111: [GC [PSYoungGen: 196875K->1400K(236416K)] 554720K->359309K(923392K), 0.0086070 secs] [Times: user=0.05 sys=0.00, real=0.01 secs] 
2014-07-16T02:56:15.562+0000: 2450.100: [GC [PSYoungGen: 236371K->1368K(230848K)] 594280K->359349K(917824K), 0.0075260 secs] [Times: user=0.04 sys=0.00, real=0.01 secs] 
2014-07-16T02:56:16.359+0000: 2450.898: [GC [PSYoungGen: 230739K->698K(224768K)] 588720K->359017K(911744K), 0.0085280 secs] [Times: user=0.05 sys=0.00, real=0.01 secs] 
2014-07-16T02:56:17.183+0000: 2451.722: [GC [PSYoungGen: 224762K->854K(269824K)] 583081K->359245K(956800K), 0.0098270 secs] [Times: user=0.06 sys=0.00, real=0.01 secs] 
2014-07-16T02:56:18.134+0000: 2452.672: [GC [PSYoungGen: 269782K->658K(262784K)] 628173K->359105K(949760K), 0.0081690 secs] [Times: user=0.05 sys=0.00, real=0.01 secs] 
2014-07-16T02:56:19.032+0000: 2453.571: [GC [PSYoungGen: 262693K->886K(256384K)] 621141K->359389K(943360K), 0.0040870 secs] [Times: user=0.02 sys=0.00, real=0.00 secs] 
2014-07-16T02:56:19.892+0000: 2454.430: [GC [PSYoungGen: 256348K->1550K(250752K)] 614851K->360149K(937728K), 0.0064980 secs] [Times: user=0.04 sys=0.00, real=0.01 secs] 
2014-07-16T02:56:20.864+0000: 2455.403: [GC [PSYoungGen: 250702K->712K(243840K)] 609301K->359351K(930816K), 0.0137710 secs] [Times: user=0.08 sys=0.00, real=0.02 secs] 
2014-07-16T02:56:21.724+0000: 2456.262: [GC [PSYoungGen: 243736K->772K(292544K)] 602375K->359483K(979520K), 0.0121180 secs] [Times: user=0.07 sys=0.00, real=0.01 secs] 
2014-07-16T02:56:22.712+0000: 2457.251: [GC [PSYoungGen: 292484K->844K(284928K)] 651195K->359611K(971904K), 0.0061570 secs] [Times: user=0.02 sys=0.00, real=0.01 secs] 
2014-07-16T02:56:23.729+0000: 2458.267: [GC [PSYoungGen: 284869K->946K(277568K)] 643636K->359785K(964544K), 0.0109790 secs] [Times: user=0.07 sys=0.00, real=0.01 secs] 
2014-07-16T02:56:24.690+0000: 2459.229: [GC [PSYoungGen: 277554K->776K(270336K)] 636393K->359687K(957312K), 0.0072070 secs] [Times: user=0.04 sys=0.00, real=0.00 secs] 
2014-07-16T02:56:25.750+0000: 2460.288: [GC [PSYoungGen: 270280K->790K(263488K)] 629191K->359773K(950464K), 0.0098410 secs] [Times: user=0.06 sys=0.00, real=0.01 secs] 
2014-07-16T02:56:26.634+0000: 2461.173: [GC [PSYoungGen: 263442K->1326K(257408K)] 622425K->360373K(944384K), 0.0101540 secs] [Times: user=0.04 sys=0.00, real=0.01 secs] 
2014-07-16T02:56:27.599+0000: 2462.138: [GC [PSYoungGen: 257351K->1054K(250816K)] 616399K->360181K(937792K), 0.0048050 secs] [Times: user=0.02 sys=0.00, real=0.00 secs] 
2014-07-16T02:56:28.477+0000: 2463.015: [GC [PSYoungGen: 250782K->626K(244224K)] 609909K->359777K(931200K), 0.0061940 secs] [Times: user=0.02 sys=0.00, real=0.01 secs] 
2014-07-16T02:56:29.324+0000: 2463.862: [GC [PSYoungGen: 244210K->1068K(238784K)] 603361K->360315K(925760K), 0.0091640 secs] [Times: user=0.06 sys=0.00, real=0.01 secs] 
2014-07-16T02:56:30.129+0000: 2464.668: [GC [PSYoungGen: 238756K->1040K(286336K)] 598003K->360351K(973312K), 0.0140190 secs] [Times: user=0.09 sys=0.00, real=0.01 secs] 
2014-07-16T02:56:31.205+0000: 2465.744: [GC [PSYoungGen: 286288K->904K(343296K)] 645599K->360279K(1030272K), 0.0095030 secs] [Times: user=0.06 sys=0.00, real=0.01 secs] 
2014-07-16T02:56:32.407+0000: 2466.945: [GC [PSYoungGen: 343211K->630K(333248K)] 702586K->360045K(1020224K), 0.0037370 secs] [Times: user=0.02 sys=0.00, real=0.01 secs] 
2014-07-16T02:56:33.535+0000: 2468.073: [GC [PSYoungGen: 333212K->1482K(324800K)] 692627K->360977K(1011776K), 0.0033050 secs] [Times: user=0.03 sys=0.00, real=0.00 secs] 
2014-07-16T02:56:34.613+0000: 2469.152: [GC [PSYoungGen: 324725K->1326K(315648K)] 684220K->360869K(1002624K), 0.0104620 secs] [Times: user=0.06 sys=0.00, real=0.01 secs] 
2014-07-16T02:56:35.907+0000: 2470.446: [GC [PSYoungGen: 315630K->484K(306240K)] 675173K->360351K(993216K), 0.0070410 secs] [Times: user=0.04 sys=0.00, real=0.01 secs] 
2014-07-16T02:56:36.967+0000: 2471.506: [GC [PSYoungGen: 306212K->1264K(298752K)] 666079K->361219K(985728K), 0.0062720 secs] [Times: user=0.04 sys=0.00, real=0.01 secs] 
2014-07-16T02:56:37.994+0000: 2472.533: [GC [PSYoungGen: 298736K->950K(290496K)] 658691K->360993K(977472K), 0.0071000 secs] [Times: user=0.04 sys=0.01, real=0.01 secs] 
2014-07-16T02:56:39.049+0000: 2473.588: [GC [PSYoungGen: 290486K->968K(282944K)] 650529K->361115K(969920K), 0.0049320 secs] [Times: user=0.03 sys=0.00, real=0.01 secs] 
2014-07-16T02:56:40.028+0000: 2474.567: [GC [PSYoungGen: 282888K->916K(275520K)] 643035K->361095K(962496K), 0.0076850 secs] [Times: user=0.02 sys=0.00, real=0.01 secs] 
2014-07-16T02:56:41.063+0000: 2475.601: [GC [PSYoungGen: 275445K->1204K(268736K)] 635624K->361439K(955712K), 0.0066450 secs] [Times: user=0.05 sys=0.00, real=0.00 secs] 
2014-07-16T02:56:41.965+0000: 2476.504: [GC [PSYoungGen: 268724K->794K(261568K)] 628959K->361077K(948544K), 0.0080150 secs] [Times: user=0.05 sys=0.00, real=0.01 secs] 
2014-07-16T02:56:42.878+0000: 2477.417: [GC [PSYoungGen: 261523K->972K(255232K)] 621806K->361327K(942208K), 0.0065490 secs] [Times: user=0.03 sys=0.01, real=0.01 secs] 
2014-07-16T02:56:43.793+0000: 2478.332: [GC [PSYoungGen: 255180K->894K(248832K)] 615535K->361313K(935808K), 0.0076700 secs] [Times: user=0.04 sys=0.00, real=0.01 secs] 
2014-07-16T02:56:44.656+0000: 2479.195: [GC [PSYoungGen: 248830K->1214K(243136K)] 609249K->361705K(930112K), 0.0049140 secs] [Times: user=0.02 sys=0.00, real=0.00 secs] 
2014-07-16T02:56:45.579+0000: 2480.118: [GC [PSYoungGen: 243134K->868K(236992K)] 603625K->361543K(923968K), 0.0148860 secs] [Times: user=0.09 sys=0.00, real=0.02 secs] 
2014-07-16T02:56:46.464+0000: 2481.003: [GC [PSYoungGen: 236964K->1040K(231552K)] 597639K->361787K(918528K), 0.0042260 secs] [Times: user=0.02 sys=0.00, real=0.00 secs] 
2014-07-16T02:56:47.320+0000: 2481.859: [GC [PSYoungGen: 231504K->658K(225792K)] 592251K->361627K(912768K), 0.0061400 secs] [Times: user=0.04 sys=0.00, real=0.01 secs] 
2014-07-16T02:56:48.077+0000: 2482.616: [GC [PSYoungGen: 225746K->918K(220864K)] 586715K->361959K(907840K), 0.0044090 secs] [Times: user=0.02 sys=0.00, real=0.01 secs] 
2014-07-16T02:56:48.970+0000: 2483.508: [GC [PSYoungGen: 220822K->790K(215680K)] 581863K->361895K(902656K), 0.0040190 secs] [Times: user=0.02 sys=0.00, real=0.01 secs] 
2014-07-16T02:56:49.686+0000: 2484.224: [GC [PSYoungGen: 215638K->658K(210688K)] 576743K->361811K(897664K), 0.0104290 secs] [Times: user=0.07 sys=0.00, real=0.01 secs] 
2014-07-16T02:56:50.434+0000: 2484.972: [GC [PSYoungGen: 210642K->1316K(253376K)] 571795K->362549K(940352K), 0.0151140 secs] [Times: user=0.09 sys=0.00, real=0.01 secs] 
2014-07-16T02:56:51.402+0000: 2485.941: [GC [PSYoungGen: 253305K->962K(303488K)] 614538K->362283K(990464K), 0.0064780 secs] [Times: user=0.04 sys=0.00, real=0.00 secs] 
2014-07-16T02:56:52.430+0000: 2486.968: [GC [PSYoungGen: 303419K->804K(359936K)] 664740K->362181K(1046912K), 0.0111050 secs] [Times: user=0.08 sys=0.00, real=0.01 secs] 
2014-07-16T02:56:53.647+0000: 2488.185: [GC [PSYoungGen: 359844K->1158K(349824K)] 721221K->362591K(1036800K), 0.0085020 secs] [Times: user=0.05 sys=0.00, real=0.01 secs] 
2014-07-16T02:56:54.877+0000: 2489.416: [GC [PSYoungGen: 349695K->306K(338944K)] 711128K->362319K(1025920K), 0.0085270 secs] [Times: user=0.06 sys=0.00, real=0.01 secs] 
2014-07-16T02:56:56.166+0000: 2490.705: [GC [PSYoungGen: 338930K->1258K(330304K)] 700943K->363327K(1017280K), 0.0072870 secs] [Times: user=0.04 sys=0.00, real=0.01 secs] 
2014-07-16T02:56:57.305+0000: 2491.844: [GC [PSYoungGen: 330233K->1012K(320832K)] 692302K->363503K(1007808K), 0.0035200 secs] [Times: user=0.02 sys=0.00, real=0.00 secs] 
2014-07-16T02:56:58.404+0000: 2492.942: [GC [PSYoungGen: 320820K->1448K(312448K)] 683311K->363979K(999424K), 0.0044550 secs] [Times: user=0.02 sys=0.00, real=0.00 secs] 
2014-07-16T02:56:59.569+0000: 2494.108: [GC [PSYoungGen: 312424K->498K(303040K)] 674955K->363287K(990016K), 0.0087120 secs] [Times: user=0.05 sys=0.00, real=0.01 secs] 
2014-07-16T02:57:00.625+0000: 2495.163: [GC [PSYoungGen: 303001K->1150K(295552K)] 665791K->364011K(982528K), 0.0061020 secs] [Times: user=0.04 sys=0.00, real=0.00 secs] 
2014-07-16T02:57:01.742+0000: 2496.280: [GC [PSYoungGen: 295550K->712K(287360K)] 658411K->363861K(974336K), 0.0042440 secs] [Times: user=0.02 sys=0.00, real=0.01 secs] 
2014-07-16T02:57:02.730+0000: 2497.269: [GC [PSYoungGen: 287304K->1122K(280256K)] 650453K->364327K(967232K), 0.0056970 secs] [Times: user=0.02 sys=0.00, real=0.01 secs] 
2014-07-16T02:57:03.708+0000: 2498.247: [GC [PSYoungGen: 280185K->794K(272704K)] 643390K->364063K(959680K), 0.0044560 secs] [Times: user=0.02 sys=0.00, real=0.00 secs] 
2014-07-16T02:57:04.635+0000: 2499.174: [GC [PSYoungGen: 272666K->694K(265600K)] 635935K->364011K(952576K), 0.0053210 secs] [Times: user=0.03 sys=0.00, real=0.00 secs] 
2014-07-16T02:57:05.552+0000: 2500.091: [GC [PSYoungGen: 265574K->886K(259136K)] 628892K->364291K(946112K), 0.0035390 secs] [Times: user=0.02 sys=0.01, real=0.01 secs] 
2014-07-16T02:57:06.576+0000: 2501.114: [GC [PSYoungGen: 259126K->1182K(253056K)] 622531K->364651K(940032K), 0.0081390 secs] [Times: user=0.05 sys=0.01, real=0.00 secs] 
2014-07-16T02:57:07.427+0000: 2501.966: [GC [PSYoungGen: 253022K->1012K(246656K)] 616491K->364793K(933632K), 0.0094670 secs] [Times: user=0.06 sys=0.00, real=0.01 secs] 
2014-07-16T02:57:08.300+0000: 2502.839: [GC [PSYoungGen: 246644K->1026K(240768K)] 610425K->364887K(927744K), 0.0059710 secs] [Times: user=0.04 sys=0.00, real=0.01 secs] 
2014-07-16T02:57:09.190+0000: 2503.729: [GC [PSYoungGen: 240703K->1268K(235200K)] 604565K->365225K(922176K), 0.0073180 secs] [Times: user=0.04 sys=0.00, real=0.01 secs] 
2014-07-16T02:57:10.022+0000: 2504.561: [GC [PSYoungGen: 235149K->804K(229248K)] 599106K->364857K(916224K), 0.0061950 secs] [Times: user=0.04 sys=0.00, real=0.01 secs] 
2014-07-16T02:57:10.849+0000: 2505.388: [GC [PSYoungGen: 229207K->1072K(224192K)] 593261K->365213K(911168K), 0.0063730 secs] [Times: user=0.04 sys=0.01, real=0.01 secs] 
2014-07-16T02:57:11.744+0000: 2506.283: [GC [PSYoungGen: 224176K->926K(218944K)] 588317K->365115K(905920K), 0.0123700 secs] [Times: user=0.08 sys=0.01, real=0.02 secs] 
2014-07-16T02:57:12.533+0000: 2507.072: [GC [PSYoungGen: 218890K->1122K(214144K)] 583080K->365399K(901120K), 0.0080580 secs] [Times: user=0.05 sys=0.01, real=0.01 secs] 
2014-07-16T02:57:13.293+0000: 2507.831: [GC [PSYoungGen: 214113K->1064K(256704K)] 578390K->365429K(943680K), 0.0120380 secs] [Times: user=0.07 sys=0.00, real=0.01 secs] 
2014-07-16T02:57:14.171+0000: 2508.709: [GC [PSYoungGen: 256680K->854K(250176K)] 621045K->365291K(937152K), 0.0063870 secs] [Times: user=0.04 sys=0.00, real=0.01 secs] 
2014-07-16T02:57:15.072+0000: 2509.611: [GC [PSYoungGen: 250134K->1454K(300608K)] 614571K->365971K(987584K), 0.0098870 secs] [Times: user=0.06 sys=0.00, real=0.01 secs] 
2014-07-16T02:57:16.108+0000: 2510.647: [GC [PSYoungGen: 300541K->626K(291776K)] 665059K->365175K(978752K), 0.0057110 secs] [Times: user=0.02 sys=0.00, real=0.00 secs] 
2014-07-16T02:57:17.217+0000: 2511.755: [GC [PSYoungGen: 291762K->1240K(284736K)] 656311K->365853K(971712K), 0.0045150 secs] [Times: user=0.01 sys=0.00, real=0.00 secs] 
2014-07-16T02:57:18.187+0000: 2512.726: [GC [PSYoungGen: 284696K->1154K(277312K)] 649309K->365839K(964288K), 0.0042890 secs] [Times: user=0.01 sys=0.00, real=0.00 secs] 
2014-07-16T02:57:19.164+0000: 2513.703: [GC [PSYoungGen: 277249K->1100K(270144K)] 641934K->365857K(957120K), 0.0149550 secs] [Times: user=0.10 sys=0.00, real=0.02 secs] 
2014-07-16T02:57:20.146+0000: 2514.685: [GC [PSYoungGen: 270083K->1018K(263168K)] 634841K->366209K(950144K), 0.0080450 secs] [Times: user=0.05 sys=0.00, real=0.00 secs] 
2014-07-16T02:57:21.009+0000: 2515.547: [GC [PSYoungGen: 263162K->862K(256448K)] 628353K->366125K(943424K), 0.0108840 secs] [Times: user=0.08 sys=0.00, real=0.01 secs] 
2014-07-16T02:57:22.007+0000: 2516.546: [GC [PSYoungGen: 256411K->912K(250176K)] 621674K->366289K(937152K), 0.0067410 secs] [Times: user=0.04 sys=0.00, real=0.00 secs] 
2014-07-16T02:57:22.841+0000: 2517.380: [GC [PSYoungGen: 250128K->730K(243904K)] 615505K->366171K(930880K), 0.0064850 secs] [Times: user=0.04 sys=0.00, real=0.01 secs] 
2014-07-16T02:57:23.663+0000: 2518.202: [GC [PSYoungGen: 243866K->976K(238272K)] 609307K->366497K(925248K), 0.0086450 secs] [Times: user=0.06 sys=0.01, real=0.01 secs] 
2014-07-16T02:57:24.459+0000: 2518.998: [GC [PSYoungGen: 238222K->1372K(233024K)] 603743K->366973K(920000K), 0.0039250 secs] [Times: user=0.02 sys=0.00, real=0.00 secs] 
2014-07-16T02:57:25.277+0000: 2519.816: [GC [PSYoungGen: 232988K->762K(226944K)] 598589K->366427K(913920K), 0.0076660 secs] [Times: user=0.05 sys=0.00, real=0.00 secs] 
2014-07-16T02:57:26.058+0000: 2520.597: [GC [PSYoungGen: 226896K->868K(272320K)] 592561K->366605K(959296K), 0.0187070 secs] [Times: user=0.12 sys=0.01, real=0.02 secs] 
2014-07-16T02:57:27.099+0000: 2521.637: [GC [PSYoungGen: 272292K->1104K(326912K)] 638029K->366945K(1013888K), 0.0068870 secs] [Times: user=0.04 sys=0.00, real=0.00 secs] 
2014-07-16T02:57:28.193+0000: 2522.732: [GC [PSYoungGen: 326836K->758K(317440K)] 692677K->366663K(1004416K), 0.0085580 secs] [Times: user=0.05 sys=0.00, real=0.01 secs] 
2014-07-16T02:57:29.258+0000: 2523.797: [GC [PSYoungGen: 317430K->868K(308864K)] 683335K->366869K(995840K), 0.0068500 secs] [Times: user=0.04 sys=0.00, real=0.00 secs] 
2014-07-16T02:57:30.367+0000: 2524.906: [GC [PSYoungGen: 308836K->1222K(300928K)] 674837K->367295K(987904K), 0.0072910 secs] [Times: user=0.04 sys=0.00, real=0.01 secs] 
2014-07-16T02:57:31.494+0000: 2526.032: [GC [PSYoungGen: 300870K->1056K(292736K)] 666943K->367217K(979712K), 0.0083630 secs] [Times: user=0.03 sys=0.01, real=0.01 secs] 
2014-07-16T02:57:32.494+0000: 2527.033: [GC [PSYoungGen: 292704K->608K(284608K)] 658865K->366849K(971584K), 0.0061310 secs] [Times: user=0.04 sys=0.00, real=0.01 secs] 
2014-07-16T02:57:33.465+0000: 2528.003: [GC [PSYoungGen: 284576K->1158K(277760K)] 650817K->367471K(964736K), 0.0080810 secs] [Times: user=0.06 sys=0.00, real=0.01 secs] 
2014-07-16T02:57:34.408+0000: 2528.947: [GC [PSYoungGen: 277702K->1428K(270912K)] 644015K->367805K(957888K), 0.0063730 secs] [Times: user=0.03 sys=0.00, real=0.00 secs] 
2014-07-16T02:57:35.329+0000: 2529.868: [GC [PSYoungGen: 270866K->566K(263168K)] 637243K->367359K(950144K), 0.0039000 secs] [Times: user=0.02 sys=0.00, real=0.00 secs] 
2014-07-16T02:57:36.262+0000: 2530.800: [GC [PSYoungGen: 263152K->872K(256896K)] 629946K->367697K(943872K), 0.0089970 secs] [Times: user=0.06 sys=0.00, real=0.01 secs] 
2014-07-16T02:57:37.200+0000: 2531.739: [GC [PSYoungGen: 256872K->1026K(250752K)] 623697K->368049K(937728K), 0.0105960 secs] [Times: user=0.07 sys=0.00, real=0.01 secs] 
2014-07-16T02:57:38.023+0000: 2532.561: [GC [PSYoungGen: 250690K->858K(300544K)] 617713K->367953K(987520K), 0.0139170 secs] [Times: user=0.08 sys=0.00, real=0.01 secs] 
2014-07-16T02:57:39.101+0000: 2533.640: [GC [PSYoungGen: 300506K->1068K(292736K)] 667601K->368259K(979712K), 0.0056930 secs] [Times: user=0.03 sys=0.01, real=0.00 secs] 
2014-07-16T02:57:40.167+0000: 2534.706: [GC [PSYoungGen: 292716K->1040K(285056K)] 659907K->368295K(972032K), 0.0034430 secs] [Times: user=0.02 sys=0.00, real=0.01 secs] 
2014-07-16T02:57:41.119+0000: 2535.658: [GC [PSYoungGen: 285008K->950K(277504K)] 652263K->368301K(964480K), 0.0050540 secs] [Times: user=0.03 sys=0.01, real=0.00 secs] 
2014-07-16T02:57:42.172+0000: 2536.711: [GC [PSYoungGen: 277420K->1186K(270656K)] 644772K->368609K(957632K), 0.0043230 secs] [Times: user=0.01 sys=0.01, real=0.00 secs] 
2014-07-16T02:57:43.062+0000: 2537.600: [GC [PSYoungGen: 270626K->802K(263424K)] 638049K->368727K(950400K), 0.0087020 secs] [Times: user=0.06 sys=0.00, real=0.01 secs] 
2014-07-16T02:57:43.980+0000: 2538.518: [GC [PSYoungGen: 263394K->1364K(257408K)] 631319K->369385K(944384K), 0.0059250 secs] [Times: user=0.03 sys=0.00, real=0.01 secs] 
2014-07-16T02:57:44.843+0000: 2539.382: [GC [PSYoungGen: 257364K->876K(250560K)] 625385K->369235K(937536K), 0.0072130 secs] [Times: user=0.04 sys=0.00, real=0.01 secs] 
2014-07-16T02:57:45.709+0000: 2540.248: [GC [PSYoungGen: 250473K->1236K(244864K)] 618833K->369699K(931840K), 0.0072210 secs] [Times: user=0.06 sys=0.00, real=0.01 secs] 
2014-07-16T02:57:46.560+0000: 2541.099: [GC [PSYoungGen: 244820K->562K(238272K)] 613283K->369065K(925248K), 0.0127340 secs] [Times: user=0.06 sys=0.01, real=0.02 secs] 
2014-07-16T02:57:47.482+0000: 2542.020: [GC [PSYoungGen: 238258K->908K(232960K)] 606761K->369475K(919936K), 0.0035270 secs] [Times: user=0.02 sys=0.00, real=0.00 secs] 
2014-07-16T02:57:48.281+0000: 2542.820: [GC [PSYoungGen: 232908K->758K(227328K)] 601475K->369397K(914304K), 0.0093730 secs] [Times: user=0.07 sys=0.00, real=0.01 secs] 
2014-07-16T02:57:49.104+0000: 2543.643: [GC [PSYoungGen: 227318K->1058K(222400K)] 595957K->369745K(909376K), 0.0089840 secs] [Times: user=0.05 sys=0.01, real=0.01 secs] 
2014-07-16T02:57:49.869+0000: 2544.408: [GC [PSYoungGen: 222370K->676K(216960K)] 591057K->369427K(903936K), 0.0035930 secs] [Times: user=0.02 sys=0.01, real=0.01 secs] 
2014-07-16T02:57:50.751+0000: 2545.290: [GC [PSYoungGen: 216932K->1572K(212928K)] 585683K->370404K(899904K), 0.0080880 secs] [Times: user=0.05 sys=0.00, real=0.00 secs] 
2014-07-16T02:57:51.534+0000: 2546.073: [GC [PSYoungGen: 212900K->954K(207552K)] 581732K->369947K(894528K), 0.0084010 secs] [Times: user=0.05 sys=0.01, real=0.01 secs] 
2014-07-16T02:57:52.390+0000: 2546.928: [GC [PSYoungGen: 207546K->1404K(203456K)] 576539K->370486K(890432K), 0.0061680 secs] [Times: user=0.03 sys=0.00, real=0.01 secs] 
2014-07-16T02:57:53.092+0000: 2547.631: [GC [PSYoungGen: 203452K->722K(198400K)] 572534K->369899K(885376K), 0.0103540 secs] [Times: user=0.07 sys=0.00, real=0.01 secs] 
2014-07-16T02:57:53.825+0000: 2548.364: [GC [PSYoungGen: 198350K->758K(237952K)] 567528K->370015K(924928K), 0.0097680 secs] [Times: user=0.05 sys=0.00, real=0.01 secs] 
2014-07-16T02:57:54.646+0000: 2549.185: [GC [PSYoungGen: 237942K->736K(285440K)] 607199K->370057K(972416K), 0.0089400 secs] [Times: user=0.06 sys=0.00, real=0.01 secs] 
2014-07-16T02:57:55.640+0000: 2550.178: [GC [PSYoungGen: 285408K->818K(278080K)] 654729K->370235K(965056K), 0.0043790 secs] [Times: user=0.02 sys=0.00, real=0.01 secs] 
2014-07-16T02:57:56.669+0000: 2551.208: [GC [PSYoungGen: 278066K->1362K(271488K)] 647483K->370836K(958464K), 0.0037770 secs] [Times: user=0.02 sys=0.00, real=0.01 secs] 
2014-07-16T02:57:57.666+0000: 2552.204: [GC [PSYoungGen: 271442K->844K(264128K)] 640916K->370365K(951104K), 0.0044460 secs] [Times: user=0.01 sys=0.00, real=0.00 secs] 
2014-07-16T02:57:58.601+0000: 2553.140: [GC [PSYoungGen: 264076K->986K(257664K)] 633597K->370603K(944640K), 0.0074320 secs] [Times: user=0.05 sys=0.00, real=0.01 secs] 
2014-07-16T02:57:59.563+0000: 2554.101: [GC [PSYoungGen: 257595K->780K(251072K)] 627213K->370437K(938048K), 0.0041880 secs] [Times: user=0.01 sys=0.00, real=0.00 secs] 
2014-07-16T02:58:00.500+0000: 2555.039: [GC [PSYoungGen: 251020K->794K(244928K)] 620677K->370539K(931904K), 0.0044080 secs] [Times: user=0.02 sys=0.00, real=0.01 secs] 
2014-07-16T02:58:01.345+0000: 2555.884: [GC [PSYoungGen: 244890K->754K(238976K)] 614635K->370587K(925952K), 0.0084910 secs] [Times: user=0.06 sys=0.00, real=0.01 secs] 
2014-07-16T02:58:02.286+0000: 2556.825: [GC [PSYoungGen: 238916K->1496K(234048K)] 608750K->371410K(921024K), 0.0125080 secs] [Times: user=0.09 sys=0.00, real=0.01 secs] 
2014-07-16T02:58:03.090+0000: 2557.629: [GC [PSYoungGen: 234008K->922K(227968K)] 603922K->370923K(914944K), 0.0071180 secs] [Times: user=0.04 sys=0.00, real=0.01 secs] 
2014-07-16T02:58:03.849+0000: 2558.388: [GC [PSYoungGen: 227930K->932K(222656K)] 597931K->371013K(909632K), 0.0073180 secs] [Times: user=0.04 sys=0.00, real=0.01 secs] 
2014-07-16T02:58:04.614+0000: 2559.153: [GC [PSYoungGen: 222626K->1100K(217728K)] 592708K->371269K(904704K), 0.0079510 secs] [Times: user=0.04 sys=0.01, real=0.00 secs] 
2014-07-16T02:58:05.369+0000: 2559.907: [GC [PSYoungGen: 217676K->1054K(212736K)] 587845K->371287K(899712K), 0.0063270 secs] [Times: user=0.02 sys=0.01, real=0.01 secs] 
2014-07-16T02:58:06.134+0000: 2560.672: [GC [PSYoungGen: 212659K->922K(207872K)] 582893K->371203K(894848K), 0.0044670 secs] [Times: user=0.03 sys=0.00, real=0.00 secs] 
2014-07-16T02:58:06.844+0000: 2561.382: [GC [PSYoungGen: 207834K->1076K(203456K)] 578115K->371668K(890432K), 0.0042170 secs] [Times: user=0.03 sys=0.00, real=0.00 secs] 
2014-07-16T02:58:07.655+0000: 2562.194: [GC [PSYoungGen: 203444K->1036K(199040K)] 574036K->371707K(886016K), 0.0072590 secs] [Times: user=0.04 sys=0.01, real=0.00 secs] 
2014-07-16T02:58:08.340+0000: 2562.879: [GC [PSYoungGen: 198981K->1062K(194752K)] 569653K->371896K(881728K), 0.0052570 secs] [Times: user=0.04 sys=0.00, real=0.01 secs] 
2014-07-16T02:58:08.989+0000: 2563.528: [GC [PSYoungGen: 194726K->862K(190464K)] 565560K->371744K(877440K), 0.0070510 secs] [Times: user=0.05 sys=0.00, real=0.01 secs] 
2014-07-16T02:58:09.680+0000: 2564.218: [GC [PSYoungGen: 190412K->726K(186368K)] 561294K->371655K(873344K), 0.0069560 secs] [Times: user=0.04 sys=0.00, real=0.01 secs] 
2014-07-16T02:58:10.355+0000: 2564.894: [GC [PSYoungGen: 186326K->800K(223552K)] 557255K->371809K(910528K), 0.0130060 secs] [Times: user=0.08 sys=0.00, real=0.01 secs] 
2014-07-16T02:58:11.190+0000: 2565.729: [GC [PSYoungGen: 223520K->726K(218368K)] 594529K->371815K(905344K), 0.0048850 secs] [Times: user=0.02 sys=0.00, real=0.01 secs] 
2014-07-16T02:58:11.925+0000: 2566.464: [GC [PSYoungGen: 218247K->1232K(213952K)] 589337K->372410K(900928K), 0.0046860 secs] [Times: user=0.03 sys=0.00, real=0.00 secs] 
2014-07-16T02:58:12.684+0000: 2567.223: [GC [PSYoungGen: 213904K->894K(208768K)] 585082K->372120K(895744K), 0.0072150 secs] [Times: user=0.04 sys=0.00, real=0.00 secs] 
2014-07-16T02:58:13.386+0000: 2567.924: [GC [PSYoungGen: 208766K->818K(204096K)] 579992K->372131K(891072K), 0.0061840 secs] [Times: user=0.04 sys=0.00, real=0.00 secs] 
2014-07-16T02:58:14.085+0000: 2568.624: [GC [PSYoungGen: 204082K->740K(244736K)] 575395K->372093K(931712K), 0.0150530 secs] [Times: user=0.09 sys=0.00, real=0.01 secs] 
2014-07-16T02:58:14.940+0000: 2569.478: [GC [PSYoungGen: 244690K->722K(293568K)] 616044K->372131K(980544K), 0.0051350 secs] [Times: user=0.02 sys=0.00, real=0.01 secs] 
2014-07-16T02:58:15.943+0000: 2570.481: [GC [PSYoungGen: 293454K->808K(285888K)] 664864K->372273K(972864K), 0.0065280 secs] [Times: user=0.04 sys=0.00, real=0.01 secs] 
2014-07-16T02:58:16.950+0000: 2571.489: [GC [PSYoungGen: 285863K->1042K(278720K)] 657329K->372563K(965696K), 0.0123070 secs] [Times: user=0.07 sys=0.00, real=0.01 secs] 
2014-07-16T02:58:18.097+0000: 2572.635: [GC [PSYoungGen: 278674K->1058K(271552K)] 650195K->372866K(958528K), 0.0078700 secs] [Times: user=0.06 sys=0.00, real=0.00 secs] 
2014-07-16T02:58:19.073+0000: 2573.612: [GC [PSYoungGen: 271522K->1362K(264960K)] 643330K->373234K(951936K), 0.0033220 secs] [Times: user=0.02 sys=0.00, real=0.01 secs] 
2014-07-16T02:58:19.948+0000: 2574.487: [GC [PSYoungGen: 264817K->612K(257536K)] 636689K->372748K(944512K), 0.0043990 secs] [Times: user=0.02 sys=0.00, real=0.00 secs] 
2014-07-16T02:58:20.899+0000: 2575.438: [GC [PSYoungGen: 257508K->1132K(251648K)] 629644K->373348K(938624K), 0.0093170 secs] [Times: user=0.06 sys=0.00, real=0.01 secs] 
2014-07-16T02:58:21.807+0000: 2576.346: [GC [PSYoungGen: 251628K->694K(245056K)] 623844K->372958K(932032K), 0.0045220 secs] [Times: user=0.02 sys=0.01, real=0.00 secs] 
2014-07-16T02:58:22.765+0000: 2577.304: [GC [PSYoungGen: 245046K->722K(239232K)] 617310K->373050K(926208K), 0.0037700 secs] [Times: user=0.02 sys=0.00, real=0.00 secs] 
2014-07-16T02:58:23.597+0000: 2578.136: [GC [PSYoungGen: 239186K->1254K(234048K)] 611514K->373670K(921024K), 0.0060110 secs] [Times: user=0.04 sys=0.00, real=0.00 secs] 
2014-07-16T02:58:24.404+0000: 2578.942: [GC [PSYoungGen: 234022K->562K(227840K)] 606438K->373026K(914816K), 0.0087680 secs] [Times: user=0.06 sys=0.00, real=0.01 secs] 
2014-07-16T02:58:25.197+0000: 2579.736: [GC [PSYoungGen: 227817K->566K(222528K)] 600281K->373078K(909504K), 0.0047150 secs] [Times: user=0.03 sys=0.00, real=0.00 secs] 
2014-07-16T02:58:25.936+0000: 2580.474: [GC [PSYoungGen: 222518K->1158K(218048K)] 595030K->373710K(905024K), 0.0057210 secs] [Times: user=0.02 sys=0.00, real=0.01 secs] 
2014-07-16T02:58:26.690+0000: 2581.229: [GC [PSYoungGen: 217990K->786K(212736K)] 590542K->373418K(899712K), 0.0114800 secs] [Times: user=0.08 sys=0.00, real=0.01 secs] 
2014-07-16T02:58:27.539+0000: 2582.078: [GC [PSYoungGen: 212663K->954K(208128K)] 585295K->373650K(895104K), 0.0088780 secs] [Times: user=0.05 sys=0.00, real=0.01 secs] 
2014-07-16T02:58:28.251+0000: 2582.789: [GC [PSYoungGen: 208122K->822K(249472K)] 580818K->373606K(936448K), 0.0101040 secs] [Times: user=0.06 sys=0.01, real=0.01 secs] 
2014-07-16T02:58:29.102+0000: 2583.641: [GC [PSYoungGen: 249462K->1112K(243712K)] 622246K->373992K(930688K), 0.0064270 secs] [Times: user=0.03 sys=0.01, real=0.01 secs] 
2014-07-16T02:58:29.933+0000: 2584.471: [GC [PSYoungGen: 243672K->1100K(237888K)] 616552K->374052K(924864K), 0.0043300 secs] [Times: user=0.02 sys=0.00, real=0.01 secs] 
2014-07-16T02:58:30.740+0000: 2585.279: [GC [PSYoungGen: 237836K->768K(231872K)] 610788K->373792K(918848K), 0.0092870 secs] [Times: user=0.05 sys=0.00, real=0.01 secs] 
2014-07-16T02:58:31.660+0000: 2586.199: [GC [PSYoungGen: 231872K->850K(226560K)] 604896K->373986K(913536K), 0.0050530 secs] [Times: user=0.03 sys=0.00, real=0.00 secs] 
2014-07-16T02:58:32.566+0000: 2587.104: [GC [PSYoungGen: 226513K->946K(221376K)] 599649K->374162K(908352K), 0.0106270 secs] [Times: user=0.07 sys=0.01, real=0.01 secs] 
2014-07-16T02:58:33.290+0000: 2587.829: [GC [PSYoungGen: 221362K->1062K(216448K)] 594578K->374342K(903424K), 0.0071220 secs] [Times: user=0.05 sys=0.00, real=0.01 secs] 
2014-07-16T02:58:34.033+0000: 2588.571: [GC [PSYoungGen: 216422K->626K(211136K)] 589702K->373962K(898112K), 0.0065030 secs] [Times: user=0.05 sys=0.00, real=0.01 secs] 
2014-07-16T02:58:34.759+0000: 2589.298: [GC [PSYoungGen: 211122K->1028K(253696K)] 584458K->374420K(940672K), 0.0132460 secs] [Times: user=0.08 sys=0.00, real=0.01 secs] 
2014-07-16T02:58:35.678+0000: 2590.217: [GC [PSYoungGen: 253636K->1376K(247808K)] 627028K->374832K(934784K), 0.0039310 secs] [Times: user=0.02 sys=0.01, real=0.00 secs] 
2014-07-16T02:58:36.540+0000: 2591.078: [GC [PSYoungGen: 247723K->356K(240768K)] 621179K->374270K(927744K), 0.0036940 secs] [Times: user=0.02 sys=0.00, real=0.00 secs] 
2014-07-16T02:58:37.364+0000: 2591.903: [GC [PSYoungGen: 240740K->1068K(289600K)] 614654K->375038K(976576K), 0.0192400 secs] [Times: user=0.11 sys=0.01, real=0.02 secs] 
2014-07-16T02:58:38.478+0000: 2593.016: [GC [PSYoungGen: 289580K->972K(291776K)] 663550K->375222K(978752K), 0.0076470 secs] [Times: user=0.04 sys=0.00, real=0.01 secs] 
2014-07-16T02:58:39.485+0000: 2594.024: [GC [PSYoungGen: 291208K->858K(283456K)] 665458K->375164K(970432K), 0.0068440 secs] [Times: user=0.04 sys=0.00, real=0.01 secs] 
2014-07-16T02:58:40.478+0000: 2595.017: [GC [PSYoungGen: 283418K->630K(275840K)] 657724K->375428K(962816K), 0.0065580 secs] [Times: user=0.04 sys=0.00, real=0.01 secs] 
2014-07-16T02:58:41.479+0000: 2596.018: [GC [PSYoungGen: 275830K->1068K(269184K)] 650628K->375946K(956160K), 0.0050320 secs] [Times: user=0.02 sys=0.01, real=0.00 secs] 
2014-07-16T02:58:42.463+0000: 2597.002: [GC [PSYoungGen: 269164K->1268K(262592K)] 644042K->376534K(949568K), 0.0057390 secs] [Times: user=0.04 sys=0.00, real=0.01 secs] 
2014-07-16T02:58:43.486+0000: 2598.025: [GC [PSYoungGen: 262580K->900K(255744K)] 637846K->376254K(942720K), 0.0100690 secs] [Times: user=0.06 sys=0.00, real=0.01 secs] 
2014-07-16T02:58:44.335+0000: 2598.873: [GC [PSYoungGen: 255684K->1148K(249664K)] 631038K->376748K(936640K), 0.0075690 secs] [Times: user=0.05 sys=0.00, real=0.01 secs] 
2014-07-16T02:58:45.217+0000: 2599.755: [GC [PSYoungGen: 249634K->1496K(243968K)] 625235K->377176K(930944K), 0.0060740 secs] [Times: user=0.03 sys=0.00, real=0.01 secs] 
2014-07-16T02:58:46.082+0000: 2600.621: [GC [PSYoungGen: 243928K->818K(237440K)] 619608K->376700K(924416K), 0.0072440 secs] [Times: user=0.04 sys=0.00, real=0.01 secs] 
2014-07-16T02:58:46.911+0000: 2601.450: [GC [PSYoungGen: 237426K->676K(231680K)] 613308K->376630K(918656K), 0.0067900 secs] [Times: user=0.04 sys=0.00, real=0.00 secs] 
2014-07-16T02:58:47.805+0000: 2602.344: [GC [PSYoungGen: 231652K->1696K(227264K)] 607606K->377738K(914240K), 0.0065240 secs] [Times: user=0.04 sys=0.00, real=0.01 secs] 
2014-07-16T02:58:48.547+0000: 2603.086: [GC [PSYoungGen: 227225K->962K(221312K)] 603267K->377060K(908288K), 0.0071370 secs] [Times: user=0.04 sys=0.01, real=0.01 secs] 
2014-07-16T02:58:49.297+0000: 2603.836: [GC [PSYoungGen: 221250K->480K(215744K)] 597348K->376602K(902720K), 0.0089580 secs] [Times: user=0.02 sys=0.00, real=0.01 secs] 
2014-07-16T02:58:50.021+0000: 2604.560: [GC [PSYoungGen: 215712K->1004K(211392K)] 591834K->377214K(898368K), 0.0044760 secs] [Times: user=0.03 sys=0.00, real=0.00 secs] 
2014-07-16T02:58:50.746+0000: 2605.284: [GC [PSYoungGen: 211371K->1272K(206976K)] 587582K->377546K(893952K), 0.0070340 secs] [Times: user=0.03 sys=0.01, real=0.01 secs] 
2014-07-16T02:58:51.473+0000: 2606.012: [GC [PSYoungGen: 206967K->1008K(202176K)] 583241K->377330K(889152K), 0.0077610 secs] [Times: user=0.05 sys=0.00, real=0.01 secs] 
2014-07-16T02:58:52.231+0000: 2606.770: [GC [PSYoungGen: 202160K->1324K(198144K)] 578482K->377702K(885120K), 0.0095350 secs] [Times: user=0.06 sys=0.00, real=0.01 secs] 
2014-07-16T02:58:53.049+0000: 2607.588: [GC [PSYoungGen: 198124K->1164K(193792K)] 574502K->377622K(880768K), 0.0081930 secs] [Times: user=0.05 sys=0.00, real=0.01 secs] 
2014-07-16T02:58:53.688+0000: 2608.226: [GC [PSYoungGen: 193651K->1076K(232192K)] 570109K->377814K(919168K), 0.0085020 secs] [Times: user=0.06 sys=0.00, real=0.01 secs] 
2014-07-16T02:58:54.508+0000: 2609.046: [GC [PSYoungGen: 232180K->1164K(226880K)] 608918K->378006K(913856K), 0.0064960 secs] [Times: user=0.04 sys=0.00, real=0.01 secs] 
2014-07-16T02:58:55.285+0000: 2609.823: [GC [PSYoungGen: 226828K->958K(221376K)] 603670K->377872K(908352K), 0.0070560 secs] [Times: user=0.05 sys=0.00, real=0.01 secs] 
2014-07-16T02:58:56.046+0000: 2610.585: [GC [PSYoungGen: 221374K->944K(216320K)] 598288K->377898K(903296K), 0.0044730 secs] [Times: user=0.02 sys=0.00, real=0.00 secs] 
2014-07-16T02:58:56.767+0000: 2611.306: [GC [PSYoungGen: 216304K->858K(211392K)] 593258K->377860K(898368K), 0.0059940 secs] [Times: user=0.02 sys=0.01, real=0.01 secs] 
2014-07-16T02:58:57.487+0000: 2612.026: [GC [PSYoungGen: 211312K->900K(206784K)] 588314K->377998K(893760K), 0.0097710 secs] [Times: user=0.06 sys=0.01, real=0.01 secs] 
2014-07-16T02:58:58.312+0000: 2612.850: [GC [PSYoungGen: 206715K->1212K(202496K)] 583813K->378358K(889472K), 0.0068840 secs] [Times: user=0.04 sys=0.00, real=0.00 secs] 
2014-07-16T02:58:59.026+0000: 2613.564: [GC [PSYoungGen: 202483K->1188K(198144K)] 579629K->378406K(885120K), 0.0066880 secs] [Times: user=0.04 sys=0.00, real=0.01 secs] 
2014-07-16T02:58:59.684+0000: 2614.223: [GC [PSYoungGen: 198076K->958K(193664K)] 575295K->378288K(880640K), 0.0065010 secs] [Times: user=0.04 sys=0.00, real=0.01 secs] 
2014-07-16T02:59:00.401+0000: 2614.940: [GC [PSYoungGen: 193662K->876K(189504K)] 570992K->378262K(876480K), 0.0040160 secs] [Times: user=0.01 sys=0.00, real=0.01 secs] 
2014-07-16T02:59:01.057+0000: 2615.596: [GC [PSYoungGen: 189484K->1228K(185920K)] 566870K->378678K(872896K), 0.0068440 secs] [Times: user=0.02 sys=0.00, real=0.01 secs] 
2014-07-16T02:59:01.681+0000: 2616.220: [GC [PSYoungGen: 185868K->1240K(222848K)] 563318K->378738K(909824K), 0.0110980 secs] [Times: user=0.07 sys=0.00, real=0.01 secs] 
2014-07-16T02:59:02.544+0000: 2617.083: [GC [PSYoungGen: 222808K->676K(266624K)] 600306K->378270K(953600K), 0.0111730 secs] [Times: user=0.07 sys=0.00, real=0.01 secs] 
2014-07-16T02:59:03.567+0000: 2618.105: [GC [PSYoungGen: 266596K->1104K(272960K)] 644190K->378770K(959936K), 0.0074070 secs] [Times: user=0.05 sys=0.00, real=0.01 secs] 
2014-07-16T02:59:04.506+0000: 2619.045: [GC [PSYoungGen: 272464K->740K(265216K)] 650130K->378486K(952192K), 0.0083080 secs] [Times: user=0.06 sys=0.00, real=0.01 secs] 
2014-07-16T02:59:05.442+0000: 2619.981: [GC [PSYoungGen: 265187K->946K(258752K)] 642934K->378780K(945728K), 0.0071020 secs] [Times: user=0.05 sys=0.00, real=0.00 secs] 
2014-07-16T02:59:06.337+0000: 2620.875: [GC [PSYoungGen: 258690K->826K(252224K)] 636524K->378708K(939200K), 0.0097190 secs] [Times: user=0.07 sys=0.00, real=0.01 secs] 
2014-07-16T02:59:07.219+0000: 2621.757: [GC [PSYoungGen: 252218K->1440K(246720K)] 630100K->379378K(933696K), 0.0078630 secs] [Times: user=0.05 sys=0.00, real=0.01 secs] 
2014-07-16T02:59:08.185+0000: 2622.724: [GC [PSYoungGen: 246688K->804K(240128K)] 624626K->378974K(927104K), 0.0089680 secs] [Times: user=0.05 sys=0.00, real=0.01 secs] 
2014-07-16T02:59:09.016+0000: 2623.555: [GC [PSYoungGen: 240100K->964K(234560K)] 618270K->379166K(921536K), 0.0074040 secs] [Times: user=0.02 sys=0.01, real=0.01 secs] 
2014-07-16T02:59:09.853+0000: 2624.391: [GC [PSYoungGen: 234454K->1226K(229312K)] 612656K->379500K(916288K), 0.0052150 secs] [Times: user=0.03 sys=0.00, real=0.01 secs] 
2014-07-16T02:59:10.627+0000: 2625.166: [GC [PSYoungGen: 229258K->908K(223680K)] 607532K->379246K(910656K), 0.0054760 secs] [Times: user=0.03 sys=0.01, real=0.00 secs] 
2014-07-16T02:59:11.438+0000: 2625.976: [GC [PSYoungGen: 223628K->1008K(218624K)] 601966K->379818K(905600K), 0.0070840 secs] [Times: user=0.05 sys=0.00, real=0.01 secs] 
2014-07-16T02:59:12.246+0000: 2626.784: [GC [PSYoungGen: 218608K->958K(262080K)] 597418K->379800K(949056K), 0.0152900 secs] [Times: user=0.09 sys=0.00, real=0.01 secs] 
2014-07-16T02:59:13.298+0000: 2627.836: [GC [PSYoungGen: 262078K->904K(255552K)] 640920K->379852K(942528K), 0.0066560 secs] [Times: user=0.04 sys=0.00, real=0.01 secs] 
2014-07-16T02:59:14.190+0000: 2628.728: [GC [PSYoungGen: 255496K->1340K(249664K)] 634444K->380352K(936640K), 0.0101100 secs] [Times: user=0.06 sys=0.01, real=0.01 secs] 
2014-07-16T02:59:15.093+0000: 2629.632: [GC [PSYoungGen: 249626K->954K(243200K)] 628638K->380166K(930176K), 0.0087020 secs] [Times: user=0.05 sys=0.00, real=0.00 secs] 
2014-07-16T02:59:16.005+0000: 2630.544: [GC [PSYoungGen: 243194K->990K(237440K)] 622406K->380300K(924416K), 0.0043250 secs] [Times: user=0.02 sys=0.00, real=0.00 secs] 
2014-07-16T02:59:16.879+0000: 2631.417: [GC [PSYoungGen: 237406K->816K(231616K)] 616716K->380266K(918592K), 0.0045820 secs] [Times: user=0.02 sys=0.01, real=0.00 secs] 
2014-07-16T02:59:17.708+0000: 2632.247: [GC [PSYoungGen: 231584K->1142K(226496K)] 611035K->380696K(913472K), 0.0063580 secs] [Times: user=0.04 sys=0.00, real=0.01 secs] 
2014-07-16T02:59:18.567+0000: 2633.106: [GC [PSYoungGen: 226486K->1268K(221376K)] 606040K->380992K(908352K), 0.0055060 secs] [Times: user=0.04 sys=0.00, real=0.00 secs] 
2014-07-16T02:59:19.349+0000: 2633.888: [GC [PSYoungGen: 221364K->908K(216000K)] 601088K->380688K(902976K), 0.0080400 secs] [Times: user=0.04 sys=0.01, real=0.01 secs] 
2014-07-16T02:59:20.140+0000: 2634.679: [GC [PSYoungGen: 215885K->772K(211008K)] 595666K->380600K(897984K), 0.0095440 secs] [Times: user=0.06 sys=0.00, real=0.01 secs] 
2014-07-16T02:59:20.860+0000: 2635.399: [GC [PSYoungGen: 210948K->1054K(253312K)] 590776K->380922K(940288K), 0.0120060 secs] [Times: user=0.07 sys=0.00, real=0.01 secs] 
2014-07-16T02:59:21.759+0000: 2636.298: [GC [PSYoungGen: 253262K->982K(247040K)] 633131K->380962K(934016K), 0.0062910 secs] [Times: user=0.04 sys=0.01, real=0.01 secs] 
2014-07-16T02:59:22.610+0000: 2637.149: [GC [PSYoungGen: 246968K->662K(240768K)] 626949K->380706K(927744K), 0.0078660 secs] [Times: user=0.04 sys=0.00, real=0.01 secs] 
2014-07-16T02:59:23.550+0000: 2638.089: [GC [PSYoungGen: 240726K->594K(234944K)] 620770K->380702K(921920K), 0.0085270 secs] [Times: user=0.04 sys=0.00, real=0.01 secs] 
2014-07-16T02:59:24.345+0000: 2638.883: [GC [PSYoungGen: 234898K->958K(229696K)] 615006K->381114K(916672K), 0.0067770 secs] [Times: user=0.03 sys=0.00, real=0.01 secs] 
2014-07-16T02:59:25.125+0000: 2639.664: [GC [PSYoungGen: 229694K->1068K(224448K)] 609850K->381288K(911424K), 0.0084460 secs] [Times: user=0.05 sys=0.00, real=0.00 secs] 
2014-07-16T02:59:25.890+0000: 2640.428: [GC [PSYoungGen: 224427K->926K(268992K)] 604648K->381202K(955968K), 0.0106540 secs] [Times: user=0.06 sys=0.00, real=0.01 secs] 
2014-07-16T02:59:26.817+0000: 2641.356: [GC [PSYoungGen: 268958K->868K(262144K)] 649234K->381216K(949120K), 0.0041750 secs] [Times: user=0.02 sys=0.00, real=0.00 secs] 
2014-07-16T02:59:27.752+0000: 2642.290: [GC [PSYoungGen: 262089K->868K(255616K)] 642437K->381280K(942592K), 0.0070570 secs] [Times: user=0.04 sys=0.00, real=0.01 secs] 
2014-07-16T02:59:28.734+0000: 2643.273: [GC [PSYoungGen: 255588K->1062K(249536K)] 636000K->381646K(936512K), 0.0093200 secs] [Times: user=0.07 sys=0.00, real=0.01 secs] 
2014-07-16T02:59:29.595+0000: 2644.134: [GC [PSYoungGen: 249510K->950K(243328K)] 630094K->381598K(930304K), 0.0065550 secs] [Times: user=0.05 sys=0.00, real=0.01 secs] 
2014-07-16T02:59:30.449+0000: 2644.988: [GC [PSYoungGen: 243318K->900K(237504K)] 623966K->381628K(924480K), 0.0046540 secs] [Times: user=0.03 sys=0.00, real=0.00 secs] 
2014-07-16T02:59:31.303+0000: 2645.842: [GC [PSYoungGen: 237444K->958K(231872K)] 618172K->381726K(918848K), 0.0044440 secs] [Times: user=0.02 sys=0.00, real=0.01 secs] 
2014-07-16T02:59:32.119+0000: 2646.658: [GC [PSYoungGen: 231848K->934K(226432K)] 612617K->381996K(913408K), 0.0106450 secs] [Times: user=0.06 sys=0.00, real=0.01 secs] 
2014-07-16T02:59:33.016+0000: 2647.555: [GC [PSYoungGen: 226389K->1306K(221568K)] 607451K->382448K(908544K), 0.0089780 secs] [Times: user=0.06 sys=0.00, real=0.01 secs] 
2014-07-16T02:59:33.926+0000: 2648.465: [GC [PSYoungGen: 221530K->552K(215744K)] 602672K->382436K(902720K), 0.0073400 secs] [Times: user=0.04 sys=0.01, real=0.00 secs] 
2014-07-16T02:59:34.676+0000: 2649.215: [GC [PSYoungGen: 215720K->812K(259072K)] 597604K->382728K(946048K), 0.0125640 secs] [Times: user=0.07 sys=0.00, real=0.01 secs] 
2014-07-16T02:59:35.609+0000: 2650.148: [GC [PSYoungGen: 259035K->1144K(252992K)] 640952K->383207K(939968K), 0.0062620 secs] [Times: user=0.04 sys=0.00, real=0.00 secs] 
2014-07-16T02:59:36.525+0000: 2651.064: [GC [PSYoungGen: 252984K->1068K(246720K)] 635047K->383210K(933696K), 0.0069880 secs] [Times: user=0.03 sys=0.00, real=0.01 secs] 
2014-07-16T02:59:37.370+0000: 2651.909: [GC [PSYoungGen: 246697K->894K(240576K)] 628840K->383156K(927552K), 0.0040620 secs] [Times: user=0.02 sys=0.01, real=0.00 secs] 
2014-07-16T02:59:38.208+0000: 2652.747: [GC [PSYoungGen: 240574K->890K(234816K)] 622836K->383232K(921792K), 0.0074980 secs] [Times: user=0.04 sys=0.00, real=0.00 secs] 
2014-07-16T02:59:39.106+0000: 2653.644: [GC [PSYoungGen: 234810K->926K(229376K)] 617152K->383324K(916352K), 0.0100340 secs] [Times: user=0.06 sys=0.00, real=0.01 secs] 
2014-07-16T02:59:39.869+0000: 2654.407: [GC [PSYoungGen: 229342K->1376K(224512K)] 611740K->383871K(911488K), 0.0073480 secs] [Times: user=0.04 sys=0.01, real=0.00 secs] 
2014-07-16T02:59:40.671+0000: 2655.210: [GC [PSYoungGen: 224480K->498K(218496K)] 606975K->383080K(905472K), 0.0043530 secs] [Times: user=0.02 sys=0.00, real=0.00 secs] 
2014-07-16T02:59:41.427+0000: 2655.966: [GC [PSYoungGen: 218463K->926K(213952K)] 601046K->383556K(900928K), 0.0048840 secs] [Times: user=0.02 sys=0.01, real=0.00 secs] 
2014-07-16T02:59:42.190+0000: 2656.729: [GC [PSYoungGen: 213887K->1526K(209728K)] 596518K->384303K(896704K), 0.0068270 secs] [Times: user=0.04 sys=0.00, real=0.00 secs] 
2014-07-16T02:59:42.936+0000: 2657.474: [GC [PSYoungGen: 209703K->958K(204544K)] 592479K->383806K(891520K), 0.0072170 secs] [Times: user=0.04 sys=0.00, real=0.01 secs] 
2014-07-16T02:59:43.741+0000: 2658.280: [GC [PSYoungGen: 204540K->998K(245376K)] 587389K->384113K(932352K), 0.0144670 secs] [Times: user=0.08 sys=0.01, real=0.01 secs] 
2014-07-16T02:59:44.642+0000: 2659.181: [GC [PSYoungGen: 245350K->1186K(239680K)] 628465K->384405K(926656K), 0.0039270 secs] [Times: user=0.02 sys=0.00, real=0.00 secs] 
2014-07-16T02:59:45.510+0000: 2660.049: [GC [PSYoungGen: 239650K->1260K(234048K)] 622869K->384733K(921024K), 0.0043040 secs] [Times: user=0.02 sys=0.00, real=0.00 secs] 
2014-07-16T02:59:46.314+0000: 2660.852: [GC [PSYoungGen: 234028K->594K(227904K)] 617501K->384154K(914880K), 0.0063580 secs] [Times: user=0.04 sys=0.00, real=0.01 secs] 
2014-07-16T02:59:47.106+0000: 2661.644: [GC [PSYoungGen: 227858K->1086K(223040K)] 611418K->384703K(910016K), 0.0066110 secs] [Times: user=0.02 sys=0.00, real=0.01 secs] 
2014-07-16T02:59:47.916+0000: 2662.454: [GC [PSYoungGen: 222996K->1340K(218176K)] 606613K->385021K(905152K), 0.0084760 secs] [Times: user=0.06 sys=0.00, real=0.01 secs] 
2014-07-16T02:59:48.797+0000: 2663.335: [GC [PSYoungGen: 218172K->928K(212864K)] 601853K->384664K(899840K), 0.0060990 secs] [Times: user=0.03 sys=0.00, real=0.01 secs] 
2014-07-16T02:59:49.593+0000: 2664.132: [GC [PSYoungGen: 212832K->1032K(255424K)] 596568K->384857K(942400K), 0.0142740 secs] [Times: user=0.08 sys=0.00, real=0.01 secs] 
2014-07-16T02:59:50.479+0000: 2665.018: [GC [PSYoungGen: 255368K->1086K(249152K)] 639193K->384983K(936128K), 0.0071240 secs] [Times: user=0.05 sys=0.00, real=0.01 secs] 
2014-07-16T02:59:51.417+0000: 2665.955: [GC [PSYoungGen: 249150K->1214K(243200K)] 633047K->385175K(930176K), 0.0060250 secs] [Times: user=0.03 sys=0.00, real=0.01 secs] 
2014-07-16T02:59:52.230+0000: 2666.769: [GC [PSYoungGen: 243169K->930K(237120K)] 627130K->385011K(924096K), 0.0039900 secs] [Times: user=0.02 sys=0.00, real=0.00 secs] 
2014-07-16T02:59:53.091+0000: 2667.630: [GC [PSYoungGen: 237090K->1476K(232064K)] 621171K->385629K(919040K), 0.0064160 secs] [Times: user=0.03 sys=0.00, real=0.00 secs] 
2014-07-16T02:59:54.065+0000: 2668.603: [GC [PSYoungGen: 232004K->638K(225728K)] 616157K->385147K(912704K), 0.0059620 secs] [Times: user=0.04 sys=0.00, real=0.01 secs] 
2014-07-16T02:59:54.815+0000: 2669.354: [GC [PSYoungGen: 225687K->1090K(221056K)] 610196K->385663K(908032K), 0.0101450 secs] [Times: user=0.07 sys=0.00, real=0.01 secs] 
2014-07-16T02:59:55.601+0000: 2670.139: [GC [PSYoungGen: 220994K->1126K(265088K)] 605567K->386071K(952064K), 0.0129600 secs] [Times: user=0.08 sys=0.00, real=0.01 secs] 
2014-07-16T02:59:56.522+0000: 2671.060: [GC [PSYoungGen: 265055K->708K(287744K)] 650000K->385709K(974720K), 0.0088100 secs] [Times: user=0.05 sys=0.00, real=0.01 secs] 
2014-07-16T02:59:57.483+0000: 2672.021: [GC [PSYoungGen: 286916K->1572K(280320K)] 671917K->386669K(967296K), 0.0050310 secs] [Times: user=0.03 sys=0.00, real=0.00 secs] 
2014-07-16T02:59:58.417+0000: 2672.956: [GC [PSYoungGen: 280292K->708K(272256K)] 665389K->385853K(959232K), 0.0059810 secs] [Times: user=0.03 sys=0.00, real=0.01 secs] 
2014-07-16T02:59:59.429+0000: 2673.968: [GC [PSYoungGen: 272170K->740K(265344K)] 657315K->385941K(952320K), 0.0075100 secs] [Times: user=0.05 sys=0.00, real=0.01 secs] 
2014-07-16T03:00:00.377+0000: 2674.916: [GC [PSYoungGen: 265316K->1258K(259200K)] 650517K->386507K(946176K), 0.0126660 secs] [Times: user=0.09 sys=0.00, real=0.01 secs] 
2014-07-16T03:00:01.297+0000: 2675.835: [GC [PSYoungGen: 259178K->1172K(252736K)] 644427K->386469K(939712K), 0.0065800 secs] [Times: user=0.02 sys=0.00, real=0.01 secs] 
2014-07-16T03:00:02.176+0000: 2676.715: [GC [PSYoungGen: 252685K->930K(246272K)] 637982K->386291K(933248K), 0.0073540 secs] [Times: user=0.05 sys=0.00, real=0.01 secs] 
2014-07-16T03:00:03.037+0000: 2677.576: [GC [PSYoungGen: 246242K->1164K(240576K)] 631603K->386605K(927552K), 0.0105750 secs] [Times: user=0.07 sys=0.00, real=0.01 secs] 
2014-07-16T03:00:04.018+0000: 2678.557: [GC [PSYoungGen: 240524K->886K(288128K)] 625965K->386367K(975104K), 0.0128980 secs] [Times: user=0.08 sys=0.00, real=0.02 secs] 
2014-07-16T03:00:05.033+0000: 2679.572: [GC [PSYoungGen: 288115K->1036K(280768K)] 673596K->386621K(967744K), 0.0061910 secs] [Times: user=0.04 sys=0.00, real=0.00 secs] 
2014-07-16T03:00:06.034+0000: 2680.573: [GC [PSYoungGen: 280716K->758K(312832K)] 666301K->386383K(999808K), 0.0136760 secs] [Times: user=0.08 sys=0.00, real=0.01 secs] 
2014-07-16T03:00:07.117+0000: 2681.656: [GC [PSYoungGen: 311990K->1342K(304064K)] 697615K->387055K(991040K), 0.0084170 secs] [Times: user=0.04 sys=0.01, real=0.01 secs] 
2014-07-16T03:00:08.174+0000: 2682.712: [GC [PSYoungGen: 304049K->858K(295488K)] 689762K->386603K(982464K), 0.0047700 secs] [Times: user=0.02 sys=0.00, real=0.00 secs] 
2014-07-16T03:00:09.347+0000: 2683.886: [GC [PSYoungGen: 295450K->1142K(287936K)] 681195K->386943K(974912K), 0.0046930 secs] [Times: user=0.03 sys=0.00, real=0.01 secs] 
2014-07-16T03:00:10.351+0000: 2684.890: [GC [PSYoungGen: 287926K->1318K(280576K)] 673727K->387199K(967552K), 0.0039980 secs] [Times: user=0.02 sys=0.00, real=0.01 secs] 
2014-07-16T03:00:11.308+0000: 2685.847: [GC [PSYoungGen: 280538K->766K(272768K)] 666419K->386811K(959744K), 0.0058230 secs] [Times: user=0.04 sys=0.00, real=0.01 secs] 
2014-07-16T03:00:12.316+0000: 2686.854: [GC [PSYoungGen: 272766K->964K(266048K)] 658811K->387105K(953024K), 0.0065400 secs] [Times: user=0.04 sys=0.00, real=0.01 secs] 
2014-07-16T03:00:13.262+0000: 2687.800: [GC [PSYoungGen: 265897K->1372K(259776K)] 652038K->387593K(946752K), 0.0046960 secs] [Times: user=0.02 sys=0.00, real=0.01 secs] 
2014-07-16T03:00:14.284+0000: 2688.823: [GC [PSYoungGen: 259740K->936K(252864K)] 645961K->387229K(939840K), 0.0074630 secs] [Times: user=0.04 sys=0.00, real=0.01 secs] 
2014-07-16T03:00:15.114+0000: 2689.653: [GC [PSYoungGen: 252840K->790K(246528K)] 639133K->387123K(933504K), 0.0054900 secs] [Times: user=0.02 sys=0.00, real=0.00 secs] 
2014-07-16T03:00:15.974+0000: 2690.513: [GC [PSYoungGen: 246473K->740K(240512K)] 632806K->387137K(927488K), 0.0077180 secs] [Times: user=0.03 sys=0.00, real=0.00 secs] 
2014-07-16T03:00:16.822+0000: 2691.361: [GC [PSYoungGen: 240484K->898K(234944K)] 626881K->387359K(921920K), 0.0098570 secs] [Times: user=0.06 sys=0.00, real=0.01 secs] 
2014-07-16T03:00:17.626+0000: 2692.164: [GC [PSYoungGen: 234882K->836K(229376K)] 621343K->387369K(916352K), 0.0074660 secs] [Times: user=0.05 sys=0.01, real=0.01 secs] 
2014-07-16T03:00:18.458+0000: 2692.997: [GC [PSYoungGen: 229316K->562K(223744K)] 615849K->387135K(910720K), 0.0044830 secs] [Times: user=0.02 sys=0.00, real=0.00 secs] 
2014-07-16T03:00:19.389+0000: 2693.928: [GC [PSYoungGen: 223705K->1464K(219520K)] 610278K->388125K(906496K), 0.0102430 secs] [Times: user=0.06 sys=0.00, real=0.01 secs] 
2014-07-16T03:00:20.151+0000: 2694.690: [GC [PSYoungGen: 219512K->1194K(214272K)] 606173K->388059K(901248K), 0.0098160 secs] [Times: user=0.06 sys=0.00, real=0.01 secs] 
2014-07-16T03:00:20.875+0000: 2695.414: [GC [PSYoungGen: 214221K->872K(209152K)] 601086K->387793K(896128K), 0.0049270 secs] [Times: user=0.02 sys=0.00, real=0.00 secs] 
2014-07-16T03:00:21.597+0000: 2696.135: [GC [PSYoungGen: 209128K->480K(204160K)] 596049K->387457K(891136K), 0.0076230 secs] [Times: user=0.04 sys=0.00, real=0.01 secs] 
2014-07-16T03:00:22.381+0000: 2696.920: [GC [PSYoungGen: 204128K->1132K(245568K)] 591105K->388165K(932544K), 0.0114110 secs] [Times: user=0.06 sys=0.01, real=0.01 secs] 
2014-07-16T03:00:23.235+0000: 2697.774: [GC [PSYoungGen: 245548K->804K(239360K)] 632581K->387933K(926336K), 0.0059890 secs] [Times: user=0.03 sys=0.00, real=0.00 secs] 
2014-07-16T03:00:24.072+0000: 2698.610: [GC [PSYoungGen: 239332K->804K(233664K)] 626461K->387997K(920640K), 0.0035800 secs] [Times: user=0.03 sys=0.00, real=0.01 secs] 
2014-07-16T03:00:25.078+0000: 2699.616: [GC [PSYoungGen: 233635K->794K(228160K)] 620828K->388035K(915136K), 0.0087660 secs] [Times: user=0.05 sys=0.00, real=0.01 secs] 
2014-07-16T03:00:25.834+0000: 2700.373: [GC [PSYoungGen: 228121K->908K(222976K)] 615362K->388213K(909952K), 0.0117150 secs] [Times: user=0.08 sys=0.00, real=0.01 secs] 
2014-07-16T03:00:26.593+0000: 2701.132: [GC [PSYoungGen: 222872K->612K(267072K)] 610177K->387965K(954048K), 0.0086510 secs] [Times: user=0.06 sys=0.00, real=0.01 secs] 
2014-07-16T03:00:27.500+0000: 2702.039: [GC [PSYoungGen: 267044K->516K(260288K)] 654397K->387893K(947264K), 0.0058160 secs] [Times: user=0.02 sys=0.01, real=0.01 secs] 
2014-07-16T03:00:28.410+0000: 2702.949: [GC [PSYoungGen: 260228K->986K(312704K)] 647605K->388451K(999680K), 0.0130650 secs] [Times: user=0.08 sys=0.00, real=0.01 secs] 
2014-07-16T03:00:29.582+0000: 2704.121: [GC [PSYoungGen: 312642K->1522K(304704K)] 700107K->389175K(991680K), 0.0055530 secs] [Times: user=0.02 sys=0.00, real=0.01 secs] 
2014-07-16T03:00:30.668+0000: 2705.207: [GC [PSYoungGen: 304690K->576K(295552K)] 692343K->388415K(982528K), 0.0064470 secs] [Times: user=0.05 sys=0.01, real=0.00 secs] 
2014-07-16T03:00:31.676+0000: 2706.215: [GC [PSYoungGen: 295552K->790K(288000K)] 683391K->388701K(974976K), 0.0088430 secs] [Times: user=0.05 sys=0.00, real=0.01 secs] 
2014-07-16T03:00:32.641+0000: 2707.180: [GC [PSYoungGen: 287958K->658K(280320K)] 675869K->388641K(967296K), 0.0055440 secs] [Times: user=0.04 sys=0.00, real=0.01 secs] 
2014-07-16T03:00:33.658+0000: 2708.197: [GC [PSYoungGen: 280274K->908K(273344K)] 668257K->388979K(960320K), 0.0059050 secs] [Times: user=0.04 sys=0.00, real=0.00 secs] 
2014-07-16T03:00:34.732+0000: 2709.270: [GC [PSYoungGen: 273292K->1172K(266624K)] 661363K->389331K(953600K), 0.0085760 secs] [Times: user=0.05 sys=0.00, real=0.01 secs] 
2014-07-16T03:00:35.812+0000: 2710.351: [GC [PSYoungGen: 266580K->530K(259264K)] 654739K->388729K(946240K), 0.0120200 secs] [Times: user=0.07 sys=0.00, real=0.01 secs] 
2014-07-16T03:00:36.744+0000: 2711.282: [GC [PSYoungGen: 259218K->864K(253120K)] 647417K->389159K(940096K), 0.0069170 secs] [Times: user=0.05 sys=0.00, real=0.01 secs] 
2014-07-16T03:00:37.665+0000: 2712.203: [GC [PSYoungGen: 253088K->908K(246976K)] 641383K->389267K(933952K), 0.0082890 secs] [Times: user=0.04 sys=0.00, real=0.01 secs] 
2014-07-16T03:00:38.532+0000: 2713.070: [GC [PSYoungGen: 246924K->982K(241088K)] 635283K->389445K(928064K), 0.0066370 secs] [Times: user=0.04 sys=0.00, real=0.01 secs] 
2014-07-16T03:00:39.424+0000: 2713.963: [GC [PSYoungGen: 241000K->1378K(235712K)] 629463K->389897K(922688K), 0.0043970 secs] [Times: user=0.02 sys=0.00, real=0.01 secs] 
2014-07-16T03:00:40.230+0000: 2714.768: [GC [PSYoungGen: 235682K->570K(229312K)] 624201K->389527K(916288K), 0.0077960 secs] [Times: user=0.05 sys=0.00, real=0.01 secs] 
2014-07-16T03:00:41.046+0000: 2715.585: [GC [PSYoungGen: 229298K->1532K(224896K)] 618255K->390819K(911872K), 0.0048790 secs] [Times: user=0.02 sys=0.00, real=0.01 secs] 
2014-07-16T03:00:41.822+0000: 2716.360: [GC [PSYoungGen: 224892K->944K(219136K)] 614179K->390677K(906112K), 0.0048670 secs] [Times: user=0.02 sys=0.00, real=0.00 secs] 
2014-07-16T03:00:42.616+0000: 2717.155: [GC [PSYoungGen: 219119K->1190K(214400K)] 608852K->391079K(901376K), 0.0044960 secs] [Times: user=0.02 sys=0.00, real=0.01 secs] 
2014-07-16T03:00:43.355+0000: 2717.894: [GC [PSYoungGen: 214374K->922K(209344K)] 604263K->390883K(896320K), 0.0100070 secs] [Times: user=0.05 sys=0.00, real=0.01 secs] 
2014-07-16T03:00:44.116+0000: 2718.654: [GC [PSYoungGen: 209306K->1414K(205248K)] 599267K->391439K(892224K), 0.0039890 secs] [Times: user=0.02 sys=0.01, real=0.01 secs] 
2014-07-16T03:00:44.977+0000: 2719.515: [GC [PSYoungGen: 205172K->1086K(200384K)] 595197K->391183K(887360K), 0.0088920 secs] [Times: user=0.05 sys=0.01, real=0.01 secs] 
2014-07-16T03:00:45.618+0000: 2720.157: [GC [PSYoungGen: 200382K->640K(195648K)] 590479K->390809K(882624K), 0.0080600 secs] [Times: user=0.06 sys=0.00, real=0.00 secs] 
2014-07-16T03:00:46.303+0000: 2720.841: [GC [PSYoungGen: 195648K->940K(191808K)] 585817K->391229K(878784K), 0.0074210 secs] [Times: user=0.05 sys=0.00, real=0.01 secs] 
2014-07-16T03:00:46.973+0000: 2721.511: [GC [PSYoungGen: 191788K->594K(187456K)] 582077K->390939K(874432K), 0.0074180 secs] [Times: user=0.05 sys=0.00, real=0.01 secs] 
2014-07-16T03:00:47.639+0000: 2722.178: [GC [PSYoungGen: 187410K->794K(183744K)] 577755K->391219K(870720K), 0.0050150 secs] [Times: user=0.02 sys=0.00, real=0.00 secs] 
2014-07-16T03:00:48.268+0000: 2722.806: [GC [PSYoungGen: 183706K->530K(220096K)] 574131K->391003K(907072K), 0.0102480 secs] [Times: user=0.06 sys=0.00, real=0.02 secs] 
2014-07-16T03:00:49.020+0000: 2723.559: [GC [PSYoungGen: 220034K->1018K(264448K)] 610507K->391539K(951424K), 0.0155440 secs] [Times: user=0.09 sys=0.00, real=0.01 secs] 
2014-07-16T03:00:50.041+0000: 2724.579: [GC [PSYoungGen: 264442K->1222K(305792K)] 654963K->391823K(992768K), 0.0069930 secs] [Times: user=0.04 sys=0.00, real=0.00 secs] 
2014-07-16T03:00:51.069+0000: 2725.608: [GC [PSYoungGen: 305391K->708K(317824K)] 695992K->391381K(1004800K), 0.0122540 secs] [Times: user=0.08 sys=0.00, real=0.01 secs] 
2014-07-16T03:00:52.167+0000: 2726.706: [GC [PSYoungGen: 316847K->786K(317824K)] 707520K->391523K(1004800K), 0.0085310 secs] [Times: user=0.05 sys=0.00, real=0.01 secs] 
2014-07-16T03:00:53.238+0000: 2727.777: [GC [PSYoungGen: 316946K->886K(308352K)] 707683K->391735K(995328K), 0.0038510 secs] [Times: user=0.02 sys=0.00, real=0.00 secs] 
2014-07-16T03:00:54.308+0000: 2728.846: [GC [PSYoungGen: 308322K->1104K(300288K)] 699171K->392025K(987264K), 0.0072030 secs] [Times: user=0.04 sys=0.01, real=0.01 secs] 
2014-07-16T03:00:55.585+0000: 2730.124: [GC [PSYoungGen: 300230K->836K(292032K)] 691151K->391829K(979008K), 0.0049730 secs] [Times: user=0.02 sys=0.00, real=0.01 secs] 
2014-07-16T03:00:56.618+0000: 2731.156: [GC [PSYoungGen: 291972K->1286K(284800K)] 682965K->392375K(971776K), 0.0096000 secs] [Times: user=0.06 sys=0.00, real=0.01 secs] 
2014-07-16T03:00:57.598+0000: 2732.137: [GC [PSYoungGen: 284742K->894K(276992K)] 675831K->392253K(963968K), 0.0069560 secs] [Times: user=0.03 sys=0.00, real=0.01 secs] 
2014-07-16T03:00:58.573+0000: 2733.112: [GC [PSYoungGen: 276990K->644K(269696K)] 668349K->392083K(956672K), 0.0074570 secs] [Times: user=0.05 sys=0.00, real=0.01 secs] 
2014-07-16T03:00:59.560+0000: 2734.099: [GC [PSYoungGen: 269599K->1406K(324224K)] 661039K->392917K(1011200K), 0.0177470 secs] [Times: user=0.10 sys=0.01, real=0.01 secs] 
2014-07-16T03:01:00.811+0000: 2735.350: [GC [PSYoungGen: 324202K->612K(314496K)] 715714K->392179K(1001472K), 0.0088280 secs] [Times: user=0.06 sys=0.00, real=0.00 secs] 
2014-07-16T03:01:01.966+0000: 2736.505: [GC [PSYoungGen: 314468K->894K(306176K)] 706035K->392541K(993152K), 0.0042110 secs] [Times: user=0.02 sys=0.01, real=0.01 secs] 
2014-07-16T03:01:03.096+0000: 2737.634: [GC [PSYoungGen: 306171K->740K(297792K)] 697819K->392435K(984768K), 0.0104070 secs] [Times: user=0.05 sys=0.00, real=0.01 secs] 
2014-07-16T03:01:04.172+0000: 2738.711: [GC [PSYoungGen: 297703K->1194K(290304K)] 689398K->392977K(977280K), 0.0070540 secs] [Times: user=0.05 sys=0.00, real=0.00 secs] 
2014-07-16T03:01:05.294+0000: 2739.833: [GC [PSYoungGen: 290282K->676K(282176K)] 682065K->392523K(969152K), 0.0040400 secs] [Times: user=0.02 sys=0.00, real=0.00 secs] 
2014-07-16T03:01:06.382+0000: 2740.921: [GC [PSYoungGen: 282104K->868K(275072K)] 673952K->392755K(962048K), 0.0047930 secs] [Times: user=0.02 sys=0.00, real=0.00 secs] 
2014-07-16T03:01:07.384+0000: 2741.923: [GC [PSYoungGen: 275044K->704K(267840K)] 666931K->392695K(954816K), 0.0037240 secs] [Times: user=0.02 sys=0.00, real=0.00 secs] 
2014-07-16T03:01:08.376+0000: 2742.915: [GC [PSYoungGen: 267803K->1186K(261568K)] 659794K->393265K(948544K), 0.0039920 secs] [Times: user=0.02 sys=0.00, real=0.00 secs] 
2014-07-16T03:01:09.331+0000: 2743.870: [GC [PSYoungGen: 261533K->416K(254272K)] 653613K->392551K(941248K), 0.0077020 secs] [Times: user=0.05 sys=0.00, real=0.00 secs] 
2014-07-16T03:01:10.309+0000: 2744.848: [GC [PSYoungGen: 254210K->944K(248512K)] 646345K->393167K(935488K), 0.0055890 secs] [Times: user=0.03 sys=0.00, real=0.01 secs] 
2014-07-16T03:01:11.219+0000: 2745.757: [GC [PSYoungGen: 248496K->908K(242496K)] 640719K->393203K(929472K), 0.0156500 secs] [Times: user=0.10 sys=0.00, real=0.02 secs] 
2014-07-16T03:01:12.113+0000: 2746.652: [GC [PSYoungGen: 242416K->648K(236416K)] 634711K->393023K(923392K), 0.0057710 secs] [Times: user=0.04 sys=0.00, real=0.00 secs] 
2014-07-16T03:01:12.980+0000: 2747.519: [GC [PSYoungGen: 236360K->826K(230976K)] 628735K->393257K(917952K), 0.0054740 secs] [Times: user=0.02 sys=0.00, real=0.01 secs] 
2014-07-16T03:01:13.847+0000: 2748.386: [GC [PSYoungGen: 230937K->744K(225536K)] 623368K->393247K(912512K), 0.0090490 secs] [Times: user=0.05 sys=0.00, real=0.01 secs] 
2014-07-16T03:01:14.681+0000: 2749.220: [GC [PSYoungGen: 225512K->512K(220096K)] 618015K->393079K(907072K), 0.0065910 secs] [Times: user=0.04 sys=0.01, real=0.01 secs] 
2014-07-16T03:01:15.574+0000: 2750.113: [GC [PSYoungGen: 220096K->662K(215296K)] 612663K->393309K(902272K), 0.0057240 secs] [Times: user=0.04 sys=0.00, real=0.00 secs] 
2014-07-16T03:01:16.344+0000: 2750.883: [GC [PSYoungGen: 215254K->994K(210752K)] 607901K->393705K(897728K), 0.0119790 secs] [Times: user=0.09 sys=0.01, real=0.01 secs] 
2014-07-16T03:01:17.123+0000: 2751.662: [GC [PSYoungGen: 210722K->900K(252672K)] 603433K->393691K(939648K), 0.0097770 secs] [Times: user=0.04 sys=0.01, real=0.01 secs] 
2014-07-16T03:01:18.022+0000: 2752.561: [GC [PSYoungGen: 252600K->876K(246400K)] 645392K->393723K(933376K), 0.0057020 secs] [Times: user=0.03 sys=0.00, real=0.00 secs] 
2014-07-16T03:01:18.933+0000: 2753.471: [GC [PSYoungGen: 246380K->566K(240128K)] 639227K->393477K(927104K), 0.0038630 secs] [Times: user=0.02 sys=0.00, real=0.00 secs] 
2014-07-16T03:01:19.808+0000: 2754.346: [GC [PSYoungGen: 240118K->608K(234432K)] 633029K->393591K(921408K), 0.0097640 secs] [Times: user=0.06 sys=0.00, real=0.01 secs] 
2014-07-16T03:01:20.720+0000: 2755.259: [GC [PSYoungGen: 234400K->740K(229056K)] 627383K->393779K(916032K), 0.0129840 secs] [Times: user=0.08 sys=0.01, real=0.02 secs] 
2014-07-16T03:01:21.546+0000: 2756.085: [GC [PSYoungGen: 228938K->530K(223552K)] 621978K->393609K(910528K), 0.0050380 secs] [Times: user=0.01 sys=0.00, real=0.00 secs] 
2014-07-16T03:01:22.396+0000: 2756.935: [GC [PSYoungGen: 223506K->986K(218880K)] 616585K->394137K(905856K), 0.0101870 secs] [Times: user=0.06 sys=0.00, real=0.01 secs] 
2014-07-16T03:01:23.206+0000: 2757.745: [GC [PSYoungGen: 218824K->1276K(214208K)] 611975K->394499K(901184K), 0.0087940 secs] [Times: user=0.06 sys=0.01, real=0.01 secs] 
2014-07-16T03:01:23.999+0000: 2758.538: [GC [PSYoungGen: 214201K->292K(255872K)] 607425K->394079K(942848K), 0.0184080 secs] [Times: user=0.12 sys=0.00, real=0.02 secs] 
2014-07-16T03:01:24.950+0000: 2759.489: [GC [PSYoungGen: 255844K->1126K(307840K)] 649631K->394969K(994816K), 0.0107410 secs] [Times: user=0.06 sys=0.00, real=0.01 secs] 
2014-07-16T03:01:26.157+0000: 2760.696: [GC [PSYoungGen: 307814K->498K(360192K)] 701657K->394679K(1047168K), 0.0076250 secs] [Times: user=0.05 sys=0.00, real=0.01 secs] 
2014-07-16T03:01:27.486+0000: 2762.025: [GC [PSYoungGen: 359282K->1086K(349440K)] 753463K->395347K(1036416K), 0.0078950 secs] [Times: user=0.05 sys=0.00, real=0.01 secs] 
2014-07-16T03:01:28.785+0000: 2763.324: [GC [PSYoungGen: 349428K->438K(338816K)] 743690K->395415K(1025792K), 0.0074370 secs] [Times: user=0.04 sys=0.00, real=0.00 secs] 
2014-07-16T03:01:30.005+0000: 2764.544: [GC [PSYoungGen: 338806K->1022K(329792K)] 733783K->396040K(1016768K), 0.0161010 secs] [Times: user=0.09 sys=0.00, real=0.01 secs] 
2014-07-16T03:01:31.288+0000: 2765.827: [GC [PSYoungGen: 329790K->566K(320192K)] 724808K->395922K(1007168K), 0.0058430 secs] [Times: user=0.04 sys=0.00, real=0.01 secs] 
2014-07-16T03:01:32.486+0000: 2767.025: [GC [PSYoungGen: 320182K->640K(311424K)] 715538K->396075K(998400K), 0.0074410 secs] [Times: user=0.05 sys=0.00, real=0.00 secs] 
2014-07-16T03:01:33.654+0000: 2768.192: [GC [PSYoungGen: 311424K->1206K(303552K)] 706859K->396722K(990528K), 0.0068140 secs] [Times: user=0.04 sys=0.00, real=0.01 secs] 
2014-07-16T03:01:34.743+0000: 2769.282: [GC [PSYoungGen: 303514K->644K(294912K)] 699030K->396248K(981888K), 0.0052750 secs] [Times: user=0.03 sys=0.00, real=0.01 secs] 
2014-07-16T03:01:35.984+0000: 2770.522: [GC [PSYoungGen: 294852K->982K(287424K)] 690456K->396658K(974400K), 0.0070870 secs] [Times: user=0.04 sys=0.00, real=0.01 secs] 
2014-07-16T03:01:37.010+0000: 2771.549: [GC [PSYoungGen: 287382K->530K(279488K)] 683058K->396269K(966464K), 0.0087910 secs] [Times: user=0.05 sys=0.00, real=0.01 secs] 
2014-07-16T03:01:38.028+0000: 2772.566: [GC [PSYoungGen: 279442K->1172K(272896K)] 675181K->397008K(959872K), 0.0055430 secs] [Times: user=0.03 sys=0.00, real=0.00 secs] 
2014-07-16T03:01:39.053+0000: 2773.592: [GC [PSYoungGen: 272843K->1000K(265792K)] 668679K->396900K(952768K), 0.0080530 secs] [Times: user=0.03 sys=0.00, real=0.01 secs] 
2014-07-16T03:01:39.996+0000: 2774.535: [GC [PSYoungGen: 265768K->562K(258688K)] 661668K->396509K(945664K), 0.0044380 secs] [Times: user=0.02 sys=0.01, real=0.00 secs] 
2014-07-16T03:01:40.989+0000: 2775.527: [GC [PSYoungGen: 258674K->512K(252224K)] 654621K->396539K(939200K), 0.0074370 secs] [Times: user=0.05 sys=0.00, real=0.01 secs] 
2014-07-16T03:01:41.915+0000: 2776.454: [GC [PSYoungGen: 252224K->452K(246016K)] 648251K->396536K(932992K), 0.0053160 secs] [Times: user=0.02 sys=0.00, real=0.01 secs] 
2014-07-16T03:01:42.800+0000: 2777.339: [GC [PSYoungGen: 245956K->822K(240384K)] 642040K->396978K(927360K), 0.0070840 secs] [Times: user=0.05 sys=0.00, real=0.01 secs] 
2014-07-16T03:01:43.689+0000: 2778.227: [GC [PSYoungGen: 240374K->1054K(234880K)] 636530K->397258K(921856K), 0.0119420 secs] [Times: user=0.07 sys=0.00, real=0.01 secs] 
2014-07-16T03:01:44.560+0000: 2779.098: [GC [PSYoungGen: 234805K->1104K(229440K)] 631009K->397404K(916416K), 0.0082050 secs] [Times: user=0.05 sys=0.00, real=0.01 secs] 
2014-07-16T03:01:45.479+0000: 2780.018: [GC [PSYoungGen: 229385K->868K(223872K)] 625685K->397352K(910848K), 0.0086380 secs] [Times: user=0.05 sys=0.00, real=0.01 secs] 
2014-07-16T03:01:46.273+0000: 2780.812: [GC [PSYoungGen: 223844K->1182K(219072K)] 620328K->397788K(906048K), 0.0043440 secs] [Times: user=0.02 sys=0.00, real=0.01 secs] 
2014-07-16T03:01:47.054+0000: 2781.593: [GC [PSYoungGen: 219038K->862K(213824K)] 615644K->397598K(900800K), 0.0071360 secs] [Times: user=0.05 sys=0.00, real=0.01 secs] 
2014-07-16T03:01:47.830+0000: 2782.368: [GC [PSYoungGen: 213790K->530K(208704K)] 610526K->397346K(895680K), 0.0062780 secs] [Times: user=0.04 sys=0.00, real=0.00 secs] 
2014-07-16T03:01:48.604+0000: 2783.143: [GC [PSYoungGen: 208658K->562K(204096K)] 605474K->397450K(891072K), 0.0044420 secs] [Times: user=0.02 sys=0.00, real=0.01 secs] 
2014-07-16T03:01:49.328+0000: 2783.866: [GC [PSYoungGen: 204070K->926K(200000K)] 600958K->397902K(886976K), 0.0102300 secs] [Times: user=0.07 sys=0.00, real=0.01 secs] 
2014-07-16T03:01:50.069+0000: 2784.608: [GC [PSYoungGen: 199933K->708K(195520K)] 596909K->397780K(882496K), 0.0085050 secs] [Times: user=0.05 sys=0.00, real=0.01 secs] 
2014-07-16T03:01:50.871+0000: 2785.409: [GC [PSYoungGen: 195387K->1190K(191808K)] 592459K->398342K(878784K), 0.0037630 secs] [Times: user=0.02 sys=0.00, real=0.00 secs] 
2014-07-16T03:01:51.503+0000: 2786.042: [GC [PSYoungGen: 191782K->704K(229440K)] 588934K->397920K(916416K), 0.0107440 secs] [Times: user=0.07 sys=0.00, real=0.01 secs] 
2014-07-16T03:01:52.350+0000: 2786.889: [GC [PSYoungGen: 229440K->612K(224000K)] 626656K->397884K(910976K), 0.0071550 secs] [Times: user=0.04 sys=0.00, real=0.01 secs] 
2014-07-16T03:01:53.176+0000: 2787.714: [GC [PSYoungGen: 223972K->1312K(219520K)] 621244K->398640K(906496K), 0.0046600 secs] [Times: user=0.02 sys=0.00, real=0.01 secs] 
2014-07-16T03:01:53.975+0000: 2788.514: [GC [PSYoungGen: 219488K->762K(213952K)] 616816K->398154K(900928K), 0.0073410 secs] [Times: user=0.04 sys=0.01, real=0.01 secs] 
2014-07-16T03:01:54.744+0000: 2789.283: [GC [PSYoungGen: 213919K->734K(209152K)] 611311K->398190K(896128K), 0.0054860 secs] [Times: user=0.04 sys=0.00, real=0.01 secs] 
2014-07-16T03:01:55.613+0000: 2790.152: [GC [PSYoungGen: 209118K->1138K(204928K)] 606574K->398682K(891904K), 0.0064490 secs] [Times: user=0.04 sys=0.00, real=0.01 secs] 
2014-07-16T03:01:56.321+0000: 2790.859: [GC [PSYoungGen: 204914K->1072K(200384K)] 602458K->398764K(887360K), 0.0076350 secs] [Times: user=0.04 sys=0.00, real=0.01 secs] 
2014-07-16T03:01:57.072+0000: 2791.611: [GC [PSYoungGen: 200368K->562K(239744K)] 598060K->398326K(926720K), 0.0117320 secs] [Times: user=0.08 sys=0.00, real=0.01 secs] 
2014-07-16T03:01:57.952+0000: 2792.491: [GC [PSYoungGen: 239730K->776K(287872K)] 637494K->398612K(974848K), 0.0100150 secs] [Times: user=0.06 sys=0.00, real=0.01 secs] 
2014-07-16T03:01:58.987+0000: 2793.526: [GC [PSYoungGen: 287816K->552K(280064K)] 685652K->398444K(967040K), 0.0067330 secs] [Times: user=0.04 sys=0.01, real=0.01 secs] 
2014-07-16T03:02:00.008+0000: 2794.547: [GC [PSYoungGen: 280040K->1048K(273344K)] 677932K->399004K(960320K), 0.0090290 secs] [Times: user=0.06 sys=0.01, real=0.01 secs] 
2014-07-16T03:02:01.052+0000: 2795.591: [GC [PSYoungGen: 273304K->886K(266176K)] 671260K->398922K(953152K), 0.0072550 secs] [Times: user=0.04 sys=0.00, real=0.01 secs] 
2014-07-16T03:02:02.002+0000: 2796.541: [GC [PSYoungGen: 266166K->1148K(259712K)] 664202K->399333K(946688K), 0.0053770 secs] [Times: user=0.02 sys=0.00, real=0.00 secs] 
2014-07-16T03:02:02.933+0000: 2797.472: [GC [PSYoungGen: 259708K->548K(252672K)] 657893K->398781K(939648K), 0.0132260 secs] [Times: user=0.08 sys=0.00, real=0.01 secs] 
2014-07-16T03:02:03.958+0000: 2798.497: [GC [PSYoungGen: 252644K->1146K(247040K)] 650877K->399493K(934016K), 0.0088030 secs] [Times: user=0.05 sys=0.00, real=0.01 secs] 
2014-07-16T03:02:04.819+0000: 2799.358: [GC [PSYoungGen: 247034K->484K(240448K)] 645381K->398895K(927424K), 0.0035690 secs] [Times: user=0.02 sys=0.00, real=0.01 secs] 
2014-07-16T03:02:05.800+0000: 2800.339: [GC [PSYoungGen: 240420K->1538K(235776K)] 638831K->400045K(922752K), 0.0046800 secs] [Times: user=0.03 sys=0.00, real=0.00 secs] 
2014-07-16T03:02:06.628+0000: 2801.167: [GC [PSYoungGen: 235714K->402K(229056K)] 634221K->398965K(916032K), 0.0090060 secs] [Times: user=0.05 sys=0.00, real=0.01 secs] 
2014-07-16T03:02:07.467+0000: 2802.005: [GC [PSYoungGen: 229010K->894K(224192K)] 627573K->399529K(911168K), 0.0074950 secs] [Times: user=0.04 sys=0.00, real=0.01 secs] 
2014-07-16T03:02:08.285+0000: 2802.824: [GC [PSYoungGen: 224190K->594K(218816K)] 622825K->399277K(905792K), 0.0109380 secs] [Times: user=0.06 sys=0.00, real=0.01 secs] 
2014-07-16T03:02:09.114+0000: 2803.653: [GC [PSYoungGen: 218770K->1068K(262912K)] 617453K->399831K(949888K), 0.0111100 secs] [Times: user=0.07 sys=0.00, real=0.01 secs] 
2014-07-16T03:02:10.049+0000: 2804.588: [GC [PSYoungGen: 262876K->940K(256192K)] 661639K->399791K(943168K), 0.0067780 secs] [Times: user=0.04 sys=0.00, real=0.01 secs] 
2014-07-16T03:02:11.016+0000: 2805.555: [GC [PSYoungGen: 256172K->1072K(249984K)] 655023K->399995K(936960K), 0.0038930 secs] [Times: user=0.02 sys=0.00, real=0.01 secs] 
2014-07-16T03:02:11.894+0000: 2806.433: [GC [PSYoungGen: 249968K->894K(243712K)] 648891K->399897K(930688K), 0.0068240 secs] [Times: user=0.05 sys=0.00, real=0.01 secs] 
2014-07-16T03:02:12.790+0000: 2807.329: [GC [PSYoungGen: 243706K->498K(237440K)] 642709K->399589K(924416K), 0.0079780 secs] [Times: user=0.06 sys=0.00, real=0.00 secs] 
2014-07-16T03:02:13.666+0000: 2808.205: [GC [PSYoungGen: 237426K->926K(232256K)] 636517K->400089K(919232K), 0.0054840 secs] [Times: user=0.04 sys=0.00, real=0.01 secs] 
2014-07-16T03:02:14.519+0000: 2809.058: [GC [PSYoungGen: 232222K->602K(226496K)] 631385K->399805K(913472K), 0.0079040 secs] [Times: user=0.03 sys=0.00, real=0.01 secs] 
2014-07-16T03:02:15.354+0000: 2809.893: [GC [PSYoungGen: 226458K->1198K(221824K)] 625661K->400441K(908800K), 0.0051110 secs] [Times: user=0.02 sys=0.00, real=0.00 secs] 
2014-07-16T03:02:16.254+0000: 2810.793: [GC [PSYoungGen: 221802K->1072K(216640K)] 621045K->400387K(903616K), 0.0086540 secs] [Times: user=0.06 sys=0.00, real=0.01 secs] 
2014-07-16T03:02:17.096+0000: 2811.635: [GC [PSYoungGen: 216624K->1036K(211776K)] 615939K->400423K(898752K), 0.0076330 secs] [Times: user=0.05 sys=0.00, real=0.01 secs] 
2014-07-16T03:02:17.920+0000: 2812.458: [GC [PSYoungGen: 211724K->626K(206592K)] 611111K->400093K(893568K), 0.0071600 secs] [Times: user=0.05 sys=0.00, real=0.01 secs] 
2014-07-16T03:02:18.687+0000: 2813.226: [GC [PSYoungGen: 206578K->594K(202048K)] 606045K->400165K(889024K), 0.0059720 secs] [Times: user=0.04 sys=0.01, real=0.01 secs] 
2014-07-16T03:02:19.415+0000: 2813.954: [GC [PSYoungGen: 202002K->620K(197632K)] 601573K->400239K(884608K), 0.0041120 secs] [Times: user=0.02 sys=0.00, real=0.00 secs] 
2014-07-16T03:02:20.135+0000: 2814.674: [GC [PSYoungGen: 197612K->566K(193344K)] 597231K->400265K(880320K), 0.0032920 secs] [Times: user=0.01 sys=0.00, real=0.00 secs] 
2014-07-16T03:02:20.856+0000: 2815.394: [GC [PSYoungGen: 193334K->548K(189248K)] 593033K->400303K(876224K), 0.0084100 secs] [Times: user=0.06 sys=0.00, real=0.01 secs] 
2014-07-16T03:02:21.538+0000: 2816.077: [GC [PSYoungGen: 189220K->584K(185344K)] 588975K->400403K(872320K), 0.0046440 secs] [Times: user=0.02 sys=0.00, real=0.01 secs] 
2014-07-16T03:02:22.234+0000: 2816.772: [GC [PSYoungGen: 185248K->944K(181824K)] 585068K->400835K(868800K), 0.0077700 secs] [Times: user=0.04 sys=0.00, real=0.00 secs] 
2014-07-16T03:02:22.877+0000: 2817.416: [GC [PSYoungGen: 181808K->598K(177792K)] 581699K->400585K(864768K), 0.0063300 secs] [Times: user=0.03 sys=0.00, real=0.01 secs] 
2014-07-16T03:02:23.522+0000: 2818.061: [GC [PSYoungGen: 177709K->662K(174272K)] 577696K->400737K(861248K), 0.0055750 secs] [Times: user=0.04 sys=0.01, real=0.00 secs] 
2014-07-16T03:02:24.152+0000: 2818.690: [GC [PSYoungGen: 174230K->826K(170944K)] 574305K->400965K(857920K), 0.0069180 secs] [Times: user=0.04 sys=0.00, real=0.01 secs] 
2014-07-16T03:02:24.776+0000: 2819.314: [GC [PSYoungGen: 170901K->466K(204672K)] 571040K->400653K(891648K), 0.0125960 secs] [Times: user=0.09 sys=0.00, real=0.01 secs] 
2014-07-16T03:02:25.518+0000: 2820.057: [GC [PSYoungGen: 204626K->662K(245696K)] 604813K->400913K(932672K), 0.0118090 secs] [Times: user=0.07 sys=0.00, real=0.01 secs] 
2014-07-16T03:02:26.503+0000: 2821.042: [GC [PSYoungGen: 245606K->726K(294784K)] 645857K->401049K(981760K), 0.0075120 secs] [Times: user=0.05 sys=0.00, real=0.00 secs] 
2014-07-16T03:02:27.646+0000: 2822.184: [GC [PSYoungGen: 294742K->1010K(316864K)] 695065K->401405K(1003840K), 0.0101340 secs] [Times: user=0.06 sys=0.00, real=0.01 secs] 
2014-07-16T03:02:28.749+0000: 2823.287: [GC [PSYoungGen: 316618K->790K(354112K)] 717013K->401273K(1041088K), 0.0110290 secs] [Times: user=0.07 sys=0.00, real=0.01 secs] 
2014-07-16T03:02:30.048+0000: 2824.587: [GC [PSYoungGen: 353622K->966K(343680K)] 754105K->401529K(1030656K), 0.0064430 secs] [Times: user=0.04 sys=0.00, real=0.01 secs] 
2014-07-16T03:02:31.372+0000: 2825.911: [GC [PSYoungGen: 343574K->292K(333248K)] 744138K->401961K(1020224K), 0.0041950 secs] [Times: user=0.02 sys=0.00, real=0.01 secs] 
2014-07-16T03:02:32.601+0000: 2827.139: [GC [PSYoungGen: 333220K->1016K(324608K)] 734889K->402733K(1011584K), 0.0098180 secs] [Times: user=0.07 sys=0.00, real=0.01 secs] 
2014-07-16T03:02:33.803+0000: 2828.342: [GC [PSYoungGen: 324578K->498K(315136K)] 726295K->402745K(1002112K), 0.0111740 secs] [Times: user=0.07 sys=0.01, real=0.02 secs] 
2014-07-16T03:02:34.979+0000: 2829.518: [GC [PSYoungGen: 315122K->1096K(307136K)] 717369K->403439K(994112K), 0.0063490 secs] [Times: user=0.03 sys=0.00, real=0.01 secs] 
2014-07-16T03:02:36.066+0000: 2830.605: [GC [PSYoungGen: 307080K->786K(298560K)] 709423K->403177K(985536K), 0.0067650 secs] [Times: user=0.03 sys=0.01, real=0.00 secs] 
2014-07-16T03:02:37.275+0000: 2831.814: [GC [PSYoungGen: 298514K->658K(290496K)] 700905K->403129K(977472K), 0.0073180 secs] [Times: user=0.04 sys=0.00, real=0.00 secs] 
2014-07-16T03:02:38.391+0000: 2832.930: [GC [PSYoungGen: 290450K->744K(282944K)] 692921K->403263K(969920K), 0.0100650 secs] [Times: user=0.06 sys=0.00, real=0.01 secs] 
2014-07-16T03:02:39.434+0000: 2833.972: [GC [PSYoungGen: 282920K->740K(275584K)] 685439K->403355K(962560K), 0.0066250 secs] [Times: user=0.04 sys=0.01, real=0.01 secs] 
2014-07-16T03:02:40.423+0000: 2834.961: [GC [PSYoungGen: 275528K->608K(268416K)] 678144K->403295K(955392K), 0.0085160 secs] [Times: user=0.05 sys=0.01, real=0.01 secs] 
2014-07-16T03:02:41.466+0000: 2836.004: [GC [PSYoungGen: 268384K->1226K(262272K)] 671071K->403985K(949248K), 0.0040700 secs] [Times: user=0.02 sys=0.00, real=0.00 secs] 
2014-07-16T03:02:42.403+0000: 2836.942: [GC [PSYoungGen: 262218K->658K(255168K)] 664977K->403481K(942144K), 0.0045170 secs] [Times: user=0.02 sys=0.00, real=0.01 secs] 
2014-07-16T03:02:43.333+0000: 2837.871: [GC [PSYoungGen: 255100K->534K(248768K)] 657924K->403397K(935744K), 0.0067060 secs] [Times: user=0.02 sys=0.00, real=0.01 secs] 
2014-07-16T03:02:44.237+0000: 2838.776: [GC [PSYoungGen: 248726K->480K(242624K)] 651589K->403415K(929600K), 0.0087730 secs] [Times: user=0.05 sys=0.01, real=0.01 secs] 
2014-07-16T03:02:45.111+0000: 2839.650: [GC [PSYoungGen: 242592K->662K(236992K)] 645527K->403653K(923968K), 0.0068430 secs] [Times: user=0.04 sys=0.00, real=0.01 secs] 
2014-07-16T03:02:45.989+0000: 2840.528: [GC [PSYoungGen: 236950K->644K(231360K)] 639941K->403723K(918336K), 0.0049660 secs] [Times: user=0.03 sys=0.00, real=0.00 secs] 
2014-07-16T03:02:46.913+0000: 2841.452: [GC [PSYoungGen: 231300K->1340K(226560K)] 634379K->404765K(913536K), 0.0090400 secs] [Times: user=0.05 sys=0.00, real=0.01 secs] 
2014-07-16T03:02:47.747+0000: 2842.286: [GC [PSYoungGen: 226511K->684K(220672K)] 629936K->404345K(907648K), 0.0040830 secs] [Times: user=0.02 sys=0.00, real=0.00 secs] 
2014-07-16T03:02:48.611+0000: 2843.150: [GC [PSYoungGen: 220652K->748K(215680K)] 624313K->404499K(902656K), 0.0086300 secs] [Times: user=0.06 sys=0.00, real=0.01 secs] 
2014-07-16T03:02:49.386+0000: 2843.925: [GC [PSYoungGen: 215660K->1140K(211200K)] 619411K->405047K(898176K), 0.0050860 secs] [Times: user=0.03 sys=0.00, real=0.00 secs] 
2014-07-16T03:02:50.132+0000: 2844.671: [GC [PSYoungGen: 211185K->794K(206208K)] 615093K->404781K(893184K), 0.0049900 secs] [Times: user=0.02 sys=0.01, real=0.01 secs] 
2014-07-16T03:02:50.915+0000: 2845.454: [GC [PSYoungGen: 206170K->676K(201536K)] 610157K->404735K(888512K), 0.0034800 secs] [Times: user=0.03 sys=0.00, real=0.01 secs] 
2014-07-16T03:02:51.704+0000: 2846.243: [GC [PSYoungGen: 201508K->976K(197504K)] 605567K->405115K(884480K), 0.0118830 secs] [Times: user=0.08 sys=0.00, real=0.02 secs] 
2014-07-16T03:02:52.408+0000: 2846.946: [GC [PSYoungGen: 197395K->762K(193024K)] 601535K->404965K(880000K), 0.0065080 secs] [Times: user=0.04 sys=0.00, real=0.00 secs] 
2014-07-16T03:02:53.122+0000: 2847.661: [GC [PSYoungGen: 193001K->548K(231296K)] 597205K->404799K(918272K), 0.0160010 secs] [Times: user=0.09 sys=0.00, real=0.02 secs] 
2014-07-16T03:02:53.971+0000: 2848.510: [GC [PSYoungGen: 231245K->630K(277504K)] 635497K->404953K(964480K), 0.0080060 secs] [Times: user=0.06 sys=0.00, real=0.01 secs] 
2014-07-16T03:02:54.986+0000: 2849.525: [GC [PSYoungGen: 277494K->800K(333120K)] 681817K->405187K(1020096K), 0.0078190 secs] [Times: user=0.03 sys=0.00, real=0.01 secs] 
2014-07-16T03:02:56.214+0000: 2850.752: [GC [PSYoungGen: 333088K->950K(323904K)] 737475K->405409K(1010880K), 0.0080220 secs] [Times: user=0.05 sys=0.00, real=0.01 secs] 
2014-07-16T03:02:57.451+0000: 2851.990: [GC [PSYoungGen: 323871K->808K(314816K)] 728331K->405347K(1001792K), 0.0087460 secs] [Times: user=0.05 sys=0.00, real=0.01 secs] 
2014-07-16T03:02:58.676+0000: 2853.214: [GC [PSYoungGen: 314792K->926K(306368K)] 719331K->405563K(993344K), 0.0134850 secs] [Times: user=0.09 sys=0.00, real=0.02 secs] 
2014-07-16T03:02:59.756+0000: 2854.295: [GC [PSYoungGen: 306334K->1228K(298432K)] 710971K->405969K(985408K), 0.0054760 secs] [Times: user=0.03 sys=0.00, real=0.01 secs] 
2014-07-16T03:03:00.852+0000: 2855.391: [GC [PSYoungGen: 298380K->370K(289600K)] 703121K->405223K(976576K), 0.0152310 secs] [Times: user=0.10 sys=0.00, real=0.01 secs] 
2014-07-16T03:03:02.023+0000: 2856.562: [GC [PSYoungGen: 289586K->1246K(282880K)] 694439K->406171K(969856K), 0.0082520 secs] [Times: user=0.05 sys=0.00, real=0.01 secs] 
2014-07-16T03:03:03.012+0000: 2857.551: [GC [PSYoungGen: 282846K->694K(275008K)] 687771K->405783K(961984K), 0.0035260 secs] [Times: user=0.02 sys=0.01, real=0.00 secs] 
2014-07-16T03:03:04.022+0000: 2858.561: [GC [PSYoungGen: 274998K->1078K(268352K)] 680087K->406271K(955328K), 0.0045050 secs] [Times: user=0.02 sys=0.00, real=0.00 secs] 
2014-07-16T03:03:05.005+0000: 2859.543: [GC [PSYoungGen: 268332K->766K(261248K)] 673526K->406023K(948224K), 0.0136730 secs] [Times: user=0.09 sys=0.00, real=0.02 secs] 
2014-07-16T03:03:05.975+0000: 2860.514: [GC [PSYoungGen: 261204K->1430K(255424K)] 666462K->406736K(942400K), 0.0103410 secs] [Times: user=0.07 sys=0.00, real=0.01 secs] 
2014-07-16T03:03:06.943+0000: 2861.482: [GC [PSYoungGen: 255382K->766K(248448K)] 660688K->406111K(935424K), 0.0042550 secs] [Times: user=0.02 sys=0.00, real=0.00 secs] 
2014-07-16T03:03:07.818+0000: 2862.357: [GC [PSYoungGen: 248371K->1590K(243264K)] 653717K->407048K(930240K), 0.0064860 secs] [Times: user=0.05 sys=0.00, real=0.01 secs] 
2014-07-16T03:03:08.694+0000: 2863.232: [GC [PSYoungGen: 243254K->880K(236736K)] 648712K->406409K(923712K), 0.0064990 secs] [Times: user=0.04 sys=0.00, real=0.01 secs] 
2014-07-16T03:03:09.582+0000: 2864.121: [GC [PSYoungGen: 236720K->566K(230784K)] 642249K->406143K(917760K), 0.0109840 secs] [Times: user=0.06 sys=0.00, real=0.01 secs] 
2014-07-16T03:03:10.413+0000: 2864.952: [GC [PSYoungGen: 230774K->1172K(226048K)] 636351K->406805K(913024K), 0.0037250 secs] [Times: user=0.02 sys=0.00, real=0.00 secs] 
2014-07-16T03:03:11.242+0000: 2865.781: [GC [PSYoungGen: 225950K->854K(220544K)] 631584K->406567K(907520K), 0.0050330 secs] [Times: user=0.03 sys=0.00, real=0.00 secs] 
2014-07-16T03:03:12.085+0000: 2866.624: [GC [PSYoungGen: 220469K->1076K(215744K)] 626183K->406845K(902720K), 0.0136470 secs] [Times: user=0.08 sys=0.00, real=0.02 secs] 
2014-07-16T03:03:12.861+0000: 2867.399: [GC [PSYoungGen: 215732K->994K(210816K)] 621501K->406851K(897792K), 0.0071370 secs] [Times: user=0.04 sys=0.00, real=0.00 secs] 
2014-07-16T03:03:13.628+0000: 2868.167: [GC [PSYoungGen: 210786K->434K(205568K)] 616643K->406355K(892544K), 0.0048840 secs] [Times: user=0.02 sys=0.00, real=0.01 secs] 
2014-07-16T03:03:14.375+0000: 2868.914: [GC [PSYoungGen: 205551K->566K(201152K)] 611473K->406543K(888128K), 0.0086880 secs] [Times: user=0.05 sys=0.01, real=0.01 secs] 
2014-07-16T03:03:15.137+0000: 2869.676: [GC [PSYoungGen: 201142K->804K(197056K)] 607119K->406861K(884032K), 0.0061930 secs] [Times: user=0.03 sys=0.00, real=0.01 secs] 
2014-07-16T03:03:15.839+0000: 2870.378: [GC [PSYoungGen: 196982K->826K(192832K)] 603040K->406947K(879808K), 0.0060720 secs] [Times: user=0.02 sys=0.01, real=0.01 secs] 
2014-07-16T03:03:16.557+0000: 2871.096: [GC [PSYoungGen: 192826K->1458K(189376K)] 598947K->407652K(876352K), 0.0044660 secs] [Times: user=0.03 sys=0.00, real=0.01 secs] 
2014-07-16T03:03:17.296+0000: 2871.834: [GC [PSYoungGen: 189362K->954K(184960K)] 595556K->407211K(871936K), 0.0109040 secs] [Times: user=0.07 sys=0.00, real=0.01 secs] 
2014-07-16T03:03:17.952+0000: 2872.491: [GC [PSYoungGen: 184954K->548K(180800K)] 591211K->406861K(867776K), 0.0063500 secs] [Times: user=0.03 sys=0.00, real=0.00 secs] 
2014-07-16T03:03:18.627+0000: 2873.166: [GC [PSYoungGen: 180772K->940K(177536K)] 587085K->407325K(864512K), 0.0068060 secs] [Times: user=0.04 sys=0.00, real=0.01 secs] 
2014-07-16T03:03:19.339+0000: 2873.878: [GC [PSYoungGen: 177516K->804K(173824K)] 583901K->407245K(860800K), 0.0055690 secs] [Times: user=0.02 sys=0.00, real=0.01 secs] 
2014-07-16T03:03:19.963+0000: 2874.501: [GC [PSYoungGen: 173796K->416K(169984K)] 580237K->406929K(856960K), 0.0071830 secs] [Times: user=0.04 sys=0.01, real=0.00 secs] 
2014-07-16T03:03:20.588+0000: 2875.126: [GC [PSYoungGen: 169952K->680K(166912K)] 576465K->407257K(853888K), 0.0038920 secs] [Times: user=0.02 sys=0.00, real=0.01 secs] 
2014-07-16T03:03:21.200+0000: 2875.739: [GC [PSYoungGen: 166888K->658K(163712K)] 573465K->407331K(850688K), 0.0037590 secs] [Times: user=0.02 sys=0.00, real=0.01 secs] 
2014-07-16T03:03:21.918+0000: 2876.457: [GC [PSYoungGen: 163666K->1024K(160896K)] 570339K->407761K(847872K), 0.0045750 secs] [Times: user=0.02 sys=0.01, real=0.01 secs] 
2014-07-16T03:03:22.435+0000: 2876.973: [GC [PSYoungGen: 160896K->562K(157440K)] 567633K->407395K(844416K), 0.0064450 secs] [Times: user=0.04 sys=0.00, real=0.01 secs] 
2014-07-16T03:03:22.999+0000: 2877.538: [GC [PSYoungGen: 157426K->780K(189120K)] 564259K->407693K(876096K), 0.0088220 secs] [Times: user=0.06 sys=0.00, real=0.01 secs] 
2014-07-16T03:03:23.722+0000: 2878.260: [GC [PSYoungGen: 189067K->730K(226752K)] 595981K->407691K(913728K), 0.0121440 secs] [Times: user=0.06 sys=0.01, real=0.01 secs] 
2014-07-16T03:03:24.528+0000: 2879.066: [GC [PSYoungGen: 226714K->598K(271872K)] 633675K->407607K(958848K), 0.0112620 secs] [Times: user=0.07 sys=0.00, real=0.01 secs] 
2014-07-16T03:03:25.520+0000: 2880.059: [GC [PSYoungGen: 271828K->676K(317312K)] 678837K->407765K(1004288K), 0.0042320 secs] [Times: user=0.03 sys=0.00, real=0.01 secs] 
2014-07-16T03:03:26.668+0000: 2881.206: [GC [PSYoungGen: 316546K->1012K(308352K)] 723635K->408165K(995328K), 0.0041010 secs] [Times: user=0.02 sys=0.00, real=0.01 secs] 
2014-07-16T03:03:27.815+0000: 2882.353: [GC [PSYoungGen: 308340K->630K(299648K)] 715493K->407855K(986624K), 0.0090770 secs] [Times: user=0.07 sys=0.00, real=0.01 secs] 
2014-07-16T03:03:28.946+0000: 2883.484: [GC [PSYoungGen: 299638K->758K(291776K)] 706863K->408055K(978752K), 0.0044080 secs] [Times: user=0.02 sys=0.00, real=0.00 secs] 
2014-07-16T03:03:30.038+0000: 2884.577: [GC [PSYoungGen: 291766K->1272K(284608K)] 699063K->408634K(971584K), 0.0077880 secs] [Times: user=0.05 sys=0.00, real=0.01 secs] 
2014-07-16T03:03:31.069+0000: 2885.608: [GC [PSYoungGen: 284600K->556K(276544K)] 691962K->408221K(963520K), 0.0076980 secs] [Times: user=0.05 sys=0.00, real=0.01 secs] 
2014-07-16T03:03:32.165+0000: 2886.704: [GC [PSYoungGen: 276524K->1128K(270016K)] 684189K->408849K(956992K), 0.0169750 secs] [Times: user=0.11 sys=0.00, real=0.01 secs] 
2014-07-16T03:03:33.093+0000: 2887.632: [GC [PSYoungGen: 269992K->626K(323840K)] 677713K->408617K(1010816K), 0.0134220 secs] [Times: user=0.09 sys=0.01, real=0.01 secs] 
2014-07-16T03:03:34.290+0000: 2888.828: [GC [PSYoungGen: 323314K->530K(314304K)] 731305K->408585K(1001280K), 0.0075010 secs] [Times: user=0.05 sys=0.00, real=0.01 secs] 
2014-07-16T03:03:35.442+0000: 2889.981: [GC [PSYoungGen: 314241K->548K(305728K)] 722297K->408675K(992704K), 0.0069000 secs] [Times: user=0.04 sys=0.00, real=0.01 secs] 
2014-07-16T03:03:36.559+0000: 2891.098: [GC [PSYoungGen: 305700K->1322K(298240K)] 713827K->409514K(985216K), 0.0059500 secs] [Times: user=0.03 sys=0.00, real=0.01 secs] 
2014-07-16T03:03:37.722+0000: 2892.261: [GC [PSYoungGen: 298218K->944K(289920K)] 706410K->409338K(976896K), 0.0035110 secs] [Times: user=0.03 sys=0.00, real=0.01 secs] 
2014-07-16T03:03:38.788+0000: 2893.326: [GC [PSYoungGen: 289904K->1376K(282752K)] 698298K->409842K(969728K), 0.0075600 secs] [Times: user=0.05 sys=0.00, real=0.01 secs] 
2014-07-16T03:03:39.860+0000: 2894.398: [GC [PSYoungGen: 282660K->894K(274944K)] 691126K->409704K(961920K), 0.0118360 secs] [Times: user=0.06 sys=0.01, real=0.01 secs] 
2014-07-16T03:03:40.891+0000: 2895.429: [GC [PSYoungGen: 274942K->904K(267968K)] 683752K->409794K(954944K), 0.0082270 secs] [Times: user=0.06 sys=0.00, real=0.01 secs] 
2014-07-16T03:03:41.879+0000: 2896.417: [GC [PSYoungGen: 267827K->744K(260992K)] 676717K->409706K(947968K), 0.0053670 secs] [Times: user=0.02 sys=0.00, real=0.01 secs] 
2014-07-16T03:03:42.895+0000: 2897.433: [GC [PSYoungGen: 260968K->1440K(255168K)] 669930K->410458K(942144K), 0.0069220 secs] [Times: user=0.02 sys=0.01, real=0.00 secs] 
2014-07-16T03:03:43.809+0000: 2898.348: [GC [PSYoungGen: 255136K->726K(248192K)] 664154K->409840K(935168K), 0.0079440 secs] [Times: user=0.05 sys=0.01, real=0.01 secs] 
2014-07-16T03:03:44.711+0000: 2899.249: [GC [PSYoungGen: 248150K->744K(242176K)] 657264K->409922K(929152K), 0.0042990 secs] [Times: user=0.03 sys=0.00, real=0.01 secs] 
2014-07-16T03:03:45.606+0000: 2900.145: [GC [PSYoungGen: 242152K->772K(236416K)] 651330K->410014K(923392K), 0.0052110 secs] [Times: user=0.02 sys=0.00, real=0.00 secs] 
2014-07-16T03:03:46.504+0000: 2901.042: [GC [PSYoungGen: 236356K->1244K(231296K)] 645598K->410534K(918272K), 0.0075350 secs] [Times: user=0.05 sys=0.00, real=0.01 secs] 
2014-07-16T03:03:47.443+0000: 2901.982: [GC [PSYoungGen: 231231K->1258K(225920K)] 640521K->410668K(912896K), 0.0138940 secs] [Times: user=0.09 sys=0.01, real=0.02 secs] 
2014-07-16T03:03:48.268+0000: 2902.807: [GC [PSYoungGen: 225856K->566K(220032K)] 635266K->410016K(907008K), 0.0040230 secs] [Times: user=0.02 sys=0.00, real=0.00 secs] 
2014-07-16T03:03:49.075+0000: 2903.613: [GC [PSYoungGen: 219933K->944K(215424K)] 629383K->410566K(902400K), 0.0063650 secs] [Times: user=0.03 sys=0.00, real=0.01 secs] 
2014-07-16T03:03:49.881+0000: 2904.420: [GC [PSYoungGen: 215361K->1318K(210944K)] 624983K->411004K(897920K), 0.0085580 secs] [Times: user=0.05 sys=0.00, real=0.01 secs] 
2014-07-16T03:03:50.751+0000: 2905.289: [GC [PSYoungGen: 210918K->676K(205632K)] 620604K->410434K(892608K), 0.0083670 secs] [Times: user=0.05 sys=0.00, real=0.01 secs] 
2014-07-16T03:03:51.484+0000: 2906.023: [GC [PSYoungGen: 205604K->698K(201152K)] 615362K->410520K(888128K), 0.0105240 secs] [Times: user=0.06 sys=0.01, real=0.01 secs] 
2014-07-16T03:03:52.217+0000: 2906.755: [GC [PSYoungGen: 201110K->726K(196864K)] 610932K->410612K(883840K), 0.0052620 secs] [Times: user=0.03 sys=0.00, real=0.00 secs] 
2014-07-16T03:03:52.997+0000: 2907.535: [GC [PSYoungGen: 196822K->658K(192576K)] 606708K->410608K(879552K), 0.0077040 secs] [Times: user=0.04 sys=0.00, real=0.00 secs] 
2014-07-16T03:03:53.702+0000: 2908.241: [GC [PSYoungGen: 192530K->890K(188736K)] 602480K->410904K(875712K), 0.0051020 secs] [Times: user=0.03 sys=0.00, real=0.01 secs] 
2014-07-16T03:03:54.392+0000: 2908.930: [GC [PSYoungGen: 188673K->1304K(185280K)] 598687K->411414K(872256K), 0.0068740 secs] [Times: user=0.04 sys=0.00, real=0.01 secs] 
2014-07-16T03:03:55.064+0000: 2909.603: [GC [PSYoungGen: 185240K->534K(180736K)] 595350K->410700K(867712K), 0.0036870 secs] [Times: user=0.02 sys=0.00, real=0.01 secs] 
2014-07-16T03:03:55.741+0000: 2910.280: [GC [PSYoungGen: 180641K->1058K(177600K)] 590807K->411288K(864576K), 0.0091750 secs] [Times: user=0.06 sys=0.00, real=0.01 secs] 
2014-07-16T03:03:56.395+0000: 2910.934: [GC [PSYoungGen: 177570K->1654K(213504K)] 587800K->411964K(900480K), 0.0094100 secs] [Times: user=0.05 sys=0.01, real=0.01 secs] 
2014-07-16T03:03:57.198+0000: 2911.737: [GC [PSYoungGen: 213458K->552K(207680K)] 623768K->410902K(894656K), 0.0044440 secs] [Times: user=0.02 sys=0.00, real=0.00 secs] 
2014-07-16T03:03:58.037+0000: 2912.576: [GC [PSYoungGen: 207656K->1260K(203776K)] 618006K->411706K(890752K), 0.0098340 secs] [Times: user=0.06 sys=0.01, real=0.01 secs] 
2014-07-16T03:03:58.780+0000: 2913.319: [GC [PSYoungGen: 203756K->1362K(244416K)] 614202K->411872K(931392K), 0.0102340 secs] [Times: user=0.06 sys=0.00, real=0.01 secs] 
2014-07-16T03:03:59.669+0000: 2914.208: [GC [PSYoungGen: 244326K->994K(238144K)] 654836K->411560K(925120K), 0.0070370 secs] [Times: user=0.05 sys=0.00, real=0.00 secs] 
2014-07-16T03:04:00.510+0000: 2915.048: [GC [PSYoungGen: 238114K->1144K(232640K)] 648680K->411758K(919616K), 0.0060520 secs] [Times: user=0.02 sys=0.00, real=0.00 secs] 
2014-07-16T03:04:01.363+0000: 2915.901: [GC [PSYoungGen: 232632K->704K(226752K)] 643246K->411382K(913728K), 0.0070290 secs] [Times: user=0.04 sys=0.00, real=0.01 secs] 
2014-07-16T03:04:02.183+0000: 2916.722: [GC [PSYoungGen: 226703K->730K(221568K)] 637381K->411464K(908544K), 0.0066710 secs] [Times: user=0.04 sys=0.00, real=0.01 secs] 
2014-07-16T03:04:03.055+0000: 2917.593: [GC [PSYoungGen: 221530K->958K(216704K)] 632264K->411748K(903680K), 0.0124560 secs] [Times: user=0.07 sys=0.00, real=0.02 secs] 
2014-07-16T03:04:03.823+0000: 2918.362: [GC [PSYoungGen: 216702K->548K(211456K)] 627492K->411386K(898432K), 0.0042920 secs] [Times: user=0.02 sys=0.00, real=0.01 secs] 
2014-07-16T03:04:04.596+0000: 2919.135: [GC [PSYoungGen: 211428K->1072K(254144K)] 622266K->411958K(941120K), 0.0172780 secs] [Times: user=0.10 sys=0.00, real=0.02 secs] 
2014-07-16T03:04:05.511+0000: 2920.050: [GC [PSYoungGen: 254085K->502K(299136K)] 664971K->411460K(986112K), 0.0052210 secs] [Times: user=0.03 sys=0.00, real=0.00 secs] 
2014-07-16T03:04:06.604+0000: 2921.143: [GC [PSYoungGen: 297974K->584K(290176K)] 708932K->411582K(977152K), 0.0038270 secs] [Times: user=0.02 sys=0.01, real=0.01 secs] 
2014-07-16T03:04:07.806+0000: 2922.345: [GC [PSYoungGen: 290074K->730K(282688K)] 701072K->411800K(969664K), 0.0036860 secs] [Times: user=0.02 sys=0.00, real=0.01 secs] 
2014-07-16T03:04:08.779+0000: 2923.318: [GC [PSYoungGen: 282640K->894K(275456K)] 693710K->412020K(962432K), 0.0094170 secs] [Times: user=0.06 sys=0.00, real=0.01 secs] 
2014-07-16T03:04:09.788+0000: 2924.327: [GC [PSYoungGen: 275403K->794K(268352K)] 686529K->411984K(955328K), 0.0049200 secs] [Times: user=0.02 sys=0.00, real=0.00 secs] 
2014-07-16T03:04:10.803+0000: 2925.341: [GC [PSYoungGen: 268285K->800K(261568K)] 679475K->412070K(948544K), 0.0044770 secs] [Times: user=0.02 sys=0.00, real=0.00 secs] 
2014-07-16T03:04:11.934+0000: 2926.473: [GC [PSYoungGen: 261536K->916K(255168K)] 672806K->412258K(942144K), 0.0070730 secs] [Times: user=0.05 sys=0.00, real=0.01 secs] 
2014-07-16T03:04:12.924+0000: 2927.463: [GC [PSYoungGen: 255096K->1104K(249088K)] 666438K->412510K(936064K), 0.0052000 secs] [Times: user=0.03 sys=0.00, real=0.01 secs] 
2014-07-16T03:04:13.819+0000: 2928.358: [GC [PSYoungGen: 249040K->662K(242624K)] 660446K->412132K(929600K), 0.0083330 secs] [Times: user=0.05 sys=0.00, real=0.00 secs] 
2014-07-16T03:04:14.701+0000: 2929.240: [GC [PSYoungGen: 242545K->630K(236736K)] 654015K->412164K(923712K), 0.0075920 secs] [Times: user=0.04 sys=0.00, real=0.00 secs] 
2014-07-16T03:04:15.573+0000: 2930.111: [GC [PSYoungGen: 236726K->562K(231040K)] 648260K->412160K(918016K), 0.0086080 secs] [Times: user=0.05 sys=0.00, real=0.01 secs] 
2014-07-16T03:04:16.406+0000: 2930.945: [GC [PSYoungGen: 231026K->836K(225984K)] 642624K->412498K(912960K), 0.0119260 secs] [Times: user=0.07 sys=0.01, real=0.01 secs] 
2014-07-16T03:04:17.228+0000: 2931.766: [GC [PSYoungGen: 225924K->890K(220800K)] 637586K->412632K(907776K), 0.0069730 secs] [Times: user=0.03 sys=0.00, real=0.01 secs] 
2014-07-16T03:04:18.111+0000: 2932.650: [GC [PSYoungGen: 220794K->726K(215616K)] 632536K->412572K(902592K), 0.0060100 secs] [Times: user=0.04 sys=0.00, real=0.00 secs] 
2014-07-16T03:04:18.856+0000: 2933.395: [GC [PSYoungGen: 215574K->1258K(259136K)] 627420K->413202K(946112K), 0.0126000 secs] [Times: user=0.08 sys=0.00, real=0.01 secs] 
2014-07-16T03:04:19.820+0000: 2934.359: [GC [PSYoungGen: 259084K->562K(252032K)] 671028K->412666K(939008K), 0.0063890 secs] [Times: user=0.04 sys=0.00, real=0.00 secs] 
2014-07-16T03:04:20.724+0000: 2935.262: [GC [PSYoungGen: 252013K->918K(246208K)] 664117K->413110K(933184K), 0.0103510 secs] [Times: user=0.06 sys=0.00, real=0.01 secs] 
2014-07-16T03:04:21.684+0000: 2936.222: [GC [PSYoungGen: 246166K->580K(239936K)] 658358K->412936K(926912K), 0.0071240 secs] [Times: user=0.05 sys=0.00, real=0.01 secs] 
2014-07-16T03:04:22.541+0000: 2937.079: [GC [PSYoungGen: 239867K->930K(234496K)] 652223K->413350K(921472K), 0.0059260 secs] [Times: user=0.03 sys=0.01, real=0.00 secs] 
2014-07-16T03:04:23.439+0000: 2937.977: [GC [PSYoungGen: 234462K->716K(228800K)] 646883K->413176K(915776K), 0.0040140 secs] [Times: user=0.02 sys=0.00, real=0.01 secs] 
2014-07-16T03:04:24.291+0000: 2938.830: [GC [PSYoungGen: 228748K->598K(223360K)] 641208K->413138K(910336K), 0.0066850 secs] [Times: user=0.04 sys=0.00, real=0.00 secs] 
2014-07-16T03:04:25.094+0000: 2939.632: [GC [PSYoungGen: 223244K->598K(218240K)] 635784K->413194K(905216K), 0.0047270 secs] [Times: user=0.02 sys=0.00, real=0.00 secs] 
2014-07-16T03:04:25.900+0000: 2940.439: [GC [PSYoungGen: 218198K->712K(213440K)] 630794K->413396K(900416K), 0.0102480 secs] [Times: user=0.07 sys=0.00, real=0.01 secs] 
2014-07-16T03:04:26.688+0000: 2941.227: [GC [PSYoungGen: 213384K->1022K(208896K)] 626068K->413762K(895872K), 0.0066830 secs] [Times: user=0.02 sys=0.00, real=0.01 secs] 
2014-07-16T03:04:27.466+0000: 2942.004: [GC [PSYoungGen: 208894K->1254K(204544K)] 621634K->414058K(891520K), 0.0054400 secs] [Times: user=0.02 sys=0.00, real=0.01 secs] 
2014-07-16T03:04:28.207+0000: 2942.746: [GC [PSYoungGen: 204518K->292K(199104K)] 617322K->413356K(886080K), 0.0107960 secs] [Times: user=0.06 sys=0.00, real=0.01 secs] 
2014-07-16T03:04:28.968+0000: 2943.507: [GC [PSYoungGen: 199076K->882K(195392K)] 612140K->413994K(882368K), 0.0050170 secs] [Times: user=0.03 sys=0.00, real=0.01 secs] 
2014-07-16T03:04:29.671+0000: 2944.209: [GC [PSYoungGen: 195345K->980K(234432K)] 608457K->414164K(921408K), 0.0130380 secs] [Times: user=0.07 sys=0.00, real=0.02 secs] 
2014-07-16T03:04:30.584+0000: 2945.122: [GC [PSYoungGen: 234388K->1404K(229312K)] 647572K->414676K(916288K), 0.0038880 secs] [Times: user=0.02 sys=0.00, real=0.00 secs] 
2014-07-16T03:04:31.434+0000: 2945.973: [GC [PSYoungGen: 229279K->438K(223040K)] 642551K->414366K(910016K), 0.0083340 secs] [Times: user=0.05 sys=0.00, real=0.01 secs] 
2014-07-16T03:04:32.278+0000: 2946.817: [GC [PSYoungGen: 223030K->566K(218048K)] 636958K->414592K(905024K), 0.0039540 secs] [Times: user=0.02 sys=0.00, real=0.01 secs] 
2014-07-16T03:04:33.238+0000: 2947.777: [GC [PSYoungGen: 218038K->908K(213504K)] 632064K->415138K(900480K), 0.0049380 secs] [Times: user=0.03 sys=0.00, real=0.01 secs] 
2014-07-16T03:04:33.974+0000: 2948.513: [GC [PSYoungGen: 213411K->480K(208256K)] 627642K->414758K(895232K), 0.0093940 secs] [Times: user=0.05 sys=0.00, real=0.01 secs] 
2014-07-16T03:04:34.741+0000: 2949.280: [GC [PSYoungGen: 208208K->830K(203968K)] 622487K->415188K(890944K), 0.0061220 secs] [Times: user=0.04 sys=0.00, real=0.01 secs] 
2014-07-16T03:04:35.486+0000: 2950.025: [GC [PSYoungGen: 203961K->894K(199616K)] 618320K->415316K(886592K), 0.0034370 secs] [Times: user=0.02 sys=0.00, real=0.00 secs] 
2014-07-16T03:04:36.224+0000: 2950.762: [GC [PSYoungGen: 199614K->626K(195072K)] 614036K->415096K(882048K), 0.0041170 secs] [Times: user=0.02 sys=0.00, real=0.00 secs] 
2014-07-16T03:04:36.933+0000: 2951.472: [GC [PSYoungGen: 195037K->648K(190976K)] 609507K->415198K(877952K), 0.0105570 secs] [Times: user=0.07 sys=0.00, real=0.01 secs] 
2014-07-16T03:04:37.626+0000: 2952.165: [GC [PSYoungGen: 190920K->1144K(187392K)] 605470K->415750K(874368K), 0.0040920 secs] [Times: user=0.02 sys=0.00, real=0.00 secs] 
2014-07-16T03:04:38.380+0000: 2952.919: [GC [PSYoungGen: 187291K->1004K(183360K)] 601897K->415698K(870336K), 0.0073580 secs] [Times: user=0.05 sys=0.00, real=0.01 secs] 
2014-07-16T03:04:39.039+0000: 2953.578: [GC [PSYoungGen: 183340K->804K(179392K)] 598034K->415546K(866368K), 0.0069650 secs] [Times: user=0.02 sys=0.00, real=0.01 secs] 
2014-07-16T03:04:39.682+0000: 2954.221: [GC [PSYoungGen: 179351K->548K(175488K)] 594093K->415338K(862464K), 0.0072990 secs] [Times: user=0.05 sys=0.00, real=0.01 secs] 
2014-07-16T03:04:40.316+0000: 2954.854: [GC [PSYoungGen: 175447K->926K(210880K)] 590237K->415788K(897856K), 0.0089170 secs] [Times: user=0.06 sys=0.01, real=0.01 secs] 
2014-07-16T03:04:41.080+0000: 2955.619: [GC [PSYoungGen: 210805K->1304K(253248K)] 625667K->416222K(940224K), 0.0076480 secs] [Times: user=0.04 sys=0.00, real=0.01 secs] 
2014-07-16T03:04:42.085+0000: 2956.624: [GC [PSYoungGen: 253208K->548K(246272K)] 668126K->415840K(933248K), 0.0070720 secs] [Times: user=0.05 sys=0.00, real=0.00 secs] 
2014-07-16T03:04:42.932+0000: 2957.471: [GC [PSYoungGen: 246214K->848K(240640K)] 661507K->416213K(927616K), 0.0074860 secs] [Times: user=0.05 sys=0.00, real=0.01 secs] 
2014-07-16T03:04:43.899+0000: 2958.437: [GC [PSYoungGen: 240592K->944K(234944K)] 655957K->416481K(921920K), 0.0067850 secs] [Times: user=0.04 sys=0.00, real=0.01 secs] 
2014-07-16T03:04:44.756+0000: 2959.295: [GC [PSYoungGen: 234928K->576K(229056K)] 650465K->416200K(916032K), 0.0040650 secs] [Times: user=0.01 sys=0.00, real=0.00 secs] 
2014-07-16T03:04:45.592+0000: 2960.130: [GC [PSYoungGen: 229006K->484K(223680K)] 644631K->416148K(910656K), 0.0070090 secs] [Times: user=0.02 sys=0.00, real=0.01 secs] 
2014-07-16T03:04:46.407+0000: 2960.946: [GC [PSYoungGen: 223652K->548K(218624K)] 639316K->416268K(905600K), 0.0078950 secs] [Times: user=0.04 sys=0.00, real=0.01 secs] 
2014-07-16T03:04:47.202+0000: 2961.740: [GC [PSYoungGen: 218596K->954K(214016K)] 634316K->416763K(900992K), 0.0079810 secs] [Times: user=0.05 sys=0.00, real=0.01 secs] 
2014-07-16T03:04:47.972+0000: 2962.511: [GC [PSYoungGen: 214010K->944K(209216K)] 629819K->416817K(896192K), 0.0078470 secs] [Times: user=0.05 sys=0.00, real=0.01 secs] 
2014-07-16T03:04:48.785+0000: 2963.324: [GC [PSYoungGen: 209200K->652K(204352K)] 625073K->416573K(891328K), 0.0038330 secs] [Times: user=0.02 sys=0.00, real=0.00 secs] 
2014-07-16T03:04:49.535+0000: 2964.074: [GC [PSYoungGen: 204300K->434K(199616K)] 620221K->416402K(886592K), 0.0038720 secs] [Times: user=0.02 sys=0.00, real=0.00 secs] 
2014-07-16T03:04:50.286+0000: 2964.824: [GC [PSYoungGen: 199602K->612K(195520K)] 615570K->416644K(882496K), 0.0084560 secs] [Times: user=0.05 sys=0.01, real=0.01 secs] 
2014-07-16T03:04:50.990+0000: 2965.528: [GC [PSYoungGen: 195492K->516K(191296K)] 611524K->416612K(878272K), 0.0038690 secs] [Times: user=0.02 sys=0.00, real=0.00 secs] 
2014-07-16T03:04:51.678+0000: 2966.217: [GC [PSYoungGen: 191236K->798K(187520K)] 607332K->416967K(874496K), 0.0062880 secs] [Times: user=0.03 sys=0.00, real=0.00 secs] 
2014-07-16T03:04:52.423+0000: 2966.962: [GC [PSYoungGen: 187412K->1276K(184064K)] 603581K->417681K(871040K), 0.0038550 secs] [Times: user=0.03 sys=0.00, real=0.01 secs] 
2014-07-16T03:04:53.077+0000: 2967.616: [GC [PSYoungGen: 184057K->498K(179520K)] 600462K->417271K(866496K), 0.0063650 secs] [Times: user=0.04 sys=0.00, real=0.00 secs] 
2014-07-16T03:04:53.804+0000: 2968.343: [GC [PSYoungGen: 179465K->1072K(176448K)] 596238K->417909K(863424K), 0.0059910 secs] [Times: user=0.03 sys=0.00, real=0.01 secs] 
2014-07-16T03:04:54.439+0000: 2968.978: [GC [PSYoungGen: 176432K->1068K(172928K)] 593269K->418085K(859904K), 0.0072420 secs] [Times: user=0.05 sys=0.00, real=0.01 secs] 
2014-07-16T03:04:55.088+0000: 2969.627: [GC [PSYoungGen: 172908K->1464K(169920K)] 589925K->418545K(856896K), 0.0045420 secs] [Times: user=0.02 sys=0.01, real=0.00 secs] 
2014-07-16T03:04:55.685+0000: 2970.223: [GC [PSYoungGen: 169912K->552K(165696K)] 586993K->417847K(852672K), 0.0082440 secs] [Times: user=0.05 sys=0.01, real=0.01 secs] 
2014-07-16T03:04:56.292+0000: 2970.831: [GC [PSYoungGen: 165672K->548K(162496K)] 582967K->417907K(849472K), 0.0059670 secs] [Times: user=0.03 sys=0.00, real=0.01 secs] 
2014-07-16T03:04:56.897+0000: 2971.435: [GC [PSYoungGen: 162468K->822K(195136K)] 579827K->418221K(882112K), 0.0075430 secs] [Times: user=0.02 sys=0.01, real=0.00 secs] 
2014-07-16T03:04:57.612+0000: 2972.151: [GC [PSYoungGen: 195086K->908K(191104K)] 612485K->418395K(878080K), 0.0048250 secs] [Times: user=0.02 sys=0.00, real=0.01 secs] 
2014-07-16T03:04:58.407+0000: 2972.946: [GC [PSYoungGen: 191022K->1170K(187328K)] 608509K->418737K(874304K), 0.0036680 secs] [Times: user=0.02 sys=0.00, real=0.00 secs] 
2014-07-16T03:04:59.057+0000: 2973.596: [GC [PSYoungGen: 187282K->968K(183296K)] 604849K->418607K(870272K), 0.0099090 secs] [Times: user=0.06 sys=0.00, real=0.01 secs] 
2014-07-16T03:04:59.739+0000: 2974.278: [GC [PSYoungGen: 183234K->994K(219776K)] 600873K->418813K(906752K), 0.0089950 secs] [Times: user=0.06 sys=0.00, real=0.01 secs] 
2014-07-16T03:05:00.530+0000: 2975.069: [GC [PSYoungGen: 219746K->1004K(263552K)] 637565K->418919K(950528K), 0.0071310 secs] [Times: user=0.05 sys=0.00, real=0.01 secs] 
2014-07-16T03:05:01.485+0000: 2976.024: [GC [PSYoungGen: 263528K->962K(256960K)] 681443K->418949K(943936K), 0.0053420 secs] [Times: user=0.04 sys=0.01, real=0.01 secs] 
2014-07-16T03:05:02.437+0000: 2976.976: [GC [PSYoungGen: 256898K->676K(250304K)] 674885K->418719K(937280K), 0.0089560 secs] [Times: user=0.03 sys=0.01, real=0.01 secs] 
2014-07-16T03:05:03.488+0000: 2978.026: [GC [PSYoungGen: 250276K->882K(244416K)] 668319K->418981K(931392K), 0.0096270 secs] [Times: user=0.06 sys=0.00, real=0.01 secs] 
2014-07-16T03:05:04.343+0000: 2978.882: [GC [PSYoungGen: 244402K->794K(238464K)] 662501K->418997K(925440K), 0.0064680 secs] [Times: user=0.04 sys=0.01, real=0.01 secs] 
2014-07-16T03:05:05.214+0000: 2979.753: [GC [PSYoungGen: 238426K->926K(232896K)] 656629K->419185K(919872K), 0.0082010 secs] [Times: user=0.05 sys=0.00, real=0.01 secs] 
2014-07-16T03:05:06.076+0000: 2980.615: [GC [PSYoungGen: 232862K->818K(227328K)] 651121K->419149K(914304K), 0.0114330 secs] [Times: user=0.05 sys=0.00, real=0.02 secs] 
2014-07-16T03:05:06.870+0000: 2981.409: [GC [PSYoungGen: 227314K->594K(264000K)] 645645K->418997K(950976K), 0.0092520 secs] [Times: user=0.06 sys=0.00, real=0.01 secs] 
2014-07-16T03:05:07.833+0000: 2982.372: [GC [PSYoungGen: 263634K->626K(257088K)] 682037K->419093K(944064K), 0.0074080 secs] [Times: user=0.05 sys=0.00, real=0.01 secs] 
2014-07-16T03:05:08.806+0000: 2983.344: [GC [PSYoungGen: 257074K->752K(250880K)] 675541K->419373K(937856K), 0.0043220 secs] [Times: user=0.03 sys=0.00, real=0.01 secs] 
2014-07-16T03:05:09.708+0000: 2984.247: [GC [PSYoungGen: 250863K->848K(244864K)] 669484K->419525K(931840K), 0.0073210 secs] [Times: user=0.04 sys=0.00, real=0.00 secs] 
2014-07-16T03:05:10.615+0000: 2985.154: [GC [PSYoungGen: 244816K->818K(238912K)] 663493K->419551K(925888K), 0.0063220 secs] [Times: user=0.02 sys=0.00, real=0.01 secs] 
2014-07-16T03:05:11.477+0000: 2986.016: [GC [PSYoungGen: 238898K->882K(233280K)] 657631K->419695K(920256K), 0.0049800 secs] [Times: user=0.02 sys=0.01, real=0.01 secs] 
2014-07-16T03:05:12.333+0000: 2986.872: [GC [PSYoungGen: 233266K->766K(227648K)] 652079K->419917K(914624K), 0.0035160 secs] [Times: user=0.02 sys=0.00, real=0.00 secs] 
2014-07-16T03:05:13.239+0000: 2987.777: [GC [PSYoungGen: 227646K->1268K(222912K)] 646797K->420591K(909888K), 0.0051250 secs] [Times: user=0.02 sys=0.00, real=0.00 secs] 
2014-07-16T03:05:14.100+0000: 2988.639: [GC [PSYoungGen: 222899K->552K(217088K)] 642222K->420429K(904064K), 0.0086880 secs] [Times: user=0.06 sys=0.00, real=0.01 secs] 
2014-07-16T03:05:14.873+0000: 2989.412: [GC [PSYoungGen: 217064K->876K(212480K)] 636941K->420841K(899456K), 0.0075090 secs] [Times: user=0.05 sys=0.00, real=0.01 secs] 
2014-07-16T03:05:15.660+0000: 2990.199: [GC [PSYoungGen: 212434K->1054K(207936K)] 632399K->421355K(894912K), 0.0102500 secs] [Times: user=0.06 sys=0.00, real=0.01 secs] 
2014-07-16T03:05:16.407+0000: 2990.946: [GC [PSYoungGen: 207861K->566K(202880K)] 628163K->420955K(889856K), 0.0066110 secs] [Times: user=0.04 sys=0.00, real=0.01 secs] 
2014-07-16T03:05:17.163+0000: 2991.701: [GC [PSYoungGen: 202870K->1186K(199104K)] 623259K->421655K(886080K), 0.0044840 secs] [Times: user=0.02 sys=0.01, real=0.00 secs] 
2014-07-16T03:05:17.875+0000: 2992.414: [GC [PSYoungGen: 199074K->990K(194624K)] 619543K->421515K(881600K), 0.0061410 secs] [Times: user=0.02 sys=0.00, real=0.01 secs] 
2014-07-16T03:05:18.598+0000: 2993.137: [GC [PSYoungGen: 194590K->762K(233088K)] 615115K->421487K(920064K), 0.0115210 secs] [Times: user=0.04 sys=0.00, real=0.02 secs] 
2014-07-16T03:05:19.457+0000: 2993.995: [GC [PSYoungGen: 233082K->1294K(257600K)] 653807K->422083K(944576K), 0.0098580 secs] [Times: user=0.05 sys=0.00, real=0.01 secs] 
2014-07-16T03:05:20.388+0000: 2994.926: [GC [PSYoungGen: 257486K->680K(280192K)] 678275K->421549K(967168K), 0.0093020 secs] [Times: user=0.04 sys=0.00, real=0.01 secs] 
2014-07-16T03:05:21.425+0000: 2995.963: [GC [PSYoungGen: 279400K->948K(272448K)] 700269K->421873K(959424K), 0.0038030 secs] [Times: user=0.02 sys=0.00, real=0.00 secs] 
2014-07-16T03:05:22.408+0000: 2996.946: [GC [PSYoungGen: 272435K->466K(265088K)] 693361K->421455K(952064K), 0.0072980 secs] [Times: user=0.05 sys=0.01, real=0.01 secs] 
2014-07-16T03:05:23.432+0000: 2997.971: [GC [PSYoungGen: 265042K->894K(258816K)] 686031K->421939K(945792K), 0.0084880 secs] [Times: user=0.05 sys=0.01, real=0.01 secs] 
2014-07-16T03:05:24.423+0000: 2998.962: [GC [PSYoungGen: 258814K->904K(252480K)] 679859K->421997K(939456K), 0.0136410 secs] [Times: user=0.08 sys=0.00, real=0.01 secs] 
2014-07-16T03:05:25.355+0000: 2999.893: [GC [PSYoungGen: 252424K->836K(246208K)] 673517K->422009K(933184K), 0.0092750 secs] [Times: user=0.06 sys=0.00, real=0.01 secs] 
2014-07-16T03:05:26.247+0000: 3000.785: [GC [PSYoungGen: 246122K->648K(240064K)] 667296K->421877K(927040K), 0.0059580 secs] [Times: user=0.03 sys=0.00, real=0.01 secs] 
2014-07-16T03:05:27.119+0000: 3001.657: [GC [PSYoungGen: 240008K->384K(233984K)] 661237K->421653K(920960K), 0.0040800 secs] [Times: user=0.02 sys=0.00, real=0.01 secs] 
2014-07-16T03:05:27.979+0000: 3002.517: [GC [PSYoungGen: 233984K->644K(228800K)] 655253K->421977K(915776K), 0.0094100 secs] [Times: user=0.06 sys=0.00, real=0.01 secs] 
2014-07-16T03:05:28.898+0000: 3003.437: [GC [PSYoungGen: 228740K->1092K(223936K)] 650073K->422513K(910912K), 0.0039360 secs] [Times: user=0.02 sys=0.00, real=0.01 secs] 
2014-07-16T03:05:29.655+0000: 3004.193: [GC [PSYoungGen: 223876K->680K(218368K)] 645297K->422205K(905344K), 0.0051990 secs] [Times: user=0.03 sys=0.00, real=0.01 secs] 
2014-07-16T03:05:30.444+0000: 3004.983: [GC [PSYoungGen: 218285K->858K(213632K)] 639811K->422479K(900608K), 0.0105040 secs] [Times: user=0.07 sys=0.00, real=0.01 secs] 
2014-07-16T03:05:31.272+0000: 3005.811: [GC [PSYoungGen: 213594K->812K(208768K)] 635215K->422481K(895744K), 0.0104080 secs] [Times: user=0.06 sys=0.00, real=0.01 secs] 
2014-07-16T03:05:32.055+0000: 3006.594: [GC [PSYoungGen: 208748K->894K(204224K)] 630417K->422643K(891200K), 0.0059490 secs] [Times: user=0.04 sys=0.01, real=0.01 secs] 
2014-07-16T03:05:32.800+0000: 3007.339: [GC [PSYoungGen: 204178K->884K(199744K)] 625927K->422917K(886720K), 0.0061820 secs] [Times: user=0.03 sys=0.00, real=0.01 secs] 
2014-07-16T03:05:33.532+0000: 3008.071: [GC [PSYoungGen: 199732K->1322K(195904K)] 621765K->423531K(882880K), 0.0092530 secs] [Times: user=0.05 sys=0.00, real=0.01 secs] 
2014-07-16T03:05:34.320+0000: 3008.859: [GC [PSYoungGen: 195882K->488K(233984K)] 618091K->423041K(920960K), 0.0101960 secs] [Times: user=0.06 sys=0.00, real=0.01 secs] 
2014-07-16T03:05:35.174+0000: 3009.712: [GC [PSYoungGen: 233960K->898K(271680K)] 656513K->423599K(958656K), 0.0112810 secs] [Times: user=0.08 sys=0.00, real=0.01 secs] 
2014-07-16T03:05:36.158+0000: 3010.696: [GC [PSYoungGen: 271040K->852K(281728K)] 693741K->423751K(968704K), 0.0190170 secs] [Times: user=0.12 sys=0.00, real=0.02 secs] 
2014-07-16T03:05:37.207+0000: 3011.746: [GC [PSYoungGen: 281108K->1244K(281664K)] 704007K->424207K(968640K), 0.0113220 secs] [Times: user=0.08 sys=0.00, real=0.01 secs] 
2014-07-16T03:05:38.231+0000: 3012.770: [GC [PSYoungGen: 281493K->766K(337792K)] 704457K->423793K(1024768K), 0.0069770 secs] [Times: user=0.05 sys=0.00, real=0.01 secs] 
2014-07-16T03:05:39.518+0000: 3014.057: [GC [PSYoungGen: 337086K->626K(327488K)] 760113K->423717K(1014464K), 0.0088680 secs] [Times: user=0.06 sys=0.00, real=0.01 secs] 
2014-07-16T03:05:40.713+0000: 3015.251: [GC [PSYoungGen: 327474K->730K(318528K)] 750565K->423909K(1005504K), 0.0051580 secs] [Times: user=0.03 sys=0.00, real=0.00 secs] 
2014-07-16T03:05:41.904+0000: 3016.442: [GC [PSYoungGen: 318490K->1008K(310016K)] 741669K->424267K(996992K), 0.0068510 secs] [Times: user=0.04 sys=0.00, real=0.00 secs] 
2014-07-16T03:05:43.028+0000: 3017.567: [GC [PSYoungGen: 310000K->484K(301120K)] 733259K->423799K(988096K), 0.0035630 secs] [Times: user=0.02 sys=0.01, real=0.01 secs] 
2014-07-16T03:05:44.297+0000: 3018.836: [GC [PSYoungGen: 301092K->950K(293504K)] 724407K->424345K(980480K), 0.0117660 secs] [Times: user=0.07 sys=0.01, real=0.01 secs] 
2014-07-16T03:05:45.393+0000: 3019.931: [GC [PSYoungGen: 293471K->986K(285824K)] 716867K->424453K(972800K), 0.0061580 secs] [Times: user=0.04 sys=0.00, real=0.01 secs] 
2014-07-16T03:05:46.414+0000: 3020.953: [GC [PSYoungGen: 285786K->598K(278016K)] 709253K->424113K(964992K), 0.0050700 secs] [Times: user=0.02 sys=0.00, real=0.00 secs] 
2014-07-16T03:05:47.437+0000: 3021.976: [GC [PSYoungGen: 277956K->680K(270912K)] 701471K->424243K(957888K), 0.0076220 secs] [Times: user=0.04 sys=0.00, real=0.01 secs] 
2014-07-16T03:05:48.429+0000: 3022.968: [GC [PSYoungGen: 270888K->608K(263936K)] 694451K->424227K(950912K), 0.0181950 secs] [Times: user=0.12 sys=0.00, real=0.02 secs] 
2014-07-16T03:05:49.473+0000: 3024.012: [GC [PSYoungGen: 263901K->808K(257536K)] 687521K->424523K(944512K), 0.0085000 secs] [Times: user=0.05 sys=0.00, real=0.00 secs] 
2014-07-16T03:05:50.412+0000: 3024.951: [GC [PSYoungGen: 257512K->958K(251264K)] 681227K->424761K(938240K), 0.0072140 secs] [Times: user=0.05 sys=0.00, real=0.01 secs] 
2014-07-16T03:05:51.329+0000: 3025.867: [GC [PSYoungGen: 251262K->452K(244672K)] 675065K->424319K(931648K), 0.0069860 secs] [Times: user=0.03 sys=0.00, real=0.01 secs] 
2014-07-16T03:05:52.248+0000: 3026.787: [GC [PSYoungGen: 244612K->1168K(239488K)] 668479K->425139K(926464K), 0.0066470 secs] [Times: user=0.04 sys=0.00, real=0.01 secs] 
2014-07-16T03:05:53.137+0000: 3027.675: [GC [PSYoungGen: 239440K->648K(233280K)] 663411K->424651K(920256K), 0.0050810 secs] [Times: user=0.02 sys=0.00, real=0.00 secs] 
2014-07-16T03:05:53.998+0000: 3028.537: [GC [PSYoungGen: 233185K->384K(227456K)] 657189K->424451K(914432K), 0.0068120 secs] [Times: user=0.04 sys=0.00, real=0.01 secs] 
2014-07-16T03:05:54.977+0000: 3029.515: [GC [PSYoungGen: 227456K->822K(222592K)] 651523K->424961K(909568K), 0.0057050 secs] [Times: user=0.03 sys=0.00, real=0.00 secs] 
2014-07-16T03:05:55.755+0000: 3030.294: [GC [PSYoungGen: 222582K->626K(217280K)] 646721K->424853K(904256K), 0.0053390 secs] [Times: user=0.02 sys=0.00, real=0.00 secs] 
2014-07-16T03:05:56.551+0000: 3031.090: [GC [PSYoungGen: 217239K->1162K(212928K)] 641466K->425429K(899904K), 0.0083780 secs] [Times: user=0.05 sys=0.00, real=0.01 secs] 
2014-07-16T03:05:57.332+0000: 3031.871: [GC [PSYoungGen: 212874K->698K(207680K)] 637141K->425005K(894656K), 0.0040860 secs] [Times: user=0.01 sys=0.00, real=0.01 secs] 
2014-07-16T03:05:58.094+0000: 3032.632: [GC [PSYoungGen: 207674K->1062K(203456K)] 631981K->425775K(890432K), 0.0046890 secs] [Times: user=0.03 sys=0.00, real=0.01 secs] 
2014-07-16T03:05:58.805+0000: 3033.343: [GC [PSYoungGen: 203395K->948K(198912K)] 628109K->425717K(885888K), 0.0043730 secs] [Times: user=0.02 sys=0.00, real=0.01 secs] 
2014-07-16T03:05:59.615+0000: 3034.153: [GC [PSYoungGen: 198900K->844K(194560K)] 623669K->425827K(881536K), 0.0042050 secs] [Times: user=0.02 sys=0.00, real=0.01 secs] 
2014-07-16T03:06:00.316+0000: 3034.855: [GC [PSYoungGen: 194508K->976K(190592K)] 619491K->426015K(877568K), 0.0086020 secs] [Times: user=0.05 sys=0.00, real=0.00 secs] 
2014-07-16T03:06:01.001+0000: 3035.540: [GC [PSYoungGen: 190525K->576K(186176K)] 615565K->425719K(873152K), 0.0053230 secs] [Times: user=0.03 sys=0.01, real=0.01 secs] 
2014-07-16T03:06:01.678+0000: 3036.216: [GC [PSYoungGen: 186176K->812K(182592K)] 611319K->426051K(869568K), 0.0056010 secs] [Times: user=0.03 sys=0.00, real=0.00 secs] 
2014-07-16T03:06:02.369+0000: 3036.907: [GC [PSYoungGen: 182572K->800K(178880K)] 607811K->426119K(865856K), 0.0083200 secs] [Times: user=0.05 sys=0.00, real=0.01 secs] 
2014-07-16T03:06:03.011+0000: 3037.549: [GC [PSYoungGen: 178848K->548K(175040K)] 604167K->425931K(862016K), 0.0056820 secs] [Times: user=0.03 sys=0.00, real=0.01 secs] 
2014-07-16T03:06:03.644+0000: 3038.183: [GC [PSYoungGen: 175012K->448K(171392K)] 600395K->425887K(858368K), 0.0092290 secs] [Times: user=0.05 sys=0.01, real=0.01 secs] 
2014-07-16T03:06:04.368+0000: 3038.907: [GC [PSYoungGen: 171362K->1206K(206400K)] 596801K->426725K(893376K), 0.0079660 secs] [Times: user=0.05 sys=0.00, real=0.00 secs] 
2014-07-16T03:06:05.155+0000: 3039.694: [GC [PSYoungGen: 206351K->1076K(201728K)] 631871K->427061K(888704K), 0.0050630 secs] [Times: user=0.02 sys=0.00, real=0.01 secs] 
2014-07-16T03:06:05.859+0000: 3040.398: [GC [PSYoungGen: 201670K->848K(197184K)] 627655K->426905K(884160K), 0.0044590 secs] [Times: user=0.02 sys=0.00, real=0.00 secs] 
2014-07-16T03:06:06.584+0000: 3041.123: [GC [PSYoungGen: 197100K->1222K(193344K)] 623157K->427417K(880320K), 0.0046420 secs] [Times: user=0.02 sys=0.01, real=0.01 secs] 
2014-07-16T03:06:07.270+0000: 3041.808: [GC [PSYoungGen: 193286K->548K(188544K)] 619481K->426823K(875520K), 0.0037470 secs] [Times: user=0.02 sys=0.00, real=0.00 secs] 
2014-07-16T03:06:07.977+0000: 3042.516: [GC [PSYoungGen: 188516K->762K(184832K)] 614791K->427125K(871808K), 0.0039340 secs] [Times: user=0.02 sys=0.00, real=0.00 secs] 
2014-07-16T03:06:08.663+0000: 3043.202: [GC [PSYoungGen: 184824K->466K(180800K)] 611188K->426917K(867776K), 0.0070670 secs] [Times: user=0.04 sys=0.01, real=0.01 secs] 
2014-07-16T03:06:09.333+0000: 3043.872: [GC [PSYoungGen: 180754K->1022K(177664K)] 607205K->427561K(864640K), 0.0050580 secs] [Times: user=0.02 sys=0.00, real=0.01 secs] 
2014-07-16T03:06:10.015+0000: 3044.554: [GC [PSYoungGen: 177662K->826K(173888K)] 604201K->427405K(860864K), 0.0089220 secs] [Times: user=0.03 sys=0.00, real=0.01 secs] 
2014-07-16T03:06:10.635+0000: 3045.174: [GC [PSYoungGen: 173882K->530K(170176K)] 600461K->427189K(857152K), 0.0076820 secs] [Times: user=0.05 sys=0.00, real=0.01 secs] 
2014-07-16T03:06:11.261+0000: 3045.800: [GC [PSYoungGen: 170130K->858K(167168K)] 596789K->427581K(854144K), 0.0053760 secs] [Times: user=0.02 sys=0.00, real=0.01 secs] 
2014-07-16T03:06:11.868+0000: 3046.407: [GC [PSYoungGen: 167130K->958K(164032K)] 593853K->427769K(851008K), 0.0037400 secs] [Times: user=0.02 sys=0.00, real=0.00 secs] 
2014-07-16T03:06:12.481+0000: 3047.020: [GC [PSYoungGen: 164028K->1336K(161280K)] 590840K->428211K(848256K), 0.0092980 secs] [Times: user=0.06 sys=0.00, real=0.01 secs] 
2014-07-16T03:06:13.065+0000: 3047.604: [GC [PSYoungGen: 161230K->658K(192640K)] 588105K->427605K(879616K), 0.0126240 secs] [Times: user=0.09 sys=0.00, real=0.02 secs] 
2014-07-16T03:06:13.768+0000: 3048.307: [GC [PSYoungGen: 192555K->880K(231232K)] 619502K->427907K(918208K), 0.0068340 secs] [Times: user=0.04 sys=0.00, real=0.00 secs] 
2014-07-16T03:06:14.712+0000: 3049.250: [GC [PSYoungGen: 231216K->1054K(277504K)] 658243K->428153K(964480K), 0.0065000 secs] [Times: user=0.02 sys=0.00, real=0.01 secs] 
2014-07-16T03:06:15.741+0000: 3050.280: [GC [PSYoungGen: 277470K->1190K(311040K)] 704569K->428377K(998016K), 0.0085730 secs] [Times: user=0.06 sys=0.00, real=0.01 secs] 
2014-07-16T03:06:16.870+0000: 3051.409: [GC [PSYoungGen: 310622K->1058K(302208K)] 737810K->428317K(989184K), 0.0091660 secs] [Times: user=0.05 sys=0.00, real=0.01 secs] 
2014-07-16T03:06:17.981+0000: 3052.519: [GC [PSYoungGen: 302178K->534K(293632K)] 729437K->427849K(980608K), 0.0065510 secs] [Times: user=0.04 sys=0.00, real=0.00 secs] 
2014-07-16T03:06:19.059+0000: 3053.598: [GC [PSYoungGen: 293590K->944K(286272K)] 720905K->428315K(973248K), 0.0092950 secs] [Times: user=0.06 sys=0.00, real=0.01 secs] 
2014-07-16T03:06:20.169+0000: 3054.708: [GC [PSYoungGen: 286256K->1218K(279104K)] 713627K->428637K(966080K), 0.0049520 secs] [Times: user=0.02 sys=0.00, real=0.00 secs] 
2014-07-16T03:06:21.156+0000: 3055.695: [GC [PSYoungGen: 279008K->894K(271552K)] 706427K->428665K(958528K), 0.0046990 secs] [Times: user=0.02 sys=0.00, real=0.01 secs] 
2014-07-16T03:06:22.159+0000: 3056.698: [GC [PSYoungGen: 271550K->530K(264320K)] 699321K->428341K(951296K), 0.0057050 secs] [Times: user=0.03 sys=0.00, real=0.00 secs] 
2014-07-16T03:06:23.126+0000: 3057.664: [GC [PSYoungGen: 264274K->466K(257600K)] 692085K->428349K(944576K), 0.0046180 secs] [Times: user=0.03 sys=0.00, real=0.01 secs] 
2014-07-16T03:06:24.079+0000: 3058.618: [GC [PSYoungGen: 257554K->1408K(252160K)] 685437K->429380K(939136K), 0.0076510 secs] [Times: user=0.05 sys=0.01, real=0.00 secs] 
2014-07-16T03:06:25.039+0000: 3059.578: [GC [PSYoungGen: 252096K->676K(245248K)] 680068K->428719K(932224K), 0.0056790 secs] [Times: user=0.04 sys=0.00, real=0.00 secs] 
2014-07-16T03:06:25.974+0000: 3060.512: [GC [PSYoungGen: 245220K->780K(239424K)] 673263K->428887K(926400K), 0.0074810 secs] [Times: user=0.05 sys=0.00, real=0.01 secs] 
2014-07-16T03:06:26.835+0000: 3061.374: [GC [PSYoungGen: 239359K->1072K(233984K)] 667466K->429251K(920960K), 0.0151390 secs] [Times: user=0.10 sys=0.00, real=0.02 secs] 
2014-07-16T03:06:27.691+0000: 3062.229: [GC [PSYoungGen: 233939K->1200K(228608K)] 662118K->429451K(915584K), 0.0103600 secs] [Times: user=0.04 sys=0.00, real=0.01 secs] 
2014-07-16T03:06:28.529+0000: 3063.068: [GC [PSYoungGen: 228551K->676K(222784K)] 656803K->428983K(909760K), 0.0045290 secs] [Times: user=0.01 sys=0.00, real=0.00 secs] 
2014-07-16T03:06:29.337+0000: 3063.876: [GC [PSYoungGen: 222755K->994K(217984K)] 651063K->429373K(904960K), 0.0068740 secs] [Times: user=0.05 sys=0.00, real=0.01 secs] 
2014-07-16T03:06:30.167+0000: 3064.705: [GC [PSYoungGen: 217953K->872K(212928K)] 646332K->429339K(899904K), 0.0068690 secs] [Times: user=0.04 sys=0.01, real=0.01 secs] 
2014-07-16T03:06:30.921+0000: 3065.460: [GC [PSYoungGen: 212904K->758K(208064K)] 641371K->429305K(895040K), 0.0042150 secs] [Times: user=0.02 sys=0.00, real=0.00 secs] 
2014-07-16T03:06:31.710+0000: 3066.249: [GC [PSYoungGen: 208049K->844K(203584K)] 636596K->429447K(890560K), 0.0049870 secs] [Times: user=0.02 sys=0.00, real=0.01 secs] 
2014-07-16T03:06:32.449+0000: 3066.988: [GC [PSYoungGen: 203532K->922K(199232K)] 632135K->429589K(886208K), 0.0058830 secs] [Times: user=0.03 sys=0.00, real=0.01 secs] 
2014-07-16T03:06:33.212+0000: 3067.751: [GC [PSYoungGen: 199194K->1054K(195072K)] 627861K->429825K(882048K), 0.0103380 secs] [Times: user=0.08 sys=0.00, real=0.01 secs] 
2014-07-16T03:06:33.902+0000: 3068.441: [GC [PSYoungGen: 195038K->840K(233728K)] 623809K->429675K(920704K), 0.0130460 secs] [Times: user=0.09 sys=0.00, real=0.01 secs] 
2014-07-16T03:06:34.760+0000: 3069.299: [GC [PSYoungGen: 233672K->1008K(280448K)] 662507K->430047K(967424K), 0.0056300 secs] [Times: user=0.04 sys=0.00, real=0.00 secs] 
2014-07-16T03:06:35.810+0000: 3070.349: [GC [PSYoungGen: 280432K->1190K(273408K)] 709471K->430334K(960384K), 0.0102240 secs] [Times: user=0.06 sys=0.00, real=0.02 secs] 
2014-07-16T03:06:36.781+0000: 3071.320: [GC [PSYoungGen: 273356K->634K(265856K)] 702500K->429841K(952832K), 0.0061480 secs] [Times: user=0.04 sys=0.00, real=0.00 secs] 
2014-07-16T03:06:37.731+0000: 3072.270: [GC [PSYoungGen: 265849K->616K(259136K)] 695057K->429895K(946112K), 0.0057480 secs] [Times: user=0.04 sys=0.00, real=0.00 secs] 
2014-07-16T03:06:38.689+0000: 3073.228: [GC [PSYoungGen: 259112K->890K(252928K)] 688391K->430257K(939904K), 0.0099590 secs] [Times: user=0.06 sys=0.00, real=0.01 secs] 
2014-07-16T03:06:39.625+0000: 3074.164: [GC [PSYoungGen: 252893K->912K(246784K)] 682261K->430327K(933760K), 0.0072130 secs] [Times: user=0.04 sys=0.00, real=0.01 secs] 
2014-07-16T03:06:40.603+0000: 3075.142: [GC [PSYoungGen: 246736K->848K(240768K)] 676151K->430311K(927744K), 0.0084940 secs] [Times: user=0.05 sys=0.00, real=0.01 secs] 
2014-07-16T03:06:41.484+0000: 3076.023: [GC [PSYoungGen: 240684K->1254K(235392K)] 670147K->430805K(922368K), 0.0070120 secs] [Times: user=0.03 sys=0.00, real=0.01 secs] 
2014-07-16T03:06:42.342+0000: 3076.881: [GC [PSYoungGen: 235366K->570K(229120K)] 664917K->430323K(916096K), 0.0070300 secs] [Times: user=0.04 sys=0.00, real=0.00 secs] 
2014-07-16T03:06:43.184+0000: 3077.723: [GC [PSYoungGen: 229114K->790K(224064K)] 658867K->430615K(911040K), 0.0038820 secs] [Times: user=0.02 sys=0.00, real=0.00 secs] 
2014-07-16T03:06:44.017+0000: 3078.555: [GC [PSYoungGen: 223983K->1186K(219328K)] 653809K->431192K(906304K), 0.0133760 secs] [Times: user=0.09 sys=0.00, real=0.01 secs] 
2014-07-16T03:06:44.794+0000: 3079.333: [GC [PSYoungGen: 219298K->854K(262656K)] 649304K->430939K(949632K), 0.0104430 secs] [Times: user=0.05 sys=0.00, real=0.01 secs] 
2014-07-16T03:06:45.831+0000: 3080.370: [GC [PSYoungGen: 262614K->876K(256064K)] 692699K->431123K(943040K), 0.0079110 secs] [Times: user=0.04 sys=0.01, real=0.01 secs] 
2014-07-16T03:06:46.810+0000: 3081.349: [GC [PSYoungGen: 256044K->1108K(249984K)] 686291K->431444K(936960K), 0.0074330 secs] [Times: user=0.04 sys=0.00, real=0.01 secs] 
2014-07-16T03:06:47.721+0000: 3082.259: [GC [PSYoungGen: 249940K->530K(243328K)] 680276K->430945K(930304K), 0.0072920 secs] [Times: user=0.05 sys=0.00, real=0.01 secs] 
2014-07-16T03:06:48.627+0000: 3083.166: [GC [PSYoungGen: 243234K->580K(237568K)] 673650K->431075K(924544K), 0.0058560 secs] [Times: user=0.03 sys=0.00, real=0.01 secs] 
2014-07-16T03:06:49.493+0000: 3084.031: [GC [PSYoungGen: 237508K->808K(232128K)] 668003K->431367K(919104K), 0.0076500 secs] [Times: user=0.04 sys=0.00, real=0.01 secs] 
2014-07-16T03:06:50.427+0000: 3084.966: [GC [PSYoungGen: 232104K->1240K(227136K)] 662663K->431904K(914112K), 0.0043910 secs] [Times: user=0.02 sys=0.00, real=0.00 secs] 
2014-07-16T03:06:51.247+0000: 3085.786: [GC [PSYoungGen: 227096K->730K(221376K)] 657760K->431499K(908352K), 0.0096110 secs] [Times: user=0.07 sys=0.00, real=0.01 secs] 
2014-07-16T03:06:52.045+0000: 3086.584: [GC [PSYoungGen: 221319K->816K(216384K)] 652089K->431642K(903360K), 0.0067340 secs] [Times: user=0.04 sys=0.00, real=0.00 secs] 
2014-07-16T03:06:52.833+0000: 3087.371: [GC [PSYoungGen: 216368K->676K(211392K)] 647194K->431573K(898368K), 0.0059100 secs] [Times: user=0.04 sys=0.00, real=0.01 secs] 
2014-07-16T03:06:53.616+0000: 3088.155: [GC [PSYoungGen: 211280K->1326K(207296K)] 642178K->432280K(894272K), 0.0088650 secs] [Times: user=0.06 sys=0.00, real=0.01 secs] 
2014-07-16T03:06:54.372+0000: 3088.911: [GC [PSYoungGen: 207247K->812K(202240K)] 638201K->431846K(889216K), 0.0038070 secs] [Times: user=0.02 sys=0.00, real=0.01 secs] 
2014-07-16T03:06:55.195+0000: 3089.734: [GC [PSYoungGen: 202220K->1120K(198144K)] 633254K->432241K(885120K), 0.0074450 secs] [Times: user=0.05 sys=0.00, real=0.00 secs] 
2014-07-16T03:06:55.933+0000: 3090.472: [GC [PSYoungGen: 198084K->1008K(193792K)] 629206K->432218K(880768K), 0.0073860 secs] [Times: user=0.05 sys=0.01, real=0.00 secs] 
2014-07-16T03:06:56.649+0000: 3091.188: [GC [PSYoungGen: 193776K->972K(189696K)] 624986K->432278K(876672K), 0.0076750 secs] [Times: user=0.05 sys=0.00, real=0.01 secs] 
2014-07-16T03:06:57.333+0000: 3091.871: [GC [PSYoungGen: 189560K->776K(185536K)] 620866K->432169K(872512K), 0.0050860 secs] [Times: user=0.03 sys=0.00, real=0.01 secs] 
2014-07-16T03:06:57.983+0000: 3092.522: [GC [PSYoungGen: 185480K->630K(181504K)] 616873K->432103K(868480K), 0.0080810 secs] [Times: user=0.06 sys=0.00, real=0.01 secs] 
2014-07-16T03:06:58.657+0000: 3093.196: [GC [PSYoungGen: 181494K->908K(178112K)] 612967K->432446K(865088K), 0.0070860 secs] [Times: user=0.05 sys=0.00, real=0.01 secs] 
2014-07-16T03:06:59.296+0000: 3093.835: [GC [PSYoungGen: 178060K->544K(174144K)] 609598K->432169K(861120K), 0.0037510 secs] [Times: user=0.03 sys=0.00, real=0.00 secs] 
2014-07-16T03:06:59.938+0000: 3094.477: [GC [PSYoungGen: 174101K->1334K(171456K)] 605727K->433534K(858432K), 0.0037350 secs] [Times: user=0.02 sys=0.00, real=0.00 secs] 
2014-07-16T03:07:00.633+0000: 3095.172: [GC [PSYoungGen: 171439K->848K(167680K)] 603639K->433154K(854656K), 0.0068440 secs] [Times: user=0.04 sys=0.00, real=0.01 secs] 
2014-07-16T03:07:01.235+0000: 3095.774: [GC [PSYoungGen: 167632K->944K(164480K)] 599938K->433588K(851456K), 0.0051250 secs] [Times: user=0.03 sys=0.01, real=0.00 secs] 
2014-07-16T03:07:01.836+0000: 3096.374: [GC [PSYoungGen: 164432K->680K(161088K)] 597076K->433396K(848064K), 0.0062280 secs] [Times: user=0.04 sys=0.00, real=0.00 secs] 
2014-07-16T03:07:02.418+0000: 3096.956: [GC [PSYoungGen: 161064K->480K(193024K)] 593780K->433268K(880000K), 0.0087340 secs] [Times: user=0.05 sys=0.00, real=0.01 secs] 
2014-07-16T03:07:03.105+0000: 3097.644: [GC [PSYoungGen: 192992K->698K(231744K)] 625780K->433558K(918720K), 0.0103440 secs] [Times: user=0.07 sys=0.00, real=0.01 secs] 
2014-07-16T03:07:03.958+0000: 3098.496: [GC [PSYoungGen: 231729K->898K(278208K)] 664590K->433814K(965184K), 0.0056140 secs] [Times: user=0.04 sys=0.00, real=0.00 secs] 
2014-07-16T03:07:04.991+0000: 3099.530: [GC [PSYoungGen: 278146K->1332K(271424K)] 711062K->434320K(958400K), 0.0088750 secs] [Times: user=0.06 sys=0.00, real=0.01 secs] 
2014-07-16T03:07:06.030+0000: 3100.568: [GC [PSYoungGen: 271412K->608K(263872K)] 704400K->433700K(950848K), 0.0051220 secs] [Times: user=0.03 sys=0.00, real=0.00 secs] 
2014-07-16T03:07:07.058+0000: 3101.597: [GC [PSYoungGen: 263840K->608K(257280K)] 696932K->433756K(944256K), 0.0046480 secs] [Times: user=0.02 sys=0.00, real=0.00 secs] 
2014-07-16T03:07:08.009+0000: 3102.548: [GC [PSYoungGen: 257248K->900K(251200K)] 690396K->434152K(938176K), 0.0063180 secs] [Times: user=0.04 sys=0.00, real=0.01 secs] 
2014-07-16T03:07:08.910+0000: 3103.449: [GC [PSYoungGen: 251140K->680K(244800K)] 684392K->434012K(931776K), 0.0064520 secs] [Times: user=0.04 sys=0.01, real=0.01 secs] 
2014-07-16T03:07:09.816+0000: 3104.355: [GC [PSYoungGen: 244737K->1296K(239552K)] 678069K->434708K(926528K), 0.0097280 secs] [Times: user=0.06 sys=0.00, real=0.01 secs] 
2014-07-16T03:07:10.752+0000: 3105.290: [GC [PSYoungGen: 239504K->690K(233216K)] 672916K->434158K(920192K), 0.0046200 secs] [Times: user=0.02 sys=0.00, real=0.01 secs] 
2014-07-16T03:07:11.589+0000: 3106.128: [GC [PSYoungGen: 233172K->548K(227584K)] 666640K->434080K(914560K), 0.0045310 secs] [Times: user=0.03 sys=0.00, real=0.00 secs] 
2014-07-16T03:07:12.422+0000: 3106.960: [GC [PSYoungGen: 227529K->922K(222656K)] 661062K->434558K(909632K), 0.0046490 secs] [Times: user=0.02 sys=0.00, real=0.01 secs] 
2014-07-16T03:07:13.236+0000: 3107.775: [GC [PSYoungGen: 222617K->612K(217216K)] 656253K->434328K(904192K), 0.0063270 secs] [Times: user=0.04 sys=0.00, real=0.00 secs] 
2014-07-16T03:07:14.049+0000: 3108.587: [GC [PSYoungGen: 217188K->640K(212288K)] 650904K->434404K(899264K), 0.0089320 secs] [Times: user=0.05 sys=0.00, real=0.01 secs] 
2014-07-16T03:07:14.817+0000: 3109.356: [GC [PSYoungGen: 212238K->744K(207680K)] 646002K->434604K(894656K), 0.0055910 secs] [Times: user=0.03 sys=0.00, real=0.00 secs] 
2014-07-16T03:07:15.687+0000: 3110.225: [GC [PSYoungGen: 207656K->1168K(203584K)] 641516K->435092K(890560K), 0.0041760 secs] [Times: user=0.02 sys=0.00, real=0.00 secs] 
2014-07-16T03:07:16.415+0000: 3110.954: [GC [PSYoungGen: 203536K->880K(198848K)] 637460K->434852K(885824K), 0.0071720 secs] [Times: user=0.04 sys=0.00, real=0.01 secs] 
2014-07-16T03:07:17.197+0000: 3111.736: [GC [PSYoungGen: 198786K->1158K(194880K)] 632758K->435202K(881856K), 0.0054060 secs] [Times: user=0.02 sys=0.00, real=0.01 secs] 
2014-07-16T03:07:17.874+0000: 3112.412: [GC [PSYoungGen: 194822K->884K(190464K)] 628866K->435220K(877440K), 0.0104840 secs] [Times: user=0.07 sys=0.01, real=0.01 secs] 
2014-07-16T03:07:18.587+0000: 3113.125: [GC [PSYoungGen: 190452K->712K(186368K)] 624788K->435120K(873344K), 0.0065340 secs] [Times: user=0.04 sys=0.00, real=0.01 secs] 
2014-07-16T03:07:19.232+0000: 3113.771: [GC [PSYoungGen: 186286K->762K(182528K)] 620694K->435242K(869504K), 0.0031350 secs] [Times: user=0.01 sys=0.00, real=0.00 secs] 
2014-07-16T03:07:19.904+0000: 3114.443: [GC [PSYoungGen: 182522K->690K(178752K)] 617002K->435266K(865728K), 0.0084390 secs] [Times: user=0.05 sys=0.00, real=0.01 secs] 
2014-07-16T03:07:20.711+0000: 3115.250: [GC [PSYoungGen: 178713K->676K(175168K)] 613289K->435316K(862144K), 0.0079060 secs] [Times: user=0.05 sys=0.00, real=0.01 secs] 
2014-07-16T03:07:21.262+0000: 3115.800: [GC [PSYoungGen: 175125K->484K(209920K)] 609765K->435172K(896896K), 0.0079430 secs] [Times: user=0.05 sys=0.00, real=0.01 secs] 
2014-07-16T03:07:22.026+0000: 3116.565: [GC [PSYoungGen: 209892K->498K(205248K)] 644580K->435258K(892224K), 0.0070630 secs] [Times: user=0.04 sys=0.00, real=0.01 secs] 
2014-07-16T03:07:22.778+0000: 3117.316: [GC [PSYoungGen: 205234K->844K(201152K)] 639994K->435676K(888128K), 0.0060190 secs] [Times: user=0.04 sys=0.00, real=0.01 secs] 
2014-07-16T03:07:23.483+0000: 3118.022: [GC [PSYoungGen: 201087K->466K(196416K)] 635919K->435354K(883392K), 0.0076230 secs] [Times: user=0.05 sys=0.00, real=0.01 secs] 
2014-07-16T03:07:24.193+0000: 3118.732: [GC [PSYoungGen: 196370K->944K(192640K)] 631258K->435888K(879616K), 0.0040350 secs] [Times: user=0.02 sys=0.00, real=0.00 secs] 
2014-07-16T03:07:24.886+0000: 3119.425: [GC [PSYoungGen: 192624K->434K(188096K)] 627568K->435450K(875072K), 0.0077290 secs] [Times: user=0.05 sys=0.01, real=0.01 secs] 
2014-07-16T03:07:25.694+0000: 3120.233: [GC [PSYoungGen: 188032K->1396K(226624K)] 623048K->436500K(913600K), 0.0110480 secs] [Times: user=0.07 sys=0.00, real=0.01 secs] 
2014-07-16T03:07:26.481+0000: 3121.019: [GC [PSYoungGen: 226612K->566K(220544K)] 661716K->435742K(907520K), 0.0059620 secs] [Times: user=0.04 sys=0.00, real=0.00 secs] 
2014-07-16T03:07:27.283+0000: 3121.822: [GC [PSYoungGen: 220534K->876K(215808K)] 655710K->436132K(902784K), 0.0041030 secs] [Times: user=0.02 sys=0.00, real=0.00 secs] 
2014-07-16T03:07:28.088+0000: 3122.627: [GC [PSYoungGen: 215788K->1418K(211520K)] 651044K->436770K(898496K), 0.0095170 secs] [Times: user=0.06 sys=0.00, real=0.01 secs] 
2014-07-16T03:07:28.854+0000: 3123.393: [GC [PSYoungGen: 211466K->1490K(206912K)] 646818K->436922K(893888K), 0.0050380 secs] [Times: user=0.02 sys=0.00, real=0.01 secs] 
2014-07-16T03:07:29.604+0000: 3124.142: [GC [PSYoungGen: 206866K->374K(201216K)] 642298K->436110K(888192K), 0.0039060 secs] [Times: user=0.02 sys=0.00, real=0.00 secs] 
2014-07-16T03:07:30.335+0000: 3124.874: [GC [PSYoungGen: 201182K->930K(197440K)] 636919K->436738K(884416K), 0.0091880 secs] [Times: user=0.06 sys=0.00, real=0.01 secs] 
2014-07-16T03:07:31.092+0000: 3125.630: [GC [PSYoungGen: 197410K->1122K(193408K)] 633218K->436978K(880384K), 0.0061720 secs] [Times: user=0.04 sys=0.00, real=0.00 secs] 
2014-07-16T03:07:31.778+0000: 3126.316: [GC [PSYoungGen: 193344K->466K(188672K)] 629200K->436378K(875648K), 0.0067040 secs] [Times: user=0.04 sys=0.00, real=0.01 secs] 
2014-07-16T03:07:32.476+0000: 3127.015: [GC [PSYoungGen: 188603K->730K(184960K)] 624515K->436714K(871936K), 0.0053870 secs] [Times: user=0.03 sys=0.01, real=0.01 secs] 
2014-07-16T03:07:33.159+0000: 3127.698: [GC [PSYoungGen: 184922K->780K(181248K)] 620906K->436828K(868224K), 0.0038340 secs] [Times: user=0.02 sys=0.00, real=0.00 secs] 
2014-07-16T03:07:33.816+0000: 3128.354: [GC [PSYoungGen: 181196K->744K(177472K)] 617244K->436888K(864448K), 0.0061170 secs] [Times: user=0.04 sys=0.00, real=0.01 secs] 
2014-07-16T03:07:34.478+0000: 3129.016: [GC [PSYoungGen: 177448K->694K(173824K)] 613592K->436902K(860800K), 0.0069830 secs] [Times: user=0.04 sys=0.00, real=0.01 secs] 
2014-07-16T03:07:35.106+0000: 3129.645: [GC [PSYoungGen: 173807K->876K(170560K)] 610015K->437172K(857536K), 0.0094780 secs] [Times: user=0.06 sys=0.00, real=0.01 secs] 
2014-07-16T03:07:35.827+0000: 3130.365: [GC [PSYoungGen: 170540K->1252K(204928K)] 606836K->437612K(891904K), 0.0077430 secs] [Times: user=0.04 sys=0.01, real=0.01 secs] 
2014-07-16T03:07:36.502+0000: 3131.040: [GC [PSYoungGen: 204878K->730K(245184K)] 641238K->437138K(932160K), 0.0108390 secs] [Times: user=0.08 sys=0.00, real=0.01 secs] 
2014-07-16T03:07:37.392+0000: 3131.931: [GC [PSYoungGen: 245135K->1258K(273536K)] 681543K->437722K(960512K), 0.0072020 secs] [Times: user=0.04 sys=0.00, real=0.00 secs] 
2014-07-16T03:07:38.433+0000: 3132.971: [GC [PSYoungGen: 273255K->904K(294976K)] 709720K->437472K(981952K), 0.0093910 secs] [Times: user=0.06 sys=0.00, real=0.01 secs] 
2014-07-16T03:07:39.495+0000: 3134.033: [GC [PSYoungGen: 294280K->758K(286336K)] 730848K->437398K(973312K), 0.0082530 secs] [Times: user=0.05 sys=0.00, real=0.01 secs] 
2014-07-16T03:07:40.529+0000: 3135.067: [GC [PSYoungGen: 286326K->516K(278656K)] 722966K->437212K(965632K), 0.0031560 secs] [Times: user=0.01 sys=0.00, real=0.01 secs] 
2014-07-16T03:07:41.605+0000: 3136.143: [GC [PSYoungGen: 278596K->434K(271360K)] 715292K->437194K(958336K), 0.0058180 secs] [Times: user=0.04 sys=0.00, real=0.01 secs] 
2014-07-16T03:07:42.595+0000: 3137.134: [GC [PSYoungGen: 271346K->1140K(265152K)] 708106K->437988K(952128K), 0.0124260 secs] [Times: user=0.08 sys=0.00, real=0.01 secs] 
2014-07-16T03:07:43.569+0000: 3138.107: [GC [PSYoungGen: 265140K->798K(258176K)] 701988K->437702K(945152K), 0.0045860 secs] [Times: user=0.03 sys=0.00, real=0.01 secs] 
2014-07-16T03:07:44.510+0000: 3139.049: [GC [PSYoungGen: 258142K->516K(251520K)] 695046K->437484K(938496K), 0.0091520 secs] [Times: user=0.06 sys=0.00, real=0.01 secs] 
2014-07-16T03:07:45.415+0000: 3139.953: [GC [PSYoungGen: 251460K->830K(245632K)] 688428K->437862K(932608K), 0.0077150 secs] [Times: user=0.05 sys=0.00, real=0.01 secs] 
2014-07-16T03:07:46.351+0000: 3140.890: [GC [PSYoungGen: 245627K->936K(239808K)] 682659K->438008K(926784K), 0.0061790 secs] [Times: user=0.01 sys=0.00, real=0.00 secs] 
2014-07-16T03:07:47.217+0000: 3141.756: [GC [PSYoungGen: 239732K->1190K(234368K)] 676805K->438326K(921344K), 0.0088010 secs] [Times: user=0.06 sys=0.00, real=0.01 secs] 
2014-07-16T03:07:48.075+0000: 3142.614: [GC [PSYoungGen: 234342K->698K(228352K)] 671478K->437946K(915328K), 0.0088260 secs] [Times: user=0.06 sys=0.00, real=0.01 secs] 
2014-07-16T03:07:48.992+0000: 3143.531: [GC [PSYoungGen: 228346K->666K(223040K)] 665594K->437970K(910016K), 0.0068370 secs] [Times: user=0.03 sys=0.00, real=0.01 secs] 
2014-07-16T03:07:49.810+0000: 3144.349: [GC [PSYoungGen: 223002K->516K(217792K)] 660306K->437884K(904768K), 0.0078390 secs] [Times: user=0.05 sys=0.00, real=0.01 secs] 
2014-07-16T03:07:50.691+0000: 3145.229: [GC [PSYoungGen: 217732K->1402K(213696K)] 655100K->438934K(900672K), 0.0045840 secs] [Times: user=0.03 sys=0.00, real=0.01 secs] 
2014-07-16T03:07:51.521+0000: 3146.059: [GC [PSYoungGen: 213690K->794K(208384K)] 651222K->438398K(895360K), 0.0075890 secs] [Times: user=0.05 sys=0.00, real=0.01 secs] 
2014-07-16T03:07:52.281+0000: 3146.820: [GC [PSYoungGen: 208346K->758K(203712K)] 645950K->438450K(890688K), 0.0081170 secs] [Times: user=0.05 sys=0.00, real=0.01 secs] 
2014-07-16T03:07:53.009+0000: 3147.547: [GC [PSYoungGen: 203676K->630K(244224K)] 641368K->438354K(931200K), 0.0159080 secs] [Times: user=0.09 sys=0.00, real=0.02 secs] 
2014-07-16T03:07:53.896+0000: 3148.435: [GC [PSYoungGen: 244214K->684K(284864K)] 681938K->438448K(971840K), 0.0127050 secs] [Times: user=0.09 sys=0.00, real=0.01 secs] 
2014-07-16T03:07:54.957+0000: 3149.496: [GC [PSYoungGen: 284012K->576K(293824K)] 721776K->438388K(980800K), 0.0100610 secs] [Times: user=0.06 sys=0.00, real=0.01 secs] 
2014-07-16T03:07:56.141+0000: 3150.679: [GC [PSYoungGen: 292909K->1068K(285696K)] 730722K->438984K(972672K), 0.0046610 secs] [Times: user=0.03 sys=0.00, real=0.01 secs] 
2014-07-16T03:07:57.186+0000: 3151.725: [GC [PSYoungGen: 285611K->420K(277632K)] 723527K->439114K(964608K), 0.0067320 secs] [Times: user=0.05 sys=0.00, real=0.01 secs] 
2014-07-16T03:07:58.185+0000: 3152.724: [GC [PSYoungGen: 277545K->780K(270848K)] 716240K->439562K(957824K), 0.0073820 secs] [Times: user=0.06 sys=0.01, real=0.00 secs] 
2014-07-16T03:07:59.186+0000: 3153.724: [GC [PSYoungGen: 270702K->1154K(264384K)] 709485K->440140K(951360K), 0.0076520 secs] [Times: user=0.05 sys=0.01, real=0.01 secs] 
2014-07-16T03:08:00.139+0000: 3154.678: [GC [PSYoungGen: 264269K->826K(257408K)] 703255K->439884K(944384K), 0.0069420 secs] [Times: user=0.05 sys=0.00, real=0.01 secs] 
2014-07-16T03:08:01.182+0000: 3155.721: [GC [PSYoungGen: 257402K->1086K(251264K)] 696460K->440362K(938240K), 0.0082620 secs] [Times: user=0.05 sys=0.01, real=0.01 secs] 
2014-07-16T03:08:02.100+0000: 3156.638: [GC [PSYoungGen: 251228K->1100K(245184K)] 690505K->440472K(932160K), 0.0034950 secs] [Times: user=0.02 sys=0.00, real=0.00 secs] 
2014-07-16T03:08:02.991+0000: 3157.530: [GC [PSYoungGen: 245132K->1004K(239168K)] 684504K->440514K(926144K), 0.0032320 secs] [Times: user=0.02 sys=0.01, real=0.01 secs] 
2014-07-16T03:08:03.870+0000: 3158.409: [GC [PSYoungGen: 239148K->776K(233280K)] 678658K->440374K(920256K), 0.0092000 secs] [Times: user=0.07 sys=0.00, real=0.01 secs] 
2014-07-16T03:08:04.711+0000: 3159.250: [GC [PSYoungGen: 233224K->672K(227648K)] 672822K->440334K(914624K), 0.0036800 secs] [Times: user=0.02 sys=0.00, real=0.01 secs] 
2014-07-16T03:08:05.540+0000: 3160.079: [GC [PSYoungGen: 227616K->1162K(222848K)] 667278K->440880K(909824K), 0.0054250 secs] [Times: user=0.03 sys=0.00, real=0.01 secs] 
2014-07-16T03:08:06.499+0000: 3161.038: [GC [PSYoungGen: 222794K->1126K(217664K)] 662512K->440940K(904640K), 0.0071520 secs] [Times: user=0.04 sys=0.00, real=0.01 secs] 
2014-07-16T03:08:07.268+0000: 3161.807: [GC [PSYoungGen: 217638K->548K(212160K)] 657452K->440418K(899136K), 0.0042320 secs] [Times: user=0.03 sys=0.00, real=0.00 secs] 
2014-07-16T03:08:08.073+0000: 3162.611: [GC [PSYoungGen: 212132K->790K(207680K)] 652002K->440740K(894656K), 0.0049670 secs] [Times: user=0.03 sys=0.00, real=0.01 secs] 
2014-07-16T03:08:08.850+0000: 3163.389: [GC [PSYoungGen: 207638K->876K(203200K)] 647588K->440898K(890176K), 0.0114610 secs] [Times: user=0.08 sys=0.00, real=0.01 secs] 
2014-07-16T03:08:09.612+0000: 3164.150: [GC [PSYoungGen: 203168K->498K(198400K)] 643191K->440592K(885376K), 0.0069960 secs] [Times: user=0.05 sys=0.00, real=0.01 secs] 
2014-07-16T03:08:10.337+0000: 3164.876: [GC [PSYoungGen: 198386K->1018K(194624K)] 638480K->441160K(881600K), 0.0058650 secs] [Times: user=0.03 sys=0.00, real=0.00 secs] 
2014-07-16T03:08:11.047+0000: 3165.585: [GC [PSYoungGen: 194592K->594K(190144K)] 634735K->440784K(877120K), 0.0042940 secs] [Times: user=0.02 sys=0.00, real=0.00 secs] 
2014-07-16T03:08:11.835+0000: 3166.373: [GC [PSYoungGen: 190098K->498K(186048K)] 630288K->440736K(873024K), 0.0039800 secs] [Times: user=0.03 sys=0.00, real=0.01 secs] 
2014-07-16T03:08:12.514+0000: 3167.053: [GC [PSYoungGen: 186034K->512K(182208K)] 626272K->440838K(869184K), 0.0102790 secs] [Times: user=0.07 sys=0.00, real=0.01 secs] 
2014-07-16T03:08:13.186+0000: 3167.724: [GC [PSYoungGen: 182208K->466K(178496K)] 622534K->440840K(865472K), 0.0091940 secs] [Times: user=0.06 sys=0.00, real=0.01 secs] 
2014-07-16T03:08:13.835+0000: 3168.374: [GC [PSYoungGen: 178450K->772K(175232K)] 618824K->441234K(862208K), 0.0068100 secs] [Times: user=0.04 sys=0.01, real=0.00 secs] 
2014-07-16T03:08:14.468+0000: 3169.006: [GC [PSYoungGen: 175172K->1390K(172352K)] 615634K->441998K(859328K), 0.0053210 secs] [Times: user=0.02 sys=0.00, real=0.00 secs] 
2014-07-16T03:08:15.103+0000: 3169.642: [GC [PSYoungGen: 172334K->638K(205824K)] 612942K->441698K(892800K), 0.0083710 secs] [Times: user=0.05 sys=0.01, real=0.01 secs] 
2014-07-16T03:08:15.852+0000: 3170.391: [GC [PSYoungGen: 205822K->676K(201344K)] 646882K->441824K(888320K), 0.0050310 secs] [Times: user=0.04 sys=0.00, real=0.01 secs] 
2014-07-16T03:08:16.683+0000: 3171.221: [GC [PSYoungGen: 201297K->694K(241472K)] 642446K->441898K(928448K), 0.0129450 secs] [Times: user=0.07 sys=0.00, real=0.01 secs] 
2014-07-16T03:08:17.558+0000: 3172.097: [GC [PSYoungGen: 241438K->972K(277184K)] 682643K->442248K(964160K), 0.0106300 secs] [Times: user=0.06 sys=0.00, real=0.01 secs] 
2014-07-16T03:08:18.557+0000: 3173.096: [GC [PSYoungGen: 276601K->602K(269184K)] 717878K->441910K(956160K), 0.0057480 secs] [Times: user=0.03 sys=0.01, real=0.00 secs] 
2014-07-16T03:08:19.558+0000: 3174.097: [GC [PSYoungGen: 269146K->830K(262528K)] 710454K->442210K(949504K), 0.0085800 secs] [Times: user=0.07 sys=0.00, real=0.01 secs] 
2014-07-16T03:08:20.531+0000: 3175.069: [GC [PSYoungGen: 262519K->434K(255552K)] 703900K->441870K(942528K), 0.0077170 secs] [Times: user=0.04 sys=0.00, real=0.01 secs] 
2014-07-16T03:08:21.554+0000: 3176.093: [GC [PSYoungGen: 255538K->818K(249600K)] 696974K->442334K(936576K), 0.0048810 secs] [Times: user=0.03 sys=0.00, real=0.01 secs] 
2014-07-16T03:08:22.413+0000: 3176.951: [GC [PSYoungGen: 249586K->986K(243712K)] 691102K->442582K(930688K), 0.0063740 secs] [Times: user=0.04 sys=0.00, real=0.01 secs] 
2014-07-16T03:08:23.337+0000: 3177.875: [GC [PSYoungGen: 243674K->1164K(238080K)] 685270K->442824K(925056K), 0.0076730 secs] [Times: user=0.05 sys=0.00, real=0.01 secs] 
2014-07-16T03:08:24.186+0000: 3178.725: [GC [PSYoungGen: 238028K->544K(231808K)] 679688K->442252K(918784K), 0.0051410 secs] [Times: user=0.02 sys=0.00, real=0.01 secs] 
2014-07-16T03:08:25.039+0000: 3179.577: [GC [PSYoungGen: 231776K->658K(226496K)] 673484K->442422K(913472K), 0.0081900 secs] [Times: user=0.05 sys=0.00, real=0.00 secs] 
2014-07-16T03:08:25.855+0000: 3180.393: [GC [PSYoungGen: 226450K->584K(221184K)] 668214K->442428K(908160K), 0.0075170 secs] [Times: user=0.06 sys=0.00, real=0.01 secs] 
2014-07-16T03:08:26.744+0000: 3181.282: [GC [PSYoungGen: 221116K->1246K(216768K)] 662961K->443154K(903744K), 0.0067190 secs] [Times: user=0.03 sys=0.00, real=0.01 secs] 
2014-07-16T03:08:27.483+0000: 3182.022: [GC [PSYoungGen: 216734K->384K(211008K)] 658642K->442348K(897984K), 0.0063070 secs] [Times: user=0.04 sys=0.01, real=0.01 secs] 
2014-07-16T03:08:28.275+0000: 3182.814: [GC [PSYoungGen: 210991K->1168K(207104K)] 652955K->443196K(894080K), 0.0095570 secs] [Times: user=0.07 sys=0.00, real=0.01 secs] 
2014-07-16T03:08:29.035+0000: 3183.574: [GC [PSYoungGen: 207056K->594K(201984K)] 649084K->442718K(888960K), 0.0065050 secs] [Times: user=0.04 sys=0.00, real=0.01 secs] 
2014-07-16T03:08:29.822+0000: 3184.361: [GC [PSYoungGen: 201904K->990K(198016K)] 644029K->443218K(884992K), 0.0077970 secs] [Times: user=0.05 sys=0.00, real=0.01 secs] 
2014-07-16T03:08:30.547+0000: 3185.085: [GC [PSYoungGen: 197982K->790K(193600K)] 640210K->443098K(880576K), 0.0049870 secs] [Times: user=0.02 sys=0.00, real=0.01 secs] 
2014-07-16T03:08:31.236+0000: 3185.775: [GC [PSYoungGen: 193558K->1450K(190144K)] 635866K->443822K(877120K), 0.0070140 secs] [Times: user=0.03 sys=0.00, real=0.01 secs] 
2014-07-16T03:08:31.964+0000: 3186.503: [GC [PSYoungGen: 190120K->698K(185408K)] 632493K->443316K(872384K), 0.0063960 secs] [Times: user=0.04 sys=0.00, real=0.01 secs] 
2014-07-16T03:08:32.628+0000: 3187.167: [GC [PSYoungGen: 185402K->530K(222272K)] 628020K->443212K(909248K), 0.0160540 secs] [Times: user=0.11 sys=0.00, real=0.01 secs] 
2014-07-16T03:08:33.437+0000: 3187.976: [GC [PSYoungGen: 222225K->516K(266624K)] 664907K->443254K(953600K), 0.0069640 secs] [Times: user=0.03 sys=0.01, real=0.01 secs] 
2014-07-16T03:08:34.404+0000: 3188.942: [GC [PSYoungGen: 266524K->982K(278656K)] 709262K->443784K(965632K), 0.0073240 secs] [Times: user=0.05 sys=0.00, real=0.01 secs] 
2014-07-16T03:08:35.417+0000: 3189.955: [GC [PSYoungGen: 278038K->890K(270784K)] 720840K->443756K(957760K), 0.0070020 secs] [Times: user=0.03 sys=0.00, real=0.01 secs] 
2014-07-16T03:08:36.408+0000: 3190.947: [GC [PSYoungGen: 270734K->648K(263744K)] 713601K->443578K(950720K), 0.0088770 secs] [Times: user=0.05 sys=0.01, real=0.01 secs] 
2014-07-16T03:08:37.409+0000: 3191.948: [GC [PSYoungGen: 263688K->1036K(257536K)] 706618K->444062K(944512K), 0.0059670 secs] [Times: user=0.04 sys=0.00, real=0.00 secs] 
2014-07-16T03:08:38.379+0000: 3192.918: [GC [PSYoungGen: 257484K->648K(250816K)] 700510K->443722K(937792K), 0.0082910 secs] [Times: user=0.05 sys=0.00, real=0.00 secs] 
2014-07-16T03:08:39.307+0000: 3193.846: [GC [PSYoungGen: 250734K->758K(244736K)] 693809K->443928K(931712K), 0.0063920 secs] [Times: user=0.04 sys=0.00, real=0.01 secs] 
2014-07-16T03:08:40.277+0000: 3194.816: [GC [PSYoungGen: 244706K->958K(239040K)] 687877K->444224K(926016K), 0.0107300 secs] [Times: user=0.07 sys=0.00, real=0.01 secs] 
2014-07-16T03:08:41.131+0000: 3195.669: [GC [PSYoungGen: 239038K->662K(233088K)] 682304K->443976K(920064K), 0.0120180 secs] [Times: user=0.07 sys=0.00, real=0.01 secs] 
2014-07-16T03:08:41.983+0000: 3196.521: [GC [PSYoungGen: 233046K->1136K(228032K)] 676360K->444522K(915008K), 0.0046020 secs] [Times: user=0.02 sys=0.00, real=0.00 secs] 
2014-07-16T03:08:42.842+0000: 3197.381: [GC [PSYoungGen: 227967K->1014K(222656K)] 671354K->444636K(909632K), 0.0043850 secs] [Times: user=0.02 sys=0.00, real=0.00 secs] 
2014-07-16T03:08:43.642+0000: 3198.181: [GC [PSYoungGen: 222646K->930K(217472K)] 666268K->444616K(904448K), 0.0064770 secs] [Times: user=0.04 sys=0.00, real=0.00 secs] 
2014-07-16T03:08:44.460+0000: 3198.998: [GC [PSYoungGen: 217442K->1028K(212672K)] 661128K->444794K(899648K), 0.0122150 secs] [Times: user=0.07 sys=0.00, real=0.02 secs] 
2014-07-16T03:08:45.231+0000: 3199.769: [GC [PSYoungGen: 212612K->580K(254592K)] 656378K->444410K(941568K), 0.0092810 secs] [Times: user=0.06 sys=0.01, real=0.01 secs] 
2014-07-16T03:08:46.166+0000: 3200.704: [GC [PSYoungGen: 254532K->548K(248256K)] 698362K->444450K(935232K), 0.0075850 secs] [Times: user=0.05 sys=0.00, real=0.01 secs] 
2014-07-16T03:08:47.215+0000: 3201.754: [GC [PSYoungGen: 248228K->1444K(243136K)] 692130K->445426K(930112K), 0.0044310 secs] [Times: user=0.02 sys=0.00, real=0.00 secs] 
2014-07-16T03:08:48.062+0000: 3202.601: [GC [PSYoungGen: 243108K->908K(236800K)] 687090K->444954K(923776K), 0.0063380 secs] [Times: user=0.04 sys=0.00, real=0.00 secs] 
2014-07-16T03:08:48.935+0000: 3203.473: [GC [PSYoungGen: 236737K->616K(230848K)] 680784K->444726K(917824K), 0.0063550 secs] [Times: user=0.04 sys=0.00, real=0.01 secs] 
2014-07-16T03:08:49.791+0000: 3204.330: [GC [PSYoungGen: 230780K->1312K(226176K)] 674890K->445494K(913152K), 0.0039690 secs] [Times: user=0.02 sys=0.00, real=0.00 secs] 
2014-07-16T03:08:50.612+0000: 3205.151: [GC [PSYoungGen: 226144K->498K(220160K)] 670326K->444736K(907136K), 0.0063010 secs] [Times: user=0.04 sys=0.00, real=0.00 secs] 
2014-07-16T03:08:51.412+0000: 3205.951: [GC [PSYoungGen: 220146K->1326K(216000K)] 664384K->445652K(902976K), 0.0038050 secs] [Times: user=0.02 sys=0.00, real=0.00 secs] 
2014-07-16T03:08:52.251+0000: 3206.790: [GC [PSYoungGen: 215982K->580K(210432K)] 660308K->444994K(897408K), 0.0099460 secs] [Times: user=0.07 sys=0.00, real=0.01 secs] 
2014-07-16T03:08:53.004+0000: 3207.543: [GC [PSYoungGen: 210372K->1068K(206208K)] 654786K->445578K(893184K), 0.0096740 secs] [Times: user=0.06 sys=0.00, real=0.01 secs] 
2014-07-16T03:08:53.734+0000: 3208.273: [GC [PSYoungGen: 206188K->1340K(201920K)] 650698K->445954K(888896K), 0.0045890 secs] [Times: user=0.03 sys=0.00, real=0.00 secs] 
2014-07-16T03:08:54.468+0000: 3209.007: [GC [PSYoungGen: 201906K->940K(197184K)] 646520K->445642K(884160K), 0.0055040 secs] [Times: user=0.03 sys=0.00, real=0.01 secs] 
2014-07-16T03:08:55.205+0000: 3209.743: [GC [PSYoungGen: 197164K->740K(192768K)] 641866K->445538K(879744K), 0.0069690 secs] [Times: user=0.04 sys=0.01, real=0.00 secs] 
2014-07-16T03:08:55.908+0000: 3210.446: [GC [PSYoungGen: 192740K->448K(188352K)] 637538K->445294K(875328K), 0.0107490 secs] [Times: user=0.07 sys=0.00, real=0.01 secs] 
2014-07-16T03:08:56.604+0000: 3211.142: [GC [PSYoungGen: 188329K->694K(184704K)] 633176K->445612K(871680K), 0.0043300 secs] [Times: user=0.02 sys=0.00, real=0.00 secs] 
2014-07-16T03:08:57.334+0000: 3211.873: [GC [PSYoungGen: 184694K->840K(181120K)] 629612K->445822K(868096K), 0.0071100 secs] [Times: user=0.05 sys=0.00, real=0.00 secs] 
2014-07-16T03:08:58.017+0000: 3212.556: [GC [PSYoungGen: 181064K->944K(217280K)] 626046K->445982K(904256K), 0.0130930 secs] [Times: user=0.08 sys=0.00, real=0.01 secs] 
2014-07-16T03:08:58.822+0000: 3213.361: [GC [PSYoungGen: 217264K->798K(260416K)] 662302K->445892K(947392K), 0.0141530 secs] [Times: user=0.09 sys=0.00, real=0.01 secs] 
2014-07-16T03:08:59.788+0000: 3214.326: [GC [PSYoungGen: 260382K->562K(302208K)] 705476K->445744K(989184K), 0.0061490 secs] [Times: user=0.04 sys=0.00, real=0.01 secs] 
2014-07-16T03:09:00.909+0000: 3215.448: [GC [PSYoungGen: 301201K->840K(313088K)] 746384K->446110K(1000064K), 0.0073660 secs] [Times: user=0.04 sys=0.00, real=0.01 secs] 
2014-07-16T03:09:02.154+0000: 3216.693: [GC [PSYoungGen: 312449K->990K(304128K)] 757720K->446332K(991104K), 0.0073750 secs] [Times: user=0.05 sys=0.00, real=0.00 secs] 
2014-07-16T03:09:03.226+0000: 3217.765: [GC [PSYoungGen: 304094K->420K(295424K)] 749436K->446249K(982400K), 0.0083670 secs] [Times: user=0.04 sys=0.00, real=0.01 secs] 
2014-07-16T03:09:04.286+0000: 3218.825: [GC [PSYoungGen: 295393K->1226K(288448K)] 741222K->447143K(975424K), 0.0044410 secs] [Times: user=0.03 sys=0.00, real=0.00 secs] 
2014-07-16T03:09:05.339+0000: 3219.878: [GC [PSYoungGen: 288394K->1058K(280704K)] 734311K->447187K(967680K), 0.0072760 secs] [Times: user=0.04 sys=0.00, real=0.01 secs] 
2014-07-16T03:09:06.353+0000: 3220.892: [GC [PSYoungGen: 280674K->944K(273344K)] 726803K->447129K(960320K), 0.0039090 secs] [Times: user=0.02 sys=0.00, real=0.00 secs] 
2014-07-16T03:09:07.489+0000: 3222.028: [GC [PSYoungGen: 273310K->934K(266368K)] 719495K->447247K(953344K), 0.0042330 secs] [Times: user=0.03 sys=0.00, real=0.01 secs] 
2014-07-16T03:09:08.465+0000: 3223.004: [GC [PSYoungGen: 266342K->1186K(259904K)] 712655K->447611K(946880K), 0.0037020 secs] [Times: user=0.02 sys=0.01, real=0.00 secs] 
2014-07-16T03:09:09.460+0000: 3223.998: [GC [PSYoungGen: 259849K->806K(253056K)] 706274K->448283K(940032K), 0.0036560 secs] [Times: user=0.02 sys=0.01, real=0.00 secs] 
2014-07-16T03:09:10.363+0000: 3224.901: [GC [PSYoungGen: 252989K->1540K(247616K)] 700466K->449097K(934592K), 0.0037090 secs] [Times: user=0.02 sys=0.00, real=0.01 secs] 
2014-07-16T03:09:11.280+0000: 3225.819: [GC [PSYoungGen: 247556K->644K(240768K)] 695113K->448613K(927744K), 0.0115440 secs] [Times: user=0.07 sys=0.00, real=0.01 secs] 
2014-07-16T03:09:12.266+0000: 3226.805: [GC [PSYoungGen: 240614K->1688K(236032K)] 688584K->449729K(923008K), 0.0043620 secs] [Times: user=0.02 sys=0.01, real=0.00 secs] 
2014-07-16T03:09:13.105+0000: 3227.644: [GC [PSYoungGen: 235973K->994K(229760K)] 684014K->449131K(916736K), 0.0068080 secs] [Times: user=0.05 sys=0.00, real=0.00 secs] 
2014-07-16T03:09:13.941+0000: 3228.479: [GC [PSYoungGen: 229698K->1054K(224448K)] 677835K->449287K(911424K), 0.0086190 secs] [Times: user=0.05 sys=0.01, real=0.01 secs] 
2014-07-16T03:09:14.785+0000: 3229.323: [GC [PSYoungGen: 224414K->1260K(219456K)] 672647K->449557K(906432K), 0.0087180 secs] [Times: user=0.04 sys=0.00, real=0.01 secs] 
2014-07-16T03:09:15.565+0000: 3230.104: [GC [PSYoungGen: 219436K->580K(213824K)] 667733K->448933K(900800K), 0.0072970 secs] [Times: user=0.05 sys=0.00, real=0.00 secs] 
2014-07-16T03:09:16.355+0000: 3230.894: [GC [PSYoungGen: 213764K->1772K(210176K)] 662117K->450213K(897152K), 0.0106800 secs] [Times: user=0.06 sys=0.00, real=0.02 secs] 
2014-07-16T03:09:17.119+0000: 3231.658: [GC [PSYoungGen: 210151K->1254K(205056K)] 658593K->449775K(892032K), 0.0062690 secs] [Times: user=0.04 sys=0.00, real=0.01 secs] 
2014-07-16T03:09:17.945+0000: 3232.484: [GC [PSYoungGen: 205030K->972K(200320K)] 653551K->449533K(887296K), 0.0076670 secs] [Times: user=0.03 sys=0.00, real=0.00 secs] 
2014-07-16T03:09:18.694+0000: 3233.232: [GC [PSYoungGen: 200268K->912K(195968K)] 648829K->449545K(882944K), 0.0046130 secs] [Times: user=0.03 sys=0.00, real=0.01 secs] 
2014-07-16T03:09:19.410+0000: 3233.949: [GC [PSYoungGen: 195913K->1068K(191936K)] 644546K->449797K(878912K), 0.0059900 secs] [Times: user=0.03 sys=0.00, real=0.01 secs] 
2014-07-16T03:09:20.117+0000: 3234.656: [GC [PSYoungGen: 191916K->1204K(188032K)] 640645K->450013K(875008K), 0.0048150 secs] [Times: user=0.02 sys=0.00, real=0.00 secs] 
2014-07-16T03:09:20.796+0000: 3235.334: [GC [PSYoungGen: 187975K->562K(183488K)] 636785K->449427K(870464K), 0.0094210 secs] [Times: user=0.05 sys=0.00, real=0.01 secs] 
2014-07-16T03:09:21.514+0000: 3236.052: [GC [PSYoungGen: 183448K->1258K(180416K)] 632313K->450227K(867392K), 0.0052820 secs] [Times: user=0.03 sys=0.01, real=0.01 secs] 
2014-07-16T03:09:22.153+0000: 3236.691: [GC [PSYoungGen: 180358K->1086K(216064K)] 629327K->450119K(903040K), 0.0112210 secs] [Times: user=0.07 sys=0.00, real=0.01 secs] 
2014-07-16T03:09:22.996+0000: 3237.534: [GC [PSYoungGen: 216062K->612K(210752K)] 665095K->449709K(897728K), 0.0053840 secs] [Times: user=0.02 sys=0.00, real=0.01 secs] 
2014-07-16T03:09:23.757+0000: 3238.296: [GC [PSYoungGen: 210724K->1136K(253312K)] 659821K->450321K(940288K), 0.0193110 secs] [Times: user=0.12 sys=0.00, real=0.02 secs] 
2014-07-16T03:09:24.710+0000: 3239.248: [GC [PSYoungGen: 253296K->1550K(295168K)] 702481K->450783K(982144K), 0.0102010 secs] [Times: user=0.06 sys=0.00, real=0.01 secs] 
2014-07-16T03:09:25.768+0000: 3240.306: [GC [PSYoungGen: 294990K->1108K(304512K)] 744223K->450421K(991488K), 0.0034800 secs] [Times: user=0.03 sys=0.00, real=0.00 secs] 
2014-07-16T03:09:26.856+0000: 3241.395: [GC [PSYoungGen: 303764K->826K(295360K)] 753077K->450195K(982336K), 0.0083360 secs] [Times: user=0.05 sys=0.00, real=0.00 secs] 
2014-07-16T03:09:27.974+0000: 3242.512: [GC [PSYoungGen: 295285K->726K(287488K)] 744654K->450151K(974464K), 0.0109520 secs] [Times: user=0.06 sys=0.00, real=0.01 secs] 
2014-07-16T03:09:29.042+0000: 3243.581: [GC [PSYoungGen: 287446K->1150K(280384K)] 736871K->450647K(967360K), 0.0094990 secs] [Times: user=0.07 sys=0.00, real=0.01 secs] 
2014-07-16T03:09:30.056+0000: 3244.594: [GC [PSYoungGen: 280382K->1454K(273472K)] 729879K->451039K(960448K), 0.0086280 secs] [Times: user=0.06 sys=0.00, real=0.01 secs] 
2014-07-16T03:09:31.086+0000: 3245.624: [GC [PSYoungGen: 273454K->816K(265856K)] 723039K->450433K(952832K), 0.0131330 secs] [Times: user=0.07 sys=0.00, real=0.02 secs] 
2014-07-16T03:09:32.113+0000: 3246.652: [GC [PSYoungGen: 265824K->876K(259264K)] 715441K->450589K(946240K), 0.0072460 secs] [Times: user=0.05 sys=0.00, real=0.01 secs] 
2014-07-16T03:09:33.135+0000: 3247.674: [GC [PSYoungGen: 259244K->1554K(253504K)] 708957K->451331K(940480K), 0.0089550 secs] [Times: user=0.05 sys=0.00, real=0.01 secs] 
2014-07-16T03:09:34.092+0000: 3248.631: [GC [PSYoungGen: 253458K->662K(246400K)] 703235K->450487K(933376K), 0.0111320 secs] [Times: user=0.05 sys=0.00, real=0.01 secs] 
2014-07-16T03:09:34.994+0000: 3249.533: [GC [PSYoungGen: 246358K->794K(240576K)] 696183K->450675K(927552K), 0.0071550 secs] [Times: user=0.04 sys=0.00, real=0.01 secs] 
2014-07-16T03:09:35.914+0000: 3250.452: [GC [PSYoungGen: 240538K->1044K(235072K)] 690419K->450981K(922048K), 0.0099860 secs] [Times: user=0.05 sys=0.01, real=0.01 secs] 
2014-07-16T03:09:36.781+0000: 3251.319: [GC [PSYoungGen: 235028K->776K(229312K)] 684965K->450761K(916288K), 0.0048310 secs] [Times: user=0.03 sys=0.00, real=0.00 secs] 
2014-07-16T03:09:37.692+0000: 3252.231: [GC [PSYoungGen: 229256K->1696K(224896K)] 679241K->451873K(911872K), 0.0063240 secs] [Times: user=0.04 sys=0.00, real=0.01 secs] 
2014-07-16T03:09:38.502+0000: 3253.040: [GC [PSYoungGen: 224864K->1044K(219136K)] 675041K->451277K(906112K), 0.0111790 secs] [Times: user=0.06 sys=0.00, real=0.01 secs] 
2014-07-16T03:09:39.329+0000: 3253.868: [GC [PSYoungGen: 219092K->1214K(214272K)] 669325K->451583K(901248K), 0.0045160 secs] [Times: user=0.02 sys=0.00, real=0.00 secs] 
2014-07-16T03:09:40.093+0000: 3254.632: [GC [PSYoungGen: 214270K->898K(209216K)] 664639K->451339K(896192K), 0.0100370 secs] [Times: user=0.06 sys=0.00, real=0.01 secs] 
2014-07-16T03:09:40.856+0000: 3255.395: [GC [PSYoungGen: 209145K->994K(204672K)] 659586K->451581K(891648K), 0.0064330 secs] [Times: user=0.04 sys=0.00, real=0.01 secs] 
2014-07-16T03:09:41.638+0000: 3256.177: [GC [PSYoungGen: 204642K->918K(245376K)] 655229K->451577K(932352K), 0.0106790 secs] [Times: user=0.06 sys=0.00, real=0.01 secs] 
2014-07-16T03:09:42.491+0000: 3257.029: [GC [PSYoungGen: 245334K->402K(238976K)] 695993K->451125K(925952K), 0.0070300 secs] [Times: user=0.04 sys=0.01, real=0.00 secs] 
2014-07-16T03:09:43.392+0000: 3257.930: [GC [PSYoungGen: 238930K->1176K(234048K)] 689653K->451963K(921024K), 0.0090580 secs] [Times: user=0.06 sys=0.00, real=0.01 secs] 
2014-07-16T03:09:44.233+0000: 3258.772: [GC [PSYoungGen: 234008K->1012K(228352K)] 684795K->451847K(915328K), 0.0085070 secs] [Times: user=0.06 sys=0.00, real=0.01 secs] 
2014-07-16T03:09:45.098+0000: 3259.637: [GC [PSYoungGen: 228340K->1476K(274368K)] 679175K->452351K(961344K), 0.0120070 secs] [Times: user=0.07 sys=0.00, real=0.02 secs] 
2014-07-16T03:09:46.104+0000: 3260.643: [GC [PSYoungGen: 274308K->948K(266816K)] 725183K->452169K(953792K), 0.0044500 secs] [Times: user=0.03 sys=0.00, real=0.00 secs] 
2014-07-16T03:09:47.061+0000: 3261.600: [GC [PSYoungGen: 266768K->1610K(260800K)] 717990K->452887K(947776K), 0.0088930 secs] [Times: user=0.05 sys=0.00, real=0.01 secs] 
2014-07-16T03:09:48.128+0000: 3262.667: [GC [PSYoungGen: 260652K->1098K(253824K)] 711930K->452415K(940800K), 0.0060590 secs] [Times: user=0.03 sys=0.00, real=0.01 secs] 
2014-07-16T03:09:49.006+0000: 3263.544: [GC [PSYoungGen: 253761K->644K(286848K)] 705079K->452033K(973824K), 0.0147960 secs] [Times: user=0.09 sys=0.00, real=0.02 secs] 
2014-07-16T03:09:50.076+0000: 3264.615: [GC [PSYoungGen: 285572K->1100K(278656K)] 736961K->452561K(965632K), 0.0068580 secs] [Times: user=0.05 sys=0.00, real=0.01 secs] 
2014-07-16T03:09:51.123+0000: 3265.661: [GC [PSYoungGen: 278604K->1030K(271424K)] 730065K->452547K(958400K), 0.0047320 secs] [Times: user=0.03 sys=0.01, real=0.00 secs] 
2014-07-16T03:09:52.223+0000: 3266.762: [GC [PSYoungGen: 271366K->1226K(264704K)] 722883K->452831K(951680K), 0.0070460 secs] [Times: user=0.04 sys=0.00, real=0.01 secs] 
2014-07-16T03:09:53.212+0000: 3267.751: [GC [PSYoungGen: 264650K->772K(257600K)] 716255K->452433K(944576K), 0.0147650 secs] [Times: user=0.09 sys=0.00, real=0.01 secs] 
2014-07-16T03:09:54.154+0000: 3268.693: [GC [PSYoungGen: 257503K->434K(250816K)] 709165K->452151K(937792K), 0.0033510 secs] [Times: user=0.02 sys=0.00, real=0.00 secs] 
2014-07-16T03:09:55.080+0000: 3269.618: [GC [PSYoungGen: 250802K->966K(245248K)] 702519K->452755K(932224K), 0.0073880 secs] [Times: user=0.05 sys=0.00, real=0.01 secs] 
2014-07-16T03:09:55.967+0000: 3270.505: [GC [PSYoungGen: 245190K->1140K(239488K)] 696979K->453041K(926464K), 0.0070160 secs] [Times: user=0.05 sys=0.00, real=0.01 secs] 
2014-07-16T03:09:56.833+0000: 3271.371: [GC [PSYoungGen: 239476K->598K(233280K)] 691377K->452547K(920256K), 0.0092360 secs] [Times: user=0.05 sys=0.00, real=0.01 secs] 
2014-07-16T03:09:57.718+0000: 3272.257: [GC [PSYoungGen: 233238K->676K(227840K)] 685187K->452681K(914816K), 0.0098740 secs] [Times: user=0.05 sys=0.00, real=0.01 secs] 
2014-07-16T03:09:58.583+0000: 3273.121: [GC [PSYoungGen: 227812K->726K(222592K)] 679817K->452835K(909568K), 0.0055640 secs] [Times: user=0.04 sys=0.00, real=0.00 secs] 
2014-07-16T03:09:59.409+0000: 3273.948: [GC [PSYoungGen: 222529K->972K(217728K)] 674639K->453161K(904704K), 0.0080060 secs] [Times: user=0.05 sys=0.00, real=0.01 secs] 
2014-07-16T03:10:00.240+0000: 3274.779: [GC [PSYoungGen: 217672K->1096K(212928K)] 669861K->453389K(899904K), 0.0089890 secs] [Times: user=0.05 sys=0.00, real=0.01 secs] 
2014-07-16T03:10:01.011+0000: 3275.550: [GC [PSYoungGen: 212872K->740K(207808K)] 665165K->453113K(894784K), 0.0065040 secs] [Times: user=0.04 sys=0.00, real=0.01 secs] 
2014-07-16T03:10:01.766+0000: 3276.305: [GC [PSYoungGen: 207736K->626K(249088K)] 660110K->453063K(936064K), 0.0109750 secs] [Times: user=0.06 sys=0.00, real=0.01 secs] 
2014-07-16T03:10:02.739+0000: 3277.278: [GC [PSYoungGen: 249074K->612K(243008K)] 701511K->453137K(929984K), 0.0039120 secs] [Times: user=0.03 sys=0.00, real=0.01 secs] 
2014-07-16T03:10:03.641+0000: 3278.180: [GC [PSYoungGen: 242980K->694K(237248K)] 695505K->453291K(924224K), 0.0053320 secs] [Times: user=0.02 sys=0.01, real=0.01 secs] 
2014-07-16T03:10:04.493+0000: 3279.032: [GC [PSYoungGen: 237238K->716K(231680K)] 689835K->453369K(918656K), 0.0065220 secs] [Times: user=0.03 sys=0.00, real=0.00 secs] 
2014-07-16T03:10:05.347+0000: 3279.886: [GC [PSYoungGen: 231589K->530K(226048K)] 684243K->453247K(913024K), 0.0080480 secs] [Times: user=0.04 sys=0.00, real=0.01 secs] 
2014-07-16T03:10:06.187+0000: 3280.726: [GC [PSYoungGen: 225996K->662K(220928K)] 678713K->453427K(907904K), 0.0126190 secs] [Times: user=0.09 sys=0.00, real=0.01 secs] 
2014-07-16T03:10:06.987+0000: 3281.526: [GC [PSYoungGen: 220840K->744K(265088K)] 673605K->453557K(952064K), 0.0088880 secs] [Times: user=0.05 sys=0.01, real=0.01 secs] 
2014-07-16T03:10:08.077+0000: 3282.615: [GC [PSYoungGen: 265024K->1074K(258752K)] 717837K->453983K(945728K), 0.0082650 secs] [Times: user=0.06 sys=0.00, real=0.01 secs] 
2014-07-16T03:10:08.970+0000: 3283.509: [GC [PSYoungGen: 258690K->548K(251840K)] 711600K->453521K(938816K), 0.0103270 secs] [Times: user=0.06 sys=0.00, real=0.01 secs] 
2014-07-16T03:10:09.887+0000: 3284.426: [GC [PSYoungGen: 251792K->416K(245568K)] 704766K->453477K(932544K), 0.0061220 secs] [Times: user=0.04 sys=0.00, real=0.01 secs] 
2014-07-16T03:10:10.780+0000: 3285.319: [GC [PSYoungGen: 245536K->1022K(240192K)] 698597K->454163K(927168K), 0.0106020 secs] [Times: user=0.06 sys=0.00, real=0.01 secs] 
2014-07-16T03:10:11.681+0000: 3286.220: [GC [PSYoungGen: 240190K->530K(234048K)] 693331K->453735K(921024K), 0.0073650 secs] [Times: user=0.05 sys=0.01, real=0.01 secs] 
2014-07-16T03:10:12.653+0000: 3287.192: [GC [PSYoungGen: 233999K->1382K(229376K)] 687204K->454635K(916352K), 0.0039210 secs] [Times: user=0.02 sys=0.00, real=0.00 secs] 
2014-07-16T03:10:13.487+0000: 3288.026: [GC [PSYoungGen: 229350K->626K(223296K)] 682603K->453935K(910272K), 0.0077200 secs] [Times: user=0.03 sys=0.00, real=0.01 secs] 
2014-07-16T03:10:14.296+0000: 3288.834: [GC [PSYoungGen: 223282K->470K(267712K)] 676591K->453819K(954688K), 0.0128980 secs] [Times: user=0.08 sys=0.00, real=0.01 secs] 
2014-07-16T03:10:15.289+0000: 3289.827: [GC [PSYoungGen: 267670K->1130K(261568K)] 721019K->454535K(948544K), 0.0089780 secs] [Times: user=0.06 sys=0.00, real=0.01 secs] 
2014-07-16T03:10:16.256+0000: 3290.794: [GC [PSYoungGen: 261546K->780K(254720K)] 714951K->454265K(941696K), 0.0103270 secs] [Times: user=0.07 sys=0.00, real=0.01 secs] 
2014-07-16T03:10:17.190+0000: 3291.728: [GC [PSYoungGen: 254668K->1108K(248768K)] 708153K->454657K(935744K), 0.0091780 secs] [Times: user=0.06 sys=0.00, real=0.01 secs] 
2014-07-16T03:10:18.213+0000: 3292.751: [GC [PSYoungGen: 248700K->914K(284160K)] 702250K->454495K(971136K), 0.0123180 secs] [Times: user=0.07 sys=0.00, real=0.02 secs] 
2014-07-16T03:10:19.257+0000: 3293.796: [GC [PSYoungGen: 283474K->1278K(298560K)] 737055K->454931K(985536K), 0.0157220 secs] [Times: user=0.10 sys=0.01, real=0.01 secs] 
2014-07-16T03:10:20.353+0000: 3294.891: [GC [PSYoungGen: 298302K->566K(298688K)] 751955K->454275K(985664K), 0.0077200 secs] [Times: user=0.05 sys=0.01, real=0.01 secs] 
2014-07-16T03:10:21.453+0000: 3295.992: [GC [PSYoungGen: 297590K->594K(289728K)] 751299K->454399K(976704K), 0.0090270 secs] [Times: user=0.06 sys=0.00, real=0.01 secs] 
2014-07-16T03:10:22.522+0000: 3297.061: [GC [PSYoungGen: 289682K->1394K(282880K)] 743487K->455255K(969856K), 0.0078640 secs] [Times: user=0.05 sys=0.00, real=0.01 secs] 
2014-07-16T03:10:23.710+0000: 3298.249: [GC [PSYoungGen: 282833K->876K(275072K)] 736695K->454825K(962048K), 0.0038760 secs] [Times: user=0.02 sys=0.01, real=0.00 secs] 
2014-07-16T03:10:24.704+0000: 3299.243: [GC [PSYoungGen: 275052K->580K(267776K)] 729001K->454585K(954752K), 0.0078280 secs] [Times: user=0.05 sys=0.00, real=0.01 secs] 
2014-07-16T03:10:25.672+0000: 3300.210: [GC [PSYoungGen: 267716K->694K(261056K)] 721721K->454771K(948032K), 0.0074010 secs] [Times: user=0.05 sys=0.00, real=0.01 secs] 
2014-07-16T03:10:26.632+0000: 3301.171: [GC [PSYoungGen: 261005K->1182K(255040K)] 715083K->455331K(942016K), 0.0043030 secs] [Times: user=0.02 sys=0.00, real=0.01 secs] 
2014-07-16T03:10:27.536+0000: 3302.075: [GC [PSYoungGen: 255006K->562K(248128K)] 709155K->454759K(935104K), 0.0124740 secs] [Times: user=0.07 sys=0.00, real=0.01 secs] 
2014-07-16T03:10:28.512+0000: 3303.051: [GC [PSYoungGen: 248101K->898K(242496K)] 702298K->455119K(929472K), 0.0059170 secs] [Times: user=0.02 sys=0.00, real=0.01 secs] 
2014-07-16T03:10:29.384+0000: 3303.923: [GC [PSYoungGen: 242434K->748K(290624K)] 696655K->455017K(977600K), 0.0151440 secs] [Times: user=0.11 sys=0.00, real=0.02 secs] 
2014-07-16T03:10:30.456+0000: 3304.995: [GC [PSYoungGen: 290604K->1000K(348864K)] 744873K->455349K(1035840K), 0.0125430 secs] [Times: user=0.08 sys=0.01, real=0.01 secs] 
2014-07-16T03:10:31.740+0000: 3306.278: [GC [PSYoungGen: 348840K->708K(338624K)] 803189K->455113K(1025600K), 0.0041010 secs] [Times: user=0.01 sys=0.00, real=0.00 secs] 
2014-07-16T03:10:33.024+0000: 3307.563: [GC [PSYoungGen: 338526K->990K(329344K)] 792932K->455467K(1016320K), 0.0083140 secs] [Times: user=0.05 sys=0.01, real=0.01 secs] 
2014-07-16T03:10:34.309+0000: 3308.848: [GC [PSYoungGen: 329212K->1198K(320384K)] 783689K->455955K(1007360K), 0.0058700 secs] [Times: user=0.04 sys=0.01, real=0.00 secs] 
2014-07-16T03:10:35.485+0000: 3310.023: [GC [PSYoungGen: 320366K->790K(311232K)] 775123K->455611K(998208K), 0.0050290 secs] [Times: user=0.03 sys=0.00, real=0.01 secs] 
2014-07-16T03:10:36.614+0000: 3311.153: [GC [PSYoungGen: 311190K->816K(302784K)] 766011K->455685K(989760K), 0.0080730 secs] [Times: user=0.05 sys=0.00, real=0.01 secs] 
2014-07-16T03:10:37.725+0000: 3312.263: [GC [PSYoungGen: 302739K->794K(294656K)] 757608K->455751K(981632K), 0.0071560 secs] [Times: user=0.05 sys=0.00, real=0.01 secs] 
2014-07-16T03:10:38.856+0000: 3313.395: [GC [PSYoungGen: 294618K->1394K(287424K)] 749575K->456407K(974400K), 0.0073180 secs] [Times: user=0.05 sys=0.00, real=0.01 secs] 
2014-07-16T03:10:39.878+0000: 3314.417: [GC [PSYoungGen: 287410K->852K(279424K)] 742423K->455921K(966400K), 0.0075960 secs] [Times: user=0.05 sys=0.00, real=0.00 secs] 
2014-07-16T03:10:40.901+0000: 3315.440: [GC [PSYoungGen: 279380K->958K(272256K)] 734449K->456131K(959232K), 0.0061280 secs] [Times: user=0.05 sys=0.00, real=0.00 secs] 
2014-07-16T03:10:41.906+0000: 3316.445: [GC [PSYoungGen: 272254K->730K(265152K)] 727427K->455959K(952128K), 0.0097310 secs] [Times: user=0.06 sys=0.00, real=0.01 secs] 
2014-07-16T03:10:42.880+0000: 3317.419: [GC [PSYoungGen: 265114K->612K(258368K)] 720343K->455913K(945344K), 0.0060440 secs] [Times: user=0.03 sys=0.00, real=0.00 secs] 
2014-07-16T03:10:44.036+0000: 3318.574: [GC [PSYoungGen: 258314K->1168K(252544K)] 713615K->456525K(939520K), 0.0162460 secs] [Times: user=0.10 sys=0.00, real=0.02 secs] 
2014-07-16T03:10:44.891+0000: 3319.430: [GC [PSYoungGen: 252496K->886K(246080K)] 707853K->456323K(933056K), 0.0047130 secs] [Times: user=0.02 sys=0.00, real=0.00 secs] 
2014-07-16T03:10:45.793+0000: 3320.331: [GC [PSYoungGen: 246070K->680K(239936K)] 701507K->456173K(926912K), 0.0044470 secs] [Times: user=0.02 sys=0.00, real=0.00 secs] 
2014-07-16T03:10:46.675+0000: 3321.214: [GC [PSYoungGen: 239912K->932K(234496K)] 695405K->456497K(921472K), 0.0080820 secs] [Times: user=0.05 sys=0.00, real=0.01 secs] 
2014-07-16T03:10:47.580+0000: 3322.119: [GC [PSYoungGen: 234451K->1450K(229504K)] 690016K->457119K(916480K), 0.0066150 secs] [Times: user=0.03 sys=0.00, real=0.00 secs] 
2014-07-16T03:10:48.372+0000: 3322.911: [GC [PSYoungGen: 229430K->552K(223296K)] 685100K->456536K(910272K), 0.0043480 secs] [Times: user=0.03 sys=0.01, real=0.00 secs] 
2014-07-16T03:10:49.182+0000: 3323.721: [GC [PSYoungGen: 223238K->844K(218496K)] 679222K->456908K(905472K), 0.0072540 secs] [Times: user=0.05 sys=0.00, real=0.01 secs] 
2014-07-16T03:10:49.973+0000: 3324.511: [GC [PSYoungGen: 218444K->880K(213568K)] 674508K->457200K(900544K), 0.0059350 secs] [Times: user=0.01 sys=0.00, real=0.00 secs] 
2014-07-16T03:10:50.743+0000: 3325.282: [GC [PSYoungGen: 213493K->1018K(208896K)] 669813K->457378K(895872K), 0.0056660 secs] [Times: user=0.01 sys=0.00, real=0.00 secs] 
2014-07-16T03:10:51.512+0000: 3326.050: [GC [PSYoungGen: 208890K->690K(203968K)] 665250K->457122K(890944K), 0.0044020 secs] [Times: user=0.02 sys=0.00, real=0.00 secs] 
2014-07-16T03:10:52.280+0000: 3326.819: [GC [PSYoungGen: 203934K->1096K(199936K)] 660366K->457600K(886912K), 0.0121030 secs] [Times: user=0.06 sys=0.01, real=0.01 secs] 
2014-07-16T03:10:53.027+0000: 3327.566: [GC [PSYoungGen: 199880K->1148K(239744K)] 656384K->457948K(926720K), 0.0197300 secs] [Times: user=0.11 sys=0.00, real=0.02 secs] 
2014-07-16T03:10:54.034+0000: 3328.573: [GC [PSYoungGen: 239740K->990K(287360K)] 696540K->457846K(974336K), 0.0108670 secs] [Times: user=0.06 sys=0.00, real=0.01 secs] 
2014-07-16T03:10:55.092+0000: 3329.631: [GC [PSYoungGen: 287326K->1008K(336960K)] 744182K->458018K(1023936K), 0.0071270 secs] [Times: user=0.04 sys=0.00, real=0.00 secs] 
2014-07-16T03:10:56.327+0000: 3330.866: [GC [PSYoungGen: 336880K->580K(327040K)] 793890K->457662K(1014016K), 0.0069900 secs] [Times: user=0.05 sys=0.00, real=0.01 secs] 
2014-07-16T03:10:57.551+0000: 3332.090: [GC [PSYoungGen: 326975K->954K(318272K)] 784058K->458132K(1005248K), 0.0058340 secs] [Times: user=0.03 sys=0.00, real=0.00 secs] 
2014-07-16T03:10:58.816+0000: 3333.354: [GC [PSYoungGen: 318266K->1028K(309696K)] 775444K->458278K(996672K), 0.0060970 secs] [Times: user=0.04 sys=0.00, real=0.01 secs] 
2014-07-16T03:10:59.948+0000: 3334.487: [GC [PSYoungGen: 309636K->940K(301184K)] 766886K->458412K(988160K), 0.0164680 secs] [Times: user=0.09 sys=0.00, real=0.02 secs] 
2014-07-16T03:11:01.078+0000: 3335.617: [GC [PSYoungGen: 301164K->726K(292928K)] 758636K->458262K(979904K), 0.0076490 secs] [Times: user=0.04 sys=0.00, real=0.01 secs] 
2014-07-16T03:11:02.172+0000: 3336.711: [GC [PSYoungGen: 292886K->1176K(285632K)] 750422K->458776K(972608K), 0.0087690 secs] [Times: user=0.04 sys=0.00, real=0.00 secs] 
2014-07-16T03:11:03.220+0000: 3337.759: [GC [PSYoungGen: 285572K->1086K(278080K)] 743172K->458766K(965056K), 0.0093470 secs] [Times: user=0.04 sys=0.00, real=0.01 secs] 
2014-07-16T03:11:04.338+0000: 3338.877: [GC [PSYoungGen: 278055K->816K(270656K)] 735736K->458934K(957632K), 0.0149930 secs] [Times: user=0.09 sys=0.00, real=0.02 secs] 
2014-07-16T03:11:05.302+0000: 3339.841: [GC [PSYoungGen: 270640K->1226K(264256K)] 728758K->459408K(951232K), 0.0084480 secs] [Times: user=0.06 sys=0.00, real=0.00 secs] 
2014-07-16T03:11:06.267+0000: 3340.806: [GC [PSYoungGen: 264202K->576K(256960K)] 722384K->458946K(943936K), 0.0075740 secs] [Times: user=0.05 sys=0.00, real=0.01 secs] 
2014-07-16T03:11:07.230+0000: 3341.768: [GC [PSYoungGen: 256946K->1064K(308800K)] 715317K->459530K(995776K), 0.0167930 secs] [Times: user=0.11 sys=0.00, real=0.02 secs] 
2014-07-16T03:11:08.350+0000: 3342.889: [GC [PSYoungGen: 308776K->722K(300160K)] 767242K->459260K(987136K), 0.0057390 secs] [Times: user=0.02 sys=0.01, real=0.01 secs] 
2014-07-16T03:11:09.483+0000: 3344.022: [GC [PSYoungGen: 300088K->1058K(292480K)] 758627K->459676K(979456K), 0.0060730 secs] [Times: user=0.03 sys=0.01, real=0.00 secs] 
2014-07-16T03:11:10.552+0000: 3345.091: [GC [PSYoungGen: 292450K->1172K(284928K)] 751068K->459878K(971904K), 0.0036070 secs] [Times: user=0.02 sys=0.00, real=0.00 secs] 
2014-07-16T03:11:11.584+0000: 3346.123: [GC [PSYoungGen: 284884K->748K(277056K)] 743590K->459510K(964032K), 0.0041490 secs] [Times: user=0.02 sys=0.00, real=0.00 secs] 
2014-07-16T03:11:12.635+0000: 3347.174: [GC [PSYoungGen: 277036K->676K(269888K)] 735798K->459494K(956864K), 0.0103040 secs] [Times: user=0.07 sys=0.01, real=0.01 secs] 
2014-07-16T03:11:13.633+0000: 3348.172: [GC [PSYoungGen: 269860K->1090K(263488K)] 728678K->459972K(950464K), 0.0125760 secs] [Times: user=0.07 sys=0.00, real=0.01 secs] 
2014-07-16T03:11:14.761+0000: 3349.299: [GC [PSYoungGen: 263426K->994K(256768K)] 722308K->459964K(943744K), 0.0075510 secs] [Times: user=0.05 sys=0.00, real=0.01 secs] 
2014-07-16T03:11:15.665+0000: 3350.203: [GC [PSYoungGen: 256738K->416K(249856K)] 715708K->459442K(936832K), 0.0083580 secs] [Times: user=0.06 sys=0.00, real=0.01 secs] 
2014-07-16T03:11:16.580+0000: 3351.118: [GC [PSYoungGen: 249824K->744K(244096K)] 708850K->459842K(931072K), 0.0069280 secs] [Times: user=0.05 sys=0.00, real=0.01 secs] 
2014-07-16T03:11:17.469+0000: 3352.008: [GC [PSYoungGen: 244072K->744K(238208K)] 703170K->459906K(925184K), 0.0040210 secs] [Times: user=0.01 sys=0.00, real=0.01 secs] 
2014-07-16T03:11:18.331+0000: 3352.869: [GC [PSYoungGen: 238184K->748K(232576K)] 697346K->459974K(919552K), 0.0088150 secs] [Times: user=0.06 sys=0.00, real=0.01 secs] 
2014-07-16T03:11:19.261+0000: 3353.800: [GC [PSYoungGen: 232556K->1448K(227840K)] 691782K->460896K(914816K), 0.0083610 secs] [Times: user=0.05 sys=0.01, real=0.01 secs] 
2014-07-16T03:11:20.089+0000: 3354.627: [GC [PSYoungGen: 227816K->748K(221888K)] 687264K->460566K(908864K), 0.0088320 secs] [Times: user=0.06 sys=0.00, real=0.01 secs] 
2014-07-16T03:11:20.883+0000: 3355.422: [GC [PSYoungGen: 221868K->598K(265984K)] 681686K->460448K(952960K), 0.0142340 secs] [Times: user=0.09 sys=0.00, real=0.02 secs] 
2014-07-16T03:11:21.873+0000: 3356.412: [GC [PSYoungGen: 265942K->812K(319296K)] 725792K->460832K(1006272K), 0.0101540 secs] [Times: user=0.07 sys=0.00, real=0.01 secs] 
2014-07-16T03:11:23.087+0000: 3357.626: [GC [PSYoungGen: 319276K->626K(310336K)] 779296K->460694K(997312K), 0.0092890 secs] [Times: user=0.06 sys=0.00, real=0.01 secs] 
2014-07-16T03:11:24.310+0000: 3358.849: [GC [PSYoungGen: 310277K->894K(302144K)] 770346K->461018K(989120K), 0.0127120 secs] [Times: user=0.07 sys=0.00, real=0.01 secs] 
2014-07-16T03:11:25.451+0000: 3359.990: [GC [PSYoungGen: 302142K->484K(293696K)] 762266K->460656K(980672K), 0.0108380 secs] [Times: user=0.06 sys=0.00, real=0.01 secs] 
2014-07-16T03:11:26.534+0000: 3361.072: [GC [PSYoungGen: 293649K->562K(286016K)] 753821K->460798K(972992K), 0.0059560 secs] [Times: user=0.03 sys=0.00, real=0.01 secs] 
2014-07-16T03:11:27.589+0000: 3362.128: [GC [PSYoungGen: 286002K->1482K(318336K)] 746238K->461822K(1005312K), 0.0153680 secs] [Times: user=0.10 sys=0.00, real=0.01 secs] 
2014-07-16T03:11:28.727+0000: 3363.266: [GC [PSYoungGen: 318282K->598K(308736K)] 778622K->461002K(995712K), 0.0060880 secs] [Times: user=0.04 sys=0.00, real=0.00 secs] 
2014-07-16T03:11:29.957+0000: 3364.495: [GC [PSYoungGen: 308694K->620K(300352K)] 769098K->461064K(987328K), 0.0044700 secs] [Times: user=0.02 sys=0.00, real=0.00 secs] 
2014-07-16T03:11:31.082+0000: 3365.621: [GC [PSYoungGen: 300332K->644K(292416K)] 760776K->461144K(979392K), 0.0150020 secs] [Times: user=0.09 sys=0.01, real=0.02 secs] 
2014-07-16T03:11:32.171+0000: 3366.709: [GC [PSYoungGen: 292356K->904K(284992K)] 752856K->461484K(971968K), 0.0117700 secs] [Times: user=0.08 sys=0.00, real=0.01 secs] 
2014-07-16T03:11:33.203+0000: 3367.741: [GC [PSYoungGen: 284936K->690K(277312K)] 745516K->461366K(964288K), 0.0065410 secs] [Times: user=0.05 sys=0.00, real=0.01 secs] 
2014-07-16T03:11:34.292+0000: 3368.830: [GC [PSYoungGen: 277256K->1468K(270976K)] 737933K->462216K(957952K), 0.0091380 secs] [Times: user=0.06 sys=0.00, real=0.01 secs] 
2014-07-16T03:11:35.355+0000: 3369.894: [GC [PSYoungGen: 270972K->830K(263488K)] 731720K->461740K(950464K), 0.0063760 secs] [Times: user=0.05 sys=0.00, real=0.01 secs] 
2014-07-16T03:11:36.311+0000: 3370.849: [GC [PSYoungGen: 263486K->498K(315712K)] 724396K->461464K(1002688K), 0.0171100 secs] [Times: user=0.11 sys=0.00, real=0.02 secs] 
2014-07-16T03:11:37.485+0000: 3372.023: [GC [PSYoungGen: 315698K->630K(338880K)] 776664K->461660K(1025856K), 0.0153110 secs] [Times: user=0.10 sys=0.00, real=0.02 secs] 
2014-07-16T03:11:38.733+0000: 3373.272: [GC [PSYoungGen: 337844K->1050K(328768K)] 798875K->462160K(1015744K), 0.0045870 secs] [Times: user=0.02 sys=0.00, real=0.01 secs] 
2014-07-16T03:11:40.002+0000: 3374.540: [GC [PSYoungGen: 328705K->566K(319104K)] 789815K->461864K(1006080K), 0.0036630 secs] [Times: user=0.03 sys=0.00, real=0.00 secs] 
2014-07-16T03:11:41.169+0000: 3375.708: [GC [PSYoungGen: 319074K->1050K(310848K)] 780373K->462436K(997824K), 0.0067230 secs] [Times: user=0.03 sys=0.00, real=0.00 secs] 
2014-07-16T03:11:42.306+0000: 3376.845: [GC [PSYoungGen: 310810K->548K(301888K)] 772196K->462006K(988864K), 0.0093170 secs] [Times: user=0.06 sys=0.01, real=0.01 secs] 
2014-07-16T03:11:43.437+0000: 3377.975: [GC [PSYoungGen: 301860K->694K(293952K)] 763318K->462200K(980928K), 0.0064800 secs] [Times: user=0.03 sys=0.00, real=0.01 secs] 
2014-07-16T03:11:44.615+0000: 3379.153: [GC [PSYoungGen: 293942K->990K(286528K)] 755448K->462576K(973504K), 0.0108690 secs] [Times: user=0.07 sys=0.00, real=0.01 secs] 
2014-07-16T03:11:45.713+0000: 3380.252: [GC [PSYoungGen: 286465K->1058K(279104K)] 748052K->462708K(966080K), 0.0125260 secs] [Times: user=0.07 sys=0.01, real=0.01 secs] 
2014-07-16T03:11:46.728+0000: 3381.267: [GC [PSYoungGen: 279048K->930K(271808K)] 740699K->462652K(958784K), 0.0085320 secs] [Times: user=0.05 sys=0.00, real=0.00 secs] 
2014-07-16T03:11:47.724+0000: 3382.262: [GC [PSYoungGen: 271778K->1222K(265216K)] 733500K->463008K(952192K), 0.0060040 secs] [Times: user=0.03 sys=0.00, real=0.01 secs] 
2014-07-16T03:11:48.693+0000: 3383.232: [GC [PSYoungGen: 265158K->766K(258048K)] 726944K->462706K(945024K), 0.0081730 secs] [Times: user=0.05 sys=0.00, real=0.01 secs] 
2014-07-16T03:11:49.725+0000: 3384.263: [GC [PSYoungGen: 258023K->1200K(252096K)] 719963K->463212K(939072K), 0.0094080 secs] [Times: user=0.06 sys=0.00, real=0.01 secs] 
2014-07-16T03:11:50.604+0000: 3385.143: [GC [PSYoungGen: 252066K->894K(245632K)] 714079K->463104K(932608K), 0.0077500 secs] [Times: user=0.06 sys=0.00, real=0.01 secs] 
2014-07-16T03:11:51.485+0000: 3386.023: [GC [PSYoungGen: 245630K->840K(239680K)] 707840K->463170K(926656K), 0.0064820 secs] [Times: user=0.05 sys=0.00, real=0.01 secs] 
2014-07-16T03:11:52.370+0000: 3386.908: [GC [PSYoungGen: 239624K->384K(233472K)] 701954K->462762K(920448K), 0.0098730 secs] [Times: user=0.06 sys=0.00, real=0.01 secs] 
2014-07-16T03:11:53.240+0000: 3387.778: [GC [PSYoungGen: 233472K->998K(228608K)] 695850K->463440K(915584K), 0.0071950 secs] [Times: user=0.05 sys=0.00, real=0.00 secs] 
2014-07-16T03:11:54.069+0000: 3388.607: [GC [PSYoungGen: 228582K->922K(274112K)] 691024K->463436K(961088K), 0.0135790 secs] [Times: user=0.09 sys=0.00, real=0.02 secs] 
2014-07-16T03:11:55.186+0000: 3389.725: [GC [PSYoungGen: 274074K->1014K(267200K)] 736588K->463624K(954176K), 0.0040290 secs] [Times: user=0.03 sys=0.00, real=0.01 secs] 
2014-07-16T03:11:56.190+0000: 3390.728: [GC [PSYoungGen: 267179K->744K(260224K)] 729790K->463426K(947200K), 0.0101390 secs] [Times: user=0.06 sys=0.00, real=0.01 secs] 
2014-07-16T03:11:57.149+0000: 3391.688: [GC [PSYoungGen: 260200K->626K(253632K)] 722882K->463404K(940608K), 0.0062530 secs] [Times: user=0.04 sys=0.00, real=0.00 secs] 
2014-07-16T03:11:58.108+0000: 3392.646: [GC [PSYoungGen: 253618K->722K(247552K)] 716396K->463580K(934528K), 0.0071630 secs] [Times: user=0.05 sys=0.00, real=0.01 secs] 
2014-07-16T03:11:59.025+0000: 3393.563: [GC [PSYoungGen: 247505K->662K(241472K)] 710364K->463560K(928448K), 0.0147090 secs] [Times: user=0.09 sys=0.00, real=0.01 secs] 
2014-07-16T03:11:59.970+0000: 3394.509: [GC [PSYoungGen: 241396K->1022K(236032K)] 704294K->464016K(923008K), 0.0063420 secs] [Times: user=0.04 sys=0.00, real=0.00 secs] 
2014-07-16T03:12:00.788+0000: 3395.327: [GC [PSYoungGen: 236030K->826K(230272K)] 699024K->463916K(917248K), 0.0093890 secs] [Times: user=0.06 sys=0.00, real=0.01 secs] 
2014-07-16T03:12:01.631+0000: 3396.169: [GC [PSYoungGen: 230224K->822K(276160K)] 693314K->463992K(963136K), 0.0118580 secs] [Times: user=0.07 sys=0.00, real=0.01 secs] 
2014-07-16T03:12:02.621+0000: 3397.159: [GC [PSYoungGen: 276150K->748K(324864K)] 739320K->463974K(1011840K), 0.0093160 secs] [Times: user=0.06 sys=0.00, real=0.01 secs] 
2014-07-16T03:12:03.813+0000: 3398.351: [GC [PSYoungGen: 324332K->626K(315264K)] 787558K->463940K(1002240K), 0.0088560 secs] [Times: user=0.06 sys=0.00, real=0.01 secs] 
2014-07-16T03:12:05.048+0000: 3399.586: [GC [PSYoungGen: 315250K->1254K(307264K)] 778564K->464683K(994240K), 0.0054080 secs] [Times: user=0.03 sys=0.00, real=0.01 secs] 
2014-07-16T03:12:06.163+0000: 3400.701: [GC [PSYoungGen: 307231K->698K(298432K)] 770660K->464727K(985408K), 0.0085000 secs] [Times: user=0.06 sys=0.00, real=0.01 secs] 
2014-07-16T03:12:07.298+0000: 3401.837: [GC [PSYoungGen: 298415K->972K(290816K)] 762444K->465065K(977792K), 0.0045220 secs] [Times: user=0.02 sys=0.01, real=0.01 secs] 
2014-07-16T03:12:08.368+0000: 3402.906: [GC [PSYoungGen: 290764K->722K(282944K)] 754857K->464929K(969920K), 0.0043450 secs] [Times: user=0.01 sys=0.00, real=0.01 secs] 
2014-07-16T03:12:09.390+0000: 3403.929: [GC [PSYoungGen: 282898K->762K(275584K)] 747105K->465049K(962560K), 0.0165630 secs] [Times: user=0.11 sys=0.00, real=0.02 secs] 
2014-07-16T03:12:10.425+0000: 3404.964: [GC [PSYoungGen: 275578K->940K(268736K)] 739865K->465299K(955712K), 0.0075880 secs] [Times: user=0.05 sys=0.00, real=0.01 secs] 
2014-07-16T03:12:11.399+0000: 3405.938: [GC [PSYoungGen: 268716K->848K(261888K)] 733075K->465255K(948864K), 0.0074630 secs] [Times: user=0.05 sys=0.00, real=0.01 secs] 
2014-07-16T03:12:12.373+0000: 3406.912: [GC [PSYoungGen: 261840K->826K(255296K)] 726247K->465305K(942272K), 0.0047810 secs] [Times: user=0.02 sys=0.00, real=0.00 secs] 
2014-07-16T03:12:13.297+0000: 3407.836: [GC [PSYoungGen: 255290K->812K(249024K)] 719769K->465347K(936000K), 0.0076980 secs] [Times: user=0.05 sys=0.00, real=0.01 secs] 
2014-07-16T03:12:14.217+0000: 3408.755: [GC [PSYoungGen: 249004K->548K(242688K)] 713539K->465147K(929664K), 0.0046570 secs] [Times: user=0.02 sys=0.00, real=0.00 secs] 
2014-07-16T03:12:15.217+0000: 3409.756: [GC [PSYoungGen: 242633K->1250K(237568K)] 707232K->466297K(924544K), 0.0060360 secs] [Times: user=0.04 sys=0.00, real=0.01 secs] 
2014-07-16T03:12:16.080+0000: 3410.619: [GC [PSYoungGen: 237538K->698K(231360K)] 702585K->465859K(918336K), 0.0061530 secs] [Times: user=0.04 sys=0.00, real=0.01 secs] 
2014-07-16T03:12:16.946+0000: 3411.485: [GC [PSYoungGen: 231352K->972K(226240K)] 696514K->466337K(913216K), 0.0065810 secs] [Times: user=0.04 sys=0.00, real=0.01 secs] 
2014-07-16T03:12:17.777+0000: 3412.316: [GC [PSYoungGen: 226187K->634K(220608K)] 691553K->466047K(907584K), 0.0084200 secs] [Times: user=0.05 sys=0.00, real=0.01 secs] 
2014-07-16T03:12:18.596+0000: 3413.135: [GC [PSYoungGen: 220602K->1208K(216128K)] 686015K->466693K(903104K), 0.0064720 secs] [Times: user=0.04 sys=0.00, real=0.01 secs] 
2014-07-16T03:12:19.400+0000: 3413.939: [GC [PSYoungGen: 216120K->1254K(211328K)] 681605K->466819K(898304K), 0.0055560 secs] [Times: user=0.04 sys=0.00, real=0.01 secs] 
2014-07-16T03:12:20.270+0000: 3414.808: [GC [PSYoungGen: 211302K->708K(206144K)] 676867K->466369K(893120K), 0.0089340 secs] [Times: user=0.06 sys=0.00, real=0.01 secs] 
2014-07-16T03:12:20.995+0000: 3415.534: [GC [PSYoungGen: 206084K->1140K(201984K)] 671745K->466865K(888960K), 0.0082050 secs] [Times: user=0.06 sys=0.00, real=0.01 secs] 
2014-07-16T03:12:21.735+0000: 3416.273: [GC [PSYoungGen: 201972K->520K(197056K)] 667697K->466285K(884032K), 0.0044920 secs] [Times: user=0.02 sys=0.00, real=0.00 secs] 
2014-07-16T03:12:22.456+0000: 3416.994: [GC [PSYoungGen: 197000K->480K(192768K)] 662765K->466285K(879744K), 0.0059290 secs] [Times: user=0.02 sys=0.00, real=0.00 secs] 
2014-07-16T03:12:23.150+0000: 3417.689: [GC [PSYoungGen: 192725K->712K(188928K)] 658530K->466597K(875904K), 0.0083690 secs] [Times: user=0.05 sys=0.00, real=0.01 secs] 
2014-07-16T03:12:23.858+0000: 3418.397: [GC [PSYoungGen: 188778K->1012K(185216K)] 654664K->466961K(872192K), 0.0087800 secs] [Times: user=0.05 sys=0.00, real=0.01 secs] 
2014-07-16T03:12:24.538+0000: 3419.076: [GC [PSYoungGen: 185190K->1060K(222144K)] 651139K->467121K(909120K), 0.0118460 secs] [Times: user=0.08 sys=0.00, real=0.01 secs] 
2014-07-16T03:12:25.445+0000: 3419.984: [GC [PSYoungGen: 222116K->1130K(266432K)] 688177K->467393K(953408K), 0.0092570 secs] [Times: user=0.06 sys=0.00, real=0.01 secs] 
2014-07-16T03:12:26.393+0000: 3420.932: [GC [PSYoungGen: 266392K->694K(259264K)] 732656K->467029K(946240K), 0.0043930 secs] [Times: user=0.03 sys=0.00, real=0.01 secs] 
2014-07-16T03:12:27.373+0000: 3421.911: [GC [PSYoungGen: 259215K->1112K(253248K)] 725550K->467627K(940224K), 0.0063610 secs] [Times: user=0.04 sys=0.00, real=0.01 secs] 
2014-07-16T03:12:28.308+0000: 3422.846: [GC [PSYoungGen: 253169K->758K(246656K)] 719684K->467337K(933632K), 0.0092070 secs] [Times: user=0.07 sys=0.00, real=0.01 secs] 
2014-07-16T03:12:29.207+0000: 3423.745: [GC [PSYoungGen: 246646K->594K(240576K)] 713225K->467277K(927552K), 0.0064360 secs] [Times: user=0.04 sys=0.00, real=0.00 secs] 
2014-07-16T03:12:30.198+0000: 3424.737: [GC [PSYoungGen: 240530K->1128K(235328K)] 707213K->467891K(922304K), 0.0055230 secs] [Times: user=0.03 sys=0.00, real=0.01 secs] 
2014-07-16T03:12:31.038+0000: 3425.577: [GC [PSYoungGen: 235304K->972K(229632K)] 702067K->467807K(916608K), 0.0096810 secs] [Times: user=0.06 sys=0.01, real=0.01 secs] 
2014-07-16T03:12:31.905+0000: 3426.443: [GC [PSYoungGen: 229580K->854K(224192K)] 696415K->467753K(911168K), 0.0118000 secs] [Times: user=0.05 sys=0.00, real=0.02 secs] 
2014-07-16T03:12:32.708+0000: 3427.247: [GC [PSYoungGen: 224150K->772K(219008K)] 691049K->467759K(905984K), 0.0088110 secs] [Times: user=0.05 sys=0.00, real=0.01 secs] 
2014-07-16T03:12:33.553+0000: 3428.091: [GC [PSYoungGen: 218947K->890K(262720K)] 685934K->467965K(949696K), 0.0092660 secs] [Times: user=0.05 sys=0.01, real=0.01 secs] 
2014-07-16T03:12:34.507+0000: 3429.046: [GC [PSYoungGen: 262714K->612K(255872K)] 729789K->467759K(942848K), 0.0085770 secs] [Times: user=0.06 sys=0.00, real=0.01 secs] 
2014-07-16T03:12:35.551+0000: 3430.090: [GC [PSYoungGen: 255844K->1350K(250304K)] 722991K->468561K(937280K), 0.0063360 secs] [Times: user=0.03 sys=0.00, real=0.01 secs] 
2014-07-16T03:12:36.505+0000: 3431.044: [GC [PSYoungGen: 250220K->644K(243520K)] 717432K->467919K(930496K), 0.0109980 secs] [Times: user=0.07 sys=0.00, real=0.02 secs] 
2014-07-16T03:12:37.394+0000: 3431.933: [GC [PSYoungGen: 243453K->866K(237824K)] 710729K->468189K(924800K), 0.0041820 secs] [Times: user=0.02 sys=0.00, real=0.01 secs] 
2014-07-16T03:12:38.281+0000: 3432.820: [GC [PSYoungGen: 237792K->950K(232256K)] 705116K->468345K(919232K), 0.0093200 secs] [Times: user=0.05 sys=0.00, real=0.01 secs] 
2014-07-16T03:12:39.191+0000: 3433.729: [GC [PSYoungGen: 232246K->1036K(226944K)] 699641K->468527K(913920K), 0.0094820 secs] [Times: user=0.06 sys=0.00, real=0.01 secs] 
2014-07-16T03:12:40.025+0000: 3434.564: [GC [PSYoungGen: 226892K->944K(272000K)] 694383K->468475K(958976K), 0.0204760 secs] [Times: user=0.14 sys=0.01, real=0.02 secs] 
2014-07-16T03:12:41.091+0000: 3435.630: [GC [PSYoungGen: 271984K->466K(307712K)] 739515K->468061K(994688K), 0.0062700 secs] [Times: user=0.04 sys=0.00, real=0.01 secs] 
2014-07-16T03:12:42.264+0000: 3436.802: [GC [PSYoungGen: 306770K->1080K(326720K)] 774365K->468723K(1013696K), 0.0097730 secs] [Times: user=0.07 sys=0.00, real=0.01 secs] 
2014-07-16T03:12:43.446+0000: 3437.984: [GC [PSYoungGen: 326328K->580K(316864K)] 793971K->468295K(1003840K), 0.0066660 secs] [Times: user=0.05 sys=0.00, real=0.01 secs] 
2014-07-16T03:12:44.620+0000: 3439.159: [GC [PSYoungGen: 316804K->866K(308416K)] 784519K->468737K(995392K), 0.0059390 secs] [Times: user=0.03 sys=0.00, real=0.01 secs] 
2014-07-16T03:12:45.843+0000: 3440.382: [GC [PSYoungGen: 308386K->994K(300224K)] 776257K->468929K(987200K), 0.0053550 secs] [Times: user=0.03 sys=0.00, real=0.01 secs] 
2014-07-16T03:12:46.967+0000: 3441.506: [GC [PSYoungGen: 300148K->938K(292160K)] 768083K->469101K(979136K), 0.0130360 secs] [Times: user=0.09 sys=0.00, real=0.01 secs] 
2014-07-16T03:12:48.080+0000: 3442.618: [GC [PSYoungGen: 292138K->1178K(284736K)] 760301K->469429K(971712K), 0.0115800 secs] [Times: user=0.08 sys=0.00, real=0.01 secs] 
2014-07-16T03:12:49.116+0000: 3443.655: [GC [PSYoungGen: 284678K->822K(276928K)] 752930K->469295K(963904K), 0.0046670 secs] [Times: user=0.02 sys=0.01, real=0.01 secs] 
2014-07-16T03:12:50.128+0000: 3444.667: [GC [PSYoungGen: 276918K->1010K(270016K)] 745391K->469547K(956992K), 0.0148930 secs] [Times: user=0.10 sys=0.00, real=0.01 secs] 
2014-07-16T03:12:51.162+0000: 3445.700: [GC [PSYoungGen: 270002K->1248K(322688K)] 738539K->469891K(1009664K), 0.0141130 secs] [Times: user=0.10 sys=0.00, real=0.01 secs] 
2014-07-16T03:12:52.351+0000: 3446.890: [GC [PSYoungGen: 322656K->434K(312960K)] 791299K->469101K(999936K), 0.0059100 secs] [Times: user=0.02 sys=0.00, real=0.00 secs] 
2014-07-16T03:12:53.490+0000: 3448.029: [GC [PSYoungGen: 312921K->598K(304640K)] 781588K->469321K(991616K), 0.0054800 secs] [Times: user=0.04 sys=0.00, real=0.00 secs] 
2014-07-16T03:12:54.620+0000: 3449.159: [GC [PSYoungGen: 304597K->1068K(296896K)] 773320K->469847K(983872K), 0.0117440 secs] [Times: user=0.07 sys=0.00, real=0.01 secs] 
2014-07-16T03:12:55.836+0000: 3450.374: [GC [PSYoungGen: 296876K->726K(288704K)] 765655K->469561K(975680K), 0.0070500 secs] [Times: user=0.05 sys=0.00, real=0.01 secs] 
2014-07-16T03:12:56.888+0000: 3451.426: [GC [PSYoungGen: 288662K->868K(281280K)] 757497K->469759K(968256K), 0.0116540 secs] [Times: user=0.08 sys=0.00, real=0.02 secs] 
2014-07-16T03:12:58.012+0000: 3452.551: [GC [PSYoungGen: 281213K->726K(318976K)] 750105K->469689K(1005952K), 0.0204090 secs] [Times: user=0.15 sys=0.00, real=0.02 secs] 
2014-07-16T03:12:59.145+0000: 3453.684: [GC [PSYoungGen: 318166K->708K(318912K)] 787129K->469759K(1005888K), 0.0121520 secs] [Times: user=0.08 sys=0.00, real=0.01 secs] 
2014-07-16T03:13:00.309+0000: 3454.847: [GC [PSYoungGen: 318148K->640K(309376K)] 787199K->469803K(996352K), 0.0048950 secs] [Times: user=0.03 sys=0.00, real=0.01 secs] 
2014-07-16T03:13:01.445+0000: 3455.983: [GC [PSYoungGen: 309373K->1112K(301504K)] 778537K->470363K(988480K), 0.0095720 secs] [Times: user=0.06 sys=0.00, real=0.01 secs] 
2014-07-16T03:13:02.546+0000: 3457.085: [GC [PSYoungGen: 301464K->834K(293184K)] 770715K->470141K(980160K), 0.0073070 secs] [Times: user=0.05 sys=0.01, real=0.01 secs] 
2014-07-16T03:13:03.618+0000: 3458.157: [GC [PSYoungGen: 293122K->894K(285440K)] 762429K->470281K(972416K), 0.0075150 secs] [Times: user=0.04 sys=0.00, real=0.01 secs] 
2014-07-16T03:13:04.688+0000: 3459.227: [GC [PSYoungGen: 285426K->926K(278080K)] 754813K->470361K(965056K), 0.0090710 secs] [Times: user=0.05 sys=0.00, real=0.01 secs] 
2014-07-16T03:13:05.878+0000: 3460.417: [GC [PSYoungGen: 278018K->900K(270912K)] 747454K->470407K(957888K), 0.0093640 secs] [Times: user=0.06 sys=0.01, real=0.01 secs] 
2014-07-16T03:13:06.853+0000: 3461.391: [GC [PSYoungGen: 270852K->812K(263936K)] 740359K->470391K(950912K), 0.0089750 secs] [Times: user=0.05 sys=0.00, real=0.01 secs] 
2014-07-16T03:13:07.833+0000: 3462.372: [GC [PSYoungGen: 263869K->630K(257152K)] 733448K->470273K(944128K), 0.0069740 secs] [Times: user=0.05 sys=0.00, real=0.01 secs] 
2014-07-16T03:13:08.783+0000: 3463.321: [GC [PSYoungGen: 257142K->1130K(251328K)] 726785K->470949K(938304K), 0.0043700 secs] [Times: user=0.02 sys=0.00, real=0.00 secs] 
2014-07-16T03:13:09.676+0000: 3464.214: [GC [PSYoungGen: 251306K->1058K(245120K)] 721125K->470981K(932096K), 0.0077020 secs] [Times: user=0.05 sys=0.00, real=0.01 secs] 
2014-07-16T03:13:10.594+0000: 3465.132: [GC [PSYoungGen: 245090K->634K(238784K)] 715013K->470663K(925760K), 0.0057780 secs] [Times: user=0.03 sys=0.00, real=0.00 secs] 
2014-07-16T03:13:11.507+0000: 3466.045: [GC [PSYoungGen: 238778K->812K(233280K)] 708807K->470905K(920256K), 0.0035940 secs] [Times: user=0.02 sys=0.00, real=0.00 secs] 
2014-07-16T03:13:12.360+0000: 3466.898: [GC [PSYoungGen: 233260K->768K(227712K)] 703353K->470949K(914688K), 0.0086170 secs] [Times: user=0.05 sys=0.00, real=0.01 secs] 
2014-07-16T03:13:13.196+0000: 3467.735: [GC [PSYoungGen: 227712K->698K(222336K)] 697893K->470943K(909312K), 0.0070330 secs] [Times: user=0.05 sys=0.00, real=0.01 secs] 
2014-07-16T03:13:13.999+0000: 3468.538: [GC [PSYoungGen: 222330K->644K(217216K)] 692575K->470977K(904192K), 0.0093520 secs] [Times: user=0.06 sys=0.01, real=0.01 secs] 
2014-07-16T03:13:14.795+0000: 3469.334: [GC [PSYoungGen: 217147K->684K(212288K)] 687480K->471089K(899264K), 0.0045370 secs] [Times: user=0.03 sys=0.00, real=0.00 secs] 
2014-07-16T03:13:15.593+0000: 3470.132: [GC [PSYoungGen: 212239K->858K(207744K)] 682645K->471343K(894720K), 0.0082790 secs] [Times: user=0.04 sys=0.00, real=0.01 secs] 
2014-07-16T03:13:16.390+0000: 3470.929: [GC [PSYoungGen: 207706K->594K(202944K)] 678191K->471143K(889920K), 0.0090460 secs] [Times: user=0.06 sys=0.00, real=0.01 secs] 
2014-07-16T03:13:17.156+0000: 3471.694: [GC [PSYoungGen: 202820K->794K(198720K)] 673370K->471415K(885696K), 0.0070640 secs] [Times: user=0.04 sys=0.00, real=0.01 secs] 
2014-07-16T03:13:17.869+0000: 3472.408: [GC [PSYoungGen: 198682K->890K(194496K)] 669303K->471583K(881472K), 0.0070270 secs] [Times: user=0.04 sys=0.00, real=0.01 secs] 
2014-07-16T03:13:18.628+0000: 3473.167: [GC [PSYoungGen: 194490K->740K(190272K)] 665183K->471505K(877248K), 0.0080870 secs] [Times: user=0.05 sys=0.00, real=0.01 secs] 
2014-07-16T03:13:19.299+0000: 3473.838: [GC [PSYoungGen: 190214K->1176K(186752K)] 660980K->472071K(873728K), 0.0064690 secs] [Times: user=0.05 sys=0.00, real=0.01 secs] 
2014-07-16T03:13:19.984+0000: 3474.523: [GC [PSYoungGen: 186703K->484K(182208K)] 657599K->471515K(869184K), 0.0038390 secs] [Times: user=0.03 sys=0.01, real=0.00 secs] 
2014-07-16T03:13:20.651+0000: 3475.189: [GC [PSYoungGen: 182177K->1212K(179200K)] 653209K->472331K(866176K), 0.0068640 secs] [Times: user=0.04 sys=0.00, real=0.01 secs] 
2014-07-16T03:13:21.425+0000: 3475.964: [GC [PSYoungGen: 179196K->880K(175296K)] 650315K->472617K(862272K), 0.0039360 secs] [Times: user=0.02 sys=0.00, real=0.00 secs] 
2014-07-16T03:13:22.053+0000: 3476.591: [GC [PSYoungGen: 175280K->776K(210112K)] 647017K->472585K(897088K), 0.0190810 secs] [Times: user=0.10 sys=0.01, real=0.01 secs] 
2014-07-16T03:13:22.820+0000: 3477.359: [GC [PSYoungGen: 210056K->552K(251712K)] 681865K->472468K(938688K), 0.0079540 secs] [Times: user=0.05 sys=0.00, real=0.01 secs] 
2014-07-16T03:13:23.750+0000: 3478.289: [GC [PSYoungGen: 251688K->836K(302272K)] 723604K->472831K(989248K), 0.0083960 secs] [Times: user=0.06 sys=0.00, real=0.01 secs] 
2014-07-16T03:13:24.866+0000: 3479.404: [GC [PSYoungGen: 302211K->448K(362112K)] 774207K->472491K(1049088K), 0.0063420 secs] [Times: user=0.03 sys=0.00, real=0.00 secs] 
2014-07-16T03:13:26.275+0000: 3480.813: [GC [PSYoungGen: 362112K->662K(351872K)] 834155K->472761K(1038848K), 0.0065890 secs] [Times: user=0.04 sys=0.00, real=0.00 secs] 
2014-07-16T03:13:27.587+0000: 3482.126: [GC [PSYoungGen: 351829K->480K(341568K)] 823928K->472635K(1028544K), 0.0045360 secs] [Times: user=0.02 sys=0.01, real=0.00 secs] 
2014-07-16T03:13:28.889+0000: 3483.427: [GC [PSYoungGen: 341536K->972K(332416K)] 813691K->473183K(1019392K), 0.0045830 secs] [Times: user=0.03 sys=0.00, real=0.01 secs] 
2014-07-16T03:13:30.094+0000: 3484.633: [GC [PSYoungGen: 332337K->1162K(323328K)] 804549K->473446K(1010304K), 0.0055720 secs] [Times: user=0.03 sys=0.00, real=0.00 secs] 
2014-07-16T03:13:31.378+0000: 3485.916: [GC [PSYoungGen: 323264K->726K(313984K)] 795548K->473081K(1000960K), 0.0046130 secs] [Times: user=0.03 sys=0.01, real=0.00 secs] 
2014-07-16T03:13:32.517+0000: 3487.056: [GC [PSYoungGen: 313942K->484K(305152K)] 786297K->472895K(992128K), 0.0118190 secs] [Times: user=0.07 sys=0.00, real=0.01 secs] 
2014-07-16T03:13:33.632+0000: 3488.170: [GC [PSYoungGen: 305124K->772K(297280K)] 777535K->473271K(984256K), 0.0117970 secs] [Times: user=0.08 sys=0.00, real=0.01 secs] 
2014-07-16T03:13:34.703+0000: 3489.242: [GC [PSYoungGen: 297220K->480K(289088K)] 769719K->473043K(976064K), 0.0060330 secs] [Times: user=0.04 sys=0.00, real=0.01 secs] 
2014-07-16T03:13:35.759+0000: 3490.298: [GC [PSYoungGen: 289056K->976K(281984K)] 761619K->473620K(968960K), 0.0075930 secs] [Times: user=0.03 sys=0.00, real=0.01 secs] 
2014-07-16T03:13:36.910+0000: 3491.449: [GC [PSYoungGen: 281936K->876K(274560K)] 754580K->473575K(961536K), 0.0043940 secs] [Times: user=0.02 sys=0.00, real=0.01 secs] 
2014-07-16T03:13:37.909+0000: 3492.447: [GC [PSYoungGen: 274540K->858K(267520K)] 747239K->473629K(954496K), 0.0070570 secs] [Times: user=0.04 sys=0.00, real=0.01 secs] 
2014-07-16T03:13:38.901+0000: 3493.440: [GC [PSYoungGen: 267482K->626K(260544K)] 740253K->473461K(947520K), 0.0061240 secs] [Times: user=0.04 sys=0.00, real=0.01 secs] 
2014-07-16T03:13:39.953+0000: 3494.492: [GC [PSYoungGen: 260521K->812K(254272K)] 733357K->473712K(941248K), 0.0170770 secs] [Times: user=0.12 sys=0.00, real=0.02 secs] 
2014-07-16T03:13:40.908+0000: 3495.446: [GC [PSYoungGen: 254252K->580K(247808K)] 727152K->473543K(934784K), 0.0039310 secs] [Times: user=0.03 sys=0.00, real=0.00 secs] 
2014-07-16T03:13:41.866+0000: 3496.405: [GC [PSYoungGen: 247748K->854K(242048K)] 720711K->473873K(929024K), 0.0053350 secs] [Times: user=0.03 sys=0.00, real=0.00 secs] 
2014-07-16T03:13:42.741+0000: 3497.280: [GC [PSYoungGen: 241989K->830K(236160K)] 715009K->473914K(923136K), 0.0151800 secs] [Times: user=0.08 sys=0.01, real=0.02 secs] 
2014-07-16T03:13:43.615+0000: 3498.153: [GC [PSYoungGen: 236158K->448K(282880K)] 709242K->473587K(969856K), 0.0107500 secs] [Times: user=0.06 sys=0.00, real=0.02 secs] 
2014-07-16T03:13:44.661+0000: 3499.200: [GC [PSYoungGen: 282822K->1236K(276352K)] 755962K->474464K(963328K), 0.0050810 secs] [Times: user=0.03 sys=0.00, real=0.01 secs] 
2014-07-16T03:13:45.660+0000: 3500.198: [GC [PSYoungGen: 276308K->630K(268672K)] 749536K->473977K(955648K), 0.0074270 secs] [Times: user=0.04 sys=0.00, real=0.01 secs] 
2014-07-16T03:13:46.754+0000: 3501.293: [GC [PSYoungGen: 268662K->944K(262208K)] 742009K->474636K(949184K), 0.0068500 secs] [Times: user=0.04 sys=0.00, real=0.01 secs] 
2014-07-16T03:13:47.733+0000: 3502.271: [GC [PSYoungGen: 262192K->1094K(255872K)] 735884K->474842K(942848K), 0.0046220 secs] [Times: user=0.02 sys=0.00, real=0.01 secs] 
2014-07-16T03:13:48.733+0000: 3503.272: [GC [PSYoungGen: 255814K->894K(249344K)] 729562K->474842K(936320K), 0.0043690 secs] [Times: user=0.03 sys=0.00, real=0.01 secs] 
2014-07-16T03:13:49.739+0000: 3504.277: [GC [PSYoungGen: 249342K->1528K(243904K)] 723290K->475564K(930880K), 0.0038980 secs] [Times: user=0.02 sys=0.00, real=0.00 secs] 
2014-07-16T03:13:50.604+0000: 3505.143: [GC [PSYoungGen: 243857K->576K(237120K)] 717893K->474676K(924096K), 0.0041240 secs] [Times: user=0.02 sys=0.00, real=0.01 secs] 
2014-07-16T03:13:51.555+0000: 3506.094: [GC [PSYoungGen: 237075K->1422K(232384K)] 711175K->475586K(919360K), 0.0074660 secs] [Times: user=0.05 sys=0.00, real=0.01 secs] 
2014-07-16T03:13:52.380+0000: 3506.919: [GC [PSYoungGen: 232334K->498K(225984K)] 706498K->474718K(912960K), 0.0042260 secs] [Times: user=0.02 sys=0.00, real=0.00 secs] 
2014-07-16T03:13:53.197+0000: 3507.735: [GC [PSYoungGen: 225970K->744K(220992K)] 700190K->475020K(907968K), 0.0048970 secs] [Times: user=0.02 sys=0.00, real=0.01 secs] 
2014-07-16T03:13:54.044+0000: 3508.583: [GC [PSYoungGen: 220935K->1168K(216384K)] 695211K->475524K(903360K), 0.0171910 secs] [Times: user=0.11 sys=0.00, real=0.02 secs] 
2014-07-16T03:13:54.827+0000: 3509.365: [GC [PSYoungGen: 216335K->932K(259200K)] 690691K->475376K(946176K), 0.0105760 secs] [Times: user=0.08 sys=0.00, real=0.02 secs] 
2014-07-16T03:13:55.756+0000: 3510.294: [GC [PSYoungGen: 259172K->958K(252800K)] 733616K->475490K(939776K), 0.0071170 secs] [Times: user=0.04 sys=0.01, real=0.01 secs] 
2014-07-16T03:13:56.778+0000: 3511.316: [GC [PSYoungGen: 252766K->1286K(246976K)] 727298K->475914K(933952K), 0.0063160 secs] [Times: user=0.05 sys=0.00, real=0.00 secs] 
2014-07-16T03:13:57.627+0000: 3512.166: [GC [PSYoungGen: 246918K->830K(240512K)] 721546K->475522K(927488K), 0.0065140 secs] [Times: user=0.05 sys=0.00, real=0.01 secs] 
2014-07-16T03:13:58.539+0000: 3513.078: [GC [PSYoungGen: 240484K->1010K(234944K)] 715176K->475766K(921920K), 0.0053480 secs] [Times: user=0.03 sys=0.00, real=0.00 secs] 
2014-07-16T03:13:59.425+0000: 3513.964: [GC [PSYoungGen: 234930K->780K(281536K)] 709686K->475592K(968512K), 0.0171790 secs] [Times: user=0.13 sys=0.00, real=0.02 secs] 
2014-07-16T03:14:00.600+0000: 3515.139: [GC [PSYoungGen: 281455K->826K(274240K)] 756267K->475686K(961216K), 0.0077410 secs] [Times: user=0.03 sys=0.01, real=0.01 secs] 
2014-07-16T03:14:01.661+0000: 3516.200: [GC [PSYoungGen: 274234K->1496K(267968K)] 749094K->476420K(954944K), 0.0045190 secs] [Times: user=0.02 sys=0.00, real=0.00 secs] 
2014-07-16T03:14:02.599+0000: 3517.138: [GC [PSYoungGen: 267928K->1348K(261120K)] 742852K->476328K(948096K), 0.0075520 secs] [Times: user=0.05 sys=0.00, real=0.00 secs] 
2014-07-16T03:14:03.561+0000: 3518.100: [GC [PSYoungGen: 261060K->570K(253824K)] 736040K->475884K(940800K), 0.0050460 secs] [Times: user=0.04 sys=0.00, real=0.00 secs] 
2014-07-16T03:14:04.502+0000: 3519.041: [GC [PSYoungGen: 253818K->1104K(248128K)] 729132K->476482K(935104K), 0.0075110 secs] [Times: user=0.06 sys=0.00, real=0.01 secs] 
2014-07-16T03:14:05.395+0000: 3519.934: [GC [PSYoungGen: 248080K->716K(241728K)] 723458K->476242K(928704K), 0.0101370 secs] [Times: user=0.07 sys=0.00, real=0.01 secs] 
2014-07-16T03:14:06.308+0000: 3520.847: [GC [PSYoungGen: 241676K->740K(235968K)] 717202K->476314K(922944K), 0.0043060 secs] [Times: user=0.02 sys=0.00, real=0.01 secs] 
2014-07-16T03:14:07.275+0000: 3521.814: [GC [PSYoungGen: 235919K->1232K(230912K)] 711493K->476878K(917888K), 0.0072850 secs] [Times: user=0.05 sys=0.00, real=0.01 secs] 
2014-07-16T03:14:08.119+0000: 3522.658: [GC [PSYoungGen: 230864K->986K(225280K)] 706510K->476704K(912256K), 0.0067410 secs] [Times: user=0.03 sys=0.01, real=0.00 secs] 
2014-07-16T03:14:08.946+0000: 3523.484: [GC [PSYoungGen: 225242K->612K(219712K)] 700960K->476378K(906688K), 0.0132160 secs] [Times: user=0.07 sys=0.00, real=0.02 secs] 
2014-07-16T03:14:09.756+0000: 3524.294: [GC [PSYoungGen: 219684K->1308K(264256K)] 695450K->477130K(951232K), 0.0104180 secs] [Times: user=0.06 sys=0.00, real=0.01 secs] 
2014-07-16T03:14:10.768+0000: 3525.307: [GC [PSYoungGen: 264220K->566K(316096K)] 740042K->476428K(1003072K), 0.0115990 secs] [Times: user=0.08 sys=0.00, real=0.02 secs] 
2014-07-16T03:14:12.024+0000: 3526.563: [GC [PSYoungGen: 316086K->914K(307840K)] 791948K->476848K(994816K), 0.0084050 secs] [Times: user=0.05 sys=0.00, real=0.01 secs] 
2014-07-16T03:14:13.094+0000: 3527.633: [GC [PSYoungGen: 307794K->812K(299392K)] 783728K->476810K(986368K), 0.0090420 secs] [Times: user=0.06 sys=0.00, real=0.01 secs] 
2014-07-16T03:14:14.178+0000: 3528.716: [GC [PSYoungGen: 299372K->562K(291136K)] 775370K->476624K(978112K), 0.0074790 secs] [Times: user=0.06 sys=0.00, real=0.01 secs] 
2014-07-16T03:14:15.245+0000: 3529.783: [GC [PSYoungGen: 291122K->608K(337408K)] 767184K->476702K(1024384K), 0.0220520 secs] [Times: user=0.15 sys=0.00, real=0.02 secs] 
2014-07-16T03:14:16.500+0000: 3531.039: [GC [PSYoungGen: 336415K->530K(337344K)] 812509K->476696K(1024320K), 0.0104280 secs] [Times: user=0.06 sys=0.00, real=0.01 secs] 
2014-07-16T03:14:17.793+0000: 3532.332: [GC [PSYoungGen: 336313K->1108K(327488K)] 812479K->477338K(1014464K), 0.0083240 secs] [Times: user=0.05 sys=0.00, real=0.01 secs] 
2014-07-16T03:14:18.984+0000: 3533.523: [GC [PSYoungGen: 327444K->1098K(318400K)] 803674K->477392K(1005376K), 0.0101560 secs] [Times: user=0.07 sys=0.00, real=0.01 secs] 
2014-07-16T03:14:20.168+0000: 3534.707: [GC [PSYoungGen: 318346K->952K(309504K)] 794640K->477826K(996480K), 0.0038470 secs] [Times: user=0.02 sys=0.00, real=0.01 secs] 
2014-07-16T03:14:21.297+0000: 3535.836: [GC [PSYoungGen: 309496K->580K(300800K)] 786370K->477526K(987776K), 0.0055500 secs] [Times: user=0.04 sys=0.00, real=0.01 secs] 
2014-07-16T03:14:22.445+0000: 3536.983: [GC [PSYoungGen: 300740K->580K(292736K)] 777686K->477690K(979712K), 0.0058630 secs] [Times: user=0.02 sys=0.00, real=0.00 secs] 
2014-07-16T03:14:23.517+0000: 3538.055: [GC [PSYoungGen: 292674K->908K(285312K)] 769785K->478082K(972288K), 0.0119730 secs] [Times: user=0.07 sys=0.01, real=0.01 secs] 
2014-07-16T03:14:24.567+0000: 3539.106: [GC [PSYoungGen: 285260K->484K(277440K)] 762434K->477730K(964416K), 0.0055950 secs] [Times: user=0.03 sys=0.00, real=0.01 secs] 
2014-07-16T03:14:25.590+0000: 3540.129: [GC [PSYoungGen: 277412K->876K(270656K)] 754658K->478194K(957632K), 0.0045830 secs] [Times: user=0.03 sys=0.00, real=0.01 secs] 
2014-07-16T03:14:26.582+0000: 3541.121: [GC [PSYoungGen: 270636K->516K(263488K)] 747954K->477906K(950464K), 0.0068120 secs] [Times: user=0.04 sys=0.00, real=0.00 secs] 
2014-07-16T03:14:27.619+0000: 3542.157: [GC [PSYoungGen: 263428K->744K(257088K)] 740818K->478182K(944064K), 0.0133860 secs] [Times: user=0.07 sys=0.00, real=0.02 secs] 
2014-07-16T03:14:28.578+0000: 3543.117: [GC [PSYoungGen: 257062K->872K(250880K)] 734501K->478358K(937856K), 0.0083100 secs] [Times: user=0.04 sys=0.01, real=0.01 secs] 
2014-07-16T03:14:29.483+0000: 3544.022: [GC [PSYoungGen: 250811K->944K(244800K)] 728297K->478494K(931776K), 0.0042420 secs] [Times: user=0.02 sys=0.00, real=0.00 secs] 
2014-07-16T03:14:30.410+0000: 3544.948: [GC [PSYoungGen: 244784K->990K(238976K)] 722334K->478596K(925952K), 0.0095770 secs] [Times: user=0.05 sys=0.00, real=0.01 secs] 
2014-07-16T03:14:31.358+0000: 3545.897: [GC [PSYoungGen: 238942K->708K(233024K)] 716548K->478386K(920000K), 0.0065320 secs] [Times: user=0.02 sys=0.00, real=0.01 secs] 
2014-07-16T03:14:32.285+0000: 3546.824: [GC [PSYoungGen: 232964K->880K(227648K)] 710642K->478607K(914624K), 0.0097250 secs] [Times: user=0.06 sys=0.01, real=0.01 secs] 
2014-07-16T03:14:33.124+0000: 3547.663: [GC [PSYoungGen: 227632K->644K(222208K)] 705359K->478434K(909184K), 0.0043880 secs] [Times: user=0.02 sys=0.01, real=0.00 secs] 
2014-07-16T03:14:33.945+0000: 3548.484: [GC [PSYoungGen: 222145K->626K(217088K)] 699936K->478480K(904064K), 0.0051210 secs] [Times: user=0.02 sys=0.01, real=0.00 secs] 
2014-07-16T03:14:34.749+0000: 3549.287: [GC [PSYoungGen: 217074K->798K(212352K)] 694928K->478708K(899328K), 0.0041940 secs] [Times: user=0.02 sys=0.00, real=0.00 secs] 
2014-07-16T03:14:35.531+0000: 3550.070: [GC [PSYoungGen: 212318K->1258K(208064K)] 690228K->479365K(895040K), 0.0038280 secs] [Times: user=0.02 sys=0.00, real=0.01 secs] 
2014-07-16T03:14:36.282+0000: 3550.820: [GC [PSYoungGen: 208030K->580K(202880K)] 686137K->478750K(889856K), 0.0063130 secs] [Times: user=0.04 sys=0.00, real=0.01 secs] 
2014-07-16T03:14:37.026+0000: 3551.564: [GC [PSYoungGen: 202820K->1080K(198912K)] 680990K->479373K(885888K), 0.0059580 secs] [Times: user=0.04 sys=0.00, real=0.00 secs] 
2014-07-16T03:14:37.809+0000: 3552.348: [GC [PSYoungGen: 198904K->1344K(194944K)] 677197K->479693K(881920K), 0.0039950 secs] [Times: user=0.02 sys=0.01, real=0.00 secs] 
2014-07-16T03:14:38.556+0000: 3553.095: [GC [PSYoungGen: 194858K->548K(190016K)] 673207K->478952K(876992K), 0.0113220 secs] [Times: user=0.07 sys=0.00, real=0.01 secs] 
2014-07-16T03:14:39.236+0000: 3553.774: [GC [PSYoungGen: 189917K->734K(186240K)] 668322K->479179K(873216K), 0.0075650 secs] [Times: user=0.04 sys=0.00, real=0.00 secs] 
2014-07-16T03:14:39.923+0000: 3554.462: [GC [PSYoungGen: 186206K->754K(223360K)] 664651K->479254K(910336K), 0.0135050 secs] [Times: user=0.07 sys=0.01, real=0.02 secs] 
2014-07-16T03:14:40.768+0000: 3555.307: [GC [PSYoungGen: 223346K->580K(267776K)] 701846K->479120K(954752K), 0.0061630 secs] [Times: user=0.02 sys=0.01, real=0.01 secs] 
2014-07-16T03:14:41.824+0000: 3556.363: [GC [PSYoungGen: 267716K->1440K(261824K)] 746256K->480069K(948800K), 0.0056650 secs] [Times: user=0.04 sys=0.00, real=0.00 secs] 
2014-07-16T03:14:42.815+0000: 3557.354: [GC [PSYoungGen: 261754K->858K(254720K)] 740382K->479558K(941696K), 0.0042440 secs] [Times: user=0.02 sys=0.00, real=0.00 secs] 
2014-07-16T03:14:43.739+0000: 3558.278: [GC [PSYoungGen: 254682K->994K(248576K)] 733382K->479825K(935552K), 0.0050860 secs] [Times: user=0.03 sys=0.00, real=0.00 secs] 
2014-07-16T03:14:44.660+0000: 3559.199: [GC [PSYoungGen: 248546K->516K(242112K)] 727377K->479410K(929088K), 0.0092810 secs] [Times: user=0.07 sys=0.01, real=0.01 secs] 
2014-07-16T03:14:45.541+0000: 3560.080: [GC [PSYoungGen: 242020K->1394K(237120K)] 720915K->480329K(924096K), 0.0067350 secs] [Times: user=0.04 sys=0.00, real=0.01 secs] 
2014-07-16T03:14:46.415+0000: 3560.954: [GC [PSYoungGen: 237093K->862K(231040K)] 716028K->479869K(918016K), 0.0081600 secs] [Times: user=0.05 sys=0.00, real=0.00 secs] 
2014-07-16T03:14:47.369+0000: 3561.908: [GC [PSYoungGen: 231006K->1206K(225984K)] 710013K->480377K(912960K), 0.0100480 secs] [Times: user=0.06 sys=0.00, real=0.01 secs] 
2014-07-16T03:14:48.168+0000: 3562.707: [GC [PSYoungGen: 225954K->1162K(220800K)] 705125K->480405K(907776K), 0.0091990 secs] [Times: user=0.06 sys=0.00, real=0.01 secs] 
2014-07-16T03:14:48.977+0000: 3563.516: [GC [PSYoungGen: 220695K->830K(215424K)] 699938K->480121K(902400K), 0.0046600 secs] [Times: user=0.03 sys=0.00, real=0.00 secs] 
2014-07-16T03:14:49.780+0000: 3564.318: [GC [PSYoungGen: 215422K->818K(210560K)] 694713K->480180K(897536K), 0.0046400 secs] [Times: user=0.03 sys=0.00, real=0.00 secs] 
2014-07-16T03:14:50.558+0000: 3565.096: [GC [PSYoungGen: 210546K->944K(206016K)] 689908K->480371K(892992K), 0.0072240 secs] [Times: user=0.05 sys=0.00, real=0.00 secs] 
2014-07-16T03:14:51.313+0000: 3565.851: [GC [PSYoungGen: 206000K->912K(247040K)] 685427K->480395K(934016K), 0.0180020 secs] [Times: user=0.12 sys=0.00, real=0.02 secs] 
2014-07-16T03:14:52.266+0000: 3566.804: [GC [PSYoungGen: 246961K->822K(296128K)] 726444K->480393K(983104K), 0.0070630 secs] [Times: user=0.04 sys=0.00, real=0.01 secs] 
2014-07-16T03:14:53.440+0000: 3567.979: [GC [PSYoungGen: 296118K->480K(287936K)] 775689K->480098K(974912K), 0.0044100 secs] [Times: user=0.02 sys=0.00, real=0.00 secs] 
2014-07-16T03:14:54.497+0000: 3569.036: [GC [PSYoungGen: 287904K->1464K(281344K)] 767522K->481171K(968320K), 0.0100740 secs] [Times: user=0.06 sys=0.00, real=0.01 secs] 
2014-07-16T03:14:55.518+0000: 3570.056: [GC [PSYoungGen: 281298K->658K(273344K)] 761005K->480452K(960320K), 0.0100320 secs] [Times: user=0.06 sys=0.00, real=0.01 secs] 
2014-07-16T03:14:56.534+0000: 3571.073: [GC [PSYoungGen: 273275K->762K(266432K)] 753070K->480613K(953408K), 0.0053600 secs] [Times: user=0.03 sys=0.00, real=0.01 secs] 
2014-07-16T03:14:57.618+0000: 3572.157: [GC [PSYoungGen: 266426K->954K(259904K)] 746277K->480861K(946880K), 0.0046080 secs] [Times: user=0.02 sys=0.00, real=0.00 secs] 
2014-07-16T03:14:58.517+0000: 3573.056: [GC [PSYoungGen: 259897K->1086K(253568K)] 739804K->481057K(940544K), 0.0052820 secs] [Times: user=0.03 sys=0.00, real=0.00 secs] 
2014-07-16T03:14:59.432+0000: 3573.970: [GC [PSYoungGen: 253525K->612K(246912K)] 733496K->480630K(933888K), 0.0091860 secs] [Times: user=0.06 sys=0.00, real=0.01 secs] 
2014-07-16T03:15:00.365+0000: 3574.904: [GC [PSYoungGen: 246884K->754K(241024K)] 726902K->480844K(928000K), 0.0045490 secs] [Times: user=0.01 sys=0.00, real=0.01 secs] 
2014-07-16T03:15:01.255+0000: 3575.794: [GC [PSYoungGen: 241010K->1040K(235584K)] 721100K->481211K(922560K), 0.0098340 secs] [Times: user=0.05 sys=0.00, real=0.01 secs] 
2014-07-16T03:15:02.221+0000: 3576.760: [GC [PSYoungGen: 235534K->1142K(230080K)] 715705K->481385K(917056K), 0.0046780 secs] [Times: user=0.02 sys=0.00, real=0.00 secs] 
2014-07-16T03:15:03.074+0000: 3577.612: [GC [PSYoungGen: 230070K->1140K(224704K)] 710313K->481447K(911680K), 0.0042800 secs] [Times: user=0.02 sys=0.01, real=0.00 secs] 
2014-07-16T03:15:03.893+0000: 3578.431: [GC [PSYoungGen: 224692K->802K(269120K)] 704999K->481173K(956096K), 0.0204020 secs] [Times: user=0.14 sys=0.00, real=0.02 secs] 
2014-07-16T03:15:04.907+0000: 3579.445: [GC [PSYoungGen: 269052K->898K(322944K)] 749423K->481317K(1009920K), 0.0088490 secs] [Times: user=0.05 sys=0.00, real=0.01 secs] 
2014-07-16T03:15:06.083+0000: 3580.621: [GC [PSYoungGen: 322882K->940K(314048K)] 803301K->481463K(1001024K), 0.0045740 secs] [Times: user=0.03 sys=0.00, real=0.00 secs] 
2014-07-16T03:15:07.223+0000: 3581.762: [GC [PSYoungGen: 314028K->962K(305536K)] 794551K->481549K(992512K), 0.0068190 secs] [Times: user=0.04 sys=0.00, real=0.01 secs] 
2014-07-16T03:15:08.344+0000: 3582.883: [GC [PSYoungGen: 305474K->612K(296960K)] 786061K->481278K(983936K), 0.0083320 secs] [Times: user=0.05 sys=0.00, real=0.01 secs] 
2014-07-16T03:15:09.430+0000: 3583.969: [GC [PSYoungGen: 296932K->1116K(289600K)] 777598K->481823K(976576K), 0.0160660 secs] [Times: user=0.10 sys=0.01, real=0.01 secs] 
2014-07-16T03:15:10.523+0000: 3585.062: [GC [PSYoungGen: 289564K->594K(281472K)] 770271K->481380K(968448K), 0.0062220 secs] [Times: user=0.05 sys=0.00, real=0.01 secs] 
2014-07-16T03:15:11.565+0000: 3586.104: [GC [PSYoungGen: 281426K->1212K(274752K)] 762212K->482071K(961728K), 0.0128570 secs] [Times: user=0.09 sys=0.00, real=0.01 secs] 
2014-07-16T03:15:12.825+0000: 3587.363: [GC [PSYoungGen: 274748K->996K(267520K)] 755607K->481926K(954496K), 0.0061790 secs] [Times: user=0.04 sys=0.00, real=0.01 secs] 
2014-07-16T03:15:13.725+0000: 3588.263: [GC [PSYoungGen: 267491K->812K(260608K)] 748422K->481799K(947584K), 0.0090310 secs] [Times: user=0.05 sys=0.00, real=0.01 secs] 
2014-07-16T03:15:14.688+0000: 3589.227: [GC [PSYoungGen: 260558K->1008K(254336K)] 741545K->482067K(941312K), 0.0055680 secs] [Times: user=0.02 sys=0.00, real=0.01 secs] 
2014-07-16T03:15:15.605+0000: 3590.144: [GC [PSYoungGen: 254320K->644K(304704K)] 735379K->481766K(991680K), 0.0178510 secs] [Times: user=0.11 sys=0.00, real=0.02 secs] 
2014-07-16T03:15:16.718+0000: 3591.256: [GC [PSYoungGen: 304644K->662K(296512K)] 785766K->481881K(983488K), 0.0069990 secs] [Times: user=0.05 sys=0.00, real=0.01 secs] 
2014-07-16T03:15:17.935+0000: 3592.473: [GC [PSYoungGen: 296438K->1364K(289344K)] 777657K->482647K(976320K), 0.0069130 secs] [Times: user=0.03 sys=0.00, real=0.01 secs] 
2014-07-16T03:15:18.925+0000: 3593.464: [GC [PSYoungGen: 289268K->690K(281088K)] 770551K->482012K(968064K), 0.0094330 secs] [Times: user=0.05 sys=0.01, real=0.01 secs] 
2014-07-16T03:15:19.965+0000: 3594.504: [GC [PSYoungGen: 281074K->666K(273792K)] 762396K->482029K(960768K), 0.0040870 secs] [Times: user=0.02 sys=0.00, real=0.00 secs] 
2014-07-16T03:15:20.991+0000: 3595.530: [GC [PSYoungGen: 273754K->898K(267072K)] 755117K->482309K(954048K), 0.0075260 secs] [Times: user=0.05 sys=0.00, real=0.00 secs] 
2014-07-16T03:15:21.989+0000: 3596.527: [GC [PSYoungGen: 266985K->766K(260160K)] 748396K->482249K(947136K), 0.0069240 secs] [Times: user=0.04 sys=0.00, real=0.01 secs] 
2014-07-16T03:15:23.120+0000: 3597.659: [GC [PSYoungGen: 260156K->1188K(254144K)] 741639K->482758K(941120K), 0.0045610 secs] [Times: user=0.03 sys=0.00, real=0.01 secs] 
2014-07-16T03:15:24.040+0000: 3598.578: [GC [PSYoungGen: 254082K->962K(304576K)] 735653K->482565K(991552K), 0.0200370 secs] [Times: user=0.10 sys=0.00, real=0.02 secs] 
2014-07-16T03:15:25.153+0000: 3599.692: [GC [PSYoungGen: 304514K->766K(296128K)] 786117K->482603K(983104K), 0.0051420 secs] [Times: user=0.04 sys=0.00, real=0.00 secs] 
2014-07-16T03:15:26.236+0000: 3600.774: [GC [PSYoungGen: 296103K->634K(288128K)] 777940K->482535K(975104K), 0.0033030 secs] [Times: user=0.02 sys=0.00, real=0.00 secs] 
2014-07-16T03:15:27.280+0000: 3601.819: [GC [PSYoungGen: 288122K->858K(280832K)] 770023K->482947K(967808K), 0.0055750 secs] [Times: user=0.02 sys=0.00, real=0.01 secs] 
2014-07-16T03:15:28.387+0000: 3602.925: [GC [PSYoungGen: 280794K->612K(273344K)] 762883K->482789K(960320K), 0.0063490 secs] [Times: user=0.04 sys=0.00, real=0.01 secs] 
2014-07-16T03:15:29.379+0000: 3603.917: [GC [PSYoungGen: 273316K->634K(266368K)] 755493K->482875K(953344K), 0.0062740 secs] [Times: user=0.04 sys=0.00, real=0.01 secs] 
2014-07-16T03:15:30.347+0000: 3604.886: [GC [PSYoungGen: 266362K->830K(259840K)] 748603K->483151K(946816K), 0.0076440 secs] [Times: user=0.06 sys=0.00, real=0.01 secs] 
2014-07-16T03:15:31.307+0000: 3605.845: [GC [PSYoungGen: 259836K->748K(253312K)] 742157K->483133K(940288K), 0.0081710 secs] [Times: user=0.06 sys=0.00, real=0.01 secs] 
2014-07-16T03:15:32.252+0000: 3606.791: [GC [PSYoungGen: 253292K->708K(247104K)] 735677K->483141K(934080K), 0.0096490 secs] [Times: user=0.07 sys=0.00, real=0.01 secs] 
2014-07-16T03:15:33.268+0000: 3607.806: [GC [PSYoungGen: 247044K->790K(241152K)] 729477K->483295K(928128K), 0.0140170 secs] [Times: user=0.10 sys=0.00, real=0.01 secs] 
2014-07-16T03:15:34.159+0000: 3608.698: [GC [PSYoungGen: 241110K->862K(235456K)] 723615K->483431K(922432K), 0.0067700 secs] [Times: user=0.04 sys=0.01, real=0.01 secs] 
2014-07-16T03:15:35.025+0000: 3609.564: [GC [PSYoungGen: 235421K->766K(229760K)] 717990K->483847K(916736K), 0.0054800 secs] [Times: user=0.03 sys=0.00, real=0.00 secs] 
2014-07-16T03:15:35.870+0000: 3610.409: [GC [PSYoungGen: 229662K->548K(224192K)] 712743K->483685K(911168K), 0.0065460 secs] [Times: user=0.02 sys=0.00, real=0.01 secs] 
2014-07-16T03:15:36.696+0000: 3611.235: [GC [PSYoungGen: 224164K->598K(219072K)] 707301K->483897K(906048K), 0.0068890 secs] [Times: user=0.04 sys=0.00, real=0.01 secs] 
2014-07-16T03:15:37.485+0000: 3612.024: [GC [PSYoungGen: 219030K->498K(213952K)] 702329K->483877K(900928K), 0.0069500 secs] [Times: user=0.05 sys=0.00, real=0.00 secs] 
2014-07-16T03:15:38.371+0000: 3612.910: [GC [PSYoungGen: 213916K->1076K(209728K)] 697295K->484511K(896704K), 0.0081780 secs] [Times: user=0.05 sys=0.00, real=0.01 secs] 
2014-07-16T03:15:39.133+0000: 3613.671: [GC [PSYoungGen: 209678K->680K(204736K)] 693113K->484179K(891712K), 0.0083060 secs] [Times: user=0.05 sys=0.01, real=0.01 secs] 
2014-07-16T03:15:39.877+0000: 3614.416: [GC [PSYoungGen: 204712K->790K(245696K)] 688211K->484353K(932672K), 0.0112160 secs] [Times: user=0.07 sys=0.00, real=0.01 secs] 
2014-07-16T03:15:40.766+0000: 3615.304: [GC [PSYoungGen: 245634K->1066K(240000K)] 729197K->484693K(926976K), 0.0078480 secs] [Times: user=0.04 sys=0.00, real=0.01 secs] 
2014-07-16T03:15:41.634+0000: 3616.173: [GC [PSYoungGen: 239978K->816K(287552K)] 723605K->484615K(974528K), 0.0094270 secs] [Times: user=0.05 sys=0.00, real=0.01 secs] 
2014-07-16T03:15:42.704+0000: 3617.242: [GC [PSYoungGen: 287536K->530K(279808K)] 771335K->484409K(966784K), 0.0070370 secs] [Times: user=0.04 sys=0.00, real=0.01 secs] 
2014-07-16T03:15:43.879+0000: 3618.418: [GC [PSYoungGen: 279762K->944K(272960K)] 763641K->484903K(959936K), 0.0079710 secs] [Times: user=0.05 sys=0.00, real=0.01 secs] 
2014-07-16T03:15:44.844+0000: 3619.383: [GC [PSYoungGen: 272935K->544K(265600K)] 756894K->484543K(952576K), 0.0048710 secs] [Times: user=0.02 sys=0.00, real=0.00 secs] 
2014-07-16T03:15:45.788+0000: 3620.327: [GC [PSYoungGen: 265539K->1150K(319232K)] 749538K->485213K(1006208K), 0.0174430 secs] [Times: user=0.10 sys=0.00, real=0.02 secs] 
2014-07-16T03:15:46.956+0000: 3621.494: [GC [PSYoungGen: 319230K->766K(310080K)] 803293K->484893K(997056K), 0.0064140 secs] [Times: user=0.04 sys=0.00, real=0.00 secs] 
2014-07-16T03:15:48.115+0000: 3622.654: [GC [PSYoungGen: 310078K->1012K(301952K)] 794205K->485295K(988928K), 0.0072120 secs] [Times: user=0.05 sys=0.00, real=0.00 secs] 
2014-07-16T03:15:49.302+0000: 3623.841: [GC [PSYoungGen: 301940K->826K(293696K)] 786223K->485197K(980672K), 0.0074890 secs] [Times: user=0.05 sys=0.00, real=0.01 secs] 
2014-07-16T03:15:50.485+0000: 3625.024: [GC [PSYoungGen: 293690K->1012K(286144K)] 778061K->485547K(973120K), 0.0050950 secs] [Times: user=0.02 sys=0.01, real=0.00 secs] 
2014-07-16T03:15:51.957+0000: 3626.496: [GC [PSYoungGen: 286132K->1080K(278784K)] 770667K->485671K(965760K), 0.0096660 secs] [Times: user=0.07 sys=0.00, real=0.01 secs] 
2014-07-16T03:15:53.491+0000: 3628.030: [GC [PSYoungGen: 278758K->766K(271296K)] 763349K->485521K(958272K), 0.0099910 secs] [Times: user=0.06 sys=0.00, real=0.01 secs] 
2014-07-16T03:15:55.056+0000: 3629.595: [GC [PSYoungGen: 271294K->788K(264448K)] 756049K->485599K(951424K), 0.0046890 secs] [Times: user=0.03 sys=0.00, real=0.00 secs] 
2014-07-16T03:15:56.675+0000: 3631.214: [GC [PSYoungGen: 264404K->606K(257600K)] 749215K->485515K(944576K), 0.0123900 secs] [Times: user=0.09 sys=0.00, real=0.02 secs] 
2014-07-16T03:15:58.316+0000: 3632.854: [GC [PSYoungGen: 257498K->770K(251392K)] 742407K->485751K(938368K), 0.0068320 secs] [Times: user=0.04 sys=0.00, real=0.01 secs] 
2014-07-16T03:16:00.014+0000: 3634.553: [GC [PSYoungGen: 251330K->520K(244992K)] 736311K->485541K(931968K), 0.0089730 secs] [Times: user=0.03 sys=0.01, real=0.01 secs] 
2014-07-16T03:16:01.698+0000: 3636.237: [GC [PSYoungGen: 244936K->752K(239296K)] 729957K->485813K(926272K), 0.0080480 secs] [Times: user=0.06 sys=0.00, real=0.01 secs] 
2014-07-16T03:16:03.320+0000: 3637.858: [GC [PSYoungGen: 239211K->570K(233408K)] 724272K->485695K(920384K), 0.0079610 secs] [Times: user=0.05 sys=0.00, real=0.01 secs] 
Heap
 PSYoungGen      total 233408K, used 80717K [0x0000000755560000, 0x000000076a5e0000, 0x0000000800000000)
  eden space 232832K, 34% used [0x0000000755560000,0x000000075a3a4c78,0x00000007638c0000)
  from space 576K, 98% used [0x000000076a550000,0x000000076a5de870,0x000000076a5e0000)
  to   space 1280K, 0% used [0x000000076a360000,0x000000076a360000,0x000000076a4a0000)
 ParOldGen       total 686976K, used 485125K [0x0000000600000000, 0x0000000629ee0000, 0x0000000755560000)
  object space 686976K, 70% used [0x0000000600000000,0x000000061d9c14d8,0x0000000629ee0000)
 PSPermGen       total 21248K, used 11786K [0x00000005f5a00000, 0x00000005f6ec0000, 0x0000000600000000)
  object space 21248K, 55% used [0x00000005f5a00000,0x00000005f6582a48,0x00000005f6ec0000)
