2014-07-16T03:34:35.831+0000: 24.919: [GC [PSYoungGen: 257728K->42848K(300608K)] 257728K->57704K(987584K), 0.0592250 secs] [Times: user=0.20 sys=0.03, real=0.06 secs] 
2014-07-16T03:34:36.118+0000: 25.206: [GC [PSYoungGen: 300576K->42870K(300608K)] 315432K->63944K(987584K), 0.0589190 secs] [Times: user=0.20 sys=0.02, real=0.06 secs] 
2014-07-16T03:34:37.024+0000: 26.113: [GC [PSYoungGen: 300598K->42870K(300608K)] 321672K->64336K(987584K), 0.0536330 secs] [Times: user=0.21 sys=0.00, real=0.06 secs] 
2014-07-16T03:34:38.362+0000: 27.451: [GC [PSYoungGen: 300598K->42854K(558336K)] 322064K->65200K(1245312K), 0.0710650 secs] [Times: user=0.26 sys=0.02, real=0.07 secs] 
2014-07-16T03:34:40.654+0000: 29.742: [GC [PSYoungGen: 558310K->42868K(558336K)] 580656K->65902K(1245312K), 0.1041880 secs] [Times: user=0.38 sys=0.02, real=0.11 secs] 
2014-07-16T03:34:42.747+0000: 31.835: [GC [PSYoungGen: 558324K->43526K(1088448K)] 581358K->66560K(1775424K), 0.0605100 secs] [Times: user=0.20 sys=0.02, real=0.06 secs] 
2014-07-16T03:34:46.872+0000: 35.960: [GC [PSYoungGen: 1074438K->2770K(1089344K)] 1097472K->66290K(1776320K), 0.0549740 secs] [Times: user=0.17 sys=0.03, real=0.06 secs] 
2014-07-16T03:34:50.879+0000: 39.967: [GC [PSYoungGen: 1033682K->2212K(2123904K)] 1097202K->66132K(2810880K), 0.0045210 secs] [Times: user=0.02 sys=0.00, real=0.00 secs] 
2014-07-16T03:34:58.256+0000: 47.344: [GC [PSYoungGen: 2059556K->2372K(2128384K)] 2123476K->66604K(2815360K), 0.0141730 secs] [Times: user=0.05 sys=0.00, real=0.02 secs] 
2014-07-16T03:35:05.221+0000: 54.309: [GC [PSYoungGen: 2059716K->2088K(2720704K)] 2123948K->67032K(3407680K), 0.0119840 secs] [Times: user=0.04 sys=0.00, real=0.01 secs] 
2014-07-16T03:35:13.780+0000: 62.868: [GC [PSYoungGen: 2649384K->1732K(2649088K)] 2714328K->67484K(3336064K), 0.0071530 secs] [Times: user=0.02 sys=0.00, real=0.01 secs] 
2014-07-16T03:35:21.700+0000: 70.789: [GC [PSYoungGen: 2649028K->2294K(2722240K)] 2714780K->68542K(3409216K), 0.0174050 secs] [Times: user=0.07 sys=0.00, real=0.02 secs] 
2014-07-16T03:35:29.298+0000: 78.386: [GC [PSYoungGen: 2649910K->1398K(2528448K)] 2716158K->68374K(3215424K), 0.0070740 secs] [Times: user=0.02 sys=0.00, real=0.01 secs] 
2014-07-16T03:35:36.121+0000: 85.209: [GC [PSYoungGen: 2528438K->864K(2413312K)] 2595414K->68240K(3100288K), 0.0045100 secs] [Times: user=0.01 sys=0.00, real=0.01 secs] 
2014-07-16T03:35:42.013+0000: 91.101: [GC [PSYoungGen: 2413280K->1192K(2374784K)] 2480656K->68984K(3061760K), 0.0097510 secs] [Times: user=0.03 sys=0.00, real=0.01 secs] 
2014-07-16T03:35:47.072+0000: 96.161: [GC [PSYoungGen: 2304680K->466K(2200448K)] 2372472K->68682K(2887424K), 0.0221170 secs] [Times: user=0.07 sys=0.01, real=0.02 secs] 
2014-07-16T03:35:51.824+0000: 100.913: [GC [PSYoungGen: 2200402K->562K(2168640K)] 2268618K->68954K(2855616K), 0.0047430 secs] [Times: user=0.01 sys=0.00, real=0.01 secs] 
2014-07-16T03:35:56.312+0000: 105.400: [GC [PSYoungGen: 2102066K->434K(2008384K)] 2170458K->69082K(2695360K), 0.0170850 secs] [Times: user=0.04 sys=0.01, real=0.02 secs] 
2014-07-16T03:36:00.621+0000: 109.709: [GC [PSYoungGen: 2008370K->1060K(1981056K)] 2077018K->69836K(2668032K), 0.0179280 secs] [Times: user=0.06 sys=0.00, real=0.01 secs] 
2014-07-16T03:36:04.678+0000: 113.767: [GC [PSYoungGen: 1920036K->448K(1834880K)] 1988812K->69544K(2521856K), 0.0150810 secs] [Times: user=0.03 sys=0.00, real=0.02 secs] 
2014-07-16T03:36:08.552+0000: 117.640: [GC [PSYoungGen: 1834880K->288K(1810560K)] 1903976K->69512K(2497536K), 0.0032520 secs] [Times: user=0.01 sys=0.00, real=0.00 secs] 
2014-07-16T03:36:12.305+0000: 121.394: [GC [PSYoungGen: 1754336K->530K(1678208K)] 1823560K->69930K(2365184K), 0.0083690 secs] [Times: user=0.01 sys=0.00, real=0.01 secs] 
2014-07-16T03:36:15.871+0000: 124.960: [GC [PSYoungGen: 1678148K->352K(1655872K)] 1747548K->69944K(2342848K), 0.0078310 secs] [Times: user=0.03 sys=0.00, real=0.00 secs] 
2014-07-16T03:36:19.267+0000: 128.355: [GC [PSYoungGen: 1605280K->416K(1536256K)] 1674872K->70120K(2223232K), 0.0251930 secs] [Times: user=0.08 sys=0.00, real=0.02 secs] 
2014-07-16T03:36:22.553+0000: 131.641: [GC [PSYoungGen: 1536224K->384K(1515520K)] 1605928K->70296K(2202496K), 0.0105280 secs] [Times: user=0.04 sys=0.00, real=0.01 secs] 
2014-07-16T03:36:25.681+0000: 134.769: [GC [PSYoungGen: 1470464K->192K(1407744K)] 1540376K->70280K(2094720K), 0.0144180 secs] [Times: user=0.03 sys=0.01, real=0.02 secs] 
2014-07-16T03:36:28.667+0000: 137.755: [GC [PSYoungGen: 1407744K->384K(1388352K)] 1477832K->70560K(2075328K), 0.0054220 secs] [Times: user=0.02 sys=0.00, real=0.00 secs] 
2014-07-16T03:36:31.543+0000: 140.631: [GC [PSYoungGen: 1348480K->448K(1291968K)] 1418656K->70808K(1978944K), 0.0137400 secs] [Times: user=0.01 sys=0.00, real=0.01 secs] 
2014-07-16T03:36:34.280+0000: 143.369: [GC [PSYoungGen: 1291968K->448K(1273024K)] 1362328K->70968K(1960000K), 0.0049030 secs] [Times: user=0.01 sys=0.00, real=0.01 secs] 
2014-07-16T03:36:36.937+0000: 146.025: [GC [PSYoungGen: 1238144K->370K(1186880K)] 1308664K->70978K(1873856K), 0.0161590 secs] [Times: user=0.04 sys=0.01, real=0.01 secs] 
2014-07-16T03:36:39.457+0000: 148.545: [GC [PSYoungGen: 1186859K->320K(1168704K)] 1257467K->71056K(1855680K), 0.0055540 secs] [Times: user=0.01 sys=0.00, real=0.00 secs] 
2014-07-16T03:36:41.921+0000: 151.010: [GC [PSYoungGen: 1138112K->256K(1091712K)] 1208848K->71144K(1778688K), 0.0066480 secs] [Times: user=0.01 sys=0.01, real=0.01 secs] 
2014-07-16T03:36:44.261+0000: 153.349: [GC [PSYoungGen: 1091712K->256K(1074240K)] 1162600K->71272K(1761216K), 0.0077000 secs] [Times: user=0.01 sys=0.00, real=0.01 secs] 
2014-07-16T03:36:46.508+0000: 155.596: [GC [PSYoungGen: 1047616K->320K(1005696K)] 1118632K->71408K(1692672K), 0.0145680 secs] [Times: user=0.05 sys=0.01, real=0.01 secs] 
2014-07-16T03:36:48.638+0000: 157.726: [GC [PSYoungGen: 1005696K->580K(988672K)] 1076784K->71772K(1675648K), 0.0067320 secs] [Times: user=0.01 sys=0.00, real=0.00 secs] 
2014-07-16T03:36:50.750+0000: 159.838: [GC [PSYoungGen: 965956K->466K(927808K)] 1037148K->71802K(1614784K), 0.0089830 secs] [Times: user=0.01 sys=0.01, real=0.01 secs] 
2014-07-16T03:36:52.735+0000: 161.823: [GC [PSYoungGen: 927680K->612K(911168K)] 999016K->72092K(1598144K), 0.0049610 secs] [Times: user=0.02 sys=0.00, real=0.01 secs] 
2014-07-16T03:36:54.603+0000: 163.691: [GC [PSYoungGen: 891606K->160K(856768K)] 963086K->71704K(1543744K), 0.0128220 secs] [Times: user=0.03 sys=0.00, real=0.01 secs] 
2014-07-16T03:36:56.468+0000: 165.556: [GC [PSYoungGen: 856736K->356K(840960K)] 928280K->71932K(1527936K), 0.0070550 secs] [Times: user=0.01 sys=0.00, real=0.00 secs] 
2014-07-16T03:36:58.216+0000: 167.304: [GC [PSYoungGen: 824036K->320K(792640K)] 895612K->71992K(1479616K), 0.0080410 secs] [Times: user=0.03 sys=0.00, real=0.01 secs] 
2014-07-16T03:36:59.912+0000: 169.000: [GC [PSYoungGen: 792640K->352K(777280K)] 864312K->72160K(1464256K), 0.0029910 secs] [Times: user=0.01 sys=0.00, real=0.00 secs] 
2014-07-16T03:37:01.581+0000: 170.669: [GC [PSYoungGen: 762784K->352K(734336K)] 834592K->72304K(1421312K), 0.0130750 secs] [Times: user=0.04 sys=0.00, real=0.01 secs] 
2014-07-16T03:37:03.158+0000: 172.247: [GC [PSYoungGen: 734304K->420K(719552K)] 806256K->72476K(1406528K), 0.0051910 secs] [Times: user=0.02 sys=0.00, real=0.00 secs] 
2014-07-16T03:37:04.646+0000: 173.734: [GC [PSYoungGen: 707236K->288K(681280K)] 779292K->72392K(1368256K), 0.0063430 secs] [Times: user=0.02 sys=0.01, real=0.01 secs] 
2014-07-16T03:37:06.177+0000: 175.265: [GC [PSYoungGen: 681245K->570K(667200K)] 753349K->72730K(1354176K), 0.0106330 secs] [Times: user=0.03 sys=0.00, real=0.01 secs] 
2014-07-16T03:37:07.564+0000: 176.653: [GC [PSYoungGen: 656890K->520K(633344K)] 729050K->72768K(1320320K), 0.0162290 secs] [Times: user=0.05 sys=0.00, real=0.02 secs] 
2014-07-16T03:37:08.924+0000: 178.012: [GC [PSYoungGen: 633288K->256K(619584K)] 705536K->72608K(1306560K), 0.0066530 secs] [Times: user=0.01 sys=0.00, real=0.01 secs] 
2014-07-16T03:37:10.246+0000: 179.334: [GC [PSYoungGen: 610560K->704K(589568K)] 682912K->73160K(1276544K), 0.0059470 secs] [Times: user=0.00 sys=0.01, real=0.01 secs] 
2014-07-16T03:37:11.509+0000: 180.598: [GC [PSYoungGen: 589568K->438K(568896K)] 662024K->72982K(1255872K), 0.0082620 secs] [Times: user=0.02 sys=0.00, real=0.00 secs] 
2014-07-16T03:37:12.726+0000: 181.814: [GC [PSYoungGen: 568886K->402K(549376K)] 641430K->73018K(1236352K), 0.0052590 secs] [Times: user=0.01 sys=0.00, real=0.01 secs] 
2014-07-16T03:37:13.898+0000: 182.986: [GC [PSYoungGen: 549330K->406K(537024K)] 621946K->73062K(1224000K), 0.0039560 secs] [Times: user=0.01 sys=0.00, real=0.01 secs] 
2014-07-16T03:37:15.025+0000: 184.113: [GC [PSYoungGen: 530710K->544K(513088K)] 603366K->73256K(1200064K), 0.0130560 secs] [Times: user=0.03 sys=0.01, real=0.01 secs] 
2014-07-16T03:37:16.131+0000: 185.219: [GC [PSYoungGen: 513056K->320K(495808K)] 585768K->73064K(1182784K), 0.0090610 secs] [Times: user=0.03 sys=0.00, real=0.00 secs] 
2014-07-16T03:37:17.177+0000: 186.266: [GC [PSYoungGen: 495808K->402K(479680K)] 568552K->73218K(1166656K), 0.0197800 secs] [Times: user=0.06 sys=0.01, real=0.02 secs] 
2014-07-16T03:37:18.199+0000: 187.287: [GC [PSYoungGen: 479634K->434K(468608K)] 552450K->73338K(1155584K), 0.0046240 secs] [Times: user=0.01 sys=0.00, real=0.01 secs] 
2014-07-16T03:37:19.186+0000: 188.274: [GC [PSYoungGen: 464114K->224K(449088K)] 537018K->73208K(1136064K), 0.0093620 secs] [Times: user=0.03 sys=0.01, real=0.01 secs] 
2014-07-16T03:37:20.148+0000: 189.236: [GC [PSYoungGen: 449056K->644K(438848K)] 522040K->73692K(1125824K), 0.0042340 secs] [Times: user=0.02 sys=0.00, real=0.01 secs] 
2014-07-16T03:37:21.085+0000: 190.173: [GC [PSYoungGen: 435268K->256K(421248K)] 508316K->73352K(1108224K), 0.0043230 secs] [Times: user=0.01 sys=0.00, real=0.00 secs] 
2014-07-16T03:37:21.980+0000: 191.068: [GC [PSYoungGen: 421247K->516K(411584K)] 494343K->73692K(1098560K), 0.0046160 secs] [Times: user=0.01 sys=0.00, real=0.01 secs] 
2014-07-16T03:37:22.849+0000: 191.937: [GC [PSYoungGen: 408452K->452K(395968K)] 481628K->73684K(1082944K), 0.0109790 secs] [Times: user=0.04 sys=0.00, real=0.01 secs] 
2014-07-16T03:37:23.718+0000: 192.807: [GC [PSYoungGen: 395906K->676K(384192K)] 469138K->73940K(1071168K), 0.0044320 secs] [Times: user=0.01 sys=0.00, real=0.01 secs] 
2014-07-16T03:37:24.516+0000: 193.605: [GC [PSYoungGen: 384164K->420K(372480K)] 457428K->73716K(1059456K), 0.0110000 secs] [Times: user=0.04 sys=0.00, real=0.01 secs] 
2014-07-16T03:37:25.303+0000: 194.391: [GC [PSYoungGen: 372446K->242K(446720K)] 445742K->73570K(1133696K), 0.0125570 secs] [Times: user=0.03 sys=0.00, real=0.01 secs] 
2014-07-16T03:37:26.284+0000: 195.373: [GC [PSYoungGen: 446645K->570K(536384K)] 519974K->73922K(1223360K), 0.0174560 secs] [Times: user=0.06 sys=0.00, real=0.01 secs] 
2014-07-16T03:37:27.433+0000: 196.521: [GC [PSYoungGen: 536372K->502K(643520K)] 609724K->73934K(1330496K), 0.0284310 secs] [Times: user=0.10 sys=0.00, real=0.02 secs] 
2014-07-16T03:37:28.787+0000: 197.875: [GC [PSYoungGen: 643510K->288K(771968K)] 716942K->73800K(1458944K), 0.0141380 secs] [Times: user=0.04 sys=0.00, real=0.01 secs] 
2014-07-16T03:37:30.432+0000: 199.520: [GC [PSYoungGen: 771936K->562K(926592K)] 845448K->74162K(1613568K), 0.0142240 secs] [Times: user=0.05 sys=0.00, real=0.01 secs] 
2014-07-16T03:37:32.409+0000: 201.497: [GC [PSYoungGen: 926578K->580K(1111872K)] 1000178K->74292K(1798848K), 0.0091610 secs] [Times: user=0.02 sys=0.00, real=0.01 secs] 
2014-07-16T03:37:34.805+0000: 203.894: [GC [PSYoungGen: 1111812K->434K(1066624K)] 1185524K->74266K(1753600K), 0.0040490 secs] [Times: user=0.01 sys=0.00, real=0.00 secs] 
2014-07-16T03:37:37.117+0000: 206.205: [GC [PSYoungGen: 1066610K->320K(1023616K)] 1140442K->74216K(1710592K), 0.0068560 secs] [Times: user=0.01 sys=0.01, real=0.01 secs] 
2014-07-16T03:37:39.289+0000: 208.377: [GC [PSYoungGen: 1023616K->256K(982720K)] 1097512K->74280K(1669696K), 0.0131560 secs] [Times: user=0.05 sys=0.00, real=0.01 secs] 
2014-07-16T03:37:41.390+0000: 210.478: [GC [PSYoungGen: 982720K->384K(943936K)] 1056744K->74536K(1630912K), 0.0053300 secs] [Times: user=0.01 sys=0.00, real=0.01 secs] 
2014-07-16T03:37:43.398+0000: 212.486: [GC [PSYoungGen: 943936K->288K(906880K)] 1018088K->74560K(1593856K), 0.0044010 secs] [Times: user=0.01 sys=0.00, real=0.00 secs] 
2014-07-16T03:37:45.324+0000: 214.412: [GC [PSYoungGen: 906848K->274K(871616K)] 981120K->74610K(1558592K), 0.0078570 secs] [Times: user=0.02 sys=0.00, real=0.01 secs] 
2014-07-16T03:37:47.198+0000: 216.287: [GC [PSYoungGen: 871570K->480K(838208K)] 945906K->74872K(1525184K), 0.0125610 secs] [Times: user=0.05 sys=0.00, real=0.01 secs] 
2014-07-16T03:37:48.976+0000: 218.064: [GC [PSYoungGen: 838176K->488K(806208K)] 912568K->75008K(1493184K), 0.0047840 secs] [Times: user=0.01 sys=0.00, real=0.00 secs] 
2014-07-16T03:37:50.686+0000: 219.775: [GC [PSYoungGen: 806184K->320K(775552K)] 880704K->74936K(1462528K), 0.0049610 secs] [Times: user=0.01 sys=0.00, real=0.00 secs] 
2014-07-16T03:37:52.371+0000: 221.460: [GC [PSYoungGen: 775552K->352K(746560K)] 850168K->75088K(1433536K), 0.0072040 secs] [Times: user=0.01 sys=0.00, real=0.01 secs] 
2014-07-16T03:37:53.963+0000: 223.051: [GC [PSYoungGen: 746527K->338K(718848K)] 821263K->75162K(1405824K), 0.0116200 secs] [Times: user=0.04 sys=0.00, real=0.01 secs] 
2014-07-16T03:37:55.502+0000: 224.591: [GC [PSYoungGen: 718802K->320K(692352K)] 793626K->75184K(1379328K), 0.0044940 secs] [Times: user=0.01 sys=0.00, real=0.01 secs] 
2014-07-16T03:37:57.024+0000: 226.113: [GC [PSYoungGen: 692350K->352K(667264K)] 767214K->75264K(1354240K), 0.0032940 secs] [Times: user=0.01 sys=0.00, real=0.01 secs] 
2014-07-16T03:37:58.445+0000: 227.533: [GC [PSYoungGen: 667191K->352K(643264K)] 742103K->75392K(1330240K), 0.0089070 secs] [Times: user=0.03 sys=0.00, real=0.01 secs] 
2014-07-16T03:37:59.810+0000: 228.898: [GC [PSYoungGen: 643232K->224K(620224K)] 718272K->75360K(1307200K), 0.0055520 secs] [Times: user=0.01 sys=0.00, real=0.00 secs] 
2014-07-16T03:38:01.244+0000: 230.332: [GC [PSYoungGen: 620192K->868K(598976K)] 695328K->76276K(1285952K), 0.0060010 secs] [Times: user=0.02 sys=0.00, real=0.01 secs] 
2014-07-16T03:38:02.478+0000: 231.566: [GC [PSYoungGen: 598948K->356K(577600K)] 674356K->75852K(1264576K), 0.0081430 secs] [Times: user=0.03 sys=0.00, real=0.00 secs] 
2014-07-16T03:38:03.713+0000: 232.802: [GC [PSYoungGen: 577572K->566K(557888K)] 653068K->76134K(1244864K), 0.0048600 secs] [Times: user=0.01 sys=0.00, real=0.01 secs] 
2014-07-16T03:38:04.902+0000: 233.990: [GC [PSYoungGen: 557878K->416K(538752K)] 633446K->76016K(1225728K), 0.0081340 secs] [Times: user=0.03 sys=0.00, real=0.01 secs] 
2014-07-16T03:38:06.062+0000: 235.150: [GC [PSYoungGen: 538720K->434K(520576K)] 614320K->76058K(1207552K), 0.0062560 secs] [Times: user=0.01 sys=0.01, real=0.00 secs] 
2014-07-16T03:38:07.213+0000: 236.301: [GC [PSYoungGen: 520562K->384K(503168K)] 596186K->76080K(1190144K), 0.0063730 secs] [Times: user=0.01 sys=0.01, real=0.01 secs] 
2014-07-16T03:38:08.283+0000: 237.371: [GC [PSYoungGen: 503168K->224K(486464K)] 578864K->76040K(1173440K), 0.0156960 secs] [Times: user=0.06 sys=0.00, real=0.02 secs] 
2014-07-16T03:38:09.331+0000: 238.419: [GC [PSYoungGen: 486432K->160K(470528K)] 562248K->76048K(1157504K), 0.0042380 secs] [Times: user=0.01 sys=0.00, real=0.00 secs] 
2014-07-16T03:38:10.338+0000: 239.426: [GC [PSYoungGen: 470496K->470K(455680K)] 546384K->76422K(1142656K), 0.0153640 secs] [Times: user=0.06 sys=0.01, real=0.02 secs] 
2014-07-16T03:38:11.381+0000: 240.469: [GC [PSYoungGen: 455638K->882K(441536K)] 531590K->77074K(1128512K), 0.0133060 secs] [Times: user=0.04 sys=0.00, real=0.01 secs] 
2014-07-16T03:38:12.284+0000: 241.372: [GC [PSYoungGen: 441522K->370K(427136K)] 517714K->76642K(1114112K), 0.0097090 secs] [Times: user=0.03 sys=0.00, real=0.01 secs] 
2014-07-16T03:38:13.194+0000: 242.283: [GC [PSYoungGen: 427122K->256K(512384K)] 503394K->76632K(1199360K), 0.0237640 secs] [Times: user=0.08 sys=0.00, real=0.02 secs] 
2014-07-16T03:38:14.304+0000: 243.392: [GC [PSYoungGen: 512290K->448K(615040K)] 588666K->76872K(1302016K), 0.0132520 secs] [Times: user=0.04 sys=0.00, real=0.01 secs] 
2014-07-16T03:38:15.627+0000: 244.715: [GC [PSYoungGen: 615040K->594K(738176K)] 691464K->77066K(1425152K), 0.0068470 secs] [Times: user=0.01 sys=0.00, real=0.01 secs] 
2014-07-16T03:38:17.220+0000: 246.308: [GC [PSYoungGen: 738130K->320K(710592K)] 814602K->76840K(1397568K), 0.0049740 secs] [Times: user=0.01 sys=0.00, real=0.00 secs] 
2014-07-16T03:38:18.733+0000: 247.822: [GC [PSYoungGen: 710592K->288K(852672K)] 787112K->76968K(1539648K), 0.0275000 secs] [Times: user=0.09 sys=0.00, real=0.03 secs] 
2014-07-16T03:38:20.557+0000: 249.645: [GC [PSYoungGen: 852549K->420K(820096K)] 929229K->77196K(1507072K), 0.0068690 secs] [Times: user=0.02 sys=0.00, real=0.01 secs] 
2014-07-16T03:38:22.321+0000: 251.410: [GC [PSYoungGen: 820007K->498K(788992K)] 896783K->77386K(1475968K), 0.0067400 secs] [Times: user=0.02 sys=0.00, real=0.00 secs] 
2014-07-16T03:38:24.003+0000: 253.091: [GC [PSYoungGen: 788978K->320K(759104K)] 865866K->77304K(1446080K), 0.0189940 secs] [Times: user=0.06 sys=0.00, real=0.02 secs] 
2014-07-16T03:38:25.617+0000: 254.705: [GC [PSYoungGen: 759104K->306K(730816K)] 836088K->77330K(1417792K), 0.0039670 secs] [Times: user=0.01 sys=0.00, real=0.01 secs] 
2014-07-16T03:38:27.209+0000: 256.297: [GC [PSYoungGen: 730802K->804K(704384K)] 807826K->77988K(1391360K), 0.0086890 secs] [Times: user=0.02 sys=0.01, real=0.01 secs] 
2014-07-16T03:38:28.708+0000: 257.797: [GC [PSYoungGen: 704356K->256K(678080K)] 781540K->77592K(1365056K), 0.0075110 secs] [Times: user=0.01 sys=0.00, real=0.01 secs] 
2014-07-16T03:38:30.153+0000: 259.241: [GC [PSYoungGen: 678080K->256K(653568K)] 755416K->77712K(1340544K), 0.0037530 secs] [Times: user=0.01 sys=0.01, real=0.00 secs] 
2014-07-16T03:38:31.550+0000: 260.638: [GC [PSYoungGen: 653568K->416K(630336K)] 731024K->77944K(1317312K), 0.0042950 secs] [Times: user=0.01 sys=0.00, real=0.01 secs] 
2014-07-16T03:38:32.898+0000: 261.987: [GC [PSYoungGen: 630249K->406K(608000K)] 707777K->77998K(1294976K), 0.0100310 secs] [Times: user=0.03 sys=0.01, real=0.01 secs] 
2014-07-16T03:38:34.193+0000: 263.281: [GC [PSYoungGen: 607958K->452K(586752K)] 685550K->78140K(1273728K), 0.0119820 secs] [Times: user=0.04 sys=0.00, real=0.01 secs] 
2014-07-16T03:38:35.453+0000: 264.542: [GC [PSYoungGen: 586643K->320K(566208K)] 664331K->78056K(1253184K), 0.0063670 secs] [Times: user=0.01 sys=0.00, real=0.00 secs] 
2014-07-16T03:38:36.732+0000: 265.820: [GC [PSYoungGen: 566116K->808K(547328K)] 643852K->78984K(1234304K), 0.0054340 secs] [Times: user=0.02 sys=0.00, real=0.00 secs] 
2014-07-16T03:38:37.838+0000: 266.927: [GC [PSYoungGen: 547304K->548K(528512K)] 625480K->78820K(1215488K), 0.0190930 secs] [Times: user=0.06 sys=0.00, real=0.02 secs] 
2014-07-16T03:38:38.968+0000: 268.056: [GC [PSYoungGen: 528390K->356K(510592K)] 606662K->78820K(1197568K), 0.0108940 secs] [Times: user=0.04 sys=0.00, real=0.01 secs] 
2014-07-16T03:38:40.061+0000: 269.149: [GC [PSYoungGen: 510564K->320K(493632K)] 589028K->78848K(1180608K), 0.0068970 secs] [Times: user=0.02 sys=0.00, real=0.01 secs] 
2014-07-16T03:38:41.129+0000: 270.218: [GC [PSYoungGen: 493632K->320K(477440K)] 572160K->78928K(1164416K), 0.0037510 secs] [Times: user=0.01 sys=0.00, real=0.01 secs] 
2014-07-16T03:38:42.184+0000: 271.272: [GC [PSYoungGen: 477440K->256K(461888K)] 556048K->78904K(1148864K), 0.0039300 secs] [Times: user=0.01 sys=0.00, real=0.00 secs] 
2014-07-16T03:38:43.152+0000: 272.240: [GC [PSYoungGen: 461888K->338K(447232K)] 540536K->79050K(1134208K), 0.0041150 secs] [Times: user=0.01 sys=0.00, real=0.01 secs] 
2014-07-16T03:38:44.114+0000: 273.202: [GC [PSYoungGen: 447186K->288K(433024K)] 525898K->79024K(1120000K), 0.0061640 secs] [Times: user=0.01 sys=0.00, real=0.00 secs] 
2014-07-16T03:38:45.033+0000: 274.122: [GC [PSYoungGen: 432992K->288K(419520K)] 511728K->79064K(1106496K), 0.0182670 secs] [Times: user=0.06 sys=0.00, real=0.02 secs] 
2014-07-16T03:38:45.946+0000: 275.034: [GC [PSYoungGen: 419488K->708K(407040K)] 498264K->79516K(1094016K), 0.0067910 secs] [Times: user=0.01 sys=0.00, real=0.00 secs] 
2014-07-16T03:38:46.882+0000: 275.970: [GC [PSYoungGen: 406980K->946K(394816K)] 485788K->80074K(1081792K), 0.0095890 secs] [Times: user=0.02 sys=0.00, real=0.01 secs] 
2014-07-16T03:38:47.678+0000: 276.767: [GC [PSYoungGen: 394802K->256K(382272K)] 473930K->79528K(1069248K), 0.0043290 secs] [Times: user=0.01 sys=0.00, real=0.00 secs] 
2014-07-16T03:38:48.488+0000: 277.576: [GC [PSYoungGen: 382272K->356K(371008K)] 461544K->79804K(1057984K), 0.0039120 secs] [Times: user=0.01 sys=0.00, real=0.00 secs] 
2014-07-16T03:38:49.269+0000: 278.358: [GC [PSYoungGen: 370930K->160K(359936K)] 450378K->79656K(1046912K), 0.0053930 secs] [Times: user=0.01 sys=0.01, real=0.01 secs] 
2014-07-16T03:38:50.038+0000: 279.126: [GC [PSYoungGen: 359903K->128K(349440K)] 439400K->79672K(1036416K), 0.0040250 secs] [Times: user=0.01 sys=0.00, real=0.00 secs] 
2014-07-16T03:38:50.788+0000: 279.876: [GC [PSYoungGen: 349440K->388K(339712K)] 428984K->79964K(1026688K), 0.0110360 secs] [Times: user=0.04 sys=0.01, real=0.01 secs] 
2014-07-16T03:38:51.509+0000: 280.597: [GC [PSYoungGen: 339652K->406K(330112K)] 419228K->80014K(1017088K), 0.0055180 secs] [Times: user=0.02 sys=0.00, real=0.00 secs] 
2014-07-16T03:38:52.276+0000: 281.364: [GC [PSYoungGen: 330070K->338K(396032K)] 409678K->79986K(1083008K), 0.0203480 secs] [Times: user=0.06 sys=0.00, real=0.02 secs] 
2014-07-16T03:38:53.111+0000: 282.199: [GC [PSYoungGen: 395982K->384K(475200K)] 475630K->80096K(1162176K), 0.0078580 secs] [Times: user=0.03 sys=0.00, real=0.01 secs] 
2014-07-16T03:38:54.130+0000: 283.218: [GC [PSYoungGen: 475200K->320K(570112K)] 554912K->80056K(1257088K), 0.0049210 secs] [Times: user=0.01 sys=0.01, real=0.01 secs] 
2014-07-16T03:38:55.333+0000: 284.421: [GC [PSYoungGen: 570112K->128K(550336K)] 649848K->79896K(1237312K), 0.0035830 secs] [Times: user=0.01 sys=0.00, real=0.01 secs] 
2014-07-16T03:38:56.502+0000: 285.591: [GC [PSYoungGen: 550336K->224K(531776K)] 630104K->80024K(1218752K), 0.0129430 secs] [Times: user=0.05 sys=0.00, real=0.02 secs] 
2014-07-16T03:38:57.732+0000: 286.821: [GC [PSYoungGen: 531744K->488K(514176K)] 611544K->80344K(1201152K), 0.0043300 secs] [Times: user=0.01 sys=0.00, real=0.01 secs] 
2014-07-16T03:38:58.823+0000: 287.911: [GC [PSYoungGen: 514096K->370K(496960K)] 593952K->80394K(1183936K), 0.0043950 secs] [Times: user=0.00 sys=0.01, real=0.01 secs] 
2014-07-16T03:38:59.882+0000: 288.970: [GC [PSYoungGen: 496946K->288K(596224K)] 576970K->80384K(1283200K), 0.0242390 secs] [Times: user=0.08 sys=0.00, real=0.03 secs] 
2014-07-16T03:39:01.155+0000: 290.243: [GC [PSYoungGen: 596106K->456K(575680K)] 676203K->80608K(1262656K), 0.0081820 secs] [Times: user=0.03 sys=0.00, real=0.01 secs] 
2014-07-16T03:39:02.434+0000: 291.522: [GC [PSYoungGen: 575603K->306K(555648K)] 655755K->80506K(1242624K), 0.0106750 secs] [Times: user=0.03 sys=0.00, real=0.01 secs] 
2014-07-16T03:39:03.618+0000: 292.707: [GC [PSYoungGen: 555634K->288K(536704K)] 635834K->80544K(1223680K), 0.0037140 secs] [Times: user=0.01 sys=0.00, real=0.00 secs] 
2014-07-16T03:39:04.768+0000: 293.857: [GC [PSYoungGen: 536672K->352K(518656K)] 616928K->80640K(1205632K), 0.0048130 secs] [Times: user=0.01 sys=0.00, real=0.00 secs] 
2014-07-16T03:39:05.871+0000: 294.959: [GC [PSYoungGen: 518619K->356K(501376K)] 598908K->80676K(1188352K), 0.0035130 secs] [Times: user=0.01 sys=0.00, real=0.00 secs] 
2014-07-16T03:39:06.934+0000: 296.022: [GC [PSYoungGen: 501253K->352K(484864K)] 581573K->80728K(1171840K), 0.0077940 secs] [Times: user=0.03 sys=0.00, real=0.01 secs] 
2014-07-16T03:39:08.029+0000: 297.117: [GC [PSYoungGen: 484832K->534K(469248K)] 565208K->81006K(1156224K), 0.0123730 secs] [Times: user=0.04 sys=0.00, real=0.01 secs] 
2014-07-16T03:39:09.016+0000: 298.104: [GC [PSYoungGen: 469206K->288K(453888K)] 549678K->80888K(1140864K), 0.0077600 secs] [Times: user=0.03 sys=0.01, real=0.01 secs] 
2014-07-16T03:39:10.018+0000: 299.106: [GC [PSYoungGen: 453781K->388K(439616K)] 534381K->81052K(1126592K), 0.0055310 secs] [Times: user=0.01 sys=0.00, real=0.00 secs] 
2014-07-16T03:39:10.930+0000: 300.018: [GC [PSYoungGen: 439556K->160K(425536K)] 520220K->80888K(1112512K), 0.0056880 secs] [Times: user=0.01 sys=0.00, real=0.00 secs] 
2014-07-16T03:39:11.844+0000: 300.933: [GC [PSYoungGen: 425503K->388K(412608K)] 506232K->81164K(1099584K), 0.0100240 secs] [Times: user=0.04 sys=0.00, real=0.01 secs] 
2014-07-16T03:39:12.725+0000: 301.813: [GC [PSYoungGen: 412548K->448K(399936K)] 493324K->81272K(1086912K), 0.0078380 secs] [Times: user=0.02 sys=0.01, real=0.01 secs] 
2014-07-16T03:39:13.578+0000: 302.666: [GC [PSYoungGen: 399936K->288K(387712K)] 480760K->81176K(1074688K), 0.0045450 secs] [Times: user=0.01 sys=0.00, real=0.01 secs] 
2014-07-16T03:39:14.406+0000: 303.494: [GC [PSYoungGen: 387680K->370K(376192K)] 468568K->81298K(1063168K), 0.0129550 secs] [Times: user=0.05 sys=0.00, real=0.02 secs] 
2014-07-16T03:39:15.199+0000: 304.287: [GC [PSYoungGen: 376177K->224K(364928K)] 457105K->81184K(1051904K), 0.0027900 secs] [Times: user=0.01 sys=0.00, real=0.00 secs] 
2014-07-16T03:39:15.982+0000: 305.070: [GC [PSYoungGen: 364896K->224K(354304K)] 445856K->81224K(1041280K), 0.0035390 secs] [Times: user=0.01 sys=0.00, real=0.00 secs] 
2014-07-16T03:39:16.747+0000: 305.835: [GC [PSYoungGen: 354272K->470K(344320K)] 435272K->81486K(1031296K), 0.0043970 secs] [Times: user=0.01 sys=0.00, real=0.01 secs] 
2014-07-16T03:39:17.571+0000: 306.660: [GC [PSYoungGen: 344278K->630K(334656K)] 425294K->81750K(1021632K), 0.0065920 secs] [Times: user=0.03 sys=0.00, real=0.00 secs] 
2014-07-16T03:39:18.298+0000: 307.386: [GC [PSYoungGen: 334646K->192K(324800K)] 415766K->82044K(1011776K), 0.0051430 secs] [Times: user=0.01 sys=0.00, real=0.01 secs] 
2014-07-16T03:39:18.986+0000: 308.075: [GC [PSYoungGen: 324800K->448K(316032K)] 406652K->82380K(1003008K), 0.0054140 secs] [Times: user=0.02 sys=0.00, real=0.01 secs] 
2014-07-16T03:39:19.659+0000: 308.747: [GC [PSYoungGen: 315998K->804K(379584K)] 397930K->83126K(1066560K), 0.0209590 secs] [Times: user=0.07 sys=0.00, real=0.03 secs] 
2014-07-16T03:39:20.453+0000: 309.541: [GC [PSYoungGen: 379535K->192K(454720K)] 461857K->82546K(1141696K), 0.0055440 secs] [Times: user=0.01 sys=0.00, real=0.00 secs] 
2014-07-16T03:39:21.422+0000: 310.510: [GC [PSYoungGen: 454718K->338K(440448K)] 537073K->82748K(1127424K), 0.0035250 secs] [Times: user=0.01 sys=0.00, real=0.00 secs] 
2014-07-16T03:39:22.438+0000: 311.526: [GC [PSYoungGen: 440402K->1060K(427328K)] 522812K->83566K(1114304K), 0.0065560 secs] [Times: user=0.01 sys=0.00, real=0.01 secs] 
2014-07-16T03:39:23.291+0000: 312.379: [GC [PSYoungGen: 427300K->434K(413440K)] 509806K->82996K(1100416K), 0.0098030 secs] [Times: user=0.03 sys=0.00, real=0.01 secs] 
2014-07-16T03:39:24.167+0000: 313.255: [GC [PSYoungGen: 413426K->306K(400640K)] 495988K->82940K(1087616K), 0.0088230 secs] [Times: user=0.03 sys=0.00, real=0.01 secs] 
2014-07-16T03:39:25.027+0000: 314.115: [GC [PSYoungGen: 400626K->502K(480896K)] 483260K->83160K(1167872K), 0.0122720 secs] [Times: user=0.05 sys=0.01, real=0.01 secs] 
2014-07-16T03:39:26.051+0000: 315.140: [GC [PSYoungGen: 480884K->192K(464960K)] 563542K->82882K(1151936K), 0.0050750 secs] [Times: user=0.01 sys=0.00, real=0.00 secs] 
2014-07-16T03:39:27.051+0000: 316.139: [GC [PSYoungGen: 464960K->402K(450304K)] 547650K->83124K(1137280K), 0.0119580 secs] [Times: user=0.04 sys=0.00, real=0.01 secs] 
2014-07-16T03:39:28.039+0000: 317.127: [GC [PSYoungGen: 450258K->352K(435968K)] 532980K->83162K(1122944K), 0.0048050 secs] [Times: user=0.01 sys=0.00, real=0.01 secs] 
2014-07-16T03:39:28.987+0000: 318.075: [GC [PSYoungGen: 435936K->516K(422528K)] 518746K->83462K(1109504K), 0.0118450 secs] [Times: user=0.05 sys=0.00, real=0.01 secs] 
2014-07-16T03:39:29.876+0000: 318.965: [GC [PSYoungGen: 422468K->274K(409216K)] 505414K->83300K(1096192K), 0.0056120 secs] [Times: user=0.01 sys=0.00, real=0.01 secs] 
2014-07-16T03:39:30.746+0000: 319.834: [GC [PSYoungGen: 409084K->388K(396864K)] 492110K->83470K(1083840K), 0.0088690 secs] [Times: user=0.03 sys=0.01, real=0.01 secs] 
2014-07-16T03:39:31.592+0000: 320.680: [GC [PSYoungGen: 396774K->256K(384704K)] 479856K->83378K(1071680K), 0.0063150 secs] [Times: user=0.03 sys=0.00, real=0.00 secs] 
2014-07-16T03:39:32.408+0000: 321.496: [GC [PSYoungGen: 384704K->224K(373248K)] 467826K->83378K(1060224K), 0.0051120 secs] [Times: user=0.01 sys=0.01, real=0.01 secs] 
2014-07-16T03:39:33.221+0000: 322.309: [GC [PSYoungGen: 373216K->320K(362304K)] 456370K->83530K(1049280K), 0.0049130 secs] [Times: user=0.02 sys=0.00, real=0.01 secs] 
2014-07-16T03:39:33.989+0000: 323.077: [GC [PSYoungGen: 362284K->488K(351936K)] 445494K->83770K(1038912K), 0.0088300 secs] [Times: user=0.04 sys=0.00, real=0.01 secs] 
2014-07-16T03:39:34.743+0000: 323.831: [GC [PSYoungGen: 351850K->420K(341760K)] 435132K->83718K(1028736K), 0.0071770 secs] [Times: user=0.01 sys=0.00, real=0.00 secs] 
2014-07-16T03:39:35.464+0000: 324.552: [GC [PSYoungGen: 341730K->160K(331840K)] 425028K->83474K(1018816K), 0.0036300 secs] [Times: user=0.01 sys=0.01, real=0.00 secs] 
2014-07-16T03:39:36.172+0000: 325.260: [GC [PSYoungGen: 331808K->306K(322688K)] 415122K->83652K(1009664K), 0.0100900 secs] [Times: user=0.04 sys=0.00, real=0.01 secs] 
2014-07-16T03:39:36.868+0000: 325.956: [GC [PSYoungGen: 322674K->224K(387136K)] 406020K->83602K(1074112K), 0.0098980 secs] [Times: user=0.04 sys=0.00, real=0.01 secs] 
2014-07-16T03:39:37.777+0000: 326.865: [GC [PSYoungGen: 387104K->740K(465024K)] 470482K->84510K(1152000K), 0.0393810 secs] [Times: user=0.14 sys=0.00, real=0.04 secs] 
2014-07-16T03:39:38.749+0000: 327.838: [GC [PSYoungGen: 464995K->352K(557504K)] 548765K->84226K(1244480K), 0.0050300 secs] [Times: user=0.01 sys=0.00, real=0.01 secs] 
2014-07-16T03:39:39.932+0000: 329.021: [GC [PSYoungGen: 557472K->320K(668864K)] 641346K->84370K(1355840K), 0.0096280 secs] [Times: user=0.04 sys=0.00, real=0.01 secs] 
2014-07-16T03:39:41.365+0000: 330.453: [GC [PSYoungGen: 668864K->192K(802496K)] 752914K->84306K(1489472K), 0.0040270 secs] [Times: user=0.01 sys=0.00, real=0.00 secs] 
2014-07-16T03:39:43.121+0000: 332.209: [GC [PSYoungGen: 802496K->470K(772480K)] 886610K->84624K(1459456K), 0.0057280 secs] [Times: user=0.01 sys=0.00, real=0.01 secs] 
2014-07-16T03:39:44.741+0000: 333.829: [GC [PSYoungGen: 772438K->160K(743232K)] 856592K->84402K(1430208K), 0.0086450 secs] [Times: user=0.03 sys=0.00, real=0.01 secs] 
2014-07-16T03:39:46.319+0000: 335.407: [GC [PSYoungGen: 743200K->274K(715776K)] 827442K->84540K(1402752K), 0.0055420 secs] [Times: user=0.01 sys=0.00, real=0.01 secs] 
2014-07-16T03:39:47.965+0000: 337.054: [GC [PSYoungGen: 715730K->886K(690112K)] 799996K->85528K(1377088K), 0.0078120 secs] [Times: user=0.02 sys=0.00, real=0.01 secs] 
2014-07-16T03:39:49.389+0000: 338.477: [GC [PSYoungGen: 690102K->416K(664640K)] 774744K->85234K(1351616K), 0.0048290 secs] [Times: user=0.01 sys=0.00, real=0.01 secs] 
2014-07-16T03:39:50.805+0000: 339.894: [GC [PSYoungGen: 664608K->498K(640832K)] 749426K->85476K(1327808K), 0.0047310 secs] [Times: user=0.01 sys=0.00, real=0.00 secs] 
2014-07-16T03:39:52.164+0000: 341.252: [GC [PSYoungGen: 640794K->324K(617920K)] 725772K->85374K(1304896K), 0.0033580 secs] [Times: user=0.01 sys=0.00, real=0.00 secs] 
2014-07-16T03:39:53.534+0000: 342.623: [GC [PSYoungGen: 617860K->192K(595968K)] 702910K->85282K(1282944K), 0.0052310 secs] [Times: user=0.01 sys=0.00, real=0.00 secs] 
2014-07-16T03:39:54.801+0000: 343.890: [GC [PSYoungGen: 595968K->374K(575424K)] 681058K->85536K(1262400K), 0.0041000 secs] [Times: user=0.01 sys=0.00, real=0.01 secs] 
2014-07-16T03:39:56.035+0000: 345.123: [GC [PSYoungGen: 575414K->498K(555712K)] 660576K->85684K(1242688K), 0.0103990 secs] [Times: user=0.03 sys=0.01, real=0.01 secs] 
2014-07-16T03:39:57.222+0000: 346.311: [GC [PSYoungGen: 555698K->452K(536768K)] 640884K->85670K(1223744K), 0.0073640 secs] [Times: user=0.03 sys=0.00, real=0.01 secs] 
2014-07-16T03:39:58.476+0000: 347.564: [GC [PSYoungGen: 536708K->530K(518784K)] 621926K->85868K(1205760K), 0.0038540 secs] [Times: user=0.01 sys=0.00, real=0.00 secs] 
2014-07-16T03:39:59.588+0000: 348.676: [GC [PSYoungGen: 518738K->640K(501568K)] 604076K->86130K(1188544K), 0.0051960 secs] [Times: user=0.02 sys=0.00, real=0.00 secs] 
2014-07-16T03:40:00.659+0000: 349.747: [GC [PSYoungGen: 501568K->452K(484928K)] 587058K->86014K(1171904K), 0.0199920 secs] [Times: user=0.06 sys=0.00, real=0.02 secs] 
2014-07-16T03:40:01.693+0000: 350.781: [GC [PSYoungGen: 484868K->256K(468864K)] 570430K->85882K(1155840K), 0.0076980 secs] [Times: user=0.03 sys=0.00, real=0.01 secs] 
2014-07-16T03:40:02.698+0000: 351.786: [GC [PSYoungGen: 468794K->470K(454016K)] 554420K->86136K(1140992K), 0.0128770 secs] [Times: user=0.04 sys=0.00, real=0.01 secs] 
2014-07-16T03:40:03.739+0000: 352.827: [GC [PSYoungGen: 453954K->416K(439552K)] 539621K->86122K(1126528K), 0.0064860 secs] [Times: user=0.01 sys=0.00, real=0.00 secs] 
2014-07-16T03:40:04.675+0000: 353.763: [GC [PSYoungGen: 439513K->356K(425664K)] 525219K->86142K(1112640K), 0.0088590 secs] [Times: user=0.03 sys=0.00, real=0.01 secs] 
2014-07-16T03:40:05.579+0000: 354.667: [GC [PSYoungGen: 425636K->274K(412416K)] 511422K->86084K(1099392K), 0.0050480 secs] [Times: user=0.01 sys=0.00, real=0.00 secs] 
2014-07-16T03:40:06.466+0000: 355.554: [GC [PSYoungGen: 412370K->452K(399936K)] 498180K->86286K(1086912K), 0.0103020 secs] [Times: user=0.04 sys=0.00, real=0.01 secs] 
2014-07-16T03:40:07.311+0000: 356.399: [GC [PSYoungGen: 399876K->612K(387968K)] 485710K->86518K(1074944K), 0.0080340 secs] [Times: user=0.02 sys=0.00, real=0.01 secs] 
2014-07-16T03:40:08.214+0000: 357.303: [GC [PSYoungGen: 387940K->420K(376192K)] 473846K->87126K(1063168K), 0.0068860 secs] [Times: user=0.01 sys=0.00, real=0.01 secs] 
2014-07-16T03:40:08.991+0000: 358.079: [GC [PSYoungGen: 376164K->530K(451520K)] 462870K->87316K(1138496K), 0.0120790 secs] [Times: user=0.04 sys=0.00, real=0.01 secs] 
2014-07-16T03:40:09.961+0000: 359.049: [GC [PSYoungGen: 451473K->416K(437056K)] 538259K->87450K(1124032K), 0.0060220 secs] [Times: user=0.02 sys=0.01, real=0.01 secs] 
2014-07-16T03:40:10.892+0000: 359.981: [GC [PSYoungGen: 437024K->210K(423168K)] 524058K->87308K(1110144K), 0.0033590 secs] [Times: user=0.01 sys=0.00, real=0.00 secs] 
2014-07-16T03:40:11.801+0000: 360.889: [GC [PSYoungGen: 423122K->256K(410048K)] 510220K->87402K(1097024K), 0.0044210 secs] [Times: user=0.01 sys=0.00, real=0.00 secs] 
2014-07-16T03:40:12.674+0000: 361.762: [GC [PSYoungGen: 410048K->612K(397888K)] 497194K->87782K(1084864K), 0.0034450 secs] [Times: user=0.01 sys=0.00, real=0.01 secs] 
2014-07-16T03:40:13.580+0000: 362.668: [GC [PSYoungGen: 397784K->402K(385664K)] 484954K->87596K(1072640K), 0.0077200 secs] [Times: user=0.03 sys=0.00, real=0.01 secs] 
2014-07-16T03:40:14.400+0000: 363.489: [GC [PSYoungGen: 385618K->160K(373888K)] 472812K->87410K(1060864K), 0.0043120 secs] [Times: user=0.01 sys=0.01, real=0.00 secs] 
2014-07-16T03:40:15.199+0000: 364.288: [GC [PSYoungGen: 373856K->530K(363264K)] 461106K->87820K(1050240K), 0.0088320 secs] [Times: user=0.03 sys=0.00, real=0.01 secs] 
2014-07-16T03:40:15.975+0000: 365.063: [GC [PSYoungGen: 363218K->192K(352320K)] 450508K->87530K(1039296K), 0.0031340 secs] [Times: user=0.01 sys=0.00, real=0.01 secs] 
2014-07-16T03:40:16.731+0000: 365.820: [GC [PSYoungGen: 352320K->352K(342400K)] 439658K->87714K(1029376K), 0.0036600 secs] [Times: user=0.01 sys=0.00, real=0.00 secs] 
2014-07-16T03:40:17.452+0000: 366.540: [GC [PSYoungGen: 342368K->420K(332736K)] 429730K->87846K(1019712K), 0.0042220 secs] [Times: user=0.00 sys=0.00, real=0.00 secs] 
2014-07-16T03:40:18.162+0000: 367.250: [GC [PSYoungGen: 332707K->562K(399360K)] 420133K->88076K(1086336K), 0.0197890 secs] [Times: user=0.07 sys=0.00, real=0.02 secs] 
2014-07-16T03:40:19.064+0000: 368.152: [GC [PSYoungGen: 399346K->434K(387136K)] 486860K->87996K(1074112K), 0.0045960 secs] [Times: user=0.01 sys=0.00, real=0.01 secs] 
2014-07-16T03:40:19.887+0000: 368.975: [GC [PSYoungGen: 387122K->320K(375424K)] 474684K->87986K(1062400K), 0.0043540 secs] [Times: user=0.01 sys=0.00, real=0.01 secs] 
2014-07-16T03:40:20.731+0000: 369.819: [GC [PSYoungGen: 375424K->580K(364672K)] 463090K->88310K(1051648K), 0.0065220 secs] [Times: user=0.02 sys=0.00, real=0.00 secs] 
2014-07-16T03:40:21.476+0000: 370.564: [GC [PSYoungGen: 364612K->484K(353920K)] 452342K->88262K(1040896K), 0.0045370 secs] [Times: user=0.01 sys=0.00, real=0.01 secs] 
2014-07-16T03:40:22.225+0000: 371.314: [GC [PSYoungGen: 353892K->128K(343360K)] 441670K->87938K(1030336K), 0.0035120 secs] [Times: user=0.01 sys=0.00, real=0.01 secs] 
2014-07-16T03:40:22.965+0000: 372.053: [GC [PSYoungGen: 343360K->160K(333632K)] 431170K->87986K(1020608K), 0.0055740 secs] [Times: user=0.01 sys=0.00, real=0.01 secs] 
2014-07-16T03:40:23.712+0000: 372.801: [GC [PSYoungGen: 333600K->452K(324608K)] 421426K->88302K(1011584K), 0.0087230 secs] [Times: user=0.03 sys=0.00, real=0.01 secs] 
2014-07-16T03:40:24.370+0000: 373.458: [GC [PSYoungGen: 324548K->64K(315136K)] 412398K->87970K(1002112K), 0.0056380 secs] [Times: user=0.00 sys=0.00, real=0.00 secs] 
2014-07-16T03:40:25.055+0000: 374.143: [GC [PSYoungGen: 315136K->402K(307264K)] 403042K->88340K(994240K), 0.0056190 secs] [Times: user=0.02 sys=0.00, real=0.01 secs] 
2014-07-16T03:40:25.698+0000: 374.786: [GC [PSYoungGen: 306834K->242K(298368K)] 394772K->88196K(985344K), 0.0051880 secs] [Times: user=0.01 sys=0.00, real=0.01 secs] 
2014-07-16T03:40:26.342+0000: 375.430: [GC [PSYoungGen: 298349K->452K(290688K)] 386303K->88430K(977664K), 0.0097540 secs] [Times: user=0.04 sys=0.01, real=0.01 secs] 
2014-07-16T03:40:26.967+0000: 376.055: [GC [PSYoungGen: 290628K->552K(283072K)] 378606K->88594K(970048K), 0.0061790 secs] [Times: user=0.02 sys=0.00, real=0.01 secs] 
2014-07-16T03:40:27.581+0000: 376.670: [GC [PSYoungGen: 283048K->466K(339520K)] 371090K->88580K(1026496K), 0.0074600 secs] [Times: user=0.03 sys=0.00, real=0.01 secs] 
2014-07-16T03:40:28.304+0000: 377.392: [GC [PSYoungGen: 339471K->466K(329920K)] 427585K->88652K(1016896K), 0.0046720 secs] [Times: user=0.00 sys=0.00, real=0.00 secs] 
2014-07-16T03:40:29.030+0000: 378.118: [GC [PSYoungGen: 329874K->420K(320640K)] 418060K->88654K(1007616K), 0.0043900 secs] [Times: user=0.01 sys=0.00, real=0.00 secs] 
2014-07-16T03:40:29.720+0000: 378.808: [GC [PSYoungGen: 320550K->556K(311936K)] 408784K->88878K(998912K), 0.0054540 secs] [Times: user=0.01 sys=0.00, real=0.00 secs] 
2014-07-16T03:40:30.380+0000: 379.468: [GC [PSYoungGen: 311916K->288K(303168K)] 400238K->88658K(990144K), 0.0036650 secs] [Times: user=0.01 sys=0.00, real=0.00 secs] 
2014-07-16T03:40:31.062+0000: 380.151: [GC [PSYoungGen: 303136K->466K(295232K)] 391506K->88884K(982208K), 0.0038330 secs] [Times: user=0.01 sys=0.00, real=0.00 secs] 
2014-07-16T03:40:31.660+0000: 380.748: [GC [PSYoungGen: 295184K->434K(287360K)] 383603K->88932K(974336K), 0.0048530 secs] [Times: user=0.01 sys=0.00, real=0.00 secs] 
2014-07-16T03:40:32.272+0000: 381.360: [GC [PSYoungGen: 287345K->224K(279616K)] 375843K->88770K(966592K), 0.0073460 secs] [Times: user=0.03 sys=0.00, real=0.00 secs] 
2014-07-16T03:40:32.871+0000: 381.960: [GC [PSYoungGen: 279582K->160K(272320K)] 368128K->88738K(959296K), 0.0066370 secs] [Times: user=0.01 sys=0.00, real=0.00 secs] 
2014-07-16T03:40:33.456+0000: 382.544: [GC [PSYoungGen: 272233K->406K(265600K)] 360811K->89008K(952576K), 0.0034610 secs] [Times: user=0.01 sys=0.00, real=0.00 secs] 
2014-07-16T03:40:34.039+0000: 383.128: [GC [PSYoungGen: 265558K->640K(259072K)] 354160K->89258K(946048K), 0.0061890 secs] [Times: user=0.01 sys=0.00, real=0.01 secs] 
2014-07-16T03:40:34.574+0000: 383.662: [GC [PSYoungGen: 259072K->160K(252160K)] 347690K->88842K(939136K), 0.0055620 secs] [Times: user=0.02 sys=0.00, real=0.00 secs] 
2014-07-16T03:40:35.124+0000: 384.213: [GC [PSYoungGen: 252058K->658K(246464K)] 340740K->89372K(933440K), 0.0033990 secs] [Times: user=0.02 sys=0.00, real=0.00 secs] 
2014-07-16T03:40:35.639+0000: 384.727: [GC [PSYoungGen: 246418K->452K(240320K)] 335132K->89190K(927296K), 0.0031920 secs] [Times: user=0.01 sys=0.00, real=0.01 secs] 
2014-07-16T03:40:36.140+0000: 385.229: [GC [PSYoungGen: 240260K->324K(234432K)] 328998K->89078K(921408K), 0.0039040 secs] [Times: user=0.01 sys=0.00, real=0.01 secs] 
2014-07-16T03:40:36.650+0000: 385.738: [GC [PSYoungGen: 234372K->256K(228736K)] 323126K->89042K(915712K), 0.0058270 secs] [Times: user=0.02 sys=0.00, real=0.01 secs] 
2014-07-16T03:40:37.139+0000: 386.228: [GC [PSYoungGen: 228736K->338K(223552K)] 317522K->89188K(910528K), 0.0053210 secs] [Times: user=0.02 sys=0.00, real=0.01 secs] 
2014-07-16T03:40:37.613+0000: 386.701: [GC [PSYoungGen: 223506K->224K(268096K)] 312356K->89130K(955072K), 0.0108200 secs] [Times: user=0.04 sys=0.00, real=0.01 secs] 
2014-07-16T03:40:38.190+0000: 387.278: [GC [PSYoungGen: 268064K->288K(321728K)] 356970K->89242K(1008704K), 0.0058050 secs] [Times: user=0.01 sys=0.00, real=0.01 secs] 
2014-07-16T03:40:38.949+0000: 388.037: [GC [PSYoungGen: 321688K->416K(386176K)] 410643K->89402K(1073152K), 0.0046240 secs] [Times: user=0.01 sys=0.00, real=0.01 secs] 
2014-07-16T03:40:39.742+0000: 388.830: [GC [PSYoungGen: 386143K->448K(463360K)] 475129K->89546K(1150336K), 0.0075660 secs] [Times: user=0.03 sys=0.00, real=0.00 secs] 
2014-07-16T03:40:40.733+0000: 389.821: [GC [PSYoungGen: 463360K->274K(448384K)] 552458K->89420K(1135360K), 0.0062320 secs] [Times: user=0.02 sys=0.00, real=0.00 secs] 
2014-07-16T03:40:41.760+0000: 390.848: [GC [PSYoungGen: 448338K->192K(434048K)] 537484K->89386K(1121024K), 0.0036530 secs] [Times: user=0.01 sys=0.00, real=0.01 secs] 
2014-07-16T03:40:42.679+0000: 391.768: [GC [PSYoungGen: 434048K->292K(420608K)] 523242K->89558K(1107584K), 0.0056130 secs] [Times: user=0.02 sys=0.00, real=0.01 secs] 
2014-07-16T03:40:43.584+0000: 392.672: [GC [PSYoungGen: 420580K->388K(407744K)] 509846K->89694K(1094720K), 0.0074580 secs] [Times: user=0.03 sys=0.00, real=0.00 secs] 
2014-07-16T03:40:44.470+0000: 393.558: [GC [PSYoungGen: 407684K->406K(395328K)] 496990K->89744K(1082304K), 0.0043160 secs] [Times: user=0.02 sys=0.00, real=0.01 secs] 
2014-07-16T03:40:45.310+0000: 394.398: [GC [PSYoungGen: 395286K->160K(383168K)] 484624K->89554K(1070144K), 0.0030240 secs] [Times: user=0.00 sys=0.00, real=0.01 secs] 
2014-07-16T03:40:46.143+0000: 395.232: [GC [PSYoungGen: 383135K->612K(372224K)] 472529K->90296K(1059200K), 0.0065410 secs] [Times: user=0.02 sys=0.00, real=0.00 secs] 
2014-07-16T03:40:46.930+0000: 396.019: [GC [PSYoungGen: 372196K->420K(361088K)] 461880K->90178K(1048064K), 0.0059330 secs] [Times: user=0.01 sys=0.00, real=0.01 secs] 
2014-07-16T03:40:47.700+0000: 396.788: [GC [PSYoungGen: 361058K->242K(350400K)] 450817K->90072K(1037376K), 0.0112460 secs] [Times: user=0.04 sys=0.00, real=0.01 secs] 
2014-07-16T03:40:48.455+0000: 397.543: [GC [PSYoungGen: 350318K->356K(340480K)] 440149K->90250K(1027456K), 0.0036870 secs] [Times: user=0.00 sys=0.00, real=0.00 secs] 
2014-07-16T03:40:49.211+0000: 398.299: [GC [PSYoungGen: 340452K->320K(330752K)] 430346K->90278K(1017728K), 0.0129020 secs] [Times: user=0.04 sys=0.00, real=0.02 secs] 
2014-07-16T03:40:49.946+0000: 399.035: [GC [PSYoungGen: 330752K->616K(321792K)] 420710K->90686K(1008768K), 0.0068010 secs] [Times: user=0.02 sys=0.01, real=0.01 secs] 
2014-07-16T03:40:50.638+0000: 399.726: [GC [PSYoungGen: 321768K->320K(312576K)] 411838K->90446K(999552K), 0.0046660 secs] [Times: user=0.01 sys=0.00, real=0.00 secs] 
2014-07-16T03:40:51.320+0000: 400.409: [GC [PSYoungGen: 312571K->598K(304384K)] 402698K->90772K(991360K), 0.0036900 secs] [Times: user=0.01 sys=0.00, real=0.01 secs] 
2014-07-16T03:40:51.960+0000: 401.048: [GC [PSYoungGen: 304342K->256K(295808K)] 394516K->90470K(982784K), 0.0066560 secs] [Times: user=0.02 sys=0.00, real=0.01 secs] 
2014-07-16T03:40:52.605+0000: 401.694: [GC [PSYoungGen: 295723K->384K(288064K)] 385937K->90622K(975040K), 0.0033630 secs] [Times: user=0.02 sys=0.00, real=0.00 secs] 
2014-07-16T03:40:53.239+0000: 402.327: [GC [PSYoungGen: 288037K->402K(280576K)] 378276K->90672K(967552K), 0.0089120 secs] [Times: user=0.03 sys=0.00, real=0.01 secs] 
2014-07-16T03:40:53.934+0000: 403.022: [GC [PSYoungGen: 280530K->754K(273664K)] 370800K->91384K(960640K), 0.0053920 secs] [Times: user=0.02 sys=0.00, real=0.00 secs] 
2014-07-16T03:40:54.485+0000: 403.573: [GC [PSYoungGen: 273650K->370K(266304K)] 364280K->91040K(953280K), 0.0042620 secs] [Times: user=0.01 sys=0.00, real=0.00 secs] 
2014-07-16T03:40:55.058+0000: 404.146: [GC [PSYoungGen: 266290K->544K(259776K)] 356960K->91326K(946752K), 0.0063980 secs] [Times: user=0.01 sys=0.00, real=0.01 secs] 
2014-07-16T03:40:55.627+0000: 404.715: [GC [PSYoungGen: 259744K->534K(253312K)] 350526K->91356K(940288K), 0.0045880 secs] [Times: user=0.01 sys=0.00, real=0.00 secs] 
2014-07-16T03:40:56.178+0000: 405.266: [GC [PSYoungGen: 253267K->402K(246976K)] 344089K->91272K(933952K), 0.0056620 secs] [Times: user=0.01 sys=0.01, real=0.00 secs] 
2014-07-16T03:40:56.698+0000: 405.786: [GC [PSYoungGen: 246930K->370K(296256K)] 337800K->91264K(983232K), 0.0129600 secs] [Times: user=0.04 sys=0.00, real=0.01 secs] 
2014-07-16T03:40:57.328+0000: 406.416: [GC [PSYoungGen: 296167K->434K(355520K)] 387061K->91392K(1042496K), 0.0095170 secs] [Times: user=0.03 sys=0.00, real=0.01 secs] 
2014-07-16T03:40:58.087+0000: 407.175: [GC [PSYoungGen: 355499K->256K(426368K)] 446457K->91278K(1113344K), 0.0047810 secs] [Times: user=0.01 sys=0.00, real=0.00 secs] 
2014-07-16T03:40:59.070+0000: 408.158: [GC [PSYoungGen: 426368K->822K(512192K)] 517390K->91956K(1199168K), 0.0060890 secs] [Times: user=0.02 sys=0.00, real=0.01 secs] 
2014-07-16T03:41:00.136+0000: 409.225: [GC [PSYoungGen: 512182K->352K(494784K)] 603316K->91590K(1181760K), 0.0031110 secs] [Times: user=0.01 sys=0.00, real=0.00 secs] 
2014-07-16T03:41:01.185+0000: 410.273: [GC [PSYoungGen: 494752K->288K(478528K)] 585990K->91606K(1165504K), 0.0039060 secs] [Times: user=0.01 sys=0.00, real=0.00 secs] 
2014-07-16T03:41:02.210+0000: 411.298: [GC [PSYoungGen: 478494K->402K(574336K)] 569812K->91776K(1261312K), 0.0245160 secs] [Times: user=0.09 sys=0.00, real=0.02 secs] 
2014-07-16T03:41:03.439+0000: 412.528: [GC [PSYoungGen: 574290K->256K(554368K)] 665664K->91678K(1241344K), 0.0039710 secs] [Times: user=0.01 sys=0.00, real=0.00 secs] 
2014-07-16T03:41:04.677+0000: 413.765: [GC [PSYoungGen: 554366K->744K(536000K)] 645789K->92222K(1222976K), 0.0059500 secs] [Times: user=0.01 sys=0.01, real=0.00 secs] 
2014-07-16T03:41:05.839+0000: 414.927: [GC [PSYoungGen: 535976K->320K(517504K)] 627454K->91854K(1204480K), 0.0048310 secs] [Times: user=0.01 sys=0.00, real=0.00 secs] 
2014-07-16T03:41:06.932+0000: 416.021: [GC [PSYoungGen: 517504K->288K(500288K)] 609038K->91870K(1187264K), 0.0104610 secs] [Times: user=0.04 sys=0.00, real=0.01 secs] 
2014-07-16T03:41:08.017+0000: 417.105: [GC [PSYoungGen: 500256K->448K(483968K)] 591838K->92110K(1170944K), 0.0044920 secs] [Times: user=0.01 sys=0.00, real=0.00 secs] 
2014-07-16T03:41:09.056+0000: 418.144: [GC [PSYoungGen: 483968K->548K(580800K)] 575630K->92298K(1267776K), 0.0304030 secs] [Times: user=0.10 sys=0.00, real=0.05 secs] 
2014-07-16T03:41:10.335+0000: 419.423: [GC [PSYoungGen: 580772K->320K(696640K)] 672522K->92118K(1383616K), 0.0064300 secs] [Times: user=0.01 sys=0.01, real=0.01 secs] 
2014-07-16T03:41:11.831+0000: 420.920: [GC [PSYoungGen: 696640K->384K(835968K)] 788438K->92294K(1522944K), 0.0173110 secs] [Times: user=0.06 sys=0.00, real=0.02 secs] 
2014-07-16T03:41:13.627+0000: 422.716: [GC [PSYoungGen: 835968K->256K(803968K)] 927878K->92246K(1490944K), 0.0049600 secs] [Times: user=0.02 sys=0.00, real=0.00 secs] 
2014-07-16T03:41:15.403+0000: 424.491: [GC [PSYoungGen: 803933K->370K(773696K)] 895923K->92416K(1460672K), 0.0061510 secs] [Times: user=0.01 sys=0.00, real=0.01 secs] 
2014-07-16T03:41:17.056+0000: 426.144: [GC [PSYoungGen: 773682K->224K(744576K)] 865728K->92334K(1431552K), 0.0079720 secs] [Times: user=0.01 sys=0.00, real=0.01 secs] 
2014-07-16T03:41:18.661+0000: 427.749: [GC [PSYoungGen: 744544K->758K(717504K)] 836654K->93228K(1404480K), 0.0078490 secs] [Times: user=0.02 sys=0.00, real=0.01 secs] 
2014-07-16T03:41:20.182+0000: 429.270: [GC [PSYoungGen: 717494K->648K(691136K)] 809964K->93238K(1378112K), 0.0083800 secs] [Times: user=0.03 sys=0.00, real=0.01 secs] 
2014-07-16T03:41:21.656+0000: 430.744: [GC [PSYoungGen: 691080K->434K(665792K)] 783670K->93152K(1352768K), 0.0138160 secs] [Times: user=0.04 sys=0.00, real=0.02 secs] 
2014-07-16T03:41:23.101+0000: 432.189: [GC [PSYoungGen: 665778K->320K(641728K)] 758496K->93102K(1328704K), 0.0072450 secs] [Times: user=0.01 sys=0.00, real=0.01 secs] 
2014-07-16T03:41:24.656+0000: 433.744: [GC [PSYoungGen: 641728K->950K(619520K)] 734510K->93804K(1306496K), 0.0061530 secs] [Times: user=0.01 sys=0.00, real=0.01 secs] 
2014-07-16T03:41:25.932+0000: 435.020: [GC [PSYoungGen: 619510K->306K(597056K)] 712364K->93256K(1284032K), 0.0056590 secs] [Times: user=0.01 sys=0.00, real=0.00 secs] 
2014-07-16T03:41:27.207+0000: 436.295: [GC [PSYoungGen: 597042K->420K(576384K)] 689992K->93426K(1263360K), 0.0145700 secs] [Times: user=0.06 sys=0.00, real=0.02 secs] 
2014-07-16T03:41:28.448+0000: 437.536: [GC [PSYoungGen: 576350K->630K(556736K)] 669357K->93740K(1243712K), 0.0080930 secs] [Times: user=0.02 sys=0.00, real=0.01 secs] 
2014-07-16T03:41:29.693+0000: 438.781: [GC [PSYoungGen: 556723K->694K(537856K)] 649834K->93892K(1224832K), 0.0047020 secs] [Times: user=0.01 sys=0.00, real=0.00 secs] 
2014-07-16T03:41:30.810+0000: 439.898: [GC [PSYoungGen: 537807K->950K(645568K)] 631005K->94276K(1332544K), 0.0349240 secs] [Times: user=0.13 sys=0.00, real=0.03 secs] 
2014-07-16T03:41:32.186+0000: 441.275: [GC [PSYoungGen: 645558K->288K(773888K)] 738884K->93678K(1460864K), 0.0131510 secs] [Times: user=0.04 sys=0.00, real=0.02 secs] 
2014-07-16T03:41:33.850+0000: 442.939: [GC [PSYoungGen: 773852K->224K(744832K)] 867242K->93694K(1431808K), 0.0033480 secs] [Times: user=0.01 sys=0.00, real=0.00 secs] 
2014-07-16T03:41:35.446+0000: 444.534: [GC [PSYoungGen: 744799K->416K(717376K)] 838269K->93942K(1404352K), 0.0048390 secs] [Times: user=0.01 sys=0.00, real=0.01 secs] 
2014-07-16T03:41:36.994+0000: 446.083: [GC [PSYoungGen: 717339K->1046K(691712K)] 810865K->94652K(1378688K), 0.0073030 secs] [Times: user=0.02 sys=0.00, real=0.01 secs] 
2014-07-16T03:41:38.446+0000: 447.534: [GC [PSYoungGen: 691670K->384K(665920K)] 785276K->94078K(1352896K), 0.0048130 secs] [Times: user=0.01 sys=0.00, real=0.01 secs] 
2014-07-16T03:41:39.937+0000: 449.025: [GC [PSYoungGen: 665920K->530K(642176K)] 759614K->94336K(1329152K), 0.0179600 secs] [Times: user=0.06 sys=0.00, real=0.02 secs] 
2014-07-16T03:41:41.315+0000: 450.404: [GC [PSYoungGen: 642130K->320K(619072K)] 735936K->94238K(1306048K), 0.0044340 secs] [Times: user=0.01 sys=0.00, real=0.01 secs] 
2014-07-16T03:41:42.678+0000: 451.766: [GC [PSYoungGen: 619072K->534K(597504K)] 712990K->94524K(1284480K), 0.0043130 secs] [Times: user=0.02 sys=0.00, real=0.01 secs] 
2014-07-16T03:41:43.973+0000: 453.061: [GC [PSYoungGen: 597462K->288K(576448K)] 691452K->94334K(1263424K), 0.0037120 secs] [Times: user=0.01 sys=0.00, real=0.00 secs] 
2014-07-16T03:41:45.192+0000: 454.280: [GC [PSYoungGen: 576416K->324K(556672K)] 670462K->94402K(1243648K), 0.0045460 secs] [Times: user=0.01 sys=0.00, real=0.00 secs] 
2014-07-16T03:41:46.388+0000: 455.476: [GC [PSYoungGen: 556612K->224K(537536K)] 650690K->94350K(1224512K), 0.0096810 secs] [Times: user=0.02 sys=0.00, real=0.01 secs] 
2014-07-16T03:41:47.538+0000: 456.626: [GC [PSYoungGen: 537504K->192K(519360K)] 631630K->94358K(1206336K), 0.0042040 secs] [Times: user=0.01 sys=0.00, real=0.01 secs] 
2014-07-16T03:41:48.643+0000: 457.731: [GC [PSYoungGen: 519360K->306K(502144K)] 613526K->94552K(1189120K), 0.0048230 secs] [Times: user=0.01 sys=0.00, real=0.00 secs] 
2014-07-16T03:41:49.757+0000: 458.846: [GC [PSYoungGen: 502130K->776K(486080K)] 596376K->95094K(1173056K), 0.0042030 secs] [Times: user=0.01 sys=0.00, real=0.00 secs] 
2014-07-16T03:41:50.755+0000: 459.843: [GC [PSYoungGen: 486024K->338K(469824K)] 580342K->94752K(1156800K), 0.0029620 secs] [Times: user=0.01 sys=0.01, real=0.00 secs] 
2014-07-16T03:41:51.769+0000: 460.857: [GC [PSYoungGen: 469778K->466K(454848K)] 564192K->94944K(1141824K), 0.0065060 secs] [Times: user=0.01 sys=0.00, real=0.01 secs] 
2014-07-16T03:41:52.753+0000: 461.841: [GC [PSYoungGen: 454799K->452K(440384K)] 549277K->94986K(1127360K), 0.0119590 secs] [Times: user=0.04 sys=0.00, real=0.01 secs] 
2014-07-16T03:41:53.680+0000: 462.768: [GC [PSYoungGen: 440324K->288K(426368K)] 534858K->94870K(1113344K), 0.0074320 secs] [Times: user=0.03 sys=0.00, real=0.01 secs] 
2014-07-16T03:41:54.593+0000: 463.681: [GC [PSYoungGen: 426336K->420K(413248K)] 520918K->95050K(1100224K), 0.0086520 secs] [Times: user=0.03 sys=0.00, real=0.00 secs] 
2014-07-16T03:41:55.495+0000: 464.583: [GC [PSYoungGen: 413220K->370K(400512K)] 507850K->95040K(1087488K), 0.0077640 secs] [Times: user=0.02 sys=0.00, real=0.00 secs] 
2014-07-16T03:41:56.347+0000: 465.436: [GC [PSYoungGen: 400498K->160K(388160K)] 495168K->94886K(1075136K), 0.0073560 secs] [Times: user=0.02 sys=0.00, real=0.01 secs] 
2014-07-16T03:41:57.173+0000: 466.261: [GC [PSYoungGen: 388128K->288K(465920K)] 482854K->95054K(1152896K), 0.0179300 secs] [Times: user=0.05 sys=0.00, real=0.02 secs] 
2014-07-16T03:41:58.179+0000: 467.267: [GC [PSYoungGen: 465888K->530K(559296K)] 560654K->95376K(1246272K), 0.0088850 secs] [Times: user=0.03 sys=0.00, real=0.01 secs] 
2014-07-16T03:41:59.358+0000: 468.447: [GC [PSYoungGen: 559246K->388K(540096K)] 654092K->95314K(1227072K), 0.0086180 secs] [Times: user=0.03 sys=0.00, real=0.01 secs] 
2014-07-16T03:42:00.522+0000: 469.610: [GC [PSYoungGen: 540028K->192K(521600K)] 634954K->95190K(1208576K), 0.0037130 secs] [Times: user=0.01 sys=0.00, real=0.01 secs] 
2014-07-16T03:42:01.637+0000: 470.725: [GC [PSYoungGen: 521600K->488K(504512K)] 616598K->95566K(1191488K), 0.0052510 secs] [Times: user=0.01 sys=0.00, real=0.00 secs] 
2014-07-16T03:42:02.712+0000: 471.801: [GC [PSYoungGen: 504423K->338K(487744K)] 599502K->95448K(1174720K), 0.0046230 secs] [Times: user=0.01 sys=0.00, real=0.01 secs] 
2014-07-16T03:42:03.754+0000: 472.842: [GC [PSYoungGen: 487698K->160K(471616K)] 582808K->95302K(1158592K), 0.0057520 secs] [Times: user=0.01 sys=0.00, real=0.00 secs] 
2014-07-16T03:42:04.787+0000: 473.876: [GC [PSYoungGen: 471584K->768K(456960K)] 566726K->96106K(1143936K), 0.0069680 secs] [Times: user=0.01 sys=0.00, real=0.01 secs] 
2014-07-16T03:42:05.743+0000: 474.831: [GC [PSYoungGen: 456960K->306K(441984K)] 552298K->95692K(1128960K), 0.0042980 secs] [Times: user=0.02 sys=0.00, real=0.01 secs] 
2014-07-16T03:42:06.684+0000: 475.772: [GC [PSYoungGen: 441970K->502K(428288K)] 537356K->95936K(1115264K), 0.0130820 secs] [Times: user=0.04 sys=0.00, real=0.01 secs] 
2014-07-16T03:42:07.591+0000: 476.679: [GC [PSYoungGen: 428278K->224K(513600K)] 523712K->95746K(1200576K), 0.0298640 secs] [Times: user=0.10 sys=0.00, real=0.03 secs] 
2014-07-16T03:42:08.689+0000: 477.778: [GC [PSYoungGen: 513568K->434K(616512K)] 609090K->96036K(1303488K), 0.0090090 secs] [Times: user=0.03 sys=0.00, real=0.01 secs] 
2014-07-16T03:42:10.039+0000: 479.127: [GC [PSYoungGen: 616498K->512K(739840K)] 712100K->96202K(1426816K), 0.0181600 secs] [Times: user=0.06 sys=0.00, real=0.02 secs] 
2014-07-16T03:42:11.599+0000: 480.687: [GC [PSYoungGen: 739840K->576K(887808K)] 835530K->96378K(1574784K), 0.0081530 secs] [Times: user=0.01 sys=0.00, real=0.01 secs] 
2014-07-16T03:42:13.487+0000: 482.576: [GC [PSYoungGen: 887735K->388K(853312K)] 983537K->96270K(1540288K), 0.0058680 secs] [Times: user=0.02 sys=0.00, real=0.00 secs] 
2014-07-16T03:42:15.307+0000: 484.395: [GC [PSYoungGen: 853250K->292K(820480K)] 949133K->96238K(1507456K), 0.0096500 secs] [Times: user=0.04 sys=0.00, real=0.01 secs] 
2014-07-16T03:42:17.059+0000: 486.147: [GC [PSYoungGen: 820452K->338K(789376K)] 916398K->96332K(1476352K), 0.0048680 secs] [Times: user=0.01 sys=0.00, real=0.00 secs] 
2014-07-16T03:42:18.752+0000: 487.841: [GC [PSYoungGen: 789330K->452K(759808K)] 885324K->96526K(1446784K), 0.0098460 secs] [Times: user=0.04 sys=0.00, real=0.01 secs] 
2014-07-16T03:42:20.369+0000: 489.457: [GC [PSYoungGen: 759747K->352K(731392K)] 855821K->96538K(1418368K), 0.0046140 secs] [Times: user=0.01 sys=0.00, real=0.00 secs] 
2014-07-16T03:42:21.938+0000: 491.027: [GC [PSYoungGen: 731360K->224K(704256K)] 827546K->96514K(1391232K), 0.0045790 secs] [Times: user=0.01 sys=0.00, real=0.00 secs] 
2014-07-16T03:42:23.452+0000: 492.540: [GC [PSYoungGen: 704224K->484K(678784K)] 800514K->96838K(1365760K), 0.0049270 secs] [Times: user=0.01 sys=0.00, real=0.01 secs] 
2014-07-16T03:42:24.913+0000: 494.001: [GC [PSYoungGen: 678756K->416K(654208K)] 775110K->96826K(1341184K), 0.0043850 secs] [Times: user=0.01 sys=0.00, real=0.01 secs] 
2014-07-16T03:42:26.429+0000: 495.518: [GC [PSYoungGen: 654151K->498K(630848K)] 750562K->96956K(1317824K), 0.0051040 secs] [Times: user=0.01 sys=0.00, real=0.00 secs] 
2014-07-16T03:42:27.815+0000: 496.903: [GC [PSYoungGen: 630756K->402K(756864K)] 727215K->96956K(1443840K), 0.0469420 secs] [Times: user=0.16 sys=0.01, real=0.05 secs] 
2014-07-16T03:42:29.483+0000: 498.571: [GC [PSYoungGen: 756818K->498K(908224K)] 853372K->97180K(1595200K), 0.0250530 secs] [Times: user=0.08 sys=0.00, real=0.02 secs] 
2014-07-16T03:42:31.491+0000: 500.580: [GC [PSYoungGen: 908210K->370K(872768K)] 1004892K->97164K(1559744K), 0.0051230 secs] [Times: user=0.01 sys=0.00, real=0.00 secs] 
2014-07-16T03:42:33.351+0000: 502.439: [GC [PSYoungGen: 872754K->224K(838976K)] 969548K->97154K(1525952K), 0.0032360 secs] [Times: user=0.01 sys=0.00, real=0.00 secs] 
2014-07-16T03:42:35.157+0000: 504.245: [GC [PSYoungGen: 838942K->570K(807232K)] 935873K->97548K(1494208K), 0.0121520 secs] [Times: user=0.04 sys=0.00, real=0.02 secs] 
2014-07-16T03:42:36.870+0000: 505.958: [GC [PSYoungGen: 807226K->384K(776512K)] 904204K->97418K(1463488K), 0.0037920 secs] [Times: user=0.01 sys=0.00, real=0.00 secs] 
2014-07-16T03:42:38.526+0000: 507.614: [GC [PSYoungGen: 776489K->320K(747328K)] 873524K->97450K(1434304K), 0.0067860 secs] [Times: user=0.02 sys=0.00, real=0.01 secs] 
2014-07-16T03:42:40.141+0000: 509.229: [GC [PSYoungGen: 747328K->690K(720000K)] 844458K->97964K(1406976K), 0.0113340 secs] [Times: user=0.04 sys=0.00, real=0.01 secs] 
2014-07-16T03:42:41.655+0000: 510.744: [GC [PSYoungGen: 719986K->288K(693184K)] 817260K->97698K(1380160K), 0.0068520 secs] [Times: user=0.01 sys=0.00, real=0.01 secs] 
2014-07-16T03:42:43.124+0000: 512.212: [GC [PSYoungGen: 693152K->320K(667968K)] 790562K->97802K(1354944K), 0.0055100 secs] [Times: user=0.02 sys=0.00, real=0.00 secs] 
2014-07-16T03:42:44.557+0000: 513.645: [GC [PSYoungGen: 667968K->288K(643904K)] 765450K->97818K(1330880K), 0.0089380 secs] [Times: user=0.03 sys=0.00, real=0.01 secs] 
2014-07-16T03:42:45.949+0000: 515.038: [GC [PSYoungGen: 643872K->356K(620992K)] 741402K->97958K(1307968K), 0.0098790 secs] [Times: user=0.02 sys=0.00, real=0.01 secs] 
2014-07-16T03:42:47.276+0000: 516.364: [GC [PSYoungGen: 620964K->466K(599232K)] 718566K->98108K(1286208K), 0.0045140 secs] [Times: user=0.01 sys=0.00, real=0.01 secs] 
2014-07-16T03:42:48.550+0000: 517.639: [GC [PSYoungGen: 599185K->384K(578240K)] 696828K->98154K(1265216K), 0.0103090 secs] [Times: user=0.04 sys=0.00, real=0.01 secs] 
2014-07-16T03:42:49.792+0000: 518.880: [GC [PSYoungGen: 578240K->448K(558336K)] 676010K->98314K(1245312K), 0.0070200 secs] [Times: user=0.01 sys=0.00, real=0.00 secs] 
2014-07-16T03:42:51.001+0000: 520.089: [GC [PSYoungGen: 558336K->448K(539264K)] 656202K->98378K(1226240K), 0.0090060 secs] [Times: user=0.04 sys=0.00, real=0.00 secs] 
2014-07-16T03:42:52.177+0000: 521.265: [GC [PSYoungGen: 539264K->466K(521152K)] 637194K->98476K(1208128K), 0.0110420 secs] [Times: user=0.04 sys=0.00, real=0.01 secs] 
2014-07-16T03:42:53.313+0000: 522.402: [GC [PSYoungGen: 521100K->352K(503616K)] 619110K->98434K(1190592K), 0.0059090 secs] [Times: user=0.01 sys=0.00, real=0.00 secs] 
2014-07-16T03:42:54.438+0000: 523.526: [GC [PSYoungGen: 503486K->552K(487232K)] 601568K->98682K(1174208K), 0.0043910 secs] [Times: user=0.01 sys=0.00, real=0.01 secs] 
2014-07-16T03:42:55.597+0000: 524.685: [GC [PSYoungGen: 487208K->416K(471232K)] 585338K->98594K(1158208K), 0.0036550 secs] [Times: user=0.01 sys=0.00, real=0.00 secs] 
2014-07-16T03:42:56.601+0000: 525.689: [GC [PSYoungGen: 471200K->434K(456064K)] 569378K->98700K(1143040K), 0.0161360 secs] [Times: user=0.05 sys=0.00, real=0.02 secs] 
2014-07-16T03:42:57.594+0000: 526.682: [GC [PSYoungGen: 456050K->384K(441472K)] 554316K->98738K(1128448K), 0.0141020 secs] [Times: user=0.05 sys=0.00, real=0.01 secs] 
2014-07-16T03:42:58.530+0000: 527.619: [GC [PSYoungGen: 441472K->274K(427520K)] 539826K->98724K(1114496K), 0.0046430 secs] [Times: user=0.01 sys=0.00, real=0.01 secs] 
2014-07-16T03:42:59.447+0000: 528.535: [GC [PSYoungGen: 427474K->352K(414272K)] 525924K->98850K(1101248K), 0.0063030 secs] [Times: user=0.01 sys=0.00, real=0.01 secs] 
2014-07-16T03:43:00.364+0000: 529.452: [GC [PSYoungGen: 414237K->498K(401664K)] 512735K->99044K(1088640K), 0.0045830 secs] [Times: user=0.01 sys=0.00, real=0.00 secs] 
2014-07-16T03:43:01.204+0000: 530.292: [GC [PSYoungGen: 401650K->320K(389312K)] 500196K->98954K(1076288K), 0.0095990 secs] [Times: user=0.03 sys=0.00, real=0.01 secs] 
2014-07-16T03:43:02.038+0000: 531.126: [GC [PSYoungGen: 389312K->256K(377600K)] 487946K->98914K(1064576K), 0.0039780 secs] [Times: user=0.01 sys=0.00, real=0.00 secs] 
2014-07-16T03:43:02.839+0000: 531.927: [GC [PSYoungGen: 377590K->388K(366592K)] 476249K->99078K(1053568K), 0.0101990 secs] [Times: user=0.04 sys=0.00, real=0.01 secs] 
2014-07-16T03:43:03.620+0000: 532.708: [GC [PSYoungGen: 366436K->392K(355904K)] 465126K->99106K(1042880K), 0.0076980 secs] [Times: user=0.02 sys=0.00, real=0.01 secs] 
2014-07-16T03:43:04.396+0000: 533.484: [GC [PSYoungGen: 355848K->452K(345728K)] 454562K->99190K(1032704K), 0.0039190 secs] [Times: user=0.01 sys=0.00, real=0.00 secs] 
2014-07-16T03:43:05.136+0000: 534.224: [GC [PSYoungGen: 345668K->374K(335744K)] 444406K->99448K(1022720K), 0.0055240 secs] [Times: user=0.02 sys=0.00, real=0.00 secs] 
2014-07-16T03:43:05.867+0000: 534.955: [GC [PSYoungGen: 335734K->402K(402880K)] 434808K->99500K(1089856K), 0.0136440 secs] [Times: user=0.05 sys=0.01, real=0.01 secs] 
2014-07-16T03:43:06.728+0000: 535.816: [GC [PSYoungGen: 402809K->338K(483328K)] 501908K->99548K(1170304K), 0.0091910 secs] [Times: user=0.01 sys=0.00, real=0.01 secs] 
2014-07-16T03:43:07.766+0000: 536.854: [GC [PSYoungGen: 483282K->338K(467584K)] 582492K->99612K(1154560K), 0.0047480 secs] [Times: user=0.01 sys=0.00, real=0.00 secs] 
2014-07-16T03:43:08.767+0000: 537.855: [GC [PSYoungGen: 467538K->424K(452608K)] 566812K->99770K(1139584K), 0.0036280 secs] [Times: user=0.01 sys=0.00, real=0.00 secs] 
2014-07-16T03:43:09.733+0000: 538.821: [GC [PSYoungGen: 452584K->324K(438144K)] 551930K->99726K(1125120K), 0.0122630 secs] [Times: user=0.04 sys=0.00, real=0.02 secs] 
2014-07-16T03:43:10.677+0000: 539.765: [GC [PSYoungGen: 438084K->338K(424384K)] 537486K->99804K(1111360K), 0.0103740 secs] [Times: user=0.04 sys=0.00, real=0.01 secs] 
2014-07-16T03:43:11.579+0000: 540.668: [GC [PSYoungGen: 424338K->192K(508992K)] 523804K->99738K(1195968K), 0.0170730 secs] [Times: user=0.07 sys=0.00, real=0.02 secs] 
2014-07-16T03:43:12.673+0000: 541.761: [GC [PSYoungGen: 508992K->520K(492544K)] 608538K->100106K(1179520K), 0.0037920 secs] [Times: user=0.01 sys=0.00, real=0.01 secs] 
2014-07-16T03:43:13.730+0000: 542.818: [GC [PSYoungGen: 492488K->484K(476352K)] 592074K->100118K(1163328K), 0.0044460 secs] [Times: user=0.01 sys=0.00, real=0.00 secs] 
2014-07-16T03:43:14.763+0000: 543.851: [GC [PSYoungGen: 476324K->338K(460800K)] 575958K->99996K(1147776K), 0.0030930 secs] [Times: user=0.01 sys=0.00, real=0.01 secs] 
2014-07-16T03:43:15.779+0000: 544.867: [GC [PSYoungGen: 460754K->694K(446400K)] 560412K->100408K(1133376K), 0.0107240 secs] [Times: user=0.02 sys=0.00, real=0.01 secs] 
2014-07-16T03:43:16.714+0000: 545.802: [GC [PSYoungGen: 446388K->288K(431936K)] 546103K->100058K(1118912K), 0.0053970 secs] [Times: user=0.01 sys=0.00, real=0.01 secs] 
2014-07-16T03:43:17.647+0000: 546.735: [GC [PSYoungGen: 431904K->402K(418560K)] 531674K->100260K(1105536K), 0.0073150 secs] [Times: user=0.02 sys=0.00, real=0.00 secs] 
2014-07-16T03:43:18.558+0000: 547.646: [GC [PSYoungGen: 418514K->626K(405824K)] 518372K->100588K(1092800K), 0.0070970 secs] [Times: user=0.02 sys=0.00, real=0.01 secs] 
2014-07-16T03:43:19.437+0000: 548.526: [GC [PSYoungGen: 405810K->320K(393152K)] 505772K->100346K(1080128K), 0.0048950 secs] [Times: user=0.01 sys=0.00, real=0.00 secs] 
2014-07-16T03:43:20.293+0000: 549.381: [GC [PSYoungGen: 393152K->352K(381376K)] 493178K->100442K(1068352K), 0.0045750 secs] [Times: user=0.01 sys=0.00, real=0.01 secs] 
2014-07-16T03:43:21.147+0000: 550.236: [GC [PSYoungGen: 381344K->352K(370048K)] 481434K->100530K(1057024K), 0.0095690 secs] [Times: user=0.03 sys=0.00, real=0.01 secs] 
2014-07-16T03:43:21.975+0000: 551.064: [GC [PSYoungGen: 370016K->516K(359360K)] 470194K->100766K(1046336K), 0.0063250 secs] [Times: user=0.01 sys=0.01, real=0.01 secs] 
2014-07-16T03:43:22.762+0000: 551.850: [GC [PSYoungGen: 359300K->384K(348736K)] 459550K->100690K(1035712K), 0.0096170 secs] [Times: user=0.03 sys=0.00, real=0.01 secs] 
2014-07-16T03:43:23.525+0000: 552.614: [GC [PSYoungGen: 348734K->416K(338816K)] 449040K->100746K(1025792K), 0.0043400 secs] [Times: user=0.01 sys=0.00, real=0.01 secs] 
2014-07-16T03:43:24.264+0000: 553.352: [GC [PSYoungGen: 338784K->562K(329344K)] 439114K->100916K(1016320K), 0.0044860 secs] [Times: user=0.01 sys=0.00, real=0.01 secs] 
2014-07-16T03:43:24.963+0000: 554.052: [GC [PSYoungGen: 329327K->256K(394816K)] 429682K->100634K(1081792K), 0.0145390 secs] [Times: user=0.06 sys=0.00, real=0.02 secs] 
2014-07-16T03:43:25.804+0000: 554.893: [GC [PSYoungGen: 394816K->242K(473728K)] 495194K->100652K(1160704K), 0.0085360 secs] [Times: user=0.03 sys=0.00, real=0.01 secs] 
2014-07-16T03:43:26.822+0000: 555.910: [GC [PSYoungGen: 473658K->406K(568640K)] 574068K->100840K(1255616K), 0.0144680 secs] [Times: user=0.05 sys=0.00, real=0.01 secs] 
2014-07-16T03:43:28.042+0000: 557.131: [GC [PSYoungGen: 568598K->352K(682240K)] 669032K->100850K(1369216K), 0.0098200 secs] [Times: user=0.03 sys=0.00, real=0.01 secs] 
2014-07-16T03:43:29.506+0000: 558.594: [GC [PSYoungGen: 682208K->352K(657536K)] 782706K->100954K(1344512K), 0.0098730 secs] [Times: user=0.03 sys=0.00, real=0.01 secs] 
2014-07-16T03:43:30.911+0000: 559.999: [GC [PSYoungGen: 657504K->324K(633984K)] 758106K->101006K(1320960K), 0.0101130 secs] [Times: user=0.04 sys=0.00, real=0.01 secs] 
2014-07-16T03:43:32.263+0000: 561.351: [GC [PSYoungGen: 633924K->224K(611392K)] 734606K->100986K(1298368K), 0.0137380 secs] [Times: user=0.05 sys=0.00, real=0.01 secs] 
2014-07-16T03:43:33.576+0000: 562.665: [GC [PSYoungGen: 611360K->470K(590208K)] 712122K->101296K(1277184K), 0.0129710 secs] [Times: user=0.05 sys=0.00, real=0.02 secs] 
2014-07-16T03:43:34.842+0000: 563.930: [GC [PSYoungGen: 590166K->466K(569728K)] 690992K->101340K(1256704K), 0.0098980 secs] [Times: user=0.04 sys=0.00, real=0.01 secs] 
2014-07-16T03:43:36.067+0000: 565.155: [GC [PSYoungGen: 569682K->306K(549952K)] 670556K->101212K(1236928K), 0.0079530 secs] [Times: user=0.03 sys=0.00, real=0.01 secs] 
2014-07-16T03:43:37.251+0000: 566.339: [GC [PSYoungGen: 549938K->288K(531264K)] 650844K->101266K(1218240K), 0.0101420 secs] [Times: user=0.04 sys=0.00, real=0.01 secs] 
2014-07-16T03:43:38.396+0000: 567.484: [GC [PSYoungGen: 531161K->338K(513472K)] 632139K->101436K(1200448K), 0.0112060 secs] [Times: user=0.04 sys=0.00, real=0.01 secs] 
2014-07-16T03:43:39.491+0000: 568.579: [GC [PSYoungGen: 513426K->566K(496640K)] 614524K->101752K(1183616K), 0.0112430 secs] [Times: user=0.03 sys=0.00, real=0.01 secs] 
2014-07-16T03:43:40.589+0000: 569.677: [GC [PSYoungGen: 496630K->676K(480448K)] 597816K->102438K(1167424K), 0.0054050 secs] [Times: user=0.02 sys=0.00, real=0.00 secs] 
2014-07-16T03:43:41.578+0000: 570.667: [GC [PSYoungGen: 480420K->192K(464384K)] 582182K->102154K(1151360K), 0.0084550 secs] [Times: user=0.02 sys=0.00, real=0.01 secs] 
2014-07-16T03:43:42.581+0000: 571.669: [GC [PSYoungGen: 464311K->566K(449856K)] 566273K->102704K(1136832K), 0.0101660 secs] [Times: user=0.03 sys=0.00, real=0.01 secs] 
2014-07-16T03:43:43.542+0000: 572.631: [GC [PSYoungGen: 449846K->288K(435328K)] 551984K->102506K(1122304K), 0.0037490 secs] [Times: user=0.01 sys=0.00, real=0.00 secs] 
2014-07-16T03:43:44.473+0000: 573.562: [GC [PSYoungGen: 435296K->306K(421696K)] 537514K->102564K(1108672K), 0.0055120 secs] [Times: user=0.01 sys=0.00, real=0.01 secs] 
2014-07-16T03:43:45.448+0000: 574.536: [GC [PSYoungGen: 421682K->804K(409152K)] 523940K->103086K(1096128K), 0.0051140 secs] [Times: user=0.01 sys=0.01, real=0.01 secs] 
2014-07-16T03:43:46.375+0000: 575.464: [GC [PSYoungGen: 409124K->498K(396352K)] 511406K->102836K(1083328K), 0.0068850 secs] [Times: user=0.01 sys=0.00, real=0.01 secs] 
2014-07-16T03:43:47.285+0000: 576.373: [GC [PSYoungGen: 396338K->740K(475776K)] 498676K->103158K(1162752K), 0.0262300 secs] [Times: user=0.10 sys=0.00, real=0.03 secs] 
2014-07-16T03:43:48.362+0000: 577.450: [GC [PSYoungGen: 475748K->402K(570496K)] 578166K->102940K(1257472K), 0.0043390 secs] [Times: user=0.02 sys=0.00, real=0.00 secs] 
2014-07-16T03:43:49.607+0000: 578.695: [GC [PSYoungGen: 570450K->370K(684480K)] 672988K->103020K(1371456K), 0.0141990 secs] [Times: user=0.06 sys=0.00, real=0.02 secs] 
2014-07-16T03:43:51.137+0000: 580.225: [GC [PSYoungGen: 684466K->530K(659840K)] 787116K->103276K(1346816K), 0.0121820 secs] [Times: user=0.04 sys=0.00, real=0.01 secs] 
2014-07-16T03:43:52.529+0000: 581.617: [GC [PSYoungGen: 659794K->192K(635776K)] 762540K->103010K(1322752K), 0.0040060 secs] [Times: user=0.00 sys=0.00, real=0.01 secs] 
2014-07-16T03:43:53.886+0000: 582.974: [GC [PSYoungGen: 635775K->128K(613120K)] 738593K->102986K(1300096K), 0.0040530 secs] [Times: user=0.00 sys=0.00, real=0.00 secs] 
2014-07-16T03:43:55.197+0000: 584.285: [GC [PSYoungGen: 613039K->356K(591808K)] 715898K->103246K(1278784K), 0.0064790 secs] [Times: user=0.01 sys=0.00, real=0.01 secs] 
2014-07-16T03:43:56.474+0000: 585.563: [GC [PSYoungGen: 591778K->512K(571392K)] 694668K->103426K(1258368K), 0.0043410 secs] [Times: user=0.01 sys=0.01, real=0.00 secs] 
2014-07-16T03:43:57.716+0000: 586.804: [GC [PSYoungGen: 571392K->818K(552064K)] 674306K->103804K(1239040K), 0.0050950 secs] [Times: user=0.02 sys=0.00, real=0.00 secs] 
2014-07-16T03:43:58.868+0000: 587.956: [GC [PSYoungGen: 552050K->306K(532800K)] 655036K->103388K(1219776K), 0.0037720 secs] [Times: user=0.01 sys=0.00, real=0.01 secs] 
2014-07-16T03:44:00.016+0000: 589.104: [GC [PSYoungGen: 532786K->416K(515008K)] 635868K->103570K(1201984K), 0.0216090 secs] [Times: user=0.08 sys=0.00, real=0.02 secs] 
2014-07-16T03:44:01.121+0000: 590.209: [GC [PSYoungGen: 514976K->320K(497792K)] 618130K->103554K(1184768K), 0.0084380 secs] [Times: user=0.02 sys=0.00, real=0.01 secs] 
2014-07-16T03:44:02.191+0000: 591.279: [GC [PSYoungGen: 497787K->384K(481472K)] 601022K->103706K(1168448K), 0.0097100 secs] [Times: user=0.02 sys=0.00, real=0.01 secs] 
2014-07-16T03:44:03.212+0000: 592.300: [GC [PSYoungGen: 481463K->648K(466176K)] 584786K->103994K(1153152K), 0.0141130 secs] [Times: user=0.05 sys=0.00, real=0.01 secs] 
2014-07-16T03:44:04.209+0000: 593.297: [GC [PSYoungGen: 466120K->402K(559040K)] 569466K->103780K(1246016K), 0.0141360 secs] [Times: user=0.05 sys=0.00, real=0.02 secs] 
2014-07-16T03:44:05.398+0000: 594.487: [GC [PSYoungGen: 558966K->192K(539712K)] 662344K->103602K(1226688K), 0.0070690 secs] [Times: user=0.01 sys=0.00, real=0.01 secs] 
2014-07-16T03:44:06.562+0000: 595.650: [GC [PSYoungGen: 539712K->466K(521792K)] 643122K->103924K(1208768K), 0.0037450 secs] [Times: user=0.01 sys=0.00, real=0.01 secs] 
2014-07-16T03:44:07.673+0000: 596.761: [GC [PSYoungGen: 521746K->634K(626176K)] 625204K->104188K(1313152K), 0.0335850 secs] [Times: user=0.11 sys=0.00, real=0.04 secs] 
2014-07-16T03:44:09.018+0000: 598.106: [GC [PSYoungGen: 626170K->256K(750912K)] 729724K->103914K(1437888K), 0.0349030 secs] [Times: user=0.12 sys=0.00, real=0.03 secs] 
2014-07-16T03:44:10.628+0000: 599.717: [GC [PSYoungGen: 750895K->356K(901184K)] 854553K->104102K(1588160K), 0.0037440 secs] [Times: user=0.01 sys=0.00, real=0.00 secs] 
2014-07-16T03:44:12.648+0000: 601.736: [GC [PSYoungGen: 901114K->416K(1081408K)] 1004860K->104250K(1768384K), 0.0053530 secs] [Times: user=0.01 sys=0.01, real=0.01 secs] 
2014-07-16T03:44:15.031+0000: 604.119: [GC [PSYoungGen: 1081376K->416K(1037824K)] 1185210K->104362K(1724800K), 0.0046850 secs] [Times: user=0.02 sys=0.00, real=0.01 secs] 
2014-07-16T03:44:17.358+0000: 606.446: [GC [PSYoungGen: 1037792K->640K(996480K)] 1141738K->104674K(1683456K), 0.0070630 secs] [Times: user=0.01 sys=0.00, real=0.01 secs] 
2014-07-16T03:44:19.517+0000: 608.605: [GC [PSYoungGen: 996404K->552K(956864K)] 1100438K->104754K(1643840K), 0.0035810 secs] [Times: user=0.01 sys=0.00, real=0.00 secs] 
2014-07-16T03:44:21.551+0000: 610.639: [GC [PSYoungGen: 956840K->320K(918976K)] 1061042K->104658K(1605952K), 0.0037970 secs] [Times: user=0.01 sys=0.01, real=0.01 secs] 
2014-07-16T03:44:23.519+0000: 612.608: [GC [PSYoungGen: 918976K->384K(883200K)] 1023314K->104810K(1570176K), 0.0069940 secs] [Times: user=0.02 sys=0.00, real=0.01 secs] 
2014-07-16T03:44:25.399+0000: 614.488: [GC [PSYoungGen: 883200K->534K(849280K)] 987626K->105032K(1536256K), 0.0064380 secs] [Times: user=0.01 sys=0.00, real=0.01 secs] 
2014-07-16T03:44:27.227+0000: 616.315: [GC [PSYoungGen: 849238K->288K(816512K)] 953736K->104818K(1503488K), 0.0052330 secs] [Times: user=0.01 sys=0.00, real=0.00 secs] 
2014-07-16T03:44:28.972+0000: 618.060: [GC [PSYoungGen: 816473K->498K(785728K)] 921004K->105172K(1472704K), 0.0070390 secs] [Times: user=0.01 sys=0.00, real=0.01 secs] 
2014-07-16T03:44:30.648+0000: 619.736: [GC [PSYoungGen: 785714K->256K(755968K)] 890388K->105066K(1442944K), 0.0035710 secs] [Times: user=0.01 sys=0.00, real=0.00 secs] 
2014-07-16T03:44:32.267+0000: 621.355: [GC [PSYoungGen: 755968K->224K(727808K)] 860778K->105098K(1414784K), 0.0076180 secs] [Times: user=0.01 sys=0.00, real=0.00 secs] 
2014-07-16T03:44:33.812+0000: 622.900: [GC [PSYoungGen: 727776K->192K(700928K)] 832650K->105154K(1387904K), 0.0149560 secs] [Times: user=0.05 sys=0.00, real=0.02 secs] 
2014-07-16T03:44:35.309+0000: 624.397: [GC [PSYoungGen: 700928K->192K(675328K)] 805890K->105186K(1362304K), 0.0040000 secs] [Times: user=0.01 sys=0.00, real=0.00 secs] 
2014-07-16T03:44:36.761+0000: 625.849: [GC [PSYoungGen: 675328K->288K(651072K)] 780322K->105306K(1338048K), 0.0065170 secs] [Times: user=0.01 sys=0.00, real=0.01 secs] 
2014-07-16T03:44:38.157+0000: 627.246: [GC [PSYoungGen: 650984K->420K(627904K)] 756002K->105518K(1314880K), 0.0044950 secs] [Times: user=0.01 sys=0.00, real=0.00 secs] 
2014-07-16T03:44:39.557+0000: 628.645: [GC [PSYoungGen: 627873K->612K(605888K)] 732971K->105798K(1292864K), 0.0048360 secs] [Times: user=0.01 sys=0.00, real=0.01 secs] 
2014-07-16T03:44:40.898+0000: 629.986: [GC [PSYoungGen: 605860K->388K(584512K)] 711046K->105694K(1271488K), 0.0044400 secs] [Times: user=0.01 sys=0.00, real=0.01 secs] 
2014-07-16T03:44:42.259+0000: 631.347: [GC [PSYoungGen: 584398K->598K(564480K)] 689704K->105992K(1251456K), 0.0036410 secs] [Times: user=0.01 sys=0.00, real=0.00 secs] 
2014-07-16T03:44:43.524+0000: 632.613: [GC [PSYoungGen: 564438K->466K(545024K)] 669832K->105940K(1232000K), 0.0057790 secs] [Times: user=0.01 sys=0.00, real=0.01 secs] 
2014-07-16T03:44:44.707+0000: 633.795: [GC [PSYoungGen: 544978K->384K(526464K)] 650452K->105906K(1213440K), 0.0047100 secs] [Times: user=0.00 sys=0.00, real=0.01 secs] 
2014-07-16T03:44:45.827+0000: 634.915: [GC [PSYoungGen: 526464K->128K(508608K)] 631986K->105674K(1195584K), 0.0051840 secs] [Times: user=0.01 sys=0.00, real=0.01 secs] 
2014-07-16T03:44:46.937+0000: 636.025: [GC [PSYoungGen: 508608K->452K(492160K)] 614154K->106022K(1179136K), 0.0086910 secs] [Times: user=0.03 sys=0.00, real=0.01 secs] 
2014-07-16T03:44:47.977+0000: 637.065: [GC [PSYoungGen: 492100K->388K(476032K)] 597670K->106046K(1163008K), 0.0039490 secs] [Times: user=0.02 sys=0.00, real=0.01 secs] 
2014-07-16T03:44:48.996+0000: 638.085: [GC [PSYoungGen: 475972K->128K(460352K)] 581630K->105842K(1147328K), 0.0040950 secs] [Times: user=0.01 sys=0.01, real=0.01 secs] 
2014-07-16T03:44:49.986+0000: 639.074: [GC [PSYoungGen: 460352K->356K(445888K)] 566066K->106126K(1132864K), 0.0075810 secs] [Times: user=0.02 sys=0.00, real=0.01 secs] 
2014-07-16T03:44:50.955+0000: 640.043: [GC [PSYoungGen: 445860K->338K(431808K)] 551630K->106164K(1118784K), 0.0092690 secs] [Times: user=0.04 sys=0.00, real=0.01 secs] 
2014-07-16T03:44:51.896+0000: 640.984: [GC [PSYoungGen: 431705K->520K(418496K)] 537532K->106410K(1105472K), 0.0046690 secs] [Times: user=0.01 sys=0.00, real=0.01 secs] 
2014-07-16T03:44:52.788+0000: 641.876: [GC [PSYoungGen: 418440K->310K(405376K)] 524330K->106248K(1092352K), 0.0054910 secs] [Times: user=0.01 sys=0.00, real=0.01 secs] 
2014-07-16T03:44:53.654+0000: 642.742: [GC [PSYoungGen: 405270K->278K(393024K)] 511208K->106248K(1080000K), 0.0053530 secs] [Times: user=0.00 sys=0.00, real=0.00 secs] 
2014-07-16T03:44:54.495+0000: 643.583: [GC [PSYoungGen: 392982K->256K(381120K)] 498952K->106242K(1068096K), 0.0038810 secs] [Times: user=0.01 sys=0.00, real=0.00 secs] 
2014-07-16T03:44:55.305+0000: 644.394: [GC [PSYoungGen: 381120K->516K(457664K)] 487106K->106542K(1144640K), 0.0231910 secs] [Times: user=0.08 sys=0.00, real=0.02 secs] 
2014-07-16T03:44:56.320+0000: 645.408: [GC [PSYoungGen: 457604K->694K(549248K)] 563630K->106904K(1236224K), 0.0171790 secs] [Times: user=0.05 sys=0.00, real=0.02 secs] 
2014-07-16T03:44:57.479+0000: 646.567: [GC [PSYoungGen: 549238K->192K(658496K)] 655448K->106498K(1345472K), 0.0220900 secs] [Times: user=0.08 sys=0.00, real=0.03 secs] 
2014-07-16T03:44:58.895+0000: 647.983: [GC [PSYoungGen: 658496K->594K(790656K)] 764802K->107036K(1477632K), 0.0078740 secs] [Times: user=0.02 sys=0.00, real=0.01 secs] 
2014-07-16T03:45:00.577+0000: 649.665: [GC [PSYoungGen: 790610K->288K(760576K)] 897052K->106826K(1447552K), 0.0043540 secs] [Times: user=0.01 sys=0.00, real=0.01 secs] 
2014-07-16T03:45:02.212+0000: 651.300: [GC [PSYoungGen: 760544K->306K(732224K)] 867082K->106932K(1419200K), 0.0067920 secs] [Times: user=0.01 sys=0.00, real=0.00 secs] 
2014-07-16T03:45:03.780+0000: 652.868: [GC [PSYoungGen: 732210K->256K(705152K)] 838836K->106954K(1392128K), 0.0101180 secs] [Times: user=0.03 sys=0.00, real=0.01 secs] 
2014-07-16T03:45:05.282+0000: 654.370: [GC [PSYoungGen: 705152K->210K(679360K)] 811850K->106948K(1366336K), 0.0058530 secs] [Times: user=0.02 sys=0.00, real=0.00 secs] 
2014-07-16T03:45:06.758+0000: 655.847: [GC [PSYoungGen: 679314K->516K(655104K)] 786052K->107310K(1342080K), 0.0058650 secs] [Times: user=0.02 sys=0.00, real=0.01 secs] 
2014-07-16T03:45:08.165+0000: 657.254: [GC [PSYoungGen: 655044K->818K(631936K)] 761838K->107916K(1318912K), 0.0120550 secs] [Times: user=0.05 sys=0.00, real=0.01 secs] 
2014-07-16T03:45:09.507+0000: 658.595: [GC [PSYoungGen: 631922K->306K(609024K)] 739020K->107604K(1296000K), 0.0050250 secs] [Times: user=0.01 sys=0.00, real=0.01 secs] 
2014-07-16T03:45:10.810+0000: 659.898: [GC [PSYoungGen: 609010K->420K(587776K)] 716308K->107830K(1274752K), 0.0033700 secs] [Times: user=0.01 sys=0.00, real=0.01 secs] 
2014-07-16T03:45:12.067+0000: 661.155: [GC [PSYoungGen: 587703K->598K(567616K)] 695113K->108088K(1254592K), 0.0041940 secs] [Times: user=0.02 sys=0.00, real=0.00 secs] 
2014-07-16T03:45:13.275+0000: 662.363: [GC [PSYoungGen: 567574K->128K(547648K)] 675064K->107682K(1234624K), 0.0040740 secs] [Times: user=0.01 sys=0.00, real=0.00 secs] 
2014-07-16T03:45:14.455+0000: 663.544: [GC [PSYoungGen: 547648K->530K(529536K)] 655202K->108108K(1216512K), 0.0143820 secs] [Times: user=0.05 sys=0.00, real=0.01 secs] 
2014-07-16T03:45:15.593+0000: 664.682: [GC [PSYoungGen: 529490K->352K(511616K)] 637068K->107962K(1198592K), 0.0106820 secs] [Times: user=0.03 sys=0.00, real=0.01 secs] 
2014-07-16T03:45:16.698+0000: 665.786: [GC [PSYoungGen: 511584K->452K(494784K)] 619194K->108094K(1181760K), 0.0049120 secs] [Times: user=0.02 sys=0.00, real=0.01 secs] 
2014-07-16T03:45:17.749+0000: 666.837: [GC [PSYoungGen: 494724K->470K(478592K)] 602366K->108208K(1165568K), 0.0057020 secs] [Times: user=0.01 sys=0.00, real=0.01 secs] 
2014-07-16T03:45:18.777+0000: 667.866: [GC [PSYoungGen: 478550K->762K(463360K)] 586288K->108588K(1150336K), 0.0093030 secs] [Times: user=0.03 sys=0.00, real=0.01 secs] 
2014-07-16T03:45:19.792+0000: 668.881: [GC [PSYoungGen: 463354K->498K(448256K)] 571180K->108388K(1135232K), 0.0045690 secs] [Times: user=0.01 sys=0.00, real=0.01 secs] 
2014-07-16T03:45:20.751+0000: 669.839: [GC [PSYoungGen: 448242K->384K(433920K)] 556132K->108346K(1120896K), 0.0043610 secs] [Times: user=0.01 sys=0.00, real=0.01 secs] 
2014-07-16T03:45:21.698+0000: 670.786: [GC [PSYoungGen: 433920K->370K(420352K)] 541882K->108396K(1107328K), 0.0045940 secs] [Times: user=0.01 sys=0.00, real=0.00 secs] 
2014-07-16T03:45:22.582+0000: 671.670: [GC [PSYoungGen: 420275K->160K(407168K)] 528301K->108234K(1094144K), 0.0043820 secs] [Times: user=0.01 sys=0.00, real=0.01 secs] 
2014-07-16T03:45:23.450+0000: 672.538: [GC [PSYoungGen: 407136K->356K(394944K)] 515210K->108454K(1081920K), 0.0041270 secs] [Times: user=0.01 sys=0.00, real=0.01 secs] 
2014-07-16T03:45:24.292+0000: 673.380: [GC [PSYoungGen: 394916K->256K(382912K)] 503014K->108378K(1069888K), 0.0130430 secs] [Times: user=0.03 sys=0.00, real=0.02 secs] 
2014-07-16T03:45:25.119+0000: 674.207: [GC [PSYoungGen: 382912K->288K(371584K)] 491034K->108434K(1058560K), 0.0085410 secs] [Times: user=0.03 sys=0.00, real=0.01 secs] 
2014-07-16T03:45:25.913+0000: 675.001: [GC [PSYoungGen: 371552K->356K(360704K)] 479698K->108526K(1047680K), 0.0121230 secs] [Times: user=0.04 sys=0.00, real=0.02 secs] 
2014-07-16T03:45:26.708+0000: 675.796: [GC [PSYoungGen: 360676K->352K(350208K)] 468846K->108546K(1037184K), 0.0032760 secs] [Times: user=0.01 sys=0.00, real=0.00 secs] 
2014-07-16T03:45:27.438+0000: 676.527: [GC [PSYoungGen: 350153K->744K(340544K)] 458348K->109242K(1027520K), 0.0104900 secs] [Times: user=0.03 sys=0.00, real=0.01 secs] 
2014-07-16T03:45:28.157+0000: 677.245: [GC [PSYoungGen: 340465K->192K(330368K)] 448963K->108738K(1017344K), 0.0062790 secs] [Times: user=0.01 sys=0.00, real=0.00 secs] 
2014-07-16T03:45:28.872+0000: 677.960: [GC [PSYoungGen: 330368K->356K(321344K)] 438914K->108966K(1008320K), 0.0068010 secs] [Times: user=0.03 sys=0.00, real=0.01 secs] 
2014-07-16T03:45:29.559+0000: 678.647: [GC [PSYoungGen: 321316K->274K(312384K)] 429926K->108924K(999360K), 0.0063270 secs] [Times: user=0.02 sys=0.01, real=0.01 secs] 
2014-07-16T03:45:30.228+0000: 679.316: [GC [PSYoungGen: 312338K->370K(374912K)] 420988K->109076K(1061888K), 0.0122240 secs] [Times: user=0.05 sys=0.00, real=0.01 secs] 
2014-07-16T03:45:31.036+0000: 680.124: [GC [PSYoungGen: 374898K->438K(449920K)] 483604K->109192K(1136896K), 0.0086500 secs] [Times: user=0.03 sys=0.00, real=0.00 secs] 
2014-07-16T03:45:31.999+0000: 681.087: [GC [PSYoungGen: 449910K->96K(435328K)] 558664K->108890K(1122304K), 0.0055400 secs] [Times: user=0.01 sys=0.00, real=0.00 secs] 
2014-07-16T03:45:32.939+0000: 682.028: [GC [PSYoungGen: 435296K->402K(522688K)] 544090K->109244K(1209664K), 0.0125580 secs] [Times: user=0.05 sys=0.00, real=0.01 secs] 
2014-07-16T03:45:34.069+0000: 683.157: [GC [PSYoungGen: 522641K->320K(627008K)] 631483K->109186K(1313984K), 0.0096690 secs] [Times: user=0.04 sys=0.00, real=0.01 secs] 
2014-07-16T03:45:35.407+0000: 684.496: [GC [PSYoungGen: 627008K->224K(604800K)] 735874K->109114K(1291776K), 0.0068710 secs] [Times: user=0.01 sys=0.00, real=0.00 secs] 
2014-07-16T03:45:36.781+0000: 685.870: [GC [PSYoungGen: 604768K->676K(584064K)] 713658K->109614K(1271040K), 0.0043340 secs] [Times: user=0.01 sys=0.00, real=0.00 secs] 
2014-07-16T03:45:37.980+0000: 687.068: [GC [PSYoungGen: 584036K->256K(563392K)] 692974K->109322K(1250368K), 0.0066500 secs] [Times: user=0.02 sys=0.00, real=0.01 secs] 
2014-07-16T03:45:39.185+0000: 688.273: [GC [PSYoungGen: 563392K->288K(544192K)] 672458K->109458K(1231168K), 0.0053890 secs] [Times: user=0.02 sys=0.00, real=0.01 secs] 
2014-07-16T03:45:40.355+0000: 689.443: [GC [PSYoungGen: 544160K->256K(525696K)] 653330K->109490K(1212672K), 0.0052450 secs] [Times: user=0.02 sys=0.00, real=0.01 secs] 
2014-07-16T03:45:41.479+0000: 690.568: [GC [PSYoungGen: 525696K->224K(508096K)] 634930K->109538K(1195072K), 0.0101790 secs] [Times: user=0.04 sys=0.00, real=0.01 secs] 
2014-07-16T03:45:42.578+0000: 691.666: [GC [PSYoungGen: 508064K->384K(491392K)] 617378K->109738K(1178368K), 0.0042370 secs] [Times: user=0.01 sys=0.00, real=0.00 secs] 
2014-07-16T03:45:43.633+0000: 692.721: [GC [PSYoungGen: 491392K->256K(475200K)] 600746K->109658K(1162176K), 0.0038830 secs] [Times: user=0.01 sys=0.00, real=0.01 secs] 
2014-07-16T03:45:44.650+0000: 693.738: [GC [PSYoungGen: 475200K->338K(459968K)] 584602K->109772K(1146944K), 0.0061780 secs] [Times: user=0.01 sys=0.00, real=0.00 secs] 
2014-07-16T03:45:45.690+0000: 694.778: [GC [PSYoungGen: 459922K->384K(445248K)] 569356K->109842K(1132224K), 0.0037580 secs] [Times: user=0.01 sys=0.00, real=0.00 secs] 
2014-07-16T03:45:46.724+0000: 695.812: [GC [PSYoungGen: 445248K->640K(431424K)] 554706K->110418K(1118400K), 0.0062550 secs] [Times: user=0.01 sys=0.00, real=0.01 secs] 
2014-07-16T03:45:47.628+0000: 696.716: [GC [PSYoungGen: 431424K->320K(517312K)] 541202K->110358K(1204288K), 0.0227410 secs] [Times: user=0.08 sys=0.00, real=0.03 secs] 
2014-07-16T03:45:48.778+0000: 697.866: [GC [PSYoungGen: 517312K->416K(620864K)] 627350K->110606K(1307840K), 0.0128770 secs] [Times: user=0.05 sys=0.01, real=0.01 secs] 
2014-07-16T03:45:50.169+0000: 699.257: [GC [PSYoungGen: 620832K->818K(745344K)] 731022K->111144K(1432320K), 0.0187610 secs] [Times: user=0.06 sys=0.00, real=0.01 secs] 
2014-07-16T03:45:51.871+0000: 700.959: [GC [PSYoungGen: 745303K->452K(893952K)] 855629K->110882K(1580928K), 0.0125500 secs] [Times: user=0.05 sys=0.01, real=0.01 secs] 
2014-07-16T03:45:53.766+0000: 702.855: [GC [PSYoungGen: 893892K->466K(859328K)] 1004322K->110992K(1546304K), 0.0123440 secs] [Times: user=0.05 sys=0.00, real=0.01 secs] 
2014-07-16T03:45:55.604+0000: 704.693: [GC [PSYoungGen: 859259K->370K(826176K)] 969785K->110944K(1513152K), 0.0126180 secs] [Times: user=0.04 sys=0.00, real=0.01 secs] 
2014-07-16T03:45:57.372+0000: 706.460: [GC [PSYoungGen: 826162K->320K(794688K)] 936736K->110926K(1481664K), 0.0159470 secs] [Times: user=0.06 sys=0.00, real=0.01 secs] 
2014-07-16T03:45:59.086+0000: 708.174: [GC [PSYoungGen: 794688K->484K(764928K)] 905294K->111226K(1451904K), 0.0055220 secs] [Times: user=0.01 sys=0.00, real=0.01 secs] 
2014-07-16T03:46:00.711+0000: 709.800: [GC [PSYoungGen: 764900K->384K(736256K)] 875642K->111230K(1423232K), 0.0124240 secs] [Times: user=0.03 sys=0.00, real=0.01 secs] 
2014-07-16T03:46:02.296+0000: 711.385: [GC [PSYoungGen: 736254K->256K(708928K)] 847100K->111174K(1395904K), 0.0196560 secs] [Times: user=0.08 sys=0.00, real=0.02 secs] 
2014-07-16T03:46:03.820+0000: 712.908: [GC [PSYoungGen: 708921K->356K(683136K)] 819840K->111346K(1370112K), 0.0120080 secs] [Times: user=0.03 sys=0.00, real=0.01 secs] 
2014-07-16T03:46:05.304+0000: 714.393: [GC [PSYoungGen: 683040K->516K(658560K)] 794031K->111554K(1345536K), 0.0074280 secs] [Times: user=0.01 sys=0.00, real=0.01 secs] 
2014-07-16T03:46:06.710+0000: 715.799: [GC [PSYoungGen: 658463K->324K(634752K)] 769501K->111386K(1321728K), 0.0064210 secs] [Times: user=0.01 sys=0.00, real=0.01 secs] 
2014-07-16T03:46:08.077+0000: 717.165: [GC [PSYoungGen: 634692K->740K(762048K)] 745754K->111930K(1449024K), 0.0384460 secs] [Times: user=0.14 sys=0.00, real=0.04 secs] 
2014-07-16T03:46:09.728+0000: 718.816: [GC [PSYoungGen: 762020K->352K(913920K)] 873210K->111670K(1600896K), 0.0075080 secs] [Times: user=0.02 sys=0.00, real=0.01 secs] 
2014-07-16T03:46:11.691+0000: 720.780: [GC [PSYoungGen: 913888K->672K(878656K)] 1025206K->112118K(1565632K), 0.0042510 secs] [Times: user=0.01 sys=0.01, real=0.01 secs] 
2014-07-16T03:46:13.560+0000: 722.649: [GC [PSYoungGen: 878624K->370K(844416K)] 990070K->111888K(1531392K), 0.0090010 secs] [Times: user=0.03 sys=0.00, real=0.01 secs] 
2014-07-16T03:46:15.387+0000: 724.475: [GC [PSYoungGen: 844402K->548K(812288K)] 955920K->112154K(1499264K), 0.0159400 secs] [Times: user=0.06 sys=0.00, real=0.02 secs] 
2014-07-16T03:46:17.127+0000: 726.215: [GC [PSYoungGen: 812260K->466K(781440K)] 923866K->112128K(1468416K), 0.0037580 secs] [Times: user=0.02 sys=0.00, real=0.00 secs] 
2014-07-16T03:46:18.789+0000: 727.878: [GC [PSYoungGen: 781394K->466K(752128K)] 893056K->112248K(1439104K), 0.0149040 secs] [Times: user=0.05 sys=0.00, real=0.02 secs] 
2014-07-16T03:46:20.401+0000: 729.489: [GC [PSYoungGen: 752082K->488K(724160K)] 863864K->112366K(1411136K), 0.0096570 secs] [Times: user=0.03 sys=0.00, real=0.01 secs] 
2014-07-16T03:46:22.047+0000: 731.135: [GC [PSYoungGen: 724136K->672K(697728K)] 836014K->112638K(1384704K), 0.0056600 secs] [Times: user=0.02 sys=0.00, real=0.00 secs] 
2014-07-16T03:46:23.557+0000: 732.646: [GC [PSYoungGen: 697696K->356K(672000K)] 809662K->112490K(1358976K), 0.0049240 secs] [Times: user=0.01 sys=0.00, real=0.00 secs] 
2014-07-16T03:46:25.057+0000: 734.145: [GC [PSYoungGen: 671972K->548K(647936K)] 784106K->112746K(1334912K), 0.0064170 secs] [Times: user=0.01 sys=0.00, real=0.00 secs] 
2014-07-16T03:46:26.474+0000: 735.563: [GC [PSYoungGen: 647908K->402K(624704K)] 760106K->112664K(1311680K), 0.0045740 secs] [Times: user=0.01 sys=0.00, real=0.00 secs] 
2014-07-16T03:46:27.869+0000: 736.957: [GC [PSYoungGen: 624658K->480K(602688K)] 736920K->112806K(1289664K), 0.0071320 secs] [Times: user=0.01 sys=0.01, real=0.01 secs] 
2014-07-16T03:46:29.156+0000: 738.244: [GC [PSYoungGen: 602656K->452K(581632K)] 714982K->112922K(1268608K), 0.0117580 secs] [Times: user=0.04 sys=0.01, real=0.01 secs] 
2014-07-16T03:46:30.400+0000: 739.488: [GC [PSYoungGen: 581572K->324K(561408K)] 694042K->112874K(1248384K), 0.0050980 secs] [Times: user=0.01 sys=0.00, real=0.01 secs] 
2014-07-16T03:46:31.602+0000: 740.690: [GC [PSYoungGen: 561348K->278K(542144K)] 673898K->112876K(1229120K), 0.0041930 secs] [Times: user=0.01 sys=0.00, real=0.01 secs] 
2014-07-16T03:46:32.795+0000: 741.884: [GC [PSYoungGen: 542102K->320K(523840K)] 654700K->112966K(1210816K), 0.0098020 secs] [Times: user=0.03 sys=0.00, real=0.01 secs] 
2014-07-16T03:46:33.921+0000: 743.009: [GC [PSYoungGen: 523840K->224K(506240K)] 636486K->112934K(1193216K), 0.0038050 secs] [Times: user=0.00 sys=0.00, real=0.00 secs] 
2014-07-16T03:46:35.010+0000: 744.099: [GC [PSYoungGen: 506208K->306K(489600K)] 618918K->113048K(1176576K), 0.0119020 secs] [Times: user=0.04 sys=0.00, real=0.01 secs] 
2014-07-16T03:46:36.050+0000: 745.138: [GC [PSYoungGen: 489586K->160K(473472K)] 602328K->112926K(1160448K), 0.0031280 secs] [Times: user=0.01 sys=0.00, real=0.00 secs] 
2014-07-16T03:46:37.140+0000: 746.228: [GC [PSYoungGen: 473440K->740K(458752K)] 586206K->113578K(1145728K), 0.0042130 secs] [Times: user=0.01 sys=0.00, real=0.00 secs] 
2014-07-16T03:46:38.088+0000: 747.177: [GC [PSYoungGen: 458724K->562K(443968K)] 571562K->113520K(1130944K), 0.0147620 secs] [Times: user=0.06 sys=0.01, real=0.01 secs] 
2014-07-16T03:46:39.050+0000: 748.138: [GC [PSYoungGen: 443954K->754K(430144K)] 556912K->113792K(1117120K), 0.0095030 secs] [Times: user=0.03 sys=0.00, real=0.01 secs] 
2014-07-16T03:46:39.960+0000: 749.048: [GC [PSYoungGen: 430130K->160K(416192K)] 543168K->113270K(1103168K), 0.0091720 secs] [Times: user=0.03 sys=0.00, real=0.01 secs] 
2014-07-16T03:46:40.859+0000: 749.947: [GC [PSYoungGen: 416159K->370K(403584K)] 529269K->113528K(1090560K), 0.0097870 secs] [Times: user=0.04 sys=0.00, real=0.01 secs] 
2014-07-16T03:46:41.738+0000: 750.826: [GC [PSYoungGen: 403569K->402K(391360K)] 516727K->113608K(1078336K), 0.0056160 secs] [Times: user=0.01 sys=0.00, real=0.00 secs] 
2014-07-16T03:46:42.598+0000: 751.686: [GC [PSYoungGen: 391314K->416K(379584K)] 504520K->113678K(1066560K), 0.0055620 secs] [Times: user=0.02 sys=0.00, real=0.00 secs] 
2014-07-16T03:46:43.399+0000: 752.487: [GC [PSYoungGen: 379552K->178K(368064K)] 492814K->113488K(1055040K), 0.0061260 secs] [Times: user=0.01 sys=0.00, real=0.00 secs] 
2014-07-16T03:46:44.182+0000: 753.270: [GC [PSYoungGen: 368050K->288K(441792K)] 481360K->113630K(1128768K), 0.0140200 secs] [Times: user=0.05 sys=0.00, real=0.01 secs] 
2014-07-16T03:46:45.138+0000: 754.227: [GC [PSYoungGen: 441760K->370K(530176K)] 555102K->113736K(1217152K), 0.0141200 secs] [Times: user=0.05 sys=0.00, real=0.01 secs] 
2014-07-16T03:46:46.276+0000: 755.364: [GC [PSYoungGen: 530134K->324K(512384K)] 643501K->113722K(1199360K), 0.0047780 secs] [Times: user=0.02 sys=0.00, real=0.01 secs] 
2014-07-16T03:46:47.375+0000: 756.463: [GC [PSYoungGen: 512324K->584K(495616K)] 625722K->114030K(1182592K), 0.0125520 secs] [Times: user=0.05 sys=0.00, real=0.02 secs] 
2014-07-16T03:46:48.450+0000: 757.538: [GC [PSYoungGen: 495560K->416K(479168K)] 609006K->113950K(1166144K), 0.0049830 secs] [Times: user=0.01 sys=0.00, real=0.00 secs] 
2014-07-16T03:46:49.494+0000: 758.583: [GC [PSYoungGen: 479124K->352K(463552K)] 592658K->113950K(1150528K), 0.0047700 secs] [Times: user=0.01 sys=0.00, real=0.01 secs] 
2014-07-16T03:46:50.529+0000: 759.618: [GC [PSYoungGen: 463520K->740K(449088K)] 577118K->114602K(1136064K), 0.0046870 secs] [Times: user=0.01 sys=0.00, real=0.00 secs] 
2014-07-16T03:46:51.542+0000: 760.630: [GC [PSYoungGen: 449060K->448K(434560K)] 562922K->114382K(1121536K), 0.0054420 secs] [Times: user=0.02 sys=0.00, real=0.00 secs] 
2014-07-16T03:46:52.543+0000: 761.631: [GC [PSYoungGen: 434536K->434K(420992K)] 548471K->114480K(1107968K), 0.0091730 secs] [Times: user=0.03 sys=0.00, real=0.01 secs] 
2014-07-16T03:46:53.488+0000: 762.576: [GC [PSYoungGen: 420978K->484K(408064K)] 535024K->114594K(1095040K), 0.0169040 secs] [Times: user=0.06 sys=0.00, real=0.01 secs] 
2014-07-16T03:46:54.377+0000: 763.466: [GC [PSYoungGen: 408036K->306K(489408K)] 522146K->114456K(1176384K), 0.0148590 secs] [Times: user=0.06 sys=0.00, real=0.02 secs] 
2014-07-16T03:46:55.427+0000: 764.515: [GC [PSYoungGen: 489394K->256K(473344K)] 603544K->114462K(1160320K), 0.0058970 secs] [Times: user=0.02 sys=0.00, real=0.01 secs] 
2014-07-16T03:46:56.441+0000: 765.529: [GC [PSYoungGen: 473344K->160K(567936K)] 587550K->114390K(1254912K), 0.0135150 secs] [Times: user=0.05 sys=0.00, real=0.01 secs] 
2014-07-16T03:46:57.681+0000: 766.770: [GC [PSYoungGen: 567904K->352K(548608K)] 682134K->114622K(1235584K), 0.0092680 secs] [Times: user=0.03 sys=0.00, real=0.01 secs] 
2014-07-16T03:46:58.842+0000: 767.930: [GC [PSYoungGen: 548576K->256K(658176K)] 662846K->114638K(1345152K), 0.0161450 secs] [Times: user=0.05 sys=0.00, real=0.01 secs] 
2014-07-16T03:47:00.255+0000: 769.343: [GC [PSYoungGen: 658176K->352K(634688K)] 772558K->114806K(1321664K), 0.0039580 secs] [Times: user=0.01 sys=0.00, real=0.00 secs] 
2014-07-16T03:47:01.621+0000: 770.709: [GC [PSYoungGen: 634656K->192K(611968K)] 749110K->114710K(1298944K), 0.0061570 secs] [Times: user=0.01 sys=0.00, real=0.00 secs] 
2014-07-16T03:47:02.952+0000: 772.040: [GC [PSYoungGen: 611968K->388K(590720K)] 726486K->114962K(1277696K), 0.0077190 secs] [Times: user=0.02 sys=0.00, real=0.01 secs] 
2014-07-16T03:47:04.240+0000: 773.328: [GC [PSYoungGen: 590660K->256K(570048K)] 705234K->114902K(1257024K), 0.0062780 secs] [Times: user=0.02 sys=0.00, real=0.00 secs] 
2014-07-16T03:47:05.465+0000: 774.554: [GC [PSYoungGen: 570048K->324K(550592K)] 684694K->115002K(1237568K), 0.0068900 secs] [Times: user=0.01 sys=0.00, real=0.01 secs] 
2014-07-16T03:47:06.641+0000: 775.730: [GC [PSYoungGen: 550532K->370K(531904K)] 665210K->115104K(1218880K), 0.0098580 secs] [Times: user=0.03 sys=0.00, real=0.01 secs] 
2014-07-16T03:47:07.805+0000: 776.893: [GC [PSYoungGen: 531890K->626K(514304K)] 646624K->115440K(1201280K), 0.0111880 secs] [Times: user=0.04 sys=0.00, real=0.01 secs] 
2014-07-16T03:47:08.900+0000: 777.988: [GC [PSYoungGen: 514290K->192K(496768K)] 629104K->115110K(1183744K), 0.0043770 secs] [Times: user=0.01 sys=0.00, real=0.01 secs] 
2014-07-16T03:47:09.972+0000: 779.060: [GC [PSYoungGen: 496763K->480K(480768K)] 611681K->115486K(1167744K), 0.0142620 secs] [Times: user=0.04 sys=0.00, real=0.01 secs] 
2014-07-16T03:47:11.004+0000: 780.092: [GC [PSYoungGen: 480736K->320K(464960K)] 595742K->115366K(1151936K), 0.0038250 secs] [Times: user=0.02 sys=0.00, real=0.00 secs] 
2014-07-16T03:47:12.015+0000: 781.103: [GC [PSYoungGen: 464887K->548K(450304K)] 579934K->115674K(1137280K), 0.0113430 secs] [Times: user=0.04 sys=0.00, real=0.01 secs] 
2014-07-16T03:47:13.017+0000: 782.105: [GC [PSYoungGen: 450276K->402K(540160K)] 565402K->115568K(1227136K), 0.0192800 secs] [Times: user=0.06 sys=0.00, real=0.02 secs] 
2014-07-16T03:47:14.192+0000: 783.280: [GC [PSYoungGen: 540114K->320K(521792K)] 655280K->115550K(1208768K), 0.0055210 secs] [Times: user=0.02 sys=0.00, real=0.00 secs] 
2014-07-16T03:47:15.315+0000: 784.403: [GC [PSYoungGen: 521792K->256K(504320K)] 637022K->115542K(1191296K), 0.0045950 secs] [Times: user=0.01 sys=0.00, real=0.00 secs] 
2014-07-16T03:47:16.419+0000: 785.507: [GC [PSYoungGen: 504320K->416K(487872K)] 619606K->115734K(1174848K), 0.0069720 secs] [Times: user=0.03 sys=0.00, real=0.01 secs] 
2014-07-16T03:47:17.541+0000: 786.630: [GC [PSYoungGen: 487840K->594K(472128K)] 603158K->115968K(1159104K), 0.0116680 secs] [Times: user=0.05 sys=0.00, real=0.02 secs] 
2014-07-16T03:47:18.550+0000: 787.638: [GC [PSYoungGen: 472082K->384K(566208K)] 587456K->115902K(1253184K), 0.0427730 secs] [Times: user=0.15 sys=0.00, real=0.05 secs] 
2014-07-16T03:47:19.818+0000: 788.906: [GC [PSYoungGen: 566134K->580K(679680K)] 681652K->116194K(1366656K), 0.0090100 secs] [Times: user=0.04 sys=0.00, real=0.01 secs] 
2014-07-16T03:47:21.298+0000: 790.386: [GC [PSYoungGen: 679620K->416K(815296K)] 795234K->116134K(1502272K), 0.0066110 secs] [Times: user=0.01 sys=0.01, real=0.01 secs] 
2014-07-16T03:47:23.045+0000: 792.134: [GC [PSYoungGen: 815264K->306K(784256K)] 930982K->116088K(1471232K), 0.0049190 secs] [Times: user=0.01 sys=0.00, real=0.00 secs] 
2014-07-16T03:47:24.723+0000: 793.811: [GC [PSYoungGen: 784242K->288K(941056K)] 900024K->116134K(1628032K), 0.0249060 secs] [Times: user=0.09 sys=0.00, real=0.02 secs] 
2014-07-16T03:47:26.732+0000: 795.820: [GC [PSYoungGen: 941024K->384K(904256K)] 1056870K->116286K(1591232K), 0.0104360 secs] [Times: user=0.04 sys=0.00, real=0.01 secs] 
2014-07-16T03:47:28.659+0000: 797.747: [GC [PSYoungGen: 904228K->256K(868992K)] 1020130K->116230K(1555968K), 0.0046050 secs] [Times: user=0.01 sys=0.00, real=0.01 secs] 
2014-07-16T03:47:30.526+0000: 799.614: [GC [PSYoungGen: 868991K->566K(835840K)] 984966K->116692K(1522816K), 0.0044450 secs] [Times: user=0.01 sys=0.01, real=0.00 secs] 
2014-07-16T03:47:32.326+0000: 801.415: [GC [PSYoungGen: 835830K->192K(803584K)] 951956K->116398K(1490560K), 0.0043760 secs] [Times: user=0.01 sys=0.00, real=0.00 secs] 
2014-07-16T03:47:34.050+0000: 803.138: [GC [PSYoungGen: 803584K->352K(773376K)] 919790K->116646K(1460352K), 0.0140330 secs] [Times: user=0.05 sys=0.00, real=0.01 secs] 
2014-07-16T03:47:35.709+0000: 804.797: [GC [PSYoungGen: 773344K->288K(744384K)] 889638K->116622K(1431360K), 0.0119620 secs] [Times: user=0.04 sys=0.00, real=0.01 secs] 
2014-07-16T03:47:37.303+0000: 806.391: [GC [PSYoungGen: 744294K->630K(717120K)] 860628K->117028K(1404096K), 0.0224660 secs] [Times: user=0.07 sys=0.00, real=0.03 secs] 
2014-07-16T03:47:38.842+0000: 807.930: [GC [PSYoungGen: 717110K->370K(690560K)] 833508K->116880K(1377536K), 0.0041780 secs] [Times: user=0.01 sys=0.00, real=0.01 secs] 
2014-07-16T03:47:40.328+0000: 809.417: [GC [PSYoungGen: 690546K->452K(665600K)] 807056K->117066K(1352576K), 0.0054150 secs] [Times: user=0.01 sys=0.00, real=0.00 secs] 
2014-07-16T03:47:41.753+0000: 810.841: [GC [PSYoungGen: 665536K->338K(641536K)] 782150K->117024K(1328512K), 0.0043570 secs] [Times: user=0.01 sys=0.00, real=0.01 secs] 
2014-07-16T03:47:43.212+0000: 812.300: [GC [PSYoungGen: 641490K->434K(618752K)] 758176K->117192K(1305728K), 0.0089920 secs] [Times: user=0.02 sys=0.01, real=0.01 secs] 
2014-07-16T03:47:44.586+0000: 813.674: [GC [PSYoungGen: 618721K->352K(596928K)] 735480K->117206K(1283904K), 0.0065070 secs] [Times: user=0.01 sys=0.01, real=0.01 secs] 
2014-07-16T03:47:45.901+0000: 814.989: [GC [PSYoungGen: 596896K->288K(576064K)] 713750K->117190K(1263040K), 0.0044790 secs] [Times: user=0.01 sys=0.00, real=0.00 secs] 
2014-07-16T03:47:47.175+0000: 816.263: [GC [PSYoungGen: 575965K->498K(556416K)] 692868K->117440K(1243392K), 0.0060240 secs] [Times: user=0.01 sys=0.00, real=0.01 secs] 
2014-07-16T03:47:48.406+0000: 817.494: [GC [PSYoungGen: 556402K->370K(537344K)] 673344K->117424K(1224320K), 0.0136100 secs] [Times: user=0.05 sys=0.00, real=0.01 secs] 
2014-07-16T03:47:49.564+0000: 818.652: [GC [PSYoungGen: 537330K->548K(519424K)] 654384K->117698K(1206400K), 0.0053830 secs] [Times: user=0.01 sys=0.01, real=0.01 secs] 
2014-07-16T03:47:50.675+0000: 819.763: [GC [PSYoungGen: 519396K->224K(501824K)] 636546K->117446K(1188800K), 0.0174180 secs] [Times: user=0.06 sys=0.01, real=0.02 secs] 
2014-07-16T03:47:51.755+0000: 820.843: [GC [PSYoungGen: 501792K->320K(485376K)] 619014K->117590K(1172352K), 0.0051460 secs] [Times: user=0.01 sys=0.00, real=0.01 secs] 
2014-07-16T03:47:52.820+0000: 821.908: [GC [PSYoungGen: 485375K->498K(582592K)] 602645K->117824K(1269568K), 0.0418030 secs] [Times: user=0.15 sys=0.00, real=0.04 secs] 
2014-07-16T03:47:54.061+0000: 823.149: [GC [PSYoungGen: 582559K->402K(698944K)] 699886K->117776K(1385920K), 0.0039640 secs] [Times: user=0.01 sys=0.00, real=0.00 secs] 
2014-07-16T03:47:55.576+0000: 824.664: [GC [PSYoungGen: 698894K->320K(838528K)] 816269K->117758K(1525504K), 0.0257640 secs] [Times: user=0.09 sys=0.00, real=0.03 secs] 
2014-07-16T03:47:57.384+0000: 826.473: [GC [PSYoungGen: 838528K->448K(1006336K)] 955966K->117918K(1693312K), 0.0055910 secs] [Times: user=0.02 sys=0.00, real=0.01 secs] 
2014-07-16T03:47:59.537+0000: 828.625: [GC [PSYoungGen: 1006336K->612K(966528K)] 1123806K->118250K(1653504K), 0.0122530 secs] [Times: user=0.05 sys=0.00, real=0.02 secs] 
2014-07-16T03:48:01.617+0000: 830.705: [GC [PSYoungGen: 966500K->242K(928064K)] 1084138K->118098K(1615040K), 0.0048810 secs] [Times: user=0.01 sys=0.01, real=0.01 secs] 
2014-07-16T03:48:03.615+0000: 832.704: [GC [PSYoungGen: 928025K->488K(892032K)] 1045882K->118432K(1579008K), 0.0071890 secs] [Times: user=0.03 sys=0.00, real=0.01 secs] 
2014-07-16T03:48:05.538+0000: 834.626: [GC [PSYoungGen: 892008K->402K(857408K)] 1009952K->118410K(1544384K), 0.0063910 secs] [Times: user=0.02 sys=0.00, real=0.01 secs] 
2014-07-16T03:48:07.360+0000: 836.448: [GC [PSYoungGen: 857362K->516K(824640K)] 975370K->118596K(1511616K), 0.0068560 secs] [Times: user=0.02 sys=0.00, real=0.00 secs] 
2014-07-16T03:48:09.136+0000: 838.224: [GC [PSYoungGen: 824580K->434K(793152K)] 942660K->118730K(1480128K), 0.0106660 secs] [Times: user=0.04 sys=0.00, real=0.01 secs] 
2014-07-16T03:48:10.873+0000: 839.961: [GC [PSYoungGen: 793100K->630K(763456K)] 911397K->119062K(1450432K), 0.0124770 secs] [Times: user=0.04 sys=0.00, real=0.01 secs] 
2014-07-16T03:48:12.548+0000: 841.636: [GC [PSYoungGen: 763353K->488K(734848K)] 881785K->119104K(1421824K), 0.0038270 secs] [Times: user=0.01 sys=0.01, real=0.01 secs] 
2014-07-16T03:48:14.166+0000: 843.254: [GC [PSYoungGen: 734810K->320K(707520K)] 853427K->118992K(1394496K), 0.0094540 secs] [Times: user=0.03 sys=0.00, real=0.01 secs] 
2014-07-16T03:48:15.789+0000: 844.878: [GC [PSYoungGen: 707520K->480K(681856K)] 826192K->119240K(1368832K), 0.0076180 secs] [Times: user=0.02 sys=0.00, real=0.01 secs] 
2014-07-16T03:48:17.199+0000: 846.288: [GC [PSYoungGen: 681824K->224K(656896K)] 800584K->119048K(1343872K), 0.0073650 secs] [Times: user=0.02 sys=0.00, real=0.01 secs] 
2014-07-16T03:48:18.612+0000: 847.700: [GC [PSYoungGen: 656864K->288K(633408K)] 775688K->119216K(1320384K), 0.0121120 secs] [Times: user=0.05 sys=0.00, real=0.01 secs] 
2014-07-16T03:48:19.984+0000: 849.072: [GC [PSYoungGen: 633376K->562K(611200K)] 752304K->119602K(1298176K), 0.0060290 secs] [Times: user=0.02 sys=0.00, real=0.00 secs] 
2014-07-16T03:48:21.292+0000: 850.380: [GC [PSYoungGen: 611185K->224K(589440K)] 730226K->119344K(1276416K), 0.0045700 secs] [Times: user=0.01 sys=0.00, real=0.00 secs] 
2014-07-16T03:48:22.562+0000: 851.651: [GC [PSYoungGen: 589408K->288K(569024K)] 708528K->119456K(1256000K), 0.0053600 secs] [Times: user=0.02 sys=0.00, real=0.00 secs] 
2014-07-16T03:48:23.792+0000: 852.880: [GC [PSYoungGen: 568992K->256K(549440K)] 688160K->119464K(1236416K), 0.0107270 secs] [Times: user=0.02 sys=0.00, real=0.01 secs] 
2014-07-16T03:48:24.984+0000: 854.072: [GC [PSYoungGen: 549440K->288K(530816K)] 668648K->119560K(1217792K), 0.0105170 secs] [Times: user=0.04 sys=0.01, real=0.01 secs] 
2014-07-16T03:48:26.125+0000: 855.213: [GC [PSYoungGen: 530784K->402K(513152K)] 650056K->119722K(1200128K), 0.0036990 secs] [Times: user=0.01 sys=0.00, real=0.00 secs] 
2014-07-16T03:48:27.223+0000: 856.311: [GC [PSYoungGen: 513095K->256K(495936K)] 632416K->119616K(1182912K), 0.0101260 secs] [Times: user=0.04 sys=0.00, real=0.01 secs] 
2014-07-16T03:48:28.326+0000: 857.414: [GC [PSYoungGen: 495936K->758K(480192K)] 615296K->120254K(1167168K), 0.0082760 secs] [Times: user=0.02 sys=0.00, real=0.01 secs] 
2014-07-16T03:48:29.368+0000: 858.456: [GC [PSYoungGen: 480129K->452K(464384K)] 599625K->120052K(1151360K), 0.0053040 secs] [Times: user=0.01 sys=0.00, real=0.01 secs] 
2014-07-16T03:48:30.401+0000: 859.489: [GC [PSYoungGen: 464324K->416K(449472K)] 583924K->120120K(1136448K), 0.0074440 secs] [Times: user=0.02 sys=0.00, real=0.01 secs] 
2014-07-16T03:48:31.400+0000: 860.489: [GC [PSYoungGen: 449397K->416K(435264K)] 569102K->120192K(1122240K), 0.0070480 secs] [Times: user=0.01 sys=0.00, real=0.01 secs] 
2014-07-16T03:48:32.364+0000: 861.453: [GC [PSYoungGen: 435232K->384K(421568K)] 555008K->120208K(1108544K), 0.0037980 secs] [Times: user=0.01 sys=0.01, real=0.00 secs] 
2014-07-16T03:48:33.340+0000: 862.428: [GC [PSYoungGen: 421553K->748K(408896K)] 541377K->120628K(1095872K), 0.0072310 secs] [Times: user=0.01 sys=0.00, real=0.01 secs] 
2014-07-16T03:48:34.241+0000: 863.329: [GC [PSYoungGen: 408876K->192K(395840K)] 528756K->120120K(1082816K), 0.0043420 secs] [Times: user=0.01 sys=0.00, real=0.01 secs] 
2014-07-16T03:48:35.103+0000: 864.191: [GC [PSYoungGen: 395840K->470K(384192K)] 515768K->120430K(1071168K), 0.0070650 secs] [Times: user=0.01 sys=0.00, real=0.01 secs] 
2014-07-16T03:48:35.942+0000: 865.030: [GC [PSYoungGen: 384150K->338K(372608K)] 504110K->120322K(1059584K), 0.0029960 secs] [Times: user=0.01 sys=0.00, real=0.01 secs] 
2014-07-16T03:48:36.732+0000: 865.821: [GC [PSYoungGen: 372562K->256K(446976K)] 492546K->120296K(1133952K), 0.0283400 secs] [Times: user=0.09 sys=0.00, real=0.03 secs] 
2014-07-16T03:48:37.705+0000: 866.793: [GC [PSYoungGen: 446976K->352K(536448K)] 567016K->120448K(1223424K), 0.0224210 secs] [Times: user=0.08 sys=0.00, real=0.02 secs] 
2014-07-16T03:48:38.854+0000: 867.942: [GC [PSYoungGen: 536416K->320K(643648K)] 656512K->120504K(1330624K), 0.0125400 secs] [Times: user=0.04 sys=0.01, real=0.01 secs] 
2014-07-16T03:48:40.232+0000: 869.320: [GC [PSYoungGen: 643648K->552K(772608K)] 763832K->120840K(1459584K), 0.0270450 secs] [Times: user=0.10 sys=0.00, real=0.03 secs] 
2014-07-16T03:48:41.904+0000: 870.992: [GC [PSYoungGen: 772581K->288K(926784K)] 892869K->120648K(1613760K), 0.0084360 secs] [Times: user=0.04 sys=0.00, real=0.01 secs] 
2014-07-16T03:48:43.903+0000: 872.992: [GC [PSYoungGen: 926749K->370K(1112192K)] 1047109K->120818K(1799168K), 0.0085280 secs] [Times: user=0.03 sys=0.00, real=0.01 secs] 
2014-07-16T03:48:46.368+0000: 875.456: [GC [PSYoungGen: 1112178K->484K(1067200K)] 1232626K->120996K(1754176K), 0.0080200 secs] [Times: user=0.01 sys=0.00, real=0.01 secs] 
2014-07-16T03:48:48.750+0000: 877.838: [GC [PSYoungGen: 1067172K->562K(1280640K)] 1187684K->121186K(1967616K), 0.0412760 secs] [Times: user=0.15 sys=0.00, real=0.04 secs] 
2014-07-16T03:48:51.587+0000: 880.675: [GC [PSYoungGen: 1280626K->562K(1227392K)] 1401250K->121434K(1914368K), 0.0082710 secs] [Times: user=0.02 sys=0.00, real=0.00 secs] 
2014-07-16T03:48:54.237+0000: 883.325: [GC [PSYoungGen: 1227378K->338K(1176512K)] 1348250K->121338K(1863488K), 0.0035720 secs] [Times: user=0.01 sys=0.00, real=0.00 secs] 
2014-07-16T03:48:56.763+0000: 885.851: [GC [PSYoungGen: 1176465K->416K(1128384K)] 1297466K->121496K(1815360K), 0.0050590 secs] [Times: user=0.01 sys=0.01, real=0.01 secs] 
2014-07-16T03:48:59.188+0000: 888.276: [GC [PSYoungGen: 1128305K->548K(1082624K)] 1249386K->121748K(1769600K), 0.0046560 secs] [Times: user=0.01 sys=0.00, real=0.00 secs] 
2014-07-16T03:49:01.501+0000: 890.589: [GC [PSYoungGen: 1082592K->288K(1038720K)] 1203793K->121680K(1725696K), 0.0117700 secs] [Times: user=0.05 sys=0.00, real=0.01 secs] 
2014-07-16T03:49:03.799+0000: 892.888: [GC [PSYoungGen: 1038688K->352K(997248K)] 1160080K->121816K(1684224K), 0.0047770 secs] [Times: user=0.01 sys=0.00, real=0.00 secs] 
2014-07-16T03:49:05.991+0000: 895.080: [GC [PSYoungGen: 997216K->352K(957696K)] 1118680K->121912K(1644672K), 0.0046330 secs] [Times: user=0.01 sys=0.00, real=0.00 secs] 
2014-07-16T03:49:08.146+0000: 897.234: [GC [PSYoungGen: 957664K->676K(920320K)] 1079224K->122500K(1607296K), 0.0046500 secs] [Times: user=0.01 sys=0.00, real=0.01 secs] 
2014-07-16T03:49:10.207+0000: 899.295: [GC [PSYoungGen: 920260K->694K(884416K)] 1042084K->122702K(1571392K), 0.0054890 secs] [Times: user=0.01 sys=0.00, real=0.01 secs] 
2014-07-16T03:49:12.091+0000: 901.179: [GC [PSYoungGen: 884406K->306K(849856K)] 1006414K->122514K(1536832K), 0.0046780 secs] [Times: user=0.01 sys=0.00, real=0.00 secs] 
2014-07-16T03:49:13.915+0000: 903.003: [GC [PSYoungGen: 849814K->434K(817408K)] 972022K->122690K(1504384K), 0.0042670 secs] [Times: user=0.01 sys=0.00, real=0.01 secs] 
2014-07-16T03:49:15.660+0000: 904.748: [GC [PSYoungGen: 817394K->160K(786112K)] 939650K->122480K(1473088K), 0.0039080 secs] [Times: user=0.00 sys=0.00, real=0.00 secs] 
2014-07-16T03:49:17.366+0000: 906.454: [GC [PSYoungGen: 786078K->598K(756992K)] 908399K->122966K(1443968K), 0.0068170 secs] [Times: user=0.02 sys=0.00, real=0.01 secs] 
2014-07-16T03:49:18.993+0000: 908.081: [GC [PSYoungGen: 756950K->352K(728576K)] 879318K->122856K(1415552K), 0.0226050 secs] [Times: user=0.08 sys=0.01, real=0.02 secs] 
2014-07-16T03:49:20.550+0000: 909.638: [GC [PSYoungGen: 728544K->544K(701888K)] 851048K->123168K(1388864K), 0.0036380 secs] [Times: user=0.01 sys=0.00, real=0.01 secs] 
2014-07-16T03:49:22.048+0000: 911.136: [GC [PSYoungGen: 701856K->384K(676096K)] 824480K->123080K(1363072K), 0.0058050 secs] [Times: user=0.01 sys=0.00, real=0.01 secs] 
2014-07-16T03:49:23.527+0000: 912.616: [GC [PSYoungGen: 676095K->534K(651840K)] 798792K->123278K(1338816K), 0.0091900 secs] [Times: user=0.03 sys=0.00, real=0.01 secs] 
2014-07-16T03:49:24.893+0000: 913.981: [GC [PSYoungGen: 651708K->520K(628544K)] 774452K->123344K(1315520K), 0.0125060 secs] [Times: user=0.05 sys=0.00, real=0.01 secs] 
2014-07-16T03:49:26.245+0000: 915.333: [GC [PSYoungGen: 628488K->352K(606144K)] 751312K->123224K(1293120K), 0.0135970 secs] [Times: user=0.05 sys=0.00, real=0.01 secs] 
2014-07-16T03:49:27.548+0000: 916.636: [GC [PSYoungGen: 606112K->288K(584896K)] 728984K->123208K(1271872K), 0.0100320 secs] [Times: user=0.04 sys=0.00, real=0.01 secs] 
2014-07-16T03:49:28.817+0000: 917.905: [GC [PSYoungGen: 584864K->516K(564928K)] 707784K->123540K(1251904K), 0.0184250 secs] [Times: user=0.06 sys=0.00, real=0.02 secs] 
2014-07-16T03:49:30.029+0000: 919.117: [GC [PSYoungGen: 564868K->384K(545408K)] 687892K->123528K(1232384K), 0.0050070 secs] [Times: user=0.01 sys=0.00, real=0.01 secs] 
2014-07-16T03:49:31.242+0000: 920.330: [GC [PSYoungGen: 545339K->484K(527040K)] 668483K->123700K(1214016K), 0.0066210 secs] [Times: user=0.02 sys=0.00, real=0.01 secs] 
2014-07-16T03:49:32.422+0000: 921.510: [GC [PSYoungGen: 527012K->370K(509248K)] 650228K->123650K(1196224K), 0.0100940 secs] [Times: user=0.04 sys=0.00, real=0.01 secs] 
2014-07-16T03:49:33.599+0000: 922.688: [GC [PSYoungGen: 509234K->690K(492736K)] 632514K->124018K(1179712K), 0.0074810 secs] [Times: user=0.02 sys=0.00, real=0.01 secs] 
2014-07-16T03:49:34.657+0000: 923.745: [GC [PSYoungGen: 492722K->488K(476416K)] 616050K->124016K(1163392K), 0.0106060 secs] [Times: user=0.03 sys=0.01, real=0.01 secs] 
2014-07-16T03:49:35.721+0000: 924.810: [GC [PSYoungGen: 476392K->288K(460800K)] 599920K->123856K(1147776K), 0.0085040 secs] [Times: user=0.03 sys=0.00, real=0.01 secs] 
2014-07-16T03:49:36.736+0000: 925.824: [GC [PSYoungGen: 460744K->434K(553024K)] 584312K->124082K(1240000K), 0.0247530 secs] [Times: user=0.09 sys=0.00, real=0.02 secs] 
2014-07-16T03:49:37.932+0000: 927.020: [GC [PSYoungGen: 553010K->594K(663744K)] 676658K->124322K(1350720K), 0.0111790 secs] [Times: user=0.04 sys=0.01, real=0.02 secs] 
2014-07-16T03:49:39.353+0000: 928.441: [GC [PSYoungGen: 663698K->370K(796160K)] 787426K->124218K(1483136K), 0.0128960 secs] [Times: user=0.04 sys=0.00, real=0.01 secs] 
2014-07-16T03:49:41.064+0000: 930.152: [GC [PSYoungGen: 796146K->644K(955648K)] 919994K->124604K(1642624K), 0.0141480 secs] [Times: user=0.05 sys=0.00, real=0.01 secs] 
2014-07-16T03:49:43.110+0000: 932.199: [GC [PSYoungGen: 955588K->192K(917568K)] 1079548K->124200K(1604544K), 0.0045320 secs] [Times: user=0.01 sys=0.00, real=0.01 secs] 
2014-07-16T03:49:45.082+0000: 934.170: [GC [PSYoungGen: 917568K->310K(881920K)] 1041576K->124366K(1568896K), 0.0059350 secs] [Times: user=0.01 sys=0.00, real=0.01 secs] 
2014-07-16T03:49:46.992+0000: 936.080: [GC [PSYoungGen: 881910K->534K(848128K)] 1005966K->124638K(1535104K), 0.0185450 secs] [Times: user=0.06 sys=0.00, real=0.02 secs] 
2014-07-16T03:49:48.989+0000: 938.077: [GC [PSYoungGen: 848086K->594K(815744K)] 972190K->124818K(1502720K), 0.0114160 secs] [Times: user=0.04 sys=0.00, real=0.01 secs] 
2014-07-16T03:49:50.761+0000: 939.850: [GC [PSYoungGen: 815698K->320K(784512K)] 939922K->124744K(1471488K), 0.0045410 secs] [Times: user=0.01 sys=0.00, real=0.01 secs] 
2014-07-16T03:49:52.486+0000: 941.574: [GC [PSYoungGen: 784508K->402K(755136K)] 908932K->124914K(1442112K), 0.0125840 secs] [Times: user=0.04 sys=0.00, real=0.01 secs] 
2014-07-16T03:49:54.161+0000: 943.250: [GC [PSYoungGen: 755090K->736K(727360K)] 879602K->125312K(1414336K), 0.0180520 secs] [Times: user=0.07 sys=0.00, real=0.02 secs] 
2014-07-16T03:49:55.716+0000: 944.805: [GC [PSYoungGen: 727328K->370K(700160K)] 851904K->125018K(1387136K), 0.0047040 secs] [Times: user=0.01 sys=0.00, real=0.00 secs] 
2014-07-16T03:49:57.225+0000: 946.313: [GC [PSYoungGen: 700146K->224K(674496K)] 824794K->124920K(1361472K), 0.0066340 secs] [Times: user=0.03 sys=0.00, real=0.01 secs] 
2014-07-16T03:49:58.707+0000: 947.796: [GC [PSYoungGen: 674464K->690K(650560K)] 799160K->125474K(1337536K), 0.0050490 secs] [Times: user=0.02 sys=0.00, real=0.00 secs] 
2014-07-16T03:50:00.068+0000: 949.157: [GC [PSYoungGen: 650546K->370K(627008K)] 775330K->125250K(1313984K), 0.0090320 secs] [Times: user=0.03 sys=0.00, real=0.01 secs] 
2014-07-16T03:50:01.451+0000: 950.539: [GC [PSYoungGen: 626990K->192K(604672K)] 751871K->125144K(1291648K), 0.0085600 secs] [Times: user=0.01 sys=0.00, real=0.01 secs] 
2014-07-16T03:50:02.737+0000: 951.826: [GC [PSYoungGen: 604668K->512K(583808K)] 729621K->125536K(1270784K), 0.0229710 secs] [Times: user=0.06 sys=0.00, real=0.02 secs] 
2014-07-16T03:50:03.989+0000: 953.077: [GC [PSYoungGen: 583776K->256K(563328K)] 708801K->125320K(1250304K), 0.0154910 secs] [Times: user=0.05 sys=0.00, real=0.01 secs] 
2014-07-16T03:50:05.191+0000: 954.280: [GC [PSYoungGen: 563298K->420K(544256K)] 688363K->125548K(1231232K), 0.0056380 secs] [Times: user=0.01 sys=0.00, real=0.01 secs] 
2014-07-16T03:50:06.359+0000: 955.447: [GC [PSYoungGen: 544158K->456K(525888K)] 669287K->125608K(1212864K), 0.0043980 secs] [Times: user=0.01 sys=0.00, real=0.00 secs] 
2014-07-16T03:50:07.490+0000: 956.578: [GC [PSYoungGen: 525832K->466K(508288K)] 650984K->125666K(1195264K), 0.0111330 secs] [Times: user=0.04 sys=0.00, real=0.01 secs] 
2014-07-16T03:50:08.584+0000: 957.672: [GC [PSYoungGen: 508210K->452K(491456K)] 633411K->125748K(1178432K), 0.0089330 secs] [Times: user=0.03 sys=0.01, real=0.01 secs] 
2014-07-16T03:50:09.650+0000: 958.739: [GC [PSYoungGen: 491396K->320K(475200K)] 616692K->125696K(1162176K), 0.0067850 secs] [Times: user=0.01 sys=0.01, real=0.00 secs] 
2014-07-16T03:50:10.676+0000: 959.764: [GC [PSYoungGen: 475200K->306K(459840K)] 600576K->125778K(1146816K), 0.0061460 secs] [Times: user=0.01 sys=0.00, real=0.01 secs] 
2014-07-16T03:50:11.668+0000: 960.756: [GC [PSYoungGen: 459826K->320K(445120K)] 585298K->125824K(1132096K), 0.0108900 secs] [Times: user=0.04 sys=0.00, real=0.02 secs] 
2014-07-16T03:50:12.617+0000: 961.706: [GC [PSYoungGen: 445120K->242K(534016K)] 570624K->125786K(1220992K), 0.0196570 secs] [Times: user=0.07 sys=0.00, real=0.02 secs] 
2014-07-16T03:50:13.840+0000: 962.928: [GC [PSYoungGen: 534002K->690K(516480K)] 659546K->126714K(1203456K), 0.0053330 secs] [Times: user=0.02 sys=0.00, real=0.00 secs] 
2014-07-16T03:50:14.941+0000: 964.030: [GC [PSYoungGen: 516466K->416K(499072K)] 642490K->126488K(1186048K), 0.0044830 secs] [Times: user=0.01 sys=0.00, real=0.00 secs] 
2014-07-16T03:50:16.072+0000: 965.161: [GC [PSYoungGen: 499040K->288K(482560K)] 625112K->126536K(1169536K), 0.0068530 secs] [Times: user=0.01 sys=0.00, real=0.01 secs] 
2014-07-16T03:50:17.143+0000: 966.231: [GC [PSYoungGen: 482475K->484K(467072K)] 608724K->126788K(1154048K), 0.0081500 secs] [Times: user=0.02 sys=0.01, real=0.01 secs] 
2014-07-16T03:50:18.195+0000: 967.284: [GC [PSYoungGen: 467044K->416K(452032K)] 593348K->126824K(1139008K), 0.0054050 secs] [Times: user=0.02 sys=0.00, real=0.01 secs] 
2014-07-16T03:50:19.223+0000: 968.312: [GC [PSYoungGen: 452000K->448K(437696K)] 578408K->126944K(1124672K), 0.0173790 secs] [Times: user=0.06 sys=0.00, real=0.02 secs] 
2014-07-16T03:50:20.222+0000: 969.311: [GC [PSYoungGen: 437696K->818K(525568K)] 564192K->127466K(1212544K), 0.0228850 secs] [Times: user=0.08 sys=0.00, real=0.02 secs] 
2014-07-16T03:50:21.346+0000: 970.434: [GC [PSYoungGen: 525554K->544K(630272K)] 652202K->127272K(1317248K), 0.0068560 secs] [Times: user=0.01 sys=0.00, real=0.01 secs] 
2014-07-16T03:50:22.696+0000: 971.784: [GC [PSYoungGen: 630240K->424K(756096K)] 756968K->127224K(1443072K), 0.0219070 secs] [Times: user=0.08 sys=0.00, real=0.02 secs] 
2014-07-16T03:50:24.321+0000: 973.410: [GC [PSYoungGen: 756072K->402K(907264K)] 882872K->127250K(1594240K), 0.0078100 secs] [Times: user=0.01 sys=0.00, real=0.00 secs] 
2014-07-16T03:50:26.263+0000: 975.351: [GC [PSYoungGen: 907218K->338K(871936K)] 1034066K->127242K(1558912K), 0.0072130 secs] [Times: user=0.02 sys=0.00, real=0.00 secs] 
2014-07-16T03:50:28.136+0000: 977.225: [GC [PSYoungGen: 871890K->416K(838400K)] 998794K->127368K(1525376K), 0.0049010 secs] [Times: user=0.01 sys=0.00, real=0.01 secs] 
2014-07-16T03:50:29.978+0000: 979.066: [GC [PSYoungGen: 838368K->676K(806656K)] 965320K->127780K(1493632K), 0.0157110 secs] [Times: user=0.05 sys=0.00, real=0.02 secs] 
2014-07-16T03:50:31.698+0000: 980.786: [GC [PSYoungGen: 806628K->498K(775936K)] 933732K->127754K(1462912K), 0.0227700 secs] [Times: user=0.07 sys=0.00, real=0.02 secs] 
2014-07-16T03:50:33.366+0000: 982.454: [GC [PSYoungGen: 775922K->484K(746880K)] 903178K->127804K(1433856K), 0.0060290 secs] [Times: user=0.02 sys=0.00, real=0.01 secs] 
2014-07-16T03:50:34.974+0000: 984.062: [GC [PSYoungGen: 746803K->452K(719168K)] 874123K->127828K(1406144K), 0.0092960 secs] [Times: user=0.02 sys=0.00, real=0.01 secs] 
2014-07-16T03:50:36.523+0000: 985.611: [GC [PSYoungGen: 719108K->434K(692672K)] 846484K->127858K(1379648K), 0.0055880 secs] [Times: user=0.02 sys=0.00, real=0.00 secs] 
2014-07-16T03:50:38.013+0000: 987.101: [GC [PSYoungGen: 692658K->370K(667392K)] 820082K->127850K(1354368K), 0.0056660 secs] [Times: user=0.02 sys=0.00, real=0.00 secs] 
2014-07-16T03:50:39.457+0000: 988.545: [GC [PSYoungGen: 667378K->498K(643520K)] 794858K->128098K(1330496K), 0.0131360 secs] [Times: user=0.05 sys=0.00, real=0.01 secs] 
2014-07-16T03:50:40.864+0000: 989.952: [GC [PSYoungGen: 643506K->352K(620480K)] 771106K->128080K(1307456K), 0.0075720 secs] [Times: user=0.01 sys=0.00, real=0.00 secs] 
2014-07-16T03:50:42.254+0000: 991.342: [GC [PSYoungGen: 620448K->680K(598912K)] 748176K->128744K(1285888K), 0.0066930 secs] [Times: user=0.01 sys=0.00, real=0.00 secs] 
2014-07-16T03:50:43.554+0000: 992.642: [GC [PSYoungGen: 598800K->288K(577664K)] 726864K->128416K(1264640K), 0.0051360 secs] [Times: user=0.01 sys=0.01, real=0.00 secs] 
2014-07-16T03:50:44.883+0000: 993.972: [GC [PSYoungGen: 577576K->950K(558400K)] 705705K->129342K(1245376K), 0.0067140 secs] [Times: user=0.02 sys=0.01, real=0.00 secs] 
2014-07-16T03:50:46.105+0000: 995.193: [GC [PSYoungGen: 558327K->498K(538944K)] 686720K->128954K(1225920K), 0.0222530 secs] [Times: user=0.07 sys=0.01, real=0.02 secs] 
2014-07-16T03:50:47.342+0000: 996.430: [GC [PSYoungGen: 538930K->594K(520896K)] 667386K->129146K(1207872K), 0.0070270 secs] [Times: user=0.01 sys=0.00, real=0.01 secs] 
2014-07-16T03:50:48.457+0000: 997.546: [GC [PSYoungGen: 520850K->320K(503232K)] 649402K->129024K(1190208K), 0.0070150 secs] [Times: user=0.02 sys=0.00, real=0.01 secs] 
2014-07-16T03:50:49.565+0000: 998.653: [GC [PSYoungGen: 503232K->680K(487040K)] 631936K->129480K(1174016K), 0.0187990 secs] [Times: user=0.07 sys=0.01, real=0.01 secs] 
2014-07-16T03:50:50.618+0000: 999.707: [GC [PSYoungGen: 487012K->516K(471040K)] 615813K->129396K(1158016K), 0.0069980 secs] [Times: user=0.00 sys=0.00, real=0.01 secs] 
2014-07-16T03:50:51.621+0000: 1000.710: [GC [PSYoungGen: 470980K->406K(455744K)] 599860K->129350K(1142720K), 0.0068710 secs] [Times: user=0.03 sys=0.00, real=0.01 secs] 
2014-07-16T03:50:52.600+0000: 1001.688: [GC [PSYoungGen: 455702K->288K(441088K)] 584646K->129272K(1128064K), 0.0057210 secs] [Times: user=0.02 sys=0.00, real=0.01 secs] 
2014-07-16T03:50:53.542+0000: 1002.630: [GC [PSYoungGen: 441056K->356K(427264K)] 570040K->129372K(1114240K), 0.0081120 secs] [Times: user=0.03 sys=0.00, real=0.01 secs] 
2014-07-16T03:50:54.474+0000: 1003.562: [GC [PSYoungGen: 427236K->306K(512576K)] 556252K->129362K(1199552K), 0.0180690 secs] [Times: user=0.06 sys=0.00, real=0.02 secs] 
2014-07-16T03:50:55.577+0000: 1004.665: [GC [PSYoungGen: 512562K->192K(495424K)] 641618K->129280K(1182400K), 0.0042320 secs] [Times: user=0.01 sys=0.00, real=0.00 secs] 
2014-07-16T03:50:56.643+0000: 1005.731: [GC [PSYoungGen: 495404K->224K(479232K)] 624493K->129336K(1166208K), 0.0050920 secs] [Times: user=0.01 sys=0.01, real=0.01 secs] 
2014-07-16T03:50:57.678+0000: 1006.766: [GC [PSYoungGen: 479200K->466K(463936K)] 608312K->129634K(1150912K), 0.0039730 secs] [Times: user=0.01 sys=0.00, real=0.00 secs] 
2014-07-16T03:50:58.692+0000: 1007.780: [GC [PSYoungGen: 463890K->384K(448960K)] 593058K->129648K(1135936K), 0.0148680 secs] [Times: user=0.05 sys=0.00, real=0.02 secs] 
2014-07-16T03:50:59.663+0000: 1008.751: [GC [PSYoungGen: 448960K->224K(434624K)] 578224K->129568K(1121600K), 0.0103400 secs] [Times: user=0.03 sys=0.00, real=0.01 secs] 
2014-07-16T03:51:00.607+0000: 1009.695: [GC [PSYoungGen: 434592K->288K(421120K)] 563936K->129728K(1108096K), 0.0101780 secs] [Times: user=0.01 sys=0.00, real=0.01 secs] 
2014-07-16T03:51:01.515+0000: 1010.603: [GC [PSYoungGen: 421088K->320K(505280K)] 550528K->129808K(1192256K), 0.0120290 secs] [Times: user=0.05 sys=0.00, real=0.02 secs] 
2014-07-16T03:51:02.598+0000: 1011.687: [GC [PSYoungGen: 505280K->488K(488768K)] 634768K->130024K(1175744K), 0.0042740 secs] [Times: user=0.01 sys=0.01, real=0.00 secs] 
2014-07-16T03:51:03.661+0000: 1012.749: [GC [PSYoungGen: 488744K->288K(472640K)] 618280K->129864K(1159616K), 0.0073380 secs] [Times: user=0.01 sys=0.00, real=0.01 secs] 
2014-07-16T03:51:04.697+0000: 1013.785: [GC [PSYoungGen: 472608K->484K(457600K)] 602184K->130124K(1144576K), 0.0147670 secs] [Times: user=0.05 sys=0.00, real=0.01 secs] 
2014-07-16T03:51:05.683+0000: 1014.771: [GC [PSYoungGen: 457572K->192K(548736K)] 587212K->129872K(1235712K), 0.0131530 secs] [Times: user=0.04 sys=0.00, real=0.02 secs] 
2014-07-16T03:51:06.859+0000: 1015.947: [GC [PSYoungGen: 548735K->488K(530432K)] 678415K->130200K(1217408K), 0.0045390 secs] [Times: user=0.01 sys=0.00, real=0.00 secs] 
2014-07-16T03:51:08.034+0000: 1017.122: [GC [PSYoungGen: 530408K->416K(512576K)] 660120K->130200K(1199552K), 0.0046770 secs] [Times: user=0.01 sys=0.00, real=0.01 secs] 
2014-07-16T03:51:09.175+0000: 1018.263: [GC [PSYoungGen: 512544K->498K(495616K)] 642328K->130378K(1182592K), 0.0055170 secs] [Times: user=0.01 sys=0.00, real=0.01 secs] 
2014-07-16T03:51:10.323+0000: 1019.412: [GC [PSYoungGen: 495602K->530K(594752K)] 625482K->130514K(1281728K), 0.0234640 secs] [Times: user=0.07 sys=0.00, real=0.03 secs] 
2014-07-16T03:51:11.689+0000: 1020.777: [GC [PSYoungGen: 594706K->516K(574080K)] 724690K->130596K(1261056K), 0.0057560 secs] [Times: user=0.02 sys=0.00, real=0.00 secs] 
2014-07-16T03:51:12.973+0000: 1022.061: [GC [PSYoungGen: 573971K->388K(554176K)] 704051K->130540K(1241152K), 0.0044600 secs] [Times: user=0.01 sys=0.00, real=0.01 secs] 
2014-07-16T03:51:14.183+0000: 1023.272: [GC [PSYoungGen: 554116K->338K(664896K)] 684268K->130538K(1351872K), 0.0416670 secs] [Times: user=0.15 sys=0.00, real=0.04 secs] 
2014-07-16T03:51:15.692+0000: 1024.780: [GC [PSYoungGen: 664850K->274K(797760K)] 795050K->130506K(1484736K), 0.0050490 secs] [Times: user=0.01 sys=0.00, real=0.00 secs] 
2014-07-16T03:51:17.414+0000: 1026.502: [GC [PSYoungGen: 797714K->520K(767936K)] 927946K->130824K(1454912K), 0.0045220 secs] [Times: user=0.01 sys=0.00, real=0.01 secs] 
2014-07-16T03:51:19.079+0000: 1028.167: [GC [PSYoungGen: 767880K->662K(739392K)] 898184K->131136K(1426368K), 0.0208530 secs] [Times: user=0.07 sys=0.00, real=0.02 secs] 
2014-07-16T03:51:20.674+0000: 1029.762: [GC [PSYoungGen: 739350K->370K(711744K)] 869824K->130932K(1398720K), 0.0055120 secs] [Times: user=0.01 sys=0.00, real=0.01 secs] 
2014-07-16T03:51:22.204+0000: 1031.292: [GC [PSYoungGen: 711730K->288K(685632K)] 842292K->130970K(1372608K), 0.0057490 secs] [Times: user=0.01 sys=0.00, real=0.01 secs] 
2014-07-16T03:51:23.679+0000: 1032.768: [GC [PSYoungGen: 685594K->292K(660736K)] 816277K->131022K(1347712K), 0.0041710 secs] [Times: user=0.01 sys=0.00, real=0.00 secs] 
2014-07-16T03:51:25.100+0000: 1034.189: [GC [PSYoungGen: 660708K->416K(637120K)] 791438K->131226K(1324096K), 0.0238960 secs] [Times: user=0.08 sys=0.00, real=0.02 secs] 
2014-07-16T03:51:26.472+0000: 1035.560: [GC [PSYoungGen: 637072K->310K(614336K)] 767883K->131160K(1301312K), 0.0050690 secs] [Times: user=0.01 sys=0.00, real=0.00 secs] 
2014-07-16T03:51:27.802+0000: 1036.891: [GC [PSYoungGen: 614326K->584K(593088K)] 745176K->131490K(1280064K), 0.0056820 secs] [Times: user=0.01 sys=0.00, real=0.00 secs] 
2014-07-16T03:51:29.091+0000: 1038.180: [GC [PSYoungGen: 593032K->434K(572288K)] 723938K->131452K(1259264K), 0.0072500 secs] [Times: user=0.02 sys=0.00, real=0.00 secs] 
2014-07-16T03:51:30.344+0000: 1039.432: [GC [PSYoungGen: 572274K->484K(552704K)] 703292K->131590K(1239680K), 0.0065090 secs] [Times: user=0.01 sys=0.00, real=0.01 secs] 
2014-07-16T03:51:31.530+0000: 1040.618: [GC [PSYoungGen: 552646K->388K(533824K)] 683753K->131606K(1220800K), 0.0097100 secs] [Times: user=0.04 sys=0.00, real=0.00 secs] 
2014-07-16T03:51:32.709+0000: 1041.797: [GC [PSYoungGen: 533702K->520K(516032K)] 664920K->131762K(1203008K), 0.0067650 secs] [Times: user=0.03 sys=0.00, real=0.01 secs] 
2014-07-16T03:51:33.822+0000: 1042.910: [GC [PSYoungGen: 515976K->374K(498688K)] 647218K->131696K(1185664K), 0.0082710 secs] [Times: user=0.02 sys=0.00, real=0.00 secs] 
2014-07-16T03:51:34.917+0000: 1044.005: [GC [PSYoungGen: 498678K->402K(482368K)] 630000K->131756K(1169344K), 0.0092200 secs] [Times: user=0.02 sys=0.00, real=0.01 secs] 
2014-07-16T03:51:35.956+0000: 1045.044: [GC [PSYoungGen: 482322K->452K(466752K)] 613676K->131870K(1153728K), 0.0052490 secs] [Times: user=0.01 sys=0.00, real=0.01 secs] 
2014-07-16T03:51:36.961+0000: 1046.049: [GC [PSYoungGen: 466692K->512K(451776K)] 598110K->131994K(1138752K), 0.0080790 secs] [Times: user=0.01 sys=0.00, real=0.01 secs] 
2014-07-16T03:51:37.932+0000: 1047.021: [GC [PSYoungGen: 451776K->594K(437568K)] 583258K->132180K(1124544K), 0.0108240 secs] [Times: user=0.04 sys=0.00, real=0.01 secs] 
2014-07-16T03:51:38.863+0000: 1047.951: [GC [PSYoungGen: 437522K->192K(423424K)] 569108K->131842K(1110400K), 0.0062730 secs] [Times: user=0.02 sys=0.00, real=0.00 secs] 
2014-07-16T03:51:39.795+0000: 1048.883: [GC [PSYoungGen: 423344K->516K(410688K)] 554995K->132222K(1097664K), 0.0102560 secs] [Times: user=0.02 sys=0.00, real=0.01 secs] 
2014-07-16T03:51:40.674+0000: 1049.762: [GC [PSYoungGen: 410628K->192K(397760K)] 542334K->131970K(1084736K), 0.0044700 secs] [Times: user=0.01 sys=0.00, real=0.00 secs] 
2014-07-16T03:51:41.546+0000: 1050.634: [GC [PSYoungGen: 397719K->712K(386304K)] 529497K->132570K(1073280K), 0.0080880 secs] [Times: user=0.01 sys=0.01, real=0.01 secs] 
2014-07-16T03:51:42.378+0000: 1051.466: [GC [PSYoungGen: 386208K->402K(374464K)] 518066K->132308K(1061440K), 0.0056370 secs] [Times: user=0.02 sys=0.00, real=0.01 secs] 
2014-07-16T03:51:43.186+0000: 1052.274: [GC [PSYoungGen: 374416K->356K(449216K)] 506323K->132310K(1136192K), 0.0294920 secs] [Times: user=0.11 sys=0.00, real=0.03 secs] 
2014-07-16T03:51:44.165+0000: 1053.253: [GC [PSYoungGen: 449186K->356K(539008K)] 581140K->132342K(1225984K), 0.0060910 secs] [Times: user=0.02 sys=0.00, real=0.00 secs] 
2014-07-16T03:51:45.329+0000: 1054.417: [GC [PSYoungGen: 538980K->128K(646528K)] 670966K->132146K(1333504K), 0.0041410 secs] [Times: user=0.00 sys=0.01, real=0.01 secs] 
2014-07-16T03:51:46.732+0000: 1055.821: [GC [PSYoungGen: 646528K->370K(623680K)] 778546K->132436K(1310656K), 0.0130500 secs] [Times: user=0.05 sys=0.00, real=0.01 secs] 
2014-07-16T03:51:48.067+0000: 1057.156: [GC [PSYoungGen: 623666K->306K(601600K)] 755732K->132452K(1288576K), 0.0123450 secs] [Times: user=0.04 sys=0.00, real=0.01 secs] 
2014-07-16T03:51:49.364+0000: 1058.452: [GC [PSYoungGen: 601586K->320K(580608K)] 733732K->132570K(1267584K), 0.0048810 secs] [Times: user=0.01 sys=0.00, real=0.00 secs] 
2014-07-16T03:51:50.648+0000: 1059.736: [GC [PSYoungGen: 580608K->480K(560768K)] 712858K->132818K(1247744K), 0.0145840 secs] [Times: user=0.05 sys=0.00, real=0.01 secs] 
2014-07-16T03:51:51.845+0000: 1060.934: [GC [PSYoungGen: 560736K->320K(672640K)] 693074K->132754K(1359616K), 0.0164880 secs] [Times: user=0.06 sys=0.00, real=0.01 secs] 
2014-07-16T03:51:53.288+0000: 1062.376: [GC [PSYoungGen: 672640K->402K(807232K)] 805074K->132916K(1494208K), 0.0305900 secs] [Times: user=0.10 sys=0.00, real=0.03 secs] 
2014-07-16T03:51:55.031+0000: 1064.119: [GC [PSYoungGen: 807186K->306K(968512K)] 939700K->132868K(1655488K), 0.0044100 secs] [Times: user=0.01 sys=0.00, real=0.01 secs] 
2014-07-16T03:51:57.115+0000: 1066.203: [GC [PSYoungGen: 968498K->320K(930304K)] 1101060K->132930K(1617280K), 0.0058930 secs] [Times: user=0.02 sys=0.00, real=0.00 secs] 
2014-07-16T03:51:59.119+0000: 1068.207: [GC [PSYoungGen: 930304K->420K(894080K)] 1062914K->133134K(1581056K), 0.0049940 secs] [Times: user=0.01 sys=0.00, real=0.00 secs] 
2014-07-16T03:52:01.092+0000: 1070.180: [GC [PSYoungGen: 894052K->548K(859584K)] 1026766K->133390K(1546560K), 0.0283100 secs] [Times: user=0.09 sys=0.00, real=0.03 secs] 
2014-07-16T03:52:02.960+0000: 1072.048: [GC [PSYoungGen: 859556K->306K(826304K)] 992398K->133412K(1513280K), 0.0146430 secs] [Times: user=0.06 sys=0.00, real=0.01 secs] 
2014-07-16T03:52:04.763+0000: 1073.851: [GC [PSYoungGen: 826233K->690K(795264K)] 959340K->134412K(1482240K), 0.0073670 secs] [Times: user=0.02 sys=0.00, real=0.01 secs] 
2014-07-16T03:52:06.459+0000: 1075.547: [GC [PSYoungGen: 795250K->420K(765056K)] 928972K->134358K(1452032K), 0.0199450 secs] [Times: user=0.07 sys=0.01, real=0.02 secs] 
2014-07-16T03:52:08.164+0000: 1077.252: [GC [PSYoungGen: 765028K->562K(736640K)] 898966K->134716K(1423616K), 0.0075740 secs] [Times: user=0.02 sys=0.00, real=0.01 secs] 
2014-07-16T03:52:09.864+0000: 1078.953: [GC [PSYoungGen: 736623K->1010K(709888K)] 870777K->135516K(1396864K), 0.0065300 secs] [Times: user=0.01 sys=0.00, real=0.01 secs] 
2014-07-16T03:52:11.443+0000: 1080.531: [GC [PSYoungGen: 709874K->832K(683712K)] 844380K->135482K(1370688K), 0.0106590 secs] [Times: user=0.01 sys=0.01, real=0.01 secs] 
2014-07-16T03:52:12.966+0000: 1082.055: [GC [PSYoungGen: 683712K->626K(658752K)] 818362K->135396K(1345728K), 0.0049180 secs] [Times: user=0.01 sys=0.00, real=0.00 secs] 
2014-07-16T03:52:14.385+0000: 1083.473: [GC [PSYoungGen: 658738K->352K(634880K)] 793508K->135218K(1321856K), 0.0207730 secs] [Times: user=0.07 sys=0.00, real=0.02 secs] 
2014-07-16T03:52:15.747+0000: 1084.835: [GC [PSYoungGen: 634848K->288K(612288K)] 769714K->135186K(1299264K), 0.0101360 secs] [Times: user=0.04 sys=0.01, real=0.01 secs] 
2014-07-16T03:52:17.073+0000: 1086.162: [GC [PSYoungGen: 612256K->370K(590848K)] 747154K->135324K(1277824K), 0.0105790 secs] [Times: user=0.04 sys=0.00, real=0.01 secs] 
2014-07-16T03:52:18.339+0000: 1087.427: [GC [PSYoungGen: 590834K->416K(570368K)] 725788K->135466K(1257344K), 0.0100870 secs] [Times: user=0.03 sys=0.00, real=0.01 secs] 
2014-07-16T03:52:19.570+0000: 1088.658: [GC [PSYoungGen: 570336K->256K(550592K)] 705386K->135386K(1237568K), 0.0041490 secs] [Times: user=0.01 sys=0.00, real=0.00 secs] 
2014-07-16T03:52:20.769+0000: 1089.857: [GC [PSYoungGen: 550592K->434K(532096K)] 685722K->135636K(1219072K), 0.0084840 secs] [Times: user=0.03 sys=0.00, real=0.00 secs] 
2014-07-16T03:52:21.911+0000: 1090.999: [GC [PSYoungGen: 532082K->224K(514048K)] 667284K->135514K(1201024K), 0.0082720 secs] [Times: user=0.03 sys=0.01, real=0.01 secs] 
2014-07-16T03:52:23.015+0000: 1092.104: [GC [PSYoungGen: 514016K->160K(616768K)] 649306K->135490K(1303744K), 0.0286660 secs] [Times: user=0.10 sys=0.00, real=0.03 secs] 
2014-07-16T03:52:24.353+0000: 1093.441: [GC [PSYoungGen: 616736K->192K(595072K)] 752066K->135554K(1282048K), 0.0044250 secs] [Times: user=0.01 sys=0.00, real=0.00 secs] 
2014-07-16T03:52:25.648+0000: 1094.736: [GC [PSYoungGen: 595071K->896K(575040K)] 730433K->136306K(1262016K), 0.0075920 secs] [Times: user=0.02 sys=0.01, real=0.00 secs] 
2014-07-16T03:52:26.862+0000: 1095.950: [GC [PSYoungGen: 575040K->288K(554688K)] 710450K->135738K(1241664K), 0.0040040 secs] [Times: user=0.01 sys=0.00, real=0.00 secs] 
2014-07-16T03:52:28.055+0000: 1097.143: [GC [PSYoungGen: 554656K->470K(536000K)] 690106K->135992K(1222976K), 0.0043560 secs] [Times: user=0.02 sys=0.00, real=0.01 secs] 
2014-07-16T03:52:29.211+0000: 1098.299: [GC [PSYoungGen: 535871K->562K(643200K)] 671393K->136196K(1330176K), 0.0257380 secs] [Times: user=0.09 sys=0.00, real=0.02 secs] 
2014-07-16T03:52:30.600+0000: 1099.688: [GC [PSYoungGen: 643186K->616K(771840K)] 778820K->136346K(1458816K), 0.0146780 secs] [Times: user=0.05 sys=0.00, real=0.01 secs] 
2014-07-16T03:52:32.261+0000: 1101.349: [GC [PSYoungGen: 771816K->256K(742592K)] 907546K->136090K(1429568K), 0.0135080 secs] [Times: user=0.05 sys=0.00, real=0.01 secs] 
2014-07-16T03:52:33.877+0000: 1102.965: [GC [PSYoungGen: 742592K->416K(715264K)] 878426K->136330K(1402240K), 0.0102800 secs] [Times: user=0.04 sys=0.00, real=0.01 secs] 
2014-07-16T03:52:35.402+0000: 1104.490: [GC [PSYoungGen: 715232K->530K(689152K)] 851146K->136508K(1376128K), 0.0050160 secs] [Times: user=0.01 sys=0.00, real=0.00 secs] 
2014-07-16T03:52:36.884+0000: 1105.973: [GC [PSYoungGen: 689106K->498K(664064K)] 825084K->136556K(1351040K), 0.0172630 secs] [Times: user=0.05 sys=0.00, real=0.02 secs] 
2014-07-16T03:52:38.314+0000: 1107.402: [GC [PSYoungGen: 664050K->224K(639936K)] 800108K->136378K(1326912K), 0.0141750 secs] [Times: user=0.05 sys=0.00, real=0.01 secs] 
2014-07-16T03:52:39.693+0000: 1108.781: [GC [PSYoungGen: 639904K->224K(617152K)] 776058K->136466K(1304128K), 0.0056140 secs] [Times: user=0.01 sys=0.00, real=0.00 secs] 
2014-07-16T03:52:41.032+0000: 1110.121: [GC [PSYoungGen: 617120K->288K(595520K)] 753362K->136618K(1282496K), 0.0132980 secs] [Times: user=0.05 sys=0.00, real=0.01 secs] 
2014-07-16T03:52:42.320+0000: 1111.409: [GC [PSYoungGen: 595478K->370K(574848K)] 731808K->136780K(1261824K), 0.0132040 secs] [Times: user=0.05 sys=0.00, real=0.02 secs] 
2014-07-16T03:52:43.554+0000: 1112.642: [GC [PSYoungGen: 574834K->192K(554880K)] 711244K->136650K(1241856K), 0.0170120 secs] [Times: user=0.06 sys=0.00, real=0.01 secs] 
2014-07-16T03:52:44.752+0000: 1113.840: [GC [PSYoungGen: 554880K->402K(666112K)] 691338K->136892K(1353088K), 0.0153040 secs] [Times: user=0.06 sys=0.00, real=0.01 secs] 
2014-07-16T03:52:46.186+0000: 1115.274: [GC [PSYoungGen: 666066K->370K(642112K)] 802556K->136908K(1329088K), 0.0055800 secs] [Times: user=0.01 sys=0.00, real=0.00 secs] 
2014-07-16T03:52:47.584+0000: 1116.672: [GC [PSYoungGen: 642098K->612K(619520K)] 778636K->137198K(1306496K), 0.0036140 secs] [Times: user=0.01 sys=0.00, real=0.00 secs] 
2014-07-16T03:52:48.901+0000: 1117.989: [GC [PSYoungGen: 619492K->338K(597440K)] 756078K->137068K(1284416K), 0.0071120 secs] [Times: user=0.01 sys=0.00, real=0.01 secs] 
2014-07-16T03:52:50.234+0000: 1119.322: [GC [PSYoungGen: 597394K->694K(576960K)] 734124K->137584K(1263936K), 0.0089940 secs] [Times: user=0.02 sys=0.00, real=0.01 secs] 
2014-07-16T03:52:51.444+0000: 1120.532: [GC [PSYoungGen: 576950K->224K(556608K)] 713840K->137218K(1243584K), 0.0231620 secs] [Times: user=0.07 sys=0.00, real=0.02 secs] 
2014-07-16T03:52:52.657+0000: 1121.745: [GC [PSYoungGen: 556576K->648K(538048K)] 693570K->137698K(1225024K), 0.0050020 secs] [Times: user=0.01 sys=0.00, real=0.00 secs] 
2014-07-16T03:52:53.846+0000: 1122.934: [GC [PSYoungGen: 537992K->420K(519680K)] 675042K->137518K(1206656K), 0.0081260 secs] [Times: user=0.01 sys=0.00, real=0.01 secs] 
2014-07-16T03:52:55.068+0000: 1124.157: [GC [PSYoungGen: 519652K->530K(502464K)] 656750K->137684K(1189440K), 0.0042430 secs] [Times: user=0.01 sys=0.01, real=0.00 secs] 
2014-07-16T03:52:56.218+0000: 1125.306: [GC [PSYoungGen: 502413K->384K(485696K)] 639568K->137610K(1172672K), 0.0051340 secs] [Times: user=0.01 sys=0.00, real=0.00 secs] 
2014-07-16T03:52:57.304+0000: 1126.392: [GC [PSYoungGen: 485696K->744K(470272K)] 622922K->138050K(1157248K), 0.0076070 secs] [Times: user=0.01 sys=0.00, real=0.00 secs] 
2014-07-16T03:52:58.335+0000: 1127.423: [GC [PSYoungGen: 470248K->352K(454784K)] 607554K->137778K(1141760K), 0.0057930 secs] [Times: user=0.01 sys=0.00, real=0.00 secs] 
2014-07-16T03:52:59.340+0000: 1128.428: [GC [PSYoungGen: 454710K->530K(440512K)] 592137K->138044K(1127488K), 0.0168140 secs] [Times: user=0.06 sys=0.00, real=0.02 secs] 
2014-07-16T03:53:00.307+0000: 1129.396: [GC [PSYoungGen: 440466K->452K(426624K)] 577980K->138062K(1113600K), 0.0057150 secs] [Times: user=0.01 sys=0.00, real=0.00 secs] 
2014-07-16T03:53:01.231+0000: 1130.319: [GC [PSYoungGen: 426561K->224K(511616K)] 564172K->137906K(1198592K), 0.0161780 secs] [Times: user=0.06 sys=0.00, real=0.02 secs] 
2014-07-16T03:53:02.327+0000: 1131.415: [GC [PSYoungGen: 511584K->288K(494720K)] 649266K->138002K(1181696K), 0.0063940 secs] [Times: user=0.02 sys=0.00, real=0.00 secs] 
2014-07-16T03:53:03.395+0000: 1132.483: [GC [PSYoungGen: 494656K->256K(593536K)] 632370K->138002K(1280512K), 0.0147460 secs] [Times: user=0.05 sys=0.00, real=0.01 secs] 
2014-07-16T03:53:04.676+0000: 1133.764: [GC [PSYoungGen: 593533K->480K(573120K)] 731279K->138258K(1260096K), 0.0076690 secs] [Times: user=0.01 sys=0.00, real=0.00 secs] 
2014-07-16T03:53:05.951+0000: 1135.039: [GC [PSYoungGen: 573044K->484K(553408K)] 710823K->138302K(1240384K), 0.0046150 secs] [Times: user=0.01 sys=0.00, real=0.01 secs] 
2014-07-16T03:53:07.141+0000: 1136.229: [GC [PSYoungGen: 553380K->516K(534656K)] 691198K->138406K(1221632K), 0.0035110 secs] [Times: user=0.01 sys=0.00, real=0.00 secs] 
2014-07-16T03:53:08.284+0000: 1137.373: [GC [PSYoungGen: 534596K->402K(516544K)] 672486K->138404K(1203520K), 0.0153320 secs] [Times: user=0.05 sys=0.00, real=0.02 secs] 
2014-07-16T03:53:09.411+0000: 1138.500: [GC [PSYoungGen: 516498K->530K(499520K)] 654500K->138588K(1186496K), 0.0120880 secs] [Times: user=0.04 sys=0.00, real=0.01 secs] 
2014-07-16T03:53:10.534+0000: 1139.622: [GC [PSYoungGen: 499474K->548K(483072K)] 637532K->138710K(1170048K), 0.0120480 secs] [Times: user=0.03 sys=0.00, real=0.02 secs] 
2014-07-16T03:53:11.614+0000: 1140.702: [GC [PSYoungGen: 483010K->644K(467520K)] 621172K->138918K(1154496K), 0.0067440 secs] [Times: user=0.02 sys=0.00, real=0.01 secs] 
2014-07-16T03:53:12.659+0000: 1141.747: [GC [PSYoungGen: 467460K->338K(452224K)] 605734K->138668K(1139200K), 0.0038620 secs] [Times: user=0.01 sys=0.00, real=0.00 secs] 
2014-07-16T03:53:13.643+0000: 1142.731: [GC [PSYoungGen: 452178K->402K(437952K)] 590508K->138780K(1124928K), 0.0037120 secs] [Times: user=0.01 sys=0.00, real=0.01 secs] 
2014-07-16T03:53:14.638+0000: 1143.727: [GC [PSYoungGen: 437906K->438K(424192K)] 576284K->138848K(1111168K), 0.0069790 secs] [Times: user=0.01 sys=0.00, real=0.00 secs] 
2014-07-16T03:53:15.711+0000: 1144.799: [GC [PSYoungGen: 424162K->822K(411456K)] 562573K->139304K(1098432K), 0.0166460 secs] [Times: user=0.05 sys=0.00, real=0.02 secs] 
2014-07-16T03:53:16.562+0000: 1145.650: [GC [PSYoungGen: 411446K->370K(398400K)] 549928K->138940K(1085376K), 0.0041600 secs] [Times: user=0.02 sys=0.00, real=0.00 secs] 
2014-07-16T03:53:17.419+0000: 1146.508: [GC [PSYoungGen: 398386K->288K(386304K)] 536956K->138930K(1073280K), 0.0065770 secs] [Times: user=0.01 sys=0.00, real=0.01 secs] 
2014-07-16T03:53:18.251+0000: 1147.339: [GC [PSYoungGen: 386264K->192K(374656K)] 524907K->138906K(1061632K), 0.0070150 secs] [Times: user=0.02 sys=0.00, real=0.01 secs] 
2014-07-16T03:53:19.062+0000: 1148.151: [GC [PSYoungGen: 374607K->356K(363776K)] 513322K->139118K(1050752K), 0.0071520 secs] [Times: user=0.02 sys=0.01, real=0.01 secs] 
2014-07-16T03:53:19.844+0000: 1148.932: [GC [PSYoungGen: 363748K->256K(353024K)] 502510K->139066K(1040000K), 0.0065330 secs] [Times: user=0.02 sys=0.00, real=0.01 secs] 
2014-07-16T03:53:20.613+0000: 1149.701: [GC [PSYoungGen: 353024K->754K(343360K)] 491834K->139636K(1030336K), 0.0067780 secs] [Times: user=0.01 sys=0.00, real=0.01 secs] 
2014-07-16T03:53:21.346+0000: 1150.434: [GC [PSYoungGen: 343346K->352K(333248K)] 482228K->139282K(1020224K), 0.0049490 secs] [Times: user=0.01 sys=0.00, real=0.01 secs] 
2014-07-16T03:53:22.067+0000: 1151.156: [GC [PSYoungGen: 333216K->356K(323904K)] 472146K->139318K(1010880K), 0.0036060 secs] [Times: user=0.01 sys=0.00, real=0.00 secs] 
2014-07-16T03:53:22.763+0000: 1151.851: [GC [PSYoungGen: 323876K->406K(315008K)] 462838K->139400K(1001984K), 0.0071160 secs] [Times: user=0.02 sys=0.00, real=0.01 secs] 
2014-07-16T03:53:23.442+0000: 1152.531: [GC [PSYoungGen: 314940K->324K(377856K)] 453935K->139350K(1064832K), 0.0137550 secs] [Times: user=0.04 sys=0.00, real=0.01 secs] 
2014-07-16T03:53:24.267+0000: 1153.355: [GC [PSYoungGen: 377796K->370K(453376K)] 516822K->139444K(1140352K), 0.0075870 secs] [Times: user=0.01 sys=0.00, real=0.01 secs] 
2014-07-16T03:53:25.251+0000: 1154.339: [GC [PSYoungGen: 453273K->402K(544064K)] 592347K->139532K(1231040K), 0.0096800 secs] [Times: user=0.04 sys=0.00, real=0.01 secs] 
2014-07-16T03:53:26.436+0000: 1155.524: [GC [PSYoungGen: 543923K->570K(525760K)] 683054K->139772K(1212736K), 0.0068930 secs] [Times: user=0.01 sys=0.01, real=0.01 secs] 
2014-07-16T03:53:27.575+0000: 1156.663: [GC [PSYoungGen: 525754K->402K(508032K)] 664956K->139668K(1195008K), 0.0046780 secs] [Times: user=0.01 sys=0.00, real=0.01 secs] 
2014-07-16T03:53:28.661+0000: 1157.749: [GC [PSYoungGen: 507986K->256K(491008K)] 647252K->139626K(1177984K), 0.0166020 secs] [Times: user=0.06 sys=0.00, real=0.01 secs] 
2014-07-16T03:53:29.727+0000: 1158.816: [GC [PSYoungGen: 491008K->452K(475200K)] 630378K->139878K(1162176K), 0.0074880 secs] [Times: user=0.02 sys=0.00, real=0.01 secs] 
2014-07-16T03:53:30.760+0000: 1159.849: [GC [PSYoungGen: 475140K->434K(459776K)] 614566K->139932K(1146752K), 0.0041940 secs] [Times: user=0.01 sys=0.00, real=0.00 secs] 
2014-07-16T03:53:31.738+0000: 1160.826: [GC [PSYoungGen: 459762K->210K(444928K)] 599260K->139796K(1131904K), 0.0135790 secs] [Times: user=0.05 sys=0.00, real=0.01 secs] 
2014-07-16T03:53:32.701+0000: 1161.789: [GC [PSYoungGen: 444882K->256K(430912K)] 584468K->139890K(1117888K), 0.0055780 secs] [Times: user=0.02 sys=0.00, real=0.00 secs] 
2014-07-16T03:53:33.637+0000: 1162.725: [GC [PSYoungGen: 430912K->452K(417728K)] 570546K->140134K(1104704K), 0.0137840 secs] [Times: user=0.05 sys=0.00, real=0.02 secs] 
2014-07-16T03:53:34.527+0000: 1163.615: [GC [PSYoungGen: 417668K->324K(501056K)] 557350K->140038K(1188032K), 0.0149030 secs] [Times: user=0.05 sys=0.00, real=0.02 secs] 
2014-07-16T03:53:35.626+0000: 1164.714: [GC [PSYoungGen: 500972K->420K(601280K)] 640686K->140166K(1288256K), 0.0141200 secs] [Times: user=0.05 sys=0.00, real=0.02 secs] 
2014-07-16T03:53:36.934+0000: 1166.022: [GC [PSYoungGen: 601252K->598K(721664K)] 740998K->140384K(1408640K), 0.0113650 secs] [Times: user=0.03 sys=0.00, real=0.01 secs] 
2014-07-16T03:53:38.512+0000: 1167.601: [GC [PSYoungGen: 721622K->594K(695168K)] 861408K->140508K(1382144K), 0.0093970 secs] [Times: user=0.03 sys=0.00, real=0.01 secs] 
2014-07-16T03:53:40.054+0000: 1169.142: [GC [PSYoungGen: 695122K->320K(669568K)] 835036K->140346K(1356544K), 0.0123000 secs] [Times: user=0.04 sys=0.00, real=0.01 secs] 
2014-07-16T03:53:41.568+0000: 1170.656: [GC [PSYoungGen: 669559K->644K(645824K)] 809586K->140782K(1332800K), 0.0075660 secs] [Times: user=0.01 sys=0.00, real=0.01 secs] 
2014-07-16T03:53:42.961+0000: 1172.049: [GC [PSYoungGen: 645764K->224K(622336K)] 785902K->140450K(1309312K), 0.0048910 secs] [Times: user=0.01 sys=0.00, real=0.00 secs] 
2014-07-16T03:53:44.315+0000: 1173.403: [GC [PSYoungGen: 622304K->192K(600320K)] 762530K->140450K(1287296K), 0.0044170 secs] [Times: user=0.01 sys=0.00, real=0.00 secs] 
2014-07-16T03:53:45.635+0000: 1174.723: [GC [PSYoungGen: 600320K->662K(579904K)] 740578K->140984K(1266880K), 0.0194230 secs] [Times: user=0.06 sys=0.00, real=0.02 secs] 
2014-07-16T03:53:46.880+0000: 1175.968: [GC [PSYoungGen: 579862K->708K(559936K)] 720184K->141062K(1246912K), 0.0052600 secs] [Times: user=0.01 sys=0.00, real=0.01 secs] 
2014-07-16T03:53:48.075+0000: 1177.163: [GC [PSYoungGen: 559876K->288K(540352K)] 700230K->140722K(1227328K), 0.0042920 secs] [Times: user=0.01 sys=0.00, real=0.00 secs] 
2014-07-16T03:53:49.237+0000: 1178.325: [GC [PSYoungGen: 540320K->128K(521920K)] 680754K->140634K(1208896K), 0.0050550 secs] [Times: user=0.01 sys=0.00, real=0.01 secs] 
2014-07-16T03:53:50.363+0000: 1179.451: [GC [PSYoungGen: 521920K->242K(504640K)] 662426K->140828K(1191616K), 0.0054490 secs] [Times: user=0.01 sys=0.00, real=0.00 secs] 
2014-07-16T03:53:51.460+0000: 1180.549: [GC [PSYoungGen: 504626K->484K(488256K)] 645212K->141126K(1175232K), 0.0121520 secs] [Times: user=0.04 sys=0.00, real=0.02 secs] 
2014-07-16T03:53:52.519+0000: 1181.607: [GC [PSYoungGen: 488219K->420K(472256K)] 628862K->141102K(1159232K), 0.0052100 secs] [Times: user=0.02 sys=0.00, real=0.01 secs] 
2014-07-16T03:53:53.545+0000: 1182.633: [GC [PSYoungGen: 472228K->224K(456832K)] 612910K->140946K(1143808K), 0.0093240 secs] [Times: user=0.01 sys=0.00, real=0.01 secs] 
2014-07-16T03:53:54.527+0000: 1183.615: [GC [PSYoungGen: 456797K->434K(442496K)] 597519K->141188K(1129472K), 0.0071160 secs] [Times: user=0.01 sys=0.00, real=0.01 secs] 
2014-07-16T03:53:55.490+0000: 1184.578: [GC [PSYoungGen: 442482K->690K(428800K)] 583236K->141484K(1115776K), 0.0086060 secs] [Times: user=0.02 sys=0.00, real=0.01 secs] 
2014-07-16T03:53:56.482+0000: 1185.570: [GC [PSYoungGen: 428786K->288K(415104K)] 569580K->141114K(1102080K), 0.0049250 secs] [Times: user=0.01 sys=0.00, real=0.01 secs] 
2014-07-16T03:53:57.382+0000: 1186.471: [GC [PSYoungGen: 415072K->552K(402624K)] 555898K->141482K(1089600K), 0.0138560 secs] [Times: user=0.05 sys=0.00, real=0.01 secs] 
2014-07-16T03:53:58.254+0000: 1187.342: [GC [PSYoungGen: 402600K->256K(390080K)] 543530K->141290K(1077056K), 0.0093360 secs] [Times: user=0.03 sys=0.00, real=0.01 secs] 
2014-07-16T03:53:59.090+0000: 1188.178: [GC [PSYoungGen: 390080K->224K(378368K)] 531114K->141314K(1065344K), 0.0063650 secs] [Times: user=0.03 sys=0.00, real=0.01 secs] 
2014-07-16T03:53:59.913+0000: 1189.001: [GC [PSYoungGen: 378336K->384K(367296K)] 519426K->141554K(1054272K), 0.0082440 secs] [Times: user=0.03 sys=0.00, real=0.01 secs] 
2014-07-16T03:54:00.717+0000: 1189.805: [GC [PSYoungGen: 367296K->800K(356992K)] 508466K->142010K(1043968K), 0.0050020 secs] [Times: user=0.01 sys=0.00, real=0.00 secs] 
2014-07-16T03:54:01.474+0000: 1190.562: [GC [PSYoungGen: 356960K->484K(346368K)] 498170K->141798K(1033344K), 0.0068850 secs] [Times: user=0.02 sys=0.00, real=0.00 secs] 
2014-07-16T03:54:02.215+0000: 1191.303: [GC [PSYoungGen: 346336K->256K(336256K)] 487651K->141634K(1023232K), 0.0088700 secs] [Times: user=0.03 sys=0.00, real=0.01 secs] 
2014-07-16T03:54:02.932+0000: 1192.020: [GC [PSYoungGen: 336167K->210K(326784K)] 477546K->141620K(1013760K), 0.0044100 secs] [Times: user=0.01 sys=0.00, real=0.01 secs] 
2014-07-16T03:54:03.650+0000: 1192.739: [GC [PSYoungGen: 326738K->224K(317696K)] 468148K->141650K(1004672K), 0.0065210 secs] [Times: user=0.01 sys=0.00, real=0.01 secs] 
2014-07-16T03:54:04.350+0000: 1193.438: [GC [PSYoungGen: 317663K->224K(381184K)] 459090K->141682K(1068160K), 0.0125190 secs] [Times: user=0.05 sys=0.00, real=0.01 secs] 
2014-07-16T03:54:05.225+0000: 1194.313: [GC [PSYoungGen: 381124K->484K(457664K)] 522583K->141974K(1144640K), 0.0096420 secs] [Times: user=0.03 sys=0.00, real=0.01 secs] 
2014-07-16T03:54:06.288+0000: 1195.376: [GC [PSYoungGen: 457636K->548K(443136K)] 599126K->142070K(1130112K), 0.0053140 secs] [Times: user=0.01 sys=0.01, real=0.00 secs] 
2014-07-16T03:54:07.270+0000: 1196.358: [GC [PSYoungGen: 443063K->502K(429120K)] 584586K->142096K(1116096K), 0.0109500 secs] [Times: user=0.04 sys=0.00, real=0.01 secs] 
2014-07-16T03:54:08.245+0000: 1197.333: [GC [PSYoungGen: 429110K->580K(415872K)] 570704K->142270K(1102848K), 0.0050410 secs] [Times: user=0.01 sys=0.00, real=0.00 secs] 
2014-07-16T03:54:09.161+0000: 1198.250: [GC [PSYoungGen: 415715K->484K(498816K)] 557406K->142270K(1185792K), 0.0202780 secs] [Times: user=0.07 sys=0.00, real=0.02 secs] 
2014-07-16T03:54:10.267+0000: 1199.356: [GC [PSYoungGen: 498788K->516K(598592K)] 640574K->142374K(1285568K), 0.0105850 secs] [Times: user=0.04 sys=0.00, real=0.01 secs] 
2014-07-16T03:54:11.563+0000: 1200.651: [GC [PSYoungGen: 598532K->402K(718080K)] 740390K->142340K(1405056K), 0.0146230 secs] [Times: user=0.05 sys=0.00, real=0.02 secs] 
2014-07-16T03:54:13.115+0000: 1202.203: [GC [PSYoungGen: 718034K->644K(861888K)] 859972K->142654K(1548864K), 0.0375840 secs] [Times: user=0.14 sys=0.00, real=0.03 secs] 
2014-07-16T03:54:14.981+0000: 1204.069: [GC [PSYoungGen: 861828K->352K(1033856K)] 1003838K->142410K(1720832K), 0.0138910 secs] [Times: user=0.06 sys=0.00, real=0.01 secs] 
2014-07-16T03:54:17.220+0000: 1206.309: [GC [PSYoungGen: 1033824K->384K(1240576K)] 1175882K->142498K(1927552K), 0.0098060 secs] [Times: user=0.04 sys=0.00, real=0.01 secs] 
2014-07-16T03:54:19.886+0000: 1208.974: [GC [PSYoungGen: 1240576K->416K(1189312K)] 1382690K->142690K(1876288K), 0.0167480 secs] [Times: user=0.05 sys=0.00, real=0.01 secs] 
2014-07-16T03:54:22.435+0000: 1211.523: [GC [PSYoungGen: 1189280K->274K(1140352K)] 1331554K->142684K(1827328K), 0.0039470 secs] [Times: user=0.02 sys=0.00, real=0.01 secs] 
2014-07-16T03:54:24.887+0000: 1213.976: [GC [PSYoungGen: 1140306K->292K(1093888K)] 1282716K->142806K(1780864K), 0.0067050 secs] [Times: user=0.02 sys=0.00, real=0.00 secs] 
2014-07-16T03:54:27.245+0000: 1216.333: [GC [PSYoungGen: 1093818K->580K(1049984K)] 1236333K->143142K(1736960K), 0.0043560 secs] [Times: user=0.01 sys=0.00, real=0.01 secs] 
2014-07-16T03:54:29.504+0000: 1218.592: [GC [PSYoungGen: 1049924K->434K(1007680K)] 1192486K->143132K(1694656K), 0.0042850 secs] [Times: user=0.01 sys=0.00, real=0.01 secs] 
2014-07-16T03:54:31.746+0000: 1220.834: [GC [PSYoungGen: 1007666K->562K(967744K)] 1150364K->143428K(1654720K), 0.0068430 secs] [Times: user=0.02 sys=0.00, real=0.01 secs] 
2014-07-16T03:54:33.910+0000: 1222.999: [GC [PSYoungGen: 967730K->630K(929664K)] 1110596K->143608K(1616640K), 0.0051730 secs] [Times: user=0.01 sys=0.00, real=0.00 secs] 
2014-07-16T03:54:35.958+0000: 1225.046: [GC [PSYoungGen: 929654K->356K(893056K)] 1072632K->143566K(1580032K), 0.0073900 secs] [Times: user=0.01 sys=0.00, real=0.01 secs] 
2014-07-16T03:54:37.974+0000: 1227.063: [GC [PSYoungGen: 893028K->498K(858560K)] 1036238K->143772K(1545536K), 0.0042920 secs] [Times: user=0.01 sys=0.00, real=0.00 secs] 
2014-07-16T03:54:39.822+0000: 1228.910: [GC [PSYoungGen: 858546K->370K(825472K)] 1001820K->143868K(1512448K), 0.0053010 secs] [Times: user=0.01 sys=0.00, real=0.00 secs] 
2014-07-16T03:54:41.617+0000: 1230.705: [GC [PSYoungGen: 825458K->452K(794176K)] 968956K->144046K(1481152K), 0.0038740 secs] [Times: user=0.01 sys=0.00, real=0.01 secs] 
2014-07-16T03:54:43.308+0000: 1232.396: [GC [PSYoungGen: 794116K->512K(764224K)] 937710K->144202K(1451200K), 0.0123980 secs] [Times: user=0.04 sys=0.00, real=0.02 secs] 
2014-07-16T03:54:44.951+0000: 1234.039: [GC [PSYoungGen: 764224K->356K(735552K)] 907914K->144078K(1422528K), 0.0051730 secs] [Times: user=0.01 sys=0.00, real=0.00 secs] 
2014-07-16T03:54:46.582+0000: 1235.670: [GC [PSYoungGen: 735524K->466K(708480K)] 879246K->144252K(1395456K), 0.0064580 secs] [Times: user=0.01 sys=0.00, real=0.00 secs] 
2014-07-16T03:54:48.151+0000: 1237.240: [GC [PSYoungGen: 708434K->480K(682560K)] 852220K->144354K(1369536K), 0.0046310 secs] [Times: user=0.02 sys=0.00, real=0.00 secs] 
2014-07-16T03:54:49.691+0000: 1238.780: [GC [PSYoungGen: 682528K->466K(657856K)] 826402K->144468K(1344832K), 0.0053560 secs] [Times: user=0.01 sys=0.00, real=0.00 secs] 
2014-07-16T03:54:51.183+0000: 1240.271: [GC [PSYoungGen: 657807K->704K(634496K)] 801810K->144922K(1321472K), 0.0257300 secs] [Times: user=0.07 sys=0.01, real=0.02 secs] 
2014-07-16T03:54:52.571+0000: 1241.659: [GC [PSYoungGen: 634496K->256K(611520K)] 778714K->144714K(1298496K), 0.0057160 secs] [Times: user=0.01 sys=0.00, real=0.00 secs] 
2014-07-16T03:54:53.926+0000: 1243.014: [GC [PSYoungGen: 611519K->434K(590272K)] 755978K->144964K(1277248K), 0.0143650 secs] [Times: user=0.06 sys=0.00, real=0.01 secs] 
2014-07-16T03:54:55.210+0000: 1244.298: [GC [PSYoungGen: 590217K->538K(569920K)] 734748K->145172K(1256896K), 0.0077310 secs] [Times: user=0.02 sys=0.00, real=0.01 secs] 
2014-07-16T03:54:56.450+0000: 1245.538: [GC [PSYoungGen: 569882K->516K(550336K)] 714516K->145182K(1237312K), 0.0060400 secs] [Times: user=0.01 sys=0.00, real=0.01 secs] 
2014-07-16T03:54:57.633+0000: 1246.721: [GC [PSYoungGen: 550276K->420K(531520K)] 694942K->145318K(1218496K), 0.0075780 secs] [Times: user=0.01 sys=0.01, real=0.00 secs] 
2014-07-16T03:54:58.777+0000: 1247.865: [GC [PSYoungGen: 531492K->320K(513536K)] 676390K->145306K(1200512K), 0.0151270 secs] [Times: user=0.06 sys=0.00, real=0.02 secs] 
2014-07-16T03:54:59.900+0000: 1248.988: [GC [PSYoungGen: 513536K->178K(496384K)] 658522K->145252K(1183360K), 0.0066940 secs] [Times: user=0.01 sys=0.00, real=0.01 secs] 
2014-07-16T03:55:00.975+0000: 1250.063: [GC [PSYoungGen: 496370K->420K(480320K)] 641444K->145566K(1167296K), 0.0046660 secs] [Times: user=0.01 sys=0.00, real=0.00 secs] 
2014-07-16T03:55:02.046+0000: 1251.134: [GC [PSYoungGen: 480261K->420K(464768K)] 625407K->145622K(1151744K), 0.0131260 secs] [Times: user=0.04 sys=0.00, real=0.01 secs] 
2014-07-16T03:55:03.045+0000: 1252.133: [GC [PSYoungGen: 464740K->256K(449664K)] 609942K->145530K(1136640K), 0.0105590 secs] [Times: user=0.04 sys=0.00, real=0.01 secs] 
2014-07-16T03:55:04.019+0000: 1253.107: [GC [PSYoungGen: 449664K->384K(435520K)] 594938K->145714K(1122496K), 0.0075870 secs] [Times: user=0.03 sys=0.00, real=0.01 secs] 
2014-07-16T03:55:04.957+0000: 1254.045: [GC [PSYoungGen: 435520K->242K(421760K)] 580850K->145604K(1108736K), 0.0089770 secs] [Times: user=0.03 sys=0.00, real=0.01 secs] 
2014-07-16T03:55:05.873+0000: 1254.961: [GC [PSYoungGen: 421746K->288K(408768K)] 567108K->145682K(1095744K), 0.0116670 secs] [Times: user=0.04 sys=0.00, real=0.01 secs] 
2014-07-16T03:55:06.777+0000: 1255.866: [GC [PSYoungGen: 408736K->352K(490560K)] 554130K->145794K(1177536K), 0.0230800 secs] [Times: user=0.08 sys=0.00, real=0.02 secs] 
2014-07-16T03:55:07.873+0000: 1256.961: [GC [PSYoungGen: 490528K->644K(588928K)] 635970K->146174K(1275904K), 0.0062750 secs] [Times: user=0.02 sys=0.00, real=0.01 secs] 
2014-07-16T03:55:09.127+0000: 1258.215: [GC [PSYoungGen: 588868K->160K(706112K)] 734398K->145826K(1393088K), 0.0148450 secs] [Times: user=0.04 sys=0.00, real=0.01 secs] 
2014-07-16T03:55:10.655+0000: 1259.744: [GC [PSYoungGen: 706080K->484K(847616K)] 851746K->146238K(1534592K), 0.0110190 secs] [Times: user=0.04 sys=0.00, real=0.01 secs] 
2014-07-16T03:55:12.488+0000: 1261.576: [GC [PSYoungGen: 847588K->356K(815040K)] 993342K->146174K(1502016K), 0.0156930 secs] [Times: user=0.05 sys=0.00, real=0.01 secs] 
2014-07-16T03:55:14.236+0000: 1263.324: [GC [PSYoungGen: 815008K->338K(784128K)] 960826K->146236K(1471104K), 0.0068630 secs] [Times: user=0.02 sys=0.00, real=0.00 secs] 
2014-07-16T03:55:15.978+0000: 1265.066: [GC [PSYoungGen: 784081K->662K(755008K)] 929979K->146616K(1441984K), 0.0176090 secs] [Times: user=0.05 sys=0.00, real=0.02 secs] 
2014-07-16T03:55:17.717+0000: 1266.805: [GC [PSYoungGen: 754894K->512K(726720K)] 900849K->146570K(1413696K), 0.0165300 secs] [Times: user=0.06 sys=0.01, real=0.01 secs] 
2014-07-16T03:55:19.343+0000: 1268.431: [GC [PSYoungGen: 726720K->566K(700032K)] 872778K->146832K(1387008K), 0.0186260 secs] [Times: user=0.07 sys=0.00, real=0.02 secs] 
2014-07-16T03:55:20.900+0000: 1269.988: [GC [PSYoungGen: 700022K->320K(674240K)] 846288K->146698K(1361216K), 0.0046500 secs] [Times: user=0.01 sys=0.01, real=0.00 secs] 
2014-07-16T03:55:22.371+0000: 1271.459: [GC [PSYoungGen: 674240K->352K(809088K)] 820618K->146826K(1496064K), 0.0252820 secs] [Times: user=0.08 sys=0.00, real=0.03 secs] 
2014-07-16T03:55:24.112+0000: 1273.201: [GC [PSYoungGen: 809054K->256K(970752K)] 955528K->146802K(1657728K), 0.0168340 secs] [Times: user=0.06 sys=0.00, real=0.02 secs] 
2014-07-16T03:55:26.203+0000: 1275.291: [GC [PSYoungGen: 970752K->96K(932288K)] 1117298K->146690K(1619264K), 0.0043040 secs] [Times: user=0.01 sys=0.00, real=0.01 secs] 
2014-07-16T03:55:28.214+0000: 1277.302: [GC [PSYoungGen: 932237K->402K(896128K)] 1078832K->147044K(1583104K), 0.0060890 secs] [Times: user=0.01 sys=0.00, real=0.01 secs] 
2014-07-16T03:55:30.159+0000: 1279.248: [GC [PSYoungGen: 896029K->612K(861568K)] 1042672K->147438K(1548544K), 0.0144510 secs] [Times: user=0.05 sys=0.00, real=0.01 secs] 
2014-07-16T03:55:32.001+0000: 1281.089: [GC [PSYoungGen: 861540K->352K(828224K)] 1008366K->147290K(1515200K), 0.0051630 secs] [Times: user=0.02 sys=0.00, real=0.00 secs] 
2014-07-16T03:55:33.779+0000: 1282.868: [GC [PSYoungGen: 828192K->224K(796544K)] 975130K->147234K(1483520K), 0.0125030 secs] [Times: user=0.05 sys=0.00, real=0.01 secs] 
2014-07-16T03:55:35.493+0000: 1284.581: [GC [PSYoungGen: 796512K->306K(766592K)] 943522K->147364K(1453568K), 0.0098080 secs] [Times: user=0.02 sys=0.01, real=0.01 secs] 
2014-07-16T03:55:37.152+0000: 1286.240: [GC [PSYoungGen: 766578K->498K(738176K)] 913636K->147604K(1425152K), 0.0173240 secs] [Times: user=0.06 sys=0.00, real=0.02 secs] 
2014-07-16T03:55:38.772+0000: 1287.861: [GC [PSYoungGen: 738085K->630K(710976K)] 885191K->147872K(1397952K), 0.0154510 secs] [Times: user=0.05 sys=0.00, real=0.01 secs] 
2014-07-16T03:55:40.312+0000: 1289.400: [GC [PSYoungGen: 710914K->438K(684736K)] 858156K->147816K(1371712K), 0.0089280 secs] [Times: user=0.03 sys=0.00, real=0.01 secs] 
2014-07-16T03:55:41.855+0000: 1290.943: [GC [PSYoungGen: 684726K->630K(660096K)] 832104K->148448K(1347072K), 0.0070860 secs] [Times: user=0.01 sys=0.01, real=0.01 secs] 
2014-07-16T03:55:43.290+0000: 1292.379: [GC [PSYoungGen: 660079K->384K(636160K)] 807897K->148282K(1323136K), 0.0166410 secs] [Times: user=0.06 sys=0.00, real=0.01 secs] 
2014-07-16T03:55:44.719+0000: 1293.807: [GC [PSYoungGen: 636160K->488K(613696K)] 784058K->148506K(1300672K), 0.0050110 secs] [Times: user=0.02 sys=0.00, real=0.01 secs] 
2014-07-16T03:55:46.084+0000: 1295.172: [GC [PSYoungGen: 613672K->932K(592576K)] 761690K->149062K(1279552K), 0.0077500 secs] [Times: user=0.02 sys=0.00, real=0.01 secs] 
2014-07-16T03:55:47.402+0000: 1296.490: [GC [PSYoungGen: 592548K->498K(710464K)] 740678K->148676K(1397440K), 0.0297520 secs] [Times: user=0.10 sys=0.00, real=0.03 secs] 
2014-07-16T03:55:48.948+0000: 1298.036: [GC [PSYoungGen: 710450K->338K(684352K)] 858628K->148684K(1371328K), 0.0073750 secs] [Times: user=0.02 sys=0.00, real=0.01 secs] 
2014-07-16T03:55:50.437+0000: 1299.525: [GC [PSYoungGen: 684306K->534K(821376K)] 832652K->149000K(1508352K), 0.0271040 secs] [Times: user=0.09 sys=0.00, real=0.03 secs] 
2014-07-16T03:55:52.223+0000: 1301.312: [GC [PSYoungGen: 821334K->352K(789952K)] 969800K->148898K(1476928K), 0.0058640 secs] [Times: user=0.01 sys=0.00, real=0.00 secs] 
2014-07-16T03:55:53.914+0000: 1303.002: [GC [PSYoungGen: 789920K->288K(760128K)] 938466K->148914K(1447104K), 0.0049940 secs] [Times: user=0.01 sys=0.00, real=0.00 secs] 
2014-07-16T03:55:55.558+0000: 1304.647: [GC [PSYoungGen: 760093K->160K(731648K)] 908720K->148818K(1418624K), 0.0074380 secs] [Times: user=0.03 sys=0.00, real=0.01 secs] 
2014-07-16T03:55:57.152+0000: 1306.240: [GC [PSYoungGen: 731616K->338K(704832K)] 880274K->149028K(1391808K), 0.0048660 secs] [Times: user=0.01 sys=0.00, real=0.00 secs] 
2014-07-16T03:55:58.696+0000: 1307.784: [GC [PSYoungGen: 704786K->416K(679168K)] 853476K->149210K(1366144K), 0.0224850 secs] [Times: user=0.09 sys=0.00, real=0.02 secs] 
2014-07-16T03:56:00.222+0000: 1309.310: [GC [PSYoungGen: 679136K->384K(654528K)] 827930K->149298K(1341504K), 0.0108850 secs] [Times: user=0.04 sys=0.01, real=0.01 secs] 
2014-07-16T03:56:01.812+0000: 1310.901: [GC [PSYoungGen: 654528K->896K(631616K)] 803442K->150178K(1318592K), 0.0100540 secs] [Times: user=0.02 sys=0.00, real=0.01 secs] 
2014-07-16T03:56:03.237+0000: 1312.325: [GC [PSYoungGen: 631616K->562K(608960K)] 780898K->149948K(1295936K), 0.0060490 secs] [Times: user=0.02 sys=0.00, real=0.01 secs] 
2014-07-16T03:56:04.606+0000: 1313.694: [GC [PSYoungGen: 608894K->420K(730560K)] 758280K->149950K(1417536K), 0.0387530 secs] [Times: user=0.14 sys=0.00, real=0.04 secs] 
2014-07-16T03:56:06.204+0000: 1315.292: [GC [PSYoungGen: 730532K->356K(703552K)] 880062K->149950K(1390528K), 0.0064250 secs] [Times: user=0.01 sys=0.00, real=0.00 secs] 
2014-07-16T03:56:07.733+0000: 1316.821: [GC [PSYoungGen: 703524K->484K(677952K)] 853118K->150150K(1364928K), 0.0091920 secs] [Times: user=0.03 sys=0.00, real=0.01 secs] 
2014-07-16T03:56:09.203+0000: 1318.291: [GC [PSYoungGen: 677917K->434K(653376K)] 827583K->150228K(1340352K), 0.0060740 secs] [Times: user=0.02 sys=0.00, real=0.00 secs] 
2014-07-16T03:56:10.609+0000: 1319.698: [GC [PSYoungGen: 653362K->630K(630208K)] 803156K->150536K(1317184K), 0.0156310 secs] [Times: user=0.06 sys=0.00, real=0.02 secs] 
2014-07-16T03:56:11.973+0000: 1321.061: [GC [PSYoungGen: 630198K->192K(607488K)] 780104K->150146K(1294464K), 0.0037210 secs] [Times: user=0.01 sys=0.00, real=0.01 secs] 
2014-07-16T03:56:13.288+0000: 1322.377: [GC [PSYoungGen: 607488K->324K(586368K)] 757442K->150334K(1273344K), 0.0063860 secs] [Times: user=0.01 sys=0.01, real=0.01 secs] 
2014-07-16T03:56:14.560+0000: 1323.649: [GC [PSYoungGen: 586264K->584K(566336K)] 736275K->150626K(1253312K), 0.0141050 secs] [Times: user=0.06 sys=0.00, real=0.02 secs] 
2014-07-16T03:56:15.809+0000: 1324.898: [GC [PSYoungGen: 566266K->434K(546752K)] 716308K->150508K(1233728K), 0.0055120 secs] [Times: user=0.01 sys=0.00, real=0.01 secs] 
2014-07-16T03:56:17.071+0000: 1326.159: [GC [PSYoungGen: 546738K->530K(656192K)] 696812K->150660K(1343168K), 0.0281740 secs] [Times: user=0.11 sys=0.00, real=0.03 secs] 
2014-07-16T03:56:18.541+0000: 1327.629: [GC [PSYoungGen: 656146K->530K(632704K)] 806276K->150796K(1319680K), 0.0069330 secs] [Times: user=0.03 sys=0.00, real=0.01 secs] 
2014-07-16T03:56:19.971+0000: 1329.060: [GC [PSYoungGen: 632658K->576K(610304K)] 782924K->151002K(1297280K), 0.0164770 secs] [Times: user=0.06 sys=0.00, real=0.02 secs] 
2014-07-16T03:56:21.309+0000: 1330.398: [GC [PSYoungGen: 610304K->484K(588864K)] 760730K->151030K(1275840K), 0.0076310 secs] [Times: user=0.01 sys=0.00, real=0.01 secs] 
2014-07-16T03:56:22.699+0000: 1331.787: [GC [PSYoungGen: 588836K->630K(568576K)] 739382K->151248K(1255552K), 0.0060060 secs] [Times: user=0.03 sys=0.00, real=0.01 secs] 
2014-07-16T03:56:23.914+0000: 1333.002: [GC [PSYoungGen: 568527K->702K(682240K)] 719145K->151424K(1369216K), 0.0352820 secs] [Times: user=0.13 sys=0.00, real=0.04 secs] 
2014-07-16T03:56:25.396+0000: 1334.484: [GC [PSYoungGen: 682238K->466K(818368K)] 832960K->151252K(1505344K), 0.0067960 secs] [Times: user=0.01 sys=0.00, real=0.00 secs] 
2014-07-16T03:56:27.166+0000: 1336.255: [GC [PSYoungGen: 818322K->288K(787136K)] 969108K->151130K(1474112K), 0.0069250 secs] [Times: user=0.01 sys=0.00, real=0.00 secs] 
2014-07-16T03:56:28.878+0000: 1337.966: [GC [PSYoungGen: 787104K->548K(757760K)] 937946K->151502K(1444736K), 0.0053800 secs] [Times: user=0.02 sys=0.00, real=0.00 secs] 
2014-07-16T03:56:30.516+0000: 1339.604: [GC [PSYoungGen: 757732K->434K(729408K)] 908686K->151516K(1416384K), 0.0035340 secs] [Times: user=0.01 sys=0.00, real=0.01 secs] 
2014-07-16T03:56:32.108+0000: 1341.196: [GC [PSYoungGen: 729394K->434K(702528K)] 880476K->151596K(1389504K), 0.0135030 secs] [Times: user=0.05 sys=0.00, real=0.01 secs] 
2014-07-16T03:56:33.635+0000: 1342.723: [GC [PSYoungGen: 702514K->420K(676864K)] 853676K->151662K(1363840K), 0.0135040 secs] [Times: user=0.05 sys=0.00, real=0.02 secs] 
2014-07-16T03:56:35.095+0000: 1344.183: [GC [PSYoungGen: 676834K->256K(652224K)] 828077K->151546K(1339200K), 0.0046280 secs] [Times: user=0.01 sys=0.00, real=0.01 secs] 
2014-07-16T03:56:36.510+0000: 1345.599: [GC [PSYoungGen: 652224K->662K(629312K)] 803514K->152000K(1316288K), 0.0117870 secs] [Times: user=0.04 sys=0.00, real=0.01 secs] 
2014-07-16T03:56:37.873+0000: 1346.962: [GC [PSYoungGen: 629270K->352K(606720K)] 780608K->151738K(1293696K), 0.0063250 secs] [Times: user=0.01 sys=0.00, real=0.01 secs] 
2014-07-16T03:56:39.183+0000: 1348.271: [GC [PSYoungGen: 606688K->352K(585472K)] 758074K->151890K(1272448K), 0.0135750 secs] [Times: user=0.05 sys=0.00, real=0.01 secs] 
2014-07-16T03:56:40.459+0000: 1349.547: [GC [PSYoungGen: 585438K->320K(565120K)] 736976K->151946K(1252096K), 0.0105770 secs] [Times: user=0.04 sys=0.00, real=0.01 secs] 
2014-07-16T03:56:41.697+0000: 1350.785: [GC [PSYoungGen: 565041K->552K(546048K)] 716668K->152250K(1233024K), 0.0041660 secs] [Times: user=0.01 sys=0.00, real=0.00 secs] 
2014-07-16T03:56:42.980+0000: 1352.068: [GC [PSYoungGen: 546024K->530K(527552K)] 697722K->152308K(1214528K), 0.0067760 secs] [Times: user=0.01 sys=0.00, real=0.00 secs] 
2014-07-16T03:56:44.145+0000: 1353.234: [GC [PSYoungGen: 527506K->712K(510080K)] 679284K->152594K(1197056K), 0.0078720 secs] [Times: user=0.01 sys=0.00, real=0.01 secs] 
2014-07-16T03:56:45.264+0000: 1354.352: [GC [PSYoungGen: 510024K->384K(492800K)] 661906K->152330K(1179776K), 0.0083240 secs] [Times: user=0.02 sys=0.00, real=0.01 secs] 
2014-07-16T03:56:46.343+0000: 1355.431: [GC [PSYoungGen: 492800K->552K(476864K)] 644746K->152530K(1163840K), 0.0082460 secs] [Times: user=0.02 sys=0.00, real=0.01 secs] 
2014-07-16T03:56:47.442+0000: 1356.530: [GC [PSYoungGen: 476840K->452K(461376K)] 628818K->152486K(1148352K), 0.0179510 secs] [Times: user=0.07 sys=0.00, real=0.02 secs] 
2014-07-16T03:56:48.471+0000: 1357.560: [GC [PSYoungGen: 461316K->484K(446656K)] 613350K->152662K(1133632K), 0.0095850 secs] [Times: user=0.02 sys=0.00, real=0.01 secs] 
2014-07-16T03:56:49.433+0000: 1358.522: [GC [PSYoungGen: 446628K->420K(432512K)] 598806K->152702K(1119488K), 0.0097110 secs] [Times: user=0.02 sys=0.00, real=0.01 secs] 
2014-07-16T03:56:50.365+0000: 1359.453: [GC [PSYoungGen: 432484K->512K(519040K)] 584766K->152882K(1206016K), 0.0135820 secs] [Times: user=0.05 sys=0.00, real=0.01 secs] 
2014-07-16T03:56:51.483+0000: 1360.572: [GC [PSYoungGen: 519040K->320K(501568K)] 671410K->152754K(1188544K), 0.0040990 secs] [Times: user=0.02 sys=0.00, real=0.00 secs] 
2014-07-16T03:56:52.571+0000: 1361.659: [GC [PSYoungGen: 501568K->128K(484864K)] 654002K->152618K(1171840K), 0.0125740 secs] [Times: user=0.05 sys=0.00, real=0.01 secs] 
2014-07-16T03:56:53.628+0000: 1362.716: [GC [PSYoungGen: 484864K->192K(581888K)] 637354K->152730K(1268864K), 0.0295190 secs] [Times: user=0.10 sys=0.00, real=0.03 secs] 
2014-07-16T03:56:54.886+0000: 1363.974: [GC [PSYoungGen: 581888K->370K(698432K)] 734426K->152964K(1385408K), 0.0093070 secs] [Times: user=0.03 sys=0.00, real=0.01 secs] 
2014-07-16T03:56:56.395+0000: 1365.483: [GC [PSYoungGen: 698418K->498K(838208K)] 851012K->153164K(1525184K), 0.0103880 secs] [Times: user=0.03 sys=0.00, real=0.01 secs] 
2014-07-16T03:56:58.226+0000: 1367.315: [GC [PSYoungGen: 838194K->416K(806144K)] 990860K->153130K(1493120K), 0.0044490 secs] [Times: user=0.02 sys=0.00, real=0.01 secs] 
2014-07-16T03:56:59.968+0000: 1369.056: [GC [PSYoungGen: 806095K->584K(775872K)] 958810K->153458K(1462848K), 0.0169320 secs] [Times: user=0.06 sys=0.00, real=0.02 secs] 
2014-07-16T03:57:01.641+0000: 1370.729: [GC [PSYoungGen: 775816K->288K(746496K)] 928690K->153274K(1433472K), 0.0067480 secs] [Times: user=0.02 sys=0.00, real=0.00 secs] 
2014-07-16T03:57:03.296+0000: 1372.385: [GC [PSYoungGen: 746464K->352K(718848K)] 899450K->153426K(1405824K), 0.0088520 secs] [Times: user=0.02 sys=0.01, real=0.01 secs] 
2014-07-16T03:57:04.856+0000: 1373.945: [GC [PSYoungGen: 718816K->288K(692352K)] 871890K->153474K(1379328K), 0.0122290 secs] [Times: user=0.04 sys=0.00, real=0.01 secs] 
2014-07-16T03:57:06.356+0000: 1375.444: [GC [PSYoungGen: 692320K->242K(667136K)] 845506K->153460K(1354112K), 0.0056600 secs] [Times: user=0.01 sys=0.00, real=0.01 secs] 
2014-07-16T03:57:07.808+0000: 1376.896: [GC [PSYoungGen: 667122K->420K(643328K)] 820340K->153686K(1330304K), 0.0050630 secs] [Times: user=0.01 sys=0.00, real=0.01 secs] 
2014-07-16T03:57:09.198+0000: 1378.287: [GC [PSYoungGen: 643292K->516K(620544K)] 796558K->153902K(1307520K), 0.0063770 secs] [Times: user=0.01 sys=0.00, real=0.01 secs] 
2014-07-16T03:57:10.540+0000: 1379.629: [GC [PSYoungGen: 620484K->338K(598464K)] 773870K->153804K(1285440K), 0.0080570 secs] [Times: user=0.02 sys=0.00, real=0.01 secs] 
2014-07-16T03:57:11.854+0000: 1380.942: [GC [PSYoungGen: 598418K->370K(577600K)] 751884K->153900K(1264576K), 0.0046350 secs] [Times: user=0.01 sys=0.00, real=0.00 secs] 
2014-07-16T03:57:13.109+0000: 1382.197: [GC [PSYoungGen: 577586K->402K(557760K)] 731116K->154004K(1244736K), 0.0049040 secs] [Times: user=0.02 sys=0.00, real=0.01 secs] 
2014-07-16T03:57:14.316+0000: 1383.404: [GC [PSYoungGen: 557714K->128K(538432K)] 711316K->153786K(1225408K), 0.0048390 secs] [Times: user=0.01 sys=0.00, real=0.00 secs] 
2014-07-16T03:57:15.484+0000: 1384.572: [GC [PSYoungGen: 538432K->288K(520832K)] 692090K->153986K(1207808K), 0.0293680 secs] [Times: user=0.10 sys=0.00, real=0.03 secs] 
2014-07-16T03:57:16.615+0000: 1385.703: [GC [PSYoungGen: 520416K->242K(503040K)] 674114K->153964K(1190016K), 0.0063040 secs] [Times: user=0.01 sys=0.00, real=0.00 secs] 
2014-07-16T03:57:17.733+0000: 1386.821: [GC [PSYoungGen: 502929K->566K(486784K)] 656652K->154368K(1173760K), 0.0042280 secs] [Times: user=0.02 sys=0.00, real=0.01 secs] 
2014-07-16T03:57:18.768+0000: 1387.856: [GC [PSYoungGen: 486774K->420K(470784K)] 640576K->154374K(1157760K), 0.0102420 secs] [Times: user=0.03 sys=0.00, real=0.01 secs] 
2014-07-16T03:57:19.788+0000: 1388.876: [GC [PSYoungGen: 470756K->466K(455680K)] 624710K->154500K(1142656K), 0.0087650 secs] [Times: user=0.02 sys=0.00, real=0.01 secs] 
2014-07-16T03:57:20.771+0000: 1389.860: [GC [PSYoungGen: 455631K->306K(440960K)] 609665K->154412K(1127936K), 0.0079070 secs] [Times: user=0.03 sys=0.00, real=0.01 secs] 
2014-07-16T03:57:21.724+0000: 1390.812: [GC [PSYoungGen: 440946K->320K(427072K)] 595052K->154482K(1114048K), 0.0068130 secs] [Times: user=0.02 sys=0.00, real=0.00 secs] 
2014-07-16T03:57:22.668+0000: 1391.756: [GC [PSYoungGen: 427072K->448K(512576K)] 581234K->154674K(1199552K), 0.0399370 secs] [Times: user=0.14 sys=0.00, real=0.04 secs] 
2014-07-16T03:57:23.812+0000: 1392.900: [GC [PSYoungGen: 512576K->480K(615104K)] 666802K->154786K(1302080K), 0.0135430 secs] [Times: user=0.04 sys=0.00, real=0.02 secs] 
2014-07-16T03:57:25.141+0000: 1394.230: [GC [PSYoungGen: 615072K->306K(737856K)] 769378K->154684K(1424832K), 0.0055040 secs] [Times: user=0.01 sys=0.00, real=0.01 secs] 
2014-07-16T03:57:26.735+0000: 1395.823: [GC [PSYoungGen: 737842K->256K(710528K)] 892220K->154682K(1397504K), 0.0046730 secs] [Times: user=0.02 sys=0.00, real=0.00 secs] 
2014-07-16T03:57:28.273+0000: 1397.361: [GC [PSYoungGen: 710528K->530K(684800K)] 864954K->155036K(1371776K), 0.0088680 secs] [Times: user=0.01 sys=0.00, real=0.01 secs] 
2014-07-16T03:57:29.761+0000: 1398.849: [GC [PSYoungGen: 684754K->498K(659904K)] 839260K->155132K(1346880K), 0.0181210 secs] [Times: user=0.06 sys=0.01, real=0.02 secs] 
2014-07-16T03:57:31.199+0000: 1400.287: [GC [PSYoungGen: 659890K->356K(636096K)] 814524K->155174K(1323072K), 0.0142950 secs] [Times: user=0.06 sys=0.00, real=0.01 secs] 
2014-07-16T03:57:32.597+0000: 1401.685: [GC [PSYoungGen: 636068K->584K(613760K)] 790886K->155482K(1300736K), 0.0149600 secs] [Times: user=0.05 sys=0.00, real=0.01 secs] 
2014-07-16T03:57:33.908+0000: 1402.996: [GC [PSYoungGen: 613704K->320K(736064K)] 768602K->155306K(1423040K), 0.0246470 secs] [Times: user=0.08 sys=0.00, real=0.02 secs] 
2014-07-16T03:57:35.519+0000: 1404.607: [GC [PSYoungGen: 736064K->160K(883136K)] 891050K->155202K(1570112K), 0.0075640 secs] [Times: user=0.02 sys=0.00, real=0.01 secs] 
2014-07-16T03:57:37.424+0000: 1406.512: [GC [PSYoungGen: 883104K->384K(849216K)] 1038146K->155514K(1536192K), 0.0065720 secs] [Times: user=0.01 sys=0.00, real=0.01 secs] 
2014-07-16T03:57:39.279+0000: 1408.367: [GC [PSYoungGen: 849216K->288K(816640K)] 1004346K->155538K(1503616K), 0.0053110 secs] [Times: user=0.01 sys=0.01, real=0.00 secs] 
2014-07-16T03:57:41.044+0000: 1410.132: [GC [PSYoungGen: 816604K->662K(786048K)] 971855K->156080K(1473024K), 0.0135790 secs] [Times: user=0.04 sys=0.01, real=0.02 secs] 
2014-07-16T03:57:42.784+0000: 1411.872: [GC [PSYoungGen: 785920K->598K(756480K)] 941339K->156080K(1443456K), 0.0097110 secs] [Times: user=0.03 sys=0.00, real=0.01 secs] 
2014-07-16T03:57:44.395+0000: 1413.483: [GC [PSYoungGen: 756371K->242K(727936K)] 911854K->155920K(1414912K), 0.0118650 secs] [Times: user=0.04 sys=0.00, real=0.02 secs] 
2014-07-16T03:57:45.972+0000: 1415.061: [GC [PSYoungGen: 727906K->374K(701248K)] 883585K->156124K(1388224K), 0.0134280 secs] [Times: user=0.05 sys=0.00, real=0.01 secs] 
2014-07-16T03:57:47.488+0000: 1416.577: [GC [PSYoungGen: 701167K->402K(675712K)] 856918K->156216K(1362688K), 0.0077840 secs] [Times: user=0.02 sys=0.00, real=0.00 secs] 
2014-07-16T03:57:48.953+0000: 1418.041: [GC [PSYoungGen: 675666K->534K(651456K)] 831480K->156500K(1338432K), 0.0290530 secs] [Times: user=0.10 sys=0.00, real=0.03 secs] 
2014-07-16T03:57:50.403+0000: 1419.492: [GC [PSYoungGen: 651414K->512K(628096K)] 807380K->156582K(1315072K), 0.0079960 secs] [Times: user=0.02 sys=0.00, real=0.01 secs] 
2014-07-16T03:57:51.796+0000: 1420.884: [GC [PSYoungGen: 628044K->356K(753536K)] 784115K->156530K(1440512K), 0.0505140 secs] [Times: user=0.17 sys=0.00, real=0.05 secs] 
2014-07-16T03:57:53.564+0000: 1422.652: [GC [PSYoungGen: 753506K->548K(904384K)] 909681K->156786K(1591360K), 0.0043220 secs] [Times: user=0.01 sys=0.00, real=0.01 secs] 
2014-07-16T03:57:55.593+0000: 1424.681: [GC [PSYoungGen: 904356K->466K(1085120K)] 1060594K->156824K(1772096K), 0.0107580 secs] [Times: user=0.03 sys=0.00, real=0.01 secs] 
2014-07-16T03:57:57.994+0000: 1427.082: [GC [PSYoungGen: 1085074K->498K(1041344K)] 1241432K->157016K(1728320K), 0.0167190 secs] [Times: user=0.06 sys=0.00, real=0.02 secs] 
2014-07-16T03:58:00.229+0000: 1429.317: [GC [PSYoungGen: 1041274K->352K(999552K)] 1197793K->157046K(1686528K), 0.0202510 secs] [Times: user=0.08 sys=0.00, real=0.03 secs] 
2014-07-16T03:58:02.403+0000: 1431.491: [GC [PSYoungGen: 999520K->320K(959808K)] 1156214K->157142K(1646784K), 0.0182280 secs] [Times: user=0.06 sys=0.00, real=0.02 secs] 
2014-07-16T03:58:04.472+0000: 1433.560: [GC [PSYoungGen: 959808K->416K(922176K)] 1116630K->157318K(1609152K), 0.0185060 secs] [Times: user=0.07 sys=0.00, real=0.02 secs] 
2014-07-16T03:58:06.471+0000: 1435.559: [GC [PSYoungGen: 922104K->370K(886144K)] 1079007K->157336K(1573120K), 0.0195170 secs] [Times: user=0.08 sys=0.00, real=0.02 secs] 
2014-07-16T03:58:08.435+0000: 1437.524: [GC [PSYoungGen: 886126K->680K(852160K)] 1043093K->157742K(1539136K), 0.0057610 secs] [Times: user=0.02 sys=0.00, real=0.01 secs] 
2014-07-16T03:58:10.268+0000: 1439.356: [GC [PSYoungGen: 852136K->324K(819200K)] 1009198K->157594K(1506176K), 0.0111630 secs] [Times: user=0.04 sys=0.00, real=0.01 secs] 
2014-07-16T03:58:12.048+0000: 1441.136: [GC [PSYoungGen: 819112K->470K(788224K)] 976383K->157828K(1475200K), 0.0076660 secs] [Times: user=0.01 sys=0.00, real=0.01 secs] 
2014-07-16T03:58:13.762+0000: 1442.850: [GC [PSYoungGen: 788182K->384K(758464K)] 945540K->157790K(1445440K), 0.0219380 secs] [Times: user=0.08 sys=0.00, real=0.02 secs] 
2014-07-16T03:58:15.408+0000: 1444.496: [GC [PSYoungGen: 758464K->434K(730304K)] 915870K->157920K(1417280K), 0.0142820 secs] [Times: user=0.05 sys=0.00, real=0.02 secs] 
2014-07-16T03:58:16.980+0000: 1446.068: [GC [PSYoungGen: 730290K->224K(703168K)] 887776K->157774K(1390144K), 0.0051790 secs] [Times: user=0.02 sys=0.00, real=0.01 secs] 
2014-07-16T03:58:18.501+0000: 1447.589: [GC [PSYoungGen: 703134K->288K(677568K)] 860684K->157934K(1364544K), 0.0147560 secs] [Times: user=0.06 sys=0.00, real=0.02 secs] 
2014-07-16T03:58:19.964+0000: 1449.052: [GC [PSYoungGen: 677536K->224K(652992K)] 835182K->157982K(1339968K), 0.0047700 secs] [Times: user=0.01 sys=0.00, real=0.00 secs] 
2014-07-16T03:58:21.377+0000: 1450.465: [GC [PSYoungGen: 652960K->470K(629888K)] 810718K->158324K(1316864K), 0.0169040 secs] [Times: user=0.06 sys=0.00, real=0.02 secs] 
2014-07-16T03:58:22.743+0000: 1451.831: [GC [PSYoungGen: 629846K->160K(607296K)] 787700K->158070K(1294272K), 0.0047760 secs] [Times: user=0.01 sys=0.00, real=0.00 secs] 
2014-07-16T03:58:24.062+0000: 1453.150: [GC [PSYoungGen: 607238K->466K(586368K)] 765149K->158432K(1273344K), 0.0265190 secs] [Times: user=0.08 sys=0.00, real=0.03 secs] 
2014-07-16T03:58:25.327+0000: 1454.416: [GC [PSYoungGen: 586322K->352K(565952K)] 744288K->158390K(1252928K), 0.0096400 secs] [Times: user=0.02 sys=0.00, real=0.01 secs] 
2014-07-16T03:58:26.562+0000: 1455.650: [GC [PSYoungGen: 565912K->580K(546816K)] 723951K->158666K(1233792K), 0.0059750 secs] [Times: user=0.01 sys=0.00, real=0.01 secs] 
2014-07-16T03:58:27.750+0000: 1456.838: [GC [PSYoungGen: 546756K->434K(528128K)] 704842K->158592K(1215104K), 0.0171150 secs] [Times: user=0.06 sys=0.00, real=0.02 secs] 
2014-07-16T03:58:28.898+0000: 1457.986: [GC [PSYoungGen: 528048K->356K(510400K)] 686207K->158610K(1197376K), 0.0087650 secs] [Times: user=0.02 sys=0.01, real=0.01 secs] 
2014-07-16T03:58:30.010+0000: 1459.099: [GC [PSYoungGen: 510372K->338K(493504K)] 668626K->158688K(1180480K), 0.0133640 secs] [Times: user=0.04 sys=0.00, real=0.01 secs] 
2014-07-16T03:58:31.069+0000: 1460.157: [GC [PSYoungGen: 493458K->320K(592064K)] 651808K->158758K(1279040K), 0.0162020 secs] [Times: user=0.06 sys=0.00, real=0.02 secs] 
2014-07-16T03:58:32.351+0000: 1461.439: [GC [PSYoungGen: 592064K->384K(710528K)] 750502K->158902K(1397504K), 0.0173960 secs] [Times: user=0.06 sys=0.01, real=0.02 secs] 
2014-07-16T03:58:33.902+0000: 1462.990: [GC [PSYoungGen: 710528K->320K(852544K)] 869046K->158886K(1539520K), 0.0123590 secs] [Times: user=0.04 sys=0.00, real=0.02 secs] 
2014-07-16T03:58:35.755+0000: 1464.843: [GC [PSYoungGen: 852452K->566K(820096K)] 1011019K->159220K(1507072K), 0.0056380 secs] [Times: user=0.03 sys=0.00, real=0.00 secs] 
2014-07-16T03:58:37.537+0000: 1466.625: [GC [PSYoungGen: 820086K->352K(788736K)] 978740K->159046K(1475712K), 0.0045490 secs] [Times: user=0.01 sys=0.00, real=0.00 secs] 
2014-07-16T03:58:39.241+0000: 1468.330: [GC [PSYoungGen: 788704K->256K(758912K)] 947398K->159078K(1445888K), 0.0060890 secs] [Times: user=0.01 sys=0.00, real=0.01 secs] 
2014-07-16T03:58:40.881+0000: 1469.969: [GC [PSYoungGen: 758891K->324K(730752K)] 917714K->159266K(1417728K), 0.0108190 secs] [Times: user=0.04 sys=0.00, real=0.01 secs] 
2014-07-16T03:58:42.458+0000: 1471.546: [GC [PSYoungGen: 730692K->320K(703744K)] 889634K->159334K(1390720K), 0.0110420 secs] [Times: user=0.04 sys=0.00, real=0.01 secs] 
2014-07-16T03:58:43.988+0000: 1473.076: [GC [PSYoungGen: 703744K->320K(678016K)] 862758K->159382K(1364992K), 0.0074610 secs] [Times: user=0.02 sys=0.01, real=0.00 secs] 
2014-07-16T03:58:45.471+0000: 1474.559: [GC [PSYoungGen: 678016K->420K(653632K)] 837078K->159554K(1340608K), 0.0096060 secs] [Times: user=0.03 sys=0.00, real=0.01 secs] 
2014-07-16T03:58:46.903+0000: 1475.991: [GC [PSYoungGen: 653604K->512K(630336K)] 812738K->159686K(1317312K), 0.0222150 secs] [Times: user=0.07 sys=0.00, real=0.02 secs] 
2014-07-16T03:58:48.393+0000: 1477.481: [GC [PSYoungGen: 630336K->370K(607872K)] 789510K->159904K(1294848K), 0.0122550 secs] [Times: user=0.05 sys=0.00, real=0.01 secs] 
2014-07-16T03:58:49.760+0000: 1478.848: [GC [PSYoungGen: 607857K->768K(729792K)] 767392K->160470K(1416768K), 0.0245940 secs] [Times: user=0.08 sys=0.00, real=0.02 secs] 
2014-07-16T03:58:51.394+0000: 1480.483: [GC [PSYoungGen: 729792K->384K(875264K)] 889494K->160254K(1562240K), 0.0170950 secs] [Times: user=0.07 sys=0.00, real=0.02 secs] 
2014-07-16T03:58:53.390+0000: 1482.478: [GC [PSYoungGen: 875220K->484K(841664K)] 1035090K->160442K(1528640K), 0.0040390 secs] [Times: user=0.01 sys=0.01, real=0.00 secs] 
2014-07-16T03:58:55.262+0000: 1484.350: [GC [PSYoungGen: 841630K->512K(809472K)] 1001588K->160582K(1496448K), 0.0074580 secs] [Times: user=0.01 sys=0.00, real=0.01 secs] 
2014-07-16T03:58:57.086+0000: 1486.174: [GC [PSYoungGen: 809472K->416K(778752K)] 969542K->160534K(1465728K), 0.0075130 secs] [Times: user=0.02 sys=0.00, real=0.01 secs] 
2014-07-16T03:58:58.888+0000: 1487.976: [GC [PSYoungGen: 778720K->416K(749568K)] 938838K->160670K(1436544K), 0.0161730 secs] [Times: user=0.06 sys=0.00, real=0.02 secs] 
2014-07-16T03:59:00.569+0000: 1489.657: [GC [PSYoungGen: 749536K->612K(721920K)] 909790K->161058K(1408896K), 0.0066430 secs] [Times: user=0.02 sys=0.00, real=0.00 secs] 
2014-07-16T03:59:02.148+0000: 1491.236: [GC [PSYoungGen: 721835K->356K(695104K)] 882282K->160890K(1382080K), 0.0053100 secs] [Times: user=0.01 sys=0.00, real=0.01 secs] 
2014-07-16T03:59:03.655+0000: 1492.743: [GC [PSYoungGen: 695018K->452K(669952K)] 855553K->161066K(1356928K), 0.0076940 secs] [Times: user=0.01 sys=0.00, real=0.01 secs] 
2014-07-16T03:59:05.111+0000: 1494.199: [GC [PSYoungGen: 669869K->694K(646016K)] 830484K->161380K(1332992K), 0.0172450 secs] [Times: user=0.06 sys=0.00, real=0.01 secs] 
2014-07-16T03:59:06.538+0000: 1495.626: [GC [PSYoungGen: 646006K->594K(622912K)] 806692K->161320K(1309888K), 0.0046330 secs] [Times: user=0.02 sys=0.00, real=0.01 secs] 
2014-07-16T03:59:07.870+0000: 1496.958: [GC [PSYoungGen: 622866K->352K(600704K)] 783592K->161182K(1287680K), 0.0057340 secs] [Times: user=0.02 sys=0.00, real=0.01 secs] 
2014-07-16T03:59:09.183+0000: 1498.271: [GC [PSYoungGen: 600672K->256K(579584K)] 761502K->161214K(1266560K), 0.0068460 secs] [Times: user=0.02 sys=0.00, real=0.00 secs] 
2014-07-16T03:59:10.436+0000: 1499.524: [GC [PSYoungGen: 579504K->566K(559872K)] 740463K->161636K(1246848K), 0.0141510 secs] [Times: user=0.05 sys=0.00, real=0.02 secs] 
2014-07-16T03:59:11.646+0000: 1500.734: [GC [PSYoungGen: 559862K->128K(540288K)] 720932K->161254K(1227264K), 0.0044260 secs] [Times: user=0.01 sys=0.00, real=0.01 secs] 
2014-07-16T03:59:12.818+0000: 1501.906: [GC [PSYoungGen: 540288K->338K(522304K)] 701414K->161528K(1209280K), 0.0062260 secs] [Times: user=0.01 sys=0.00, real=0.01 secs] 
2014-07-16T03:59:13.965+0000: 1503.054: [GC [PSYoungGen: 522258K->320K(504832K)] 683448K->161534K(1191808K), 0.0041220 secs] [Times: user=0.02 sys=0.00, real=0.00 secs] 
2014-07-16T03:59:15.073+0000: 1504.162: [GC [PSYoungGen: 504832K->484K(488384K)] 666046K->161754K(1175360K), 0.0066370 secs] [Times: user=0.01 sys=0.00, real=0.00 secs] 
2014-07-16T03:59:16.133+0000: 1505.222: [GC [PSYoungGen: 488356K->370K(472320K)] 649626K->161672K(1159296K), 0.0171580 secs] [Times: user=0.06 sys=0.00, real=0.01 secs] 
2014-07-16T03:59:17.168+0000: 1506.256: [GC [PSYoungGen: 472306K->740K(567104K)] 633608K->162082K(1254080K), 0.0182830 secs] [Times: user=0.06 sys=0.00, real=0.02 secs] 
2014-07-16T03:59:18.430+0000: 1507.518: [GC [PSYoungGen: 567076K->512K(547392K)] 728418K->161958K(1234368K), 0.0060120 secs] [Times: user=0.02 sys=0.00, real=0.01 secs] 
2014-07-16T03:59:19.609+0000: 1508.697: [GC [PSYoungGen: 547392K->466K(528832K)] 708838K->162024K(1215808K), 0.0047480 secs] [Times: user=0.02 sys=0.00, real=0.01 secs] 
2014-07-16T03:59:20.754+0000: 1509.843: [GC [PSYoungGen: 528786K->402K(511040K)] 690344K->162040K(1198016K), 0.0067780 secs] [Times: user=0.01 sys=0.00, real=0.00 secs] 
2014-07-16T03:59:21.858+0000: 1510.946: [GC [PSYoungGen: 510994K->224K(493888K)] 672632K->161902K(1180864K), 0.0050630 secs] [Times: user=0.01 sys=0.01, real=0.01 secs] 
2014-07-16T03:59:22.927+0000: 1512.015: [GC [PSYoungGen: 493856K->448K(477888K)] 655534K->162190K(1164864K), 0.0096070 secs] [Times: user=0.03 sys=0.00, real=0.01 secs] 
2014-07-16T03:59:23.965+0000: 1513.054: [GC [PSYoungGen: 477888K->690K(573632K)] 639630K->162488K(1260608K), 0.0235350 secs] [Times: user=0.09 sys=0.00, real=0.02 secs] 
2014-07-16T03:59:25.197+0000: 1514.285: [GC [PSYoungGen: 573618K->352K(553600K)] 735416K->162214K(1240576K), 0.0072700 secs] [Times: user=0.02 sys=0.00, real=0.01 secs] 
2014-07-16T03:59:26.399+0000: 1515.487: [GC [PSYoungGen: 553568K->274K(534720K)] 715430K->162176K(1221696K), 0.0103010 secs] [Times: user=0.03 sys=0.00, real=0.01 secs] 
2014-07-16T03:59:27.574+0000: 1516.662: [GC [PSYoungGen: 534674K->320K(516736K)] 696576K->162270K(1203712K), 0.0052740 secs] [Times: user=0.01 sys=0.00, real=0.00 secs] 
2014-07-16T03:59:28.712+0000: 1517.801: [GC [PSYoungGen: 516736K->512K(620224K)] 678686K->162582K(1307200K), 0.0195000 secs] [Times: user=0.06 sys=0.00, real=0.02 secs] 
2014-07-16T03:59:30.058+0000: 1519.147: [GC [PSYoungGen: 620209K->662K(744384K)] 782280K->162844K(1431360K), 0.0135040 secs] [Times: user=0.04 sys=0.00, real=0.01 secs] 
2014-07-16T03:59:31.655+0000: 1520.743: [GC [PSYoungGen: 744339K->224K(892672K)] 906522K->162510K(1579648K), 0.0362850 secs] [Times: user=0.13 sys=0.00, real=0.03 secs] 
2014-07-16T03:59:33.679+0000: 1522.767: [GC [PSYoungGen: 892640K->676K(1071616K)] 1054926K->163018K(1758592K), 0.0118590 secs] [Times: user=0.04 sys=0.00, real=0.01 secs] 
2014-07-16T03:59:36.077+0000: 1525.165: [GC [PSYoungGen: 1071588K->416K(1028224K)] 1233930K->162846K(1715200K), 0.0141130 secs] [Times: user=0.04 sys=0.01, real=0.01 secs] 
2014-07-16T03:59:38.337+0000: 1527.425: [GC [PSYoungGen: 1028192K->516K(987328K)] 1190622K->163026K(1674304K), 0.0069010 secs] [Times: user=0.02 sys=0.00, real=0.00 secs] 
2014-07-16T03:59:40.639+0000: 1529.727: [GC [PSYoungGen: 987268K->594K(948288K)] 1149778K->163288K(1635264K), 0.0220020 secs] [Times: user=0.07 sys=0.00, real=0.02 secs] 
2014-07-16T03:59:42.745+0000: 1531.833: [GC [PSYoungGen: 948242K->708K(911168K)] 1110936K->163594K(1598144K), 0.0102360 secs] [Times: user=0.03 sys=0.01, real=0.02 secs] 
2014-07-16T03:59:44.775+0000: 1533.863: [GC [PSYoungGen: 911108K->420K(875392K)] 1073994K->163450K(1562368K), 0.0056920 secs] [Times: user=0.02 sys=0.00, real=0.00 secs] 
2014-07-16T03:59:46.682+0000: 1535.770: [GC [PSYoungGen: 875364K->416K(841600K)] 1038394K->163510K(1528576K), 0.0096680 secs] [Times: user=0.03 sys=0.00, real=0.01 secs] 
2014-07-16T03:59:48.489+0000: 1537.577: [GC [PSYoungGen: 841568K->388K(809408K)] 1004662K->163570K(1496384K), 0.0106970 secs] [Times: user=0.04 sys=0.00, real=0.01 secs] 
2014-07-16T03:59:50.250+0000: 1539.338: [GC [PSYoungGen: 809348K->288K(778624K)] 972530K->163566K(1465600K), 0.0057640 secs] [Times: user=0.01 sys=0.00, real=0.00 secs] 
2014-07-16T03:59:51.937+0000: 1541.026: [GC [PSYoungGen: 778592K->658K(749824K)] 941870K->164072K(1436800K), 0.0213250 secs] [Times: user=0.07 sys=0.01, real=0.02 secs] 
2014-07-16T03:59:53.570+0000: 1542.659: [GC [PSYoungGen: 749778K->512K(721792K)] 913192K->163998K(1408768K), 0.0074860 secs] [Times: user=0.01 sys=0.00, real=0.01 secs] 
2014-07-16T03:59:55.119+0000: 1544.207: [GC [PSYoungGen: 721792K->242K(694976K)] 885278K->163784K(1381952K), 0.0071810 secs] [Times: user=0.02 sys=0.00, real=0.00 secs] 
2014-07-16T03:59:56.631+0000: 1545.719: [GC [PSYoungGen: 694960K->256K(669696K)] 858503K->163870K(1356672K), 0.0125650 secs] [Times: user=0.05 sys=0.00, real=0.01 secs] 
2014-07-16T03:59:58.089+0000: 1547.177: [GC [PSYoungGen: 669696K->288K(645632K)] 833310K->163966K(1332608K), 0.0051470 secs] [Times: user=0.01 sys=0.00, real=0.00 secs] 
2014-07-16T03:59:59.494+0000: 1548.583: [GC [PSYoungGen: 645600K->580K(622912K)] 809278K->164378K(1309888K), 0.0096600 secs] [Times: user=0.03 sys=0.00, real=0.01 secs] 
2014-07-16T04:00:00.856+0000: 1549.944: [GC [PSYoungGen: 622852K->320K(600640K)] 786650K->164230K(1287616K), 0.0042840 secs] [Times: user=0.01 sys=0.00, real=0.01 secs] 
2014-07-16T04:00:02.152+0000: 1551.241: [GC [PSYoungGen: 600640K->306K(579648K)] 764550K->164312K(1266624K), 0.0065280 secs] [Times: user=0.03 sys=0.00, real=0.01 secs] 
2014-07-16T04:00:03.408+0000: 1552.497: [GC [PSYoungGen: 579634K->338K(559680K)] 743640K->164400K(1246656K), 0.0082020 secs] [Times: user=0.02 sys=0.00, real=0.00 secs] 
2014-07-16T04:00:04.622+0000: 1553.710: [GC [PSYoungGen: 559634K->224K(540416K)] 723696K->164326K(1227392K), 0.0154700 secs] [Times: user=0.06 sys=0.00, real=0.01 secs] 
2014-07-16T04:00:05.810+0000: 1554.898: [GC [PSYoungGen: 540384K->566K(522496K)] 704486K->164708K(1209472K), 0.0051150 secs] [Times: user=0.01 sys=0.00, real=0.00 secs] 
2014-07-16T04:00:06.970+0000: 1556.058: [GC [PSYoungGen: 522486K->498K(505024K)] 686628K->164680K(1192000K), 0.0061440 secs] [Times: user=0.01 sys=0.00, real=0.00 secs] 
2014-07-16T04:00:08.119+0000: 1557.207: [GC [PSYoungGen: 505003K->580K(488512K)] 669186K->164874K(1175488K), 0.0141910 secs] [Times: user=0.05 sys=0.00, real=0.01 secs] 
2014-07-16T04:00:09.214+0000: 1558.302: [GC [PSYoungGen: 488452K->370K(472320K)] 652746K->164776K(1159296K), 0.0052360 secs] [Times: user=0.01 sys=0.01, real=0.01 secs] 
2014-07-16T04:00:10.328+0000: 1559.416: [GC [PSYoungGen: 472306K->580K(457344K)] 636712K->165090K(1144320K), 0.0075010 secs] [Times: user=0.01 sys=0.00, real=0.01 secs] 
2014-07-16T04:00:11.350+0000: 1560.438: [GC [PSYoungGen: 457218K->256K(442368K)] 621729K->164838K(1129344K), 0.0071110 secs] [Times: user=0.01 sys=0.00, real=0.00 secs] 
2014-07-16T04:00:12.340+0000: 1561.428: [GC [PSYoungGen: 442368K->502K(428672K)] 606950K->165132K(1115648K), 0.0172320 secs] [Times: user=0.05 sys=0.00, real=0.01 secs] 
2014-07-16T04:00:13.266+0000: 1562.354: [GC [PSYoungGen: 428662K->470K(415360K)] 593292K->165148K(1102336K), 0.0078660 secs] [Times: user=0.03 sys=0.00, real=0.01 secs] 
2014-07-16T04:00:14.211+0000: 1563.299: [GC [PSYoungGen: 415318K->502K(402624K)] 579996K->165236K(1089600K), 0.0109300 secs] [Times: user=0.04 sys=0.00, real=0.01 secs] 
2014-07-16T04:00:15.070+0000: 1564.159: [GC [PSYoungGen: 402614K->292K(390208K)] 567348K->165098K(1077184K), 0.0035910 secs] [Times: user=0.01 sys=0.00, real=0.00 secs] 
2014-07-16T04:00:15.918+0000: 1565.006: [GC [PSYoungGen: 390180K->160K(378368K)] 554986K->164990K(1065344K), 0.0060230 secs] [Times: user=0.02 sys=0.00, real=0.01 secs] 
2014-07-16T04:00:16.748+0000: 1565.836: [GC [PSYoungGen: 378287K->370K(367360K)] 543118K->165224K(1054336K), 0.0050260 secs] [Times: user=0.01 sys=0.00, real=0.01 secs] 
2014-07-16T04:00:17.544+0000: 1566.632: [GC [PSYoungGen: 367346K->320K(356544K)] 532200K->165222K(1043520K), 0.0057750 secs] [Times: user=0.01 sys=0.00, real=0.01 secs] 
2014-07-16T04:00:18.310+0000: 1567.398: [GC [PSYoungGen: 356544K->612K(346560K)] 521446K->165578K(1033536K), 0.0050440 secs] [Times: user=0.01 sys=0.00, real=0.01 secs] 
2014-07-16T04:00:19.080+0000: 1568.168: [GC [PSYoungGen: 346532K->466K(336576K)] 511498K->165472K(1023552K), 0.0065990 secs] [Times: user=0.01 sys=0.00, real=0.00 secs] 
2014-07-16T04:00:19.803+0000: 1568.891: [GC [PSYoungGen: 336530K->320K(403648K)] 501536K->165406K(1090624K), 0.0195550 secs] [Times: user=0.07 sys=0.00, real=0.02 secs] 
2014-07-16T04:00:20.694+0000: 1569.782: [GC [PSYoungGen: 403550K->452K(484544K)] 568637K->165602K(1171520K), 0.0126090 secs] [Times: user=0.03 sys=0.00, real=0.01 secs] 
2014-07-16T04:00:21.728+0000: 1570.816: [GC [PSYoungGen: 484484K->274K(581184K)] 649634K->165496K(1268160K), 0.0052830 secs] [Times: user=0.02 sys=0.00, real=0.01 secs] 
2014-07-16T04:00:22.990+0000: 1572.078: [GC [PSYoungGen: 581138K->288K(561088K)] 746360K->165558K(1248064K), 0.0090090 secs] [Times: user=0.04 sys=0.00, real=0.01 secs] 
2014-07-16T04:00:24.214+0000: 1573.302: [GC [PSYoungGen: 560970K->438K(542016K)] 726241K->165748K(1228992K), 0.0101740 secs] [Times: user=0.03 sys=0.00, real=0.01 secs] 
2014-07-16T04:00:25.382+0000: 1574.471: [GC [PSYoungGen: 542006K->370K(523648K)] 707316K->165736K(1210624K), 0.0094440 secs] [Times: user=0.03 sys=0.00, real=0.01 secs] 
2014-07-16T04:00:26.509+0000: 1575.597: [GC [PSYoungGen: 523634K->338K(506176K)] 689000K->165744K(1193152K), 0.0095160 secs] [Times: user=0.04 sys=0.00, real=0.01 secs] 
2014-07-16T04:00:27.603+0000: 1576.691: [GC [PSYoungGen: 506096K->320K(489408K)] 671503K->165782K(1176384K), 0.0135270 secs] [Times: user=0.05 sys=0.00, real=0.01 secs] 
2014-07-16T04:00:28.664+0000: 1577.752: [GC [PSYoungGen: 489408K->416K(473536K)] 654870K->165998K(1160512K), 0.0076340 secs] [Times: user=0.02 sys=0.00, real=0.00 secs] 
2014-07-16T04:00:29.707+0000: 1578.795: [GC [PSYoungGen: 473504K->370K(458176K)] 639086K->166016K(1145152K), 0.0083560 secs] [Times: user=0.02 sys=0.00, real=0.01 secs] 
2014-07-16T04:00:30.730+0000: 1579.818: [GC [PSYoungGen: 458162K->612K(443840K)] 623808K->166542K(1130816K), 0.0075190 secs] [Times: user=0.01 sys=0.00, real=0.01 secs] 
2014-07-16T04:00:31.676+0000: 1580.764: [GC [PSYoungGen: 443812K->292K(429568K)] 609742K->166432K(1116544K), 0.0117050 secs] [Times: user=0.04 sys=0.00, real=0.01 secs] 
2014-07-16T04:00:32.617+0000: 1581.706: [GC [PSYoungGen: 429540K->744K(515904K)] 595680K->166940K(1202880K), 0.0238430 secs] [Times: user=0.07 sys=0.00, real=0.02 secs] 
2014-07-16T04:00:33.757+0000: 1582.846: [GC [PSYoungGen: 515880K->498K(618688K)] 682076K->166742K(1305664K), 0.0053170 secs] [Times: user=0.01 sys=0.00, real=0.00 secs] 
2014-07-16T04:00:35.180+0000: 1584.269: [GC [PSYoungGen: 618667K->466K(742336K)] 784912K->166758K(1429312K), 0.0131820 secs] [Times: user=0.05 sys=0.00, real=0.02 secs] 
2014-07-16T04:00:36.820+0000: 1585.909: [GC [PSYoungGen: 742290K->630K(714944K)] 908582K->167002K(1401920K), 0.0096580 secs] [Times: user=0.02 sys=0.00, real=0.01 secs] 
2014-07-16T04:00:38.402+0000: 1587.490: [GC [PSYoungGen: 714934K->548K(688640K)] 881306K->167016K(1375616K), 0.0181390 secs] [Times: user=0.07 sys=0.00, real=0.02 secs] 
2014-07-16T04:00:40.028+0000: 1589.116: [GC [PSYoungGen: 688517K->488K(663552K)] 854985K->167156K(1350528K), 0.0046700 secs] [Times: user=0.01 sys=0.00, real=0.00 secs] 
2014-07-16T04:00:41.459+0000: 1590.547: [GC [PSYoungGen: 663527K->256K(639424K)] 830196K->167076K(1326400K), 0.0113460 secs] [Times: user=0.04 sys=0.00, real=0.01 secs] 
2014-07-16T04:00:42.856+0000: 1591.944: [GC [PSYoungGen: 639424K->320K(616768K)] 806244K->167228K(1303744K), 0.0070620 secs] [Times: user=0.03 sys=0.00, real=0.00 secs] 
2014-07-16T04:00:44.229+0000: 1593.317: [GC [PSYoungGen: 616768K->452K(595264K)] 783676K->167392K(1282240K), 0.0042540 secs] [Times: user=0.01 sys=0.00, real=0.00 secs] 
2014-07-16T04:00:45.496+0000: 1594.584: [GC [PSYoungGen: 595163K->374K(574400K)] 762104K->167362K(1261376K), 0.0038730 secs] [Times: user=0.01 sys=0.01, real=0.00 secs] 
2014-07-16T04:00:46.737+0000: 1595.825: [GC [PSYoungGen: 574390K->288K(554560K)] 741378K->167324K(1241536K), 0.0105190 secs] [Times: user=0.04 sys=0.00, real=0.01 secs] 
2014-07-16T04:00:47.942+0000: 1597.031: [GC [PSYoungGen: 554528K->192K(535552K)] 721564K->167300K(1222528K), 0.0126580 secs] [Times: user=0.05 sys=0.00, real=0.02 secs] 
2014-07-16T04:00:49.132+0000: 1598.221: [GC [PSYoungGen: 535552K->722K(643200K)] 702660K->167926K(1330176K), 0.0269880 secs] [Times: user=0.10 sys=0.00, real=0.03 secs] 
2014-07-16T04:00:50.580+0000: 1599.668: [GC [PSYoungGen: 643154K->484K(620032K)] 810358K->167768K(1307008K), 0.0098550 secs] [Times: user=0.04 sys=0.00, real=0.01 secs] 
2014-07-16T04:00:51.978+0000: 1601.066: [GC [PSYoungGen: 620004K->768K(598464K)] 787288K->168172K(1285440K), 0.0096670 secs] [Times: user=0.03 sys=0.00, real=0.01 secs] 
2014-07-16T04:00:53.306+0000: 1602.394: [GC [PSYoungGen: 598464K->384K(577216K)] 765868K->167852K(1264192K), 0.0050150 secs] [Times: user=0.01 sys=0.00, real=0.00 secs] 
2014-07-16T04:00:54.649+0000: 1603.737: [GC [PSYoungGen: 577216K->416K(557376K)] 744684K->167948K(1244352K), 0.0136930 secs] [Times: user=0.05 sys=0.00, real=0.01 secs] 
2014-07-16T04:00:55.883+0000: 1604.971: [GC [PSYoungGen: 557344K->288K(538240K)] 724876K->167884K(1225216K), 0.0060430 secs] [Times: user=0.01 sys=0.00, real=0.01 secs] 
2014-07-16T04:00:57.059+0000: 1606.148: [GC [PSYoungGen: 538208K->388K(520192K)] 705804K->168016K(1207168K), 0.0049820 secs] [Times: user=0.01 sys=0.00, real=0.00 secs] 
2014-07-16T04:00:58.185+0000: 1607.274: [GC [PSYoungGen: 520132K->224K(502656K)] 687760K->167956K(1189632K), 0.0076940 secs] [Times: user=0.02 sys=0.00, real=0.01 secs] 
2014-07-16T04:00:59.312+0000: 1608.400: [GC [PSYoungGen: 502622K->484K(486336K)] 670355K->168288K(1173312K), 0.0077430 secs] [Times: user=0.03 sys=0.00, real=0.01 secs] 
2014-07-16T04:01:00.355+0000: 1609.443: [GC [PSYoungGen: 486308K->320K(470336K)] 654112K->168228K(1157312K), 0.0204390 secs] [Times: user=0.07 sys=0.00, real=0.02 secs] 
2014-07-16T04:01:01.373+0000: 1610.461: [GC [PSYoungGen: 470336K->352K(564416K)] 638244K->168316K(1251392K), 0.0114390 secs] [Times: user=0.03 sys=0.00, real=0.01 secs] 
2014-07-16T04:01:02.594+0000: 1611.682: [GC [PSYoungGen: 564384K->224K(544960K)] 732348K->168236K(1231936K), 0.0097320 secs] [Times: user=0.04 sys=0.00, real=0.01 secs] 
2014-07-16T04:01:03.776+0000: 1612.864: [GC [PSYoungGen: 544928K->256K(526528K)] 712940K->168316K(1213504K), 0.0057490 secs] [Times: user=0.02 sys=0.00, real=0.01 secs] 
2014-07-16T04:01:04.961+0000: 1614.049: [GC [PSYoungGen: 526528K->384K(509056K)] 694588K->168508K(1196032K), 0.0088660 secs] [Times: user=0.02 sys=0.00, real=0.01 secs] 
2014-07-16T04:01:06.068+0000: 1615.156: [GC [PSYoungGen: 508997K->516K(492416K)] 677122K->168712K(1179392K), 0.0125830 secs] [Times: user=0.05 sys=0.00, real=0.02 secs] 
2014-07-16T04:01:07.131+0000: 1616.219: [GC [PSYoungGen: 492356K->192K(590400K)] 660552K->168404K(1277376K), 0.0209360 secs] [Times: user=0.07 sys=0.00, real=0.02 secs] 
2014-07-16T04:01:08.413+0000: 1617.501: [GC [PSYoungGen: 590396K->420K(708736K)] 758609K->168736K(1395712K), 0.0263000 secs] [Times: user=0.10 sys=0.00, real=0.03 secs] 
2014-07-16T04:01:09.992+0000: 1619.081: [GC [PSYoungGen: 708708K->690K(850688K)] 877024K->169094K(1537664K), 0.0208260 secs] [Times: user=0.07 sys=0.00, real=0.02 secs] 
2014-07-16T04:01:11.843+0000: 1620.931: [GC [PSYoungGen: 850674K->466K(1020544K)] 1019078K->169014K(1707520K), 0.0095730 secs] [Times: user=0.04 sys=0.00, real=0.01 secs] 
2014-07-16T04:01:14.063+0000: 1623.151: [GC [PSYoungGen: 1020498K->434K(1224512K)] 1189046K->169070K(1911488K), 0.0202970 secs] [Times: user=0.07 sys=0.00, real=0.02 secs] 
2014-07-16T04:01:16.724+0000: 1625.812: [GC [PSYoungGen: 1224498K->256K(1173824K)] 1393134K->168956K(1860800K), 0.0057270 secs] [Times: user=0.02 sys=0.00, real=0.01 secs] 
2014-07-16T04:01:19.268+0000: 1628.356: [GC [PSYoungGen: 1173729K->680K(1126208K)] 1342430K->169524K(1813184K), 0.0207710 secs] [Times: user=0.07 sys=0.00, real=0.02 secs] 
2014-07-16T04:01:21.760+0000: 1630.849: [GC [PSYoungGen: 1126184K->448K(1080192K)] 1295028K->169468K(1767168K), 0.0105520 secs] [Times: user=0.04 sys=0.00, real=0.01 secs] 
2014-07-16T04:01:24.087+0000: 1633.175: [GC [PSYoungGen: 1080192K->548K(1036800K)] 1249212K->169760K(1723776K), 0.0186980 secs] [Times: user=0.07 sys=0.00, real=0.02 secs] 
2014-07-16T04:01:26.337+0000: 1635.425: [GC [PSYoungGen: 1036772K->416K(995200K)] 1205984K->169692K(1682176K), 0.0102290 secs] [Times: user=0.03 sys=0.00, real=0.01 secs] 
2014-07-16T04:01:28.573+0000: 1637.661: [GC [PSYoungGen: 995168K->544K(955840K)] 1164444K->169940K(1642816K), 0.0158720 secs] [Times: user=0.05 sys=0.00, real=0.01 secs] 
2014-07-16T04:01:30.713+0000: 1639.801: [GC [PSYoungGen: 955808K->480K(918208K)] 1125204K->170108K(1605184K), 0.0115190 secs] [Times: user=0.04 sys=0.00, real=0.01 secs] 
2014-07-16T04:01:32.738+0000: 1641.826: [GC [PSYoungGen: 918165K->566K(882496K)] 1087794K->170338K(1569472K), 0.0070660 secs] [Times: user=0.02 sys=0.00, real=0.01 secs] 
2014-07-16T04:01:34.650+0000: 1643.739: [GC [PSYoungGen: 882486K->402K(848256K)] 1052258K->170246K(1535232K), 0.0040940 secs] [Times: user=0.01 sys=0.00, real=0.01 secs] 
2014-07-16T04:01:36.487+0000: 1645.576: [GC [PSYoungGen: 848131K->352K(815744K)] 1017975K->170268K(1502720K), 0.0071420 secs] [Times: user=0.01 sys=0.00, real=0.01 secs] 
2014-07-16T04:01:38.247+0000: 1647.336: [GC [PSYoungGen: 815712K->370K(784768K)] 985628K->170358K(1471744K), 0.0116030 secs] [Times: user=0.04 sys=0.00, real=0.01 secs] 
2014-07-16T04:01:39.990+0000: 1649.078: [GC [PSYoungGen: 784754K->612K(755520K)] 954742K->170736K(1442496K), 0.0106880 secs] [Times: user=0.02 sys=0.00, real=0.01 secs] 
2014-07-16T04:01:41.620+0000: 1650.708: [GC [PSYoungGen: 755492K->420K(727232K)] 925616K->170680K(1414208K), 0.0086220 secs] [Times: user=0.03 sys=0.00, real=0.01 secs] 
2014-07-16T04:01:43.232+0000: 1652.320: [GC [PSYoungGen: 727168K->452K(700480K)] 897429K->170800K(1387456K), 0.0075870 secs] [Times: user=0.02 sys=0.00, real=0.01 secs] 
2014-07-16T04:01:44.806+0000: 1653.894: [GC [PSYoungGen: 700420K->452K(674944K)] 870768K->170888K(1361920K), 0.0230030 secs] [Times: user=0.07 sys=0.00, real=0.02 secs] 
2014-07-16T04:01:46.265+0000: 1655.353: [GC [PSYoungGen: 674884K->562K(650624K)] 845320K->171110K(1337600K), 0.0197990 secs] [Times: user=0.07 sys=0.00, real=0.02 secs] 
2014-07-16T04:01:47.660+0000: 1656.748: [GC [PSYoungGen: 650610K->484K(627328K)] 821158K->171096K(1314304K), 0.0140250 secs] [Times: user=0.06 sys=0.00, real=0.02 secs] 
2014-07-16T04:01:49.015+0000: 1658.104: [GC [PSYoungGen: 627300K->256K(604864K)] 797912K->170972K(1291840K), 0.0094680 secs] [Times: user=0.03 sys=0.01, real=0.01 secs] 
2014-07-16T04:01:50.331+0000: 1659.420: [GC [PSYoungGen: 604864K->352K(583808K)] 775580K->171180K(1270784K), 0.0121730 secs] [Times: user=0.04 sys=0.00, real=0.01 secs] 
2014-07-16T04:01:51.603+0000: 1660.691: [GC [PSYoungGen: 583776K->320K(563520K)] 754604K->171260K(1250496K), 0.0052940 secs] [Times: user=0.01 sys=0.00, real=0.01 secs] 
2014-07-16T04:01:52.823+0000: 1661.911: [GC [PSYoungGen: 563520K->466K(544448K)] 734460K->171470K(1231424K), 0.0150300 secs] [Times: user=0.06 sys=0.00, real=0.02 secs] 
2014-07-16T04:01:54.051+0000: 1663.139: [GC [PSYoungGen: 544402K->754K(526272K)] 715406K->171862K(1213248K), 0.0068130 secs] [Times: user=0.01 sys=0.00, real=0.01 secs] 
2014-07-16T04:01:55.285+0000: 1664.373: [GC [PSYoungGen: 526258K->548K(508480K)] 697366K->171704K(1195456K), 0.0078660 secs] [Times: user=0.01 sys=0.00, real=0.01 secs] 
2014-07-16T04:01:56.401+0000: 1665.490: [GC [PSYoungGen: 508452K->484K(491584K)] 679608K->171792K(1178560K), 0.0162330 secs] [Times: user=0.05 sys=0.00, real=0.02 secs] 
2014-07-16T04:01:57.488+0000: 1666.576: [GC [PSYoungGen: 491556K->434K(475456K)] 662864K->171790K(1162432K), 0.0053790 secs] [Times: user=0.02 sys=0.00, real=0.00 secs] 
2014-07-16T04:01:58.539+0000: 1667.628: [GC [PSYoungGen: 475442K->352K(460032K)] 646798K->171820K(1147008K), 0.0058380 secs] [Times: user=0.01 sys=0.00, real=0.01 secs] 
2014-07-16T04:01:59.569+0000: 1668.658: [GC [PSYoungGen: 460000K->384K(445312K)] 631468K->171940K(1132288K), 0.0103690 secs] [Times: user=0.03 sys=0.00, real=0.01 secs] 
2014-07-16T04:02:00.559+0000: 1669.647: [GC [PSYoungGen: 445312K->544K(431424K)] 616868K->172188K(1118400K), 0.0047980 secs] [Times: user=0.01 sys=0.00, real=0.00 secs] 
2014-07-16T04:02:01.476+0000: 1670.564: [GC [PSYoungGen: 431392K->338K(417792K)] 603036K->172046K(1104768K), 0.0054600 secs] [Times: user=0.01 sys=0.00, real=0.00 secs] 
2014-07-16T04:02:02.406+0000: 1671.494: [GC [PSYoungGen: 417746K->388K(404992K)] 589454K->172128K(1091968K), 0.0051490 secs] [Times: user=0.01 sys=0.00, real=0.00 secs] 
2014-07-16T04:02:03.263+0000: 1672.352: [GC [PSYoungGen: 404932K->288K(392512K)] 576672K->172076K(1079488K), 0.0079900 secs] [Times: user=0.01 sys=0.00, real=0.01 secs] 
2014-07-16T04:02:04.118+0000: 1673.206: [GC [PSYoungGen: 392478K->744K(381184K)] 564267K->172580K(1068160K), 0.0064170 secs] [Times: user=0.01 sys=0.00, real=0.00 secs] 
2014-07-16T04:02:04.941+0000: 1674.029: [GC [PSYoungGen: 381160K->210K(369344K)] 552996K->172078K(1056320K), 0.0085440 secs] [Times: user=0.03 sys=0.00, real=0.01 secs] 
2014-07-16T04:02:05.742+0000: 1674.831: [GC [PSYoungGen: 369298K->338K(443328K)] 541166K->172230K(1130304K), 0.0210270 secs] [Times: user=0.08 sys=0.00, real=0.02 secs] 
2014-07-16T04:02:06.715+0000: 1675.803: [GC [PSYoungGen: 443282K->320K(531904K)] 615174K->172228K(1218880K), 0.0070320 secs] [Times: user=0.01 sys=0.00, real=0.01 secs] 
2014-07-16T04:02:07.863+0000: 1676.951: [GC [PSYoungGen: 531904K->370K(638336K)] 703812K->172366K(1325312K), 0.0156590 secs] [Times: user=0.06 sys=0.00, real=0.02 secs] 
2014-07-16T04:02:09.234+0000: 1678.322: [GC [PSYoungGen: 638322K->434K(766016K)] 810318K->172526K(1452992K), 0.0162910 secs] [Times: user=0.06 sys=0.00, real=0.02 secs] 
2014-07-16T04:02:10.902+0000: 1679.990: [GC [PSYoungGen: 766002K->416K(737408K)] 938094K->172596K(1424384K), 0.0052200 secs] [Times: user=0.01 sys=0.01, real=0.01 secs] 
2014-07-16T04:02:12.501+0000: 1681.589: [GC [PSYoungGen: 737376K->160K(709888K)] 909556K->172444K(1396864K), 0.0166000 secs] [Times: user=0.07 sys=0.00, real=0.01 secs] 
2014-07-16T04:02:14.043+0000: 1683.131: [GC [PSYoungGen: 709856K->352K(684096K)] 882140K->172684K(1371072K), 0.0050490 secs] [Times: user=0.01 sys=0.00, real=0.00 secs] 
2014-07-16T04:02:15.518+0000: 1684.606: [GC [PSYoungGen: 684064K->224K(659200K)] 856396K->172620K(1346176K), 0.0065030 secs] [Times: user=0.01 sys=0.00, real=0.01 secs] 
2014-07-16T04:02:16.941+0000: 1686.029: [GC [PSYoungGen: 659168K->256K(635520K)] 831564K->172684K(1322496K), 0.0059680 secs] [Times: user=0.02 sys=0.00, real=0.00 secs] 
2014-07-16T04:02:18.321+0000: 1687.409: [GC [PSYoungGen: 635520K->680K(613376K)] 807948K->173188K(1300352K), 0.0119990 secs] [Times: user=0.05 sys=0.00, real=0.01 secs] 
2014-07-16T04:02:19.650+0000: 1688.739: [GC [PSYoungGen: 613352K->352K(591552K)] 785860K->172948K(1278528K), 0.0053290 secs] [Times: user=0.01 sys=0.00, real=0.00 secs] 
2014-07-16T04:02:21.016+0000: 1690.104: [GC [PSYoungGen: 591520K->484K(571136K)] 764116K->173168K(1258112K), 0.0056130 secs] [Times: user=0.01 sys=0.00, real=0.01 secs] 
2014-07-16T04:02:22.292+0000: 1691.380: [GC [PSYoungGen: 571108K->434K(551424K)] 743792K->173222K(1238400K), 0.0053830 secs] [Times: user=0.01 sys=0.00, real=0.00 secs] 
2014-07-16T04:02:23.541+0000: 1692.629: [GC [PSYoungGen: 551410K->434K(661632K)] 724198K->173286K(1348608K), 0.0362720 secs] [Times: user=0.13 sys=0.00, real=0.03 secs] 
2014-07-16T04:02:25.191+0000: 1694.279: [GC [PSYoungGen: 661618K->480K(637952K)] 834470K->173380K(1324928K), 0.0074980 secs] [Times: user=0.01 sys=0.00, real=0.00 secs] 
2014-07-16T04:02:26.581+0000: 1695.670: [GC [PSYoungGen: 637920K->498K(615296K)] 810820K->173526K(1302272K), 0.0110780 secs] [Times: user=0.04 sys=0.01, real=0.01 secs] 
2014-07-16T04:02:27.910+0000: 1696.999: [GC [PSYoungGen: 615192K->484K(593664K)] 788221K->173592K(1280640K), 0.0062690 secs] [Times: user=0.01 sys=0.00, real=0.00 secs] 
2014-07-16T04:02:29.213+0000: 1698.301: [GC [PSYoungGen: 593636K->402K(572928K)] 766744K->173622K(1259904K), 0.0089350 secs] [Times: user=0.03 sys=0.00, real=0.01 secs] 
2014-07-16T04:02:30.454+0000: 1699.542: [GC [PSYoungGen: 572882K->452K(553280K)] 746102K->173776K(1240256K), 0.0111080 secs] [Times: user=0.04 sys=0.00, real=0.01 secs] 
2014-07-16T04:02:31.658+0000: 1700.746: [GC [PSYoungGen: 553220K->224K(534208K)] 726544K->173620K(1221184K), 0.0054900 secs] [Times: user=0.02 sys=0.00, real=0.01 secs] 
2014-07-16T04:02:32.817+0000: 1701.905: [GC [PSYoungGen: 534176K->192K(516160K)] 707572K->173644K(1203136K), 0.0169350 secs] [Times: user=0.07 sys=0.00, real=0.02 secs] 
2014-07-16T04:02:33.934+0000: 1703.023: [GC [PSYoungGen: 516160K->274K(499136K)] 689612K->173782K(1186112K), 0.0072280 secs] [Times: user=0.03 sys=0.00, real=0.01 secs] 
2014-07-16T04:02:35.058+0000: 1704.146: [GC [PSYoungGen: 499090K->384K(598976K)] 672598K->173924K(1285952K), 0.0182530 secs] [Times: user=0.06 sys=0.00, real=0.02 secs] 
2014-07-16T04:02:36.363+0000: 1705.451: [GC [PSYoungGen: 598976K->356K(578112K)] 772516K->173968K(1265088K), 0.0122870 secs] [Times: user=0.04 sys=0.00, real=0.01 secs] 
2014-07-16T04:02:37.637+0000: 1706.725: [GC [PSYoungGen: 578082K->630K(558400K)] 751695K->174298K(1245376K), 0.0119700 secs] [Times: user=0.04 sys=0.00, real=0.01 secs] 
2014-07-16T04:02:38.873+0000: 1707.961: [GC [PSYoungGen: 558390K->548K(669888K)] 732058K->174336K(1356864K), 0.0212370 secs] [Times: user=0.08 sys=0.00, real=0.02 secs] 
2014-07-16T04:02:40.402+0000: 1709.490: [GC [PSYoungGen: 669860K->370K(645568K)] 843648K->174262K(1332544K), 0.0074260 secs] [Times: user=0.02 sys=0.00, real=0.01 secs] 
2014-07-16T04:02:41.846+0000: 1710.934: [GC [PSYoungGen: 645554K->384K(622528K)] 819446K->174404K(1309504K), 0.0128500 secs] [Times: user=0.04 sys=0.00, real=0.01 secs] 
2014-07-16T04:02:43.241+0000: 1712.330: [GC [PSYoungGen: 622528K->288K(600512K)] 796548K->174364K(1287488K), 0.0050250 secs] [Times: user=0.01 sys=0.00, real=0.01 secs] 
2014-07-16T04:02:44.558+0000: 1713.646: [GC [PSYoungGen: 600480K->388K(579648K)] 774556K->174520K(1266624K), 0.0167000 secs] [Times: user=0.06 sys=0.00, real=0.02 secs] 
2014-07-16T04:02:45.841+0000: 1714.929: [GC [PSYoungGen: 579570K->498K(559680K)] 753702K->174678K(1246656K), 0.0124150 secs] [Times: user=0.04 sys=0.00, real=0.02 secs] 
2014-07-16T04:02:47.033+0000: 1716.121: [GC [PSYoungGen: 559666K->516K(671616K)] 733846K->174752K(1358592K), 0.0150100 secs] [Times: user=0.06 sys=0.00, real=0.02 secs] 
2014-07-16T04:02:48.489+0000: 1717.577: [GC [PSYoungGen: 671513K->374K(647232K)] 845750K->174730K(1334208K), 0.0053220 secs] [Times: user=0.01 sys=0.00, real=0.01 secs] 
2014-07-16T04:02:49.889+0000: 1718.978: [GC [PSYoungGen: 647220K->416K(776704K)] 821576K->174900K(1463680K), 0.0208320 secs] [Times: user=0.07 sys=0.00, real=0.02 secs] 
2014-07-16T04:02:51.607+0000: 1720.695: [GC [PSYoungGen: 776667K->612K(932160K)] 951151K->175296K(1619136K), 0.0178650 secs] [Times: user=0.07 sys=0.00, real=0.02 secs] 
2014-07-16T04:02:53.619+0000: 1722.708: [GC [PSYoungGen: 932132K->594K(1118464K)] 1106816K->175350K(1805440K), 0.0412820 secs] [Times: user=0.15 sys=0.00, real=0.04 secs] 
2014-07-16T04:02:56.114+0000: 1725.202: [GC [PSYoungGen: 1118418K->438K(1341888K)] 1293174K->175540K(2028864K), 0.0099950 secs] [Times: user=0.03 sys=0.01, real=0.01 secs] 
2014-07-16T04:02:59.017+0000: 1728.105: [GC [PSYoungGen: 1341878K->708K(1285952K)] 1516980K->175922K(1972928K), 0.0061450 secs] [Times: user=0.02 sys=0.00, real=0.00 secs] 
2014-07-16T04:03:01.831+0000: 1730.919: [GC [PSYoungGen: 1285892K->466K(1232192K)] 1461106K->175896K(1919168K), 0.0247250 secs] [Times: user=0.09 sys=0.00, real=0.03 secs] 
2014-07-16T04:03:04.537+0000: 1733.626: [GC [PSYoungGen: 1232144K->448K(1181248K)] 1407575K->176030K(1868224K), 0.0081710 secs] [Times: user=0.02 sys=0.00, real=0.00 secs] 
2014-07-16T04:03:07.250+0000: 1736.338: [GC [PSYoungGen: 1181248K->694K(1133056K)] 1356830K->176380K(1820032K), 0.0081220 secs] [Times: user=0.03 sys=0.00, real=0.01 secs] 
2014-07-16T04:03:09.805+0000: 1738.893: [GC [PSYoungGen: 1133046K->644K(1086976K)] 1308732K->176530K(1773952K), 0.0240090 secs] [Times: user=0.08 sys=0.00, real=0.03 secs] 
2014-07-16T04:03:12.226+0000: 1741.314: [GC [PSYoungGen: 1086916K->434K(1042880K)] 1262802K->176512K(1729856K), 0.0041790 secs] [Times: user=0.01 sys=0.00, real=0.01 secs] 
2014-07-16T04:03:14.474+0000: 1743.562: [GC [PSYoungGen: 1042807K->356K(1001088K)] 1218886K->176546K(1688064K), 0.0042370 secs] [Times: user=0.01 sys=0.00, real=0.01 secs] 
2014-07-16T04:03:16.682+0000: 1745.770: [GC [PSYoungGen: 1001060K->370K(961344K)] 1177250K->176600K(1648320K), 0.0097200 secs] [Times: user=0.03 sys=0.00, real=0.01 secs] 
2014-07-16T04:03:18.771+0000: 1747.859: [GC [PSYoungGen: 961330K->544K(923712K)] 1137560K->176878K(1610688K), 0.0292910 secs] [Times: user=0.11 sys=0.00, real=0.03 secs] 
2014-07-16T04:03:20.800+0000: 1749.888: [GC [PSYoungGen: 923680K->484K(887616K)] 1100014K->176978K(1574592K), 0.0136220 secs] [Times: user=0.05 sys=0.01, real=0.01 secs] 
2014-07-16T04:03:22.725+0000: 1751.813: [GC [PSYoungGen: 887588K->338K(853120K)] 1064082K->176984K(1540096K), 0.0100810 secs] [Times: user=0.02 sys=0.00, real=0.01 secs] 
2014-07-16T04:03:24.568+0000: 1753.656: [GC [PSYoungGen: 853074K->384K(820416K)] 1029720K->177086K(1507392K), 0.0113950 secs] [Times: user=0.04 sys=0.00, real=0.02 secs] 
2014-07-16T04:03:26.358+0000: 1755.447: [GC [PSYoungGen: 820416K->420K(789312K)] 997118K->177170K(1476288K), 0.0047550 secs] [Times: user=0.02 sys=0.00, real=0.01 secs] 
2014-07-16T04:03:28.072+0000: 1757.161: [GC [PSYoungGen: 789284K->370K(759552K)] 966034K->177224K(1446528K), 0.0104140 secs] [Times: user=0.04 sys=0.00, real=0.01 secs] 
2014-07-16T04:03:29.715+0000: 1758.803: [GC [PSYoungGen: 759538K->402K(731328K)] 936392K->177400K(1418304K), 0.0074440 secs] [Times: user=0.02 sys=0.00, real=0.01 secs] 
2014-07-16T04:03:31.305+0000: 1760.393: [GC [PSYoungGen: 731282K->402K(704320K)] 908280K->177504K(1391296K), 0.0238150 secs] [Times: user=0.08 sys=0.00, real=0.02 secs] 
2014-07-16T04:03:32.834+0000: 1761.922: [GC [PSYoungGen: 704274K->352K(678528K)] 881376K->177566K(1365504K), 0.0201620 secs] [Times: user=0.07 sys=0.00, real=0.02 secs] 
2014-07-16T04:03:34.302+0000: 1763.391: [GC [PSYoungGen: 678496K->584K(654272K)] 855710K->177854K(1341248K), 0.0067040 secs] [Times: user=0.02 sys=0.00, real=0.00 secs] 
2014-07-16T04:03:35.758+0000: 1764.846: [GC [PSYoungGen: 654216K->388K(630656K)] 831486K->177714K(1317632K), 0.0075290 secs] [Times: user=0.02 sys=0.00, real=0.01 secs] 
2014-07-16T04:03:37.101+0000: 1766.189: [GC [PSYoungGen: 630596K->384K(608256K)] 807922K->177790K(1295232K), 0.0136760 secs] [Times: user=0.05 sys=0.01, real=0.01 secs] 
2014-07-16T04:03:38.423+0000: 1767.511: [GC [PSYoungGen: 608256K->452K(587072K)] 785662K->177962K(1274048K), 0.0080150 secs] [Times: user=0.03 sys=0.00, real=0.01 secs] 
2014-07-16T04:03:39.691+0000: 1768.779: [GC [PSYoungGen: 587012K->448K(566656K)] 764522K->178062K(1253632K), 0.0083190 secs] [Times: user=0.03 sys=0.00, real=0.01 secs] 
2014-07-16T04:03:40.909+0000: 1769.997: [GC [PSYoungGen: 566656K->480K(547328K)] 744270K->178198K(1234304K), 0.0105690 secs] [Times: user=0.02 sys=0.00, real=0.01 secs] 
2014-07-16T04:03:42.094+0000: 1771.182: [GC [PSYoungGen: 547271K->388K(528704K)] 724989K->178178K(1215680K), 0.0134190 secs] [Times: user=0.05 sys=0.00, real=0.01 secs] 
2014-07-16T04:03:43.235+0000: 1772.323: [GC [PSYoungGen: 528644K->338K(634304K)] 706434K->178160K(1321280K), 0.0174100 secs] [Times: user=0.06 sys=0.00, real=0.02 secs] 
2014-07-16T04:03:44.615+0000: 1773.703: [GC [PSYoungGen: 634258K->306K(761024K)] 812080K->178168K(1448000K), 0.0171440 secs] [Times: user=0.06 sys=0.00, real=0.01 secs] 
2014-07-16T04:03:46.289+0000: 1775.378: [GC [PSYoungGen: 761010K->466K(913408K)] 938872K->178392K(1600384K), 0.0199250 secs] [Times: user=0.07 sys=0.00, real=0.02 secs] 
2014-07-16T04:03:48.297+0000: 1777.386: [GC [PSYoungGen: 913362K->640K(877952K)] 1091288K->178710K(1564928K), 0.0119230 secs] [Times: user=0.03 sys=0.00, real=0.01 secs] 
2014-07-16T04:03:50.198+0000: 1779.286: [GC [PSYoungGen: 877952K->498K(843968K)] 1056022K->178744K(1530944K), 0.0122320 secs] [Times: user=0.04 sys=0.01, real=0.01 secs] 
2014-07-16T04:03:52.033+0000: 1781.121: [GC [PSYoungGen: 843954K->434K(811648K)] 1022200K->178996K(1498624K), 0.0166690 secs] [Times: user=0.06 sys=0.00, real=0.02 secs] 
2014-07-16T04:03:53.813+0000: 1782.901: [GC [PSYoungGen: 811634K->466K(780992K)] 990196K->179124K(1467968K), 0.0154540 secs] [Times: user=0.06 sys=0.00, real=0.01 secs] 
2014-07-16T04:03:55.506+0000: 1784.594: [GC [PSYoungGen: 780897K->288K(751488K)] 959556K->179050K(1438464K), 0.0098160 secs] [Times: user=0.03 sys=0.00, real=0.01 secs] 
2014-07-16T04:03:57.280+0000: 1786.369: [GC [PSYoungGen: 751456K->658K(723968K)] 930218K->179476K(1410944K), 0.0209630 secs] [Times: user=0.07 sys=0.00, real=0.02 secs] 
2014-07-16T04:03:58.928+0000: 1788.016: [GC [PSYoungGen: 723922K->694K(697344K)] 902740K->180258K(1384320K), 0.0071650 secs] [Times: user=0.02 sys=0.00, real=0.01 secs] 
2014-07-16T04:04:00.564+0000: 1789.652: [GC [PSYoungGen: 697334K->612K(671872K)] 876898K->180370K(1358848K), 0.0142020 secs] [Times: user=0.06 sys=0.00, real=0.01 secs] 
2014-07-16T04:04:02.090+0000: 1791.178: [GC [PSYoungGen: 671844K->320K(647360K)] 851602K->180270K(1334336K), 0.0183730 secs] [Times: user=0.05 sys=0.00, real=0.02 secs] 
2014-07-16T04:04:03.533+0000: 1792.622: [GC [PSYoungGen: 647360K->352K(624320K)] 827310K->180374K(1311296K), 0.0073070 secs] [Times: user=0.01 sys=0.00, real=0.01 secs] 
2014-07-16T04:04:04.980+0000: 1794.068: [GC [PSYoungGen: 624288K->338K(602304K)] 804310K->180416K(1289280K), 0.0079350 secs] [Times: user=0.01 sys=0.00, real=0.01 secs] 
2014-07-16T04:04:06.361+0000: 1795.450: [GC [PSYoungGen: 602181K->530K(581440K)] 782260K->180656K(1268416K), 0.0074670 secs] [Times: user=0.02 sys=0.00, real=0.01 secs] 
2014-07-16T04:04:07.661+0000: 1796.749: [GC [PSYoungGen: 581394K->480K(561280K)] 761520K->180694K(1248256K), 0.0121440 secs] [Times: user=0.04 sys=0.00, real=0.01 secs] 
2014-07-16T04:04:08.872+0000: 1797.960: [GC [PSYoungGen: 561246K->320K(673280K)] 741461K->180686K(1360256K), 0.0271610 secs] [Times: user=0.08 sys=0.00, real=0.03 secs] 
2014-07-16T04:04:10.337+0000: 1799.425: [GC [PSYoungGen: 673280K->352K(649024K)] 853646K->180798K(1336000K), 0.0044020 secs] [Times: user=0.01 sys=0.00, real=0.00 secs] 
2014-07-16T04:04:11.756+0000: 1800.845: [GC [PSYoungGen: 648992K->758K(626240K)] 829438K->181284K(1313216K), 0.0083180 secs] [Times: user=0.01 sys=0.00, real=0.00 secs] 
2014-07-16T04:04:13.135+0000: 1802.224: [GC [PSYoungGen: 626230K->818K(604160K)] 806756K->181448K(1291136K), 0.0067160 secs] [Times: user=0.02 sys=0.00, real=0.01 secs] 
2014-07-16T04:04:14.423+0000: 1803.512: [GC [PSYoungGen: 604146K->128K(582336K)] 784776K->180806K(1269312K), 0.0049000 secs] [Times: user=0.01 sys=0.00, real=0.01 secs] 
2014-07-16T04:04:15.690+0000: 1804.778: [GC [PSYoungGen: 582336K->306K(562368K)] 763014K->181032K(1249344K), 0.0122500 secs] [Times: user=0.05 sys=0.00, real=0.01 secs] 
2014-07-16T04:04:16.946+0000: 1806.034: [GC [PSYoungGen: 562354K->448K(543232K)] 743080K->181222K(1230208K), 0.0170870 secs] [Times: user=0.07 sys=0.00, real=0.02 secs] 
2014-07-16T04:04:18.164+0000: 1807.252: [GC [PSYoungGen: 543232K->416K(524864K)] 724006K->181326K(1211840K), 0.0066250 secs] [Times: user=0.01 sys=0.00, real=0.01 secs] 
2014-07-16T04:04:19.308+0000: 1808.397: [GC [PSYoungGen: 524832K->480K(507392K)] 705742K->181518K(1194368K), 0.0049350 secs] [Times: user=0.01 sys=0.00, real=0.00 secs] 
2014-07-16T04:04:20.412+0000: 1809.500: [GC [PSYoungGen: 507360K->452K(490624K)] 688398K->181602K(1177600K), 0.0133860 secs] [Times: user=0.05 sys=0.00, real=0.01 secs] 
2014-07-16T04:04:21.472+0000: 1810.561: [GC [PSYoungGen: 490561K->402K(474560K)] 671712K->181608K(1161536K), 0.0138970 secs] [Times: user=0.05 sys=0.00, real=0.01 secs] 
2014-07-16T04:04:22.519+0000: 1811.607: [GC [PSYoungGen: 474514K->420K(459264K)] 655720K->181666K(1146240K), 0.0054790 secs] [Times: user=0.01 sys=0.00, real=0.00 secs] 
2014-07-16T04:04:23.538+0000: 1812.626: [GC [PSYoungGen: 459236K->352K(444544K)] 640482K->181646K(1131520K), 0.0075900 secs] [Times: user=0.01 sys=0.00, real=0.00 secs] 
2014-07-16T04:04:24.550+0000: 1813.638: [GC [PSYoungGen: 444442K->758K(430912K)] 625737K->182132K(1117888K), 0.0077600 secs] [Times: user=0.01 sys=0.00, real=0.00 secs] 
2014-07-16T04:04:25.507+0000: 1814.595: [GC [PSYoungGen: 430875K->544K(516800K)] 612250K->182006K(1203776K), 0.0222420 secs] [Times: user=0.08 sys=0.00, real=0.03 secs] 
2014-07-16T04:04:26.664+0000: 1815.752: [GC [PSYoungGen: 516768K->288K(619840K)] 698230K->181798K(1306816K), 0.0154730 secs] [Times: user=0.05 sys=0.00, real=0.02 secs] 
2014-07-16T04:04:28.025+0000: 1817.113: [GC [PSYoungGen: 619724K->434K(743872K)] 801235K->182040K(1430848K), 0.0058440 secs] [Times: user=0.01 sys=0.00, real=0.01 secs] 
2014-07-16T04:04:29.688+0000: 1818.776: [GC [PSYoungGen: 743826K->872K(716736K)] 925432K->182630K(1403712K), 0.0145080 secs] [Times: user=0.05 sys=0.01, real=0.01 secs] 
2014-07-16T04:04:31.301+0000: 1820.389: [GC [PSYoungGen: 716712K->534K(690112K)] 898470K->182428K(1377088K), 0.0057490 secs] [Times: user=0.02 sys=0.00, real=0.00 secs] 
2014-07-16T04:04:32.793+0000: 1821.881: [GC [PSYoungGen: 690070K->420K(664896K)] 871964K->182442K(1351872K), 0.0113420 secs] [Times: user=0.05 sys=0.00, real=0.01 secs] 
2014-07-16T04:04:34.229+0000: 1823.317: [GC [PSYoungGen: 664855K->256K(640768K)] 846878K->182318K(1327744K), 0.0047640 secs] [Times: user=0.01 sys=0.00, real=0.01 secs] 
2014-07-16T04:04:35.627+0000: 1824.715: [GC [PSYoungGen: 640768K->434K(618176K)] 822830K->182544K(1305152K), 0.0049170 secs] [Times: user=0.01 sys=0.00, real=0.01 secs] 
2014-07-16T04:04:37.028+0000: 1826.116: [GC [PSYoungGen: 618105K->552K(596544K)] 800216K->182694K(1283520K), 0.0055630 secs] [Times: user=0.02 sys=0.00, real=0.01 secs] 
2014-07-16T04:04:38.301+0000: 1827.389: [GC [PSYoungGen: 596520K->626K(575808K)] 778662K->182904K(1262784K), 0.0062860 secs] [Times: user=0.01 sys=0.00, real=0.00 secs] 
2014-07-16T04:04:39.625+0000: 1828.713: [GC [PSYoungGen: 575794K->722K(556096K)] 758072K->183144K(1243072K), 0.0061760 secs] [Times: user=0.01 sys=0.00, real=0.01 secs] 
2014-07-16T04:04:40.745+0000: 1829.834: [GC [PSYoungGen: 556050K->530K(536960K)] 738472K->183096K(1223936K), 0.0088730 secs] [Times: user=0.01 sys=0.01, real=0.01 secs] 
2014-07-16T04:04:41.904+0000: 1830.992: [GC [PSYoungGen: 536914K->648K(518976K)] 719480K->183286K(1205952K), 0.0095110 secs] [Times: user=0.03 sys=0.00, real=0.01 secs] 
2014-07-16T04:04:42.997+0000: 1832.085: [GC [PSYoungGen: 518912K->370K(501376K)] 701551K->183096K(1188352K), 0.0047880 secs] [Times: user=0.01 sys=0.00, real=0.01 secs] 
2014-07-16T04:04:44.015+0000: 1833.103: [GC [PSYoungGen: 501362K->512K(484992K)] 684088K->183294K(1171968K), 0.0123760 secs] [Times: user=0.04 sys=0.01, real=0.01 secs] 
2014-07-16T04:04:45.002+0000: 1834.090: [GC [PSYoungGen: 484992K->384K(581760K)] 667774K->183230K(1268736K), 0.0363970 secs] [Times: user=0.13 sys=0.00, real=0.03 secs] 
2014-07-16T04:04:46.342+0000: 1835.430: [GC [PSYoungGen: 581760K->754K(698432K)] 764606K->183632K(1385408K), 0.0270050 secs] [Times: user=0.10 sys=0.00, real=0.02 secs] 
2014-07-16T04:04:47.786+0000: 1836.874: [GC [PSYoungGen: 698418K->694K(837952K)] 881296K->183708K(1524928K), 0.0171980 secs] [Times: user=0.06 sys=0.00, real=0.02 secs] 
2014-07-16T04:04:49.592+0000: 1838.681: [GC [PSYoungGen: 837942K->384K(1005120K)] 1020956K->183574K(1692096K), 0.0057430 secs] [Times: user=0.02 sys=0.00, real=0.00 secs] 
2014-07-16T04:04:51.769+0000: 1840.857: [GC [PSYoungGen: 1005100K->776K(1206528K)] 1188291K->184134K(1893504K), 0.0091860 secs] [Times: user=0.03 sys=0.00, real=0.01 secs] 
2014-07-16T04:04:54.235+0000: 1843.323: [GC [PSYoungGen: 1206472K->562K(1447424K)] 1389830K->184080K(2134400K), 0.0298660 secs] [Times: user=0.11 sys=0.00, real=0.03 secs] 
2014-07-16T04:04:57.265+0000: 1846.354: [GC [PSYoungGen: 1447410K->680K(1386176K)] 1630928K->184486K(2073152K), 0.0138940 secs] [Times: user=0.04 sys=0.00, real=0.01 secs] 
2014-07-16T04:05:00.158+0000: 1849.246: [GC [PSYoungGen: 1386152K->918K(1328064K)] 1569958K->184956K(2015040K), 0.0059830 secs] [Times: user=0.02 sys=0.00, real=0.01 secs] 
2014-07-16T04:05:02.918+0000: 1852.006: [GC [PSYoungGen: 1328022K->576K(1272128K)] 1512060K->185070K(1959104K), 0.0068890 secs] [Times: user=0.02 sys=0.01, real=0.01 secs] 
2014-07-16T04:05:05.424+0000: 1854.513: [GC [PSYoungGen: 1272086K->598K(1219392K)] 1456581K->185252K(1906368K), 0.0109850 secs] [Times: user=0.04 sys=0.00, real=0.01 secs] 
2014-07-16T04:05:08.037+0000: 1857.125: [GC [PSYoungGen: 1219350K->836K(1169408K)] 1404004K->185586K(1856384K), 0.0058420 secs] [Times: user=0.02 sys=0.00, real=0.00 secs] 
2014-07-16T04:05:10.564+0000: 1859.653: [GC [PSYoungGen: 1169266K->786K(1121536K)] 1354017K->185808K(1808512K), 0.0152390 secs] [Times: user=0.05 sys=0.00, real=0.02 secs] 
2014-07-16T04:05:12.901+0000: 1861.989: [GC [PSYoungGen: 1121443K->648K(1075904K)] 1306466K->185894K(1762880K), 0.0255380 secs] [Times: user=0.10 sys=0.00, real=0.03 secs] 
2014-07-16T04:05:15.164+0000: 1864.252: [GC [PSYoungGen: 1075848K->480K(1032384K)] 1261094K->185846K(1719360K), 0.0135420 secs] [Times: user=0.05 sys=0.00, real=0.02 secs] 
2014-07-16T04:05:17.318+0000: 1866.406: [GC [PSYoungGen: 1032352K->576K(991168K)] 1217718K->186022K(1678144K), 0.0216310 secs] [Times: user=0.08 sys=0.00, real=0.02 secs] 
2014-07-16T04:05:19.339+0000: 1868.427: [GC [PSYoungGen: 991168K->626K(951936K)] 1176614K->186264K(1638912K), 0.0119080 secs] [Times: user=0.05 sys=0.00, real=0.01 secs] 
2014-07-16T04:05:21.343+0000: 1870.432: [GC [PSYoungGen: 951878K->726K(914688K)] 1137517K->186556K(1601664K), 0.0137210 secs] [Times: user=0.04 sys=0.00, real=0.02 secs] 
2014-07-16T04:05:23.307+0000: 1872.395: [GC [PSYoungGen: 914646K->616K(878976K)] 1100476K->186590K(1565952K), 0.0067490 secs] [Times: user=0.02 sys=0.00, real=0.01 secs] 
2014-07-16T04:05:25.078+0000: 1874.166: [GC [PSYoungGen: 878952K->658K(845120K)] 1064926K->186752K(1532096K), 0.0145450 secs] [Times: user=0.05 sys=0.00, real=0.01 secs] 
2014-07-16T04:05:26.812+0000: 1875.900: [GC [PSYoungGen: 845073K->640K(812736K)] 1031168K->186790K(1499712K), 0.0221590 secs] [Times: user=0.09 sys=0.00, real=0.02 secs] 
2014-07-16T04:05:28.596+0000: 1877.684: [GC [PSYoungGen: 812736K->608K(781952K)] 998886K->186902K(1468928K), 0.0117710 secs] [Times: user=0.04 sys=0.00, real=0.02 secs] 
2014-07-16T04:05:30.266+0000: 1879.354: [GC [PSYoungGen: 781920K->740K(938368K)] 968214K->187258K(1625344K), 0.0293460 secs] [Times: user=0.10 sys=0.00, real=0.03 secs] 
2014-07-16T04:05:32.352+0000: 1881.441: [GC [PSYoungGen: 938340K->512K(901376K)] 1124858K->187158K(1588352K), 0.0062250 secs] [Times: user=0.02 sys=0.00, real=0.01 secs] 
2014-07-16T04:05:34.145+0000: 1883.233: [GC [PSYoungGen: 901319K->548K(866432K)] 1087966K->187354K(1553408K), 0.0226620 secs] [Times: user=0.08 sys=0.00, real=0.02 secs] 
2014-07-16T04:05:35.925+0000: 1885.013: [GC [PSYoungGen: 866363K->502K(833024K)] 1053170K->187356K(1520000K), 0.0064480 secs] [Times: user=0.01 sys=0.00, real=0.01 secs] 
2014-07-16T04:05:37.748+0000: 1886.836: [GC [PSYoungGen: 833014K->790K(801600K)] 1019868K->187692K(1488576K), 0.0091460 secs] [Times: user=0.02 sys=0.00, real=0.01 secs] 
2014-07-16T04:05:39.356+0000: 1888.444: [GC [PSYoungGen: 801556K->498K(771008K)] 988459K->187624K(1457984K), 0.0063360 secs] [Times: user=0.02 sys=0.00, real=0.01 secs] 
2014-07-16T04:05:40.932+0000: 1890.020: [GC [PSYoungGen: 770946K->790K(925440K)] 958073K->188076K(1612416K), 0.0459110 secs] [Times: user=0.17 sys=0.00, real=0.04 secs] 
2014-07-16T04:05:43.043+0000: 1892.131: [GC [PSYoungGen: 925365K->612K(1110208K)] 1112652K->188018K(1797184K), 0.0105090 secs] [Times: user=0.04 sys=0.00, real=0.01 secs] 
2014-07-16T04:05:45.318+0000: 1894.406: [GC [PSYoungGen: 1110180K->594K(1065216K)] 1297586K->188168K(1752192K), 0.0071590 secs] [Times: user=0.02 sys=0.00, real=0.01 secs] 
2014-07-16T04:05:47.598+0000: 1896.686: [GC [PSYoungGen: 1065170K->790K(1022592K)] 1252744K->188436K(1709568K), 0.0198300 secs] [Times: user=0.07 sys=0.00, real=0.02 secs] 
2014-07-16T04:05:49.777+0000: 1898.865: [GC [PSYoungGen: 1022540K->818K(981824K)] 1210187K->188728K(1668800K), 0.0088910 secs] [Times: user=0.01 sys=0.00, real=0.01 secs] 
2014-07-16T04:05:51.856+0000: 1900.945: [GC [PSYoungGen: 981790K->438K(942656K)] 1169701K->188756K(1629632K), 0.0148310 secs] [Times: user=0.05 sys=0.00, real=0.02 secs] 
2014-07-16T04:05:53.821+0000: 1902.909: [GC [PSYoungGen: 942646K->762K(906048K)] 1130964K->189224K(1593024K), 0.0045340 secs] [Times: user=0.02 sys=0.00, real=0.01 secs] 
2014-07-16T04:05:55.707+0000: 1904.795: [GC [PSYoungGen: 906009K->762K(870848K)] 1094472K->189368K(1557824K), 0.0360820 secs] [Times: user=0.13 sys=0.00, real=0.04 secs] 
2014-07-16T04:05:57.623+0000: 1906.711: [GC [PSYoungGen: 870779K->986K(837568K)] 1059386K->189672K(1524544K), 0.0084730 secs] [Times: user=0.02 sys=0.00, real=0.00 secs] 
2014-07-16T04:05:59.271+0000: 1908.359: [GC [PSYoungGen: 837467K->306K(804928K)] 1026154K->189540K(1491904K), 0.0135290 secs] [Times: user=0.04 sys=0.00, real=0.02 secs] 
2014-07-16T04:06:00.946+0000: 1910.034: [GC [PSYoungGen: 804914K->640K(774784K)] 994148K->190010K(1461760K), 0.0061940 secs] [Times: user=0.02 sys=0.01, real=0.01 secs] 
2014-07-16T04:06:02.679+0000: 1911.768: [GC [PSYoungGen: 774777K->768K(745920K)] 964148K->190290K(1432896K), 0.0090720 secs] [Times: user=0.02 sys=0.01, real=0.01 secs] 
2014-07-16T04:06:04.186+0000: 1913.274: [GC [PSYoungGen: 745920K->786K(718336K)] 935442K->190436K(1405312K), 0.0060400 secs] [Times: user=0.02 sys=0.00, real=0.00 secs] 
2014-07-16T04:06:05.588+0000: 1914.676: [GC [PSYoungGen: 718290K->512K(691648K)] 907940K->190250K(1378624K), 0.0081960 secs] [Times: user=0.02 sys=0.00, real=0.01 secs] 
2014-07-16T04:06:07.074+0000: 1916.163: [GC [PSYoungGen: 691648K->996K(667008K)] 881386K->190782K(1353984K), 0.0046690 secs] [Times: user=0.01 sys=0.00, real=0.00 secs] 
2014-07-16T04:06:08.535+0000: 1917.624: [GC [PSYoungGen: 666980K->690K(642688K)] 856766K->190628K(1329664K), 0.0120280 secs] [Times: user=0.05 sys=0.00, real=0.01 secs] 
2014-07-16T04:06:09.837+0000: 1918.926: [GC [PSYoungGen: 642674K->630K(619776K)] 832612K->190736K(1306752K), 0.0061140 secs] [Times: user=0.01 sys=0.00, real=0.00 secs] 
2014-07-16T04:06:11.132+0000: 1920.220: [GC [PSYoungGen: 619766K->512K(597824K)] 809872K->190714K(1284800K), 0.0049790 secs] [Times: user=0.01 sys=0.00, real=0.01 secs] 
2014-07-16T04:06:12.399+0000: 1921.487: [GC [PSYoungGen: 597822K->896K(577408K)] 788025K->191178K(1264384K), 0.0224430 secs] [Times: user=0.08 sys=0.00, real=0.02 secs] 
2014-07-16T04:06:13.724+0000: 1922.812: [GC [PSYoungGen: 577408K->676K(692544K)] 767690K->191030K(1379520K), 0.0216000 secs] [Times: user=0.08 sys=0.00, real=0.03 secs] 
2014-07-16T04:06:15.182+0000: 1924.270: [GC [PSYoungGen: 692516K->634K(830848K)] 882870K->191093K(1517824K), 0.0216290 secs] [Times: user=0.07 sys=0.01, real=0.02 secs] 
2014-07-16T04:06:16.886+0000: 1925.974: [GC [PSYoungGen: 830842K->498K(996800K)] 1021301K->191020K(1683776K), 0.0200070 secs] [Times: user=0.07 sys=0.01, real=0.02 secs] 
2014-07-16T04:06:19.061+0000: 1928.149: [GC [PSYoungGen: 996786K->704K(1196288K)] 1187308K->191354K(1883264K), 0.0161630 secs] [Times: user=0.05 sys=0.00, real=0.02 secs] 
2014-07-16T04:06:21.530+0000: 1930.619: [GC [PSYoungGen: 1196288K->512K(1146944K)] 1386938K->191410K(1833920K), 0.0189730 secs] [Times: user=0.07 sys=0.00, real=0.02 secs] 
2014-07-16T04:06:24.133+0000: 1933.221: [GC [PSYoungGen: 1146944K->708K(1100416K)] 1337842K->191750K(1787392K), 0.0119360 secs] [Times: user=0.04 sys=0.00, real=0.01 secs] 
2014-07-16T04:06:26.371+0000: 1935.459: [GC [PSYoungGen: 1100356K->612K(1055808K)] 1291398K->191830K(1742784K), 0.0047950 secs] [Times: user=0.01 sys=0.01, real=0.01 secs] 
2014-07-16T04:06:28.539+0000: 1937.628: [GC [PSYoungGen: 1055780K->658K(1013504K)] 1246998K->191964K(1700480K), 0.0050880 secs] [Times: user=0.02 sys=0.00, real=0.00 secs] 
2014-07-16T04:06:30.630+0000: 1939.718: [GC [PSYoungGen: 1013458K->768K(973248K)] 1204764K->192314K(1660224K), 0.0196060 secs] [Times: user=0.07 sys=0.00, real=0.02 secs] 
2014-07-16T04:06:32.823+0000: 1941.911: [GC [PSYoungGen: 973248K->640K(934720K)] 1164794K->192314K(1621696K), 0.0234200 secs] [Times: user=0.09 sys=0.00, real=0.02 secs] 
2014-07-16T04:06:34.879+0000: 1943.967: [GC [PSYoungGen: 934720K->562K(898112K)] 1126394K->192420K(1585088K), 0.0128530 secs] [Times: user=0.04 sys=0.00, real=0.01 secs] 
2014-07-16T04:06:36.677+0000: 1945.765: [GC [PSYoungGen: 898098K->580K(863360K)] 1089956K->192526K(1550336K), 0.0051280 secs] [Times: user=0.02 sys=0.00, real=0.01 secs] 
2014-07-16T04:06:38.530+0000: 1947.618: [GC [PSYoungGen: 863300K->658K(830272K)] 1055246K->192708K(1517248K), 0.0100150 secs] [Times: user=0.02 sys=0.00, real=0.01 secs] 
2014-07-16T04:06:40.205+0000: 1949.293: [GC [PSYoungGen: 830226K->630K(798592K)] 1022276K->192912K(1485568K), 0.0142080 secs] [Times: user=0.05 sys=0.00, real=0.02 secs] 
2014-07-16T04:06:41.814+0000: 1950.903: [GC [PSYoungGen: 798562K->616K(768448K)] 990845K->193083K(1455424K), 0.0141670 secs] [Times: user=0.05 sys=0.00, real=0.01 secs] 
2014-07-16T04:06:43.575+0000: 1952.663: [GC [PSYoungGen: 768424K->794K(739904K)] 960891K->193357K(1426880K), 0.0088500 secs] [Times: user=0.03 sys=0.00, real=0.01 secs] 
2014-07-16T04:06:45.081+0000: 1954.170: [GC [PSYoungGen: 739858K->484K(712192K)] 932421K->193198K(1399168K), 0.0076840 secs] [Times: user=0.02 sys=0.01, real=0.01 secs] 
2014-07-16T04:06:46.518+0000: 1955.606: [GC [PSYoungGen: 712107K->694K(686272K)] 904822K->193472K(1373248K), 0.0200550 secs] [Times: user=0.07 sys=0.00, real=0.02 secs] 
2014-07-16T04:06:47.883+0000: 1956.971: [GC [PSYoungGen: 686262K->562K(661248K)] 879040K->193420K(1348224K), 0.0148530 secs] [Times: user=0.06 sys=0.01, real=0.01 secs] 
2014-07-16T04:06:49.296+0000: 1958.385: [GC [PSYoungGen: 661234K->452K(637440K)] 854092K->193454K(1324416K), 0.0058890 secs] [Times: user=0.01 sys=0.00, real=0.01 secs] 
2014-07-16T04:06:50.548+0000: 1959.637: [GC [PSYoungGen: 637380K->516K(614848K)] 830382K->193678K(1301824K), 0.0064190 secs] [Times: user=0.02 sys=0.00, real=0.01 secs] 
2014-07-16T04:06:51.801+0000: 1960.889: [GC [PSYoungGen: 614785K->548K(593216K)] 807948K->193766K(1280192K), 0.0086600 secs] [Times: user=0.01 sys=0.00, real=0.00 secs] 
2014-07-16T04:06:53.067+0000: 1962.155: [GC [PSYoungGen: 593188K->690K(572736K)] 786406K->193980K(1259712K), 0.0087120 secs] [Times: user=0.02 sys=0.01, real=0.01 secs] 
2014-07-16T04:06:54.405+0000: 1963.493: [GC [PSYoungGen: 572722K->740K(553088K)] 766012K->194126K(1240064K), 0.0128830 secs] [Times: user=0.05 sys=0.00, real=0.01 secs] 
2014-07-16T04:06:55.511+0000: 1964.599: [GC [PSYoungGen: 553060K->374K(533888K)] 746446K->194065K(1220864K), 0.0090520 secs] [Times: user=0.04 sys=0.00, real=0.01 secs] 
2014-07-16T04:06:56.599+0000: 1965.687: [GC [PSYoungGen: 533878K->626K(640896K)] 727569K->194364K(1327872K), 0.0203210 secs] [Times: user=0.08 sys=0.00, real=0.02 secs] 
2014-07-16T04:06:57.917+0000: 1967.005: [GC [PSYoungGen: 640882K->544K(618048K)] 834620K->194394K(1305024K), 0.0108960 secs] [Times: user=0.04 sys=0.00, real=0.01 secs] 
2014-07-16T04:06:59.261+0000: 1968.349: [GC [PSYoungGen: 618016K->722K(596480K)] 811866K->194733K(1283456K), 0.0110700 secs] [Times: user=0.02 sys=0.01, real=0.02 secs] 
2014-07-16T04:07:00.427+0000: 1969.515: [GC [PSYoungGen: 596434K->384K(715264K)] 790445K->194554K(1402240K), 0.0255360 secs] [Times: user=0.09 sys=0.00, real=0.03 secs] 
2014-07-16T04:07:01.903+0000: 1970.991: [GC [PSYoungGen: 715264K->662K(858560K)] 909434K->194905K(1545536K), 0.0046100 secs] [Times: user=0.02 sys=0.00, real=0.00 secs] 
2014-07-16T04:07:03.702+0000: 1972.791: [GC [PSYoungGen: 858518K->896K(825792K)] 1052761K->195226K(1512768K), 0.0060590 secs] [Times: user=0.02 sys=0.00, real=0.00 secs] 
2014-07-16T04:07:05.485+0000: 1974.574: [GC [PSYoungGen: 825792K->854K(990784K)] 1020122K->195289K(1677760K), 0.0274780 secs] [Times: user=0.10 sys=0.00, real=0.03 secs] 
2014-07-16T04:07:07.581+0000: 1976.669: [GC [PSYoungGen: 990742K->320K(950976K)] 1185177K->195229K(1637952K), 0.0082530 secs] [Times: user=0.02 sys=0.00, real=0.01 secs] 
2014-07-16T04:07:09.592+0000: 1978.680: [GC [PSYoungGen: 950976K->996K(914304K)] 1145885K->196129K(1601280K), 0.0071660 secs] [Times: user=0.02 sys=0.00, real=0.01 secs] 
2014-07-16T04:07:11.555+0000: 1980.643: [GC [PSYoungGen: 914242K->512K(878208K)] 1109375K->195901K(1565184K), 0.0182260 secs] [Times: user=0.06 sys=0.00, real=0.01 secs] 
2014-07-16T04:07:13.386+0000: 1982.475: [GC [PSYoungGen: 878208K->626K(1053888K)] 1073597K->196167K(1740864K), 0.0336560 secs] [Times: user=0.12 sys=0.00, real=0.03 secs] 
2014-07-16T04:07:15.802+0000: 1984.890: [GC [PSYoungGen: 1053774K->958K(1011904K)] 1249315K->196587K(1698880K), 0.0061540 secs] [Times: user=0.02 sys=0.00, real=0.01 secs] 
2014-07-16T04:07:17.860+0000: 1986.949: [GC [PSYoungGen: 1011902K->808K(971520K)] 1207531K->196589K(1658496K), 0.0231380 secs] [Times: user=0.09 sys=0.00, real=0.02 secs] 
2014-07-16T04:07:20.006+0000: 1989.095: [GC [PSYoungGen: 971496K->680K(933056K)] 1167277K->196869K(1620032K), 0.0049400 secs] [Times: user=0.02 sys=0.01, real=0.00 secs] 
2014-07-16T04:07:21.872+0000: 1990.960: [GC [PSYoungGen: 933032K->480K(896384K)] 1129221K->196885K(1583360K), 0.0185120 secs] [Times: user=0.07 sys=0.00, real=0.02 secs] 
2014-07-16T04:07:23.776+0000: 1992.864: [GC [PSYoungGen: 896352K->612K(861760K)] 1092757K->197153K(1548736K), 0.0179020 secs] [Times: user=0.06 sys=0.00, real=0.01 secs] 
2014-07-16T04:07:25.793+0000: 1994.881: [GC [PSYoungGen: 861732K->608K(828672K)] 1058273K->197253K(1515648K), 0.0121270 secs] [Times: user=0.03 sys=0.00, real=0.02 secs] 
2014-07-16T04:07:27.457+0000: 1996.545: [GC [PSYoungGen: 828640K->690K(797184K)] 1025285K->197471K(1484160K), 0.0251820 secs] [Times: user=0.09 sys=0.00, real=0.02 secs] 
2014-07-16T04:07:29.198+0000: 1998.286: [GC [PSYoungGen: 797167K->1142K(767552K)] 993948K->198083K(1454528K), 0.0138950 secs] [Times: user=0.05 sys=0.00, real=0.01 secs] 
2014-07-16T04:07:30.768+0000: 1999.856: [GC [PSYoungGen: 767453K->616K(738368K)] 964394K->197797K(1425344K), 0.0112610 secs] [Times: user=0.02 sys=0.00, real=0.01 secs] 
2014-07-16T04:07:32.278+0000: 2001.366: [GC [PSYoungGen: 738344K->594K(711040K)] 935525K->197887K(1398016K), 0.0109680 secs] [Times: user=0.04 sys=0.00, real=0.01 secs] 
2014-07-16T04:07:33.682+0000: 2002.770: [GC [PSYoungGen: 710994K->480K(684864K)] 908287K->197853K(1371840K), 0.0115700 secs] [Times: user=0.04 sys=0.00, real=0.01 secs] 
2014-07-16T04:07:35.313+0000: 2004.401: [GC [PSYoungGen: 684832K->726K(660288K)] 882205K->198171K(1347264K), 0.0119180 secs] [Times: user=0.03 sys=0.00, real=0.01 secs] 
2014-07-16T04:07:36.640+0000: 2005.728: [GC [PSYoungGen: 660246K->672K(636544K)] 857691K->198253K(1323520K), 0.0095590 secs] [Times: user=0.02 sys=0.00, real=0.01 secs] 
2014-07-16T04:07:37.941+0000: 2007.029: [GC [PSYoungGen: 636512K->612K(613888K)] 834093K->198265K(1300864K), 0.0095260 secs] [Times: user=0.03 sys=0.00, real=0.01 secs] 
2014-07-16T04:07:39.292+0000: 2008.380: [GC [PSYoungGen: 613860K->1010K(736960K)] 811513K->198847K(1423936K), 0.0307440 secs] [Times: user=0.11 sys=0.00, real=0.03 secs] 
2014-07-16T04:07:40.772+0000: 2009.861: [GC [PSYoungGen: 736909K->708K(883904K)] 934746K->198689K(1570880K), 0.0134460 secs] [Times: user=0.04 sys=0.00, real=0.01 secs] 
2014-07-16T04:07:42.551+0000: 2011.639: [GC [PSYoungGen: 883844K->694K(849664K)] 1081825K->198763K(1536640K), 0.0042510 secs] [Times: user=0.02 sys=0.00, real=0.00 secs] 
2014-07-16T04:07:44.342+0000: 2013.430: [GC [PSYoungGen: 849650K->1106K(817600K)] 1047719K->199255K(1504576K), 0.0235850 secs] [Times: user=0.09 sys=0.00, real=0.02 secs] 
2014-07-16T04:07:46.134+0000: 2015.222: [GC [PSYoungGen: 817554K->626K(786112K)] 1015703K->198911K(1473088K), 0.0194180 secs] [Times: user=0.07 sys=0.00, real=0.02 secs] 
2014-07-16T04:07:47.717+0000: 2016.805: [GC [PSYoungGen: 786098K->1010K(943616K)] 984383K->199439K(1630592K), 0.0307780 secs] [Times: user=0.10 sys=0.00, real=0.03 secs] 
2014-07-16T04:07:49.766+0000: 2018.854: [GC [PSYoungGen: 943602K->922K(1132096K)] 1142031K->199535K(1819072K), 0.0328320 secs] [Times: user=0.12 sys=0.00, real=0.04 secs] 
2014-07-16T04:07:52.050+0000: 2021.138: [GC [PSYoungGen: 1132058K->480K(1357888K)] 1330671K->199309K(2044864K), 0.0275210 secs] [Times: user=0.10 sys=0.00, real=0.02 secs] 
2014-07-16T04:07:54.967+0000: 2024.056: [GC [PSYoungGen: 1357856K->658K(1574464K)] 1556685K->199607K(2261440K), 0.0269980 secs] [Times: user=0.10 sys=0.00, real=0.03 secs] 
2014-07-16T04:07:58.267+0000: 2027.356: [GC [PSYoungGen: 1573970K->900K(1506688K)] 1772919K->200009K(2193664K), 0.0071260 secs] [Times: user=0.02 sys=0.00, real=0.01 secs] 
2014-07-16T04:08:01.396+0000: 2030.484: [GC [PSYoungGen: 1506628K->384K(1441856K)] 1705737K->200055K(2128832K), 0.0225080 secs] [Times: user=0.08 sys=0.00, real=0.02 secs] 
2014-07-16T04:08:04.355+0000: 2033.443: [GC [PSYoungGen: 1441856K->530K(1380928K)] 1641527K->200401K(2067904K), 0.0207870 secs] [Times: user=0.08 sys=0.00, real=0.02 secs] 
2014-07-16T04:08:07.375+0000: 2036.463: [GC [PSYoungGen: 1380882K->544K(1322816K)] 1580753K->200567K(2009792K), 0.0055960 secs] [Times: user=0.02 sys=0.00, real=0.00 secs] 
2014-07-16T04:08:10.247+0000: 2039.336: [GC [PSYoungGen: 1322748K->772K(1267776K)] 1522771K->201051K(1954752K), 0.0219260 secs] [Times: user=0.08 sys=0.00, real=0.02 secs] 
2014-07-16T04:08:12.829+0000: 2041.917: [GC [PSYoungGen: 1267716K->576K(1214912K)] 1467995K->201127K(1901888K), 0.0090820 secs] [Times: user=0.02 sys=0.00, real=0.01 secs] 
2014-07-16T04:08:15.422+0000: 2044.511: [GC [PSYoungGen: 1214886K->804K(1165120K)] 1415437K->201467K(1852096K), 0.0042810 secs] [Times: user=0.02 sys=0.00, real=0.01 secs] 
2014-07-16T04:08:17.858+0000: 2046.946: [GC [PSYoungGen: 1165092K->740K(1117440K)] 1365755K->201547K(1804416K), 0.0188850 secs] [Times: user=0.07 sys=0.00, real=0.02 secs] 
2014-07-16T04:08:20.220+0000: 2049.308: [GC [PSYoungGen: 1117412K->1032K(1072448K)] 1318219K->202095K(1759424K), 0.0296850 secs] [Times: user=0.10 sys=0.00, real=0.03 secs] 
2014-07-16T04:08:22.427+0000: 2051.515: [GC [PSYoungGen: 1072374K->484K(1028736K)] 1273437K->201859K(1715712K), 0.0223340 secs] [Times: user=0.08 sys=0.00, real=0.02 secs] 
2014-07-16T04:08:24.499+0000: 2053.587: [GC [PSYoungGen: 1028708K->498K(987648K)] 1230083K->202017K(1674624K), 0.0057420 secs] [Times: user=0.02 sys=0.00, real=0.01 secs] 
2014-07-16T04:08:26.666+0000: 2055.755: [GC [PSYoungGen: 987634K->740K(948800K)] 1189153K->202371K(1635776K), 0.0045600 secs] [Times: user=0.02 sys=0.00, real=0.00 secs] 
2014-07-16T04:08:28.722+0000: 2057.810: [GC [PSYoungGen: 948760K->776K(911616K)] 1150391K->202575K(1598592K), 0.0127130 secs] [Times: user=0.04 sys=0.00, real=0.01 secs] 
2014-07-16T04:08:30.677+0000: 2059.766: [GC [PSYoungGen: 911560K->722K(876096K)] 1113359K->202745K(1563072K), 0.0122170 secs] [Times: user=0.05 sys=0.00, real=0.01 secs] 
2014-07-16T04:08:32.505+0000: 2061.593: [GC [PSYoungGen: 876050K->658K(842240K)] 1078073K->202809K(1529216K), 0.0065490 secs] [Times: user=0.02 sys=0.00, real=0.01 secs] 
2014-07-16T04:08:34.201+0000: 2063.289: [GC [PSYoungGen: 842194K->512K(809856K)] 1044345K->202767K(1496832K), 0.0209940 secs] [Times: user=0.07 sys=0.00, real=0.02 secs] 
2014-07-16T04:08:35.977+0000: 2065.066: [GC [PSYoungGen: 809856K->598K(779328K)] 1012111K->202909K(1466304K), 0.0058050 secs] [Times: user=0.01 sys=0.00, real=0.00 secs] 
2014-07-16T04:08:37.498+0000: 2066.586: [GC [PSYoungGen: 779286K->544K(750016K)] 981597K->202975K(1436992K), 0.0080280 secs] [Times: user=0.02 sys=0.00, real=0.01 secs] 
2014-07-16T04:08:39.072+0000: 2068.160: [GC [PSYoungGen: 749984K->1004K(722624K)] 952415K->203587K(1409600K), 0.0070330 secs] [Times: user=0.02 sys=0.00, real=0.01 secs] 
2014-07-16T04:08:40.561+0000: 2069.650: [GC [PSYoungGen: 722570K->498K(695552K)] 925154K->203249K(1382528K), 0.0037490 secs] [Times: user=0.01 sys=0.00, real=0.00 secs] 
2014-07-16T04:08:41.958+0000: 2071.046: [GC [PSYoungGen: 695538K->416K(670144K)] 898289K->203271K(1357120K), 0.0172470 secs] [Times: user=0.06 sys=0.00, real=0.01 secs] 
2014-07-16T04:08:43.307+0000: 2072.395: [GC [PSYoungGen: 670112K->498K(646080K)] 872967K->203417K(1333056K), 0.0063080 secs] [Times: user=0.01 sys=0.01, real=0.01 secs] 
2014-07-16T04:08:44.598+0000: 2073.686: [GC [PSYoungGen: 646066K->516K(623104K)] 848985K->203491K(1310080K), 0.0057120 secs] [Times: user=0.01 sys=0.01, real=0.00 secs] 
2014-07-16T04:08:45.911+0000: 2074.999: [GC [PSYoungGen: 623044K->498K(601088K)] 826019K->203521K(1288064K), 0.0207230 secs] [Times: user=0.08 sys=0.00, real=0.02 secs] 
2014-07-16T04:08:47.150+0000: 2076.238: [GC [PSYoungGen: 601074K->448K(580032K)] 804097K->203543K(1267008K), 0.0049660 secs] [Times: user=0.01 sys=0.00, real=0.00 secs] 
2014-07-16T04:08:48.353+0000: 2077.442: [GC [PSYoungGen: 580003K->576K(696128K)] 783098K->203815K(1383104K), 0.0296830 secs] [Times: user=0.11 sys=0.00, real=0.03 secs] 
2014-07-16T04:08:49.808+0000: 2078.896: [GC [PSYoungGen: 696128K->1014K(671232K)] 899367K->204405K(1358208K), 0.0087370 secs] [Times: user=0.02 sys=0.00, real=0.00 secs] 
2014-07-16T04:08:51.321+0000: 2080.410: [GC [PSYoungGen: 671222K->498K(646528K)] 874613K->204129K(1333504K), 0.0054190 secs] [Times: user=0.02 sys=0.00, real=0.00 secs] 
2014-07-16T04:08:52.731+0000: 2081.820: [GC [PSYoungGen: 646514K->886K(623872K)] 850145K->204685K(1310848K), 0.0091350 secs] [Times: user=0.01 sys=0.00, real=0.01 secs] 
2014-07-16T04:08:54.094+0000: 2083.182: [GC [PSYoungGen: 623862K->662K(601664K)] 827661K->204565K(1288640K), 0.0067670 secs] [Times: user=0.02 sys=0.00, real=0.01 secs] 
2014-07-16T04:08:55.416+0000: 2084.504: [GC [PSYoungGen: 601622K->480K(580480K)] 805525K->204447K(1267456K), 0.0197790 secs] [Times: user=0.07 sys=0.00, real=0.02 secs] 
2014-07-16T04:08:56.647+0000: 2085.735: [GC [PSYoungGen: 580448K->466K(560448K)] 784415K->204505K(1247424K), 0.0122120 secs] [Times: user=0.03 sys=0.01, real=0.01 secs] 
2014-07-16T04:08:57.885+0000: 2086.973: [GC [PSYoungGen: 560402K->754K(541568K)] 764441K->204889K(1228544K), 0.0112220 secs] [Times: user=0.04 sys=0.00, real=0.01 secs] 
2014-07-16T04:08:59.045+0000: 2088.133: [GC [PSYoungGen: 541554K->562K(649536K)] 745689K->204849K(1336512K), 0.0149330 secs] [Times: user=0.04 sys=0.01, real=0.02 secs] 
2014-07-16T04:09:00.417+0000: 2089.505: [GC [PSYoungGen: 649522K->548K(626368K)] 853809K->204931K(1313344K), 0.0063260 secs] [Times: user=0.02 sys=0.00, real=0.01 secs] 
2014-07-16T04:09:01.703+0000: 2090.791: [GC [PSYoungGen: 626340K->420K(604096K)] 830723K->204907K(1291072K), 0.0065340 secs] [Times: user=0.01 sys=0.00, real=0.00 secs] 
2014-07-16T04:09:02.930+0000: 2092.018: [GC [PSYoungGen: 604068K->480K(583040K)] 808555K->205047K(1270016K), 0.0134250 secs] [Times: user=0.05 sys=0.01, real=0.02 secs] 
2014-07-16T04:09:04.126+0000: 2093.214: [GC [PSYoungGen: 583008K->662K(563072K)] 787575K->205285K(1250048K), 0.0094660 secs] [Times: user=0.03 sys=0.00, real=0.01 secs] 
2014-07-16T04:09:05.337+0000: 2094.425: [GC [PSYoungGen: 563030K->1010K(675904K)] 767653K->205841K(1362880K), 0.0303920 secs] [Times: user=0.07 sys=0.00, real=0.03 secs] 
2014-07-16T04:09:06.741+0000: 2095.829: [GC [PSYoungGen: 675890K->370K(810240K)] 880721K->205603K(1497216K), 0.0167650 secs] [Times: user=0.07 sys=0.00, real=0.01 secs] 
2014-07-16T04:09:08.358+0000: 2097.446: [GC [PSYoungGen: 810226K->882K(972736K)] 1015459K->206267K(1659712K), 0.0203900 secs] [Times: user=0.07 sys=0.00, real=0.02 secs] 
2014-07-16T04:09:10.522+0000: 2099.610: [GC [PSYoungGen: 972722K->754K(934208K)] 1178107K->206371K(1621184K), 0.0048110 secs] [Times: user=0.01 sys=0.00, real=0.00 secs] 
2014-07-16T04:09:12.446+0000: 2101.535: [GC [PSYoungGen: 934193K->672K(897600K)] 1139810K->206497K(1584576K), 0.0060230 secs] [Times: user=0.02 sys=0.01, real=0.01 secs] 
2014-07-16T04:09:14.295+0000: 2103.383: [GC [PSYoungGen: 897568K->712K(862848K)] 1103393K->206633K(1549824K), 0.0077600 secs] [Times: user=0.02 sys=0.00, real=0.01 secs] 
2014-07-16T04:09:16.161+0000: 2105.250: [GC [PSYoungGen: 862792K->626K(1035136K)] 1068713K->206611K(1722112K), 0.0578830 secs] [Times: user=0.18 sys=0.00, real=0.06 secs] 
2014-07-16T04:09:18.361+0000: 2107.449: [GC [PSYoungGen: 1035122K->672K(1242112K)] 1241107K->206785K(1929088K), 0.0094780 secs] [Times: user=0.02 sys=0.00, real=0.01 secs] 
2014-07-16T04:09:21.125+0000: 2110.214: [GC [PSYoungGen: 1242009K->1088K(1191104K)] 1448122K->207465K(1878080K), 0.0127920 secs] [Times: user=0.03 sys=0.00, real=0.01 secs] 
2014-07-16T04:09:23.556+0000: 2112.644: [GC [PSYoungGen: 1191104K->420K(1141568K)] 1397481K->207141K(1828544K), 0.0090690 secs] [Times: user=0.01 sys=0.00, real=0.01 secs] 
2014-07-16T04:09:26.012+0000: 2115.101: [GC [PSYoungGen: 1141540K->836K(1095488K)] 1348261K->207645K(1782464K), 0.0253210 secs] [Times: user=0.08 sys=0.00, real=0.03 secs] 
2014-07-16T04:09:28.317+0000: 2117.405: [GC [PSYoungGen: 1095428K->790K(1051136K)] 1302237K->207743K(1738112K), 0.0054290 secs] [Times: user=0.02 sys=0.00, real=0.00 secs] 
2014-07-16T04:09:30.818+0000: 2119.906: [GC [PSYoungGen: 1051094K->1124K(1009344K)] 1258047K->208437K(1696320K), 0.0074310 secs] [Times: user=0.02 sys=0.00, real=0.01 secs] 
2014-07-16T04:09:32.909+0000: 2121.997: [GC [PSYoungGen: 1009316K->384K(968448K)] 1216629K->208049K(1655424K), 0.0177580 secs] [Times: user=0.06 sys=0.00, real=0.02 secs] 
2014-07-16T04:09:34.946+0000: 2124.034: [GC [PSYoungGen: 968448K->630K(930496K)] 1176113K->208415K(1617472K), 0.0060190 secs] [Times: user=0.01 sys=0.00, real=0.00 secs] 
2014-07-16T04:09:36.938+0000: 2126.027: [GC [PSYoungGen: 930486K->726K(894272K)] 1138271K->208623K(1581248K), 0.0217240 secs] [Times: user=0.07 sys=0.00, real=0.02 secs] 
2014-07-16T04:09:38.813+0000: 2127.901: [GC [PSYoungGen: 894230K->868K(859776K)] 1102127K->208925K(1546752K), 0.0054530 secs] [Times: user=0.02 sys=0.00, real=0.01 secs] 
2014-07-16T04:09:40.666+0000: 2129.755: [GC [PSYoungGen: 859748K->384K(826240K)] 1067805K->208641K(1513216K), 0.0090350 secs] [Times: user=0.03 sys=0.00, real=0.00 secs] 
2014-07-16T04:09:42.477+0000: 2131.565: [GC [PSYoungGen: 826236K->662K(795136K)] 1034493K->209071K(1482112K), 0.0105660 secs] [Times: user=0.03 sys=0.00, real=0.01 secs] 
2014-07-16T04:09:44.110+0000: 2133.198: [GC [PSYoungGen: 795094K->466K(764992K)] 1003503K->208987K(1451968K), 0.0268750 secs] [Times: user=0.09 sys=0.00, real=0.03 secs] 
2014-07-16T04:09:45.689+0000: 2134.777: [GC [PSYoungGen: 764946K->580K(736576K)] 973467K->209173K(1423552K), 0.0189750 secs] [Times: user=0.07 sys=0.00, real=0.02 secs] 
2014-07-16T04:09:47.357+0000: 2136.445: [GC [PSYoungGen: 736511K->786K(709568K)] 945104K->209435K(1396544K), 0.0116490 secs] [Times: user=0.04 sys=0.01, real=0.02 secs] 
2014-07-16T04:09:48.814+0000: 2137.902: [GC [PSYoungGen: 709425K->644K(683456K)] 918074K->209517K(1370432K), 0.0106840 secs] [Times: user=0.03 sys=0.00, real=0.01 secs] 
2014-07-16T04:09:50.329+0000: 2139.417: [GC [PSYoungGen: 683396K->822K(658816K)] 892269K->209847K(1345792K), 0.0137770 secs] [Times: user=0.05 sys=0.00, real=0.01 secs] 
2014-07-16T04:09:51.836+0000: 2140.925: [GC [PSYoungGen: 658806K->936K(635328K)] 867831K->210089K(1322304K), 0.0202330 secs] [Times: user=0.08 sys=0.00, real=0.02 secs] 
2014-07-16T04:09:53.151+0000: 2142.239: [GC [PSYoungGen: 635304K->548K(612416K)] 844457K->209829K(1299392K), 0.0043140 secs] [Times: user=0.01 sys=0.00, real=0.00 secs] 
2014-07-16T04:09:54.409+0000: 2143.497: [GC [PSYoungGen: 612386K->758K(591104K)] 821667K->210095K(1278080K), 0.0171220 secs] [Times: user=0.07 sys=0.00, real=0.01 secs] 
2014-07-16T04:09:55.624+0000: 2144.712: [GC [PSYoungGen: 591094K->384K(708800K)] 800431K->209761K(1395776K), 0.0210100 secs] [Times: user=0.07 sys=0.00, real=0.02 secs] 
2014-07-16T04:09:57.189+0000: 2146.277: [GC [PSYoungGen: 708800K->868K(851008K)] 918177K->210317K(1537984K), 0.0153550 secs] [Times: user=0.05 sys=0.00, real=0.01 secs] 
2014-07-16T04:09:58.921+0000: 2148.009: [GC [PSYoungGen: 850980K->626K(1020800K)] 1060429K->210251K(1707776K), 0.0167160 secs] [Times: user=0.07 sys=0.00, real=0.01 secs] 
2014-07-16T04:10:01.243+0000: 2150.331: [GC [PSYoungGen: 1020786K->1138K(980608K)] 1230411K->210987K(1667584K), 0.0040580 secs] [Times: user=0.02 sys=0.00, real=0.00 secs] 
2014-07-16T04:10:03.285+0000: 2152.373: [GC [PSYoungGen: 980594K->562K(941312K)] 1190443K->210875K(1628288K), 0.0081180 secs] [Times: user=0.01 sys=0.00, real=0.01 secs] 
2014-07-16T04:10:05.202+0000: 2154.290: [GC [PSYoungGen: 941298K->562K(904448K)] 1151611K->211011K(1591424K), 0.0253280 secs] [Times: user=0.08 sys=0.00, real=0.02 secs] 
2014-07-16T04:10:07.175+0000: 2156.263: [GC [PSYoungGen: 904434K->672K(869440K)] 1114883K->211249K(1556416K), 0.0073430 secs] [Times: user=0.02 sys=0.00, real=0.01 secs] 
2014-07-16T04:10:08.992+0000: 2158.080: [GC [PSYoungGen: 869400K->530K(835840K)] 1079977K->211307K(1522816K), 0.0316780 secs] [Times: user=0.11 sys=0.00, real=0.03 secs] 
2014-07-16T04:10:10.827+0000: 2159.915: [GC [PSYoungGen: 835794K->858K(804288K)] 1046571K->211827K(1491264K), 0.0158550 secs] [Times: user=0.07 sys=0.00, real=0.02 secs] 
2014-07-16T04:10:12.647+0000: 2161.735: [GC [PSYoungGen: 804250K->416K(773440K)] 1015219K->211529K(1460416K), 0.0120120 secs] [Times: user=0.05 sys=0.00, real=0.01 secs] 
2014-07-16T04:10:14.237+0000: 2163.325: [GC [PSYoungGen: 773404K->530K(744640K)] 984517K->211787K(1431616K), 0.0069250 secs] [Times: user=0.02 sys=0.00, real=0.01 secs] 
2014-07-16T04:10:15.791+0000: 2164.879: [GC [PSYoungGen: 744591K->918K(717440K)] 955848K->212223K(1404416K), 0.0056470 secs] [Times: user=0.01 sys=0.00, real=0.01 secs] 
2014-07-16T04:10:17.388+0000: 2166.476: [GC [PSYoungGen: 717371K->762K(690944K)] 928677K->212131K(1377920K), 0.0173200 secs] [Times: user=0.05 sys=0.00, real=0.02 secs] 
2014-07-16T04:10:18.838+0000: 2167.926: [GC [PSYoungGen: 690938K->544K(665664K)] 902307K->212113K(1352640K), 0.0053290 secs] [Times: user=0.01 sys=0.00, real=0.01 secs] 
2014-07-16T04:10:20.231+0000: 2169.319: [GC [PSYoungGen: 665632K->658K(641856K)] 877201K->212387K(1328832K), 0.0101290 secs] [Times: user=0.03 sys=0.00, real=0.01 secs] 
2014-07-16T04:10:21.797+0000: 2170.885: [GC [PSYoungGen: 641810K->1188K(619520K)] 853539K->213037K(1306496K), 0.0099990 secs] [Times: user=0.02 sys=0.01, real=0.01 secs] 
2014-07-16T04:10:23.056+0000: 2172.144: [GC [PSYoungGen: 619492K->562K(597120K)] 831341K->212755K(1284096K), 0.0086330 secs] [Times: user=0.02 sys=0.00, real=0.01 secs] 
2014-07-16T04:10:24.288+0000: 2173.377: [GC [PSYoungGen: 597019K->694K(576448K)] 809212K->212951K(1263424K), 0.0098660 secs] [Times: user=0.01 sys=0.00, real=0.01 secs] 
2014-07-16T04:10:25.439+0000: 2174.528: [GC [PSYoungGen: 576438K->438K(556352K)] 788695K->212767K(1243328K), 0.0041700 secs] [Times: user=0.01 sys=0.00, real=0.01 secs] 
2014-07-16T04:10:26.695+0000: 2175.783: [GC [PSYoungGen: 556342K->1216K(538176K)] 768671K->213593K(1225152K), 0.0221640 secs] [Times: user=0.09 sys=0.00, real=0.02 secs] 
2014-07-16T04:10:27.762+0000: 2176.850: [GC [PSYoungGen: 538176K->512K(644864K)] 750553K->213033K(1331840K), 0.0314550 secs] [Times: user=0.11 sys=0.00, real=0.04 secs] 
2014-07-16T04:10:29.088+0000: 2178.176: [GC [PSYoungGen: 644864K->530K(773824K)] 857385K->213203K(1460800K), 0.0061510 secs] [Times: user=0.02 sys=0.00, real=0.01 secs] 
2014-07-16T04:10:30.721+0000: 2179.809: [GC [PSYoungGen: 773778K->996K(745280K)] 986451K->213797K(1432256K), 0.0063870 secs] [Times: user=0.02 sys=0.01, real=0.01 secs] 
2014-07-16T04:10:32.442+0000: 2181.530: [GC [PSYoungGen: 745164K->1032K(894208K)] 957965K->213961K(1581184K), 0.0212930 secs] [Times: user=0.07 sys=0.00, real=0.02 secs] 
2014-07-16T04:10:34.294+0000: 2183.383: [GC [PSYoungGen: 894152K->498K(859008K)] 1107081K->213571K(1545984K), 0.0083520 secs] [Times: user=0.03 sys=0.00, real=0.00 secs] 
2014-07-16T04:10:36.056+0000: 2185.144: [GC [PSYoungGen: 858994K->626K(826176K)] 1072067K->213787K(1513152K), 0.0105730 secs] [Times: user=0.02 sys=0.00, real=0.01 secs] 
2014-07-16T04:10:37.885+0000: 2186.973: [GC [PSYoungGen: 826062K->1252K(795392K)] 1039223K->214485K(1482368K), 0.0173220 secs] [Times: user=0.05 sys=0.01, real=0.01 secs] 
2014-07-16T04:10:39.528+0000: 2188.616: [GC [PSYoungGen: 795364K->548K(953536K)] 1008597K->214021K(1640512K), 0.0251210 secs] [Times: user=0.09 sys=0.00, real=0.02 secs] 
2014-07-16T04:10:41.485+0000: 2190.573: [GC [PSYoungGen: 953508K->1146K(916608K)] 1166981K->214795K(1603584K), 0.0093510 secs] [Times: user=0.03 sys=0.00, real=0.00 secs] 
2014-07-16T04:10:43.655+0000: 2192.743: [GC [PSYoungGen: 916602K->416K(880192K)] 1130251K->214185K(1567168K), 0.0152750 secs] [Times: user=0.05 sys=0.00, real=0.01 secs] 
2014-07-16T04:10:45.490+0000: 2194.578: [GC [PSYoungGen: 880157K->726K(846528K)] 1093926K->214663K(1533504K), 0.0209720 secs] [Times: user=0.08 sys=0.00, real=0.02 secs] 
2014-07-16T04:10:47.395+0000: 2196.484: [GC [PSYoungGen: 846486K->544K(813952K)] 1060423K->214545K(1500928K), 0.0142130 secs] [Times: user=0.04 sys=0.00, real=0.02 secs] 
2014-07-16T04:10:49.109+0000: 2198.197: [GC [PSYoungGen: 813875K->576K(783104K)] 1027876K->214817K(1470080K), 0.0230840 secs] [Times: user=0.09 sys=0.00, real=0.02 secs] 
2014-07-16T04:10:50.799+0000: 2199.888: [GC [PSYoungGen: 783097K->608K(753792K)] 997338K->215009K(1440768K), 0.0048970 secs] [Times: user=0.01 sys=0.00, real=0.00 secs] 
2014-07-16T04:10:52.440+0000: 2201.528: [GC [PSYoungGen: 753760K->626K(725760K)] 968161K->215155K(1412736K), 0.0064840 secs] [Times: user=0.02 sys=0.00, real=0.00 secs] 
2014-07-16T04:10:53.962+0000: 2203.050: [GC [PSYoungGen: 725746K->530K(699008K)] 940275K->215179K(1385984K), 0.0062380 secs] [Times: user=0.02 sys=0.01, real=0.01 secs] 
2014-07-16T04:10:55.446+0000: 2204.534: [GC [PSYoungGen: 698962K->466K(673472K)] 913611K->215195K(1360448K), 0.0047860 secs] [Times: user=0.01 sys=0.00, real=0.01 secs] 
2014-07-16T04:10:56.827+0000: 2205.915: [GC [PSYoungGen: 673426K->644K(649344K)] 888155K->215437K(1336320K), 0.0145700 secs] [Times: user=0.05 sys=0.00, real=0.01 secs] 
2014-07-16T04:10:58.328+0000: 2207.416: [GC [PSYoungGen: 649284K->836K(626368K)] 864077K->215757K(1313344K), 0.0074960 secs] [Times: user=0.01 sys=0.00, real=0.01 secs] 
2014-07-16T04:10:59.615+0000: 2208.703: [GC [PSYoungGen: 626308K->576K(603904K)] 841229K->215689K(1290880K), 0.0053400 secs] [Times: user=0.02 sys=0.01, real=0.01 secs] 
2014-07-16T04:11:00.887+0000: 2209.975: [GC [PSYoungGen: 603854K->530K(582784K)] 818967K->215755K(1269760K), 0.0116600 secs] [Times: user=0.04 sys=0.00, real=0.02 secs] 
2014-07-16T04:11:02.245+0000: 2211.334: [GC [PSYoungGen: 582738K->1142K(563200K)] 797963K->216551K(1250176K), 0.0083630 secs] [Times: user=0.02 sys=0.01, real=0.01 secs] 
2014-07-16T04:11:03.542+0000: 2212.630: [GC [PSYoungGen: 563190K->626K(543424K)] 778599K->216139K(1230400K), 0.0190750 secs] [Times: user=0.07 sys=0.00, real=0.02 secs] 
2014-07-16T04:11:04.609+0000: 2213.698: [GC [PSYoungGen: 543410K->256K(524672K)] 758923K->215897K(1211648K), 0.0051800 secs] [Times: user=0.02 sys=0.00, real=0.00 secs] 
2014-07-16T04:11:05.686+0000: 2214.774: [GC [PSYoungGen: 524672K->384K(507264K)] 740313K->216065K(1194240K), 0.0049400 secs] [Times: user=0.01 sys=0.00, real=0.01 secs] 
2014-07-16T04:11:06.720+0000: 2215.808: [GC [PSYoungGen: 507264K->434K(490560K)] 722945K->216147K(1177536K), 0.0205620 secs] [Times: user=0.08 sys=0.00, real=0.02 secs] 
2014-07-16T04:11:07.810+0000: 2216.898: [GC [PSYoungGen: 490544K->662K(588864K)] 706257K->216455K(1275840K), 0.0197360 secs] [Times: user=0.08 sys=0.00, real=0.02 secs] 
2014-07-16T04:11:09.032+0000: 2218.121: [GC [PSYoungGen: 588822K->662K(706496K)] 804615K->216607K(1393472K), 0.0159620 secs] [Times: user=0.05 sys=0.00, real=0.01 secs] 
2014-07-16T04:11:10.490+0000: 2219.578: [GC [PSYoungGen: 706454K->548K(847552K)] 922399K->216605K(1534528K), 0.0128670 secs] [Times: user=0.05 sys=0.00, real=0.01 secs] 
2014-07-16T04:11:12.389+0000: 2221.477: [GC [PSYoungGen: 847524K->1142K(815680K)] 1063581K->217431K(1502656K), 0.0056120 secs] [Times: user=0.02 sys=0.00, real=0.01 secs] 
2014-07-16T04:11:14.206+0000: 2223.295: [GC [PSYoungGen: 815670K->630K(784256K)] 1031959K->217039K(1471232K), 0.0059490 secs] [Times: user=0.01 sys=0.00, real=0.01 secs] 
2014-07-16T04:11:15.789+0000: 2224.877: [GC [PSYoungGen: 784246K->484K(754688K)] 1000655K->217045K(1441664K), 0.0047050 secs] [Times: user=0.01 sys=0.00, real=0.01 secs] 
2014-07-16T04:11:17.316+0000: 2226.405: [GC [PSYoungGen: 754660K->480K(726592K)] 971221K->217097K(1413568K), 0.0229720 secs] [Times: user=0.09 sys=0.00, real=0.02 secs] 
2014-07-16T04:11:18.909+0000: 2227.997: [GC [PSYoungGen: 726558K->708K(700096K)] 943175K->217493K(1387072K), 0.0079820 secs] [Times: user=0.01 sys=0.00, real=0.01 secs] 
2014-07-16T04:11:20.339+0000: 2229.427: [GC [PSYoungGen: 700036K->544K(674368K)] 916821K->217529K(1361344K), 0.0098720 secs] [Times: user=0.04 sys=0.00, real=0.01 secs] 
2014-07-16T04:11:21.711+0000: 2230.799: [GC [PSYoungGen: 674336K->466K(649984K)] 891321K->217555K(1336960K), 0.0231780 secs] [Times: user=0.09 sys=0.00, real=0.02 secs] 
2014-07-16T04:11:23.227+0000: 2232.315: [GC [PSYoungGen: 649938K->612K(626880K)] 867027K->217781K(1313856K), 0.0071500 secs] [Times: user=0.02 sys=0.00, real=0.01 secs] 
2014-07-16T04:11:24.608+0000: 2233.696: [GC [PSYoungGen: 626852K->744K(604864K)] 844021K->218057K(1291840K), 0.0115460 secs] [Times: user=0.04 sys=0.00, real=0.01 secs] 
2014-07-16T04:11:25.800+0000: 2234.889: [GC [PSYoungGen: 604840K->420K(583424K)] 822153K->217805K(1270400K), 0.0059250 secs] [Times: user=0.01 sys=0.01, real=0.01 secs] 
2014-07-16T04:11:27.011+0000: 2236.099: [GC [PSYoungGen: 583338K->480K(700096K)] 800723K->217905K(1387072K), 0.0293780 secs] [Times: user=0.10 sys=0.00, real=0.03 secs] 
2014-07-16T04:11:28.501+0000: 2237.589: [GC [PSYoungGen: 700064K->704K(840256K)] 917489K->218257K(1527232K), 0.0134840 secs] [Times: user=0.04 sys=0.00, real=0.02 secs] 
2014-07-16T04:11:30.220+0000: 2239.309: [GC [PSYoungGen: 840256K->548K(808064K)] 1057809K->218277K(1495040K), 0.0082130 secs] [Times: user=0.02 sys=0.00, real=0.01 secs] 
2014-07-16T04:11:31.833+0000: 2240.921: [GC [PSYoungGen: 808036K->662K(777600K)] 1025765K->218519K(1464576K), 0.0138680 secs] [Times: user=0.05 sys=0.00, real=0.02 secs] 
2014-07-16T04:11:33.551+0000: 2242.639: [GC [PSYoungGen: 777558K->722K(748544K)] 995415K->218675K(1435520K), 0.0063590 secs] [Times: user=0.02 sys=0.00, real=0.01 secs] 
2014-07-16T04:11:35.231+0000: 2244.319: [GC [PSYoungGen: 748498K->640K(720640K)] 966451K->219097K(1407616K), 0.0241490 secs] [Times: user=0.09 sys=0.00, real=0.03 secs] 
2014-07-16T04:11:36.692+0000: 2245.780: [GC [PSYoungGen: 720640K->690K(694208K)] 939097K->219235K(1381184K), 0.0144080 secs] [Times: user=0.06 sys=0.00, real=0.02 secs] 
2014-07-16T04:11:38.205+0000: 2247.293: [GC [PSYoungGen: 694194K->1060K(833344K)] 912739K->219813K(1520320K), 0.0308640 secs] [Times: user=0.10 sys=0.00, real=0.03 secs] 
2014-07-16T04:11:40.001+0000: 2249.089: [GC [PSYoungGen: 833236K->872K(999616K)] 1051990K->219833K(1686592K), 0.0208670 secs] [Times: user=0.07 sys=0.00, real=0.02 secs] 
2014-07-16T04:11:42.103+0000: 2251.191: [GC [PSYoungGen: 999592K->498K(959552K)] 1218553K->220043K(1646528K), 0.0062170 secs] [Times: user=0.02 sys=0.00, real=0.01 secs] 
2014-07-16T04:11:44.264+0000: 2253.353: [GC [PSYoungGen: 959537K->722K(922048K)] 1179083K->220379K(1609024K), 0.0050660 secs] [Times: user=0.01 sys=0.00, real=0.01 secs] 
2014-07-16T04:11:46.269+0000: 2255.357: [GC [PSYoungGen: 922002K->626K(885952K)] 1141659K->220515K(1572928K), 0.0151020 secs] [Times: user=0.05 sys=0.00, real=0.01 secs] 
2014-07-16T04:11:48.194+0000: 2257.282: [GC [PSYoungGen: 885938K->818K(851904K)] 1105827K->220827K(1538880K), 0.0258130 secs] [Times: user=0.10 sys=0.01, real=0.03 secs] 
2014-07-16T04:11:49.952+0000: 2259.040: [GC [PSYoungGen: 851890K->698K(819136K)] 1071899K->220955K(1506112K), 0.0105780 secs] [Times: user=0.01 sys=0.01, real=0.01 secs] 
2014-07-16T04:11:51.673+0000: 2260.761: [GC [PSYoungGen: 819129K->580K(787968K)] 1039386K->220973K(1474944K), 0.0055250 secs] [Times: user=0.01 sys=0.01, real=0.01 secs] 
2014-07-16T04:11:53.397+0000: 2262.485: [GC [PSYoungGen: 787908K->594K(758336K)] 1008301K->221099K(1445312K), 0.0302720 secs] [Times: user=0.11 sys=0.00, real=0.03 secs] 
2014-07-16T04:11:55.077+0000: 2264.165: [GC [PSYoungGen: 758290K->722K(730240K)] 978795K->221331K(1417216K), 0.0147820 secs] [Times: user=0.04 sys=0.00, real=0.01 secs] 
2014-07-16T04:11:56.545+0000: 2265.633: [GC [PSYoungGen: 730194K->466K(703040K)] 950803K->221187K(1390016K), 0.0085710 secs] [Times: user=0.02 sys=0.00, real=0.01 secs] 
2014-07-16T04:11:57.970+0000: 2267.058: [GC [PSYoungGen: 702994K->512K(677376K)] 923715K->221305K(1364352K), 0.0143940 secs] [Times: user=0.05 sys=0.00, real=0.01 secs] 
2014-07-16T04:11:59.479+0000: 2268.568: [GC [PSYoungGen: 677373K->1078K(653504K)] 898166K->222031K(1340480K), 0.0067940 secs] [Times: user=0.02 sys=0.00, real=0.00 secs] 
2014-07-16T04:12:00.821+0000: 2269.909: [GC [PSYoungGen: 653494K->544K(783488K)] 874447K->221665K(1470464K), 0.0389000 secs] [Times: user=0.14 sys=0.00, real=0.04 secs] 
2014-07-16T04:12:02.407+0000: 2271.495: [GC [PSYoungGen: 783456K->648K(940224K)] 1004577K->221865K(1627200K), 0.0047230 secs] [Times: user=0.01 sys=0.00, real=0.01 secs] 
2014-07-16T04:12:04.458+0000: 2273.546: [GC [PSYoungGen: 940168K->758K(903488K)] 1161385K->222055K(1590464K), 0.0056340 secs] [Times: user=0.01 sys=0.00, real=0.00 secs] 
2014-07-16T04:12:06.345+0000: 2275.433: [GC [PSYoungGen: 903474K->762K(868416K)] 1124771K->222187K(1555392K), 0.0163100 secs] [Times: user=0.06 sys=0.00, real=0.02 secs] 
2014-07-16T04:12:08.133+0000: 2277.221: [GC [PSYoungGen: 868410K->608K(834880K)] 1089835K->222137K(1521856K), 0.0049420 secs] [Times: user=0.01 sys=0.00, real=0.01 secs] 
2014-07-16T04:12:09.894+0000: 2278.982: [GC [PSYoungGen: 834848K->562K(803008K)] 1056377K->222291K(1489984K), 0.0086300 secs] [Times: user=0.02 sys=0.00, real=0.01 secs] 
2014-07-16T04:12:11.517+0000: 2280.605: [GC [PSYoungGen: 802994K->936K(773056K)] 1024723K->222825K(1460032K), 0.0118790 secs] [Times: user=0.03 sys=0.00, real=0.02 secs] 
2014-07-16T04:12:13.142+0000: 2282.230: [GC [PSYoungGen: 773026K->580K(743808K)] 994916K->222549K(1430784K), 0.0059330 secs] [Times: user=0.01 sys=0.00, real=0.00 secs] 
2014-07-16T04:12:14.728+0000: 2283.817: [GC [PSYoungGen: 743748K->562K(716160K)] 965717K->222643K(1403136K), 0.0104270 secs] [Times: user=0.02 sys=0.00, real=0.02 secs] 
2014-07-16T04:12:16.221+0000: 2285.309: [GC [PSYoungGen: 716146K->466K(689792K)] 938227K->222635K(1376768K), 0.0111650 secs] [Times: user=0.04 sys=0.00, real=0.01 secs] 
2014-07-16T04:12:17.648+0000: 2286.737: [GC [PSYoungGen: 689746K->498K(664768K)] 911915K->222739K(1351744K), 0.0227740 secs] [Times: user=0.08 sys=0.00, real=0.03 secs] 
2014-07-16T04:12:19.123+0000: 2288.211: [GC [PSYoungGen: 664684K->712K(641152K)] 886925K->223121K(1328128K), 0.0133600 secs] [Times: user=0.04 sys=0.00, real=0.01 secs] 
2014-07-16T04:12:20.407+0000: 2289.495: [GC [PSYoungGen: 641096K->402K(618048K)] 863505K->222963K(1305024K), 0.0050290 secs] [Times: user=0.02 sys=0.00, real=0.01 secs] 
2014-07-16T04:12:21.689+0000: 2290.777: [GC [PSYoungGen: 617976K->1000K(596864K)] 840537K->223785K(1283840K), 0.0065620 secs] [Times: user=0.02 sys=0.00, real=0.01 secs] 
2014-07-16T04:12:22.895+0000: 2291.983: [GC [PSYoungGen: 596840K->448K(575552K)] 819625K->223305K(1262528K), 0.0047990 secs] [Times: user=0.01 sys=0.00, real=0.01 secs] 
2014-07-16T04:12:24.160+0000: 2293.248: [GC [PSYoungGen: 575552K->562K(555840K)] 798409K->223523K(1242816K), 0.0233230 secs] [Times: user=0.07 sys=0.00, real=0.03 secs] 
2014-07-16T04:12:25.344+0000: 2294.433: [GC [PSYoungGen: 555766K->762K(667136K)] 778727K->223819K(1354112K), 0.0212770 secs] [Times: user=0.08 sys=0.00, real=0.02 secs] 
2014-07-16T04:12:26.762+0000: 2295.851: [GC [PSYoungGen: 667120K->612K(800320K)] 890177K->223741K(1487296K), 0.0148640 secs] [Times: user=0.04 sys=0.00, real=0.01 secs] 
2014-07-16T04:12:28.436+0000: 2297.524: [GC [PSYoungGen: 800292K->662K(960320K)] 1023421K->223919K(1647296K), 0.0260410 secs] [Times: user=0.10 sys=0.00, real=0.03 secs] 
2014-07-16T04:12:30.498+0000: 2299.586: [GC [PSYoungGen: 960278K->640K(1152192K)] 1183535K->224105K(1839168K), 0.0149580 secs] [Times: user=0.04 sys=0.00, real=0.02 secs] 
2014-07-16T04:12:32.840+0000: 2301.929: [GC [PSYoungGen: 1152192K->562K(1105088K)] 1375657K->224203K(1792064K), 0.0062330 secs] [Times: user=0.01 sys=0.00, real=0.01 secs] 
2014-07-16T04:12:35.274+0000: 2304.362: [GC [PSYoungGen: 1105074K->808K(1060608K)] 1328715K->224561K(1747584K), 0.0197110 secs] [Times: user=0.07 sys=0.00, real=0.02 secs] 
2014-07-16T04:12:37.531+0000: 2306.619: [GC [PSYoungGen: 1060584K->1082K(1018304K)] 1284337K->224963K(1705280K), 0.0065230 secs] [Times: user=0.02 sys=0.00, real=0.01 secs] 
2014-07-16T04:12:39.616+0000: 2308.705: [GC [PSYoungGen: 1018298K->320K(976960K)] 1242179K->224707K(1663936K), 0.0152420 secs] [Times: user=0.05 sys=0.00, real=0.01 secs] 
2014-07-16T04:12:41.618+0000: 2310.706: [GC [PSYoungGen: 976960K->754K(938816K)] 1201347K->225325K(1625792K), 0.0144760 secs] [Times: user=0.05 sys=0.00, real=0.01 secs] 
2014-07-16T04:12:43.522+0000: 2312.610: [GC [PSYoungGen: 938802K->612K(901952K)] 1163373K->225351K(1588928K), 0.0081230 secs] [Times: user=0.01 sys=0.00, real=0.01 secs] 
2014-07-16T04:12:45.620+0000: 2314.709: [GC [PSYoungGen: 901924K->790K(867136K)] 1126663K->225601K(1554112K), 0.0058160 secs] [Times: user=0.01 sys=0.00, real=0.01 secs] 
2014-07-16T04:12:47.481+0000: 2316.570: [GC [PSYoungGen: 867091K->882K(833856K)] 1091902K->225901K(1520832K), 0.0307590 secs] [Times: user=0.11 sys=0.00, real=0.03 secs] 
2014-07-16T04:12:49.282+0000: 2318.370: [GC [PSYoungGen: 833842K->704K(801920K)] 1058861K->225931K(1488896K), 0.0087000 secs] [Times: user=0.02 sys=0.00, real=0.01 secs] 
2014-07-16T04:12:50.880+0000: 2319.968: [GC [PSYoungGen: 801824K->594K(771584K)] 1027051K->226045K(1458560K), 0.0201790 secs] [Times: user=0.07 sys=0.00, real=0.02 secs] 
2014-07-16T04:12:52.478+0000: 2321.567: [GC [PSYoungGen: 771538K->548K(742656K)] 996989K->226095K(1429632K), 0.0055020 secs] [Times: user=0.01 sys=0.00, real=0.00 secs] 
2014-07-16T04:12:54.117+0000: 2323.206: [GC [PSYoungGen: 742628K->1216K(715776K)] 968175K->227019K(1402752K), 0.0183440 secs] [Times: user=0.06 sys=0.00, real=0.02 secs] 
2014-07-16T04:12:55.550+0000: 2324.638: [GC [PSYoungGen: 715776K->754K(689088K)] 941579K->226645K(1376064K), 0.0088470 secs] [Times: user=0.02 sys=0.00, real=0.01 secs] 
2014-07-16T04:12:57.014+0000: 2326.102: [GC [PSYoungGen: 689074K->882K(664192K)] 914965K->226893K(1351168K), 0.0091770 secs] [Times: user=0.01 sys=0.00, real=0.01 secs] 
2014-07-16T04:12:58.451+0000: 2327.539: [GC [PSYoungGen: 664178K->1270K(640704K)] 890189K->227417K(1327680K), 0.0100040 secs] [Times: user=0.02 sys=0.00, real=0.01 secs] 
2014-07-16T04:12:59.844+0000: 2328.933: [GC [PSYoungGen: 640655K->676K(617344K)] 866802K->227055K(1304320K), 0.0247570 secs] [Times: user=0.09 sys=0.00, real=0.03 secs] 
2014-07-16T04:13:01.110+0000: 2330.198: [GC [PSYoungGen: 617303K->580K(740608K)] 843682K->227103K(1427584K), 0.0257270 secs] [Times: user=0.09 sys=0.00, real=0.02 secs] 
2014-07-16T04:13:02.611+0000: 2331.699: [GC [PSYoungGen: 740548K->466K(888512K)] 967071K->227101K(1575488K), 0.0061480 secs] [Times: user=0.01 sys=0.00, real=0.01 secs] 
2014-07-16T04:13:04.520+0000: 2333.608: [GC [PSYoungGen: 888466K->612K(854272K)] 1115101K->227319K(1541248K), 0.0052540 secs] [Times: user=0.02 sys=0.00, real=0.00 secs] 
2014-07-16T04:13:06.295+0000: 2335.383: [GC [PSYoungGen: 854244K->690K(821568K)] 1080951K->227509K(1508544K), 0.0111600 secs] [Times: user=0.04 sys=0.00, real=0.01 secs] 
2014-07-16T04:13:08.057+0000: 2337.146: [GC [PSYoungGen: 821554K->946K(790592K)] 1048373K->227861K(1477568K), 0.0149460 secs] [Times: user=0.05 sys=0.00, real=0.01 secs] 
2014-07-16T04:13:09.809+0000: 2338.897: [GC [PSYoungGen: 790578K->754K(760640K)] 1017493K->227901K(1447616K), 0.0088610 secs] [Times: user=0.01 sys=0.00, real=0.00 secs] 
2014-07-16T04:13:11.374+0000: 2340.462: [GC [PSYoungGen: 760620K->352K(731904K)] 987768K->227675K(1418880K), 0.0129060 secs] [Times: user=0.05 sys=0.00, real=0.01 secs] 
2014-07-16T04:13:12.900+0000: 2341.988: [GC [PSYoungGen: 731872K->544K(705088K)] 959195K->227963K(1392064K), 0.0068710 secs] [Times: user=0.02 sys=0.00, real=0.00 secs] 
2014-07-16T04:13:14.365+0000: 2343.453: [GC [PSYoungGen: 705056K->452K(679296K)] 932475K->227943K(1366272K), 0.0056170 secs] [Times: user=0.01 sys=0.00, real=0.01 secs] 
2014-07-16T04:13:15.832+0000: 2344.920: [GC [PSYoungGen: 679236K->320K(654528K)] 906727K->227867K(1341504K), 0.0324960 secs] [Times: user=0.12 sys=0.00, real=0.03 secs] 
2014-07-16T04:13:17.258+0000: 2346.346: [GC [PSYoungGen: 654528K->712K(785856K)] 882075K->228347K(1472832K), 0.0162690 secs] [Times: user=0.06 sys=0.00, real=0.02 secs] 
2014-07-16T04:13:18.939+0000: 2348.027: [GC [PSYoungGen: 785800K->562K(942720K)] 1013435K->228357K(1629696K), 0.0353340 secs] [Times: user=0.13 sys=0.00, real=0.03 secs] 
2014-07-16T04:13:20.962+0000: 2350.051: [GC [PSYoungGen: 942706K->320K(1130944K)] 1170501K->228299K(1817920K), 0.0137520 secs] [Times: user=0.05 sys=0.00, real=0.01 secs] 
2014-07-16T04:13:23.310+0000: 2352.399: [GC [PSYoungGen: 1130944K->548K(1085184K)] 1358923K->228663K(1772160K), 0.0051870 secs] [Times: user=0.02 sys=0.00, real=0.00 secs] 
2014-07-16T04:13:25.606+0000: 2354.694: [GC [PSYoungGen: 1085156K->466K(1041344K)] 1313271K->228677K(1728320K), 0.0100620 secs] [Times: user=0.03 sys=0.00, real=0.01 secs] 
2014-07-16T04:13:27.764+0000: 2356.852: [GC [PSYoungGen: 1041298K->836K(1000064K)] 1269509K->229151K(1687040K), 0.0219680 secs] [Times: user=0.08 sys=0.00, real=0.02 secs] 
2014-07-16T04:13:30.000+0000: 2359.088: [GC [PSYoungGen: 1000004K->776K(960320K)] 1228319K->229315K(1647296K), 0.0092360 secs] [Times: user=0.04 sys=0.00, real=0.01 secs] 
2014-07-16T04:13:31.963+0000: 2361.051: [GC [PSYoungGen: 960264K->548K(922304K)] 1188803K->229295K(1609280K), 0.0187120 secs] [Times: user=0.07 sys=0.00, real=0.02 secs] 
2014-07-16T04:13:33.845+0000: 2362.933: [GC [PSYoungGen: 922276K->598K(886400K)] 1151023K->229449K(1573376K), 0.0061780 secs] [Times: user=0.02 sys=0.00, real=0.01 secs] 
2014-07-16T04:13:35.773+0000: 2364.861: [GC [PSYoungGen: 886358K->512K(851968K)] 1115209K->229451K(1538944K), 0.0058580 secs] [Times: user=0.02 sys=0.00, real=0.00 secs] 
2014-07-16T04:13:37.487+0000: 2366.576: [GC [PSYoungGen: 851968K->690K(819520K)] 1080907K->229725K(1506496K), 0.0067580 secs] [Times: user=0.02 sys=0.00, real=0.01 secs] 
2014-07-16T04:13:39.204+0000: 2368.293: [GC [PSYoungGen: 819506K->512K(788224K)] 1048541K->229707K(1475200K), 0.0106700 secs] [Times: user=0.03 sys=0.01, real=0.01 secs] 
2014-07-16T04:13:40.887+0000: 2369.975: [GC [PSYoungGen: 788224K->498K(758592K)] 1017419K->229869K(1445568K), 0.0061360 secs] [Times: user=0.01 sys=0.00, real=0.01 secs] 
2014-07-16T04:13:42.519+0000: 2371.607: [GC [PSYoungGen: 758578K->1024K(730880K)] 987949K->230579K(1417856K), 0.0214760 secs] [Times: user=0.07 sys=0.00, real=0.02 secs] 
2014-07-16T04:13:44.079+0000: 2373.167: [GC [PSYoungGen: 730880K->722K(703680K)] 960435K->230397K(1390656K), 0.0273300 secs] [Times: user=0.11 sys=0.00, real=0.03 secs] 
2014-07-16T04:13:45.721+0000: 2374.809: [GC [PSYoungGen: 703634K->480K(677760K)] 933309K->230243K(1364736K), 0.0055150 secs] [Times: user=0.01 sys=0.00, real=0.01 secs] 
2014-07-16T04:13:47.172+0000: 2376.260: [GC [PSYoungGen: 677728K->978K(813760K)] 907491K->230869K(1500736K), 0.0308970 secs] [Times: user=0.11 sys=0.00, real=0.03 secs] 
2014-07-16T04:13:48.921+0000: 2378.010: [GC [PSYoungGen: 813714K->822K(782720K)] 1043605K->230905K(1469696K), 0.0107060 secs] [Times: user=0.03 sys=0.01, real=0.01 secs] 
2014-07-16T04:13:50.737+0000: 2379.826: [GC [PSYoungGen: 782710K->640K(938944K)] 1012793K->230923K(1625920K), 0.0236310 secs] [Times: user=0.09 sys=0.00, real=0.02 secs] 
2014-07-16T04:13:52.777+0000: 2381.865: [GC [PSYoungGen: 938944K->854K(902400K)] 1169227K->231321K(1589376K), 0.0069960 secs] [Times: user=0.01 sys=0.00, real=0.01 secs] 
2014-07-16T04:13:54.654+0000: 2383.742: [GC [PSYoungGen: 902358K->740K(867264K)] 1132825K->231319K(1554240K), 0.0055800 secs] [Times: user=0.01 sys=0.00, real=0.01 secs] 
2014-07-16T04:13:56.575+0000: 2385.663: [GC [PSYoungGen: 867175K->612K(833792K)] 1097754K->231287K(1520768K), 0.0248010 secs] [Times: user=0.09 sys=0.00, real=0.03 secs] 
2014-07-16T04:13:58.369+0000: 2387.457: [GC [PSYoungGen: 833688K->722K(1000576K)] 1064363K->231565K(1687552K), 0.0304060 secs] [Times: user=0.10 sys=0.00, real=0.03 secs] 
2014-07-16T04:14:00.618+0000: 2389.706: [GC [PSYoungGen: 1000491K->722K(960832K)] 1231334K->231789K(1647808K), 0.0091840 secs] [Times: user=0.02 sys=0.00, real=0.01 secs] 
2014-07-16T04:14:02.696+0000: 2391.785: [GC [PSYoungGen: 960786K->804K(923072K)] 1191853K->232103K(1610048K), 0.0122830 secs] [Times: user=0.03 sys=0.00, real=0.01 secs] 
2014-07-16T04:14:04.704+0000: 2393.792: [GC [PSYoungGen: 923024K->612K(886848K)] 1154324K->232039K(1573824K), 0.0097210 secs] [Times: user=0.02 sys=0.00, real=0.01 secs] 
2014-07-16T04:14:06.712+0000: 2395.800: [GC [PSYoungGen: 886820K->658K(852608K)] 1118247K->232189K(1539584K), 0.0058690 secs] [Times: user=0.01 sys=0.00, real=0.01 secs] 
2014-07-16T04:14:08.543+0000: 2397.631: [GC [PSYoungGen: 852559K->850K(820160K)] 1084090K->232557K(1507136K), 0.0152530 secs] [Times: user=0.06 sys=0.01, real=0.02 secs] 
2014-07-16T04:14:10.320+0000: 2399.409: [GC [PSYoungGen: 820114K->658K(788864K)] 1051821K->232581K(1475840K), 0.0157300 secs] [Times: user=0.06 sys=0.00, real=0.01 secs] 
2014-07-16T04:14:12.019+0000: 2401.107: [GC [PSYoungGen: 788816K->640K(759104K)] 1020740K->232715K(1446080K), 0.0076460 secs] [Times: user=0.02 sys=0.00, real=0.01 secs] 
2014-07-16T04:14:13.577+0000: 2402.666: [GC [PSYoungGen: 759104K->480K(730688K)] 991179K->232683K(1417664K), 0.0060140 secs] [Times: user=0.02 sys=0.00, real=0.00 secs] 
2014-07-16T04:14:15.118+0000: 2404.206: [GC [PSYoungGen: 730656K->858K(704128K)] 962859K->233109K(1391104K), 0.0052260 secs] [Times: user=0.02 sys=0.00, real=0.00 secs] 
2014-07-16T04:14:16.632+0000: 2405.721: [GC [PSYoungGen: 704090K->712K(678272K)] 936341K->233011K(1365248K), 0.0109860 secs] [Times: user=0.03 sys=0.00, real=0.01 secs] 
2014-07-16T04:14:18.008+0000: 2407.096: [GC [PSYoungGen: 678216K->512K(653504K)] 910515K->232931K(1340480K), 0.0177660 secs] [Times: user=0.06 sys=0.00, real=0.02 secs] 
2014-07-16T04:14:19.394+0000: 2408.482: [GC [PSYoungGen: 653504K->722K(630400K)] 885923K->233293K(1317376K), 0.0057220 secs] [Times: user=0.01 sys=0.00, real=0.01 secs] 
2014-07-16T04:14:20.869+0000: 2409.958: [GC [PSYoungGen: 630354K->854K(608192K)] 862925K->233577K(1295168K), 0.0246540 secs] [Times: user=0.08 sys=0.00, real=0.02 secs] 
2014-07-16T04:14:22.152+0000: 2411.240: [GC [PSYoungGen: 608150K->548K(586560K)] 840873K->233399K(1273536K), 0.0078480 secs] [Times: user=0.02 sys=0.00, real=0.01 secs] 
2014-07-16T04:14:23.371+0000: 2412.460: [GC [PSYoungGen: 586532K->402K(566144K)] 819383K->233317K(1253120K), 0.0118140 secs] [Times: user=0.04 sys=0.00, real=0.01 secs] 
2014-07-16T04:14:24.575+0000: 2413.664: [GC [PSYoungGen: 566098K->480K(546816K)] 799013K->233451K(1233792K), 0.0136740 secs] [Times: user=0.05 sys=0.00, real=0.02 secs] 
2014-07-16T04:14:25.858+0000: 2414.947: [GC [PSYoungGen: 546777K->576K(528384K)] 779748K->233603K(1215360K), 0.0055080 secs] [Times: user=0.01 sys=0.00, real=0.01 secs] 
2014-07-16T04:14:26.927+0000: 2416.015: [GC [PSYoungGen: 528384K->608K(634048K)] 761411K->233723K(1321024K), 0.0246950 secs] [Times: user=0.09 sys=0.00, real=0.03 secs] 
2014-07-16T04:14:28.272+0000: 2417.360: [GC [PSYoungGen: 634016K->868K(761024K)] 867131K->234103K(1448000K), 0.0089650 secs] [Times: user=0.03 sys=0.00, real=0.01 secs] 
2014-07-16T04:14:29.883+0000: 2418.971: [GC [PSYoungGen: 760953K->704K(732480K)] 994188K->234099K(1419456K), 0.0108080 secs] [Times: user=0.03 sys=0.00, real=0.01 secs] 
2014-07-16T04:14:31.588+0000: 2420.676: [GC [PSYoungGen: 732480K->612K(705408K)] 965875K->234215K(1392384K), 0.0091450 secs] [Times: user=0.03 sys=0.00, real=0.01 secs] 
2014-07-16T04:14:33.046+0000: 2422.134: [GC [PSYoungGen: 705344K->662K(679680K)] 938947K->234425K(1366656K), 0.0212480 secs] [Times: user=0.07 sys=0.00, real=0.02 secs] 
2014-07-16T04:14:34.469+0000: 2423.557: [GC [PSYoungGen: 679638K->434K(815232K)] 913401K->234277K(1502208K), 0.0178420 secs] [Times: user=0.06 sys=0.01, real=0.02 secs] 
2014-07-16T04:14:36.267+0000: 2425.355: [GC [PSYoungGen: 815218K->626K(978432K)] 1049061K->234533K(1665408K), 0.0379830 secs] [Times: user=0.14 sys=0.00, real=0.04 secs] 
2014-07-16T04:14:38.280+0000: 2427.369: [GC [PSYoungGen: 978418K->754K(1174144K)] 1212325K->234789K(1861120K), 0.0148990 secs] [Times: user=0.06 sys=0.00, real=0.02 secs] 
2014-07-16T04:14:40.837+0000: 2429.926: [GC [PSYoungGen: 1174130K->754K(1126080K)] 1408165K->234989K(1813056K), 0.0099620 secs] [Times: user=0.02 sys=0.00, real=0.01 secs] 
2014-07-16T04:14:43.266+0000: 2432.354: [GC [PSYoungGen: 1126066K->562K(1080128K)] 1360301K->235119K(1767104K), 0.0139140 secs] [Times: user=0.04 sys=0.00, real=0.01 secs] 
2014-07-16T04:14:45.542+0000: 2434.630: [GC [PSYoungGen: 1080114K->576K(1036608K)] 1314671K->235277K(1723584K), 0.0090580 secs] [Times: user=0.02 sys=0.00, real=0.00 secs] 
2014-07-16T04:14:47.778+0000: 2436.866: [GC [PSYoungGen: 1036608K->836K(995456K)] 1271309K->235633K(1682432K), 0.0124360 secs] [Times: user=0.05 sys=0.00, real=0.01 secs] 
2014-07-16T04:14:49.871+0000: 2438.959: [GC [PSYoungGen: 995396K->704K(955776K)] 1230193K->235773K(1642752K), 0.0100610 secs] [Times: user=0.01 sys=0.00, real=0.01 secs] 
2014-07-16T04:14:51.982+0000: 2441.070: [GC [PSYoungGen: 955776K->630K(918144K)] 1190845K->236091K(1605120K), 0.0162310 secs] [Times: user=0.06 sys=0.00, real=0.02 secs] 
2014-07-16T04:14:53.991+0000: 2443.079: [GC [PSYoungGen: 918134K->512K(882240K)] 1153595K->236125K(1569216K), 0.0062270 secs] [Times: user=0.01 sys=0.00, real=0.01 secs] 
2014-07-16T04:14:55.859+0000: 2444.947: [GC [PSYoungGen: 882240K->562K(848192K)] 1117853K->236335K(1535168K), 0.0212140 secs] [Times: user=0.08 sys=0.00, real=0.02 secs] 
2014-07-16T04:14:57.836+0000: 2446.924: [GC [PSYoungGen: 848178K->740K(815936K)] 1083951K->236585K(1502912K), 0.0052380 secs] [Times: user=0.01 sys=0.01, real=0.00 secs] 
2014-07-16T04:14:59.535+0000: 2448.624: [GC [PSYoungGen: 815908K->530K(784832K)] 1051753K->236631K(1471808K), 0.0243670 secs] [Times: user=0.08 sys=0.00, real=0.02 secs] 
2014-07-16T04:15:01.336+0000: 2450.424: [GC [PSYoungGen: 784786K->1074K(755840K)] 1020887K->237447K(1442816K), 0.0258350 secs] [Times: user=0.07 sys=0.00, real=0.02 secs] 
2014-07-16T04:15:02.995+0000: 2452.083: [GC [PSYoungGen: 755825K->562K(906304K)] 992198K->237135K(1593280K), 0.0356300 secs] [Times: user=0.14 sys=0.00, real=0.04 secs] 
2014-07-16T04:15:04.856+0000: 2453.944: [GC [PSYoungGen: 906290K->886K(1087808K)] 1142863K->237627K(1774784K), 0.0065050 secs] [Times: user=0.01 sys=0.01, real=0.00 secs] 
2014-07-16T04:15:07.186+0000: 2456.274: [GC [PSYoungGen: 1087798K->676K(1305024K)] 1324539K->237497K(1992000K), 0.0293740 secs] [Times: user=0.11 sys=0.00, real=0.03 secs] 
2014-07-16T04:15:09.861+0000: 2458.949: [GC [PSYoungGen: 1304996K->850K(1250816K)] 1541817K->237887K(1937792K), 0.0099010 secs] [Times: user=0.03 sys=0.00, real=0.01 secs] 
2014-07-16T04:15:12.570+0000: 2461.658: [GC [PSYoungGen: 1250770K->886K(1199040K)] 1487807K->238147K(1886016K), 0.0119750 secs] [Times: user=0.04 sys=0.00, real=0.01 secs] 
2014-07-16T04:15:15.091+0000: 2464.180: [GC [PSYoungGen: 1199030K->544K(1149440K)] 1436291K->238005K(1836416K), 0.0135310 secs] [Times: user=0.05 sys=0.00, real=0.01 secs] 
2014-07-16T04:15:17.546+0000: 2466.634: [GC [PSYoungGen: 1149408K->512K(1102464K)] 1386869K->238077K(1789440K), 0.0105140 secs] [Times: user=0.03 sys=0.01, real=0.01 secs] 
2014-07-16T04:15:19.815+0000: 2468.903: [GC [PSYoungGen: 1102464K->512K(1057856K)] 1340029K->238301K(1744832K), 0.0054340 secs] [Times: user=0.02 sys=0.00, real=0.01 secs] 
2014-07-16T04:15:22.105+0000: 2471.194: [GC [PSYoungGen: 1057856K->790K(1015680K)] 1295645K->238763K(1702656K), 0.0210280 secs] [Times: user=0.08 sys=0.00, real=0.02 secs] 
2014-07-16T04:15:24.331+0000: 2473.419: [GC [PSYoungGen: 1015548K->498K(974912K)] 1253521K->238631K(1661888K), 0.0137160 secs] [Times: user=0.05 sys=0.00, real=0.01 secs] 
2014-07-16T04:15:26.345+0000: 2475.434: [GC [PSYoungGen: 974898K->512K(936384K)] 1213031K->238797K(1623360K), 0.0187220 secs] [Times: user=0.05 sys=0.00, real=0.02 secs] 
2014-07-16T04:15:28.377+0000: 2477.465: [GC [PSYoungGen: 936384K->758K(899968K)] 1174669K->239123K(1586944K), 0.0196370 secs] [Times: user=0.07 sys=0.00, real=0.02 secs] 
2014-07-16T04:15:30.213+0000: 2479.301: [GC [PSYoungGen: 899958K->740K(865024K)] 1138323K->239361K(1552000K), 0.0242110 secs] [Times: user=0.09 sys=0.00, real=0.02 secs] 
2014-07-16T04:15:32.165+0000: 2481.254: [GC [PSYoungGen: 864996K->694K(1037824K)] 1103617K->239451K(1724800K), 0.0319790 secs] [Times: user=0.11 sys=0.00, real=0.03 secs] 
2014-07-16T04:15:34.402+0000: 2483.490: [GC [PSYoungGen: 1037814K->640K(996288K)] 1276571K->239541K(1683264K), 0.0065330 secs] [Times: user=0.01 sys=0.00, real=0.00 secs] 
2014-07-16T04:15:36.423+0000: 2485.511: [GC [PSYoungGen: 996288K->548K(956736K)] 1235189K->239561K(1643712K), 0.0052690 secs] [Times: user=0.02 sys=0.00, real=0.00 secs] 
2014-07-16T04:15:38.528+0000: 2487.617: [GC [PSYoungGen: 956708K->722K(919296K)] 1195721K->239831K(1606272K), 0.0232200 secs] [Times: user=0.09 sys=0.00, real=0.03 secs] 
2014-07-16T04:15:40.484+0000: 2489.573: [GC [PSYoungGen: 919250K->544K(883264K)] 1158359K->239909K(1570240K), 0.0050510 secs] [Times: user=0.02 sys=0.00, real=0.00 secs] 
2014-07-16T04:15:42.446+0000: 2491.534: [GC [PSYoungGen: 883232K->758K(849344K)] 1122597K->240275K(1536320K), 0.0108400 secs] [Times: user=0.03 sys=0.00, real=0.01 secs] 
2014-07-16T04:15:44.276+0000: 2493.364: [GC [PSYoungGen: 849334K->722K(816832K)] 1088851K->240423K(1503808K), 0.0073310 secs] [Times: user=0.01 sys=0.01, real=0.01 secs] 
2014-07-16T04:15:45.969+0000: 2495.057: [GC [PSYoungGen: 816780K->434K(785536K)] 1056481K->240231K(1472512K), 0.0352720 secs] [Times: user=0.13 sys=0.00, real=0.04 secs] 
2014-07-16T04:15:47.687+0000: 2496.775: [GC [PSYoungGen: 785522K->658K(756288K)] 1025319K->240511K(1443264K), 0.0053950 secs] [Times: user=0.02 sys=0.00, real=0.01 secs] 
2014-07-16T04:15:49.237+0000: 2498.326: [GC [PSYoungGen: 756240K->480K(727936K)] 996094K->240549K(1414912K), 0.0051170 secs] [Times: user=0.02 sys=0.00, real=0.01 secs] 
2014-07-16T04:15:50.754+0000: 2499.842: [GC [PSYoungGen: 727904K->608K(701248K)] 967973K->240813K(1388224K), 0.0180500 secs] [Times: user=0.06 sys=0.00, real=0.02 secs] 
2014-07-16T04:15:52.299+0000: 2501.387: [GC [PSYoungGen: 701216K->658K(675712K)] 941421K->240967K(1362688K), 0.0048480 secs] [Times: user=0.01 sys=0.00, real=0.01 secs] 
2014-07-16T04:15:53.676+0000: 2502.764: [GC [PSYoungGen: 675666K->448K(651072K)] 915975K->240861K(1338048K), 0.0202390 secs] [Times: user=0.07 sys=0.00, real=0.02 secs] 
2014-07-16T04:15:55.165+0000: 2504.253: [GC [PSYoungGen: 651071K->680K(628032K)] 891485K->241157K(1315008K), 0.0053720 secs] [Times: user=0.01 sys=0.01, real=0.00 secs] 
2014-07-16T04:15:56.429+0000: 2505.517: [GC [PSYoungGen: 628008K->544K(605696K)] 868485K->241117K(1292672K), 0.0052760 secs] [Times: user=0.02 sys=0.00, real=0.01 secs] 
2014-07-16T04:15:57.757+0000: 2506.845: [GC [PSYoungGen: 605664K->544K(726720K)] 846237K->241205K(1413696K), 0.0534800 secs] [Times: user=0.18 sys=0.00, real=0.05 secs] 
2014-07-16T04:15:59.306+0000: 2508.394: [GC [PSYoungGen: 726688K->644K(872128K)] 967349K->241489K(1559104K), 0.0078360 secs] [Times: user=0.02 sys=0.00, real=0.01 secs] 
2014-07-16T04:16:01.091+0000: 2510.180: [GC [PSYoungGen: 872068K->680K(1046464K)] 1112913K->241725K(1733440K), 0.0134110 secs] [Times: user=0.04 sys=0.00, real=0.02 secs] 
2014-07-16T04:16:03.330+0000: 2512.418: [GC [PSYoungGen: 1046440K->858K(1004736K)] 1287485K->241991K(1691712K), 0.0058380 secs] [Times: user=0.02 sys=0.00, real=0.01 secs] 
2014-07-16T04:16:05.467+0000: 2514.556: [GC [PSYoungGen: 1004698K->356K(964288K)] 1245831K->241825K(1651264K), 0.0070340 secs] [Times: user=0.01 sys=0.00, real=0.01 secs] 
2014-07-16T04:16:07.609+0000: 2516.697: [GC [PSYoungGen: 964260K->800K(926720K)] 1205729K->242365K(1613696K), 0.0162410 secs] [Times: user=0.06 sys=0.00, real=0.02 secs] 
2014-07-16T04:16:09.573+0000: 2518.661: [GC [PSYoungGen: 926687K->836K(890624K)] 1168253K->242697K(1577600K), 0.0341240 secs] [Times: user=0.13 sys=0.00, real=0.04 secs] 
2014-07-16T04:16:11.431+0000: 2520.519: [GC [PSYoungGen: 890564K->580K(855936K)] 1132425K->242617K(1542912K), 0.0184420 secs] [Times: user=0.07 sys=0.00, real=0.02 secs] 
2014-07-16T04:16:13.303+0000: 2522.391: [GC [PSYoungGen: 855876K->512K(1026880K)] 1097913K->242669K(1713856K), 0.0305860 secs] [Times: user=0.11 sys=0.01, real=0.03 secs] 
2014-07-16T04:16:15.530+0000: 2524.618: [GC [PSYoungGen: 1026880K->730K(1232448K)] 1269037K->242999K(1919424K), 0.0214430 secs] [Times: user=0.07 sys=0.00, real=0.02 secs] 
2014-07-16T04:16:18.096+0000: 2527.184: [GC [PSYoungGen: 1232410K->690K(1181504K)] 1474679K->243055K(1868480K), 0.0075450 secs] [Times: user=0.02 sys=0.00, real=0.00 secs] 
2014-07-16T04:16:20.518+0000: 2529.607: [GC [PSYoungGen: 1181490K->776K(1133184K)] 1423855K->243389K(1820160K), 0.0225180 secs] [Times: user=0.09 sys=0.00, real=0.02 secs] 
2014-07-16T04:16:22.970+0000: 2532.058: [GC [PSYoungGen: 1133128K->544K(1086848K)] 1375741K->243317K(1773824K), 0.0058720 secs] [Times: user=0.01 sys=0.00, real=0.00 secs] 
2014-07-16T04:16:25.180+0000: 2534.268: [GC [PSYoungGen: 1086816K->530K(1043008K)] 1329589K->243447K(1729984K), 0.0122940 secs] [Times: user=0.03 sys=0.00, real=0.01 secs] 
2014-07-16T04:16:27.464+0000: 2536.552: [GC [PSYoungGen: 1042962K->754K(1001472K)] 1285879K->243743K(1688448K), 0.0235830 secs] [Times: user=0.08 sys=0.00, real=0.02 secs] 
2014-07-16T04:16:29.621+0000: 2538.709: [GC [PSYoungGen: 1001458K->626K(961600K)] 1244447K->243847K(1648576K), 0.0050880 secs] [Times: user=0.02 sys=0.00, real=0.00 secs] 
2014-07-16T04:16:31.602+0000: 2540.691: [GC [PSYoungGen: 961586K->480K(923648K)] 1204807K->243925K(1610624K), 0.0330550 secs] [Times: user=0.12 sys=0.00, real=0.03 secs] 
2014-07-16T04:16:33.584+0000: 2542.672: [GC [PSYoungGen: 923616K->704K(887808K)] 1167061K->244261K(1574784K), 0.0174640 secs] [Times: user=0.06 sys=0.00, real=0.02 secs] 
2014-07-16T04:16:35.465+0000: 2544.554: [GC [PSYoungGen: 887808K->530K(853312K)] 1131365K->244207K(1540288K), 0.0070350 secs] [Times: user=0.02 sys=0.00, real=0.01 secs] 
2014-07-16T04:16:37.321+0000: 2546.409: [GC [PSYoungGen: 853176K->694K(820736K)] 1096853K->244467K(1507712K), 0.0049080 secs] [Times: user=0.01 sys=0.00, real=0.00 secs] 
2014-07-16T04:16:39.074+0000: 2548.163: [GC [PSYoungGen: 820726K->448K(789312K)] 1064499K->244437K(1476288K), 0.0084510 secs] [Times: user=0.04 sys=0.00, real=0.01 secs] 
2014-07-16T04:16:40.697+0000: 2549.785: [GC [PSYoungGen: 789312K->548K(759744K)] 1033301K->244729K(1446720K), 0.0138540 secs] [Times: user=0.05 sys=0.00, real=0.02 secs] 
2014-07-16T04:16:42.224+0000: 2551.312: [GC [PSYoungGen: 759700K->630K(731520K)] 1003882K->244907K(1418496K), 0.0053060 secs] [Times: user=0.01 sys=0.01, real=0.00 secs] 
2014-07-16T04:16:43.842+0000: 2552.931: [GC [PSYoungGen: 731483K->434K(704320K)] 975760K->244767K(1391296K), 0.0225640 secs] [Times: user=0.09 sys=0.00, real=0.02 secs] 
2014-07-16T04:16:45.352+0000: 2554.441: [GC [PSYoungGen: 704306K->612K(678784K)] 948639K->245065K(1365760K), 0.0064820 secs] [Times: user=0.02 sys=0.00, real=0.00 secs] 
2014-07-16T04:16:46.835+0000: 2555.924: [GC [PSYoungGen: 678756K->608K(654272K)] 923209K->245141K(1341248K), 0.0145060 secs] [Times: user=0.05 sys=0.00, real=0.01 secs] 
2014-07-16T04:16:48.162+0000: 2557.251: [GC [PSYoungGen: 654239K->566K(630784K)] 898772K->245475K(1317760K), 0.0188710 secs] [Times: user=0.07 sys=0.00, real=0.02 secs] 
2014-07-16T04:16:49.441+0000: 2558.529: [GC [PSYoungGen: 630774K->388K(608320K)] 875683K->245441K(1295296K), 0.0063930 secs] [Times: user=0.01 sys=0.00, real=0.00 secs] 
2014-07-16T04:16:50.669+0000: 2559.757: [GC [PSYoungGen: 608260K->288K(586880K)] 853313K->245493K(1273856K), 0.0118430 secs] [Times: user=0.04 sys=0.00, real=0.01 secs] 
2014-07-16T04:16:51.850+0000: 2560.939: [GC [PSYoungGen: 586848K->516K(566784K)] 832053K->245785K(1253760K), 0.0059550 secs] [Times: user=0.02 sys=0.00, real=0.01 secs] 
2014-07-16T04:16:53.215+0000: 2562.303: [GC [PSYoungGen: 566724K->932K(547776K)] 811993K->246497K(1234752K), 0.0058070 secs] [Times: user=0.02 sys=0.00, real=0.00 secs] 
2014-07-16T04:16:54.332+0000: 2563.420: [GC [PSYoungGen: 547748K->420K(656640K)] 793313K->246081K(1343616K), 0.0261410 secs] [Times: user=0.09 sys=0.00, real=0.03 secs] 
2014-07-16T04:16:55.704+0000: 2564.792: [GC [PSYoungGen: 656612K->498K(633152K)] 902273K->246279K(1320128K), 0.0099220 secs] [Times: user=0.03 sys=0.00, real=0.01 secs] 
2014-07-16T04:16:57.070+0000: 2566.158: [GC [PSYoungGen: 633138K->996K(760192K)] 878919K->246841K(1447168K), 0.0406010 secs] [Times: user=0.11 sys=0.00, real=0.04 secs] 
2014-07-16T04:16:58.768+0000: 2567.856: [GC [PSYoungGen: 760106K->804K(911872K)] 1005951K->246801K(1598848K), 0.0297710 secs] [Times: user=0.11 sys=0.00, real=0.03 secs] 
2014-07-16T04:17:00.648+0000: 2569.736: [GC [PSYoungGen: 911844K->516K(1093824K)] 1157841K->246729K(1780800K), 0.0085700 secs] [Times: user=0.02 sys=0.00, real=0.01 secs] 
2014-07-16T04:17:02.858+0000: 2571.947: [GC [PSYoungGen: 1093764K->708K(1312704K)] 1339977K->247041K(1999680K), 0.0172740 secs] [Times: user=0.07 sys=0.00, real=0.02 secs] 
2014-07-16T04:17:05.690+0000: 2574.778: [GC [PSYoungGen: 1312644K->740K(1257920K)] 1558977K->247201K(1944896K), 0.0146060 secs] [Times: user=0.06 sys=0.00, real=0.02 secs] 
2014-07-16T04:17:08.457+0000: 2577.545: [GC [PSYoungGen: 1257892K->818K(1428480K)] 1504353K->247983K(2115456K), 0.0314660 secs] [Times: user=0.12 sys=0.00, real=0.03 secs] 
2014-07-16T04:17:11.393+0000: 2580.481: [GC [PSYoungGen: 1428466K->740K(1368000K)] 1675631K->248209K(2054976K), 0.0213040 secs] [Times: user=0.08 sys=0.00, real=0.03 secs] 
2014-07-16T04:17:14.285+0000: 2583.373: [GC [PSYoungGen: 1367970K->512K(1310272K)] 1615439K->248325K(1997248K), 0.0137180 secs] [Times: user=0.04 sys=0.00, real=0.02 secs] 
2014-07-16T04:17:16.928+0000: 2586.016: [GC [PSYoungGen: 1310175K->612K(1255680K)] 1557989K->248601K(1942656K), 0.0136100 secs] [Times: user=0.04 sys=0.00, real=0.01 secs] 
2014-07-16T04:17:19.632+0000: 2588.720: [GC [PSYoungGen: 1255621K->672K(1203712K)] 1503610K->248829K(1890688K), 0.0269370 secs] [Times: user=0.08 sys=0.00, real=0.03 secs] 
2014-07-16T04:17:22.142+0000: 2591.230: [GC [PSYoungGen: 1203680K->708K(1154240K)] 1451837K->249137K(1841216K), 0.0283460 secs] [Times: user=0.10 sys=0.00, real=0.03 secs] 
2014-07-16T04:17:24.608+0000: 2593.696: [GC [PSYoungGen: 1154105K->698K(1107072K)] 1402534K->249255K(1794048K), 0.0154960 secs] [Times: user=0.05 sys=0.00, real=0.01 secs] 
2014-07-16T04:17:26.924+0000: 2596.013: [GC [PSYoungGen: 1107066K->882K(1062400K)] 1355623K->249599K(1749376K), 0.0171690 secs] [Times: user=0.06 sys=0.00, real=0.02 secs] 
2014-07-16T04:17:29.285+0000: 2598.373: [GC [PSYoungGen: 1062386K->768K(1019584K)] 1311103K->249645K(1706560K), 0.0282730 secs] [Times: user=0.09 sys=0.00, real=0.03 secs] 
2014-07-16T04:17:31.389+0000: 2600.477: [GC [PSYoungGen: 1019578K->566K(978752K)] 1268455K->249707K(1665728K), 0.0205310 secs] [Times: user=0.08 sys=0.00, real=0.02 secs] 
2014-07-16T04:17:33.449+0000: 2602.537: [GC [PSYoungGen: 978710K->840K(940416K)] 1227852K->250109K(1627392K), 0.0093970 secs] [Times: user=0.02 sys=0.00, real=0.01 secs] 
2014-07-16T04:17:35.483+0000: 2604.571: [GC [PSYoungGen: 940360K->448K(903168K)] 1189629K->249829K(1590144K), 0.0135240 secs] [Times: user=0.04 sys=0.00, real=0.01 secs] 
2014-07-16T04:17:37.361+0000: 2606.449: [GC [PSYoungGen: 903168K->740K(1084032K)] 1152549K->250249K(1771008K), 0.0334010 secs] [Times: user=0.11 sys=0.00, real=0.03 secs] 
2014-07-16T04:17:39.796+0000: 2608.884: [GC [PSYoungGen: 1084004K->576K(1040128K)] 1333513K->250269K(1727104K), 0.0125940 secs] [Times: user=0.04 sys=0.00, real=0.01 secs] 
2014-07-16T04:17:41.939+0000: 2611.027: [GC [PSYoungGen: 1040128K->594K(998592K)] 1289821K->250535K(1685568K), 0.0078790 secs] [Times: user=0.02 sys=0.00, real=0.00 secs] 
2014-07-16T04:17:44.066+0000: 2613.154: [GC [PSYoungGen: 998546K->1078K(959424K)] 1248487K->251195K(1646400K), 0.0098790 secs] [Times: user=0.02 sys=0.00, real=0.01 secs] 
2014-07-16T04:17:46.014+0000: 2615.102: [GC [PSYoungGen: 959414K->502K(921088K)] 1209531K->250747K(1608064K), 0.0193130 secs] [Times: user=0.07 sys=0.00, real=0.02 secs] 
2014-07-16T04:17:47.930+0000: 2617.019: [GC [PSYoungGen: 921078K->790K(885504K)] 1171323K->251115K(1572480K), 0.0058680 secs] [Times: user=0.02 sys=0.00, real=0.00 secs] 
2014-07-16T04:17:49.971+0000: 2619.059: [GC [PSYoungGen: 885462K->936K(851392K)] 1135787K->251477K(1538368K), 0.0173560 secs] [Times: user=0.05 sys=0.00, real=0.01 secs] 
2014-07-16T04:17:51.746+0000: 2620.834: [GC [PSYoungGen: 851368K->594K(818496K)] 1101909K->251351K(1505472K), 0.0109340 secs] [Times: user=0.05 sys=0.00, real=0.01 secs] 
2014-07-16T04:17:53.464+0000: 2622.552: [GC [PSYoungGen: 818450K->576K(787392K)] 1069207K->251453K(1474368K), 0.0238710 secs] [Times: user=0.09 sys=0.00, real=0.02 secs] 
2014-07-16T04:17:55.172+0000: 2624.260: [GC [PSYoungGen: 787392K->516K(757760K)] 1038269K->251473K(1444736K), 0.0049070 secs] [Times: user=0.02 sys=0.00, real=0.00 secs] 
2014-07-16T04:17:56.726+0000: 2625.815: [GC [PSYoungGen: 757700K->694K(729664K)] 1008657K->251755K(1416640K), 0.0050410 secs] [Times: user=0.01 sys=0.00, real=0.01 secs] 
2014-07-16T04:17:58.285+0000: 2627.373: [GC [PSYoungGen: 729654K->914K(703040K)] 980715K->252071K(1390016K), 0.0226450 secs] [Times: user=0.08 sys=0.00, real=0.02 secs] 
2014-07-16T04:17:59.938+0000: 2629.026: [GC [PSYoungGen: 702994K->704K(677120K)] 954151K->252229K(1364096K), 0.0116270 secs] [Times: user=0.04 sys=0.00, real=0.01 secs] 
2014-07-16T04:18:01.395+0000: 2630.483: [GC [PSYoungGen: 677120K->626K(812352K)] 928645K->252343K(1499328K), 0.0275220 secs] [Times: user=0.10 sys=0.00, real=0.03 secs] 
2014-07-16T04:18:03.065+0000: 2632.153: [GC [PSYoungGen: 812338K->530K(781504K)] 1064055K->252383K(1468480K), 0.0071050 secs] [Times: user=0.01 sys=0.00, real=0.01 secs] 
2014-07-16T04:18:04.773+0000: 2633.861: [GC [PSYoungGen: 781458K->676K(752320K)] 1033311K->252593K(1439296K), 0.0072850 secs] [Times: user=0.02 sys=0.00, real=0.00 secs] 
2014-07-16T04:18:06.333+0000: 2635.422: [GC [PSYoungGen: 752292K->548K(724224K)] 1004209K->252569K(1411200K), 0.0069650 secs] [Times: user=0.01 sys=0.00, real=0.00 secs] 
2014-07-16T04:18:07.850+0000: 2636.938: [GC [PSYoungGen: 724196K->466K(697536K)] 976217K->252551K(1384512K), 0.0049350 secs] [Times: user=0.02 sys=0.00, real=0.01 secs] 
2014-07-16T04:18:09.410+0000: 2638.498: [GC [PSYoungGen: 697489K->1124K(672768K)] 949575K->253521K(1359744K), 0.0082250 secs] [Times: user=0.02 sys=0.00, real=0.01 secs] 
2014-07-16T04:18:10.879+0000: 2639.967: [GC [PSYoungGen: 672739K->808K(648192K)] 925137K->253389K(1335168K), 0.0089370 secs] [Times: user=0.02 sys=0.00, real=0.01 secs] 
2014-07-16T04:18:12.252+0000: 2641.340: [GC [PSYoungGen: 648168K->630K(624896K)] 900749K->253379K(1311872K), 0.0095600 secs] [Times: user=0.02 sys=0.00, real=0.01 secs] 
2014-07-16T04:18:13.486+0000: 2642.575: [GC [PSYoungGen: 624886K->804K(603008K)] 877635K->253633K(1289984K), 0.0057390 secs] [Times: user=0.02 sys=0.00, real=0.00 secs] 
2014-07-16T04:18:14.779+0000: 2643.867: [GC [PSYoungGen: 602980K->1046K(582208K)] 855809K->253939K(1269184K), 0.0285580 secs] [Times: user=0.10 sys=0.00, real=0.03 secs] 
2014-07-16T04:18:15.941+0000: 2645.029: [GC [PSYoungGen: 582166K->776K(698176K)] 835059K->253749K(1385152K), 0.0244770 secs] [Times: user=0.09 sys=0.00, real=0.03 secs] 
2014-07-16T04:18:17.358+0000: 2646.446: [GC [PSYoungGen: 698120K->658K(837568K)] 951093K->253687K(1524544K), 0.0116210 secs] [Times: user=0.05 sys=0.00, real=0.01 secs] 
2014-07-16T04:18:19.105+0000: 2648.193: [GC [PSYoungGen: 837522K->914K(1005248K)] 1090551K->254111K(1692224K), 0.0197510 secs] [Times: user=0.07 sys=0.01, real=0.02 secs] 
2014-07-16T04:18:21.400+0000: 2650.488: [GC [PSYoungGen: 1005200K->832K(965184K)] 1258397K->254245K(1652160K), 0.0079640 secs] [Times: user=0.02 sys=0.01, real=0.01 secs] 
2014-07-16T04:18:23.340+0000: 2652.429: [GC [PSYoungGen: 965184K->498K(926848K)] 1218597K->254103K(1613824K), 0.0058850 secs] [Times: user=0.02 sys=0.01, real=0.01 secs] 
2014-07-16T04:18:25.360+0000: 2654.449: [GC [PSYoungGen: 926834K->630K(890752K)] 1180439K->254307K(1577728K), 0.0053810 secs] [Times: user=0.01 sys=0.00, real=0.01 secs] 
2014-07-16T04:18:27.204+0000: 2656.292: [GC [PSYoungGen: 890742K->708K(856384K)] 1144419K->254513K(1543360K), 0.0144180 secs] [Times: user=0.05 sys=0.01, real=0.02 secs] 
2014-07-16T04:18:28.947+0000: 2658.035: [GC [PSYoungGen: 856324K->790K(823616K)] 1110129K->254763K(1510592K), 0.0259700 secs] [Times: user=0.10 sys=0.00, real=0.02 secs] 
2014-07-16T04:18:30.810+0000: 2659.899: [GC [PSYoungGen: 823574K->594K(792128K)] 1077547K->254711K(1479104K), 0.0147690 secs] [Times: user=0.05 sys=0.00, real=0.01 secs] 
2014-07-16T04:18:32.514+0000: 2661.602: [GC [PSYoungGen: 792082K->648K(762368K)] 1046199K->254925K(1449344K), 0.0057960 secs] [Times: user=0.01 sys=0.00, real=0.01 secs] 
2014-07-16T04:18:34.086+0000: 2663.174: [GC [PSYoungGen: 762312K->612K(733888K)] 1016589K->255001K(1420864K), 0.0171800 secs] [Times: user=0.06 sys=0.00, real=0.02 secs] 
2014-07-16T04:18:35.745+0000: 2664.833: [GC [PSYoungGen: 733860K->836K(707072K)] 988249K->255297K(1394048K), 0.0250050 secs] [Times: user=0.08 sys=0.00, real=0.03 secs] 
2014-07-16T04:18:37.199+0000: 2666.287: [GC [PSYoungGen: 707012K->822K(848256K)] 961473K->255419K(1535232K), 0.0191890 secs] [Times: user=0.07 sys=0.00, real=0.02 secs] 
2014-07-16T04:18:38.945+0000: 2668.034: [GC [PSYoungGen: 848246K->612K(815616K)] 1102843K->255497K(1502592K), 0.0118330 secs] [Times: user=0.05 sys=0.00, real=0.01 secs] 
2014-07-16T04:18:40.737+0000: 2669.825: [GC [PSYoungGen: 815537K->776K(784896K)] 1070422K->255829K(1471872K), 0.0070850 secs] [Times: user=0.02 sys=0.00, real=0.01 secs] 
2014-07-16T04:18:42.451+0000: 2671.539: [GC [PSYoungGen: 784832K->612K(755200K)] 1039885K->255849K(1442176K), 0.0094090 secs] [Times: user=0.02 sys=0.00, real=0.01 secs] 
2014-07-16T04:18:44.004+0000: 2673.092: [GC [PSYoungGen: 755172K->466K(726976K)] 1010409K->255815K(1413952K), 0.0119990 secs] [Times: user=0.05 sys=0.00, real=0.01 secs] 
2014-07-16T04:18:45.628+0000: 2674.716: [GC [PSYoungGen: 726930K->498K(872320K)] 982279K->255919K(1559296K), 0.0296680 secs] [Times: user=0.11 sys=0.00, real=0.03 secs] 
2014-07-16T04:18:47.411+0000: 2676.499: [GC [PSYoungGen: 872306K->726K(838976K)] 1127727K->256251K(1525952K), 0.0070240 secs] [Times: user=0.02 sys=0.00, real=0.00 secs] 
2014-07-16T04:18:49.196+0000: 2678.284: [GC [PSYoungGen: 838934K->676K(806912K)] 1094459K->256353K(1493888K), 0.0056810 secs] [Times: user=0.01 sys=0.00, real=0.01 secs] 
2014-07-16T04:18:50.864+0000: 2679.952: [GC [PSYoungGen: 806884K->1078K(968576K)] 1062561K->257115K(1655552K), 0.0326660 secs] [Times: user=0.10 sys=0.00, real=0.03 secs] 
2014-07-16T04:18:52.905+0000: 2681.993: [GC [PSYoungGen: 968566K->352K(929728K)] 1224603K->256485K(1616704K), 0.0149450 secs] [Times: user=0.05 sys=0.00, real=0.01 secs] 
2014-07-16T04:18:54.807+0000: 2683.896: [GC [PSYoungGen: 929696K->594K(893632K)] 1185829K->256887K(1580608K), 0.0123430 secs] [Times: user=0.03 sys=0.00, real=0.01 secs] 
2014-07-16T04:18:56.828+0000: 2685.916: [GC [PSYoungGen: 893586K->658K(859072K)] 1149879K->257023K(1546048K), 0.0074420 secs] [Times: user=0.02 sys=0.00, real=0.01 secs] 
2014-07-16T04:18:58.608+0000: 2687.696: [GC [PSYoungGen: 859026K->1138K(826560K)] 1115391K->257671K(1513536K), 0.0058660 secs] [Times: user=0.02 sys=0.00, real=0.01 secs] 
2014-07-16T04:19:00.395+0000: 2689.483: [GC [PSYoungGen: 826467K->630K(794624K)] 1083000K->257443K(1481600K), 0.0159140 secs] [Times: user=0.05 sys=0.00, real=0.01 secs] 
2014-07-16T04:19:02.069+0000: 2691.158: [GC [PSYoungGen: 794614K->864K(764928K)] 1051427K->257829K(1451904K), 0.0160950 secs] [Times: user=0.05 sys=0.00, real=0.02 secs] 
2014-07-16T04:19:03.752+0000: 2692.840: [GC [PSYoungGen: 764896K->512K(736000K)] 1021861K->257613K(1422976K), 0.0250140 secs] [Times: user=0.08 sys=0.00, real=0.02 secs] 
2014-07-16T04:19:05.373+0000: 2694.461: [GC [PSYoungGen: 736000K->1184K(883840K)] 993101K->258421K(1570816K), 0.0263490 secs] [Times: user=0.08 sys=0.00, real=0.02 secs] 
2014-07-16T04:19:07.154+0000: 2696.242: [GC [PSYoungGen: 883808K->658K(1059904K)] 1141045K->257983K(1746880K), 0.0272300 secs] [Times: user=0.08 sys=0.00, real=0.02 secs] 
2014-07-16T04:19:09.325+0000: 2698.413: [GC [PSYoungGen: 1059858K->690K(1271744K)] 1317183K->258175K(1958720K), 0.0141550 secs] [Times: user=0.05 sys=0.00, real=0.01 secs] 
2014-07-16T04:19:12.079+0000: 2701.167: [GC [PSYoungGen: 1271730K->690K(1218944K)] 1529215K->258375K(1905920K), 0.0051000 secs] [Times: user=0.02 sys=0.00, real=0.01 secs] 
2014-07-16T04:19:14.617+0000: 2703.705: [GC [PSYoungGen: 1218925K->612K(1168640K)] 1476611K->258457K(1855616K), 0.0333030 secs] [Times: user=0.11 sys=0.00, real=0.03 secs] 
2014-07-16T04:19:17.074+0000: 2706.162: [GC [PSYoungGen: 1168612K->562K(1120768K)] 1426457K->258527K(1807744K), 0.0185310 secs] [Times: user=0.07 sys=0.00, real=0.01 secs] 
2014-07-16T04:19:19.460+0000: 2708.548: [GC [PSYoungGen: 1120754K->726K(1075456K)] 1378719K->258859K(1762432K), 0.0219740 secs] [Times: user=0.09 sys=0.00, real=0.02 secs] 
2014-07-16T04:19:21.824+0000: 2710.912: [GC [PSYoungGen: 1075414K->644K(1032064K)] 1333547K->259017K(1719040K), 0.0053980 secs] [Times: user=0.01 sys=0.00, real=0.01 secs] 
2014-07-16T04:19:24.098+0000: 2713.186: [GC [PSYoungGen: 1032004K->758K(990912K)] 1290377K->259291K(1677888K), 0.0052570 secs] [Times: user=0.01 sys=0.01, real=0.00 secs] 
2014-07-16T04:19:26.313+0000: 2715.401: [GC [PSYoungGen: 990902K->612K(951552K)] 1249435K->259281K(1638528K), 0.0068190 secs] [Times: user=0.02 sys=0.00, real=0.01 secs] 
2014-07-16T04:19:28.359+0000: 2717.447: [GC [PSYoungGen: 951524K->1074K(914624K)] 1210193K->259871K(1601600K), 0.0069200 secs] [Times: user=0.02 sys=0.00, real=0.01 secs] 
2014-07-16T04:19:30.237+0000: 2719.325: [GC [PSYoungGen: 914610K->630K(878592K)] 1173407K->259811K(1565568K), 0.0146620 secs] [Times: user=0.04 sys=0.00, real=0.01 secs] 
2014-07-16T04:19:32.203+0000: 2721.291: [GC [PSYoungGen: 878582K->576K(844608K)] 1137763K->259885K(1531584K), 0.0248800 secs] [Times: user=0.09 sys=0.00, real=0.03 secs] 
2014-07-16T04:19:34.059+0000: 2723.147: [GC [PSYoungGen: 844608K->644K(812416K)] 1103917K->260113K(1499392K), 0.0142890 secs] [Times: user=0.05 sys=0.00, real=0.01 secs] 
2014-07-16T04:19:35.700+0000: 2724.788: [GC [PSYoungGen: 812356K->370K(781312K)] 1071825K->259943K(1468288K), 0.0064670 secs] [Times: user=0.02 sys=0.00, real=0.01 secs] 
2014-07-16T04:19:37.473+0000: 2726.562: [GC [PSYoungGen: 781298K->658K(752320K)] 1040871K->260303K(1439296K), 0.0079150 secs] [Times: user=0.02 sys=0.01, real=0.01 secs] 
2014-07-16T04:19:39.158+0000: 2728.246: [GC [PSYoungGen: 752274K->484K(724160K)] 1011919K->260345K(1411136K), 0.0049640 secs] [Times: user=0.01 sys=0.00, real=0.00 secs] 
2014-07-16T04:19:40.738+0000: 2729.827: [GC [PSYoungGen: 724132K->274K(697344K)] 983993K->260263K(1384320K), 0.0314050 secs] [Times: user=0.11 sys=0.00, real=0.03 secs] 
2014-07-16T04:19:42.401+0000: 2731.490: [GC [PSYoungGen: 697296K->320K(671936K)] 957285K->260381K(1358912K), 0.0125040 secs] [Times: user=0.05 sys=0.00, real=0.01 secs] 
2014-07-16T04:19:43.877+0000: 2732.966: [GC [PSYoungGen: 671936K->320K(647680K)] 931997K->260501K(1334656K), 0.0149330 secs] [Times: user=0.05 sys=0.00, real=0.01 secs] 
2014-07-16T04:19:45.345+0000: 2734.433: [GC [PSYoungGen: 647680K->420K(624704K)] 907861K->260649K(1311680K), 0.0190480 secs] [Times: user=0.08 sys=0.00, real=0.02 secs] 
2014-07-16T04:19:46.804+0000: 2735.892: [GC [PSYoungGen: 624593K->662K(602880K)] 884823K->260971K(1289856K), 0.0068610 secs] [Times: user=0.01 sys=0.00, real=0.01 secs] 
2014-07-16T04:19:48.132+0000: 2737.220: [GC [PSYoungGen: 602785K->580K(581760K)] 863095K->261025K(1268736K), 0.0052340 secs] [Times: user=0.02 sys=0.00, real=0.00 secs] 
2014-07-16T04:19:49.392+0000: 2738.480: [GC [PSYoungGen: 581700K->320K(697664K)] 842145K->260885K(1384640K), 0.0284000 secs] [Times: user=0.11 sys=0.00, real=0.03 secs] 
2014-07-16T04:19:50.947+0000: 2740.035: [GC [PSYoungGen: 697664K->416K(672384K)] 958229K->261069K(1359360K), 0.0085870 secs] [Times: user=0.02 sys=0.00, real=0.02 secs] 
2014-07-16T04:19:52.525+0000: 2741.613: [GC [PSYoungGen: 672352K->192K(647872K)] 933005K->260933K(1334848K), 0.0055150 secs] [Times: user=0.01 sys=0.00, real=0.01 secs] 
2014-07-16T04:19:53.940+0000: 2743.029: [GC [PSYoungGen: 647872K->370K(624960K)] 908613K->261207K(1311936K), 0.0045540 secs] [Times: user=0.01 sys=0.00, real=0.00 secs] 
2014-07-16T04:19:55.381+0000: 2744.469: [GC [PSYoungGen: 624946K->370K(602880K)] 885783K->261247K(1289856K), 0.0153470 secs] [Times: user=0.06 sys=0.00, real=0.01 secs] 
2014-07-16T04:19:56.787+0000: 2745.875: [GC [PSYoungGen: 602848K->552K(723584K)] 863725K->261525K(1410560K), 0.0255330 secs] [Times: user=0.10 sys=0.00, real=0.03 secs] 
2014-07-16T04:19:58.375+0000: 2747.463: [GC [PSYoungGen: 723516K->598K(868288K)] 984489K->261699K(1555264K), 0.0153660 secs] [Times: user=0.05 sys=0.01, real=0.02 secs] 
2014-07-16T04:20:00.298+0000: 2749.386: [GC [PSYoungGen: 868246K->416K(834688K)] 1129347K->261629K(1521664K), 0.0121030 secs] [Times: user=0.03 sys=0.00, real=0.02 secs] 
2014-07-16T04:20:02.201+0000: 2751.289: [GC [PSYoungGen: 834656K->872K(803328K)] 1095869K->262285K(1490304K), 0.0171990 secs] [Times: user=0.07 sys=0.00, real=0.01 secs] 
2014-07-16T04:20:03.978+0000: 2753.066: [GC [PSYoungGen: 803304K->580K(772736K)] 1064717K->262171K(1459712K), 0.0186600 secs] [Times: user=0.07 sys=0.00, real=0.02 secs] 
2014-07-16T04:20:05.705+0000: 2754.793: [GC [PSYoungGen: 772672K->548K(927104K)] 1034264K->262219K(1614080K), 0.0217340 secs] [Times: user=0.08 sys=0.00, real=0.02 secs] 
2014-07-16T04:20:07.815+0000: 2756.903: [GC [PSYoungGen: 927076K->352K(890688K)] 1188747K->262095K(1577664K), 0.0140630 secs] [Times: user=0.04 sys=0.00, real=0.01 secs] 
2014-07-16T04:20:09.765+0000: 2758.853: [GC [PSYoungGen: 890656K->384K(856192K)] 1152399K->262327K(1543168K), 0.0152960 secs] [Times: user=0.05 sys=0.00, real=0.01 secs] 
2014-07-16T04:20:11.725+0000: 2760.813: [GC [PSYoungGen: 856192K->594K(823616K)] 1118135K->262649K(1510592K), 0.0056950 secs] [Times: user=0.01 sys=0.00, real=0.00 secs] 
2014-07-16T04:20:13.507+0000: 2762.596: [GC [PSYoungGen: 823569K->612K(792320K)] 1085624K->262827K(1479296K), 0.0130930 secs] [Times: user=0.04 sys=0.00, real=0.01 secs] 
2014-07-16T04:20:15.259+0000: 2764.347: [GC [PSYoungGen: 792292K->580K(762496K)] 1054507K->262859K(1449472K), 0.0104170 secs] [Times: user=0.04 sys=0.00, real=0.01 secs] 
2014-07-16T04:20:17.046+0000: 2766.134: [GC [PSYoungGen: 762364K->676K(734144K)] 1024643K->263043K(1421120K), 0.0178370 secs] [Times: user=0.06 sys=0.00, real=0.02 secs] 
2014-07-16T04:20:18.702+0000: 2767.790: [GC [PSYoungGen: 734116K->562K(706880K)] 996483K->263105K(1393856K), 0.0105050 secs] [Times: user=0.04 sys=0.00, real=0.01 secs] 
2014-07-16T04:20:20.317+0000: 2769.405: [GC [PSYoungGen: 706866K->818K(681280K)] 969409K->263561K(1368256K), 0.0053060 secs] [Times: user=0.01 sys=0.00, real=0.00 secs] 
2014-07-16T04:20:21.913+0000: 2771.001: [GC [PSYoungGen: 681266K->932K(817536K)] 944009K->263803K(1504512K), 0.0423290 secs] [Times: user=0.16 sys=0.00, real=0.04 secs] 
2014-07-16T04:20:23.732+0000: 2772.820: [GC [PSYoungGen: 817489K->356K(980288K)] 1080361K->263339K(1667264K), 0.0309780 secs] [Times: user=0.12 sys=0.01, real=0.03 secs] 
2014-07-16T04:20:25.930+0000: 2775.019: [GC [PSYoungGen: 980260K->630K(941760K)] 1243243K->263717K(1628736K), 0.0042240 secs] [Times: user=0.01 sys=0.00, real=0.01 secs] 
2014-07-16T04:20:28.047+0000: 2777.135: [GC [PSYoungGen: 941750K->690K(904896K)] 1204837K->263857K(1591872K), 0.0129340 secs] [Times: user=0.04 sys=0.00, real=0.01 secs] 
2014-07-16T04:20:30.032+0000: 2779.120: [GC [PSYoungGen: 904882K->726K(869824K)] 1168049K->264117K(1556800K), 0.0241610 secs] [Times: user=0.09 sys=0.00, real=0.03 secs] 
2014-07-16T04:20:32.020+0000: 2781.109: [GC [PSYoungGen: 869782K->744K(836352K)] 1133173K->264295K(1523328K), 0.0162480 secs] [Times: user=0.07 sys=0.00, real=0.02 secs] 
2014-07-16T04:20:33.879+0000: 2782.967: [GC [PSYoungGen: 836328K->466K(804224K)] 1099879K->264113K(1491200K), 0.0045570 secs] [Times: user=0.02 sys=0.00, real=0.00 secs] 
2014-07-16T04:20:35.674+0000: 2784.762: [GC [PSYoungGen: 804178K->612K(773952K)] 1067825K->264347K(1460928K), 0.0063990 secs] [Times: user=0.01 sys=0.00, real=0.01 secs] 
2014-07-16T04:20:37.440+0000: 2786.529: [GC [PSYoungGen: 773924K->484K(744832K)] 1037659K->264299K(1431808K), 0.0043880 secs] [Times: user=0.01 sys=0.00, real=0.00 secs] 
2014-07-16T04:20:39.071+0000: 2788.159: [GC [PSYoungGen: 744804K->384K(717120K)] 1008619K->264383K(1404096K), 0.0076680 secs] [Times: user=0.02 sys=0.00, real=0.01 secs] 
2014-07-16T04:20:40.647+0000: 2789.735: [GC [PSYoungGen: 717120K->224K(690688K)] 981119K->264327K(1377664K), 0.0062930 secs] [Times: user=0.02 sys=0.00, real=0.00 secs] 
2014-07-16T04:20:42.293+0000: 2791.381: [GC [PSYoungGen: 690590K->534K(665920K)] 954693K->264717K(1352896K), 0.0128300 secs] [Times: user=0.04 sys=0.00, real=0.01 secs] 
2014-07-16T04:20:43.746+0000: 2792.834: [GC [PSYoungGen: 665878K->506K(641920K)] 930061K->264785K(1328896K), 0.0186290 secs] [Times: user=0.07 sys=0.00, real=0.02 secs] 
2014-07-16T04:20:45.178+0000: 2794.266: [GC [PSYoungGen: 641914K->338K(618944K)] 906193K->264657K(1305920K), 0.0050030 secs] [Times: user=0.01 sys=0.00, real=0.00 secs] 
2014-07-16T04:20:46.596+0000: 2795.684: [GC [PSYoungGen: 618898K->552K(597312K)] 883217K->264919K(1284288K), 0.0046180 secs] [Times: user=0.01 sys=0.00, real=0.01 secs] 
2014-07-16T04:20:48.025+0000: 2797.113: [GC [PSYoungGen: 597287K->516K(576512K)] 861655K->264979K(1263488K), 0.0118010 secs] [Times: user=0.03 sys=0.00, real=0.01 secs] 
2014-07-16T04:20:49.290+0000: 2798.379: [GC [PSYoungGen: 576363K->534K(556672K)] 840827K->265173K(1243648K), 0.0081020 secs] [Times: user=0.04 sys=0.00, real=0.01 secs] 
2014-07-16T04:20:50.500+0000: 2799.588: [GC [PSYoungGen: 556630K->160K(537344K)] 821269K->264903K(1224320K), 0.0092840 secs] [Times: user=0.02 sys=0.00, real=0.01 secs] 
2014-07-16T04:20:51.685+0000: 2800.773: [GC [PSYoungGen: 537312K->256K(519296K)] 802055K->265063K(1206272K), 0.0188510 secs] [Times: user=0.06 sys=0.00, real=0.02 secs] 
2014-07-16T04:20:52.892+0000: 2801.980: [GC [PSYoungGen: 519296K->498K(502272K)] 784103K->265345K(1189248K), 0.0125180 secs] [Times: user=0.04 sys=0.00, real=0.01 secs] 
2014-07-16T04:20:53.995+0000: 2803.083: [GC [PSYoungGen: 502258K->384K(485632K)] 767105K->265311K(1172608K), 0.0057770 secs] [Times: user=0.01 sys=0.00, real=0.01 secs] 
2014-07-16T04:20:55.091+0000: 2804.179: [GC [PSYoungGen: 485632K->402K(469888K)] 750559K->265361K(1156864K), 0.0049520 secs] [Times: user=0.01 sys=0.00, real=0.00 secs] 
2014-07-16T04:20:56.136+0000: 2805.224: [GC [PSYoungGen: 469842K->552K(454912K)] 734801K->265575K(1141888K), 0.0178870 secs] [Times: user=0.06 sys=0.00, real=0.02 secs] 
2014-07-16T04:20:57.226+0000: 2806.314: [GC [PSYoungGen: 454888K->680K(440576K)] 719911K->265975K(1127552K), 0.0051850 secs] [Times: user=0.02 sys=0.00, real=0.01 secs] 
2014-07-16T04:20:58.173+0000: 2807.262: [GC [PSYoungGen: 440552K->484K(528384K)] 705847K->265931K(1215360K), 0.0255170 secs] [Times: user=0.09 sys=0.00, real=0.02 secs] 
2014-07-16T04:20:59.331+0000: 2808.419: [GC [PSYoungGen: 528356K->160K(633664K)] 793803K->265727K(1320640K), 0.0047240 secs] [Times: user=0.01 sys=0.00, real=0.00 secs] 
2014-07-16T04:21:00.716+0000: 2809.804: [GC [PSYoungGen: 633632K->256K(611264K)] 899199K->265911K(1298240K), 0.0098180 secs] [Times: user=0.03 sys=0.00, real=0.01 secs] 
2014-07-16T04:21:02.071+0000: 2811.159: [GC [PSYoungGen: 611264K->498K(733760K)] 876919K->266257K(1420736K), 0.0415780 secs] [Times: user=0.15 sys=0.00, real=0.04 secs] 
2014-07-16T04:21:03.823+0000: 2812.911: [GC [PSYoungGen: 733674K->616K(880576K)] 999433K->266447K(1567552K), 0.0077500 secs] [Times: user=0.02 sys=0.00, real=0.01 secs] 
2014-07-16T04:21:05.777+0000: 2814.865: [GC [PSYoungGen: 880552K->402K(1056384K)] 1146383K->266353K(1743360K), 0.0216410 secs] [Times: user=0.08 sys=0.00, real=0.02 secs] 
2014-07-16T04:21:08.335+0000: 2817.423: [GC [PSYoungGen: 1056338K->594K(1267776K)] 1322289K->266593K(1954752K), 0.0299140 secs] [Times: user=0.10 sys=0.00, real=0.03 secs] 
2014-07-16T04:21:11.133+0000: 2820.221: [GC [PSYoungGen: 1267730K->512K(1215040K)] 1533729K->266839K(1902016K), 0.0075360 secs] [Times: user=0.01 sys=0.00, real=0.00 secs] 
2014-07-16T04:21:13.838+0000: 2822.926: [GC [PSYoungGen: 1215040K->352K(1164864K)] 1481367K->266815K(1851840K), 0.0181610 secs] [Times: user=0.06 sys=0.01, real=0.02 secs] 
2014-07-16T04:21:16.442+0000: 2825.530: [GC [PSYoungGen: 1164832K->498K(1117376K)] 1431295K->267089K(1804352K), 0.0147770 secs] [Times: user=0.05 sys=0.00, real=0.01 secs] 
2014-07-16T04:21:18.963+0000: 2828.051: [GC [PSYoungGen: 1117292K->640K(1072192K)] 1383884K->267359K(1759168K), 0.0306970 secs] [Times: user=0.10 sys=0.00, real=0.03 secs] 
2014-07-16T04:21:21.329+0000: 2830.418: [GC [PSYoungGen: 1072192K->352K(1028800K)] 1338911K->267311K(1715776K), 0.0081950 secs] [Times: user=0.02 sys=0.00, real=0.01 secs] 
2014-07-16T04:21:23.651+0000: 2832.739: [GC [PSYoungGen: 1028768K->448K(987776K)] 1295727K->267527K(1674752K), 0.0145050 secs] [Times: user=0.05 sys=0.00, real=0.02 secs] 
2014-07-16T04:21:25.819+0000: 2834.907: [GC [PSYoungGen: 987776K->352K(948608K)] 1254855K->267559K(1635584K), 0.0059020 secs] [Times: user=0.01 sys=0.00, real=0.01 secs] 
2014-07-16T04:21:28.035+0000: 2837.123: [GC [PSYoungGen: 948490K->804K(911808K)] 1215697K->268091K(1598784K), 0.0098400 secs] [Times: user=0.02 sys=0.00, real=0.01 secs] 
2014-07-16T04:21:30.049+0000: 2839.137: [GC [PSYoungGen: 911748K->466K(876032K)] 1179035K->268001K(1563008K), 0.0060850 secs] [Times: user=0.01 sys=0.00, real=0.01 secs] 
2014-07-16T04:21:31.974+0000: 2841.063: [GC [PSYoungGen: 875986K->602K(842368K)] 1143521K->268289K(1529344K), 0.0301370 secs] [Times: user=0.08 sys=0.00, real=0.03 secs] 
2014-07-16T04:21:33.897+0000: 2842.985: [GC [PSYoungGen: 842330K->562K(810112K)] 1110017K->268329K(1497088K), 0.0311260 secs] [Times: user=0.10 sys=0.00, real=0.03 secs] 
2014-07-16T04:21:35.686+0000: 2844.774: [GC [PSYoungGen: 810053K->356K(779264K)] 1077820K->268243K(1466240K), 0.0183900 secs] [Times: user=0.07 sys=0.00, real=0.02 secs] 
2014-07-16T04:21:37.399+0000: 2846.488: [GC [PSYoungGen: 779236K->320K(749952K)] 1047123K->268263K(1436928K), 0.0039090 secs] [Times: user=0.01 sys=0.00, real=0.00 secs] 
2014-07-16T04:21:39.119+0000: 2848.207: [GC [PSYoungGen: 749946K->598K(722432K)] 1017889K->268677K(1409408K), 0.0067350 secs] [Times: user=0.02 sys=0.00, real=0.01 secs] 
2014-07-16T04:21:40.795+0000: 2849.883: [GC [PSYoungGen: 722387K->338K(695616K)] 990466K->268593K(1382592K), 0.0077100 secs] [Times: user=0.02 sys=0.00, real=0.00 secs] 
2014-07-16T04:21:42.329+0000: 2851.417: [GC [PSYoungGen: 695570K->416K(670336K)] 963825K->268799K(1357312K), 0.0189920 secs] [Times: user=0.06 sys=0.00, real=0.02 secs] 
2014-07-16T04:21:43.911+0000: 2852.999: [GC [PSYoungGen: 670304K->370K(646144K)] 938687K->268801K(1333120K), 0.0078260 secs] [Times: user=0.02 sys=0.00, real=0.01 secs] 
2014-07-16T04:21:45.326+0000: 2854.414: [GC [PSYoungGen: 646073K->452K(623232K)] 914505K->269003K(1310208K), 0.0079130 secs] [Times: user=0.02 sys=0.00, real=0.00 secs] 
2014-07-16T04:21:46.705+0000: 2855.794: [GC [PSYoungGen: 623172K->352K(601088K)] 891723K->268951K(1288064K), 0.0172780 secs] [Times: user=0.07 sys=0.00, real=0.02 secs] 
2014-07-16T04:21:48.108+0000: 2857.196: [GC [PSYoungGen: 601054K->740K(721664K)] 869653K->269611K(1408640K), 0.0334860 secs] [Times: user=0.10 sys=0.00, real=0.03 secs] 
2014-07-16T04:21:49.768+0000: 2858.856: [GC [PSYoungGen: 721636K->434K(694848K)] 990507K->269605K(1381824K), 0.0052980 secs] [Times: user=0.01 sys=0.00, real=0.00 secs] 
2014-07-16T04:21:51.326+0000: 2860.414: [GC [PSYoungGen: 694834K->804K(669952K)] 964005K->270183K(1356928K), 0.0060010 secs] [Times: user=0.02 sys=0.00, real=0.01 secs] 
2014-07-16T04:21:52.773+0000: 2861.861: [GC [PSYoungGen: 669924K->766K(645760K)] 939303K->270241K(1332736K), 0.0107430 secs] [Times: user=0.01 sys=0.00, real=0.01 secs] 
2014-07-16T04:21:54.288+0000: 2863.377: [GC [PSYoungGen: 645758K->374K(622336K)] 915233K->269881K(1309312K), 0.0055480 secs] [Times: user=0.01 sys=0.00, real=0.00 secs] 
2014-07-16T04:21:55.655+0000: 2864.743: [GC [PSYoungGen: 622326K->320K(600320K)] 891833K->269923K(1287296K), 0.0226360 secs] [Times: user=0.08 sys=0.00, real=0.03 secs] 
2014-07-16T04:21:56.977+0000: 2866.065: [GC [PSYoungGen: 600320K->448K(579520K)] 869923K->270083K(1266496K), 0.0150080 secs] [Times: user=0.06 sys=0.00, real=0.02 secs] 
2014-07-16T04:21:58.364+0000: 2867.452: [GC [PSYoungGen: 579520K->352K(695296K)] 849155K->270083K(1382272K), 0.0171470 secs] [Times: user=0.05 sys=0.00, real=0.02 secs] 
2014-07-16T04:21:59.956+0000: 2869.044: [GC [PSYoungGen: 695264K->744K(670336K)] 964995K->270659K(1357312K), 0.0134730 secs] [Times: user=0.04 sys=0.00, real=0.02 secs] 
2014-07-16T04:22:01.420+0000: 2870.508: [GC [PSYoungGen: 670281K->384K(645824K)] 940196K->270443K(1332800K), 0.0082210 secs] [Times: user=0.01 sys=0.00, real=0.01 secs] 
2014-07-16T04:22:02.842+0000: 2871.931: [GC [PSYoungGen: 645824K->274K(622720K)] 915883K->270397K(1309696K), 0.0160540 secs] [Times: user=0.06 sys=0.00, real=0.01 secs] 
2014-07-16T04:22:04.294+0000: 2873.382: [GC [PSYoungGen: 622674K->192K(600640K)] 892797K->270371K(1287616K), 0.0061060 secs] [Times: user=0.01 sys=0.00, real=0.01 secs] 
2014-07-16T04:22:05.620+0000: 2874.709: [GC [PSYoungGen: 600638K->502K(579968K)] 870817K->270785K(1266944K), 0.0088890 secs] [Times: user=0.02 sys=0.00, real=0.01 secs] 
2014-07-16T04:22:06.901+0000: 2875.990: [GC [PSYoungGen: 579958K->402K(559872K)] 850241K->270749K(1246848K), 0.0106510 secs] [Times: user=0.02 sys=0.00, real=0.01 secs] 
2014-07-16T04:22:08.184+0000: 2877.272: [GC [PSYoungGen: 559750K->644K(672064K)] 830098K->271103K(1359040K), 0.0307510 secs] [Times: user=0.11 sys=0.00, real=0.03 secs] 
2014-07-16T04:22:09.810+0000: 2878.898: [GC [PSYoungGen: 672004K->786K(806464K)] 942463K->271373K(1493440K), 0.0352460 secs] [Times: user=0.13 sys=0.00, real=0.03 secs] 
2014-07-16T04:22:11.574+0000: 2880.662: [GC [PSYoungGen: 806418K->224K(967040K)] 1077005K->271003K(1654016K), 0.0182920 secs] [Times: user=0.07 sys=0.00, real=0.02 secs] 
2014-07-16T04:22:13.783+0000: 2882.871: [GC [PSYoungGen: 967008K->416K(1160640K)] 1237787K->271275K(1847616K), 0.0148030 secs] [Times: user=0.05 sys=0.00, real=0.01 secs] 
2014-07-16T04:22:16.354+0000: 2885.443: [GC [PSYoungGen: 1160608K->402K(1352000K)] 1431467K->271373K(2038976K), 0.0143170 secs] [Times: user=0.06 sys=0.00, real=0.01 secs] 
2014-07-16T04:22:19.375+0000: 2888.463: [GC [PSYoungGen: 1351378K->530K(1294848K)] 1622349K->271613K(1981824K), 0.0095220 secs] [Times: user=0.02 sys=0.00, real=0.01 secs] 
2014-07-16T04:22:22.235+0000: 2891.323: [GC [PSYoungGen: 1294802K->384K(1240704K)] 1565885K->271763K(1927680K), 0.0302710 secs] [Times: user=0.11 sys=0.00, real=0.03 secs] 
2014-07-16T04:22:25.029+0000: 2894.117: [GC [PSYoungGen: 1240704K->502K(1189504K)] 1512083K->272009K(1876480K), 0.0058890 secs] [Times: user=0.01 sys=0.00, real=0.01 secs] 
2014-07-16T04:22:27.662+0000: 2896.750: [GC [PSYoungGen: 1189493K->566K(1140736K)] 1461001K->272201K(1827712K), 0.0054050 secs] [Times: user=0.02 sys=0.00, real=0.00 secs] 
2014-07-16T04:22:30.192+0000: 2899.280: [GC [PSYoungGen: 1140726K->512K(1094208K)] 1412361K->272323K(1781184K), 0.0099100 secs] [Times: user=0.03 sys=0.00, real=0.01 secs] 
2014-07-16T04:22:32.647+0000: 2901.735: [GC [PSYoungGen: 1094208K->306K(1049792K)] 1366019K->272309K(1736768K), 0.0050410 secs] [Times: user=0.02 sys=0.00, real=0.00 secs] 
2014-07-16T04:22:35.026+0000: 2904.114: [GC [PSYoungGen: 1049739K->562K(1007936K)] 1321743K->272701K(1694912K), 0.0233350 secs] [Times: user=0.09 sys=0.00, real=0.02 secs] 
2014-07-16T04:22:37.234+0000: 2906.322: [GC [PSYoungGen: 1007922K->384K(967680K)] 1280061K->272643K(1654656K), 0.0183140 secs] [Times: user=0.07 sys=0.01, real=0.01 secs] 
2014-07-16T04:22:39.451+0000: 2908.540: [GC [PSYoungGen: 967680K->758K(929920K)] 1239939K->273257K(1616896K), 0.0306470 secs] [Times: user=0.11 sys=0.00, real=0.03 secs] 
2014-07-16T04:22:41.511+0000: 2910.599: [GC [PSYoungGen: 929833K->634K(893440K)] 1202333K->273341K(1580416K), 0.0198780 secs] [Times: user=0.07 sys=0.00, real=0.02 secs] 
2014-07-16T04:22:43.507+0000: 2912.596: [GC [PSYoungGen: 893375K->548K(858752K)] 1166082K->273383K(1545728K), 0.0219770 secs] [Times: user=0.08 sys=0.00, real=0.02 secs] 
2014-07-16T04:22:45.446+0000: 2914.535: [GC [PSYoungGen: 858724K->352K(825600K)] 1131559K->273267K(1512576K), 0.0231650 secs] [Times: user=0.08 sys=0.00, real=0.02 secs] 
2014-07-16T04:22:47.272+0000: 2916.361: [GC [PSYoungGen: 825568K->726K(794560K)] 1098483K->273737K(1481536K), 0.0068060 secs] [Times: user=0.02 sys=0.00, real=0.01 secs] 
2014-07-16T04:22:49.118+0000: 2918.206: [GC [PSYoungGen: 794517K->950K(953536K)] 1067529K->274185K(1640512K), 0.0298430 secs] [Times: user=0.11 sys=0.00, real=0.03 secs] 
2014-07-16T04:22:51.296+0000: 2920.384: [GC [PSYoungGen: 953526K->256K(915392K)] 1226761K->273847K(1602368K), 0.0054290 secs] [Times: user=0.02 sys=0.00, real=0.01 secs] 
2014-07-16T04:22:53.304+0000: 2922.392: [GC [PSYoungGen: 915392K->538K(880064K)] 1188983K->274297K(1567040K), 0.0068050 secs] [Times: user=0.02 sys=0.00, real=0.01 secs] 
2014-07-16T04:22:55.373+0000: 2924.461: [GC [PSYoungGen: 879995K->420K(845952K)] 1153755K->274367K(1532928K), 0.0195150 secs] [Times: user=0.07 sys=0.00, real=0.02 secs] 
2014-07-16T04:22:57.252+0000: 2926.340: [GC [PSYoungGen: 845924K->352K(813504K)] 1119871K->274419K(1500480K), 0.0086540 secs] [Times: user=0.02 sys=0.00, real=0.01 secs] 
2014-07-16T04:22:59.050+0000: 2928.139: [GC [PSYoungGen: 813450K->708K(783040K)] 1087518K->274935K(1470016K), 0.0308630 secs] [Times: user=0.12 sys=0.00, real=0.03 secs] 
2014-07-16T04:23:00.916+0000: 2930.004: [GC [PSYoungGen: 782916K->594K(753536K)] 1057143K->274957K(1440512K), 0.0065540 secs] [Times: user=0.02 sys=0.00, real=0.01 secs] 
2014-07-16T04:23:02.667+0000: 2931.755: [GC [PSYoungGen: 753490K->256K(725120K)] 1027853K->274763K(1412096K), 0.0182040 secs] [Times: user=0.06 sys=0.00, real=0.02 secs] 
2014-07-16T04:23:04.271+0000: 2933.359: [GC [PSYoungGen: 725120K->370K(698560K)] 999627K->274989K(1385536K), 0.0129820 secs] [Times: user=0.05 sys=0.00, real=0.01 secs] 
2014-07-16T04:23:05.818+0000: 2934.907: [GC [PSYoungGen: 698546K->598K(673344K)] 973165K->275281K(1360320K), 0.0070960 secs] [Times: user=0.01 sys=0.00, real=0.00 secs] 
2014-07-16T04:23:07.281+0000: 2936.369: [GC [PSYoungGen: 673302K->594K(649088K)] 947985K->275333K(1336064K), 0.0117280 secs] [Times: user=0.02 sys=0.00, real=0.01 secs] 
2014-07-16T04:23:08.708+0000: 2937.796: [GC [PSYoungGen: 649035K->416K(625728K)] 923774K->275307K(1312704K), 0.0072480 secs] [Times: user=0.01 sys=0.00, real=0.01 secs] 
2014-07-16T04:23:10.191+0000: 2939.280: [GC [PSYoungGen: 625632K->730K(603968K)] 900523K->275709K(1290944K), 0.0190230 secs] [Times: user=0.06 sys=0.00, real=0.02 secs] 
2014-07-16T04:23:11.539+0000: 2940.628: [GC [PSYoungGen: 603930K->484K(582592K)] 878909K->275623K(1269568K), 0.0111120 secs] [Times: user=0.01 sys=0.00, real=0.01 secs] 
2014-07-16T04:23:12.822+0000: 2941.910: [GC [PSYoungGen: 582564K->420K(562368K)] 857703K->275631K(1249344K), 0.0151550 secs] [Times: user=0.06 sys=0.00, real=0.01 secs] 
2014-07-16T04:23:14.060+0000: 2943.149: [GC [PSYoungGen: 562340K->466K(543232K)] 837551K->275741K(1230208K), 0.0105120 secs] [Times: user=0.04 sys=0.00, real=0.01 secs] 
2014-07-16T04:23:15.295+0000: 2944.383: [GC [PSYoungGen: 543186K->370K(524736K)] 818461K->275701K(1211712K), 0.0116980 secs] [Times: user=0.03 sys=0.00, real=0.01 secs] 
2014-07-16T04:23:16.457+0000: 2945.545: [GC [PSYoungGen: 524722K->448K(629696K)] 800053K->275859K(1316672K), 0.0230550 secs] [Times: user=0.07 sys=0.00, real=0.02 secs] 
2014-07-16T04:23:17.867+0000: 2946.956: [GC [PSYoungGen: 629696K->402K(607424K)] 905107K->275877K(1294400K), 0.0053850 secs] [Times: user=0.01 sys=0.00, real=0.01 secs] 
2014-07-16T04:23:19.231+0000: 2948.319: [GC [PSYoungGen: 607330K->448K(728832K)] 882806K->276067K(1415808K), 0.0251930 secs] [Times: user=0.09 sys=0.00, real=0.02 secs] 
2014-07-16T04:23:20.853+0000: 2949.942: [GC [PSYoungGen: 728832K->434K(874560K)] 1004451K->276165K(1561536K), 0.0240140 secs] [Times: user=0.08 sys=0.00, real=0.02 secs] 
2014-07-16T04:23:22.891+0000: 2951.979: [GC [PSYoungGen: 874503K->644K(1049664K)] 1150235K->276487K(1736640K), 0.0324330 secs] [Times: user=0.12 sys=0.00, real=0.03 secs] 
2014-07-16T04:23:25.245+0000: 2954.333: [GC [PSYoungGen: 1049604K->384K(1259136K)] 1325447K->276363K(1946112K), 0.0113350 secs] [Times: user=0.03 sys=0.00, real=0.01 secs] 
2014-07-16T04:23:27.993+0000: 2957.082: [GC [PSYoungGen: 1259136K->544K(1207104K)] 1535115K->276651K(1894080K), 0.0086630 secs] [Times: user=0.03 sys=0.00, real=0.01 secs] 
2014-07-16T04:23:30.685+0000: 2959.773: [GC [PSYoungGen: 1207072K->480K(1157376K)] 1483179K->276755K(1844352K), 0.0086870 secs] [Times: user=0.01 sys=0.00, real=0.01 secs] 
2014-07-16T04:23:33.331+0000: 2962.419: [GC [PSYoungGen: 1157344K->612K(1110208K)] 1433619K->277079K(1797184K), 0.0059070 secs] [Times: user=0.02 sys=0.00, real=0.01 secs] 
2014-07-16T04:23:35.812+0000: 2964.900: [GC [PSYoungGen: 1110180K->626K(1065216K)] 1386647K->277245K(1752192K), 0.0126810 secs] [Times: user=0.04 sys=0.00, real=0.02 secs] 
2014-07-16T04:23:38.159+0000: 2967.247: [GC [PSYoungGen: 1065202K->512K(1022272K)] 1341821K->277211K(1709248K), 0.0047990 secs] [Times: user=0.02 sys=0.00, real=0.01 secs] 
2014-07-16T04:23:40.490+0000: 2969.578: [GC [PSYoungGen: 1022272K->448K(981440K)] 1298971K->277331K(1668416K), 0.0077090 secs] [Times: user=0.02 sys=0.00, real=0.01 secs] 
2014-07-16T04:23:42.678+0000: 2971.767: [GC [PSYoungGen: 981440K->516K(942784K)] 1258323K->277599K(1629760K), 0.0152970 secs] [Times: user=0.06 sys=0.00, real=0.01 secs] 
2014-07-16T04:23:44.780+0000: 2973.868: [GC [PSYoungGen: 942724K->256K(905536K)] 1219807K->277459K(1592512K), 0.0188630 secs] [Times: user=0.06 sys=0.00, real=0.02 secs] 
2014-07-16T04:23:46.850+0000: 2975.938: [GC [PSYoungGen: 905536K->352K(870464K)] 1182739K->277627K(1557440K), 0.0166970 secs] [Times: user=0.07 sys=0.00, real=0.02 secs] 
2014-07-16T04:23:48.769+0000: 2977.857: [GC [PSYoungGen: 870432K->716K(837312K)] 1147707K->278151K(1524288K), 0.0098210 secs] [Times: user=0.03 sys=0.01, real=0.01 secs] 
2014-07-16T04:23:50.672+0000: 2979.760: [GC [PSYoungGen: 837260K->562K(805184K)] 1114695K->278141K(1492160K), 0.0182750 secs] [Times: user=0.06 sys=0.00, real=0.02 secs] 
2014-07-16T04:23:52.461+0000: 2981.549: [GC [PSYoungGen: 805170K->704K(774848K)] 1082749K->278435K(1461824K), 0.0081180 secs] [Times: user=0.02 sys=0.00, real=0.01 secs] 
2014-07-16T04:23:54.257+0000: 2983.345: [GC [PSYoungGen: 774848K->420K(745600K)] 1052579K->278215K(1432576K), 0.0077060 secs] [Times: user=0.02 sys=0.00, real=0.00 secs] 
2014-07-16T04:23:56.003+0000: 2985.091: [GC [PSYoungGen: 745504K->538K(718080K)] 1023299K->278421K(1405056K), 0.0107710 secs] [Times: user=0.04 sys=0.00, real=0.01 secs] 
2014-07-16T04:23:57.575+0000: 2986.663: [GC [PSYoungGen: 718042K->256K(691392K)] 995925K->278235K(1378368K), 0.0147690 secs] [Times: user=0.04 sys=0.00, real=0.02 secs] 
2014-07-16T04:23:59.102+0000: 2988.190: [GC [PSYoungGen: 691388K->416K(666432K)] 969368K->278547K(1353408K), 0.0099870 secs] [Times: user=0.02 sys=0.01, real=0.01 secs] 
2014-07-16T04:24:00.635+0000: 2989.723: [GC [PSYoungGen: 666400K->434K(642432K)] 944531K->278693K(1329408K), 0.0111740 secs] [Times: user=0.05 sys=0.00, real=0.01 secs] 
2014-07-16T04:24:02.084+0000: 2991.172: [GC [PSYoungGen: 642418K->644K(619840K)] 920677K->279007K(1306816K), 0.0244590 secs] [Times: user=0.08 sys=0.00, real=0.03 secs] 
2014-07-16T04:24:03.467+0000: 2992.555: [GC [PSYoungGen: 619773K->288K(597632K)] 898136K->278715K(1284608K), 0.0122190 secs] [Times: user=0.04 sys=0.00, real=0.01 secs] 
2014-07-16T04:24:04.881+0000: 2993.969: [GC [PSYoungGen: 597600K->434K(576960K)] 876027K->278917K(1263936K), 0.0049780 secs] [Times: user=0.01 sys=0.00, real=0.00 secs] 
2014-07-16T04:24:06.245+0000: 2995.334: [GC [PSYoungGen: 576913K->502K(557120K)] 855397K->279081K(1244096K), 0.0053640 secs] [Times: user=0.02 sys=0.00, real=0.01 secs] 
2014-07-16T04:24:07.506+0000: 2996.594: [GC [PSYoungGen: 557110K->466K(538112K)] 835689K->279133K(1225088K), 0.0139590 secs] [Times: user=0.04 sys=0.00, real=0.02 secs] 
2014-07-16T04:24:08.720+0000: 2997.808: [GC [PSYoungGen: 538066K->480K(645632K)] 816733K->279299K(1332608K), 0.0265460 secs] [Times: user=0.10 sys=0.00, real=0.02 secs] 
2014-07-16T04:24:10.145+0000: 2999.233: [GC [PSYoungGen: 645600K->288K(774464K)] 924419K->279203K(1461440K), 0.0138640 secs] [Times: user=0.05 sys=0.00, real=0.02 secs] 
2014-07-16T04:24:11.882+0000: 3000.970: [GC [PSYoungGen: 774432K->256K(745408K)] 1053347K->279259K(1432384K), 0.0058280 secs] [Times: user=0.02 sys=0.00, real=0.00 secs] 
2014-07-16T04:24:13.551+0000: 3002.639: [GC [PSYoungGen: 745408K->466K(894720K)] 1024411K->279581K(1581696K), 0.0403520 secs] [Times: user=0.14 sys=0.00, real=0.04 secs] 
2014-07-16T04:24:15.645+0000: 3004.733: [GC [PSYoungGen: 894674K->616K(1073728K)] 1173789K->279795K(1760704K), 0.0062790 secs] [Times: user=0.01 sys=0.00, real=0.01 secs] 
2014-07-16T04:24:17.980+0000: 3007.068: [GC [PSYoungGen: 1073704K->416K(1288192K)] 1352883K->279691K(1975168K), 0.0224270 secs] [Times: user=0.08 sys=0.00, real=0.02 secs] 
2014-07-16T04:24:20.927+0000: 3010.015: [GC [PSYoungGen: 1288067K->484K(1234624K)] 1567342K->280015K(1921600K), 0.0258130 secs] [Times: user=0.09 sys=0.00, real=0.03 secs] 
2014-07-16T04:24:23.711+0000: 3012.799: [GC [PSYoungGen: 1234596K->416K(1183552K)] 1514127K->280155K(1870528K), 0.0164570 secs] [Times: user=0.05 sys=0.00, real=0.01 secs] 
2014-07-16T04:24:26.338+0000: 3015.427: [GC [PSYoungGen: 1183520K->516K(1135168K)] 1463259K->280407K(1822144K), 0.0211800 secs] [Times: user=0.08 sys=0.00, real=0.02 secs] 
2014-07-16T04:24:28.846+0000: 3017.934: [GC [PSYoungGen: 1135108K->562K(1088960K)] 1414999K->280597K(1775936K), 0.0176880 secs] [Times: user=0.06 sys=0.00, real=0.02 secs] 
2014-07-16T04:24:31.336+0000: 3020.424: [GC [PSYoungGen: 1088946K->548K(1044992K)] 1368981K->280807K(1731968K), 0.0162370 secs] [Times: user=0.06 sys=0.00, real=0.02 secs] 
2014-07-16T04:24:33.675+0000: 3022.764: [GC [PSYoungGen: 1044964K->352K(1002944K)] 1325223K->280787K(1689920K), 0.0142760 secs] [Times: user=0.05 sys=0.00, real=0.01 secs] 
2014-07-16T04:24:36.039+0000: 3025.127: [GC [PSYoungGen: 1002912K->800K(963520K)] 1283347K->281315K(1650496K), 0.0105040 secs] [Times: user=0.02 sys=0.01, real=0.01 secs] 
2014-07-16T04:24:38.150+0000: 3027.238: [GC [PSYoungGen: 963488K->932K(925696K)] 1244003K->281695K(1612672K), 0.0258030 secs] [Times: user=0.09 sys=0.00, real=0.03 secs] 
2014-07-16T04:24:40.180+0000: 3029.269: [GC [PSYoungGen: 925668K->192K(888832K)] 1206431K->281977K(1575808K), 0.0118460 secs] [Times: user=0.05 sys=0.00, real=0.02 secs] 
2014-07-16T04:24:42.187+0000: 3031.275: [GC [PSYoungGen: 888832K->512K(854720K)] 1170617K->282441K(1541696K), 0.0060350 secs] [Times: user=0.02 sys=0.00, real=0.00 secs] 
2014-07-16T04:24:44.066+0000: 3033.154: [GC [PSYoungGen: 854707K->470K(821952K)] 1136636K->282647K(1508928K), 0.0046720 secs] [Times: user=0.02 sys=0.00, real=0.00 secs] 
2014-07-16T04:24:46.058+0000: 3035.146: [GC [PSYoungGen: 821908K->722K(790976K)] 1104085K->282963K(1477952K), 0.0159630 secs] [Times: user=0.06 sys=0.00, real=0.02 secs] 
2014-07-16T04:24:47.783+0000: 3036.871: [GC [PSYoungGen: 790926K->512K(760960K)] 1073168K->282905K(1447936K), 0.0220800 secs] [Times: user=0.09 sys=0.00, real=0.03 secs] 
2014-07-16T04:24:49.452+0000: 3038.540: [GC [PSYoungGen: 760950K->338K(732480K)] 1043343K->282899K(1419456K), 0.0049530 secs] [Times: user=0.02 sys=0.00, real=0.01 secs] 
2014-07-16T04:24:51.148+0000: 3040.237: [GC [PSYoungGen: 732422K->676K(705728K)] 1014984K->283357K(1392704K), 0.0245840 secs] [Times: user=0.08 sys=0.00, real=0.02 secs] 
2014-07-16T04:24:52.711+0000: 3041.799: [GC [PSYoungGen: 705697K->320K(846400K)] 988378K->283113K(1533376K), 0.0256750 secs] [Times: user=0.09 sys=0.00, real=0.03 secs] 
2014-07-16T04:24:54.592+0000: 3043.680: [GC [PSYoungGen: 846400K->256K(813952K)] 1129193K->283129K(1500928K), 0.0089560 secs] [Times: user=0.02 sys=0.00, real=0.01 secs] 
2014-07-16T04:24:56.470+0000: 3045.558: [GC [PSYoungGen: 813952K->466K(783360K)] 1096825K->283419K(1470336K), 0.0057470 secs] [Times: user=0.02 sys=0.00, real=0.01 secs] 
2014-07-16T04:24:58.181+0000: 3047.269: [GC [PSYoungGen: 783314K->608K(754048K)] 1066267K->283697K(1441024K), 0.0239670 secs] [Times: user=0.09 sys=0.00, real=0.03 secs] 
2014-07-16T04:24:59.845+0000: 3048.934: [GC [PSYoungGen: 754016K->402K(725824K)] 1037105K->283619K(1412800K), 0.0124390 secs] [Times: user=0.04 sys=0.00, real=0.01 secs] 
2014-07-16T04:25:01.541+0000: 3050.629: [GC [PSYoungGen: 725778K->480K(870976K)] 1008995K->283817K(1557952K), 0.0304640 secs] [Times: user=0.11 sys=0.00, real=0.03 secs] 
2014-07-16T04:25:03.463+0000: 3052.551: [GC [PSYoungGen: 870944K->192K(1044800K)] 1154281K->283633K(1731776K), 0.0222190 secs] [Times: user=0.08 sys=0.00, real=0.02 secs] 
2014-07-16T04:25:05.800+0000: 3054.888: [GC [PSYoungGen: 1044800K->1010K(1003776K)] 1328241K->284523K(1690752K), 0.0056890 secs] [Times: user=0.02 sys=0.00, real=0.00 secs] 
2014-07-16T04:25:08.152+0000: 3057.240: [GC [PSYoungGen: 1003762K->676K(963584K)] 1287275K->284269K(1650560K), 0.0263330 secs] [Times: user=0.10 sys=0.00, real=0.03 secs] 
2014-07-16T04:25:10.291+0000: 3059.379: [GC [PSYoungGen: 963556K->484K(925440K)] 1247149K->284309K(1612416K), 0.0111540 secs] [Times: user=0.04 sys=0.00, real=0.01 secs] 
2014-07-16T04:25:12.353+0000: 3061.441: [GC [PSYoungGen: 925412K->384K(889152K)] 1209237K->284369K(1576128K), 0.0050000 secs] [Times: user=0.01 sys=0.00, real=0.01 secs] 
2014-07-16T04:25:14.315+0000: 3063.403: [GC [PSYoungGen: 889152K->352K(854720K)] 1173137K->284425K(1541696K), 0.0089660 secs] [Times: user=0.02 sys=0.00, real=0.01 secs] 
2014-07-16T04:25:16.201+0000: 3065.289: [GC [PSYoungGen: 854688K->370K(821952K)] 1138761K->284499K(1508928K), 0.0154290 secs] [Times: user=0.05 sys=0.00, real=0.01 secs] 
2014-07-16T04:25:18.215+0000: 3067.304: [GC [PSYoungGen: 821938K->384K(790720K)] 1106067K->284569K(1477696K), 0.0221840 secs] [Times: user=0.08 sys=0.00, real=0.02 secs] 
2014-07-16T04:25:19.967+0000: 3069.055: [GC [PSYoungGen: 790720K->736K(761344K)] 1074905K->285217K(1448320K), 0.0233890 secs] [Times: user=0.07 sys=0.00, real=0.03 secs] 
2014-07-16T04:25:21.710+0000: 3070.798: [GC [PSYoungGen: 761307K->844K(913600K)] 1045788K->285429K(1600576K), 0.0262140 secs] [Times: user=0.10 sys=0.00, real=0.02 secs] 
2014-07-16T04:25:23.691+0000: 3072.779: [GC [PSYoungGen: 913548K->288K(877440K)] 1198133K->284985K(1564416K), 0.0062190 secs] [Times: user=0.02 sys=0.00, real=0.00 secs] 
2014-07-16T04:25:25.625+0000: 3074.714: [GC [PSYoungGen: 877408K->192K(843456K)] 1162105K->284969K(1530432K), 0.0044660 secs] [Times: user=0.01 sys=0.00, real=0.01 secs] 
2014-07-16T04:25:27.673+0000: 3076.761: [GC [PSYoungGen: 843456K->548K(811584K)] 1128233K->285381K(1498560K), 0.0050800 secs] [Times: user=0.02 sys=0.00, real=0.00 secs] 
2014-07-16T04:25:29.458+0000: 3078.546: [GC [PSYoungGen: 811556K->352K(780672K)] 1096389K->285433K(1467648K), 0.0084390 secs] [Times: user=0.02 sys=0.00, real=0.01 secs] 
2014-07-16T04:25:31.169+0000: 3080.258: [GC [PSYoungGen: 780639K->352K(751360K)] 1065721K->285553K(1438336K), 0.0154580 secs] [Times: user=0.06 sys=0.00, real=0.02 secs] 
2014-07-16T04:25:32.866+0000: 3081.954: [GC [PSYoungGen: 751328K->384K(723456K)] 1036529K->285681K(1410432K), 0.0323260 secs] [Times: user=0.12 sys=0.00, real=0.03 secs] 
2014-07-16T04:25:34.479+0000: 3083.567: [GC [PSYoungGen: 723381K->534K(697024K)] 1008679K->285943K(1384000K), 0.0167580 secs] [Times: user=0.06 sys=0.00, real=0.02 secs] 
2014-07-16T04:25:36.016+0000: 3085.104: [GC [PSYoungGen: 696982K->434K(671488K)] 982391K->285915K(1358464K), 0.0067050 secs] [Times: user=0.01 sys=0.00, real=0.01 secs] 
2014-07-16T04:25:37.571+0000: 3086.659: [GC [PSYoungGen: 671391K->726K(647616K)] 956873K->286255K(1334592K), 0.0228710 secs] [Times: user=0.08 sys=0.00, real=0.03 secs] 
2014-07-16T04:25:38.993+0000: 3088.081: [GC [PSYoungGen: 647574K->544K(776832K)] 933103K->286281K(1463808K), 0.0160200 secs] [Times: user=0.05 sys=0.00, real=0.01 secs] 
2014-07-16T04:25:40.717+0000: 3089.806: [GC [PSYoungGen: 776800K->932K(748096K)] 1062537K->286805K(1435072K), 0.0106500 secs] [Times: user=0.03 sys=0.00, real=0.01 secs] 
2014-07-16T04:25:42.404+0000: 3091.492: [GC [PSYoungGen: 748068K->438K(897024K)] 1033941K->286431K(1584000K), 0.0223850 secs] [Times: user=0.08 sys=0.00, real=0.02 secs] 
2014-07-16T04:25:44.384+0000: 3093.472: [GC [PSYoungGen: 897014K->420K(1076352K)] 1183007K->286533K(1763328K), 0.0212220 secs] [Times: user=0.08 sys=0.00, real=0.02 secs] 
2014-07-16T04:25:46.856+0000: 3095.944: [GC [PSYoungGen: 1076324K->996K(1292160K)] 1362437K->287611K(1979136K), 0.0333920 secs] [Times: user=0.12 sys=0.00, real=0.03 secs] 
2014-07-16T04:25:49.696+0000: 3098.784: [GC [PSYoungGen: 1292132K->416K(1237824K)] 1578747K->287151K(1924800K), 0.0059090 secs] [Times: user=0.02 sys=0.00, real=0.00 secs] 
2014-07-16T04:25:52.457+0000: 3101.545: [GC [PSYoungGen: 1237789K->402K(1186624K)] 1524524K->287433K(1873600K), 0.0254040 secs] [Times: user=0.09 sys=0.00, real=0.02 secs] 
2014-07-16T04:25:55.057+0000: 3104.145: [GC [PSYoungGen: 1186578K->352K(1137856K)] 1473609K->287511K(1824832K), 0.0074020 secs] [Times: user=0.02 sys=0.00, real=0.01 secs] 
2014-07-16T04:25:57.634+0000: 3106.722: [GC [PSYoungGen: 1137824K->530K(1091712K)] 1424983K->287769K(1778688K), 0.0297110 secs] [Times: user=0.08 sys=0.00, real=0.03 secs] 
2014-07-16T04:26:00.081+0000: 3109.169: [GC [PSYoungGen: 1091666K->808K(1047872K)] 1378905K->288263K(1734848K), 0.0070830 secs] [Times: user=0.02 sys=0.00, real=0.01 secs] 
2014-07-16T04:26:02.476+0000: 3111.565: [GC [PSYoungGen: 1047848K->352K(1005440K)] 1335303K->287983K(1692416K), 0.0287940 secs] [Times: user=0.11 sys=0.00, real=0.03 secs] 
2014-07-16T04:26:04.701+0000: 3113.789: [GC [PSYoungGen: 1005408K->402K(965568K)] 1293039K->288145K(1652544K), 0.0049030 secs] [Times: user=0.02 sys=0.00, real=0.01 secs] 
2014-07-16T04:26:06.828+0000: 3115.916: [GC [PSYoungGen: 965522K->338K(927424K)] 1253265K->288161K(1614400K), 0.0064910 secs] [Times: user=0.02 sys=0.00, real=0.00 secs] 
2014-07-16T04:26:09.078+0000: 3118.167: [GC [PSYoungGen: 927292K->1096K(891968K)] 1215116K->289039K(1578944K), 0.0114100 secs] [Times: user=0.03 sys=0.00, real=0.01 secs] 
2014-07-16T04:26:11.011+0000: 3120.100: [GC [PSYoungGen: 891912K->370K(856704K)] 1179855K->288561K(1543680K), 0.0176370 secs] [Times: user=0.07 sys=0.00, real=0.02 secs] 
2014-07-16T04:26:12.963+0000: 3122.052: [GC [PSYoungGen: 856690K->352K(823808K)] 1144881K->288639K(1510784K), 0.0194200 secs] [Times: user=0.07 sys=0.00, real=0.02 secs] 
2014-07-16T04:26:14.779+0000: 3123.867: [GC [PSYoungGen: 823776K->384K(792512K)] 1112063K->288767K(1479488K), 0.0079730 secs] [Times: user=0.02 sys=0.00, real=0.01 secs] 
2014-07-16T04:26:16.509+0000: 3125.598: [GC [PSYoungGen: 792444K->210K(762560K)] 1080827K->288633K(1449536K), 0.0270360 secs] [Times: user=0.10 sys=0.00, real=0.02 secs] 
2014-07-16T04:26:18.215+0000: 3127.303: [GC [PSYoungGen: 762514K->416K(734272K)] 1050937K->288895K(1421248K), 0.0090620 secs] [Times: user=0.02 sys=0.00, real=0.01 secs] 
2014-07-16T04:26:19.857+0000: 3128.945: [GC [PSYoungGen: 734240K->480K(881152K)] 1022719K->289159K(1568128K), 0.0339310 secs] [Times: user=0.12 sys=0.00, real=0.04 secs] 
2014-07-16T04:26:21.803+0000: 3130.891: [GC [PSYoungGen: 881120K->548K(1057344K)] 1169799K->289355K(1744320K), 0.0171950 secs] [Times: user=0.05 sys=0.00, real=0.02 secs] 
2014-07-16T04:26:24.179+0000: 3133.267: [GC [PSYoungGen: 1057316K->352K(1014720K)] 1346123K->289255K(1701696K), 0.0168110 secs] [Times: user=0.06 sys=0.00, real=0.01 secs] 
2014-07-16T04:26:26.421+0000: 3135.510: [GC [PSYoungGen: 1014688K->658K(974656K)] 1303591K->289673K(1661632K), 0.0245340 secs] [Times: user=0.09 sys=0.00, real=0.02 secs] 
2014-07-16T04:26:28.660+0000: 3137.748: [GC [PSYoungGen: 974610K->690K(1169472K)] 1263625K->289785K(1856448K), 0.0423840 secs] [Times: user=0.15 sys=0.00, real=0.04 secs] 
2014-07-16T04:26:31.268+0000: 3140.356: [GC [PSYoungGen: 1169432K->634K(1121536K)] 1458528K->289961K(1808512K), 0.0065000 secs] [Times: user=0.01 sys=0.00, real=0.01 secs] 
2014-07-16T04:26:33.798+0000: 3142.886: [GC [PSYoungGen: 1121530K->448K(1075840K)] 1410857K->289935K(1762816K), 0.0102230 secs] [Times: user=0.02 sys=0.00, real=0.01 secs] 
2014-07-16T04:26:36.168+0000: 3145.256: [GC [PSYoungGen: 1075840K->704K(1032768K)] 1365327K->290311K(1719744K), 0.0141830 secs] [Times: user=0.05 sys=0.00, real=0.02 secs] 
2014-07-16T04:26:38.539+0000: 3147.627: [GC [PSYoungGen: 1032733K->890K(991680K)] 1322340K->290577K(1678656K), 0.0097410 secs] [Times: user=0.03 sys=0.01, real=0.01 secs] 
2014-07-16T04:26:40.755+0000: 3149.843: [GC [PSYoungGen: 991674K->384K(951872K)] 1281361K->290327K(1638848K), 0.0121700 secs] [Times: user=0.02 sys=0.00, real=0.01 secs] 
2014-07-16T04:26:42.939+0000: 3152.027: [GC [PSYoungGen: 951791K->908K(915072K)] 1241735K->290995K(1602048K), 0.0342510 secs] [Times: user=0.12 sys=0.00, real=0.04 secs] 
2014-07-16T04:26:44.946+0000: 3154.034: [GC [PSYoungGen: 915020K->640K(879104K)] 1205107K->290839K(1566080K), 0.0058030 secs] [Times: user=0.02 sys=0.00, real=0.01 secs] 
2014-07-16T04:26:46.870+0000: 3155.958: [GC [PSYoungGen: 879104K->402K(844992K)] 1169303K->290665K(1531968K), 0.0326950 secs] [Times: user=0.12 sys=0.00, real=0.04 secs] 
2014-07-16T04:26:48.848+0000: 3157.936: [GC [PSYoungGen: 844946K->836K(813120K)] 1135209K->291195K(1500096K), 0.0111590 secs] [Times: user=0.02 sys=0.00, real=0.01 secs] 
2014-07-16T04:26:50.667+0000: 3159.755: [GC [PSYoungGen: 813060K->434K(781888K)] 1103419K->291017K(1468864K), 0.0058810 secs] [Times: user=0.01 sys=0.00, real=0.01 secs] 
2014-07-16T04:26:52.389+0000: 3161.477: [GC [PSYoungGen: 781874K->484K(752576K)] 1072457K->291195K(1439552K), 0.0196570 secs] [Times: user=0.06 sys=0.00, real=0.02 secs] 
2014-07-16T04:26:54.105+0000: 3163.194: [GC [PSYoungGen: 752494K->416K(724544K)] 1043205K->291183K(1411520K), 0.0052230 secs] [Times: user=0.01 sys=0.00, real=0.00 secs] 
2014-07-16T04:26:55.707+0000: 3164.796: [GC [PSYoungGen: 724512K->516K(869504K)] 1015279K->291379K(1556480K), 0.0352200 secs] [Times: user=0.13 sys=0.00, real=0.03 secs] 
2014-07-16T04:26:57.644+0000: 3166.732: [GC [PSYoungGen: 869439K->512K(1043264K)] 1160303K->291439K(1730240K), 0.0251040 secs] [Times: user=0.09 sys=0.00, real=0.02 secs] 
2014-07-16T04:27:00.071+0000: 3169.159: [GC [PSYoungGen: 1043171K->744K(1252096K)] 1334099K->291839K(1939072K), 0.0477090 secs] [Times: user=0.18 sys=0.00, real=0.05 secs] 
2014-07-16T04:27:02.894+0000: 3171.982: [GC [PSYoungGen: 1252072K->416K(1334656K)] 1543167K->291735K(2021632K), 0.0088260 secs] [Times: user=0.02 sys=0.00, real=0.01 secs] 
2014-07-16T04:27:05.872+0000: 3174.960: [GC [PSYoungGen: 1334048K->384K(1278144K)] 1625367K->291831K(1965120K), 0.0047720 secs] [Times: user=0.02 sys=0.00, real=0.01 secs] 
2014-07-16T04:27:08.746+0000: 3177.834: [GC [PSYoungGen: 1278144K->512K(1225152K)] 1569591K->292055K(1912128K), 0.0155050 secs] [Times: user=0.05 sys=0.00, real=0.01 secs] 
2014-07-16T04:27:11.503+0000: 3180.591: [GC [PSYoungGen: 1225152K->804K(1470400K)] 1516695K->292619K(2157376K), 0.0549700 secs] [Times: user=0.20 sys=0.00, real=0.06 secs] 
2014-07-16T04:27:14.855+0000: 3183.943: [GC [PSYoungGen: 1470372K->466K(1407616K)] 1762187K->292425K(2094592K), 0.0175590 secs] [Times: user=0.07 sys=0.01, real=0.02 secs] 
2014-07-16T04:27:18.035+0000: 3187.123: [GC [PSYoungGen: 1407570K->754K(1348416K)] 1699529K->292873K(2035392K), 0.0139770 secs] [Times: user=0.04 sys=0.00, real=0.02 secs] 
2014-07-16T04:27:20.999+0000: 3190.087: [GC [PSYoungGen: 1348402K->466K(1291648K)] 1640521K->292825K(1978624K), 0.0127160 secs] [Times: user=0.05 sys=0.00, real=0.01 secs] 
2014-07-16T04:27:24.029+0000: 3193.117: [GC [PSYoungGen: 1291602K->822K(1238208K)] 1583961K->293349K(1925184K), 0.0246450 secs] [Times: user=0.09 sys=0.00, real=0.02 secs] 
2014-07-16T04:27:26.725+0000: 3195.813: [GC [PSYoungGen: 1238198K->562K(1186752K)] 1530725K->293289K(1873728K), 0.0256140 secs] [Times: user=0.08 sys=0.00, real=0.03 secs] 
2014-07-16T04:27:29.379+0000: 3198.467: [GC [PSYoungGen: 1186738K->576K(1138048K)] 1479465K->293423K(1825024K), 0.0120020 secs] [Times: user=0.05 sys=0.00, real=0.01 secs] 
2014-07-16T04:27:31.915+0000: 3201.003: [GC [PSYoungGen: 1138045K->776K(1091968K)] 1430892K->293871K(1778944K), 0.0097250 secs] [Times: user=0.03 sys=0.00, real=0.01 secs] 
2014-07-16T04:27:34.428+0000: 3203.516: [GC [PSYoungGen: 1091912K->676K(1047744K)] 1385007K->293931K(1734720K), 0.0089740 secs] [Times: user=0.02 sys=0.00, real=0.01 secs] 
2014-07-16T04:27:36.719+0000: 3205.807: [GC [PSYoungGen: 1047716K->192K(1005248K)] 1340971K->293567K(1692224K), 0.0063440 secs] [Times: user=0.01 sys=0.00, real=0.00 secs] 
2014-07-16T04:27:39.020+0000: 3208.108: [GC [PSYoungGen: 1005248K->840K(966016K)] 1298623K->294327K(1652992K), 0.0272010 secs] [Times: user=0.10 sys=0.00, real=0.02 secs] 
2014-07-16T04:27:41.154+0000: 3210.242: [GC [PSYoungGen: 965960K->352K(927424K)] 1259447K->294071K(1614400K), 0.0173550 secs] [Times: user=0.06 sys=0.00, real=0.02 secs] 
2014-07-16T04:27:43.259+0000: 3212.347: [GC [PSYoungGen: 927392K->470K(891328K)] 1221111K->294277K(1578304K), 0.0290070 secs] [Times: user=0.11 sys=0.01, real=0.03 secs] 
2014-07-16T04:27:45.312+0000: 3214.400: [GC [PSYoungGen: 891286K->658K(857024K)] 1185093K->294593K(1544000K), 0.0256420 secs] [Times: user=0.09 sys=0.00, real=0.02 secs] 
2014-07-16T04:27:47.197+0000: 3216.285: [GC [PSYoungGen: 856978K->352K(1027968K)] 1150913K->294391K(1714944K), 0.0236220 secs] [Times: user=0.09 sys=0.00, real=0.02 secs] 
2014-07-16T04:27:49.522+0000: 3218.610: [GC [PSYoungGen: 1027936K->434K(987008K)] 1321975K->294609K(1673984K), 0.0103610 secs] [Times: user=0.03 sys=0.00, real=0.01 secs] 
2014-07-16T04:27:51.702+0000: 3220.790: [GC [PSYoungGen: 986994K->352K(1184256K)] 1281169K->294743K(1871232K), 0.0299490 secs] [Times: user=0.11 sys=0.00, real=0.03 secs] 
2014-07-16T04:27:54.477+0000: 3223.565: [GC [PSYoungGen: 1184224K->466K(1135808K)] 1478615K->294953K(1822784K), 0.0053400 secs] [Times: user=0.01 sys=0.01, real=0.01 secs] 
2014-07-16T04:27:56.973+0000: 3226.061: [GC [PSYoungGen: 1135756K->370K(1089472K)] 1430244K->295041K(1776448K), 0.0076320 secs] [Times: user=0.01 sys=0.00, real=0.00 secs] 
2014-07-16T04:27:59.454+0000: 3228.542: [GC [PSYoungGen: 1089373K->826K(1045888K)] 1384045K->295617K(1732864K), 0.0092510 secs] [Times: user=0.03 sys=0.00, real=0.00 secs] 
2014-07-16T04:28:01.763+0000: 3230.852: [GC [PSYoungGen: 1045882K->498K(1003712K)] 1340673K->295529K(1690688K), 0.0079130 secs] [Times: user=0.01 sys=0.00, real=0.00 secs] 
2014-07-16T04:28:04.171+0000: 3233.259: [GC [PSYoungGen: 1003698K->1024K(964352K)] 1298729K->296271K(1651328K), 0.0069100 secs] [Times: user=0.03 sys=0.00, real=0.01 secs] 
2014-07-16T04:28:06.285+0000: 3235.373: [GC [PSYoungGen: 964282K->484K(925888K)] 1259530K->295883K(1612864K), 0.0313840 secs] [Times: user=0.12 sys=0.00, real=0.03 secs] 
2014-07-16T04:28:08.337+0000: 3237.425: [GC [PSYoungGen: 925769K->420K(889664K)] 1221168K->295923K(1576640K), 0.0234260 secs] [Times: user=0.08 sys=0.00, real=0.02 secs] 
2014-07-16T04:28:10.356+0000: 3239.445: [GC [PSYoungGen: 889636K->448K(855232K)] 1185139K->296111K(1542208K), 0.0199070 secs] [Times: user=0.07 sys=0.00, real=0.02 secs] 
2014-07-16T04:28:12.245+0000: 3241.333: [GC [PSYoungGen: 855232K->534K(822528K)] 1150895K->296357K(1509504K), 0.0162870 secs] [Times: user=0.06 sys=0.00, real=0.01 secs] 
2014-07-16T04:28:14.125+0000: 3243.214: [GC [PSYoungGen: 822486K->320K(791040K)] 1118309K->296215K(1478016K), 0.0101980 secs] [Times: user=0.02 sys=0.00, real=0.01 secs] 
2014-07-16T04:28:15.934+0000: 3245.022: [GC [PSYoungGen: 791040K->566K(761536K)] 1086935K->296565K(1448512K), 0.0222250 secs] [Times: user=0.08 sys=0.00, real=0.03 secs] 
2014-07-16T04:28:17.618+0000: 3246.706: [GC [PSYoungGen: 761526K->352K(732928K)] 1057525K->296423K(1419904K), 0.0037780 secs] [Times: user=0.01 sys=0.00, real=0.00 secs] 
2014-07-16T04:28:19.240+0000: 3248.328: [GC [PSYoungGen: 732880K->416K(705920K)] 1028952K->296631K(1392896K), 0.0060790 secs] [Times: user=0.02 sys=0.01, real=0.01 secs] 
2014-07-16T04:28:20.842+0000: 3249.930: [GC [PSYoungGen: 705888K->566K(680256K)] 1002103K->296901K(1367232K), 0.0050660 secs] [Times: user=0.02 sys=0.00, real=0.01 secs] 
2014-07-16T04:28:22.334+0000: 3251.423: [GC [PSYoungGen: 680246K->192K(655232K)] 976581K->296663K(1342208K), 0.0170170 secs] [Times: user=0.06 sys=0.00, real=0.02 secs] 
2014-07-16T04:28:23.799+0000: 3252.887: [GC [PSYoungGen: 655232K->594K(786688K)] 951703K->297129K(1473664K), 0.0317710 secs] [Times: user=0.12 sys=0.00, real=0.03 secs] 
2014-07-16T04:28:25.645+0000: 3254.733: [GC [PSYoungGen: 786642K->320K(756800K)] 1083177K->296903K(1443776K), 0.0061810 secs] [Times: user=0.01 sys=0.00, real=0.01 secs] 
2014-07-16T04:28:27.312+0000: 3256.400: [GC [PSYoungGen: 756800K->420K(908224K)] 1053383K->297131K(1595200K), 0.0251930 secs] [Times: user=0.10 sys=0.00, real=0.03 secs] 
2014-07-16T04:28:29.318+0000: 3258.406: [GC [PSYoungGen: 908196K->448K(1089792K)] 1204907K->297303K(1776768K), 0.0224640 secs] [Times: user=0.08 sys=0.00, real=0.02 secs] 
2014-07-16T04:28:31.839+0000: 3260.927: [GC [PSYoungGen: 1089792K->826K(1046144K)] 1386647K->297849K(1733120K), 0.0192260 secs] [Times: user=0.07 sys=0.01, real=0.02 secs] 
2014-07-16T04:28:34.157+0000: 3263.245: [GC [PSYoungGen: 1046138K->516K(1003968K)] 1343161K->297699K(1690944K), 0.0096440 secs] [Times: user=0.02 sys=0.00, real=0.01 secs] 
2014-07-16T04:28:36.494+0000: 3265.583: [GC [PSYoungGen: 1003908K->530K(964096K)] 1301091K->297793K(1651072K), 0.0080550 secs] [Times: user=0.02 sys=0.00, real=0.01 secs] 
2014-07-16T04:28:38.612+0000: 3267.700: [GC [PSYoungGen: 964050K->384K(925952K)] 1261313K->297807K(1612928K), 0.0192830 secs] [Times: user=0.08 sys=0.00, real=0.02 secs] 
2014-07-16T04:28:40.679+0000: 3269.767: [GC [PSYoungGen: 925952K->434K(889856K)] 1223375K->298041K(1576832K), 0.0244390 secs] [Times: user=0.09 sys=0.00, real=0.02 secs] 
2014-07-16T04:28:42.644+0000: 3271.732: [GC [PSYoungGen: 889769K->288K(855296K)] 1187377K->298039K(1542272K), 0.0076070 secs] [Times: user=0.02 sys=0.00, real=0.01 secs] 
2014-07-16T04:28:44.594+0000: 3273.683: [GC [PSYoungGen: 855264K->708K(822912K)] 1153015K->298515K(1509888K), 0.0074750 secs] [Times: user=0.01 sys=0.00, real=0.01 secs] 
2014-07-16T04:28:46.548+0000: 3275.636: [GC [PSYoungGen: 822852K->466K(791360K)] 1120659K->298369K(1478336K), 0.0173550 secs] [Times: user=0.05 sys=0.00, real=0.02 secs] 
2014-07-16T04:28:48.297+0000: 3277.386: [GC [PSYoungGen: 791314K->352K(761472K)] 1089217K->298415K(1448448K), 0.0073550 secs] [Times: user=0.02 sys=0.00, real=0.01 secs] 
2014-07-16T04:28:50.080+0000: 3279.168: [GC [PSYoungGen: 761438K->548K(733248K)] 1059502K->298779K(1420224K), 0.0167770 secs] [Times: user=0.06 sys=0.00, real=0.01 secs] 
2014-07-16T04:28:51.678+0000: 3280.766: [GC [PSYoungGen: 733217K->690K(706304K)] 1031449K->299057K(1393280K), 0.0057630 secs] [Times: user=0.02 sys=0.00, real=0.01 secs] 
2014-07-16T04:28:53.225+0000: 3282.314: [GC [PSYoungGen: 706290K->320K(680128K)] 1004657K->298775K(1367104K), 0.0188610 secs] [Times: user=0.06 sys=0.00, real=0.02 secs] 
2014-07-16T04:28:54.750+0000: 3283.838: [GC [PSYoungGen: 680128K->466K(655680K)] 978583K->298977K(1342656K), 0.0071750 secs] [Times: user=0.02 sys=0.00, real=0.01 secs] 
2014-07-16T04:28:56.312+0000: 3285.400: [GC [PSYoungGen: 655634K->520K(632256K)] 954145K->299063K(1319232K), 0.0041680 secs] [Times: user=0.02 sys=0.00, real=0.00 secs] 
2014-07-16T04:28:57.693+0000: 3286.781: [GC [PSYoungGen: 632200K->306K(609600K)] 930743K->298977K(1296576K), 0.0073900 secs] [Times: user=0.02 sys=0.00, real=0.00 secs] 
2014-07-16T04:28:59.050+0000: 3288.139: [GC [PSYoungGen: 609586K->640K(588544K)] 908257K->299439K(1275520K), 0.0072030 secs] [Times: user=0.02 sys=0.00, real=0.01 secs] 
2014-07-16T04:29:00.414+0000: 3289.502: [GC [PSYoungGen: 588544K->598K(568128K)] 887343K->299517K(1255104K), 0.0123380 secs] [Times: user=0.03 sys=0.00, real=0.01 secs] 
2014-07-16T04:29:01.688+0000: 3290.776: [GC [PSYoungGen: 568086K->562K(548608K)] 867005K->299593K(1235584K), 0.0188170 secs] [Times: user=0.07 sys=0.00, real=0.02 secs] 
2014-07-16T04:29:02.886+0000: 3291.974: [GC [PSYoungGen: 548594K->192K(657856K)] 847625K->299271K(1344832K), 0.0331390 secs] [Times: user=0.12 sys=0.00, real=0.03 secs] 
2014-07-16T04:29:04.343+0000: 3293.432: [GC [PSYoungGen: 657783K->324K(789632K)] 956863K->299467K(1476608K), 0.0210690 secs] [Times: user=0.05 sys=0.00, real=0.02 secs] 
2014-07-16T04:29:06.258+0000: 3295.346: [GC [PSYoungGen: 789572K->534K(947712K)] 1088715K->299733K(1634688K), 0.0280350 secs] [Times: user=0.11 sys=0.00, real=0.03 secs] 
2014-07-16T04:29:08.370+0000: 3297.458: [GC [PSYoungGen: 947670K->352K(1136960K)] 1246869K->299695K(1823936K), 0.0178200 secs] [Times: user=0.06 sys=0.00, real=0.02 secs] 
2014-07-16T04:29:10.972+0000: 3300.060: [GC [PSYoungGen: 1136928K->384K(1364288K)] 1436271K->299927K(2051264K), 0.0230300 secs] [Times: user=0.08 sys=0.00, real=0.03 secs] 
2014-07-16T04:29:14.006+0000: 3303.094: [GC [PSYoungGen: 1364288K->402K(1307008K)] 1663831K->300121K(1993984K), 0.0054240 secs] [Times: user=0.01 sys=0.00, real=0.00 secs] 
2014-07-16T04:29:17.067+0000: 3306.156: [GC [PSYoungGen: 1306962K->754K(1252800K)] 1606681K->300577K(1939776K), 0.0245780 secs] [Times: user=0.09 sys=0.00, real=0.02 secs] 
2014-07-16T04:29:19.821+0000: 3308.909: [GC [PSYoungGen: 1252754K->680K(1200832K)] 1552578K->300759K(1887808K), 0.0250120 secs] [Times: user=0.09 sys=0.00, real=0.03 secs] 
2014-07-16T04:29:22.548+0000: 3311.637: [GC [PSYoungGen: 1200719K->356K(1151168K)] 1500799K->300675K(1838144K), 0.0293090 secs] [Times: user=0.10 sys=0.00, real=0.03 secs] 
2014-07-16T04:29:25.094+0000: 3314.183: [GC [PSYoungGen: 1151140K->662K(1104512K)] 1451459K->301117K(1791488K), 0.0074700 secs] [Times: user=0.02 sys=0.00, real=0.01 secs] 
2014-07-16T04:29:27.638+0000: 3316.726: [GC [PSYoungGen: 1104414K->544K(1059648K)] 1404870K->301103K(1746624K), 0.0079290 secs] [Times: user=0.02 sys=0.00, real=0.00 secs] 
2014-07-16T04:29:29.986+0000: 3319.075: [GC [PSYoungGen: 1059616K->480K(1017024K)] 1360175K->301287K(1704000K), 0.0140030 secs] [Times: user=0.04 sys=0.00, real=0.02 secs] 
2014-07-16T04:29:32.233+0000: 3321.322: [GC [PSYoungGen: 1016896K->502K(976512K)] 1317704K->301477K(1663488K), 0.0124470 secs] [Times: user=0.05 sys=0.00, real=0.01 secs] 
2014-07-16T04:29:34.399+0000: 3323.487: [GC [PSYoungGen: 976499K->488K(937920K)] 1277475K->301559K(1624896K), 0.0135660 secs] [Times: user=0.04 sys=0.00, real=0.01 secs] 
2014-07-16T04:29:36.687+0000: 3325.775: [GC [PSYoungGen: 937896K->680K(901376K)] 1238967K->301831K(1588352K), 0.0065930 secs] [Times: user=0.01 sys=0.00, real=0.01 secs] 
2014-07-16T04:29:38.708+0000: 3327.797: [GC [PSYoungGen: 901331K->726K(866432K)] 1202483K->302061K(1553408K), 0.0212260 secs] [Times: user=0.08 sys=0.00, real=0.02 secs] 
2014-07-16T04:29:40.719+0000: 3329.808: [GC [PSYoungGen: 866390K->384K(832704K)] 1167725K->302503K(1519680K), 0.0080960 secs] [Times: user=0.02 sys=0.00, real=0.00 secs] 
2014-07-16T04:29:42.521+0000: 3331.609: [GC [PSYoungGen: 832704K->658K(801280K)] 1134823K->302921K(1488256K), 0.0217010 secs] [Times: user=0.09 sys=0.00, real=0.02 secs] 
2014-07-16T04:29:44.320+0000: 3333.408: [GC [PSYoungGen: 801231K->466K(770816K)] 1103495K->302953K(1457792K), 0.0160230 secs] [Times: user=0.04 sys=0.00, real=0.01 secs] 
2014-07-16T04:29:46.167+0000: 3335.256: [GC [PSYoungGen: 770770K->530K(742080K)] 1073257K->303105K(1429056K), 0.0115670 secs] [Times: user=0.03 sys=0.00, real=0.01 secs] 
2014-07-16T04:29:47.817+0000: 3336.905: [GC [PSYoungGen: 742034K->644K(714752K)] 1044609K->303331K(1401728K), 0.0193910 secs] [Times: user=0.07 sys=0.00, real=0.02 secs] 
2014-07-16T04:29:49.424+0000: 3338.512: [GC [PSYoungGen: 714692K->658K(688576K)] 1017379K->303537K(1375552K), 0.0149970 secs] [Times: user=0.05 sys=0.00, real=0.02 secs] 
2014-07-16T04:29:51.044+0000: 3340.132: [GC [PSYoungGen: 688530K->676K(663616K)] 991409K->303715K(1350592K), 0.0078320 secs] [Times: user=0.02 sys=0.00, real=0.01 secs] 
2014-07-16T04:29:52.494+0000: 3341.582: [GC [PSYoungGen: 663570K->466K(639616K)] 966610K->303649K(1326592K), 0.0158360 secs] [Times: user=0.05 sys=0.01, real=0.01 secs] 
2014-07-16T04:29:53.914+0000: 3343.002: [GC [PSYoungGen: 639570K->338K(616768K)] 942753K->303577K(1303744K), 0.0064280 secs] [Times: user=0.02 sys=0.00, real=0.01 secs] 
2014-07-16T04:29:55.296+0000: 3344.384: [GC [PSYoungGen: 616722K->484K(595200K)] 919961K->303795K(1282176K), 0.0096410 secs] [Times: user=0.03 sys=0.00, real=0.01 secs] 
2014-07-16T04:29:56.699+0000: 3345.787: [GC [PSYoungGen: 595171K->416K(574400K)] 898483K->303767K(1261376K), 0.0152070 secs] [Times: user=0.05 sys=0.00, real=0.02 secs] 
2014-07-16T04:29:58.028+0000: 3347.116: [GC [PSYoungGen: 574368K->726K(554944K)] 877719K->304229K(1241920K), 0.0107020 secs] [Times: user=0.04 sys=0.00, real=0.01 secs] 
2014-07-16T04:29:59.252+0000: 3348.341: [GC [PSYoungGen: 554902K->498K(665536K)] 858405K->304153K(1352512K), 0.0213970 secs] [Times: user=0.08 sys=0.00, real=0.02 secs] 
2014-07-16T04:30:00.735+0000: 3349.824: [GC [PSYoungGen: 665522K->448K(798528K)] 969177K->304215K(1485504K), 0.0149630 secs] [Times: user=0.06 sys=0.00, real=0.01 secs] 
2014-07-16T04:30:02.547+0000: 3351.635: [GC [PSYoungGen: 798528K->320K(958016K)] 1102295K->304199K(1644992K), 0.0169760 secs] [Times: user=0.05 sys=0.00, real=0.02 secs] 
2014-07-16T04:30:04.663+0000: 3353.752: [GC [PSYoungGen: 958016K->370K(1149632K)] 1261895K->304361K(1836608K), 0.0225880 secs] [Times: user=0.08 sys=0.00, real=0.02 secs] 
2014-07-16T04:30:07.316+0000: 3356.404: [GC [PSYoungGen: 1149618K->448K(1102784K)] 1453609K->304487K(1789760K), 0.0174320 secs] [Times: user=0.06 sys=0.00, real=0.02 secs] 
2014-07-16T04:30:09.829+0000: 3358.917: [GC [PSYoungGen: 1102784K->786K(1058496K)] 1406823K->305073K(1745472K), 0.0216100 secs] [Times: user=0.08 sys=0.00, real=0.02 secs] 
2014-07-16T04:30:12.252+0000: 3361.340: [GC [PSYoungGen: 1058408K->448K(1015616K)] 1362696K->304935K(1702592K), 0.0174150 secs] [Times: user=0.07 sys=0.00, real=0.02 secs] 
2014-07-16T04:30:14.498+0000: 3363.586: [GC [PSYoungGen: 1015616K->434K(975168K)] 1320103K->305049K(1662144K), 0.0065660 secs] [Times: user=0.02 sys=0.00, real=0.01 secs] 
2014-07-16T04:30:16.747+0000: 3365.835: [GC [PSYoungGen: 975153K->434K(936640K)] 1279769K->305113K(1623616K), 0.0116010 secs] [Times: user=0.04 sys=0.01, real=0.01 secs] 
2014-07-16T04:30:18.886+0000: 3367.975: [GC [PSYoungGen: 936626K->758K(900288K)] 1241305K->305589K(1587264K), 0.0304160 secs] [Times: user=0.12 sys=0.00, real=0.03 secs] 
2014-07-16T04:30:20.890+0000: 3369.978: [GC [PSYoungGen: 900234K->516K(865152K)] 1205065K->305571K(1552128K), 0.0078620 secs] [Times: user=0.02 sys=0.00, real=0.01 secs] 
2014-07-16T04:30:22.882+0000: 3371.971: [GC [PSYoungGen: 865092K->530K(831872K)] 1170147K->305713K(1518848K), 0.0231630 secs] [Times: user=0.09 sys=0.00, real=0.03 secs] 
2014-07-16T04:30:24.730+0000: 3373.818: [GC [PSYoungGen: 831826K->256K(799872K)] 1137009K->305551K(1486848K), 0.0084180 secs] [Times: user=0.02 sys=0.00, real=0.01 secs] 
2014-07-16T04:30:26.604+0000: 3375.692: [GC [PSYoungGen: 799872K->626K(770048K)] 1105167K->305977K(1457024K), 0.0126700 secs] [Times: user=0.04 sys=0.00, real=0.02 secs] 
2014-07-16T04:30:28.276+0000: 3377.364: [GC [PSYoungGen: 770034K->384K(740992K)] 1075385K->305847K(1427968K), 0.0174460 secs] [Times: user=0.06 sys=0.00, real=0.01 secs] 
2014-07-16T04:30:29.976+0000: 3379.064: [GC [PSYoungGen: 740992K->402K(713600K)] 1046455K->306025K(1400576K), 0.0105430 secs] [Times: user=0.03 sys=0.00, real=0.01 secs] 
2014-07-16T04:30:31.629+0000: 3380.717: [GC [PSYoungGen: 713554K->648K(687680K)] 1019177K->306423K(1374656K), 0.0172900 secs] [Times: user=0.05 sys=0.00, real=0.02 secs] 
2014-07-16T04:30:33.131+0000: 3382.219: [GC [PSYoungGen: 687624K->192K(662208K)] 993399K->306063K(1349184K), 0.0048090 secs] [Times: user=0.01 sys=0.00, real=0.00 secs] 
2014-07-16T04:30:34.600+0000: 3383.689: [GC [PSYoungGen: 662208K->288K(638528K)] 968079K->306207K(1325504K), 0.0038100 secs] [Times: user=0.01 sys=0.00, real=0.00 secs] 
2014-07-16T04:30:36.034+0000: 3385.122: [GC [PSYoungGen: 638496K->722K(616256K)] 944415K->306705K(1303232K), 0.0229960 secs] [Times: user=0.09 sys=0.00, real=0.02 secs] 
2014-07-16T04:30:37.453+0000: 3386.541: [GC [PSYoungGen: 616210K->594K(594496K)] 922193K->306633K(1281472K), 0.0082830 secs] [Times: user=0.03 sys=0.00, real=0.01 secs] 
2014-07-16T04:30:38.804+0000: 3387.892: [GC [PSYoungGen: 594372K->480K(573696K)] 900412K->306711K(1260672K), 0.0126640 secs] [Times: user=0.04 sys=0.00, real=0.01 secs] 
2014-07-16T04:30:40.112+0000: 3389.200: [GC [PSYoungGen: 573571K->832K(554304K)] 879803K->307311K(1241280K), 0.0077500 secs] [Times: user=0.02 sys=0.01, real=0.01 secs] 
2014-07-16T04:30:41.310+0000: 3390.398: [GC [PSYoungGen: 554304K->516K(535168K)] 860783K->307099K(1222144K), 0.0123440 secs] [Times: user=0.04 sys=0.00, real=0.01 secs] 
2014-07-16T04:30:42.554+0000: 3391.643: [GC [PSYoungGen: 535108K->384K(516992K)] 841691K->307055K(1203968K), 0.0149590 secs] [Times: user=0.05 sys=0.00, real=0.02 secs] 
2014-07-16T04:30:43.711+0000: 3392.799: [GC [PSYoungGen: 516992K->434K(620416K)] 823663K->307225K(1307392K), 0.0155930 secs] [Times: user=0.05 sys=0.00, real=0.01 secs] 
2014-07-16T04:30:45.076+0000: 3394.164: [GC [PSYoungGen: 620402K->416K(598528K)] 927193K->307271K(1285504K), 0.0127020 secs] [Times: user=0.03 sys=0.00, real=0.02 secs] 
2014-07-16T04:30:46.409+0000: 3395.497: [GC [PSYoungGen: 598496K->434K(718144K)] 905351K->307353K(1405120K), 0.0210640 secs] [Times: user=0.08 sys=0.00, real=0.02 secs] 
2014-07-16T04:30:48.084+0000: 3397.172: [GC [PSYoungGen: 718129K->772K(862080K)] 1025049K->307755K(1549056K), 0.0177840 secs] [Times: user=0.06 sys=0.01, real=0.02 secs] 
2014-07-16T04:30:50.022+0000: 3399.110: [GC [PSYoungGen: 862020K->484K(1034048K)] 1169003K->307651K(1721024K), 0.0225760 secs] [Times: user=0.09 sys=0.00, real=0.02 secs] 
2014-07-16T04:30:52.380+0000: 3401.469: [GC [PSYoungGen: 1033923K->502K(1240768K)] 1341091K->307821K(1927744K), 0.0186610 secs] [Times: user=0.05 sys=0.00, real=0.02 secs] 
2014-07-16T04:30:55.133+0000: 3404.221: [GC [PSYoungGen: 1240758K->370K(1189312K)] 1548077K->307809K(1876288K), 0.0053840 secs] [Times: user=0.01 sys=0.00, real=0.00 secs] 
2014-07-16T04:30:57.859+0000: 3406.947: [GC [PSYoungGen: 1189298K->644K(1140800K)] 1496737K->308171K(1827776K), 0.0094610 secs] [Times: user=0.02 sys=0.00, real=0.01 secs] 
2014-07-16T04:31:00.470+0000: 3409.558: [GC [PSYoungGen: 1140646K->726K(1094400K)] 1448173K->308485K(1781376K), 0.0218080 secs] [Times: user=0.08 sys=0.00, real=0.03 secs] 
2014-07-16T04:31:02.959+0000: 3412.047: [GC [PSYoungGen: 1094358K->498K(1049920K)] 1402117K->308433K(1736896K), 0.0174030 secs] [Times: user=0.07 sys=0.00, real=0.02 secs] 
2014-07-16T04:31:05.281+0000: 3414.369: [GC [PSYoungGen: 1049906K->256K(1007552K)] 1357841K->308335K(1694528K), 0.0065630 secs] [Times: user=0.02 sys=0.00, real=0.00 secs] 
2014-07-16T04:31:07.593+0000: 3416.681: [GC [PSYoungGen: 1007552K->498K(967744K)] 1315631K->308649K(1654720K), 0.0138710 secs] [Times: user=0.05 sys=0.00, real=0.01 secs] 
2014-07-16T04:31:09.743+0000: 3418.831: [GC [PSYoungGen: 967730K->320K(929408K)] 1275881K->308655K(1616384K), 0.0187950 secs] [Times: user=0.05 sys=0.01, real=0.01 secs] 
2014-07-16T04:31:11.838+0000: 3420.926: [GC [PSYoungGen: 929408K->704K(893440K)] 1237743K->309183K(1580416K), 0.0058000 secs] [Times: user=0.02 sys=0.00, real=0.01 secs] 
2014-07-16T04:31:13.879+0000: 3422.967: [GC [PSYoungGen: 893440K->466K(858624K)] 1201919K->309065K(1545600K), 0.0126980 secs] [Times: user=0.04 sys=0.00, real=0.01 secs] 
2014-07-16T04:31:15.777+0000: 3424.865: [GC [PSYoungGen: 858578K->288K(825472K)] 1167177K->308999K(1512448K), 0.0086460 secs] [Times: user=0.02 sys=0.00, real=0.01 secs] 
2014-07-16T04:31:17.658+0000: 3426.746: [GC [PSYoungGen: 825440K->598K(794368K)] 1134151K->309357K(1481344K), 0.0055630 secs] [Times: user=0.01 sys=0.00, real=0.01 secs] 
2014-07-16T04:31:19.417+0000: 3428.505: [GC [PSYoungGen: 794283K->680K(764480K)] 1103043K->309631K(1451456K), 0.0126990 secs] [Times: user=0.04 sys=0.00, real=0.01 secs] 
2014-07-16T04:31:21.241+0000: 3430.329: [GC [PSYoungGen: 764456K->680K(735936K)] 1073407K->309743K(1422912K), 0.0242440 secs] [Times: user=0.09 sys=0.00, real=0.03 secs] 
2014-07-16T04:31:22.952+0000: 3432.040: [GC [PSYoungGen: 735912K->480K(708544K)] 1044975K->309695K(1395520K), 0.0162760 secs] [Times: user=0.06 sys=0.00, real=0.02 secs] 
2014-07-16T04:31:24.524+0000: 3433.612: [GC [PSYoungGen: 708512K->544K(682688K)] 1017727K->309871K(1369664K), 0.0185490 secs] [Times: user=0.06 sys=0.00, real=0.01 secs] 
2014-07-16T04:31:26.038+0000: 3435.126: [GC [PSYoungGen: 682656K->288K(657728K)] 991983K->309663K(1344704K), 0.0050340 secs] [Times: user=0.02 sys=0.00, real=0.00 secs] 
2014-07-16T04:31:27.581+0000: 3436.669: [GC [PSYoungGen: 657696K->822K(634688K)] 967071K->310261K(1321664K), 0.0216470 secs] [Times: user=0.07 sys=0.00, real=0.02 secs] 
2014-07-16T04:31:28.953+0000: 3438.041: [GC [PSYoungGen: 634678K->548K(761216K)] 944117K->310179K(1448192K), 0.0262260 secs] [Times: user=0.09 sys=0.00, real=0.03 secs] 
2014-07-16T04:31:30.652+0000: 3439.740: [GC [PSYoungGen: 761177K->666K(913472K)] 1070809K->310409K(1600448K), 0.0191300 secs] [Times: user=0.08 sys=0.00, real=0.02 secs] 
2014-07-16T04:31:32.805+0000: 3441.894: [GC [PSYoungGen: 913434K->512K(1095872K)] 1223177K->310367K(1782848K), 0.0221240 secs] [Times: user=0.08 sys=0.00, real=0.02 secs] 
2014-07-16T04:31:35.223+0000: 3444.312: [GC [PSYoungGen: 1095872K->288K(1051392K)] 1405727K->310271K(1738368K), 0.0138600 secs] [Times: user=0.05 sys=0.00, real=0.02 secs] 
2014-07-16T04:31:37.568+0000: 3446.656: [GC [PSYoungGen: 1051287K->776K(1009728K)] 1361271K->310855K(1696704K), 0.0212500 secs] [Times: user=0.08 sys=0.00, real=0.02 secs] 
2014-07-16T04:31:39.786+0000: 3448.875: [GC [PSYoungGen: 1009672K->630K(969408K)] 1319751K->310893K(1656384K), 0.0074910 secs] [Times: user=0.03 sys=0.00, real=0.00 secs] 
2014-07-16T04:31:42.004+0000: 3451.092: [GC [PSYoungGen: 969398K->512K(931072K)] 1279661K->310911K(1618048K), 0.0084870 secs] [Times: user=0.03 sys=0.00, real=0.01 secs] 
2014-07-16T04:31:44.221+0000: 3453.309: [GC [PSYoungGen: 931072K->452K(894656K)] 1241471K->310979K(1581632K), 0.0147540 secs] [Times: user=0.06 sys=0.00, real=0.01 secs] 
2014-07-16T04:31:46.240+0000: 3455.328: [GC [PSYoungGen: 894534K->868K(860352K)] 1205062K->311523K(1547328K), 0.0125370 secs] [Times: user=0.04 sys=0.00, real=0.01 secs] 
2014-07-16T04:31:48.250+0000: 3457.338: [GC [PSYoungGen: 860324K->836K(827328K)] 1170979K->311579K(1514304K), 0.0339650 secs] [Times: user=0.12 sys=0.00, real=0.03 secs] 
2014-07-16T04:31:50.110+0000: 3459.198: [GC [PSYoungGen: 827242K->320K(795264K)] 1137986K->311369K(1482240K), 0.0167300 secs] [Times: user=0.05 sys=0.00, real=0.01 secs] 
2014-07-16T04:31:51.874+0000: 3460.962: [GC [PSYoungGen: 795264K->434K(765440K)] 1106313K->311619K(1452416K), 0.0132050 secs] [Times: user=0.05 sys=0.00, real=0.01 secs] 
2014-07-16T04:31:53.720+0000: 3462.808: [GC [PSYoungGen: 765426K->320K(736704K)] 1076611K->311609K(1423680K), 0.0081510 secs] [Times: user=0.01 sys=0.00, real=0.01 secs] 
2014-07-16T04:31:55.352+0000: 3464.440: [GC [PSYoungGen: 736704K->160K(709312K)] 1047993K->311569K(1396288K), 0.0257040 secs] [Times: user=0.10 sys=0.00, real=0.02 secs] 
2014-07-16T04:31:56.945+0000: 3466.033: [GC [PSYoungGen: 709280K->626K(683776K)] 1020689K->312075K(1370752K), 0.0131770 secs] [Times: user=0.05 sys=0.00, real=0.01 secs] 
2014-07-16T04:31:58.560+0000: 3467.648: [GC [PSYoungGen: 683762K->790K(820608K)] 995211K->312383K(1507584K), 0.0280110 secs] [Times: user=0.11 sys=0.00, real=0.02 secs] 
2014-07-16T04:32:00.373+0000: 3469.461: [GC [PSYoungGen: 820566K->416K(984192K)] 1132159K->312209K(1671168K), 0.0355490 secs] [Times: user=0.13 sys=0.00, real=0.03 secs] 
2014-07-16T04:32:02.631+0000: 3471.719: [GC [PSYoungGen: 984160K->594K(1181184K)] 1295953K->312483K(1868160K), 0.0075920 secs] [Times: user=0.02 sys=0.00, real=0.00 secs] 
2014-07-16T04:32:05.273+0000: 3474.361: [GC [PSYoungGen: 1181136K->288K(1132416K)] 1493025K->312305K(1819392K), 0.0150770 secs] [Times: user=0.05 sys=0.01, real=0.01 secs] 
2014-07-16T04:32:07.783+0000: 3476.872: [GC [PSYoungGen: 1132384K->480K(1359040K)] 1444401K->312601K(2046016K), 0.0296690 secs] [Times: user=0.11 sys=0.00, real=0.03 secs] 
2014-07-16T04:32:10.849+0000: 3479.937: [GC [PSYoungGen: 1359008K->840K(1302336K)] 1671129K->313137K(1989312K), 0.0268690 secs] [Times: user=0.10 sys=0.00, real=0.03 secs] 
2014-07-16T04:32:13.914+0000: 3483.002: [GC [PSYoungGen: 1302280K->480K(1443008K)] 1614577K->313009K(2129984K), 0.0355040 secs] [Times: user=0.12 sys=0.00, real=0.03 secs] 
2014-07-16T04:32:17.142+0000: 3486.231: [GC [PSYoungGen: 1442400K->580K(1381440K)] 1754929K->313301K(2068416K), 0.0181910 secs] [Times: user=0.07 sys=0.00, real=0.01 secs] 
2014-07-16T04:32:20.255+0000: 3489.343: [GC [PSYoungGen: 1381380K->1010K(1323648K)] 1694101K->313891K(2010624K), 0.0081390 secs] [Times: user=0.03 sys=0.00, real=0.01 secs] 
2014-07-16T04:32:23.187+0000: 3492.275: [GC [PSYoungGen: 1323634K->438K(1267776K)] 1636515K->313759K(1954752K), 0.0057530 secs] [Times: user=0.02 sys=0.00, real=0.01 secs] 
2014-07-16T04:32:26.068+0000: 3495.156: [GC [PSYoungGen: 1267766K->630K(1215360K)] 1581087K->314047K(1902336K), 0.0053220 secs] [Times: user=0.02 sys=0.00, real=0.01 secs] 
2014-07-16T04:32:28.823+0000: 3497.911: [GC [PSYoungGen: 1215350K->608K(1165312K)] 1528767K->314209K(1852288K), 0.0113560 secs] [Times: user=0.04 sys=0.00, real=0.02 secs] 
2014-07-16T04:32:31.361+0000: 3500.449: [GC [PSYoungGen: 1165280K->694K(1117696K)] 1478881K->314567K(1804672K), 0.0389050 secs] [Times: user=0.14 sys=0.01, real=0.04 secs] 
2014-07-16T04:32:33.986+0000: 3503.074: [GC [PSYoungGen: 1117686K->786K(1072448K)] 1431559K->314803K(1759424K), 0.0083290 secs] [Times: user=0.02 sys=0.00, real=0.01 secs] 
2014-07-16T04:32:36.319+0000: 3505.407: [GC [PSYoungGen: 1072402K->498K(1028992K)] 1386419K->314707K(1715968K), 0.0134920 secs] [Times: user=0.03 sys=0.00, real=0.01 secs] 
2014-07-16T04:32:38.698+0000: 3507.786: [GC [PSYoungGen: 1028925K->882K(988288K)] 1343134K->315403K(1675264K), 0.0054340 secs] [Times: user=0.02 sys=0.00, real=0.00 secs] 
2014-07-16T04:32:40.842+0000: 3509.930: [GC [PSYoungGen: 988274K->626K(948928K)] 1302795K->315347K(1635904K), 0.0164660 secs] [Times: user=0.06 sys=0.00, real=0.02 secs] 
2014-07-16T04:32:42.945+0000: 3512.033: [GC [PSYoungGen: 948914K->224K(911296K)] 1263635K->315121K(1598272K), 0.0251090 secs] [Times: user=0.09 sys=0.00, real=0.03 secs] 
2014-07-16T04:32:45.099+0000: 3514.187: [GC [PSYoungGen: 911182K->580K(876224K)] 1226080K->315565K(1563200K), 0.0143190 secs] [Times: user=0.03 sys=0.00, real=0.01 secs] 
2014-07-16T04:32:47.051+0000: 3516.140: [GC [PSYoungGen: 876164K->658K(842496K)] 1191149K->315795K(1529472K), 0.0232540 secs] [Times: user=0.08 sys=0.00, real=0.02 secs] 
2014-07-16T04:32:49.000+0000: 3518.088: [GC [PSYoungGen: 842450K->580K(810240K)] 1157587K->315837K(1497216K), 0.0088140 secs] [Times: user=0.03 sys=0.00, real=0.01 secs] 
2014-07-16T04:32:50.817+0000: 3519.906: [GC [PSYoungGen: 810180K->320K(779264K)] 1125437K->315769K(1466240K), 0.0112860 secs] [Times: user=0.04 sys=0.00, real=0.01 secs] 
2014-07-16T04:32:52.560+0000: 3521.649: [GC [PSYoungGen: 779264K->740K(750464K)] 1094713K->316309K(1437440K), 0.0131570 secs] [Times: user=0.05 sys=0.00, real=0.01 secs] 
2014-07-16T04:32:54.292+0000: 3523.380: [GC [PSYoungGen: 750436K->594K(722496K)] 1066005K->316219K(1409472K), 0.0079020 secs] [Times: user=0.02 sys=0.00, real=0.01 secs] 
2014-07-16T04:32:55.973+0000: 3525.061: [GC [PSYoungGen: 722450K->448K(866688K)] 1038075K->316177K(1553664K), 0.0379450 secs] [Times: user=0.14 sys=0.00, real=0.04 secs] 
2014-07-16T04:32:57.912+0000: 3527.000: [GC [PSYoungGen: 866688K->580K(833536K)] 1182417K->316413K(1520512K), 0.0167370 secs] [Times: user=0.06 sys=0.00, real=0.02 secs] 
2014-07-16T04:32:59.827+0000: 3528.916: [GC [PSYoungGen: 833476K->484K(801664K)] 1149309K->316493K(1488640K), 0.0058820 secs] [Times: user=0.02 sys=0.00, real=0.01 secs] 
2014-07-16T04:33:01.617+0000: 3530.705: [GC [PSYoungGen: 801636K->466K(771392K)] 1117645K->316643K(1458368K), 0.0260500 secs] [Times: user=0.10 sys=0.01, real=0.03 secs] 
2014-07-16T04:33:03.331+0000: 3532.419: [GC [PSYoungGen: 771346K->128K(925184K)] 1087523K->316401K(1612160K), 0.0234750 secs] [Times: user=0.09 sys=0.00, real=0.02 secs] 
2014-07-16T04:33:05.514+0000: 3534.602: [GC [PSYoungGen: 925184K->320K(889216K)] 1241457K->316649K(1576192K), 0.0169550 secs] [Times: user=0.06 sys=0.00, real=0.02 secs] 
2014-07-16T04:33:07.486+0000: 3536.575: [GC [PSYoungGen: 889216K->620K(1067328K)] 1205545K->317069K(1754304K), 0.0316590 secs] [Times: user=0.11 sys=0.01, real=0.03 secs] 
2014-07-16T04:33:09.936+0000: 3539.025: [GC [PSYoungGen: 1067308K->530K(1280640K)] 1383757K->317147K(1967616K), 0.0293100 secs] [Times: user=0.10 sys=0.00, real=0.03 secs] 
2014-07-16T04:33:12.818+0000: 3541.906: [GC [PSYoungGen: 1280594K->530K(1227392K)] 1597211K->317339K(1914368K), 0.0100510 secs] [Times: user=0.03 sys=0.00, real=0.01 secs] 
2014-07-16T04:33:15.687+0000: 3544.775: [GC [PSYoungGen: 1227346K->804K(1176960K)] 1544155K->317749K(1863936K), 0.0198420 secs] [Times: user=0.06 sys=0.00, real=0.02 secs] 
2014-07-16T04:33:18.260+0000: 3547.349: [GC [PSYoungGen: 1176932K->598K(1128576K)] 1493877K->317695K(1815552K), 0.0153570 secs] [Times: user=0.06 sys=0.00, real=0.02 secs] 
2014-07-16T04:33:20.811+0000: 3549.899: [GC [PSYoungGen: 1128534K->288K(1082368K)] 1445631K->317577K(1769344K), 0.0054550 secs] [Times: user=0.01 sys=0.00, real=0.01 secs] 
2014-07-16T04:33:23.226+0000: 3552.314: [GC [PSYoungGen: 1082335K->616K(1039040K)] 1399624K->318113K(1726016K), 0.0079980 secs] [Times: user=0.02 sys=0.00, real=0.01 secs] 
2014-07-16T04:33:25.608+0000: 3554.696: [GC [PSYoungGen: 1039016K->612K(997504K)] 1356513K->318205K(1684480K), 0.0062010 secs] [Times: user=0.02 sys=0.00, real=0.01 secs] 
2014-07-16T04:33:27.864+0000: 3556.952: [GC [PSYoungGen: 997476K->466K(957824K)] 1315069K->318179K(1644800K), 0.0193660 secs] [Times: user=0.08 sys=0.00, real=0.02 secs] 
2014-07-16T04:33:30.020+0000: 3559.108: [GC [PSYoungGen: 957778K->416K(920064K)] 1275491K->318313K(1607040K), 0.0121450 secs] [Times: user=0.04 sys=0.01, real=0.01 secs] 
2014-07-16T04:33:32.068+0000: 3561.156: [GC [PSYoungGen: 920032K->886K(884608K)] 1237929K->318991K(1571584K), 0.0276320 secs] [Times: user=0.10 sys=0.00, real=0.03 secs] 
2014-07-16T04:33:34.013+0000: 3563.101: [GC [PSYoungGen: 884598K->594K(850176K)] 1202703K->318787K(1537152K), 0.0190070 secs] [Times: user=0.06 sys=0.00, real=0.02 secs] 
2014-07-16T04:33:35.954+0000: 3565.042: [GC [PSYoungGen: 850046K->288K(817280K)] 1168239K->318545K(1504256K), 0.0060940 secs] [Times: user=0.02 sys=0.00, real=0.01 secs] 
2014-07-16T04:33:37.784+0000: 3566.872: [GC [PSYoungGen: 817248K->498K(786432K)] 1135505K->318859K(1473408K), 0.0062310 secs] [Times: user=0.01 sys=0.00, real=0.00 secs] 
2014-07-16T04:33:39.622+0000: 3568.711: [GC [PSYoungGen: 786418K->960K(757312K)] 1104779K->319681K(1444288K), 0.0225970 secs] [Times: user=0.08 sys=0.00, real=0.03 secs] 
2014-07-16T04:33:41.238+0000: 3570.327: [GC [PSYoungGen: 757312K->288K(728512K)] 1076033K->319121K(1415488K), 0.0178350 secs] [Times: user=0.07 sys=0.00, real=0.02 secs] 
2014-07-16T04:33:42.878+0000: 3571.966: [GC [PSYoungGen: 728480K->516K(701888K)] 1047313K->319501K(1388864K), 0.0127880 secs] [Times: user=0.04 sys=0.00, real=0.01 secs] 
2014-07-16T04:33:44.449+0000: 3573.537: [GC [PSYoungGen: 701827K->434K(676160K)] 1020813K->319507K(1363136K), 0.0072270 secs] [Times: user=0.01 sys=0.00, real=0.01 secs] 
2014-07-16T04:33:45.953+0000: 3575.041: [GC [PSYoungGen: 676146K->466K(651776K)] 995219K->319611K(1338752K), 0.0130370 secs] [Times: user=0.03 sys=0.00, real=0.02 secs] 
2014-07-16T04:33:47.406+0000: 3576.494: [GC [PSYoungGen: 651725K->530K(628544K)] 970871K->319771K(1315520K), 0.0239420 secs] [Times: user=0.08 sys=0.00, real=0.02 secs] 
2014-07-16T04:33:48.932+0000: 3578.020: [GC [PSYoungGen: 628491K->708K(606528K)] 947733K->320093K(1293504K), 0.0132530 secs] [Times: user=0.05 sys=0.00, real=0.01 secs] 
2014-07-16T04:33:50.461+0000: 3579.550: [GC [PSYoungGen: 606468K->754K(727680K)] 925853K->320339K(1414656K), 0.0259010 secs] [Times: user=0.09 sys=0.00, real=0.03 secs] 
2014-07-16T04:33:52.097+0000: 3581.185: [GC [PSYoungGen: 727666K->928K(873280K)] 1047251K->320673K(1560256K), 0.0143500 secs] [Times: user=0.04 sys=0.01, real=0.01 secs] 
2014-07-16T04:33:54.036+0000: 3583.124: [GC [PSYoungGen: 873183K->502K(1047296K)] 1192929K->320343K(1734272K), 0.0215350 secs] [Times: user=0.07 sys=0.00, real=0.03 secs] 
2014-07-16T04:33:56.569+0000: 3585.657: [GC [PSYoungGen: 1047224K->722K(1256960K)] 1367065K->320643K(1943936K), 0.0222640 secs] [Times: user=0.09 sys=0.00, real=0.02 secs] 
2014-07-16T04:33:59.388+0000: 3588.476: [GC [PSYoungGen: 1256914K->434K(1204544K)] 1576835K->320515K(1891520K), 0.0060220 secs] [Times: user=0.01 sys=0.00, real=0.00 secs] 
2014-07-16T04:34:02.147+0000: 3591.235: [GC [PSYoungGen: 1204530K->320K(1154880K)] 1524611K->320641K(1841856K), 0.0123970 secs] [Times: user=0.04 sys=0.00, real=0.02 secs] 
2014-07-16T04:34:04.709+0000: 3593.798: [GC [PSYoungGen: 1154880K->484K(1107904K)] 1475201K->320949K(1794880K), 0.0073840 secs] [Times: user=0.02 sys=0.01, real=0.00 secs] 
2014-07-16T04:34:07.237+0000: 3596.325: [GC [PSYoungGen: 1107874K->900K(1063488K)] 1428340K->321461K(1750464K), 0.0233400 secs] [Times: user=0.09 sys=0.00, real=0.03 secs] 
2014-07-16T04:34:09.623+0000: 3598.711: [GC [PSYoungGen: 1063428K->466K(1020288K)] 1383989K->321219K(1707264K), 0.0165010 secs] [Times: user=0.05 sys=0.00, real=0.02 secs] 
2014-07-16T04:34:11.987+0000: 3601.075: [GC [PSYoungGen: 1020242K->416K(1224192K)] 1340995K->321369K(1911168K), 0.0512680 secs] [Times: user=0.17 sys=0.00, real=0.05 secs] 
2014-07-16T04:34:14.731+0000: 3603.819: [GC [PSYoungGen: 1224152K->516K(1173824K)] 1545106K->321597K(1860800K), 0.0075940 secs] [Times: user=0.02 sys=0.00, real=0.00 secs] 
2014-07-16T04:34:17.446+0000: 3606.534: [GC [PSYoungGen: 1173763K->840K(1126080K)] 1494844K->322017K(1813056K), 0.0053910 secs] [Times: user=0.02 sys=0.00, real=0.01 secs] 
2014-07-16T04:34:20.001+0000: 3609.089: [GC [PSYoungGen: 1126024K->594K(1080064K)] 1447201K->322019K(1767040K), 0.0190000 secs] [Times: user=0.04 sys=0.00, real=0.01 secs] 
2014-07-16T04:34:22.444+0000: 3611.533: [GC [PSYoungGen: 1080018K->722K(1036672K)] 1401443K->322363K(1723648K), 0.0245040 secs] [Times: user=0.08 sys=0.00, real=0.02 secs] 
2014-07-16T04:34:24.764+0000: 3613.852: [GC [PSYoungGen: 1036567K->384K(994816K)] 1358209K->322161K(1681792K), 0.0072740 secs] [Times: user=0.02 sys=0.00, real=0.01 secs] 
2014-07-16T04:34:26.970+0000: 3616.058: [GC [PSYoungGen: 994805K->498K(955520K)] 1316582K->322355K(1642496K), 0.0290110 secs] [Times: user=0.10 sys=0.00, real=0.03 secs] 
2014-07-16T04:34:29.171+0000: 3618.260: [GC [PSYoungGen: 955506K->544K(1146624K)] 1277363K->322553K(1833600K), 0.0561020 secs] [Times: user=0.22 sys=0.00, real=0.06 secs] 
2014-07-16T04:34:31.767+0000: 3620.855: [GC [PSYoungGen: 1146592K->580K(1375936K)] 1468601K->322805K(2062912K), 0.0079930 secs] [Times: user=0.02 sys=0.00, real=0.01 secs] 
2014-07-16T04:34:34.831+0000: 3623.919: [GC [PSYoungGen: 1375876K->754K(1318208K)] 1698101K->323139K(2005184K), 0.0252850 secs] [Times: user=0.07 sys=0.00, real=0.03 secs] 
2014-07-16T04:34:41.857+0000: 3630.945: [GC [PSYoungGen: 1318194K->1024K(1536256K)] 1640579K->360785K(2223232K), 0.1122980 secs] [Times: user=0.43 sys=0.02, real=0.11 secs] 
Heap
 PSYoungGen      total 1536256K, used 16217K [0x0000000755560000, 0x00000007b7a80000, 0x0000000800000000)
  eden space 1535232K, 0% used [0x0000000755560000,0x00000007564364b8,0x00000007b30a0000)
  from space 1024K, 100% used [0x00000007b30a0000,0x00000007b31a0000,0x00000007b31a0000)
  to   space 14976K, 0% used [0x00000007b6be0000,0x00000007b6be0000,0x00000007b7a80000)
 ParOldGen       total 686976K, used 359761K [0x0000000600000000, 0x0000000629ee0000, 0x0000000755560000)
  object space 686976K, 52% used [0x0000000600000000,0x0000000615f546c0,0x0000000629ee0000)
 PSPermGen       total 21248K, used 11720K [0x00000005f5a00000, 0x00000005f6ec0000, 0x0000000600000000)
  object space 21248K, 55% used [0x00000005f5a00000,0x00000005f6572018,0x00000005f6ec0000)
