2014-07-16T03:34:34.047+0000: 23.135: [GC [PSYoungGen: 257728K->14846K(300608K)] 257728K->14854K(987584K), 0.0473870 secs] [Times: user=0.18 sys=0.02, real=0.04 secs] 
2014-07-16T03:34:38.078+0000: 27.166: [GC [PSYoungGen: 272574K->17203K(300608K)] 272582K->17219K(987584K), 0.0155300 secs] [Times: user=0.08 sys=0.00, real=0.01 secs] 
2014-07-16T03:34:40.003+0000: 29.091: [GC [PSYoungGen: 274931K->25360K(300608K)] 274947K->25384K(987584K), 0.0172300 secs] [Times: user=0.10 sys=0.01, real=0.02 secs] 
2014-07-16T03:34:42.014+0000: 31.102: [GC [PSYoungGen: 283088K->29954K(300608K)] 283112K->29986K(987584K), 0.0217250 secs] [Times: user=0.10 sys=0.02, real=0.02 secs] 
2014-07-16T03:34:43.869+0000: 32.957: [GC [PSYoungGen: 287682K->33713K(285056K)] 287714K->33753K(972032K), 0.0233840 secs] [Times: user=0.17 sys=0.01, real=0.02 secs] 
2014-07-16T03:34:45.675+0000: 34.763: [GC [PSYoungGen: 285041K->36404K(283520K)] 285081K->36444K(970496K), 0.0235400 secs] [Times: user=0.12 sys=0.00, real=0.03 secs] 
2014-07-16T03:34:47.534+0000: 36.622: [GC [PSYoungGen: 281588K->22624K(261888K)] 281628K->38104K(948864K), 0.0110170 secs] [Times: user=0.06 sys=0.00, real=0.01 secs] 
2014-07-16T03:34:49.227+0000: 38.315: [GC [PSYoungGen: 261810K->10489K(271936K)] 277290K->39078K(958912K), 0.0050060 secs] [Times: user=0.02 sys=0.00, real=0.01 secs] 
2014-07-16T03:34:50.814+0000: 39.902: [GC [PSYoungGen: 244025K->5176K(233216K)] 272614K->40643K(920192K), 0.0036420 secs] [Times: user=0.02 sys=0.00, real=0.00 secs] 
2014-07-16T03:34:52.263+0000: 41.351: [GC [PSYoungGen: 233208K->3109K(263680K)] 268675K->41488K(950656K), 0.0075290 secs] [Times: user=0.04 sys=0.00, real=0.01 secs] 
2014-07-16T03:34:53.633+0000: 42.722: [GC [PSYoungGen: 225829K->1109K(218752K)] 264208K->41929K(905728K), 0.0031920 secs] [Times: user=0.01 sys=0.00, real=0.00 secs] 
2014-07-16T03:34:54.999+0000: 44.087: [GC [PSYoungGen: 218709K->1259K(253824K)] 259529K->42424K(940800K), 0.0029150 secs] [Times: user=0.02 sys=0.01, real=0.00 secs] 
2014-07-16T03:34:56.401+0000: 45.490: [GC [PSYoungGen: 213886K->894K(208768K)] 255052K->42393K(895744K), 0.0050430 secs] [Times: user=0.03 sys=0.01, real=0.00 secs] 
2014-07-16T03:34:57.845+0000: 46.933: [GC [PSYoungGen: 208766K->1191K(242816K)] 250265K->43066K(929792K), 0.0045450 secs] [Times: user=0.03 sys=0.00, real=0.01 secs] 
2014-07-16T03:34:59.126+0000: 48.214: [GC [PSYoungGen: 204455K->598K(199424K)] 246330K->42778K(886400K), 0.0067030 secs] [Times: user=0.03 sys=0.01, real=0.01 secs] 
2014-07-16T03:35:00.284+0000: 49.373: [GC [PSYoungGen: 199382K->966K(231616K)] 241562K->43186K(918592K), 0.0042730 secs] [Times: user=0.01 sys=0.00, real=0.00 secs] 
2014-07-16T03:35:01.391+0000: 50.479: [GC [PSYoungGen: 195450K->708K(191104K)] 237670K->42984K(878080K), 0.0037160 secs] [Times: user=0.01 sys=0.01, real=0.00 secs] 
2014-07-16T03:35:02.528+0000: 51.616: [GC [PSYoungGen: 191044K->780K(220480K)] 233320K->43104K(907456K), 0.0039520 secs] [Times: user=0.01 sys=0.00, real=0.01 secs] 
2014-07-16T03:35:03.685+0000: 52.774: [GC [PSYoungGen: 187084K->1896K(184320K)] 229408K->44292K(871296K), 0.0044740 secs] [Times: user=0.02 sys=0.00, real=0.01 secs] 
2014-07-16T03:35:04.778+0000: 53.866: [GC [PSYoungGen: 184296K->1076K(209280K)] 226692K->43552K(896256K), 0.0039200 secs] [Times: user=0.01 sys=0.01, real=0.01 secs] 
2014-07-16T03:35:05.942+0000: 55.030: [GC [PSYoungGen: 179700K->648K(175680K)] 222176K->43156K(862656K), 0.0040670 secs] [Times: user=0.01 sys=0.00, real=0.00 secs] 
2014-07-16T03:35:06.940+0000: 56.029: [GC [PSYoungGen: 175583K->680K(199104K)] 218091K->43220K(886080K), 0.0048730 secs] [Times: user=0.01 sys=0.00, real=0.01 secs] 
2014-07-16T03:35:07.918+0000: 57.006: [GC [PSYoungGen: 172088K->594K(168704K)] 214629K->43214K(855680K), 0.0031250 secs] [Times: user=0.01 sys=0.00, real=0.01 secs] 
2014-07-16T03:35:08.900+0000: 57.988: [GC [PSYoungGen: 168658K->762K(189248K)] 211278K->43430K(876224K), 0.0038320 secs] [Times: user=0.02 sys=0.00, real=0.01 secs] 
2014-07-16T03:35:09.799+0000: 58.887: [GC [PSYoungGen: 165548K->630K(162240K)] 208217K->43410K(849216K), 0.0034900 secs] [Times: user=0.01 sys=0.01, real=0.01 secs] 
2014-07-16T03:35:10.653+0000: 59.742: [GC [PSYoungGen: 162196K->666K(180096K)] 204977K->43478K(867072K), 0.0084800 secs] [Times: user=0.04 sys=0.00, real=0.01 secs] 
2014-07-16T03:35:11.511+0000: 60.599: [GC [PSYoungGen: 159194K->880K(156416K)] 202006K->43748K(843392K), 0.0052650 secs] [Times: user=0.02 sys=0.00, real=0.01 secs] 
2014-07-16T03:35:12.382+0000: 61.470: [GC [PSYoungGen: 156400K->548K(171456K)] 199268K->43472K(858432K), 0.0085780 secs] [Times: user=0.05 sys=0.00, real=0.00 secs] 
2014-07-16T03:35:13.240+0000: 62.328: [GC [PSYoungGen: 153188K->580K(150464K)] 196112K->43560K(837440K), 0.0041060 secs] [Times: user=0.02 sys=0.01, real=0.01 secs] 
2014-07-16T03:35:14.031+0000: 63.119: [GC [PSYoungGen: 150404K->812K(163264K)] 193384K->43856K(850240K), 0.0066070 secs] [Times: user=0.03 sys=0.01, real=0.01 secs] 
2014-07-16T03:35:14.818+0000: 63.907: [GC [PSYoungGen: 147884K->784K(145280K)] 190928K->43876K(832256K), 0.0047630 secs] [Times: user=0.02 sys=0.00, real=0.01 secs] 
2014-07-16T03:35:15.549+0000: 64.637: [GC [PSYoungGen: 145232K->698K(155904K)] 188324K->43830K(842880K), 0.0062370 secs] [Times: user=0.03 sys=0.00, real=0.01 secs] 
2014-07-16T03:35:16.284+0000: 65.372: [GC [PSYoungGen: 142586K->734K(140160K)] 185718K->43922K(827136K), 0.0044340 secs] [Times: user=0.02 sys=0.00, real=0.00 secs] 
2014-07-16T03:35:17.008+0000: 66.097: [GC [PSYoungGen: 140126K->608K(148928K)] 183314K->43844K(835904K), 0.0037360 secs] [Times: user=0.01 sys=0.01, real=0.01 secs] 
2014-07-16T03:35:17.709+0000: 66.798: [GC [PSYoungGen: 137567K->1174K(135808K)] 180804K->44490K(822784K), 0.0065230 secs] [Times: user=0.04 sys=0.00, real=0.01 secs] 
2014-07-16T03:35:18.443+0000: 67.531: [GC [PSYoungGen: 135766K->598K(142464K)] 179082K->43970K(829440K), 0.0062260 secs] [Times: user=0.04 sys=0.00, real=0.00 secs] 
2014-07-16T03:35:19.206+0000: 68.294: [GC [PSYoungGen: 132886K->894K(130944K)] 176258K->44290K(817920K), 0.0040420 secs] [Times: user=0.01 sys=0.00, real=0.00 secs] 
2014-07-16T03:35:19.970+0000: 69.058: [GC [PSYoungGen: 130942K->708K(136512K)] 174338K->44168K(823488K), 0.0031820 secs] [Times: user=0.01 sys=0.00, real=0.00 secs] 
2014-07-16T03:35:20.603+0000: 69.691: [GC [PSYoungGen: 128580K->744K(126528K)] 172040K->44252K(813504K), 0.0040390 secs] [Times: user=0.02 sys=0.00, real=0.01 secs] 
2014-07-16T03:35:21.221+0000: 70.309: [GC [PSYoungGen: 126499K->612K(131072K)] 170007K->44184K(818048K), 0.0031760 secs] [Times: user=0.01 sys=0.00, real=0.01 secs] 
2014-07-16T03:35:21.844+0000: 70.933: [GC [PSYoungGen: 124324K->1492K(123264K)] 167896K->45120K(810240K), 0.0061520 secs] [Times: user=0.03 sys=0.00, real=0.00 secs] 
2014-07-16T03:35:22.466+0000: 71.554: [GC [PSYoungGen: 123217K->580K(125888K)] 166846K->44312K(812864K), 0.0034250 secs] [Times: user=0.02 sys=0.00, real=0.00 secs] 
2014-07-16T03:35:23.061+0000: 72.149: [GC [PSYoungGen: 120388K->940K(118912K)] 164120K->44744K(805888K), 0.0028330 secs] [Times: user=0.01 sys=0.00, real=0.01 secs] 
2014-07-16T03:35:23.649+0000: 72.737: [GC [PSYoungGen: 118892K->698K(121344K)] 162696K->44574K(808320K), 0.0030790 secs] [Times: user=0.02 sys=0.00, real=0.00 secs] 
2014-07-16T03:35:24.233+0000: 73.321: [GC [PSYoungGen: 116858K->716K(115136K)] 160734K->44632K(802112K), 0.0043820 secs] [Times: user=0.02 sys=0.00, real=0.00 secs] 
2014-07-16T03:35:24.817+0000: 73.906: [GC [PSYoungGen: 115084K->644K(116992K)] 159000K->44648K(803968K), 0.0024540 secs] [Times: user=0.00 sys=0.00, real=0.00 secs] 
2014-07-16T03:35:25.366+0000: 74.455: [GC [PSYoungGen: 113284K->662K(111680K)] 157288K->44738K(798656K), 0.0043540 secs] [Times: user=0.02 sys=0.00, real=0.00 secs] 
2014-07-16T03:35:25.912+0000: 75.000: [GC [PSYoungGen: 111638K->680K(112960K)] 155714K->44812K(799936K), 0.0062280 secs] [Times: user=0.03 sys=0.00, real=0.01 secs] 
2014-07-16T03:35:26.446+0000: 75.534: [GC [PSYoungGen: 109948K->612K(108352K)] 154081K->44776K(795328K), 0.0079000 secs] [Times: user=0.04 sys=0.00, real=0.01 secs] 
2014-07-16T03:35:26.988+0000: 76.076: [GC [PSYoungGen: 108276K->780K(109184K)] 152440K->45000K(796160K), 0.0025960 secs] [Times: user=0.01 sys=0.00, real=0.00 secs] 
2014-07-16T03:35:27.508+0000: 76.596: [GC [PSYoungGen: 106956K->630K(105280K)] 151176K->44914K(792256K), 0.0044770 secs] [Times: user=0.02 sys=0.00, real=0.00 secs] 
2014-07-16T03:35:28.022+0000: 77.111: [GC [PSYoungGen: 105270K->584K(105792K)] 149554K->44900K(792768K), 0.0060920 secs] [Times: user=0.04 sys=0.00, real=0.01 secs] 
2014-07-16T03:35:28.527+0000: 77.615: [GC [PSYoungGen: 103752K->534K(102272K)] 148068K->44874K(789248K), 0.0050530 secs] [Times: user=0.02 sys=0.00, real=0.00 secs] 
2014-07-16T03:35:29.056+0000: 78.144: [GC [PSYoungGen: 102213K->962K(102336K)] 146554K->45350K(789312K), 0.0032350 secs] [Times: user=0.01 sys=0.00, real=0.00 secs] 
2014-07-16T03:35:29.555+0000: 78.643: [GC [PSYoungGen: 101200K->880K(99840K)] 145588K->45364K(786816K), 0.0031290 secs] [Times: user=0.01 sys=0.00, real=0.00 secs] 
2014-07-16T03:35:30.021+0000: 79.110: [GC [PSYoungGen: 99773K->848K(99264K)] 144258K->45404K(786240K), 0.0040290 secs] [Times: user=0.02 sys=0.00, real=0.01 secs] 
2014-07-16T03:35:30.484+0000: 79.573: [GC [PSYoungGen: 98448K->416K(96768K)] 143004K->45052K(783744K), 0.0026100 secs] [Times: user=0.02 sys=0.00, real=0.00 secs] 
2014-07-16T03:35:30.927+0000: 80.015: [GC [PSYoungGen: 96736K->702K(96384K)] 141372K->45378K(783360K), 0.0035470 secs] [Times: user=0.01 sys=0.01, real=0.00 secs] 
2014-07-16T03:35:31.369+0000: 80.458: [GC [PSYoungGen: 95724K->730K(94528K)] 140401K->45462K(781504K), 0.0052710 secs] [Times: user=0.03 sys=0.00, real=0.01 secs] 
2014-07-16T03:35:31.841+0000: 80.929: [GC [PSYoungGen: 94488K->858K(93440K)] 139221K->45646K(780416K), 0.0031820 secs] [Times: user=0.01 sys=0.00, real=0.01 secs] 
2014-07-16T03:35:32.273+0000: 81.361: [GC [PSYoungGen: 93398K->648K(92032K)] 138187K->45508K(779008K), 0.0028500 secs] [Times: user=0.01 sys=0.00, real=0.01 secs] 
2014-07-16T03:35:32.686+0000: 81.775: [GC [PSYoungGen: 91976K->1016K(91200K)] 136836K->45916K(778176K), 0.0045120 secs] [Times: user=0.02 sys=0.00, real=0.00 secs] 
2014-07-16T03:35:33.102+0000: 82.190: [GC [PSYoungGen: 91192K->552K(89600K)] 136092K->45476K(776576K), 0.0033560 secs] [Times: user=0.01 sys=0.00, real=0.01 secs] 
2014-07-16T03:35:33.493+0000: 82.581: [GC [PSYoungGen: 89567K->612K(88576K)] 134492K->45600K(775552K), 0.0036110 secs] [Times: user=0.02 sys=0.00, real=0.01 secs] 
2014-07-16T03:35:33.960+0000: 83.048: [GC [PSYoungGen: 88548K->854K(87744K)] 133536K->45914K(774720K), 0.0030100 secs] [Times: user=0.01 sys=0.00, real=0.00 secs] 
2014-07-16T03:35:34.315+0000: 83.404: [GC [PSYoungGen: 87680K->880K(86656K)] 132741K->46036K(773632K), 0.0050970 secs] [Times: user=0.02 sys=0.00, real=0.00 secs] 
2014-07-16T03:35:34.708+0000: 83.796: [GC [PSYoungGen: 86640K->1062K(85824K)] 131796K->46314K(772800K), 0.0036200 secs] [Times: user=0.01 sys=0.00, real=0.00 secs] 
2014-07-16T03:35:35.095+0000: 84.183: [GC [PSYoungGen: 85789K->1034K(88384K)] 131042K->46310K(775360K), 0.0096780 secs] [Times: user=0.06 sys=0.00, real=0.01 secs] 
2014-07-16T03:35:35.490+0000: 84.578: [GC [PSYoungGen: 87498K->762K(88384K)] 132774K->46110K(775360K), 0.0026330 secs] [Times: user=0.02 sys=0.00, real=0.00 secs] 
2014-07-16T03:35:35.876+0000: 84.964: [GC [PSYoungGen: 87226K->616K(105472K)] 132574K->46012K(792448K), 0.0046410 secs] [Times: user=0.02 sys=0.00, real=0.00 secs] 
2014-07-16T03:35:36.333+0000: 85.421: [GC [PSYoungGen: 104347K->876K(105536K)] 149744K->46352K(792512K), 0.0033670 secs] [Times: user=0.02 sys=0.00, real=0.01 secs] 
2014-07-16T03:35:36.827+0000: 85.915: [GC [PSYoungGen: 104684K->762K(126144K)] 150160K->46294K(813120K), 0.0046160 secs] [Times: user=0.03 sys=0.00, real=0.00 secs] 
2014-07-16T03:35:37.406+0000: 86.494: [GC [PSYoungGen: 125370K->744K(123392K)] 170902K->46372K(810368K), 0.0036330 secs] [Times: user=0.02 sys=0.00, real=0.00 secs] 
2014-07-16T03:35:37.971+0000: 87.060: [GC [PSYoungGen: 123340K->748K(121472K)] 168968K->46424K(808448K), 0.0041430 secs] [Times: user=0.02 sys=0.00, real=0.01 secs] 
2014-07-16T03:35:38.535+0000: 87.623: [GC [PSYoungGen: 121413K->1016K(119808K)] 167090K->46748K(806784K), 0.0056020 secs] [Times: user=0.03 sys=0.00, real=0.00 secs] 
2014-07-16T03:35:39.076+0000: 88.164: [GC [PSYoungGen: 119800K->898K(117888K)] 165532K->46694K(804864K), 0.0049090 secs] [Times: user=0.02 sys=0.01, real=0.00 secs] 
2014-07-16T03:35:39.510+0000: 88.598: [GC [PSYoungGen: 117826K->680K(115840K)] 163622K->46532K(802816K), 0.0043820 secs] [Times: user=0.03 sys=0.00, real=0.00 secs] 
2014-07-16T03:35:39.948+0000: 89.036: [GC [PSYoungGen: 115816K->576K(113984K)] 161668K->46484K(800960K), 0.0037130 secs] [Times: user=0.01 sys=0.00, real=0.00 secs] 
2014-07-16T03:35:40.376+0000: 89.465: [GC [PSYoungGen: 113984K->926K(112640K)] 159892K->46874K(799616K), 0.0039510 secs] [Times: user=0.03 sys=0.00, real=0.00 secs] 
2014-07-16T03:35:40.801+0000: 89.889: [GC [PSYoungGen: 112581K->1028K(111104K)] 158530K->47032K(798080K), 0.0042980 secs] [Times: user=0.03 sys=0.00, real=0.00 secs] 
2014-07-16T03:35:41.228+0000: 90.316: [GC [PSYoungGen: 111043K->626K(109056K)] 157048K->46670K(796032K), 0.0034900 secs] [Times: user=0.01 sys=0.00, real=0.00 secs] 
2014-07-16T03:35:41.648+0000: 90.736: [GC [PSYoungGen: 109042K->498K(107328K)] 155086K->46590K(794304K), 0.0056200 secs] [Times: user=0.03 sys=0.00, real=0.00 secs] 
2014-07-16T03:35:42.058+0000: 91.146: [GC [PSYoungGen: 107314K->862K(119680K)] 153406K->46986K(806656K), 0.0093030 secs] [Times: user=0.05 sys=0.01, real=0.01 secs] 
2014-07-16T03:35:42.514+0000: 91.602: [GC [PSYoungGen: 119134K->826K(129536K)] 165258K->47054K(816512K), 0.0023230 secs] [Times: user=0.01 sys=0.00, real=0.01 secs] 
2014-07-16T03:35:42.998+0000: 92.086: [GC [PSYoungGen: 129018K->466K(129536K)] 175246K->46758K(816512K), 0.0042520 secs] [Times: user=0.03 sys=0.00, real=0.00 secs] 
2014-07-16T03:35:43.466+0000: 92.554: [GC [PSYoungGen: 128658K->576K(126656K)] 174950K->46940K(813632K), 0.0031850 secs] [Times: user=0.02 sys=0.01, real=0.00 secs] 
2014-07-16T03:35:43.925+0000: 93.013: [GC [PSYoungGen: 126639K->808K(124864K)] 173004K->47228K(811840K), 0.0042300 secs] [Times: user=0.01 sys=0.01, real=0.01 secs] 
2014-07-16T03:35:44.460+0000: 93.548: [GC [PSYoungGen: 124840K->958K(123008K)] 171260K->47458K(809984K), 0.0022970 secs] [Times: user=0.01 sys=0.00, real=0.00 secs] 
2014-07-16T03:35:44.921+0000: 94.009: [GC [PSYoungGen: 123006K->1104K(121280K)] 169506K->47700K(808256K), 0.0047960 secs] [Times: user=0.02 sys=0.00, real=0.00 secs] 
2014-07-16T03:35:45.358+0000: 94.446: [GC [PSYoungGen: 121219K->488K(118784K)] 167816K->47342K(805760K), 0.0028600 secs] [Times: user=0.01 sys=0.00, real=0.00 secs] 
2014-07-16T03:35:45.774+0000: 94.862: [GC [PSYoungGen: 118760K->1176K(117632K)] 165614K->48070K(804608K), 0.0044950 secs] [Times: user=0.01 sys=0.01, real=0.01 secs] 
2014-07-16T03:35:46.202+0000: 95.290: [GC [PSYoungGen: 117592K->840K(115520K)] 164486K->48114K(802496K), 0.0043410 secs] [Times: user=0.02 sys=0.00, real=0.01 secs] 
2014-07-16T03:35:46.623+0000: 95.711: [GC [PSYoungGen: 115441K->1326K(138944K)] 162716K->49241K(825920K), 0.0063720 secs] [Times: user=0.03 sys=0.01, real=0.01 secs] 
2014-07-16T03:35:47.149+0000: 96.237: [GC [PSYoungGen: 138892K->502K(135744K)] 186807K->48975K(822720K), 0.0034320 secs] [Times: user=0.02 sys=0.00, real=0.00 secs] 
2014-07-16T03:35:47.637+0000: 96.725: [GC [PSYoungGen: 135697K->1226K(134208K)] 184170K->49871K(821184K), 0.0035190 secs] [Times: user=0.01 sys=0.00, real=0.00 secs] 
2014-07-16T03:35:48.117+0000: 97.205: [GC [PSYoungGen: 134154K->808K(131520K)] 182799K->49909K(818496K), 0.0031850 secs] [Times: user=0.01 sys=0.00, real=0.00 secs] 
2014-07-16T03:35:48.582+0000: 97.670: [GC [PSYoungGen: 131456K->1404K(129920K)] 180557K->50593K(816896K), 0.0042820 secs] [Times: user=0.02 sys=0.00, real=0.01 secs] 
2014-07-16T03:35:49.144+0000: 98.232: [GC [PSYoungGen: 129916K->1142K(127552K)] 179105K->50435K(814528K), 0.0041000 secs] [Times: user=0.01 sys=0.00, real=0.01 secs] 
2014-07-16T03:35:49.567+0000: 98.656: [GC [PSYoungGen: 127542K->812K(125184K)] 176835K->50161K(812160K), 0.0032510 secs] [Times: user=0.01 sys=0.00, real=0.00 secs] 
2014-07-16T03:35:50.016+0000: 99.105: [GC [PSYoungGen: 125163K->922K(123328K)] 174512K->50335K(810304K), 0.0030900 secs] [Times: user=0.01 sys=0.00, real=0.01 secs] 
2014-07-16T03:35:50.478+0000: 99.566: [GC [PSYoungGen: 123290K->894K(121344K)] 172703K->50363K(808320K), 0.0037310 secs] [Times: user=0.02 sys=0.00, real=0.00 secs] 
2014-07-16T03:35:50.907+0000: 99.995: [GC [PSYoungGen: 121342K->894K(119488K)] 170811K->50435K(806464K), 0.0042220 secs] [Times: user=0.03 sys=0.00, real=0.00 secs] 
2014-07-16T03:35:51.324+0000: 100.412: [GC [PSYoungGen: 119486K->976K(117760K)] 169027K->50589K(804736K), 0.0055900 secs] [Times: user=0.02 sys=0.01, real=0.01 secs] 
2014-07-16T03:35:51.743+0000: 100.831: [GC [PSYoungGen: 117712K->416K(140544K)] 167325K->50069K(827520K), 0.0081820 secs] [Times: user=0.04 sys=0.00, real=0.01 secs] 
2014-07-16T03:35:52.256+0000: 101.345: [GC [PSYoungGen: 140512K->1190K(143744K)] 190165K->50931K(830720K), 0.0041880 secs] [Times: user=0.03 sys=0.00, real=0.01 secs] 
2014-07-16T03:35:52.764+0000: 101.852: [GC [PSYoungGen: 143272K->894K(140544K)] 193014K->50707K(827520K), 0.0027080 secs] [Times: user=0.02 sys=0.00, real=0.00 secs] 
2014-07-16T03:35:53.269+0000: 102.357: [GC [PSYoungGen: 140542K->1486K(138752K)] 190355K->51371K(825728K), 0.0031480 secs] [Times: user=0.01 sys=0.00, real=0.00 secs] 
2014-07-16T03:35:53.763+0000: 102.851: [GC [PSYoungGen: 138666K->626K(135488K)] 188551K->50583K(822464K), 0.0027520 secs] [Times: user=0.01 sys=0.00, real=0.00 secs] 
2014-07-16T03:35:54.321+0000: 103.409: [GC [PSYoungGen: 135471K->1004K(133568K)] 185429K->51025K(820544K), 0.0032580 secs] [Times: user=0.01 sys=0.00, real=0.00 secs] 
2014-07-16T03:35:54.788+0000: 103.877: [GC [PSYoungGen: 133498K->798K(131136K)] 183519K->50875K(818112K), 0.0050450 secs] [Times: user=0.03 sys=0.00, real=0.00 secs] 
2014-07-16T03:35:55.265+0000: 104.354: [GC [PSYoungGen: 131061K->1200K(129344K)] 181138K->51341K(816320K), 0.0035440 secs] [Times: user=0.01 sys=0.00, real=0.01 secs] 
2014-07-16T03:35:55.733+0000: 104.821: [GC [PSYoungGen: 129328K->776K(126848K)] 179469K->51013K(813824K), 0.0050100 secs] [Times: user=0.02 sys=0.00, real=0.01 secs] 
2014-07-16T03:35:56.178+0000: 105.266: [GC [PSYoungGen: 126792K->1176K(125184K)] 177029K->51485K(812160K), 0.0047780 secs] [Times: user=0.03 sys=0.00, real=0.01 secs] 
2014-07-16T03:35:56.639+0000: 105.727: [GC [PSYoungGen: 125144K->1208K(123200K)] 175453K->51597K(810176K), 0.0025570 secs] [Times: user=0.01 sys=0.00, real=0.00 secs] 
2014-07-16T03:35:57.078+0000: 106.167: [GC [PSYoungGen: 123192K->890K(120960K)] 173581K->51335K(807936K), 0.0049400 secs] [Times: user=0.03 sys=0.00, real=0.00 secs] 
2014-07-16T03:35:57.509+0000: 106.597: [GC [PSYoungGen: 120941K->790K(119040K)] 171386K->51283K(806016K), 0.0045420 secs] [Times: user=0.02 sys=0.00, real=0.00 secs] 
2014-07-16T03:35:57.931+0000: 107.019: [GC [PSYoungGen: 118998K->758K(117120K)] 169491K->51323K(804096K), 0.0047550 secs] [Times: user=0.02 sys=0.00, real=0.00 secs] 
2014-07-16T03:35:58.355+0000: 107.443: [GC [PSYoungGen: 117110K->1050K(140736K)] 167675K->51663K(827712K), 0.0087560 secs] [Times: user=0.05 sys=0.00, real=0.01 secs] 
2014-07-16T03:35:58.862+0000: 107.950: [GC [PSYoungGen: 140698K->1100K(161856K)] 191311K->51777K(848832K), 0.0028080 secs] [Times: user=0.01 sys=0.00, real=0.00 secs] 
2014-07-16T03:35:59.479+0000: 108.568: [GC [PSYoungGen: 161418K->730K(158016K)] 212095K->51455K(844992K), 0.0033450 secs] [Times: user=0.01 sys=0.00, real=0.00 secs] 
2014-07-16T03:36:00.058+0000: 109.146: [GC [PSYoungGen: 157954K->1280K(155648K)] 208680K->52021K(842624K), 0.0059930 secs] [Times: user=0.01 sys=0.00, real=0.01 secs] 
2014-07-16T03:36:00.600+0000: 109.688: [GC [PSYoungGen: 155565K->962K(152448K)] 206306K->51743K(839424K), 0.0065530 secs] [Times: user=0.04 sys=0.00, real=0.00 secs] 
2014-07-16T03:36:01.165+0000: 110.253: [GC [PSYoungGen: 152363K->1486K(150208K)] 203145K->52413K(837184K), 0.0052280 secs] [Times: user=0.03 sys=0.00, real=0.01 secs] 
2014-07-16T03:36:01.693+0000: 110.781: [GC [PSYoungGen: 150158K->562K(146560K)] 201085K->51819K(833536K), 0.0048230 secs] [Times: user=0.02 sys=0.00, real=0.00 secs] 
2014-07-16T03:36:02.217+0000: 111.306: [GC [PSYoungGen: 146542K->1032K(144448K)] 197800K->52369K(831424K), 0.0035570 secs] [Times: user=0.01 sys=0.01, real=0.01 secs] 
2014-07-16T03:36:02.731+0000: 111.820: [GC [PSYoungGen: 144375K->1162K(142016K)] 195712K->52531K(828992K), 0.0047990 secs] [Times: user=0.02 sys=0.00, real=0.00 secs] 
2014-07-16T03:36:03.247+0000: 112.336: [GC [PSYoungGen: 141962K->876K(139264K)] 193331K->52325K(826240K), 0.0033540 secs] [Times: user=0.02 sys=0.00, real=0.01 secs] 
2014-07-16T03:36:03.749+0000: 112.837: [GC [PSYoungGen: 139244K->976K(137024K)] 190693K->52497K(824000K), 0.0029240 secs] [Times: user=0.01 sys=0.00, real=0.00 secs] 
2014-07-16T03:36:04.243+0000: 113.331: [GC [PSYoungGen: 136912K->972K(134720K)] 188433K->52557K(821696K), 0.0034320 secs] [Times: user=0.01 sys=0.00, real=0.00 secs] 
2014-07-16T03:36:04.746+0000: 113.834: [GC [PSYoungGen: 134668K->1058K(132544K)] 186253K->52781K(819520K), 0.0039310 secs] [Times: user=0.02 sys=0.00, real=0.01 secs] 
2014-07-16T03:36:05.207+0000: 114.295: [GC [PSYoungGen: 132514K->480K(129792K)] 184237K->52235K(816768K), 0.0050770 secs] [Times: user=0.03 sys=0.00, real=0.01 secs] 
2014-07-16T03:36:05.670+0000: 114.758: [GC [PSYoungGen: 129760K->694K(127872K)] 181515K->52553K(814848K), 0.0040440 secs] [Times: user=0.02 sys=0.00, real=0.00 secs] 
2014-07-16T03:36:06.130+0000: 115.218: [GC [PSYoungGen: 127862K->1526K(126656K)] 179721K->53473K(813632K), 0.0035030 secs] [Times: user=0.01 sys=0.00, real=0.00 secs] 
2014-07-16T03:36:06.585+0000: 115.673: [GC [PSYoungGen: 126646K->872K(124032K)] 178593K->53151K(811008K), 0.0043810 secs] [Times: user=0.02 sys=0.00, real=0.00 secs] 
2014-07-16T03:36:07.013+0000: 116.101: [GC [PSYoungGen: 124008K->1176K(122368K)] 176287K->53527K(809344K), 0.0038040 secs] [Times: user=0.01 sys=0.00, real=0.00 secs] 
2014-07-16T03:36:07.445+0000: 116.534: [GC [PSYoungGen: 122328K->804K(120064K)] 174679K->53467K(807040K), 0.0031550 secs] [Times: user=0.01 sys=0.00, real=0.00 secs] 
2014-07-16T03:36:07.872+0000: 116.960: [GC [PSYoungGen: 120036K->918K(118336K)] 172699K->53637K(805312K), 0.0043040 secs] [Times: user=0.02 sys=0.00, real=0.00 secs] 
2014-07-16T03:36:08.304+0000: 117.392: [GC [PSYoungGen: 118289K->1018K(116608K)] 171008K->53793K(803584K), 0.0053840 secs] [Times: user=0.02 sys=0.00, real=0.00 secs] 
2014-07-16T03:36:08.728+0000: 117.816: [GC [PSYoungGen: 116570K->908K(114816K)] 169346K->53771K(801792K), 0.0038650 secs] [Times: user=0.02 sys=0.00, real=0.01 secs] 
2014-07-16T03:36:09.142+0000: 118.230: [GC [PSYoungGen: 114764K->1186K(113344K)] 167627K->54137K(800320K), 0.0034840 secs] [Times: user=0.02 sys=0.00, real=0.00 secs] 
2014-07-16T03:36:09.598+0000: 118.686: [GC [PSYoungGen: 113314K->826K(111296K)] 166265K->53841K(798272K), 0.0048850 secs] [Times: user=0.03 sys=0.00, real=0.01 secs] 
2014-07-16T03:36:09.950+0000: 119.038: [GC [PSYoungGen: 111258K->918K(133568K)] 164274K->53981K(820544K), 0.0047160 secs] [Times: user=0.02 sys=0.00, real=0.01 secs] 
2014-07-16T03:36:10.416+0000: 119.504: [GC [PSYoungGen: 133445K->1076K(156096K)] 186509K->54203K(843072K), 0.0082170 secs] [Times: user=0.05 sys=0.00, real=0.01 secs] 
2014-07-16T03:36:10.967+0000: 120.055: [GC [PSYoungGen: 155700K->1214K(160576K)] 208827K->54413K(847552K), 0.0052750 secs] [Times: user=0.03 sys=0.00, real=0.01 secs] 
2014-07-16T03:36:11.558+0000: 120.646: [GC [PSYoungGen: 160318K->832K(156928K)] 213517K->54095K(843904K), 0.0029110 secs] [Times: user=0.01 sys=0.00, real=0.01 secs] 
2014-07-16T03:36:12.111+0000: 121.199: [GC [PSYoungGen: 156928K->766K(153920K)] 210191K->54421K(840896K), 0.0044540 secs] [Times: user=0.02 sys=0.01, real=0.00 secs] 
2014-07-16T03:36:12.661+0000: 121.749: [GC [PSYoungGen: 153918K->1404K(151744K)] 207573K->55131K(838720K), 0.0046630 secs] [Times: user=0.03 sys=0.00, real=0.01 secs] 
2014-07-16T03:36:13.201+0000: 122.289: [GC [PSYoungGen: 151740K->958K(148544K)] 205467K->55061K(835520K), 0.0059150 secs] [Times: user=0.04 sys=0.00, real=0.01 secs] 
2014-07-16T03:36:13.727+0000: 122.815: [GC [PSYoungGen: 148455K->994K(145984K)] 202558K->55201K(832960K), 0.0042560 secs] [Times: user=0.02 sys=0.01, real=0.00 secs] 
2014-07-16T03:36:14.243+0000: 123.331: [GC [PSYoungGen: 145954K->836K(143296K)] 200161K->55365K(830272K), 0.0064450 secs] [Times: user=0.03 sys=0.00, real=0.00 secs] 
2014-07-16T03:36:14.802+0000: 123.891: [GC [PSYoungGen: 143210K->1286K(141248K)] 197739K->55895K(828224K), 0.0036640 secs] [Times: user=0.01 sys=0.00, real=0.00 secs] 
2014-07-16T03:36:15.273+0000: 124.361: [GC [PSYoungGen: 141180K->998K(138496K)] 195789K->55911K(825472K), 0.0052090 secs] [Times: user=0.03 sys=0.00, real=0.00 secs] 
2014-07-16T03:36:15.766+0000: 124.854: [GC [PSYoungGen: 138459K->998K(156096K)] 193372K->55959K(843072K), 0.0065670 secs] [Times: user=0.03 sys=0.00, real=0.01 secs] 
2014-07-16T03:36:16.318+0000: 125.406: [GC [PSYoungGen: 155430K->872K(166720K)] 210391K->55947K(853696K), 0.0069730 secs] [Times: user=0.03 sys=0.00, real=0.01 secs] 
2014-07-16T03:36:16.911+0000: 126.000: [GC [PSYoungGen: 165881K->904K(166656K)] 220956K->56059K(853632K), 0.0055310 secs] [Times: user=0.03 sys=0.00, real=0.00 secs] 
2014-07-16T03:36:17.503+0000: 126.591: [GC [PSYoungGen: 165923K->894K(199680K)] 221078K->56097K(886656K), 0.0059280 secs] [Times: user=0.03 sys=0.00, real=0.00 secs] 
2014-07-16T03:36:18.221+0000: 127.309: [GC [PSYoungGen: 198974K->704K(194496K)] 254177K->55971K(881472K), 0.0040340 secs] [Times: user=0.02 sys=0.00, real=0.01 secs] 
2014-07-16T03:36:18.916+0000: 128.004: [GC [PSYoungGen: 194496K->858K(190592K)] 249763K->56165K(877568K), 0.0044480 secs] [Times: user=0.01 sys=0.01, real=0.00 secs] 
2014-07-16T03:36:19.684+0000: 128.772: [GC [PSYoungGen: 190554K->1322K(187072K)] 245861K->56725K(874048K), 0.0048190 secs] [Times: user=0.02 sys=0.00, real=0.00 secs] 
2014-07-16T03:36:20.287+0000: 129.375: [GC [PSYoungGen: 187048K->880K(182784K)] 242451K->56419K(869760K), 0.0065420 secs] [Times: user=0.03 sys=0.01, real=0.01 secs] 
2014-07-16T03:36:20.944+0000: 130.032: [GC [PSYoungGen: 182768K->882K(179072K)] 238307K->56509K(866048K), 0.0035850 secs] [Times: user=0.02 sys=0.00, real=0.00 secs] 
2014-07-16T03:36:21.619+0000: 130.707: [GC [PSYoungGen: 179016K->1108K(175744K)] 234643K->56849K(862720K), 0.0068990 secs] [Times: user=0.03 sys=0.00, real=0.01 secs] 
2014-07-16T03:36:22.211+0000: 131.299: [GC [PSYoungGen: 175700K->630K(171712K)] 231441K->56395K(858688K), 0.0052700 secs] [Times: user=0.01 sys=0.00, real=0.01 secs] 
2014-07-16T03:36:22.825+0000: 131.913: [GC [PSYoungGen: 171702K->830K(168512K)] 227467K->56651K(855488K), 0.0058030 secs] [Times: user=0.03 sys=0.00, real=0.00 secs] 
2014-07-16T03:36:23.428+0000: 132.516: [GC [PSYoungGen: 168510K->754K(165184K)] 224331K->56639K(852160K), 0.0050310 secs] [Times: user=0.03 sys=0.00, real=0.01 secs] 
2014-07-16T03:36:24.020+0000: 133.108: [GC [PSYoungGen: 165170K->754K(161984K)] 221055K->56711K(848960K), 0.0029800 secs] [Times: user=0.01 sys=0.01, real=0.01 secs] 
2014-07-16T03:36:24.682+0000: 133.771: [GC [PSYoungGen: 161970K->1460K(159616K)] 217927K->57617K(846592K), 0.0035650 secs] [Times: user=0.02 sys=0.00, real=0.00 secs] 
2014-07-16T03:36:25.189+0000: 134.278: [GC [PSYoungGen: 159604K->762K(155968K)] 215761K->57273K(842944K), 0.0032420 secs] [Times: user=0.02 sys=0.00, real=0.01 secs] 
2014-07-16T03:36:25.756+0000: 134.844: [GC [PSYoungGen: 155962K->1150K(153472K)] 212473K->57741K(840448K), 0.0033080 secs] [Times: user=0.01 sys=0.01, real=0.00 secs] 
2014-07-16T03:36:26.310+0000: 135.398: [GC [PSYoungGen: 153470K->1090K(150656K)] 210061K->57833K(837632K), 0.0043470 secs] [Times: user=0.02 sys=0.01, real=0.01 secs] 
2014-07-16T03:36:26.873+0000: 135.961: [GC [PSYoungGen: 150594K->1460K(148288K)] 207337K->58251K(835264K), 0.0077320 secs] [Times: user=0.04 sys=0.00, real=0.00 secs] 
2014-07-16T03:36:27.377+0000: 136.465: [GC [PSYoungGen: 148276K->610K(144832K)] 205067K->57813K(831808K), 0.0039130 secs] [Times: user=0.01 sys=0.00, real=0.00 secs] 
2014-07-16T03:36:27.905+0000: 136.993: [GC [PSYoungGen: 144802K->1522K(143168K)] 202005K->58781K(830144K), 0.0038940 secs] [Times: user=0.02 sys=0.00, real=0.00 secs] 
2014-07-16T03:36:28.420+0000: 137.509: [GC [PSYoungGen: 143154K->1040K(140224K)] 200413K->58835K(827200K), 0.0029650 secs] [Times: user=0.01 sys=0.00, real=0.01 secs] 
2014-07-16T03:36:28.937+0000: 138.026: [GC [PSYoungGen: 140176K->1386K(138112K)] 197971K->59253K(825088K), 0.0075320 secs] [Times: user=0.04 sys=0.00, real=0.01 secs] 
2014-07-16T03:36:29.433+0000: 138.521: [GC [PSYoungGen: 138090K->958K(135296K)] 195957K->59121K(822272K), 0.0034240 secs] [Times: user=0.02 sys=0.00, real=0.01 secs] 
2014-07-16T03:36:29.955+0000: 139.043: [GC [PSYoungGen: 135294K->1458K(133568K)] 193457K->59709K(820544K), 0.0030980 secs] [Times: user=0.01 sys=0.01, real=0.00 secs] 
2014-07-16T03:36:30.381+0000: 139.469: [GC [PSYoungGen: 133554K->980K(130944K)] 191805K->59271K(817920K), 0.0048830 secs] [Times: user=0.03 sys=0.01, real=0.01 secs] 
2014-07-16T03:36:30.847+0000: 139.935: [GC [PSYoungGen: 130899K->1194K(128960K)] 189191K->59549K(815936K), 0.0032800 secs] [Times: user=0.02 sys=0.00, real=0.00 secs] 
2014-07-16T03:36:31.310+0000: 140.398: [GC [PSYoungGen: 128938K->862K(126528K)] 187293K->59289K(813504K), 0.0063490 secs] [Times: user=0.03 sys=0.00, real=0.01 secs] 
2014-07-16T03:36:31.820+0000: 140.909: [GC [PSYoungGen: 126435K->1354K(124992K)] 184863K->59861K(811968K), 0.0035210 secs] [Times: user=0.02 sys=0.00, real=0.01 secs] 
2014-07-16T03:36:32.212+0000: 141.300: [GC [PSYoungGen: 124938K->976K(149376K)] 183445K->59547K(836352K), 0.0058560 secs] [Times: user=0.03 sys=0.00, real=0.01 secs] 
2014-07-16T03:36:32.735+0000: 141.823: [GC [PSYoungGen: 149328K->794K(178880K)] 207899K->59429K(865856K), 0.0063180 secs] [Times: user=0.04 sys=0.00, real=0.00 secs] 
2014-07-16T03:36:33.380+0000: 142.468: [GC [PSYoungGen: 178842K->794K(184000K)] 237477K->59477K(870976K), 0.0066250 secs] [Times: user=0.04 sys=0.00, real=0.01 secs] 
2014-07-16T03:36:34.036+0000: 143.124: [GC [PSYoungGen: 183122K->1700K(180288K)] 241806K->60611K(867264K), 0.0036470 secs] [Times: user=0.01 sys=0.00, real=0.00 secs] 
2014-07-16T03:36:34.665+0000: 143.754: [GC [PSYoungGen: 180260K->64K(174976K)] 239171K->60151K(861952K), 0.0032030 secs] [Times: user=0.02 sys=0.00, real=0.00 secs] 
2014-07-16T03:36:35.333+0000: 144.421: [GC [PSYoungGen: 174976K->1076K(173312K)] 235063K->61211K(860288K), 0.0036670 secs] [Times: user=0.02 sys=0.00, real=0.01 secs] 
2014-07-16T03:36:35.946+0000: 145.034: [GC [PSYoungGen: 172468K->544K(168576K)] 232603K->61207K(855552K), 0.0046720 secs] [Times: user=0.02 sys=0.00, real=0.00 secs] 
2014-07-16T03:36:36.557+0000: 145.645: [GC [PSYoungGen: 168544K->640K(165376K)] 229207K->61399K(852352K), 0.0032970 secs] [Times: user=0.02 sys=0.00, real=0.00 secs] 
2014-07-16T03:36:37.159+0000: 146.247: [GC [PSYoungGen: 165376K->954K(162496K)] 226135K->61785K(849472K), 0.0041140 secs] [Times: user=0.02 sys=0.00, real=0.00 secs] 
2014-07-16T03:36:37.741+0000: 146.830: [GC [PSYoungGen: 162490K->544K(159040K)] 223321K->61431K(846016K), 0.0036600 secs] [Times: user=0.01 sys=0.00, real=0.01 secs] 
2014-07-16T03:36:38.313+0000: 147.402: [GC [PSYoungGen: 159003K->932K(156416K)] 219890K->61883K(843392K), 0.0053990 secs] [Times: user=0.02 sys=0.00, real=0.01 secs] 
2014-07-16T03:36:38.874+0000: 147.962: [GC [PSYoungGen: 156301K->530K(153152K)] 217253K->61529K(840128K), 0.0036670 secs] [Times: user=0.01 sys=0.00, real=0.01 secs] 
2014-07-16T03:36:39.419+0000: 148.507: [GC [PSYoungGen: 153106K->844K(150656K)] 214105K->61883K(837632K), 0.0045980 secs] [Times: user=0.02 sys=0.01, real=0.00 secs] 
2014-07-16T03:36:40.061+0000: 149.149: [GC [PSYoungGen: 150604K->1086K(148160K)] 211643K->62213K(835136K), 0.0032430 secs] [Times: user=0.02 sys=0.01, real=0.00 secs] 
2014-07-16T03:36:40.560+0000: 149.648: [GC [PSYoungGen: 148158K->876K(145344K)] 209285K->62075K(832320K), 0.0062090 secs] [Times: user=0.03 sys=0.00, real=0.01 secs] 
2014-07-16T03:36:41.095+0000: 150.184: [GC [PSYoungGen: 145324K->1254K(143168K)] 206523K->62501K(830144K), 0.0058170 secs] [Times: user=0.03 sys=0.00, real=0.00 secs] 
2014-07-16T03:36:41.599+0000: 150.688: [GC [PSYoungGen: 143056K->1058K(140480K)] 204304K->62443K(827456K), 0.0041430 secs] [Times: user=0.02 sys=0.01, real=0.00 secs] 
2014-07-16T03:36:42.110+0000: 151.198: [GC [PSYoungGen: 140439K->858K(137856K)] 201824K->62331K(824832K), 0.0041970 secs] [Times: user=0.02 sys=0.00, real=0.00 secs] 
2014-07-16T03:36:42.626+0000: 151.715: [GC [PSYoungGen: 137818K->712K(135360K)] 199291K->62265K(822336K), 0.0029800 secs] [Times: user=0.01 sys=0.01, real=0.00 secs] 
2014-07-16T03:36:43.115+0000: 152.203: [GC [PSYoungGen: 135304K->1082K(133376K)] 196857K->62715K(820352K), 0.0030940 secs] [Times: user=0.01 sys=0.00, real=0.00 secs] 
2014-07-16T03:36:43.588+0000: 152.676: [GC [PSYoungGen: 133370K->830K(130880K)] 195003K->62527K(817856K), 0.0030990 secs] [Times: user=0.01 sys=0.00, real=0.00 secs] 
2014-07-16T03:36:44.059+0000: 153.147: [GC [PSYoungGen: 130802K->698K(128576K)] 192500K->62435K(815552K), 0.0057480 secs] [Times: user=0.03 sys=0.00, real=0.00 secs] 
2014-07-16T03:36:44.525+0000: 153.614: [GC [PSYoungGen: 128570K->1336K(127104K)] 190307K->63137K(814080K), 0.0030350 secs] [Times: user=0.02 sys=0.00, real=0.00 secs] 
2014-07-16T03:36:45.076+0000: 154.164: [GC [PSYoungGen: 127096K->1188K(124928K)] 188897K->63069K(811904K), 0.0081220 secs] [Times: user=0.04 sys=0.00, real=0.00 secs] 
2014-07-16T03:36:45.444+0000: 154.532: [GC [PSYoungGen: 124900K->658K(122432K)] 186781K->62619K(809408K), 0.0036360 secs] [Times: user=0.01 sys=0.01, real=0.01 secs] 
2014-07-16T03:36:45.876+0000: 154.965: [GC [PSYoungGen: 122386K->1104K(120960K)] 184347K->63161K(807936K), 0.0041790 secs] [Times: user=0.03 sys=0.00, real=0.00 secs] 
2014-07-16T03:36:46.304+0000: 155.392: [GC [PSYoungGen: 120912K->922K(118912K)] 182969K->63067K(805888K), 0.0029780 secs] [Times: user=0.01 sys=0.00, real=0.01 secs] 
2014-07-16T03:36:46.727+0000: 155.815: [GC [PSYoungGen: 118874K->730K(116928K)] 181019K->62907K(803904K), 0.0031840 secs] [Times: user=0.01 sys=0.00, real=0.00 secs] 
2014-07-16T03:36:47.154+0000: 156.243: [GC [PSYoungGen: 116890K->904K(115328K)] 179067K->63177K(802304K), 0.0035730 secs] [Times: user=0.02 sys=0.00, real=0.01 secs] 
2014-07-16T03:36:47.561+0000: 156.649: [GC [PSYoungGen: 115184K->854K(113536K)] 177458K->63223K(800512K), 0.0028540 secs] [Times: user=0.01 sys=0.00, real=0.00 secs] 
2014-07-16T03:36:47.962+0000: 157.050: [GC [PSYoungGen: 113494K->448K(111424K)] 175863K->62881K(798400K), 0.0040400 secs] [Times: user=0.02 sys=0.00, real=0.00 secs] 
2014-07-16T03:36:48.367+0000: 157.455: [GC [PSYoungGen: 111424K->1322K(110656K)] 173857K->63836K(797632K), 0.0028990 secs] [Times: user=0.01 sys=0.00, real=0.00 secs] 
2014-07-16T03:36:48.760+0000: 157.849: [GC [PSYoungGen: 110603K->1236K(108992K)] 173117K->63813K(795968K), 0.0039060 secs] [Times: user=0.02 sys=0.00, real=0.00 secs] 
2014-07-16T03:36:49.150+0000: 158.239: [GC [PSYoungGen: 108947K->1108K(130432K)] 171525K->63741K(817408K), 0.0072890 secs] [Times: user=0.04 sys=0.00, real=0.01 secs] 
2014-07-16T03:36:49.622+0000: 158.710: [GC [PSYoungGen: 130388K->744K(155904K)] 193021K->63433K(842880K), 0.0052940 secs] [Times: user=0.02 sys=0.00, real=0.01 secs] 
2014-07-16T03:36:50.272+0000: 159.360: [GC [PSYoungGen: 155880K->1054K(153344K)] 218569K->63823K(840320K), 0.0031350 secs] [Times: user=0.02 sys=0.00, real=0.00 secs] 
2014-07-16T03:36:50.797+0000: 159.886: [GC [PSYoungGen: 153310K->608K(150080K)] 216079K->63465K(837056K), 0.0047310 secs] [Times: user=0.03 sys=0.00, real=0.00 secs] 
2014-07-16T03:36:51.341+0000: 160.429: [GC [PSYoungGen: 150032K->1268K(148032K)] 212890K->64181K(835008K), 0.0038040 secs] [Times: user=0.01 sys=0.00, real=0.00 secs] 
2014-07-16T03:36:51.864+0000: 160.952: [GC [PSYoungGen: 148018K->1040K(145216K)] 210932K->64041K(832192K), 0.0055260 secs] [Times: user=0.03 sys=0.00, real=0.01 secs] 
2014-07-16T03:36:52.397+0000: 161.485: [GC [PSYoungGen: 145168K->812K(142400K)] 208169K->63885K(829376K), 0.0032100 secs] [Times: user=0.01 sys=0.00, real=0.01 secs] 
2014-07-16T03:36:52.921+0000: 162.009: [GC [PSYoungGen: 142380K->818K(139904K)] 205453K->63963K(826880K), 0.0028140 secs] [Times: user=0.01 sys=0.00, real=0.00 secs] 
2014-07-16T03:36:53.433+0000: 162.522: [GC [PSYoungGen: 139888K->918K(137600K)] 203033K->64119K(824576K), 0.0037830 secs] [Times: user=0.02 sys=0.00, real=0.01 secs] 
2014-07-16T03:36:53.912+0000: 163.000: [GC [PSYoungGen: 137558K->890K(135232K)] 200759K->64187K(822208K), 0.0042820 secs] [Times: user=0.03 sys=0.00, real=0.00 secs] 
2014-07-16T03:36:54.397+0000: 163.485: [GC [PSYoungGen: 135214K->1118K(133248K)] 198512K->64495K(820224K), 0.0025570 secs] [Times: user=0.01 sys=0.00, real=0.01 secs] 
2014-07-16T03:36:54.876+0000: 163.964: [GC [PSYoungGen: 133169K->786K(130752K)] 196547K->64219K(817728K), 0.0037390 secs] [Times: user=0.01 sys=0.00, real=0.01 secs] 
2014-07-16T03:36:55.391+0000: 164.479: [GC [PSYoungGen: 130706K->704K(128448K)] 194139K->64217K(815424K), 0.0044860 secs] [Times: user=0.03 sys=0.00, real=0.00 secs] 
2014-07-16T03:36:55.848+0000: 164.936: [GC [PSYoungGen: 128433K->816K(126464K)] 191947K->64369K(813440K), 0.0048650 secs] [Times: user=0.02 sys=0.00, real=0.00 secs] 
2014-07-16T03:36:56.303+0000: 165.391: [GC [PSYoungGen: 126400K->868K(124480K)] 189954K->64477K(811456K), 0.0037540 secs] [Times: user=0.02 sys=0.00, real=0.00 secs] 
2014-07-16T03:36:56.749+0000: 165.837: [GC [PSYoungGen: 124452K->1122K(122752K)] 188061K->65086K(809728K), 0.0036820 secs] [Times: user=0.02 sys=0.00, real=0.00 secs] 
2014-07-16T03:36:57.186+0000: 166.274: [GC [PSYoungGen: 122722K->922K(146880K)] 186686K->64933K(833856K), 0.0086510 secs] [Times: user=0.05 sys=0.00, real=0.01 secs] 
2014-07-16T03:36:57.706+0000: 166.794: [GC [PSYoungGen: 146842K->658K(144000K)] 210853K->64799K(830976K), 0.0035890 secs] [Times: user=0.02 sys=0.00, real=0.01 secs] 
2014-07-16T03:36:58.246+0000: 167.334: [GC [PSYoungGen: 143954K->1446K(142208K)] 208095K->65814K(829184K), 0.0042030 secs] [Times: user=0.02 sys=0.00, real=0.01 secs] 
2014-07-16T03:36:58.774+0000: 167.862: [GC [PSYoungGen: 142182K->822K(139136K)] 206550K->65624K(826112K), 0.0032820 secs] [Times: user=0.02 sys=0.00, real=0.00 secs] 
2014-07-16T03:36:59.264+0000: 168.352: [GC [PSYoungGen: 139126K->1008K(136960K)] 203928K->65906K(823936K), 0.0040070 secs] [Times: user=0.02 sys=0.00, real=0.01 secs] 
2014-07-16T03:36:59.745+0000: 168.833: [GC [PSYoungGen: 136901K->936K(134592K)] 201799K->65964K(821568K), 0.0034830 secs] [Times: user=0.02 sys=0.00, real=0.01 secs] 
2014-07-16T03:37:00.299+0000: 169.387: [GC [PSYoungGen: 134568K->1574K(132992K)] 199596K->66774K(819968K), 0.0049350 secs] [Times: user=0.02 sys=0.00, real=0.00 secs] 
2014-07-16T03:37:00.750+0000: 169.838: [GC [PSYoungGen: 132966K->702K(129920K)] 198166K->66842K(816896K), 0.0033520 secs] [Times: user=0.01 sys=0.00, real=0.00 secs] 
2014-07-16T03:37:01.203+0000: 170.292: [GC [PSYoungGen: 129918K->1182K(128320K)] 196058K->67378K(815296K), 0.0045830 secs] [Times: user=0.01 sys=0.01, real=0.01 secs] 
2014-07-16T03:37:01.665+0000: 170.753: [GC [PSYoungGen: 128275K->1058K(126144K)] 194471K->67608K(813120K), 0.0047670 secs] [Times: user=0.03 sys=0.00, real=0.01 secs] 
2014-07-16T03:37:02.112+0000: 171.200: [GC [PSYoungGen: 126114K->1036K(124160K)] 192664K->67674K(811136K), 0.0048850 secs] [Times: user=0.03 sys=0.00, real=0.00 secs] 
2014-07-16T03:37:02.563+0000: 171.651: [GC [PSYoungGen: 124108K->936K(122048K)] 190746K->67638K(809024K), 0.0057710 secs] [Times: user=0.03 sys=0.00, real=0.01 secs] 
2014-07-16T03:37:03.017+0000: 172.106: [GC [PSYoungGen: 122024K->876K(146368K)] 188726K->67618K(833344K), 0.0069260 secs] [Times: user=0.04 sys=0.00, real=0.01 secs] 
2014-07-16T03:37:03.534+0000: 172.622: [GC [PSYoungGen: 145452K->862K(142912K)] 212194K->67668K(829888K), 0.0026090 secs] [Times: user=0.01 sys=0.00, real=0.00 secs] 
2014-07-16T03:37:04.052+0000: 173.140: [GC [PSYoungGen: 142842K->958K(146240K)] 209648K->67820K(833216K), 0.0075680 secs] [Times: user=0.05 sys=0.00, real=0.01 secs] 
2014-07-16T03:37:04.572+0000: 173.661: [GC [PSYoungGen: 145470K->534K(142528K)] 212332K->67444K(829504K), 0.0034780 secs] [Times: user=0.02 sys=0.00, real=0.00 secs] 
2014-07-16T03:37:05.202+0000: 174.290: [GC [PSYoungGen: 142486K->1480K(170944K)] 209396K->68486K(857920K), 0.0076710 secs] [Times: user=0.05 sys=0.00, real=0.01 secs] 
2014-07-16T03:37:05.798+0000: 174.886: [GC [PSYoungGen: 170696K->626K(172160K)] 237702K->67712K(859136K), 0.0061230 secs] [Times: user=0.03 sys=0.00, real=0.01 secs] 
2014-07-16T03:37:06.405+0000: 175.493: [GC [PSYoungGen: 170994K->876K(167936K)] 238080K->68010K(854912K), 0.0054860 secs] [Times: user=0.03 sys=0.00, real=0.01 secs] 
2014-07-16T03:37:07.011+0000: 176.099: [GC [PSYoungGen: 167892K->944K(164736K)] 235027K->68208K(851712K), 0.0045330 secs] [Times: user=0.02 sys=0.01, real=0.00 secs] 
2014-07-16T03:37:07.615+0000: 176.703: [GC [PSYoungGen: 164700K->854K(161536K)] 231964K->68182K(848512K), 0.0048040 secs] [Times: user=0.02 sys=0.00, real=0.01 secs] 
2014-07-16T03:37:08.189+0000: 177.278: [GC [PSYoungGen: 161494K->1336K(158912K)] 228822K->68720K(845888K), 0.0065920 secs] [Times: user=0.03 sys=0.00, real=0.00 secs] 
2014-07-16T03:37:08.750+0000: 177.838: [GC [PSYoungGen: 158904K->982K(155648K)] 226288K->68430K(842624K), 0.0048590 secs] [Times: user=0.02 sys=0.00, real=0.00 secs] 
2014-07-16T03:37:09.309+0000: 178.397: [GC [PSYoungGen: 155606K->1140K(152896K)] 223054K->68976K(839872K), 0.0061090 secs] [Times: user=0.04 sys=0.00, real=0.01 secs] 
2014-07-16T03:37:09.846+0000: 178.934: [GC [PSYoungGen: 152884K->1012K(167936K)] 220720K->68896K(854912K), 0.0070390 secs] [Times: user=0.04 sys=0.00, real=0.01 secs] 
2014-07-16T03:37:10.495+0000: 179.583: [GC [PSYoungGen: 167156K->990K(163968K)] 235040K->68954K(850944K), 0.0040910 secs] [Times: user=0.02 sys=0.00, real=0.00 secs] 
2014-07-16T03:37:11.080+0000: 180.168: [GC [PSYoungGen: 163898K->1072K(160896K)] 231862K->69132K(847872K), 0.0052740 secs] [Times: user=0.03 sys=0.00, real=0.00 secs] 
2014-07-16T03:37:11.659+0000: 180.747: [GC [PSYoungGen: 160880K->990K(182336K)] 228940K->69098K(869312K), 0.0112320 secs] [Times: user=0.07 sys=0.00, real=0.01 secs] 
2014-07-16T03:37:12.311+0000: 181.400: [GC [PSYoungGen: 182045K->644K(178048K)] 250154K->68816K(865024K), 0.0034310 secs] [Times: user=0.01 sys=0.01, real=0.00 secs] 
2014-07-16T03:37:12.956+0000: 182.044: [GC [PSYoungGen: 177988K->948K(174720K)] 246160K->69776K(861696K), 0.0062000 secs] [Times: user=0.03 sys=0.00, real=0.01 secs] 
2014-07-16T03:37:13.595+0000: 182.683: [GC [PSYoungGen: 174708K->1122K(171456K)] 243536K->70030K(858432K), 0.0043850 secs] [Times: user=0.02 sys=0.00, real=0.00 secs] 
2014-07-16T03:37:14.187+0000: 183.275: [GC [PSYoungGen: 171426K->1144K(168128K)] 240334K->70266K(855104K), 0.0031040 secs] [Times: user=0.01 sys=0.01, real=0.00 secs] 
2014-07-16T03:37:14.785+0000: 183.874: [GC [PSYoungGen: 168056K->1618K(165376K)] 237178K->70854K(852352K), 0.0066690 secs] [Times: user=0.03 sys=0.00, real=0.01 secs] 
2014-07-16T03:37:15.469+0000: 184.557: [GC [PSYoungGen: 165330K->566K(161152K)] 234566K->70564K(848128K), 0.0048860 secs] [Times: user=0.01 sys=0.01, real=0.01 secs] 
2014-07-16T03:37:15.965+0000: 185.053: [GC [PSYoungGen: 161127K->1332K(158848K)] 231126K->71394K(845824K), 0.0053210 secs] [Times: user=0.03 sys=0.00, real=0.01 secs] 
2014-07-16T03:37:16.535+0000: 185.623: [GC [PSYoungGen: 158836K->880K(155456K)] 228898K->71384K(842432K), 0.0056580 secs] [Times: user=0.03 sys=0.00, real=0.01 secs] 
2014-07-16T03:37:17.098+0000: 186.186: [GC [PSYoungGen: 155440K->576K(152256K)] 225944K->71152K(839232K), 0.0037670 secs] [Times: user=0.02 sys=0.00, real=0.01 secs] 
2014-07-16T03:37:17.647+0000: 186.735: [GC [PSYoungGen: 152254K->744K(149696K)] 222830K->71400K(836672K), 0.0029070 secs] [Times: user=0.02 sys=0.00, real=0.01 secs] 
2014-07-16T03:37:18.189+0000: 187.278: [GC [PSYoungGen: 149672K->886K(147136K)] 220328K->71614K(834112K), 0.0030860 secs] [Times: user=0.02 sys=0.00, real=0.01 secs] 
2014-07-16T03:37:18.714+0000: 187.802: [GC [PSYoungGen: 147126K->1190K(144832K)] 217854K->71982K(831808K), 0.0029670 secs] [Times: user=0.01 sys=0.00, real=0.00 secs] 
2014-07-16T03:37:19.233+0000: 188.321: [GC [PSYoungGen: 144802K->1054K(142144K)] 215594K->71918K(829120K), 0.0032300 secs] [Times: user=0.01 sys=0.00, real=0.00 secs] 
2014-07-16T03:37:19.729+0000: 188.818: [GC [PSYoungGen: 142110K->1322K(139968K)] 212974K->72258K(826944K), 0.0039170 secs] [Times: user=0.01 sys=0.00, real=0.01 secs] 
2014-07-16T03:37:20.234+0000: 189.322: [GC [PSYoungGen: 139946K->950K(137216K)] 210882K->71934K(824192K), 0.0046840 secs] [Times: user=0.02 sys=0.00, real=0.00 secs] 
2014-07-16T03:37:20.775+0000: 189.864: [GC [PSYoungGen: 137206K->1200K(135168K)] 208190K->72320K(822144K), 0.0035210 secs] [Times: user=0.01 sys=0.00, real=0.00 secs] 
2014-07-16T03:37:21.225+0000: 190.313: [GC [PSYoungGen: 135152K->936K(132672K)] 206272K->72128K(819648K), 0.0035500 secs] [Times: user=0.02 sys=0.00, real=0.00 secs] 
2014-07-16T03:37:21.695+0000: 190.783: [GC [PSYoungGen: 132648K->1212K(130752K)] 203840K->72460K(817728K), 0.0049680 secs] [Times: user=0.03 sys=0.01, real=0.00 secs] 
2014-07-16T03:37:22.171+0000: 191.259: [GC [PSYoungGen: 130659K->822K(128256K)] 201908K->72150K(815232K), 0.0039360 secs] [Times: user=0.03 sys=0.00, real=0.01 secs] 
2014-07-16T03:37:22.625+0000: 191.714: [GC [PSYoungGen: 128246K->612K(126016K)] 199574K->72012K(812992K), 0.0068890 secs] [Times: user=0.04 sys=0.01, real=0.01 secs] 
2014-07-16T03:37:23.093+0000: 192.182: [GC [PSYoungGen: 125988K->598K(123968K)] 197388K->72014K(810944K), 0.0054680 secs] [Times: user=0.02 sys=0.00, real=0.00 secs] 
2014-07-16T03:37:23.550+0000: 192.638: [GC [PSYoungGen: 123926K->1040K(122432K)] 195342K->72552K(809408K), 0.0048560 secs] [Times: user=0.03 sys=0.00, real=0.01 secs] 
2014-07-16T03:37:24.006+0000: 193.094: [GC [PSYoungGen: 122384K->740K(146432K)] 193896K->72348K(833408K), 0.0056190 secs] [Times: user=0.02 sys=0.00, real=0.01 secs] 
2014-07-16T03:37:24.511+0000: 193.599: [GC [PSYoungGen: 146404K->1368K(144448K)] 218012K->73048K(831424K), 0.0029140 secs] [Times: user=0.02 sys=0.00, real=0.01 secs] 
2014-07-16T03:37:25.019+0000: 194.108: [GC [PSYoungGen: 144408K->498K(141056K)] 216088K->72210K(828032K), 0.0057820 secs] [Times: user=0.02 sys=0.00, real=0.01 secs] 
2014-07-16T03:37:25.611+0000: 194.700: [GC [PSYoungGen: 141042K->1352K(139520K)] 212754K->73104K(826496K), 0.0054080 secs] [Times: user=0.01 sys=0.00, real=0.01 secs] 
2014-07-16T03:37:26.026+0000: 195.115: [GC [PSYoungGen: 139441K->1512K(137280K)] 211194K->73320K(824256K), 0.0049220 secs] [Times: user=0.03 sys=0.00, real=0.00 secs] 
2014-07-16T03:37:26.525+0000: 195.613: [GC [PSYoungGen: 137181K->684K(134144K)] 208990K->73124K(821120K), 0.0031900 secs] [Times: user=0.02 sys=0.00, real=0.00 secs] 
2014-07-16T03:37:26.994+0000: 196.082: [GC [PSYoungGen: 134077K->1850K(133056K)] 206517K->74394K(820032K), 0.0030600 secs] [Times: user=0.02 sys=0.00, real=0.00 secs] 
2014-07-16T03:37:27.485+0000: 196.573: [GC [PSYoungGen: 133050K->1342K(130368K)] 205594K->74716K(817344K), 0.0062190 secs] [Times: user=0.04 sys=0.00, real=0.00 secs] 
2014-07-16T03:37:27.937+0000: 197.025: [GC [PSYoungGen: 130353K->1040K(128000K)] 203727K->74494K(814976K), 0.0029750 secs] [Times: user=0.01 sys=0.01, real=0.00 secs] 
2014-07-16T03:37:28.385+0000: 197.473: [GC [PSYoungGen: 127952K->1022K(125888K)] 201406K->74524K(812864K), 0.0042610 secs] [Times: user=0.02 sys=0.00, real=0.00 secs] 
2014-07-16T03:37:28.849+0000: 197.937: [GC [PSYoungGen: 125886K->840K(123776K)] 199388K->74406K(810752K), 0.0029290 secs] [Times: user=0.01 sys=0.00, real=0.01 secs] 
2014-07-16T03:37:29.287+0000: 198.375: [GC [PSYoungGen: 123720K->1554K(122560K)] 197286K->75201K(809536K), 0.0035810 secs] [Times: user=0.02 sys=0.00, real=0.00 secs] 
2014-07-16T03:37:29.723+0000: 198.811: [GC [PSYoungGen: 122514K->1786K(120832K)] 196161K->75497K(807808K), 0.0054270 secs] [Times: user=0.03 sys=0.00, real=0.00 secs] 
2014-07-16T03:37:30.162+0000: 199.250: [GC [PSYoungGen: 120826K->1272K(118464K)] 194537K->75208K(805440K), 0.0044020 secs] [Times: user=0.02 sys=0.00, real=0.00 secs] 
2014-07-16T03:37:30.582+0000: 199.670: [GC [PSYoungGen: 118456K->1556K(116992K)] 192392K->75572K(803968K), 0.0030330 secs] [Times: user=0.02 sys=0.00, real=0.01 secs] 
2014-07-16T03:37:31.013+0000: 200.102: [GC [PSYoungGen: 116946K->1090K(114816K)] 190963K->75162K(801792K), 0.0035550 secs] [Times: user=0.02 sys=0.00, real=0.00 secs] 
2014-07-16T03:37:31.403+0000: 200.491: [GC [PSYoungGen: 114754K->976K(112960K)] 188826K->75136K(799936K), 0.0036710 secs] [Times: user=0.01 sys=0.00, real=0.00 secs] 
2014-07-16T03:37:31.817+0000: 200.905: [GC [PSYoungGen: 112912K->1022K(111296K)] 187072K->75262K(798272K), 0.0029410 secs] [Times: user=0.01 sys=0.00, real=0.00 secs] 
2014-07-16T03:37:32.212+0000: 201.300: [GC [PSYoungGen: 111294K->708K(109440K)] 185534K->74996K(796416K), 0.0056690 secs] [Times: user=0.03 sys=0.00, real=0.01 secs] 
2014-07-16T03:37:32.598+0000: 201.687: [GC [PSYoungGen: 109379K->1068K(108160K)] 183668K->75428K(795136K), 0.0049070 secs] [Times: user=0.02 sys=0.00, real=0.01 secs] 
2014-07-16T03:37:32.981+0000: 202.069: [GC [PSYoungGen: 108138K->1044K(106624K)] 182499K->75508K(793600K), 0.0034710 secs] [Times: user=0.02 sys=0.00, real=0.01 secs] 
2014-07-16T03:37:33.362+0000: 202.451: [GC [PSYoungGen: 106551K->926K(127616K)] 181016K->75454K(814592K), 0.0048330 secs] [Times: user=0.02 sys=0.00, real=0.01 secs] 
2014-07-16T03:37:33.808+0000: 202.896: [GC [PSYoungGen: 127580K->1154K(147904K)] 202109K->75754K(834880K), 0.0052880 secs] [Times: user=0.03 sys=0.00, real=0.01 secs] 
2014-07-16T03:37:34.351+0000: 203.440: [GC [PSYoungGen: 147074K->580K(143936K)] 221674K->75220K(830912K), 0.0040830 secs] [Times: user=0.02 sys=0.00, real=0.01 secs] 
2014-07-16T03:37:34.859+0000: 203.947: [GC [PSYoungGen: 143858K->858K(152640K)] 218498K->75554K(839616K), 0.0076750 secs] [Times: user=0.04 sys=0.00, real=0.01 secs] 
2014-07-16T03:37:35.405+0000: 204.493: [GC [PSYoungGen: 151578K->544K(173888K)] 226274K->75344K(860864K), 0.0042380 secs] [Times: user=0.02 sys=0.00, real=0.00 secs] 
2014-07-16T03:37:36.069+0000: 205.157: [GC [PSYoungGen: 172485K->954K(169536K)] 247286K->75818K(856512K), 0.0045660 secs] [Times: user=0.02 sys=0.00, real=0.01 secs] 
2014-07-16T03:37:36.663+0000: 205.751: [GC [PSYoungGen: 169516K->926K(166208K)] 244381K->75854K(853184K), 0.0046660 secs] [Times: user=0.02 sys=0.00, real=0.01 secs] 
2014-07-16T03:37:37.267+0000: 206.355: [GC [PSYoungGen: 166117K->1436K(163520K)] 241046K->76444K(850496K), 0.0030280 secs] [Times: user=0.01 sys=0.00, real=0.00 secs] 
2014-07-16T03:37:37.839+0000: 206.927: [GC [PSYoungGen: 163484K->990K(160000K)] 238492K->76078K(846976K), 0.0060560 secs] [Times: user=0.03 sys=0.00, real=0.01 secs] 
2014-07-16T03:37:38.414+0000: 207.502: [GC [PSYoungGen: 159890K->1136K(157120K)] 234979K->76288K(844096K), 0.0038100 secs] [Times: user=0.02 sys=0.00, real=0.01 secs] 
2014-07-16T03:37:38.974+0000: 208.062: [GC [PSYoungGen: 157104K->890K(153984K)] 232256K->76090K(840960K), 0.0042170 secs] [Times: user=0.01 sys=0.00, real=0.00 secs] 
2014-07-16T03:37:39.533+0000: 208.621: [GC [PSYoungGen: 153978K->854K(151168K)] 229178K->76142K(838144K), 0.0066320 secs] [Times: user=0.03 sys=0.01, real=0.01 secs] 
2014-07-16T03:37:40.097+0000: 209.186: [GC [PSYoungGen: 151126K->1014K(148544K)] 226414K->76374K(835520K), 0.0065730 secs] [Times: user=0.04 sys=0.00, real=0.01 secs] 
2014-07-16T03:37:40.608+0000: 209.697: [GC [PSYoungGen: 148534K->858K(145792K)] 223894K->76282K(832768K), 0.0063470 secs] [Times: user=0.04 sys=0.00, real=0.01 secs] 
2014-07-16T03:37:41.161+0000: 210.250: [GC [PSYoungGen: 145752K->776K(143168K)] 221177K->76256K(830144K), 0.0034100 secs] [Times: user=0.01 sys=0.00, real=0.01 secs] 
2014-07-16T03:37:41.652+0000: 210.741: [GC [PSYoungGen: 143061K->886K(140736K)] 218541K->76414K(827712K), 0.0038030 secs] [Times: user=0.02 sys=0.00, real=0.01 secs] 
2014-07-16T03:37:42.169+0000: 211.257: [GC [PSYoungGen: 140726K->968K(138432K)] 216254K->76560K(825408K), 0.0052480 secs] [Times: user=0.03 sys=0.00, real=0.01 secs] 
2014-07-16T03:37:42.680+0000: 211.768: [GC [PSYoungGen: 138376K->1154K(136256K)] 213968K->76826K(823232K), 0.0045780 secs] [Times: user=0.03 sys=0.01, real=0.01 secs] 
2014-07-16T03:37:43.153+0000: 212.241: [GC [PSYoungGen: 136194K->626K(133376K)] 211866K->76362K(820352K), 0.0047340 secs] [Times: user=0.02 sys=0.01, real=0.01 secs] 
2014-07-16T03:37:43.636+0000: 212.724: [GC [PSYoungGen: 133357K->1008K(131520K)] 209094K->76848K(818496K), 0.0046040 secs] [Times: user=0.03 sys=0.00, real=0.00 secs] 
2014-07-16T03:37:44.116+0000: 213.204: [GC [PSYoungGen: 131446K->1022K(129344K)] 207286K->76934K(816320K), 0.0032430 secs] [Times: user=0.02 sys=0.00, real=0.00 secs] 
2014-07-16T03:37:44.584+0000: 213.672: [GC [PSYoungGen: 129341K->1462K(127680K)] 205254K->77563K(814656K), 0.0035590 secs] [Times: user=0.01 sys=0.01, real=0.00 secs] 
2014-07-16T03:37:45.028+0000: 214.116: [GC [PSYoungGen: 127670K->502K(124672K)] 203771K->76862K(811648K), 0.0052590 secs] [Times: user=0.03 sys=0.00, real=0.00 secs] 
2014-07-16T03:37:45.470+0000: 214.559: [GC [PSYoungGen: 124585K->1062K(150080K)] 200946K->77495K(837056K), 0.0079350 secs] [Times: user=0.05 sys=0.00, real=0.01 secs] 
2014-07-16T03:37:46.072+0000: 215.161: [GC [PSYoungGen: 150054K->744K(147072K)] 226487K->77290K(834048K), 0.0036290 secs] [Times: user=0.02 sys=0.00, real=0.01 secs] 
2014-07-16T03:37:46.548+0000: 215.636: [GC [PSYoungGen: 147033K->1108K(144832K)] 223579K->77727K(831808K), 0.0035880 secs] [Times: user=0.01 sys=0.00, real=0.00 secs] 
2014-07-16T03:37:47.058+0000: 216.146: [GC [PSYoungGen: 144788K->608K(141760K)] 221407K->77274K(828736K), 0.0060890 secs] [Times: user=0.03 sys=0.00, real=0.00 secs] 
2014-07-16T03:37:47.563+0000: 216.652: [GC [PSYoungGen: 141713K->1176K(159808K)] 218380K->77899K(846784K), 0.0069200 secs] [Times: user=0.04 sys=0.00, real=0.01 secs] 
2014-07-16T03:37:48.134+0000: 217.223: [GC [PSYoungGen: 159369K->1208K(156416K)] 236092K->78003K(843392K), 0.0028690 secs] [Times: user=0.02 sys=0.00, real=0.01 secs] 
2014-07-16T03:37:48.692+0000: 217.780: [GC [PSYoungGen: 156341K->1276K(153600K)] 233136K->78127K(840576K), 0.0041650 secs] [Times: user=0.02 sys=0.00, real=0.01 secs] 
2014-07-16T03:37:49.246+0000: 218.335: [GC [PSYoungGen: 153596K->890K(150400K)] 230447K->77828K(837376K), 0.0043230 secs] [Times: user=0.02 sys=0.00, real=0.00 secs] 
2014-07-16T03:37:49.792+0000: 218.880: [GC [PSYoungGen: 150394K->1158K(148032K)] 227332K->78169K(835008K), 0.0050250 secs] [Times: user=0.03 sys=0.00, real=0.01 secs] 
2014-07-16T03:37:50.320+0000: 219.408: [GC [PSYoungGen: 147971K->786K(145024K)] 224982K->77868K(832000K), 0.0046330 secs] [Times: user=0.01 sys=0.00, real=0.00 secs] 
2014-07-16T03:37:50.842+0000: 219.930: [GC [PSYoungGen: 144978K->986K(142656K)] 222060K->78148K(829632K), 0.0058660 secs] [Times: user=0.03 sys=0.00, real=0.01 secs] 
2014-07-16T03:37:51.381+0000: 220.469: [GC [PSYoungGen: 142588K->912K(140096K)] 219750K->78147K(827072K), 0.0032990 secs] [Times: user=0.02 sys=0.00, real=0.00 secs] 
2014-07-16T03:37:51.897+0000: 220.985: [GC [PSYoungGen: 140048K->1072K(137792K)] 217283K->78378K(824768K), 0.0073810 secs] [Times: user=0.04 sys=0.01, real=0.00 secs] 
2014-07-16T03:37:52.385+0000: 221.473: [GC [PSYoungGen: 137776K->562K(164672K)] 215082K->77924K(851648K), 0.0073580 secs] [Times: user=0.04 sys=0.00, real=0.01 secs] 
2014-07-16T03:37:52.969+0000: 222.058: [GC [PSYoungGen: 164642K->804K(161792K)] 242005K->78254K(848768K), 0.0033120 secs] [Times: user=0.02 sys=0.00, real=0.00 secs] 
2014-07-16T03:37:53.562+0000: 222.650: [GC [PSYoungGen: 161764K->872K(158784K)] 239214K->78410K(845760K), 0.0041330 secs] [Times: user=0.03 sys=0.00, real=0.01 secs] 
2014-07-16T03:37:54.150+0000: 223.238: [GC [PSYoungGen: 158760K->672K(155648K)] 236298K->78274K(842624K), 0.0081950 secs] [Times: user=0.05 sys=0.00, real=0.01 secs] 
2014-07-16T03:37:54.706+0000: 223.795: [GC [PSYoungGen: 155616K->786K(152896K)] 233218K->78452K(839872K), 0.0054380 secs] [Times: user=0.03 sys=0.01, real=0.00 secs] 
2014-07-16T03:37:55.268+0000: 224.356: [GC [PSYoungGen: 152849K->1304K(150592K)] 230516K->79027K(837568K), 0.0034780 secs] [Times: user=0.01 sys=0.00, real=0.00 secs] 
2014-07-16T03:37:55.783+0000: 224.872: [GC [PSYoungGen: 150552K->694K(147264K)] 228275K->78480K(834240K), 0.0044330 secs] [Times: user=0.03 sys=0.00, real=0.01 secs] 
2014-07-16T03:37:56.359+0000: 225.447: [GC [PSYoungGen: 147254K->1190K(145152K)] 225040K->79033K(832128K), 0.0044520 secs] [Times: user=0.02 sys=0.00, real=0.00 secs] 
2014-07-16T03:37:56.867+0000: 225.956: [GC [PSYoungGen: 145097K->630K(142016K)] 222940K->78528K(828992K), 0.0043210 secs] [Times: user=0.02 sys=0.00, real=0.00 secs] 
2014-07-16T03:37:57.381+0000: 226.469: [GC [PSYoungGen: 142006K->1514K(140416K)] 219904K->79725K(827392K), 0.0041680 secs] [Times: user=0.02 sys=0.01, real=0.00 secs] 
2014-07-16T03:37:57.875+0000: 226.963: [GC [PSYoungGen: 140388K->950K(137472K)] 218599K->79216K(824448K), 0.0035190 secs] [Times: user=0.02 sys=0.00, real=0.01 secs] 
2014-07-16T03:37:58.372+0000: 227.460: [GC [PSYoungGen: 137461K->708K(134976K)] 215727K->79054K(821952K), 0.0056270 secs] [Times: user=0.03 sys=0.00, real=0.01 secs] 
2014-07-16T03:37:58.846+0000: 227.935: [GC [PSYoungGen: 134875K->1104K(133120K)] 213222K->79515K(820096K), 0.0038060 secs] [Times: user=0.01 sys=0.00, real=0.01 secs] 
2014-07-16T03:37:59.328+0000: 228.416: [GC [PSYoungGen: 133066K->762K(130560K)] 211477K->79212K(817536K), 0.0056440 secs] [Times: user=0.03 sys=0.00, real=0.00 secs] 
2014-07-16T03:37:59.791+0000: 228.880: [GC [PSYoungGen: 130554K->990K(128704K)] 209004K->79521K(815680K), 0.0036950 secs] [Times: user=0.02 sys=0.00, real=0.00 secs] 
2014-07-16T03:38:00.257+0000: 229.346: [GC [PSYoungGen: 128670K->854K(126464K)] 207201K->79448K(813440K), 0.0035560 secs] [Times: user=0.01 sys=0.00, real=0.00 secs] 
2014-07-16T03:38:00.715+0000: 229.804: [GC [PSYoungGen: 126422K->994K(124544K)] 205016K->79653K(811520K), 0.0071490 secs] [Times: user=0.04 sys=0.00, real=0.01 secs] 
2014-07-16T03:38:01.281+0000: 230.370: [GC [PSYoungGen: 124514K->1036K(122624K)] 203173K->79758K(809600K), 0.0058470 secs] [Times: user=0.03 sys=0.00, real=0.01 secs] 
2014-07-16T03:38:01.700+0000: 230.788: [GC [PSYoungGen: 122572K->694K(120320K)] 201294K->79472K(807296K), 0.0039880 secs] [Times: user=0.02 sys=0.00, real=0.00 secs] 
2014-07-16T03:38:02.137+0000: 231.226: [GC [PSYoungGen: 120310K->1530K(145088K)] 199088K->80341K(832064K), 0.0065720 secs] [Times: user=0.04 sys=0.00, real=0.00 secs] 
2014-07-16T03:38:02.653+0000: 231.741: [GC [PSYoungGen: 145082K->850K(141888K)] 223893K->79732K(828864K), 0.0038290 secs] [Times: user=0.01 sys=0.01, real=0.01 secs] 
2014-07-16T03:38:03.155+0000: 232.243: [GC [PSYoungGen: 141842K->608K(154176K)] 220724K->79570K(841152K), 0.0078380 secs] [Times: user=0.04 sys=0.00, real=0.01 secs] 
2014-07-16T03:38:03.696+0000: 232.784: [GC [PSYoungGen: 153120K->1426K(170816K)] 232082K->80445K(857792K), 0.0079700 secs] [Times: user=0.04 sys=0.00, real=0.01 secs] 
2014-07-16T03:38:04.304+0000: 233.392: [GC [PSYoungGen: 170578K->1090K(170880K)] 249597K->80149K(857856K), 0.0046850 secs] [Times: user=0.02 sys=0.00, real=0.01 secs] 
2014-07-16T03:38:04.912+0000: 234.000: [GC [PSYoungGen: 170205K->798K(204608K)] 249264K->79921K(891584K), 0.0057730 secs] [Times: user=0.03 sys=0.00, real=0.00 secs] 
2014-07-16T03:38:05.631+0000: 234.719: [GC [PSYoungGen: 203806K->676K(199296K)] 282929K->79854K(886272K), 0.0048740 secs] [Times: user=0.02 sys=0.00, real=0.00 secs] 
2014-07-16T03:38:06.415+0000: 235.503: [GC [PSYoungGen: 199268K->886K(195200K)] 278446K->80128K(882176K), 0.0033690 secs] [Times: user=0.02 sys=0.00, real=0.01 secs] 
2014-07-16T03:38:07.107+0000: 236.195: [GC [PSYoungGen: 195190K->1136K(191296K)] 274432K->80475K(878272K), 0.0029260 secs] [Times: user=0.01 sys=0.00, real=0.01 secs] 
2014-07-16T03:38:07.795+0000: 236.884: [GC [PSYoungGen: 191280K->594K(186752K)] 270619K->79996K(873728K), 0.0031740 secs] [Times: user=0.02 sys=0.00, real=0.01 secs] 
2014-07-16T03:38:08.458+0000: 237.546: [GC [PSYoungGen: 186705K->740K(183040K)] 266108K->80222K(870016K), 0.0037490 secs] [Times: user=0.01 sys=0.00, real=0.01 secs] 
2014-07-16T03:38:09.101+0000: 238.189: [GC [PSYoungGen: 183012K->1062K(179648K)] 262494K->80593K(866624K), 0.0069960 secs] [Times: user=0.04 sys=0.00, real=0.00 secs] 
2014-07-16T03:38:09.749+0000: 238.837: [GC [PSYoungGen: 179622K->840K(175808K)] 259153K->80451K(862784K), 0.0033960 secs] [Times: user=0.02 sys=0.00, real=0.00 secs] 
2014-07-16T03:38:10.388+0000: 239.476: [GC [PSYoungGen: 175752K->1260K(172672K)] 255363K->80990K(859648K), 0.0029310 secs] [Times: user=0.01 sys=0.00, real=0.01 secs] 
2014-07-16T03:38:10.993+0000: 240.081: [GC [PSYoungGen: 172652K->1454K(169472K)] 252382K->81265K(856448K), 0.0046340 secs] [Times: user=0.02 sys=0.00, real=0.00 secs] 
2014-07-16T03:38:11.636+0000: 240.725: [GC [PSYoungGen: 169454K->630K(165376K)] 249265K->80683K(852352K), 0.0039030 secs] [Times: user=0.03 sys=0.00, real=0.01 secs] 
2014-07-16T03:38:12.225+0000: 241.314: [GC [PSYoungGen: 165358K->826K(162368K)] 245410K->80983K(849344K), 0.0051300 secs] [Times: user=0.02 sys=0.00, real=0.01 secs] 
2014-07-16T03:38:12.810+0000: 241.898: [GC [PSYoungGen: 162362K->1632K(160128K)] 242519K->82061K(847104K), 0.0037280 secs] [Times: user=0.01 sys=0.01, real=0.00 secs] 
2014-07-16T03:38:13.398+0000: 242.486: [GC [PSYoungGen: 160096K->744K(156224K)] 240525K->81245K(843200K), 0.0055980 secs] [Times: user=0.03 sys=0.00, real=0.01 secs] 
2014-07-16T03:38:13.955+0000: 243.043: [GC [PSYoungGen: 156174K->776K(153408K)] 236675K->81317K(840384K), 0.0073560 secs] [Times: user=0.05 sys=0.00, real=0.01 secs] 
2014-07-16T03:38:14.522+0000: 243.610: [GC [PSYoungGen: 153352K->694K(150464K)] 233893K->81299K(837440K), 0.0040320 secs] [Times: user=0.02 sys=0.00, real=0.00 secs] 
2014-07-16T03:38:15.071+0000: 244.159: [GC [PSYoungGen: 150454K->968K(148096K)] 231059K->81637K(835072K), 0.0040930 secs] [Times: user=0.02 sys=0.00, real=0.00 secs] 
2014-07-16T03:38:15.617+0000: 244.705: [GC [PSYoungGen: 148040K->896K(145344K)] 228709K->81629K(832320K), 0.0028770 secs] [Times: user=0.01 sys=0.01, real=0.01 secs] 
2014-07-16T03:38:16.159+0000: 245.248: [GC [PSYoungGen: 145307K->1190K(143104K)] 226040K->82003K(830080K), 0.0047420 secs] [Times: user=0.03 sys=0.00, real=0.00 secs] 
2014-07-16T03:38:16.673+0000: 245.761: [GC [PSYoungGen: 143078K->1068K(140480K)] 223891K->81953K(827456K), 0.0083480 secs] [Times: user=0.05 sys=0.00, real=0.01 secs] 
2014-07-16T03:38:17.186+0000: 246.274: [GC [PSYoungGen: 140460K->950K(137920K)] 221345K->81907K(824896K), 0.0045380 secs] [Times: user=0.02 sys=0.00, real=0.01 secs] 
2014-07-16T03:38:17.680+0000: 246.768: [GC [PSYoungGen: 137910K->1300K(135936K)] 218867K->82313K(822912K), 0.0051350 secs] [Times: user=0.03 sys=0.00, real=0.01 secs] 
2014-07-16T03:38:18.170+0000: 247.258: [GC [PSYoungGen: 135892K->812K(162368K)] 216905K->81993K(849344K), 0.0059490 secs] [Times: user=0.03 sys=0.00, real=0.00 secs] 
2014-07-16T03:38:18.784+0000: 247.873: [GC [PSYoungGen: 162348K->1260K(159744K)] 243529K->82529K(846720K), 0.0033660 secs] [Times: user=0.01 sys=0.01, real=0.00 secs] 
2014-07-16T03:38:19.318+0000: 248.406: [GC [PSYoungGen: 159684K->1100K(156608K)] 240953K->82475K(843584K), 0.0067860 secs] [Times: user=0.03 sys=0.00, real=0.01 secs] 
2014-07-16T03:38:19.874+0000: 248.962: [GC [PSYoungGen: 156556K->840K(153472K)] 237931K->82303K(840448K), 0.0041180 secs] [Times: user=0.03 sys=0.00, real=0.00 secs] 
2014-07-16T03:38:20.419+0000: 249.507: [GC [PSYoungGen: 153416K->954K(150720K)] 234879K->82481K(837696K), 0.0044420 secs] [Times: user=0.02 sys=0.00, real=0.01 secs] 
2014-07-16T03:38:20.954+0000: 250.042: [GC [PSYoungGen: 150714K->722K(147840K)] 232241K->82313K(834816K), 0.0065040 secs] [Times: user=0.04 sys=0.00, real=0.01 secs] 
2014-07-16T03:38:21.563+0000: 250.651: [GC [PSYoungGen: 147794K->1246K(177792K)] 229385K->82877K(864768K), 0.0082400 secs] [Times: user=0.02 sys=0.00, real=0.01 secs] 
2014-07-16T03:38:22.130+0000: 251.218: [GC [PSYoungGen: 177758K->1104K(174080K)] 259389K->82831K(861056K), 0.0035270 secs] [Times: user=0.01 sys=0.00, real=0.01 secs] 
2014-07-16T03:38:22.753+0000: 251.841: [GC [PSYoungGen: 174032K->816K(170304K)] 255759K->82879K(857280K), 0.0064460 secs] [Times: user=0.04 sys=0.00, real=0.00 secs] 
2014-07-16T03:38:23.368+0000: 252.456: [GC [PSYoungGen: 170288K->950K(167104K)] 252351K->83077K(854080K), 0.0066030 secs] [Times: user=0.03 sys=0.01, real=0.01 secs] 
2014-07-16T03:38:23.963+0000: 253.051: [GC [PSYoungGen: 167093K->594K(163584K)] 249220K->82801K(850560K), 0.0060390 secs] [Times: user=0.04 sys=0.00, real=0.00 secs] 
2014-07-16T03:38:24.559+0000: 253.647: [GC [PSYoungGen: 163521K->754K(160576K)] 245728K->83025K(847552K), 0.0045070 secs] [Times: user=0.03 sys=0.00, real=0.01 secs] 
2014-07-16T03:38:25.141+0000: 254.230: [GC [PSYoungGen: 160561K->1118K(157952K)] 242832K->83477K(844928K), 0.0053880 secs] [Times: user=0.03 sys=0.00, real=0.00 secs] 
2014-07-16T03:38:25.711+0000: 254.799: [GC [PSYoungGen: 157918K->1222K(155136K)] 240277K->83653K(842112K), 0.0073790 secs] [Times: user=0.04 sys=0.00, real=0.01 secs] 
2014-07-16T03:38:26.275+0000: 255.364: [GC [PSYoungGen: 155078K->680K(151744K)] 237509K->83392K(838720K), 0.0028300 secs] [Times: user=0.01 sys=0.01, real=0.00 secs] 
2014-07-16T03:38:26.854+0000: 255.942: [GC [PSYoungGen: 151712K->1196K(149504K)] 234425K->83996K(836480K), 0.0029950 secs] [Times: user=0.02 sys=0.01, real=0.00 secs] 
2014-07-16T03:38:27.360+0000: 256.448: [GC [PSYoungGen: 149480K->1094K(146752K)] 232281K->84066K(833728K), 0.0059190 secs] [Times: user=0.03 sys=0.00, real=0.01 secs] 
2014-07-16T03:38:27.879+0000: 256.967: [GC [PSYoungGen: 146694K->1058K(144064K)] 229666K->84102K(831040K), 0.0040750 secs] [Times: user=0.02 sys=0.00, real=0.01 secs] 
2014-07-16T03:38:28.386+0000: 257.474: [GC [PSYoungGen: 144034K->626K(141120K)] 227078K->83742K(828096K), 0.0042930 secs] [Times: user=0.01 sys=0.00, real=0.00 secs] 
2014-07-16T03:38:28.897+0000: 257.985: [GC [PSYoungGen: 141080K->758K(138816K)] 224197K->83938K(825792K), 0.0032290 secs] [Times: user=0.02 sys=0.00, real=0.00 secs] 
2014-07-16T03:38:29.395+0000: 258.483: [GC [PSYoungGen: 138806K->844K(136576K)] 221986K->84120K(823552K), 0.0039030 secs] [Times: user=0.02 sys=0.01, real=0.00 secs] 
2014-07-16T03:38:29.880+0000: 258.969: [GC [PSYoungGen: 136524K->854K(134272K)] 219800K->84226K(821248K), 0.0058930 secs] [Times: user=0.03 sys=0.00, real=0.01 secs] 
2014-07-16T03:38:30.360+0000: 259.449: [GC [PSYoungGen: 134230K->808K(131968K)] 217602K->84260K(818944K), 0.0048930 secs] [Times: user=0.02 sys=0.00, real=0.01 secs] 
2014-07-16T03:38:30.828+0000: 259.917: [GC [PSYoungGen: 131944K->794K(129792K)] 215396K->84342K(816768K), 0.0045550 secs] [Times: user=0.03 sys=0.00, real=0.01 secs] 
2014-07-16T03:38:31.302+0000: 260.390: [GC [PSYoungGen: 129754K->800K(127680K)] 213302K->84428K(814656K), 0.0033940 secs] [Times: user=0.01 sys=0.00, real=0.01 secs] 
2014-07-16T03:38:31.820+0000: 260.908: [GC [PSYoungGen: 127634K->968K(125824K)] 211262K->84660K(812800K), 0.0042910 secs] [Times: user=0.02 sys=0.00, real=0.01 secs] 
2014-07-16T03:38:32.222+0000: 261.310: [GC [PSYoungGen: 125742K->880K(123712K)] 209435K->84928K(810688K), 0.0049530 secs] [Times: user=0.03 sys=0.00, real=0.01 secs] 
2014-07-16T03:38:32.655+0000: 261.744: [GC [PSYoungGen: 123652K->976K(121920K)] 207700K->85096K(808896K), 0.0050510 secs] [Times: user=0.03 sys=0.00, real=0.00 secs] 
2014-07-16T03:38:33.111+0000: 262.199: [GC [PSYoungGen: 121872K->936K(119936K)] 205992K->85276K(806912K), 0.0036990 secs] [Times: user=0.02 sys=0.00, real=0.01 secs] 
2014-07-16T03:38:33.533+0000: 262.621: [GC [PSYoungGen: 119912K->822K(117952K)] 204252K->85234K(804928K), 0.0033230 secs] [Times: user=0.01 sys=0.01, real=0.00 secs] 
2014-07-16T03:38:33.956+0000: 263.044: [GC [PSYoungGen: 117942K->934K(141504K)] 202354K->85540K(828480K), 0.0076470 secs] [Times: user=0.05 sys=0.00, real=0.01 secs] 
2014-07-16T03:38:34.463+0000: 263.551: [GC [PSYoungGen: 141478K->940K(139072K)] 226084K->85618K(826048K), 0.0031020 secs] [Times: user=0.02 sys=0.00, real=0.00 secs] 
2014-07-16T03:38:34.962+0000: 264.050: [GC [PSYoungGen: 139052K->562K(136320K)] 223730K->85486K(823296K), 0.0047800 secs] [Times: user=0.02 sys=0.00, real=0.00 secs] 
2014-07-16T03:38:35.461+0000: 264.549: [GC [PSYoungGen: 136306K->980K(163968K)] 221230K->85985K(850944K), 0.0071030 secs] [Times: user=0.05 sys=0.00, real=0.01 secs] 
2014-07-16T03:38:36.047+0000: 265.135: [GC [PSYoungGen: 163924K->1058K(160896K)] 248929K->86134K(847872K), 0.0047620 secs] [Times: user=0.03 sys=0.00, real=0.00 secs] 
2014-07-16T03:38:36.656+0000: 265.745: [GC [PSYoungGen: 160866K->762K(157568K)] 245942K->85878K(844544K), 0.0044090 secs] [Times: user=0.03 sys=0.00, real=0.02 secs] 
2014-07-16T03:38:37.212+0000: 266.300: [GC [PSYoungGen: 157484K->894K(154752K)] 242601K->86565K(841728K), 0.0063770 secs] [Times: user=0.04 sys=0.00, real=0.00 secs] 
2014-07-16T03:38:37.776+0000: 266.864: [GC [PSYoungGen: 154750K->968K(152064K)] 240421K->86718K(839040K), 0.0039540 secs] [Times: user=0.02 sys=0.00, real=0.00 secs] 
2014-07-16T03:38:38.311+0000: 267.399: [GC [PSYoungGen: 152008K->904K(149248K)] 237758K->86734K(836224K), 0.0033090 secs] [Times: user=0.02 sys=0.00, real=0.01 secs] 
2014-07-16T03:38:38.841+0000: 267.930: [GC [PSYoungGen: 149153K->1390K(147008K)] 234984K->87433K(833984K), 0.0053080 secs] [Times: user=0.02 sys=0.00, real=0.01 secs] 
2014-07-16T03:38:39.365+0000: 268.453: [GC [PSYoungGen: 146990K->488K(143488K)] 233033K->87095K(830464K), 0.0055360 secs] [Times: user=0.04 sys=0.01, real=0.00 secs] 
2014-07-16T03:38:39.893+0000: 268.981: [GC [PSYoungGen: 143464K->886K(141376K)] 230071K->87589K(828352K), 0.0050250 secs] [Times: user=0.03 sys=0.00, real=0.01 secs] 
2014-07-16T03:38:40.394+0000: 269.482: [GC [PSYoungGen: 141332K->872K(138944K)] 228035K->87737K(825920K), 0.0040730 secs] [Times: user=0.02 sys=0.00, real=0.00 secs] 
2014-07-16T03:38:40.878+0000: 269.966: [GC [PSYoungGen: 138872K->986K(136704K)] 225737K->87915K(823680K), 0.0034250 secs] [Times: user=0.02 sys=0.00, real=0.00 secs] 
2014-07-16T03:38:41.377+0000: 270.465: [GC [PSYoungGen: 136666K->1058K(134464K)] 223595K->88067K(821440K), 0.0030820 secs] [Times: user=0.01 sys=0.00, real=0.00 secs] 
2014-07-16T03:38:41.952+0000: 271.040: [GC [PSYoungGen: 134396K->1454K(132608K)] 221405K->88559K(819584K), 0.0042490 secs] [Times: user=0.02 sys=0.00, real=0.01 secs] 
2014-07-16T03:38:42.356+0000: 271.444: [GC [PSYoungGen: 132585K->434K(129408K)] 219690K->88293K(816384K), 0.0037970 secs] [Times: user=0.02 sys=0.00, real=0.00 secs] 
2014-07-16T03:38:42.820+0000: 271.908: [GC [PSYoungGen: 129394K->1582K(128448K)] 217253K->90125K(815424K), 0.0039570 secs] [Times: user=0.02 sys=0.00, real=0.01 secs] 
2014-07-16T03:38:43.267+0000: 272.355: [GC [PSYoungGen: 128430K->890K(125696K)] 216973K->89953K(812672K), 0.0046870 secs] [Times: user=0.03 sys=0.00, real=0.00 secs] 
2014-07-16T03:38:43.714+0000: 272.802: [GC [PSYoungGen: 125645K->1026K(123904K)] 214708K->90161K(810880K), 0.0035820 secs] [Times: user=0.02 sys=0.00, real=0.00 secs] 
2014-07-16T03:38:44.162+0000: 273.250: [GC [PSYoungGen: 123842K->872K(121792K)] 212977K->90119K(808768K), 0.0033360 secs] [Times: user=0.02 sys=0.00, real=0.01 secs] 
2014-07-16T03:38:44.604+0000: 273.692: [GC [PSYoungGen: 121768K->1336K(120320K)] 211015K->90663K(807296K), 0.0041410 secs] [Times: user=0.03 sys=0.00, real=0.01 secs] 
2014-07-16T03:38:45.054+0000: 274.142: [GC [PSYoungGen: 120312K->904K(118080K)] 209639K->90311K(805056K), 0.0041900 secs] [Times: user=0.02 sys=0.00, real=0.00 secs] 
2014-07-16T03:38:45.457+0000: 274.545: [GC [PSYoungGen: 118024K->926K(116288K)] 207431K->90405K(803264K), 0.0032360 secs] [Times: user=0.01 sys=0.00, real=0.00 secs] 
2014-07-16T03:38:45.874+0000: 274.962: [GC [PSYoungGen: 116254K->786K(114432K)] 205733K->90321K(801408K), 0.0040930 secs] [Times: user=0.01 sys=0.00, real=0.00 secs] 
2014-07-16T03:38:46.280+0000: 275.368: [GC [PSYoungGen: 114386K->786K(112704K)] 203921K->90417K(799680K), 0.0030610 secs] [Times: user=0.01 sys=0.00, real=0.00 secs] 
2014-07-16T03:38:46.696+0000: 275.784: [GC [PSYoungGen: 112658K->1190K(111424K)] 202289K->90917K(798400K), 0.0031850 secs] [Times: user=0.02 sys=0.00, real=0.00 secs] 
2014-07-16T03:38:47.164+0000: 276.253: [GC [PSYoungGen: 111387K->1030K(109696K)] 201114K->90805K(796672K), 0.0050890 secs] [Times: user=0.02 sys=0.00, real=0.00 secs] 
2014-07-16T03:38:47.520+0000: 276.608: [GC [PSYoungGen: 109638K->890K(131264K)] 199413K->90745K(818240K), 0.0057230 secs] [Times: user=0.04 sys=0.00, real=0.01 secs] 
2014-07-16T03:38:47.968+0000: 277.056: [GC [PSYoungGen: 131172K->1504K(129728K)] 221027K->91423K(816704K), 0.0044240 secs] [Times: user=0.02 sys=0.00, real=0.00 secs] 
2014-07-16T03:38:48.440+0000: 277.528: [GC [PSYoungGen: 129696K->826K(154688K)] 219615K->90809K(841664K), 0.0050140 secs] [Times: user=0.03 sys=0.00, real=0.01 secs] 
2014-07-16T03:38:49.005+0000: 278.093: [GC [PSYoungGen: 154616K->712K(151808K)] 244599K->90759K(838784K), 0.0038740 secs] [Times: user=0.02 sys=0.00, real=0.00 secs] 
2014-07-16T03:38:49.557+0000: 278.645: [GC [PSYoungGen: 151752K->1018K(149312K)] 241799K->91145K(836288K), 0.0048250 secs] [Times: user=0.02 sys=0.00, real=0.00 secs] 
2014-07-16T03:38:50.097+0000: 279.185: [GC [PSYoungGen: 149239K->1554K(147200K)] 239367K->91737K(834176K), 0.0043760 secs] [Times: user=0.02 sys=0.00, real=0.00 secs] 
2014-07-16T03:38:50.600+0000: 279.688: [GC [PSYoungGen: 147103K->748K(143744K)] 237286K->91247K(830720K), 0.0046080 secs] [Times: user=0.02 sys=0.01, real=0.00 secs] 
2014-07-16T03:38:51.124+0000: 280.212: [GC [PSYoungGen: 143724K->1158K(141696K)] 234223K->91713K(828672K), 0.0060900 secs] [Times: user=0.03 sys=0.00, real=0.01 secs] 
2014-07-16T03:38:51.626+0000: 280.714: [GC [PSYoungGen: 141611K->858K(138944K)] 232166K->91741K(825920K), 0.0040940 secs] [Times: user=0.02 sys=0.00, real=0.00 secs] 
2014-07-16T03:38:52.201+0000: 281.289: [GC [PSYoungGen: 138906K->1576K(137280K)] 229789K->92539K(824256K), 0.0045040 secs] [Times: user=0.03 sys=0.00, real=0.01 secs] 
2014-07-16T03:38:52.663+0000: 281.751: [GC [PSYoungGen: 137256K->894K(134272K)] 228219K->91921K(821248K), 0.0044470 secs] [Times: user=0.03 sys=0.00, real=0.01 secs] 
2014-07-16T03:38:53.153+0000: 282.241: [GC [PSYoungGen: 134266K->530K(131712K)] 225294K->91589K(818688K), 0.0040790 secs] [Times: user=0.01 sys=0.00, real=0.01 secs] 
2014-07-16T03:38:53.606+0000: 282.694: [GC [PSYoungGen: 131666K->1072K(130048K)] 222725K->92227K(817024K), 0.0051740 secs] [Times: user=0.03 sys=0.00, real=0.00 secs] 
2014-07-16T03:38:54.076+0000: 283.165: [GC [PSYoungGen: 130032K->1568K(150976K)] 221187K->92755K(837952K), 0.0076330 secs] [Times: user=0.04 sys=0.00, real=0.00 secs] 
2014-07-16T03:38:54.622+0000: 283.710: [GC [PSYoungGen: 150816K->944K(156608K)] 242003K->92179K(843584K), 0.0106320 secs] [Times: user=0.07 sys=0.00, real=0.01 secs] 
2014-07-16T03:38:55.172+0000: 284.260: [GC [PSYoungGen: 155639K->1012K(156608K)] 246874K->92295K(843584K), 0.0073690 secs] [Times: user=0.04 sys=0.00, real=0.01 secs] 
2014-07-16T03:38:55.731+0000: 284.819: [GC [PSYoungGen: 155764K->1068K(187392K)] 247047K->92407K(874368K), 0.0054420 secs] [Times: user=0.02 sys=0.00, real=0.01 secs] 
2014-07-16T03:38:56.401+0000: 285.490: [GC [PSYoungGen: 186796K->894K(187456K)] 278135K->92313K(874432K), 0.0049590 secs] [Times: user=0.03 sys=0.00, real=0.01 secs] 
2014-07-16T03:38:57.186+0000: 286.274: [GC [PSYoungGen: 186616K->822K(182720K)] 278036K->92281K(869696K), 0.0047470 secs] [Times: user=0.02 sys=0.01, real=0.00 secs] 
2014-07-16T03:38:57.825+0000: 286.913: [GC [PSYoungGen: 182688K->1168K(179392K)] 274147K->92699K(866368K), 0.0029540 secs] [Times: user=0.02 sys=0.01, real=0.01 secs] 
2014-07-16T03:38:58.471+0000: 287.559: [GC [PSYoungGen: 179344K->1212K(175808K)] 270875K->92815K(862784K), 0.0038030 secs] [Times: user=0.01 sys=0.01, real=0.00 secs] 
2014-07-16T03:38:59.102+0000: 288.190: [GC [PSYoungGen: 175784K->1340K(172416K)] 267387K->93015K(859392K), 0.0035830 secs] [Times: user=0.02 sys=0.00, real=0.00 secs] 
2014-07-16T03:38:59.722+0000: 288.811: [GC [PSYoungGen: 172412K->812K(168512K)] 264087K->92713K(855488K), 0.0111390 secs] [Times: user=0.06 sys=0.00, real=0.01 secs] 
2014-07-16T03:39:00.313+0000: 289.401: [GC [PSYoungGen: 168492K->812K(165248K)] 260393K->92793K(852224K), 0.0043390 secs] [Times: user=0.02 sys=0.00, real=0.01 secs] 
2014-07-16T03:39:00.922+0000: 290.010: [GC [PSYoungGen: 165228K->1086K(162304K)] 257209K->93363K(849280K), 0.0038800 secs] [Times: user=0.02 sys=0.01, real=0.01 secs] 
2014-07-16T03:39:01.512+0000: 290.600: [GC [PSYoungGen: 162302K->972K(159168K)] 254579K->93329K(846144K), 0.0037530 secs] [Times: user=0.02 sys=0.00, real=0.00 secs] 
2014-07-16T03:39:02.172+0000: 291.260: [GC [PSYoungGen: 159112K->1132K(156352K)] 251469K->93843K(843328K), 0.0046330 secs] [Times: user=0.01 sys=0.01, real=0.01 secs] 
2014-07-16T03:39:02.705+0000: 291.793: [GC [PSYoungGen: 156332K->990K(153344K)] 249043K->93773K(840320K), 0.0047040 secs] [Times: user=0.01 sys=0.00, real=0.01 secs] 
2014-07-16T03:39:03.273+0000: 292.361: [GC [PSYoungGen: 153310K->1204K(150720K)] 246093K->94561K(837696K), 0.0058240 secs] [Times: user=0.03 sys=0.01, real=0.01 secs] 
2014-07-16T03:39:03.809+0000: 292.897: [GC [PSYoungGen: 150708K->1122K(147968K)] 244065K->94583K(834944K), 0.0047400 secs] [Times: user=0.03 sys=0.00, real=0.00 secs] 
2014-07-16T03:39:04.338+0000: 293.427: [GC [PSYoungGen: 147938K->640K(144832K)] 241399K->94157K(831808K), 0.0062300 secs] [Times: user=0.03 sys=0.00, real=0.00 secs] 
2014-07-16T03:39:04.871+0000: 293.959: [GC [PSYoungGen: 144832K->744K(142400K)] 238349K->94333K(829376K), 0.0038070 secs] [Times: user=0.02 sys=0.00, real=0.00 secs] 
2014-07-16T03:39:05.382+0000: 294.470: [GC [PSYoungGen: 142376K->1068K(140224K)] 235965K->94713K(827200K), 0.0074300 secs] [Times: user=0.04 sys=0.00, real=0.01 secs] 
2014-07-16T03:39:05.878+0000: 294.966: [GC [PSYoungGen: 140204K->1358K(138112K)] 233849K->95084K(825088K), 0.0036540 secs] [Times: user=0.02 sys=0.01, real=0.00 secs] 
2014-07-16T03:39:06.373+0000: 295.461: [GC [PSYoungGen: 138062K->904K(165056K)] 231788K->94677K(852032K), 0.0074570 secs] [Times: user=0.04 sys=0.00, real=0.01 secs] 
2014-07-16T03:39:06.973+0000: 296.061: [GC [PSYoungGen: 164955K->1514K(162496K)] 258729K->95368K(849472K), 0.0051010 secs] [Times: user=0.03 sys=0.00, real=0.01 secs] 
2014-07-16T03:39:07.623+0000: 296.711: [GC [PSYoungGen: 162474K->836K(158784K)] 256328K->94753K(845760K), 0.0054250 secs] [Times: user=0.03 sys=0.00, real=0.01 secs] 
2014-07-16T03:39:08.171+0000: 297.259: [GC [PSYoungGen: 158666K->1036K(156032K)] 252584K->95033K(843008K), 0.0031800 secs] [Times: user=0.02 sys=0.00, real=0.00 secs] 
2014-07-16T03:39:08.728+0000: 297.816: [GC [PSYoungGen: 155980K->1646K(153728K)] 249977K->95772K(840704K), 0.0074810 secs] [Times: user=0.05 sys=0.00, real=0.00 secs] 
2014-07-16T03:39:09.278+0000: 298.366: [GC [PSYoungGen: 153710K->1050K(183616K)] 247836K->95263K(870592K), 0.0131530 secs] [Times: user=0.07 sys=0.01, real=0.01 secs] 
2014-07-16T03:39:09.964+0000: 299.053: [GC [PSYoungGen: 183559K->944K(210304K)] 277772K->95214K(897280K), 0.0042240 secs] [Times: user=0.02 sys=0.00, real=0.01 secs] 
2014-07-16T03:39:10.699+0000: 299.787: [GC [PSYoungGen: 210096K->794K(211008K)] 304366K->95151K(897984K), 0.0053270 secs] [Times: user=0.04 sys=0.00, real=0.00 secs] 
2014-07-16T03:39:11.444+0000: 300.532: [GC [PSYoungGen: 209946K->658K(205184K)] 304303K->95079K(892160K), 0.0051500 secs] [Times: user=0.03 sys=0.00, real=0.01 secs] 
2014-07-16T03:39:12.169+0000: 301.257: [GC [PSYoungGen: 205137K->772K(200832K)] 299559K->95249K(887808K), 0.0041570 secs] [Times: user=0.02 sys=0.00, real=0.00 secs] 
2014-07-16T03:39:12.884+0000: 301.973: [GC [PSYoungGen: 200772K->712K(196416K)] 295249K->95253K(883392K), 0.0054620 secs] [Times: user=0.03 sys=0.00, real=0.01 secs] 
2014-07-16T03:39:13.597+0000: 302.685: [GC [PSYoungGen: 196360K->1154K(192704K)] 290901K->95767K(879680K), 0.0036910 secs] [Times: user=0.02 sys=0.01, real=0.01 secs] 
2014-07-16T03:39:14.270+0000: 303.358: [GC [PSYoungGen: 192642K->1026K(188544K)] 287255K->95720K(875520K), 0.0040210 secs] [Times: user=0.01 sys=0.00, real=0.00 secs] 
2014-07-16T03:39:14.954+0000: 304.042: [GC [PSYoungGen: 188482K->830K(184384K)] 283176K->95579K(871360K), 0.0071650 secs] [Times: user=0.03 sys=0.01, real=0.01 secs] 
2014-07-16T03:39:15.618+0000: 304.706: [GC [PSYoungGen: 184348K->1022K(180800K)] 279098K->95851K(867776K), 0.0047660 secs] [Times: user=0.03 sys=0.00, real=0.01 secs] 
2014-07-16T03:39:16.269+0000: 305.357: [GC [PSYoungGen: 180798K->1116K(177280K)] 275627K->95986K(864256K), 0.0063810 secs] [Times: user=0.04 sys=0.00, real=0.00 secs] 
2014-07-16T03:39:16.913+0000: 306.001: [GC [PSYoungGen: 177210K->1072K(173696K)] 272080K->96079K(860672K), 0.0030290 secs] [Times: user=0.01 sys=0.00, real=0.00 secs] 
2014-07-16T03:39:17.623+0000: 306.712: [GC [PSYoungGen: 173680K->950K(170112K)] 268687K->96037K(857088K), 0.0041270 secs] [Times: user=0.02 sys=0.00, real=0.00 secs] 
2014-07-16T03:39:18.235+0000: 307.323: [GC [PSYoungGen: 170102K->1204K(167040K)] 265189K->96446K(854016K), 0.0042600 secs] [Times: user=0.02 sys=0.00, real=0.01 secs] 
2014-07-16T03:39:18.857+0000: 307.945: [GC [PSYoungGen: 167028K->850K(163520K)] 262270K->96155K(850496K), 0.0051470 secs] [Times: user=0.03 sys=0.00, real=0.01 secs] 
2014-07-16T03:39:19.448+0000: 308.536: [GC [PSYoungGen: 163474K->730K(160256K)] 258779K->96067K(847232K), 0.0042610 secs] [Times: user=0.01 sys=0.00, real=0.01 secs] 
2014-07-16T03:39:20.010+0000: 309.098: [GC [PSYoungGen: 160218K->866K(157376K)] 255555K->96268K(844352K), 0.0043630 secs] [Times: user=0.02 sys=0.00, real=0.00 secs] 
2014-07-16T03:39:20.579+0000: 309.667: [GC [PSYoungGen: 157334K->872K(154432K)] 252736K->96337K(841408K), 0.0053910 secs] [Times: user=0.03 sys=0.01, real=0.01 secs] 
2014-07-16T03:39:21.130+0000: 310.218: [GC [PSYoungGen: 154408K->658K(151424K)] 249873K->96211K(838400K), 0.0033130 secs] [Times: user=0.02 sys=0.00, real=0.00 secs] 
2014-07-16T03:39:21.684+0000: 310.773: [GC [PSYoungGen: 151378K->758K(148736K)] 246931K->96383K(835712K), 0.0100230 secs] [Times: user=0.05 sys=0.01, real=0.01 secs] 
2014-07-16T03:39:22.223+0000: 311.311: [GC [PSYoungGen: 148726K->786K(146112K)] 244351K->96499K(833088K), 0.0037910 secs] [Times: user=0.02 sys=0.00, real=0.00 secs] 
2014-07-16T03:39:22.776+0000: 311.864: [GC [PSYoungGen: 146066K->1062K(143808K)] 241779K->96832K(830784K), 0.0059650 secs] [Times: user=0.04 sys=0.00, real=0.01 secs] 
2014-07-16T03:39:23.272+0000: 312.360: [GC [PSYoungGen: 143782K->976K(172288K)] 239552K->96802K(859264K), 0.0064890 secs] [Times: user=0.03 sys=0.01, real=0.00 secs] 
2014-07-16T03:39:23.889+0000: 312.977: [GC [PSYoungGen: 172240K->854K(206464K)] 268066K->96743K(893440K), 0.0078530 secs] [Times: user=0.05 sys=0.00, real=0.01 secs] 
2014-07-16T03:39:24.626+0000: 313.714: [GC [PSYoungGen: 206422K->780K(201856K)] 302311K->96741K(888832K), 0.0049480 secs] [Times: user=0.03 sys=0.00, real=0.01 secs] 
2014-07-16T03:39:25.366+0000: 314.454: [GC [PSYoungGen: 201804K->1132K(197824K)] 297765K->97149K(884800K), 0.0056290 secs] [Times: user=0.02 sys=0.00, real=0.01 secs] 
2014-07-16T03:39:26.091+0000: 315.179: [GC [PSYoungGen: 197804K->598K(193088K)] 293821K->96671K(880064K), 0.0046500 secs] [Times: user=0.03 sys=0.01, real=0.00 secs] 
2014-07-16T03:39:26.786+0000: 315.874: [GC [PSYoungGen: 193008K->1004K(189376K)] 289082K->97109K(876352K), 0.0052790 secs] [Times: user=0.01 sys=0.01, real=0.01 secs] 
2014-07-16T03:39:27.538+0000: 316.626: [GC [PSYoungGen: 189356K->1316K(185728K)] 285461K->97477K(872704K), 0.0074750 secs] [Times: user=0.04 sys=0.00, real=0.01 secs] 
2014-07-16T03:39:28.154+0000: 317.242: [GC [PSYoungGen: 185700K->498K(181056K)] 281861K->97141K(868032K), 0.0046870 secs] [Times: user=0.01 sys=0.01, real=0.00 secs] 
2014-07-16T03:39:28.847+0000: 317.935: [GC [PSYoungGen: 181042K->1450K(178304K)] 277685K->98158K(865280K), 0.0040910 secs] [Times: user=0.02 sys=0.00, real=0.01 secs] 
2014-07-16T03:39:29.473+0000: 318.562: [GC [PSYoungGen: 178273K->994K(174272K)] 274981K->98164K(861248K), 0.0031300 secs] [Times: user=0.02 sys=0.00, real=0.00 secs] 
2014-07-16T03:39:30.090+0000: 319.178: [GC [PSYoungGen: 174242K->1140K(170944K)] 271412K->98366K(857920K), 0.0040040 secs] [Times: user=0.02 sys=0.00, real=0.01 secs] 
2014-07-16T03:39:30.715+0000: 319.803: [GC [PSYoungGen: 170906K->980K(167488K)] 268132K->98396K(854464K), 0.0056990 secs] [Times: user=0.03 sys=0.00, real=0.00 secs] 
2014-07-16T03:39:31.317+0000: 320.405: [GC [PSYoungGen: 167444K->548K(163776K)] 264860K->98020K(850752K), 0.0042400 secs] [Times: user=0.02 sys=0.00, real=0.01 secs] 
2014-07-16T03:39:31.898+0000: 320.986: [GC [PSYoungGen: 163748K->1022K(161088K)] 261220K->98542K(848064K), 0.0053170 secs] [Times: user=0.01 sys=0.01, real=0.01 secs] 
2014-07-16T03:39:32.485+0000: 321.574: [GC [PSYoungGen: 161086K->1382K(158464K)] 258606K->98942K(845440K), 0.0092710 secs] [Times: user=0.05 sys=0.00, real=0.01 secs] 
2014-07-16T03:39:33.069+0000: 322.157: [GC [PSYoungGen: 158438K->820K(154944K)] 255998K->98908K(841920K), 0.0060540 secs] [Times: user=0.02 sys=0.00, real=0.01 secs] 
2014-07-16T03:39:33.616+0000: 322.704: [GC [PSYoungGen: 154932K->466K(151744K)] 253020K->98578K(838720K), 0.0045990 secs] [Times: user=0.01 sys=0.00, real=0.00 secs] 
2014-07-16T03:39:34.159+0000: 323.247: [GC [PSYoungGen: 151599K->1112K(149632K)] 249711K->99335K(836608K), 0.0048450 secs] [Times: user=0.02 sys=0.00, real=0.01 secs] 
2014-07-16T03:39:34.692+0000: 323.780: [GC [PSYoungGen: 149592K->826K(146624K)] 247815K->99129K(833600K), 0.0052370 secs] [Times: user=0.03 sys=0.01, real=0.00 secs] 
2014-07-16T03:39:35.232+0000: 324.321: [GC [PSYoungGen: 146577K->1144K(144320K)] 244880K->99519K(831296K), 0.0055610 secs] [Times: user=0.03 sys=0.00, real=0.00 secs] 
2014-07-16T03:39:35.750+0000: 324.839: [GC [PSYoungGen: 144311K->1674K(142400K)] 242687K->100113K(829376K), 0.0042660 secs] [Times: user=0.02 sys=0.01, real=0.01 secs] 
2014-07-16T03:39:36.249+0000: 325.337: [GC [PSYoungGen: 142334K->626K(138880K)] 240774K->99509K(825856K), 0.0047690 secs] [Times: user=0.02 sys=0.00, real=0.01 secs] 
2014-07-16T03:39:36.761+0000: 325.850: [GC [PSYoungGen: 138810K->1400K(137280K)] 237694K->100339K(824256K), 0.0046030 secs] [Times: user=0.02 sys=0.00, real=0.01 secs] 
2014-07-16T03:39:37.244+0000: 326.333: [GC [PSYoungGen: 137272K->976K(164096K)] 236211K->100271K(851072K), 0.0071490 secs] [Times: user=0.04 sys=0.01, real=0.00 secs] 
2014-07-16T03:39:37.959+0000: 327.047: [GC [PSYoungGen: 164048K->804K(196544K)] 263343K->100147K(883520K), 0.0072920 secs] [Times: user=0.03 sys=0.00, real=0.01 secs] 
2014-07-16T03:39:38.593+0000: 327.682: [GC [PSYoungGen: 196516K->772K(192384K)] 295859K->100203K(879360K), 0.0032330 secs] [Times: user=0.02 sys=0.01, real=0.00 secs] 
2014-07-16T03:39:39.277+0000: 328.365: [GC [PSYoungGen: 192324K->658K(188224K)] 291755K->100169K(875200K), 0.0031760 secs] [Times: user=0.01 sys=0.00, real=0.00 secs] 
2014-07-16T03:39:39.970+0000: 329.058: [GC [PSYoungGen: 188178K->1182K(184832K)] 287689K->100741K(871808K), 0.0042300 secs] [Times: user=0.01 sys=0.00, real=0.01 secs] 
2014-07-16T03:39:40.618+0000: 329.707: [GC [PSYoungGen: 184769K->1136K(180992K)] 284329K->100751K(867968K), 0.0059150 secs] [Times: user=0.02 sys=0.00, real=0.01 secs] 
2014-07-16T03:39:41.263+0000: 330.351: [GC [PSYoungGen: 180976K->498K(176704K)] 280591K->100169K(863680K), 0.0076620 secs] [Times: user=0.03 sys=0.01, real=0.00 secs] 
2014-07-16T03:39:41.908+0000: 330.996: [GC [PSYoungGen: 176685K->712K(173440K)] 276357K->100423K(860416K), 0.0072270 secs] [Times: user=0.04 sys=0.00, real=0.01 secs] 
2014-07-16T03:39:42.531+0000: 331.619: [GC [PSYoungGen: 173384K->762K(169984K)] 273095K->100537K(856960K), 0.0049710 secs] [Times: user=0.03 sys=0.00, real=0.01 secs] 
2014-07-16T03:39:43.195+0000: 332.283: [GC [PSYoungGen: 169950K->1404K(167296K)] 269726K->101259K(854272K), 0.0027430 secs] [Times: user=0.01 sys=0.01, real=0.00 secs] 
2014-07-16T03:39:43.766+0000: 332.854: [GC [PSYoungGen: 167246K->830K(163520K)] 267101K->100757K(850496K), 0.0043730 secs] [Times: user=0.02 sys=0.00, real=0.00 secs] 
2014-07-16T03:39:44.355+0000: 333.443: [GC [PSYoungGen: 163517K->608K(160192K)] 263445K->100615K(847168K), 0.0028730 secs] [Times: user=0.01 sys=0.00, real=0.00 secs] 
2014-07-16T03:39:44.917+0000: 334.006: [GC [PSYoungGen: 160160K->1048K(157632K)] 260167K->101103K(844608K), 0.0043530 secs] [Times: user=0.03 sys=0.00, real=0.00 secs] 
2014-07-16T03:39:45.490+0000: 334.578: [GC [PSYoungGen: 157592K->712K(154368K)] 257647K->100823K(841344K), 0.0053250 secs] [Times: user=0.03 sys=0.00, real=0.01 secs] 
2014-07-16T03:39:46.048+0000: 335.137: [GC [PSYoungGen: 154284K->944K(151744K)] 254395K->101087K(838720K), 0.0036170 secs] [Times: user=0.01 sys=0.00, real=0.00 secs] 
2014-07-16T03:39:46.599+0000: 335.688: [GC [PSYoungGen: 151728K->690K(148736K)] 251871K->100905K(835712K), 0.0032900 secs] [Times: user=0.01 sys=0.00, real=0.00 secs] 
2014-07-16T03:39:47.127+0000: 336.216: [GC [PSYoungGen: 148722K->566K(145920K)] 248937K->100805K(832896K), 0.0040880 secs] [Times: user=0.02 sys=0.00, real=0.00 secs] 
2014-07-16T03:39:47.655+0000: 336.743: [GC [PSYoungGen: 145910K->954K(143744K)] 246149K->101281K(830720K), 0.0032780 secs] [Times: user=0.02 sys=0.00, real=0.00 secs] 
2014-07-16T03:39:48.230+0000: 337.318: [GC [PSYoungGen: 143738K->1476K(141824K)] 244065K->101843K(828800K), 0.0073200 secs] [Times: user=0.04 sys=0.01, real=0.01 secs] 
2014-07-16T03:39:48.723+0000: 337.811: [GC [PSYoungGen: 141764K->708K(138624K)] 242131K->101139K(825600K), 0.0026780 secs] [Times: user=0.02 sys=0.00, real=0.01 secs] 
2014-07-16T03:39:49.223+0000: 338.311: [GC [PSYoungGen: 138564K->972K(136512K)] 238995K->101483K(823488K), 0.0033610 secs] [Times: user=0.01 sys=0.00, real=0.00 secs] 
2014-07-16T03:39:49.745+0000: 338.833: [GC [PSYoungGen: 136460K->1468K(134656K)] 236971K->102051K(821632K), 0.0030620 secs] [Times: user=0.01 sys=0.01, real=0.00 secs] 
2014-07-16T03:39:50.207+0000: 339.296: [GC [PSYoungGen: 134622K->740K(131712K)] 235206K->101371K(818688K), 0.0047610 secs] [Times: user=0.02 sys=0.00, real=0.00 secs] 
2014-07-16T03:39:50.677+0000: 339.765: [GC [PSYoungGen: 131684K->1554K(130368K)] 232315K->102297K(817344K), 0.0039070 secs] [Times: user=0.02 sys=0.00, real=0.00 secs] 
2014-07-16T03:39:51.139+0000: 340.227: [GC [PSYoungGen: 130321K->1004K(127680K)] 231065K->101819K(814656K), 0.0025510 secs] [Times: user=0.02 sys=0.00, real=0.00 secs] 
2014-07-16T03:39:51.604+0000: 340.692: [GC [PSYoungGen: 127660K->1158K(125824K)] 228475K->102029K(812800K), 0.0045860 secs] [Times: user=0.01 sys=0.00, real=0.01 secs] 
2014-07-16T03:39:52.042+0000: 341.130: [GC [PSYoungGen: 125752K->894K(150464K)] 226623K->101813K(837440K), 0.0078060 secs] [Times: user=0.05 sys=0.00, real=0.01 secs] 
2014-07-16T03:39:52.573+0000: 341.661: [GC [PSYoungGen: 150462K->658K(147584K)] 251381K->101649K(834560K), 0.0033780 secs] [Times: user=0.01 sys=0.00, real=0.01 secs] 
2014-07-16T03:39:53.195+0000: 342.283: [GC [PSYoungGen: 147538K->1254K(145536K)] 248529K->102285K(832512K), 0.0070840 secs] [Times: user=0.03 sys=0.00, real=0.00 secs] 
2014-07-16T03:39:53.673+0000: 342.761: [GC [PSYoungGen: 145510K->804K(142528K)] 246541K->101931K(829504K), 0.0036500 secs] [Times: user=0.01 sys=0.00, real=0.01 secs] 
2014-07-16T03:39:54.175+0000: 343.264: [GC [PSYoungGen: 142500K->1384K(140608K)] 243627K->102900K(827584K), 0.0039440 secs] [Times: user=0.02 sys=0.00, real=0.00 secs] 
2014-07-16T03:39:54.676+0000: 343.764: [GC [PSYoungGen: 140554K->1422K(138240K)] 242070K->103025K(825216K), 0.0032470 secs] [Times: user=0.01 sys=0.00, real=0.00 secs] 
2014-07-16T03:39:55.163+0000: 344.251: [GC [PSYoungGen: 138190K->712K(135168K)] 239793K->102403K(822144K), 0.0037710 secs] [Times: user=0.02 sys=0.01, real=0.01 secs] 
2014-07-16T03:39:55.639+0000: 344.727: [GC [PSYoungGen: 135112K->1586K(133760K)] 236803K->103350K(820736K), 0.0027390 secs] [Times: user=0.01 sys=0.00, real=0.00 secs] 
2014-07-16T03:39:56.115+0000: 345.203: [GC [PSYoungGen: 133746K->690K(130688K)] 235510K->102501K(817664K), 0.0087420 secs] [Times: user=0.05 sys=0.00, real=0.00 secs] 
2014-07-16T03:39:56.592+0000: 345.680: [GC [PSYoungGen: 130674K->584K(156672K)] 232485K->102411K(843648K), 0.0059070 secs] [Times: user=0.01 sys=0.00, real=0.01 secs] 
2014-07-16T03:39:57.150+0000: 346.239: [GC [PSYoungGen: 156616K->768K(188032K)] 258443K->102659K(875008K), 0.0055330 secs] [Times: user=0.02 sys=0.01, real=0.01 secs] 
2014-07-16T03:39:57.822+0000: 346.910: [GC [PSYoungGen: 188006K->1054K(184448K)] 289898K->103009K(871424K), 0.0058110 secs] [Times: user=0.03 sys=0.00, real=0.01 secs] 
2014-07-16T03:39:58.594+0000: 347.682: [GC [PSYoungGen: 184414K->950K(180544K)] 286369K->102985K(867520K), 0.0034750 secs] [Times: user=0.02 sys=0.00, real=0.01 secs] 
2014-07-16T03:39:59.248+0000: 348.336: [GC [PSYoungGen: 180534K->964K(176960K)] 282569K->103055K(863936K), 0.0043430 secs] [Times: user=0.02 sys=0.01, real=0.00 secs] 
2014-07-16T03:39:59.900+0000: 348.988: [GC [PSYoungGen: 176900K->1240K(173696K)] 278991K->103427K(860672K), 0.0035540 secs] [Times: user=0.02 sys=0.00, real=0.00 secs] 
2014-07-16T03:40:00.517+0000: 349.606: [GC [PSYoungGen: 173651K->712K(169792K)] 275839K->102947K(856768K), 0.0062950 secs] [Times: user=0.03 sys=0.00, real=0.00 secs] 
2014-07-16T03:40:01.128+0000: 350.216: [GC [PSYoungGen: 169736K->1222K(166976K)] 271971K->103529K(853952K), 0.0046260 secs] [Times: user=0.03 sys=0.00, real=0.00 secs] 
2014-07-16T03:40:01.717+0000: 350.805: [GC [PSYoungGen: 166918K->1558K(164096K)] 269225K->103946K(851072K), 0.0036920 secs] [Times: user=0.02 sys=0.00, real=0.00 secs] 
2014-07-16T03:40:02.306+0000: 351.394: [GC [PSYoungGen: 164054K->766K(160128K)] 266442K->103680K(847104K), 0.0050550 secs] [Times: user=0.03 sys=0.00, real=0.00 secs] 
2014-07-16T03:40:02.880+0000: 351.968: [GC [PSYoungGen: 160093K->1144K(157504K)] 263006K->104146K(844480K), 0.0042640 secs] [Times: user=0.03 sys=0.00, real=0.00 secs] 
2014-07-16T03:40:03.506+0000: 352.595: [GC [PSYoungGen: 157466K->926K(154368K)] 260467K->104042K(841344K), 0.0051780 secs] [Times: user=0.03 sys=0.00, real=0.00 secs] 
2014-07-16T03:40:04.061+0000: 353.149: [GC [PSYoungGen: 154288K->1518K(152128K)] 257404K->104706K(839104K), 0.0038980 secs] [Times: user=0.01 sys=0.00, real=0.00 secs] 
2014-07-16T03:40:04.610+0000: 353.698: [GC [PSYoungGen: 152110K->748K(148608K)] 255298K->103992K(835584K), 0.0049600 secs] [Times: user=0.03 sys=0.00, real=0.00 secs] 
2014-07-16T03:40:05.136+0000: 354.224: [GC [PSYoungGen: 148559K->1136K(146304K)] 251803K->104460K(833280K), 0.0038360 secs] [Times: user=0.01 sys=0.00, real=0.01 secs] 
2014-07-16T03:40:05.656+0000: 354.745: [GC [PSYoungGen: 146288K->730K(143360K)] 249612K->104118K(830336K), 0.0045390 secs] [Times: user=0.02 sys=0.00, real=0.00 secs] 
2014-07-16T03:40:06.171+0000: 355.259: [GC [PSYoungGen: 143274K->834K(140992K)] 246662K->104238K(827968K), 0.0055600 secs] [Times: user=0.01 sys=0.00, real=0.01 secs] 
2014-07-16T03:40:06.674+0000: 355.762: [GC [PSYoungGen: 140930K->1208K(138880K)] 244334K->104676K(825856K), 0.0032760 secs] [Times: user=0.01 sys=0.00, real=0.01 secs] 
2014-07-16T03:40:07.165+0000: 356.253: [GC [PSYoungGen: 138842K->1054K(136384K)] 242310K->104626K(823360K), 0.0044520 secs] [Times: user=0.02 sys=0.00, real=0.01 secs] 
2014-07-16T03:40:07.653+0000: 356.741: [GC [PSYoungGen: 136350K->1062K(134080K)] 239922K->104682K(821056K), 0.0068920 secs] [Times: user=0.04 sys=0.00, real=0.01 secs] 
2014-07-16T03:40:08.200+0000: 357.288: [GC [PSYoungGen: 134054K->1638K(161280K)] 237674K->105322K(848256K), 0.0109190 secs] [Times: user=0.06 sys=0.00, real=0.01 secs] 
2014-07-16T03:40:08.771+0000: 357.859: [GC [PSYoungGen: 161221K->634K(186368K)] 264905K->104884K(873344K), 0.0034440 secs] [Times: user=0.01 sys=0.00, real=0.00 secs] 
2014-07-16T03:40:09.434+0000: 358.523: [GC [PSYoungGen: 186355K->1250K(187520K)] 290605K->105622K(874496K), 0.0064670 secs] [Times: user=0.04 sys=0.00, real=0.01 secs] 
2014-07-16T03:40:10.103+0000: 359.191: [GC [PSYoungGen: 186950K->1190K(183104K)] 291323K->105834K(870080K), 0.0050800 secs] [Times: user=0.01 sys=0.00, real=0.01 secs] 
2014-07-16T03:40:10.756+0000: 359.844: [GC [PSYoungGen: 183067K->722K(178944K)] 287711K->105454K(865920K), 0.0030590 secs] [Times: user=0.01 sys=0.00, real=0.01 secs] 
2014-07-16T03:40:11.397+0000: 360.485: [GC [PSYoungGen: 178872K->1176K(175808K)] 283605K->105996K(862784K), 0.0041190 secs] [Times: user=0.02 sys=0.00, real=0.01 secs] 
2014-07-16T03:40:12.028+0000: 361.117: [GC [PSYoungGen: 175725K->1244K(172352K)] 280545K->106136K(859328K), 0.0069360 secs] [Times: user=0.04 sys=0.00, real=0.00 secs] 
2014-07-16T03:40:12.648+0000: 361.737: [GC [PSYoungGen: 172316K->480K(168192K)] 277208K->105412K(855168K), 0.0076590 secs] [Times: user=0.04 sys=0.00, real=0.00 secs] 
2014-07-16T03:40:13.356+0000: 362.444: [GC [PSYoungGen: 168062K->1788K(166208K)] 272994K->106866K(853184K), 0.0057680 secs] [Times: user=0.03 sys=0.00, real=0.01 secs] 
2014-07-16T03:40:13.911+0000: 362.999: [GC [PSYoungGen: 166204K->690K(161920K)] 271282K->105824K(848896K), 0.0052670 secs] [Times: user=0.02 sys=0.01, real=0.00 secs] 
2014-07-16T03:40:14.486+0000: 363.574: [GC [PSYoungGen: 161867K->876K(159040K)] 267001K->106090K(846016K), 0.0039820 secs] [Times: user=0.02 sys=0.00, real=0.01 secs] 
2014-07-16T03:40:15.059+0000: 364.147: [GC [PSYoungGen: 159020K->626K(155840K)] 264234K->105888K(842816K), 0.0045910 secs] [Times: user=0.02 sys=0.00, real=0.00 secs] 
2014-07-16T03:40:15.620+0000: 364.708: [GC [PSYoungGen: 155794K->866K(187136K)] 261056K->106168K(874112K), 0.0107020 secs] [Times: user=0.05 sys=0.00, real=0.01 secs] 
2014-07-16T03:40:16.301+0000: 365.389: [GC [PSYoungGen: 187106K->626K(217280K)] 292408K->105984K(904256K), 0.0054280 secs] [Times: user=0.02 sys=0.00, real=0.00 secs] 
2014-07-16T03:40:17.089+0000: 366.177: [GC [PSYoungGen: 215986K->1356K(211904K)] 321344K->106778K(898880K), 0.0043770 secs] [Times: user=0.01 sys=0.00, real=0.00 secs] 
2014-07-16T03:40:17.845+0000: 366.933: [GC [PSYoungGen: 211849K->488K(215360K)] 317271K->106152K(902336K), 0.0178400 secs] [Times: user=0.10 sys=0.01, real=0.02 secs] 
2014-07-16T03:40:18.684+0000: 367.772: [GC [PSYoungGen: 215336K->1482K(216768K)] 321000K->107234K(903744K), 0.0040020 secs] [Times: user=0.02 sys=0.00, real=0.00 secs] 
2014-07-16T03:40:19.469+0000: 368.557: [GC [PSYoungGen: 216330K->1456K(259776K)] 322082K->107438K(946752K), 0.0116450 secs] [Times: user=0.06 sys=0.00, real=0.01 secs] 
2014-07-16T03:40:20.376+0000: 369.464: [GC [PSYoungGen: 259248K->886K(252288K)] 365230K->106972K(939264K), 0.0037910 secs] [Times: user=0.02 sys=0.01, real=0.01 secs] 
2014-07-16T03:40:21.282+0000: 370.371: [GC [PSYoungGen: 252242K->1214K(246464K)] 358328K->107356K(933440K), 0.0063360 secs] [Times: user=0.04 sys=0.01, real=0.01 secs] 
2014-07-16T03:40:22.160+0000: 371.249: [GC [PSYoungGen: 246462K->1182K(240512K)] 352604K->107380K(927488K), 0.0075460 secs] [Times: user=0.03 sys=0.00, real=0.00 secs] 
2014-07-16T03:40:23.041+0000: 372.129: [GC [PSYoungGen: 240478K->1274K(234816K)] 346676K->107528K(921792K), 0.0037680 secs] [Times: user=0.02 sys=0.00, real=0.00 secs] 
2014-07-16T03:40:23.891+0000: 372.979: [GC [PSYoungGen: 234810K->690K(228736K)] 341064K->107024K(915712K), 0.0063930 secs] [Times: user=0.03 sys=0.00, real=0.00 secs] 
2014-07-16T03:40:24.706+0000: 373.794: [GC [PSYoungGen: 228722K->608K(223360K)] 335056K->106990K(910336K), 0.0051260 secs] [Times: user=0.01 sys=0.00, real=0.01 secs] 
2014-07-16T03:40:25.507+0000: 374.595: [GC [PSYoungGen: 223317K->936K(218560K)] 329699K->107374K(905536K), 0.0039340 secs] [Times: user=0.01 sys=0.00, real=0.01 secs] 
2014-07-16T03:40:26.290+0000: 375.379: [GC [PSYoungGen: 218536K->1554K(214272K)] 324974K->108056K(901248K), 0.0032530 secs] [Times: user=0.01 sys=0.00, real=0.00 secs] 
2014-07-16T03:40:27.061+0000: 376.149: [GC [PSYoungGen: 214224K->1222K(209152K)] 320726K->107796K(896128K), 0.0049130 secs] [Times: user=0.02 sys=0.00, real=0.00 secs] 
2014-07-16T03:40:27.797+0000: 376.885: [GC [PSYoungGen: 209094K->1004K(204288K)] 315668K->107758K(891264K), 0.0030650 secs] [Times: user=0.02 sys=0.00, real=0.01 secs] 
2014-07-16T03:40:28.590+0000: 377.679: [GC [PSYoungGen: 204268K->1828K(200640K)] 311022K->108678K(887616K), 0.0078680 secs] [Times: user=0.03 sys=0.01, real=0.00 secs] 
2014-07-16T03:40:29.248+0000: 378.336: [GC [PSYoungGen: 200612K->884K(195392K)] 307462K->108036K(882368K), 0.0118570 secs] [Times: user=0.07 sys=0.00, real=0.01 secs] 
2014-07-16T03:40:29.959+0000: 379.047: [GC [PSYoungGen: 195373K->1236K(191616K)] 302525K->108428K(878592K), 0.0037590 secs] [Times: user=0.02 sys=0.00, real=0.01 secs] 
2014-07-16T03:40:30.643+0000: 379.732: [GC [PSYoungGen: 191570K->1072K(187392K)] 298763K->108428K(874368K), 0.0056790 secs] [Times: user=0.02 sys=0.00, real=0.00 secs] 
2014-07-16T03:40:31.326+0000: 380.414: [GC [PSYoungGen: 187358K->1008K(183424K)] 294715K->108428K(870400K), 0.0069330 secs] [Times: user=0.04 sys=0.00, real=0.01 secs] 
2014-07-16T03:40:31.988+0000: 381.076: [GC [PSYoungGen: 183404K->1286K(179968K)] 290824K->108754K(866944K), 0.0037420 secs] [Times: user=0.02 sys=0.00, real=0.01 secs] 
2014-07-16T03:40:32.651+0000: 381.739: [GC [PSYoungGen: 179910K->1178K(176192K)] 287378K->108702K(863168K), 0.0078740 secs] [Times: user=0.03 sys=0.00, real=0.00 secs] 
2014-07-16T03:40:33.251+0000: 382.339: [GC [PSYoungGen: 176154K->994K(172480K)] 283678K->108566K(859456K), 0.0039900 secs] [Times: user=0.01 sys=0.00, real=0.00 secs] 
2014-07-16T03:40:33.892+0000: 382.980: [GC [PSYoungGen: 172450K->576K(168640K)] 280022K->108188K(855616K), 0.0071480 secs] [Times: user=0.01 sys=0.00, real=0.00 secs] 
2014-07-16T03:40:34.491+0000: 383.579: [GC [PSYoungGen: 168640K->1186K(166016K)] 276252K->108902K(852992K), 0.0045230 secs] [Times: user=0.02 sys=0.00, real=0.00 secs] 
2014-07-16T03:40:35.091+0000: 384.179: [GC [PSYoungGen: 165986K->530K(162176K)] 273702K->108350K(849152K), 0.0032980 secs] [Times: user=0.02 sys=0.01, real=0.00 secs] 
2014-07-16T03:40:35.675+0000: 384.763: [GC [PSYoungGen: 162130K->822K(159360K)] 269950K->108730K(846336K), 0.0025820 secs] [Times: user=0.01 sys=0.00, real=0.00 secs] 
2014-07-16T03:40:36.232+0000: 385.320: [GC [PSYoungGen: 159330K->826K(156352K)] 267239K->108798K(843328K), 0.0057550 secs] [Times: user=0.03 sys=0.00, real=0.00 secs] 
2014-07-16T03:40:36.786+0000: 385.875: [GC [PSYoungGen: 156346K->1258K(153920K)] 264318K->109286K(840896K), 0.0031080 secs] [Times: user=0.02 sys=0.00, real=0.00 secs] 
2014-07-16T03:40:37.340+0000: 386.428: [GC [PSYoungGen: 153898K->1026K(150912K)] 261926K->109134K(837888K), 0.0050100 secs] [Times: user=0.03 sys=0.00, real=0.01 secs] 
2014-07-16T03:40:37.882+0000: 386.970: [GC [PSYoungGen: 150850K->780K(147904K)] 258958K->108928K(834880K), 0.0052480 secs] [Times: user=0.02 sys=0.00, real=0.00 secs] 
2014-07-16T03:40:38.411+0000: 387.499: [GC [PSYoungGen: 147852K->480K(144960K)] 256000K->108684K(831936K), 0.0047920 secs] [Times: user=0.02 sys=0.00, real=0.01 secs] 
2014-07-16T03:40:38.994+0000: 388.082: [GC [PSYoungGen: 144912K->1658K(143552K)] 253116K->110300K(830528K), 0.0048870 secs] [Times: user=0.03 sys=0.00, real=0.00 secs] 
2014-07-16T03:40:39.472+0000: 388.560: [GC [PSYoungGen: 143546K->1122K(140544K)] 252188K->109860K(827520K), 0.0030730 secs] [Times: user=0.01 sys=0.00, real=0.00 secs] 
2014-07-16T03:40:39.972+0000: 389.060: [GC [PSYoungGen: 140514K->1336K(138304K)] 249252K->110412K(825280K), 0.0040240 secs] [Times: user=0.01 sys=0.00, real=0.00 secs] 
2014-07-16T03:40:40.473+0000: 389.561: [GC [PSYoungGen: 138252K->1154K(135808K)] 247328K->110310K(822784K), 0.0052090 secs] [Times: user=0.03 sys=0.00, real=0.00 secs] 
2014-07-16T03:40:40.964+0000: 390.052: [GC [PSYoungGen: 135746K->990K(133312K)] 244902K->110234K(820288K), 0.0047380 secs] [Times: user=0.02 sys=0.00, real=0.00 secs] 
2014-07-16T03:40:41.509+0000: 390.597: [GC [PSYoungGen: 133278K->1172K(131264K)] 242522K->110504K(818240K), 0.0047960 secs] [Times: user=0.03 sys=0.00, real=0.01 secs] 
2014-07-16T03:40:41.975+0000: 391.063: [GC [PSYoungGen: 131219K->1546K(129472K)] 240552K->110982K(816448K), 0.0032890 secs] [Times: user=0.01 sys=0.01, real=0.00 secs] 
2014-07-16T03:40:42.432+0000: 391.521: [GC [PSYoungGen: 129379K->1208K(126976K)] 238816K->110716K(813952K), 0.0060660 secs] [Times: user=0.04 sys=0.00, real=0.00 secs] 
2014-07-16T03:40:42.889+0000: 391.977: [GC [PSYoungGen: 126968K->1040K(152000K)] 236476K->110636K(838976K), 0.0064790 secs] [Times: user=0.03 sys=0.01, real=0.01 secs] 
2014-07-16T03:40:43.436+0000: 392.525: [GC [PSYoungGen: 151937K->894K(182016K)] 261534K->110570K(868992K), 0.0055080 secs] [Times: user=0.04 sys=0.00, real=0.01 secs] 
2014-07-16T03:40:44.124+0000: 393.212: [GC [PSYoungGen: 181984K->1072K(178496K)] 291661K->110804K(865472K), 0.0062800 secs] [Times: user=0.04 sys=0.00, real=0.00 secs] 
2014-07-16T03:40:44.742+0000: 393.830: [GC [PSYoungGen: 178480K->822K(174656K)] 288212K->110658K(861632K), 0.0042830 secs] [Times: user=0.02 sys=0.00, real=0.01 secs] 
2014-07-16T03:40:45.365+0000: 394.453: [GC [PSYoungGen: 174626K->990K(171392K)] 284463K->110906K(858368K), 0.0046470 secs] [Times: user=0.02 sys=0.00, real=0.00 secs] 
2014-07-16T03:40:45.984+0000: 395.073: [GC [PSYoungGen: 171358K->562K(167616K)] 281274K->110542K(854592K), 0.0028130 secs] [Times: user=0.02 sys=0.00, real=0.00 secs] 
2014-07-16T03:40:46.583+0000: 395.671: [GC [PSYoungGen: 167602K->630K(164416K)] 277582K->110682K(851392K), 0.0034730 secs] [Times: user=0.03 sys=0.00, real=0.00 secs] 
2014-07-16T03:40:47.176+0000: 396.264: [GC [PSYoungGen: 164406K->1122K(161792K)] 274458K->111246K(848768K), 0.0031450 secs] [Times: user=0.01 sys=0.00, real=0.00 secs] 
2014-07-16T03:40:47.762+0000: 396.851: [GC [PSYoungGen: 161762K->826K(158400K)] 271886K->110998K(845376K), 0.0049400 secs] [Times: user=0.03 sys=0.00, real=0.00 secs] 
2014-07-16T03:40:48.310+0000: 397.398: [GC [PSYoungGen: 158394K->1054K(155712K)] 268566K->111306K(842688K), 0.0037500 secs] [Times: user=0.02 sys=0.00, real=0.01 secs] 
2014-07-16T03:40:48.940+0000: 398.029: [GC [PSYoungGen: 155660K->1054K(152832K)] 265912K->111378K(839808K), 0.0045250 secs] [Times: user=0.03 sys=0.00, real=0.01 secs] 
2014-07-16T03:40:49.456+0000: 398.544: [GC [PSYoungGen: 152778K->1172K(150208K)] 263102K->111560K(837184K), 0.0041140 secs] [Times: user=0.02 sys=0.00, real=0.00 secs] 
2014-07-16T03:40:50.008+0000: 399.096: [GC [PSYoungGen: 150164K->940K(147264K)] 260552K->111558K(834240K), 0.0049240 secs] [Times: user=0.03 sys=0.00, real=0.00 secs] 
2014-07-16T03:40:50.527+0000: 399.616: [GC [PSYoungGen: 147224K->1268K(144960K)] 257843K->111966K(831936K), 0.0044880 secs] [Times: user=0.02 sys=0.01, real=0.00 secs] 
2014-07-16T03:40:51.056+0000: 400.144: [GC [PSYoungGen: 144948K->850K(142016K)] 255646K->111636K(828992K), 0.0027440 secs] [Times: user=0.02 sys=0.01, real=0.00 secs] 
2014-07-16T03:40:51.578+0000: 400.666: [GC [PSYoungGen: 141970K->562K(139200K)] 252756K->111396K(826176K), 0.0070340 secs] [Times: user=0.04 sys=0.01, real=0.01 secs] 
2014-07-16T03:40:52.084+0000: 401.172: [GC [PSYoungGen: 139186K->1142K(137408K)] 250020K->112064K(824384K), 0.0029570 secs] [Times: user=0.02 sys=0.00, real=0.00 secs] 
2014-07-16T03:40:52.580+0000: 401.668: [GC [PSYoungGen: 137398K->836K(134848K)] 248320K->111822K(821824K), 0.0034560 secs] [Times: user=0.01 sys=0.00, real=0.01 secs] 
2014-07-16T03:40:53.072+0000: 402.161: [GC [PSYoungGen: 134788K->754K(132480K)] 245774K->111836K(819456K), 0.0041790 secs] [Times: user=0.02 sys=0.00, real=0.01 secs] 
2014-07-16T03:40:53.541+0000: 402.629: [GC [PSYoungGen: 132444K->818K(130368K)] 243527K->111972K(817344K), 0.0035540 secs] [Times: user=0.01 sys=0.00, real=0.01 secs] 
2014-07-16T03:40:54.101+0000: 403.189: [GC [PSYoungGen: 130354K->826K(128256K)] 241508K->112036K(815232K), 0.0036940 secs] [Times: user=0.01 sys=0.00, real=0.01 secs] 
2014-07-16T03:40:54.528+0000: 403.616: [GC [PSYoungGen: 128250K->1322K(126720K)] 239460K->112596K(813696K), 0.0031860 secs] [Times: user=0.01 sys=0.00, real=0.00 secs] 
2014-07-16T03:40:54.989+0000: 404.077: [GC [PSYoungGen: 126670K->958K(151424K)] 237944K->112330K(838400K), 0.0092830 secs] [Times: user=0.06 sys=0.00, real=0.01 secs] 
2014-07-16T03:40:55.544+0000: 404.632: [GC [PSYoungGen: 151383K->854K(148608K)] 262755K->112290K(835584K), 0.0035150 secs] [Times: user=0.02 sys=0.00, real=0.00 secs] 
2014-07-16T03:40:56.082+0000: 405.170: [GC [PSYoungGen: 148559K->1376K(146432K)] 259996K->112902K(833408K), 0.0066550 secs] [Times: user=0.03 sys=0.00, real=0.01 secs] 
2014-07-16T03:40:56.612+0000: 405.700: [GC [PSYoungGen: 146400K->1422K(143936K)] 257926K->112996K(830912K), 0.0041390 secs] [Times: user=0.02 sys=0.00, real=0.01 secs] 
2014-07-16T03:40:57.113+0000: 406.202: [GC [PSYoungGen: 143886K->484K(140480K)] 255460K->112414K(827456K), 0.0027450 secs] [Times: user=0.01 sys=0.00, real=0.01 secs] 
2014-07-16T03:40:57.614+0000: 406.702: [GC [PSYoungGen: 140452K->808K(138368K)] 252382K->112802K(825344K), 0.0057390 secs] [Times: user=0.03 sys=0.00, real=0.01 secs] 
2014-07-16T03:40:58.103+0000: 407.191: [GC [PSYoungGen: 138340K->954K(136128K)] 250335K->113128K(823104K), 0.0052110 secs] [Times: user=0.03 sys=0.01, real=0.01 secs] 
2014-07-16T03:40:58.586+0000: 407.674: [GC [PSYoungGen: 136121K->1326K(163584K)] 248296K->113548K(850560K), 0.0074290 secs] [Times: user=0.05 sys=0.01, real=0.00 secs] 
2014-07-16T03:40:59.222+0000: 408.310: [GC [PSYoungGen: 163566K->1080K(195776K)] 275788K->113482K(882752K), 0.0054500 secs] [Times: user=0.03 sys=0.00, real=0.01 secs] 
2014-07-16T03:40:59.913+0000: 409.001: [GC [PSYoungGen: 195768K->690K(212992K)] 308170K->113156K(899968K), 0.0072760 secs] [Times: user=0.04 sys=0.00, real=0.01 secs] 
2014-07-16T03:41:00.677+0000: 409.765: [GC [PSYoungGen: 211928K->1268K(207808K)] 324395K->113872K(894784K), 0.0028830 secs] [Times: user=0.01 sys=0.00, real=0.00 secs] 
2014-07-16T03:41:01.428+0000: 410.516: [GC [PSYoungGen: 207796K->918K(202944K)] 320400K->113562K(889920K), 0.0090450 secs] [Times: user=0.04 sys=0.00, real=0.01 secs] 
2014-07-16T03:41:02.159+0000: 411.248: [GC [PSYoungGen: 202902K->1154K(198784K)] 315546K->113886K(885760K), 0.0035330 secs] [Times: user=0.02 sys=0.00, real=0.00 secs] 
2014-07-16T03:41:02.874+0000: 411.962: [GC [PSYoungGen: 198722K->1658K(195008K)] 311454K->114479K(881984K), 0.0030690 secs] [Times: user=0.01 sys=0.00, real=0.01 secs] 
2014-07-16T03:41:03.577+0000: 412.665: [GC [PSYoungGen: 195002K->492K(189760K)] 307823K->114313K(876736K), 0.0035500 secs] [Times: user=0.02 sys=0.00, real=0.00 secs] 
2014-07-16T03:41:04.315+0000: 413.404: [GC [PSYoungGen: 189740K->1632K(186944K)] 303561K->115517K(873920K), 0.0041010 secs] [Times: user=0.02 sys=0.00, real=0.00 secs] 
2014-07-16T03:41:04.968+0000: 414.056: [GC [PSYoungGen: 186912K->1050K(182528K)] 300797K->115421K(869504K), 0.0041310 secs] [Times: user=0.01 sys=0.00, real=0.00 secs] 
2014-07-16T03:41:05.635+0000: 414.724: [GC [PSYoungGen: 182490K->854K(178624K)] 296861K->115313K(865600K), 0.0055950 secs] [Times: user=0.03 sys=0.00, real=0.00 secs] 
2014-07-16T03:41:06.267+0000: 415.356: [GC [PSYoungGen: 178582K->850K(175040K)] 293041K->115389K(862016K), 0.0042390 secs] [Times: user=0.02 sys=0.00, real=0.00 secs] 
2014-07-16T03:41:06.881+0000: 415.969: [GC [PSYoungGen: 174994K->1176K(171904K)] 289533K->115771K(858880K), 0.0061720 secs] [Times: user=0.04 sys=0.00, real=0.01 secs] 
2014-07-16T03:41:07.508+0000: 416.596: [GC [PSYoungGen: 171864K->1008K(168320K)] 286459K->115683K(855296K), 0.0052130 secs] [Times: user=0.02 sys=0.00, real=0.00 secs] 
2014-07-16T03:41:08.116+0000: 417.205: [GC [PSYoungGen: 168303K->1126K(165184K)] 282978K->115865K(852160K), 0.0053330 secs] [Times: user=0.03 sys=0.01, real=0.00 secs] 
2014-07-16T03:41:08.713+0000: 417.801: [GC [PSYoungGen: 165158K->998K(161920K)] 279897K->115769K(848896K), 0.0039330 secs] [Times: user=0.01 sys=0.00, real=0.01 secs] 
2014-07-16T03:41:09.356+0000: 418.444: [GC [PSYoungGen: 161894K->768K(158592K)] 276665K->115635K(845568K), 0.0042520 secs] [Times: user=0.02 sys=0.00, real=0.00 secs] 
2014-07-16T03:41:09.917+0000: 419.005: [GC [PSYoungGen: 158592K->1340K(156224K)] 273459K->116271K(843200K), 0.0050100 secs] [Times: user=0.03 sys=0.00, real=0.00 secs] 
2014-07-16T03:41:10.475+0000: 419.564: [GC [PSYoungGen: 156220K->908K(152960K)] 271151K->115903K(839936K), 0.0054750 secs] [Times: user=0.03 sys=0.01, real=0.01 secs] 
2014-07-16T03:41:11.033+0000: 420.121: [GC [PSYoungGen: 152877K->1318K(183744K)] 267872K->116567K(870720K), 0.0129480 secs] [Times: user=0.07 sys=0.01, real=0.02 secs] 
2014-07-16T03:41:11.692+0000: 420.780: [GC [PSYoungGen: 183682K->1050K(219968K)] 298931K->116379K(906944K), 0.0100870 secs] [Times: user=0.04 sys=0.01, real=0.01 secs] 
2014-07-16T03:41:12.486+0000: 421.574: [GC [PSYoungGen: 219930K->594K(222208K)] 335259K->115987K(909184K), 0.0058330 secs] [Times: user=0.03 sys=0.00, real=0.00 secs] 
2014-07-16T03:41:13.289+0000: 422.377: [GC [PSYoungGen: 221458K->912K(216768K)] 336851K->116385K(903744K), 0.0052950 secs] [Times: user=0.03 sys=0.00, real=0.00 secs] 
2014-07-16T03:41:14.078+0000: 423.166: [GC [PSYoungGen: 216720K->836K(211840K)] 332193K->116373K(898816K), 0.0032370 secs] [Times: user=0.02 sys=0.00, real=0.00 secs] 
2014-07-16T03:41:14.904+0000: 423.993: [GC [PSYoungGen: 211780K->990K(207232K)] 327317K->116591K(894208K), 0.0044450 secs] [Times: user=0.02 sys=0.00, real=0.01 secs] 
2014-07-16T03:41:15.659+0000: 424.747: [GC [PSYoungGen: 207198K->894K(202560K)] 322799K->116567K(889536K), 0.0071860 secs] [Times: user=0.04 sys=0.00, real=0.00 secs] 
2014-07-16T03:41:16.400+0000: 425.488: [GC [PSYoungGen: 202552K->1394K(198656K)] 318225K->117163K(885632K), 0.0055640 secs] [Times: user=0.03 sys=0.00, real=0.00 secs] 
2014-07-16T03:41:17.131+0000: 426.219: [GC [PSYoungGen: 198642K->1086K(194112K)] 314411K->116911K(881088K), 0.0055850 secs] [Times: user=0.04 sys=0.00, real=0.00 secs] 
2014-07-16T03:41:17.822+0000: 426.910: [GC [PSYoungGen: 194106K->1322K(190272K)] 309932K->117243K(877248K), 0.0050310 secs] [Times: user=0.03 sys=0.00, real=0.00 secs] 
2014-07-16T03:41:18.514+0000: 427.602: [GC [PSYoungGen: 190233K->940K(185920K)] 306154K->117121K(872896K), 0.0057140 secs] [Times: user=0.03 sys=0.00, real=0.01 secs] 
2014-07-16T03:41:19.175+0000: 428.263: [GC [PSYoungGen: 185867K->1244K(182400K)] 302048K->117513K(869376K), 0.0048360 secs] [Times: user=0.03 sys=0.00, real=0.01 secs] 
2014-07-16T03:41:19.818+0000: 428.907: [GC [PSYoungGen: 182364K->922K(178368K)] 298633K->117363K(865344K), 0.0028920 secs] [Times: user=0.01 sys=0.00, real=0.00 secs] 
2014-07-16T03:41:20.448+0000: 429.536: [GC [PSYoungGen: 178308K->1032K(174912K)] 294749K->117561K(861888K), 0.0059880 secs] [Times: user=0.04 sys=0.01, real=0.00 secs] 
2014-07-16T03:41:21.080+0000: 430.168: [GC [PSYoungGen: 174856K->736K(171136K)] 291385K->117385K(858112K), 0.0049740 secs] [Times: user=0.02 sys=0.00, real=0.00 secs] 
2014-07-16T03:41:21.706+0000: 430.794: [GC [PSYoungGen: 171104K->914K(168000K)] 287753K->117619K(854976K), 0.0060190 secs] [Times: user=0.02 sys=0.00, real=0.01 secs] 
2014-07-16T03:41:22.309+0000: 431.397: [GC [PSYoungGen: 167954K->1104K(164928K)] 284659K->117889K(851904K), 0.0032610 secs] [Times: user=0.02 sys=0.00, real=0.00 secs] 
2014-07-16T03:41:22.931+0000: 432.019: [GC [PSYoungGen: 164880K->1586K(162240K)] 281665K->118725K(849216K), 0.0039360 secs] [Times: user=0.01 sys=0.00, real=0.00 secs] 
2014-07-16T03:41:23.494+0000: 432.583: [GC [PSYoungGen: 162204K->488K(158080K)] 279344K->118150K(845056K), 0.0044200 secs] [Times: user=0.02 sys=0.00, real=0.01 secs] 
2014-07-16T03:41:24.065+0000: 433.153: [GC [PSYoungGen: 158056K->1784K(156416K)] 275718K->119626K(843392K), 0.0077050 secs] [Times: user=0.05 sys=0.00, real=0.01 secs] 
2014-07-16T03:41:24.814+0000: 433.902: [GC [PSYoungGen: 156389K->994K(152768K)] 274231K->119256K(839744K), 0.0062130 secs] [Times: user=0.04 sys=0.01, real=0.01 secs] 
2014-07-16T03:41:25.289+0000: 434.378: [GC [PSYoungGen: 152737K->1322K(150336K)] 271000K->119696K(837312K), 0.0034380 secs] [Times: user=0.01 sys=0.00, real=0.00 secs] 
2014-07-16T03:41:25.827+0000: 434.916: [GC [PSYoungGen: 150314K->1300K(147648K)] 268688K->119746K(834624K), 0.0033680 secs] [Times: user=0.02 sys=0.00, real=0.01 secs] 
2014-07-16T03:41:26.344+0000: 435.432: [GC [PSYoungGen: 147604K->908K(144640K)] 266050K->119426K(831616K), 0.0065180 secs] [Times: user=0.04 sys=0.00, real=0.01 secs] 
2014-07-16T03:41:26.876+0000: 435.964: [GC [PSYoungGen: 144550K->1072K(142208K)] 263069K->119646K(829184K), 0.0039420 secs] [Times: user=0.02 sys=0.00, real=0.01 secs] 
2014-07-16T03:41:27.391+0000: 436.479: [GC [PSYoungGen: 142192K->1040K(139712K)] 260766K->119670K(826688K), 0.0073370 secs] [Times: user=0.04 sys=0.00, real=0.01 secs] 
2014-07-16T03:41:27.893+0000: 436.981: [GC [PSYoungGen: 139664K->544K(166976K)] 258294K->119246K(853952K), 0.0069150 secs] [Times: user=0.04 sys=0.00, real=0.01 secs] 
2014-07-16T03:41:28.489+0000: 437.577: [GC [PSYoungGen: 166944K->1118K(164288K)] 285646K->119900K(851264K), 0.0049600 secs] [Times: user=0.04 sys=0.00, real=0.00 secs] 
2014-07-16T03:41:29.073+0000: 438.161: [GC [PSYoungGen: 164254K->694K(160704K)] 283036K->119572K(847680K), 0.0063670 secs] [Times: user=0.04 sys=0.00, real=0.01 secs] 
2014-07-16T03:41:29.710+0000: 438.798: [GC [PSYoungGen: 160694K->1050K(158080K)] 279572K->120016K(845056K), 0.0043110 secs] [Times: user=0.02 sys=0.00, real=0.00 secs] 
2014-07-16T03:41:30.249+0000: 439.337: [GC [PSYoungGen: 158042K->1136K(155200K)] 277008K->120182K(842176K), 0.0036910 secs] [Times: user=0.02 sys=0.00, real=0.00 secs] 
2014-07-16T03:41:30.800+0000: 439.888: [GC [PSYoungGen: 155183K->690K(151872K)] 274230K->119808K(838848K), 0.0071440 secs] [Times: user=0.03 sys=0.00, real=0.00 secs] 
2014-07-16T03:41:31.369+0000: 440.457: [GC [PSYoungGen: 151847K->922K(149376K)] 270965K->120120K(836352K), 0.0059890 secs] [Times: user=0.04 sys=0.00, real=0.00 secs] 
2014-07-16T03:41:31.914+0000: 441.002: [GC [PSYoungGen: 149312K->1062K(146816K)] 268511K->120316K(833792K), 0.0055390 secs] [Times: user=0.03 sys=0.00, real=0.01 secs] 
2014-07-16T03:41:32.441+0000: 441.529: [GC [PSYoungGen: 146789K->758K(175680K)] 266044K->120100K(862656K), 0.0074460 secs] [Times: user=0.05 sys=0.00, real=0.00 secs] 
2014-07-16T03:41:33.103+0000: 442.191: [GC [PSYoungGen: 175670K->914K(172352K)] 295012K->120344K(859328K), 0.0051930 secs] [Times: user=0.03 sys=0.00, real=0.00 secs] 
2014-07-16T03:41:33.704+0000: 442.792: [GC [PSYoungGen: 172306K->530K(168576K)] 291736K->120032K(855552K), 0.0043780 secs] [Times: user=0.02 sys=0.00, real=0.00 secs] 
2014-07-16T03:41:34.310+0000: 443.398: [GC [PSYoungGen: 168530K->1350K(166144K)] 288032K->120916K(853120K), 0.0032370 secs] [Times: user=0.01 sys=0.00, real=0.00 secs] 
2014-07-16T03:41:34.960+0000: 444.048: [GC [PSYoungGen: 166037K->1036K(162624K)] 285604K->120658K(849600K), 0.0039910 secs] [Times: user=0.02 sys=0.00, real=0.01 secs] 
2014-07-16T03:41:35.495+0000: 444.583: [GC [PSYoungGen: 162571K->744K(159232K)] 282194K->120438K(846208K), 0.0045820 secs] [Times: user=0.02 sys=0.00, real=0.00 secs] 
2014-07-16T03:41:36.072+0000: 445.160: [GC [PSYoungGen: 159208K->844K(156352K)] 278902K->120610K(843328K), 0.0037170 secs] [Times: user=0.02 sys=0.00, real=0.00 secs] 
2014-07-16T03:41:36.639+0000: 445.727: [GC [PSYoungGen: 156300K->1476K(154112K)] 276066K->121314K(841088K), 0.0031350 secs] [Times: user=0.02 sys=0.00, real=0.01 secs] 
2014-07-16T03:41:37.200+0000: 446.289: [GC [PSYoungGen: 154045K->680K(150464K)] 273884K->120648K(837440K), 0.0057650 secs] [Times: user=0.02 sys=0.00, real=0.00 secs] 
2014-07-16T03:41:37.745+0000: 446.834: [GC [PSYoungGen: 150440K->990K(148096K)] 270408K->121038K(835072K), 0.0037480 secs] [Times: user=0.02 sys=0.00, real=0.00 secs] 
2014-07-16T03:41:38.294+0000: 447.383: [GC [PSYoungGen: 148062K->1172K(145664K)] 268110K->121332K(832640K), 0.0062080 secs] [Times: user=0.04 sys=0.00, real=0.01 secs] 
2014-07-16T03:41:38.821+0000: 447.910: [GC [PSYoungGen: 145620K->996K(142912K)] 265780K->121228K(829888K), 0.0032590 secs] [Times: user=0.02 sys=0.00, real=0.00 secs] 
2014-07-16T03:41:39.338+0000: 448.426: [GC [PSYoungGen: 142884K->1004K(140416K)] 263116K->121300K(827392K), 0.0061860 secs] [Times: user=0.04 sys=0.00, real=0.01 secs] 
2014-07-16T03:41:39.887+0000: 448.975: [GC [PSYoungGen: 140395K->1054K(138048K)] 260691K->121438K(825024K), 0.0048060 secs] [Times: user=0.03 sys=0.00, real=0.01 secs] 
2014-07-16T03:41:40.377+0000: 449.466: [GC [PSYoungGen: 137935K->1012K(165376K)] 258319K->121508K(852352K), 0.0135980 secs] [Times: user=0.07 sys=0.00, real=0.02 secs] 
2014-07-16T03:41:40.989+0000: 450.077: [GC [PSYoungGen: 165363K->930K(193088K)] 285859K->121490K(880064K), 0.0039400 secs] [Times: user=0.02 sys=0.00, real=0.01 secs] 
2014-07-16T03:41:41.704+0000: 450.792: [GC [PSYoungGen: 192524K->976K(188608K)] 313085K->121608K(875584K), 0.0030490 secs] [Times: user=0.01 sys=0.01, real=0.00 secs] 
2014-07-16T03:41:42.388+0000: 451.476: [GC [PSYoungGen: 188560K->1104K(184832K)] 309192K->121832K(871808K), 0.0035060 secs] [Times: user=0.01 sys=0.00, real=0.01 secs] 
2014-07-16T03:41:43.085+0000: 452.173: [GC [PSYoungGen: 184767K->676K(180608K)] 305496K->121492K(867584K), 0.0042050 secs] [Times: user=0.02 sys=0.00, real=0.00 secs] 
2014-07-16T03:41:43.753+0000: 452.842: [GC [PSYoungGen: 180541K->908K(177216K)] 301358K->121788K(864192K), 0.0050710 secs] [Times: user=0.02 sys=0.00, real=0.00 secs] 
2014-07-16T03:41:44.398+0000: 453.486: [GC [PSYoungGen: 177164K->740K(173504K)] 298044K->121700K(860480K), 0.0052860 secs] [Times: user=0.03 sys=0.00, real=0.01 secs] 
2014-07-16T03:41:45.026+0000: 454.114: [GC [PSYoungGen: 173451K->1392K(170688K)] 294411K->122474K(857664K), 0.0076030 secs] [Times: user=0.05 sys=0.00, real=0.01 secs] 
2014-07-16T03:41:45.621+0000: 454.710: [GC [PSYoungGen: 170647K->702K(195456K)] 291730K->122076K(882432K), 0.0084230 secs] [Times: user=0.06 sys=0.00, real=0.00 secs] 
2014-07-16T03:41:46.316+0000: 455.405: [GC [PSYoungGen: 195454K->868K(191488K)] 316828K->122306K(878464K), 0.0032260 secs] [Times: user=0.01 sys=0.00, real=0.00 secs] 
2014-07-16T03:41:47.007+0000: 456.095: [GC [PSYoungGen: 191460K->702K(187264K)] 312898K->122724K(874240K), 0.0029740 secs] [Times: user=0.02 sys=0.00, real=0.00 secs] 
2014-07-16T03:41:47.665+0000: 456.753: [GC [PSYoungGen: 187262K->548K(183232K)] 309284K->122642K(870208K), 0.0052210 secs] [Times: user=0.03 sys=0.00, real=0.00 secs] 
2014-07-16T03:41:48.330+0000: 457.418: [GC [PSYoungGen: 183204K->708K(179648K)] 305298K->123022K(866624K), 0.0046860 secs] [Times: user=0.03 sys=0.00, real=0.01 secs] 
2014-07-16T03:41:48.969+0000: 458.057: [GC [PSYoungGen: 179540K->630K(193280K)] 301855K->122992K(880256K), 0.0141370 secs] [Times: user=0.09 sys=0.00, real=0.02 secs] 
2014-07-16T03:41:49.709+0000: 458.797: [GC [PSYoungGen: 192310K->1170K(188864K)] 314672K->123620K(875840K), 0.0040290 secs] [Times: user=0.01 sys=0.00, real=0.01 secs] 
2014-07-16T03:41:50.340+0000: 459.428: [GC [PSYoungGen: 188818K->840K(184640K)] 311268K->123378K(871616K), 0.0039250 secs] [Times: user=0.01 sys=0.00, real=0.01 secs] 
2014-07-16T03:41:51.007+0000: 460.095: [GC [PSYoungGen: 184584K->1140K(181120K)] 307122K->124175K(868096K), 0.0032600 secs] [Times: user=0.02 sys=0.00, real=0.00 secs] 
2014-07-16T03:41:51.652+0000: 460.740: [GC [PSYoungGen: 181108K->876K(177216K)] 304143K->123983K(864192K), 0.0034140 secs] [Times: user=0.02 sys=0.00, real=0.01 secs] 
2014-07-16T03:41:52.282+0000: 461.370: [GC [PSYoungGen: 177189K->722K(173568K)] 300296K->123940K(860544K), 0.0028910 secs] [Times: user=0.01 sys=0.01, real=0.00 secs] 
2014-07-16T03:41:52.913+0000: 462.001: [GC [PSYoungGen: 173522K->448K(169792K)] 296740K->123714K(856768K), 0.0077910 secs] [Times: user=0.05 sys=0.00, real=0.00 secs] 
2014-07-16T03:41:53.519+0000: 462.607: [GC [PSYoungGen: 169792K->822K(166848K)] 293058K->124168K(853824K), 0.0029740 secs] [Times: user=0.01 sys=0.00, real=0.00 secs] 
2014-07-16T03:41:54.118+0000: 463.206: [GC [PSYoungGen: 166838K->912K(163776K)] 290184K->124315K(850752K), 0.0063020 secs] [Times: user=0.03 sys=0.01, real=0.01 secs] 
2014-07-16T03:41:54.760+0000: 463.848: [GC [PSYoungGen: 163725K->1574K(161280K)] 287128K->125391K(848256K), 0.0049310 secs] [Times: user=0.03 sys=0.01, real=0.01 secs] 
2014-07-16T03:41:55.285+0000: 464.374: [GC [PSYoungGen: 161254K->1114K(157824K)] 285071K->125011K(844800K), 0.0063730 secs] [Times: user=0.03 sys=0.00, real=0.00 secs] 
2014-07-16T03:41:55.843+0000: 464.931: [GC [PSYoungGen: 157786K->1144K(154880K)] 281683K->125319K(841856K), 0.0065450 secs] [Times: user=0.04 sys=0.00, real=0.00 secs] 
2014-07-16T03:41:56.415+0000: 465.504: [GC [PSYoungGen: 154824K->926K(151872K)] 278999K->125149K(838848K), 0.0071490 secs] [Times: user=0.04 sys=0.00, real=0.00 secs] 
2014-07-16T03:41:56.968+0000: 466.056: [GC [PSYoungGen: 151838K->836K(149056K)] 276061K->125171K(836032K), 0.0055970 secs] [Times: user=0.04 sys=0.00, real=0.01 secs] 
2014-07-16T03:41:57.502+0000: 466.590: [GC [PSYoungGen: 148996K->626K(178432K)] 273331K->125041K(865408K), 0.0058660 secs] [Times: user=0.03 sys=0.00, real=0.01 secs] 
2014-07-16T03:41:58.149+0000: 467.237: [GC [PSYoungGen: 178417K->740K(174976K)] 302832K->125251K(861952K), 0.0058480 secs] [Times: user=0.04 sys=0.01, real=0.01 secs] 
2014-07-16T03:41:58.787+0000: 467.875: [GC [PSYoungGen: 174933K->766K(171520K)] 299444K->125317K(858496K), 0.0033050 secs] [Times: user=0.01 sys=0.00, real=0.00 secs] 
2014-07-16T03:41:59.411+0000: 468.499: [GC [PSYoungGen: 171518K->862K(168256K)] 296069K->125485K(855232K), 0.0050640 secs] [Times: user=0.03 sys=0.00, real=0.01 secs] 
2014-07-16T03:42:00.016+0000: 469.104: [GC [PSYoungGen: 168222K->808K(164928K)] 292845K->125527K(851904K), 0.0039820 secs] [Times: user=0.03 sys=0.00, real=0.00 secs] 
2014-07-16T03:42:00.602+0000: 469.690: [GC [PSYoungGen: 164904K->1512K(162496K)] 289623K->126295K(849472K), 0.0057980 secs] [Times: user=0.04 sys=0.00, real=0.01 secs] 
2014-07-16T03:42:01.176+0000: 470.264: [GC [PSYoungGen: 162472K->1340K(159232K)] 287255K->126211K(846208K), 0.0033290 secs] [Times: user=0.01 sys=0.00, real=0.00 secs] 
2014-07-16T03:42:01.752+0000: 470.841: [GC [PSYoungGen: 159228K->752K(155712K)] 284099K->125913K(842688K), 0.0030980 secs] [Times: user=0.01 sys=0.00, real=0.01 secs] 
2014-07-16T03:42:02.303+0000: 471.391: [GC [PSYoungGen: 155695K->1272K(153344K)] 280856K->126513K(840320K), 0.0034800 secs] [Times: user=0.02 sys=0.00, real=0.01 secs] 
2014-07-16T03:42:02.853+0000: 471.941: [GC [PSYoungGen: 153336K->926K(150208K)] 278577K->126537K(837184K), 0.0035230 secs] [Times: user=0.02 sys=0.00, real=0.01 secs] 
2014-07-16T03:42:03.379+0000: 472.467: [GC [PSYoungGen: 150130K->1548K(148160K)] 275741K->127207K(835136K), 0.0062210 secs] [Times: user=0.03 sys=0.00, real=0.01 secs] 
2014-07-16T03:42:03.931+0000: 473.019: [GC [PSYoungGen: 148108K->940K(144896K)] 273767K->126711K(831872K), 0.0054630 secs] [Times: user=0.03 sys=0.01, real=0.01 secs] 
2014-07-16T03:42:04.443+0000: 473.531: [GC [PSYoungGen: 144874K->690K(142080K)] 270645K->126565K(829056K), 0.0059230 secs] [Times: user=0.04 sys=0.00, real=0.01 secs] 
2014-07-16T03:42:04.952+0000: 474.040: [GC [PSYoungGen: 142066K->894K(139776K)] 267941K->126849K(826752K), 0.0068100 secs] [Times: user=0.04 sys=0.00, real=0.01 secs] 
2014-07-16T03:42:05.440+0000: 474.529: [GC [PSYoungGen: 139774K->1072K(167744K)] 265729K->127091K(854720K), 0.0056360 secs] [Times: user=0.04 sys=0.00, real=0.01 secs] 
2014-07-16T03:42:06.060+0000: 475.148: [GC [PSYoungGen: 167711K->958K(164352K)] 293731K->127041K(851328K), 0.0056650 secs] [Times: user=0.02 sys=0.00, real=0.01 secs] 
2014-07-16T03:42:06.651+0000: 475.739: [GC [PSYoungGen: 164350K->786K(161088K)] 290433K->126941K(848064K), 0.0033680 secs] [Times: user=0.01 sys=0.00, real=0.01 secs] 
2014-07-16T03:42:07.237+0000: 476.326: [GC [PSYoungGen: 161003K->972K(158208K)] 287158K->127215K(845184K), 0.0038550 secs] [Times: user=0.02 sys=0.00, real=0.00 secs] 
2014-07-16T03:42:07.802+0000: 476.890: [GC [PSYoungGen: 158156K->1054K(155328K)] 284399K->127369K(842304K), 0.0056980 secs] [Times: user=0.03 sys=0.00, real=0.01 secs] 
2014-07-16T03:42:08.360+0000: 477.448: [GC [PSYoungGen: 155277K->830K(152192K)] 281593K->127201K(839168K), 0.0065800 secs] [Times: user=0.04 sys=0.00, real=0.01 secs] 
2014-07-16T03:42:08.901+0000: 477.989: [GC [PSYoungGen: 152190K->880K(149504K)] 278561K->127323K(836480K), 0.0048560 secs] [Times: user=0.02 sys=0.00, real=0.01 secs] 
2014-07-16T03:42:09.443+0000: 478.531: [GC [PSYoungGen: 149488K->1404K(147328K)] 275931K->127993K(834304K), 0.0029970 secs] [Times: user=0.01 sys=0.00, real=0.01 secs] 
2014-07-16T03:42:09.993+0000: 479.081: [GC [PSYoungGen: 147324K->1450K(144768K)] 273913K->128079K(831744K), 0.0052390 secs] [Times: user=0.02 sys=0.00, real=0.01 secs] 
2014-07-16T03:42:10.475+0000: 479.563: [GC [PSYoungGen: 144746K->484K(141248K)] 271375K->127447K(828224K), 0.0055680 secs] [Times: user=0.03 sys=0.00, real=0.01 secs] 
2014-07-16T03:42:10.970+0000: 480.058: [GC [PSYoungGen: 141175K->986K(139328K)] 268138K->128061K(826304K), 0.0052660 secs] [Times: user=0.04 sys=0.00, real=0.01 secs] 
2014-07-16T03:42:11.483+0000: 480.571: [GC [PSYoungGen: 139290K->1464K(137408K)] 266365K->128643K(824384K), 0.0052880 secs] [Times: user=0.03 sys=0.00, real=0.01 secs] 
2014-07-16T03:42:11.984+0000: 481.072: [GC [PSYoungGen: 137372K->990K(134656K)] 264551K->128249K(821632K), 0.0039720 secs] [Times: user=0.02 sys=0.00, real=0.01 secs] 
2014-07-16T03:42:12.464+0000: 481.552: [GC [PSYoungGen: 134622K->626K(161024K)] 261881K->127965K(848000K), 0.0075750 secs] [Times: user=0.04 sys=0.00, real=0.01 secs] 
2014-07-16T03:42:13.033+0000: 482.121: [GC [PSYoungGen: 160998K->1336K(158656K)] 288337K->128747K(845632K), 0.0031140 secs] [Times: user=0.02 sys=0.00, real=0.01 secs] 
2014-07-16T03:42:13.604+0000: 482.693: [GC [PSYoungGen: 158648K->840K(155264K)] 286059K->128323K(842240K), 0.0063670 secs] [Times: user=0.04 sys=0.00, real=0.01 secs] 
2014-07-16T03:42:14.158+0000: 483.247: [GC [PSYoungGen: 155182K->894K(186944K)] 282665K->128457K(873920K), 0.0092850 secs] [Times: user=0.05 sys=0.00, real=0.01 secs] 
2014-07-16T03:42:14.835+0000: 483.924: [GC [PSYoungGen: 186110K->612K(187008K)] 313673K->128231K(873984K), 0.0065580 secs] [Times: user=0.03 sys=0.00, real=0.01 secs] 
2014-07-16T03:42:15.518+0000: 484.606: [GC [PSYoungGen: 185892K->480K(181952K)] 313511K->128155K(868928K), 0.0047180 secs] [Times: user=0.02 sys=0.00, real=0.00 secs] 
2014-07-16T03:42:16.176+0000: 485.264: [GC [PSYoungGen: 181920K->1044K(178816K)] 309595K->128799K(865792K), 0.0033600 secs] [Times: user=0.02 sys=0.00, real=0.01 secs] 
2014-07-16T03:42:16.817+0000: 485.905: [GC [PSYoungGen: 178772K->676K(174848K)] 306527K->128503K(861824K), 0.0055340 secs] [Times: user=0.03 sys=0.00, real=0.00 secs] 
2014-07-16T03:42:17.449+0000: 486.537: [GC [PSYoungGen: 174806K->1358K(172096K)] 302633K->129249K(859072K), 0.0066170 secs] [Times: user=0.04 sys=0.01, real=0.01 secs] 
2014-07-16T03:42:18.060+0000: 487.148: [GC [PSYoungGen: 172046K->1268K(168576K)] 299937K->129239K(855552K), 0.0053260 secs] [Times: user=0.04 sys=0.00, real=0.00 secs] 
2014-07-16T03:42:18.662+0000: 487.750: [GC [PSYoungGen: 168562K->826K(164864K)] 296533K->128901K(851840K), 0.0039570 secs] [Times: user=0.03 sys=0.00, real=0.00 secs] 
2014-07-16T03:42:19.263+0000: 488.352: [GC [PSYoungGen: 164858K->704K(161600K)] 292933K->128875K(848576K), 0.0043640 secs] [Times: user=0.03 sys=0.00, real=0.01 secs] 
2014-07-16T03:42:19.827+0000: 488.915: [GC [PSYoungGen: 161598K->1326K(159168K)] 289770K->129545K(846144K), 0.0069830 secs] [Times: user=0.04 sys=0.00, real=0.00 secs] 
2014-07-16T03:42:20.397+0000: 489.485: [GC [PSYoungGen: 159129K->830K(155712K)] 287349K->129113K(842688K), 0.0076720 secs] [Times: user=0.05 sys=0.00, real=0.00 secs] 
2014-07-16T03:42:20.948+0000: 490.037: [GC [PSYoungGen: 155710K->676K(152704K)] 283993K->129047K(839680K), 0.0057780 secs] [Times: user=0.03 sys=0.00, real=0.00 secs] 
2014-07-16T03:42:21.506+0000: 490.594: [GC [PSYoungGen: 152675K->876K(150080K)] 281046K->129343K(837056K), 0.0051640 secs] [Times: user=0.03 sys=0.00, real=0.01 secs] 
2014-07-16T03:42:22.043+0000: 491.131: [GC [PSYoungGen: 150060K->1100K(147648K)] 278527K->129655K(834624K), 0.0029100 secs] [Times: user=0.01 sys=0.00, real=0.00 secs] 
2014-07-16T03:42:22.570+0000: 491.658: [GC [PSYoungGen: 147596K->990K(144896K)] 276151K->129625K(831872K), 0.0046190 secs] [Times: user=0.02 sys=0.00, real=0.00 secs] 
2014-07-16T03:42:23.107+0000: 492.196: [GC [PSYoungGen: 144862K->1122K(173824K)] 273497K->129789K(860800K), 0.0148100 secs] [Times: user=0.08 sys=0.00, real=0.01 secs] 
2014-07-16T03:42:23.735+0000: 492.823: [GC [PSYoungGen: 173794K->1590K(177216K)] 302461K->130575K(864192K), 0.0089140 secs] [Times: user=0.04 sys=0.00, real=0.01 secs] 
2014-07-16T03:42:24.366+0000: 493.454: [GC [PSYoungGen: 177205K->940K(209152K)] 306190K->129989K(896128K), 0.0032180 secs] [Times: user=0.01 sys=0.00, real=0.01 secs] 
2014-07-16T03:42:25.226+0000: 494.314: [GC [PSYoungGen: 208236K->946K(203648K)] 337285K->130143K(890624K), 0.0043510 secs] [Times: user=0.02 sys=0.00, real=0.01 secs] 
2014-07-16T03:42:25.975+0000: 495.063: [GC [PSYoungGen: 203634K->722K(199040K)] 332831K->130007K(886016K), 0.0042150 secs] [Times: user=0.02 sys=0.00, real=0.01 secs] 
2014-07-16T03:42:26.696+0000: 495.784: [GC [PSYoungGen: 198994K->1272K(195264K)] 328279K->130661K(882240K), 0.0055830 secs] [Times: user=0.03 sys=0.01, real=0.01 secs] 
2014-07-16T03:42:27.427+0000: 496.515: [GC [PSYoungGen: 195256K->1204K(191040K)] 324645K->130673K(878016K), 0.0090570 secs] [Times: user=0.06 sys=0.00, real=0.00 secs] 
2014-07-16T03:42:28.133+0000: 497.221: [GC [PSYoungGen: 190981K->808K(186688K)] 320451K->130341K(873664K), 0.0045730 secs] [Times: user=0.03 sys=0.00, real=0.00 secs] 
2014-07-16T03:42:28.829+0000: 497.917: [GC [PSYoungGen: 186620K->1168K(205184K)] 316154K->130757K(892160K), 0.0138710 secs] [Times: user=0.08 sys=0.00, real=0.01 secs] 
2014-07-16T03:42:29.616+0000: 498.705: [GC [PSYoungGen: 204752K->868K(200000K)] 334341K->130561K(886976K), 0.0046650 secs] [Times: user=0.02 sys=0.01, real=0.01 secs] 
2014-07-16T03:42:30.359+0000: 499.447: [GC [PSYoungGen: 199972K->868K(195712K)] 329665K->130649K(882688K), 0.0054090 secs] [Times: user=0.03 sys=0.00, real=0.00 secs] 
2014-07-16T03:42:31.058+0000: 500.146: [GC [PSYoungGen: 195684K->676K(191360K)] 325465K->130513K(878336K), 0.0090970 secs] [Times: user=0.06 sys=0.00, real=0.01 secs] 
2014-07-16T03:42:31.750+0000: 500.838: [GC [PSYoungGen: 191293K->1368K(188032K)] 321131K->131277K(875008K), 0.0031850 secs] [Times: user=0.02 sys=0.00, real=0.00 secs] 
2014-07-16T03:42:32.416+0000: 501.504: [GC [PSYoungGen: 187955K->1476K(184256K)] 317865K->131465K(871232K), 0.0049070 secs] [Times: user=0.03 sys=0.00, real=0.01 secs] 
2014-07-16T03:42:33.065+0000: 502.154: [GC [PSYoungGen: 184196K->570K(179520K)] 314185K->131009K(866496K), 0.0048220 secs] [Times: user=0.02 sys=0.00, real=0.01 secs] 
2014-07-16T03:42:33.709+0000: 502.797: [GC [PSYoungGen: 179514K->1190K(176512K)] 309953K->131685K(863488K), 0.0051850 secs] [Times: user=0.02 sys=0.00, real=0.00 secs] 
2014-07-16T03:42:34.344+0000: 503.432: [GC [PSYoungGen: 176486K->1044K(172864K)] 306981K->131611K(859840K), 0.0057120 secs] [Times: user=0.03 sys=0.00, real=0.01 secs] 
2014-07-16T03:42:34.965+0000: 504.054: [GC [PSYoungGen: 172820K->512K(168896K)] 303387K->131143K(855872K), 0.0055660 secs] [Times: user=0.03 sys=0.00, real=0.01 secs] 
2014-07-16T03:42:35.567+0000: 504.655: [GC [PSYoungGen: 168896K->1144K(166272K)] 299527K->131839K(853248K), 0.0066870 secs] [Times: user=0.04 sys=0.00, real=0.01 secs] 
2014-07-16T03:42:36.186+0000: 505.275: [GC [PSYoungGen: 166264K->836K(162816K)] 296959K->131587K(849792K), 0.0044470 secs] [Times: user=0.01 sys=0.00, real=0.01 secs] 
2014-07-16T03:42:36.767+0000: 505.855: [GC [PSYoungGen: 162730K->1422K(160320K)] 293481K->132229K(847296K), 0.0059930 secs] [Times: user=0.04 sys=0.00, real=0.01 secs] 
2014-07-16T03:42:37.325+0000: 506.413: [GC [PSYoungGen: 160266K->1158K(157056K)] 291074K->132029K(844032K), 0.0043260 secs] [Times: user=0.01 sys=0.00, real=0.01 secs] 
2014-07-16T03:42:37.895+0000: 506.983: [GC [PSYoungGen: 156954K->830K(153792K)] 287826K->131813K(840768K), 0.0045760 secs] [Times: user=0.01 sys=0.00, real=0.01 secs] 
2014-07-16T03:42:38.449+0000: 507.537: [GC [PSYoungGen: 153790K->1362K(151552K)] 284773K->132417K(838528K), 0.0066940 secs] [Times: user=0.04 sys=0.00, real=0.01 secs] 
2014-07-16T03:42:39.009+0000: 508.097: [GC [PSYoungGen: 151466K->1126K(181376K)] 282522K->132387K(868352K), 0.0077150 secs] [Times: user=0.04 sys=0.00, real=0.01 secs] 
2014-07-16T03:42:39.649+0000: 508.738: [GC [PSYoungGen: 181320K->890K(177472K)] 312582K->132239K(864448K), 0.0040290 secs] [Times: user=0.03 sys=0.00, real=0.00 secs] 
2014-07-16T03:42:40.305+0000: 509.393: [GC [PSYoungGen: 177425K->1508K(174528K)] 308775K->132921K(861504K), 0.0041270 secs] [Times: user=0.01 sys=0.00, real=0.01 secs] 
2014-07-16T03:42:40.920+0000: 510.008: [GC [PSYoungGen: 174500K->748K(170304K)] 305913K->132217K(857280K), 0.0063950 secs] [Times: user=0.03 sys=0.00, real=0.01 secs] 
2014-07-16T03:42:41.548+0000: 510.636: [GC [PSYoungGen: 170284K->1126K(167360K)] 301753K->132659K(854336K), 0.0073600 secs] [Times: user=0.05 sys=0.01, real=0.01 secs] 
2014-07-16T03:42:42.144+0000: 511.232: [GC [PSYoungGen: 167334K->776K(163840K)] 298867K->132381K(850816K), 0.0046310 secs] [Times: user=0.03 sys=0.00, real=0.00 secs] 
2014-07-16T03:42:42.731+0000: 511.820: [GC [PSYoungGen: 163750K->944K(160832K)] 295355K->132605K(847808K), 0.0064690 secs] [Times: user=0.04 sys=0.00, real=0.00 secs] 
2014-07-16T03:42:43.321+0000: 512.409: [GC [PSYoungGen: 160789K->716K(190464K)] 292451K->132409K(877440K), 0.0106850 secs] [Times: user=0.05 sys=0.00, real=0.01 secs] 
2014-07-16T03:42:44.011+0000: 513.099: [GC [PSYoungGen: 189424K->1294K(193600K)] 321117K->133075K(880576K), 0.0059930 secs] [Times: user=0.04 sys=0.00, real=0.00 secs] 
2014-07-16T03:42:44.713+0000: 513.801: [GC [PSYoungGen: 193123K->1244K(189120K)] 324904K->133089K(876096K), 0.0058640 secs] [Times: user=0.04 sys=0.00, real=0.00 secs] 
2014-07-16T03:42:45.417+0000: 514.506: [GC [PSYoungGen: 189065K->502K(184448K)] 320911K->132763K(871424K), 0.0040700 secs] [Times: user=0.02 sys=0.00, real=0.01 secs] 
2014-07-16T03:42:46.083+0000: 515.171: [GC [PSYoungGen: 184438K->1554K(181760K)] 316699K->133863K(868736K), 0.0037670 secs] [Times: user=0.01 sys=0.00, real=0.00 secs] 
2014-07-16T03:42:46.737+0000: 515.825: [GC [PSYoungGen: 181714K->726K(177280K)] 314023K->133189K(864256K), 0.0067970 secs] [Times: user=0.04 sys=0.00, real=0.01 secs] 
2014-07-16T03:42:47.383+0000: 516.471: [GC [PSYoungGen: 177238K->1154K(174144K)] 309701K->133721K(861120K), 0.0040200 secs] [Times: user=0.02 sys=0.00, real=0.00 secs] 
2014-07-16T03:42:47.994+0000: 517.082: [GC [PSYoungGen: 174082K->1126K(170624K)] 306649K->133773K(857600K), 0.0062520 secs] [Times: user=0.03 sys=0.00, real=0.00 secs] 
2014-07-16T03:42:48.619+0000: 517.708: [GC [PSYoungGen: 170560K->1604K(167808K)] 303208K->134315K(854784K), 0.0036480 secs] [Times: user=0.01 sys=0.00, real=0.01 secs] 
2014-07-16T03:42:49.209+0000: 518.297: [GC [PSYoungGen: 167748K->688K(163648K)] 300459K->133887K(850624K), 0.0033350 secs] [Times: user=0.02 sys=0.00, real=0.01 secs] 
2014-07-16T03:42:49.801+0000: 518.890: [GC [PSYoungGen: 163632K->794K(160640K)] 296831K->134049K(847616K), 0.0047590 secs] [Times: user=0.02 sys=0.00, real=0.00 secs] 
2014-07-16T03:42:50.380+0000: 519.468: [GC [PSYoungGen: 160580K->1258K(158080K)] 293835K->134783K(845056K), 0.0041220 secs] [Times: user=0.02 sys=0.00, real=0.01 secs] 
2014-07-16T03:42:50.960+0000: 520.048: [GC [PSYoungGen: 158058K->954K(154816K)] 291583K->134567K(841792K), 0.0065110 secs] [Times: user=0.04 sys=0.00, real=0.01 secs] 
2014-07-16T03:42:51.524+0000: 520.612: [GC [PSYoungGen: 154810K->1068K(152128K)] 288423K->134745K(839104K), 0.0058890 secs] [Times: user=0.03 sys=0.00, real=0.00 secs] 
2014-07-16T03:42:52.064+0000: 521.152: [GC [PSYoungGen: 152108K->1268K(149568K)] 285785K->134993K(836544K), 0.0067850 secs] [Times: user=0.01 sys=0.00, real=0.00 secs] 
2014-07-16T03:42:52.616+0000: 521.704: [GC [PSYoungGen: 149482K->1100K(179136K)] 283207K->134905K(866112K), 0.0066380 secs] [Times: user=0.03 sys=0.00, real=0.01 secs] 
2014-07-16T03:42:53.291+0000: 522.379: [GC [PSYoungGen: 179084K->1014K(175424K)] 312889K->134907K(862400K), 0.0042050 secs] [Times: user=0.02 sys=0.00, real=0.00 secs] 
2014-07-16T03:42:53.933+0000: 523.021: [GC [PSYoungGen: 175414K->936K(171904K)] 309307K->134877K(858880K), 0.0061880 secs] [Times: user=0.03 sys=0.00, real=0.00 secs] 
2014-07-16T03:42:54.570+0000: 523.658: [GC [PSYoungGen: 171850K->1318K(168896K)] 305792K->135339K(855872K), 0.0058340 secs] [Times: user=0.02 sys=0.00, real=0.01 secs] 
2014-07-16T03:42:55.179+0000: 524.267: [GC [PSYoungGen: 168829K->948K(182528K)] 302851K->135413K(869504K), 0.0093090 secs] [Times: user=0.05 sys=0.01, real=0.02 secs] 
2014-07-16T03:42:55.942+0000: 525.030: [GC [PSYoungGen: 182449K->1662K(179520K)] 316915K->136440K(866496K), 0.0036100 secs] [Times: user=0.02 sys=0.00, real=0.01 secs] 
2014-07-16T03:42:56.569+0000: 525.657: [GC [PSYoungGen: 179479K->64K(174336K)] 314257K->135894K(861312K), 0.0059750 secs] [Times: user=0.02 sys=0.00, real=0.01 secs] 
2014-07-16T03:42:57.211+0000: 526.299: [GC [PSYoungGen: 174336K->1600K(172480K)] 310166K->137478K(859456K), 0.0045100 secs] [Times: user=0.02 sys=0.00, real=0.01 secs] 
2014-07-16T03:42:57.821+0000: 526.909: [GC [PSYoungGen: 172416K->972K(168448K)] 308294K->137750K(855424K), 0.0061540 secs] [Times: user=0.04 sys=0.00, real=0.01 secs] 
2014-07-16T03:42:58.430+0000: 527.518: [GC [PSYoungGen: 168318K->758K(164928K)] 305096K->137584K(851904K), 0.0065090 secs] [Times: user=0.03 sys=0.00, real=0.01 secs] 
2014-07-16T03:42:59.027+0000: 528.116: [GC [PSYoungGen: 164918K->880K(161920K)] 301744K->137778K(848896K), 0.0071950 secs] [Times: user=0.04 sys=0.00, real=0.01 secs] 
2014-07-16T03:42:59.618+0000: 528.706: [GC [PSYoungGen: 161864K->908K(178368K)] 298763K->137894K(865344K), 0.0069390 secs] [Times: user=0.04 sys=0.00, real=0.01 secs] 
2014-07-16T03:43:00.293+0000: 529.381: [GC [PSYoungGen: 177356K->1384K(195200K)] 314342K->138458K(882176K), 0.0084020 secs] [Times: user=0.05 sys=0.00, real=0.00 secs] 
2014-07-16T03:43:00.976+0000: 530.065: [GC [PSYoungGen: 194664K->1098K(190336K)] 331738K->138220K(877312K), 0.0051710 secs] [Times: user=0.03 sys=0.00, real=0.00 secs] 
2014-07-16T03:43:01.659+0000: 530.747: [GC [PSYoungGen: 190282K->820K(193472K)] 327404K->138086K(880448K), 0.0078470 secs] [Times: user=0.04 sys=0.00, real=0.01 secs] 
2014-07-16T03:43:02.358+0000: 531.446: [GC [PSYoungGen: 193425K->1304K(189888K)] 330691K->138634K(876864K), 0.0051820 secs] [Times: user=0.04 sys=0.00, real=0.01 secs] 
2014-07-16T03:43:03.031+0000: 532.119: [GC [PSYoungGen: 189848K->506K(185088K)] 327178K->138449K(872064K), 0.0038510 secs] [Times: user=0.02 sys=0.00, real=0.01 secs] 
2014-07-16T03:43:03.701+0000: 532.789: [GC [PSYoungGen: 185082K->1600K(182400K)] 323025K->139607K(869376K), 0.0028060 secs] [Times: user=0.02 sys=0.00, real=0.01 secs] 
2014-07-16T03:43:04.350+0000: 533.439: [GC [PSYoungGen: 182285K->1462K(178496K)] 320293K->140370K(865472K), 0.0033760 secs] [Times: user=0.02 sys=0.00, real=0.01 secs] 
2014-07-16T03:43:04.976+0000: 534.065: [GC [PSYoungGen: 178486K->1018K(174464K)] 317394K->139990K(861440K), 0.0055270 secs] [Times: user=0.03 sys=0.00, real=0.00 secs] 
2014-07-16T03:43:05.627+0000: 534.716: [GC [PSYoungGen: 174419K->1068K(171072K)] 313391K->140128K(858048K), 0.0028640 secs] [Times: user=0.02 sys=0.00, real=0.00 secs] 
2014-07-16T03:43:06.239+0000: 535.327: [GC [PSYoungGen: 171052K->694K(167360K)] 310112K->139842K(854336K), 0.0054730 secs] [Times: user=0.04 sys=0.00, real=0.01 secs] 
2014-07-16T03:43:06.841+0000: 535.929: [GC [PSYoungGen: 167348K->922K(164352K)] 306496K->140150K(851328K), 0.0039580 secs] [Times: user=0.01 sys=0.00, real=0.01 secs] 
2014-07-16T03:43:07.432+0000: 536.521: [GC [PSYoungGen: 164314K->944K(161216K)] 303542K->140228K(848192K), 0.0046390 secs] [Times: user=0.02 sys=0.00, real=0.01 secs] 
2014-07-16T03:43:08.019+0000: 537.107: [GC [PSYoungGen: 161200K->694K(157888K)] 300484K->140058K(844864K), 0.0044180 secs] [Times: user=0.02 sys=0.00, real=0.00 secs] 
2014-07-16T03:43:08.567+0000: 537.656: [GC [PSYoungGen: 157878K->944K(155200K)] 297242K->140388K(842176K), 0.0031170 secs] [Times: user=0.02 sys=0.00, real=0.00 secs] 
2014-07-16T03:43:09.134+0000: 538.222: [GC [PSYoungGen: 155184K->626K(152000K)] 294628K->140141K(838976K), 0.0050370 secs] [Times: user=0.02 sys=0.00, real=0.01 secs] 
2014-07-16T03:43:09.673+0000: 538.761: [GC [PSYoungGen: 151986K->1118K(149760K)] 291501K->140730K(836736K), 0.0042800 secs] [Times: user=0.03 sys=0.00, real=0.01 secs] 
2014-07-16T03:43:10.219+0000: 539.307: [GC [PSYoungGen: 149708K->1592K(147520K)] 289320K->141260K(834496K), 0.0049940 secs] [Times: user=0.02 sys=0.00, real=0.00 secs] 
2014-07-16T03:43:10.747+0000: 539.835: [GC [PSYoungGen: 147512K->1008K(176128K)] 287180K->140772K(863104K), 0.0098010 secs] [Times: user=0.05 sys=0.00, real=0.01 secs] 
2014-07-16T03:43:11.376+0000: 540.464: [GC [PSYoungGen: 176111K->1022K(180928K)] 315875K->140834K(867904K), 0.0108310 secs] [Times: user=0.06 sys=0.00, real=0.01 secs] 
2014-07-16T03:43:12.028+0000: 541.116: [GC [PSYoungGen: 180414K->1458K(181248K)] 320226K->141358K(868224K), 0.0044510 secs] [Times: user=0.03 sys=0.00, real=0.00 secs] 
2014-07-16T03:43:12.682+0000: 541.770: [GC [PSYoungGen: 180850K->776K(176576K)] 320750K->140716K(863552K), 0.0051660 secs] [Times: user=0.02 sys=0.00, real=0.01 secs] 
2014-07-16T03:43:13.317+0000: 542.405: [GC [PSYoungGen: 176520K->544K(172800K)] 316460K->140555K(859776K), 0.0044870 secs] [Times: user=0.03 sys=0.00, real=0.00 secs] 
2014-07-16T03:43:13.938+0000: 543.027: [GC [PSYoungGen: 172768K->908K(169792K)] 312779K->140976K(856768K), 0.0041080 secs] [Times: user=0.02 sys=0.00, real=0.00 secs] 
2014-07-16T03:43:14.560+0000: 543.649: [GC [PSYoungGen: 169645K->744K(166272K)] 309713K->140884K(853248K), 0.0053280 secs] [Times: user=0.03 sys=0.00, real=0.01 secs] 
2014-07-16T03:43:15.151+0000: 544.240: [GC [PSYoungGen: 166248K->804K(163136K)] 306388K->141039K(850112K), 0.0055600 secs] [Times: user=0.03 sys=0.00, real=0.01 secs] 
2014-07-16T03:43:15.779+0000: 544.867: [GC [PSYoungGen: 163108K->1300K(160576K)] 303343K->141592K(847552K), 0.0054760 secs] [Times: user=0.02 sys=0.00, real=0.00 secs] 
2014-07-16T03:43:16.347+0000: 545.435: [GC [PSYoungGen: 160532K->836K(157120K)] 300824K->141207K(844096K), 0.0030470 secs] [Times: user=0.01 sys=0.00, real=0.00 secs] 
2014-07-16T03:43:16.908+0000: 545.996: [GC [PSYoungGen: 157060K->630K(153920K)] 297431K->141050K(840896K), 0.0064990 secs] [Times: user=0.03 sys=0.00, real=0.00 secs] 
2014-07-16T03:43:17.462+0000: 546.550: [GC [PSYoungGen: 153910K->772K(151296K)] 294330K->141287K(838272K), 0.0028560 secs] [Times: user=0.01 sys=0.00, real=0.01 secs] 
2014-07-16T03:43:18.012+0000: 547.101: [GC [PSYoungGen: 151217K->840K(148608K)] 291733K->141428K(835584K), 0.0041120 secs] [Times: user=0.03 sys=0.00, real=0.01 secs] 
2014-07-16T03:43:18.567+0000: 547.655: [GC [PSYoungGen: 148543K->1030K(146112K)] 289131K->141698K(833088K), 0.0029790 secs] [Times: user=0.01 sys=0.00, real=0.00 secs] 
2014-07-16T03:43:19.098+0000: 548.186: [GC [PSYoungGen: 146002K->1190K(143680K)] 286670K->141922K(830656K), 0.0065770 secs] [Times: user=0.04 sys=0.00, real=0.00 secs] 
2014-07-16T03:43:19.626+0000: 548.714: [GC [PSYoungGen: 143654K->934K(140928K)] 284386K->141950K(827904K), 0.0081140 secs] [Times: user=0.05 sys=0.00, real=0.00 secs] 
2014-07-16T03:43:20.140+0000: 549.228: [GC [PSYoungGen: 140902K->1632K(139200K)] 281918K->143036K(826176K), 0.0047080 secs] [Times: user=0.02 sys=0.01, real=0.00 secs] 
2014-07-16T03:43:20.697+0000: 549.785: [GC [PSYoungGen: 139168K->758K(135936K)] 280572K->142358K(822912K), 0.0052720 secs] [Times: user=0.02 sys=0.01, real=0.00 secs] 
2014-07-16T03:43:21.167+0000: 550.255: [GC [PSYoungGen: 135926K->1156K(134080K)] 277526K->142812K(821056K), 0.0041720 secs] [Times: user=0.02 sys=0.00, real=0.00 secs] 
2014-07-16T03:43:21.649+0000: 550.737: [GC [PSYoungGen: 134020K->1778K(161280K)] 275676K->143554K(848256K), 0.0070360 secs] [Times: user=0.04 sys=0.00, real=0.01 secs] 
2014-07-16T03:43:22.246+0000: 551.334: [GC [PSYoungGen: 161266K->808K(157312K)] 303042K->142696K(844288K), 0.0050000 secs] [Times: user=0.03 sys=0.00, real=0.01 secs] 
2014-07-16T03:43:22.835+0000: 551.923: [GC [PSYoungGen: 157284K->1532K(155072K)] 299172K->143540K(842048K), 0.0046640 secs] [Times: user=0.02 sys=0.00, real=0.01 secs] 
2014-07-16T03:43:23.401+0000: 552.490: [GC [PSYoungGen: 155061K->872K(151616K)] 297069K->142960K(838592K), 0.0051980 secs] [Times: user=0.03 sys=0.00, real=0.01 secs] 
2014-07-16T03:43:23.946+0000: 553.034: [GC [PSYoungGen: 151592K->808K(148800K)] 293680K->142968K(835776K), 0.0049920 secs] [Times: user=0.03 sys=0.00, real=0.01 secs] 
2014-07-16T03:43:24.488+0000: 553.576: [GC [PSYoungGen: 148776K->790K(178432K)] 290936K->143030K(865408K), 0.0115710 secs] [Times: user=0.07 sys=0.00, real=0.01 secs] 
2014-07-16T03:43:25.142+0000: 554.230: [GC [PSYoungGen: 178390K->1154K(200384K)] 320630K->143450K(887360K), 0.0055320 secs] [Times: user=0.03 sys=0.00, real=0.01 secs] 
2014-07-16T03:43:25.863+0000: 554.951: [GC [PSYoungGen: 199554K->1218K(200320K)] 341850K->143586K(887296K), 0.0057390 secs] [Times: user=0.03 sys=0.01, real=0.01 secs] 
2014-07-16T03:43:26.586+0000: 555.674: [GC [PSYoungGen: 199618K->1426K(195584K)] 341986K->143858K(882560K), 0.0036760 secs] [Times: user=0.02 sys=0.00, real=0.00 secs] 
2014-07-16T03:43:27.298+0000: 556.387: [GC [PSYoungGen: 195538K->896K(233856K)] 337970K->143392K(920832K), 0.0136610 secs] [Times: user=0.07 sys=0.00, real=0.01 secs] 
2014-07-16T03:43:28.152+0000: 557.241: [GC [PSYoungGen: 233839K->1660K(229120K)] 376335K->144278K(916096K), 0.0043610 secs] [Times: user=0.02 sys=0.00, real=0.00 secs] 
2014-07-16T03:43:28.968+0000: 558.056: [GC [PSYoungGen: 229092K->840K(223040K)] 371710K->143530K(910016K), 0.0035820 secs] [Times: user=0.02 sys=0.00, real=0.00 secs] 
2014-07-16T03:43:29.767+0000: 558.855: [GC [PSYoungGen: 222953K->1204K(218240K)] 365644K->143958K(905216K), 0.0046160 secs] [Times: user=0.02 sys=0.01, real=0.00 secs] 
2014-07-16T03:43:30.600+0000: 559.689: [GC [PSYoungGen: 218228K->1590K(213696K)] 360982K->144424K(900672K), 0.0029460 secs] [Times: user=0.02 sys=0.00, real=0.00 secs] 
2014-07-16T03:43:31.331+0000: 560.419: [GC [PSYoungGen: 213684K->786K(208192K)] 356518K->143684K(895168K), 0.0049270 secs] [Times: user=0.02 sys=0.01, real=0.00 secs] 
2014-07-16T03:43:32.079+0000: 561.168: [GC [PSYoungGen: 208146K->1154K(203968K)] 351044K->144124K(890944K), 0.0115530 secs] [Times: user=0.07 sys=0.00, real=0.01 secs] 
2014-07-16T03:43:32.819+0000: 561.908: [GC [PSYoungGen: 203906K->854K(199232K)] 346876K->143888K(886208K), 0.0035150 secs] [Times: user=0.02 sys=0.00, real=0.00 secs] 
2014-07-16T03:43:33.545+0000: 562.634: [GC [PSYoungGen: 199190K->1240K(195328K)] 342224K->144346K(882304K), 0.0034060 secs] [Times: user=0.01 sys=0.00, real=0.01 secs] 
2014-07-16T03:43:34.238+0000: 563.327: [GC [PSYoungGen: 195288K->612K(190528K)] 338394K->143790K(877504K), 0.0087120 secs] [Times: user=0.05 sys=0.00, real=0.00 secs] 
2014-07-16T03:43:34.934+0000: 564.022: [GC [PSYoungGen: 190500K->1214K(187136K)] 333678K->144472K(874112K), 0.0046820 secs] [Times: user=0.02 sys=0.00, real=0.01 secs] 
2014-07-16T03:43:35.647+0000: 564.735: [GC [PSYoungGen: 187112K->930K(183040K)] 330370K->144244K(870016K), 0.0090470 secs] [Times: user=0.06 sys=0.00, real=0.01 secs] 
2014-07-16T03:43:36.265+0000: 565.353: [GC [PSYoungGen: 183010K->1154K(179584K)] 326324K->144556K(866560K), 0.0036450 secs] [Times: user=0.01 sys=0.01, real=0.01 secs] 
2014-07-16T03:43:36.915+0000: 566.003: [GC [PSYoungGen: 179521K->1586K(176384K)] 322923K->145276K(863360K), 0.0045490 secs] [Times: user=0.02 sys=0.00, real=0.01 secs] 
2014-07-16T03:43:37.564+0000: 566.652: [GC [PSYoungGen: 176368K->1304K(172608K)] 320058K->145050K(859584K), 0.0077450 secs] [Times: user=0.04 sys=0.00, real=0.01 secs] 
2014-07-16T03:43:38.180+0000: 567.268: [GC [PSYoungGen: 172568K->844K(206464K)] 316314K->144654K(893440K), 0.0097720 secs] [Times: user=0.05 sys=0.00, real=0.01 secs] 
2014-07-16T03:43:38.947+0000: 568.036: [GC [PSYoungGen: 206410K->1136K(202176K)] 350220K->145010K(889152K), 0.0051140 secs] [Times: user=0.03 sys=0.00, real=0.01 secs] 
2014-07-16T03:43:39.664+0000: 568.752: [GC [PSYoungGen: 202160K->726K(197440K)] 346034K->144664K(884416K), 0.0055340 secs] [Times: user=0.03 sys=0.00, real=0.01 secs] 
2014-07-16T03:43:40.374+0000: 569.462: [GC [PSYoungGen: 197311K->926K(193408K)] 341249K->144968K(880384K), 0.0034090 secs] [Times: user=0.02 sys=0.00, real=0.00 secs] 
2014-07-16T03:43:41.074+0000: 570.162: [GC [PSYoungGen: 193370K->986K(189376K)] 337412K->145116K(876352K), 0.0051920 secs] [Times: user=0.02 sys=0.00, real=0.00 secs] 
2014-07-16T03:43:41.729+0000: 570.817: [GC [PSYoungGen: 189338K->1526K(185920K)] 333468K->145712K(872896K), 0.0056950 secs] [Times: user=0.03 sys=0.00, real=0.01 secs] 
2014-07-16T03:43:42.389+0000: 571.477: [GC [PSYoungGen: 185910K->958K(181504K)] 330096K->145290K(868480K), 0.0031930 secs] [Times: user=0.02 sys=0.00, real=0.01 secs] 
2014-07-16T03:43:43.028+0000: 572.117: [GC [PSYoungGen: 181464K->1496K(178368K)] 325797K->145900K(865344K), 0.0076980 secs] [Times: user=0.04 sys=0.00, real=0.01 secs] 
2014-07-16T03:43:43.672+0000: 572.760: [GC [PSYoungGen: 178313K->762K(174016K)] 322717K->145246K(860992K), 0.0034660 secs] [Times: user=0.02 sys=0.00, real=0.00 secs] 
2014-07-16T03:43:44.269+0000: 573.357: [GC [PSYoungGen: 173992K->922K(170752K)] 318476K->145470K(857728K), 0.0031680 secs] [Times: user=0.02 sys=0.00, real=0.00 secs] 
2014-07-16T03:43:44.908+0000: 573.997: [GC [PSYoungGen: 170710K->1240K(167744K)] 315258K->145860K(854720K), 0.0033340 secs] [Times: user=0.01 sys=0.00, real=0.01 secs] 
2014-07-16T03:43:45.574+0000: 574.662: [GC [PSYoungGen: 167704K->680K(163904K)] 312324K->145348K(850880K), 0.0063520 secs] [Times: user=0.03 sys=0.00, real=0.01 secs] 
2014-07-16T03:43:46.201+0000: 575.289: [GC [PSYoungGen: 163856K->1094K(161216K)] 308524K->145802K(848192K), 0.0092430 secs] [Times: user=0.05 sys=0.00, real=0.01 secs] 
2014-07-16T03:43:46.819+0000: 575.908: [GC [PSYoungGen: 161158K->1268K(158336K)] 305866K->146072K(845312K), 0.0057170 secs] [Times: user=0.03 sys=0.00, real=0.01 secs] 
2014-07-16T03:43:47.488+0000: 576.576: [GC [PSYoungGen: 158323K->1068K(189568K)] 303127K->145920K(876544K), 0.0120840 secs] [Times: user=0.07 sys=0.00, real=0.02 secs] 
2014-07-16T03:43:48.127+0000: 577.216: [GC [PSYoungGen: 189548K->1040K(217344K)] 334400K->145964K(904320K), 0.0070550 secs] [Times: user=0.04 sys=0.00, real=0.01 secs] 
2014-07-16T03:43:48.910+0000: 577.999: [GC [PSYoungGen: 216656K->940K(211712K)] 361580K->145936K(898688K), 0.0030150 secs] [Times: user=0.02 sys=0.00, real=0.00 secs] 
2014-07-16T03:43:49.687+0000: 578.776: [GC [PSYoungGen: 211692K->1450K(207488K)] 356688K->146518K(894464K), 0.0047490 secs] [Times: user=0.02 sys=0.00, real=0.01 secs] 
2014-07-16T03:43:50.442+0000: 579.531: [GC [PSYoungGen: 207466K->808K(202304K)] 352534K->146030K(889280K), 0.0027050 secs] [Times: user=0.02 sys=0.00, real=0.00 secs] 
2014-07-16T03:43:51.211+0000: 580.299: [GC [PSYoungGen: 202280K->932K(198016K)] 347502K->146250K(884992K), 0.0064740 secs] [Times: user=0.04 sys=0.00, real=0.00 secs] 
2014-07-16T03:43:51.911+0000: 580.999: [GC [PSYoungGen: 197988K->1008K(193856K)] 343306K->146366K(880832K), 0.0100080 secs] [Times: user=0.06 sys=0.00, real=0.01 secs] 
2014-07-16T03:43:52.609+0000: 581.698: [GC [PSYoungGen: 193840K->662K(189440K)] 339198K->146100K(876416K), 0.0050260 secs] [Times: user=0.03 sys=0.01, real=0.01 secs] 
2014-07-16T03:43:53.299+0000: 582.388: [GC [PSYoungGen: 189309K->890K(185664K)] 334747K->146424K(872640K), 0.0034230 secs] [Times: user=0.02 sys=0.00, real=0.01 secs] 
2014-07-16T03:43:53.951+0000: 583.039: [GC [PSYoungGen: 185634K->1172K(182144K)] 331168K->146770K(869120K), 0.0037790 secs] [Times: user=0.02 sys=0.00, real=0.00 secs] 
2014-07-16T03:43:54.595+0000: 583.683: [GC [PSYoungGen: 182100K->1140K(178368K)] 327698K->146960K(865344K), 0.0097340 secs] [Times: user=0.05 sys=0.00, real=0.01 secs] 
2014-07-16T03:43:55.230+0000: 584.318: [GC [PSYoungGen: 178356K->658K(174336K)] 324176K->146566K(861312K), 0.0060430 secs] [Times: user=0.04 sys=0.00, real=0.01 secs] 
2014-07-16T03:43:55.885+0000: 584.974: [GC [PSYoungGen: 174224K->1140K(171328K)] 320132K->147112K(858304K), 0.0068780 secs] [Times: user=0.04 sys=0.00, real=0.01 secs] 
2014-07-16T03:43:56.470+0000: 585.558: [GC [PSYoungGen: 171282K->694K(167552K)] 317254K->146730K(854528K), 0.0033460 secs] [Times: user=0.02 sys=0.00, real=0.01 secs] 
2014-07-16T03:43:57.077+0000: 586.165: [GC [PSYoungGen: 167542K->744K(164352K)] 313578K->146868K(851328K), 0.0038220 secs] [Times: user=0.02 sys=0.00, real=0.01 secs] 
2014-07-16T03:43:57.693+0000: 586.781: [GC [PSYoungGen: 164328K->1440K(161920K)] 310452K->147636K(848896K), 0.0077290 secs] [Times: user=0.03 sys=0.00, real=0.00 secs] 
2014-07-16T03:43:58.247+0000: 587.335: [GC [PSYoungGen: 161805K->1126K(193728K)] 308001K->147518K(880704K), 0.0104110 secs] [Times: user=0.05 sys=0.00, real=0.01 secs] 
2014-07-16T03:43:58.957+0000: 588.045: [GC [PSYoungGen: 193696K->944K(218304K)] 340088K->147400K(905280K), 0.0056250 secs] [Times: user=0.03 sys=0.00, real=0.01 secs] 
2014-07-16T03:43:59.729+0000: 588.817: [GC [PSYoungGen: 217410K->1204K(212800K)] 363866K->147848K(899776K), 0.0054250 secs] [Times: user=0.03 sys=0.00, real=0.01 secs] 
2014-07-16T03:44:00.486+0000: 589.574: [GC [PSYoungGen: 212784K->680K(207552K)] 359429K->147404K(894528K), 0.0046740 secs] [Times: user=0.03 sys=0.00, real=0.00 secs] 
2014-07-16T03:44:01.244+0000: 590.332: [GC [PSYoungGen: 207528K->894K(203200K)] 354252K->147690K(890176K), 0.0049180 secs] [Times: user=0.03 sys=0.00, real=0.00 secs] 
2014-07-16T03:44:01.979+0000: 591.068: [GC [PSYoungGen: 203192K->690K(198592K)] 349988K->147574K(885568K), 0.0059410 secs] [Times: user=0.04 sys=0.00, real=0.01 secs] 
2014-07-16T03:44:02.691+0000: 591.779: [GC [PSYoungGen: 198578K->812K(194432K)] 345462K->147736K(881408K), 0.0050230 secs] [Times: user=0.02 sys=0.00, real=0.01 secs] 
2014-07-16T03:44:03.394+0000: 592.482: [GC [PSYoungGen: 194407K->922K(190464K)] 341331K->147926K(877440K), 0.0056740 secs] [Times: user=0.03 sys=0.00, real=0.00 secs] 
2014-07-16T03:44:04.075+0000: 593.163: [GC [PSYoungGen: 190426K->626K(186176K)] 337430K->147662K(873152K), 0.0112090 secs] [Times: user=0.06 sys=0.00, real=0.01 secs] 
2014-07-16T03:44:04.747+0000: 593.835: [GC [PSYoungGen: 186156K->722K(182464K)] 333192K->147838K(869440K), 0.0060350 secs] [Times: user=0.03 sys=0.01, real=0.01 secs] 
2014-07-16T03:44:05.415+0000: 594.503: [GC [PSYoungGen: 182396K->1032K(179072K)] 329512K->148244K(866048K), 0.0062130 secs] [Times: user=0.04 sys=0.00, real=0.00 secs] 
2014-07-16T03:44:06.069+0000: 595.157: [GC [PSYoungGen: 179016K->662K(175104K)] 326228K->147946K(862080K), 0.0035350 secs] [Times: user=0.02 sys=0.00, real=0.01 secs] 
2014-07-16T03:44:06.671+0000: 595.759: [GC [PSYoungGen: 175012K->530K(171520K)] 322296K->147854K(858496K), 0.0049830 secs] [Times: user=0.02 sys=0.00, real=0.01 secs] 
2014-07-16T03:44:07.301+0000: 596.389: [GC [PSYoungGen: 171449K->662K(168256K)] 318774K->148034K(855232K), 0.0062500 secs] [Times: user=0.03 sys=0.00, real=0.01 secs] 
2014-07-16T03:44:07.921+0000: 597.009: [GC [PSYoungGen: 168214K->1444K(165760K)] 315586K->148962K(852736K), 0.0052450 secs] [Times: user=0.03 sys=0.00, real=0.01 secs] 
2014-07-16T03:44:08.502+0000: 597.591: [GC [PSYoungGen: 165732K->1090K(162304K)] 313250K->148712K(849280K), 0.0051120 secs] [Times: user=0.03 sys=0.00, real=0.01 secs] 
2014-07-16T03:44:09.113+0000: 598.201: [GC [PSYoungGen: 162233K->868K(158976K)] 309856K->148594K(845952K), 0.0043380 secs] [Times: user=0.02 sys=0.00, real=0.01 secs] 
2014-07-16T03:44:09.655+0000: 598.743: [GC [PSYoungGen: 158946K->1066K(156224K)] 306672K->148898K(843200K), 0.0078860 secs] [Times: user=0.05 sys=0.00, real=0.01 secs] 
2014-07-16T03:44:10.221+0000: 599.309: [GC [PSYoungGen: 156191K->690K(152960K)] 304023K->148936K(839936K), 0.0044190 secs] [Times: user=0.01 sys=0.00, real=0.01 secs] 
2014-07-16T03:44:10.777+0000: 599.866: [GC [PSYoungGen: 152946K->530K(150016K)] 301192K->148816K(836992K), 0.0037960 secs] [Times: user=0.01 sys=0.00, real=0.00 secs] 
2014-07-16T03:44:11.329+0000: 600.417: [GC [PSYoungGen: 149950K->1026K(147840K)] 298237K->149376K(834816K), 0.0041090 secs] [Times: user=0.02 sys=0.00, real=0.01 secs] 
2014-07-16T03:44:11.864+0000: 600.952: [GC [PSYoungGen: 147778K->1458K(177600K)] 296128K->149848K(864576K), 0.0090100 secs] [Times: user=0.04 sys=0.00, real=0.00 secs] 
2014-07-16T03:44:12.530+0000: 601.618: [GC [PSYoungGen: 177586K->688K(212096K)] 325976K->149532K(899072K), 0.0094250 secs] [Times: user=0.05 sys=0.00, real=0.01 secs] 
2014-07-16T03:44:13.304+0000: 602.392: [GC [PSYoungGen: 212080K->1446K(218624K)] 360924K->150354K(905600K), 0.0060810 secs] [Times: user=0.04 sys=0.00, real=0.00 secs] 
2014-07-16T03:44:14.094+0000: 603.183: [GC [PSYoungGen: 218302K->1050K(213056K)] 367211K->150278K(900032K), 0.0059170 secs] [Times: user=0.04 sys=0.00, real=0.00 secs] 
2014-07-16T03:44:14.886+0000: 603.974: [GC [PSYoungGen: 213013K->1790K(209024K)] 362242K->151091K(896000K), 0.0030870 secs] [Times: user=0.01 sys=0.00, real=0.00 secs] 
2014-07-16T03:44:15.642+0000: 604.730: [GC [PSYoungGen: 208986K->748K(203392K)] 358287K->150234K(890368K), 0.0081700 secs] [Times: user=0.05 sys=0.00, real=0.01 secs] 
2014-07-16T03:44:16.458+0000: 605.547: [GC [PSYoungGen: 203347K->1140K(199360K)] 352834K->150658K(886336K), 0.0088460 secs] [Times: user=0.05 sys=0.01, real=0.01 secs] 
2014-07-16T03:44:17.188+0000: 606.277: [GC [PSYoungGen: 199348K->1282K(195264K)] 348866K->151080K(882240K), 0.0053700 secs] [Times: user=0.03 sys=0.00, real=0.01 secs] 
2014-07-16T03:44:17.920+0000: 607.008: [GC [PSYoungGen: 195202K->1364K(191168K)] 345000K->151234K(878144K), 0.0035670 secs] [Times: user=0.02 sys=0.00, real=0.00 secs] 
2014-07-16T03:44:18.614+0000: 607.703: [GC [PSYoungGen: 191098K->648K(186496K)] 340969K->150558K(873472K), 0.0037250 secs] [Times: user=0.02 sys=0.00, real=0.00 secs] 
2014-07-16T03:44:19.275+0000: 608.364: [GC [PSYoungGen: 186440K->822K(182784K)] 336350K->150780K(869760K), 0.0094970 secs] [Times: user=0.06 sys=0.00, real=0.01 secs] 
2014-07-16T03:44:19.926+0000: 609.014: [GC [PSYoungGen: 182774K->698K(178944K)] 332732K->150696K(865920K), 0.0054010 secs] [Times: user=0.04 sys=0.00, real=0.00 secs] 
2014-07-16T03:44:20.569+0000: 609.657: [GC [PSYoungGen: 178938K->954K(175616K)] 328936K->151024K(862592K), 0.0031430 secs] [Times: user=0.01 sys=0.00, real=0.00 secs] 
2014-07-16T03:44:21.210+0000: 610.298: [GC [PSYoungGen: 175571K->868K(172032K)] 325642K->151018K(859008K), 0.0041060 secs] [Times: user=0.03 sys=0.00, real=0.00 secs] 
2014-07-16T03:44:21.831+0000: 610.919: [GC [PSYoungGen: 172004K->1054K(168832K)] 322154K->151292K(855808K), 0.0062260 secs] [Times: user=0.03 sys=0.00, real=0.01 secs] 
2014-07-16T03:44:22.435+0000: 611.523: [GC [PSYoungGen: 168798K->1040K(165568K)] 319036K->151350K(852544K), 0.0069570 secs] [Times: user=0.04 sys=0.00, real=0.01 secs] 
2014-07-16T03:44:23.026+0000: 612.114: [GC [PSYoungGen: 165480K->1012K(162304K)] 315790K->151370K(849280K), 0.0065300 secs] [Times: user=0.03 sys=0.00, real=0.00 secs] 
2014-07-16T03:44:23.619+0000: 612.707: [GC [PSYoungGen: 162255K->1122K(159360K)] 312614K->151634K(846336K), 0.0074060 secs] [Times: user=0.04 sys=0.00, real=0.01 secs] 
2014-07-16T03:44:24.190+0000: 613.278: [GC [PSYoungGen: 159285K->1426K(191360K)] 309798K->151995K(878336K), 0.0068280 secs] [Times: user=0.03 sys=0.00, real=0.01 secs] 
2014-07-16T03:44:24.867+0000: 613.955: [GC [PSYoungGen: 191314K->630K(186560K)] 341883K->151384K(873536K), 0.0037080 secs] [Times: user=0.02 sys=0.00, real=0.00 secs] 
2014-07-16T03:44:25.547+0000: 614.636: [GC [PSYoungGen: 186550K->1326K(183424K)] 337304K->152145K(870400K), 0.0055790 secs] [Times: user=0.03 sys=0.00, real=0.00 secs] 
2014-07-16T03:44:26.227+0000: 615.315: [GC [PSYoungGen: 183364K->876K(179264K)] 334183K->151874K(866240K), 0.0032270 secs] [Times: user=0.02 sys=0.00, real=0.00 secs] 
2014-07-16T03:44:26.860+0000: 615.948: [GC [PSYoungGen: 179205K->868K(175680K)] 330204K->151962K(862656K), 0.0040710 secs] [Times: user=0.02 sys=0.00, real=0.00 secs] 
2014-07-16T03:44:27.491+0000: 616.580: [GC [PSYoungGen: 175652K->1312K(172608K)] 326746K->152455K(859584K), 0.0072550 secs] [Times: user=0.05 sys=0.01, real=0.01 secs] 
2014-07-16T03:44:28.112+0000: 617.200: [GC [PSYoungGen: 172576K->512K(168384K)] 323719K->151702K(855360K), 0.0066890 secs] [Times: user=0.03 sys=0.00, real=0.01 secs] 
2014-07-16T03:44:28.734+0000: 617.822: [GC [PSYoungGen: 168384K->908K(165568K)] 319574K->152163K(852544K), 0.0064130 secs] [Times: user=0.04 sys=0.00, real=0.01 secs] 
2014-07-16T03:44:29.314+0000: 618.402: [GC [PSYoungGen: 165516K->722K(162176K)] 316771K->152032K(849152K), 0.0050040 secs] [Times: user=0.01 sys=0.00, real=0.01 secs] 
2014-07-16T03:44:29.908+0000: 618.996: [GC [PSYoungGen: 162130K->644K(159040K)] 313440K->152034K(846016K), 0.0033220 secs] [Times: user=0.01 sys=0.01, real=0.00 secs] 
2014-07-16T03:44:30.468+0000: 619.556: [GC [PSYoungGen: 158955K->1062K(191104K)] 310346K->152493K(878080K), 0.0122900 secs] [Times: user=0.07 sys=0.00, real=0.01 secs] 
2014-07-16T03:44:31.180+0000: 620.268: [GC [PSYoungGen: 191078K->1186K(229248K)] 342509K->152673K(916224K), 0.0096700 secs] [Times: user=0.05 sys=0.00, real=0.01 secs] 
2014-07-16T03:44:31.994+0000: 621.082: [GC [PSYoungGen: 229218K->830K(237312K)] 380705K->152381K(924288K), 0.0047320 secs] [Times: user=0.03 sys=0.00, real=0.01 secs] 
2014-07-16T03:44:32.857+0000: 621.945: [GC [PSYoungGen: 236478K->1062K(231168K)] 388029K->152661K(918144K), 0.0076840 secs] [Times: user=0.04 sys=0.00, real=0.01 secs] 
2014-07-16T03:44:33.694+0000: 622.782: [GC [PSYoungGen: 231133K->972K(225728K)] 382732K->152675K(912704K), 0.0044660 secs] [Times: user=0.02 sys=0.00, real=0.01 secs] 
2014-07-16T03:44:34.510+0000: 623.598: [GC [PSYoungGen: 225676K->954K(220480K)] 377379K->152728K(907456K), 0.0036530 secs] [Times: user=0.02 sys=0.00, real=0.00 secs] 
2014-07-16T03:44:35.315+0000: 624.403: [GC [PSYoungGen: 220474K->640K(215168K)] 372248K->152478K(902144K), 0.0049930 secs] [Times: user=0.03 sys=0.00, real=0.01 secs] 
2014-07-16T03:44:36.117+0000: 625.205: [GC [PSYoungGen: 215168K->1382K(211072K)] 367006K->153593K(898048K), 0.0064940 secs] [Times: user=0.04 sys=0.00, real=0.01 secs] 
2014-07-16T03:44:36.848+0000: 625.936: [GC [PSYoungGen: 211046K->612K(205632K)] 363257K->152870K(892608K), 0.0059160 secs] [Times: user=0.03 sys=0.00, real=0.00 secs] 
2014-07-16T03:44:37.592+0000: 626.680: [GC [PSYoungGen: 205604K->694K(201216K)] 357862K->153098K(888192K), 0.0027790 secs] [Times: user=0.01 sys=0.00, real=0.00 secs] 
2014-07-16T03:44:38.303+0000: 627.391: [GC [PSYoungGen: 201206K->1218K(197440K)] 353610K->153687K(884416K), 0.0050160 secs] [Times: user=0.02 sys=0.00, real=0.01 secs] 
2014-07-16T03:44:39.025+0000: 628.113: [GC [PSYoungGen: 197378K->1076K(193024K)] 349847K->153609K(880000K), 0.0029980 secs] [Times: user=0.01 sys=0.00, real=0.01 secs] 
2014-07-16T03:44:39.753+0000: 628.841: [GC [PSYoungGen: 193012K->1122K(188992K)] 345545K->153687K(875968K), 0.0128040 secs] [Times: user=0.07 sys=0.00, real=0.01 secs] 
2014-07-16T03:44:40.445+0000: 629.533: [GC [PSYoungGen: 188962K->1276K(185216K)] 341527K->154103K(872192K), 0.0040820 secs] [Times: user=0.01 sys=0.00, real=0.01 secs] 
2014-07-16T03:44:41.163+0000: 630.251: [GC [PSYoungGen: 185211K->1558K(181760K)] 338038K->154441K(868736K), 0.0115670 secs] [Times: user=0.07 sys=0.00, real=0.01 secs] 
2014-07-16T03:44:41.845+0000: 630.934: [GC [PSYoungGen: 181718K->744K(177280K)] 334601K->153765K(864256K), 0.0041630 secs] [Times: user=0.02 sys=0.00, real=0.01 secs] 
2014-07-16T03:44:42.530+0000: 631.618: [GC [PSYoungGen: 177256K->1194K(213056K)] 330277K->154247K(900032K), 0.0099670 secs] [Times: user=0.05 sys=0.01, real=0.01 secs] 
2014-07-16T03:44:43.344+0000: 632.433: [GC [PSYoungGen: 213017K->1140K(208256K)] 366070K->154273K(895232K), 0.0055940 secs] [Times: user=0.03 sys=0.00, real=0.01 secs] 
2014-07-16T03:44:44.113+0000: 633.201: [GC [PSYoungGen: 208244K->808K(203328K)] 361377K->154021K(890304K), 0.0060440 secs] [Times: user=0.03 sys=0.00, real=0.01 secs] 
2014-07-16T03:44:44.862+0000: 633.951: [GC [PSYoungGen: 203304K->1286K(199424K)] 356517K->154547K(886400K), 0.0099220 secs] [Times: user=0.04 sys=0.00, real=0.01 secs] 
2014-07-16T03:44:45.580+0000: 634.668: [GC [PSYoungGen: 199366K->740K(194560K)] 352627K->154057K(881536K), 0.0040930 secs] [Times: user=0.02 sys=0.01, real=0.00 secs] 
2014-07-16T03:44:46.287+0000: 635.375: [GC [PSYoungGen: 194532K->1372K(191104K)] 347849K->154761K(878080K), 0.0054550 secs] [Times: user=0.03 sys=0.00, real=0.01 secs] 
2014-07-16T03:44:46.978+0000: 636.067: [GC [PSYoungGen: 191068K->644K(186432K)] 344457K->154097K(873408K), 0.0067050 secs] [Times: user=0.04 sys=0.00, real=0.01 secs] 
2014-07-16T03:44:47.655+0000: 636.743: [GC [PSYoungGen: 186343K->1004K(182912K)] 339796K->154537K(869888K), 0.0029710 secs] [Times: user=0.02 sys=0.00, real=0.00 secs] 
2014-07-16T03:44:48.317+0000: 637.405: [GC [PSYoungGen: 182892K->530K(178752K)] 336425K->154103K(865728K), 0.0115600 secs] [Times: user=0.06 sys=0.00, real=0.01 secs] 
2014-07-16T03:44:48.960+0000: 638.048: [GC [PSYoungGen: 178706K->944K(175552K)] 332279K->154565K(862528K), 0.0035200 secs] [Times: user=0.01 sys=0.01, real=0.00 secs] 
2014-07-16T03:44:49.596+0000: 638.684: [GC [PSYoungGen: 175514K->608K(171712K)] 329135K->154308K(858688K), 0.0047740 secs] [Times: user=0.03 sys=0.00, real=0.01 secs] 
2014-07-16T03:44:50.222+0000: 639.311: [GC [PSYoungGen: 171680K->1150K(168832K)] 325380K->154907K(855808K), 0.0078650 secs] [Times: user=0.04 sys=0.00, real=0.01 secs] 
2014-07-16T03:44:50.818+0000: 639.906: [GC [PSYoungGen: 168815K->854K(165312K)] 322572K->154691K(852288K), 0.0053590 secs] [Times: user=0.03 sys=0.00, real=0.01 secs] 
2014-07-16T03:44:51.430+0000: 640.519: [GC [PSYoungGen: 165267K->704K(161920K)] 319104K->154604K(848896K), 0.0045610 secs] [Times: user=0.03 sys=0.00, real=0.00 secs] 
2014-07-16T03:44:52.019+0000: 641.107: [GC [PSYoungGen: 161920K->1636K(195136K)] 315820K->155609K(882112K), 0.0162990 secs] [Times: user=0.09 sys=0.01, real=0.02 secs] 
2014-07-16T03:44:52.711+0000: 641.799: [GC [PSYoungGen: 195097K->826K(233024K)] 349070K->154871K(920000K), 0.0054850 secs] [Times: user=0.03 sys=0.00, real=0.00 secs] 
2014-07-16T03:44:53.553+0000: 642.641: [GC [PSYoungGen: 233018K->676K(254848K)] 387063K->154785K(941824K), 0.0049220 secs] [Times: user=0.03 sys=0.00, real=0.00 secs] 
2014-07-16T03:44:54.459+0000: 643.548: [GC [PSYoungGen: 253732K->972K(247872K)] 407841K->155137K(934848K), 0.0037230 secs] [Times: user=0.02 sys=0.00, real=0.01 secs] 
2014-07-16T03:44:55.375+0000: 644.463: [GC [PSYoungGen: 247820K->1258K(242112K)] 401985K->155487K(929088K), 0.0060410 secs] [Times: user=0.04 sys=0.00, real=0.01 secs] 
2014-07-16T03:44:56.263+0000: 645.351: [GC [PSYoungGen: 242090K->1190K(236288K)] 396319K->155741K(923264K), 0.0068070 secs] [Times: user=0.03 sys=0.01, real=0.00 secs] 
2014-07-16T03:44:57.102+0000: 646.190: [GC [PSYoungGen: 236262K->1576K(231104K)] 390813K->156175K(918080K), 0.0038980 secs] [Times: user=0.02 sys=0.01, real=0.00 secs] 
2014-07-16T03:44:57.925+0000: 647.013: [GC [PSYoungGen: 231054K->662K(224832K)] 385653K->155639K(911808K), 0.0046330 secs] [Times: user=0.02 sys=0.00, real=0.00 secs] 
2014-07-16T03:44:58.745+0000: 647.833: [GC [PSYoungGen: 224766K->958K(219904K)] 379743K->155983K(906880K), 0.0034090 secs] [Times: user=0.02 sys=0.00, real=0.00 secs] 
2014-07-16T03:44:59.527+0000: 648.615: [GC [PSYoungGen: 219902K->1358K(215360K)] 374927K->156479K(902336K), 0.0035700 secs] [Times: user=0.01 sys=0.00, real=0.00 secs] 
2014-07-16T03:45:00.312+0000: 649.401: [GC [PSYoungGen: 215310K->858K(210048K)] 370431K->156019K(897024K), 0.0084560 secs] [Times: user=0.04 sys=0.00, real=0.00 secs] 
2014-07-16T03:45:01.064+0000: 650.152: [GC [PSYoungGen: 210010K->990K(205504K)] 365171K->156199K(892480K), 0.0109830 secs] [Times: user=0.07 sys=0.00, real=0.01 secs] 
2014-07-16T03:45:01.814+0000: 650.903: [GC [PSYoungGen: 205470K->772K(200832K)] 360679K->156053K(887808K), 0.0043790 secs] [Times: user=0.02 sys=0.01, real=0.00 secs] 
2014-07-16T03:45:02.540+0000: 651.628: [GC [PSYoungGen: 200770K->644K(196352K)] 356051K->156021K(883328K), 0.0051540 secs] [Times: user=0.03 sys=0.01, real=0.01 secs] 
2014-07-16T03:45:03.247+0000: 652.335: [GC [PSYoungGen: 196292K->992K(192512K)] 351669K->156457K(879488K), 0.0033710 secs] [Times: user=0.02 sys=0.01, real=0.00 secs] 
2014-07-16T03:45:03.955+0000: 653.043: [GC [PSYoungGen: 192480K->1186K(188672K)] 347945K->156723K(875648K), 0.0054530 secs] [Times: user=0.03 sys=0.00, real=0.00 secs] 
2014-07-16T03:45:04.634+0000: 653.723: [GC [PSYoungGen: 188642K->608K(184192K)] 344179K->156241K(871168K), 0.0057160 secs] [Times: user=0.04 sys=0.00, real=0.00 secs] 
2014-07-16T03:45:05.313+0000: 654.401: [GC [PSYoungGen: 184160K->1182K(180992K)] 339793K->156911K(867968K), 0.0042410 secs] [Times: user=0.02 sys=0.00, real=0.00 secs] 
2014-07-16T03:45:05.958+0000: 655.047: [GC [PSYoungGen: 180958K->862K(177024K)] 336687K->156647K(864000K), 0.0073430 secs] [Times: user=0.04 sys=0.00, real=0.01 secs] 
2014-07-16T03:45:06.621+0000: 655.709: [GC [PSYoungGen: 176970K->958K(173568K)] 332755K->156831K(860544K), 0.0057210 secs] [Times: user=0.04 sys=0.00, real=0.01 secs] 
2014-07-16T03:45:07.245+0000: 656.333: [GC [PSYoungGen: 173502K->1068K(170240K)] 329375K->157045K(857216K), 0.0056990 secs] [Times: user=0.04 sys=0.00, real=0.00 secs] 
2014-07-16T03:45:07.841+0000: 656.929: [GC [PSYoungGen: 170220K->1168K(167040K)] 326197K->157217K(854016K), 0.0040920 secs] [Times: user=0.02 sys=0.01, real=0.01 secs] 
2014-07-16T03:45:08.433+0000: 657.521: [GC [PSYoungGen: 166992K->986K(163648K)] 323041K->157099K(850624K), 0.0038610 secs] [Times: user=0.02 sys=0.00, real=0.00 secs] 
2014-07-16T03:45:09.025+0000: 658.113: [GC [PSYoungGen: 163580K->904K(160448K)] 319693K->157089K(847424K), 0.0063230 secs] [Times: user=0.04 sys=0.00, real=0.00 secs] 
2014-07-16T03:45:09.612+0000: 658.700: [GC [PSYoungGen: 160368K->908K(157440K)] 316553K->157165K(844416K), 0.0057290 secs] [Times: user=0.04 sys=0.00, real=0.01 secs] 
2014-07-16T03:45:10.173+0000: 659.261: [GC [PSYoungGen: 157388K->1058K(154624K)] 313645K->157371K(841600K), 0.0040000 secs] [Times: user=0.01 sys=0.00, real=0.00 secs] 
2014-07-16T03:45:10.727+0000: 659.815: [GC [PSYoungGen: 154564K->1212K(151936K)] 310877K->157565K(838912K), 0.0049570 secs] [Times: user=0.02 sys=0.00, real=0.00 secs] 
2014-07-16T03:45:11.273+0000: 660.361: [GC [PSYoungGen: 151932K->690K(148672K)] 308285K->157123K(835648K), 0.0045260 secs] [Times: user=0.03 sys=0.01, real=0.00 secs] 
2014-07-16T03:45:11.802+0000: 660.890: [GC [PSYoungGen: 148653K->790K(146112K)] 305086K->157295K(833088K), 0.0035390 secs] [Times: user=0.02 sys=0.00, real=0.00 secs] 
2014-07-16T03:45:12.324+0000: 661.412: [GC [PSYoungGen: 146070K->1462K(144192K)] 302575K->158427K(831168K), 0.0049800 secs] [Times: user=0.03 sys=0.00, real=0.00 secs] 
2014-07-16T03:45:12.846+0000: 661.935: [GC [PSYoungGen: 144145K->1368K(141632K)] 301110K->158389K(828608K), 0.0041810 secs] [Times: user=0.01 sys=0.00, real=0.00 secs] 
2014-07-16T03:45:13.359+0000: 662.447: [GC [PSYoungGen: 141592K->762K(138560K)] 298613K->157969K(825536K), 0.0057390 secs] [Times: user=0.03 sys=0.00, real=0.01 secs] 
2014-07-16T03:45:13.846+0000: 662.934: [GC [PSYoungGen: 138554K->1226K(136704K)] 295761K->158489K(823680K), 0.0035260 secs] [Times: user=0.01 sys=0.00, real=0.00 secs] 
2014-07-16T03:45:14.334+0000: 663.423: [GC [PSYoungGen: 136650K->708K(133888K)] 293913K->158059K(820864K), 0.0071610 secs] [Times: user=0.04 sys=0.00, real=0.00 secs] 
2014-07-16T03:45:14.804+0000: 663.892: [GC [PSYoungGen: 133763K->1158K(132096K)] 291114K->158605K(819072K), 0.0051790 secs] [Times: user=0.03 sys=0.00, real=0.00 secs] 
2014-07-16T03:45:15.288+0000: 664.376: [GC [PSYoungGen: 131996K->1104K(129856K)] 289443K->158663K(816832K), 0.0041520 secs] [Times: user=0.02 sys=0.00, real=0.00 secs] 
2014-07-16T03:45:15.760+0000: 664.848: [GC [PSYoungGen: 129808K->448K(127040K)] 287367K->158047K(814016K), 0.0035990 secs] [Times: user=0.01 sys=0.00, real=0.01 secs] 
2014-07-16T03:45:16.207+0000: 665.296: [GC [PSYoungGen: 127040K->858K(125440K)] 284639K->158529K(812416K), 0.0053700 secs] [Times: user=0.03 sys=0.01, real=0.00 secs] 
2014-07-16T03:45:16.671+0000: 665.759: [GC [PSYoungGen: 125352K->1422K(124032K)] 283023K->159149K(811008K), 0.0035700 secs] [Times: user=0.02 sys=0.00, real=0.01 secs] 
2014-07-16T03:45:17.114+0000: 666.202: [GC [PSYoungGen: 123981K->1000K(148096K)] 281708K->159105K(835072K), 0.0070240 secs] [Times: user=0.04 sys=0.00, real=0.00 secs] 
2014-07-16T03:45:17.644+0000: 666.733: [GC [PSYoungGen: 148072K->726K(177280K)] 306177K->158927K(864256K), 0.0062880 secs] [Times: user=0.04 sys=0.00, real=0.00 secs] 
2014-07-16T03:45:18.281+0000: 667.369: [GC [PSYoungGen: 177166K->776K(212672K)] 335368K->159041K(899648K), 0.0055330 secs] [Times: user=0.03 sys=0.00, real=0.01 secs] 
2014-07-16T03:45:19.052+0000: 668.140: [GC [PSYoungGen: 212616K->940K(208064K)] 370881K->159277K(895040K), 0.0051630 secs] [Times: user=0.03 sys=0.00, real=0.01 secs] 
2014-07-16T03:45:19.844+0000: 668.932: [GC [PSYoungGen: 208007K->1018K(203520K)] 366344K->159427K(890496K), 0.0072150 secs] [Times: user=0.04 sys=0.00, real=0.01 secs] 
2014-07-16T03:45:20.550+0000: 669.638: [GC [PSYoungGen: 203514K->1040K(244096K)] 361923K->159497K(931072K), 0.0109720 secs] [Times: user=0.06 sys=0.00, real=0.01 secs] 
2014-07-16T03:45:21.481+0000: 670.569: [GC [PSYoungGen: 244048K->1268K(238400K)] 402505K->160081K(925376K), 0.0038070 secs] [Times: user=0.02 sys=0.00, real=0.01 secs] 
2014-07-16T03:45:22.293+0000: 671.381: [GC [PSYoungGen: 238388K->1254K(232768K)] 397201K->160131K(919744K), 0.0062830 secs] [Times: user=0.04 sys=0.00, real=0.01 secs] 
2014-07-16T03:45:23.143+0000: 672.231: [GC [PSYoungGen: 232742K->1032K(227136K)] 391619K->160063K(914112K), 0.0030990 secs] [Times: user=0.01 sys=0.00, real=0.01 secs] 
2014-07-16T03:45:23.961+0000: 673.049: [GC [PSYoungGen: 227080K->530K(221376K)] 386111K->159625K(908352K), 0.0045940 secs] [Times: user=0.03 sys=0.00, real=0.01 secs] 
2014-07-16T03:45:24.770+0000: 673.859: [GC [PSYoungGen: 221330K->1162K(216960K)] 380425K->160329K(903936K), 0.0063600 secs] [Times: user=0.03 sys=0.00, real=0.01 secs] 
2014-07-16T03:45:25.558+0000: 674.647: [GC [PSYoungGen: 216906K->894K(211776K)] 376073K->160117K(898752K), 0.0046970 secs] [Times: user=0.03 sys=0.00, real=0.00 secs] 
2014-07-16T03:45:26.315+0000: 675.403: [GC [PSYoungGen: 211774K->566K(206720K)] 370997K->159861K(893696K), 0.0051060 secs] [Times: user=0.04 sys=0.00, real=0.01 secs] 
2014-07-16T03:45:27.062+0000: 676.151: [GC [PSYoungGen: 206710K->1158K(202816K)] 366005K->160509K(889792K), 0.0075050 secs] [Times: user=0.04 sys=0.00, real=0.01 secs] 
2014-07-16T03:45:27.792+0000: 676.881: [GC [PSYoungGen: 202758K->822K(198016K)] 362109K->160229K(884992K), 0.0041040 secs] [Times: user=0.02 sys=0.00, real=0.01 secs] 
2014-07-16T03:45:28.507+0000: 677.595: [GC [PSYoungGen: 198006K->1122K(194112K)] 357413K->160625K(881088K), 0.0032850 secs] [Times: user=0.02 sys=0.00, real=0.00 secs] 
2014-07-16T03:45:29.219+0000: 678.308: [GC [PSYoungGen: 194082K->804K(189696K)] 353585K->160387K(876672K), 0.0034780 secs] [Times: user=0.01 sys=0.00, real=0.00 secs] 
2014-07-16T03:45:29.901+0000: 678.989: [GC [PSYoungGen: 189668K->880K(185792K)] 349251K->160543K(872768K), 0.0100110 secs] [Times: user=0.06 sys=0.00, real=0.01 secs] 
2014-07-16T03:45:30.576+0000: 679.664: [GC [PSYoungGen: 185776K->722K(181824K)] 345439K->160465K(868800K), 0.0069880 secs] [Times: user=0.04 sys=0.00, real=0.00 secs] 
2014-07-16T03:45:31.218+0000: 680.306: [GC [PSYoungGen: 181778K->1450K(178816K)] 341521K->161225K(865792K), 0.0050530 secs] [Times: user=0.02 sys=0.00, real=0.00 secs] 
2014-07-16T03:45:31.865+0000: 680.953: [GC [PSYoungGen: 178794K->876K(174656K)] 338569K->160845K(861632K), 0.0032930 secs] [Times: user=0.01 sys=0.00, real=0.01 secs] 
2014-07-16T03:45:32.490+0000: 681.579: [GC [PSYoungGen: 174636K->926K(171264K)] 334605K->160951K(858240K), 0.0033130 secs] [Times: user=0.02 sys=0.00, real=0.00 secs] 
2014-07-16T03:45:33.114+0000: 682.203: [GC [PSYoungGen: 171230K->480K(167488K)] 331255K->160595K(854464K), 0.0051380 secs] [Times: user=0.01 sys=0.00, real=0.01 secs] 
2014-07-16T03:45:33.716+0000: 682.805: [GC [PSYoungGen: 167453K->922K(164672K)] 327569K->161157K(851648K), 0.0052180 secs] [Times: user=0.03 sys=0.01, real=0.00 secs] 
2014-07-16T03:45:34.302+0000: 683.390: [GC [PSYoungGen: 164623K->890K(161472K)] 324859K->161205K(848448K), 0.0058080 secs] [Times: user=0.04 sys=0.00, real=0.01 secs] 
2014-07-16T03:45:34.877+0000: 683.966: [GC [PSYoungGen: 161466K->1208K(158720K)] 321781K->161595K(845696K), 0.0065980 secs] [Times: user=0.04 sys=0.00, real=0.00 secs] 
2014-07-16T03:45:35.451+0000: 684.539: [GC [PSYoungGen: 158712K->1008K(155584K)] 319099K->161597K(842560K), 0.0048390 secs] [Times: user=0.02 sys=0.00, real=0.01 secs] 
2014-07-16T03:45:36.001+0000: 685.090: [GC [PSYoungGen: 155568K->822K(152512K)] 316157K->161483K(839488K), 0.0052700 secs] [Times: user=0.02 sys=0.01, real=0.01 secs] 
2014-07-16T03:45:36.625+0000: 685.714: [GC [PSYoungGen: 152502K->1406K(150336K)] 313163K->162425K(837312K), 0.0078830 secs] [Times: user=0.03 sys=0.00, real=0.01 secs] 
2014-07-16T03:45:37.128+0000: 686.216: [GC [PSYoungGen: 150334K->982K(147264K)] 311353K->162097K(834240K), 0.0058400 secs] [Times: user=0.03 sys=0.00, real=0.00 secs] 
2014-07-16T03:45:37.642+0000: 686.730: [GC [PSYoungGen: 147222K->958K(144576K)] 308337K->162177K(831552K), 0.0050570 secs] [Times: user=0.03 sys=0.00, real=0.01 secs] 
2014-07-16T03:45:38.163+0000: 687.251: [GC [PSYoungGen: 144574K->758K(173120K)] 305793K->162017K(860096K), 0.0070170 secs] [Times: user=0.04 sys=0.00, real=0.01 secs] 
2014-07-16T03:45:38.777+0000: 687.865: [GC [PSYoungGen: 173110K->876K(169856K)] 334369K->162223K(856832K), 0.0031950 secs] [Times: user=0.02 sys=0.00, real=0.01 secs] 
2014-07-16T03:45:39.387+0000: 688.475: [GC [PSYoungGen: 169835K->794K(203584K)] 331182K->162165K(890560K), 0.0098490 secs] [Times: user=0.05 sys=0.00, real=0.01 secs] 
2014-07-16T03:45:40.128+0000: 689.216: [GC [PSYoungGen: 203546K->594K(233216K)] 364917K->162021K(920192K), 0.0060760 secs] [Times: user=0.04 sys=0.00, real=0.00 secs] 
2014-07-16T03:45:40.964+0000: 690.053: [GC [PSYoungGen: 232210K->580K(226816K)] 393637K->162055K(913792K), 0.0050080 secs] [Times: user=0.03 sys=0.00, real=0.01 secs] 
2014-07-16T03:45:41.785+0000: 690.874: [GC [PSYoungGen: 226734K->1022K(221952K)] 388209K->162785K(908928K), 0.0080470 secs] [Times: user=0.05 sys=0.00, real=0.01 secs] 
2014-07-16T03:45:42.590+0000: 691.678: [GC [PSYoungGen: 221950K->1104K(217024K)] 383713K->162963K(904000K), 0.0060490 secs] [Times: user=0.04 sys=0.00, real=0.00 secs] 
2014-07-16T03:45:43.353+0000: 692.441: [GC [PSYoungGen: 216976K->448K(211456K)] 378835K->162363K(898432K), 0.0042970 secs] [Times: user=0.03 sys=0.00, real=0.01 secs] 
2014-07-16T03:45:44.115+0000: 693.203: [GC [PSYoungGen: 211456K->704K(206976K)] 373371K->162691K(893952K), 0.0080620 secs] [Times: user=0.04 sys=0.00, real=0.01 secs] 
2014-07-16T03:45:44.857+0000: 693.945: [GC [PSYoungGen: 206903K->1044K(202816K)] 368890K->163079K(889792K), 0.0038660 secs] [Times: user=0.02 sys=0.00, real=0.01 secs] 
2014-07-16T03:45:45.644+0000: 694.732: [GC [PSYoungGen: 202765K->1058K(198400K)] 364800K->163165K(885376K), 0.0061110 secs] [Times: user=0.03 sys=0.00, real=0.01 secs] 
2014-07-16T03:45:46.376+0000: 695.464: [GC [PSYoungGen: 198370K->950K(194048K)] 360477K->163081K(881024K), 0.0051540 secs] [Times: user=0.01 sys=0.00, real=0.01 secs] 
2014-07-16T03:45:47.112+0000: 696.200: [GC [PSYoungGen: 194038K->1004K(190016K)] 356169K->163207K(876992K), 0.0042680 secs] [Times: user=0.02 sys=0.00, real=0.00 secs] 
2014-07-16T03:45:47.814+0000: 696.902: [GC [PSYoungGen: 189996K->762K(185792K)] 352199K->162989K(872768K), 0.0043300 secs] [Times: user=0.01 sys=0.00, real=0.01 secs] 
2014-07-16T03:45:48.492+0000: 697.580: [GC [PSYoungGen: 185786K->1082K(182272K)] 348013K->163405K(869248K), 0.0060860 secs] [Times: user=0.03 sys=0.00, real=0.01 secs] 
2014-07-16T03:45:49.189+0000: 698.277: [GC [PSYoungGen: 182242K->986K(178496K)] 344566K->163381K(865472K), 0.0038600 secs] [Times: user=0.02 sys=0.00, real=0.00 secs] 
2014-07-16T03:45:49.853+0000: 698.941: [GC [PSYoungGen: 178458K->822K(174720K)] 340853K->163281K(861696K), 0.0036370 secs] [Times: user=0.01 sys=0.01, real=0.00 secs] 
2014-07-16T03:45:50.504+0000: 699.592: [GC [PSYoungGen: 174693K->1140K(171584K)] 337152K->163679K(858560K), 0.0033340 secs] [Times: user=0.01 sys=0.00, real=0.00 secs] 
2014-07-16T03:45:51.172+0000: 700.260: [GC [PSYoungGen: 171543K->1444K(168512K)] 334083K->164123K(855488K), 0.0070090 secs] [Times: user=0.04 sys=0.00, real=0.01 secs] 
2014-07-16T03:45:51.779+0000: 700.867: [GC [PSYoungGen: 168484K->370K(164160K)] 331163K->163489K(851136K), 0.0063260 secs] [Times: user=0.04 sys=0.00, real=0.00 secs] 
2014-07-16T03:45:52.348+0000: 701.437: [GC [PSYoungGen: 164112K->1376K(162048K)] 327231K->164567K(849024K), 0.0055130 secs] [Times: user=0.03 sys=0.00, real=0.01 secs] 
2014-07-16T03:45:52.935+0000: 702.023: [GC [PSYoungGen: 162016K->890K(158464K)] 325207K->164453K(845440K), 0.0058020 secs] [Times: user=0.02 sys=0.00, real=0.01 secs] 
2014-07-16T03:45:53.501+0000: 702.589: [GC [PSYoungGen: 158458K->640K(155264K)] 322021K->164251K(842240K), 0.0055440 secs] [Times: user=0.02 sys=0.00, real=0.00 secs] 
2014-07-16T03:45:54.061+0000: 703.150: [GC [PSYoungGen: 155244K->1054K(152832K)] 318856K->164745K(839808K), 0.0052230 secs] [Times: user=0.02 sys=0.00, real=0.00 secs] 
2014-07-16T03:45:54.617+0000: 703.705: [GC [PSYoungGen: 152783K->576K(182720K)] 316475K->164315K(869696K), 0.0111520 secs] [Times: user=0.06 sys=0.00, real=0.01 secs] 
2014-07-16T03:45:55.264+0000: 704.353: [GC [PSYoungGen: 182715K->1350K(219840K)] 346454K->165185K(906816K), 0.0045010 secs] [Times: user=0.03 sys=0.00, real=0.00 secs] 
2014-07-16T03:45:56.046+0000: 705.135: [GC [PSYoungGen: 219560K->940K(219968K)] 383396K->164863K(906944K), 0.0075400 secs] [Times: user=0.04 sys=0.01, real=0.01 secs] 
2014-07-16T03:45:56.848+0000: 705.936: [GC [PSYoungGen: 219147K->1344K(214656K)] 383071K->165347K(901632K), 0.0052430 secs] [Times: user=0.04 sys=0.00, real=0.01 secs] 
2014-07-16T03:45:57.593+0000: 706.681: [GC [PSYoungGen: 214592K->1126K(209600K)] 378595K->165209K(896576K), 0.0056690 secs] [Times: user=0.03 sys=0.00, real=0.00 secs] 
2014-07-16T03:45:58.334+0000: 707.423: [GC [PSYoungGen: 209574K->954K(204800K)] 373657K->165143K(891776K), 0.0096200 secs] [Times: user=0.05 sys=0.00, real=0.01 secs] 
2014-07-16T03:45:59.063+0000: 708.151: [GC [PSYoungGen: 204765K->1640K(246272K)] 368955K->165918K(933248K), 0.0083750 secs] [Times: user=0.05 sys=0.01, real=0.01 secs] 
2014-07-16T03:45:59.944+0000: 709.032: [GC [PSYoungGen: 246248K->722K(239424K)] 410526K->165079K(926400K), 0.0045080 secs] [Times: user=0.03 sys=0.00, real=0.00 secs] 
2014-07-16T03:46:00.805+0000: 709.893: [GC [PSYoungGen: 239335K->1004K(233984K)] 403693K->165409K(920960K), 0.0114450 secs] [Times: user=0.06 sys=0.01, real=0.01 secs] 
2014-07-16T03:46:01.648+0000: 710.737: [GC [PSYoungGen: 233923K->1008K(228480K)] 398328K->165509K(915456K), 0.0035080 secs] [Times: user=0.01 sys=0.00, real=0.01 secs] 
2014-07-16T03:46:02.487+0000: 711.575: [GC [PSYoungGen: 228437K->1526K(223680K)] 392939K->166100K(910656K), 0.0074180 secs] [Times: user=0.04 sys=0.00, real=0.01 secs] 
2014-07-16T03:46:03.285+0000: 712.374: [GC [PSYoungGen: 223670K->698K(217728K)] 388244K->165311K(904704K), 0.0114200 secs] [Times: user=0.07 sys=0.00, real=0.01 secs] 
2014-07-16T03:46:04.065+0000: 713.153: [GC [PSYoungGen: 217703K->1044K(213184K)] 382317K->165729K(900160K), 0.0074950 secs] [Times: user=0.04 sys=0.00, real=0.01 secs] 
2014-07-16T03:46:04.840+0000: 713.928: [GC [PSYoungGen: 213104K->1496K(208896K)] 377790K->166261K(895872K), 0.0063110 secs] [Times: user=0.03 sys=0.00, real=0.01 secs] 
2014-07-16T03:46:05.576+0000: 714.664: [GC [PSYoungGen: 208856K->804K(203584K)] 373621K->165649K(890560K), 0.0067180 secs] [Times: user=0.04 sys=0.00, real=0.01 secs] 
2014-07-16T03:46:06.307+0000: 715.395: [GC [PSYoungGen: 203556K->1340K(199680K)] 368401K->166226K(886656K), 0.0049170 secs] [Times: user=0.01 sys=0.00, real=0.01 secs] 
2014-07-16T03:46:07.073+0000: 716.161: [GC [PSYoungGen: 199648K->1044K(195136K)] 364534K->165985K(882112K), 0.0064740 secs] [Times: user=0.04 sys=0.01, real=0.00 secs] 
2014-07-16T03:46:07.749+0000: 716.837: [GC [PSYoungGen: 195092K->544K(190464K)] 360033K->165549K(877440K), 0.0042290 secs] [Times: user=0.02 sys=0.00, real=0.01 secs] 
2014-07-16T03:46:08.461+0000: 717.549: [GC [PSYoungGen: 190431K->1118K(187072K)] 355437K->166211K(874048K), 0.0048170 secs] [Times: user=0.03 sys=0.01, real=0.00 secs] 
2014-07-16T03:46:09.123+0000: 718.211: [GC [PSYoungGen: 187038K->1254K(183360K)] 352131K->166459K(870336K), 0.0068030 secs] [Times: user=0.04 sys=0.00, real=0.00 secs] 
2014-07-16T03:46:09.792+0000: 718.880: [GC [PSYoungGen: 183334K->1790K(180160K)] 348539K->167060K(867136K), 0.0072110 secs] [Times: user=0.04 sys=0.01, real=0.00 secs] 
2014-07-16T03:46:10.433+0000: 719.521: [GC [PSYoungGen: 180158K->552K(175360K)] 345428K->166089K(862336K), 0.0044650 secs] [Times: user=0.03 sys=0.00, real=0.00 secs] 
2014-07-16T03:46:11.062+0000: 720.151: [GC [PSYoungGen: 175326K->1058K(172352K)] 340864K->166675K(859328K), 0.0034680 secs] [Times: user=0.01 sys=0.00, real=0.00 secs] 
2014-07-16T03:46:11.685+0000: 720.774: [GC [PSYoungGen: 172322K->918K(168832K)] 337939K->166681K(855808K), 0.0054160 secs] [Times: user=0.03 sys=0.00, real=0.00 secs] 
2014-07-16T03:46:12.317+0000: 721.405: [GC [PSYoungGen: 168790K->1164K(165824K)] 334553K->167023K(852800K), 0.0040640 secs] [Times: user=0.02 sys=0.00, real=0.00 secs] 
2014-07-16T03:46:12.912+0000: 722.000: [GC [PSYoungGen: 165768K->658K(162112K)] 331628K->166597K(849088K), 0.0052360 secs] [Times: user=0.03 sys=0.00, real=0.01 secs] 
2014-07-16T03:46:13.489+0000: 722.577: [GC [PSYoungGen: 162066K->1600K(160000K)] 328005K->167604K(846976K), 0.0044550 secs] [Times: user=0.02 sys=0.00, real=0.01 secs] 
2014-07-16T03:46:14.067+0000: 723.156: [GC [PSYoungGen: 159936K->1196K(156544K)] 325940K->167255K(843520K), 0.0080820 secs] [Times: user=0.05 sys=0.00, real=0.01 secs] 
2014-07-16T03:46:14.636+0000: 723.724: [GC [PSYoungGen: 156522K->1154K(153664K)] 322582K->167301K(840640K), 0.0062750 secs] [Times: user=0.04 sys=0.00, real=0.01 secs] 
2014-07-16T03:46:15.182+0000: 724.270: [GC [PSYoungGen: 153602K->868K(150528K)] 319749K->167103K(837504K), 0.0063470 secs] [Times: user=0.04 sys=0.00, real=0.01 secs] 
2014-07-16T03:46:15.710+0000: 724.798: [GC [PSYoungGen: 150463K->708K(147712K)] 316699K->167023K(834688K), 0.0037240 secs] [Times: user=0.02 sys=0.00, real=0.01 secs] 
2014-07-16T03:46:16.239+0000: 725.327: [GC [PSYoungGen: 147652K->612K(144960K)] 313967K->166991K(831936K), 0.0031360 secs] [Times: user=0.01 sys=0.00, real=0.01 secs] 
2014-07-16T03:46:16.764+0000: 725.852: [GC [PSYoungGen: 144932K->1290K(143104K)] 311311K->167742K(830080K), 0.0054520 secs] [Times: user=0.03 sys=0.00, real=0.00 secs] 
2014-07-16T03:46:17.272+0000: 726.360: [GC [PSYoungGen: 143050K->1618K(140928K)] 309502K->168182K(827904K), 0.0045960 secs] [Times: user=0.03 sys=0.00, real=0.00 secs] 
2014-07-16T03:46:17.783+0000: 726.871: [GC [PSYoungGen: 140882K->736K(137600K)] 307446K->167395K(824576K), 0.0053220 secs] [Times: user=0.03 sys=0.01, real=0.00 secs] 
2014-07-16T03:46:18.268+0000: 727.357: [GC [PSYoungGen: 137568K->1072K(135552K)] 304227K->167803K(822528K), 0.0062970 secs] [Times: user=0.03 sys=0.01, real=0.01 secs] 
2014-07-16T03:46:18.752+0000: 727.840: [GC [PSYoungGen: 135536K->944K(133120K)] 302267K->167739K(820096K), 0.0033520 secs] [Times: user=0.02 sys=0.00, real=0.01 secs] 
2014-07-16T03:46:19.213+0000: 728.301: [GC [PSYoungGen: 133087K->1258K(131264K)] 299883K->168126K(818240K), 0.0045920 secs] [Times: user=0.03 sys=0.00, real=0.00 secs] 
2014-07-16T03:46:19.693+0000: 728.781: [GC [PSYoungGen: 131210K->1554K(129408K)] 298078K->168494K(816384K), 0.0060610 secs] [Times: user=0.04 sys=0.00, real=0.00 secs] 
2014-07-16T03:46:20.153+0000: 729.241: [GC [PSYoungGen: 129279K->744K(126464K)] 296219K->168019K(813440K), 0.0030570 secs] [Times: user=0.02 sys=0.00, real=0.01 secs] 
2014-07-16T03:46:20.611+0000: 729.699: [GC [PSYoungGen: 126440K->1290K(124992K)] 293715K->168638K(811968K), 0.0059380 secs] [Times: user=0.04 sys=0.00, real=0.01 secs] 
2014-07-16T03:46:21.058+0000: 730.146: [GC [PSYoungGen: 124937K->804K(149248K)] 292285K->168231K(836224K), 0.0074060 secs] [Times: user=0.02 sys=0.00, real=0.01 secs] 
2014-07-16T03:46:21.597+0000: 730.685: [GC [PSYoungGen: 149177K->854K(179008K)] 316605K->168361K(865984K), 0.0061700 secs] [Times: user=0.03 sys=0.00, real=0.01 secs] 
2014-07-16T03:46:22.310+0000: 731.398: [GC [PSYoungGen: 178966K->1136K(214912K)] 346473K->168715K(901888K), 0.0065450 secs] [Times: user=0.04 sys=0.01, real=0.01 secs] 
2014-07-16T03:46:23.114+0000: 732.202: [GC [PSYoungGen: 214896K->1360K(235648K)] 382475K->168995K(922624K), 0.0101680 secs] [Times: user=0.06 sys=0.00, real=0.01 secs] 
2014-07-16T03:46:23.981+0000: 733.069: [GC [PSYoungGen: 235280K->936K(229376K)] 402915K->168635K(916352K), 0.0051630 secs] [Times: user=0.02 sys=0.00, real=0.01 secs] 
2014-07-16T03:46:24.843+0000: 733.931: [GC [PSYoungGen: 229330K->1004K(224128K)] 397030K->168776K(911104K), 0.0041690 secs] [Times: user=0.02 sys=0.01, real=0.01 secs] 
2014-07-16T03:46:25.658+0000: 734.746: [GC [PSYoungGen: 224069K->1118K(219136K)] 391841K->169001K(906112K), 0.0043500 secs] [Times: user=0.03 sys=0.00, real=0.00 secs] 
2014-07-16T03:46:26.445+0000: 735.533: [GC [PSYoungGen: 219100K->1250K(214272K)] 386984K->169190K(901248K), 0.0040090 secs] [Times: user=0.02 sys=0.00, real=0.00 secs] 
2014-07-16T03:46:27.289+0000: 736.377: [GC [PSYoungGen: 214242K->954K(209152K)] 382182K->169096K(896128K), 0.0041070 secs] [Times: user=0.02 sys=0.00, real=0.00 secs] 
2014-07-16T03:46:28.033+0000: 737.121: [GC [PSYoungGen: 209146K->794K(204416K)] 377288K->168968K(891392K), 0.0043070 secs] [Times: user=0.01 sys=0.00, real=0.01 secs] 
2014-07-16T03:46:28.773+0000: 737.862: [GC [PSYoungGen: 204378K->1336K(200448K)] 372552K->169656K(887424K), 0.0035950 secs] [Times: user=0.02 sys=0.00, real=0.01 secs] 
2014-07-16T03:46:29.489+0000: 738.577: [GC [PSYoungGen: 200411K->1058K(195904K)] 368731K->169458K(882880K), 0.0035190 secs] [Times: user=0.02 sys=0.00, real=0.00 secs] 
2014-07-16T03:46:30.189+0000: 739.277: [GC [PSYoungGen: 195874K->716K(191424K)] 364274K->169171K(878400K), 0.0056430 secs] [Times: user=0.03 sys=0.00, real=0.01 secs] 
2014-07-16T03:46:30.876+0000: 739.964: [GC [PSYoungGen: 191372K->1332K(187968K)] 359827K->169876K(874944K), 0.0065860 secs] [Times: user=0.04 sys=0.00, real=0.00 secs] 
2014-07-16T03:46:31.550+0000: 740.638: [GC [PSYoungGen: 187956K->1194K(183936K)] 356500K->169802K(870912K), 0.0065630 secs] [Times: user=0.04 sys=0.01, real=0.01 secs] 
2014-07-16T03:46:32.246+0000: 741.335: [GC [PSYoungGen: 183914K->1226K(180224K)] 352522K->169874K(867200K), 0.0087940 secs] [Times: user=0.05 sys=0.00, real=0.01 secs] 
2014-07-16T03:46:32.894+0000: 741.982: [GC [PSYoungGen: 180170K->866K(176192K)] 348818K->169830K(863168K), 0.0053670 secs] [Times: user=0.03 sys=0.01, real=0.01 secs] 
2014-07-16T03:46:33.526+0000: 742.614: [GC [PSYoungGen: 176112K->1162K(172992K)] 345076K->170190K(859968K), 0.0077360 secs] [Times: user=0.05 sys=0.01, real=0.00 secs] 
2014-07-16T03:46:34.145+0000: 743.234: [GC [PSYoungGen: 172938K->726K(169152K)] 341966K->170108K(856128K), 0.0050750 secs] [Times: user=0.02 sys=0.00, real=0.00 secs] 
2014-07-16T03:46:34.760+0000: 743.848: [GC [PSYoungGen: 169110K->576K(165696K)] 338492K->170030K(852672K), 0.0050450 secs] [Times: user=0.03 sys=0.00, real=0.01 secs] 
2014-07-16T03:46:35.361+0000: 744.449: [GC [PSYoungGen: 165696K->1340K(163264K)] 335150K->170914K(850240K), 0.0051880 secs] [Times: user=0.04 sys=0.00, real=0.01 secs] 
2014-07-16T03:46:35.937+0000: 745.025: [GC [PSYoungGen: 163260K->1290K(160192K)] 332834K->170952K(847168K), 0.0063170 secs] [Times: user=0.04 sys=0.00, real=0.00 secs] 
2014-07-16T03:46:36.507+0000: 745.596: [GC [PSYoungGen: 160138K->802K(156672K)] 329800K->170686K(843648K), 0.0054690 secs] [Times: user=0.03 sys=0.01, real=0.00 secs] 
2014-07-16T03:46:37.139+0000: 746.228: [GC [PSYoungGen: 156642K->1396K(154368K)] 326526K->171360K(841344K), 0.0072040 secs] [Times: user=0.04 sys=0.00, real=0.01 secs] 
2014-07-16T03:46:37.656+0000: 746.744: [GC [PSYoungGen: 154343K->1104K(151296K)] 324307K->171214K(838272K), 0.0048360 secs] [Times: user=0.03 sys=0.00, real=0.01 secs] 
2014-07-16T03:46:38.223+0000: 747.311: [GC [PSYoungGen: 151248K->1222K(148672K)] 321358K->171420K(835648K), 0.0066500 secs] [Times: user=0.04 sys=0.00, real=0.01 secs] 
2014-07-16T03:46:38.742+0000: 747.831: [GC [PSYoungGen: 148604K->836K(177792K)] 318803K->171114K(864768K), 0.0084180 secs] [Times: user=0.05 sys=0.00, real=0.01 secs] 
2014-07-16T03:46:39.377+0000: 748.465: [GC [PSYoungGen: 177732K->840K(213184K)] 348010K->171182K(900160K), 0.0040420 secs] [Times: user=0.02 sys=0.00, real=0.00 secs] 
2014-07-16T03:46:40.153+0000: 749.241: [GC [PSYoungGen: 213128K->726K(208320K)] 383470K->171140K(895296K), 0.0051150 secs] [Times: user=0.03 sys=0.00, real=0.01 secs] 
2014-07-16T03:46:40.907+0000: 749.995: [GC [PSYoungGen: 208277K->1010K(203968K)] 378691K->171520K(890944K), 0.0036610 secs] [Times: user=0.02 sys=0.00, real=0.00 secs] 
2014-07-16T03:46:41.649+0000: 750.737: [GC [PSYoungGen: 203954K->1568K(200128K)] 374464K->172166K(887104K), 0.0047750 secs] [Times: user=0.02 sys=0.01, real=0.00 secs] 
2014-07-16T03:46:42.408+0000: 751.496: [GC [PSYoungGen: 200096K->954K(195200K)] 370694K->171624K(882176K), 0.0062570 secs] [Times: user=0.04 sys=0.00, real=0.00 secs] 
2014-07-16T03:46:43.113+0000: 752.201: [GC [PSYoungGen: 195194K->676K(190784K)] 365864K->171402K(877760K), 0.0062180 secs] [Times: user=0.04 sys=0.00, real=0.01 secs] 
2014-07-16T03:46:43.802+0000: 752.891: [GC [PSYoungGen: 190756K->1190K(187264K)] 361482K->171972K(874240K), 0.0068370 secs] [Times: user=0.04 sys=0.00, real=0.01 secs] 
2014-07-16T03:46:44.467+0000: 753.555: [GC [PSYoungGen: 187192K->962K(183232K)] 357974K->171776K(870208K), 0.0047430 secs] [Times: user=0.02 sys=0.00, real=0.01 secs] 
2014-07-16T03:46:45.123+0000: 754.211: [GC [PSYoungGen: 183130K->848K(179392K)] 353944K->171734K(866368K), 0.0051000 secs] [Times: user=0.03 sys=0.00, real=0.01 secs] 
2014-07-16T03:46:45.764+0000: 754.853: [GC [PSYoungGen: 179344K->1404K(176256K)] 350230K->172462K(863232K), 0.0073930 secs] [Times: user=0.04 sys=0.00, real=0.01 secs] 
2014-07-16T03:46:46.383+0000: 755.471: [GC [PSYoungGen: 176252K->762K(172096K)] 347310K->171884K(859072K), 0.0063080 secs] [Times: user=0.03 sys=0.00, real=0.01 secs] 
2014-07-16T03:46:47.015+0000: 756.103: [GC [PSYoungGen: 172090K->908K(168896K)] 343212K->172118K(855872K), 0.0056930 secs] [Times: user=0.03 sys=0.01, real=0.01 secs] 
2014-07-16T03:46:47.613+0000: 756.701: [GC [PSYoungGen: 168844K->754K(165440K)] 340054K->172012K(852416K), 0.0060210 secs] [Times: user=0.02 sys=0.01, real=0.01 secs] 
2014-07-16T03:46:48.208+0000: 757.296: [GC [PSYoungGen: 165426K->672K(162176K)] 336684K->172010K(849152K), 0.0037080 secs] [Times: user=0.02 sys=0.00, real=0.00 secs] 
2014-07-16T03:46:48.805+0000: 757.893: [GC [PSYoungGen: 162130K->1176K(159616K)] 333468K->172586K(846592K), 0.0039020 secs] [Times: user=0.03 sys=0.00, real=0.01 secs] 
2014-07-16T03:46:49.385+0000: 758.473: [GC [PSYoungGen: 159534K->1122K(156544K)] 330944K->172612K(843520K), 0.0051810 secs] [Times: user=0.03 sys=0.00, real=0.01 secs] 
2014-07-16T03:46:49.954+0000: 759.043: [GC [PSYoungGen: 156492K->1318K(153856K)] 327982K->172928K(840832K), 0.0047380 secs] [Times: user=0.03 sys=0.00, real=0.01 secs] 
2014-07-16T03:46:50.518+0000: 759.606: [GC [PSYoungGen: 153830K->894K(150592K)] 325440K->172884K(837568K), 0.0055970 secs] [Times: user=0.03 sys=0.00, real=0.00 secs] 
2014-07-16T03:46:51.096+0000: 760.185: [GC [PSYoungGen: 150582K->1386K(148416K)] 322573K->173456K(835392K), 0.0049800 secs] [Times: user=0.03 sys=0.00, real=0.01 secs] 
2014-07-16T03:46:51.637+0000: 760.726: [GC [PSYoungGen: 148394K->1194K(145600K)] 320464K->174002K(832576K), 0.0064080 secs] [Times: user=0.03 sys=0.00, real=0.01 secs] 
2014-07-16T03:46:52.215+0000: 761.303: [GC [PSYoungGen: 145578K->1360K(143232K)] 318386K->174240K(830208K), 0.0070020 secs] [Times: user=0.05 sys=0.00, real=0.01 secs] 
2014-07-16T03:46:52.741+0000: 761.830: [GC [PSYoungGen: 143184K->1018K(171264K)] 316064K->174236K(858240K), 0.0067290 secs] [Times: user=0.04 sys=0.00, real=0.01 secs] 
2014-07-16T03:46:53.396+0000: 762.484: [GC [PSYoungGen: 171258K->1810K(168768K)] 344476K->175108K(855744K), 0.0043270 secs] [Times: user=0.02 sys=0.00, real=0.01 secs] 
2014-07-16T03:46:53.995+0000: 763.083: [GC [PSYoungGen: 168722K->808K(164480K)] 342020K->174170K(851456K), 0.0061700 secs] [Times: user=0.03 sys=0.00, real=0.01 secs] 
2014-07-16T03:46:54.600+0000: 763.689: [GC [PSYoungGen: 164456K->868K(161408K)] 337818K->174286K(848384K), 0.0040810 secs] [Times: user=0.02 sys=0.00, real=0.00 secs] 
2014-07-16T03:46:55.167+0000: 764.256: [GC [PSYoungGen: 161380K->740K(158208K)] 334798K->174230K(845184K), 0.0064300 secs] [Times: user=0.03 sys=0.00, real=0.01 secs] 
2014-07-16T03:46:55.732+0000: 764.821: [GC [PSYoungGen: 158180K->962K(189952K)] 331670K->174548K(876928K), 0.0082070 secs] [Times: user=0.05 sys=0.00, real=0.01 secs] 
2014-07-16T03:46:56.417+0000: 765.505: [GC [PSYoungGen: 189890K->958K(185920K)] 363476K->174640K(872896K), 0.0043650 secs] [Times: user=0.03 sys=0.00, real=0.01 secs] 
2014-07-16T03:46:57.096+0000: 766.184: [GC [PSYoungGen: 185918K->896K(182016K)] 359600K->174634K(868992K), 0.0038180 secs] [Times: user=0.01 sys=0.00, real=0.01 secs] 
2014-07-16T03:46:57.776+0000: 766.864: [GC [PSYoungGen: 182016K->498K(177920K)] 355754K->174284K(864896K), 0.0055250 secs] [Times: user=0.03 sys=0.00, real=0.01 secs] 
2014-07-16T03:46:58.418+0000: 767.506: [GC [PSYoungGen: 177906K->962K(174848K)] 351692K->174812K(861824K), 0.0033200 secs] [Times: user=0.02 sys=0.00, real=0.01 secs] 
2014-07-16T03:46:59.062+0000: 768.150: [GC [PSYoungGen: 174772K->1044K(171456K)] 348622K->174942K(858432K), 0.0063480 secs] [Times: user=0.03 sys=0.00, real=0.00 secs] 
2014-07-16T03:46:59.676+0000: 768.765: [GC [PSYoungGen: 171412K->1104K(168192K)] 345310K->175082K(855168K), 0.0068830 secs] [Times: user=0.04 sys=0.00, real=0.01 secs] 
2014-07-16T03:47:00.268+0000: 769.356: [GC [PSYoungGen: 168144K->1398K(165184K)] 342122K->175918K(852160K), 0.0058750 secs] [Times: user=0.04 sys=0.00, real=0.01 secs] 
2014-07-16T03:47:00.856+0000: 769.944: [GC [PSYoungGen: 165083K->1004K(161664K)] 339603K->175588K(848640K), 0.0067220 secs] [Times: user=0.04 sys=0.00, real=0.01 secs] 
2014-07-16T03:47:01.431+0000: 770.519: [GC [PSYoungGen: 161644K->1400K(158976K)] 336228K->176230K(845952K), 0.0052960 secs] [Times: user=0.03 sys=0.00, real=0.00 secs] 
2014-07-16T03:47:02.004+0000: 771.092: [GC [PSYoungGen: 158968K->950K(155584K)] 333798K->175844K(842560K), 0.0066460 secs] [Times: user=0.04 sys=0.00, real=0.01 secs] 
2014-07-16T03:47:02.584+0000: 771.673: [GC [PSYoungGen: 155574K->1182K(152960K)] 330468K->176148K(839936K), 0.0050930 secs] [Times: user=0.03 sys=0.00, real=0.01 secs] 
2014-07-16T03:47:03.137+0000: 772.225: [GC [PSYoungGen: 152916K->976K(150016K)] 327883K->175998K(836992K), 0.0035400 secs] [Times: user=0.02 sys=0.00, real=0.01 secs] 
2014-07-16T03:47:03.695+0000: 772.784: [GC [PSYoungGen: 149968K->1190K(147520K)] 324990K->176276K(834496K), 0.0055610 secs] [Times: user=0.03 sys=0.00, real=0.01 secs] 
2014-07-16T03:47:04.227+0000: 773.315: [GC [PSYoungGen: 147456K->1118K(144832K)] 322542K->176292K(831808K), 0.0042990 secs] [Times: user=0.03 sys=0.01, real=0.01 secs] 
2014-07-16T03:47:04.757+0000: 773.845: [GC [PSYoungGen: 144796K->644K(173120K)] 319970K->175898K(860096K), 0.0083500 secs] [Times: user=0.05 sys=0.00, real=0.01 secs] 
2014-07-16T03:47:05.382+0000: 774.471: [GC [PSYoungGen: 173060K->1290K(170368K)] 348314K->176632K(857344K), 0.0056160 secs] [Times: user=0.04 sys=0.00, real=0.00 secs] 
2014-07-16T03:47:05.989+0000: 775.077: [GC [PSYoungGen: 170302K->1386K(167104K)] 345645K->176808K(854080K), 0.0028900 secs] [Times: user=0.01 sys=0.01, real=0.01 secs] 
2014-07-16T03:47:06.587+0000: 775.675: [GC [PSYoungGen: 167082K->1190K(163712K)] 342504K->176676K(850688K), 0.0084210 secs] [Times: user=0.04 sys=0.00, real=0.01 secs] 
2014-07-16T03:47:07.173+0000: 776.261: [GC [PSYoungGen: 163686K->990K(196032K)] 339172K->176798K(883008K), 0.0099710 secs] [Times: user=0.05 sys=0.00, real=0.01 secs] 
2014-07-16T03:47:07.903+0000: 776.991: [GC [PSYoungGen: 195991K->1140K(212160K)] 371800K->177004K(899136K), 0.0099030 secs] [Times: user=0.06 sys=0.00, real=0.01 secs] 
2014-07-16T03:47:08.647+0000: 777.735: [GC [PSYoungGen: 211572K->1054K(235712K)] 387436K->177030K(922688K), 0.0076240 secs] [Times: user=0.05 sys=0.00, real=0.01 secs] 
2014-07-16T03:47:09.491+0000: 778.579: [GC [PSYoungGen: 235095K->1072K(229568K)] 411071K->177144K(916544K), 0.0033970 secs] [Times: user=0.01 sys=0.00, real=0.00 secs] 
2014-07-16T03:47:10.312+0000: 779.400: [GC [PSYoungGen: 229552K->624K(223808K)] 405624K->177078K(910784K), 0.0048030 secs] [Times: user=0.02 sys=0.00, real=0.00 secs] 
2014-07-16T03:47:11.121+0000: 780.210: [GC [PSYoungGen: 223792K->1532K(219584K)] 400246K->178125K(906560K), 0.0052760 secs] [Times: user=0.03 sys=0.01, real=0.00 secs] 
2014-07-16T03:47:11.904+0000: 780.992: [GC [PSYoungGen: 219580K->644K(213760K)] 396173K->177414K(900736K), 0.0062970 secs] [Times: user=0.03 sys=0.00, real=0.00 secs] 
2014-07-16T03:47:12.714+0000: 781.802: [GC [PSYoungGen: 213686K->1018K(209280K)] 390457K->177853K(896256K), 0.0033360 secs] [Times: user=0.02 sys=0.00, real=0.00 secs] 
2014-07-16T03:47:13.495+0000: 782.583: [GC [PSYoungGen: 209274K->1304K(204992K)] 386109K->178211K(891968K), 0.0114390 secs] [Times: user=0.08 sys=0.00, real=0.01 secs] 
2014-07-16T03:47:14.244+0000: 783.332: [GC [PSYoungGen: 204952K->886K(200064K)] 381859K->177856K(887040K), 0.0044480 secs] [Times: user=0.01 sys=0.00, real=0.00 secs] 
2014-07-16T03:47:14.974+0000: 784.062: [GC [PSYoungGen: 200054K->804K(195712K)] 377024K->177846K(882688K), 0.0050340 secs] [Times: user=0.02 sys=0.00, real=0.00 secs] 
2014-07-16T03:47:15.689+0000: 784.777: [GC [PSYoungGen: 195605K->1008K(191744K)] 372648K->178123K(878720K), 0.0037260 secs] [Times: user=0.02 sys=0.00, real=0.01 secs] 
2014-07-16T03:47:16.397+0000: 785.485: [GC [PSYoungGen: 191728K->1522K(188224K)] 368843K->178923K(875200K), 0.0058650 secs] [Times: user=0.03 sys=0.01, real=0.01 secs] 
2014-07-16T03:47:17.097+0000: 786.186: [GC [PSYoungGen: 188210K->1322K(184128K)] 365611K->178803K(871104K), 0.0041100 secs] [Times: user=0.02 sys=0.00, real=0.00 secs] 
2014-07-16T03:47:17.804+0000: 786.892: [GC [PSYoungGen: 184106K->844K(179904K)] 361587K->178405K(866880K), 0.0046000 secs] [Times: user=0.03 sys=0.00, real=0.00 secs] 
2014-07-16T03:47:18.452+0000: 787.540: [GC [PSYoungGen: 179852K->1054K(176448K)] 357413K->178679K(863424K), 0.0049590 secs] [Times: user=0.03 sys=0.00, real=0.01 secs] 
2014-07-16T03:47:19.094+0000: 788.183: [GC [PSYoungGen: 176414K->944K(172800K)] 354039K->178609K(859776K), 0.0062900 secs] [Times: user=0.04 sys=0.00, real=0.00 secs] 
2014-07-16T03:47:19.739+0000: 788.827: [GC [PSYoungGen: 172784K->1018K(169472K)] 350449K->178755K(856448K), 0.0038260 secs] [Times: user=0.02 sys=0.00, real=0.01 secs] 
2014-07-16T03:47:20.347+0000: 789.436: [GC [PSYoungGen: 169450K->990K(166144K)] 347187K->178799K(853120K), 0.0034640 secs] [Times: user=0.02 sys=0.00, real=0.00 secs] 
2014-07-16T03:47:20.964+0000: 790.052: [GC [PSYoungGen: 166110K->1190K(163136K)] 343919K->179063K(850112K), 0.0072260 secs] [Times: user=0.04 sys=0.00, real=0.00 secs] 
2014-07-16T03:47:21.583+0000: 790.671: [GC [PSYoungGen: 163110K->850K(159744K)] 340983K->178810K(846720K), 0.0033970 secs] [Times: user=0.01 sys=0.00, real=0.00 secs] 
2014-07-16T03:47:22.162+0000: 791.250: [GC [PSYoungGen: 159689K->1158K(157056K)] 337650K->179215K(844032K), 0.0046550 secs] [Times: user=0.03 sys=0.00, real=0.01 secs] 
2014-07-16T03:47:22.731+0000: 791.819: [GC [PSYoungGen: 156967K->730K(153728K)] 335024K->178859K(840704K), 0.0070830 secs] [Times: user=0.04 sys=0.00, real=0.01 secs] 
2014-07-16T03:47:23.278+0000: 792.367: [GC [PSYoungGen: 153690K->836K(151040K)] 331819K->179021K(838016K), 0.0060230 secs] [Times: user=0.01 sys=0.00, real=0.01 secs] 
2014-07-16T03:47:23.823+0000: 792.911: [GC [PSYoungGen: 150980K->854K(148288K)] 329165K->179103K(835264K), 0.0073210 secs] [Times: user=0.05 sys=0.00, real=0.01 secs] 
2014-07-16T03:47:24.356+0000: 793.444: [GC [PSYoungGen: 148246K->722K(177664K)] 326495K->179026K(864640K), 0.0062550 secs] [Times: user=0.04 sys=0.00, real=0.00 secs] 
2014-07-16T03:47:24.991+0000: 794.079: [GC [PSYoungGen: 177618K->1308K(174656K)] 355922K->179677K(861632K), 0.0035290 secs] [Times: user=0.01 sys=0.00, real=0.01 secs] 
2014-07-16T03:47:25.617+0000: 794.705: [GC [PSYoungGen: 174620K->1204K(171072K)] 352989K->179637K(858048K), 0.0080600 secs] [Times: user=0.04 sys=0.01, real=0.01 secs] 
2014-07-16T03:47:26.217+0000: 795.306: [GC [PSYoungGen: 171060K->684K(204544K)] 349493K->179245K(891520K), 0.0097000 secs] [Times: user=0.06 sys=0.00, real=0.01 secs] 
2014-07-16T03:47:26.969+0000: 796.057: [GC [PSYoungGen: 204524K->872K(219328K)] 383085K->179537K(906304K), 0.0061740 secs] [Times: user=0.04 sys=0.00, real=0.01 secs] 
2014-07-16T03:47:27.759+0000: 796.847: [GC [PSYoungGen: 218600K->562K(213376K)] 397265K->179357K(900352K), 0.0058270 secs] [Times: user=0.03 sys=0.00, real=0.01 secs] 
2014-07-16T03:47:28.539+0000: 797.627: [GC [PSYoungGen: 213362K->1286K(209344K)] 392157K->180161K(896320K), 0.0043650 secs] [Times: user=0.02 sys=0.00, real=0.01 secs] 
2014-07-16T03:47:29.282+0000: 798.370: [GC [PSYoungGen: 209286K->1336K(204736K)] 388161K->180291K(891712K), 0.0062020 secs] [Times: user=0.02 sys=0.00, real=0.01 secs] 
2014-07-16T03:47:30.043+0000: 799.131: [GC [PSYoungGen: 204728K->836K(199808K)] 383683K->179847K(886784K), 0.0071700 secs] [Times: user=0.03 sys=0.00, real=0.00 secs] 
2014-07-16T03:47:30.777+0000: 799.865: [GC [PSYoungGen: 199748K->1382K(196032K)] 378759K->180465K(883008K), 0.0063370 secs] [Times: user=0.03 sys=0.01, real=0.00 secs] 
2014-07-16T03:47:31.493+0000: 800.581: [GC [PSYoungGen: 196006K->1208K(191680K)] 375089K->180379K(878656K), 0.0044690 secs] [Times: user=0.03 sys=0.00, real=0.01 secs] 
2014-07-16T03:47:32.183+0000: 801.271: [GC [PSYoungGen: 191623K->790K(187264K)] 370794K->180049K(874240K), 0.0044150 secs] [Times: user=0.03 sys=0.00, real=0.01 secs] 
2014-07-16T03:47:32.855+0000: 801.943: [GC [PSYoungGen: 187222K->1168K(183744K)] 366481K->180515K(870720K), 0.0046880 secs] [Times: user=0.03 sys=0.00, real=0.00 secs] 
2014-07-16T03:47:33.513+0000: 802.602: [GC [PSYoungGen: 183696K->1436K(180224K)] 363043K->180863K(867200K), 0.0071330 secs] [Times: user=0.04 sys=0.00, real=0.01 secs] 
2014-07-16T03:47:34.190+0000: 803.278: [GC [PSYoungGen: 180102K->1112K(176256K)] 359529K->180611K(863232K), 0.0035810 secs] [Times: user=0.02 sys=0.00, real=0.00 secs] 
2014-07-16T03:47:34.812+0000: 803.900: [GC [PSYoungGen: 176216K->872K(172480K)] 355715K->180475K(859456K), 0.0048200 secs] [Times: user=0.03 sys=0.00, real=0.01 secs] 
2014-07-16T03:47:35.445+0000: 804.534: [GC [PSYoungGen: 172456K->754K(168960K)] 352059K->180445K(855936K), 0.0040510 secs] [Times: user=0.02 sys=0.00, real=0.00 secs] 
2014-07-16T03:47:36.066+0000: 805.154: [GC [PSYoungGen: 168930K->1714K(166656K)] 348621K->181585K(853632K), 0.0048210 secs] [Times: user=0.03 sys=0.00, real=0.00 secs] 
2014-07-16T03:47:36.660+0000: 805.748: [GC [PSYoungGen: 166642K->940K(162688K)] 346513K->180867K(849664K), 0.0084100 secs] [Times: user=0.05 sys=0.00, real=0.01 secs] 
2014-07-16T03:47:37.244+0000: 806.333: [GC [PSYoungGen: 162668K->708K(159424K)] 342595K->180707K(846400K), 0.0069080 secs] [Times: user=0.04 sys=0.00, real=0.01 secs] 
2014-07-16T03:47:37.843+0000: 806.931: [GC [PSYoungGen: 159332K->1504K(157184K)] 339331K->181591K(844160K), 0.0070960 secs] [Times: user=0.04 sys=0.00, real=0.01 secs] 
2014-07-16T03:47:38.397+0000: 807.485: [GC [PSYoungGen: 157116K->1400K(154176K)] 337203K->181551K(841152K), 0.0043740 secs] [Times: user=0.02 sys=0.00, real=0.00 secs] 
2014-07-16T03:47:38.960+0000: 808.049: [GC [PSYoungGen: 154168K->630K(150592K)] 334319K->180853K(837568K), 0.0048320 secs] [Times: user=0.03 sys=0.00, real=0.01 secs] 
2014-07-16T03:47:39.492+0000: 808.580: [GC [PSYoungGen: 150582K->1340K(148544K)] 330805K->181603K(835520K), 0.0058800 secs] [Times: user=0.01 sys=0.00, real=0.01 secs] 
2014-07-16T03:47:40.029+0000: 809.117: [GC [PSYoungGen: 148521K->1504K(146112K)] 328784K->181847K(833088K), 0.0036910 secs] [Times: user=0.02 sys=0.01, real=0.00 secs] 
2014-07-16T03:47:40.568+0000: 809.657: [GC [PSYoungGen: 146080K->962K(143040K)] 326423K->181377K(830016K), 0.0040360 secs] [Times: user=0.02 sys=0.00, real=0.00 secs] 
2014-07-16T03:47:41.083+0000: 810.171: [GC [PSYoungGen: 142978K->1386K(140928K)] 323393K->181889K(827904K), 0.0052350 secs] [Times: user=0.03 sys=0.00, real=0.01 secs] 
2014-07-16T03:47:41.613+0000: 810.702: [GC [PSYoungGen: 140906K->1570K(169024K)] 321409K->182161K(856000K), 0.0091340 secs] [Times: user=0.06 sys=0.00, real=0.01 secs] 
2014-07-16T03:47:42.239+0000: 811.327: [GC [PSYoungGen: 168994K->1314K(165504K)] 349585K->181969K(852480K), 0.0040450 secs] [Times: user=0.01 sys=0.00, real=0.00 secs] 
2014-07-16T03:47:42.905+0000: 811.994: [GC [PSYoungGen: 165474K->1332K(162368K)] 346129K->182101K(849344K), 0.0030850 secs] [Times: user=0.01 sys=0.01, real=0.00 secs] 
2014-07-16T03:47:43.501+0000: 812.589: [GC [PSYoungGen: 162308K->826K(158784K)] 343077K->181667K(845760K), 0.0031150 secs] [Times: user=0.02 sys=0.00, real=0.00 secs] 
2014-07-16T03:47:44.077+0000: 813.165: [GC [PSYoungGen: 158778K->626K(155648K)] 339619K->181515K(842624K), 0.0080980 secs] [Times: user=0.03 sys=0.00, real=0.00 secs] 
2014-07-16T03:47:44.668+0000: 813.756: [GC [PSYoungGen: 155612K->950K(153088K)] 336501K->181927K(840064K), 0.0046840 secs] [Times: user=0.03 sys=0.00, real=0.00 secs] 
2014-07-16T03:47:45.227+0000: 814.316: [GC [PSYoungGen: 153075K->640K(149952K)] 334052K->181665K(836928K), 0.0056630 secs] [Times: user=0.04 sys=0.00, real=0.00 secs] 
2014-07-16T03:47:45.779+0000: 814.867: [GC [PSYoungGen: 149952K->1286K(147968K)] 330977K->182391K(834944K), 0.0055710 secs] [Times: user=0.03 sys=0.01, real=0.00 secs] 
2014-07-16T03:47:46.320+0000: 815.409: [GC [PSYoungGen: 147910K->1440K(145472K)] 329015K->182633K(832448K), 0.0037670 secs] [Times: user=0.02 sys=0.00, real=0.00 secs] 
2014-07-16T03:47:46.847+0000: 815.935: [GC [PSYoungGen: 145417K->936K(173760K)] 326610K->182177K(860736K), 0.0082230 secs] [Times: user=0.04 sys=0.00, real=0.00 secs] 
2014-07-16T03:47:47.494+0000: 816.582: [GC [PSYoungGen: 173727K->840K(170240K)] 354968K->182161K(857216K), 0.0030380 secs] [Times: user=0.02 sys=0.00, real=0.01 secs] 
2014-07-16T03:47:48.136+0000: 817.225: [GC [PSYoungGen: 170107K->994K(167040K)] 351428K->182347K(854016K), 0.0038050 secs] [Times: user=0.01 sys=0.00, real=0.00 secs] 
2014-07-16T03:47:48.734+0000: 817.822: [GC [PSYoungGen: 167008K->1104K(163968K)] 348361K->182537K(850944K), 0.0058430 secs] [Times: user=0.04 sys=0.00, real=0.01 secs] 
2014-07-16T03:47:49.319+0000: 818.407: [GC [PSYoungGen: 163920K->908K(160640K)] 345353K->182421K(847616K), 0.0053660 secs] [Times: user=0.03 sys=0.00, real=0.00 secs] 
2014-07-16T03:47:49.880+0000: 818.968: [GC [PSYoungGen: 160556K->1144K(157824K)] 342069K->182745K(844800K), 0.0044490 secs] [Times: user=0.03 sys=0.01, real=0.00 secs] 
2014-07-16T03:47:50.450+0000: 819.539: [GC [PSYoungGen: 157810K->776K(154560K)] 339411K->182457K(841536K), 0.0039510 secs] [Times: user=0.02 sys=0.00, real=0.00 secs] 
2014-07-16T03:47:51.007+0000: 820.095: [GC [PSYoungGen: 154504K->1254K(152192K)] 336185K->183007K(839168K), 0.0074760 secs] [Times: user=0.04 sys=0.00, real=0.01 secs] 
2014-07-16T03:47:51.561+0000: 820.649: [GC [PSYoungGen: 152133K->630K(148800K)] 333886K->182455K(835776K), 0.0037680 secs] [Times: user=0.02 sys=0.00, real=0.00 secs] 
2014-07-16T03:47:52.098+0000: 821.186: [GC [PSYoungGen: 148790K->954K(146432K)] 330615K->182883K(833408K), 0.0040650 secs] [Times: user=0.02 sys=0.00, real=0.00 secs] 
2014-07-16T03:47:52.631+0000: 821.720: [GC [PSYoungGen: 146426K->644K(143552K)] 328355K->182613K(830528K), 0.0049490 secs] [Times: user=0.02 sys=0.00, real=0.01 secs] 
2014-07-16T03:47:53.187+0000: 822.275: [GC [PSYoungGen: 143492K->954K(141312K)] 325461K->182995K(828288K), 0.0040150 secs] [Times: user=0.01 sys=0.00, real=0.00 secs] 
2014-07-16T03:47:53.683+0000: 822.771: [GC [PSYoungGen: 141306K->694K(138624K)] 323347K->182823K(825600K), 0.0056870 secs] [Times: user=0.03 sys=0.01, real=0.01 secs] 
2014-07-16T03:47:54.173+0000: 823.262: [GC [PSYoungGen: 138592K->980K(166528K)] 320721K->183165K(853504K), 0.0077610 secs] [Times: user=0.05 sys=0.00, real=0.01 secs] 
2014-07-16T03:47:54.768+0000: 823.856: [GC [PSYoungGen: 166481K->1076K(163392K)] 348667K->183349K(850368K), 0.0044170 secs] [Times: user=0.02 sys=0.00, real=0.00 secs] 
2014-07-16T03:47:55.369+0000: 824.457: [GC [PSYoungGen: 163380K->1002K(160256K)] 345653K->183753K(847232K), 0.0053060 secs] [Times: user=0.03 sys=0.01, real=0.00 secs] 
2014-07-16T03:47:55.958+0000: 825.046: [GC [PSYoungGen: 160234K->1168K(157440K)] 342985K->184007K(844416K), 0.0062730 secs] [Times: user=0.04 sys=0.00, real=0.00 secs] 
2014-07-16T03:47:56.504+0000: 825.592: [GC [PSYoungGen: 157314K->980K(154304K)] 340153K->183967K(841280K), 0.0038760 secs] [Times: user=0.02 sys=0.00, real=0.01 secs] 
2014-07-16T03:47:57.071+0000: 826.159: [GC [PSYoungGen: 154260K->1222K(151744K)] 337247K->184305K(838720K), 0.0051810 secs] [Times: user=0.03 sys=0.00, real=0.00 secs] 
2014-07-16T03:47:57.599+0000: 826.687: [GC [PSYoungGen: 151649K->958K(181568K)] 334732K->184097K(868544K), 0.0076680 secs] [Times: user=0.04 sys=0.00, real=0.00 secs] 
2014-07-16T03:47:58.246+0000: 827.334: [GC [PSYoungGen: 181566K->1390K(178304K)] 364705K->184601K(865280K), 0.0064490 secs] [Times: user=0.04 sys=0.00, real=0.01 secs] 
2014-07-16T03:47:58.895+0000: 827.983: [GC [PSYoungGen: 178253K->840K(174208K)] 361464K->184131K(861184K), 0.0050000 secs] [Times: user=0.03 sys=0.00, real=0.01 secs] 
2014-07-16T03:47:59.525+0000: 828.613: [GC [PSYoungGen: 174152K->1044K(170944K)] 357443K->184423K(857920K), 0.0047200 secs] [Times: user=0.02 sys=0.01, real=0.01 secs] 
2014-07-16T03:48:00.141+0000: 829.229: [GC [PSYoungGen: 170889K->940K(167488K)] 354268K->184391K(854464K), 0.0056410 secs] [Times: user=0.03 sys=0.00, real=0.00 secs] 
2014-07-16T03:48:00.754+0000: 829.842: [GC [PSYoungGen: 167468K->1068K(164352K)] 350919K->184631K(851328K), 0.0052150 secs] [Times: user=0.02 sys=0.00, real=0.01 secs] 
2014-07-16T03:48:01.339+0000: 830.427: [GC [PSYoungGen: 164332K->962K(161152K)] 347895K->184573K(848128K), 0.0083190 secs] [Times: user=0.05 sys=0.01, real=0.00 secs] 
2014-07-16T03:48:01.912+0000: 831.001: [GC [PSYoungGen: 161090K->954K(193152K)] 344701K->184645K(880128K), 0.0093250 secs] [Times: user=0.05 sys=0.00, real=0.01 secs] 
2014-07-16T03:48:02.589+0000: 831.677: [GC [PSYoungGen: 193146K->808K(205568K)] 376837K->184579K(892544K), 0.0060070 secs] [Times: user=0.03 sys=0.00, real=0.00 secs] 
2014-07-16T03:48:03.328+0000: 832.417: [GC [PSYoungGen: 205352K->954K(201024K)] 389123K->184797K(888000K), 0.0030530 secs] [Times: user=0.01 sys=0.00, real=0.01 secs] 
2014-07-16T03:48:04.052+0000: 833.140: [GC [PSYoungGen: 201018K->570K(196288K)] 384861K->184705K(883264K), 0.0050470 secs] [Times: user=0.03 sys=0.00, real=0.00 secs] 
2014-07-16T03:48:04.769+0000: 833.857: [GC [PSYoungGen: 196282K->954K(192512K)] 380417K->185169K(879488K), 0.0047250 secs] [Times: user=0.02 sys=0.00, real=0.01 secs] 
2014-07-16T03:48:05.475+0000: 834.564: [GC [PSYoungGen: 192506K->1332K(188864K)] 376721K->185651K(875840K), 0.0109570 secs] [Times: user=0.06 sys=0.01, real=0.01 secs] 
2014-07-16T03:48:06.148+0000: 835.236: [GC [PSYoungGen: 188852K->826K(184448K)] 373171K->185241K(871424K), 0.0050100 secs] [Times: user=0.03 sys=0.00, real=0.01 secs] 
2014-07-16T03:48:06.809+0000: 835.897: [GC [PSYoungGen: 184425K->808K(180672K)] 368840K->185303K(867648K), 0.0037260 secs] [Times: user=0.02 sys=0.00, real=0.01 secs] 
2014-07-16T03:48:07.471+0000: 836.560: [GC [PSYoungGen: 180647K->1180K(177408K)] 365143K->185723K(864384K), 0.0047940 secs] [Times: user=0.02 sys=0.01, real=0.00 secs] 
2014-07-16T03:48:08.122+0000: 837.210: [GC [PSYoungGen: 177372K->958K(173632K)] 361915K->185889K(860608K), 0.0038730 secs] [Times: user=0.02 sys=0.00, real=0.00 secs] 
2014-07-16T03:48:08.742+0000: 837.831: [GC [PSYoungGen: 173630K->786K(170048K)] 358561K->185797K(857024K), 0.0035080 secs] [Times: user=0.01 sys=0.00, real=0.00 secs] 
2014-07-16T03:48:09.356+0000: 838.444: [GC [PSYoungGen: 170002K->1400K(167296K)] 355013K->186491K(854272K), 0.0032800 secs] [Times: user=0.01 sys=0.00, real=0.01 secs] 
2014-07-16T03:48:09.974+0000: 839.063: [GC [PSYoungGen: 167279K->912K(163648K)] 352370K->186051K(850624K), 0.0080940 secs] [Times: user=0.04 sys=0.00, real=0.01 secs] 
2014-07-16T03:48:10.553+0000: 839.641: [GC [PSYoungGen: 163573K->894K(160448K)] 348713K->186081K(847424K), 0.0068360 secs] [Times: user=0.04 sys=0.00, real=0.01 secs] 
2014-07-16T03:48:11.162+0000: 840.250: [GC [PSYoungGen: 160400K->944K(192448K)] 345587K->186171K(879424K), 0.0093580 secs] [Times: user=0.06 sys=0.00, real=0.01 secs] 
2014-07-16T03:48:11.853+0000: 840.942: [GC [PSYoungGen: 192432K->758K(188224K)] 377659K->186025K(875200K), 0.0052950 secs] [Times: user=0.01 sys=0.00, real=0.00 secs] 
2014-07-16T03:48:12.555+0000: 841.643: [GC [PSYoungGen: 188214K->1008K(184576K)] 373481K->186355K(871552K), 0.0037910 secs] [Times: user=0.02 sys=0.00, real=0.00 secs] 
2014-07-16T03:48:13.258+0000: 842.346: [GC [PSYoungGen: 184551K->926K(180736K)] 369898K->186313K(867712K), 0.0033660 secs] [Times: user=0.02 sys=0.00, real=0.01 secs] 
2014-07-16T03:48:13.913+0000: 843.001: [GC [PSYoungGen: 180702K->740K(176896K)] 366089K->186207K(863872K), 0.0072690 secs] [Times: user=0.03 sys=0.00, real=0.00 secs] 
2014-07-16T03:48:14.590+0000: 843.678: [GC [PSYoungGen: 176840K->876K(173504K)] 362307K->186407K(860480K), 0.0055670 secs] [Times: user=0.03 sys=0.00, real=0.00 secs] 
2014-07-16T03:48:15.236+0000: 844.324: [GC [PSYoungGen: 173484K->972K(170176K)] 359015K->186535K(857152K), 0.0046690 secs] [Times: user=0.02 sys=0.00, real=0.01 secs] 
2014-07-16T03:48:15.901+0000: 844.989: [GC [PSYoungGen: 170102K->950K(166784K)] 355665K->186601K(853760K), 0.0040900 secs] [Times: user=0.02 sys=0.00, real=0.00 secs] 
2014-07-16T03:48:16.458+0000: 845.546: [GC [PSYoungGen: 166735K->1190K(163840K)] 352386K->186945K(850816K), 0.0064010 secs] [Times: user=0.04 sys=0.00, real=0.01 secs] 
2014-07-16T03:48:17.046+0000: 846.134: [GC [PSYoungGen: 163796K->556K(160064K)] 349551K->186727K(847040K), 0.0030920 secs] [Times: user=0.01 sys=0.00, real=0.00 secs] 
2014-07-16T03:48:17.638+0000: 846.726: [GC [PSYoungGen: 160044K->1094K(157632K)] 346215K->187313K(844608K), 0.0060710 secs] [Times: user=0.03 sys=0.00, real=0.01 secs] 
2014-07-16T03:48:18.210+0000: 847.298: [GC [PSYoungGen: 157574K->854K(154432K)] 343793K->187461K(841408K), 0.0063060 secs] [Times: user=0.03 sys=0.00, real=0.01 secs] 
2014-07-16T03:48:18.762+0000: 847.851: [GC [PSYoungGen: 154390K->1240K(152000K)] 340997K->187967K(838976K), 0.0047660 secs] [Times: user=0.02 sys=0.00, real=0.00 secs] 
2014-07-16T03:48:19.296+0000: 848.385: [GC [PSYoungGen: 151960K->552K(148544K)] 338687K->187487K(835520K), 0.0057170 secs] [Times: user=0.04 sys=0.00, real=0.01 secs] 
2014-07-16T03:48:19.827+0000: 848.915: [GC [PSYoungGen: 148492K->1108K(178752K)] 335427K->188115K(865728K), 0.0072180 secs] [Times: user=0.05 sys=0.00, real=0.01 secs] 
2014-07-16T03:48:20.487+0000: 849.575: [GC [PSYoungGen: 178662K->1150K(175168K)] 365670K->188427K(862144K), 0.0052180 secs] [Times: user=0.03 sys=0.00, real=0.01 secs] 
2014-07-16T03:48:21.118+0000: 850.206: [GC [PSYoungGen: 175133K->1482K(172096K)] 362411K->188863K(859072K), 0.0053390 secs] [Times: user=0.03 sys=0.01, real=0.01 secs] 
2014-07-16T03:48:21.707+0000: 850.795: [GC [PSYoungGen: 172007K->420K(167616K)] 359389K->188091K(854592K), 0.0043700 secs] [Times: user=0.02 sys=0.00, real=0.01 secs] 
2014-07-16T03:48:22.322+0000: 851.410: [GC [PSYoungGen: 167588K->1654K(165568K)] 355259K->189855K(852544K), 0.0055100 secs] [Times: user=0.04 sys=0.00, real=0.00 secs] 
2014-07-16T03:48:22.950+0000: 852.038: [GC [PSYoungGen: 165558K->1264K(162048K)] 353759K->190139K(849024K), 0.0082910 secs] [Times: user=0.05 sys=0.01, real=0.01 secs] 
2014-07-16T03:48:23.505+0000: 852.593: [GC [PSYoungGen: 162011K->1400K(159104K)] 350887K->190372K(846080K), 0.0058320 secs] [Times: user=0.03 sys=0.00, real=0.00 secs] 
2014-07-16T03:48:24.065+0000: 853.153: [GC [PSYoungGen: 159079K->1008K(188544K)] 348051K->190118K(875520K), 0.0064980 secs] [Times: user=0.04 sys=0.00, real=0.00 secs] 
2014-07-16T03:48:24.748+0000: 853.836: [GC [PSYoungGen: 187679K->1154K(184000K)] 376789K->190359K(870976K), 0.0049850 secs] [Times: user=0.03 sys=0.00, real=0.01 secs] 
2014-07-16T03:48:25.414+0000: 854.503: [GC [PSYoungGen: 183938K->1008K(180032K)] 373143K->190407K(867008K), 0.0054370 secs] [Times: user=0.04 sys=0.00, real=0.00 secs] 
2014-07-16T03:48:26.060+0000: 855.149: [GC [PSYoungGen: 180000K->694K(186944K)] 369400K->190165K(873920K), 0.0096570 secs] [Times: user=0.04 sys=0.00, real=0.01 secs] 
2014-07-16T03:48:26.746+0000: 855.835: [GC [PSYoungGen: 185654K->1194K(216896K)] 375125K->190730K(903872K), 0.0074830 secs] [Times: user=0.05 sys=0.00, real=0.01 secs] 
2014-07-16T03:48:27.527+0000: 856.615: [GC [PSYoungGen: 216106K->1386K(211456K)] 405642K->191018K(898432K), 0.0047350 secs] [Times: user=0.03 sys=0.00, real=0.00 secs] 
2014-07-16T03:48:28.296+0000: 857.384: [GC [PSYoungGen: 211434K->562K(205952K)] 401066K->190289K(892928K), 0.0089360 secs] [Times: user=0.05 sys=0.00, real=0.01 secs] 
2014-07-16T03:48:29.041+0000: 858.130: [GC [PSYoungGen: 205938K->904K(201792K)] 395665K->190703K(888768K), 0.0035680 secs] [Times: user=0.02 sys=0.00, real=0.01 secs] 
2014-07-16T03:48:29.800+0000: 858.888: [GC [PSYoungGen: 201736K->862K(197376K)] 391535K->190802K(884352K), 0.0042050 secs] [Times: user=0.02 sys=0.00, real=0.01 secs] 
2014-07-16T03:48:30.545+0000: 859.633: [GC [PSYoungGen: 197342K->740K(193024K)] 387282K->190727K(880000K), 0.0099110 secs] [Times: user=0.06 sys=0.00, real=0.01 secs] 
2014-07-16T03:48:31.258+0000: 860.347: [GC [PSYoungGen: 192996K->854K(189056K)] 382983K->190921K(876032K), 0.0033660 secs] [Times: user=0.01 sys=0.01, real=0.00 secs] 
2014-07-16T03:48:31.978+0000: 861.067: [GC [PSYoungGen: 189006K->1108K(185344K)] 379074K->191248K(872320K), 0.0039400 secs] [Times: user=0.02 sys=0.00, real=0.00 secs] 
2014-07-16T03:48:32.652+0000: 861.741: [GC [PSYoungGen: 185236K->1218K(181696K)] 375375K->191438K(868672K), 0.0052470 secs] [Times: user=0.02 sys=0.00, real=0.01 secs] 
2014-07-16T03:48:33.376+0000: 862.464: [GC [PSYoungGen: 181594K->1186K(177920K)] 371814K->191478K(864896K), 0.0056080 secs] [Times: user=0.03 sys=0.00, real=0.00 secs] 
2014-07-16T03:48:34.028+0000: 863.116: [GC [PSYoungGen: 177890K->1150K(174272K)] 368182K->191572K(861248K), 0.0056150 secs] [Times: user=0.03 sys=0.00, real=0.01 secs] 
2014-07-16T03:48:34.683+0000: 863.772: [GC [PSYoungGen: 174270K->1100K(170816K)] 364692K->191610K(857792K), 0.0047730 secs] [Times: user=0.02 sys=0.00, real=0.00 secs] 
2014-07-16T03:48:35.313+0000: 864.401: [GC [PSYoungGen: 170735K->1104K(167488K)] 361245K->191678K(854464K), 0.0059150 secs] [Times: user=0.04 sys=0.01, real=0.00 secs] 
2014-07-16T03:48:35.920+0000: 865.009: [GC [PSYoungGen: 167440K->722K(163904K)] 358014K->191351K(850880K), 0.0075000 secs] [Times: user=0.04 sys=0.01, real=0.01 secs] 
2014-07-16T03:48:36.506+0000: 865.594: [GC [PSYoungGen: 163857K->940K(160960K)] 354487K->191657K(847936K), 0.0050370 secs] [Times: user=0.04 sys=0.00, real=0.00 secs] 
2014-07-16T03:48:37.080+0000: 866.169: [GC [PSYoungGen: 160940K->936K(157952K)] 351657K->191717K(844928K), 0.0065480 secs] [Times: user=0.04 sys=0.00, real=0.01 secs] 
2014-07-16T03:48:37.649+0000: 866.737: [GC [PSYoungGen: 157928K->790K(189248K)] 348709K->191651K(876224K), 0.0141330 secs] [Times: user=0.09 sys=0.00, real=0.01 secs] 
2014-07-16T03:48:38.343+0000: 867.431: [GC [PSYoungGen: 189206K->1044K(205184K)] 380067K->191994K(892160K), 0.0038480 secs] [Times: user=0.02 sys=0.00, real=0.01 secs] 
2014-07-16T03:48:39.093+0000: 868.182: [GC [PSYoungGen: 204628K->822K(227648K)] 395578K->191851K(914624K), 0.0069960 secs] [Times: user=0.05 sys=0.00, real=0.01 secs] 
2014-07-16T03:48:39.915+0000: 869.004: [GC [PSYoungGen: 226885K->1426K(222336K)] 417915K->192544K(909312K), 0.0049790 secs] [Times: user=0.02 sys=0.01, real=0.00 secs] 
2014-07-16T03:48:40.740+0000: 869.828: [GC [PSYoungGen: 222289K->128K(215936K)] 413406K->191509K(902912K), 0.0043840 secs] [Times: user=0.03 sys=0.00, real=0.01 secs] 
2014-07-16T03:48:41.534+0000: 870.622: [GC [PSYoungGen: 215936K->1176K(212160K)] 407317K->192606K(899136K), 0.0100630 secs] [Times: user=0.06 sys=0.00, real=0.01 secs] 
2014-07-16T03:48:42.307+0000: 871.396: [GC [PSYoungGen: 212120K->1418K(207680K)] 403550K->193160K(894656K), 0.0043240 secs] [Times: user=0.02 sys=0.00, real=0.00 secs] 
2014-07-16T03:48:43.045+0000: 872.133: [GC [PSYoungGen: 207626K->1608K(203328K)] 399368K->193390K(890304K), 0.0058120 secs] [Times: user=0.03 sys=0.00, real=0.00 secs] 
2014-07-16T03:48:43.785+0000: 872.873: [GC [PSYoungGen: 203235K->506K(197760K)] 395017K->192852K(884736K), 0.0055290 secs] [Times: user=0.02 sys=0.00, real=0.00 secs] 
2014-07-16T03:48:44.481+0000: 873.569: [GC [PSYoungGen: 197754K->1804K(194880K)] 390100K->194198K(881856K), 0.0056460 secs] [Times: user=0.02 sys=0.00, real=0.01 secs] 
2014-07-16T03:48:45.193+0000: 874.282: [GC [PSYoungGen: 194828K->1404K(190336K)] 387222K->194452K(877312K), 0.0084900 secs] [Times: user=0.05 sys=0.00, real=0.01 secs] 
2014-07-16T03:48:45.898+0000: 874.986: [GC [PSYoungGen: 190311K->1154K(186176K)] 383360K->194282K(873152K), 0.0084410 secs] [Times: user=0.06 sys=0.00, real=0.01 secs] 
2014-07-16T03:48:46.626+0000: 875.714: [GC [PSYoungGen: 186071K->954K(182080K)] 379199K->194154K(869056K), 0.0055550 secs] [Times: user=0.03 sys=0.00, real=0.00 secs] 
2014-07-16T03:48:47.289+0000: 876.377: [GC [PSYoungGen: 182064K->1340K(178752K)] 375264K->194604K(865728K), 0.0083450 secs] [Times: user=0.05 sys=0.00, real=0.01 secs] 
2014-07-16T03:48:47.939+0000: 877.028: [GC [PSYoungGen: 178716K->1190K(175040K)] 371980K->194510K(862016K), 0.0062500 secs] [Times: user=0.03 sys=0.00, real=0.01 secs] 
2014-07-16T03:48:48.646+0000: 877.734: [GC [PSYoungGen: 175014K->1732K(172160K)] 368334K->195108K(859136K), 0.0063130 secs] [Times: user=0.04 sys=0.01, real=0.00 secs] 
2014-07-16T03:48:49.312+0000: 878.400: [GC [PSYoungGen: 172100K->754K(167808K)] 365476K->194276K(854784K), 0.0054950 secs] [Times: user=0.02 sys=0.00, real=0.01 secs] 
2014-07-16T03:48:49.926+0000: 879.014: [GC [PSYoungGen: 167794K->858K(164672K)] 361316K->194428K(851648K), 0.0053010 secs] [Times: user=0.03 sys=0.00, real=0.00 secs] 
2014-07-16T03:48:50.523+0000: 879.611: [GC [PSYoungGen: 164634K->958K(161600K)] 358204K->194676K(848576K), 0.0064920 secs] [Times: user=0.03 sys=0.00, real=0.01 secs] 
2014-07-16T03:48:51.116+0000: 880.204: [GC [PSYoungGen: 161550K->1504K(194304K)] 355268K->195246K(881280K), 0.0177120 secs] [Times: user=0.10 sys=0.00, real=0.02 secs] 
2014-07-16T03:48:51.838+0000: 880.927: [GC [PSYoungGen: 194272K->890K(216640K)] 388014K->194736K(903616K), 0.0038400 secs] [Times: user=0.02 sys=0.00, real=0.00 secs] 
2014-07-16T03:48:52.606+0000: 881.694: [GC [PSYoungGen: 216122K->886K(217216K)] 409968K->194796K(904192K), 0.0049190 secs] [Times: user=0.03 sys=0.00, real=0.00 secs] 
2014-07-16T03:48:53.400+0000: 882.488: [GC [PSYoungGen: 216118K->1558K(260160K)] 410028K->195540K(947136K), 0.0144330 secs] [Times: user=0.09 sys=0.00, real=0.01 secs] 
2014-07-16T03:48:54.339+0000: 883.428: [GC [PSYoungGen: 259798K->954K(260224K)] 453780K->194984K(947200K), 0.0056670 secs] [Times: user=0.03 sys=0.00, real=0.00 secs] 
2014-07-16T03:48:55.277+0000: 884.365: [GC [PSYoungGen: 259148K->1036K(311744K)] 453179K->195122K(998720K), 0.0078610 secs] [Times: user=0.04 sys=0.00, real=0.00 secs] 
2014-07-16T03:48:56.399+0000: 885.487: [GC [PSYoungGen: 310924K->1076K(302528K)] 505010K->195218K(989504K), 0.0105150 secs] [Times: user=0.05 sys=0.01, real=0.01 secs] 
2014-07-16T03:48:57.497+0000: 886.586: [GC [PSYoungGen: 302516K->954K(294336K)] 496658K->195226K(981312K), 0.0043000 secs] [Times: user=0.02 sys=0.00, real=0.00 secs] 
2014-07-16T03:48:58.573+0000: 887.661: [GC [PSYoungGen: 294330K->694K(286272K)] 488602K->195062K(973248K), 0.0045050 secs] [Times: user=0.03 sys=0.00, real=0.01 secs] 
2014-07-16T03:48:59.607+0000: 888.695: [GC [PSYoungGen: 286262K->790K(278912K)] 480630K->195198K(965888K), 0.0046490 secs] [Times: user=0.02 sys=0.00, real=0.01 secs] 
2014-07-16T03:49:00.629+0000: 889.717: [GC [PSYoungGen: 278870K->772K(271744K)] 473278K->195260K(958720K), 0.0039200 secs] [Times: user=0.02 sys=0.00, real=0.00 secs] 
2014-07-16T03:49:01.624+0000: 890.712: [GC [PSYoungGen: 271684K->1396K(265408K)] 466172K->195964K(952384K), 0.0053390 secs] [Times: user=0.02 sys=0.00, real=0.01 secs] 
2014-07-16T03:49:02.579+0000: 891.667: [GC [PSYoungGen: 265334K->1104K(258496K)] 459903K->195784K(945472K), 0.0038390 secs] [Times: user=0.03 sys=0.00, real=0.00 secs] 
2014-07-16T03:49:03.574+0000: 892.662: [GC [PSYoungGen: 258448K->858K(251840K)] 453128K->195594K(938816K), 0.0073690 secs] [Times: user=0.03 sys=0.00, real=0.01 secs] 
2014-07-16T03:49:04.495+0000: 893.584: [GC [PSYoungGen: 251802K->1254K(246080K)] 446538K->196070K(933056K), 0.0038340 secs] [Times: user=0.02 sys=0.00, real=0.01 secs] 
2014-07-16T03:49:05.401+0000: 894.489: [GC [PSYoungGen: 246054K->1322K(240192K)] 440870K->196210K(927168K), 0.0031530 secs] [Times: user=0.01 sys=0.01, real=0.00 secs] 
2014-07-16T03:49:06.299+0000: 895.387: [GC [PSYoungGen: 240170K->762K(233920K)] 435058K->195706K(920896K), 0.0074210 secs] [Times: user=0.04 sys=0.00, real=0.00 secs] 
2014-07-16T03:49:07.228+0000: 896.316: [GC [PSYoungGen: 233913K->1250K(228928K)] 428858K->196298K(915904K), 0.0054270 secs] [Times: user=0.03 sys=0.00, real=0.00 secs] 
2014-07-16T03:49:08.056+0000: 897.144: [GC [PSYoungGen: 228898K->844K(223232K)] 423946K->195956K(910208K), 0.0058130 secs] [Times: user=0.03 sys=0.00, real=0.01 secs] 
2014-07-16T03:49:08.938+0000: 898.026: [GC [PSYoungGen: 223180K->826K(218048K)] 418292K->195986K(905024K), 0.0065260 secs] [Times: user=0.04 sys=0.00, real=0.01 secs] 
2014-07-16T03:49:09.733+0000: 898.821: [GC [PSYoungGen: 218012K->986K(213312K)] 413172K->196234K(900288K), 0.0036510 secs] [Times: user=0.01 sys=0.00, real=0.00 secs] 
2014-07-16T03:49:10.508+0000: 899.596: [GC [PSYoungGen: 213274K->1010K(208576K)] 408522K->196354K(895552K), 0.0065580 secs] [Times: user=0.04 sys=0.00, real=0.01 secs] 
2014-07-16T03:49:11.265+0000: 900.353: [GC [PSYoungGen: 208562K->658K(203648K)] 403906K->196066K(890624K), 0.0056160 secs] [Times: user=0.03 sys=0.00, real=0.01 secs] 
2014-07-16T03:49:12.002+0000: 901.090: [GC [PSYoungGen: 203602K->640K(199168K)] 399010K->196144K(886144K), 0.0083330 secs] [Times: user=0.06 sys=0.00, real=0.01 secs] 
2014-07-16T03:49:12.727+0000: 901.815: [GC [PSYoungGen: 199140K->954K(195200K)] 394644K->196554K(882176K), 0.0056020 secs] [Times: user=0.04 sys=0.00, real=0.01 secs] 
2014-07-16T03:49:13.463+0000: 902.551: [GC [PSYoungGen: 195194K->1408K(191552K)] 390794K->197064K(878528K), 0.0081260 secs] [Times: user=0.04 sys=0.01, real=0.01 secs] 
2014-07-16T03:49:14.104+0000: 903.192: [GC [PSYoungGen: 191488K->1158K(187264K)] 387144K->196886K(874240K), 0.0059870 secs] [Times: user=0.03 sys=0.00, real=0.01 secs] 
2014-07-16T03:49:14.784+0000: 903.873: [GC [PSYoungGen: 187206K->684K(182912K)] 382934K->196848K(869888K), 0.0032560 secs] [Times: user=0.01 sys=0.00, real=0.00 secs] 
2014-07-16T03:49:15.448+0000: 904.536: [GC [PSYoungGen: 182892K->822K(179328K)] 379056K->197034K(866304K), 0.0109780 secs] [Times: user=0.06 sys=0.00, real=0.01 secs] 
2014-07-16T03:49:16.094+0000: 905.182: [GC [PSYoungGen: 179318K->704K(214912K)] 375530K->197072K(901888K), 0.0102860 secs] [Times: user=0.03 sys=0.00, real=0.01 secs] 
2014-07-16T03:49:16.848+0000: 905.936: [GC [PSYoungGen: 214872K->1036K(258176K)] 411241K->197460K(945152K), 0.0055410 secs] [Times: user=0.02 sys=0.00, real=0.01 secs] 
2014-07-16T03:49:17.792+0000: 906.880: [GC [PSYoungGen: 258124K->1300K(252032K)] 454548K->197812K(939008K), 0.0033800 secs] [Times: user=0.02 sys=0.00, real=0.00 secs] 
2014-07-16T03:49:18.706+0000: 907.794: [GC [PSYoungGen: 251988K->804K(245376K)] 448500K->197388K(932352K), 0.0056610 secs] [Times: user=0.02 sys=0.01, real=0.01 secs] 
2014-07-16T03:49:19.604+0000: 908.692: [GC [PSYoungGen: 245348K->1086K(239680K)] 441932K->197880K(926656K), 0.0034850 secs] [Times: user=0.02 sys=0.00, real=0.00 secs] 
2014-07-16T03:49:20.485+0000: 909.573: [GC [PSYoungGen: 239676K->872K(233792K)] 436471K->197762K(920768K), 0.0058310 secs] [Times: user=0.03 sys=0.00, real=0.01 secs] 
2014-07-16T03:49:21.332+0000: 910.420: [GC [PSYoungGen: 233768K->990K(228416K)] 430658K->198018K(915392K), 0.0066000 secs] [Times: user=0.03 sys=0.00, real=0.00 secs] 
2014-07-16T03:49:22.140+0000: 911.228: [GC [PSYoungGen: 228382K->926K(223040K)] 425410K->198026K(910016K), 0.0040210 secs] [Times: user=0.02 sys=0.01, real=0.01 secs] 
2014-07-16T03:49:22.940+0000: 912.029: [GC [PSYoungGen: 223006K->1174K(218176K)] 420106K->198370K(905152K), 0.0067310 secs] [Times: user=0.04 sys=0.00, real=0.01 secs] 
2014-07-16T03:49:23.749+0000: 912.838: [GC [PSYoungGen: 218134K->1208K(213248K)] 415330K->198484K(900224K), 0.0045060 secs] [Times: user=0.02 sys=0.01, real=0.01 secs] 
2014-07-16T03:49:24.514+0000: 913.602: [GC [PSYoungGen: 213239K->684K(208000K)] 410515K->198080K(894976K), 0.0049300 secs] [Times: user=0.03 sys=0.00, real=0.00 secs] 
2014-07-16T03:49:25.266+0000: 914.355: [GC [PSYoungGen: 207980K->1136K(203840K)] 405376K->198620K(890816K), 0.0058660 secs] [Times: user=0.04 sys=0.00, real=0.01 secs] 
2014-07-16T03:49:26.004+0000: 915.093: [GC [PSYoungGen: 203824K->840K(199168K)] 401308K->198380K(886144K), 0.0045550 secs] [Times: user=0.02 sys=0.00, real=0.00 secs] 
2014-07-16T03:49:26.729+0000: 915.817: [GC [PSYoungGen: 199077K->1104K(195136K)] 396617K->198708K(882112K), 0.0037620 secs] [Times: user=0.01 sys=0.01, real=0.01 secs] 
2014-07-16T03:49:27.424+0000: 916.512: [GC [PSYoungGen: 195088K->726K(190592K)] 392692K->198402K(877568K), 0.0057240 secs] [Times: user=0.03 sys=0.00, real=0.00 secs] 
2014-07-16T03:49:28.106+0000: 917.195: [GC [PSYoungGen: 190550K->808K(186688K)] 388226K->198588K(873664K), 0.0047980 secs] [Times: user=0.03 sys=0.00, real=0.01 secs] 
2014-07-16T03:49:28.783+0000: 917.871: [GC [PSYoungGen: 186664K->1058K(183104K)] 384444K->198894K(870080K), 0.0076720 secs] [Times: user=0.05 sys=0.00, real=0.00 secs] 
2014-07-16T03:49:29.435+0000: 918.523: [GC [PSYoungGen: 183060K->1468K(179776K)] 380896K->199484K(866752K), 0.0058130 secs] [Times: user=0.03 sys=0.01, real=0.00 secs] 
2014-07-16T03:49:30.086+0000: 919.175: [GC [PSYoungGen: 179772K->434K(175168K)] 377788K->199030K(862144K), 0.0060160 secs] [Times: user=0.04 sys=0.00, real=0.01 secs] 
2014-07-16T03:49:30.749+0000: 919.838: [GC [PSYoungGen: 175154K->1530K(172736K)] 373750K->200254K(859712K), 0.0057150 secs] [Times: user=0.04 sys=0.00, real=0.01 secs] 
2014-07-16T03:49:31.382+0000: 920.471: [GC [PSYoungGen: 172730K->744K(168576K)] 371454K->200148K(855552K), 0.0061040 secs] [Times: user=0.03 sys=0.00, real=0.00 secs] 
2014-07-16T03:49:32.019+0000: 921.107: [GC [PSYoungGen: 168552K->808K(165376K)] 367956K->200276K(852352K), 0.0057540 secs] [Times: user=0.04 sys=0.00, real=0.01 secs] 
2014-07-16T03:49:32.629+0000: 921.717: [GC [PSYoungGen: 165308K->894K(198400K)] 364776K->200410K(885376K), 0.0107300 secs] [Times: user=0.06 sys=0.00, real=0.01 secs] 
2014-07-16T03:49:33.348+0000: 922.436: [GC [PSYoungGen: 198398K->940K(194240K)] 397914K->200512K(881216K), 0.0038800 secs] [Times: user=0.02 sys=0.00, real=0.00 secs] 
2014-07-16T03:49:34.086+0000: 923.174: [GC [PSYoungGen: 194188K->1044K(190272K)] 393761K->200672K(877248K), 0.0054600 secs] [Times: user=0.03 sys=0.00, real=0.00 secs] 
2014-07-16T03:49:34.774+0000: 923.862: [GC [PSYoungGen: 190228K->918K(186176K)] 389856K->200626K(873152K), 0.0051580 secs] [Times: user=0.02 sys=0.00, real=0.00 secs] 
2014-07-16T03:49:35.480+0000: 924.569: [GC [PSYoungGen: 186134K->1004K(182400K)] 385842K->200768K(869376K), 0.0076720 secs] [Times: user=0.04 sys=0.01, real=0.01 secs] 
2014-07-16T03:49:36.141+0000: 925.229: [GC [PSYoungGen: 182380K->822K(178496K)] 382144K->200674K(865472K), 0.0052320 secs] [Times: user=0.03 sys=0.00, real=0.01 secs] 
2014-07-16T03:49:36.818+0000: 925.906: [GC [PSYoungGen: 178455K->826K(174912K)] 378307K->200718K(861888K), 0.0034110 secs] [Times: user=0.02 sys=0.00, real=0.00 secs] 
2014-07-16T03:49:37.418+0000: 926.507: [GC [PSYoungGen: 174906K->830K(171456K)] 374798K->200778K(858432K), 0.0045180 secs] [Times: user=0.02 sys=0.00, real=0.01 secs] 
2014-07-16T03:49:38.048+0000: 927.136: [GC [PSYoungGen: 171454K->854K(168128K)] 371402K->200866K(855104K), 0.0049810 secs] [Times: user=0.02 sys=0.00, real=0.01 secs] 
2014-07-16T03:49:38.636+0000: 927.725: [GC [PSYoungGen: 168086K->1050K(201792K)] 368098K->201110K(888768K), 0.0118390 secs] [Times: user=0.05 sys=0.00, real=0.01 secs] 
2014-07-16T03:49:39.372+0000: 928.460: [GC [PSYoungGen: 201754K->890K(197248K)] 401814K->201006K(884224K), 0.0034610 secs] [Times: user=0.02 sys=0.00, real=0.01 secs] 
2014-07-16T03:49:40.078+0000: 929.166: [GC [PSYoungGen: 197242K->658K(192832K)] 397358K->200838K(879808K), 0.0044490 secs] [Times: user=0.02 sys=0.00, real=0.00 secs] 
2014-07-16T03:49:40.771+0000: 929.860: [GC [PSYoungGen: 192786K->1122K(189184K)] 392966K->201514K(876160K), 0.0049680 secs] [Times: user=0.03 sys=0.00, real=0.01 secs] 
2014-07-16T03:49:41.449+0000: 930.537: [GC [PSYoungGen: 189135K->740K(184896K)] 389527K->201228K(871872K), 0.0064210 secs] [Times: user=0.04 sys=0.00, real=0.01 secs] 
2014-07-16T03:49:42.112+0000: 931.201: [GC [PSYoungGen: 184868K->736K(181120K)] 385356K->201304K(868096K), 0.0027250 secs] [Times: user=0.02 sys=0.00, real=0.01 secs] 
2014-07-16T03:49:42.749+0000: 931.838: [GC [PSYoungGen: 181052K->1076K(177728K)] 381620K->201748K(864704K), 0.0050540 secs] [Times: user=0.03 sys=0.00, real=0.01 secs] 
2014-07-16T03:49:43.406+0000: 932.494: [GC [PSYoungGen: 177716K->1008K(174080K)] 378388K->201858K(861056K), 0.0035010 secs] [Times: user=0.02 sys=0.00, real=0.00 secs] 
2014-07-16T03:49:44.035+0000: 933.124: [GC [PSYoungGen: 174064K->680K(170304K)] 374914K->201586K(857280K), 0.0070500 secs] [Times: user=0.03 sys=0.00, real=0.00 secs] 
2014-07-16T03:49:44.645+0000: 933.733: [GC [PSYoungGen: 170280K->872K(167168K)] 371186K->201900K(854144K), 0.0036080 secs] [Times: user=0.02 sys=0.00, real=0.00 secs] 
2014-07-16T03:49:45.259+0000: 934.347: [GC [PSYoungGen: 167141K->708K(163840K)] 368169K->201824K(850816K), 0.0049150 secs] [Times: user=0.03 sys=0.00, real=0.00 secs] 
2014-07-16T03:49:45.866+0000: 934.954: [GC [PSYoungGen: 163780K->1018K(160960K)] 364896K->202206K(847936K), 0.0044200 secs] [Times: user=0.03 sys=0.00, real=0.00 secs] 
2014-07-16T03:49:46.437+0000: 935.525: [GC [PSYoungGen: 160950K->1208K(158144K)] 362138K->202460K(845120K), 0.0058620 secs] [Times: user=0.04 sys=0.00, real=0.00 secs] 
2014-07-16T03:49:47.029+0000: 936.117: [GC [PSYoungGen: 158136K->634K(154624K)] 359388K->202644K(841600K), 0.0042950 secs] [Times: user=0.02 sys=0.00, real=0.01 secs] 
2014-07-16T03:49:47.613+0000: 936.701: [GC [PSYoungGen: 154618K->1586K(152768K)] 356628K->203768K(839744K), 0.0089950 secs] [Times: user=0.04 sys=0.00, real=0.01 secs] 
2014-07-16T03:49:48.201+0000: 937.290: [GC [PSYoungGen: 152746K->912K(149376K)] 354928K->203646K(836352K), 0.0067140 secs] [Times: user=0.04 sys=0.00, real=0.01 secs] 
2014-07-16T03:49:48.856+0000: 937.945: [GC [PSYoungGen: 149328K->982K(179136K)] 352062K->203788K(866112K), 0.0148180 secs] [Times: user=0.07 sys=0.01, real=0.01 secs] 
2014-07-16T03:49:49.499+0000: 938.587: [GC [PSYoungGen: 179094K->830K(214592K)] 381900K->203676K(901568K), 0.0094430 secs] [Times: user=0.05 sys=0.00, real=0.01 secs] 
2014-07-16T03:49:50.307+0000: 939.395: [GC [PSYoungGen: 214589K->950K(257472K)] 417436K->203868K(944448K), 0.0032790 secs] [Times: user=0.02 sys=0.00, real=0.00 secs] 
2014-07-16T03:49:51.261+0000: 940.349: [GC [PSYoungGen: 257462K->1258K(267392K)] 460380K->204224K(954368K), 0.0100210 secs] [Times: user=0.06 sys=0.00, real=0.01 secs] 
2014-07-16T03:49:52.229+0000: 941.317: [GC [PSYoungGen: 267050K->722K(259840K)] 470016K->203784K(946816K), 0.0040280 secs] [Times: user=0.01 sys=0.01, real=0.00 secs] 
2014-07-16T03:49:53.190+0000: 942.278: [GC [PSYoungGen: 259794K->930K(253568K)] 462856K->204278K(940544K), 0.0078930 secs] [Times: user=0.04 sys=0.00, real=0.01 secs] 
2014-07-16T03:49:54.137+0000: 943.226: [GC [PSYoungGen: 253538K->1250K(265856K)] 456886K->204662K(952832K), 0.0152520 secs] [Times: user=0.08 sys=0.01, real=0.01 secs] 
2014-07-16T03:49:55.087+0000: 944.176: [GC [PSYoungGen: 265442K->1040K(258624K)] 468854K->204558K(945600K), 0.0069610 secs] [Times: user=0.04 sys=0.00, real=0.00 secs] 
2014-07-16T03:49:56.025+0000: 945.114: [GC [PSYoungGen: 258574K->1126K(252288K)] 462092K->204684K(939264K), 0.0050270 secs] [Times: user=0.02 sys=0.01, real=0.01 secs] 
2014-07-16T03:49:56.927+0000: 946.016: [GC [PSYoungGen: 252262K->1140K(246144K)] 455820K->204999K(933120K), 0.0045160 secs] [Times: user=0.02 sys=0.00, real=0.00 secs] 
2014-07-16T03:49:57.810+0000: 946.898: [GC [PSYoungGen: 246132K->776K(239872K)] 449991K->204698K(926848K), 0.0053390 secs] [Times: user=0.02 sys=0.00, real=0.00 secs] 
2014-07-16T03:49:58.721+0000: 947.809: [GC [PSYoungGen: 239804K->1200K(234560K)] 443727K->205203K(921536K), 0.0048300 secs] [Times: user=0.01 sys=0.00, real=0.00 secs] 
2014-07-16T03:49:59.543+0000: 948.631: [GC [PSYoungGen: 234544K->1104K(228992K)] 438547K->205194K(915968K), 0.0061470 secs] [Times: user=0.04 sys=0.01, real=0.01 secs] 
2014-07-16T03:50:00.362+0000: 949.451: [GC [PSYoungGen: 228944K->976K(223552K)] 433034K->205155K(910528K), 0.0059010 secs] [Times: user=0.03 sys=0.01, real=0.01 secs] 
2014-07-16T03:50:01.186+0000: 950.274: [GC [PSYoungGen: 223472K->1574K(219008K)] 427651K->205975K(905984K), 0.0041990 secs] [Times: user=0.02 sys=0.00, real=0.00 secs] 
2014-07-16T03:50:01.962+0000: 951.050: [GC [PSYoungGen: 218981K->638K(213120K)] 423382K->205373K(900096K), 0.0038760 secs] [Times: user=0.03 sys=0.00, real=0.00 secs] 
2014-07-16T03:50:02.730+0000: 951.818: [GC [PSYoungGen: 213093K->1240K(208960K)] 417828K->206039K(895936K), 0.0057900 secs] [Times: user=0.04 sys=0.00, real=0.00 secs] 
2014-07-16T03:50:03.484+0000: 952.573: [GC [PSYoungGen: 208849K->858K(203968K)] 413648K->205871K(890944K), 0.0091940 secs] [Times: user=0.05 sys=0.01, real=0.01 secs] 
2014-07-16T03:50:04.229+0000: 953.317: [GC [PSYoungGen: 203930K->830K(199488K)] 408943K->205899K(886464K), 0.0058800 secs] [Times: user=0.04 sys=0.00, real=0.00 secs] 
2014-07-16T03:50:04.953+0000: 954.041: [GC [PSYoungGen: 199467K->1404K(195776K)] 404536K->206537K(882752K), 0.0040000 secs] [Times: user=0.02 sys=0.00, real=0.01 secs] 
2014-07-16T03:50:05.676+0000: 954.764: [GC [PSYoungGen: 195772K->1322K(191552K)] 400905K->206527K(878528K), 0.0062500 secs] [Times: user=0.04 sys=0.00, real=0.01 secs] 
2014-07-16T03:50:06.368+0000: 955.456: [GC [PSYoungGen: 191530K->894K(187072K)] 396735K->206227K(874048K), 0.0062060 secs] [Times: user=0.04 sys=0.00, real=0.00 secs] 
2014-07-16T03:50:07.044+0000: 956.132: [GC [PSYoungGen: 187058K->908K(183232K)] 392391K->206281K(870208K), 0.0115410 secs] [Times: user=0.07 sys=0.00, real=0.01 secs] 
2014-07-16T03:50:07.710+0000: 956.798: [GC [PSYoungGen: 183153K->1258K(179840K)] 388526K->206703K(866816K), 0.0061030 secs] [Times: user=0.03 sys=0.00, real=0.00 secs] 
2014-07-16T03:50:08.358+0000: 957.446: [GC [PSYoungGen: 179792K->1482K(215808K)] 385237K->207007K(902784K), 0.0085610 secs] [Times: user=0.05 sys=0.00, real=0.01 secs] 
2014-07-16T03:50:09.133+0000: 958.221: [GC [PSYoungGen: 215738K->698K(257856K)] 421263K->206733K(944832K), 0.0079970 secs] [Times: user=0.05 sys=0.00, real=0.01 secs] 
2014-07-16T03:50:10.059+0000: 959.148: [GC [PSYoungGen: 257850K->1308K(252096K)] 463885K->207439K(939072K), 0.0044710 secs] [Times: user=0.03 sys=0.00, real=0.00 secs] 
2014-07-16T03:50:10.969+0000: 960.058: [GC [PSYoungGen: 252047K->854K(245504K)] 458179K->207407K(932480K), 0.0040380 secs] [Times: user=0.01 sys=0.00, real=0.00 secs] 
2014-07-16T03:50:11.855+0000: 960.944: [GC [PSYoungGen: 245462K->612K(239296K)] 452015K->207237K(926272K), 0.0073560 secs] [Times: user=0.05 sys=0.00, real=0.01 secs] 
2014-07-16T03:50:12.732+0000: 961.820: [GC [PSYoungGen: 239268K->1168K(234176K)] 445893K->207873K(921152K), 0.0054330 secs] [Times: user=0.03 sys=0.00, real=0.00 secs] 
2014-07-16T03:50:13.554+0000: 962.642: [GC [PSYoungGen: 234128K->676K(228160K)] 440833K->207485K(915136K), 0.0041910 secs] [Times: user=0.03 sys=0.00, real=0.01 secs] 
2014-07-16T03:50:14.430+0000: 963.518: [GC [PSYoungGen: 228132K->932K(223104K)] 434941K->207805K(910080K), 0.0045430 secs] [Times: user=0.02 sys=0.00, real=0.00 secs] 
2014-07-16T03:50:15.244+0000: 964.333: [GC [PSYoungGen: 223049K->1194K(218240K)] 429923K->208116K(905216K), 0.0059130 secs] [Times: user=0.03 sys=0.01, real=0.01 secs] 
2014-07-16T03:50:16.057+0000: 965.145: [GC [PSYoungGen: 218218K->1000K(213120K)] 425140K->207993K(900096K), 0.0038450 secs] [Times: user=0.02 sys=0.00, real=0.01 secs] 
2014-07-16T03:50:16.867+0000: 965.955: [GC [PSYoungGen: 213096K->872K(208256K)] 420089K->207953K(895232K), 0.0032260 secs] [Times: user=0.02 sys=0.00, real=0.01 secs] 
2014-07-16T03:50:17.657+0000: 966.745: [GC [PSYoungGen: 208232K->1168K(203968K)] 415313K->208321K(890944K), 0.0079580 secs] [Times: user=0.05 sys=0.01, real=0.01 secs] 
2014-07-16T03:50:18.410+0000: 967.499: [GC [PSYoungGen: 203919K->694K(199040K)] 411073K->207911K(886016K), 0.0064630 secs] [Times: user=0.03 sys=0.00, real=0.00 secs] 
2014-07-16T03:50:19.179+0000: 968.267: [GC [PSYoungGen: 199029K->1340K(195392K)] 406247K->208630K(882368K), 0.0100140 secs] [Times: user=0.05 sys=0.00, real=0.01 secs] 
2014-07-16T03:50:19.953+0000: 969.042: [GC [PSYoungGen: 195388K->762K(190656K)] 402678K->208099K(877632K), 0.0079180 secs] [Times: user=0.04 sys=0.00, real=0.01 secs] 
2014-07-16T03:50:20.668+0000: 969.756: [GC [PSYoungGen: 190650K->1204K(187136K)] 397987K->208614K(874112K), 0.0069340 secs] [Times: user=0.04 sys=0.00, real=0.01 secs] 
2014-07-16T03:50:21.343+0000: 970.431: [GC [PSYoungGen: 187124K->1004K(183104K)] 394534K->208493K(870080K), 0.0083030 secs] [Times: user=0.05 sys=0.00, real=0.01 secs] 
2014-07-16T03:50:22.007+0000: 971.095: [GC [PSYoungGen: 183084K->844K(219392K)] 390573K->208389K(906368K), 0.0080800 secs] [Times: user=0.04 sys=0.00, real=0.01 secs] 
2014-07-16T03:50:22.801+0000: 971.889: [GC [PSYoungGen: 219340K->1246K(263488K)] 426885K->208847K(950464K), 0.0087200 secs] [Times: user=0.04 sys=0.00, real=0.01 secs] 
2014-07-16T03:50:23.763+0000: 972.851: [GC [PSYoungGen: 263454K->480K(256128K)] 471055K->208121K(943104K), 0.0049220 secs] [Times: user=0.01 sys=0.00, real=0.00 secs] 
2014-07-16T03:50:24.680+0000: 973.769: [GC [PSYoungGen: 256096K->716K(250048K)] 463737K->208389K(937024K), 0.0085460 secs] [Times: user=0.05 sys=0.00, real=0.00 secs] 
2014-07-16T03:50:25.587+0000: 974.675: [GC [PSYoungGen: 249996K->812K(244032K)] 457669K->208533K(931008K), 0.0077110 secs] [Times: user=0.05 sys=0.00, real=0.01 secs] 
2014-07-16T03:50:26.464+0000: 975.553: [GC [PSYoungGen: 244010K->1094K(238464K)] 451732K->208856K(925440K), 0.0036930 secs] [Times: user=0.02 sys=0.00, real=0.00 secs] 
2014-07-16T03:50:27.326+0000: 976.415: [GC [PSYoungGen: 238406K->1272K(232960K)] 446168K->209114K(919936K), 0.0059400 secs] [Times: user=0.03 sys=0.00, real=0.01 secs] 
2014-07-16T03:50:28.170+0000: 977.258: [GC [PSYoungGen: 232917K->922K(227200K)] 440758K->208859K(914176K), 0.0040840 secs] [Times: user=0.02 sys=0.00, real=0.01 secs] 
2014-07-16T03:50:29.029+0000: 978.117: [GC [PSYoungGen: 227162K->1100K(222144K)] 435099K->209117K(909120K), 0.0071290 secs] [Times: user=0.04 sys=0.00, real=0.01 secs] 
2014-07-16T03:50:29.806+0000: 978.894: [GC [PSYoungGen: 222090K->948K(216896K)] 430108K->209014K(903872K), 0.0075290 secs] [Times: user=0.04 sys=0.00, real=0.01 secs] 
2014-07-16T03:50:30.605+0000: 979.693: [GC [PSYoungGen: 216883K->1018K(212096K)] 424948K->209131K(899072K), 0.0119820 secs] [Times: user=0.07 sys=0.00, real=0.01 secs] 
2014-07-16T03:50:31.357+0000: 980.446: [GC [PSYoungGen: 212090K->1472K(207872K)] 420203K->209674K(894848K), 0.0033600 secs] [Times: user=0.02 sys=0.00, real=0.00 secs] 
2014-07-16T03:50:32.107+0000: 981.195: [GC [PSYoungGen: 207784K->552K(202368K)] 415985K->209013K(889344K), 0.0035980 secs] [Times: user=0.02 sys=0.00, real=0.00 secs] 
2014-07-16T03:50:32.823+0000: 981.911: [GC [PSYoungGen: 202344K->1658K(199040K)] 410805K->210216K(886016K), 0.0033560 secs] [Times: user=0.01 sys=0.01, real=0.00 secs] 
2014-07-16T03:50:33.540+0000: 982.629: [GC [PSYoungGen: 199034K->512K(193664K)] 407592K->209233K(880640K), 0.0031570 secs] [Times: user=0.01 sys=0.01, real=0.01 secs] 
2014-07-16T03:50:34.251+0000: 983.339: [GC [PSYoungGen: 193659K->748K(189824K)] 402380K->209510K(876800K), 0.0099110 secs] [Times: user=0.05 sys=0.00, real=0.01 secs] 
2014-07-16T03:50:34.937+0000: 984.026: [GC [PSYoungGen: 189804K->748K(185856K)] 398566K->209550K(872832K), 0.0038430 secs] [Times: user=0.02 sys=0.00, real=0.00 secs] 
2014-07-16T03:50:35.601+0000: 984.689: [GC [PSYoungGen: 185836K->1494K(182784K)] 394638K->210368K(869760K), 0.0069090 secs] [Times: user=0.04 sys=0.00, real=0.01 secs] 
2014-07-16T03:50:36.256+0000: 985.344: [GC [PSYoungGen: 182742K->694K(178240K)] 391616K->209631K(865216K), 0.0042730 secs] [Times: user=0.02 sys=0.00, real=0.00 secs] 
2014-07-16T03:50:36.912+0000: 986.000: [GC [PSYoungGen: 178176K->890K(174848K)] 387114K->209907K(861824K), 0.0059710 secs] [Times: user=0.03 sys=0.00, real=0.00 secs] 
2014-07-16T03:50:37.534+0000: 986.623: [GC [PSYoungGen: 174842K->1104K(171648K)] 383859K->210202K(858624K), 0.0035340 secs] [Times: user=0.02 sys=0.00, real=0.00 secs] 
2014-07-16T03:50:38.154+0000: 987.243: [GC [PSYoungGen: 171569K->594K(167744K)] 380667K->209755K(854720K), 0.0046820 secs] [Times: user=0.03 sys=0.00, real=0.00 secs] 
2014-07-16T03:50:38.763+0000: 987.851: [GC [PSYoungGen: 167608K->822K(164672K)] 376770K->210071K(851648K), 0.0043650 secs] [Times: user=0.03 sys=0.00, real=0.00 secs] 
2014-07-16T03:50:39.362+0000: 988.451: [GC [PSYoungGen: 164662K->1168K(161920K)] 373911K->210482K(848896K), 0.0032010 secs] [Times: user=0.01 sys=0.00, real=0.00 secs] 
2014-07-16T03:50:39.932+0000: 989.020: [GC [PSYoungGen: 161833K->980K(158656K)] 371147K->210334K(845632K), 0.0041050 secs] [Times: user=0.01 sys=0.00, real=0.00 secs] 
2014-07-16T03:50:40.549+0000: 989.637: [GC [PSYoungGen: 158612K->936K(155648K)] 367966K->210370K(842624K), 0.0065990 secs] [Times: user=0.05 sys=0.00, real=0.01 secs] 
2014-07-16T03:50:41.123+0000: 990.211: [GC [PSYoungGen: 155601K->1386K(153216K)] 365035K->210974K(840192K), 0.0057070 secs] [Times: user=0.03 sys=0.00, real=0.01 secs] 
2014-07-16T03:50:41.670+0000: 990.758: [GC [PSYoungGen: 153194K->1404K(150464K)] 362782K->211072K(837440K), 0.0048370 secs] [Times: user=0.03 sys=0.00, real=0.01 secs] 
2014-07-16T03:50:42.244+0000: 991.333: [GC [PSYoungGen: 150456K->680K(147072K)] 360124K->210810K(834048K), 0.0071060 secs] [Times: user=0.04 sys=0.01, real=0.00 secs] 
2014-07-16T03:50:42.789+0000: 991.877: [GC [PSYoungGen: 147035K->1022K(144768K)] 357166K->211256K(831744K), 0.0038370 secs] [Times: user=0.02 sys=0.00, real=0.00 secs] 
2014-07-16T03:50:43.319+0000: 992.407: [GC [PSYoungGen: 144712K->1536K(142784K)] 354947K->212043K(829760K), 0.0060350 secs] [Times: user=0.03 sys=0.00, real=0.01 secs] 
2014-07-16T03:50:43.838+0000: 992.926: [GC [PSYoungGen: 142720K->1818K(171328K)] 353227K->212381K(858304K), 0.0088610 secs] [Times: user=0.05 sys=0.00, real=0.01 secs] 
2014-07-16T03:50:44.531+0000: 993.620: [GC [PSYoungGen: 171290K->306K(203712K)] 381853K->211498K(890688K), 0.0065440 secs] [Times: user=0.04 sys=0.00, real=0.01 secs] 
2014-07-16T03:50:45.274+0000: 994.363: [GC [PSYoungGen: 203681K->1454K(245568K)] 414874K->212711K(932544K), 0.0068440 secs] [Times: user=0.03 sys=0.00, real=0.00 secs] 
2014-07-16T03:50:46.181+0000: 995.270: [GC [PSYoungGen: 245550K->1018K(239232K)] 456807K->212927K(926208K), 0.0056890 secs] [Times: user=0.03 sys=0.01, real=0.01 secs] 
2014-07-16T03:50:47.083+0000: 996.172: [GC [PSYoungGen: 239226K->1554K(234112K)] 451135K->213535K(921088K), 0.0036570 secs] [Times: user=0.02 sys=0.00, real=0.00 secs] 
2014-07-16T03:50:47.945+0000: 997.034: [GC [PSYoungGen: 234066K->776K(259392K)] 446047K->212821K(946368K), 0.0190280 secs] [Times: user=0.11 sys=0.01, real=0.02 secs] 
2014-07-16T03:50:48.895+0000: 997.983: [GC [PSYoungGen: 258760K->940K(260032K)] 470805K->213057K(947008K), 0.0062280 secs] [Times: user=0.04 sys=0.00, real=0.00 secs] 
2014-07-16T03:50:49.850+0000: 998.939: [GC [PSYoungGen: 258924K->676K(252288K)] 471041K->212841K(939264K), 0.0088270 secs] [Times: user=0.05 sys=0.01, real=0.01 secs] 
2014-07-16T03:50:50.786+0000: 999.874: [GC [PSYoungGen: 252260K->1182K(246592K)] 464425K->213411K(933568K), 0.0068100 secs] [Times: user=0.03 sys=0.00, real=0.00 secs] 
2014-07-16T03:50:51.668+0000: 1000.756: [GC [PSYoungGen: 246558K->1504K(240960K)] 458787K->213789K(927936K), 0.0069950 secs] [Times: user=0.04 sys=0.00, real=0.01 secs] 
2014-07-16T03:50:52.537+0000: 1001.625: [GC [PSYoungGen: 240928K->662K(234368K)] 453213K->213035K(921344K), 0.0069820 secs] [Times: user=0.04 sys=0.00, real=0.01 secs] 
2014-07-16T03:50:53.378+0000: 1002.467: [GC [PSYoungGen: 234326K->1058K(229248K)] 446699K->213487K(916224K), 0.0061890 secs] [Times: user=0.03 sys=0.00, real=0.01 secs] 
2014-07-16T03:50:54.233+0000: 1003.321: [GC [PSYoungGen: 229218K->1254K(224128K)] 441647K->213771K(911104K), 0.0050570 secs] [Times: user=0.03 sys=0.00, real=0.01 secs] 
2014-07-16T03:50:55.027+0000: 1004.116: [GC [PSYoungGen: 224102K->1494K(219264K)] 436619K->214035K(906240K), 0.0127220 secs] [Times: user=0.08 sys=0.00, real=0.01 secs] 
2014-07-16T03:50:55.814+0000: 1004.902: [GC [PSYoungGen: 219222K->694K(213504K)] 431763K->213339K(900480K), 0.0045800 secs] [Times: user=0.02 sys=0.00, real=0.01 secs] 
2014-07-16T03:50:56.583+0000: 1005.671: [GC [PSYoungGen: 213475K->1176K(209216K)] 426120K->213893K(896192K), 0.0050090 secs] [Times: user=0.03 sys=0.00, real=0.01 secs] 
2014-07-16T03:50:57.341+0000: 1006.429: [GC [PSYoungGen: 209176K->1040K(204480K)] 421893K->213853K(891456K), 0.0063290 secs] [Times: user=0.04 sys=0.00, real=0.01 secs] 
2014-07-16T03:50:58.089+0000: 1007.178: [GC [PSYoungGen: 204432K->1218K(200192K)] 417245K->214111K(887168K), 0.0052230 secs] [Times: user=0.03 sys=0.00, real=0.00 secs] 
2014-07-16T03:50:58.825+0000: 1007.913: [GC [PSYoungGen: 200130K->944K(195584K)] 413023K->213893K(882560K), 0.0032190 secs] [Times: user=0.02 sys=0.00, real=0.01 secs] 
2014-07-16T03:50:59.546+0000: 1008.634: [GC [PSYoungGen: 195565K->1236K(191744K)] 408514K->214241K(878720K), 0.0094210 secs] [Times: user=0.05 sys=0.01, real=0.01 secs] 
2014-07-16T03:51:00.247+0000: 1009.335: [GC [PSYoungGen: 191700K->1022K(187456K)] 404705K->214083K(874432K), 0.0042820 secs] [Times: user=0.02 sys=0.01, real=0.00 secs] 
2014-07-16T03:51:00.929+0000: 1010.017: [GC [PSYoungGen: 187454K->882K(183424K)] 400515K->213975K(870400K), 0.0048490 secs] [Times: user=0.02 sys=0.00, real=0.00 secs] 
2014-07-16T03:51:01.598+0000: 1010.687: [GC [PSYoungGen: 183398K->858K(179648K)] 396491K->214023K(866624K), 0.0058830 secs] [Times: user=0.04 sys=0.00, real=0.00 secs] 
2014-07-16T03:51:02.261+0000: 1011.349: [GC [PSYoungGen: 179610K->1132K(176256K)] 392775K->214369K(863232K), 0.0086300 secs] [Times: user=0.04 sys=0.00, real=0.01 secs] 
2014-07-16T03:51:02.894+0000: 1011.982: [GC [PSYoungGen: 176229K->762K(172352K)] 389466K->214047K(859328K), 0.0059290 secs] [Times: user=0.03 sys=0.00, real=0.01 secs] 
2014-07-16T03:51:03.527+0000: 1012.615: [GC [PSYoungGen: 172346K->1044K(169280K)] 385631K->214385K(856256K), 0.0077340 secs] [Times: user=0.04 sys=0.00, real=0.00 secs] 
2014-07-16T03:51:04.154+0000: 1013.243: [GC [PSYoungGen: 169224K->772K(165760K)] 382565K->214185K(852736K), 0.0051680 secs] [Times: user=0.02 sys=0.01, real=0.01 secs] 
2014-07-16T03:51:04.773+0000: 1013.861: [GC [PSYoungGen: 165700K->1036K(162816K)] 379113K->214521K(849792K), 0.0042730 secs] [Times: user=0.02 sys=0.00, real=0.01 secs] 
2014-07-16T03:51:05.368+0000: 1014.456: [GC [PSYoungGen: 162764K->1004K(159680K)] 376249K->214553K(846656K), 0.0066620 secs] [Times: user=0.03 sys=0.00, real=0.00 secs] 
2014-07-16T03:51:05.938+0000: 1015.026: [GC [PSYoungGen: 159640K->794K(191232K)] 373189K->214383K(878208K), 0.0104530 secs] [Times: user=0.06 sys=0.00, real=0.01 secs] 
2014-07-16T03:51:06.629+0000: 1015.717: [GC [PSYoungGen: 191194K->448K(228928K)] 404783K->214101K(915904K), 0.0053060 secs] [Times: user=0.03 sys=0.00, real=0.00 secs] 
2014-07-16T03:51:07.454+0000: 1016.542: [GC [PSYoungGen: 228885K->1040K(224256K)] 442539K->214749K(911232K), 0.0038810 secs] [Times: user=0.02 sys=0.00, real=0.01 secs] 
2014-07-16T03:51:08.270+0000: 1017.358: [GC [PSYoungGen: 224165K->886K(218944K)] 437874K->214691K(905920K), 0.0038910 secs] [Times: user=0.02 sys=0.00, real=0.00 secs] 
2014-07-16T03:51:09.057+0000: 1018.145: [GC [PSYoungGen: 218934K->982K(214080K)] 432739K->214867K(901056K), 0.0033330 secs] [Times: user=0.01 sys=0.00, real=0.01 secs] 
2014-07-16T03:51:09.907+0000: 1018.995: [GC [PSYoungGen: 214038K->1332K(209600K)] 427923K->215297K(896576K), 0.0066770 secs] [Times: user=0.04 sys=0.01, real=0.01 secs] 
2014-07-16T03:51:10.689+0000: 1019.777: [GC [PSYoungGen: 209540K->484K(204160K)] 423505K->214901K(891136K), 0.0076390 secs] [Times: user=0.04 sys=0.00, real=0.00 secs] 
2014-07-16T03:51:11.474+0000: 1020.562: [GC [PSYoungGen: 204117K->1458K(200640K)] 418534K->216283K(887616K), 0.0054230 secs] [Times: user=0.03 sys=0.00, real=0.01 secs] 
2014-07-16T03:51:12.214+0000: 1021.302: [GC [PSYoungGen: 200551K->990K(240064K)] 415376K->216495K(927040K), 0.0187970 secs] [Times: user=0.11 sys=0.00, real=0.02 secs] 
2014-07-16T03:51:13.117+0000: 1022.205: [GC [PSYoungGen: 240003K->1504K(288384K)] 455508K->217131K(975360K), 0.0068100 secs] [Times: user=0.04 sys=0.00, real=0.01 secs] 
2014-07-16T03:51:14.153+0000: 1023.242: [GC [PSYoungGen: 288352K->948K(280256K)] 503979K->217045K(967232K), 0.0082680 secs] [Times: user=0.04 sys=0.00, real=0.01 secs] 
2014-07-16T03:51:15.260+0000: 1024.348: [GC [PSYoungGen: 280244K->612K(272704K)] 496341K->216757K(959680K), 0.0033590 secs] [Times: user=0.02 sys=0.00, real=0.00 secs] 
2014-07-16T03:51:16.230+0000: 1025.318: [GC [PSYoungGen: 272676K->904K(266048K)] 488821K->217113K(953024K), 0.0085050 secs] [Times: user=0.04 sys=0.00, real=0.01 secs] 
2014-07-16T03:51:17.198+0000: 1026.286: [GC [PSYoungGen: 265992K->712K(259136K)] 482201K->216977K(946112K), 0.0031070 secs] [Times: user=0.01 sys=0.00, real=0.01 secs] 
2014-07-16T03:51:18.128+0000: 1027.216: [GC [PSYoungGen: 259080K->858K(252800K)] 475345K->217195K(939776K), 0.0040940 secs] [Times: user=0.03 sys=0.00, real=0.01 secs] 
2014-07-16T03:51:19.040+0000: 1028.129: [GC [PSYoungGen: 252762K->544K(246272K)] 469099K->216937K(933248K), 0.0101660 secs] [Times: user=0.06 sys=0.00, real=0.01 secs] 
2014-07-16T03:51:19.948+0000: 1029.036: [GC [PSYoungGen: 246240K->854K(240640K)] 462633K->217335K(927616K), 0.0052790 secs] [Times: user=0.03 sys=0.00, real=0.01 secs] 
2014-07-16T03:51:20.831+0000: 1029.919: [GC [PSYoungGen: 240598K->872K(234880K)] 457079K->217449K(921856K), 0.0052770 secs] [Times: user=0.03 sys=0.00, real=0.00 secs] 
2014-07-16T03:51:21.692+0000: 1030.781: [GC [PSYoungGen: 234835K->1086K(229568K)] 451412K->217743K(916544K), 0.0076070 secs] [Times: user=0.04 sys=0.00, real=0.01 secs] 
2014-07-16T03:51:22.507+0000: 1031.595: [GC [PSYoungGen: 229488K->1322K(224512K)] 446146K->218083K(911488K), 0.0072270 secs] [Times: user=0.04 sys=0.00, real=0.01 secs] 
2014-07-16T03:51:23.332+0000: 1032.420: [GC [PSYoungGen: 224483K->922K(219008K)] 441244K->217771K(905984K), 0.0052930 secs] [Times: user=0.03 sys=0.00, real=0.00 secs] 
2014-07-16T03:51:24.121+0000: 1033.209: [GC [PSYoungGen: 218970K->872K(213952K)] 435819K->217769K(900928K), 0.0060920 secs] [Times: user=0.02 sys=0.00, real=0.00 secs] 
2014-07-16T03:51:24.893+0000: 1033.982: [GC [PSYoungGen: 213898K->1418K(209728K)] 430795K->218379K(896704K), 0.0066410 secs] [Times: user=0.04 sys=0.00, real=0.01 secs] 
2014-07-16T03:51:25.662+0000: 1034.750: [GC [PSYoungGen: 209673K->1062K(204736K)] 426634K->218079K(891712K), 0.0040190 secs] [Times: user=0.02 sys=0.01, real=0.00 secs] 
2014-07-16T03:51:26.398+0000: 1035.486: [GC [PSYoungGen: 204710K->948K(200128K)] 421727K->218223K(887104K), 0.0055990 secs] [Times: user=0.03 sys=0.00, real=0.01 secs] 
2014-07-16T03:51:27.112+0000: 1036.200: [GC [PSYoungGen: 200116K->1068K(195968K)] 417391K->218415K(882944K), 0.0063770 secs] [Times: user=0.04 sys=0.00, real=0.00 secs] 
2014-07-16T03:51:27.811+0000: 1036.900: [GC [PSYoungGen: 195935K->908K(191680K)] 413283K->218593K(878656K), 0.0032800 secs] [Times: user=0.01 sys=0.00, real=0.00 secs] 
2014-07-16T03:51:28.501+0000: 1037.589: [GC [PSYoungGen: 191628K->736K(187456K)] 409313K->218477K(874432K), 0.0046150 secs] [Times: user=0.02 sys=0.00, real=0.00 secs] 
2014-07-16T03:51:29.200+0000: 1038.288: [GC [PSYoungGen: 187424K->1508K(184320K)] 405165K->219355K(871296K), 0.0069080 secs] [Times: user=0.04 sys=0.00, real=0.00 secs] 
2014-07-16T03:51:29.880+0000: 1038.968: [GC [PSYoungGen: 184250K->936K(179968K)] 402097K->218863K(866944K), 0.0053720 secs] [Times: user=0.03 sys=0.00, real=0.01 secs] 
2014-07-16T03:51:30.516+0000: 1039.604: [GC [PSYoungGen: 179944K->754K(176128K)] 397871K->218737K(863104K), 0.0031910 secs] [Times: user=0.01 sys=0.00, real=0.00 secs] 
2014-07-16T03:51:31.159+0000: 1040.247: [GC [PSYoungGen: 176114K->1144K(172992K)] 394097K->219191K(859968K), 0.0047300 secs] [Times: user=0.02 sys=0.00, real=0.01 secs] 
2014-07-16T03:51:31.816+0000: 1040.904: [GC [PSYoungGen: 172982K->1450K(169920K)] 391030K->219641K(856896K), 0.0037190 secs] [Times: user=0.02 sys=0.00, real=0.00 secs] 
2014-07-16T03:51:32.446+0000: 1041.534: [GC [PSYoungGen: 169898K->658K(165824K)] 388089K->218921K(852800K), 0.0045540 secs] [Times: user=0.02 sys=0.00, real=0.01 secs] 
2014-07-16T03:51:33.049+0000: 1042.137: [GC [PSYoungGen: 165778K->804K(162752K)] 384041K->219139K(849728K), 0.0069650 secs] [Times: user=0.04 sys=0.00, real=0.01 secs] 
2014-07-16T03:51:33.618+0000: 1042.706: [GC [PSYoungGen: 162702K->1526K(160384K)] 381038K->219917K(847360K), 0.0049460 secs] [Times: user=0.03 sys=0.00, real=0.01 secs] 
2014-07-16T03:51:34.200+0000: 1043.288: [GC [PSYoungGen: 160374K->762K(156608K)] 378765K->219233K(843584K), 0.0036630 secs] [Times: user=0.01 sys=0.00, real=0.01 secs] 
2014-07-16T03:51:34.783+0000: 1043.871: [GC [PSYoungGen: 156602K->1008K(153984K)] 375073K->219527K(840960K), 0.0077350 secs] [Times: user=0.04 sys=0.00, real=0.00 secs] 
2014-07-16T03:51:35.313+0000: 1044.401: [GC [PSYoungGen: 153925K->1058K(151232K)] 372445K->219657K(838208K), 0.0056860 secs] [Times: user=0.03 sys=0.00, real=0.00 secs] 
2014-07-16T03:51:35.863+0000: 1044.951: [GC [PSYoungGen: 151202K->1386K(148800K)] 369801K->220057K(835776K), 0.0065040 secs] [Times: user=0.04 sys=0.00, real=0.00 secs] 
2014-07-16T03:51:36.400+0000: 1045.488: [GC [PSYoungGen: 148778K->1016K(145792K)] 367449K->219989K(832768K), 0.0033780 secs] [Times: user=0.02 sys=0.00, real=0.01 secs] 
2014-07-16T03:51:36.932+0000: 1046.020: [GC [PSYoungGen: 145784K->1246K(175040K)] 364757K->220267K(862016K), 0.0099500 secs] [Times: user=0.05 sys=0.01, real=0.01 secs] 
2014-07-16T03:51:37.563+0000: 1046.651: [GC [PSYoungGen: 175006K->858K(209408K)] 394027K->220017K(896384K), 0.0044120 secs] [Times: user=0.02 sys=0.01, real=0.00 secs] 
2014-07-16T03:51:38.320+0000: 1047.408: [GC [PSYoungGen: 209370K->576K(204480K)] 428529K->219807K(891456K), 0.0043620 secs] [Times: user=0.03 sys=0.00, real=0.01 secs] 
2014-07-16T03:51:39.056+0000: 1048.144: [GC [PSYoungGen: 204480K->858K(200320K)] 423711K->220185K(887296K), 0.0040200 secs] [Times: user=0.02 sys=0.00, real=0.00 secs] 
2014-07-16T03:51:39.787+0000: 1048.875: [GC [PSYoungGen: 200282K->972K(196160K)] 419609K->220355K(883136K), 0.0040440 secs] [Times: user=0.01 sys=0.00, real=0.00 secs] 
2014-07-16T03:51:40.490+0000: 1049.578: [GC [PSYoungGen: 196097K->1594K(192576K)] 415481K->221034K(879552K), 0.0068600 secs] [Times: user=0.04 sys=0.00, real=0.01 secs] 
2014-07-16T03:51:41.192+0000: 1050.280: [GC [PSYoungGen: 192552K->840K(187840K)] 411991K->220343K(874816K), 0.0052320 secs] [Times: user=0.03 sys=0.00, real=0.01 secs] 
2014-07-16T03:51:41.871+0000: 1050.959: [GC [PSYoungGen: 187784K->722K(183808K)] 407287K->220313K(870784K), 0.0036970 secs] [Times: user=0.02 sys=0.00, real=0.01 secs] 
2014-07-16T03:51:42.552+0000: 1051.640: [GC [PSYoungGen: 183762K->1322K(180608K)] 403353K->220977K(867584K), 0.0038970 secs] [Times: user=0.02 sys=0.00, real=0.01 secs] 
2014-07-16T03:51:43.246+0000: 1052.334: [GC [PSYoungGen: 180546K->1174K(176832K)] 400202K->220933K(863808K), 0.0050320 secs] [Times: user=0.03 sys=0.00, real=0.00 secs] 
2014-07-16T03:51:43.874+0000: 1052.962: [GC [PSYoungGen: 176790K->594K(172736K)] 396549K->220425K(859712K), 0.0041840 secs] [Times: user=0.02 sys=0.00, real=0.00 secs] 
2014-07-16T03:51:44.496+0000: 1053.584: [GC [PSYoungGen: 172690K->844K(169600K)] 392521K->220747K(856576K), 0.0074250 secs] [Times: user=0.05 sys=0.00, real=0.01 secs] 
2014-07-16T03:51:45.120+0000: 1054.208: [GC [PSYoungGen: 169548K->1254K(166656K)] 389451K->221229K(853632K), 0.0039420 secs] [Times: user=0.01 sys=0.00, real=0.01 secs] 
2014-07-16T03:51:45.712+0000: 1054.800: [GC [PSYoungGen: 166604K->976K(163200K)] 386580K->221015K(850176K), 0.0109450 secs] [Times: user=0.06 sys=0.00, real=0.01 secs] 
2014-07-16T03:51:46.298+0000: 1055.387: [GC [PSYoungGen: 163152K->690K(195328K)] 383191K->220793K(882304K), 0.0079510 secs] [Times: user=0.05 sys=0.00, real=0.01 secs] 
2014-07-16T03:51:47.009+0000: 1056.097: [GC [PSYoungGen: 195314K->1372K(191872K)] 415417K->221579K(878848K), 0.0045690 secs] [Times: user=0.03 sys=0.00, real=0.01 secs] 
2014-07-16T03:51:47.691+0000: 1056.780: [GC [PSYoungGen: 191834K->1222K(187712K)] 412042K->221525K(874688K), 0.0063610 secs] [Times: user=0.04 sys=0.00, real=0.01 secs] 
2014-07-16T03:51:48.374+0000: 1057.462: [GC [PSYoungGen: 187653K->918K(183488K)] 407957K->221301K(870464K), 0.0070830 secs] [Times: user=0.05 sys=0.00, real=0.00 secs] 
2014-07-16T03:51:49.028+0000: 1058.116: [GC [PSYoungGen: 183446K->1040K(179840K)] 403829K->221487K(866816K), 0.0047740 secs] [Times: user=0.02 sys=0.00, real=0.01 secs] 
2014-07-16T03:51:49.757+0000: 1058.845: [GC [PSYoungGen: 179792K->1104K(176256K)] 400239K->221599K(863232K), 0.0042330 secs] [Times: user=0.01 sys=0.00, real=0.00 secs] 
2014-07-16T03:51:50.333+0000: 1059.421: [GC [PSYoungGen: 176208K->1004K(172608K)] 396703K->221587K(859584K), 0.0060580 secs] [Times: user=0.04 sys=0.00, real=0.01 secs] 
2014-07-16T03:51:50.956+0000: 1060.044: [GC [PSYoungGen: 172588K->772K(169024K)] 393171K->221443K(856000K), 0.0071040 secs] [Times: user=0.04 sys=0.00, real=0.01 secs] 
2014-07-16T03:51:51.575+0000: 1060.663: [GC [PSYoungGen: 168964K->854K(165824K)] 389635K->221589K(852800K), 0.0069210 secs] [Times: user=0.04 sys=0.00, real=0.00 secs] 
2014-07-16T03:51:52.177+0000: 1061.266: [GC [PSYoungGen: 165782K->1278K(163008K)] 386517K->222093K(849984K), 0.0043280 secs] [Times: user=0.02 sys=0.00, real=0.00 secs] 
2014-07-16T03:51:52.771+0000: 1061.859: [GC [PSYoungGen: 163006K->1440K(195584K)] 383821K->222319K(882560K), 0.0101370 secs] [Times: user=0.06 sys=0.00, real=0.01 secs] 
2014-07-16T03:51:53.486+0000: 1062.574: [GC [PSYoungGen: 195527K->512K(233472K)] 416407K->221553K(920448K), 0.0131900 secs] [Times: user=0.09 sys=0.00, real=0.01 secs] 
2014-07-16T03:51:54.313+0000: 1063.402: [GC [PSYoungGen: 233472K->640K(251456K)] 454513K->221769K(938432K), 0.0041080 secs] [Times: user=0.03 sys=0.00, real=0.01 secs] 
2014-07-16T03:51:55.217+0000: 1064.305: [GC [PSYoungGen: 250368K->772K(244416K)] 471497K->221965K(931392K), 0.0071070 secs] [Times: user=0.04 sys=0.00, real=0.01 secs] 
2014-07-16T03:51:56.104+0000: 1065.192: [GC [PSYoungGen: 244356K->976K(238720K)] 465549K->222217K(925696K), 0.0064700 secs] [Times: user=0.03 sys=0.00, real=0.00 secs] 
2014-07-16T03:51:56.973+0000: 1066.061: [GC [PSYoungGen: 238638K->1412K(233472K)] 459880K->222710K(920448K), 0.0038630 secs] [Times: user=0.02 sys=0.00, real=0.01 secs] 
2014-07-16T03:51:57.832+0000: 1066.921: [GC [PSYoungGen: 233398K->1146K(227712K)] 454696K->222547K(914688K), 0.0071070 secs] [Times: user=0.04 sys=0.00, real=0.01 secs] 
2014-07-16T03:51:58.641+0000: 1067.729: [GC [PSYoungGen: 227705K->866K(222208K)] 449106K->222559K(909184K), 0.0074870 secs] [Times: user=0.05 sys=0.00, real=0.01 secs] 
2014-07-16T03:51:59.465+0000: 1068.554: [GC [PSYoungGen: 222178K->826K(217088K)] 443871K->222623K(904064K), 0.0065050 secs] [Times: user=0.04 sys=0.00, real=0.00 secs] 
2014-07-16T03:52:00.267+0000: 1069.355: [GC [PSYoungGen: 217079K->1304K(212672K)] 438876K->223390K(899648K), 0.0074290 secs] [Times: user=0.04 sys=0.00, real=0.00 secs] 
2014-07-16T03:52:01.040+0000: 1070.128: [GC [PSYoungGen: 212632K->1704K(255360K)] 434718K->223886K(942336K), 0.0132420 secs] [Times: user=0.07 sys=0.00, real=0.01 secs] 
2014-07-16T03:52:01.954+0000: 1071.042: [GC [PSYoungGen: 255336K->438K(247808K)] 477518K->223212K(934784K), 0.0076700 secs] [Times: user=0.05 sys=0.00, real=0.01 secs] 
2014-07-16T03:52:02.865+0000: 1071.953: [GC [PSYoungGen: 247798K->1496K(242880K)] 470572K->224342K(929856K), 0.0060590 secs] [Times: user=0.04 sys=0.00, real=0.00 secs] 
2014-07-16T03:52:03.745+0000: 1072.833: [GC [PSYoungGen: 242821K->790K(236352K)] 465667K->223990K(923328K), 0.0058520 secs] [Times: user=0.03 sys=0.00, real=0.01 secs] 
2014-07-16T03:52:04.591+0000: 1073.679: [GC [PSYoungGen: 236310K->704K(230656K)] 459510K->224000K(917632K), 0.0060330 secs] [Times: user=0.04 sys=0.00, real=0.01 secs] 
2014-07-16T03:52:05.432+0000: 1074.520: [GC [PSYoungGen: 230656K->940K(225536K)] 453952K->224276K(912512K), 0.0044170 secs] [Times: user=0.02 sys=0.01, real=0.01 secs] 
2014-07-16T03:52:06.248+0000: 1075.336: [GC [PSYoungGen: 225516K->1172K(220608K)] 448852K->224564K(907584K), 0.0074880 secs] [Times: user=0.05 sys=0.00, real=0.01 secs] 
2014-07-16T03:52:07.084+0000: 1076.172: [GC [PSYoungGen: 220564K->1278K(215680K)] 443956K->224726K(902656K), 0.0040750 secs] [Times: user=0.02 sys=0.00, real=0.01 secs] 
2014-07-16T03:52:07.880+0000: 1076.968: [GC [PSYoungGen: 215678K->954K(210496K)] 439126K->224506K(897472K), 0.0052220 secs] [Times: user=0.03 sys=0.00, real=0.00 secs] 
2014-07-16T03:52:08.655+0000: 1077.743: [GC [PSYoungGen: 210490K->1400K(206272K)] 434042K->225048K(893248K), 0.0061290 secs] [Times: user=0.04 sys=0.00, real=0.01 secs] 
2014-07-16T03:52:09.394+0000: 1078.482: [GC [PSYoungGen: 206188K->1004K(201408K)] 429836K->224716K(888384K), 0.0079440 secs] [Times: user=0.05 sys=0.01, real=0.01 secs] 
2014-07-16T03:52:10.215+0000: 1079.303: [GC [PSYoungGen: 201388K->836K(196928K)] 425100K->224636K(883904K), 0.0043730 secs] [Times: user=0.02 sys=0.01, real=0.01 secs] 
2014-07-16T03:52:10.923+0000: 1080.012: [GC [PSYoungGen: 196868K->1104K(192960K)] 420668K->224984K(879936K), 0.0044070 secs] [Times: user=0.02 sys=0.00, real=0.01 secs] 
2014-07-16T03:52:11.682+0000: 1080.771: [GC [PSYoungGen: 192871K->1588K(189376K)] 416751K->225548K(876352K), 0.0071300 secs] [Times: user=0.04 sys=0.00, real=0.01 secs] 
2014-07-16T03:52:12.384+0000: 1081.472: [GC [PSYoungGen: 189364K->1376K(185280K)] 413324K->225392K(872256K), 0.0075400 secs] [Times: user=0.06 sys=0.00, real=0.01 secs] 
2014-07-16T03:52:13.070+0000: 1082.158: [GC [PSYoungGen: 185248K->744K(180864K)] 409264K->225368K(867840K), 0.0095740 secs] [Times: user=0.06 sys=0.00, real=0.01 secs] 
2014-07-16T03:52:13.693+0000: 1082.781: [GC [PSYoungGen: 180840K->1454K(177920K)] 405464K->226182K(864896K), 0.0047310 secs] [Times: user=0.03 sys=0.00, real=0.01 secs] 
2014-07-16T03:52:14.327+0000: 1083.416: [GC [PSYoungGen: 177902K->958K(173824K)] 402630K->226140K(860800K), 0.0042840 secs] [Times: user=0.02 sys=0.00, real=0.00 secs] 
2014-07-16T03:52:14.977+0000: 1084.065: [GC [PSYoungGen: 173818K->1218K(170688K)] 399000K->226496K(857664K), 0.0064560 secs] [Times: user=0.04 sys=0.00, real=0.01 secs] 
2014-07-16T03:52:15.581+0000: 1084.670: [GC [PSYoungGen: 170622K->740K(166848K)] 395900K->226090K(853824K), 0.0078030 secs] [Times: user=0.05 sys=0.00, real=0.01 secs] 
2014-07-16T03:52:16.178+0000: 1085.267: [GC [PSYoungGen: 166820K->1344K(164288K)] 392170K->226766K(851264K), 0.0039290 secs] [Times: user=0.02 sys=0.00, real=0.00 secs] 
2014-07-16T03:52:16.766+0000: 1085.854: [GC [PSYoungGen: 164145K->854K(160640K)] 389567K->226364K(847616K), 0.0053180 secs] [Times: user=0.03 sys=0.00, real=0.01 secs] 
2014-07-16T03:52:17.340+0000: 1086.428: [GC [PSYoungGen: 160548K->926K(192704K)] 386058K->226484K(879680K), 0.0111940 secs] [Times: user=0.07 sys=0.00, real=0.01 secs] 
2014-07-16T03:52:18.050+0000: 1087.138: [GC [PSYoungGen: 192667K->968K(231168K)] 418226K->226606K(918144K), 0.0051940 secs] [Times: user=0.02 sys=0.00, real=0.00 secs] 
2014-07-16T03:52:18.880+0000: 1087.968: [GC [PSYoungGen: 231104K->1008K(225792K)] 456743K->226750K(912768K), 0.0065380 secs] [Times: user=0.04 sys=0.00, real=0.00 secs] 
2014-07-16T03:52:19.688+0000: 1088.776: [GC [PSYoungGen: 225776K->772K(220416K)] 451518K->226586K(907392K), 0.0073230 secs] [Times: user=0.05 sys=0.00, real=0.00 secs] 
2014-07-16T03:52:20.501+0000: 1089.589: [GC [PSYoungGen: 220356K->876K(215488K)] 446170K->226754K(902464K), 0.0056780 secs] [Times: user=0.03 sys=0.00, real=0.00 secs] 
2014-07-16T03:52:21.267+0000: 1090.355: [GC [PSYoungGen: 215468K->972K(210752K)] 441346K->226922K(897728K), 0.0064290 secs] [Times: user=0.05 sys=0.00, real=0.01 secs] 
2014-07-16T03:52:22.037+0000: 1091.125: [GC [PSYoungGen: 210700K->676K(205760K)] 436650K->226714K(892736K), 0.0032840 secs] [Times: user=0.02 sys=0.00, real=0.01 secs] 
2014-07-16T03:52:22.803+0000: 1091.892: [GC [PSYoungGen: 205646K->1386K(201984K)] 431684K->227496K(888960K), 0.0035300 secs] [Times: user=0.02 sys=0.00, real=0.00 secs] 
2014-07-16T03:52:23.518+0000: 1092.606: [GC [PSYoungGen: 201962K->662K(196928K)] 428072K->226844K(883904K), 0.0043190 secs] [Times: user=0.03 sys=0.00, real=0.00 secs] 
2014-07-16T03:52:24.230+0000: 1093.319: [GC [PSYoungGen: 196853K->1322K(193344K)] 423036K->227552K(880320K), 0.0128320 secs] [Times: user=0.07 sys=0.00, real=0.01 secs] 
2014-07-16T03:52:24.937+0000: 1094.025: [GC [PSYoungGen: 193322K->1164K(189120K)] 419552K->227498K(876096K), 0.0056980 secs] [Times: user=0.04 sys=0.00, real=0.01 secs] 
2014-07-16T03:52:25.616+0000: 1094.705: [GC [PSYoungGen: 189054K->940K(184960K)] 415388K->227338K(871936K), 0.0071330 secs] [Times: user=0.04 sys=0.00, real=0.01 secs] 
2014-07-16T03:52:26.291+0000: 1095.379: [GC [PSYoungGen: 184940K->922K(181184K)] 411338K->227440K(868160K), 0.0032650 secs] [Times: user=0.02 sys=0.00, real=0.00 secs] 
2014-07-16T03:52:26.950+0000: 1096.038: [GC [PSYoungGen: 181146K->1004K(177600K)] 407664K->227594K(864576K), 0.0071550 secs] [Times: user=0.04 sys=0.00, real=0.00 secs] 
2014-07-16T03:52:27.581+0000: 1096.669: [GC [PSYoungGen: 177538K->1254K(174272K)] 404128K->227900K(861248K), 0.0042470 secs] [Times: user=0.02 sys=0.01, real=0.00 secs] 
2014-07-16T03:52:28.209+0000: 1097.297: [GC [PSYoungGen: 174201K->926K(170496K)] 400848K->227636K(857472K), 0.0083240 secs] [Times: user=0.04 sys=0.00, real=0.01 secs] 
2014-07-16T03:52:28.845+0000: 1097.933: [GC [PSYoungGen: 170462K->1118K(167360K)] 397172K->227900K(854336K), 0.0065240 secs] [Times: user=0.04 sys=0.00, real=0.01 secs] 
2014-07-16T03:52:29.452+0000: 1098.540: [GC [PSYoungGen: 167326K->1058K(200576K)] 394108K->227928K(887552K), 0.0076050 secs] [Times: user=0.05 sys=0.00, real=0.01 secs] 
2014-07-16T03:52:30.182+0000: 1099.270: [GC [PSYoungGen: 200546K->612K(240064K)] 427416K->227554K(927040K), 0.0106820 secs] [Times: user=0.07 sys=0.00, real=0.01 secs] 
2014-07-16T03:52:31.057+0000: 1100.145: [GC [PSYoungGen: 240036K->1068K(234752K)] 466978K->228058K(921728K), 0.0058030 secs] [Times: user=0.02 sys=0.00, real=0.01 secs] 
2014-07-16T03:52:31.925+0000: 1101.013: [GC [PSYoungGen: 234697K->744K(228928K)] 461687K->227806K(915904K), 0.0071670 secs] [Times: user=0.05 sys=0.00, real=0.01 secs] 
2014-07-16T03:52:32.749+0000: 1101.837: [GC [PSYoungGen: 228893K->1026K(247168K)] 455955K->228160K(934144K), 0.0109760 secs] [Times: user=0.07 sys=0.00, real=0.02 secs] 
2014-07-16T03:52:33.649+0000: 1102.738: [GC [PSYoungGen: 246914K->690K(247360K)] 474048K->227896K(934336K), 0.0128390 secs] [Times: user=0.08 sys=0.00, real=0.02 secs] 
2014-07-16T03:52:34.541+0000: 1103.629: [GC [PSYoungGen: 246578K->940K(296576K)] 473784K->228210K(983552K), 0.0064560 secs] [Times: user=0.03 sys=0.00, real=0.00 secs] 
2014-07-16T03:52:35.593+0000: 1104.681: [GC [PSYoungGen: 296044K->608K(287872K)] 523314K->227982K(974848K), 0.0059480 secs] [Times: user=0.03 sys=0.00, real=0.00 secs] 
2014-07-16T03:52:36.642+0000: 1105.730: [GC [PSYoungGen: 287840K->868K(280576K)] 515214K->228330K(967552K), 0.0112430 secs] [Times: user=0.07 sys=0.01, real=0.01 secs] 
2014-07-16T03:52:37.654+0000: 1106.742: [GC [PSYoungGen: 280548K->1254K(273728K)] 508010K->228828K(960704K), 0.0082420 secs] [Times: user=0.05 sys=0.00, real=0.01 secs] 
2014-07-16T03:52:38.634+0000: 1107.722: [GC [PSYoungGen: 273670K->626K(294336K)] 501244K->228248K(981312K), 0.0214510 secs] [Times: user=0.14 sys=0.00, real=0.02 secs] 
2014-07-16T03:52:39.724+0000: 1108.812: [GC [PSYoungGen: 294258K->1214K(295104K)] 521880K->228892K(982080K), 0.0044990 secs] [Times: user=0.02 sys=0.00, real=0.00 secs] 
2014-07-16T03:52:40.783+0000: 1109.871: [GC [PSYoungGen: 294846K->1254K(287104K)] 522524K->229004K(974080K), 0.0042330 secs] [Times: user=0.02 sys=0.00, real=0.00 secs] 
2014-07-16T03:52:41.828+0000: 1110.916: [GC [PSYoungGen: 287042K->1504K(279872K)] 514792K->229318K(966848K), 0.0054040 secs] [Times: user=0.03 sys=0.01, real=0.01 secs] 
2014-07-16T03:52:42.845+0000: 1111.934: [GC [PSYoungGen: 279840K->438K(271616K)] 507654K->228698K(958592K), 0.0043830 secs] [Times: user=0.02 sys=0.01, real=0.00 secs] 
2014-07-16T03:52:43.844+0000: 1112.932: [GC [PSYoungGen: 271606K->1268K(265536K)] 499866K->229592K(952512K), 0.0039680 secs] [Times: user=0.02 sys=0.00, real=0.00 secs] 
2014-07-16T03:52:44.818+0000: 1113.906: [GC [PSYoungGen: 265524K->1040K(258688K)] 493848K->229610K(945664K), 0.0072560 secs] [Times: user=0.05 sys=0.00, real=0.01 secs] 
2014-07-16T03:52:45.753+0000: 1114.841: [GC [PSYoungGen: 258640K->812K(252032K)] 487210K->229462K(939008K), 0.0037560 secs] [Times: user=0.02 sys=0.00, real=0.00 secs] 
2014-07-16T03:52:46.654+0000: 1115.743: [GC [PSYoungGen: 251989K->676K(245760K)] 480639K->229414K(932736K), 0.0042530 secs] [Times: user=0.02 sys=0.01, real=0.00 secs] 
2014-07-16T03:52:47.534+0000: 1116.623: [GC [PSYoungGen: 245696K->1082K(240192K)] 474434K->229892K(927168K), 0.0095730 secs] [Times: user=0.05 sys=0.00, real=0.01 secs] 
2014-07-16T03:52:48.401+0000: 1117.489: [GC [PSYoungGen: 240186K->1222K(234688K)] 468996K->230128K(921664K), 0.0034170 secs] [Times: user=0.02 sys=0.00, real=0.01 secs] 
2014-07-16T03:52:49.248+0000: 1118.336: [GC [PSYoungGen: 234597K->822K(228736K)] 463504K->229792K(915712K), 0.0048490 secs] [Times: user=0.02 sys=0.00, real=0.01 secs] 
2014-07-16T03:52:50.063+0000: 1119.151: [GC [PSYoungGen: 228726K->1276K(223872K)] 457696K->230310K(910848K), 0.0071740 secs] [Times: user=0.04 sys=0.00, real=0.00 secs] 
2014-07-16T03:52:50.894+0000: 1119.982: [GC [PSYoungGen: 223868K->790K(218304K)] 452902K->229904K(905280K), 0.0056670 secs] [Times: user=0.03 sys=0.00, real=0.00 secs] 
2014-07-16T03:52:51.679+0000: 1120.768: [GC [PSYoungGen: 218262K->1004K(213568K)] 447376K->230182K(900544K), 0.0035120 secs] [Times: user=0.01 sys=0.01, real=0.01 secs] 
2014-07-16T03:52:52.463+0000: 1121.551: [GC [PSYoungGen: 213548K->968K(208768K)] 442726K->230194K(895744K), 0.0082370 secs] [Times: user=0.05 sys=0.00, real=0.00 secs] 
2014-07-16T03:52:53.245+0000: 1122.333: [GC [PSYoungGen: 208712K->1208K(204352K)] 437938K->230622K(891328K), 0.0035720 secs] [Times: user=0.01 sys=0.01, real=0.00 secs] 
2014-07-16T03:52:53.985+0000: 1123.073: [GC [PSYoungGen: 204314K->1268K(200000K)] 433729K->230738K(886976K), 0.0112860 secs] [Times: user=0.06 sys=0.00, real=0.01 secs] 
2014-07-16T03:52:54.751+0000: 1123.839: [GC [PSYoungGen: 199985K->884K(195328K)] 429456K->231230K(882304K), 0.0063160 secs] [Times: user=0.02 sys=0.00, real=0.01 secs] 
2014-07-16T03:52:55.585+0000: 1124.673: [GC [PSYoungGen: 195290K->1108K(191424K)] 425637K->231510K(878400K), 0.0067340 secs] [Times: user=0.04 sys=0.00, real=0.00 secs] 
2014-07-16T03:52:56.281+0000: 1125.369: [GC [PSYoungGen: 191379K->858K(229248K)] 421782K->231308K(916224K), 0.0135310 secs] [Times: user=0.09 sys=0.00, real=0.02 secs] 
2014-07-16T03:52:57.130+0000: 1126.218: [GC [PSYoungGen: 229210K->776K(223872K)] 459660K->231282K(910848K), 0.0060440 secs] [Times: user=0.04 sys=0.00, real=0.01 secs] 
2014-07-16T03:52:57.947+0000: 1127.036: [GC [PSYoungGen: 223814K->854K(218816K)] 454321K->231432K(905792K), 0.0067590 secs] [Times: user=0.04 sys=0.00, real=0.01 secs] 
2014-07-16T03:52:58.777+0000: 1127.865: [GC [PSYoungGen: 218774K->900K(213888K)] 449352K->231566K(900864K), 0.0044760 secs] [Times: user=0.02 sys=0.01, real=0.00 secs] 
2014-07-16T03:52:59.564+0000: 1128.652: [GC [PSYoungGen: 213828K->1418K(209600K)] 444494K->232164K(896576K), 0.0085540 secs] [Times: user=0.06 sys=0.00, real=0.01 secs] 
2014-07-16T03:53:00.335+0000: 1129.423: [GC [PSYoungGen: 209546K->876K(204416K)] 440292K->231670K(891392K), 0.0093270 secs] [Times: user=0.05 sys=0.01, real=0.01 secs] 
2014-07-16T03:53:01.063+0000: 1130.152: [GC [PSYoungGen: 204355K->1262K(200320K)] 435150K->232226K(887296K), 0.0047530 secs] [Times: user=0.02 sys=0.00, real=0.01 secs] 
2014-07-16T03:53:01.810+0000: 1130.898: [GC [PSYoungGen: 200302K->772K(195584K)] 431266K->231800K(882560K), 0.0041150 secs] [Times: user=0.02 sys=0.00, real=0.01 secs] 
2014-07-16T03:53:02.505+0000: 1131.593: [GC [PSYoungGen: 195524K->1012K(191616K)] 426552K->232112K(878592K), 0.0065350 secs] [Times: user=0.03 sys=0.00, real=0.00 secs] 
2014-07-16T03:53:03.192+0000: 1132.280: [GC [PSYoungGen: 191604K->708K(187328K)] 422704K->231912K(874304K), 0.0048160 secs] [Times: user=0.03 sys=0.00, real=0.01 secs] 
2014-07-16T03:53:03.875+0000: 1132.963: [GC [PSYoungGen: 187267K->922K(183616K)] 418471K->232190K(870592K), 0.0068510 secs] [Times: user=0.04 sys=0.00, real=0.00 secs] 
2014-07-16T03:53:04.543+0000: 1133.631: [GC [PSYoungGen: 183553K->1140K(180032K)] 414822K->232488K(867008K), 0.0066440 secs] [Times: user=0.03 sys=0.00, real=0.01 secs] 
2014-07-16T03:53:05.209+0000: 1134.298: [GC [PSYoungGen: 180020K->1058K(176320K)] 411368K->232478K(863296K), 0.0056410 secs] [Times: user=0.03 sys=0.00, real=0.01 secs] 
2014-07-16T03:53:05.879+0000: 1134.968: [GC [PSYoungGen: 176245K->1526K(173248K)] 407665K->233018K(860224K), 0.0059760 secs] [Times: user=0.03 sys=0.00, real=0.01 secs] 
2014-07-16T03:53:06.490+0000: 1135.578: [GC [PSYoungGen: 173238K->630K(168960K)] 404730K->232596K(855936K), 0.0036580 secs] [Times: user=0.02 sys=0.00, real=0.00 secs] 
2014-07-16T03:53:07.098+0000: 1136.186: [GC [PSYoungGen: 168950K->1058K(166144K)] 400916K->233080K(853120K), 0.0064530 secs] [Times: user=0.04 sys=0.00, real=0.00 secs] 
2014-07-16T03:53:07.693+0000: 1136.781: [GC [PSYoungGen: 166074K->1172K(163072K)] 398097K->233382K(850048K), 0.0048550 secs] [Times: user=0.02 sys=0.00, real=0.01 secs] 
2014-07-16T03:53:08.287+0000: 1137.376: [GC [PSYoungGen: 163028K->990K(159808K)] 395238K->233304K(846784K), 0.0030750 secs] [Times: user=0.02 sys=0.01, real=0.00 secs] 
2014-07-16T03:53:08.875+0000: 1137.963: [GC [PSYoungGen: 159774K->1002K(156800K)] 392088K->233651K(843776K), 0.0068610 secs] [Times: user=0.04 sys=0.00, real=0.00 secs] 
2014-07-16T03:53:09.453+0000: 1138.541: [GC [PSYoungGen: 156778K->1656K(154560K)] 389427K->234425K(841536K), 0.0074520 secs] [Times: user=0.05 sys=0.00, real=0.01 secs] 
2014-07-16T03:53:09.992+0000: 1139.080: [GC [PSYoungGen: 154551K->702K(150784K)] 387320K->234139K(837760K), 0.0062580 secs] [Times: user=0.02 sys=0.00, real=0.01 secs] 
2014-07-16T03:53:10.577+0000: 1139.665: [GC [PSYoungGen: 150782K->1336K(148672K)] 384219K->234877K(835648K), 0.0042670 secs] [Times: user=0.02 sys=0.01, real=0.00 secs] 
2014-07-16T03:53:11.132+0000: 1140.220: [GC [PSYoungGen: 148664K->886K(177728K)] 382205K->234781K(864704K), 0.0082310 secs] [Times: user=0.05 sys=0.00, real=0.01 secs] 
2014-07-16T03:53:11.759+0000: 1140.847: [GC [PSYoungGen: 177718K->762K(174016K)] 411613K->234713K(860992K), 0.0038720 secs] [Times: user=0.01 sys=0.00, real=0.00 secs] 
2014-07-16T03:53:12.421+0000: 1141.509: [GC [PSYoungGen: 174010K->772K(170624K)] 407961K->234787K(857600K), 0.0057450 secs] [Times: user=0.04 sys=0.00, real=0.01 secs] 
2014-07-16T03:53:13.055+0000: 1142.143: [GC [PSYoungGen: 170564K->1072K(167552K)] 404579K->235167K(854528K), 0.0044940 secs] [Times: user=0.02 sys=0.00, real=0.01 secs] 
2014-07-16T03:53:13.667+0000: 1142.755: [GC [PSYoungGen: 167515K->1004K(164224K)] 401610K->235195K(851200K), 0.0050290 secs] [Times: user=0.04 sys=0.00, real=0.00 secs] 
2014-07-16T03:53:14.297+0000: 1143.385: [GC [PSYoungGen: 164190K->726K(160832K)] 398382K->234997K(847808K), 0.0051050 secs] [Times: user=0.03 sys=0.00, real=0.00 secs] 
2014-07-16T03:53:14.890+0000: 1143.978: [GC [PSYoungGen: 160790K->1118K(158208K)] 395061K->235445K(845184K), 0.0075960 secs] [Times: user=0.03 sys=0.01, real=0.01 secs] 
2014-07-16T03:53:15.605+0000: 1144.694: [GC [PSYoungGen: 158174K->1046K(155200K)] 392501K->235461K(842176K), 0.0062040 secs] [Times: user=0.04 sys=0.00, real=0.01 secs] 
2014-07-16T03:53:16.158+0000: 1145.247: [GC [PSYoungGen: 155158K->1022K(152256K)] 389573K->235517K(839232K), 0.0033870 secs] [Times: user=0.01 sys=0.00, real=0.00 secs] 
2014-07-16T03:53:16.686+0000: 1145.774: [GC [PSYoungGen: 152254K->876K(149376K)] 386749K->235467K(836352K), 0.0058670 secs] [Times: user=0.03 sys=0.00, real=0.00 secs] 
2014-07-16T03:53:17.232+0000: 1146.320: [GC [PSYoungGen: 149351K->1026K(146880K)] 383942K->235681K(833856K), 0.0045650 secs] [Times: user=0.03 sys=0.01, real=0.01 secs] 
2014-07-16T03:53:17.764+0000: 1146.853: [GC [PSYoungGen: 146818K->1326K(144512K)] 381473K->236045K(831488K), 0.0055410 secs] [Times: user=0.02 sys=0.01, real=0.01 secs] 
2014-07-16T03:53:18.287+0000: 1147.375: [GC [PSYoungGen: 144494K->698K(141376K)] 379213K->235979K(828352K), 0.0046330 secs] [Times: user=0.02 sys=0.00, real=0.00 secs] 
2014-07-16T03:53:18.789+0000: 1147.877: [GC [PSYoungGen: 141369K->1072K(139328K)] 376650K->236433K(826304K), 0.0066230 secs] [Times: user=0.04 sys=0.00, real=0.00 secs] 
2014-07-16T03:53:19.280+0000: 1148.368: [GC [PSYoungGen: 139312K->608K(166528K)] 374673K->236141K(853504K), 0.0067160 secs] [Times: user=0.04 sys=0.00, real=0.01 secs] 
2014-07-16T03:53:19.876+0000: 1148.965: [GC [PSYoungGen: 166496K->608K(199744K)] 402029K->236189K(886720K), 0.0096160 secs] [Times: user=0.05 sys=0.00, real=0.01 secs] 
2014-07-16T03:53:20.597+0000: 1149.686: [GC [PSYoungGen: 199712K->844K(239872K)] 435293K->236497K(926848K), 0.0069170 secs] [Times: user=0.04 sys=0.00, real=0.00 secs] 
2014-07-16T03:53:21.468+0000: 1150.556: [GC [PSYoungGen: 239820K->1582K(288384K)] 475473K->237299K(975360K), 0.0079690 secs] [Times: user=0.05 sys=0.01, real=0.00 secs] 
2014-07-16T03:53:22.496+0000: 1151.584: [GC [PSYoungGen: 288366K->744K(280000K)] 524083K->236597K(966976K), 0.0042790 secs] [Times: user=0.02 sys=0.00, real=0.01 secs] 
2014-07-16T03:53:23.521+0000: 1152.609: [GC [PSYoungGen: 279976K->1614K(273664K)] 515829K->237531K(960640K), 0.0047620 secs] [Times: user=0.02 sys=0.00, real=0.00 secs] 
2014-07-16T03:53:24.506+0000: 1153.594: [GC [PSYoungGen: 273614K->1086K(266112K)] 509531K->237173K(953088K), 0.0067400 secs] [Times: user=0.04 sys=0.00, real=0.01 secs] 
2014-07-16T03:53:25.483+0000: 1154.571: [GC [PSYoungGen: 266083K->1000K(259392K)] 502170K->237183K(946368K), 0.0045600 secs] [Times: user=0.03 sys=0.00, real=0.00 secs] 
2014-07-16T03:53:26.399+0000: 1155.488: [GC [PSYoungGen: 259331K->1344K(253312K)] 495515K->237599K(940288K), 0.0056930 secs] [Times: user=0.04 sys=0.00, real=0.00 secs] 
2014-07-16T03:53:27.318+0000: 1156.406: [GC [PSYoungGen: 253248K->690K(246400K)] 489503K->237057K(933376K), 0.0053920 secs] [Times: user=0.03 sys=0.00, real=0.01 secs] 
2014-07-16T03:53:28.209+0000: 1157.298: [GC [PSYoungGen: 246355K->1122K(240896K)] 482723K->237553K(927872K), 0.0085340 secs] [Times: user=0.04 sys=0.00, real=0.01 secs] 
2014-07-16T03:53:29.076+0000: 1158.164: [GC [PSYoungGen: 240866K->1008K(235008K)] 477297K->237495K(921984K), 0.0071620 secs] [Times: user=0.03 sys=0.00, real=0.01 secs] 
2014-07-16T03:53:29.932+0000: 1159.020: [GC [PSYoungGen: 234989K->612K(229120K)] 471477K->237163K(916096K), 0.0072460 secs] [Times: user=0.04 sys=0.00, real=0.01 secs] 
2014-07-16T03:53:30.767+0000: 1159.855: [GC [PSYoungGen: 229037K->1262K(224448K)] 465588K->237885K(911424K), 0.0096090 secs] [Times: user=0.06 sys=0.00, real=0.01 secs] 
2014-07-16T03:53:31.564+0000: 1160.652: [GC [PSYoungGen: 224417K->1254K(219328K)] 461040K->237973K(906304K), 0.0059550 secs] [Times: user=0.03 sys=0.01, real=0.01 secs] 
2014-07-16T03:53:32.364+0000: 1161.452: [GC [PSYoungGen: 219302K->712K(213824K)] 456021K->237487K(900800K), 0.0075290 secs] [Times: user=0.05 sys=0.01, real=0.01 secs] 
2014-07-16T03:53:33.133+0000: 1162.221: [GC [PSYoungGen: 213741K->1110K(209408K)] 450516K->237925K(896384K), 0.0043690 secs] [Times: user=0.01 sys=0.00, real=0.00 secs] 
2014-07-16T03:53:33.883+0000: 1162.972: [GC [PSYoungGen: 209366K->1258K(204928K)] 446181K->238145K(891904K), 0.0058900 secs] [Times: user=0.03 sys=0.00, real=0.01 secs] 
2014-07-16T03:53:34.645+0000: 1163.733: [GC [PSYoungGen: 204906K->1076K(200256K)] 441793K->238027K(887232K), 0.0045080 secs] [Times: user=0.02 sys=0.00, real=0.01 secs] 
2014-07-16T03:53:35.357+0000: 1164.446: [GC [PSYoungGen: 200244K->576K(195456K)] 437195K->237599K(882432K), 0.0071240 secs] [Times: user=0.04 sys=0.00, real=0.01 secs] 
2014-07-16T03:53:36.060+0000: 1165.148: [GC [PSYoungGen: 195432K->1040K(191808K)] 432455K->238151K(878784K), 0.0050620 secs] [Times: user=0.03 sys=0.00, real=0.00 secs] 
2014-07-16T03:53:36.756+0000: 1165.844: [GC [PSYoungGen: 191742K->1644K(188352K)] 428853K->238869K(875328K), 0.0123340 secs] [Times: user=0.07 sys=0.01, real=0.01 secs] 
2014-07-16T03:53:37.433+0000: 1166.521: [GC [PSYoungGen: 188331K->634K(183424K)] 425556K->238673K(870400K), 0.0037370 secs] [Times: user=0.02 sys=0.00, real=0.00 secs] 
2014-07-16T03:53:38.104+0000: 1167.192: [GC [PSYoungGen: 183385K->1646K(180672K)] 421425K->239733K(867648K), 0.0048760 secs] [Times: user=0.02 sys=0.00, real=0.01 secs] 
2014-07-16T03:53:38.771+0000: 1167.859: [GC [PSYoungGen: 180652K->1186K(176576K)] 418740K->239827K(863552K), 0.0036910 secs] [Times: user=0.02 sys=0.00, real=0.00 secs] 
2014-07-16T03:53:39.424+0000: 1168.513: [GC [PSYoungGen: 176546K->922K(172800K)] 415187K->239635K(859776K), 0.0059230 secs] [Times: user=0.04 sys=0.00, real=0.01 secs] 
2014-07-16T03:53:40.088+0000: 1169.176: [GC [PSYoungGen: 172687K->1028K(169536K)] 411401K->239813K(856512K), 0.0054090 secs] [Times: user=0.02 sys=0.00, real=0.01 secs] 
2014-07-16T03:53:40.733+0000: 1169.821: [GC [PSYoungGen: 169460K->858K(166016K)] 408246K->239699K(852992K), 0.0055710 secs] [Times: user=0.02 sys=0.01, real=0.00 secs] 
2014-07-16T03:53:41.333+0000: 1170.421: [GC [PSYoungGen: 165978K->940K(162880K)] 404819K->239853K(849856K), 0.0041870 secs] [Times: user=0.02 sys=0.00, real=0.00 secs] 
2014-07-16T03:53:41.929+0000: 1171.017: [GC [PSYoungGen: 162858K->854K(159744K)] 401772K->239855K(846720K), 0.0035990 secs] [Times: user=0.01 sys=0.01, real=0.01 secs] 
2014-07-16T03:53:42.509+0000: 1171.597: [GC [PSYoungGen: 159702K->818K(156672K)] 398703K->239891K(843648K), 0.0035770 secs] [Times: user=0.02 sys=0.00, real=0.01 secs] 
2014-07-16T03:53:43.079+0000: 1172.167: [GC [PSYoungGen: 156656K->1244K(154240K)] 395730K->240365K(841216K), 0.0069010 secs] [Times: user=0.04 sys=0.00, real=0.01 secs] 
2014-07-16T03:53:43.638+0000: 1172.726: [GC [PSYoungGen: 154190K->1436K(151616K)] 393312K->240653K(838592K), 0.0063550 secs] [Times: user=0.04 sys=0.00, real=0.01 secs] 
2014-07-16T03:53:44.174+0000: 1173.262: [GC [PSYoungGen: 151537K->1700K(149120K)] 390755K->240990K(836096K), 0.0041190 secs] [Times: user=0.01 sys=0.00, real=0.00 secs] 
2014-07-16T03:53:44.709+0000: 1173.797: [GC [PSYoungGen: 149039K->570K(145344K)] 388329K->240427K(832320K), 0.0065400 secs] [Times: user=0.04 sys=0.00, real=0.01 secs] 
2014-07-16T03:53:45.223+0000: 1174.311: [GC [PSYoungGen: 145333K->1568K(143808K)] 385191K->241522K(830784K), 0.0037050 secs] [Times: user=0.01 sys=0.00, real=0.00 secs] 
2014-07-16T03:53:45.767+0000: 1174.855: [GC [PSYoungGen: 143774K->1226K(140992K)] 383728K->241452K(827968K), 0.0060250 secs] [Times: user=0.03 sys=0.00, real=0.01 secs] 
2014-07-16T03:53:46.240+0000: 1175.328: [GC [PSYoungGen: 140938K->708K(168448K)] 381164K->241005K(855424K), 0.0073720 secs] [Times: user=0.05 sys=0.00, real=0.01 secs] 
2014-07-16T03:53:46.846+0000: 1175.934: [GC [PSYoungGen: 168388K->908K(202176K)] 408685K->241246K(889152K), 0.0161470 secs] [Times: user=0.09 sys=0.00, real=0.02 secs] 
2014-07-16T03:53:47.574+0000: 1176.663: [GC [PSYoungGen: 202124K->662K(242176K)] 442462K->241072K(929152K), 0.0033600 secs] [Times: user=0.01 sys=0.01, real=0.00 secs] 
2014-07-16T03:53:48.478+0000: 1177.566: [GC [PSYoungGen: 242134K->868K(236544K)] 482544K->241397K(923520K), 0.0040140 secs] [Times: user=0.02 sys=0.00, real=0.01 secs] 
2014-07-16T03:53:49.323+0000: 1178.411: [GC [PSYoungGen: 236516K->1362K(231488K)] 477045K->241940K(918464K), 0.0047130 secs] [Times: user=0.02 sys=0.00, real=0.00 secs] 
2014-07-16T03:53:50.151+0000: 1179.239: [GC [PSYoungGen: 231442K->886K(225600K)] 472020K->241552K(912576K), 0.0063890 secs] [Times: user=0.04 sys=0.00, real=0.01 secs] 
2014-07-16T03:53:50.964+0000: 1180.052: [GC [PSYoungGen: 225590K->844K(220416K)] 466256K->241590K(907392K), 0.0060350 secs] [Times: user=0.04 sys=0.00, real=0.00 secs] 
2014-07-16T03:53:51.761+0000: 1180.849: [GC [PSYoungGen: 220364K->694K(215232K)] 461110K->241496K(902208K), 0.0092100 secs] [Times: user=0.06 sys=0.01, real=0.01 secs] 
2014-07-16T03:53:52.540+0000: 1181.628: [GC [PSYoungGen: 215222K->786K(210496K)] 456024K->241643K(897472K), 0.0068870 secs] [Times: user=0.04 sys=0.00, real=0.01 secs] 
2014-07-16T03:53:53.323+0000: 1182.412: [GC [PSYoungGen: 210450K->882K(205888K)] 451307K->241795K(892864K), 0.0074430 secs] [Times: user=0.03 sys=0.00, real=0.00 secs] 
2014-07-16T03:53:54.046+0000: 1183.135: [GC [PSYoungGen: 205829K->1062K(201600K)] 446743K->242048K(888576K), 0.0047200 secs] [Times: user=0.02 sys=0.00, real=0.00 secs] 
2014-07-16T03:53:54.777+0000: 1183.865: [GC [PSYoungGen: 201574K->1318K(197504K)] 442560K->242336K(884480K), 0.0055030 secs] [Times: user=0.02 sys=0.00, real=0.01 secs] 
2014-07-16T03:53:55.483+0000: 1184.571: [GC [PSYoungGen: 197478K->790K(192768K)] 438496K->241904K(879744K), 0.0053810 secs] [Times: user=0.03 sys=0.00, real=0.00 secs] 
2014-07-16T03:53:56.256+0000: 1185.344: [GC [PSYoungGen: 192726K->808K(188672K)] 433840K->241978K(875648K), 0.0056520 secs] [Times: user=0.04 sys=0.00, real=0.00 secs] 
2014-07-16T03:53:56.943+0000: 1186.031: [GC [PSYoungGen: 188648K->790K(184768K)] 429818K->242048K(871744K), 0.0064150 secs] [Times: user=0.03 sys=0.00, real=0.00 secs] 
2014-07-16T03:53:57.596+0000: 1186.685: [GC [PSYoungGen: 184691K->690K(180864K)] 425949K->242027K(867840K), 0.0035060 secs] [Times: user=0.02 sys=0.00, real=0.00 secs] 
2014-07-16T03:53:58.265+0000: 1187.354: [GC [PSYoungGen: 180850K->780K(177344K)] 422187K->242214K(864320K), 0.0039500 secs] [Times: user=0.02 sys=0.00, real=0.00 secs] 
2014-07-16T03:53:58.883+0000: 1187.971: [GC [PSYoungGen: 177292K->1272K(174208K)] 418726K->242778K(861184K), 0.0090760 secs] [Times: user=0.05 sys=0.00, real=0.00 secs] 
2014-07-16T03:53:59.518+0000: 1188.606: [GC [PSYoungGen: 174200K->794K(170304K)] 415706K->242379K(857280K), 0.0051700 secs] [Times: user=0.03 sys=0.00, real=0.01 secs] 
2014-07-16T03:54:00.134+0000: 1189.222: [GC [PSYoungGen: 170244K->1276K(167424K)] 411830K->243184K(854400K), 0.0041840 secs] [Times: user=0.02 sys=0.00, real=0.00 secs] 
2014-07-16T03:54:00.783+0000: 1189.871: [GC [PSYoungGen: 167420K->1196K(164160K)] 409328K->243184K(851136K), 0.0089020 secs] [Times: user=0.06 sys=0.00, real=0.01 secs] 
2014-07-16T03:54:01.343+0000: 1190.431: [GC [PSYoungGen: 164140K->798K(160640K)] 406128K->242842K(847616K), 0.0046130 secs] [Times: user=0.02 sys=0.00, real=0.00 secs] 
2014-07-16T03:54:01.917+0000: 1191.005: [GC [PSYoungGen: 160606K->1150K(157952K)] 402650K->243258K(844928K), 0.0065650 secs] [Times: user=0.04 sys=0.00, real=0.01 secs] 
2014-07-16T03:54:02.489+0000: 1191.577: [GC [PSYoungGen: 157950K->1226K(155136K)] 400058K->243406K(842112K), 0.0068810 secs] [Times: user=0.04 sys=0.00, real=0.01 secs] 
2014-07-16T03:54:03.042+0000: 1192.130: [GC [PSYoungGen: 155082K->812K(185472K)] 397262K->243040K(872448K), 0.0061370 secs] [Times: user=0.03 sys=0.00, real=0.01 secs] 
2014-07-16T03:54:03.734+0000: 1192.822: [GC [PSYoungGen: 185452K->1086K(222656K)] 427680K->243386K(909632K), 0.0128510 secs] [Times: user=0.08 sys=0.01, real=0.01 secs] 
2014-07-16T03:54:04.533+0000: 1193.622: [GC [PSYoungGen: 222654K->1236K(267200K)] 464954K->243616K(954176K), 0.0051790 secs] [Times: user=0.03 sys=0.01, real=0.00 secs] 
2014-07-16T03:54:05.555+0000: 1194.644: [GC [PSYoungGen: 267156K->998K(260224K)] 509536K->243498K(947200K), 0.0031210 secs] [Times: user=0.02 sys=0.00, real=0.00 secs] 
2014-07-16T03:54:06.562+0000: 1195.650: [GC [PSYoungGen: 260198K->1000K(253760K)] 502698K->243564K(940736K), 0.0063020 secs] [Times: user=0.04 sys=0.00, real=0.01 secs] 
2014-07-16T03:54:07.561+0000: 1196.649: [GC [PSYoungGen: 253736K->1068K(247616K)] 496300K->243696K(934592K), 0.0091220 secs] [Times: user=0.04 sys=0.01, real=0.01 secs] 
2014-07-16T03:54:08.446+0000: 1197.534: [GC [PSYoungGen: 247596K->676K(241216K)] 490224K->243352K(928192K), 0.0058500 secs] [Times: user=0.03 sys=0.00, real=0.00 secs] 
2014-07-16T03:54:09.348+0000: 1198.436: [GC [PSYoungGen: 241185K->1140K(235904K)] 483861K->243888K(922880K), 0.0089200 secs] [Times: user=0.06 sys=0.00, real=0.01 secs] 
2014-07-16T03:54:10.193+0000: 1199.281: [GC [PSYoungGen: 235892K->1140K(230336K)] 478640K->243968K(917312K), 0.0085450 secs] [Times: user=0.05 sys=0.00, real=0.01 secs] 
2014-07-16T03:54:11.034+0000: 1200.122: [GC [PSYoungGen: 230324K->918K(224768K)] 473152K->243786K(911744K), 0.0056370 secs] [Times: user=0.02 sys=0.00, real=0.01 secs] 
2014-07-16T03:54:11.836+0000: 1200.925: [GC [PSYoungGen: 224726K->640K(269760K)] 467594K->243555K(956736K), 0.0167040 secs] [Times: user=0.09 sys=0.00, real=0.01 secs] 
2014-07-16T03:54:12.804+0000: 1201.892: [GC [PSYoungGen: 268864K->1126K(270144K)] 511779K->244106K(957120K), 0.0091570 secs] [Times: user=0.05 sys=0.00, real=0.01 secs] 
2014-07-16T03:54:13.782+0000: 1202.870: [GC [PSYoungGen: 269734K->640K(262400K)] 512714K->243667K(949376K), 0.0067360 secs] [Times: user=0.04 sys=0.00, real=0.01 secs] 
2014-07-16T03:54:14.727+0000: 1203.816: [GC [PSYoungGen: 262390K->944K(256128K)] 505418K->244012K(943104K), 0.0068680 secs] [Times: user=0.04 sys=0.00, real=0.00 secs] 
2014-07-16T03:54:15.663+0000: 1204.751: [GC [PSYoungGen: 256112K->726K(249600K)] 499180K->243842K(936576K), 0.0075390 secs] [Times: user=0.03 sys=0.00, real=0.01 secs] 
2014-07-16T03:54:16.562+0000: 1205.650: [GC [PSYoungGen: 249556K->876K(243648K)] 492672K->244048K(930624K), 0.0039990 secs] [Times: user=0.02 sys=0.00, real=0.01 secs] 
2014-07-16T03:54:17.454+0000: 1206.542: [GC [PSYoungGen: 243586K->1012K(237952K)] 486758K->244232K(924928K), 0.0100000 secs] [Times: user=0.06 sys=0.00, real=0.01 secs] 
2014-07-16T03:54:18.312+0000: 1207.400: [GC [PSYoungGen: 237940K->804K(232128K)] 481160K->244080K(919104K), 0.0067680 secs] [Times: user=0.02 sys=0.00, real=0.01 secs] 
2014-07-16T03:54:19.156+0000: 1208.244: [GC [PSYoungGen: 232080K->1108K(227008K)] 475356K->244456K(913984K), 0.0040740 secs] [Times: user=0.02 sys=0.01, real=0.01 secs] 
2014-07-16T03:54:19.979+0000: 1209.068: [GC [PSYoungGen: 226964K->880K(221504K)] 470312K->244358K(908480K), 0.0115410 secs] [Times: user=0.08 sys=0.00, real=0.01 secs] 
2014-07-16T03:54:20.750+0000: 1209.838: [GC [PSYoungGen: 221488K->1262K(216832K)] 464966K->244804K(903808K), 0.0057040 secs] [Times: user=0.03 sys=0.00, real=0.01 secs] 
2014-07-16T03:54:21.531+0000: 1210.619: [GC [PSYoungGen: 216814K->680K(211392K)] 460356K->244514K(898368K), 0.0034180 secs] [Times: user=0.02 sys=0.00, real=0.00 secs] 
2014-07-16T03:54:22.302+0000: 1211.391: [GC [PSYoungGen: 211353K->950K(206912K)] 455187K->244864K(893888K), 0.0032210 secs] [Times: user=0.02 sys=0.00, real=0.00 secs] 
2014-07-16T03:54:23.047+0000: 1212.136: [GC [PSYoungGen: 206902K->1212K(202624K)] 450816K->245398K(889600K), 0.0055510 secs] [Times: user=0.03 sys=0.00, real=0.00 secs] 
2014-07-16T03:54:23.784+0000: 1212.873: [GC [PSYoungGen: 202606K->976K(198016K)] 446792K->245226K(884992K), 0.0037720 secs] [Times: user=0.02 sys=0.00, real=0.01 secs] 
2014-07-16T03:54:24.497+0000: 1213.585: [GC [PSYoungGen: 197968K->772K(193600K)] 442218K->245110K(880576K), 0.0034600 secs] [Times: user=0.02 sys=0.00, real=0.00 secs] 
2014-07-16T03:54:25.189+0000: 1214.278: [GC [PSYoungGen: 193485K->1090K(189824K)] 437823K->245492K(876800K), 0.0034590 secs] [Times: user=0.02 sys=0.00, real=0.00 secs] 
2014-07-16T03:54:25.875+0000: 1214.963: [GC [PSYoungGen: 189699K->1144K(185856K)] 434101K->245956K(872832K), 0.0039030 secs] [Times: user=0.02 sys=0.00, real=0.01 secs] 
2014-07-16T03:54:26.547+0000: 1215.635: [GC [PSYoungGen: 185775K->1648K(182528K)] 430587K->246778K(869504K), 0.0041800 secs] [Times: user=0.03 sys=0.00, real=0.01 secs] 
2014-07-16T03:54:27.210+0000: 1216.298: [GC [PSYoungGen: 182474K->556K(177728K)] 427604K->246484K(864704K), 0.0040620 secs] [Times: user=0.02 sys=0.00, real=0.00 secs] 
2014-07-16T03:54:27.869+0000: 1216.957: [GC [PSYoungGen: 177708K->1550K(175168K)] 423636K->247582K(862144K), 0.0053520 secs] [Times: user=0.03 sys=0.00, real=0.00 secs] 
2014-07-16T03:54:28.495+0000: 1217.584: [GC [PSYoungGen: 175118K->662K(170816K)] 421150K->247024K(857792K), 0.0046140 secs] [Times: user=0.02 sys=0.00, real=0.01 secs] 
2014-07-16T03:54:29.115+0000: 1218.204: [GC [PSYoungGen: 170741K->936K(167744K)] 417104K->247354K(854720K), 0.0072970 secs] [Times: user=0.04 sys=0.00, real=0.01 secs] 
2014-07-16T03:54:29.724+0000: 1218.812: [GC [PSYoungGen: 167720K->672K(164224K)] 414138K->247170K(851200K), 0.0039090 secs] [Times: user=0.02 sys=0.00, real=0.01 secs] 
2014-07-16T03:54:30.316+0000: 1219.404: [GC [PSYoungGen: 164192K->676K(161088K)] 410690K->247238K(848064K), 0.0069820 secs] [Times: user=0.03 sys=0.01, real=0.01 secs] 
2014-07-16T03:54:30.905+0000: 1219.993: [GC [PSYoungGen: 161059K->1172K(158528K)] 407621K->247830K(845504K), 0.0033020 secs] [Times: user=0.02 sys=0.00, real=0.01 secs] 
2014-07-16T03:54:31.511+0000: 1220.599: [GC [PSYoungGen: 158484K->990K(155392K)] 405142K->247712K(842368K), 0.0057900 secs] [Times: user=0.03 sys=0.01, real=0.00 secs] 
2014-07-16T03:54:32.101+0000: 1221.190: [GC [PSYoungGen: 155349K->1036K(152576K)] 402071K->247814K(839552K), 0.0083970 secs] [Times: user=0.05 sys=0.00, real=0.01 secs] 
2014-07-16T03:54:32.640+0000: 1221.728: [GC [PSYoungGen: 152481K->1058K(182912K)] 399259K->247884K(869888K), 0.0124890 secs] [Times: user=0.06 sys=0.01, real=0.01 secs] 
2014-07-16T03:54:33.302+0000: 1222.390: [GC [PSYoungGen: 182802K->844K(219136K)] 429628K->247718K(906112K), 0.0036160 secs] [Times: user=0.01 sys=0.00, real=0.00 secs] 
2014-07-16T03:54:34.130+0000: 1223.219: [GC [PSYoungGen: 219084K->680K(213952K)] 465958K->247586K(900928K), 0.0043040 secs] [Times: user=0.02 sys=0.00, real=0.00 secs] 
2014-07-16T03:54:34.930+0000: 1224.019: [GC [PSYoungGen: 213928K->1400K(209856K)] 460834K->248386K(896832K), 0.0037760 secs] [Times: user=0.02 sys=0.00, real=0.00 secs] 
2014-07-16T03:54:35.692+0000: 1224.780: [GC [PSYoungGen: 209792K->1026K(204928K)] 456778K->248084K(891904K), 0.0057210 secs] [Times: user=0.03 sys=0.00, real=0.01 secs] 
2014-07-16T03:54:36.505+0000: 1225.594: [GC [PSYoungGen: 204866K->904K(200320K)] 451924K->248042K(887296K), 0.0065520 secs] [Times: user=0.04 sys=0.01, real=0.01 secs] 
2014-07-16T03:54:37.245+0000: 1226.333: [GC [PSYoungGen: 200264K->904K(196032K)] 447402K->248090K(883008K), 0.0086930 secs] [Times: user=0.04 sys=0.00, real=0.01 secs] 
2014-07-16T03:54:37.955+0000: 1227.043: [GC [PSYoungGen: 195976K->1076K(192000K)] 443162K->248334K(878976K), 0.0035790 secs] [Times: user=0.01 sys=0.00, real=0.00 secs] 
2014-07-16T03:54:38.655+0000: 1227.743: [GC [PSYoungGen: 191963K->1226K(188160K)] 439222K->248564K(875136K), 0.0083340 secs] [Times: user=0.05 sys=0.01, real=0.01 secs] 
2014-07-16T03:54:39.321+0000: 1228.410: [GC [PSYoungGen: 188066K->894K(183872K)] 435405K->248338K(870848K), 0.0056610 secs] [Times: user=0.03 sys=0.00, real=0.00 secs] 
2014-07-16T03:54:39.995+0000: 1229.083: [GC [PSYoungGen: 183870K->1022K(180224K)] 431314K->248554K(867200K), 0.0036500 secs] [Times: user=0.02 sys=0.00, real=0.00 secs] 
2014-07-16T03:54:40.657+0000: 1229.745: [GC [PSYoungGen: 180222K->744K(215808K)] 427754K->248324K(902784K), 0.0115900 secs] [Times: user=0.06 sys=0.01, real=0.01 secs] 
2014-07-16T03:54:41.439+0000: 1230.527: [GC [PSYoungGen: 215784K->1322K(246464K)] 463364K->248934K(933440K), 0.0201950 secs] [Times: user=0.11 sys=0.00, real=0.02 secs] 
2014-07-16T03:54:42.337+0000: 1231.425: [GC [PSYoungGen: 246250K->512K(259648K)] 493862K->248188K(946624K), 0.0079770 secs] [Times: user=0.05 sys=0.00, real=0.01 secs] 
2014-07-16T03:54:43.293+0000: 1232.381: [GC [PSYoungGen: 258560K->858K(259648K)] 506236K->248606K(946624K), 0.0072330 secs] [Times: user=0.04 sys=0.00, real=0.01 secs] 
2014-07-16T03:54:44.254+0000: 1233.343: [GC [PSYoungGen: 258906K->790K(311168K)] 506654K->248626K(998144K), 0.0064250 secs] [Times: user=0.03 sys=0.00, real=0.01 secs] 
2014-07-16T03:54:45.379+0000: 1234.467: [GC [PSYoungGen: 310486K->1118K(302400K)] 558322K->249034K(989376K), 0.0036540 secs] [Times: user=0.02 sys=0.01, real=0.01 secs] 
2014-07-16T03:54:46.513+0000: 1235.602: [GC [PSYoungGen: 302366K->484K(293696K)] 550282K->248826K(980672K), 0.0036360 secs] [Times: user=0.02 sys=0.00, real=0.00 secs] 
2014-07-16T03:54:47.594+0000: 1236.682: [GC [PSYoungGen: 293668K->1190K(286656K)] 542010K->249572K(973632K), 0.0115510 secs] [Times: user=0.07 sys=0.00, real=0.01 secs] 
2014-07-16T03:54:48.674+0000: 1237.762: [GC [PSYoungGen: 286618K->1122K(279104K)] 535001K->249776K(966080K), 0.0069110 secs] [Times: user=0.04 sys=0.00, real=0.01 secs] 
2014-07-16T03:54:49.738+0000: 1238.827: [GC [PSYoungGen: 279074K->1150K(271936K)] 527728K->249860K(958912K), 0.0063500 secs] [Times: user=0.03 sys=0.01, real=0.01 secs] 
2014-07-16T03:54:50.757+0000: 1239.845: [GC [PSYoungGen: 271884K->812K(264704K)] 520594K->249779K(951680K), 0.0069210 secs] [Times: user=0.04 sys=0.00, real=0.01 secs] 
2014-07-16T03:54:51.786+0000: 1240.874: [GC [PSYoungGen: 264684K->1408K(258688K)] 513651K->250415K(945664K), 0.0065150 secs] [Times: user=0.03 sys=0.00, real=0.01 secs] 
2014-07-16T03:54:52.767+0000: 1241.855: [GC [PSYoungGen: 258624K->812K(251648K)] 507631K->250081K(938624K), 0.0056120 secs] [Times: user=0.04 sys=0.00, real=0.01 secs] 
2014-07-16T03:54:53.698+0000: 1242.786: [GC [PSYoungGen: 251628K->1008K(245696K)] 500897K->250333K(932672K), 0.0034000 secs] [Times: user=0.02 sys=0.00, real=0.01 secs] 
2014-07-16T03:54:54.596+0000: 1243.684: [GC [PSYoungGen: 245680K->690K(239424K)] 495005K->250095K(926400K), 0.0084240 secs] [Times: user=0.05 sys=0.00, real=0.01 secs] 
2014-07-16T03:54:55.467+0000: 1244.555: [GC [PSYoungGen: 239375K->730K(233792K)] 488780K->250183K(920768K), 0.0061550 secs] [Times: user=0.04 sys=0.00, real=0.01 secs] 
2014-07-16T03:54:56.309+0000: 1245.397: [GC [PSYoungGen: 233754K->1414K(228992K)] 483207K->250931K(915968K), 0.0076990 secs] [Times: user=0.04 sys=0.01, real=0.01 secs] 
2014-07-16T03:54:57.139+0000: 1246.227: [GC [PSYoungGen: 228902K->990K(223232K)] 478420K->250571K(910208K), 0.0067960 secs] [Times: user=0.04 sys=0.00, real=0.01 secs] 
2014-07-16T03:54:57.942+0000: 1247.030: [GC [PSYoungGen: 223198K->894K(217984K)] 472779K->250697K(904960K), 0.0031200 secs] [Times: user=0.02 sys=0.00, real=0.01 secs] 
2014-07-16T03:54:58.740+0000: 1247.829: [GC [PSYoungGen: 217982K->480K(212672K)] 467785K->250339K(899648K), 0.0058010 secs] [Times: user=0.04 sys=0.00, real=0.01 secs] 
2014-07-16T03:54:59.529+0000: 1248.618: [GC [PSYoungGen: 212640K->662K(208128K)] 462499K->250577K(895104K), 0.0093530 secs] [Times: user=0.06 sys=0.00, real=0.01 secs] 
2014-07-16T03:55:00.270+0000: 1249.358: [GC [PSYoungGen: 208086K->936K(203776K)] 458001K->250923K(890752K), 0.0039570 secs] [Times: user=0.02 sys=0.00, real=0.01 secs] 
2014-07-16T03:55:01.022+0000: 1250.110: [GC [PSYoungGen: 203752K->808K(199232K)] 453739K->250859K(886208K), 0.0068470 secs] [Times: user=0.03 sys=0.00, real=0.01 secs] 
2014-07-16T03:55:01.781+0000: 1250.869: [GC [PSYoungGen: 199208K->672K(194816K)] 449259K->250811K(881792K), 0.0053450 secs] [Times: user=0.03 sys=0.01, real=0.01 secs] 
2014-07-16T03:55:02.480+0000: 1251.568: [GC [PSYoungGen: 194784K->626K(190592K)] 444923K->250829K(877568K), 0.0049870 secs] [Times: user=0.03 sys=0.00, real=0.01 secs] 
2014-07-16T03:55:03.188+0000: 1252.277: [GC [PSYoungGen: 190578K->722K(186752K)] 440781K->251013K(873728K), 0.0041460 secs] [Times: user=0.02 sys=0.00, real=0.01 secs] 
2014-07-16T03:55:03.865+0000: 1252.953: [GC [PSYoungGen: 186706K->1008K(183168K)] 436997K->251355K(870144K), 0.0079930 secs] [Times: user=0.05 sys=0.00, real=0.01 secs] 
2014-07-16T03:55:04.523+0000: 1253.611: [GC [PSYoungGen: 183106K->890K(179328K)] 433454K->251309K(866304K), 0.0041720 secs] [Times: user=0.02 sys=0.01, real=0.00 secs] 
2014-07-16T03:55:05.163+0000: 1254.251: [GC [PSYoungGen: 179322K->754K(175552K)] 429741K->251229K(862528K), 0.0068360 secs] [Times: user=0.04 sys=0.00, real=0.00 secs] 
2014-07-16T03:55:05.796+0000: 1254.884: [GC [PSYoungGen: 175538K->676K(171968K)] 426013K->251255K(858944K), 0.0030440 secs] [Times: user=0.01 sys=0.00, real=0.00 secs] 
2014-07-16T03:55:06.452+0000: 1255.541: [GC [PSYoungGen: 171855K->1286K(169216K)] 422434K->251937K(856192K), 0.0087960 secs] [Times: user=0.05 sys=0.00, real=0.01 secs] 
2014-07-16T03:55:07.087+0000: 1256.175: [GC [PSYoungGen: 169156K->1278K(165888K)] 419808K->251993K(852864K), 0.0063320 secs] [Times: user=0.03 sys=0.00, real=0.01 secs] 
2014-07-16T03:55:07.684+0000: 1256.772: [GC [PSYoungGen: 165875K->360K(161792K)] 416591K->251875K(848768K), 0.0059950 secs] [Times: user=0.04 sys=0.00, real=0.00 secs] 
2014-07-16T03:55:08.239+0000: 1257.328: [GC [PSYoungGen: 161768K->1162K(159552K)] 413283K->252734K(846528K), 0.0036590 secs] [Times: user=0.02 sys=0.00, real=0.01 secs] 
2014-07-16T03:55:08.804+0000: 1257.893: [GC [PSYoungGen: 159480K->1308K(191360K)] 411052K->253550K(878336K), 0.0087820 secs] [Times: user=0.06 sys=0.00, real=0.01 secs] 
2014-07-16T03:55:09.512+0000: 1258.600: [GC [PSYoungGen: 191292K->994K(229056K)] 443534K->253284K(916032K), 0.0075660 secs] [Times: user=0.04 sys=0.01, real=0.01 secs] 
2014-07-16T03:55:10.335+0000: 1259.423: [GC [PSYoungGen: 229026K->644K(223424K)] 481316K->252974K(910400K), 0.0049480 secs] [Times: user=0.02 sys=0.00, real=0.00 secs] 
2014-07-16T03:55:11.152+0000: 1260.240: [GC [PSYoungGen: 223364K->858K(218496K)] 475694K->253268K(905472K), 0.0071880 secs] [Times: user=0.05 sys=0.00, real=0.01 secs] 
2014-07-16T03:55:11.926+0000: 1261.014: [GC [PSYoungGen: 218457K->708K(213440K)] 470867K->253206K(900416K), 0.0070380 secs] [Times: user=0.04 sys=0.00, real=0.00 secs] 
2014-07-16T03:55:12.698+0000: 1261.786: [GC [PSYoungGen: 213380K->1454K(209344K)] 465878K->254016K(896320K), 0.0095110 secs] [Times: user=0.04 sys=0.01, real=0.01 secs] 
2014-07-16T03:55:13.456+0000: 1262.544: [GC [PSYoungGen: 209326K->876K(250368K)] 461888K->253594K(937344K), 0.0170820 secs] [Times: user=0.10 sys=0.00, real=0.01 secs] 
2014-07-16T03:55:14.371+0000: 1263.459: [GC [PSYoungGen: 250348K->826K(290176K)] 503066K->253632K(977152K), 0.0040640 secs] [Times: user=0.03 sys=0.00, real=0.01 secs] 
2014-07-16T03:55:15.458+0000: 1264.546: [GC [PSYoungGen: 289338K->1154K(282112K)] 542144K->254032K(969088K), 0.0035760 secs] [Times: user=0.02 sys=0.00, real=0.00 secs] 
2014-07-16T03:55:16.579+0000: 1265.667: [GC [PSYoungGen: 282050K->1036K(274688K)] 534928K->253970K(961664K), 0.0068360 secs] [Times: user=0.04 sys=0.00, real=0.01 secs] 
2014-07-16T03:55:17.578+0000: 1266.667: [GC [PSYoungGen: 274636K->940K(267520K)] 527570K->253978K(954496K), 0.0069850 secs] [Times: user=0.04 sys=0.00, real=0.01 secs] 
2014-07-16T03:55:18.567+0000: 1267.655: [GC [PSYoungGen: 267486K->1150K(260992K)] 520524K->254252K(947968K), 0.0131110 secs] [Times: user=0.07 sys=0.01, real=0.01 secs] 
2014-07-16T03:55:19.558+0000: 1268.646: [GC [PSYoungGen: 260990K->944K(254336K)] 514092K->254094K(941312K), 0.0068510 secs] [Times: user=0.04 sys=0.01, real=0.00 secs] 
2014-07-16T03:55:20.500+0000: 1269.588: [GC [PSYoungGen: 254303K->1040K(298624K)] 507453K->254214K(985600K), 0.0179160 secs] [Times: user=0.11 sys=0.00, real=0.02 secs] 
2014-07-16T03:55:21.621+0000: 1270.709: [GC [PSYoungGen: 298192K->1086K(305536K)] 551366K->254364K(992512K), 0.0088310 secs] [Times: user=0.06 sys=0.01, real=0.01 secs] 
2014-07-16T03:55:22.721+0000: 1271.809: [GC [PSYoungGen: 305150K->512K(296384K)] 558428K->253846K(983360K), 0.0043580 secs] [Times: user=0.02 sys=0.00, real=0.01 secs] 
2014-07-16T03:55:23.785+0000: 1272.873: [GC [PSYoungGen: 296381K->1004K(289024K)] 549715K->254816K(976000K), 0.0089690 secs] [Times: user=0.05 sys=0.00, real=0.01 secs] 
2014-07-16T03:55:24.821+0000: 1273.909: [GC [PSYoungGen: 288999K->1376K(281856K)] 542811K->255244K(968832K), 0.0093470 secs] [Times: user=0.06 sys=0.00, real=0.01 secs] 
2014-07-16T03:55:25.856+0000: 1274.944: [GC [PSYoungGen: 281824K->512K(273664K)] 535692K->254478K(960640K), 0.0075070 secs] [Times: user=0.04 sys=0.00, real=0.00 secs] 
2014-07-16T03:55:26.877+0000: 1275.965: [GC [PSYoungGen: 273664K->858K(267072K)] 527630K->254888K(954048K), 0.0038660 secs] [Times: user=0.02 sys=0.01, real=0.00 secs] 
2014-07-16T03:55:27.849+0000: 1276.937: [GC [PSYoungGen: 267034K->826K(260288K)] 521064K->254920K(947264K), 0.0081560 secs] [Times: user=0.05 sys=0.00, real=0.01 secs] 
2014-07-16T03:55:28.801+0000: 1277.889: [GC [PSYoungGen: 260282K->726K(253760K)] 514376K->254924K(940736K), 0.0031850 secs] [Times: user=0.02 sys=0.00, real=0.00 secs] 
2014-07-16T03:55:29.710+0000: 1278.799: [GC [PSYoungGen: 253718K->908K(247744K)] 507916K->255194K(934720K), 0.0060860 secs] [Times: user=0.03 sys=0.00, real=0.01 secs] 
2014-07-16T03:55:30.627+0000: 1279.716: [GC [PSYoungGen: 247692K->644K(241472K)] 501978K->254986K(928448K), 0.0061350 secs] [Times: user=0.04 sys=0.00, real=0.00 secs] 
2014-07-16T03:55:31.548+0000: 1280.636: [GC [PSYoungGen: 241412K->1504K(236544K)] 495754K->255976K(923520K), 0.0036800 secs] [Times: user=0.01 sys=0.00, real=0.00 secs] 
2014-07-16T03:55:32.369+0000: 1281.457: [GC [PSYoungGen: 236512K->926K(230400K)] 490984K->255478K(917376K), 0.0036240 secs] [Times: user=0.02 sys=0.00, real=0.00 secs] 
2014-07-16T03:55:33.208+0000: 1282.296: [GC [PSYoungGen: 230340K->1136K(225216K)] 484892K->255860K(912192K), 0.0064380 secs] [Times: user=0.04 sys=0.00, real=0.00 secs] 
2014-07-16T03:55:34.022+0000: 1283.110: [GC [PSYoungGen: 225200K->740K(219648K)] 479924K->255528K(906624K), 0.0038850 secs] [Times: user=0.02 sys=0.00, real=0.00 secs] 
2014-07-16T03:55:34.818+0000: 1283.906: [GC [PSYoungGen: 219555K->676K(214592K)] 474343K->255520K(901568K), 0.0057860 secs] [Times: user=0.02 sys=0.00, real=0.00 secs] 
2014-07-16T03:55:35.596+0000: 1284.684: [GC [PSYoungGen: 214563K->776K(209920K)] 469408K->255676K(896896K), 0.0115560 secs] [Times: user=0.08 sys=0.00, real=0.02 secs] 
2014-07-16T03:55:36.350+0000: 1285.438: [GC [PSYoungGen: 209864K->758K(205184K)] 464764K->255738K(892160K), 0.0044210 secs] [Times: user=0.03 sys=0.00, real=0.00 secs] 
2014-07-16T03:55:37.099+0000: 1286.187: [GC [PSYoungGen: 205174K->954K(200896K)] 460154K->255990K(887872K), 0.0095250 secs] [Times: user=0.06 sys=0.00, real=0.01 secs] 
2014-07-16T03:55:37.824+0000: 1286.912: [GC [PSYoungGen: 200890K->1182K(196800K)] 455926K->256322K(883776K), 0.0052020 secs] [Times: user=0.03 sys=0.00, real=0.01 secs] 
2014-07-16T03:55:38.546+0000: 1287.634: [GC [PSYoungGen: 196766K->1546K(193024K)] 451906K->256758K(880000K), 0.0059290 secs] [Times: user=0.03 sys=0.00, real=0.01 secs] 
2014-07-16T03:55:39.225+0000: 1288.313: [GC [PSYoungGen: 192970K->434K(187840K)] 448182K->255878K(874816K), 0.0053740 secs] [Times: user=0.03 sys=0.00, real=0.01 secs] 
2014-07-16T03:55:39.905+0000: 1288.993: [GC [PSYoungGen: 187826K->1204K(184704K)] 443270K->256712K(871680K), 0.0042840 secs] [Times: user=0.02 sys=0.01, real=0.01 secs] 
2014-07-16T03:55:40.592+0000: 1289.680: [GC [PSYoungGen: 184692K->840K(180608K)] 440200K->256536K(867584K), 0.0060630 secs] [Times: user=0.04 sys=0.01, real=0.00 secs] 
2014-07-16T03:55:41.232+0000: 1290.321: [GC [PSYoungGen: 180552K->1376K(177472K)] 436248K->257144K(864448K), 0.0093550 secs] [Times: user=0.05 sys=0.00, real=0.01 secs] 
2014-07-16T03:55:41.929+0000: 1291.017: [GC [PSYoungGen: 177440K->1076K(173632K)] 433208K->257324K(860608K), 0.0051870 secs] [Times: user=0.03 sys=0.00, real=0.00 secs] 
2014-07-16T03:55:42.560+0000: 1291.648: [GC [PSYoungGen: 173620K->936K(170048K)] 429868K->257264K(857024K), 0.0063780 secs] [Times: user=0.04 sys=0.00, real=0.00 secs] 
2014-07-16T03:55:43.183+0000: 1292.271: [GC [PSYoungGen: 169999K->812K(203776K)] 426328K->257180K(890752K), 0.0105360 secs] [Times: user=0.06 sys=0.00, real=0.01 secs] 
2014-07-16T03:55:43.967+0000: 1293.056: [GC [PSYoungGen: 203749K->1144K(244736K)] 460117K->257568K(931712K), 0.0072720 secs] [Times: user=0.04 sys=0.00, real=0.01 secs] 
2014-07-16T03:55:44.861+0000: 1293.949: [GC [PSYoungGen: 244728K->1654K(239360K)] 501152K->258288K(926336K), 0.0067340 secs] [Times: user=0.04 sys=0.00, real=0.00 secs] 
2014-07-16T03:55:45.742+0000: 1294.830: [GC [PSYoungGen: 239279K->1108K(233152K)] 495913K->257806K(920128K), 0.0051190 secs] [Times: user=0.03 sys=0.00, real=0.00 secs] 
2014-07-16T03:55:46.674+0000: 1295.762: [GC [PSYoungGen: 233108K->1170K(227776K)] 489806K->258040K(914752K), 0.0041990 secs] [Times: user=0.02 sys=0.00, real=0.00 secs] 
2014-07-16T03:55:47.516+0000: 1296.604: [GC [PSYoungGen: 227713K->1436K(222784K)] 484584K->258378K(909760K), 0.0040680 secs] [Times: user=0.02 sys=0.00, real=0.01 secs] 
2014-07-16T03:55:48.309+0000: 1297.397: [GC [PSYoungGen: 222748K->1076K(217344K)] 479690K->258296K(904320K), 0.0082080 secs] [Times: user=0.06 sys=0.00, real=0.01 secs] 
2014-07-16T03:55:49.102+0000: 1298.190: [GC [PSYoungGen: 217332K->804K(212160K)] 474552K->258088K(899136K), 0.0129650 secs] [Times: user=0.08 sys=0.00, real=0.01 secs] 
2014-07-16T03:55:49.857+0000: 1298.946: [GC [PSYoungGen: 212132K->626K(207232K)] 469416K->257958K(894208K), 0.0046790 secs] [Times: user=0.02 sys=0.00, real=0.01 secs] 
2014-07-16T03:55:50.623+0000: 1299.711: [GC [PSYoungGen: 207218K->1122K(203200K)] 464550K->258510K(890176K), 0.0048340 secs] [Times: user=0.02 sys=0.00, real=0.00 secs] 
2014-07-16T03:55:51.345+0000: 1300.434: [GC [PSYoungGen: 203170K->954K(198592K)] 460558K->258430K(885568K), 0.0038350 secs] [Times: user=0.02 sys=0.00, real=0.00 secs] 
2014-07-16T03:55:52.099+0000: 1301.187: [GC [PSYoungGen: 198586K->1090K(194496K)] 456062K->258654K(881472K), 0.0063720 secs] [Times: user=0.03 sys=0.00, real=0.01 secs] 
2014-07-16T03:55:52.798+0000: 1301.886: [GC [PSYoungGen: 194403K->868K(190144K)] 451968K->258496K(877120K), 0.0096280 secs] [Times: user=0.06 sys=0.00, real=0.01 secs] 
2014-07-16T03:55:53.488+0000: 1302.576: [GC [PSYoungGen: 190116K->1376K(186688K)] 447744K->259060K(873664K), 0.0035400 secs] [Times: user=0.01 sys=0.00, real=0.01 secs] 
2014-07-16T03:55:54.165+0000: 1303.253: [GC [PSYoungGen: 186656K->1050K(182528K)] 444340K->258806K(869504K), 0.0035810 secs] [Times: user=0.02 sys=0.00, real=0.00 secs] 
2014-07-16T03:55:54.812+0000: 1303.900: [GC [PSYoungGen: 182490K->926K(178688K)] 440246K->258754K(865664K), 0.0051840 secs] [Times: user=0.03 sys=0.00, real=0.00 secs] 
2014-07-16T03:55:55.470+0000: 1304.558: [GC [PSYoungGen: 178654K->690K(174848K)] 436482K->258566K(861824K), 0.0056200 secs] [Times: user=0.03 sys=0.00, real=0.01 secs] 
2014-07-16T03:55:56.100+0000: 1305.188: [GC [PSYoungGen: 174834K->922K(171648K)] 432710K->258894K(858624K), 0.0058040 secs] [Times: user=0.03 sys=0.00, real=0.01 secs] 
2014-07-16T03:55:56.721+0000: 1305.810: [GC [PSYoungGen: 171610K->530K(167872K)] 429582K->258574K(854848K), 0.0045570 secs] [Times: user=0.02 sys=0.01, real=0.00 secs] 
2014-07-16T03:55:57.330+0000: 1306.418: [GC [PSYoungGen: 167826K->1254K(165312K)] 425870K->259394K(852288K), 0.0064910 secs] [Times: user=0.05 sys=0.00, real=0.01 secs] 
2014-07-16T03:55:57.927+0000: 1307.015: [GC [PSYoungGen: 165286K->1040K(161984K)] 423426K->259244K(848960K), 0.0093580 secs] [Times: user=0.05 sys=0.01, real=0.01 secs] 
2014-07-16T03:55:58.516+0000: 1307.604: [GC [PSYoungGen: 161936K->926K(194048K)] 420140K->259170K(881024K), 0.0084740 secs] [Times: user=0.04 sys=0.00, real=0.01 secs] 
2014-07-16T03:55:59.267+0000: 1308.355: [GC [PSYoungGen: 194014K->1318K(190336K)] 452258K->259772K(877312K), 0.0048570 secs] [Times: user=0.02 sys=0.00, real=0.01 secs] 
2014-07-16T03:55:59.968+0000: 1309.056: [GC [PSYoungGen: 190310K->808K(185856K)] 448764K->259376K(872832K), 0.0070030 secs] [Times: user=0.04 sys=0.00, real=0.01 secs] 
2014-07-16T03:56:00.665+0000: 1309.754: [GC [PSYoungGen: 185832K->1118K(182336K)] 444400K->259782K(869312K), 0.0052430 secs] [Times: user=0.03 sys=0.00, real=0.01 secs] 
2014-07-16T03:56:01.353+0000: 1310.441: [GC [PSYoungGen: 182302K->854K(178368K)] 440966K->259606K(865344K), 0.0063470 secs] [Times: user=0.03 sys=0.00, real=0.00 secs] 
2014-07-16T03:56:02.133+0000: 1311.221: [GC [PSYoungGen: 178326K->1040K(174976K)] 437078K->259824K(861952K), 0.0096230 secs] [Times: user=0.05 sys=0.00, real=0.01 secs] 
2014-07-16T03:56:02.782+0000: 1311.870: [GC [PSYoungGen: 174928K->1318K(210048K)] 433712K->260150K(897024K), 0.0075770 secs] [Times: user=0.04 sys=0.00, real=0.00 secs] 
2014-07-16T03:56:03.636+0000: 1312.724: [GC [PSYoungGen: 209998K->812K(204928K)] 468830K->259780K(891904K), 0.0068540 secs] [Times: user=0.04 sys=0.00, real=0.01 secs] 
2014-07-16T03:56:04.399+0000: 1313.488: [GC [PSYoungGen: 204908K->840K(200512K)] 463876K->259938K(887488K), 0.0050020 secs] [Times: user=0.03 sys=0.01, real=0.01 secs] 
2014-07-16T03:56:05.157+0000: 1314.245: [GC [PSYoungGen: 200456K->1510K(196800K)] 459554K->260780K(883776K), 0.0097090 secs] [Times: user=0.05 sys=0.00, real=0.01 secs] 
2014-07-16T03:56:05.850+0000: 1314.939: [GC [PSYoungGen: 196774K->562K(234944K)] 456044K->259880K(921920K), 0.0091780 secs] [Times: user=0.04 sys=0.01, real=0.01 secs] 
2014-07-16T03:56:06.748+0000: 1315.836: [GC [PSYoungGen: 234930K->1510K(230336K)] 494248K->261004K(917312K), 0.0041750 secs] [Times: user=0.03 sys=0.00, real=0.00 secs] 
2014-07-16T03:56:07.557+0000: 1316.645: [GC [PSYoungGen: 230310K->850K(224320K)] 489804K->260432K(911296K), 0.0090420 secs] [Times: user=0.06 sys=0.01, real=0.01 secs] 
2014-07-16T03:56:08.374+0000: 1317.462: [GC [PSYoungGen: 224274K->722K(219008K)] 483856K->260400K(905984K), 0.0064650 secs] [Times: user=0.04 sys=0.00, real=0.00 secs] 
2014-07-16T03:56:09.179+0000: 1318.267: [GC [PSYoungGen: 218937K->1290K(214592K)] 478616K->261024K(901568K), 0.0042540 secs] [Times: user=0.02 sys=0.00, real=0.01 secs] 
2014-07-16T03:56:09.946+0000: 1319.035: [GC [PSYoungGen: 214538K->708K(209216K)] 474272K->260522K(896192K), 0.0050620 secs] [Times: user=0.03 sys=0.00, real=0.00 secs] 
2014-07-16T03:56:10.708+0000: 1319.796: [GC [PSYoungGen: 209135K->1436K(205312K)] 468949K->261314K(892288K), 0.0088590 secs] [Times: user=0.05 sys=0.00, real=0.01 secs] 
2014-07-16T03:56:11.432+0000: 1320.521: [GC [PSYoungGen: 205276K->1658K(201024K)] 465154K->261642K(888000K), 0.0051290 secs] [Times: user=0.02 sys=0.00, real=0.01 secs] 
2014-07-16T03:56:12.160+0000: 1321.248: [GC [PSYoungGen: 201018K->1040K(196160K)] 461002K->261104K(883136K), 0.0049760 secs] [Times: user=0.03 sys=0.00, real=0.01 secs] 
2014-07-16T03:56:12.873+0000: 1321.961: [GC [PSYoungGen: 196112K->804K(191744K)] 456176K->260972K(878720K), 0.0063650 secs] [Times: user=0.04 sys=0.00, real=0.01 secs] 
2014-07-16T03:56:13.567+0000: 1322.655: [GC [PSYoungGen: 191713K->1258K(188160K)] 451882K->261530K(875136K), 0.0043810 secs] [Times: user=0.03 sys=0.01, real=0.00 secs] 
2014-07-16T03:56:14.248+0000: 1323.336: [GC [PSYoungGen: 188138K->1158K(184192K)] 448410K->261502K(871168K), 0.0039250 secs] [Times: user=0.02 sys=0.01, real=0.00 secs] 
2014-07-16T03:56:14.924+0000: 1324.012: [GC [PSYoungGen: 184134K->772K(220416K)] 444478K->261180K(907392K), 0.0193150 secs] [Times: user=0.12 sys=0.00, real=0.02 secs] 
2014-07-16T03:56:15.727+0000: 1324.815: [GC [PSYoungGen: 220356K->1026K(256576K)] 480764K->261490K(943552K), 0.0067860 secs] [Times: user=0.04 sys=0.01, real=0.01 secs] 
2014-07-16T03:56:16.684+0000: 1325.773: [GC [PSYoungGen: 255737K->976K(249472K)] 516202K->261504K(936448K), 0.0064630 secs] [Times: user=0.03 sys=0.01, real=0.00 secs] 
2014-07-16T03:56:17.662+0000: 1326.750: [GC [PSYoungGen: 249424K->894K(243264K)] 509952K->261520K(930240K), 0.0071440 secs] [Times: user=0.04 sys=0.00, real=0.01 secs] 
2014-07-16T03:56:18.562+0000: 1327.650: [GC [PSYoungGen: 243192K->918K(237504K)] 503818K->261616K(924480K), 0.0104920 secs] [Times: user=0.06 sys=0.00, real=0.01 secs] 
2014-07-16T03:56:19.475+0000: 1328.563: [GC [PSYoungGen: 237462K->1318K(232256K)] 498160K->262080K(919232K), 0.0077000 secs] [Times: user=0.03 sys=0.00, real=0.00 secs] 
2014-07-16T03:56:20.329+0000: 1329.417: [GC [PSYoungGen: 232230K->1422K(226944K)] 492992K->262240K(913920K), 0.0064350 secs] [Times: user=0.04 sys=0.00, real=0.01 secs] 
2014-07-16T03:56:21.168+0000: 1330.256: [GC [PSYoungGen: 226894K->694K(220928K)] 487712K->261688K(907904K), 0.0063650 secs] [Times: user=0.03 sys=0.00, real=0.01 secs] 
2014-07-16T03:56:22.098+0000: 1331.186: [GC [PSYoungGen: 220874K->1336K(216512K)] 481869K->262394K(903488K), 0.0042120 secs] [Times: user=0.02 sys=0.00, real=0.00 secs] 
2014-07-16T03:56:22.842+0000: 1331.930: [GC [PSYoungGen: 216486K->922K(211264K)] 477545K->262368K(898240K), 0.0050030 secs] [Times: user=0.03 sys=0.00, real=0.01 secs] 
2014-07-16T03:56:23.607+0000: 1332.695: [GC [PSYoungGen: 211226K->990K(206656K)] 472672K->262516K(893632K), 0.0047960 secs] [Times: user=0.02 sys=0.00, real=0.00 secs] 
2014-07-16T03:56:24.358+0000: 1333.446: [GC [PSYoungGen: 206620K->894K(201984K)] 468146K->262476K(888960K), 0.0067040 secs] [Times: user=0.05 sys=0.00, real=0.00 secs] 
2014-07-16T03:56:25.079+0000: 1334.167: [GC [PSYoungGen: 201982K->780K(242176K)] 463564K->262394K(929152K), 0.0136570 secs] [Times: user=0.07 sys=0.00, real=0.01 secs] 
2014-07-16T03:56:25.940+0000: 1335.028: [GC [PSYoungGen: 242124K->804K(248768K)] 503738K->262490K(935744K), 0.0109080 secs] [Times: user=0.06 sys=0.00, real=0.01 secs] 
2014-07-16T03:56:26.842+0000: 1335.930: [GC [PSYoungGen: 247868K->748K(248768K)] 509554K->262482K(935744K), 0.0094680 secs] [Times: user=0.06 sys=0.00, real=0.01 secs] 
2014-07-16T03:56:27.749+0000: 1336.837: [GC [PSYoungGen: 247852K->1008K(298112K)] 509586K->262814K(985088K), 0.0081980 secs] [Times: user=0.05 sys=0.01, real=0.01 secs] 
2014-07-16T03:56:28.811+0000: 1337.899: [GC [PSYoungGen: 297584K->1586K(290304K)] 559390K->263488K(977280K), 0.0063860 secs] [Times: user=0.04 sys=0.01, real=0.01 secs] 
2014-07-16T03:56:29.874+0000: 1338.962: [GC [PSYoungGen: 290290K->128K(281216K)] 552192K->262574K(968192K), 0.0069960 secs] [Times: user=0.04 sys=0.00, real=0.01 secs] 
2014-07-16T03:56:30.896+0000: 1339.984: [GC [PSYoungGen: 281216K->1504K(275328K)] 543662K->263999K(962304K), 0.0109680 secs] [Times: user=0.07 sys=0.00, real=0.01 secs] 
2014-07-16T03:56:31.882+0000: 1340.970: [GC [PSYoungGen: 275257K->1394K(268160K)] 537752K->264427K(955136K), 0.0042410 secs] [Times: user=0.01 sys=0.00, real=0.00 secs] 
2014-07-16T03:56:32.902+0000: 1341.990: [GC [PSYoungGen: 268110K->1336K(261376K)] 531143K->264457K(948352K), 0.0038170 secs] [Times: user=0.02 sys=0.00, real=0.00 secs] 
2014-07-16T03:56:33.853+0000: 1342.941: [GC [PSYoungGen: 261368K->1122K(254656K)] 524489K->264381K(941632K), 0.0141680 secs] [Times: user=0.08 sys=0.00, real=0.02 secs] 
2014-07-16T03:56:34.785+0000: 1343.873: [GC [PSYoungGen: 254626K->1304K(248576K)] 517885K->264619K(935552K), 0.0092450 secs] [Times: user=0.05 sys=0.00, real=0.01 secs] 
2014-07-16T03:56:35.681+0000: 1344.769: [GC [PSYoungGen: 248536K->936K(242176K)] 511851K->264331K(929152K), 0.0071080 secs] [Times: user=0.04 sys=0.00, real=0.01 secs] 
2014-07-16T03:56:36.584+0000: 1345.672: [GC [PSYoungGen: 242152K->1040K(236480K)] 505547K->264531K(923456K), 0.0050610 secs] [Times: user=0.03 sys=0.00, real=0.01 secs] 
2014-07-16T03:56:37.432+0000: 1346.521: [GC [PSYoungGen: 236399K->944K(230784K)] 499890K->264483K(917760K), 0.0094260 secs] [Times: user=0.05 sys=0.01, real=0.01 secs] 
2014-07-16T03:56:38.256+0000: 1347.344: [GC [PSYoungGen: 230768K->1240K(225728K)] 494307K->264851K(912704K), 0.0037980 secs] [Times: user=0.02 sys=0.00, real=0.01 secs] 
2014-07-16T03:56:39.072+0000: 1348.160: [GC [PSYoungGen: 225659K->1072K(220352K)] 489270K->264723K(907328K), 0.0050600 secs] [Times: user=0.02 sys=0.00, real=0.01 secs] 
2014-07-16T03:56:39.860+0000: 1348.948: [GC [PSYoungGen: 220315K->1686K(216000K)] 483966K->265483K(902976K), 0.0057930 secs] [Times: user=0.04 sys=0.01, real=0.00 secs] 
2014-07-16T03:56:40.644+0000: 1349.732: [GC [PSYoungGen: 215909K->698K(210176K)] 479706K->264745K(897152K), 0.0042990 secs] [Times: user=0.02 sys=0.00, real=0.01 secs] 
2014-07-16T03:56:41.375+0000: 1350.463: [GC [PSYoungGen: 210088K->1168K(206016K)] 474135K->265345K(892992K), 0.0056180 secs] [Times: user=0.02 sys=0.00, real=0.01 secs] 
2014-07-16T03:56:42.185+0000: 1351.274: [GC [PSYoungGen: 205968K->1782K(202112K)] 470145K->266179K(889088K), 0.0052590 secs] [Times: user=0.04 sys=0.00, real=0.01 secs] 
2014-07-16T03:56:42.961+0000: 1352.049: [GC [PSYoungGen: 202102K->1026K(197056K)] 466499K->265479K(884032K), 0.0035710 secs] [Times: user=0.02 sys=0.00, real=0.00 secs] 
2014-07-16T03:56:43.662+0000: 1352.750: [GC [PSYoungGen: 196973K->1268K(193024K)] 461427K->266333K(880000K), 0.0088980 secs] [Times: user=0.06 sys=0.00, real=0.01 secs] 
2014-07-16T03:56:44.381+0000: 1353.469: [GC [PSYoungGen: 193012K->1004K(188736K)] 458077K->266133K(875712K), 0.0059580 secs] [Times: user=0.03 sys=0.01, real=0.00 secs] 
2014-07-16T03:56:45.070+0000: 1354.158: [GC [PSYoungGen: 188716K->894K(184704K)] 453845K->266071K(871680K), 0.0075400 secs] [Times: user=0.04 sys=0.01, real=0.00 secs] 
2014-07-16T03:56:45.762+0000: 1354.850: [GC [PSYoungGen: 184702K->904K(180992K)] 449879K->266145K(867968K), 0.0062040 secs] [Times: user=0.04 sys=0.00, real=0.00 secs] 
2014-07-16T03:56:46.414+0000: 1355.502: [GC [PSYoungGen: 180936K->1496K(177920K)] 446177K->266857K(864896K), 0.0060150 secs] [Times: user=0.04 sys=0.00, real=0.01 secs] 
2014-07-16T03:56:47.065+0000: 1356.153: [GC [PSYoungGen: 177880K->1880K(174784K)] 443241K->267329K(861760K), 0.0081090 secs] [Times: user=0.04 sys=0.01, real=0.06 secs] 
2014-07-16T03:56:47.755+0000: 1356.843: [GC [PSYoungGen: 174744K->826K(170240K)] 440193K->266339K(857216K), 0.0050710 secs] [Times: user=0.03 sys=0.00, real=0.01 secs] 
2014-07-16T03:56:48.383+0000: 1357.471: [GC [PSYoungGen: 170201K->1360K(167488K)] 435714K->266929K(854464K), 0.0056720 secs] [Times: user=0.02 sys=0.00, real=0.01 secs] 
2014-07-16T03:56:48.993+0000: 1358.082: [GC [PSYoungGen: 167408K->1408K(200768K)] 432977K->267025K(887744K), 0.0125110 secs] [Times: user=0.08 sys=0.00, real=0.01 secs] 
2014-07-16T03:56:49.714+0000: 1358.802: [GC [PSYoungGen: 200704K->976K(196032K)] 466321K->266689K(883008K), 0.0039070 secs] [Times: user=0.02 sys=0.00, real=0.00 secs] 
2014-07-16T03:56:50.424+0000: 1359.512: [GC [PSYoungGen: 195984K->1154K(235264K)] 461697K->266931K(922240K), 0.0087200 secs] [Times: user=0.06 sys=0.00, real=0.01 secs] 
2014-07-16T03:56:51.267+0000: 1360.355: [GC [PSYoungGen: 235202K->940K(277760K)] 500979K->266781K(964736K), 0.0102880 secs] [Times: user=0.06 sys=0.00, real=0.01 secs] 
2014-07-16T03:56:52.294+0000: 1361.383: [GC [PSYoungGen: 276652K->894K(269504K)] 542493K->266783K(956480K), 0.0054470 secs] [Times: user=0.01 sys=0.00, real=0.01 secs] 
2014-07-16T03:56:53.281+0000: 1362.369: [GC [PSYoungGen: 269451K->900K(281856K)] 535340K->266837K(968832K), 0.0131630 secs] [Times: user=0.05 sys=0.00, real=0.01 secs] 
2014-07-16T03:56:54.310+0000: 1363.398: [GC [PSYoungGen: 280770K->1446K(274112K)] 546707K->267447K(961088K), 0.0060990 secs] [Times: user=0.04 sys=0.00, real=0.00 secs] 
2014-07-16T03:56:55.306+0000: 1364.395: [GC [PSYoungGen: 274086K->1200K(266880K)] 540087K->267273K(953856K), 0.0035660 secs] [Times: user=0.02 sys=0.00, real=0.01 secs] 
2014-07-16T03:56:56.285+0000: 1365.374: [GC [PSYoungGen: 266837K->826K(259776K)] 532910K->266963K(946752K), 0.0082430 secs] [Times: user=0.05 sys=0.00, real=0.01 secs] 
2014-07-16T03:56:57.271+0000: 1366.359: [GC [PSYoungGen: 259726K->1532K(254016K)] 525863K->267765K(940992K), 0.0056620 secs] [Times: user=0.04 sys=0.00, real=0.00 secs] 
2014-07-16T03:56:58.166+0000: 1367.254: [GC [PSYoungGen: 254012K->1058K(247360K)] 520245K->267387K(934336K), 0.0082040 secs] [Times: user=0.05 sys=0.00, real=0.01 secs] 
2014-07-16T03:56:59.078+0000: 1368.166: [GC [PSYoungGen: 247330K->1128K(241408K)] 513659K->267529K(928384K), 0.0081640 secs] [Times: user=0.05 sys=0.01, real=0.01 secs] 
2014-07-16T03:56:59.946+0000: 1369.034: [GC [PSYoungGen: 241384K->722K(235264K)] 507785K->267195K(922240K), 0.0062810 secs] [Times: user=0.02 sys=0.00, real=0.01 secs] 
2014-07-16T03:57:00.804+0000: 1369.892: [GC [PSYoungGen: 235218K->1176K(282624K)] 501691K->267705K(969600K), 0.0201770 secs] [Times: user=0.14 sys=0.00, real=0.02 secs] 
2014-07-16T03:57:01.837+0000: 1370.925: [GC [PSYoungGen: 282584K->1040K(275200K)] 549113K->267649K(962176K), 0.0042350 secs] [Times: user=0.01 sys=0.00, real=0.01 secs] 
2014-07-16T03:57:02.895+0000: 1371.983: [GC [PSYoungGen: 275109K->1368K(268480K)] 541718K->268081K(955456K), 0.0068100 secs] [Times: user=0.04 sys=0.00, real=0.01 secs] 
2014-07-16T03:57:03.879+0000: 1372.967: [GC [PSYoungGen: 268392K->1140K(261440K)] 535106K->268357K(948416K), 0.0055490 secs] [Times: user=0.04 sys=0.00, real=0.01 secs] 
2014-07-16T03:57:04.824+0000: 1373.913: [GC [PSYoungGen: 261428K->1418K(255232K)] 528645K->268699K(942208K), 0.0036280 secs] [Times: user=0.01 sys=0.00, real=0.00 secs] 
2014-07-16T03:57:05.756+0000: 1374.844: [GC [PSYoungGen: 255178K->964K(248512K)] 522459K->268333K(935488K), 0.0060980 secs] [Times: user=0.03 sys=0.00, real=0.01 secs] 
2014-07-16T03:57:06.660+0000: 1375.748: [GC [PSYoungGen: 248452K->1186K(242688K)] 515821K->268643K(929664K), 0.0065780 secs] [Times: user=0.04 sys=0.00, real=0.01 secs] 
2014-07-16T03:57:07.559+0000: 1376.647: [GC [PSYoungGen: 242658K->672K(236352K)] 510115K->268241K(923328K), 0.0093890 secs] [Times: user=0.06 sys=0.00, real=0.01 secs] 
2014-07-16T03:57:08.412+0000: 1377.500: [GC [PSYoungGen: 236320K->972K(231104K)] 503889K->268629K(918080K), 0.0054940 secs] [Times: user=0.03 sys=0.00, real=0.00 secs] 
2014-07-16T03:57:09.254+0000: 1378.342: [GC [PSYoungGen: 231052K->1414K(226176K)] 498709K->269167K(913152K), 0.0070210 secs] [Times: user=0.05 sys=0.01, real=0.00 secs] 
2014-07-16T03:57:10.073+0000: 1379.161: [GC [PSYoungGen: 226118K->808K(220352K)] 493871K->268641K(907328K), 0.0037390 secs] [Times: user=0.02 sys=0.00, real=0.00 secs] 
2014-07-16T03:57:10.867+0000: 1379.955: [GC [PSYoungGen: 220326K->1022K(215552K)] 488159K->268927K(902528K), 0.0036390 secs] [Times: user=0.02 sys=0.00, real=0.00 secs] 
2014-07-16T03:57:11.637+0000: 1380.725: [GC [PSYoungGen: 215550K->1558K(211264K)] 483455K->269503K(898240K), 0.0046460 secs] [Times: user=0.01 sys=0.00, real=0.00 secs] 
2014-07-16T03:57:12.421+0000: 1381.509: [GC [PSYoungGen: 211222K->1022K(206016K)] 479167K->269055K(892992K), 0.0091270 secs] [Times: user=0.05 sys=0.00, real=0.01 secs] 
2014-07-16T03:57:13.146+0000: 1382.234: [GC [PSYoungGen: 206014K->794K(201344K)] 474047K->268907K(888320K), 0.0050670 secs] [Times: user=0.04 sys=0.01, real=0.00 secs] 
2014-07-16T03:57:13.879+0000: 1382.967: [GC [PSYoungGen: 201267K->1190K(197376K)] 469381K->269375K(884352K), 0.0039280 secs] [Times: user=0.02 sys=0.00, real=0.01 secs] 
2014-07-16T03:57:14.595+0000: 1383.683: [GC [PSYoungGen: 197350K->608K(192576K)] 465535K->268881K(879552K), 0.0082280 secs] [Times: user=0.05 sys=0.00, real=0.01 secs] 
2014-07-16T03:57:15.283+0000: 1384.372: [GC [PSYoungGen: 192498K->904K(188800K)] 460771K->269257K(875776K), 0.0037870 secs] [Times: user=0.02 sys=0.01, real=0.00 secs] 
2014-07-16T03:57:15.969+0000: 1385.057: [GC [PSYoungGen: 188744K->926K(184896K)] 457097K->269351K(871872K), 0.0108760 secs] [Times: user=0.07 sys=0.00, real=0.01 secs] 
2014-07-16T03:57:16.638+0000: 1385.726: [GC [PSYoungGen: 184862K->1082K(181248K)] 453287K->269595K(868224K), 0.0046470 secs] [Times: user=0.02 sys=0.00, real=0.00 secs] 
2014-07-16T03:57:17.278+0000: 1386.366: [GC [PSYoungGen: 181242K->466K(177024K)] 449755K->269019K(864000K), 0.0043870 secs] [Times: user=0.02 sys=0.00, real=0.00 secs] 
2014-07-16T03:57:17.948+0000: 1387.037: [GC [PSYoungGen: 176978K->1714K(174656K)] 445531K->270389K(861632K), 0.0045260 secs] [Times: user=0.01 sys=0.00, real=0.01 secs] 
2014-07-16T03:57:18.571+0000: 1387.659: [GC [PSYoungGen: 174642K->808K(170304K)] 443317K->269587K(857280K), 0.0050080 secs] [Times: user=0.04 sys=0.00, real=0.01 secs] 
2014-07-16T03:57:19.185+0000: 1388.273: [GC [PSYoungGen: 170280K->740K(166912K)] 439059K->269583K(853888K), 0.0036440 secs] [Times: user=0.01 sys=0.00, real=0.00 secs] 
2014-07-16T03:57:19.789+0000: 1388.877: [GC [PSYoungGen: 166884K->1176K(164160K)] 435727K->270083K(851136K), 0.0051690 secs] [Times: user=0.03 sys=0.00, real=0.01 secs] 
2014-07-16T03:57:20.374+0000: 1389.463: [GC [PSYoungGen: 164120K->844K(160704K)] 433027K->269823K(847680K), 0.0039660 secs] [Times: user=0.02 sys=0.00, real=0.00 secs] 
2014-07-16T03:57:20.963+0000: 1390.051: [GC [PSYoungGen: 160652K->676K(157504K)] 429631K->269719K(844480K), 0.0076320 secs] [Times: user=0.05 sys=0.00, real=0.00 secs] 
2014-07-16T03:57:21.523+0000: 1390.611: [GC [PSYoungGen: 157383K->826K(154688K)] 426426K->269949K(841664K), 0.0037440 secs] [Times: user=0.02 sys=0.00, real=0.00 secs] 
2014-07-16T03:57:22.084+0000: 1391.172: [GC [PSYoungGen: 154682K->954K(152000K)] 423805K->270165K(838976K), 0.0070830 secs] [Times: user=0.05 sys=0.00, real=0.00 secs] 
2014-07-16T03:57:22.650+0000: 1391.738: [GC [PSYoungGen: 151994K->1492K(149824K)] 421205K->270767K(836800K), 0.0039380 secs] [Times: user=0.02 sys=0.00, real=0.00 secs] 
2014-07-16T03:57:23.224+0000: 1392.313: [GC [PSYoungGen: 149780K->1414K(147072K)] 419055K->270745K(834048K), 0.0045980 secs] [Times: user=0.02 sys=0.00, real=0.00 secs] 
2014-07-16T03:57:23.752+0000: 1392.840: [GC [PSYoungGen: 147014K->620K(143616K)] 416345K->270431K(830592K), 0.0053510 secs] [Times: user=0.04 sys=0.00, real=0.01 secs] 
2014-07-16T03:57:24.299+0000: 1393.387: [GC [PSYoungGen: 143595K->1114K(141632K)] 413407K->271005K(828608K), 0.0069440 secs] [Times: user=0.05 sys=0.00, real=0.01 secs] 
2014-07-16T03:57:24.806+0000: 1393.894: [GC [PSYoungGen: 141594K->844K(169472K)] 411485K->271089K(856448K), 0.0122510 secs] [Times: user=0.07 sys=0.00, real=0.01 secs] 
2014-07-16T03:57:25.396+0000: 1394.484: [GC [PSYoungGen: 169420K->836K(203200K)] 439665K->271145K(890176K), 0.0033750 secs] [Times: user=0.02 sys=0.00, real=0.00 secs] 
2014-07-16T03:57:26.122+0000: 1395.210: [GC [PSYoungGen: 203119K->1408K(199360K)] 473428K->271789K(886336K), 0.0042620 secs] [Times: user=0.02 sys=0.00, real=0.01 secs] 
2014-07-16T03:57:26.853+0000: 1395.941: [GC [PSYoungGen: 199296K->790K(194432K)] 469677K->271259K(881408K), 0.0049090 secs] [Times: user=0.03 sys=0.00, real=0.01 secs] 
2014-07-16T03:57:27.562+0000: 1396.650: [GC [PSYoungGen: 194356K->1330K(190848K)] 464826K->271995K(877824K), 0.0057150 secs] [Times: user=0.03 sys=0.00, real=0.01 secs] 
2014-07-16T03:57:28.253+0000: 1397.341: [GC [PSYoungGen: 190834K->954K(186496K)] 461499K->271691K(873472K), 0.0060060 secs] [Times: user=0.03 sys=0.00, real=0.01 secs] 
2014-07-16T03:57:28.926+0000: 1398.014: [GC [PSYoungGen: 186490K->1158K(182912K)] 457227K->271967K(869888K), 0.0056310 secs] [Times: user=0.03 sys=0.01, real=0.00 secs] 
2014-07-16T03:57:29.579+0000: 1398.667: [GC [PSYoungGen: 182824K->968K(179008K)] 453634K->271833K(865984K), 0.0057520 secs] [Times: user=0.02 sys=0.00, real=0.00 secs] 
2014-07-16T03:57:30.217+0000: 1399.305: [GC [PSYoungGen: 178948K->904K(175360K)] 449813K->271849K(862336K), 0.0076670 secs] [Times: user=0.05 sys=0.00, real=0.00 secs] 
2014-07-16T03:57:30.860+0000: 1399.948: [GC [PSYoungGen: 175304K->950K(171904K)] 446249K->272007K(858880K), 0.0064610 secs] [Times: user=0.04 sys=0.00, real=0.01 secs] 
2014-07-16T03:57:31.485+0000: 1400.573: [GC [PSYoungGen: 171894K->1214K(168768K)] 442951K->272311K(855744K), 0.0046930 secs] [Times: user=0.01 sys=0.00, real=0.00 secs] 
2014-07-16T03:57:32.112+0000: 1401.200: [GC [PSYoungGen: 168766K->786K(165120K)] 439863K->271947K(852096K), 0.0066630 secs] [Times: user=0.04 sys=0.00, real=0.01 secs] 
2014-07-16T03:57:32.732+0000: 1401.820: [GC [PSYoungGen: 165040K->976K(162176K)] 436202K->272185K(849152K), 0.0071460 secs] [Times: user=0.04 sys=0.00, real=0.01 secs] 
2014-07-16T03:57:33.302+0000: 1402.390: [GC [PSYoungGen: 162128K->1008K(159104K)] 433337K->272305K(846080K), 0.0049770 secs] [Times: user=0.02 sys=0.00, real=0.01 secs] 
2014-07-16T03:57:33.875+0000: 1402.963: [GC [PSYoungGen: 159088K->908K(156096K)] 430385K->272285K(843072K), 0.0055230 secs] [Times: user=0.04 sys=0.00, real=0.01 secs] 
2014-07-16T03:57:34.468+0000: 1403.557: [GC [PSYoungGen: 156044K->940K(153216K)] 427421K->272405K(840192K), 0.0046000 secs] [Times: user=0.03 sys=0.00, real=0.00 secs] 
2014-07-16T03:57:35.025+0000: 1404.113: [GC [PSYoungGen: 153168K->1072K(150528K)] 424634K->272609K(837504K), 0.0053750 secs] [Times: user=0.03 sys=0.00, real=0.01 secs] 
2014-07-16T03:57:35.582+0000: 1404.670: [GC [PSYoungGen: 150512K->1314K(148096K)] 422049K->272939K(835072K), 0.0049840 secs] [Times: user=0.03 sys=0.00, real=0.01 secs] 
2014-07-16T03:57:36.101+0000: 1405.190: [GC [PSYoungGen: 148066K->556K(176704K)] 419691K->272871K(863680K), 0.0089330 secs] [Times: user=0.04 sys=0.00, real=0.01 secs] 
2014-07-16T03:57:36.748+0000: 1405.836: [GC [PSYoungGen: 176684K->986K(212416K)] 448999K->273389K(899392K), 0.0070920 secs] [Times: user=0.04 sys=0.00, real=0.00 secs] 
2014-07-16T03:57:37.562+0000: 1406.650: [GC [PSYoungGen: 212377K->1524K(208192K)] 484781K->274357K(895168K), 0.0050150 secs] [Times: user=0.03 sys=0.00, real=0.01 secs] 
2014-07-16T03:57:38.270+0000: 1407.358: [GC [PSYoungGen: 208143K->1040K(249088K)] 480977K->273905K(936064K), 0.0143750 secs] [Times: user=0.08 sys=0.00, real=0.01 secs] 
2014-07-16T03:57:39.176+0000: 1408.264: [GC [PSYoungGen: 249015K->894K(280512K)] 521881K->273831K(967488K), 0.0037950 secs] [Times: user=0.02 sys=0.00, real=0.00 secs] 
2014-07-16T03:57:40.178+0000: 1409.266: [GC [PSYoungGen: 280382K->1422K(273728K)] 553319K->274432K(960704K), 0.0062200 secs] [Times: user=0.03 sys=0.00, real=0.00 secs] 
2014-07-16T03:57:41.170+0000: 1410.259: [GC [PSYoungGen: 273678K->306K(265600K)] 546688K->273795K(952576K), 0.0065550 secs] [Times: user=0.04 sys=0.01, real=0.01 secs] 
2014-07-16T03:57:42.130+0000: 1411.218: [GC [PSYoungGen: 265586K->1222K(259840K)] 539075K->274752K(946816K), 0.0091340 secs] [Times: user=0.04 sys=0.00, real=0.01 secs] 
2014-07-16T03:57:43.105+0000: 1412.193: [GC [PSYoungGen: 259765K->1060K(253184K)] 533295K->275012K(940160K), 0.0059790 secs] [Times: user=0.01 sys=0.00, real=0.01 secs] 
2014-07-16T03:57:44.025+0000: 1413.113: [GC [PSYoungGen: 253146K->872K(246784K)] 527098K->274920K(933760K), 0.0038090 secs] [Times: user=0.02 sys=0.00, real=0.01 secs] 
2014-07-16T03:57:44.920+0000: 1414.008: [GC [PSYoungGen: 246760K->1136K(241088K)] 520808K->275240K(928064K), 0.0111730 secs] [Times: user=0.07 sys=0.00, real=0.01 secs] 
2014-07-16T03:57:45.772+0000: 1414.861: [GC [PSYoungGen: 241072K->1072K(235264K)] 515176K->275264K(922240K), 0.0055330 secs] [Times: user=0.03 sys=0.00, real=0.01 secs] 
2014-07-16T03:57:46.615+0000: 1415.703: [GC [PSYoungGen: 235174K->776K(229440K)] 509366K->275056K(916416K), 0.0061330 secs] [Times: user=0.03 sys=0.00, real=0.01 secs] 
2014-07-16T03:57:47.438+0000: 1416.526: [GC [PSYoungGen: 229384K->1076K(224384K)] 503664K->275444K(911360K), 0.0032950 secs] [Times: user=0.02 sys=0.00, real=0.00 secs] 
2014-07-16T03:57:48.252+0000: 1417.340: [GC [PSYoungGen: 224372K->1300K(219520K)] 498740K->275774K(906496K), 0.0042950 secs] [Times: user=0.01 sys=0.00, real=0.00 secs] 
2014-07-16T03:57:49.069+0000: 1418.158: [GC [PSYoungGen: 219461K->1132K(214336K)] 493935K->275678K(901312K), 0.0036780 secs] [Times: user=0.02 sys=0.00, real=0.00 secs] 
2014-07-16T03:57:49.834+0000: 1418.922: [GC [PSYoungGen: 214316K->752K(209152K)] 488862K->275650K(896128K), 0.0040630 secs] [Times: user=0.02 sys=0.00, real=0.01 secs] 
2014-07-16T03:57:50.617+0000: 1419.705: [GC [PSYoungGen: 209125K->1496K(205312K)] 484023K->276474K(892288K), 0.0050870 secs] [Times: user=0.03 sys=0.00, real=0.01 secs] 
2014-07-16T03:57:51.375+0000: 1420.463: [GC [PSYoungGen: 205272K->832K(200128K)] 480250K->276206K(887104K), 0.0116140 secs] [Times: user=0.07 sys=0.00, real=0.01 secs] 
2014-07-16T03:57:52.146+0000: 1421.234: [GC [PSYoungGen: 200101K->1090K(196160K)] 475475K->276544K(883136K), 0.0104390 secs] [Times: user=0.06 sys=0.00, real=0.01 secs] 
2014-07-16T03:57:52.966+0000: 1422.055: [GC [PSYoungGen: 196098K->804K(191680K)] 471552K->276338K(878656K), 0.0059730 secs] [Times: user=0.03 sys=0.00, real=0.01 secs] 
2014-07-16T03:57:53.643+0000: 1422.731: [GC [PSYoungGen: 191652K->1186K(188032K)] 467186K->276808K(875008K), 0.0040680 secs] [Times: user=0.02 sys=0.00, real=0.00 secs] 
2014-07-16T03:57:54.340+0000: 1423.428: [GC [PSYoungGen: 187982K->1022K(183936K)] 463604K->276716K(870912K), 0.0058820 secs] [Times: user=0.03 sys=0.00, real=0.00 secs] 
2014-07-16T03:57:55.033+0000: 1424.121: [GC [PSYoungGen: 183934K->1404K(180544K)] 459628K->277162K(867520K), 0.0036210 secs] [Times: user=0.02 sys=0.00, real=0.00 secs] 
2014-07-16T03:57:55.746+0000: 1424.835: [GC [PSYoungGen: 180540K->698K(176192K)] 456298K->276818K(863168K), 0.0063480 secs] [Times: user=0.05 sys=0.00, real=0.01 secs] 
2014-07-16T03:57:56.384+0000: 1425.472: [GC [PSYoungGen: 176184K->1518K(173504K)] 452305K->277734K(860480K), 0.0039650 secs] [Times: user=0.02 sys=0.00, real=0.00 secs] 
2014-07-16T03:57:56.996+0000: 1426.084: [GC [PSYoungGen: 173403K->872K(169472K)] 449620K->277684K(856448K), 0.0062440 secs] [Times: user=0.04 sys=0.00, real=0.01 secs] 
2014-07-16T03:57:57.613+0000: 1426.701: [GC [PSYoungGen: 169448K->868K(166144K)] 446260K->277744K(853120K), 0.0052480 secs] [Times: user=0.02 sys=0.00, real=0.00 secs] 
2014-07-16T03:57:58.213+0000: 1427.302: [GC [PSYoungGen: 166106K->986K(163072K)] 442982K->277958K(850048K), 0.0055170 secs] [Times: user=0.04 sys=0.00, real=0.01 secs] 
2014-07-16T03:57:58.802+0000: 1427.890: [GC [PSYoungGen: 163008K->644K(159680K)] 439981K->277672K(846656K), 0.0082750 secs] [Times: user=0.04 sys=0.00, real=0.01 secs] 
2014-07-16T03:57:59.375+0000: 1428.463: [GC [PSYoungGen: 159620K->562K(191360K)] 436648K->277654K(878336K), 0.0070910 secs] [Times: user=0.04 sys=0.01, real=0.01 secs] 
2014-07-16T03:58:00.064+0000: 1429.152: [GC [PSYoungGen: 191341K->930K(187712K)] 468434K->278062K(874688K), 0.0048550 secs] [Times: user=0.02 sys=0.00, real=0.01 secs] 
2014-07-16T03:58:00.754+0000: 1429.842: [GC [PSYoungGen: 187666K->876K(183744K)] 464799K->278072K(870720K), 0.0031140 secs] [Times: user=0.02 sys=0.00, real=0.00 secs] 
2014-07-16T03:58:01.430+0000: 1430.518: [GC [PSYoungGen: 183645K->790K(179904K)] 460841K->278090K(866880K), 0.0054530 secs] [Times: user=0.04 sys=0.00, real=0.00 secs] 
2014-07-16T03:58:02.078+0000: 1431.166: [GC [PSYoungGen: 179862K->676K(176128K)] 457162K->278032K(863104K), 0.0094160 secs] [Times: user=0.05 sys=0.00, real=0.01 secs] 
2014-07-16T03:58:02.715+0000: 1431.804: [GC [PSYoungGen: 176100K->744K(172672K)] 453456K->278172K(859648K), 0.0066710 secs] [Times: user=0.04 sys=0.00, real=0.01 secs] 
2014-07-16T03:58:03.337+0000: 1432.426: [GC [PSYoungGen: 172648K->644K(169216K)] 450076K->278152K(856192K), 0.0040590 secs] [Times: user=0.02 sys=0.00, real=0.01 secs] 
2014-07-16T03:58:03.982+0000: 1433.070: [GC [PSYoungGen: 169156K->1200K(166400K)] 446664K->278772K(853376K), 0.0071520 secs] [Times: user=0.05 sys=0.00, real=0.00 secs] 
2014-07-16T03:58:04.577+0000: 1433.665: [GC [PSYoungGen: 166384K->1072K(199360K)] 443956K->278708K(886336K), 0.0079460 secs] [Times: user=0.05 sys=0.00, real=0.01 secs] 
2014-07-16T03:58:05.296+0000: 1434.385: [GC [PSYoungGen: 199344K->772K(194816K)] 476980K->278504K(881792K), 0.0055730 secs] [Times: user=0.03 sys=0.00, real=0.01 secs] 
2014-07-16T03:58:06.002+0000: 1435.090: [GC [PSYoungGen: 194756K->954K(190784K)] 472488K->278782K(877760K), 0.0032050 secs] [Times: user=0.02 sys=0.01, real=0.00 secs] 
2014-07-16T03:58:06.692+0000: 1435.780: [GC [PSYoungGen: 190778K->1218K(187136K)] 468606K->279126K(874112K), 0.0066870 secs] [Times: user=0.04 sys=0.00, real=0.00 secs] 
2014-07-16T03:58:07.359+0000: 1436.447: [GC [PSYoungGen: 187073K->738K(182784K)] 464981K->279112K(869760K), 0.0067080 secs] [Times: user=0.04 sys=0.00, real=0.01 secs] 
2014-07-16T03:58:08.094+0000: 1437.183: [GC [PSYoungGen: 182754K->1580K(220032K)] 461128K->280731K(907008K), 0.0106690 secs] [Times: user=0.06 sys=0.00, real=0.01 secs] 
2014-07-16T03:58:08.864+0000: 1437.952: [GC [PSYoungGen: 220012K->866K(214336K)] 499163K->280527K(901312K), 0.0061630 secs] [Times: user=0.04 sys=0.00, real=0.00 secs] 
2014-07-16T03:58:09.641+0000: 1438.730: [GC [PSYoungGen: 214306K->1054K(209728K)] 493967K->280945K(896704K), 0.0044310 secs] [Times: user=0.02 sys=0.01, real=0.00 secs] 
2014-07-16T03:58:10.426+0000: 1439.514: [GC [PSYoungGen: 209692K->1394K(205440K)] 489584K->281349K(892416K), 0.0069430 secs] [Times: user=0.04 sys=0.00, real=0.01 secs] 
2014-07-16T03:58:11.161+0000: 1440.250: [GC [PSYoungGen: 205426K->1450K(201024K)] 485381K->281509K(888000K), 0.0074570 secs] [Times: user=0.04 sys=0.00, real=0.00 secs] 
2014-07-16T03:58:11.883+0000: 1440.972: [GC [PSYoungGen: 201002K->1044K(196288K)] 481061K->281151K(883264K), 0.0036660 secs] [Times: user=0.02 sys=0.00, real=0.00 secs] 
2014-07-16T03:58:12.593+0000: 1441.681: [GC [PSYoungGen: 196244K->822K(191872K)] 476351K->281009K(878848K), 0.0101500 secs] [Times: user=0.06 sys=0.01, real=0.01 secs] 
2014-07-16T03:58:13.289+0000: 1442.377: [GC [PSYoungGen: 191862K->576K(187584K)] 472049K->280811K(874560K), 0.0075780 secs] [Times: user=0.04 sys=0.00, real=0.01 secs] 
2014-07-16T03:58:13.990+0000: 1443.078: [GC [PSYoungGen: 187584K->1750K(184896K)] 467819K->282073K(871872K), 0.0078570 secs] [Times: user=0.04 sys=0.01, real=0.01 secs] 
2014-07-16T03:58:14.638+0000: 1443.726: [GC [PSYoungGen: 184831K->1214K(180544K)] 465155K->281649K(867520K), 0.0057560 secs] [Times: user=0.04 sys=0.00, real=0.01 secs] 
2014-07-16T03:58:15.303+0000: 1444.391: [GC [PSYoungGen: 180542K->1008K(176704K)] 460977K->281523K(863680K), 0.0067440 secs] [Times: user=0.04 sys=0.00, real=0.00 secs] 
2014-07-16T03:58:15.930+0000: 1445.018: [GC [PSYoungGen: 176688K->672K(172864K)] 457203K->281291K(859840K), 0.0072230 secs] [Times: user=0.05 sys=0.00, real=0.01 secs] 
2014-07-16T03:58:16.555+0000: 1445.643: [GC [PSYoungGen: 172832K->812K(169600K)] 453451K->281503K(856576K), 0.0054160 secs] [Times: user=0.04 sys=0.00, real=0.00 secs] 
2014-07-16T03:58:17.167+0000: 1446.255: [GC [PSYoungGen: 169580K->772K(166272K)] 450271K->281535K(853248K), 0.0071670 secs] [Times: user=0.04 sys=0.00, real=0.01 secs] 
2014-07-16T03:58:17.819+0000: 1446.907: [GC [PSYoungGen: 166212K->1910K(164160K)] 446975K->282934K(851136K), 0.0064700 secs] [Times: user=0.03 sys=0.00, real=0.01 secs] 
2014-07-16T03:58:18.359+0000: 1447.448: [GC [PSYoungGen: 164149K->1008K(195712K)] 445172K->282103K(882688K), 0.0074830 secs] [Times: user=0.05 sys=0.00, real=0.01 secs] 
2014-07-16T03:58:19.069+0000: 1448.157: [GC [PSYoungGen: 195696K->1104K(191680K)] 476791K->282303K(878656K), 0.0048760 secs] [Times: user=0.03 sys=0.00, real=0.01 secs] 
2014-07-16T03:58:19.763+0000: 1448.852: [GC [PSYoungGen: 191617K->1204K(187712K)] 472817K->282483K(874688K), 0.0056030 secs] [Times: user=0.03 sys=0.00, real=0.00 secs] 
2014-07-16T03:58:20.443+0000: 1449.531: [GC [PSYoungGen: 187700K->580K(224448K)] 468979K->281915K(911424K), 0.0097970 secs] [Times: user=0.06 sys=0.00, real=0.01 secs] 
2014-07-16T03:58:21.263+0000: 1450.351: [GC [PSYoungGen: 224321K->944K(219584K)] 505656K->282343K(906560K), 0.0055130 secs] [Times: user=0.04 sys=0.00, real=0.00 secs] 
2014-07-16T03:58:22.053+0000: 1451.142: [GC [PSYoungGen: 219566K->776K(214464K)] 500965K->282271K(901440K), 0.0051850 secs] [Times: user=0.03 sys=0.00, real=0.00 secs] 
2014-07-16T03:58:22.885+0000: 1451.974: [GC [PSYoungGen: 214408K->1520K(210368K)] 495903K->283095K(897344K), 0.0058460 secs] [Times: user=0.02 sys=0.01, real=0.00 secs] 
2014-07-16T03:58:23.599+0000: 1452.687: [GC [PSYoungGen: 210352K->1122K(205312K)] 491927K->282785K(892288K), 0.0075990 secs] [Times: user=0.04 sys=0.01, real=0.01 secs] 
2014-07-16T03:58:24.331+0000: 1453.420: [GC [PSYoungGen: 205280K->516K(239040K)] 486943K->282203K(926016K), 0.0107070 secs] [Times: user=0.06 sys=0.00, real=0.01 secs] 
2014-07-16T03:58:25.195+0000: 1454.283: [GC [PSYoungGen: 238212K->1040K(233088K)] 519899K->282823K(920064K), 0.0068650 secs] [Times: user=0.04 sys=0.00, real=0.00 secs] 
2014-07-16T03:58:26.050+0000: 1455.138: [GC [PSYoungGen: 233040K->958K(227520K)] 514823K->282945K(914496K), 0.0044320 secs] [Times: user=0.03 sys=0.00, real=0.01 secs] 
2014-07-16T03:58:26.875+0000: 1455.963: [GC [PSYoungGen: 227504K->612K(221952K)] 509492K->282647K(908928K), 0.0074310 secs] [Times: user=0.04 sys=0.01, real=0.00 secs] 
2014-07-16T03:58:27.693+0000: 1456.781: [GC [PSYoungGen: 221924K->1236K(217536K)] 503959K->283367K(904512K), 0.0037350 secs] [Times: user=0.02 sys=0.00, real=0.00 secs] 
2014-07-16T03:58:28.484+0000: 1457.572: [GC [PSYoungGen: 217492K->544K(211904K)] 499623K->282739K(898880K), 0.0038610 secs] [Times: user=0.02 sys=0.00, real=0.01 secs] 
2014-07-16T03:58:29.267+0000: 1458.356: [GC [PSYoungGen: 211872K->1432K(208064K)] 494067K->283723K(895040K), 0.0091870 secs] [Times: user=0.07 sys=0.00, real=0.01 secs] 
2014-07-16T03:58:30.029+0000: 1459.117: [GC [PSYoungGen: 207997K->1268K(203328K)] 490288K->283655K(890304K), 0.0070940 secs] [Times: user=0.04 sys=0.00, real=0.01 secs] 
2014-07-16T03:58:30.750+0000: 1459.838: [GC [PSYoungGen: 203316K->1130K(198784K)] 485703K->283605K(885760K), 0.0084080 secs] [Times: user=0.05 sys=0.00, real=0.01 secs] 
2014-07-16T03:58:31.477+0000: 1460.565: [GC [PSYoungGen: 198743K->1322K(194688K)] 481219K->283861K(881664K), 0.0055730 secs] [Times: user=0.02 sys=0.00, real=0.00 secs] 
2014-07-16T03:58:32.190+0000: 1461.279: [GC [PSYoungGen: 194666K->904K(190208K)] 477205K->283547K(877184K), 0.0049070 secs] [Times: user=0.03 sys=0.00, real=0.01 secs] 
2014-07-16T03:58:32.876+0000: 1461.964: [GC [PSYoungGen: 190152K->840K(186176K)] 472795K->283571K(873152K), 0.0055630 secs] [Times: user=0.03 sys=0.00, real=0.00 secs] 
2014-07-16T03:58:33.563+0000: 1462.651: [GC [PSYoungGen: 186080K->1036K(182528K)] 468812K->283855K(869504K), 0.0033270 secs] [Times: user=0.02 sys=0.00, real=0.01 secs] 
2014-07-16T03:58:34.226+0000: 1463.314: [GC [PSYoungGen: 182476K->954K(178688K)] 465295K->283861K(865664K), 0.0053610 secs] [Times: user=0.02 sys=0.00, real=0.00 secs] 
2014-07-16T03:58:34.872+0000: 1463.960: [GC [PSYoungGen: 178682K->512K(174656K)] 461589K->283467K(861632K), 0.0103050 secs] [Times: user=0.06 sys=0.00, real=0.01 secs] 
2014-07-16T03:58:35.490+0000: 1464.579: [GC [PSYoungGen: 174650K->1144K(171840K)] 457605K->284172K(858816K), 0.0047900 secs] [Times: user=0.03 sys=0.01, real=0.01 secs] 
2014-07-16T03:58:36.100+0000: 1465.188: [GC [PSYoungGen: 171830K->608K(167936K)] 454858K->283715K(854912K), 0.0042140 secs] [Times: user=0.02 sys=0.00, real=0.00 secs] 
2014-07-16T03:58:36.695+0000: 1465.783: [GC [PSYoungGen: 167904K->1726K(165760K)] 451011K->285006K(852736K), 0.0042080 secs] [Times: user=0.02 sys=0.00, real=0.01 secs] 
2014-07-16T03:58:37.300+0000: 1466.389: [GC [PSYoungGen: 165758K->1126K(162048K)] 449038K->284650K(849024K), 0.0080160 secs] [Times: user=0.05 sys=0.01, real=0.01 secs] 
2014-07-16T03:58:37.866+0000: 1466.954: [GC [PSYoungGen: 162022K->812K(158656K)] 445546K->284415K(845632K), 0.0041410 secs] [Times: user=0.03 sys=0.01, real=0.00 secs] 
2014-07-16T03:58:38.445+0000: 1467.533: [GC [PSYoungGen: 158636K->594K(155520K)] 442239K->284411K(842496K), 0.0072860 secs] [Times: user=0.04 sys=0.00, real=0.01 secs] 
2014-07-16T03:58:38.994+0000: 1468.082: [GC [PSYoungGen: 155474K->1076K(153088K)] 439291K->284958K(840064K), 0.0066290 secs] [Times: user=0.05 sys=0.00, real=0.01 secs] 
2014-07-16T03:58:39.554+0000: 1468.642: [GC [PSYoungGen: 153076K->662K(183104K)] 436958K->284615K(870080K), 0.0100040 secs] [Times: user=0.07 sys=0.00, real=0.01 secs] 
2014-07-16T03:58:40.226+0000: 1469.315: [GC [PSYoungGen: 183062K->936K(219840K)] 467015K->284969K(906816K), 0.0048020 secs] [Times: user=0.03 sys=0.01, real=0.00 secs] 
2014-07-16T03:58:41.027+0000: 1470.115: [GC [PSYoungGen: 219816K->1122K(215040K)] 503849K->285228K(902016K), 0.0045040 secs] [Times: user=0.03 sys=0.00, real=0.00 secs] 
2014-07-16T03:58:41.805+0000: 1470.893: [GC [PSYoungGen: 214975K->772K(209920K)] 499081K->284941K(896896K), 0.0062550 secs] [Times: user=0.03 sys=0.00, real=0.01 secs] 
2014-07-16T03:58:42.584+0000: 1471.672: [GC [PSYoungGen: 209860K->1282K(205760K)] 494029K->285508K(892736K), 0.0067390 secs] [Times: user=0.03 sys=0.00, real=0.01 secs] 
2014-07-16T03:58:43.359+0000: 1472.447: [GC [PSYoungGen: 205698K->1058K(201024K)] 489924K->285356K(888000K), 0.0068420 secs] [Times: user=0.05 sys=0.00, real=0.00 secs] 
2014-07-16T03:58:44.084+0000: 1473.172: [GC [PSYoungGen: 200994K->1094K(196736K)] 485292K->285480K(883712K), 0.0033610 secs] [Times: user=0.02 sys=0.00, real=0.01 secs] 
2014-07-16T03:58:44.803+0000: 1473.891: [GC [PSYoungGen: 196639K->1208K(192640K)] 481025K->285642K(879616K), 0.0104350 secs] [Times: user=0.05 sys=0.01, real=0.01 secs] 
2014-07-16T03:58:45.520+0000: 1474.608: [GC [PSYoungGen: 192606K->836K(188288K)] 477039K->285349K(875264K), 0.0037730 secs] [Times: user=0.02 sys=0.00, real=0.00 secs] 
2014-07-16T03:58:46.176+0000: 1475.265: [GC [PSYoungGen: 188228K->958K(184448K)] 472741K->285528K(871424K), 0.0088290 secs] [Times: user=0.05 sys=0.00, real=0.00 secs] 
2014-07-16T03:58:46.874+0000: 1475.962: [GC [PSYoungGen: 184381K->940K(216000K)] 468951K->285550K(902976K), 0.0088460 secs] [Times: user=0.06 sys=0.00, real=0.01 secs] 
2014-07-16T03:58:47.697+0000: 1476.785: [GC [PSYoungGen: 215379K->918K(210560K)] 499989K->285575K(897536K), 0.0067160 secs] [Times: user=0.04 sys=0.00, real=0.00 secs] 
2014-07-16T03:58:48.525+0000: 1477.613: [GC [PSYoungGen: 210517K->638K(205568K)] 495175K->286440K(892544K), 0.0063880 secs] [Times: user=0.04 sys=0.00, real=0.01 secs] 
2014-07-16T03:58:49.288+0000: 1478.376: [GC [PSYoungGen: 205566K->1782K(214272K)] 491368K->287616K(901248K), 0.0300590 secs] [Times: user=0.19 sys=0.00, real=0.03 secs] 
2014-07-16T03:58:50.128+0000: 1479.216: [GC [PSYoungGen: 214262K->1224K(248000K)] 500096K->287612K(934976K), 0.0044580 secs] [Times: user=0.03 sys=0.00, real=0.00 secs] 
2014-07-16T03:58:51.031+0000: 1480.119: [GC [PSYoungGen: 247240K->1022K(247936K)] 533628K->287474K(934912K), 0.0059020 secs] [Times: user=0.03 sys=0.00, real=0.00 secs] 
2014-07-16T03:58:51.958+0000: 1481.046: [GC [PSYoungGen: 247033K->1346K(297088K)] 533485K->287878K(984064K), 0.0100240 secs] [Times: user=0.06 sys=0.00, real=0.01 secs] 
2014-07-16T03:58:53.045+0000: 1482.133: [GC [PSYoungGen: 296578K->818K(288192K)] 583110K->287406K(975168K), 0.0046880 secs] [Times: user=0.03 sys=0.00, real=0.01 secs] 
2014-07-16T03:58:54.157+0000: 1483.245: [GC [PSYoungGen: 288178K->1058K(280896K)] 574766K->287758K(967872K), 0.0058910 secs] [Times: user=0.02 sys=0.00, real=0.00 secs] 
2014-07-16T03:58:55.193+0000: 1484.282: [GC [PSYoungGen: 280866K->976K(273600K)] 567566K->287756K(960576K), 0.0066070 secs] [Times: user=0.05 sys=0.00, real=0.01 secs] 
2014-07-16T03:58:56.232+0000: 1485.320: [GC [PSYoungGen: 273552K->822K(266432K)] 560332K->287758K(953408K), 0.0044530 secs] [Times: user=0.01 sys=0.00, real=0.00 secs] 
2014-07-16T03:58:57.240+0000: 1486.329: [GC [PSYoungGen: 266422K->744K(259648K)] 553358K->287736K(946624K), 0.0080170 secs] [Times: user=0.05 sys=0.01, real=0.01 secs] 
2014-07-16T03:58:58.282+0000: 1487.370: [GC [PSYoungGen: 259624K->1346K(253824K)] 546616K->288410K(940800K), 0.0118950 secs] [Times: user=0.06 sys=0.00, real=0.01 secs] 
2014-07-16T03:58:59.229+0000: 1488.317: [GC [PSYoungGen: 253668K->1486K(247744K)] 540732K->288614K(934720K), 0.0053720 secs] [Times: user=0.02 sys=0.00, real=0.00 secs] 
2014-07-16T03:59:00.156+0000: 1489.244: [GC [PSYoungGen: 247682K->684K(240960K)] 534811K->288568K(927936K), 0.0056680 secs] [Times: user=0.03 sys=0.00, real=0.01 secs] 
2014-07-16T03:59:01.057+0000: 1490.145: [GC [PSYoungGen: 240940K->1076K(235584K)] 528824K->288992K(922560K), 0.0102820 secs] [Times: user=0.06 sys=0.00, real=0.01 secs] 
2014-07-16T03:59:01.914+0000: 1491.002: [GC [PSYoungGen: 235572K->1386K(230336K)] 523488K->289806K(917312K), 0.0045500 secs] [Times: user=0.02 sys=0.00, real=0.00 secs] 
2014-07-16T03:59:02.749+0000: 1491.837: [GC [PSYoungGen: 230314K->1072K(224640K)] 518734K->289596K(911616K), 0.0082660 secs] [Times: user=0.05 sys=0.00, real=0.01 secs] 
2014-07-16T03:59:03.572+0000: 1492.660: [GC [PSYoungGen: 224608K->876K(219264K)] 513132K->289472K(906240K), 0.0055640 secs] [Times: user=0.04 sys=0.00, real=0.00 secs] 
2014-07-16T03:59:04.369+0000: 1493.458: [GC [PSYoungGen: 219244K->1004K(214400K)] 507840K->289664K(901376K), 0.0073160 secs] [Times: user=0.05 sys=0.00, real=0.00 secs] 
2014-07-16T03:59:05.160+0000: 1494.248: [GC [PSYoungGen: 214380K->1538K(210176K)] 503040K->290270K(897152K), 0.0076600 secs] [Times: user=0.05 sys=0.00, real=0.00 secs] 
2014-07-16T03:59:05.907+0000: 1494.995: [GC [PSYoungGen: 210114K->1008K(204992K)] 498846K->289788K(891968K), 0.0089940 secs] [Times: user=0.04 sys=0.00, real=0.01 secs] 
2014-07-16T03:59:06.688+0000: 1495.776: [GC [PSYoungGen: 204976K->1132K(200640K)] 493756K->290050K(887616K), 0.0034100 secs] [Times: user=0.02 sys=0.00, real=0.01 secs] 
2014-07-16T03:59:07.393+0000: 1496.481: [GC [PSYoungGen: 200620K->1254K(196480K)] 489538K->290212K(883456K), 0.0049620 secs] [Times: user=0.02 sys=0.00, real=0.00 secs] 
2014-07-16T03:59:08.081+0000: 1497.169: [GC [PSYoungGen: 196445K->1184K(192256K)] 485404K->290485K(879232K), 0.0040590 secs] [Times: user=0.02 sys=0.01, real=0.00 secs] 
2014-07-16T03:59:08.788+0000: 1497.877: [GC [PSYoungGen: 192208K->1208K(188224K)] 481508K->290573K(875200K), 0.0035640 secs] [Times: user=0.02 sys=0.00, real=0.01 secs] 
2014-07-16T03:59:09.488+0000: 1498.576: [GC [PSYoungGen: 188202K->798K(183936K)] 477567K->290202K(870912K), 0.0087660 secs] [Times: user=0.05 sys=0.00, real=0.01 secs] 
2014-07-16T03:59:10.160+0000: 1499.248: [GC [PSYoungGen: 183902K->944K(180288K)] 473306K->290404K(867264K), 0.0065340 secs] [Times: user=0.05 sys=0.00, real=0.00 secs] 
2014-07-16T03:59:10.805+0000: 1499.893: [GC [PSYoungGen: 180258K->1682K(177408K)] 469719K->291223K(864384K), 0.0079910 secs] [Times: user=0.04 sys=0.00, real=0.01 secs] 
2014-07-16T03:59:11.448+0000: 1500.536: [GC [PSYoungGen: 177359K->1090K(173312K)] 466900K->290670K(860288K), 0.0044450 secs] [Times: user=0.02 sys=0.01, real=0.01 secs] 
2014-07-16T03:59:12.079+0000: 1501.167: [GC [PSYoungGen: 173250K->612K(169408K)] 462830K->290240K(856384K), 0.0044170 secs] [Times: user=0.02 sys=0.00, real=0.01 secs] 
2014-07-16T03:59:12.693+0000: 1501.781: [GC [PSYoungGen: 169350K->1376K(166848K)] 458979K->291069K(853824K), 0.0085510 secs] [Times: user=0.05 sys=0.00, real=0.01 secs] 
2014-07-16T03:59:13.336+0000: 1502.424: [GC [PSYoungGen: 166816K->964K(199552K)] 456509K->290720K(886528K), 0.0091000 secs] [Times: user=0.05 sys=0.01, real=0.01 secs] 
2014-07-16T03:59:14.048+0000: 1503.136: [GC [PSYoungGen: 199492K->1706K(240000K)] 489248K->291502K(926976K), 0.0106960 secs] [Times: user=0.06 sys=0.00, real=0.01 secs] 
2014-07-16T03:59:14.920+0000: 1504.008: [GC [PSYoungGen: 239978K->994K(233600K)] 529774K->290895K(920576K), 0.0030510 secs] [Times: user=0.01 sys=0.00, real=0.01 secs] 
2014-07-16T03:59:15.762+0000: 1504.851: [GC [PSYoungGen: 233570K->576K(227648K)] 523471K->290548K(914624K), 0.0050430 secs] [Times: user=0.02 sys=0.00, real=0.00 secs] 
2014-07-16T03:59:16.601+0000: 1505.689: [GC [PSYoungGen: 227581K->1240K(223040K)] 517553K->291285K(910016K), 0.0068270 secs] [Times: user=0.04 sys=0.00, real=0.01 secs] 
2014-07-16T03:59:17.433+0000: 1506.522: [GC [PSYoungGen: 222910K->854K(217536K)] 512954K->290986K(904512K), 0.0052670 secs] [Times: user=0.03 sys=0.00, real=0.00 secs] 
2014-07-16T03:59:18.231+0000: 1507.319: [GC [PSYoungGen: 217494K->858K(212608K)] 507626K->291038K(899584K), 0.0061100 secs] [Times: user=0.02 sys=0.00, real=0.00 secs] 
2014-07-16T03:59:19.021+0000: 1508.109: [GC [PSYoungGen: 212568K->854K(207872K)] 502749K->291114K(894848K), 0.0063320 secs] [Times: user=0.04 sys=0.00, real=0.00 secs] 
2014-07-16T03:59:19.763+0000: 1508.851: [GC [PSYoungGen: 207794K->1036K(203456K)] 498054K->291376K(890432K), 0.0060330 secs] [Times: user=0.04 sys=0.00, real=0.00 secs] 
2014-07-16T03:59:20.493+0000: 1509.581: [GC [PSYoungGen: 203404K->1312K(199296K)] 493744K->291693K(886272K), 0.0041230 secs] [Times: user=0.02 sys=0.00, real=0.00 secs] 
2014-07-16T03:59:21.212+0000: 1510.300: [GC [PSYoungGen: 199264K->1004K(194688K)] 489645K->291488K(881664K), 0.0041320 secs] [Times: user=0.03 sys=0.00, real=0.00 secs] 
2014-07-16T03:59:21.935+0000: 1511.023: [GC [PSYoungGen: 194636K->1312K(190912K)] 485121K->291853K(877888K), 0.0041490 secs] [Times: user=0.02 sys=0.00, real=0.00 secs] 
2014-07-16T03:59:22.621+0000: 1511.709: [GC [PSYoungGen: 190880K->1104K(186752K)] 481421K->291767K(873728K), 0.0100210 secs] [Times: user=0.07 sys=0.00, real=0.01 secs] 
2014-07-16T03:59:23.297+0000: 1512.385: [GC [PSYoungGen: 186704K->872K(182656K)] 477367K->291590K(869632K), 0.0042440 secs] [Times: user=0.01 sys=0.00, real=0.00 secs] 
2014-07-16T03:59:23.950+0000: 1513.039: [GC [PSYoungGen: 182630K->1440K(179520K)] 473349K->292405K(866496K), 0.0091930 secs] [Times: user=0.06 sys=0.00, real=0.01 secs] 
2014-07-16T03:59:24.596+0000: 1513.684: [GC [PSYoungGen: 179488K->758K(175232K)] 470453K->291794K(862208K), 0.0059770 secs] [Times: user=0.03 sys=0.00, real=0.01 secs] 
2014-07-16T03:59:25.247+0000: 1514.335: [GC [PSYoungGen: 175222K->1518K(172480K)] 466258K->292727K(859456K), 0.0080330 secs] [Times: user=0.03 sys=0.01, real=0.01 secs] 
2014-07-16T03:59:25.856+0000: 1514.945: [GC [PSYoungGen: 172415K->840K(206080K)] 463624K->292144K(893056K), 0.0073390 secs] [Times: user=0.05 sys=0.00, real=0.01 secs] 
2014-07-16T03:59:26.612+0000: 1515.701: [GC [PSYoungGen: 205987K->708K(247040K)] 497292K->292076K(934016K), 0.0080330 secs] [Times: user=0.04 sys=0.00, real=0.00 secs] 
2014-07-16T03:59:27.518+0000: 1516.606: [GC [PSYoungGen: 246980K->1272K(265408K)] 538348K->292697K(952384K), 0.0087700 secs] [Times: user=0.05 sys=0.00, real=0.01 secs] 
2014-07-16T03:59:28.519+0000: 1517.608: [GC [PSYoungGen: 264696K->1542K(258368K)] 556121K->292999K(945344K), 0.0054600 secs] [Times: user=0.02 sys=0.00, real=0.01 secs] 
2014-07-16T03:59:29.433+0000: 1518.521: [GC [PSYoungGen: 258305K->958K(251328K)] 549762K->292479K(938304K), 0.0040590 secs] [Times: user=0.02 sys=0.01, real=0.01 secs] 
2014-07-16T03:59:30.338+0000: 1519.427: [GC [PSYoungGen: 251263K->1322K(245568K)] 542784K->292907K(932544K), 0.0062690 secs] [Times: user=0.03 sys=0.00, real=0.01 secs] 
2014-07-16T03:59:31.219+0000: 1520.307: [GC [PSYoungGen: 245546K->872K(239232K)] 537131K->292544K(926208K), 0.0031500 secs] [Times: user=0.01 sys=0.00, real=0.00 secs] 
2014-07-16T03:59:32.115+0000: 1521.203: [GC [PSYoungGen: 239208K->1784K(234432K)] 530880K->293537K(921408K), 0.0083940 secs] [Times: user=0.05 sys=0.01, real=0.01 secs] 
2014-07-16T03:59:32.990+0000: 1522.079: [GC [PSYoungGen: 234424K->894K(228032K)] 526177K->292679K(915008K), 0.0096150 secs] [Times: user=0.06 sys=0.00, real=0.01 secs] 
2014-07-16T03:59:33.911+0000: 1522.999: [GC [PSYoungGen: 228030K->1268K(223104K)] 519815K->293117K(910080K), 0.0053320 secs] [Times: user=0.03 sys=0.00, real=0.01 secs] 
2014-07-16T03:59:34.701+0000: 1523.790: [GC [PSYoungGen: 223083K->862K(217600K)] 514932K->292751K(904576K), 0.0099100 secs] [Times: user=0.06 sys=0.01, real=0.01 secs] 
2014-07-16T03:59:35.523+0000: 1524.611: [GC [PSYoungGen: 217566K->658K(212480K)] 509455K->292618K(899456K), 0.0068210 secs] [Times: user=0.04 sys=0.00, real=0.01 secs] 
2014-07-16T03:59:36.328+0000: 1525.416: [GC [PSYoungGen: 212434K->1126K(208192K)] 504394K->293151K(895168K), 0.0062410 secs] [Times: user=0.03 sys=0.01, real=0.01 secs] 
2014-07-16T03:59:37.096+0000: 1526.184: [GC [PSYoungGen: 208166K->944K(203392K)] 500191K->293017K(890368K), 0.0080320 secs] [Times: user=0.05 sys=0.00, real=0.01 secs] 
2014-07-16T03:59:37.845+0000: 1526.933: [GC [PSYoungGen: 203376K->1144K(199168K)] 495449K->293241K(886144K), 0.0059430 secs] [Times: user=0.01 sys=0.00, real=0.00 secs] 
2014-07-16T03:59:38.623+0000: 1527.712: [GC [PSYoungGen: 199160K->1314K(195072K)] 491257K->293499K(882048K), 0.0041500 secs] [Times: user=0.02 sys=0.00, real=0.01 secs] 
2014-07-16T03:59:39.406+0000: 1528.494: [GC [PSYoungGen: 195042K->908K(190592K)] 487227K->293149K(877568K), 0.0035130 secs] [Times: user=0.02 sys=0.00, real=0.00 secs] 
2014-07-16T03:59:40.104+0000: 1529.192: [GC [PSYoungGen: 190540K->990K(186688K)] 482781K->293295K(873664K), 0.0068640 secs] [Times: user=0.03 sys=0.00, real=0.01 secs] 
2014-07-16T03:59:40.806+0000: 1529.894: [GC [PSYoungGen: 186654K->926K(223808K)] 478959K->293263K(910784K), 0.0141140 secs] [Times: user=0.09 sys=0.00, real=0.01 secs] 
2014-07-16T03:59:41.625+0000: 1530.713: [GC [PSYoungGen: 223735K->1482K(268992K)] 516072K->293891K(955968K), 0.0134910 secs] [Times: user=0.08 sys=0.00, real=0.02 secs] 
2014-07-16T03:59:42.627+0000: 1531.716: [GC [PSYoungGen: 268938K->894K(284160K)] 561347K->293367K(971136K), 0.0071360 secs] [Times: user=0.04 sys=0.00, real=0.00 secs] 
2014-07-16T03:59:43.726+0000: 1532.814: [GC [PSYoungGen: 283245K->1296K(276352K)] 575718K->293841K(963328K), 0.0059960 secs] [Times: user=0.04 sys=0.00, real=0.00 secs] 
2014-07-16T03:59:44.714+0000: 1533.802: [GC [PSYoungGen: 276304K->726K(268736K)] 568849K->293318K(955712K), 0.0087680 secs] [Times: user=0.05 sys=0.01, real=0.01 secs] 
2014-07-16T03:59:45.706+0000: 1534.794: [GC [PSYoungGen: 268694K->890K(262080K)] 561286K->293571K(949056K), 0.0050110 secs] [Times: user=0.02 sys=0.00, real=0.00 secs] 
2014-07-16T03:59:46.668+0000: 1535.756: [GC [PSYoungGen: 262074K->840K(255552K)] 554755K->293584K(942528K), 0.0046580 secs] [Times: user=0.02 sys=0.00, real=0.00 secs] 
2014-07-16T03:59:47.586+0000: 1536.675: [GC [PSYoungGen: 255496K->716K(249152K)] 548240K->293493K(936128K), 0.0047160 secs] [Times: user=0.01 sys=0.00, real=0.00 secs] 
2014-07-16T03:59:48.509+0000: 1537.597: [GC [PSYoungGen: 249100K->804K(243136K)] 541877K->293660K(930112K), 0.0112830 secs] [Times: user=0.06 sys=0.00, real=0.01 secs] 
2014-07-16T03:59:49.411+0000: 1538.499: [GC [PSYoungGen: 243108K->1336K(237824K)] 535964K->294265K(924800K), 0.0067150 secs] [Times: user=0.03 sys=0.00, real=0.01 secs] 
2014-07-16T03:59:50.262+0000: 1539.350: [GC [PSYoungGen: 237816K->822K(231680K)] 530745K->293838K(918656K), 0.0083740 secs] [Times: user=0.05 sys=0.01, real=0.01 secs] 
2014-07-16T03:59:51.114+0000: 1540.202: [GC [PSYoungGen: 231670K->594K(226048K)] 524686K->293674K(913024K), 0.0036260 secs] [Times: user=0.01 sys=0.01, real=0.01 secs] 
2014-07-16T03:59:51.922+0000: 1541.010: [GC [PSYoungGen: 226002K->726K(220928K)] 519082K->293878K(907904K), 0.0070600 secs] [Times: user=0.05 sys=0.00, real=0.01 secs] 
2014-07-16T03:59:52.736+0000: 1541.825: [GC [PSYoungGen: 220886K->726K(215872K)] 514038K->293966K(902848K), 0.0069690 secs] [Times: user=0.05 sys=0.00, real=0.00 secs] 
2014-07-16T03:59:53.519+0000: 1542.607: [GC [PSYoungGen: 215805K->1240K(211520K)] 509046K->294561K(898496K), 0.0075440 secs] [Times: user=0.05 sys=0.00, real=0.01 secs] 
2014-07-16T03:59:54.287+0000: 1543.375: [GC [PSYoungGen: 211437K->1066K(206656K)] 504757K->294411K(893632K), 0.0056010 secs] [Times: user=0.01 sys=0.00, real=0.00 secs] 
2014-07-16T03:59:55.041+0000: 1544.129: [GC [PSYoungGen: 206602K->1510K(202560K)] 499947K->294943K(889536K), 0.0060680 secs] [Times: user=0.02 sys=0.00, real=0.00 secs] 
2014-07-16T03:59:55.782+0000: 1544.870: [GC [PSYoungGen: 202471K->740K(197440K)] 495903K->294334K(884416K), 0.0064270 secs] [Times: user=0.04 sys=0.00, real=0.01 secs] 
2014-07-16T03:59:56.488+0000: 1545.576: [GC [PSYoungGen: 197375K->776K(193280K)] 490970K->294411K(880256K), 0.0105820 secs] [Times: user=0.06 sys=0.00, real=0.01 secs] 
2014-07-16T03:59:57.184+0000: 1546.272: [GC [PSYoungGen: 193224K->612K(188992K)] 486859K->294368K(875968K), 0.0049150 secs] [Times: user=0.03 sys=0.00, real=0.01 secs] 
2014-07-16T03:59:57.869+0000: 1546.957: [GC [PSYoungGen: 188964K->858K(226944K)] 482720K->294679K(913920K), 0.0115610 secs] [Times: user=0.08 sys=0.00, real=0.01 secs] 
2014-07-16T03:59:58.748+0000: 1547.836: [GC [PSYoungGen: 226895K->1646K(272960K)] 520716K->295581K(959936K), 0.0089420 secs] [Times: user=0.06 sys=0.00, real=0.00 secs] 
2014-07-16T03:59:59.710+0000: 1548.798: [GC [PSYoungGen: 272942K->1414K(309696K)] 566877K->295397K(996672K), 0.0104210 secs] [Times: user=0.06 sys=0.00, real=0.01 secs] 
2014-07-16T04:00:00.814+0000: 1549.902: [GC [PSYoungGen: 309254K->480K(300032K)] 603237K->294542K(987008K), 0.0053770 secs] [Times: user=0.03 sys=0.00, real=0.01 secs] 
2014-07-16T04:00:01.929+0000: 1551.018: [GC [PSYoungGen: 299979K->872K(292416K)] 594042K->295039K(979392K), 0.0036130 secs] [Times: user=0.02 sys=0.00, real=0.00 secs] 
2014-07-16T04:00:02.988+0000: 1552.076: [GC [PSYoungGen: 292392K->1032K(284928K)] 586559K->295263K(971904K), 0.0038340 secs] [Times: user=0.02 sys=0.01, real=0.01 secs] 
2014-07-16T04:00:04.025+0000: 1553.113: [GC [PSYoungGen: 284860K->844K(277312K)] 579091K->295155K(964288K), 0.0079010 secs] [Times: user=0.05 sys=0.00, real=0.01 secs] 
2014-07-16T04:00:05.039+0000: 1554.127: [GC [PSYoungGen: 277260K->768K(270080K)] 571571K->295166K(957056K), 0.0073350 secs] [Times: user=0.04 sys=0.01, real=0.00 secs] 
2014-07-16T04:00:06.051+0000: 1555.139: [GC [PSYoungGen: 270080K->1500K(264000K)] 564478K->295963K(950976K), 0.0140310 secs] [Times: user=0.07 sys=0.00, real=0.01 secs] 
2014-07-16T04:00:07.032+0000: 1556.120: [GC [PSYoungGen: 263964K->658K(256576K)] 558427K->295176K(943552K), 0.0064430 secs] [Times: user=0.04 sys=0.00, real=0.00 secs] 
2014-07-16T04:00:07.982+0000: 1557.070: [GC [PSYoungGen: 256530K->944K(250496K)] 551048K->295535K(937472K), 0.0061040 secs] [Times: user=0.04 sys=0.00, real=0.00 secs] 
2014-07-16T04:00:08.921+0000: 1558.009: [GC [PSYoungGen: 250480K->964K(244480K)] 545071K->295650K(931456K), 0.0060100 secs] [Times: user=0.04 sys=0.00, real=0.00 secs] 
2014-07-16T04:00:09.859+0000: 1558.947: [GC [PSYoungGen: 244420K->1026K(238656K)] 539106K->295745K(925632K), 0.0053210 secs] [Times: user=0.01 sys=0.01, real=0.01 secs] 
2014-07-16T04:00:10.771+0000: 1559.860: [GC [PSYoungGen: 238594K->1272K(233152K)] 533313K->296047K(920128K), 0.0105380 secs] [Times: user=0.05 sys=0.00, real=0.01 secs] 
2014-07-16T04:00:11.635+0000: 1560.723: [GC [PSYoungGen: 233128K->958K(279232K)] 527902K->295773K(966208K), 0.0154200 secs] [Times: user=0.09 sys=0.00, real=0.02 secs] 
2014-07-16T04:00:12.651+0000: 1561.739: [GC [PSYoungGen: 279225K->758K(271872K)] 574040K->295645K(958848K), 0.0080180 secs] [Times: user=0.05 sys=0.00, real=0.00 secs] 
2014-07-16T04:00:13.630+0000: 1562.719: [GC [PSYoungGen: 271862K->826K(265024K)] 566749K->295769K(952000K), 0.0069140 secs] [Times: user=0.03 sys=0.00, real=0.00 secs] 
2014-07-16T04:00:14.637+0000: 1563.725: [GC [PSYoungGen: 264951K->1126K(258688K)] 559894K->296125K(945664K), 0.0096280 secs] [Times: user=0.05 sys=0.00, real=0.01 secs] 
2014-07-16T04:00:15.604+0000: 1564.693: [GC [PSYoungGen: 258662K->1004K(252160K)] 553661K->296059K(939136K), 0.0072140 secs] [Times: user=0.03 sys=0.00, real=0.01 secs] 
2014-07-16T04:00:16.539+0000: 1565.627: [GC [PSYoungGen: 252138K->480K(245504K)] 547193K->295614K(932480K), 0.0053890 secs] [Times: user=0.03 sys=0.01, real=0.01 secs] 
2014-07-16T04:00:17.432+0000: 1566.520: [GC [PSYoungGen: 245472K->1132K(240192K)] 540606K->296331K(927168K), 0.0050020 secs] [Times: user=0.02 sys=0.00, real=0.00 secs] 
2014-07-16T04:00:18.306+0000: 1567.394: [GC [PSYoungGen: 240157K->1354K(234752K)] 535356K->296641K(921728K), 0.0072270 secs] [Times: user=0.04 sys=0.01, real=0.01 secs] 
2014-07-16T04:00:19.172+0000: 1568.260: [GC [PSYoungGen: 234675K->858K(228736K)] 529962K->296201K(915712K), 0.0063310 secs] [Times: user=0.04 sys=0.00, real=0.00 secs] 
2014-07-16T04:00:20.018+0000: 1569.106: [GC [PSYoungGen: 228698K->1086K(223616K)] 524041K->297157K(910592K), 0.0046240 secs] [Times: user=0.03 sys=0.00, real=0.01 secs] 
2014-07-16T04:00:20.839+0000: 1569.927: [GC [PSYoungGen: 223606K->786K(218240K)] 519677K->296929K(905216K), 0.0040840 secs] [Times: user=0.02 sys=0.00, real=0.01 secs] 
2014-07-16T04:00:21.627+0000: 1570.715: [GC [PSYoungGen: 218194K->754K(213248K)] 514337K->297009K(900224K), 0.0065900 secs] [Times: user=0.04 sys=0.00, real=0.01 secs] 
2014-07-16T04:00:22.396+0000: 1571.484: [GC [PSYoungGen: 213234K->836K(208576K)] 509489K->297163K(895552K), 0.0054070 secs] [Times: user=0.03 sys=0.00, real=0.01 secs] 
2014-07-16T04:00:23.152+0000: 1572.241: [GC [PSYoungGen: 208514K->726K(203840K)] 504841K->297109K(890816K), 0.0042530 secs] [Times: user=0.02 sys=0.01, real=0.00 secs] 
2014-07-16T04:00:23.920+0000: 1573.009: [GC [PSYoungGen: 203798K->1706K(200384K)] 500181K->298225K(887360K), 0.0055020 secs] [Times: user=0.04 sys=0.00, real=0.01 secs] 
2014-07-16T04:00:24.633+0000: 1573.721: [GC [PSYoungGen: 200362K->1004K(195392K)] 496881K->297725K(882368K), 0.0038580 secs] [Times: user=0.02 sys=0.00, real=0.00 secs] 
2014-07-16T04:00:25.344+0000: 1574.432: [GC [PSYoungGen: 195341K->830K(191040K)] 492062K->297599K(878016K), 0.0043070 secs] [Times: user=0.03 sys=0.00, real=0.00 secs] 
2014-07-16T04:00:26.041+0000: 1575.129: [GC [PSYoungGen: 191010K->1154K(187392K)] 487779K->297979K(874368K), 0.0082490 secs] [Times: user=0.05 sys=0.01, real=0.00 secs] 
2014-07-16T04:00:26.715+0000: 1575.804: [GC [PSYoungGen: 187317K->862K(183168K)] 484142K->297767K(870144K), 0.0057090 secs] [Times: user=0.04 sys=0.00, real=0.00 secs] 
2014-07-16T04:00:27.380+0000: 1576.468: [GC [PSYoungGen: 183128K->1108K(179712K)] 480033K->298101K(866688K), 0.0034520 secs] [Times: user=0.02 sys=0.01, real=0.01 secs] 
2014-07-16T04:00:28.028+0000: 1577.116: [GC [PSYoungGen: 179668K->1262K(176192K)] 476661K->298311K(863168K), 0.0074090 secs] [Times: user=0.05 sys=0.00, real=0.01 secs] 
2014-07-16T04:00:28.676+0000: 1577.764: [GC [PSYoungGen: 176174K->1054K(172480K)] 473223K->298183K(859456K), 0.0054370 secs] [Times: user=0.03 sys=0.00, real=0.00 secs] 
2014-07-16T04:00:29.308+0000: 1578.397: [GC [PSYoungGen: 172446K->1368K(169408K)] 469575K->298585K(856384K), 0.0070500 secs] [Times: user=0.04 sys=0.00, real=0.01 secs] 
2014-07-16T04:00:29.919+0000: 1579.007: [GC [PSYoungGen: 169368K->880K(165632K)] 466585K->298153K(852608K), 0.0048600 secs] [Times: user=0.02 sys=0.00, real=0.01 secs] 
2014-07-16T04:00:30.525+0000: 1579.613: [GC [PSYoungGen: 165616K->1268K(162816K)] 462889K->298629K(849792K), 0.0085100 secs] [Times: user=0.05 sys=0.00, real=0.01 secs] 
2014-07-16T04:00:31.125+0000: 1580.213: [GC [PSYoungGen: 162804K->940K(194816K)] 460165K->298365K(881792K), 0.0071280 secs] [Times: user=0.05 sys=0.00, real=0.00 secs] 
2014-07-16T04:00:31.829+0000: 1580.917: [GC [PSYoungGen: 194796K->836K(233536K)] 492221K->298309K(920512K), 0.0083880 secs] [Times: user=0.04 sys=0.01, real=0.01 secs] 
2014-07-16T04:00:32.702+0000: 1581.790: [GC [PSYoungGen: 233476K->950K(280128K)] 530949K->298463K(967104K), 0.0158500 secs] [Times: user=0.09 sys=0.01, real=0.02 secs] 
2014-07-16T04:00:33.711+0000: 1582.799: [GC [PSYoungGen: 280118K->1060K(300480K)] 577631K->298661K(987456K), 0.0067300 secs] [Times: user=0.04 sys=0.00, real=0.01 secs] 
2014-07-16T04:00:34.874+0000: 1583.962: [GC [PSYoungGen: 299876K->1532K(292352K)] 597477K->299213K(979328K), 0.0042310 secs] [Times: user=0.02 sys=0.00, real=0.00 secs] 
2014-07-16T04:00:35.961+0000: 1585.049: [GC [PSYoungGen: 292348K->862K(284032K)] 590029K->298599K(971008K), 0.0033970 secs] [Times: user=0.02 sys=0.00, real=0.01 secs] 
2014-07-16T04:00:37.017+0000: 1586.105: [GC [PSYoungGen: 283953K->1040K(276864K)] 581690K->298841K(963840K), 0.0072310 secs] [Times: user=0.05 sys=0.01, real=0.01 secs] 
2014-07-16T04:00:38.045+0000: 1587.134: [GC [PSYoungGen: 276816K->954K(269632K)] 574617K->298819K(956608K), 0.0075270 secs] [Times: user=0.05 sys=0.00, real=0.00 secs] 
2014-07-16T04:00:39.163+0000: 1588.251: [GC [PSYoungGen: 269581K->876K(262720K)] 567446K->298805K(949696K), 0.0039210 secs] [Times: user=0.01 sys=0.00, real=0.01 secs] 
2014-07-16T04:00:40.124+0000: 1589.213: [GC [PSYoungGen: 262700K->1528K(256768K)] 560629K->299537K(943744K), 0.0128360 secs] [Times: user=0.08 sys=0.00, real=0.01 secs] 
2014-07-16T04:00:41.046+0000: 1590.134: [GC [PSYoungGen: 256760K->826K(249728K)] 554769K->299023K(936704K), 0.0041880 secs] [Times: user=0.02 sys=0.00, real=0.00 secs] 
2014-07-16T04:00:41.950+0000: 1591.038: [GC [PSYoungGen: 249713K->480K(243328K)] 547910K->298717K(930304K), 0.0073250 secs] [Times: user=0.05 sys=0.00, real=0.01 secs] 
2014-07-16T04:00:42.825+0000: 1591.913: [GC [PSYoungGen: 243296K->1090K(238080K)] 541533K->299415K(925056K), 0.0059100 secs] [Times: user=0.04 sys=0.00, real=0.00 secs] 
2014-07-16T04:00:43.687+0000: 1592.776: [GC [PSYoungGen: 238018K->1036K(232384K)] 536343K->299449K(919360K), 0.0070250 secs] [Times: user=0.05 sys=0.00, real=0.01 secs] 
2014-07-16T04:00:44.542+0000: 1593.630: [GC [PSYoungGen: 232239K->1130K(227008K)] 530652K->299591K(913984K), 0.0054410 secs] [Times: user=0.03 sys=0.01, real=0.01 secs] 
2014-07-16T04:00:45.376+0000: 1594.465: [GC [PSYoungGen: 226986K->1126K(221760K)] 525447K->299683K(908736K), 0.0070050 secs] [Times: user=0.04 sys=0.00, real=0.00 secs] 
2014-07-16T04:00:46.173+0000: 1595.261: [GC [PSYoungGen: 221721K->948K(216512K)] 520278K->299849K(903488K), 0.0055970 secs] [Times: user=0.04 sys=0.00, real=0.01 secs] 
2014-07-16T04:00:46.964+0000: 1596.052: [GC [PSYoungGen: 216500K->754K(211456K)] 515401K->299775K(898432K), 0.0034420 secs] [Times: user=0.02 sys=0.00, real=0.01 secs] 
2014-07-16T04:00:47.739+0000: 1596.827: [GC [PSYoungGen: 211442K->840K(206848K)] 510463K->299941K(893824K), 0.0056000 secs] [Times: user=0.03 sys=0.00, real=0.00 secs] 
2014-07-16T04:00:48.516+0000: 1597.604: [GC [PSYoungGen: 206782K->1072K(202496K)] 505883K->300237K(889472K), 0.0090810 secs] [Times: user=0.06 sys=0.00, real=0.01 secs] 
2014-07-16T04:00:49.305+0000: 1598.393: [GC [PSYoungGen: 202475K->1262K(198272K)] 501640K->300913K(885248K), 0.0074880 secs] [Times: user=0.05 sys=0.00, real=0.01 secs] 
2014-07-16T04:00:50.039+0000: 1599.127: [GC [PSYoungGen: 198254K->1368K(194176K)] 497905K->301099K(881152K), 0.0081750 secs] [Times: user=0.05 sys=0.00, real=0.01 secs] 
2014-07-16T04:00:50.756+0000: 1599.844: [GC [PSYoungGen: 194123K->858K(189568K)] 493855K->300779K(876544K), 0.0087040 secs] [Times: user=0.05 sys=0.00, real=0.00 secs] 
2014-07-16T04:00:51.485+0000: 1600.574: [GC [PSYoungGen: 189529K->1082K(185792K)] 489451K->301115K(872768K), 0.0066930 secs] [Times: user=0.04 sys=0.00, real=0.00 secs] 
2014-07-16T04:00:52.201+0000: 1601.289: [GC [PSYoungGen: 185786K->972K(181888K)] 485819K->301077K(868864K), 0.0073400 secs] [Times: user=0.05 sys=0.00, real=0.01 secs] 
2014-07-16T04:00:52.886+0000: 1601.974: [GC [PSYoungGen: 181836K->940K(178112K)] 481941K->301117K(865088K), 0.0069700 secs] [Times: user=0.05 sys=0.00, real=0.01 secs] 
2014-07-16T04:00:53.537+0000: 1602.625: [GC [PSYoungGen: 178073K->908K(174528K)] 478250K->301165K(861504K), 0.0049470 secs] [Times: user=0.03 sys=0.00, real=0.00 secs] 
2014-07-16T04:00:54.290+0000: 1603.378: [GC [PSYoungGen: 174476K->1174K(171328K)] 474733K->301503K(858304K), 0.0059410 secs] [Times: user=0.03 sys=0.00, real=0.01 secs] 
2014-07-16T04:00:54.917+0000: 1604.005: [GC [PSYoungGen: 171240K->1186K(205376K)] 471569K->301579K(892352K), 0.0099010 secs] [Times: user=0.06 sys=0.00, real=0.01 secs] 
2014-07-16T04:00:55.670+0000: 1604.758: [GC [PSYoungGen: 205346K->1036K(200768K)] 505739K->301509K(887744K), 0.0058580 secs] [Times: user=0.03 sys=0.00, real=0.01 secs] 
2014-07-16T04:00:56.411+0000: 1605.499: [GC [PSYoungGen: 200666K->772K(196160K)] 501139K->301325K(883136K), 0.0059100 secs] [Times: user=0.04 sys=0.00, real=0.01 secs] 
2014-07-16T04:00:57.111+0000: 1606.199: [GC [PSYoungGen: 196100K->1068K(192256K)] 496653K->301685K(879232K), 0.0050730 secs] [Times: user=0.02 sys=0.01, real=0.01 secs] 
2014-07-16T04:00:57.802+0000: 1606.890: [GC [PSYoungGen: 192236K->1040K(188224K)] 492853K->301729K(875200K), 0.0074870 secs] [Times: user=0.05 sys=0.01, real=0.01 secs] 
2014-07-16T04:00:58.478+0000: 1607.567: [GC [PSYoungGen: 188176K->730K(184000K)] 488865K->301467K(870976K), 0.0039190 secs] [Times: user=0.02 sys=0.00, real=0.00 secs] 
2014-07-16T04:00:59.135+0000: 1608.224: [GC [PSYoungGen: 183962K->976K(180480K)] 484699K->301785K(867456K), 0.0087600 secs] [Times: user=0.05 sys=0.01, real=0.01 secs] 
2014-07-16T04:00:59.817+0000: 1608.905: [GC [PSYoungGen: 180432K->626K(216000K)] 481241K->301499K(902976K), 0.0116890 secs] [Times: user=0.08 sys=0.00, real=0.01 secs] 
2014-07-16T04:01:00.618+0000: 1609.706: [GC [PSYoungGen: 215986K->694K(211200K)] 516859K->301623K(898176K), 0.0040400 secs] [Times: user=0.01 sys=0.00, real=0.00 secs] 
2014-07-16T04:01:01.397+0000: 1610.485: [GC [PSYoungGen: 211190K->1442K(207296K)] 512119K->302651K(894272K), 0.0063350 secs] [Times: user=0.04 sys=0.00, real=0.00 secs] 
2014-07-16T04:01:02.147+0000: 1611.235: [GC [PSYoungGen: 207265K->826K(247872K)] 508474K->302237K(934848K), 0.0133610 secs] [Times: user=0.08 sys=0.00, real=0.01 secs] 
2014-07-16T04:01:03.047+0000: 1612.135: [GC [PSYoungGen: 247819K->1312K(242368K)] 549230K->302779K(929344K), 0.0034270 secs] [Times: user=0.02 sys=0.00, real=0.01 secs] 
2014-07-16T04:01:03.934+0000: 1613.022: [GC [PSYoungGen: 242317K->976K(236288K)] 543784K->302573K(923264K), 0.0060340 secs] [Times: user=0.03 sys=0.00, real=0.01 secs] 
2014-07-16T04:01:04.848+0000: 1613.936: [GC [PSYoungGen: 236240K->812K(230528K)] 537837K->302457K(917504K), 0.0092260 secs] [Times: user=0.06 sys=0.00, real=0.01 secs] 
2014-07-16T04:01:05.680+0000: 1614.768: [GC [PSYoungGen: 230508K->698K(225024K)] 532153K->302391K(912000K), 0.0087170 secs] [Times: user=0.05 sys=0.00, real=0.01 secs] 
2014-07-16T04:01:06.506+0000: 1615.594: [GC [PSYoungGen: 225018K->976K(220160K)] 526711K->302725K(907136K), 0.0086700 secs] [Times: user=0.04 sys=0.01, real=0.01 secs] 
2014-07-16T04:01:07.302+0000: 1616.390: [GC [PSYoungGen: 220112K->1222K(215424K)] 521861K->303059K(902400K), 0.0065660 secs] [Times: user=0.04 sys=0.00, real=0.01 secs] 
2014-07-16T04:01:08.082+0000: 1617.170: [GC [PSYoungGen: 215338K->1526K(210880K)] 517175K->303485K(897856K), 0.0045580 secs] [Times: user=0.02 sys=0.00, real=0.00 secs] 
2014-07-16T04:01:08.841+0000: 1617.929: [GC [PSYoungGen: 210842K->310K(204992K)] 512801K->303004K(891968K), 0.0032020 secs] [Times: user=0.01 sys=0.00, real=0.00 secs] 
2014-07-16T04:01:09.587+0000: 1618.675: [GC [PSYoungGen: 204982K->1554K(201792K)] 507676K->304288K(888768K), 0.0055560 secs] [Times: user=0.01 sys=0.01, real=0.01 secs] 
2014-07-16T04:01:10.342+0000: 1619.430: [GC [PSYoungGen: 201699K->1122K(196992K)] 504433K->304368K(883968K), 0.0141740 secs] [Times: user=0.09 sys=0.00, real=0.01 secs] 
2014-07-16T04:01:11.065+0000: 1620.153: [GC [PSYoungGen: 196962K->1226K(192896K)] 500208K->304536K(879872K), 0.0071400 secs] [Times: user=0.04 sys=0.00, real=0.01 secs] 
2014-07-16T04:01:11.767+0000: 1620.855: [GC [PSYoungGen: 192837K->1072K(188672K)] 496147K->304544K(875648K), 0.0038560 secs] [Times: user=0.02 sys=0.00, real=0.01 secs] 
2014-07-16T04:01:12.448+0000: 1621.536: [GC [PSYoungGen: 188656K->772K(184512K)] 492128K->304332K(871488K), 0.0072960 secs] [Times: user=0.04 sys=0.00, real=0.01 secs] 
2014-07-16T04:01:13.118+0000: 1622.206: [GC [PSYoungGen: 184444K->818K(180736K)] 488005K->304466K(867712K), 0.0074900 secs] [Times: user=0.05 sys=0.00, real=0.01 secs] 
2014-07-16T04:01:13.777+0000: 1622.865: [GC [PSYoungGen: 180722K->548K(216512K)] 484370K->304244K(903488K), 0.0106280 secs] [Times: user=0.06 sys=0.00, real=0.01 secs] 
2014-07-16T04:01:14.602+0000: 1623.690: [GC [PSYoungGen: 216484K->1218K(212352K)] 520180K->304994K(899328K), 0.0035240 secs] [Times: user=0.02 sys=0.00, real=0.00 secs] 
2014-07-16T04:01:15.346+0000: 1624.434: [GC [PSYoungGen: 212290K->1186K(207552K)] 516066K->305042K(894528K), 0.0060750 secs] [Times: user=0.04 sys=0.00, real=0.01 secs] 
2014-07-16T04:01:16.107+0000: 1625.196: [GC [PSYoungGen: 207485K->926K(202752K)] 511341K->304854K(889728K), 0.0053060 secs] [Times: user=0.03 sys=0.01, real=0.01 secs] 
2014-07-16T04:01:16.860+0000: 1625.948: [GC [PSYoungGen: 202718K->904K(198336K)] 506646K->304920K(885312K), 0.0034000 secs] [Times: user=0.02 sys=0.00, real=0.00 secs] 
2014-07-16T04:01:17.584+0000: 1626.672: [GC [PSYoungGen: 198280K->926K(194112K)] 502296K->304990K(881088K), 0.0040680 secs] [Times: user=0.02 sys=0.00, real=0.00 secs] 
2014-07-16T04:01:18.280+0000: 1627.368: [GC [PSYoungGen: 194078K->730K(189824K)] 498142K->304826K(876800K), 0.0089260 secs] [Times: user=0.05 sys=0.01, real=0.00 secs] 
2014-07-16T04:01:18.972+0000: 1628.060: [GC [PSYoungGen: 189786K->1522K(186624K)] 493882K->305948K(873600K), 0.0090210 secs] [Times: user=0.06 sys=0.00, real=0.01 secs] 
2014-07-16T04:01:19.661+0000: 1628.749: [GC [PSYoungGen: 186585K->1140K(182400K)] 491011K->305646K(869376K), 0.0041110 secs] [Times: user=0.02 sys=0.01, real=0.00 secs] 
2014-07-16T04:01:20.326+0000: 1629.414: [GC [PSYoungGen: 182372K->1076K(178624K)] 486878K->305746K(865600K), 0.0055090 secs] [Times: user=0.02 sys=0.00, real=0.01 secs] 
2014-07-16T04:01:20.969+0000: 1630.057: [GC [PSYoungGen: 178587K->794K(174784K)] 483258K->305536K(861760K), 0.0061080 secs] [Times: user=0.04 sys=0.00, real=0.01 secs] 
2014-07-16T04:01:21.600+0000: 1630.688: [GC [PSYoungGen: 174746K->1390K(171904K)] 479488K->306228K(858880K), 0.0051840 secs] [Times: user=0.03 sys=0.00, real=0.00 secs] 
2014-07-16T04:01:22.217+0000: 1631.306: [GC [PSYoungGen: 171886K->580K(167744K)] 476724K->305482K(854720K), 0.0056090 secs] [Times: user=0.03 sys=0.00, real=0.01 secs] 
2014-07-16T04:01:22.835+0000: 1631.923: [GC [PSYoungGen: 167684K->1108K(164992K)] 472586K->306074K(851968K), 0.0086710 secs] [Times: user=0.06 sys=0.00, real=0.01 secs] 
2014-07-16T04:01:23.420+0000: 1632.509: [GC [PSYoungGen: 164932K->1472K(162240K)] 469898K->306526K(849216K), 0.0063320 secs] [Times: user=0.04 sys=0.00, real=0.00 secs] 
2014-07-16T04:01:24.010+0000: 1633.098: [GC [PSYoungGen: 162176K->948K(158592K)] 467230K->306090K(845568K), 0.0058580 secs] [Times: user=0.04 sys=0.00, real=0.00 secs] 
2014-07-16T04:01:24.592+0000: 1633.680: [GC [PSYoungGen: 158580K->1190K(155904K)] 463722K->306412K(842880K), 0.0035250 secs] [Times: user=0.02 sys=0.00, real=0.00 secs] 
2014-07-16T04:01:25.130+0000: 1634.219: [GC [PSYoungGen: 155878K->772K(186496K)] 461100K->306106K(873472K), 0.0093920 secs] [Times: user=0.06 sys=0.00, real=0.01 secs] 
2014-07-16T04:01:25.804+0000: 1634.892: [GC [PSYoungGen: 186436K->968K(182848K)] 491770K->306382K(869824K), 0.0040500 secs] [Times: user=0.02 sys=0.00, real=0.00 secs] 
2014-07-16T04:01:26.475+0000: 1635.563: [GC [PSYoungGen: 182792K->840K(179008K)] 488206K->306342K(865984K), 0.0048530 secs] [Times: user=0.03 sys=0.00, real=0.00 secs] 
2014-07-16T04:01:27.133+0000: 1636.221: [GC [PSYoungGen: 178937K->958K(175488K)] 484440K->306516K(862464K), 0.0079710 secs] [Times: user=0.05 sys=0.00, real=0.00 secs] 
2014-07-16T04:01:27.786+0000: 1636.874: [GC [PSYoungGen: 175486K->1200K(210688K)] 481044K->306822K(897664K), 0.0105350 secs] [Times: user=0.06 sys=0.00, real=0.01 secs] 
2014-07-16T04:01:28.596+0000: 1637.685: [GC [PSYoungGen: 210672K->1646K(253056K)] 516294K->307348K(940032K), 0.0063310 secs] [Times: user=0.04 sys=0.00, real=0.01 secs] 
2014-07-16T04:01:29.562+0000: 1638.651: [GC [PSYoungGen: 253003K->502K(245760K)] 558706K->306470K(932736K), 0.0037410 secs] [Times: user=0.02 sys=0.00, real=0.00 secs] 
2014-07-16T04:01:30.450+0000: 1639.539: [GC [PSYoungGen: 245750K->1656K(240960K)] 551718K->307730K(927936K), 0.0035620 secs] [Times: user=0.02 sys=0.00, real=0.01 secs] 
2014-07-16T04:01:31.373+0000: 1640.461: [GC [PSYoungGen: 240952K->1200K(234752K)] 547026K->307878K(921728K), 0.0052940 secs] [Times: user=0.04 sys=0.00, real=0.00 secs] 
2014-07-16T04:01:32.223+0000: 1641.311: [GC [PSYoungGen: 234736K->940K(228992K)] 541414K->307690K(915968K), 0.0033560 secs] [Times: user=0.02 sys=0.01, real=0.00 secs] 
2014-07-16T04:01:33.059+0000: 1642.147: [GC [PSYoungGen: 228970K->1018K(223744K)] 535721K->307848K(910720K), 0.0048190 secs] [Times: user=0.02 sys=0.00, real=0.01 secs] 
2014-07-16T04:01:33.872+0000: 1642.961: [GC [PSYoungGen: 223738K->658K(218304K)] 530568K->307560K(905280K), 0.0048980 secs] [Times: user=0.02 sys=0.00, real=0.00 secs] 
2014-07-16T04:01:34.664+0000: 1643.752: [GC [PSYoungGen: 218258K->1068K(213760K)] 525160K->308034K(900736K), 0.0141230 secs] [Times: user=0.08 sys=0.00, real=0.01 secs] 
2014-07-16T04:01:35.428+0000: 1644.516: [GC [PSYoungGen: 213740K->644K(208576K)] 520706K->307674K(895552K), 0.0093410 secs] [Times: user=0.05 sys=0.00, real=0.01 secs] 
2014-07-16T04:01:36.172+0000: 1645.260: [GC [PSYoungGen: 208516K->954K(204224K)] 515546K->308072K(891200K), 0.0051740 secs] [Times: user=0.03 sys=0.00, real=0.00 secs] 
2014-07-16T04:01:36.909+0000: 1645.998: [GC [PSYoungGen: 204218K->786K(199616K)] 511336K->307976K(886592K), 0.0047140 secs] [Times: user=0.02 sys=0.00, real=0.01 secs] 
2014-07-16T04:01:37.624+0000: 1646.712: [GC [PSYoungGen: 199569K->1250K(195776K)] 506760K->308512K(882752K), 0.0081670 secs] [Times: user=0.06 sys=0.00, real=0.01 secs] 
2014-07-16T04:01:38.341+0000: 1647.429: [GC [PSYoungGen: 195746K->1094K(191488K)] 503008K->308404K(878464K), 0.0058070 secs] [Times: user=0.02 sys=0.00, real=0.01 secs] 
2014-07-16T04:01:39.025+0000: 1648.114: [GC [PSYoungGen: 191430K->1076K(187392K)] 498740K->308458K(874368K), 0.0045390 secs] [Times: user=0.03 sys=0.00, real=0.00 secs] 
2014-07-16T04:01:39.748+0000: 1648.836: [GC [PSYoungGen: 187380K->1340K(224960K)] 494762K->308778K(911936K), 0.0121540 secs] [Times: user=0.08 sys=0.00, real=0.01 secs] 
2014-07-16T04:01:40.552+0000: 1649.640: [GC [PSYoungGen: 224936K->826K(219264K)] 532375K->308842K(906240K), 0.0049200 secs] [Times: user=0.02 sys=0.00, real=0.01 secs] 
2014-07-16T04:01:41.326+0000: 1650.414: [GC [PSYoungGen: 219211K->1158K(214656K)] 527228K->309223K(901632K), 0.0036430 secs] [Times: user=0.01 sys=0.01, real=0.00 secs] 
2014-07-16T04:01:42.119+0000: 1651.208: [GC [PSYoungGen: 214567K->1278K(209920K)] 522632K->309490K(896896K), 0.0062460 secs] [Times: user=0.02 sys=0.00, real=0.01 secs] 
2014-07-16T04:01:42.926+0000: 1652.015: [GC [PSYoungGen: 209918K->1426K(205504K)] 518130K->309663K(892480K), 0.0062140 secs] [Times: user=0.02 sys=0.00, real=0.00 secs] 
2014-07-16T04:01:43.652+0000: 1652.740: [GC [PSYoungGen: 205443K->748K(200320K)] 513680K->309096K(887296K), 0.0056810 secs] [Times: user=0.03 sys=0.00, real=0.01 secs] 
2014-07-16T04:01:44.386+0000: 1653.475: [GC [PSYoungGen: 200300K->1692K(196928K)] 508648K->310129K(883904K), 0.0063940 secs] [Times: user=0.04 sys=0.00, real=0.00 secs] 
2014-07-16T04:01:45.140+0000: 1654.229: [GC [PSYoungGen: 196892K->740K(191808K)] 505329K->309248K(878784K), 0.0047730 secs] [Times: user=0.02 sys=0.00, real=0.01 secs] 
2014-07-16T04:01:45.809+0000: 1654.897: [GC [PSYoungGen: 191779K->1072K(188096K)] 500288K->309645K(875072K), 0.0041960 secs] [Times: user=0.02 sys=0.00, real=0.00 secs] 
2014-07-16T04:01:46.480+0000: 1655.568: [GC [PSYoungGen: 188080K->594K(183744K)] 496653K->309254K(870720K), 0.0057920 secs] [Times: user=0.03 sys=0.01, real=0.01 secs] 
2014-07-16T04:01:47.152+0000: 1656.241: [GC [PSYoungGen: 183698K->1118K(180480K)] 492358K->309874K(867456K), 0.0060310 secs] [Times: user=0.04 sys=0.01, real=0.01 secs] 
2014-07-16T04:01:47.818+0000: 1656.906: [GC [PSYoungGen: 180446K->904K(176640K)] 489202K->309764K(863616K), 0.0058790 secs] [Times: user=0.04 sys=0.00, real=0.01 secs] 
2014-07-16T04:01:48.448+0000: 1657.536: [GC [PSYoungGen: 176584K->1086K(211904K)] 485444K->310018K(898880K), 0.0112100 secs] [Times: user=0.08 sys=0.01, real=0.01 secs] 
2014-07-16T04:01:49.227+0000: 1658.315: [GC [PSYoungGen: 211902K->772K(206912K)] 520834K->309784K(893888K), 0.0054350 secs] [Times: user=0.02 sys=0.01, real=0.00 secs] 
2014-07-16T04:01:49.984+0000: 1659.073: [GC [PSYoungGen: 206840K->950K(202496K)] 515853K->310042K(889472K), 0.0050880 secs] [Times: user=0.03 sys=0.00, real=0.00 secs] 
2014-07-16T04:01:50.719+0000: 1659.807: [GC [PSYoungGen: 202467K->1040K(198208K)] 511560K->310205K(885184K), 0.0036780 secs] [Times: user=0.01 sys=0.00, real=0.00 secs] 
2014-07-16T04:01:51.443+0000: 1660.531: [GC [PSYoungGen: 198160K->1232K(194176K)] 507325K->310468K(881152K), 0.0058960 secs] [Times: user=0.02 sys=0.00, real=0.01 secs] 
2014-07-16T04:01:52.156+0000: 1661.244: [GC [PSYoungGen: 194128K->866K(189696K)] 503364K->310419K(876672K), 0.0058060 secs] [Times: user=0.03 sys=0.00, real=0.00 secs] 
2014-07-16T04:01:52.822+0000: 1661.910: [GC [PSYoungGen: 189637K->1508K(186368K)] 499189K->311133K(873344K), 0.0055220 secs] [Times: user=0.03 sys=0.00, real=0.01 secs] 
2014-07-16T04:01:53.508+0000: 1662.596: [GC [PSYoungGen: 186307K->816K(181824K)] 495932K->311605K(868800K), 0.0040790 secs] [Times: user=0.02 sys=0.00, real=0.00 secs] 
2014-07-16T04:01:54.188+0000: 1663.277: [GC [PSYoungGen: 181808K->1828K(179136K)] 492597K->312713K(866112K), 0.0031050 secs] [Times: user=0.02 sys=0.00, real=0.00 secs] 
2014-07-16T04:01:54.915+0000: 1664.003: [GC [PSYoungGen: 179108K->1172K(174912K)] 489993K->312461K(861888K), 0.0085040 secs] [Times: user=0.06 sys=0.01, real=0.00 secs] 
2014-07-16T04:01:55.558+0000: 1664.647: [GC [PSYoungGen: 174823K->1196K(171456K)] 486112K->312557K(858432K), 0.0036910 secs] [Times: user=0.03 sys=0.00, real=0.00 secs] 
2014-07-16T04:01:56.170+0000: 1665.258: [GC [PSYoungGen: 171436K->950K(167872K)] 482797K->312367K(854848K), 0.0049240 secs] [Times: user=0.02 sys=0.00, real=0.00 secs] 
2014-07-16T04:01:56.774+0000: 1665.862: [GC [PSYoungGen: 167862K->1126K(164800K)] 479279K->312583K(851776K), 0.0037430 secs] [Times: user=0.02 sys=0.00, real=0.01 secs] 
2014-07-16T04:01:57.380+0000: 1666.468: [GC [PSYoungGen: 164754K->1308K(161856K)] 476211K->312829K(848832K), 0.0064180 secs] [Times: user=0.04 sys=0.00, real=0.01 secs] 
2014-07-16T04:01:57.987+0000: 1667.075: [GC [PSYoungGen: 161820K->1532K(158976K)] 473341K->313109K(845952K), 0.0047990 secs] [Times: user=0.02 sys=0.00, real=0.00 secs] 
2014-07-16T04:01:58.582+0000: 1667.671: [GC [PSYoungGen: 158972K->1022K(155520K)] 470549K->312845K(842496K), 0.0073440 secs] [Times: user=0.04 sys=0.01, real=0.01 secs] 
2014-07-16T04:01:59.171+0000: 1668.259: [GC [PSYoungGen: 155477K->1408K(186880K)] 467300K->313279K(873856K), 0.0084860 secs] [Times: user=0.05 sys=0.00, real=0.01 secs] 
2014-07-16T04:01:59.888+0000: 1668.976: [GC [PSYoungGen: 186816K->904K(182528K)] 498687K->312863K(869504K), 0.0065710 secs] [Times: user=0.04 sys=0.00, real=0.00 secs] 
2014-07-16T04:02:00.532+0000: 1669.620: [GC [PSYoungGen: 182447K->1158K(219136K)] 494407K->313181K(906112K), 0.0075760 secs] [Times: user=0.04 sys=0.00, real=0.01 secs] 
2014-07-16T04:02:01.318+0000: 1670.406: [GC [PSYoungGen: 219078K->1700K(214656K)] 531101K->313949K(901632K), 0.0054320 secs] [Times: user=0.04 sys=0.00, real=0.00 secs] 
2014-07-16T04:02:02.095+0000: 1671.183: [GC [PSYoungGen: 214628K->626K(208768K)] 526877K->312939K(895744K), 0.0045000 secs] [Times: user=0.03 sys=0.00, real=0.01 secs] 
2014-07-16T04:02:02.859+0000: 1671.947: [GC [PSYoungGen: 208754K->680K(204224K)] 521067K->313057K(891200K), 0.0092100 secs] [Times: user=0.06 sys=0.01, real=0.01 secs] 
2014-07-16T04:02:03.610+0000: 1672.699: [GC [PSYoungGen: 204200K->772K(199872K)] 516577K->313229K(886848K), 0.0071310 secs] [Times: user=0.04 sys=0.00, real=0.01 secs] 
2014-07-16T04:02:04.341+0000: 1673.429: [GC [PSYoungGen: 199812K->1300K(196096K)] 512269K->313845K(883072K), 0.0063090 secs] [Times: user=0.02 sys=0.00, real=0.01 secs] 
2014-07-16T04:02:05.067+0000: 1674.155: [GC [PSYoungGen: 196052K->1386K(192000K)] 508597K->314027K(878976K), 0.0058460 secs] [Times: user=0.04 sys=0.00, real=0.00 secs] 
2014-07-16T04:02:05.789+0000: 1674.877: [GC [PSYoungGen: 191978K->1234K(230016K)] 504619K->313939K(916992K), 0.0132220 secs] [Times: user=0.08 sys=0.00, real=0.01 secs] 
2014-07-16T04:02:06.597+0000: 1675.686: [GC [PSYoungGen: 229970K->844K(256960K)] 542675K->313629K(943936K), 0.0068350 secs] [Times: user=0.04 sys=0.00, real=0.00 secs] 
2014-07-16T04:02:07.537+0000: 1676.625: [GC [PSYoungGen: 255820K->580K(249280K)] 568605K->313437K(936256K), 0.0078760 secs] [Times: user=0.05 sys=0.00, real=0.01 secs] 
2014-07-16T04:02:08.452+0000: 1677.540: [GC [PSYoungGen: 249220K->1204K(243776K)] 562077K->314157K(930752K), 0.0042010 secs] [Times: user=0.02 sys=0.00, real=0.00 secs] 
2014-07-16T04:02:09.341+0000: 1678.430: [GC [PSYoungGen: 243763K->1086K(237824K)] 556716K->314111K(924800K), 0.0084180 secs] [Times: user=0.05 sys=0.01, real=0.01 secs] 
2014-07-16T04:02:10.202+0000: 1679.291: [GC [PSYoungGen: 237822K->498K(231616K)] 550847K->313587K(918592K), 0.0034150 secs] [Times: user=0.02 sys=0.00, real=0.00 secs] 
2014-07-16T04:02:11.031+0000: 1680.119: [GC [PSYoungGen: 231602K->1504K(227200K)] 544691K->314673K(914176K), 0.0079960 secs] [Times: user=0.04 sys=0.01, real=0.01 secs] 
2014-07-16T04:02:11.854+0000: 1680.942: [GC [PSYoungGen: 227168K->786K(221248K)] 540337K->314019K(908224K), 0.0045570 secs] [Times: user=0.02 sys=0.00, real=0.01 secs] 
2014-07-16T04:02:12.672+0000: 1681.760: [GC [PSYoungGen: 221202K->872K(216256K)] 534435K->314193K(903232K), 0.0036380 secs] [Times: user=0.02 sys=0.00, real=0.00 secs] 
2014-07-16T04:02:13.463+0000: 1682.551: [GC [PSYoungGen: 216232K->1132K(211648K)] 529553K->314549K(898624K), 0.0048100 secs] [Times: user=0.03 sys=0.00, real=0.01 secs] 
2014-07-16T04:02:14.228+0000: 1683.317: [GC [PSYoungGen: 211628K->1364K(207232K)] 525045K->314861K(894208K), 0.0036890 secs] [Times: user=0.02 sys=0.00, real=0.00 secs] 
2014-07-16T04:02:14.979+0000: 1684.068: [GC [PSYoungGen: 207188K->894K(202176K)] 520685K->314447K(889152K), 0.0075580 secs] [Times: user=0.04 sys=0.00, real=0.00 secs] 
2014-07-16T04:02:15.697+0000: 1684.785: [GC [PSYoungGen: 202174K->944K(197888K)] 515727K->314569K(884864K), 0.0048810 secs] [Times: user=0.02 sys=0.00, real=0.01 secs] 
2014-07-16T04:02:16.402+0000: 1685.491: [GC [PSYoungGen: 197872K->1500K(194240K)] 511497K->315221K(881216K), 0.0046730 secs] [Times: user=0.02 sys=0.00, real=0.00 secs] 
2014-07-16T04:02:17.096+0000: 1686.184: [GC [PSYoungGen: 194145K->762K(189376K)] 507866K->314539K(876352K), 0.0038380 secs] [Times: user=0.02 sys=0.00, real=0.01 secs] 
2014-07-16T04:02:17.790+0000: 1686.879: [GC [PSYoungGen: 189370K->1264K(185920K)] 503147K->315153K(872896K), 0.0072500 secs] [Times: user=0.05 sys=0.00, real=0.00 secs] 
2014-07-16T04:02:18.467+0000: 1687.555: [GC [PSYoungGen: 185904K->712K(222336K)] 499793K->314649K(909312K), 0.0211500 secs] [Times: user=0.14 sys=0.00, real=0.02 secs] 
2014-07-16T04:02:19.266+0000: 1688.354: [GC [PSYoungGen: 222262K->1486K(264128K)] 536199K->315487K(951104K), 0.0054820 secs] [Times: user=0.02 sys=0.00, real=0.01 secs] 
2014-07-16T04:02:20.282+0000: 1689.370: [GC [PSYoungGen: 263734K->840K(256576K)] 577735K->314913K(943552K), 0.0047460 secs] [Times: user=0.02 sys=0.00, real=0.00 secs] 
2014-07-16T04:02:21.262+0000: 1690.350: [GC [PSYoungGen: 256520K->1050K(250432K)] 570593K->315179K(937408K), 0.0047030 secs] [Times: user=0.02 sys=0.00, real=0.00 secs] 
2014-07-16T04:02:22.168+0000: 1691.257: [GC [PSYoungGen: 250394K->854K(244160K)] 564523K->315039K(931136K), 0.0070880 secs] [Times: user=0.04 sys=0.00, real=0.01 secs] 
2014-07-16T04:02:23.091+0000: 1692.179: [GC [PSYoungGen: 244118K->776K(238208K)] 558303K->315017K(925184K), 0.0054310 secs] [Times: user=0.03 sys=0.01, real=0.00 secs] 
2014-07-16T04:02:24.037+0000: 1693.126: [GC [PSYoungGen: 238152K->1200K(232960K)] 552393K->315505K(919936K), 0.0118120 secs] [Times: user=0.07 sys=0.00, real=0.02 secs] 
2014-07-16T04:02:25.046+0000: 1694.134: [GC [PSYoungGen: 232921K->1496K(227840K)] 547227K->315865K(914816K), 0.0088020 secs] [Times: user=0.05 sys=0.00, real=0.01 secs] 
2014-07-16T04:02:25.855+0000: 1694.943: [GC [PSYoungGen: 227800K->768K(221824K)] 542169K->315217K(908800K), 0.0057610 secs] [Times: user=0.04 sys=0.00, real=0.01 secs] 
2014-07-16T04:02:26.679+0000: 1695.767: [GC [PSYoungGen: 221821K->1150K(217152K)] 536270K->315695K(904128K), 0.0083580 secs] [Times: user=0.05 sys=0.00, real=0.01 secs] 
2014-07-16T04:02:27.469+0000: 1696.557: [GC [PSYoungGen: 217150K->1482K(212672K)] 531695K->316115K(899648K), 0.0105790 secs] [Times: user=0.07 sys=0.00, real=0.01 secs] 
2014-07-16T04:02:28.246+0000: 1697.334: [GC [PSYoungGen: 212568K->1660K(208064K)] 527202K->316389K(895040K), 0.0068920 secs] [Times: user=0.04 sys=0.00, real=0.01 secs] 
2014-07-16T04:02:29.005+0000: 1698.093: [GC [PSYoungGen: 208060K->556K(202432K)] 522789K->315699K(889408K), 0.0071150 secs] [Times: user=0.04 sys=0.00, real=0.01 secs] 
2014-07-16T04:02:29.743+0000: 1698.831: [GC [PSYoungGen: 202412K->894K(198336K)] 517555K->316101K(885312K), 0.0033200 secs] [Times: user=0.02 sys=0.00, real=0.00 secs] 
2014-07-16T04:02:30.467+0000: 1699.555: [GC [PSYoungGen: 198334K->1140K(194368K)] 513541K->316767K(881344K), 0.0084930 secs] [Times: user=0.05 sys=0.00, real=0.01 secs] 
2014-07-16T04:02:31.164+0000: 1700.253: [GC [PSYoungGen: 194356K->562K(189696K)] 509983K->316261K(876672K), 0.0054760 secs] [Times: user=0.03 sys=0.00, real=0.00 secs] 
2014-07-16T04:02:31.859+0000: 1700.948: [GC [PSYoungGen: 189682K->872K(186048K)] 505381K->316675K(873024K), 0.0074360 secs] [Times: user=0.05 sys=0.00, real=0.01 secs] 
2014-07-16T04:02:32.535+0000: 1701.624: [GC [PSYoungGen: 186024K->1286K(182656K)] 501827K->317161K(869632K), 0.0045220 secs] [Times: user=0.02 sys=0.00, real=0.00 secs] 
2014-07-16T04:02:33.192+0000: 1702.280: [GC [PSYoungGen: 182596K->1040K(178688K)] 498471K->317003K(865664K), 0.0057740 secs] [Times: user=0.03 sys=0.00, real=0.00 secs] 
2014-07-16T04:02:33.854+0000: 1702.943: [GC [PSYoungGen: 178640K->1446K(175488K)] 494603K->317481K(862464K), 0.0040160 secs] [Times: user=0.02 sys=0.00, real=0.00 secs] 
2014-07-16T04:02:34.490+0000: 1703.578: [GC [PSYoungGen: 175420K->904K(171520K)] 491455K->317051K(858496K), 0.0059260 secs] [Times: user=0.04 sys=0.00, real=0.01 secs] 
2014-07-16T04:02:35.161+0000: 1704.249: [GC [PSYoungGen: 171406K->1446K(168640K)] 487554K->317689K(855616K), 0.0035350 secs] [Times: user=0.02 sys=0.01, real=0.00 secs] 
2014-07-16T04:02:35.740+0000: 1704.828: [GC [PSYoungGen: 168602K->1054K(164992K)] 484846K->317385K(851968K), 0.0046870 secs] [Times: user=0.02 sys=0.00, real=0.01 secs] 
2014-07-16T04:02:36.339+0000: 1705.427: [GC [PSYoungGen: 164925K->804K(161600K)] 481257K->317215K(848576K), 0.0058650 secs] [Times: user=0.04 sys=0.00, real=0.01 secs] 
2014-07-16T04:02:36.920+0000: 1706.009: [GC [PSYoungGen: 161572K->1032K(158784K)] 477983K->317539K(845760K), 0.0052670 secs] [Times: user=0.02 sys=0.00, real=0.01 secs] 
2014-07-16T04:02:37.486+0000: 1706.575: [GC [PSYoungGen: 158728K->1054K(155840K)] 475235K->317641K(842816K), 0.0088770 secs] [Times: user=0.05 sys=0.01, real=0.01 secs] 
2014-07-16T04:02:38.070+0000: 1707.159: [GC [PSYoungGen: 155806K->1194K(186944K)] 472393K->317845K(873920K), 0.0072740 secs] [Times: user=0.04 sys=0.00, real=0.01 secs] 
2014-07-16T04:02:38.762+0000: 1707.850: [GC [PSYoungGen: 186922K->886K(182784K)] 503573K->317625K(869760K), 0.0062900 secs] [Times: user=0.03 sys=0.00, real=0.01 secs] 
2014-07-16T04:02:39.455+0000: 1708.543: [GC [PSYoungGen: 182773K->690K(178880K)] 499512K->317493K(865856K), 0.0065020 secs] [Times: user=0.03 sys=0.00, real=0.00 secs] 
2014-07-16T04:02:40.186+0000: 1709.275: [GC [PSYoungGen: 178866K->1654K(176256K)] 495669K->318553K(863232K), 0.0056770 secs] [Times: user=0.03 sys=0.00, real=0.01 secs] 
2014-07-16T04:02:40.799+0000: 1709.887: [GC [PSYoungGen: 176246K->1008K(172096K)] 493145K->318245K(859072K), 0.0072620 secs] [Times: user=0.05 sys=0.00, real=0.01 secs] 
2014-07-16T04:02:41.456+0000: 1710.544: [GC [PSYoungGen: 172080K->1824K(169536K)] 489317K->319255K(856512K), 0.0045650 secs] [Times: user=0.03 sys=0.00, real=0.00 secs] 
2014-07-16T04:02:42.085+0000: 1711.173: [GC [PSYoungGen: 169473K->676K(165120K)] 486905K->318171K(852096K), 0.0072740 secs] [Times: user=0.05 sys=0.00, real=0.01 secs] 
2014-07-16T04:02:42.719+0000: 1711.807: [GC [PSYoungGen: 165092K->1022K(162240K)] 482587K->318597K(849216K), 0.0067190 secs] [Times: user=0.04 sys=0.00, real=0.01 secs] 
2014-07-16T04:02:43.307+0000: 1712.395: [GC [PSYoungGen: 162238K->890K(159040K)] 479813K->318521K(846016K), 0.0044370 secs] [Times: user=0.01 sys=0.00, real=0.00 secs] 
2014-07-16T04:02:43.898+0000: 1712.986: [GC [PSYoungGen: 159034K->1718K(156928K)] 476665K->319461K(843904K), 0.0067350 secs] [Times: user=0.04 sys=0.00, real=0.01 secs] 
2014-07-16T04:02:44.445+0000: 1713.533: [GC [PSYoungGen: 156918K->576K(152896K)] 474661K->318399K(839872K), 0.0041760 secs] [Times: user=0.03 sys=0.00, real=0.00 secs] 
2014-07-16T04:02:44.999+0000: 1714.087: [GC [PSYoungGen: 152896K->1158K(184000K)] 470719K->319037K(870976K), 0.0102160 secs] [Times: user=0.05 sys=0.01, real=0.01 secs] 
2014-07-16T04:02:45.694+0000: 1714.782: [GC [PSYoungGen: 183942K->2038K(221440K)] 501821K->320181K(908416K), 0.0051890 secs] [Times: user=0.03 sys=0.00, real=0.00 secs] 
2014-07-16T04:02:46.484+0000: 1715.573: [GC [PSYoungGen: 221430K->854K(215296K)] 539573K->319077K(902272K), 0.0061050 secs] [Times: user=0.03 sys=0.00, real=0.00 secs] 
2014-07-16T04:02:47.263+0000: 1716.352: [GC [PSYoungGen: 215253K->758K(210304K)] 533477K->319061K(897280K), 0.0095470 secs] [Times: user=0.06 sys=0.00, real=0.01 secs] 
2014-07-16T04:02:48.050+0000: 1717.138: [GC [PSYoungGen: 210294K->1136K(206016K)] 528597K->319511K(892992K), 0.0035840 secs] [Times: user=0.02 sys=0.00, real=0.01 secs] 
2014-07-16T04:02:48.785+0000: 1717.873: [GC [PSYoungGen: 205995K->890K(201280K)] 524370K->319345K(888256K), 0.0053340 secs] [Times: user=0.02 sys=0.00, real=0.00 secs] 
2014-07-16T04:02:49.506+0000: 1718.594: [GC [PSYoungGen: 201267K->772K(196864K)] 519723K->319323K(883840K), 0.0048240 secs] [Times: user=0.03 sys=0.00, real=0.00 secs] 
2014-07-16T04:02:50.239+0000: 1719.327: [GC [PSYoungGen: 196784K->826K(192640K)] 515335K->319441K(879616K), 0.0049780 secs] [Times: user=0.02 sys=0.01, real=0.01 secs] 
2014-07-16T04:02:50.917+0000: 1720.005: [GC [PSYoungGen: 192634K->1048K(188864K)] 511249K->319711K(875840K), 0.0070730 secs] [Times: user=0.04 sys=0.00, real=0.01 secs] 
2014-07-16T04:02:51.597+0000: 1720.685: [GC [PSYoungGen: 188738K->1008K(184896K)] 507401K->319727K(871872K), 0.0073350 secs] [Times: user=0.04 sys=0.00, real=0.01 secs] 
2014-07-16T04:02:52.274+0000: 1721.363: [GC [PSYoungGen: 184872K->808K(180928K)] 503592K->319615K(867904K), 0.0086950 secs] [Times: user=0.06 sys=0.00, real=0.00 secs] 
2014-07-16T04:02:52.942+0000: 1722.030: [GC [PSYoungGen: 180904K->1272K(177728K)] 499711K->320167K(864704K), 0.0038820 secs] [Times: user=0.02 sys=0.00, real=0.01 secs] 
2014-07-16T04:02:53.567+0000: 1722.655: [GC [PSYoungGen: 177720K->986K(173888K)] 496615K->319977K(860864K), 0.0048890 secs] [Times: user=0.03 sys=0.01, real=0.00 secs] 
2014-07-16T04:02:54.206+0000: 1723.294: [GC [PSYoungGen: 173850K->772K(170240K)] 492841K->319843K(857216K), 0.0068740 secs] [Times: user=0.04 sys=0.00, real=0.00 secs] 
2014-07-16T04:02:54.826+0000: 1723.915: [GC [PSYoungGen: 170180K->1318K(167424K)] 489251K->320461K(854400K), 0.0044400 secs] [Times: user=0.02 sys=0.00, real=0.00 secs] 
2014-07-16T04:02:55.469+0000: 1724.557: [GC [PSYoungGen: 167398K->1036K(200384K)] 486541K->320251K(887360K), 0.0121350 secs] [Times: user=0.07 sys=0.00, real=0.01 secs] 
2014-07-16T04:02:56.222+0000: 1725.311: [GC [PSYoungGen: 200332K->840K(195904K)] 519547K->320151K(882880K), 0.0051460 secs] [Times: user=0.03 sys=0.00, real=0.01 secs] 
2014-07-16T04:02:56.928+0000: 1726.016: [GC [PSYoungGen: 195848K->512K(228480K)] 515159K->319895K(915456K), 0.0088900 secs] [Times: user=0.06 sys=0.00, real=0.01 secs] 
2014-07-16T04:02:57.754+0000: 1726.842: [GC [PSYoungGen: 227456K->844K(228672K)] 546839K->320299K(915648K), 0.0079040 secs] [Times: user=0.04 sys=0.00, real=0.00 secs] 
2014-07-16T04:02:58.585+0000: 1727.674: [GC [PSYoungGen: 227788K->954K(222592K)] 547243K->320513K(909568K), 0.0054970 secs] [Times: user=0.04 sys=0.00, real=0.00 secs] 
2014-07-16T04:02:59.393+0000: 1728.481: [GC [PSYoungGen: 222584K->786K(217344K)] 542143K->320401K(904320K), 0.0054630 secs] [Times: user=0.03 sys=0.00, real=0.01 secs] 
2014-07-16T04:03:00.226+0000: 1729.314: [GC [PSYoungGen: 217298K->1452K(213056K)] 536913K->321355K(900032K), 0.0037120 secs] [Times: user=0.02 sys=0.00, real=0.00 secs] 
2014-07-16T04:03:00.975+0000: 1730.063: [GC [PSYoungGen: 213034K->1226K(208128K)] 532937K->321201K(895104K), 0.0072820 secs] [Times: user=0.04 sys=0.00, real=0.00 secs] 
2014-07-16T04:03:01.719+0000: 1730.807: [GC [PSYoungGen: 208074K->630K(202944K)] 528049K->320661K(889920K), 0.0064170 secs] [Times: user=0.03 sys=0.00, real=0.01 secs] 
2014-07-16T04:03:02.467+0000: 1731.555: [GC [PSYoungGen: 202934K->1108K(199040K)] 522965K->321203K(886016K), 0.0066040 secs] [Times: user=0.04 sys=0.00, real=0.00 secs] 
2014-07-16T04:03:03.179+0000: 1732.267: [GC [PSYoungGen: 198996K->1332K(194944K)] 519091K->321507K(881920K), 0.0056250 secs] [Times: user=0.03 sys=0.00, real=0.00 secs] 
2014-07-16T04:03:03.893+0000: 1732.981: [GC [PSYoungGen: 194856K->1276K(190784K)] 515032K->321507K(877760K), 0.0042360 secs] [Times: user=0.01 sys=0.00, real=0.01 secs] 
2014-07-16T04:03:04.612+0000: 1733.700: [GC [PSYoungGen: 190780K->858K(186432K)] 511011K->321137K(873408K), 0.0067310 secs] [Times: user=0.05 sys=0.00, real=0.01 secs] 
2014-07-16T04:03:05.370+0000: 1734.458: [GC [PSYoungGen: 186360K->708K(182464K)] 506640K->321027K(869440K), 0.0100010 secs] [Times: user=0.06 sys=0.00, real=0.01 secs] 
2014-07-16T04:03:06.042+0000: 1735.130: [GC [PSYoungGen: 182404K->904K(178944K)] 502723K->321295K(865920K), 0.0069710 secs] [Times: user=0.04 sys=0.00, real=0.01 secs] 
2014-07-16T04:03:06.754+0000: 1735.842: [GC [PSYoungGen: 178888K->1260K(175680K)] 499279K->321731K(862656K), 0.0085790 secs] [Times: user=0.06 sys=0.00, real=0.01 secs] 
2014-07-16T04:03:07.426+0000: 1736.514: [GC [PSYoungGen: 175660K->1132K(210432K)] 496131K->321717K(897408K), 0.0070780 secs] [Times: user=0.02 sys=0.00, real=0.01 secs] 
2014-07-16T04:03:08.244+0000: 1737.332: [GC [PSYoungGen: 210412K->1228K(205888K)] 530997K->321901K(892864K), 0.0038530 secs] [Times: user=0.02 sys=0.00, real=0.01 secs] 
2014-07-16T04:03:09.007+0000: 1738.095: [GC [PSYoungGen: 205836K->1072K(201216K)] 526509K->321873K(888192K), 0.0093700 secs] [Times: user=0.06 sys=0.00, real=0.01 secs] 
2014-07-16T04:03:09.745+0000: 1738.833: [GC [PSYoungGen: 201200K->1200K(196992K)] 522001K->322065K(883968K), 0.0060850 secs] [Times: user=0.03 sys=0.00, real=0.01 secs] 
2014-07-16T04:03:10.542+0000: 1739.630: [GC [PSYoungGen: 196936K->676K(192256K)] 517801K->321729K(879232K), 0.0061230 secs] [Times: user=0.04 sys=0.00, real=0.01 secs] 
2014-07-16T04:03:11.228+0000: 1740.316: [GC [PSYoungGen: 192191K->658K(188224K)] 513245K->321751K(875200K), 0.0052750 secs] [Times: user=0.02 sys=0.01, real=0.00 secs] 
2014-07-16T04:03:11.916+0000: 1741.005: [GC [PSYoungGen: 188178K->1412K(185088K)] 509271K->322593K(872064K), 0.0047580 secs] [Times: user=0.02 sys=0.00, real=0.01 secs] 
2014-07-16T04:03:12.598+0000: 1741.687: [GC [PSYoungGen: 185027K->904K(180800K)] 506208K->322149K(867776K), 0.0082790 secs] [Times: user=0.04 sys=0.00, real=0.00 secs] 
2014-07-16T04:03:13.246+0000: 1742.334: [GC [PSYoungGen: 180728K->1162K(177408K)] 501974K->322463K(864384K), 0.0042870 secs] [Times: user=0.01 sys=0.01, real=0.01 secs] 
2014-07-16T04:03:13.890+0000: 1742.978: [GC [PSYoungGen: 177354K->722K(173440K)] 498655K->322103K(860416K), 0.0041110 secs] [Times: user=0.02 sys=0.00, real=0.00 secs] 
2014-07-16T04:03:14.521+0000: 1743.609: [GC [PSYoungGen: 173394K->576K(169792K)] 494775K->322061K(856768K), 0.0061720 secs] [Times: user=0.04 sys=0.01, real=0.01 secs] 
2014-07-16T04:03:15.124+0000: 1744.213: [GC [PSYoungGen: 169790K->1700K(167616K)] 491275K->323289K(854592K), 0.0067180 secs] [Times: user=0.05 sys=0.00, real=0.01 secs] 
2014-07-16T04:03:15.747+0000: 1744.835: [GC [PSYoungGen: 167563K->1202K(163904K)] 489153K->323021K(850880K), 0.0076120 secs] [Times: user=0.04 sys=0.00, real=0.01 secs] 
2014-07-16T04:03:16.367+0000: 1745.455: [GC [PSYoungGen: 163890K->1158K(160768K)] 485709K->323065K(847744K), 0.0050370 secs] [Times: user=0.04 sys=0.00, real=0.00 secs] 
2014-07-16T04:03:16.947+0000: 1746.035: [GC [PSYoungGen: 160710K->826K(157376K)] 482617K->322813K(844352K), 0.0076510 secs] [Times: user=0.05 sys=0.00, real=0.00 secs] 
2014-07-16T04:03:17.523+0000: 1746.611: [GC [PSYoungGen: 157312K->1126K(189056K)] 479300K->323153K(876032K), 0.0154720 secs] [Times: user=0.11 sys=0.00, real=0.02 secs] 
2014-07-16T04:03:18.211+0000: 1747.299: [GC [PSYoungGen: 189004K->1068K(226624K)] 511032K->323183K(913600K), 0.0070660 secs] [Times: user=0.04 sys=0.00, real=0.01 secs] 
2014-07-16T04:03:19.067+0000: 1748.155: [GC [PSYoungGen: 226604K->1190K(254784K)] 548719K->323393K(941760K), 0.0045040 secs] [Times: user=0.03 sys=0.01, real=0.01 secs] 
2014-07-16T04:03:19.968+0000: 1749.056: [GC [PSYoungGen: 254135K->940K(272384K)] 576339K->323223K(959360K), 0.0111820 secs] [Times: user=0.07 sys=0.00, real=0.02 secs] 
2014-07-16T04:03:20.952+0000: 1750.041: [GC [PSYoungGen: 271596K->1158K(264960K)] 593879K->323529K(951936K), 0.0041240 secs] [Times: user=0.02 sys=0.00, real=0.00 secs] 
2014-07-16T04:03:21.911+0000: 1751.000: [GC [PSYoungGen: 264902K->562K(270720K)] 587273K->322997K(957696K), 0.0129420 secs] [Times: user=0.09 sys=0.00, real=0.01 secs] 
2014-07-16T04:03:22.902+0000: 1751.990: [GC [PSYoungGen: 270706K->1190K(264448K)] 593141K->323713K(951424K), 0.0054480 secs] [Times: user=0.04 sys=0.00, real=0.00 secs] 
2014-07-16T04:03:23.863+0000: 1752.952: [GC [PSYoungGen: 264422K->570K(257216K)] 586945K->323377K(944192K), 0.0095110 secs] [Times: user=0.06 sys=0.00, real=0.01 secs] 
2014-07-16T04:03:24.798+0000: 1753.886: [GC [PSYoungGen: 257210K->776K(251072K)] 580017K->323639K(938048K), 0.0054750 secs] [Times: user=0.03 sys=0.00, real=0.01 secs] 
2014-07-16T04:03:25.711+0000: 1754.800: [GC [PSYoungGen: 250965K->1176K(245312K)] 573829K->324145K(932288K), 0.0063020 secs] [Times: user=0.03 sys=0.00, real=0.00 secs] 
2014-07-16T04:03:26.579+0000: 1755.667: [GC [PSYoungGen: 245231K->1218K(239488K)] 568201K->324267K(926464K), 0.0062200 secs] [Times: user=0.03 sys=0.01, real=0.00 secs] 
2014-07-16T04:03:27.455+0000: 1756.543: [GC [PSYoungGen: 239426K->884K(233408K)] 562475K->324270K(920384K), 0.0084880 secs] [Times: user=0.05 sys=0.00, real=0.01 secs] 
2014-07-16T04:03:28.291+0000: 1757.379: [GC [PSYoungGen: 233396K->1126K(228160K)] 556782K->324592K(915136K), 0.0061320 secs] [Times: user=0.03 sys=0.00, real=0.00 secs] 
2014-07-16T04:03:29.122+0000: 1758.210: [GC [PSYoungGen: 228134K->1318K(223040K)] 551600K->324914K(910016K), 0.0078120 secs] [Times: user=0.04 sys=0.01, real=0.01 secs] 
2014-07-16T04:03:29.932+0000: 1759.020: [GC [PSYoungGen: 223014K->1414K(218048K)] 546610K->325074K(905024K), 0.0064450 secs] [Times: user=0.02 sys=0.00, real=0.00 secs] 
2014-07-16T04:03:30.705+0000: 1759.793: [GC [PSYoungGen: 217990K->562K(212224K)] 541650K->324286K(899200K), 0.0057030 secs] [Times: user=0.04 sys=0.00, real=0.01 secs] 
2014-07-16T04:03:31.494+0000: 1760.582: [GC [PSYoungGen: 212160K->954K(207872K)] 535884K->324750K(894848K), 0.0056550 secs] [Times: user=0.03 sys=0.00, real=0.00 secs] 
2014-07-16T04:03:32.229+0000: 1761.317: [GC [PSYoungGen: 207866K->1304K(203712K)] 531662K->325204K(890688K), 0.0068020 secs] [Times: user=0.05 sys=0.00, real=0.01 secs] 
2014-07-16T04:03:32.984+0000: 1762.072: [GC [PSYoungGen: 203672K->1246K(199232K)] 527572K->325194K(886208K), 0.0048150 secs] [Times: user=0.02 sys=0.00, real=0.00 secs] 
2014-07-16T04:03:33.688+0000: 1762.776: [GC [PSYoungGen: 199198K->826K(194496K)] 523146K->324838K(881472K), 0.0067080 secs] [Times: user=0.03 sys=0.00, real=0.01 secs] 
2014-07-16T04:03:34.398+0000: 1763.486: [GC [PSYoungGen: 194471K->1026K(190656K)] 518483K->325094K(877632K), 0.0085050 secs] [Times: user=0.05 sys=0.00, real=0.01 secs] 
2014-07-16T04:03:35.078+0000: 1764.166: [GC [PSYoungGen: 190573K->1640K(187264K)] 514641K->325796K(874240K), 0.0048700 secs] [Times: user=0.03 sys=0.00, real=0.01 secs] 
2014-07-16T04:03:35.781+0000: 1764.870: [GC [PSYoungGen: 187196K->1192K(182976K)] 511352K->325428K(869952K), 0.0033550 secs] [Times: user=0.02 sys=0.00, real=0.00 secs] 
2014-07-16T04:03:36.412+0000: 1765.500: [GC [PSYoungGen: 182952K->512K(178560K)] 507188K->324796K(865536K), 0.0042040 secs] [Times: user=0.02 sys=0.01, real=0.00 secs] 
2014-07-16T04:03:37.072+0000: 1766.160: [GC [PSYoungGen: 178560K->1072K(175552K)] 502844K->325412K(862528K), 0.0104760 secs] [Times: user=0.06 sys=0.00, real=0.01 secs] 
2014-07-16T04:03:37.728+0000: 1766.816: [GC [PSYoungGen: 175532K->872K(210304K)] 499873K->325268K(897280K), 0.0113850 secs] [Times: user=0.07 sys=0.00, real=0.01 secs] 
2014-07-16T04:03:38.498+0000: 1767.586: [GC [PSYoungGen: 210280K->1104K(252480K)] 534676K->325588K(939456K), 0.0055190 secs] [Times: user=0.03 sys=0.00, real=0.01 secs] 
2014-07-16T04:03:39.408+0000: 1768.496: [GC [PSYoungGen: 252432K->1204K(258496K)] 576916K->325736K(945472K), 0.0142810 secs] [Times: user=0.08 sys=0.00, real=0.02 secs] 
2014-07-16T04:03:40.332+0000: 1769.420: [GC [PSYoungGen: 258228K->498K(258688K)] 582760K->325102K(945664K), 0.0066300 secs] [Times: user=0.04 sys=0.00, real=0.00 secs] 
2014-07-16T04:03:41.287+0000: 1770.375: [GC [PSYoungGen: 257497K->880K(251520K)] 582101K->325532K(938496K), 0.0061120 secs] [Times: user=0.03 sys=0.00, real=0.01 secs] 
2014-07-16T04:03:42.207+0000: 1771.295: [GC [PSYoungGen: 251461K->922K(245440K)] 576114K->325662K(932416K), 0.0040220 secs] [Times: user=0.02 sys=0.01, real=0.01 secs] 
2014-07-16T04:03:43.096+0000: 1772.185: [GC [PSYoungGen: 245321K->1482K(240128K)] 570062K->326278K(927104K), 0.0069010 secs] [Times: user=0.04 sys=0.01, real=0.01 secs] 
2014-07-16T04:03:43.956+0000: 1773.045: [GC [PSYoungGen: 240052K->1704K(234624K)] 564848K->326746K(921600K), 0.0117600 secs] [Times: user=0.07 sys=0.00, real=0.01 secs] 
2014-07-16T04:03:44.826+0000: 1773.914: [GC [PSYoungGen: 234599K->246K(227648K)] 559641K->326212K(914624K), 0.0087680 secs] [Times: user=0.05 sys=0.00, real=0.01 secs] 
2014-07-16T04:03:45.688+0000: 1774.776: [GC [PSYoungGen: 227638K->1496K(274432K)] 553604K->327502K(961408K), 0.0210940 secs] [Times: user=0.13 sys=0.00, real=0.02 secs] 
2014-07-16T04:03:46.688+0000: 1775.776: [GC [PSYoungGen: 274392K->530K(306560K)] 600398K->326972K(993536K), 0.0054310 secs] [Times: user=0.03 sys=0.01, real=0.01 secs] 
2014-07-16T04:03:47.790+0000: 1776.878: [GC [PSYoungGen: 305104K->1044K(297472K)] 631546K->327535K(984448K), 0.0063670 secs] [Times: user=0.03 sys=0.00, real=0.01 secs] 
2014-07-16T04:03:48.875+0000: 1777.963: [GC [PSYoungGen: 297428K->858K(289408K)] 623919K->327404K(976384K), 0.0072680 secs] [Times: user=0.05 sys=0.01, real=0.01 secs] 
2014-07-16T04:03:49.933+0000: 1779.022: [GC [PSYoungGen: 289334K->1140K(282048K)] 615881K->327783K(969024K), 0.0084860 secs] [Times: user=0.05 sys=0.00, real=0.01 secs] 
2014-07-16T04:03:50.981+0000: 1780.069: [GC [PSYoungGen: 282035K->794K(274432K)] 608678K->327524K(961408K), 0.0055930 secs] [Times: user=0.03 sys=0.00, real=0.01 secs] 
2014-07-16T04:03:51.970+0000: 1781.059: [GC [PSYoungGen: 274384K->976K(267584K)] 601115K->327754K(954560K), 0.0077960 secs] [Times: user=0.05 sys=0.00, real=0.01 secs] 
2014-07-16T04:03:52.968+0000: 1782.056: [GC [PSYoungGen: 267536K->754K(260608K)] 594314K->327636K(947584K), 0.0056800 secs] [Times: user=0.03 sys=0.00, real=0.01 secs] 
2014-07-16T04:03:53.948+0000: 1783.036: [GC [PSYoungGen: 260594K->868K(254272K)] 587476K->327822K(941248K), 0.0080090 secs] [Times: user=0.05 sys=0.01, real=0.01 secs] 
2014-07-16T04:03:54.852+0000: 1783.940: [GC [PSYoungGen: 254244K->982K(248128K)] 581198K->328016K(935104K), 0.0114240 secs] [Times: user=0.07 sys=0.00, real=0.02 secs] 
2014-07-16T04:03:55.917+0000: 1785.006: [GC [PSYoungGen: 248086K->1234K(242368K)] 575120K->328364K(929344K), 0.0083560 secs] [Times: user=0.05 sys=0.00, real=0.01 secs] 
2014-07-16T04:03:56.803+0000: 1785.892: [GC [PSYoungGen: 242321K->1068K(236352K)] 569452K->328328K(923328K), 0.0113620 secs] [Times: user=0.06 sys=0.00, real=0.01 secs] 
2014-07-16T04:03:57.678+0000: 1786.766: [GC [PSYoungGen: 236326K->1044K(230784K)] 563586K->328361K(917760K), 0.0084870 secs] [Times: user=0.05 sys=0.00, real=0.01 secs] 
2014-07-16T04:03:58.516+0000: 1787.604: [GC [PSYoungGen: 230740K->1086K(225408K)] 558057K->328482K(912384K), 0.0090020 secs] [Times: user=0.05 sys=0.01, real=0.01 secs] 
2014-07-16T04:03:59.435+0000: 1788.523: [GC [PSYoungGen: 225343K->1204K(220352K)] 552740K->328689K(907328K), 0.0057680 secs] [Times: user=0.04 sys=0.00, real=0.00 secs] 
2014-07-16T04:04:00.294+0000: 1789.382: [GC [PSYoungGen: 220340K->940K(215104K)] 547825K->328512K(902080K), 0.0049640 secs] [Times: user=0.03 sys=0.00, real=0.00 secs] 
2014-07-16T04:04:01.143+0000: 1790.231: [GC [PSYoungGen: 215067K->990K(210368K)] 542639K->328627K(897344K), 0.0065310 secs] [Times: user=0.03 sys=0.00, real=0.01 secs] 
2014-07-16T04:04:01.923+0000: 1791.011: [GC [PSYoungGen: 210334K->1144K(205824K)] 537971K->328961K(892800K), 0.0072090 secs] [Times: user=0.05 sys=0.00, real=0.01 secs] 
2014-07-16T04:04:02.681+0000: 1791.769: [GC [PSYoungGen: 205816K->976K(201216K)] 533633K->328833K(888192K), 0.0104630 secs] [Times: user=0.06 sys=0.00, real=0.01 secs] 
2014-07-16T04:04:03.441+0000: 1792.529: [GC [PSYoungGen: 201125K->808K(196672K)] 528982K->328811K(883648K), 0.0037080 secs] [Times: user=0.02 sys=0.00, real=0.01 secs] 
2014-07-16T04:04:04.186+0000: 1793.274: [GC [PSYoungGen: 196648K->1518K(193152K)] 524651K->329775K(880128K), 0.0036840 secs] [Times: user=0.02 sys=0.00, real=0.00 secs] 
2014-07-16T04:04:04.933+0000: 1794.021: [GC [PSYoungGen: 193134K->752K(188352K)] 521391K->329449K(875328K), 0.0081990 secs] [Times: user=0.05 sys=0.00, real=0.01 secs] 
2014-07-16T04:04:05.638+0000: 1794.726: [GC [PSYoungGen: 188281K->1572K(185280K)] 516978K->330341K(872256K), 0.0073940 secs] [Times: user=0.05 sys=0.00, real=0.01 secs] 
2014-07-16T04:04:06.379+0000: 1795.467: [GC [PSYoungGen: 185251K->1050K(180992K)] 514020K->330197K(867968K), 0.0038780 secs] [Times: user=0.02 sys=0.01, real=0.00 secs] 
2014-07-16T04:04:07.051+0000: 1796.140: [GC [PSYoungGen: 180954K->1770K(178048K)] 510101K->331129K(865024K), 0.0059110 secs] [Times: user=0.04 sys=0.00, real=0.01 secs] 
2014-07-16T04:04:07.721+0000: 1796.809: [GC [PSYoungGen: 178026K->752K(173504K)] 507385K->330593K(860480K), 0.0076600 secs] [Times: user=0.04 sys=0.00, real=0.01 secs] 
2014-07-16T04:04:08.334+0000: 1797.422: [GC [PSYoungGen: 173488K->880K(170176K)] 503329K->330809K(857152K), 0.0063490 secs] [Times: user=0.04 sys=0.00, real=0.01 secs] 
2014-07-16T04:04:08.974+0000: 1798.062: [GC [PSYoungGen: 170160K->1268K(167232K)] 500089K->331403K(854208K), 0.0039130 secs] [Times: user=0.02 sys=0.01, real=0.01 secs] 
2014-07-16T04:04:09.558+0000: 1798.647: [GC [PSYoungGen: 167220K->858K(163648K)] 497355K->331065K(850624K), 0.0045160 secs] [Times: user=0.02 sys=0.00, real=0.00 secs] 
2014-07-16T04:04:10.155+0000: 1799.243: [GC [PSYoungGen: 163576K->1618K(161280K)] 493783K->331889K(848256K), 0.0046820 secs] [Times: user=0.02 sys=0.00, real=0.01 secs] 
2014-07-16T04:04:10.738+0000: 1799.826: [GC [PSYoungGen: 161234K->1172K(192768K)] 491505K->331491K(879744K), 0.0126990 secs] [Times: user=0.06 sys=0.00, real=0.01 secs] 
2014-07-16T04:04:11.452+0000: 1800.540: [GC [PSYoungGen: 192723K->1150K(188672K)] 523042K->331607K(875648K), 0.0045670 secs] [Times: user=0.02 sys=0.00, real=0.01 secs] 
2014-07-16T04:04:12.119+0000: 1801.207: [GC [PSYoungGen: 188670K->1086K(184704K)] 519127K->331607K(871680K), 0.0048150 secs] [Times: user=0.02 sys=0.01, real=0.00 secs] 
2014-07-16T04:04:12.790+0000: 1801.879: [GC [PSYoungGen: 184702K->1386K(181248K)] 515223K->331995K(868224K), 0.0038790 secs] [Times: user=0.03 sys=0.00, real=0.00 secs] 
2014-07-16T04:04:13.432+0000: 1802.520: [GC [PSYoungGen: 181198K->890K(177088K)] 511807K->331587K(864064K), 0.0064370 secs] [Times: user=0.04 sys=0.01, real=0.01 secs] 
2014-07-16T04:04:14.094+0000: 1803.182: [GC [PSYoungGen: 177082K->904K(212416K)] 507779K->331657K(899392K), 0.0128220 secs] [Times: user=0.07 sys=0.00, real=0.02 secs] 
2014-07-16T04:04:14.879+0000: 1803.967: [GC [PSYoungGen: 212311K->1086K(254848K)] 543064K->331935K(941824K), 0.0085950 secs] [Times: user=0.06 sys=0.00, real=0.01 secs] 
2014-07-16T04:04:15.850+0000: 1804.938: [GC [PSYoungGen: 254830K->1538K(283456K)] 585679K->332467K(970432K), 0.0075830 secs] [Times: user=0.02 sys=0.01, real=0.01 secs] 
2014-07-16T04:04:16.872+0000: 1805.960: [GC [PSYoungGen: 283394K->576K(275072K)] 614323K->331593K(962048K), 0.0047620 secs] [Times: user=0.03 sys=0.00, real=0.01 secs] 
2014-07-16T04:04:17.892+0000: 1806.980: [GC [PSYoungGen: 275072K->644K(268160K)] 606089K->331709K(955136K), 0.0121890 secs] [Times: user=0.07 sys=0.00, real=0.01 secs] 
2014-07-16T04:04:18.910+0000: 1807.998: [GC [PSYoungGen: 268100K->936K(261632K)] 599165K->332105K(948608K), 0.0074690 secs] [Times: user=0.05 sys=0.00, real=0.01 secs] 
2014-07-16T04:04:19.838+0000: 1808.926: [GC [PSYoungGen: 261608K->958K(255104K)] 592777K->332183K(942080K), 0.0076860 secs] [Times: user=0.03 sys=0.00, real=0.00 secs] 
2014-07-16T04:04:20.748+0000: 1809.837: [GC [PSYoungGen: 255102K->1780K(249664K)] 586327K->333085K(936640K), 0.0064530 secs] [Times: user=0.04 sys=0.00, real=0.00 secs] 
2014-07-16T04:04:21.655+0000: 1810.743: [GC [PSYoungGen: 249644K->808K(242688K)] 580949K->332193K(929664K), 0.0057780 secs] [Times: user=0.04 sys=0.00, real=0.01 secs] 
2014-07-16T04:04:22.553+0000: 1811.641: [GC [PSYoungGen: 242628K->868K(236928K)] 574013K->332325K(923904K), 0.0082570 secs] [Times: user=0.04 sys=0.00, real=0.01 secs] 
2014-07-16T04:04:23.431+0000: 1812.519: [GC [PSYoungGen: 236866K->1108K(231552K)] 568323K->332621K(918528K), 0.0039140 secs] [Times: user=0.02 sys=0.00, real=0.00 secs] 
2014-07-16T04:04:24.318+0000: 1813.406: [GC [PSYoungGen: 231508K->1008K(226048K)] 563021K->332577K(913024K), 0.0086680 secs] [Times: user=0.05 sys=0.00, real=0.00 secs] 
2014-07-16T04:04:25.160+0000: 1814.248: [GC [PSYoungGen: 225998K->1072K(220928K)] 557567K->332721K(907904K), 0.0064670 secs] [Times: user=0.02 sys=0.00, real=0.00 secs] 
2014-07-16T04:04:26.012+0000: 1815.100: [GC [PSYoungGen: 220903K->1172K(216000K)] 552552K->332885K(902976K), 0.0091800 secs] [Times: user=0.06 sys=0.00, real=0.01 secs] 
2014-07-16T04:04:26.794+0000: 1815.882: [GC [PSYoungGen: 215956K->936K(210880K)] 547669K->332729K(897856K), 0.0047020 secs] [Times: user=0.03 sys=0.00, real=0.01 secs] 
2014-07-16T04:04:27.571+0000: 1816.659: [GC [PSYoungGen: 210855K->612K(205888K)] 542648K->332461K(892864K), 0.0051190 secs] [Times: user=0.02 sys=0.00, real=0.00 secs] 
2014-07-16T04:04:28.394+0000: 1817.482: [GC [PSYoungGen: 205860K->1404K(202112K)] 537709K->333325K(889088K), 0.0088280 secs] [Times: user=0.05 sys=0.00, real=0.01 secs] 
2014-07-16T04:04:29.118+0000: 1818.206: [GC [PSYoungGen: 202108K->690K(197056K)] 534029K->332691K(884032K), 0.0060480 secs] [Times: user=0.04 sys=0.00, real=0.01 secs] 
2014-07-16T04:04:29.845+0000: 1818.933: [GC [PSYoungGen: 197042K->1150K(193280K)] 529043K->333231K(880256K), 0.0079530 secs] [Times: user=0.06 sys=0.00, real=0.01 secs] 
2014-07-16T04:04:30.553+0000: 1819.641: [GC [PSYoungGen: 193263K->780K(188864K)] 525344K->332917K(875840K), 0.0069340 secs] [Times: user=0.04 sys=0.00, real=0.01 secs] 
2014-07-16T04:04:31.313+0000: 1820.402: [GC [PSYoungGen: 188789K->1522K(185664K)] 520927K->334163K(872640K), 0.0077380 secs] [Times: user=0.05 sys=0.00, real=0.01 secs] 
2014-07-16T04:04:31.989+0000: 1821.077: [GC [PSYoungGen: 185650K->694K(181056K)] 518291K->333399K(868032K), 0.0046260 secs] [Times: user=0.02 sys=0.00, real=0.01 secs] 
2014-07-16T04:04:32.640+0000: 1821.729: [GC [PSYoungGen: 181046K->1104K(177792K)] 513751K->333905K(864768K), 0.0067900 secs] [Times: user=0.04 sys=0.00, real=0.00 secs] 
2014-07-16T04:04:33.292+0000: 1822.380: [GC [PSYoungGen: 177744K->1004K(174080K)] 510545K->333853K(861056K), 0.0083420 secs] [Times: user=0.05 sys=0.00, real=0.01 secs] 
2014-07-16T04:04:33.930+0000: 1823.019: [GC [PSYoungGen: 174060K->826K(208512K)] 506909K->333739K(895488K), 0.0074760 secs] [Times: user=0.04 sys=0.00, real=0.00 secs] 
2014-07-16T04:04:34.672+0000: 1823.760: [GC [PSYoungGen: 208506K->1226K(204352K)] 541419K->334195K(891328K), 0.0071890 secs] [Times: user=0.04 sys=0.00, real=0.01 secs] 
2014-07-16T04:04:35.422+0000: 1824.510: [GC [PSYoungGen: 204298K->754K(244480K)] 537267K->333779K(931456K), 0.0084790 secs] [Times: user=0.06 sys=0.00, real=0.01 secs] 
2014-07-16T04:04:36.379+0000: 1825.467: [GC [PSYoungGen: 244423K->1372K(239232K)] 577448K->334453K(926208K), 0.0077250 secs] [Times: user=0.04 sys=0.01, real=0.00 secs] 
2014-07-16T04:04:37.238+0000: 1826.326: [GC [PSYoungGen: 239196K->1454K(233600K)] 572277K->334705K(920576K), 0.0042460 secs] [Times: user=0.02 sys=0.00, real=0.01 secs] 
2014-07-16T04:04:38.100+0000: 1827.188: [GC [PSYoungGen: 233544K->1446K(228160K)] 566796K->334785K(915136K), 0.0074510 secs] [Times: user=0.05 sys=0.00, real=0.01 secs] 
2014-07-16T04:04:39.021+0000: 1828.110: [GC [PSYoungGen: 228043K->1040K(222528K)] 561382K->334419K(909504K), 0.0111390 secs] [Times: user=0.06 sys=0.00, real=0.01 secs] 
2014-07-16T04:04:39.815+0000: 1828.904: [GC [PSYoungGen: 222480K->1364K(262272K)] 555859K->334831K(949248K), 0.0133210 secs] [Times: user=0.07 sys=0.01, real=0.01 secs] 
2014-07-16T04:04:40.689+0000: 1829.777: [GC [PSYoungGen: 261652K->1336K(267776K)] 595119K->334883K(954752K), 0.0089460 secs] [Times: user=0.05 sys=0.01, real=0.01 secs] 
2014-07-16T04:04:41.685+0000: 1830.773: [GC [PSYoungGen: 267128K->990K(260096K)] 600675K->334625K(947072K), 0.0074380 secs] [Times: user=0.04 sys=0.00, real=0.01 secs] 
2014-07-16T04:04:42.621+0000: 1831.709: [GC [PSYoungGen: 260062K->936K(253568K)] 593697K->334843K(940544K), 0.0059870 secs] [Times: user=0.02 sys=0.00, real=0.00 secs] 
2014-07-16T04:04:43.489+0000: 1832.578: [GC [PSYoungGen: 253544K->1590K(248000K)] 587451K->335577K(934976K), 0.0077350 secs] [Times: user=0.04 sys=0.00, real=0.01 secs] 
2014-07-16T04:04:44.373+0000: 1833.461: [GC [PSYoungGen: 247953K->1022K(241408K)] 581940K->335115K(928384K), 0.0105080 secs] [Times: user=0.06 sys=0.00, real=0.01 secs] 
2014-07-16T04:04:45.237+0000: 1834.325: [GC [PSYoungGen: 241392K->1354K(236032K)] 575486K->335495K(923008K), 0.0059040 secs] [Times: user=0.02 sys=0.00, real=0.01 secs] 
2014-07-16T04:04:46.053+0000: 1835.142: [GC [PSYoungGen: 235977K->758K(229824K)] 570118K->334947K(916800K), 0.0078810 secs] [Times: user=0.05 sys=0.00, real=0.01 secs] 
2014-07-16T04:04:46.987+0000: 1836.075: [GC [PSYoungGen: 229810K->1296K(225024K)] 563999K->335557K(912000K), 0.0068900 secs] [Times: user=0.03 sys=0.00, real=0.01 secs] 
2014-07-16T04:04:47.735+0000: 1836.823: [GC [PSYoungGen: 224976K->1162K(219712K)] 559237K->335479K(906688K), 0.0071590 secs] [Times: user=0.05 sys=0.01, real=0.01 secs] 
2014-07-16T04:04:48.530+0000: 1837.618: [GC [PSYoungGen: 219658K->1154K(214720K)] 553975K->335543K(901696K), 0.0045550 secs] [Times: user=0.02 sys=0.01, real=0.01 secs] 
2014-07-16T04:04:49.333+0000: 1838.421: [GC [PSYoungGen: 214658K->1198K(209920K)] 549047K->336611K(896896K), 0.0074470 secs] [Times: user=0.05 sys=0.01, real=0.00 secs] 
2014-07-16T04:04:50.066+0000: 1839.154: [GC [PSYoungGen: 209902K->1386K(205504K)] 545315K->336879K(892480K), 0.0066400 secs] [Times: user=0.04 sys=0.00, real=0.01 secs] 
2014-07-16T04:04:50.787+0000: 1839.875: [GC [PSYoungGen: 205482K->996K(200640K)] 540975K->336719K(887616K), 0.0071410 secs] [Times: user=0.03 sys=0.00, real=0.01 secs] 
2014-07-16T04:04:51.609+0000: 1840.697: [GC [PSYoungGen: 200612K->1082K(240640K)] 536335K->336877K(927616K), 0.0168790 secs] [Times: user=0.09 sys=0.00, real=0.02 secs] 
2014-07-16T04:04:52.451+0000: 1841.539: [GC [PSYoungGen: 240592K->1000K(257856K)] 576388K->336875K(944832K), 0.0070780 secs] [Times: user=0.05 sys=0.00, real=0.01 secs] 
2014-07-16T04:04:53.356+0000: 1842.444: [GC [PSYoungGen: 256872K->1774K(257856K)] 592747K->337713K(944832K), 0.0099820 secs] [Times: user=0.07 sys=0.00, real=0.01 secs] 
2014-07-16T04:04:54.273+0000: 1843.361: [GC [PSYoungGen: 257646K->1468K(251008K)] 593585K->337495K(937984K), 0.0041830 secs] [Times: user=0.03 sys=0.00, real=0.00 secs] 
2014-07-16T04:04:55.111+0000: 1844.199: [GC [PSYoungGen: 250988K->1816K(245312K)] 587016K->337915K(932288K), 0.0044650 secs] [Times: user=0.02 sys=0.00, real=0.01 secs] 
2014-07-16T04:04:55.937+0000: 1845.025: [GC [PSYoungGen: 245251K->944K(238528K)] 581350K->337147K(925504K), 0.0085070 secs] [Times: user=0.04 sys=0.00, real=0.01 secs] 
2014-07-16T04:04:56.875+0000: 1845.964: [GC [PSYoungGen: 238512K->1942K(233856K)] 574715K->338210K(920832K), 0.0050610 secs] [Times: user=0.02 sys=0.00, real=0.00 secs] 
2014-07-16T04:04:57.707+0000: 1846.795: [GC [PSYoungGen: 233777K->1468K(227904K)] 570044K->337863K(914880K), 0.0080340 secs] [Times: user=0.05 sys=0.00, real=0.01 secs] 
2014-07-16T04:04:58.462+0000: 1847.550: [GC [PSYoungGen: 227897K->868K(222080K)] 564293K->337393K(909056K), 0.0043340 secs] [Times: user=0.02 sys=0.00, real=0.01 secs] 
2014-07-16T04:04:59.268+0000: 1848.356: [GC [PSYoungGen: 222039K->1186K(217344K)] 558565K->337759K(904320K), 0.0115950 secs] [Times: user=0.06 sys=0.00, real=0.01 secs] 
2014-07-16T04:05:00.063+0000: 1849.152: [GC [PSYoungGen: 217314K->1582K(260992K)] 553887K->338196K(947968K), 0.0131890 secs] [Times: user=0.08 sys=0.00, real=0.01 secs] 
2014-07-16T04:05:00.956+0000: 1850.044: [GC [PSYoungGen: 260974K->1282K(302528K)] 597588K->337959K(989504K), 0.0102670 secs] [Times: user=0.04 sys=0.01, real=0.01 secs] 
2014-07-16T04:05:02.121+0000: 1851.209: [GC [PSYoungGen: 302080K->1550K(294336K)] 638758K->338300K(981312K), 0.0047210 secs] [Times: user=0.02 sys=0.00, real=0.01 secs] 
2014-07-16T04:05:03.115+0000: 1852.203: [GC [PSYoungGen: 294286K->612K(300864K)] 631036K->337465K(987840K), 0.0139120 secs] [Times: user=0.08 sys=0.00, real=0.01 secs] 
2014-07-16T04:05:04.135+0000: 1853.223: [GC [PSYoungGen: 300834K->1496K(293696K)] 637688K->338389K(980672K), 0.0054380 secs] [Times: user=0.02 sys=0.00, real=0.00 secs] 
2014-07-16T04:05:05.130+0000: 1854.218: [GC [PSYoungGen: 293656K->702K(285120K)] 630549K->338097K(972096K), 0.0053080 secs] [Times: user=0.02 sys=0.00, real=0.01 secs] 
2014-07-16T04:05:06.163+0000: 1855.251: [GC [PSYoungGen: 285118K->1770K(278784K)] 622513K->339198K(965760K), 0.0128170 secs] [Times: user=0.08 sys=0.00, real=0.02 secs] 
2014-07-16T04:05:07.194+0000: 1856.282: [GC [PSYoungGen: 278762K->1164K(271040K)] 616190K->339086K(958016K), 0.0060020 secs] [Times: user=0.03 sys=0.01, real=0.00 secs] 
2014-07-16T04:05:08.153+0000: 1857.241: [GC [PSYoungGen: 270961K->1268K(264256K)] 608883K->339262K(951232K), 0.0070460 secs] [Times: user=0.05 sys=0.01, real=0.01 secs] 
2014-07-16T04:05:09.064+0000: 1858.153: [GC [PSYoungGen: 264244K->1018K(257408K)] 602238K->339084K(944384K), 0.0088950 secs] [Times: user=0.06 sys=0.00, real=0.00 secs] 
2014-07-16T04:05:10.032+0000: 1859.120: [GC [PSYoungGen: 257401K->1454K(251520K)] 595467K->339576K(938496K), 0.0047730 secs] [Times: user=0.02 sys=0.00, real=0.01 secs] 
2014-07-16T04:05:10.978+0000: 1860.066: [GC [PSYoungGen: 251500K->886K(244800K)] 589622K->339072K(931776K), 0.0064500 secs] [Times: user=0.04 sys=0.01, real=0.00 secs] 
2014-07-16T04:05:11.911+0000: 1860.999: [GC [PSYoungGen: 244790K->868K(238912K)] 582976K->339126K(925888K), 0.0038150 secs] [Times: user=0.02 sys=0.01, real=0.01 secs] 
2014-07-16T04:05:12.678+0000: 1861.766: [GC [PSYoungGen: 238884K->1072K(233408K)] 577142K->339394K(920384K), 0.0084240 secs] [Times: user=0.05 sys=0.00, real=0.01 secs] 
2014-07-16T04:05:13.506+0000: 1862.594: [GC [PSYoungGen: 233392K->1200K(228032K)] 571714K->339586K(915008K), 0.0115620 secs] [Times: user=0.06 sys=0.00, real=0.01 secs] 
2014-07-16T04:05:14.292+0000: 1863.380: [GC [PSYoungGen: 228013K->1260K(222848K)] 566399K->339710K(909824K), 0.0069270 secs] [Times: user=0.03 sys=0.00, real=0.01 secs] 
2014-07-16T04:05:15.088+0000: 1864.176: [GC [PSYoungGen: 222828K->1454K(217920K)] 561278K->339960K(904896K), 0.0091180 secs] [Times: user=0.05 sys=0.00, real=0.01 secs] 
2014-07-16T04:05:15.847+0000: 1864.936: [GC [PSYoungGen: 217859K->1012K(260800K)] 556365K->339728K(947776K), 0.0137190 secs] [Times: user=0.08 sys=0.00, real=0.01 secs] 
2014-07-16T04:05:16.862+0000: 1865.950: [GC [PSYoungGen: 260744K->1286K(254656K)] 599460K->340082K(941632K), 0.0040230 secs] [Times: user=0.02 sys=0.00, real=0.01 secs] 
2014-07-16T04:05:17.700+0000: 1866.788: [GC [PSYoungGen: 254598K->1404K(290112K)] 593394K->340428K(977088K), 0.0123150 secs] [Times: user=0.08 sys=0.00, real=0.01 secs] 
2014-07-16T04:05:18.677+0000: 1867.765: [GC [PSYoungGen: 290070K->1286K(282432K)] 629094K->340374K(969408K), 0.0045650 secs] [Times: user=0.02 sys=0.00, real=0.00 secs] 
2014-07-16T04:05:19.657+0000: 1868.746: [GC [PSYoungGen: 282374K->638K(274432K)] 621462K->340604K(961408K), 0.0115220 secs] [Times: user=0.07 sys=0.00, real=0.01 secs] 
2014-07-16T04:05:20.692+0000: 1869.781: [GC [PSYoungGen: 274384K->1852K(288832K)] 614350K->341850K(975808K), 0.0127280 secs] [Times: user=0.05 sys=0.00, real=0.01 secs] 
2014-07-16T04:05:21.656+0000: 1870.744: [GC [PSYoungGen: 288828K->1336K(280768K)] 628826K->341796K(967744K), 0.0080830 secs] [Times: user=0.06 sys=0.00, real=0.00 secs] 
2014-07-16T04:05:22.732+0000: 1871.820: [GC [PSYoungGen: 280757K->1126K(273344K)] 621217K->341674K(960320K), 0.0036540 secs] [Times: user=0.02 sys=0.00, real=0.00 secs] 
2014-07-16T04:05:23.676+0000: 1872.765: [GC [PSYoungGen: 273233K->1440K(266688K)] 613782K->342044K(953664K), 0.0076200 secs] [Times: user=0.05 sys=0.01, real=0.01 secs] 
2014-07-16T04:05:24.597+0000: 1873.686: [GC [PSYoungGen: 266656K->1604K(260160K)] 607260K->342296K(947136K), 0.0069030 secs] [Times: user=0.04 sys=0.00, real=0.00 secs] 
2014-07-16T04:05:25.476+0000: 1874.564: [GC [PSYoungGen: 260100K->748K(252800K)] 600792K->341708K(939776K), 0.0037070 secs] [Times: user=0.02 sys=0.00, real=0.01 secs] 
2014-07-16T04:05:26.342+0000: 1875.430: [GC [PSYoungGen: 252780K->1226K(247104K)] 593740K->342234K(934080K), 0.0146670 secs] [Times: user=0.09 sys=0.00, real=0.01 secs] 
2014-07-16T04:05:27.309+0000: 1876.397: [GC [PSYoungGen: 247050K->1304K(241216K)] 588058K->342626K(928192K), 0.0091220 secs] [Times: user=0.06 sys=0.00, real=0.01 secs] 
2014-07-16T04:05:28.136+0000: 1877.225: [GC [PSYoungGen: 241155K->1618K(235776K)] 582477K->343004K(922752K), 0.0086160 secs] [Times: user=0.05 sys=0.01, real=0.01 secs] 
2014-07-16T04:05:28.978+0000: 1878.066: [GC [PSYoungGen: 235730K->748K(281728K)] 577116K->342849K(968704K), 0.0105550 secs] [Times: user=0.06 sys=0.00, real=0.01 secs] 
2014-07-16T04:05:30.011+0000: 1879.099: [GC [PSYoungGen: 281708K->1700K(275392K)] 623809K->343889K(962368K), 0.0068860 secs] [Times: user=0.05 sys=0.00, real=0.01 secs] 
2014-07-16T04:05:31.062+0000: 1880.150: [GC [PSYoungGen: 275364K->1254K(267904K)] 617553K->343815K(954880K), 0.0042720 secs] [Times: user=0.02 sys=0.00, real=0.00 secs] 
2014-07-16T04:05:32.081+0000: 1881.170: [GC [PSYoungGen: 267878K->1452K(261376K)] 610439K->344085K(948352K), 0.0118130 secs] [Times: user=0.07 sys=0.01, real=0.01 secs] 
2014-07-16T04:05:32.939+0000: 1882.027: [GC [PSYoungGen: 261285K->1262K(254720K)] 603918K->344147K(941696K), 0.0088700 secs] [Times: user=0.05 sys=0.01, real=0.01 secs] 
2014-07-16T04:05:33.823+0000: 1882.911: [GC [PSYoungGen: 254702K->1454K(248640K)] 597587K->344403K(935616K), 0.0077800 secs] [Times: user=0.05 sys=0.00, real=0.01 secs] 
2014-07-16T04:05:34.686+0000: 1883.774: [GC [PSYoungGen: 248622K->1130K(242304K)] 591571K->344291K(929280K), 0.0058030 secs] [Times: user=0.03 sys=0.00, real=0.01 secs] 
2014-07-16T04:05:35.510+0000: 1884.598: [GC [PSYoungGen: 242282K->1008K(236352K)] 585443K->344225K(923328K), 0.0110690 secs] [Times: user=0.07 sys=0.00, real=0.01 secs] 
2014-07-16T04:05:36.353+0000: 1885.441: [GC [PSYoungGen: 236297K->868K(230656K)] 579514K->344189K(917632K), 0.0053070 secs] [Times: user=0.03 sys=0.00, real=0.00 secs] 
2014-07-16T04:05:37.270+0000: 1886.358: [GC [PSYoungGen: 230612K->1784K(277504K)] 573933K->345161K(964480K), 0.0132550 secs] [Times: user=0.08 sys=0.00, real=0.01 secs] 
2014-07-16T04:05:38.215+0000: 1887.303: [GC [PSYoungGen: 277496K->1194K(269824K)] 620873K->344743K(956800K), 0.0038800 secs] [Times: user=0.02 sys=0.01, real=0.00 secs] 
2014-07-16T04:05:39.111+0000: 1888.200: [GC [PSYoungGen: 269802K->708K(262528K)] 613351K->344313K(949504K), 0.0069160 secs] [Times: user=0.05 sys=0.00, real=0.00 secs] 
2014-07-16T04:05:40.029+0000: 1889.117: [GC [PSYoungGen: 262468K->1718K(256896K)] 606073K->345403K(943872K), 0.0119920 secs] [Times: user=0.07 sys=0.01, real=0.02 secs] 
2014-07-16T04:05:40.923+0000: 1890.011: [GC [PSYoungGen: 256847K->1218K(250112K)] 600532K->344975K(937088K), 0.0050630 secs] [Times: user=0.02 sys=0.00, real=0.00 secs] 
2014-07-16T04:05:41.951+0000: 1891.039: [GC [PSYoungGen: 249951K->1266K(244032K)] 593708K->345581K(931008K), 0.0076640 secs] [Times: user=0.03 sys=0.00, real=0.00 secs] 
2014-07-16T04:05:42.898+0000: 1891.986: [GC [PSYoungGen: 243984K->1076K(238016K)] 588300K->345447K(924992K), 0.0088010 secs] [Times: user=0.05 sys=0.00, real=0.01 secs] 
2014-07-16T04:05:43.716+0000: 1892.804: [GC [PSYoungGen: 238004K->1386K(232704K)] 582375K->346153K(919680K), 0.0071100 secs] [Times: user=0.04 sys=0.00, real=0.01 secs] 
2014-07-16T04:05:44.515+0000: 1893.603: [GC [PSYoungGen: 232682K->1068K(226944K)] 577449K->345891K(913920K), 0.0046860 secs] [Times: user=0.02 sys=0.00, real=0.00 secs] 
2014-07-16T04:05:45.311+0000: 1894.399: [GC [PSYoungGen: 226924K->1396K(222016K)] 571747K->346291K(908992K), 0.0043920 secs] [Times: user=0.02 sys=0.00, real=0.00 secs] 
2014-07-16T04:05:46.115+0000: 1895.203: [GC [PSYoungGen: 222004K->1500K(217088K)] 566899K->346467K(904064K), 0.0093790 secs] [Times: user=0.06 sys=0.00, real=0.01 secs] 
2014-07-16T04:05:46.854+0000: 1895.943: [GC [PSYoungGen: 217052K->1136K(211840K)] 562019K->346167K(898816K), 0.0048150 secs] [Times: user=0.02 sys=0.01, real=0.00 secs] 
2014-07-16T04:05:47.717+0000: 1896.806: [GC [PSYoungGen: 211824K->1654K(207616K)] 556855K->346757K(894592K), 0.0062640 secs] [Times: user=0.02 sys=0.00, real=0.01 secs] 
2014-07-16T04:05:48.471+0000: 1897.559: [GC [PSYoungGen: 207606K->1198K(202624K)] 552709K->346725K(889600K), 0.0071630 secs] [Times: user=0.04 sys=0.00, real=0.00 secs] 
2014-07-16T04:05:49.156+0000: 1898.244: [GC [PSYoungGen: 202530K->1604K(243392K)] 548057K->347187K(930368K), 0.0173410 secs] [Times: user=0.10 sys=0.00, real=0.02 secs] 
2014-07-16T04:05:50.026+0000: 1899.114: [GC [PSYoungGen: 243332K->1386K(291520K)] 588915K->347149K(978496K), 0.0073100 secs] [Times: user=0.05 sys=0.00, real=0.01 secs] 
2014-07-16T04:05:51.035+0000: 1900.123: [GC [PSYoungGen: 291498K->940K(308352K)] 637261K->346767K(995328K), 0.0085780 secs] [Times: user=0.06 sys=0.00, real=0.01 secs] 
2014-07-16T04:05:52.178+0000: 1901.266: [GC [PSYoungGen: 307244K->1436K(350272K)] 653071K->347327K(1037248K), 0.0104050 secs] [Times: user=0.07 sys=0.00, real=0.01 secs] 
2014-07-16T04:05:53.432+0000: 1902.521: [GC [PSYoungGen: 349660K->1474K(339776K)] 695551K->347429K(1026752K), 0.0048400 secs] [Times: user=0.02 sys=0.01, real=0.00 secs] 
2014-07-16T04:05:54.598+0000: 1903.686: [GC [PSYoungGen: 339714K->488K(329216K)] 685669K->347097K(1016192K), 0.0063760 secs] [Times: user=0.04 sys=0.00, real=0.01 secs] 
2014-07-16T04:05:55.824+0000: 1904.912: [GC [PSYoungGen: 329192K->1956K(321536K)] 675801K->348621K(1008512K), 0.0089800 secs] [Times: user=0.04 sys=0.00, real=0.01 secs] 
2014-07-16T04:05:56.918+0000: 1906.006: [GC [PSYoungGen: 321508K->1058K(311808K)] 668173K->348185K(998784K), 0.0075940 secs] [Times: user=0.04 sys=0.00, real=0.01 secs] 
2014-07-16T04:05:58.085+0000: 1907.173: [GC [PSYoungGen: 311759K->926K(303232K)] 658887K->348101K(990208K), 0.0102860 secs] [Times: user=0.05 sys=0.00, real=0.01 secs] 
2014-07-16T04:05:59.100+0000: 1908.188: [GC [PSYoungGen: 303179K->1180K(295360K)] 650354K->348395K(982336K), 0.0081870 secs] [Times: user=0.04 sys=0.00, real=0.01 secs] 
2014-07-16T04:06:00.130+0000: 1909.218: [GC [PSYoungGen: 295324K->1108K(287488K)] 642539K->348379K(974464K), 0.0070880 secs] [Times: user=0.04 sys=0.00, real=0.01 secs] 
2014-07-16T04:06:01.141+0000: 1910.229: [GC [PSYoungGen: 287426K->1222K(280128K)] 634698K->348557K(967104K), 0.0062170 secs] [Times: user=0.04 sys=0.00, real=0.01 secs] 
2014-07-16T04:06:02.166+0000: 1911.254: [GC [PSYoungGen: 280070K->1450K(273088K)] 627405K->348849K(960064K), 0.0079370 secs] [Times: user=0.04 sys=0.00, real=0.01 secs] 
2014-07-16T04:06:03.208+0000: 1912.296: [GC [PSYoungGen: 273065K->1272K(265984K)] 620465K->348767K(952960K), 0.0050580 secs] [Times: user=0.03 sys=0.00, real=0.01 secs] 
2014-07-16T04:06:04.110+0000: 1913.199: [GC [PSYoungGen: 265976K->1614K(259712K)] 613471K->349221K(946688K), 0.0055810 secs] [Times: user=0.04 sys=0.00, real=0.01 secs] 
2014-07-16T04:06:04.969+0000: 1914.058: [GC [PSYoungGen: 259662K->936K(252608K)] 607269K->348671K(939584K), 0.0041510 secs] [Times: user=0.02 sys=0.00, real=0.01 secs] 
2014-07-16T04:06:05.831+0000: 1914.919: [GC [PSYoungGen: 252584K->1890K(247360K)] 600319K->349674K(934336K), 0.0189560 secs] [Times: user=0.04 sys=0.00, real=0.02 secs] 
2014-07-16T04:06:06.675+0000: 1915.763: [GC [PSYoungGen: 247320K->972K(295552K)] 595104K->348903K(982528K), 0.0181630 secs] [Times: user=0.10 sys=0.00, real=0.01 secs] 
2014-07-16T04:06:07.825+0000: 1916.913: [GC [PSYoungGen: 295500K->1040K(340032K)] 643431K->349035K(1027008K), 0.0087810 secs] [Times: user=0.05 sys=0.00, real=0.01 secs] 
2014-07-16T04:06:08.990+0000: 1918.079: [GC [PSYoungGen: 338921K->1128K(355648K)] 686916K->349219K(1042624K), 0.0091730 secs] [Times: user=0.05 sys=0.00, real=0.01 secs] 
2014-07-16T04:06:10.271+0000: 1919.359: [GC [PSYoungGen: 354664K->1140K(344512K)] 702755K->349287K(1031488K), 0.0060380 secs] [Times: user=0.03 sys=0.00, real=0.01 secs] 
2014-07-16T04:06:11.452+0000: 1920.540: [GC [PSYoungGen: 344418K->954K(334528K)] 692566K->349295K(1021504K), 0.0066590 secs] [Times: user=0.04 sys=0.00, real=0.01 secs] 
2014-07-16T04:06:12.825+0000: 1921.913: [GC [PSYoungGen: 334522K->1722K(325888K)] 682863K->350087K(1012864K), 0.0158520 secs] [Times: user=0.09 sys=0.00, real=0.01 secs] 
2014-07-16T04:06:13.963+0000: 1923.052: [GC [PSYoungGen: 325858K->1194K(316352K)] 674223K->350102K(1003328K), 0.0044980 secs] [Times: user=0.02 sys=0.00, real=0.01 secs] 
2014-07-16T04:06:15.090+0000: 1924.178: [GC [PSYoungGen: 316330K->1372K(307904K)] 665238K->350394K(994880K), 0.0083400 secs] [Times: user=0.05 sys=0.00, real=0.01 secs] 
2014-07-16T04:06:16.161+0000: 1925.249: [GC [PSYoungGen: 307868K->1154K(299392K)] 656890K->350614K(986368K), 0.0050810 secs] [Times: user=0.02 sys=0.00, real=0.01 secs] 
2014-07-16T04:06:17.260+0000: 1926.348: [GC [PSYoungGen: 299315K->794K(291072K)] 648775K->350302K(978048K), 0.0081400 secs] [Times: user=0.05 sys=0.00, real=0.01 secs] 
2014-07-16T04:06:18.391+0000: 1927.479: [GC [PSYoungGen: 291034K->1064K(283648K)] 640542K->350636K(970624K), 0.0043570 secs] [Times: user=0.02 sys=0.00, real=0.01 secs] 
2014-07-16T04:06:19.364+0000: 1928.453: [GC [PSYoungGen: 283624K->790K(276032K)] 633196K->350426K(963008K), 0.0082770 secs] [Times: user=0.04 sys=0.00, real=0.01 secs] 
2014-07-16T04:06:20.324+0000: 1929.412: [GC [PSYoungGen: 275990K->1756K(269888K)] 625626K->351472K(956864K), 0.0035760 secs] [Times: user=0.02 sys=0.00, real=0.01 secs] 
2014-07-16T04:06:21.285+0000: 1930.374: [GC [PSYoungGen: 269852K->1140K(262464K)] 619568K->350904K(949440K), 0.0042580 secs] [Times: user=0.02 sys=0.00, real=0.00 secs] 
2014-07-16T04:06:22.328+0000: 1931.417: [GC [PSYoungGen: 262451K->1442K(256256K)] 612215K->351278K(943232K), 0.0084910 secs] [Times: user=0.05 sys=0.01, real=0.01 secs] 
2014-07-16T04:06:23.327+0000: 1932.415: [GC [PSYoungGen: 256224K->1390K(249920K)] 606060K->351266K(936896K), 0.0115730 secs] [Times: user=0.07 sys=0.00, real=0.01 secs] 
2014-07-16T04:06:24.204+0000: 1933.292: [GC [PSYoungGen: 249861K->1358K(243840K)] 599737K->351290K(930816K), 0.0074840 secs] [Times: user=0.06 sys=0.00, real=0.01 secs] 
2014-07-16T04:06:25.040+0000: 1934.129: [GC [PSYoungGen: 243778K->1028K(237696K)] 593710K->351015K(924672K), 0.0108180 secs] [Times: user=0.06 sys=0.01, real=0.01 secs] 
2014-07-16T04:06:25.868+0000: 1934.957: [GC [PSYoungGen: 237636K->958K(231936K)] 587623K->351042K(918912K), 0.0074990 secs] [Times: user=0.04 sys=0.00, real=0.01 secs] 
2014-07-16T04:06:26.681+0000: 1935.769: [GC [PSYoungGen: 231934K->1468K(278656K)] 582018K->351624K(965632K), 0.0157260 secs] [Times: user=0.10 sys=0.00, real=0.02 secs] 
2014-07-16T04:06:27.632+0000: 1936.721: [GC [PSYoungGen: 278652K->1040K(271104K)] 628808K->351236K(958080K), 0.0056240 secs] [Times: user=0.03 sys=0.00, real=0.01 secs] 
2014-07-16T04:06:28.581+0000: 1937.669: [GC [PSYoungGen: 271034K->1140K(264320K)] 621229K->351408K(951296K), 0.0064740 secs] [Times: user=0.03 sys=0.00, real=0.01 secs] 
2014-07-16T04:06:29.532+0000: 1938.620: [GC [PSYoungGen: 264300K->1282K(257920K)] 614568K->351654K(944896K), 0.0064850 secs] [Times: user=0.04 sys=0.00, real=0.01 secs] 
2014-07-16T04:06:30.396+0000: 1939.484: [GC [PSYoungGen: 257858K->1090K(251328K)] 608230K->351534K(938304K), 0.0067850 secs] [Times: user=0.03 sys=0.00, real=0.01 secs] 
2014-07-16T04:06:31.306+0000: 1940.394: [GC [PSYoungGen: 251258K->1258K(245312K)] 601702K->351832K(932288K), 0.0037370 secs] [Times: user=0.02 sys=0.00, real=0.01 secs] 
2014-07-16T04:06:32.208+0000: 1941.296: [GC [PSYoungGen: 245273K->1482K(239680K)] 595847K->352136K(926656K), 0.0073700 secs] [Times: user=0.04 sys=0.01, real=0.00 secs] 
2014-07-16T04:06:33.377+0000: 1942.465: [GC [PSYoungGen: 239610K->830K(233280K)] 590264K->351978K(920256K), 0.0040010 secs] [Times: user=0.02 sys=0.00, real=0.01 secs] 
2014-07-16T04:06:34.169+0000: 1943.257: [GC [PSYoungGen: 233241K->1068K(228032K)] 584389K->352296K(915008K), 0.0049560 secs] [Times: user=0.02 sys=0.00, real=0.00 secs] 
2014-07-16T04:06:34.927+0000: 1944.015: [GC [PSYoungGen: 228012K->1122K(222784K)] 579240K->352588K(909760K), 0.0062910 secs] [Times: user=0.04 sys=0.00, real=0.01 secs] 
2014-07-16T04:06:35.664+0000: 1944.752: [GC [PSYoungGen: 222729K->1158K(217728K)] 574195K->352688K(904704K), 0.0100320 secs] [Times: user=0.06 sys=0.00, real=0.01 secs] 
2014-07-16T04:06:36.407+0000: 1945.495: [GC [PSYoungGen: 217649K->1036K(212672K)] 569179K->352630K(899648K), 0.0035700 secs] [Times: user=0.02 sys=0.00, real=0.01 secs] 
2014-07-16T04:06:37.128+0000: 1946.216: [GC [PSYoungGen: 212620K->1054K(207936K)] 564214K->352672K(894912K), 0.0072910 secs] [Times: user=0.01 sys=0.00, real=0.00 secs] 
2014-07-16T04:06:37.835+0000: 1946.923: [GC [PSYoungGen: 207901K->1136K(203456K)] 559519K->352826K(890432K), 0.0046700 secs] [Times: user=0.02 sys=0.00, real=0.01 secs] 
2014-07-16T04:06:38.676+0000: 1947.764: [GC [PSYoungGen: 203439K->1646K(199552K)] 555129K->353466K(886528K), 0.0064070 secs] [Times: user=0.02 sys=0.00, real=0.01 secs] 
2014-07-16T04:06:39.344+0000: 1948.432: [GC [PSYoungGen: 199534K->556K(194176K)] 551354K->353034K(881152K), 0.0082360 secs] [Times: user=0.05 sys=0.00, real=0.01 secs] 
2014-07-16T04:06:40.011+0000: 1949.099: [GC [PSYoungGen: 194156K->1204K(190720K)] 546634K->353739K(877696K), 0.0063390 secs] [Times: user=0.03 sys=0.00, real=0.00 secs] 
2014-07-16T04:06:40.674+0000: 1949.762: [GC [PSYoungGen: 190708K->922K(228416K)] 543243K->353711K(915392K), 0.0100830 secs] [Times: user=0.06 sys=0.00, real=0.01 secs] 
2014-07-16T04:06:41.462+0000: 1950.551: [GC [PSYoungGen: 228378K->740K(273728K)] 581167K->353609K(960704K), 0.0075510 secs] [Times: user=0.05 sys=0.00, real=0.01 secs] 
2014-07-16T04:06:42.412+0000: 1951.501: [GC [PSYoungGen: 273700K->1278K(267264K)] 626569K->354187K(954240K), 0.0072540 secs] [Times: user=0.02 sys=0.00, real=0.01 secs] 
2014-07-16T04:06:43.517+0000: 1952.605: [GC [PSYoungGen: 267262K->1168K(260480K)] 620171K->354125K(947456K), 0.0108350 secs] [Times: user=0.07 sys=0.01, real=0.01 secs] 
2014-07-16T04:06:44.429+0000: 1953.517: [GC [PSYoungGen: 260432K->836K(253696K)] 613389K->353857K(940672K), 0.0054830 secs] [Times: user=0.02 sys=0.00, real=0.00 secs] 
2014-07-16T04:06:45.283+0000: 1954.372: [GC [PSYoungGen: 253630K->1172K(247808K)] 606651K->354257K(934784K), 0.0096510 secs] [Times: user=0.05 sys=0.01, real=0.01 secs] 
2014-07-16T04:06:46.129+0000: 1955.218: [GC [PSYoungGen: 247764K->922K(241536K)] 600849K->354063K(928512K), 0.0080550 secs] [Times: user=0.04 sys=0.00, real=0.00 secs] 
2014-07-16T04:06:46.960+0000: 1956.048: [GC [PSYoungGen: 241498K->1464K(236288K)] 594639K->354685K(923264K), 0.0086980 secs] [Times: user=0.05 sys=0.00, real=0.01 secs] 
2014-07-16T04:06:47.753+0000: 1956.841: [GC [PSYoungGen: 236280K->812K(230080K)] 589501K->354187K(917056K), 0.0042080 secs] [Times: user=0.01 sys=0.00, real=0.00 secs] 
2014-07-16T04:06:48.644+0000: 1957.732: [GC [PSYoungGen: 230060K->1382K(225280K)] 583435K->354845K(912256K), 0.0091540 secs] [Times: user=0.06 sys=0.00, real=0.01 secs] 
2014-07-16T04:06:49.412+0000: 1958.500: [GC [PSYoungGen: 225254K->1136K(219840K)] 578717K->354879K(906816K), 0.0076000 secs] [Times: user=0.05 sys=0.00, real=0.00 secs] 
2014-07-16T04:06:50.164+0000: 1959.252: [GC [PSYoungGen: 219824K->900K(214656K)] 573567K->354715K(901632K), 0.0086770 secs] [Times: user=0.06 sys=0.00, real=0.01 secs] 
2014-07-16T04:06:50.884+0000: 1959.972: [GC [PSYoungGen: 214596K->1050K(209984K)] 568411K->354961K(896960K), 0.0073500 secs] [Times: user=0.05 sys=0.00, real=0.01 secs] 
2014-07-16T04:06:51.617+0000: 1960.705: [GC [PSYoungGen: 209946K->1514K(252224K)] 563857K->355489K(939200K), 0.0089110 secs] [Times: user=0.05 sys=0.00, real=0.01 secs] 
2014-07-16T04:06:52.536+0000: 1961.624: [GC [PSYoungGen: 252202K->630K(245184K)] 606177K->355221K(932160K), 0.0047770 secs] [Times: user=0.02 sys=0.00, real=0.01 secs] 
2014-07-16T04:06:53.503+0000: 1962.591: [GC [PSYoungGen: 245174K->1696K(295232K)] 599765K->356553K(982208K), 0.0171330 secs] [Times: user=0.10 sys=0.00, real=0.01 secs] 
2014-07-16T04:06:54.584+0000: 1963.672: [GC [PSYoungGen: 295200K->1086K(322944K)] 650057K->356231K(1009920K), 0.0080890 secs] [Times: user=0.06 sys=0.01, real=0.01 secs] 
2014-07-16T04:06:55.676+0000: 1964.764: [GC [PSYoungGen: 322875K->1490K(314432K)] 678020K->356857K(1001408K), 0.0087300 secs] [Times: user=0.06 sys=0.00, real=0.01 secs] 
2014-07-16T04:06:56.765+0000: 1965.853: [GC [PSYoungGen: 314386K->438K(304768K)] 669753K->356543K(991744K), 0.0059090 secs] [Times: user=0.02 sys=0.00, real=0.01 secs] 
2014-07-16T04:06:57.807+0000: 1966.896: [GC [PSYoungGen: 304721K->1650K(297792K)] 660826K->357835K(984768K), 0.0076190 secs] [Times: user=0.04 sys=0.00, real=0.01 secs] 
2014-07-16T04:06:58.902+0000: 1967.990: [GC [PSYoungGen: 297778K->1500K(289792K)] 653963K->358081K(976768K), 0.0081640 secs] [Times: user=0.05 sys=0.00, real=0.00 secs] 
2014-07-16T04:06:59.881+0000: 1968.969: [GC [PSYoungGen: 289756K->1764K(282496K)] 646337K->358441K(969472K), 0.0077600 secs] [Times: user=0.05 sys=0.00, real=0.00 secs] 
2014-07-16T04:07:00.833+0000: 1969.922: [GC [PSYoungGen: 282468K->698K(274112K)] 639145K->357843K(961088K), 0.0031910 secs] [Times: user=0.01 sys=0.00, real=0.00 secs] 
2014-07-16T04:07:01.767+0000: 1970.855: [GC [PSYoungGen: 274106K->1950K(268416K)] 631251K->359167K(955392K), 0.0078340 secs] [Times: user=0.03 sys=0.00, real=0.01 secs] 
2014-07-16T04:07:02.675+0000: 1971.763: [GC [PSYoungGen: 268333K->1378K(261120K)] 625550K->358839K(948096K), 0.0053660 secs] [Times: user=0.03 sys=0.00, real=0.00 secs] 
2014-07-16T04:07:03.656+0000: 1972.744: [GC [PSYoungGen: 261090K->1388K(254656K)] 618551K->358921K(941632K), 0.0045550 secs] [Times: user=0.02 sys=0.00, real=0.00 secs] 
2014-07-16T04:07:04.586+0000: 1973.674: [GC [PSYoungGen: 254636K->1100K(248128K)] 612169K->358689K(935104K), 0.0061100 secs] [Times: user=0.02 sys=0.00, real=0.01 secs] 
2014-07-16T04:07:05.515+0000: 1974.603: [GC [PSYoungGen: 248076K->926K(241920K)] 605665K->358603K(928896K), 0.0102800 secs] [Times: user=0.06 sys=0.00, real=0.01 secs] 
2014-07-16T04:07:06.408+0000: 1975.496: [GC [PSYoungGen: 241859K->1200K(236416K)] 599536K->358917K(923392K), 0.0090590 secs] [Times: user=0.04 sys=0.00, real=0.01 secs] 
2014-07-16T04:07:07.209+0000: 1976.297: [GC [PSYoungGen: 236400K->1276K(230912K)] 594117K->359025K(917888K), 0.0062750 secs] [Times: user=0.03 sys=0.00, real=0.01 secs] 
2014-07-16T04:07:08.010+0000: 1977.098: [GC [PSYoungGen: 230908K->1286K(225600K)] 588657K->359107K(912576K), 0.0068360 secs] [Times: user=0.03 sys=0.00, real=0.01 secs] 
2014-07-16T04:07:08.884+0000: 1977.972: [GC [PSYoungGen: 225542K->1338K(270464K)] 583363K->359207K(957440K), 0.0217090 secs] [Times: user=0.13 sys=0.00, real=0.02 secs] 
2014-07-16T04:07:09.799+0000: 1978.887: [GC [PSYoungGen: 270458K->1082K(312896K)] 628327K->359047K(999872K), 0.0040260 secs] [Times: user=0.02 sys=0.00, real=0.01 secs] 
2014-07-16T04:07:10.937+0000: 1980.025: [GC [PSYoungGen: 312762K->1488K(304704K)] 670727K->359517K(991680K), 0.0055670 secs] [Times: user=0.02 sys=0.00, real=0.00 secs] 
2014-07-16T04:07:12.038+0000: 1981.126: [GC [PSYoungGen: 304656K->356K(295360K)] 662685K->358799K(982336K), 0.0064710 secs] [Times: user=0.04 sys=0.00, real=0.01 secs] 
2014-07-16T04:07:13.102+0000: 1982.190: [GC [PSYoungGen: 295332K->1496K(288704K)] 653775K->360027K(975680K), 0.0075870 secs] [Times: user=0.05 sys=0.01, real=0.01 secs] 
2014-07-16T04:07:14.374+0000: 1983.462: [GC [PSYoungGen: 288644K->1340K(280960K)] 647175K->360183K(967936K), 0.0034920 secs] [Times: user=0.02 sys=0.00, real=0.00 secs] 
2014-07-16T04:07:15.336+0000: 1984.424: [GC [PSYoungGen: 280939K->1154K(273600K)] 639782K->360093K(960576K), 0.0066560 secs] [Times: user=0.05 sys=0.00, real=0.00 secs] 
2014-07-16T04:07:16.293+0000: 1985.381: [GC [PSYoungGen: 273538K->990K(266432K)] 632477K->360017K(953408K), 0.0064140 secs] [Times: user=0.04 sys=0.00, real=0.01 secs] 
2014-07-16T04:07:17.257+0000: 1986.345: [GC [PSYoungGen: 266398K->990K(259712K)] 625425K->360089K(946688K), 0.0080100 secs] [Times: user=0.05 sys=0.00, real=0.01 secs] 
2014-07-16T04:07:18.118+0000: 1987.206: [GC [PSYoungGen: 259678K->1700K(253952K)] 618777K->360937K(940928K), 0.0055890 secs] [Times: user=0.03 sys=0.01, real=0.00 secs] 
2014-07-16T04:07:19.163+0000: 1988.251: [GC [PSYoungGen: 253921K->1236K(247296K)] 613158K->360553K(934272K), 0.0083960 secs] [Times: user=0.05 sys=0.00, real=0.01 secs] 
2014-07-16T04:07:19.986+0000: 1989.074: [GC [PSYoungGen: 247218K->1004K(241088K)] 606535K->360575K(928064K), 0.0059630 secs] [Times: user=0.02 sys=0.00, real=0.00 secs] 
2014-07-16T04:07:20.815+0000: 1989.904: [GC [PSYoungGen: 241051K->1076K(235392K)] 600622K->360711K(922368K), 0.0066060 secs] [Times: user=0.04 sys=0.00, real=0.00 secs] 
2014-07-16T04:07:21.609+0000: 1990.697: [GC [PSYoungGen: 235380K->1154K(229952K)] 595015K->361069K(916928K), 0.0074070 secs] [Times: user=0.05 sys=0.00, real=0.01 secs] 
2014-07-16T04:07:22.431+0000: 1991.519: [GC [PSYoungGen: 229890K->1028K(224448K)] 589805K->361023K(911424K), 0.0087450 secs] [Times: user=0.05 sys=0.00, real=0.01 secs] 
2014-07-16T04:07:23.213+0000: 1992.301: [GC [PSYoungGen: 224379K->1310K(219520K)] 584374K->361353K(906496K), 0.0097080 secs] [Times: user=0.05 sys=0.00, real=0.01 secs] 
2014-07-16T04:07:24.173+0000: 1993.261: [GC [PSYoungGen: 219476K->1374K(214592K)] 579519K->361481K(901568K), 0.0068910 secs] [Times: user=0.03 sys=0.00, real=0.01 secs] 
2014-07-16T04:07:25.020+0000: 1994.108: [GC [PSYoungGen: 214541K->870K(209280K)] 574648K->361653K(896256K), 0.0078050 secs] [Times: user=0.05 sys=0.00, real=0.01 secs] 
2014-07-16T04:07:25.742+0000: 1994.830: [GC [PSYoungGen: 209254K->1550K(205376K)] 570037K->362439K(892352K), 0.0086070 secs] [Times: user=0.05 sys=0.00, real=0.01 secs] 
2014-07-16T04:07:26.456+0000: 1995.544: [GC [PSYoungGen: 205326K->1104K(200448K)] 566215K->362605K(887424K), 0.0074050 secs] [Times: user=0.05 sys=0.00, real=0.00 secs] 
2014-07-16T04:07:27.126+0000: 1996.214: [GC [PSYoungGen: 200400K->704K(239872K)] 561901K->362245K(926848K), 0.0151370 secs] [Times: user=0.10 sys=0.00, real=0.01 secs] 
2014-07-16T04:07:27.976+0000: 1997.064: [GC [PSYoungGen: 239872K->1486K(288576K)] 601413K->363115K(975552K), 0.0065800 secs] [Times: user=0.05 sys=0.00, real=0.00 secs] 
2014-07-16T04:07:29.081+0000: 1998.169: [GC [PSYoungGen: 288526K->1542K(300288K)] 650155K->363219K(987264K), 0.0156490 secs] [Times: user=0.09 sys=0.00, real=0.02 secs] 
2014-07-16T04:07:30.139+0000: 1999.227: [GC [PSYoungGen: 299910K->1684K(346368K)] 661587K->363441K(1033344K), 0.0045880 secs] [Times: user=0.03 sys=0.00, real=0.00 secs] 
2014-07-16T04:07:31.321+0000: 2000.409: [GC [PSYoungGen: 346039K->1322K(335936K)] 707797K->363151K(1022912K), 0.0105030 secs] [Times: user=0.06 sys=0.00, real=0.01 secs] 
2014-07-16T04:07:32.487+0000: 2001.576: [GC [PSYoungGen: 335866K->744K(325952K)] 697696K->362741K(1012928K), 0.0068110 secs] [Times: user=0.04 sys=0.01, real=0.00 secs] 
2014-07-16T04:07:33.602+0000: 2002.691: [GC [PSYoungGen: 325928K->1608K(317824K)] 687925K->363661K(1004800K), 0.0041030 secs] [Times: user=0.02 sys=0.00, real=0.01 secs] 
2014-07-16T04:07:34.912+0000: 2004.000: [GC [PSYoungGen: 317768K->1586K(309056K)] 679821K->363999K(996032K), 0.0075080 secs] [Times: user=0.04 sys=0.01, real=0.01 secs] 
2014-07-16T04:07:36.015+0000: 2005.103: [GC [PSYoungGen: 309042K->1514K(300672K)] 671455K->364015K(987648K), 0.0071700 secs] [Times: user=0.05 sys=0.00, real=0.01 secs] 
2014-07-16T04:07:37.087+0000: 2006.175: [GC [PSYoungGen: 300636K->1360K(292544K)] 663137K->363991K(979520K), 0.0078990 secs] [Times: user=0.05 sys=0.00, real=0.01 secs] 
2014-07-16T04:07:38.082+0000: 2007.170: [GC [PSYoungGen: 292457K->1486K(284992K)] 655089K->364229K(971968K), 0.0041360 secs] [Times: user=0.02 sys=0.01, real=0.00 secs] 
2014-07-16T04:07:39.061+0000: 2008.149: [GC [PSYoungGen: 284942K->968K(277120K)] 647685K->363775K(964096K), 0.0039300 secs] [Times: user=0.03 sys=0.00, real=0.00 secs] 
2014-07-16T04:07:40.118+0000: 2009.206: [GC [PSYoungGen: 277064K->1524K(270528K)] 639871K->364395K(957504K), 0.0053930 secs] [Times: user=0.02 sys=0.00, real=0.00 secs] 
2014-07-16T04:07:41.051+0000: 2010.139: [GC [PSYoungGen: 270472K->1710K(263872K)] 633343K->364717K(950848K), 0.0191790 secs] [Times: user=0.13 sys=0.00, real=0.02 secs] 
2014-07-16T04:07:41.938+0000: 2011.026: [GC [PSYoungGen: 263854K->1218K(256832K)] 626861K->364297K(943808K), 0.0065960 secs] [Times: user=0.04 sys=0.00, real=0.01 secs] 
2014-07-16T04:07:42.796+0000: 2011.884: [GC [PSYoungGen: 256770K->972K(250240K)] 619849K->364091K(937216K), 0.0046960 secs] [Times: user=0.02 sys=0.00, real=0.01 secs] 
2014-07-16T04:07:43.635+0000: 2012.723: [GC [PSYoungGen: 250188K->1428K(244608K)] 613307K->364619K(931584K), 0.0052100 secs] [Times: user=0.02 sys=0.00, real=0.01 secs] 
2014-07-16T04:07:44.584+0000: 2013.673: [GC [PSYoungGen: 244564K->1210K(238464K)] 607755K->364457K(925440K), 0.0153870 secs] [Times: user=0.09 sys=0.00, real=0.02 secs] 
2014-07-16T04:07:45.405+0000: 2014.494: [GC [PSYoungGen: 238458K->1878K(233536K)] 601705K->365205K(920512K), 0.0068690 secs] [Times: user=0.04 sys=0.00, real=0.01 secs] 
2014-07-16T04:07:46.344+0000: 2015.432: [GC [PSYoungGen: 233494K->1008K(227200K)] 596821K->364407K(914176K), 0.0108490 secs] [Times: user=0.07 sys=0.01, real=0.01 secs] 
2014-07-16T04:07:47.131+0000: 2016.219: [GC [PSYoungGen: 227175K->1350K(222336K)] 590574K->364829K(909312K), 0.0065280 secs] [Times: user=0.04 sys=0.00, real=0.00 secs] 
2014-07-16T04:07:47.896+0000: 2016.984: [GC [PSYoungGen: 222230K->1050K(216960K)] 585710K->364667K(903936K), 0.0094130 secs] [Times: user=0.06 sys=0.00, real=0.01 secs] 
2014-07-16T04:07:48.642+0000: 2017.730: [GC [PSYoungGen: 216922K->950K(211968K)] 580539K->364647K(898944K), 0.0054220 secs] [Times: user=0.03 sys=0.00, real=0.00 secs] 
2014-07-16T04:07:49.468+0000: 2018.556: [GC [PSYoungGen: 211958K->1822K(208128K)] 575655K->365607K(895104K), 0.0097680 secs] [Times: user=0.06 sys=0.00, real=0.01 secs] 
2014-07-16T04:07:50.184+0000: 2019.272: [GC [PSYoungGen: 208046K->1824K(203584K)] 571831K->365705K(890560K), 0.0062120 secs] [Times: user=0.04 sys=0.00, real=0.01 secs] 
2014-07-16T04:07:50.878+0000: 2019.967: [GC [PSYoungGen: 203552K->676K(198016K)] 567433K->364741K(884992K), 0.0081540 secs] [Times: user=0.04 sys=0.00, real=0.01 secs] 
2014-07-16T04:07:51.542+0000: 2020.630: [GC [PSYoungGen: 197987K->1204K(194304K)] 562052K->365381K(881280K), 0.0062790 secs] [Times: user=0.05 sys=0.00, real=0.00 secs] 
2014-07-16T04:07:52.205+0000: 2021.293: [GC [PSYoungGen: 194292K->876K(232640K)] 558469K->365175K(919616K), 0.0086420 secs] [Times: user=0.05 sys=0.01, real=0.01 secs] 
2014-07-16T04:07:53.004+0000: 2022.092: [GC [PSYoungGen: 232577K->1204K(279360K)] 596877K->365583K(966336K), 0.0071650 secs] [Times: user=0.05 sys=0.01, real=0.01 secs] 
2014-07-16T04:07:53.967+0000: 2023.056: [GC [PSYoungGen: 279348K->1008K(272000K)] 643727K->365435K(958976K), 0.0095000 secs] [Times: user=0.06 sys=0.00, real=0.01 secs] 
2014-07-16T04:07:55.052+0000: 2024.140: [GC [PSYoungGen: 271984K->2084K(266176K)] 636411K->366741K(953152K), 0.0082630 secs] [Times: user=0.05 sys=0.00, real=0.01 secs] 
2014-07-16T04:07:56.037+0000: 2025.126: [GC [PSYoungGen: 266148K->976K(258432K)] 630805K->365681K(945408K), 0.0088270 secs] [Times: user=0.05 sys=0.00, real=0.01 secs] 
2014-07-16T04:07:56.956+0000: 2026.044: [GC [PSYoungGen: 258365K->1442K(252480K)] 623070K->366243K(939456K), 0.0072620 secs] [Times: user=0.04 sys=0.00, real=0.01 secs] 
2014-07-16T04:07:57.831+0000: 2026.919: [GC [PSYoungGen: 252448K->996K(245888K)] 617249K->365853K(932864K), 0.0112800 secs] [Times: user=0.08 sys=0.00, real=0.01 secs] 
2014-07-16T04:07:58.679+0000: 2027.767: [GC [PSYoungGen: 245860K->1108K(240064K)] 610717K->366013K(927040K), 0.0040700 secs] [Times: user=0.02 sys=0.00, real=0.01 secs] 
2014-07-16T04:07:59.599+0000: 2028.688: [GC [PSYoungGen: 240020K->1748K(235008K)] 604925K->366765K(921984K), 0.0044540 secs] [Times: user=0.02 sys=0.01, real=0.01 secs] 
2014-07-16T04:08:00.373+0000: 2029.462: [GC [PSYoungGen: 234964K->1082K(228800K)] 599981K->366179K(915776K), 0.0083520 secs] [Times: user=0.05 sys=0.00, real=0.01 secs] 
2014-07-16T04:08:01.160+0000: 2030.248: [GC [PSYoungGen: 228794K->1004K(223424K)] 593891K->366189K(910400K), 0.0054420 secs] [Times: user=0.03 sys=0.00, real=0.01 secs] 
2014-07-16T04:08:01.930+0000: 2031.018: [GC [PSYoungGen: 223312K->882K(218176K)] 588498K->366147K(905152K), 0.0034750 secs] [Times: user=0.03 sys=0.00, real=0.01 secs] 
2014-07-16T04:08:02.679+0000: 2031.767: [GC [PSYoungGen: 218162K->1168K(213568K)] 583427K->366489K(900544K), 0.0081190 secs] [Times: user=0.05 sys=0.00, real=0.01 secs] 
2014-07-16T04:08:03.423+0000: 2032.511: [GC [PSYoungGen: 213520K->858K(208512K)] 578841K->366227K(895488K), 0.0079710 secs] [Times: user=0.04 sys=0.01, real=0.01 secs] 
2014-07-16T04:08:04.179+0000: 2033.267: [GC [PSYoungGen: 208459K->1272K(204288K)] 573829K->366721K(891264K), 0.0067030 secs] [Times: user=0.04 sys=0.01, real=0.01 secs] 
2014-07-16T04:08:04.985+0000: 2034.073: [GC [PSYoungGen: 204280K->1560K(200192K)] 569729K->367073K(887168K), 0.0053660 secs] [Times: user=0.02 sys=0.00, real=0.00 secs] 
2014-07-16T04:08:05.708+0000: 2034.796: [GC [PSYoungGen: 200104K->1136K(195456K)] 565618K->366825K(882432K), 0.0067130 secs] [Times: user=0.04 sys=0.00, real=0.01 secs] 
2014-07-16T04:08:06.418+0000: 2035.506: [GC [PSYoungGen: 195440K->1376K(234624K)] 561129K->367163K(921600K), 0.0117240 secs] [Times: user=0.08 sys=0.00, real=0.01 secs] 
2014-07-16T04:08:07.220+0000: 2036.308: [GC [PSYoungGen: 234592K->608K(228352K)] 600379K->366717K(915328K), 0.0052520 secs] [Times: user=0.03 sys=0.00, real=0.01 secs] 
2014-07-16T04:08:08.020+0000: 2037.108: [GC [PSYoungGen: 228320K->1200K(223616K)] 594429K->367405K(910592K), 0.0056510 secs] [Times: user=0.03 sys=0.00, real=0.01 secs] 
2014-07-16T04:08:08.786+0000: 2037.874: [GC [PSYoungGen: 223600K->858K(218176K)] 589805K->367103K(905152K), 0.0108490 secs] [Times: user=0.07 sys=0.01, real=0.01 secs] 
2014-07-16T04:08:09.702+0000: 2038.790: [GC [PSYoungGen: 218138K->1206K(213568K)] 584383K->367483K(900544K), 0.0052630 secs] [Times: user=0.02 sys=0.00, real=0.00 secs] 
2014-07-16T04:08:10.440+0000: 2039.529: [GC [PSYoungGen: 213558K->940K(208576K)] 579835K->367289K(895552K), 0.0065900 secs] [Times: user=0.04 sys=0.00, real=0.01 secs] 
2014-07-16T04:08:11.176+0000: 2040.265: [GC [PSYoungGen: 208518K->1168K(204224K)] 574868K->367573K(891200K), 0.0066220 secs] [Times: user=0.03 sys=0.00, real=0.01 secs] 
2014-07-16T04:08:11.861+0000: 2040.949: [GC [PSYoungGen: 204176K->1222K(199872K)] 570581K->367691K(886848K), 0.0074050 secs] [Times: user=0.05 sys=0.00, real=0.01 secs] 
2014-07-16T04:08:12.555+0000: 2041.643: [GC [PSYoungGen: 199814K->972K(195328K)] 566283K->367529K(882304K), 0.0059130 secs] [Times: user=0.04 sys=0.00, real=0.00 secs] 
2014-07-16T04:08:13.234+0000: 2042.322: [GC [PSYoungGen: 195276K->1200K(191360K)] 561833K->368049K(878336K), 0.0068970 secs] [Times: user=0.04 sys=0.00, real=0.00 secs] 
2014-07-16T04:08:13.875+0000: 2042.963: [GC [PSYoungGen: 191344K->1182K(187328K)] 558193K->368117K(874304K), 0.0049710 secs] [Times: user=0.02 sys=0.00, real=0.00 secs] 
2014-07-16T04:08:14.510+0000: 2043.598: [GC [PSYoungGen: 187294K->1204K(224576K)] 554229K->368343K(911552K), 0.0098330 secs] [Times: user=0.07 sys=0.00, real=0.01 secs] 
2014-07-16T04:08:15.400+0000: 2044.488: [GC [PSYoungGen: 224564K->1204K(219392K)] 591703K->368415K(906368K), 0.0065260 secs] [Times: user=0.03 sys=0.00, real=0.01 secs] 
2014-07-16T04:08:16.239+0000: 2045.327: [GC [PSYoungGen: 219380K->1196K(214400K)] 586591K->368665K(901376K), 0.0079940 secs] [Times: user=0.06 sys=0.00, real=0.01 secs] 
2014-07-16T04:08:17.003+0000: 2046.091: [GC [PSYoungGen: 214369K->1278K(209664K)] 581838K->368819K(896640K), 0.0067620 secs] [Times: user=0.02 sys=0.00, real=0.00 secs] 
2014-07-16T04:08:17.719+0000: 2046.807: [GC [PSYoungGen: 209662K->1064K(204864K)] 577203K->368685K(891840K), 0.0048810 secs] [Times: user=0.02 sys=0.00, real=0.01 secs] 
2014-07-16T04:08:18.429+0000: 2047.517: [GC [PSYoungGen: 204840K->982K(200320K)] 572461K->368691K(887296K), 0.0074240 secs] [Times: user=0.05 sys=0.00, real=0.01 secs] 
2014-07-16T04:08:19.122+0000: 2048.211: [GC [PSYoungGen: 200278K->1382K(196416K)] 567987K->369221K(883392K), 0.0038740 secs] [Times: user=0.03 sys=0.00, real=0.01 secs] 
2014-07-16T04:08:19.762+0000: 2048.850: [GC [PSYoungGen: 196390K->1090K(235200K)] 564229K->368977K(922176K), 0.0123910 secs] [Times: user=0.06 sys=0.01, real=0.02 secs] 
2014-07-16T04:08:20.742+0000: 2049.831: [GC [PSYoungGen: 235138K->836K(229376K)] 603025K->368811K(916352K), 0.0040860 secs] [Times: user=0.02 sys=0.00, real=0.01 secs] 
2014-07-16T04:08:21.518+0000: 2050.606: [GC [PSYoungGen: 229316K->1418K(224640K)] 597291K->369457K(911616K), 0.0088150 secs] [Times: user=0.05 sys=0.00, real=0.01 secs] 
2014-07-16T04:08:22.328+0000: 2051.416: [GC [PSYoungGen: 224586K->1148K(219200K)] 592625K->369611K(906176K), 0.0059490 secs] [Times: user=0.03 sys=0.01, real=0.00 secs] 
2014-07-16T04:08:23.100+0000: 2052.188: [GC [PSYoungGen: 219196K->1564K(214656K)] 587659K->370083K(901632K), 0.0076270 secs] [Times: user=0.05 sys=0.00, real=0.01 secs] 
2014-07-16T04:08:23.795+0000: 2052.883: [GC [PSYoungGen: 214620K->954K(209216K)] 583139K->369869K(896192K), 0.0082980 secs] [Times: user=0.06 sys=0.00, real=0.00 secs] 
2014-07-16T04:08:24.528+0000: 2053.616: [GC [PSYoungGen: 209183K->1246K(251200K)] 578098K->370209K(938176K), 0.0124410 secs] [Times: user=0.08 sys=0.00, real=0.01 secs] 
2014-07-16T04:08:25.512+0000: 2054.600: [GC [PSYoungGen: 251166K->836K(297792K)] 620129K->369863K(984768K), 0.0069040 secs] [Times: user=0.05 sys=0.00, real=0.01 secs] 
2014-07-16T04:08:26.592+0000: 2055.681: [GC [PSYoungGen: 296943K->1086K(289344K)] 665970K->370185K(976320K), 0.0044300 secs] [Times: user=0.02 sys=0.00, real=0.01 secs] 
2014-07-16T04:08:27.678+0000: 2056.766: [GC [PSYoungGen: 289341K->822K(281536K)] 658440K->370105K(968512K), 0.0074280 secs] [Times: user=0.05 sys=0.00, real=0.01 secs] 
2014-07-16T04:08:28.661+0000: 2057.749: [GC [PSYoungGen: 281526K->1054K(274496K)] 650809K->370393K(961472K), 0.0045950 secs] [Times: user=0.02 sys=0.00, real=0.01 secs] 
2014-07-16T04:08:29.684+0000: 2058.773: [GC [PSYoungGen: 274462K->1118K(267584K)] 643801K->370685K(954560K), 0.0074340 secs] [Times: user=0.05 sys=0.00, real=0.01 secs] 
2014-07-16T04:08:30.627+0000: 2059.715: [GC [PSYoungGen: 267550K->1628K(261376K)] 637117K->371283K(948352K), 0.0069270 secs] [Times: user=0.05 sys=0.00, real=0.00 secs] 
2014-07-16T04:08:31.555+0000: 2060.643: [GC [PSYoungGen: 261340K->562K(253824K)] 630995K->370387K(940800K), 0.0074880 secs] [Times: user=0.02 sys=0.00, real=0.00 secs] 
2014-07-16T04:08:32.451+0000: 2061.539: [GC [PSYoungGen: 253810K->940K(247936K)] 623635K->370805K(934912K), 0.0081430 secs] [Times: user=0.05 sys=0.00, real=0.01 secs] 
2014-07-16T04:08:33.333+0000: 2062.421: [GC [PSYoungGen: 247897K->954K(241920K)] 617762K->371041K(928896K), 0.0087200 secs] [Times: user=0.05 sys=0.01, real=0.01 secs] 
2014-07-16T04:08:34.143+0000: 2063.231: [GC [PSYoungGen: 241914K->1150K(236352K)] 612001K->371317K(923328K), 0.0052570 secs] [Times: user=0.02 sys=0.00, real=0.01 secs] 
2014-07-16T04:08:35.067+0000: 2064.155: [GC [PSYoungGen: 236350K->1380K(231040K)] 606517K->371635K(918016K), 0.0090000 secs] [Times: user=0.05 sys=0.00, real=0.01 secs] 
2014-07-16T04:08:35.880+0000: 2064.968: [GC [PSYoungGen: 231012K->1574K(225856K)] 601267K->371909K(912832K), 0.0104370 secs] [Times: user=0.04 sys=0.00, real=0.01 secs] 
2014-07-16T04:08:36.627+0000: 2065.716: [GC [PSYoungGen: 225830K->562K(219648K)] 596165K->370937K(906624K), 0.0079300 secs] [Times: user=0.05 sys=0.00, real=0.00 secs] 
2014-07-16T04:08:37.349+0000: 2066.437: [GC [PSYoungGen: 219634K->1290K(215424K)] 590009K->371721K(902400K), 0.0040980 secs] [Times: user=0.02 sys=0.00, real=0.00 secs] 
2014-07-16T04:08:38.164+0000: 2067.252: [GC [PSYoungGen: 215370K->1346K(258304K)] 585801K->371841K(945280K), 0.0126230 secs] [Times: user=0.08 sys=0.00, real=0.02 secs] 
2014-07-16T04:08:39.055+0000: 2068.143: [GC [PSYoungGen: 258242K->1018K(251520K)] 628737K->371585K(938496K), 0.0051720 secs] [Times: user=0.03 sys=0.00, real=0.01 secs] 
2014-07-16T04:08:39.911+0000: 2068.999: [GC [PSYoungGen: 251514K->758K(245120K)] 622081K->371357K(932096K), 0.0063600 secs] [Times: user=0.02 sys=0.00, real=0.01 secs] 
2014-07-16T04:08:40.784+0000: 2069.872: [GC [PSYoungGen: 245091K->1710K(240192K)] 615691K->372381K(927168K), 0.0052140 secs] [Times: user=0.02 sys=0.00, real=0.01 secs] 
2014-07-16T04:08:41.609+0000: 2070.697: [GC [PSYoungGen: 240174K->1262K(234048K)] 610845K->372631K(921024K), 0.0040930 secs] [Times: user=0.02 sys=0.01, real=0.00 secs] 
2014-07-16T04:08:42.392+0000: 2071.480: [GC [PSYoungGen: 234030K->676K(227968K)] 605399K->372143K(914944K), 0.0081280 secs] [Times: user=0.05 sys=0.01, real=0.01 secs] 
2014-07-16T04:08:43.167+0000: 2072.255: [GC [PSYoungGen: 227940K->926K(222912K)] 599407K->372565K(909888K), 0.0073150 secs] [Times: user=0.04 sys=0.00, real=0.00 secs] 
2014-07-16T04:08:43.931+0000: 2073.019: [GC [PSYoungGen: 222853K->1386K(218240K)] 594493K->373105K(905216K), 0.0050770 secs] [Times: user=0.02 sys=0.00, real=0.00 secs] 
2014-07-16T04:08:44.663+0000: 2073.751: [GC [PSYoungGen: 218177K->1268K(213184K)] 589897K->373083K(900160K), 0.0054060 secs] [Times: user=0.04 sys=0.00, real=0.01 secs] 
2014-07-16T04:08:45.442+0000: 2074.530: [GC [PSYoungGen: 213172K->1246K(208448K)] 584987K->373157K(895424K), 0.0124980 secs] [Times: user=0.09 sys=0.00, real=0.01 secs] 
2014-07-16T04:08:46.178+0000: 2075.266: [GC [PSYoungGen: 208414K->1342K(203904K)] 580325K->373349K(890880K), 0.0051260 secs] [Times: user=0.03 sys=0.00, real=0.00 secs] 
2014-07-16T04:08:46.878+0000: 2075.966: [GC [PSYoungGen: 203902K->1236K(199424K)] 575909K->373331K(886400K), 0.0058000 secs] [Times: user=0.04 sys=0.00, real=0.01 secs] 
2014-07-16T04:08:47.560+0000: 2076.648: [GC [PSYoungGen: 199380K->1376K(195264K)] 571475K->373607K(882240K), 0.0076370 secs] [Times: user=0.04 sys=0.00, real=0.00 secs] 
2014-07-16T04:08:48.243+0000: 2077.332: [GC [PSYoungGen: 195232K->1432K(191168K)] 567463K->373743K(878144K), 0.0047500 secs] [Times: user=0.02 sys=0.00, real=0.01 secs] 
2014-07-16T04:08:48.926+0000: 2078.014: [GC [PSYoungGen: 191106K->1136K(186880K)] 563418K->373569K(873856K), 0.0043530 secs] [Times: user=0.02 sys=0.00, real=0.01 secs] 
2014-07-16T04:08:49.560+0000: 2078.648: [GC [PSYoungGen: 186840K->1164K(183104K)] 559273K->373669K(870080K), 0.0062660 secs] [Times: user=0.02 sys=0.00, real=0.00 secs] 
2014-07-16T04:08:50.332+0000: 2079.420: [GC [PSYoungGen: 183052K->1534K(179712K)] 555557K->374167K(866688K), 0.0059870 secs] [Times: user=0.04 sys=0.00, real=0.01 secs] 
2014-07-16T04:08:50.962+0000: 2080.050: [GC [PSYoungGen: 179710K->822K(175424K)] 552343K->373511K(862400K), 0.0055120 secs] [Times: user=0.02 sys=0.00, real=0.00 secs] 
2014-07-16T04:08:51.567+0000: 2080.655: [GC [PSYoungGen: 175414K->1614K(172736K)] 548103K->374383K(859712K), 0.0054620 secs] [Times: user=0.02 sys=0.00, real=0.01 secs] 
2014-07-16T04:08:52.210+0000: 2081.298: [GC [PSYoungGen: 172686K->1564K(169280K)] 545455K->374397K(856256K), 0.0084520 secs] [Times: user=0.05 sys=0.00, real=0.01 secs] 
2014-07-16T04:08:52.848+0000: 2081.936: [GC [PSYoungGen: 169244K->868K(165312K)] 542077K->373911K(852288K), 0.0066780 secs] [Times: user=0.04 sys=0.01, real=0.00 secs] 
2014-07-16T04:08:53.489+0000: 2082.577: [GC [PSYoungGen: 165284K->2020K(163264K)] 538327K->375151K(850240K), 0.0040130 secs] [Times: user=0.02 sys=0.00, real=0.00 secs] 
2014-07-16T04:08:54.054+0000: 2083.142: [GC [PSYoungGen: 163236K->1122K(159296K)] 536367K->374309K(846272K), 0.0053520 secs] [Times: user=0.02 sys=0.01, real=0.01 secs] 
2014-07-16T04:08:54.623+0000: 2083.711: [GC [PSYoungGen: 159266K->776K(156032K)] 532453K->374019K(843008K), 0.0062110 secs] [Times: user=0.04 sys=0.00, real=0.01 secs] 
2014-07-16T04:08:55.173+0000: 2084.261: [GC [PSYoungGen: 155976K->1572K(187840K)] 529219K->374871K(874816K), 0.0198790 secs] [Times: user=0.12 sys=0.00, real=0.03 secs] 
2014-07-16T04:08:55.918+0000: 2085.006: [GC [PSYoungGen: 187812K->1022K(224512K)] 561111K->374377K(911488K), 0.0039910 secs] [Times: user=0.02 sys=0.00, real=0.01 secs] 
2014-07-16T04:08:56.756+0000: 2085.845: [GC [PSYoungGen: 224510K->900K(269184K)] 597865K->374319K(956160K), 0.0109460 secs] [Times: user=0.07 sys=0.00, real=0.01 secs] 
2014-07-16T04:08:57.755+0000: 2086.843: [GC [PSYoungGen: 268164K->1236K(269440K)] 641583K->374719K(956416K), 0.0118060 secs] [Times: user=0.07 sys=0.00, real=0.01 secs] 
2014-07-16T04:08:58.776+0000: 2087.864: [GC [PSYoungGen: 268500K->1150K(322688K)] 641983K->374729K(1009664K), 0.0063420 secs] [Times: user=0.05 sys=0.01, real=0.01 secs] 
2014-07-16T04:08:59.874+0000: 2088.962: [GC [PSYoungGen: 321918K->1460K(322752K)] 695497K->375119K(1009728K), 0.0083100 secs] [Times: user=0.06 sys=0.00, real=0.01 secs] 
2014-07-16T04:09:01.023+0000: 2090.111: [GC [PSYoungGen: 322228K->1118K(313088K)] 695887K->374849K(1000064K), 0.0078170 secs] [Times: user=0.05 sys=0.00, real=0.01 secs] 
2014-07-16T04:09:02.111+0000: 2091.200: [GC [PSYoungGen: 313054K->772K(304256K)] 686785K->374575K(991232K), 0.0082270 secs] [Times: user=0.04 sys=0.00, real=0.00 secs] 
2014-07-16T04:09:03.170+0000: 2092.258: [GC [PSYoungGen: 304186K->900K(296192K)] 677989K->374775K(983168K), 0.0055380 secs] [Times: user=0.03 sys=0.00, real=0.01 secs] 
2014-07-16T04:09:04.213+0000: 2093.302: [GC [PSYoungGen: 296132K->1418K(288832K)] 670007K->375349K(975808K), 0.0086220 secs] [Times: user=0.04 sys=0.00, real=0.01 secs] 
2014-07-16T04:09:05.204+0000: 2094.292: [GC [PSYoungGen: 288778K->1040K(280896K)] 662709K->375035K(967872K), 0.0049690 secs] [Times: user=0.02 sys=0.00, real=0.00 secs] 
2014-07-16T04:09:06.234+0000: 2095.322: [GC [PSYoungGen: 280848K->1296K(273920K)] 654843K->375371K(960896K), 0.0079100 secs] [Times: user=0.05 sys=0.00, real=0.01 secs] 
2014-07-16T04:09:07.204+0000: 2096.292: [GC [PSYoungGen: 273872K->1468K(267072K)] 647947K->375784K(954048K), 0.0044560 secs] [Times: user=0.02 sys=0.00, real=0.00 secs] 
2014-07-16T04:09:08.112+0000: 2097.200: [GC [PSYoungGen: 267068K->1254K(260160K)] 641384K->375610K(947136K), 0.0049610 secs] [Times: user=0.02 sys=0.00, real=0.00 secs] 
2014-07-16T04:09:09.062+0000: 2098.150: [GC [PSYoungGen: 260132K->1390K(253824K)] 634488K->375974K(940800K), 0.0087130 secs] [Times: user=0.06 sys=0.01, real=0.00 secs] 
2014-07-16T04:09:09.986+0000: 2099.074: [GC [PSYoungGen: 253806K->1714K(247936K)] 628390K->376378K(934912K), 0.0069900 secs] [Times: user=0.04 sys=0.00, real=0.01 secs] 
2014-07-16T04:09:10.911+0000: 2099.999: [GC [PSYoungGen: 247922K->1008K(241280K)] 622586K->376172K(928256K), 0.0053190 secs] [Times: user=0.02 sys=0.00, real=0.01 secs] 
2014-07-16T04:09:11.770+0000: 2100.858: [GC [PSYoungGen: 241262K->1336K(235840K)] 616426K->376596K(922816K), 0.0077370 secs] [Times: user=0.05 sys=0.01, real=0.01 secs] 
2014-07-16T04:09:12.585+0000: 2101.673: [GC [PSYoungGen: 235832K->1914K(230848K)] 611092K->377362K(917824K), 0.0083740 secs] [Times: user=0.06 sys=0.00, real=0.01 secs] 
2014-07-16T04:09:13.387+0000: 2102.476: [GC [PSYoungGen: 230842K->908K(224512K)] 606290K->376420K(911488K), 0.0072530 secs] [Times: user=0.03 sys=0.00, real=0.01 secs] 
2014-07-16T04:09:14.167+0000: 2103.255: [GC [PSYoungGen: 224460K->1404K(219776K)] 599972K->376988K(906752K), 0.0039150 secs] [Times: user=0.02 sys=0.00, real=0.00 secs] 
2014-07-16T04:09:14.949+0000: 2104.037: [GC [PSYoungGen: 219772K->1118K(214528K)] 595356K->376766K(901504K), 0.0076950 secs] [Times: user=0.03 sys=0.00, real=0.01 secs] 
2014-07-16T04:09:15.788+0000: 2104.876: [GC [PSYoungGen: 214494K->1428K(257536K)] 590142K->377132K(944512K), 0.0155120 secs] [Times: user=0.07 sys=0.00, real=0.02 secs] 
2014-07-16T04:09:16.745+0000: 2105.833: [GC [PSYoungGen: 257492K->1086K(308416K)] 633196K->376846K(995392K), 0.0087610 secs] [Times: user=0.05 sys=0.01, real=0.01 secs] 
2014-07-16T04:09:17.829+0000: 2106.918: [GC [PSYoungGen: 308365K->1050K(300096K)] 684125K->376882K(987072K), 0.0088230 secs] [Times: user=0.05 sys=0.00, real=0.01 secs] 
2014-07-16T04:09:18.965+0000: 2108.053: [GC [PSYoungGen: 300058K->1036K(292096K)] 675890K->376908K(979072K), 0.0112770 secs] [Times: user=0.07 sys=0.01, real=0.01 secs] 
2014-07-16T04:09:19.968+0000: 2109.057: [GC [PSYoungGen: 292044K->1546K(284928K)] 667916K->377466K(971904K), 0.0103970 secs] [Times: user=0.06 sys=0.01, real=0.01 secs] 
2014-07-16T04:09:21.114+0000: 2110.202: [GC [PSYoungGen: 284870K->978K(276992K)] 660790K->376970K(963968K), 0.0088360 secs] [Times: user=0.05 sys=0.00, real=0.00 secs] 
2014-07-16T04:09:22.064+0000: 2111.152: [GC [PSYoungGen: 276944K->1482K(270400K)] 652936K->377530K(957376K), 0.0089210 secs] [Times: user=0.05 sys=0.01, real=0.01 secs] 
2014-07-16T04:09:22.997+0000: 2112.086: [GC [PSYoungGen: 270346K->1182K(263232K)] 646394K->377310K(950208K), 0.0049640 secs] [Times: user=0.02 sys=0.01, real=0.00 secs] 
2014-07-16T04:09:23.929+0000: 2113.017: [GC [PSYoungGen: 263196K->1264K(256704K)] 639324K->377560K(943680K), 0.0098820 secs] [Times: user=0.06 sys=0.00, real=0.01 secs] 
2014-07-16T04:09:24.814+0000: 2113.902: [GC [PSYoungGen: 256688K->1022K(250112K)] 632984K->377390K(937088K), 0.0096140 secs] [Times: user=0.06 sys=0.00, real=0.01 secs] 
2014-07-16T04:09:25.794+0000: 2114.882: [GC [PSYoungGen: 250110K->1636K(244672K)] 626478K->378126K(931648K), 0.0077030 secs] [Times: user=0.04 sys=0.00, real=0.00 secs] 
2014-07-16T04:09:26.684+0000: 2115.773: [GC [PSYoungGen: 244644K->786K(237952K)] 621134K->377348K(924928K), 0.0112220 secs] [Times: user=0.08 sys=0.00, real=0.01 secs] 
2014-07-16T04:09:27.512+0000: 2116.601: [GC [PSYoungGen: 237874K->1040K(232576K)] 614436K->377658K(919552K), 0.0091790 secs] [Times: user=0.05 sys=0.00, real=0.01 secs] 
2014-07-16T04:09:28.354+0000: 2117.442: [GC [PSYoungGen: 232528K->1232K(227328K)] 609146K->377930K(914304K), 0.0072940 secs] [Times: user=0.04 sys=0.00, real=0.01 secs] 
2014-07-16T04:09:29.246+0000: 2118.334: [GC [PSYoungGen: 227245K->1236K(272576K)] 603943K->377990K(959552K), 0.0104480 secs] [Times: user=0.06 sys=0.00, real=0.01 secs] 
2014-07-16T04:09:30.324+0000: 2119.412: [GC [PSYoungGen: 272532K->1500K(265920K)] 649286K->378334K(952896K), 0.0094990 secs] [Times: user=0.06 sys=0.00, real=0.01 secs] 
2014-07-16T04:09:31.371+0000: 2120.459: [GC [PSYoungGen: 265884K->904K(258688K)] 642718K->377850K(945664K), 0.0035350 secs] [Times: user=0.02 sys=0.00, real=0.01 secs] 
2014-07-16T04:09:32.260+0000: 2121.348: [GC [PSYoungGen: 258632K->922K(252288K)] 635578K->377932K(939264K), 0.0038640 secs] [Times: user=0.02 sys=0.00, real=0.01 secs] 
2014-07-16T04:09:33.159+0000: 2122.247: [GC [PSYoungGen: 252250K->1810K(247040K)] 629260K->378908K(934016K), 0.0043390 secs] [Times: user=0.02 sys=0.00, real=0.00 secs] 
2014-07-16T04:09:34.019+0000: 2123.107: [GC [PSYoungGen: 246994K->1476K(240768K)] 624092K->378630K(927744K), 0.0067480 secs] [Times: user=0.05 sys=0.01, real=0.01 secs] 
2014-07-16T04:09:34.879+0000: 2123.967: [GC [PSYoungGen: 240708K->752K(234304K)] 617862K->378542K(921280K), 0.0036810 secs] [Times: user=0.02 sys=0.00, real=0.00 secs] 
2014-07-16T04:09:35.796+0000: 2124.885: [GC [PSYoungGen: 234288K->1324K(229376K)] 612078K->379154K(916352K), 0.0112140 secs] [Times: user=0.07 sys=0.00, real=0.01 secs] 
2014-07-16T04:09:36.563+0000: 2125.651: [GC [PSYoungGen: 229356K->1118K(223872K)] 607186K->379234K(910848K), 0.0045680 secs] [Times: user=0.02 sys=0.00, real=0.01 secs] 
2014-07-16T04:09:37.369+0000: 2126.458: [GC [PSYoungGen: 223812K->1072K(218688K)] 601929K->379252K(905664K), 0.0072220 secs] [Times: user=0.04 sys=0.00, real=0.01 secs] 
2014-07-16T04:09:38.120+0000: 2127.209: [GC [PSYoungGen: 218672K->1282K(214016K)] 596852K->379526K(900992K), 0.0052920 secs] [Times: user=0.02 sys=0.00, real=0.01 secs] 
2014-07-16T04:09:38.902+0000: 2127.990: [GC [PSYoungGen: 213953K->1324K(256576K)] 592198K->379600K(943552K), 0.0162970 secs] [Times: user=0.08 sys=0.00, real=0.02 secs] 
2014-07-16T04:09:39.864+0000: 2128.952: [GC [PSYoungGen: 256556K->1058K(307392K)] 634832K->379728K(994368K), 0.0105160 secs] [Times: user=0.05 sys=0.00, real=0.01 secs] 
2014-07-16T04:09:41.068+0000: 2130.156: [GC [PSYoungGen: 307362K->1854K(299904K)] 686032K->380712K(986880K), 0.0065710 secs] [Times: user=0.03 sys=0.01, real=0.00 secs] 
2014-07-16T04:09:42.130+0000: 2131.219: [GC [PSYoungGen: 299902K->822K(290944K)] 678760K->380026K(977920K), 0.0121250 secs] [Times: user=0.06 sys=0.00, real=0.01 secs] 
2014-07-16T04:09:43.094+0000: 2132.182: [GC [PSYoungGen: 290934K->1222K(283712K)] 670138K->380498K(970688K), 0.0064690 secs] [Times: user=0.04 sys=0.00, real=0.01 secs] 
2014-07-16T04:09:44.142+0000: 2133.231: [GC [PSYoungGen: 283654K->1178K(276288K)] 662930K->380634K(963264K), 0.0054890 secs] [Times: user=0.02 sys=0.01, real=0.01 secs] 
2014-07-16T04:09:45.087+0000: 2134.176: [GC [PSYoungGen: 276250K->1746K(269824K)] 655706K->381306K(956800K), 0.0088870 secs] [Times: user=0.04 sys=0.01, real=0.01 secs] 
2014-07-16T04:09:46.185+0000: 2135.273: [GC [PSYoungGen: 269778K->880K(322560K)] 649338K->380714K(1009536K), 0.0199500 secs] [Times: user=0.11 sys=0.00, real=0.02 secs] 
2014-07-16T04:09:47.344+0000: 2136.432: [GC [PSYoungGen: 322544K->1436K(314240K)] 702378K->381326K(1001216K), 0.0033730 secs] [Times: user=0.02 sys=0.01, real=0.01 secs] 
2014-07-16T04:09:48.436+0000: 2137.524: [GC [PSYoungGen: 314204K->1264K(305536K)] 694094K->381468K(992512K), 0.0041380 secs] [Times: user=0.02 sys=0.00, real=0.01 secs] 
2014-07-16T04:09:49.561+0000: 2138.649: [GC [PSYoungGen: 305520K->1404K(297472K)] 685724K->381681K(984448K), 0.0135070 secs] [Times: user=0.08 sys=0.00, real=0.01 secs] 
2014-07-16T04:09:50.722+0000: 2139.810: [GC [PSYoungGen: 297468K->1158K(289408K)] 677745K->381498K(976384K), 0.0072150 secs] [Times: user=0.04 sys=0.00, real=0.01 secs] 
2014-07-16T04:09:51.811+0000: 2140.899: [GC [PSYoungGen: 289350K->1848K(282496K)] 669690K->382268K(969472K), 0.0044220 secs] [Times: user=0.02 sys=0.00, real=0.00 secs] 
2014-07-16T04:09:52.782+0000: 2141.871: [GC [PSYoungGen: 282488K->688K(274048K)] 662908K->381690K(961024K), 0.0069730 secs] [Times: user=0.05 sys=0.00, real=0.01 secs] 
2014-07-16T04:09:53.742+0000: 2142.830: [GC [PSYoungGen: 274032K->1814K(268224K)] 655034K->382881K(955200K), 0.0168370 secs] [Times: user=0.11 sys=0.01, real=0.02 secs] 
2014-07-16T04:09:54.667+0000: 2143.755: [GC [PSYoungGen: 268182K->1396K(261056K)] 649249K->382865K(948032K), 0.0105390 secs] [Times: user=0.06 sys=0.00, real=0.01 secs] 
2014-07-16T04:09:55.556+0000: 2144.644: [GC [PSYoungGen: 261044K->1108K(254336K)] 642513K->382657K(941312K), 0.0076550 secs] [Times: user=0.06 sys=0.00, real=0.01 secs] 
2014-07-16T04:09:56.548+0000: 2145.637: [GC [PSYoungGen: 254283K->1400K(248320K)] 635832K->383037K(935296K), 0.0034520 secs] [Times: user=0.02 sys=0.00, real=0.00 secs] 
2014-07-16T04:09:57.415+0000: 2146.503: [GC [PSYoungGen: 248312K->922K(241856K)] 629949K->382647K(928832K), 0.0092940 secs] [Times: user=0.06 sys=0.00, real=0.01 secs] 
2014-07-16T04:09:58.261+0000: 2147.349: [GC [PSYoungGen: 241817K->1222K(236416K)] 623542K->383043K(923392K), 0.0076730 secs] [Times: user=0.05 sys=0.00, real=0.01 secs] 
2014-07-16T04:09:59.084+0000: 2148.172: [GC [PSYoungGen: 236358K->1218K(283456K)] 618179K->383111K(970432K), 0.0121010 secs] [Times: user=0.08 sys=0.00, real=0.01 secs] 
2014-07-16T04:10:00.133+0000: 2149.221: [GC [PSYoungGen: 283394K->1150K(275968K)] 665287K->383107K(962944K), 0.0053290 secs] [Times: user=0.03 sys=0.01, real=0.00 secs] 
2014-07-16T04:10:01.243+0000: 2150.331: [GC [PSYoungGen: 275966K->1238K(269056K)] 657923K->383275K(956032K), 0.0066150 secs] [Times: user=0.03 sys=0.00, real=0.01 secs] 
2014-07-16T04:10:02.199+0000: 2151.287: [GC [PSYoungGen: 268979K->1464K(262464K)] 651016K->383573K(949440K), 0.0055660 secs] [Times: user=0.03 sys=0.01, real=0.01 secs] 
2014-07-16T04:10:03.111+0000: 2152.200: [GC [PSYoungGen: 262435K->1750K(256256K)] 644543K->383947K(943232K), 0.0072100 secs] [Times: user=0.05 sys=0.00, real=0.00 secs] 
2014-07-16T04:10:03.992+0000: 2153.080: [GC [PSYoungGen: 256181K->506K(248704K)] 638378K->383217K(935680K), 0.0054990 secs] [Times: user=0.03 sys=0.00, real=0.00 secs] 
2014-07-16T04:10:04.858+0000: 2153.947: [GC [PSYoungGen: 248698K->1764K(243904K)] 631409K->384563K(930880K), 0.0092470 secs] [Times: user=0.05 sys=0.01, real=0.01 secs] 
2014-07-16T04:10:05.718+0000: 2154.807: [GC [PSYoungGen: 243876K->1190K(237504K)] 626675K->384485K(924480K), 0.0070070 secs] [Times: user=0.05 sys=0.00, real=0.01 secs] 
2014-07-16T04:10:06.674+0000: 2155.762: [GC [PSYoungGen: 237454K->1428K(232128K)] 620749K->384803K(919104K), 0.0090980 secs] [Times: user=0.06 sys=0.00, real=0.01 secs] 
2014-07-16T04:10:07.485+0000: 2156.573: [GC [PSYoungGen: 232084K->1446K(226688K)] 615459K->385039K(913664K), 0.0062120 secs] [Times: user=0.02 sys=0.01, real=0.01 secs] 
2014-07-16T04:10:08.302+0000: 2157.390: [GC [PSYoungGen: 226662K->1322K(221312K)] 610255K->384955K(908288K), 0.0055420 secs] [Times: user=0.02 sys=0.00, real=0.00 secs] 
2014-07-16T04:10:09.092+0000: 2158.181: [GC [PSYoungGen: 221290K->1326K(216256K)] 604923K->385592K(903232K), 0.0050790 secs] [Times: user=0.02 sys=0.00, real=0.00 secs] 
2014-07-16T04:10:09.850+0000: 2158.938: [GC [PSYoungGen: 216238K->1368K(211456K)] 600504K->385756K(898432K), 0.0085170 secs] [Times: user=0.04 sys=0.00, real=0.01 secs] 
2014-07-16T04:10:10.625+0000: 2159.713: [GC [PSYoungGen: 211380K->1150K(206528K)] 595769K->385852K(893504K), 0.0119490 secs] [Times: user=0.06 sys=0.01, real=0.01 secs] 
2014-07-16T04:10:11.577+0000: 2160.665: [GC [PSYoungGen: 206526K->1770K(202624K)] 591228K->386544K(889600K), 0.0060010 secs] [Times: user=0.03 sys=0.00, real=0.01 secs] 
2014-07-16T04:10:12.273+0000: 2161.361: [GC [PSYoungGen: 202602K->1268K(197760K)] 587376K->386106K(884736K), 0.0049510 secs] [Times: user=0.02 sys=0.00, real=0.00 secs] 
2014-07-16T04:10:12.951+0000: 2162.039: [GC [PSYoungGen: 197733K->1428K(193728K)] 582571K->386330K(880704K), 0.0059500 secs] [Times: user=0.02 sys=0.00, real=0.01 secs] 
2014-07-16T04:10:13.615+0000: 2162.704: [GC [PSYoungGen: 193643K->1164K(189376K)] 578545K->386154K(876352K), 0.0087770 secs] [Times: user=0.05 sys=0.00, real=0.01 secs] 
2014-07-16T04:10:14.306+0000: 2163.394: [GC [PSYoungGen: 189324K->786K(226624K)] 574314K->385840K(913600K), 0.0082370 secs] [Times: user=0.05 sys=0.00, real=0.01 secs] 
2014-07-16T04:10:15.112+0000: 2164.200: [GC [PSYoungGen: 226566K->1506K(222080K)] 611620K->386624K(909056K), 0.0044360 secs] [Times: user=0.02 sys=0.00, real=0.00 secs] 
2014-07-16T04:10:15.872+0000: 2164.960: [GC [PSYoungGen: 222049K->926K(216448K)] 607167K->386092K(903424K), 0.0072440 secs] [Times: user=0.04 sys=0.00, real=0.00 secs] 
2014-07-16T04:10:16.760+0000: 2165.848: [GC [PSYoungGen: 216380K->1656K(260288K)] 601546K->387050K(947264K), 0.0153070 secs] [Times: user=0.08 sys=0.00, real=0.02 secs] 
2014-07-16T04:10:17.658+0000: 2166.746: [GC [PSYoungGen: 260272K->1208K(311616K)] 645666K->386634K(998592K), 0.0217490 secs] [Times: user=0.12 sys=0.01, real=0.02 secs] 
2014-07-16T04:10:18.778+0000: 2167.867: [GC [PSYoungGen: 311608K->1418K(327104K)] 697034K->386908K(1014080K), 0.0080820 secs] [Times: user=0.04 sys=0.00, real=0.01 secs] 
2014-07-16T04:10:19.929+0000: 2169.017: [GC [PSYoungGen: 326857K->1328K(327552K)] 712347K->386866K(1014528K), 0.0071070 secs] [Times: user=0.02 sys=0.00, real=0.01 secs] 
2014-07-16T04:10:21.092+0000: 2170.180: [GC [PSYoungGen: 326768K->1264K(317696K)] 712306K->386850K(1004672K), 0.0062910 secs] [Times: user=0.02 sys=0.00, real=0.00 secs] 
2014-07-16T04:10:22.406+0000: 2171.494: [GC [PSYoungGen: 317680K->1046K(308800K)] 703266K->386696K(995776K), 0.0070680 secs] [Times: user=0.04 sys=0.00, real=0.01 secs] 
2014-07-16T04:10:23.492+0000: 2172.581: [GC [PSYoungGen: 308745K->1590K(300992K)] 694395K->387296K(987968K), 0.0069040 secs] [Times: user=0.05 sys=0.01, real=0.00 secs] 
2014-07-16T04:10:24.548+0000: 2173.637: [GC [PSYoungGen: 300982K->1650K(293056K)] 686688K->387436K(980032K), 0.0095110 secs] [Times: user=0.05 sys=0.00, real=0.01 secs] 
2014-07-16T04:10:25.556+0000: 2174.644: [GC [PSYoungGen: 293042K->880K(284608K)] 678828K->386884K(971584K), 0.0040730 secs] [Times: user=0.02 sys=0.01, real=0.00 secs] 
2014-07-16T04:10:26.626+0000: 2175.714: [GC [PSYoungGen: 284592K->1816K(278144K)] 670596K->387868K(965120K), 0.0086600 secs] [Times: user=0.06 sys=0.00, real=0.01 secs] 
2014-07-16T04:10:27.591+0000: 2176.679: [GC [PSYoungGen: 278104K->872K(270080K)] 664156K->387096K(957056K), 0.0038790 secs] [Times: user=0.02 sys=0.01, real=0.01 secs] 
2014-07-16T04:10:28.559+0000: 2177.648: [GC [PSYoungGen: 270056K->928K(263296K)] 656280K->387224K(950272K), 0.0044010 secs] [Times: user=0.02 sys=0.01, real=0.01 secs] 
2014-07-16T04:10:29.460+0000: 2178.548: [GC [PSYoungGen: 263264K->1172K(256960K)] 649560K->387532K(943936K), 0.0104150 secs] [Times: user=0.07 sys=0.00, real=0.01 secs] 
2014-07-16T04:10:30.373+0000: 2179.461: [GC [PSYoungGen: 256913K->1932K(251392K)] 643273K->388364K(938368K), 0.0083780 secs] [Times: user=0.05 sys=0.00, real=0.00 secs] 
2014-07-16T04:10:31.330+0000: 2180.418: [GC [PSYoungGen: 251340K->1058K(244416K)] 637772K->387690K(931392K), 0.0051830 secs] [Times: user=0.03 sys=0.00, real=0.01 secs] 
2014-07-16T04:10:32.289+0000: 2181.377: [GC [PSYoungGen: 244332K->1322K(238784K)] 630964K->387994K(925760K), 0.0092910 secs] [Times: user=0.05 sys=0.00, real=0.01 secs] 
2014-07-16T04:10:33.140+0000: 2182.228: [GC [PSYoungGen: 238691K->1910K(233728K)] 625363K->388804K(920704K), 0.0104420 secs] [Times: user=0.06 sys=0.00, real=0.01 secs] 
2014-07-16T04:10:33.945+0000: 2183.033: [GC [PSYoungGen: 233718K->972K(227392K)] 620612K->387938K(914368K), 0.0054010 secs] [Times: user=0.02 sys=0.00, real=0.00 secs] 
2014-07-16T04:10:34.749+0000: 2183.837: [GC [PSYoungGen: 227330K->1582K(222720K)] 614296K->388636K(909696K), 0.0104370 secs] [Times: user=0.06 sys=0.00, real=0.01 secs] 
2014-07-16T04:10:35.523+0000: 2184.611: [GC [PSYoungGen: 222614K->1250K(217344K)] 609668K->388384K(904320K), 0.0064150 secs] [Times: user=0.04 sys=0.00, real=0.01 secs] 
2014-07-16T04:10:36.281+0000: 2185.369: [GC [PSYoungGen: 217304K->1104K(212352K)] 604438K->388310K(899328K), 0.0062000 secs] [Times: user=0.04 sys=0.00, real=0.01 secs] 
2014-07-16T04:10:37.130+0000: 2186.218: [GC [PSYoungGen: 212290K->1336K(207808K)] 599497K->388622K(894784K), 0.0075200 secs] [Times: user=0.04 sys=0.00, real=0.01 secs] 
2014-07-16T04:10:37.844+0000: 2186.932: [GC [PSYoungGen: 207800K->1554K(249408K)] 595086K->388880K(936384K), 0.0161850 secs] [Times: user=0.08 sys=0.00, real=0.02 secs] 
2014-07-16T04:10:38.735+0000: 2187.823: [GC [PSYoungGen: 249362K->954K(298368K)] 636688K->388352K(985344K), 0.0080290 secs] [Times: user=0.05 sys=0.00, real=0.00 secs] 
2014-07-16T04:10:39.781+0000: 2188.870: [GC [PSYoungGen: 298362K->1032K(358016K)] 685760K->388502K(1044992K), 0.0082260 secs] [Times: user=0.04 sys=0.01, real=0.01 secs] 
2014-07-16T04:10:40.990+0000: 2190.078: [GC [PSYoungGen: 357960K->1286K(347968K)] 745430K->388836K(1034944K), 0.0094020 secs] [Times: user=0.06 sys=0.00, real=0.01 secs] 
2014-07-16T04:10:42.443+0000: 2191.531: [GC [PSYoungGen: 347910K->1060K(337792K)] 735460K->388682K(1024768K), 0.0085470 secs] [Times: user=0.05 sys=0.01, real=0.01 secs] 
2014-07-16T04:10:43.700+0000: 2192.788: [GC [PSYoungGen: 337764K->1310K(328576K)] 725386K->388988K(1015552K), 0.0101990 secs] [Times: user=0.06 sys=0.00, real=0.01 secs] 
2014-07-16T04:10:44.819+0000: 2193.907: [GC [PSYoungGen: 328540K->1214K(319296K)] 716218K->388980K(1006272K), 0.0077730 secs] [Times: user=0.04 sys=0.00, real=0.01 secs] 
2014-07-16T04:10:45.974+0000: 2195.062: [GC [PSYoungGen: 319294K->1046K(310400K)] 707060K->388876K(997376K), 0.0053050 secs] [Times: user=0.02 sys=0.01, real=0.01 secs] 
2014-07-16T04:10:47.227+0000: 2196.315: [GC [PSYoungGen: 310358K->1440K(302400K)] 698188K->389426K(989376K), 0.0049400 secs] [Times: user=0.02 sys=0.00, real=0.00 secs] 
2014-07-16T04:10:48.320+0000: 2197.408: [GC [PSYoungGen: 302368K->1164K(294080K)] 690354K->389214K(981056K), 0.0081270 secs] [Times: user=0.05 sys=0.00, real=0.01 secs] 
2014-07-16T04:10:49.393+0000: 2198.481: [GC [PSYoungGen: 294028K->1040K(286208K)] 682078K->389146K(973184K), 0.0105050 secs] [Times: user=0.06 sys=0.00, real=0.01 secs] 
2014-07-16T04:10:50.424+0000: 2199.513: [GC [PSYoungGen: 286160K->1368K(279104K)] 674266K->389546K(966080K), 0.0066350 secs] [Times: user=0.04 sys=0.00, real=0.01 secs] 
2014-07-16T04:10:51.405+0000: 2200.493: [GC [PSYoungGen: 279064K->1018K(271552K)] 667242K->389252K(958528K), 0.0078480 secs] [Times: user=0.04 sys=0.00, real=0.01 secs] 
2014-07-16T04:10:52.458+0000: 2201.547: [GC [PSYoungGen: 271546K->1538K(265216K)] 659780K->389828K(952192K), 0.0120350 secs] [Times: user=0.06 sys=0.00, real=0.01 secs] 
2014-07-16T04:10:53.421+0000: 2202.509: [GC [PSYoungGen: 265121K->1126K(258112K)] 653411K->389663K(945088K), 0.0090700 secs] [Times: user=0.05 sys=0.00, real=0.01 secs] 
2014-07-16T04:10:54.370+0000: 2203.458: [GC [PSYoungGen: 258048K->1208K(251776K)] 646585K->389801K(938752K), 0.0080040 secs] [Times: user=0.04 sys=0.00, real=0.01 secs] 
2014-07-16T04:10:55.252+0000: 2204.341: [GC [PSYoungGen: 251720K->1382K(245824K)] 640313K->390095K(932800K), 0.0115810 secs] [Times: user=0.07 sys=0.00, real=0.01 secs] 
2014-07-16T04:10:56.131+0000: 2205.220: [GC [PSYoungGen: 245798K->1314K(239872K)] 634511K->390083K(926848K), 0.0083800 secs] [Times: user=0.04 sys=0.00, real=0.01 secs] 
2014-07-16T04:10:56.945+0000: 2206.033: [GC [PSYoungGen: 239815K->1004K(287296K)] 628584K->389951K(974272K), 0.0121160 secs] [Times: user=0.07 sys=0.00, real=0.01 secs] 
2014-07-16T04:10:58.099+0000: 2207.187: [GC [PSYoungGen: 287276K->1728K(345344K)] 676223K->390805K(1032320K), 0.0109370 secs] [Times: user=0.06 sys=0.00, real=0.01 secs] 
2014-07-16T04:10:59.308+0000: 2208.396: [GC [PSYoungGen: 345280K->826K(334592K)] 734357K->390279K(1021568K), 0.0075780 secs] [Times: user=0.05 sys=0.00, real=0.01 secs] 
2014-07-16T04:11:00.475+0000: 2209.563: [GC [PSYoungGen: 334586K->1836K(326208K)] 724039K->391469K(1013184K), 0.0076060 secs] [Times: user=0.04 sys=0.00, real=0.01 secs] 
2014-07-16T04:11:01.671+0000: 2210.759: [GC [PSYoungGen: 326115K->936K(316288K)] 715749K->390733K(1003264K), 0.0088890 secs] [Times: user=0.05 sys=0.00, real=0.01 secs] 
2014-07-16T04:11:02.936+0000: 2212.025: [GC [PSYoungGen: 316264K->1210K(307904K)] 706061K->391103K(994880K), 0.0089430 secs] [Times: user=0.05 sys=0.01, real=0.01 secs] 
2014-07-16T04:11:04.104+0000: 2213.192: [GC [PSYoungGen: 307898K->804K(299200K)] 697791K->390793K(986176K), 0.0035790 secs] [Times: user=0.02 sys=0.00, real=0.00 secs] 
2014-07-16T04:11:05.129+0000: 2214.218: [GC [PSYoungGen: 299172K->1264K(291648K)] 689161K->391325K(978624K), 0.0038910 secs] [Times: user=0.02 sys=0.00, real=0.00 secs] 
2014-07-16T04:11:06.115+0000: 2215.203: [GC [PSYoungGen: 291551K->904K(283648K)] 681613K->391013K(970624K), 0.0154280 secs] [Times: user=0.09 sys=0.01, real=0.02 secs] 
2014-07-16T04:11:07.107+0000: 2216.195: [GC [PSYoungGen: 283592K->1614K(276992K)] 673701K->391811K(963968K), 0.0076490 secs] [Times: user=0.05 sys=0.00, real=0.01 secs] 
2014-07-16T04:11:08.149+0000: 2217.237: [GC [PSYoungGen: 276942K->1398K(269632K)] 667139K->391731K(956608K), 0.0061490 secs] [Times: user=0.04 sys=0.00, real=0.01 secs] 
2014-07-16T04:11:09.098+0000: 2218.186: [GC [PSYoungGen: 269622K->904K(262400K)] 659955K->391285K(949376K), 0.0131320 secs] [Times: user=0.07 sys=0.00, real=0.02 secs] 
2014-07-16T04:11:09.975+0000: 2219.063: [GC [PSYoungGen: 262344K->1750K(256704K)] 652725K->392203K(943680K), 0.0044430 secs] [Times: user=0.02 sys=0.00, real=0.01 secs] 
2014-07-16T04:11:10.916+0000: 2220.004: [GC [PSYoungGen: 256659K->1596K(250176K)] 647113K->392137K(937152K), 0.0065220 secs] [Times: user=0.04 sys=0.00, real=0.01 secs] 
2014-07-16T04:11:11.818+0000: 2220.907: [GC [PSYoungGen: 250125K->996K(299328K)] 640666K->391633K(986304K), 0.0180130 secs] [Times: user=0.10 sys=0.00, real=0.02 secs] 
2014-07-16T04:11:12.964+0000: 2222.052: [GC [PSYoungGen: 299300K->1096K(291456K)] 689937K->391813K(978432K), 0.0032920 secs] [Times: user=0.01 sys=0.00, real=0.00 secs] 
2014-07-16T04:11:14.133+0000: 2223.221: [GC [PSYoungGen: 291400K->1054K(283712K)] 682117K->391819K(970688K), 0.0088210 secs] [Times: user=0.02 sys=0.00, real=0.01 secs] 
2014-07-16T04:11:15.084+0000: 2224.172: [GC [PSYoungGen: 283666K->1122K(276416K)] 674432K->391943K(963392K), 0.0107280 secs] [Times: user=0.07 sys=0.00, real=0.01 secs] 
2014-07-16T04:11:16.035+0000: 2225.123: [GC [PSYoungGen: 276386K->1604K(269824K)] 667207K->392489K(956800K), 0.0067840 secs] [Times: user=0.04 sys=0.01, real=0.01 secs] 
2014-07-16T04:11:16.949+0000: 2226.037: [GC [PSYoungGen: 269762K->1246K(262656K)] 660647K->392187K(949632K), 0.0110410 secs] [Times: user=0.07 sys=0.01, real=0.01 secs] 
2014-07-16T04:11:17.995+0000: 2227.083: [GC [PSYoungGen: 262621K->1212K(256064K)] 653563K->392443K(943040K), 0.0088260 secs] [Times: user=0.06 sys=0.00, real=0.01 secs] 
2014-07-16T04:11:18.831+0000: 2227.919: [GC [PSYoungGen: 256060K->1214K(249792K)] 647291K->392493K(936768K), 0.0110320 secs] [Times: user=0.06 sys=0.01, real=0.02 secs] 
2014-07-16T04:11:19.698+0000: 2228.787: [GC [PSYoungGen: 249790K->1504K(244032K)] 641069K->393071K(931008K), 0.0081020 secs] [Times: user=0.06 sys=0.00, real=0.01 secs] 
2014-07-16T04:11:20.545+0000: 2229.633: [GC [PSYoungGen: 244000K->886K(237568K)] 635567K->392501K(924544K), 0.0071110 secs] [Times: user=0.03 sys=0.00, real=0.01 secs] 
2014-07-16T04:11:21.375+0000: 2230.464: [GC [PSYoungGen: 237558K->932K(232000K)] 629173K->392619K(918976K), 0.0065220 secs] [Times: user=0.04 sys=0.00, real=0.01 secs] 
2014-07-16T04:11:22.204+0000: 2231.292: [GC [PSYoungGen: 231972K->1958K(227584K)] 623659K->393686K(914560K), 0.0047910 secs] [Times: user=0.02 sys=0.01, real=0.00 secs] 
2014-07-16T04:11:23.126+0000: 2232.214: [GC [PSYoungGen: 227558K->1072K(221440K)] 619286K->393377K(908416K), 0.0040020 secs] [Times: user=0.02 sys=0.00, real=0.00 secs] 
2014-07-16T04:11:23.885+0000: 2232.974: [GC [PSYoungGen: 221424K->1804K(217152K)] 613729K->394166K(904128K), 0.0075700 secs] [Times: user=0.04 sys=0.00, real=0.01 secs] 
2014-07-16T04:11:24.731+0000: 2233.819: [GC [PSYoungGen: 217100K->1250K(211712K)] 609462K->393699K(898688K), 0.0053040 secs] [Times: user=0.03 sys=0.00, real=0.01 secs] 
2014-07-16T04:11:25.431+0000: 2234.520: [GC [PSYoungGen: 211676K->1000K(206784K)] 604126K->393561K(893760K), 0.0070830 secs] [Times: user=0.04 sys=0.00, real=0.01 secs] 
2014-07-16T04:11:26.139+0000: 2235.227: [GC [PSYoungGen: 206760K->1900K(203136K)] 599321K->394550K(890112K), 0.0052140 secs] [Times: user=0.03 sys=0.00, real=0.01 secs] 
2014-07-16T04:11:26.842+0000: 2235.930: [GC [PSYoungGen: 203116K->2068K(198976K)] 595766K->394790K(885952K), 0.0041160 secs] [Times: user=0.02 sys=0.00, real=0.01 secs] 
2014-07-16T04:11:27.534+0000: 2236.622: [GC [PSYoungGen: 198925K->748K(237056K)] 591647K->393673K(924032K), 0.0271500 secs] [Times: user=0.16 sys=0.00, real=0.02 secs] 
2014-07-16T04:11:28.398+0000: 2237.487: [GC [PSYoungGen: 237027K->1200K(284800K)] 629953K->394205K(971776K), 0.0055730 secs] [Times: user=0.04 sys=0.00, real=0.01 secs] 
2014-07-16T04:11:29.402+0000: 2238.490: [GC [PSYoungGen: 284734K->1054K(341248K)] 677740K->394157K(1028224K), 0.0048070 secs] [Times: user=0.03 sys=0.00, real=0.01 secs] 
2014-07-16T04:11:30.560+0000: 2239.648: [GC [PSYoungGen: 339870K->640K(329856K)] 732973K->393815K(1016832K), 0.0089390 secs] [Times: user=0.05 sys=0.00, real=0.01 secs] 
2014-07-16T04:11:31.691+0000: 2240.780: [GC [PSYoungGen: 329856K->1414K(321472K)] 723031K->394661K(1008448K), 0.0055240 secs] [Times: user=0.02 sys=0.01, real=0.01 secs] 
2014-07-16T04:11:32.918+0000: 2242.006: [GC [PSYoungGen: 321379K->1222K(312448K)] 714627K->394549K(999424K), 0.0067970 secs] [Times: user=0.05 sys=0.00, real=0.01 secs] 
2014-07-16T04:11:34.014+0000: 2243.102: [GC [PSYoungGen: 312390K->868K(303616K)] 705717K->394251K(990592K), 0.0062430 secs] [Times: user=0.02 sys=0.00, real=0.00 secs] 
2014-07-16T04:11:35.176+0000: 2244.265: [GC [PSYoungGen: 303588K->1264K(295872K)] 696971K->394719K(982848K), 0.0046440 secs] [Times: user=0.02 sys=0.00, real=0.00 secs] 
2014-07-16T04:11:36.217+0000: 2245.305: [GC [PSYoungGen: 295856K->1236K(288064K)] 689311K->394747K(975040K), 0.0084490 secs] [Times: user=0.04 sys=0.00, real=0.01 secs] 
2014-07-16T04:11:37.244+0000: 2246.332: [GC [PSYoungGen: 288020K->690K(279936K)] 681531K->394257K(966912K), 0.0070490 secs] [Times: user=0.05 sys=0.00, real=0.00 secs] 
2014-07-16T04:11:38.326+0000: 2247.414: [GC [PSYoungGen: 279922K->1888K(273920K)] 673489K->395560K(960896K), 0.0066070 secs] [Times: user=0.04 sys=0.00, real=0.00 secs] 
2014-07-16T04:11:39.318+0000: 2248.406: [GC [PSYoungGen: 273888K->1200K(266240K)] 667560K->394951K(953216K), 0.0042400 secs] [Times: user=0.02 sys=0.00, real=0.00 secs] 
2014-07-16T04:11:40.283+0000: 2249.371: [GC [PSYoungGen: 266224K->1050K(259456K)] 659975K->394881K(946432K), 0.0068240 secs] [Times: user=0.04 sys=0.00, real=0.01 secs] 
2014-07-16T04:11:41.191+0000: 2250.279: [GC [PSYoungGen: 259418K->1602K(253568K)] 653249K->395497K(940544K), 0.0050340 secs] [Times: user=0.02 sys=0.00, real=0.01 secs] 
2014-07-16T04:11:42.077+0000: 2251.165: [GC [PSYoungGen: 253506K->1522K(247232K)] 647401K->395514K(934208K), 0.0067870 secs] [Times: user=0.04 sys=0.00, real=0.00 secs] 
2014-07-16T04:11:43.097+0000: 2252.185: [GC [PSYoungGen: 247218K->1670K(241472K)] 641210K->395733K(928448K), 0.0073990 secs] [Times: user=0.05 sys=0.00, real=0.01 secs] 
2014-07-16T04:11:43.983+0000: 2253.071: [GC [PSYoungGen: 241414K->1148K(235136K)] 635477K->396006K(922112K), 0.0053460 secs] [Times: user=0.03 sys=0.00, real=0.01 secs] 
2014-07-16T04:11:44.837+0000: 2253.925: [GC [PSYoungGen: 235132K->1602K(230144K)] 629990K->396524K(917120K), 0.0070500 secs] [Times: user=0.03 sys=0.00, real=0.00 secs] 
2014-07-16T04:11:45.663+0000: 2254.752: [GC [PSYoungGen: 230082K->1880K(225088K)] 625004K->396948K(912064K), 0.0057570 secs] [Times: user=0.02 sys=0.00, real=0.01 secs] 
2014-07-16T04:11:46.483+0000: 2255.571: [GC [PSYoungGen: 225048K->1260K(219328K)] 620116K->396432K(906304K), 0.0049440 secs] [Times: user=0.02 sys=0.00, real=0.01 secs] 
2014-07-16T04:11:47.224+0000: 2256.312: [GC [PSYoungGen: 219308K->1596K(214656K)] 614480K->396856K(901632K), 0.0068480 secs] [Times: user=0.04 sys=0.00, real=0.01 secs] 
2014-07-16T04:11:48.075+0000: 2257.163: [GC [PSYoungGen: 214652K->1502K(209792K)] 609912K->396826K(896768K), 0.0126480 secs] [Times: user=0.07 sys=0.00, real=0.02 secs] 
2014-07-16T04:11:48.840+0000: 2257.928: [GC [PSYoungGen: 209739K->1646K(205312K)] 605063K->397142K(892288K), 0.0040570 secs] [Times: user=0.02 sys=0.01, real=0.00 secs] 
2014-07-16T04:11:49.557+0000: 2258.645: [GC [PSYoungGen: 205294K->1700K(200896K)] 600790K->397244K(887872K), 0.0067100 secs] [Times: user=0.03 sys=0.00, real=0.00 secs] 
2014-07-16T04:11:50.227+0000: 2259.315: [GC [PSYoungGen: 200868K->1276K(240320K)] 596412K->397040K(927296K), 0.0119090 secs] [Times: user=0.08 sys=0.00, real=0.01 secs] 
2014-07-16T04:11:51.087+0000: 2260.175: [GC [PSYoungGen: 240316K->1158K(234560K)] 636080K->396994K(921536K), 0.0069940 secs] [Times: user=0.05 sys=0.00, real=0.00 secs] 
2014-07-16T04:11:51.907+0000: 2260.996: [GC [PSYoungGen: 234502K->858K(228736K)] 630338K->396774K(915712K), 0.0076250 secs] [Times: user=0.05 sys=0.00, real=0.00 secs] 
2014-07-16T04:11:52.695+0000: 2261.783: [GC [PSYoungGen: 228698K->1154K(274624K)] 624614K->397142K(961600K), 0.0108770 secs] [Times: user=0.07 sys=0.01, real=0.01 secs] 
2014-07-16T04:11:53.774+0000: 2262.863: [GC [PSYoungGen: 274559K->1424K(267904K)] 670547K->397484K(954880K), 0.0044490 secs] [Times: user=0.02 sys=0.00, real=0.01 secs] 
2014-07-16T04:11:54.738+0000: 2263.826: [GC [PSYoungGen: 267853K->1332K(261056K)] 663913K->397480K(948032K), 0.0092370 secs] [Times: user=0.05 sys=0.01, real=0.01 secs] 
2014-07-16T04:11:55.704+0000: 2264.792: [GC [PSYoungGen: 261044K->1538K(254848K)] 657192K->397766K(941824K), 0.0075500 secs] [Times: user=0.04 sys=0.00, real=0.01 secs] 
2014-07-16T04:11:56.568+0000: 2265.656: [GC [PSYoungGen: 254769K->1696K(305664K)] 650997K->397980K(992640K), 0.0192110 secs] [Times: user=0.11 sys=0.00, real=0.02 secs] 
2014-07-16T04:11:57.633+0000: 2266.721: [GC [PSYoungGen: 305632K->940K(315392K)] 701916K->397280K(1002368K), 0.0122990 secs] [Times: user=0.08 sys=0.00, real=0.01 secs] 
2014-07-16T04:11:58.869+0000: 2267.958: [GC [PSYoungGen: 315372K->876K(306752K)] 711712K->397280K(993728K), 0.0058540 secs] [Times: user=0.04 sys=0.00, real=0.00 secs] 
2014-07-16T04:11:59.936+0000: 2269.024: [GC [PSYoungGen: 306731K->1276K(298880K)] 703136K->398234K(985856K), 0.0037290 secs] [Times: user=0.02 sys=0.00, real=0.01 secs] 
2014-07-16T04:12:00.994+0000: 2270.082: [GC [PSYoungGen: 298876K->1432K(291136K)] 695834K->398486K(978112K), 0.0036180 secs] [Times: user=0.03 sys=0.00, real=0.01 secs] 
2014-07-16T04:12:01.961+0000: 2271.049: [GC [PSYoungGen: 291090K->854K(282944K)] 688145K->398154K(969920K), 0.0044480 secs] [Times: user=0.03 sys=0.01, real=0.00 secs] 
2014-07-16T04:12:02.941+0000: 2272.029: [GC [PSYoungGen: 282902K->958K(275648K)] 680202K->398322K(962624K), 0.0087250 secs] [Times: user=0.05 sys=0.00, real=0.01 secs] 
2014-07-16T04:12:04.026+0000: 2273.114: [GC [PSYoungGen: 275622K->1132K(268800K)] 672986K->398584K(955776K), 0.0038280 secs] [Times: user=0.02 sys=0.00, real=0.01 secs] 
2014-07-16T04:12:05.000+0000: 2274.088: [GC [PSYoungGen: 268780K->1596K(262464K)] 666232K->399120K(949440K), 0.0045850 secs] [Times: user=0.02 sys=0.00, real=0.00 secs] 
2014-07-16T04:12:05.937+0000: 2275.025: [GC [PSYoungGen: 262460K->1532K(255872K)] 659984K->399128K(942848K), 0.0058380 secs] [Times: user=0.04 sys=0.00, real=0.01 secs] 
2014-07-16T04:12:06.803+0000: 2275.891: [GC [PSYoungGen: 255868K->1036K(249152K)] 653464K->398720K(936128K), 0.0074850 secs] [Times: user=0.04 sys=0.00, real=0.01 secs] 
2014-07-16T04:12:07.683+0000: 2276.772: [GC [PSYoungGen: 249080K->1764K(243776K)] 646765K->399836K(930752K), 0.0079270 secs] [Times: user=0.05 sys=0.00, real=0.01 secs] 
2014-07-16T04:12:08.608+0000: 2277.697: [GC [PSYoungGen: 243748K->954K(237120K)] 641820K->399090K(924096K), 0.0061710 secs] [Times: user=0.03 sys=0.00, real=0.00 secs] 
2014-07-16T04:12:09.413+0000: 2278.501: [GC [PSYoungGen: 237114K->1466K(232000K)] 635250K->399674K(918976K), 0.0117540 secs] [Times: user=0.06 sys=0.01, real=0.01 secs] 
2014-07-16T04:12:10.202+0000: 2279.290: [GC [PSYoungGen: 231994K->1414K(226560K)] 630202K->399734K(913536K), 0.0039290 secs] [Times: user=0.02 sys=0.00, real=0.00 secs] 
2014-07-16T04:12:10.950+0000: 2280.038: [GC [PSYoungGen: 226502K->1300K(221248K)] 624822K->399700K(908224K), 0.0076980 secs] [Times: user=0.04 sys=0.00, real=0.00 secs] 
2014-07-16T04:12:11.715+0000: 2280.804: [GC [PSYoungGen: 221199K->1400K(216256K)] 619599K->399904K(903232K), 0.0067490 secs] [Times: user=0.05 sys=0.00, real=0.01 secs] 
2014-07-16T04:12:12.508+0000: 2281.596: [GC [PSYoungGen: 216248K->1632K(211648K)] 614752K->400256K(898624K), 0.0041210 secs] [Times: user=0.02 sys=0.00, real=0.01 secs] 
2014-07-16T04:12:13.304+0000: 2282.392: [GC [PSYoungGen: 211616K->1778K(207104K)] 610240K->400450K(894080K), 0.0051000 secs] [Times: user=0.03 sys=0.00, real=0.00 secs] 
2014-07-16T04:12:14.060+0000: 2283.148: [GC [PSYoungGen: 207079K->950K(201728K)] 605751K->399694K(888704K), 0.0092210 secs] [Times: user=0.05 sys=0.00, real=0.00 secs] 
2014-07-16T04:12:14.755+0000: 2283.843: [GC [PSYoungGen: 201718K->1652K(198080K)] 600462K->400468K(885056K), 0.0093070 secs] [Times: user=0.05 sys=0.01, real=0.01 secs] 
2014-07-16T04:12:15.457+0000: 2284.546: [GC [PSYoungGen: 198068K->1328K(237056K)] 596884K->400192K(924032K), 0.0090650 secs] [Times: user=0.06 sys=0.00, real=0.01 secs] 
2014-07-16T04:12:16.275+0000: 2285.364: [GC [PSYoungGen: 237040K->1154K(284096K)] 635904K->400082K(971072K), 0.0114530 secs] [Times: user=0.06 sys=0.00, real=0.01 secs] 
2014-07-16T04:12:17.283+0000: 2286.371: [GC [PSYoungGen: 284034K->1582K(298176K)] 682962K->400606K(985152K), 0.0076060 secs] [Times: user=0.04 sys=0.00, real=0.01 secs] 
2014-07-16T04:12:18.324+0000: 2287.413: [GC [PSYoungGen: 297881K->1750K(298496K)] 696905K->400862K(985472K), 0.0104300 secs] [Times: user=0.07 sys=0.00, real=0.01 secs] 
2014-07-16T04:12:19.450+0000: 2288.538: [GC [PSYoungGen: 298067K->1100K(289600K)] 697179K->400316K(976576K), 0.0033820 secs] [Times: user=0.02 sys=0.01, real=0.00 secs] 
2014-07-16T04:12:20.426+0000: 2289.515: [GC [PSYoungGen: 289526K->872K(281728K)] 688743K->400168K(968704K), 0.0064460 secs] [Times: user=0.03 sys=0.00, real=0.01 secs] 
2014-07-16T04:12:21.416+0000: 2290.505: [GC [PSYoungGen: 281704K->1158K(274752K)] 681000K->400502K(961728K), 0.0043580 secs] [Times: user=0.02 sys=0.00, real=0.01 secs] 
2014-07-16T04:12:22.358+0000: 2291.446: [GC [PSYoungGen: 274694K->1228K(267776K)] 674038K->400644K(954752K), 0.0042290 secs] [Times: user=0.02 sys=0.00, real=0.01 secs] 
2014-07-16T04:12:23.296+0000: 2292.384: [GC [PSYoungGen: 267724K->1678K(261504K)] 667140K->401158K(948480K), 0.0039040 secs] [Times: user=0.02 sys=0.01, real=0.00 secs] 
2014-07-16T04:12:24.272+0000: 2293.360: [GC [PSYoungGen: 261454K->1454K(254784K)] 660934K->400982K(941760K), 0.0046640 secs] [Times: user=0.02 sys=0.00, real=0.00 secs] 
2014-07-16T04:12:25.178+0000: 2294.266: [GC [PSYoungGen: 254766K->1200K(248256K)] 654294K->400872K(935232K), 0.0085100 secs] [Times: user=0.06 sys=0.00, real=0.01 secs] 
2014-07-16T04:12:26.123+0000: 2295.211: [GC [PSYoungGen: 248240K->1418K(242496K)] 647912K->401162K(929472K), 0.0040040 secs] [Times: user=0.02 sys=0.01, real=0.00 secs] 
2014-07-16T04:12:26.953+0000: 2296.041: [GC [PSYoungGen: 242415K->1456K(236736K)] 642160K->401296K(923712K), 0.0044750 secs] [Times: user=0.02 sys=0.00, real=0.00 secs] 
2014-07-16T04:12:27.766+0000: 2296.854: [GC [PSYoungGen: 236712K->1268K(230976K)] 636553K->401164K(917952K), 0.0099210 secs] [Times: user=0.05 sys=0.00, real=0.01 secs] 
2014-07-16T04:12:28.720+0000: 2297.809: [GC [PSYoungGen: 230964K->1264K(225600K)] 630860K->401710K(912576K), 0.0047660 secs] [Times: user=0.02 sys=0.00, real=0.01 secs] 
2014-07-16T04:12:29.455+0000: 2298.543: [GC [PSYoungGen: 225571K->1336K(220480K)] 626018K->401870K(907456K), 0.0074910 secs] [Times: user=0.05 sys=0.00, real=0.01 secs] 
2014-07-16T04:12:30.215+0000: 2299.303: [GC [PSYoungGen: 220472K->954K(215104K)] 621006K->401610K(902080K), 0.0057070 secs] [Times: user=0.04 sys=0.00, real=0.00 secs] 
2014-07-16T04:12:30.984+0000: 2300.073: [GC [PSYoungGen: 215098K->940K(257984K)] 615754K->401620K(944960K), 0.0199630 secs] [Times: user=0.12 sys=0.00, real=0.02 secs] 
2014-07-16T04:12:31.881+0000: 2300.969: [GC [PSYoungGen: 257964K->908K(309440K)] 658644K->401644K(996416K), 0.0043570 secs] [Times: user=0.02 sys=0.00, real=0.01 secs] 
2014-07-16T04:12:32.953+0000: 2302.041: [GC [PSYoungGen: 309351K->1578K(345472K)] 710088K->402386K(1032448K), 0.0147540 secs] [Times: user=0.10 sys=0.00, real=0.01 secs] 
2014-07-16T04:12:34.291+0000: 2303.379: [GC [PSYoungGen: 345002K->1328K(372352K)] 745810K->402224K(1059328K), 0.0105790 secs] [Times: user=0.06 sys=0.00, real=0.01 secs] 
2014-07-16T04:12:35.590+0000: 2304.679: [GC [PSYoungGen: 371568K->1168K(360576K)] 772464K->402152K(1047552K), 0.0070390 secs] [Times: user=0.05 sys=0.00, real=0.01 secs] 
2014-07-16T04:12:36.941+0000: 2306.029: [GC [PSYoungGen: 360528K->894K(349824K)] 761512K->402062K(1036800K), 0.0079950 secs] [Times: user=0.05 sys=0.00, real=0.01 secs] 
2014-07-16T04:12:38.135+0000: 2307.223: [GC [PSYoungGen: 349822K->1658K(340608K)] 750990K->402882K(1027584K), 0.0086520 secs] [Times: user=0.04 sys=0.01, real=0.01 secs] 
2014-07-16T04:12:39.326+0000: 2308.414: [GC [PSYoungGen: 340587K->890K(330240K)] 741811K->402478K(1017216K), 0.0090120 secs] [Times: user=0.06 sys=0.00, real=0.01 secs] 
2014-07-16T04:12:40.475+0000: 2309.563: [GC [PSYoungGen: 330234K->1022K(321152K)] 731822K->402690K(1008128K), 0.0050290 secs] [Times: user=0.03 sys=0.01, real=0.00 secs] 
2014-07-16T04:12:41.557+0000: 2310.645: [GC [PSYoungGen: 321150K->1428K(312768K)] 722818K->403192K(999744K), 0.0042200 secs] [Times: user=0.02 sys=0.00, real=0.00 secs] 
2014-07-16T04:12:42.652+0000: 2311.741: [GC [PSYoungGen: 312724K->1364K(304192K)] 714488K->403232K(991168K), 0.0052620 secs] [Times: user=0.03 sys=0.00, real=0.01 secs] 
2014-07-16T04:12:43.707+0000: 2312.795: [GC [PSYoungGen: 304148K->1136K(295808K)] 706016K->403166K(982784K), 0.0190730 secs] [Times: user=0.09 sys=0.00, real=0.22 secs] 
2014-07-16T04:12:44.970+0000: 2314.058: [GC [PSYoungGen: 295792K->1018K(287872K)] 697822K->403128K(974848K), 0.0115360 secs] [Times: user=0.06 sys=0.00, real=0.01 secs] 
2014-07-16T04:12:45.997+0000: 2315.085: [GC [PSYoungGen: 287864K->1564K(280896K)] 689975K->403896K(967872K), 0.0061630 secs] [Times: user=0.02 sys=0.01, real=0.00 secs] 
2014-07-16T04:12:47.098+0000: 2316.187: [GC [PSYoungGen: 280860K->858K(272960K)] 683192K->403238K(959936K), 0.0055180 secs] [Times: user=0.02 sys=0.00, real=0.01 secs] 
2014-07-16T04:12:48.026+0000: 2317.114: [GC [PSYoungGen: 272919K->1394K(266496K)] 675300K->404047K(953472K), 0.0061220 secs] [Times: user=0.04 sys=0.00, real=0.00 secs] 
2014-07-16T04:12:49.043+0000: 2318.131: [GC [PSYoungGen: 266481K->1412K(259840K)] 669133K->404128K(946816K), 0.0047620 secs] [Times: user=0.03 sys=0.00, real=0.01 secs] 
2014-07-16T04:12:49.969+0000: 2319.057: [GC [PSYoungGen: 259780K->1250K(253184K)] 662496K->404078K(940160K), 0.0180980 secs] [Times: user=0.11 sys=0.01, real=0.02 secs] 
2014-07-16T04:12:50.827+0000: 2319.915: [GC [PSYoungGen: 253154K->1050K(246784K)] 655982K->403958K(933760K), 0.0061410 secs] [Times: user=0.04 sys=0.00, real=0.00 secs] 
2014-07-16T04:12:51.689+0000: 2320.777: [GC [PSYoungGen: 246746K->1464K(241216K)] 649654K->404460K(928192K), 0.0044240 secs] [Times: user=0.02 sys=0.00, real=0.00 secs] 
2014-07-16T04:12:52.553+0000: 2321.641: [GC [PSYoungGen: 241208K->1022K(235008K)] 644204K->404066K(921984K), 0.0115710 secs] [Times: user=0.08 sys=0.01, real=0.01 secs] 
2014-07-16T04:12:53.361+0000: 2322.450: [GC [PSYoungGen: 235006K->1150K(229632K)] 638050K->404258K(916608K), 0.0098400 secs] [Times: user=0.05 sys=0.00, real=0.01 secs] 
2014-07-16T04:12:54.302+0000: 2323.391: [GC [PSYoungGen: 229630K->1410K(224640K)] 632738K->404582K(911616K), 0.0082510 secs] [Times: user=0.05 sys=0.00, real=0.01 secs] 
2014-07-16T04:12:55.065+0000: 2324.153: [GC [PSYoungGen: 224578K->990K(219072K)] 627750K->404210K(906048K), 0.0041980 secs] [Times: user=0.02 sys=0.00, real=0.01 secs] 
2014-07-16T04:12:55.827+0000: 2324.915: [GC [PSYoungGen: 219038K->964K(214080K)] 622258K->404240K(901056K), 0.0061810 secs] [Times: user=0.02 sys=0.00, real=0.00 secs] 
2014-07-16T04:12:56.572+0000: 2325.660: [GC [PSYoungGen: 213993K->1710K(257408K)] 617270K->405098K(944384K), 0.0120600 secs] [Times: user=0.07 sys=0.01, real=0.01 secs] 
2014-07-16T04:12:57.565+0000: 2326.653: [GC [PSYoungGen: 257347K->1282K(250688K)] 660735K->404782K(937664K), 0.0072360 secs] [Times: user=0.05 sys=0.01, real=0.01 secs] 
2014-07-16T04:12:58.440+0000: 2327.529: [GC [PSYoungGen: 250626K->1046K(300352K)] 654126K->404618K(987328K), 0.0138530 secs] [Times: user=0.09 sys=0.00, real=0.01 secs] 
2014-07-16T04:12:59.580+0000: 2328.668: [GC [PSYoungGen: 300289K->1400K(292672K)] 703861K->405020K(979648K), 0.0055850 secs] [Times: user=0.01 sys=0.00, real=0.00 secs] 
2014-07-16T04:13:00.614+0000: 2329.702: [GC [PSYoungGen: 292664K->922K(284544K)] 696284K->404598K(971520K), 0.0056850 secs] [Times: user=0.02 sys=0.00, real=0.01 secs] 
2014-07-16T04:13:01.627+0000: 2330.715: [GC [PSYoungGen: 284506K->1108K(277312K)] 688182K->404848K(964288K), 0.0044050 secs] [Times: user=0.02 sys=0.00, real=0.00 secs] 
2014-07-16T04:13:02.564+0000: 2331.652: [GC [PSYoungGen: 277253K->1314K(270400K)] 680993K->405110K(957376K), 0.0052540 secs] [Times: user=0.02 sys=0.00, real=0.01 secs] 
2014-07-16T04:13:03.469+0000: 2332.558: [GC [PSYoungGen: 270370K->1004K(263232K)] 674166K->404864K(950208K), 0.0056640 secs] [Times: user=0.02 sys=0.00, real=0.00 secs] 
2014-07-16T04:13:04.529+0000: 2333.617: [GC [PSYoungGen: 263212K->1394K(257024K)] 667072K->405361K(944000K), 0.0083800 secs] [Times: user=0.05 sys=0.00, real=0.01 secs] 
2014-07-16T04:13:05.425+0000: 2334.513: [GC [PSYoungGen: 257010K->1072K(250368K)] 660977K->405094K(937344K), 0.0066790 secs] [Times: user=0.03 sys=0.01, real=0.01 secs] 
2014-07-16T04:13:06.288+0000: 2335.376: [GC [PSYoungGen: 250352K->1240K(244480K)] 654374K->405442K(931456K), 0.0060470 secs] [Times: user=0.04 sys=0.00, real=0.00 secs] 
2014-07-16T04:13:07.137+0000: 2336.225: [GC [PSYoungGen: 244440K->904K(238272K)] 648642K->405186K(925248K), 0.0074510 secs] [Times: user=0.05 sys=0.00, real=0.00 secs] 
2014-07-16T04:13:08.030+0000: 2337.119: [GC [PSYoungGen: 238216K->1108K(232832K)] 642498K->405447K(919808K), 0.0073450 secs] [Times: user=0.04 sys=0.00, real=0.01 secs] 
2014-07-16T04:13:08.843+0000: 2337.931: [GC [PSYoungGen: 232788K->940K(227200K)] 637127K->405326K(914176K), 0.0086400 secs] [Times: user=0.05 sys=0.01, real=0.01 secs] 
2014-07-16T04:13:09.775+0000: 2338.863: [GC [PSYoungGen: 227180K->986K(222016K)] 631566K->405420K(908992K), 0.0063940 secs] [Times: user=0.03 sys=0.00, real=0.01 secs] 
2014-07-16T04:13:10.527+0000: 2339.615: [GC [PSYoungGen: 221978K->1082K(217024K)] 626412K->405604K(904000K), 0.0075560 secs] [Times: user=0.04 sys=0.00, real=0.01 secs] 
2014-07-16T04:13:11.292+0000: 2340.380: [GC [PSYoungGen: 217018K->996K(212096K)] 621540K->405590K(899072K), 0.0069710 secs] [Times: user=0.04 sys=0.00, real=0.01 secs] 
2014-07-16T04:13:12.014+0000: 2341.102: [GC [PSYoungGen: 212068K->1660K(254976K)] 616662K->406311K(941952K), 0.0123330 secs] [Times: user=0.07 sys=0.00, real=0.01 secs] 
2014-07-16T04:13:12.884+0000: 2341.972: [GC [PSYoungGen: 254972K->688K(304704K)] 659622K->406051K(991680K), 0.0082610 secs] [Times: user=0.05 sys=0.00, real=0.01 secs] 
2014-07-16T04:13:13.957+0000: 2343.046: [GC [PSYoungGen: 304688K->1768K(297600K)] 710051K->407251K(984576K), 0.0072860 secs] [Times: user=0.05 sys=0.00, real=0.01 secs] 
2014-07-16T04:13:15.073+0000: 2344.161: [GC [PSYoungGen: 297576K->1140K(289088K)] 703059K->407291K(976064K), 0.0097430 secs] [Times: user=0.07 sys=0.00, real=0.01 secs] 
2014-07-16T04:13:16.115+0000: 2345.204: [GC [PSYoungGen: 289068K->1914K(282304K)] 695219K->408161K(969280K), 0.0081090 secs] [Times: user=0.05 sys=0.00, real=0.01 secs] 
2014-07-16T04:13:17.110+0000: 2346.198: [GC [PSYoungGen: 282298K->986K(274112K)] 688545K->407347K(961088K), 0.0063270 secs] [Times: user=0.03 sys=0.00, real=0.00 secs] 
2014-07-16T04:13:18.173+0000: 2347.261: [GC [PSYoungGen: 274074K->1552K(267712K)] 680435K->407969K(954688K), 0.0150140 secs] [Times: user=0.10 sys=0.00, real=0.01 secs] 
2014-07-16T04:13:19.119+0000: 2348.207: [GC [PSYoungGen: 267641K->1236K(260672K)] 674058K->407733K(947648K), 0.0084290 secs] [Times: user=0.05 sys=0.00, real=0.01 secs] 
2014-07-16T04:13:20.108+0000: 2349.196: [GC [PSYoungGen: 260627K->1264K(254208K)] 667124K->407841K(941184K), 0.0042620 secs] [Times: user=0.03 sys=0.00, real=0.01 secs] 
2014-07-16T04:13:20.963+0000: 2350.051: [GC [PSYoungGen: 254192K->644K(247424K)] 660769K->407261K(934400K), 0.0129510 secs] [Times: user=0.06 sys=0.00, real=0.01 secs] 
2014-07-16T04:13:21.858+0000: 2350.946: [GC [PSYoungGen: 247364K->946K(241664K)] 653981K->407659K(928640K), 0.0055570 secs] [Times: user=0.03 sys=0.00, real=0.01 secs] 
2014-07-16T04:13:22.689+0000: 2351.777: [GC [PSYoungGen: 241621K->1272K(236224K)] 648334K->408057K(923200K), 0.0070540 secs] [Times: user=0.05 sys=0.00, real=0.00 secs] 
2014-07-16T04:13:23.506+0000: 2352.594: [GC [PSYoungGen: 236216K->1354K(230784K)] 643001K->408211K(917760K), 0.0044200 secs] [Times: user=0.03 sys=0.00, real=0.01 secs] 
2014-07-16T04:13:24.334+0000: 2353.422: [GC [PSYoungGen: 230701K->1276K(225280K)] 637558K->408197K(912256K), 0.0071420 secs] [Times: user=0.05 sys=0.00, real=0.01 secs] 
2014-07-16T04:13:25.186+0000: 2354.274: [GC [PSYoungGen: 225276K->1968K(220800K)] 632197K->409263K(907776K), 0.0069770 secs] [Times: user=0.05 sys=0.00, real=0.01 secs] 
2014-07-16T04:13:25.915+0000: 2355.003: [GC [PSYoungGen: 220784K->744K(214592K)] 628079K->408415K(901568K), 0.0035290 secs] [Times: user=0.02 sys=0.01, real=0.00 secs] 
2014-07-16T04:13:26.665+0000: 2355.753: [GC [PSYoungGen: 214568K->976K(210048K)] 622239K->408753K(897024K), 0.0052260 secs] [Times: user=0.02 sys=0.01, real=0.01 secs] 
2014-07-16T04:13:27.382+0000: 2356.470: [GC [PSYoungGen: 210000K->1636K(206016K)] 617777K->409719K(892992K), 0.0118800 secs] [Times: user=0.07 sys=0.00, real=0.01 secs] 
2014-07-16T04:13:28.181+0000: 2357.269: [GC [PSYoungGen: 205988K->2074K(201984K)] 614071K->410237K(888960K), 0.0095010 secs] [Times: user=0.05 sys=0.00, real=0.01 secs] 
2014-07-16T04:13:28.919+0000: 2358.007: [GC [PSYoungGen: 201924K->752K(196288K)] 610087K->409207K(883264K), 0.0064680 secs] [Times: user=0.02 sys=0.00, real=0.01 secs] 
2014-07-16T04:13:29.600+0000: 2358.688: [GC [PSYoungGen: 196272K->1786K(193152K)] 604727K->410305K(880128K), 0.0071430 secs] [Times: user=0.03 sys=0.00, real=0.01 secs] 
2014-07-16T04:13:30.362+0000: 2359.450: [GC [PSYoungGen: 193139K->1250K(188608K)] 601658K->409997K(875584K), 0.0049060 secs] [Times: user=0.03 sys=0.00, real=0.00 secs] 
2014-07-16T04:13:31.018+0000: 2360.106: [GC [PSYoungGen: 188553K->1528K(184960K)] 597301K->410355K(871936K), 0.0084460 secs] [Times: user=0.06 sys=0.00, real=0.01 secs] 
2014-07-16T04:13:31.642+0000: 2360.730: [GC [PSYoungGen: 184952K->1008K(180672K)] 593779K->409899K(867648K), 0.0063510 secs] [Times: user=0.05 sys=0.00, real=0.00 secs] 
2014-07-16T04:13:32.303+0000: 2361.392: [GC [PSYoungGen: 180656K->758K(176768K)] 589547K->409705K(863744K), 0.0051680 secs] [Times: user=0.02 sys=0.00, real=0.00 secs] 
2014-07-16T04:13:32.922+0000: 2362.010: [GC [PSYoungGen: 176749K->936K(173440K)] 585697K->409955K(860416K), 0.0055450 secs] [Times: user=0.03 sys=0.00, real=0.00 secs] 
2014-07-16T04:13:33.513+0000: 2362.601: [GC [PSYoungGen: 173416K->1588K(208576K)] 582435K->410671K(895552K), 0.0185980 secs] [Times: user=0.12 sys=0.00, real=0.02 secs] 
2014-07-16T04:13:34.242+0000: 2363.330: [GC [PSYoungGen: 208530K->1314K(249728K)] 617613K->410477K(936704K), 0.0051100 secs] [Times: user=0.03 sys=0.00, real=0.00 secs] 
2014-07-16T04:13:35.222+0000: 2364.310: [GC [PSYoungGen: 249698K->1494K(299648K)] 658861K->410713K(986624K), 0.0042720 secs] [Times: user=0.02 sys=0.00, real=0.00 secs] 
2014-07-16T04:13:36.241+0000: 2365.329: [GC [PSYoungGen: 299606K->844K(291072K)] 708825K->410119K(978048K), 0.0056890 secs] [Times: user=0.03 sys=0.00, real=0.01 secs] 
2014-07-16T04:13:37.223+0000: 2366.311: [GC [PSYoungGen: 291020K->1032K(283584K)] 700295K->410379K(970560K), 0.0051210 secs] [Times: user=0.03 sys=0.00, real=0.00 secs] 
2014-07-16T04:13:38.208+0000: 2367.296: [GC [PSYoungGen: 283528K->1408K(276608K)] 692875K->410811K(963584K), 0.0051330 secs] [Times: user=0.02 sys=0.00, real=0.01 secs] 
2014-07-16T04:13:39.222+0000: 2368.310: [GC [PSYoungGen: 276544K->1190K(269312K)] 685947K->410649K(956288K), 0.0073220 secs] [Times: user=0.05 sys=0.00, real=0.01 secs] 
2014-07-16T04:13:40.254+0000: 2369.342: [GC [PSYoungGen: 269286K->1514K(262848K)] 678745K->411045K(949824K), 0.0044750 secs] [Times: user=0.02 sys=0.00, real=0.00 secs] 
2014-07-16T04:13:41.171+0000: 2370.260: [GC [PSYoungGen: 262826K->1150K(255936K)] 672357K->410777K(942912K), 0.0057680 secs] [Times: user=0.04 sys=0.00, real=0.01 secs] 
2014-07-16T04:13:42.051+0000: 2371.139: [GC [PSYoungGen: 255934K->1186K(249728K)] 665561K->410861K(936704K), 0.0080810 secs] [Times: user=0.05 sys=0.00, real=0.01 secs] 
2014-07-16T04:13:43.005+0000: 2372.093: [GC [PSYoungGen: 249698K->1046K(243520K)] 659373K->410817K(930496K), 0.0057300 secs] [Times: user=0.04 sys=0.00, real=0.00 secs] 
2014-07-16T04:13:43.880+0000: 2372.969: [GC [PSYoungGen: 243478K->1250K(237888K)] 653249K->411077K(924864K), 0.0066960 secs] [Times: user=0.04 sys=0.00, real=0.01 secs] 
2014-07-16T04:13:44.769+0000: 2373.857: [GC [PSYoungGen: 237850K->1322K(232320K)] 647678K->411245K(919296K), 0.0039520 secs] [Times: user=0.02 sys=0.00, real=0.01 secs] 
2014-07-16T04:13:45.735+0000: 2374.823: [GC [PSYoungGen: 232298K->1122K(226688K)] 642221K->411455K(913664K), 0.0156720 secs] [Times: user=0.10 sys=0.00, real=0.01 secs] 
2014-07-16T04:13:46.548+0000: 2375.636: [GC [PSYoungGen: 226658K->800K(221120K)] 636991K->411197K(908096K), 0.0100240 secs] [Times: user=0.06 sys=0.00, real=0.01 secs] 
2014-07-16T04:13:47.342+0000: 2376.430: [GC [PSYoungGen: 221088K->1414K(216704K)] 631485K->411907K(903680K), 0.0060470 secs] [Times: user=0.04 sys=0.00, real=0.01 secs] 
2014-07-16T04:13:48.092+0000: 2377.180: [GC [PSYoungGen: 216646K->808K(211200K)] 627139K->411357K(898176K), 0.0068300 secs] [Times: user=0.02 sys=0.01, real=0.01 secs] 
2014-07-16T04:13:48.873+0000: 2377.961: [GC [PSYoungGen: 211176K->1586K(207296K)] 621725K->412395K(894272K), 0.0065960 secs] [Times: user=0.05 sys=0.00, real=0.01 secs] 
2014-07-16T04:13:49.709+0000: 2378.797: [GC [PSYoungGen: 207282K->1096K(202304K)] 618091K->411985K(889280K), 0.0036880 secs] [Times: user=0.02 sys=0.00, real=0.00 secs] 
2014-07-16T04:13:50.509+0000: 2379.597: [GC [PSYoungGen: 202248K->1504K(198336K)] 613137K->412531K(885312K), 0.0053470 secs] [Times: user=0.03 sys=0.01, real=0.01 secs] 
2014-07-16T04:13:51.214+0000: 2380.303: [GC [PSYoungGen: 198304K->976K(237184K)] 609331K->412043K(924160K), 0.0168770 secs] [Times: user=0.10 sys=0.00, real=0.01 secs] 
2014-07-16T04:13:52.104+0000: 2381.192: [GC [PSYoungGen: 237136K->1118K(284544K)] 648203K->412225K(971520K), 0.0181920 secs] [Times: user=0.10 sys=0.01, real=0.01 secs] 
2014-07-16T04:13:53.116+0000: 2382.205: [GC [PSYoungGen: 284510K->1332K(307392K)] 695617K->412527K(994368K), 0.0097390 secs] [Times: user=0.05 sys=0.00, real=0.01 secs] 
2014-07-16T04:13:54.204+0000: 2383.293: [GC [PSYoungGen: 306676K->1954K(341824K)] 717871K->413311K(1028800K), 0.0044100 secs] [Times: user=0.02 sys=0.01, real=0.00 secs] 
2014-07-16T04:13:55.530+0000: 2384.618: [GC [PSYoungGen: 341794K->1114K(331392K)] 753151K->412551K(1018368K), 0.0088860 secs] [Times: user=0.05 sys=0.00, real=0.01 secs] 
2014-07-16T04:13:56.733+0000: 2385.821: [GC [PSYoungGen: 331354K->1136K(322176K)] 742791K->412709K(1009152K), 0.0080280 secs] [Times: user=0.05 sys=0.00, real=0.01 secs] 
2014-07-16T04:13:57.866+0000: 2386.954: [GC [PSYoungGen: 322160K->1122K(313280K)] 733733K->412759K(1000256K), 0.0059930 secs] [Times: user=0.04 sys=0.01, real=0.00 secs] 
2014-07-16T04:13:59.024+0000: 2388.113: [GC [PSYoungGen: 313250K->1422K(305088K)] 724887K->413157K(992064K), 0.0092060 secs] [Times: user=0.06 sys=0.00, real=0.01 secs] 
2014-07-16T04:14:00.140+0000: 2389.228: [GC [PSYoungGen: 305036K->886K(296320K)] 716772K->412677K(983296K), 0.0065170 secs] [Times: user=0.02 sys=0.00, real=0.01 secs] 
2014-07-16T04:14:01.307+0000: 2390.396: [GC [PSYoungGen: 296303K->1782K(289344K)] 708095K->413637K(976320K), 0.0077360 secs] [Times: user=0.05 sys=0.01, real=0.01 secs] 
2014-07-16T04:14:02.336+0000: 2391.424: [GC [PSYoungGen: 289334K->1468K(281472K)] 701189K->413395K(968448K), 0.0099040 secs] [Times: user=0.06 sys=0.00, real=0.01 secs] 
2014-07-16T04:14:03.389+0000: 2392.477: [GC [PSYoungGen: 281452K->1144K(273920K)] 693380K->413305K(960896K), 0.0061680 secs] [Times: user=0.03 sys=0.00, real=0.00 secs] 
2014-07-16T04:14:04.390+0000: 2393.478: [GC [PSYoungGen: 273912K->1040K(266880K)] 686073K->413297K(953856K), 0.0043370 secs] [Times: user=0.02 sys=0.00, real=0.00 secs] 
2014-07-16T04:14:05.456+0000: 2394.544: [GC [PSYoungGen: 266832K->1374K(260480K)] 679089K->413779K(947456K), 0.0051650 secs] [Times: user=0.02 sys=0.00, real=0.01 secs] 
2014-07-16T04:14:06.390+0000: 2395.478: [GC [PSYoungGen: 260418K->1574K(254208K)] 672823K->414035K(941184K), 0.0162640 secs] [Times: user=0.09 sys=0.00, real=0.02 secs] 
2014-07-16T04:14:07.294+0000: 2396.382: [GC [PSYoungGen: 254182K->1144K(247552K)] 666643K->413975K(934528K), 0.0058010 secs] [Times: user=0.04 sys=0.00, real=0.01 secs] 
2014-07-16T04:14:08.216+0000: 2397.304: [GC [PSYoungGen: 247521K->1368K(241792K)] 660353K->414279K(928768K), 0.0079170 secs] [Times: user=0.05 sys=0.00, real=0.00 secs] 
2014-07-16T04:14:09.085+0000: 2398.174: [GC [PSYoungGen: 241752K->1332K(235968K)] 654663K->414399K(922944K), 0.0132490 secs] [Times: user=0.09 sys=0.00, real=0.02 secs] 
2014-07-16T04:14:09.928+0000: 2399.016: [GC [PSYoungGen: 235956K->1718K(283328K)] 649023K->414818K(970304K), 0.0194630 secs] [Times: user=0.10 sys=0.00, real=0.02 secs] 
2014-07-16T04:14:11.035+0000: 2400.123: [GC [PSYoungGen: 283287K->812K(329728K)] 696386K->414541K(1016704K), 0.0042200 secs] [Times: user=0.02 sys=0.00, real=0.01 secs] 
2014-07-16T04:14:12.202+0000: 2401.290: [GC [PSYoungGen: 329704K->1072K(320768K)] 743434K->414842K(1007744K), 0.0079560 secs] [Times: user=0.05 sys=0.00, real=0.01 secs] 
2014-07-16T04:14:13.308+0000: 2402.397: [GC [PSYoungGen: 320746K->958K(311808K)] 734516K->415104K(998784K), 0.0089800 secs] [Times: user=0.06 sys=0.01, real=0.01 secs] 
2014-07-16T04:14:14.431+0000: 2403.519: [GC [PSYoungGen: 311708K->1214K(303616K)] 725854K->415424K(990592K), 0.0074880 secs] [Times: user=0.05 sys=0.00, real=0.01 secs] 
2014-07-16T04:14:15.599+0000: 2404.687: [GC [PSYoungGen: 303614K->1386K(295680K)] 717824K->415694K(982656K), 0.0126870 secs] [Times: user=0.08 sys=0.00, real=0.01 secs] 
2014-07-16T04:14:16.599+0000: 2405.687: [GC [PSYoungGen: 295658K->1396K(287872K)] 709966K->415792K(974848K), 0.0039780 secs] [Times: user=0.02 sys=0.00, real=0.00 secs] 
2014-07-16T04:14:17.608+0000: 2406.696: [GC [PSYoungGen: 287860K->934K(279936K)] 702256K->415752K(966912K), 0.0114780 secs] [Times: user=0.07 sys=0.00, real=0.02 secs] 
2014-07-16T04:14:18.604+0000: 2407.692: [GC [PSYoungGen: 279910K->1300K(273088K)] 694728K->416190K(960064K), 0.0057130 secs] [Times: user=0.03 sys=0.00, real=0.01 secs] 
2014-07-16T04:14:19.582+0000: 2408.670: [GC [PSYoungGen: 273044K->726K(265600K)] 687934K->415846K(952576K), 0.0051210 secs] [Times: user=0.02 sys=0.01, real=0.00 secs] 
2014-07-16T04:14:20.666+0000: 2409.754: [GC [PSYoungGen: 265558K->1188K(259392K)] 680678K->416388K(946368K), 0.0094700 secs] [Times: user=0.06 sys=0.00, real=0.01 secs] 
2014-07-16T04:14:21.617+0000: 2410.705: [GC [PSYoungGen: 259364K->932K(252736K)] 674564K->416220K(939712K), 0.0118410 secs] [Times: user=0.07 sys=0.00, real=0.02 secs] 
2014-07-16T04:14:22.518+0000: 2411.606: [GC [PSYoungGen: 252708K->1008K(246592K)] 667996K->416360K(933568K), 0.0069270 secs] [Times: user=0.05 sys=0.00, real=0.01 secs] 
2014-07-16T04:14:23.395+0000: 2412.483: [GC [PSYoungGen: 246576K->1442K(241088K)] 661928K->416874K(928064K), 0.0036360 secs] [Times: user=0.02 sys=0.01, real=0.00 secs] 
2014-07-16T04:14:24.235+0000: 2413.323: [GC [PSYoungGen: 241048K->1400K(235264K)] 656480K->416912K(922240K), 0.0039260 secs] [Times: user=0.02 sys=0.00, real=0.00 secs] 
2014-07-16T04:14:25.074+0000: 2414.162: [GC [PSYoungGen: 235256K->740K(229120K)] 650768K->416652K(916096K), 0.0143340 secs] [Times: user=0.08 sys=0.00, real=0.01 secs] 
2014-07-16T04:14:25.999+0000: 2415.088: [GC [PSYoungGen: 229057K->1786K(224832K)] 644969K->417778K(911808K), 0.0061580 secs] [Times: user=0.03 sys=0.00, real=0.00 secs] 
2014-07-16T04:14:26.745+0000: 2415.833: [GC [PSYoungGen: 224826K->1058K(219008K)] 640818K->417596K(905984K), 0.0079560 secs] [Times: user=0.05 sys=0.00, real=0.01 secs] 
2014-07-16T04:14:27.539+0000: 2416.627: [GC [PSYoungGen: 218965K->1622K(214592K)] 635503K->418224K(901568K), 0.0081420 secs] [Times: user=0.05 sys=0.01, real=0.01 secs] 
2014-07-16T04:14:28.303+0000: 2417.391: [GC [PSYoungGen: 214550K->1260K(256832K)] 631152K->418250K(943808K), 0.0103840 secs] [Times: user=0.07 sys=0.00, real=0.01 secs] 
2014-07-16T04:14:29.218+0000: 2418.307: [GC [PSYoungGen: 256799K->1410K(308160K)] 673789K->418488K(995136K), 0.0095970 secs] [Times: user=0.05 sys=0.00, real=0.01 secs] 
2014-07-16T04:14:30.318+0000: 2419.406: [GC [PSYoungGen: 308097K->1250K(299648K)] 725175K->418550K(986624K), 0.0060200 secs] [Times: user=0.03 sys=0.00, real=0.01 secs] 
2014-07-16T04:14:31.561+0000: 2420.649: [GC [PSYoungGen: 299618K->1614K(292032K)] 716918K->419002K(979008K), 0.0093370 secs] [Times: user=0.05 sys=0.00, real=0.01 secs] 
2014-07-16T04:14:32.580+0000: 2421.668: [GC [PSYoungGen: 291982K->1072K(283776K)] 709370K->418612K(970752K), 0.0067950 secs] [Times: user=0.05 sys=0.00, real=0.01 secs] 
2014-07-16T04:14:33.583+0000: 2422.672: [GC [PSYoungGen: 283759K->1486K(276864K)] 701300K->419106K(963840K), 0.0117730 secs] [Times: user=0.05 sys=0.00, real=0.01 secs] 
2014-07-16T04:14:34.557+0000: 2423.646: [GC [PSYoungGen: 276814K->990K(269248K)] 694434K->418782K(956224K), 0.0039560 secs] [Times: user=0.02 sys=0.00, real=0.01 secs] 
2014-07-16T04:14:35.475+0000: 2424.563: [GC [PSYoungGen: 269190K->1104K(262592K)] 686983K->418976K(949568K), 0.0042370 secs] [Times: user=0.01 sys=0.01, real=0.00 secs] 
2014-07-16T04:14:36.547+0000: 2425.635: [GC [PSYoungGen: 262544K->1054K(256000K)] 680416K->418990K(942976K), 0.0065310 secs] [Times: user=0.03 sys=0.00, real=0.01 secs] 
2014-07-16T04:14:37.420+0000: 2426.508: [GC [PSYoungGen: 255966K->744K(249344K)] 673902K->418728K(936320K), 0.0092460 secs] [Times: user=0.06 sys=0.00, real=0.01 secs] 
2014-07-16T04:14:38.297+0000: 2427.385: [GC [PSYoungGen: 249320K->1008K(243520K)] 667304K->419088K(930496K), 0.0048770 secs] [Times: user=0.03 sys=0.00, real=0.01 secs] 
2014-07-16T04:14:39.159+0000: 2428.248: [GC [PSYoungGen: 243487K->1150K(237824K)] 661567K->419294K(924800K), 0.0087950 secs] [Times: user=0.04 sys=0.00, real=0.01 secs] 
2014-07-16T04:14:40.067+0000: 2429.156: [GC [PSYoungGen: 237790K->1482K(232576K)] 655935K->419690K(919552K), 0.0111320 secs] [Times: user=0.07 sys=0.00, real=0.01 secs] 
2014-07-16T04:14:40.903+0000: 2429.991: [GC [PSYoungGen: 232481K->1100K(226752K)] 650690K->419380K(913728K), 0.0097940 secs] [Times: user=0.05 sys=0.00, real=0.01 secs] 
2014-07-16T04:14:41.810+0000: 2430.899: [GC [PSYoungGen: 226652K->1204K(221568K)] 644932K->419596K(908544K), 0.0093890 secs] [Times: user=0.06 sys=0.00, real=0.01 secs] 
2014-07-16T04:14:42.574+0000: 2431.662: [GC [PSYoungGen: 221548K->1218K(216576K)] 639940K->419674K(903552K), 0.0043810 secs] [Times: user=0.02 sys=0.00, real=0.00 secs] 
2014-07-16T04:14:43.332+0000: 2432.420: [GC [PSYoungGen: 216514K->964K(211456K)] 634970K->419500K(898432K), 0.0059690 secs] [Times: user=0.02 sys=0.00, real=0.00 secs] 
2014-07-16T04:14:44.084+0000: 2433.172: [GC [PSYoungGen: 211390K->1510K(207296K)] 629926K->420142K(894272K), 0.0049210 secs] [Times: user=0.02 sys=0.00, real=0.00 secs] 
2014-07-16T04:14:44.786+0000: 2433.874: [GC [PSYoungGen: 207242K->1066K(202304K)] 625874K->420106K(889280K), 0.0073540 secs] [Times: user=0.05 sys=0.00, real=0.01 secs] 
2014-07-16T04:14:45.510+0000: 2434.598: [GC [PSYoungGen: 202282K->1746K(198656K)] 621322K->420826K(885632K), 0.0080140 secs] [Times: user=0.03 sys=0.00, real=0.01 secs] 
2014-07-16T04:14:46.326+0000: 2435.414: [GC [PSYoungGen: 198609K->870K(237184K)] 617690K->420656K(924160K), 0.0115130 secs] [Times: user=0.06 sys=0.00, real=0.01 secs] 
2014-07-16T04:14:47.158+0000: 2436.246: [GC [PSYoungGen: 237117K->1660K(232320K)] 656904K->421526K(919296K), 0.0053230 secs] [Times: user=0.03 sys=0.00, real=0.01 secs] 
2014-07-16T04:14:47.959+0000: 2437.047: [GC [PSYoungGen: 232304K->1568K(226816K)] 652171K->422004K(913792K), 0.0037880 secs] [Times: user=0.02 sys=0.00, real=0.01 secs] 
2014-07-16T04:14:48.778+0000: 2437.866: [GC [PSYoungGen: 226780K->1004K(220992K)] 647217K->421488K(907968K), 0.0050240 secs] [Times: user=0.01 sys=0.00, real=0.01 secs] 
2014-07-16T04:14:49.536+0000: 2438.625: [GC [PSYoungGen: 220972K->1260K(216192K)] 641456K->421800K(903168K), 0.0042740 secs] [Times: user=0.02 sys=0.00, real=0.00 secs] 
2014-07-16T04:14:50.302+0000: 2439.390: [GC [PSYoungGen: 216086K->1482K(211584K)] 636627K->422086K(898560K), 0.0080450 secs] [Times: user=0.04 sys=0.00, real=0.01 secs] 
2014-07-16T04:14:51.166+0000: 2440.254: [GC [PSYoungGen: 211530K->1688K(207104K)] 632134K->422348K(894080K), 0.0083120 secs] [Times: user=0.05 sys=0.00, real=0.01 secs] 
2014-07-16T04:14:51.897+0000: 2440.985: [GC [PSYoungGen: 207064K->1450K(202304K)] 627724K->422158K(889280K), 0.0098620 secs] [Times: user=0.02 sys=0.01, real=0.01 secs] 
2014-07-16T04:14:52.712+0000: 2441.800: [GC [PSYoungGen: 202282K->1332K(242368K)] 622990K->422112K(929344K), 0.0135060 secs] [Times: user=0.09 sys=0.00, real=0.02 secs] 
2014-07-16T04:14:53.585+0000: 2442.673: [GC [PSYoungGen: 242356K->1738K(291072K)] 663136K->422598K(978048K), 0.0227030 secs] [Times: user=0.12 sys=0.00, real=0.02 secs] 
2014-07-16T04:14:54.616+0000: 2443.704: [GC [PSYoungGen: 291018K->1150K(298048K)] 711878K->422156K(985024K), 0.0258630 secs] [Times: user=0.14 sys=0.00, real=0.02 secs] 
2014-07-16T04:14:55.670+0000: 2444.758: [GC [PSYoungGen: 298046K->1432K(299008K)] 719052K->422494K(985984K), 0.0164660 secs] [Times: user=0.10 sys=0.00, real=0.02 secs] 
2014-07-16T04:14:56.915+0000: 2446.003: [GC [PSYoungGen: 298312K->1322K(358208K)] 719374K->422424K(1045184K), 0.0066470 secs] [Times: user=0.02 sys=0.00, real=0.00 secs] 
2014-07-16T04:14:58.217+0000: 2447.305: [GC [PSYoungGen: 357610K->1382K(358272K)] 778712K->422508K(1045248K), 0.0174660 secs] [Times: user=0.09 sys=0.00, real=0.02 secs] 
2014-07-16T04:14:59.472+0000: 2448.560: [GC [PSYoungGen: 357670K->772K(429504K)] 778796K->421986K(1116480K), 0.0069220 secs] [Times: user=0.04 sys=0.00, real=0.01 secs] 
2014-07-16T04:15:01.014+0000: 2450.102: [GC [PSYoungGen: 428292K->1704K(429568K)] 849506K->422974K(1116544K), 0.0084470 secs] [Times: user=0.05 sys=0.00, real=0.01 secs] 
2014-07-16T04:15:02.762+0000: 2451.850: [GC [PSYoungGen: 429148K->1318K(415552K)] 850419K->422628K(1102528K), 0.0066160 secs] [Times: user=0.05 sys=0.00, real=0.01 secs] 
2014-07-16T04:15:04.192+0000: 2453.280: [GC [PSYoungGen: 415488K->1610K(403136K)] 836799K->423008K(1090112K), 0.0089170 secs] [Times: user=0.05 sys=0.00, real=0.01 secs] 
2014-07-16T04:15:05.605+0000: 2454.694: [GC [PSYoungGen: 403069K->1130K(390400K)] 824468K->422796K(1077376K), 0.0069140 secs] [Times: user=0.03 sys=0.00, real=0.00 secs] 
2014-07-16T04:15:07.060+0000: 2456.148: [GC [PSYoungGen: 390378K->1104K(378752K)] 812044K->422826K(1065728K), 0.0105630 secs] [Times: user=0.06 sys=0.00, real=0.01 secs] 
2014-07-16T04:15:08.400+0000: 2457.488: [GC [PSYoungGen: 378661K->976K(367424K)] 800384K->422828K(1054400K), 0.0076080 secs] [Times: user=0.05 sys=0.01, real=0.01 secs] 
2014-07-16T04:15:09.675+0000: 2458.763: [GC [PSYoungGen: 367376K->1300K(356992K)] 789228K->423224K(1043968K), 0.0067250 secs] [Times: user=0.04 sys=0.01, real=0.01 secs] 
2014-07-16T04:15:10.916+0000: 2460.004: [GC [PSYoungGen: 356884K->1640K(347008K)] 778809K->423933K(1033984K), 0.0111790 secs] [Times: user=0.07 sys=0.00, real=0.02 secs] 
2014-07-16T04:15:12.250+0000: 2461.338: [GC [PSYoungGen: 346982K->1910K(337408K)] 769274K->424259K(1024384K), 0.0062910 secs] [Times: user=0.02 sys=0.00, real=0.01 secs] 
2014-07-16T04:15:13.472+0000: 2462.560: [GC [PSYoungGen: 337360K->688K(326720K)] 759709K->423663K(1013696K), 0.0149650 secs] [Times: user=0.09 sys=0.00, real=0.02 secs] 
2014-07-16T04:15:14.601+0000: 2463.689: [GC [PSYoungGen: 326681K->1682K(318656K)] 749656K->424729K(1005632K), 0.0115990 secs] [Times: user=0.05 sys=0.00, real=0.01 secs] 
2014-07-16T04:15:15.743+0000: 2464.831: [GC [PSYoungGen: 318610K->1022K(309248K)] 741657K->424489K(996224K), 0.0081330 secs] [Times: user=0.04 sys=0.00, real=0.01 secs] 
2014-07-16T04:15:16.908+0000: 2465.996: [GC [PSYoungGen: 309246K->1604K(301504K)] 732713K->425159K(988480K), 0.0084590 secs] [Times: user=0.06 sys=0.00, real=0.00 secs] 
2014-07-16T04:15:17.987+0000: 2467.075: [GC [PSYoungGen: 301444K->1222K(293120K)] 724999K->424841K(980096K), 0.0082340 secs] [Times: user=0.04 sys=0.00, real=0.01 secs] 
2014-07-16T04:15:18.987+0000: 2468.075: [GC [PSYoungGen: 292980K->1086K(285184K)] 716599K->424769K(972160K), 0.0046900 secs] [Times: user=0.02 sys=0.00, real=0.01 secs] 
2014-07-16T04:15:19.959+0000: 2469.047: [GC [PSYoungGen: 285179K->776K(277504K)] 708862K->424499K(964480K), 0.0166720 secs] [Times: user=0.08 sys=0.01, real=0.01 secs] 
2014-07-16T04:15:20.902+0000: 2469.990: [GC [PSYoungGen: 277445K->1086K(270656K)] 701168K->424873K(957632K), 0.0102180 secs] [Times: user=0.07 sys=0.00, real=0.01 secs] 
2014-07-16T04:15:21.983+0000: 2471.071: [GC [PSYoungGen: 270649K->1354K(264128K)] 694436K->425221K(951104K), 0.0074010 secs] [Times: user=0.05 sys=0.00, real=0.01 secs] 
2014-07-16T04:15:22.956+0000: 2472.044: [GC [PSYoungGen: 264074K->1208K(257344K)] 687941K->425115K(944320K), 0.0108730 secs] [Times: user=0.06 sys=0.00, real=0.01 secs] 
2014-07-16T04:15:23.973+0000: 2473.061: [GC [PSYoungGen: 257336K->1172K(251008K)] 681243K->425159K(937984K), 0.0061880 secs] [Times: user=0.03 sys=0.01, real=0.01 secs] 
2014-07-16T04:15:24.833+0000: 2473.921: [GC [PSYoungGen: 250890K->1308K(244992K)] 674877K->425367K(931968K), 0.0099650 secs] [Times: user=0.06 sys=0.01, real=0.01 secs] 
2014-07-16T04:15:25.685+0000: 2474.773: [GC [PSYoungGen: 244956K->940K(238720K)] 669015K->425055K(925696K), 0.0087200 secs] [Times: user=0.05 sys=0.00, real=0.01 secs] 
2014-07-16T04:15:26.526+0000: 2475.614: [GC [PSYoungGen: 238695K->1472K(286848K)] 662810K->425651K(973824K), 0.0127900 secs] [Times: user=0.08 sys=0.00, real=0.02 secs] 
2014-07-16T04:15:27.609+0000: 2476.698: [GC [PSYoungGen: 286784K->1072K(343488K)] 710963K->425291K(1030464K), 0.0106070 secs] [Times: user=0.06 sys=0.00, real=0.01 secs] 
2014-07-16T04:15:28.800+0000: 2477.889: [GC [PSYoungGen: 343468K->1040K(333760K)] 767687K->425323K(1020736K), 0.0099190 secs] [Times: user=0.05 sys=0.00, real=0.01 secs] 
2014-07-16T04:15:29.939+0000: 2479.027: [GC [PSYoungGen: 333712K->1614K(324992K)] 757995K->425961K(1011968K), 0.0086470 secs] [Times: user=0.05 sys=0.00, real=0.00 secs] 
2014-07-16T04:15:31.066+0000: 2480.154: [GC [PSYoungGen: 324935K->1226K(315648K)] 749282K->425629K(1002624K), 0.0067550 secs] [Times: user=0.04 sys=0.00, real=0.01 secs] 
2014-07-16T04:15:32.379+0000: 2481.467: [GC [PSYoungGen: 315560K->1066K(306880K)] 739963K->425831K(993856K), 0.0044680 secs] [Times: user=0.02 sys=0.00, real=0.01 secs] 
2014-07-16T04:15:33.453+0000: 2482.541: [GC [PSYoungGen: 306768K->1518K(299072K)] 731533K->426363K(986048K), 0.0072100 secs] [Times: user=0.04 sys=0.00, real=0.01 secs] 
2014-07-16T04:15:34.523+0000: 2483.611: [GC [PSYoungGen: 299054K->958K(290560K)] 723899K->425967K(977536K), 0.0058040 secs] [Times: user=0.03 sys=0.00, real=0.00 secs] 
2014-07-16T04:15:35.529+0000: 2484.618: [GC [PSYoungGen: 290558K->1172K(283200K)] 715567K->426229K(970176K), 0.0080850 secs] [Times: user=0.05 sys=0.00, real=0.01 secs] 
2014-07-16T04:15:36.504+0000: 2485.592: [GC [PSYoungGen: 283156K->1708K(276352K)] 708213K->426969K(963328K), 0.0086550 secs] [Times: user=0.05 sys=0.00, real=0.01 secs] 
2014-07-16T04:15:37.606+0000: 2486.694: [GC [PSYoungGen: 276332K->822K(268416K)] 701593K->426171K(955392K), 0.0046320 secs] [Times: user=0.02 sys=0.00, real=0.01 secs] 
2014-07-16T04:15:38.560+0000: 2487.648: [GC [PSYoungGen: 268372K->1584K(262400K)] 693721K->427047K(949376K), 0.0185040 secs] [Times: user=0.11 sys=0.01, real=0.01 secs] 
2014-07-16T04:15:39.511+0000: 2488.599: [GC [PSYoungGen: 262384K->1068K(255360K)] 687847K->426595K(942336K), 0.0056200 secs] [Times: user=0.01 sys=0.00, real=0.00 secs] 
2014-07-16T04:15:40.403+0000: 2489.491: [GC [PSYoungGen: 255340K->1374K(249408K)] 680867K->426965K(936384K), 0.0095630 secs] [Times: user=0.05 sys=0.00, real=0.01 secs] 
2014-07-16T04:15:41.313+0000: 2490.401: [GC [PSYoungGen: 249374K->1190K(298816K)] 674965K->426829K(985792K), 0.0139050 secs] [Times: user=0.08 sys=0.00, real=0.01 secs] 
2014-07-16T04:15:42.466+0000: 2491.554: [GC [PSYoungGen: 298790K->1086K(290752K)] 724429K->426789K(977728K), 0.0079110 secs] [Times: user=0.04 sys=0.00, real=0.01 secs] 
2014-07-16T04:15:43.529+0000: 2492.617: [GC [PSYoungGen: 290729K->1918K(283968K)] 716432K->427701K(970944K), 0.0063010 secs] [Times: user=0.03 sys=0.00, real=0.01 secs] 
2014-07-16T04:15:44.570+0000: 2493.658: [GC [PSYoungGen: 283966K->694K(275392K)] 709749K->426525K(962368K), 0.0095560 secs] [Times: user=0.06 sys=0.00, real=0.01 secs] 
2014-07-16T04:15:45.509+0000: 2494.598: [GC [PSYoungGen: 275382K->1418K(269120K)] 701213K->427345K(956096K), 0.0040970 secs] [Times: user=0.02 sys=0.00, real=0.01 secs] 
2014-07-16T04:15:46.485+0000: 2495.573: [GC [PSYoungGen: 269066K->1778K(262656K)] 694993K->427745K(949632K), 0.0117210 secs] [Times: user=0.06 sys=0.00, real=0.01 secs] 
2014-07-16T04:15:47.437+0000: 2496.525: [GC [PSYoungGen: 262642K->1410K(255808K)] 688609K->427465K(942784K), 0.0133070 secs] [Times: user=0.07 sys=0.00, real=0.01 secs] 
2014-07-16T04:15:48.330+0000: 2497.419: [GC [PSYoungGen: 255746K->1262K(249344K)] 681801K->427553K(936320K), 0.0058990 secs] [Times: user=0.03 sys=0.00, real=0.01 secs] 
2014-07-16T04:15:49.192+0000: 2498.280: [GC [PSYoungGen: 249326K->1246K(243264K)] 675617K->427617K(930240K), 0.0058190 secs] [Times: user=0.04 sys=0.00, real=0.00 secs] 
2014-07-16T04:15:50.070+0000: 2499.158: [GC [PSYoungGen: 243230K->1060K(237248K)] 669601K->427553K(924224K), 0.0096080 secs] [Times: user=0.05 sys=0.00, real=0.01 secs] 
2014-07-16T04:15:50.924+0000: 2500.012: [GC [PSYoungGen: 237179K->1432K(232000K)] 663672K->428029K(918976K), 0.0076840 secs] [Times: user=0.06 sys=0.00, real=0.00 secs] 
2014-07-16T04:15:51.708+0000: 2500.796: [GC [PSYoungGen: 231958K->740K(225856K)] 658555K->427385K(912832K), 0.0048690 secs] [Times: user=0.02 sys=0.00, real=0.01 secs] 
2014-07-16T04:15:52.610+0000: 2501.698: [GC [PSYoungGen: 225828K->1546K(221504K)] 652473K->428271K(908480K), 0.0095000 secs] [Times: user=0.06 sys=0.00, real=0.01 secs] 
2014-07-16T04:15:53.382+0000: 2502.470: [GC [PSYoungGen: 221450K->1076K(215936K)] 648175K->427857K(902912K), 0.0037440 secs] [Times: user=0.02 sys=0.00, real=0.00 secs] 
2014-07-16T04:15:54.173+0000: 2503.261: [GC [PSYoungGen: 215924K->1004K(211008K)] 642705K->427833K(897984K), 0.0096720 secs] [Times: user=0.06 sys=0.01, real=0.00 secs] 
2014-07-16T04:15:55.014+0000: 2504.103: [GC [PSYoungGen: 210957K->1542K(206912K)] 637786K->428435K(893888K), 0.0097110 secs] [Times: user=0.05 sys=0.01, real=0.01 secs] 
2014-07-16T04:15:55.709+0000: 2504.797: [GC [PSYoungGen: 206854K->1150K(201920K)] 633747K->428115K(888896K), 0.0071320 secs] [Times: user=0.04 sys=0.00, real=0.01 secs] 
2014-07-16T04:15:56.395+0000: 2505.483: [GC [PSYoungGen: 201918K->1376K(197824K)] 628883K->428389K(884800K), 0.0055190 secs] [Times: user=0.02 sys=0.00, real=0.00 secs] 
2014-07-16T04:15:57.087+0000: 2506.175: [GC [PSYoungGen: 197791K->1414K(193664K)] 624805K->428483K(880640K), 0.0060540 secs] [Times: user=0.02 sys=0.00, real=0.01 secs] 
2014-07-16T04:15:57.891+0000: 2506.979: [GC [PSYoungGen: 193606K->1150K(189248K)] 620675K->428573K(876224K), 0.0087480 secs] [Times: user=0.03 sys=0.00, real=0.01 secs] 
2014-07-16T04:15:58.546+0000: 2507.634: [GC [PSYoungGen: 189246K->1568K(185792K)] 616669K->429055K(872768K), 0.0050110 secs] [Times: user=0.02 sys=0.00, real=0.00 secs] 
2014-07-16T04:15:59.199+0000: 2508.288: [GC [PSYoungGen: 185760K->1164K(181632K)] 613247K->428989K(868608K), 0.0076950 secs] [Times: user=0.05 sys=0.00, real=0.01 secs] 
2014-07-16T04:15:59.834+0000: 2508.922: [GC [PSYoungGen: 181578K->1276K(177984K)] 609403K->429149K(864960K), 0.0071540 secs] [Times: user=0.05 sys=0.00, real=0.00 secs] 
2014-07-16T04:16:00.450+0000: 2509.538: [GC [PSYoungGen: 177980K->1054K(174208K)] 605853K->428999K(861184K), 0.0053270 secs] [Times: user=0.03 sys=0.00, real=0.01 secs] 
2014-07-16T04:16:01.019+0000: 2510.107: [GC [PSYoungGen: 174174K->1150K(208896K)] 602119K->429191K(895872K), 0.0072330 secs] [Times: user=0.05 sys=0.01, real=0.01 secs] 
2014-07-16T04:16:01.718+0000: 2510.806: [GC [PSYoungGen: 208894K->1486K(250880K)] 636935K->429591K(937856K), 0.0113790 secs] [Times: user=0.07 sys=0.00, real=0.01 secs] 
2014-07-16T04:16:02.704+0000: 2511.793: [GC [PSYoungGen: 250830K->1222K(300544K)] 678935K->429391K(987520K), 0.0065570 secs] [Times: user=0.03 sys=0.00, real=0.00 secs] 
2014-07-16T04:16:03.733+0000: 2512.822: [GC [PSYoungGen: 300486K->1058K(292352K)] 728655K->429355K(979328K), 0.0041910 secs] [Times: user=0.02 sys=0.00, real=0.01 secs] 
2014-07-16T04:16:04.755+0000: 2513.843: [GC [PSYoungGen: 292322K->1014K(284608K)] 720619K->429375K(971584K), 0.0089660 secs] [Times: user=0.06 sys=0.00, real=0.00 secs] 
2014-07-16T04:16:05.847+0000: 2514.935: [GC [PSYoungGen: 284598K->804K(276992K)] 712959K->429213K(963968K), 0.0043470 secs] [Times: user=0.02 sys=0.01, real=0.00 secs] 
2014-07-16T04:16:06.768+0000: 2515.856: [GC [PSYoungGen: 276964K->1150K(270208K)] 705373K->429623K(957184K), 0.0067550 secs] [Times: user=0.04 sys=0.00, real=0.01 secs] 
2014-07-16T04:16:07.900+0000: 2516.988: [GC [PSYoungGen: 270178K->1054K(263296K)] 698651K->429599K(950272K), 0.0072100 secs] [Times: user=0.04 sys=0.01, real=0.01 secs] 
2014-07-16T04:16:08.802+0000: 2517.890: [GC [PSYoungGen: 263240K->968K(256640K)] 691785K->429593K(943616K), 0.0083900 secs] [Times: user=0.06 sys=0.00, real=0.01 secs] 
2014-07-16T04:16:09.767+0000: 2518.855: [GC [PSYoungGen: 256584K->1394K(250688K)] 685209K->430451K(937664K), 0.0063800 secs] [Times: user=0.03 sys=0.00, real=0.00 secs] 
2014-07-16T04:16:10.633+0000: 2519.721: [GC [PSYoungGen: 250674K->1442K(244672K)] 679731K->430555K(931648K), 0.0160630 secs] [Times: user=0.09 sys=0.00, real=0.02 secs] 
2014-07-16T04:16:11.497+0000: 2520.586: [GC [PSYoungGen: 244629K->872K(238208K)] 673742K->430197K(925184K), 0.0076610 secs] [Times: user=0.05 sys=0.00, real=0.01 secs] 
2014-07-16T04:16:12.323+0000: 2521.411: [GC [PSYoungGen: 238183K->1332K(286144K)] 667508K->430737K(973120K), 0.0105170 secs] [Times: user=0.06 sys=0.01, real=0.01 secs] 
2014-07-16T04:16:13.456+0000: 2522.545: [GC [PSYoungGen: 286132K->1354K(278784K)] 715537K->430815K(965760K), 0.0082970 secs] [Times: user=0.06 sys=0.00, real=0.00 secs] 
2014-07-16T04:16:14.439+0000: 2523.528: [GC [PSYoungGen: 278730K->1096K(271360K)] 708191K->430597K(958336K), 0.0117150 secs] [Times: user=0.07 sys=0.00, real=0.01 secs] 
2014-07-16T04:16:15.467+0000: 2524.556: [GC [PSYoungGen: 271285K->1322K(264640K)] 700787K->431363K(951616K), 0.0079140 secs] [Times: user=0.05 sys=0.00, real=0.00 secs] 
2014-07-16T04:16:16.330+0000: 2525.419: [GC [PSYoungGen: 264618K->1650K(258368K)] 694659K->431797K(945344K), 0.0094980 secs] [Times: user=0.06 sys=0.00, real=0.01 secs] 
2014-07-16T04:16:17.232+0000: 2526.321: [GC [PSYoungGen: 258354K->1126K(251456K)] 688501K->431743K(938432K), 0.0049180 secs] [Times: user=0.02 sys=0.00, real=0.01 secs] 
2014-07-16T04:16:18.196+0000: 2527.284: [GC [PSYoungGen: 251384K->1458K(245632K)] 682002K->432139K(932608K), 0.0109120 secs] [Times: user=0.06 sys=0.00, real=0.02 secs] 
2014-07-16T04:16:19.038+0000: 2528.126: [GC [PSYoungGen: 245605K->1220K(239552K)] 676287K->432047K(926528K), 0.0045460 secs] [Times: user=0.02 sys=0.00, real=0.00 secs] 
2014-07-16T04:16:19.865+0000: 2528.953: [GC [PSYoungGen: 239492K->1036K(287040K)] 670319K->431943K(974016K), 0.0139670 secs] [Times: user=0.08 sys=0.00, real=0.02 secs] 
2014-07-16T04:16:20.878+0000: 2529.966: [GC [PSYoungGen: 286969K->972K(279488K)] 717877K->431943K(966464K), 0.0075740 secs] [Times: user=0.05 sys=0.00, real=0.00 secs] 
2014-07-16T04:16:21.834+0000: 2530.922: [GC [PSYoungGen: 279436K->1186K(272512K)] 710407K->432213K(959488K), 0.0100850 secs] [Times: user=0.07 sys=0.00, real=0.01 secs] 
2014-07-16T04:16:22.917+0000: 2532.005: [GC [PSYoungGen: 272482K->1186K(265600K)] 703509K->432285K(952576K), 0.0042800 secs] [Times: user=0.02 sys=0.01, real=0.01 secs] 
2014-07-16T04:16:23.831+0000: 2532.919: [GC [PSYoungGen: 265570K->972K(258752K)] 696669K->432143K(945728K), 0.0038330 secs] [Times: user=0.02 sys=0.01, real=0.00 secs] 
2014-07-16T04:16:24.730+0000: 2533.818: [GC [PSYoungGen: 258699K->936K(252288K)] 689871K->432195K(939264K), 0.0069780 secs] [Times: user=0.04 sys=0.00, real=0.01 secs] 
2014-07-16T04:16:25.679+0000: 2534.767: [GC [PSYoungGen: 252264K->1866K(247104K)] 683523K->433213K(934080K), 0.0094800 secs] [Times: user=0.06 sys=0.00, real=0.01 secs] 
2014-07-16T04:16:26.621+0000: 2535.709: [GC [PSYoungGen: 247050K->1008K(240256K)] 678397K->432535K(927232K), 0.0061490 secs] [Times: user=0.04 sys=0.00, real=0.00 secs] 
2014-07-16T04:16:27.445+0000: 2536.533: [GC [PSYoungGen: 240237K->1128K(234688K)] 671765K->432711K(921664K), 0.0049210 secs] [Times: user=0.02 sys=0.00, real=0.01 secs] 
2014-07-16T04:16:28.352+0000: 2537.440: [GC [PSYoungGen: 234664K->1550K(229632K)] 666247K->433205K(916608K), 0.0048120 secs] [Times: user=0.03 sys=0.00, real=0.00 secs] 
2014-07-16T04:16:29.170+0000: 2538.258: [GC [PSYoungGen: 229582K->1492K(224256K)] 661237K->433211K(911232K), 0.0068590 secs] [Times: user=0.02 sys=0.01, real=0.00 secs] 
2014-07-16T04:16:29.933+0000: 2539.022: [GC [PSYoungGen: 224212K->890K(218496K)] 655931K->432921K(905472K), 0.0047390 secs] [Times: user=0.02 sys=0.00, real=0.01 secs] 
2014-07-16T04:16:30.695+0000: 2539.783: [GC [PSYoungGen: 218490K->954K(213632K)] 650521K->433033K(900608K), 0.0059040 secs] [Times: user=0.02 sys=0.00, real=0.01 secs] 
2014-07-16T04:16:31.436+0000: 2540.524: [GC [PSYoungGen: 213626K->690K(208576K)] 645705K->432817K(895552K), 0.0048430 secs] [Times: user=0.02 sys=0.00, real=0.01 secs] 
2014-07-16T04:16:32.175+0000: 2541.264: [GC [PSYoungGen: 208562K->1418K(204736K)] 640689K->433601K(891712K), 0.0070690 secs] [Times: user=0.03 sys=0.00, real=0.01 secs] 
2014-07-16T04:16:32.990+0000: 2542.078: [GC [PSYoungGen: 204682K->1650K(200448K)] 636865K->433906K(887424K), 0.0119480 secs] [Times: user=0.08 sys=0.00, real=0.01 secs] 
2014-07-16T04:16:33.673+0000: 2542.762: [GC [PSYoungGen: 200434K->1752K(240384K)] 632690K->434079K(927360K), 0.0197430 secs] [Times: user=0.13 sys=0.00, real=0.02 secs] 
2014-07-16T04:16:34.525+0000: 2543.613: [GC [PSYoungGen: 240344K->694K(287040K)] 672671K->433191K(974016K), 0.0151730 secs] [Times: user=0.10 sys=0.00, real=0.02 secs] 
2014-07-16T04:16:35.559+0000: 2544.647: [GC [PSYoungGen: 287030K->1050K(344704K)] 719527K->433627K(1031680K), 0.0049590 secs] [Times: user=0.02 sys=0.00, real=0.01 secs] 
2014-07-16T04:16:36.874+0000: 2545.963: [GC [PSYoungGen: 344666K->804K(413184K)] 777243K->433629K(1100160K), 0.0070190 secs] [Times: user=0.03 sys=0.00, real=0.01 secs] 
2014-07-16T04:16:38.399+0000: 2547.487: [GC [PSYoungGen: 413141K->1118K(441216K)] 845967K->434023K(1128192K), 0.0145970 secs] [Times: user=0.10 sys=0.01, real=0.01 secs] 
2014-07-16T04:16:39.921+0000: 2549.009: [GC [PSYoungGen: 440186K->1004K(426304K)] 873091K->433973K(1113280K), 0.0052980 secs] [Times: user=0.03 sys=0.00, real=0.00 secs] 
2014-07-16T04:16:41.370+0000: 2550.458: [GC [PSYoungGen: 426284K->958K(413056K)] 859253K->433991K(1100032K), 0.0045510 secs] [Times: user=0.02 sys=0.00, real=0.01 secs] 
2014-07-16T04:16:42.796+0000: 2551.885: [GC [PSYoungGen: 413054K->982K(400448K)] 846087K->434103K(1087424K), 0.0075770 secs] [Times: user=0.05 sys=0.00, real=0.01 secs] 
2014-07-16T04:16:44.360+0000: 2553.448: [GC [PSYoungGen: 400331K->1722K(389056K)] 833452K->434900K(1076032K), 0.0084390 secs] [Times: user=0.05 sys=0.01, real=0.00 secs] 
2014-07-16T04:16:45.753+0000: 2554.841: [GC [PSYoungGen: 389045K->1090K(376896K)] 822223K->434331K(1063872K), 0.0067190 secs] [Times: user=0.03 sys=0.00, real=0.01 secs] 
2014-07-16T04:16:47.162+0000: 2556.250: [GC [PSYoungGen: 376834K->1218K(365888K)] 810075K->434531K(1052864K), 0.0074690 secs] [Times: user=0.04 sys=0.00, real=0.00 secs] 
2014-07-16T04:16:48.433+0000: 2557.521: [GC [PSYoungGen: 365779K->1446K(355456K)] 799093K->434864K(1042432K), 0.0037380 secs] [Times: user=0.02 sys=0.00, real=0.00 secs] 
2014-07-16T04:16:49.656+0000: 2558.744: [GC [PSYoungGen: 355430K->996K(344768K)] 788848K->434477K(1031744K), 0.0056010 secs] [Times: user=0.04 sys=0.00, real=0.01 secs] 
2014-07-16T04:16:50.843+0000: 2559.931: [GC [PSYoungGen: 344717K->1254K(335232K)] 778199K->434800K(1022208K), 0.0079720 secs] [Times: user=0.06 sys=0.00, real=0.00 secs] 
2014-07-16T04:16:51.961+0000: 2561.049: [GC [PSYoungGen: 335206K->1372K(325952K)] 768752K->434982K(1012928K), 0.0107420 secs] [Times: user=0.08 sys=0.00, real=0.02 secs] 
2014-07-16T04:16:53.326+0000: 2562.414: [GC [PSYoungGen: 325916K->1010K(316544K)] 759526K->434675K(1003520K), 0.0125150 secs] [Times: user=0.07 sys=0.01, real=0.01 secs] 
2014-07-16T04:16:54.428+0000: 2563.517: [GC [PSYoungGen: 316496K->1624K(308544K)] 750162K->435361K(995520K), 0.0069070 secs] [Times: user=0.05 sys=0.00, real=0.01 secs] 
2014-07-16T04:16:55.465+0000: 2564.553: [GC [PSYoungGen: 308504K->976K(299584K)] 742241K->434769K(986560K), 0.0041890 secs] [Times: user=0.02 sys=0.00, real=0.00 secs] 
2014-07-16T04:16:56.533+0000: 2565.621: [GC [PSYoungGen: 299536K->758K(291328K)] 733329K->434607K(978304K), 0.0041760 secs] [Times: user=0.02 sys=0.00, real=0.00 secs] 
2014-07-16T04:16:57.666+0000: 2566.755: [GC [PSYoungGen: 291318K->1468K(284352K)] 725167K->435374K(971328K), 0.0051790 secs] [Times: user=0.02 sys=0.00, real=0.00 secs] 
2014-07-16T04:16:58.741+0000: 2567.829: [GC [PSYoungGen: 284348K->968K(276544K)] 718254K->434953K(963520K), 0.0051650 secs] [Times: user=0.03 sys=0.00, real=0.01 secs] 
2014-07-16T04:16:59.703+0000: 2568.791: [GC [PSYoungGen: 276488K->1354K(269824K)] 710473K->435404K(956800K), 0.0060350 secs] [Times: user=0.04 sys=0.01, real=0.00 secs] 
2014-07-16T04:17:00.659+0000: 2569.747: [GC [PSYoungGen: 269770K->1222K(262912K)] 703820K->435352K(949888K), 0.0119310 secs] [Times: user=0.08 sys=0.00, real=0.01 secs] 
2014-07-16T04:17:01.546+0000: 2570.635: [GC [PSYoungGen: 262854K->1036K(256192K)] 696984K->435237K(943168K), 0.0071620 secs] [Times: user=0.05 sys=0.01, real=0.01 secs] 
2014-07-16T04:17:02.441+0000: 2571.529: [GC [PSYoungGen: 256107K->1008K(249792K)] 690309K->435265K(936768K), 0.0083800 secs] [Times: user=0.05 sys=0.01, real=0.01 secs] 
2014-07-16T04:17:03.458+0000: 2572.546: [GC [PSYoungGen: 249776K->1132K(243840K)] 684033K->435437K(930816K), 0.0097330 secs] [Times: user=0.06 sys=0.00, real=0.01 secs] 
2014-07-16T04:17:04.323+0000: 2573.412: [GC [PSYoungGen: 243790K->790K(237696K)] 678095K->435151K(924672K), 0.0095900 secs] [Times: user=0.06 sys=0.00, real=0.01 secs] 
2014-07-16T04:17:05.144+0000: 2574.232: [GC [PSYoungGen: 237654K->1508K(232768K)] 672015K->436256K(919744K), 0.0042120 secs] [Times: user=0.02 sys=0.00, real=0.00 secs] 
2014-07-16T04:17:05.961+0000: 2575.049: [GC [PSYoungGen: 232720K->1574K(227392K)] 667468K->436370K(914368K), 0.0056080 secs] [Times: user=0.02 sys=0.01, real=0.01 secs] 
2014-07-16T04:17:06.753+0000: 2575.841: [GC [PSYoungGen: 227363K->880K(221440K)] 662159K->435796K(908416K), 0.0042180 secs] [Times: user=0.02 sys=0.00, real=0.01 secs] 
2014-07-16T04:17:07.604+0000: 2576.692: [GC [PSYoungGen: 221392K->1372K(216896K)] 656307K->436328K(903872K), 0.0045850 secs] [Times: user=0.02 sys=0.00, real=0.00 secs] 
2014-07-16T04:17:08.437+0000: 2577.525: [GC [PSYoungGen: 216858K->1710K(212352K)] 651813K->436998K(899328K), 0.0131310 secs] [Times: user=0.08 sys=0.00, real=0.01 secs] 
2014-07-16T04:17:09.167+0000: 2578.255: [GC [PSYoungGen: 212334K->1014K(206912K)] 647622K->436413K(893888K), 0.0089100 secs] [Times: user=0.06 sys=0.00, real=0.01 secs] 
2014-07-16T04:17:09.876+0000: 2578.965: [GC [PSYoungGen: 206878K->1346K(248512K)] 642278K->436786K(935488K), 0.0159880 secs] [Times: user=0.09 sys=0.01, real=0.01 secs] 
2014-07-16T04:17:10.758+0000: 2579.847: [GC [PSYoungGen: 248447K->1054K(297664K)] 683887K->436566K(984640K), 0.0119720 secs] [Times: user=0.07 sys=0.00, real=0.01 secs] 
2014-07-16T04:17:11.829+0000: 2580.917: [GC [PSYoungGen: 297630K->968K(356928K)] 733142K->436568K(1043904K), 0.0080850 secs] [Times: user=0.04 sys=0.00, real=0.01 secs] 
2014-07-16T04:17:13.057+0000: 2582.146: [GC [PSYoungGen: 356872K->1404K(347008K)] 792472K->437060K(1033984K), 0.0044680 secs] [Times: user=0.02 sys=0.01, real=0.00 secs] 
2014-07-16T04:17:14.324+0000: 2583.412: [GC [PSYoungGen: 347004K->1114K(336896K)] 782660K->436842K(1023872K), 0.0081280 secs] [Times: user=0.04 sys=0.00, real=0.01 secs] 
2014-07-16T04:17:15.475+0000: 2584.563: [GC [PSYoungGen: 336858K->1064K(327360K)] 772586K->436896K(1014336K), 0.0065680 secs] [Times: user=0.04 sys=0.00, real=0.00 secs] 
2014-07-16T04:17:16.603+0000: 2585.691: [GC [PSYoungGen: 327283K->1790K(318976K)] 763115K->437794K(1005952K), 0.0078950 secs] [Times: user=0.05 sys=0.00, real=0.01 secs] 
2014-07-16T04:17:17.726+0000: 2586.815: [GC [PSYoungGen: 318939K->1200K(309696K)] 754943K->437284K(996672K), 0.0083110 secs] [Times: user=0.05 sys=0.01, real=0.00 secs] 
2014-07-16T04:17:18.954+0000: 2588.042: [GC [PSYoungGen: 309680K->908K(301056K)] 745764K->437048K(988032K), 0.0039320 secs] [Times: user=0.02 sys=0.00, real=0.01 secs] 
2014-07-16T04:17:20.008+0000: 2589.097: [GC [PSYoungGen: 301004K->1568K(293632K)] 737144K->437780K(980608K), 0.0064170 secs] [Times: user=0.03 sys=0.00, real=0.00 secs] 
2014-07-16T04:17:21.009+0000: 2590.097: [GC [PSYoungGen: 293600K->1136K(285440K)] 729812K->437428K(972416K), 0.0078560 secs] [Times: user=0.03 sys=0.00, real=0.01 secs] 
2014-07-16T04:17:21.995+0000: 2591.083: [GC [PSYoungGen: 285424K->1286K(278208K)] 721716K->437650K(965184K), 0.0095060 secs] [Times: user=0.04 sys=0.00, real=0.01 secs] 
2014-07-16T04:17:23.000+0000: 2592.088: [GC [PSYoungGen: 278150K->1640K(271360K)] 714514K->438306K(958336K), 0.0098120 secs] [Times: user=0.07 sys=0.00, real=0.01 secs] 
2014-07-16T04:17:23.999+0000: 2593.088: [GC [PSYoungGen: 271310K->1404K(264256K)] 707976K->438142K(951232K), 0.0109460 secs] [Times: user=0.07 sys=0.00, real=0.01 secs] 
2014-07-16T04:17:24.922+0000: 2594.010: [GC [PSYoungGen: 264252K->1322K(257600K)] 700990K->438360K(944576K), 0.0043680 secs] [Times: user=0.02 sys=0.00, real=0.01 secs] 
2014-07-16T04:17:25.801+0000: 2594.889: [GC [PSYoungGen: 257546K->2096K(252032K)] 694584K->439182K(939008K), 0.0102250 secs] [Times: user=0.06 sys=0.00, real=0.01 secs] 
2014-07-16T04:17:26.700+0000: 2595.788: [GC [PSYoungGen: 252003K->826K(244608K)] 689089K->438281K(931584K), 0.0041690 secs] [Times: user=0.02 sys=0.00, real=0.00 secs] 
2014-07-16T04:17:27.566+0000: 2596.654: [GC [PSYoungGen: 244602K->1850K(239744K)] 682057K->439385K(926720K), 0.0077690 secs] [Times: user=0.05 sys=0.00, real=0.01 secs] 
2014-07-16T04:17:28.527+0000: 2597.615: [GC [PSYoungGen: 239723K->804K(233024K)] 677258K->438661K(920000K), 0.0052130 secs] [Times: user=0.02 sys=0.00, real=0.00 secs] 
2014-07-16T04:17:29.403+0000: 2598.491: [GC [PSYoungGen: 232996K->1208K(227968K)] 670853K->439129K(914944K), 0.0059210 secs] [Times: user=0.03 sys=0.00, real=0.01 secs] 
2014-07-16T04:17:30.213+0000: 2599.301: [GC [PSYoungGen: 227944K->740K(222272K)] 665865K->438717K(909248K), 0.0044080 secs] [Times: user=0.02 sys=0.00, real=0.01 secs] 
2014-07-16T04:17:30.954+0000: 2600.042: [GC [PSYoungGen: 222244K->1590K(218048K)] 660221K->439631K(905024K), 0.0073370 secs] [Times: user=0.05 sys=0.01, real=0.01 secs] 
2014-07-16T04:17:31.723+0000: 2600.811: [GC [PSYoungGen: 218038K->894K(212416K)] 656079K->438991K(899392K), 0.0035880 secs] [Times: user=0.02 sys=0.00, real=0.00 secs] 
2014-07-16T04:17:32.447+0000: 2601.536: [GC [PSYoungGen: 212328K->1424K(208256K)] 650425K->439601K(895232K), 0.0108640 secs] [Times: user=0.08 sys=0.00, real=0.01 secs] 
2014-07-16T04:17:33.222+0000: 2602.311: [GC [PSYoungGen: 208208K->1560K(203840K)] 646385K->439849K(890816K), 0.0042900 secs] [Times: user=0.02 sys=0.00, real=0.00 secs] 
2014-07-16T04:17:34.042+0000: 2603.130: [GC [PSYoungGen: 203800K->904K(198784K)] 642089K->439257K(885760K), 0.0081520 secs] [Times: user=0.05 sys=0.00, real=0.01 secs] 
2014-07-16T04:17:34.750+0000: 2603.838: [GC [PSYoungGen: 198726K->818K(194368K)] 637080K->439251K(881344K), 0.0049720 secs] [Times: user=0.02 sys=0.00, real=0.00 secs] 
2014-07-16T04:17:35.412+0000: 2604.500: [GC [PSYoungGen: 194354K->1518K(190976K)] 632787K->440023K(877952K), 0.0044800 secs] [Times: user=0.02 sys=0.00, real=0.00 secs] 
2014-07-16T04:17:36.071+0000: 2605.160: [GC [PSYoungGen: 190958K->1140K(186624K)] 629463K->439725K(873600K), 0.0086920 secs] [Times: user=0.05 sys=0.01, real=0.01 secs] 
2014-07-16T04:17:36.708+0000: 2605.796: [GC [PSYoungGen: 186571K->1086K(182720K)] 625157K->439751K(869696K), 0.0089310 secs] [Times: user=0.06 sys=0.00, real=0.00 secs] 
2014-07-16T04:17:37.410+0000: 2606.498: [GC [PSYoungGen: 182718K->1752K(179712K)] 621383K->440489K(866688K), 0.0045840 secs] [Times: user=0.02 sys=0.00, real=0.00 secs] 
2014-07-16T04:17:38.026+0000: 2607.114: [GC [PSYoungGen: 179672K->1968K(176320K)] 618409K->440793K(863296K), 0.0048540 secs] [Times: user=0.02 sys=0.00, real=0.01 secs] 
2014-07-16T04:17:38.694+0000: 2607.782: [GC [PSYoungGen: 176304K->748K(171648K)] 615129K->439931K(858624K), 0.0086100 secs] [Times: user=0.06 sys=0.00, real=0.01 secs] 
2014-07-16T04:17:39.399+0000: 2608.488: [GC [PSYoungGen: 171628K->1254K(168768K)] 610811K->440509K(855744K), 0.0057690 secs] [Times: user=0.03 sys=0.00, real=0.00 secs] 
2014-07-16T04:17:39.994+0000: 2609.082: [GC [PSYoungGen: 168742K->1824K(166080K)] 607997K->441259K(853056K), 0.0049810 secs] [Times: user=0.03 sys=0.00, real=0.01 secs] 
2014-07-16T04:17:40.565+0000: 2609.654: [GC [PSYoungGen: 166027K->1068K(162176K)] 605463K->440607K(849152K), 0.0054610 secs] [Times: user=0.03 sys=0.01, real=0.01 secs] 
2014-07-16T04:17:41.121+0000: 2610.209: [GC [PSYoungGen: 162156K->982K(159040K)] 601695K->440617K(846016K), 0.0067480 secs] [Times: user=0.03 sys=0.01, real=0.00 secs] 
2014-07-16T04:17:41.673+0000: 2610.761: [GC [PSYoungGen: 158998K->1140K(190784K)] 598633K->440831K(877760K), 0.0143110 secs] [Times: user=0.09 sys=0.00, real=0.01 secs] 
2014-07-16T04:17:42.350+0000: 2611.439: [GC [PSYoungGen: 190772K->1076K(228672K)] 630463K->440831K(915648K), 0.0115530 secs] [Times: user=0.06 sys=0.01, real=0.01 secs] 
2014-07-16T04:17:43.136+0000: 2612.224: [GC [PSYoungGen: 228660K->996K(274176K)] 668415K->440823K(961152K), 0.0047260 secs] [Times: user=0.03 sys=0.01, real=0.01 secs] 
2014-07-16T04:17:44.195+0000: 2613.284: [GC [PSYoungGen: 274148K->1588K(329408K)] 713975K->441463K(1016384K), 0.0116420 secs] [Times: user=0.06 sys=0.00, real=0.01 secs] 
2014-07-16T04:17:45.300+0000: 2614.388: [GC [PSYoungGen: 329396K->1100K(319808K)] 769271K->441071K(1006784K), 0.0043690 secs] [Times: user=0.02 sys=0.00, real=0.00 secs] 
2014-07-16T04:17:46.433+0000: 2615.522: [GC [PSYoungGen: 319728K->1118K(311040K)] 759700K->441161K(998016K), 0.0074130 secs] [Times: user=0.05 sys=0.00, real=0.01 secs] 
2014-07-16T04:17:47.514+0000: 2616.603: [GC [PSYoungGen: 311006K->1252K(302720K)] 751049K->441399K(989696K), 0.0072030 secs] [Times: user=0.05 sys=0.00, real=0.01 secs] 
2014-07-16T04:17:48.556+0000: 2617.645: [GC [PSYoungGen: 302692K->690K(294080K)] 742839K->440909K(981056K), 0.0098290 secs] [Times: user=0.06 sys=0.00, real=0.01 secs] 
2014-07-16T04:17:49.818+0000: 2618.906: [GC [PSYoungGen: 293987K->1322K(286912K)] 734207K->441589K(973888K), 0.0085830 secs] [Times: user=0.06 sys=0.01, real=0.01 secs] 
2014-07-16T04:17:50.834+0000: 2619.922: [GC [PSYoungGen: 286890K->1282K(279424K)] 727157K->441629K(966400K), 0.0044720 secs] [Times: user=0.02 sys=0.00, real=0.00 secs] 
2014-07-16T04:17:51.794+0000: 2620.882: [GC [PSYoungGen: 279362K->1364K(272320K)] 719709K->441831K(959296K), 0.0086960 secs] [Times: user=0.06 sys=0.00, real=0.01 secs] 
2014-07-16T04:17:52.715+0000: 2621.803: [GC [PSYoungGen: 272276K->1144K(265152K)] 712743K->441833K(952128K), 0.0119170 secs] [Times: user=0.07 sys=0.00, real=0.01 secs] 
2014-07-16T04:17:53.694+0000: 2622.783: [GC [PSYoungGen: 265107K->926K(258304K)] 705797K->441663K(945280K), 0.0104580 secs] [Times: user=0.06 sys=0.00, real=0.01 secs] 
2014-07-16T04:17:54.675+0000: 2623.764: [GC [PSYoungGen: 258270K->1576K(252544K)] 699007K->442370K(939520K), 0.0063380 secs] [Times: user=0.04 sys=0.00, real=0.01 secs] 
2014-07-16T04:17:55.552+0000: 2624.640: [GC [PSYoungGen: 252520K->932K(245760K)] 693314K->441773K(932736K), 0.0064670 secs] [Times: user=0.02 sys=0.00, real=0.00 secs] 
2014-07-16T04:17:56.387+0000: 2625.476: [GC [PSYoungGen: 245732K->1104K(240000K)] 686573K->442017K(926976K), 0.0073090 secs] [Times: user=0.05 sys=0.00, real=0.01 secs] 
2014-07-16T04:17:57.228+0000: 2626.317: [GC [PSYoungGen: 239906K->1154K(234368K)] 680820K->442139K(921344K), 0.0057860 secs] [Times: user=0.03 sys=0.00, real=0.01 secs] 
2014-07-16T04:17:58.074+0000: 2627.162: [GC [PSYoungGen: 234306K->1514K(229184K)] 675291K->442619K(916160K), 0.0047170 secs] [Times: user=0.02 sys=0.00, real=0.00 secs] 
2014-07-16T04:17:58.902+0000: 2627.991: [GC [PSYoungGen: 229162K->1250K(223616K)] 670267K->442411K(910592K), 0.0049350 secs] [Times: user=0.03 sys=0.00, real=0.00 secs] 
2014-07-16T04:17:59.852+0000: 2628.940: [GC [PSYoungGen: 223586K->1072K(218304K)] 664747K->442409K(905280K), 0.0049660 secs] [Times: user=0.03 sys=0.00, real=0.01 secs] 
2014-07-16T04:18:00.683+0000: 2629.771: [GC [PSYoungGen: 218284K->1550K(213888K)] 659622K->442959K(900864K), 0.0079950 secs] [Times: user=0.05 sys=0.00, real=0.00 secs] 
2014-07-16T04:18:01.503+0000: 2630.592: [GC [PSYoungGen: 213822K->958K(208512K)] 655232K->442547K(895488K), 0.0092820 secs] [Times: user=0.06 sys=0.00, real=0.01 secs] 
2014-07-16T04:18:02.222+0000: 2631.311: [GC [PSYoungGen: 208510K->840K(203840K)] 650099K->442485K(890816K), 0.0088730 secs] [Times: user=0.05 sys=0.00, real=0.00 secs] 
2014-07-16T04:18:02.923+0000: 2632.011: [GC [PSYoungGen: 203784K->886K(199424K)] 645429K->442587K(886400K), 0.0076940 secs] [Times: user=0.05 sys=0.01, real=0.00 secs] 
2014-07-16T04:18:03.627+0000: 2632.715: [GC [PSYoungGen: 199414K->904K(195200K)] 641115K->442693K(882176K), 0.0079820 secs] [Times: user=0.05 sys=0.00, real=0.01 secs] 
2014-07-16T04:18:04.428+0000: 2633.516: [GC [PSYoungGen: 195144K->1630K(191744K)] 636933K->443475K(878720K), 0.0079190 secs] [Times: user=0.04 sys=0.00, real=0.01 secs] 
2014-07-16T04:18:05.091+0000: 2634.179: [GC [PSYoungGen: 191710K->1886K(230016K)] 633555K->443788K(916992K), 0.0116250 secs] [Times: user=0.06 sys=0.00, real=0.02 secs] 
2014-07-16T04:18:05.865+0000: 2634.953: [GC [PSYoungGen: 229982K->306K(274048K)] 671884K->442955K(961024K), 0.0098540 secs] [Times: user=0.07 sys=0.00, real=0.01 secs] 
2014-07-16T04:18:06.810+0000: 2635.898: [GC [PSYoungGen: 274019K->1742K(330304K)] 716668K->444471K(1017280K), 0.0095100 secs] [Times: user=0.05 sys=0.01, real=0.01 secs] 
2014-07-16T04:18:07.985+0000: 2637.073: [GC [PSYoungGen: 330254K->1068K(395328K)] 772983K->444425K(1082304K), 0.0098250 secs] [Times: user=0.05 sys=0.00, real=0.01 secs] 
2014-07-16T04:18:09.520+0000: 2638.608: [GC [PSYoungGen: 395296K->1092K(383488K)] 838653K->444513K(1070464K), 0.0039570 secs] [Times: user=0.02 sys=0.00, real=0.01 secs] 
2014-07-16T04:18:10.936+0000: 2640.024: [GC [PSYoungGen: 383428K->1592K(372544K)] 826849K->445077K(1059520K), 0.0074060 secs] [Times: user=0.03 sys=0.00, real=0.01 secs] 
2014-07-16T04:18:12.260+0000: 2641.348: [GC [PSYoungGen: 372520K->1386K(361472K)] 816005K->444975K(1048448K), 0.0054690 secs] [Times: user=0.03 sys=0.01, real=0.01 secs] 
2014-07-16T04:18:13.473+0000: 2642.561: [GC [PSYoungGen: 361394K->1254K(350912K)] 804983K->444981K(1037888K), 0.0082710 secs] [Times: user=0.05 sys=0.00, real=0.01 secs] 
2014-07-16T04:18:14.771+0000: 2643.859: [GC [PSYoungGen: 350886K->1608K(341248K)] 794613K->445399K(1028224K), 0.0070580 secs] [Times: user=0.05 sys=0.00, real=0.01 secs] 
2014-07-16T04:18:15.909+0000: 2644.997: [GC [PSYoungGen: 341192K->886K(330880K)] 784983K->444757K(1017856K), 0.0049730 secs] [Times: user=0.03 sys=0.00, real=0.01 secs] 
2014-07-16T04:18:17.068+0000: 2646.156: [GC [PSYoungGen: 330870K->1150K(321920K)] 774741K->445085K(1008896K), 0.0109000 secs] [Times: user=0.07 sys=0.00, real=0.01 secs] 
2014-07-16T04:18:18.211+0000: 2647.300: [GC [PSYoungGen: 321870K->1332K(313280K)] 765805K->445355K(1000256K), 0.0082280 secs] [Times: user=0.05 sys=0.01, real=0.01 secs] 
2014-07-16T04:18:19.339+0000: 2648.427: [GC [PSYoungGen: 313268K->1054K(304512K)] 757291K->445125K(991488K), 0.0061420 secs] [Times: user=0.02 sys=0.00, real=0.01 secs] 
2014-07-16T04:18:20.585+0000: 2649.673: [GC [PSYoungGen: 304478K->1586K(296832K)] 748549K->445875K(983808K), 0.0067500 secs] [Times: user=0.03 sys=0.00, real=0.01 secs] 
2014-07-16T04:18:21.640+0000: 2650.728: [GC [PSYoungGen: 296818K->1590K(288960K)] 741107K->445935K(975936K), 0.0044420 secs] [Times: user=0.02 sys=0.00, real=0.00 secs] 
2014-07-16T04:18:22.598+0000: 2651.686: [GC [PSYoungGen: 288888K->1076K(280896K)] 733233K->445693K(967872K), 0.0052760 secs] [Times: user=0.02 sys=0.00, real=0.00 secs] 
2014-07-16T04:18:23.546+0000: 2652.634: [GC [PSYoungGen: 280884K->1458K(274048K)] 725501K->446131K(961024K), 0.0157430 secs] [Times: user=0.11 sys=0.00, real=0.01 secs] 
2014-07-16T04:18:24.467+0000: 2653.555: [GC [PSYoungGen: 273939K->1182K(266816K)] 718612K->445919K(953792K), 0.0074230 secs] [Times: user=0.05 sys=0.00, real=0.00 secs] 
2014-07-16T04:18:25.552+0000: 2654.640: [GC [PSYoungGen: 266721K->1332K(260224K)] 711458K->446141K(947200K), 0.0124690 secs] [Times: user=0.08 sys=0.00, real=0.01 secs] 
2014-07-16T04:18:26.461+0000: 2655.549: [GC [PSYoungGen: 260202K->1064K(253504K)] 705011K->445945K(940480K), 0.0070680 secs] [Times: user=0.04 sys=0.00, real=0.01 secs] 
2014-07-16T04:18:27.350+0000: 2656.438: [GC [PSYoungGen: 253480K->932K(303872K)] 698361K->445925K(990848K), 0.0145940 secs] [Times: user=0.10 sys=0.01, real=0.01 secs] 
2014-07-16T04:18:28.418+0000: 2657.506: [GC [PSYoungGen: 303837K->940K(364480K)] 748830K->445981K(1051456K), 0.0139490 secs] [Times: user=0.09 sys=0.00, real=0.01 secs] 
2014-07-16T04:18:29.825+0000: 2658.913: [GC [PSYoungGen: 364460K->1644K(354560K)] 809501K->446733K(1041536K), 0.0094940 secs] [Times: user=0.04 sys=0.01, real=0.01 secs] 
2014-07-16T04:18:31.133+0000: 2660.221: [GC [PSYoungGen: 354540K->1268K(344000K)] 799629K->446679K(1030976K), 0.0048490 secs] [Times: user=0.03 sys=0.00, real=0.01 secs] 
2014-07-16T04:18:32.350+0000: 2661.439: [GC [PSYoungGen: 343988K->1118K(334144K)] 789399K->446601K(1021120K), 0.0059940 secs] [Times: user=0.04 sys=0.00, real=0.00 secs] 
2014-07-16T04:18:33.517+0000: 2662.605: [GC [PSYoungGen: 334077K->1636K(325312K)] 779560K->447323K(1012288K), 0.0083540 secs] [Times: user=0.05 sys=0.00, real=0.00 secs] 
2014-07-16T04:18:34.643+0000: 2663.731: [GC [PSYoungGen: 325284K->1542K(316288K)] 770971K->447285K(1003264K), 0.0068750 secs] [Times: user=0.03 sys=0.00, real=0.01 secs] 
2014-07-16T04:18:35.917+0000: 2665.005: [GC [PSYoungGen: 316182K->888K(306944K)] 761925K->447409K(993920K), 0.0080900 secs] [Times: user=0.06 sys=0.00, real=0.00 secs] 
2014-07-16T04:18:36.952+0000: 2666.041: [GC [PSYoungGen: 306931K->1468K(299264K)] 753453K->448127K(986240K), 0.0076260 secs] [Times: user=0.05 sys=0.00, real=0.01 secs] 
2014-07-16T04:18:38.004+0000: 2667.093: [GC [PSYoungGen: 299223K->1168K(291072K)] 745882K->448189K(978048K), 0.0085250 secs] [Times: user=0.06 sys=0.00, real=0.01 secs] 
2014-07-16T04:18:38.999+0000: 2668.087: [GC [PSYoungGen: 291024K->1578K(283840K)] 738045K->448671K(970816K), 0.0072490 secs] [Times: user=0.04 sys=0.00, real=0.00 secs] 
2014-07-16T04:18:40.077+0000: 2669.166: [GC [PSYoungGen: 283818K->1336K(340032K)] 730911K->448551K(1027008K), 0.0256420 secs] [Times: user=0.17 sys=0.01, real=0.03 secs] 
2014-07-16T04:18:41.344+0000: 2670.432: [GC [PSYoungGen: 340002K->1756K(330880K)] 787218K->449043K(1017856K), 0.0050020 secs] [Times: user=0.02 sys=0.00, real=0.01 secs] 
2014-07-16T04:18:42.558+0000: 2671.646: [GC [PSYoungGen: 330844K->1004K(320896K)] 778131K->448625K(1007872K), 0.0067580 secs] [Times: user=0.04 sys=0.00, real=0.01 secs] 
2014-07-16T04:18:43.655+0000: 2672.743: [GC [PSYoungGen: 320876K->1686K(312768K)] 768497K->449363K(999744K), 0.0128980 secs] [Times: user=0.09 sys=0.00, real=0.02 secs] 
2014-07-16T04:18:44.761+0000: 2673.849: [GC [PSYoungGen: 312726K->740K(303360K)] 760403K->448531K(990336K), 0.0091140 secs] [Times: user=0.06 sys=0.01, real=0.01 secs] 
2014-07-16T04:18:45.945+0000: 2675.034: [GC [PSYoungGen: 303332K->908K(295424K)] 751123K->448731K(982400K), 0.0044430 secs] [Times: user=0.01 sys=0.00, real=0.01 secs] 
2014-07-16T04:18:46.954+0000: 2676.042: [GC [PSYoungGen: 295372K->1160K(287872K)] 743195K->449087K(974848K), 0.0068390 secs] [Times: user=0.05 sys=0.00, real=0.01 secs] 
2014-07-16T04:18:47.939+0000: 2677.027: [GC [PSYoungGen: 287816K->1154K(280384K)] 735743K->449153K(967360K), 0.0088770 secs] [Times: user=0.05 sys=0.00, real=0.00 secs] 
2014-07-16T04:18:48.965+0000: 2678.053: [GC [PSYoungGen: 280322K->1150K(273088K)] 728321K->449245K(960064K), 0.0069540 secs] [Times: user=0.04 sys=0.00, real=0.01 secs] 
2014-07-16T04:18:49.918+0000: 2679.006: [GC [PSYoungGen: 273086K->1032K(266048K)] 721181K->449175K(953024K), 0.0056790 secs] [Times: user=0.02 sys=0.00, real=0.01 secs] 
2014-07-16T04:18:50.908+0000: 2679.996: [GC [PSYoungGen: 265992K->1178K(259520K)] 714135K->449401K(946496K), 0.0084990 secs] [Times: user=0.06 sys=0.00, real=0.01 secs] 
2014-07-16T04:18:51.821+0000: 2680.910: [GC [PSYoungGen: 259482K->1706K(253568K)] 707705K->450001K(940544K), 0.0061360 secs] [Times: user=0.02 sys=0.00, real=0.00 secs] 
2014-07-16T04:18:52.735+0000: 2681.823: [GC [PSYoungGen: 253546K->958K(246592K)] 701841K->449317K(933568K), 0.0068380 secs] [Times: user=0.04 sys=0.01, real=0.01 secs] 
2014-07-16T04:18:53.558+0000: 2682.646: [GC [PSYoungGen: 246590K->772K(240512K)] 694949K->449203K(927488K), 0.0042660 secs] [Times: user=0.02 sys=0.00, real=0.01 secs] 
2014-07-16T04:18:54.403+0000: 2683.492: [GC [PSYoungGen: 240452K->964K(234944K)] 688883K->449467K(921920K), 0.0096390 secs] [Times: user=0.06 sys=0.01, real=0.01 secs] 
2014-07-16T04:18:55.405+0000: 2684.493: [GC [PSYoungGen: 234883K->722K(229184K)] 683387K->449289K(916160K), 0.0065960 secs] [Times: user=0.04 sys=0.01, real=0.01 secs] 
2014-07-16T04:18:56.190+0000: 2685.278: [GC [PSYoungGen: 229138K->1000K(224128K)] 677705K->449655K(911104K), 0.0093830 secs] [Times: user=0.06 sys=0.00, real=0.01 secs] 
2014-07-16T04:18:56.982+0000: 2686.071: [GC [PSYoungGen: 224102K->1190K(219200K)] 672757K->449909K(906176K), 0.0061800 secs] [Times: user=0.03 sys=0.01, real=0.00 secs] 
2014-07-16T04:18:57.740+0000: 2686.829: [GC [PSYoungGen: 219130K->926K(213952K)] 667849K->449693K(900928K), 0.0088030 secs] [Times: user=0.06 sys=0.00, real=0.00 secs] 
2014-07-16T04:18:58.491+0000: 2687.579: [GC [PSYoungGen: 213916K->1068K(209280K)] 662684K->449923K(896256K), 0.0063090 secs] [Times: user=0.04 sys=0.00, real=0.00 secs] 
2014-07-16T04:18:59.234+0000: 2688.322: [GC [PSYoungGen: 209258K->904K(204544K)] 658114K->449823K(891520K), 0.0080250 secs] [Times: user=0.05 sys=0.00, real=0.01 secs] 
2014-07-16T04:18:59.932+0000: 2689.020: [GC [PSYoungGen: 204488K->1556K(200704K)] 653407K->450531K(887680K), 0.0079800 secs] [Times: user=0.04 sys=0.01, real=0.00 secs] 
2014-07-16T04:19:00.735+0000: 2689.823: [GC [PSYoungGen: 200660K->930K(195776K)] 649635K->450379K(882752K), 0.0061720 secs] [Times: user=0.05 sys=0.01, real=0.01 secs] 
2014-07-16T04:19:01.423+0000: 2690.511: [GC [PSYoungGen: 195746K->1732K(192448K)] 645195K->451262K(879424K), 0.0068630 secs] [Times: user=0.04 sys=0.00, real=0.00 secs] 
2014-07-16T04:19:02.129+0000: 2691.217: [GC [PSYoungGen: 192388K->1150K(187776K)] 641918K->451262K(874752K), 0.0055380 secs] [Times: user=0.03 sys=0.00, real=0.01 secs] 
2014-07-16T04:19:02.901+0000: 2691.990: [GC [PSYoungGen: 187774K->1486K(225536K)] 637886K->451678K(912512K), 0.0112040 secs] [Times: user=0.05 sys=0.00, real=0.01 secs] 
2014-07-16T04:19:03.639+0000: 2692.727: [GC [PSYoungGen: 225453K->1168K(270016K)] 675645K->451574K(956992K), 0.0077000 secs] [Times: user=0.04 sys=0.00, real=0.01 secs] 
2014-07-16T04:19:04.619+0000: 2693.707: [GC [PSYoungGen: 269968K->1068K(263040K)] 720374K->451514K(950016K), 0.0049500 secs] [Times: user=0.02 sys=0.00, real=0.01 secs] 
2014-07-16T04:19:05.619+0000: 2694.707: [GC [PSYoungGen: 262992K->1086K(256448K)] 713438K->451620K(943424K), 0.0048410 secs] [Times: user=0.02 sys=0.01, real=0.01 secs] 
2014-07-16T04:19:06.476+0000: 2695.564: [GC [PSYoungGen: 256414K->1200K(250240K)] 706948K->451822K(937216K), 0.0091310 secs] [Times: user=0.06 sys=0.00, real=0.01 secs] 
2014-07-16T04:19:07.335+0000: 2696.423: [GC [PSYoungGen: 250224K->914K(243904K)] 700846K->451632K(930880K), 0.0060510 secs] [Times: user=0.03 sys=0.00, real=0.00 secs] 
2014-07-16T04:19:08.162+0000: 2697.250: [GC [PSYoungGen: 243858K->1764K(238848K)] 694576K->452562K(925824K), 0.0065360 secs] [Times: user=0.03 sys=0.01, real=0.00 secs] 
2014-07-16T04:19:08.984+0000: 2698.072: [GC [PSYoungGen: 238820K->982K(232448K)] 689618K->451860K(919424K), 0.0079520 secs] [Times: user=0.06 sys=0.01, real=0.01 secs] 
2014-07-16T04:19:09.807+0000: 2698.895: [GC [PSYoungGen: 232406K->1004K(227008K)] 683284K->451970K(913984K), 0.0083310 secs] [Times: user=0.05 sys=0.00, real=0.01 secs] 
2014-07-16T04:19:10.701+0000: 2699.789: [GC [PSYoungGen: 226948K->990K(221760K)] 677914K->452020K(908736K), 0.0067530 secs] [Times: user=0.03 sys=0.01, real=0.01 secs] 
2014-07-16T04:19:11.457+0000: 2700.545: [GC [PSYoungGen: 221726K->1254K(216960K)] 672756K->452340K(903936K), 0.0070270 secs] [Times: user=0.04 sys=0.00, real=0.01 secs] 
2014-07-16T04:19:12.210+0000: 2701.299: [GC [PSYoungGen: 216934K->1718K(212544K)] 668020K->452884K(899520K), 0.0073070 secs] [Times: user=0.05 sys=0.00, real=0.01 secs] 
2014-07-16T04:19:12.978+0000: 2702.066: [GC [PSYoungGen: 212534K->1494K(207616K)] 663700K->452748K(894592K), 0.0090890 secs] [Times: user=0.06 sys=0.00, real=0.01 secs] 
2014-07-16T04:19:13.706+0000: 2702.794: [GC [PSYoungGen: 207574K->594K(247936K)] 658828K->451896K(934912K), 0.0088830 secs] [Times: user=0.06 sys=0.00, real=0.01 secs] 
2014-07-16T04:19:14.564+0000: 2703.652: [GC [PSYoungGen: 247890K->1428K(242752K)] 699192K->452778K(929728K), 0.0061740 secs] [Times: user=0.03 sys=0.00, real=0.00 secs] 
2014-07-16T04:19:15.510+0000: 2704.598: [GC [PSYoungGen: 242708K->1752K(291328K)] 694058K->453190K(978304K), 0.0151410 secs] [Times: user=0.11 sys=0.00, real=0.02 secs] 
2014-07-16T04:19:16.487+0000: 2705.575: [GC [PSYoungGen: 291288K->918K(282880K)] 742726K->452452K(969856K), 0.0067410 secs] [Times: user=0.03 sys=0.00, real=0.01 secs] 
2014-07-16T04:19:17.495+0000: 2706.583: [GC [PSYoungGen: 282834K->1350K(339712K)] 734368K->452940K(1026688K), 0.0136190 secs] [Times: user=0.08 sys=0.00, real=0.01 secs] 
2014-07-16T04:19:18.762+0000: 2707.851: [GC [PSYoungGen: 339654K->1584K(330304K)] 791244K->453230K(1017280K), 0.0052230 secs] [Times: user=0.02 sys=0.00, real=0.01 secs] 
2014-07-16T04:19:19.910+0000: 2708.998: [GC [PSYoungGen: 330288K->1022K(320576K)] 781934K->452708K(1007552K), 0.0145130 secs] [Times: user=0.09 sys=0.00, real=0.02 secs] 
2014-07-16T04:19:21.175+0000: 2710.263: [GC [PSYoungGen: 320574K->1282K(312064K)] 772260K->453048K(999040K), 0.0057100 secs] [Times: user=0.03 sys=0.00, real=0.00 secs] 
2014-07-16T04:19:22.276+0000: 2711.364: [GC [PSYoungGen: 312002K->1278K(303552K)] 763768K->453116K(990528K), 0.0085570 secs] [Times: user=0.06 sys=0.00, real=0.01 secs] 
2014-07-16T04:19:23.453+0000: 2712.541: [GC [PSYoungGen: 303550K->1356K(295552K)] 755388K->453242K(982528K), 0.0063220 secs] [Times: user=0.03 sys=0.00, real=0.01 secs] 
2014-07-16T04:19:24.528+0000: 2713.616: [GC [PSYoungGen: 295499K->904K(287296K)] 747385K->452846K(974272K), 0.0087480 secs] [Times: user=0.06 sys=0.00, real=0.01 secs] 
2014-07-16T04:19:25.567+0000: 2714.655: [GC [PSYoungGen: 287210K->1424K(280320K)] 739152K->453462K(967296K), 0.0083840 secs] [Times: user=0.03 sys=0.00, real=0.01 secs] 
2014-07-16T04:19:26.646+0000: 2715.734: [GC [PSYoungGen: 280272K->1464K(273088K)] 732310K->453880K(960064K), 0.0045400 secs] [Times: user=0.02 sys=0.00, real=0.00 secs] 
2014-07-16T04:19:27.628+0000: 2716.716: [GC [PSYoungGen: 273080K->1314K(266048K)] 725496K->453802K(953024K), 0.0102970 secs] [Times: user=0.05 sys=0.00, real=0.01 secs] 
2014-07-16T04:19:28.588+0000: 2717.676: [GC [PSYoungGen: 266018K->1158K(259264K)] 718506K->453728K(946240K), 0.0056520 secs] [Times: user=0.02 sys=0.01, real=0.00 secs] 
2014-07-16T04:19:29.488+0000: 2718.576: [GC [PSYoungGen: 259158K->1008K(252672K)] 711728K->453634K(939648K), 0.0102580 secs] [Times: user=0.06 sys=0.00, real=0.01 secs] 
2014-07-16T04:19:30.379+0000: 2719.468: [GC [PSYoungGen: 252644K->1268K(246720K)] 705270K->453966K(933696K), 0.0095610 secs] [Times: user=0.06 sys=0.00, real=0.01 secs] 
2014-07-16T04:19:31.356+0000: 2720.444: [GC [PSYoungGen: 246708K->804K(240320K)] 699406K->453550K(927296K), 0.0081020 secs] [Times: user=0.03 sys=0.00, real=0.00 secs] 
2014-07-16T04:19:32.275+0000: 2721.363: [GC [PSYoungGen: 240292K->1274K(288704K)] 693038K->454076K(975680K), 0.0206380 secs] [Times: user=0.11 sys=0.01, real=0.02 secs] 
2014-07-16T04:19:33.301+0000: 2722.389: [GC [PSYoungGen: 288686K->968K(345984K)] 741488K->453842K(1032960K), 0.0095890 secs] [Times: user=0.05 sys=0.00, real=0.01 secs] 
2014-07-16T04:19:34.581+0000: 2723.669: [GC [PSYoungGen: 345909K->964K(336128K)] 798783K->453926K(1023104K), 0.0040340 secs] [Times: user=0.02 sys=0.00, real=0.00 secs] 
2014-07-16T04:19:35.754+0000: 2724.842: [GC [PSYoungGen: 336066K->1068K(326784K)] 789028K->454094K(1013760K), 0.0119900 secs] [Times: user=0.07 sys=0.01, real=0.10 secs] 
2014-07-16T04:19:36.992+0000: 2726.080: [GC [PSYoungGen: 326764K->1568K(318208K)] 779790K->454650K(1005184K), 0.0050560 secs] [Times: user=0.02 sys=0.00, real=0.01 secs] 
2014-07-16T04:19:38.156+0000: 2727.245: [GC [PSYoungGen: 318176K->1854K(309760K)] 771258K->455066K(996736K), 0.0076310 secs] [Times: user=0.05 sys=0.00, real=0.01 secs] 
2014-07-16T04:19:39.306+0000: 2728.394: [GC [PSYoungGen: 309757K->292K(299904K)] 762969K->454525K(986880K), 0.0096210 secs] [Times: user=0.06 sys=0.00, real=0.01 secs] 
2014-07-16T04:19:40.411+0000: 2729.499: [GC [PSYoungGen: 299876K->1746K(293376K)] 754109K->456036K(980352K), 0.0140660 secs] [Times: user=0.09 sys=0.00, real=0.01 secs] 
2014-07-16T04:19:41.635+0000: 2730.724: [GC [PSYoungGen: 293263K->1250K(285184K)] 747553K->456086K(972160K), 0.0048190 secs] [Times: user=0.02 sys=0.00, real=0.01 secs] 
2014-07-16T04:19:42.680+0000: 2731.768: [GC [PSYoungGen: 285154K->1144K(277632K)] 739990K->456036K(964608K), 0.0053490 secs] [Times: user=0.02 sys=0.00, real=0.00 secs] 
2014-07-16T04:19:43.701+0000: 2732.789: [GC [PSYoungGen: 277624K->858K(270272K)] 732516K->455838K(957248K), 0.0078940 secs] [Times: user=0.05 sys=0.00, real=0.01 secs] 
2014-07-16T04:19:44.749+0000: 2733.837: [GC [PSYoungGen: 270234K->1140K(263680K)] 725214K->456208K(950656K), 0.0064110 secs] [Times: user=0.04 sys=0.00, real=0.00 secs] 
2014-07-16T04:19:45.713+0000: 2734.801: [GC [PSYoungGen: 263668K->944K(256896K)] 718736K->456060K(943872K), 0.0074600 secs] [Times: user=0.04 sys=0.00, real=0.01 secs] 
2014-07-16T04:19:46.726+0000: 2735.814: [GC [PSYoungGen: 256858K->776K(250432K)] 711974K->455956K(937408K), 0.0091590 secs] [Times: user=0.06 sys=0.00, real=0.01 secs] 
2014-07-16T04:19:47.647+0000: 2736.735: [GC [PSYoungGen: 250376K->1162K(244736K)] 705556K->456398K(931712K), 0.0121980 secs] [Times: user=0.07 sys=0.00, real=0.02 secs] 
2014-07-16T04:19:48.532+0000: 2737.620: [GC [PSYoungGen: 244682K->1090K(238784K)] 699918K->456382K(925760K), 0.0079560 secs] [Times: user=0.04 sys=0.00, real=0.01 secs] 
2014-07-16T04:19:49.434+0000: 2738.522: [GC [PSYoungGen: 238722K->1528K(286720K)] 694014K->456900K(973696K), 0.0170330 secs] [Times: user=0.09 sys=0.00, real=0.02 secs] 
2014-07-16T04:19:50.477+0000: 2739.565: [GC [PSYoungGen: 286712K->854K(343168K)] 742084K->456298K(1030144K), 0.0089860 secs] [Times: user=0.06 sys=0.00, real=0.01 secs] 
2014-07-16T04:19:51.866+0000: 2740.954: [GC [PSYoungGen: 343088K->1264K(333824K)] 798532K->456788K(1020800K), 0.0085170 secs] [Times: user=0.05 sys=0.00, real=0.01 secs] 
2014-07-16T04:19:53.075+0000: 2742.163: [GC [PSYoungGen: 333808K->1224K(324480K)] 789332K->456812K(1011456K), 0.0073510 secs] [Times: user=0.04 sys=0.00, real=0.01 secs] 
2014-07-16T04:19:54.277+0000: 2743.365: [GC [PSYoungGen: 324424K->840K(315136K)] 780012K->456516K(1002112K), 0.0042850 secs] [Times: user=0.02 sys=0.01, real=0.01 secs] 
2014-07-16T04:19:55.482+0000: 2744.570: [GC [PSYoungGen: 315080K->1104K(306816K)] 770756K->456852K(993792K), 0.0136770 secs] [Times: user=0.08 sys=0.00, real=0.01 secs] 
2014-07-16T04:19:56.695+0000: 2745.783: [GC [PSYoungGen: 306768K->1172K(298624K)] 762516K->456984K(985600K), 0.0091680 secs] [Times: user=0.05 sys=0.00, real=0.01 secs] 
2014-07-16T04:19:57.798+0000: 2746.886: [GC [PSYoungGen: 298580K->1564K(291072K)] 754392K->457456K(978048K), 0.0042490 secs] [Times: user=0.02 sys=0.00, real=0.01 secs] 
2014-07-16T04:19:58.874+0000: 2747.963: [GC [PSYoungGen: 290954K->612K(282496K)] 746846K->456568K(969472K), 0.0076850 secs] [Times: user=0.05 sys=0.00, real=0.01 secs] 
2014-07-16T04:19:59.900+0000: 2748.988: [GC [PSYoungGen: 282444K->1276K(275776K)] 738400K->457280K(962752K), 0.0114240 secs] [Times: user=0.07 sys=0.00, real=0.02 secs] 
2014-07-16T04:20:00.937+0000: 2750.025: [GC [PSYoungGen: 275772K->1186K(268672K)] 731776K->457286K(955648K), 0.0076540 secs] [Times: user=0.05 sys=0.00, real=0.01 secs] 
2014-07-16T04:20:02.011+0000: 2751.099: [GC [PSYoungGen: 268618K->1076K(261760K)] 724718K->457240K(948736K), 0.0097900 secs] [Times: user=0.06 sys=0.00, real=0.01 secs] 
2014-07-16T04:20:02.983+0000: 2752.072: [GC [PSYoungGen: 261748K->854K(255040K)] 717912K->457106K(942016K), 0.0032580 secs] [Times: user=0.01 sys=0.00, real=0.00 secs] 
2014-07-16T04:20:03.934+0000: 2753.022: [GC [PSYoungGen: 254998K->968K(248896K)] 711250K->457292K(935872K), 0.0046380 secs] [Times: user=0.03 sys=0.00, real=0.00 secs] 
2014-07-16T04:20:04.870+0000: 2753.959: [GC [PSYoungGen: 248834K->1586K(243456K)] 705158K->457990K(930432K), 0.0105560 secs] [Times: user=0.06 sys=0.00, real=0.02 secs] 
2014-07-16T04:20:05.798+0000: 2754.887: [GC [PSYoungGen: 243442K->1828K(237888K)] 699846K->458466K(924864K), 0.0086560 secs] [Times: user=0.06 sys=0.00, real=0.01 secs] 
2014-07-16T04:20:06.716+0000: 2755.804: [GC [PSYoungGen: 237860K->306K(230720K)] 694498K->457350K(917696K), 0.0065680 secs] [Times: user=0.03 sys=0.00, real=0.01 secs] 
2014-07-16T04:20:07.563+0000: 2756.651: [GC [PSYoungGen: 230706K->1004K(226048K)] 687750K->458128K(913024K), 0.0076280 secs] [Times: user=0.04 sys=0.01, real=0.00 secs] 
2014-07-16T04:20:08.376+0000: 2757.464: [GC [PSYoungGen: 226024K->1026K(220928K)] 683148K->458222K(907904K), 0.0121700 secs] [Times: user=0.08 sys=0.01, real=0.01 secs] 
2014-07-16T04:20:09.186+0000: 2758.275: [GC [PSYoungGen: 220866K->658K(215488K)] 678062K->457934K(902464K), 0.0045940 secs] [Times: user=0.02 sys=0.00, real=0.01 secs] 
2014-07-16T04:20:09.975+0000: 2759.063: [GC [PSYoungGen: 215442K->1090K(258944K)] 672718K->458422K(945920K), 0.0170550 secs] [Times: user=0.12 sys=0.00, real=0.02 secs] 
2014-07-16T04:20:10.937+0000: 2760.026: [GC [PSYoungGen: 258851K->1618K(311040K)] 716183K->459046K(998016K), 0.0160020 secs] [Times: user=0.10 sys=0.00, real=0.02 secs] 
2014-07-16T04:20:12.076+0000: 2761.165: [GC [PSYoungGen: 310990K->1058K(331840K)] 768418K->458632K(1018816K), 0.0074100 secs] [Times: user=0.04 sys=0.00, real=0.01 secs] 
2014-07-16T04:20:13.303+0000: 2762.392: [GC [PSYoungGen: 331810K->1154K(332736K)] 789384K->458824K(1019712K), 0.0089270 secs] [Times: user=0.06 sys=0.00, real=0.01 secs] 
2014-07-16T04:20:14.514+0000: 2763.602: [GC [PSYoungGen: 331904K->1104K(322624K)] 789574K->458888K(1009600K), 0.0090050 secs] [Times: user=0.06 sys=0.00, real=0.01 secs] 
2014-07-16T04:20:15.699+0000: 2764.788: [GC [PSYoungGen: 322576K->1032K(313664K)] 780360K->458936K(1000640K), 0.0047170 secs] [Times: user=0.03 sys=0.00, real=0.01 secs] 
2014-07-16T04:20:16.943+0000: 2766.031: [GC [PSYoungGen: 313577K->1218K(305344K)] 771481K->459194K(992320K), 0.0088910 secs] [Times: user=0.04 sys=0.00, real=0.01 secs] 
2014-07-16T04:20:18.102+0000: 2767.190: [GC [PSYoungGen: 305260K->1696K(297600K)] 763236K->459916K(984576K), 0.0053670 secs] [Times: user=0.03 sys=0.00, real=0.01 secs] 
2014-07-16T04:20:19.192+0000: 2768.280: [GC [PSYoungGen: 297482K->502K(288512K)] 755702K->459496K(975488K), 0.0087600 secs] [Times: user=0.05 sys=0.00, real=0.01 secs] 
2014-07-16T04:20:20.281+0000: 2769.369: [GC [PSYoungGen: 288502K->1054K(281536K)] 747496K->460096K(968512K), 0.0151890 secs] [Times: user=0.09 sys=0.00, real=0.02 secs] 
2014-07-16T04:20:21.319+0000: 2770.407: [GC [PSYoungGen: 281463K->1322K(274496K)] 740505K->460694K(961472K), 0.0055700 secs] [Times: user=0.04 sys=0.00, real=0.01 secs] 
2014-07-16T04:20:22.412+0000: 2771.500: [GC [PSYoungGen: 274474K->626K(266816K)] 733846K->460046K(953792K), 0.0136310 secs] [Times: user=0.09 sys=0.00, real=0.02 secs] 
2014-07-16T04:20:23.397+0000: 2772.485: [GC [PSYoungGen: 266802K->1158K(260672K)] 726222K->460658K(947648K), 0.0088270 secs] [Times: user=0.06 sys=0.00, real=0.01 secs] 
2014-07-16T04:20:24.343+0000: 2773.431: [GC [PSYoungGen: 260614K->962K(254016K)] 720114K->460526K(940992K), 0.0056560 secs] [Times: user=0.03 sys=0.00, real=0.01 secs] 
2014-07-16T04:20:25.296+0000: 2774.384: [GC [PSYoungGen: 253950K->786K(247616K)] 713515K->460438K(934592K), 0.0118630 secs] [Times: user=0.08 sys=0.00, real=0.01 secs] 
2014-07-16T04:20:26.206+0000: 2775.294: [GC [PSYoungGen: 247534K->758K(241536K)] 707187K->460474K(928512K), 0.0102230 secs] [Times: user=0.06 sys=0.00, real=0.01 secs] 
2014-07-16T04:20:27.147+0000: 2776.235: [GC [PSYoungGen: 241526K->790K(289792K)] 701242K->460546K(976768K), 0.0191040 secs] [Times: user=0.12 sys=0.00, real=0.02 secs] 
2014-07-16T04:20:28.194+0000: 2777.282: [GC [PSYoungGen: 289721K->908K(347712K)] 749477K->460760K(1034688K), 0.0063700 secs] [Times: user=0.04 sys=0.00, real=0.00 secs] 
2014-07-16T04:20:29.483+0000: 2778.571: [GC [PSYoungGen: 347644K->1022K(337856K)] 807497K->460978K(1024832K), 0.0066490 secs] [Times: user=0.04 sys=0.00, real=0.01 secs] 
2014-07-16T04:20:30.702+0000: 2779.790: [GC [PSYoungGen: 337854K->694K(328000K)] 797810K->460730K(1014976K), 0.0037560 secs] [Times: user=0.02 sys=0.00, real=0.01 secs] 
2014-07-16T04:20:31.978+0000: 2781.066: [GC [PSYoungGen: 327990K->1654K(319808K)] 788026K->461746K(1006784K), 0.0083610 secs] [Times: user=0.05 sys=0.01, real=0.01 secs] 
2014-07-16T04:20:33.169+0000: 2782.257: [GC [PSYoungGen: 319786K->886K(310272K)] 779878K->461074K(997248K), 0.0070740 secs] [Times: user=0.04 sys=0.01, real=0.01 secs] 
2014-07-16T04:20:34.301+0000: 2783.389: [GC [PSYoungGen: 310262K->790K(301824K)] 770450K->461074K(988800K), 0.0062910 secs] [Times: user=0.05 sys=0.00, real=0.01 secs] 
2014-07-16T04:20:35.414+0000: 2784.503: [GC [PSYoungGen: 301757K->1108K(294080K)] 762041K->461456K(981056K), 0.0093950 secs] [Times: user=0.05 sys=0.00, real=0.01 secs] 
2014-07-16T04:20:36.526+0000: 2785.614: [GC [PSYoungGen: 294036K->1440K(286656K)] 754384K->461844K(973632K), 0.0083400 secs] [Times: user=0.06 sys=0.01, real=0.00 secs] 
2014-07-16T04:20:37.623+0000: 2786.712: [GC [PSYoungGen: 286591K->990K(278720K)] 746995K->461498K(965696K), 0.0080100 secs] [Times: user=0.05 sys=0.00, real=0.01 secs] 
2014-07-16T04:20:38.640+0000: 2787.728: [GC [PSYoungGen: 278686K->1058K(271616K)] 739194K->461654K(958592K), 0.0063620 secs] [Times: user=0.04 sys=0.00, real=0.01 secs] 
2014-07-16T04:20:39.667+0000: 2788.755: [GC [PSYoungGen: 271586K->858K(264512K)] 732182K->461510K(951488K), 0.0051110 secs] [Times: user=0.03 sys=0.00, real=0.00 secs] 
2014-07-16T04:20:40.614+0000: 2789.702: [GC [PSYoungGen: 264474K->754K(257728K)] 725126K->461486K(944704K), 0.0090360 secs] [Times: user=0.05 sys=0.00, real=0.01 secs] 
2014-07-16T04:20:41.560+0000: 2790.649: [GC [PSYoungGen: 257668K->1108K(251712K)] 718400K->461912K(938688K), 0.0089390 secs] [Times: user=0.06 sys=0.00, real=0.01 secs] 
2014-07-16T04:20:42.602+0000: 2791.690: [GC [PSYoungGen: 251646K->1044K(245504K)] 712451K->461896K(932480K), 0.0046680 secs] [Times: user=0.02 sys=0.00, real=0.01 secs] 
2014-07-16T04:20:43.506+0000: 2792.594: [GC [PSYoungGen: 245460K->954K(239488K)] 706312K->461902K(926464K), 0.0038810 secs] [Times: user=0.02 sys=0.00, real=0.00 secs] 
2014-07-16T04:20:44.385+0000: 2793.473: [GC [PSYoungGen: 239482K->1212K(234048K)] 700430K->462552K(921024K), 0.0118970 secs] [Times: user=0.09 sys=0.00, real=0.01 secs] 
2014-07-16T04:20:45.254+0000: 2794.342: [GC [PSYoungGen: 234044K->1214K(228544K)] 695384K->462658K(915520K), 0.0097620 secs] [Times: user=0.07 sys=0.00, real=0.01 secs] 
2014-07-16T04:20:46.090+0000: 2795.178: [GC [PSYoungGen: 228542K->1072K(223104K)] 689986K->462730K(910080K), 0.0070990 secs] [Times: user=0.05 sys=0.00, real=0.01 secs] 
2014-07-16T04:20:46.947+0000: 2796.035: [GC [PSYoungGen: 223088K->1596K(218496K)] 684746K->463310K(905472K), 0.0110950 secs] [Times: user=0.06 sys=0.00, real=0.02 secs] 
2014-07-16T04:20:47.838+0000: 2796.926: [GC [PSYoungGen: 218443K->676K(212672K)] 680158K->462544K(899648K), 0.0039320 secs] [Times: user=0.02 sys=0.00, real=0.00 secs] 
2014-07-16T04:20:48.635+0000: 2797.724: [GC [PSYoungGen: 212644K->918K(208192K)] 674512K->462850K(895168K), 0.0064450 secs] [Times: user=0.04 sys=0.00, real=0.01 secs] 
2014-07-16T04:20:49.396+0000: 2798.484: [GC [PSYoungGen: 208143K->1154K(203840K)] 670075K->463158K(890816K), 0.0067850 secs] [Times: user=0.04 sys=0.01, real=0.01 secs] 
2014-07-16T04:20:50.156+0000: 2799.245: [GC [PSYoungGen: 203772K->854K(199104K)] 665777K->462922K(886080K), 0.0084840 secs] [Times: user=0.05 sys=0.00, real=0.01 secs] 
2014-07-16T04:20:50.879+0000: 2799.968: [GC [PSYoungGen: 199051K->1376K(195328K)] 661119K->463656K(882304K), 0.0059090 secs] [Times: user=0.03 sys=0.01, real=0.00 secs] 
2014-07-16T04:20:51.589+0000: 2800.677: [GC [PSYoungGen: 195296K->1318K(191104K)] 657576K->463694K(878080K), 0.0064150 secs] [Times: user=0.04 sys=0.00, real=0.00 secs] 
2014-07-16T04:20:52.366+0000: 2801.454: [GC [PSYoungGen: 191078K->886K(186688K)] 653454K->463358K(873664K), 0.0052220 secs] [Times: user=0.02 sys=0.00, real=0.01 secs] 
2014-07-16T04:20:53.051+0000: 2802.139: [GC [PSYoungGen: 186678K->1236K(183232K)] 649150K->463772K(870208K), 0.0050560 secs] [Times: user=0.03 sys=0.00, real=0.00 secs] 
2014-07-16T04:20:53.726+0000: 2802.814: [GC [PSYoungGen: 183188K->922K(179200K)] 645724K->463522K(866176K), 0.0098780 secs] [Times: user=0.06 sys=0.00, real=0.01 secs] 
2014-07-16T04:20:54.367+0000: 2803.455: [GC [PSYoungGen: 179162K->1650K(176320K)] 641762K->464338K(863296K), 0.0068890 secs] [Times: user=0.04 sys=0.00, real=0.01 secs] 
2014-07-16T04:20:55.012+0000: 2804.101: [GC [PSYoungGen: 176288K->866K(172032K)] 638976K->463997K(859008K), 0.0045170 secs] [Times: user=0.02 sys=0.01, real=0.00 secs] 
2014-07-16T04:20:55.664+0000: 2804.752: [GC [PSYoungGen: 172002K->1650K(207040K)] 635133K->464911K(894016K), 0.0122630 secs] [Times: user=0.07 sys=0.00, real=0.01 secs] 
2014-07-16T04:20:56.434+0000: 2805.522: [GC [PSYoungGen: 207026K->986K(247488K)] 670287K->464585K(934464K), 0.0122140 secs] [Times: user=0.07 sys=0.00, real=0.01 secs] 
2014-07-16T04:20:57.406+0000: 2806.494: [GC [PSYoungGen: 247447K->576K(296384K)] 711046K->464215K(983360K), 0.0132330 secs] [Times: user=0.07 sys=0.00, real=0.02 secs] 
2014-07-16T04:20:58.496+0000: 2807.584: [GC [PSYoungGen: 296384K->776K(355840K)] 760023K->464487K(1042816K), 0.0082490 secs] [Times: user=0.03 sys=0.01, real=0.01 secs] 
2014-07-16T04:20:59.807+0000: 2808.895: [GC [PSYoungGen: 355784K->1276K(346048K)] 819495K->465059K(1033024K), 0.0065220 secs] [Times: user=0.04 sys=0.00, real=0.01 secs] 
2014-07-16T04:21:01.093+0000: 2810.181: [GC [PSYoungGen: 346044K->826K(335744K)] 809827K->464657K(1022720K), 0.0072960 secs] [Times: user=0.04 sys=0.00, real=0.01 secs] 
2014-07-16T04:21:02.526+0000: 2811.614: [GC [PSYoungGen: 335738K->1910K(327424K)] 799569K->465869K(1014400K), 0.0051110 secs] [Times: user=0.03 sys=0.01, real=0.01 secs] 
2014-07-16T04:21:03.671+0000: 2812.759: [GC [PSYoungGen: 327414K->1126K(317632K)] 791373K->465133K(1004608K), 0.0042360 secs] [Times: user=0.03 sys=0.00, real=0.00 secs] 
2014-07-16T04:21:04.842+0000: 2813.930: [GC [PSYoungGen: 317576K->644K(308480K)] 781583K->464715K(995456K), 0.0070580 secs] [Times: user=0.05 sys=0.00, real=0.00 secs] 
2014-07-16T04:21:05.989+0000: 2815.077: [GC [PSYoungGen: 308420K->1040K(300544K)] 772491K->465159K(987520K), 0.0121190 secs] [Times: user=0.08 sys=0.00, real=0.02 secs] 
2014-07-16T04:21:07.124+0000: 2816.212: [GC [PSYoungGen: 300496K->1722K(293184K)] 764615K->465953K(980160K), 0.0086660 secs] [Times: user=0.05 sys=0.01, real=0.01 secs] 
2014-07-16T04:21:08.410+0000: 2817.499: [GC [PSYoungGen: 293178K->1328K(285120K)] 757409K->465715K(972096K), 0.0110270 secs] [Times: user=0.06 sys=0.00, real=0.01 secs] 
2014-07-16T04:21:09.431+0000: 2818.520: [GC [PSYoungGen: 285104K->672K(277056K)] 749491K->465123K(964032K), 0.0077910 secs] [Times: user=0.05 sys=0.00, real=0.00 secs] 
2014-07-16T04:21:10.435+0000: 2819.523: [GC [PSYoungGen: 276984K->926K(270208K)] 741435K->465433K(957184K), 0.0126560 secs] [Times: user=0.08 sys=0.00, real=0.01 secs] 
2014-07-16T04:21:11.428+0000: 2820.516: [GC [PSYoungGen: 270174K->630K(263040K)] 734681K->465169K(950016K), 0.0049760 secs] [Times: user=0.02 sys=0.00, real=0.01 secs] 
2014-07-16T04:21:12.498+0000: 2821.586: [GC [PSYoungGen: 263030K->1516K(257344K)] 727569K->466135K(944320K), 0.0043470 secs] [Times: user=0.03 sys=0.00, real=0.01 secs] 
2014-07-16T04:21:13.397+0000: 2822.485: [GC [PSYoungGen: 257321K->1456K(250944K)] 721940K->466171K(937920K), 0.0052170 secs] [Times: user=0.03 sys=0.01, real=0.01 secs] 
2014-07-16T04:21:14.316+0000: 2823.404: [GC [PSYoungGen: 250928K->804K(244224K)] 715643K->465591K(931200K), 0.0046060 secs] [Times: user=0.02 sys=0.00, real=0.00 secs] 
2014-07-16T04:21:15.228+0000: 2824.316: [GC [PSYoungGen: 244196K->772K(238336K)] 708983K->465607K(925312K), 0.0099460 secs] [Times: user=0.04 sys=0.00, real=0.01 secs] 
2014-07-16T04:21:16.143+0000: 2825.231: [GC [PSYoungGen: 238275K->1588K(233472K)] 703110K->466495K(920448K), 0.0044930 secs] [Times: user=0.02 sys=0.00, real=0.00 secs] 
2014-07-16T04:21:16.982+0000: 2826.070: [GC [PSYoungGen: 233460K->840K(227328K)] 698367K->465843K(914304K), 0.0084280 secs] [Times: user=0.05 sys=0.00, real=0.00 secs] 
2014-07-16T04:21:17.883+0000: 2826.971: [GC [PSYoungGen: 227272K->1036K(222272K)] 692275K->466079K(909248K), 0.0121900 secs] [Times: user=0.07 sys=0.01, real=0.01 secs] 
2014-07-16T04:21:18.686+0000: 2827.775: [GC [PSYoungGen: 222220K->726K(216896K)] 687263K->465873K(903872K), 0.0038160 secs] [Times: user=0.02 sys=0.00, real=0.00 secs] 
2014-07-16T04:21:19.500+0000: 2828.588: [GC [PSYoungGen: 216854K->886K(212096K)] 682001K->466113K(899072K), 0.0071130 secs] [Times: user=0.04 sys=0.00, real=0.01 secs] 
2014-07-16T04:21:20.267+0000: 2829.355: [GC [PSYoungGen: 212086K->1404K(207872K)] 677313K->466719K(894848K), 0.0040320 secs] [Times: user=0.02 sys=0.00, real=0.00 secs] 
2014-07-16T04:21:21.032+0000: 2830.120: [GC [PSYoungGen: 207868K->1710K(203648K)] 673183K->467105K(890624K), 0.0133320 secs] [Times: user=0.09 sys=0.00, real=0.02 secs] 
2014-07-16T04:21:21.742+0000: 2830.830: [GC [PSYoungGen: 203630K->626K(198144K)] 669025K->466109K(885120K), 0.0066340 secs] [Times: user=0.04 sys=0.00, real=0.01 secs] 
2014-07-16T04:21:22.477+0000: 2831.565: [GC [PSYoungGen: 198130K->776K(237888K)] 663613K->466315K(924864K), 0.0099570 secs] [Times: user=0.06 sys=0.00, real=0.01 secs] 
2014-07-16T04:21:23.402+0000: 2832.490: [GC [PSYoungGen: 237832K->932K(232384K)] 703371K->466559K(919360K), 0.0052310 secs] [Times: user=0.02 sys=0.01, real=0.01 secs] 
2014-07-16T04:21:24.275+0000: 2833.363: [GC [PSYoungGen: 232356K->658K(226688K)] 697983K->466365K(913664K), 0.0070650 secs] [Times: user=0.05 sys=0.00, real=0.00 secs] 
2014-07-16T04:21:25.113+0000: 2834.201: [GC [PSYoungGen: 226642K->1450K(222208K)] 692349K->467229K(909184K), 0.0068720 secs] [Times: user=0.04 sys=0.00, real=0.01 secs] 
2014-07-16T04:21:25.939+0000: 2835.028: [GC [PSYoungGen: 222185K->1570K(266496K)] 687964K->467437K(953472K), 0.0136930 secs] [Times: user=0.08 sys=0.00, real=0.02 secs] 
2014-07-16T04:21:26.896+0000: 2835.984: [GC [PSYoungGen: 266466K->872K(259136K)] 732333K->466803K(946112K), 0.0065350 secs] [Times: user=0.03 sys=0.00, real=0.00 secs] 
2014-07-16T04:21:27.959+0000: 2837.048: [GC [PSYoungGen: 259111K->1418K(253312K)] 725042K->467421K(940288K), 0.0092750 secs] [Times: user=0.06 sys=0.00, real=0.01 secs] 
2014-07-16T04:21:28.920+0000: 2838.009: [GC [PSYoungGen: 253258K->840K(246528K)] 719261K->466907K(933504K), 0.0077230 secs] [Times: user=0.06 sys=0.00, real=0.01 secs] 
2014-07-16T04:21:29.811+0000: 2838.899: [GC [PSYoungGen: 246472K->1108K(295936K)] 712539K->467239K(982912K), 0.0129630 secs] [Times: user=0.07 sys=0.00, real=0.01 secs] 
2014-07-16T04:21:30.900+0000: 2839.988: [GC [PSYoungGen: 295892K->1272K(288256K)] 762023K->467467K(975232K), 0.0077590 secs] [Times: user=0.05 sys=0.00, real=0.01 secs] 
2014-07-16T04:21:31.951+0000: 2841.040: [GC [PSYoungGen: 288212K->1122K(280576K)] 754407K->467373K(967552K), 0.0089080 secs] [Times: user=0.06 sys=0.00, real=0.01 secs] 
2014-07-16T04:21:33.078+0000: 2842.167: [GC [PSYoungGen: 280546K->1086K(273280K)] 746797K->467393K(960256K), 0.0137440 secs] [Times: user=0.09 sys=0.00, real=0.01 secs] 
2014-07-16T04:21:34.056+0000: 2843.144: [GC [PSYoungGen: 273278K->1646K(328320K)] 739585K->468025K(1015296K), 0.0105270 secs] [Times: user=0.07 sys=0.00, real=0.01 secs] 
2014-07-16T04:21:35.248+0000: 2844.336: [GC [PSYoungGen: 328302K->808K(318400K)] 794681K->467259K(1005376K), 0.0085450 secs] [Times: user=0.05 sys=0.00, real=0.01 secs] 
2014-07-16T04:21:36.418+0000: 2845.506: [GC [PSYoungGen: 318376K->758K(309632K)] 784827K->467289K(996608K), 0.0073280 secs] [Times: user=0.04 sys=0.00, real=0.01 secs] 
2014-07-16T04:21:37.544+0000: 2846.632: [GC [PSYoungGen: 309622K->1308K(301824K)] 776153K->467903K(988800K), 0.0043950 secs] [Times: user=0.02 sys=0.00, real=0.01 secs] 
2014-07-16T04:21:38.720+0000: 2847.808: [GC [PSYoungGen: 301788K->1778K(294208K)] 768383K->468501K(981184K), 0.0067770 secs] [Times: user=0.04 sys=0.00, real=0.01 secs] 
2014-07-16T04:21:39.833+0000: 2848.922: [GC [PSYoungGen: 294184K->1008K(285696K)] 760907K->467819K(972672K), 0.0044870 secs] [Times: user=0.03 sys=0.00, real=0.01 secs] 
2014-07-16T04:21:40.913+0000: 2850.002: [GC [PSYoungGen: 285680K->854K(278144K)] 752491K->467745K(965120K), 0.0099700 secs] [Times: user=0.06 sys=0.00, real=0.01 secs] 
2014-07-16T04:21:41.935+0000: 2851.024: [GC [PSYoungGen: 278079K->1036K(271168K)] 744970K->468023K(958144K), 0.0075610 secs] [Times: user=0.05 sys=0.00, real=0.00 secs] 
2014-07-16T04:21:43.044+0000: 2852.132: [GC [PSYoungGen: 271116K->1680K(264960K)] 738103K->468763K(951936K), 0.0105110 secs] [Times: user=0.07 sys=0.00, real=0.01 secs] 
2014-07-16T04:21:43.969+0000: 2853.057: [GC [PSYoungGen: 264874K->1186K(257856K)] 731957K->468349K(944832K), 0.0144250 secs] [Times: user=0.08 sys=0.00, real=0.01 secs] 
2014-07-16T04:21:44.906+0000: 2853.994: [GC [PSYoungGen: 257826K->978K(251264K)] 724989K->468237K(938240K), 0.0045740 secs] [Times: user=0.03 sys=0.00, real=0.01 secs] 
2014-07-16T04:21:45.824+0000: 2854.912: [GC [PSYoungGen: 251218K->1094K(245248K)] 718477K->468409K(932224K), 0.0046470 secs] [Times: user=0.02 sys=0.00, real=0.01 secs] 
2014-07-16T04:21:46.756+0000: 2855.845: [GC [PSYoungGen: 245190K->1750K(240000K)] 712505K->469129K(926976K), 0.0049710 secs] [Times: user=0.02 sys=0.00, real=0.00 secs] 
2014-07-16T04:21:47.607+0000: 2856.695: [GC [PSYoungGen: 239958K->1222K(233792K)] 707337K->468665K(920768K), 0.0053650 secs] [Times: user=0.02 sys=0.00, real=0.00 secs] 
2014-07-16T04:21:48.580+0000: 2857.668: [GC [PSYoungGen: 233734K->826K(227840K)] 701177K->468325K(914816K), 0.0126210 secs] [Times: user=0.08 sys=0.00, real=0.01 secs] 
2014-07-16T04:21:49.475+0000: 2858.563: [GC [PSYoungGen: 227834K->1478K(223232K)] 695333K->469049K(910208K), 0.0095580 secs] [Times: user=0.06 sys=0.00, real=0.01 secs] 
2014-07-16T04:21:50.302+0000: 2859.391: [GC [PSYoungGen: 223174K->1600K(267712K)] 690745K->469219K(954688K), 0.0152070 secs] [Times: user=0.10 sys=0.00, real=0.02 secs] 
2014-07-16T04:21:51.282+0000: 2860.371: [GC [PSYoungGen: 267648K->1090K(320448K)] 735267K->468765K(1007424K), 0.0138430 secs] [Times: user=0.07 sys=0.00, real=0.01 secs] 
2014-07-16T04:21:52.458+0000: 2861.546: [GC [PSYoungGen: 320380K->954K(322048K)] 788055K->468717K(1009024K), 0.0081260 secs] [Times: user=0.06 sys=0.00, real=0.00 secs] 
2014-07-16T04:21:53.732+0000: 2862.820: [GC [PSYoungGen: 321658K->1100K(322688K)] 789421K->468927K(1009664K), 0.0125730 secs] [Times: user=0.07 sys=0.01, real=0.01 secs] 
2014-07-16T04:21:54.929+0000: 2864.018: [GC [PSYoungGen: 321742K->804K(312704K)] 789569K->468703K(999680K), 0.0057720 secs] [Times: user=0.03 sys=0.00, real=0.00 secs] 
2014-07-16T04:21:56.084+0000: 2865.173: [GC [PSYoungGen: 312676K->976K(304384K)] 780575K->468931K(991360K), 0.0094130 secs] [Times: user=0.07 sys=0.00, real=0.01 secs] 
2014-07-16T04:21:57.233+0000: 2866.321: [GC [PSYoungGen: 304336K->1104K(296320K)] 772291K->469131K(983296K), 0.0038440 secs] [Times: user=0.02 sys=0.00, real=0.00 secs] 
2014-07-16T04:21:58.438+0000: 2867.526: [GC [PSYoungGen: 296241K->1772K(289088K)] 764268K->470077K(976064K), 0.0107710 secs] [Times: user=0.07 sys=0.00, real=0.01 secs] 
2014-07-16T04:21:59.524+0000: 2868.612: [GC [PSYoungGen: 289068K->702K(280448K)] 757373K->469413K(967424K), 0.0097670 secs] [Times: user=0.06 sys=0.01, real=0.01 secs] 
2014-07-16T04:22:00.546+0000: 2869.634: [GC [PSYoungGen: 280446K->1340K(273856K)] 749157K->470115K(960832K), 0.0106440 secs] [Times: user=0.08 sys=0.01, real=0.01 secs] 
2014-07-16T04:22:01.536+0000: 2870.624: [GC [PSYoungGen: 273852K->580K(266176K)] 742627K->469667K(953152K), 0.0061920 secs] [Times: user=0.04 sys=0.00, real=0.01 secs] 
2014-07-16T04:22:02.507+0000: 2871.595: [GC [PSYoungGen: 266067K->1140K(259968K)] 735154K->470307K(946944K), 0.0041480 secs] [Times: user=0.02 sys=0.00, real=0.01 secs] 
2014-07-16T04:22:03.561+0000: 2872.649: [GC [PSYoungGen: 259948K->758K(253120K)] 729115K->470021K(940096K), 0.0061800 secs] [Times: user=0.04 sys=0.00, real=0.00 secs] 
2014-07-16T04:22:04.491+0000: 2873.579: [GC [PSYoungGen: 253107K->1532K(247680K)] 722370K->470867K(934656K), 0.0089790 secs] [Times: user=0.06 sys=0.00, real=0.01 secs] 
2014-07-16T04:22:05.376+0000: 2874.464: [GC [PSYoungGen: 247676K->1350K(241600K)] 717011K->470725K(928576K), 0.0058170 secs] [Times: user=0.02 sys=0.00, real=0.01 secs] 
2014-07-16T04:22:06.264+0000: 2875.352: [GC [PSYoungGen: 241477K->1204K(235648K)] 710852K->470643K(922624K), 0.0076450 secs] [Times: user=0.05 sys=0.01, real=0.01 secs] 
2014-07-16T04:22:07.154+0000: 2876.242: [GC [PSYoungGen: 235636K->1008K(229888K)] 705075K->470519K(916864K), 0.0083710 secs] [Times: user=0.06 sys=0.00, real=0.01 secs] 
2014-07-16T04:22:08.005+0000: 2877.093: [GC [PSYoungGen: 229872K->1336K(224832K)] 699383K->470919K(911808K), 0.0055240 secs] [Times: user=0.03 sys=0.00, real=0.01 secs] 
2014-07-16T04:22:08.986+0000: 2878.074: [GC [PSYoungGen: 224821K->1236K(219584K)] 694404K->470883K(906560K), 0.0043610 secs] [Times: user=0.02 sys=0.00, real=0.01 secs] 
2014-07-16T04:22:09.771+0000: 2878.859: [GC [PSYoungGen: 219540K->1326K(214656K)] 689187K->471053K(901632K), 0.0049580 secs] [Times: user=0.02 sys=0.00, real=0.00 secs] 
2014-07-16T04:22:10.543+0000: 2879.631: [GC [PSYoungGen: 214539K->1130K(209664K)] 684266K->470945K(896640K), 0.0069170 secs] [Times: user=0.05 sys=0.00, real=0.01 secs] 
2014-07-16T04:22:11.286+0000: 2880.375: [GC [PSYoungGen: 209642K->1226K(205184K)] 679457K->471121K(892160K), 0.0082600 secs] [Times: user=0.05 sys=0.00, real=0.01 secs] 
2014-07-16T04:22:12.065+0000: 2881.153: [GC [PSYoungGen: 205130K->1212K(200640K)] 675025K->471341K(887616K), 0.0089220 secs] [Times: user=0.05 sys=0.00, real=0.01 secs] 
2014-07-16T04:22:12.809+0000: 2881.897: [GC [PSYoungGen: 200636K->1536K(196736K)] 670765K->471729K(883712K), 0.0084580 secs] [Times: user=0.05 sys=0.00, real=0.01 secs] 
2014-07-16T04:22:13.627+0000: 2882.715: [GC [PSYoungGen: 196652K->826K(191808K)] 666845K->471365K(878784K), 0.0042590 secs] [Times: user=0.02 sys=0.01, real=0.01 secs] 
2014-07-16T04:22:14.309+0000: 2883.398: [GC [PSYoungGen: 191802K->954K(187904K)] 662341K->471573K(874880K), 0.0056910 secs] [Times: user=0.03 sys=0.00, real=0.01 secs] 
2014-07-16T04:22:15.020+0000: 2884.108: [GC [PSYoungGen: 187898K->1138K(184192K)] 658517K->471861K(871168K), 0.0103470 secs] [Times: user=0.07 sys=0.00, real=0.02 secs] 
2014-07-16T04:22:15.670+0000: 2884.758: [GC [PSYoungGen: 184178K->1036K(180352K)] 654901K->471831K(867328K), 0.0056980 secs] [Times: user=0.03 sys=0.00, real=0.00 secs] 
2014-07-16T04:22:16.356+0000: 2885.445: [GC [PSYoungGen: 180269K->898K(216128K)] 651064K->471733K(903104K), 0.0104060 secs] [Times: user=0.07 sys=0.00, real=0.01 secs] 
2014-07-16T04:22:17.154+0000: 2886.242: [GC [PSYoungGen: 216066K->1186K(211520K)] 686901K->472085K(898496K), 0.0039300 secs] [Times: user=0.02 sys=0.01, real=0.00 secs] 
2014-07-16T04:22:17.925+0000: 2887.013: [GC [PSYoungGen: 211462K->562K(252992K)] 682362K->471501K(939968K), 0.0135260 secs] [Times: user=0.09 sys=0.00, real=0.01 secs] 
2014-07-16T04:22:18.900+0000: 2887.988: [GC [PSYoungGen: 252977K->1706K(304640K)] 723916K->472741K(991616K), 0.0086770 secs] [Times: user=0.05 sys=0.01, real=0.01 secs] 
2014-07-16T04:22:19.990+0000: 2889.078: [GC [PSYoungGen: 304611K->1212K(296000K)] 775646K->472303K(982976K), 0.0064100 secs] [Times: user=0.05 sys=0.00, real=0.01 secs] 
2014-07-16T04:22:21.097+0000: 2890.186: [GC [PSYoungGen: 295979K->844K(287872K)] 767071K->472015K(974848K), 0.0080700 secs] [Times: user=0.06 sys=0.00, real=0.01 secs] 
2014-07-16T04:22:22.158+0000: 2891.247: [GC [PSYoungGen: 287815K->926K(280384K)] 758987K->472153K(967360K), 0.0143180 secs] [Times: user=0.09 sys=0.01, real=0.02 secs] 
2014-07-16T04:22:23.242+0000: 2892.330: [GC [PSYoungGen: 280299K->1614K(273856K)] 751527K->472929K(960832K), 0.0081740 secs] [Times: user=0.03 sys=0.00, real=0.01 secs] 
2014-07-16T04:22:24.271+0000: 2893.359: [GC [PSYoungGen: 273806K->1136K(266368K)] 745121K->472597K(953344K), 0.0046990 secs] [Times: user=0.03 sys=0.00, real=0.01 secs] 
2014-07-16T04:22:25.241+0000: 2894.329: [GC [PSYoungGen: 266352K->758K(259264K)] 737813K->472307K(946240K), 0.0042440 secs] [Times: user=0.02 sys=0.01, real=0.01 secs] 
2014-07-16T04:22:26.208+0000: 2895.296: [GC [PSYoungGen: 259254K->1606K(253696K)] 730803K->473243K(940672K), 0.0091310 secs] [Times: user=0.06 sys=0.00, real=0.01 secs] 
2014-07-16T04:22:27.134+0000: 2896.222: [GC [PSYoungGen: 253619K->940K(246784K)] 725257K->472649K(933760K), 0.0117440 secs] [Times: user=0.08 sys=0.00, real=0.01 secs] 
2014-07-16T04:22:28.014+0000: 2897.102: [GC [PSYoungGen: 246764K->1126K(241024K)] 718473K->472899K(928000K), 0.0085390 secs] [Times: user=0.06 sys=0.00, real=0.01 secs] 
2014-07-16T04:22:28.955+0000: 2898.043: [GC [PSYoungGen: 240967K->890K(235008K)] 712741K->472751K(921984K), 0.0077520 secs] [Times: user=0.05 sys=0.00, real=0.00 secs] 
2014-07-16T04:22:29.816+0000: 2898.904: [GC [PSYoungGen: 235002K->772K(281792K)] 706863K->472689K(968768K), 0.0138810 secs] [Times: user=0.08 sys=0.00, real=0.01 secs] 
2014-07-16T04:22:30.877+0000: 2899.965: [GC [PSYoungGen: 281732K->1032K(338240K)] 753649K->473037K(1025216K), 0.0145680 secs] [Times: user=0.08 sys=0.00, real=0.01 secs] 
2014-07-16T04:22:32.138+0000: 2901.227: [GC [PSYoungGen: 338184K->1372K(329024K)] 810189K->473449K(1016000K), 0.0043310 secs] [Times: user=0.02 sys=0.00, real=0.01 secs] 
2014-07-16T04:22:33.345+0000: 2902.433: [GC [PSYoungGen: 328988K->918K(319424K)] 801065K->473075K(1006400K), 0.0072910 secs] [Times: user=0.05 sys=0.00, real=0.00 secs] 
2014-07-16T04:22:34.532+0000: 2903.620: [GC [PSYoungGen: 319380K->1380K(311104K)] 791538K->473609K(998080K), 0.0122970 secs] [Times: user=0.08 sys=0.00, real=0.02 secs] 
2014-07-16T04:22:35.697+0000: 2904.785: [GC [PSYoungGen: 311076K->808K(302080K)] 783305K->473077K(989056K), 0.0053360 secs] [Times: user=0.02 sys=0.00, real=0.00 secs] 
2014-07-16T04:22:36.809+0000: 2905.898: [GC [PSYoungGen: 302056K->936K(294144K)] 774325K->473301K(981120K), 0.0072200 secs] [Times: user=0.04 sys=0.00, real=0.01 secs] 
2014-07-16T04:22:37.921+0000: 2907.010: [GC [PSYoungGen: 294120K->1114K(286592K)] 766485K->473607K(973568K), 0.0042490 secs] [Times: user=0.03 sys=0.00, real=0.01 secs] 
2014-07-16T04:22:39.087+0000: 2908.176: [GC [PSYoungGen: 286550K->1336K(279296K)] 759044K->473925K(966272K), 0.0081600 secs] [Times: user=0.06 sys=0.00, real=0.01 secs] 
2014-07-16T04:22:40.068+0000: 2909.156: [GC [PSYoungGen: 279288K->1226K(272064K)] 751877K->473879K(959040K), 0.0045660 secs] [Times: user=0.03 sys=0.00, real=0.00 secs] 
2014-07-16T04:22:41.086+0000: 2910.174: [GC [PSYoungGen: 271989K->1008K(264896K)] 744643K->473733K(951872K), 0.0081830 secs] [Times: user=0.05 sys=0.00, real=0.01 secs] 
2014-07-16T04:22:42.075+0000: 2911.163: [GC [PSYoungGen: 264880K->946K(258176K)] 737605K->473719K(945152K), 0.0098200 secs] [Times: user=0.06 sys=0.01, real=0.01 secs] 
2014-07-16T04:22:43.013+0000: 2912.101: [GC [PSYoungGen: 258132K->940K(251776K)] 730905K->473793K(938752K), 0.0114790 secs] [Times: user=0.08 sys=0.00, real=0.01 secs] 
2014-07-16T04:22:44.026+0000: 2913.114: [GC [PSYoungGen: 251756K->1650K(246336K)] 724609K->474798K(933312K), 0.0057270 secs] [Times: user=0.03 sys=0.00, real=0.00 secs] 
2014-07-16T04:22:44.861+0000: 2913.949: [GC [PSYoungGen: 246322K->748K(239488K)] 719470K->474106K(926464K), 0.0049170 secs] [Times: user=0.03 sys=0.00, real=0.01 secs] 
2014-07-16T04:22:45.747+0000: 2914.835: [GC [PSYoungGen: 239468K->1426K(234496K)] 712826K->474988K(921472K), 0.0098160 secs] [Times: user=0.06 sys=0.00, real=0.01 secs] 
2014-07-16T04:22:46.606+0000: 2915.694: [GC [PSYoungGen: 234450K->844K(228416K)] 708012K->474454K(915392K), 0.0091190 secs] [Times: user=0.06 sys=0.00, real=0.01 secs] 
2014-07-16T04:22:47.435+0000: 2916.523: [GC [PSYoungGen: 228327K->1122K(223360K)] 701937K->474844K(910336K), 0.0044190 secs] [Times: user=0.02 sys=0.00, real=0.01 secs] 
2014-07-16T04:22:48.257+0000: 2917.345: [GC [PSYoungGen: 223330K->676K(217792K)] 697052K->474478K(904768K), 0.0039080 secs] [Times: user=0.02 sys=0.00, real=0.00 secs] 
2014-07-16T04:22:49.200+0000: 2918.289: [GC [PSYoungGen: 217764K->1638K(213824K)] 691566K->475512K(900800K), 0.0065110 secs] [Times: user=0.02 sys=0.00, real=0.01 secs] 
2014-07-16T04:22:49.998+0000: 2919.086: [GC [PSYoungGen: 213798K->1230K(208704K)] 687672K->475160K(895680K), 0.0095100 secs] [Times: user=0.06 sys=0.00, real=0.01 secs] 
2014-07-16T04:22:50.757+0000: 2919.846: [GC [PSYoungGen: 208654K->808K(203648K)] 682584K->474794K(890624K), 0.0077830 secs] [Times: user=0.05 sys=0.01, real=0.00 secs] 
2014-07-16T04:22:51.541+0000: 2920.629: [GC [PSYoungGen: 203624K->576K(198976K)] 677610K->474618K(885952K), 0.0055980 secs] [Times: user=0.02 sys=0.00, real=0.01 secs] 
2014-07-16T04:22:52.267+0000: 2921.355: [GC [PSYoungGen: 198931K->1440K(195584K)] 672973K->475554K(882560K), 0.0078530 secs] [Times: user=0.05 sys=0.01, real=0.00 secs] 
2014-07-16T04:22:52.977+0000: 2922.065: [GC [PSYoungGen: 195552K->894K(190848K)] 669666K->475080K(877824K), 0.0088500 secs] [Times: user=0.06 sys=0.00, real=0.00 secs] 
2014-07-16T04:22:53.687+0000: 2922.775: [GC [PSYoungGen: 190839K->740K(228736K)] 665026K->474990K(915712K), 0.0094360 secs] [Times: user=0.06 sys=0.00, real=0.01 secs] 
2014-07-16T04:22:54.674+0000: 2923.763: [GC [PSYoungGen: 228708K->1424K(224128K)] 702958K->475738K(911104K), 0.0076230 secs] [Times: user=0.04 sys=0.00, real=0.01 secs] 
2014-07-16T04:22:55.516+0000: 2924.605: [GC [PSYoungGen: 224080K->1560K(219136K)] 698394K->475970K(906112K), 0.0071100 secs] [Times: user=0.05 sys=0.00, real=0.01 secs] 
2014-07-16T04:22:56.307+0000: 2925.395: [GC [PSYoungGen: 219054K->948K(213568K)] 693464K->475750K(900544K), 0.0061800 secs] [Times: user=0.04 sys=0.00, real=0.01 secs] 
2014-07-16T04:22:57.077+0000: 2926.165: [GC [PSYoungGen: 213556K->826K(208640K)] 688358K->475692K(895616K), 0.0059170 secs] [Times: user=0.03 sys=0.00, real=0.01 secs] 
2014-07-16T04:22:57.862+0000: 2926.950: [GC [PSYoungGen: 208630K->740K(203968K)] 683497K->475878K(890944K), 0.0064310 secs] [Times: user=0.04 sys=0.00, real=0.01 secs] 
2014-07-16T04:22:58.614+0000: 2927.702: [GC [PSYoungGen: 203920K->836K(199680K)] 679059K->476046K(886656K), 0.0072500 secs] [Times: user=0.05 sys=0.00, real=0.01 secs] 
2014-07-16T04:22:59.504+0000: 2928.592: [GC [PSYoungGen: 199620K->1136K(195648K)] 674830K->476418K(882624K), 0.0082680 secs] [Times: user=0.05 sys=0.00, real=0.01 secs] 
2014-07-16T04:23:00.205+0000: 2929.293: [GC [PSYoungGen: 195632K->1688K(192064K)] 670914K->477058K(879040K), 0.0090960 secs] [Times: user=0.06 sys=0.00, real=0.01 secs] 
2014-07-16T04:23:00.941+0000: 2930.029: [GC [PSYoungGen: 192024K->1022K(229440K)] 667394K->476688K(916416K), 0.0088870 secs] [Times: user=0.06 sys=0.00, real=0.01 secs] 
2014-07-16T04:23:01.873+0000: 2930.961: [GC [PSYoungGen: 229438K->1490K(275648K)] 705104K->477237K(962624K), 0.0101270 secs] [Times: user=0.07 sys=0.00, real=0.01 secs] 
2014-07-16T04:23:02.861+0000: 2931.949: [GC [PSYoungGen: 275602K->1290K(330304K)] 751349K->477125K(1017280K), 0.0091070 secs] [Times: user=0.06 sys=0.00, real=0.01 secs] 
2014-07-16T04:23:04.092+0000: 2933.180: [GC [PSYoungGen: 330250K->1496K(321280K)] 806085K->477410K(1008256K), 0.0048230 secs] [Times: user=0.03 sys=0.00, real=0.00 secs] 
2014-07-16T04:23:05.260+0000: 2934.348: [GC [PSYoungGen: 321240K->818K(311744K)] 797154K->476812K(998720K), 0.0133870 secs] [Times: user=0.07 sys=0.01, real=0.01 secs] 
2014-07-16T04:23:06.403+0000: 2935.491: [GC [PSYoungGen: 311730K->1176K(303680K)] 787724K->477234K(990656K), 0.0040910 secs] [Times: user=0.03 sys=0.00, real=0.00 secs] 
2014-07-16T04:23:07.523+0000: 2936.611: [GC [PSYoungGen: 303631K->648K(295040K)] 779690K->476762K(982016K), 0.0091270 secs] [Times: user=0.06 sys=0.01, real=0.01 secs] 
2014-07-16T04:23:08.598+0000: 2937.686: [GC [PSYoungGen: 294975K->662K(287232K)] 771089K->476840K(974208K), 0.0082450 secs] [Times: user=0.05 sys=0.00, real=0.01 secs] 
2014-07-16T04:23:09.770+0000: 2938.858: [GC [PSYoungGen: 287190K->1050K(280128K)] 763368K->477300K(967104K), 0.0045510 secs] [Times: user=0.03 sys=0.00, real=0.00 secs] 
2014-07-16T04:23:10.813+0000: 2939.902: [GC [PSYoungGen: 280072K->854K(272704K)] 756323K->477176K(959680K), 0.0072870 secs] [Times: user=0.05 sys=0.00, real=0.01 secs] 
2014-07-16T04:23:11.818+0000: 2940.906: [GC [PSYoungGen: 272662K->1418K(266368K)] 748984K->477820K(953344K), 0.0053080 secs] [Times: user=0.03 sys=0.00, real=0.01 secs] 
2014-07-16T04:23:12.794+0000: 2941.882: [GC [PSYoungGen: 266314K->662K(258944K)] 742716K->477128K(945920K), 0.0075300 secs] [Times: user=0.05 sys=0.00, real=0.01 secs] 
2014-07-16T04:23:13.744+0000: 2942.832: [GC [PSYoungGen: 258902K->868K(252736K)] 735368K->477406K(939712K), 0.0164230 secs] [Times: user=0.10 sys=0.00, real=0.02 secs] 
2014-07-16T04:23:14.776+0000: 2943.864: [GC [PSYoungGen: 252708K->1300K(246976K)] 729246K->477910K(933952K), 0.0076720 secs] [Times: user=0.05 sys=0.00, real=0.01 secs] 
2014-07-16T04:23:15.633+0000: 2944.721: [GC [PSYoungGen: 246932K->676K(240384K)] 723542K->477374K(927360K), 0.0071210 secs] [Times: user=0.05 sys=0.00, real=0.00 secs] 
2014-07-16T04:23:16.537+0000: 2945.625: [GC [PSYoungGen: 240356K->1186K(235136K)] 717054K->477948K(922112K), 0.0044320 secs] [Times: user=0.03 sys=0.00, real=0.01 secs] 
2014-07-16T04:23:17.408+0000: 2946.496: [GC [PSYoungGen: 235106K->1058K(229504K)] 711868K->477892K(916480K), 0.0042890 secs] [Times: user=0.02 sys=0.00, real=0.01 secs] 
2014-07-16T04:23:18.235+0000: 2947.323: [GC [PSYoungGen: 229474K->1462K(224576K)] 706308K->478353K(911552K), 0.0042240 secs] [Times: user=0.02 sys=0.00, real=0.00 secs] 
2014-07-16T04:23:19.053+0000: 2948.142: [GC [PSYoungGen: 224528K->850K(218880K)] 701419K->477804K(905856K), 0.0090540 secs] [Times: user=0.06 sys=0.00, real=0.01 secs] 
2014-07-16T04:23:19.920+0000: 2949.008: [GC [PSYoungGen: 218827K->1354K(214400K)] 695782K->478389K(901376K), 0.0071960 secs] [Times: user=0.03 sys=0.00, real=0.00 secs] 
2014-07-16T04:23:20.698+0000: 2949.786: [GC [PSYoungGen: 214346K->872K(209088K)] 691381K->477978K(896064K), 0.0082210 secs] [Times: user=0.06 sys=0.00, real=0.01 secs] 
2014-07-16T04:23:21.490+0000: 2950.578: [GC [PSYoungGen: 209056K->822K(204416K)] 686163K->478008K(891392K), 0.0068130 secs] [Times: user=0.04 sys=0.01, real=0.00 secs] 
2014-07-16T04:23:22.298+0000: 2951.387: [GC [PSYoungGen: 204389K->886K(200000K)] 681576K->478128K(886976K), 0.0083190 secs] [Times: user=0.05 sys=0.00, real=0.01 secs] 
2014-07-16T04:23:23.087+0000: 2952.175: [GC [PSYoungGen: 199957K->1058K(195904K)] 677200K->478356K(882880K), 0.0099450 secs] [Times: user=0.05 sys=0.00, real=0.01 secs] 
2014-07-16T04:23:23.779+0000: 2952.867: [GC [PSYoungGen: 195874K->868K(191552K)] 673172K->478238K(878528K), 0.0046700 secs] [Times: user=0.01 sys=0.01, real=0.01 secs] 
2014-07-16T04:23:24.482+0000: 2953.570: [GC [PSYoungGen: 191524K->1392K(230208K)] 668894K->478834K(917184K), 0.0258000 secs] [Times: user=0.17 sys=0.00, real=0.10 secs] 
2014-07-16T04:23:25.357+0000: 2954.445: [GC [PSYoungGen: 230192K->676K(275264K)] 707634K->478182K(962240K), 0.0064790 secs] [Times: user=0.04 sys=0.00, real=0.01 secs] 
2014-07-16T04:23:26.362+0000: 2955.450: [GC [PSYoungGen: 275236K->1086K(314112K)] 752742K->478648K(1001088K), 0.0132530 secs] [Times: user=0.07 sys=0.00, real=0.01 secs] 
2014-07-16T04:23:27.532+0000: 2956.620: [GC [PSYoungGen: 313425K->1200K(331136K)] 790988K->478834K(1018112K), 0.0093730 secs] [Times: user=0.07 sys=0.01, real=0.01 secs] 
2014-07-16T04:23:28.745+0000: 2957.833: [GC [PSYoungGen: 330672K->1204K(331136K)] 808306K->478918K(1018112K), 0.0104530 secs] [Times: user=0.07 sys=0.00, real=0.01 secs] 
2014-07-16T04:23:29.985+0000: 2959.074: [GC [PSYoungGen: 330662K->908K(321216K)] 808377K->478710K(1008192K), 0.0079000 secs] [Times: user=0.05 sys=0.00, real=0.01 secs] 
2014-07-16T04:23:31.173+0000: 2960.261: [GC [PSYoungGen: 321164K->1532K(312960K)] 798966K->479430K(999936K), 0.0057470 secs] [Times: user=0.04 sys=0.00, real=0.00 secs] 
2014-07-16T04:23:32.309+0000: 2961.397: [GC [PSYoungGen: 312922K->888K(303808K)] 790821K->479150K(990784K), 0.0060030 secs] [Times: user=0.03 sys=0.00, real=0.01 secs] 
2014-07-16T04:23:33.494+0000: 2962.582: [GC [PSYoungGen: 303775K->1286K(296128K)] 782038K->479596K(983104K), 0.0109770 secs] [Times: user=0.07 sys=0.00, real=0.01 secs] 
2014-07-16T04:23:34.583+0000: 2963.671: [GC [PSYoungGen: 296061K->1390K(288384K)] 774372K->480279K(975360K), 0.0055550 secs] [Times: user=0.04 sys=0.00, real=0.00 secs] 
2014-07-16T04:23:35.671+0000: 2964.759: [GC [PSYoungGen: 288352K->690K(280128K)] 767241K->479634K(967104K), 0.0078660 secs] [Times: user=0.06 sys=0.00, real=0.01 secs] 
2014-07-16T04:23:36.709+0000: 2965.798: [GC [PSYoungGen: 280092K->772K(273024K)] 759037K->479773K(960000K), 0.0115700 secs] [Times: user=0.08 sys=0.00, real=0.01 secs] 
2014-07-16T04:23:37.711+0000: 2966.799: [GC [PSYoungGen: 272964K->1608K(266880K)] 751965K->480681K(953856K), 0.0141580 secs] [Times: user=0.09 sys=0.00, real=0.02 secs] 
2014-07-16T04:23:38.686+0000: 2967.774: [GC [PSYoungGen: 266824K->786K(259328K)] 745897K->479930K(946304K), 0.0054990 secs] [Times: user=0.03 sys=0.00, real=0.00 secs] 
2014-07-16T04:23:39.628+0000: 2968.716: [GC [PSYoungGen: 259282K->644K(252736K)] 738426K->479869K(939712K), 0.0048960 secs] [Times: user=0.03 sys=0.00, real=0.00 secs] 
2014-07-16T04:23:40.610+0000: 2969.699: [GC [PSYoungGen: 252676K->544K(246400K)] 731901K->479856K(933376K), 0.0058890 secs] [Times: user=0.04 sys=0.00, real=0.01 secs] 
2014-07-16T04:23:41.519+0000: 2970.608: [GC [PSYoungGen: 246367K->758K(240640K)] 725680K->480143K(927616K), 0.0108370 secs] [Times: user=0.06 sys=0.00, real=0.01 secs] 
2014-07-16T04:23:42.397+0000: 2971.485: [GC [PSYoungGen: 240600K->1126K(235264K)] 719985K->480607K(922240K), 0.0092320 secs] [Times: user=0.07 sys=0.00, real=0.01 secs] 
2014-07-16T04:23:43.337+0000: 2972.425: [GC [PSYoungGen: 235238K->950K(229504K)] 714719K->480487K(916480K), 0.0050310 secs] [Times: user=0.03 sys=0.00, real=0.00 secs] 
2014-07-16T04:23:44.170+0000: 2973.258: [GC [PSYoungGen: 229472K->544K(223808K)] 709009K->480144K(910784K), 0.0084400 secs] [Times: user=0.05 sys=0.00, real=0.01 secs] 
2014-07-16T04:23:45.093+0000: 2974.182: [GC [PSYoungGen: 223776K->1614K(219776K)] 703376K->481295K(906752K), 0.0099590 secs] [Times: user=0.05 sys=0.00, real=0.01 secs] 
2014-07-16T04:23:45.875+0000: 2974.963: [GC [PSYoungGen: 219694K->1132K(214272K)] 699375K->480869K(901248K), 0.0061580 secs] [Times: user=0.03 sys=0.00, real=0.00 secs] 
2014-07-16T04:23:46.654+0000: 2975.743: [GC [PSYoungGen: 214225K->844K(209216K)] 693962K->480661K(896192K), 0.0037460 secs] [Times: user=0.03 sys=0.00, real=0.00 secs] 
2014-07-16T04:23:47.431+0000: 2976.519: [GC [PSYoungGen: 209096K->958K(204672K)] 688913K->480863K(891648K), 0.0081170 secs] [Times: user=0.06 sys=0.00, real=0.01 secs] 
2014-07-16T04:23:48.177+0000: 2977.265: [GC [PSYoungGen: 204670K->1236K(200512K)] 684575K->481237K(887488K), 0.0069930 secs] [Times: user=0.03 sys=0.00, real=0.00 secs] 
2014-07-16T04:23:48.901+0000: 2977.990: [GC [PSYoungGen: 200454K->1386K(196352K)] 680455K->481483K(883328K), 0.0068160 secs] [Times: user=0.04 sys=0.00, real=0.01 secs] 
2014-07-16T04:23:49.622+0000: 2978.710: [GC [PSYoungGen: 196330K->936K(191744K)] 676427K->481113K(878720K), 0.0084830 secs] [Times: user=0.04 sys=0.01, real=0.01 secs] 
2014-07-16T04:23:50.407+0000: 2979.495: [GC [PSYoungGen: 191720K->758K(187520K)] 671897K->481015K(874496K), 0.0062750 secs] [Times: user=0.03 sys=0.00, real=0.00 secs] 
2014-07-16T04:23:51.101+0000: 2980.190: [GC [PSYoungGen: 187490K->908K(183808K)] 667747K->481229K(870784K), 0.0047890 secs] [Times: user=0.02 sys=0.00, real=0.01 secs] 
2014-07-16T04:23:51.781+0000: 2980.869: [GC [PSYoungGen: 183756K->790K(179904K)] 664077K->481183K(866880K), 0.0073880 secs] [Times: user=0.05 sys=0.00, real=0.01 secs] 
2014-07-16T04:23:52.443+0000: 2981.531: [GC [PSYoungGen: 179862K->972K(176448K)] 660255K->481461K(863424K), 0.0062910 secs] [Times: user=0.04 sys=0.01, real=0.01 secs] 
2014-07-16T04:23:53.129+0000: 2982.217: [GC [PSYoungGen: 176395K->1640K(173568K)] 656884K->482201K(860544K), 0.0056680 secs] [Times: user=0.02 sys=0.00, real=0.00 secs] 
2014-07-16T04:23:53.789+0000: 2982.877: [GC [PSYoungGen: 173534K->1816K(208192K)] 654095K->482473K(895168K), 0.0103360 secs] [Times: user=0.07 sys=0.00, real=0.01 secs] 
2014-07-16T04:23:54.563+0000: 2983.651: [GC [PSYoungGen: 208125K->256K(247872K)] 688782K->481377K(934848K), 0.0120780 secs] [Times: user=0.08 sys=0.00, real=0.01 secs] 
2014-07-16T04:23:55.586+0000: 2984.674: [GC [PSYoungGen: 247831K->1300K(298496K)] 728952K->482469K(985472K), 0.0087210 secs] [Times: user=0.04 sys=0.01, real=0.01 secs] 
2014-07-16T04:23:56.674+0000: 2985.762: [GC [PSYoungGen: 298360K->1922K(358592K)] 779530K->483579K(1045568K), 0.0105770 secs] [Times: user=0.07 sys=0.00, real=0.01 secs] 
2014-07-16T04:23:57.984+0000: 2987.072: [GC [PSYoungGen: 358530K->1172K(347520K)] 840187K->482885K(1034496K), 0.0090860 secs] [Times: user=0.06 sys=0.00, real=0.01 secs] 
2014-07-16T04:23:59.266+0000: 2988.355: [GC [PSYoungGen: 347405K->1058K(337472K)] 829118K->482819K(1024448K), 0.0081220 secs] [Times: user=0.05 sys=0.00, real=0.00 secs] 
2014-07-16T04:24:00.571+0000: 2989.660: [GC [PSYoungGen: 337442K->776K(327744K)] 819203K->482617K(1014720K), 0.0048620 secs] [Times: user=0.03 sys=0.00, real=0.01 secs] 
2014-07-16T04:24:01.781+0000: 2990.869: [GC [PSYoungGen: 327664K->1196K(370752K)] 809505K->483101K(1057728K), 0.0249610 secs] [Times: user=0.14 sys=0.00, real=0.02 secs] 
2014-07-16T04:24:03.154+0000: 2992.242: [GC [PSYoungGen: 369884K->1104K(359040K)] 851789K->483073K(1046016K), 0.0062480 secs] [Times: user=0.03 sys=0.00, real=0.01 secs] 
2014-07-16T04:24:04.576+0000: 2993.665: [GC [PSYoungGen: 358992K->676K(348224K)] 840961K->482685K(1035200K), 0.0071040 secs] [Times: user=0.02 sys=0.01, real=0.01 secs] 
2014-07-16T04:24:05.952+0000: 2995.040: [GC [PSYoungGen: 348120K->1408K(339072K)] 830129K->483473K(1026048K), 0.0098570 secs] [Times: user=0.06 sys=0.00, real=0.01 secs] 
2014-07-16T04:24:07.219+0000: 2996.307: [GC [PSYoungGen: 339007K->1496K(329600K)] 821073K->483641K(1016576K), 0.0045300 secs] [Times: user=0.02 sys=0.00, real=0.00 secs] 
2014-07-16T04:24:08.437+0000: 2997.526: [GC [PSYoungGen: 329560K->1022K(319936K)] 811705K->483263K(1006912K), 0.0073560 secs] [Times: user=0.05 sys=0.00, real=0.01 secs] 
2014-07-16T04:24:09.638+0000: 2998.726: [GC [PSYoungGen: 319934K->964K(311168K)] 802175K->483269K(998144K), 0.0063070 secs] [Times: user=0.03 sys=0.00, real=0.00 secs] 
2014-07-16T04:24:10.816+0000: 2999.904: [GC [PSYoungGen: 311099K->1140K(302848K)] 793404K->483533K(989824K), 0.0074400 secs] [Times: user=0.04 sys=0.00, real=0.01 secs] 
2014-07-16T04:24:11.927+0000: 3001.015: [GC [PSYoungGen: 302836K->548K(294144K)] 785229K->482989K(981120K), 0.0113210 secs] [Times: user=0.07 sys=0.00, real=0.02 secs] 
2014-07-16T04:24:13.020+0000: 3002.109: [GC [PSYoungGen: 294116K->576K(286336K)] 776557K->483089K(973312K), 0.0061530 secs] [Times: user=0.04 sys=0.00, real=0.00 secs] 
2014-07-16T04:24:14.081+0000: 3003.169: [GC [PSYoungGen: 286336K->1518K(279808K)] 768849K->484127K(966784K), 0.0046750 secs] [Times: user=0.03 sys=0.00, real=0.00 secs] 
2014-07-16T04:24:15.143+0000: 3004.231: [GC [PSYoungGen: 279790K->786K(271936K)] 762399K->483475K(958912K), 0.0061620 secs] [Times: user=0.02 sys=0.00, real=0.00 secs] 
2014-07-16T04:24:16.206+0000: 3005.294: [GC [PSYoungGen: 271889K->1272K(265472K)] 754578K->484041K(952448K), 0.0062520 secs] [Times: user=0.04 sys=0.00, real=0.01 secs] 
2014-07-16T04:24:17.168+0000: 3006.256: [GC [PSYoungGen: 265464K->1058K(258624K)] 748233K->483899K(945600K), 0.0036290 secs] [Times: user=0.02 sys=0.00, real=0.01 secs] 
2014-07-16T04:24:18.137+0000: 3007.225: [GC [PSYoungGen: 258594K->1450K(252608K)] 741435K->484363K(939584K), 0.0077900 secs] [Times: user=0.05 sys=0.00, real=0.01 secs] 
2014-07-16T04:24:19.060+0000: 3008.148: [GC [PSYoungGen: 252566K->990K(246016K)] 735479K->483951K(932992K), 0.0137430 secs] [Times: user=0.08 sys=0.00, real=0.01 secs] 
2014-07-16T04:24:19.959+0000: 3009.047: [GC [PSYoungGen: 245982K->1004K(240064K)] 728943K->484045K(927040K), 0.0063340 secs] [Times: user=0.04 sys=0.00, real=0.01 secs] 
2014-07-16T04:24:20.977+0000: 3010.065: [GC [PSYoungGen: 240044K->1460K(234816K)] 723085K->484565K(921792K), 0.0128980 secs] [Times: user=0.08 sys=0.00, real=0.01 secs] 
2014-07-16T04:24:21.815+0000: 3010.903: [GC [PSYoungGen: 234804K->512K(228352K)] 717909K->483665K(915328K), 0.0044660 secs] [Times: user=0.02 sys=0.00, real=0.00 secs] 
2014-07-16T04:24:22.655+0000: 3011.743: [GC [PSYoungGen: 228323K->1690K(224256K)] 711476K->484923K(911232K), 0.0098650 secs] [Times: user=0.06 sys=0.00, real=0.01 secs] 
2014-07-16T04:24:23.514+0000: 3012.602: [GC [PSYoungGen: 224168K->1550K(219008K)] 707401K->484847K(905984K), 0.0073190 secs] [Times: user=0.04 sys=0.00, real=0.01 secs] 
2014-07-16T04:24:24.307+0000: 3013.395: [GC [PSYoungGen: 218958K->1262K(213760K)] 702255K->484631K(900736K), 0.0057760 secs] [Times: user=0.03 sys=0.00, real=0.01 secs] 
2014-07-16T04:24:25.081+0000: 3014.169: [GC [PSYoungGen: 213722K->1376K(209088K)] 697091K->484793K(896064K), 0.0052720 secs] [Times: user=0.02 sys=0.00, real=0.00 secs] 
2014-07-16T04:24:25.931+0000: 3015.019: [GC [PSYoungGen: 208996K->954K(204032K)] 692413K->484467K(891008K), 0.0073790 secs] [Times: user=0.04 sys=0.00, real=0.00 secs] 
2014-07-16T04:24:26.626+0000: 3015.715: [GC [PSYoungGen: 204026K->562K(199232K)] 687539K->484123K(886208K), 0.0108650 secs] [Times: user=0.07 sys=0.00, real=0.01 secs] 
2014-07-16T04:24:27.359+0000: 3016.447: [GC [PSYoungGen: 199196K->880K(195264K)] 682757K->484489K(882240K), 0.0045670 secs] [Times: user=0.03 sys=0.00, real=0.01 secs] 
2014-07-16T04:24:28.060+0000: 3017.148: [GC [PSYoungGen: 195247K->826K(191040K)] 678856K->484499K(878016K), 0.0093330 secs] [Times: user=0.05 sys=0.00, real=0.01 secs] 
2014-07-16T04:24:28.746+0000: 3017.834: [GC [PSYoungGen: 191034K->594K(228928K)] 674707K->484323K(915904K), 0.0125890 secs] [Times: user=0.06 sys=0.00, real=0.01 secs] 
2014-07-16T04:24:29.578+0000: 3018.666: [GC [PSYoungGen: 228882K->480K(274496K)] 712611K->484273K(961472K), 0.0102880 secs] [Times: user=0.05 sys=0.00, real=0.01 secs] 
2014-07-16T04:24:30.697+0000: 3019.785: [GC [PSYoungGen: 274462K->1238K(330112K)] 758255K->485079K(1017088K), 0.0097390 secs] [Times: user=0.06 sys=0.00, real=0.01 secs] 
2014-07-16T04:24:31.872+0000: 3020.960: [GC [PSYoungGen: 330070K->936K(320576K)] 813911K->484865K(1007552K), 0.0071550 secs] [Times: user=0.04 sys=0.00, real=0.00 secs] 
2014-07-16T04:24:33.070+0000: 3022.158: [GC [PSYoungGen: 320552K->726K(311552K)] 804481K->484719K(998528K), 0.0110410 secs] [Times: user=0.07 sys=0.00, real=0.02 secs] 
2014-07-16T04:24:34.260+0000: 3023.348: [GC [PSYoungGen: 311510K->1828K(304192K)] 795503K->485885K(991168K), 0.0060560 secs] [Times: user=0.03 sys=0.01, real=0.01 secs] 
2014-07-16T04:24:35.394+0000: 3024.482: [GC [PSYoungGen: 304164K->662K(294912K)] 788221K->484767K(981888K), 0.0039100 secs] [Times: user=0.02 sys=0.00, real=0.00 secs] 
2014-07-16T04:24:36.572+0000: 3025.660: [GC [PSYoungGen: 294870K->1236K(287680K)] 778975K->485445K(974656K), 0.0092960 secs] [Times: user=0.06 sys=0.00, real=0.00 secs] 
2014-07-16T04:24:37.624+0000: 3026.712: [GC [PSYoungGen: 287604K->1222K(280192K)] 771814K->485487K(967168K), 0.0042570 secs] [Times: user=0.02 sys=0.00, real=0.00 secs] 
2014-07-16T04:24:38.653+0000: 3027.742: [GC [PSYoungGen: 280134K->922K(272640K)] 764399K->485275K(959616K), 0.0064200 secs] [Times: user=0.03 sys=0.00, real=0.00 secs] 
2014-07-16T04:24:39.678+0000: 3028.766: [GC [PSYoungGen: 272602K->662K(265472K)] 756955K->485079K(952448K), 0.0037800 secs] [Times: user=0.02 sys=0.01, real=0.00 secs] 
2014-07-16T04:24:40.647+0000: 3029.735: [GC [PSYoungGen: 265424K->994K(259136K)] 749841K->485491K(946112K), 0.0055390 secs] [Times: user=0.03 sys=0.00, real=0.00 secs] 
2014-07-16T04:24:41.652+0000: 3030.740: [GC [PSYoungGen: 259106K->786K(252544K)] 743603K->485339K(939520K), 0.0064550 secs] [Times: user=0.02 sys=0.00, real=0.01 secs] 
2014-07-16T04:24:42.603+0000: 3031.691: [GC [PSYoungGen: 252498K->1200K(246720K)] 737051K->485841K(933696K), 0.0070010 secs] [Times: user=0.04 sys=0.00, real=0.00 secs] 
2014-07-16T04:24:43.512+0000: 3032.600: [GC [PSYoungGen: 246633K->1176K(240768K)] 731274K->485881K(927744K), 0.0078660 secs] [Times: user=0.05 sys=0.00, real=0.01 secs] 
2014-07-16T04:24:44.411+0000: 3033.499: [GC [PSYoungGen: 240728K->822K(234624K)] 725433K->485591K(921600K), 0.0076260 secs] [Times: user=0.04 sys=0.00, real=0.01 secs] 
2014-07-16T04:24:45.266+0000: 3034.354: [GC [PSYoungGen: 234614K->626K(228928K)] 719383K->485427K(915904K), 0.0135310 secs] [Times: user=0.07 sys=0.00, real=0.01 secs] 
2014-07-16T04:24:46.261+0000: 3035.349: [GC [PSYoungGen: 228879K->1454K(224448K)] 713680K->486327K(911424K), 0.0046120 secs] [Times: user=0.02 sys=0.00, real=0.01 secs] 
2014-07-16T04:24:47.058+0000: 3036.146: [GC [PSYoungGen: 224412K->890K(218752K)] 709286K->485811K(905728K), 0.0117110 secs] [Times: user=0.08 sys=0.00, real=0.01 secs] 
2014-07-16T04:24:47.876+0000: 3036.964: [GC [PSYoungGen: 218746K->1386K(214336K)] 703667K->486387K(901312K), 0.0088100 secs] [Times: user=0.05 sys=0.00, real=0.01 secs] 
2014-07-16T04:24:48.655+0000: 3037.743: [GC [PSYoungGen: 214289K->762K(256320K)] 699290K->485811K(943296K), 0.0109860 secs] [Times: user=0.07 sys=0.00, real=0.01 secs] 
2014-07-16T04:24:49.599+0000: 3038.687: [GC [PSYoungGen: 256311K->918K(307648K)] 741361K->486047K(994624K), 0.0075380 secs] [Times: user=0.04 sys=0.00, real=0.01 secs] 
2014-07-16T04:24:50.732+0000: 3039.821: [GC [PSYoungGen: 307606K->1076K(299456K)] 792735K->486277K(986432K), 0.0066850 secs] [Times: user=0.04 sys=0.00, real=0.01 secs] 
2014-07-16T04:24:51.907+0000: 3040.996: [GC [PSYoungGen: 299444K->1440K(291840K)] 784645K->486895K(978816K), 0.0040660 secs] [Times: user=0.03 sys=0.00, real=0.00 secs] 
2014-07-16T04:24:52.984+0000: 3042.072: [GC [PSYoungGen: 291808K->758K(283456K)] 777263K->486277K(970432K), 0.0068240 secs] [Times: user=0.03 sys=0.00, real=0.01 secs] 
2014-07-16T04:24:54.028+0000: 3043.117: [GC [PSYoungGen: 283446K->726K(276096K)] 768965K->486285K(963072K), 0.0059040 secs] [Times: user=0.02 sys=0.00, real=0.00 secs] 
2014-07-16T04:24:55.052+0000: 3044.141: [GC [PSYoungGen: 276052K->1236K(269504K)] 761611K->486883K(956480K), 0.0078680 secs] [Times: user=0.04 sys=0.01, real=0.01 secs] 
2014-07-16T04:24:56.137+0000: 3045.225: [GC [PSYoungGen: 269460K->1120K(262592K)] 755107K->486847K(949568K), 0.0040960 secs] [Times: user=0.02 sys=0.00, real=0.00 secs] 
2014-07-16T04:24:57.081+0000: 3046.169: [GC [PSYoungGen: 262559K->694K(255616K)] 748286K->486469K(942592K), 0.0071660 secs] [Times: user=0.04 sys=0.00, real=0.01 secs] 
2014-07-16T04:24:58.023+0000: 3047.111: [GC [PSYoungGen: 255606K->808K(249408K)] 741381K->486639K(936384K), 0.0073180 secs] [Times: user=0.04 sys=0.00, real=0.01 secs] 
2014-07-16T04:24:58.963+0000: 3048.051: [GC [PSYoungGen: 249384K->530K(243072K)] 735215K->486401K(930048K), 0.0051400 secs] [Times: user=0.02 sys=0.00, real=0.01 secs] 
2014-07-16T04:24:59.889+0000: 3048.978: [GC [PSYoungGen: 243026K->1320K(238016K)] 728897K->487263K(924992K), 0.0070680 secs] [Times: user=0.03 sys=0.00, real=0.01 secs] 
2014-07-16T04:25:00.759+0000: 3049.848: [GC [PSYoungGen: 237992K->662K(231744K)] 723935K->486677K(918720K), 0.0044840 secs] [Times: user=0.02 sys=0.00, real=0.00 secs] 
2014-07-16T04:25:01.749+0000: 3050.837: [GC [PSYoungGen: 231702K->1574K(227200K)] 717717K->487709K(914176K), 0.0101080 secs] [Times: user=0.07 sys=0.00, real=0.01 secs] 
2014-07-16T04:25:02.542+0000: 3051.630: [GC [PSYoungGen: 227174K->854K(221248K)] 713309K->487093K(908224K), 0.0090390 secs] [Times: user=0.05 sys=0.00, real=0.01 secs] 
2014-07-16T04:25:03.358+0000: 3052.446: [GC [PSYoungGen: 221206K->1512K(216832K)] 707445K->488277K(903808K), 0.0082020 secs] [Times: user=0.05 sys=0.00, real=0.01 secs] 
2014-07-16T04:25:04.153+0000: 3053.241: [GC [PSYoungGen: 216777K->1026K(259456K)] 703543K->487839K(946432K), 0.0133750 secs] [Times: user=0.09 sys=0.01, real=0.02 secs] 
2014-07-16T04:25:05.108+0000: 3054.197: [GC [PSYoungGen: 259394K->644K(252608K)] 746207K->487513K(939584K), 0.0079200 secs] [Times: user=0.05 sys=0.00, real=0.01 secs] 
2014-07-16T04:25:06.067+0000: 3055.155: [GC [PSYoungGen: 252548K->1188K(246912K)] 739417K->488145K(933888K), 0.0047090 secs] [Times: user=0.02 sys=0.00, real=0.00 secs] 
2014-07-16T04:25:07.076+0000: 3056.164: [GC [PSYoungGen: 246884K->868K(240640K)] 733841K->487913K(927616K), 0.0046560 secs] [Times: user=0.02 sys=0.00, real=0.01 secs] 
2014-07-16T04:25:07.959+0000: 3057.047: [GC [PSYoungGen: 240612K->1008K(235008K)] 727657K->488125K(921984K), 0.0037430 secs] [Times: user=0.02 sys=0.00, real=0.00 secs] 
2014-07-16T04:25:08.820+0000: 3057.908: [GC [PSYoungGen: 234961K->1062K(229568K)] 722078K->488243K(916544K), 0.0047370 secs] [Times: user=0.02 sys=0.00, real=0.00 secs] 
2014-07-16T04:25:09.684+0000: 3058.773: [GC [PSYoungGen: 229542K->954K(224128K)] 716723K->488215K(911104K), 0.0078450 secs] [Times: user=0.05 sys=0.00, real=0.01 secs] 
2014-07-16T04:25:10.504+0000: 3059.592: [GC [PSYoungGen: 224097K->630K(218688K)] 711359K->487955K(905664K), 0.0071040 secs] [Times: user=0.04 sys=0.00, real=0.01 secs] 
2014-07-16T04:25:11.304+0000: 3060.392: [GC [PSYoungGen: 218678K->1766K(214848K)] 706003K->489171K(901824K), 0.0098890 secs] [Times: user=0.07 sys=0.00, real=0.01 secs] 
2014-07-16T04:25:12.121+0000: 3061.209: [GC [PSYoungGen: 214822K->1204K(209472K)] 702227K->488755K(896448K), 0.0096640 secs] [Times: user=0.05 sys=0.00, real=0.01 secs] 
2014-07-16T04:25:12.881+0000: 3061.969: [GC [PSYoungGen: 209460K->1914K(205568K)] 697011K->489545K(892544K), 0.0050060 secs] [Times: user=0.03 sys=0.00, real=0.00 secs] 
2014-07-16T04:25:13.638+0000: 3062.726: [GC [PSYoungGen: 205548K->994K(200192K)] 693179K->488879K(887168K), 0.0059750 secs] [Times: user=0.04 sys=0.00, real=0.00 secs] 
2014-07-16T04:25:14.371+0000: 3063.459: [GC [PSYoungGen: 200162K->1212K(196096K)] 688047K->489153K(883072K), 0.0045140 secs] [Times: user=0.02 sys=0.00, real=0.00 secs] 
2014-07-16T04:25:15.087+0000: 3064.176: [GC [PSYoungGen: 196092K->826K(191552K)] 684033K->488831K(878528K), 0.0068650 secs] [Times: user=0.04 sys=0.00, real=0.01 secs] 
2014-07-16T04:25:15.799+0000: 3064.887: [GC [PSYoungGen: 191452K->726K(187456K)] 679458K->488787K(874432K), 0.0082190 secs] [Times: user=0.05 sys=0.00, real=0.00 secs] 
2014-07-16T04:25:16.715+0000: 3065.803: [GC [PSYoungGen: 187414K->2008K(184832K)] 675475K->490149K(871808K), 0.0075770 secs] [Times: user=0.05 sys=0.00, real=0.01 secs] 
2014-07-16T04:25:17.398+0000: 3066.487: [GC [PSYoungGen: 184792K->1086K(180096K)] 672933K->489267K(867072K), 0.0097630 secs] [Times: user=0.03 sys=0.01, real=0.01 secs] 
2014-07-16T04:25:18.061+0000: 3067.149: [GC [PSYoungGen: 180084K->680K(176064K)] 668265K->488941K(863040K), 0.0068430 secs] [Times: user=0.04 sys=0.00, real=0.00 secs] 
2014-07-16T04:25:18.718+0000: 3067.806: [GC [PSYoungGen: 176040K->758K(172608K)] 664301K->489075K(859584K), 0.0039070 secs] [Times: user=0.02 sys=0.00, real=0.01 secs] 
2014-07-16T04:25:19.341+0000: 3068.430: [GC [PSYoungGen: 172598K->862K(169344K)] 660915K->489235K(856320K), 0.0080790 secs] [Times: user=0.05 sys=0.00, real=0.01 secs] 
2014-07-16T04:25:19.956+0000: 3069.044: [GC [PSYoungGen: 169308K->1076K(203264K)] 657682K->489529K(890240K), 0.0071830 secs] [Times: user=0.05 sys=0.00, real=0.01 secs] 
2014-07-16T04:25:20.707+0000: 3069.795: [GC [PSYoungGen: 203252K->808K(198592K)] 691705K->489317K(885568K), 0.0071530 secs] [Times: user=0.05 sys=0.00, real=0.01 secs] 
2014-07-16T04:25:21.531+0000: 3070.619: [GC [PSYoungGen: 198568K->1192K(238528K)] 687077K->489749K(925504K), 0.0118380 secs] [Times: user=0.06 sys=0.00, real=0.01 secs] 
2014-07-16T04:25:22.343+0000: 3071.431: [GC [PSYoungGen: 238469K->990K(285824K)] 727026K->489643K(972800K), 0.0108610 secs] [Times: user=0.08 sys=0.00, real=0.01 secs] 
2014-07-16T04:25:23.382+0000: 3072.470: [GC [PSYoungGen: 285790K->1440K(300480K)] 774443K->490157K(987456K), 0.0085640 secs] [Times: user=0.06 sys=0.00, real=0.01 secs] 
2014-07-16T04:25:24.489+0000: 3073.577: [GC [PSYoungGen: 300047K->512K(343680K)] 788765K->489285K(1030656K), 0.0106870 secs] [Times: user=0.06 sys=0.00, real=0.02 secs] 
2014-07-16T04:25:25.757+0000: 3074.845: [GC [PSYoungGen: 342272K->626K(332672K)] 831045K->489455K(1019648K), 0.0113390 secs] [Times: user=0.06 sys=0.00, real=0.01 secs] 
2014-07-16T04:25:27.153+0000: 3076.241: [GC [PSYoungGen: 332658K->1114K(323840K)] 821487K->490015K(1010816K), 0.0130590 secs] [Times: user=0.07 sys=0.01, real=0.01 secs] 
2014-07-16T04:25:28.357+0000: 3077.446: [GC [PSYoungGen: 323728K->858K(314624K)] 812629K->489807K(1001600K), 0.0124850 secs] [Times: user=0.08 sys=0.00, real=0.02 secs] 
2014-07-16T04:25:29.522+0000: 3078.610: [GC [PSYoungGen: 314586K->662K(340672K)] 803535K->489659K(1027648K), 0.0147250 secs] [Times: user=0.09 sys=0.00, real=0.01 secs] 
2014-07-16T04:25:30.770+0000: 3079.859: [GC [PSYoungGen: 339606K->1262K(330624K)] 828603K->490307K(1017600K), 0.0084660 secs] [Times: user=0.05 sys=0.00, real=0.00 secs] 
2014-07-16T04:25:32.021+0000: 3081.109: [GC [PSYoungGen: 330594K->570K(320704K)] 819639K->490273K(1007680K), 0.0072010 secs] [Times: user=0.05 sys=0.01, real=0.00 secs] 
2014-07-16T04:25:33.231+0000: 3082.319: [GC [PSYoungGen: 320698K->1822K(313152K)] 810401K->491640K(1000128K), 0.0044840 secs] [Times: user=0.02 sys=0.00, real=0.00 secs] 
2014-07-16T04:25:34.380+0000: 3083.469: [GC [PSYoungGen: 313118K->880K(303680K)] 802936K->491052K(990656K), 0.0061100 secs] [Times: user=0.03 sys=0.00, real=0.01 secs] 
2014-07-16T04:25:35.503+0000: 3084.591: [GC [PSYoungGen: 303664K->958K(295616K)] 793836K->491186K(982592K), 0.0056810 secs] [Times: user=0.02 sys=0.00, real=0.00 secs] 
2014-07-16T04:25:36.691+0000: 3085.780: [GC [PSYoungGen: 295582K->1902K(288768K)] 785810K->492226K(975744K), 0.0121760 secs] [Times: user=0.08 sys=0.00, real=0.01 secs] 
2014-07-16T04:25:37.739+0000: 3086.827: [GC [PSYoungGen: 288750K->1404K(280704K)] 779074K->491800K(967680K), 0.0075790 secs] [Times: user=0.04 sys=0.00, real=0.01 secs] 
2014-07-16T04:25:38.728+0000: 3087.817: [GC [PSYoungGen: 280700K->1058K(273152K)] 771096K->491550K(960128K), 0.0087810 secs] [Times: user=0.06 sys=0.00, real=0.01 secs] 
2014-07-16T04:25:39.714+0000: 3088.802: [GC [PSYoungGen: 273122K->1058K(266176K)] 763614K->491614K(953152K), 0.0064250 secs] [Times: user=0.04 sys=0.00, real=0.00 secs] 
2014-07-16T04:25:40.697+0000: 3089.786: [GC [PSYoungGen: 266146K->1364K(259776K)] 756702K->491984K(946752K), 0.0118080 secs] [Times: user=0.07 sys=0.00, real=0.01 secs] 
2014-07-16T04:25:41.653+0000: 3090.741: [GC [PSYoungGen: 259728K->740K(252672K)] 750348K->491479K(939648K), 0.0068670 secs] [Times: user=0.04 sys=0.00, real=0.00 secs] 
2014-07-16T04:25:42.631+0000: 3091.719: [GC [PSYoungGen: 252644K->1236K(246976K)] 743383K->492064K(933952K), 0.0052700 secs] [Times: user=0.02 sys=0.01, real=0.01 secs] 
2014-07-16T04:25:43.530+0000: 3092.618: [GC [PSYoungGen: 246932K->1040K(240832K)] 737760K->491948K(927808K), 0.0040890 secs] [Times: user=0.02 sys=0.00, real=0.01 secs] 
2014-07-16T04:25:44.424+0000: 3093.512: [GC [PSYoungGen: 240784K->1542K(235584K)] 731692K->492514K(922560K), 0.0106050 secs] [Times: user=0.07 sys=0.00, real=0.01 secs] 
2014-07-16T04:25:45.287+0000: 3094.375: [GC [PSYoungGen: 235526K->1500K(230016K)] 726498K->492560K(916992K), 0.0060690 secs] [Times: user=0.04 sys=0.01, real=0.01 secs] 
2014-07-16T04:25:46.102+0000: 3095.191: [GC [PSYoungGen: 229963K->884K(224064K)] 721023K->492290K(911040K), 0.0100900 secs] [Times: user=0.06 sys=0.00, real=0.01 secs] 
2014-07-16T04:25:47.047+0000: 3096.135: [GC [PSYoungGen: 224039K->1214K(219264K)] 715446K->492684K(906240K), 0.0063210 secs] [Times: user=0.02 sys=0.01, real=0.01 secs] 
2014-07-16T04:25:47.788+0000: 3096.877: [GC [PSYoungGen: 219253K->1040K(214144K)] 710724K->492674K(901120K), 0.0101860 secs] [Times: user=0.06 sys=0.00, real=0.01 secs] 
2014-07-16T04:25:48.613+0000: 3097.702: [GC [PSYoungGen: 214096K->950K(209216K)] 705730K->492640K(896192K), 0.0056070 secs] [Times: user=0.03 sys=0.00, real=0.00 secs] 
2014-07-16T04:25:49.387+0000: 3098.475: [GC [PSYoungGen: 209206K->662K(204352K)] 700896K->492424K(891328K), 0.0042500 secs] [Times: user=0.03 sys=0.00, real=0.00 secs] 
2014-07-16T04:25:50.144+0000: 3099.232: [GC [PSYoungGen: 204310K->1204K(200384K)] 696072K->493039K(887360K), 0.0055900 secs] [Times: user=0.02 sys=0.00, real=0.00 secs] 
2014-07-16T04:25:50.872+0000: 3099.960: [GC [PSYoungGen: 200372K->908K(195840K)] 692207K->492814K(882816K), 0.0085170 secs] [Times: user=0.04 sys=0.00, real=0.01 secs] 
2014-07-16T04:25:51.577+0000: 3100.666: [GC [PSYoungGen: 195788K->754K(191488K)] 687694K->492748K(878464K), 0.0071960 secs] [Times: user=0.04 sys=0.00, real=0.01 secs] 
2014-07-16T04:25:52.326+0000: 3101.414: [GC [PSYoungGen: 191474K->1500K(188224K)] 683468K->493567K(875200K), 0.0076720 secs] [Times: user=0.05 sys=0.00, real=0.01 secs] 
2014-07-16T04:25:53.021+0000: 3102.109: [GC [PSYoungGen: 188178K->968K(225088K)] 680245K->493106K(912064K), 0.0121380 secs] [Times: user=0.07 sys=0.01, real=0.01 secs] 
2014-07-16T04:25:53.839+0000: 3102.927: [GC [PSYoungGen: 225032K->1204K(270144K)] 717170K->493465K(957120K), 0.0116050 secs] [Times: user=0.06 sys=0.00, real=0.01 secs] 
2014-07-16T04:25:54.838+0000: 3103.926: [GC [PSYoungGen: 270069K->1250K(321216K)] 762330K->493582K(1008192K), 0.0103210 secs] [Times: user=0.03 sys=0.00, real=0.01 secs] 
2014-07-16T04:25:56.032+0000: 3105.120: [GC [PSYoungGen: 320610K->1186K(311744K)] 812942K->493583K(998720K), 0.0060900 secs] [Times: user=0.03 sys=0.00, real=0.01 secs] 
2014-07-16T04:25:57.254+0000: 3106.342: [GC [PSYoungGen: 311714K->1272K(303360K)] 804111K->493725K(990336K), 0.0062010 secs] [Times: user=0.03 sys=0.00, real=0.01 secs] 
2014-07-16T04:25:58.410+0000: 3107.499: [GC [PSYoungGen: 303351K->1126K(295104K)] 795804K->493923K(982080K), 0.0046470 secs] [Times: user=0.03 sys=0.00, real=0.01 secs] 
2014-07-16T04:25:59.460+0000: 3108.548: [GC [PSYoungGen: 295078K->962K(287168K)] 787875K->493823K(974144K), 0.0037900 secs] [Times: user=0.02 sys=0.00, real=0.00 secs] 
2014-07-16T04:26:00.522+0000: 3109.611: [GC [PSYoungGen: 287099K->1076K(279744K)] 779960K->494217K(966720K), 0.0059780 secs] [Times: user=0.04 sys=0.00, real=0.01 secs] 
2014-07-16T04:26:01.552+0000: 3110.641: [GC [PSYoungGen: 279732K->904K(272384K)] 772873K->494133K(959360K), 0.0071410 secs] [Times: user=0.05 sys=0.00, real=0.01 secs] 
2014-07-16T04:26:02.677+0000: 3111.765: [GC [PSYoungGen: 272322K->994K(265536K)] 765550K->494279K(952512K), 0.0150500 secs] [Times: user=0.11 sys=0.01, real=0.01 secs] 
2014-07-16T04:26:03.656+0000: 3112.744: [GC [PSYoungGen: 265503K->1682K(259584K)] 758788K->495047K(946560K), 0.0147620 secs] [Times: user=0.10 sys=0.00, real=0.01 secs] 
2014-07-16T04:26:04.603+0000: 3113.692: [GC [PSYoungGen: 259538K->738K(252224K)] 752903K->494432K(939200K), 0.0083050 secs] [Times: user=0.05 sys=0.00, real=0.01 secs] 
2014-07-16T04:26:05.541+0000: 3114.630: [GC [PSYoungGen: 252194K->808K(246080K)] 745888K->494590K(933056K), 0.0094920 secs] [Times: user=0.07 sys=0.00, real=0.01 secs] 
2014-07-16T04:26:06.450+0000: 3115.538: [GC [PSYoungGen: 246056K->1392K(240704K)] 739838K->495312K(927680K), 0.0043140 secs] [Times: user=0.02 sys=0.00, real=0.00 secs] 
2014-07-16T04:26:07.448+0000: 3116.536: [GC [PSYoungGen: 240688K->1078K(234624K)] 734608K->495062K(921600K), 0.0048660 secs] [Times: user=0.02 sys=0.00, real=0.00 secs] 
2014-07-16T04:26:08.297+0000: 3117.385: [GC [PSYoungGen: 234565K->594K(228672K)] 728549K->494642K(915648K), 0.0127080 secs] [Times: user=0.09 sys=0.00, real=0.01 secs] 
2014-07-16T04:26:09.222+0000: 3118.311: [GC [PSYoungGen: 228625K->1240K(224000K)] 722673K->495384K(910976K), 0.0106610 secs] [Times: user=0.07 sys=0.00, real=0.01 secs] 
2014-07-16T04:26:10.022+0000: 3119.110: [GC [PSYoungGen: 223880K->1008K(218624K)] 718024K->495224K(905600K), 0.0084780 secs] [Times: user=0.05 sys=0.00, real=0.01 secs] 
2014-07-16T04:26:10.823+0000: 3119.911: [GC [PSYoungGen: 218608K->1218K(262400K)] 712824K->495490K(949376K), 0.0095390 secs] [Times: user=0.06 sys=0.00, real=0.01 secs] 
2014-07-16T04:26:11.801+0000: 3120.889: [GC [PSYoungGen: 262338K->1200K(313600K)] 756610K->495724K(1000576K), 0.0110150 secs] [Times: user=0.08 sys=0.00, real=0.01 secs] 
2014-07-16T04:26:13.032+0000: 3122.121: [GC [PSYoungGen: 313560K->1678K(305600K)] 808084K->496274K(992576K), 0.0077580 secs] [Times: user=0.05 sys=0.01, real=0.01 secs] 
2014-07-16T04:26:14.153+0000: 3123.241: [GC [PSYoungGen: 305550K->114K(295808K)] 800146K->495467K(982784K), 0.0081180 secs] [Times: user=0.05 sys=0.00, real=0.01 secs] 
2014-07-16T04:26:15.244+0000: 3124.332: [GC [PSYoungGen: 295749K->1468K(289280K)] 791103K->496861K(976256K), 0.0080530 secs] [Times: user=0.05 sys=0.00, real=0.01 secs] 
2014-07-16T04:26:16.302+0000: 3125.390: [GC [PSYoungGen: 289276K->772K(281088K)] 784669K->496825K(968064K), 0.0044140 secs] [Times: user=0.02 sys=0.00, real=0.00 secs] 
2014-07-16T04:26:17.425+0000: 3126.514: [GC [PSYoungGen: 281028K->1406K(274368K)] 777081K->497531K(961344K), 0.0090570 secs] [Times: user=0.05 sys=0.00, real=0.01 secs] 
2014-07-16T04:26:18.378+0000: 3127.466: [GC [PSYoungGen: 274318K->990K(267008K)] 770444K->497187K(953984K), 0.0046530 secs] [Times: user=0.03 sys=0.00, real=0.00 secs] 
2014-07-16T04:26:19.390+0000: 3128.478: [GC [PSYoungGen: 266943K->1200K(260480K)] 763140K->497461K(947456K), 0.0135870 secs] [Times: user=0.09 sys=0.01, real=0.01 secs] 
2014-07-16T04:26:20.352+0000: 3129.440: [GC [PSYoungGen: 260464K->562K(253376K)] 756725K->496879K(940352K), 0.0040860 secs] [Times: user=0.01 sys=0.00, real=0.00 secs] 
2014-07-16T04:26:21.281+0000: 3130.370: [GC [PSYoungGen: 253362K->1158K(247808K)] 749679K->497524K(934784K), 0.0070930 secs] [Times: user=0.03 sys=0.00, real=0.01 secs] 
2014-07-16T04:26:22.173+0000: 3131.261: [GC [PSYoungGen: 247741K->1550K(242176K)] 744107K->497972K(929152K), 0.0052740 secs] [Times: user=0.03 sys=0.00, real=0.01 secs] 
2014-07-16T04:26:23.101+0000: 3132.189: [GC [PSYoungGen: 242078K->1122K(235968K)] 738499K->497608K(922944K), 0.0044610 secs] [Times: user=0.03 sys=0.00, real=0.00 secs] 
2014-07-16T04:26:23.956+0000: 3133.044: [GC [PSYoungGen: 235938K->940K(230208K)] 732424K->497481K(917184K), 0.0045250 secs] [Times: user=0.03 sys=0.00, real=0.01 secs] 
2014-07-16T04:26:24.780+0000: 3133.869: [GC [PSYoungGen: 230188K->772K(224704K)] 726729K->497393K(911680K), 0.0079730 secs] [Times: user=0.06 sys=0.00, real=0.01 secs] 
2014-07-16T04:26:25.611+0000: 3134.700: [GC [PSYoungGen: 224644K->712K(219456K)] 721265K->497389K(906432K), 0.0104880 secs] [Times: user=0.08 sys=0.00, real=0.01 secs] 
2014-07-16T04:26:26.418+0000: 3135.507: [GC [PSYoungGen: 219400K->1372K(215104K)] 716077K->498098K(902080K), 0.0080010 secs] [Times: user=0.05 sys=0.00, real=0.01 secs] 
2014-07-16T04:26:27.192+0000: 3136.280: [GC [PSYoungGen: 215062K->712K(209664K)] 711788K->497477K(896640K), 0.0044920 secs] [Times: user=0.02 sys=0.00, real=0.00 secs] 
2014-07-16T04:26:28.071+0000: 3137.160: [GC [PSYoungGen: 209599K->1844K(206080K)] 706365K->498796K(893056K), 0.0076250 secs] [Times: user=0.05 sys=0.01, real=0.01 secs] 
2014-07-16T04:26:28.845+0000: 3137.933: [GC [PSYoungGen: 206022K->1118K(200896K)] 702974K->498150K(887872K), 0.0077840 secs] [Times: user=0.05 sys=0.01, real=0.01 secs] 
2014-07-16T04:26:29.583+0000: 3138.671: [GC [PSYoungGen: 200862K->1814K(241600K)] 697894K->498918K(928576K), 0.0118420 secs] [Times: user=0.08 sys=0.00, real=0.01 secs] 
2014-07-16T04:26:30.469+0000: 3139.557: [GC [PSYoungGen: 241558K->990K(235008K)] 738662K->498149K(921984K), 0.0041150 secs] [Times: user=0.02 sys=0.00, real=0.00 secs] 
2014-07-16T04:26:31.338+0000: 3140.426: [GC [PSYoungGen: 234974K->480K(228992K)] 732133K->497695K(915968K), 0.0086620 secs] [Times: user=0.05 sys=0.00, real=0.01 secs] 
2014-07-16T04:26:32.177+0000: 3141.266: [GC [PSYoungGen: 228913K->1222K(224448K)] 726129K->498526K(911424K), 0.0078510 secs] [Times: user=0.05 sys=0.00, real=0.01 secs] 
2014-07-16T04:26:33.068+0000: 3142.156: [GC [PSYoungGen: 224390K->1004K(219072K)] 721694K->498364K(906048K), 0.0064560 secs] [Times: user=0.04 sys=0.00, real=0.01 secs] 
2014-07-16T04:26:33.864+0000: 3142.952: [GC [PSYoungGen: 219052K->1382K(214464K)] 716412K->498838K(901440K), 0.0043930 secs] [Times: user=0.03 sys=0.00, real=0.00 secs] 
2014-07-16T04:26:34.635+0000: 3143.723: [GC [PSYoungGen: 214438K->858K(209152K)] 711894K->498393K(896128K), 0.0037730 secs] [Times: user=0.02 sys=0.00, real=0.00 secs] 
2014-07-16T04:26:35.412+0000: 3144.500: [GC [PSYoungGen: 209082K->808K(204480K)] 706618K->498391K(891456K), 0.0075640 secs] [Times: user=0.05 sys=0.00, real=0.00 secs] 
2014-07-16T04:26:36.159+0000: 3145.247: [GC [PSYoungGen: 204456K->1204K(200384K)] 702039K->498884K(887360K), 0.0072110 secs] [Times: user=0.05 sys=0.01, real=0.01 secs] 
2014-07-16T04:26:36.880+0000: 3145.968: [GC [PSYoungGen: 200359K->1508K(196416K)] 698039K->499284K(883392K), 0.0043580 secs] [Times: user=0.02 sys=0.00, real=0.00 secs] 
2014-07-16T04:26:37.621+0000: 3146.710: [GC [PSYoungGen: 196388K->1520K(192256K)] 694164K->499368K(879232K), 0.0056390 secs] [Times: user=0.02 sys=0.00, real=0.02 secs] 
2014-07-16T04:26:38.388+0000: 3147.476: [GC [PSYoungGen: 192195K->948K(187648K)] 690043K->499554K(874624K), 0.0068520 secs] [Times: user=0.05 sys=0.00, real=0.01 secs] 
2014-07-16T04:26:39.086+0000: 3148.174: [GC [PSYoungGen: 187636K->1672K(184512K)] 686242K->500400K(871488K), 0.0086020 secs] [Times: user=0.06 sys=0.00, real=0.01 secs] 
2014-07-16T04:26:39.763+0000: 3148.851: [GC [PSYoungGen: 184456K->926K(179968K)] 683184K->500060K(866944K), 0.0075610 secs] [Times: user=0.05 sys=0.01, real=0.00 secs] 
2014-07-16T04:26:40.449+0000: 3149.538: [GC [PSYoungGen: 179933K->1414K(176832K)] 679067K->500612K(863808K), 0.0039150 secs] [Times: user=0.02 sys=0.00, real=0.01 secs] 
2014-07-16T04:26:41.075+0000: 3150.163: [GC [PSYoungGen: 176774K->544K(172416K)] 675972K->499798K(859392K), 0.0051050 secs] [Times: user=0.02 sys=0.00, real=0.00 secs] 
2014-07-16T04:26:41.701+0000: 3150.789: [GC [PSYoungGen: 172384K->794K(169280K)] 671638K->500120K(856256K), 0.0083790 secs] [Times: user=0.05 sys=0.00, real=0.00 secs] 
2014-07-16T04:26:42.332+0000: 3151.420: [GC [PSYoungGen: 169242K->940K(203136K)] 668568K->500354K(890112K), 0.0108890 secs] [Times: user=0.07 sys=0.00, real=0.01 secs] 
2014-07-16T04:26:43.166+0000: 3152.254: [GC [PSYoungGen: 203045K->1272K(243904K)] 702459K->500782K(930880K), 0.0084820 secs] [Times: user=0.05 sys=0.00, real=0.01 secs] 
2014-07-16T04:26:44.005+0000: 3153.093: [GC [PSYoungGen: 243801K->1094K(284160K)] 743311K->500660K(971136K), 0.0085640 secs] [Times: user=0.06 sys=0.00, real=0.01 secs] 
2014-07-16T04:26:45.046+0000: 3154.134: [GC [PSYoungGen: 283181K->876K(275648K)] 782747K->500506K(962624K), 0.0085710 secs] [Times: user=0.05 sys=0.00, real=0.01 secs] 
2014-07-16T04:26:46.067+0000: 3155.155: [GC [PSYoungGen: 275628K->1130K(268864K)] 775258K->501036K(955840K), 0.0068240 secs] [Times: user=0.04 sys=0.00, real=0.01 secs] 
2014-07-16T04:26:47.074+0000: 3156.162: [GC [PSYoungGen: 268842K->1196K(282176K)] 768748K->501166K(969152K), 0.0143060 secs] [Times: user=0.09 sys=0.00, real=0.01 secs] 
2014-07-16T04:26:48.193+0000: 3157.281: [GC [PSYoungGen: 281388K->1286K(274240K)] 781358K->501470K(961216K), 0.0080650 secs] [Times: user=0.05 sys=0.00, real=0.00 secs] 
2014-07-16T04:26:49.172+0000: 3158.260: [GC [PSYoungGen: 274182K->1568K(267520K)] 774366K->501840K(954496K), 0.0070230 secs] [Times: user=0.04 sys=0.01, real=0.01 secs] 
2014-07-16T04:26:50.190+0000: 3159.279: [GC [PSYoungGen: 267413K->952K(260160K)] 767685K->501928K(947136K), 0.0083400 secs] [Times: user=0.06 sys=0.01, real=0.01 secs] 
2014-07-16T04:26:51.173+0000: 3160.261: [GC [PSYoungGen: 260152K->1554K(254336K)] 761128K->502602K(941312K), 0.0076000 secs] [Times: user=0.05 sys=0.00, real=0.00 secs] 
2014-07-16T04:26:52.086+0000: 3161.174: [GC [PSYoungGen: 254290K->1168K(247744K)] 755338K->502412K(934720K), 0.0050500 secs] [Times: user=0.02 sys=0.00, real=0.00 secs] 
2014-07-16T04:26:53.076+0000: 3162.164: [GC [PSYoungGen: 247695K->1514K(242048K)] 748939K->502870K(929024K), 0.0101660 secs] [Times: user=0.07 sys=0.01, real=0.01 secs] 
2014-07-16T04:26:53.933+0000: 3163.022: [GC [PSYoungGen: 241941K->1326K(236096K)] 743297K->502754K(923072K), 0.0074110 secs] [Times: user=0.04 sys=0.00, real=0.00 secs] 
2014-07-16T04:26:54.798+0000: 3163.886: [GC [PSYoungGen: 236078K->704K(229888K)] 737506K->502212K(916864K), 0.0044900 secs] [Times: user=0.02 sys=0.00, real=0.00 secs] 
2014-07-16T04:26:55.655+0000: 3164.743: [GC [PSYoungGen: 229888K->862K(224704K)] 731396K->502418K(911680K), 0.0062110 secs] [Times: user=0.03 sys=0.00, real=0.00 secs] 
2014-07-16T04:26:56.488+0000: 3165.576: [GC [PSYoungGen: 224670K->1200K(219840K)] 726226K->502828K(906816K), 0.0058860 secs] [Times: user=0.02 sys=0.00, real=0.01 secs] 
2014-07-16T04:26:57.290+0000: 3166.378: [GC [PSYoungGen: 219819K->954K(214592K)] 721447K->502670K(901568K), 0.0040000 secs] [Times: user=0.02 sys=0.01, real=0.01 secs] 
2014-07-16T04:26:58.199+0000: 3167.287: [GC [PSYoungGen: 214585K->1182K(210048K)] 716302K->502962K(897024K), 0.0051650 secs] [Times: user=0.02 sys=0.01, real=0.01 secs] 
2014-07-16T04:26:58.969+0000: 3168.057: [GC [PSYoungGen: 210014K->1550K(205760K)] 711794K->503410K(892736K), 0.0064890 secs] [Times: user=0.04 sys=0.00, real=0.01 secs] 
2014-07-16T04:26:59.723+0000: 3168.811: [GC [PSYoungGen: 205710K->690K(200384K)] 707570K->502598K(887360K), 0.0052280 secs] [Times: user=0.02 sys=0.00, real=0.01 secs] 
2014-07-16T04:27:00.488+0000: 3169.576: [GC [PSYoungGen: 200370K->1072K(196416K)] 702278K->503068K(883392K), 0.0038640 secs] [Times: user=0.02 sys=0.00, real=0.00 secs] 
2014-07-16T04:27:01.276+0000: 3170.365: [GC [PSYoungGen: 196400K->1094K(192320K)] 698396K->503146K(879296K), 0.0074470 secs] [Times: user=0.05 sys=0.00, real=0.01 secs] 
2014-07-16T04:27:01.969+0000: 3171.057: [GC [PSYoungGen: 192262K->658K(187840K)] 694314K->502774K(874816K), 0.0087860 secs] [Times: user=0.06 sys=0.00, real=0.01 secs] 
2014-07-16T04:27:02.650+0000: 3171.739: [GC [PSYoungGen: 187765K->1186K(184448K)] 689882K->503358K(871424K), 0.0057990 secs] [Times: user=0.02 sys=0.00, real=0.01 secs] 
2014-07-16T04:27:03.375+0000: 3172.463: [GC [PSYoungGen: 184418K->868K(180352K)] 686590K->503128K(867328K), 0.0063200 secs] [Times: user=0.03 sys=0.00, real=0.00 secs] 
2014-07-16T04:27:04.050+0000: 3173.138: [GC [PSYoungGen: 180313K->1278K(177088K)] 682574K->503602K(864064K), 0.0054460 secs] [Times: user=0.02 sys=0.00, real=0.01 secs] 
2014-07-16T04:27:04.687+0000: 3173.775: [GC [PSYoungGen: 177086K->1264K(173568K)] 679410K->503660K(860544K), 0.0077680 secs] [Times: user=0.05 sys=0.00, real=0.01 secs] 
2014-07-16T04:27:05.317+0000: 3174.405: [GC [PSYoungGen: 173552K->954K(169856K)] 675948K->503406K(856832K), 0.0041610 secs] [Times: user=0.02 sys=0.00, real=0.00 secs] 
2014-07-16T04:27:05.938+0000: 3175.026: [GC [PSYoungGen: 169845K->1398K(166976K)] 672297K->504012K(853952K), 0.0044010 secs] [Times: user=0.02 sys=0.00, real=0.00 secs] 
2014-07-16T04:27:06.554+0000: 3175.642: [GC [PSYoungGen: 166966K->954K(163328K)] 669580K->503680K(850304K), 0.0084090 secs] [Times: user=0.05 sys=0.01, real=0.01 secs] 
2014-07-16T04:27:07.161+0000: 3176.249: [GC [PSYoungGen: 163322K->1018K(160256K)] 666048K->503842K(847232K), 0.0046480 secs] [Times: user=0.02 sys=0.00, real=0.01 secs] 
2014-07-16T04:27:07.752+0000: 3176.840: [GC [PSYoungGen: 160239K->1222K(192384K)] 663063K->504118K(879360K), 0.0096900 secs] [Times: user=0.05 sys=0.01, real=0.01 secs] 
2014-07-16T04:27:08.514+0000: 3177.602: [GC [PSYoungGen: 192326K->1026K(188160K)] 695222K->503978K(875136K), 0.0056450 secs] [Times: user=0.03 sys=0.00, real=0.01 secs] 
2014-07-16T04:27:09.207+0000: 3178.295: [GC [PSYoungGen: 188098K->676K(183872K)] 691050K->503668K(870848K), 0.0063480 secs] [Times: user=0.03 sys=0.00, real=0.00 secs] 
2014-07-16T04:27:09.893+0000: 3178.982: [GC [PSYoungGen: 183844K->1012K(220864K)] 686836K->504068K(907840K), 0.0093270 secs] [Times: user=0.06 sys=0.00, real=0.01 secs] 
2014-07-16T04:27:10.709+0000: 3179.797: [GC [PSYoungGen: 220852K->736K(264576K)] 723908K->503896K(951552K), 0.0075090 secs] [Times: user=0.06 sys=0.00, real=0.01 secs] 
2014-07-16T04:27:11.781+0000: 3180.869: [GC [PSYoungGen: 264481K->1468K(258624K)] 767642K->504716K(945600K), 0.0085090 secs] [Times: user=0.06 sys=0.00, real=0.01 secs] 
2014-07-16T04:27:12.684+0000: 3181.773: [GC [PSYoungGen: 258620K->1140K(251904K)] 761868K->504484K(938880K), 0.0051840 secs] [Times: user=0.02 sys=0.00, real=0.01 secs] 
2014-07-16T04:27:13.719+0000: 3182.807: [GC [PSYoungGen: 251866K->1004K(245632K)] 755210K->504552K(932608K), 0.0102100 secs] [Times: user=0.06 sys=0.00, real=0.01 secs] 
2014-07-16T04:27:14.596+0000: 3183.684: [GC [PSYoungGen: 245612K->658K(239360K)] 749160K->504278K(926336K), 0.0112640 secs] [Times: user=0.07 sys=0.00, real=0.02 secs] 
2014-07-16T04:27:15.461+0000: 3184.549: [GC [PSYoungGen: 239314K->608K(233600K)] 742934K->504308K(920576K), 0.0049730 secs] [Times: user=0.03 sys=0.00, real=0.00 secs] 
2014-07-16T04:27:16.323+0000: 3185.411: [GC [PSYoungGen: 233530K->1658K(229120K)] 737230K->505430K(916096K), 0.0101560 secs] [Times: user=0.07 sys=0.00, real=0.01 secs] 
2014-07-16T04:27:17.197+0000: 3186.286: [GC [PSYoungGen: 229114K->1204K(274176K)] 732886K->505098K(961152K), 0.0139790 secs] [Times: user=0.09 sys=0.00, real=0.01 secs] 
2014-07-16T04:27:18.232+0000: 3187.320: [GC [PSYoungGen: 274153K->1176K(296192K)] 778048K->505118K(983168K), 0.0083130 secs] [Times: user=0.05 sys=0.00, real=0.01 secs] 
2014-07-16T04:27:19.303+0000: 3188.391: [GC [PSYoungGen: 295399K->1300K(287808K)] 799342K->505370K(974784K), 0.0046040 secs] [Times: user=0.02 sys=0.00, real=0.01 secs] 
2014-07-16T04:27:20.378+0000: 3189.466: [GC [PSYoungGen: 287764K->1150K(280128K)] 791834K->505292K(967104K), 0.0075010 secs] [Times: user=0.04 sys=0.00, real=0.00 secs] 
2014-07-16T04:27:21.412+0000: 3190.500: [GC [PSYoungGen: 280126K->946K(272704K)] 784268K->505144K(959680K), 0.0102200 secs] [Times: user=0.06 sys=0.00, real=0.01 secs] 
2014-07-16T04:27:22.458+0000: 3191.547: [GC [PSYoungGen: 272688K->1132K(265984K)] 776887K->505394K(952960K), 0.0060270 secs] [Times: user=0.03 sys=0.00, real=0.00 secs] 
2014-07-16T04:27:23.541+0000: 3192.629: [GC [PSYoungGen: 265964K->1514K(259712K)] 770226K->505880K(946688K), 0.0149520 secs] [Times: user=0.09 sys=0.00, real=0.01 secs] 
2014-07-16T04:27:24.457+0000: 3193.545: [GC [PSYoungGen: 259643K->976K(310848K)] 764010K->505390K(997824K), 0.0140490 secs] [Times: user=0.07 sys=0.00, real=0.01 secs] 
2014-07-16T04:27:25.601+0000: 3194.689: [GC [PSYoungGen: 310790K->1172K(302592K)] 815205K->505866K(989568K), 0.0058790 secs] [Times: user=0.02 sys=0.00, real=0.00 secs] 
2014-07-16T04:27:26.755+0000: 3195.843: [GC [PSYoungGen: 302528K->862K(294208K)] 807223K->505620K(981184K), 0.0097760 secs] [Times: user=0.06 sys=0.00, real=0.01 secs] 
2014-07-16T04:27:27.805+0000: 3196.893: [GC [PSYoungGen: 294170K->1172K(286784K)] 798929K->505986K(973760K), 0.0046290 secs] [Times: user=0.02 sys=0.00, real=0.01 secs] 
2014-07-16T04:27:28.898+0000: 3197.987: [GC [PSYoungGen: 286740K->1118K(279232K)] 791554K->506012K(966208K), 0.0044320 secs] [Times: user=0.02 sys=0.00, real=0.00 secs] 
2014-07-16T04:27:29.919+0000: 3199.007: [GC [PSYoungGen: 279198K->1136K(272064K)] 784092K->506142K(959040K), 0.0085870 secs] [Times: user=0.05 sys=0.00, real=0.00 secs] 
2014-07-16T04:27:30.919+0000: 3200.007: [GC [PSYoungGen: 272048K->926K(264960K)] 777054K->506012K(951936K), 0.0083810 secs] [Times: user=0.06 sys=0.00, real=0.00 secs] 
2014-07-16T04:27:31.935+0000: 3201.024: [GC [PSYoungGen: 264906K->1026K(258432K)] 769992K->506184K(945408K), 0.0081930 secs] [Times: user=0.06 sys=0.00, real=0.01 secs] 
2014-07-16T04:27:32.951+0000: 3202.039: [GC [PSYoungGen: 258359K->822K(251776K)] 763518K->506076K(938752K), 0.0060180 secs] [Times: user=0.03 sys=0.00, real=0.00 secs] 
2014-07-16T04:27:33.931+0000: 3203.019: [GC [PSYoungGen: 251721K->1058K(245888K)] 756976K->506384K(932864K), 0.0071900 secs] [Times: user=0.05 sys=0.00, real=0.00 secs] 
2014-07-16T04:27:34.819+0000: 3203.908: [GC [PSYoungGen: 245839K->1482K(240384K)] 751166K->506888K(927360K), 0.0053710 secs] [Times: user=0.02 sys=0.01, real=0.00 secs] 
2014-07-16T04:27:35.720+0000: 3204.808: [GC [PSYoungGen: 240326K->502K(233664K)] 745733K->506551K(920640K), 0.0070380 secs] [Times: user=0.04 sys=0.01, real=0.00 secs] 
2014-07-16T04:27:36.562+0000: 3205.650: [GC [PSYoungGen: 233654K->1450K(229120K)] 739703K->507638K(916096K), 0.0076660 secs] [Times: user=0.04 sys=0.01, real=0.01 secs] 
2014-07-16T04:27:37.411+0000: 3206.500: [GC [PSYoungGen: 229065K->1026K(223424K)] 735253K->507634K(910400K), 0.0070560 secs] [Times: user=0.03 sys=0.01, real=0.00 secs] 
2014-07-16T04:27:38.252+0000: 3207.340: [GC [PSYoungGen: 223332K->1264K(218496K)] 729940K->507928K(905472K), 0.0044950 secs] [Times: user=0.03 sys=0.00, real=0.00 secs] 
2014-07-16T04:27:39.111+0000: 3208.199: [GC [PSYoungGen: 218480K->1012K(213312K)] 725144K->507970K(900288K), 0.0055180 secs] [Times: user=0.02 sys=0.00, real=0.00 secs] 
2014-07-16T04:27:39.851+0000: 3208.939: [GC [PSYoungGen: 213297K->758K(208320K)] 720255K->507772K(895296K), 0.0085270 secs] [Times: user=0.04 sys=0.00, real=0.00 secs] 
2014-07-16T04:27:40.623+0000: 3209.712: [GC [PSYoungGen: 208310K->872K(203840K)] 715324K->507990K(890816K), 0.0067310 secs] [Times: user=0.04 sys=0.00, real=0.01 secs] 
2014-07-16T04:27:41.378+0000: 3210.466: [GC [PSYoungGen: 203816K->1058K(199616K)] 710934K->508264K(886592K), 0.0041160 secs] [Times: user=0.02 sys=0.00, real=0.01 secs] 
2014-07-16T04:27:42.110+0000: 3211.198: [GC [PSYoungGen: 199586K->776K(195072K)] 706792K->508022K(882048K), 0.0062860 secs] [Times: user=0.02 sys=0.00, real=0.00 secs] 
2014-07-16T04:27:42.886+0000: 3211.974: [GC [PSYoungGen: 195016K->1454K(191552K)] 702262K->508780K(878528K), 0.0040090 secs] [Times: user=0.02 sys=0.00, real=0.00 secs] 
2014-07-16T04:27:43.572+0000: 3212.660: [GC [PSYoungGen: 191534K->644K(228800K)] 698860K->508042K(915776K), 0.0141520 secs] [Times: user=0.10 sys=0.00, real=0.01 secs] 
2014-07-16T04:27:44.472+0000: 3213.560: [GC [PSYoungGen: 228711K->954K(223744K)] 736109K->508440K(910720K), 0.0068740 secs] [Times: user=0.04 sys=0.01, real=0.00 secs] 
2014-07-16T04:27:45.283+0000: 3214.371: [GC [PSYoungGen: 223701K->1646K(219328K)] 731187K->509312K(906304K), 0.0053570 secs] [Times: user=0.03 sys=0.00, real=0.00 secs] 
2014-07-16T04:27:46.091+0000: 3215.180: [GC [PSYoungGen: 219310K->1892K(214656K)] 726976K->509810K(901632K), 0.0073440 secs] [Times: user=0.03 sys=0.01, real=0.00 secs] 
2014-07-16T04:27:46.866+0000: 3215.954: [GC [PSYoungGen: 214628K->320K(208256K)] 722546K->508718K(895232K), 0.0041010 secs] [Times: user=0.02 sys=0.00, real=0.00 secs] 
2014-07-16T04:27:47.643+0000: 3216.731: [GC [PSYoungGen: 208256K->1104K(204480K)] 716654K->509566K(891456K), 0.0098160 secs] [Times: user=0.07 sys=0.00, real=0.01 secs] 
2014-07-16T04:27:48.404+0000: 3217.493: [GC [PSYoungGen: 204428K->1244K(200128K)] 712890K->509944K(887104K), 0.0081180 secs] [Times: user=0.05 sys=0.00, real=0.01 secs] 
2014-07-16T04:27:49.182+0000: 3218.271: [GC [PSYoungGen: 200092K->1600K(240320K)] 708792K->510380K(927296K), 0.0105440 secs] [Times: user=0.07 sys=0.00, real=0.01 secs] 
2014-07-16T04:27:50.045+0000: 3219.134: [GC [PSYoungGen: 240227K->1194K(287616K)] 749007K->510290K(974592K), 0.0123450 secs] [Times: user=0.08 sys=0.00, real=0.01 secs] 
2014-07-16T04:27:51.102+0000: 3220.190: [GC [PSYoungGen: 287588K->1468K(308416K)] 796685K->510644K(995392K), 0.0076240 secs] [Times: user=0.05 sys=0.00, real=0.00 secs] 
2014-07-16T04:27:52.228+0000: 3221.316: [GC [PSYoungGen: 307772K->1736K(345664K)] 816948K->511216K(1032640K), 0.0129870 secs] [Times: user=0.08 sys=0.00, real=0.01 secs] 
2014-07-16T04:27:53.615+0000: 3222.704: [GC [PSYoungGen: 345288K->926K(334720K)] 854768K->510470K(1021696K), 0.0081930 secs] [Times: user=0.06 sys=0.01, real=0.01 secs] 
2014-07-16T04:27:54.878+0000: 3223.966: [GC [PSYoungGen: 334686K->1332K(325696K)] 844230K->511056K(1012672K), 0.0059260 secs] [Times: user=0.03 sys=0.00, real=0.01 secs] 
2014-07-16T04:27:56.095+0000: 3225.183: [GC [PSYoungGen: 325677K->1492K(316864K)] 835401K->511312K(1003840K), 0.0074160 secs] [Times: user=0.04 sys=0.01, real=0.01 secs] 
2014-07-16T04:27:57.252+0000: 3226.340: [GC [PSYoungGen: 316820K->1086K(307776K)] 826640K->510986K(994752K), 0.0124570 secs] [Times: user=0.08 sys=0.01, real=0.01 secs] 
2014-07-16T04:27:58.380+0000: 3227.468: [GC [PSYoungGen: 307759K->1090K(299520K)] 817659K->511062K(986496K), 0.0047160 secs] [Times: user=0.02 sys=0.00, real=0.01 secs] 
2014-07-16T04:27:59.571+0000: 3228.659: [GC [PSYoungGen: 299458K->1486K(291904K)] 809430K->511570K(978880K), 0.0069720 secs] [Times: user=0.04 sys=0.00, real=0.01 secs] 
2014-07-16T04:28:00.661+0000: 3229.749: [GC [PSYoungGen: 291854K->812K(283520K)] 801938K->510952K(970496K), 0.0148470 secs] [Times: user=0.09 sys=0.00, real=0.02 secs] 
2014-07-16T04:28:01.695+0000: 3230.783: [GC [PSYoungGen: 283500K->1158K(276544K)] 793640K->511354K(963520K), 0.0150740 secs] [Times: user=0.10 sys=0.00, real=0.01 secs] 
2014-07-16T04:28:02.721+0000: 3231.809: [GC [PSYoungGen: 276486K->548K(268800K)] 786682K->510784K(955776K), 0.0091390 secs] [Times: user=0.06 sys=0.00, real=0.01 secs] 
2014-07-16T04:28:03.787+0000: 3232.876: [GC [PSYoungGen: 268674K->1486K(262976K)] 778911K->511818K(949952K), 0.0064390 secs] [Times: user=0.04 sys=0.00, real=0.01 secs] 
2014-07-16T04:28:04.856+0000: 3233.944: [GC [PSYoungGen: 262926K->658K(255616K)] 773258K->511022K(942592K), 0.0063670 secs] [Times: user=0.03 sys=0.00, real=0.00 secs] 
2014-07-16T04:28:05.796+0000: 3234.884: [GC [PSYoungGen: 255558K->744K(249344K)] 765922K->511164K(936320K), 0.0068940 secs] [Times: user=0.05 sys=0.00, real=0.00 secs] 
2014-07-16T04:28:06.744+0000: 3235.832: [GC [PSYoungGen: 249273K->608K(243136K)] 759693K->511092K(930112K), 0.0083580 secs] [Times: user=0.05 sys=0.00, real=0.00 secs] 
2014-07-16T04:28:07.632+0000: 3236.720: [GC [PSYoungGen: 243104K->644K(237376K)] 753588K->511176K(924352K), 0.0043170 secs] [Times: user=0.02 sys=0.00, real=0.01 secs] 
2014-07-16T04:28:08.533+0000: 3237.621: [GC [PSYoungGen: 237315K->1254K(232320K)] 747847K->511842K(919296K), 0.0046950 secs] [Times: user=0.03 sys=0.00, real=0.01 secs] 
2014-07-16T04:28:09.437+0000: 3238.525: [GC [PSYoungGen: 232294K->1340K(226944K)] 742882K->512024K(913920K), 0.0078470 secs] [Times: user=0.05 sys=0.00, real=0.01 secs] 
2014-07-16T04:28:10.268+0000: 3239.356: [GC [PSYoungGen: 226840K->1212K(221568K)] 737525K->511960K(908544K), 0.0087970 secs] [Times: user=0.05 sys=0.01, real=0.01 secs] 
2014-07-16T04:28:11.103+0000: 3240.191: [GC [PSYoungGen: 221564K->1326K(216640K)] 732312K->512154K(903616K), 0.0066310 secs] [Times: user=0.04 sys=0.00, real=0.01 secs] 
2014-07-16T04:28:11.900+0000: 3240.988: [GC [PSYoungGen: 216577K->1294K(211776K)] 727406K->512186K(898752K), 0.0053080 secs] [Times: user=0.03 sys=0.00, real=0.01 secs] 
2014-07-16T04:28:12.690+0000: 3241.779: [GC [PSYoungGen: 211726K->972K(253568K)] 722618K->511944K(940544K), 0.0210510 secs] [Times: user=0.15 sys=0.00, real=0.02 secs] 
2014-07-16T04:28:13.633+0000: 3242.721: [GC [PSYoungGen: 253449K->1068K(304192K)] 764421K->512128K(991168K), 0.0162810 secs] [Times: user=0.10 sys=0.00, real=0.02 secs] 
2014-07-16T04:28:14.867+0000: 3243.955: [GC [PSYoungGen: 304156K->922K(327168K)] 815217K->512070K(1014144K), 0.0080490 secs] [Times: user=0.05 sys=0.01, real=0.00 secs] 
2014-07-16T04:28:16.097+0000: 3245.185: [GC [PSYoungGen: 326298K->1022K(327168K)] 837446K->512226K(1014144K), 0.0095240 secs] [Times: user=0.05 sys=0.00, real=0.01 secs] 
2014-07-16T04:28:17.304+0000: 3246.392: [GC [PSYoungGen: 326398K->822K(317184K)] 837602K->512130K(1004160K), 0.0086210 secs] [Times: user=0.06 sys=0.00, real=0.01 secs] 
2014-07-16T04:28:18.489+0000: 3247.577: [GC [PSYoungGen: 317174K->1190K(308864K)] 828482K->512610K(995840K), 0.0076480 secs] [Times: user=0.04 sys=0.01, real=0.01 secs] 
2014-07-16T04:28:19.692+0000: 3248.781: [GC [PSYoungGen: 308838K->1218K(300608K)] 820258K->512710K(987584K), 0.0077750 secs] [Times: user=0.05 sys=0.00, real=0.01 secs] 
2014-07-16T04:28:20.783+0000: 3249.872: [GC [PSYoungGen: 300500K->1314K(292672K)] 811993K->512894K(979648K), 0.0069810 secs] [Times: user=0.03 sys=0.00, real=0.01 secs] 
2014-07-16T04:28:21.845+0000: 3250.933: [GC [PSYoungGen: 292642K->880K(284544K)] 804222K->512712K(971520K), 0.0085740 secs] [Times: user=0.04 sys=0.00, real=0.01 secs] 
2014-07-16T04:28:22.890+0000: 3251.978: [GC [PSYoungGen: 284528K->972K(277248K)] 796360K->512860K(964224K), 0.0079120 secs] [Times: user=0.05 sys=0.00, real=0.01 secs] 
2014-07-16T04:28:23.965+0000: 3253.054: [GC [PSYoungGen: 277187K->1076K(270208K)] 789076K->513078K(957184K), 0.0040490 secs] [Times: user=0.02 sys=0.00, real=0.01 secs] 
2014-07-16T04:28:25.054+0000: 3254.142: [GC [PSYoungGen: 270196K->904K(263232K)] 782198K->512986K(950208K), 0.0121810 secs] [Times: user=0.08 sys=0.00, real=0.01 secs] 
2014-07-16T04:28:26.021+0000: 3255.110: [GC [PSYoungGen: 263141K->950K(256640K)] 775224K->513104K(943616K), 0.0124090 secs] [Times: user=0.08 sys=0.00, real=0.01 secs] 
2014-07-16T04:28:26.971+0000: 3256.059: [GC [PSYoungGen: 256630K->944K(250304K)] 768784K->513178K(937280K), 0.0078080 secs] [Times: user=0.05 sys=0.00, real=0.01 secs] 
2014-07-16T04:28:27.903+0000: 3256.991: [GC [PSYoungGen: 250288K->972K(244288K)] 762522K->513278K(931264K), 0.0092710 secs] [Times: user=0.06 sys=0.00, real=0.01 secs] 
2014-07-16T04:28:28.807+0000: 3257.895: [GC [PSYoungGen: 244236K->1454K(238848K)] 756542K->513832K(925824K), 0.0071360 secs] [Times: user=0.05 sys=0.00, real=0.01 secs] 
2014-07-16T04:28:29.796+0000: 3258.885: [GC [PSYoungGen: 238830K->484K(285376K)] 751208K->513470K(972352K), 0.0142600 secs] [Times: user=0.10 sys=0.00, real=0.02 secs] 
2014-07-16T04:28:30.837+0000: 3259.925: [GC [PSYoungGen: 285348K->780K(278272K)] 798334K->513814K(965248K), 0.0049840 secs] [Times: user=0.02 sys=0.00, real=0.01 secs] 
2014-07-16T04:28:31.925+0000: 3261.013: [GC [PSYoungGen: 278220K->1408K(271744K)] 791254K->514764K(958720K), 0.0092260 secs] [Times: user=0.06 sys=0.01, real=0.01 secs] 
2014-07-16T04:28:32.913+0000: 3262.001: [GC [PSYoungGen: 271680K->1286K(264704K)] 785036K->514714K(951680K), 0.0089240 secs] [Times: user=0.06 sys=0.00, real=0.01 secs] 
2014-07-16T04:28:33.861+0000: 3262.950: [GC [PSYoungGen: 264646K->570K(257344K)] 778074K->514419K(944320K), 0.0069940 secs] [Times: user=0.05 sys=0.00, real=0.01 secs] 
2014-07-16T04:28:34.992+0000: 3264.081: [GC [PSYoungGen: 257338K->1644K(252032K)] 771187K->515665K(939008K), 0.0125610 secs] [Times: user=0.07 sys=0.00, real=0.01 secs] 
2014-07-16T04:28:35.862+0000: 3264.950: [GC [PSYoungGen: 252012K->890K(245120K)] 766033K->515149K(932096K), 0.0100070 secs] [Times: user=0.07 sys=0.00, real=0.01 secs] 
2014-07-16T04:28:36.757+0000: 3265.845: [GC [PSYoungGen: 245114K->976K(294144K)] 759373K->515307K(981120K), 0.0161560 secs] [Times: user=0.11 sys=0.00, real=0.02 secs] 
2014-07-16T04:28:37.818+0000: 3266.907: [GC [PSYoungGen: 294096K->922K(352704K)] 808427K->515341K(1039680K), 0.0087700 secs] [Times: user=0.06 sys=0.00, real=0.01 secs] 
2014-07-16T04:28:39.132+0000: 3268.220: [GC [PSYoungGen: 352666K->1040K(342720K)] 867085K->515547K(1029696K), 0.0083400 secs] [Times: user=0.05 sys=0.00, real=0.01 secs] 
2014-07-16T04:28:40.409+0000: 3269.497: [GC [PSYoungGen: 342670K->836K(332800K)] 857178K->515439K(1019776K), 0.0057960 secs] [Times: user=0.04 sys=0.01, real=0.00 secs] 
2014-07-16T04:28:41.648+0000: 3270.736: [GC [PSYoungGen: 332740K->580K(323264K)] 847343K->515239K(1010240K), 0.0112000 secs] [Times: user=0.08 sys=0.00, real=0.02 secs] 
2014-07-16T04:28:42.833+0000: 3271.922: [GC [PSYoungGen: 323204K->658K(314368K)] 837863K->515373K(1001344K), 0.0060090 secs] [Times: user=0.03 sys=0.00, real=0.01 secs] 
2014-07-16T04:28:44.025+0000: 3273.113: [GC [PSYoungGen: 314322K->1372K(306496K)] 829037K->516151K(993472K), 0.0095470 secs] [Times: user=0.05 sys=0.00, real=0.01 secs] 
2014-07-16T04:28:45.329+0000: 3274.417: [GC [PSYoungGen: 306460K->1204K(298048K)] 821239K->516047K(985024K), 0.0098460 secs] [Times: user=0.07 sys=0.00, real=0.01 secs] 
2014-07-16T04:28:46.412+0000: 3275.500: [GC [PSYoungGen: 298036K->1280K(290240K)] 812879K->516187K(977216K), 0.0094260 secs] [Times: user=0.06 sys=0.00, real=0.01 secs] 
2014-07-16T04:28:47.501+0000: 3276.590: [GC [PSYoungGen: 290176K->1058K(282368K)] 805083K->516029K(969344K), 0.0048910 secs] [Times: user=0.03 sys=0.01, real=0.00 secs] 
2014-07-16T04:28:48.510+0000: 3277.598: [GC [PSYoungGen: 282338K->1148K(275136K)] 797309K->516199K(962112K), 0.0059740 secs] [Times: user=0.04 sys=0.00, real=0.01 secs] 
2014-07-16T04:28:49.534+0000: 3278.622: [GC [PSYoungGen: 275099K->926K(267904K)] 790151K->516041K(954880K), 0.0085040 secs] [Times: user=0.06 sys=0.00, real=0.01 secs] 
2014-07-16T04:28:50.578+0000: 3279.666: [GC [PSYoungGen: 267870K->704K(260864K)] 782985K->515899K(947840K), 0.0110520 secs] [Times: user=0.08 sys=0.00, real=0.01 secs] 
2014-07-16T04:28:51.549+0000: 3280.637: [GC [PSYoungGen: 260864K->1368K(255040K)] 776059K->516643K(942016K), 0.0067460 secs] [Times: user=0.04 sys=0.00, real=0.01 secs] 
2014-07-16T04:28:52.491+0000: 3281.579: [GC [PSYoungGen: 254963K->1086K(248448K)] 770239K->516473K(935424K), 0.0078330 secs] [Times: user=0.05 sys=0.00, real=0.00 secs] 
2014-07-16T04:28:53.413+0000: 3282.501: [GC [PSYoungGen: 248410K->1022K(242368K)] 763798K->516513K(929344K), 0.0067990 secs] [Times: user=0.05 sys=0.00, real=0.00 secs] 
2014-07-16T04:28:54.305+0000: 3283.393: [GC [PSYoungGen: 242327K->1136K(236672K)] 757819K->516691K(923648K), 0.0042800 secs] [Times: user=0.01 sys=0.00, real=0.00 secs] 
2014-07-16T04:28:55.256+0000: 3284.344: [GC [PSYoungGen: 236647K->1198K(231168K)] 752202K->517105K(918144K), 0.0064690 secs] [Times: user=0.04 sys=0.00, real=0.01 secs] 
2014-07-16T04:28:56.138+0000: 3285.226: [GC [PSYoungGen: 231098K->1698K(226304K)] 747006K->517789K(913280K), 0.0084620 secs] [Times: user=0.06 sys=0.00, real=0.01 secs] 
2014-07-16T04:28:56.959+0000: 3286.047: [GC [PSYoungGen: 226274K->570K(219968K)] 742365K->517185K(906944K), 0.0061390 secs] [Times: user=0.03 sys=0.01, real=0.01 secs] 
2014-07-16T04:28:57.764+0000: 3286.852: [GC [PSYoungGen: 219962K->904K(215360K)] 736577K->517591K(902336K), 0.0109580 secs] [Times: user=0.07 sys=0.00, real=0.01 secs] 
2014-07-16T04:28:58.553+0000: 3287.641: [GC [PSYoungGen: 215304K->762K(210304K)] 731991K->517687K(897280K), 0.0059560 secs] [Times: user=0.04 sys=0.00, real=0.00 secs] 
2014-07-16T04:28:59.330+0000: 3288.419: [GC [PSYoungGen: 210298K->1826K(206720K)] 727223K->518866K(893696K), 0.0066570 secs] [Times: user=0.04 sys=0.00, real=0.01 secs] 
2014-07-16T04:29:00.170+0000: 3289.258: [GC [PSYoungGen: 206689K->1134K(201536K)] 723729K->518417K(888512K), 0.0042550 secs] [Times: user=0.02 sys=0.00, real=0.01 secs] 
2014-07-16T04:29:00.879+0000: 3289.967: [GC [PSYoungGen: 201488K->944K(196992K)] 718772K->518267K(883968K), 0.0094890 secs] [Times: user=0.05 sys=0.00, real=0.01 secs] 
2014-07-16T04:29:01.615+0000: 3290.703: [GC [PSYoungGen: 196976K->1746K(237056K)] 714299K->519316K(924032K), 0.0123170 secs] [Times: user=0.09 sys=0.00, real=0.01 secs] 
2014-07-16T04:29:02.486+0000: 3291.574: [GC [PSYoungGen: 236987K->1350K(283776K)] 754557K->518991K(970752K), 0.0135580 secs] [Times: user=0.08 sys=0.00, real=0.01 secs] 
2014-07-16T04:29:03.543+0000: 3292.632: [GC [PSYoungGen: 283718K->1190K(340096K)] 801359K->519083K(1027072K), 0.0070930 secs] [Times: user=0.04 sys=0.00, real=0.00 secs] 
2014-07-16T04:29:04.788+0000: 3293.876: [GC [PSYoungGen: 340056K->830K(330112K)] 857949K->518763K(1017088K), 0.0048440 secs] [Times: user=0.02 sys=0.00, real=0.00 secs] 
2014-07-16T04:29:06.184+0000: 3295.272: [GC [PSYoungGen: 330110K->1498K(321600K)] 848043K->519503K(1008576K), 0.0057950 secs] [Times: user=0.03 sys=0.00, real=0.00 secs] 
2014-07-16T04:29:07.370+0000: 3296.459: [GC [PSYoungGen: 321561K->840K(312128K)] 839567K->518949K(999104K), 0.0086170 secs] [Times: user=0.06 sys=0.01, real=0.01 secs] 
2014-07-16T04:29:08.529+0000: 3297.618: [GC [PSYoungGen: 312072K->1244K(304000K)] 830181K->519402K(990976K), 0.0037880 secs] [Times: user=0.02 sys=0.00, real=0.01 secs] 
2014-07-16T04:29:09.662+0000: 3298.750: [GC [PSYoungGen: 303964K->1272K(295872K)] 822122K->519518K(982848K), 0.0088010 secs] [Times: user=0.05 sys=0.00, real=0.01 secs] 
2014-07-16T04:29:10.823+0000: 3299.911: [GC [PSYoungGen: 295840K->1304K(288128K)] 814085K->519614K(975104K), 0.0098310 secs] [Times: user=0.06 sys=0.00, real=0.01 secs] 
2014-07-16T04:29:11.883+0000: 3300.971: [GC [PSYoungGen: 288088K->976K(280256K)] 806398K->519350K(967232K), 0.0112880 secs] [Times: user=0.08 sys=0.01, real=0.02 secs] 
2014-07-16T04:29:12.925+0000: 3302.014: [GC [PSYoungGen: 280208K->548K(272576K)] 798582K->518985K(959552K), 0.0087950 secs] [Times: user=0.06 sys=0.00, real=0.01 secs] 
2014-07-16T04:29:13.937+0000: 3303.025: [GC [PSYoungGen: 272539K->854K(265920K)] 790977K->519363K(952896K), 0.0090450 secs] [Times: user=0.05 sys=0.00, real=0.01 secs] 
2014-07-16T04:29:14.930+0000: 3304.018: [GC [PSYoungGen: 265878K->932K(259328K)] 784387K->519521K(946304K), 0.0050730 secs] [Times: user=0.03 sys=0.00, real=0.01 secs] 
2014-07-16T04:29:16.034+0000: 3305.122: [GC [PSYoungGen: 259284K->1318K(253248K)] 777874K->520012K(940224K), 0.0091220 secs] [Times: user=0.05 sys=0.00, real=0.00 secs] 
2014-07-16T04:29:17.037+0000: 3306.125: [GC [PSYoungGen: 253222K->1108K(246848K)] 771916K->519849K(933824K), 0.0106990 secs] [Times: user=0.07 sys=0.00, real=0.01 secs] 
2014-07-16T04:29:17.920+0000: 3307.009: [GC [PSYoungGen: 246804K->1090K(240896K)] 765545K->519911K(927872K), 0.0101620 secs] [Times: user=0.07 sys=0.00, real=0.01 secs] 
2014-07-16T04:29:18.801+0000: 3307.890: [GC [PSYoungGen: 240834K->940K(234944K)] 759655K->519825K(921920K), 0.0058980 secs] [Times: user=0.03 sys=0.00, real=0.01 secs] 
2014-07-16T04:29:19.665+0000: 3308.753: [GC [PSYoungGen: 234924K->1108K(229632K)] 753809K->520074K(916608K), 0.0082910 secs] [Times: user=0.05 sys=0.00, real=0.00 secs] 
2014-07-16T04:29:20.609+0000: 3309.698: [GC [PSYoungGen: 229588K->708K(223936K)] 748554K->519745K(910912K), 0.0105130 secs] [Times: user=0.07 sys=0.00, real=0.01 secs] 
2014-07-16T04:29:21.437+0000: 3310.525: [GC [PSYoungGen: 223873K->1244K(219328K)] 742910K->520346K(906304K), 0.0048420 secs] [Times: user=0.02 sys=0.00, real=0.00 secs] 
2014-07-16T04:29:22.253+0000: 3311.341: [GC [PSYoungGen: 219292K->1054K(214144K)] 738394K->520227K(901120K), 0.0085090 secs] [Times: user=0.05 sys=0.00, real=0.01 secs] 
2014-07-16T04:29:23.038+0000: 3312.127: [GC [PSYoungGen: 214110K->708K(256448K)] 733283K->519937K(943424K), 0.0186660 secs] [Times: user=0.11 sys=0.00, real=0.02 secs] 
2014-07-16T04:29:23.991+0000: 3313.079: [GC [PSYoungGen: 256362K->748K(307584K)] 775592K->520017K(994560K), 0.0061380 secs] [Times: user=0.03 sys=0.00, real=0.01 secs] 
2014-07-16T04:29:25.124+0000: 3314.212: [GC [PSYoungGen: 307563K->1058K(299584K)] 826833K->520383K(986560K), 0.0077490 secs] [Times: user=0.05 sys=0.00, real=0.01 secs] 
2014-07-16T04:29:26.299+0000: 3315.387: [GC [PSYoungGen: 299554K->1064K(291584K)] 818879K->520477K(978560K), 0.0067570 secs] [Times: user=0.04 sys=0.00, real=0.01 secs] 
2014-07-16T04:29:27.402+0000: 3316.490: [GC [PSYoungGen: 291560K->1028K(346752K)] 810973K->520553K(1033728K), 0.0182520 secs] [Times: user=0.11 sys=0.01, real=0.02 secs] 
2014-07-16T04:29:28.670+0000: 3317.758: [GC [PSYoungGen: 346241K->960K(350208K)] 865767K->520549K(1037184K), 0.0116180 secs] [Times: user=0.05 sys=0.01, real=0.01 secs] 
2014-07-16T04:29:29.950+0000: 3319.038: [GC [PSYoungGen: 349632K->858K(339584K)] 869221K->520495K(1026560K), 0.0050990 secs] [Times: user=0.02 sys=0.00, real=0.00 secs] 
2014-07-16T04:29:31.195+0000: 3320.283: [GC [PSYoungGen: 339546K->620K(329728K)] 859183K->520998K(1016704K), 0.0089780 secs] [Times: user=0.06 sys=0.00, real=0.01 secs] 
2014-07-16T04:29:32.420+0000: 3321.508: [GC [PSYoungGen: 329708K->1530K(321408K)] 850086K->522030K(1008384K), 0.0038940 secs] [Times: user=0.02 sys=0.00, real=0.00 secs] 
2014-07-16T04:29:33.607+0000: 3322.695: [GC [PSYoungGen: 321402K->940K(312000K)] 841902K->521846K(998976K), 0.0089200 secs] [Times: user=0.06 sys=0.00, real=0.01 secs] 
2014-07-16T04:29:34.772+0000: 3323.861: [GC [PSYoungGen: 311980K->1408K(304064K)] 832886K->522370K(991040K), 0.0043220 secs] [Times: user=0.02 sys=0.00, real=0.00 secs] 
2014-07-16T04:29:36.110+0000: 3325.198: [GC [PSYoungGen: 304000K->944K(295424K)] 824962K->522228K(982400K), 0.0055140 secs] [Times: user=0.02 sys=0.00, real=0.00 secs] 
2014-07-16T04:29:37.209+0000: 3326.297: [GC [PSYoungGen: 295408K->1222K(287936K)] 816692K->522570K(974912K), 0.0077710 secs] [Times: user=0.04 sys=0.00, real=0.00 secs] 
2014-07-16T04:29:38.304+0000: 3327.392: [GC [PSYoungGen: 287849K->780K(280000K)] 809197K->522326K(966976K), 0.0103340 secs] [Times: user=0.07 sys=0.00, real=0.01 secs] 
2014-07-16T04:29:39.337+0000: 3328.425: [GC [PSYoungGen: 279948K->608K(272576K)] 801494K->522226K(959552K), 0.0081630 secs] [Times: user=0.05 sys=0.00, real=0.01 secs] 
2014-07-16T04:29:40.338+0000: 3329.427: [GC [PSYoungGen: 272544K->1208K(266176K)] 794162K->522866K(953152K), 0.0051080 secs] [Times: user=0.02 sys=0.00, real=0.00 secs] 
2014-07-16T04:29:41.360+0000: 3330.448: [GC [PSYoungGen: 266168K->1118K(259456K)] 787826K->522848K(946432K), 0.0053750 secs] [Times: user=0.02 sys=0.00, real=0.00 secs] 
2014-07-16T04:29:42.318+0000: 3331.406: [GC [PSYoungGen: 259402K->1044K(252928K)] 781132K->522822K(939904K), 0.0062720 secs] [Times: user=0.04 sys=0.00, real=0.00 secs] 
2014-07-16T04:29:43.257+0000: 3332.345: [GC [PSYoungGen: 252884K->1564K(247232K)] 774662K->523430K(934208K), 0.0064630 secs] [Times: user=0.04 sys=0.00, real=0.01 secs] 
2014-07-16T04:29:44.159+0000: 3333.247: [GC [PSYoungGen: 247170K->702K(240384K)] 769036K->523716K(927360K), 0.0072330 secs] [Times: user=0.05 sys=0.00, real=0.01 secs] 
2014-07-16T04:29:45.014+0000: 3334.102: [GC [PSYoungGen: 240382K->1240K(235200K)] 763396K->524310K(922176K), 0.0074730 secs] [Times: user=0.05 sys=0.00, real=0.01 secs] 
2014-07-16T04:29:46.047+0000: 3335.135: [GC [PSYoungGen: 235160K->1340K(229760K)] 758230K->524740K(916736K), 0.0106630 secs] [Times: user=0.07 sys=0.00, real=0.01 secs] 
2014-07-16T04:29:46.873+0000: 3335.961: [GC [PSYoungGen: 229756K->1150K(224256K)] 753156K->524630K(911232K), 0.0061740 secs] [Times: user=0.03 sys=0.00, real=0.01 secs] 
2014-07-16T04:29:47.711+0000: 3336.799: [GC [PSYoungGen: 224254K->1144K(219136K)] 747734K->524664K(906112K), 0.0058880 secs] [Times: user=0.02 sys=0.00, real=0.00 secs] 
2014-07-16T04:29:48.558+0000: 3337.647: [GC [PSYoungGen: 219128K->822K(213824K)] 742648K->524398K(900800K), 0.0052250 secs] [Times: user=0.02 sys=0.00, real=0.01 secs] 
2014-07-16T04:29:49.345+0000: 3338.433: [GC [PSYoungGen: 213798K->968K(209216K)] 737375K->524624K(896192K), 0.0082220 secs] [Times: user=0.06 sys=0.01, real=0.01 secs] 
2014-07-16T04:29:50.114+0000: 3339.203: [GC [PSYoungGen: 209158K->640K(204224K)] 732814K->524376K(891200K), 0.0081790 secs] [Times: user=0.05 sys=0.00, real=0.01 secs] 
2014-07-16T04:29:50.980+0000: 3340.068: [GC [PSYoungGen: 204224K->1760K(200896K)] 727960K->525608K(887872K), 0.0093780 secs] [Times: user=0.05 sys=0.00, real=0.00 secs] 
2014-07-16T04:29:51.687+0000: 3340.776: [GC [PSYoungGen: 200864K->908K(195776K)] 724712K->524804K(882752K), 0.0093680 secs] [Times: user=0.06 sys=0.01, real=0.01 secs] 
2014-07-16T04:29:52.395+0000: 3341.483: [GC [PSYoungGen: 195697K->1122K(234944K)] 719594K->525074K(921920K), 0.0099280 secs] [Times: user=0.06 sys=0.00, real=0.01 secs] 
2014-07-16T04:29:53.269+0000: 3342.357: [GC [PSYoungGen: 234914K->1326K(281920K)] 758866K->525326K(968896K), 0.0088810 secs] [Times: user=0.03 sys=0.00, real=0.01 secs] 
2014-07-16T04:29:54.309+0000: 3343.398: [GC [PSYoungGen: 281902K->1140K(333504K)] 805902K->525204K(1020480K), 0.0086980 secs] [Times: user=0.06 sys=0.00, real=0.01 secs] 
2014-07-16T04:29:55.570+0000: 3344.658: [GC [PSYoungGen: 333236K->1440K(324224K)] 857300K->525560K(1011200K), 0.0104510 secs] [Times: user=0.07 sys=0.00, real=0.02 secs] 
2014-07-16T04:29:56.843+0000: 3345.932: [GC [PSYoungGen: 324192K->434K(314240K)] 848312K->524872K(1001216K), 0.0098280 secs] [Times: user=0.05 sys=0.00, real=0.01 secs] 
2014-07-16T04:29:58.061+0000: 3347.149: [GC [PSYoungGen: 314226K->1450K(306688K)] 838664K->525952K(993664K), 0.0051060 secs] [Times: user=0.03 sys=0.00, real=0.01 secs] 
2014-07-16T04:29:59.175+0000: 3348.263: [GC [PSYoungGen: 306666K->1322K(298304K)] 831168K->526239K(985280K), 0.0049140 secs] [Times: user=0.02 sys=0.00, real=0.00 secs] 
2014-07-16T04:30:00.287+0000: 3349.376: [GC [PSYoungGen: 298267K->1012K(290048K)] 823184K->525993K(977024K), 0.0101380 secs] [Times: user=0.05 sys=0.00, real=0.01 secs] 
2014-07-16T04:30:01.407+0000: 3350.496: [GC [PSYoungGen: 290036K->658K(282112K)] 815017K->525702K(969088K), 0.0113680 secs] [Times: user=0.07 sys=0.00, real=0.01 secs] 
2014-07-16T04:30:02.437+0000: 3351.525: [GC [PSYoungGen: 282066K->826K(274944K)] 807110K->525942K(961920K), 0.0077420 secs] [Times: user=0.04 sys=0.00, real=0.01 secs] 
2014-07-16T04:30:03.449+0000: 3352.538: [GC [PSYoungGen: 274937K->844K(267968K)] 800054K->526016K(954944K), 0.0088550 secs] [Times: user=0.05 sys=0.00, real=0.01 secs] 
2014-07-16T04:30:04.431+0000: 3353.519: [GC [PSYoungGen: 267916K->1326K(261632K)] 793088K->526579K(948608K), 0.0081840 secs] [Times: user=0.04 sys=0.00, real=0.01 secs] 
2014-07-16T04:30:05.381+0000: 3354.470: [GC [PSYoungGen: 261614K->1086K(313472K)] 786867K->526427K(1000448K), 0.0223290 secs] [Times: user=0.15 sys=0.00, real=0.03 secs] 
2014-07-16T04:30:06.627+0000: 3355.715: [GC [PSYoungGen: 313470K->936K(304832K)] 838811K->526388K(991808K), 0.0042990 secs] [Times: user=0.02 sys=0.00, real=0.00 secs] 
2014-07-16T04:30:07.765+0000: 3356.854: [GC [PSYoungGen: 304808K->1272K(296960K)] 830260K->526781K(983936K), 0.0043410 secs] [Times: user=0.02 sys=0.00, real=0.00 secs] 
2014-07-16T04:30:08.903+0000: 3357.991: [GC [PSYoungGen: 296943K->1258K(289088K)] 822452K->526815K(976064K), 0.0050140 secs] [Times: user=0.03 sys=0.00, real=0.00 secs] 
2014-07-16T04:30:09.975+0000: 3359.063: [GC [PSYoungGen: 289066K->930K(281216K)] 814623K->527039K(968192K), 0.0045440 secs] [Times: user=0.02 sys=0.00, real=0.00 secs] 
2014-07-16T04:30:11.009+0000: 3360.097: [GC [PSYoungGen: 281186K->1136K(274112K)] 807295K->527293K(961088K), 0.0137900 secs] [Times: user=0.09 sys=0.00, real=0.02 secs] 
2014-07-16T04:30:12.104+0000: 3361.192: [GC [PSYoungGen: 274096K->976K(267008K)] 800253K->527205K(953984K), 0.0105320 secs] [Times: user=0.06 sys=0.00, real=0.01 secs] 
2014-07-16T04:30:13.109+0000: 3362.197: [GC [PSYoungGen: 266960K->644K(259968K)] 793189K->526937K(946944K), 0.0070570 secs] [Times: user=0.03 sys=0.00, real=0.01 secs] 
2014-07-16T04:30:14.074+0000: 3363.162: [GC [PSYoungGen: 259908K->1190K(254016K)] 786201K->527547K(940992K), 0.0068040 secs] [Times: user=0.04 sys=0.00, real=0.00 secs] 
2014-07-16T04:30:15.000+0000: 3364.089: [GC [PSYoungGen: 253990K->776K(247424K)] 780347K->527189K(934400K), 0.0100990 secs] [Times: user=0.07 sys=0.00, real=0.01 secs] 
2014-07-16T04:30:15.909+0000: 3364.997: [GC [PSYoungGen: 247368K->790K(241408K)] 773781K->527267K(928384K), 0.0074660 secs] [Times: user=0.04 sys=0.00, real=0.01 secs] 
2014-07-16T04:30:16.884+0000: 3365.972: [GC [PSYoungGen: 241366K->1194K(236032K)] 767843K->527735K(923008K), 0.0044340 secs] [Times: user=0.02 sys=0.00, real=0.00 secs] 
2014-07-16T04:30:17.757+0000: 3366.846: [GC [PSYoungGen: 235988K->1436K(230720K)] 762529K->528065K(917696K), 0.0089360 secs] [Times: user=0.06 sys=0.00, real=0.01 secs] 
2014-07-16T04:30:18.632+0000: 3367.721: [GC [PSYoungGen: 230684K->1254K(225152K)] 757313K->527939K(912128K), 0.0060520 secs] [Times: user=0.03 sys=0.00, real=0.01 secs] 
2014-07-16T04:30:19.485+0000: 3368.573: [GC [PSYoungGen: 225026K->884K(219584K)] 751711K->528129K(906560K), 0.0090490 secs] [Times: user=0.06 sys=0.00, real=0.01 secs] 
2014-07-16T04:30:20.285+0000: 3369.373: [GC [PSYoungGen: 219557K->1340K(215040K)] 746802K->528665K(902016K), 0.0069820 secs] [Times: user=0.05 sys=0.00, real=0.00 secs] 
2014-07-16T04:30:21.069+0000: 3370.158: [GC [PSYoungGen: 215036K->1530K(210432K)] 742361K->529309K(897408K), 0.0093260 secs] [Times: user=0.07 sys=0.00, real=0.01 secs] 
2014-07-16T04:30:21.937+0000: 3371.026: [GC [PSYoungGen: 210426K->1022K(205248K)] 738205K->528873K(892224K), 0.0089300 secs] [Times: user=0.05 sys=0.00, real=0.01 secs] 
2014-07-16T04:30:22.693+0000: 3371.781: [GC [PSYoungGen: 205167K->1214K(200960K)] 733018K->529145K(887936K), 0.0035050 secs] [Times: user=0.02 sys=0.00, real=0.01 secs] 
2014-07-16T04:30:23.421+0000: 3372.510: [GC [PSYoungGen: 200942K->1036K(240832K)] 728873K->529031K(927808K), 0.0145740 secs] [Times: user=0.08 sys=0.00, real=0.02 secs] 
2014-07-16T04:30:24.282+0000: 3373.370: [GC [PSYoungGen: 240686K->1708K(235712K)] 768681K->529775K(922688K), 0.0056630 secs] [Times: user=0.03 sys=0.00, real=0.01 secs] 
2014-07-16T04:30:25.158+0000: 3374.246: [GC [PSYoungGen: 235692K->1544K(282432K)] 763759K->529667K(969408K), 0.0128700 secs] [Times: user=0.08 sys=0.00, real=0.01 secs] 
2014-07-16T04:30:26.206+0000: 3375.294: [GC [PSYoungGen: 282376K->726K(310784K)] 810499K->528905K(997760K), 0.0111340 secs] [Times: user=0.05 sys=0.00, real=0.01 secs] 
2014-07-16T04:30:27.408+0000: 3376.497: [GC [PSYoungGen: 310678K->694K(302208K)] 838857K->528929K(989184K), 0.0084820 secs] [Times: user=0.05 sys=0.00, real=0.01 secs] 
2014-07-16T04:30:28.532+0000: 3377.620: [GC [PSYoungGen: 302198K->1440K(294912K)] 830433K->529871K(981888K), 0.0099130 secs] [Times: user=0.06 sys=0.00, real=0.01 secs] 
2014-07-16T04:30:29.685+0000: 3378.773: [GC [PSYoungGen: 294880K->562K(286208K)] 823311K->529073K(973184K), 0.0063760 secs] [Times: user=0.04 sys=0.00, real=0.01 secs] 
2014-07-16T04:30:30.751+0000: 3379.840: [GC [PSYoungGen: 286194K->1490K(279680K)] 814705K->530065K(966656K), 0.0057630 secs] [Times: user=0.04 sys=0.00, real=0.01 secs] 
2014-07-16T04:30:31.844+0000: 3380.932: [GC [PSYoungGen: 279634K->1854K(272832K)] 808209K->530501K(959808K), 0.0083360 secs] [Times: user=0.05 sys=0.00, real=0.01 secs] 
2014-07-16T04:30:32.818+0000: 3381.906: [GC [PSYoungGen: 272830K->1072K(265152K)] 801477K->529775K(952128K), 0.0044810 secs] [Times: user=0.02 sys=0.00, real=0.00 secs] 
2014-07-16T04:30:33.803+0000: 3382.891: [GC [PSYoungGen: 265077K->1086K(258496K)] 793781K->529861K(945472K), 0.0105910 secs] [Times: user=0.07 sys=0.00, real=0.01 secs] 
2014-07-16T04:30:34.757+0000: 3383.845: [GC [PSYoungGen: 258490K->1340K(252352K)] 787265K->530203K(939328K), 0.0103520 secs] [Times: user=0.06 sys=0.00, real=0.01 secs] 
2014-07-16T04:30:35.694+0000: 3384.782: [GC [PSYoungGen: 252327K->1140K(246016K)] 781191K->530051K(932992K), 0.0073360 secs] [Times: user=0.04 sys=0.01, real=0.01 secs] 
2014-07-16T04:30:36.729+0000: 3385.817: [GC [PSYoungGen: 245982K->1706K(240640K)] 774894K->530681K(927616K), 0.0052660 secs] [Times: user=0.02 sys=0.00, real=0.00 secs] 
2014-07-16T04:30:37.546+0000: 3386.635: [GC [PSYoungGen: 240589K->1086K(287808K)] 769565K->530141K(974784K), 0.0180290 secs] [Times: user=0.13 sys=0.00, real=0.02 secs] 
2014-07-16T04:30:38.619+0000: 3387.707: [GC [PSYoungGen: 287767K->1286K(280576K)] 816822K->530413K(967552K), 0.0072540 secs] [Times: user=0.05 sys=0.00, real=0.00 secs] 
2014-07-16T04:30:39.713+0000: 3388.801: [GC [PSYoungGen: 280491K->1086K(273088K)] 809618K->530301K(960064K), 0.0046760 secs] [Times: user=0.03 sys=0.01, real=0.01 secs] 
2014-07-16T04:30:40.682+0000: 3389.770: [GC [PSYoungGen: 273086K->1040K(266112K)] 802301K->530343K(953088K), 0.0074560 secs] [Times: user=0.05 sys=0.00, real=0.01 secs] 
2014-07-16T04:30:41.780+0000: 3390.868: [GC [PSYoungGen: 266064K->1446K(259840K)] 795367K->530821K(946816K), 0.0045430 secs] [Times: user=0.03 sys=0.00, real=0.00 secs] 
2014-07-16T04:30:42.668+0000: 3391.756: [GC [PSYoungGen: 259814K->644K(252608K)] 789189K->530091K(939584K), 0.0062500 secs] [Times: user=0.04 sys=0.00, real=0.00 secs] 
2014-07-16T04:30:43.601+0000: 3392.689: [GC [PSYoungGen: 252548K->1528K(247232K)] 781995K->531023K(934208K), 0.0121670 secs] [Times: user=0.07 sys=0.00, real=0.01 secs] 
2014-07-16T04:30:44.500+0000: 3393.588: [GC [PSYoungGen: 247223K->840K(240640K)] 776718K->530399K(927616K), 0.0079930 secs] [Times: user=0.05 sys=0.00, real=0.00 secs] 
2014-07-16T04:30:45.375+0000: 3394.463: [GC [PSYoungGen: 240496K->762K(234752K)] 770055K->530377K(921728K), 0.0039740 secs] [Times: user=0.02 sys=0.00, real=0.01 secs] 
2014-07-16T04:30:46.271+0000: 3395.360: [GC [PSYoungGen: 234746K->918K(229440K)] 764361K->530589K(916416K), 0.0085160 secs] [Times: user=0.04 sys=0.00, real=0.01 secs] 
2014-07-16T04:30:47.164+0000: 3396.252: [GC [PSYoungGen: 229370K->1640K(224832K)] 759041K->531391K(911808K), 0.0044290 secs] [Times: user=0.03 sys=0.00, real=0.01 secs] 
2014-07-16T04:30:47.986+0000: 3397.074: [GC [PSYoungGen: 224808K->1400K(219456K)] 754559K->531199K(906432K), 0.0044650 secs] [Times: user=0.02 sys=0.00, real=0.01 secs] 
2014-07-16T04:30:48.771+0000: 3397.859: [GC [PSYoungGen: 219419K->1236K(214336K)] 749218K->531123K(901312K), 0.0055910 secs] [Times: user=0.02 sys=0.00, real=0.00 secs] 
2014-07-16T04:30:49.580+0000: 3398.669: [GC [PSYoungGen: 214291K->1340K(209600K)] 744178K->531283K(896576K), 0.0087320 secs] [Times: user=0.05 sys=0.00, real=0.01 secs] 
2014-07-16T04:30:50.377+0000: 3399.465: [GC [PSYoungGen: 209596K->626K(204288K)] 739539K->530609K(891264K), 0.0048280 secs] [Times: user=0.03 sys=0.00, real=0.01 secs] 
2014-07-16T04:30:51.135+0000: 3400.224: [GC [PSYoungGen: 204274K->1574K(200768K)] 734257K->531613K(887744K), 0.0087670 secs] [Times: user=0.05 sys=0.01, real=0.01 secs] 
2014-07-16T04:30:51.963+0000: 3401.051: [GC [PSYoungGen: 200742K->932K(240000K)] 730781K->531027K(926976K), 0.0150250 secs] [Times: user=0.09 sys=0.01, real=0.01 secs] 
2014-07-16T04:30:52.824+0000: 3401.913: [GC [PSYoungGen: 239972K->1618K(288000K)] 770067K->531785K(974976K), 0.0086800 secs] [Times: user=0.05 sys=0.00, real=0.01 secs] 
2014-07-16T04:30:53.885+0000: 3402.974: [GC [PSYoungGen: 287866K->1186K(280000K)] 818033K->531417K(966976K), 0.0054750 secs] [Times: user=0.02 sys=0.00, real=0.01 secs] 
2014-07-16T04:30:54.908+0000: 3403.996: [GC [PSYoungGen: 279970K->694K(272256K)] 810201K->530965K(959232K), 0.0042250 secs] [Times: user=0.02 sys=0.00, real=0.01 secs] 
2014-07-16T04:30:55.913+0000: 3405.001: [GC [PSYoungGen: 272246K->1882K(266560K)] 802517K->532209K(953536K), 0.0162170 secs] [Times: user=0.10 sys=0.00, real=0.01 secs] 
2014-07-16T04:30:56.999+0000: 3406.088: [GC [PSYoungGen: 266522K->1530K(259520K)] 796849K->531913K(946496K), 0.0097910 secs] [Times: user=0.06 sys=0.00, real=0.01 secs] 
2014-07-16T04:30:57.932+0000: 3407.021: [GC [PSYoungGen: 259464K->1254K(252864K)] 789847K->531701K(939840K), 0.0055100 secs] [Times: user=0.03 sys=0.00, real=0.00 secs] 
2014-07-16T04:30:58.891+0000: 3407.979: [GC [PSYoungGen: 252838K->1726K(247104K)] 783285K->532213K(934080K), 0.0093630 secs] [Times: user=0.06 sys=0.01, real=0.01 secs] 
2014-07-16T04:30:59.787+0000: 3408.875: [GC [PSYoungGen: 247102K->1122K(240576K)] 777589K->531665K(927552K), 0.0067140 secs] [Times: user=0.04 sys=0.00, real=0.01 secs] 
2014-07-16T04:31:00.771+0000: 3409.859: [GC [PSYoungGen: 240540K->1044K(234752K)] 771083K->531627K(921728K), 0.0106710 secs] [Times: user=0.05 sys=0.00, real=0.01 secs] 
2014-07-16T04:31:01.633+0000: 3410.722: [GC [PSYoungGen: 234708K->804K(281536K)] 765291K->531451K(968512K), 0.0159520 secs] [Times: user=0.08 sys=0.01, real=0.01 secs] 
2014-07-16T04:31:02.723+0000: 3411.812: [GC [PSYoungGen: 280164K->922K(273088K)] 810811K->531641K(960064K), 0.0045220 secs] [Times: user=0.02 sys=0.01, real=0.00 secs] 
2014-07-16T04:31:03.717+0000: 3412.805: [GC [PSYoungGen: 273050K->762K(265920K)] 803769K->531529K(952896K), 0.0104720 secs] [Times: user=0.06 sys=0.00, real=0.01 secs] 
2014-07-16T04:31:04.687+0000: 3413.775: [GC [PSYoungGen: 265914K->826K(280640K)] 796681K->531641K(967616K), 0.0116750 secs] [Times: user=0.07 sys=0.01, real=0.01 secs] 
2014-07-16T04:31:05.725+0000: 3414.813: [GC [PSYoungGen: 279354K->626K(271936K)] 810169K->531497K(958912K), 0.0091940 secs] [Times: user=0.06 sys=0.00, real=0.01 secs] 
2014-07-16T04:31:06.728+0000: 3415.816: [GC [PSYoungGen: 271900K->830K(265216K)] 802771K->531733K(952192K), 0.0057410 secs] [Times: user=0.03 sys=0.00, real=0.01 secs] 
2014-07-16T04:31:07.802+0000: 3416.890: [GC [PSYoungGen: 265165K->946K(258688K)] 796068K->531961K(945664K), 0.0080690 secs] [Times: user=0.05 sys=0.00, real=0.00 secs] 
2014-07-16T04:31:08.769+0000: 3417.858: [GC [PSYoungGen: 258674K->922K(252288K)] 789689K->531993K(939264K), 0.0051510 secs] [Times: user=0.02 sys=0.00, real=0.01 secs] 
2014-07-16T04:31:09.699+0000: 3418.787: [GC [PSYoungGen: 252225K->1550K(246784K)] 783296K->532693K(933760K), 0.0085790 secs] [Times: user=0.06 sys=0.00, real=0.01 secs] 
2014-07-16T04:31:10.645+0000: 3419.733: [GC [PSYoungGen: 246734K->1212K(275392K)] 777877K->532483K(962368K), 0.0201020 secs] [Times: user=0.12 sys=0.01, real=0.02 secs] 
2014-07-16T04:31:11.635+0000: 3420.724: [GC [PSYoungGen: 275388K->644K(276160K)] 806659K->531963K(963136K), 0.0103570 secs] [Times: user=0.06 sys=0.00, real=0.01 secs] 
2014-07-16T04:31:12.761+0000: 3421.849: [GC [PSYoungGen: 274820K->740K(267904K)] 806139K->532123K(954880K), 0.0069060 secs] [Times: user=0.04 sys=0.00, real=0.01 secs] 
2014-07-16T04:31:13.760+0000: 3422.849: [GC [PSYoungGen: 267876K->744K(261120K)] 799259K->532183K(948096K), 0.0065700 secs] [Times: user=0.05 sys=0.00, real=0.01 secs] 
2014-07-16T04:31:14.727+0000: 3423.815: [GC [PSYoungGen: 261096K->512K(254336K)] 792535K->531991K(941312K), 0.0045010 secs] [Times: user=0.01 sys=0.00, real=0.00 secs] 
2014-07-16T04:31:15.664+0000: 3424.752: [GC [PSYoungGen: 254336K->598K(248192K)] 785815K->532133K(935168K), 0.0096310 secs] [Times: user=0.06 sys=0.00, real=0.01 secs] 
2014-07-16T04:31:16.594+0000: 3425.683: [GC [PSYoungGen: 248150K->1550K(243136K)] 779685K->533165K(930112K), 0.0071940 secs] [Times: user=0.05 sys=0.00, real=0.00 secs] 
2014-07-16T04:31:17.576+0000: 3426.664: [GC [PSYoungGen: 243086K->626K(236352K)] 774701K->532297K(923328K), 0.0061430 secs] [Times: user=0.03 sys=0.01, real=0.00 secs] 
2014-07-16T04:31:18.428+0000: 3427.516: [GC [PSYoungGen: 236338K->1168K(231360K)] 768009K->532935K(918336K), 0.0074160 secs] [Times: user=0.04 sys=0.01, real=0.01 secs] 
2014-07-16T04:31:19.276+0000: 3428.364: [GC [PSYoungGen: 231312K->844K(225664K)] 763079K->532667K(912640K), 0.0038630 secs] [Times: user=0.02 sys=0.00, real=0.00 secs] 
2014-07-16T04:31:20.120+0000: 3429.208: [GC [PSYoungGen: 225612K->1458K(221056K)] 757435K->533361K(908032K), 0.0065340 secs] [Times: user=0.04 sys=0.00, real=0.01 secs] 
2014-07-16T04:31:20.999+0000: 3430.087: [GC [PSYoungGen: 220984K->1676K(216320K)] 752887K->533603K(903296K), 0.0164750 secs] [Times: user=0.09 sys=0.00, real=0.02 secs] 
2014-07-16T04:31:21.852+0000: 3430.941: [GC [PSYoungGen: 216267K->562K(210304K)] 748194K->532569K(897280K), 0.0068510 secs] [Times: user=0.04 sys=0.01, real=0.01 secs] 
2014-07-16T04:31:22.694+0000: 3431.783: [GC [PSYoungGen: 210290K->808K(205888K)] 742297K->532871K(892864K), 0.0047040 secs] [Times: user=0.03 sys=0.00, real=0.00 secs] 
2014-07-16T04:31:23.442+0000: 3432.530: [GC [PSYoungGen: 205864K->694K(201280K)] 737927K->532837K(888256K), 0.0048260 secs] [Times: user=0.03 sys=0.00, real=0.01 secs] 
2014-07-16T04:31:24.165+0000: 3433.254: [GC [PSYoungGen: 201270K->876K(197120K)] 733413K->533083K(884096K), 0.0113700 secs] [Times: user=0.08 sys=0.00, real=0.01 secs] 
2014-07-16T04:31:24.879+0000: 3433.967: [GC [PSYoungGen: 197068K->1800K(237376K)] 729276K->534055K(924352K), 0.0145510 secs] [Times: user=0.08 sys=0.00, real=0.01 secs] 
2014-07-16T04:31:25.767+0000: 3434.855: [GC [PSYoungGen: 237311K->822K(283456K)] 769566K->533125K(970432K), 0.0045520 secs] [Times: user=0.02 sys=0.00, real=0.00 secs] 
2014-07-16T04:31:26.832+0000: 3435.920: [GC [PSYoungGen: 283446K->1586K(276864K)] 815749K->534211K(963840K), 0.0037470 secs] [Times: user=0.02 sys=0.00, real=0.01 secs] 
2014-07-16T04:31:27.905+0000: 3436.994: [GC [PSYoungGen: 276850K->1304K(269504K)] 809475K->533985K(956480K), 0.0119760 secs] [Times: user=0.06 sys=0.00, real=0.01 secs] 
2014-07-16T04:31:28.876+0000: 3437.964: [GC [PSYoungGen: 269380K->1236K(315712K)] 802061K->533973K(1002688K), 0.0152060 secs] [Times: user=0.09 sys=0.00, real=0.01 secs] 
2014-07-16T04:31:30.042+0000: 3439.130: [GC [PSYoungGen: 315392K->1000K(306688K)] 848130K->533785K(993664K), 0.0058820 secs] [Times: user=0.02 sys=0.01, real=0.01 secs] 
2014-07-16T04:31:31.178+0000: 3440.266: [GC [PSYoungGen: 306660K->1112K(298560K)] 839445K->533961K(985536K), 0.0077110 secs] [Times: user=0.05 sys=0.00, real=0.01 secs] 
2014-07-16T04:31:32.304+0000: 3441.393: [GC [PSYoungGen: 298520K->1440K(290944K)] 831369K->534369K(977920K), 0.0106610 secs] [Times: user=0.08 sys=0.00, real=0.02 secs] 
2014-07-16T04:31:33.440+0000: 3442.528: [GC [PSYoungGen: 290912K->1276K(283136K)] 823841K->534449K(970112K), 0.0145060 secs] [Times: user=0.09 sys=0.00, real=0.01 secs] 
2014-07-16T04:31:34.491+0000: 3443.579: [GC [PSYoungGen: 283132K->1254K(275776K)] 816305K->534483K(962752K), 0.0086300 secs] [Times: user=0.06 sys=0.00, real=0.01 secs] 
2014-07-16T04:31:35.509+0000: 3444.598: [GC [PSYoungGen: 275700K->912K(268416K)] 808929K->534347K(955392K), 0.0071280 secs] [Times: user=0.03 sys=0.00, real=0.01 secs] 
2014-07-16T04:31:36.499+0000: 3445.588: [GC [PSYoungGen: 268368K->712K(261440K)] 801803K->534187K(948416K), 0.0131560 secs] [Times: user=0.08 sys=0.00, real=0.01 secs] 
2014-07-16T04:31:37.462+0000: 3446.550: [GC [PSYoungGen: 261382K->1802K(256000K)] 794857K->535389K(942976K), 0.0084900 secs] [Times: user=0.06 sys=0.00, real=0.01 secs] 
2014-07-16T04:31:38.424+0000: 3447.512: [GC [PSYoungGen: 255946K->1268K(249152K)] 789533K->534943K(936128K), 0.0079190 secs] [Times: user=0.05 sys=0.00, real=0.01 secs] 
2014-07-16T04:31:39.329+0000: 3448.417: [GC [PSYoungGen: 249140K->1122K(243008K)] 782815K->534959K(929984K), 0.0045600 secs] [Times: user=0.02 sys=0.00, real=0.00 secs] 
2014-07-16T04:31:40.257+0000: 3449.345: [GC [PSYoungGen: 242978K->626K(236672K)] 776815K->534535K(923648K), 0.0060140 secs] [Times: user=0.02 sys=0.00, real=0.00 secs] 
2014-07-16T04:31:41.119+0000: 3450.207: [GC [PSYoungGen: 236658K->1376K(231808K)] 770567K->535341K(918784K), 0.0082460 secs] [Times: user=0.05 sys=0.00, real=0.01 secs] 
2014-07-16T04:31:42.019+0000: 3451.108: [GC [PSYoungGen: 231776K->1432K(226496K)] 765741K->535501K(913472K), 0.0071510 secs] [Times: user=0.05 sys=0.00, real=0.00 secs] 
2014-07-16T04:31:43.043+0000: 3452.131: [GC [PSYoungGen: 226456K->944K(220800K)] 760525K->535053K(907776K), 0.0050360 secs] [Times: user=0.01 sys=0.01, real=0.01 secs] 
2014-07-16T04:31:43.815+0000: 3452.904: [GC [PSYoungGen: 220784K->1086K(215872K)] 754893K->535299K(902848K), 0.0080770 secs] [Times: user=0.05 sys=0.01, real=0.01 secs] 
2014-07-16T04:31:44.604+0000: 3453.693: [GC [PSYoungGen: 215870K->1490K(211456K)] 750083K->535775K(898432K), 0.0097310 secs] [Times: user=0.06 sys=0.00, real=0.01 secs] 
2014-07-16T04:31:45.381+0000: 3454.469: [GC [PSYoungGen: 211410K->1258K(206528K)] 745695K->535607K(893504K), 0.0099040 secs] [Times: user=0.06 sys=0.00, real=0.01 secs] 
2014-07-16T04:31:46.169+0000: 3455.257: [GC [PSYoungGen: 206502K->850K(201600K)] 740851K->535255K(888576K), 0.0048740 secs] [Times: user=0.02 sys=0.00, real=0.00 secs] 
2014-07-16T04:31:46.916+0000: 3456.004: [GC [PSYoungGen: 201554K->876K(197248K)] 735959K->535337K(884224K), 0.0090950 secs] [Times: user=0.05 sys=0.00, real=0.01 secs] 
2014-07-16T04:31:47.637+0000: 3456.726: [GC [PSYoungGen: 197228K->862K(193024K)] 731689K->535395K(880000K), 0.0075750 secs] [Times: user=0.05 sys=0.01, real=0.00 secs] 
2014-07-16T04:31:48.488+0000: 3457.577: [GC [PSYoungGen: 192944K->1076K(189120K)] 727478K->535681K(876096K), 0.0039330 secs] [Times: user=0.02 sys=0.00, real=0.00 secs] 
2014-07-16T04:31:49.179+0000: 3458.268: [GC [PSYoungGen: 189106K->744K(226432K)] 723712K->535397K(913408K), 0.0134760 secs] [Times: user=0.06 sys=0.00, real=0.01 secs] 
2014-07-16T04:31:50.017+0000: 3459.105: [GC [PSYoungGen: 226408K->958K(271808K)] 761061K->535675K(958784K), 0.0095520 secs] [Times: user=0.06 sys=0.00, real=0.01 secs] 
2014-07-16T04:31:51.044+0000: 3460.133: [GC [PSYoungGen: 271796K->1382K(297984K)] 806513K->536163K(984960K), 0.0082010 secs] [Times: user=0.05 sys=0.01, real=0.01 secs] 
2014-07-16T04:31:52.170+0000: 3461.258: [GC [PSYoungGen: 297637K->1296K(298048K)] 832419K->536125K(985024K), 0.0157600 secs] [Times: user=0.10 sys=0.00, real=0.01 secs] 
2014-07-16T04:31:53.389+0000: 3462.477: [GC [PSYoungGen: 297552K->1194K(289600K)] 832381K->536087K(976576K), 0.0075800 secs] [Times: user=0.06 sys=0.00, real=0.00 secs] 
2014-07-16T04:31:54.456+0000: 3463.544: [GC [PSYoungGen: 289531K->912K(281792K)] 824425K->535853K(968768K), 0.0051390 secs] [Times: user=0.03 sys=0.00, real=0.01 secs] 
2014-07-16T04:31:55.510+0000: 3464.599: [GC [PSYoungGen: 281744K->1168K(274752K)] 816685K->536197K(961728K), 0.0066990 secs] [Times: user=0.04 sys=0.00, real=0.00 secs] 
2014-07-16T04:31:56.521+0000: 3465.609: [GC [PSYoungGen: 274704K->858K(267392K)] 809733K->535951K(954368K), 0.0122110 secs] [Times: user=0.07 sys=0.00, real=0.01 secs] 
2014-07-16T04:31:57.535+0000: 3466.623: [GC [PSYoungGen: 267318K->886K(320704K)] 802412K->536035K(1007680K), 0.0143080 secs] [Times: user=0.10 sys=0.00, real=0.02 secs] 
2014-07-16T04:31:58.844+0000: 3467.932: [GC [PSYoungGen: 320691K->890K(311872K)] 855840K->536135K(998848K), 0.0082340 secs] [Times: user=0.06 sys=0.01, real=0.01 secs] 
2014-07-16T04:31:59.996+0000: 3469.084: [GC [PSYoungGen: 311866K->722K(303296K)] 847111K->536039K(990272K), 0.0096510 secs] [Times: user=0.06 sys=0.01, real=0.01 secs] 
2014-07-16T04:32:01.120+0000: 3470.209: [GC [PSYoungGen: 303250K->1040K(295488K)] 838567K->536421K(982464K), 0.0111270 secs] [Times: user=0.07 sys=0.00, real=0.01 secs] 
2014-07-16T04:32:02.230+0000: 3471.318: [GC [PSYoungGen: 295440K->940K(287552K)] 830821K->536409K(974528K), 0.0088180 secs] [Times: user=0.05 sys=0.01, real=0.00 secs] 
2014-07-16T04:32:03.386+0000: 3472.475: [GC [PSYoungGen: 287510K->1218K(280384K)] 822979K->536735K(967360K), 0.0108770 secs] [Times: user=0.05 sys=0.00, real=0.01 secs] 
2014-07-16T04:32:04.429+0000: 3473.518: [GC [PSYoungGen: 280322K->726K(272640K)] 815839K->536315K(959616K), 0.0085810 secs] [Times: user=0.05 sys=0.00, real=0.01 secs] 
2014-07-16T04:32:05.438+0000: 3474.527: [GC [PSYoungGen: 272529K->1540K(266496K)] 808119K->537185K(953472K), 0.0074850 secs] [Times: user=0.04 sys=0.00, real=0.01 secs] 
2014-07-16T04:32:06.423+0000: 3475.512: [GC [PSYoungGen: 266396K->776K(259072K)] 802041K->536509K(946048K), 0.0098500 secs] [Times: user=0.06 sys=0.00, real=0.01 secs] 
2014-07-16T04:32:07.380+0000: 3476.468: [GC [PSYoungGen: 258993K->1158K(253056K)] 794726K->536955K(940032K), 0.0086130 secs] [Times: user=0.05 sys=0.01, real=0.00 secs] 
2014-07-16T04:32:08.393+0000: 3477.481: [GC [PSYoungGen: 252998K->530K(246208K)] 788795K->536367K(933184K), 0.0067470 secs] [Times: user=0.04 sys=0.00, real=0.00 secs] 
2014-07-16T04:32:09.316+0000: 3478.404: [GC [PSYoungGen: 246162K->626K(240320K)] 781999K->536527K(927296K), 0.0042090 secs] [Times: user=0.02 sys=0.00, real=0.00 secs] 
2014-07-16T04:32:10.191+0000: 3479.280: [GC [PSYoungGen: 240306K->790K(234752K)] 776207K->536787K(921728K), 0.0093360 secs] [Times: user=0.06 sys=0.00, real=0.00 secs] 
2014-07-16T04:32:11.094+0000: 3480.182: [GC [PSYoungGen: 234710K->1110K(229568K)] 770707K->537179K(916544K), 0.0103840 secs] [Times: user=0.06 sys=0.00, real=0.01 secs] 
2014-07-16T04:32:11.939+0000: 3481.027: [GC [PSYoungGen: 229526K->1286K(224448K)] 765595K->537419K(911424K), 0.0092760 secs] [Times: user=0.07 sys=0.01, real=0.01 secs] 
2014-07-16T04:32:12.784+0000: 3481.873: [GC [PSYoungGen: 224390K->1484K(269312K)] 760523K->537681K(956288K), 0.0125610 secs] [Times: user=0.09 sys=0.00, real=0.01 secs] 
2014-07-16T04:32:14.005+0000: 3483.093: [GC [PSYoungGen: 269260K->630K(321984K)] 805457K->537747K(1008960K), 0.0192970 secs] [Times: user=0.12 sys=0.00, real=0.02 secs] 
2014-07-16T04:32:15.174+0000: 3484.262: [GC [PSYoungGen: 321974K->1008K(343616K)] 859091K->538189K(1030592K), 0.0121470 secs] [Times: user=0.08 sys=0.00, real=0.01 secs] 
2014-07-16T04:32:16.440+0000: 3485.528: [GC [PSYoungGen: 342704K->1078K(333056K)] 879885K->538569K(1020032K), 0.0063560 secs] [Times: user=0.03 sys=0.00, real=0.01 secs] 
2014-07-16T04:32:17.681+0000: 3486.769: [GC [PSYoungGen: 333046K->1358K(324032K)] 870537K->538905K(1011008K), 0.0046670 secs] [Times: user=0.02 sys=0.01, real=0.01 secs] 
2014-07-16T04:32:18.902+0000: 3487.990: [GC [PSYoungGen: 323982K->1036K(314752K)] 861529K->538639K(1001728K), 0.0142840 secs] [Times: user=0.08 sys=0.00, real=0.01 secs] 
2014-07-16T04:32:20.079+0000: 3489.167: [GC [PSYoungGen: 314700K->1136K(306240K)] 852303K->538779K(993216K), 0.0126180 secs] [Times: user=0.07 sys=0.00, real=0.01 secs] 
2014-07-16T04:32:21.207+0000: 3490.295: [GC [PSYoungGen: 306140K->1122K(297984K)] 843784K->538837K(984960K), 0.0052590 secs] [Times: user=0.02 sys=0.00, real=0.00 secs] 
2014-07-16T04:32:22.297+0000: 3491.385: [GC [PSYoungGen: 297951K->726K(289664K)] 835667K->538505K(976640K), 0.0067580 secs] [Times: user=0.04 sys=0.00, real=0.01 secs] 
2014-07-16T04:32:23.515+0000: 3492.603: [GC [PSYoungGen: 289622K->1188K(282496K)] 827401K->539047K(969472K), 0.0061300 secs] [Times: user=0.03 sys=0.01, real=0.00 secs] 
2014-07-16T04:32:24.506+0000: 3493.595: [GC [PSYoungGen: 282462K->1382K(275392K)] 820321K->539289K(962368K), 0.0061380 secs] [Times: user=0.02 sys=0.00, real=0.00 secs] 
2014-07-16T04:32:25.525+0000: 3494.614: [GC [PSYoungGen: 275351K->748K(267712K)] 813259K->538879K(954688K), 0.0034880 secs] [Times: user=0.02 sys=0.00, real=0.00 secs] 
2014-07-16T04:32:26.493+0000: 3495.581: [GC [PSYoungGen: 267692K->1294K(261504K)] 805823K->539581K(948480K), 0.0138690 secs] [Times: user=0.08 sys=0.00, real=0.02 secs] 
2014-07-16T04:32:27.449+0000: 3496.537: [GC [PSYoungGen: 261454K->958K(254592K)] 799741K->539741K(941568K), 0.0128560 secs] [Times: user=0.09 sys=0.01, real=0.01 secs] 
2014-07-16T04:32:28.418+0000: 3497.506: [GC [PSYoungGen: 254590K->1636K(306048K)] 793373K->540484K(993024K), 0.0178240 secs] [Times: user=0.09 sys=0.01, real=0.02 secs] 
2014-07-16T04:32:29.555+0000: 3498.643: [GC [PSYoungGen: 306018K->748K(296960K)] 844866K->539925K(983936K), 0.0042260 secs] [Times: user=0.02 sys=0.00, real=0.00 secs] 
2014-07-16T04:32:30.667+0000: 3499.756: [GC [PSYoungGen: 296940K->1768K(290112K)] 836117K->541058K(977088K), 0.0064870 secs] [Times: user=0.04 sys=0.00, real=0.01 secs] 
2014-07-16T04:32:31.750+0000: 3500.839: [GC [PSYoungGen: 290088K->1066K(281856K)] 829378K->540954K(968832K), 0.0056140 secs] [Times: user=0.03 sys=0.00, real=0.01 secs] 
2014-07-16T04:32:32.789+0000: 3501.877: [GC [PSYoungGen: 281826K->1218K(274752K)] 821714K->541162K(961728K), 0.0050220 secs] [Times: user=0.03 sys=0.01, real=0.01 secs] 
2014-07-16T04:32:33.960+0000: 3503.048: [GC [PSYoungGen: 274647K->1086K(267584K)] 814591K->541252K(954560K), 0.0083890 secs] [Times: user=0.05 sys=0.01, real=0.01 secs] 
2014-07-16T04:32:34.884+0000: 3503.972: [GC [PSYoungGen: 267582K->826K(260608K)] 807748K->541032K(947584K), 0.0096770 secs] [Times: user=0.06 sys=0.00, real=0.01 secs] 
2014-07-16T04:32:35.864+0000: 3504.952: [GC [PSYoungGen: 260602K->912K(254272K)] 800808K->541174K(941248K), 0.0089210 secs] [Times: user=0.06 sys=0.00, real=0.01 secs] 
2014-07-16T04:32:36.799+0000: 3505.887: [GC [PSYoungGen: 254224K->768K(247808K)] 794486K->541094K(934784K), 0.0043360 secs] [Times: user=0.02 sys=0.01, real=0.00 secs] 
2014-07-16T04:32:37.726+0000: 3506.814: [GC [PSYoungGen: 247788K->1522K(242560K)] 788114K->541936K(929536K), 0.0107340 secs] [Times: user=0.07 sys=0.00, real=0.01 secs] 
2014-07-16T04:32:38.710+0000: 3507.799: [GC [PSYoungGen: 242496K->1616K(236928K)] 782910K->542126K(923904K), 0.0104220 secs] [Times: user=0.06 sys=0.00, real=0.01 secs] 
2014-07-16T04:32:39.527+0000: 3508.616: [GC [PSYoungGen: 236880K->822K(230528K)] 777390K->541436K(917504K), 0.0098310 secs] [Times: user=0.07 sys=0.00, real=0.01 secs] 
2014-07-16T04:32:40.377+0000: 3509.465: [GC [PSYoungGen: 230518K->1368K(277056K)] 771132K->542054K(964032K), 0.0104950 secs] [Times: user=0.06 sys=0.00, real=0.01 secs] 
2014-07-16T04:32:41.411+0000: 3510.500: [GC [PSYoungGen: 277016K->1118K(331968K)] 817702K->541892K(1018944K), 0.0102360 secs] [Times: user=0.06 sys=0.00, real=0.01 secs] 
2014-07-16T04:32:42.649+0000: 3511.737: [GC [PSYoungGen: 331919K->612K(322176K)] 872693K->541450K(1009152K), 0.0051570 secs] [Times: user=0.03 sys=0.00, real=0.00 secs] 
2014-07-16T04:32:43.929+0000: 3513.017: [GC [PSYoungGen: 322148K->1168K(313856K)] 862986K->542118K(1000832K), 0.0044740 secs] [Times: user=0.02 sys=0.00, real=0.00 secs] 
2014-07-16T04:32:45.189+0000: 3514.277: [GC [PSYoungGen: 313804K->1692K(305856K)] 854754K->542714K(992832K), 0.0057370 secs] [Times: user=0.03 sys=0.00, real=0.00 secs] 
2014-07-16T04:32:46.288+0000: 3515.377: [GC [PSYoungGen: 305820K->826K(296768K)] 846842K->541920K(983744K), 0.0040520 secs] [Times: user=0.02 sys=0.00, real=0.00 secs] 
2014-07-16T04:32:47.394+0000: 3516.482: [GC [PSYoungGen: 296762K->1560K(289664K)] 837856K->542742K(976640K), 0.0100450 secs] [Times: user=0.07 sys=0.00, real=0.01 secs] 
2014-07-16T04:32:48.445+0000: 3517.533: [GC [PSYoungGen: 289624K->808K(281344K)] 830806K->542062K(968320K), 0.0074120 secs] [Times: user=0.05 sys=0.00, real=0.01 secs] 
2014-07-16T04:32:49.579+0000: 3518.668: [GC [PSYoungGen: 281289K->1604K(274880K)] 822543K->542930K(961856K), 0.0067970 secs] [Times: user=0.03 sys=0.00, real=0.00 secs] 
2014-07-16T04:32:50.604+0000: 3519.692: [GC [PSYoungGen: 274820K->1018K(267264K)] 816146K->542416K(954240K), 0.0074630 secs] [Times: user=0.04 sys=0.00, real=0.01 secs] 
2014-07-16T04:32:51.579+0000: 3520.667: [GC [PSYoungGen: 267256K->644K(260224K)] 808654K->542098K(947200K), 0.0146770 secs] [Times: user=0.10 sys=0.01, real=0.01 secs] 
2014-07-16T04:32:52.543+0000: 3521.631: [GC [PSYoungGen: 260144K->954K(254016K)] 801598K->542480K(940992K), 0.0090690 secs] [Times: user=0.06 sys=0.00, real=0.01 secs] 
2014-07-16T04:32:53.495+0000: 3522.583: [GC [PSYoungGen: 254009K->1346K(248256K)] 795535K->542952K(935232K), 0.0074230 secs] [Times: user=0.03 sys=0.00, real=0.01 secs] 
2014-07-16T04:32:54.464+0000: 3523.552: [GC [PSYoungGen: 248194K->694K(241536K)] 789800K->542364K(928512K), 0.0084210 secs] [Times: user=0.05 sys=0.00, real=0.01 secs] 
2014-07-16T04:32:55.463+0000: 3524.551: [GC [PSYoungGen: 241477K->1418K(236544K)] 783147K->543192K(923520K), 0.0080290 secs] [Times: user=0.05 sys=0.00, real=0.01 secs] 
2014-07-16T04:32:56.346+0000: 3525.434: [GC [PSYoungGen: 236490K->1322K(230848K)] 778264K->543168K(917824K), 0.0087210 secs] [Times: user=0.06 sys=0.00, real=0.01 secs] 
2014-07-16T04:32:57.195+0000: 3526.283: [GC [PSYoungGen: 230826K->1686K(225856K)] 772672K->543580K(912832K), 0.0111020 secs] [Times: user=0.07 sys=0.01, real=0.01 secs] 
2014-07-16T04:32:58.060+0000: 3527.148: [GC [PSYoungGen: 225814K->1062K(270080K)] 767708K->543514K(957056K), 0.0104010 secs] [Times: user=0.07 sys=0.00, real=0.01 secs] 
2014-07-16T04:32:59.134+0000: 3528.223: [GC [PSYoungGen: 270054K->2222K(325056K)] 812506K->544886K(1012032K), 0.0154280 secs] [Times: user=0.09 sys=0.01, real=0.02 secs] 
2014-07-16T04:33:00.297+0000: 3529.385: [GC [PSYoungGen: 325032K->844K(314752K)] 867696K->543936K(1001728K), 0.0075050 secs] [Times: user=0.05 sys=0.01, real=0.01 secs] 
2014-07-16T04:33:01.464+0000: 3530.552: [GC [PSYoungGen: 314700K->690K(305984K)] 857792K->543878K(992960K), 0.0071020 secs] [Times: user=0.04 sys=0.00, real=0.01 secs] 
2014-07-16T04:33:02.593+0000: 3531.681: [GC [PSYoungGen: 305970K->926K(297984K)] 849158K->544154K(984960K), 0.0124230 secs] [Times: user=0.06 sys=0.00, real=0.01 secs] 
2014-07-16T04:33:03.682+0000: 3532.770: [GC [PSYoungGen: 297950K->1104K(290240K)] 841178K->544404K(977216K), 0.0116750 secs] [Times: user=0.08 sys=0.00, real=0.01 secs] 
2014-07-16T04:33:04.820+0000: 3533.908: [GC [PSYoungGen: 290192K->1094K(282624K)] 833492K->544466K(969600K), 0.0043010 secs] [Times: user=0.03 sys=0.00, real=0.00 secs] 
2014-07-16T04:33:05.897+0000: 3534.985: [GC [PSYoungGen: 282566K->1096K(275328K)] 825938K->544548K(962304K), 0.0057120 secs] [Times: user=0.03 sys=0.00, real=0.01 secs] 
2014-07-16T04:33:06.902+0000: 3535.990: [GC [PSYoungGen: 275272K->1004K(268160K)] 818724K->544528K(955136K), 0.0047370 secs] [Times: user=0.03 sys=0.00, real=0.00 secs] 
2014-07-16T04:33:07.890+0000: 3536.978: [GC [PSYoungGen: 268140K->940K(261312K)] 811664K->544536K(948288K), 0.0051020 secs] [Times: user=0.02 sys=0.00, real=0.00 secs] 
2014-07-16T04:33:08.853+0000: 3537.941: [GC [PSYoungGen: 261292K->1232K(255104K)] 804888K->544916K(942080K), 0.0113070 secs] [Times: user=0.06 sys=0.00, real=0.01 secs] 
2014-07-16T04:33:09.904+0000: 3538.993: [GC [PSYoungGen: 255055K->968K(248576K)] 798739K->544692K(935552K), 0.0089180 secs] [Times: user=0.03 sys=0.00, real=0.01 secs] 
2014-07-16T04:33:10.819+0000: 3539.907: [GC [PSYoungGen: 248502K->1154K(242752K)] 792226K->544974K(929728K), 0.0090890 secs] [Times: user=0.06 sys=0.00, real=0.01 secs] 
2014-07-16T04:33:11.739+0000: 3540.827: [GC [PSYoungGen: 242690K->1734K(237504K)] 786510K->545642K(924480K), 0.0090350 secs] [Times: user=0.06 sys=0.00, real=0.01 secs] 
2014-07-16T04:33:12.587+0000: 3541.675: [GC [PSYoungGen: 237446K->738K(230912K)] 781354K->545142K(917888K), 0.0093590 secs] [Times: user=0.05 sys=0.00, real=0.01 secs] 
2014-07-16T04:33:13.453+0000: 3542.541: [GC [PSYoungGen: 230882K->890K(277120K)] 775286K->545318K(964096K), 0.0150140 secs] [Times: user=0.09 sys=0.00, real=0.01 secs] 
2014-07-16T04:33:14.552+0000: 3543.640: [GC [PSYoungGen: 277094K->872K(270016K)] 821522K->545462K(956992K), 0.0052600 secs] [Times: user=0.02 sys=0.00, real=0.00 secs] 
2014-07-16T04:33:15.601+0000: 3544.689: [GC [PSYoungGen: 269984K->1186K(263488K)] 814574K->545848K(950464K), 0.0111360 secs] [Times: user=0.07 sys=0.00, real=0.01 secs] 
2014-07-16T04:33:16.551+0000: 3545.639: [GC [PSYoungGen: 263458K->1226K(256960K)] 808120K->545960K(943936K), 0.0089900 secs] [Times: user=0.06 sys=0.00, real=0.01 secs] 
2014-07-16T04:33:17.495+0000: 3546.583: [GC [PSYoungGen: 256906K->1418K(250816K)] 801640K->546232K(937792K), 0.0052530 secs] [Times: user=0.03 sys=0.00, real=0.00 secs] 
2014-07-16T04:33:18.423+0000: 3547.511: [GC [PSYoungGen: 250762K->886K(244160K)] 795576K->545788K(931136K), 0.0083250 secs] [Times: user=0.03 sys=0.00, real=0.01 secs] 
2014-07-16T04:33:19.388+0000: 3548.476: [GC [PSYoungGen: 244140K->1842K(239232K)] 789043K->546856K(926208K), 0.0072390 secs] [Times: user=0.05 sys=0.00, real=0.01 secs] 
2014-07-16T04:33:20.246+0000: 3549.334: [GC [PSYoungGen: 239218K->1022K(232768K)] 784232K->546452K(919744K), 0.0114840 secs] [Times: user=0.05 sys=0.00, real=0.01 secs] 
2014-07-16T04:33:21.084+0000: 3550.172: [GC [PSYoungGen: 232766K->1226K(227584K)] 778196K->546712K(914560K), 0.0079710 secs] [Times: user=0.04 sys=0.01, real=0.01 secs] 
2014-07-16T04:33:21.915+0000: 3551.004: [GC [PSYoungGen: 227529K->1090K(222208K)] 773016K->546856K(909184K), 0.0047940 secs] [Times: user=0.02 sys=0.01, real=0.00 secs] 
2014-07-16T04:33:22.732+0000: 3551.821: [GC [PSYoungGen: 222121K->1348K(217408K)] 767887K->547178K(904384K), 0.0075380 secs] [Times: user=0.04 sys=0.01, real=0.00 secs] 
2014-07-16T04:33:23.522+0000: 3552.610: [GC [PSYoungGen: 217348K->872K(260096K)] 763178K->546782K(947072K), 0.0138250 secs] [Times: user=0.08 sys=0.00, real=0.02 secs] 
2014-07-16T04:33:24.568+0000: 3553.656: [GC [PSYoungGen: 260072K->1664K(254464K)] 805982K->547646K(941440K), 0.0068410 secs] [Times: user=0.02 sys=0.00, real=0.01 secs] 
2014-07-16T04:33:25.455+0000: 3554.543: [GC [PSYoungGen: 254400K->1122K(247680K)] 800382K->547176K(934656K), 0.0096420 secs] [Times: user=0.06 sys=0.00, real=0.01 secs] 
2014-07-16T04:33:26.417+0000: 3555.505: [GC [PSYoungGen: 247650K->694K(241216K)] 793704K->546812K(928192K), 0.0094430 secs] [Times: user=0.07 sys=0.00, real=0.01 secs] 
2014-07-16T04:33:27.285+0000: 3556.373: [GC [PSYoungGen: 241206K->1640K(236416K)] 787324K->547838K(923392K), 0.0064030 secs] [Times: user=0.04 sys=0.00, real=0.00 secs] 
2014-07-16T04:33:28.180+0000: 3557.268: [GC [PSYoungGen: 236343K->1126K(230336K)] 782542K->547372K(917312K), 0.0089830 secs] [Times: user=0.06 sys=0.00, real=0.01 secs] 
2014-07-16T04:33:29.012+0000: 3558.100: [GC [PSYoungGen: 230310K->940K(224768K)] 776556K->547274K(911744K), 0.0077310 secs] [Times: user=0.06 sys=0.00, real=0.01 secs] 
2014-07-16T04:33:29.876+0000: 3558.964: [GC [PSYoungGen: 224734K->776K(219456K)] 771069K->547182K(906432K), 0.0085790 secs] [Times: user=0.06 sys=0.00, real=0.01 secs] 
2014-07-16T04:33:30.671+0000: 3559.759: [GC [PSYoungGen: 219368K->972K(214656K)] 765774K->547442K(901632K), 0.0065730 secs] [Times: user=0.03 sys=0.00, real=0.01 secs] 
2014-07-16T04:33:31.456+0000: 3560.544: [GC [PSYoungGen: 214604K->926K(209792K)] 761074K->547476K(896768K), 0.0064120 secs] [Times: user=0.03 sys=0.00, real=0.00 secs] 
2014-07-16T04:33:32.267+0000: 3561.355: [GC [PSYoungGen: 209758K->1314K(205504K)] 756308K->547920K(892480K), 0.0047580 secs] [Times: user=0.02 sys=0.00, real=0.00 secs] 
2014-07-16T04:33:33.023+0000: 3562.111: [GC [PSYoungGen: 205474K->690K(200384K)] 752080K->547392K(887360K), 0.0064060 secs] [Times: user=0.04 sys=0.00, real=0.01 secs] 
2014-07-16T04:33:33.770+0000: 3562.858: [GC [PSYoungGen: 200351K->1136K(196480K)] 747053K->547934K(883456K), 0.0084960 secs] [Times: user=0.07 sys=0.00, real=0.01 secs] 
2014-07-16T04:33:34.605+0000: 3563.693: [GC [PSYoungGen: 196464K->1830K(193024K)] 743262K->548708K(880000K), 0.0060990 secs] [Times: user=0.04 sys=0.00, real=0.00 secs] 
2014-07-16T04:33:35.258+0000: 3564.346: [GC [PSYoungGen: 192998K->752K(187904K)] 739876K->548154K(874880K), 0.0045300 secs] [Times: user=0.03 sys=0.00, real=0.00 secs] 
2014-07-16T04:33:35.963+0000: 3565.051: [GC [PSYoungGen: 187888K->954K(184192K)] 735290K->548428K(871168K), 0.0114680 secs] [Times: user=0.07 sys=0.00, real=0.02 secs] 
2014-07-16T04:33:36.662+0000: 3565.751: [GC [PSYoungGen: 184186K->908K(220864K)] 731660K->548520K(907840K), 0.0086030 secs] [Times: user=0.05 sys=0.00, real=0.01 secs] 
2014-07-16T04:33:37.461+0000: 3566.549: [GC [PSYoungGen: 220812K->808K(215680K)] 768424K->548524K(902656K), 0.0059700 secs] [Times: user=0.04 sys=0.00, real=0.01 secs] 
2014-07-16T04:33:38.254+0000: 3567.342: [GC [PSYoungGen: 215656K->1090K(211136K)] 763372K->548878K(898112K), 0.0042710 secs] [Times: user=0.02 sys=0.00, real=0.01 secs] 
2014-07-16T04:33:39.032+0000: 3568.121: [GC [PSYoungGen: 211074K->1514K(253568K)] 758862K->549382K(940544K), 0.0154350 secs] [Times: user=0.09 sys=0.00, real=0.02 secs] 
2014-07-16T04:33:40.036+0000: 3569.124: [GC [PSYoungGen: 253525K->934K(303424K)] 801393K->549330K(990400K), 0.0114410 secs] [Times: user=0.08 sys=0.00, real=0.01 secs] 
2014-07-16T04:33:41.141+0000: 3570.229: [GC [PSYoungGen: 303352K->1504K(295872K)] 851749K->549965K(982848K), 0.0052640 secs] [Times: user=0.03 sys=0.00, real=0.01 secs] 
2014-07-16T04:33:42.226+0000: 3571.314: [GC [PSYoungGen: 295840K->722K(287296K)] 844301K->549362K(974272K), 0.0043810 secs] [Times: user=0.02 sys=0.00, real=0.00 secs] 
2014-07-16T04:33:43.314+0000: 3572.402: [GC [PSYoungGen: 287244K->794K(279872K)] 835884K->549522K(966848K), 0.0066860 secs] [Times: user=0.04 sys=0.00, real=0.01 secs] 
2014-07-16T04:33:44.361+0000: 3573.449: [GC [PSYoungGen: 279834K->1104K(272960K)] 828562K->549912K(959936K), 0.0074470 secs] [Times: user=0.05 sys=0.00, real=0.01 secs] 
2014-07-16T04:33:45.370+0000: 3574.458: [GC [PSYoungGen: 272912K->680K(265600K)] 821720K->549568K(952576K), 0.0060770 secs] [Times: user=0.03 sys=0.00, real=0.01 secs] 
2014-07-16T04:33:46.386+0000: 3575.474: [GC [PSYoungGen: 265576K->1490K(259776K)] 814464K->550443K(946752K), 0.0112030 secs] [Times: user=0.07 sys=0.00, real=0.01 secs] 
2014-07-16T04:33:47.317+0000: 3576.405: [GC [PSYoungGen: 259730K->858K(252736K)] 808683K->549858K(939712K), 0.0055740 secs] [Times: user=0.03 sys=0.00, real=0.00 secs] 
2014-07-16T04:33:48.363+0000: 3577.451: [GC [PSYoungGen: 252698K->1012K(246656K)] 801698K->550068K(933632K), 0.0067830 secs] [Times: user=0.04 sys=0.00, real=0.01 secs] 
2014-07-16T04:33:49.275+0000: 3578.363: [GC [PSYoungGen: 246629K->1472K(241216K)] 795686K->550601K(928192K), 0.0112850 secs] [Times: user=0.06 sys=0.00, real=0.02 secs] 
2014-07-16T04:33:50.358+0000: 3579.446: [GC [PSYoungGen: 241109K->1026K(235008K)] 790238K->550210K(921984K), 0.0090680 secs] [Times: user=0.05 sys=0.00, real=0.01 secs] 
2014-07-16T04:33:51.257+0000: 3580.345: [GC [PSYoungGen: 234946K->1126K(229568K)] 784130K->550382K(916544K), 0.0079810 secs] [Times: user=0.05 sys=0.00, real=0.00 secs] 
2014-07-16T04:33:52.085+0000: 3581.173: [GC [PSYoungGen: 229498K->1082K(224192K)] 778755K->550426K(911168K), 0.0089670 secs] [Times: user=0.06 sys=0.00, real=0.01 secs] 
2014-07-16T04:33:52.940+0000: 3582.029: [GC [PSYoungGen: 224186K->1350K(219392K)] 773530K->550782K(906368K), 0.0085650 secs] [Times: user=0.05 sys=0.00, real=0.01 secs] 
2014-07-16T04:33:53.735+0000: 3582.823: [GC [PSYoungGen: 219334K->986K(214016K)] 768766K->550506K(900992K), 0.0072310 secs] [Times: user=0.04 sys=0.00, real=0.01 secs] 
2014-07-16T04:33:54.531+0000: 3583.619: [GC [PSYoungGen: 213978K->1136K(256768K)] 763498K->550720K(943744K), 0.0125150 secs] [Times: user=0.06 sys=0.00, real=0.01 secs] 
2014-07-16T04:33:55.668+0000: 3584.756: [GC [PSYoungGen: 256752K->922K(250240K)] 806336K->550562K(937216K), 0.0087280 secs] [Times: user=0.05 sys=0.00, real=0.00 secs] 
2014-07-16T04:33:56.630+0000: 3585.718: [GC [PSYoungGen: 250202K->1542K(300736K)] 799842K->551230K(987712K), 0.0214770 secs] [Times: user=0.12 sys=0.00, real=0.02 secs] 
2014-07-16T04:33:57.743+0000: 3586.831: [GC [PSYoungGen: 300678K->744K(309184K)] 850366K->550480K(996160K), 0.0133210 secs] [Times: user=0.09 sys=0.00, real=0.01 secs] 
2014-07-16T04:33:58.888+0000: 3587.977: [GC [PSYoungGen: 309096K->972K(310144K)] 858832K->550764K(997120K), 0.0084480 secs] [Times: user=0.04 sys=0.00, real=0.01 secs] 
2014-07-16T04:34:00.154+0000: 3589.242: [GC [PSYoungGen: 309280K->1528K(301504K)] 859072K->551376K(988480K), 0.0068750 secs] [Times: user=0.03 sys=0.01, real=0.01 secs] 
2014-07-16T04:34:01.246+0000: 3590.334: [GC [PSYoungGen: 301463K->562K(292480K)] 851311K->550466K(979456K), 0.0043920 secs] [Times: user=0.02 sys=0.00, real=0.01 secs] 
2014-07-16T04:34:02.327+0000: 3591.415: [GC [PSYoungGen: 292466K->1126K(285312K)] 842370K->551094K(972288K), 0.0044300 secs] [Times: user=0.03 sys=0.00, real=0.01 secs] 
2014-07-16T04:34:03.369+0000: 3592.457: [GC [PSYoungGen: 285286K->1314K(278080K)] 835254K->551354K(965056K), 0.0069900 secs] [Times: user=0.03 sys=0.00, real=0.00 secs] 
2014-07-16T04:34:04.375+0000: 3593.463: [GC [PSYoungGen: 278050K->936K(270592K)] 828090K->551048K(957568K), 0.0106920 secs] [Times: user=0.07 sys=0.00, real=0.01 secs] 
2014-07-16T04:34:05.422+0000: 3594.510: [GC [PSYoungGen: 270568K->1304K(264128K)] 820680K->551480K(951104K), 0.0083050 secs] [Times: user=0.06 sys=0.00, real=0.01 secs] 
2014-07-16T04:34:06.407+0000: 3595.496: [GC [PSYoungGen: 264055K->1208K(257408K)] 814232K->551432K(944384K), 0.0112730 secs] [Times: user=0.07 sys=0.01, real=0.01 secs] 
2014-07-16T04:34:07.361+0000: 3596.449: [GC [PSYoungGen: 257350K->1076K(250944K)] 807575K->551396K(937920K), 0.0088090 secs] [Times: user=0.06 sys=0.00, real=0.01 secs] 
2014-07-16T04:34:08.307+0000: 3597.395: [GC [PSYoungGen: 250907K->1328K(245056K)] 801228K->551720K(932032K), 0.0095850 secs] [Times: user=0.05 sys=0.00, real=0.01 secs] 
2014-07-16T04:34:09.209+0000: 3598.298: [GC [PSYoungGen: 245040K->1586K(239424K)] 795432K->552082K(926400K), 0.0086570 secs] [Times: user=0.06 sys=0.00, real=0.00 secs] 
2014-07-16T04:34:10.212+0000: 3599.301: [GC [PSYoungGen: 239410K->690K(232832K)] 789906K->551652K(919808K), 0.0114630 secs] [Times: user=0.07 sys=0.00, real=0.01 secs] 
2014-07-16T04:34:11.062+0000: 3600.151: [GC [PSYoungGen: 232811K->1790K(280384K)] 783774K->552915K(967360K), 0.0108900 secs] [Times: user=0.07 sys=0.00, real=0.01 secs] 
2014-07-16T04:34:12.170+0000: 3601.258: [GC [PSYoungGen: 280382K->1064K(335424K)] 831507K->552564K(1022400K), 0.0111850 secs] [Times: user=0.07 sys=0.00, real=0.01 secs] 
2014-07-16T04:34:13.397+0000: 3602.485: [GC [PSYoungGen: 335400K->894K(325824K)] 886900K->552459K(1012800K), 0.0075200 secs] [Times: user=0.05 sys=0.00, real=0.01 secs] 
2014-07-16T04:34:14.594+0000: 3603.682: [GC [PSYoungGen: 325822K->658K(316608K)] 877387K->552318K(1003584K), 0.0060510 secs] [Times: user=0.02 sys=0.00, real=0.01 secs] 
2014-07-16T04:34:15.860+0000: 3604.949: [GC [PSYoungGen: 316507K->1104K(308416K)] 868167K->552844K(995392K), 0.0081910 secs] [Times: user=0.04 sys=0.01, real=0.00 secs] 
2014-07-16T04:34:17.012+0000: 3606.100: [GC [PSYoungGen: 308368K->1040K(300032K)] 860108K->552821K(987008K), 0.0085180 secs] [Times: user=0.05 sys=0.00, real=0.01 secs] 
2014-07-16T04:34:18.169+0000: 3607.257: [GC [PSYoungGen: 299984K->1368K(292352K)] 851765K->553237K(979328K), 0.0077060 secs] [Times: user=0.04 sys=0.00, real=0.01 secs] 
2014-07-16T04:34:19.256+0000: 3608.344: [GC [PSYoungGen: 292312K->612K(283904K)] 844181K->552552K(970880K), 0.0087890 secs] [Times: user=0.06 sys=0.00, real=0.01 secs] 
2014-07-16T04:34:20.399+0000: 3609.487: [GC [PSYoungGen: 283876K->1238K(277184K)] 835816K->553250K(964160K), 0.0051060 secs] [Times: user=0.02 sys=0.00, real=0.01 secs] 
2014-07-16T04:34:21.391+0000: 3610.480: [GC [PSYoungGen: 277142K->794K(269632K)] 829154K->552878K(956608K), 0.0085540 secs] [Times: user=0.06 sys=0.00, real=0.00 secs] 
2014-07-16T04:34:22.382+0000: 3611.470: [GC [PSYoungGen: 269557K->1158K(263168K)] 821642K->553307K(950144K), 0.0138150 secs] [Times: user=0.09 sys=0.00, real=0.01 secs] 
2014-07-16T04:34:23.342+0000: 3612.430: [GC [PSYoungGen: 263110K->1144K(256512K)] 815259K->553357K(943488K), 0.0037830 secs] [Times: user=0.02 sys=0.01, real=0.00 secs] 
2014-07-16T04:34:24.297+0000: 3613.385: [GC [PSYoungGen: 256474K->940K(249984K)] 808687K->553233K(936960K), 0.0047140 secs] [Times: user=0.03 sys=0.00, real=0.01 secs] 
2014-07-16T04:34:25.218+0000: 3614.306: [GC [PSYoungGen: 249964K->862K(243840K)] 802257K->553219K(930816K), 0.0065350 secs] [Times: user=0.04 sys=0.00, real=0.01 secs] 
2014-07-16T04:34:26.143+0000: 3615.231: [GC [PSYoungGen: 243780K->1126K(238208K)] 796137K->553563K(925184K), 0.0059540 secs] [Times: user=0.02 sys=0.00, real=0.00 secs] 
2014-07-16T04:34:27.042+0000: 3616.130: [GC [PSYoungGen: 238146K->1456K(232896K)] 790583K->553949K(919872K), 0.0049790 secs] [Times: user=0.02 sys=0.01, real=0.00 secs] 
2014-07-16T04:34:27.904+0000: 3616.992: [GC [PSYoungGen: 232880K->694K(226688K)] 785373K->553250K(913664K), 0.0108080 secs] [Times: user=0.07 sys=0.00, real=0.01 secs] 
2014-07-16T04:34:28.827+0000: 3617.915: [GC [PSYoungGen: 226678K->1000K(221760K)] 779234K->553644K(908736K), 0.0123180 secs] [Times: user=0.08 sys=0.00, real=0.01 secs] 
2014-07-16T04:34:29.676+0000: 3618.764: [GC [PSYoungGen: 221736K->826K(265728K)] 774380K->553510K(952704K), 0.0158850 secs] [Times: user=0.09 sys=0.00, real=0.01 secs] 
2014-07-16T04:34:30.743+0000: 3619.831: [GC [PSYoungGen: 265713K->1426K(259712K)] 818398K->554159K(946688K), 0.0045740 secs] [Times: user=0.02 sys=0.00, real=0.00 secs] 
2014-07-16T04:34:31.639+0000: 3620.727: [GC [PSYoungGen: 259666K->918K(310848K)] 812399K->553714K(997824K), 0.0159880 secs] [Times: user=0.09 sys=0.01, real=0.02 secs] 
2014-07-16T04:34:32.821+0000: 3621.909: [GC [PSYoungGen: 310783K->740K(348800K)] 863580K->553624K(1035776K), 0.0067790 secs] [Times: user=0.05 sys=0.00, real=0.01 secs] 
2014-07-16T04:34:34.140+0000: 3623.228: [GC [PSYoungGen: 348323K->1238K(338944K)] 901208K->554202K(1025920K), 0.0053690 secs] [Times: user=0.03 sys=0.00, real=0.01 secs] 
2014-07-16T04:34:35.390+0000: 3624.478: [GC [PSYoungGen: 338902K->498K(328640K)] 891866K->553930K(1015616K), 0.0048000 secs] [Times: user=0.02 sys=0.00, real=0.01 secs] 
2014-07-16T04:34:36.789+0000: 3625.878: [GC [PSYoungGen: 328626K->1508K(320512K)] 882058K->555005K(1007488K), 0.0073530 secs] [Times: user=0.05 sys=0.00, real=0.01 secs] 
Heap
 PSYoungGen      total 320512K, used 259995K [0x0000000755560000, 0x000000076aa20000, 0x0000000800000000)
  eden space 318976K, 81% used [0x0000000755560000,0x00000007651cdba0,0x0000000768ce0000)
  from space 1536K, 98% used [0x000000076a750000,0x000000076a8c9178,0x000000076a8d0000)
  to   space 1344K, 0% used [0x000000076a8d0000,0x000000076a8d0000,0x000000076aa20000)
 ParOldGen       total 686976K, used 553496K [0x0000000600000000, 0x0000000629ee0000, 0x0000000755560000)
  object space 686976K, 80% used [0x0000000600000000,0x0000000621c863a8,0x0000000629ee0000)
 PSPermGen       total 21248K, used 11808K [0x00000005f5a00000, 0x00000005f6ec0000, 0x0000000600000000)
  object space 21248K, 55% used [0x00000005f5a00000,0x00000005f65880b8,0x00000005f6ec0000)
