2014-07-28T19:34:04.707+0000: 7.084: [GC [PSYoungGen: 257728K->5059K(300608K)] 257728K->5067K(987584K), 0.0188420 secs] [Times: user=0.05 sys=0.01, real=0.02 secs] 
2014-07-28T19:34:08.518+0000: 10.896: [GC [PSYoungGen: 262787K->6290K(300608K)] 262795K->6306K(987584K), 0.0188050 secs] [Times: user=0.11 sys=0.03, real=0.02 secs] 
2014-07-28T19:34:11.042+0000: 13.420: [GC [PSYoungGen: 264018K->5682K(300608K)] 264034K->5706K(987584K), 0.0059710 secs] [Times: user=0.03 sys=0.00, real=0.00 secs] 
2014-07-28T19:34:12.690+0000: 15.068: [GC [PSYoungGen: 263375K->5712K(300608K)] 263399K->5744K(987584K), 0.0057610 secs] [Times: user=0.03 sys=0.00, real=0.01 secs] 
2014-07-28T19:34:14.427+0000: 16.805: [GC [PSYoungGen: 263440K->5746K(257088K)] 263472K->5786K(944064K), 0.0223920 secs] [Times: user=0.16 sys=0.00, real=0.02 secs] 
2014-07-28T19:34:16.132+0000: 18.510: [GC [PSYoungGen: 257074K->5616K(250816K)] 257114K->5656K(937792K), 0.0063490 secs] [Times: user=0.02 sys=0.01, real=0.00 secs] 
2014-07-28T19:34:17.801+0000: 20.179: [GC [PSYoungGen: 250800K->288K(239552K)] 250840K->5667K(926528K), 0.0095190 secs] [Times: user=0.04 sys=0.00, real=0.01 secs] 
2014-07-28T19:34:19.459+0000: 21.837: [GC [PSYoungGen: 239520K->192K(233728K)] 244899K->5631K(920704K), 0.0024240 secs] [Times: user=0.01 sys=0.00, real=0.01 secs] 
2014-07-28T19:34:21.063+0000: 23.441: [GC [PSYoungGen: 233728K->320K(228352K)] 239167K->5759K(915328K), 0.0032230 secs] [Times: user=0.02 sys=0.00, real=0.00 secs] 
2014-07-28T19:34:22.654+0000: 25.032: [GC [PSYoungGen: 228352K->352K(223104K)] 233791K->5791K(910080K), 0.0044240 secs] [Times: user=0.03 sys=0.00, real=0.00 secs] 
2014-07-28T19:34:24.208+0000: 26.586: [GC [PSYoungGen: 223072K->416K(218048K)] 228511K->5879K(905024K), 0.0024330 secs] [Times: user=0.01 sys=0.00, real=0.00 secs] 
2014-07-28T19:34:25.728+0000: 28.106: [GC [PSYoungGen: 218016K->320K(212992K)] 223479K->5863K(899968K), 0.0044630 secs] [Times: user=0.02 sys=0.00, real=0.00 secs] 
2014-07-28T19:34:27.214+0000: 29.592: [GC [PSYoungGen: 212992K->320K(208192K)] 218535K->5927K(895168K), 0.0018630 secs] [Times: user=0.01 sys=0.00, real=0.00 secs] 
2014-07-28T19:34:28.673+0000: 31.051: [GC [PSYoungGen: 208192K->416K(203712K)] 213799K->6071K(890688K), 0.0031390 secs] [Times: user=0.02 sys=0.00, real=0.01 secs] 
2014-07-28T19:34:30.096+0000: 32.474: [GC [PSYoungGen: 203680K->352K(199168K)] 209335K->6023K(886144K), 0.0026300 secs] [Times: user=0.01 sys=0.00, real=0.00 secs] 
2014-07-28T19:34:31.486+0000: 33.864: [GC [PSYoungGen: 199136K->384K(194880K)] 204807K->6135K(881856K), 0.0039870 secs] [Times: user=0.01 sys=0.00, real=0.00 secs] 
2014-07-28T19:34:32.851+0000: 35.229: [GC [PSYoungGen: 194880K->256K(190592K)] 200631K->6039K(877568K), 0.0055450 secs] [Times: user=0.03 sys=0.00, real=0.01 secs] 
2014-07-28T19:34:34.185+0000: 36.563: [GC [PSYoungGen: 190592K->256K(186560K)] 196375K->6071K(873536K), 0.0061590 secs] [Times: user=0.03 sys=0.00, real=0.00 secs] 
2014-07-28T19:34:35.492+0000: 37.870: [GC [PSYoungGen: 186560K->256K(189568K)] 192375K->6127K(876544K), 0.0031450 secs] [Times: user=0.01 sys=0.01, real=0.01 secs] 
2014-07-28T19:34:36.768+0000: 39.146: [GC [PSYoungGen: 182656K->352K(179008K)] 188527K->6279K(865984K), 0.0026220 secs] [Times: user=0.01 sys=0.00, real=0.00 secs] 
2014-07-28T19:34:38.035+0000: 40.413: [GC [PSYoungGen: 178976K->402K(181568K)] 184903K->6361K(868544K), 0.0025450 secs] [Times: user=0.01 sys=0.01, real=0.01 secs] 
2014-07-28T19:34:39.244+0000: 41.622: [GC [PSYoungGen: 175356K->256K(171712K)] 181316K->6271K(858688K), 0.0045970 secs] [Times: user=0.02 sys=0.00, real=0.01 secs] 
2014-07-28T19:34:40.447+0000: 42.824: [GC [PSYoungGen: 171712K->192K(174016K)] 177727K->6247K(860992K), 0.0029600 secs] [Times: user=0.01 sys=0.00, real=0.00 secs] 
2014-07-28T19:34:41.627+0000: 44.005: [GC [PSYoungGen: 168255K->288K(165120K)] 174310K->6407K(852096K), 0.0039590 secs] [Times: user=0.02 sys=0.00, real=0.00 secs] 
2014-07-28T19:34:42.782+0000: 45.160: [GC [PSYoungGen: 165043K->192K(166976K)] 171163K->6343K(853952K), 0.0022430 secs] [Times: user=0.01 sys=0.00, real=0.00 secs] 
2014-07-28T19:34:43.912+0000: 46.290: [GC [PSYoungGen: 161792K->402K(158976K)] 167943K->6609K(845952K), 0.0025560 secs] [Times: user=0.01 sys=0.00, real=0.00 secs] 
2014-07-28T19:34:45.024+0000: 47.402: [GC [PSYoungGen: 158930K->242K(155776K)] 165137K->6489K(842752K), 0.0020480 secs] [Times: user=0.01 sys=0.00, real=0.01 secs] 
2014-07-28T19:34:46.115+0000: 48.493: [GC [PSYoungGen: 155762K->320K(152960K)] 162009K->6623K(839936K), 0.0030990 secs] [Times: user=0.01 sys=0.00, real=0.01 secs] 
2014-07-28T19:34:47.186+0000: 49.564: [GC [PSYoungGen: 152929K->338K(154048K)] 159233K->6697K(841024K), 0.0030450 secs] [Times: user=0.01 sys=0.00, real=0.01 secs] 
2014-07-28T19:34:48.238+0000: 50.616: [GC [PSYoungGen: 150162K->480K(147584K)] 156521K->6927K(834560K), 0.0033650 secs] [Times: user=0.02 sys=0.00, real=0.00 secs] 
2014-07-28T19:34:49.269+0000: 51.647: [GC [PSYoungGen: 147552K->352K(144832K)] 153999K->6871K(831808K), 0.0050640 secs] [Times: user=0.03 sys=0.00, real=0.00 secs] 
2014-07-28T19:34:50.282+0000: 52.660: [GC [PSYoungGen: 144772K->320K(142208K)] 151291K->6895K(829184K), 0.0043740 secs] [Times: user=0.02 sys=0.00, real=0.00 secs] 
2014-07-28T19:34:51.278+0000: 53.656: [GC [PSYoungGen: 142161K->480K(142656K)] 148737K->7167K(829632K), 0.0021070 secs] [Times: user=0.01 sys=0.01, real=0.00 secs] 
2014-07-28T19:34:52.254+0000: 54.632: [GC [PSYoungGen: 139872K->288K(137280K)] 146559K->7015K(824256K), 0.0047340 secs] [Times: user=0.02 sys=0.00, real=0.01 secs] 
2014-07-28T19:34:53.216+0000: 55.594: [GC [PSYoungGen: 137248K->288K(134912K)] 143975K->7087K(821888K), 0.0026640 secs] [Times: user=0.01 sys=0.01, real=0.01 secs] 
2014-07-28T19:34:54.164+0000: 56.542: [GC [PSYoungGen: 134853K->224K(132544K)] 141652K->7039K(819520K), 0.0043630 secs] [Times: user=0.02 sys=0.01, real=0.01 secs] 
2014-07-28T19:34:55.090+0000: 57.468: [GC [PSYoungGen: 132512K->160K(130240K)] 139327K->6991K(817216K), 0.0027480 secs] [Times: user=0.01 sys=0.01, real=0.00 secs] 
2014-07-28T19:34:56.003+0000: 58.381: [GC [PSYoungGen: 130208K->274K(128192K)] 137039K->7145K(815168K), 0.0034760 secs] [Times: user=0.03 sys=0.00, real=0.00 secs] 
2014-07-28T19:34:56.899+0000: 59.277: [GC [PSYoungGen: 128146K->224K(126016K)] 135017K->7127K(812992K), 0.0090100 secs] [Times: user=0.06 sys=0.01, real=0.00 secs] 
2014-07-28T19:34:57.782+0000: 60.160: [GC [PSYoungGen: 125971K->256K(123968K)] 132875K->7199K(810944K), 0.0048870 secs] [Times: user=0.03 sys=0.01, real=0.00 secs] 
2014-07-28T19:34:58.645+0000: 61.023: [GC [PSYoungGen: 123968K->160K(121920K)] 130911K->7111K(808896K), 0.0052980 secs] [Times: user=0.02 sys=0.00, real=0.01 secs] 
2014-07-28T19:34:59.494+0000: 61.872: [GC [PSYoungGen: 121888K->192K(120000K)] 128839K->7167K(806976K), 0.0027130 secs] [Times: user=0.01 sys=0.00, real=0.00 secs] 
2014-07-28T19:35:00.332+0000: 62.709: [GC [PSYoungGen: 120000K->160K(118144K)] 126975K->7151K(805120K), 0.0029050 secs] [Times: user=0.01 sys=0.00, real=0.00 secs] 
2014-07-28T19:35:01.159+0000: 63.537: [GC [PSYoungGen: 118112K->192K(116352K)] 125103K->7215K(803328K), 0.0028930 secs] [Times: user=0.01 sys=0.01, real=0.00 secs] 
2014-07-28T19:35:01.977+0000: 64.355: [GC [PSYoungGen: 116352K->288K(114688K)] 123375K->7359K(801664K), 0.0076190 secs] [Times: user=0.06 sys=0.01, real=0.01 secs] 
2014-07-28T19:35:02.829+0000: 65.207: [GC [PSYoungGen: 114656K->352K(113024K)] 121727K->7463K(800000K), 0.0038000 secs] [Times: user=0.02 sys=0.01, real=0.01 secs] 
2014-07-28T19:35:03.685+0000: 66.063: [GC [PSYoungGen: 112992K->224K(111232K)] 120103K->7343K(798208K), 0.0054290 secs] [Times: user=0.01 sys=0.00, real=0.01 secs] 
2014-07-28T19:35:04.535+0000: 66.913: [GC [PSYoungGen: 111200K->288K(109632K)] 118319K->7431K(796608K), 0.0033030 secs] [Times: user=0.02 sys=0.01, real=0.00 secs] 
2014-07-28T19:35:05.385+0000: 67.763: [GC [PSYoungGen: 109600K->370K(108096K)] 116743K->7545K(795072K), 0.0051120 secs] [Times: user=0.03 sys=0.00, real=0.01 secs] 
2014-07-28T19:35:06.203+0000: 68.581: [GC [PSYoungGen: 108082K->320K(106496K)] 115257K->7511K(793472K), 0.0045970 secs] [Times: user=0.01 sys=0.01, real=0.00 secs] 
2014-07-28T19:35:07.033+0000: 69.411: [GC [PSYoungGen: 106492K->516K(105216K)] 113683K->7739K(792192K), 0.0072730 secs] [Times: user=0.03 sys=0.01, real=0.01 secs] 
2014-07-28T19:35:07.845+0000: 70.223: [GC [PSYoungGen: 105156K->626K(103808K)] 112379K->7881K(790784K), 0.0130830 secs] [Times: user=0.07 sys=0.01, real=0.01 secs] 
2014-07-28T19:35:08.642+0000: 71.019: [GC [PSYoungGen: 103794K->288K(102016K)] 111049K->7567K(788992K), 0.0042680 secs] [Times: user=0.01 sys=0.01, real=0.00 secs] 
2014-07-28T19:35:09.424+0000: 71.802: [GC [PSYoungGen: 101984K->320K(100608K)] 109263K->7631K(787584K), 0.0077150 secs] [Times: user=0.04 sys=0.01, real=0.01 secs] 
2014-07-28T19:35:10.183+0000: 72.561: [GC [PSYoungGen: 100597K->320K(99264K)] 107909K->7671K(786240K), 0.0031150 secs] [Times: user=0.02 sys=0.00, real=0.00 secs] 
2014-07-28T19:35:10.846+0000: 73.224: [GC [PSYoungGen: 99264K->192K(97792K)] 106615K->7551K(784768K), 0.0043700 secs] [Times: user=0.01 sys=0.00, real=0.01 secs] 
2014-07-28T19:35:11.528+0000: 73.906: [GC [PSYoungGen: 97792K->160K(96512K)] 105151K->7527K(783488K), 0.0045100 secs] [Times: user=0.01 sys=0.01, real=0.01 secs] 
2014-07-28T19:35:12.205+0000: 74.583: [GC [PSYoungGen: 96480K->160K(95232K)] 103847K->7543K(782208K), 0.0038040 secs] [Times: user=0.02 sys=0.00, real=0.00 secs] 
2014-07-28T19:35:12.867+0000: 75.245: [GC [PSYoungGen: 95200K->224K(94016K)] 102583K->7655K(780992K), 0.0034510 secs] [Times: user=0.02 sys=0.00, real=0.01 secs] 
2014-07-28T19:35:13.540+0000: 75.917: [GC [PSYoungGen: 93973K->256K(92800K)] 101405K->7711K(779776K), 0.0036420 secs] [Times: user=0.02 sys=0.01, real=0.01 secs] 
2014-07-28T19:35:14.228+0000: 76.606: [GC [PSYoungGen: 92783K->324K(91712K)] 100239K->7787K(778688K), 0.0044690 secs] [Times: user=0.01 sys=0.01, real=0.01 secs] 
2014-07-28T19:35:14.915+0000: 77.293: [GC [PSYoungGen: 91652K->224K(90432K)] 99115K->7695K(777408K), 0.0047820 secs] [Times: user=0.01 sys=0.02, real=0.00 secs] 
2014-07-28T19:35:15.582+0000: 77.960: [GC [PSYoungGen: 90356K->224K(89280K)] 97827K->7711K(776256K), 0.0081490 secs] [Times: user=0.05 sys=0.02, real=0.00 secs] 
2014-07-28T19:35:16.246+0000: 78.624: [GC [PSYoungGen: 89248K->274K(88256K)] 96735K->7769K(775232K), 0.0056940 secs] [Times: user=0.02 sys=0.01, real=0.01 secs] 
2014-07-28T19:35:16.899+0000: 79.277: [GC [PSYoungGen: 88210K->288K(87168K)] 95705K->7815K(774144K), 0.0060850 secs] [Times: user=0.02 sys=0.01, real=0.01 secs] 
2014-07-28T19:35:17.545+0000: 79.923: [GC [PSYoungGen: 87136K->224K(86016K)] 94663K->7759K(772992K), 0.0053490 secs] [Times: user=0.01 sys=0.01, real=0.00 secs] 
2014-07-28T19:35:18.186+0000: 80.564: [GC [PSYoungGen: 85975K->256K(84992K)] 93510K->7807K(771968K), 0.0035600 secs] [Times: user=0.01 sys=0.01, real=0.00 secs] 
2014-07-28T19:35:18.823+0000: 81.201: [GC [PSYoungGen: 84963K->256K(83968K)] 92515K->7831K(770944K), 0.0031370 secs] [Times: user=0.01 sys=0.01, real=0.00 secs] 
2014-07-28T19:35:19.445+0000: 81.823: [GC [PSYoungGen: 83968K->352K(83072K)] 91543K->7975K(770048K), 0.0055030 secs] [Times: user=0.02 sys=0.01, real=0.01 secs] 
2014-07-28T19:35:20.066+0000: 82.444: [GC [PSYoungGen: 83040K->448K(82176K)] 90663K->8127K(769152K), 0.0024340 secs] [Times: user=0.01 sys=0.00, real=0.00 secs] 
2014-07-28T19:35:20.685+0000: 83.063: [GC [PSYoungGen: 82176K->352K(81152K)] 89855K->8071K(768128K), 0.0033000 secs] [Times: user=0.01 sys=0.01, real=0.00 secs] 
2014-07-28T19:35:21.293+0000: 83.671: [GC [PSYoungGen: 81120K->370K(80192K)] 88839K->8113K(767168K), 0.0031600 secs] [Times: user=0.01 sys=0.00, real=0.00 secs] 
2014-07-28T19:35:21.912+0000: 84.290: [GC [PSYoungGen: 80178K->256K(79168K)] 87921K->8015K(766144K), 0.0068030 secs] [Times: user=0.04 sys=0.01, real=0.01 secs] 
2014-07-28T19:35:22.518+0000: 84.896: [GC [PSYoungGen: 79168K->544K(78592K)] 86927K->8367K(765568K), 0.0071190 secs] [Times: user=0.05 sys=0.01, real=0.01 secs] 
2014-07-28T19:35:23.029+0000: 85.407: [GC [PSYoungGen: 78560K->384K(77504K)] 86383K->8255K(764480K), 0.0045380 secs] [Times: user=0.02 sys=0.01, real=0.01 secs] 
2014-07-28T19:35:23.572+0000: 85.949: [GC [PSYoungGen: 77504K->256K(76544K)] 85375K->8183K(763520K), 0.0045840 secs] [Times: user=0.02 sys=0.00, real=0.01 secs] 
2014-07-28T19:35:24.106+0000: 86.484: [GC [PSYoungGen: 76544K->384K(75840K)] 84471K->8359K(762816K), 0.0067140 secs] [Times: user=0.03 sys=0.00, real=0.01 secs] 
2014-07-28T19:35:24.634+0000: 87.012: [GC [PSYoungGen: 75840K->288K(74944K)] 83815K->8319K(761920K), 0.0029420 secs] [Times: user=0.01 sys=0.01, real=0.00 secs] 
2014-07-28T19:35:25.156+0000: 87.534: [GC [PSYoungGen: 74912K->320K(74112K)] 82943K->8367K(761088K), 0.0063010 secs] [Times: user=0.03 sys=0.01, real=0.01 secs] 
2014-07-28T19:35:25.671+0000: 88.049: [GC [PSYoungGen: 74112K->192K(73216K)] 82159K->8287K(760192K), 0.0029880 secs] [Times: user=0.01 sys=0.00, real=0.01 secs] 
2014-07-28T19:35:26.183+0000: 88.561: [GC [PSYoungGen: 73216K->160K(72448K)] 81311K->8279K(759424K), 0.0026470 secs] [Times: user=0.01 sys=0.00, real=0.00 secs] 
2014-07-28T19:35:26.707+0000: 89.085: [GC [PSYoungGen: 72416K->384K(71872K)] 80535K->8551K(758848K), 0.0049670 secs] [Times: user=0.03 sys=0.00, real=0.00 secs] 
2014-07-28T19:35:27.232+0000: 89.609: [GC [PSYoungGen: 71872K->288K(71040K)] 80039K->8487K(758016K), 0.0035270 secs] [Times: user=0.02 sys=0.01, real=0.01 secs] 
2014-07-28T19:35:27.759+0000: 90.137: [GC [PSYoungGen: 71008K->224K(70272K)] 79207K->8439K(757248K), 0.0043130 secs] [Times: user=0.02 sys=0.00, real=0.01 secs] 
2014-07-28T19:35:28.284+0000: 90.662: [GC [PSYoungGen: 70205K->274K(69632K)] 78421K->8497K(756608K), 0.0044250 secs] [Times: user=0.01 sys=0.01, real=0.00 secs] 
2014-07-28T19:35:28.796+0000: 91.174: [GC [PSYoungGen: 69586K->416K(69056K)] 77809K->8687K(756032K), 0.0031640 secs] [Times: user=0.81 sys=0.66, real=1.48 secs] 
2014-07-28T19:35:30.582+0000: 92.960: [GC [PSYoungGen: 69024K->576K(82944K)] 77295K->8919K(769920K), 0.0116760 secs] [Times: user=0.10 sys=0.05, real=0.08 secs] 
2014-07-28T19:35:30.966+0000: 93.344: [GC [PSYoungGen: 82944K->192K(99072K)] 91287K->8607K(786048K), 0.0019500 secs] [Times: user=0.01 sys=0.01, real=0.00 secs] 
2014-07-28T19:35:31.655+0000: 94.033: [GC [PSYoungGen: 99072K->416K(97984K)] 107487K->8839K(784960K), 0.0029400 secs] [Times: user=0.02 sys=0.00, real=0.00 secs] 
2014-07-28T19:35:32.339+0000: 94.717: [GC [PSYoungGen: 97952K->384K(96640K)] 106375K->8887K(783616K), 0.0022990 secs] [Times: user=0.01 sys=0.00, real=0.00 secs] 
2014-07-28T19:35:33.022+0000: 95.399: [GC [PSYoungGen: 96640K->224K(95232K)] 105143K->8751K(782208K), 0.0036290 secs] [Times: user=0.01 sys=0.00, real=0.01 secs] 
2014-07-28T19:35:33.685+0000: 96.063: [GC [PSYoungGen: 95188K->192K(93952K)] 103715K->8735K(780928K), 0.0039620 secs] [Times: user=0.02 sys=0.01, real=0.00 secs] 
2014-07-28T19:35:34.346+0000: 96.724: [GC [PSYoungGen: 93952K->192K(92736K)] 102495K->8767K(779712K), 0.0026830 secs] [Times: user=0.02 sys=0.00, real=0.00 secs] 
2014-07-28T19:35:34.993+0000: 97.371: [GC [PSYoungGen: 92727K->224K(91584K)] 101302K->8831K(778560K), 0.0021820 secs] [Times: user=0.01 sys=0.00, real=0.01 secs] 
2014-07-28T19:35:35.634+0000: 98.012: [GC [PSYoungGen: 91512K->256K(90432K)] 100119K->8871K(777408K), 0.0046610 secs] [Times: user=0.02 sys=0.00, real=0.00 secs] 
2014-07-28T19:35:36.309+0000: 98.687: [GC [PSYoungGen: 90432K->416K(89472K)] 99047K->9071K(776448K), 0.0030290 secs] [Times: user=0.01 sys=0.00, real=0.00 secs] 
2014-07-28T19:35:36.967+0000: 99.344: [GC [PSYoungGen: 89440K->224K(88192K)] 98095K->8895K(775168K), 0.0035600 secs] [Times: user=0.01 sys=0.00, real=0.00 secs] 
2014-07-28T19:35:37.572+0000: 99.950: [GC [PSYoungGen: 88160K->160K(87040K)] 96831K->8839K(774016K), 0.0041910 secs] [Times: user=0.01 sys=0.01, real=0.01 secs] 
2014-07-28T19:35:38.182+0000: 100.560: [GC [PSYoungGen: 87008K->320K(86080K)] 95687K->9063K(773056K), 0.0031740 secs] [Times: user=0.01 sys=0.00, real=0.01 secs] 
2014-07-28T19:35:38.785+0000: 101.163: [GC [PSYoungGen: 86080K->512K(85248K)] 94823K->9287K(772224K), 0.0052690 secs] [Times: user=0.02 sys=0.01, real=0.00 secs] 
2014-07-28T19:35:39.383+0000: 101.761: [GC [PSYoungGen: 85248K->160K(83904K)] 94023K->8959K(770880K), 0.0063270 secs] [Times: user=0.04 sys=0.01, real=0.01 secs] 
2014-07-28T19:35:39.967+0000: 102.345: [GC [PSYoungGen: 83872K->256K(82944K)] 92671K->9119K(769920K), 0.0021940 secs] [Times: user=0.01 sys=0.00, real=0.00 secs] 
2014-07-28T19:35:40.542+0000: 102.920: [GC [PSYoungGen: 82924K->242K(81984K)] 91787K->9129K(768960K), 0.0055390 secs] [Times: user=0.03 sys=0.00, real=0.01 secs] 
2014-07-28T19:35:41.113+0000: 103.491: [GC [PSYoungGen: 81949K->288K(81088K)] 90837K->9247K(768064K), 0.0028190 secs] [Times: user=0.01 sys=0.00, real=0.01 secs] 
2014-07-28T19:35:41.682+0000: 104.059: [GC [PSYoungGen: 81056K->320K(80128K)] 90015K->9295K(767104K), 0.0023710 secs] [Times: user=0.01 sys=0.00, real=0.00 secs] 
2014-07-28T19:35:42.258+0000: 104.636: [GC [PSYoungGen: 80128K->416K(79360K)] 89103K->9455K(766336K), 0.0034980 secs] [Times: user=0.01 sys=0.01, real=0.00 secs] 
2014-07-28T19:35:42.840+0000: 105.218: [GC [PSYoungGen: 79328K->320K(78336K)] 88367K->9383K(765312K), 0.0028250 secs] [Times: user=0.01 sys=0.00, real=0.00 secs] 
2014-07-28T19:35:43.417+0000: 105.795: [GC [PSYoungGen: 78336K->320K(77440K)] 87399K->9439K(764416K), 0.0024500 secs] [Times: user=0.01 sys=0.00, real=0.00 secs] 
2014-07-28T19:35:43.926+0000: 106.304: [GC [PSYoungGen: 77420K->256K(76544K)] 86539K->9423K(763520K), 0.0045010 secs] [Times: user=0.03 sys=0.00, real=0.00 secs] 
2014-07-28T19:35:44.462+0000: 106.840: [GC [PSYoungGen: 76544K->192K(75648K)] 85711K->9375K(762624K), 0.0028150 secs] [Times: user=0.01 sys=0.00, real=0.01 secs] 
2014-07-28T19:35:44.987+0000: 107.365: [GC [PSYoungGen: 75648K->402K(75072K)] 84831K->9665K(762048K), 0.0021170 secs] [Times: user=0.02 sys=0.00, real=0.00 secs] 
2014-07-28T19:35:45.507+0000: 107.885: [GC [PSYoungGen: 75026K->384K(74176K)] 84289K->9687K(761152K), 0.0021490 secs] [Times: user=0.01 sys=0.00, real=0.00 secs] 
2014-07-28T19:35:46.022+0000: 108.400: [GC [PSYoungGen: 74139K->192K(73216K)] 83442K->9519K(760192K), 0.0029790 secs] [Times: user=0.01 sys=0.00, real=0.01 secs] 
2014-07-28T19:35:46.534+0000: 108.912: [GC [PSYoungGen: 73216K->160K(72448K)] 82543K->9495K(759424K), 0.0029600 secs] [Times: user=0.01 sys=0.00, real=0.01 secs] 
2014-07-28T19:35:47.042+0000: 109.420: [GC [PSYoungGen: 72416K->384K(71872K)] 81751K->9799K(758848K), 0.0020920 secs] [Times: user=0.01 sys=0.00, real=0.00 secs] 
2014-07-28T19:35:47.542+0000: 109.920: [GC [PSYoungGen: 71872K->338K(71104K)] 81287K->9769K(758080K), 0.0027670 secs] [Times: user=0.01 sys=0.00, real=0.00 secs] 
2014-07-28T19:35:48.038+0000: 110.416: [GC [PSYoungGen: 71033K->352K(70400K)] 80464K->9847K(757376K), 0.0031740 secs] [Times: user=0.02 sys=0.00, real=0.00 secs] 
2014-07-28T19:35:48.538+0000: 110.915: [GC [PSYoungGen: 70368K->448K(69760K)] 79863K->9967K(756736K), 0.0029580 secs] [Times: user=0.02 sys=0.00, real=0.00 secs] 
2014-07-28T19:35:49.065+0000: 111.443: [GC [PSYoungGen: 69710K->352K(68992K)] 79229K->9903K(755968K), 0.0030470 secs] [Times: user=0.01 sys=0.00, real=0.01 secs] 
2014-07-28T19:35:49.577+0000: 111.955: [GC [PSYoungGen: 68957K->352K(68288K)] 78509K->9919K(755264K), 0.0083740 secs] [Times: user=0.03 sys=0.00, real=0.00 secs] 
2014-07-28T19:35:50.083+0000: 112.461: [GC [PSYoungGen: 68256K->384K(67584K)] 77823K->10047K(754560K), 0.0029130 secs] [Times: user=0.02 sys=0.00, real=0.00 secs] 
2014-07-28T19:35:50.554+0000: 112.932: [GC [PSYoungGen: 67584K->224K(66816K)] 77247K->9927K(753792K), 0.0027250 secs] [Times: user=0.01 sys=0.00, real=0.01 secs] 
2014-07-28T19:35:51.022+0000: 113.400: [GC [PSYoungGen: 66784K->320K(66240K)] 76487K->10071K(753216K), 0.0039910 secs] [Times: user=0.03 sys=0.00, real=0.00 secs] 
2014-07-28T19:35:51.487+0000: 113.864: [GC [PSYoungGen: 66232K->288K(65600K)] 75984K->10079K(752576K), 0.0025620 secs] [Times: user=0.02 sys=0.00, real=0.00 secs] 
2014-07-28T19:35:51.944+0000: 114.321: [GC [PSYoungGen: 65568K->192K(64832K)] 75359K->10015K(751808K), 0.0031580 secs] [Times: user=0.01 sys=0.00, real=0.01 secs] 
2014-07-28T19:35:52.394+0000: 114.771: [GC [PSYoungGen: 64819K->384K(64384K)] 74643K->10255K(751360K), 0.0020930 secs] [Times: user=0.01 sys=0.00, real=0.00 secs] 
2014-07-28T19:35:52.840+0000: 115.218: [GC [PSYoungGen: 64384K->160K(63616K)] 74255K->10071K(750592K), 0.0021890 secs] [Times: user=0.01 sys=0.00, real=0.00 secs] 
2014-07-28T19:35:53.286+0000: 115.664: [GC [PSYoungGen: 63584K->352K(63232K)] 73495K->10303K(750208K), 0.0021630 secs] [Times: user=0.02 sys=0.00, real=0.01 secs] 
2014-07-28T19:35:53.727+0000: 116.105: [GC [PSYoungGen: 63171K->256K(62528K)] 73123K->10247K(749504K), 0.0026840 secs] [Times: user=0.01 sys=0.00, real=0.00 secs] 
2014-07-28T19:35:54.164+0000: 116.542: [GC [PSYoungGen: 62528K->256K(61952K)] 72519K->10295K(748928K), 0.0033730 secs] [Times: user=0.02 sys=0.00, real=0.01 secs] 
2014-07-28T19:35:54.594+0000: 116.972: [GC [PSYoungGen: 61952K->256K(61376K)] 71991K->10327K(748352K), 0.0030020 secs] [Times: user=0.02 sys=0.00, real=0.00 secs] 
2014-07-28T19:35:55.043+0000: 117.420: [GC [PSYoungGen: 61376K->512K(61056K)] 71447K->10663K(748032K), 0.0021900 secs] [Times: user=0.02 sys=0.01, real=0.01 secs] 
2014-07-28T19:35:55.491+0000: 117.869: [GC [PSYoungGen: 61056K->256K(60288K)] 71207K->10431K(747264K), 0.0052160 secs] [Times: user=0.02 sys=0.01, real=0.00 secs] 
2014-07-28T19:35:55.934+0000: 118.312: [GC [PSYoungGen: 60288K->416K(59968K)] 70463K->10623K(746944K), 0.0059210 secs] [Times: user=0.03 sys=0.00, real=0.01 secs] 
2014-07-28T19:35:56.381+0000: 118.758: [GC [PSYoungGen: 59907K->352K(59392K)] 70115K->10615K(746368K), 0.0026050 secs] [Times: user=0.02 sys=0.01, real=0.00 secs] 
2014-07-28T19:35:56.757+0000: 119.135: [GC [PSYoungGen: 59360K->384K(58880K)] 69623K->10727K(745856K), 0.0028860 secs] [Times: user=0.02 sys=0.00, real=0.01 secs] 
2014-07-28T19:35:57.168+0000: 119.546: [GC [PSYoungGen: 58880K->352K(58368K)] 69223K->10759K(745344K), 0.0023020 secs] [Times: user=0.02 sys=0.01, real=0.00 secs] 
2014-07-28T19:35:57.573+0000: 119.951: [GC [PSYoungGen: 58336K->352K(57856K)] 68743K->10783K(744832K), 0.0070970 secs] [Times: user=0.04 sys=0.01, real=0.01 secs] 
2014-07-28T19:35:57.978+0000: 120.356: [GC [PSYoungGen: 57824K->384K(57344K)] 68255K->10895K(744320K), 0.0020920 secs] [Times: user=0.01 sys=0.00, real=0.00 secs] 
2014-07-28T19:35:58.375+0000: 120.753: [GC [PSYoungGen: 57344K->224K(56704K)] 67855K->10767K(743680K), 0.0021960 secs] [Times: user=0.01 sys=0.00, real=0.01 secs] 
2014-07-28T19:35:58.771+0000: 121.149: [GC [PSYoungGen: 56672K->256K(56256K)] 67215K->10839K(743232K), 0.0051510 secs] [Times: user=0.03 sys=0.01, real=0.00 secs] 
2014-07-28T19:35:59.163+0000: 121.541: [GC [PSYoungGen: 56256K->384K(55936K)] 66839K->10991K(742912K), 0.0026230 secs] [Times: user=0.02 sys=0.01, real=0.00 secs] 
2014-07-28T19:35:59.553+0000: 121.931: [GC [PSYoungGen: 55936K->192K(55296K)] 66543K->10831K(742272K), 0.0051080 secs] [Times: user=0.03 sys=0.00, real=0.01 secs] 
2014-07-28T19:35:59.937+0000: 122.315: [GC [PSYoungGen: 55296K->320K(54976K)] 65935K->11015K(741952K), 0.0038690 secs] [Times: user=0.02 sys=0.00, real=0.00 secs] 
2014-07-28T19:36:00.318+0000: 122.696: [GC [PSYoungGen: 54928K->224K(54464K)] 65624K->10959K(741440K), 0.0027030 secs] [Times: user=0.02 sys=0.00, real=0.00 secs] 
2014-07-28T19:36:00.700+0000: 123.078: [GC [PSYoungGen: 54432K->352K(54144K)] 65167K->11151K(741120K), 0.0042070 secs] [Times: user=0.03 sys=0.00, real=0.00 secs] 
2014-07-28T19:36:01.078+0000: 123.455: [GC [PSYoungGen: 54112K->288K(53632K)] 64911K->11119K(740608K), 0.0029820 secs] [Times: user=0.02 sys=0.00, real=0.01 secs] 
2014-07-28T19:36:01.456+0000: 123.834: [GC [PSYoungGen: 53600K->370K(53248K)] 64431K->11265K(740224K), 0.0051250 secs] [Times: user=0.03 sys=0.00, real=0.01 secs] 
2014-07-28T19:36:01.852+0000: 124.229: [GC [PSYoungGen: 53234K->320K(52736K)] 64129K->11263K(739712K), 0.0027900 secs] [Times: user=0.02 sys=0.00, real=0.00 secs] 
2014-07-28T19:36:02.243+0000: 124.621: [GC [PSYoungGen: 52736K->256K(52288K)] 63679K->11207K(739264K), 0.0038350 secs] [Times: user=0.01 sys=0.00, real=0.00 secs] 
2014-07-28T19:36:02.631+0000: 125.009: [GC [PSYoungGen: 52265K->320K(62784K)] 63216K->11303K(749760K), 0.0053020 secs] [Times: user=0.03 sys=0.01, real=0.00 secs] 
2014-07-28T19:36:03.080+0000: 125.458: [GC [PSYoungGen: 62784K->512K(62400K)] 73767K->11591K(749376K), 0.0030170 secs] [Times: user=0.02 sys=0.00, real=0.00 secs] 
2014-07-28T19:36:03.512+0000: 125.890: [GC [PSYoungGen: 62400K->288K(61632K)] 73479K->11407K(748608K), 0.0030890 secs] [Times: user=0.01 sys=0.00, real=0.00 secs] 
2014-07-28T19:36:03.941+0000: 126.319: [GC [PSYoungGen: 61600K->384K(61120K)] 72719K->11583K(748096K), 0.0034590 secs] [Times: user=0.01 sys=0.00, real=0.00 secs] 
2014-07-28T19:36:04.367+0000: 126.745: [GC [PSYoungGen: 61120K->384K(60544K)] 72319K->11631K(747520K), 0.0019930 secs] [Times: user=0.01 sys=0.00, real=0.01 secs] 
2014-07-28T19:36:04.786+0000: 127.164: [GC [PSYoungGen: 60544K->320K(59968K)] 71791K->11639K(746944K), 0.0021180 secs] [Times: user=0.01 sys=0.00, real=0.01 secs] 
2014-07-28T19:36:05.198+0000: 127.576: [GC [PSYoungGen: 59968K->416K(59584K)] 71287K->11767K(746560K), 0.0036930 secs] [Times: user=0.02 sys=0.00, real=0.01 secs] 
2014-07-28T19:36:05.612+0000: 127.990: [GC [PSYoungGen: 59547K->448K(59072K)] 70899K->11823K(746048K), 0.0059750 secs] [Times: user=0.03 sys=0.01, real=0.01 secs] 
2014-07-28T19:36:06.023+0000: 128.401: [GC [PSYoungGen: 59072K->416K(58560K)] 70447K->11879K(745536K), 0.0022050 secs] [Times: user=0.01 sys=0.00, real=0.00 secs] 
2014-07-28T19:36:06.429+0000: 128.807: [GC [PSYoungGen: 58528K->306K(57920K)] 69991K->11865K(744896K), 0.0025040 secs] [Times: user=0.02 sys=0.00, real=0.00 secs] 
2014-07-28T19:36:06.832+0000: 129.210: [GC [PSYoungGen: 57906K->192K(57280K)] 69465K->11775K(744256K), 0.0023150 secs] [Times: user=0.01 sys=0.00, real=0.00 secs] 
2014-07-28T19:36:07.229+0000: 129.607: [GC [PSYoungGen: 57280K->288K(56896K)] 68863K->11895K(743872K), 0.0062990 secs] [Times: user=0.03 sys=0.00, real=0.00 secs] 
2014-07-28T19:36:07.628+0000: 130.006: [GC [PSYoungGen: 56864K->320K(56448K)] 68471K->11967K(743424K), 0.0021320 secs] [Times: user=0.01 sys=0.00, real=0.01 secs] 
2014-07-28T19:36:08.034+0000: 130.412: [GC [PSYoungGen: 56448K->256K(55936K)] 68095K->11919K(742912K), 0.0040880 secs] [Times: user=0.02 sys=0.01, real=0.02 secs] 
2014-07-28T19:36:08.448+0000: 130.826: [GC [PSYoungGen: 55936K->224K(55488K)] 67599K->11903K(742464K), 0.0031200 secs] [Times: user=0.01 sys=0.01, real=0.01 secs] 
2014-07-28T19:36:08.862+0000: 131.240: [GC [PSYoungGen: 55456K->320K(55104K)] 67135K->12031K(742080K), 0.0042750 secs] [Times: user=0.02 sys=0.00, real=0.00 secs] 
2014-07-28T19:36:09.269+0000: 131.646: [GC [PSYoungGen: 55104K->256K(54592K)] 66815K->11991K(741568K), 0.0023280 secs] [Times: user=0.01 sys=0.00, real=0.01 secs] 
2014-07-28T19:36:09.627+0000: 132.005: [GC [PSYoungGen: 54592K->288K(54208K)] 66327K->12071K(741184K), 0.0033360 secs] [Times: user=0.02 sys=0.00, real=0.01 secs] 
2014-07-28T19:36:10.005+0000: 132.383: [GC [PSYoungGen: 54176K->274K(53760K)] 65959K->12113K(740736K), 0.0029410 secs] [Times: user=0.02 sys=0.00, real=0.00 secs] 
2014-07-28T19:36:10.378+0000: 132.756: [GC [PSYoungGen: 53714K->192K(53184K)] 65553K->12071K(740160K), 0.0021450 secs] [Times: user=0.01 sys=0.00, real=0.01 secs] 
2014-07-28T19:36:10.748+0000: 133.126: [GC [PSYoungGen: 53184K->352K(52928K)] 65063K->12263K(739904K), 0.0041640 secs] [Times: user=0.01 sys=0.01, real=0.01 secs] 
2014-07-28T19:36:11.116+0000: 133.494: [GC [PSYoungGen: 52857K->320K(52480K)] 64769K->12255K(739456K), 0.0044250 secs] [Times: user=0.02 sys=0.00, real=0.01 secs] 
2014-07-28T19:36:11.479+0000: 133.857: [GC [PSYoungGen: 52480K->416K(52224K)] 64415K->12407K(739200K), 0.0034610 secs] [Times: user=0.02 sys=0.00, real=0.01 secs] 
2014-07-28T19:36:11.840+0000: 134.218: [GC [PSYoungGen: 52192K->224K(51648K)] 64183K->12255K(738624K), 0.0035050 secs] [Times: user=0.02 sys=0.00, real=0.00 secs] 
2014-07-28T19:36:12.199+0000: 134.577: [GC [PSYoungGen: 51616K->288K(51328K)] 63647K->12351K(738304K), 0.0022780 secs] [Times: user=0.01 sys=0.00, real=0.00 secs] 
2014-07-28T19:36:12.556+0000: 134.934: [GC [PSYoungGen: 51296K->466K(51136K)] 63359K->12593K(738112K), 0.0028530 secs] [Times: user=0.01 sys=0.00, real=0.01 secs] 
2014-07-28T19:36:12.912+0000: 135.290: [GC [PSYoungGen: 51071K->224K(50496K)] 63198K->12391K(737472K), 0.0026300 secs] [Times: user=0.01 sys=0.01, real=0.00 secs] 
2014-07-28T19:36:13.260+0000: 135.638: [GC [PSYoungGen: 50460K->352K(50240K)] 62628K->12559K(737216K), 0.0021700 secs] [Times: user=0.01 sys=0.01, real=0.00 secs] 
2014-07-28T19:36:13.607+0000: 135.985: [GC [PSYoungGen: 50208K->384K(49856K)] 62415K->12647K(736832K), 0.0022320 secs] [Times: user=0.01 sys=0.01, real=0.01 secs] 
2014-07-28T19:36:13.954+0000: 136.332: [GC [PSYoungGen: 49856K->256K(49344K)] 62119K->12567K(736320K), 0.0023670 secs] [Times: user=0.01 sys=0.00, real=0.00 secs] 
2014-07-28T19:36:14.304+0000: 136.682: [GC [PSYoungGen: 49344K->416K(49152K)] 61655K->12767K(736128K), 0.0038920 secs] [Times: user=0.02 sys=0.00, real=0.00 secs] 
2014-07-28T19:36:14.661+0000: 137.039: [GC [PSYoungGen: 49120K->320K(48640K)] 61471K->12719K(735616K), 0.0042800 secs] [Times: user=0.02 sys=0.00, real=0.00 secs] 
2014-07-28T19:36:15.023+0000: 137.401: [GC [PSYoungGen: 48604K->274K(48320K)] 61003K->12697K(735296K), 0.0038790 secs] [Times: user=0.02 sys=0.00, real=0.00 secs] 
2014-07-28T19:36:15.380+0000: 137.758: [GC [PSYoungGen: 48274K->288K(57920K)] 60697K->12735K(744896K), 0.0070750 secs] [Times: user=0.04 sys=0.01, real=0.00 secs] 
2014-07-28T19:36:15.792+0000: 138.170: [GC [PSYoungGen: 57888K->224K(69376K)] 70335K->12719K(756352K), 0.0024950 secs] [Times: user=0.01 sys=0.00, real=0.00 secs] 
2014-07-28T19:36:16.235+0000: 138.613: [GC [PSYoungGen: 69344K->224K(68672K)] 81839K->12751K(755648K), 0.0022320 secs] [Times: user=0.01 sys=0.00, real=0.00 secs] 
2014-07-28T19:36:16.714+0000: 139.092: [GC [PSYoungGen: 68640K->224K(67968K)] 81167K->12775K(754944K), 0.0027480 secs] [Times: user=0.01 sys=0.00, real=0.00 secs] 
2014-07-28T19:36:17.186+0000: 139.564: [GC [PSYoungGen: 67915K->384K(67392K)] 80467K->13023K(754368K), 0.0018440 secs] [Times: user=0.01 sys=0.00, real=0.00 secs] 
2014-07-28T19:36:17.654+0000: 140.032: [GC [PSYoungGen: 67392K->448K(66816K)] 80031K->13167K(753792K), 0.0023670 secs] [Times: user=0.01 sys=0.00, real=0.00 secs] 
2014-07-28T19:36:18.124+0000: 140.502: [GC [PSYoungGen: 66816K->192K(65920K)] 79535K->12935K(752896K), 0.0057090 secs] [Times: user=0.03 sys=0.00, real=0.00 secs] 
2014-07-28T19:36:18.583+0000: 140.961: [GC [PSYoungGen: 65920K->224K(65344K)] 78663K->12999K(752320K), 0.0032270 secs] [Times: user=0.02 sys=0.00, real=0.00 secs] 
2014-07-28T19:36:19.043+0000: 141.421: [GC [PSYoungGen: 65312K->384K(64832K)] 78087K->13247K(751808K), 0.0023230 secs] [Times: user=0.01 sys=0.01, real=0.00 secs] 
2014-07-28T19:36:19.498+0000: 141.875: [GC [PSYoungGen: 64832K->192K(64000K)] 77695K->13087K(750976K), 0.0021990 secs] [Times: user=0.01 sys=0.00, real=0.00 secs] 
2014-07-28T19:36:19.942+0000: 142.320: [GC [PSYoungGen: 64000K->288K(63552K)] 76895K->13247K(750528K), 0.0027600 secs] [Times: user=0.02 sys=0.00, real=0.00 secs] 
2014-07-28T19:36:20.385+0000: 142.763: [GC [PSYoungGen: 63520K->192K(62848K)] 76479K->13175K(749824K), 0.0041290 secs] [Times: user=0.02 sys=0.01, real=0.00 secs] 
2014-07-28T19:36:20.826+0000: 143.204: [GC [PSYoungGen: 62848K->320K(62400K)] 75831K->13343K(749376K), 0.0043050 secs] [Times: user=0.02 sys=0.01, real=0.00 secs] 
2014-07-28T19:36:21.278+0000: 143.656: [GC [PSYoungGen: 62400K->352K(61888K)] 75423K->13391K(748864K), 0.0034260 secs] [Times: user=0.02 sys=0.00, real=0.01 secs] 
2014-07-28T19:36:21.729+0000: 144.107: [GC [PSYoungGen: 61808K->256K(61184K)] 74847K->13319K(748160K), 0.0035460 secs] [Times: user=0.01 sys=0.00, real=0.01 secs] 
2014-07-28T19:36:22.166+0000: 144.544: [GC [PSYoungGen: 61184K->288K(60672K)] 74247K->13399K(747648K), 0.0026960 secs] [Times: user=0.02 sys=0.00, real=0.00 secs] 
2014-07-28T19:36:22.580+0000: 144.958: [GC [PSYoungGen: 60618K->448K(60288K)] 73729K->13607K(747264K), 0.0021050 secs] [Times: user=0.02 sys=0.00, real=0.01 secs] 
2014-07-28T19:36:22.998+0000: 145.376: [GC [PSYoungGen: 60288K->192K(59520K)] 73447K->13375K(746496K), 0.0025450 secs] [Times: user=0.01 sys=0.00, real=0.00 secs] 
2014-07-28T19:36:23.415+0000: 145.793: [GC [PSYoungGen: 59520K->320K(59136K)] 72703K->13559K(746112K), 0.0026480 secs] [Times: user=0.01 sys=0.00, real=0.00 secs] 
2014-07-28T19:36:23.827+0000: 146.205: [GC [PSYoungGen: 59136K->192K(58496K)] 72375K->13463K(745472K), 0.0041480 secs] [Times: user=0.02 sys=0.00, real=0.01 secs] 
2014-07-28T19:36:24.234+0000: 146.612: [GC [PSYoungGen: 58496K->256K(58048K)] 71767K->13543K(745024K), 0.0023480 secs] [Times: user=0.01 sys=0.00, real=0.00 secs] 
2014-07-28T19:36:24.635+0000: 147.013: [GC [PSYoungGen: 58048K->320K(57600K)] 71335K->13647K(744576K), 0.0025430 secs] [Times: user=0.01 sys=0.00, real=0.00 secs] 
2014-07-28T19:36:25.043+0000: 147.421: [GC [PSYoungGen: 57600K->416K(57216K)] 70927K->13807K(744192K), 0.0027080 secs] [Times: user=0.01 sys=0.00, real=0.00 secs] 
2014-07-28T19:36:25.441+0000: 147.819: [GC [PSYoungGen: 57184K->320K(56576K)] 70575K->13759K(743552K), 0.0028620 secs] [Times: user=0.02 sys=0.01, real=0.00 secs] 
2014-07-28T19:36:25.834+0000: 148.211: [GC [PSYoungGen: 56575K->320K(56128K)] 70015K->13847K(743104K), 0.0032800 secs] [Times: user=0.02 sys=0.00, real=0.00 secs] 
2014-07-28T19:36:26.228+0000: 148.606: [GC [PSYoungGen: 56128K->498K(55872K)] 69655K->14089K(742848K), 0.0021240 secs] [Times: user=0.01 sys=0.00, real=0.00 secs] 
2014-07-28T19:36:26.612+0000: 148.990: [GC [PSYoungGen: 55858K->224K(55168K)] 69449K->13855K(742144K), 0.0029950 secs] [Times: user=0.01 sys=0.01, real=0.00 secs] 
2014-07-28T19:36:27.010+0000: 149.388: [GC [PSYoungGen: 55136K->466K(54976K)] 68767K->14169K(741952K), 0.0029400 secs] [Times: user=0.01 sys=0.00, real=0.01 secs] 
2014-07-28T19:36:27.416+0000: 149.794: [GC [PSYoungGen: 54930K->448K(54464K)] 68633K->14207K(741440K), 0.0024020 secs] [Times: user=0.01 sys=0.00, real=0.00 secs] 
2014-07-28T19:36:27.821+0000: 150.199: [GC [PSYoungGen: 54464K->288K(53888K)] 68223K->14079K(740864K), 0.0046800 secs] [Times: user=0.02 sys=0.00, real=0.01 secs] 
2014-07-28T19:36:28.206+0000: 150.584: [GC [PSYoungGen: 53856K->544K(53696K)] 67647K->14343K(740672K), 0.0036340 secs] [Times: user=0.01 sys=0.00, real=0.00 secs] 
2014-07-28T19:36:28.583+0000: 150.961: [GC [PSYoungGen: 53664K->288K(52992K)] 67463K->14127K(739968K), 0.0035860 secs] [Times: user=0.01 sys=0.00, real=0.00 secs] 
2014-07-28T19:36:28.934+0000: 151.312: [GC [PSYoungGen: 52960K->352K(52672K)] 66799K->14255K(739648K), 0.0052910 secs] [Times: user=0.03 sys=0.00, real=0.00 secs] 
2014-07-28T19:36:29.301+0000: 151.679: [GC [PSYoungGen: 52621K->384K(52288K)] 66525K->14343K(739264K), 0.0025660 secs] [Times: user=0.01 sys=0.00, real=0.01 secs] 
2014-07-28T19:36:29.663+0000: 152.041: [GC [PSYoungGen: 52288K->192K(51712K)] 66247K->14183K(738688K), 0.0042020 secs] [Times: user=0.03 sys=0.00, real=0.00 secs] 
2014-07-28T19:36:30.020+0000: 152.398: [GC [PSYoungGen: 51712K->448K(51584K)] 65703K->14527K(738560K), 0.0027190 secs] [Times: user=0.01 sys=0.01, real=0.01 secs] 
2014-07-28T19:36:30.375+0000: 152.753: [GC [PSYoungGen: 51556K->224K(51008K)] 65635K->14343K(737984K), 0.0037580 secs] [Times: user=0.01 sys=0.00, real=0.00 secs] 
2014-07-28T19:36:30.730+0000: 153.108: [GC [PSYoungGen: 50976K->320K(50688K)] 65095K->14519K(737664K), 0.0023800 secs] [Times: user=0.01 sys=0.01, real=0.01 secs] 
2014-07-28T19:36:31.084+0000: 153.462: [GC [PSYoungGen: 50688K->256K(50240K)] 64887K->14495K(737216K), 0.0029000 secs] [Times: user=0.01 sys=0.01, real=0.00 secs] 
2014-07-28T19:36:31.433+0000: 153.811: [GC [PSYoungGen: 50240K->416K(50048K)] 64479K->14711K(737024K), 0.0050370 secs] [Times: user=0.03 sys=0.00, real=0.00 secs] 
2014-07-28T19:36:31.779+0000: 154.157: [GC [PSYoungGen: 49990K->288K(49536K)] 64286K->14639K(736512K), 0.0025190 secs] [Times: user=0.01 sys=0.00, real=0.00 secs] 
2014-07-28T19:36:32.124+0000: 154.502: [GC [PSYoungGen: 49502K->288K(49152K)] 63854K->14679K(736128K), 0.0020300 secs] [Times: user=0.01 sys=0.00, real=0.00 secs] 
2014-07-28T19:36:32.466+0000: 154.843: [GC [PSYoungGen: 49120K->192K(48640K)] 63511K->14623K(735616K), 0.0021760 secs] [Times: user=0.02 sys=0.00, real=0.00 secs] 
2014-07-28T19:36:32.805+0000: 155.183: [GC [PSYoungGen: 48640K->256K(48384K)] 63071K->14735K(735360K), 0.0037550 secs] [Times: user=0.02 sys=0.00, real=0.00 secs] 
2014-07-28T19:36:33.144+0000: 155.522: [GC [PSYoungGen: 48384K->288K(48128K)] 62863K->14783K(735104K), 0.0029040 secs] [Times: user=0.02 sys=0.00, real=0.00 secs] 
2014-07-28T19:36:33.477+0000: 155.855: [GC [PSYoungGen: 48096K->352K(47872K)] 62591K->14895K(734848K), 0.0041450 secs] [Times: user=0.02 sys=0.01, real=0.00 secs] 
2014-07-28T19:36:33.820+0000: 156.197: [GC [PSYoungGen: 47840K->352K(57408K)] 62383K->14943K(744384K), 0.0049020 secs] [Times: user=0.02 sys=0.01, real=0.01 secs] 
2014-07-28T19:36:34.237+0000: 156.615: [GC [PSYoungGen: 57376K->256K(56768K)] 71967K->14863K(743744K), 0.0034060 secs] [Times: user=0.01 sys=0.01, real=0.00 secs] 
2014-07-28T19:36:34.658+0000: 157.036: [GC [PSYoungGen: 56768K->288K(56384K)] 71375K->14919K(743360K), 0.0041950 secs] [Times: user=0.01 sys=0.01, real=0.00 secs] 
2014-07-28T19:36:35.084+0000: 157.462: [GC [PSYoungGen: 56352K->484K(56128K)] 70983K->15203K(743104K), 0.0037350 secs] [Times: user=0.03 sys=0.00, real=0.00 secs] 
2014-07-28T19:36:35.504+0000: 157.881: [GC [PSYoungGen: 56100K->256K(55424K)] 70819K->15055K(742400K), 0.0035510 secs] [Times: user=0.02 sys=0.00, real=0.00 secs] 
2014-07-28T19:36:35.891+0000: 158.269: [GC [PSYoungGen: 55421K->352K(55104K)] 70221K->15223K(742080K), 0.0019730 secs] [Times: user=0.01 sys=0.00, real=0.01 secs] 
2014-07-28T19:36:36.273+0000: 158.651: [GC [PSYoungGen: 55071K->448K(54720K)] 69943K->15343K(741696K), 0.0019640 secs] [Times: user=0.01 sys=0.00, real=0.00 secs] 
2014-07-28T19:36:36.654+0000: 159.032: [GC [PSYoungGen: 54720K->544K(54400K)] 69615K->15495K(741376K), 0.0026060 secs] [Times: user=0.01 sys=0.00, real=0.00 secs] 
2014-07-28T19:36:37.035+0000: 159.413: [GC [PSYoungGen: 54368K->192K(53568K)] 69319K->15247K(740544K), 0.0028120 secs] [Times: user=0.02 sys=0.00, real=0.00 secs] 
2014-07-28T19:36:37.412+0000: 159.790: [GC [PSYoungGen: 53568K->434K(53376K)] 68623K->15529K(740352K), 0.0023330 secs] [Times: user=0.01 sys=0.00, real=0.01 secs] 
2014-07-28T19:36:37.784+0000: 160.162: [GC [PSYoungGen: 53362K->288K(52800K)] 68457K->15439K(739776K), 0.0030060 secs] [Times: user=0.02 sys=0.01, real=0.00 secs] 
2014-07-28T19:36:38.155+0000: 160.533: [GC [PSYoungGen: 52768K->416K(52544K)] 67919K->15607K(739520K), 0.0019940 secs] [Times: user=0.00 sys=0.00, real=0.00 secs] 
2014-07-28T19:36:38.514+0000: 160.892: [GC [PSYoungGen: 52512K->320K(52032K)] 67703K->15567K(739008K), 0.0022980 secs] [Times: user=0.01 sys=0.01, real=0.00 secs] 
2014-07-28T19:36:38.875+0000: 161.253: [GC [PSYoungGen: 52032K->256K(51584K)] 67279K->15559K(738560K), 0.0023130 secs] [Times: user=0.01 sys=0.00, real=0.00 secs] 
2014-07-28T19:36:39.232+0000: 161.610: [GC [PSYoungGen: 51584K->224K(51200K)] 66887K->15559K(738176K), 0.0019520 secs] [Times: user=0.01 sys=0.00, real=0.01 secs] 
2014-07-28T19:36:39.589+0000: 161.966: [GC [PSYoungGen: 51168K->224K(50816K)] 66503K->15599K(737792K), 0.0023760 secs] [Times: user=0.01 sys=0.00, real=0.00 secs] 
2014-07-28T19:36:39.942+0000: 162.320: [GC [PSYoungGen: 50784K->384K(50560K)] 66159K->15847K(737536K), 0.0040800 secs] [Times: user=0.03 sys=0.00, real=0.01 secs] 
2014-07-28T19:36:40.292+0000: 162.670: [GC [PSYoungGen: 50560K->384K(50176K)] 66023K->15871K(737152K), 0.0041680 secs] [Times: user=0.02 sys=0.00, real=0.01 secs] 
2014-07-28T19:36:40.638+0000: 163.015: [GC [PSYoungGen: 50176K->192K(49600K)] 65663K->15703K(736576K), 0.0023780 secs] [Times: user=0.01 sys=0.00, real=0.00 secs] 
2014-07-28T19:36:41.000+0000: 163.378: [GC [PSYoungGen: 49600K->320K(49344K)] 65111K->15879K(736320K), 0.0038620 secs] [Times: user=0.01 sys=0.00, real=0.00 secs] 
2014-07-28T19:36:41.355+0000: 163.733: [GC [PSYoungGen: 49344K->576K(49216K)] 64903K->16207K(736192K), 0.0026820 secs] [Times: user=0.02 sys=0.01, real=0.00 secs] 
2014-07-28T19:36:41.708+0000: 164.086: [GC [PSYoungGen: 49216K->544K(48832K)] 64847K->16247K(735808K), 0.0034690 secs] [Times: user=0.02 sys=0.00, real=0.00 secs] 
2014-07-28T19:36:42.052+0000: 164.430: [GC [PSYoungGen: 48800K->192K(48128K)] 64503K->15999K(735104K), 0.0038210 secs] [Times: user=0.02 sys=0.00, real=0.01 secs] 
2014-07-28T19:36:42.396+0000: 164.774: [GC [PSYoungGen: 48128K->384K(48000K)] 63935K->16223K(734976K), 0.0044890 secs] [Times: user=0.02 sys=0.00, real=0.00 secs] 
2014-07-28T19:36:42.713+0000: 165.091: [GC [PSYoungGen: 47999K->224K(47552K)] 63839K->16103K(734528K), 0.0022720 secs] [Times: user=0.01 sys=0.00, real=0.01 secs] 
2014-07-28T19:36:43.044+0000: 165.422: [GC [PSYoungGen: 47520K->352K(57152K)] 63399K->16255K(744128K), 0.0064280 secs] [Times: user=0.05 sys=0.00, real=0.01 secs] 
2014-07-28T19:36:43.444+0000: 165.822: [GC [PSYoungGen: 57120K->288K(68480K)] 73023K->16247K(755456K), 0.0026140 secs] [Times: user=0.01 sys=0.01, real=0.00 secs] 
2014-07-28T19:36:43.920+0000: 166.298: [GC [PSYoungGen: 68448K->352K(67840K)] 84407K->16367K(754816K), 0.0029630 secs] [Times: user=0.01 sys=0.01, real=0.00 secs] 
2014-07-28T19:36:44.393+0000: 166.771: [GC [PSYoungGen: 67808K->306K(67136K)] 83823K->16377K(754112K), 0.0026600 secs] [Times: user=0.02 sys=0.00, real=0.01 secs] 
2014-07-28T19:36:44.859+0000: 167.237: [GC [PSYoungGen: 67122K->416K(66624K)] 83193K->16551K(753600K), 0.0048960 secs] [Times: user=0.03 sys=0.00, real=0.00 secs] 
2014-07-28T19:36:45.321+0000: 167.699: [GC [PSYoungGen: 66592K->320K(65856K)] 82727K->16503K(752832K), 0.0028830 secs] [Times: user=0.02 sys=0.00, real=0.00 secs] 
2014-07-28T19:36:45.783+0000: 168.161: [GC [PSYoungGen: 65856K->320K(65216K)] 82039K->16575K(752192K), 0.0033100 secs] [Times: user=0.02 sys=0.00, real=0.01 secs] 
2014-07-28T19:36:46.241+0000: 168.619: [GC [PSYoungGen: 65216K->384K(64640K)] 81471K->16727K(751616K), 0.0026560 secs] [Times: user=0.02 sys=0.00, real=0.01 secs] 
2014-07-28T19:36:46.695+0000: 169.072: [GC [PSYoungGen: 64640K->320K(63936K)] 80983K->16687K(750912K), 0.0053850 secs] [Times: user=0.02 sys=0.00, real=0.00 secs] 
2014-07-28T19:36:47.141+0000: 169.519: [GC [PSYoungGen: 63936K->320K(63360K)] 80303K->16767K(750336K), 0.0023050 secs] [Times: user=0.01 sys=0.00, real=0.00 secs] 
2014-07-28T19:36:47.600+0000: 169.978: [GC [PSYoungGen: 63360K->256K(62720K)] 79807K->16727K(749696K), 0.0028950 secs] [Times: user=0.01 sys=0.00, real=0.00 secs] 
2014-07-28T19:36:48.056+0000: 170.434: [GC [PSYoungGen: 62720K->352K(62272K)] 79191K->16879K(749248K), 0.0029600 secs] [Times: user=0.02 sys=0.00, real=0.00 secs] 
2014-07-28T19:36:48.511+0000: 170.889: [GC [PSYoungGen: 62240K->448K(61760K)] 78767K->16991K(748736K), 0.0048680 secs] [Times: user=0.02 sys=0.00, real=0.01 secs] 
2014-07-28T19:36:48.951+0000: 171.329: [GC [PSYoungGen: 61760K->256K(60992K)] 78303K->16871K(747968K), 0.0029690 secs] [Times: user=0.01 sys=0.01, real=0.00 secs] 
2014-07-28T19:36:49.375+0000: 171.752: [GC [PSYoungGen: 60983K->288K(60480K)] 77598K->16959K(747456K), 0.0047970 secs] [Times: user=0.03 sys=0.00, real=0.01 secs] 
2014-07-28T19:36:49.796+0000: 172.174: [GC [PSYoungGen: 60448K->320K(59968K)] 77119K->17023K(746944K), 0.0064100 secs] [Times: user=0.03 sys=0.00, real=0.00 secs] 
2014-07-28T19:36:50.210+0000: 172.588: [GC [PSYoungGen: 59949K->320K(71936K)] 76653K->17055K(758912K), 0.0051680 secs] [Times: user=0.03 sys=0.01, real=0.01 secs] 
2014-07-28T19:36:50.714+0000: 173.092: [GC [PSYoungGen: 71936K->384K(71232K)] 88671K->17191K(758208K), 0.0018900 secs] [Times: user=0.01 sys=0.01, real=0.01 secs] 
2014-07-28T19:36:51.210+0000: 173.588: [GC [PSYoungGen: 71232K->288K(70464K)] 88039K->17151K(757440K), 0.0023520 secs] [Times: user=0.02 sys=0.00, real=0.00 secs] 
2014-07-28T19:36:51.702+0000: 174.080: [GC [PSYoungGen: 70432K->352K(69824K)] 87295K->17239K(756800K), 0.0074900 secs] [Times: user=0.04 sys=0.01, real=0.01 secs] 
2014-07-28T19:36:52.188+0000: 174.566: [GC [PSYoungGen: 69792K->352K(69120K)] 86679K->17295K(756096K), 0.0028810 secs] [Times: user=0.01 sys=0.00, real=0.00 secs] 
2014-07-28T19:36:52.671+0000: 175.049: [GC [PSYoungGen: 69088K->306K(68352K)] 86031K->17329K(755328K), 0.0047150 secs] [Times: user=0.03 sys=0.00, real=0.01 secs] 
2014-07-28T19:36:53.147+0000: 175.525: [GC [PSYoungGen: 68338K->384K(67712K)] 85361K->17487K(754688K), 0.0051120 secs] [Times: user=0.04 sys=0.01, real=0.00 secs] 
2014-07-28T19:36:53.616+0000: 175.993: [GC [PSYoungGen: 67686K->256K(66944K)] 84790K->17383K(753920K), 0.0049250 secs] [Times: user=0.03 sys=0.00, real=0.01 secs] 
2014-07-28T19:36:54.097+0000: 176.475: [GC [PSYoungGen: 66943K->338K(66432K)] 84070K->17497K(753408K), 0.0053180 secs] [Times: user=0.03 sys=0.00, real=0.00 secs] 
2014-07-28T19:36:54.584+0000: 176.961: [GC [PSYoungGen: 66386K->320K(65728K)] 83545K->17511K(752704K), 0.0024510 secs] [Times: user=0.01 sys=0.00, real=0.01 secs] 
2014-07-28T19:36:55.062+0000: 177.440: [GC [PSYoungGen: 65728K->434K(65216K)] 82919K->17681K(752192K), 0.0024390 secs] [Times: user=0.01 sys=0.00, real=0.00 secs] 
2014-07-28T19:36:55.537+0000: 177.915: [GC [PSYoungGen: 65202K->192K(64320K)] 82449K->17519K(751296K), 0.0034240 secs] [Times: user=0.02 sys=0.00, real=0.00 secs] 
2014-07-28T19:36:55.978+0000: 178.356: [GC [PSYoungGen: 64320K->480K(64064K)] 81647K->17863K(751040K), 0.0023430 secs] [Times: user=0.01 sys=0.00, real=0.00 secs] 
2014-07-28T19:36:56.422+0000: 178.800: [GC [PSYoungGen: 64032K->320K(63296K)] 81415K->17767K(750272K), 0.0028270 secs] [Times: user=0.01 sys=0.00, real=0.00 secs] 
2014-07-28T19:36:56.864+0000: 179.242: [GC [PSYoungGen: 63296K->384K(62784K)] 80743K->17911K(749760K), 0.0026030 secs] [Times: user=0.01 sys=0.00, real=0.01 secs] 
2014-07-28T19:36:57.302+0000: 179.680: [GC [PSYoungGen: 62784K->416K(62272K)] 80311K->17999K(749248K), 0.0045720 secs] [Times: user=0.03 sys=0.00, real=0.01 secs] 
2014-07-28T19:36:57.733+0000: 180.111: [GC [PSYoungGen: 62240K->320K(61568K)] 79823K->17951K(748544K), 0.0026230 secs] [Times: user=0.02 sys=0.00, real=0.00 secs] 
2014-07-28T19:36:58.168+0000: 180.546: [GC [PSYoungGen: 61519K->352K(61056K)] 79151K->18023K(748032K), 0.0025180 secs] [Times: user=0.01 sys=0.01, real=0.00 secs] 
2014-07-28T19:36:58.586+0000: 180.964: [GC [PSYoungGen: 61024K->416K(60544K)] 78695K->18127K(747520K), 0.0022870 secs] [Times: user=0.01 sys=0.00, real=0.00 secs] 
2014-07-28T19:36:59.009+0000: 181.387: [GC [PSYoungGen: 60512K->242K(59840K)] 78223K->18033K(746816K), 0.0024620 secs] [Times: user=0.02 sys=0.00, real=0.00 secs] 
2014-07-28T19:36:59.424+0000: 181.802: [GC [PSYoungGen: 59826K->160K(59264K)] 77617K->17959K(746240K), 0.0039030 secs] [Times: user=0.01 sys=0.01, real=0.01 secs] 
2014-07-28T19:36:59.838+0000: 182.216: [GC [PSYoungGen: 59232K->352K(58944K)] 77031K->18223K(745920K), 0.0055780 secs] [Times: user=0.03 sys=0.00, real=0.00 secs] 
2014-07-28T19:37:00.247+0000: 182.625: [GC [PSYoungGen: 58870K->338K(58432K)] 76742K->18233K(745408K), 0.0052260 secs] [Times: user=0.03 sys=0.00, real=0.00 secs] 
2014-07-28T19:37:00.654+0000: 183.032: [GC [PSYoungGen: 58386K->306K(57856K)] 76281K->18281K(744832K), 0.0028800 secs] [Times: user=0.02 sys=0.00, real=0.01 secs] 
2014-07-28T19:37:01.074+0000: 183.452: [GC [PSYoungGen: 57842K->384K(57408K)] 75817K->18415K(744384K), 0.0052520 secs] [Times: user=0.02 sys=0.01, real=0.01 secs] 
2014-07-28T19:37:01.488+0000: 183.866: [GC [PSYoungGen: 57408K->352K(56896K)] 75439K->18399K(743872K), 0.0042550 secs] [Times: user=0.01 sys=0.00, real=0.00 secs] 
2014-07-28T19:37:01.900+0000: 184.278: [GC [PSYoungGen: 56864K->288K(56384K)] 74911K->18375K(743360K), 0.0031120 secs] [Times: user=0.02 sys=0.00, real=0.00 secs] 
2014-07-28T19:37:02.317+0000: 184.694: [GC [PSYoungGen: 56352K->384K(56000K)] 74439K->18535K(742976K), 0.0043820 secs] [Times: user=0.14 sys=0.07, real=0.10 secs] 
2014-07-28T19:37:02.681+0000: 185.059: [GC [PSYoungGen: 56000K->512K(55680K)] 74151K->18727K(742656K), 0.0029150 secs] [Times: user=0.02 sys=0.00, real=0.00 secs] 
2014-07-28T19:37:03.061+0000: 185.439: [GC [PSYoungGen: 55680K->192K(54912K)] 73895K->18511K(741888K), 0.0021190 secs] [Times: user=0.01 sys=0.00, real=0.00 secs] 
2014-07-28T19:37:03.444+0000: 185.822: [GC [PSYoungGen: 54912K->256K(54528K)] 73231K->18615K(741504K), 0.0025250 secs] [Times: user=0.02 sys=0.00, real=0.00 secs] 
2014-07-28T19:37:03.822+0000: 186.200: [GC [PSYoungGen: 54528K->384K(54208K)] 72887K->18791K(741184K), 0.0053410 secs] [Times: user=0.03 sys=0.01, real=0.01 secs] 
2014-07-28T19:37:04.198+0000: 186.576: [GC [PSYoungGen: 54208K->224K(53632K)] 72615K->18647K(740608K), 0.0038540 secs] [Times: user=0.02 sys=0.01, real=0.00 secs] 
2014-07-28T19:37:04.570+0000: 186.948: [GC [PSYoungGen: 53600K->192K(53120K)] 72023K->18647K(740096K), 0.0021460 secs] [Times: user=0.02 sys=0.00, real=0.00 secs] 
2014-07-28T19:37:04.941+0000: 187.319: [GC [PSYoungGen: 53120K->224K(52736K)] 71575K->18719K(739712K), 0.0037840 secs] [Times: user=0.02 sys=0.01, real=0.00 secs] 
2014-07-28T19:37:05.311+0000: 187.689: [GC [PSYoungGen: 52704K->288K(52416K)] 71199K->18847K(739392K), 0.0043520 secs] [Times: user=0.02 sys=0.00, real=0.00 secs] 
2014-07-28T19:37:05.672+0000: 188.050: [GC [PSYoungGen: 52384K->352K(52096K)] 70943K->18943K(739072K), 0.0036520 secs] [Times: user=0.02 sys=0.00, real=0.00 secs] 
2014-07-28T19:37:06.036+0000: 188.414: [GC [PSYoungGen: 52064K->192K(51520K)] 70655K->18831K(738496K), 0.0029970 secs] [Times: user=0.02 sys=0.00, real=0.01 secs] 
2014-07-28T19:37:06.398+0000: 188.776: [GC [PSYoungGen: 51520K->224K(51200K)] 70159K->18887K(738176K), 0.0025340 secs] [Times: user=0.01 sys=0.01, real=0.00 secs] 
2014-07-28T19:37:06.756+0000: 189.134: [GC [PSYoungGen: 51168K->352K(50944K)] 69831K->19095K(737920K), 0.0024570 secs] [Times: user=0.02 sys=0.00, real=0.01 secs] 
2014-07-28T19:37:07.110+0000: 189.488: [GC [PSYoungGen: 50912K->352K(50560K)] 69655K->19175K(737536K), 0.0034180 secs] [Times: user=0.02 sys=0.00, real=0.00 secs] 
2014-07-28T19:37:07.466+0000: 189.843: [GC [PSYoungGen: 50528K->288K(50112K)] 69351K->19151K(737088K), 0.0033260 secs] [Times: user=0.02 sys=0.00, real=0.01 secs] 
2014-07-28T19:37:07.821+0000: 190.199: [GC [PSYoungGen: 50080K->498K(60288K)] 68943K->19401K(747264K), 0.0114650 secs] [Times: user=0.06 sys=0.01, real=0.01 secs] 
2014-07-28T19:37:08.254+0000: 190.632: [GC [PSYoungGen: 60274K->256K(72000K)] 79177K->19239K(758976K), 0.0033400 secs] [Times: user=0.02 sys=0.00, real=0.00 secs] 
2014-07-28T19:37:08.778+0000: 191.156: [GC [PSYoungGen: 72000K->384K(86528K)] 90983K->19399K(773504K), 0.0041110 secs] [Times: user=0.01 sys=0.00, real=0.00 secs] 
2014-07-28T19:37:09.381+0000: 191.759: [GC [PSYoungGen: 86528K->384K(85504K)] 105543K->19471K(772480K), 0.0030900 secs] [Times: user=0.01 sys=0.00, real=0.00 secs] 
2014-07-28T19:37:09.975+0000: 192.353: [GC [PSYoungGen: 85504K->256K(84352K)] 104591K->19407K(771328K), 0.0023700 secs] [Times: user=0.01 sys=0.00, real=0.00 secs] 
2014-07-28T19:37:10.564+0000: 192.941: [GC [PSYoungGen: 84352K->320K(83392K)] 103503K->19535K(770368K), 0.0031360 secs] [Times: user=0.01 sys=0.00, real=0.00 secs] 
2014-07-28T19:37:11.147+0000: 193.525: [GC [PSYoungGen: 83392K->192K(82304K)] 102607K->19447K(769280K), 0.0041600 secs] [Times: user=0.03 sys=0.00, real=0.01 secs] 
2014-07-28T19:37:11.722+0000: 194.100: [GC [PSYoungGen: 82283K->320K(81472K)] 101539K->19615K(768448K), 0.0076860 secs] [Times: user=0.05 sys=0.00, real=0.01 secs] 
2014-07-28T19:37:12.289+0000: 194.667: [GC [PSYoungGen: 81472K->192K(80384K)] 100767K->19519K(767360K), 0.0031290 secs] [Times: user=0.02 sys=0.00, real=0.00 secs] 
2014-07-28T19:37:12.852+0000: 195.230: [GC [PSYoungGen: 80384K->384K(79680K)] 99711K->19751K(766656K), 0.0043330 secs] [Times: user=0.02 sys=0.00, real=0.00 secs] 
2014-07-28T19:37:13.407+0000: 195.785: [GC [PSYoungGen: 79674K->256K(78656K)] 99042K->19679K(765632K), 0.0023440 secs] [Times: user=0.01 sys=0.01, real=0.01 secs] 
2014-07-28T19:37:13.958+0000: 196.336: [GC [PSYoungGen: 78640K->288K(77824K)] 98063K->19727K(764800K), 0.0062080 secs] [Times: user=0.02 sys=0.01, real=0.01 secs] 
2014-07-28T19:37:14.523+0000: 196.901: [GC [PSYoungGen: 77792K->320K(76992K)] 97231K->19807K(763968K), 0.0029250 secs] [Times: user=0.02 sys=0.00, real=0.00 secs] 
2014-07-28T19:37:15.077+0000: 197.455: [GC [PSYoungGen: 76992K->288K(76160K)] 96479K->19807K(763136K), 0.0047020 secs] [Times: user=0.02 sys=0.00, real=0.01 secs] 
2014-07-28T19:37:15.603+0000: 197.981: [GC [PSYoungGen: 76128K->320K(75328K)] 95647K->19887K(762304K), 0.0026270 secs] [Times: user=0.01 sys=0.01, real=0.00 secs] 
2014-07-28T19:37:16.123+0000: 198.501: [GC [PSYoungGen: 75328K->192K(74368K)] 94895K->19791K(761344K), 0.0051850 secs] [Times: user=0.03 sys=0.00, real=0.00 secs] 
2014-07-28T19:37:16.643+0000: 199.021: [GC [PSYoungGen: 74368K->224K(73664K)] 93967K->19855K(760640K), 0.0071660 secs] [Times: user=0.04 sys=0.00, real=0.01 secs] 
2014-07-28T19:37:17.154+0000: 199.532: [GC [PSYoungGen: 73632K->256K(72896K)] 93263K->19943K(759872K), 0.0043760 secs] [Times: user=0.03 sys=0.00, real=0.00 secs] 
2014-07-28T19:37:17.664+0000: 200.042: [GC [PSYoungGen: 72896K->288K(72192K)] 92583K->20015K(759168K), 0.0030940 secs] [Times: user=0.02 sys=0.00, real=0.00 secs] 
2014-07-28T19:37:18.166+0000: 200.544: [GC [PSYoungGen: 72160K->352K(71488K)] 91887K->20143K(758464K), 0.0028560 secs] [Times: user=0.01 sys=0.00, real=0.01 secs] 
2014-07-28T19:37:18.663+0000: 201.041: [GC [PSYoungGen: 71456K->352K(70720K)] 91247K->20191K(757696K), 0.0023910 secs] [Times: user=0.02 sys=0.00, real=0.00 secs] 
2014-07-28T19:37:19.158+0000: 201.536: [GC [PSYoungGen: 70688K->192K(69824K)] 90527K->20079K(756800K), 0.0020010 secs] [Times: user=0.01 sys=0.00, real=0.01 secs] 
2014-07-28T19:37:19.645+0000: 202.023: [GC [PSYoungGen: 69824K->224K(69184K)] 89711K->20143K(756160K), 0.0026780 secs] [Times: user=0.01 sys=0.00, real=0.00 secs] 
2014-07-28T19:37:20.127+0000: 202.505: [GC [PSYoungGen: 69152K->288K(68544K)] 89071K->20271K(755520K), 0.0050490 secs] [Times: user=0.03 sys=0.00, real=0.01 secs] 
2014-07-28T19:37:20.614+0000: 202.992: [GC [PSYoungGen: 68512K->256K(67776K)] 88495K->20263K(754752K), 0.0033050 secs] [Times: user=0.02 sys=0.01, real=0.01 secs] 
2014-07-28T19:37:21.099+0000: 203.477: [GC [PSYoungGen: 67776K->306K(67200K)] 87783K->20345K(754176K), 0.0056810 secs] [Times: user=0.04 sys=0.00, real=0.01 secs] 
2014-07-28T19:37:21.578+0000: 203.955: [GC [PSYoungGen: 67186K->320K(66560K)] 87225K->20399K(753536K), 0.0033140 secs] [Times: user=0.02 sys=0.00, real=0.01 secs] 
2014-07-28T19:37:22.047+0000: 204.425: [GC [PSYoungGen: 66560K->256K(65856K)] 86639K->20399K(752832K), 0.0025060 secs] [Times: user=0.01 sys=0.00, real=0.00 secs] 
2014-07-28T19:37:22.506+0000: 204.884: [GC [PSYoungGen: 65856K->274K(65280K)] 85999K->20457K(752256K), 0.0030870 secs] [Times: user=0.02 sys=0.00, real=0.00 secs] 
2014-07-28T19:37:22.961+0000: 205.339: [GC [PSYoungGen: 65234K->320K(64640K)] 85417K->20567K(751616K), 0.0025590 secs] [Times: user=0.02 sys=0.00, real=0.00 secs] 
2014-07-28T19:37:23.413+0000: 205.791: [GC [PSYoungGen: 64640K->160K(63872K)] 84887K->20431K(750848K), 0.0025760 secs] [Times: user=0.01 sys=0.00, real=0.00 secs] 
2014-07-28T19:37:23.858+0000: 206.236: [GC [PSYoungGen: 63826K->416K(63552K)] 84098K->20751K(750528K), 0.0023030 secs] [Times: user=0.01 sys=0.00, real=0.01 secs] 
2014-07-28T19:37:24.301+0000: 206.679: [GC [PSYoungGen: 63520K->320K(62848K)] 83855K->20719K(749824K), 0.0028600 secs] [Times: user=0.01 sys=0.00, real=0.00 secs] 
2014-07-28T19:37:24.739+0000: 207.117: [GC [PSYoungGen: 62845K->192K(62144K)] 83245K->20647K(749120K), 0.0042960 secs] [Times: user=0.02 sys=0.00, real=0.01 secs] 
2014-07-28T19:37:25.173+0000: 207.551: [GC [PSYoungGen: 62127K->448K(61824K)] 82582K->21007K(748800K), 0.0026110 secs] [Times: user=0.02 sys=0.00, real=0.00 secs] 
2014-07-28T19:37:25.602+0000: 207.980: [GC [PSYoungGen: 61824K->320K(61120K)] 82383K->20935K(748096K), 0.0026060 secs] [Times: user=0.02 sys=0.00, real=0.00 secs] 
2014-07-28T19:37:26.029+0000: 208.407: [GC [PSYoungGen: 61120K->416K(60672K)] 81735K->21111K(747648K), 0.0026570 secs] [Times: user=0.01 sys=0.00, real=0.01 secs] 
2014-07-28T19:37:26.450+0000: 208.828: [GC [PSYoungGen: 60613K->320K(60032K)] 81308K->21063K(747008K), 0.0028250 secs] [Times: user=0.02 sys=0.00, real=0.01 secs] 
2014-07-28T19:37:26.869+0000: 209.247: [GC [PSYoungGen: 60032K->288K(59520K)] 80775K->21071K(746496K), 0.0065400 secs] [Times: user=0.04 sys=0.00, real=0.01 secs] 
2014-07-28T19:37:27.298+0000: 209.676: [GC [PSYoungGen: 59475K->256K(58944K)] 80259K->21063K(745920K), 0.0049550 secs] [Times: user=0.02 sys=0.01, real=0.01 secs] 
2014-07-28T19:37:27.730+0000: 210.108: [GC [PSYoungGen: 58914K->370K(70848K)] 79722K->21201K(757824K), 0.0091330 secs] [Times: user=0.03 sys=0.01, real=0.01 secs] 
2014-07-28T19:37:28.249+0000: 210.627: [GC [PSYoungGen: 70834K->224K(84864K)] 91665K->21071K(771840K), 0.0171420 secs] [Times: user=0.08 sys=0.01, real=0.02 secs] 
2014-07-28T19:37:28.822+0000: 211.199: [GC [PSYoungGen: 84832K->352K(101952K)] 105679K->21247K(788928K), 0.0049160 secs] [Times: user=0.02 sys=0.00, real=0.00 secs] 
2014-07-28T19:37:29.535+0000: 211.913: [GC [PSYoungGen: 101920K->160K(122112K)] 122815K->21087K(809088K), 0.0036590 secs] [Times: user=0.02 sys=0.00, real=0.00 secs] 
2014-07-28T19:37:30.390+0000: 212.768: [GC [PSYoungGen: 122046K->320K(129344K)] 142973K->21303K(816320K), 0.0035700 secs] [Times: user=0.02 sys=0.00, real=0.01 secs] 
2014-07-28T19:37:31.294+0000: 213.672: [GC [PSYoungGen: 129152K->256K(126976K)] 150135K->21295K(813952K), 0.0038150 secs] [Times: user=0.02 sys=0.00, real=0.00 secs] 
2014-07-28T19:37:32.179+0000: 214.557: [GC [PSYoungGen: 126976K->256K(124928K)] 148015K->21343K(811904K), 0.0028860 secs] [Times: user=0.01 sys=0.00, real=0.01 secs] 
2014-07-28T19:37:33.055+0000: 215.433: [GC [PSYoungGen: 124928K->320K(123008K)] 146015K->21471K(809984K), 0.0045690 secs] [Times: user=0.02 sys=0.01, real=0.00 secs] 
2014-07-28T19:37:33.940+0000: 216.318: [GC [PSYoungGen: 123008K->288K(121088K)] 144159K->21463K(808064K), 0.0027420 secs] [Times: user=0.01 sys=0.00, real=0.01 secs] 
2014-07-28T19:37:34.814+0000: 217.191: [GC [PSYoungGen: 121056K->448K(119296K)] 142231K->21655K(806272K), 0.0039340 secs] [Times: user=0.02 sys=0.01, real=0.00 secs] 
2014-07-28T19:37:35.645+0000: 218.023: [GC [PSYoungGen: 119296K->192K(117184K)] 140503K->21439K(804160K), 0.0025740 secs] [Times: user=0.01 sys=0.00, real=0.00 secs] 
2014-07-28T19:37:36.468+0000: 218.846: [GC [PSYoungGen: 117184K->320K(115520K)] 138431K->21639K(802496K), 0.0022070 secs] [Times: user=0.01 sys=0.00, real=0.00 secs] 
2014-07-28T19:37:37.275+0000: 219.653: [GC [PSYoungGen: 115520K->256K(113728K)] 136839K->21607K(800704K), 0.0058860 secs] [Times: user=0.04 sys=0.00, real=0.00 secs] 
2014-07-28T19:37:38.071+0000: 220.449: [GC [PSYoungGen: 113728K->384K(112128K)] 135079K->21783K(799104K), 0.0029580 secs] [Times: user=0.02 sys=0.01, real=0.01 secs] 
2014-07-28T19:37:38.855+0000: 221.232: [GC [PSYoungGen: 112128K->320K(110400K)] 133527K->21783K(797376K), 0.0035890 secs] [Times: user=0.02 sys=0.00, real=0.00 secs] 
2014-07-28T19:37:39.624+0000: 222.002: [GC [PSYoungGen: 110400K->384K(108864K)] 131863K->21935K(795840K), 0.0026470 secs] [Times: user=0.02 sys=0.00, real=0.00 secs] 
2014-07-28T19:37:40.409+0000: 222.787: [GC [PSYoungGen: 108826K->224K(107136K)] 130378K->21791K(794112K), 0.0031730 secs] [Times: user=0.01 sys=0.00, real=0.00 secs] 
2014-07-28T19:37:41.186+0000: 223.564: [GC [PSYoungGen: 107104K->288K(105664K)] 128671K->21879K(792640K), 0.0027590 secs] [Times: user=0.01 sys=0.01, real=0.00 secs] 
2014-07-28T19:37:41.954+0000: 224.332: [GC [PSYoungGen: 105632K->448K(104320K)] 127223K->22103K(791296K), 0.0043900 secs] [Times: user=0.02 sys=0.01, real=0.00 secs] 
2014-07-28T19:37:42.678+0000: 225.055: [GC [PSYoungGen: 104320K->320K(102720K)] 125975K->22023K(789696K), 0.0027760 secs] [Times: user=0.00 sys=0.01, real=0.00 secs] 
2014-07-28T19:37:43.399+0000: 225.777: [GC [PSYoungGen: 102720K->352K(101376K)] 124423K->22127K(788352K), 0.0025880 secs] [Times: user=0.02 sys=0.00, real=0.00 secs] 
2014-07-28T19:37:44.108+0000: 226.486: [GC [PSYoungGen: 101344K->320K(99904K)] 123119K->22135K(786880K), 0.0021320 secs] [Times: user=0.01 sys=0.01, real=0.00 secs] 
2014-07-28T19:37:44.805+0000: 227.183: [GC [PSYoungGen: 99904K->352K(98624K)] 121719K->22239K(785600K), 0.0031090 secs] [Times: user=0.02 sys=0.01, real=0.00 secs] 
2014-07-28T19:37:45.492+0000: 227.870: [GC [PSYoungGen: 98592K->384K(97280K)] 120479K->22359K(784256K), 0.0021840 secs] [Times: user=0.01 sys=0.01, real=0.01 secs] 
2014-07-28T19:37:46.169+0000: 228.547: [GC [PSYoungGen: 97276K->384K(96000K)] 119252K->22447K(782976K), 0.0039040 secs] [Times: user=0.02 sys=0.00, real=0.00 secs] 
2014-07-28T19:37:46.839+0000: 229.217: [GC [PSYoungGen: 96000K->288K(94656K)] 118063K->22391K(781632K), 0.0028930 secs] [Times: user=0.02 sys=0.00, real=0.00 secs] 
2014-07-28T19:37:47.514+0000: 229.892: [GC [PSYoungGen: 94624K->384K(93504K)] 116727K->22535K(780480K), 0.0031870 secs] [Times: user=0.02 sys=0.00, real=0.00 secs] 
2014-07-28T19:37:48.197+0000: 230.574: [GC [PSYoungGen: 93504K->384K(92288K)] 115655K->22679K(779264K), 0.0022190 secs] [Times: user=0.01 sys=0.00, real=0.00 secs] 
2014-07-28T19:37:48.854+0000: 231.232: [GC [PSYoungGen: 92288K->224K(91008K)] 114583K->22527K(777984K), 0.0049570 secs] [Times: user=0.02 sys=0.01, real=0.00 secs] 
2014-07-28T19:37:49.501+0000: 231.879: [GC [PSYoungGen: 90976K->256K(89856K)] 113279K->22591K(776832K), 0.0052090 secs] [Times: user=0.03 sys=0.00, real=0.01 secs] 
2014-07-28T19:37:50.119+0000: 232.496: [GC [PSYoungGen: 89821K->548K(89024K)] 112157K->22971K(776000K), 0.0029240 secs] [Times: user=0.02 sys=0.00, real=0.00 secs] 
2014-07-28T19:37:50.743+0000: 233.121: [GC [PSYoungGen: 88996K->384K(87744K)] 111419K->22879K(774720K), 0.0039810 secs] [Times: user=0.03 sys=0.00, real=0.01 secs] 
2014-07-28T19:37:51.359+0000: 233.737: [GC [PSYoungGen: 87744K->352K(86656K)] 110239K->22911K(773632K), 0.0024300 secs] [Times: user=0.01 sys=0.00, real=0.00 secs] 
2014-07-28T19:37:51.962+0000: 234.340: [GC [PSYoungGen: 86624K->384K(85632K)] 109183K->22991K(772608K), 0.0021950 secs] [Times: user=0.01 sys=0.00, real=0.01 secs] 
2014-07-28T19:37:52.555+0000: 234.933: [GC [PSYoungGen: 85632K->320K(84544K)] 108239K->22975K(771520K), 0.0037480 secs] [Times: user=0.02 sys=0.00, real=0.00 secs] 
2014-07-28T19:37:53.148+0000: 235.525: [GC [PSYoungGen: 84544K->352K(83584K)] 107199K->23087K(770560K), 0.0029630 secs] [Times: user=0.02 sys=0.00, real=0.00 secs] 
2014-07-28T19:37:53.729+0000: 236.107: [GC [PSYoungGen: 83552K->288K(82560K)] 106287K->23047K(769536K), 0.0070110 secs] [Times: user=0.03 sys=0.00, real=0.01 secs] 
2014-07-28T19:37:54.316+0000: 236.694: [GC [PSYoungGen: 82509K->256K(81536K)] 105269K->23039K(768512K), 0.0049510 secs] [Times: user=0.03 sys=0.00, real=0.00 secs] 
2014-07-28T19:37:54.902+0000: 237.280: [GC [PSYoungGen: 81486K->288K(80640K)] 104270K->23095K(767616K), 0.0033850 secs] [Times: user=0.01 sys=0.00, real=0.01 secs] 
2014-07-28T19:37:55.480+0000: 237.858: [GC [PSYoungGen: 80608K->288K(79744K)] 103415K->23143K(766720K), 0.0052400 secs] [Times: user=0.03 sys=0.00, real=0.01 secs] 
2014-07-28T19:37:56.018+0000: 238.396: [GC [PSYoungGen: 79712K->256K(78784K)] 102567K->23175K(765760K), 0.0027560 secs] [Times: user=0.02 sys=0.01, real=0.00 secs] 
2014-07-28T19:37:56.568+0000: 238.946: [GC [PSYoungGen: 78784K->448K(78080K)] 101703K->23399K(765056K), 0.0024550 secs] [Times: user=0.01 sys=0.01, real=0.00 secs] 
2014-07-28T19:37:57.115+0000: 239.493: [GC [PSYoungGen: 78052K->384K(77120K)] 101003K->23383K(764096K), 0.0026890 secs] [Times: user=0.02 sys=0.00, real=0.01 secs] 
2014-07-28T19:37:57.650+0000: 240.028: [GC [PSYoungGen: 77120K->384K(76288K)] 100119K->23423K(763264K), 0.0026340 secs] [Times: user=0.01 sys=0.01, real=0.00 secs] 
2014-07-28T19:37:58.184+0000: 240.562: [GC [PSYoungGen: 76288K->416K(75520K)] 99327K->23527K(762496K), 0.0038390 secs] [Times: user=0.02 sys=0.01, real=0.01 secs] 
2014-07-28T19:37:58.710+0000: 241.088: [GC [PSYoungGen: 75488K->288K(74560K)] 98599K->23439K(761536K), 0.0029020 secs] [Times: user=0.01 sys=0.00, real=0.00 secs] 
2014-07-28T19:37:59.228+0000: 241.606: [GC [PSYoungGen: 74528K->274K(73792K)] 97679K->23449K(760768K), 0.0039250 secs] [Times: user=0.02 sys=0.00, real=0.00 secs] 
2014-07-28T19:37:59.746+0000: 242.124: [GC [PSYoungGen: 73746K->224K(72960K)] 96921K->23431K(759936K), 0.0032100 secs] [Times: user=0.01 sys=0.00, real=0.01 secs] 
2014-07-28T19:38:00.257+0000: 242.634: [GC [PSYoungGen: 72928K->352K(72320K)] 96135K->23631K(759296K), 0.0034970 secs] [Times: user=0.02 sys=0.00, real=0.00 secs] 
2014-07-28T19:38:00.761+0000: 243.139: [GC [PSYoungGen: 72288K->288K(71488K)] 95567K->23615K(758464K), 0.0033180 secs] [Times: user=0.02 sys=0.01, real=0.00 secs] 
2014-07-28T19:38:01.273+0000: 243.651: [GC [PSYoungGen: 71436K->288K(70720K)] 94763K->23663K(757696K), 0.0033080 secs] [Times: user=0.02 sys=0.00, real=0.01 secs] 
2014-07-28T19:38:01.779+0000: 244.157: [GC [PSYoungGen: 70687K->288K(70016K)] 94063K->23703K(756992K), 0.0039190 secs] [Times: user=0.02 sys=0.00, real=0.00 secs] 
2014-07-28T19:38:02.265+0000: 244.643: [GC [PSYoungGen: 69969K->338K(69376K)] 93385K->23817K(756352K), 0.0024370 secs] [Times: user=0.02 sys=0.00, real=0.01 secs] 
2014-07-28T19:38:02.746+0000: 245.124: [GC [PSYoungGen: 69304K->352K(68672K)] 92783K->23855K(755648K), 0.0037390 secs] [Times: user=0.02 sys=0.00, real=0.00 secs] 
2014-07-28T19:38:03.228+0000: 245.606: [GC [PSYoungGen: 68616K->256K(67840K)] 92119K->23815K(754816K), 0.0032890 secs] [Times: user=0.01 sys=0.01, real=0.00 secs] 
2014-07-28T19:38:03.703+0000: 246.081: [GC [PSYoungGen: 67840K->384K(67328K)] 91399K->23991K(754304K), 0.0051020 secs] [Times: user=0.02 sys=0.00, real=0.01 secs] 
2014-07-28T19:38:04.171+0000: 246.549: [GC [PSYoungGen: 67328K->306K(66624K)] 90935K->23961K(753600K), 0.0040870 secs] [Times: user=0.02 sys=0.01, real=0.00 secs] 
2014-07-28T19:38:04.636+0000: 247.014: [GC [PSYoungGen: 66610K->320K(65984K)] 90265K->24007K(752960K), 0.0030100 secs] [Times: user=0.01 sys=0.00, real=0.01 secs] 
2014-07-28T19:38:05.097+0000: 247.475: [GC [PSYoungGen: 65971K->224K(65280K)] 89659K->23951K(752256K), 0.0030170 secs] [Times: user=0.02 sys=0.00, real=0.00 secs] 
2014-07-28T19:38:05.551+0000: 247.929: [GC [PSYoungGen: 65248K->352K(64768K)] 88975K->24127K(751744K), 0.0037740 secs] [Times: user=0.02 sys=0.00, real=0.00 secs] 
2014-07-28T19:38:06.001+0000: 248.379: [GC [PSYoungGen: 64692K->416K(64192K)] 88468K->24279K(751168K), 0.0021940 secs] [Times: user=0.01 sys=0.00, real=0.00 secs] 
2014-07-28T19:38:06.448+0000: 248.826: [GC [PSYoungGen: 64160K->256K(63424K)] 88023K->24191K(750400K), 0.0026770 secs] [Times: user=0.01 sys=0.00, real=0.00 secs] 
2014-07-28T19:38:06.889+0000: 249.267: [GC [PSYoungGen: 63424K->192K(62784K)] 87359K->24167K(749760K), 0.0030760 secs] [Times: user=0.01 sys=0.01, real=0.00 secs] 
2014-07-28T19:38:07.332+0000: 249.710: [GC [PSYoungGen: 62784K->384K(62400K)] 86759K->24399K(749376K), 0.0042870 secs] [Times: user=0.02 sys=0.00, real=0.00 secs] 
2014-07-28T19:38:07.778+0000: 250.156: [GC [PSYoungGen: 62400K->320K(61760K)] 86415K->24367K(748736K), 0.0073410 secs] [Times: user=0.03 sys=0.01, real=0.00 secs] 
2014-07-28T19:38:08.215+0000: 250.593: [GC [PSYoungGen: 61760K->384K(61248K)] 85807K->24535K(748224K), 0.0041870 secs] [Times: user=0.02 sys=0.00, real=0.01 secs] 
2014-07-28T19:38:08.658+0000: 251.036: [GC [PSYoungGen: 61248K->256K(73344K)] 85399K->24431K(760320K), 0.0054710 secs] [Times: user=0.03 sys=0.00, real=0.00 secs] 
2014-07-28T19:38:09.151+0000: 251.529: [GC [PSYoungGen: 73315K->384K(72704K)] 97491K->24639K(759680K), 0.0028710 secs] [Times: user=0.02 sys=0.00, real=0.00 secs] 
2014-07-28T19:38:09.653+0000: 252.031: [GC [PSYoungGen: 72676K->352K(71936K)] 96932K->24655K(758912K), 0.0035320 secs] [Times: user=0.02 sys=0.00, real=0.00 secs] 
2014-07-28T19:38:10.155+0000: 252.533: [GC [PSYoungGen: 71904K->352K(71168K)] 96207K->24703K(758144K), 0.0037070 secs] [Times: user=0.02 sys=0.00, real=0.01 secs] 
2014-07-28T19:38:10.652+0000: 253.030: [GC [PSYoungGen: 71136K->256K(70336K)] 95487K->24631K(757312K), 0.0029300 secs] [Times: user=0.01 sys=0.01, real=0.00 secs] 
2014-07-28T19:38:11.142+0000: 253.520: [GC [PSYoungGen: 70336K->352K(69760K)] 94711K->24807K(756736K), 0.0029280 secs] [Times: user=0.02 sys=0.00, real=0.00 secs] 
2014-07-28T19:38:11.628+0000: 254.006: [GC [PSYoungGen: 69728K->224K(68928K)] 94183K->24711K(755904K), 0.0028010 secs] [Times: user=0.02 sys=0.00, real=0.00 secs] 
2014-07-28T19:38:12.110+0000: 254.488: [GC [PSYoungGen: 68896K->416K(68416K)] 93383K->24983K(755392K), 0.0024710 secs] [Times: user=0.01 sys=0.00, real=0.00 secs] 
2014-07-28T19:38:12.585+0000: 254.963: [GC [PSYoungGen: 68384K->416K(67712K)] 92951K->25039K(754688K), 0.0029900 secs] [Times: user=0.02 sys=0.00, real=0.01 secs] 
2014-07-28T19:38:13.056+0000: 255.434: [GC [PSYoungGen: 67633K->192K(66816K)] 92257K->24879K(753792K), 0.0040800 secs] [Times: user=0.02 sys=0.00, real=0.01 secs] 
2014-07-28T19:38:13.522+0000: 255.900: [GC [PSYoungGen: 66807K->320K(66304K)] 91495K->25047K(753280K), 0.0025410 secs] [Times: user=0.01 sys=0.00, real=0.00 secs] 
2014-07-28T19:38:14.001+0000: 256.379: [GC [PSYoungGen: 66304K->320K(65664K)] 91031K->25095K(752640K), 0.0026270 secs] [Times: user=0.01 sys=0.00, real=0.00 secs] 
2014-07-28T19:38:14.479+0000: 256.857: [GC [PSYoungGen: 65663K->256K(64960K)] 90439K->25047K(751936K), 0.0032160 secs] [Times: user=0.01 sys=0.00, real=0.00 secs] 
2014-07-28T19:38:14.931+0000: 257.309: [GC [PSYoungGen: 64960K->416K(64512K)] 89751K->25247K(751488K), 0.0078030 secs] [Times: user=0.04 sys=0.00, real=0.01 secs] 
2014-07-28T19:38:15.381+0000: 257.759: [GC [PSYoungGen: 64480K->320K(63808K)] 89311K->25199K(750784K), 0.0023650 secs] [Times: user=0.01 sys=0.00, real=0.00 secs] 
2014-07-28T19:38:15.822+0000: 258.200: [GC [PSYoungGen: 63761K->320K(63232K)] 88641K->25263K(750208K), 0.0027780 secs] [Times: user=0.02 sys=0.00, real=0.00 secs] 
2014-07-28T19:38:16.262+0000: 258.640: [GC [PSYoungGen: 63187K->256K(75776K)] 88131K->25231K(762752K), 0.0095410 secs] [Times: user=0.05 sys=0.01, real=0.01 secs] 
2014-07-28T19:38:16.792+0000: 259.170: [GC [PSYoungGen: 75776K->320K(75008K)] 100751K->25343K(761984K), 0.0034740 secs] [Times: user=0.02 sys=0.00, real=0.00 secs] 
2014-07-28T19:38:17.316+0000: 259.694: [GC [PSYoungGen: 75008K->384K(74240K)] 100031K->25479K(761216K), 0.0027020 secs] [Times: user=0.01 sys=0.01, real=0.01 secs] 
2014-07-28T19:38:17.836+0000: 260.214: [GC [PSYoungGen: 74240K->352K(73472K)] 99335K->25487K(760448K), 0.0030490 secs] [Times: user=0.02 sys=0.00, real=0.01 secs] 
2014-07-28T19:38:18.353+0000: 260.731: [GC [PSYoungGen: 73440K->512K(72832K)] 98575K->25735K(759808K), 0.0040650 secs] [Times: user=0.03 sys=0.00, real=0.00 secs] 
2014-07-28T19:38:18.856+0000: 261.234: [GC [PSYoungGen: 72832K->192K(71744K)] 98055K->25519K(758720K), 0.0024550 secs] [Times: user=0.02 sys=0.00, real=0.01 secs] 
2014-07-28T19:38:19.357+0000: 261.735: [GC [PSYoungGen: 71704K->434K(71232K)] 97032K->25833K(758208K), 0.0029560 secs] [Times: user=0.01 sys=0.00, real=0.01 secs] 
2014-07-28T19:38:19.856+0000: 262.234: [GC [PSYoungGen: 71218K->224K(70336K)] 96617K->25655K(757312K), 0.0045560 secs] [Times: user=0.02 sys=0.00, real=0.01 secs] 
2014-07-28T19:38:20.349+0000: 262.727: [GC [PSYoungGen: 70304K->288K(69696K)] 95735K->25751K(756672K), 0.0045690 secs] [Times: user=0.05 sys=0.03, real=0.06 secs] 
2014-07-28T19:38:20.861+0000: 263.239: [GC [PSYoungGen: 69664K->224K(68928K)] 95127K->25695K(755904K), 0.0050250 secs] [Times: user=0.01 sys=0.00, real=0.00 secs] 
2014-07-28T19:38:21.351+0000: 263.729: [GC [PSYoungGen: 68857K->288K(68288K)] 94329K->25799K(755264K), 0.0030990 secs] [Times: user=0.01 sys=0.00, real=0.00 secs] 
2014-07-28T19:38:21.816+0000: 264.194: [GC [PSYoungGen: 68251K->192K(81792K)] 93763K->25719K(768768K), 0.0094900 secs] [Times: user=0.06 sys=0.00, real=0.01 secs] 
2014-07-28T19:38:22.389+0000: 264.767: [GC [PSYoungGen: 81792K->256K(98176K)] 107319K->25831K(785152K), 0.0086370 secs] [Times: user=0.06 sys=0.00, real=0.01 secs] 
2014-07-28T19:38:23.074+0000: 265.452: [GC [PSYoungGen: 98176K->352K(117888K)] 123751K->25999K(804864K), 0.0036900 secs] [Times: user=0.02 sys=0.01, real=0.00 secs] 
2014-07-28T19:38:23.896+0000: 266.274: [GC [PSYoungGen: 117829K->288K(116032K)] 143476K->25999K(803008K), 0.0053090 secs] [Times: user=0.03 sys=0.00, real=0.01 secs] 
2014-07-28T19:38:24.709+0000: 267.087: [GC [PSYoungGen: 116000K->352K(114304K)] 141711K->26143K(801280K), 0.0049480 secs] [Times: user=0.04 sys=0.00, real=0.00 secs] 
2014-07-28T19:38:25.506+0000: 267.884: [GC [PSYoungGen: 114271K->274K(112512K)] 140063K->26113K(799488K), 0.0024530 secs] [Times: user=0.01 sys=0.00, real=0.00 secs] 
2014-07-28T19:38:26.293+0000: 268.671: [GC [PSYoungGen: 112466K->384K(110912K)] 138305K->26303K(797888K), 0.0047600 secs] [Times: user=0.03 sys=0.00, real=0.00 secs] 
2014-07-28T19:38:27.089+0000: 269.467: [GC [PSYoungGen: 110912K->352K(109312K)] 136831K->26287K(796288K), 0.0025410 secs] [Times: user=0.61 sys=0.35, real=0.95 secs] 
2014-07-28T19:38:28.549+0000: 270.926: [GC [PSYoungGen: 109280K->320K(107648K)] 135215K->26367K(794624K), 0.0024030 secs] [Times: user=0.02 sys=0.00, real=0.01 secs] 
2014-07-28T19:38:29.300+0000: 271.678: [GC [PSYoungGen: 107648K->192K(105984K)] 133695K->26263K(792960K), 0.0029450 secs] [Times: user=0.02 sys=0.01, real=0.00 secs] 
2014-07-28T19:38:30.041+0000: 272.418: [GC [PSYoungGen: 105984K->160K(104448K)] 132055K->26239K(791424K), 0.0045120 secs] [Times: user=0.01 sys=0.00, real=0.00 secs] 
2014-07-28T19:38:30.775+0000: 273.153: [GC [PSYoungGen: 104416K->224K(103040K)] 130495K->26327K(790016K), 0.0042480 secs] [Times: user=0.01 sys=0.01, real=0.00 secs] 
2014-07-28T19:38:31.500+0000: 273.878: [GC [PSYoungGen: 103008K->192K(101568K)] 129111K->26327K(788544K), 0.0024230 secs] [Times: user=0.01 sys=0.01, real=0.01 secs] 
2014-07-28T19:38:32.209+0000: 274.587: [GC [PSYoungGen: 101534K->160K(100160K)] 127669K->26311K(787136K), 0.0033350 secs] [Times: user=0.02 sys=0.00, real=0.01 secs] 
2014-07-28T19:38:32.911+0000: 275.289: [GC [PSYoungGen: 100128K->256K(98880K)] 126279K->26447K(785856K), 0.0060830 secs] [Times: user=0.03 sys=0.01, real=0.01 secs] 
2014-07-28T19:38:33.604+0000: 275.982: [GC [PSYoungGen: 98880K->416K(97728K)] 125071K->26615K(784704K), 0.0021290 secs] [Times: user=0.01 sys=0.00, real=0.00 secs] 
2014-07-28T19:38:34.283+0000: 276.661: [GC [PSYoungGen: 97696K->320K(96320K)] 123895K->26567K(783296K), 0.0056560 secs] [Times: user=0.03 sys=0.01, real=0.00 secs] 
2014-07-28T19:38:34.954+0000: 277.332: [GC [PSYoungGen: 96320K->320K(95040K)] 122567K->26623K(782016K), 0.0026510 secs] [Times: user=0.02 sys=0.00, real=0.00 secs] 
2014-07-28T19:38:35.616+0000: 277.994: [GC [PSYoungGen: 95006K->256K(93760K)] 121310K->26575K(780736K), 0.0028000 secs] [Times: user=0.02 sys=0.00, real=0.00 secs] 
2014-07-28T19:38:36.272+0000: 278.650: [GC [PSYoungGen: 93760K->352K(92672K)] 120079K->26743K(779648K), 0.0020440 secs] [Times: user=0.01 sys=0.00, real=0.00 secs] 
2014-07-28T19:38:36.919+0000: 279.297: [GC [PSYoungGen: 92640K->384K(91456K)] 119031K->26831K(778432K), 0.0028660 secs] [Times: user=0.02 sys=0.00, real=0.01 secs] 
2014-07-28T19:38:37.560+0000: 279.938: [GC [PSYoungGen: 91456K->448K(90368K)] 117903K->26903K(777344K), 0.0029340 secs] [Times: user=0.02 sys=0.01, real=0.01 secs] 
2014-07-28T19:38:38.193+0000: 280.571: [GC [PSYoungGen: 90368K->242K(89024K)] 116823K->26817K(776000K), 0.0031380 secs] [Times: user=0.01 sys=0.00, real=0.00 secs] 
2014-07-28T19:38:38.824+0000: 281.202: [GC [PSYoungGen: 89010K->224K(87936K)] 115585K->26807K(774912K), 0.0057350 secs] [Times: user=0.01 sys=0.00, real=0.00 secs] 
2014-07-28T19:38:39.470+0000: 281.848: [GC [PSYoungGen: 87904K->320K(86912K)] 114487K->26919K(773888K), 0.0028180 secs] [Times: user=0.01 sys=0.00, real=0.01 secs] 
2014-07-28T19:38:40.152+0000: 282.530: [GC [PSYoungGen: 86912K->448K(85952K)] 113511K->27151K(772928K), 0.0031540 secs] [Times: user=0.02 sys=0.01, real=0.00 secs] 
2014-07-28T19:38:40.717+0000: 283.094: [GC [PSYoungGen: 85952K->320K(84800K)] 112655K->27119K(771776K), 0.0024840 secs] [Times: user=0.02 sys=0.00, real=0.00 secs] 
2014-07-28T19:38:41.300+0000: 283.678: [GC [PSYoungGen: 84773K->320K(83776K)] 111573K->27175K(770752K), 0.0032850 secs] [Times: user=0.02 sys=0.00, real=0.01 secs] 
2014-07-28T19:38:41.885+0000: 284.263: [GC [PSYoungGen: 83776K->320K(82816K)] 110631K->27239K(769792K), 0.0025630 secs] [Times: user=0.02 sys=0.00, real=0.00 secs] 
2014-07-28T19:38:42.462+0000: 284.840: [GC [PSYoungGen: 82816K->256K(81792K)] 109735K->27199K(768768K), 0.0047380 secs] [Times: user=0.03 sys=0.00, real=0.00 secs] 
2014-07-28T19:38:43.036+0000: 285.414: [GC [PSYoungGen: 81792K->320K(80896K)] 108735K->27327K(767872K), 0.0028480 secs] [Times: user=0.02 sys=0.01, real=0.00 secs] 
2014-07-28T19:38:43.598+0000: 285.976: [GC [PSYoungGen: 80896K->384K(80064K)] 107903K->27431K(767040K), 0.0019640 secs] [Times: user=0.01 sys=0.00, real=0.00 secs] 
2014-07-28T19:38:44.162+0000: 286.540: [GC [PSYoungGen: 80063K->224K(79040K)] 107110K->27319K(766016K), 0.0037230 secs] [Times: user=0.02 sys=0.00, real=0.00 secs] 
2014-07-28T19:38:44.718+0000: 287.096: [GC [PSYoungGen: 79008K->224K(78144K)] 106103K->27359K(765120K), 0.0020710 secs] [Times: user=0.01 sys=0.00, real=0.00 secs] 
2014-07-28T19:38:45.264+0000: 287.641: [GC [PSYoungGen: 78112K->320K(77312K)] 105247K->27495K(764288K), 0.0029860 secs] [Times: user=0.02 sys=0.00, real=0.00 secs] 
2014-07-28T19:38:45.806+0000: 288.184: [GC [PSYoungGen: 77312K->288K(76480K)] 104487K->27487K(763456K), 0.0035540 secs] [Times: user=0.01 sys=0.00, real=0.00 secs] 
2014-07-28T19:38:46.343+0000: 288.721: [GC [PSYoungGen: 76448K->356K(75712K)] 103647K->27571K(762688K), 0.0099210 secs] [Times: user=0.06 sys=0.00, real=0.01 secs] 
2014-07-28T19:38:46.881+0000: 289.259: [GC [PSYoungGen: 75684K->320K(74816K)] 102899K->27591K(761792K), 0.0035000 secs] [Times: user=0.02 sys=0.00, real=0.01 secs] 
2014-07-28T19:38:47.411+0000: 289.789: [GC [PSYoungGen: 74815K->288K(73984K)] 102086K->27583K(760960K), 0.0048940 secs] [Times: user=0.02 sys=0.00, real=0.01 secs] 
2014-07-28T19:38:47.917+0000: 290.295: [GC [PSYoungGen: 73952K->224K(73152K)] 101247K->27551K(760128K), 0.0023370 secs] [Times: user=0.01 sys=0.00, real=0.00 secs] 
2014-07-28T19:38:48.427+0000: 290.805: [GC [PSYoungGen: 73120K->288K(72448K)] 100447K->27639K(759424K), 0.0021160 secs] [Times: user=0.01 sys=0.00, real=0.00 secs] 
2014-07-28T19:38:48.932+0000: 291.310: [GC [PSYoungGen: 72416K->306K(71680K)] 99767K->27697K(758656K), 0.0043250 secs] [Times: user=0.02 sys=0.01, real=0.01 secs] 
2014-07-28T19:38:49.434+0000: 291.812: [GC [PSYoungGen: 71640K->320K(70912K)] 99032K->27751K(757888K), 0.0043830 secs] [Times: user=0.03 sys=0.00, real=0.00 secs] 
2014-07-28T19:38:49.926+0000: 292.304: [GC [PSYoungGen: 70893K->448K(70336K)] 98324K->27959K(757312K), 0.0045710 secs] [Times: user=0.02 sys=0.00, real=0.00 secs] 
2014-07-28T19:38:50.415+0000: 292.793: [GC [PSYoungGen: 70336K->192K(69376K)] 97847K->27783K(756352K), 0.0028950 secs] [Times: user=0.02 sys=0.01, real=0.00 secs] 
2014-07-28T19:38:50.896+0000: 293.274: [GC [PSYoungGen: 69376K->384K(68864K)] 96967K->28039K(755840K), 0.0023160 secs] [Times: user=0.01 sys=0.00, real=0.00 secs] 
2014-07-28T19:38:51.375+0000: 293.753: [GC [PSYoungGen: 68861K->416K(68224K)] 96516K->28127K(755200K), 0.0020080 secs] [Times: user=0.01 sys=0.00, real=0.00 secs] 
2014-07-28T19:38:51.854+0000: 294.231: [GC [PSYoungGen: 68192K->370K(67456K)] 95903K->28137K(754432K), 0.0035100 secs] [Times: user=0.02 sys=0.01, real=0.01 secs] 
2014-07-28T19:38:52.325+0000: 294.703: [GC [PSYoungGen: 67442K->224K(66688K)] 95209K->28023K(753664K), 0.0026950 secs] [Times: user=0.01 sys=0.00, real=0.00 secs] 
2014-07-28T19:38:52.792+0000: 295.170: [GC [PSYoungGen: 66656K->256K(66048K)] 94455K->28087K(753024K), 0.0058590 secs] [Times: user=0.03 sys=0.01, real=0.01 secs] 
2014-07-28T19:38:53.251+0000: 295.629: [GC [PSYoungGen: 66048K->384K(65536K)] 93879K->28247K(752512K), 0.0039560 secs] [Times: user=0.02 sys=0.00, real=0.01 secs] 
2014-07-28T19:38:53.706+0000: 296.083: [GC [PSYoungGen: 65512K->416K(64960K)] 93375K->28327K(751936K), 0.0045520 secs] [Times: user=0.26 sys=0.24, real=0.46 secs] 
2014-07-28T19:38:54.324+0000: 296.701: [GC [PSYoungGen: 64928K->242K(77696K)] 92839K->28291K(764672K), 0.0038180 secs] [Times: user=0.03 sys=0.01, real=0.01 secs] 
2014-07-28T19:38:54.790+0000: 297.168: [GC [PSYoungGen: 77682K->288K(93248K)] 105731K->28409K(780224K), 0.0037300 secs] [Times: user=0.02 sys=0.00, real=0.00 secs] 
2014-07-28T19:38:55.442+0000: 297.820: [GC [PSYoungGen: 93216K->256K(91968K)] 121337K->28409K(778944K), 0.0054320 secs] [Times: user=0.03 sys=0.01, real=0.01 secs] 
2014-07-28T19:38:56.086+0000: 298.464: [GC [PSYoungGen: 91968K->352K(90944K)] 120121K->28561K(777920K), 0.0038390 secs] [Times: user=0.02 sys=0.00, real=0.00 secs] 
2014-07-28T19:38:56.725+0000: 299.103: [GC [PSYoungGen: 90912K->352K(89792K)] 119121K->28609K(776768K), 0.0026380 secs] [Times: user=0.01 sys=0.00, real=0.00 secs] 
2014-07-28T19:38:57.351+0000: 299.729: [GC [PSYoungGen: 89760K->384K(88704K)] 118017K->28713K(775680K), 0.0036600 secs] [Times: user=0.01 sys=0.01, real=0.01 secs] 
2014-07-28T19:38:57.969+0000: 300.347: [GC [PSYoungGen: 88704K->160K(87424K)] 117033K->28505K(774400K), 0.0028310 secs] [Times: user=0.01 sys=0.00, real=0.00 secs] 
2014-07-28T19:38:58.581+0000: 300.959: [GC [PSYoungGen: 87392K->160K(86336K)] 115737K->28537K(773312K), 0.0044150 secs] [Times: user=0.03 sys=0.00, real=0.01 secs] 
2014-07-28T19:38:59.187+0000: 301.565: [GC [PSYoungGen: 86304K->320K(85440K)] 114681K->28729K(772416K), 0.0078090 secs] [Times: user=0.03 sys=0.01, real=0.00 secs] 
2014-07-28T19:38:59.789+0000: 302.167: [GC [PSYoungGen: 85440K->256K(84352K)] 113849K->28697K(771328K), 0.0052540 secs] [Times: user=0.02 sys=0.01, real=0.00 secs] 
2014-07-28T19:39:00.381+0000: 302.759: [GC [PSYoungGen: 84352K->256K(101184K)] 112793K->28705K(788160K), 0.0096720 secs] [Times: user=0.04 sys=0.00, real=0.01 secs] 
2014-07-28T19:39:01.093+0000: 303.471: [GC [PSYoungGen: 101184K->352K(99904K)] 129633K->28857K(786880K), 0.0023810 secs] [Times: user=0.01 sys=0.00, real=0.01 secs] 
2014-07-28T19:39:01.788+0000: 304.166: [GC [PSYoungGen: 99872K->352K(98560K)] 128377K->28873K(785536K), 0.0032430 secs] [Times: user=0.02 sys=0.00, real=0.00 secs] 
2014-07-28T19:39:02.477+0000: 304.855: [GC [PSYoungGen: 98528K->384K(97216K)] 127049K->28977K(784192K), 0.0023690 secs] [Times: user=0.01 sys=0.00, real=0.00 secs] 
2014-07-28T19:39:03.158+0000: 305.536: [GC [PSYoungGen: 97216K->320K(95872K)] 125809K->29025K(782848K), 0.0025310 secs] [Times: user=0.01 sys=0.00, real=0.00 secs] 
2014-07-28T19:39:03.823+0000: 306.201: [GC [PSYoungGen: 95842K->224K(94528K)] 124548K->28953K(781504K), 0.0037350 secs] [Times: user=0.02 sys=0.00, real=0.01 secs] 
2014-07-28T19:39:04.486+0000: 306.864: [GC [PSYoungGen: 94472K->256K(93312K)] 123201K->29041K(780288K), 0.0034970 secs] [Times: user=0.02 sys=0.00, real=0.00 secs] 
2014-07-28T19:39:05.136+0000: 307.514: [GC [PSYoungGen: 93312K->192K(92032K)] 122097K->29009K(779008K), 0.0044940 secs] [Times: user=0.02 sys=0.00, real=0.00 secs] 
2014-07-28T19:39:05.787+0000: 308.165: [GC [PSYoungGen: 92032K->224K(90944K)] 120849K->29057K(777920K), 0.0046420 secs] [Times: user=0.01 sys=0.01, real=0.00 secs] 
2014-07-28T19:39:06.428+0000: 308.806: [GC [PSYoungGen: 90878K->224K(89792K)] 119712K->29073K(776768K), 0.0079340 secs] [Times: user=0.03 sys=0.01, real=0.00 secs] 
2014-07-28T19:39:07.062+0000: 309.440: [GC [PSYoungGen: 89760K->274K(88704K)] 118609K->29131K(775680K), 0.0049840 secs] [Times: user=0.01 sys=0.00, real=0.01 secs] 
2014-07-28T19:39:07.680+0000: 310.058: [GC [PSYoungGen: 88658K->224K(87552K)] 117515K->29105K(774528K), 0.0035730 secs] [Times: user=0.02 sys=0.00, real=0.00 secs] 
2014-07-28T19:39:08.292+0000: 310.670: [GC [PSYoungGen: 87520K->320K(86528K)] 116401K->29249K(773504K), 0.0043720 secs] [Times: user=0.02 sys=0.00, real=0.01 secs] 
2014-07-28T19:39:08.894+0000: 311.272: [GC [PSYoungGen: 86523K->416K(85632K)] 115453K->29425K(772608K), 0.0025450 secs] [Times: user=0.01 sys=0.00, real=0.01 secs] 
2014-07-28T19:39:09.491+0000: 311.869: [GC [PSYoungGen: 85600K->320K(84480K)] 114609K->29385K(771456K), 0.0028770 secs] [Times: user=0.01 sys=0.00, real=0.00 secs] 
2014-07-28T19:39:10.078+0000: 312.456: [GC [PSYoungGen: 84480K->288K(83456K)] 113545K->29409K(770432K), 0.0035470 secs] [Times: user=0.02 sys=0.00, real=0.00 secs] 
2014-07-28T19:39:10.665+0000: 313.042: [GC [PSYoungGen: 83424K->352K(82560K)] 112545K->29505K(769536K), 0.0025590 secs] [Times: user=0.01 sys=0.00, real=0.01 secs] 
2014-07-28T19:39:11.241+0000: 313.619: [GC [PSYoungGen: 82521K->320K(81536K)] 111675K->29529K(768512K), 0.0031040 secs] [Times: user=0.01 sys=0.00, real=0.00 secs] 
2014-07-28T19:39:11.808+0000: 314.186: [GC [PSYoungGen: 81536K->256K(80512K)] 110745K->29529K(767488K), 0.0034280 secs] [Times: user=0.02 sys=0.00, real=0.00 secs] 
2014-07-28T19:39:12.373+0000: 314.751: [GC [PSYoungGen: 80502K->256K(79616K)] 109775K->29545K(766592K), 0.0031220 secs] [Times: user=0.01 sys=0.01, real=0.00 secs] 
2014-07-28T19:39:12.936+0000: 315.313: [GC [PSYoungGen: 79592K->256K(78720K)] 108881K->29577K(765696K), 0.0056570 secs] [Times: user=0.03 sys=0.01, real=0.01 secs] 
2014-07-28T19:39:13.486+0000: 315.864: [GC [PSYoungGen: 78720K->320K(77888K)] 108041K->29673K(764864K), 0.0076810 secs] [Times: user=0.03 sys=0.01, real=0.01 secs] 
2014-07-28T19:39:14.027+0000: 316.405: [GC [PSYoungGen: 77888K->256K(76928K)] 107241K->29657K(763904K), 0.0030820 secs] [Times: user=0.01 sys=0.00, real=0.01 secs] 
2014-07-28T19:39:14.565+0000: 316.943: [GC [PSYoungGen: 76928K->224K(76096K)] 106329K->29641K(763072K), 0.0031490 secs] [Times: user=0.01 sys=0.00, real=0.01 secs] 
2014-07-28T19:39:15.097+0000: 317.475: [GC [PSYoungGen: 76064K->192K(75200K)] 105481K->29625K(762176K), 0.0068640 secs] [Times: user=0.03 sys=0.00, real=0.00 secs] 
2014-07-28T19:39:15.621+0000: 317.999: [GC [PSYoungGen: 75200K->416K(74624K)] 104633K->29849K(761600K), 0.0040110 secs] [Times: user=0.02 sys=0.00, real=0.00 secs] 
2014-07-28T19:39:16.143+0000: 318.521: [GC [PSYoungGen: 74592K->224K(73664K)] 104025K->29681K(760640K), 0.0028030 secs] [Times: user=0.01 sys=0.01, real=0.00 secs] 
2014-07-28T19:39:16.654+0000: 319.032: [GC [PSYoungGen: 73632K->352K(73024K)] 103089K->29825K(760000K), 0.0058410 secs] [Times: user=0.03 sys=0.00, real=0.01 secs] 
2014-07-28T19:39:17.163+0000: 319.541: [GC [PSYoungGen: 72992K->192K(72064K)] 102465K->29697K(759040K), 0.0024250 secs] [Times: user=0.01 sys=0.00, real=0.00 secs] 
2014-07-28T19:39:17.668+0000: 320.046: [GC [PSYoungGen: 72064K->256K(71360K)] 101569K->29785K(758336K), 0.0051500 secs] [Times: user=0.02 sys=0.00, real=0.00 secs] 
2014-07-28T19:39:18.166+0000: 320.544: [GC [PSYoungGen: 71360K->192K(70528K)] 100889K->29745K(757504K), 0.0052740 secs] [Times: user=0.03 sys=0.00, real=0.01 secs] 
2014-07-28T19:39:18.656+0000: 321.034: [GC [PSYoungGen: 70528K->288K(69952K)] 100081K->29857K(756928K), 0.0027230 secs] [Times: user=0.01 sys=0.00, real=0.01 secs] 
2014-07-28T19:39:19.153+0000: 321.531: [GC [PSYoungGen: 69920K->274K(69248K)] 99489K->29851K(756224K), 0.0048070 secs] [Times: user=0.58 sys=0.62, real=1.25 secs] 
2014-07-28T19:39:20.565+0000: 322.943: [GC [PSYoungGen: 69202K->320K(83072K)] 98779K->29897K(770048K), 0.0050250 secs] [Times: user=0.02 sys=0.01, real=0.01 secs] 
2014-07-28T19:39:20.851+0000: 323.229: [GC [PSYoungGen: 83072K->320K(99648K)] 112649K->29953K(786624K), 0.0031170 secs] [Times: user=0.02 sys=0.00, real=0.00 secs] 
2014-07-28T19:39:21.547+0000: 323.925: [GC [PSYoungGen: 99648K->256K(111872K)] 129281K->29897K(798848K), 0.0047290 secs] [Times: user=0.03 sys=0.01, real=0.01 secs] 
2014-07-28T19:39:22.334+0000: 324.712: [GC [PSYoungGen: 111649K->288K(110080K)] 141291K->29985K(797056K), 0.0026310 secs] [Times: user=0.01 sys=0.00, real=0.00 secs] 
2014-07-28T19:39:23.103+0000: 325.481: [GC [PSYoungGen: 110047K->288K(108480K)] 139745K->29993K(795456K), 0.0029490 secs] [Times: user=0.02 sys=0.01, real=0.00 secs] 
2014-07-28T19:39:23.863+0000: 326.241: [GC [PSYoungGen: 108448K->320K(106944K)] 138153K->30089K(793920K), 0.0059140 secs] [Times: user=0.04 sys=0.00, real=0.01 secs] 
2014-07-28T19:39:24.611+0000: 326.989: [GC [PSYoungGen: 106944K->192K(105280K)] 136713K->30009K(792256K), 0.0040530 secs] [Times: user=0.02 sys=0.00, real=0.00 secs] 
2014-07-28T19:39:25.353+0000: 327.731: [GC [PSYoungGen: 105280K->448K(104064K)] 135097K->30361K(791040K), 0.0025120 secs] [Times: user=0.01 sys=0.00, real=0.00 secs] 
2014-07-28T19:39:26.079+0000: 328.457: [GC [PSYoungGen: 104061K->288K(102464K)] 133974K->30225K(789440K), 0.0031910 secs] [Times: user=0.02 sys=0.00, real=0.01 secs] 
2014-07-28T19:39:26.806+0000: 329.184: [GC [PSYoungGen: 102432K->306K(101056K)] 132369K->30315K(788032K), 0.0076980 secs] [Times: user=0.05 sys=0.01, real=0.01 secs] 
2014-07-28T19:39:27.510+0000: 329.887: [GC [PSYoungGen: 101042K->256K(99584K)] 131051K->30313K(786560K), 0.0040370 secs] [Times: user=0.02 sys=0.00, real=0.00 secs] 
2014-07-28T19:39:28.206+0000: 330.584: [GC [PSYoungGen: 99584K->256K(98240K)] 129641K->30353K(785216K), 0.0062270 secs] [Times: user=0.03 sys=0.01, real=0.01 secs] 
2014-07-28T19:39:28.892+0000: 331.270: [GC [PSYoungGen: 98240K->288K(96960K)] 128337K->30393K(783936K), 0.0034170 secs] [Times: user=0.02 sys=0.00, real=0.00 secs] 
2014-07-28T19:39:29.566+0000: 331.944: [GC [PSYoungGen: 96928K->192K(95552K)] 127033K->30329K(782528K), 0.0050330 secs] [Times: user=0.03 sys=0.00, real=0.01 secs] 
2014-07-28T19:39:30.237+0000: 332.615: [GC [PSYoungGen: 95552K->224K(94336K)] 125689K->30417K(781312K), 0.0030040 secs] [Times: user=0.02 sys=0.01, real=0.01 secs] 
2014-07-28T19:39:30.898+0000: 333.276: [GC [PSYoungGen: 94304K->192K(93056K)] 124497K->30409K(780032K), 0.0036250 secs] [Times: user=0.02 sys=0.01, real=0.01 secs] 
2014-07-28T19:39:31.551+0000: 333.928: [GC [PSYoungGen: 93056K->288K(91968K)] 123273K->30561K(778944K), 0.0035730 secs] [Times: user=0.02 sys=0.00, real=0.00 secs] 
2014-07-28T19:39:32.196+0000: 334.574: [GC [PSYoungGen: 91936K->352K(90880K)] 122209K->30689K(777856K), 0.0029810 secs] [Times: user=0.02 sys=0.00, real=0.00 secs] 
2014-07-28T19:39:32.828+0000: 335.206: [GC [PSYoungGen: 90848K->224K(89600K)] 121185K->30577K(776576K), 0.0078880 secs] [Times: user=0.03 sys=0.01, real=0.01 secs] 
2014-07-28T19:39:33.459+0000: 335.837: [GC [PSYoungGen: 89568K->320K(88576K)] 119921K->30753K(775552K), 0.0039120 secs] [Times: user=0.01 sys=0.00, real=0.01 secs] 
2014-07-28T19:39:34.074+0000: 336.452: [GC [PSYoungGen: 88530K->352K(87552K)] 118964K->30857K(774528K), 0.0046020 secs] [Times: user=0.02 sys=0.01, real=0.00 secs] 
2014-07-28T19:39:34.688+0000: 337.066: [GC [PSYoungGen: 87520K->288K(86400K)] 118025K->30801K(773376K), 0.0040030 secs] [Times: user=0.01 sys=0.01, real=0.01 secs] 
2014-07-28T19:39:35.285+0000: 337.663: [GC [PSYoungGen: 86368K->352K(85440K)] 116881K->30929K(772416K), 0.0049060 secs] [Times: user=0.02 sys=0.00, real=0.01 secs] 
2014-07-28T19:39:35.882+0000: 338.260: [GC [PSYoungGen: 85408K->256K(84288K)] 115985K->30905K(771264K), 0.0032010 secs] [Times: user=0.02 sys=0.00, real=0.00 secs] 
2014-07-28T19:39:36.474+0000: 338.852: [GC [PSYoungGen: 84288K->224K(83264K)] 114937K->30921K(770240K), 0.0038500 secs] [Times: user=0.02 sys=0.00, real=0.00 secs] 
2014-07-28T19:39:37.057+0000: 339.435: [GC [PSYoungGen: 83232K->192K(82240K)] 113929K->30913K(769216K), 0.0067360 secs] [Times: user=0.04 sys=0.00, real=0.01 secs] 
2014-07-28T19:39:37.629+0000: 340.007: [GC [PSYoungGen: 82238K->256K(81344K)] 112960K->30977K(768320K), 0.0031860 secs] [Times: user=0.01 sys=0.00, real=0.01 secs] 
2014-07-28T19:39:38.198+0000: 340.576: [GC [PSYoungGen: 81344K->320K(80448K)] 112065K->31121K(767424K), 0.0031440 secs] [Times: user=0.01 sys=0.01, real=0.01 secs] 
2014-07-28T19:39:38.766+0000: 341.144: [GC [PSYoungGen: 80448K->338K(79616K)] 111249K->31171K(766592K), 0.0052230 secs] [Times: user=0.02 sys=0.00, real=0.01 secs] 
2014-07-28T19:39:39.340+0000: 341.718: [GC [PSYoungGen: 79570K->242K(78592K)] 110403K->31211K(765568K), 0.0036830 secs] [Times: user=0.36 sys=0.29, real=0.64 secs] 
2014-07-28T19:39:40.335+0000: 342.713: [GC [PSYoungGen: 78578K->256K(77696K)] 109547K->31225K(764672K), 0.0031040 secs] [Times: user=0.01 sys=0.00, real=0.00 secs] 
2014-07-28T19:39:40.880+0000: 343.258: [GC [PSYoungGen: 77696K->256K(76864K)] 108665K->31281K(763840K), 0.0024690 secs] [Times: user=0.00 sys=0.01, real=0.01 secs] 
2014-07-28T19:39:41.421+0000: 343.799: [GC [PSYoungGen: 76864K->256K(76032K)] 107889K->31321K(763008K), 0.0025660 secs] [Times: user=0.01 sys=0.00, real=0.00 secs] 
2014-07-28T19:39:41.953+0000: 344.331: [GC [PSYoungGen: 76032K->320K(75264K)] 107097K->31465K(762240K), 0.0029710 secs] [Times: user=0.02 sys=0.01, real=0.00 secs] 
2014-07-28T19:39:42.481+0000: 344.859: [GC [PSYoungGen: 75264K->288K(74432K)] 106409K->31481K(761408K), 0.0019090 secs] [Times: user=0.01 sys=0.00, real=0.00 secs] 
2014-07-28T19:39:42.995+0000: 345.372: [GC [PSYoungGen: 74400K->320K(73664K)] 105593K->31569K(760640K), 0.0051850 secs] [Times: user=0.03 sys=0.00, real=0.00 secs] 
2014-07-28T19:39:43.509+0000: 345.887: [GC [PSYoungGen: 73664K->288K(72896K)] 104913K->31585K(759872K), 0.0034580 secs] [Times: user=0.01 sys=0.00, real=0.01 secs] 
2014-07-28T19:39:44.019+0000: 346.397: [GC [PSYoungGen: 72864K->288K(72128K)] 104161K->31609K(759104K), 0.0028390 secs] [Times: user=0.01 sys=0.00, real=0.01 secs] 
2014-07-28T19:39:44.521+0000: 346.899: [GC [PSYoungGen: 72096K->288K(71360K)] 103417K->31673K(758336K), 0.0028480 secs] [Times: user=0.01 sys=0.00, real=0.01 secs] 
2014-07-28T19:39:45.020+0000: 347.398: [GC [PSYoungGen: 71328K->320K(70656K)] 102713K->31729K(757632K), 0.0043060 secs] [Times: user=0.02 sys=0.00, real=0.01 secs] 
2014-07-28T19:39:45.521+0000: 347.899: [GC [PSYoungGen: 70656K->288K(69952K)] 102065K->31737K(756928K), 0.0036980 secs] [Times: user=0.01 sys=0.00, real=0.01 secs] 
2014-07-28T19:39:46.018+0000: 348.396: [GC [PSYoungGen: 69920K->320K(69248K)] 101369K->31817K(756224K), 0.0027180 secs] [Times: user=0.02 sys=0.00, real=0.00 secs] 
2014-07-28T19:39:46.503+0000: 348.881: [GC [PSYoungGen: 69248K->288K(68544K)] 100745K->31817K(755520K), 0.0026060 secs] [Times: user=0.01 sys=0.01, real=0.00 secs] 
2014-07-28T19:39:46.970+0000: 349.347: [GC [PSYoungGen: 68512K->288K(67840K)] 100041K->31825K(754816K), 0.0040920 secs] [Times: user=0.02 sys=0.00, real=0.01 secs] 
2014-07-28T19:39:47.445+0000: 349.823: [GC [PSYoungGen: 67808K->224K(67136K)] 99345K->31785K(754112K), 0.0019790 secs] [Times: user=0.01 sys=0.00, real=0.00 secs] 
2014-07-28T19:39:47.913+0000: 350.291: [GC [PSYoungGen: 67069K->306K(66560K)] 98631K->31915K(753536K), 0.0048570 secs] [Times: user=0.03 sys=0.00, real=0.00 secs] 
2014-07-28T19:39:48.376+0000: 350.754: [GC [PSYoungGen: 66546K->448K(66048K)] 98155K->32105K(753024K), 0.0028530 secs] [Times: user=0.01 sys=0.01, real=0.00 secs] 
2014-07-28T19:39:48.839+0000: 351.217: [GC [PSYoungGen: 66008K->178K(65152K)] 97666K->31955K(752128K), 0.0017940 secs] [Times: user=0.01 sys=0.00, real=0.00 secs] 
2014-07-28T19:39:49.293+0000: 351.670: [GC [PSYoungGen: 65138K->438K(64768K)] 96915K->32287K(751744K), 0.0031210 secs] [Times: user=0.02 sys=0.00, real=0.00 secs] 
2014-07-28T19:39:49.743+0000: 352.121: [GC [PSYoungGen: 64758K->160K(63872K)] 96607K->32183K(750848K), 0.0041780 secs] [Times: user=0.01 sys=0.00, real=0.00 secs] 
2014-07-28T19:39:50.189+0000: 352.567: [GC [PSYoungGen: 63840K->224K(63360K)] 95863K->32263K(750336K), 0.0023680 secs] [Times: user=0.01 sys=0.00, real=0.00 secs] 
2014-07-28T19:39:50.632+0000: 353.010: [GC [PSYoungGen: 63328K->416K(62976K)] 95367K->32511K(749952K), 0.0040000 secs] [Times: user=0.03 sys=0.00, real=0.01 secs] 
2014-07-28T19:39:51.068+0000: 353.446: [GC [PSYoungGen: 62944K->416K(62400K)] 95039K->32559K(749376K), 0.0019570 secs] [Times: user=0.01 sys=0.00, real=0.00 secs] 
2014-07-28T19:39:51.504+0000: 353.881: [GC [PSYoungGen: 62368K->288K(61696K)] 94511K->32487K(748672K), 0.0023180 secs] [Times: user=0.01 sys=0.00, real=0.00 secs] 
2014-07-28T19:39:51.952+0000: 354.330: [GC [PSYoungGen: 61664K->224K(61056K)] 93863K->32431K(748032K), 0.0064580 secs] [Times: user=0.03 sys=0.00, real=0.01 secs] 
2014-07-28T19:39:52.387+0000: 354.765: [GC [PSYoungGen: 61024K->352K(60608K)] 93231K->32599K(747584K), 0.0048310 secs] [Times: user=0.02 sys=0.01, real=0.00 secs] 
2014-07-28T19:39:52.814+0000: 355.192: [GC [PSYoungGen: 60576K->320K(72640K)] 92823K->32607K(759616K), 0.0065930 secs] [Times: user=0.04 sys=0.00, real=0.00 secs] 
2014-07-28T19:39:53.322+0000: 355.700: [GC [PSYoungGen: 72640K->242K(71808K)] 104927K->32545K(758784K), 0.0026910 secs] [Times: user=0.01 sys=0.00, real=0.01 secs] 
2014-07-28T19:39:53.824+0000: 356.202: [GC [PSYoungGen: 71794K->256K(71040K)] 104097K->32623K(758016K), 0.0037890 secs] [Times: user=0.02 sys=0.00, real=0.00 secs] 
2014-07-28T19:39:54.320+0000: 356.698: [GC [PSYoungGen: 71040K->338K(70464K)] 103407K->32729K(757440K), 0.0019070 secs] [Times: user=0.01 sys=0.00, real=0.00 secs] 
2014-07-28T19:39:54.813+0000: 357.191: [GC [PSYoungGen: 70418K->224K(69632K)] 102809K->32655K(756608K), 0.0024540 secs] [Times: user=0.02 sys=0.01, real=0.01 secs] 
2014-07-28T19:39:55.299+0000: 357.677: [GC [PSYoungGen: 69600K->352K(69056K)] 102031K->32807K(756032K), 0.0019480 secs] [Times: user=0.01 sys=0.00, real=0.00 secs] 
2014-07-28T19:39:55.782+0000: 358.160: [GC [PSYoungGen: 68999K->224K(68224K)] 101454K->32719K(755200K), 0.0021770 secs] [Times: user=0.01 sys=0.00, real=0.01 secs] 
2014-07-28T19:39:56.257+0000: 358.635: [GC [PSYoungGen: 68192K->256K(67520K)] 100687K->32759K(754496K), 0.0109660 secs] [Times: user=0.07 sys=0.00, real=0.01 secs] 
2014-07-28T19:39:56.730+0000: 359.108: [GC [PSYoungGen: 67520K->160K(80960K)] 100023K->32695K(767936K), 0.0080860 secs] [Times: user=0.05 sys=0.00, real=0.01 secs] 
2014-07-28T19:39:57.298+0000: 359.676: [GC [PSYoungGen: 80928K->402K(97408K)] 113463K->32961K(784384K), 0.0031010 secs] [Times: user=0.02 sys=0.00, real=0.00 secs] 
2014-07-28T19:39:57.979+0000: 360.357: [GC [PSYoungGen: 97362K->160K(109312K)] 129921K->32735K(796288K), 0.0075360 secs] [Times: user=0.03 sys=0.01, real=0.01 secs] 
2014-07-28T19:39:58.756+0000: 361.134: [GC [PSYoungGen: 108942K->352K(107584K)] 141517K->32951K(794560K), 0.0037230 secs] [Times: user=0.02 sys=0.01, real=0.00 secs] 
2014-07-28T19:39:59.533+0000: 361.911: [GC [PSYoungGen: 107552K->320K(105984K)] 140151K->32975K(792960K), 0.0056270 secs] [Times: user=0.03 sys=0.01, real=0.01 secs] 
2014-07-28T19:40:00.303+0000: 362.681: [GC [PSYoungGen: 105984K->352K(104512K)] 138639K->33071K(791488K), 0.0029310 secs] [Times: user=0.02 sys=0.01, real=0.01 secs] 
2014-07-28T19:40:01.038+0000: 363.416: [GC [PSYoungGen: 104480K->192K(102848K)] 137199K->32959K(789824K), 0.0078260 secs] [Times: user=0.04 sys=0.01, real=0.01 secs] 
2014-07-28T19:40:01.758+0000: 364.136: [GC [PSYoungGen: 102848K->256K(101504K)] 135615K->33071K(788480K), 0.0037880 secs] [Times: user=0.02 sys=0.00, real=0.00 secs] 
2014-07-28T19:40:02.470+0000: 364.848: [GC [PSYoungGen: 101504K->192K(100032K)] 134319K->33015K(787008K), 0.0080770 secs] [Times: user=0.04 sys=0.01, real=0.01 secs] 
2014-07-28T19:40:03.187+0000: 365.565: [GC [PSYoungGen: 100032K->256K(98752K)] 132855K->33119K(785728K), 0.0028060 secs] [Times: user=0.02 sys=0.00, real=0.00 secs] 
2014-07-28T19:40:03.867+0000: 366.245: [GC [PSYoungGen: 98752K->288K(97472K)] 131615K->33207K(784448K), 0.0046670 secs] [Times: user=0.02 sys=0.00, real=0.00 secs] 
2014-07-28T19:40:04.546+0000: 366.924: [GC [PSYoungGen: 97440K->224K(96128K)] 130359K->33159K(783104K), 0.0048390 secs] [Times: user=0.03 sys=0.00, real=0.00 secs] 
2014-07-28T19:40:05.226+0000: 367.604: [GC [PSYoungGen: 96096K->306K(94912K)] 129031K->33257K(781888K), 0.0041350 secs] [Times: user=0.02 sys=0.00, real=0.00 secs] 
2014-07-28T19:40:05.905+0000: 368.283: [GC [PSYoungGen: 94898K->288K(93696K)] 127849K->33287K(780672K), 0.0029310 secs] [Times: user=0.01 sys=0.00, real=0.01 secs] 
2014-07-28T19:40:06.560+0000: 368.938: [GC [PSYoungGen: 93664K->192K(92352K)] 126663K->33199K(779328K), 0.0031450 secs] [Times: user=0.01 sys=0.00, real=0.00 secs] 
2014-07-28T19:40:07.266+0000: 369.644: [GC [PSYoungGen: 92352K->338K(91392K)] 125359K->33401K(778368K), 0.0053200 secs] [Times: user=0.03 sys=0.00, real=0.00 secs] 
2014-07-28T19:40:07.866+0000: 370.244: [GC [PSYoungGen: 91346K->320K(90176K)] 124409K->33423K(777152K), 0.0047960 secs] [Times: user=0.02 sys=0.01, real=0.00 secs] 
2014-07-28T19:40:08.503+0000: 370.881: [GC [PSYoungGen: 90176K->256K(88960K)] 123279K->33407K(775936K), 0.0034130 secs] [Times: user=0.02 sys=0.00, real=0.01 secs] 
2014-07-28T19:40:09.129+0000: 371.507: [GC [PSYoungGen: 88959K->256K(87872K)] 122111K->33439K(774848K), 0.0051250 secs] [Times: user=0.03 sys=0.00, real=0.00 secs] 
2014-07-28T19:40:09.751+0000: 372.129: [GC [PSYoungGen: 87838K->224K(86784K)] 121021K->33439K(773760K), 0.0067800 secs] [Times: user=0.04 sys=0.01, real=0.01 secs] 
2014-07-28T19:40:10.370+0000: 372.748: [GC [PSYoungGen: 86752K->352K(85888K)] 119967K->33575K(772864K), 0.0033160 secs] [Times: user=0.02 sys=0.00, real=0.00 secs] 
2014-07-28T19:40:10.967+0000: 373.345: [GC [PSYoungGen: 85856K->320K(84800K)] 119079K->33615K(771776K), 0.0036540 secs] [Times: user=0.02 sys=0.01, real=0.00 secs] 
2014-07-28T19:40:11.560+0000: 373.938: [GC [PSYoungGen: 84800K->224K(83712K)] 118095K->33543K(770688K), 0.0058020 secs] [Times: user=0.04 sys=0.01, real=0.01 secs] 
2014-07-28T19:40:12.141+0000: 374.519: [GC [PSYoungGen: 83680K->192K(82688K)] 116999K->33535K(769664K), 0.0051230 secs] [Times: user=0.02 sys=0.00, real=0.01 secs] 
2014-07-28T19:40:12.746+0000: 375.124: [GC [PSYoungGen: 82688K->384K(81920K)] 116031K->33775K(768896K), 0.0062980 secs] [Times: user=0.03 sys=0.01, real=0.00 secs] 
2014-07-28T19:40:13.334+0000: 375.712: [GC [PSYoungGen: 81920K->384K(80960K)] 115311K->33783K(767936K), 0.0045970 secs] [Times: user=0.02 sys=0.00, real=0.01 secs] 
2014-07-28T19:40:13.920+0000: 376.298: [GC [PSYoungGen: 80960K->512K(80192K)] 114359K->33943K(767168K), 0.0055900 secs] [Times: user=0.01 sys=0.01, real=0.00 secs] 
2014-07-28T19:40:14.498+0000: 376.876: [GC [PSYoungGen: 80192K->192K(78976K)] 113623K->33687K(765952K), 0.0035910 secs] [Times: user=0.02 sys=0.00, real=0.00 secs] 
2014-07-28T19:40:15.070+0000: 377.448: [GC [PSYoungGen: 78976K->352K(78272K)] 112471K->33879K(765248K), 0.0073320 secs] [Times: user=0.04 sys=0.00, real=0.01 secs] 
2014-07-28T19:40:15.639+0000: 378.017: [GC [PSYoungGen: 78240K->306K(77312K)] 111767K->33857K(764288K), 0.0037870 secs] [Times: user=0.01 sys=0.00, real=0.00 secs] 
2014-07-28T19:40:16.196+0000: 378.574: [GC [PSYoungGen: 77298K->288K(76480K)] 110849K->33855K(763456K), 0.0033860 secs] [Times: user=0.01 sys=0.00, real=0.00 secs] 
2014-07-28T19:40:16.719+0000: 379.097: [GC [PSYoungGen: 76448K->320K(75648K)] 110015K->33959K(762624K), 0.0027530 secs] [Times: user=0.01 sys=0.00, real=0.00 secs] 
2014-07-28T19:40:17.247+0000: 379.625: [GC [PSYoungGen: 75648K->224K(74752K)] 109287K->33895K(761728K), 0.0083690 secs] [Times: user=0.05 sys=0.01, real=0.00 secs] 
2014-07-28T19:40:17.770+0000: 380.148: [GC [PSYoungGen: 74720K->224K(73920K)] 108391K->33951K(760896K), 0.0048580 secs] [Times: user=0.03 sys=0.01, real=0.00 secs] 
2014-07-28T19:40:18.286+0000: 380.664: [GC [PSYoungGen: 73852K->352K(73280K)] 107579K->34087K(760256K), 0.0034340 secs] [Times: user=0.02 sys=0.00, real=0.01 secs] 
2014-07-28T19:40:18.798+0000: 381.176: [GC [PSYoungGen: 73248K->256K(72384K)] 106983K->34039K(759360K), 0.0045260 secs] [Times: user=0.02 sys=0.01, real=0.00 secs] 
2014-07-28T19:40:19.302+0000: 381.680: [GC [PSYoungGen: 72384K->370K(71744K)] 106167K->34169K(758720K), 0.0033610 secs] [Times: user=0.02 sys=0.00, real=0.00 secs] 
2014-07-28T19:40:19.806+0000: 382.184: [GC [PSYoungGen: 71730K->256K(70848K)] 105529K->34119K(757824K), 0.0066290 secs] [Times: user=0.04 sys=0.01, real=0.01 secs] 
2014-07-28T19:40:20.301+0000: 382.678: [GC [PSYoungGen: 70848K->256K(70144K)] 104711K->34127K(757120K), 0.0030410 secs] [Times: user=0.02 sys=0.00, real=0.00 secs] 
2014-07-28T19:40:20.791+0000: 383.169: [GC [PSYoungGen: 70144K->288K(69504K)] 104015K->34231K(756480K), 0.0037620 secs] [Times: user=0.02 sys=0.00, real=0.00 secs] 
2014-07-28T19:40:21.278+0000: 383.656: [GC [PSYoungGen: 69472K->224K(68736K)] 103415K->34167K(755712K), 0.0047440 secs] [Times: user=0.03 sys=0.01, real=0.00 secs] 
2014-07-28T19:40:21.770+0000: 384.148: [GC [PSYoungGen: 68704K->256K(68032K)] 102647K->34247K(755008K), 0.0028760 secs] [Times: user=0.02 sys=0.00, real=0.00 secs] 
2014-07-28T19:40:22.264+0000: 384.642: [GC [PSYoungGen: 68032K->438K(67520K)] 102023K->34573K(754496K), 0.0040500 secs] [Times: user=0.03 sys=0.00, real=0.01 secs] 
2014-07-28T19:40:22.758+0000: 385.135: [GC [PSYoungGen: 67510K->256K(80768K)] 101645K->34479K(767744K), 0.0095650 secs] [Times: user=0.05 sys=0.01, real=0.01 secs] 
2014-07-28T19:40:23.339+0000: 385.717: [GC [PSYoungGen: 80768K->288K(79936K)] 114991K->34543K(766912K), 0.0031660 secs] [Times: user=0.02 sys=0.00, real=0.00 secs] 
2014-07-28T19:40:23.918+0000: 386.296: [GC [PSYoungGen: 79904K->256K(95808K)] 114159K->34551K(782784K), 0.0081580 secs] [Times: user=0.03 sys=0.02, real=0.00 secs] 
2014-07-28T19:40:24.627+0000: 387.005: [GC [PSYoungGen: 95808K->288K(108928K)] 130103K->34591K(795904K), 0.0090640 secs] [Times: user=0.05 sys=0.01, real=0.01 secs] 
2014-07-28T19:40:25.433+0000: 387.811: [GC [PSYoungGen: 108665K->320K(115200K)] 142969K->34663K(802176K), 0.0064880 secs] [Times: user=0.04 sys=0.00, real=0.01 secs] 
2014-07-28T19:40:26.309+0000: 388.687: [GC [PSYoungGen: 115008K->256K(113216K)] 149351K->34615K(800192K), 0.0082140 secs] [Times: user=0.04 sys=0.00, real=0.00 secs] 
2014-07-28T19:40:27.097+0000: 389.475: [GC [PSYoungGen: 113216K->292K(111616K)] 147575K->34699K(798592K), 0.0024750 secs] [Times: user=0.01 sys=0.00, real=0.01 secs] 
2014-07-28T19:40:27.883+0000: 390.261: [GC [PSYoungGen: 111588K->384K(110016K)] 145995K->34855K(796992K), 0.0031830 secs] [Times: user=0.02 sys=0.00, real=0.00 secs] 
2014-07-28T19:40:28.649+0000: 391.027: [GC [PSYoungGen: 110016K->384K(108416K)] 144487K->34871K(795392K), 0.0024830 secs] [Times: user=0.01 sys=0.00, real=0.00 secs] 
2014-07-28T19:40:29.410+0000: 391.788: [GC [PSYoungGen: 108416K->352K(106880K)] 142903K->34919K(793856K), 0.0021830 secs] [Times: user=0.02 sys=0.00, real=0.00 secs] 
2014-07-28T19:40:30.155+0000: 392.533: [GC [PSYoungGen: 106833K->256K(105216K)] 141400K->34863K(792192K), 0.0033730 secs] [Times: user=0.02 sys=0.00, real=0.01 secs] 
2014-07-28T19:40:30.892+0000: 393.270: [GC [PSYoungGen: 105216K->320K(103808K)] 139823K->34999K(790784K), 0.0028690 secs] [Times: user=0.02 sys=0.00, real=0.00 secs] 
2014-07-28T19:40:31.616+0000: 393.994: [GC [PSYoungGen: 103766K->320K(102336K)] 138445K->35015K(789312K), 0.0028430 secs] [Times: user=0.01 sys=0.01, real=0.01 secs] 
2014-07-28T19:40:32.364+0000: 394.742: [GC [PSYoungGen: 102294K->434K(101056K)] 136990K->35209K(788032K), 0.0057550 secs] [Times: user=0.03 sys=0.00, real=0.01 secs] 
2014-07-28T19:40:33.101+0000: 395.479: [GC [PSYoungGen: 100993K->192K(99392K)] 135769K->35039K(786368K), 0.0026120 secs] [Times: user=0.02 sys=0.00, real=0.00 secs] 
2014-07-28T19:40:33.828+0000: 396.206: [GC [PSYoungGen: 99392K->416K(98304K)] 134239K->35319K(785280K), 0.0046840 secs] [Times: user=0.22 sys=0.14, real=0.18 secs] 
2014-07-28T19:40:34.582+0000: 396.960: [GC [PSYoungGen: 98235K->434K(96960K)] 133139K->35385K(783936K), 0.0042280 secs] [Times: user=0.02 sys=0.01, real=0.00 secs] 
2014-07-28T19:40:35.272+0000: 397.650: [GC [PSYoungGen: 96946K->256K(95488K)] 131897K->35223K(782464K), 0.0041110 secs] [Times: user=0.01 sys=0.01, real=0.00 secs] 
2014-07-28T19:40:35.980+0000: 398.358: [GC [PSYoungGen: 95488K->416K(94400K)] 130455K->35431K(781376K), 0.0035030 secs] [Times: user=0.02 sys=0.01, real=0.00 secs] 
2014-07-28T19:40:36.699+0000: 399.076: [GC [PSYoungGen: 94352K->384K(93120K)] 129367K->35399K(780096K), 0.0023980 secs] [Times: user=0.01 sys=0.00, real=0.01 secs] 
2014-07-28T19:40:37.385+0000: 399.763: [GC [PSYoungGen: 93120K->338K(91904K)] 128135K->35385K(778880K), 0.0040110 secs] [Times: user=0.03 sys=0.01, real=0.00 secs] 
2014-07-28T19:40:38.046+0000: 400.424: [GC [PSYoungGen: 91858K->416K(90816K)] 126905K->35535K(777792K), 0.0039690 secs] [Times: user=0.03 sys=0.01, real=0.01 secs] 
2014-07-28T19:40:38.685+0000: 401.063: [GC [PSYoungGen: 90784K->256K(89472K)] 125903K->35415K(776448K), 0.0023660 secs] [Times: user=0.01 sys=0.00, real=0.00 secs] 
2014-07-28T19:40:39.317+0000: 401.695: [GC [PSYoungGen: 89472K->338K(88512K)] 124631K->35529K(775488K), 0.0022140 secs] [Times: user=0.01 sys=0.01, real=0.00 secs] 
2014-07-28T19:40:39.939+0000: 402.316: [GC [PSYoungGen: 88466K->352K(87424K)] 123657K->35599K(774400K), 0.0043380 secs] [Times: user=0.02 sys=0.00, real=0.01 secs] 
2014-07-28T19:40:40.549+0000: 402.927: [GC [PSYoungGen: 87392K->224K(86208K)] 122639K->35479K(773184K), 0.0055220 secs] [Times: user=0.02 sys=0.00, real=0.01 secs] 
2014-07-28T19:40:41.179+0000: 403.557: [GC [PSYoungGen: 86176K->320K(85248K)] 121431K->35591K(772224K), 0.0039200 secs] [Times: user=0.01 sys=0.01, real=0.01 secs] 
2014-07-28T19:40:41.785+0000: 404.163: [GC [PSYoungGen: 85248K->274K(84224K)] 120519K->35561K(771200K), 0.0076640 secs] [Times: user=0.04 sys=0.00, real=0.01 secs] 
2014-07-28T19:40:42.372+0000: 404.750: [GC [PSYoungGen: 84178K->256K(83136K)] 119465K->35567K(770112K), 0.0026200 secs] [Times: user=0.01 sys=0.00, real=0.00 secs] 
2014-07-28T19:40:42.958+0000: 405.336: [GC [PSYoungGen: 83135K->498K(82432K)] 118447K->35905K(769408K), 0.0053460 secs] [Times: user=0.03 sys=0.01, real=0.01 secs] 
2014-07-28T19:40:43.552+0000: 405.930: [GC [PSYoungGen: 82418K->320K(81280K)] 117825K->35759K(768256K), 0.0066180 secs] [Times: user=0.04 sys=0.01, real=0.00 secs] 
2014-07-28T19:40:44.139+0000: 406.517: [GC [PSYoungGen: 81280K->306K(80320K)] 116719K->35769K(767296K), 0.0050560 secs] [Times: user=0.03 sys=0.00, real=0.01 secs] 
2014-07-28T19:40:44.726+0000: 407.104: [GC [PSYoungGen: 80306K->434K(79552K)] 115769K->35929K(766528K), 0.0075490 secs] [Times: user=0.05 sys=0.01, real=0.01 secs] 
2014-07-28T19:40:45.302+0000: 407.680: [GC [PSYoungGen: 79538K->288K(78528K)] 115033K->35807K(765504K), 0.0034430 secs] [Times: user=0.02 sys=0.00, real=0.00 secs] 
2014-07-28T19:40:45.877+0000: 408.255: [GC [PSYoungGen: 78496K->434K(77760K)] 114015K->35993K(764736K), 0.0054500 secs] [Times: user=0.02 sys=0.00, real=0.01 secs] 
2014-07-28T19:40:46.455+0000: 408.833: [GC [PSYoungGen: 77746K->384K(76864K)] 113305K->35967K(763840K), 0.0043480 secs] [Times: user=0.03 sys=0.00, real=0.00 secs] 
2014-07-28T19:40:47.034+0000: 409.412: [GC [PSYoungGen: 76864K->370K(76032K)] 112447K->36041K(763008K), 0.0017770 secs] [Times: user=0.01 sys=0.00, real=0.00 secs] 
2014-07-28T19:40:47.578+0000: 409.956: [GC [PSYoungGen: 76017K->384K(75200K)] 111689K->36087K(762176K), 0.0052140 secs] [Times: user=0.03 sys=0.00, real=0.01 secs] 
2014-07-28T19:40:48.142+0000: 410.520: [GC [PSYoungGen: 75174K->288K(74304K)] 110877K->36015K(761280K), 0.0028570 secs] [Times: user=0.02 sys=0.00, real=0.00 secs] 
2014-07-28T19:40:48.697+0000: 411.075: [GC [PSYoungGen: 74272K->320K(73536K)] 109999K->36087K(760512K), 0.0020940 secs] [Times: user=0.01 sys=0.01, real=0.00 secs] 
2014-07-28T19:40:49.219+0000: 411.597: [GC [PSYoungGen: 73536K->288K(72768K)] 109303K->36079K(759744K), 0.0026760 secs] [Times: user=0.01 sys=0.01, real=0.01 secs] 
2014-07-28T19:40:49.777+0000: 412.155: [GC [PSYoungGen: 72736K->466K(72192K)] 108527K->36305K(759168K), 0.0028340 secs] [Times: user=0.02 sys=0.01, real=0.00 secs] 
2014-07-28T19:40:50.290+0000: 412.668: [GC [PSYoungGen: 72146K->288K(71232K)] 107985K->36135K(758208K), 0.0043460 secs] [Times: user=0.03 sys=0.00, real=0.01 secs] 
2014-07-28T19:40:50.780+0000: 413.158: [GC [PSYoungGen: 71174K->288K(70528K)] 107022K->36183K(757504K), 0.0040180 secs] [Times: user=0.03 sys=0.00, real=0.01 secs] 
2014-07-28T19:40:51.272+0000: 413.650: [GC [PSYoungGen: 70495K->256K(69760K)] 106391K->36151K(756736K), 0.0045770 secs] [Times: user=0.03 sys=0.00, real=0.00 secs] 
2014-07-28T19:40:51.764+0000: 414.142: [GC [PSYoungGen: 69760K->480K(69312K)] 105655K->36447K(756288K), 0.0032760 secs] [Times: user=0.02 sys=0.01, real=0.00 secs] 
2014-07-28T19:40:52.245+0000: 414.622: [GC [PSYoungGen: 69280K->288K(68416K)] 105247K->36263K(755392K), 0.0061530 secs] [Times: user=0.04 sys=0.00, real=0.00 secs] 
2014-07-28T19:40:52.724+0000: 415.102: [GC [PSYoungGen: 68384K->192K(67584K)] 104359K->36199K(754560K), 0.0020190 secs] [Times: user=0.01 sys=0.00, real=0.00 secs] 
2014-07-28T19:40:53.195+0000: 415.573: [GC [PSYoungGen: 67584K->224K(67008K)] 103591K->36247K(753984K), 0.0031900 secs] [Times: user=0.02 sys=0.00, real=0.00 secs] 
2014-07-28T19:40:53.663+0000: 416.041: [GC [PSYoungGen: 66976K->192K(66304K)] 102999K->36239K(753280K), 0.0037010 secs] [Times: user=0.01 sys=0.00, real=0.00 secs] 
2014-07-28T19:40:54.127+0000: 416.505: [GC [PSYoungGen: 66304K->256K(65728K)] 102351K->36327K(752704K), 0.0025940 secs] [Times: user=0.01 sys=0.00, real=0.00 secs] 
2014-07-28T19:40:54.582+0000: 416.960: [GC [PSYoungGen: 65728K->224K(65088K)] 101799K->36327K(752064K), 0.0053850 secs] [Times: user=0.03 sys=0.00, real=0.00 secs] 
2014-07-28T19:40:55.039+0000: 417.417: [GC [PSYoungGen: 65026K->416K(64640K)] 101130K->36583K(751616K), 0.0051440 secs] [Times: user=0.03 sys=0.01, real=0.01 secs] 
2014-07-28T19:40:55.516+0000: 417.894: [GC [PSYoungGen: 64608K->384K(63936K)] 100775K->36591K(750912K), 0.0026150 secs] [Times: user=0.01 sys=0.00, real=0.00 secs] 
2014-07-28T19:40:55.981+0000: 418.359: [GC [PSYoungGen: 63936K->384K(63360K)] 100143K->36647K(750336K), 0.0029590 secs] [Times: user=0.02 sys=0.00, real=0.01 secs] 
2014-07-28T19:40:56.444+0000: 418.822: [GC [PSYoungGen: 63360K->352K(62784K)] 99623K->36631K(749760K), 0.0039620 secs] [Times: user=0.02 sys=0.00, real=0.00 secs] 
2014-07-28T19:40:56.889+0000: 419.267: [GC [PSYoungGen: 62752K->288K(75200K)] 99031K->36583K(762176K), 0.0135870 secs] [Times: user=0.07 sys=0.02, real=0.01 secs] 
2014-07-28T19:40:57.438+0000: 419.816: [GC [PSYoungGen: 75168K->338K(90240K)] 111463K->36649K(777216K), 0.0099280 secs] [Times: user=0.05 sys=0.00, real=0.01 secs] 
2014-07-28T19:40:58.101+0000: 420.479: [GC [PSYoungGen: 90194K->498K(104512K)] 126505K->36857K(791488K), 0.0078840 secs] [Times: user=0.04 sys=0.00, real=0.01 secs] 
2014-07-28T19:40:58.846+0000: 421.224: [GC [PSYoungGen: 104498K->288K(104640K)] 140857K->36663K(791616K), 0.0056370 secs] [Times: user=0.02 sys=0.01, real=0.00 secs] 
2014-07-28T19:40:59.596+0000: 421.973: [GC [PSYoungGen: 104287K->256K(125376K)] 140663K->36647K(812352K), 0.0097770 secs] [Times: user=0.06 sys=0.00, real=0.01 secs] 
2014-07-28T19:41:00.508+0000: 422.886: [GC [PSYoungGen: 125056K->320K(125376K)] 161447K->36743K(812352K), 0.0060760 secs] [Times: user=0.03 sys=0.00, real=0.01 secs] 
2014-07-28T19:41:01.395+0000: 423.772: [GC [PSYoungGen: 125120K->192K(150336K)] 161543K->36639K(837312K), 0.0072570 secs] [Times: user=0.04 sys=0.01, real=0.00 secs] 
2014-07-28T19:41:02.445+0000: 424.823: [GC [PSYoungGen: 149952K->160K(147264K)] 186399K->36623K(834240K), 0.0034160 secs] [Times: user=0.01 sys=0.00, real=0.00 secs] 
2014-07-28T19:41:03.481+0000: 425.859: [GC [PSYoungGen: 147232K->384K(144832K)] 183695K->36935K(831808K), 0.0039050 secs] [Times: user=0.02 sys=0.01, real=0.01 secs] 
2014-07-28T19:41:04.500+0000: 426.877: [GC [PSYoungGen: 144832K->288K(142208K)] 181383K->36887K(829184K), 0.0090900 secs] [Times: user=0.05 sys=0.01, real=0.01 secs] 
2014-07-28T19:41:05.498+0000: 427.876: [GC [PSYoungGen: 142176K->160K(139584K)] 178775K->36767K(826560K), 0.0048320 secs] [Times: user=0.01 sys=0.01, real=0.00 secs] 
2014-07-28T19:41:06.482+0000: 428.860: [GC [PSYoungGen: 139552K->288K(137280K)] 176159K->36911K(824256K), 0.0042320 secs] [Times: user=0.01 sys=0.02, real=0.01 secs] 
2014-07-28T19:41:07.487+0000: 429.865: [GC [PSYoungGen: 137212K->480K(135104K)] 173835K->37151K(822080K), 0.0048400 secs] [Times: user=0.02 sys=0.00, real=0.00 secs] 
2014-07-28T19:41:08.475+0000: 430.853: [GC [PSYoungGen: 135072K->420K(132736K)] 171743K->37115K(819712K), 0.0039150 secs] [Times: user=0.01 sys=0.00, real=0.00 secs] 
2014-07-28T19:41:09.451+0000: 431.828: [GC [PSYoungGen: 132708K->256K(130304K)] 169403K->37063K(817280K), 0.0064910 secs] [Times: user=0.04 sys=0.01, real=0.01 secs] 
2014-07-28T19:41:10.412+0000: 432.790: [GC [PSYoungGen: 130304K->480K(128384K)] 167111K->37327K(815360K), 0.0062050 secs] [Times: user=0.04 sys=0.00, real=0.01 secs] 
2014-07-28T19:41:11.353+0000: 433.730: [GC [PSYoungGen: 128352K->384K(126144K)] 165199K->37287K(813120K), 0.0038860 secs] [Times: user=0.02 sys=0.00, real=0.01 secs] 
2014-07-28T19:41:12.260+0000: 434.638: [GC [PSYoungGen: 126105K->224K(123968K)] 163008K->37159K(810944K), 0.0058350 secs] [Times: user=0.03 sys=0.01, real=0.01 secs] 
2014-07-28T19:41:13.134+0000: 435.512: [GC [PSYoungGen: 123919K->242K(121984K)] 160855K->37209K(808960K), 0.0031610 secs] [Times: user=0.01 sys=0.01, real=0.01 secs] 
2014-07-28T19:41:13.987+0000: 436.365: [GC [PSYoungGen: 121925K->320K(120128K)] 158893K->37343K(807104K), 0.0055860 secs] [Times: user=0.03 sys=0.00, real=0.00 secs] 
2014-07-28T19:41:14.830+0000: 437.208: [GC [PSYoungGen: 120128K->192K(118144K)] 157151K->37247K(805120K), 0.0024040 secs] [Times: user=0.01 sys=0.00, real=0.00 secs] 
2014-07-28T19:41:15.655+0000: 438.033: [GC [PSYoungGen: 118144K->416K(116608K)] 155199K->37551K(803584K), 0.0026730 secs] [Times: user=0.02 sys=0.00, real=0.00 secs] 
2014-07-28T19:41:16.470+0000: 438.848: [GC [PSYoungGen: 116576K->224K(114624K)] 153711K->37391K(801600K), 0.0042730 secs] [Times: user=0.03 sys=0.01, real=0.00 secs] 
2014-07-28T19:41:17.269+0000: 439.647: [GC [PSYoungGen: 114592K->320K(112960K)] 151759K->37527K(799936K), 0.0059080 secs] [Times: user=0.03 sys=0.01, real=0.00 secs] 
2014-07-28T19:41:18.130+0000: 440.507: [GC [PSYoungGen: 112960K->576K(111552K)] 150167K->37831K(798528K), 0.0046560 secs] [Times: user=0.03 sys=0.01, real=0.00 secs] 
2014-07-28T19:41:18.946+0000: 441.323: [GC [PSYoungGen: 111552K->544K(109888K)] 148807K->37839K(796864K), 0.0034590 secs] [Times: user=0.01 sys=0.00, real=0.01 secs] 
2014-07-28T19:41:19.769+0000: 442.147: [GC [PSYoungGen: 109856K->192K(107904K)] 147151K->37625K(794880K), 0.0037270 secs] [Times: user=0.02 sys=0.01, real=0.00 secs] 
2014-07-28T19:41:20.557+0000: 442.935: [GC [PSYoungGen: 107904K->384K(106560K)] 145337K->37881K(793536K), 0.0025220 secs] [Times: user=0.02 sys=0.01, real=0.00 secs] 
2014-07-28T19:41:21.340+0000: 443.718: [GC [PSYoungGen: 106560K->320K(104960K)] 144057K->37865K(791936K), 0.0057200 secs] [Times: user=0.03 sys=0.00, real=0.00 secs] 
2014-07-28T19:41:22.078+0000: 444.456: [GC [PSYoungGen: 104960K->352K(103552K)] 142505K->37945K(790528K), 0.0040680 secs] [Times: user=0.15 sys=0.07, real=0.21 secs] 
2014-07-28T19:41:22.881+0000: 445.259: [GC [PSYoungGen: 103520K->320K(102016K)] 141113K->37945K(788992K), 0.0030200 secs] [Times: user=0.18 sys=0.11, real=0.28 secs] 
2014-07-28T19:41:23.668+0000: 446.045: [GC [PSYoungGen: 101999K->320K(100608K)] 139625K->37985K(787584K), 0.0042330 secs] [Times: user=0.10 sys=0.05, real=0.12 secs] 
2014-07-28T19:41:24.466+0000: 446.844: [GC [PSYoungGen: 100608K->448K(99392K)] 138273K->38177K(786368K), 0.0029470 secs] [Times: user=0.01 sys=0.00, real=0.01 secs] 
2014-07-28T19:41:25.163+0000: 447.541: [GC [PSYoungGen: 99392K->288K(97920K)] 137121K->38081K(784896K), 0.0029130 secs] [Times: user=0.02 sys=0.00, real=0.00 secs] 
2014-07-28T19:41:25.846+0000: 448.224: [GC [PSYoungGen: 97888K->288K(96640K)] 135681K->38137K(783616K), 0.0035040 secs] [Times: user=0.02 sys=0.01, real=0.01 secs] 
2014-07-28T19:41:26.521+0000: 448.899: [GC [PSYoungGen: 96608K->320K(95360K)] 134457K->38241K(782336K), 0.0035420 secs] [Times: user=0.02 sys=0.00, real=0.00 secs] 
2014-07-28T19:41:27.189+0000: 449.567: [GC [PSYoungGen: 95360K->224K(94016K)] 133281K->38193K(780992K), 0.0039380 secs] [Times: user=0.02 sys=0.00, real=0.00 secs] 
2014-07-28T19:41:27.846+0000: 450.224: [GC [PSYoungGen: 93984K->224K(92800K)] 131953K->38225K(779776K), 0.0021620 secs] [Times: user=0.01 sys=0.01, real=0.01 secs] 
2014-07-28T19:41:28.499+0000: 450.876: [GC [PSYoungGen: 92768K->320K(91648K)] 130769K->38361K(778624K), 0.0087460 secs] [Times: user=0.05 sys=0.01, real=0.01 secs] 
2014-07-28T19:41:29.153+0000: 451.531: [GC [PSYoungGen: 91648K->384K(90560K)] 129689K->38489K(777536K), 0.0036640 secs] [Times: user=0.02 sys=0.00, real=0.00 secs] 
2014-07-28T19:41:29.825+0000: 452.203: [GC [PSYoungGen: 90560K->256K(89280K)] 128665K->38377K(776256K), 0.0028140 secs] [Times: user=0.02 sys=0.00, real=0.00 secs] 
2014-07-28T19:41:30.490+0000: 452.868: [GC [PSYoungGen: 89280K->338K(88320K)] 127401K->38499K(775296K), 0.0035340 secs] [Times: user=0.02 sys=0.00, real=0.00 secs] 
2014-07-28T19:41:31.160+0000: 453.538: [GC [PSYoungGen: 88274K->420K(87296K)] 126435K->38629K(774272K), 0.0049600 secs] [Times: user=0.02 sys=0.01, real=0.00 secs] 
2014-07-28T19:41:31.783+0000: 454.161: [GC [PSYoungGen: 87267K->320K(86080K)] 125477K->38553K(773056K), 0.0035750 secs] [Times: user=0.02 sys=0.00, real=0.00 secs] 
2014-07-28T19:41:32.409+0000: 454.787: [GC [PSYoungGen: 86080K->352K(85120K)] 124313K->38665K(772096K), 0.0022300 secs] [Times: user=0.02 sys=0.00, real=0.00 secs] 
2014-07-28T19:41:33.031+0000: 455.409: [GC [PSYoungGen: 85088K->320K(84032K)] 123401K->38657K(771008K), 0.0026370 secs] [Times: user=0.02 sys=0.00, real=0.00 secs] 
2014-07-28T19:41:33.661+0000: 456.039: [GC [PSYoungGen: 84032K->288K(83008K)] 122369K->38641K(769984K), 0.0027520 secs] [Times: user=0.01 sys=0.00, real=0.00 secs] 
2014-07-28T19:41:34.261+0000: 456.639: [GC [PSYoungGen: 82976K->352K(82112K)] 121329K->38761K(769088K), 0.0051310 secs] [Times: user=0.02 sys=0.01, real=0.00 secs] 
2014-07-28T19:41:34.885+0000: 457.262: [GC [PSYoungGen: 82080K->288K(81088K)] 120489K->38745K(768064K), 0.0033990 secs] [Times: user=0.03 sys=0.00, real=0.01 secs] 
2014-07-28T19:41:35.494+0000: 457.872: [GC [PSYoungGen: 81056K->288K(80128K)] 119513K->38777K(767104K), 0.0025840 secs] [Times: user=0.01 sys=0.01, real=0.00 secs] 
2014-07-28T19:41:36.096+0000: 458.474: [GC [PSYoungGen: 80096K->384K(79296K)] 118585K->38913K(766272K), 0.0059370 secs] [Times: user=0.01 sys=0.00, real=0.01 secs] 
2014-07-28T19:41:36.693+0000: 459.071: [GC [PSYoungGen: 79296K->420K(78464K)] 117825K->38965K(765440K), 0.0030160 secs] [Times: user=0.01 sys=0.01, real=0.00 secs] 
2014-07-28T19:41:37.309+0000: 459.687: [GC [PSYoungGen: 78435K->242K(77376K)] 116981K->38939K(764352K), 0.0071850 secs] [Times: user=0.04 sys=0.00, real=0.00 secs] 
2014-07-28T19:41:37.791+0000: 460.169: [GC [PSYoungGen: 77362K->388K(76736K)] 116059K->39125K(763712K), 0.0028500 secs] [Times: user=0.02 sys=0.00, real=0.00 secs] 
2014-07-28T19:41:38.322+0000: 460.700: [GC [PSYoungGen: 76676K->256K(75712K)] 115413K->39181K(762688K), 0.0022420 secs] [Times: user=0.02 sys=0.01, real=0.00 secs] 
2014-07-28T19:41:38.855+0000: 461.232: [GC [PSYoungGen: 75712K->256K(74880K)] 114637K->39213K(761856K), 0.0025720 secs] [Times: user=0.01 sys=0.01, real=0.00 secs] 
2014-07-28T19:41:39.376+0000: 461.754: [GC [PSYoungGen: 74880K->288K(74112K)] 113837K->39293K(761088K), 0.0029370 secs] [Times: user=0.02 sys=0.00, real=0.01 secs] 
2014-07-28T19:41:39.893+0000: 462.271: [GC [PSYoungGen: 74080K->192K(73216K)] 113085K->39237K(760192K), 0.0041880 secs] [Times: user=0.03 sys=0.01, real=0.00 secs] 
2014-07-28T19:41:40.409+0000: 462.787: [GC [PSYoungGen: 73214K->320K(72576K)] 112259K->39397K(759552K), 0.0026750 secs] [Times: user=0.02 sys=0.00, real=0.00 secs] 
2014-07-28T19:41:40.915+0000: 463.293: [GC [PSYoungGen: 72576K->320K(71808K)] 111653K->39477K(758784K), 0.0025860 secs] [Times: user=0.02 sys=0.00, real=0.00 secs] 
2014-07-28T19:41:41.417+0000: 463.794: [GC [PSYoungGen: 71808K->384K(71104K)] 110965K->39581K(758080K), 0.0025940 secs] [Times: user=0.01 sys=0.00, real=0.01 secs] 
2014-07-28T19:41:41.915+0000: 464.293: [GC [PSYoungGen: 71104K->224K(70272K)] 110301K->39477K(757248K), 0.0030730 secs] [Times: user=0.02 sys=0.01, real=0.00 secs] 
2014-07-28T19:41:42.415+0000: 464.793: [GC [PSYoungGen: 70240K->402K(69760K)] 109493K->39687K(756736K), 0.0043980 secs] [Times: user=0.03 sys=0.01, real=0.01 secs] 
2014-07-28T19:41:42.935+0000: 465.313: [GC [PSYoungGen: 69714K->288K(68928K)] 108999K->39581K(755904K), 0.0057670 secs] [Times: user=0.01 sys=0.01, real=0.01 secs] 
2014-07-28T19:41:43.455+0000: 465.833: [GC [PSYoungGen: 68896K->306K(68224K)] 108189K->39727K(755200K), 0.0038400 secs] [Times: user=0.02 sys=0.00, real=0.00 secs] 
2014-07-28T19:41:43.971+0000: 466.349: [GC [PSYoungGen: 68206K->402K(67648K)] 107628K->39871K(754624K), 0.0047310 secs] [Times: user=0.03 sys=0.00, real=0.00 secs] 
2014-07-28T19:41:44.480+0000: 466.858: [GC [PSYoungGen: 67602K->320K(66880K)] 107071K->39901K(753856K), 0.0035360 secs] [Times: user=0.02 sys=0.00, real=0.01 secs] 
2014-07-28T19:41:44.986+0000: 467.364: [GC [PSYoungGen: 66880K->288K(66240K)] 106461K->39893K(753216K), 0.0029650 secs] [Times: user=0.01 sys=0.01, real=0.00 secs] 
2014-07-28T19:41:45.482+0000: 467.860: [GC [PSYoungGen: 66208K->448K(79552K)] 105813K->40085K(766528K), 0.0135750 secs] [Times: user=0.09 sys=0.01, real=0.01 secs] 
2014-07-28T19:41:46.069+0000: 468.447: [GC [PSYoungGen: 79552K->384K(95360K)] 119189K->40069K(782336K), 0.0030720 secs] [Times: user=0.02 sys=0.00, real=0.01 secs] 
2014-07-28T19:41:46.817+0000: 469.195: [GC [PSYoungGen: 95360K->384K(94144K)] 135045K->40077K(781120K), 0.0030680 secs] [Times: user=0.02 sys=0.00, real=0.01 secs] 
2014-07-28T19:41:47.505+0000: 469.883: [GC [PSYoungGen: 94144K->384K(92928K)] 133837K->40101K(779904K), 0.0071540 secs] [Times: user=0.04 sys=0.01, real=0.01 secs] 
2014-07-28T19:41:48.209+0000: 470.587: [GC [PSYoungGen: 92928K->352K(91712K)] 132645K->40101K(778688K), 0.0077770 secs] [Times: user=0.04 sys=0.01, real=0.01 secs] 
2014-07-28T19:41:48.881+0000: 471.259: [GC [PSYoungGen: 91680K->448K(90624K)] 131429K->40277K(777600K), 0.0027450 secs] [Times: user=0.02 sys=0.00, real=0.00 secs] 
2014-07-28T19:41:49.568+0000: 471.946: [GC [PSYoungGen: 90624K->242K(89280K)] 130453K->40241K(776256K), 0.0027370 secs] [Times: user=0.01 sys=0.00, real=0.01 secs] 
2014-07-28T19:41:50.257+0000: 472.635: [GC [PSYoungGen: 89266K->384K(88320K)] 129265K->40415K(775296K), 0.0071730 secs] [Times: user=0.04 sys=0.01, real=0.01 secs] 
2014-07-28T19:41:50.891+0000: 473.269: [GC [PSYoungGen: 88313K->352K(87232K)] 128345K->40447K(774208K), 0.0026170 secs] [Times: user=0.02 sys=0.01, real=0.00 secs] 
2014-07-28T19:41:51.548+0000: 473.926: [GC [PSYoungGen: 87200K->480K(86272K)] 127295K->40631K(773248K), 0.0034740 secs] [Times: user=0.02 sys=0.00, real=0.01 secs] 
2014-07-28T19:41:52.183+0000: 474.561: [GC [PSYoungGen: 86240K->192K(84928K)] 126391K->40497K(771904K), 0.0043530 secs] [Times: user=0.02 sys=0.00, real=0.00 secs] 
2014-07-28T19:41:52.762+0000: 475.140: [GC [PSYoungGen: 84920K->256K(83968K)] 125225K->40601K(770944K), 0.0033630 secs] [Times: user=0.02 sys=0.00, real=0.00 secs] 
2014-07-28T19:41:53.351+0000: 475.729: [GC [PSYoungGen: 83968K->256K(82944K)] 124313K->40657K(769920K), 0.0077020 secs] [Times: user=0.04 sys=0.01, real=0.00 secs] 
2014-07-28T19:41:53.931+0000: 476.309: [GC [PSYoungGen: 82944K->288K(82048K)] 123345K->40753K(769024K), 0.0020400 secs] [Times: user=0.01 sys=0.00, real=0.00 secs] 
2014-07-28T19:41:54.503+0000: 476.881: [GC [PSYoungGen: 82008K->256K(81024K)] 122474K->40769K(768000K), 0.0031050 secs] [Times: user=0.02 sys=0.00, real=0.00 secs] 
2014-07-28T19:41:55.073+0000: 477.451: [GC [PSYoungGen: 81024K->224K(80064K)] 121537K->40785K(767040K), 0.0046680 secs] [Times: user=0.03 sys=0.00, real=0.00 secs] 
2014-07-28T19:41:55.630+0000: 478.008: [GC [PSYoungGen: 80032K->192K(79104K)] 120593K->40761K(766080K), 0.0030130 secs] [Times: user=0.01 sys=0.00, real=0.01 secs] 
2014-07-28T19:41:56.182+0000: 478.559: [GC [PSYoungGen: 79104K->256K(78272K)] 119673K->40881K(765248K), 0.0027070 secs] [Times: user=0.02 sys=0.01, real=0.01 secs] 
2014-07-28T19:41:56.758+0000: 479.136: [GC [PSYoungGen: 78272K->384K(77504K)] 118897K->41049K(764480K), 0.0042060 secs] [Times: user=0.02 sys=0.00, real=0.01 secs] 
2014-07-28T19:41:57.336+0000: 479.714: [GC [PSYoungGen: 77504K->288K(76608K)] 118169K->40993K(763584K), 0.0043070 secs] [Times: user=0.03 sys=0.00, real=0.00 secs] 
2014-07-28T19:41:57.888+0000: 480.266: [GC [PSYoungGen: 76576K->466K(75968K)] 117281K->41219K(762944K), 0.0066800 secs] [Times: user=0.04 sys=0.01, real=0.01 secs] 
2014-07-28T19:41:58.477+0000: 480.855: [GC [PSYoungGen: 75922K->480K(75136K)] 116675K->41289K(762112K), 0.0045140 secs] [Times: user=0.02 sys=0.00, real=0.01 secs] 
2014-07-28T19:41:59.033+0000: 481.411: [GC [PSYoungGen: 75104K->178K(73984K)] 115913K->41123K(760960K), 0.0053040 secs] [Times: user=0.02 sys=0.01, real=0.00 secs] 
2014-07-28T19:41:59.560+0000: 481.938: [GC [PSYoungGen: 73965K->516K(73600K)] 114911K->41469K(760576K), 0.0046070 secs] [Times: user=0.01 sys=0.00, real=0.01 secs] 
2014-07-28T19:42:00.120+0000: 482.498: [GC [PSYoungGen: 73540K->434K(72704K)] 114493K->41607K(759680K), 0.0039370 secs] [Times: user=0.03 sys=0.00, real=0.01 secs] 
2014-07-28T19:42:00.671+0000: 483.049: [GC [PSYoungGen: 72690K->498K(72000K)] 113863K->41719K(758976K), 0.0020010 secs] [Times: user=0.01 sys=0.00, real=0.01 secs] 
2014-07-28T19:42:01.193+0000: 483.571: [GC [PSYoungGen: 71966K->320K(71040K)] 113188K->41573K(758016K), 0.0028240 secs] [Times: user=0.02 sys=0.01, real=0.00 secs] 
2014-07-28T19:42:01.720+0000: 484.098: [GC [PSYoungGen: 71019K->384K(70400K)] 112273K->41685K(757376K), 0.0039020 secs] [Times: user=0.02 sys=0.01, real=0.01 secs] 
2014-07-28T19:42:02.249+0000: 484.627: [GC [PSYoungGen: 70400K->352K(69696K)] 111701K->41709K(756672K), 0.0030410 secs] [Times: user=0.02 sys=0.00, real=0.00 secs] 
2014-07-28T19:42:02.754+0000: 485.132: [GC [PSYoungGen: 69620K->352K(68992K)] 110977K->41757K(755968K), 0.0022760 secs] [Times: user=0.02 sys=0.00, real=0.00 secs] 
2014-07-28T19:42:03.258+0000: 485.636: [GC [PSYoungGen: 68960K->384K(68288K)] 110365K->41869K(755264K), 0.0037690 secs] [Times: user=0.02 sys=0.00, real=0.00 secs] 
2014-07-28T19:42:03.767+0000: 486.145: [GC [PSYoungGen: 68243K->576K(67776K)] 109728K->42133K(754752K), 0.0037800 secs] [Times: user=0.03 sys=0.01, real=0.00 secs] 
2014-07-28T19:42:04.259+0000: 486.637: [GC [PSYoungGen: 67776K->384K(66944K)] 109333K->42005K(753920K), 0.0025160 secs] [Times: user=0.02 sys=0.00, real=0.00 secs] 
2014-07-28T19:42:04.795+0000: 487.173: [GC [PSYoungGen: 66943K->548K(66496K)] 108565K->42233K(753472K), 0.0038300 secs] [Times: user=0.03 sys=0.01, real=0.00 secs] 
2014-07-28T19:42:05.295+0000: 487.673: [GC [PSYoungGen: 66454K->384K(65664K)] 108140K->42173K(752640K), 0.0034290 secs] [Times: user=0.02 sys=0.00, real=0.00 secs] 
2014-07-28T19:42:05.774+0000: 488.151: [GC [PSYoungGen: 65664K->338K(65024K)] 107453K->42135K(752000K), 0.0059080 secs] [Times: user=0.02 sys=0.01, real=0.00 secs] 
2014-07-28T19:42:06.272+0000: 488.650: [GC [PSYoungGen: 64978K->402K(64448K)] 106775K->42239K(751424K), 0.0057320 secs] [Times: user=0.03 sys=0.01, real=0.01 secs] 
2014-07-28T19:42:06.762+0000: 489.140: [GC [PSYoungGen: 64402K->352K(77184K)] 106239K->42213K(764160K), 0.0074520 secs] [Times: user=0.04 sys=0.00, real=0.01 secs] 
2014-07-28T19:42:07.344+0000: 489.722: [GC [PSYoungGen: 77152K->256K(76224K)] 119013K->42133K(763200K), 0.0036550 secs] [Times: user=0.02 sys=0.01, real=0.00 secs] 
2014-07-28T19:42:07.911+0000: 490.289: [GC [PSYoungGen: 76197K->256K(75392K)] 118075K->42149K(762368K), 0.0042850 secs] [Times: user=0.01 sys=0.01, real=0.01 secs] 
2014-07-28T19:42:08.493+0000: 490.871: [GC [PSYoungGen: 75392K->288K(74624K)] 117285K->42197K(761600K), 0.0043640 secs] [Times: user=0.02 sys=0.00, real=0.01 secs] 
2014-07-28T19:42:09.007+0000: 491.385: [GC [PSYoungGen: 74592K->320K(73856K)] 116501K->42293K(760832K), 0.0035990 secs] [Times: user=0.01 sys=0.01, real=0.00 secs] 
2014-07-28T19:42:09.522+0000: 491.900: [GC [PSYoungGen: 73856K->224K(73024K)] 115829K->42205K(760000K), 0.0044890 secs] [Times: user=0.02 sys=0.00, real=0.01 secs] 
2014-07-28T19:42:10.033+0000: 492.411: [GC [PSYoungGen: 72992K->320K(72320K)] 114973K->42373K(759296K), 0.0023030 secs] [Times: user=0.01 sys=0.00, real=0.01 secs] 
2014-07-28T19:42:10.542+0000: 492.920: [GC [PSYoungGen: 72309K->288K(71552K)] 114363K->42349K(758528K), 0.0035020 secs] [Times: user=0.02 sys=0.00, real=0.01 secs] 
2014-07-28T19:42:11.039+0000: 493.417: [GC [PSYoungGen: 71520K->192K(85696K)] 113581K->42269K(772672K), 0.0121260 secs] [Times: user=0.06 sys=0.01, real=0.01 secs] 
2014-07-28T19:42:11.663+0000: 494.041: [GC [PSYoungGen: 85696K->288K(84800K)] 127773K->42373K(771776K), 0.0041430 secs] [Times: user=0.01 sys=0.00, real=0.01 secs] 
2014-07-28T19:42:12.301+0000: 494.679: [GC [PSYoungGen: 84768K->416K(101824K)] 126853K->42541K(788800K), 0.0108100 secs] [Times: user=0.07 sys=0.01, real=0.01 secs] 
2014-07-28T19:42:13.068+0000: 495.446: [GC [PSYoungGen: 101792K->420K(122112K)] 143917K->42657K(809088K), 0.0054160 secs] [Times: user=0.03 sys=0.00, real=0.00 secs] 
2014-07-28T19:42:13.976+0000: 496.354: [GC [PSYoungGen: 122048K->320K(120064K)] 164286K->42597K(807040K), 0.0042550 secs] [Times: user=0.02 sys=0.00, real=0.00 secs] 
2014-07-28T19:42:14.876+0000: 497.254: [GC [PSYoungGen: 120064K->352K(118272K)] 162341K->42685K(805248K), 0.0032630 secs] [Times: user=0.02 sys=0.00, real=0.00 secs] 
2014-07-28T19:42:15.799+0000: 498.177: [GC [PSYoungGen: 118240K->384K(116480K)] 160573K->42757K(803456K), 0.0028380 secs] [Times: user=0.01 sys=0.01, real=0.00 secs] 
2014-07-28T19:42:16.660+0000: 499.037: [GC [PSYoungGen: 116480K->288K(114624K)] 158853K->42677K(801600K), 0.0093040 secs] [Times: user=0.05 sys=0.00, real=0.01 secs] 
2014-07-28T19:42:17.507+0000: 499.885: [GC [PSYoungGen: 114592K->388K(113024K)] 156981K->42801K(800000K), 0.0070230 secs] [Times: user=0.04 sys=0.01, real=0.00 secs] 
2014-07-28T19:42:18.358+0000: 500.736: [GC [PSYoungGen: 112964K->384K(111296K)] 155377K->42853K(798272K), 0.0053470 secs] [Times: user=0.03 sys=0.00, real=0.00 secs] 
2014-07-28T19:42:19.171+0000: 501.549: [GC [PSYoungGen: 111274K->320K(109568K)] 153743K->42821K(796544K), 0.0056730 secs] [Times: user=0.03 sys=0.01, real=0.01 secs] 
2014-07-28T19:42:20.007+0000: 502.385: [GC [PSYoungGen: 109568K->416K(108096K)] 152069K->42957K(795072K), 0.0023020 secs] [Times: user=0.01 sys=0.00, real=0.00 secs] 
2014-07-28T19:42:20.813+0000: 503.191: [GC [PSYoungGen: 108027K->416K(106560K)] 150568K->42989K(793536K), 0.0046090 secs] [Times: user=0.01 sys=0.01, real=0.01 secs] 
2014-07-28T19:42:21.623+0000: 504.000: [GC [PSYoungGen: 106528K->306K(104896K)] 149101K->43095K(791872K), 0.0027130 secs] [Times: user=0.01 sys=0.00, real=0.01 secs] 
2014-07-28T19:42:22.398+0000: 504.775: [GC [PSYoungGen: 104882K->434K(103552K)] 147671K->43271K(790528K), 0.0047010 secs] [Times: user=0.03 sys=0.00, real=0.00 secs] 
2014-07-28T19:42:23.187+0000: 505.565: [GC [PSYoungGen: 103538K->512K(102144K)] 146375K->43397K(789120K), 0.0083330 secs] [Times: user=0.05 sys=0.00, real=0.00 secs] 
2014-07-28T19:42:23.930+0000: 506.308: [GC [PSYoungGen: 102120K->288K(100544K)] 145006K->43205K(787520K), 0.0052760 secs] [Times: user=0.03 sys=0.01, real=0.00 secs] 
2014-07-28T19:42:24.702+0000: 507.080: [GC [PSYoungGen: 100512K->256K(99136K)] 143429K->43181K(786112K), 0.0051940 secs] [Times: user=0.01 sys=0.00, real=0.01 secs] 
2014-07-28T19:42:25.443+0000: 507.821: [GC [PSYoungGen: 99136K->434K(97984K)] 142061K->43407K(784960K), 0.0048220 secs] [Times: user=0.03 sys=0.00, real=0.01 secs] 
2014-07-28T19:42:26.116+0000: 508.494: [GC [PSYoungGen: 97970K->256K(96512K)] 140943K->43245K(783488K), 0.0038030 secs] [Times: user=0.02 sys=0.00, real=0.00 secs] 
2014-07-28T19:42:26.848+0000: 509.226: [GC [PSYoungGen: 96512K->384K(95360K)] 139501K->43413K(782336K), 0.0029980 secs] [Times: user=0.02 sys=0.00, real=0.00 secs] 
2014-07-28T19:42:27.550+0000: 509.928: [GC [PSYoungGen: 95360K->352K(94144K)] 138389K->43413K(781120K), 0.0051550 secs] [Times: user=0.02 sys=0.01, real=0.00 secs] 
2014-07-28T19:42:28.233+0000: 510.611: [GC [PSYoungGen: 94092K->352K(92928K)] 137154K->43453K(779904K), 0.0040120 secs] [Times: user=0.02 sys=0.01, real=0.01 secs] 
2014-07-28T19:42:28.908+0000: 511.286: [GC [PSYoungGen: 92896K->288K(91648K)] 135997K->43429K(778624K), 0.0054270 secs] [Times: user=0.02 sys=0.01, real=0.00 secs] 
2014-07-28T19:42:29.583+0000: 511.961: [GC [PSYoungGen: 91616K->448K(90624K)] 134757K->43637K(777600K), 0.0033460 secs] [Times: user=0.01 sys=0.00, real=0.00 secs] 
2014-07-28T19:42:30.231+0000: 512.608: [GC [PSYoungGen: 90624K->288K(89344K)] 133813K->43525K(776320K), 0.0042080 secs] [Times: user=0.03 sys=0.00, real=0.00 secs] 
2014-07-28T19:42:30.887+0000: 513.264: [GC [PSYoungGen: 89312K->288K(88256K)] 132549K->43573K(775232K), 0.0049120 secs] [Times: user=0.02 sys=0.00, real=0.01 secs] 
2014-07-28T19:42:31.529+0000: 513.907: [GC [PSYoungGen: 88224K->466K(87360K)] 131509K->43807K(774336K), 0.0036740 secs] [Times: user=0.02 sys=0.01, real=0.00 secs] 
2014-07-28T19:42:32.154+0000: 514.532: [GC [PSYoungGen: 87314K->416K(86208K)] 130655K->43821K(773184K), 0.0047590 secs] [Times: user=0.03 sys=0.00, real=0.01 secs] 
2014-07-28T19:42:32.784+0000: 515.162: [GC [PSYoungGen: 86176K->242K(84992K)] 129581K->43735K(771968K), 0.0051260 secs] [Times: user=0.02 sys=0.00, real=0.01 secs] 
2014-07-28T19:42:33.399+0000: 515.777: [GC [PSYoungGen: 84978K->416K(84160K)] 128471K->43941K(771136K), 0.0054090 secs] [Times: user=0.03 sys=0.00, real=0.00 secs] 
2014-07-28T19:42:34.000+0000: 516.378: [GC [PSYoungGen: 84128K->352K(83072K)] 127653K->43941K(770048K), 0.0040800 secs] [Times: user=0.03 sys=0.00, real=0.00 secs] 
2014-07-28T19:42:34.604+0000: 516.982: [GC [PSYoungGen: 83040K->338K(82112K)] 126629K->43959K(769088K), 0.0034140 secs] [Times: user=0.02 sys=0.00, real=0.01 secs] 
2014-07-28T19:42:35.206+0000: 517.584: [GC [PSYoungGen: 82023K->256K(81024K)] 125645K->43917K(768000K), 0.0036130 secs] [Times: user=0.01 sys=0.00, real=0.01 secs] 
2014-07-28T19:42:35.848+0000: 518.226: [GC [PSYoungGen: 81024K->562K(80384K)] 124685K->44311K(767360K), 0.0063150 secs] [Times: user=0.09 sys=0.05, real=0.10 secs] 
2014-07-28T19:42:36.412+0000: 518.790: [GC [PSYoungGen: 80370K->352K(79296K)] 124119K->44157K(766272K), 0.0032600 secs] [Times: user=0.02 sys=0.00, real=0.00 secs] 
2014-07-28T19:42:36.970+0000: 519.348: [GC [PSYoungGen: 79264K->416K(78464K)] 123069K->44285K(765440K), 0.0041720 secs] [Times: user=0.02 sys=0.01, real=0.00 secs] 
2014-07-28T19:42:37.510+0000: 519.888: [GC [PSYoungGen: 78432K->224K(77376K)] 122301K->44141K(764352K), 0.0038300 secs] [Times: user=0.02 sys=0.01, real=0.00 secs] 
2014-07-28T19:42:38.054+0000: 520.432: [GC [PSYoungGen: 77344K->160K(76480K)] 121261K->44101K(763456K), 0.0032520 secs] [Times: user=0.01 sys=0.01, real=0.00 secs] 
2014-07-28T19:42:38.585+0000: 520.963: [GC [PSYoungGen: 76448K->384K(75840K)] 120389K->44389K(762816K), 0.0030300 secs] [Times: user=0.02 sys=0.01, real=0.01 secs] 
2014-07-28T19:42:39.115+0000: 521.493: [GC [PSYoungGen: 75840K->384K(75008K)] 119845K->44461K(761984K), 0.0024430 secs] [Times: user=0.02 sys=0.00, real=0.00 secs] 
2014-07-28T19:42:39.638+0000: 522.016: [GC [PSYoungGen: 75008K->352K(74176K)] 119085K->44477K(761152K), 0.0038790 secs] [Times: user=0.02 sys=0.01, real=0.00 secs] 
2014-07-28T19:42:40.161+0000: 522.539: [GC [PSYoungGen: 74144K->192K(73216K)] 118269K->44341K(760192K), 0.0048020 secs] [Times: user=0.03 sys=0.00, real=0.00 secs] 
2014-07-28T19:42:40.672+0000: 523.050: [GC [PSYoungGen: 73216K->224K(72512K)] 117365K->44397K(759488K), 0.0043310 secs] [Times: user=0.02 sys=0.00, real=0.00 secs] 
2014-07-28T19:42:41.190+0000: 523.568: [GC [PSYoungGen: 72479K->288K(71808K)] 116653K->44509K(758784K), 0.0042200 secs] [Times: user=0.02 sys=0.00, real=0.00 secs] 
2014-07-28T19:42:41.706+0000: 524.084: [GC [PSYoungGen: 71776K->352K(71104K)] 115997K->44613K(758080K), 0.0093350 secs] [Times: user=0.05 sys=0.00, real=0.01 secs] 
2014-07-28T19:42:42.216+0000: 524.594: [GC [PSYoungGen: 71072K->288K(70336K)] 115333K->44597K(757312K), 0.0030220 secs] [Times: user=0.09 sys=0.06, real=0.14 secs] 
2014-07-28T19:42:42.695+0000: 525.073: [GC [PSYoungGen: 70304K->224K(69568K)] 114613K->44589K(756544K), 0.0025700 secs] [Times: user=0.01 sys=0.00, real=0.00 secs] 
2014-07-28T19:42:43.184+0000: 525.562: [GC [PSYoungGen: 69536K->352K(68992K)] 113901K->44781K(755968K), 0.0040320 secs] [Times: user=0.02 sys=0.00, real=0.00 secs] 
2014-07-28T19:42:43.667+0000: 526.045: [GC [PSYoungGen: 68960K->448K(68352K)] 113389K->44933K(755328K), 0.0034310 secs] [Times: user=0.02 sys=0.00, real=0.01 secs] 
2014-07-28T19:42:44.147+0000: 526.525: [GC [PSYoungGen: 68352K->384K(67584K)] 112837K->44925K(754560K), 0.0031900 secs] [Times: user=0.02 sys=0.00, real=0.01 secs] 
2014-07-28T19:42:44.616+0000: 526.994: [GC [PSYoungGen: 67549K->192K(66752K)] 112090K->44757K(753728K), 0.0039420 secs] [Times: user=0.02 sys=0.00, real=0.01 secs] 
2014-07-28T19:42:45.084+0000: 527.462: [GC [PSYoungGen: 66752K->352K(66304K)] 111317K->44989K(753280K), 0.0039450 secs] [Times: user=0.02 sys=0.00, real=0.00 secs] 
2014-07-28T19:42:45.545+0000: 527.923: [GC [PSYoungGen: 66272K->224K(65536K)] 110909K->44893K(752512K), 0.0043170 secs] [Times: user=0.03 sys=0.00, real=0.01 secs] 
2014-07-28T19:42:46.004+0000: 528.382: [GC [PSYoungGen: 65493K->384K(78720K)] 110163K->45133K(765696K), 0.0074140 secs] [Times: user=0.05 sys=0.00, real=0.01 secs] 
2014-07-28T19:42:46.554+0000: 528.932: [GC [PSYoungGen: 78720K->224K(77696K)] 123469K->45013K(764672K), 0.0029750 secs] [Times: user=0.01 sys=0.00, real=0.00 secs] 
2014-07-28T19:42:47.097+0000: 529.475: [GC [PSYoungGen: 77664K->384K(76992K)] 122453K->45245K(763968K), 0.0037780 secs] [Times: user=0.02 sys=0.01, real=0.01 secs] 
2014-07-28T19:42:47.641+0000: 530.019: [GC [PSYoungGen: 76992K->288K(76096K)] 121853K->45189K(763072K), 0.0055020 secs] [Times: user=0.03 sys=0.00, real=0.00 secs] 
2014-07-28T19:42:48.188+0000: 530.566: [GC [PSYoungGen: 76064K->320K(75264K)] 120965K->45269K(762240K), 0.0039960 secs] [Times: user=0.02 sys=0.00, real=0.01 secs] 
2014-07-28T19:42:48.753+0000: 531.131: [GC [PSYoungGen: 75264K->288K(74432K)] 120213K->45261K(761408K), 0.0052640 secs] [Times: user=0.32 sys=0.27, real=0.57 secs] 
2014-07-28T19:42:49.595+0000: 531.973: [GC [PSYoungGen: 74400K->484K(73856K)] 119373K->45553K(760832K), 0.0050520 secs] [Times: user=0.02 sys=0.01, real=0.01 secs] 
2014-07-28T19:42:49.936+0000: 532.314: [GC [PSYoungGen: 73827K->242K(72832K)] 118897K->45407K(759808K), 0.0032810 secs] [Times: user=0.02 sys=0.01, real=0.00 secs] 
2014-07-28T19:42:50.450+0000: 532.828: [GC [PSYoungGen: 72807K->320K(72128K)] 117973K->45525K(759104K), 0.0042930 secs] [Times: user=0.02 sys=0.00, real=0.00 secs] 
2014-07-28T19:42:50.954+0000: 533.332: [GC [PSYoungGen: 72128K->384K(71424K)] 117333K->45621K(758400K), 0.0027650 secs] [Times: user=0.01 sys=0.00, real=0.00 secs] 
2014-07-28T19:42:51.455+0000: 533.833: [GC [PSYoungGen: 71424K->320K(70656K)] 116661K->45613K(757632K), 0.0021650 secs] [Times: user=0.01 sys=0.00, real=0.00 secs] 
2014-07-28T19:42:51.946+0000: 534.324: [GC [PSYoungGen: 70656K->512K(70144K)] 115949K->45893K(757120K), 0.0042350 secs] [Times: user=0.02 sys=0.01, real=0.01 secs] 
2014-07-28T19:42:52.432+0000: 534.810: [GC [PSYoungGen: 70144K->384K(69312K)] 115525K->45853K(756288K), 0.0028870 secs] [Times: user=0.01 sys=0.01, real=0.00 secs] 
2014-07-28T19:42:52.913+0000: 535.291: [GC [PSYoungGen: 69278K->320K(68544K)] 114748K->45837K(755520K), 0.0063060 secs] [Times: user=0.04 sys=0.00, real=0.00 secs] 
2014-07-28T19:42:53.392+0000: 535.770: [GC [PSYoungGen: 68544K->320K(67840K)] 114061K->45885K(754816K), 0.0040430 secs] [Times: user=0.02 sys=0.00, real=0.00 secs] 
2014-07-28T19:42:53.866+0000: 536.244: [GC [PSYoungGen: 67840K->224K(67136K)] 113405K->45853K(754112K), 0.0037150 secs] [Times: user=0.02 sys=0.00, real=0.01 secs] 
2014-07-28T19:42:54.337+0000: 536.715: [GC [PSYoungGen: 67104K->224K(66496K)] 112733K->45869K(753472K), 0.0041760 secs] [Times: user=0.01 sys=0.00, real=0.01 secs] 
2014-07-28T19:42:54.803+0000: 537.181: [GC [PSYoungGen: 66463K->192K(65792K)] 112109K->45845K(752768K), 0.0050600 secs] [Times: user=0.48 sys=0.43, real=0.89 secs] 
2014-07-28T19:42:55.871+0000: 538.249: [GC [PSYoungGen: 65792K->224K(78976K)] 111445K->45925K(765952K), 0.0038520 secs] [Times: user=0.02 sys=0.00, real=0.00 secs] 
2014-07-28T19:42:56.429+0000: 538.807: [GC [PSYoungGen: 78944K->306K(78144K)] 124645K->46047K(765120K), 0.0027010 secs] [Times: user=0.01 sys=0.00, real=0.01 secs] 
2014-07-28T19:42:56.972+0000: 539.350: [GC [PSYoungGen: 78112K->320K(77248K)] 123853K->46085K(764224K), 0.0033560 secs] [Times: user=0.02 sys=0.00, real=0.00 secs] 
2014-07-28T19:42:57.512+0000: 539.890: [GC [PSYoungGen: 77248K->416K(76544K)] 123013K->46269K(763520K), 0.0040700 secs] [Times: user=0.02 sys=0.00, real=0.00 secs] 
2014-07-28T19:42:58.043+0000: 540.421: [GC [PSYoungGen: 76512K->416K(75712K)] 122365K->46325K(762688K), 0.0025090 secs] [Times: user=0.02 sys=0.01, real=0.00 secs] 
2014-07-28T19:42:58.571+0000: 540.949: [GC [PSYoungGen: 75680K->320K(74752K)] 121589K->46333K(761728K), 0.0021070 secs] [Times: user=0.01 sys=0.00, real=0.00 secs] 
2014-07-28T19:42:59.094+0000: 541.472: [GC [PSYoungGen: 74752K->352K(73984K)] 120765K->46413K(760960K), 0.0031610 secs] [Times: user=0.02 sys=0.00, real=0.00 secs] 
2014-07-28T19:42:59.608+0000: 541.986: [GC [PSYoungGen: 73952K->224K(73088K)] 120013K->46333K(760064K), 0.0038950 secs] [Times: user=0.02 sys=0.00, real=0.01 secs] 
2014-07-28T19:43:00.118+0000: 542.495: [GC [PSYoungGen: 73056K->192K(72256K)] 119165K->46325K(759232K), 0.0027880 secs] [Times: user=0.01 sys=0.00, real=0.00 secs] 
2014-07-28T19:43:00.621+0000: 542.999: [GC [PSYoungGen: 72256K->320K(71616K)] 118389K->46509K(758592K), 0.0054350 secs] [Times: user=0.03 sys=0.00, real=0.00 secs] 
2014-07-28T19:43:01.130+0000: 543.508: [GC [PSYoungGen: 71616K->384K(70912K)] 117805K->46597K(757888K), 0.0062460 secs] [Times: user=0.02 sys=0.01, real=0.01 secs] 
2014-07-28T19:43:01.632+0000: 544.010: [GC [PSYoungGen: 70912K->416K(70272K)] 117125K->46669K(757248K), 0.0054480 secs] [Times: user=0.02 sys=0.00, real=0.00 secs] 
2014-07-28T19:43:02.123+0000: 544.500: [GC [PSYoungGen: 70240K->288K(69440K)] 116493K->46573K(756416K), 0.0027070 secs] [Times: user=0.01 sys=0.00, real=0.00 secs] 
2014-07-28T19:43:02.604+0000: 544.982: [GC [PSYoungGen: 69408K->448K(68864K)] 115693K->46837K(755840K), 0.0022930 secs] [Times: user=0.01 sys=0.00, real=0.00 secs] 
2014-07-28T19:43:03.083+0000: 545.461: [GC [PSYoungGen: 68864K->480K(68224K)] 115253K->46933K(755200K), 0.0021670 secs] [Times: user=0.01 sys=0.00, real=0.00 secs] 
2014-07-28T19:43:03.557+0000: 545.935: [GC [PSYoungGen: 68182K->288K(67328K)] 114636K->46805K(754304K), 0.0038580 secs] [Times: user=0.02 sys=0.00, real=0.00 secs] 
2014-07-28T19:43:04.030+0000: 546.408: [GC [PSYoungGen: 67296K->320K(66688K)] 113813K->46877K(753664K), 0.0026030 secs] [Times: user=0.01 sys=0.00, real=0.01 secs] 
2014-07-28T19:43:04.494+0000: 546.872: [GC [PSYoungGen: 66688K->352K(66112K)] 113245K->46989K(753088K), 0.0027680 secs] [Times: user=0.02 sys=0.00, real=0.00 secs] 
2014-07-28T19:43:04.959+0000: 547.337: [GC [PSYoungGen: 66080K->256K(65344K)] 112717K->46909K(752320K), 0.0034490 secs] [Times: user=0.02 sys=0.00, real=0.01 secs] 
2014-07-28T19:43:05.412+0000: 547.790: [GC [PSYoungGen: 65344K->384K(64832K)] 111997K->47133K(751808K), 0.0038440 secs] [Times: user=0.02 sys=0.01, real=0.01 secs] 
2014-07-28T19:43:05.863+0000: 548.241: [GC [PSYoungGen: 64832K->320K(64128K)] 111581K->47101K(751104K), 0.0032400 secs] [Times: user=0.02 sys=0.00, real=0.00 secs] 
2014-07-28T19:43:06.313+0000: 548.691: [GC [PSYoungGen: 64128K->416K(63680K)] 110909K->47269K(750656K), 0.0025230 secs] [Times: user=0.01 sys=0.00, real=0.00 secs] 
2014-07-28T19:43:06.761+0000: 549.139: [GC [PSYoungGen: 63648K->384K(63040K)] 110501K->47277K(750016K), 0.0029730 secs] [Times: user=0.02 sys=0.01, real=0.01 secs] 
2014-07-28T19:43:07.192+0000: 549.570: [GC [PSYoungGen: 63040K->256K(62336K)] 109933K->47197K(749312K), 0.0047290 secs] [Times: user=0.02 sys=0.00, real=0.00 secs] 
2014-07-28T19:43:07.636+0000: 550.014: [GC [PSYoungGen: 62336K->274K(61824K)] 109277K->47231K(748800K), 0.0033470 secs] [Times: user=0.01 sys=0.00, real=0.00 secs] 
2014-07-28T19:43:08.078+0000: 550.456: [GC [PSYoungGen: 61778K->402K(61376K)] 108735K->47383K(748352K), 0.0042760 secs] [Times: user=0.03 sys=0.01, real=0.01 secs] 
2014-07-28T19:43:08.513+0000: 550.891: [GC [PSYoungGen: 61330K->416K(60800K)] 108311K->47445K(747776K), 0.0033080 secs] [Times: user=0.01 sys=0.00, real=0.00 secs] 
2014-07-28T19:43:08.940+0000: 551.318: [GC [PSYoungGen: 60768K->320K(60160K)] 107797K->47469K(747136K), 0.0037920 secs] [Times: user=0.02 sys=0.00, real=0.01 secs] 
2014-07-28T19:43:09.358+0000: 551.736: [GC [PSYoungGen: 60154K->288K(59648K)] 107304K->47493K(746624K), 0.0033540 secs] [Times: user=0.02 sys=0.00, real=0.00 secs] 
2014-07-28T19:43:09.774+0000: 552.152: [GC [PSYoungGen: 59616K->320K(59136K)] 106821K->47549K(746112K), 0.0027690 secs] [Times: user=0.01 sys=0.01, real=0.00 secs] 
2014-07-28T19:43:10.184+0000: 552.562: [GC [PSYoungGen: 59136K->256K(58560K)] 106365K->47549K(745536K), 0.0040320 secs] [Times: user=0.02 sys=0.01, real=0.00 secs] 
2014-07-28T19:43:10.595+0000: 552.973: [GC [PSYoungGen: 58560K->288K(58112K)] 105853K->47597K(745088K), 0.0060560 secs] [Times: user=0.04 sys=0.00, real=0.00 secs] 
2014-07-28T19:43:11.000+0000: 553.378: [GC [PSYoungGen: 58080K->384K(57664K)] 105389K->47709K(744640K), 0.0031160 secs] [Times: user=0.02 sys=0.00, real=0.01 secs] 
2014-07-28T19:43:11.403+0000: 553.781: [GC [PSYoungGen: 57664K->512K(57280K)] 104989K->47925K(744256K), 0.0030380 secs] [Times: user=0.01 sys=0.00, real=0.00 secs] 
2014-07-28T19:43:11.802+0000: 554.180: [GC [PSYoungGen: 57280K->548K(56832K)] 104693K->48001K(743808K), 0.0045270 secs] [Times: user=0.03 sys=0.00, real=0.01 secs] 
2014-07-28T19:43:12.201+0000: 554.579: [GC [PSYoungGen: 56804K->128K(55936K)] 104257K->47773K(742912K), 0.0023220 secs] [Times: user=0.01 sys=0.00, real=0.01 secs] 
2014-07-28T19:43:12.589+0000: 554.967: [GC [PSYoungGen: 55936K->384K(55744K)] 103581K->48053K(742720K), 0.0019970 secs] [Times: user=0.01 sys=0.00, real=0.00 secs] 
2014-07-28T19:43:12.975+0000: 555.353: [GC [PSYoungGen: 55744K->192K(55104K)] 103413K->47885K(742080K), 0.0047150 secs] [Times: user=0.02 sys=0.01, real=0.00 secs] 
2014-07-28T19:43:13.361+0000: 555.739: [GC [PSYoungGen: 55104K->224K(66176K)] 102797K->47965K(753152K), 0.0076770 secs] [Times: user=0.05 sys=0.01, real=0.01 secs] 
2014-07-28T19:43:13.823+0000: 556.201: [GC [PSYoungGen: 66144K->384K(65664K)] 113885K->48149K(752640K), 0.0025740 secs] [Times: user=0.02 sys=0.00, real=0.01 secs] 
2014-07-28T19:43:14.294+0000: 556.672: [GC [PSYoungGen: 65644K->320K(64960K)] 113410K->48133K(751936K), 0.0037690 secs] [Times: user=0.02 sys=0.00, real=0.00 secs] 
2014-07-28T19:43:14.747+0000: 557.124: [GC [PSYoungGen: 64935K->288K(64320K)] 112749K->48125K(751296K), 0.0100610 secs] [Times: user=0.52 sys=0.34, real=0.81 secs] 
2014-07-28T19:43:15.709+0000: 558.087: [GC [PSYoungGen: 64270K->548K(77376K)] 112107K->48465K(764352K), 0.0022860 secs] [Times: user=0.02 sys=0.00, real=0.00 secs] 
2014-07-28T19:43:15.945+0000: 558.323: [GC [PSYoungGen: 77328K->192K(92352K)] 125245K->48141K(779328K), 0.0035140 secs] [Times: user=0.01 sys=0.01, real=0.00 secs] 
2014-07-28T19:43:16.590+0000: 558.968: [GC [PSYoungGen: 92352K->416K(102336K)] 140301K->48429K(789312K), 0.0047800 secs] [Times: user=0.03 sys=0.01, real=0.01 secs] 
2014-07-28T19:43:17.300+0000: 559.678: [GC [PSYoungGen: 102037K->320K(100544K)] 150051K->48349K(787520K), 0.0059740 secs] [Times: user=0.03 sys=0.01, real=0.01 secs] 
2014-07-28T19:43:18.002+0000: 560.380: [GC [PSYoungGen: 100544K->256K(99136K)] 148573K->48349K(786112K), 0.0028510 secs] [Times: user=0.01 sys=0.00, real=0.01 secs] 
2014-07-28T19:43:18.698+0000: 561.076: [GC [PSYoungGen: 99136K->224K(97792K)] 147229K->48349K(784768K), 0.0068460 secs] [Times: user=0.04 sys=0.01, real=0.01 secs] 
2014-07-28T19:43:19.385+0000: 561.763: [GC [PSYoungGen: 97760K->288K(96576K)] 145885K->48421K(783552K), 0.0038610 secs] [Times: user=0.02 sys=0.01, real=0.00 secs] 
2014-07-28T19:43:20.065+0000: 562.443: [GC [PSYoungGen: 96544K->320K(95296K)] 144677K->48525K(782272K), 0.0030800 secs] [Times: user=0.02 sys=0.01, real=0.00 secs] 
2014-07-28T19:43:20.739+0000: 563.117: [GC [PSYoungGen: 95296K->448K(94208K)] 143501K->48733K(781184K), 0.0024210 secs] [Times: user=0.01 sys=0.00, real=0.00 secs] 
2014-07-28T19:43:21.400+0000: 563.778: [GC [PSYoungGen: 94208K->352K(92928K)] 142493K->48685K(779904K), 0.0031750 secs] [Times: user=0.02 sys=0.00, real=0.00 secs] 
2014-07-28T19:43:22.049+0000: 564.427: [GC [PSYoungGen: 92896K->384K(91712K)] 141229K->48741K(778688K), 0.0042230 secs] [Times: user=0.03 sys=0.00, real=0.00 secs] 
2014-07-28T19:43:22.689+0000: 565.067: [GC [PSYoungGen: 91676K->370K(90560K)] 140034K->48799K(777536K), 0.0033630 secs] [Times: user=0.02 sys=0.00, real=0.00 secs] 
2014-07-28T19:43:23.323+0000: 565.701: [GC [PSYoungGen: 90546K->288K(89344K)] 138975K->48717K(776320K), 0.0054040 secs] [Times: user=0.04 sys=0.00, real=0.01 secs] 
2014-07-28T19:43:23.948+0000: 566.326: [GC [PSYoungGen: 89312K->320K(88256K)] 137741K->48813K(775232K), 0.0037190 secs] [Times: user=0.02 sys=0.00, real=0.00 secs] 
2014-07-28T19:43:24.562+0000: 566.940: [GC [PSYoungGen: 88256K->256K(87104K)] 136749K->48797K(774080K), 0.0029000 secs] [Times: user=0.01 sys=0.00, real=0.00 secs] 
2014-07-28T19:43:25.176+0000: 567.554: [GC [PSYoungGen: 87104K->448K(86208K)] 135645K->49021K(773184K), 0.0040960 secs] [Times: user=0.02 sys=0.01, real=0.00 secs] 
2014-07-28T19:43:25.777+0000: 568.155: [GC [PSYoungGen: 86208K->288K(85056K)] 134781K->48909K(772032K), 0.0110330 secs] [Times: user=0.07 sys=0.01, real=0.01 secs] 
2014-07-28T19:43:26.374+0000: 568.751: [GC [PSYoungGen: 85024K->224K(83968K)] 133645K->48877K(770944K), 0.0024250 secs] [Times: user=0.02 sys=0.00, real=0.01 secs] 
2014-07-28T19:43:26.960+0000: 569.338: [GC [PSYoungGen: 83936K->416K(83136K)] 132589K->49109K(770112K), 0.0051060 secs] [Times: user=0.03 sys=0.01, real=0.01 secs] 
2014-07-28T19:43:27.547+0000: 569.924: [GC [PSYoungGen: 83104K->352K(82112K)] 131797K->49101K(769088K), 0.0032980 secs] [Times: user=0.02 sys=0.00, real=0.00 secs] 
2014-07-28T19:43:28.197+0000: 570.574: [GC [PSYoungGen: 82080K->544K(81344K)] 130829K->49349K(768320K), 0.0030120 secs] [Times: user=0.38 sys=0.27, real=0.64 secs] 
2014-07-28T19:43:29.319+0000: 571.697: [GC [PSYoungGen: 81266K->242K(80064K)] 130072K->49087K(767040K), 0.0029990 secs] [Times: user=0.02 sys=0.01, real=0.00 secs] 
2014-07-28T19:43:29.877+0000: 572.255: [GC [PSYoungGen: 80050K->256K(79168K)] 128895K->49149K(766144K), 0.0047320 secs] [Times: user=0.03 sys=0.00, real=0.00 secs] 
2014-07-28T19:43:30.437+0000: 572.815: [GC [PSYoungGen: 79168K->224K(78272K)] 128061K->49165K(765248K), 0.0037380 secs] [Times: user=0.02 sys=0.00, real=0.00 secs] 
2014-07-28T19:43:30.984+0000: 573.362: [GC [PSYoungGen: 78240K->224K(77376K)] 127181K->49181K(764352K), 0.0038940 secs] [Times: user=0.03 sys=0.00, real=0.01 secs] 
2014-07-28T19:43:31.523+0000: 573.901: [GC [PSYoungGen: 77344K->224K(76544K)] 126301K->49229K(763520K), 0.0030890 secs] [Times: user=0.01 sys=0.00, real=0.01 secs] 
2014-07-28T19:43:32.060+0000: 574.438: [GC [PSYoungGen: 76512K->192K(75648K)] 125517K->49229K(762624K), 0.0045770 secs] [Times: user=0.02 sys=0.01, real=0.00 secs] 
2014-07-28T19:43:32.589+0000: 574.967: [GC [PSYoungGen: 75648K->256K(74880K)] 124685K->49341K(761856K), 0.0024990 secs] [Times: user=0.02 sys=0.01, real=0.00 secs] 
2014-07-28T19:43:33.116+0000: 575.494: [GC [PSYoungGen: 74880K->352K(74176K)] 123965K->49469K(761152K), 0.0054300 secs] [Times: user=0.03 sys=0.01, real=0.01 secs] 
2014-07-28T19:43:33.632+0000: 576.010: [GC [PSYoungGen: 74144K->256K(73280K)] 123261K->49389K(760256K), 0.0086490 secs] [Times: user=0.03 sys=0.01, real=0.01 secs] 
2014-07-28T19:43:34.150+0000: 576.528: [GC [PSYoungGen: 73280K->288K(72576K)] 122413K->49445K(759552K), 0.0039460 secs] [Times: user=0.02 sys=0.00, real=0.00 secs] 
2014-07-28T19:43:34.658+0000: 577.036: [GC [PSYoungGen: 72544K->384K(71872K)] 121701K->49597K(758848K), 0.0032130 secs] [Times: user=0.02 sys=0.00, real=0.00 secs] 
2014-07-28T19:43:35.164+0000: 577.542: [GC [PSYoungGen: 71872K->288K(71040K)] 121085K->49525K(758016K), 0.0064760 secs] [Times: user=0.01 sys=0.00, real=0.01 secs] 
2014-07-28T19:43:35.652+0000: 578.030: [GC [PSYoungGen: 71008K->288K(70336K)] 120245K->49589K(757312K), 0.0035380 secs] [Times: user=0.02 sys=0.01, real=0.00 secs] 
2014-07-28T19:43:36.145+0000: 578.523: [GC [PSYoungGen: 70304K->320K(69632K)] 119605K->49669K(756608K), 0.0025510 secs] [Times: user=0.02 sys=0.00, real=0.01 secs] 
2014-07-28T19:43:36.629+0000: 579.007: [GC [PSYoungGen: 69632K->288K(68928K)] 118981K->49701K(755904K), 0.0031440 secs] [Times: user=0.02 sys=0.00, real=0.00 secs] 
2014-07-28T19:43:37.112+0000: 579.490: [GC [PSYoungGen: 68896K->320K(68224K)] 118309K->49773K(755200K), 0.0035040 secs] [Times: user=0.02 sys=0.00, real=0.00 secs] 
2014-07-28T19:43:37.588+0000: 579.966: [GC [PSYoungGen: 68224K->256K(67456K)] 117677K->49757K(754432K), 0.0049430 secs] [Times: user=0.02 sys=0.01, real=0.00 secs] 
2014-07-28T19:43:38.060+0000: 580.438: [GC [PSYoungGen: 67455K->224K(66816K)] 116957K->49773K(753792K), 0.0035400 secs] [Times: user=0.02 sys=0.00, real=0.00 secs] 
2014-07-28T19:43:38.527+0000: 580.905: [GC [PSYoungGen: 66784K->320K(66240K)] 116333K->49941K(753216K), 0.0044970 secs] [Times: user=0.02 sys=0.00, real=0.00 secs] 
2014-07-28T19:43:38.988+0000: 581.366: [GC [PSYoungGen: 66240K->288K(65600K)] 115861K->49949K(752576K), 0.0034650 secs] [Times: user=0.02 sys=0.00, real=0.00 secs] 
2014-07-28T19:43:39.455+0000: 581.833: [GC [PSYoungGen: 65568K->192K(64832K)] 115229K->49885K(751808K), 0.0025120 secs] [Times: user=0.02 sys=0.00, real=0.01 secs] 
2014-07-28T19:43:39.903+0000: 582.281: [GC [PSYoungGen: 64832K->320K(64320K)] 114525K->50013K(751296K), 0.0026350 secs] [Times: user=0.02 sys=0.00, real=0.00 secs] 
2014-07-28T19:43:40.352+0000: 582.730: [GC [PSYoungGen: 64320K->320K(63744K)] 114013K->50093K(750720K), 0.0028030 secs] [Times: user=0.02 sys=0.00, real=0.00 secs] 
2014-07-28T19:43:40.803+0000: 583.180: [GC [PSYoungGen: 63744K->256K(63104K)] 113517K->50053K(750080K), 0.0024580 secs] [Times: user=0.01 sys=0.00, real=0.00 secs] 
2014-07-28T19:43:41.243+0000: 583.621: [GC [PSYoungGen: 63104K->352K(62656K)] 112901K->50157K(749632K), 0.0055530 secs] [Times: user=0.02 sys=0.01, real=0.01 secs] 
2014-07-28T19:43:41.680+0000: 584.058: [GC [PSYoungGen: 62624K->320K(62016K)] 112429K->50173K(748992K), 0.0027850 secs] [Times: user=0.02 sys=0.00, real=0.00 secs] 
2014-07-28T19:43:42.109+0000: 584.487: [GC [PSYoungGen: 62016K->256K(61376K)] 111869K->50157K(748352K), 0.0024880 secs] [Times: user=0.01 sys=0.00, real=0.00 secs] 
2014-07-28T19:43:42.537+0000: 584.914: [GC [PSYoungGen: 61376K->224K(60800K)] 111277K->50157K(747776K), 0.0033930 secs] [Times: user=0.01 sys=0.00, real=0.01 secs] 
2014-07-28T19:43:42.962+0000: 585.340: [GC [PSYoungGen: 60768K->256K(60288K)] 110701K->50221K(747264K), 0.0047130 secs] [Times: user=0.03 sys=0.00, real=0.00 secs] 
2014-07-28T19:43:43.383+0000: 585.761: [GC [PSYoungGen: 60288K->320K(59840K)] 110253K->50349K(746816K), 0.0031290 secs] [Times: user=0.01 sys=0.00, real=0.00 secs] 
2014-07-28T19:43:43.807+0000: 586.185: [GC [PSYoungGen: 59826K->370K(59392K)] 109855K->50431K(746368K), 0.0027200 secs] [Times: user=0.01 sys=0.00, real=0.01 secs] 
2014-07-28T19:43:44.218+0000: 586.596: [GC [PSYoungGen: 59378K->160K(58688K)] 109439K->50237K(745664K), 0.0069470 secs] [Times: user=0.04 sys=0.00, real=0.01 secs] 
2014-07-28T19:43:44.630+0000: 587.008: [GC [PSYoungGen: 58656K->224K(58240K)] 108733K->50325K(745216K), 0.0038560 secs] [Times: user=0.01 sys=0.00, real=0.00 secs] 
2014-07-28T19:43:45.038+0000: 587.416: [GC [PSYoungGen: 58208K->384K(57856K)] 108309K->50517K(744832K), 0.0038300 secs] [Times: user=0.02 sys=0.00, real=0.00 secs] 
2014-07-28T19:43:45.442+0000: 587.820: [GC [PSYoungGen: 57856K->224K(57216K)] 107989K->50397K(744192K), 0.0029290 secs] [Times: user=0.01 sys=0.00, real=0.00 secs] 
2014-07-28T19:43:45.841+0000: 588.219: [GC [PSYoungGen: 57184K->320K(56768K)] 107357K->50517K(743744K), 0.0048830 secs] [Times: user=0.03 sys=0.00, real=0.00 secs] 
2014-07-28T19:43:46.240+0000: 588.618: [GC [PSYoungGen: 56768K->352K(56384K)] 106965K->50589K(743360K), 0.0043390 secs] [Times: user=0.02 sys=0.00, real=0.00 secs] 
2014-07-28T19:43:46.633+0000: 589.011: [GC [PSYoungGen: 56331K->320K(55872K)] 106569K->50629K(742848K), 0.0042170 secs] [Times: user=0.02 sys=0.00, real=0.00 secs] 
2014-07-28T19:43:47.025+0000: 589.403: [GC [PSYoungGen: 55872K->384K(67072K)] 106181K->50733K(754048K), 0.0070300 secs] [Times: user=0.05 sys=0.00, real=0.01 secs] 
2014-07-28T19:43:47.495+0000: 589.873: [GC [PSYoungGen: 67072K->448K(80512K)] 117421K->50837K(767488K), 0.0070340 secs] [Times: user=0.03 sys=0.00, real=0.01 secs] 
2014-07-28T19:43:48.055+0000: 590.433: [GC [PSYoungGen: 80511K->242K(96384K)] 130901K->50719K(783360K), 0.0065910 secs] [Times: user=0.03 sys=0.00, real=0.01 secs] 
2014-07-28T19:43:48.726+0000: 591.104: [GC [PSYoungGen: 96323K->192K(99968K)] 146801K->50701K(786944K), 0.0038890 secs] [Times: user=0.02 sys=0.00, real=0.01 secs] 
2014-07-28T19:43:49.424+0000: 591.802: [GC [PSYoungGen: 99648K->256K(115904K)] 150157K->50813K(802880K), 0.0056700 secs] [Times: user=0.03 sys=0.01, real=0.01 secs] 
2014-07-28T19:43:50.235+0000: 592.613: [GC [PSYoungGen: 115648K->256K(113920K)] 166205K->50853K(800896K), 0.0064100 secs] [Times: user=0.04 sys=0.00, real=0.01 secs] 
2014-07-28T19:43:51.035+0000: 593.413: [GC [PSYoungGen: 113920K->320K(112256K)] 164517K->51029K(799232K), 0.0029800 secs] [Times: user=0.02 sys=0.00, real=0.00 secs] 
2014-07-28T19:43:51.824+0000: 594.202: [GC [PSYoungGen: 112256K->384K(110656K)] 162965K->51165K(797632K), 0.0034240 secs] [Times: user=0.02 sys=0.00, real=0.00 secs] 
2014-07-28T19:43:52.599+0000: 594.977: [GC [PSYoungGen: 110656K->352K(109056K)] 161437K->51141K(796032K), 0.0024200 secs] [Times: user=0.01 sys=0.00, real=0.00 secs] 
2014-07-28T19:43:53.362+0000: 595.740: [GC [PSYoungGen: 109023K->352K(107456K)] 159813K->51221K(794432K), 0.0022490 secs] [Times: user=0.01 sys=0.00, real=0.00 secs] 
2014-07-28T19:43:54.116+0000: 596.494: [GC [PSYoungGen: 107424K->256K(105792K)] 158293K->51165K(792768K), 0.0045620 secs] [Times: user=0.02 sys=0.01, real=0.01 secs] 
2014-07-28T19:43:54.864+0000: 597.242: [GC [PSYoungGen: 105792K->288K(104384K)] 156701K->51237K(791360K), 0.0057000 secs] [Times: user=0.03 sys=0.00, real=0.01 secs] 
2014-07-28T19:43:55.594+0000: 597.972: [GC [PSYoungGen: 104303K->480K(103104K)] 155253K->51509K(790080K), 0.0023100 secs] [Times: user=0.01 sys=0.01, real=0.00 secs] 
2014-07-28T19:43:56.314+0000: 598.692: [GC [PSYoungGen: 103072K->352K(101568K)] 154101K->51413K(788544K), 0.0024780 secs] [Times: user=0.02 sys=0.00, real=0.00 secs] 
2014-07-28T19:43:57.024+0000: 599.402: [GC [PSYoungGen: 101536K->320K(100096K)] 152597K->51445K(787072K), 0.0030350 secs] [Times: user=0.02 sys=0.00, real=0.00 secs] 
2014-07-28T19:43:57.723+0000: 600.101: [GC [PSYoungGen: 100096K->256K(98688K)] 151221K->51437K(785664K), 0.0035600 secs] [Times: user=0.02 sys=0.00, real=0.00 secs] 
2014-07-28T19:43:58.419+0000: 600.797: [GC [PSYoungGen: 98688K->320K(97408K)] 149869K->51517K(784384K), 0.0034440 secs] [Times: user=0.02 sys=0.01, real=0.01 secs] 
2014-07-28T19:43:59.104+0000: 601.482: [GC [PSYoungGen: 97408K->320K(96128K)] 148605K->51549K(783104K), 0.0048130 secs] [Times: user=0.03 sys=0.00, real=0.00 secs] 
2014-07-28T19:43:59.776+0000: 602.154: [GC [PSYoungGen: 96128K->320K(94848K)] 147357K->51605K(781824K), 0.0041580 secs] [Times: user=0.02 sys=0.00, real=0.01 secs] 
2014-07-28T19:44:00.440+0000: 602.818: [GC [PSYoungGen: 94848K->288K(93632K)] 146133K->51581K(780608K), 0.0030640 secs] [Times: user=0.01 sys=0.01, real=0.00 secs] 
2014-07-28T19:44:01.097+0000: 603.475: [GC [PSYoungGen: 93578K->224K(92352K)] 144872K->51565K(779328K), 0.0034170 secs] [Times: user=0.01 sys=0.00, real=0.00 secs] 
2014-07-28T19:44:01.746+0000: 604.123: [GC [PSYoungGen: 92320K->338K(91328K)] 143661K->51735K(778304K), 0.0061120 secs] [Times: user=0.03 sys=0.01, real=0.01 secs] 
2014-07-28T19:44:02.385+0000: 604.763: [GC [PSYoungGen: 91282K->288K(90112K)] 142679K->51701K(777088K), 0.0029480 secs] [Times: user=0.01 sys=0.01, real=0.00 secs] 
2014-07-28T19:44:03.016+0000: 605.394: [GC [PSYoungGen: 90080K->288K(88960K)] 141493K->51765K(775936K), 0.0045780 secs] [Times: user=0.02 sys=0.00, real=0.01 secs] 
2014-07-28T19:44:03.639+0000: 606.016: [GC [PSYoungGen: 88928K->416K(88000K)] 140405K->51989K(774976K), 0.0039020 secs] [Times: user=0.02 sys=0.01, real=0.01 secs] 
2014-07-28T19:44:04.254+0000: 606.632: [GC [PSYoungGen: 87968K->224K(86720K)] 139541K->51805K(773696K), 0.0024930 secs] [Times: user=0.01 sys=0.00, real=0.00 secs] 
2014-07-28T19:44:04.860+0000: 607.238: [GC [PSYoungGen: 86676K->352K(85824K)] 138258K->52013K(772800K), 0.0057600 secs] [Times: user=0.04 sys=0.00, real=0.01 secs] 
2014-07-28T19:44:05.466+0000: 607.844: [GC [PSYoungGen: 85792K->192K(84608K)] 137453K->51893K(771584K), 0.0038970 secs] [Times: user=0.02 sys=0.00, real=0.00 secs] 
2014-07-28T19:44:06.062+0000: 608.440: [GC [PSYoungGen: 84608K->288K(83712K)] 136309K->52029K(770688K), 0.0067790 secs] [Times: user=0.05 sys=0.00, real=0.00 secs] 
2014-07-28T19:44:06.649+0000: 609.027: [GC [PSYoungGen: 83677K->434K(82880K)] 135419K->52263K(769856K), 0.0037160 secs] [Times: user=0.01 sys=0.01, real=0.01 secs] 
2014-07-28T19:44:07.231+0000: 609.609: [GC [PSYoungGen: 82866K->320K(81792K)] 134695K->52173K(768768K), 0.0046320 secs] [Times: user=0.03 sys=0.00, real=0.00 secs] 
2014-07-28T19:44:07.802+0000: 610.180: [GC [PSYoungGen: 81792K->416K(80960K)] 133645K->52373K(767936K), 0.0024220 secs] [Times: user=0.01 sys=0.00, real=0.00 secs] 
2014-07-28T19:44:08.371+0000: 610.749: [GC [PSYoungGen: 80928K->256K(79872K)] 132885K->52237K(766848K), 0.0038210 secs] [Times: user=0.02 sys=0.00, real=0.01 secs] 
2014-07-28T19:44:08.932+0000: 611.309: [GC [PSYoungGen: 79842K->320K(79040K)] 131824K->52381K(766016K), 0.0023180 secs] [Times: user=0.01 sys=0.00, real=0.01 secs] 
2014-07-28T19:44:09.487+0000: 611.865: [GC [PSYoungGen: 79017K->320K(78144K)] 131079K->52453K(765120K), 0.0021690 secs] [Times: user=0.01 sys=0.00, real=0.00 secs] 
2014-07-28T19:44:10.030+0000: 612.408: [GC [PSYoungGen: 78144K->384K(77312K)] 130277K->52533K(764288K), 0.0047620 secs] [Times: user=0.03 sys=0.00, real=0.01 secs] 
2014-07-28T19:44:10.570+0000: 612.948: [GC [PSYoungGen: 77312K->384K(76480K)] 129461K->52605K(763456K), 0.0047450 secs] [Times: user=0.01 sys=0.01, real=0.01 secs] 
2014-07-28T19:44:11.106+0000: 613.484: [GC [PSYoungGen: 76480K->416K(75712K)] 128701K->52701K(762688K), 0.0032690 secs] [Times: user=0.02 sys=0.00, real=0.00 secs] 
2014-07-28T19:44:11.634+0000: 614.012: [GC [PSYoungGen: 75680K->256K(74688K)] 127965K->52589K(761664K), 0.0033280 secs] [Times: user=0.02 sys=0.00, real=0.00 secs] 
2014-07-28T19:44:12.160+0000: 614.538: [GC [PSYoungGen: 74688K->320K(73920K)] 127021K->52685K(760896K), 0.0026220 secs] [Times: user=0.01 sys=0.00, real=0.01 secs] 
2014-07-28T19:44:12.677+0000: 615.055: [GC [PSYoungGen: 73920K->384K(73216K)] 126285K->52853K(760192K), 0.0035200 secs] [Times: user=0.02 sys=0.00, real=0.00 secs] 
2014-07-28T19:44:13.189+0000: 615.567: [GC [PSYoungGen: 73216K->288K(72384K)] 125685K->52765K(759360K), 0.0022280 secs] [Times: user=0.02 sys=0.00, real=0.00 secs] 
2014-07-28T19:44:13.696+0000: 616.074: [GC [PSYoungGen: 72352K->384K(71680K)] 124829K->52941K(758656K), 0.0034640 secs] [Times: user=0.02 sys=0.00, real=0.00 secs] 
2014-07-28T19:44:14.203+0000: 616.581: [GC [PSYoungGen: 71680K->384K(70912K)] 124237K->52965K(757888K), 0.0029200 secs] [Times: user=0.01 sys=0.00, real=0.00 secs] 
2014-07-28T19:44:14.691+0000: 617.069: [GC [PSYoungGen: 70912K->320K(70144K)] 123493K->52981K(757120K), 0.0025260 secs] [Times: user=0.01 sys=0.01, real=0.01 secs] 
2014-07-28T19:44:15.183+0000: 617.561: [GC [PSYoungGen: 70144K->288K(69440K)] 122805K->52973K(756416K), 0.0035570 secs] [Times: user=0.02 sys=0.00, real=0.01 secs] 
2014-07-28T19:44:15.669+0000: 618.047: [GC [PSYoungGen: 69404K->256K(68672K)] 122090K->52981K(755648K), 0.0034610 secs] [Times: user=0.01 sys=0.00, real=0.00 secs] 
2014-07-28T19:44:16.149+0000: 618.527: [GC [PSYoungGen: 68672K->448K(68160K)] 121397K->53229K(755136K), 0.0032560 secs] [Times: user=0.02 sys=0.00, real=0.00 secs] 
2014-07-28T19:44:16.625+0000: 619.003: [GC [PSYoungGen: 68160K->384K(67392K)] 120941K->53253K(754368K), 0.0048410 secs] [Times: user=0.04 sys=0.00, real=0.00 secs] 
2014-07-28T19:44:17.096+0000: 619.474: [GC [PSYoungGen: 67392K->320K(66688K)] 120261K->53237K(753664K), 0.0062270 secs] [Times: user=0.03 sys=0.00, real=0.00 secs] 
2014-07-28T19:44:17.561+0000: 619.938: [GC [PSYoungGen: 66686K->320K(66048K)] 119603K->53309K(753024K), 0.0056560 secs] [Times: user=0.03 sys=0.00, real=0.01 secs] 
2014-07-28T19:44:18.024+0000: 620.401: [GC [PSYoungGen: 66032K->288K(79232K)] 119022K->53333K(766208K), 0.0057210 secs] [Times: user=0.04 sys=0.00, real=0.00 secs] 
2014-07-28T19:44:18.578+0000: 620.956: [GC [PSYoungGen: 79200K->448K(78464K)] 132245K->53573K(765440K), 0.0044830 secs] [Times: user=0.03 sys=0.00, real=0.00 secs] 
2014-07-28T19:44:19.128+0000: 621.506: [GC [PSYoungGen: 78464K->384K(77504K)] 131589K->53549K(764480K), 0.0043420 secs] [Times: user=0.03 sys=0.00, real=0.00 secs] 
2014-07-28T19:44:19.670+0000: 622.048: [GC [PSYoungGen: 77504K->320K(76608K)] 130669K->53549K(763584K), 0.0030200 secs] [Times: user=0.02 sys=0.00, real=0.01 secs] 
2014-07-28T19:44:20.206+0000: 622.584: [GC [PSYoungGen: 76608K->416K(75904K)] 129837K->53685K(762880K), 0.0052910 secs] [Times: user=0.03 sys=0.01, real=0.00 secs] 
2014-07-28T19:44:20.738+0000: 623.116: [GC [PSYoungGen: 75872K->320K(74944K)] 129141K->53653K(761920K), 0.0044840 secs] [Times: user=0.02 sys=0.01, real=0.00 secs] 
2014-07-28T19:44:21.259+0000: 623.637: [GC [PSYoungGen: 74944K->498K(74304K)] 128277K->53831K(761280K), 0.0035070 secs] [Times: user=0.01 sys=0.01, real=0.00 secs] 
2014-07-28T19:44:21.775+0000: 624.153: [GC [PSYoungGen: 74290K->256K(73280K)] 127623K->53677K(760256K), 0.0036560 secs] [Times: user=0.02 sys=0.00, real=0.00 secs] 
2014-07-28T19:44:22.288+0000: 624.666: [GC [PSYoungGen: 73280K->416K(72704K)] 126701K->53901K(759680K), 0.0030890 secs] [Times: user=0.02 sys=0.00, real=0.00 secs] 
2014-07-28T19:44:22.797+0000: 625.175: [GC [PSYoungGen: 72671K->320K(71808K)] 126157K->53877K(758784K), 0.0079300 secs] [Times: user=0.05 sys=0.01, real=0.01 secs] 
2014-07-28T19:44:23.298+0000: 625.676: [GC [PSYoungGen: 71808K->448K(71168K)] 125365K->54029K(758144K), 0.0044020 secs] [Times: user=0.02 sys=0.00, real=0.00 secs] 
2014-07-28T19:44:23.798+0000: 626.176: [GC [PSYoungGen: 71168K->352K(85248K)] 124749K->54013K(772224K), 0.0069960 secs] [Times: user=0.04 sys=0.00, real=0.01 secs] 
2014-07-28T19:44:24.398+0000: 626.776: [GC [PSYoungGen: 85216K->384K(84224K)] 138877K->54069K(771200K), 0.0041240 secs] [Times: user=0.02 sys=0.00, real=0.00 secs] 
2014-07-28T19:44:24.986+0000: 627.364: [GC [PSYoungGen: 84197K->434K(83264K)] 137883K->54191K(770240K), 0.0021740 secs] [Times: user=0.01 sys=0.00, real=0.00 secs] 
2014-07-28T19:44:25.565+0000: 627.942: [GC [PSYoungGen: 83250K->384K(82240K)] 137007K->54229K(769216K), 0.0034390 secs] [Times: user=0.02 sys=0.00, real=0.00 secs] 
2014-07-28T19:44:26.141+0000: 628.519: [GC [PSYoungGen: 82239K->352K(81280K)] 136085K->54237K(768256K), 0.0039250 secs] [Times: user=0.02 sys=0.00, real=0.01 secs] 
2014-07-28T19:44:26.707+0000: 629.085: [GC [PSYoungGen: 81248K->256K(80192K)] 135133K->54189K(767168K), 0.0072170 secs] [Times: user=0.04 sys=0.00, real=0.01 secs] 
2014-07-28T19:44:27.266+0000: 629.643: [GC [PSYoungGen: 80192K->192K(79232K)] 134125K->54149K(766208K), 0.0041220 secs] [Times: user=0.02 sys=0.00, real=0.00 secs] 
2014-07-28T19:44:27.823+0000: 630.201: [GC [PSYoungGen: 79232K->224K(78400K)] 133189K->54229K(765376K), 0.0021830 secs] [Times: user=0.01 sys=0.00, real=0.01 secs] 
2014-07-28T19:44:28.374+0000: 630.752: [GC [PSYoungGen: 78368K->320K(77568K)] 132373K->54333K(764544K), 0.0020330 secs] [Times: user=0.01 sys=0.00, real=0.01 secs] 
2014-07-28T19:44:28.918+0000: 631.296: [GC [PSYoungGen: 77568K->160K(76608K)] 131581K->54189K(763584K), 0.0036750 secs] [Times: user=0.02 sys=0.01, real=0.00 secs] 
2014-07-28T19:44:29.455+0000: 631.833: [GC [PSYoungGen: 76576K->384K(75968K)] 130605K->54493K(762944K), 0.0041010 secs] [Times: user=0.03 sys=0.00, real=0.01 secs] 
2014-07-28T19:44:29.985+0000: 632.363: [GC [PSYoungGen: 75928K->352K(75136K)] 130038K->54493K(762112K), 0.0027010 secs] [Times: user=0.01 sys=0.00, real=0.00 secs] 
2014-07-28T19:44:30.510+0000: 632.887: [GC [PSYoungGen: 75104K->192K(74112K)] 129245K->54381K(761088K), 0.0022480 secs] [Times: user=0.01 sys=0.00, real=0.00 secs] 
2014-07-28T19:44:31.029+0000: 633.407: [GC [PSYoungGen: 74112K->480K(73664K)] 128301K->54717K(760640K), 0.0024940 secs] [Times: user=0.01 sys=0.00, real=0.00 secs] 
2014-07-28T19:44:31.542+0000: 633.919: [GC [PSYoungGen: 73631K->256K(72640K)] 127868K->54541K(759616K), 0.0019670 secs] [Times: user=0.02 sys=0.00, real=0.00 secs] 
2014-07-28T19:44:32.050+0000: 634.428: [GC [PSYoungGen: 72640K->416K(72064K)] 126925K->54757K(759040K), 0.0026510 secs] [Times: user=0.01 sys=0.00, real=0.00 secs] 
2014-07-28T19:44:32.553+0000: 634.931: [GC [PSYoungGen: 72032K->320K(71168K)] 126373K->54733K(758144K), 0.0032780 secs] [Times: user=0.02 sys=0.00, real=0.01 secs] 
2014-07-28T19:44:33.052+0000: 635.430: [GC [PSYoungGen: 71168K->416K(70592K)] 125581K->54877K(757568K), 0.0021160 secs] [Times: user=0.01 sys=0.00, real=0.00 secs] 
2014-07-28T19:44:33.542+0000: 635.920: [GC [PSYoungGen: 70560K->224K(69696K)] 125021K->54717K(756672K), 0.0023740 secs] [Times: user=0.01 sys=0.00, real=0.00 secs] 
2014-07-28T19:44:34.033+0000: 636.410: [GC [PSYoungGen: 69664K->352K(69120K)] 124157K->54885K(756096K), 0.0029660 secs] [Times: user=0.01 sys=0.00, real=0.00 secs] 
2014-07-28T19:44:34.515+0000: 636.893: [GC [PSYoungGen: 69088K->320K(68352K)] 123621K->54925K(755328K), 0.0037980 secs] [Times: user=0.01 sys=0.00, real=0.01 secs] 
2014-07-28T19:44:34.991+0000: 637.369: [GC [PSYoungGen: 68352K->256K(67584K)] 122957K->54893K(754560K), 0.0023410 secs] [Times: user=0.01 sys=0.00, real=0.00 secs] 
2014-07-28T19:44:35.465+0000: 637.843: [GC [PSYoungGen: 67584K->224K(66944K)] 122221K->54917K(753920K), 0.0035170 secs] [Times: user=0.02 sys=0.00, real=0.01 secs] 
2014-07-28T19:44:35.932+0000: 638.310: [GC [PSYoungGen: 66912K->480K(66560K)] 121605K->55197K(753536K), 0.0027270 secs] [Times: user=0.01 sys=0.00, real=0.00 secs] 
2014-07-28T19:44:36.397+0000: 638.775: [GC [PSYoungGen: 66528K->320K(65728K)] 121245K->55133K(752704K), 0.0023390 secs] [Times: user=0.01 sys=0.01, real=0.00 secs] 
2014-07-28T19:44:36.856+0000: 639.233: [GC [PSYoungGen: 65728K->320K(65088K)] 120541K->55157K(752064K), 0.0028360 secs] [Times: user=0.02 sys=0.00, real=0.01 secs] 
2014-07-28T19:44:37.311+0000: 639.689: [GC [PSYoungGen: 65088K->320K(64448K)] 119925K->55189K(751424K), 0.0030020 secs] [Times: user=0.01 sys=0.01, real=0.00 secs] 
2014-07-28T19:44:37.760+0000: 640.137: [GC [PSYoungGen: 64413K->384K(63936K)] 119282K->55333K(750912K), 0.0033290 secs] [Times: user=0.03 sys=0.00, real=0.00 secs] 
2014-07-28T19:44:38.203+0000: 640.581: [GC [PSYoungGen: 63936K->192K(63168K)] 118885K->55165K(750144K), 0.0032890 secs] [Times: user=0.02 sys=0.00, real=0.01 secs] 
2014-07-28T19:44:38.646+0000: 641.024: [GC [PSYoungGen: 63168K->416K(62848K)] 118141K->55493K(749824K), 0.0020220 secs] [Times: user=0.01 sys=0.00, real=0.00 secs] 
2014-07-28T19:44:39.084+0000: 641.461: [GC [PSYoungGen: 62816K->352K(62208K)] 117893K->55485K(749184K), 0.0026920 secs] [Times: user=0.02 sys=0.00, real=0.01 secs] 
2014-07-28T19:44:39.520+0000: 641.898: [GC [PSYoungGen: 62160K->288K(61568K)] 117294K->55493K(748544K), 0.0026130 secs] [Times: user=0.01 sys=0.01, real=0.00 secs] 
2014-07-28T19:44:39.949+0000: 642.327: [GC [PSYoungGen: 61512K->416K(61120K)] 116718K->55693K(748096K), 0.0032910 secs] [Times: user=0.02 sys=0.00, real=0.00 secs] 
2014-07-28T19:44:40.376+0000: 642.754: [GC [PSYoungGen: 61088K->384K(60480K)] 116365K->55741K(747456K), 0.0024960 secs] [Times: user=0.01 sys=0.00, real=0.01 secs] 
2014-07-28T19:44:40.821+0000: 643.199: [GC [PSYoungGen: 60480K->192K(59776K)] 115837K->55573K(746752K), 0.0024660 secs] [Times: user=0.01 sys=0.00, real=0.00 secs] 
2014-07-28T19:44:41.256+0000: 643.634: [GC [PSYoungGen: 59776K->320K(59392K)] 115157K->55733K(746368K), 0.0021210 secs] [Times: user=0.01 sys=0.01, real=0.01 secs] 
2014-07-28T19:44:41.659+0000: 644.037: [GC [PSYoungGen: 59392K->288K(58880K)] 114805K->55765K(745856K), 0.0040410 secs] [Times: user=0.02 sys=0.01, real=0.00 secs] 
2014-07-28T19:44:42.071+0000: 644.449: [GC [PSYoungGen: 58848K->416K(58496K)] 114325K->55949K(745472K), 0.0023280 secs] [Times: user=0.02 sys=0.00, real=0.00 secs] 
2014-07-28T19:44:42.480+0000: 644.858: [GC [PSYoungGen: 58464K->320K(57856K)] 113997K->55917K(744832K), 0.0086980 secs] [Times: user=0.05 sys=0.00, real=0.01 secs] 
2014-07-28T19:44:42.883+0000: 645.261: [GC [PSYoungGen: 57856K->192K(57216K)] 113453K->55813K(744192K), 0.0027490 secs] [Times: user=0.01 sys=0.00, real=0.00 secs] 
2014-07-28T19:44:43.286+0000: 645.664: [GC [PSYoungGen: 57216K->256K(56768K)] 112837K->55925K(743744K), 0.0031790 secs] [Times: user=0.01 sys=0.00, real=0.01 secs] 
2014-07-28T19:44:43.685+0000: 646.063: [GC [PSYoungGen: 56763K->352K(56448K)] 112433K->56061K(743424K), 0.0026910 secs] [Times: user=0.01 sys=0.00, real=0.01 secs] 
2014-07-28T19:44:44.083+0000: 646.461: [GC [PSYoungGen: 56416K->416K(56064K)] 112125K->56157K(743040K), 0.0026940 secs] [Times: user=0.02 sys=0.00, real=0.00 secs] 
2014-07-28T19:44:44.467+0000: 646.845: [GC [PSYoungGen: 56032K->416K(55616K)] 111773K->56245K(742592K), 0.0027030 secs] [Times: user=0.01 sys=0.00, real=0.01 secs] 
2014-07-28T19:44:44.856+0000: 647.234: [GC [PSYoungGen: 55584K->256K(54976K)] 111413K->56109K(741952K), 0.0025890 secs] [Times: user=0.02 sys=0.00, real=0.01 secs] 
2014-07-28T19:44:45.242+0000: 647.619: [GC [PSYoungGen: 54974K->384K(54656K)] 110828K->56269K(741632K), 0.0037560 secs] [Times: user=0.02 sys=0.00, real=0.00 secs] 
2014-07-28T19:44:45.624+0000: 648.002: [GC [PSYoungGen: 54656K->448K(54272K)] 110541K->56437K(741248K), 0.0022320 secs] [Times: user=0.02 sys=0.00, real=0.00 secs] 
2014-07-28T19:44:46.001+0000: 648.379: [GC [PSYoungGen: 54242K->256K(53632K)] 110232K->56277K(740608K), 0.0047250 secs] [Times: user=0.03 sys=0.00, real=0.00 secs] 
2014-07-28T19:44:46.376+0000: 648.754: [GC [PSYoungGen: 53632K->256K(64320K)] 109653K->56325K(751296K), 0.0101860 secs] [Times: user=0.05 sys=0.00, real=0.01 secs] 
2014-07-28T19:44:46.829+0000: 649.207: [GC [PSYoungGen: 64320K->448K(77376K)] 120389K->56565K(764352K), 0.0062570 secs] [Times: user=0.03 sys=0.00, real=0.00 secs] 
2014-07-28T19:44:47.370+0000: 649.748: [GC [PSYoungGen: 77376K->352K(92736K)] 133493K->56477K(779712K), 0.0033090 secs] [Times: user=0.02 sys=0.00, real=0.00 secs] 
2014-07-28T19:44:48.022+0000: 650.400: [GC [PSYoungGen: 92704K->384K(91520K)] 148829K->56597K(778496K), 0.0040570 secs] [Times: user=0.03 sys=0.00, real=0.00 secs] 
2014-07-28T19:44:48.665+0000: 651.043: [GC [PSYoungGen: 91520K->288K(90304K)] 147733K->56557K(777280K), 0.0028260 secs] [Times: user=0.02 sys=0.00, real=0.01 secs] 
2014-07-28T19:44:49.297+0000: 651.675: [GC [PSYoungGen: 90272K->256K(89088K)] 146541K->56557K(776064K), 0.0050080 secs] [Times: user=0.03 sys=0.00, real=0.01 secs] 
2014-07-28T19:44:49.922+0000: 652.300: [GC [PSYoungGen: 89088K->448K(88192K)] 145389K->56829K(775168K), 0.0042890 secs] [Times: user=0.03 sys=0.01, real=0.00 secs] 
2014-07-28T19:44:50.537+0000: 652.915: [GC [PSYoungGen: 88150K->288K(86976K)] 144532K->56741K(773952K), 0.0024390 secs] [Times: user=0.01 sys=0.00, real=0.01 secs] 
2014-07-28T19:44:51.150+0000: 653.528: [GC [PSYoungGen: 86944K->320K(85888K)] 143397K->56813K(772864K), 0.0033400 secs] [Times: user=0.02 sys=0.00, real=0.00 secs] 
2014-07-28T19:44:51.753+0000: 654.131: [GC [PSYoungGen: 85888K->224K(84800K)] 142381K->56773K(771776K), 0.0037650 secs] [Times: user=0.02 sys=0.00, real=0.00 secs] 
2014-07-28T19:44:52.347+0000: 654.725: [GC [PSYoungGen: 84768K->192K(83712K)] 141317K->56741K(770688K), 0.0024570 secs] [Times: user=0.01 sys=0.00, real=0.01 secs] 
2014-07-28T19:44:52.936+0000: 655.314: [GC [PSYoungGen: 83712K->352K(82944K)] 140261K->56965K(769920K), 0.0036070 secs] [Times: user=0.01 sys=0.00, real=0.01 secs] 
2014-07-28T19:44:53.518+0000: 655.896: [GC [PSYoungGen: 82912K->288K(81920K)] 139525K->56941K(768896K), 0.0031870 secs] [Times: user=0.01 sys=0.00, real=0.00 secs] 
2014-07-28T19:44:54.094+0000: 656.472: [GC [PSYoungGen: 81874K->338K(81024K)] 138528K->57023K(768000K), 0.0058470 secs] [Times: user=0.03 sys=0.00, real=0.01 secs] 
2014-07-28T19:44:54.660+0000: 657.038: [GC [PSYoungGen: 80978K->256K(79936K)] 137663K->56973K(766912K), 0.0048530 secs] [Times: user=0.02 sys=0.00, real=0.00 secs] 
2014-07-28T19:44:55.216+0000: 657.594: [GC [PSYoungGen: 79936K->352K(79168K)] 136653K->57093K(766144K), 0.0025770 secs] [Times: user=0.01 sys=0.00, real=0.00 secs] 
2014-07-28T19:44:55.775+0000: 658.153: [GC [PSYoungGen: 79136K->352K(78272K)] 135877K->57181K(765248K), 0.0023740 secs] [Times: user=0.01 sys=0.00, real=0.00 secs] 
2014-07-28T19:44:56.320+0000: 658.698: [GC [PSYoungGen: 78222K->352K(77376K)] 135052K->57181K(764352K), 0.0030770 secs] [Times: user=0.01 sys=0.00, real=0.00 secs] 
2014-07-28T19:44:56.857+0000: 659.235: [GC [PSYoungGen: 77295K->192K(76352K)] 134125K->57061K(763328K), 0.0044290 secs] [Times: user=0.02 sys=0.00, real=0.01 secs] 
2014-07-28T19:44:57.394+0000: 659.772: [GC [PSYoungGen: 76352K->256K(75584K)] 133221K->57149K(762560K), 0.0048180 secs] [Times: user=0.02 sys=0.00, real=0.00 secs] 
2014-07-28T19:44:57.925+0000: 660.303: [GC [PSYoungGen: 75584K->288K(74816K)] 132477K->57229K(761792K), 0.0048810 secs] [Times: user=0.03 sys=0.00, real=0.01 secs] 
2014-07-28T19:44:58.449+0000: 660.827: [GC [PSYoungGen: 74766K->370K(74048K)] 131708K->57383K(761024K), 0.0033970 secs] [Times: user=0.02 sys=0.00, real=0.01 secs] 
2014-07-28T19:44:58.965+0000: 661.343: [GC [PSYoungGen: 74034K->320K(73216K)] 131047K->57365K(760192K), 0.0032150 secs] [Times: user=0.01 sys=0.00, real=0.00 secs] 
2014-07-28T19:44:59.476+0000: 661.854: [GC [PSYoungGen: 73216K->256K(72384K)] 130261K->57357K(759360K), 0.0022550 secs] [Times: user=0.01 sys=0.00, real=0.00 secs] 
2014-07-28T19:44:59.981+0000: 662.359: [GC [PSYoungGen: 72384K->224K(71616K)] 129485K->57341K(758592K), 0.0045480 secs] [Times: user=0.02 sys=0.00, real=0.00 secs] 
2014-07-28T19:45:00.486+0000: 662.864: [GC [PSYoungGen: 71584K->370K(70976K)] 128701K->57543K(757952K), 0.0050620 secs] [Times: user=0.02 sys=0.00, real=0.01 secs] 
2014-07-28T19:45:00.979+0000: 663.357: [GC [PSYoungGen: 70962K->448K(70336K)] 128135K->57645K(757312K), 0.0046970 secs] [Times: user=0.02 sys=0.00, real=0.01 secs] 
2014-07-28T19:45:01.468+0000: 663.846: [GC [PSYoungGen: 70336K->384K(69568K)] 127533K->57637K(756544K), 0.0040150 secs] [Times: user=0.02 sys=0.00, real=0.01 secs] 
2014-07-28T19:45:01.955+0000: 664.333: [GC [PSYoungGen: 69568K->256K(68736K)] 126821K->57605K(755712K), 0.0020830 secs] [Times: user=0.01 sys=0.00, real=0.00 secs] 
2014-07-28T19:45:02.438+0000: 664.816: [GC [PSYoungGen: 68736K->320K(68096K)] 126085K->57741K(755072K), 0.0034800 secs] [Times: user=0.01 sys=0.00, real=0.01 secs] 
2014-07-28T19:45:02.912+0000: 665.290: [GC [PSYoungGen: 68096K->288K(67392K)] 125517K->57733K(754368K), 0.0033880 secs] [Times: user=0.01 sys=0.01, real=0.00 secs] 
2014-07-28T19:45:03.380+0000: 665.758: [GC [PSYoungGen: 67360K->384K(66816K)] 124805K->57917K(753792K), 0.0034600 secs] [Times: user=0.02 sys=0.00, real=0.00 secs] 
2014-07-28T19:45:03.848+0000: 666.226: [GC [PSYoungGen: 66816K->224K(66048K)] 124349K->57773K(753024K), 0.0019910 secs] [Times: user=0.01 sys=0.00, real=0.00 secs] 
2014-07-28T19:45:04.313+0000: 666.691: [GC [PSYoungGen: 66016K->416K(65600K)] 123565K->58005K(752576K), 0.0068150 secs] [Times: user=0.05 sys=0.00, real=0.01 secs] 
2014-07-28T19:45:04.773+0000: 667.151: [GC [PSYoungGen: 65568K->192K(64704K)] 123157K->57813K(751680K), 0.0040810 secs] [Times: user=0.02 sys=0.00, real=0.00 secs] 
2014-07-28T19:45:05.224+0000: 667.602: [GC [PSYoungGen: 64704K->320K(64192K)] 122325K->57965K(751168K), 0.0026690 secs] [Times: user=0.01 sys=0.00, real=0.00 secs] 
2014-07-28T19:45:05.670+0000: 668.048: [GC [PSYoungGen: 64160K->416K(63744K)] 121806K->58133K(750720K), 0.0046180 secs] [Times: user=0.03 sys=0.00, real=0.00 secs] 
2014-07-28T19:45:06.116+0000: 668.494: [GC [PSYoungGen: 63712K->338K(63104K)] 121429K->58071K(750080K), 0.0051180 secs] [Times: user=0.02 sys=0.00, real=0.01 secs] 
2014-07-28T19:45:06.562+0000: 668.940: [GC [PSYoungGen: 63058K->256K(62400K)] 120791K->58173K(749376K), 0.0020180 secs] [Times: user=0.01 sys=0.00, real=0.00 secs] 
2014-07-28T19:45:06.991+0000: 669.369: [GC [PSYoungGen: 62400K->352K(61952K)] 120317K->58301K(748928K), 0.0070170 secs] [Times: user=0.04 sys=0.00, real=0.01 secs] 
2014-07-28T19:45:07.427+0000: 669.805: [GC [PSYoungGen: 61920K->384K(61376K)] 119869K->58421K(748352K), 0.0032220 secs] [Times: user=0.01 sys=0.01, real=0.00 secs] 
2014-07-28T19:45:07.855+0000: 670.233: [GC [PSYoungGen: 61376K->352K(60800K)] 119413K->58413K(747776K), 0.0032390 secs] [Times: user=0.02 sys=0.01, real=0.00 secs] 
2014-07-28T19:45:08.283+0000: 670.660: [GC [PSYoungGen: 60768K->256K(60160K)] 118829K->58349K(747136K), 0.0024000 secs] [Times: user=0.01 sys=0.00, real=0.00 secs] 
2014-07-28T19:45:08.706+0000: 671.084: [GC [PSYoungGen: 60160K->352K(59776K)] 118253K->58517K(746752K), 0.0030180 secs] [Times: user=0.02 sys=0.00, real=0.00 secs] 
2014-07-28T19:45:09.126+0000: 671.504: [GC [PSYoungGen: 59744K->160K(59072K)] 117909K->58357K(746048K), 0.0024790 secs] [Times: user=0.01 sys=0.00, real=0.00 secs] 
2014-07-28T19:45:09.541+0000: 671.919: [GC [PSYoungGen: 59002K->320K(58688K)] 117200K->58589K(745664K), 0.0044290 secs] [Times: user=0.03 sys=0.00, real=0.00 secs] 
2014-07-28T19:45:09.949+0000: 672.327: [GC [PSYoungGen: 58678K->192K(58048K)] 116948K->58493K(745024K), 0.0046470 secs] [Times: user=0.01 sys=0.00, real=0.01 secs] 
2014-07-28T19:45:10.356+0000: 672.734: [GC [PSYoungGen: 58048K->160K(57536K)] 116349K->58477K(744512K), 0.0032410 secs] [Times: user=0.01 sys=0.00, real=0.00 secs] 
2014-07-28T19:45:10.758+0000: 673.136: [GC [PSYoungGen: 57504K->416K(57280K)] 115821K->58773K(744256K), 0.0024120 secs] [Times: user=0.02 sys=0.00, real=0.01 secs] 
2014-07-28T19:45:11.156+0000: 673.534: [GC [PSYoungGen: 57247K->288K(56640K)] 115605K->58669K(743616K), 0.0031660 secs] [Times: user=0.02 sys=0.00, real=0.00 secs] 
2014-07-28T19:45:11.553+0000: 673.931: [GC [PSYoungGen: 56608K->448K(56320K)] 114989K->58933K(743296K), 0.0022480 secs] [Times: user=0.01 sys=0.00, real=0.00 secs] 
2014-07-28T19:45:11.945+0000: 674.323: [GC [PSYoungGen: 56319K->384K(55808K)] 114805K->58893K(742784K), 0.0039190 secs] [Times: user=0.02 sys=0.00, real=0.00 secs] 
2014-07-28T19:45:12.336+0000: 674.714: [GC [PSYoungGen: 55806K->224K(55232K)] 114316K->58773K(742208K), 0.0045080 secs] [Times: user=0.02 sys=0.00, real=0.00 secs] 
2014-07-28T19:45:12.722+0000: 675.100: [GC [PSYoungGen: 55200K->320K(54848K)] 113749K->58909K(741824K), 0.0024400 secs] [Times: user=0.01 sys=0.01, real=0.00 secs] 
2014-07-28T19:45:13.107+0000: 675.485: [GC [PSYoungGen: 54848K->384K(54464K)] 113437K->59021K(741440K), 0.0034880 secs] [Times: user=0.02 sys=0.00, real=0.00 secs] 
2014-07-28T19:45:13.488+0000: 675.866: [GC [PSYoungGen: 54464K->288K(53952K)] 113101K->58989K(740928K), 0.0021840 secs] [Times: user=0.01 sys=0.00, real=0.00 secs] 
2014-07-28T19:45:13.863+0000: 676.240: [GC [PSYoungGen: 53920K->448K(53632K)] 112621K->59173K(740608K), 0.0033200 secs] [Times: user=0.02 sys=0.00, real=0.00 secs] 
2014-07-28T19:45:14.236+0000: 676.614: [GC [PSYoungGen: 53632K->224K(52992K)] 112357K->58973K(739968K), 0.0050590 secs] [Times: user=0.03 sys=0.00, real=0.00 secs] 
2014-07-28T19:45:14.608+0000: 676.986: [GC [PSYoungGen: 52960K->288K(52672K)] 111709K->59077K(739648K), 0.0045170 secs] [Times: user=0.01 sys=0.00, real=0.01 secs] 
2014-07-28T19:45:14.977+0000: 677.354: [GC [PSYoungGen: 52640K->384K(52352K)] 111429K->59205K(739328K), 0.0027680 secs] [Times: user=0.01 sys=0.00, real=0.00 secs] 
2014-07-28T19:45:15.339+0000: 677.717: [GC [PSYoungGen: 52352K->224K(51840K)] 111173K->59085K(738816K), 0.0029960 secs] [Times: user=0.01 sys=0.00, real=0.01 secs] 
2014-07-28T19:45:15.703+0000: 678.081: [GC [PSYoungGen: 51808K->160K(62144K)] 110669K->59045K(749120K), 0.0052090 secs] [Times: user=0.02 sys=0.00, real=0.00 secs] 
2014-07-28T19:45:16.135+0000: 678.513: [GC [PSYoungGen: 62076K->288K(61696K)] 120961K->59221K(748672K), 0.0035010 secs] [Times: user=0.02 sys=0.00, real=0.00 secs] 
2014-07-28T19:45:16.565+0000: 678.943: [GC [PSYoungGen: 61664K->320K(61120K)] 120597K->59333K(748096K), 0.0024060 secs] [Times: user=0.01 sys=0.00, real=0.00 secs] 
2014-07-28T19:45:16.994+0000: 679.372: [GC [PSYoungGen: 61120K->224K(60480K)] 120133K->59277K(747456K), 0.0053810 secs] [Times: user=0.02 sys=0.00, real=0.00 secs] 
2014-07-28T19:45:17.419+0000: 679.797: [GC [PSYoungGen: 60448K->384K(60096K)] 119501K->59525K(747072K), 0.0034910 secs] [Times: user=0.01 sys=0.00, real=0.01 secs] 
2014-07-28T19:45:17.838+0000: 680.216: [GC [PSYoungGen: 60096K->224K(71936K)] 119237K->59373K(758912K), 0.0057590 secs] [Times: user=0.03 sys=0.00, real=0.01 secs] 
2014-07-28T19:45:18.344+0000: 680.722: [GC [PSYoungGen: 71904K->384K(71296K)] 131053K->59573K(758272K), 0.0037580 secs] [Times: user=0.02 sys=0.00, real=0.00 secs] 
2014-07-28T19:45:18.840+0000: 681.217: [GC [PSYoungGen: 71296K->288K(70528K)] 130485K->59541K(757504K), 0.0037070 secs] [Times: user=0.02 sys=0.00, real=0.01 secs] 
2014-07-28T19:45:19.333+0000: 681.711: [GC [PSYoungGen: 70496K->352K(69888K)] 129749K->59653K(756864K), 0.0029030 secs] [Times: user=0.01 sys=0.00, real=0.00 secs] 
2014-07-28T19:45:19.820+0000: 682.198: [GC [PSYoungGen: 69826K->370K(69184K)] 129128K->59783K(756160K), 0.0027230 secs] [Times: user=0.02 sys=0.00, real=0.01 secs] 
2014-07-28T19:45:20.301+0000: 682.679: [GC [PSYoungGen: 69170K->480K(68608K)] 128583K->59901K(755584K), 0.0027170 secs] [Times: user=0.02 sys=0.00, real=0.01 secs] 
2014-07-28T19:45:20.781+0000: 683.159: [GC [PSYoungGen: 68529K->320K(67712K)] 127951K->59829K(754688K), 0.0025370 secs] [Times: user=0.02 sys=0.00, real=0.01 secs] 
2014-07-28T19:45:21.253+0000: 683.631: [GC [PSYoungGen: 67712K->288K(67072K)] 127221K->59829K(754048K), 0.0025230 secs] [Times: user=0.01 sys=0.00, real=0.00 secs] 
2014-07-28T19:45:21.723+0000: 684.101: [GC [PSYoungGen: 67032K->256K(66368K)] 126574K->59845K(753344K), 0.0038300 secs] [Times: user=0.02 sys=0.00, real=0.01 secs] 
2014-07-28T19:45:22.187+0000: 684.565: [GC [PSYoungGen: 66368K->384K(65856K)] 125957K->59981K(752832K), 0.0031820 secs] [Times: user=0.02 sys=0.00, real=0.00 secs] 
2014-07-28T19:45:22.648+0000: 685.026: [GC [PSYoungGen: 65856K->224K(65088K)] 125453K->59869K(752064K), 0.0037740 secs] [Times: user=0.02 sys=0.00, real=0.00 secs] 
2014-07-28T19:45:23.105+0000: 685.483: [GC [PSYoungGen: 65056K->256K(64448K)] 124701K->59933K(751424K), 0.0066100 secs] [Times: user=0.04 sys=0.01, real=0.00 secs] 
2014-07-28T19:45:23.555+0000: 685.932: [GC [PSYoungGen: 64448K->448K(64000K)] 124125K->60229K(750976K), 0.0036880 secs] [Times: user=0.02 sys=0.00, real=0.00 secs] 
2014-07-28T19:45:24.002+0000: 686.380: [GC [PSYoungGen: 64000K->352K(63360K)] 123781K->60157K(750336K), 0.0024040 secs] [Times: user=0.01 sys=0.00, real=0.01 secs] 
2014-07-28T19:45:24.444+0000: 686.822: [GC [PSYoungGen: 63328K->288K(62720K)] 123133K->60149K(749696K), 0.0053920 secs] [Times: user=0.03 sys=0.00, real=0.00 secs] 
2014-07-28T19:45:24.881+0000: 687.259: [GC [PSYoungGen: 62688K->448K(62272K)] 122549K->60333K(749248K), 0.0021790 secs] [Times: user=0.02 sys=0.00, real=0.01 secs] 
2014-07-28T19:45:25.316+0000: 687.694: [GC [PSYoungGen: 62272K->320K(61568K)] 122157K->60277K(748544K), 0.0035340 secs] [Times: user=0.03 sys=0.01, real=0.00 secs] 
2014-07-28T19:45:25.744+0000: 688.121: [GC [PSYoungGen: 61568K->320K(60992K)] 121525K->60341K(747968K), 0.0026540 secs] [Times: user=0.02 sys=0.00, real=0.00 secs] 
2014-07-28T19:45:26.170+0000: 688.548: [GC [PSYoungGen: 60992K->384K(60480K)] 121013K->60461K(747456K), 0.0029090 secs] [Times: user=0.01 sys=0.00, real=0.01 secs] 
2014-07-28T19:45:26.591+0000: 688.969: [GC [PSYoungGen: 60480K->224K(59840K)] 120557K->60341K(746816K), 0.0031410 secs] [Times: user=0.02 sys=0.01, real=0.01 secs] 
2014-07-28T19:45:27.007+0000: 689.385: [GC [PSYoungGen: 59802K->352K(59456K)] 119920K->60501K(746432K), 0.0023150 secs] [Times: user=0.01 sys=0.00, real=0.00 secs] 
2014-07-28T19:45:27.423+0000: 689.800: [GC [PSYoungGen: 59424K->384K(58944K)] 119573K->60605K(745920K), 0.0031030 secs] [Times: user=0.01 sys=0.00, real=0.01 secs] 
2014-07-28T19:45:27.832+0000: 690.210: [GC [PSYoungGen: 58944K->352K(58432K)] 119165K->60605K(745408K), 0.0040640 secs] [Times: user=0.02 sys=0.00, real=0.01 secs] 
2014-07-28T19:45:28.238+0000: 690.616: [GC [PSYoungGen: 58400K->352K(57920K)] 118653K->60613K(744896K), 0.0029900 secs] [Times: user=0.02 sys=0.01, real=0.00 secs] 
2014-07-28T19:45:28.640+0000: 691.018: [GC [PSYoungGen: 57888K->256K(57280K)] 118149K->60581K(744256K), 0.0034600 secs] [Times: user=0.02 sys=0.00, real=0.00 secs] 
2014-07-28T19:45:29.041+0000: 691.419: [GC [PSYoungGen: 57280K->224K(56768K)] 117605K->60573K(743744K), 0.0036620 secs] [Times: user=0.01 sys=0.00, real=0.01 secs] 
2014-07-28T19:45:29.440+0000: 691.818: [GC [PSYoungGen: 56736K->288K(56384K)] 117085K->60685K(743360K), 0.0061020 secs] [Times: user=0.04 sys=0.00, real=0.01 secs] 
2014-07-28T19:45:29.834+0000: 692.212: [GC [PSYoungGen: 56352K->256K(55872K)] 116749K->60677K(742848K), 0.0039040 secs] [Times: user=0.02 sys=0.00, real=0.01 secs] 
2014-07-28T19:45:30.223+0000: 692.601: [GC [PSYoungGen: 55829K->448K(55616K)] 116251K->60877K(742592K), 0.0025260 secs] [Times: user=0.01 sys=0.00, real=0.01 secs] 
2014-07-28T19:45:30.612+0000: 692.990: [GC [PSYoungGen: 55616K->512K(55232K)] 116045K->61061K(742208K), 0.0026580 secs] [Times: user=0.01 sys=0.00, real=0.01 secs] 
2014-07-28T19:45:31.000+0000: 693.378: [GC [PSYoungGen: 55232K->128K(54400K)] 115781K->60847K(741376K), 0.0040060 secs] [Times: user=0.02 sys=0.00, real=0.01 secs] 
2014-07-28T19:45:31.380+0000: 693.758: [GC [PSYoungGen: 54400K->274K(65472K)] 115119K->61017K(752448K), 0.0053970 secs] [Times: user=0.03 sys=0.00, real=0.01 secs] 
2014-07-28T19:45:31.838+0000: 694.216: [GC [PSYoungGen: 65379K->548K(65088K)] 126123K->61389K(752064K), 0.0019550 secs] [Times: user=0.01 sys=0.00, real=0.00 secs] 
2014-07-28T19:45:32.289+0000: 694.667: [GC [PSYoungGen: 65060K->288K(64192K)] 125901K->61169K(751168K), 0.0025220 secs] [Times: user=0.01 sys=0.00, real=0.00 secs] 
2014-07-28T19:45:32.736+0000: 695.114: [GC [PSYoungGen: 64160K->256K(63552K)] 125041K->61193K(750528K), 0.0075050 secs] [Times: user=0.03 sys=0.01, real=0.01 secs] 
2014-07-28T19:45:33.179+0000: 695.557: [GC [PSYoungGen: 63552K->256K(62976K)] 124489K->61217K(749952K), 0.0038050 secs] [Times: user=0.02 sys=0.00, real=0.00 secs] 
2014-07-28T19:45:33.623+0000: 696.001: [GC [PSYoungGen: 62976K->224K(62400K)] 123937K->61241K(749376K), 0.0033670 secs] [Times: user=0.02 sys=0.00, real=0.01 secs] 
2014-07-28T19:45:34.061+0000: 696.439: [GC [PSYoungGen: 62322K->288K(61888K)] 123340K->61337K(748864K), 0.0034900 secs] [Times: user=0.02 sys=0.00, real=0.00 secs] 
2014-07-28T19:45:34.495+0000: 696.873: [GC [PSYoungGen: 61856K->480K(61504K)] 122905K->61625K(748480K), 0.0035440 secs] [Times: user=0.02 sys=0.00, real=0.00 secs] 
2014-07-28T19:45:34.925+0000: 697.302: [GC [PSYoungGen: 61472K->288K(60736K)] 122617K->61441K(747712K), 0.0046090 secs] [Times: user=0.03 sys=0.00, real=0.01 secs] 
2014-07-28T19:45:35.351+0000: 697.729: [GC [PSYoungGen: 60677K->480K(60416K)] 121830K->61705K(747392K), 0.0022560 secs] [Times: user=0.01 sys=0.00, real=0.00 secs] 
2014-07-28T19:45:35.771+0000: 698.149: [GC [PSYoungGen: 60384K->320K(59712K)] 121609K->61577K(746688K), 0.0030380 secs] [Times: user=0.02 sys=0.00, real=0.00 secs] 
2014-07-28T19:45:36.184+0000: 698.562: [GC [PSYoungGen: 59712K->384K(59264K)] 120969K->61649K(746240K), 0.0026730 secs] [Times: user=0.02 sys=0.01, real=0.01 secs] 
2014-07-28T19:45:36.598+0000: 698.976: [GC [PSYoungGen: 59215K->384K(58752K)] 120481K->61737K(745728K), 0.0024900 secs] [Times: user=0.02 sys=0.00, real=0.00 secs] 
2014-07-28T19:45:37.008+0000: 699.386: [GC [PSYoungGen: 58752K->288K(58176K)] 120105K->61673K(745152K), 0.0029710 secs] [Times: user=0.02 sys=0.00, real=0.00 secs] 
2014-07-28T19:45:37.415+0000: 699.792: [GC [PSYoungGen: 58139K->352K(57728K)] 119524K->61825K(744704K), 0.0024620 secs] [Times: user=0.01 sys=0.01, real=0.01 secs] 
2014-07-28T19:45:37.830+0000: 700.208: [GC [PSYoungGen: 57696K->352K(57216K)] 119169K->61841K(744192K), 0.0052330 secs] [Times: user=0.02 sys=0.01, real=0.01 secs] 
2014-07-28T19:45:38.220+0000: 700.598: [GC [PSYoungGen: 57184K->288K(56640K)] 118673K->61793K(743616K), 0.0034200 secs] [Times: user=0.02 sys=0.00, real=0.00 secs] 
2014-07-28T19:45:38.614+0000: 700.992: [GC [PSYoungGen: 56608K->352K(56256K)] 118113K->61937K(743232K), 0.0031420 secs] [Times: user=0.01 sys=0.00, real=0.01 secs] 
2014-07-28T19:45:39.008+0000: 701.386: [GC [PSYoungGen: 56224K->416K(55872K)] 117809K->62017K(742848K), 0.0058630 secs] [Times: user=0.04 sys=0.00, real=0.00 secs] 
2014-07-28T19:45:39.399+0000: 701.777: [GC [PSYoungGen: 55840K->256K(55232K)] 117441K->61985K(742208K), 0.0029540 secs] [Times: user=0.02 sys=0.00, real=0.00 secs] 
2014-07-28T19:45:39.785+0000: 702.163: [GC [PSYoungGen: 55232K->352K(54912K)] 116961K->62105K(741888K), 0.0030350 secs] [Times: user=0.01 sys=0.00, real=0.01 secs] 
2014-07-28T19:45:40.171+0000: 702.548: [GC [PSYoungGen: 54880K->384K(54464K)] 116633K->62185K(741440K), 0.0025950 secs] [Times: user=0.02 sys=0.00, real=0.00 secs] 
2014-07-28T19:45:40.552+0000: 702.930: [GC [PSYoungGen: 54464K->384K(54016K)] 116265K->62265K(740992K), 0.0033600 secs] [Times: user=0.02 sys=0.00, real=0.00 secs] 
2014-07-28T19:45:40.928+0000: 703.306: [GC [PSYoungGen: 54016K->306K(53504K)] 115897K->62243K(740480K), 0.0034040 secs] [Times: user=0.02 sys=0.01, real=0.00 secs] 
2014-07-28T19:45:41.302+0000: 703.680: [GC [PSYoungGen: 53490K->320K(53056K)] 115427K->62337K(740032K), 0.0026960 secs] [Times: user=0.01 sys=0.00, real=0.00 secs] 
2014-07-28T19:45:41.671+0000: 704.049: [GC [PSYoungGen: 53056K->338K(52736K)] 115073K->62379K(739712K), 0.0019060 secs] [Times: user=0.01 sys=0.00, real=0.00 secs] 
2014-07-28T19:45:42.039+0000: 704.416: [GC [PSYoungGen: 52646K->352K(52352K)] 114688K->62433K(739328K), 0.0066040 secs] [Times: user=0.04 sys=0.00, real=0.00 secs] 
2014-07-28T19:45:42.402+0000: 704.780: [GC [PSYoungGen: 52320K->256K(51840K)] 114401K->62385K(738816K), 0.0022770 secs] [Times: user=0.01 sys=0.00, real=0.00 secs] 
2014-07-28T19:45:42.761+0000: 705.139: [GC [PSYoungGen: 51806K->448K(51648K)] 113936K->62617K(738624K), 0.0025410 secs] [Times: user=0.01 sys=0.00, real=0.00 secs] 
2014-07-28T19:45:43.120+0000: 705.498: [GC [PSYoungGen: 51648K->288K(51136K)] 113817K->62481K(738112K), 0.0022400 secs] [Times: user=0.01 sys=0.01, real=0.00 secs] 
2014-07-28T19:45:43.478+0000: 705.856: [GC [PSYoungGen: 51104K->352K(50816K)] 113297K->62633K(737792K), 0.0036660 secs] [Times: user=0.02 sys=0.00, real=0.00 secs] 
2014-07-28T19:45:43.833+0000: 706.211: [GC [PSYoungGen: 50784K->384K(50432K)] 113065K->62689K(737408K), 0.0023780 secs] [Times: user=0.01 sys=0.01, real=0.00 secs] 
2014-07-28T19:45:44.183+0000: 706.561: [GC [PSYoungGen: 50432K->352K(50048K)] 112737K->62697K(737024K), 0.0040640 secs] [Times: user=0.02 sys=0.00, real=0.01 secs] 
2014-07-28T19:45:44.530+0000: 706.908: [GC [PSYoungGen: 50016K->192K(59840K)] 112361K->62577K(746816K), 0.0059520 secs] [Times: user=0.04 sys=0.00, real=0.00 secs] 
2014-07-28T19:45:44.949+0000: 707.327: [GC [PSYoungGen: 59840K->338K(59520K)] 122225K->62747K(746496K), 0.0032180 secs] [Times: user=0.02 sys=0.00, real=0.00 secs] 
2014-07-28T19:45:45.362+0000: 707.740: [GC [PSYoungGen: 59474K->288K(69696K)] 121883K->62737K(756672K), 0.0097120 secs] [Times: user=0.06 sys=0.00, real=0.01 secs] 
2014-07-28T19:45:45.850+0000: 708.228: [GC [PSYoungGen: 69472K->384K(69696K)] 131921K->62865K(756672K), 0.0023770 secs] [Times: user=0.01 sys=0.00, real=0.00 secs] 
2014-07-28T19:45:46.336+0000: 708.714: [GC [PSYoungGen: 69568K->384K(68864K)] 132049K->62897K(755840K), 0.0028850 secs] [Times: user=0.01 sys=0.00, real=0.01 secs] 
2014-07-28T19:45:46.819+0000: 709.196: [GC [PSYoungGen: 68864K->320K(68096K)] 131377K->62889K(755072K), 0.0048140 secs] [Times: user=0.01 sys=0.00, real=0.00 secs] 
2014-07-28T19:45:47.297+0000: 709.675: [GC [PSYoungGen: 68072K->384K(67456K)] 130642K->62969K(754432K), 0.0033830 secs] [Times: user=0.02 sys=0.00, real=0.01 secs] 
2014-07-28T19:45:47.770+0000: 710.148: [GC [PSYoungGen: 67456K->224K(66688K)] 130041K->62865K(753664K), 0.0024270 secs] [Times: user=0.01 sys=0.00, real=0.00 secs] 
2014-07-28T19:45:48.234+0000: 710.612: [GC [PSYoungGen: 66656K->352K(66176K)] 129297K->63017K(753152K), 0.0026350 secs] [Times: user=0.01 sys=0.00, real=0.00 secs] 
2014-07-28T19:45:48.696+0000: 711.074: [GC [PSYoungGen: 66144K->416K(65600K)] 128809K->63169K(752576K), 0.0028370 secs] [Times: user=0.02 sys=0.00, real=0.01 secs] 
2014-07-28T19:45:49.154+0000: 711.532: [GC [PSYoungGen: 65568K->256K(64768K)] 128321K->63137K(751744K), 0.0042890 secs] [Times: user=0.02 sys=0.00, real=0.01 secs] 
2014-07-28T19:45:49.608+0000: 711.986: [GC [PSYoungGen: 64768K->384K(64256K)] 127649K->63329K(751232K), 0.0019520 secs] [Times: user=0.01 sys=0.01, real=0.00 secs] 
2014-07-28T19:45:50.059+0000: 712.437: [GC [PSYoungGen: 64252K->192K(63488K)] 127198K->63169K(750464K), 0.0076570 secs] [Times: user=0.04 sys=0.01, real=0.00 secs] 
2014-07-28T19:45:50.505+0000: 712.883: [GC [PSYoungGen: 63488K->352K(63104K)] 126465K->63393K(750080K), 0.0037190 secs] [Times: user=0.02 sys=0.01, real=0.01 secs] 
2014-07-28T19:45:50.948+0000: 713.326: [GC [PSYoungGen: 63072K->448K(62592K)] 126113K->63521K(749568K), 0.0029350 secs] [Times: user=0.02 sys=0.00, real=0.00 secs] 
2014-07-28T19:45:51.383+0000: 713.761: [GC [PSYoungGen: 62592K->352K(61952K)] 125665K->63505K(748928K), 0.0034130 secs] [Times: user=0.02 sys=0.00, real=0.00 secs] 
2014-07-28T19:45:51.815+0000: 714.193: [GC [PSYoungGen: 61920K->320K(61312K)] 125073K->63529K(748288K), 0.0032610 secs] [Times: user=0.02 sys=0.00, real=0.01 secs] 
2014-07-28T19:45:52.244+0000: 714.622: [GC [PSYoungGen: 61312K->384K(60800K)] 124521K->63633K(747776K), 0.0032060 secs] [Times: user=0.02 sys=0.00, real=0.01 secs] 
2014-07-28T19:45:52.667+0000: 715.044: [GC [PSYoungGen: 60800K->320K(60224K)] 124049K->63649K(747200K), 0.0023340 secs] [Times: user=0.02 sys=0.00, real=0.01 secs] 
2014-07-28T19:45:53.089+0000: 715.467: [GC [PSYoungGen: 60224K->256K(59648K)] 123553K->63609K(746624K), 0.0050990 secs] [Times: user=0.02 sys=0.01, real=0.00 secs] 
2014-07-28T19:45:53.504+0000: 715.882: [GC [PSYoungGen: 59648K->352K(59264K)] 123001K->63793K(746240K), 0.0025020 secs] [Times: user=0.01 sys=0.00, real=0.00 secs] 
2014-07-28T19:45:53.918+0000: 716.296: [GC [PSYoungGen: 59232K->224K(58624K)] 122673K->63697K(745600K), 0.0041150 secs] [Times: user=0.02 sys=0.01, real=0.00 secs] 
2014-07-28T19:45:54.328+0000: 716.706: [GC [PSYoungGen: 58592K->384K(58240K)] 122065K->63929K(745216K), 0.0036080 secs] [Times: user=0.01 sys=0.00, real=0.01 secs] 
2014-07-28T19:45:54.737+0000: 717.115: [GC [PSYoungGen: 58240K->320K(57664K)] 121785K->63913K(744640K), 0.0048820 secs] [Times: user=0.02 sys=0.00, real=0.01 secs] 
2014-07-28T19:45:55.143+0000: 717.521: [GC [PSYoungGen: 57664K->288K(57152K)] 121257K->63921K(744128K), 0.0024440 secs] [Times: user=0.01 sys=0.00, real=0.00 secs] 
2014-07-28T19:45:55.542+0000: 717.919: [GC [PSYoungGen: 57120K->434K(56768K)] 120753K->64155K(743744K), 0.0030120 secs] [Times: user=0.02 sys=0.00, real=0.00 secs] 
2014-07-28T19:45:55.938+0000: 718.316: [GC [PSYoungGen: 56754K->320K(56192K)] 120475K->64073K(743168K), 0.0037790 secs] [Times: user=0.02 sys=0.00, real=0.00 secs] 
2014-07-28T19:45:56.327+0000: 718.705: [GC [PSYoungGen: 56192K->320K(55744K)] 119945K->64145K(742720K), 0.0029430 secs] [Times: user=0.02 sys=0.00, real=0.01 secs] 
2014-07-28T19:45:56.716+0000: 719.094: [GC [PSYoungGen: 55744K->256K(55232K)] 119569K->64105K(742208K), 0.0022520 secs] [Times: user=0.01 sys=0.00, real=0.01 secs] 
2014-07-28T19:45:57.101+0000: 719.478: [GC [PSYoungGen: 55212K->416K(54976K)] 119062K->64305K(741952K), 0.0046830 secs] [Times: user=0.02 sys=0.00, real=0.00 secs] 
2014-07-28T19:45:57.484+0000: 719.862: [GC [PSYoungGen: 54944K->224K(54336K)] 118833K->64169K(741312K), 0.0029070 secs] [Times: user=0.01 sys=0.00, real=0.00 secs] 
2014-07-28T19:45:57.862+0000: 720.240: [GC [PSYoungGen: 54304K->352K(54016K)] 118249K->64305K(740992K), 0.0045490 secs] [Times: user=0.03 sys=0.00, real=0.00 secs] 
2014-07-28T19:45:58.238+0000: 720.616: [GC [PSYoungGen: 53984K->224K(53440K)] 117937K->64201K(740416K), 0.0049790 secs] [Times: user=0.02 sys=0.00, real=0.00 secs] 
2014-07-28T19:45:58.614+0000: 720.992: [GC [PSYoungGen: 53408K->416K(64320K)] 117385K->64465K(751296K), 0.0044010 secs] [Times: user=0.03 sys=0.00, real=0.01 secs] 
2014-07-28T19:45:59.062+0000: 721.440: [GC [PSYoungGen: 64288K->338K(77056K)] 128337K->64443K(764032K), 0.0047100 secs] [Times: user=0.03 sys=0.00, real=0.00 secs] 
2014-07-28T19:45:59.600+0000: 721.978: [GC [PSYoungGen: 77010K->416K(76288K)] 141115K->64609K(763264K), 0.0047970 secs] [Times: user=0.03 sys=0.01, real=0.00 secs] 
2014-07-28T19:46:00.133+0000: 722.511: [GC [PSYoungGen: 76213K->256K(75264K)] 140406K->64521K(762240K), 0.0043390 secs] [Times: user=0.03 sys=0.01, real=0.00 secs] 
2014-07-28T19:46:00.662+0000: 723.040: [GC [PSYoungGen: 75264K->448K(74624K)] 139529K->64809K(761600K), 0.0043940 secs] [Times: user=0.03 sys=0.01, real=0.00 secs] 
2014-07-28T19:46:01.182+0000: 723.560: [GC [PSYoungGen: 74624K->288K(73728K)] 138985K->64657K(760704K), 0.0057610 secs] [Times: user=0.04 sys=0.00, real=0.00 secs] 
2014-07-28T19:46:01.697+0000: 724.075: [GC [PSYoungGen: 73696K->384K(73024K)] 138065K->64841K(760000K), 0.0051030 secs] [Times: user=0.03 sys=0.00, real=0.01 secs] 
2014-07-28T19:46:02.207+0000: 724.585: [GC [PSYoungGen: 72998K->384K(72256K)] 137456K->64873K(759232K), 0.0037680 secs] [Times: user=0.02 sys=0.01, real=0.01 secs] 
2014-07-28T19:46:02.712+0000: 725.089: [GC [PSYoungGen: 72256K->320K(71424K)] 136745K->64881K(758400K), 0.0044460 secs] [Times: user=0.02 sys=0.00, real=0.00 secs] 
2014-07-28T19:46:03.209+0000: 725.587: [GC [PSYoungGen: 71424K->256K(70592K)] 135985K->64825K(757568K), 0.0036800 secs] [Times: user=0.03 sys=0.00, real=0.00 secs] 
2014-07-28T19:46:03.705+0000: 726.083: [GC [PSYoungGen: 70592K->274K(69952K)] 135161K->64891K(756928K), 0.0051720 secs] [Times: user=0.03 sys=0.01, real=0.01 secs] 
2014-07-28T19:46:04.193+0000: 726.571: [GC [PSYoungGen: 69906K->384K(69312K)] 134523K->65017K(756288K), 0.0045750 secs] [Times: user=0.02 sys=0.01, real=0.00 secs] 
2014-07-28T19:46:04.680+0000: 727.057: [GC [PSYoungGen: 69312K->512K(68736K)] 133945K->65241K(755712K), 0.0047450 secs] [Times: user=0.02 sys=0.00, real=0.00 secs] 
2014-07-28T19:46:05.159+0000: 727.537: [GC [PSYoungGen: 68736K->192K(67712K)] 133465K->65001K(754688K), 0.0051190 secs] [Times: user=0.03 sys=0.00, real=0.01 secs] 
2014-07-28T19:46:05.631+0000: 728.009: [GC [PSYoungGen: 67693K->288K(67200K)] 132503K->65161K(754176K), 0.0035770 secs] [Times: user=0.01 sys=0.01, real=0.00 secs] 
2014-07-28T19:46:06.101+0000: 728.479: [GC [PSYoungGen: 67168K->352K(66624K)] 132041K->65289K(753600K), 0.0035340 secs] [Times: user=0.02 sys=0.00, real=0.00 secs] 
2014-07-28T19:46:06.567+0000: 728.944: [GC [PSYoungGen: 66592K->416K(75840K)] 131529K->65417K(762816K), 0.0087070 secs] [Times: user=0.05 sys=0.00, real=0.01 secs] 
2014-07-28T19:46:07.096+0000: 729.474: [GC [PSYoungGen: 75636K->320K(80064K)] 140638K->65377K(767040K), 0.0055690 secs] [Times: user=0.03 sys=0.00, real=0.01 secs] 
2014-07-28T19:46:07.654+0000: 730.032: [GC [PSYoungGen: 79808K->288K(78912K)] 144865K->65409K(765888K), 0.0040640 secs] [Times: user=0.01 sys=0.01, real=0.00 secs] 
2014-07-28T19:46:08.205+0000: 730.583: [GC [PSYoungGen: 78865K->256K(77952K)] 143986K->65393K(764928K), 0.0045660 secs] [Times: user=0.03 sys=0.00, real=0.00 secs] 
2014-07-28T19:46:08.756+0000: 731.133: [GC [PSYoungGen: 77952K->512K(77312K)] 143089K->65777K(764288K), 0.0036960 secs] [Times: user=0.02 sys=0.01, real=0.00 secs] 
2014-07-28T19:46:09.292+0000: 731.670: [GC [PSYoungGen: 77312K->320K(76288K)] 142577K->65649K(763264K), 0.0035010 secs] [Times: user=0.02 sys=0.00, real=0.00 secs] 
2014-07-28T19:46:09.827+0000: 732.205: [GC [PSYoungGen: 76288K->224K(75392K)] 141617K->65593K(762368K), 0.0083360 secs] [Times: user=0.05 sys=0.00, real=0.01 secs] 
2014-07-28T19:46:10.355+0000: 732.733: [GC [PSYoungGen: 75324K->416K(74752K)] 140694K->65825K(761728K), 0.0039960 secs] [Times: user=0.02 sys=0.00, real=0.00 secs] 
2014-07-28T19:46:10.875+0000: 733.253: [GC [PSYoungGen: 74720K->498K(74048K)] 140129K->66019K(761024K), 0.0027530 secs] [Times: user=0.02 sys=0.00, real=0.00 secs] 
2014-07-28T19:46:11.394+0000: 733.772: [GC [PSYoungGen: 74034K->384K(73152K)] 139555K->65969K(760128K), 0.0044840 secs] [Times: user=0.03 sys=0.00, real=0.00 secs] 
2014-07-28T19:46:11.905+0000: 734.283: [GC [PSYoungGen: 73152K->320K(78400K)] 138737K->65969K(765376K), 0.0085840 secs] [Times: user=0.06 sys=0.01, real=0.01 secs] 
2014-07-28T19:46:12.455+0000: 734.833: [GC [PSYoungGen: 78080K->416K(77312K)] 143729K->66137K(764288K), 0.0039760 secs] [Times: user=0.02 sys=0.00, real=0.00 secs] 
2014-07-28T19:46:12.994+0000: 735.372: [GC [PSYoungGen: 77280K->480K(76544K)] 143001K->66233K(763520K), 0.0038300 secs] [Times: user=0.02 sys=0.00, real=0.00 secs] 
2014-07-28T19:46:13.531+0000: 735.909: [GC [PSYoungGen: 76512K->384K(75584K)] 142265K->66217K(762560K), 0.0048600 secs] [Times: user=0.03 sys=0.00, real=0.00 secs] 
2014-07-28T19:46:14.059+0000: 736.437: [GC [PSYoungGen: 75572K->512K(74880K)] 141405K->66409K(761856K), 0.0035940 secs] [Times: user=0.02 sys=0.00, real=0.01 secs] 
2014-07-28T19:46:14.582+0000: 736.960: [GC [PSYoungGen: 74880K->288K(73856K)] 140777K->66249K(760832K), 0.0049540 secs] [Times: user=0.02 sys=0.01, real=0.00 secs] 
2014-07-28T19:46:15.101+0000: 737.479: [GC [PSYoungGen: 73799K->384K(73152K)] 139761K->66393K(760128K), 0.0038320 secs] [Times: user=0.02 sys=0.01, real=0.01 secs] 
2014-07-28T19:46:15.613+0000: 737.991: [GC [PSYoungGen: 73152K->416K(72448K)] 139161K->66521K(759424K), 0.0040840 secs] [Times: user=0.02 sys=0.01, real=0.00 secs] 
2014-07-28T19:46:16.119+0000: 738.497: [GC [PSYoungGen: 72412K->416K(71680K)] 138518K->66553K(758656K), 0.0030150 secs] [Times: user=0.01 sys=0.00, real=0.01 secs] 
2014-07-28T19:46:16.617+0000: 738.995: [GC [PSYoungGen: 71648K->384K(70848K)] 137785K->66585K(757824K), 0.0083580 secs] [Times: user=0.05 sys=0.00, real=0.01 secs] 
2014-07-28T19:46:17.115+0000: 739.492: [GC [PSYoungGen: 70848K->320K(70080K)] 137049K->66553K(757056K), 0.0036110 secs] [Times: user=0.01 sys=0.00, real=0.00 secs] 
2014-07-28T19:46:17.601+0000: 739.979: [GC [PSYoungGen: 70080K->224K(69312K)] 136313K->66513K(756288K), 0.0023720 secs] [Times: user=0.01 sys=0.00, real=0.01 secs] 
2014-07-28T19:46:18.090+0000: 740.468: [GC [PSYoungGen: 69280K->352K(68736K)] 135569K->66681K(755712K), 0.0029920 secs] [Times: user=0.01 sys=0.00, real=0.01 secs] 
2014-07-28T19:46:18.578+0000: 740.956: [GC [PSYoungGen: 68704K->384K(68032K)] 135033K->66801K(755008K), 0.0033000 secs] [Times: user=0.03 sys=0.00, real=0.01 secs] 
2014-07-28T19:46:19.041+0000: 741.419: [GC [PSYoungGen: 68026K->480K(67520K)] 134444K->66937K(754496K), 0.0042100 secs] [Times: user=0.02 sys=0.01, real=0.00 secs] 
2014-07-28T19:46:19.513+0000: 741.891: [GC [PSYoungGen: 67488K->320K(66688K)] 133945K->66865K(753664K), 0.0055900 secs] [Times: user=0.03 sys=0.00, real=0.00 secs] 
2014-07-28T19:46:19.979+0000: 742.357: [GC [PSYoungGen: 66688K->288K(80000K)] 133233K->66857K(766976K), 0.0074480 secs] [Times: user=0.05 sys=0.01, real=0.01 secs] 
2014-07-28T19:46:20.538+0000: 742.916: [GC [PSYoungGen: 79948K->384K(79168K)] 146517K->67049K(766144K), 0.0039090 secs] [Times: user=0.03 sys=0.00, real=0.01 secs] 
2014-07-28T19:46:21.096+0000: 743.474: [GC [PSYoungGen: 79168K->480K(78400K)] 145833K->67169K(765376K), 0.0026450 secs] [Times: user=0.01 sys=0.00, real=0.00 secs] 
2014-07-28T19:46:21.642+0000: 744.020: [GC [PSYoungGen: 78368K->320K(77312K)] 145057K->67113K(764288K), 0.0048460 secs] [Times: user=0.03 sys=0.01, real=0.01 secs] 
2014-07-28T19:46:22.185+0000: 744.562: [GC [PSYoungGen: 77312K->480K(76672K)] 144105K->67289K(763648K), 0.0035450 secs] [Times: user=0.02 sys=0.00, real=0.00 secs] 
2014-07-28T19:46:22.719+0000: 745.097: [GC [PSYoungGen: 76640K->384K(75712K)] 143449K->67289K(762688K), 0.0069750 secs] [Times: user=0.04 sys=0.00, real=0.01 secs] 
2014-07-28T19:46:23.248+0000: 745.626: [GC [PSYoungGen: 75712K->224K(74752K)] 142617K->67137K(761728K), 0.0057290 secs] [Times: user=0.03 sys=0.00, real=0.01 secs] 
2014-07-28T19:46:23.773+0000: 746.151: [GC [PSYoungGen: 74720K->416K(74112K)] 141633K->67425K(761088K), 0.0053700 secs] [Times: user=0.03 sys=0.00, real=0.00 secs] 
2014-07-28T19:46:24.290+0000: 746.668: [GC [PSYoungGen: 74080K->384K(83392K)] 141089K->67417K(770368K), 0.0060330 secs] [Times: user=0.04 sys=0.00, real=0.01 secs] 
2014-07-28T19:46:24.873+0000: 747.251: [GC [PSYoungGen: 83200K->320K(89024K)] 150233K->67417K(776000K), 0.0067950 secs] [Times: user=0.04 sys=0.00, real=0.00 secs] 
2014-07-28T19:46:25.499+0000: 747.877: [GC [PSYoungGen: 88768K->320K(89024K)] 155865K->67457K(776000K), 0.0070290 secs] [Times: user=0.04 sys=0.00, real=0.01 secs] 
2014-07-28T19:46:26.118+0000: 748.496: [GC [PSYoungGen: 88768K->352K(87744K)] 155905K->67561K(774720K), 0.0051910 secs] [Times: user=0.04 sys=0.00, real=0.01 secs] 
2014-07-28T19:46:26.732+0000: 749.110: [GC [PSYoungGen: 87712K->352K(86656K)] 154921K->67625K(773632K), 0.0045240 secs] [Times: user=0.03 sys=0.01, real=0.01 secs] 
2014-07-28T19:46:27.339+0000: 749.716: [GC [PSYoungGen: 86624K->434K(85696K)] 153897K->67747K(772672K), 0.0033950 secs] [Times: user=0.02 sys=0.00, real=0.00 secs] 
2014-07-28T19:46:27.936+0000: 750.314: [GC [PSYoungGen: 85682K->352K(84608K)] 152995K->67729K(771584K), 0.0063970 secs] [Times: user=0.04 sys=0.00, real=0.00 secs] 
2014-07-28T19:46:28.527+0000: 750.905: [GC [PSYoungGen: 84576K->352K(83584K)] 151953K->67801K(770560K), 0.0063250 secs] [Times: user=0.03 sys=0.00, real=0.01 secs] 
2014-07-28T19:46:29.113+0000: 751.491: [GC [PSYoungGen: 83516K->384K(82624K)] 150965K->67881K(769600K), 0.0041750 secs] [Times: user=0.03 sys=0.00, real=0.00 secs] 
2014-07-28T19:46:29.692+0000: 752.070: [GC [PSYoungGen: 82624K->416K(81728K)] 150121K->68009K(768704K), 0.0048180 secs] [Times: user=0.03 sys=0.00, real=0.01 secs] 
2014-07-28T19:46:30.264+0000: 752.642: [GC [PSYoungGen: 81652K->434K(80768K)] 149246K->68043K(767744K), 0.0075400 secs] [Times: user=0.04 sys=0.00, real=0.00 secs] 
2014-07-28T19:46:30.831+0000: 753.209: [GC [PSYoungGen: 80721K->192K(79616K)] 148331K->67969K(766592K), 0.0033080 secs] [Times: user=0.01 sys=0.00, real=0.01 secs] 
2014-07-28T19:46:31.387+0000: 753.764: [GC [PSYoungGen: 79616K->384K(78912K)] 147393K->68169K(765888K), 0.0041340 secs] [Times: user=0.02 sys=0.01, real=0.00 secs] 
2014-07-28T19:46:31.939+0000: 754.317: [GC [PSYoungGen: 78912K->384K(78016K)] 146697K->68273K(764992K), 0.0054910 secs] [Times: user=0.03 sys=0.00, real=0.01 secs] 
2014-07-28T19:46:32.484+0000: 754.862: [GC [PSYoungGen: 78003K->288K(77056K)] 145893K->68249K(764032K), 0.0029810 secs] [Times: user=0.01 sys=0.00, real=0.01 secs] 
2014-07-28T19:46:33.023+0000: 755.401: [GC [PSYoungGen: 76994K->384K(76288K)] 144955K->68401K(763264K), 0.0040860 secs] [Times: user=0.02 sys=0.00, real=0.01 secs] 
2014-07-28T19:46:33.552+0000: 755.930: [GC [PSYoungGen: 76287K->416K(75520K)] 144305K->68529K(762496K), 0.0041080 secs] [Times: user=0.02 sys=0.00, real=0.01 secs] 
2014-07-28T19:46:34.080+0000: 756.458: [GC [PSYoungGen: 75488K->256K(74496K)] 143601K->68515K(761472K), 0.0038430 secs] [Times: user=0.02 sys=0.00, real=0.01 secs] 
2014-07-28T19:46:34.601+0000: 756.979: [GC [PSYoungGen: 74496K->288K(73792K)] 142755K->68619K(760768K), 0.0053770 secs] [Times: user=0.03 sys=0.00, real=0.01 secs] 
2014-07-28T19:46:35.119+0000: 757.497: [GC [PSYoungGen: 73760K->352K(73088K)] 142091K->68731K(760064K), 0.0037320 secs] [Times: user=0.02 sys=0.00, real=0.00 secs] 
2014-07-28T19:46:35.629+0000: 758.007: [GC [PSYoungGen: 73056K->384K(72320K)] 141435K->68859K(759296K), 0.0038640 secs] [Times: user=0.02 sys=0.00, real=0.00 secs] 
2014-07-28T19:46:36.135+0000: 758.513: [GC [PSYoungGen: 72283K->288K(71488K)] 140758K->68811K(758464K), 0.0027610 secs] [Times: user=0.02 sys=0.00, real=0.00 secs] 
2014-07-28T19:46:36.634+0000: 759.012: [GC [PSYoungGen: 71456K->256K(70656K)] 139979K->68835K(757632K), 0.0022720 secs] [Times: user=0.02 sys=0.00, real=0.00 secs] 
2014-07-28T19:46:37.132+0000: 759.510: [GC [PSYoungGen: 70656K->402K(70144K)] 139235K->69013K(757120K), 0.0059240 secs] [Times: user=0.03 sys=0.00, real=0.01 secs] 
2014-07-28T19:46:37.620+0000: 759.997: [GC [PSYoungGen: 70098K->352K(69376K)] 138709K->69043K(756352K), 0.0043510 secs] [Times: user=0.03 sys=0.00, real=0.01 secs] 
2014-07-28T19:46:38.105+0000: 760.483: [GC [PSYoungGen: 69344K->256K(68544K)] 138035K->69035K(755520K), 0.0057970 secs] [Times: user=0.03 sys=0.00, real=0.00 secs] 
2014-07-28T19:46:38.586+0000: 760.964: [GC [PSYoungGen: 68544K->480K(68096K)] 137323K->69371K(755072K), 0.0047170 secs] [Times: user=0.03 sys=0.00, real=0.00 secs] 
2014-07-28T19:46:39.061+0000: 761.439: [GC [PSYoungGen: 68064K->288K(81472K)] 136955K->69235K(768448K), 0.0077120 secs] [Times: user=0.05 sys=0.01, real=0.01 secs] 
2014-07-28T19:46:39.630+0000: 762.008: [GC [PSYoungGen: 81438K->352K(80576K)] 150385K->69387K(767552K), 0.0040550 secs] [Times: user=0.02 sys=0.00, real=0.00 secs] 
2014-07-28T19:46:40.198+0000: 762.575: [GC [PSYoungGen: 80544K->320K(79616K)] 149579K->69355K(766592K), 0.0050650 secs] [Times: user=0.02 sys=0.01, real=0.00 secs] 
2014-07-28T19:46:40.758+0000: 763.136: [GC [PSYoungGen: 79616K->288K(78720K)] 148651K->69395K(765696K), 0.0041200 secs] [Times: user=0.02 sys=0.00, real=0.00 secs] 
2014-07-28T19:46:41.307+0000: 763.685: [GC [PSYoungGen: 78688K->352K(77888K)] 147795K->69459K(764864K), 0.0034310 secs] [Times: user=0.02 sys=0.00, real=0.00 secs] 
2014-07-28T19:46:41.851+0000: 764.229: [GC [PSYoungGen: 77856K->288K(76992K)] 146963K->69467K(763968K), 0.0049130 secs] [Times: user=0.03 sys=0.01, real=0.01 secs] 
2014-07-28T19:46:42.393+0000: 764.771: [GC [PSYoungGen: 76960K->384K(76224K)] 146139K->69635K(763200K), 0.0059790 secs] [Times: user=0.04 sys=0.00, real=0.01 secs] 
2014-07-28T19:46:42.923+0000: 765.301: [GC [PSYoungGen: 76224K->352K(75392K)] 145475K->69691K(762368K), 0.0040170 secs] [Times: user=0.02 sys=0.00, real=0.01 secs] 
2014-07-28T19:46:43.452+0000: 765.830: [GC [PSYoungGen: 75360K->306K(74496K)] 144699K->69741K(761472K), 0.0048850 secs] [Times: user=0.03 sys=0.00, real=0.01 secs] 
2014-07-28T19:46:43.976+0000: 766.354: [GC [PSYoungGen: 74482K->384K(73792K)] 143917K->69859K(760768K), 0.0072740 secs] [Times: user=0.03 sys=0.00, real=0.00 secs] 
2014-07-28T19:46:44.493+0000: 766.870: [GC [PSYoungGen: 73792K->320K(72960K)] 143267K->69875K(759936K), 0.0039200 secs] [Times: user=0.02 sys=0.00, real=0.01 secs] 
2014-07-28T19:46:45.002+0000: 767.380: [GC [PSYoungGen: 72950K->320K(72192K)] 142506K->69915K(759168K), 0.0044610 secs] [Times: user=0.02 sys=0.01, real=0.01 secs] 
2014-07-28T19:46:45.508+0000: 767.886: [GC [PSYoungGen: 72152K->416K(71552K)] 141748K->70099K(758528K), 0.0025690 secs] [Times: user=0.02 sys=0.00, real=0.00 secs] 
2014-07-28T19:46:46.008+0000: 768.386: [GC [PSYoungGen: 71520K->416K(70784K)] 141203K->70115K(757760K), 0.0039060 secs] [Times: user=0.01 sys=0.01, real=0.00 secs] 
2014-07-28T19:46:46.503+0000: 768.881: [GC [PSYoungGen: 70752K->192K(69824K)] 140451K->69987K(756800K), 0.0059800 secs] [Times: user=0.04 sys=0.00, real=0.01 secs] 
2014-07-28T19:46:46.992+0000: 769.370: [GC [PSYoungGen: 69824K->384K(69312K)] 139619K->70211K(756288K), 0.0039860 secs] [Times: user=0.02 sys=0.00, real=0.01 secs] 
2014-07-28T19:46:47.478+0000: 769.855: [GC [PSYoungGen: 69312K->416K(68672K)] 139139K->70307K(755648K), 0.0025840 secs] [Times: user=0.01 sys=0.00, real=0.00 secs] 
2014-07-28T19:46:47.956+0000: 770.334: [GC [PSYoungGen: 68640K->384K(67904K)] 138531K->70299K(754880K), 0.0063710 secs] [Times: user=0.03 sys=0.01, real=0.00 secs] 
2014-07-28T19:46:48.431+0000: 770.809: [GC [PSYoungGen: 67904K->242K(67136K)] 137819K->70261K(754112K), 0.0054480 secs] [Times: user=0.03 sys=0.00, real=0.01 secs] 
2014-07-28T19:46:48.896+0000: 771.274: [GC [PSYoungGen: 67079K->320K(80576K)] 137099K->70355K(767552K), 0.0067350 secs] [Times: user=0.04 sys=0.00, real=0.00 secs] 
2014-07-28T19:46:49.463+0000: 771.840: [GC [PSYoungGen: 80576K->448K(96768K)] 150611K->70571K(783744K), 0.0056680 secs] [Times: user=0.04 sys=0.00, real=0.01 secs] 
2014-07-28T19:46:50.139+0000: 772.516: [GC [PSYoungGen: 96768K->416K(95488K)] 166891K->70603K(782464K), 0.0049030 secs] [Times: user=0.03 sys=0.00, real=0.00 secs] 
2014-07-28T19:46:50.807+0000: 773.185: [GC [PSYoungGen: 95456K->192K(93952K)] 165643K->70491K(780928K), 0.0054250 secs] [Times: user=0.03 sys=0.00, real=0.00 secs] 
2014-07-28T19:46:51.468+0000: 773.846: [GC [PSYoungGen: 93952K->320K(92864K)] 164251K->70643K(779840K), 0.0053070 secs] [Times: user=0.03 sys=0.00, real=0.00 secs] 
2014-07-28T19:46:52.118+0000: 774.496: [GC [PSYoungGen: 92864K->480K(91840K)] 163187K->70883K(778816K), 0.0050140 secs] [Times: user=0.02 sys=0.01, real=0.00 secs] 
2014-07-28T19:46:52.760+0000: 775.138: [GC [PSYoungGen: 91808K->384K(90560K)] 162211K->70867K(777536K), 0.0044430 secs] [Times: user=0.02 sys=0.01, real=0.00 secs] 
2014-07-28T19:46:53.393+0000: 775.771: [GC [PSYoungGen: 90550K->320K(89344K)] 161034K->70843K(776320K), 0.0035040 secs] [Times: user=0.02 sys=0.00, real=0.00 secs] 
2014-07-28T19:46:54.020+0000: 776.398: [GC [PSYoungGen: 89344K->256K(88192K)] 159867K->70843K(775168K), 0.0044370 secs] [Times: user=0.03 sys=0.00, real=0.00 secs] 
2014-07-28T19:46:54.635+0000: 777.012: [GC [PSYoungGen: 88166K->434K(87296K)] 158754K->71077K(774272K), 0.0071200 secs] [Times: user=0.04 sys=0.01, real=0.01 secs] 
2014-07-28T19:46:55.246+0000: 777.623: [GC [PSYoungGen: 87282K->384K(86144K)] 157925K->71051K(773120K), 0.0058460 secs] [Times: user=0.03 sys=0.00, real=0.01 secs] 
2014-07-28T19:46:55.853+0000: 778.231: [GC [PSYoungGen: 86144K->352K(85120K)] 156811K->71107K(772096K), 0.0055330 secs] [Times: user=0.03 sys=0.00, real=0.01 secs] 
2014-07-28T19:46:56.451+0000: 778.829: [GC [PSYoungGen: 85086K->370K(84096K)] 155842K->71173K(771072K), 0.0054840 secs] [Times: user=0.03 sys=0.00, real=0.00 secs] 
2014-07-28T19:46:57.039+0000: 779.417: [GC [PSYoungGen: 84058K->320K(83008K)] 154862K->71227K(769984K), 0.0037890 secs] [Times: user=0.02 sys=0.00, real=0.00 secs] 
2014-07-28T19:46:57.617+0000: 779.995: [GC [PSYoungGen: 82983K->288K(82048K)] 153891K->71267K(769024K), 0.0041020 secs] [Times: user=0.02 sys=0.01, real=0.00 secs] 
2014-07-28T19:46:58.192+0000: 780.570: [GC [PSYoungGen: 82016K->320K(81088K)] 152995K->71323K(768064K), 0.0043870 secs] [Times: user=0.02 sys=0.00, real=0.00 secs] 
2014-07-28T19:46:58.765+0000: 781.143: [GC [PSYoungGen: 81083K->416K(80256K)] 152087K->71515K(767232K), 0.0048390 secs] [Times: user=0.03 sys=0.01, real=0.01 secs] 
2014-07-28T19:46:59.321+0000: 781.699: [GC [PSYoungGen: 80223K->320K(79232K)] 151323K->71435K(766208K), 0.0056210 secs] [Times: user=0.04 sys=0.00, real=0.00 secs] 
2014-07-28T19:46:59.875+0000: 782.252: [GC [PSYoungGen: 79232K->384K(78400K)] 150347K->71571K(765376K), 0.0042770 secs] [Times: user=0.03 sys=0.00, real=0.01 secs] 
2014-07-28T19:47:00.424+0000: 782.802: [GC [PSYoungGen: 78400K->384K(77504K)] 149587K->71627K(764480K), 0.0059150 secs] [Times: user=0.04 sys=0.00, real=0.01 secs] 
2014-07-28T19:47:00.966+0000: 783.344: [GC [PSYoungGen: 77504K->274K(76608K)] 148747K->71565K(763584K), 0.0058150 secs] [Times: user=0.04 sys=0.00, real=0.01 secs] 
2014-07-28T19:47:01.501+0000: 783.879: [GC [PSYoungGen: 76562K->384K(75840K)] 147853K->71771K(762816K), 0.0033270 secs] [Times: user=0.01 sys=0.00, real=0.00 secs] 
2014-07-28T19:47:02.033+0000: 784.411: [GC [PSYoungGen: 75840K->320K(74944K)] 147227K->71731K(761920K), 0.0024630 secs] [Times: user=0.01 sys=0.01, real=0.00 secs] 
2014-07-28T19:47:02.556+0000: 784.934: [GC [PSYoungGen: 74944K->416K(74240K)] 146355K->71931K(761216K), 0.0052730 secs] [Times: user=0.03 sys=0.01, real=0.01 secs] 
2014-07-28T19:47:03.075+0000: 785.453: [GC [PSYoungGen: 74208K->320K(73344K)] 145723K->71875K(760320K), 0.0055070 secs] [Times: user=0.03 sys=0.00, real=0.01 secs] 
2014-07-28T19:47:03.587+0000: 785.965: [GC [PSYoungGen: 73344K->224K(72512K)] 144899K->71835K(759488K), 0.0037300 secs] [Times: user=0.02 sys=0.00, real=0.01 secs] 
2014-07-28T19:47:04.096+0000: 786.474: [GC [PSYoungGen: 72480K->416K(71936K)] 144091K->72083K(758912K), 0.0039680 secs] [Times: user=0.02 sys=0.00, real=0.01 secs] 
2014-07-28T19:47:04.596+0000: 786.974: [GC [PSYoungGen: 71864K->320K(71040K)] 143532K->72043K(758016K), 0.0080880 secs] [Times: user=0.05 sys=0.00, real=0.01 secs] 
2014-07-28T19:47:05.092+0000: 787.470: [GC [PSYoungGen: 71040K->384K(70400K)] 142763K->72147K(757376K), 0.0037630 secs] [Times: user=0.02 sys=0.00, real=0.00 secs] 
2014-07-28T19:47:05.587+0000: 787.965: [GC [PSYoungGen: 70400K->416K(69760K)] 142163K->72267K(756736K), 0.0044100 secs] [Times: user=0.03 sys=0.00, real=0.01 secs] 
2014-07-28T19:47:06.072+0000: 788.450: [GC [PSYoungGen: 69728K->448K(69056K)] 141579K->72347K(756032K), 0.0049660 secs] [Times: user=0.03 sys=0.00, real=0.00 secs] 
2014-07-28T19:47:06.550+0000: 788.928: [GC [PSYoungGen: 69056K->288K(68224K)] 140955K->72251K(755200K), 0.0053180 secs] [Times: user=0.03 sys=0.00, real=0.00 secs] 
2014-07-28T19:47:07.029+0000: 789.407: [GC [PSYoungGen: 68192K->352K(81920K)] 140155K->72371K(768896K), 0.0057160 secs] [Times: user=0.04 sys=0.00, real=0.01 secs] 
2014-07-28T19:47:07.605+0000: 789.982: [GC [PSYoungGen: 81888K->416K(94144K)] 153907K->72531K(781120K), 0.0061400 secs] [Times: user=0.04 sys=0.01, real=0.01 secs] 
2014-07-28T19:47:08.268+0000: 790.646: [GC [PSYoungGen: 94048K->416K(92864K)] 166163K->72587K(779840K), 0.0041860 secs] [Times: user=0.03 sys=0.00, real=0.01 secs] 
2014-07-28T19:47:08.917+0000: 791.295: [GC [PSYoungGen: 92832K->192K(91392K)] 165003K->72499K(778368K), 0.0036790 secs] [Times: user=0.02 sys=0.00, real=0.01 secs] 
2014-07-28T19:47:09.560+0000: 791.937: [GC [PSYoungGen: 91383K->288K(90368K)] 163691K->72651K(777344K), 0.0042420 secs] [Times: user=0.03 sys=0.00, real=0.00 secs] 
2014-07-28T19:47:10.190+0000: 792.568: [GC [PSYoungGen: 90336K->416K(89344K)] 162699K->72819K(776320K), 0.0037850 secs] [Times: user=0.02 sys=0.00, real=0.00 secs] 
2014-07-28T19:47:10.818+0000: 793.196: [GC [PSYoungGen: 89295K->416K(88256K)] 161699K->72915K(775232K), 0.0035930 secs] [Times: user=0.02 sys=0.00, real=0.01 secs] 
2014-07-28T19:47:11.435+0000: 793.813: [GC [PSYoungGen: 88224K->320K(87040K)] 160723K->72851K(774016K), 0.0079800 secs] [Times: user=0.05 sys=0.01, real=0.01 secs] 
2014-07-28T19:47:12.046+0000: 794.424: [GC [PSYoungGen: 87040K->288K(85952K)] 159571K->72891K(772928K), 0.0033290 secs] [Times: user=0.02 sys=0.00, real=0.00 secs] 
2014-07-28T19:47:12.649+0000: 795.027: [GC [PSYoungGen: 85920K->384K(84992K)] 158523K->73083K(771968K), 0.0031070 secs] [Times: user=0.02 sys=0.00, real=0.01 secs] 
2014-07-28T19:47:13.246+0000: 795.624: [GC [PSYoungGen: 84992K->256K(83840K)] 157691K->72979K(770816K), 0.0028020 secs] [Times: user=0.01 sys=0.00, real=0.00 secs] 
2014-07-28T19:47:13.837+0000: 796.215: [GC [PSYoungGen: 83840K->416K(83072K)] 156563K->73227K(770048K), 0.0041910 secs] [Times: user=0.02 sys=0.01, real=0.01 secs] 
2014-07-28T19:47:14.420+0000: 796.798: [GC [PSYoungGen: 83040K->384K(82048K)] 155851K->73211K(769024K), 0.0040450 secs] [Times: user=0.02 sys=0.00, real=0.00 secs] 
2014-07-28T19:47:14.992+0000: 797.370: [GC [PSYoungGen: 82048K->384K(81088K)] 154875K->73283K(768064K), 0.0032990 secs] [Times: user=0.02 sys=0.00, real=0.00 secs] 
2014-07-28T19:47:15.564+0000: 797.942: [GC [PSYoungGen: 81088K->448K(80192K)] 153987K->73411K(767168K), 0.0043750 secs] [Times: user=0.02 sys=0.00, real=0.00 secs] 
2014-07-28T19:47:16.120+0000: 798.498: [GC [PSYoungGen: 80192K->256K(79104K)] 153155K->73339K(766080K), 0.0036220 secs] [Times: user=0.03 sys=0.00, real=0.01 secs] 
2014-07-28T19:47:16.672+0000: 799.050: [GC [PSYoungGen: 79063K->448K(78400K)] 152147K->73611K(765376K), 0.0044450 secs] [Times: user=0.02 sys=0.00, real=0.00 secs] 
2014-07-28T19:47:17.220+0000: 799.597: [GC [PSYoungGen: 78400K->320K(77376K)] 151563K->73499K(764352K), 0.0050800 secs] [Times: user=0.03 sys=0.00, real=0.01 secs] 
2014-07-28T19:47:17.762+0000: 800.140: [GC [PSYoungGen: 77338K->256K(76480K)] 150518K->73491K(763456K), 0.0046300 secs] [Times: user=0.02 sys=0.00, real=0.00 secs] 
2014-07-28T19:47:18.301+0000: 800.679: [GC [PSYoungGen: 76464K->434K(75840K)] 149700K->73669K(762816K), 0.0045650 secs] [Times: user=0.03 sys=0.00, real=0.00 secs] 
2014-07-28T19:47:18.834+0000: 801.212: [GC [PSYoungGen: 75826K->384K(74944K)] 149061K->73699K(761920K), 0.0036280 secs] [Times: user=0.02 sys=0.00, real=0.00 secs] 
2014-07-28T19:47:19.356+0000: 801.734: [GC [PSYoungGen: 74944K->384K(74112K)] 148259K->73763K(761088K), 0.0044020 secs] [Times: user=0.02 sys=0.00, real=0.00 secs] 
2014-07-28T19:47:19.873+0000: 802.251: [GC [PSYoungGen: 74079K->352K(73344K)] 147459K->73811K(760320K), 0.0040240 secs] [Times: user=0.02 sys=0.00, real=0.00 secs] 
2014-07-28T19:47:20.392+0000: 802.770: [GC [PSYoungGen: 73285K->448K(72640K)] 146745K->73955K(759616K), 0.0033810 secs] [Times: user=0.02 sys=0.00, real=0.00 secs] 
2014-07-28T19:47:20.898+0000: 803.276: [GC [PSYoungGen: 72640K->416K(71872K)] 146147K->73987K(758848K), 0.0047460 secs] [Times: user=0.02 sys=0.01, real=0.01 secs] 
2014-07-28T19:47:21.401+0000: 803.779: [GC [PSYoungGen: 71840K->320K(70976K)] 145411K->73955K(757952K), 0.0057550 secs] [Times: user=0.03 sys=0.00, real=0.00 secs] 
2014-07-28T19:47:21.901+0000: 804.279: [GC [PSYoungGen: 70976K->384K(70336K)] 144611K->74099K(757312K), 0.0045430 secs] [Times: user=0.03 sys=0.00, real=0.00 secs] 
2014-07-28T19:47:22.393+0000: 804.771: [GC [PSYoungGen: 70328K->480K(69760K)] 144043K->74291K(756736K), 0.0049090 secs] [Times: user=0.03 sys=0.00, real=0.00 secs] 
2014-07-28T19:47:22.879+0000: 805.257: [GC [PSYoungGen: 69728K->320K(68864K)] 143539K->74187K(755840K), 0.0055280 secs] [Times: user=0.03 sys=0.00, real=0.01 secs] 
2014-07-28T19:47:23.364+0000: 805.742: [GC [PSYoungGen: 68864K->320K(68160K)] 142731K->74227K(755136K), 0.0044610 secs] [Times: user=0.02 sys=0.00, real=0.00 secs] 
2014-07-28T19:47:23.841+0000: 806.219: [GC [PSYoungGen: 68160K->224K(67392K)] 142067K->74179K(754368K), 0.0051500 secs] [Times: user=0.03 sys=0.00, real=0.00 secs] 
2014-07-28T19:47:24.316+0000: 806.694: [GC [PSYoungGen: 67360K->416K(81024K)] 141315K->74419K(768000K), 0.0073290 secs] [Times: user=0.05 sys=0.00, real=0.01 secs] 
2014-07-28T19:47:24.878+0000: 807.256: [GC [PSYoungGen: 80992K->320K(88704K)] 154995K->74379K(775680K), 0.0064090 secs] [Times: user=0.04 sys=0.00, real=0.01 secs] 
2014-07-28T19:47:25.501+0000: 807.879: [GC [PSYoungGen: 88417K->384K(97280K)] 162476K->74483K(784256K), 0.0053470 secs] [Times: user=0.03 sys=0.00, real=0.01 secs] 
2014-07-28T19:47:26.180+0000: 808.558: [GC [PSYoungGen: 97088K->352K(95808K)] 171187K->74523K(782784K), 0.0033520 secs] [Times: user=0.01 sys=0.00, real=0.01 secs] 
2014-07-28T19:47:26.852+0000: 809.229: [GC [PSYoungGen: 95776K->256K(94400K)] 169947K->74547K(781376K), 0.0040310 secs] [Times: user=0.02 sys=0.00, real=0.01 secs] 
2014-07-28T19:47:27.514+0000: 809.891: [GC [PSYoungGen: 94400K->384K(93312K)] 168691K->74699K(780288K), 0.0042860 secs] [Times: user=0.02 sys=0.01, real=0.00 secs] 
2014-07-28T19:47:28.169+0000: 810.546: [GC [PSYoungGen: 93312K->320K(92032K)] 167627K->74691K(779008K), 0.0024320 secs] [Times: user=0.01 sys=0.00, real=0.00 secs] 
2014-07-28T19:47:28.814+0000: 811.192: [GC [PSYoungGen: 92032K->416K(91008K)] 166403K->74875K(777984K), 0.0062690 secs] [Times: user=0.04 sys=0.00, real=0.00 secs] 
2014-07-28T19:47:29.450+0000: 811.828: [GC [PSYoungGen: 90976K->256K(89664K)] 165435K->74723K(776640K), 0.0040010 secs] [Times: user=0.02 sys=0.00, real=0.01 secs] 
2014-07-28T19:47:30.077+0000: 812.455: [GC [PSYoungGen: 89664K->384K(88704K)] 164131K->74923K(775680K), 0.0044530 secs] [Times: user=0.02 sys=0.01, real=0.00 secs] 
2014-07-28T19:47:30.696+0000: 813.074: [GC [PSYoungGen: 88704K->256K(87488K)] 163243K->74851K(774464K), 0.0063230 secs] [Times: user=0.04 sys=0.00, real=0.01 secs] 
2014-07-28T19:47:31.307+0000: 813.684: [GC [PSYoungGen: 87488K->416K(86592K)] 162083K->75027K(773568K), 0.0045940 secs] [Times: user=0.03 sys=0.00, real=0.00 secs] 
2014-07-28T19:47:31.912+0000: 814.290: [GC [PSYoungGen: 86560K->224K(85376K)] 161171K->74891K(772352K), 0.0039180 secs] [Times: user=0.03 sys=0.01, real=0.01 secs] 
2014-07-28T19:47:32.509+0000: 814.887: [GC [PSYoungGen: 85344K->384K(84480K)] 160011K->75123K(771456K), 0.0035680 secs] [Times: user=0.02 sys=0.00, real=0.00 secs] 
2014-07-28T19:47:33.104+0000: 815.482: [GC [PSYoungGen: 84480K->320K(83392K)] 159219K->75123K(770368K), 0.0030840 secs] [Times: user=0.01 sys=0.00, real=0.00 secs] 
2014-07-28T19:47:33.688+0000: 816.066: [GC [PSYoungGen: 83354K->224K(82368K)] 158157K->75083K(769344K), 0.0022900 secs] [Times: user=0.02 sys=0.00, real=0.00 secs] 
2014-07-28T19:47:34.265+0000: 816.643: [GC [PSYoungGen: 82336K->256K(81408K)] 157195K->75147K(768384K), 0.0040180 secs] [Times: user=0.02 sys=0.00, real=0.00 secs] 
2014-07-28T19:47:34.837+0000: 817.215: [GC [PSYoungGen: 81408K->288K(80512K)] 156299K->75251K(767488K), 0.0069630 secs] [Times: user=0.04 sys=0.00, real=0.01 secs] 
2014-07-28T19:47:35.401+0000: 817.779: [GC [PSYoungGen: 80478K->352K(79680K)] 155442K->75339K(766656K), 0.0053060 secs] [Times: user=0.03 sys=0.00, real=0.01 secs] 
2014-07-28T19:47:35.959+0000: 818.337: [GC [PSYoungGen: 79648K->416K(78848K)] 154635K->75491K(765824K), 0.0052270 secs] [Times: user=0.03 sys=0.00, real=0.01 secs] 
2014-07-28T19:47:36.510+0000: 818.888: [GC [PSYoungGen: 78816K->256K(77760K)] 153891K->75379K(764736K), 0.0025420 secs] [Times: user=0.01 sys=0.01, real=0.00 secs] 
2014-07-28T19:47:37.057+0000: 819.435: [GC [PSYoungGen: 77729K->160K(76864K)] 152853K->75291K(763840K), 0.0053620 secs] [Times: user=0.01 sys=0.00, real=0.00 secs] 
2014-07-28T19:47:37.596+0000: 819.974: [GC [PSYoungGen: 76832K->416K(76288K)] 151963K->75619K(763264K), 0.0044390 secs] [Times: user=0.03 sys=0.00, real=0.00 secs] 
2014-07-28T19:47:38.130+0000: 820.508: [GC [PSYoungGen: 76256K->448K(75456K)] 151459K->75683K(762432K), 0.0040850 secs] [Times: user=0.02 sys=0.00, real=0.00 secs] 
2014-07-28T19:47:38.653+0000: 821.031: [GC [PSYoungGen: 75456K->306K(74496K)] 150691K->75703K(761472K), 0.0045880 secs] [Times: user=0.02 sys=0.00, real=0.01 secs] 
2014-07-28T19:47:39.177+0000: 821.555: [GC [PSYoungGen: 74482K->320K(73728K)] 149879K->75733K(760704K), 0.0033380 secs] [Times: user=0.02 sys=0.00, real=0.00 secs] 
2014-07-28T19:47:39.693+0000: 822.071: [GC [PSYoungGen: 73728K->256K(72896K)] 149141K->75733K(759872K), 0.0051110 secs] [Times: user=0.02 sys=0.00, real=0.01 secs] 
2014-07-28T19:47:40.205+0000: 822.583: [GC [PSYoungGen: 72873K->352K(72256K)] 148350K->75845K(759232K), 0.0069600 secs] [Times: user=0.05 sys=0.00, real=0.00 secs] 
2014-07-28T19:47:40.713+0000: 823.091: [GC [PSYoungGen: 72224K->448K(71552K)] 147717K->76053K(758528K), 0.0036550 secs] [Times: user=0.02 sys=0.00, real=0.01 secs] 
2014-07-28T19:47:41.211+0000: 823.589: [GC [PSYoungGen: 71552K->320K(70656K)] 147157K->75941K(757632K), 0.0056650 secs] [Times: user=0.03 sys=0.00, real=0.01 secs] 
2014-07-28T19:47:41.706+0000: 824.084: [GC [PSYoungGen: 70656K->384K(70016K)] 146277K->76093K(756992K), 0.0049360 secs] [Times: user=0.03 sys=0.00, real=0.00 secs] 
2014-07-28T19:47:42.193+0000: 824.571: [GC [PSYoungGen: 70016K->416K(69376K)] 145725K->76149K(756352K), 0.0048080 secs] [Times: user=0.02 sys=0.00, real=0.01 secs] 
2014-07-28T19:47:42.679+0000: 825.057: [GC [PSYoungGen: 69344K->384K(68608K)] 145077K->76197K(755584K), 0.0033050 secs] [Times: user=0.01 sys=0.00, real=0.00 secs] 
2014-07-28T19:47:43.157+0000: 825.535: [GC [PSYoungGen: 68608K->352K(67904K)] 144421K->76205K(754880K), 0.0034720 secs] [Times: user=0.02 sys=0.01, real=0.00 secs] 
2014-07-28T19:47:43.631+0000: 826.009: [GC [PSYoungGen: 67872K->256K(67136K)] 143725K->76173K(754112K), 0.0041360 secs] [Times: user=0.02 sys=0.00, real=0.01 secs] 
2014-07-28T19:47:44.105+0000: 826.483: [GC [PSYoungGen: 67136K->224K(80512K)] 143053K->76165K(767488K), 0.0082130 secs] [Times: user=0.05 sys=0.01, real=0.00 secs] 
2014-07-28T19:47:44.670+0000: 827.048: [GC [PSYoungGen: 80480K->352K(79744K)] 156421K->76357K(766720K), 0.0039140 secs] [Times: user=0.02 sys=0.00, real=0.00 secs] 
2014-07-28T19:47:45.227+0000: 827.605: [GC [PSYoungGen: 79703K->448K(78912K)] 155709K->76469K(765888K), 0.0057790 secs] [Times: user=0.04 sys=0.00, real=0.00 secs] 
2014-07-28T19:47:45.782+0000: 828.160: [GC [PSYoungGen: 78911K->384K(77952K)] 154932K->76517K(764928K), 0.0036020 secs] [Times: user=0.02 sys=0.00, real=0.01 secs] 
2014-07-28T19:47:46.329+0000: 828.707: [GC [PSYoungGen: 77952K->480K(77184K)] 154085K->76661K(764160K), 0.0051180 secs] [Times: user=0.03 sys=0.00, real=0.00 secs] 
2014-07-28T19:47:46.869+0000: 829.247: [GC [PSYoungGen: 77152K->384K(76224K)] 153333K->76645K(763200K), 0.0040580 secs] [Times: user=0.02 sys=0.00, real=0.00 secs] 
2014-07-28T19:47:47.402+0000: 829.780: [GC [PSYoungGen: 76224K->256K(75264K)] 152485K->76573K(762240K), 0.0040280 secs] [Times: user=0.02 sys=0.00, real=0.01 secs] 
2014-07-28T19:47:47.929+0000: 830.307: [GC [PSYoungGen: 75264K->384K(74560K)] 151581K->76789K(761536K), 0.0056600 secs] [Times: user=0.03 sys=0.00, real=0.00 secs] 
2014-07-28T19:47:48.452+0000: 830.830: [GC [PSYoungGen: 74560K->384K(73792K)] 150965K->76869K(760768K), 0.0048940 secs] [Times: user=0.03 sys=0.00, real=0.01 secs] 
2014-07-28T19:47:48.969+0000: 831.347: [GC [PSYoungGen: 73792K->224K(72896K)] 150277K->76741K(759872K), 0.0059620 secs] [Times: user=0.04 sys=0.01, real=0.01 secs] 
2014-07-28T19:47:49.481+0000: 831.859: [GC [PSYoungGen: 72864K->384K(72256K)] 149381K->76997K(759232K), 0.0060310 secs] [Times: user=0.04 sys=0.00, real=0.01 secs] 
2014-07-28T19:47:49.988+0000: 832.366: [GC [PSYoungGen: 72256K->352K(71488K)] 148869K->76997K(758464K), 0.0053530 secs] [Times: user=0.03 sys=0.00, real=0.00 secs] 
2014-07-28T19:47:50.488+0000: 832.866: [GC [PSYoungGen: 71436K->352K(85760K)] 148082K->77061K(772736K), 0.0073690 secs] [Times: user=0.04 sys=0.00, real=0.01 secs] 
2014-07-28T19:47:51.092+0000: 833.470: [GC [PSYoungGen: 85728K->448K(88128K)] 162437K->77181K(775104K), 0.0054120 secs] [Times: user=0.03 sys=0.00, real=0.01 secs] 
2014-07-28T19:47:51.709+0000: 834.087: [GC [PSYoungGen: 88128K->320K(86912K)] 164861K->77117K(773888K), 0.0053940 secs] [Times: user=0.02 sys=0.00, real=0.00 secs] 
2014-07-28T19:47:52.320+0000: 834.698: [GC [PSYoungGen: 86912K->306K(87744K)] 163709K->77143K(774720K), 0.0115390 secs] [Times: user=0.07 sys=0.00, real=0.01 secs] 
2014-07-28T19:47:52.932+0000: 835.310: [GC [PSYoungGen: 87730K->256K(88000K)] 164567K->77157K(774976K), 0.0063360 secs] [Times: user=0.03 sys=0.00, real=0.01 secs] 
2014-07-28T19:47:53.548+0000: 835.926: [GC [PSYoungGen: 87680K->448K(105536K)] 164581K->77445K(792512K), 0.0050120 secs] [Times: user=0.03 sys=0.00, real=0.00 secs] 
2014-07-28T19:47:54.291+0000: 836.669: [GC [PSYoungGen: 105408K->512K(105536K)] 182405K->77565K(792512K), 0.0061190 secs] [Times: user=0.03 sys=0.00, real=0.01 secs] 
2014-07-28T19:47:55.025+0000: 837.403: [GC [PSYoungGen: 105472K->416K(103936K)] 182525K->77565K(790912K), 0.0067590 secs] [Times: user=0.04 sys=0.00, real=0.01 secs] 
2014-07-28T19:47:55.755+0000: 838.133: [GC [PSYoungGen: 103904K->256K(102272K)] 181053K->77461K(789248K), 0.0040970 secs] [Times: user=0.02 sys=0.01, real=0.01 secs] 
2014-07-28T19:47:56.469+0000: 838.847: [GC [PSYoungGen: 102272K->338K(100992K)] 179477K->77559K(787968K), 0.0098150 secs] [Times: user=0.06 sys=0.00, real=0.01 secs] 
2014-07-28T19:47:57.179+0000: 839.557: [GC [PSYoungGen: 100946K->448K(99648K)] 178167K->77773K(786624K), 0.0064260 secs] [Times: user=0.04 sys=0.00, real=0.00 secs] 
2014-07-28T19:47:57.877+0000: 840.255: [GC [PSYoungGen: 99633K->256K(98112K)] 176959K->77637K(785088K), 0.0034950 secs] [Times: user=0.02 sys=0.00, real=0.00 secs] 
2014-07-28T19:47:58.566+0000: 840.944: [GC [PSYoungGen: 98112K->288K(96832K)] 175493K->77693K(783808K), 0.0039740 secs] [Times: user=0.02 sys=0.00, real=0.01 secs] 
2014-07-28T19:47:59.245+0000: 841.623: [GC [PSYoungGen: 96799K->384K(95616K)] 174204K->77869K(782592K), 0.0061620 secs] [Times: user=0.03 sys=0.00, real=0.01 secs] 
2014-07-28T19:47:59.914+0000: 842.292: [GC [PSYoungGen: 95616K->466K(94464K)] 173101K->78055K(781440K), 0.0061320 secs] [Times: user=0.04 sys=0.00, real=0.01 secs] 
2014-07-28T19:48:00.572+0000: 842.950: [GC [PSYoungGen: 94418K->256K(92992K)] 172007K->77901K(779968K), 0.0059860 secs] [Times: user=0.03 sys=0.00, real=0.01 secs] 
2014-07-28T19:48:01.228+0000: 843.606: [GC [PSYoungGen: 92979K->384K(91904K)] 170625K->78109K(778880K), 0.0026470 secs] [Times: user=0.02 sys=0.00, real=0.00 secs] 
2014-07-28T19:48:01.871+0000: 844.249: [GC [PSYoungGen: 91903K->448K(90816K)] 169629K->78261K(777792K), 0.0035570 secs] [Times: user=0.02 sys=0.00, real=0.00 secs] 
2014-07-28T19:48:02.506+0000: 844.884: [GC [PSYoungGen: 90816K->256K(89472K)] 168629K->78093K(776448K), 0.0032790 secs] [Times: user=0.02 sys=0.00, real=0.01 secs] 
2014-07-28T19:48:03.135+0000: 845.512: [GC [PSYoungGen: 89472K->448K(88576K)] 167309K->78349K(775552K), 0.0028900 secs] [Times: user=0.01 sys=0.00, real=0.01 secs] 
2014-07-28T19:48:03.752+0000: 846.130: [GC [PSYoungGen: 88556K->306K(87360K)] 166458K->78263K(774336K), 0.0059610 secs] [Times: user=0.03 sys=0.00, real=0.01 secs] 
2014-07-28T19:48:04.367+0000: 846.745: [GC [PSYoungGen: 87346K->384K(86336K)] 165303K->78349K(773312K), 0.0039660 secs] [Times: user=0.03 sys=0.00, real=0.00 secs] 
2014-07-28T19:48:04.971+0000: 847.349: [GC [PSYoungGen: 86336K->448K(85376K)] 164301K->78517K(772352K), 0.0035700 secs] [Times: user=0.02 sys=0.00, real=0.00 secs] 
2014-07-28T19:48:05.570+0000: 847.948: [GC [PSYoungGen: 85376K->384K(84288K)] 163445K->78533K(771264K), 0.0054450 secs] [Times: user=0.04 sys=0.01, real=0.00 secs] 
2014-07-28T19:48:06.160+0000: 848.538: [GC [PSYoungGen: 84288K->384K(83264K)] 162437K->78581K(770240K), 0.0044850 secs] [Times: user=0.03 sys=0.01, real=0.00 secs] 
2014-07-28T19:48:06.744+0000: 849.122: [GC [PSYoungGen: 83264K->256K(82176K)] 161461K->78517K(769152K), 0.0093910 secs] [Times: user=0.06 sys=0.00, real=0.01 secs] 
2014-07-28T19:48:07.318+0000: 849.696: [GC [PSYoungGen: 82176K->288K(98624K)] 160437K->78573K(785600K), 0.0084170 secs] [Times: user=0.06 sys=0.00, real=0.01 secs] 
2014-07-28T19:48:08.007+0000: 850.385: [GC [PSYoungGen: 98592K->448K(97408K)] 176877K->78829K(784384K), 0.0040680 secs] [Times: user=0.02 sys=0.00, real=0.01 secs] 
2014-07-28T19:48:08.692+0000: 851.070: [GC [PSYoungGen: 97408K->288K(96000K)] 175789K->78733K(782976K), 0.0075600 secs] [Times: user=0.04 sys=0.01, real=0.01 secs] 
2014-07-28T19:48:09.365+0000: 851.743: [GC [PSYoungGen: 95968K->224K(94656K)] 174413K->78693K(781632K), 0.0044270 secs] [Times: user=0.03 sys=0.00, real=0.01 secs] 
2014-07-28T19:48:10.029+0000: 852.407: [GC [PSYoungGen: 94609K->480K(93696K)] 173079K->79045K(780672K), 0.0038200 secs] [Times: user=0.02 sys=0.01, real=0.00 secs] 
2014-07-28T19:48:10.686+0000: 853.064: [GC [PSYoungGen: 93643K->192K(92160K)] 172209K->78805K(779136K), 0.0056310 secs] [Times: user=0.02 sys=0.00, real=0.01 secs] 
2014-07-28T19:48:11.335+0000: 853.713: [GC [PSYoungGen: 92111K->256K(91072K)] 170724K->78893K(778048K), 0.0069590 secs] [Times: user=0.04 sys=0.01, real=0.01 secs] 
2014-07-28T19:48:11.973+0000: 854.351: [GC [PSYoungGen: 91072K->384K(90048K)] 169709K->79109K(777024K), 0.0047380 secs] [Times: user=0.03 sys=0.00, real=0.00 secs] 
2014-07-28T19:48:12.605+0000: 854.982: [GC [PSYoungGen: 90048K->384K(88896K)] 168773K->79173K(775872K), 0.0048190 secs] [Times: user=0.02 sys=0.00, real=0.01 secs] 
2014-07-28T19:48:13.226+0000: 855.604: [GC [PSYoungGen: 88860K->384K(87808K)] 167650K->79189K(774784K), 0.0037320 secs] [Times: user=0.02 sys=0.00, real=0.01 secs] 
2014-07-28T19:48:13.839+0000: 856.216: [GC [PSYoungGen: 87805K->384K(86720K)] 166611K->79277K(773696K), 0.0021550 secs] [Times: user=0.02 sys=0.00, real=0.01 secs] 
2014-07-28T19:48:14.448+0000: 856.826: [GC [PSYoungGen: 86720K->448K(85760K)] 165613K->79357K(772736K), 0.0022740 secs] [Times: user=0.01 sys=0.00, real=0.01 secs] 
2014-07-28T19:48:15.048+0000: 857.426: [GC [PSYoungGen: 85760K->352K(84672K)] 164669K->79325K(771648K), 0.0056630 secs] [Times: user=0.03 sys=0.00, real=0.01 secs] 
2014-07-28T19:48:15.643+0000: 858.021: [GC [PSYoungGen: 84640K->288K(83584K)] 163613K->79333K(770560K), 0.0040000 secs] [Times: user=0.02 sys=0.01, real=0.00 secs] 
2014-07-28T19:48:16.229+0000: 858.607: [GC [PSYoungGen: 83552K->256K(82560K)] 162597K->79333K(769536K), 0.0032730 secs] [Times: user=0.02 sys=0.00, real=0.00 secs] 
2014-07-28T19:48:16.813+0000: 859.190: [GC [PSYoungGen: 82560K->416K(81792K)] 161637K->79565K(768768K), 0.0068010 secs] [Times: user=0.03 sys=0.01, real=0.01 secs] 
2014-07-28T19:48:17.384+0000: 859.762: [GC [PSYoungGen: 81760K->384K(80768K)] 160909K->79573K(767744K), 0.0039630 secs] [Times: user=0.02 sys=0.00, real=0.00 secs] 
2014-07-28T19:48:17.951+0000: 860.328: [GC [PSYoungGen: 80740K->384K(79872K)] 159930K->79645K(766848K), 0.0040380 secs] [Times: user=0.02 sys=0.00, real=0.00 secs] 
2014-07-28T19:48:18.511+0000: 860.889: [GC [PSYoungGen: 79872K->448K(79040K)] 159133K->79821K(766016K), 0.0031170 secs] [Times: user=0.01 sys=0.00, real=0.00 secs] 
2014-07-28T19:48:19.068+0000: 861.446: [GC [PSYoungGen: 79040K->256K(77952K)] 158413K->79677K(764928K), 0.0076170 secs] [Times: user=0.05 sys=0.00, real=0.01 secs] 
2014-07-28T19:48:19.614+0000: 861.992: [GC [PSYoungGen: 77952K->320K(77120K)] 157373K->79813K(764096K), 0.0040550 secs] [Times: user=0.02 sys=0.00, real=0.00 secs] 
2014-07-28T19:48:20.156+0000: 862.533: [GC [PSYoungGen: 77120K->320K(76288K)] 156613K->79845K(763264K), 0.0057510 secs] [Times: user=0.04 sys=0.00, real=0.01 secs] 
2014-07-28T19:48:20.690+0000: 863.068: [GC [PSYoungGen: 76288K->416K(75584K)] 155813K->80037K(762560K), 0.0044670 secs] [Times: user=0.03 sys=0.01, real=0.01 secs] 
2014-07-28T19:48:21.216+0000: 863.594: [GC [PSYoungGen: 75552K->224K(90432K)] 155173K->79861K(777408K), 0.0110170 secs] [Times: user=0.06 sys=0.00, real=0.01 secs] 
2014-07-28T19:48:21.851+0000: 864.229: [GC [PSYoungGen: 90400K->192K(108416K)] 170037K->79845K(795392K), 0.0069580 secs] [Times: user=0.02 sys=0.00, real=0.00 secs] 
2014-07-28T19:48:22.613+0000: 864.991: [GC [PSYoungGen: 108416K->416K(117312K)] 188069K->80093K(804288K), 0.0049720 secs] [Times: user=0.03 sys=0.00, real=0.00 secs] 
2014-07-28T19:48:23.436+0000: 865.814: [GC [PSYoungGen: 117152K->288K(115264K)] 196829K->80037K(802240K), 0.0041150 secs] [Times: user=0.02 sys=0.00, real=0.01 secs] 
2014-07-28T19:48:24.247+0000: 866.625: [GC [PSYoungGen: 115232K->320K(113536K)] 194981K->80173K(800512K), 0.0055610 secs] [Times: user=0.03 sys=0.00, real=0.01 secs] 
2014-07-28T19:48:25.043+0000: 867.420: [GC [PSYoungGen: 113487K->384K(111936K)] 193341K->80317K(798912K), 0.0055260 secs] [Times: user=0.04 sys=0.00, real=0.00 secs] 
2014-07-28T19:48:25.833+0000: 868.210: [GC [PSYoungGen: 111936K->320K(110208K)] 191869K->80309K(797184K), 0.0054660 secs] [Times: user=0.03 sys=0.00, real=0.00 secs] 
2014-07-28T19:48:26.603+0000: 868.981: [GC [PSYoungGen: 110208K->448K(108736K)] 190197K->80453K(795712K), 0.0040440 secs] [Times: user=0.03 sys=0.00, real=0.00 secs] 
2014-07-28T19:48:27.364+0000: 869.742: [GC [PSYoungGen: 108736K->192K(106880K)] 188741K->80213K(793856K), 0.0039400 secs] [Times: user=0.01 sys=0.00, real=0.00 secs] 
2014-07-28T19:48:28.114+0000: 870.492: [GC [PSYoungGen: 106880K->288K(105472K)] 186901K->80381K(792448K), 0.0022800 secs] [Times: user=0.02 sys=0.00, real=0.00 secs] 
2014-07-28T19:48:28.856+0000: 871.234: [GC [PSYoungGen: 105440K->288K(104000K)] 185533K->80453K(790976K), 0.0042790 secs] [Times: user=0.02 sys=0.00, real=0.00 secs] 
2014-07-28T19:48:29.583+0000: 871.961: [GC [PSYoungGen: 103968K->320K(102528K)] 184133K->80525K(789504K), 0.0066010 secs] [Times: user=0.04 sys=0.00, real=0.00 secs] 
2014-07-28T19:48:30.304+0000: 872.682: [GC [PSYoungGen: 102528K->384K(101184K)] 182733K->80661K(788160K), 0.0057640 secs] [Times: user=0.03 sys=0.01, real=0.00 secs] 
2014-07-28T19:48:31.016+0000: 873.394: [GC [PSYoungGen: 101184K->352K(99776K)] 181461K->80709K(786752K), 0.0064910 secs] [Times: user=0.05 sys=0.00, real=0.01 secs] 
2014-07-28T19:48:31.716+0000: 874.094: [GC [PSYoungGen: 99744K->448K(98496K)] 180101K->80893K(785472K), 0.0042300 secs] [Times: user=0.03 sys=0.00, real=0.00 secs] 
2014-07-28T19:48:32.408+0000: 874.786: [GC [PSYoungGen: 98496K->352K(97088K)] 178941K->80813K(784064K), 0.0041900 secs] [Times: user=0.03 sys=0.00, real=0.01 secs] 
2014-07-28T19:48:33.087+0000: 875.465: [GC [PSYoungGen: 97056K->320K(95744K)] 177517K->80853K(782720K), 0.0073470 secs] [Times: user=0.04 sys=0.00, real=0.01 secs] 
2014-07-28T19:48:33.759+0000: 876.137: [GC [PSYoungGen: 95744K->384K(94528K)] 176277K->81005K(781504K), 0.0040380 secs] [Times: user=0.02 sys=0.00, real=0.01 secs] 
2014-07-28T19:48:34.421+0000: 876.799: [GC [PSYoungGen: 94528K->352K(93312K)] 175149K->80997K(780288K), 0.0054040 secs] [Times: user=0.03 sys=0.00, real=0.01 secs] 
2014-07-28T19:48:35.074+0000: 877.452: [GC [PSYoungGen: 93280K->352K(92096K)] 173925K->81077K(779072K), 0.0060280 secs] [Times: user=0.04 sys=0.00, real=0.00 secs] 
2014-07-28T19:48:35.720+0000: 878.097: [GC [PSYoungGen: 92064K->320K(90880K)] 172789K->81117K(777856K), 0.0051380 secs] [Times: user=0.02 sys=0.00, real=0.01 secs] 
2014-07-28T19:48:36.359+0000: 878.737: [GC [PSYoungGen: 90880K->288K(89728K)] 171677K->81109K(776704K), 0.0037290 secs] [Times: user=0.02 sys=0.00, real=0.01 secs] 
2014-07-28T19:48:36.988+0000: 879.366: [GC [PSYoungGen: 89674K->448K(88768K)] 170496K->81373K(775744K), 0.0048470 secs] [Times: user=0.02 sys=0.01, real=0.01 secs] 
2014-07-28T19:48:37.610+0000: 879.988: [GC [PSYoungGen: 88768K->352K(87616K)] 169693K->81341K(774592K), 0.0060440 secs] [Times: user=0.03 sys=0.00, real=0.01 secs] 
2014-07-28T19:48:38.226+0000: 880.604: [GC [PSYoungGen: 87566K->370K(86528K)] 168556K->81407K(773504K), 0.0039380 secs] [Times: user=0.02 sys=0.00, real=0.00 secs] 
2014-07-28T19:48:38.832+0000: 881.210: [GC [PSYoungGen: 86514K->320K(85440K)] 167551K->81429K(772416K), 0.0069380 secs] [Times: user=0.04 sys=0.01, real=0.01 secs] 
2014-07-28T19:48:39.431+0000: 881.809: [GC [PSYoungGen: 85421K->320K(84416K)] 166530K->81445K(771392K), 0.0052540 secs] [Times: user=0.03 sys=0.00, real=0.01 secs] 
2014-07-28T19:48:40.023+0000: 882.401: [GC [PSYoungGen: 84416K->256K(83328K)] 165541K->81429K(770304K), 0.0080170 secs] [Times: user=0.04 sys=0.01, real=0.00 secs] 
2014-07-28T19:48:40.608+0000: 882.986: [GC [PSYoungGen: 83328K->160K(82304K)] 164501K->81349K(769280K), 0.0063170 secs] [Times: user=0.02 sys=0.00, real=0.01 secs] 
2014-07-28T19:48:41.185+0000: 883.563: [GC [PSYoungGen: 82272K->416K(81600K)] 163461K->81637K(768576K), 0.0051700 secs] [Times: user=0.02 sys=0.00, real=0.00 secs] 
2014-07-28T19:48:41.758+0000: 884.136: [GC [PSYoungGen: 81568K->416K(80640K)] 162789K->81725K(767616K), 0.0047050 secs] [Times: user=0.02 sys=0.00, real=0.01 secs] 
2014-07-28T19:48:42.320+0000: 884.697: [GC [PSYoungGen: 80608K->484K(79808K)] 161917K->81801K(766784K), 0.0038850 secs] [Times: user=0.03 sys=0.00, real=0.01 secs] 
2014-07-28T19:48:42.877+0000: 885.255: [GC [PSYoungGen: 79760K->256K(78656K)] 161078K->81677K(765632K), 0.0065320 secs] [Times: user=0.04 sys=0.00, real=0.01 secs] 
2014-07-28T19:48:43.429+0000: 885.807: [GC [PSYoungGen: 78651K->448K(94528K)] 160073K->81885K(781504K), 0.0076100 secs] [Times: user=0.05 sys=0.00, real=0.01 secs] 
2014-07-28T19:48:44.092+0000: 886.470: [GC [PSYoungGen: 94528K->448K(93312K)] 175965K->81965K(780288K), 0.0058600 secs] [Times: user=0.03 sys=0.00, real=0.01 secs] 
2014-07-28T19:48:44.745+0000: 887.123: [GC [PSYoungGen: 93312K->416K(92096K)] 174829K->82021K(779072K), 0.0046760 secs] [Times: user=0.03 sys=0.00, real=0.00 secs] 
2014-07-28T19:48:45.388+0000: 887.766: [GC [PSYoungGen: 92064K->448K(90944K)] 173669K->82093K(777920K), 0.0056180 secs] [Times: user=0.04 sys=0.00, real=0.00 secs] 
2014-07-28T19:48:46.025+0000: 888.402: [GC [PSYoungGen: 90944K->288K(89664K)] 172589K->81997K(776640K), 0.0081770 secs] [Times: user=0.05 sys=0.00, real=0.00 secs] 
2014-07-28T19:48:46.651+0000: 889.029: [GC [PSYoungGen: 89600K->288K(88576K)] 171310K->82053K(775552K), 0.0054130 secs] [Times: user=0.04 sys=0.00, real=0.01 secs] 
2014-07-28T19:48:47.273+0000: 889.651: [GC [PSYoungGen: 88544K->416K(87616K)] 170309K->82197K(774592K), 0.0055000 secs] [Times: user=0.04 sys=0.01, real=0.01 secs] 
2014-07-28T19:48:47.888+0000: 890.265: [GC [PSYoungGen: 87584K->352K(86464K)] 169365K->82221K(773440K), 0.0056630 secs] [Times: user=0.04 sys=0.00, real=0.00 secs] 
2014-07-28T19:48:48.492+0000: 890.869: [GC [PSYoungGen: 86432K->352K(85440K)] 168301K->82253K(772416K), 0.0049020 secs] [Times: user=0.02 sys=0.00, real=0.01 secs] 
2014-07-28T19:48:49.088+0000: 891.465: [GC [PSYoungGen: 85407K->448K(84480K)] 167309K->82461K(771456K), 0.0042280 secs] [Times: user=0.03 sys=0.00, real=0.00 secs] 
2014-07-28T19:48:49.684+0000: 892.062: [GC [PSYoungGen: 84480K->320K(83328K)] 166493K->82397K(770304K), 0.0041430 secs] [Times: user=0.02 sys=0.00, real=0.00 secs] 
2014-07-28T19:48:50.267+0000: 892.645: [GC [PSYoungGen: 83328K->320K(82368K)] 165405K->82413K(769344K), 0.0053860 secs] [Times: user=0.04 sys=0.00, real=0.00 secs] 
2014-07-28T19:48:50.841+0000: 893.219: [GC [PSYoungGen: 82368K->512K(81600K)] 164461K->82693K(768576K), 0.0047120 secs] [Times: user=0.03 sys=0.00, real=0.01 secs] 
2014-07-28T19:48:51.411+0000: 893.789: [GC [PSYoungGen: 81580K->320K(80448K)] 163762K->82533K(767424K), 0.0050300 secs] [Times: user=0.02 sys=0.00, real=0.01 secs] 
2014-07-28T19:48:51.973+0000: 894.351: [GC [PSYoungGen: 80448K->320K(79552K)] 162661K->82605K(766528K), 0.0043780 secs] [Times: user=0.02 sys=0.00, real=0.01 secs] 
2014-07-28T19:48:52.532+0000: 894.910: [GC [PSYoungGen: 79552K->416K(78784K)] 161837K->82805K(765760K), 0.0054460 secs] [Times: user=0.03 sys=0.00, real=0.01 secs] 
2014-07-28T19:48:53.083+0000: 895.461: [GC [PSYoungGen: 78752K->288K(77760K)] 161141K->82717K(764736K), 0.0038990 secs] [Times: user=0.02 sys=0.00, real=0.01 secs] 
2014-07-28T19:48:53.627+0000: 896.005: [GC [PSYoungGen: 77728K->384K(76992K)] 160157K->82901K(763968K), 0.0055420 secs] [Times: user=0.03 sys=0.00, real=0.00 secs] 
2014-07-28T19:48:54.168+0000: 896.546: [GC [PSYoungGen: 76952K->516K(76352K)] 159470K->83073K(763328K), 0.0039190 secs] [Times: user=0.02 sys=0.01, real=0.00 secs] 
2014-07-28T19:48:54.700+0000: 897.078: [GC [PSYoungGen: 76292K->256K(75200K)] 158849K->82925K(762176K), 0.0042240 secs] [Times: user=0.02 sys=0.00, real=0.00 secs] 
2014-07-28T19:48:55.225+0000: 897.603: [GC [PSYoungGen: 75200K->288K(74432K)] 157869K->82981K(761408K), 0.0040890 secs] [Times: user=0.02 sys=0.00, real=0.01 secs] 
2014-07-28T19:48:55.747+0000: 898.125: [GC [PSYoungGen: 74389K->320K(73664K)] 157083K->83093K(760640K), 0.0067520 secs] [Times: user=0.04 sys=0.00, real=0.00 secs] 
2014-07-28T19:48:56.264+0000: 898.642: [GC [PSYoungGen: 73632K->466K(73088K)] 156406K->83247K(760064K), 0.0042930 secs] [Times: user=0.02 sys=0.00, real=0.01 secs] 
2014-07-28T19:48:56.779+0000: 899.157: [GC [PSYoungGen: 73042K->160K(72000K)] 155823K->82973K(758976K), 0.0045050 secs] [Times: user=0.01 sys=0.00, real=0.00 secs] 
2014-07-28T19:48:57.287+0000: 899.665: [GC [PSYoungGen: 71968K->402K(71488K)] 154781K->83231K(758464K), 0.0050930 secs] [Times: user=0.03 sys=0.01, real=0.00 secs] 
2014-07-28T19:48:57.783+0000: 900.160: [GC [PSYoungGen: 71442K->288K(70656K)] 154271K->83189K(757632K), 0.0059110 secs] [Times: user=0.04 sys=0.00, real=0.01 secs] 
2014-07-28T19:48:58.279+0000: 900.657: [GC [PSYoungGen: 70624K->448K(70080K)] 153525K->83381K(757056K), 0.0039730 secs] [Times: user=0.02 sys=0.00, real=0.00 secs] 
2014-07-28T19:48:58.769+0000: 901.147: [GC [PSYoungGen: 70080K->320K(69248K)] 153013K->83333K(756224K), 0.0052680 secs] [Times: user=0.04 sys=0.00, real=0.00 secs] 
2014-07-28T19:48:59.252+0000: 901.630: [GC [PSYoungGen: 69248K->448K(68672K)] 152261K->83477K(755648K), 0.0048750 secs] [Times: user=0.03 sys=0.00, real=0.01 secs] 
2014-07-28T19:48:59.734+0000: 902.112: [GC [PSYoungGen: 68672K->448K(67968K)] 151701K->83565K(754944K), 0.0046430 secs] [Times: user=0.02 sys=0.00, real=0.01 secs] 
2014-07-28T19:49:00.209+0000: 902.587: [GC [PSYoungGen: 67966K->256K(67136K)] 151083K->83373K(754112K), 0.0040360 secs] [Times: user=0.02 sys=0.00, real=0.00 secs] 
2014-07-28T19:49:00.680+0000: 903.058: [GC [PSYoungGen: 67136K->288K(66560K)] 150253K->83477K(753536K), 0.0054520 secs] [Times: user=0.03 sys=0.00, real=0.00 secs] 
2014-07-28T19:49:01.146+0000: 903.524: [GC [PSYoungGen: 66528K->384K(65984K)] 149717K->83597K(752960K), 0.0049300 secs] [Times: user=0.03 sys=0.00, real=0.01 secs] 
2014-07-28T19:49:01.603+0000: 903.981: [GC [PSYoungGen: 65984K->320K(65280K)] 149197K->83605K(752256K), 0.0045940 secs] [Times: user=0.03 sys=0.00, real=0.01 secs] 
2014-07-28T19:49:02.061+0000: 904.439: [GC [PSYoungGen: 65266K->466K(64832K)] 148551K->83783K(751808K), 0.0037850 secs] [Times: user=0.02 sys=0.00, real=0.00 secs] 
2014-07-28T19:49:02.514+0000: 904.892: [GC [PSYoungGen: 64786K->384K(64064K)] 148103K->83829K(751040K), 0.0048020 secs] [Times: user=0.03 sys=0.00, real=0.01 secs] 
2014-07-28T19:49:02.962+0000: 905.340: [GC [PSYoungGen: 64064K->352K(76800K)] 147509K->83821K(763776K), 0.0060080 secs] [Times: user=0.04 sys=0.00, real=0.01 secs] 
2014-07-28T19:49:03.497+0000: 905.875: [GC [PSYoungGen: 76768K->384K(75968K)] 160237K->83941K(762944K), 0.0038220 secs] [Times: user=0.02 sys=0.00, real=0.00 secs] 
2014-07-28T19:49:04.027+0000: 906.405: [GC [PSYoungGen: 75968K->320K(75072K)] 159525K->83917K(762048K), 0.0056210 secs] [Times: user=0.03 sys=0.00, real=0.00 secs] 
2014-07-28T19:49:04.555+0000: 906.933: [GC [PSYoungGen: 75072K->288K(74240K)] 158669K->83949K(761216K), 0.0042670 secs] [Times: user=0.02 sys=0.00, real=0.01 secs] 
2014-07-28T19:49:05.075+0000: 907.453: [GC [PSYoungGen: 74164K->306K(89024K)] 157826K->83999K(776000K), 0.0075970 secs] [Times: user=0.05 sys=0.00, real=0.01 secs] 
2014-07-28T19:49:05.697+0000: 908.074: [GC [PSYoungGen: 89010K->512K(88128K)] 172703K->84293K(775104K), 0.0033720 secs] [Times: user=0.02 sys=0.00, real=0.01 secs] 
2014-07-28T19:49:06.314+0000: 908.692: [GC [PSYoungGen: 88128K->416K(86976K)] 171909K->84221K(773952K), 0.0049890 secs] [Times: user=0.03 sys=0.00, real=0.01 secs] 
2014-07-28T19:49:06.923+0000: 909.301: [GC [PSYoungGen: 86944K->192K(85696K)] 170749K->84045K(772672K), 0.0025300 secs] [Times: user=0.02 sys=0.00, real=0.00 secs] 
2014-07-28T19:49:07.525+0000: 909.903: [GC [PSYoungGen: 85696K->384K(84864K)] 169549K->84301K(771840K), 0.0042610 secs] [Times: user=0.02 sys=0.00, real=0.01 secs] 
2014-07-28T19:49:08.125+0000: 910.503: [GC [PSYoungGen: 84864K->448K(83904K)] 168781K->84453K(770880K), 0.0026070 secs] [Times: user=0.02 sys=0.01, real=0.01 secs] 
2014-07-28T19:49:08.713+0000: 911.090: [GC [PSYoungGen: 83904K->352K(82880K)] 167909K->84437K(769856K), 0.0027490 secs] [Times: user=0.02 sys=0.00, real=0.00 secs] 
2014-07-28T19:49:09.298+0000: 911.676: [GC [PSYoungGen: 82848K->256K(81792K)] 166933K->84349K(768768K), 0.0049100 secs] [Times: user=0.03 sys=0.00, real=0.00 secs] 
2014-07-28T19:49:09.873+0000: 912.251: [GC [PSYoungGen: 81792K->352K(80960K)] 165885K->84533K(767936K), 0.0049740 secs] [Times: user=0.03 sys=0.00, real=0.01 secs] 
2014-07-28T19:49:10.442+0000: 912.820: [GC [PSYoungGen: 80928K->352K(80064K)] 165109K->84581K(767040K), 0.0045890 secs] [Times: user=0.02 sys=0.00, real=0.00 secs] 
2014-07-28T19:49:11.002+0000: 913.380: [GC [PSYoungGen: 80032K->352K(79168K)] 164261K->84669K(766144K), 0.0035000 secs] [Times: user=0.02 sys=0.00, real=0.00 secs] 
2014-07-28T19:49:11.553+0000: 913.931: [GC [PSYoungGen: 79136K->320K(78208K)] 163453K->84717K(765184K), 0.0023170 secs] [Times: user=0.01 sys=0.00, real=0.00 secs] 
2014-07-28T19:49:12.106+0000: 914.483: [GC [PSYoungGen: 78208K->480K(77504K)] 162605K->84917K(764480K), 0.0048730 secs] [Times: user=0.04 sys=0.00, real=0.01 secs] 
2014-07-28T19:49:12.649+0000: 915.027: [GC [PSYoungGen: 77466K->256K(76416K)] 161904K->84741K(763392K), 0.0023410 secs] [Times: user=0.01 sys=0.01, real=0.00 secs] 
2014-07-28T19:49:13.185+0000: 915.563: [GC [PSYoungGen: 76416K->320K(75648K)] 160901K->84829K(762624K), 0.0053860 secs] [Times: user=0.04 sys=0.00, real=0.01 secs] 
2014-07-28T19:49:13.711+0000: 916.089: [GC [PSYoungGen: 75648K->384K(74880K)] 160157K->84965K(761856K), 0.0039500 secs] [Times: user=0.02 sys=0.00, real=0.00 secs] 
2014-07-28T19:49:14.234+0000: 916.612: [GC [PSYoungGen: 74880K->320K(73984K)] 159461K->84917K(760960K), 0.0025250 secs] [Times: user=0.01 sys=0.00, real=0.00 secs] 
2014-07-28T19:49:14.753+0000: 917.131: [GC [PSYoungGen: 73984K->288K(73216K)] 158581K->84949K(760192K), 0.0041920 secs] [Times: user=0.02 sys=0.00, real=0.00 secs] 
2014-07-28T19:49:15.264+0000: 917.642: [GC [PSYoungGen: 73156K->416K(72576K)] 157818K->85093K(759552K), 0.0023870 secs] [Times: user=0.01 sys=0.00, real=0.00 secs] 
2014-07-28T19:49:15.773+0000: 918.150: [GC [PSYoungGen: 72544K->192K(71552K)] 157221K->84917K(758528K), 0.0042260 secs] [Times: user=0.03 sys=0.00, real=0.00 secs] 
2014-07-28T19:49:16.275+0000: 918.653: [GC [PSYoungGen: 71552K->224K(70848K)] 156277K->84957K(757824K), 0.0066630 secs] [Times: user=0.04 sys=0.00, real=0.01 secs] 
2014-07-28T19:49:16.769+0000: 919.147: [GC [PSYoungGen: 70816K->416K(70336K)] 155549K->85237K(757312K), 0.0047280 secs] [Times: user=0.03 sys=0.00, real=0.00 secs] 
2014-07-28T19:49:17.262+0000: 919.640: [GC [PSYoungGen: 70304K->448K(69632K)] 155125K->85285K(756608K), 0.0026880 secs] [Times: user=0.01 sys=0.00, real=0.00 secs] 
2014-07-28T19:49:17.749+0000: 920.127: [GC [PSYoungGen: 69632K->288K(68800K)] 154469K->85189K(755776K), 0.0050070 secs] [Times: user=0.03 sys=0.00, real=0.00 secs] 
2014-07-28T19:49:18.233+0000: 920.610: [GC [PSYoungGen: 68768K->320K(68096K)] 153669K->85253K(755072K), 0.0054940 secs] [Times: user=0.03 sys=0.00, real=0.00 secs] 
2014-07-28T19:49:18.708+0000: 921.086: [GC [PSYoungGen: 68055K->288K(67392K)] 152989K->85293K(754368K), 0.0027130 secs] [Times: user=0.01 sys=0.00, real=0.01 secs] 
2014-07-28T19:49:19.181+0000: 921.559: [GC [PSYoungGen: 67360K->416K(66880K)] 152365K->85437K(753856K), 0.0023310 secs] [Times: user=0.01 sys=0.01, real=0.00 secs] 
2014-07-28T19:49:19.647+0000: 922.025: [GC [PSYoungGen: 66848K->416K(66240K)] 151869K->85533K(753216K), 0.0041210 secs] [Times: user=0.03 sys=0.01, real=0.01 secs] 
2014-07-28T19:49:20.110+0000: 922.488: [GC [PSYoungGen: 66208K->480K(65664K)] 151325K->85645K(752640K), 0.0027940 secs] [Times: user=0.01 sys=0.00, real=0.00 secs] 
2014-07-28T19:49:20.565+0000: 922.943: [GC [PSYoungGen: 65632K->256K(64768K)] 150797K->85541K(751744K), 0.0030190 secs] [Times: user=0.02 sys=0.00, real=0.00 secs] 
2014-07-28T19:49:21.020+0000: 923.398: [GC [PSYoungGen: 64721K->288K(64192K)] 150007K->85597K(751168K), 0.0037440 secs] [Times: user=0.03 sys=0.00, real=0.00 secs] 
2014-07-28T19:49:21.470+0000: 923.847: [GC [PSYoungGen: 64160K->562K(63872K)] 149469K->85935K(750848K), 0.0063460 secs] [Times: user=0.04 sys=0.00, real=0.01 secs] 
2014-07-28T19:49:21.913+0000: 924.291: [GC [PSYoungGen: 63858K->480K(63232K)] 149231K->85893K(750208K), 0.0031360 secs] [Times: user=0.01 sys=0.00, real=0.00 secs] 
2014-07-28T19:49:22.352+0000: 924.729: [GC [PSYoungGen: 63200K->256K(62400K)] 148613K->85717K(749376K), 0.0047980 secs] [Times: user=0.03 sys=0.00, real=0.00 secs] 
2014-07-28T19:49:22.788+0000: 925.166: [GC [PSYoungGen: 62400K->416K(62016K)] 147861K->85973K(748992K), 0.0032100 secs] [Times: user=0.02 sys=0.01, real=0.01 secs] 
2014-07-28T19:49:23.218+0000: 925.596: [GC [PSYoungGen: 61984K->448K(61440K)] 147541K->86045K(748416K), 0.0026040 secs] [Times: user=0.01 sys=0.00, real=0.01 secs] 
2014-07-28T19:49:23.647+0000: 926.025: [GC [PSYoungGen: 61440K->224K(60672K)] 147037K->85877K(747648K), 0.0027990 secs] [Times: user=0.02 sys=0.00, real=0.00 secs] 
2014-07-28T19:49:24.072+0000: 926.449: [GC [PSYoungGen: 60640K->192K(60096K)] 146293K->85853K(747072K), 0.0025610 secs] [Times: user=0.01 sys=0.00, real=0.00 secs] 
2014-07-28T19:49:24.495+0000: 926.873: [GC [PSYoungGen: 60096K->224K(59648K)] 145757K->85933K(746624K), 0.0038940 secs] [Times: user=0.03 sys=0.00, real=0.00 secs] 
2014-07-28T19:49:24.912+0000: 927.290: [GC [PSYoungGen: 59580K->384K(59264K)] 145289K->86117K(746240K), 0.0062390 secs] [Times: user=0.04 sys=0.00, real=0.00 secs] 
2014-07-28T19:49:25.324+0000: 927.702: [GC [PSYoungGen: 59264K->288K(58688K)] 144997K->86061K(745664K), 0.0046870 secs] [Times: user=0.03 sys=0.00, real=0.00 secs] 
2014-07-28T19:49:25.735+0000: 928.113: [GC [PSYoungGen: 58656K->192K(70272K)] 144429K->85997K(757248K), 0.0049060 secs] [Times: user=0.02 sys=0.00, real=0.00 secs] 
2014-07-28T19:49:26.228+0000: 928.606: [GC [PSYoungGen: 70272K->320K(84416K)] 156077K->86133K(771392K), 0.0062140 secs] [Times: user=0.04 sys=0.00, real=0.01 secs] 
2014-07-28T19:49:26.821+0000: 929.199: [GC [PSYoungGen: 84416K->288K(83392K)] 170229K->86165K(770368K), 0.0039750 secs] [Times: user=0.02 sys=0.01, real=0.00 secs] 
2014-07-28T19:49:27.405+0000: 929.783: [GC [PSYoungGen: 83360K->352K(82496K)] 169237K->86253K(769472K), 0.0027930 secs] [Times: user=0.01 sys=0.00, real=0.00 secs] 
2014-07-28T19:49:27.985+0000: 930.363: [GC [PSYoungGen: 82464K->192K(81344K)] 168365K->86125K(768320K), 0.0031940 secs] [Times: user=0.01 sys=0.00, real=0.00 secs] 
2014-07-28T19:49:28.555+0000: 930.933: [GC [PSYoungGen: 81342K->416K(80640K)] 167275K->86445K(767616K), 0.0028150 secs] [Times: user=0.02 sys=0.00, real=0.00 secs] 
2014-07-28T19:49:29.124+0000: 931.502: [GC [PSYoungGen: 80608K->288K(79616K)] 166637K->86349K(766592K), 0.0028600 secs] [Times: user=0.01 sys=0.00, real=0.00 secs] 
2014-07-28T19:49:29.682+0000: 932.060: [GC [PSYoungGen: 79583K->224K(78656K)] 165645K->86341K(765632K), 0.0047830 secs] [Times: user=0.02 sys=0.00, real=0.00 secs] 
2014-07-28T19:49:30.232+0000: 932.610: [GC [PSYoungGen: 78624K->352K(77888K)] 164741K->86485K(764864K), 0.0038610 secs] [Times: user=0.02 sys=0.00, real=0.00 secs] 
2014-07-28T19:49:30.779+0000: 933.156: [GC [PSYoungGen: 77856K->288K(76992K)] 163989K->86485K(763968K), 0.0035800 secs] [Times: user=0.02 sys=0.00, real=0.01 secs] 
2014-07-28T19:49:31.317+0000: 933.695: [GC [PSYoungGen: 76960K->224K(76096K)] 163157K->86429K(763072K), 0.0055420 secs] [Times: user=0.03 sys=0.00, real=0.01 secs] 
2014-07-28T19:49:31.855+0000: 934.233: [GC [PSYoungGen: 76064K->416K(75456K)] 162269K->86725K(762432K), 0.0025100 secs] [Times: user=0.01 sys=0.00, real=0.00 secs] 
2014-07-28T19:49:32.385+0000: 934.762: [GC [PSYoungGen: 75424K->384K(74560K)] 161733K->86725K(761536K), 0.0026080 secs] [Times: user=0.02 sys=0.00, real=0.00 secs] 
2014-07-28T19:49:32.905+0000: 935.283: [GC [PSYoungGen: 74558K->320K(73728K)] 160900K->86717K(760704K), 0.0036260 secs] [Times: user=0.02 sys=0.00, real=0.00 secs] 
2014-07-28T19:49:33.423+0000: 935.801: [GC [PSYoungGen: 73728K->384K(73024K)] 160125K->86805K(760000K), 0.0042750 secs] [Times: user=0.02 sys=0.00, real=0.00 secs] 
2014-07-28T19:49:33.937+0000: 936.315: [GC [PSYoungGen: 73024K->384K(72256K)] 159445K->86869K(759232K), 0.0053840 secs] [Times: user=0.02 sys=0.00, real=0.01 secs] 
2014-07-28T19:49:34.448+0000: 936.826: [GC [PSYoungGen: 72256K->320K(71424K)] 158741K->86877K(758400K), 0.0039140 secs] [Times: user=0.02 sys=0.00, real=0.01 secs] 
2014-07-28T19:49:34.950+0000: 937.328: [GC [PSYoungGen: 71423K->370K(70720K)] 157981K->86999K(757696K), 0.0032040 secs] [Times: user=0.01 sys=0.00, real=0.01 secs] 
2014-07-28T19:49:35.447+0000: 937.825: [GC [PSYoungGen: 70706K->288K(69952K)] 157335K->86989K(756928K), 0.0056600 secs] [Times: user=0.03 sys=0.00, real=0.01 secs] 
2014-07-28T19:49:35.937+0000: 938.315: [GC [PSYoungGen: 69920K->448K(69376K)] 156621K->87221K(756352K), 0.0027120 secs] [Times: user=0.02 sys=0.00, real=0.00 secs] 
2014-07-28T19:49:36.421+0000: 938.799: [GC [PSYoungGen: 69376K->256K(68480K)] 156149K->87077K(755456K), 0.0031650 secs] [Times: user=0.02 sys=0.00, real=0.00 secs] 
2014-07-28T19:49:36.903+0000: 939.281: [GC [PSYoungGen: 68480K->288K(67840K)] 155301K->87165K(754816K), 0.0025780 secs] [Times: user=0.01 sys=0.01, real=0.00 secs] 
2014-07-28T19:49:37.379+0000: 939.757: [GC [PSYoungGen: 67808K->320K(67200K)] 154685K->87237K(754176K), 0.0027530 secs] [Times: user=0.02 sys=0.00, real=0.00 secs] 
2014-07-28T19:49:37.846+0000: 940.224: [GC [PSYoungGen: 67200K->288K(66560K)] 154117K->87277K(753536K), 0.0023800 secs] [Times: user=0.00 sys=0.00, real=0.00 secs] 
2014-07-28T19:49:38.312+0000: 940.690: [GC [PSYoungGen: 66528K->352K(65984K)] 153517K->87365K(752960K), 0.0023420 secs] [Times: user=0.01 sys=0.00, real=0.00 secs] 
2014-07-28T19:49:38.773+0000: 941.151: [GC [PSYoungGen: 65952K->224K(65216K)] 152965K->87285K(752192K), 0.0034350 secs] [Times: user=0.02 sys=0.00, real=0.00 secs] 
2014-07-28T19:49:39.229+0000: 941.607: [GC [PSYoungGen: 65184K->192K(64512K)] 152245K->87269K(751488K), 0.0030700 secs] [Times: user=0.02 sys=0.01, real=0.01 secs] 
2014-07-28T19:49:39.685+0000: 942.063: [GC [PSYoungGen: 64512K->352K(64064K)] 151589K->87517K(751040K), 0.0030160 secs] [Times: user=0.02 sys=0.00, real=0.00 secs] 
2014-07-28T19:49:40.133+0000: 942.511: [GC [PSYoungGen: 64005K->274K(63424K)] 151171K->87463K(750400K), 0.0050700 secs] [Times: user=0.03 sys=0.00, real=0.00 secs] 
2014-07-28T19:49:40.577+0000: 942.955: [GC [PSYoungGen: 63378K->224K(62784K)] 150567K->87453K(749760K), 0.0022970 secs] [Times: user=0.02 sys=0.00, real=0.00 secs] 
2014-07-28T19:49:41.018+0000: 943.396: [GC [PSYoungGen: 62752K->192K(62144K)] 149981K->87445K(749120K), 0.0024200 secs] [Times: user=0.01 sys=0.00, real=0.00 secs] 
2014-07-28T19:49:41.455+0000: 943.833: [GC [PSYoungGen: 62144K->192K(61568K)] 149397K->87477K(748544K), 0.0036170 secs] [Times: user=0.02 sys=0.00, real=0.00 secs] 
2014-07-28T19:49:41.886+0000: 944.264: [GC [PSYoungGen: 61568K->384K(61184K)] 148853K->87693K(748160K), 0.0050890 secs] [Times: user=0.02 sys=0.00, real=0.00 secs] 
2014-07-28T19:49:42.312+0000: 944.690: [GC [PSYoungGen: 61184K->288K(60544K)] 148493K->87637K(747520K), 0.0041560 secs] [Times: user=0.02 sys=0.00, real=0.00 secs] 
2014-07-28T19:49:42.738+0000: 945.116: [GC [PSYoungGen: 60512K->384K(60096K)] 147861K->87845K(747072K), 0.0022520 secs] [Times: user=0.02 sys=0.00, real=0.00 secs] 
2014-07-28T19:49:43.154+0000: 945.531: [GC [PSYoungGen: 60088K->416K(59648K)] 147550K->87933K(746624K), 0.0065330 secs] [Times: user=0.04 sys=0.00, real=0.00 secs] 
2014-07-28T19:49:43.567+0000: 945.945: [GC [PSYoungGen: 59616K->352K(71424K)] 147133K->87957K(758400K), 0.0058630 secs] [Times: user=0.04 sys=0.00, real=0.01 secs] 
2014-07-28T19:49:44.067+0000: 946.445: [GC [PSYoungGen: 71392K->320K(70656K)] 158997K->87957K(757632K), 0.0038500 secs] [Times: user=0.02 sys=0.00, real=0.00 secs] 
2014-07-28T19:49:44.560+0000: 946.938: [GC [PSYoungGen: 70649K->416K(70080K)] 158287K->88125K(757056K), 0.0037480 secs] [Times: user=0.02 sys=0.01, real=0.01 secs] 
2014-07-28T19:49:45.052+0000: 947.429: [GC [PSYoungGen: 70048K->448K(84032K)] 157757K->88197K(771008K), 0.0064670 secs] [Times: user=0.04 sys=0.00, real=0.01 secs] 
2014-07-28T19:49:45.642+0000: 948.020: [GC [PSYoungGen: 84032K->320K(82944K)] 171781K->88173K(769920K), 0.0051960 secs] [Times: user=0.03 sys=0.00, real=0.01 secs] 
2014-07-28T19:49:46.226+0000: 948.604: [GC [PSYoungGen: 82944K->352K(82048K)] 170797K->88221K(769024K), 0.0050530 secs] [Times: user=0.03 sys=0.00, real=0.00 secs] 
2014-07-28T19:49:46.800+0000: 949.178: [GC [PSYoungGen: 82016K->480K(81216K)] 169885K->88469K(768192K), 0.0029060 secs] [Times: user=0.02 sys=0.01, real=0.01 secs] 
2014-07-28T19:49:47.368+0000: 949.746: [GC [PSYoungGen: 81184K->192K(79936K)] 169173K->88197K(766912K), 0.0052600 secs] [Times: user=0.02 sys=0.00, real=0.01 secs] 
2014-07-28T19:49:47.930+0000: 950.308: [GC [PSYoungGen: 79936K->320K(79168K)] 167941K->88405K(766144K), 0.0061460 secs] [Times: user=0.04 sys=0.00, real=0.01 secs] 
2014-07-28T19:49:48.487+0000: 950.865: [GC [PSYoungGen: 79133K->384K(78336K)] 167219K->88549K(765312K), 0.0047360 secs] [Times: user=0.02 sys=0.01, real=0.00 secs] 
2014-07-28T19:49:49.033+0000: 951.411: [GC [PSYoungGen: 78336K->224K(77312K)] 166501K->88429K(764288K), 0.0046470 secs] [Times: user=0.03 sys=0.00, real=0.00 secs] 
2014-07-28T19:49:49.577+0000: 951.955: [GC [PSYoungGen: 77280K->384K(76608K)] 165485K->88669K(763584K), 0.0042760 secs] [Times: user=0.02 sys=0.00, real=0.00 secs] 
2014-07-28T19:49:50.116+0000: 952.494: [GC [PSYoungGen: 76608K->320K(75712K)] 164893K->88653K(762688K), 0.0047530 secs] [Times: user=0.02 sys=0.01, real=0.00 secs] 
2014-07-28T19:49:50.647+0000: 953.025: [GC [PSYoungGen: 75712K->256K(83072K)] 164045K->88629K(770048K), 0.0090720 secs] [Times: user=0.05 sys=0.00, real=0.01 secs] 
2014-07-28T19:49:51.228+0000: 953.606: [GC [PSYoungGen: 82752K->256K(91072K)] 171125K->88645K(778048K), 0.0052460 secs] [Times: user=0.03 sys=0.01, real=0.00 secs] 
2014-07-28T19:49:51.862+0000: 954.240: [GC [PSYoungGen: 90752K->352K(89728K)] 179141K->88813K(776704K), 0.0042650 secs] [Times: user=0.01 sys=0.01, real=0.01 secs] 
2014-07-28T19:49:52.492+0000: 954.870: [GC [PSYoungGen: 89696K->192K(88448K)] 178157K->88677K(775424K), 0.0035320 secs] [Times: user=0.02 sys=0.00, real=0.01 secs] 
2014-07-28T19:49:53.113+0000: 955.491: [GC [PSYoungGen: 88431K->256K(87424K)] 176917K->88789K(774400K), 0.0049560 secs] [Times: user=0.02 sys=0.00, real=0.01 secs] 
2014-07-28T19:49:53.726+0000: 956.104: [GC [PSYoungGen: 87424K->384K(86464K)] 175957K->88989K(773440K), 0.0080980 secs] [Times: user=0.05 sys=0.01, real=0.01 secs] 
2014-07-28T19:49:54.331+0000: 956.709: [GC [PSYoungGen: 86464K->288K(85376K)] 175069K->88917K(772352K), 0.0062750 secs] [Times: user=0.03 sys=0.00, real=0.01 secs] 
2014-07-28T19:49:54.930+0000: 957.308: [GC [PSYoungGen: 85302K->192K(84224K)] 173931K->88861K(771200K), 0.0049450 secs] [Times: user=0.02 sys=0.00, real=0.01 secs] 
2014-07-28T19:49:55.524+0000: 957.902: [GC [PSYoungGen: 84224K->192K(83200K)] 172893K->88893K(770176K), 0.0039320 secs] [Times: user=0.01 sys=0.00, real=0.00 secs] 
2014-07-28T19:49:56.110+0000: 958.488: [GC [PSYoungGen: 83200K->192K(89536K)] 171901K->88925K(776512K), 0.0091010 secs] [Times: user=0.06 sys=0.01, real=0.01 secs] 
2014-07-28T19:49:56.736+0000: 959.114: [GC [PSYoungGen: 89216K->352K(89536K)] 177949K->89101K(776512K), 0.0066690 secs] [Times: user=0.02 sys=0.00, real=0.00 secs] 
2014-07-28T19:49:57.362+0000: 959.740: [GC [PSYoungGen: 89376K->256K(88192K)] 178125K->89021K(775168K), 0.0047630 secs] [Times: user=0.02 sys=0.00, real=0.01 secs] 
2014-07-28T19:49:57.982+0000: 960.360: [GC [PSYoungGen: 88192K->448K(87296K)] 176957K->89301K(774272K), 0.0040290 secs] [Times: user=0.03 sys=0.00, real=0.01 secs] 
2014-07-28T19:49:58.588+0000: 960.966: [GC [PSYoungGen: 87296K->224K(86016K)] 176149K->89133K(772992K), 0.0029330 secs] [Times: user=0.02 sys=0.01, real=0.00 secs] 
2014-07-28T19:49:59.194+0000: 961.572: [GC [PSYoungGen: 85984K->306K(85056K)] 174893K->89239K(772032K), 0.0095000 secs] [Times: user=0.04 sys=0.00, real=0.01 secs] 
2014-07-28T19:49:59.791+0000: 962.169: [GC [PSYoungGen: 85042K->288K(84032K)] 173975K->89277K(771008K), 0.0020990 secs] [Times: user=0.01 sys=0.00, real=0.00 secs] 
2014-07-28T19:50:00.387+0000: 962.765: [GC [PSYoungGen: 83997K->288K(83008K)] 172987K->89293K(769984K), 0.0031110 secs] [Times: user=0.01 sys=0.00, real=0.00 secs] 
2014-07-28T19:50:00.972+0000: 963.350: [GC [PSYoungGen: 82976K->320K(82048K)] 171981K->89373K(769024K), 0.0056670 secs] [Times: user=0.02 sys=0.00, real=0.01 secs] 
2014-07-28T19:50:01.543+0000: 963.921: [GC [PSYoungGen: 82048K->434K(81216K)] 171101K->89575K(768192K), 0.0049250 secs] [Times: user=0.03 sys=0.00, real=0.01 secs] 
2014-07-28T19:50:02.113+0000: 964.491: [GC [PSYoungGen: 81169K->288K(80128K)] 170311K->89461K(767104K), 0.0043930 secs] [Times: user=0.02 sys=0.00, real=0.01 secs] 
2014-07-28T19:50:02.672+0000: 965.050: [GC [PSYoungGen: 80096K->448K(79360K)] 169269K->89701K(766336K), 0.0037370 secs] [Times: user=0.02 sys=0.00, real=0.01 secs] 
2014-07-28T19:50:03.227+0000: 965.605: [GC [PSYoungGen: 79347K->288K(78336K)] 168601K->89557K(765312K), 0.0070310 secs] [Times: user=0.04 sys=0.01, real=0.00 secs] 
2014-07-28T19:50:03.778+0000: 966.156: [GC [PSYoungGen: 78293K->256K(77376K)] 167563K->89581K(764352K), 0.0038150 secs] [Times: user=0.01 sys=0.00, real=0.00 secs] 
2014-07-28T19:50:04.318+0000: 966.696: [GC [PSYoungGen: 77341K->416K(76736K)] 166667K->89765K(763712K), 0.0024240 secs] [Times: user=0.01 sys=0.01, real=0.00 secs] 
2014-07-28T19:50:04.853+0000: 967.231: [GC [PSYoungGen: 76704K->384K(75840K)] 166053K->89805K(762816K), 0.0046690 secs] [Times: user=0.02 sys=0.00, real=0.01 secs] 
2014-07-28T19:50:05.386+0000: 967.764: [GC [PSYoungGen: 75840K->256K(74880K)] 165261K->89781K(761856K), 0.0037940 secs] [Times: user=0.02 sys=0.00, real=0.00 secs] 
2014-07-28T19:50:05.910+0000: 968.288: [GC [PSYoungGen: 74880K->288K(74112K)] 164405K->89869K(761088K), 0.0019920 secs] [Times: user=0.01 sys=0.00, real=0.00 secs] 
2014-07-28T19:50:06.430+0000: 968.808: [GC [PSYoungGen: 74080K->352K(73408K)] 163661K->89965K(760384K), 0.0033240 secs] [Times: user=0.02 sys=0.00, real=0.00 secs] 
2014-07-28T19:50:06.945+0000: 969.323: [GC [PSYoungGen: 73376K->352K(72640K)] 162989K->90045K(759616K), 0.0033780 secs] [Times: user=0.02 sys=0.00, real=0.01 secs] 
2014-07-28T19:50:07.452+0000: 969.830: [GC [PSYoungGen: 72608K->320K(71808K)] 162301K->90125K(758784K), 0.0033370 secs] [Times: user=0.02 sys=0.00, real=0.00 secs] 
2014-07-28T19:50:07.951+0000: 970.328: [GC [PSYoungGen: 71808K->338K(71104K)] 161613K->90199K(758080K), 0.0058890 secs] [Times: user=0.04 sys=0.00, real=0.01 secs] 
2014-07-28T19:50:08.450+0000: 970.828: [GC [PSYoungGen: 71058K->384K(70400K)] 160919K->90301K(757376K), 0.0026360 secs] [Times: user=0.01 sys=0.00, real=0.00 secs] 
2014-07-28T19:50:08.943+0000: 971.320: [GC [PSYoungGen: 70400K->256K(69568K)] 160317K->90229K(756544K), 0.0045210 secs] [Times: user=0.03 sys=0.00, real=0.01 secs] 
2014-07-28T19:50:09.429+0000: 971.807: [GC [PSYoungGen: 69568K->448K(69056K)] 159541K->90517K(756032K), 0.0023940 secs] [Times: user=0.01 sys=0.00, real=0.00 secs] 
2014-07-28T19:50:09.912+0000: 972.289: [GC [PSYoungGen: 69056K->192K(68096K)] 159125K->90309K(755072K), 0.0027780 secs] [Times: user=0.01 sys=0.00, real=0.00 secs] 
2014-07-28T19:50:10.391+0000: 972.769: [GC [PSYoungGen: 68096K->384K(67584K)] 158213K->90533K(754560K), 0.0039250 secs] [Times: user=0.02 sys=0.00, real=0.00 secs] 
2014-07-28T19:50:10.858+0000: 973.236: [GC [PSYoungGen: 67584K->512K(67072K)] 157733K->90781K(754048K), 0.0020660 secs] [Times: user=0.01 sys=0.00, real=0.00 secs] 
2014-07-28T19:50:11.326+0000: 973.704: [GC [PSYoungGen: 67072K->224K(66176K)] 157341K->90533K(753152K), 0.0024380 secs] [Times: user=0.01 sys=0.00, real=0.01 secs] 
2014-07-28T19:50:11.792+0000: 974.170: [GC [PSYoungGen: 66144K->384K(65664K)] 156453K->90773K(752640K), 0.0043420 secs] [Times: user=0.02 sys=0.01, real=0.00 secs] 
2014-07-28T19:50:12.247+0000: 974.625: [GC [PSYoungGen: 65635K->256K(64896K)] 156025K->90653K(751872K), 0.0045250 secs] [Times: user=0.02 sys=0.00, real=0.00 secs] 
2014-07-28T19:50:12.703+0000: 975.081: [GC [PSYoungGen: 64859K->384K(64384K)] 155257K->90877K(751360K), 0.0021750 secs] [Times: user=0.00 sys=0.00, real=0.00 secs] 
2014-07-28T19:50:13.154+0000: 975.532: [GC [PSYoungGen: 64384K->416K(63872K)] 154877K->90941K(750848K), 0.0031010 secs] [Times: user=0.01 sys=0.00, real=0.00 secs] 
2014-07-28T19:50:13.599+0000: 975.977: [GC [PSYoungGen: 63840K->256K(63104K)] 154365K->90837K(750080K), 0.0028130 secs] [Times: user=0.01 sys=0.00, real=0.00 secs] 
2014-07-28T19:50:14.044+0000: 976.422: [GC [PSYoungGen: 63104K->256K(62528K)] 153685K->90885K(749504K), 0.0043430 secs] [Times: user=0.03 sys=0.00, real=0.01 secs] 
2014-07-28T19:50:14.483+0000: 976.861: [GC [PSYoungGen: 62481K->352K(62080K)] 153110K->91061K(749056K), 0.0042990 secs] [Times: user=0.03 sys=0.00, real=0.01 secs] 
2014-07-28T19:50:14.914+0000: 977.292: [GC [PSYoungGen: 62048K->320K(61440K)] 152757K->91053K(748416K), 0.0058870 secs] [Times: user=0.04 sys=0.00, real=0.01 secs] 
2014-07-28T19:50:15.348+0000: 977.726: [GC [PSYoungGen: 61440K->192K(60736K)] 152173K->90949K(747712K), 0.0044710 secs] [Times: user=0.03 sys=0.00, real=0.00 secs] 
2014-07-28T19:50:15.771+0000: 978.149: [GC [PSYoungGen: 60736K->192K(72896K)] 151493K->90973K(759872K), 0.0083280 secs] [Times: user=0.05 sys=0.00, real=0.01 secs] 
2014-07-28T19:50:16.287+0000: 978.665: [GC [PSYoungGen: 72896K->256K(87552K)] 163677K->91045K(774528K), 0.0035120 secs] [Times: user=0.02 sys=0.00, real=0.01 secs] 
2014-07-28T19:50:16.902+0000: 979.280: [GC [PSYoungGen: 87552K->352K(86592K)] 178341K->91221K(773568K), 0.0048820 secs] [Times: user=0.03 sys=0.00, real=0.00 secs] 
2014-07-28T19:50:17.506+0000: 979.884: [GC [PSYoungGen: 86560K->320K(85504K)] 177429K->91229K(772480K), 0.0027510 secs] [Times: user=0.02 sys=0.00, real=0.01 secs] 
2014-07-28T19:50:18.111+0000: 980.489: [GC [PSYoungGen: 85503K->288K(84480K)] 176413K->91261K(771456K), 0.0042160 secs] [Times: user=0.03 sys=0.00, real=0.00 secs] 
2014-07-28T19:50:18.702+0000: 981.080: [GC [PSYoungGen: 84448K->288K(83456K)] 175421K->91325K(770432K), 0.0030510 secs] [Times: user=0.02 sys=0.00, real=0.00 secs] 
2014-07-28T19:50:19.288+0000: 981.666: [GC [PSYoungGen: 83424K->416K(82624K)] 174461K->91477K(769600K), 0.0029430 secs] [Times: user=0.02 sys=0.00, real=0.01 secs] 
2014-07-28T19:50:19.869+0000: 982.247: [GC [PSYoungGen: 82592K->224K(81472K)] 173653K->91333K(768448K), 0.0036770 secs] [Times: user=0.02 sys=0.00, real=0.00 secs] 
2014-07-28T19:50:20.445+0000: 982.823: [GC [PSYoungGen: 81440K->192K(80448K)] 172549K->91333K(767424K), 0.0033710 secs] [Times: user=0.02 sys=0.00, real=0.01 secs] 
2014-07-28T19:50:21.014+0000: 983.392: [GC [PSYoungGen: 80448K->288K(79680K)] 171589K->91477K(766656K), 0.0113420 secs] [Times: user=0.06 sys=0.00, real=0.01 secs] 
2014-07-28T19:50:21.572+0000: 983.950: [GC [PSYoungGen: 79648K->320K(95552K)] 170837K->91557K(782528K), 0.0068430 secs] [Times: user=0.04 sys=0.00, real=0.01 secs] 
2014-07-28T19:50:22.243+0000: 984.621: [GC [PSYoungGen: 95552K->416K(94400K)] 186789K->91685K(781376K), 0.0036940 secs] [Times: user=0.02 sys=0.00, real=0.00 secs] 
2014-07-28T19:50:22.905+0000: 985.283: [GC [PSYoungGen: 94368K->288K(93056K)] 185637K->91605K(780032K), 0.0058950 secs] [Times: user=0.03 sys=0.00, real=0.01 secs] 
2014-07-28T19:50:23.559+0000: 985.937: [GC [PSYoungGen: 93024K->352K(91904K)] 184341K->91685K(778880K), 0.0033780 secs] [Times: user=0.01 sys=0.01, real=0.00 secs] 
2014-07-28T19:50:24.200+0000: 986.578: [GC [PSYoungGen: 91871K->224K(90624K)] 183205K->91597K(777600K), 0.0031340 secs] [Times: user=0.02 sys=0.00, real=0.00 secs] 
2014-07-28T19:50:24.837+0000: 987.215: [GC [PSYoungGen: 90556K->320K(89536K)] 181930K->91757K(776512K), 0.0030930 secs] [Times: user=0.01 sys=0.01, real=0.01 secs] 
2014-07-28T19:50:25.465+0000: 987.843: [GC [PSYoungGen: 89536K->256K(88384K)] 180973K->91725K(775360K), 0.0029860 secs] [Times: user=0.01 sys=0.00, real=0.00 secs] 
2014-07-28T19:50:26.086+0000: 988.464: [GC [PSYoungGen: 88384K->384K(87424K)] 179853K->91941K(774400K), 0.0020960 secs] [Times: user=0.01 sys=0.00, real=0.00 secs] 
2014-07-28T19:50:26.696+0000: 989.074: [GC [PSYoungGen: 87424K->384K(86336K)] 178981K->92029K(773312K), 0.0027880 secs] [Times: user=0.02 sys=0.00, real=0.01 secs] 
2014-07-28T19:50:27.301+0000: 989.679: [GC [PSYoungGen: 86336K->448K(85376K)] 177981K->92133K(772352K), 0.0054760 secs] [Times: user=0.04 sys=0.00, real=0.00 secs] 
2014-07-28T19:50:27.897+0000: 990.275: [GC [PSYoungGen: 85376K->256K(84160K)] 177061K->92093K(771136K), 0.0034370 secs] [Times: user=0.02 sys=0.01, real=0.01 secs] 
2014-07-28T19:50:28.490+0000: 990.867: [GC [PSYoungGen: 84160K->256K(83136K)] 175997K->92117K(770112K), 0.0035400 secs] [Times: user=0.02 sys=0.00, real=0.00 secs] 
2014-07-28T19:50:29.073+0000: 991.451: [GC [PSYoungGen: 83136K->256K(82176K)] 174997K->92181K(769152K), 0.0055060 secs] [Times: user=0.03 sys=0.00, real=0.00 secs] 
2014-07-28T19:50:29.649+0000: 992.027: [GC [PSYoungGen: 82176K->256K(81216K)] 174101K->92237K(768192K), 0.0044130 secs] [Times: user=0.02 sys=0.00, real=0.01 secs] 
2014-07-28T19:50:30.219+0000: 992.597: [GC [PSYoungGen: 81216K->416K(80448K)] 173197K->92421K(767424K), 0.0030260 secs] [Times: user=0.01 sys=0.00, real=0.01 secs] 
2014-07-28T19:50:30.786+0000: 993.164: [GC [PSYoungGen: 80416K->384K(79488K)] 172421K->92477K(766464K), 0.0024230 secs] [Times: user=0.01 sys=0.00, real=0.00 secs] 
2014-07-28T19:50:31.346+0000: 993.724: [GC [PSYoungGen: 79488K->352K(78592K)] 171581K->92453K(765568K), 0.0025680 secs] [Times: user=0.01 sys=0.00, real=0.00 secs] 
2014-07-28T19:50:31.894+0000: 994.272: [GC [PSYoungGen: 78537K->466K(77824K)] 170639K->92647K(764800K), 0.0039170 secs] [Times: user=0.02 sys=0.00, real=0.00 secs] 
2014-07-28T19:50:32.438+0000: 994.816: [GC [PSYoungGen: 77778K->320K(76800K)] 169959K->92557K(763776K), 0.0042500 secs] [Times: user=0.02 sys=0.00, real=0.01 secs] 
2014-07-28T19:50:32.978+0000: 995.356: [GC [PSYoungGen: 76800K->320K(75968K)] 169037K->92613K(762944K), 0.0032340 secs] [Times: user=0.02 sys=0.00, real=0.01 secs] 
2014-07-28T19:50:33.513+0000: 995.891: [GC [PSYoungGen: 75968K->448K(75264K)] 168261K->92813K(762240K), 0.0029430 secs] [Times: user=0.02 sys=0.01, real=0.00 secs] 
2014-07-28T19:50:34.038+0000: 996.416: [GC [PSYoungGen: 75264K->416K(74432K)] 167629K->92829K(761408K), 0.0051450 secs] [Times: user=0.03 sys=0.00, real=0.01 secs] 
2014-07-28T19:50:34.557+0000: 996.935: [GC [PSYoungGen: 74386K->320K(73536K)] 166800K->92797K(760512K), 0.0088260 secs] [Times: user=0.05 sys=0.00, real=0.01 secs] 
2014-07-28T19:50:35.072+0000: 997.450: [GC [PSYoungGen: 73536K->384K(72832K)] 166013K->92917K(759808K), 0.0033150 secs] [Times: user=0.02 sys=0.00, real=0.00 secs] 
2014-07-28T19:50:35.583+0000: 997.961: [GC [PSYoungGen: 72832K->480K(72192K)] 165365K->93117K(759168K), 0.0054570 secs] [Times: user=0.03 sys=0.01, real=0.00 secs] 
2014-07-28T19:50:36.085+0000: 998.463: [GC [PSYoungGen: 72160K->352K(71296K)] 164797K->93037K(758272K), 0.0052700 secs] [Times: user=0.03 sys=0.00, real=0.00 secs] 
2014-07-28T19:50:36.585+0000: 998.963: [GC [PSYoungGen: 71264K->320K(70528K)] 163949K->93109K(757504K), 0.0040850 secs] [Times: user=0.02 sys=0.01, real=0.00 secs] 
2014-07-28T19:50:37.079+0000: 999.457: [GC [PSYoungGen: 70528K->384K(69888K)] 163317K->93245K(756864K), 0.0023740 secs] [Times: user=0.01 sys=0.00, real=0.01 secs] 
2014-07-28T19:50:37.572+0000: 999.950: [GC [PSYoungGen: 69888K->448K(69248K)] 162749K->93389K(756224K), 0.0058420 secs] [Times: user=0.03 sys=0.01, real=0.00 secs] 
2014-07-28T19:50:38.056+0000: 1000.434: [GC [PSYoungGen: 69248K->352K(68480K)] 162189K->93333K(755456K), 0.0049970 secs] [Times: user=0.02 sys=0.01, real=0.01 secs] 
2014-07-28T19:50:38.543+0000: 1000.921: [GC [PSYoungGen: 68448K->384K(67776K)] 161429K->93477K(754752K), 0.0031420 secs] [Times: user=0.02 sys=0.00, real=0.00 secs] 
2014-07-28T19:50:39.007+0000: 1001.385: [GC [PSYoungGen: 67776K->466K(67264K)] 160869K->93607K(754240K), 0.0064040 secs] [Times: user=0.04 sys=0.00, real=0.01 secs] 
2014-07-28T19:50:39.477+0000: 1001.855: [GC [PSYoungGen: 67218K->320K(80448K)] 160359K->93597K(767424K), 0.0057550 secs] [Times: user=0.04 sys=0.00, real=0.01 secs] 
2014-07-28T19:50:40.040+0000: 1002.418: [GC [PSYoungGen: 80448K->192K(79424K)] 173725K->93493K(766400K), 0.0041610 secs] [Times: user=0.02 sys=0.00, real=0.01 secs] 
2014-07-28T19:50:40.598+0000: 1002.976: [GC [PSYoungGen: 79424K->370K(78720K)] 172725K->93743K(765696K), 0.0050200 secs] [Times: user=0.03 sys=0.00, real=0.01 secs] 
2014-07-28T19:50:41.153+0000: 1003.531: [GC [PSYoungGen: 78706K->320K(77760K)] 172079K->93725K(764736K), 0.0062350 secs] [Times: user=0.03 sys=0.00, real=0.00 secs] 
2014-07-28T19:50:41.698+0000: 1004.076: [GC [PSYoungGen: 77760K->480K(77120K)] 171165K->93997K(764096K), 0.0045270 secs] [Times: user=0.03 sys=0.01, real=0.01 secs] 
2014-07-28T19:50:42.236+0000: 1004.614: [GC [PSYoungGen: 77087K->288K(76096K)] 170605K->93813K(763072K), 0.0039900 secs] [Times: user=0.02 sys=0.00, real=0.00 secs] 
2014-07-28T19:50:42.769+0000: 1005.147: [GC [PSYoungGen: 76064K->384K(75328K)] 169589K->93997K(762304K), 0.0048180 secs] [Times: user=0.03 sys=0.00, real=0.01 secs] 
2014-07-28T19:50:43.295+0000: 1005.673: [GC [PSYoungGen: 75328K->320K(74432K)] 168941K->93957K(761408K), 0.0053050 secs] [Times: user=0.03 sys=0.00, real=0.00 secs] 
2014-07-28T19:50:43.819+0000: 1006.196: [GC [PSYoungGen: 74408K->352K(73728K)] 168046K->94037K(760704K), 0.0059110 secs] [Times: user=0.02 sys=0.00, real=0.01 secs] 
2014-07-28T19:50:44.332+0000: 1006.710: [GC [PSYoungGen: 73696K->416K(73024K)] 167381K->94109K(760000K), 0.0052550 secs] [Times: user=0.04 sys=0.00, real=0.00 secs] 
2014-07-28T19:50:44.841+0000: 1007.219: [GC [PSYoungGen: 72992K->384K(72192K)] 166685K->94181K(759168K), 0.0038340 secs] [Times: user=0.02 sys=0.00, real=0.01 secs] 
2014-07-28T19:50:45.344+0000: 1007.722: [GC [PSYoungGen: 72190K->448K(71488K)] 165988K->94309K(758464K), 0.0052060 secs] [Times: user=0.04 sys=0.00, real=0.00 secs] 
2014-07-28T19:50:45.846+0000: 1008.224: [GC [PSYoungGen: 71488K->384K(70720K)] 165349K->94309K(757696K), 0.0052210 secs] [Times: user=0.03 sys=0.00, real=0.00 secs] 
2014-07-28T19:50:46.342+0000: 1008.720: [GC [PSYoungGen: 70719K->288K(69952K)] 164645K->94245K(756928K), 0.0043320 secs] [Times: user=0.03 sys=0.00, real=0.01 secs] 
2014-07-28T19:50:46.831+0000: 1009.209: [GC [PSYoungGen: 69920K->384K(69312K)] 163877K->94413K(756288K), 0.0040440 secs] [Times: user=0.02 sys=0.00, real=0.01 secs] 
2014-07-28T19:50:47.318+0000: 1009.696: [GC [PSYoungGen: 69288K->192K(68416K)] 163317K->94245K(755392K), 0.0035810 secs] [Times: user=0.01 sys=0.00, real=0.00 secs] 
2014-07-28T19:50:47.798+0000: 1010.176: [GC [PSYoungGen: 68416K->352K(67904K)] 162469K->94461K(754880K), 0.0044200 secs] [Times: user=0.03 sys=0.00, real=0.01 secs] 
2014-07-28T19:50:48.273+0000: 1010.651: [GC [PSYoungGen: 67872K->320K(67200K)] 161981K->94429K(754176K), 0.0056160 secs] [Times: user=0.03 sys=0.00, real=0.00 secs] 
2014-07-28T19:50:48.746+0000: 1011.124: [GC [PSYoungGen: 67200K->256K(66496K)] 161309K->94429K(753472K), 0.0059860 secs] [Times: user=0.04 sys=0.00, real=0.01 secs] 
2014-07-28T19:50:49.213+0000: 1011.591: [GC [PSYoungGen: 66496K->352K(65984K)] 160669K->94557K(752960K), 0.0043900 secs] [Times: user=0.02 sys=0.00, real=0.01 secs] 
2014-07-28T19:50:49.673+0000: 1012.051: [GC [PSYoungGen: 65951K->416K(79168K)] 160157K->94717K(766144K), 0.0058010 secs] [Times: user=0.04 sys=0.00, real=0.00 secs] 
2014-07-28T19:50:50.225+0000: 1012.603: [GC [PSYoungGen: 79136K->288K(78144K)] 173437K->94605K(765120K), 0.0047070 secs] [Times: user=0.03 sys=0.00, real=0.00 secs] 
2014-07-28T19:50:50.776+0000: 1013.154: [GC [PSYoungGen: 78112K->224K(77184K)] 172429K->94597K(764160K), 0.0039280 secs] [Times: user=0.02 sys=0.00, real=0.00 secs] 
2014-07-28T19:50:51.318+0000: 1013.696: [GC [PSYoungGen: 77152K->352K(76480K)] 171525K->94741K(763456K), 0.0061310 secs] [Times: user=0.04 sys=0.00, real=0.01 secs] 
2014-07-28T19:50:51.855+0000: 1014.233: [GC [PSYoungGen: 76437K->384K(75648K)] 170827K->94861K(762624K), 0.0047940 secs] [Times: user=0.03 sys=0.00, real=0.00 secs] 
2014-07-28T19:50:52.386+0000: 1014.764: [GC [PSYoungGen: 75648K->480K(74944K)] 170125K->95013K(761920K), 0.0042070 secs] [Times: user=0.02 sys=0.01, real=0.00 secs] 
2014-07-28T19:50:52.905+0000: 1015.283: [GC [PSYoungGen: 74912K->192K(73792K)] 169445K->94805K(760768K), 0.0047050 secs] [Times: user=0.02 sys=0.00, real=0.00 secs] 
2014-07-28T19:50:53.424+0000: 1015.802: [GC [PSYoungGen: 73792K->416K(73280K)] 168405K->95061K(760256K), 0.0041480 secs] [Times: user=0.03 sys=0.00, real=0.00 secs] 
2014-07-28T19:50:53.933+0000: 1016.311: [GC [PSYoungGen: 73248K->448K(72512K)] 167893K->95181K(759488K), 0.0031830 secs] [Times: user=0.01 sys=0.01, real=0.00 secs] 
2014-07-28T19:50:54.440+0000: 1016.818: [GC [PSYoungGen: 72512K->384K(71680K)] 167245K->95173K(758656K), 0.0035810 secs] [Times: user=0.02 sys=0.01, real=0.01 secs] 
2014-07-28T19:50:54.945+0000: 1017.323: [GC [PSYoungGen: 71680K->192K(70720K)] 166469K->95021K(757696K), 0.0042560 secs] [Times: user=0.02 sys=0.00, real=0.00 secs] 
2014-07-28T19:50:55.441+0000: 1017.819: [GC [PSYoungGen: 70720K->352K(70208K)] 165549K->95245K(757184K), 0.0068500 secs] [Times: user=0.05 sys=0.00, real=0.01 secs] 
2014-07-28T19:50:55.931+0000: 1018.309: [GC [PSYoungGen: 70157K->352K(69504K)] 165051K->95333K(756480K), 0.0056650 secs] [Times: user=0.03 sys=0.00, real=0.01 secs] 
2014-07-28T19:50:56.420+0000: 1018.798: [GC [PSYoungGen: 69472K->416K(68864K)] 164453K->95429K(755840K), 0.0050540 secs] [Times: user=0.03 sys=0.00, real=0.01 secs] 
2014-07-28T19:50:56.897+0000: 1019.275: [GC [PSYoungGen: 68832K->384K(68096K)] 163845K->95485K(755072K), 0.0040660 secs] [Times: user=0.02 sys=0.00, real=0.00 secs] 
2014-07-28T19:50:57.376+0000: 1019.754: [GC [PSYoungGen: 68096K->452K(81792K)] 163197K->95601K(768768K), 0.0065250 secs] [Times: user=0.04 sys=0.00, real=0.00 secs] 
2014-07-28T19:50:57.950+0000: 1020.328: [GC [PSYoungGen: 81715K->306K(80640K)] 176865K->95591K(767616K), 0.0050160 secs] [Times: user=0.04 sys=0.00, real=0.01 secs] 
2014-07-28T19:50:58.516+0000: 1020.894: [GC [PSYoungGen: 80626K->320K(79744K)] 175911K->95661K(766720K), 0.0026700 secs] [Times: user=0.02 sys=0.00, real=0.00 secs] 
2014-07-28T19:50:59.085+0000: 1021.463: [GC [PSYoungGen: 79744K->448K(78976K)] 175085K->95853K(765952K), 0.0047770 secs] [Times: user=0.03 sys=0.00, real=0.00 secs] 
2014-07-28T19:50:59.627+0000: 1022.005: [GC [PSYoungGen: 78976K->352K(78016K)] 174381K->95845K(764992K), 0.0050400 secs] [Times: user=0.03 sys=0.00, real=0.00 secs] 
2014-07-28T19:51:00.174+0000: 1022.552: [GC [PSYoungGen: 77965K->384K(77120K)] 173459K->95949K(764096K), 0.0053950 secs] [Times: user=0.03 sys=0.00, real=0.01 secs] 
2014-07-28T19:51:00.714+0000: 1023.092: [GC [PSYoungGen: 77120K->352K(76288K)] 172685K->96005K(763264K), 0.0066570 secs] [Times: user=0.04 sys=0.00, real=0.00 secs] 
2014-07-28T19:51:01.249+0000: 1023.627: [GC [PSYoungGen: 76256K->320K(75392K)] 171909K->95981K(762368K), 0.0038670 secs] [Times: user=0.02 sys=0.00, real=0.00 secs] 
2014-07-28T19:51:01.781+0000: 1024.159: [GC [PSYoungGen: 75392K->416K(74688K)] 171053K->96157K(761664K), 0.0050320 secs] [Times: user=0.03 sys=0.00, real=0.01 secs] 
2014-07-28T19:51:02.302+0000: 1024.680: [GC [PSYoungGen: 74656K->338K(73856K)] 170397K->96111K(760832K), 0.0054940 secs] [Times: user=0.03 sys=0.00, real=0.01 secs] 
2014-07-28T19:51:02.818+0000: 1025.196: [GC [PSYoungGen: 73810K->416K(73152K)] 169583K->96269K(760128K), 0.0049990 secs] [Times: user=0.02 sys=0.00, real=0.00 secs] 
2014-07-28T19:51:03.328+0000: 1025.706: [GC [PSYoungGen: 73120K->384K(72320K)] 168973K->96269K(759296K), 0.0043830 secs] [Times: user=0.03 sys=0.00, real=0.00 secs] 
2014-07-28T19:51:03.838+0000: 1026.216: [GC [PSYoungGen: 72298K->320K(71488K)] 168184K->96253K(758464K), 0.0045390 secs] [Times: user=0.03 sys=0.00, real=0.00 secs] 
2014-07-28T19:51:04.339+0000: 1026.717: [GC [PSYoungGen: 71488K->384K(70784K)] 167421K->96357K(757760K), 0.0051320 secs] [Times: user=0.03 sys=0.00, real=0.00 secs] 
2014-07-28T19:51:04.854+0000: 1027.232: [GC [PSYoungGen: 70784K->352K(70080K)] 166757K->96397K(757056K), 0.0054580 secs] [Times: user=0.03 sys=0.00, real=0.01 secs] 
2014-07-28T19:51:05.327+0000: 1027.705: [GC [PSYoungGen: 70048K->320K(69312K)] 166093K->96373K(756288K), 0.0052430 secs] [Times: user=0.03 sys=0.00, real=0.00 secs] 
2014-07-28T19:51:05.812+0000: 1028.190: [GC [PSYoungGen: 69312K->352K(68672K)] 165365K->96485K(755648K), 0.0049950 secs] [Times: user=0.03 sys=0.00, real=0.01 secs] 
2014-07-28T19:51:06.293+0000: 1028.671: [GC [PSYoungGen: 68640K->384K(82368K)] 164773K->96517K(769344K), 0.0051590 secs] [Times: user=0.03 sys=0.00, real=0.01 secs] 
2014-07-28T19:51:06.871+0000: 1029.249: [GC [PSYoungGen: 82368K->384K(81408K)] 178501K->96597K(768384K), 0.0054310 secs] [Times: user=0.03 sys=0.00, real=0.01 secs] 
2014-07-28T19:51:07.442+0000: 1029.820: [GC [PSYoungGen: 81408K->320K(80384K)] 177621K->96637K(767360K), 0.0054760 secs] [Times: user=0.04 sys=0.00, real=0.01 secs] 
2014-07-28T19:51:08.003+0000: 1030.381: [GC [PSYoungGen: 80384K->352K(79552K)] 176701K->96733K(766528K), 0.0060410 secs] [Times: user=0.04 sys=0.00, real=0.01 secs] 
2014-07-28T19:51:08.561+0000: 1030.939: [GC [PSYoungGen: 79507K->256K(81920K)] 175889K->96693K(768896K), 0.0063710 secs] [Times: user=0.05 sys=0.00, real=0.01 secs] 
2014-07-28T19:51:09.133+0000: 1031.511: [GC [PSYoungGen: 81792K->448K(81024K)] 178229K->96925K(768000K), 0.0026250 secs] [Times: user=0.02 sys=0.00, real=0.00 secs] 
2014-07-28T19:51:09.700+0000: 1032.078: [GC [PSYoungGen: 81024K->128K(79808K)] 177501K->96733K(766784K), 0.0048030 secs] [Times: user=0.03 sys=0.00, real=0.00 secs] 
2014-07-28T19:51:10.259+0000: 1032.637: [GC [PSYoungGen: 79808K->256K(81536K)] 176413K->96877K(768512K), 0.0083480 secs] [Times: user=0.05 sys=0.00, real=0.01 secs] 
2014-07-28T19:51:10.831+0000: 1033.209: [GC [PSYoungGen: 81216K->384K(80384K)] 177837K->97085K(767360K), 0.0042150 secs] [Times: user=0.02 sys=0.00, real=0.00 secs] 
2014-07-28T19:51:11.393+0000: 1033.771: [GC [PSYoungGen: 80384K->384K(79488K)] 177085K->97093K(766464K), 0.0054910 secs] [Times: user=0.03 sys=0.00, real=0.01 secs] 
2014-07-28T19:51:11.948+0000: 1034.326: [GC [PSYoungGen: 79488K->224K(78464K)] 176197K->96981K(765440K), 0.0040680 secs] [Times: user=0.02 sys=0.00, real=0.00 secs] 
2014-07-28T19:51:12.501+0000: 1034.879: [GC [PSYoungGen: 78432K->320K(94208K)] 175189K->97141K(781184K), 0.0084150 secs] [Times: user=0.05 sys=0.00, real=0.01 secs] 
2014-07-28T19:51:13.161+0000: 1035.539: [GC [PSYoungGen: 94208K->320K(92992K)] 191029K->97189K(779968K), 0.0049190 secs] [Times: user=0.03 sys=0.00, real=0.01 secs] 
2014-07-28T19:51:13.816+0000: 1036.194: [GC [PSYoungGen: 92992K->498K(91968K)] 189861K->97479K(778944K), 0.0063090 secs] [Times: user=0.04 sys=0.00, real=0.00 secs] 
2014-07-28T19:51:14.458+0000: 1036.835: [GC [PSYoungGen: 91954K->256K(90560K)] 188935K->97301K(777536K), 0.0039540 secs] [Times: user=0.02 sys=0.00, real=0.00 secs] 
2014-07-28T19:51:15.093+0000: 1037.470: [GC [PSYoungGen: 90560K->352K(89536K)] 187605K->97469K(776512K), 0.0057510 secs] [Times: user=0.03 sys=0.01, real=0.01 secs] 
2014-07-28T19:51:15.721+0000: 1038.098: [GC [PSYoungGen: 89504K->384K(88448K)] 186621K->97597K(775424K), 0.0056160 secs] [Times: user=0.03 sys=0.00, real=0.00 secs] 
2014-07-28T19:51:16.339+0000: 1038.717: [GC [PSYoungGen: 88448K->320K(87296K)] 185661K->97565K(774272K), 0.0027540 secs] [Times: user=0.01 sys=0.00, real=0.00 secs] 
2014-07-28T19:51:16.953+0000: 1039.331: [GC [PSYoungGen: 87296K->288K(86208K)] 184541K->97589K(773184K), 0.0032620 secs] [Times: user=0.01 sys=0.01, real=0.00 secs] 
2014-07-28T19:51:17.559+0000: 1039.937: [GC [PSYoungGen: 86163K->448K(85312K)] 183464K->97813K(772288K), 0.0040230 secs] [Times: user=0.02 sys=0.00, real=0.00 secs] 
2014-07-28T19:51:18.156+0000: 1040.533: [GC [PSYoungGen: 85312K->256K(84096K)] 182677K->97677K(771072K), 0.0048420 secs] [Times: user=0.03 sys=0.00, real=0.01 secs] 
2014-07-28T19:51:18.747+0000: 1041.125: [GC [PSYoungGen: 84096K->256K(83072K)] 181517K->97733K(770048K), 0.0037780 secs] [Times: user=0.01 sys=0.00, real=0.01 secs] 
2014-07-28T19:51:19.330+0000: 1041.708: [GC [PSYoungGen: 83072K->320K(82176K)] 180549K->97829K(769152K), 0.0064860 secs] [Times: user=0.04 sys=0.00, real=0.01 secs] 
2014-07-28T19:51:19.909+0000: 1042.287: [GC [PSYoungGen: 82176K->384K(81280K)] 179685K->97981K(768256K), 0.0040590 secs] [Times: user=0.03 sys=0.00, real=0.00 secs] 
2014-07-28T19:51:20.480+0000: 1042.858: [GC [PSYoungGen: 81280K->384K(80320K)] 178877K->98045K(767296K), 0.0070710 secs] [Times: user=0.04 sys=0.00, real=0.01 secs] 
2014-07-28T19:51:21.040+0000: 1043.418: [GC [PSYoungGen: 80320K->320K(79360K)] 177981K->98045K(766336K), 0.0058720 secs] [Times: user=0.03 sys=0.00, real=0.00 secs] 
2014-07-28T19:51:21.597+0000: 1043.975: [GC [PSYoungGen: 79360K->192K(92480K)] 177085K->97965K(779456K), 0.0076830 secs] [Times: user=0.04 sys=0.00, real=0.01 secs] 
2014-07-28T19:51:22.246+0000: 1044.624: [GC [PSYoungGen: 92155K->288K(91136K)] 189928K->98085K(778112K), 0.0053410 secs] [Times: user=0.03 sys=0.00, real=0.01 secs] 
2014-07-28T19:51:22.886+0000: 1045.264: [GC [PSYoungGen: 91104K->288K(89984K)] 188901K->98141K(776960K), 0.0069150 secs] [Times: user=0.04 sys=0.00, real=0.01 secs] 
2014-07-28T19:51:23.519+0000: 1045.897: [GC [PSYoungGen: 89952K->320K(88832K)] 187805K->98189K(775808K), 0.0026650 secs] [Times: user=0.02 sys=0.00, real=0.00 secs] 
2014-07-28T19:51:24.146+0000: 1046.524: [GC [PSYoungGen: 88832K->384K(87808K)] 186701K->98325K(774784K), 0.0054830 secs] [Times: user=0.03 sys=0.00, real=0.01 secs] 
2014-07-28T19:51:24.758+0000: 1047.136: [GC [PSYoungGen: 87808K->384K(86720K)] 185749K->98397K(773696K), 0.0067300 secs] [Times: user=0.04 sys=0.00, real=0.01 secs] 
2014-07-28T19:51:25.365+0000: 1047.743: [GC [PSYoungGen: 86720K->320K(85632K)] 184733K->98365K(772608K), 0.0063550 secs] [Times: user=0.04 sys=0.00, real=0.01 secs] 
2014-07-28T19:51:25.965+0000: 1048.343: [GC [PSYoungGen: 85613K->448K(84736K)] 183659K->98589K(771712K), 0.0028090 secs] [Times: user=0.01 sys=0.01, real=0.01 secs] 
2014-07-28T19:51:26.560+0000: 1048.937: [GC [PSYoungGen: 84736K->288K(83584K)] 182877K->98485K(770560K), 0.0040280 secs] [Times: user=0.02 sys=0.00, real=0.00 secs] 
2014-07-28T19:51:27.146+0000: 1049.524: [GC [PSYoungGen: 83552K->384K(82688K)] 181749K->98645K(769664K), 0.0052410 secs] [Times: user=0.04 sys=0.00, real=0.01 secs] 
2014-07-28T19:51:27.724+0000: 1050.102: [GC [PSYoungGen: 82688K->352K(81728K)] 180949K->98685K(768704K), 0.0079850 secs] [Times: user=0.05 sys=0.00, real=0.01 secs] 
2014-07-28T19:51:28.297+0000: 1050.675: [GC [PSYoungGen: 81696K->448K(80832K)] 180029K->98837K(767808K), 0.0050150 secs] [Times: user=0.03 sys=0.00, real=0.01 secs] 
2014-07-28T19:51:28.858+0000: 1051.236: [GC [PSYoungGen: 80832K->242K(79744K)] 179221K->98735K(766720K), 0.0039570 secs] [Times: user=0.02 sys=0.00, real=0.01 secs] 
2014-07-28T19:51:29.422+0000: 1051.800: [GC [PSYoungGen: 79730K->416K(79040K)] 178223K->98965K(766016K), 0.0052690 secs] [Times: user=0.03 sys=0.00, real=0.00 secs] 
2014-07-28T19:51:29.973+0000: 1052.351: [GC [PSYoungGen: 79008K->288K(78016K)] 177557K->98901K(764992K), 0.0051980 secs] [Times: user=0.03 sys=0.00, real=0.00 secs] 
2014-07-28T19:51:30.521+0000: 1052.899: [GC [PSYoungGen: 77984K->352K(77184K)] 176597K->99053K(764160K), 0.0027610 secs] [Times: user=0.02 sys=0.01, real=0.00 secs] 
2014-07-28T19:51:31.063+0000: 1053.441: [GC [PSYoungGen: 77152K->288K(76288K)] 175853K->99061K(763264K), 0.0056630 secs] [Times: user=0.03 sys=0.00, real=0.01 secs] 
2014-07-28T19:51:31.599+0000: 1053.977: [GC [PSYoungGen: 76236K->434K(75584K)] 175010K->99295K(762560K), 0.0059140 secs] [Times: user=0.04 sys=0.00, real=0.01 secs] 
2014-07-28T19:51:32.131+0000: 1054.509: [GC [PSYoungGen: 75570K->288K(74624K)] 174431K->99197K(761600K), 0.0051580 secs] [Times: user=0.03 sys=0.00, real=0.00 secs] 
2014-07-28T19:51:32.653+0000: 1055.031: [GC [PSYoungGen: 74589K->448K(73984K)] 173499K->99469K(760960K), 0.0041330 secs] [Times: user=0.02 sys=0.00, real=0.00 secs] 
2014-07-28T19:51:33.171+0000: 1055.549: [GC [PSYoungGen: 73984K->320K(73088K)] 173005K->99429K(760064K), 0.0034780 secs] [Times: user=0.02 sys=0.00, real=0.00 secs] 
2014-07-28T19:51:33.686+0000: 1056.064: [GC [PSYoungGen: 73088K->416K(72448K)] 172197K->99589K(759424K), 0.0047370 secs] [Times: user=0.03 sys=0.00, real=0.01 secs] 
2014-07-28T19:51:34.195+0000: 1056.573: [GC [PSYoungGen: 72416K->256K(71488K)] 171589K->99453K(758464K), 0.0054900 secs] [Times: user=0.03 sys=0.00, real=0.01 secs] 
2014-07-28T19:51:34.695+0000: 1057.073: [GC [PSYoungGen: 71487K->288K(70784K)] 170685K->99557K(757760K), 0.0054380 secs] [Times: user=0.03 sys=0.01, real=0.01 secs] 
2014-07-28T19:51:35.191+0000: 1057.569: [GC [PSYoungGen: 70729K->448K(70208K)] 169999K->99741K(757184K), 0.0040450 secs] [Times: user=0.02 sys=0.00, real=0.00 secs] 
2014-07-28T19:51:35.685+0000: 1058.062: [GC [PSYoungGen: 70208K->256K(69312K)] 169501K->99613K(756288K), 0.0038160 secs] [Times: user=0.02 sys=0.00, real=0.00 secs] 
2014-07-28T19:51:36.168+0000: 1058.546: [GC [PSYoungGen: 69312K->352K(68736K)] 168669K->99733K(755712K), 0.0061350 secs] [Times: user=0.03 sys=0.00, real=0.01 secs] 
2014-07-28T19:51:36.646+0000: 1059.024: [GC [PSYoungGen: 68704K->384K(82432K)] 168085K->99829K(769408K), 0.0065210 secs] [Times: user=0.04 sys=0.01, real=0.01 secs] 
2014-07-28T19:51:37.221+0000: 1059.599: [GC [PSYoungGen: 82432K->416K(81536K)] 181877K->99869K(768512K), 0.0036620 secs] [Times: user=0.02 sys=0.00, real=0.00 secs] 
2014-07-28T19:51:37.791+0000: 1060.169: [GC [PSYoungGen: 81504K->448K(80576K)] 180957K->99989K(767552K), 0.0060140 secs] [Times: user=0.03 sys=0.00, real=0.00 secs] 
2014-07-28T19:51:38.356+0000: 1060.734: [GC [PSYoungGen: 80576K->256K(79488K)] 180117K->99821K(766464K), 0.0037530 secs] [Times: user=0.02 sys=0.00, real=0.00 secs] 
2014-07-28T19:51:38.913+0000: 1061.291: [GC [PSYoungGen: 79452K->416K(78784K)] 179018K->100077K(765760K), 0.0056700 secs] [Times: user=0.04 sys=0.00, real=0.00 secs] 
2014-07-28T19:51:39.464+0000: 1061.842: [GC [PSYoungGen: 78752K->320K(77760K)] 178413K->100037K(764736K), 0.0043870 secs] [Times: user=0.02 sys=0.00, real=0.00 secs] 
2014-07-28T19:51:40.008+0000: 1062.386: [GC [PSYoungGen: 77760K->320K(76928K)] 177477K->100101K(763904K), 0.0064820 secs] [Times: user=0.04 sys=0.00, real=0.01 secs] 
2014-07-28T19:51:40.550+0000: 1062.928: [GC [PSYoungGen: 76928K->448K(76224K)] 176709K->100325K(763200K), 0.0042960 secs] [Times: user=0.03 sys=0.00, real=0.00 secs] 
2014-07-28T19:51:41.086+0000: 1063.464: [GC [PSYoungGen: 76224K->224K(75200K)] 176101K->100149K(762176K), 0.0055600 secs] [Times: user=0.03 sys=0.00, real=0.01 secs] 
2014-07-28T19:51:41.614+0000: 1063.991: [GC [PSYoungGen: 75168K->384K(74496K)] 175093K->100397K(761472K), 0.0048860 secs] [Times: user=0.03 sys=0.00, real=0.00 secs] 
2014-07-28T19:51:42.135+0000: 1064.513: [GC [PSYoungGen: 74496K->530K(73920K)] 174509K->100599K(760896K), 0.0035940 secs] [Times: user=0.02 sys=0.00, real=0.00 secs] 
2014-07-28T19:51:42.654+0000: 1065.032: [GC [PSYoungGen: 73874K->256K(72832K)] 173943K->100495K(759808K), 0.0062770 secs] [Times: user=0.05 sys=0.00, real=0.00 secs] 
2014-07-28T19:51:43.166+0000: 1065.544: [GC [PSYoungGen: 72832K->480K(85760K)] 173071K->100743K(772736K), 0.0084770 secs] [Times: user=0.05 sys=0.00, real=0.01 secs] 
2014-07-28T19:51:43.765+0000: 1066.143: [GC [PSYoungGen: 85583K->384K(87744K)] 185847K->100743K(774720K), 0.0050630 secs] [Times: user=0.03 sys=0.00, real=0.00 secs] 
2014-07-28T19:51:44.376+0000: 1066.754: [GC [PSYoungGen: 87488K->580K(86656K)] 187847K->100963K(773632K), 0.0043790 secs] [Times: user=0.02 sys=0.00, real=0.00 secs] 
2014-07-28T19:51:44.994+0000: 1067.372: [GC [PSYoungGen: 86596K->64K(85056K)] 186979K->100639K(772032K), 0.0032860 secs] [Times: user=0.02 sys=0.00, real=0.00 secs] 
2014-07-28T19:51:45.582+0000: 1067.960: [GC [PSYoungGen: 85056K->324K(84608K)] 185631K->100931K(771584K), 0.0081020 secs] [Times: user=0.05 sys=0.00, real=0.00 secs] 
2014-07-28T19:51:46.175+0000: 1068.553: [GC [PSYoungGen: 84292K->352K(83328K)] 184899K->101115K(770304K), 0.0065570 secs] [Times: user=0.05 sys=0.00, real=0.01 secs] 
2014-07-28T19:51:46.763+0000: 1069.141: [GC [PSYoungGen: 83269K->384K(82368K)] 184033K->101227K(769344K), 0.0046160 secs] [Times: user=0.03 sys=0.00, real=0.00 secs] 
2014-07-28T19:51:47.339+0000: 1069.717: [GC [PSYoungGen: 82368K->384K(81408K)] 183211K->101275K(768384K), 0.0042190 secs] [Times: user=0.03 sys=0.00, real=0.01 secs] 
2014-07-28T19:51:47.907+0000: 1070.285: [GC [PSYoungGen: 81408K->416K(80512K)] 182299K->101379K(767488K), 0.0056210 secs] [Times: user=0.03 sys=0.00, real=0.01 secs] 
2014-07-28T19:51:48.473+0000: 1070.851: [GC [PSYoungGen: 80480K->384K(79552K)] 181443K->101411K(766528K), 0.0043620 secs] [Times: user=0.02 sys=0.00, real=0.00 secs] 
2014-07-28T19:51:49.029+0000: 1071.407: [GC [PSYoungGen: 79551K->416K(78720K)] 180579K->101515K(765696K), 0.0041480 secs] [Times: user=0.02 sys=0.00, real=0.01 secs] 
2014-07-28T19:51:49.578+0000: 1071.955: [GC [PSYoungGen: 78688K->320K(77696K)] 179787K->101475K(764672K), 0.0054130 secs] [Times: user=0.03 sys=0.00, real=0.01 secs] 
2014-07-28T19:51:50.118+0000: 1072.496: [GC [PSYoungGen: 77673K->384K(85760K)] 178829K->101611K(772736K), 0.0089090 secs] [Times: user=0.06 sys=0.01, real=0.01 secs] 
2014-07-28T19:51:50.722+0000: 1073.100: [GC [PSYoungGen: 85568K->256K(93440K)] 186795K->101531K(780416K), 0.0086370 secs] [Times: user=0.05 sys=0.00, real=0.00 secs] 
2014-07-28T19:51:51.378+0000: 1073.756: [GC [PSYoungGen: 93120K->384K(93440K)] 194395K->101683K(780416K), 0.0054160 secs] [Times: user=0.03 sys=0.00, real=0.01 secs] 
2014-07-28T19:51:52.038+0000: 1074.416: [GC [PSYoungGen: 93248K->320K(91968K)] 194547K->101691K(778944K), 0.0041710 secs] [Times: user=0.02 sys=0.00, real=0.01 secs] 
2014-07-28T19:51:52.685+0000: 1075.063: [GC [PSYoungGen: 91968K->320K(90816K)] 193339K->101739K(777792K), 0.0064770 secs] [Times: user=0.04 sys=0.00, real=0.00 secs] 
2014-07-28T19:51:53.320+0000: 1075.698: [GC [PSYoungGen: 90816K->434K(109056K)] 192235K->101885K(796032K), 0.0092240 secs] [Times: user=0.05 sys=0.01, real=0.01 secs] 
2014-07-28T19:51:54.090+0000: 1076.468: [GC [PSYoungGen: 109042K->416K(107456K)] 210493K->101971K(794432K), 0.0041500 secs] [Times: user=0.02 sys=0.00, real=0.01 secs] 
2014-07-28T19:51:54.841+0000: 1077.219: [GC [PSYoungGen: 107424K->320K(105792K)] 208979K->101931K(792768K), 0.0044930 secs] [Times: user=0.02 sys=0.01, real=0.01 secs] 
2014-07-28T19:51:55.585+0000: 1077.963: [GC [PSYoungGen: 105792K->512K(104512K)] 207403K->102139K(791488K), 0.0049470 secs] [Times: user=0.04 sys=0.00, real=0.00 secs] 
2014-07-28T19:51:56.317+0000: 1078.694: [GC [PSYoungGen: 104512K->384K(102912K)] 206139K->102123K(789888K), 0.0051390 secs] [Times: user=0.04 sys=0.00, real=0.00 secs] 
2014-07-28T19:51:57.040+0000: 1079.417: [GC [PSYoungGen: 102912K->320K(101440K)] 204651K->102131K(788416K), 0.0040120 secs] [Times: user=0.02 sys=0.00, real=0.01 secs] 
2014-07-28T19:51:57.753+0000: 1080.131: [GC [PSYoungGen: 101440K->288K(100032K)] 203251K->102171K(787008K), 0.0037690 secs] [Times: user=0.02 sys=0.00, real=0.00 secs] 
2014-07-28T19:51:58.461+0000: 1080.839: [GC [PSYoungGen: 100000K->512K(98880K)] 201883K->102427K(785856K), 0.0041290 secs] [Times: user=0.02 sys=0.00, real=0.01 secs] 
2014-07-28T19:51:59.152+0000: 1081.530: [GC [PSYoungGen: 98880K->320K(97344K)] 200795K->102299K(784320K), 0.0061640 secs] [Times: user=0.04 sys=0.00, real=0.01 secs] 
2014-07-28T19:51:59.837+0000: 1082.215: [GC [PSYoungGen: 97344K->384K(96128K)] 199323K->102451K(783104K), 0.0053090 secs] [Times: user=0.03 sys=0.01, real=0.00 secs] 
2014-07-28T19:52:00.508+0000: 1082.885: [GC [PSYoungGen: 96128K->352K(94848K)] 198195K->102451K(781824K), 0.0023290 secs] [Times: user=0.02 sys=0.00, real=0.00 secs] 
2014-07-28T19:52:01.178+0000: 1083.556: [GC [PSYoungGen: 94816K->416K(93696K)] 196915K->102587K(780672K), 0.0054330 secs] [Times: user=0.03 sys=0.00, real=0.01 secs] 
2014-07-28T19:52:01.834+0000: 1084.212: [GC [PSYoungGen: 93629K->320K(92352K)] 195801K->102563K(779328K), 0.0061860 secs] [Times: user=0.04 sys=0.00, real=0.00 secs] 
2014-07-28T19:52:02.484+0000: 1084.862: [GC [PSYoungGen: 92352K->416K(91328K)] 194595K->102707K(778304K), 0.0067870 secs] [Times: user=0.04 sys=0.00, real=0.01 secs] 
2014-07-28T19:52:03.125+0000: 1085.503: [GC [PSYoungGen: 91296K->320K(90048K)] 193587K->102683K(777024K), 0.0052780 secs] [Times: user=0.03 sys=0.00, real=0.00 secs] 
2014-07-28T19:52:03.759+0000: 1086.137: [GC [PSYoungGen: 90048K->352K(88960K)] 192411K->102795K(775936K), 0.0040550 secs] [Times: user=0.02 sys=0.00, real=0.00 secs] 
2014-07-28T19:52:04.384+0000: 1086.762: [GC [PSYoungGen: 88928K->416K(87936K)] 191371K->102883K(774912K), 0.0040550 secs] [Times: user=0.02 sys=0.00, real=0.01 secs] 
2014-07-28T19:52:05.002+0000: 1087.380: [GC [PSYoungGen: 87904K->352K(86784K)] 190371K->102891K(773760K), 0.0068650 secs] [Times: user=0.04 sys=0.01, real=0.01 secs] 
2014-07-28T19:52:05.610+0000: 1087.987: [GC [PSYoungGen: 86752K->384K(85760K)] 189291K->102987K(772736K), 0.0044570 secs] [Times: user=0.03 sys=0.00, real=0.01 secs] 
2014-07-28T19:52:06.212+0000: 1088.589: [GC [PSYoungGen: 85760K->256K(84608K)] 188363K->102899K(771584K), 0.0045160 secs] [Times: user=0.02 sys=0.00, real=0.01 secs] 
2014-07-28T19:52:06.809+0000: 1089.187: [GC [PSYoungGen: 84608K->384K(83712K)] 187251K->103115K(770688K), 0.0031520 secs] [Times: user=0.02 sys=0.00, real=0.00 secs] 
2014-07-28T19:52:07.396+0000: 1089.774: [GC [PSYoungGen: 83712K->416K(82816K)] 186443K->103171K(769792K), 0.0037710 secs] [Times: user=0.02 sys=0.00, real=0.00 secs] 
2014-07-28T19:52:07.975+0000: 1090.353: [GC [PSYoungGen: 82784K->384K(81792K)] 185539K->103203K(768768K), 0.0051650 secs] [Times: user=0.03 sys=0.00, real=0.00 secs] 
2014-07-28T19:52:08.547+0000: 1090.925: [GC [PSYoungGen: 81792K->352K(80832K)] 184611K->103243K(767808K), 0.0053900 secs] [Times: user=0.03 sys=0.00, real=0.00 secs] 
2014-07-28T19:52:09.113+0000: 1091.491: [GC [PSYoungGen: 80800K->384K(79936K)] 183691K->103363K(766912K), 0.0052380 secs] [Times: user=0.03 sys=0.00, real=0.01 secs] 
2014-07-28T19:52:09.673+0000: 1092.051: [GC [PSYoungGen: 79936K->416K(79104K)] 182915K->103475K(766080K), 0.0047140 secs] [Times: user=0.02 sys=0.00, real=0.01 secs] 
2014-07-28T19:52:10.226+0000: 1092.604: [GC [PSYoungGen: 79072K->256K(78016K)] 182131K->103395K(764992K), 0.0043470 secs] [Times: user=0.03 sys=0.00, real=0.00 secs] 
2014-07-28T19:52:10.773+0000: 1093.151: [GC [PSYoungGen: 78016K->416K(77312K)] 181155K->103651K(764288K), 0.0055110 secs] [Times: user=0.03 sys=0.00, real=0.01 secs] 
2014-07-28T19:52:11.314+0000: 1093.692: [GC [PSYoungGen: 77280K->352K(76416K)] 180515K->103603K(763392K), 0.0047830 secs] [Times: user=0.03 sys=0.00, real=0.01 secs] 
2014-07-28T19:52:11.848+0000: 1094.226: [GC [PSYoungGen: 76384K->416K(75648K)] 179635K->103771K(762624K), 0.0042600 secs] [Times: user=0.03 sys=0.00, real=0.00 secs] 
2014-07-28T19:52:12.376+0000: 1094.754: [GC [PSYoungGen: 75616K->256K(74624K)] 178971K->103651K(761600K), 0.0050570 secs] [Times: user=0.03 sys=0.01, real=0.00 secs] 
2014-07-28T19:52:12.903+0000: 1095.281: [GC [PSYoungGen: 74624K->384K(73920K)] 178019K->103867K(760896K), 0.0055060 secs] [Times: user=0.04 sys=0.00, real=0.01 secs] 
2014-07-28T19:52:13.422+0000: 1095.800: [GC [PSYoungGen: 73920K->416K(73216K)] 177403K->103939K(760192K), 0.0042120 secs] [Times: user=0.03 sys=0.00, real=0.01 secs] 
2014-07-28T19:52:13.936+0000: 1096.314: [GC [PSYoungGen: 73184K->370K(72384K)] 176707K->103941K(759360K), 0.0023690 secs] [Times: user=0.01 sys=0.00, real=0.00 secs] 
2014-07-28T19:52:14.441+0000: 1096.818: [GC [PSYoungGen: 72370K->256K(71488K)] 175941K->103867K(758464K), 0.0053680 secs] [Times: user=0.03 sys=0.00, real=0.01 secs] 
2014-07-28T19:52:14.943+0000: 1097.320: [GC [PSYoungGen: 71488K->288K(70784K)] 175099K->103947K(757760K), 0.0060110 secs] [Times: user=0.03 sys=0.00, real=0.01 secs] 
2014-07-28T19:52:15.440+0000: 1097.818: [GC [PSYoungGen: 70752K->416K(70208K)] 174411K->104115K(757184K), 0.0058420 secs] [Times: user=0.04 sys=0.00, real=0.01 secs] 
2014-07-28T19:52:15.932+0000: 1098.310: [GC [PSYoungGen: 70157K->480K(84224K)] 173856K->104243K(771200K), 0.0131170 secs] [Times: user=0.08 sys=0.01, real=0.01 secs] 
2014-07-28T19:52:16.523+0000: 1098.901: [GC [PSYoungGen: 84192K->128K(100608K)] 187955K->103995K(787584K), 0.0024920 secs] [Times: user=0.01 sys=0.00, real=0.01 secs] 
2014-07-28T19:52:17.231+0000: 1099.609: [GC [PSYoungGen: 100608K->324K(99456K)] 204475K->104231K(786432K), 0.0042990 secs] [Times: user=0.03 sys=0.00, real=0.00 secs] 
2014-07-28T19:52:17.930+0000: 1100.308: [GC [PSYoungGen: 99378K->370K(98112K)] 203286K->104457K(785088K), 0.0039280 secs] [Times: user=0.03 sys=0.00, real=0.00 secs] 
2014-07-28T19:52:18.620+0000: 1100.998: [GC [PSYoungGen: 98098K->352K(96832K)] 202185K->104455K(783808K), 0.0067430 secs] [Times: user=0.05 sys=0.00, real=0.01 secs] 
2014-07-28T19:52:19.299+0000: 1101.677: [GC [PSYoungGen: 96788K->320K(95488K)] 200892K->104503K(782464K), 0.0060990 secs] [Times: user=0.04 sys=0.00, real=0.00 secs] 
2014-07-28T19:52:19.969+0000: 1102.346: [GC [PSYoungGen: 95443K->288K(94208K)] 199627K->104535K(781184K), 0.0075580 secs] [Times: user=0.05 sys=0.00, real=0.01 secs] 
2014-07-28T19:52:20.631+0000: 1103.009: [GC [PSYoungGen: 94157K->384K(93056K)] 198404K->104687K(780032K), 0.0046760 secs] [Times: user=0.02 sys=0.00, real=0.01 secs] 
2014-07-28T19:52:21.284+0000: 1103.661: [GC [PSYoungGen: 93056K->448K(91904K)] 197359K->104831K(778880K), 0.0054450 secs] [Times: user=0.03 sys=0.00, real=0.01 secs] 
2014-07-28T19:52:21.929+0000: 1104.307: [GC [PSYoungGen: 91904K->256K(90560K)] 196287K->104711K(777536K), 0.0058240 secs] [Times: user=0.04 sys=0.00, real=0.00 secs] 
2014-07-28T19:52:22.567+0000: 1104.945: [GC [PSYoungGen: 90560K->288K(89472K)] 195015K->104751K(776448K), 0.0048810 secs] [Times: user=0.03 sys=0.01, real=0.01 secs] 
2014-07-28T19:52:23.196+0000: 1105.574: [GC [PSYoungGen: 89440K->320K(88384K)] 193903K->104847K(775360K), 0.0060490 secs] [Times: user=0.04 sys=0.00, real=0.01 secs] 
2014-07-28T19:52:23.817+0000: 1106.195: [GC [PSYoungGen: 88384K->288K(87296K)] 192911K->104887K(774272K), 0.0042180 secs] [Times: user=0.02 sys=0.01, real=0.00 secs] 
2014-07-28T19:52:24.427+0000: 1106.805: [GC [PSYoungGen: 87252K->352K(86272K)] 191852K->104991K(773248K), 0.0055480 secs] [Times: user=0.03 sys=0.00, real=0.00 secs] 
2014-07-28T19:52:25.028+0000: 1107.406: [GC [PSYoungGen: 86240K->480K(85376K)] 190879K->105231K(772352K), 0.0047990 secs] [Times: user=0.03 sys=0.00, real=0.00 secs] 
2014-07-28T19:52:25.628+0000: 1108.006: [GC [PSYoungGen: 85344K->192K(84032K)] 190095K->104967K(771008K), 0.0070950 secs] [Times: user=0.02 sys=0.00, real=0.00 secs] 
2014-07-28T19:52:26.220+0000: 1108.598: [GC [PSYoungGen: 84032K->448K(83264K)] 188807K->105271K(770240K), 0.0048720 secs] [Times: user=0.03 sys=0.00, real=0.00 secs] 
2014-07-28T19:52:26.803+0000: 1109.181: [GC [PSYoungGen: 83264K->384K(82240K)] 188087K->105287K(769216K), 0.0033470 secs] [Times: user=0.01 sys=0.00, real=0.00 secs] 
2014-07-28T19:52:27.381+0000: 1109.758: [GC [PSYoungGen: 82240K->480K(81408K)] 187143K->105407K(768384K), 0.0044000 secs] [Times: user=0.02 sys=0.01, real=0.00 secs] 
2014-07-28T19:52:27.950+0000: 1110.328: [GC [PSYoungGen: 81350K->320K(80256K)] 186278K->105383K(767232K), 0.0038620 secs] [Times: user=0.02 sys=0.00, real=0.00 secs] 
2014-07-28T19:52:28.512+0000: 1110.890: [GC [PSYoungGen: 80256K->224K(79296K)] 185319K->105327K(766272K), 0.0044390 secs] [Times: user=0.03 sys=0.00, real=0.00 secs] 
2014-07-28T19:52:29.070+0000: 1111.448: [GC [PSYoungGen: 79264K->384K(78528K)] 184367K->105575K(765504K), 0.0050320 secs] [Times: user=0.04 sys=0.00, real=0.00 secs] 
2014-07-28T19:52:29.628+0000: 1112.006: [GC [PSYoungGen: 78528K->512K(77760K)] 183719K->105815K(764736K), 0.0029010 secs] [Times: user=0.02 sys=0.00, real=0.01 secs] 
2014-07-28T19:52:30.169+0000: 1112.547: [GC [PSYoungGen: 77760K->256K(76672K)] 183063K->105583K(763648K), 0.0055000 secs] [Times: user=0.03 sys=0.00, real=0.00 secs] 
2014-07-28T19:52:30.706+0000: 1113.084: [GC [PSYoungGen: 76672K->416K(76032K)] 181999K->105847K(763008K), 0.0068090 secs] [Times: user=0.04 sys=0.01, real=0.01 secs] 
2014-07-28T19:52:31.240+0000: 1113.618: [GC [PSYoungGen: 76000K->384K(75136K)] 181431K->105831K(762112K), 0.0056870 secs] [Times: user=0.04 sys=0.00, real=0.00 secs] 
2014-07-28T19:52:31.764+0000: 1114.142: [GC [PSYoungGen: 75136K->320K(74240K)] 180583K->105823K(761216K), 0.0041530 secs] [Times: user=0.02 sys=0.00, real=0.01 secs] 
2014-07-28T19:52:32.282+0000: 1114.660: [GC [PSYoungGen: 74240K->448K(73600K)] 179743K->105975K(760576K), 0.0040600 secs] [Times: user=0.02 sys=0.00, real=0.00 secs] 
2014-07-28T19:52:32.799+0000: 1115.177: [GC [PSYoungGen: 73600K->352K(72768K)] 179127K->105959K(759744K), 0.0050930 secs] [Times: user=0.03 sys=0.00, real=0.00 secs] 
2014-07-28T19:52:33.308+0000: 1115.686: [GC [PSYoungGen: 72736K->320K(71936K)] 178343K->105967K(758912K), 0.0061410 secs] [Times: user=0.04 sys=0.00, real=0.01 secs] 
2014-07-28T19:52:33.813+0000: 1116.191: [GC [PSYoungGen: 71936K->384K(71232K)] 177583K->106103K(758208K), 0.0054840 secs] [Times: user=0.03 sys=0.01, real=0.01 secs] 
2014-07-28T19:52:34.313+0000: 1116.691: [GC [PSYoungGen: 71232K->352K(85440K)] 176951K->106095K(772416K), 0.0065630 secs] [Times: user=0.04 sys=0.00, real=0.01 secs] 
2014-07-28T19:52:34.911+0000: 1117.289: [GC [PSYoungGen: 85379K->224K(84288K)] 191123K->106015K(771264K), 0.0040160 secs] [Times: user=0.02 sys=0.00, real=0.00 secs] 
2014-07-28T19:52:35.502+0000: 1117.880: [GC [PSYoungGen: 84256K->352K(83392K)] 190047K->106191K(770368K), 0.0048480 secs] [Times: user=0.03 sys=0.00, real=0.00 secs] 
2014-07-28T19:52:36.088+0000: 1118.466: [GC [PSYoungGen: 83360K->320K(82368K)] 189199K->106239K(769344K), 0.0040560 secs] [Times: user=0.02 sys=0.00, real=0.01 secs] 
2014-07-28T19:52:36.663+0000: 1119.041: [GC [PSYoungGen: 82368K->352K(81472K)] 188287K->106343K(768448K), 0.0046530 secs] [Times: user=0.03 sys=0.00, real=0.00 secs] 
2014-07-28T19:52:37.229+0000: 1119.607: [GC [PSYoungGen: 81440K->384K(80512K)] 187431K->106383K(767488K), 0.0055990 secs] [Times: user=0.04 sys=0.00, real=0.00 secs] 
2014-07-28T19:52:37.793+0000: 1120.171: [GC [PSYoungGen: 80512K->320K(79552K)] 186511K->106399K(766528K), 0.0035120 secs] [Times: user=0.01 sys=0.00, real=0.00 secs] 
2014-07-28T19:52:38.351+0000: 1120.729: [GC [PSYoungGen: 79552K->320K(78656K)] 185631K->106423K(765632K), 0.0047520 secs] [Times: user=0.03 sys=0.00, real=0.00 secs] 
2014-07-28T19:52:38.906+0000: 1121.284: [GC [PSYoungGen: 78656K->416K(77888K)] 184759K->106615K(764864K), 0.0045980 secs] [Times: user=0.03 sys=0.00, real=0.01 secs] 
2014-07-28T19:52:39.450+0000: 1121.828: [GC [PSYoungGen: 77856K->256K(76864K)] 184055K->106487K(763840K), 0.0050830 secs] [Times: user=0.03 sys=0.00, real=0.00 secs] 
2014-07-28T19:52:39.991+0000: 1122.369: [GC [PSYoungGen: 76864K->192K(75968K)] 183095K->106463K(762944K), 0.0031200 secs] [Times: user=0.01 sys=0.01, real=0.00 secs] 
2014-07-28T19:52:40.529+0000: 1122.907: [GC [PSYoungGen: 75968K->306K(75264K)] 182239K->106617K(762240K), 0.0063720 secs] [Times: user=0.03 sys=0.01, real=0.01 secs] 
2014-07-28T19:52:41.051+0000: 1123.429: [GC [PSYoungGen: 75250K->384K(74496K)] 181561K->106767K(761472K), 0.0042120 secs] [Times: user=0.02 sys=0.00, real=0.00 secs] 
2014-07-28T19:52:41.573+0000: 1123.951: [GC [PSYoungGen: 74496K->384K(73728K)] 180879K->106831K(760704K), 0.0038960 secs] [Times: user=0.02 sys=0.00, real=0.00 secs] 
2014-07-28T19:52:42.086+0000: 1124.464: [GC [PSYoungGen: 73728K->320K(72896K)] 180175K->106847K(759872K), 0.0060790 secs] [Times: user=0.04 sys=0.00, real=0.01 secs] 
2014-07-28T19:52:42.598+0000: 1124.975: [GC [PSYoungGen: 72884K->256K(72064K)] 179412K->106847K(759040K), 0.0053790 secs] [Times: user=0.03 sys=0.00, real=0.01 secs] 
2014-07-28T19:52:43.109+0000: 1125.487: [GC [PSYoungGen: 72064K->256K(71296K)] 178655K->106879K(758272K), 0.0060730 secs] [Times: user=0.04 sys=0.00, real=0.01 secs] 
2014-07-28T19:52:43.606+0000: 1125.984: [GC [PSYoungGen: 71296K->224K(70592K)] 177919K->106903K(757568K), 0.0045070 secs] [Times: user=0.02 sys=0.01, real=0.01 secs] 
2014-07-28T19:52:44.103+0000: 1126.481: [GC [PSYoungGen: 70560K->352K(70016K)] 177239K->107095K(756992K), 0.0049160 secs] [Times: user=0.03 sys=0.01, real=0.00 secs] 
2014-07-28T19:52:44.590+0000: 1126.968: [GC [PSYoungGen: 69984K->352K(69312K)] 176727K->107175K(756288K), 0.0053900 secs] [Times: user=0.03 sys=0.00, real=0.00 secs] 
2014-07-28T19:52:45.078+0000: 1127.456: [GC [PSYoungGen: 69280K->306K(68544K)] 176103K->107209K(755520K), 0.0046200 secs] [Times: user=0.02 sys=0.00, real=0.01 secs] 
2014-07-28T19:52:45.560+0000: 1127.938: [GC [PSYoungGen: 68530K->288K(82240K)] 175433K->107247K(769216K), 0.0067430 secs] [Times: user=0.05 sys=0.00, real=0.00 secs] 
2014-07-28T19:52:46.136+0000: 1128.514: [GC [PSYoungGen: 82208K->416K(81408K)] 189167K->107423K(768384K), 0.0038570 secs] [Times: user=0.02 sys=0.00, real=0.00 secs] 
2014-07-28T19:52:46.706+0000: 1129.084: [GC [PSYoungGen: 81376K->320K(80320K)] 188383K->107391K(767296K), 0.0045590 secs] [Times: user=0.02 sys=0.00, real=0.01 secs] 
2014-07-28T19:52:47.266+0000: 1129.644: [GC [PSYoungGen: 80286K->320K(79424K)] 187357K->107447K(766400K), 0.0043300 secs] [Times: user=0.02 sys=0.01, real=0.01 secs] 
2014-07-28T19:52:47.825+0000: 1130.203: [GC [PSYoungGen: 79424K->352K(78592K)] 186551K->107535K(765568K), 0.0031180 secs] [Times: user=0.01 sys=0.00, real=0.00 secs] 
2014-07-28T19:52:48.377+0000: 1130.754: [GC [PSYoungGen: 78542K->384K(77696K)] 185726K->107599K(764672K), 0.0053990 secs] [Times: user=0.03 sys=0.00, real=0.01 secs] 
2014-07-28T19:52:48.918+0000: 1131.296: [GC [PSYoungGen: 77696K->352K(76864K)] 184911K->107647K(763840K), 0.0067550 secs] [Times: user=0.04 sys=0.00, real=0.01 secs] 
2014-07-28T19:52:49.466+0000: 1131.844: [GC [PSYoungGen: 76832K->320K(75968K)] 184127K->107655K(762944K), 0.0056500 secs] [Times: user=0.04 sys=0.00, real=0.01 secs] 
2014-07-28T19:52:49.991+0000: 1132.369: [GC [PSYoungGen: 75968K->288K(75136K)] 183303K->107695K(762112K), 0.0038980 secs] [Times: user=0.02 sys=0.00, real=0.01 secs] 
2014-07-28T19:52:50.520+0000: 1132.898: [GC [PSYoungGen: 75104K->384K(74368K)] 182511K->107855K(761344K), 0.0058620 secs] [Times: user=0.03 sys=0.00, real=0.01 secs] 
2014-07-28T19:52:51.040+0000: 1133.418: [GC [PSYoungGen: 74368K->384K(73600K)] 181839K->107919K(760576K), 0.0056020 secs] [Times: user=0.02 sys=0.00, real=0.01 secs] 
2014-07-28T19:52:51.558+0000: 1133.936: [GC [PSYoungGen: 73599K->320K(72768K)] 181135K->107967K(759744K), 0.0050650 secs] [Times: user=0.04 sys=0.00, real=0.01 secs] 
2014-07-28T19:52:52.067+0000: 1134.445: [GC [PSYoungGen: 72768K->288K(72000K)] 180415K->107975K(758976K), 0.0047970 secs] [Times: user=0.03 sys=0.00, real=0.01 secs] 
2014-07-28T19:52:52.572+0000: 1134.950: [GC [PSYoungGen: 71968K->320K(71232K)] 179655K->108087K(758208K), 0.0042850 secs] [Times: user=0.02 sys=0.01, real=0.00 secs] 
2014-07-28T19:52:53.075+0000: 1135.453: [GC [PSYoungGen: 71232K->384K(70592K)] 178999K->108199K(757568K), 0.0047640 secs] [Times: user=0.03 sys=0.00, real=0.00 secs] 
2014-07-28T19:52:53.570+0000: 1135.948: [GC [PSYoungGen: 70592K->384K(69888K)] 178407K->108295K(756864K), 0.0038120 secs] [Times: user=0.03 sys=0.00, real=0.01 secs] 
2014-07-28T19:52:54.061+0000: 1136.439: [GC [PSYoungGen: 69888K->320K(69120K)] 177799K->108263K(756096K), 0.0055130 secs] [Times: user=0.03 sys=0.00, real=0.01 secs] 
2014-07-28T19:52:54.543+0000: 1136.921: [GC [PSYoungGen: 69078K->480K(68608K)] 177022K->108527K(755584K), 0.0038390 secs] [Times: user=0.03 sys=0.00, real=0.00 secs] 
2014-07-28T19:52:55.025+0000: 1137.403: [GC [PSYoungGen: 68576K->480K(67904K)] 176623K->108583K(754880K), 0.0040090 secs] [Times: user=0.02 sys=0.00, real=0.00 secs] 
2014-07-28T19:52:55.502+0000: 1137.880: [GC [PSYoungGen: 67835K->192K(66944K)] 175939K->108415K(753920K), 0.0042850 secs] [Times: user=0.03 sys=0.00, real=0.00 secs] 
2014-07-28T19:52:55.969+0000: 1138.347: [GC [PSYoungGen: 66928K->320K(66432K)] 175152K->108575K(753408K), 0.0042370 secs] [Times: user=0.02 sys=0.00, real=0.01 secs] 
2014-07-28T19:52:56.436+0000: 1138.814: [GC [PSYoungGen: 66432K->384K(65856K)] 174687K->108711K(752832K), 0.0041720 secs] [Times: user=0.03 sys=0.00, real=0.00 secs] 
2014-07-28T19:52:56.896+0000: 1139.274: [GC [PSYoungGen: 65856K->416K(65280K)] 174183K->108831K(752256K), 0.0065550 secs] [Times: user=0.04 sys=0.00, real=0.01 secs] 
2014-07-28T19:52:57.353+0000: 1139.731: [GC [PSYoungGen: 65248K->224K(78080K)] 173663K->108663K(765056K), 0.0081000 secs] [Times: user=0.05 sys=0.00, real=0.00 secs] 
2014-07-28T19:52:57.898+0000: 1140.276: [GC [PSYoungGen: 78048K->256K(91136K)] 186487K->108759K(778112K), 0.0056210 secs] [Times: user=0.03 sys=0.00, real=0.01 secs] 
2014-07-28T19:52:58.535+0000: 1140.913: [GC [PSYoungGen: 90815K->352K(94016K)] 199319K->108871K(780992K), 0.0075050 secs] [Times: user=0.04 sys=0.00, real=0.01 secs] 
2014-07-28T19:52:59.191+0000: 1141.569: [GC [PSYoungGen: 93792K->224K(92480K)] 202311K->108791K(779456K), 0.0024180 secs] [Times: user=0.02 sys=0.00, real=0.01 secs] 
2014-07-28T19:52:59.839+0000: 1142.217: [GC [PSYoungGen: 92436K->384K(91456K)] 201004K->109039K(778432K), 0.0056990 secs] [Times: user=0.04 sys=0.00, real=0.01 secs] 
2014-07-28T19:53:00.482+0000: 1142.860: [GC [PSYoungGen: 91456K->352K(90304K)] 200111K->109039K(777280K), 0.0040730 secs] [Times: user=0.03 sys=0.00, real=0.01 secs] 
2014-07-28T19:53:01.115+0000: 1143.492: [GC [PSYoungGen: 90272K->320K(89088K)] 198959K->109079K(776064K), 0.0044510 secs] [Times: user=0.03 sys=0.00, real=0.00 secs] 
2014-07-28T19:53:01.741+0000: 1144.119: [GC [PSYoungGen: 89088K->448K(88128K)] 197847K->109303K(775104K), 0.0059810 secs] [Times: user=0.04 sys=0.00, real=0.01 secs] 
2014-07-28T19:53:02.360+0000: 1144.738: [GC [PSYoungGen: 88128K->352K(86976K)] 196983K->109231K(773952K), 0.0052050 secs] [Times: user=0.03 sys=0.00, real=0.01 secs] 
2014-07-28T19:53:02.971+0000: 1145.349: [GC [PSYoungGen: 86944K->288K(85824K)] 195823K->109231K(772800K), 0.0065540 secs] [Times: user=0.03 sys=0.00, real=0.01 secs] 
2014-07-28T19:53:03.576+0000: 1145.954: [GC [PSYoungGen: 85792K->416K(84928K)] 194735K->109423K(771904K), 0.0054940 secs] [Times: user=0.03 sys=0.00, real=0.00 secs] 
2014-07-28T19:53:04.175+0000: 1146.553: [GC [PSYoungGen: 84896K->402K(83904K)] 193903K->109457K(770880K), 0.0039600 secs] [Times: user=0.02 sys=0.00, real=0.00 secs] 
2014-07-28T19:53:04.759+0000: 1147.136: [GC [PSYoungGen: 83858K->224K(82752K)] 192913K->109319K(769728K), 0.0045900 secs] [Times: user=0.02 sys=0.00, real=0.01 secs] 
2014-07-28T19:53:05.339+0000: 1147.717: [GC [PSYoungGen: 82720K->434K(81984K)] 191815K->109553K(768960K), 0.0045530 secs] [Times: user=0.02 sys=0.01, real=0.01 secs] 
2014-07-28T19:53:05.914+0000: 1148.291: [GC [PSYoungGen: 81970K->384K(80960K)] 191089K->109599K(767936K), 0.0058740 secs] [Times: user=0.04 sys=0.01, real=0.00 secs] 
2014-07-28T19:53:06.482+0000: 1148.859: [GC [PSYoungGen: 80960K->192K(79872K)] 190175K->109439K(766848K), 0.0049230 secs] [Times: user=0.03 sys=0.00, real=0.01 secs] 
2014-07-28T19:53:07.042+0000: 1149.420: [GC [PSYoungGen: 79872K->320K(79104K)] 189119K->109623K(766080K), 0.0055710 secs] [Times: user=0.03 sys=0.00, real=0.01 secs] 
2014-07-28T19:53:07.596+0000: 1149.974: [GC [PSYoungGen: 79104K->352K(78272K)] 188407K->109727K(765248K), 0.0063460 secs] [Times: user=0.03 sys=0.00, real=0.00 secs] 
2014-07-28T19:53:08.147+0000: 1150.525: [GC [PSYoungGen: 78240K->256K(77248K)] 187615K->109671K(764224K), 0.0051340 secs] [Times: user=0.03 sys=0.00, real=0.00 secs] 
2014-07-28T19:53:08.690+0000: 1151.068: [GC [PSYoungGen: 77232K->416K(76608K)] 186648K->109927K(763584K), 0.0040050 secs] [Times: user=0.03 sys=0.00, real=0.01 secs] 
2014-07-28T19:53:09.227+0000: 1151.605: [GC [PSYoungGen: 76576K->352K(75712K)] 186087K->109903K(762688K), 0.0032920 secs] [Times: user=0.02 sys=0.01, real=0.00 secs] 
2014-07-28T19:53:09.759+0000: 1152.137: [GC [PSYoungGen: 75680K->448K(74944K)] 185231K->110103K(761920K), 0.0040550 secs] [Times: user=0.02 sys=0.00, real=0.00 secs] 
2014-07-28T19:53:10.281+0000: 1152.659: [GC [PSYoungGen: 74944K->320K(89792K)] 184599K->110007K(776768K), 0.0091030 secs] [Times: user=0.07 sys=0.00, real=0.01 secs] 
2014-07-28T19:53:10.912+0000: 1153.290: [GC [PSYoungGen: 89698K->416K(89984K)] 199386K->110183K(776960K), 0.0068040 secs] [Times: user=0.04 sys=0.00, real=0.01 secs] 
2014-07-28T19:53:11.541+0000: 1153.919: [GC [PSYoungGen: 89777K->320K(107904K)] 199545K->110103K(794880K), 0.0063100 secs] [Times: user=0.03 sys=0.01, real=0.01 secs] 
2014-07-28T19:53:12.300+0000: 1154.677: [GC [PSYoungGen: 107648K->416K(106240K)] 217431K->110287K(793216K), 0.0052370 secs] [Times: user=0.03 sys=0.01, real=0.01 secs] 
2014-07-28T19:53:13.048+0000: 1155.426: [GC [PSYoungGen: 106208K->192K(104448K)] 216079K->110183K(791424K), 0.0050800 secs] [Times: user=0.03 sys=0.00, real=0.00 secs] 
2014-07-28T19:53:13.780+0000: 1156.157: [GC [PSYoungGen: 104448K->256K(103040K)] 214439K->110303K(790016K), 0.0046250 secs] [Times: user=0.03 sys=0.01, real=0.00 secs] 
2014-07-28T19:53:14.506+0000: 1156.884: [GC [PSYoungGen: 103040K->416K(101824K)] 213087K->110495K(788800K), 0.0059430 secs] [Times: user=0.04 sys=0.00, real=0.00 secs] 
2014-07-28T19:53:15.223+0000: 1157.601: [GC [PSYoungGen: 101792K->384K(100352K)] 211871K->110551K(787328K), 0.0055430 secs] [Times: user=0.03 sys=0.00, real=0.01 secs] 
2014-07-28T19:53:15.930+0000: 1158.308: [GC [PSYoungGen: 100352K->384K(99008K)] 210519K->110647K(785984K), 0.0040520 secs] [Times: user=0.02 sys=0.00, real=0.00 secs] 
2014-07-28T19:53:16.624+0000: 1159.002: [GC [PSYoungGen: 99008K->448K(97728K)] 209271K->110751K(784704K), 0.0069360 secs] [Times: user=0.05 sys=0.00, real=0.01 secs] 
2014-07-28T19:53:17.313+0000: 1159.691: [GC [PSYoungGen: 97728K->160K(96192K)] 208031K->110495K(783168K), 0.0077660 secs] [Times: user=0.04 sys=0.00, real=0.01 secs] 
2014-07-28T19:53:17.989+0000: 1160.367: [GC [PSYoungGen: 96151K->224K(94976K)] 206487K->110615K(781952K), 0.0046140 secs] [Times: user=0.03 sys=0.00, real=0.00 secs] 
2014-07-28T19:53:18.658+0000: 1161.035: [GC [PSYoungGen: 94944K->512K(94016K)] 205335K->110975K(780992K), 0.0032860 secs] [Times: user=0.02 sys=0.00, real=0.00 secs] 
2014-07-28T19:53:19.312+0000: 1161.690: [GC [PSYoungGen: 94016K->416K(92736K)] 204479K->110967K(779712K), 0.0047950 secs] [Times: user=0.03 sys=0.01, real=0.01 secs] 
2014-07-28T19:53:19.964+0000: 1162.342: [GC [PSYoungGen: 92667K->384K(91456K)] 203219K->111015K(778432K), 0.0050250 secs] [Times: user=0.03 sys=0.00, real=0.01 secs] 
2014-07-28T19:53:20.604+0000: 1162.982: [GC [PSYoungGen: 91456K->224K(90176K)] 202087K->110871K(777152K), 0.0027900 secs] [Times: user=0.02 sys=0.00, real=0.01 secs] 
2014-07-28T19:53:21.235+0000: 1163.612: [GC [PSYoungGen: 90144K->224K(89024K)] 200791K->110911K(776000K), 0.0048160 secs] [Times: user=0.02 sys=0.00, real=0.01 secs] 
2014-07-28T19:53:21.858+0000: 1164.236: [GC [PSYoungGen: 88991K->384K(88064K)] 199679K->111127K(775040K), 0.0068580 secs] [Times: user=0.04 sys=0.01, real=0.00 secs] 
2014-07-28T19:53:22.481+0000: 1164.859: [GC [PSYoungGen: 88064K->224K(86848K)] 198807K->110983K(773824K), 0.0051980 secs] [Times: user=0.03 sys=0.01, real=0.01 secs] 
2014-07-28T19:53:23.092+0000: 1165.470: [GC [PSYoungGen: 86801K->320K(85824K)] 197561K->111135K(772800K), 0.0028410 secs] [Times: user=0.02 sys=0.00, real=0.00 secs] 
2014-07-28T19:53:23.692+0000: 1166.070: [GC [PSYoungGen: 85824K->448K(84928K)] 196639K->111367K(771904K), 0.0034850 secs] [Times: user=0.01 sys=0.01, real=0.00 secs] 
2014-07-28T19:53:24.289+0000: 1166.667: [GC [PSYoungGen: 84928K->288K(83776K)] 195847K->111239K(770752K), 0.0043190 secs] [Times: user=0.02 sys=0.00, real=0.00 secs] 
2014-07-28T19:53:24.877+0000: 1167.255: [GC [PSYoungGen: 83744K->352K(82880K)] 194695K->111383K(769856K), 0.0047000 secs] [Times: user=0.03 sys=0.00, real=0.00 secs] 
2014-07-28T19:53:25.464+0000: 1167.842: [GC [PSYoungGen: 82848K->370K(81920K)] 193879K->111441K(768896K), 0.0042650 secs] [Times: user=0.02 sys=0.00, real=0.01 secs] 
2014-07-28T19:53:26.040+0000: 1168.418: [GC [PSYoungGen: 81906K->384K(80960K)] 192977K->111519K(767936K), 0.0049720 secs] [Times: user=0.03 sys=0.00, real=0.00 secs] 
2014-07-28T19:53:26.608+0000: 1168.986: [GC [PSYoungGen: 80960K->384K(80064K)] 192095K->111607K(767040K), 0.0045440 secs] [Times: user=0.03 sys=0.00, real=0.00 secs] 
2014-07-28T19:53:27.169+0000: 1169.547: [GC [PSYoungGen: 80043K->370K(79168K)] 191267K->111633K(766144K), 0.0043540 secs] [Times: user=0.03 sys=0.00, real=0.00 secs] 
2014-07-28T19:53:27.721+0000: 1170.099: [GC [PSYoungGen: 79154K->352K(78272K)] 190417K->111695K(765248K), 0.0049490 secs] [Times: user=0.03 sys=0.00, real=0.00 secs] 
2014-07-28T19:53:28.269+0000: 1170.647: [GC [PSYoungGen: 78240K->352K(77376K)] 189583K->111727K(764352K), 0.0059310 secs] [Times: user=0.03 sys=0.00, real=0.00 secs] 
2014-07-28T19:53:28.810+0000: 1171.187: [GC [PSYoungGen: 77344K->480K(76672K)] 188719K->111975K(763648K), 0.0040790 secs] [Times: user=0.02 sys=0.01, real=0.00 secs] 
2014-07-28T19:53:29.350+0000: 1171.728: [GC [PSYoungGen: 76640K->192K(75520K)] 188135K->111775K(762496K), 0.0057430 secs] [Times: user=0.03 sys=0.00, real=0.00 secs] 
2014-07-28T19:53:29.879+0000: 1172.257: [GC [PSYoungGen: 75520K->352K(74880K)] 187103K->111999K(761856K), 0.0058110 secs] [Times: user=0.04 sys=0.00, real=0.00 secs] 
2014-07-28T19:53:30.410+0000: 1172.788: [GC [PSYoungGen: 74848K->256K(73920K)] 186495K->111959K(760896K), 0.0059180 secs] [Times: user=0.03 sys=0.00, real=0.00 secs] 
2014-07-28T19:53:30.929+0000: 1173.307: [GC [PSYoungGen: 73891K->448K(73344K)] 185595K->112247K(760320K), 0.0044480 secs] [Times: user=0.02 sys=0.00, real=0.00 secs] 
2014-07-28T19:53:31.442+0000: 1173.819: [GC [PSYoungGen: 73344K->384K(72512K)] 185143K->112231K(759488K), 0.0058420 secs] [Times: user=0.04 sys=0.00, real=0.01 secs] 
2014-07-28T19:53:31.949+0000: 1174.327: [GC [PSYoungGen: 72512K->352K(71744K)] 184359K->112263K(758720K), 0.0040990 secs] [Times: user=0.02 sys=0.00, real=0.00 secs] 
2014-07-28T19:53:32.451+0000: 1174.829: [GC [PSYoungGen: 71712K->448K(86080K)] 183623K->112391K(773056K), 0.0069560 secs] [Times: user=0.04 sys=0.01, real=0.01 secs] 
2014-07-28T19:53:33.053+0000: 1175.431: [GC [PSYoungGen: 86080K->384K(100992K)] 198023K->112415K(787968K), 0.0064170 secs] [Times: user=0.05 sys=0.00, real=0.01 secs] 
2014-07-28T19:53:33.758+0000: 1176.136: [GC [PSYoungGen: 100800K->352K(99456K)] 212831K->112463K(786432K), 0.0060450 secs] [Times: user=0.04 sys=0.00, real=0.01 secs] 
2014-07-28T19:53:34.459+0000: 1176.837: [GC [PSYoungGen: 99424K->352K(98112K)] 211535K->112503K(785088K), 0.0022780 secs] [Times: user=0.01 sys=0.00, real=0.00 secs] 
2014-07-28T19:53:35.142+0000: 1177.520: [GC [PSYoungGen: 98080K->320K(96768K)] 210231K->112575K(783744K), 0.0054510 secs] [Times: user=0.03 sys=0.00, real=0.00 secs] 
2014-07-28T19:53:35.823+0000: 1178.201: [GC [PSYoungGen: 96768K->448K(95616K)] 209023K->112791K(782592K), 0.0039940 secs] [Times: user=0.02 sys=0.00, real=0.00 secs] 
2014-07-28T19:53:36.496+0000: 1178.874: [GC [PSYoungGen: 95616K->320K(94208K)] 207959K->112743K(781184K), 0.0041180 secs] [Times: user=0.03 sys=0.00, real=0.01 secs] 
2014-07-28T19:53:37.155+0000: 1179.533: [GC [PSYoungGen: 94208K->288K(92992K)] 206631K->112775K(779968K), 0.0062390 secs] [Times: user=0.04 sys=0.01, real=0.01 secs] 
2014-07-28T19:53:37.811+0000: 1180.189: [GC [PSYoungGen: 92960K->352K(91840K)] 205447K->112919K(778816K), 0.0037040 secs] [Times: user=0.01 sys=0.00, real=0.00 secs] 
2014-07-28T19:53:38.452+0000: 1180.830: [GC [PSYoungGen: 91771K->466K(90816K)] 204339K->113065K(777792K), 0.0043140 secs] [Times: user=0.02 sys=0.00, real=0.00 secs] 
2014-07-28T19:53:39.085+0000: 1181.463: [GC [PSYoungGen: 90770K->192K(89344K)] 203369K->112839K(776320K), 0.0099130 secs] [Times: user=0.05 sys=0.00, real=0.01 secs] 
2014-07-28T19:53:39.714+0000: 1182.092: [GC [PSYoungGen: 89344K->224K(88320K)] 201991K->112927K(775296K), 0.0038580 secs] [Times: user=0.02 sys=0.00, real=0.01 secs] 
2014-07-28T19:53:40.333+0000: 1182.710: [GC [PSYoungGen: 88288K->352K(87360K)] 200991K->113079K(774336K), 0.0058080 secs] [Times: user=0.04 sys=0.00, real=0.00 secs] 
2014-07-28T19:53:40.947+0000: 1183.325: [GC [PSYoungGen: 87328K->288K(86208K)] 200055K->113071K(773184K), 0.0047240 secs] [Times: user=0.02 sys=0.00, real=0.01 secs] 
2014-07-28T19:53:41.548+0000: 1183.926: [GC [PSYoungGen: 86176K->352K(85248K)] 198959K->113159K(772224K), 0.0034270 secs] [Times: user=0.02 sys=0.00, real=0.01 secs] 
2014-07-28T19:53:42.151+0000: 1184.529: [GC [PSYoungGen: 85216K->352K(84224K)] 198023K->113223K(771200K), 0.0036390 secs] [Times: user=0.02 sys=0.00, real=0.00 secs] 
2014-07-28T19:53:42.741+0000: 1185.119: [GC [PSYoungGen: 84192K->320K(83136K)] 197063K->113263K(770112K), 0.0042080 secs] [Times: user=0.02 sys=0.00, real=0.00 secs] 
2014-07-28T19:53:43.324+0000: 1185.701: [GC [PSYoungGen: 83136K->224K(82112K)] 196079K->113199K(769088K), 0.0030840 secs] [Times: user=0.01 sys=0.00, real=0.00 secs] 
2014-07-28T19:53:43.900+0000: 1186.278: [GC [PSYoungGen: 82080K->288K(81216K)] 195055K->113303K(768192K), 0.0060590 secs] [Times: user=0.02 sys=0.00, real=0.00 secs] 
2014-07-28T19:53:44.471+0000: 1186.849: [GC [PSYoungGen: 81184K->416K(80384K)] 194199K->113471K(767360K), 0.0032590 secs] [Times: user=0.03 sys=0.00, real=0.00 secs] 
2014-07-28T19:53:45.040+0000: 1187.418: [GC [PSYoungGen: 80352K->288K(79360K)] 193407K->113407K(766336K), 0.0034890 secs] [Times: user=0.02 sys=0.00, real=0.00 secs] 
2014-07-28T19:53:45.594+0000: 1187.972: [GC [PSYoungGen: 79327K->192K(78336K)] 192447K->113359K(765312K), 0.0023400 secs] [Times: user=0.01 sys=0.00, real=0.00 secs] 
2014-07-28T19:53:46.147+0000: 1188.525: [GC [PSYoungGen: 78336K->288K(77568K)] 191503K->113503K(764544K), 0.0027030 secs] [Times: user=0.02 sys=0.00, real=0.01 secs] 
2014-07-28T19:53:46.691+0000: 1189.069: [GC [PSYoungGen: 77502K->306K(76736K)] 190718K->113577K(763712K), 0.0023920 secs] [Times: user=0.01 sys=0.00, real=0.00 secs] 
2014-07-28T19:53:47.230+0000: 1189.608: [GC [PSYoungGen: 76722K->416K(76032K)] 189993K->113711K(763008K), 0.0026050 secs] [Times: user=0.02 sys=0.00, real=0.00 secs] 
2014-07-28T19:53:47.764+0000: 1190.142: [GC [PSYoungGen: 75962K->352K(75136K)] 189258K->113719K(762112K), 0.0057070 secs] [Times: user=0.03 sys=0.00, real=0.01 secs] 
2014-07-28T19:53:48.290+0000: 1190.668: [GC [PSYoungGen: 75104K->256K(74176K)] 188471K->113695K(761152K), 0.0040600 secs] [Times: user=0.03 sys=0.00, real=0.00 secs] 
2014-07-28T19:53:48.811+0000: 1191.189: [GC [PSYoungGen: 74176K->256K(73408K)] 187615K->113751K(760384K), 0.0058540 secs] [Times: user=0.04 sys=0.00, real=0.00 secs] 
2014-07-28T19:53:49.325+0000: 1191.703: [GC [PSYoungGen: 73408K->288K(72704K)] 186903K->113815K(759680K), 0.0032430 secs] [Times: user=0.02 sys=0.00, real=0.00 secs] 
2014-07-28T19:53:49.838+0000: 1192.216: [GC [PSYoungGen: 72672K->256K(87168K)] 186199K->113831K(774144K), 0.0102280 secs] [Times: user=0.06 sys=0.01, real=0.01 secs] 
2014-07-28T19:53:50.453+0000: 1192.831: [GC [PSYoungGen: 87168K->416K(86272K)] 200743K->114015K(773248K), 0.0030240 secs] [Times: user=0.02 sys=0.00, real=0.00 secs] 
2014-07-28T19:53:51.056+0000: 1193.434: [GC [PSYoungGen: 86239K->480K(85312K)] 199839K->114167K(772288K), 0.0030630 secs] [Times: user=0.02 sys=0.00, real=0.00 secs] 
2014-07-28T19:53:51.651+0000: 1194.029: [GC [PSYoungGen: 85280K->128K(83904K)] 198967K->113959K(770880K), 0.0028800 secs] [Times: user=0.02 sys=0.00, real=0.00 secs] 
2014-07-28T19:53:52.244+0000: 1194.622: [GC [PSYoungGen: 83904K->256K(83008K)] 197735K->114095K(769984K), 0.0072200 secs] [Times: user=0.04 sys=0.00, real=0.01 secs] 
2014-07-28T19:53:52.832+0000: 1195.209: [GC [PSYoungGen: 83008K->384K(82176K)] 196847K->114303K(769152K), 0.0025090 secs] [Times: user=0.02 sys=0.00, real=0.00 secs] 
2014-07-28T19:53:53.412+0000: 1195.790: [GC [PSYoungGen: 82176K->352K(81216K)] 196095K->114287K(768192K), 0.0028330 secs] [Times: user=0.01 sys=0.00, real=0.00 secs] 
2014-07-28T19:53:53.985+0000: 1196.363: [GC [PSYoungGen: 81184K->448K(80320K)] 195119K->114455K(767296K), 0.0048060 secs] [Times: user=0.03 sys=0.00, real=0.00 secs] 
2014-07-28T19:53:54.544+0000: 1196.922: [GC [PSYoungGen: 80320K->224K(79232K)] 194327K->114263K(766208K), 0.0085400 secs] [Times: user=0.05 sys=0.00, real=0.01 secs] 
2014-07-28T19:53:55.103+0000: 1197.481: [GC [PSYoungGen: 79200K->224K(78336K)] 193239K->114319K(765312K), 0.0033410 secs] [Times: user=0.02 sys=0.00, real=0.00 secs] 
2014-07-28T19:53:55.650+0000: 1198.028: [GC [PSYoungGen: 78258K->160K(77376K)] 192354K->114279K(764352K), 0.0032870 secs] [Times: user=0.01 sys=0.00, real=0.01 secs] 
2014-07-28T19:53:56.193+0000: 1198.571: [GC [PSYoungGen: 77344K->320K(76672K)] 191463K->114479K(763648K), 0.0027240 secs] [Times: user=0.01 sys=0.00, real=0.00 secs] 
2014-07-28T19:53:56.735+0000: 1199.113: [GC [PSYoungGen: 76672K->352K(75904K)] 190831K->114583K(762880K), 0.0043420 secs] [Times: user=0.02 sys=0.00, real=0.00 secs] 
2014-07-28T19:53:57.263+0000: 1199.641: [GC [PSYoungGen: 75872K->320K(75008K)] 190103K->114575K(761984K), 0.0032360 secs] [Times: user=0.02 sys=0.01, real=0.00 secs] 
2014-07-28T19:53:57.794+0000: 1200.172: [GC [PSYoungGen: 75007K->352K(74240K)] 189263K->114679K(761216K), 0.0029490 secs] [Times: user=0.01 sys=0.00, real=0.00 secs] 
2014-07-28T19:53:58.319+0000: 1200.697: [GC [PSYoungGen: 74208K->352K(73472K)] 188535K->114695K(760448K), 0.0030160 secs] [Times: user=0.02 sys=0.00, real=0.01 secs] 
2014-07-28T19:53:58.833+0000: 1201.210: [GC [PSYoungGen: 73440K->320K(72640K)] 187783K->114735K(759616K), 0.0037210 secs] [Times: user=0.02 sys=0.00, real=0.00 secs] 
2014-07-28T19:53:59.343+0000: 1201.721: [GC [PSYoungGen: 72640K->352K(71936K)] 187055K->114775K(758912K), 0.0044140 secs] [Times: user=0.02 sys=0.00, real=0.00 secs] 
2014-07-28T19:53:59.850+0000: 1202.228: [GC [PSYoungGen: 71904K->384K(71168K)] 186327K->114903K(758144K), 0.0029430 secs] [Times: user=0.01 sys=0.00, real=0.01 secs] 
2014-07-28T19:54:00.349+0000: 1202.727: [GC [PSYoungGen: 71168K->192K(70272K)] 185687K->114735K(757248K), 0.0049610 secs] [Times: user=0.02 sys=0.00, real=0.01 secs] 
2014-07-28T19:54:00.841+0000: 1203.219: [GC [PSYoungGen: 70272K->288K(69696K)] 184815K->114895K(756672K), 0.0061930 secs] [Times: user=0.03 sys=0.00, real=0.01 secs] 
2014-07-28T19:54:01.331+0000: 1203.709: [GC [PSYoungGen: 69664K->224K(68928K)] 184271K->114863K(755904K), 0.0043650 secs] [Times: user=0.02 sys=0.00, real=0.01 secs] 
2014-07-28T19:54:01.819+0000: 1204.197: [GC [PSYoungGen: 68890K->384K(68352K)] 183530K->115103K(755328K), 0.0026770 secs] [Times: user=0.02 sys=0.00, real=0.01 secs] 
2014-07-28T19:54:02.299+0000: 1204.677: [GC [PSYoungGen: 68352K->352K(67648K)] 183071K->115103K(754624K), 0.0028540 secs] [Times: user=0.02 sys=0.00, real=0.00 secs] 
2014-07-28T19:54:02.773+0000: 1205.151: [GC [PSYoungGen: 67616K->352K(67008K)] 182367K->115183K(753984K), 0.0026430 secs] [Times: user=0.01 sys=0.00, real=0.00 secs] 
2014-07-28T19:54:03.240+0000: 1205.618: [GC [PSYoungGen: 66932K->192K(66176K)] 181764K->115055K(753152K), 0.0091790 secs] [Times: user=0.05 sys=0.00, real=0.01 secs] 
2014-07-28T19:54:03.703+0000: 1206.081: [GC [PSYoungGen: 66176K->352K(79616K)] 181039K->115271K(766592K), 0.0055000 secs] [Times: user=0.03 sys=0.00, real=0.00 secs] 
2014-07-28T19:54:04.262+0000: 1206.640: [GC [PSYoungGen: 79584K->224K(78592K)] 194503K->115175K(765568K), 0.0027750 secs] [Times: user=0.01 sys=0.00, real=0.00 secs] 
2014-07-28T19:54:04.816+0000: 1207.194: [GC [PSYoungGen: 78560K->224K(77696K)] 193511K->115223K(764672K), 0.0032790 secs] [Times: user=0.01 sys=0.00, real=0.00 secs] 
2014-07-28T19:54:05.364+0000: 1207.742: [GC [PSYoungGen: 77664K->224K(93248K)] 192663K->115239K(780224K), 0.0093550 secs] [Times: user=0.04 sys=0.00, real=0.01 secs] 
2014-07-28T19:54:06.021+0000: 1208.399: [GC [PSYoungGen: 92960K->160K(91712K)] 207975K->115191K(778688K), 0.0045760 secs] [Times: user=0.01 sys=0.00, real=0.01 secs] 
2014-07-28T19:54:06.665+0000: 1209.043: [GC [PSYoungGen: 91680K->352K(90752K)] 206711K->115447K(777728K), 0.0060950 secs] [Times: user=0.03 sys=0.00, real=0.00 secs] 
2014-07-28T19:54:07.303+0000: 1209.681: [GC [PSYoungGen: 90720K->384K(89600K)] 205815K->115535K(776576K), 0.0047920 secs] [Times: user=0.02 sys=0.01, real=0.00 secs] 
2014-07-28T19:54:07.933+0000: 1210.310: [GC [PSYoungGen: 89600K->320K(88448K)] 204751K->115535K(775424K), 0.0041090 secs] [Times: user=0.02 sys=0.00, real=0.01 secs] 
2014-07-28T19:54:08.551+0000: 1210.929: [GC [PSYoungGen: 88448K->224K(87296K)] 203663K->115463K(774272K), 0.0030530 secs] [Times: user=0.02 sys=0.00, real=0.01 secs] 
2014-07-28T19:54:09.166+0000: 1211.544: [GC [PSYoungGen: 87264K->224K(86208K)] 202503K->115519K(773184K), 0.0032130 secs] [Times: user=0.01 sys=0.00, real=0.00 secs] 
2014-07-28T19:54:09.772+0000: 1212.150: [GC [PSYoungGen: 86176K->416K(85376K)] 201471K->115807K(772352K), 0.0041450 secs] [Times: user=0.02 sys=0.01, real=0.01 secs] 
2014-07-28T19:54:10.371+0000: 1212.749: [GC [PSYoungGen: 85344K->256K(84160K)] 200735K->115671K(771136K), 0.0035500 secs] [Times: user=0.01 sys=0.00, real=0.01 secs] 
2014-07-28T19:54:10.964+0000: 1213.342: [GC [PSYoungGen: 84160K->416K(83328K)] 199575K->115919K(770304K), 0.0026160 secs] [Times: user=0.01 sys=0.00, real=0.00 secs] 
2014-07-28T19:54:11.543+0000: 1213.921: [GC [PSYoungGen: 83292K->224K(82176K)] 198796K->115743K(769152K), 0.0026280 secs] [Times: user=0.01 sys=0.00, real=0.01 secs] 
2014-07-28T19:54:12.122+0000: 1214.500: [GC [PSYoungGen: 82144K->320K(81280K)] 197663K->115895K(768256K), 0.0033100 secs] [Times: user=0.01 sys=0.00, real=0.01 secs] 
2014-07-28T19:54:12.690+0000: 1215.068: [GC [PSYoungGen: 81280K->256K(80256K)] 196855K->115879K(767232K), 0.0028300 secs] [Times: user=0.01 sys=0.00, real=0.01 secs] 
2014-07-28T19:54:13.255+0000: 1215.633: [GC [PSYoungGen: 80256K->224K(79360K)] 195879K->115863K(766336K), 0.0024770 secs] [Times: user=0.01 sys=0.00, real=0.00 secs] 
2014-07-28T19:54:13.814+0000: 1216.192: [GC [PSYoungGen: 79328K->224K(78464K)] 194967K->115903K(765440K), 0.0034220 secs] [Times: user=0.02 sys=0.00, real=0.01 secs] 
2014-07-28T19:54:14.364+0000: 1216.742: [GC [PSYoungGen: 78432K->288K(77632K)] 194111K->115983K(764608K), 0.0073720 secs] [Times: user=0.05 sys=0.00, real=0.01 secs] 
2014-07-28T19:54:14.906+0000: 1217.284: [GC [PSYoungGen: 77600K->224K(76736K)] 193295K->115975K(763712K), 0.0024740 secs] [Times: user=0.01 sys=0.00, real=0.00 secs] 
2014-07-28T19:54:15.447+0000: 1217.825: [GC [PSYoungGen: 76704K->224K(75904K)] 192455K->115999K(762880K), 0.0036140 secs] [Times: user=0.02 sys=0.00, real=0.00 secs] 
2014-07-28T19:54:15.981+0000: 1218.358: [GC [PSYoungGen: 75872K->224K(75072K)] 191647K->116055K(762048K), 0.0049010 secs] [Times: user=0.02 sys=0.00, real=0.01 secs] 
2014-07-28T19:54:16.505+0000: 1218.883: [GC [PSYoungGen: 75022K->224K(74240K)] 190853K->116111K(761216K), 0.0057310 secs] [Times: user=0.03 sys=0.00, real=0.00 secs] 
2014-07-28T19:54:17.024+0000: 1219.402: [GC [PSYoungGen: 74202K->288K(73536K)] 190090K->116239K(760512K), 0.0049740 secs] [Times: user=0.02 sys=0.00, real=0.00 secs] 
2014-07-28T19:54:17.542+0000: 1219.920: [GC [PSYoungGen: 73504K->384K(72832K)] 189455K->116415K(759808K), 0.0031970 secs] [Times: user=0.02 sys=0.00, real=0.01 secs] 
2014-07-28T19:54:18.055+0000: 1220.433: [GC [PSYoungGen: 72832K->256K(71936K)] 188863K->116367K(758912K), 0.0077480 secs] [Times: user=0.05 sys=0.00, real=0.00 secs] 
2014-07-28T19:54:18.559+0000: 1220.937: [GC [PSYoungGen: 71936K->320K(71232K)] 188047K->116503K(758208K), 0.0025240 secs] [Times: user=0.01 sys=0.00, real=0.00 secs] 
2014-07-28T19:54:19.059+0000: 1221.437: [GC [PSYoungGen: 71220K->352K(70592K)] 187404K->116583K(757568K), 0.0037820 secs] [Times: user=0.02 sys=0.00, real=0.00 secs] 
2014-07-28T19:54:19.554+0000: 1221.932: [GC [PSYoungGen: 70560K->288K(69824K)] 186791K->116591K(756800K), 0.0056660 secs] [Times: user=0.03 sys=0.00, real=0.01 secs] 
2014-07-28T19:54:20.047+0000: 1222.425: [GC [PSYoungGen: 69792K->256K(69056K)] 186095K->116599K(756032K), 0.0047880 secs] [Times: user=0.02 sys=0.00, real=0.00 secs] 
2014-07-28T19:54:20.534+0000: 1222.912: [GC [PSYoungGen: 69056K->224K(68352K)] 185399K->116615K(755328K), 0.0037970 secs] [Times: user=0.01 sys=0.00, real=0.01 secs] 
2014-07-28T19:54:21.014+0000: 1223.392: [GC [PSYoungGen: 68320K->320K(67712K)] 184711K->116727K(754688K), 0.0037740 secs] [Times: user=0.01 sys=0.00, real=0.01 secs] 
2014-07-28T19:54:21.490+0000: 1223.868: [GC [PSYoungGen: 67712K->416K(67200K)] 184119K->116911K(754176K), 0.0037680 secs] [Times: user=0.02 sys=0.00, real=0.00 secs] 
2014-07-28T19:54:21.962+0000: 1224.340: [GC [PSYoungGen: 67168K->192K(66304K)] 183663K->116815K(753280K), 0.0023440 secs] [Times: user=0.01 sys=0.00, real=0.00 secs] 
2014-07-28T19:54:22.429+0000: 1224.807: [GC [PSYoungGen: 66260K->288K(65792K)] 182884K->116943K(752768K), 0.0028110 secs] [Times: user=0.01 sys=0.00, real=0.00 secs] 
2014-07-28T19:54:22.891+0000: 1225.269: [GC [PSYoungGen: 65760K->416K(65280K)] 182415K->117159K(752256K), 0.0038540 secs] [Times: user=0.03 sys=0.00, real=0.01 secs] 
2014-07-28T19:54:23.349+0000: 1225.727: [GC [PSYoungGen: 65248K->416K(64640K)] 181991K->117199K(751616K), 0.0067250 secs] [Times: user=0.03 sys=0.00, real=0.01 secs] 
2014-07-28T19:54:23.800+0000: 1226.178: [GC [PSYoungGen: 64608K->192K(63744K)] 181391K->117039K(750720K), 0.0044850 secs] [Times: user=0.02 sys=0.00, real=0.01 secs] 
2014-07-28T19:54:24.247+0000: 1226.625: [GC [PSYoungGen: 63744K->288K(76608K)] 180591K->117175K(763584K), 0.0090390 secs] [Times: user=0.05 sys=0.00, real=0.01 secs] 
2014-07-28T19:54:24.784+0000: 1227.162: [GC [PSYoungGen: 76576K->256K(87168K)] 193463K->117199K(774144K), 0.0041400 secs] [Times: user=0.03 sys=0.00, real=0.01 secs] 
2014-07-28T19:54:25.395+0000: 1227.773: [GC [PSYoungGen: 86912K->448K(86016K)] 203855K->117431K(772992K), 0.0033420 secs] [Times: user=0.02 sys=0.00, real=0.00 secs] 
2014-07-28T19:54:26.001+0000: 1228.379: [GC [PSYoungGen: 85997K->128K(84672K)] 202981K->117207K(771648K), 0.0025900 secs] [Times: user=0.02 sys=0.00, real=0.00 secs] 
2014-07-28T19:54:26.596+0000: 1228.974: [GC [PSYoungGen: 84650K->338K(83904K)] 201730K->117465K(770880K), 0.0056660 secs] [Times: user=0.03 sys=0.00, real=0.00 secs] 
2014-07-28T19:54:27.186+0000: 1229.564: [GC [PSYoungGen: 83858K->370K(82944K)] 200985K->117611K(769920K), 0.0041220 secs] [Times: user=0.02 sys=0.00, real=0.00 secs] 
2014-07-28T19:54:27.765+0000: 1230.143: [GC [PSYoungGen: 82902K->384K(81984K)] 200144K->117721K(768960K), 0.0052080 secs] [Times: user=0.04 sys=0.00, real=0.01 secs] 
2014-07-28T19:54:28.340+0000: 1230.718: [GC [PSYoungGen: 81984K->320K(80960K)] 199321K->117705K(767936K), 0.0058220 secs] [Times: user=0.03 sys=0.01, real=0.01 secs] 
2014-07-28T19:54:28.909+0000: 1231.287: [GC [PSYoungGen: 80960K->224K(79936K)] 198345K->117633K(766912K), 0.0080650 secs] [Times: user=0.04 sys=0.01, real=0.01 secs] 
2014-07-28T19:54:29.470+0000: 1231.848: [GC [PSYoungGen: 79904K->288K(79104K)] 197313K->117721K(766080K), 0.0042250 secs] [Times: user=0.02 sys=0.00, real=0.00 secs] 
2014-07-28T19:54:30.026+0000: 1232.404: [GC [PSYoungGen: 79072K->288K(85760K)] 196505K->117777K(772736K), 0.0078670 secs] [Times: user=0.03 sys=0.01, real=0.01 secs] 
2014-07-28T19:54:30.630+0000: 1233.008: [GC [PSYoungGen: 85536K->352K(84608K)] 203025K->117913K(771584K), 0.0028430 secs] [Times: user=0.02 sys=0.00, real=0.00 secs] 
2014-07-28T19:54:31.221+0000: 1233.599: [GC [PSYoungGen: 84576K->320K(83520K)] 202137K->117945K(770496K), 0.0041870 secs] [Times: user=0.02 sys=0.00, real=0.00 secs] 
2014-07-28T19:54:31.810+0000: 1234.188: [GC [PSYoungGen: 83520K->192K(94656K)] 201145K->117857K(781632K), 0.0089700 secs] [Times: user=0.06 sys=0.00, real=0.01 secs] 
2014-07-28T19:54:32.476+0000: 1234.854: [GC [PSYoungGen: 94464K->224K(93312K)] 212129K->117905K(780288K), 0.0052950 secs] [Times: user=0.03 sys=0.00, real=0.00 secs] 
2014-07-28T19:54:33.134+0000: 1235.512: [GC [PSYoungGen: 93239K->320K(92160K)] 210921K->118121K(779136K), 0.0041440 secs] [Times: user=0.02 sys=0.00, real=0.01 secs] 
2014-07-28T19:54:33.784+0000: 1236.162: [GC [PSYoungGen: 92160K->498K(91200K)] 209961K->118387K(778176K), 0.0052360 secs] [Times: user=0.03 sys=0.00, real=0.01 secs] 
2014-07-28T19:54:34.426+0000: 1236.803: [GC [PSYoungGen: 91186K->256K(89792K)] 209075K->118235K(776768K), 0.0076580 secs] [Times: user=0.05 sys=0.00, real=0.01 secs] 
2014-07-28T19:54:35.057+0000: 1237.434: [GC [PSYoungGen: 89790K->352K(88768K)] 207770K->118403K(775744K), 0.0027750 secs] [Times: user=0.01 sys=0.00, real=0.01 secs] 
2014-07-28T19:54:35.682+0000: 1238.060: [GC [PSYoungGen: 88735K->288K(87616K)] 206786K->118387K(774592K), 0.0061880 secs] [Times: user=0.03 sys=0.00, real=0.01 secs] 
2014-07-28T19:54:36.294+0000: 1238.672: [GC [PSYoungGen: 87584K->224K(86464K)] 205683K->118355K(773440K), 0.0023370 secs] [Times: user=0.01 sys=0.01, real=0.00 secs] 
2014-07-28T19:54:36.901+0000: 1239.279: [GC [PSYoungGen: 86432K->416K(85632K)] 204563K->118635K(772608K), 0.0028170 secs] [Times: user=0.02 sys=0.00, real=0.00 secs] 
2014-07-28T19:54:37.504+0000: 1239.881: [GC [PSYoungGen: 85600K->384K(84544K)] 203819K->118611K(771520K), 0.0029390 secs] [Times: user=0.02 sys=0.00, real=0.00 secs] 
2014-07-28T19:54:38.095+0000: 1240.473: [GC [PSYoungGen: 84544K->352K(83520K)] 202771K->118651K(770496K), 0.0023710 secs] [Times: user=0.01 sys=0.00, real=0.01 secs] 
2014-07-28T19:54:38.682+0000: 1241.060: [GC [PSYoungGen: 83488K->416K(82624K)] 201787K->118803K(769600K), 0.0041990 secs] [Times: user=0.02 sys=0.01, real=0.00 secs] 
2014-07-28T19:54:39.260+0000: 1241.638: [GC [PSYoungGen: 82569K->256K(81472K)] 200957K->118667K(768448K), 0.0030820 secs] [Times: user=0.02 sys=0.00, real=0.00 secs] 
2014-07-28T19:54:39.831+0000: 1242.209: [GC [PSYoungGen: 81472K->192K(80448K)] 199883K->118651K(767424K), 0.0037100 secs] [Times: user=0.02 sys=0.00, real=0.00 secs] 
2014-07-28T19:54:40.400+0000: 1242.778: [GC [PSYoungGen: 80448K->352K(79744K)] 198907K->118851K(766720K), 0.0043510 secs] [Times: user=0.03 sys=0.00, real=0.00 secs] 
2014-07-28T19:54:40.959+0000: 1243.337: [GC [PSYoungGen: 79712K->448K(78912K)] 198211K->119011K(765888K), 0.0052870 secs] [Times: user=0.03 sys=0.00, real=0.00 secs] 
2014-07-28T19:54:41.514+0000: 1243.892: [GC [PSYoungGen: 78912K->288K(77888K)] 197475K->118867K(764864K), 0.0057080 secs] [Times: user=0.03 sys=0.00, real=0.01 secs] 
2014-07-28T19:54:42.062+0000: 1244.440: [GC [PSYoungGen: 77856K->480K(77184K)] 196435K->119147K(764160K), 0.0034830 secs] [Times: user=0.03 sys=0.00, real=0.00 secs] 
2014-07-28T19:54:42.599+0000: 1244.977: [GC [PSYoungGen: 77114K->384K(76224K)] 195782K->119163K(763200K), 0.0024520 secs] [Times: user=0.02 sys=0.00, real=0.00 secs] 
2014-07-28T19:54:43.136+0000: 1245.514: [GC [PSYoungGen: 76224K->448K(75456K)] 195003K->119299K(762432K), 0.0042390 secs] [Times: user=0.02 sys=0.01, real=0.01 secs] 
2014-07-28T19:54:43.665+0000: 1246.043: [GC [PSYoungGen: 75456K->256K(74432K)] 194307K->119163K(761408K), 0.0048110 secs] [Times: user=0.04 sys=0.00, real=0.01 secs] 
2014-07-28T19:54:44.189+0000: 1246.567: [GC [PSYoungGen: 74432K->416K(73856K)] 193339K->119371K(760832K), 0.0033770 secs] [Times: user=0.03 sys=0.00, real=0.00 secs] 
2014-07-28T19:54:44.706+0000: 1247.084: [GC [PSYoungGen: 73824K->306K(72960K)] 192779K->119317K(759936K), 0.0028160 secs] [Times: user=0.01 sys=0.00, real=0.01 secs] 
2014-07-28T19:54:45.217+0000: 1247.595: [GC [PSYoungGen: 72946K->192K(72064K)] 191957K->119227K(759040K), 0.0031640 secs] [Times: user=0.01 sys=0.00, real=0.01 secs] 
2014-07-28T19:54:45.725+0000: 1248.103: [GC [PSYoungGen: 72064K->384K(71488K)] 191099K->119483K(758464K), 0.0033050 secs] [Times: user=0.02 sys=0.00, real=0.00 secs] 
2014-07-28T19:54:46.227+0000: 1248.605: [GC [PSYoungGen: 71468K->256K(70592K)] 190568K->119395K(757568K), 0.0067870 secs] [Times: user=0.04 sys=0.00, real=0.01 secs] 
2014-07-28T19:54:46.724+0000: 1249.102: [GC [PSYoungGen: 70592K->320K(69952K)] 189731K->119539K(756928K), 0.0037930 secs] [Times: user=0.02 sys=0.00, real=0.00 secs] 
2014-07-28T19:54:47.210+0000: 1249.588: [GC [PSYoungGen: 69922K->224K(69184K)] 189142K->119467K(756160K), 0.0036570 secs] [Times: user=0.02 sys=0.00, real=0.00 secs] 
2014-07-28T19:54:47.700+0000: 1250.078: [GC [PSYoungGen: 69152K->448K(68672K)] 188395K->119779K(755648K), 0.0032480 secs] [Times: user=0.02 sys=0.00, real=0.00 secs] 
2014-07-28T19:54:48.178+0000: 1250.556: [GC [PSYoungGen: 68672K->320K(67840K)] 188003K->119683K(754816K), 0.0042950 secs] [Times: user=0.03 sys=0.00, real=0.01 secs] 
2014-07-28T19:54:48.656+0000: 1251.034: [GC [PSYoungGen: 67840K->384K(67264K)] 187203K->119803K(754240K), 0.0080960 secs] [Times: user=0.04 sys=0.01, real=0.01 secs] 
2014-07-28T19:54:49.131+0000: 1251.509: [GC [PSYoungGen: 67229K->256K(80512K)] 186649K->119707K(767488K), 0.0068850 secs] [Times: user=0.03 sys=0.00, real=0.00 secs] 
2014-07-28T19:54:49.697+0000: 1252.075: [GC [PSYoungGen: 80512K->224K(88064K)] 199963K->119715K(775040K), 0.0042410 secs] [Times: user=0.02 sys=0.00, real=0.01 secs] 
2014-07-28T19:54:50.315+0000: 1252.693: [GC [PSYoungGen: 87712K->192K(86592K)] 207203K->119699K(773568K), 0.0034260 secs] [Times: user=0.01 sys=0.00, real=0.00 secs] 
2014-07-28T19:54:50.927+0000: 1253.305: [GC [PSYoungGen: 86583K->338K(85760K)] 206091K->119901K(772736K), 0.0030940 secs] [Times: user=0.01 sys=0.00, real=0.01 secs] 
2014-07-28T19:54:51.525+0000: 1253.903: [GC [PSYoungGen: 85714K->384K(84736K)] 205277K->119971K(771712K), 0.0035430 secs] [Times: user=0.02 sys=0.00, real=0.00 secs] 
2014-07-28T19:54:52.121+0000: 1254.499: [GC [PSYoungGen: 84736K->352K(83712K)] 204323K->120011K(770688K), 0.0031960 secs] [Times: user=0.01 sys=0.00, real=0.00 secs] 
2014-07-28T19:54:52.708+0000: 1255.086: [GC [PSYoungGen: 83680K->402K(82816K)] 203339K->120117K(769792K), 0.0064730 secs] [Times: user=0.03 sys=0.00, real=0.01 secs] 
2014-07-28T19:54:53.289+0000: 1255.667: [GC [PSYoungGen: 82770K->384K(81792K)] 202485K->120155K(768768K), 0.0026690 secs] [Times: user=0.02 sys=0.00, real=0.01 secs] 
2014-07-28T19:54:53.863+0000: 1256.241: [GC [PSYoungGen: 81792K->384K(80832K)] 201563K->120243K(767808K), 0.0048150 secs] [Times: user=0.03 sys=0.00, real=0.00 secs] 
2014-07-28T19:54:54.431+0000: 1256.809: [GC [PSYoungGen: 80817K->384K(79936K)] 200677K->120283K(766912K), 0.0025070 secs] [Times: user=0.02 sys=0.01, real=0.00 secs] 
2014-07-28T19:54:54.993+0000: 1257.371: [GC [PSYoungGen: 79936K->256K(78912K)] 199835K->120211K(765888K), 0.0048930 secs] [Times: user=0.03 sys=0.00, real=0.00 secs] 
2014-07-28T19:54:55.544+0000: 1257.922: [GC [PSYoungGen: 78912K->224K(78016K)] 198867K->120219K(764992K), 0.0034100 secs] [Times: user=0.02 sys=0.00, real=0.00 secs] 
2014-07-28T19:54:56.093+0000: 1258.471: [GC [PSYoungGen: 77983K->224K(77120K)] 197979K->120267K(764096K), 0.0042520 secs] [Times: user=0.02 sys=0.01, real=0.00 secs] 
2014-07-28T19:54:56.634+0000: 1259.012: [GC [PSYoungGen: 77076K->256K(76288K)] 197120K->120347K(763264K), 0.0024250 secs] [Times: user=0.02 sys=0.00, real=0.00 secs] 
2014-07-28T19:54:57.170+0000: 1259.548: [GC [PSYoungGen: 76270K->192K(75392K)] 196361K->120299K(762368K), 0.0087350 secs] [Times: user=0.05 sys=0.01, real=0.00 secs] 
2014-07-28T19:54:57.700+0000: 1260.078: [GC [PSYoungGen: 75392K->352K(74752K)] 195499K->120539K(761728K), 0.0025250 secs] [Times: user=0.01 sys=0.01, real=0.00 secs] 
2014-07-28T19:54:58.223+0000: 1260.601: [GC [PSYoungGen: 74675K->352K(73920K)] 194863K->120571K(760896K), 0.0026360 secs] [Times: user=0.01 sys=0.00, real=0.00 secs] 
2014-07-28T19:54:58.740+0000: 1261.118: [GC [PSYoungGen: 73888K->320K(73088K)] 194107K->120579K(760064K), 0.0058670 secs] [Times: user=0.03 sys=0.00, real=0.00 secs] 
2014-07-28T19:54:59.252+0000: 1261.630: [GC [PSYoungGen: 73088K->256K(72256K)] 193347K->120539K(759232K), 0.0030300 secs] [Times: user=0.02 sys=0.00, real=0.00 secs] 
2014-07-28T19:54:59.763+0000: 1262.141: [GC [PSYoungGen: 72256K->416K(71680K)] 192539K->120771K(758656K), 0.0042870 secs] [Times: user=0.03 sys=0.01, real=0.00 secs] 
2014-07-28T19:55:00.263+0000: 1262.641: [GC [PSYoungGen: 71643K->256K(70720K)] 191999K->120635K(757696K), 0.0039180 secs] [Times: user=0.02 sys=0.00, real=0.00 secs] 
2014-07-28T19:55:00.759+0000: 1263.137: [GC [PSYoungGen: 70720K->384K(70144K)] 191099K->120843K(757120K), 0.0043240 secs] [Times: user=0.02 sys=0.00, real=0.01 secs] 
2014-07-28T19:55:01.251+0000: 1263.629: [GC [PSYoungGen: 70144K->352K(69440K)] 190603K->120827K(756416K), 0.0058520 secs] [Times: user=0.03 sys=0.00, real=0.01 secs] 
2014-07-28T19:55:01.737+0000: 1264.115: [GC [PSYoungGen: 69408K->288K(68672K)] 189883K->120835K(755648K), 0.0063450 secs] [Times: user=0.04 sys=0.00, real=0.01 secs] 
2014-07-28T19:55:02.219+0000: 1264.597: [GC [PSYoungGen: 68640K->224K(67904K)] 189187K->120795K(754880K), 0.0046960 secs] [Times: user=0.02 sys=0.01, real=0.01 secs] 
2014-07-28T19:55:02.696+0000: 1265.074: [GC [PSYoungGen: 67871K->288K(67328K)] 188443K->120931K(754304K), 0.0052650 secs] [Times: user=0.03 sys=0.00, real=0.01 secs] 
2014-07-28T19:55:03.170+0000: 1265.548: [GC [PSYoungGen: 67296K->288K(66688K)] 187939K->120963K(753664K), 0.0027250 secs] [Times: user=0.02 sys=0.00, real=0.01 secs] 
2014-07-28T19:55:03.635+0000: 1266.013: [GC [PSYoungGen: 66656K->352K(66112K)] 187331K->121099K(753088K), 0.0049310 secs] [Times: user=0.03 sys=0.00, real=0.00 secs] 
2014-07-28T19:55:04.100+0000: 1266.478: [GC [PSYoungGen: 66044K->192K(65280K)] 186792K->120955K(752256K), 0.0057900 secs] [Times: user=0.02 sys=0.00, real=0.01 secs] 
2014-07-28T19:55:04.558+0000: 1266.936: [GC [PSYoungGen: 65247K->416K(64896K)] 186011K->121283K(751872K), 0.0035800 secs] [Times: user=0.02 sys=0.00, real=0.01 secs] 
2014-07-28T19:55:05.012+0000: 1267.390: [GC [PSYoungGen: 64864K->320K(64128K)] 185731K->121203K(751104K), 0.0027020 secs] [Times: user=0.01 sys=0.00, real=0.00 secs] 
2014-07-28T19:55:05.463+0000: 1267.841: [GC [PSYoungGen: 64128K->224K(63488K)] 185011K->121155K(750464K), 0.0035110 secs] [Times: user=0.01 sys=0.00, real=0.00 secs] 
2014-07-28T19:55:05.908+0000: 1268.286: [GC [PSYoungGen: 63424K->320K(62976K)] 184356K->121315K(749952K), 0.0031190 secs] [Times: user=0.01 sys=0.00, real=0.00 secs] 
2014-07-28T19:55:06.353+0000: 1268.731: [GC [PSYoungGen: 62934K->320K(62400K)] 183930K->121355K(749376K), 0.0021640 secs] [Times: user=0.01 sys=0.01, real=0.00 secs] 
2014-07-28T19:55:06.792+0000: 1269.169: [GC [PSYoungGen: 62400K->352K(61888K)] 183435K->121459K(748864K), 0.0034760 secs] [Times: user=0.02 sys=0.01, real=0.01 secs] 
2014-07-28T19:55:07.226+0000: 1269.604: [GC [PSYoungGen: 61834K->288K(61248K)] 182942K->121411K(748224K), 0.0030200 secs] [Times: user=0.01 sys=0.00, real=0.00 secs] 
2014-07-28T19:55:07.653+0000: 1270.031: [GC [PSYoungGen: 61167K->416K(60800K)] 182291K->121619K(747776K), 0.0037830 secs] [Times: user=0.02 sys=0.00, real=0.00 secs] 
2014-07-28T19:55:08.079+0000: 1270.457: [GC [PSYoungGen: 60768K->192K(60032K)] 181971K->121507K(747008K), 0.0027840 secs] [Times: user=0.02 sys=0.00, real=0.00 secs] 
2014-07-28T19:55:08.502+0000: 1270.880: [GC [PSYoungGen: 60032K->192K(59520K)] 181347K->121539K(746496K), 0.0041410 secs] [Times: user=0.02 sys=0.00, real=0.00 secs] 
2014-07-28T19:55:08.920+0000: 1271.298: [GC [PSYoungGen: 59520K->448K(59264K)] 180867K->121835K(746240K), 0.0037580 secs] [Times: user=0.02 sys=0.00, real=0.01 secs] 
2014-07-28T19:55:09.334+0000: 1271.711: [GC [PSYoungGen: 59264K->416K(58752K)] 180651K->121867K(745728K), 0.0030090 secs] [Times: user=0.02 sys=0.00, real=0.00 secs] 
2014-07-28T19:55:09.743+0000: 1272.121: [GC [PSYoungGen: 58720K->192K(57984K)] 180171K->121707K(744960K), 0.0036450 secs] [Times: user=0.02 sys=0.00, real=0.00 secs] 
2014-07-28T19:55:10.151+0000: 1272.529: [GC [PSYoungGen: 57971K->384K(57664K)] 179487K->121931K(744640K), 0.0022320 secs] [Times: user=0.02 sys=0.00, real=0.01 secs] 
2014-07-28T19:55:10.553+0000: 1272.931: [GC [PSYoungGen: 57663K->256K(57024K)] 179211K->121859K(744000K), 0.0044860 secs] [Times: user=0.03 sys=0.00, real=0.00 secs] 
2014-07-28T19:55:10.952+0000: 1273.330: [GC [PSYoungGen: 57020K->320K(56576K)] 178624K->121963K(743552K), 0.0048000 secs] [Times: user=0.03 sys=0.00, real=0.00 secs] 
2014-07-28T19:55:11.349+0000: 1273.727: [GC [PSYoungGen: 56576K->192K(56000K)] 178219K->121859K(742976K), 0.0024920 secs] [Times: user=0.02 sys=0.00, real=0.00 secs] 
2014-07-28T19:55:11.743+0000: 1274.121: [GC [PSYoungGen: 56000K->434K(55808K)] 177667K->122189K(742784K), 0.0044750 secs] [Times: user=0.03 sys=0.00, real=0.00 secs] 
2014-07-28T19:55:12.134+0000: 1274.512: [GC [PSYoungGen: 55794K->416K(55360K)] 177549K->122227K(742336K), 0.0044200 secs] [Times: user=0.02 sys=0.00, real=0.00 secs] 
2014-07-28T19:55:12.520+0000: 1274.898: [GC [PSYoungGen: 55328K->288K(66240K)] 177139K->122163K(753216K), 0.0052790 secs] [Times: user=0.03 sys=0.00, real=0.01 secs] 
2014-07-28T19:55:12.987+0000: 1275.365: [GC [PSYoungGen: 66208K->320K(65600K)] 188083K->122235K(752576K), 0.0030670 secs] [Times: user=0.02 sys=0.00, real=0.00 secs] 
2014-07-28T19:55:13.448+0000: 1275.826: [GC [PSYoungGen: 65600K->320K(64960K)] 187515K->122267K(751936K), 0.0031950 secs] [Times: user=0.02 sys=0.00, real=0.00 secs] 
2014-07-28T19:55:13.906+0000: 1276.284: [GC [PSYoungGen: 64960K->192K(64192K)] 186907K->122187K(751168K), 0.0024950 secs] [Times: user=0.01 sys=0.00, real=0.00 secs] 
2014-07-28T19:55:14.358+0000: 1276.736: [GC [PSYoungGen: 64192K->224K(63680K)] 186187K->122267K(750656K), 0.0064710 secs] [Times: user=0.04 sys=0.00, real=0.01 secs] 
2014-07-28T19:55:14.806+0000: 1277.184: [GC [PSYoungGen: 63628K->388K(63296K)] 185672K->122495K(750272K), 0.0033520 secs] [Times: user=0.02 sys=0.00, real=0.00 secs] 
2014-07-28T19:55:15.245+0000: 1277.623: [GC [PSYoungGen: 63236K->512K(62784K)] 185343K->122635K(749760K), 0.0057490 secs] [Times: user=0.03 sys=0.00, real=0.00 secs] 
2014-07-28T19:55:15.686+0000: 1278.064: [GC [PSYoungGen: 62747K->128K(61824K)] 184871K->122331K(748800K), 0.0037260 secs] [Times: user=0.02 sys=0.00, real=0.00 secs] 
2014-07-28T19:55:16.119+0000: 1278.497: [GC [PSYoungGen: 61824K->402K(61568K)] 184027K->122645K(748544K), 0.0023170 secs] [Times: user=0.01 sys=0.00, real=0.00 secs] 
2014-07-28T19:55:16.550+0000: 1278.928: [GC [PSYoungGen: 61522K->320K(73664K)] 183765K->122685K(760640K), 0.0081290 secs] [Times: user=0.06 sys=0.00, real=0.01 secs] 
2014-07-28T19:55:17.068+0000: 1279.446: [GC [PSYoungGen: 73664K->288K(72896K)] 196029K->122685K(759872K), 0.0037620 secs] [Times: user=0.02 sys=0.00, real=0.00 secs] 
2014-07-28T19:55:17.578+0000: 1279.956: [GC [PSYoungGen: 72864K->320K(72128K)] 195261K->122789K(759104K), 0.0042480 secs] [Times: user=0.02 sys=0.00, real=0.00 secs] 
2014-07-28T19:55:18.087+0000: 1280.465: [GC [PSYoungGen: 72128K->320K(71360K)] 194597K->122837K(758336K), 0.0049090 secs] [Times: user=0.03 sys=0.01, real=0.00 secs] 
2014-07-28T19:55:18.585+0000: 1280.963: [GC [PSYoungGen: 71360K->352K(70720K)] 193877K->122933K(757696K), 0.0024670 secs] [Times: user=0.01 sys=0.00, real=0.00 secs] 
2014-07-28T19:55:19.083+0000: 1281.461: [GC [PSYoungGen: 70688K->320K(69952K)] 193269K->122933K(756928K), 0.0027870 secs] [Times: user=0.01 sys=0.01, real=0.01 secs] 
2014-07-28T19:55:19.574+0000: 1281.952: [GC [PSYoungGen: 69952K->370K(69312K)] 192565K->123095K(756288K), 0.0026400 secs] [Times: user=0.01 sys=0.00, real=0.00 secs] 
2014-07-28T19:55:20.060+0000: 1282.437: [GC [PSYoungGen: 69298K->352K(68608K)] 192023K->123125K(755584K), 0.0020150 secs] [Times: user=0.01 sys=0.00, real=0.00 secs] 
2014-07-28T19:55:20.537+0000: 1282.915: [GC [PSYoungGen: 68576K->352K(67904K)] 191349K->123205K(754880K), 0.0063800 secs] [Times: user=0.04 sys=0.00, real=0.00 secs] 
2014-07-28T19:55:21.013+0000: 1283.391: [GC [PSYoungGen: 67872K->224K(67136K)] 190725K->123117K(754112K), 0.0068730 secs] [Times: user=0.04 sys=0.00, real=0.01 secs] 
2014-07-28T19:55:21.481+0000: 1283.859: [GC [PSYoungGen: 67104K->320K(66560K)] 189997K->123277K(753536K), 0.0043850 secs] [Times: user=0.02 sys=0.01, real=0.01 secs] 
2014-07-28T19:55:21.950+0000: 1284.328: [GC [PSYoungGen: 66524K->224K(65856K)] 189482K->123229K(752832K), 0.0046670 secs] [Times: user=0.03 sys=0.00, real=0.01 secs] 
2014-07-28T19:55:22.413+0000: 1284.791: [GC [PSYoungGen: 65810K->320K(65280K)] 188816K->123357K(752256K), 0.0034850 secs] [Times: user=0.01 sys=0.00, real=0.01 secs] 
2014-07-28T19:55:22.870+0000: 1285.248: [GC [PSYoungGen: 65280K->256K(64576K)] 188317K->123341K(751552K), 0.0049440 secs] [Times: user=0.03 sys=0.00, real=0.01 secs] 
2014-07-28T19:55:23.325+0000: 1285.703: [GC [PSYoungGen: 64576K->320K(64000K)] 187661K->123437K(750976K), 0.0043920 secs] [Times: user=0.02 sys=0.00, real=0.00 secs] 
2014-07-28T19:55:23.773+0000: 1286.151: [GC [PSYoungGen: 64000K->224K(63360K)] 187117K->123381K(750336K), 0.0045410 secs] [Times: user=0.02 sys=0.01, real=0.01 secs] 
2014-07-28T19:55:24.218+0000: 1286.596: [GC [PSYoungGen: 63328K->480K(74048K)] 186485K->123661K(761024K), 0.0061330 secs] [Times: user=0.04 sys=0.00, real=0.01 secs] 
2014-07-28T19:55:24.736+0000: 1287.114: [GC [PSYoungGen: 73983K->288K(73088K)] 197165K->123517K(760064K), 0.0046120 secs] [Times: user=0.02 sys=0.01, real=0.00 secs] 
2014-07-28T19:55:25.247+0000: 1287.625: [GC [PSYoungGen: 73056K->256K(72256K)] 196285K->123525K(759232K), 0.0045870 secs] [Times: user=0.03 sys=0.00, real=0.00 secs] 
2014-07-28T19:55:25.757+0000: 1288.135: [GC [PSYoungGen: 72256K->320K(73600K)] 195525K->123661K(760576K), 0.0076090 secs] [Times: user=0.05 sys=0.00, real=0.00 secs] 
2014-07-28T19:55:26.274+0000: 1288.652: [GC [PSYoungGen: 73408K->320K(86912K)] 196749K->123685K(773888K), 0.0046770 secs] [Times: user=0.03 sys=0.00, real=0.01 secs] 
2014-07-28T19:55:26.881+0000: 1289.259: [GC [PSYoungGen: 86717K->320K(85696K)] 210083K->123765K(772672K), 0.0033530 secs] [Times: user=0.02 sys=0.00, real=0.00 secs] 
2014-07-28T19:55:27.482+0000: 1289.859: [GC [PSYoungGen: 85695K->224K(84608K)] 209141K->123701K(771584K), 0.0020430 secs] [Times: user=0.01 sys=0.00, real=0.00 secs] 
2014-07-28T19:55:28.076+0000: 1290.454: [GC [PSYoungGen: 84576K->192K(83520K)] 208053K->123717K(770496K), 0.0036710 secs] [Times: user=0.02 sys=0.00, real=0.00 secs] 
2014-07-28T19:55:28.659+0000: 1291.037: [GC [PSYoungGen: 83520K->416K(82816K)] 207045K->124029K(769792K), 0.0036090 secs] [Times: user=0.01 sys=0.00, real=0.00 secs] 
2014-07-28T19:55:29.238+0000: 1291.616: [GC [PSYoungGen: 82784K->160K(81600K)] 206397K->123789K(768576K), 0.0041410 secs] [Times: user=0.01 sys=0.00, real=0.00 secs] 
2014-07-28T19:55:29.814+0000: 1292.192: [GC [PSYoungGen: 81568K->288K(80768K)] 205197K->123989K(767744K), 0.0071890 secs] [Times: user=0.04 sys=0.00, real=0.01 secs] 
2014-07-28T19:55:30.379+0000: 1292.756: [GC [PSYoungGen: 80736K->256K(79808K)] 204437K->123981K(766784K), 0.0041930 secs] [Times: user=0.02 sys=0.00, real=0.00 secs] 
2014-07-28T19:55:30.937+0000: 1293.315: [GC [PSYoungGen: 79808K->352K(79040K)] 203533K->124165K(766016K), 0.0030910 secs] [Times: user=0.02 sys=0.00, real=0.00 secs] 
2014-07-28T19:55:31.489+0000: 1293.867: [GC [PSYoungGen: 79008K->416K(78208K)] 202821K->124285K(765184K), 0.0063860 secs] [Times: user=0.04 sys=0.00, real=0.01 secs] 
2014-07-28T19:55:32.038+0000: 1294.416: [GC [PSYoungGen: 78176K->256K(77120K)] 202045K->124229K(764096K), 0.0032460 secs] [Times: user=0.02 sys=0.00, real=0.00 secs] 
2014-07-28T19:55:32.580+0000: 1294.958: [GC [PSYoungGen: 77120K->224K(76288K)] 201093K->124237K(763264K), 0.0046870 secs] [Times: user=0.02 sys=0.00, real=0.00 secs] 
2014-07-28T19:55:33.115+0000: 1295.492: [GC [PSYoungGen: 76222K->256K(75456K)] 200236K->124309K(762432K), 0.0040460 secs] [Times: user=0.03 sys=0.00, real=0.01 secs] 
2014-07-28T19:55:33.645+0000: 1296.023: [GC [PSYoungGen: 75456K->288K(74688K)] 199509K->124405K(761664K), 0.0039840 secs] [Times: user=0.02 sys=0.01, real=0.01 secs] 
2014-07-28T19:55:34.169+0000: 1296.547: [GC [PSYoungGen: 74656K->192K(73728K)] 198773K->124341K(760704K), 0.0044140 secs] [Times: user=0.02 sys=0.00, real=0.00 secs] 
2014-07-28T19:55:34.687+0000: 1297.065: [GC [PSYoungGen: 73728K->498K(73280K)] 197877K->124743K(760256K), 0.0071820 secs] [Times: user=0.04 sys=0.00, real=0.00 secs] 
2014-07-28T19:55:35.201+0000: 1297.579: [GC [PSYoungGen: 73266K->352K(83904K)] 197511K->124637K(770880K), 0.0081460 secs] [Times: user=0.05 sys=0.00, real=0.01 secs] 
2014-07-28T19:55:35.792+0000: 1298.170: [GC [PSYoungGen: 83872K->416K(83008K)] 208157K->124789K(769984K), 0.0043640 secs] [Times: user=0.02 sys=0.00, real=0.01 secs] 
2014-07-28T19:55:36.372+0000: 1298.750: [GC [PSYoungGen: 82976K->192K(81792K)] 207349K->124637K(768768K), 0.0043540 secs] [Times: user=0.02 sys=0.00, real=0.01 secs] 
2014-07-28T19:55:36.947+0000: 1299.324: [GC [PSYoungGen: 81772K->288K(80960K)] 206218K->124789K(767936K), 0.0048090 secs] [Times: user=0.02 sys=0.00, real=0.00 secs] 
2014-07-28T19:55:37.516+0000: 1299.894: [GC [PSYoungGen: 80928K->320K(80000K)] 205429K->124861K(766976K), 0.0043150 secs] [Times: user=0.03 sys=0.00, real=0.00 secs] 
2014-07-28T19:55:38.078+0000: 1300.456: [GC [PSYoungGen: 80000K->416K(79232K)] 204541K->125029K(766208K), 0.0059290 secs] [Times: user=0.03 sys=0.01, real=0.00 secs] 
2014-07-28T19:55:38.635+0000: 1301.013: [GC [PSYoungGen: 79151K->320K(78208K)] 203765K->125021K(765184K), 0.0053520 secs] [Times: user=0.03 sys=0.00, real=0.01 secs] 
2014-07-28T19:55:39.184+0000: 1301.561: [GC [PSYoungGen: 78208K->352K(77376K)] 202909K->125085K(764352K), 0.0052480 secs] [Times: user=0.03 sys=0.00, real=0.01 secs] 
2014-07-28T19:55:39.728+0000: 1302.106: [GC [PSYoungGen: 77299K->416K(76608K)] 202032K->125229K(763584K), 0.0061780 secs] [Times: user=0.05 sys=0.00, real=0.00 secs] 
2014-07-28T19:55:40.264+0000: 1302.642: [GC [PSYoungGen: 76576K->352K(75712K)] 201389K->125189K(762688K), 0.0034830 secs] [Times: user=0.01 sys=0.01, real=0.01 secs] 
2014-07-28T19:55:40.794+0000: 1303.172: [GC [PSYoungGen: 75680K->384K(74880K)] 200517K->125301K(761856K), 0.0056450 secs] [Times: user=0.04 sys=0.00, real=0.01 secs] 
2014-07-28T19:55:41.318+0000: 1303.696: [GC [PSYoungGen: 74880K->448K(74112K)] 199797K->125397K(761088K), 0.0040990 secs] [Times: user=0.03 sys=0.00, real=0.00 secs] 
2014-07-28T19:55:41.838+0000: 1304.215: [GC [PSYoungGen: 74105K->288K(73216K)] 199055K->125293K(760192K), 0.0052220 secs] [Times: user=0.02 sys=0.01, real=0.00 secs] 
2014-07-28T19:55:42.350+0000: 1304.728: [GC [PSYoungGen: 73184K->448K(72576K)] 198189K->125493K(759552K), 0.0043900 secs] [Times: user=0.02 sys=0.00, real=0.00 secs] 
2014-07-28T19:55:42.858+0000: 1305.236: [GC [PSYoungGen: 72576K->224K(71616K)] 197621K->125309K(758592K), 0.0047520 secs] [Times: user=0.02 sys=0.01, real=0.00 secs] 
2014-07-28T19:55:43.363+0000: 1305.741: [GC [PSYoungGen: 71584K->288K(81472K)] 196669K->125413K(768448K), 0.0074630 secs] [Times: user=0.05 sys=0.00, real=0.01 secs] 
2014-07-28T19:55:43.932+0000: 1306.309: [GC [PSYoungGen: 81184K->480K(86144K)] 206309K->125709K(773120K), 0.0054070 secs] [Times: user=0.03 sys=0.00, real=0.01 secs] 
2014-07-28T19:55:44.538+0000: 1306.915: [GC [PSYoungGen: 86048K->256K(86208K)] 211277K->125517K(773184K), 0.0067590 secs] [Times: user=0.03 sys=0.01, real=0.00 secs] 
2014-07-28T19:55:45.144+0000: 1307.522: [GC [PSYoungGen: 85824K->256K(84800K)] 211085K->125573K(771776K), 0.0049650 secs] [Times: user=0.02 sys=0.00, real=0.01 secs] 
2014-07-28T19:55:45.740+0000: 1308.118: [GC [PSYoungGen: 84800K->384K(83904K)] 210117K->125789K(770880K), 0.0042850 secs] [Times: user=0.02 sys=0.00, real=0.00 secs] 
2014-07-28T19:55:46.331+0000: 1308.709: [GC [PSYoungGen: 83904K->224K(82816K)] 209309K->125653K(769792K), 0.0039430 secs] [Times: user=0.02 sys=0.01, real=0.00 secs] 
2014-07-28T19:55:46.910+0000: 1309.288: [GC [PSYoungGen: 82781K->306K(81920K)] 208211K->125799K(768896K), 0.0049180 secs] [Times: user=0.02 sys=0.01, real=0.00 secs] 
2014-07-28T19:55:47.492+0000: 1309.870: [GC [PSYoungGen: 81906K->384K(81024K)] 207399K->125917K(768000K), 0.0049850 secs] [Times: user=0.03 sys=0.00, real=0.00 secs] 
2014-07-28T19:55:48.065+0000: 1310.443: [GC [PSYoungGen: 81024K->448K(80128K)] 206557K->126037K(767104K), 0.0042980 secs] [Times: user=0.02 sys=0.01, real=0.01 secs] 
2014-07-28T19:55:48.622+0000: 1311.000: [GC [PSYoungGen: 80128K->288K(79104K)] 205717K->125949K(766080K), 0.0071710 secs] [Times: user=0.05 sys=0.00, real=0.01 secs] 
2014-07-28T19:55:49.175+0000: 1311.553: [GC [PSYoungGen: 79072K->224K(78144K)] 204733K->125917K(765120K), 0.0045080 secs] [Times: user=0.02 sys=0.00, real=0.01 secs] 
2014-07-28T19:55:49.726+0000: 1312.104: [GC [PSYoungGen: 78112K->384K(77376K)] 203805K->126173K(764352K), 0.0050940 secs] [Times: user=0.03 sys=0.00, real=0.01 secs] 
2014-07-28T19:55:50.268+0000: 1312.646: [GC [PSYoungGen: 77376K->448K(76608K)] 203165K->126293K(763584K), 0.0056020 secs] [Times: user=0.02 sys=0.01, real=0.00 secs] 
2014-07-28T19:55:50.808+0000: 1313.186: [GC [PSYoungGen: 76608K->288K(91712K)] 202453K->126197K(778688K), 0.0070870 secs] [Times: user=0.04 sys=0.00, real=0.00 secs] 
2014-07-28T19:55:51.456+0000: 1313.834: [GC [PSYoungGen: 91679K->448K(90688K)] 217589K->126381K(777664K), 0.0056030 secs] [Times: user=0.02 sys=0.00, real=0.01 secs] 
2014-07-28T19:55:52.092+0000: 1314.470: [GC [PSYoungGen: 90688K->288K(89408K)] 216621K->126277K(776384K), 0.0049840 secs] [Times: user=0.03 sys=0.00, real=0.00 secs] 
2014-07-28T19:55:52.724+0000: 1315.102: [GC [PSYoungGen: 89329K->352K(88384K)] 215319K->126421K(775360K), 0.0059780 secs] [Times: user=0.03 sys=0.00, real=0.01 secs] 
2014-07-28T19:55:53.345+0000: 1315.723: [GC [PSYoungGen: 88352K->416K(87360K)] 214421K->126517K(774336K), 0.0048520 secs] [Times: user=0.03 sys=0.00, real=0.01 secs] 
2014-07-28T19:55:53.957+0000: 1316.335: [GC [PSYoungGen: 87328K->288K(86144K)] 213429K->126429K(773120K), 0.0051890 secs] [Times: user=0.02 sys=0.00, real=0.01 secs] 
2014-07-28T19:55:54.560+0000: 1316.938: [GC [PSYoungGen: 86112K->384K(85184K)] 212253K->126549K(772160K), 0.0064120 secs] [Times: user=0.05 sys=0.00, real=0.00 secs] 
2014-07-28T19:55:55.158+0000: 1317.536: [GC [PSYoungGen: 85184K->416K(84224K)] 211349K->126677K(771200K), 0.0038860 secs] [Times: user=0.03 sys=0.00, real=0.01 secs] 
2014-07-28T19:55:55.748+0000: 1318.126: [GC [PSYoungGen: 84192K->384K(83136K)] 210453K->126733K(770112K), 0.0036760 secs] [Times: user=0.02 sys=0.00, real=0.01 secs] 
2014-07-28T19:55:56.334+0000: 1318.711: [GC [PSYoungGen: 83136K->352K(82176K)] 209485K->126725K(769152K), 0.0041890 secs] [Times: user=0.03 sys=0.00, real=0.00 secs] 
2014-07-28T19:55:56.911+0000: 1319.289: [GC [PSYoungGen: 82123K->416K(81280K)] 208497K->126885K(768256K), 0.0047020 secs] [Times: user=0.03 sys=0.00, real=0.00 secs] 
2014-07-28T19:55:57.482+0000: 1319.860: [GC [PSYoungGen: 81248K->416K(80320K)] 207717K->126917K(767296K), 0.0067920 secs] [Times: user=0.04 sys=0.00, real=0.00 secs] 
2014-07-28T19:55:58.044+0000: 1320.422: [GC [PSYoungGen: 80288K->320K(96192K)] 206789K->126917K(783168K), 0.0093500 secs] [Times: user=0.05 sys=0.00, real=0.01 secs] 
2014-07-28T19:55:58.720+0000: 1321.098: [GC [PSYoungGen: 96192K->320K(94912K)] 222789K->126981K(781888K), 0.0044610 secs] [Times: user=0.02 sys=0.00, real=0.00 secs] 
2014-07-28T19:55:59.387+0000: 1321.765: [GC [PSYoungGen: 94912K->320K(93696K)] 221573K->127029K(780672K), 0.0043020 secs] [Times: user=0.02 sys=0.00, real=0.01 secs] 
2014-07-28T19:56:00.044+0000: 1322.422: [GC [PSYoungGen: 93659K->352K(92544K)] 220369K->127149K(779520K), 0.0052370 secs] [Times: user=0.03 sys=0.00, real=0.00 secs] 
2014-07-28T19:56:00.696+0000: 1323.074: [GC [PSYoungGen: 92512K->320K(91328K)] 219309K->127181K(778304K), 0.0073560 secs] [Times: user=0.03 sys=0.00, real=0.01 secs] 
2014-07-28T19:56:01.340+0000: 1323.718: [GC [PSYoungGen: 91318K->384K(90240K)] 218180K->127301K(777216K), 0.0064730 secs] [Times: user=0.03 sys=0.00, real=0.00 secs] 
2014-07-28T19:56:01.972+0000: 1324.350: [GC [PSYoungGen: 90240K->320K(89024K)] 217157K->127309K(776000K), 0.0044830 secs] [Times: user=0.02 sys=0.00, real=0.00 secs] 
2014-07-28T19:56:02.596+0000: 1324.974: [GC [PSYoungGen: 89024K->352K(88000K)] 216013K->127381K(774976K), 0.0065010 secs] [Times: user=0.04 sys=0.00, real=0.01 secs] 
2014-07-28T19:56:03.215+0000: 1325.593: [GC [PSYoungGen: 87968K->256K(86784K)] 214997K->127341K(773760K), 0.0061480 secs] [Times: user=0.04 sys=0.00, real=0.01 secs] 
2014-07-28T19:56:03.828+0000: 1326.206: [GC [PSYoungGen: 86784K->448K(85952K)] 213869K->127621K(772928K), 0.0048590 secs] [Times: user=0.03 sys=0.01, real=0.01 secs] 
2014-07-28T19:56:04.430+0000: 1326.808: [GC [PSYoungGen: 85952K->352K(84864K)] 213125K->127549K(771840K), 0.0047100 secs] [Times: user=0.03 sys=0.00, real=0.00 secs] 
2014-07-28T19:56:05.024+0000: 1327.402: [GC [PSYoungGen: 84790K->320K(83776K)] 211988K->127597K(770752K), 0.0043070 secs] [Times: user=0.03 sys=0.00, real=0.00 secs] 
2014-07-28T19:56:05.610+0000: 1327.988: [GC [PSYoungGen: 83776K->192K(82688K)] 211053K->127509K(769664K), 0.0072740 secs] [Times: user=0.05 sys=0.00, real=0.01 secs] 
2014-07-28T19:56:06.193+0000: 1328.571: [GC [PSYoungGen: 82688K->352K(81920K)] 210005K->127733K(768896K), 0.0041480 secs] [Times: user=0.02 sys=0.00, real=0.00 secs] 
2014-07-28T19:56:06.778+0000: 1329.156: [GC [PSYoungGen: 81888K->480K(81088K)] 209269K->127957K(768064K), 0.0044700 secs] [Times: user=0.02 sys=0.00, real=0.01 secs] 
2014-07-28T19:56:07.340+0000: 1329.718: [GC [PSYoungGen: 81056K->320K(80000K)] 208533K->127821K(766976K), 0.0059560 secs] [Times: user=0.04 sys=0.00, real=0.01 secs] 
2014-07-28T19:56:07.903+0000: 1330.281: [GC [PSYoungGen: 80000K->384K(79168K)] 207501K->127957K(766144K), 0.0042280 secs] [Times: user=0.03 sys=0.01, real=0.00 secs] 
2014-07-28T19:56:08.462+0000: 1330.840: [GC [PSYoungGen: 79168K->416K(78336K)] 206741K->128037K(765312K), 0.0057030 secs] [Times: user=0.04 sys=0.00, real=0.00 secs] 
2014-07-28T19:56:09.011+0000: 1331.389: [GC [PSYoungGen: 78304K->256K(77248K)] 205925K->127925K(764224K), 0.0047010 secs] [Times: user=0.03 sys=0.00, real=0.00 secs] 
2014-07-28T19:56:09.555+0000: 1331.933: [GC [PSYoungGen: 77248K->256K(76416K)] 204917K->127965K(763392K), 0.0035440 secs] [Times: user=0.02 sys=0.00, real=0.00 secs] 
2014-07-28T19:56:10.091+0000: 1332.469: [GC [PSYoungGen: 76416K->352K(75712K)] 204125K->128125K(762688K), 0.0052370 secs] [Times: user=0.03 sys=0.01, real=0.00 secs] 
2014-07-28T19:56:10.616+0000: 1332.994: [GC [PSYoungGen: 75680K->210K(90688K)] 203453K->128007K(777664K), 0.0089820 secs] [Times: user=0.06 sys=0.00, real=0.01 secs] 
2014-07-28T19:56:11.256+0000: 1333.634: [GC [PSYoungGen: 90642K->192K(94656K)] 218439K->128013K(781632K), 0.0070040 secs] [Times: user=0.05 sys=0.01, real=0.01 secs] 
2014-07-28T19:56:11.924+0000: 1334.302: [GC [PSYoungGen: 94400K->192K(93184K)] 222221K->128037K(780160K), 0.0044990 secs] [Times: user=0.02 sys=0.01, real=0.00 secs] 
2014-07-28T19:56:12.581+0000: 1334.959: [GC [PSYoungGen: 93184K->224K(92032K)] 221029K->128093K(779008K), 0.0045110 secs] [Times: user=0.02 sys=0.01, real=0.01 secs] 
2014-07-28T19:56:13.232+0000: 1335.610: [GC [PSYoungGen: 92000K->370K(91008K)] 219869K->128279K(777984K), 0.0060510 secs] [Times: user=0.03 sys=0.01, real=0.00 secs] 
2014-07-28T19:56:13.865+0000: 1336.243: [GC [PSYoungGen: 90993K->224K(89728K)] 218903K->128173K(776704K), 0.0029390 secs] [Times: user=0.01 sys=0.00, real=0.00 secs] 
2014-07-28T19:56:14.498+0000: 1336.876: [GC [PSYoungGen: 89696K->416K(88768K)] 217645K->128381K(775744K), 0.0105880 secs] [Times: user=0.06 sys=0.01, real=0.01 secs] 
2014-07-28T19:56:15.116+0000: 1337.494: [GC [PSYoungGen: 88736K->352K(93504K)] 216701K->128349K(780480K), 0.0137460 secs] [Times: user=0.08 sys=0.01, real=0.01 secs] 
2014-07-28T19:56:15.775+0000: 1338.153: [GC [PSYoungGen: 93472K->256K(93696K)] 221469K->128293K(780672K), 0.0081110 secs] [Times: user=0.06 sys=0.00, real=0.01 secs] 
2014-07-28T19:56:16.429+0000: 1338.807: [GC [PSYoungGen: 93376K->448K(112320K)] 221413K->128517K(799296K), 0.0048480 secs] [Times: user=0.02 sys=0.01, real=0.01 secs] 
2014-07-28T19:56:17.218+0000: 1339.595: [GC [PSYoungGen: 112192K->320K(110400K)] 240261K->128445K(797376K), 0.0045410 secs] [Times: user=0.03 sys=0.00, real=0.01 secs] 
2014-07-28T19:56:17.994+0000: 1340.372: [GC [PSYoungGen: 110400K->320K(108800K)] 238525K->128509K(795776K), 0.0034110 secs] [Times: user=0.02 sys=0.00, real=0.00 secs] 
2014-07-28T19:56:18.757+0000: 1341.135: [GC [PSYoungGen: 108800K->416K(107328K)] 236989K->128621K(794304K), 0.0056390 secs] [Times: user=0.04 sys=0.00, real=0.00 secs] 
2014-07-28T19:56:19.516+0000: 1341.894: [GC [PSYoungGen: 107296K->320K(105664K)] 235501K->128621K(792640K), 0.0049020 secs] [Times: user=0.03 sys=0.00, real=0.00 secs] 
2014-07-28T19:56:20.259+0000: 1342.637: [GC [PSYoungGen: 105664K->448K(104320K)] 233965K->128797K(791296K), 0.0034160 secs] [Times: user=0.01 sys=0.01, real=0.00 secs] 
2014-07-28T19:56:20.992+0000: 1343.370: [GC [PSYoungGen: 104320K->288K(102720K)] 232669K->128701K(789696K), 0.0051920 secs] [Times: user=0.04 sys=0.00, real=0.01 secs] 
2014-07-28T19:56:21.715+0000: 1344.093: [GC [PSYoungGen: 102688K->224K(101248K)] 231101K->128653K(788224K), 0.0050010 secs] [Times: user=0.03 sys=0.01, real=0.00 secs] 
2014-07-28T19:56:22.433+0000: 1344.811: [GC [PSYoungGen: 101216K->352K(99968K)] 229645K->128845K(786944K), 0.0067210 secs] [Times: user=0.04 sys=0.00, real=0.01 secs] 
2014-07-28T19:56:23.131+0000: 1345.509: [GC [PSYoungGen: 99936K->256K(98496K)] 228429K->128789K(785472K), 0.0054400 secs] [Times: user=0.03 sys=0.01, real=0.01 secs] 
2014-07-28T19:56:23.822+0000: 1346.200: [GC [PSYoungGen: 98496K->160K(97088K)] 227029K->128725K(784064K), 0.0069960 secs] [Times: user=0.04 sys=0.00, real=0.01 secs] 
2014-07-28T19:56:24.507+0000: 1346.885: [GC [PSYoungGen: 97056K->288K(95936K)] 225621K->128885K(782912K), 0.0031400 secs] [Times: user=0.02 sys=0.01, real=0.00 secs] 
2014-07-28T19:56:25.186+0000: 1347.563: [GC [PSYoungGen: 95904K->192K(94528K)] 224501K->128829K(781504K), 0.0041180 secs] [Times: user=0.02 sys=0.01, real=0.00 secs] 
2014-07-28T19:56:25.854+0000: 1348.231: [GC [PSYoungGen: 94528K->288K(93440K)] 223165K->128989K(780416K), 0.0030570 secs] [Times: user=0.02 sys=0.00, real=0.01 secs] 
2014-07-28T19:56:26.512+0000: 1348.890: [GC [PSYoungGen: 93408K->192K(92096K)] 222109K->128917K(779072K), 0.0040420 secs] [Times: user=0.03 sys=0.00, real=0.01 secs] 
2014-07-28T19:56:27.163+0000: 1349.541: [GC [PSYoungGen: 92096K->160K(90944K)] 220821K->128925K(777920K), 0.0023930 secs] [Times: user=0.01 sys=0.00, real=0.01 secs] 
2014-07-28T19:56:27.802+0000: 1350.180: [GC [PSYoungGen: 90912K->256K(89856K)] 219677K->129053K(776832K), 0.0029800 secs] [Times: user=0.01 sys=0.00, real=0.01 secs] 
2014-07-28T19:56:28.433+0000: 1350.811: [GC [PSYoungGen: 89856K->352K(88832K)] 218653K->129173K(775808K), 0.0030230 secs] [Times: user=0.02 sys=0.00, real=0.01 secs] 
2014-07-28T19:56:29.066+0000: 1351.444: [GC [PSYoungGen: 88790K->192K(87552K)] 217612K->129037K(774528K), 0.0050630 secs] [Times: user=0.01 sys=0.00, real=0.00 secs] 
2014-07-28T19:56:29.685+0000: 1352.063: [GC [PSYoungGen: 87552K->288K(86592K)] 216397K->129173K(773568K), 0.0029230 secs] [Times: user=0.01 sys=0.00, real=0.00 secs] 
2014-07-28T19:56:30.300+0000: 1352.678: [GC [PSYoungGen: 86560K->498K(85760K)] 215445K->129463K(772736K), 0.0070330 secs] [Times: user=0.10 sys=0.04, real=0.10 secs] 
2014-07-28T19:56:30.892+0000: 1353.270: [GC [PSYoungGen: 85746K->320K(84544K)] 214711K->129341K(771520K), 0.0065010 secs] [Times: user=0.04 sys=0.01, real=0.01 secs] 
2014-07-28T19:56:31.488+0000: 1353.866: [GC [PSYoungGen: 84512K->352K(83584K)] 213534K->129413K(770560K), 0.0051710 secs] [Times: user=0.03 sys=0.00, real=0.00 secs] 
2014-07-28T19:56:32.075+0000: 1354.453: [GC [PSYoungGen: 83552K->320K(82560K)] 212613K->129445K(769536K), 0.0064600 secs] [Times: user=0.04 sys=0.01, real=0.00 secs] 
2014-07-28T19:56:32.658+0000: 1355.036: [GC [PSYoungGen: 82560K->288K(81600K)] 211685K->129461K(768576K), 0.0077640 secs] [Times: user=0.04 sys=0.01, real=0.01 secs] 
2014-07-28T19:56:33.231+0000: 1355.609: [GC [PSYoungGen: 81568K->160K(97728K)] 210741K->129365K(784704K), 0.0060580 secs] [Times: user=0.04 sys=0.00, real=0.01 secs] 
2014-07-28T19:56:33.918+0000: 1356.296: [GC [PSYoungGen: 97696K->256K(96512K)] 226901K->129509K(783488K), 0.0030840 secs] [Times: user=0.02 sys=0.00, real=0.00 secs] 
2014-07-28T19:56:34.600+0000: 1356.978: [GC [PSYoungGen: 96512K->256K(95232K)] 225765K->129533K(782208K), 0.0064670 secs] [Times: user=0.04 sys=0.01, real=0.01 secs] 
2014-07-28T19:56:35.271+0000: 1357.649: [GC [PSYoungGen: 95232K->256K(94016K)] 224509K->129565K(780992K), 0.0042720 secs] [Times: user=0.02 sys=0.00, real=0.01 secs] 
2014-07-28T19:56:35.934+0000: 1358.312: [GC [PSYoungGen: 94016K->338K(92928K)] 223325K->129679K(779904K), 0.0040450 secs] [Times: user=0.01 sys=0.00, real=0.01 secs] 
2014-07-28T19:56:36.586+0000: 1358.964: [GC [PSYoungGen: 92882K->320K(91648K)] 222223K->129677K(778624K), 0.0038200 secs] [Times: user=0.02 sys=0.01, real=0.00 secs] 
2014-07-28T19:56:37.328+0000: 1359.706: [GC [PSYoungGen: 91648K->416K(90624K)] 221005K->129837K(777600K), 0.0067580 secs] [Times: user=0.20 sys=0.16, real=0.17 secs] 
2014-07-28T19:56:37.952+0000: 1360.330: [GC [PSYoungGen: 90573K->224K(89280K)] 219995K->129669K(776256K), 0.0069450 secs] [Times: user=0.05 sys=0.00, real=0.01 secs] 
2014-07-28T19:56:38.582+0000: 1360.960: [GC [PSYoungGen: 89248K->320K(88256K)] 218693K->129805K(775232K), 0.0069450 secs] [Times: user=0.04 sys=0.00, real=0.01 secs] 
2014-07-28T19:56:39.202+0000: 1361.580: [GC [PSYoungGen: 88256K->320K(87168K)] 217741K->129861K(774144K), 0.0045480 secs] [Times: user=0.03 sys=0.01, real=0.01 secs] 
2014-07-28T19:56:39.822+0000: 1362.200: [GC [PSYoungGen: 87168K->352K(86144K)] 216709K->129957K(773120K), 0.0029260 secs] [Times: user=0.02 sys=0.00, real=0.00 secs] 
2014-07-28T19:56:40.428+0000: 1362.806: [GC [PSYoungGen: 86112K->256K(84992K)] 215717K->129893K(771968K), 0.0039720 secs] [Times: user=0.02 sys=0.01, real=0.00 secs] 
2014-07-28T19:56:41.037+0000: 1363.415: [GC [PSYoungGen: 84992K->256K(83968K)] 214629K->129925K(770944K), 0.0030110 secs] [Times: user=0.02 sys=0.00, real=0.00 secs] 
2014-07-28T19:56:41.620+0000: 1363.998: [GC [PSYoungGen: 83968K->274K(83008K)] 213637K->129959K(769984K), 0.0050430 secs] [Times: user=0.02 sys=0.01, real=0.00 secs] 
2014-07-28T19:56:42.212+0000: 1364.590: [GC [PSYoungGen: 82962K->306K(99584K)] 212647K->130007K(786560K), 0.0428330 secs] [Times: user=0.21 sys=0.10, real=0.04 secs] 
2014-07-28T19:56:42.912+0000: 1365.290: [GC [PSYoungGen: 99570K->224K(104256K)] 229271K->129949K(791232K), 0.0067110 secs] [Times: user=0.04 sys=0.01, real=0.01 secs] 
2014-07-28T19:56:43.647+0000: 1366.025: [GC [PSYoungGen: 104160K->288K(104384K)] 233885K->130053K(791360K), 0.0047830 secs] [Times: user=0.03 sys=0.00, real=0.00 secs] 
2014-07-28T19:56:44.428+0000: 1366.806: [GC [PSYoungGen: 104224K->448K(125120K)] 233989K->130301K(812096K), 0.0161120 secs] [Times: user=0.08 sys=0.02, real=0.01 secs] 
2014-07-28T19:56:45.493+0000: 1367.871: [GC [PSYoungGen: 125120K->402K(125184K)] 254973K->130335K(812160K), 0.0028290 secs] [Times: user=0.01 sys=0.01, real=0.00 secs] 
2014-07-28T19:56:46.458+0000: 1368.836: [GC [PSYoungGen: 125074K->416K(150080K)] 255007K->130397K(837056K), 0.0044980 secs] [Times: user=0.07 sys=0.21, real=0.12 secs] 
2014-07-28T19:56:47.515+0000: 1369.893: [GC [PSYoungGen: 149984K->320K(147200K)] 279965K->130341K(834176K), 0.0036890 secs] [Times: user=0.02 sys=0.00, real=0.01 secs] 
2014-07-28T19:56:48.543+0000: 1370.921: [GC [PSYoungGen: 147200K->310K(149632K)] 277221K->130494K(836608K), 0.0220240 secs] [Times: user=0.12 sys=0.03, real=0.02 secs] 
2014-07-28T19:56:49.613+0000: 1371.991: [GC [PSYoungGen: 149622K->402K(149888K)] 279806K->130633K(836864K), 0.0041010 secs] [Times: user=0.01 sys=0.01, real=0.01 secs] 
2014-07-28T19:56:50.667+0000: 1373.045: [GC [PSYoungGen: 149714K->256K(146880K)] 279945K->130577K(833856K), 0.0037490 secs] [Times: user=0.02 sys=0.01, real=0.01 secs] 
2014-07-28T19:56:51.705+0000: 1374.083: [GC [PSYoungGen: 146880K->224K(176256K)] 277201K->130569K(863232K), 0.0391150 secs] [Times: user=0.15 sys=0.07, real=0.04 secs] 
2014-07-28T19:56:52.947+0000: 1375.324: [GC [PSYoungGen: 176224K->160K(179264K)] 306569K->130521K(866240K), 0.0047840 secs] [Times: user=0.03 sys=0.01, real=0.01 secs] 
2014-07-28T19:56:54.221+0000: 1376.599: [GC [PSYoungGen: 178848K->352K(179264K)] 309209K->130745K(866240K), 0.0102750 secs] [Times: user=0.06 sys=0.02, real=0.01 secs] 
2014-07-28T19:56:55.483+0000: 1377.861: [GC [PSYoungGen: 179040K->352K(175424K)] 309433K->130777K(862400K), 0.0050250 secs] [Times: user=1.17 sys=0.91, real=1.06 secs] 
2014-07-28T19:56:57.479+0000: 1379.857: [GC [PSYoungGen: 175392K->192K(171712K)] 305817K->130633K(858688K), 0.0042000 secs] [Times: user=0.02 sys=0.00, real=0.01 secs] 
2014-07-28T19:56:58.691+0000: 1381.069: [GC [PSYoungGen: 171712K->160K(168320K)] 302153K->130601K(855296K), 0.0041730 secs] [Times: user=0.01 sys=0.01, real=0.00 secs] 
2014-07-28T19:56:59.877+0000: 1382.254: [GC [PSYoungGen: 168288K->192K(165056K)] 298729K->130649K(852032K), 0.0036800 secs] [Times: user=0.02 sys=0.01, real=0.01 secs] 
2014-07-28T19:57:01.047+0000: 1383.425: [GC [PSYoungGen: 165056K->256K(161920K)] 295513K->130745K(848896K), 0.0227000 secs] [Times: user=0.09 sys=0.07, real=0.03 secs] 
2014-07-28T19:57:02.204+0000: 1384.582: [GC [PSYoungGen: 161920K->256K(158848K)] 292409K->130769K(845824K), 0.0085280 secs] [Times: user=1.25 sys=1.63, real=1.06 secs] 
2014-07-28T19:57:04.066+0000: 1386.443: [GC [PSYoungGen: 158848K->512K(156096K)] 289361K->131097K(843072K), 0.0065640 secs] [Times: user=1.16 sys=0.91, real=1.04 secs] 
2014-07-28T19:57:05.885+0000: 1388.263: [GC [PSYoungGen: 156096K->256K(152960K)] 286681K->130897K(839936K), 0.0042700 secs] [Times: user=0.03 sys=0.01, real=0.00 secs] 
2014-07-28T19:57:06.967+0000: 1389.345: [GC [PSYoungGen: 152960K->160K(150080K)] 283601K->130817K(837056K), 0.0037460 secs] [Times: user=0.02 sys=0.00, real=0.01 secs] 
2014-07-28T19:57:08.033+0000: 1390.411: [GC [PSYoungGen: 150048K->160K(147328K)] 280705K->130841K(834304K), 0.0184260 secs] [Times: user=0.11 sys=0.03, real=0.02 secs] 
2014-07-28T19:57:09.089+0000: 1391.467: [GC [PSYoungGen: 147296K->384K(144896K)] 277977K->131097K(831872K), 0.0110080 secs] [Times: user=0.06 sys=0.03, real=0.01 secs] 
2014-07-28T19:57:10.112+0000: 1392.490: [GC [PSYoungGen: 144848K->480K(142464K)] 275562K->131257K(829440K), 0.0039850 secs] [Times: user=0.03 sys=0.00, real=0.00 secs] 
2014-07-28T19:57:11.126+0000: 1393.504: [GC [PSYoungGen: 142432K->320K(139776K)] 273209K->131145K(826752K), 0.0034680 secs] [Times: user=0.02 sys=0.01, real=0.00 secs] 
2014-07-28T19:57:12.128+0000: 1394.506: [GC [PSYoungGen: 139776K->352K(137408K)] 270601K->131233K(824384K), 0.0056650 secs] [Times: user=0.03 sys=0.01, real=0.01 secs] 
2014-07-28T19:57:13.092+0000: 1395.470: [GC [PSYoungGen: 137376K->338K(135040K)] 268257K->131252K(822016K), 0.0113240 secs] [Times: user=0.06 sys=0.02, real=0.01 secs] 
2014-07-28T19:57:14.043+0000: 1396.421: [GC [PSYoungGen: 134994K->274K(132672K)] 265908K->131204K(819648K), 0.0068630 secs] [Times: user=0.03 sys=0.01, real=0.00 secs] 
2014-07-28T19:57:14.978+0000: 1397.356: [GC [PSYoungGen: 132626K->224K(130368K)] 263556K->131169K(817344K), 0.0064120 secs] [Times: user=0.02 sys=0.01, real=0.01 secs] 
2014-07-28T19:57:15.898+0000: 1398.276: [GC [PSYoungGen: 130336K->192K(128128K)] 261281K->131161K(815104K), 0.0064560 secs] [Times: user=0.03 sys=0.01, real=0.01 secs] 
2014-07-28T19:57:16.810+0000: 1399.188: [GC [PSYoungGen: 128105K->288K(126144K)] 259075K->131289K(813120K), 0.0087500 secs] [Times: user=0.04 sys=0.03, real=0.01 secs] 
2014-07-28T19:57:17.693+0000: 1400.071: [GC [PSYoungGen: 126102K->288K(124096K)] 257104K->131313K(811072K), 0.0094890 secs] [Times: user=0.04 sys=0.01, real=0.01 secs] 
2014-07-28T19:57:18.572+0000: 1400.950: [GC [PSYoungGen: 124064K->224K(122048K)] 255089K->131265K(809024K), 0.0062360 secs] [Times: user=0.01 sys=0.01, real=0.00 secs] 
2014-07-28T19:57:19.439+0000: 1401.817: [GC [PSYoungGen: 122016K->480K(120384K)] 253057K->131569K(807360K), 0.0060430 secs] [Times: user=0.03 sys=0.01, real=0.01 secs] 
2014-07-28T19:57:20.279+0000: 1402.657: [GC [PSYoungGen: 120352K->192K(118208K)] 251441K->131329K(805184K), 0.0079400 secs] [Times: user=0.04 sys=0.01, real=0.01 secs] 
2014-07-28T19:57:21.115+0000: 1403.492: [GC [PSYoungGen: 118187K->256K(141888K)] 249325K->131409K(828864K), 0.0228980 secs] [Times: user=0.12 sys=0.03, real=0.02 secs] 
2014-07-28T19:57:22.118+0000: 1404.496: [GC [PSYoungGen: 141858K->256K(170240K)] 273012K->131425K(857216K), 0.0101710 secs] [Times: user=0.05 sys=0.02, real=0.01 secs] 
2014-07-28T19:57:23.312+0000: 1405.690: [GC [PSYoungGen: 170240K->256K(166912K)] 301409K->131473K(853888K), 0.0040580 secs] [Times: user=0.03 sys=0.00, real=0.01 secs] 
2014-07-28T19:57:24.498+0000: 1406.876: [GC [PSYoungGen: 166912K->256K(163648K)] 298129K->131497K(850624K), 0.0038130 secs] [Times: user=0.01 sys=0.01, real=0.00 secs] 
2014-07-28T19:57:25.692+0000: 1408.070: [GC [PSYoungGen: 163648K->402K(160704K)] 294889K->131684K(847680K), 0.0090510 secs] [Times: user=0.04 sys=0.02, real=0.01 secs] 
2014-07-28T19:57:26.828+0000: 1409.205: [GC [PSYoungGen: 160658K->384K(157568K)] 291940K->131745K(844544K), 0.0062410 secs] [Times: user=0.21 sys=0.20, real=0.37 secs] 
2014-07-28T19:57:27.949+0000: 1410.327: [GC [PSYoungGen: 157568K->160K(154432K)] 288929K->131537K(841408K), 0.0079160 secs] [Times: user=0.04 sys=0.01, real=0.01 secs] 
2014-07-28T19:57:29.037+0000: 1411.415: [GC [PSYoungGen: 154400K->224K(151616K)] 285777K->131657K(838592K), 0.0054930 secs] [Times: user=0.04 sys=0.01, real=0.00 secs] 
2014-07-28T19:57:30.111+0000: 1412.489: [GC [PSYoungGen: 151538K->160K(148800K)] 282972K->131633K(835776K), 0.0049840 secs] [Times: user=0.03 sys=0.01, real=0.01 secs] 
2014-07-28T19:57:31.163+0000: 1413.541: [GC [PSYoungGen: 148768K->256K(146176K)] 280241K->131761K(833152K), 0.0053140 secs] [Times: user=0.02 sys=0.01, real=0.01 secs] 
2014-07-28T19:57:32.189+0000: 1414.567: [GC [PSYoungGen: 146176K->224K(143552K)] 277681K->131769K(830528K), 0.0103860 secs] [Times: user=0.06 sys=0.01, real=0.01 secs] 
2014-07-28T19:57:33.211+0000: 1415.589: [GC [PSYoungGen: 143476K->320K(141056K)] 275022K->131905K(828032K), 0.0069330 secs] [Times: user=0.05 sys=0.01, real=0.01 secs] 
2014-07-28T19:57:34.245+0000: 1416.623: [GC [PSYoungGen: 141056K->224K(138560K)] 272641K->131849K(825536K), 0.0068450 secs] [Times: user=0.05 sys=0.00, real=0.00 secs] 
2014-07-28T19:57:35.220+0000: 1417.598: [GC [PSYoungGen: 138528K->192K(136128K)] 270153K->131833K(823104K), 0.0045210 secs] [Times: user=0.02 sys=0.01, real=0.01 secs] 
2014-07-28T19:57:36.185+0000: 1418.563: [GC [PSYoungGen: 136128K->288K(133952K)] 267769K->131969K(820928K), 0.0054470 secs] [Times: user=0.02 sys=0.01, real=0.00 secs] 
2014-07-28T19:57:37.124+0000: 1419.502: [GC [PSYoungGen: 133920K->320K(131712K)] 265601K->132041K(818688K), 0.0041990 secs] [Times: user=0.03 sys=0.00, real=0.01 secs] 
2014-07-28T19:57:38.054+0000: 1420.432: [GC [PSYoungGen: 131712K->416K(129664K)] 263433K->132201K(816640K), 0.0043630 secs] [Times: user=0.02 sys=0.01, real=0.01 secs] 
2014-07-28T19:57:38.963+0000: 1421.341: [GC [PSYoungGen: 129632K->192K(127296K)] 261417K->132017K(814272K), 0.0089500 secs] [Times: user=0.03 sys=0.01, real=0.01 secs] 
2014-07-28T19:57:39.864+0000: 1422.242: [GC [PSYoungGen: 127296K->512K(125568K)] 259121K->132377K(812544K), 0.0097580 secs] [Times: user=0.06 sys=0.01, real=0.01 secs] 
2014-07-28T19:57:40.746+0000: 1423.124: [GC [PSYoungGen: 125518K->306K(123392K)] 257384K->132188K(810368K), 0.0052760 secs] [Times: user=0.02 sys=0.00, real=0.00 secs] 
2014-07-28T19:57:41.624+0000: 1424.001: [GC [PSYoungGen: 123378K->256K(121344K)] 255260K->132177K(808320K), 0.0052850 secs] [Times: user=0.03 sys=0.01, real=0.01 secs] 
2014-07-28T19:57:42.479+0000: 1424.857: [GC [PSYoungGen: 121344K->288K(119488K)] 253265K->132265K(806464K), 0.0037060 secs] [Times: user=0.02 sys=0.01, real=0.00 secs] 
2014-07-28T19:57:43.320+0000: 1425.698: [GC [PSYoungGen: 119456K->224K(117568K)] 251433K->132257K(804544K), 0.0060950 secs] [Times: user=0.04 sys=0.01, real=0.01 secs] 
2014-07-28T19:57:44.149+0000: 1426.527: [GC [PSYoungGen: 117496K->224K(115776K)] 249530K->132313K(802752K), 0.0024540 secs] [Times: user=0.01 sys=0.01, real=0.00 secs] 
2014-07-28T19:57:44.962+0000: 1427.340: [GC [PSYoungGen: 115744K->192K(113984K)] 247833K->132313K(800960K), 0.0031220 secs] [Times: user=0.02 sys=0.00, real=0.00 secs] 
2014-07-28T19:57:45.769+0000: 1428.147: [GC [PSYoungGen: 113984K->320K(112384K)] 246105K->132513K(799360K), 0.0045260 secs] [Times: user=0.02 sys=0.00, real=0.00 secs] 
2014-07-28T19:57:46.560+0000: 1428.938: [GC [PSYoungGen: 112382K->320K(110720K)] 244576K->132553K(797696K), 0.0051610 secs] [Times: user=0.02 sys=0.01, real=0.00 secs] 
2014-07-28T19:57:47.348+0000: 1429.726: [GC [PSYoungGen: 110720K->288K(109120K)] 242953K->132569K(796096K), 0.0046360 secs] [Times: user=0.03 sys=0.01, real=0.00 secs] 
2014-07-28T19:57:48.110+0000: 1430.487: [GC [PSYoungGen: 109088K->384K(107584K)] 241369K->132737K(794560K), 0.0044030 secs] [Times: user=0.03 sys=0.01, real=0.00 secs] 
2014-07-28T19:57:48.866+0000: 1431.244: [GC [PSYoungGen: 107584K->192K(105856K)] 239937K->132577K(792832K), 0.0050910 secs] [Times: user=0.03 sys=0.01, real=0.01 secs] 
2014-07-28T19:57:49.609+0000: 1431.986: [GC [PSYoungGen: 105856K->160K(104320K)] 238241K->132569K(791296K), 0.0030320 secs] [Times: user=0.01 sys=0.00, real=0.00 secs] 
2014-07-28T19:57:50.340+0000: 1432.718: [GC [PSYoungGen: 104288K->320K(102976K)] 236697K->132809K(789952K), 0.0027960 secs] [Times: user=0.02 sys=0.00, real=0.00 secs] 
2014-07-28T19:57:51.066+0000: 1433.444: [GC [PSYoungGen: 102976K->384K(101632K)] 235465K->132945K(788608K), 0.0034280 secs] [Times: user=0.01 sys=0.00, real=0.01 secs] 
2014-07-28T19:57:51.783+0000: 1434.161: [GC [PSYoungGen: 101632K->320K(100160K)] 234193K->132913K(787136K), 0.0038490 secs] [Times: user=0.02 sys=0.01, real=0.00 secs] 
2014-07-28T19:57:52.489+0000: 1434.866: [GC [PSYoungGen: 100143K->320K(98816K)] 232737K->132929K(785792K), 0.0062210 secs] [Times: user=0.02 sys=0.00, real=0.00 secs] 
2014-07-28T19:57:53.177+0000: 1435.555: [GC [PSYoungGen: 98816K->434K(97600K)] 231425K->133124K(784576K), 0.0065730 secs] [Times: user=0.04 sys=0.01, real=0.01 secs] 
2014-07-28T19:57:53.862+0000: 1436.240: [GC [PSYoungGen: 97586K->498K(96384K)] 230276K->133212K(783360K), 0.0038370 secs] [Times: user=0.03 sys=0.00, real=0.00 secs] 
2014-07-28T19:57:54.541+0000: 1436.919: [GC [PSYoungGen: 96342K->128K(94720K)] 229056K->132913K(781696K), 0.0031340 secs] [Times: user=0.02 sys=0.00, real=0.00 secs] 
2014-07-28T19:57:55.207+0000: 1437.584: [GC [PSYoungGen: 94720K->256K(93632K)] 227505K->133089K(780608K), 0.0039960 secs] [Times: user=0.02 sys=0.01, real=0.01 secs] 
2014-07-28T19:57:55.864+0000: 1438.242: [GC [PSYoungGen: 93632K->320K(92480K)] 226465K->133201K(779456K), 0.0033730 secs] [Times: user=0.01 sys=0.01, real=0.01 secs] 
2014-07-28T19:57:56.515+0000: 1438.893: [GC [PSYoungGen: 92480K->352K(91392K)] 225361K->133321K(778368K), 0.0070280 secs] [Times: user=0.04 sys=0.01, real=0.01 secs] 
2014-07-28T19:57:57.162+0000: 1439.540: [GC [PSYoungGen: 91360K->256K(90112K)] 224329K->133289K(777088K), 0.0049080 secs] [Times: user=0.03 sys=0.00, real=0.00 secs] 
2014-07-28T19:57:57.795+0000: 1440.172: [GC [PSYoungGen: 90112K->224K(108096K)] 223145K->133265K(795072K), 0.0149530 secs] [Times: user=0.09 sys=0.01, real=0.02 secs] 
2014-07-28T19:57:58.559+0000: 1440.937: [GC [PSYoungGen: 108037K->192K(106496K)] 241079K->133265K(793472K), 0.0036680 secs] [Times: user=0.01 sys=0.01, real=0.00 secs] 
2014-07-28T19:57:59.307+0000: 1441.685: [GC [PSYoungGen: 106496K->480K(105280K)] 239569K->133609K(792256K), 0.0034320 secs] [Times: user=0.01 sys=0.00, real=0.01 secs] 
2014-07-28T19:58:00.051+0000: 1442.429: [GC [PSYoungGen: 105248K->384K(103680K)] 238377K->133617K(790656K), 0.0033640 secs] [Times: user=0.01 sys=0.00, real=0.00 secs] 
2014-07-28T19:58:00.779+0000: 1443.157: [GC [PSYoungGen: 103680K->256K(102080K)] 236913K->133529K(789056K), 0.0037650 secs] [Times: user=0.02 sys=0.01, real=0.00 secs] 
2014-07-28T19:58:01.500+0000: 1443.878: [GC [PSYoungGen: 102080K->320K(100736K)] 235353K->133649K(787712K), 0.0048240 secs] [Times: user=0.02 sys=0.00, real=0.00 secs] 
2014-07-28T19:58:02.204+0000: 1444.582: [GC [PSYoungGen: 100736K->192K(99264K)] 234065K->133561K(786240K), 0.0031200 secs] [Times: user=0.01 sys=0.00, real=0.00 secs] 
2014-07-28T19:58:02.908+0000: 1445.285: [GC [PSYoungGen: 99264K->352K(98112K)] 232633K->133745K(785088K), 0.0066050 secs] [Times: user=0.04 sys=0.00, real=0.01 secs] 
2014-07-28T19:58:03.597+0000: 1445.974: [GC [PSYoungGen: 98070K->224K(96704K)] 231464K->133657K(783680K), 0.0077040 secs] [Times: user=0.05 sys=0.00, real=0.01 secs] 
2014-07-28T19:58:04.274+0000: 1446.652: [GC [PSYoungGen: 96672K->224K(95424K)] 230105K->133697K(782400K), 0.0063450 secs] [Times: user=0.04 sys=0.00, real=0.01 secs] 
2014-07-28T19:58:04.948+0000: 1447.326: [GC [PSYoungGen: 95377K->384K(94272K)] 228851K->133945K(781248K), 0.0045760 secs] [Times: user=0.03 sys=0.00, real=0.01 secs] 
2014-07-28T19:58:05.610+0000: 1447.988: [GC [PSYoungGen: 94272K->256K(92928K)] 227833K->133825K(779904K), 0.0036280 secs] [Times: user=0.02 sys=0.00, real=0.00 secs] 
2014-07-28T19:58:06.273+0000: 1448.651: [GC [PSYoungGen: 92928K->256K(91712K)] 226497K->133841K(778688K), 0.0043410 secs] [Times: user=0.02 sys=0.00, real=0.00 secs] 
2014-07-28T19:58:06.910+0000: 1449.288: [GC [PSYoungGen: 91712K->288K(90624K)] 225297K->133929K(777600K), 0.0066490 secs] [Times: user=0.04 sys=0.00, real=0.00 secs] 
2014-07-28T19:58:07.550+0000: 1449.928: [GC [PSYoungGen: 90592K->256K(89408K)] 224233K->133905K(776384K), 0.0054000 secs] [Times: user=0.04 sys=0.00, real=0.00 secs] 
2014-07-28T19:58:08.181+0000: 1450.559: [GC [PSYoungGen: 89408K->384K(88448K)] 223057K->134113K(775424K), 0.0033970 secs] [Times: user=0.02 sys=0.00, real=0.00 secs] 
2014-07-28T19:58:08.802+0000: 1451.180: [GC [PSYoungGen: 88426K->320K(87296K)] 222156K->134081K(774272K), 0.0043170 secs] [Times: user=0.03 sys=0.01, real=0.00 secs] 
2014-07-28T19:58:09.416+0000: 1451.794: [GC [PSYoungGen: 87296K->288K(86208K)] 221057K->134113K(773184K), 0.0057900 secs] [Times: user=0.03 sys=0.01, real=0.01 secs] 
2014-07-28T19:58:10.021+0000: 1452.399: [GC [PSYoungGen: 86176K->224K(85120K)] 220001K->134097K(772096K), 0.0075460 secs] [Times: user=0.05 sys=0.00, real=0.00 secs] 
2014-07-28T19:58:10.618+0000: 1452.996: [GC [PSYoungGen: 85088K->352K(84224K)] 218961K->134241K(771200K), 0.0059460 secs] [Times: user=0.04 sys=0.00, real=0.01 secs] 
2014-07-28T19:58:11.212+0000: 1453.590: [GC [PSYoungGen: 84192K->352K(83200K)] 218081K->134305K(770176K), 0.0040970 secs] [Times: user=0.03 sys=0.00, real=0.00 secs] 
2014-07-28T19:58:11.798+0000: 1454.176: [GC [PSYoungGen: 83168K->288K(82176K)] 217121K->134289K(769152K), 0.0043640 secs] [Times: user=0.03 sys=0.00, real=0.01 secs] 
2014-07-28T19:58:12.375+0000: 1454.753: [GC [PSYoungGen: 82144K->224K(81152K)] 216145K->134241K(768128K), 0.0083140 secs] [Times: user=0.02 sys=0.00, real=0.01 secs] 
2014-07-28T19:58:12.945+0000: 1455.322: [GC [PSYoungGen: 81120K->512K(80448K)] 215137K->134585K(767424K), 0.0045640 secs] [Times: user=0.01 sys=0.01, real=0.00 secs] 
2014-07-28T19:58:13.505+0000: 1455.883: [GC [PSYoungGen: 80448K->320K(79360K)] 214521K->134441K(766336K), 0.0040130 secs] [Times: user=0.02 sys=0.01, real=0.00 secs] 
2014-07-28T19:58:14.066+0000: 1456.444: [GC [PSYoungGen: 79360K->384K(78528K)] 213481K->134585K(765504K), 0.0041450 secs] [Times: user=0.02 sys=0.00, real=0.01 secs] 
2014-07-28T19:58:14.616+0000: 1456.994: [GC [PSYoungGen: 78498K->384K(77632K)] 212700K->134609K(764608K), 0.0044190 secs] [Times: user=0.03 sys=0.00, real=0.01 secs] 
2014-07-28T19:58:15.165+0000: 1457.543: [GC [PSYoungGen: 77632K->320K(76736K)] 211857K->134617K(763712K), 0.0040170 secs] [Times: user=0.02 sys=0.00, real=0.00 secs] 
2014-07-28T19:58:15.704+0000: 1458.082: [GC [PSYoungGen: 76713K->288K(75904K)] 211011K->134593K(762880K), 0.0075960 secs] [Times: user=0.05 sys=0.01, real=0.01 secs] 
2014-07-28T19:58:16.239+0000: 1458.617: [GC [PSYoungGen: 75872K->224K(91008K)] 210177K->134553K(777984K), 0.0076200 secs] [Times: user=0.04 sys=0.00, real=0.01 secs] 
2014-07-28T19:58:16.878+0000: 1459.256: [GC [PSYoungGen: 90976K->352K(109312K)] 225305K->134761K(796288K), 0.0080650 secs] [Times: user=0.05 sys=0.01, real=0.01 secs] 
2014-07-28T19:58:17.651+0000: 1460.029: [GC [PSYoungGen: 109280K->512K(107840K)] 243689K->134953K(794816K), 0.0047060 secs] [Times: user=0.03 sys=0.00, real=0.00 secs] 
2014-07-28T19:58:18.411+0000: 1460.789: [GC [PSYoungGen: 107796K->320K(106112K)] 242238K->134833K(793088K), 0.0066740 secs] [Times: user=0.05 sys=0.00, real=0.00 secs] 
2014-07-28T19:58:19.158+0000: 1461.536: [GC [PSYoungGen: 106112K->288K(104576K)] 240625K->134841K(791552K), 0.0079820 secs] [Times: user=0.04 sys=0.01, real=0.01 secs] 
2014-07-28T19:58:19.908+0000: 1462.286: [GC [PSYoungGen: 104544K->256K(103040K)] 239097K->134817K(790016K), 0.0061090 secs] [Times: user=0.02 sys=0.00, real=0.01 secs] 
2014-07-28T19:58:20.627+0000: 1463.005: [GC [PSYoungGen: 103040K->384K(101760K)] 237601K->135025K(788736K), 0.0047050 secs] [Times: user=0.03 sys=0.00, real=0.01 secs] 
2014-07-28T19:58:21.344+0000: 1463.722: [GC [PSYoungGen: 101760K->288K(100288K)] 236401K->134985K(787264K), 0.0039630 secs] [Times: user=0.03 sys=0.00, real=0.00 secs] 
2014-07-28T19:58:22.052+0000: 1464.430: [GC [PSYoungGen: 100256K->320K(98944K)] 234953K->135097K(785920K), 0.0047440 secs] [Times: user=0.02 sys=0.00, real=0.00 secs] 
2014-07-28T19:58:22.747+0000: 1465.125: [GC [PSYoungGen: 98944K->320K(97600K)] 233721K->135129K(784576K), 0.0034310 secs] [Times: user=0.02 sys=0.00, real=0.00 secs] 
2014-07-28T19:58:23.439+0000: 1465.817: [GC [PSYoungGen: 97600K->320K(96320K)] 232409K->135193K(783296K), 0.0022700 secs] [Times: user=0.01 sys=0.00, real=0.00 secs] 
2014-07-28T19:58:24.117+0000: 1466.495: [GC [PSYoungGen: 96320K->352K(95104K)] 231193K->135297K(782080K), 0.0025330 secs] [Times: user=0.01 sys=0.00, real=0.00 secs] 
2014-07-28T19:58:24.791+0000: 1467.169: [GC [PSYoungGen: 95072K->352K(93888K)] 230017K->135321K(780864K), 0.0024970 secs] [Times: user=0.01 sys=0.00, real=0.01 secs] 
2014-07-28T19:58:25.454+0000: 1467.832: [GC [PSYoungGen: 93843K->370K(92672K)] 228813K->135380K(779648K), 0.0080370 secs] [Times: user=0.05 sys=0.00, real=0.01 secs] 
2014-07-28T19:58:26.106+0000: 1468.484: [GC [PSYoungGen: 92658K->320K(91392K)] 227668K->135441K(778368K), 0.0064750 secs] [Times: user=0.02 sys=0.01, real=0.01 secs] 
2014-07-28T19:58:26.746+0000: 1469.124: [GC [PSYoungGen: 91372K->338K(90304K)] 226494K->135468K(777280K), 0.0032110 secs] [Times: user=0.02 sys=0.00, real=0.00 secs] 
2014-07-28T19:58:27.378+0000: 1469.756: [GC [PSYoungGen: 90258K->384K(89152K)] 225388K->135601K(776128K), 0.0030910 secs] [Times: user=0.02 sys=0.01, real=0.00 secs] 
2014-07-28T19:58:28.002+0000: 1470.380: [GC [PSYoungGen: 89107K->288K(88000K)] 224325K->135545K(774976K), 0.0032850 secs] [Times: user=0.02 sys=0.01, real=0.01 secs] 
2014-07-28T19:58:28.616+0000: 1470.994: [GC [PSYoungGen: 87968K->256K(86848K)] 223225K->135553K(773824K), 0.0028950 secs] [Times: user=0.01 sys=0.00, real=0.00 secs] 
2014-07-28T19:58:29.224+0000: 1471.602: [GC [PSYoungGen: 86848K->352K(85888K)] 222145K->135737K(772864K), 0.0034710 secs] [Times: user=0.02 sys=0.00, real=0.00 secs] 
2014-07-28T19:58:29.831+0000: 1472.209: [GC [PSYoungGen: 85856K->320K(84800K)] 221241K->135753K(771776K), 0.0031290 secs] [Times: user=0.01 sys=0.00, real=0.01 secs] 
2014-07-28T19:58:30.428+0000: 1472.806: [GC [PSYoungGen: 84800K->256K(83712K)] 220233K->135729K(770688K), 0.0071460 secs] [Times: user=0.04 sys=0.01, real=0.01 secs] 
2014-07-28T19:58:31.020+0000: 1473.398: [GC [PSYoungGen: 83712K->352K(82880K)] 219185K->135897K(769856K), 0.0061000 secs] [Times: user=0.04 sys=0.01, real=0.01 secs] 
2014-07-28T19:58:31.603+0000: 1473.981: [GC [PSYoungGen: 82816K->256K(81792K)] 218362K->135817K(768768K), 0.0076110 secs] [Times: user=0.04 sys=0.00, real=0.00 secs] 
2014-07-28T19:58:32.179+0000: 1474.557: [GC [PSYoungGen: 81792K->320K(80896K)] 217353K->135937K(767872K), 0.0054160 secs] [Times: user=0.03 sys=0.00, real=0.01 secs] 
2014-07-28T19:58:32.745+0000: 1475.122: [GC [PSYoungGen: 80863K->402K(80128K)] 216481K->136036K(767104K), 0.0067900 secs] [Times: user=0.04 sys=0.00, real=0.00 secs] 
2014-07-28T19:58:33.302+0000: 1475.680: [GC [PSYoungGen: 80082K->320K(79104K)] 215716K->136049K(766080K), 0.0042870 secs] [Times: user=0.03 sys=0.01, real=0.01 secs] 
2014-07-28T19:58:33.858+0000: 1476.236: [GC [PSYoungGen: 79104K->288K(78208K)] 214833K->136073K(765184K), 0.0061810 secs] [Times: user=0.04 sys=0.01, real=0.01 secs] 
2014-07-28T19:58:34.411+0000: 1476.789: [GC [PSYoungGen: 78176K->320K(77312K)] 213961K->136161K(764288K), 0.0033200 secs] [Times: user=0.02 sys=0.00, real=0.01 secs] 
2014-07-28T19:58:34.949+0000: 1477.327: [GC [PSYoungGen: 77312K->320K(76480K)] 213153K->136225K(763456K), 0.0056600 secs] [Times: user=0.03 sys=0.01, real=0.01 secs] 
2014-07-28T19:58:35.487+0000: 1477.865: [GC [PSYoungGen: 76480K->384K(75712K)] 212385K->136337K(762688K), 0.0040250 secs] [Times: user=0.02 sys=0.00, real=0.00 secs] 
2014-07-28T19:58:36.020+0000: 1478.398: [GC [PSYoungGen: 75670K->256K(74752K)] 211624K->136265K(761728K), 0.0042100 secs] [Times: user=0.02 sys=0.01, real=0.01 secs] 
2014-07-28T19:58:36.546+0000: 1478.924: [GC [PSYoungGen: 74752K->384K(74048K)] 210761K->136417K(761024K), 0.0028050 secs] [Times: user=0.02 sys=0.00, real=0.00 secs] 
2014-07-28T19:58:37.070+0000: 1479.448: [GC [PSYoungGen: 74048K->320K(73216K)] 210081K->136425K(760192K), 0.0045930 secs] [Times: user=0.03 sys=0.01, real=0.01 secs] 
2014-07-28T19:58:37.580+0000: 1479.958: [GC [PSYoungGen: 73216K->288K(72448K)] 209321K->136417K(759424K), 0.0045240 secs] [Times: user=0.03 sys=0.00, real=0.01 secs] 
2014-07-28T19:58:38.092+0000: 1480.470: [GC [PSYoungGen: 72416K->352K(71744K)] 208545K->136537K(758720K), 0.0042350 secs] [Times: user=0.02 sys=0.01, real=0.01 secs] 
2014-07-28T19:58:38.599+0000: 1480.977: [GC [PSYoungGen: 71712K->256K(70848K)] 207897K->136457K(757824K), 0.0046580 secs] [Times: user=0.01 sys=0.00, real=0.00 secs] 
2014-07-28T19:58:39.103+0000: 1481.481: [GC [PSYoungGen: 70848K->466K(70400K)] 207049K->136724K(757376K), 0.0066260 secs] [Times: user=0.04 sys=0.00, real=0.01 secs] 
2014-07-28T19:58:39.591+0000: 1481.969: [GC [PSYoungGen: 70354K->224K(69440K)] 206612K->136489K(756416K), 0.0035720 secs] [Times: user=0.01 sys=0.01, real=0.01 secs] 
2014-07-28T19:58:40.079+0000: 1482.457: [GC [PSYoungGen: 69366K->160K(83264K)] 205632K->136441K(770240K), 0.0132080 secs] [Times: user=0.07 sys=0.00, real=0.01 secs] 
2014-07-28T19:58:40.664+0000: 1483.042: [GC [PSYoungGen: 83232K->192K(99904K)] 219513K->136489K(786880K), 0.0069400 secs] [Times: user=0.04 sys=0.00, real=0.00 secs] 
2014-07-28T19:58:41.370+0000: 1483.747: [GC [PSYoungGen: 99904K->352K(120064K)] 236201K->136721K(807040K), 0.0029690 secs] [Times: user=0.01 sys=0.00, real=0.00 secs] 
2014-07-28T19:58:42.217+0000: 1484.595: [GC [PSYoungGen: 120032K->320K(118144K)] 256401K->136753K(805120K), 0.0026680 secs] [Times: user=0.01 sys=0.00, real=0.00 secs] 
2014-07-28T19:58:43.050+0000: 1485.428: [GC [PSYoungGen: 118144K->256K(116288K)] 254577K->136737K(803264K), 0.0032890 secs] [Times: user=0.02 sys=0.00, real=0.00 secs] 
2014-07-28T19:58:43.871+0000: 1486.249: [GC [PSYoungGen: 116288K->224K(114496K)] 252769K->136737K(801472K), 0.0058060 secs] [Times: user=0.03 sys=0.01, real=0.01 secs] 
2014-07-28T19:58:44.677+0000: 1487.055: [GC [PSYoungGen: 114464K->256K(112768K)] 250977K->136833K(799744K), 0.0041640 secs] [Times: user=0.03 sys=0.00, real=0.00 secs] 
2014-07-28T19:58:45.491+0000: 1487.869: [GC [PSYoungGen: 112768K->256K(111104K)] 249345K->136857K(798080K), 0.0039640 secs] [Times: user=0.02 sys=0.00, real=0.01 secs] 
2014-07-28T19:58:46.306+0000: 1488.684: [GC [PSYoungGen: 111104K->288K(133376K)] 247705K->136913K(820352K), 0.0905420 secs] [Times: user=0.38 sys=0.06, real=0.09 secs] 
2014-07-28T19:58:47.223+0000: 1489.601: [GC [PSYoungGen: 133307K->416K(160128K)] 269933K->137113K(847104K), 0.0034020 secs] [Times: user=0.02 sys=0.01, real=0.01 secs] 
2014-07-28T19:58:48.352+0000: 1490.730: [GC [PSYoungGen: 160096K->416K(186944K)] 296793K->137137K(873920K), 0.0035610 secs] [Times: user=0.02 sys=0.00, real=0.01 secs] 
2014-07-28T19:58:49.670+0000: 1492.048: [GC [PSYoungGen: 186848K->320K(192128K)] 323569K->137121K(879104K), 0.0024290 secs] [Times: user=0.01 sys=0.00, real=0.00 secs] 
2014-07-28T19:58:51.029+0000: 1493.407: [GC [PSYoungGen: 191936K->384K(192128K)] 328737K->137257K(879104K), 0.0045210 secs] [Times: user=0.02 sys=0.01, real=0.00 secs] 
2014-07-28T19:58:52.456+0000: 1494.834: [GC [PSYoungGen: 192000K->416K(230464K)] 328873K->137297K(917440K), 0.0290060 secs] [Times: user=0.18 sys=0.01, real=0.02 secs] 
2014-07-28T19:58:54.093+0000: 1496.471: [GC [PSYoungGen: 230364K->256K(230464K)] 367246K->137201K(917440K), 0.0051980 secs] [Times: user=0.03 sys=0.00, real=0.01 secs] 
2014-07-28T19:58:55.717+0000: 1498.095: [GC [PSYoungGen: 230208K->352K(224960K)] 367153K->137297K(911936K), 0.0045530 secs] [Times: user=0.03 sys=0.00, real=0.00 secs] 
2014-07-28T19:58:57.306+0000: 1499.684: [GC [PSYoungGen: 224928K->224K(219648K)] 361873K->137201K(906624K), 0.0051400 secs] [Times: user=0.03 sys=0.00, real=0.01 secs] 
2014-07-28T19:58:58.882+0000: 1501.260: [GC [PSYoungGen: 219616K->320K(214720K)] 356593K->137353K(901696K), 0.0026780 secs] [Times: user=0.02 sys=0.00, real=0.00 secs] 
2014-07-28T19:59:00.403+0000: 1502.781: [GC [PSYoungGen: 214720K->352K(209920K)] 351753K->137385K(896896K), 0.0052160 secs] [Times: user=0.04 sys=0.00, real=0.01 secs] 
2014-07-28T19:59:01.875+0000: 1504.253: [GC [PSYoungGen: 209888K->192K(205056K)] 346921K->137265K(892032K), 0.0056240 secs] [Times: user=0.03 sys=0.00, real=0.01 secs] 
2014-07-28T19:59:03.322+0000: 1505.700: [GC [PSYoungGen: 205054K->320K(200704K)] 342128K->137425K(887680K), 0.0081740 secs] [Times: user=0.05 sys=0.01, real=0.01 secs] 
2014-07-28T19:59:04.740+0000: 1507.118: [GC [PSYoungGen: 200704K->448K(196480K)] 337809K->137593K(883456K), 0.0112510 secs] [Times: user=0.07 sys=0.01, real=0.01 secs] 
2014-07-28T19:59:06.168+0000: 1508.546: [GC [PSYoungGen: 196480K->320K(192128K)] 333625K->137497K(879104K), 0.0062680 secs] [Times: user=0.02 sys=0.00, real=0.01 secs] 
2014-07-28T19:59:07.513+0000: 1509.891: [GC [PSYoungGen: 192128K->288K(188096K)] 329305K->137465K(875072K), 0.0084200 secs] [Times: user=0.05 sys=0.00, real=0.01 secs] 
2014-07-28T19:59:08.839+0000: 1511.217: [GC [PSYoungGen: 188064K->338K(184256K)] 325241K->137564K(871232K), 0.0096270 secs] [Times: user=0.06 sys=0.01, real=0.01 secs] 
2014-07-28T19:59:10.139+0000: 1512.517: [GC [PSYoungGen: 184210K->320K(180416K)] 321436K->137625K(867392K), 0.0067510 secs] [Times: user=0.04 sys=0.00, real=0.01 secs] 
2014-07-28T19:59:11.410+0000: 1513.788: [GC [PSYoungGen: 180416K->224K(176704K)] 317721K->137561K(863680K), 0.0050600 secs] [Times: user=0.03 sys=0.01, real=0.00 secs] 
2014-07-28T19:59:12.678+0000: 1515.056: [GC [PSYoungGen: 176654K->288K(173184K)] 313992K->137649K(860160K), 0.0072140 secs] [Times: user=0.02 sys=0.01, real=0.01 secs] 
2014-07-28T19:59:13.900+0000: 1516.278: [GC [PSYoungGen: 173152K->384K(169792K)] 310513K->137809K(856768K), 0.0080720 secs] [Times: user=0.05 sys=0.01, real=0.00 secs] 
2014-07-28T19:59:15.093+0000: 1517.471: [GC [PSYoungGen: 169792K->256K(166336K)] 307217K->137761K(853312K), 0.0075710 secs] [Times: user=0.05 sys=0.00, real=0.01 secs] 
2014-07-28T19:59:16.268+0000: 1518.646: [GC [PSYoungGen: 166336K->320K(163200K)] 303841K->137873K(850176K), 0.0020620 secs] [Times: user=0.01 sys=0.00, real=0.01 secs] 
2014-07-28T19:59:17.424+0000: 1519.802: [GC [PSYoungGen: 163200K->416K(160192K)] 300753K->138049K(847168K), 0.0046980 secs] [Times: user=0.03 sys=0.00, real=0.00 secs] 
2014-07-28T19:59:18.560+0000: 1520.938: [GC [PSYoungGen: 160140K->224K(156992K)] 297774K->137889K(843968K), 0.0062980 secs] [Times: user=0.04 sys=0.01, real=0.01 secs] 
2014-07-28T19:59:19.691+0000: 1522.069: [GC [PSYoungGen: 156910K->370K(154176K)] 294576K->138076K(841152K), 0.0052680 secs] [Times: user=0.03 sys=0.00, real=0.00 secs] 
2014-07-28T19:59:20.784+0000: 1523.162: [GC [PSYoungGen: 154162K->320K(151296K)] 291868K->138081K(838272K), 0.0046990 secs] [Times: user=0.03 sys=0.01, real=0.00 secs] 
2014-07-28T19:59:21.850+0000: 1524.228: [GC [PSYoungGen: 151296K->224K(148480K)] 289057K->138033K(835456K), 0.0045700 secs] [Times: user=0.03 sys=0.00, real=0.01 secs] 
2014-07-28T19:59:22.898+0000: 1525.276: [GC [PSYoungGen: 148448K->256K(145792K)] 286257K->138121K(832768K), 0.0040490 secs] [Times: user=0.02 sys=0.00, real=0.01 secs] 
2014-07-28T19:59:23.929+0000: 1526.306: [GC [PSYoungGen: 145787K->256K(143168K)] 283653K->138177K(830144K), 0.0062960 secs] [Times: user=0.04 sys=0.00, real=0.01 secs] 
2014-07-28T19:59:24.937+0000: 1527.315: [GC [PSYoungGen: 143168K->416K(140864K)] 281089K->138393K(827840K), 0.0038160 secs] [Times: user=0.02 sys=0.00, real=0.01 secs] 
2014-07-28T19:59:25.968+0000: 1528.345: [GC [PSYoungGen: 140832K->288K(138304K)] 278809K->138297K(825280K), 0.0028970 secs] [Times: user=0.01 sys=0.01, real=0.00 secs] 
2014-07-28T19:59:26.937+0000: 1529.315: [GC [PSYoungGen: 138272K->320K(135936K)] 276281K->138377K(822912K), 0.0050710 secs] [Times: user=0.03 sys=0.00, real=0.01 secs] 
2014-07-28T19:59:27.895+0000: 1530.273: [GC [PSYoungGen: 135936K->384K(133696K)] 273993K->138529K(820672K), 0.0030310 secs] [Times: user=0.01 sys=0.01, real=0.00 secs] 
2014-07-28T19:59:28.835+0000: 1531.213: [GC [PSYoungGen: 133696K->256K(131328K)] 271841K->138425K(818304K), 0.0055810 secs] [Times: user=0.02 sys=0.00, real=0.00 secs] 
2014-07-28T19:59:29.761+0000: 1532.139: [GC [PSYoungGen: 131328K->224K(129152K)] 269497K->138441K(816128K), 0.0032940 secs] [Times: user=0.02 sys=0.00, real=0.01 secs] 
2014-07-28T19:59:30.671+0000: 1533.049: [GC [PSYoungGen: 129075K->288K(127104K)] 267293K->138577K(814080K), 0.0033390 secs] [Times: user=0.02 sys=0.00, real=0.01 secs] 
2014-07-28T19:59:31.566+0000: 1533.944: [GC [PSYoungGen: 127072K->224K(124992K)] 265361K->138569K(811968K), 0.0032580 secs] [Times: user=0.02 sys=0.00, real=0.00 secs] 
2014-07-28T19:59:32.472+0000: 1534.849: [GC [PSYoungGen: 124960K->306K(123072K)] 263305K->138668K(810048K), 0.0049660 secs] [Times: user=0.01 sys=0.01, real=0.01 secs] 
2014-07-28T19:59:33.339+0000: 1535.717: [GC [PSYoungGen: 123058K->256K(121088K)] 261420K->138649K(808064K), 0.0045390 secs] [Times: user=0.02 sys=0.00, real=0.01 secs] 
2014-07-28T19:59:34.190+0000: 1536.568: [GC [PSYoungGen: 121073K->448K(119360K)] 259467K->138897K(806336K), 0.0050980 secs] [Times: user=0.02 sys=0.00, real=0.01 secs] 
2014-07-28T19:59:35.025+0000: 1537.403: [GC [PSYoungGen: 119337K->242K(117312K)] 257787K->138740K(804288K), 0.0049050 secs] [Times: user=0.03 sys=0.00, real=0.00 secs] 
2014-07-28T19:59:35.851+0000: 1538.229: [GC [PSYoungGen: 117298K->320K(115584K)] 255796K->138873K(802560K), 0.0047370 secs] [Times: user=0.03 sys=0.01, real=0.01 secs] 
2014-07-28T19:59:36.665+0000: 1539.042: [GC [PSYoungGen: 115583K->448K(113984K)] 254137K->139089K(800960K), 0.0040310 secs] [Times: user=0.03 sys=0.00, real=0.00 secs] 
2014-07-28T19:59:37.464+0000: 1539.842: [GC [PSYoungGen: 113984K->256K(112064K)] 252625K->138929K(799040K), 0.0087350 secs] [Times: user=0.05 sys=0.00, real=0.01 secs] 
2014-07-28T19:59:38.252+0000: 1540.630: [GC [PSYoungGen: 112064K->288K(110464K)] 250737K->139025K(797440K), 0.0032840 secs] [Times: user=0.01 sys=0.01, real=0.01 secs] 
2014-07-28T19:59:39.065+0000: 1541.443: [GC [PSYoungGen: 110419K->288K(108864K)] 249157K->139057K(795840K), 0.0103700 secs] [Times: user=0.06 sys=0.01, real=0.01 secs] 
2014-07-28T19:59:39.860+0000: 1542.238: [GC [PSYoungGen: 108830K->288K(107264K)] 247600K->139089K(794240K), 0.0060700 secs] [Times: user=0.03 sys=0.01, real=0.01 secs] 
2014-07-28T19:59:40.617+0000: 1542.995: [GC [PSYoungGen: 107200K->256K(105664K)] 246002K->139105K(792640K), 0.0087990 secs] [Times: user=0.05 sys=0.01, real=0.01 secs] 
2014-07-28T19:59:41.358+0000: 1543.736: [GC [PSYoungGen: 105643K->274K(104256K)] 244493K->139164K(791232K), 0.0068350 secs] [Times: user=0.04 sys=0.01, real=0.01 secs] 
2014-07-28T19:59:42.096+0000: 1544.474: [GC [PSYoungGen: 104210K->352K(102848K)] 243100K->139289K(789824K), 0.0054800 secs] [Times: user=0.02 sys=0.01, real=0.00 secs] 
2014-07-28T19:59:42.818+0000: 1545.196: [GC [PSYoungGen: 102816K->224K(101312K)] 241753K->139209K(788288K), 0.0045990 secs] [Times: user=0.03 sys=0.00, real=0.00 secs] 
2014-07-28T19:59:43.530+0000: 1545.907: [GC [PSYoungGen: 101280K->256K(99904K)] 240265K->139273K(786880K), 0.0082670 secs] [Times: user=0.05 sys=0.00, real=0.01 secs] 
2014-07-28T19:59:44.233+0000: 1546.611: [GC [PSYoungGen: 99904K->192K(98496K)] 238921K->139257K(785472K), 0.0023460 secs] [Times: user=0.02 sys=0.00, real=0.01 secs] 
2014-07-28T19:59:44.938+0000: 1547.316: [GC [PSYoungGen: 98496K->320K(118336K)] 237561K->139401K(805312K), 0.0141470 secs] [Times: user=0.07 sys=0.02, real=0.01 secs] 
2014-07-28T19:59:45.794+0000: 1548.172: [GC [PSYoungGen: 118336K->384K(142016K)] 257417K->139513K(828992K), 0.0078800 secs] [Times: user=0.03 sys=0.01, real=0.00 secs] 
2014-07-28T19:59:46.824+0000: 1549.202: [GC [PSYoungGen: 142016K->434K(139584K)] 281145K->139612K(826560K), 0.0048110 secs] [Times: user=0.01 sys=0.00, real=0.01 secs] 
2014-07-28T19:59:47.836+0000: 1550.214: [GC [PSYoungGen: 139570K->256K(136960K)] 278748K->139473K(823936K), 0.0038950 secs] [Times: user=0.01 sys=0.00, real=0.00 secs] 
2014-07-28T19:59:48.802+0000: 1551.180: [GC [PSYoungGen: 136953K->416K(134784K)] 276171K->139673K(821760K), 0.0079470 secs] [Times: user=0.05 sys=0.01, real=0.01 secs] 
2014-07-28T19:59:49.752+0000: 1552.130: [GC [PSYoungGen: 134752K->192K(132288K)] 274009K->139473K(819264K), 0.0040000 secs] [Times: user=0.02 sys=0.01, real=0.01 secs] 
2014-07-28T19:59:50.686+0000: 1553.064: [GC [PSYoungGen: 132238K->160K(130112K)] 271520K->139473K(817088K), 0.0103120 secs] [Times: user=0.06 sys=0.02, real=0.01 secs] 
2014-07-28T19:59:51.607+0000: 1553.985: [GC [PSYoungGen: 130080K->256K(128000K)] 269393K->139601K(814976K), 0.0050100 secs] [Times: user=0.02 sys=0.00, real=0.00 secs] 
2014-07-28T19:59:52.512+0000: 1554.890: [GC [PSYoungGen: 128000K->224K(125888K)] 267345K->139593K(812864K), 0.0065040 secs] [Times: user=0.03 sys=0.01, real=0.01 secs] 
2014-07-28T19:59:53.405+0000: 1555.782: [GC [PSYoungGen: 125856K->416K(124032K)] 265225K->139873K(811008K), 0.0038000 secs] [Times: user=0.03 sys=0.00, real=0.01 secs] 
2014-07-28T19:59:54.275+0000: 1556.652: [GC [PSYoungGen: 124000K->192K(121792K)] 263457K->139689K(808768K), 0.0047070 secs] [Times: user=0.03 sys=0.00, real=0.01 secs] 
2014-07-28T19:59:55.134+0000: 1557.512: [GC [PSYoungGen: 121792K->256K(119936K)] 261289K->139801K(806912K), 0.0057370 secs] [Times: user=0.03 sys=0.00, real=0.01 secs] 
2014-07-28T19:59:55.979+0000: 1558.357: [GC [PSYoungGen: 119936K->224K(118080K)] 259481K->139817K(805056K), 0.0038310 secs] [Times: user=0.02 sys=0.00, real=0.00 secs] 
2014-07-28T19:59:56.813+0000: 1559.191: [GC [PSYoungGen: 118048K->160K(116224K)] 257641K->139777K(803200K), 0.0057240 secs] [Times: user=0.02 sys=0.01, real=0.01 secs] 
2014-07-28T19:59:57.634+0000: 1560.012: [GC [PSYoungGen: 116192K->192K(114432K)] 255809K->139833K(801408K), 0.0038010 secs] [Times: user=0.02 sys=0.01, real=0.01 secs] 
2014-07-28T19:59:58.442+0000: 1560.820: [GC [PSYoungGen: 114432K->416K(112960K)] 254073K->140105K(799936K), 0.0089450 secs] [Times: user=0.05 sys=0.02, real=0.01 secs] 
2014-07-28T19:59:59.260+0000: 1561.638: [GC [PSYoungGen: 112928K->320K(111168K)] 252617K->140041K(798144K), 0.0096050 secs] [Times: user=0.05 sys=0.00, real=0.01 secs] 
2014-07-28T20:00:00.077+0000: 1562.455: [GC [PSYoungGen: 111168K->288K(109504K)] 250889K->140049K(796480K), 0.0071900 secs] [Times: user=0.03 sys=0.00, real=0.00 secs] 
2014-07-28T20:00:00.881+0000: 1563.259: [GC [PSYoungGen: 109433K->320K(107904K)] 249195K->140121K(794880K), 0.0114840 secs] [Times: user=0.04 sys=0.01, real=0.01 secs] 
2014-07-28T20:00:01.679+0000: 1564.057: [GC [PSYoungGen: 107904K->320K(106368K)] 247705K->140161K(793344K), 0.0032660 secs] [Times: user=0.02 sys=0.00, real=0.00 secs] 
2014-07-28T20:00:02.483+0000: 1564.861: [GC [PSYoungGen: 106368K->256K(104768K)] 246209K->140121K(791744K), 0.0078970 secs] [Times: user=0.04 sys=0.01, real=0.01 secs] 
2014-07-28T20:00:03.268+0000: 1565.646: [GC [PSYoungGen: 104757K->498K(103552K)] 244623K->140452K(790528K), 0.0049980 secs] [Times: user=0.03 sys=0.00, real=0.00 secs] 
2014-07-28T20:00:04.044+0000: 1566.422: [GC [PSYoungGen: 103538K->352K(102016K)] 243492K->140377K(788992K), 0.0043810 secs] [Times: user=0.03 sys=0.00, real=0.01 secs] 
2014-07-28T20:00:04.765+0000: 1567.142: [GC [PSYoungGen: 101964K->320K(100544K)] 241990K->140417K(787520K), 0.0047970 secs] [Times: user=0.03 sys=0.00, real=0.01 secs] 
2014-07-28T20:00:05.460+0000: 1567.838: [GC [PSYoungGen: 100544K->288K(99200K)] 240641K->140449K(786176K), 0.0065920 secs] [Times: user=0.04 sys=0.00, real=0.00 secs] 
2014-07-28T20:00:06.155+0000: 1568.533: [GC [PSYoungGen: 99167K->288K(97856K)] 239329K->140513K(784832K), 0.0036480 secs] [Times: user=0.02 sys=0.00, real=0.01 secs] 
2014-07-28T20:00:06.846+0000: 1569.224: [GC [PSYoungGen: 97824K->288K(96576K)] 238049K->140521K(783552K), 0.0051580 secs] [Times: user=0.03 sys=0.01, real=0.01 secs] 
2014-07-28T20:00:07.530+0000: 1569.908: [GC [PSYoungGen: 96544K->192K(95168K)] 236777K->140457K(782144K), 0.0066040 secs] [Times: user=0.03 sys=0.00, real=0.01 secs] 
2014-07-28T20:00:08.204+0000: 1570.581: [GC [PSYoungGen: 95168K->160K(93952K)] 235433K->140449K(780928K), 0.0034850 secs] [Times: user=0.01 sys=0.00, real=0.00 secs] 
2014-07-28T20:00:08.868+0000: 1571.246: [GC [PSYoungGen: 93920K->320K(92864K)] 234209K->140617K(779840K), 0.0101440 secs] [Times: user=0.06 sys=0.01, real=0.01 secs] 
2014-07-28T20:00:09.529+0000: 1571.907: [GC [PSYoungGen: 92864K->352K(91712K)] 233161K->140713K(778688K), 0.0026190 secs] [Times: user=0.02 sys=0.00, real=0.00 secs] 
2014-07-28T20:00:10.203+0000: 1572.581: [GC [PSYoungGen: 91680K->384K(90560K)] 232041K->140801K(777536K), 0.0041190 secs] [Times: user=0.02 sys=0.01, real=0.00 secs] 
2014-07-28T20:00:10.873+0000: 1573.251: [GC [PSYoungGen: 90560K->384K(89408K)] 230977K->140825K(776384K), 0.0100600 secs] [Times: user=0.06 sys=0.00, real=0.01 secs] 
2014-07-28T20:00:11.500+0000: 1573.878: [GC [PSYoungGen: 89408K->224K(88192K)] 229849K->140705K(775168K), 0.0021170 secs] [Times: user=0.01 sys=0.01, real=0.00 secs] 
2014-07-28T20:00:12.122+0000: 1574.500: [GC [PSYoungGen: 88160K->352K(87232K)] 228641K->140913K(774208K), 0.0043280 secs] [Times: user=0.02 sys=0.00, real=0.00 secs] 
2014-07-28T20:00:12.736+0000: 1575.113: [GC [PSYoungGen: 87200K->256K(86016K)] 227761K->140833K(772992K), 0.0038150 secs] [Times: user=0.02 sys=0.01, real=0.01 secs] 
2014-07-28T20:00:13.343+0000: 1575.720: [GC [PSYoungGen: 86016K->384K(85120K)] 226593K->141041K(772096K), 0.0030210 secs] [Times: user=0.02 sys=0.00, real=0.00 secs] 
2014-07-28T20:00:13.943+0000: 1576.321: [GC [PSYoungGen: 85120K->224K(83968K)] 225777K->140929K(770944K), 0.0058990 secs] [Times: user=0.03 sys=0.00, real=0.01 secs] 
2014-07-28T20:00:14.533+0000: 1576.911: [GC [PSYoungGen: 83936K->192K(82880K)] 224641K->140921K(769856K), 0.0085090 secs] [Times: user=0.05 sys=0.00, real=0.01 secs] 
2014-07-28T20:00:15.115+0000: 1577.493: [GC [PSYoungGen: 82880K->384K(99648K)] 223609K->141201K(786624K), 0.0077640 secs] [Times: user=0.05 sys=0.00, real=0.01 secs] 
2014-07-28T20:00:15.818+0000: 1578.196: [GC [PSYoungGen: 99646K->306K(98240K)] 240464K->141140K(785216K), 0.0054830 secs] [Times: user=0.03 sys=0.00, real=0.01 secs] 
2014-07-28T20:00:16.506+0000: 1578.884: [GC [PSYoungGen: 98226K->306K(96896K)] 239060K->141204K(783872K), 0.0022350 secs] [Times: user=0.01 sys=0.00, real=0.00 secs] 
2014-07-28T20:00:17.193+0000: 1579.571: [GC [PSYoungGen: 96882K->224K(95552K)] 237780K->141169K(782528K), 0.0058800 secs] [Times: user=0.04 sys=0.00, real=0.00 secs] 
2014-07-28T20:00:17.863+0000: 1580.241: [GC [PSYoungGen: 95520K->352K(94400K)] 236465K->141305K(781376K), 0.0093370 secs] [Times: user=0.05 sys=0.00, real=0.01 secs] 
2014-07-28T20:00:18.529+0000: 1580.907: [GC [PSYoungGen: 94368K->320K(93120K)] 235321K->141321K(780096K), 0.0053350 secs] [Times: user=0.02 sys=0.00, real=0.00 secs] 
2014-07-28T20:00:19.189+0000: 1581.567: [GC [PSYoungGen: 93120K->256K(91840K)] 234121K->141305K(778816K), 0.0023020 secs] [Times: user=0.01 sys=0.00, real=0.00 secs] 
2014-07-28T20:00:19.836+0000: 1582.214: [GC [PSYoungGen: 91840K->480K(90944K)] 232889K->141569K(777920K), 0.0060150 secs] [Times: user=0.04 sys=0.01, real=0.01 secs] 
2014-07-28T20:00:20.470+0000: 1582.848: [GC [PSYoungGen: 90912K->320K(89600K)] 232001K->141473K(776576K), 0.0057140 secs] [Times: user=0.03 sys=0.00, real=0.00 secs] 
2014-07-28T20:00:21.099+0000: 1583.477: [GC [PSYoungGen: 89590K->224K(88448K)] 230744K->141425K(775424K), 0.0037900 secs] [Times: user=0.02 sys=0.00, real=0.00 secs] 
2014-07-28T20:00:21.722+0000: 1584.100: [GC [PSYoungGen: 88416K->256K(87360K)] 229617K->141465K(774336K), 0.0055180 secs] [Times: user=0.04 sys=0.00, real=0.00 secs] 
2014-07-28T20:00:22.342+0000: 1584.720: [GC [PSYoungGen: 87360K->320K(86336K)] 228569K->141609K(773312K), 0.0046770 secs] [Times: user=0.03 sys=0.00, real=0.00 secs] 
2014-07-28T20:00:22.949+0000: 1585.327: [GC [PSYoungGen: 86307K->480K(85504K)] 227597K->141865K(772480K), 0.0040410 secs] [Times: user=0.02 sys=0.01, real=0.01 secs] 
2014-07-28T20:00:23.547+0000: 1585.925: [GC [PSYoungGen: 85472K->320K(84288K)] 226857K->141745K(771264K), 0.0058600 secs] [Times: user=0.03 sys=0.00, real=0.01 secs] 
2014-07-28T20:00:24.140+0000: 1586.518: [GC [PSYoungGen: 84288K->160K(83136K)] 225713K->141625K(770112K), 0.0023820 secs] [Times: user=0.01 sys=0.00, real=0.01 secs] 
2014-07-28T20:00:24.727+0000: 1587.105: [GC [PSYoungGen: 83068K->352K(82368K)] 224534K->141825K(769344K), 0.0029670 secs] [Times: user=0.01 sys=0.00, real=0.01 secs] 
2014-07-28T20:00:25.306+0000: 1587.684: [GC [PSYoungGen: 82336K->480K(81536K)] 223809K->142041K(768512K), 0.0032930 secs] [Times: user=0.02 sys=0.00, real=0.00 secs] 
2014-07-28T20:00:25.874+0000: 1588.252: [GC [PSYoungGen: 81504K->384K(80448K)] 223065K->142033K(767424K), 0.0030710 secs] [Times: user=0.02 sys=0.00, real=0.00 secs] 
2014-07-28T20:00:26.439+0000: 1588.817: [GC [PSYoungGen: 80448K->320K(79488K)] 222097K->142025K(766464K), 0.0051830 secs] [Times: user=0.03 sys=0.00, real=0.01 secs] 
2014-07-28T20:00:26.997+0000: 1589.375: [GC [PSYoungGen: 79488K->192K(78464K)] 221193K->141945K(765440K), 0.0032600 secs] [Times: user=0.02 sys=0.00, real=0.01 secs] 
2014-07-28T20:00:27.548+0000: 1589.925: [GC [PSYoungGen: 78464K->288K(77696K)] 220217K->142049K(764672K), 0.0032530 secs] [Times: user=0.02 sys=0.00, real=0.01 secs] 
2014-07-28T20:00:28.095+0000: 1590.473: [GC [PSYoungGen: 77664K->288K(76864K)] 219425K->142113K(763840K), 0.0033550 secs] [Times: user=0.02 sys=0.01, real=0.00 secs] 
2014-07-28T20:00:28.636+0000: 1591.013: [GC [PSYoungGen: 76832K->224K(75968K)] 218657K->142065K(762944K), 0.0045280 secs] [Times: user=0.02 sys=0.00, real=0.00 secs] 
2014-07-28T20:00:29.167+0000: 1591.545: [GC [PSYoungGen: 75936K->288K(75200K)] 217777K->142193K(762176K), 0.0025480 secs] [Times: user=0.01 sys=0.00, real=0.00 secs] 
2014-07-28T20:00:29.691+0000: 1592.069: [GC [PSYoungGen: 75168K->288K(74368K)] 217073K->142209K(761344K), 0.0032010 secs] [Times: user=0.02 sys=0.00, real=0.00 secs] 
2014-07-28T20:00:30.215+0000: 1592.593: [GC [PSYoungGen: 74336K->352K(73664K)] 216257K->142345K(760640K), 0.0037360 secs] [Times: user=0.02 sys=0.00, real=0.00 secs] 
2014-07-28T20:00:30.728+0000: 1593.106: [GC [PSYoungGen: 73632K->288K(72832K)] 215625K->142321K(759808K), 0.0039720 secs] [Times: user=0.02 sys=0.00, real=0.01 secs] 
2014-07-28T20:00:31.242+0000: 1593.620: [GC [PSYoungGen: 72800K->256K(72000K)] 214833K->142345K(758976K), 0.0024800 secs] [Times: user=0.01 sys=0.00, real=0.00 secs] 
2014-07-28T20:00:31.746+0000: 1594.124: [GC [PSYoungGen: 71998K->416K(71424K)] 214088K->142545K(758400K), 0.0029460 secs] [Times: user=0.02 sys=0.00, real=0.00 secs] 
2014-07-28T20:00:32.246+0000: 1594.624: [GC [PSYoungGen: 71392K->288K(70592K)] 213521K->142473K(757568K), 0.0038660 secs] [Times: user=0.02 sys=0.00, real=0.00 secs] 
2014-07-28T20:00:32.741+0000: 1595.119: [GC [PSYoungGen: 70560K->288K(69888K)] 212745K->142529K(756864K), 0.0022790 secs] [Times: user=0.01 sys=0.00, real=0.00 secs] 
2014-07-28T20:00:33.231+0000: 1595.609: [GC [PSYoungGen: 69856K->160K(69056K)] 212097K->142433K(756032K), 0.0029910 secs] [Times: user=0.01 sys=0.00, real=0.00 secs] 
2014-07-28T20:00:33.718+0000: 1596.096: [GC [PSYoungGen: 69024K->352K(68544K)] 211297K->142649K(755520K), 0.0038610 secs] [Times: user=0.03 sys=0.00, real=0.01 secs] 
2014-07-28T20:00:34.197+0000: 1596.575: [GC [PSYoungGen: 68512K->448K(67904K)] 210809K->142849K(754880K), 0.0056860 secs] [Times: user=0.04 sys=0.00, real=0.01 secs] 
2014-07-28T20:00:34.675+0000: 1597.053: [GC [PSYoungGen: 67904K->256K(67072K)] 210305K->142713K(754048K), 0.0068310 secs] [Times: user=0.04 sys=0.00, real=0.00 secs] 
2014-07-28T20:00:35.147+0000: 1597.525: [GC [PSYoungGen: 67072K->480K(66688K)] 209529K->143033K(753664K), 0.0025730 secs] [Times: user=0.02 sys=0.00, real=0.00 secs] 
2014-07-28T20:00:35.612+0000: 1597.990: [GC [PSYoungGen: 66656K->288K(65856K)] 209209K->142849K(752832K), 0.0040340 secs] [Times: user=0.02 sys=0.00, real=0.00 secs] 
2014-07-28T20:00:36.075+0000: 1598.453: [GC [PSYoungGen: 65824K->288K(65216K)] 208385K->142905K(752192K), 0.0038350 secs] [Times: user=0.02 sys=0.00, real=0.00 secs] 
2014-07-28T20:00:36.532+0000: 1598.910: [GC [PSYoungGen: 65184K->192K(64448K)] 207801K->142825K(751424K), 0.0042400 secs] [Times: user=0.02 sys=0.00, real=0.01 secs] 
2014-07-28T20:00:36.985+0000: 1599.363: [GC [PSYoungGen: 64448K->448K(64064K)] 207081K->143177K(751040K), 0.0040130 secs] [Times: user=0.03 sys=0.00, real=0.00 secs] 
2014-07-28T20:00:37.437+0000: 1599.815: [GC [PSYoungGen: 64064K->224K(63296K)] 206793K->142969K(750272K), 0.0041070 secs] [Times: user=0.02 sys=0.00, real=0.00 secs] 
2014-07-28T20:00:37.882+0000: 1600.260: [GC [PSYoungGen: 63264K->320K(62784K)] 206009K->143137K(749760K), 0.0040870 secs] [Times: user=0.02 sys=0.00, real=0.01 secs] 
2014-07-28T20:00:38.321+0000: 1600.699: [GC [PSYoungGen: 62784K->288K(62208K)] 205601K->143145K(749184K), 0.0042320 secs] [Times: user=0.02 sys=0.00, real=0.01 secs] 
2014-07-28T20:00:38.759+0000: 1601.137: [GC [PSYoungGen: 62176K->352K(61696K)] 205033K->143297K(748672K), 0.0045680 secs] [Times: user=0.03 sys=0.00, real=0.01 secs] 
2014-07-28T20:00:39.188+0000: 1601.566: [GC [PSYoungGen: 61664K->224K(60992K)] 204609K->143209K(747968K), 0.0047040 secs] [Times: user=0.03 sys=0.00, real=0.01 secs] 
2014-07-28T20:00:39.615+0000: 1601.993: [GC [PSYoungGen: 60959K->288K(60480K)] 203945K->143313K(747456K), 0.0030290 secs] [Times: user=0.02 sys=0.00, real=0.00 secs] 
2014-07-28T20:00:40.038+0000: 1602.416: [GC [PSYoungGen: 60424K->288K(59968K)] 203450K->143361K(746944K), 0.0049190 secs] [Times: user=0.03 sys=0.00, real=0.01 secs] 
2014-07-28T20:00:40.461+0000: 1602.839: [GC [PSYoungGen: 59936K->256K(59392K)] 203009K->143361K(746368K), 0.0024510 secs] [Times: user=0.01 sys=0.00, real=0.01 secs] 
2014-07-28T20:00:40.876+0000: 1603.254: [GC [PSYoungGen: 59371K->416K(59072K)] 202477K->143601K(746048K), 0.0039400 secs] [Times: user=0.02 sys=0.00, real=0.00 secs] 
2014-07-28T20:00:41.292+0000: 1603.670: [GC [PSYoungGen: 59040K->352K(58496K)] 202225K->143593K(745472K), 0.0026630 secs] [Times: user=0.01 sys=0.00, real=0.01 secs] 
2014-07-28T20:00:41.703+0000: 1604.081: [GC [PSYoungGen: 58464K->192K(57792K)] 201705K->143481K(744768K), 0.0038780 secs] [Times: user=0.03 sys=0.00, real=0.00 secs] 
2014-07-28T20:00:42.109+0000: 1604.487: [GC [PSYoungGen: 57792K->224K(57344K)] 201081K->143561K(744320K), 0.0038350 secs] [Times: user=0.02 sys=0.00, real=0.00 secs] 
2014-07-28T20:00:42.508+0000: 1604.886: [GC [PSYoungGen: 57312K->288K(56896K)] 200649K->143665K(743872K), 0.0046880 secs] [Times: user=0.03 sys=0.00, real=0.00 secs] 
2014-07-28T20:00:42.909+0000: 1605.286: [GC [PSYoungGen: 56864K->352K(56512K)] 200241K->143809K(743488K), 0.0038170 secs] [Times: user=0.02 sys=0.00, real=0.00 secs] 
2014-07-28T20:00:43.302+0000: 1605.680: [GC [PSYoungGen: 56451K->370K(67776K)] 199909K->143908K(754752K), 0.0049850 secs] [Times: user=0.03 sys=0.00, real=0.01 secs] 
2014-07-28T20:00:43.777+0000: 1606.155: [GC [PSYoungGen: 67741K->384K(67136K)] 211279K->144017K(754112K), 0.0032410 secs] [Times: user=0.02 sys=0.00, real=0.00 secs] 
2014-07-28T20:00:44.250+0000: 1606.628: [GC [PSYoungGen: 67136K->320K(66432K)] 210769K->144057K(753408K), 0.0035950 secs] [Times: user=0.02 sys=0.00, real=0.01 secs] 
2014-07-28T20:00:44.722+0000: 1607.100: [GC [PSYoungGen: 66426K->320K(65792K)] 210164K->144105K(752768K), 0.0048910 secs] [Times: user=0.03 sys=0.00, real=0.01 secs] 
2014-07-28T20:00:45.183+0000: 1607.560: [GC [PSYoungGen: 65792K->256K(65088K)] 209577K->144097K(752064K), 0.0042320 secs] [Times: user=0.03 sys=0.00, real=0.01 secs] 
2014-07-28T20:00:45.640+0000: 1608.018: [GC [PSYoungGen: 65088K->224K(64448K)] 208929K->144105K(751424K), 0.0027590 secs] [Times: user=0.01 sys=0.00, real=0.01 secs] 
2014-07-28T20:00:46.094+0000: 1608.472: [GC [PSYoungGen: 64409K->352K(63936K)] 208291K->144321K(750912K), 0.0041090 secs] [Times: user=0.03 sys=0.00, real=0.00 secs] 
2014-07-28T20:00:46.541+0000: 1608.918: [GC [PSYoungGen: 63903K->320K(63296K)] 207873K->144297K(750272K), 0.0032320 secs] [Times: user=0.01 sys=0.00, real=0.01 secs] 
2014-07-28T20:00:46.985+0000: 1609.363: [GC [PSYoungGen: 63294K->384K(62784K)] 207272K->144457K(749760K), 0.0029130 secs] [Times: user=0.02 sys=0.00, real=0.00 secs] 
2014-07-28T20:00:47.428+0000: 1609.806: [GC [PSYoungGen: 62760K->352K(62208K)] 206834K->144473K(749184K), 0.0076550 secs] [Times: user=0.05 sys=0.00, real=0.01 secs] 
2014-07-28T20:00:47.858+0000: 1610.236: [GC [PSYoungGen: 62176K->288K(61568K)] 206297K->144473K(748544K), 0.0026080 secs] [Times: user=0.01 sys=0.00, real=0.00 secs] 
2014-07-28T20:00:48.293+0000: 1610.671: [GC [PSYoungGen: 61536K->352K(61056K)] 205721K->144577K(748032K), 0.0031420 secs] [Times: user=0.02 sys=0.00, real=0.01 secs] 
2014-07-28T20:00:48.723+0000: 1611.101: [GC [PSYoungGen: 61024K->384K(60480K)] 205249K->144697K(747456K), 0.0038030 secs] [Times: user=0.03 sys=0.00, real=0.01 secs] 
2014-07-28T20:00:49.147+0000: 1611.525: [GC [PSYoungGen: 60480K->256K(59840K)] 204793K->144625K(746816K), 0.0036260 secs] [Times: user=0.02 sys=0.00, real=0.00 secs] 
2014-07-28T20:00:49.570+0000: 1611.948: [GC [PSYoungGen: 59840K->416K(59520K)] 204209K->144793K(746496K), 0.0050550 secs] [Times: user=0.03 sys=0.00, real=0.01 secs] 
2014-07-28T20:00:49.986+0000: 1612.364: [GC [PSYoungGen: 59488K->224K(58816K)] 203865K->144649K(745792K), 0.0035790 secs] [Times: user=0.02 sys=0.00, real=0.00 secs] 
2014-07-28T20:00:50.399+0000: 1612.777: [GC [PSYoungGen: 58784K->448K(58496K)] 203209K->144913K(745472K), 0.0034130 secs] [Times: user=0.02 sys=0.01, real=0.00 secs] 
2014-07-28T20:00:50.807+0000: 1613.185: [GC [PSYoungGen: 58496K->352K(57920K)] 202961K->144905K(744896K), 0.0030170 secs] [Times: user=0.02 sys=0.00, real=0.00 secs] 
2014-07-28T20:00:51.211+0000: 1613.589: [GC [PSYoungGen: 57888K->352K(57408K)] 202441K->144961K(744384K), 0.0031130 secs] [Times: user=0.01 sys=0.00, real=0.01 secs] 
2014-07-28T20:00:51.615+0000: 1613.993: [GC [PSYoungGen: 57376K->352K(56896K)] 201985K->145017K(743872K), 0.0036870 secs] [Times: user=0.02 sys=0.00, real=0.00 secs] 
2014-07-28T20:00:52.015+0000: 1614.393: [GC [PSYoungGen: 56864K->288K(56384K)] 201529K->145009K(743360K), 0.0041950 secs] [Times: user=0.03 sys=0.01, real=0.00 secs] 
2014-07-28T20:00:52.413+0000: 1614.791: [GC [PSYoungGen: 56352K->256K(55872K)] 201073K->145001K(742848K), 0.0036090 secs] [Times: user=0.02 sys=0.00, real=0.01 secs] 
2014-07-28T20:00:52.807+0000: 1615.185: [GC [PSYoungGen: 55872K->256K(55424K)] 200617K->145065K(742400K), 0.0038850 secs] [Times: user=0.02 sys=0.00, real=0.00 secs] 
2014-07-28T20:00:53.196+0000: 1615.574: [GC [PSYoungGen: 55424K->352K(55104K)] 200233K->145185K(742080K), 0.0042140 secs] [Times: user=0.02 sys=0.01, real=0.00 secs] 
2014-07-28T20:00:53.582+0000: 1615.960: [GC [PSYoungGen: 55072K->224K(54528K)] 199905K->145089K(741504K), 0.0039900 secs] [Times: user=0.02 sys=0.00, real=0.01 secs] 
2014-07-28T20:00:53.965+0000: 1616.343: [GC [PSYoungGen: 54496K->224K(54080K)] 199361K->145145K(741056K), 0.0044000 secs] [Times: user=0.03 sys=0.00, real=0.00 secs] 
2014-07-28T20:00:54.343+0000: 1616.721: [GC [PSYoungGen: 54048K->448K(53824K)] 198969K->145417K(740800K), 0.0026020 secs] [Times: user=0.02 sys=0.01, real=0.01 secs] 
2014-07-28T20:00:54.723+0000: 1617.101: [GC [PSYoungGen: 53824K->448K(64512K)] 198793K->145529K(751488K), 0.0061090 secs] [Times: user=0.04 sys=0.00, real=0.01 secs] 
2014-07-28T20:00:55.172+0000: 1617.550: [GC [PSYoungGen: 64480K->306K(63808K)] 209562K->145468K(750784K), 0.0027380 secs] [Times: user=0.01 sys=0.01, real=0.00 secs] 
2014-07-28T20:00:55.620+0000: 1617.998: [GC [PSYoungGen: 63794K->480K(63424K)] 208956K->145673K(750400K), 0.0043850 secs] [Times: user=0.03 sys=0.00, real=0.00 secs] 
2014-07-28T20:00:56.066+0000: 1618.444: [GC [PSYoungGen: 63392K->288K(75840K)] 208585K->145553K(762816K), 0.0067990 secs] [Times: user=0.04 sys=0.00, real=0.00 secs] 
2014-07-28T20:00:56.602+0000: 1618.980: [GC [PSYoungGen: 75808K->402K(91072K)] 221073K->145676K(778048K), 0.0067960 secs] [Times: user=0.05 sys=0.01, real=0.01 secs] 
2014-07-28T20:00:57.241+0000: 1619.619: [GC [PSYoungGen: 91026K->352K(109184K)] 236300K->145705K(796160K), 0.0067150 secs] [Times: user=0.05 sys=0.00, real=0.01 secs] 
2014-07-28T20:00:58.014+0000: 1620.392: [GC [PSYoungGen: 109152K->256K(130816K)] 254505K->145633K(817792K), 0.0072880 secs] [Times: user=0.04 sys=0.00, real=0.01 secs] 
2014-07-28T20:00:58.935+0000: 1621.313: [GC [PSYoungGen: 130816K->320K(128704K)] 276193K->145761K(815680K), 0.0036110 secs] [Times: user=0.02 sys=0.01, real=0.00 secs] 
2014-07-28T20:00:59.850+0000: 1622.228: [GC [PSYoungGen: 128704K->352K(126656K)] 274145K->145865K(813632K), 0.0069460 secs] [Times: user=0.04 sys=0.00, real=0.01 secs] 
2014-07-28T20:01:00.744+0000: 1623.122: [GC [PSYoungGen: 126624K->384K(124608K)] 272137K->145977K(811584K), 0.0045090 secs] [Times: user=0.03 sys=0.00, real=0.01 secs] 
2014-07-28T20:01:01.622+0000: 1624.000: [GC [PSYoungGen: 124608K->352K(122624K)] 270201K->146017K(809600K), 0.0044310 secs] [Times: user=0.03 sys=0.00, real=0.01 secs] 
2014-07-28T20:01:02.488+0000: 1624.865: [GC [PSYoungGen: 122592K->320K(120640K)] 268257K->146129K(807616K), 0.0023330 secs] [Times: user=0.02 sys=0.00, real=0.00 secs] 
2014-07-28T20:01:03.335+0000: 1625.713: [GC [PSYoungGen: 120640K->466K(118976K)] 266449K->146364K(805952K), 0.0045480 secs] [Times: user=0.03 sys=0.00, real=0.01 secs] 
2014-07-28T20:01:04.172+0000: 1626.550: [GC [PSYoungGen: 118922K->320K(116928K)] 264820K->146281K(803904K), 0.0056240 secs] [Times: user=0.04 sys=0.00, real=0.01 secs] 
2014-07-28T20:01:04.995+0000: 1627.373: [GC [PSYoungGen: 116927K->256K(115072K)] 262889K->146273K(802048K), 0.0029150 secs] [Times: user=0.02 sys=0.00, real=0.01 secs] 
2014-07-28T20:01:05.810+0000: 1628.188: [GC [PSYoungGen: 115072K->352K(113472K)] 261089K->146433K(800448K), 0.0074700 secs] [Times: user=0.05 sys=0.00, real=0.01 secs] 
2014-07-28T20:01:06.606+0000: 1628.983: [GC [PSYoungGen: 113440K->384K(111808K)] 259521K->146561K(798784K), 0.0060630 secs] [Times: user=0.04 sys=0.00, real=0.01 secs] 
2014-07-28T20:01:07.395+0000: 1629.773: [GC [PSYoungGen: 111781K->434K(110208K)] 257959K->146692K(797184K), 0.0098800 secs] [Times: user=0.06 sys=0.00, real=0.01 secs] 
2014-07-28T20:01:08.170+0000: 1630.547: [GC [PSYoungGen: 110194K->224K(108416K)] 256452K->146537K(795392K), 0.0033250 secs] [Times: user=0.02 sys=0.00, real=0.00 secs] 
2014-07-28T20:01:08.933+0000: 1631.311: [GC [PSYoungGen: 108384K->320K(106944K)] 254697K->146665K(793920K), 0.0077470 secs] [Times: user=0.05 sys=0.00, real=0.01 secs] 
2014-07-28T20:01:09.687+0000: 1632.065: [GC [PSYoungGen: 106911K->384K(105472K)] 253257K->146817K(792448K), 0.0060420 secs] [Times: user=0.03 sys=0.00, real=0.00 secs] 
2014-07-28T20:01:10.429+0000: 1632.807: [GC [PSYoungGen: 105449K->416K(104064K)] 251883K->146945K(791040K), 0.0044910 secs] [Times: user=0.02 sys=0.01, real=0.00 secs] 
2014-07-28T20:01:11.164+0000: 1633.542: [GC [PSYoungGen: 104032K->288K(102464K)] 250561K->146873K(789440K), 0.0048620 secs] [Times: user=0.03 sys=0.00, real=0.01 secs] 
2014-07-28T20:01:11.885+0000: 1634.263: [GC [PSYoungGen: 102432K->384K(101120K)] 249017K->146977K(788096K), 0.0064300 secs] [Times: user=0.04 sys=0.00, real=0.01 secs] 
2014-07-28T20:01:12.599+0000: 1634.977: [GC [PSYoungGen: 101085K->256K(99584K)] 247679K->146897K(786560K), 0.0053320 secs] [Times: user=0.03 sys=0.00, real=0.00 secs] 
2014-07-28T20:01:13.303+0000: 1635.681: [GC [PSYoungGen: 99559K->288K(98304K)] 246201K->146977K(785280K), 0.0044360 secs] [Times: user=0.02 sys=0.00, real=0.01 secs] 
2014-07-28T20:01:14.002+0000: 1636.380: [GC [PSYoungGen: 98272K->352K(97024K)] 244961K->147089K(784000K), 0.0043770 secs] [Times: user=0.02 sys=0.00, real=0.00 secs] 
2014-07-28T20:01:14.687+0000: 1637.065: [GC [PSYoungGen: 96992K->384K(95744K)] 243729K->147217K(782720K), 0.0037570 secs] [Times: user=0.02 sys=0.00, real=0.01 secs] 
2014-07-28T20:01:15.361+0000: 1637.739: [GC [PSYoungGen: 95744K->192K(94272K)] 242577K->147073K(781248K), 0.0049250 secs] [Times: user=0.03 sys=0.00, real=0.00 secs] 
2014-07-28T20:01:16.026+0000: 1638.404: [GC [PSYoungGen: 94272K->288K(93184K)] 241153K->147241K(780160K), 0.0048320 secs] [Times: user=0.02 sys=0.01, real=0.01 secs] 
2014-07-28T20:01:16.684+0000: 1639.061: [GC [PSYoungGen: 93152K->256K(91904K)] 240105K->147257K(778880K), 0.0060820 secs] [Times: user=0.04 sys=0.00, real=0.01 secs] 
2014-07-28T20:01:17.331+0000: 1639.709: [GC [PSYoungGen: 91904K->384K(90880K)] 238905K->147465K(777856K), 0.0035470 secs] [Times: user=0.02 sys=0.00, real=0.00 secs] 
2014-07-28T20:01:17.964+0000: 1640.342: [GC [PSYoungGen: 90880K->256K(89600K)] 237961K->147393K(776576K), 0.0049950 secs] [Times: user=0.02 sys=0.01, real=0.01 secs] 
2014-07-28T20:01:18.598+0000: 1640.976: [GC [PSYoungGen: 89600K->288K(88576K)] 236737K->147481K(775552K), 0.0042280 secs] [Times: user=0.02 sys=0.00, real=0.01 secs] 
2014-07-28T20:01:19.226+0000: 1641.603: [GC [PSYoungGen: 88538K->448K(87616K)] 235732K->147721K(774592K), 0.0034700 secs] [Times: user=0.02 sys=0.00, real=0.01 secs] 
2014-07-28T20:01:19.841+0000: 1642.219: [GC [PSYoungGen: 87616K->320K(86400K)] 234889K->147633K(773376K), 0.0040820 secs] [Times: user=0.03 sys=0.00, real=0.00 secs] 
2014-07-28T20:01:20.451+0000: 1642.828: [GC [PSYoungGen: 86369K->416K(85504K)] 233683K->147801K(772480K), 0.0023270 secs] [Times: user=0.01 sys=0.00, real=0.00 secs] 
2014-07-28T20:01:21.051+0000: 1643.429: [GC [PSYoungGen: 85472K->384K(84416K)] 232857K->147865K(771392K), 0.0060140 secs] [Times: user=0.04 sys=0.00, real=0.00 secs] 
2014-07-28T20:01:21.642+0000: 1644.020: [GC [PSYoungGen: 84416K->256K(83264K)] 231897K->147753K(770240K), 0.0064100 secs] [Times: user=0.04 sys=0.00, real=0.00 secs] 
2014-07-28T20:01:22.229+0000: 1644.607: [GC [PSYoungGen: 83264K->416K(82496K)] 230761K->148009K(769472K), 0.0047940 secs] [Times: user=0.03 sys=0.00, real=0.00 secs] 
2014-07-28T20:01:22.809+0000: 1645.187: [GC [PSYoungGen: 82464K->256K(81344K)] 230057K->147889K(768320K), 0.0023540 secs] [Times: user=0.02 sys=0.00, real=0.00 secs] 
2014-07-28T20:01:23.381+0000: 1645.759: [GC [PSYoungGen: 81344K->320K(97664K)] 228977K->148025K(784640K), 0.0125060 secs] [Times: user=0.09 sys=0.00, real=0.01 secs] 
2014-07-28T20:01:24.070+0000: 1646.448: [GC [PSYoungGen: 97664K->320K(96384K)] 245369K->148097K(783360K), 0.0048910 secs] [Times: user=0.02 sys=0.00, real=0.00 secs] 
2014-07-28T20:01:24.750+0000: 1647.128: [GC [PSYoungGen: 96384K->320K(95104K)] 244161K->148137K(782080K), 0.0048160 secs] [Times: user=0.02 sys=0.00, real=0.00 secs] 
2014-07-28T20:01:25.424+0000: 1647.802: [GC [PSYoungGen: 95104K->448K(94016K)] 242921K->148353K(780992K), 0.0062190 secs] [Times: user=0.04 sys=0.00, real=0.01 secs] 
2014-07-28T20:01:26.086+0000: 1648.464: [GC [PSYoungGen: 94016K->320K(92672K)] 241921K->148305K(779648K), 0.0054800 secs] [Times: user=0.03 sys=0.00, real=0.01 secs] 
2014-07-28T20:01:26.739+0000: 1649.117: [GC [PSYoungGen: 92672K->288K(91456K)] 240657K->148321K(778432K), 0.0092620 secs] [Times: user=0.06 sys=0.00, real=0.00 secs] 
2014-07-28T20:01:27.387+0000: 1649.765: [GC [PSYoungGen: 91424K->384K(90368K)] 239457K->148481K(777344K), 0.0049360 secs] [Times: user=0.03 sys=0.00, real=0.01 secs] 
2014-07-28T20:01:28.018+0000: 1650.396: [GC [PSYoungGen: 90368K->416K(89280K)] 238465K->148601K(776256K), 0.0061390 secs] [Times: user=0.03 sys=0.00, real=0.01 secs] 
2014-07-28T20:01:28.646+0000: 1651.024: [GC [PSYoungGen: 89248K->256K(88000K)] 237433K->148473K(774976K), 0.0054240 secs] [Times: user=0.03 sys=0.00, real=0.01 secs] 
2014-07-28T20:01:29.265+0000: 1651.643: [GC [PSYoungGen: 88000K->352K(87040K)] 236217K->148657K(774016K), 0.0072140 secs] [Times: user=0.05 sys=0.00, real=0.01 secs] 
2014-07-28T20:01:29.878+0000: 1652.256: [GC [PSYoungGen: 87008K->224K(104256K)] 235313K->148561K(791232K), 0.0074720 secs] [Times: user=0.05 sys=0.00, real=0.01 secs] 
2014-07-28T20:01:30.616+0000: 1652.994: [GC [PSYoungGen: 104224K->320K(125120K)] 252561K->148729K(812096K), 0.0079890 secs] [Times: user=0.05 sys=0.00, real=0.01 secs] 
2014-07-28T20:01:31.499+0000: 1653.877: [GC [PSYoungGen: 125120K->448K(123264K)] 273529K->148913K(810240K), 0.0042130 secs] [Times: user=0.02 sys=0.00, real=0.01 secs] 
2014-07-28T20:01:32.365+0000: 1654.743: [GC [PSYoungGen: 123264K->480K(121408K)] 271729K->149049K(808384K), 0.0042840 secs] [Times: user=0.03 sys=0.00, real=0.00 secs] 
2014-07-28T20:01:33.224+0000: 1655.602: [GC [PSYoungGen: 121343K->256K(119232K)] 269913K->148937K(806208K), 0.0049230 secs] [Times: user=0.03 sys=0.01, real=0.00 secs] 
2014-07-28T20:01:34.069+0000: 1656.447: [GC [PSYoungGen: 119232K->448K(117568K)] 267913K->149201K(804544K), 0.0044980 secs] [Times: user=0.03 sys=0.00, real=0.01 secs] 
2014-07-28T20:01:34.900+0000: 1657.277: [GC [PSYoungGen: 117568K->512K(115840K)] 266321K->149369K(802816K), 0.0046300 secs] [Times: user=0.03 sys=0.00, real=0.01 secs] 
2014-07-28T20:01:35.715+0000: 1658.093: [GC [PSYoungGen: 115840K->256K(113856K)] 264697K->149161K(800832K), 0.0065150 secs] [Times: user=0.04 sys=0.00, real=0.01 secs] 
2014-07-28T20:01:36.515+0000: 1658.893: [GC [PSYoungGen: 113856K->352K(112256K)] 262761K->149329K(799232K), 0.0031460 secs] [Times: user=0.02 sys=0.00, real=0.00 secs] 
2014-07-28T20:01:37.301+0000: 1659.679: [GC [PSYoungGen: 112224K->416K(110656K)] 261201K->149473K(797632K), 0.0044340 secs] [Times: user=0.02 sys=0.01, real=0.00 secs] 
2014-07-28T20:01:38.080+0000: 1660.458: [GC [PSYoungGen: 110586K->384K(108992K)] 259644K->149513K(795968K), 0.0055580 secs] [Times: user=0.03 sys=0.01, real=0.01 secs] 
2014-07-28T20:01:38.846+0000: 1661.224: [GC [PSYoungGen: 108992K->384K(107392K)] 258121K->149577K(794368K), 0.0071930 secs] [Times: user=0.05 sys=0.00, real=0.01 secs] 
2014-07-28T20:01:39.599+0000: 1661.977: [GC [PSYoungGen: 107392K->448K(105920K)] 256585K->149729K(792896K), 0.0045280 secs] [Times: user=0.02 sys=0.00, real=0.01 secs] 
2014-07-28T20:01:40.349+0000: 1662.727: [GC [PSYoungGen: 105920K->256K(104256K)] 255201K->149601K(791232K), 0.0078950 secs] [Times: user=0.06 sys=0.00, real=0.01 secs] 
2014-07-28T20:01:41.085+0000: 1663.463: [GC [PSYoungGen: 104256K->288K(102848K)] 253601K->149705K(789824K), 0.0044200 secs] [Times: user=0.02 sys=0.00, real=0.00 secs] 
2014-07-28T20:01:41.809+0000: 1664.187: [GC [PSYoungGen: 102816K->256K(101376K)] 252233K->149705K(788352K), 0.0046250 secs] [Times: user=0.01 sys=0.00, real=0.01 secs] 
2014-07-28T20:01:42.522+0000: 1664.900: [GC [PSYoungGen: 101376K->384K(100096K)] 250825K->149905K(787072K), 0.0055200 secs] [Times: user=0.04 sys=0.00, real=0.01 secs] 
2014-07-28T20:01:43.227+0000: 1665.605: [GC [PSYoungGen: 100069K->320K(98688K)] 249591K->149921K(785664K), 0.0066880 secs] [Times: user=0.04 sys=0.00, real=0.01 secs] 
2014-07-28T20:01:43.921+0000: 1666.299: [GC [PSYoungGen: 98688K->352K(97408K)] 248289K->149985K(784384K), 0.0112080 secs] [Times: user=0.08 sys=0.00, real=0.02 secs] 
2014-07-28T20:01:44.610+0000: 1666.988: [GC [PSYoungGen: 97376K->480K(96256K)] 247009K->150217K(783232K), 0.0049070 secs] [Times: user=0.02 sys=0.00, real=0.01 secs] 
2014-07-28T20:01:45.288+0000: 1667.665: [GC [PSYoungGen: 96224K->192K(94656K)] 245961K->150041K(781632K), 0.0056060 secs] [Times: user=0.04 sys=0.00, real=0.01 secs] 
2014-07-28T20:01:45.957+0000: 1668.335: [GC [PSYoungGen: 94656K->384K(93632K)] 244505K->150305K(780608K), 0.0040880 secs] [Times: user=0.02 sys=0.00, real=0.00 secs] 
2014-07-28T20:01:46.617+0000: 1668.994: [GC [PSYoungGen: 93632K->498K(92544K)] 243553K->150484K(779520K), 0.0052030 secs] [Times: user=0.02 sys=0.01, real=0.00 secs] 
2014-07-28T20:01:47.266+0000: 1669.644: [GC [PSYoungGen: 92530K->224K(91136K)] 242516K->150257K(778112K), 0.0045540 secs] [Times: user=0.03 sys=0.00, real=0.00 secs] 
2014-07-28T20:01:47.909+0000: 1670.287: [GC [PSYoungGen: 91097K->320K(90048K)] 241131K->150385K(777024K), 0.0063110 secs] [Times: user=0.03 sys=0.01, real=0.01 secs] 
2014-07-28T20:01:48.542+0000: 1670.920: [GC [PSYoungGen: 90048K->352K(88960K)] 240113K->150481K(775936K), 0.0072210 secs] [Times: user=0.04 sys=0.00, real=0.01 secs] 
2014-07-28T20:01:49.169+0000: 1671.546: [GC [PSYoungGen: 88928K->402K(87936K)] 239057K->150596K(774912K), 0.0044670 secs] [Times: user=0.02 sys=0.01, real=0.01 secs] 
2014-07-28T20:01:49.788+0000: 1672.166: [GC [PSYoungGen: 87890K->448K(86848K)] 238084K->150657K(773824K), 0.0042140 secs] [Times: user=0.02 sys=0.00, real=0.00 secs] 
2014-07-28T20:01:50.396+0000: 1672.774: [GC [PSYoungGen: 86848K->320K(85696K)] 237057K->150609K(772672K), 0.0046350 secs] [Times: user=0.03 sys=0.00, real=0.00 secs] 
2014-07-28T20:01:51.004+0000: 1673.381: [GC [PSYoungGen: 85696K->256K(84608K)] 235985K->150601K(771584K), 0.0030650 secs] [Times: user=0.02 sys=0.00, real=0.00 secs] 
2014-07-28T20:01:51.601+0000: 1673.978: [GC [PSYoungGen: 84608K->256K(83584K)] 234953K->150641K(770560K), 0.0058850 secs] [Times: user=0.03 sys=0.00, real=0.01 secs] 
2014-07-28T20:01:52.188+0000: 1674.566: [GC [PSYoungGen: 83584K->434K(82816K)] 233969K->150892K(769792K), 0.0046690 secs] [Times: user=0.02 sys=0.00, real=0.01 secs] 
2014-07-28T20:01:52.771+0000: 1675.149: [GC [PSYoungGen: 82802K->352K(81792K)] 233260K->150857K(768768K), 0.0057210 secs] [Times: user=0.03 sys=0.00, real=0.01 secs] 
2014-07-28T20:01:53.344+0000: 1675.722: [GC [PSYoungGen: 81760K->416K(80896K)] 232265K->151001K(767872K), 0.0043530 secs] [Times: user=0.03 sys=0.00, real=0.01 secs] 
2014-07-28T20:01:53.910+0000: 1676.288: [GC [PSYoungGen: 80864K->352K(79936K)] 231449K->150993K(766912K), 0.0050250 secs] [Times: user=0.03 sys=0.00, real=0.01 secs] 
2014-07-28T20:01:54.474+0000: 1676.852: [GC [PSYoungGen: 79904K->384K(79040K)] 230545K->151105K(766016K), 0.0041550 secs] [Times: user=0.02 sys=0.01, real=0.01 secs] 
2014-07-28T20:01:55.027+0000: 1677.405: [GC [PSYoungGen: 79040K->384K(78144K)] 229761K->151201K(765120K), 0.0066580 secs] [Times: user=0.04 sys=0.00, real=0.00 secs] 
2014-07-28T20:01:55.574+0000: 1677.952: [GC [PSYoungGen: 78144K->416K(77312K)] 228961K->151265K(764288K), 0.0041270 secs] [Times: user=0.02 sys=0.00, real=0.00 secs] 
2014-07-28T20:01:56.118+0000: 1678.496: [GC [PSYoungGen: 77251K->242K(76288K)] 228101K->151172K(763264K), 0.0058190 secs] [Times: user=0.03 sys=0.00, real=0.01 secs] 
2014-07-28T20:01:56.654+0000: 1679.032: [GC [PSYoungGen: 76266K->480K(75712K)] 227196K->151417K(762688K), 0.0059760 secs] [Times: user=0.04 sys=0.00, real=0.01 secs] 
2014-07-28T20:01:57.184+0000: 1679.562: [GC [PSYoungGen: 75680K->320K(74688K)] 226617K->151353K(761664K), 0.0047620 secs] [Times: user=0.02 sys=0.00, real=0.01 secs] 
2014-07-28T20:01:57.713+0000: 1680.091: [GC [PSYoungGen: 74688K->320K(89600K)] 225721K->151401K(776576K), 0.0078360 secs] [Times: user=0.05 sys=0.01, real=0.01 secs] 
2014-07-28T20:01:58.343+0000: 1680.721: [GC [PSYoungGen: 89600K->384K(107520K)] 240681K->151529K(794496K), 0.0089750 secs] [Times: user=0.05 sys=0.00, real=0.01 secs] 
2014-07-28T20:01:59.106+0000: 1681.484: [GC [PSYoungGen: 107520K->320K(128896K)] 258665K->151513K(815872K), 0.0054290 secs] [Times: user=0.03 sys=0.00, real=0.00 secs] 
2014-07-28T20:02:00.015+0000: 1682.393: [GC [PSYoungGen: 128896K->416K(126912K)] 280089K->151657K(813888K), 0.0057950 secs] [Times: user=0.04 sys=0.01, real=0.00 secs] 
2014-07-28T20:02:00.908+0000: 1683.286: [GC [PSYoungGen: 126880K->256K(124672K)] 278121K->151561K(811648K), 0.0068830 secs] [Times: user=0.03 sys=0.00, real=0.01 secs] 
2014-07-28T20:02:01.791+0000: 1684.169: [GC [PSYoungGen: 124672K->288K(122752K)] 275977K->151657K(809728K), 0.0075030 secs] [Times: user=0.05 sys=0.01, real=0.01 secs] 
2014-07-28T20:02:02.656+0000: 1685.034: [GC [PSYoungGen: 122686K->352K(120896K)] 274056K->151801K(807872K), 0.0081510 secs] [Times: user=0.05 sys=0.00, real=0.00 secs] 
2014-07-28T20:02:03.506+0000: 1685.884: [GC [PSYoungGen: 120822K->320K(118976K)] 272272K->151849K(805952K), 0.0057360 secs] [Times: user=0.04 sys=0.00, real=0.00 secs] 
2014-07-28T20:02:04.341+0000: 1686.719: [GC [PSYoungGen: 118976K->256K(117056K)] 270505K->151833K(804032K), 0.0072380 secs] [Times: user=0.04 sys=0.00, real=0.01 secs] 
2014-07-28T20:02:05.168+0000: 1687.545: [GC [PSYoungGen: 117056K->224K(115264K)] 268633K->151849K(802240K), 0.0052360 secs] [Times: user=0.02 sys=0.00, real=0.00 secs] 
2014-07-28T20:02:05.983+0000: 1688.361: [GC [PSYoungGen: 115232K->416K(113728K)] 266857K->152073K(800704K), 0.0037950 secs] [Times: user=0.03 sys=0.00, real=0.01 secs] 
2014-07-28T20:02:06.783+0000: 1689.161: [GC [PSYoungGen: 113696K->370K(111936K)] 265353K->152100K(798912K), 0.0068660 secs] [Times: user=0.04 sys=0.00, real=0.01 secs] 
2014-07-28T20:02:07.573+0000: 1689.951: [GC [PSYoungGen: 111922K->256K(110144K)] 263652K->152049K(797120K), 0.0041310 secs] [Times: user=0.02 sys=0.00, real=0.01 secs] 
2014-07-28T20:02:08.351+0000: 1690.729: [GC [PSYoungGen: 110144K->384K(108672K)] 261937K->152249K(795648K), 0.0060860 secs] [Times: user=0.03 sys=0.00, real=0.01 secs] 
2014-07-28T20:02:09.120+0000: 1691.498: [GC [PSYoungGen: 108672K->448K(107136K)] 260537K->152401K(794112K), 0.0044360 secs] [Times: user=0.03 sys=0.00, real=0.00 secs] 
2014-07-28T20:02:09.873+0000: 1692.251: [GC [PSYoungGen: 107136K->256K(105408K)] 259089K->152265K(792384K), 0.0064300 secs] [Times: user=0.04 sys=0.00, real=0.01 secs] 
2014-07-28T20:02:10.616+0000: 1692.994: [GC [PSYoungGen: 105408K->320K(104000K)] 257417K->152385K(790976K), 0.0046030 secs] [Times: user=0.03 sys=0.00, real=0.01 secs] 
2014-07-28T20:02:11.352+0000: 1693.729: [GC [PSYoungGen: 104000K->320K(102528K)] 256065K->152465K(789504K), 0.0073440 secs] [Times: user=0.05 sys=0.00, real=0.01 secs] 
2014-07-28T20:02:12.074+0000: 1694.452: [GC [PSYoungGen: 102528K->320K(101120K)] 254673K->152537K(788096K), 0.0062540 secs] [Times: user=0.04 sys=0.00, real=0.01 secs] 
2014-07-28T20:02:12.785+0000: 1695.163: [GC [PSYoungGen: 101120K->352K(99776K)] 253337K->152649K(786752K), 0.0040090 secs] [Times: user=0.03 sys=0.00, real=0.01 secs] 
2014-07-28T20:02:13.490+0000: 1695.867: [GC [PSYoungGen: 99729K->320K(98368K)] 252027K->152689K(785344K), 0.0048480 secs] [Times: user=0.03 sys=0.00, real=0.00 secs] 
2014-07-28T20:02:14.183+0000: 1696.561: [GC [PSYoungGen: 98368K->320K(97024K)] 250737K->152769K(784000K), 0.0074220 secs] [Times: user=0.05 sys=0.00, real=0.01 secs] 
2014-07-28T20:02:14.868+0000: 1697.245: [GC [PSYoungGen: 97024K->256K(95680K)] 249473K->152729K(782656K), 0.0085110 secs] [Times: user=0.05 sys=0.00, real=0.00 secs] 
2014-07-28T20:02:15.543+0000: 1697.921: [GC [PSYoungGen: 95680K->416K(94592K)] 248153K->152961K(781568K), 0.0090800 secs] [Times: user=0.05 sys=0.00, real=0.01 secs] 
2014-07-28T20:02:16.209+0000: 1698.587: [GC [PSYoungGen: 94552K->402K(93376K)] 247098K->153028K(780352K), 0.0049150 secs] [Times: user=0.02 sys=0.00, real=0.00 secs] 
2014-07-28T20:02:16.868+0000: 1699.246: [GC [PSYoungGen: 93330K->192K(91904K)] 245956K->152897K(778880K), 0.0042770 secs] [Times: user=0.03 sys=0.00, real=0.00 secs] 
2014-07-28T20:02:17.518+0000: 1699.896: [GC [PSYoungGen: 91904K->448K(91008K)] 244609K->153225K(777984K), 0.0079270 secs] [Times: user=0.05 sys=0.00, real=0.00 secs] 
2014-07-28T20:02:18.159+0000: 1700.537: [GC [PSYoungGen: 91008K->256K(89664K)] 243785K->153097K(776640K), 0.0052400 secs] [Times: user=0.03 sys=0.00, real=0.00 secs] 
2014-07-28T20:02:18.789+0000: 1701.167: [GC [PSYoungGen: 89664K->480K(88832K)] 242505K->153353K(775808K), 0.0047780 secs] [Times: user=0.03 sys=0.00, real=0.00 secs] 
2014-07-28T20:02:19.412+0000: 1701.790: [GC [PSYoungGen: 88782K->288K(87552K)] 241656K->153225K(774528K), 0.0044110 secs] [Times: user=0.03 sys=0.00, real=0.00 secs] 
2014-07-28T20:02:20.027+0000: 1702.405: [GC [PSYoungGen: 87517K->466K(86656K)] 240455K->153476K(773632K), 0.0053820 secs] [Times: user=0.03 sys=0.00, real=0.01 secs] 
2014-07-28T20:02:20.635+0000: 1703.013: [GC [PSYoungGen: 86609K->320K(85440K)] 239619K->153369K(772416K), 0.0079770 secs] [Times: user=0.05 sys=0.00, real=0.01 secs] 
2014-07-28T20:02:21.236+0000: 1703.614: [GC [PSYoungGen: 85440K->370K(84480K)] 238489K->153492K(771456K), 0.0060160 secs] [Times: user=0.03 sys=0.00, real=0.01 secs] 
2014-07-28T20:02:21.832+0000: 1704.210: [GC [PSYoungGen: 84466K->224K(83328K)] 237588K->153377K(770304K), 0.0057790 secs] [Times: user=0.04 sys=0.01, real=0.01 secs] 
2014-07-28T20:02:22.418+0000: 1704.796: [GC [PSYoungGen: 83296K->352K(82496K)] 236449K->153577K(769472K), 0.0028670 secs] [Times: user=0.00 sys=0.01, real=0.01 secs] 
2014-07-28T20:02:23.001+0000: 1705.379: [GC [PSYoungGen: 82464K->338K(81536K)] 235689K->153636K(768512K), 0.0063920 secs] [Times: user=0.05 sys=0.00, real=0.00 secs] 
2014-07-28T20:02:23.574+0000: 1705.952: [GC [PSYoungGen: 81489K->352K(80576K)] 234787K->153689K(767552K), 0.0044250 secs] [Times: user=0.03 sys=0.00, real=0.01 secs] 
2014-07-28T20:02:24.142+0000: 1706.520: [GC [PSYoungGen: 80544K->320K(79616K)] 233881K->153777K(766592K), 0.0040950 secs] [Times: user=0.02 sys=0.00, real=0.00 secs] 
2014-07-28T20:02:24.704+0000: 1707.082: [GC [PSYoungGen: 79616K->256K(78656K)] 233073K->153737K(765632K), 0.0037120 secs] [Times: user=0.02 sys=0.01, real=0.00 secs] 
2014-07-28T20:02:25.256+0000: 1707.634: [GC [PSYoungGen: 78656K->352K(77888K)] 232137K->153913K(764864K), 0.0044240 secs] [Times: user=0.02 sys=0.01, real=0.01 secs] 
2014-07-28T20:02:25.804+0000: 1708.182: [GC [PSYoungGen: 77856K->320K(76992K)] 231417K->153929K(763968K), 0.0062770 secs] [Times: user=0.03 sys=0.01, real=0.01 secs] 
2014-07-28T20:02:26.346+0000: 1708.724: [GC [PSYoungGen: 76992K->224K(76096K)] 230601K->153881K(763072K), 0.0077880 secs] [Times: user=0.05 sys=0.00, real=0.01 secs] 
2014-07-28T20:02:26.884+0000: 1709.262: [GC [PSYoungGen: 76064K->256K(75264K)] 229721K->153969K(762240K), 0.0046510 secs] [Times: user=0.02 sys=0.00, real=0.00 secs] 
2014-07-28T20:02:27.412+0000: 1709.790: [GC [PSYoungGen: 75264K->448K(74624K)] 228977K->154233K(761600K), 0.0059120 secs] [Times: user=0.03 sys=0.00, real=0.00 secs] 
2014-07-28T20:02:27.936+0000: 1710.314: [GC [PSYoungGen: 74624K->288K(73728K)] 228409K->154129K(760704K), 0.0043010 secs] [Times: user=0.02 sys=0.00, real=0.01 secs] 
2014-07-28T20:02:28.456+0000: 1710.834: [GC [PSYoungGen: 73696K->256K(88384K)] 227537K->154137K(775360K), 0.0142160 secs] [Times: user=0.08 sys=0.00, real=0.02 secs] 
2014-07-28T20:02:29.083+0000: 1711.461: [GC [PSYoungGen: 88384K->384K(106176K)] 242265K->154345K(793152K), 0.0072680 secs] [Times: user=0.05 sys=0.00, real=0.01 secs] 
2014-07-28T20:02:29.828+0000: 1712.206: [GC [PSYoungGen: 106176K->256K(127232K)] 260137K->154257K(814208K), 0.0044780 secs] [Times: user=0.03 sys=0.00, real=0.01 secs] 
2014-07-28T20:02:30.727+0000: 1713.105: [GC [PSYoungGen: 127232K->224K(152640K)] 281233K->154281K(839616K), 0.0092360 secs] [Times: user=0.06 sys=0.00, real=0.01 secs] 
2014-07-28T20:02:31.809+0000: 1714.187: [GC [PSYoungGen: 152608K->384K(149952K)] 306665K->154513K(836928K), 0.0042000 secs] [Times: user=0.03 sys=0.00, real=0.01 secs] 
2014-07-28T20:02:32.874+0000: 1715.252: [GC [PSYoungGen: 149952K->384K(147264K)] 304081K->154593K(834240K), 0.0051590 secs] [Times: user=0.03 sys=0.01, real=0.00 secs] 
2014-07-28T20:02:33.917+0000: 1716.295: [GC [PSYoungGen: 147264K->224K(144512K)] 301473K->154481K(831488K), 0.0044780 secs] [Times: user=0.03 sys=0.00, real=0.01 secs] 
2014-07-28T20:02:34.941+0000: 1717.319: [GC [PSYoungGen: 144480K->320K(142016K)] 298737K->154633K(828992K), 0.0061240 secs] [Times: user=0.03 sys=0.00, real=0.00 secs] 
2014-07-28T20:02:35.942+0000: 1718.320: [GC [PSYoungGen: 142016K->416K(139648K)] 296329K->154825K(826624K), 0.0041260 secs] [Times: user=0.03 sys=0.00, real=0.00 secs] 
2014-07-28T20:02:36.927+0000: 1719.305: [GC [PSYoungGen: 139596K->352K(137152K)] 294006K->154833K(824128K), 0.0054140 secs] [Times: user=0.03 sys=0.00, real=0.01 secs] 
2014-07-28T20:02:37.893+0000: 1720.271: [GC [PSYoungGen: 137120K->384K(134784K)] 291601K->154961K(821760K), 0.0061710 secs] [Times: user=0.04 sys=0.00, real=0.00 secs] 
2014-07-28T20:02:38.843+0000: 1721.220: [GC [PSYoungGen: 134784K->384K(132544K)] 289361K->155041K(819520K), 0.0045340 secs] [Times: user=0.03 sys=0.00, real=0.00 secs] 
2014-07-28T20:02:39.777+0000: 1722.155: [GC [PSYoungGen: 132544K->384K(130368K)] 287201K->155113K(817344K), 0.0071660 secs] [Times: user=0.05 sys=0.01, real=0.01 secs] 
2014-07-28T20:02:40.697+0000: 1723.075: [GC [PSYoungGen: 130368K->416K(128256K)] 285097K->155225K(815232K), 0.0061990 secs] [Times: user=0.04 sys=0.00, real=0.01 secs] 
2014-07-28T20:02:41.601+0000: 1723.979: [GC [PSYoungGen: 128224K->384K(126080K)] 283033K->155297K(813056K), 0.0057420 secs] [Times: user=0.04 sys=0.00, real=0.00 secs] 
2014-07-28T20:02:42.492+0000: 1724.870: [GC [PSYoungGen: 126080K->224K(123904K)] 280993K->155185K(810880K), 0.0053350 secs] [Times: user=0.04 sys=0.00, real=0.00 secs] 
2014-07-28T20:02:43.366+0000: 1725.744: [GC [PSYoungGen: 123872K->192K(121856K)] 278833K->155185K(808832K), 0.0052550 secs] [Times: user=0.02 sys=0.00, real=0.01 secs] 
2014-07-28T20:02:44.223+0000: 1726.601: [GC [PSYoungGen: 121856K->448K(120192K)] 276849K->155545K(807168K), 0.0056530 secs] [Times: user=0.04 sys=0.00, real=0.00 secs] 
2014-07-28T20:02:45.070+0000: 1727.448: [GC [PSYoungGen: 120192K->448K(118336K)] 275289K->155617K(805312K), 0.0034400 secs] [Times: user=0.01 sys=0.01, real=0.01 secs] 
2014-07-28T20:02:45.906+0000: 1728.284: [GC [PSYoungGen: 118299K->320K(116416K)] 273469K->155553K(803392K), 0.0036700 secs] [Times: user=0.02 sys=0.00, real=0.00 secs] 
2014-07-28T20:02:46.722+0000: 1729.100: [GC [PSYoungGen: 116403K->320K(114624K)] 271637K->155601K(801600K), 0.0056670 secs] [Times: user=0.03 sys=0.00, real=0.00 secs] 
2014-07-28T20:02:47.533+0000: 1729.911: [GC [PSYoungGen: 114624K->352K(112960K)] 269905K->155713K(799936K), 0.0058030 secs] [Times: user=0.03 sys=0.00, real=0.00 secs] 
2014-07-28T20:02:48.330+0000: 1730.708: [GC [PSYoungGen: 112928K->288K(111232K)] 268289K->155705K(798208K), 0.0066530 secs] [Times: user=0.04 sys=0.00, real=0.01 secs] 
2014-07-28T20:02:49.117+0000: 1731.495: [GC [PSYoungGen: 111200K->352K(109632K)] 266617K->155833K(796608K), 0.0068800 secs] [Times: user=0.04 sys=0.00, real=0.01 secs] 
2014-07-28T20:02:49.890+0000: 1732.268: [GC [PSYoungGen: 109576K->370K(108032K)] 265058K->155908K(795008K), 0.0060520 secs] [Times: user=0.04 sys=0.00, real=0.01 secs] 
2014-07-28T20:02:50.649+0000: 1733.027: [GC [PSYoungGen: 107988K->256K(106368K)] 263526K->155841K(793344K), 0.0055860 secs] [Times: user=0.03 sys=0.00, real=0.01 secs] 
2014-07-28T20:02:51.398+0000: 1733.776: [GC [PSYoungGen: 106368K->384K(104960K)] 261953K->156057K(791936K), 0.0051980 secs] [Times: user=0.03 sys=0.00, real=0.01 secs] 
2014-07-28T20:02:52.136+0000: 1734.514: [GC [PSYoungGen: 104960K->352K(103488K)] 260633K->156113K(790464K), 0.0060740 secs] [Times: user=0.03 sys=0.01, real=0.00 secs] 
2014-07-28T20:02:52.864+0000: 1735.242: [GC [PSYoungGen: 103456K->320K(101952K)] 259217K->156121K(788928K), 0.0070310 secs] [Times: user=0.04 sys=0.00, real=0.00 secs] 
2014-07-28T20:02:53.584+0000: 1735.962: [GC [PSYoungGen: 101952K->416K(100672K)] 257753K->156305K(787648K), 0.0052110 secs] [Times: user=0.04 sys=0.00, real=0.00 secs] 
2014-07-28T20:02:54.295+0000: 1736.673: [GC [PSYoungGen: 100639K->288K(99200K)] 256529K->156249K(786176K), 0.0038150 secs] [Times: user=0.02 sys=0.00, real=0.00 secs] 
2014-07-28T20:02:54.993+0000: 1737.371: [GC [PSYoungGen: 99168K->288K(97856K)] 255129K->156289K(784832K), 0.0056810 secs] [Times: user=0.03 sys=0.00, real=0.00 secs] 
2014-07-28T20:02:55.682+0000: 1738.060: [GC [PSYoungGen: 97824K->320K(96576K)] 253825K->156369K(783552K), 0.0054960 secs] [Times: user=0.02 sys=0.00, real=0.01 secs] 
2014-07-28T20:02:56.367+0000: 1738.744: [GC [PSYoungGen: 96576K->352K(95360K)] 252625K->156489K(782336K), 0.0052920 secs] [Times: user=0.04 sys=0.00, real=0.00 secs] 
2014-07-28T20:02:57.038+0000: 1739.416: [GC [PSYoungGen: 95328K->352K(94144K)] 251465K->156569K(781120K), 0.0061460 secs] [Times: user=0.03 sys=0.00, real=0.01 secs] 
2014-07-28T20:02:57.697+0000: 1740.075: [GC [PSYoungGen: 94112K->320K(92864K)] 250329K->156585K(779840K), 0.0051880 secs] [Times: user=0.03 sys=0.00, real=0.00 secs] 
2014-07-28T20:02:58.356+0000: 1740.734: [GC [PSYoungGen: 92855K->384K(91712K)] 249121K->156737K(778688K), 0.0052260 secs] [Times: user=0.03 sys=0.00, real=0.00 secs] 
2014-07-28T20:02:59.001+0000: 1741.379: [GC [PSYoungGen: 91710K->480K(90688K)] 248064K->156929K(777664K), 0.0066250 secs] [Times: user=0.04 sys=0.00, real=0.01 secs] 
2014-07-28T20:02:59.636+0000: 1742.014: [GC [PSYoungGen: 90606K->192K(89216K)] 247056K->156721K(776192K), 0.0087770 secs] [Times: user=0.04 sys=0.01, real=0.01 secs] 
2014-07-28T20:03:00.265+0000: 1742.643: [GC [PSYoungGen: 89216K->288K(107200K)] 245745K->156881K(794176K), 0.0074750 secs] [Times: user=0.05 sys=0.00, real=0.00 secs] 
2014-07-28T20:03:01.023+0000: 1743.401: [GC [PSYoungGen: 107168K->256K(128512K)] 263761K->156857K(815488K), 0.0100950 secs] [Times: user=0.03 sys=0.00, real=0.01 secs] 
2014-07-28T20:03:01.931+0000: 1744.309: [GC [PSYoungGen: 128512K->352K(126528K)] 285113K->157025K(813504K), 0.0056350 secs] [Times: user=0.03 sys=0.01, real=0.01 secs] 
2014-07-28T20:03:02.827+0000: 1745.205: [GC [PSYoungGen: 126496K->416K(124544K)] 283169K->157161K(811520K), 0.0055350 secs] [Times: user=0.03 sys=0.00, real=0.00 secs] 
2014-07-28T20:03:03.705+0000: 1746.083: [GC [PSYoungGen: 124512K->416K(122560K)] 281257K->157241K(809536K), 0.0077950 secs] [Times: user=0.05 sys=0.00, real=0.00 secs] 
2014-07-28T20:03:04.566+0000: 1746.944: [GC [PSYoungGen: 122528K->192K(120384K)] 279353K->157169K(807360K), 0.0051190 secs] [Times: user=0.02 sys=0.01, real=0.00 secs] 
2014-07-28T20:03:05.423+0000: 1747.801: [GC [PSYoungGen: 120384K->384K(118720K)] 277361K->157433K(805696K), 0.0045840 secs] [Times: user=0.02 sys=0.00, real=0.01 secs] 
2014-07-28T20:03:06.264+0000: 1748.642: [GC [PSYoungGen: 118720K->320K(116800K)] 275769K->157441K(803776K), 0.0046560 secs] [Times: user=0.03 sys=0.00, real=0.01 secs] 
2014-07-28T20:03:07.088+0000: 1749.466: [GC [PSYoungGen: 116800K->416K(115136K)] 273921K->157593K(802112K), 0.0062450 secs] [Times: user=0.04 sys=0.00, real=0.00 secs] 
2014-07-28T20:03:07.897+0000: 1750.275: [GC [PSYoungGen: 115104K->320K(113280K)] 272281K->157609K(800256K), 0.0064100 secs] [Times: user=0.04 sys=0.00, real=0.00 secs] 
2014-07-28T20:03:08.694+0000: 1751.072: [GC [PSYoungGen: 113280K->416K(111744K)] 270569K->157793K(798720K), 0.0042000 secs] [Times: user=0.02 sys=0.00, real=0.01 secs] 
2014-07-28T20:03:09.492+0000: 1751.870: [GC [PSYoungGen: 111712K->288K(109952K)] 269089K->157729K(796928K), 0.0064290 secs] [Times: user=0.04 sys=0.00, real=0.01 secs] 
2014-07-28T20:03:10.257+0000: 1752.635: [GC [PSYoungGen: 109920K->288K(108352K)] 267361K->157793K(795328K), 0.0081730 secs] [Times: user=0.05 sys=0.00, real=0.01 secs] 
2014-07-28T20:03:11.022+0000: 1753.400: [GC [PSYoungGen: 108320K->256K(106752K)] 265825K->157785K(793728K), 0.0050770 secs] [Times: user=0.02 sys=0.00, real=0.01 secs] 
2014-07-28T20:03:11.775+0000: 1754.153: [GC [PSYoungGen: 106752K->288K(105280K)] 264281K->157881K(792256K), 0.0030760 secs] [Times: user=0.02 sys=0.00, real=0.00 secs] 
2014-07-28T20:03:12.516+0000: 1754.894: [GC [PSYoungGen: 105248K->288K(103808K)] 262841K->157953K(790784K), 0.0038550 secs] [Times: user=0.03 sys=0.00, real=0.00 secs] 
2014-07-28T20:03:13.247+0000: 1755.625: [GC [PSYoungGen: 103776K->256K(102272K)] 261441K->157953K(789248K), 0.0059480 secs] [Times: user=0.02 sys=0.00, real=0.00 secs] 
2014-07-28T20:03:13.967+0000: 1756.345: [GC [PSYoungGen: 102272K->384K(100992K)] 259969K->158105K(787968K), 0.0061390 secs] [Times: user=0.05 sys=0.00, real=0.00 secs] 
2014-07-28T20:03:14.682+0000: 1757.060: [GC [PSYoungGen: 100992K->384K(99584K)] 258713K->158185K(786560K), 0.0077450 secs] [Times: user=0.05 sys=0.00, real=0.01 secs] 
2014-07-28T20:03:15.381+0000: 1757.759: [GC [PSYoungGen: 99584K->320K(98176K)] 257385K->158217K(785152K), 0.0062920 secs] [Times: user=0.04 sys=0.01, real=0.01 secs] 
2014-07-28T20:03:16.078+0000: 1758.456: [GC [PSYoungGen: 98176K->352K(96896K)] 256073K->158313K(783872K), 0.0092030 secs] [Times: user=0.07 sys=0.00, real=0.01 secs] 
2014-07-28T20:03:16.763+0000: 1759.141: [GC [PSYoungGen: 96864K->352K(95616K)] 254825K->158377K(782592K), 0.0066100 secs] [Times: user=0.04 sys=0.00, real=0.01 secs] 
2014-07-28T20:03:17.438+0000: 1759.816: [GC [PSYoungGen: 95584K->352K(114688K)] 253609K->158425K(801664K), 0.0102760 secs] [Times: user=0.06 sys=0.00, real=0.01 secs] 
2014-07-28T20:03:18.246+0000: 1760.624: [GC [PSYoungGen: 114655K->306K(112896K)] 272729K->158460K(799872K), 0.0060370 secs] [Times: user=0.04 sys=0.00, real=0.01 secs] 
2014-07-28T20:03:19.045+0000: 1761.423: [GC [PSYoungGen: 112882K->288K(111232K)] 271036K->158465K(798208K), 0.0077190 secs] [Times: user=0.05 sys=0.01, real=0.01 secs] 
2014-07-28T20:03:19.830+0000: 1762.208: [GC [PSYoungGen: 111200K->448K(109696K)] 269377K->158721K(796672K), 0.0041000 secs] [Times: user=0.03 sys=0.00, real=0.00 secs] 
2014-07-28T20:03:20.600+0000: 1762.978: [GC [PSYoungGen: 109696K->448K(108096K)] 267969K->158809K(795072K), 0.0038320 secs] [Times: user=0.02 sys=0.01, real=0.00 secs] 
2014-07-28T20:03:21.368+0000: 1763.746: [GC [PSYoungGen: 108096K->192K(106304K)] 266457K->158673K(793280K), 0.0049110 secs] [Times: user=0.03 sys=0.00, real=0.00 secs] 
2014-07-28T20:03:22.112+0000: 1764.490: [GC [PSYoungGen: 106257K->416K(105024K)] 264739K->158993K(792000K), 0.0054480 secs] [Times: user=0.04 sys=0.00, real=0.01 secs] 
2014-07-28T20:03:22.852+0000: 1765.230: [GC [PSYoungGen: 104992K->352K(103488K)] 263569K->158993K(790464K), 0.0044820 secs] [Times: user=0.03 sys=0.00, real=0.00 secs] 
2014-07-28T20:03:23.582+0000: 1765.960: [GC [PSYoungGen: 103456K->320K(101952K)] 262097K->159017K(788928K), 0.0081460 secs] [Times: user=0.05 sys=0.00, real=0.01 secs] 
2014-07-28T20:03:24.302+0000: 1766.680: [GC [PSYoungGen: 101952K->370K(100608K)] 260649K->159148K(787584K), 0.0049990 secs] [Times: user=0.04 sys=0.00, real=0.01 secs] 
2014-07-28T20:03:25.009+0000: 1767.387: [GC [PSYoungGen: 100594K->448K(99328K)] 259372K->159297K(786304K), 0.0052200 secs] [Times: user=0.03 sys=0.00, real=0.00 secs] 
2014-07-28T20:03:25.711+0000: 1768.089: [GC [PSYoungGen: 99328K->256K(97792K)] 258177K->159217K(784768K), 0.0046780 secs] [Times: user=0.03 sys=0.00, real=0.00 secs] 
2014-07-28T20:03:26.401+0000: 1768.779: [GC [PSYoungGen: 97792K->224K(96512K)] 256753K->159241K(783488K), 0.0080400 secs] [Times: user=0.05 sys=0.00, real=0.01 secs] 
2014-07-28T20:03:27.081+0000: 1769.459: [GC [PSYoungGen: 96480K->498K(95488K)] 255497K->159620K(782464K), 0.0056340 secs] [Times: user=0.04 sys=0.01, real=0.00 secs] 
2014-07-28T20:03:27.748+0000: 1770.126: [GC [PSYoungGen: 95474K->288K(94080K)] 254596K->159449K(781056K), 0.0077500 secs] [Times: user=0.05 sys=0.00, real=0.00 secs] 
2014-07-28T20:03:28.413+0000: 1770.791: [GC [PSYoungGen: 94048K->338K(92928K)] 253209K->159556K(779904K), 0.0057260 secs] [Times: user=0.04 sys=0.00, real=0.01 secs] 
2014-07-28T20:03:29.066+0000: 1771.444: [GC [PSYoungGen: 92882K->320K(91648K)] 252100K->159609K(778624K), 0.0061890 secs] [Times: user=0.04 sys=0.00, real=0.01 secs] 
2014-07-28T20:03:29.716+0000: 1772.094: [GC [PSYoungGen: 91648K->224K(90432K)] 250937K->159545K(777408K), 0.0048130 secs] [Times: user=0.03 sys=0.00, real=0.01 secs] 
2014-07-28T20:03:30.352+0000: 1772.730: [GC [PSYoungGen: 90360K->416K(89472K)] 249682K->159833K(776448K), 0.0041590 secs] [Times: user=0.02 sys=0.00, real=0.00 secs] 
2014-07-28T20:03:30.980+0000: 1773.358: [GC [PSYoungGen: 89440K->352K(88320K)] 248857K->159849K(775296K), 0.0068150 secs] [Times: user=0.04 sys=0.00, real=0.00 secs] 
2014-07-28T20:03:31.597+0000: 1773.975: [GC [PSYoungGen: 88238K->384K(87232K)] 247736K->159929K(774208K), 0.0025570 secs] [Times: user=0.02 sys=0.00, real=0.01 secs] 
2014-07-28T20:03:32.211+0000: 1774.588: [GC [PSYoungGen: 87232K->434K(86208K)] 246777K->160076K(773184K), 0.0059090 secs] [Times: user=0.04 sys=0.01, real=0.00 secs] 
2014-07-28T20:03:32.817+0000: 1775.195: [GC [PSYoungGen: 86194K->352K(85120K)] 245836K->160017K(772096K), 0.0071060 secs] [Times: user=0.04 sys=0.00, real=0.01 secs] 
2014-07-28T20:03:33.415+0000: 1775.793: [GC [PSYoungGen: 85088K->352K(84096K)] 244753K->160089K(771072K), 0.0076150 secs] [Times: user=0.05 sys=0.00, real=0.01 secs] 
2014-07-28T20:03:34.006+0000: 1776.384: [GC [PSYoungGen: 84039K->384K(83072K)] 243777K->160185K(770048K), 0.0060260 secs] [Times: user=0.03 sys=0.00, real=0.01 secs] 
2014-07-28T20:03:34.591+0000: 1776.968: [GC [PSYoungGen: 83072K->256K(81984K)] 242873K->160089K(768960K), 0.0036400 secs] [Times: user=0.02 sys=0.00, real=0.00 secs] 
2014-07-28T20:03:35.170+0000: 1777.548: [GC [PSYoungGen: 81974K->224K(81024K)] 241808K->160113K(768000K), 0.0045020 secs] [Times: user=0.03 sys=0.00, real=0.00 secs] 
2014-07-28T20:03:35.745+0000: 1778.123: [GC [PSYoungGen: 80992K->512K(80320K)] 240881K->160425K(767296K), 0.0060940 secs] [Times: user=0.04 sys=0.00, real=0.01 secs] 
2014-07-28T20:03:36.314+0000: 1778.692: [GC [PSYoungGen: 80320K->352K(79296K)] 240233K->160345K(766272K), 0.0057710 secs] [Times: user=0.03 sys=0.00, real=0.01 secs] 
2014-07-28T20:03:36.871+0000: 1779.249: [GC [PSYoungGen: 79264K->256K(78272K)] 239257K->160297K(765248K), 0.0054470 secs] [Times: user=0.02 sys=0.00, real=0.00 secs] 
2014-07-28T20:03:37.422+0000: 1779.800: [GC [PSYoungGen: 78272K->448K(77568K)] 238313K->160577K(764544K), 0.0048070 secs] [Times: user=0.02 sys=0.00, real=0.00 secs] 
2014-07-28T20:03:37.966+0000: 1780.344: [GC [PSYoungGen: 77568K->352K(76672K)] 237697K->160569K(763648K), 0.0071850 secs] [Times: user=0.05 sys=0.00, real=0.01 secs] 
2014-07-28T20:03:38.506+0000: 1780.883: [GC [PSYoungGen: 76640K->352K(91968K)] 236857K->160609K(778944K), 0.0082000 secs] [Times: user=0.06 sys=0.00, real=0.01 secs] 
2014-07-28T20:03:39.156+0000: 1781.534: [GC [PSYoungGen: 91936K->448K(110400K)] 252193K->160809K(797376K), 0.0049710 secs] [Times: user=0.03 sys=0.00, real=0.01 secs] 
2014-07-28T20:03:39.932+0000: 1782.310: [GC [PSYoungGen: 110381K->434K(132416K)] 270743K->160812K(819392K), 0.0077850 secs] [Times: user=0.05 sys=0.00, real=0.01 secs] 
2014-07-28T20:03:40.871+0000: 1783.249: [GC [PSYoungGen: 132375K->320K(130112K)] 292753K->160777K(817088K), 0.0068340 secs] [Times: user=0.04 sys=0.00, real=0.00 secs] 
2014-07-28T20:03:41.793+0000: 1784.171: [GC [PSYoungGen: 130112K->224K(127936K)] 290569K->160729K(814912K), 0.0038580 secs] [Times: user=0.02 sys=0.00, real=0.00 secs] 
2014-07-28T20:03:42.699+0000: 1785.077: [GC [PSYoungGen: 127904K->384K(125952K)] 288409K->160969K(812928K), 0.0058650 secs] [Times: user=0.04 sys=0.00, real=0.01 secs] 
2014-07-28T20:03:43.591+0000: 1785.969: [GC [PSYoungGen: 125952K->448K(123968K)] 286537K->161113K(810944K), 0.0062580 secs] [Times: user=0.03 sys=0.00, real=0.00 secs] 
2014-07-28T20:03:44.465+0000: 1786.843: [GC [PSYoungGen: 123929K->384K(121920K)] 284595K->161161K(808896K), 0.0036410 secs] [Times: user=0.02 sys=0.00, real=0.00 secs] 
2014-07-28T20:03:45.326+0000: 1787.704: [GC [PSYoungGen: 121920K->320K(119936K)] 282697K->161169K(806912K), 0.0064950 secs] [Times: user=0.04 sys=0.00, real=0.01 secs] 
2014-07-28T20:03:46.173+0000: 1788.551: [GC [PSYoungGen: 119936K->416K(118208K)] 280785K->161337K(805184K), 0.0057250 secs] [Times: user=0.02 sys=0.00, real=0.00 secs] 
2014-07-28T20:03:47.005+0000: 1789.383: [GC [PSYoungGen: 118163K->416K(116416K)] 279085K->161417K(803392K), 0.0042080 secs] [Times: user=0.02 sys=0.01, real=0.00 secs] 
2014-07-28T20:03:47.829+0000: 1790.207: [GC [PSYoungGen: 116384K->320K(114496K)] 277385K->161409K(801472K), 0.0052320 secs] [Times: user=0.03 sys=0.00, real=0.01 secs] 
2014-07-28T20:03:48.636+0000: 1791.014: [GC [PSYoungGen: 114496K->466K(112960K)] 275585K->161644K(799936K), 0.0043560 secs] [Times: user=0.02 sys=0.00, real=0.00 secs] 
2014-07-28T20:03:49.436+0000: 1791.814: [GC [PSYoungGen: 112914K->384K(111168K)] 274092K->161625K(798144K), 0.0039290 secs] [Times: user=0.02 sys=0.00, real=0.00 secs] 
2014-07-28T20:03:50.216+0000: 1792.594: [GC [PSYoungGen: 111168K->448K(109568K)] 272409K->161785K(796544K), 0.0029760 secs] [Times: user=0.01 sys=0.00, real=0.00 secs] 
2014-07-28T20:03:50.987+0000: 1793.365: [GC [PSYoungGen: 109568K->288K(107840K)] 270905K->161657K(794816K), 0.0042450 secs] [Times: user=0.02 sys=0.00, real=0.01 secs] 
2014-07-28T20:03:51.747+0000: 1794.125: [GC [PSYoungGen: 107808K->352K(106368K)] 269177K->161809K(793344K), 0.0058350 secs] [Times: user=0.03 sys=0.00, real=0.01 secs] 
2014-07-28T20:03:52.496+0000: 1794.874: [GC [PSYoungGen: 106336K->224K(104704K)] 267793K->161729K(791680K), 0.0050440 secs] [Times: user=0.03 sys=0.00, real=0.00 secs] 
2014-07-28T20:03:53.229+0000: 1795.606: [GC [PSYoungGen: 104662K->384K(103360K)] 266168K->161977K(790336K), 0.0067480 secs] [Times: user=0.04 sys=0.00, real=0.01 secs] 
2014-07-28T20:03:53.957+0000: 1796.335: [GC [PSYoungGen: 103360K->320K(101888K)] 264953K->161929K(788864K), 0.0076810 secs] [Times: user=0.04 sys=0.01, real=0.01 secs] 
2014-07-28T20:03:54.675+0000: 1797.053: [GC [PSYoungGen: 101887K->416K(100608K)] 263497K->162073K(787584K), 0.0074240 secs] [Times: user=0.05 sys=0.00, real=0.01 secs] 
2014-07-28T20:03:55.386+0000: 1797.764: [GC [PSYoungGen: 100576K->448K(99264K)] 262233K->162201K(786240K), 0.0058770 secs] [Times: user=0.04 sys=0.00, real=0.01 secs] 
2014-07-28T20:03:56.085+0000: 1798.462: [GC [PSYoungGen: 99264K->256K(118848K)] 261017K->162065K(805824K), 0.0112230 secs] [Times: user=0.07 sys=0.00, real=0.01 secs] 
2014-07-28T20:03:56.922+0000: 1799.300: [GC [PSYoungGen: 118848K->288K(142656K)] 280657K->162129K(829632K), 0.0109850 secs] [Times: user=0.08 sys=0.00, real=0.02 secs] 
2014-07-28T20:03:57.931+0000: 1800.309: [GC [PSYoungGen: 142624K->288K(140160K)] 304465K->162185K(827136K), 0.0044000 secs] [Times: user=0.02 sys=0.00, real=0.01 secs] 
2014-07-28T20:03:58.920+0000: 1801.298: [GC [PSYoungGen: 140128K->192K(137600K)] 302025K->162137K(824576K), 0.0041650 secs] [Times: user=0.02 sys=0.00, real=0.01 secs] 
2014-07-28T20:03:59.893+0000: 1802.271: [GC [PSYoungGen: 137600K->320K(135360K)] 299545K->162337K(822336K), 0.0077870 secs] [Times: user=0.05 sys=0.00, real=0.00 secs] 
2014-07-28T20:04:00.853+0000: 1803.231: [GC [PSYoungGen: 135360K->224K(132992K)] 297377K->162281K(819968K), 0.0025810 secs] [Times: user=0.02 sys=0.00, real=0.00 secs] 
2014-07-28T20:04:01.797+0000: 1804.175: [GC [PSYoungGen: 132942K->256K(130752K)] 295000K->162377K(817728K), 0.0019970 secs] [Times: user=0.01 sys=0.01, real=0.00 secs] 
2014-07-28T20:04:02.727+0000: 1805.105: [GC [PSYoungGen: 130752K->320K(128640K)] 292873K->162505K(815616K), 0.0046220 secs] [Times: user=0.03 sys=0.00, real=0.00 secs] 
2014-07-28T20:04:03.635+0000: 1806.013: [GC [PSYoungGen: 128640K->256K(126464K)] 290825K->162497K(813440K), 0.0044670 secs] [Times: user=0.02 sys=0.00, real=0.00 secs] 
2014-07-28T20:04:04.316+0000: 1806.694: [GC [PSYoungGen: 126464K->384K(124544K)] 288705K->162697K(811520K), 0.0047050 secs] [Times: user=0.02 sys=0.00, real=0.00 secs] 
2014-07-28T20:04:04.883+0000: 1807.261: [GC [PSYoungGen: 124544K->416K(122624K)] 286857K->162785K(809600K), 0.0051840 secs] [Times: user=0.03 sys=0.00, real=0.00 secs] 
2014-07-28T20:04:05.451+0000: 1807.829: [GC [PSYoungGen: 122592K->384K(120640K)] 284961K->162841K(807616K), 0.0036450 secs] [Times: user=0.02 sys=0.00, real=0.01 secs] 
2014-07-28T20:04:05.997+0000: 1808.375: [GC [PSYoungGen: 120640K->384K(118784K)] 283097K->162913K(805760K), 0.0031910 secs] [Times: user=0.02 sys=0.00, real=0.00 secs] 
2014-07-28T20:04:06.546+0000: 1808.923: [GC [PSYoungGen: 118784K->448K(116992K)] 281313K->163033K(803968K), 0.0029090 secs] [Times: user=0.02 sys=0.00, real=0.00 secs] 
2014-07-28T20:04:07.092+0000: 1809.470: [GC [PSYoungGen: 116992K->480K(115264K)] 279577K->163137K(802240K), 0.0029280 secs] [Times: user=0.02 sys=0.00, real=0.01 secs] 
2014-07-28T20:04:07.591+0000: 1809.969: [GC [PSYoungGen: 115232K->320K(113344K)] 277889K->163017K(800320K), 0.0026470 secs] [Times: user=0.01 sys=0.00, real=0.00 secs] 
2014-07-28T20:04:08.088+0000: 1810.465: [GC [PSYoungGen: 113343K->224K(111616K)] 276041K->162969K(798592K), 0.0039510 secs] [Times: user=0.02 sys=0.01, real=0.00 secs] 
2014-07-28T20:04:08.579+0000: 1810.957: [GC [PSYoungGen: 111584K->384K(110080K)] 274329K->163153K(797056K), 0.0039600 secs] [Times: user=0.02 sys=0.00, real=0.00 secs] 
2014-07-28T20:04:09.055+0000: 1811.433: [GC [PSYoungGen: 110080K->192K(108288K)] 272849K->162985K(795264K), 0.0032350 secs] [Times: user=0.01 sys=0.00, real=0.00 secs] 
2014-07-28T20:04:09.536+0000: 1811.914: [GC [PSYoungGen: 108288K->320K(106880K)] 271081K->163145K(793856K), 0.0035930 secs] [Times: user=0.02 sys=0.00, real=0.00 secs] 
2014-07-28T20:04:10.007+0000: 1812.385: [GC [PSYoungGen: 106880K->352K(105408K)] 269705K->163257K(792384K), 0.0043370 secs] [Times: user=0.03 sys=0.00, real=0.00 secs] 
2014-07-28T20:04:10.481+0000: 1812.859: [GC [PSYoungGen: 105376K->480K(104064K)] 268281K->163441K(791040K), 0.0027340 secs] [Times: user=0.01 sys=0.00, real=0.01 secs] 
2014-07-28T20:04:10.944+0000: 1813.322: [GC [PSYoungGen: 104032K->352K(102464K)] 266993K->163369K(789440K), 0.0052120 secs] [Times: user=0.02 sys=0.00, real=0.00 secs] 
2014-07-28T20:04:11.393+0000: 1813.771: [GC [PSYoungGen: 102432K->416K(101120K)] 265449K->163489K(788096K), 0.0023320 secs] [Times: user=0.01 sys=0.00, real=0.01 secs] 
2014-07-28T20:04:11.822+0000: 1814.200: [GC [PSYoungGen: 101088K->256K(99520K)] 264161K->163377K(786496K), 0.0058090 secs] [Times: user=0.03 sys=0.01, real=0.01 secs] 
2014-07-28T20:04:12.308+0000: 1814.686: [GC [PSYoungGen: 99520K->256K(98176K)] 262641K->163417K(785152K), 0.0038690 secs] [Times: user=0.02 sys=0.00, real=0.00 secs] 
2014-07-28T20:04:12.774+0000: 1815.152: [GC [PSYoungGen: 98176K->320K(96896K)] 261337K->163545K(783872K), 0.0038570 secs] [Times: user=0.02 sys=0.00, real=0.01 secs] 
2014-07-28T20:04:13.196+0000: 1815.574: [GC [PSYoungGen: 96896K->352K(95680K)] 260121K->163625K(782656K), 0.0037360 secs] [Times: user=0.01 sys=0.01, real=0.00 secs] 
2014-07-28T20:04:13.606+0000: 1815.984: [GC [PSYoungGen: 95648K->160K(94208K)] 258921K->163449K(781184K), 0.0039470 secs] [Times: user=0.01 sys=0.00, real=0.00 secs] 
2014-07-28T20:04:14.005+0000: 1816.383: [GC [PSYoungGen: 94176K->224K(93056K)] 257465K->163553K(780032K), 0.0038900 secs] [Times: user=0.02 sys=0.00, real=0.00 secs] 
2014-07-28T20:04:14.408+0000: 1816.786: [GC [PSYoungGen: 93024K->352K(91968K)] 256353K->163729K(778944K), 0.0026740 secs] [Times: user=0.01 sys=0.00, real=0.00 secs] 
2014-07-28T20:04:14.803+0000: 1817.181: [GC [PSYoungGen: 91936K->352K(90816K)] 255313K->163809K(777792K), 0.0044500 secs] [Times: user=0.02 sys=0.00, real=0.01 secs] 
2014-07-28T20:04:15.189+0000: 1817.566: [GC [PSYoungGen: 90784K->416K(89728K)] 254241K->163945K(776704K), 0.0035630 secs] [Times: user=0.02 sys=0.00, real=0.00 secs] 
2014-07-28T20:04:15.569+0000: 1817.947: [GC [PSYoungGen: 89696K->256K(88448K)] 253225K->163833K(775424K), 0.0038200 secs] [Times: user=0.02 sys=0.00, real=0.00 secs] 
2014-07-28T20:04:15.943+0000: 1818.320: [GC [PSYoungGen: 88448K->352K(106240K)] 252025K->164009K(793216K), 0.0051860 secs] [Times: user=0.02 sys=0.00, real=0.01 secs] 
2014-07-28T20:04:16.394+0000: 1818.772: [GC [PSYoungGen: 106208K->288K(127360K)] 269865K->163977K(814336K), 0.0046320 secs] [Times: user=0.02 sys=0.00, real=0.01 secs] 
2014-07-28T20:04:16.933+0000: 1819.311: [GC [PSYoungGen: 127328K->288K(125312K)] 291017K->164041K(812288K), 0.0046970 secs] [Times: user=0.03 sys=0.00, real=0.01 secs] 
2014-07-28T20:04:17.480+0000: 1819.858: [GC [PSYoungGen: 125280K->192K(123200K)] 289033K->163977K(810176K), 0.0039220 secs] [Times: user=0.02 sys=0.00, real=0.00 secs] 
2014-07-28T20:04:18.004+0000: 1820.382: [GC [PSYoungGen: 123200K->384K(121408K)] 286985K->164265K(808384K), 0.0027520 secs] [Times: user=0.01 sys=0.00, real=0.01 secs] 
2014-07-28T20:04:18.521+0000: 1820.899: [GC [PSYoungGen: 121408K->416K(119552K)] 285289K->164345K(806528K), 0.0025270 secs] [Times: user=0.01 sys=0.00, real=0.00 secs] 
2014-07-28T20:04:19.031+0000: 1821.409: [GC [PSYoungGen: 119520K->480K(117760K)] 283449K->164521K(804736K), 0.0041120 secs] [Times: user=0.02 sys=0.00, real=0.00 secs] 
2014-07-28T20:04:19.517+0000: 1821.894: [GC [PSYoungGen: 117728K->224K(115712K)] 281769K->164297K(802688K), 0.0033070 secs] [Times: user=0.02 sys=0.00, real=0.00 secs] 
2014-07-28T20:04:20.000+0000: 1822.378: [GC [PSYoungGen: 115680K->192K(113920K)] 279753K->164305K(800896K), 0.0067260 secs] [Times: user=0.03 sys=0.00, real=0.01 secs] 
2014-07-28T20:04:20.475+0000: 1822.853: [GC [PSYoungGen: 113920K->224K(112256K)] 278033K->164377K(799232K), 0.0025860 secs] [Times: user=0.01 sys=0.00, real=0.01 secs] 
2014-07-28T20:04:20.943+0000: 1823.321: [GC [PSYoungGen: 112224K->256K(110592K)] 276377K->164465K(797568K), 0.0039780 secs] [Times: user=0.01 sys=0.00, real=0.01 secs] 
2014-07-28T20:04:21.401+0000: 1823.779: [GC [PSYoungGen: 110592K->224K(108992K)] 274801K->164457K(795968K), 0.0042600 secs] [Times: user=0.01 sys=0.00, real=0.00 secs] 
2014-07-28T20:04:21.847+0000: 1824.225: [GC [PSYoungGen: 108960K->480K(131008K)] 273193K->164777K(817984K), 0.0073070 secs] [Times: user=0.04 sys=0.00, real=0.00 secs] 
2014-07-28T20:04:22.408+0000: 1824.785: [GC [PSYoungGen: 130976K->288K(156928K)] 295273K->164625K(843904K), 0.0067010 secs] [Times: user=0.03 sys=0.00, real=0.00 secs] 
2014-07-28T20:04:23.056+0000: 1825.434: [GC [PSYoungGen: 156896K->256K(153920K)] 321233K->164633K(840896K), 0.0044930 secs] [Times: user=0.02 sys=0.00, real=0.00 secs] 
2014-07-28T20:04:23.690+0000: 1826.067: [GC [PSYoungGen: 153919K->352K(151232K)] 318297K->164793K(838208K), 0.0028310 secs] [Times: user=0.01 sys=0.00, real=0.00 secs] 
2014-07-28T20:04:24.294+0000: 1826.672: [GC [PSYoungGen: 151200K->224K(148352K)] 315641K->164705K(835328K), 0.0047600 secs] [Times: user=0.02 sys=0.00, real=0.01 secs] 
2014-07-28T20:04:24.912+0000: 1827.290: [GC [PSYoungGen: 148320K->288K(145728K)] 312801K->164777K(832704K), 0.0030850 secs] [Times: user=0.01 sys=0.00, real=0.00 secs] 
2014-07-28T20:04:25.495+0000: 1827.873: [GC [PSYoungGen: 145696K->320K(143168K)] 310185K->164873K(830144K), 0.0055050 secs] [Times: user=0.03 sys=0.00, real=0.01 secs] 
2014-07-28T20:04:26.089+0000: 1828.467: [GC [PSYoungGen: 143168K->224K(140608K)] 307721K->164809K(827584K), 0.0050500 secs] [Times: user=0.02 sys=0.00, real=0.00 secs] 
2014-07-28T20:04:26.662+0000: 1829.040: [GC [PSYoungGen: 140576K->480K(168960K)] 305161K->165081K(855936K), 0.0099120 secs] [Times: user=0.06 sys=0.00, real=0.01 secs] 
2014-07-28T20:04:27.363+0000: 1829.740: [GC [PSYoungGen: 168928K->320K(165440K)] 333529K->164977K(852416K), 0.0054250 secs] [Times: user=0.02 sys=0.01, real=0.01 secs] 
2014-07-28T20:04:28.027+0000: 1830.405: [GC [PSYoungGen: 165440K->192K(184128K)] 330097K->164873K(871104K), 0.0079960 secs] [Times: user=0.04 sys=0.00, real=0.01 secs] 
2014-07-28T20:04:28.738+0000: 1831.116: [GC [PSYoungGen: 183744K->256K(180032K)] 348425K->164993K(867008K), 0.0030040 secs] [Times: user=0.02 sys=0.00, real=0.00 secs] 
2014-07-28T20:04:29.443+0000: 1831.821: [GC [PSYoungGen: 180032K->384K(176512K)] 344769K->165161K(863488K), 0.0037730 secs] [Times: user=0.01 sys=0.00, real=0.00 secs] 
2014-07-28T20:04:30.113+0000: 1832.491: [GC [PSYoungGen: 176512K->512K(173120K)] 341289K->165393K(860096K), 0.0037700 secs] [Times: user=0.02 sys=0.00, real=0.00 secs] 
2014-07-28T20:04:30.792+0000: 1833.170: [GC [PSYoungGen: 173120K->384K(169536K)] 338001K->165329K(856512K), 0.0036050 secs] [Times: user=0.02 sys=0.00, real=0.00 secs] 
2014-07-28T20:04:31.444+0000: 1833.822: [GC [PSYoungGen: 169536K->224K(166080K)] 334481K->165201K(853056K), 0.0057380 secs] [Times: user=0.03 sys=0.00, real=0.01 secs] 
2014-07-28T20:04:32.080+0000: 1834.458: [GC [PSYoungGen: 166047K->384K(163008K)] 331025K->165449K(849984K), 0.0040440 secs] [Times: user=0.02 sys=0.01, real=0.00 secs] 
2014-07-28T20:04:32.735+0000: 1835.113: [GC [PSYoungGen: 163008K->416K(159936K)] 328073K->165513K(846912K), 0.0043560 secs] [Times: user=0.02 sys=0.00, real=0.01 secs] 
2014-07-28T20:04:33.369+0000: 1835.747: [GC [PSYoungGen: 159904K->256K(156736K)] 325001K->165409K(843712K), 0.0027820 secs] [Times: user=0.01 sys=0.00, real=0.00 secs] 
2014-07-28T20:04:33.973+0000: 1836.351: [GC [PSYoungGen: 156736K->480K(154048K)] 321889K->165705K(841024K), 0.0039340 secs] [Times: user=0.02 sys=0.00, real=0.00 secs] 
2014-07-28T20:04:34.548+0000: 1836.926: [GC [PSYoungGen: 154016K->288K(151040K)] 319241K->165569K(838016K), 0.0035190 secs] [Times: user=0.02 sys=0.00, real=0.00 secs] 
2014-07-28T20:04:35.115+0000: 1837.492: [GC [PSYoungGen: 151008K->384K(148352K)] 316289K->165745K(835328K), 0.0023300 secs] [Times: user=0.02 sys=0.00, real=0.00 secs] 
2014-07-28T20:04:35.672+0000: 1838.050: [GC [PSYoungGen: 148352K->338K(145664K)] 313713K->165716K(832640K), 0.0043360 secs] [Times: user=0.03 sys=0.00, real=0.00 secs] 
2014-07-28T20:04:36.219+0000: 1838.597: [GC [PSYoungGen: 145618K->320K(143040K)] 310996K->165753K(830016K), 0.0046470 secs] [Times: user=0.02 sys=0.00, real=0.00 secs] 
2014-07-28T20:04:36.800+0000: 1839.178: [GC [PSYoungGen: 143040K->274K(140544K)] 308473K->165732K(827520K), 0.0057480 secs] [Times: user=0.04 sys=0.01, real=0.00 secs] 
2014-07-28T20:04:37.413+0000: 1839.791: [GC [PSYoungGen: 140498K->288K(138112K)] 305956K->165793K(825088K), 0.0050450 secs] [Times: user=0.03 sys=0.01, real=0.01 secs] 
2014-07-28T20:04:37.931+0000: 1840.309: [GC [PSYoungGen: 138051K->480K(135936K)] 303557K->166073K(822912K), 0.0029160 secs] [Times: user=0.01 sys=0.00, real=0.00 secs] 
2014-07-28T20:04:38.446+0000: 1840.824: [GC [PSYoungGen: 135866K->384K(133504K)] 301460K->166073K(820480K), 0.0027420 secs] [Times: user=0.02 sys=0.00, real=0.00 secs] 
2014-07-28T20:04:38.954+0000: 1841.332: [GC [PSYoungGen: 133504K->224K(131136K)] 299193K->165945K(818112K), 0.0053240 secs] [Times: user=0.03 sys=0.01, real=0.01 secs] 
2014-07-28T20:04:39.473+0000: 1841.851: [GC [PSYoungGen: 131104K->320K(129024K)] 296825K->166073K(816000K), 0.0039390 secs] [Times: user=0.01 sys=0.01, real=0.00 secs] 
2014-07-28T20:04:39.968+0000: 1842.346: [GC [PSYoungGen: 129024K->338K(126976K)] 294777K->166140K(813952K), 0.0039640 secs] [Times: user=0.03 sys=0.00, real=0.01 secs] 
2014-07-28T20:04:40.474+0000: 1842.852: [GC [PSYoungGen: 126930K->256K(124800K)] 292732K->166113K(811776K), 0.0072870 secs] [Times: user=0.04 sys=0.01, real=0.01 secs] 
2014-07-28T20:04:40.945+0000: 1843.323: [GC [PSYoungGen: 124800K->448K(123008K)] 290657K->166393K(809984K), 0.0026720 secs] [Times: user=0.01 sys=0.00, real=0.00 secs] 
2014-07-28T20:04:41.496+0000: 1843.874: [GC [PSYoungGen: 123008K->384K(121024K)] 288953K->166369K(808000K), 0.0057360 secs] [Times: user=0.04 sys=0.00, real=0.01 secs] 
2014-07-28T20:04:41.992+0000: 1844.370: [GC [PSYoungGen: 121024K->352K(119104K)] 287009K->166401K(806080K), 0.0052330 secs] [Times: user=0.02 sys=0.00, real=0.00 secs] 
2014-07-28T20:04:42.440+0000: 1844.818: [GC [PSYoungGen: 119072K->320K(117184K)] 285121K->166409K(804160K), 0.0044920 secs] [Times: user=0.03 sys=0.00, real=0.00 secs] 
2014-07-28T20:04:42.871+0000: 1845.248: [GC [PSYoungGen: 117184K->448K(140736K)] 283273K->166625K(827712K), 0.0081850 secs] [Times: user=0.04 sys=0.00, real=0.00 secs] 
2014-07-28T20:04:43.375+0000: 1845.752: [GC [PSYoungGen: 140736K->224K(168640K)] 306913K->166457K(855616K), 0.0050640 secs] [Times: user=0.02 sys=0.00, real=0.01 secs] 
2014-07-28T20:04:43.965+0000: 1846.343: [GC [PSYoungGen: 168583K->352K(165504K)] 334817K->166657K(852480K), 0.0031260 secs] [Times: user=0.02 sys=0.00, real=0.00 secs] 
2014-07-28T20:04:44.540+0000: 1846.918: [GC [PSYoungGen: 165472K->416K(162368K)] 331777K->166777K(849344K), 0.0053410 secs] [Times: user=0.03 sys=0.00, real=0.00 secs] 
2014-07-28T20:04:45.129+0000: 1847.507: [GC [PSYoungGen: 162336K->384K(192256K)] 328697K->166817K(879232K), 0.0192410 secs] [Times: user=0.14 sys=0.00, real=0.02 secs] 
2014-07-28T20:04:45.828+0000: 1848.206: [GC [PSYoungGen: 192064K->352K(194880K)] 358497K->166809K(881856K), 0.0051140 secs] [Times: user=0.03 sys=0.00, real=0.01 secs] 
2014-07-28T20:04:46.503+0000: 1848.881: [GC [PSYoungGen: 194656K->320K(194880K)] 361113K->166825K(881856K), 0.0067320 secs] [Times: user=0.04 sys=0.00, real=0.01 secs] 
2014-07-28T20:04:47.182+0000: 1849.560: [GC [PSYoungGen: 194624K->288K(233728K)] 361129K->166849K(920704K), 0.0042780 secs] [Times: user=0.03 sys=0.00, real=0.00 secs] 
2014-07-28T20:04:48.090+0000: 1850.468: [GC [PSYoungGen: 233504K->288K(228032K)] 400065K->166865K(915008K), 0.0021600 secs] [Times: user=0.01 sys=0.00, real=0.00 secs] 
2014-07-28T20:04:48.884+0000: 1851.262: [GC [PSYoungGen: 228000K->256K(222656K)] 394577K->166889K(909632K), 0.0022020 secs] [Times: user=0.01 sys=0.00, real=0.00 secs] 
2014-07-28T20:04:49.673+0000: 1852.051: [GC [PSYoungGen: 222656K->320K(217600K)] 389289K->167033K(904576K), 0.0022430 secs] [Times: user=0.02 sys=0.00, real=0.00 secs] 
2014-07-28T20:04:50.434+0000: 1852.812: [GC [PSYoungGen: 217600K->448K(212800K)] 384313K->167209K(899776K), 0.0054000 secs] [Times: user=0.02 sys=0.00, real=0.00 secs] 
2014-07-28T20:04:51.175+0000: 1853.553: [GC [PSYoungGen: 212800K->288K(207936K)] 379561K->167121K(894912K), 0.0069930 secs] [Times: user=0.04 sys=0.00, real=0.01 secs] 
2014-07-28T20:04:51.893+0000: 1854.271: [GC [PSYoungGen: 207904K->320K(203328K)] 374737K->167233K(890304K), 0.0024070 secs] [Times: user=0.01 sys=0.00, real=0.00 secs] 
2014-07-28T20:04:52.602+0000: 1854.979: [GC [PSYoungGen: 203328K->192K(198784K)] 370241K->167129K(885760K), 0.0037200 secs] [Times: user=0.01 sys=0.00, real=0.00 secs] 
2014-07-28T20:04:53.341+0000: 1855.719: [GC [PSYoungGen: 198784K->448K(194752K)] 365721K->167449K(881728K), 0.0047600 secs] [Times: user=0.02 sys=0.00, real=0.01 secs] 
2014-07-28T20:04:54.059+0000: 1856.437: [GC [PSYoungGen: 194750K->352K(190528K)] 361752K->167417K(877504K), 0.0033070 secs] [Times: user=0.02 sys=0.00, real=0.01 secs] 
2014-07-28T20:04:54.691+0000: 1857.069: [GC [PSYoungGen: 190496K->384K(186496K)] 357561K->167569K(873472K), 0.0037620 secs] [Times: user=0.02 sys=0.00, real=0.00 secs] 
2014-07-28T20:04:55.333+0000: 1857.711: [GC [PSYoungGen: 186496K->192K(182464K)] 353681K->167401K(869440K), 0.0032710 secs] [Times: user=0.01 sys=0.00, real=0.00 secs] 
2014-07-28T20:04:55.962+0000: 1858.340: [GC [PSYoungGen: 182461K->480K(179072K)] 349671K->167745K(866048K), 0.0024560 secs] [Times: user=0.01 sys=0.00, real=0.00 secs] 
2014-07-28T20:04:56.586+0000: 1858.964: [GC [PSYoungGen: 179040K->352K(175296K)] 346305K->167697K(862272K), 0.0022970 secs] [Times: user=0.02 sys=0.00, real=0.00 secs] 
2014-07-28T20:04:57.196+0000: 1859.574: [GC [PSYoungGen: 175264K->320K(171712K)] 342609K->167713K(858688K), 0.0058840 secs] [Times: user=0.03 sys=0.00, real=0.01 secs] 
2014-07-28T20:04:57.802+0000: 1860.180: [GC [PSYoungGen: 171712K->288K(168320K)] 339105K->167713K(855296K), 0.0040980 secs] [Times: user=0.02 sys=0.00, real=0.00 secs] 
2014-07-28T20:04:58.376+0000: 1860.753: [GC [PSYoungGen: 168288K->256K(164992K)] 335713K->167729K(851968K), 0.0043910 secs] [Times: user=0.03 sys=0.00, real=0.00 secs] 
2014-07-28T20:04:58.917+0000: 1861.295: [GC [PSYoungGen: 164992K->224K(161792K)] 332465K->167737K(848768K), 0.0029280 secs] [Times: user=0.01 sys=0.00, real=0.00 secs] 
2014-07-28T20:04:59.476+0000: 1861.854: [GC [PSYoungGen: 161760K->320K(158784K)] 329273K->167881K(845760K), 0.0041650 secs] [Times: user=0.02 sys=0.00, real=0.00 secs] 
2014-07-28T20:05:00.056+0000: 1862.434: [GC [PSYoungGen: 158784K->352K(155840K)] 326345K->167993K(842816K), 0.0025000 secs] [Times: user=0.01 sys=0.00, real=0.00 secs] 
2014-07-28T20:05:00.616+0000: 1862.994: [GC [PSYoungGen: 155798K->288K(152896K)] 323440K->167961K(839872K), 0.0047840 secs] [Times: user=0.03 sys=0.00, real=0.00 secs] 
2014-07-28T20:05:01.123+0000: 1863.501: [GC [PSYoungGen: 152864K->256K(150016K)] 320537K->167985K(836992K), 0.0031840 secs] [Times: user=0.02 sys=0.00, real=0.00 secs] 
2014-07-28T20:05:01.616+0000: 1863.994: [GC [PSYoungGen: 150016K->352K(147456K)] 317745K->168097K(834432K), 0.0041470 secs] [Times: user=0.03 sys=0.00, real=0.00 secs] 
2014-07-28T20:05:02.099+0000: 1864.477: [GC [PSYoungGen: 147424K->416K(144896K)] 315169K->168257K(831872K), 0.0032720 secs] [Times: user=0.02 sys=0.00, real=0.01 secs] 
2014-07-28T20:05:02.621+0000: 1864.999: [GC [PSYoungGen: 144864K->256K(142144K)] 312705K->168137K(829120K), 0.0032330 secs] [Times: user=0.01 sys=0.00, real=0.01 secs] 
2014-07-28T20:05:03.079+0000: 1865.456: [GC [PSYoungGen: 142144K->484K(139904K)] 310025K->168446K(826880K), 0.0034800 secs] [Times: user=0.02 sys=0.00, real=0.01 secs] 
2014-07-28T20:05:03.528+0000: 1865.906: [GC [PSYoungGen: 139876K->224K(137216K)] 307838K->168201K(824192K), 0.0043940 secs] [Times: user=0.03 sys=0.00, real=0.01 secs] 
2014-07-28T20:05:03.985+0000: 1866.363: [GC [PSYoungGen: 137184K->256K(134848K)] 305161K->168273K(821824K), 0.0039390 secs] [Times: user=0.02 sys=0.00, real=0.00 secs] 
2014-07-28T20:05:04.429+0000: 1866.807: [GC [PSYoungGen: 134848K->224K(132544K)] 302865K->168281K(819520K), 0.0035310 secs] [Times: user=0.01 sys=0.00, real=0.00 secs] 
2014-07-28T20:05:04.871+0000: 1867.249: [GC [PSYoungGen: 132466K->256K(130304K)] 300524K->168361K(817280K), 0.0037810 secs] [Times: user=0.02 sys=0.00, real=0.01 secs] 
2014-07-28T20:05:05.318+0000: 1867.696: [GC [PSYoungGen: 130304K->192K(156288K)] 298409K->168313K(843264K), 0.0132460 secs] [Times: user=0.08 sys=0.01, real=0.01 secs] 
2014-07-28T20:05:05.838+0000: 1868.216: [GC [PSYoungGen: 156288K->370K(187712K)] 324409K->168532K(874688K), 0.0039710 secs] [Times: user=0.02 sys=0.00, real=0.00 secs] 
2014-07-28T20:05:06.462+0000: 1868.840: [GC [PSYoungGen: 187698K->224K(225088K)] 355860K->168417K(912064K), 0.0039360 secs] [Times: user=0.02 sys=0.00, real=0.01 secs] 
2014-07-28T20:05:07.174+0000: 1869.552: [GC [PSYoungGen: 225056K->352K(220032K)] 393249K->168617K(907008K), 0.0036000 secs] [Times: user=0.02 sys=0.00, real=0.00 secs] 
2014-07-28T20:05:07.909+0000: 1870.287: [GC [PSYoungGen: 220000K->288K(214976K)] 388265K->168569K(901952K), 0.0046310 secs] [Times: user=0.03 sys=0.00, real=0.01 secs] 
2014-07-28T20:05:08.603+0000: 1870.981: [GC [PSYoungGen: 214944K->320K(210112K)] 383225K->168665K(897088K), 0.0074580 secs] [Times: user=0.04 sys=0.00, real=0.00 secs] 
2014-07-28T20:05:09.269+0000: 1871.647: [GC [PSYoungGen: 210112K->384K(205504K)] 378457K->168817K(892480K), 0.0032520 secs] [Times: user=0.02 sys=0.00, real=0.00 secs] 
2014-07-28T20:05:09.930+0000: 1872.308: [GC [PSYoungGen: 205504K->480K(201088K)] 373937K->168937K(888064K), 0.0043240 secs] [Times: user=0.03 sys=0.00, real=0.01 secs] 
2014-07-28T20:05:10.579+0000: 1872.957: [GC [PSYoungGen: 201029K->192K(196416K)] 369487K->168705K(883392K), 0.0023830 secs] [Times: user=0.02 sys=0.00, real=0.00 secs] 
2014-07-28T20:05:11.207+0000: 1873.585: [GC [PSYoungGen: 196416K->352K(192384K)] 364929K->168937K(879360K), 0.0037850 secs] [Times: user=0.03 sys=0.00, real=0.00 secs] 
2014-07-28T20:05:11.828+0000: 1874.206: [GC [PSYoungGen: 192352K->288K(188224K)] 360937K->168921K(875200K), 0.0048770 secs] [Times: user=0.03 sys=0.00, real=0.00 secs] 
2014-07-28T20:05:12.440+0000: 1874.818: [GC [PSYoungGen: 188192K->288K(184320K)] 356825K->168969K(871296K), 0.0079480 secs] [Times: user=0.05 sys=0.00, real=0.01 secs] 
2014-07-28T20:05:13.063+0000: 1875.441: [GC [PSYoungGen: 184288K->288K(180544K)] 352969K->169009K(867520K), 0.0035970 secs] [Times: user=0.01 sys=0.00, real=0.01 secs] 
2014-07-28T20:05:13.651+0000: 1876.029: [GC [PSYoungGen: 180512K->352K(176960K)] 349233K->169105K(863936K), 0.0058710 secs] [Times: user=0.03 sys=0.00, real=0.01 secs] 
2014-07-28T20:05:14.213+0000: 1876.591: [GC [PSYoungGen: 176928K->256K(173248K)] 345681K->169049K(860224K), 0.0087110 secs] [Times: user=0.05 sys=0.00, real=0.01 secs] 
2014-07-28T20:05:14.788+0000: 1877.166: [GC [PSYoungGen: 173248K->288K(169856K)] 342041K->169113K(856832K), 0.0033370 secs] [Times: user=0.02 sys=0.00, real=0.00 secs] 
2014-07-28T20:05:15.358+0000: 1877.736: [GC [PSYoungGen: 169824K->256K(166464K)] 338649K->169129K(853440K), 0.0024570 secs] [Times: user=0.01 sys=0.00, real=0.00 secs] 
2014-07-28T20:05:15.961+0000: 1878.339: [GC [PSYoungGen: 166464K->320K(163328K)] 335337K->169273K(850304K), 0.0035370 secs] [Times: user=0.03 sys=0.00, real=0.01 secs] 
2014-07-28T20:05:16.534+0000: 1878.912: [GC [PSYoungGen: 163328K->288K(160192K)] 332281K->169313K(847168K), 0.0038560 secs] [Times: user=0.02 sys=0.00, real=0.00 secs] 
2014-07-28T20:05:17.044+0000: 1879.422: [GC [PSYoungGen: 160160K->416K(157312K)] 329185K->169481K(844288K), 0.0050700 secs] [Times: user=0.03 sys=0.00, real=0.00 secs] 
2014-07-28T20:05:17.556+0000: 1879.934: [GC [PSYoungGen: 157280K->192K(154112K)] 326345K->169321K(841088K), 0.0073280 secs] [Times: user=0.04 sys=0.01, real=0.00 secs] 
2014-07-28T20:05:18.051+0000: 1880.429: [GC [PSYoungGen: 154112K->192K(184896K)] 323241K->169345K(871872K), 0.0089420 secs] [Times: user=0.06 sys=0.00, real=0.01 secs] 
2014-07-28T20:05:18.674+0000: 1881.052: [GC [PSYoungGen: 184896K->224K(221952K)] 354049K->169377K(908928K), 0.0057220 secs] [Times: user=0.03 sys=0.00, real=0.01 secs] 
2014-07-28T20:05:19.441+0000: 1881.819: [GC [PSYoungGen: 221920K->352K(223424K)] 391073K->169537K(910400K), 0.0075350 secs] [Times: user=0.04 sys=0.01, real=0.01 secs] 
2014-07-28T20:05:20.151+0000: 1882.528: [GC [PSYoungGen: 223264K->320K(218112K)] 392449K->169569K(905088K), 0.0035640 secs] [Times: user=0.02 sys=0.00, real=0.00 secs] 
2014-07-28T20:05:20.860+0000: 1883.238: [GC [PSYoungGen: 218112K->384K(213248K)] 387361K->169665K(900224K), 0.0057180 secs] [Times: user=0.02 sys=0.00, real=0.01 secs] 
2014-07-28T20:05:21.562+0000: 1883.940: [GC [PSYoungGen: 213248K->274K(208384K)] 382529K->169596K(895360K), 0.0053950 secs] [Times: user=0.04 sys=0.00, real=0.01 secs] 
2014-07-28T20:05:22.275+0000: 1884.653: [GC [PSYoungGen: 208338K->512K(203968K)] 377660K->169897K(890944K), 0.0062330 secs] [Times: user=0.03 sys=0.01, real=0.00 secs] 
2014-07-28T20:05:23.004+0000: 1885.382: [GC [PSYoungGen: 203968K->256K(199232K)] 373353K->169697K(886208K), 0.0056910 secs] [Times: user=0.03 sys=0.00, real=0.01 secs] 
2014-07-28T20:05:23.671+0000: 1886.049: [GC [PSYoungGen: 199199K->320K(195008K)] 368641K->169793K(881984K), 0.0057600 secs] [Times: user=0.03 sys=0.00, real=0.01 secs] 
2014-07-28T20:05:24.407+0000: 1886.785: [GC [PSYoungGen: 195008K->224K(190784K)] 364481K->169729K(877760K), 0.0058740 secs] [Times: user=0.03 sys=0.00, real=0.00 secs] 
2014-07-28T20:05:25.286+0000: 1887.664: [GC [PSYoungGen: 190752K->352K(186880K)] 360257K->169913K(873856K), 0.0037140 secs] [Times: user=0.01 sys=0.01, real=0.00 secs] 
2014-07-28T20:05:26.053+0000: 1888.431: [GC [PSYoungGen: 186844K->448K(183040K)] 356406K->170065K(870016K), 0.0027980 secs] [Times: user=0.02 sys=0.00, real=0.01 secs] 
2014-07-28T20:05:26.684+0000: 1889.062: [GC [PSYoungGen: 183040K->416K(179264K)] 352657K->170129K(866240K), 0.0035090 secs] [Times: user=0.02 sys=0.00, real=0.01 secs] 
2014-07-28T20:05:27.279+0000: 1889.657: [GC [PSYoungGen: 179225K->320K(175488K)] 348939K->170121K(862464K), 0.0035780 secs] [Times: user=0.02 sys=0.00, real=0.00 secs] 
2014-07-28T20:05:27.868+0000: 1890.246: [GC [PSYoungGen: 175488K->288K(171968K)] 345289K->170113K(858944K), 0.0039330 secs] [Times: user=0.02 sys=0.00, real=0.00 secs] 
2014-07-28T20:05:28.459+0000: 1890.837: [GC [PSYoungGen: 171936K->256K(168512K)] 341761K->170129K(855488K), 0.0046480 secs] [Times: user=0.02 sys=0.00, real=0.00 secs] 
2014-07-28T20:05:29.013+0000: 1891.391: [GC [PSYoungGen: 168512K->224K(165248K)] 338385K->170129K(852224K), 0.0062280 secs] [Times: user=0.03 sys=0.00, real=0.01 secs] 
2014-07-28T20:05:29.578+0000: 1891.956: [GC [PSYoungGen: 165216K->352K(162176K)] 335121K->170289K(849152K), 0.0030140 secs] [Times: user=0.01 sys=0.00, real=0.00 secs] 
2014-07-28T20:05:30.116+0000: 1892.494: [GC [PSYoungGen: 162144K->288K(159040K)] 332081K->170297K(846016K), 0.0035650 secs] [Times: user=0.02 sys=0.00, real=0.00 secs] 
2014-07-28T20:05:30.634+0000: 1893.012: [GC [PSYoungGen: 159008K->338K(156096K)] 329017K->170380K(843072K), 0.0037760 secs] [Times: user=0.01 sys=0.01, real=0.01 secs] 
2014-07-28T20:05:31.134+0000: 1893.512: [GC [PSYoungGen: 156050K->384K(153216K)] 326092K->170513K(840192K), 0.0029470 secs] [Times: user=0.02 sys=0.00, real=0.01 secs] 
2014-07-28T20:05:31.635+0000: 1894.013: [GC [PSYoungGen: 153216K->256K(150272K)] 323345K->170401K(837248K), 0.0053220 secs] [Times: user=0.03 sys=0.00, real=0.01 secs] 
2014-07-28T20:05:32.121+0000: 1894.499: [GC [PSYoungGen: 150272K->320K(147584K)] 320417K->170529K(834560K), 0.0059060 secs] [Times: user=0.04 sys=0.00, real=0.00 secs] 
2014-07-28T20:05:32.633+0000: 1895.011: [GC [PSYoungGen: 147566K->384K(145024K)] 317776K->170625K(832000K), 0.0030090 secs] [Times: user=0.01 sys=0.00, real=0.00 secs] 
2014-07-28T20:05:33.141+0000: 1895.519: [GC [PSYoungGen: 145024K->256K(142336K)] 315265K->170537K(829312K), 0.0025290 secs] [Times: user=0.01 sys=0.00, real=0.00 secs] 
2014-07-28T20:05:33.620+0000: 1895.998: [GC [PSYoungGen: 142336K->352K(139968K)] 312617K->170641K(826944K), 0.0042190 secs] [Times: user=0.03 sys=0.00, real=0.00 secs] 
2014-07-28T20:05:34.088+0000: 1896.466: [GC [PSYoungGen: 139936K->288K(137472K)] 310225K->170633K(824448K), 0.0029180 secs] [Times: user=0.02 sys=0.00, real=0.00 secs] 
2014-07-28T20:05:34.560+0000: 1896.938: [GC [PSYoungGen: 137407K->370K(135168K)] 307753K->170740K(822144K), 0.0057000 secs] [Times: user=0.04 sys=0.00, real=0.00 secs] 
2014-07-28T20:05:35.031+0000: 1897.409: [GC [PSYoungGen: 135154K->352K(132864K)] 305524K->170785K(819840K), 0.0026280 secs] [Times: user=0.01 sys=0.00, real=0.00 secs] 
2014-07-28T20:05:35.484+0000: 1897.862: [GC [PSYoungGen: 132832K->224K(130496K)] 303265K->170705K(817472K), 0.0039420 secs] [Times: user=0.03 sys=0.00, real=0.01 secs] 
2014-07-28T20:05:35.919+0000: 1898.297: [GC [PSYoungGen: 130464K->320K(128384K)] 300945K->170881K(815360K), 0.0037360 secs] [Times: user=0.03 sys=0.00, real=0.00 secs] 
2014-07-28T20:05:36.359+0000: 1898.737: [GC [PSYoungGen: 128384K->384K(126336K)] 298945K->170993K(813312K), 0.0058290 secs] [Times: user=0.04 sys=0.00, real=0.00 secs] 
2014-07-28T20:05:36.781+0000: 1899.159: [GC [PSYoungGen: 126305K->192K(124096K)] 296915K->170849K(811072K), 0.0038010 secs] [Times: user=0.02 sys=0.00, real=0.00 secs] 
2014-07-28T20:05:37.205+0000: 1899.583: [GC [PSYoungGen: 124096K->288K(122240K)] 294753K->171001K(809216K), 0.0030420 secs] [Times: user=0.02 sys=0.00, real=0.01 secs] 
2014-07-28T20:05:37.600+0000: 1899.978: [GC [PSYoungGen: 122208K->352K(120384K)] 292921K->171121K(807360K), 0.0035460 secs] [Times: user=0.02 sys=0.00, real=0.00 secs] 
2014-07-28T20:05:38.009+0000: 1900.387: [GC [PSYoungGen: 120352K->384K(144384K)] 291121K->171241K(831360K), 0.0075060 secs] [Times: user=0.04 sys=0.00, real=0.00 secs] 
2014-07-28T20:05:38.507+0000: 1900.885: [GC [PSYoungGen: 144384K->288K(173120K)] 315241K->171169K(860096K), 0.0057660 secs] [Times: user=0.03 sys=0.00, real=0.01 secs] 
2014-07-28T20:05:39.089+0000: 1901.467: [GC [PSYoungGen: 173088K->384K(169728K)] 343969K->171401K(856704K), 0.0022970 secs] [Times: user=0.02 sys=0.00, real=0.00 secs] 
2014-07-28T20:05:39.625+0000: 1902.003: [GC [PSYoungGen: 169728K->416K(166464K)] 340745K->171481K(853440K), 0.0035840 secs] [Times: user=0.02 sys=0.00, real=0.01 secs] 
2014-07-28T20:05:40.173+0000: 1902.551: [GC [PSYoungGen: 166432K->384K(163200K)] 337497K->171537K(850176K), 0.0040600 secs] [Times: user=0.02 sys=0.00, real=0.00 secs] 
2014-07-28T20:05:40.700+0000: 1903.077: [GC [PSYoungGen: 163200K->192K(159872K)] 334353K->171369K(846848K), 0.0028130 secs] [Times: user=0.01 sys=0.00, real=0.00 secs] 
2014-07-28T20:05:41.210+0000: 1903.588: [GC [PSYoungGen: 159843K->224K(156928K)] 331021K->171449K(843904K), 0.0024890 secs] [Times: user=0.01 sys=0.00, real=0.00 secs] 
2014-07-28T20:05:41.736+0000: 1904.114: [GC [PSYoungGen: 156896K->384K(154112K)] 328121K->171657K(841088K), 0.0042930 secs] [Times: user=0.02 sys=0.01, real=0.01 secs] 
2014-07-28T20:05:42.297+0000: 1904.675: [GC [PSYoungGen: 154082K->256K(151168K)] 325356K->171577K(838144K), 0.0041960 secs] [Times: user=0.03 sys=0.00, real=0.01 secs] 
2014-07-28T20:05:42.875+0000: 1905.253: [GC [PSYoungGen: 151168K->352K(148544K)] 322489K->171705K(835520K), 0.0034950 secs] [Times: user=0.02 sys=0.00, real=0.01 secs] 
2014-07-28T20:05:43.402+0000: 1905.780: [GC [PSYoungGen: 148512K->320K(145792K)] 319865K->171729K(832768K), 0.0032920 secs] [Times: user=0.01 sys=0.00, real=0.00 secs] 
2014-07-28T20:05:43.906+0000: 1906.284: [GC [PSYoungGen: 145792K->320K(143168K)] 317201K->171793K(830144K), 0.0031920 secs] [Times: user=0.01 sys=0.00, real=0.01 secs] 
2014-07-28T20:05:44.412+0000: 1906.790: [GC [PSYoungGen: 143168K->384K(140736K)] 314641K->171913K(827712K), 0.0055970 secs] [Times: user=0.03 sys=0.00, real=0.00 secs] 
2014-07-28T20:05:44.912+0000: 1907.290: [GC [PSYoungGen: 140736K->320K(168768K)] 312265K->171905K(855744K), 0.0089850 secs] [Times: user=0.05 sys=0.00, real=0.01 secs] 
2014-07-28T20:05:45.495+0000: 1907.873: [GC [PSYoungGen: 168768K->288K(165440K)] 340353K->171905K(852416K), 0.0040660 secs] [Times: user=0.01 sys=0.00, real=0.01 secs] 
2014-07-28T20:05:46.070+0000: 1908.447: [GC [PSYoungGen: 165408K->352K(162304K)] 337025K->172049K(849280K), 0.0034980 secs] [Times: user=0.02 sys=0.00, real=0.00 secs] 
2014-07-28T20:05:46.615+0000: 1908.993: [GC [PSYoungGen: 162272K->352K(159232K)] 333969K->172105K(846208K), 0.0061430 secs] [Times: user=0.04 sys=0.00, real=0.01 secs] 
2014-07-28T20:05:47.193+0000: 1909.571: [GC [PSYoungGen: 159200K->416K(156288K)] 330953K->172241K(843264K), 0.0062820 secs] [Times: user=0.03 sys=0.01, real=0.01 secs] 
2014-07-28T20:05:47.723+0000: 1910.101: [GC [PSYoungGen: 156256K->256K(153216K)] 328081K->172113K(840192K), 0.0027920 secs] [Times: user=0.01 sys=0.00, real=0.00 secs] 
2014-07-28T20:05:48.228+0000: 1910.606: [GC [PSYoungGen: 153216K->256K(150400K)] 325073K->172177K(837376K), 0.0054500 secs] [Times: user=0.02 sys=0.00, real=0.01 secs] 
2014-07-28T20:05:48.724+0000: 1911.102: [GC [PSYoungGen: 150400K->288K(147712K)] 322321K->172241K(834688K), 0.0030000 secs] [Times: user=0.01 sys=0.00, real=0.00 secs] 
2014-07-28T20:05:49.234+0000: 1911.612: [GC [PSYoungGen: 147680K->320K(145088K)] 319633K->172329K(832064K), 0.0041840 secs] [Times: user=0.02 sys=0.00, real=0.00 secs] 
2014-07-28T20:05:49.714+0000: 1912.092: [GC [PSYoungGen: 145088K->320K(142528K)] 317097K->172353K(829504K), 0.0038010 secs] [Times: user=0.02 sys=0.00, real=0.00 secs] 
2014-07-28T20:05:50.182+0000: 1912.560: [GC [PSYoungGen: 142528K->416K(140160K)] 314561K->172553K(827136K), 0.0021980 secs] [Times: user=0.01 sys=0.00, real=0.00 secs] 
2014-07-28T20:05:50.671+0000: 1913.049: [GC [PSYoungGen: 140128K->224K(137536K)] 312265K->172377K(824512K), 0.0039760 secs] [Times: user=0.02 sys=0.00, real=0.00 secs] 
2014-07-28T20:05:51.113+0000: 1913.491: [GC [PSYoungGen: 137473K->224K(135168K)] 309627K->172425K(822144K), 0.0045400 secs] [Times: user=0.03 sys=0.00, real=0.00 secs] 
2014-07-28T20:05:51.584+0000: 1913.962: [GC [PSYoungGen: 135136K->256K(132864K)] 307337K->172481K(819840K), 0.0050060 secs] [Times: user=0.03 sys=0.01, real=0.00 secs] 
2014-07-28T20:05:52.023+0000: 1914.401: [GC [PSYoungGen: 132859K->320K(130688K)] 305085K->172593K(817664K), 0.0032070 secs] [Times: user=0.02 sys=0.00, real=0.00 secs] 
2014-07-28T20:05:52.460+0000: 1914.838: [GC [PSYoungGen: 130688K->256K(128448K)] 302961K->172553K(815424K), 0.0044310 secs] [Times: user=0.02 sys=0.01, real=0.00 secs] 
2014-07-28T20:05:52.942+0000: 1915.320: [GC [PSYoungGen: 128448K->512K(126592K)] 300745K->172841K(813568K), 0.0058970 secs] [Times: user=0.01 sys=0.01, real=0.00 secs] 
2014-07-28T20:05:53.461+0000: 1915.839: [GC [PSYoungGen: 126592K->320K(124352K)] 298921K->172705K(811328K), 0.0049730 secs] [Times: user=0.01 sys=0.01, real=0.00 secs] 
2014-07-28T20:05:53.879+0000: 1916.257: [GC [PSYoungGen: 124352K->384K(122432K)] 296737K->172825K(809408K), 0.0030660 secs] [Times: user=0.02 sys=0.00, real=0.01 secs] 
2014-07-28T20:05:54.269+0000: 1916.647: [GC [PSYoungGen: 122432K->256K(120384K)] 294873K->172745K(807360K), 0.0041800 secs] [Times: user=0.03 sys=0.00, real=0.01 secs] 
2014-07-28T20:05:54.658+0000: 1917.036: [GC [PSYoungGen: 120384K->352K(118656K)] 292873K->172873K(805632K), 0.0036080 secs] [Times: user=0.02 sys=0.00, real=0.01 secs] 
2014-07-28T20:05:55.048+0000: 1917.426: [GC [PSYoungGen: 118624K->352K(116800K)] 291145K->172945K(803776K), 0.0034510 secs] [Times: user=0.02 sys=0.00, real=0.01 secs] 
2014-07-28T20:05:55.462+0000: 1917.840: [GC [PSYoungGen: 116768K->480K(115136K)] 289361K->173129K(802112K), 0.0028030 secs] [Times: user=0.01 sys=0.01, real=0.00 secs] 
2014-07-28T20:05:55.861+0000: 1918.239: [GC [PSYoungGen: 115104K->192K(137792K)] 287753K->172961K(824768K), 0.0060300 secs] [Times: user=0.03 sys=0.00, real=0.00 secs] 
2014-07-28T20:05:56.379+0000: 1918.757: [GC [PSYoungGen: 137792K->320K(135552K)] 310561K->173137K(822528K), 0.0024450 secs] [Times: user=0.01 sys=0.01, real=0.01 secs] 
2014-07-28T20:05:56.806+0000: 1919.184: [GC [PSYoungGen: 135552K->224K(162560K)] 308369K->173089K(849536K), 0.0078740 secs] [Times: user=0.04 sys=0.00, real=0.01 secs] 
2014-07-28T20:05:57.364+0000: 1919.742: [GC [PSYoungGen: 162528K->384K(159616K)] 335393K->173337K(846592K), 0.0026590 secs] [Times: user=0.01 sys=0.00, real=0.00 secs] 
2014-07-28T20:05:57.890+0000: 1920.268: [GC [PSYoungGen: 159616K->416K(191552K)] 332569K->173433K(878528K), 0.0065240 secs] [Times: user=0.04 sys=0.00, real=0.01 secs] 
2014-07-28T20:05:58.523+0000: 1920.901: [GC [PSYoungGen: 191520K->256K(187328K)] 364537K->173321K(874304K), 0.0049620 secs] [Times: user=0.03 sys=0.00, real=0.00 secs] 
2014-07-28T20:05:59.129+0000: 1921.507: [GC [PSYoungGen: 187328K->224K(183424K)] 360393K->173337K(870400K), 0.0045530 secs] [Times: user=0.02 sys=0.00, real=0.01 secs] 
2014-07-28T20:05:59.750+0000: 1922.128: [GC [PSYoungGen: 183392K->352K(179776K)] 356505K->173489K(866752K), 0.0041490 secs] [Times: user=0.02 sys=0.00, real=0.01 secs] 
2014-07-28T20:06:00.338+0000: 1922.716: [GC [PSYoungGen: 179727K->224K(176000K)] 352865K->173393K(862976K), 0.0028520 secs] [Times: user=0.01 sys=0.00, real=0.00 secs] 
2014-07-28T20:06:00.934+0000: 1923.312: [GC [PSYoungGen: 175968K->320K(172544K)] 349137K->173521K(859520K), 0.0034840 secs] [Times: user=0.01 sys=0.00, real=0.00 secs] 
2014-07-28T20:06:01.509+0000: 1923.887: [GC [PSYoungGen: 172544K->480K(169344K)] 345745K->173761K(856320K), 0.0023800 secs] [Times: user=0.01 sys=0.00, real=0.01 secs] 
2014-07-28T20:06:02.066+0000: 1924.444: [GC [PSYoungGen: 169312K->352K(165888K)] 342593K->173713K(852864K), 0.0049620 secs] [Times: user=0.03 sys=0.00, real=0.01 secs] 
2014-07-28T20:06:02.620+0000: 1924.998: [GC [PSYoungGen: 165855K->160K(162496K)] 339217K->173537K(849472K), 0.0045030 secs] [Times: user=0.01 sys=0.00, real=0.01 secs] 
2014-07-28T20:06:03.153+0000: 1925.531: [GC [PSYoungGen: 162464K->352K(159616K)] 335841K->173817K(846592K), 0.0059190 secs] [Times: user=0.04 sys=0.00, real=0.00 secs] 
2014-07-28T20:06:03.688+0000: 1926.066: [GC [PSYoungGen: 159584K->320K(156544K)] 333049K->173801K(843520K), 0.0054140 secs] [Times: user=0.03 sys=0.00, real=0.01 secs] 
2014-07-28T20:06:04.198+0000: 1926.576: [GC [PSYoungGen: 156544K->288K(153600K)] 330025K->173825K(840576K), 0.0027380 secs] [Times: user=0.02 sys=0.00, real=0.00 secs] 
2014-07-28T20:06:04.698+0000: 1927.076: [GC [PSYoungGen: 153568K->256K(150720K)] 327105K->173825K(837696K), 0.0033040 secs] [Times: user=0.02 sys=0.00, real=0.00 secs] 
2014-07-28T20:06:05.186+0000: 1927.564: [GC [PSYoungGen: 150720K->288K(148032K)] 324289K->173913K(835008K), 0.0035290 secs] [Times: user=0.02 sys=0.00, real=0.00 secs] 
2014-07-28T20:06:05.690+0000: 1928.068: [GC [PSYoungGen: 148000K->288K(145344K)] 321625K->173937K(832320K), 0.0060120 secs] [Times: user=0.04 sys=0.00, real=0.01 secs] 
2014-07-28T20:06:06.165+0000: 1928.543: [GC [PSYoungGen: 145312K->352K(142848K)] 318961K->174065K(829824K), 0.0043000 secs] [Times: user=0.03 sys=0.01, real=0.00 secs] 
2014-07-28T20:06:06.645+0000: 1929.023: [GC [PSYoungGen: 142816K->160K(171200K)] 316529K->173897K(858176K), 0.0071780 secs] [Times: user=0.04 sys=0.00, real=0.01 secs] 
2014-07-28T20:06:07.225+0000: 1929.603: [GC [PSYoungGen: 171125K->288K(167936K)] 344863K->174089K(854912K), 0.0052730 secs] [Times: user=0.03 sys=0.00, real=0.00 secs] 
2014-07-28T20:06:07.876+0000: 1930.254: [GC [PSYoungGen: 167904K->352K(201536K)] 341705K->174169K(888512K), 0.0075310 secs] [Times: user=0.05 sys=0.00, real=0.01 secs] 
2014-07-28T20:06:08.590+0000: 1930.968: [GC [PSYoungGen: 201504K->384K(197184K)] 375321K->174265K(884160K), 0.0035680 secs] [Times: user=0.02 sys=0.00, real=0.01 secs] 
2014-07-28T20:06:09.195+0000: 1931.573: [GC [PSYoungGen: 197184K->224K(192832K)] 371065K->174161K(879808K), 0.0044970 secs] [Times: user=0.03 sys=0.00, real=0.00 secs] 
2014-07-28T20:06:09.801+0000: 1932.179: [GC [PSYoungGen: 192800K->256K(188736K)] 366737K->174209K(875712K), 0.0037780 secs] [Times: user=0.01 sys=0.01, real=0.01 secs] 
2014-07-28T20:06:10.394+0000: 1932.771: [GC [PSYoungGen: 188736K->352K(184896K)] 362689K->174345K(871872K), 0.0087560 secs] [Times: user=0.05 sys=0.01, real=0.00 secs] 
2014-07-28T20:06:10.987+0000: 1933.364: [GC [PSYoungGen: 184832K->448K(181120K)] 358826K->174529K(868096K), 0.0034210 secs] [Times: user=0.03 sys=0.00, real=0.00 secs] 
2014-07-28T20:06:11.566+0000: 1933.944: [GC [PSYoungGen: 181120K->256K(177216K)] 355201K->174385K(864192K), 0.0060190 secs] [Times: user=0.04 sys=0.00, real=0.00 secs] 
2014-07-28T20:06:12.134+0000: 1934.512: [GC [PSYoungGen: 177216K->210K(173632K)] 351345K->174364K(860608K), 0.0034600 secs] [Times: user=0.01 sys=0.01, real=0.00 secs] 
2014-07-28T20:06:12.688+0000: 1935.066: [GC [PSYoungGen: 173586K->320K(170240K)] 347740K->174497K(857216K), 0.0047510 secs] [Times: user=0.03 sys=0.00, real=0.00 secs] 
2014-07-28T20:06:13.336+0000: 1935.714: [GC [PSYoungGen: 170240K->416K(204352K)] 344417K->174641K(891328K), 0.0134110 secs] [Times: user=0.06 sys=0.00, real=0.01 secs] 
2014-07-28T20:06:14.254+0000: 1936.632: [GC [PSYoungGen: 204320K->320K(245056K)] 378545K->174625K(932032K), 0.0072020 secs] [Times: user=0.05 sys=0.01, real=0.00 secs] 
2014-07-28T20:06:15.300+0000: 1937.678: [GC [PSYoungGen: 245046K->192K(238976K)] 419352K->174521K(925952K), 0.0041140 secs] [Times: user=0.01 sys=0.00, real=0.01 secs] 
2014-07-28T20:06:16.141+0000: 1938.518: [GC [PSYoungGen: 238976K->224K(233344K)] 413305K->174585K(920320K), 0.0034650 secs] [Times: user=0.02 sys=0.00, real=0.01 secs] 
2014-07-28T20:06:16.872+0000: 1939.250: [GC [PSYoungGen: 233312K->288K(227904K)] 407673K->174705K(914880K), 0.0046100 secs] [Times: user=0.02 sys=0.01, real=0.01 secs] 
2014-07-28T20:06:17.591+0000: 1939.969: [GC [PSYoungGen: 227872K->320K(222592K)] 402289K->174793K(909568K), 0.0045880 secs] [Times: user=0.02 sys=0.00, real=0.01 secs] 
2014-07-28T20:06:18.291+0000: 1940.669: [GC [PSYoungGen: 222592K->288K(217472K)] 397065K->174809K(904448K), 0.0039560 secs] [Times: user=0.02 sys=0.00, real=0.01 secs] 
2014-07-28T20:06:18.980+0000: 1941.357: [GC [PSYoungGen: 217440K->256K(212480K)] 391961K->174801K(899456K), 0.0035210 secs] [Times: user=0.02 sys=0.01, real=0.00 secs] 
2014-07-28T20:06:19.630+0000: 1942.007: [GC [PSYoungGen: 212480K->224K(207744K)] 387025K->174817K(894720K), 0.0035020 secs] [Times: user=0.02 sys=0.00, real=0.00 secs] 
2014-07-28T20:06:20.278+0000: 1942.656: [GC [PSYoungGen: 207712K->320K(203200K)] 382305K->174985K(890176K), 0.0049930 secs] [Times: user=0.03 sys=0.00, real=0.00 secs] 
2014-07-28T20:06:21.025+0000: 1943.402: [GC [PSYoungGen: 203187K->306K(198784K)] 377853K->174980K(885760K), 0.0075900 secs] [Times: user=0.04 sys=0.00, real=0.00 secs] 
2014-07-28T20:06:21.832+0000: 1944.210: [GC [PSYoungGen: 198770K->224K(194432K)] 373444K->174913K(881408K), 0.0052840 secs] [Times: user=0.01 sys=0.00, real=0.01 secs] 
2014-07-28T20:06:22.552+0000: 1944.929: [GC [PSYoungGen: 194400K->448K(190464K)] 369089K->175193K(877440K), 0.0073930 secs] [Times: user=0.05 sys=0.00, real=0.01 secs] 
2014-07-28T20:06:23.171+0000: 1945.549: [GC [PSYoungGen: 190464K->242K(186304K)] 365209K->175100K(873280K), 0.0035080 secs] [Times: user=0.02 sys=0.00, real=0.00 secs] 
2014-07-28T20:06:23.779+0000: 1946.157: [GC [PSYoungGen: 186290K->288K(182528K)] 361148K->175161K(869504K), 0.0055450 secs] [Times: user=0.03 sys=0.01, real=0.00 secs] 
2014-07-28T20:06:24.403+0000: 1946.781: [GC [PSYoungGen: 182496K->384K(178880K)] 357369K->175313K(865856K), 0.0039190 secs] [Times: user=0.02 sys=0.01, real=0.01 secs] 
2014-07-28T20:06:24.946+0000: 1947.324: [GC [PSYoungGen: 178880K->384K(175232K)] 353809K->175361K(862208K), 0.0078660 secs] [Times: user=0.05 sys=0.01, real=0.00 secs] 
2014-07-28T20:06:25.491+0000: 1947.869: [GC [PSYoungGen: 175232K->288K(171648K)] 350209K->175305K(858624K), 0.0030180 secs] [Times: user=0.02 sys=0.00, real=0.00 secs] 
2014-07-28T20:06:26.009+0000: 1948.387: [GC [PSYoungGen: 171616K->224K(168192K)] 346633K->175297K(855168K), 0.0048130 secs] [Times: user=0.03 sys=0.00, real=0.00 secs] 
2014-07-28T20:06:26.534+0000: 1948.912: [GC [PSYoungGen: 168160K->288K(164992K)] 343233K->175401K(851968K), 0.0039120 secs] [Times: user=0.02 sys=0.01, real=0.01 secs] 
2014-07-28T20:06:27.060+0000: 1949.438: [GC [PSYoungGen: 164960K->352K(161856K)] 340073K->175545K(848832K), 0.0042010 secs] [Times: user=0.02 sys=0.01, real=0.00 secs] 
2014-07-28T20:06:27.558+0000: 1949.936: [GC [PSYoungGen: 161824K->224K(194048K)] 337017K->175433K(881024K), 0.0084420 secs] [Times: user=0.04 sys=0.00, real=0.01 secs] 
2014-07-28T20:06:28.348+0000: 1950.725: [GC [PSYoungGen: 194003K->320K(232896K)] 369213K->175569K(919872K), 0.0111040 secs] [Times: user=0.06 sys=0.01, real=0.01 secs] 
2014-07-28T20:06:29.298+0000: 1951.676: [GC [PSYoungGen: 232896K->416K(227520K)] 408145K->175713K(914496K), 0.0043180 secs] [Times: user=0.03 sys=0.00, real=0.00 secs] 
2014-07-28T20:06:30.067+0000: 1952.444: [GC [PSYoungGen: 227488K->256K(222016K)] 402785K->175601K(908992K), 0.0038520 secs] [Times: user=0.03 sys=0.00, real=0.00 secs] 
2014-07-28T20:06:30.834+0000: 1953.212: [GC [PSYoungGen: 221980K->224K(216896K)] 397326K->175617K(903872K), 0.0036320 secs] [Times: user=0.02 sys=0.00, real=0.01 secs] 
2014-07-28T20:06:31.555+0000: 1953.933: [GC [PSYoungGen: 216864K->288K(212032K)] 392257K->175737K(899008K), 0.0038950 secs] [Times: user=0.02 sys=0.00, real=0.01 secs] 
2014-07-28T20:06:32.253+0000: 1954.631: [GC [PSYoungGen: 212000K->352K(207360K)] 387449K->175865K(894336K), 0.0047240 secs] [Times: user=0.02 sys=0.00, real=0.01 secs] 
2014-07-28T20:06:32.938+0000: 1955.316: [GC [PSYoungGen: 207328K->224K(202624K)] 382841K->175761K(889600K), 0.0055490 secs] [Times: user=0.03 sys=0.00, real=0.00 secs] 
2014-07-28T20:06:33.586+0000: 1955.964: [GC [PSYoungGen: 202592K->320K(198272K)] 378129K->175905K(885248K), 0.0053330 secs] [Times: user=0.03 sys=0.01, real=0.00 secs] 
2014-07-28T20:06:34.254+0000: 1956.632: [GC [PSYoungGen: 198272K->352K(194048K)] 373857K->176017K(881024K), 0.0049460 secs] [Times: user=0.03 sys=0.01, real=0.01 secs] 
2014-07-28T20:06:35.126+0000: 1957.504: [GC [PSYoungGen: 194016K->384K(189952K)] 369681K->176073K(876928K), 0.0059450 secs] [Times: user=0.03 sys=0.00, real=0.00 secs] 
2014-07-28T20:06:36.018+0000: 1958.396: [GC [PSYoungGen: 189952K->512K(186112K)] 365641K->176257K(873088K), 0.0078180 secs] [Times: user=0.04 sys=0.00, real=0.01 secs] 
2014-07-28T20:06:36.665+0000: 1959.043: [GC [PSYoungGen: 186112K->192K(222912K)] 361857K->175961K(909888K), 0.0145650 secs] [Times: user=0.08 sys=0.01, real=0.02 secs] 
2014-07-28T20:06:37.415+0000: 1959.793: [GC [PSYoungGen: 222912K->384K(217984K)] 398681K->176193K(904960K), 0.0043020 secs] [Times: user=0.02 sys=0.00, real=0.01 secs] 
2014-07-28T20:06:38.115+0000: 1960.493: [GC [PSYoungGen: 217984K->384K(213056K)] 393793K->176241K(900032K), 0.0035730 secs] [Times: user=0.01 sys=0.00, real=0.01 secs] 
2014-07-28T20:06:38.803+0000: 1961.181: [GC [PSYoungGen: 213056K->352K(240896K)] 388913K->176249K(927872K), 0.0109830 secs] [Times: user=0.06 sys=0.02, real=0.01 secs] 
2014-07-28T20:06:39.594+0000: 1961.972: [GC [PSYoungGen: 240672K->256K(234816K)] 416569K->176193K(921792K), 0.0034140 secs] [Times: user=0.01 sys=0.00, real=0.01 secs] 
2014-07-28T20:06:40.351+0000: 1962.729: [GC [PSYoungGen: 234816K->288K(229312K)] 410753K->176289K(916288K), 0.0045580 secs] [Times: user=0.03 sys=0.00, real=0.00 secs] 
2014-07-28T20:06:41.162+0000: 1963.540: [GC [PSYoungGen: 229280K->306K(223936K)] 405281K->176324K(910912K), 0.0061870 secs] [Times: user=0.02 sys=0.00, real=0.01 secs] 
2014-07-28T20:06:42.231+0000: 1964.609: [GC [PSYoungGen: 223922K->416K(218880K)] 399940K->176473K(905856K), 0.0165270 secs] [Times: user=0.39 sys=0.25, real=0.57 secs] 
2014-07-28T20:06:43.496+0000: 1965.874: [GC [PSYoungGen: 218848K->224K(213696K)] 394905K->176329K(900672K), 0.0037000 secs] [Times: user=0.02 sys=0.00, real=0.01 secs] 
2014-07-28T20:06:44.188+0000: 1966.566: [GC [PSYoungGen: 213664K->274K(208960K)] 389769K->176412K(895936K), 0.0064520 secs] [Times: user=0.04 sys=0.00, real=0.00 secs] 
2014-07-28T20:06:44.919+0000: 1967.297: [GC [PSYoungGen: 208914K->288K(204352K)] 385052K->176473K(891328K), 0.0028000 secs] [Times: user=0.01 sys=0.01, real=0.00 secs] 
2014-07-28T20:06:45.660+0000: 1968.038: [GC [PSYoungGen: 204320K->320K(199872K)] 380505K->176569K(886848K), 0.0023700 secs] [Times: user=0.02 sys=0.00, real=0.00 secs] 
2014-07-28T20:06:46.318+0000: 1968.695: [GC [PSYoungGen: 199872K->224K(195456K)] 376121K->176489K(882432K), 0.0037520 secs] [Times: user=0.02 sys=0.01, real=0.01 secs] 
2014-07-28T20:06:46.941+0000: 1969.319: [GC [PSYoungGen: 195424K->480K(191552K)] 371689K->176817K(878528K), 0.0042080 secs] [Times: user=0.02 sys=0.00, real=0.00 secs] 
2014-07-28T20:06:47.562+0000: 1969.940: [GC [PSYoungGen: 191520K->224K(187264K)] 367857K->176601K(874240K), 0.0038290 secs] [Times: user=0.02 sys=0.01, real=0.00 secs] 
2014-07-28T20:06:48.307+0000: 1970.685: [GC [PSYoungGen: 187197K->352K(183488K)] 363575K->176753K(870464K), 0.0052060 secs] [Times: user=0.02 sys=0.01, real=0.01 secs] 
2014-07-28T20:06:49.126+0000: 1971.504: [GC [PSYoungGen: 183456K->480K(179840K)] 359857K->176921K(866816K), 0.0131850 secs] [Times: user=0.37 sys=0.23, real=0.54 secs] 
2014-07-28T20:06:50.207+0000: 1972.585: [GC [PSYoungGen: 179808K->224K(175936K)] 356249K->176697K(862912K), 0.0071820 secs] [Times: user=0.03 sys=0.00, real=0.01 secs] 
2014-07-28T20:06:50.771+0000: 1973.149: [GC [PSYoungGen: 175904K->288K(172480K)] 352377K->176833K(859456K), 0.0040260 secs] [Times: user=0.03 sys=0.00, real=0.00 secs] 
2014-07-28T20:06:51.346+0000: 1973.724: [GC [PSYoungGen: 172448K->320K(169088K)] 348993K->176897K(856064K), 0.0034730 secs] [Times: user=0.02 sys=0.01, real=0.01 secs] 
2014-07-28T20:06:51.891+0000: 1974.269: [GC [PSYoungGen: 169088K->256K(165696K)] 345665K->176881K(852672K), 0.0053180 secs] [Times: user=0.03 sys=0.01, real=0.00 secs] 
2014-07-28T20:06:52.428+0000: 1974.806: [GC [PSYoungGen: 165696K->320K(162560K)] 342321K->177017K(849536K), 0.0041350 secs] [Times: user=0.03 sys=0.01, real=0.01 secs] 
2014-07-28T20:06:52.961+0000: 1975.339: [GC [PSYoungGen: 162560K->352K(159552K)] 339257K->177065K(846528K), 0.0065500 secs] [Times: user=0.04 sys=0.00, real=0.00 secs] 
2014-07-28T20:06:53.462+0000: 1975.840: [GC [PSYoungGen: 159520K->224K(191296K)] 336233K->176977K(878272K), 0.0092280 secs] [Times: user=0.06 sys=0.00, real=0.01 secs] 
2014-07-28T20:06:54.062+0000: 1976.440: [GC [PSYoungGen: 191264K->224K(229504K)] 368017K->176993K(916480K), 0.0061670 secs] [Times: user=0.03 sys=0.00, real=0.00 secs] 
2014-07-28T20:06:54.890+0000: 1977.268: [GC [PSYoungGen: 229471K->384K(251456K)] 406241K->177201K(938432K), 0.0064530 secs] [Times: user=0.03 sys=0.01, real=0.00 secs] 
2014-07-28T20:06:56.005+0000: 1978.383: [GC [PSYoungGen: 251328K->352K(245184K)] 428145K->177217K(932160K), 0.0070210 secs] [Times: user=0.04 sys=0.00, real=0.01 secs] 
2014-07-28T20:06:56.906+0000: 1979.284: [GC [PSYoungGen: 245152K->192K(239040K)] 422017K->177097K(926016K), 0.0043350 secs] [Times: user=0.02 sys=0.00, real=0.01 secs] 
2014-07-28T20:06:57.682+0000: 1980.060: [GC [PSYoungGen: 239040K->320K(233472K)] 415945K->177305K(920448K), 0.0035940 secs] [Times: user=0.02 sys=0.00, real=0.00 secs] 
2014-07-28T20:06:58.408+0000: 1980.786: [GC [PSYoungGen: 233472K->288K(227968K)] 410457K->177305K(914944K), 0.0038400 secs] [Times: user=0.03 sys=0.00, real=0.01 secs] 
2014-07-28T20:06:59.128+0000: 1981.506: [GC [PSYoungGen: 227936K->352K(222720K)] 404953K->177433K(909696K), 0.0034110 secs] [Times: user=0.02 sys=0.01, real=0.01 secs] 
2014-07-28T20:06:59.834+0000: 1982.212: [GC [PSYoungGen: 222688K->224K(217472K)] 399769K->177353K(904448K), 0.0049230 secs] [Times: user=0.03 sys=0.00, real=0.00 secs] 
2014-07-28T20:07:00.557+0000: 1982.935: [GC [PSYoungGen: 217440K->192K(212480K)] 394569K->177353K(899456K), 0.0035800 secs] [Times: user=0.02 sys=0.00, real=0.01 secs] 
2014-07-28T20:07:01.269+0000: 1983.647: [GC [PSYoungGen: 212480K->352K(207936K)] 389641K->177529K(894912K), 0.0030560 secs] [Times: user=0.01 sys=0.01, real=0.01 secs] 
2014-07-28T20:07:02.141+0000: 1984.519: [GC [PSYoungGen: 207904K->320K(203264K)] 385081K->177545K(890240K), 0.0083390 secs] [Times: user=0.04 sys=0.01, real=0.00 secs] 
2014-07-28T20:07:03.010+0000: 1985.388: [GC [PSYoungGen: 203264K->352K(198912K)] 380489K->177641K(885888K), 0.0050470 secs] [Times: user=0.03 sys=0.01, real=0.01 secs] 
2014-07-28T20:07:03.683+0000: 1986.061: [GC [PSYoungGen: 198880K->320K(194560K)] 376169K->177665K(881536K), 0.0074720 secs] [Times: user=0.04 sys=0.01, real=0.01 secs] 
2014-07-28T20:07:04.312+0000: 1986.690: [GC [PSYoungGen: 194560K->416K(190528K)] 371905K->177777K(877504K), 0.0042670 secs] [Times: user=0.03 sys=0.01, real=0.00 secs] 
2014-07-28T20:07:04.961+0000: 1987.338: [GC [PSYoungGen: 190496K->320K(186368K)] 367857K->177737K(873344K), 0.0115230 secs] [Times: user=0.08 sys=0.01, real=0.02 secs] 
2014-07-28T20:07:05.675+0000: 1988.053: [GC [PSYoungGen: 186368K->288K(182528K)] 363785K->177753K(869504K), 0.0041280 secs] [Times: user=0.02 sys=0.00, real=0.00 secs] 
2014-07-28T20:07:06.311+0000: 1988.689: [GC [PSYoungGen: 182496K->320K(178816K)] 359961K->177817K(865792K), 0.0042250 secs] [Times: user=0.02 sys=0.00, real=0.01 secs] 
2014-07-28T20:07:06.876+0000: 1989.254: [GC [PSYoungGen: 178816K->338K(175232K)] 356313K->177884K(862208K), 0.0032460 secs] [Times: user=0.01 sys=0.00, real=0.00 secs] 
2014-07-28T20:07:07.424+0000: 1989.802: [GC [PSYoungGen: 175186K->384K(171712K)] 352732K->178033K(858688K), 0.0044780 secs] [Times: user=0.03 sys=0.00, real=0.00 secs] 
2014-07-28T20:07:07.954+0000: 1990.332: [GC [PSYoungGen: 171712K->192K(168128K)] 349361K->177857K(855104K), 0.0064750 secs] [Times: user=0.04 sys=0.01, real=0.00 secs] 
2014-07-28T20:07:08.573+0000: 1990.951: [GC [PSYoungGen: 168128K->320K(164992K)] 345793K->178041K(851968K), 0.0046320 secs] [Times: user=0.02 sys=0.00, real=0.00 secs] 
2014-07-28T20:07:09.242+0000: 1991.620: [GC [PSYoungGen: 164992K->480K(161984K)] 342713K->178201K(848960K), 0.0038870 secs] [Times: user=0.02 sys=0.00, real=0.00 secs] 
2014-07-28T20:07:09.889+0000: 1992.267: [GC [PSYoungGen: 161908K->256K(158656K)] 339630K->178057K(845632K), 0.0029970 secs] [Times: user=0.01 sys=0.00, real=0.01 secs] 
2014-07-28T20:07:10.404+0000: 1992.782: [GC [PSYoungGen: 158656K->320K(155712K)] 336457K->178193K(842688K), 0.0024270 secs] [Times: user=0.01 sys=0.00, real=0.00 secs] 
2014-07-28T20:07:10.914+0000: 1993.292: [GC [PSYoungGen: 155712K->224K(152768K)] 333585K->178113K(839744K), 0.0028290 secs] [Times: user=0.02 sys=0.01, real=0.00 secs] 
2014-07-28T20:07:11.425+0000: 1993.803: [GC [PSYoungGen: 152736K->288K(150016K)] 330625K->178249K(836992K), 0.0047570 secs] [Times: user=0.03 sys=0.01, real=0.00 secs] 
2014-07-28T20:07:11.956+0000: 1994.334: [GC [PSYoungGen: 149984K->256K(147264K)] 327945K->178233K(834240K), 0.0056880 secs] [Times: user=0.03 sys=0.01, real=0.00 secs] 
2014-07-28T20:07:12.433+0000: 1994.811: [GC [PSYoungGen: 147264K->192K(144576K)] 325241K->178201K(831552K), 0.0063630 secs] [Times: user=0.04 sys=0.00, real=0.00 secs] 
2014-07-28T20:07:12.914+0000: 1995.292: [GC [PSYoungGen: 144576K->416K(142272K)] 322585K->178441K(829248K), 0.0039500 secs] [Times: user=0.03 sys=0.01, real=0.00 secs] 
2014-07-28T20:07:13.346+0000: 1995.723: [GC [PSYoungGen: 142240K->256K(170496K)] 320265K->178321K(857472K), 0.0076070 secs] [Times: user=0.05 sys=0.00, real=0.01 secs] 
2014-07-28T20:07:13.875+0000: 1996.252: [GC [PSYoungGen: 170496K->160K(204480K)] 348561K->178233K(891456K), 0.0071310 secs] [Times: user=0.04 sys=0.00, real=0.00 secs] 
2014-07-28T20:07:14.539+0000: 1996.917: [GC [PSYoungGen: 204448K->224K(245440K)] 382521K->178321K(932416K), 0.0079210 secs] [Times: user=0.04 sys=0.00, real=0.01 secs] 
2014-07-28T20:07:15.466+0000: 1997.844: [GC [PSYoungGen: 245408K->288K(239552K)] 423505K->178401K(926528K), 0.0043660 secs] [Times: user=0.02 sys=0.01, real=0.00 secs] 
2014-07-28T20:07:16.451+0000: 1998.829: [GC [PSYoungGen: 239520K->434K(233984K)] 417633K->178572K(920960K), 0.0097080 secs] [Times: user=0.05 sys=0.02, real=0.01 secs] 
2014-07-28T20:07:17.244+0000: 1999.622: [GC [PSYoungGen: 233970K->320K(228352K)] 412108K->178545K(915328K), 0.0040560 secs] [Times: user=0.02 sys=0.01, real=0.00 secs] 
2014-07-28T20:07:18.007+0000: 2000.385: [GC [PSYoungGen: 228352K->384K(223104K)] 406577K->178657K(910080K), 0.0042350 secs] [Times: user=0.03 sys=0.01, real=0.00 secs] 
2014-07-28T20:07:18.719+0000: 2001.097: [GC [PSYoungGen: 223104K->384K(217984K)] 401377K->178721K(904960K), 0.0041810 secs] [Times: user=0.02 sys=0.01, real=0.01 secs] 
2014-07-28T20:07:19.411+0000: 2001.789: [GC [PSYoungGen: 217984K->288K(212992K)] 396321K->178641K(899968K), 0.0077490 secs] [Times: user=0.05 sys=0.00, real=0.01 secs] 
2014-07-28T20:07:20.090+0000: 2002.468: [GC [PSYoungGen: 212960K->320K(208192K)] 391313K->178729K(895168K), 0.0043330 secs] [Times: user=0.03 sys=0.00, real=0.01 secs] 
2014-07-28T20:07:20.740+0000: 2003.118: [GC [PSYoungGen: 208192K->320K(203584K)] 386601K->178777K(890560K), 0.0052320 secs] [Times: user=0.03 sys=0.00, real=0.01 secs] 
2014-07-28T20:07:21.375+0000: 2003.753: [GC [PSYoungGen: 203584K->320K(199104K)] 382041K->178785K(886080K), 0.0043950 secs] [Times: user=0.02 sys=0.00, real=0.00 secs] 
2014-07-28T20:07:22.184+0000: 2004.562: [GC [PSYoungGen: 199104K->256K(194752K)] 377569K->178745K(881728K), 0.0115170 secs] [Times: user=0.06 sys=0.00, real=0.01 secs] 
2014-07-28T20:07:23.044+0000: 2005.422: [GC [PSYoungGen: 194752K->320K(233728K)] 373241K->178841K(920704K), 0.0172840 secs] [Times: user=0.09 sys=0.01, real=0.01 secs] 
2014-07-28T20:07:23.908+0000: 2006.286: [GC [PSYoungGen: 233728K->352K(267648K)] 412249K->178937K(954624K), 0.0078090 secs] [Times: user=0.05 sys=0.00, real=0.01 secs] 
2014-07-28T20:07:24.811+0000: 2007.189: [GC [PSYoungGen: 267488K->256K(260608K)] 446073K->178889K(947584K), 0.0024080 secs] [Times: user=0.01 sys=0.00, real=0.00 secs] 
2014-07-28T20:07:25.673+0000: 2008.051: [GC [PSYoungGen: 260559K->448K(254272K)] 439193K->179153K(941248K), 0.0041700 secs] [Times: user=0.03 sys=0.01, real=0.01 secs] 
2014-07-28T20:07:26.486+0000: 2008.864: [GC [PSYoungGen: 254272K->224K(247808K)] 432977K->178977K(934784K), 0.0033160 secs] [Times: user=0.02 sys=0.00, real=0.00 secs] 
2014-07-28T20:07:27.295+0000: 2009.673: [GC [PSYoungGen: 247776K->256K(241792K)] 426529K->179049K(928768K), 0.0049700 secs] [Times: user=0.03 sys=0.00, real=0.00 secs] 
2014-07-28T20:07:28.093+0000: 2010.471: [GC [PSYoungGen: 241792K->256K(235968K)] 420585K->179081K(922944K), 0.0060150 secs] [Times: user=0.04 sys=0.01, real=0.01 secs] 
2014-07-28T20:07:29.196+0000: 2011.574: [GC [PSYoungGen: 235968K->484K(230656K)] 414793K->179342K(917632K), 0.0093020 secs] [Times: user=0.06 sys=0.00, real=0.01 secs] 
2014-07-28T20:07:30.293+0000: 2012.671: [GC [PSYoungGen: 230628K->256K(225024K)] 409486K->179161K(912000K), 0.0034330 secs] [Times: user=0.03 sys=0.00, real=0.01 secs] 
2014-07-28T20:07:31.054+0000: 2013.432: [GC [PSYoungGen: 225024K->256K(219840K)] 403929K->179201K(906816K), 0.0062120 secs] [Times: user=0.04 sys=0.01, real=0.01 secs] 
2014-07-28T20:07:31.801+0000: 2014.179: [GC [PSYoungGen: 219840K->192K(214784K)] 398785K->179169K(901760K), 0.0045110 secs] [Times: user=0.02 sys=0.00, real=0.01 secs] 
2014-07-28T20:07:32.501+0000: 2014.879: [GC [PSYoungGen: 214770K->352K(210112K)] 393748K->179345K(897088K), 0.0116110 secs] [Times: user=0.07 sys=0.01, real=0.01 secs] 
2014-07-28T20:07:33.224+0000: 2015.602: [GC [PSYoungGen: 210080K->256K(205312K)] 389073K->179313K(892288K), 0.0034920 secs] [Times: user=0.02 sys=0.00, real=0.01 secs] 
2014-07-28T20:07:33.915+0000: 2016.293: [GC [PSYoungGen: 205312K->320K(200896K)] 384369K->179433K(887872K), 0.0040060 secs] [Times: user=0.03 sys=0.00, real=0.00 secs] 
2014-07-28T20:07:34.559+0000: 2016.937: [GC [PSYoungGen: 200880K->256K(196480K)] 379994K->179393K(883456K), 0.0040600 secs] [Times: user=0.01 sys=0.01, real=0.00 secs] 
2014-07-28T20:07:35.199+0000: 2017.577: [GC [PSYoungGen: 196480K->416K(192448K)] 375617K->179569K(879424K), 0.0049630 secs] [Times: user=0.02 sys=0.00, real=0.00 secs] 
2014-07-28T20:07:36.082+0000: 2018.460: [GC [PSYoungGen: 192416K->352K(188288K)] 371569K->179553K(875264K), 0.0071980 secs] [Times: user=0.04 sys=0.01, real=0.01 secs] 
2014-07-28T20:07:36.946+0000: 2019.324: [GC [PSYoungGen: 188256K->320K(184320K)] 367457K->179577K(871296K), 0.0041320 secs] [Times: user=0.03 sys=0.00, real=0.00 secs] 
2014-07-28T20:07:37.541+0000: 2019.919: [GC [PSYoungGen: 184320K->384K(180608K)] 363577K->179705K(867584K), 0.0076620 secs] [Times: user=0.04 sys=0.01, real=0.01 secs] 
2014-07-28T20:07:38.202+0000: 2020.579: [GC [PSYoungGen: 180608K->192K(176768K)] 359929K->179529K(863744K), 0.0035240 secs] [Times: user=0.02 sys=0.00, real=0.00 secs] 
2014-07-28T20:07:38.820+0000: 2021.198: [GC [PSYoungGen: 176768K->160K(212096K)] 356105K->179521K(899072K), 0.0167770 secs] [Times: user=0.12 sys=0.00, real=0.02 secs] 
2014-07-28T20:07:39.569+0000: 2021.947: [GC [PSYoungGen: 212064K->320K(207488K)] 391425K->179737K(894464K), 0.0018970 secs] [Times: user=0.01 sys=0.00, real=0.00 secs] 
2014-07-28T20:07:40.214+0000: 2022.592: [GC [PSYoungGen: 207488K->384K(249024K)] 386905K->179865K(936000K), 0.0086930 secs] [Times: user=0.04 sys=0.01, real=0.01 secs] 
2014-07-28T20:07:41.050+0000: 2023.428: [GC [PSYoungGen: 249024K->288K(242880K)] 428505K->179817K(929856K), 0.0049750 secs] [Times: user=0.03 sys=0.00, real=0.00 secs] 
2014-07-28T20:07:41.847+0000: 2024.225: [GC [PSYoungGen: 242848K->192K(236928K)] 422377K->179769K(923904K), 0.0030660 secs] [Times: user=0.01 sys=0.01, real=0.00 secs] 
2014-07-28T20:07:42.839+0000: 2025.217: [GC [PSYoungGen: 236928K->512K(231616K)] 416505K->180145K(918592K), 0.0151670 secs] [Times: user=0.08 sys=0.02, real=0.01 secs] 
2014-07-28T20:07:43.829+0000: 2026.207: [GC [PSYoungGen: 231616K->384K(226048K)] 411249K->180065K(913024K), 0.0074520 secs] [Times: user=0.04 sys=0.00, real=0.01 secs] 
2014-07-28T20:07:44.709+0000: 2027.087: [GC [PSYoungGen: 226022K->384K(220800K)] 405704K->180097K(907776K), 0.0048720 secs] [Times: user=0.02 sys=0.00, real=0.00 secs] 
2014-07-28T20:07:45.424+0000: 2027.802: [GC [PSYoungGen: 220800K->384K(215744K)] 400513K->180177K(902720K), 0.0057440 secs] [Times: user=0.03 sys=0.01, real=0.01 secs] 
2014-07-28T20:07:46.109+0000: 2028.487: [GC [PSYoungGen: 215744K->448K(210944K)] 395537K->180337K(897920K), 0.0037960 secs] [Times: user=0.02 sys=0.00, real=0.00 secs] 
2014-07-28T20:07:46.741+0000: 2029.119: [GC [PSYoungGen: 210944K->224K(206080K)] 390833K->180161K(893056K), 0.0040110 secs] [Times: user=0.02 sys=0.01, real=0.00 secs] 
2014-07-28T20:07:47.392+0000: 2029.770: [GC [PSYoungGen: 206048K->384K(201664K)] 385985K->180345K(888640K), 0.0046630 secs] [Times: user=0.03 sys=0.00, real=0.01 secs] 
2014-07-28T20:07:48.014+0000: 2030.392: [GC [PSYoungGen: 201664K->256K(197184K)] 381625K->180257K(884160K), 0.0036240 secs] [Times: user=0.02 sys=0.00, real=0.01 secs] 
2014-07-28T20:07:48.649+0000: 2031.027: [GC [PSYoungGen: 197184K->448K(193152K)] 377185K->180513K(880128K), 0.0046310 secs] [Times: user=0.02 sys=0.00, real=0.00 secs] 
2014-07-28T20:07:49.342+0000: 2031.720: [GC [PSYoungGen: 193152K->448K(189056K)] 373217K->180529K(876032K), 0.0057590 secs] [Times: user=0.02 sys=0.01, real=0.01 secs] 
2014-07-28T20:07:50.200+0000: 2032.578: [GC [PSYoungGen: 189056K->416K(185088K)] 369137K->180561K(872064K), 0.0044560 secs] [Times: user=0.34 sys=0.26, real=0.59 secs] 
2014-07-28T20:07:51.457+0000: 2033.834: [GC [PSYoungGen: 185056K->384K(181184K)] 365201K->180593K(868160K), 0.0025470 secs] [Times: user=0.02 sys=0.00, real=0.01 secs] 
2014-07-28T20:07:52.079+0000: 2034.456: [GC [PSYoungGen: 181176K->288K(177408K)] 361386K->180545K(864384K), 0.0039850 secs] [Times: user=0.02 sys=0.01, real=0.00 secs] 
2014-07-28T20:07:52.684+0000: 2035.062: [GC [PSYoungGen: 177376K->256K(173760K)] 357633K->180553K(860736K), 0.0032380 secs] [Times: user=0.02 sys=0.00, real=0.00 secs] 
2014-07-28T20:07:53.223+0000: 2035.600: [GC [PSYoungGen: 173760K->384K(170432K)] 354057K->180705K(857408K), 0.0090680 secs] [Times: user=0.05 sys=0.00, real=0.01 secs] 
2014-07-28T20:07:53.763+0000: 2036.141: [GC [PSYoungGen: 170416K->288K(167040K)] 350738K->180673K(854016K), 0.0038510 secs] [Times: user=0.02 sys=0.00, real=0.00 secs] 
2014-07-28T20:07:54.329+0000: 2036.707: [GC [PSYoungGen: 167008K->288K(163776K)] 347393K->180689K(850752K), 0.0061310 secs] [Times: user=0.03 sys=0.01, real=0.00 secs] 
2014-07-28T20:07:54.850+0000: 2037.227: [GC [PSYoungGen: 163744K->192K(196352K)] 344145K->180617K(883328K), 0.0094230 secs] [Times: user=0.06 sys=0.01, real=0.01 secs] 
2014-07-28T20:07:55.464+0000: 2037.841: [GC [PSYoungGen: 196352K->288K(235712K)] 376777K->180785K(922688K), 0.0048070 secs] [Times: user=0.03 sys=0.01, real=0.00 secs] 
2014-07-28T20:07:56.372+0000: 2038.750: [GC [PSYoungGen: 235680K->480K(230336K)] 416177K->181009K(917312K), 0.0038730 secs] [Times: user=0.03 sys=0.00, real=0.00 secs] 
2014-07-28T20:07:57.340+0000: 2039.717: [GC [PSYoungGen: 230304K->416K(224896K)] 410833K->181025K(911872K), 0.0041970 secs] [Times: user=0.03 sys=0.01, real=0.00 secs] 
2014-07-28T20:07:58.327+0000: 2040.705: [GC [PSYoungGen: 224864K->256K(219520K)] 405473K->180945K(906496K), 0.0029000 secs] [Times: user=0.24 sys=0.17, real=0.40 secs] 
2014-07-28T20:07:59.441+0000: 2041.819: [GC [PSYoungGen: 219520K->320K(214592K)] 400209K->181065K(901568K), 0.0098700 secs] [Times: user=0.06 sys=0.01, real=0.01 secs] 
2014-07-28T20:08:00.127+0000: 2042.504: [GC [PSYoungGen: 214592K->320K(209792K)] 395337K->181129K(896768K), 0.0034670 secs] [Times: user=0.02 sys=0.00, real=0.01 secs] 
2014-07-28T20:08:00.799+0000: 2043.177: [GC [PSYoungGen: 209792K->448K(205248K)] 390601K->181337K(892224K), 0.0036470 secs] [Times: user=0.02 sys=0.01, real=0.01 secs] 
2014-07-28T20:08:01.433+0000: 2043.811: [GC [PSYoungGen: 205245K->192K(200512K)] 386135K->181097K(887488K), 0.0038680 secs] [Times: user=0.03 sys=0.01, real=0.00 secs] 
2014-07-28T20:08:02.071+0000: 2044.449: [GC [PSYoungGen: 200512K->288K(196288K)] 381417K->181217K(883264K), 0.0035290 secs] [Times: user=0.02 sys=0.00, real=0.00 secs] 
2014-07-28T20:08:02.709+0000: 2045.086: [GC [PSYoungGen: 196238K->224K(192000K)] 377168K->181201K(878976K), 0.0026010 secs] [Times: user=0.02 sys=0.00, real=0.01 secs] 
2014-07-28T20:08:03.408+0000: 2045.786: [GC [PSYoungGen: 191968K->448K(188160K)] 372945K->181425K(875136K), 0.0039280 secs] [Times: user=0.02 sys=0.00, real=0.01 secs] 
2014-07-28T20:08:04.119+0000: 2046.497: [GC [PSYoungGen: 188160K->512K(184320K)] 369137K->181569K(871296K), 0.0059500 secs] [Times: user=0.04 sys=0.00, real=0.01 secs] 
2014-07-28T20:08:04.896+0000: 2047.274: [GC [PSYoungGen: 184320K->530K(180608K)] 365377K->181628K(867584K), 0.0082860 secs] [Times: user=0.05 sys=0.01, real=0.01 secs] 
2014-07-28T20:08:05.633+0000: 2048.011: [GC [PSYoungGen: 180562K->242K(176640K)] 361660K->181396K(863616K), 0.0109220 secs] [Times: user=0.05 sys=0.01, real=0.01 secs] 
2014-07-28T20:08:06.372+0000: 2048.750: [GC [PSYoungGen: 176626K->320K(173184K)] 357780K->181505K(860160K), 0.0058680 secs] [Times: user=0.04 sys=0.01, real=0.00 secs] 
2014-07-28T20:08:07.071+0000: 2049.449: [GC [PSYoungGen: 173184K->416K(169856K)] 354369K->181657K(856832K), 0.0063050 secs] [Times: user=0.04 sys=0.01, real=0.00 secs] 
2014-07-28T20:08:07.621+0000: 2049.999: [GC [PSYoungGen: 169824K->352K(166464K)] 351065K->181641K(853440K), 0.0043820 secs] [Times: user=0.01 sys=0.00, real=0.00 secs] 
2014-07-28T20:08:08.153+0000: 2050.531: [GC [PSYoungGen: 166432K->338K(163264K)] 347721K->181668K(850240K), 0.0035500 secs] [Times: user=0.02 sys=0.00, real=0.00 secs] 
2014-07-28T20:08:08.674+0000: 2051.051: [GC [PSYoungGen: 163191K->320K(160064K)] 344521K->181705K(847040K), 0.0064130 secs] [Times: user=0.04 sys=0.00, real=0.00 secs] 
2014-07-28T20:08:09.184+0000: 2051.561: [GC [PSYoungGen: 160064K->256K(156992K)] 341449K->181665K(843968K), 0.0040890 secs] [Times: user=0.03 sys=0.00, real=0.00 secs] 
2014-07-28T20:08:09.686+0000: 2052.064: [GC [PSYoungGen: 156975K->416K(154240K)] 338385K->181889K(841216K), 0.0064890 secs] [Times: user=0.04 sys=0.01, real=0.01 secs] 
2014-07-28T20:08:10.173+0000: 2052.551: [GC [PSYoungGen: 154208K->320K(151296K)] 335681K->181809K(838272K), 0.0030990 secs] [Times: user=0.02 sys=0.00, real=0.00 secs] 
2014-07-28T20:08:10.647+0000: 2053.025: [GC [PSYoungGen: 151296K->224K(148480K)] 332785K->181761K(835456K), 0.0050430 secs] [Times: user=0.03 sys=0.00, real=0.01 secs] 
2014-07-28T20:08:11.109+0000: 2053.487: [GC [PSYoungGen: 148448K->224K(145792K)] 329985K->181785K(832768K), 0.0033120 secs] [Times: user=0.01 sys=0.01, real=0.01 secs] 
2014-07-28T20:08:11.580+0000: 2053.958: [GC [PSYoungGen: 145760K->320K(143232K)] 327321K->181921K(830208K), 0.0037170 secs] [Times: user=0.01 sys=0.00, real=0.01 secs] 
2014-07-28T20:08:12.055+0000: 2054.433: [GC [PSYoungGen: 143232K->256K(140672K)] 324833K->181881K(827648K), 0.0063910 secs] [Times: user=0.04 sys=0.00, real=0.01 secs] 
2014-07-28T20:08:12.653+0000: 2055.031: [GC [PSYoungGen: 140672K->562K(138560K)] 322297K->182260K(825536K), 0.0048280 secs] [Times: user=0.03 sys=0.00, real=0.00 secs] 
2014-07-28T20:08:13.228+0000: 2055.606: [GC [PSYoungGen: 138525K->370K(136000K)] 320223K->182164K(822976K), 0.0041820 secs] [Times: user=0.02 sys=0.00, real=0.01 secs] 
2014-07-28T20:08:13.782+0000: 2056.160: [GC [PSYoungGen: 135953K->512K(133824K)] 317747K->182385K(820800K), 0.0042960 secs] [Times: user=0.02 sys=0.00, real=0.00 secs] 
2014-07-28T20:08:14.370+0000: 2056.748: [GC [PSYoungGen: 133824K->288K(160320K)] 315697K->182185K(847296K), 0.0089500 secs] [Times: user=0.06 sys=0.00, real=0.01 secs] 
2014-07-28T20:08:15.114+0000: 2057.492: [GC [PSYoungGen: 160288K->384K(157376K)] 342185K->182329K(844352K), 0.0029600 secs] [Times: user=0.02 sys=0.00, real=0.00 secs] 
2014-07-28T20:08:15.802+0000: 2058.180: [GC [PSYoungGen: 157376K->384K(154432K)] 339321K->182385K(841408K), 0.0061930 secs] [Times: user=0.04 sys=0.00, real=0.00 secs] 
2014-07-28T20:08:16.389+0000: 2058.767: [GC [PSYoungGen: 154432K->416K(151616K)] 336433K->182433K(838592K), 0.0053400 secs] [Times: user=0.03 sys=0.00, real=0.01 secs] 
2014-07-28T20:08:16.916+0000: 2059.294: [GC [PSYoungGen: 151584K->192K(148608K)] 333601K->182233K(835584K), 0.0032740 secs] [Times: user=0.02 sys=0.01, real=0.00 secs] 
2014-07-28T20:08:17.442+0000: 2059.820: [GC [PSYoungGen: 148608K->320K(146048K)] 330649K->182401K(833024K), 0.0056240 secs] [Times: user=0.03 sys=0.00, real=0.00 secs] 
2014-07-28T20:08:17.929+0000: 2060.307: [GC [PSYoungGen: 146048K->256K(143360K)] 328129K->182361K(830336K), 0.0057640 secs] [Times: user=0.04 sys=0.00, real=0.01 secs] 
2014-07-28T20:08:18.380+0000: 2060.758: [GC [PSYoungGen: 143360K->192K(171968K)] 325465K->182321K(858944K), 0.0082030 secs] [Times: user=0.05 sys=0.01, real=0.01 secs] 
2014-07-28T20:08:18.970+0000: 2061.348: [GC [PSYoungGen: 171968K->256K(168640K)] 354097K->182409K(855616K), 0.0032740 secs] [Times: user=0.02 sys=0.00, real=0.01 secs] 
2014-07-28T20:08:19.485+0000: 2061.863: [GC [PSYoungGen: 168640K->352K(165504K)] 350793K->182561K(852480K), 0.0035630 secs] [Times: user=0.02 sys=0.00, real=0.00 secs] 
2014-07-28T20:08:20.022+0000: 2062.400: [GC [PSYoungGen: 165472K->370K(162304K)] 347681K->182588K(849280K), 0.0035420 secs] [Times: user=0.02 sys=0.00, real=0.00 secs] 
2014-07-28T20:08:20.528+0000: 2062.906: [GC [PSYoungGen: 162290K->256K(159104K)] 344508K->182513K(846080K), 0.0064140 secs] [Times: user=0.03 sys=0.01, real=0.01 secs] 
2014-07-28T20:08:21.169+0000: 2063.547: [GC [PSYoungGen: 159104K->352K(156224K)] 341361K->182633K(843200K), 0.0059510 secs] [Times: user=0.03 sys=0.01, real=0.01 secs] 
2014-07-28T20:08:21.806+0000: 2064.184: [GC [PSYoungGen: 156192K->512K(187520K)] 338473K->182841K(874496K), 0.0084880 secs] [Times: user=0.05 sys=0.01, real=0.01 secs] 
2014-07-28T20:08:22.580+0000: 2064.958: [GC [PSYoungGen: 187511K->306K(183424K)] 369841K->182652K(870400K), 0.0026590 secs] [Times: user=0.01 sys=0.00, real=0.00 secs] 
2014-07-28T20:08:23.410+0000: 2065.788: [GC [PSYoungGen: 183410K->288K(179648K)] 365756K->182673K(866624K), 0.0069420 secs] [Times: user=0.04 sys=0.00, real=0.01 secs] 
2014-07-28T20:08:24.200+0000: 2066.578: [GC [PSYoungGen: 179616K->224K(175936K)] 362001K->182641K(862912K), 0.0083400 secs] [Times: user=0.04 sys=0.01, real=0.01 secs] 
2014-07-28T20:08:24.819+0000: 2067.197: [GC [PSYoungGen: 175904K->288K(172480K)] 358321K->182769K(859456K), 0.0039770 secs] [Times: user=0.02 sys=0.00, real=0.01 secs] 
2014-07-28T20:08:25.372+0000: 2067.750: [GC [PSYoungGen: 172448K->352K(169152K)] 354929K->182849K(856128K), 0.0039670 secs] [Times: user=0.03 sys=0.00, real=0.01 secs] 
2014-07-28T20:08:25.924+0000: 2068.302: [GC [PSYoungGen: 169120K->320K(165760K)] 351617K->182873K(852736K), 0.0041530 secs] [Times: user=0.02 sys=0.00, real=0.00 secs] 
2014-07-28T20:08:26.444+0000: 2068.822: [GC [PSYoungGen: 165760K->288K(162560K)] 348313K->182905K(849536K), 0.0041270 secs] [Times: user=0.02 sys=0.00, real=0.00 secs] 
2014-07-28T20:08:26.980+0000: 2069.358: [GC [PSYoungGen: 162528K->224K(159424K)] 345145K->182865K(846400K), 0.0033890 secs] [Times: user=0.02 sys=0.01, real=0.01 secs] 
2014-07-28T20:08:27.481+0000: 2069.859: [GC [PSYoungGen: 159392K->384K(156544K)] 342033K->183121K(843520K), 0.0050870 secs] [Times: user=0.03 sys=0.00, real=0.01 secs] 
2014-07-28T20:08:28.006+0000: 2070.384: [GC [PSYoungGen: 156544K->352K(153600K)] 339281K->183105K(840576K), 0.0065170 secs] [Times: user=0.04 sys=0.00, real=0.01 secs] 
2014-07-28T20:08:28.488+0000: 2070.866: [GC [PSYoungGen: 153568K->306K(150720K)] 336321K->183108K(837696K), 0.0037590 secs] [Times: user=0.02 sys=0.00, real=0.00 secs] 
2014-07-28T20:08:28.979+0000: 2071.357: [GC [PSYoungGen: 150706K->256K(147904K)] 333508K->183065K(834880K), 0.0040200 secs] [Times: user=0.02 sys=0.01, real=0.00 secs] 
2014-07-28T20:08:29.597+0000: 2071.975: [GC [PSYoungGen: 147904K->416K(145408K)] 330713K->183281K(832384K), 0.0027330 secs] [Times: user=0.01 sys=0.00, real=0.00 secs] 
2014-07-28T20:08:30.236+0000: 2072.614: [GC [PSYoungGen: 145376K->384K(142784K)] 328241K->183265K(829760K), 0.0047460 secs] [Times: user=0.02 sys=0.00, real=0.00 secs] 
2014-07-28T20:08:30.851+0000: 2073.229: [GC [PSYoungGen: 142784K->256K(140160K)] 325665K->183233K(827136K), 0.0041090 secs] [Times: user=0.02 sys=0.00, real=0.01 secs] 
2014-07-28T20:08:31.471+0000: 2073.848: [GC [PSYoungGen: 140110K->320K(137792K)] 323088K->183337K(824768K), 0.0028730 secs] [Times: user=0.01 sys=0.01, real=0.00 secs] 
2014-07-28T20:08:32.035+0000: 2074.413: [GC [PSYoungGen: 137792K->512K(135616K)] 320809K->183617K(822592K), 0.0044530 secs] [Times: user=0.02 sys=0.00, real=0.00 secs] 
2014-07-28T20:08:32.623+0000: 2075.001: [GC [PSYoungGen: 135616K->480K(133312K)] 318721K->183625K(820288K), 0.0104440 secs] [Times: user=0.05 sys=0.01, real=0.01 secs] 
2014-07-28T20:08:33.189+0000: 2075.567: [GC [PSYoungGen: 133280K->192K(130752K)] 316425K->183441K(817728K), 0.0040780 secs] [Times: user=0.02 sys=0.00, real=0.00 secs] 
2014-07-28T20:08:33.636+0000: 2076.014: [GC [PSYoungGen: 130752K->274K(128704K)] 314001K->183556K(815680K), 0.0029260 secs] [Times: user=0.01 sys=0.00, real=0.00 secs] 
2014-07-28T20:08:34.044+0000: 2076.422: [GC [PSYoungGen: 128658K->352K(126656K)] 311940K->183681K(813632K), 0.0051960 secs] [Times: user=0.03 sys=0.00, real=0.01 secs] 
2014-07-28T20:08:34.453+0000: 2076.831: [GC [PSYoungGen: 126624K->256K(124480K)] 309953K->183617K(811456K), 0.0037190 secs] [Times: user=0.01 sys=0.00, real=0.01 secs] 
2014-07-28T20:08:34.852+0000: 2077.230: [GC [PSYoungGen: 124480K->288K(149440K)] 307841K->183673K(836416K), 0.0052490 secs] [Times: user=0.03 sys=0.01, real=0.01 secs] 
2014-07-28T20:08:35.338+0000: 2077.715: [GC [PSYoungGen: 149408K->256K(146688K)] 332793K->183689K(833664K), 0.0031560 secs] [Times: user=0.02 sys=0.00, real=0.00 secs] 
2014-07-28T20:08:35.794+0000: 2078.172: [GC [PSYoungGen: 146688K->192K(144000K)] 330121K->183641K(830976K), 0.0038980 secs] [Times: user=0.01 sys=0.00, real=0.01 secs] 
2014-07-28T20:08:36.263+0000: 2078.641: [GC [PSYoungGen: 143995K->256K(141504K)] 327445K->183721K(828480K), 0.0023120 secs] [Times: user=0.02 sys=0.00, real=0.01 secs] 
2014-07-28T20:08:36.713+0000: 2079.091: [GC [PSYoungGen: 141504K->192K(169728K)] 324969K->183681K(856704K), 0.0080330 secs] [Times: user=0.04 sys=0.00, real=0.01 secs] 
2014-07-28T20:08:37.252+0000: 2079.629: [GC [PSYoungGen: 169728K->256K(203712K)] 353217K->183769K(890688K), 0.0053400 secs] [Times: user=0.03 sys=0.00, real=0.01 secs] 
2014-07-28T20:08:37.932+0000: 2080.310: [GC [PSYoungGen: 203712K->320K(199296K)] 387225K->183873K(886272K), 0.0060080 secs] [Times: user=0.04 sys=0.00, real=0.01 secs] 
2014-07-28T20:08:38.661+0000: 2081.039: [GC [PSYoungGen: 199296K->480K(195200K)] 382849K->184105K(882176K), 0.0044500 secs] [Times: user=0.03 sys=0.00, real=0.01 secs] 
2014-07-28T20:08:39.497+0000: 2081.875: [GC [PSYoungGen: 195168K->256K(190784K)] 378793K->183921K(877760K), 0.0046040 secs] [Times: user=1.57 sys=1.20, real=2.77 secs] 
2014-07-28T20:08:42.774+0000: 2085.152: [GC [PSYoungGen: 190782K->288K(186816K)] 374448K->183985K(873792K), 0.0036200 secs] [Times: user=0.02 sys=0.00, real=0.01 secs] 
2014-07-28T20:08:43.370+0000: 2085.748: [GC [PSYoungGen: 186784K->192K(182784K)] 370481K->183913K(869760K), 0.0031220 secs] [Times: user=0.01 sys=0.01, real=0.00 secs] 
2014-07-28T20:08:43.956+0000: 2086.334: [GC [PSYoungGen: 182784K->320K(179136K)] 366505K->184081K(866112K), 0.0035030 secs] [Times: user=0.02 sys=0.00, real=0.01 secs] 
2014-07-28T20:08:44.530+0000: 2086.908: [GC [PSYoungGen: 179136K->256K(175424K)] 362897K->184049K(862400K), 0.0051610 secs] [Times: user=0.03 sys=0.00, real=0.00 secs] 
2014-07-28T20:08:45.124+0000: 2087.502: [GC [PSYoungGen: 175424K->256K(171904K)] 359217K->184097K(858880K), 0.0045860 secs] [Times: user=0.03 sys=0.00, real=0.01 secs] 
2014-07-28T20:08:45.669+0000: 2088.047: [GC [PSYoungGen: 171904K->256K(168512K)] 355745K->184105K(855488K), 0.0047500 secs] [Times: user=0.02 sys=0.01, real=0.00 secs] 
2014-07-28T20:08:46.228+0000: 2088.606: [GC [PSYoungGen: 168512K->224K(165248K)] 352361K->184129K(852224K), 0.0031340 secs] [Times: user=0.02 sys=0.00, real=0.00 secs] 
2014-07-28T20:08:46.768+0000: 2089.145: [GC [PSYoungGen: 165216K->288K(162112K)] 349121K->184233K(849088K), 0.0055660 secs] [Times: user=0.04 sys=0.01, real=0.00 secs] 
2014-07-28T20:08:47.325+0000: 2089.703: [GC [PSYoungGen: 162080K->370K(159104K)] 346025K->184340K(846080K), 0.0045050 secs] [Times: user=0.02 sys=0.00, real=0.01 secs] 
2014-07-28T20:08:47.945+0000: 2090.323: [GC [PSYoungGen: 159090K->256K(155968K)] 343060K->184273K(842944K), 0.0085760 secs] [Times: user=0.05 sys=0.00, real=0.01 secs] 
2014-07-28T20:08:48.571+0000: 2090.949: [GC [PSYoungGen: 155968K->448K(153280K)] 339985K->184489K(840256K), 0.0047270 secs] [Times: user=0.03 sys=0.01, real=0.00 secs] 
2014-07-28T20:08:49.271+0000: 2091.649: [GC [PSYoungGen: 153280K->224K(150272K)] 337321K->184281K(837248K), 0.0045010 secs] [Times: user=1.17 sys=0.99, real=2.17 secs] 
2014-07-28T20:08:51.860+0000: 2094.238: [GC [PSYoungGen: 150240K->434K(147712K)] 334297K->184524K(834688K), 0.0061700 secs] [Times: user=0.04 sys=0.00, real=0.00 secs] 
2014-07-28T20:08:52.410+0000: 2094.787: [GC [PSYoungGen: 147698K->352K(145024K)] 331788K->184505K(832000K), 0.0046630 secs] [Times: user=0.03 sys=0.00, real=0.00 secs] 
2014-07-28T20:08:52.927+0000: 2095.305: [GC [PSYoungGen: 144992K->320K(142400K)] 329145K->184497K(829376K), 0.0040720 secs] [Times: user=0.02 sys=0.00, real=0.00 secs] 
2014-07-28T20:08:53.413+0000: 2095.791: [GC [PSYoungGen: 142400K->384K(139968K)] 326577K->184633K(826944K), 0.0043270 secs] [Times: user=0.01 sys=0.01, real=0.01 secs] 
2014-07-28T20:08:53.897+0000: 2096.275: [GC [PSYoungGen: 139968K->352K(137536K)] 324217K->184617K(824512K), 0.0044500 secs] [Times: user=0.03 sys=0.01, real=0.00 secs] 
2014-07-28T20:08:54.372+0000: 2096.750: [GC [PSYoungGen: 137498K->320K(135104K)] 321764K->184657K(822080K), 0.0055310 secs] [Times: user=0.03 sys=0.00, real=0.01 secs] 
2014-07-28T20:08:54.845+0000: 2097.223: [GC [PSYoungGen: 135104K->256K(132736K)] 319441K->184617K(819712K), 0.0035130 secs] [Times: user=0.02 sys=0.01, real=0.01 secs] 
2014-07-28T20:08:55.307+0000: 2097.685: [GC [PSYoungGen: 132736K->320K(130560K)] 317097K->184729K(817536K), 0.0036370 secs] [Times: user=0.02 sys=0.00, real=0.01 secs] 
2014-07-28T20:08:55.763+0000: 2098.140: [GC [PSYoungGen: 130560K->416K(128512K)] 314969K->184849K(815488K), 0.0058570 secs] [Times: user=0.03 sys=0.00, real=0.01 secs] 
2014-07-28T20:08:56.209+0000: 2098.587: [GC [PSYoungGen: 128451K->224K(126208K)] 312885K->184705K(813184K), 0.0044780 secs] [Times: user=0.03 sys=0.00, real=0.00 secs] 
2014-07-28T20:08:56.795+0000: 2099.173: [GC [PSYoungGen: 126176K->320K(124224K)] 310657K->184825K(811200K), 0.0053470 secs] [Times: user=0.02 sys=0.00, real=0.01 secs] 
2014-07-28T20:08:57.488+0000: 2099.866: [GC [PSYoungGen: 124224K->384K(122304K)] 308729K->184953K(809280K), 0.0077170 secs] [Times: user=0.04 sys=0.01, real=0.00 secs] 
2014-07-28T20:08:58.166+0000: 2100.544: [GC [PSYoungGen: 122304K->416K(120448K)] 306873K->185057K(807424K), 0.0031650 secs] [Times: user=0.01 sys=0.00, real=0.01 secs] 
2014-07-28T20:08:58.811+0000: 2101.189: [GC [PSYoungGen: 120409K->256K(118400K)] 305051K->184937K(805376K), 0.0043580 secs] [Times: user=0.03 sys=0.00, real=0.00 secs] 
2014-07-28T20:08:59.433+0000: 2101.811: [GC [PSYoungGen: 118400K->498K(116800K)] 303081K->185300K(803776K), 0.0047680 secs] [Times: user=0.03 sys=0.00, real=0.01 secs] 
2014-07-28T20:09:00.074+0000: 2102.452: [GC [PSYoungGen: 116748K->320K(114816K)] 301549K->185241K(801792K), 0.0037100 secs] [Times: user=0.02 sys=0.01, real=0.01 secs] 
2014-07-28T20:09:00.671+0000: 2103.049: [GC [PSYoungGen: 114816K->320K(113088K)] 299737K->185305K(800064K), 0.0066370 secs] [Times: user=0.04 sys=0.00, real=0.00 secs] 
2014-07-28T20:09:01.262+0000: 2103.640: [GC [PSYoungGen: 113078K->416K(111552K)] 298064K->185457K(798528K), 0.0047310 secs] [Times: user=0.03 sys=0.01, real=0.00 secs] 
2014-07-28T20:09:01.731+0000: 2104.109: [GC [PSYoungGen: 111520K->224K(109696K)] 296561K->185297K(796672K), 0.0060100 secs] [Times: user=0.04 sys=0.01, real=0.00 secs] 
2014-07-28T20:09:02.271+0000: 2104.649: [GC [PSYoungGen: 109664K->320K(108160K)] 294737K->185425K(795136K), 0.0044500 secs] [Times: user=0.01 sys=0.00, real=0.00 secs] 
2014-07-28T20:09:02.736+0000: 2105.114: [GC [PSYoungGen: 108160K->288K(106624K)] 293265K->185417K(793600K), 0.0039550 secs] [Times: user=0.02 sys=0.00, real=0.01 secs] 
2014-07-28T20:09:03.297+0000: 2105.675: [GC [PSYoungGen: 106592K->434K(105216K)] 291721K->185612K(792192K), 0.0033250 secs] [Times: user=0.02 sys=0.00, real=0.01 secs] 
2014-07-28T20:09:03.726+0000: 2106.104: [GC [PSYoungGen: 105202K->320K(103616K)] 290380K->185529K(790592K), 0.0045280 secs] [Times: user=0.03 sys=0.01, real=0.01 secs] 
2014-07-28T20:09:04.121+0000: 2106.499: [GC [PSYoungGen: 103616K->288K(102144K)] 288825K->185561K(789120K), 0.0038060 secs] [Times: user=0.02 sys=0.00, real=0.00 secs] 
2014-07-28T20:09:04.504+0000: 2106.882: [GC [PSYoungGen: 102112K->352K(100800K)] 287385K->185649K(787776K), 0.0036440 secs] [Times: user=0.01 sys=0.00, real=0.00 secs] 
2014-07-28T20:09:04.872+0000: 2107.250: [GC [PSYoungGen: 100768K->192K(99264K)] 286065K->185513K(786240K), 0.0032160 secs] [Times: user=0.01 sys=0.00, real=0.00 secs] 
2014-07-28T20:09:05.227+0000: 2107.605: [GC [PSYoungGen: 99246K->338K(98112K)] 284567K->185692K(785088K), 0.0040860 secs] [Times: user=0.02 sys=0.00, real=0.01 secs] 
2014-07-28T20:09:05.605+0000: 2107.983: [GC [PSYoungGen: 98066K->288K(117632K)] 283420K->185673K(804608K), 0.0071370 secs] [Times: user=0.05 sys=0.01, real=0.01 secs] 
2014-07-28T20:09:06.228+0000: 2108.605: [GC [PSYoungGen: 117600K->480K(141312K)] 302985K->185945K(828288K), 0.0044350 secs] [Times: user=0.03 sys=0.00, real=0.01 secs] 
2014-07-28T20:09:06.974+0000: 2109.352: [GC [PSYoungGen: 141280K->256K(138624K)] 326745K->185873K(825600K), 0.0052390 secs] [Times: user=0.03 sys=0.01, real=0.01 secs] 
2014-07-28T20:09:07.691+0000: 2110.069: [GC [PSYoungGen: 138624K->320K(136320K)] 324241K->185961K(823296K), 0.0075500 secs] [Times: user=0.05 sys=0.01, real=0.00 secs] 
2014-07-28T20:09:08.395+0000: 2110.772: [GC [PSYoungGen: 136320K->288K(163520K)] 321961K->185969K(850496K), 0.0098900 secs] [Times: user=0.06 sys=0.01, real=0.01 secs] 
2014-07-28T20:09:09.245+0000: 2111.623: [GC [PSYoungGen: 163488K->434K(160512K)] 349169K->186148K(847488K), 0.0040540 secs] [Times: user=0.03 sys=0.00, real=0.00 secs] 
2014-07-28T20:09:10.051+0000: 2112.429: [GC [PSYoungGen: 160498K->352K(157440K)] 346212K->186113K(844416K), 0.0025200 secs] [Times: user=0.02 sys=0.00, real=0.00 secs] 
2014-07-28T20:09:10.860+0000: 2113.238: [GC [PSYoungGen: 157408K->352K(154496K)] 343169K->186177K(841472K), 0.0041330 secs] [Times: user=0.03 sys=0.00, real=0.00 secs] 
2014-07-28T20:09:11.654+0000: 2114.031: [GC [PSYoungGen: 154436K->434K(151680K)] 340262K->186308K(838656K), 0.0094160 secs] [Times: user=0.05 sys=0.00, real=0.01 secs] 
2014-07-28T20:09:12.444+0000: 2114.822: [GC [PSYoungGen: 151645K->416K(148928K)] 337519K->186361K(835904K), 0.0031860 secs] [Times: user=0.01 sys=0.01, real=0.00 secs] 
2014-07-28T20:09:13.201+0000: 2115.578: [GC [PSYoungGen: 148896K->288K(146112K)] 334841K->186257K(833088K), 0.0087720 secs] [Times: user=0.05 sys=0.01, real=0.00 secs] 
2014-07-28T20:09:13.797+0000: 2116.174: [GC [PSYoungGen: 146080K->320K(143488K)] 332049K->186345K(830464K), 0.0056490 secs] [Times: user=0.04 sys=0.01, real=0.01 secs] 
2014-07-28T20:09:14.345+0000: 2116.723: [GC [PSYoungGen: 143488K->320K(140992K)] 329513K->186385K(827968K), 0.0027960 secs] [Times: user=0.02 sys=0.00, real=0.00 secs] 
2014-07-28T20:09:14.859+0000: 2117.236: [GC [PSYoungGen: 140992K->320K(138560K)] 327057K->186393K(825536K), 0.0043220 secs] [Times: user=0.02 sys=0.00, real=0.01 secs] 
2014-07-28T20:09:15.319+0000: 2117.697: [GC [PSYoungGen: 138560K->306K(136192K)] 324633K->186436K(823168K), 0.0042340 secs] [Times: user=0.03 sys=0.00, real=0.01 secs] 
2014-07-28T20:09:15.764+0000: 2118.142: [GC [PSYoungGen: 136174K->256K(163328K)] 322304K->186409K(850304K), 0.0077730 secs] [Times: user=0.05 sys=0.00, real=0.01 secs] 
2014-07-28T20:09:16.313+0000: 2118.691: [GC [PSYoungGen: 163328K->320K(196032K)] 349481K->186513K(883008K), 0.0054270 secs] [Times: user=0.03 sys=0.01, real=0.00 secs] 
2014-07-28T20:09:16.968+0000: 2119.345: [GC [PSYoungGen: 196011K->352K(191936K)] 382205K->186569K(878912K), 0.0057110 secs] [Times: user=0.02 sys=0.00, real=0.01 secs] 
2014-07-28T20:09:17.625+0000: 2120.002: [GC [PSYoungGen: 191904K->256K(187776K)] 378121K->186529K(874752K), 0.0056010 secs] [Times: user=0.03 sys=0.01, real=0.00 secs] 
2014-07-28T20:09:18.252+0000: 2120.630: [GC [PSYoungGen: 187776K->384K(184000K)] 374049K->186753K(870976K), 0.0046610 secs] [Times: user=0.03 sys=0.00, real=0.00 secs] 
2014-07-28T20:09:19.082+0000: 2121.460: [GC [PSYoungGen: 184000K->288K(180160K)] 370369K->186689K(867136K), 0.0054190 secs] [Times: user=0.03 sys=0.00, real=0.00 secs] 
2014-07-28T20:09:19.963+0000: 2122.341: [GC [PSYoungGen: 180128K->384K(176576K)] 366529K->186825K(863552K), 0.0070650 secs] [Times: user=0.04 sys=0.01, real=0.00 secs] 
2014-07-28T20:09:20.819+0000: 2123.197: [GC [PSYoungGen: 176576K->320K(172992K)] 363017K->186793K(859968K), 0.0048500 secs] [Times: user=0.02 sys=0.00, real=0.01 secs] 
2014-07-28T20:09:21.695+0000: 2124.073: [GC [PSYoungGen: 172980K->288K(169536K)] 359454K->186817K(856512K), 0.0040320 secs] [Times: user=0.02 sys=0.01, real=0.00 secs] 
2014-07-28T20:09:22.558+0000: 2124.936: [GC [PSYoungGen: 169475K->416K(166336K)] 356005K->187033K(853312K), 0.0029620 secs] [Times: user=0.01 sys=0.00, real=0.00 secs] 
2014-07-28T20:09:23.417+0000: 2125.795: [GC [PSYoungGen: 166260K->370K(163072K)] 352878K->187044K(850048K), 0.0048050 secs] [Times: user=0.03 sys=0.00, real=0.00 secs] 
2014-07-28T20:09:24.058+0000: 2126.436: [GC [PSYoungGen: 163058K->256K(159808K)] 349732K->187049K(846784K), 0.0034270 secs] [Times: user=0.02 sys=0.00, real=0.01 secs] 
2014-07-28T20:09:24.578+0000: 2126.956: [GC [PSYoungGen: 159792K->320K(156864K)] 346586K->187177K(843840K), 0.0039370 secs] [Times: user=0.03 sys=0.01, real=0.01 secs] 
2014-07-28T20:09:25.110+0000: 2127.487: [GC [PSYoungGen: 156864K->416K(154048K)] 343721K->187369K(841024K), 0.0036730 secs] [Times: user=0.02 sys=0.00, real=0.01 secs] 
2014-07-28T20:09:25.626+0000: 2128.004: [GC [PSYoungGen: 154016K->352K(151168K)] 340969K->187345K(838144K), 0.0039140 secs] [Times: user=0.02 sys=0.00, real=0.00 secs] 
2014-07-28T20:09:26.113+0000: 2128.491: [GC [PSYoungGen: 151136K->256K(148288K)] 338129K->187329K(835264K), 0.0064880 secs] [Times: user=0.04 sys=0.00, real=0.00 secs] 
2014-07-28T20:09:26.595+0000: 2128.973: [GC [PSYoungGen: 148288K->256K(145600K)] 335361K->187353K(832576K), 0.0066760 secs] [Times: user=0.04 sys=0.01, real=0.01 secs] 
2014-07-28T20:09:27.076+0000: 2129.454: [GC [PSYoungGen: 145600K->192K(142976K)] 332697K->187313K(829952K), 0.0038050 secs] [Times: user=0.02 sys=0.00, real=0.00 secs] 
2014-07-28T20:09:27.546+0000: 2129.924: [GC [PSYoungGen: 142976K->448K(140736K)] 330097K->187617K(827712K), 0.0024810 secs] [Times: user=0.02 sys=0.00, real=0.00 secs] 
2014-07-28T20:09:28.015+0000: 2130.393: [GC [PSYoungGen: 140736K->256K(138112K)] 327905K->187481K(825088K), 0.0046160 secs] [Times: user=0.03 sys=0.01, real=0.00 secs] 
2014-07-28T20:09:28.465+0000: 2130.842: [GC [PSYoungGen: 138112K->352K(135872K)] 325337K->187625K(822848K), 0.0040900 secs] [Times: user=0.03 sys=0.00, real=0.00 secs] 
2014-07-28T20:09:29.061+0000: 2131.439: [GC [PSYoungGen: 135840K->420K(133632K)] 323113K->187726K(820608K), 0.0030440 secs] [Times: user=0.01 sys=0.00, real=0.01 secs] 
2014-07-28T20:09:29.735+0000: 2132.113: [GC [PSYoungGen: 133604K->512K(131456K)] 320910K->187865K(818432K), 0.0032470 secs] [Times: user=0.01 sys=0.01, real=0.00 secs] 
2014-07-28T20:09:30.416+0000: 2132.794: [GC [PSYoungGen: 131456K->128K(128896K)] 318809K->187609K(815872K), 0.0029300 secs] [Times: user=0.01 sys=0.01, real=0.00 secs] 
2014-07-28T20:09:31.083+0000: 2133.461: [GC [PSYoungGen: 128896K->434K(127104K)] 316377K->187940K(814080K), 0.0059560 secs] [Times: user=0.04 sys=0.01, real=0.00 secs] 
2014-07-28T20:09:31.698+0000: 2134.076: [GC [PSYoungGen: 127051K->384K(124992K)] 314557K->188044K(811968K), 0.0034180 secs] [Times: user=0.02 sys=0.00, real=0.00 secs] 
2014-07-28T20:09:32.318+0000: 2134.696: [GC [PSYoungGen: 124992K->448K(123072K)] 312652K->188156K(810048K), 0.0064280 secs] [Times: user=0.04 sys=0.01, real=0.01 secs] 
2014-07-28T20:09:32.943+0000: 2135.320: [GC [PSYoungGen: 123072K->384K(121088K)] 310780K->188180K(808064K), 0.0048300 secs] [Times: user=0.03 sys=0.00, real=0.01 secs] 
2014-07-28T20:09:33.456+0000: 2135.834: [GC [PSYoungGen: 121088K->416K(145344K)] 308884K->188260K(832320K), 0.0093710 secs] [Times: user=0.06 sys=0.00, real=0.01 secs] 
2014-07-28T20:09:33.945+0000: 2136.323: [GC [PSYoungGen: 145312K->224K(142592K)] 333156K->188108K(829568K), 0.0041720 secs] [Times: user=0.03 sys=0.00, real=0.00 secs] 
2014-07-28T20:09:34.404+0000: 2136.782: [GC [PSYoungGen: 142560K->352K(140224K)] 330444K->188300K(827200K), 0.0034910 secs] [Times: user=0.02 sys=0.00, real=0.00 secs] 
2014-07-28T20:09:34.881+0000: 2137.259: [GC [PSYoungGen: 140192K->384K(137792K)] 328140K->188332K(824768K), 0.0042620 secs] [Times: user=0.03 sys=0.00, real=0.01 secs] 
2014-07-28T20:09:35.326+0000: 2137.704: [GC [PSYoungGen: 137792K->192K(135232K)] 325740K->188156K(822208K), 0.0037870 secs] [Times: user=0.01 sys=0.00, real=0.00 secs] 
2014-07-28T20:09:35.765+0000: 2138.143: [GC [PSYoungGen: 135190K->224K(132992K)] 323154K->188212K(819968K), 0.0037570 secs] [Times: user=0.02 sys=0.00, real=0.00 secs] 
2014-07-28T20:09:36.194+0000: 2138.572: [GC [PSYoungGen: 132960K->192K(159488K)] 320948K->188212K(846464K), 0.0116170 secs] [Times: user=0.07 sys=0.00, real=0.02 secs] 
2014-07-28T20:09:36.730+0000: 2139.108: [GC [PSYoungGen: 159488K->352K(191552K)] 347508K->188420K(878528K), 0.0038150 secs] [Times: user=0.03 sys=0.00, real=0.00 secs] 
2014-07-28T20:09:37.348+0000: 2139.726: [GC [PSYoungGen: 191520K->224K(229696K)] 379588K->188316K(916672K), 0.0038220 secs] [Times: user=0.01 sys=0.00, real=0.00 secs] 
2014-07-28T20:09:38.165+0000: 2140.543: [GC [PSYoungGen: 229664K->224K(224320K)] 417756K->188340K(911296K), 0.0034130 secs] [Times: user=0.01 sys=0.00, real=0.00 secs] 
2014-07-28T20:09:39.227+0000: 2141.605: [GC [PSYoungGen: 224280K->416K(219328K)] 412396K->188588K(906304K), 0.0038160 secs] [Times: user=0.02 sys=0.01, real=0.00 secs] 
2014-07-28T20:09:40.355+0000: 2142.733: [GC [PSYoungGen: 219251K->384K(214272K)] 407423K->188612K(901248K), 0.0040050 secs] [Times: user=0.02 sys=0.01, real=0.00 secs] 
2014-07-28T20:09:41.533+0000: 2143.911: [GC [PSYoungGen: 214272K->320K(209408K)] 402500K->188564K(896384K), 0.0079480 secs] [Times: user=0.05 sys=0.00, real=0.01 secs] 
2014-07-28T20:09:42.715+0000: 2145.093: [GC [PSYoungGen: 209408K->352K(204800K)] 397652K->188660K(891776K), 0.0024690 secs] [Times: user=0.02 sys=0.00, real=0.00 secs] 
2014-07-28T20:09:43.686+0000: 2146.064: [GC [PSYoungGen: 204768K->320K(200256K)] 393076K->188684K(887232K), 0.0035580 secs] [Times: user=0.02 sys=0.00, real=0.00 secs] 
2014-07-28T20:09:44.416+0000: 2146.794: [GC [PSYoungGen: 200256K->256K(195840K)] 388620K->188652K(882816K), 0.0056060 secs] [Times: user=0.03 sys=0.01, real=0.00 secs] 
2014-07-28T20:09:45.180+0000: 2147.558: [GC [PSYoungGen: 195840K->384K(191808K)] 384236K->188788K(878784K), 0.0043490 secs] [Times: user=0.02 sys=0.00, real=0.00 secs] 
2014-07-28T20:09:45.901+0000: 2148.279: [GC [PSYoungGen: 191808K->320K(187712K)] 380212K->188756K(874688K), 0.0056450 secs] [Times: user=0.01 sys=0.00, real=0.01 secs] 
2014-07-28T20:09:46.604+0000: 2148.982: [GC [PSYoungGen: 187712K->192K(183680K)] 376148K->188652K(870656K), 0.0034080 secs] [Times: user=0.01 sys=0.00, real=0.01 secs] 
2014-07-28T20:09:47.311+0000: 2149.689: [GC [PSYoungGen: 183680K->256K(179968K)] 372140K->188756K(866944K), 0.0052830 secs] [Times: user=0.03 sys=0.01, real=0.01 secs] 
2014-07-28T20:09:47.989+0000: 2150.367: [GC [PSYoungGen: 179967K->288K(176384K)] 368467K->188820K(863360K), 0.0037980 secs] [Times: user=0.02 sys=0.00, real=0.00 secs] 
2014-07-28T20:09:48.885+0000: 2151.262: [GC [PSYoungGen: 176352K->480K(173056K)] 364884K->189068K(860032K), 0.0053150 secs] [Times: user=0.03 sys=0.00, real=0.01 secs] 
2014-07-28T20:09:49.853+0000: 2152.231: [GC [PSYoungGen: 173024K->352K(169472K)] 361612K->188996K(856448K), 0.0026160 secs] [Times: user=0.02 sys=0.00, real=0.01 secs] 
2014-07-28T20:09:50.797+0000: 2153.175: [GC [PSYoungGen: 169440K->320K(166080K)] 358084K->189076K(853056K), 0.0049580 secs] [Times: user=0.03 sys=0.00, real=0.00 secs] 
2014-07-28T20:09:51.696+0000: 2154.073: [GC [PSYoungGen: 166074K->530K(163136K)] 354830K->189334K(850112K), 0.0051170 secs] [Times: user=0.03 sys=0.00, real=0.01 secs] 
2014-07-28T20:09:52.607+0000: 2154.985: [GC [PSYoungGen: 163090K->320K(159744K)] 351894K->189252K(846720K), 0.0031200 secs] [Times: user=0.01 sys=0.01, real=0.00 secs] 
2014-07-28T20:09:53.486+0000: 2155.864: [GC [PSYoungGen: 159744K->416K(156864K)] 348676K->189388K(843840K), 0.0081250 secs] [Times: user=1.79 sys=1.26, real=3.05 secs] 
2014-07-28T20:09:56.962+0000: 2159.340: [GC [PSYoungGen: 156832K->320K(153792K)] 345804K->189348K(840768K), 0.0039190 secs] [Times: user=0.02 sys=0.00, real=0.00 secs] 
2014-07-28T20:09:57.511+0000: 2159.889: [GC [PSYoungGen: 153792K->192K(150848K)] 342820K->189260K(837824K), 0.0046410 secs] [Times: user=0.02 sys=0.00, real=0.00 secs] 
2014-07-28T20:09:58.075+0000: 2160.453: [GC [PSYoungGen: 150848K->256K(148160K)] 339916K->189348K(835136K), 0.0050100 secs] [Times: user=0.02 sys=0.01, real=0.01 secs] 
2014-07-28T20:09:58.645+0000: 2161.023: [GC [PSYoungGen: 148160K->288K(145536K)] 337252K->189428K(832512K), 0.0044250 secs] [Times: user=0.02 sys=0.00, real=0.01 secs] 
2014-07-28T20:09:59.199+0000: 2161.576: [GC [PSYoungGen: 145504K->288K(142976K)] 334644K->189468K(829952K), 0.0101740 secs] [Times: user=0.05 sys=0.00, real=0.01 secs] 
2014-07-28T20:09:59.739+0000: 2162.117: [GC [PSYoungGen: 142944K->416K(140608K)] 332124K->189644K(827584K), 0.0056920 secs] [Times: user=0.02 sys=0.01, real=0.00 secs] 
2014-07-28T20:10:00.232+0000: 2162.610: [GC [PSYoungGen: 140576K->224K(137984K)] 329804K->189484K(824960K), 0.0042510 secs] [Times: user=0.02 sys=0.00, real=0.00 secs] 
2014-07-28T20:10:00.782+0000: 2163.160: [GC [PSYoungGen: 137943K->288K(165632K)] 327203K->189580K(852608K), 0.0103070 secs] [Times: user=0.05 sys=0.01, real=0.01 secs] 
2014-07-28T20:10:01.380+0000: 2163.757: [GC [PSYoungGen: 165600K->256K(198656K)] 354892K->189588K(885632K), 0.0045570 secs] [Times: user=0.03 sys=0.00, real=0.00 secs] 
2014-07-28T20:10:02.343+0000: 2164.721: [GC [PSYoungGen: 198656K->544K(194688K)] 387988K->189884K(881664K), 0.0066120 secs] [Times: user=0.03 sys=0.01, real=0.01 secs] 
2014-07-28T20:10:03.302+0000: 2165.680: [GC [PSYoungGen: 194656K->370K(190336K)] 383996K->189774K(877312K), 0.0041960 secs] [Times: user=0.02 sys=0.01, real=0.00 secs] 
2014-07-28T20:10:04.272+0000: 2166.649: [GC [PSYoungGen: 190322K->352K(186368K)] 379726K->189820K(873344K), 0.0049380 secs] [Times: user=0.03 sys=0.01, real=0.00 secs] 
2014-07-28T20:10:05.160+0000: 2167.538: [GC [PSYoungGen: 186336K->224K(182400K)] 375804K->189740K(869376K), 0.0047440 secs] [Times: user=0.03 sys=0.00, real=0.00 secs] 
2014-07-28T20:10:05.773+0000: 2168.151: [GC [PSYoungGen: 182368K->256K(178688K)] 371884K->189836K(865664K), 0.0072140 secs] [Times: user=0.04 sys=0.01, real=0.01 secs] 
2014-07-28T20:10:06.393+0000: 2168.771: [GC [PSYoungGen: 178688K->320K(175104K)] 368268K->189956K(862080K), 0.0073240 secs] [Times: user=0.04 sys=0.00, real=0.01 secs] 
2014-07-28T20:10:06.986+0000: 2169.364: [GC [PSYoungGen: 175104K->256K(171520K)] 364740K->189916K(858496K), 0.0039380 secs] [Times: user=0.02 sys=0.01, real=0.01 secs] 
2014-07-28T20:10:07.621+0000: 2169.999: [GC [PSYoungGen: 171520K->256K(168128K)] 361180K->189956K(855104K), 0.0076330 secs] [Times: user=0.03 sys=0.01, real=0.00 secs] 
2014-07-28T20:10:08.186+0000: 2170.564: [GC [PSYoungGen: 168128K->256K(164864K)] 357828K->190012K(851840K), 0.0041250 secs] [Times: user=0.02 sys=0.00, real=0.01 secs] 
2014-07-28T20:10:08.725+0000: 2171.103: [GC [PSYoungGen: 164864K->466K(161920K)] 354620K->190286K(848896K), 0.0028670 secs] [Times: user=0.02 sys=0.00, real=0.00 secs] 
2014-07-28T20:10:09.250+0000: 2171.628: [GC [PSYoungGen: 161874K->384K(158720K)] 351694K->190268K(845696K), 0.0027680 secs] [Times: user=0.02 sys=0.00, real=0.00 secs] 
2014-07-28T20:10:09.756+0000: 2172.134: [GC [PSYoungGen: 158720K->320K(190336K)] 348604K->190236K(877312K), 0.0167320 secs] [Times: user=0.12 sys=0.00, real=0.02 secs] 
2014-07-28T20:10:10.431+0000: 2172.808: [GC [PSYoungGen: 190336K->416K(228480K)] 380252K->190428K(915456K), 0.0038970 secs] [Times: user=0.02 sys=0.00, real=0.00 secs] 
2014-07-28T20:10:11.173+0000: 2173.551: [GC [PSYoungGen: 228425K->416K(223168K)] 418437K->190444K(910144K), 0.0035610 secs] [Times: user=0.03 sys=0.00, real=0.00 secs] 
2014-07-28T20:10:11.891+0000: 2174.269: [GC [PSYoungGen: 223136K->256K(230336K)] 413164K->190316K(917312K), 0.0083060 secs] [Times: user=0.04 sys=0.00, real=0.01 secs] 
2014-07-28T20:10:12.636+0000: 2175.014: [GC [PSYoungGen: 230016K->288K(224704K)] 420076K->190388K(911680K), 0.0035540 secs] [Times: user=0.01 sys=0.00, real=0.01 secs] 
2014-07-28T20:10:13.370+0000: 2175.748: [GC [PSYoungGen: 224672K->320K(219520K)] 414772K->190492K(906496K), 0.0022470 secs] [Times: user=0.01 sys=0.00, real=0.01 secs] 
2014-07-28T20:10:14.075+0000: 2176.453: [GC [PSYoungGen: 219520K->384K(214592K)] 409692K->190572K(901568K), 0.0039240 secs] [Times: user=0.03 sys=0.00, real=0.00 secs] 
2014-07-28T20:10:14.846+0000: 2177.223: [GC [PSYoungGen: 214592K->320K(209728K)] 404780K->190556K(896704K), 0.0059580 secs] [Times: user=0.01 sys=0.00, real=0.01 secs] 
2014-07-28T20:10:15.609+0000: 2177.987: [GC [PSYoungGen: 209728K->384K(205120K)] 399964K->190716K(892096K), 0.0026580 secs] [Times: user=0.02 sys=0.00, real=0.01 secs] 
2014-07-28T20:10:16.304+0000: 2178.682: [GC [PSYoungGen: 205120K->384K(200640K)] 395452K->190780K(887616K), 0.0032030 secs] [Times: user=0.01 sys=0.00, real=0.00 secs] 
2014-07-28T20:10:16.950+0000: 2179.328: [GC [PSYoungGen: 200611K->448K(196352K)] 391007K->190892K(883328K), 0.0025110 secs] [Times: user=0.02 sys=0.00, real=0.00 secs] 
2014-07-28T20:10:17.602+0000: 2179.980: [GC [PSYoungGen: 196352K->224K(191936K)] 386796K->190700K(878912K), 0.0065260 secs] [Times: user=0.04 sys=0.00, real=0.00 secs] 
2014-07-28T20:10:18.214+0000: 2180.592: [GC [PSYoungGen: 191904K->384K(188032K)] 382380K->190908K(875008K), 0.0041180 secs] [Times: user=0.01 sys=0.00, real=0.00 secs] 
2014-07-28T20:10:18.847+0000: 2181.224: [GC [PSYoungGen: 188032K->416K(184192K)] 378556K->190972K(871168K), 0.0033210 secs] [Times: user=0.02 sys=0.00, real=0.00 secs] 
2014-07-28T20:10:19.458+0000: 2181.836: [GC [PSYoungGen: 184160K->320K(180288K)] 374716K->190932K(867264K), 0.0049920 secs] [Times: user=0.02 sys=0.00, real=0.01 secs] 
2014-07-28T20:10:20.059+0000: 2182.437: [GC [PSYoungGen: 180243K->384K(176704K)] 370855K->191004K(863680K), 0.0035500 secs] [Times: user=0.02 sys=0.00, real=0.01 secs] 
2014-07-28T20:10:20.728+0000: 2183.106: [GC [PSYoungGen: 176704K->384K(173184K)] 367324K->191084K(860160K), 0.0045350 secs] [Times: user=0.03 sys=0.00, real=0.01 secs] 
2014-07-28T20:10:21.297+0000: 2183.675: [GC [PSYoungGen: 173184K->288K(169664K)] 363884K->191044K(856640K), 0.0062300 secs] [Times: user=0.03 sys=0.00, real=0.01 secs] 
2014-07-28T20:10:21.902+0000: 2184.280: [GC [PSYoungGen: 169632K->416K(166464K)] 360388K->191204K(853440K), 0.0033670 secs] [Times: user=0.02 sys=0.01, real=0.00 secs] 
2014-07-28T20:10:22.456+0000: 2184.834: [GC [PSYoungGen: 166432K->320K(163136K)] 357220K->191164K(850112K), 0.0042260 secs] [Times: user=0.03 sys=0.00, real=0.00 secs] 
2014-07-28T20:10:23.018+0000: 2185.396: [GC [PSYoungGen: 163136K->402K(160128K)] 353980K->191254K(847104K), 0.0036770 secs] [Times: user=0.02 sys=0.00, real=0.01 secs] 
2014-07-28T20:10:23.572+0000: 2185.949: [GC [PSYoungGen: 160082K->352K(157056K)] 350934K->191284K(844032K), 0.0025110 secs] [Times: user=0.01 sys=0.00, real=0.00 secs] 
2014-07-28T20:10:24.125+0000: 2186.503: [GC [PSYoungGen: 157024K->160K(153920K)] 347956K->191108K(840896K), 0.0042220 secs] [Times: user=0.02 sys=0.00, real=0.00 secs] 
2014-07-28T20:10:24.617+0000: 2186.995: [GC [PSYoungGen: 153888K->448K(151360K)] 344836K->191412K(838336K), 0.0033460 secs] [Times: user=0.02 sys=0.00, real=0.00 secs] 
2014-07-28T20:10:25.113+0000: 2187.491: [GC [PSYoungGen: 151321K->416K(148608K)] 342285K->191476K(835584K), 0.0049450 secs] [Times: user=0.03 sys=0.00, real=0.00 secs] 
2014-07-28T20:10:25.608+0000: 2187.986: [GC [PSYoungGen: 148576K->256K(145728K)] 339636K->191332K(832704K), 0.0040620 secs] [Times: user=0.02 sys=0.00, real=0.01 secs] 
2014-07-28T20:10:26.077+0000: 2188.455: [GC [PSYoungGen: 145728K->480K(143360K)] 336804K->191612K(830336K), 0.0060070 secs] [Times: user=0.03 sys=0.00, real=0.01 secs] 
2014-07-28T20:10:26.540+0000: 2188.918: [GC [PSYoungGen: 143328K->288K(140672K)] 334460K->191444K(827648K), 0.0039120 secs] [Times: user=0.02 sys=0.00, real=0.01 secs] 
2014-07-28T20:10:26.988+0000: 2189.366: [GC [PSYoungGen: 140640K->224K(138176K)] 331796K->191412K(825152K), 0.0025220 secs] [Times: user=0.01 sys=0.00, real=0.00 secs] 
2014-07-28T20:10:27.434+0000: 2189.812: [GC [PSYoungGen: 138144K->320K(135872K)] 329332K->191572K(822848K), 0.0068790 secs] [Times: user=0.04 sys=0.00, real=0.00 secs] 
2014-07-28T20:10:27.867+0000: 2190.245: [GC [PSYoungGen: 135872K->192K(133440K)] 327124K->191452K(820416K), 0.0047500 secs] [Times: user=0.03 sys=0.00, real=0.00 secs] 
2014-07-28T20:10:28.303+0000: 2190.681: [GC [PSYoungGen: 133440K->384K(160320K)] 324700K->191716K(847296K), 0.0055030 secs] [Times: user=0.03 sys=0.00, real=0.00 secs] 
2014-07-28T20:10:28.817+0000: 2191.195: [GC [PSYoungGen: 160320K->288K(192256K)] 351652K->191636K(879232K), 0.0064480 secs] [Times: user=0.03 sys=0.00, real=0.01 secs] 
2014-07-28T20:10:29.454+0000: 2191.832: [GC [PSYoungGen: 192224K->192K(230528K)] 383572K->191572K(917504K), 0.0049130 secs] [Times: user=0.03 sys=0.01, real=0.00 secs] 
2014-07-28T20:10:30.223+0000: 2192.601: [GC [PSYoungGen: 230528K->448K(225408K)] 421908K->191836K(912384K), 0.0067280 secs] [Times: user=0.04 sys=0.00, real=0.00 secs] 
2014-07-28T20:10:31.026+0000: 2193.404: [GC [PSYoungGen: 225408K->320K(220096K)] 416796K->191772K(907072K), 0.0041840 secs] [Times: user=0.02 sys=0.00, real=0.00 secs] 
2014-07-28T20:10:31.779+0000: 2194.157: [GC [PSYoungGen: 220096K->256K(214976K)] 411548K->191756K(901952K), 0.0035700 secs] [Times: user=0.02 sys=0.00, real=0.01 secs] 
2014-07-28T20:10:32.512+0000: 2194.889: [GC [PSYoungGen: 214976K->256K(210112K)] 406476K->191796K(897088K), 0.0035890 secs] [Times: user=0.01 sys=0.00, real=0.01 secs] 
2014-07-28T20:10:33.286+0000: 2195.664: [GC [PSYoungGen: 210112K->384K(205568K)] 401652K->191948K(892544K), 0.0057660 secs] [Times: user=0.03 sys=0.00, real=0.00 secs] 
2014-07-28T20:10:34.004+0000: 2196.382: [GC [PSYoungGen: 205568K->288K(200960K)] 397132K->191908K(887936K), 0.0027520 secs] [Times: user=0.01 sys=0.00, real=0.00 secs] 
2014-07-28T20:10:34.726+0000: 2197.104: [GC [PSYoungGen: 200928K->448K(196736K)] 392548K->192156K(883712K), 0.0037970 secs] [Times: user=0.03 sys=0.00, real=0.00 secs] 
2014-07-28T20:10:35.444+0000: 2197.822: [GC [PSYoungGen: 196736K->512K(192576K)] 388444K->192332K(879552K), 0.0042320 secs] [Times: user=0.02 sys=0.00, real=0.00 secs] 
2014-07-28T20:10:36.096+0000: 2198.474: [GC [PSYoungGen: 192576K->192K(188160K)] 384396K->192012K(875136K), 0.0038210 secs] [Times: user=0.01 sys=0.00, real=0.00 secs] 
2014-07-28T20:10:36.691+0000: 2199.069: [GC [PSYoungGen: 188160K->352K(184448K)] 379980K->192228K(871424K), 0.0052220 secs] [Times: user=0.03 sys=0.00, real=0.01 secs] 
2014-07-28T20:10:37.275+0000: 2199.653: [GC [PSYoungGen: 184416K->288K(180608K)] 376292K->192228K(867584K), 0.0039280 secs] [Times: user=0.02 sys=0.00, real=0.00 secs] 
2014-07-28T20:10:37.864+0000: 2200.242: [GC [PSYoungGen: 180576K->416K(177088K)] 372516K->192372K(864064K), 0.0021340 secs] [Times: user=0.01 sys=0.00, real=0.00 secs] 
2014-07-28T20:10:38.412+0000: 2200.790: [GC [PSYoungGen: 177036K->192K(173248K)] 368992K->192172K(860224K), 0.0032180 secs] [Times: user=0.01 sys=0.01, real=0.01 secs] 
2014-07-28T20:10:38.975+0000: 2201.353: [GC [PSYoungGen: 173248K->320K(169920K)] 365228K->192316K(856896K), 0.0057170 secs] [Times: user=0.04 sys=0.00, real=0.00 secs] 
2014-07-28T20:10:39.522+0000: 2201.899: [GC [PSYoungGen: 169895K->320K(166592K)] 361891K->192380K(853568K), 0.0035280 secs] [Times: user=0.02 sys=0.00, real=0.01 secs] 
2014-07-28T20:10:40.051+0000: 2202.429: [GC [PSYoungGen: 166592K->256K(163328K)] 358652K->192340K(850304K), 0.0051590 secs] [Times: user=0.03 sys=0.00, real=0.01 secs] 
2014-07-28T20:10:40.601+0000: 2202.979: [GC [PSYoungGen: 163328K->416K(160384K)] 355412K->192596K(847360K), 0.0036000 secs] [Times: user=0.02 sys=0.00, real=0.01 secs] 
2014-07-28T20:10:41.105+0000: 2203.483: [GC [PSYoungGen: 160352K->256K(157184K)] 352532K->192492K(844160K), 0.0027900 secs] [Times: user=0.02 sys=0.00, real=0.00 secs] 
2014-07-28T20:10:41.627+0000: 2204.005: [GC [PSYoungGen: 157184K->448K(154432K)] 349420K->192692K(841408K), 0.0035430 secs] [Times: user=0.03 sys=0.00, real=0.00 secs] 
2014-07-28T20:10:42.107+0000: 2204.484: [GC [PSYoungGen: 154432K->192K(151360K)] 346676K->192476K(838336K), 0.0025130 secs] [Times: user=0.01 sys=0.00, real=0.00 secs] 
2014-07-28T20:10:42.573+0000: 2204.951: [GC [PSYoungGen: 151360K->256K(148672K)] 343644K->192556K(835648K), 0.0038320 secs] [Times: user=0.02 sys=0.00, real=0.01 secs] 
2014-07-28T20:10:43.037+0000: 2205.415: [GC [PSYoungGen: 148672K->224K(145984K)] 340972K->192572K(832960K), 0.0026940 secs] [Times: user=0.02 sys=0.00, real=0.00 secs] 
2014-07-28T20:10:43.523+0000: 2205.901: [GC [PSYoungGen: 145952K->288K(143424K)] 338300K->192660K(830400K), 0.0024040 secs] [Times: user=0.01 sys=0.00, real=0.01 secs] 
2014-07-28T20:10:43.971+0000: 2206.349: [GC [PSYoungGen: 143392K->320K(140928K)] 335764K->192732K(827904K), 0.0040480 secs] [Times: user=0.02 sys=0.00, real=0.01 secs] 
2014-07-28T20:10:44.425+0000: 2206.803: [GC [PSYoungGen: 140928K->352K(138560K)] 333340K->192852K(825536K), 0.0024350 secs] [Times: user=0.01 sys=0.00, real=0.00 secs] 
2014-07-28T20:10:44.861+0000: 2207.239: [GC [PSYoungGen: 138528K->224K(136064K)] 331028K->192748K(823040K), 0.0048130 secs] [Times: user=0.04 sys=0.00, real=0.01 secs] 
2014-07-28T20:10:45.293+0000: 2207.671: [GC [PSYoungGen: 136032K->320K(133824K)] 328556K->192892K(820800K), 0.0057820 secs] [Times: user=0.03 sys=0.00, real=0.01 secs] 
2014-07-28T20:10:45.742+0000: 2208.120: [GC [PSYoungGen: 133824K->288K(131584K)] 326396K->192900K(818560K), 0.0052180 secs] [Times: user=0.03 sys=0.00, real=0.01 secs] 
2014-07-28T20:10:46.187+0000: 2208.565: [GC [PSYoungGen: 131552K->256K(129344K)] 324164K->192916K(816320K), 0.0042110 secs] [Times: user=0.03 sys=0.00, real=0.00 secs] 
2014-07-28T20:10:46.630+0000: 2209.008: [GC [PSYoungGen: 129344K->288K(127296K)] 322004K->192980K(814272K), 0.0050160 secs] [Times: user=0.02 sys=0.00, real=0.00 secs] 
2014-07-28T20:10:47.073+0000: 2209.451: [GC [PSYoungGen: 127264K->224K(152640K)] 319956K->192956K(839616K), 0.0052030 secs] [Times: user=0.02 sys=0.00, real=0.01 secs] 
2014-07-28T20:10:47.602+0000: 2209.980: [GC [PSYoungGen: 152608K->224K(149824K)] 345340K->192988K(836800K), 0.0047630 secs] [Times: user=0.02 sys=0.00, real=0.01 secs] 
2014-07-28T20:10:48.079+0000: 2210.457: [GC [PSYoungGen: 149770K->320K(179840K)] 342534K->193132K(866816K), 0.0079220 secs] [Times: user=0.05 sys=0.00, real=0.01 secs] 
2014-07-28T20:10:48.656+0000: 2211.034: [GC [PSYoungGen: 179840K->448K(215872K)] 372652K->193268K(902848K), 0.0035510 secs] [Times: user=0.02 sys=0.00, real=0.00 secs] 
2014-07-28T20:10:49.356+0000: 2211.734: [GC [PSYoungGen: 215871K->178K(210752K)] 408691K->193062K(897728K), 0.0026620 secs] [Times: user=0.01 sys=0.00, real=0.00 secs] 
2014-07-28T20:10:50.055+0000: 2212.433: [GC [PSYoungGen: 210738K->384K(206272K)] 403622K->193308K(893248K), 0.0027350 secs] [Times: user=0.01 sys=0.00, real=0.00 secs] 
2014-07-28T20:10:50.738+0000: 2213.116: [GC [PSYoungGen: 206272K->288K(201664K)] 399196K->193260K(888640K), 0.0124510 secs] [Times: user=0.08 sys=0.00, real=0.01 secs] 
2014-07-28T20:10:51.396+0000: 2213.774: [GC [PSYoungGen: 201632K->224K(197248K)] 394604K->193244K(884224K), 0.0042430 secs] [Times: user=0.03 sys=0.00, real=0.00 secs] 
2014-07-28T20:10:52.037+0000: 2214.415: [GC [PSYoungGen: 197186K->448K(193216K)] 390206K->193484K(880192K), 0.0025730 secs] [Times: user=0.02 sys=0.00, real=0.00 secs] 
2014-07-28T20:10:52.674+0000: 2215.052: [GC [PSYoungGen: 193216K->320K(188992K)] 386252K->193412K(875968K), 0.0037600 secs] [Times: user=0.02 sys=0.00, real=0.01 secs] 
2014-07-28T20:10:53.304+0000: 2215.681: [GC [PSYoungGen: 188992K->320K(185024K)] 382084K->193492K(872000K), 0.0058010 secs] [Times: user=0.04 sys=0.00, real=0.01 secs] 
2014-07-28T20:10:53.890+0000: 2216.268: [GC [PSYoungGen: 185024K->224K(181120K)] 378196K->193412K(868096K), 0.0080190 secs] [Times: user=0.04 sys=0.00, real=0.01 secs] 
2014-07-28T20:10:54.476+0000: 2216.854: [GC [PSYoungGen: 181088K->256K(177408K)] 374276K->193476K(864384K), 0.0046600 secs] [Times: user=0.02 sys=0.00, real=0.01 secs] 
2014-07-28T20:10:55.039+0000: 2217.417: [GC [PSYoungGen: 177408K->384K(173952K)] 370628K->193628K(860928K), 0.0035470 secs] [Times: user=0.01 sys=0.00, real=0.00 secs] 
2014-07-28T20:10:55.599+0000: 2217.977: [GC [PSYoungGen: 173952K->224K(170368K)] 367196K->193508K(857344K), 0.0031440 secs] [Times: user=0.01 sys=0.00, real=0.00 secs] 
2014-07-28T20:10:56.140+0000: 2218.518: [GC [PSYoungGen: 170336K->384K(167168K)] 363620K->193756K(854144K), 0.0025670 secs] [Times: user=0.01 sys=0.00, real=0.00 secs] 
2014-07-28T20:10:56.678+0000: 2219.056: [GC [PSYoungGen: 167168K->352K(163904K)] 360540K->193740K(850880K), 0.0032060 secs] [Times: user=0.02 sys=0.00, real=0.00 secs] 
2014-07-28T20:10:57.187+0000: 2219.565: [GC [PSYoungGen: 163872K->192K(160576K)] 357260K->193604K(847552K), 0.0045060 secs] [Times: user=0.01 sys=0.00, real=0.00 secs] 
2014-07-28T20:10:57.715+0000: 2220.093: [GC [PSYoungGen: 160576K->288K(157632K)] 353988K->193724K(844608K), 0.0085830 secs] [Times: user=0.04 sys=0.01, real=0.01 secs] 
2014-07-28T20:10:58.222+0000: 2220.600: [GC [PSYoungGen: 157580K->352K(154752K)] 351016K->193860K(841728K), 0.0059980 secs] [Times: user=0.04 sys=0.00, real=0.01 secs] 
2014-07-28T20:10:58.710+0000: 2221.088: [GC [PSYoungGen: 154720K->320K(151808K)] 348228K->193860K(838784K), 0.0028140 secs] [Times: user=0.02 sys=0.00, real=0.00 secs] 
2014-07-28T20:10:59.205+0000: 2221.583: [GC [PSYoungGen: 151808K->192K(148928K)] 345348K->193764K(835904K), 0.0031110 secs] [Times: user=0.01 sys=0.00, real=0.01 secs] 
2014-07-28T20:10:59.676+0000: 2222.054: [GC [PSYoungGen: 148928K->224K(146304K)] 342500K->193836K(833280K), 0.0040370 secs] [Times: user=0.03 sys=0.00, real=0.01 secs] 
2014-07-28T20:11:00.147+0000: 2222.524: [GC [PSYoungGen: 146272K->480K(143936K)] 339884K->194196K(830912K), 0.0042120 secs] [Times: user=0.02 sys=0.00, real=0.01 secs] 
2014-07-28T20:11:00.634+0000: 2223.011: [GC [PSYoungGen: 143904K->320K(141184K)] 337620K->194052K(828160K), 0.0051880 secs] [Times: user=0.03 sys=0.00, real=0.01 secs] 
2014-07-28T20:11:01.066+0000: 2223.443: [GC [PSYoungGen: 141184K->224K(138688K)] 334916K->193996K(825664K), 0.0046090 secs] [Times: user=0.03 sys=0.00, real=0.01 secs] 
2014-07-28T20:11:01.510+0000: 2223.888: [GC [PSYoungGen: 138656K->352K(136448K)] 332428K->194156K(823424K), 0.0033690 secs] [Times: user=0.02 sys=0.00, real=0.00 secs] 
2014-07-28T20:11:01.933+0000: 2224.311: [GC [PSYoungGen: 136416K->384K(134144K)] 330220K->194212K(821120K), 0.0045300 secs] [Times: user=0.02 sys=0.00, real=0.01 secs] 
2014-07-28T20:11:02.355+0000: 2224.733: [GC [PSYoungGen: 134144K->288K(131840K)] 327972K->194180K(818816K), 0.0047260 secs] [Times: user=0.02 sys=0.00, real=0.01 secs] 
2014-07-28T20:11:02.821+0000: 2225.199: [GC [PSYoungGen: 131808K->320K(129664K)] 325700K->194252K(816640K), 0.0044170 secs] [Times: user=0.03 sys=0.00, real=0.00 secs] 
2014-07-28T20:11:03.263+0000: 2225.641: [GC [PSYoungGen: 129664K->256K(155520K)] 323596K->194220K(842496K), 0.0071750 secs] [Times: user=0.04 sys=0.01, real=0.01 secs] 
2014-07-28T20:11:03.828+0000: 2226.205: [GC [PSYoungGen: 155520K->224K(186624K)] 349484K->194228K(873600K), 0.0045240 secs] [Times: user=0.02 sys=0.01, real=0.00 secs] 
2014-07-28T20:11:04.551+0000: 2226.929: [GC [PSYoungGen: 186592K->448K(182912K)] 380596K->194500K(869888K), 0.0064260 secs] [Times: user=0.03 sys=0.01, real=0.01 secs] 
2014-07-28T20:11:05.177+0000: 2227.555: [GC [PSYoungGen: 182912K->224K(178944K)] 376964K->194292K(865920K), 0.0023410 secs] [Times: user=0.02 sys=0.00, real=0.00 secs] 
2014-07-28T20:11:05.754+0000: 2228.132: [GC [PSYoungGen: 178912K->256K(175296K)] 372980K->194348K(862272K), 0.0041990 secs] [Times: user=0.01 sys=0.00, real=0.01 secs] 
2014-07-28T20:11:06.442+0000: 2228.820: [GC [PSYoungGen: 175296K->352K(171904K)] 369388K->194500K(858880K), 0.0043050 secs] [Times: user=0.03 sys=0.00, real=0.00 secs] 
2014-07-28T20:11:07.029+0000: 2229.407: [GC [PSYoungGen: 171872K->256K(168384K)] 366020K->194420K(855360K), 0.0059160 secs] [Times: user=0.03 sys=0.00, real=0.00 secs] 
2014-07-28T20:11:07.603+0000: 2229.981: [GC [PSYoungGen: 168384K->416K(165312K)] 362548K->194660K(852288K), 0.0050000 secs] [Times: user=0.02 sys=0.00, real=0.01 secs] 
2014-07-28T20:11:08.154+0000: 2230.532: [GC [PSYoungGen: 165245K->384K(162048K)] 359489K->194708K(849024K), 0.0073870 secs] [Times: user=0.04 sys=0.00, real=0.01 secs] 
2014-07-28T20:11:08.681+0000: 2231.059: [GC [PSYoungGen: 162048K->160K(158784K)] 356372K->194500K(845760K), 0.0037760 secs] [Times: user=0.01 sys=0.01, real=0.00 secs] 
2014-07-28T20:11:09.197+0000: 2231.575: [GC [PSYoungGen: 158752K->416K(190784K)] 353092K->194812K(877760K), 0.0109900 secs] [Times: user=0.07 sys=0.00, real=0.02 secs] 
2014-07-28T20:11:09.803+0000: 2232.181: [GC [PSYoungGen: 190752K->256K(228672K)] 385148K->194692K(915648K), 0.0040880 secs] [Times: user=0.02 sys=0.00, real=0.00 secs] 
2014-07-28T20:11:10.516+0000: 2232.894: [GC [PSYoungGen: 228672K->288K(223424K)] 423108K->194764K(910400K), 0.0025750 secs] [Times: user=0.01 sys=0.00, real=0.01 secs] 
2014-07-28T20:11:11.258+0000: 2233.636: [GC [PSYoungGen: 223392K->256K(218240K)] 417868K->194764K(905216K), 0.0089010 secs] [Times: user=0.05 sys=0.01, real=0.00 secs] 
2014-07-28T20:11:12.052+0000: 2234.430: [GC [PSYoungGen: 218240K->320K(213312K)] 412748K->194884K(900288K), 0.0043100 secs] [Times: user=0.02 sys=0.00, real=0.00 secs] 
2014-07-28T20:11:12.800+0000: 2235.178: [GC [PSYoungGen: 213270K->192K(208384K)] 407834K->194796K(895360K), 0.0045600 secs] [Times: user=0.03 sys=0.00, real=0.00 secs] 
2014-07-28T20:11:13.622+0000: 2236.000: [GC [PSYoungGen: 208384K->512K(204096K)] 402988K->195204K(891072K), 0.0038540 secs] [Times: user=0.02 sys=0.22, real=0.27 secs] 
2014-07-28T20:11:14.549+0000: 2236.927: [GC [PSYoungGen: 204096K->288K(199424K)] 398788K->195036K(886400K), 0.0028230 secs] [Times: user=0.01 sys=0.00, real=0.00 secs] 
2014-07-28T20:11:15.218+0000: 2237.596: [GC [PSYoungGen: 199392K->256K(195072K)] 394140K->195036K(882048K), 0.0028000 secs] [Times: user=0.01 sys=0.00, real=0.01 secs] 
2014-07-28T20:11:15.876+0000: 2238.254: [GC [PSYoungGen: 195072K->352K(191040K)] 389852K->195188K(878016K), 0.0037430 secs] [Times: user=0.02 sys=0.00, real=0.01 secs] 
2014-07-28T20:11:16.507+0000: 2238.885: [GC [PSYoungGen: 191008K->480K(187136K)] 385844K->195412K(874112K), 0.0037410 secs] [Times: user=0.03 sys=0.00, real=0.01 secs] 
2014-07-28T20:11:17.130+0000: 2239.508: [GC [PSYoungGen: 187104K->480K(183232K)] 382036K->195484K(870208K), 0.0031490 secs] [Times: user=0.02 sys=0.01, real=0.00 secs] 
2014-07-28T20:11:17.734+0000: 2240.112: [GC [PSYoungGen: 183200K->192K(179136K)] 378204K->195220K(866112K), 0.0064620 secs] [Times: user=0.03 sys=0.00, real=0.01 secs] 
2014-07-28T20:11:18.410+0000: 2240.788: [GC [PSYoungGen: 179136K->352K(175680K)] 374164K->195460K(862656K), 0.0063310 secs] [Times: user=0.05 sys=0.00, real=0.00 secs] 
2014-07-28T20:11:19.008+0000: 2241.386: [GC [PSYoungGen: 175648K->320K(172096K)] 370756K->195452K(859072K), 0.0043240 secs] [Times: user=0.02 sys=0.00, real=0.01 secs] 
2014-07-28T20:11:19.584+0000: 2241.962: [GC [PSYoungGen: 172096K->480K(168896K)] 367228K->195676K(855872K), 0.0036840 secs] [Times: user=0.02 sys=0.00, real=0.00 secs] 
2014-07-28T20:11:20.151+0000: 2242.529: [GC [PSYoungGen: 168864K->224K(165376K)] 364060K->195468K(852352K), 0.0041140 secs] [Times: user=0.02 sys=0.00, real=0.00 secs] 
2014-07-28T20:11:20.711+0000: 2243.089: [GC [PSYoungGen: 165343K->352K(162304K)] 360587K->195628K(849280K), 0.0034860 secs] [Times: user=0.02 sys=0.00, real=0.00 secs] 
2014-07-28T20:11:21.240+0000: 2243.618: [GC [PSYoungGen: 162272K->224K(159104K)] 357548K->195540K(846080K), 0.0054040 secs] [Times: user=0.02 sys=0.00, real=0.00 secs] 
2014-07-28T20:11:21.759+0000: 2244.137: [GC [PSYoungGen: 159072K->384K(156224K)] 354388K->195764K(843200K), 0.0038780 secs] [Times: user=0.03 sys=0.00, real=0.01 secs] 
2014-07-28T20:11:22.309+0000: 2244.687: [GC [PSYoungGen: 156224K->352K(153344K)] 351604K->195804K(840320K), 0.0038550 secs] [Times: user=0.02 sys=0.00, real=0.01 secs] 
2014-07-28T20:11:22.838+0000: 2245.215: [GC [PSYoungGen: 153312K->160K(150336K)] 348764K->195628K(837312K), 0.0049130 secs] [Times: user=0.01 sys=0.00, real=0.01 secs] 
2014-07-28T20:11:23.317+0000: 2245.694: [GC [PSYoungGen: 150304K->448K(147840K)] 345772K->196004K(834816K), 0.0054350 secs] [Times: user=0.02 sys=0.00, real=0.01 secs] 
2014-07-28T20:11:23.817+0000: 2246.194: [GC [PSYoungGen: 147797K->512K(145280K)] 343353K->196172K(832256K), 0.0024430 secs] [Times: user=0.01 sys=0.00, real=0.00 secs] 
2014-07-28T20:11:24.283+0000: 2246.661: [GC [PSYoungGen: 145280K->288K(142528K)] 340940K->196004K(829504K), 0.0041110 secs] [Times: user=0.02 sys=0.00, real=0.00 secs] 
2014-07-28T20:11:24.762+0000: 2247.140: [GC [PSYoungGen: 142496K->256K(139968K)] 338212K->196028K(826944K), 0.0035180 secs] [Times: user=0.02 sys=0.00, real=0.00 secs] 
2014-07-28T20:11:25.217+0000: 2247.595: [GC [PSYoungGen: 139968K->288K(137600K)] 335740K->196108K(824576K), 0.0041440 secs] [Times: user=0.03 sys=0.01, real=0.01 secs] 
2014-07-28T20:11:25.687+0000: 2248.065: [GC [PSYoungGen: 137568K->224K(135168K)] 333388K->196076K(822144K), 0.0032150 secs] [Times: user=0.01 sys=0.00, real=0.01 secs] 
2014-07-28T20:11:26.144+0000: 2248.522: [GC [PSYoungGen: 135136K->256K(132864K)] 330988K->196164K(819840K), 0.0039930 secs] [Times: user=0.02 sys=0.00, real=0.00 secs] 
2014-07-28T20:11:26.588+0000: 2248.966: [GC [PSYoungGen: 132864K->288K(130688K)] 328772K->196244K(817664K), 0.0034220 secs] [Times: user=0.01 sys=0.00, real=0.01 secs] 
2014-07-28T20:11:27.042+0000: 2249.420: [GC [PSYoungGen: 130656K->320K(128512K)] 326612K->196356K(815488K), 0.0039830 secs] [Times: user=0.03 sys=0.00, real=0.00 secs] 
2014-07-28T20:11:27.479+0000: 2249.857: [GC [PSYoungGen: 128512K->448K(126528K)] 324548K->196556K(813504K), 0.0034870 secs] [Times: user=0.02 sys=0.00, real=0.01 secs] 
2014-07-28T20:11:27.902+0000: 2250.280: [GC [PSYoungGen: 126528K->352K(124416K)] 322636K->196460K(811392K), 0.0033570 secs] [Times: user=0.02 sys=0.00, real=0.00 secs] 
2014-07-28T20:11:28.337+0000: 2250.715: [GC [PSYoungGen: 124384K->256K(122304K)] 320492K->196412K(809280K), 0.0038060 secs] [Times: user=0.02 sys=0.00, real=0.00 secs] 
2014-07-28T20:11:28.736+0000: 2251.114: [GC [PSYoungGen: 122304K->288K(120448K)] 318460K->196484K(807424K), 0.0037860 secs] [Times: user=0.02 sys=0.00, real=0.00 secs] 
2014-07-28T20:11:29.122+0000: 2251.500: [GC [PSYoungGen: 120416K->352K(118656K)] 316612K->196620K(805632K), 0.0043590 secs] [Times: user=0.03 sys=0.00, real=0.00 secs] 
2014-07-28T20:11:29.534+0000: 2251.912: [GC [PSYoungGen: 118624K->384K(116800K)] 314892K->196724K(803776K), 0.0051380 secs] [Times: user=0.03 sys=0.00, real=0.00 secs] 
2014-07-28T20:11:29.919+0000: 2252.297: [GC [PSYoungGen: 116800K->352K(140096K)] 313140K->196740K(827072K), 0.0050750 secs] [Times: user=0.03 sys=0.00, real=0.01 secs] 
2014-07-28T20:11:30.393+0000: 2252.771: [GC [PSYoungGen: 140064K->288K(168000K)] 336452K->196748K(854976K), 0.0054350 secs] [Times: user=0.03 sys=0.00, real=0.00 secs] 
2014-07-28T20:11:30.978+0000: 2253.356: [GC [PSYoungGen: 167968K->384K(164800K)] 364428K->196868K(851776K), 0.0043680 secs] [Times: user=0.02 sys=0.00, real=0.01 secs] 
2014-07-28T20:11:31.529+0000: 2253.906: [GC [PSYoungGen: 164800K->320K(161536K)] 361284K->196852K(848512K), 0.0036720 secs] [Times: user=0.01 sys=0.00, real=0.01 secs] 
2014-07-28T20:11:32.051+0000: 2254.429: [GC [PSYoungGen: 161536K->320K(158464K)] 358068K->196892K(845440K), 0.0045990 secs] [Times: user=0.03 sys=0.00, real=0.01 secs] 
2014-07-28T20:11:32.578+0000: 2254.956: [GC [PSYoungGen: 158446K->288K(155520K)] 355018K->196916K(842496K), 0.0030150 secs] [Times: user=0.01 sys=0.00, real=0.00 secs] 
2014-07-28T20:11:33.085+0000: 2255.463: [GC [PSYoungGen: 155488K->224K(152576K)] 352116K->196900K(839552K), 0.0034650 secs] [Times: user=0.01 sys=0.00, real=0.00 secs] 
2014-07-28T20:11:33.585+0000: 2255.963: [GC [PSYoungGen: 152543K->320K(149824K)] 349219K->197044K(836800K), 0.0048920 secs] [Times: user=0.03 sys=0.00, real=0.00 secs] 
2014-07-28T20:11:34.096+0000: 2256.474: [GC [PSYoungGen: 149824K->288K(147136K)] 346548K->197052K(834112K), 0.0034220 secs] [Times: user=0.02 sys=0.00, real=0.00 secs] 
2014-07-28T20:11:34.582+0000: 2256.960: [GC [PSYoungGen: 147104K->416K(144640K)] 343868K->197252K(831616K), 0.0048580 secs] [Times: user=0.03 sys=0.01, real=0.01 secs] 
2014-07-28T20:11:35.066+0000: 2257.444: [GC [PSYoungGen: 144608K->192K(141824K)] 341444K->197052K(828800K), 0.0035020 secs] [Times: user=0.01 sys=0.00, real=0.00 secs] 
2014-07-28T20:11:35.544+0000: 2257.922: [GC [PSYoungGen: 141823K->288K(139456K)] 338683K->197180K(826432K), 0.0048530 secs] [Times: user=0.02 sys=0.00, real=0.00 secs] 
2014-07-28T20:11:36.031+0000: 2258.408: [GC [PSYoungGen: 139424K->224K(136960K)] 336316K->197156K(823936K), 0.0042860 secs] [Times: user=0.03 sys=0.00, real=0.01 secs] 
2014-07-28T20:11:36.490+0000: 2258.868: [GC [PSYoungGen: 136928K->384K(134720K)] 333860K->197404K(821696K), 0.0029190 secs] [Times: user=0.01 sys=0.00, real=0.01 secs] 
2014-07-28T20:11:36.921+0000: 2259.299: [GC [PSYoungGen: 134720K->384K(132480K)] 331740K->197428K(819456K), 0.0039730 secs] [Times: user=0.03 sys=0.00, real=0.01 secs] 
2014-07-28T20:11:37.366+0000: 2259.744: [GC [PSYoungGen: 132480K->320K(158848K)] 329524K->197476K(845824K), 0.0075550 secs] [Times: user=0.04 sys=0.00, real=0.01 secs] 
2014-07-28T20:11:37.892+0000: 2260.270: [GC [PSYoungGen: 158812K->288K(155840K)] 355968K->197468K(842816K), 0.0032830 secs] [Times: user=0.02 sys=0.00, real=0.00 secs] 
2014-07-28T20:11:38.434+0000: 2260.812: [GC [PSYoungGen: 155808K->224K(152896K)] 352988K->197452K(839872K), 0.0029100 secs] [Times: user=0.01 sys=0.00, real=0.00 secs] 
2014-07-28T20:11:38.936+0000: 2261.314: [GC [PSYoungGen: 152864K->320K(150144K)] 350092K->197596K(837120K), 0.0037500 secs] [Times: user=0.02 sys=0.01, real=0.00 secs] 
2014-07-28T20:11:39.461+0000: 2261.839: [GC [PSYoungGen: 150144K->320K(147392K)] 347420K->197652K(834368K), 0.0040500 secs] [Times: user=0.03 sys=0.00, real=0.01 secs] 
2014-07-28T20:11:39.953+0000: 2262.331: [GC [PSYoungGen: 147392K->320K(144768K)] 344724K->197660K(831744K), 0.0027620 secs] [Times: user=0.01 sys=0.00, real=0.00 secs] 
2014-07-28T20:11:40.419+0000: 2262.797: [GC [PSYoungGen: 144768K->288K(142208K)] 342108K->197692K(829184K), 0.0034930 secs] [Times: user=0.01 sys=0.00, real=0.01 secs] 
2014-07-28T20:11:40.886+0000: 2263.263: [GC [PSYoungGen: 142176K->224K(139648K)] 339580K->197644K(826624K), 0.0037390 secs] [Times: user=0.02 sys=0.00, real=0.00 secs] 
2014-07-28T20:11:41.350+0000: 2263.728: [GC [PSYoungGen: 139616K->192K(137152K)] 337036K->197636K(824128K), 0.0032420 secs] [Times: user=0.01 sys=0.01, real=0.01 secs] 
2014-07-28T20:11:41.779+0000: 2264.157: [GC [PSYoungGen: 137150K->256K(164608K)] 334594K->197732K(851584K), 0.0082340 secs] [Times: user=0.05 sys=0.01, real=0.01 secs] 
2014-07-28T20:11:42.339+0000: 2264.717: [GC [PSYoungGen: 164608K->288K(161536K)] 362084K->197812K(848512K), 0.0029540 secs] [Times: user=0.02 sys=0.00, real=0.00 secs] 
2014-07-28T20:11:42.846+0000: 2265.224: [GC [PSYoungGen: 161504K->448K(158592K)] 359028K->198020K(845568K), 0.0047960 secs] [Times: user=0.02 sys=0.00, real=0.00 secs] 
2014-07-28T20:11:43.373+0000: 2265.751: [GC [PSYoungGen: 158592K->192K(155392K)] 356164K->197868K(842368K), 0.0067710 secs] [Times: user=0.01 sys=0.00, real=0.01 secs] 
2014-07-28T20:11:43.883+0000: 2266.261: [GC [PSYoungGen: 155392K->352K(152704K)] 353068K->198060K(839680K), 0.0046560 secs] [Times: user=0.03 sys=0.01, real=0.00 secs] 
2014-07-28T20:11:44.404+0000: 2266.782: [GC [PSYoungGen: 152672K->288K(183104K)] 350380K->198028K(870080K), 0.0075130 secs] [Times: user=0.02 sys=0.00, real=0.00 secs] 
2014-07-28T20:11:45.018+0000: 2267.396: [GC [PSYoungGen: 183072K->256K(219648K)] 380812K->198036K(906624K), 0.0064640 secs] [Times: user=0.03 sys=0.01, real=0.01 secs] 
2014-07-28T20:11:45.780+0000: 2268.158: [GC [PSYoungGen: 219648K->320K(233536K)] 417428K->198156K(920512K), 0.0103080 secs] [Times: user=0.07 sys=0.01, real=0.01 secs] 
2014-07-28T20:11:46.598+0000: 2268.976: [GC [PSYoungGen: 233408K->288K(233536K)] 431244K->198196K(920512K), 0.0085140 secs] [Times: user=0.05 sys=0.00, real=0.01 secs] 
2014-07-28T20:11:47.380+0000: 2269.758: [GC [PSYoungGen: 233376K->256K(227840K)] 431284K->198220K(914816K), 0.0046410 secs] [Times: user=0.03 sys=0.00, real=0.01 secs] 
2014-07-28T20:11:48.095+0000: 2270.473: [GC [PSYoungGen: 227840K->288K(222592K)] 425804K->198308K(909568K), 0.0037420 secs] [Times: user=0.02 sys=0.00, real=0.00 secs] 
2014-07-28T20:11:48.818+0000: 2271.196: [GC [PSYoungGen: 222560K->384K(217536K)] 420580K->198500K(904512K), 0.0034610 secs] [Times: user=0.02 sys=0.00, real=0.00 secs] 
2014-07-28T20:11:49.527+0000: 2271.905: [GC [PSYoungGen: 217536K->384K(212608K)] 415652K->198588K(899584K), 0.0028340 secs] [Times: user=0.01 sys=0.00, real=0.00 secs] 
2014-07-28T20:11:50.195+0000: 2272.573: [GC [PSYoungGen: 212608K->320K(207808K)] 410812K->198572K(894784K), 0.0030380 secs] [Times: user=0.02 sys=0.00, real=0.00 secs] 
2014-07-28T20:11:50.860+0000: 2273.238: [GC [PSYoungGen: 207808K->416K(203328K)] 406060K->198716K(890304K), 0.0030700 secs] [Times: user=0.01 sys=0.00, real=0.00 secs] 
2014-07-28T20:11:51.541+0000: 2273.919: [GC [PSYoungGen: 203296K->320K(198784K)] 401596K->198684K(885760K), 0.0051790 secs] [Times: user=0.03 sys=0.00, real=0.01 secs] 
2014-07-28T20:11:52.185+0000: 2274.562: [GC [PSYoungGen: 198784K->384K(194560K)] 397148K->198788K(881536K), 0.0052310 secs] [Times: user=0.01 sys=0.00, real=0.01 secs] 
2014-07-28T20:11:52.840+0000: 2275.218: [GC [PSYoungGen: 194560K->384K(190400K)] 392964K->198860K(877376K), 0.0065180 secs] [Times: user=0.04 sys=0.00, real=0.01 secs] 
2014-07-28T20:11:53.678+0000: 2276.056: [GC [PSYoungGen: 190400K->320K(186368K)] 388876K->198860K(873344K), 0.0027350 secs] [Times: user=0.01 sys=0.00, real=0.00 secs] 
2014-07-28T20:11:54.320+0000: 2276.698: [GC [PSYoungGen: 186368K->256K(182464K)] 384908K->198844K(869440K), 0.0049600 secs] [Times: user=0.03 sys=0.00, real=0.00 secs] 
2014-07-28T20:11:54.929+0000: 2277.306: [GC [PSYoungGen: 182464K->320K(178816K)] 381052K->198964K(865792K), 0.0058120 secs] [Times: user=0.03 sys=0.01, real=0.00 secs] 
2014-07-28T20:11:55.578+0000: 2277.956: [GC [PSYoungGen: 178816K->256K(175104K)] 377460K->198940K(862080K), 0.0087530 secs] [Times: user=0.04 sys=0.01, real=0.01 secs] 
2014-07-28T20:11:56.190+0000: 2278.568: [GC [PSYoungGen: 175104K->352K(210240K)] 373788K->199084K(897216K), 0.0128150 secs] [Times: user=0.08 sys=0.00, real=0.01 secs] 
2014-07-28T20:11:56.933+0000: 2279.311: [GC [PSYoungGen: 210208K->320K(252160K)] 408940K->199108K(939136K), 0.0056700 secs] [Times: user=0.04 sys=0.00, real=0.01 secs] 
2014-07-28T20:11:57.768+0000: 2280.146: [GC [PSYoungGen: 252160K->352K(277760K)] 450948K->199188K(964736K), 0.0076070 secs] [Times: user=0.04 sys=0.00, real=0.01 secs] 
2014-07-28T20:11:58.694+0000: 2281.072: [GC [PSYoungGen: 277664K->320K(270464K)] 476500K->199220K(957440K), 0.0046880 secs] [Times: user=0.02 sys=0.00, real=0.01 secs] 
2014-07-28T20:11:59.600+0000: 2281.978: [GC [PSYoungGen: 270464K->192K(263424K)] 469364K->199132K(950400K), 0.0030160 secs] [Times: user=0.01 sys=0.00, real=0.00 secs] 
2014-07-28T20:12:00.465+0000: 2282.843: [GC [PSYoungGen: 263424K->352K(257024K)] 462364K->199372K(944000K), 0.0058790 secs] [Times: user=0.03 sys=0.00, real=0.01 secs] 
2014-07-28T20:12:01.298+0000: 2283.676: [GC [PSYoungGen: 256992K->320K(250560K)] 456012K->199388K(937536K), 0.0040180 secs] [Times: user=0.03 sys=0.00, real=0.00 secs] 
2014-07-28T20:12:02.136+0000: 2284.514: [GC [PSYoungGen: 250560K->256K(244352K)] 449628K->199372K(931328K), 0.0052160 secs] [Times: user=0.02 sys=0.00, real=0.00 secs] 
2014-07-28T20:12:02.943+0000: 2285.321: [GC [PSYoungGen: 244352K->384K(238592K)] 443468K->199532K(925568K), 0.0122590 secs] [Times: user=0.07 sys=0.00, real=0.01 secs] 
2014-07-28T20:12:03.728+0000: 2286.106: [GC [PSYoungGen: 238569K->256K(232768K)] 437717K->199460K(919744K), 0.0037300 secs] [Times: user=0.02 sys=0.00, real=0.00 secs] 
2014-07-28T20:12:04.488+0000: 2286.866: [GC [PSYoungGen: 232733K->320K(227328K)] 431937K->199572K(914304K), 0.0057600 secs] [Times: user=0.04 sys=0.00, real=0.00 secs] 
2014-07-28T20:12:05.294+0000: 2287.672: [GC [PSYoungGen: 227328K->352K(222080K)] 426580K->199652K(909056K), 0.0044220 secs] [Times: user=0.03 sys=0.00, real=0.01 secs] 
2014-07-28T20:12:06.071+0000: 2288.449: [GC [PSYoungGen: 222048K->160K(216768K)] 421348K->199476K(903744K), 0.0059550 secs] [Times: user=0.02 sys=0.00, real=0.01 secs] 
2014-07-28T20:12:06.785+0000: 2289.163: [GC [PSYoungGen: 216736K->384K(212032K)] 416052K->199804K(899008K), 0.0092810 secs] [Times: user=0.05 sys=0.00, real=0.01 secs] 
2014-07-28T20:12:07.508+0000: 2289.885: [GC [PSYoungGen: 212032K->320K(207232K)] 411452K->199820K(894208K), 0.0049260 secs] [Times: user=0.03 sys=0.00, real=0.00 secs] 
2014-07-28T20:12:08.183+0000: 2290.561: [GC [PSYoungGen: 207232K->224K(202624K)] 406732K->199764K(889600K), 0.0037200 secs] [Times: user=0.02 sys=0.00, real=0.00 secs] 
2014-07-28T20:12:08.883+0000: 2291.261: [GC [PSYoungGen: 202592K->448K(198400K)] 402132K->200068K(885376K), 0.0023470 secs] [Times: user=0.02 sys=0.00, real=0.00 secs] 
2014-07-28T20:12:09.535+0000: 2291.913: [GC [PSYoungGen: 198400K->192K(193856K)] 398020K->199860K(880832K), 0.0027140 secs] [Times: user=0.01 sys=0.01, real=0.01 secs] 
2014-07-28T20:12:10.181+0000: 2292.559: [GC [PSYoungGen: 193856K->192K(189760K)] 393524K->199900K(876736K), 0.0057900 secs] [Times: user=0.03 sys=0.00, real=0.01 secs] 
2014-07-28T20:12:10.782+0000: 2293.160: [GC [PSYoungGen: 189740K->224K(185856K)] 389448K->199972K(872832K), 0.0051650 secs] [Times: user=0.03 sys=0.00, real=0.00 secs] 
2014-07-28T20:12:11.362+0000: 2293.740: [GC [PSYoungGen: 185824K->224K(182016K)] 385572K->200012K(868992K), 0.0060190 secs] [Times: user=0.03 sys=0.00, real=0.01 secs] 
2014-07-28T20:12:11.941+0000: 2294.319: [GC [PSYoungGen: 181984K->256K(178304K)] 381772K->200076K(865280K), 0.0067340 secs] [Times: user=0.05 sys=0.00, real=0.00 secs] 
2014-07-28T20:12:12.548+0000: 2294.926: [GC [PSYoungGen: 178304K->416K(174912K)] 378124K->200332K(861888K), 0.0038430 secs] [Times: user=0.02 sys=0.00, real=0.00 secs] 
2014-07-28T20:12:13.152+0000: 2295.530: [GC [PSYoungGen: 174830K->320K(171264K)] 374746K->200276K(858240K), 0.0037010 secs] [Times: user=0.02 sys=0.00, real=0.00 secs] 
2014-07-28T20:12:13.705+0000: 2296.083: [GC [PSYoungGen: 171264K->434K(168000K)] 371220K->200470K(854976K), 0.0044550 secs] [Times: user=0.03 sys=0.00, real=0.01 secs] 
2014-07-28T20:12:14.239+0000: 2296.617: [GC [PSYoungGen: 167986K->224K(164544K)] 368022K->200300K(851520K), 0.0027860 secs] [Times: user=0.01 sys=0.00, real=0.00 secs] 
2014-07-28T20:12:14.818+0000: 2297.196: [GC [PSYoungGen: 164512K->384K(161536K)] 364588K->200500K(848512K), 0.0041570 secs] [Times: user=0.01 sys=0.00, real=0.00 secs] 
2014-07-28T20:12:15.333+0000: 2297.710: [GC [PSYoungGen: 161536K->256K(158336K)] 361652K->200420K(845312K), 0.0040400 secs] [Times: user=0.02 sys=0.00, real=0.00 secs] 
2014-07-28T20:12:15.844+0000: 2298.222: [GC [PSYoungGen: 158336K->192K(155328K)] 358500K->200396K(842304K), 0.0042500 secs] [Times: user=0.03 sys=0.00, real=0.01 secs] 
2014-07-28T20:12:16.329+0000: 2298.707: [GC [PSYoungGen: 155328K->256K(152512K)] 355532K->200508K(839488K), 0.0038750 secs] [Times: user=0.03 sys=0.00, real=0.00 secs] 
2014-07-28T20:12:16.824+0000: 2299.202: [GC [PSYoungGen: 152512K->448K(149888K)] 352764K->200764K(836864K), 0.0028580 secs] [Times: user=0.02 sys=0.00, real=0.00 secs] 
2014-07-28T20:12:17.323+0000: 2299.701: [GC [PSYoungGen: 149888K->192K(146944K)] 350204K->200548K(833920K), 0.0027180 secs] [Times: user=0.02 sys=0.00, real=0.00 secs] 
2014-07-28T20:12:17.788+0000: 2300.166: [GC [PSYoungGen: 146944K->256K(144384K)] 347300K->200660K(831360K), 0.0065910 secs] [Times: user=0.04 sys=0.00, real=0.01 secs] 
2014-07-28T20:12:18.257+0000: 2300.635: [GC [PSYoungGen: 144384K->224K(141824K)] 344788K->200660K(828800K), 0.0028000 secs] [Times: user=0.01 sys=0.01, real=0.01 secs] 
2014-07-28T20:12:18.770+0000: 2301.148: [GC [PSYoungGen: 141792K->288K(139392K)] 342228K->200764K(826368K), 0.0059920 secs] [Times: user=0.04 sys=0.00, real=0.00 secs] 
2014-07-28T20:12:19.266+0000: 2301.644: [GC [PSYoungGen: 139360K->384K(167296K)] 339836K->200900K(854272K), 0.0096790 secs] [Times: user=0.06 sys=0.00, real=0.01 secs] 
2014-07-28T20:12:19.823+0000: 2302.200: [GC [PSYoungGen: 167296K->384K(164032K)] 367812K->200948K(851008K), 0.0031120 secs] [Times: user=0.01 sys=0.00, real=0.00 secs] 
2014-07-28T20:12:20.443+0000: 2302.821: [GC [PSYoungGen: 164032K->320K(160832K)] 364596K->200964K(847808K), 0.0036710 secs] [Times: user=0.02 sys=0.00, real=0.00 secs] 
2014-07-28T20:12:20.987+0000: 2303.365: [GC [PSYoungGen: 160832K->384K(157824K)] 361476K->201100K(844800K), 0.0047340 secs] [Times: user=0.03 sys=0.00, real=0.01 secs] 
2014-07-28T20:12:21.518+0000: 2303.896: [GC [PSYoungGen: 157823K->288K(154816K)] 358539K->201060K(841792K), 0.0033750 secs] [Times: user=0.02 sys=0.01, real=0.01 secs] 
2014-07-28T20:12:22.006+0000: 2304.384: [GC [PSYoungGen: 154784K->256K(151872K)] 355556K->201044K(838848K), 0.0030430 secs] [Times: user=0.02 sys=0.00, real=0.00 secs] 
2014-07-28T20:12:22.503+0000: 2304.881: [GC [PSYoungGen: 151845K->352K(149248K)] 352633K->201220K(836224K), 0.0045470 secs] [Times: user=0.03 sys=0.00, real=0.00 secs] 
2014-07-28T20:12:23.006+0000: 2305.384: [GC [PSYoungGen: 149216K->352K(146560K)] 350084K->201252K(833536K), 0.0034580 secs] [Times: user=0.02 sys=0.00, real=0.01 secs] 
2014-07-28T20:12:23.481+0000: 2305.859: [GC [PSYoungGen: 146528K->320K(143872K)] 347428K->201332K(830848K), 0.0024040 secs] [Times: user=0.01 sys=0.00, real=0.00 secs] 
2014-07-28T20:12:23.935+0000: 2306.313: [GC [PSYoungGen: 143872K->256K(141248K)] 344884K->201284K(828224K), 0.0034300 secs] [Times: user=0.01 sys=0.00, real=0.00 secs] 
2014-07-28T20:12:24.405+0000: 2306.783: [GC [PSYoungGen: 141248K->224K(138816K)] 342276K->201300K(825792K), 0.0026740 secs] [Times: user=0.01 sys=0.00, real=0.00 secs] 
2014-07-28T20:12:24.856+0000: 2307.234: [GC [PSYoungGen: 138784K->352K(136576K)] 339860K->201444K(823552K), 0.0064820 secs] [Times: user=0.01 sys=0.00, real=0.01 secs] 
2014-07-28T20:12:25.293+0000: 2307.671: [GC [PSYoungGen: 136544K->320K(134208K)] 337636K->201468K(821184K), 0.0025700 secs] [Times: user=0.01 sys=0.00, real=0.00 secs] 
2014-07-28T20:12:25.724+0000: 2308.102: [GC [PSYoungGen: 134208K->288K(131968K)] 335356K->201500K(818944K), 0.0034050 secs] [Times: user=0.02 sys=0.00, real=0.00 secs] 
2014-07-28T20:12:26.167+0000: 2308.545: [GC [PSYoungGen: 131936K->256K(129728K)] 333148K->201508K(816704K), 0.0042070 secs] [Times: user=0.02 sys=0.00, real=0.01 secs] 
2014-07-28T20:12:26.620+0000: 2308.998: [GC [PSYoungGen: 129728K->352K(127744K)] 330980K->201668K(814720K), 0.0034930 secs] [Times: user=0.02 sys=0.00, real=0.01 secs] 
2014-07-28T20:12:27.055+0000: 2309.433: [GC [PSYoungGen: 127712K->224K(125568K)] 329028K->201588K(812544K), 0.0054320 secs] [Times: user=0.03 sys=0.00, real=0.01 secs] 
2014-07-28T20:12:27.466+0000: 2309.844: [GC [PSYoungGen: 125536K->338K(123648K)] 326900K->201734K(810624K), 0.0027500 secs] [Times: user=0.02 sys=0.00, real=0.00 secs] 
2014-07-28T20:12:27.903+0000: 2310.281: [GC [PSYoungGen: 123602K->288K(121600K)] 324998K->201692K(808576K), 0.0045280 secs] [Times: user=0.03 sys=0.00, real=0.00 secs] 
2014-07-28T20:12:28.317+0000: 2310.695: [GC [PSYoungGen: 121568K->192K(119552K)] 322972K->201644K(806528K), 0.0024110 secs] [Times: user=0.01 sys=0.00, real=0.00 secs] 
2014-07-28T20:12:28.708+0000: 2311.086: [GC [PSYoungGen: 119545K->416K(117952K)] 320997K->201948K(804928K), 0.0030310 secs] [Times: user=0.02 sys=0.00, real=0.01 secs] 
2014-07-28T20:12:29.087+0000: 2311.464: [GC [PSYoungGen: 117920K->224K(115968K)] 319452K->201804K(802944K), 0.0032000 secs] [Times: user=0.02 sys=0.00, real=0.00 secs] 
2014-07-28T20:12:29.477+0000: 2311.855: [GC [PSYoungGen: 115936K->384K(114304K)] 317516K->202036K(801280K), 0.0028950 secs] [Times: user=0.01 sys=0.00, real=0.01 secs] 
2014-07-28T20:12:29.844+0000: 2312.222: [GC [PSYoungGen: 114304K->352K(112576K)] 315956K->202044K(799552K), 0.0026770 secs] [Times: user=0.01 sys=0.00, real=0.00 secs] 
2014-07-28T20:12:30.207+0000: 2312.585: [GC [PSYoungGen: 112544K->352K(110912K)] 314236K->202116K(797888K), 0.0032130 secs] [Times: user=0.02 sys=0.00, real=0.01 secs] 
2014-07-28T20:12:30.569+0000: 2312.947: [GC [PSYoungGen: 110880K->224K(109184K)] 312644K->202028K(796160K), 0.0039830 secs] [Times: user=0.02 sys=0.00, real=0.01 secs] 
2014-07-28T20:12:30.936+0000: 2313.314: [GC [PSYoungGen: 109152K->416K(131200K)] 310956K->202244K(818176K), 0.0105710 secs] [Times: user=0.06 sys=0.00, real=0.01 secs] 
2014-07-28T20:12:31.385+0000: 2313.763: [GC [PSYoungGen: 131168K->448K(157376K)] 332996K->202372K(844352K), 0.0041380 secs] [Times: user=0.03 sys=0.00, real=0.00 secs] 
2014-07-28T20:12:31.892+0000: 2314.270: [GC [PSYoungGen: 157376K->288K(188672K)] 359300K->202220K(875648K), 0.0034690 secs] [Times: user=0.03 sys=0.00, real=0.00 secs] 
2014-07-28T20:12:32.505+0000: 2314.883: [GC [PSYoungGen: 188640K->256K(184640K)] 390572K->202220K(871616K), 0.0026780 secs] [Times: user=0.01 sys=0.00, real=0.00 secs] 
2014-07-28T20:12:33.108+0000: 2315.486: [GC [PSYoungGen: 184640K->224K(180800K)] 386604K->202236K(867776K), 0.0054600 secs] [Times: user=0.03 sys=0.00, real=0.01 secs] 
2014-07-28T20:12:33.700+0000: 2316.078: [GC [PSYoungGen: 180768K->288K(177152K)] 382780K->202364K(864128K), 0.0042310 secs] [Times: user=0.02 sys=0.00, real=0.01 secs] 
2014-07-28T20:12:34.284+0000: 2316.662: [GC [PSYoungGen: 177120K->320K(173568K)] 379196K->202460K(860544K), 0.0033350 secs] [Times: user=0.01 sys=0.00, real=0.00 secs] 
2014-07-28T20:12:34.846+0000: 2317.224: [GC [PSYoungGen: 173568K->192K(169984K)] 375708K->202372K(856960K), 0.0070860 secs] [Times: user=0.04 sys=0.01, real=0.01 secs] 
2014-07-28T20:12:35.396+0000: 2317.774: [GC [PSYoungGen: 169984K->512K(166976K)] 372164K->202788K(853952K), 0.0026170 secs] [Times: user=0.01 sys=0.00, real=0.00 secs] 
2014-07-28T20:12:35.952+0000: 2318.330: [GC [PSYoungGen: 166976K->288K(163520K)] 369252K->202604K(850496K), 0.0029690 secs] [Times: user=0.02 sys=0.00, real=0.00 secs] 
2014-07-28T20:12:36.502+0000: 2318.880: [GC [PSYoungGen: 163488K->288K(160384K)] 365804K->202668K(847360K), 0.0029630 secs] [Times: user=0.01 sys=0.01, real=0.00 secs] 
2014-07-28T20:12:37.051+0000: 2319.429: [GC [PSYoungGen: 160352K->288K(157376K)] 362732K->202700K(844352K), 0.0039860 secs] [Times: user=0.02 sys=0.00, real=0.00 secs] 
2014-07-28T20:12:37.573+0000: 2319.951: [GC [PSYoungGen: 157344K->256K(154368K)] 359756K->202724K(841344K), 0.0049950 secs] [Times: user=0.03 sys=0.00, real=0.00 secs] 
2014-07-28T20:12:38.085+0000: 2320.463: [GC [PSYoungGen: 154368K->256K(151488K)] 356836K->202772K(838464K), 0.0042290 secs] [Times: user=0.03 sys=0.00, real=0.00 secs] 
2014-07-28T20:12:38.581+0000: 2320.959: [GC [PSYoungGen: 151488K->416K(148928K)] 354004K->203036K(835904K), 0.0044210 secs] [Times: user=0.02 sys=0.00, real=0.01 secs] 
2014-07-28T20:12:39.065+0000: 2321.443: [GC [PSYoungGen: 148896K->448K(146240K)] 351516K->203140K(833216K), 0.0053660 secs] [Times: user=0.03 sys=0.00, real=0.00 secs] 
2014-07-28T20:12:39.577+0000: 2321.954: [GC [PSYoungGen: 146240K->192K(143360K)] 348932K->203020K(830336K), 0.0037160 secs] [Times: user=0.02 sys=0.00, real=0.00 secs] 
2014-07-28T20:12:40.042+0000: 2322.420: [GC [PSYoungGen: 143360K->384K(141056K)] 346188K->203300K(828032K), 0.0042170 secs] [Times: user=0.03 sys=0.00, real=0.00 secs] 
2014-07-28T20:12:40.509+0000: 2322.887: [GC [PSYoungGen: 141056K->448K(138688K)] 343972K->203484K(825664K), 0.0032640 secs] [Times: user=0.02 sys=0.00, real=0.01 secs] 
2014-07-28T20:12:40.977+0000: 2323.355: [GC [PSYoungGen: 138688K->224K(136128K)] 341724K->203300K(823104K), 0.0059120 secs] [Times: user=0.04 sys=0.00, real=0.01 secs] 
2014-07-28T20:12:41.434+0000: 2323.812: [GC [PSYoungGen: 136096K->384K(133952K)] 339172K->203540K(820928K), 0.0038350 secs] [Times: user=0.02 sys=0.00, real=0.00 secs] 
2014-07-28T20:12:41.882+0000: 2324.260: [GC [PSYoungGen: 133952K->480K(131840K)] 337108K->203660K(818816K), 0.0046680 secs] [Times: user=0.02 sys=0.00, real=0.01 secs] 
2014-07-28T20:12:42.325+0000: 2324.703: [GC [PSYoungGen: 131808K->288K(129472K)] 334988K->203508K(816448K), 0.0027980 secs] [Times: user=0.02 sys=0.00, real=0.00 secs] 
2014-07-28T20:12:42.745+0000: 2325.123: [GC [PSYoungGen: 129438K->320K(127360K)] 332658K->203580K(814336K), 0.0025130 secs] [Times: user=0.01 sys=0.00, real=0.00 secs] 
2014-07-28T20:12:43.161+0000: 2325.539: [GC [PSYoungGen: 127360K->256K(125248K)] 330620K->203564K(812224K), 0.0043950 secs] [Times: user=0.02 sys=0.00, real=0.01 secs] 
2014-07-28T20:12:43.628+0000: 2326.006: [GC [PSYoungGen: 125248K->480K(123520K)] 328556K->203860K(810496K), 0.0030270 secs] [Times: user=0.01 sys=0.00, real=0.00 secs] 
2014-07-28T20:12:44.094+0000: 2326.472: [GC [PSYoungGen: 123488K->288K(121344K)] 326868K->203724K(808320K), 0.0031040 secs] [Times: user=0.01 sys=0.00, real=0.00 secs] 
2014-07-28T20:12:44.505+0000: 2326.883: [GC [PSYoungGen: 121262K->256K(119360K)] 324698K->203748K(806336K), 0.0055410 secs] [Times: user=0.03 sys=0.00, real=0.00 secs] 
2014-07-28T20:12:44.890+0000: 2327.268: [GC [PSYoungGen: 119360K->288K(117568K)] 322852K->203804K(804544K), 0.0036510 secs] [Times: user=0.02 sys=0.00, real=0.01 secs] 
2014-07-28T20:12:45.275+0000: 2327.653: [GC [PSYoungGen: 117536K->416K(115904K)] 321052K->204028K(802880K), 0.0045610 secs] [Times: user=0.02 sys=0.00, real=0.00 secs] 
2014-07-28T20:12:45.674+0000: 2328.052: [GC [PSYoungGen: 115872K->416K(114176K)] 319484K->204100K(801152K), 0.0040280 secs] [Times: user=0.02 sys=0.00, real=0.00 secs] 
2014-07-28T20:12:46.057+0000: 2328.435: [GC [PSYoungGen: 114144K->288K(112320K)] 317828K->204036K(799296K), 0.0026830 secs] [Times: user=0.01 sys=0.00, real=0.00 secs] 
2014-07-28T20:12:46.438+0000: 2328.816: [GC [PSYoungGen: 112288K->416K(110784K)] 316036K->204236K(797760K), 0.0037610 secs] [Times: user=0.02 sys=0.00, real=0.00 secs] 
2014-07-28T20:12:46.814+0000: 2329.192: [GC [PSYoungGen: 110752K->384K(132800K)] 314572K->204236K(819776K), 0.0059600 secs] [Times: user=0.04 sys=0.00, real=0.00 secs] 
2014-07-28T20:12:47.253+0000: 2329.631: [GC [PSYoungGen: 132800K->224K(130432K)] 336652K->204124K(817408K), 0.0034610 secs] [Times: user=0.02 sys=0.00, real=0.01 secs] 
2014-07-28T20:12:47.681+0000: 2330.059: [GC [PSYoungGen: 130400K->384K(128384K)] 334300K->204324K(815360K), 0.0042130 secs] [Times: user=0.02 sys=0.00, real=0.01 secs] 
2014-07-28T20:12:48.073+0000: 2330.451: [GC [PSYoungGen: 128384K->224K(126144K)] 332324K->204212K(813120K), 0.0028510 secs] [Times: user=0.02 sys=0.00, real=0.01 secs] 
2014-07-28T20:12:48.488+0000: 2330.866: [GC [PSYoungGen: 126112K->288K(151424K)] 330100K->204316K(838400K), 0.0104960 secs] [Times: user=0.07 sys=0.00, real=0.01 secs] 
2014-07-28T20:12:48.983+0000: 2331.361: [GC [PSYoungGen: 151392K->352K(181760K)] 355420K->204396K(868736K), 0.0045980 secs] [Times: user=0.02 sys=0.00, real=0.00 secs] 
2014-07-28T20:12:49.572+0000: 2331.950: [GC [PSYoungGen: 181728K->224K(217920K)] 385772K->204316K(904896K), 0.0045390 secs] [Times: user=0.03 sys=0.00, real=0.01 secs] 
2014-07-28T20:12:50.288+0000: 2332.665: [GC [PSYoungGen: 217888K->352K(261632K)] 421980K->204468K(948608K), 0.0072600 secs] [Times: user=0.05 sys=0.00, real=0.01 secs] 
2014-07-28T20:12:51.118+0000: 2333.495: [GC [PSYoungGen: 261600K->512K(255232K)] 465716K->204716K(942208K), 0.0034210 secs] [Times: user=0.02 sys=0.00, real=0.00 secs] 
2014-07-28T20:12:51.987+0000: 2334.365: [GC [PSYoungGen: 255232K->192K(248640K)] 459436K->204500K(935616K), 0.0041840 secs] [Times: user=0.02 sys=0.00, real=0.00 secs] 
2014-07-28T20:12:52.805+0000: 2335.182: [GC [PSYoungGen: 248640K->352K(242752K)] 452948K->204732K(929728K), 0.0037560 secs] [Times: user=0.03 sys=0.00, real=0.00 secs] 
2014-07-28T20:12:53.662+0000: 2336.040: [GC [PSYoungGen: 242720K->224K(236800K)] 447100K->204652K(923776K), 0.0050950 secs] [Times: user=0.03 sys=0.00, real=0.01 secs] 
2014-07-28T20:12:54.497+0000: 2336.875: [GC [PSYoungGen: 236768K->384K(231296K)] 441196K->204900K(918272K), 0.0037180 secs] [Times: user=0.03 sys=0.00, real=0.00 secs] 
2014-07-28T20:12:55.272+0000: 2337.650: [GC [PSYoungGen: 231296K->416K(225920K)] 435812K->204972K(912896K), 0.0019650 secs] [Times: user=0.01 sys=0.00, real=0.01 secs] 
2014-07-28T20:12:56.042+0000: 2338.420: [GC [PSYoungGen: 225888K->256K(220480K)] 430444K->204860K(907456K), 0.0067750 secs] [Times: user=0.04 sys=0.00, real=0.01 secs] 
2014-07-28T20:12:56.769+0000: 2339.147: [GC [PSYoungGen: 220480K->224K(215424K)] 425084K->204868K(902400K), 0.0027290 secs] [Times: user=0.01 sys=0.00, real=0.00 secs] 
2014-07-28T20:12:57.487+0000: 2339.865: [GC [PSYoungGen: 215392K->384K(210688K)] 420036K->205092K(897664K), 0.0037490 secs] [Times: user=0.02 sys=0.00, real=0.00 secs] 
2014-07-28T20:12:58.206+0000: 2340.584: [GC [PSYoungGen: 210688K->416K(206080K)] 415396K->205172K(893056K), 0.0086900 secs] [Times: user=0.05 sys=0.01, real=0.00 secs] 
2014-07-28T20:12:58.892+0000: 2341.270: [GC [PSYoungGen: 206048K->224K(201344K)] 410804K->205020K(888320K), 0.0026960 secs] [Times: user=0.01 sys=0.00, real=0.00 secs] 
2014-07-28T20:12:59.558+0000: 2341.936: [GC [PSYoungGen: 201312K->352K(197120K)] 406108K->205196K(884096K), 0.0057840 secs] [Times: user=0.03 sys=0.00, real=0.00 secs] 
2014-07-28T20:13:00.205+0000: 2342.583: [GC [PSYoungGen: 197088K->256K(192768K)] 401932K->205140K(879744K), 0.0058390 secs] [Times: user=0.03 sys=0.00, real=0.00 secs] 
2014-07-28T20:13:00.838+0000: 2343.216: [GC [PSYoungGen: 192768K->384K(188800K)] 397652K->205324K(875776K), 0.0052550 secs] [Times: user=0.01 sys=0.00, real=0.00 secs] 
2014-07-28T20:13:01.463+0000: 2343.841: [GC [PSYoungGen: 188800K->352K(184832K)] 393740K->205340K(871808K), 0.0060450 secs] [Times: user=0.04 sys=0.00, real=0.01 secs] 
2014-07-28T20:13:02.083+0000: 2344.460: [GC [PSYoungGen: 184800K->448K(181056K)] 389788K->205476K(868032K), 0.0057340 secs] [Times: user=0.03 sys=0.00, real=0.01 secs] 
2014-07-28T20:13:02.681+0000: 2345.059: [GC [PSYoungGen: 181056K->256K(177152K)] 386084K->205340K(864128K), 0.0024540 secs] [Times: user=0.02 sys=0.00, real=0.00 secs] 
2014-07-28T20:13:03.305+0000: 2345.683: [GC [PSYoungGen: 177152K->320K(173632K)] 382236K->205468K(860608K), 0.0051830 secs] [Times: user=0.03 sys=0.00, real=0.01 secs] 
2014-07-28T20:13:03.882+0000: 2346.260: [GC [PSYoungGen: 173632K->352K(170240K)] 378780K->205564K(857216K), 0.0027680 secs] [Times: user=0.02 sys=0.00, real=0.01 secs] 
2014-07-28T20:13:04.431+0000: 2346.809: [GC [PSYoungGen: 170179K->288K(166848K)] 375391K->205572K(853824K), 0.0031320 secs] [Times: user=0.01 sys=0.00, real=0.00 secs] 
2014-07-28T20:13:04.964+0000: 2347.342: [GC [PSYoungGen: 166816K->256K(163520K)] 372100K->205580K(850496K), 0.0027910 secs] [Times: user=0.02 sys=0.00, real=0.01 secs] 
2014-07-28T20:13:05.550+0000: 2347.928: [GC [PSYoungGen: 163520K->320K(160448K)] 368844K->205684K(847424K), 0.0057370 secs] [Times: user=0.04 sys=0.00, real=0.00 secs] 
2014-07-28T20:13:06.107+0000: 2348.485: [GC [PSYoungGen: 160448K->224K(157376K)] 365812K->205620K(844352K), 0.0056820 secs] [Times: user=0.03 sys=0.00, real=0.00 secs] 
2014-07-28T20:13:06.654+0000: 2349.032: [GC [PSYoungGen: 157344K->256K(154432K)] 362740K->205716K(841408K), 0.0060510 secs] [Times: user=0.03 sys=0.00, real=0.01 secs] 
2014-07-28T20:13:07.167+0000: 2349.545: [GC [PSYoungGen: 154432K->256K(151552K)] 359892K->205764K(838528K), 0.0036590 secs] [Times: user=0.02 sys=0.00, real=0.00 secs] 
2014-07-28T20:13:07.663+0000: 2350.041: [GC [PSYoungGen: 151552K->352K(148928K)] 357060K->205900K(835904K), 0.0046170 secs] [Times: user=0.02 sys=0.00, real=0.01 secs] 
2014-07-28T20:13:08.144+0000: 2350.521: [GC [PSYoungGen: 148896K->192K(146048K)] 354444K->205772K(833024K), 0.0027300 secs] [Times: user=0.01 sys=0.00, real=0.01 secs] 
2014-07-28T20:13:08.621+0000: 2350.999: [GC [PSYoungGen: 146048K->256K(143488K)] 351628K->205876K(830464K), 0.0061160 secs] [Times: user=0.04 sys=0.00, real=0.01 secs] 
2014-07-28T20:13:09.084+0000: 2351.462: [GC [PSYoungGen: 143488K->160K(140928K)] 349108K->205804K(827904K), 0.0060980 secs] [Times: user=0.03 sys=0.00, real=0.01 secs] 
2014-07-28T20:13:09.522+0000: 2351.900: [GC [PSYoungGen: 140895K->192K(169088K)] 346539K->205868K(856064K), 0.0108790 secs] [Times: user=0.06 sys=0.01, real=0.01 secs] 
2014-07-28T20:13:10.158+0000: 2352.536: [GC [PSYoungGen: 169088K->384K(203072K)] 374764K->206092K(890048K), 0.0027460 secs] [Times: user=0.01 sys=0.00, real=0.00 secs] 
2014-07-28T20:13:10.860+0000: 2353.238: [GC [PSYoungGen: 203072K->320K(198592K)] 408780K->206100K(885568K), 0.0037910 secs] [Times: user=0.03 sys=0.00, real=0.00 secs] 
2014-07-28T20:13:11.520+0000: 2353.897: [GC [PSYoungGen: 198592K->224K(238208K)] 404372K->206020K(925184K), 0.0130860 secs] [Times: user=0.08 sys=0.00, real=0.01 secs] 
2014-07-28T20:13:12.335+0000: 2354.713: [GC [PSYoungGen: 238176K->416K(275904K)] 443972K->206268K(962880K), 0.0040310 secs] [Times: user=0.02 sys=0.00, real=0.01 secs] 
2014-07-28T20:13:13.224+0000: 2355.602: [GC [PSYoungGen: 275808K->384K(268672K)] 481660K->206316K(955648K), 0.0050510 secs] [Times: user=0.03 sys=0.00, real=0.01 secs] 
2014-07-28T20:13:14.114+0000: 2356.492: [GC [PSYoungGen: 268672K->192K(261696K)] 474604K->206220K(948672K), 0.0080490 secs] [Times: user=0.05 sys=0.00, real=0.01 secs] 
2014-07-28T20:13:14.992+0000: 2357.370: [GC [PSYoungGen: 261696K->384K(255360K)] 467724K->206500K(942336K), 0.0041930 secs] [Times: user=0.03 sys=0.00, real=0.00 secs] 
2014-07-28T20:13:15.835+0000: 2358.213: [GC [PSYoungGen: 255360K->384K(249024K)] 461476K->206580K(936000K), 0.0060520 secs] [Times: user=0.03 sys=0.00, real=0.01 secs] 
2014-07-28T20:13:16.678+0000: 2359.056: [GC [PSYoungGen: 249024K->224K(242816K)] 455220K->206468K(929792K), 0.0045040 secs] [Times: user=0.03 sys=0.00, real=0.00 secs] 
2014-07-28T20:13:17.492+0000: 2359.870: [GC [PSYoungGen: 242784K->352K(237120K)] 449028K->206676K(924096K), 0.0043300 secs] [Times: user=0.03 sys=0.00, real=0.00 secs] 
2014-07-28T20:13:18.238+0000: 2360.616: [GC [PSYoungGen: 237088K->416K(231552K)] 443412K->206780K(918528K), 0.0052040 secs] [Times: user=0.03 sys=0.00, real=0.01 secs] 
2014-07-28T20:13:18.993+0000: 2361.371: [GC [PSYoungGen: 231520K->256K(225920K)] 437884K->206716K(912896K), 0.0044230 secs] [Times: user=0.03 sys=0.00, real=0.00 secs] 
2014-07-28T20:13:19.726+0000: 2362.104: [GC [PSYoungGen: 225905K->192K(220608K)] 432365K->206692K(907584K), 0.0035420 secs] [Times: user=0.02 sys=0.00, real=0.01 secs] 
2014-07-28T20:13:20.441+0000: 2362.819: [GC [PSYoungGen: 220608K->256K(215616K)] 427108K->206780K(902592K), 0.0083050 secs] [Times: user=0.05 sys=0.01, real=0.01 secs] 
2014-07-28T20:13:21.202+0000: 2363.580: [GC [PSYoungGen: 215616K->224K(210752K)] 422140K->206788K(897728K), 0.0051100 secs] [Times: user=0.03 sys=0.00, real=0.00 secs] 
2014-07-28T20:13:21.906+0000: 2364.284: [GC [PSYoungGen: 210720K->288K(206144K)] 417284K->206916K(893120K), 0.0038170 secs] [Times: user=0.03 sys=0.00, real=0.01 secs] 
2014-07-28T20:13:22.589+0000: 2364.966: [GC [PSYoungGen: 206112K->448K(201728K)] 412740K->207180K(888704K), 0.0039760 secs] [Times: user=0.02 sys=0.00, real=0.00 secs] 
2014-07-28T20:13:23.217+0000: 2365.595: [GC [PSYoungGen: 201728K->320K(197248K)] 408460K->207124K(884224K), 0.0033180 secs] [Times: user=0.02 sys=0.00, real=0.01 secs] 
2014-07-28T20:13:23.863+0000: 2366.241: [GC [PSYoungGen: 197248K->384K(193088K)] 404052K->207268K(880064K), 0.0038060 secs] [Times: user=0.02 sys=0.00, real=0.00 secs] 
2014-07-28T20:13:24.480+0000: 2366.858: [GC [PSYoungGen: 193088K->224K(188864K)] 399972K->207164K(875840K), 0.0079900 secs] [Times: user=0.05 sys=0.00, real=0.00 secs] 
2014-07-28T20:13:25.115+0000: 2367.493: [GC [PSYoungGen: 188832K->416K(185088K)] 395772K->207420K(872064K), 0.0026540 secs] [Times: user=0.01 sys=0.00, real=0.00 secs] 
2014-07-28T20:13:25.742+0000: 2368.120: [GC [PSYoungGen: 185056K->288K(181120K)] 392060K->207348K(868096K), 0.0047170 secs] [Times: user=0.02 sys=0.00, real=0.00 secs] 
2014-07-28T20:13:26.349+0000: 2368.727: [GC [PSYoungGen: 181088K->288K(177408K)] 388148K->207404K(864384K), 0.0073560 secs] [Times: user=0.04 sys=0.00, real=0.00 secs] 
2014-07-28T20:13:26.968+0000: 2369.346: [GC [PSYoungGen: 177376K->224K(173760K)] 384492K->207364K(860736K), 0.0070580 secs] [Times: user=0.04 sys=0.00, real=0.01 secs] 
2014-07-28T20:13:27.593+0000: 2369.971: [GC [PSYoungGen: 173728K->320K(170368K)] 380868K->207508K(857344K), 0.0040010 secs] [Times: user=0.02 sys=0.00, real=0.00 secs] 
2014-07-28T20:13:28.178+0000: 2370.556: [GC [PSYoungGen: 170368K->448K(167168K)] 377556K->207660K(854144K), 0.0028310 secs] [Times: user=0.01 sys=0.00, real=0.01 secs] 
2014-07-28T20:13:28.727+0000: 2371.105: [GC [PSYoungGen: 167168K->274K(163776K)] 374380K->207526K(850752K), 0.0030800 secs] [Times: user=0.01 sys=0.00, real=0.01 secs] 
2014-07-28T20:13:29.263+0000: 2371.641: [GC [PSYoungGen: 163730K->288K(160640K)] 370982K->207612K(847616K), 0.0055460 secs] [Times: user=0.04 sys=0.00, real=0.00 secs] 
2014-07-28T20:13:29.777+0000: 2372.155: [GC [PSYoungGen: 160608K->384K(192768K)] 367932K->207748K(879744K), 0.0109750 secs] [Times: user=0.06 sys=0.00, real=0.01 secs] 
2014-07-28T20:13:30.394+0000: 2372.772: [GC [PSYoungGen: 192768K->384K(231296K)] 400132K->207788K(918272K), 0.0072780 secs] [Times: user=0.04 sys=0.00, real=0.01 secs] 
2014-07-28T20:13:31.161+0000: 2373.539: [GC [PSYoungGen: 231296K->224K(225728K)] 438700K->207660K(912704K), 0.0027350 secs] [Times: user=0.01 sys=0.00, real=0.00 secs] 
2014-07-28T20:13:31.940+0000: 2374.318: [GC [PSYoungGen: 225696K->448K(220672K)] 433132K->207956K(907648K), 0.0038200 secs] [Times: user=0.03 sys=0.00, real=0.00 secs] 
2014-07-28T20:13:32.678+0000: 2375.056: [GC [PSYoungGen: 220671K->320K(215488K)] 428179K->207892K(902464K), 0.0046570 secs] [Times: user=0.03 sys=0.00, real=0.01 secs] 
2014-07-28T20:13:33.408+0000: 2375.786: [GC [PSYoungGen: 215488K->256K(210560K)] 423060K->207860K(897536K), 0.0098440 secs] [Times: user=0.05 sys=0.00, real=0.01 secs] 
2014-07-28T20:13:34.113+0000: 2376.491: [GC [PSYoungGen: 210551K->320K(205952K)] 418155K->207964K(892928K), 0.0045650 secs] [Times: user=0.03 sys=0.00, real=0.00 secs] 
2014-07-28T20:13:34.810+0000: 2377.187: [GC [PSYoungGen: 205952K->352K(201472K)] 413596K->208052K(888448K), 0.0068560 secs] [Times: user=0.04 sys=0.00, real=0.01 secs] 
2014-07-28T20:13:35.502+0000: 2377.880: [GC [PSYoungGen: 201409K->192K(196928K)] 409109K->207940K(883904K), 0.0033940 secs] [Times: user=0.02 sys=0.00, real=0.00 secs] 
2014-07-28T20:13:36.164+0000: 2378.542: [GC [PSYoungGen: 196928K->288K(192832K)] 404676K->208084K(879808K), 0.0034200 secs] [Times: user=0.01 sys=0.00, real=0.00 secs] 
2014-07-28T20:13:36.806+0000: 2379.184: [GC [PSYoungGen: 192800K->448K(188864K)] 400596K->208348K(875840K), 0.0047090 secs] [Times: user=0.04 sys=0.00, real=0.01 secs] 
2014-07-28T20:13:37.402+0000: 2379.780: [GC [PSYoungGen: 188864K->288K(184768K)] 396764K->208252K(871744K), 0.0036040 secs] [Times: user=0.02 sys=0.00, real=0.00 secs] 
2014-07-28T20:13:38.033+0000: 2380.411: [GC [PSYoungGen: 184736K->448K(181056K)] 392700K->208484K(868032K), 0.0037970 secs] [Times: user=0.02 sys=0.00, real=0.00 secs] 
2014-07-28T20:13:38.613+0000: 2380.991: [GC [PSYoungGen: 181056K->160K(177088K)] 389092K->208204K(864064K), 0.0070350 secs] [Times: user=0.01 sys=0.00, real=0.00 secs] 
2014-07-28T20:13:39.236+0000: 2381.614: [GC [PSYoungGen: 177056K->512K(173824K)] 385100K->208676K(860800K), 0.0035520 secs] [Times: user=0.02 sys=0.00, real=0.00 secs] 
2014-07-28T20:13:39.815+0000: 2382.193: [GC [PSYoungGen: 173824K->352K(170240K)] 381988K->208588K(857216K), 0.0051440 secs] [Times: user=0.03 sys=0.00, real=0.00 secs] 
2014-07-28T20:13:40.398+0000: 2382.776: [GC [PSYoungGen: 170208K->384K(166912K)] 378444K->208684K(853888K), 0.0068360 secs] [Times: user=0.04 sys=0.00, real=0.01 secs] 
2014-07-28T20:13:40.967+0000: 2383.345: [GC [PSYoungGen: 166912K->416K(163712K)] 375212K->208772K(850688K), 0.0033520 secs] [Times: user=0.01 sys=0.01, real=0.00 secs] 
2014-07-28T20:13:41.507+0000: 2383.885: [GC [PSYoungGen: 163680K->320K(160448K)] 372036K->208748K(847424K), 0.0054760 secs] [Times: user=0.03 sys=0.00, real=0.01 secs] 
2014-07-28T20:13:42.060+0000: 2384.438: [GC [PSYoungGen: 160448K->192K(157312K)] 368876K->208660K(844288K), 0.0075180 secs] [Times: user=0.04 sys=0.01, real=0.01 secs] 
2014-07-28T20:13:42.591+0000: 2384.969: [GC [PSYoungGen: 157312K->288K(188864K)] 365780K->208804K(875840K), 0.0093130 secs] [Times: user=0.04 sys=0.00, real=0.00 secs] 
2014-07-28T20:13:43.237+0000: 2385.615: [GC [PSYoungGen: 188832K->224K(184832K)] 397348K->208764K(871808K), 0.0026410 secs] [Times: user=0.02 sys=0.00, real=0.00 secs] 
2014-07-28T20:13:43.851+0000: 2386.229: [GC [PSYoungGen: 184800K->416K(181184K)] 393340K->209044K(868160K), 0.0036050 secs] [Times: user=0.02 sys=0.00, real=0.00 secs] 
2014-07-28T20:13:44.465+0000: 2386.843: [GC [PSYoungGen: 181152K->288K(177344K)] 389780K->208988K(864320K), 0.0036160 secs] [Times: user=0.02 sys=0.00, real=0.00 secs] 
2014-07-28T20:13:45.082+0000: 2387.460: [GC [PSYoungGen: 177312K->320K(173760K)] 386012K->209068K(860736K), 0.0045300 secs] [Times: user=0.03 sys=0.00, real=0.00 secs] 
2014-07-28T20:13:45.663+0000: 2388.041: [GC [PSYoungGen: 173760K->320K(170304K)] 382508K->209132K(857280K), 0.0041040 secs] [Times: user=0.02 sys=0.00, real=0.00 secs] 
2014-07-28T20:13:46.251+0000: 2388.629: [GC [PSYoungGen: 170304K->288K(166976K)] 379116K->209148K(853952K), 0.0055310 secs] [Times: user=0.03 sys=0.00, real=0.01 secs] 
2014-07-28T20:13:46.831+0000: 2389.209: [GC [PSYoungGen: 166944K->352K(163776K)] 375804K->209268K(850752K), 0.0061250 secs] [Times: user=0.03 sys=0.00, real=0.01 secs] 
2014-07-28T20:13:47.412+0000: 2389.790: [GC [PSYoungGen: 163744K->224K(160512K)] 372660K->209196K(847488K), 0.0041840 secs] [Times: user=0.02 sys=0.00, real=0.00 secs] 
2014-07-28T20:13:47.960+0000: 2390.338: [GC [PSYoungGen: 160480K->256K(157440K)] 369452K->209268K(844416K), 0.0026740 secs] [Times: user=0.02 sys=0.00, real=0.01 secs] 
2014-07-28T20:13:48.484+0000: 2390.862: [GC [PSYoungGen: 157440K->384K(154624K)] 366452K->209492K(841600K), 0.0053810 secs] [Times: user=0.03 sys=0.00, real=0.00 secs] 
2014-07-28T20:13:48.980+0000: 2391.358: [GC [PSYoungGen: 154624K->384K(185472K)] 363732K->209508K(872448K), 0.0085190 secs] [Times: user=0.05 sys=0.00, real=0.01 secs] 
2014-07-28T20:13:49.579+0000: 2391.956: [GC [PSYoungGen: 185472K->192K(181440K)] 394596K->209348K(868416K), 0.0031930 secs] [Times: user=0.02 sys=0.00, real=0.00 secs] 
2014-07-28T20:13:50.180+0000: 2392.558: [GC [PSYoungGen: 181440K->256K(177792K)] 390596K->209428K(864768K), 0.0042010 secs] [Times: user=0.02 sys=0.00, real=0.01 secs] 
2014-07-28T20:13:50.776+0000: 2393.154: [GC [PSYoungGen: 177792K->256K(174208K)] 386964K->209484K(861184K), 0.0052930 secs] [Times: user=0.04 sys=0.00, real=0.00 secs] 
2014-07-28T20:13:51.350+0000: 2393.728: [GC [PSYoungGen: 174208K->224K(170752K)] 383436K->209500K(857728K), 0.0062740 secs] [Times: user=0.04 sys=0.00, real=0.01 secs] 
2014-07-28T20:13:51.893+0000: 2394.271: [GC [PSYoungGen: 170720K->320K(167424K)] 379996K->209628K(854400K), 0.0025400 secs] [Times: user=0.02 sys=0.00, real=0.01 secs] 
2014-07-28T20:13:52.414+0000: 2394.792: [GC [PSYoungGen: 167424K->224K(164096K)] 376732K->209588K(851072K), 0.0019920 secs] [Times: user=0.02 sys=0.00, real=0.00 secs] 
2014-07-28T20:13:52.976+0000: 2395.353: [GC [PSYoungGen: 164064K->288K(161024K)] 373428K->209684K(848000K), 0.0076480 secs] [Times: user=0.05 sys=0.01, real=0.01 secs] 
2014-07-28T20:13:53.509+0000: 2395.887: [GC [PSYoungGen: 160992K->256K(157888K)] 370388K->209700K(844864K), 0.0064870 secs] [Times: user=0.04 sys=0.01, real=0.01 secs] 
2014-07-28T20:13:54.050+0000: 2396.428: [GC [PSYoungGen: 157888K->256K(189440K)] 367332K->209724K(876416K), 0.0079630 secs] [Times: user=0.04 sys=0.01, real=0.01 secs] 
2014-07-28T20:13:54.729+0000: 2397.107: [GC [PSYoungGen: 189440K->402K(185664K)] 398908K->209926K(872640K), 0.0039170 secs] [Times: user=0.02 sys=0.01, real=0.00 secs] 
2014-07-28T20:13:55.346+0000: 2397.723: [GC [PSYoungGen: 185618K->288K(181696K)] 395142K->209860K(868672K), 0.0037810 secs] [Times: user=0.03 sys=0.00, real=0.00 secs] 
2014-07-28T20:13:55.911+0000: 2398.289: [GC [PSYoungGen: 181664K->320K(177984K)] 391236K->209972K(864960K), 0.0060000 secs] [Times: user=0.03 sys=0.01, real=0.01 secs] 
2014-07-28T20:13:56.456+0000: 2398.834: [GC [PSYoungGen: 177984K->224K(174336K)] 387636K->209908K(861312K), 0.0067370 secs] [Times: user=0.04 sys=0.00, real=0.00 secs] 
2014-07-28T20:13:57.040+0000: 2399.418: [GC [PSYoungGen: 174304K->338K(171008K)] 383988K->210054K(857984K), 0.0047750 secs] [Times: user=0.03 sys=0.00, real=0.01 secs] 
2014-07-28T20:13:57.683+0000: 2400.061: [GC [PSYoungGen: 170962K->224K(167488K)] 380678K->209956K(854464K), 0.0050000 secs] [Times: user=0.01 sys=0.00, real=0.01 secs] 
2014-07-28T20:13:58.338+0000: 2400.716: [GC [PSYoungGen: 167456K->448K(164416K)] 377188K->210244K(851392K), 0.0045970 secs] [Times: user=0.01 sys=0.00, real=0.00 secs] 
2014-07-28T20:13:59.006+0000: 2401.384: [GC [PSYoungGen: 164416K->530K(161408K)] 374212K->210358K(848384K), 0.0072830 secs] [Times: user=0.04 sys=0.00, real=0.00 secs] 
2014-07-28T20:13:59.681+0000: 2402.059: [GC [PSYoungGen: 161362K->192K(157952K)] 371190K->210100K(844928K), 0.0048590 secs] [Times: user=0.03 sys=0.01, real=0.01 secs] 
2014-07-28T20:14:00.194+0000: 2402.572: [GC [PSYoungGen: 157911K->306K(155136K)] 367819K->210254K(842112K), 0.0028820 secs] [Times: user=0.01 sys=0.00, real=0.00 secs] 
2014-07-28T20:14:00.685+0000: 2403.063: [GC [PSYoungGen: 155092K->224K(152192K)] 365040K->210212K(839168K), 0.0030140 secs] [Times: user=0.02 sys=0.00, real=0.00 secs] 
2014-07-28T20:14:01.160+0000: 2403.538: [GC [PSYoungGen: 152160K->224K(149376K)] 362148K->210260K(836352K), 0.0068020 secs] [Times: user=0.04 sys=0.00, real=0.01 secs] 
2014-07-28T20:14:01.691+0000: 2404.069: [GC [PSYoungGen: 149304K->434K(146880K)] 359340K->210526K(833856K), 0.0029960 secs] [Times: user=0.01 sys=0.00, real=0.00 secs] 
2014-07-28T20:14:02.271+0000: 2404.649: [GC [PSYoungGen: 146866K->352K(144192K)] 356958K->210532K(831168K), 0.0036870 secs] [Times: user=0.01 sys=0.01, real=0.01 secs] 
2014-07-28T20:14:02.783+0000: 2405.160: [GC [PSYoungGen: 144160K->320K(141568K)] 354340K->210540K(828544K), 0.0029510 secs] [Times: user=0.01 sys=0.00, real=0.01 secs] 
2014-07-28T20:14:03.265+0000: 2405.643: [GC [PSYoungGen: 141568K->352K(139136K)] 351788K->210604K(826112K), 0.0069240 secs] [Times: user=0.02 sys=0.00, real=0.00 secs] 
2014-07-28T20:14:03.716+0000: 2406.094: [GC [PSYoungGen: 139104K->224K(136640K)] 349356K->210524K(823616K), 0.0026930 secs] [Times: user=0.01 sys=0.00, real=0.00 secs] 
2014-07-28T20:14:04.175+0000: 2406.553: [GC [PSYoungGen: 136608K->160K(163904K)] 346908K->210500K(850880K), 0.0081600 secs] [Times: user=0.05 sys=0.00, real=0.01 secs] 
2014-07-28T20:14:04.736+0000: 2407.114: [GC [PSYoungGen: 163872K->352K(160960K)] 374212K->210764K(847936K), 0.0040910 secs] [Times: user=0.02 sys=0.00, real=0.00 secs] 
2014-07-28T20:14:05.271+0000: 2407.648: [GC [PSYoungGen: 160928K->448K(157952K)] 371340K->210956K(844928K), 0.0037900 secs] [Times: user=0.02 sys=0.00, real=0.00 secs] 
2014-07-28T20:14:05.800+0000: 2408.178: [GC [PSYoungGen: 157952K->370K(154944K)] 368460K->210934K(841920K), 0.0063840 secs] [Times: user=0.04 sys=0.01, real=0.01 secs] 
2014-07-28T20:14:06.325+0000: 2408.703: [GC [PSYoungGen: 154930K->448K(152128K)] 365494K->211100K(839104K), 0.0042410 secs] [Times: user=0.02 sys=0.00, real=0.00 secs] 
2014-07-28T20:14:06.807+0000: 2409.184: [GC [PSYoungGen: 152128K->192K(149120K)] 362780K->210892K(836096K), 0.0057240 secs] [Times: user=0.04 sys=0.00, real=0.00 secs] 
2014-07-28T20:14:07.324+0000: 2409.702: [GC [PSYoungGen: 149120K->224K(146496K)] 359820K->210972K(833472K), 0.0026970 secs] [Times: user=0.01 sys=0.00, real=0.01 secs] 
2014-07-28T20:14:07.782+0000: 2410.160: [GC [PSYoungGen: 146464K->352K(144000K)] 357212K->211156K(830976K), 0.0032400 secs] [Times: user=0.02 sys=0.00, real=0.01 secs] 
2014-07-28T20:14:08.250+0000: 2410.628: [GC [PSYoungGen: 143968K->320K(141376K)] 354772K->211180K(828352K), 0.0042020 secs] [Times: user=0.01 sys=0.00, real=0.00 secs] 
2014-07-28T20:14:08.695+0000: 2411.073: [GC [PSYoungGen: 141376K->320K(138944K)] 352236K->211252K(825920K), 0.0040720 secs] [Times: user=0.02 sys=0.00, real=0.01 secs] 
2014-07-28T20:14:09.141+0000: 2411.519: [GC [PSYoungGen: 138944K->480K(136768K)] 349876K->211484K(823744K), 0.0027470 secs] [Times: user=0.01 sys=0.01, real=0.00 secs] 
2014-07-28T20:14:09.581+0000: 2411.959: [GC [PSYoungGen: 136736K->256K(134208K)] 347740K->211324K(821184K), 0.0055950 secs] [Times: user=0.03 sys=0.00, real=0.01 secs] 
2014-07-28T20:14:10.006+0000: 2412.383: [GC [PSYoungGen: 134159K->370K(132096K)] 345227K->211470K(819072K), 0.0027640 secs] [Times: user=0.01 sys=0.01, real=0.00 secs] 
2014-07-28T20:14:10.424+0000: 2412.801: [GC [PSYoungGen: 132082K->320K(129856K)] 343182K->211484K(816832K), 0.0055260 secs] [Times: user=0.03 sys=0.00, real=0.01 secs] 
2014-07-28T20:14:10.854+0000: 2413.232: [GC [PSYoungGen: 129856K->288K(155776K)] 341020K->211468K(842752K), 0.0053690 secs] [Times: user=0.03 sys=0.01, real=0.01 secs] 
2014-07-28T20:14:11.353+0000: 2413.730: [GC [PSYoungGen: 155744K->352K(152960K)] 366924K->211604K(839936K), 0.0046110 secs] [Times: user=0.03 sys=0.00, real=0.01 secs] 
2014-07-28T20:14:11.862+0000: 2414.240: [GC [PSYoungGen: 152928K->416K(150208K)] 364180K->211716K(837184K), 0.0031650 secs] [Times: user=0.02 sys=0.00, real=0.00 secs] 
2014-07-28T20:14:12.329+0000: 2414.707: [GC [PSYoungGen: 150176K->256K(147328K)] 361476K->211652K(834304K), 0.0033350 secs] [Times: user=0.03 sys=0.00, real=0.00 secs] 
2014-07-28T20:14:12.811+0000: 2415.189: [GC [PSYoungGen: 147328K->384K(144832K)] 358724K->211836K(831808K), 0.0046060 secs] [Times: user=0.02 sys=0.00, real=0.00 secs] 
2014-07-28T20:14:13.284+0000: 2415.662: [GC [PSYoungGen: 144832K->416K(142336K)] 356284K->211940K(829312K), 0.0030580 secs] [Times: user=0.01 sys=0.01, real=0.01 secs] 
2014-07-28T20:14:13.750+0000: 2416.128: [GC [PSYoungGen: 142304K->288K(139712K)] 353828K->211868K(826688K), 0.0037050 secs] [Times: user=0.03 sys=0.00, real=0.00 secs] 
2014-07-28T20:14:14.209+0000: 2416.587: [GC [PSYoungGen: 139680K->320K(137280K)] 351260K->211956K(824256K), 0.0044620 secs] [Times: user=0.02 sys=0.00, real=0.00 secs] 
2014-07-28T20:14:14.661+0000: 2417.039: [GC [PSYoungGen: 137280K->512K(164864K)] 348916K->212204K(851840K), 0.0101540 secs] [Times: user=0.05 sys=0.01, real=0.01 secs] 
2014-07-28T20:14:15.215+0000: 2417.593: [GC [PSYoungGen: 164864K->256K(197504K)] 376556K->211996K(884480K), 0.0042900 secs] [Times: user=0.03 sys=0.01, real=0.01 secs] 
2014-07-28T20:14:15.858+0000: 2418.236: [GC [PSYoungGen: 197504K->416K(193472K)] 409244K->212220K(880448K), 0.0040540 secs] [Times: user=0.02 sys=0.00, real=0.00 secs] 
2014-07-28T20:14:16.447+0000: 2418.825: [GC [PSYoungGen: 193440K->320K(189248K)] 405244K->212196K(876224K), 0.0026490 secs] [Times: user=0.01 sys=0.00, real=0.00 secs] 
2014-07-28T20:14:17.031+0000: 2419.409: [GC [PSYoungGen: 189248K->288K(185280K)] 401124K->212196K(872256K), 0.0040870 secs] [Times: user=0.02 sys=0.00, real=0.00 secs] 
2014-07-28T20:14:17.631+0000: 2420.008: [GC [PSYoungGen: 185248K->288K(181440K)] 397156K->212268K(868416K), 0.0048580 secs] [Times: user=0.03 sys=0.01, real=0.00 secs] 
2014-07-28T20:14:18.190+0000: 2420.568: [GC [PSYoungGen: 181408K->288K(217664K)] 393388K->212316K(904640K), 0.0093630 secs] [Times: user=0.04 sys=0.01, real=0.01 secs] 
2014-07-28T20:14:18.903+0000: 2421.281: [GC [PSYoungGen: 217632K->224K(212672K)] 429660K->212284K(899648K), 0.0060110 secs] [Times: user=0.03 sys=0.00, real=0.01 secs] 
2014-07-28T20:14:19.576+0000: 2421.954: [GC [PSYoungGen: 212640K->160K(207872K)] 424700K->212236K(894848K), 0.0053670 secs] [Times: user=0.01 sys=0.01, real=0.01 secs] 
2014-07-28T20:14:20.279+0000: 2422.657: [GC [PSYoungGen: 207840K->224K(203328K)] 419916K->212332K(890304K), 0.0071230 secs] [Times: user=0.04 sys=0.00, real=0.00 secs] 
2014-07-28T20:14:20.929+0000: 2423.307: [GC [PSYoungGen: 203296K->448K(199104K)] 415404K->212652K(886080K), 0.0041870 secs] [Times: user=0.03 sys=0.00, real=0.00 secs] 
2014-07-28T20:14:21.559+0000: 2423.937: [GC [PSYoungGen: 199104K->256K(194624K)] 411308K->212500K(881600K), 0.0025130 secs] [Times: user=0.01 sys=0.00, real=0.00 secs] 
2014-07-28T20:14:22.191+0000: 2424.569: [GC [PSYoungGen: 194598K->384K(190592K)] 406842K->212676K(877568K), 0.0049480 secs] [Times: user=0.03 sys=0.00, real=0.00 secs] 
2014-07-28T20:14:22.780+0000: 2425.158: [GC [PSYoungGen: 190592K->416K(186624K)] 402884K->212796K(873600K), 0.0050450 secs] [Times: user=0.02 sys=0.00, real=0.00 secs] 
2014-07-28T20:14:23.387+0000: 2425.765: [GC [PSYoungGen: 186592K->320K(182592K)] 398972K->212764K(869568K), 0.0055550 secs] [Times: user=0.03 sys=0.00, real=0.01 secs] 
2014-07-28T20:14:23.965+0000: 2426.343: [GC [PSYoungGen: 182592K->256K(178816K)] 395036K->212756K(865792K), 0.0040350 secs] [Times: user=0.02 sys=0.00, real=0.01 secs] 
2014-07-28T20:14:24.513+0000: 2426.891: [GC [PSYoungGen: 178816K->384K(175296K)] 391316K->212948K(862272K), 0.0034670 secs] [Times: user=0.02 sys=0.00, real=0.00 secs] 
2014-07-28T20:14:25.065+0000: 2427.443: [GC [PSYoungGen: 175296K->192K(171584K)] 387860K->212788K(858560K), 0.0035050 secs] [Times: user=0.01 sys=0.00, real=0.01 secs] 
2014-07-28T20:14:25.574+0000: 2427.952: [GC [PSYoungGen: 171568K->256K(168256K)] 384164K->212916K(855232K), 0.0049420 secs] [Times: user=0.03 sys=0.00, real=0.01 secs] 
2014-07-28T20:14:26.098+0000: 2428.476: [GC [PSYoungGen: 168225K->480K(165248K)] 380885K->213212K(852224K), 0.0036250 secs] [Times: user=0.03 sys=0.00, real=0.00 secs] 
2014-07-28T20:14:26.629+0000: 2429.006: [GC [PSYoungGen: 165216K->448K(161984K)] 377948K->213260K(848960K), 0.0020150 secs] [Times: user=0.01 sys=0.00, real=0.00 secs] 
2014-07-28T20:14:27.105+0000: 2429.483: [GC [PSYoungGen: 161984K->256K(158720K)] 374796K->213124K(845696K), 0.0053010 secs] [Times: user=0.03 sys=0.00, real=0.01 secs] 
2014-07-28T20:14:27.582+0000: 2429.960: [GC [PSYoungGen: 158720K->224K(155712K)] 371588K->213132K(842688K), 0.0054190 secs] [Times: user=0.04 sys=0.00, real=0.00 secs] 
2014-07-28T20:14:28.067+0000: 2430.445: [GC [PSYoungGen: 155680K->224K(152832K)] 368588K->213164K(839808K), 0.0026610 secs] [Times: user=0.02 sys=0.01, real=0.01 secs] 
2014-07-28T20:14:28.543+0000: 2430.921: [GC [PSYoungGen: 152792K->320K(150080K)] 365732K->213324K(837056K), 0.0047480 secs] [Times: user=0.03 sys=0.00, real=0.01 secs] 
2014-07-28T20:14:29.028+0000: 2431.406: [GC [PSYoungGen: 150080K->384K(147456K)] 363084K->213420K(834432K), 0.0026630 secs] [Times: user=0.01 sys=0.00, real=0.01 secs] 
2014-07-28T20:14:29.488+0000: 2431.866: [GC [PSYoungGen: 147456K->256K(144704K)] 360492K->213340K(831680K), 0.0043510 secs] [Times: user=0.02 sys=0.00, real=0.00 secs] 
2014-07-28T20:14:29.938+0000: 2432.316: [GC [PSYoungGen: 144704K->256K(142144K)] 357788K->213356K(829120K), 0.0047100 secs] [Times: user=0.02 sys=0.00, real=0.01 secs] 
2014-07-28T20:14:30.390+0000: 2432.768: [GC [PSYoungGen: 142144K->224K(139648K)] 355244K->213372K(826624K), 0.0064790 secs] [Times: user=0.03 sys=0.00, real=0.00 secs] 
2014-07-28T20:14:30.811+0000: 2433.189: [GC [PSYoungGen: 139616K->192K(137152K)] 352764K->213364K(824128K), 0.0034100 secs] [Times: user=0.01 sys=0.00, real=0.00 secs] 
2014-07-28T20:14:31.233+0000: 2433.611: [GC [PSYoungGen: 137152K->320K(134912K)] 350324K->213556K(821888K), 0.0042750 secs] [Times: user=0.02 sys=0.00, real=0.00 secs] 
2014-07-28T20:14:31.676+0000: 2434.054: [GC [PSYoungGen: 134912K->256K(132544K)] 348148K->213548K(819520K), 0.0049410 secs] [Times: user=0.02 sys=0.00, real=0.01 secs] 
2014-07-28T20:14:32.093+0000: 2434.471: [GC [PSYoungGen: 132544K->320K(130368K)] 345836K->213676K(817344K), 0.0038560 secs] [Times: user=0.03 sys=0.00, real=0.00 secs] 
2014-07-28T20:14:32.495+0000: 2434.873: [GC [PSYoungGen: 130368K->192K(156288K)] 343724K->213580K(843264K), 0.0051220 secs] [Times: user=0.03 sys=0.00, real=0.01 secs] 
2014-07-28T20:14:33.003+0000: 2435.381: [GC [PSYoungGen: 156288K->384K(187712K)] 369676K->213788K(874688K), 0.0048430 secs] [Times: user=0.02 sys=0.00, real=0.00 secs] 
2014-07-28T20:14:33.603+0000: 2435.981: [GC [PSYoungGen: 187712K->288K(183744K)] 401116K->213732K(870720K), 0.0036270 secs] [Times: user=0.01 sys=0.00, real=0.00 secs] 
2014-07-28T20:14:34.198+0000: 2436.576: [GC [PSYoungGen: 183712K->320K(179968K)] 397156K->213780K(866944K), 0.0035120 secs] [Times: user=0.02 sys=0.00, real=0.01 secs] 
2014-07-28T20:14:34.780+0000: 2437.158: [GC [PSYoungGen: 179968K->288K(176320K)] 393428K->213812K(863296K), 0.0038540 secs] [Times: user=0.02 sys=0.00, real=0.00 secs] 
2014-07-28T20:14:35.387+0000: 2437.765: [GC [PSYoungGen: 176288K->320K(211520K)] 389812K->213892K(898496K), 0.0122450 secs] [Times: user=0.06 sys=0.02, real=0.02 secs] 
2014-07-28T20:14:36.142+0000: 2438.520: [GC [PSYoungGen: 211520K->352K(246848K)] 425092K->213956K(933824K), 0.0065250 secs] [Times: user=0.02 sys=0.01, real=0.00 secs] 
2014-07-28T20:14:36.982+0000: 2439.360: [GC [PSYoungGen: 246752K->288K(246912K)] 460356K->213932K(933888K), 0.0084900 secs] [Times: user=0.05 sys=0.01, real=0.01 secs] 
2014-07-28T20:14:37.832+0000: 2440.210: [GC [PSYoungGen: 246688K->224K(240640K)] 460332K->213900K(927616K), 0.0072080 secs] [Times: user=0.04 sys=0.01, real=0.00 secs] 
2014-07-28T20:14:38.659+0000: 2441.037: [GC [PSYoungGen: 240608K->224K(234880K)] 454284K->213940K(921856K), 0.0039810 secs] [Times: user=0.02 sys=0.00, real=0.01 secs] 
2014-07-28T20:14:39.452+0000: 2441.830: [GC [PSYoungGen: 234848K->224K(229312K)] 448564K->213980K(916288K), 0.0064510 secs] [Times: user=0.04 sys=0.00, real=0.00 secs] 
2014-07-28T20:14:40.314+0000: 2442.692: [GC [PSYoungGen: 229280K->288K(224000K)] 443036K->214084K(910976K), 0.0058400 secs] [Times: user=0.04 sys=0.01, real=0.01 secs] 
2014-07-28T20:14:41.247+0000: 2443.625: [GC [PSYoungGen: 223968K->320K(218816K)] 437764K->214148K(905792K), 0.0041910 secs] [Times: user=1.74 sys=1.16, real=1.67 secs] 
2014-07-28T20:14:43.823+0000: 2446.201: [GC [PSYoungGen: 218816K->256K(213760K)] 432644K->214124K(900736K), 0.0103230 secs] [Times: user=0.05 sys=0.02, real=0.01 secs] 
2014-07-28T20:14:44.624+0000: 2447.002: [GC [PSYoungGen: 213760K->352K(209088K)] 427628K->214300K(896064K), 0.0041770 secs] [Times: user=0.03 sys=0.00, real=0.00 secs] 
2014-07-28T20:14:45.367+0000: 2447.745: [GC [PSYoungGen: 209056K->224K(204352K)] 423004K->214204K(891328K), 0.0029620 secs] [Times: user=0.01 sys=0.00, real=0.00 secs] 
2014-07-28T20:14:46.137+0000: 2448.515: [GC [PSYoungGen: 204320K->288K(199936K)] 418300K->214332K(886912K), 0.0041170 secs] [Times: user=0.02 sys=0.00, real=0.01 secs] 
2014-07-28T20:14:46.941+0000: 2449.319: [GC [PSYoungGen: 199904K->256K(195520K)] 413948K->214348K(882496K), 0.0051060 secs] [Times: user=0.02 sys=0.00, real=0.01 secs] 
2014-07-28T20:14:47.630+0000: 2450.008: [GC [PSYoungGen: 195520K->192K(191296K)] 409612K->214316K(878272K), 0.0064580 secs] [Times: user=0.03 sys=0.01, real=0.01 secs] 
2014-07-28T20:14:48.333+0000: 2450.711: [GC [PSYoungGen: 191296K->224K(187328K)] 405420K->214380K(874304K), 0.0029310 secs] [Times: user=0.01 sys=0.01, real=0.00 secs] 
2014-07-28T20:14:49.209+0000: 2451.587: [GC [PSYoungGen: 187296K->274K(183488K)] 401452K->214446K(870464K), 0.0051180 secs] [Times: user=0.02 sys=0.00, real=0.01 secs] 
2014-07-28T20:14:50.183+0000: 2452.561: [GC [PSYoungGen: 183442K->384K(179776K)] 397614K->214620K(866752K), 0.0054940 secs] [Times: user=0.03 sys=0.00, real=0.00 secs] 
2014-07-28T20:14:51.111+0000: 2453.489: [GC [PSYoungGen: 179776K->256K(176000K)] 394012K->214596K(862976K), 0.0041990 secs] [Times: user=0.01 sys=0.01, real=0.01 secs] 
2014-07-28T20:14:52.033+0000: 2454.411: [GC [PSYoungGen: 176000K->416K(172672K)] 390340K->214820K(859648K), 0.0102080 secs] [Times: user=0.05 sys=0.01, real=0.01 secs] 
2014-07-28T20:14:52.822+0000: 2455.200: [GC [PSYoungGen: 172640K->224K(169088K)] 387044K->214676K(856064K), 0.0027130 secs] [Times: user=0.02 sys=0.00, real=0.00 secs] 
2014-07-28T20:14:53.430+0000: 2455.808: [GC [PSYoungGen: 169039K->256K(165760K)] 383491K->214724K(852736K), 0.0038730 secs] [Times: user=0.01 sys=0.00, real=0.01 secs] 
2014-07-28T20:14:54.004+0000: 2456.382: [GC [PSYoungGen: 165760K->160K(162496K)] 380228K->214652K(849472K), 0.0036800 secs] [Times: user=0.02 sys=0.00, real=0.00 secs] 
2014-07-28T20:14:54.573+0000: 2456.951: [GC [PSYoungGen: 162464K->256K(159488K)] 376956K->214796K(846464K), 0.0060090 secs] [Times: user=0.03 sys=0.00, real=0.00 secs] 
2014-07-28T20:14:55.117+0000: 2457.495: [GC [PSYoungGen: 159488K->256K(156480K)] 374028K->214820K(843456K), 0.0039680 secs] [Times: user=0.01 sys=0.01, real=0.00 secs] 
2014-07-28T20:14:55.651+0000: 2458.029: [GC [PSYoungGen: 156480K->192K(153472K)] 371044K->214788K(840448K), 0.0028510 secs] [Times: user=0.01 sys=0.01, real=0.01 secs] 
2014-07-28T20:14:56.183+0000: 2458.561: [GC [PSYoungGen: 153472K->448K(150912K)] 368068K->215068K(837888K), 0.0067260 secs] [Times: user=0.04 sys=0.00, real=0.00 secs] 
2014-07-28T20:14:56.711+0000: 2459.089: [GC [PSYoungGen: 150912K->320K(180928K)] 365532K->215004K(867904K), 0.0101780 secs] [Times: user=0.06 sys=0.02, real=0.01 secs] 
2014-07-28T20:14:57.379+0000: 2459.757: [GC [PSYoungGen: 180928K->320K(177216K)] 395612K->215044K(864192K), 0.0040290 secs] [Times: user=0.02 sys=0.00, real=0.01 secs] 
2014-07-28T20:14:58.037+0000: 2460.415: [GC [PSYoungGen: 177216K->288K(173632K)] 391940K->215060K(860608K), 0.0060040 secs] [Times: user=0.03 sys=0.00, real=0.00 secs] 
2014-07-28T20:14:58.625+0000: 2461.003: [GC [PSYoungGen: 173600K->256K(170112K)] 388372K->215084K(857088K), 0.0064000 secs] [Times: user=0.03 sys=0.01, real=0.00 secs] 
2014-07-28T20:14:59.200+0000: 2461.578: [GC [PSYoungGen: 170112K->288K(204160K)] 384940K->215132K(891136K), 0.0105650 secs] [Times: user=0.06 sys=0.01, real=0.01 secs] 
2014-07-28T20:14:59.900+0000: 2462.277: [GC [PSYoungGen: 204128K->384K(244992K)] 418972K->215292K(931968K), 0.0069480 secs] [Times: user=0.03 sys=0.00, real=0.01 secs] 
2014-07-28T20:15:00.740+0000: 2463.118: [GC [PSYoungGen: 244985K->320K(238976K)] 459893K->215244K(925952K), 0.0040980 secs] [Times: user=0.03 sys=0.00, real=0.01 secs] 
2014-07-28T20:15:01.559+0000: 2463.937: [GC [PSYoungGen: 238976K->288K(233280K)] 453900K->215268K(920256K), 0.0026380 secs] [Times: user=0.01 sys=0.00, real=0.00 secs] 
2014-07-28T20:15:02.363+0000: 2464.741: [GC [PSYoungGen: 233248K->224K(227712K)] 448228K->215252K(914688K), 0.0053460 secs] [Times: user=0.03 sys=0.00, real=0.01 secs] 
2014-07-28T20:15:03.366+0000: 2465.743: [GC [PSYoungGen: 227680K->384K(222528K)] 442708K->215492K(909504K), 0.0040550 secs] [Times: user=0.03 sys=0.00, real=0.00 secs] 
2014-07-28T20:15:04.422+0000: 2466.799: [GC [PSYoungGen: 222528K->288K(217344K)] 437636K->215428K(904320K), 0.0034260 secs] [Times: user=0.02 sys=0.00, real=0.01 secs] 
2014-07-28T20:15:05.506+0000: 2467.884: [GC [PSYoungGen: 217312K->384K(212480K)] 432452K->215556K(899456K), 0.0140220 secs] [Times: user=0.09 sys=0.00, real=0.01 secs] 
2014-07-28T20:15:06.543+0000: 2468.921: [GC [PSYoungGen: 212456K->306K(207680K)] 427628K->215518K(894656K), 0.0054940 secs] [Times: user=0.03 sys=0.01, real=0.01 secs] 
2014-07-28T20:15:07.323+0000: 2469.701: [GC [PSYoungGen: 207666K->192K(202944K)] 422878K->215436K(889920K), 0.0097060 secs] [Times: user=0.06 sys=0.00, real=0.01 secs] 
2014-07-28T20:15:08.067+0000: 2470.445: [GC [PSYoungGen: 202944K->224K(198592K)] 418188K->215500K(885568K), 0.0083430 secs] [Times: user=0.04 sys=0.00, real=0.01 secs] 
2014-07-28T20:15:08.795+0000: 2471.173: [GC [PSYoungGen: 198560K->288K(194368K)] 413836K->215596K(881344K), 0.0047040 secs] [Times: user=0.01 sys=0.00, real=0.00 secs] 
2014-07-28T20:15:09.425+0000: 2471.803: [GC [PSYoungGen: 194336K->256K(190144K)] 409644K->215596K(877120K), 0.0030460 secs] [Times: user=0.02 sys=0.00, real=0.01 secs] 
2014-07-28T20:15:10.064+0000: 2472.442: [GC [PSYoungGen: 190144K->352K(186304K)] 405484K->215780K(873280K), 0.0041900 secs] [Times: user=0.02 sys=0.01, real=0.01 secs] 
2014-07-28T20:15:10.702+0000: 2473.080: [GC [PSYoungGen: 186272K->352K(182464K)] 401700K->215828K(869440K), 0.0030800 secs] [Times: user=0.02 sys=0.00, real=0.00 secs] 
2014-07-28T20:15:11.308+0000: 2473.686: [GC [PSYoungGen: 182432K->192K(178560K)] 397908K->215700K(865536K), 0.0041780 secs] [Times: user=0.01 sys=0.00, real=0.00 secs] 
2014-07-28T20:15:11.945+0000: 2474.323: [GC [PSYoungGen: 178560K->320K(175104K)] 394068K->215908K(862080K), 0.0044200 secs] [Times: user=0.03 sys=0.00, real=0.00 secs] 
2014-07-28T20:15:12.532+0000: 2474.909: [GC [PSYoungGen: 175104K->224K(171520K)] 390692K->215860K(858496K), 0.0046700 secs] [Times: user=0.03 sys=0.00, real=0.01 secs] 
2014-07-28T20:15:13.087+0000: 2475.465: [GC [PSYoungGen: 171488K->352K(168256K)] 387124K->216028K(855232K), 0.0023970 secs] [Times: user=0.01 sys=0.00, real=0.00 secs] 
2014-07-28T20:15:13.639+0000: 2476.017: [GC [PSYoungGen: 168224K->320K(164928K)] 383900K->216060K(851904K), 0.0057330 secs] [Times: user=0.02 sys=0.00, real=0.01 secs] 
2014-07-28T20:15:14.247+0000: 2476.625: [GC [PSYoungGen: 164928K->416K(161856K)] 380668K->216172K(848832K), 0.0059180 secs] [Times: user=0.04 sys=0.00, real=0.00 secs] 
2014-07-28T20:15:14.769+0000: 2477.147: [GC [PSYoungGen: 161824K->256K(158592K)] 377580K->216060K(845568K), 0.0084620 secs] [Times: user=0.04 sys=0.00, real=0.01 secs] 
2014-07-28T20:15:15.298+0000: 2477.676: [GC [PSYoungGen: 158592K->338K(155712K)] 374396K->216158K(842688K), 0.0052810 secs] [Times: user=0.03 sys=0.00, real=0.00 secs] 
2014-07-28T20:15:15.790+0000: 2478.168: [GC [PSYoungGen: 155666K->192K(152640K)] 371486K->216052K(839616K), 0.0031720 secs] [Times: user=0.01 sys=0.00, real=0.00 secs] 
2014-07-28T20:15:16.286+0000: 2478.664: [GC [PSYoungGen: 152640K->384K(150016K)] 368500K->216244K(836992K), 0.0031370 secs] [Times: user=0.02 sys=0.00, real=0.01 secs] 
2014-07-28T20:15:16.768+0000: 2479.146: [GC [PSYoungGen: 150016K->480K(180096K)] 365876K->216412K(867072K), 0.0077910 secs] [Times: user=0.05 sys=0.00, real=0.01 secs] 
2014-07-28T20:15:17.402+0000: 2479.779: [GC [PSYoungGen: 180064K->320K(176256K)] 395996K->216268K(863232K), 0.0045330 secs] [Times: user=0.02 sys=0.00, real=0.01 secs] 
2014-07-28T20:15:17.979+0000: 2480.357: [GC [PSYoungGen: 176256K->384K(211520K)] 392204K->216404K(898496K), 0.0079230 secs] [Times: user=0.05 sys=0.00, real=0.01 secs] 
2014-07-28T20:15:18.676+0000: 2481.054: [GC [PSYoungGen: 211520K->384K(206784K)] 427540K->216476K(893760K), 0.0054830 secs] [Times: user=0.02 sys=0.00, real=0.00 secs] 
2014-07-28T20:15:19.370+0000: 2481.748: [GC [PSYoungGen: 206784K->448K(202304K)] 422876K->216548K(889280K), 0.0046890 secs] [Times: user=0.02 sys=0.00, real=0.00 secs] 
2014-07-28T20:15:20.041+0000: 2482.419: [GC [PSYoungGen: 202304K->416K(197888K)] 418404K->216588K(884864K), 0.0039820 secs] [Times: user=0.02 sys=0.00, real=0.00 secs] 
2014-07-28T20:15:20.691+0000: 2483.069: [GC [PSYoungGen: 197856K->224K(193472K)] 414028K->216452K(880448K), 0.0025080 secs] [Times: user=0.01 sys=0.01, real=0.00 secs] 
2014-07-28T20:15:21.332+0000: 2483.710: [GC [PSYoungGen: 193440K->352K(189504K)] 409668K->216612K(876480K), 0.0050690 secs] [Times: user=0.04 sys=0.00, real=0.01 secs] 
2014-07-28T20:15:21.973+0000: 2484.351: [GC [PSYoungGen: 189472K->288K(185472K)] 405732K->216620K(872448K), 0.0026090 secs] [Times: user=0.02 sys=0.00, real=0.01 secs] 
2014-07-28T20:15:22.599+0000: 2484.977: [GC [PSYoungGen: 185440K->320K(181632K)] 401772K->216708K(868608K), 0.0048110 secs] [Times: user=0.01 sys=0.00, real=0.00 secs] 
2014-07-28T20:15:23.199+0000: 2485.577: [GC [PSYoungGen: 181632K->320K(177920K)] 398020K->216740K(864896K), 0.0038100 secs] [Times: user=0.02 sys=0.00, real=0.00 secs] 
2014-07-28T20:15:23.769+0000: 2486.147: [GC [PSYoungGen: 177920K->160K(174208K)] 394340K->216596K(861184K), 0.0041600 secs] [Times: user=0.01 sys=0.00, real=0.00 secs] 
2014-07-28T20:15:24.336+0000: 2486.714: [GC [PSYoungGen: 174176K->352K(170944K)] 390612K->216796K(857920K), 0.0034180 secs] [Times: user=0.01 sys=0.00, real=0.01 secs] 
2014-07-28T20:15:24.891+0000: 2487.268: [GC [PSYoungGen: 170912K->466K(167680K)] 387356K->217006K(854656K), 0.0052230 secs] [Times: user=0.04 sys=0.00, real=0.00 secs] 
2014-07-28T20:15:25.419+0000: 2487.797: [GC [PSYoungGen: 167634K->192K(164096K)] 384174K->216812K(851072K), 0.0049890 secs] [Times: user=0.03 sys=0.00, real=0.00 secs] 
2014-07-28T20:15:25.966+0000: 2488.344: [GC [PSYoungGen: 164096K->416K(161216K)] 380716K->217140K(848192K), 0.0026050 secs] [Times: user=0.01 sys=0.00, real=0.01 secs] 
2014-07-28T20:15:26.479+0000: 2488.857: [GC [PSYoungGen: 161184K->480K(158208K)] 377908K->217308K(845184K), 0.0027570 secs] [Times: user=0.01 sys=0.00, real=0.00 secs] 
2014-07-28T20:15:26.993+0000: 2489.371: [GC [PSYoungGen: 158176K->384K(155136K)] 375004K->217228K(842112K), 0.0026250 secs] [Times: user=0.02 sys=0.00, real=0.00 secs] 
2014-07-28T20:15:27.500+0000: 2489.878: [GC [PSYoungGen: 155136K->224K(152128K)] 371980K->217116K(839104K), 0.0037910 secs] [Times: user=0.03 sys=0.00, real=0.00 secs] 
2014-07-28T20:15:28.014+0000: 2490.392: [GC [PSYoungGen: 152096K->416K(149568K)] 368988K->217316K(836544K), 0.0036890 secs] [Times: user=0.02 sys=0.00, real=0.01 secs] 
2014-07-28T20:15:28.488+0000: 2490.866: [GC [PSYoungGen: 149536K->224K(146688K)] 366436K->217164K(833664K), 0.0047240 secs] [Times: user=0.02 sys=0.00, real=0.00 secs] 
2014-07-28T20:15:29.011+0000: 2491.389: [GC [PSYoungGen: 146656K->288K(144128K)] 363596K->217244K(831104K), 0.0067190 secs] [Times: user=0.04 sys=0.00, real=0.01 secs] 
2014-07-28T20:15:29.504+0000: 2491.882: [GC [PSYoungGen: 144096K->288K(141568K)] 361052K->217308K(828544K), 0.0057390 secs] [Times: user=0.04 sys=0.00, real=0.01 secs] 
2014-07-28T20:15:29.989+0000: 2492.367: [GC [PSYoungGen: 141513K->224K(139008K)] 358533K->217268K(825984K), 0.0042580 secs] [Times: user=0.02 sys=0.01, real=0.00 secs] 
2014-07-28T20:15:30.444+0000: 2492.822: [GC [PSYoungGen: 138976K->256K(136640K)] 356020K->217348K(823616K), 0.0050510 secs] [Times: user=0.03 sys=0.00, real=0.01 secs] 
2014-07-28T20:15:30.886+0000: 2493.263: [GC [PSYoungGen: 136640K->352K(134464K)] 353732K->217468K(821440K), 0.0046160 secs] [Times: user=0.02 sys=0.00, real=0.01 secs] 
2014-07-28T20:15:31.333+0000: 2493.711: [GC [PSYoungGen: 134432K->480K(132352K)] 351548K->217620K(819328K), 0.0041430 secs] [Times: user=0.03 sys=0.00, real=0.00 secs] 
2014-07-28T20:15:31.780+0000: 2494.158: [GC [PSYoungGen: 132320K->384K(130048K)] 349460K->217612K(817024K), 0.0038650 secs] [Times: user=0.03 sys=0.00, real=0.00 secs] 
2014-07-28T20:15:32.270+0000: 2494.648: [GC [PSYoungGen: 130048K->320K(127872K)] 347276K->217612K(814848K), 0.0057010 secs] [Times: user=0.04 sys=0.00, real=0.00 secs] 
2014-07-28T20:15:32.736+0000: 2495.114: [GC [PSYoungGen: 127872K->256K(125760K)] 345164K->217596K(812736K), 0.0047840 secs] [Times: user=0.03 sys=0.00, real=0.01 secs] 
2014-07-28T20:15:33.167+0000: 2495.545: [GC [PSYoungGen: 125710K->192K(150848K)] 343050K->217548K(837824K), 0.0051230 secs] [Times: user=0.02 sys=0.00, real=0.01 secs] 
2014-07-28T20:15:33.763+0000: 2496.141: [GC [PSYoungGen: 150848K->288K(181120K)] 368204K->217700K(868096K), 0.0067460 secs] [Times: user=0.03 sys=0.01, real=0.01 secs] 
2014-07-28T20:15:34.377+0000: 2496.755: [GC [PSYoungGen: 181088K->224K(217216K)] 398500K->217652K(904192K), 0.0092220 secs] [Times: user=0.05 sys=0.01, real=0.01 secs] 
2014-07-28T20:15:35.329+0000: 2497.707: [GC [PSYoungGen: 217184K->256K(260608K)] 434612K->217732K(947584K), 0.0056130 secs] [Times: user=0.03 sys=0.01, real=0.00 secs] 
2014-07-28T20:15:36.393+0000: 2498.770: [GC [PSYoungGen: 260608K->256K(254080K)] 478084K->217796K(941056K), 0.0033660 secs] [Times: user=0.02 sys=0.00, real=0.00 secs] 
2014-07-28T20:15:37.219+0000: 2499.597: [GC [PSYoungGen: 254080K->256K(247808K)] 471620K->217844K(934784K), 0.0050390 secs] [Times: user=0.03 sys=0.00, real=0.00 secs] 
2014-07-28T20:15:38.009+0000: 2500.387: [GC [PSYoungGen: 247808K->320K(241856K)] 465396K->217948K(928832K), 0.0065720 secs] [Times: user=0.03 sys=0.00, real=0.01 secs] 
2014-07-28T20:15:38.812+0000: 2501.190: [GC [PSYoungGen: 241856K->352K(236096K)] 459484K->218052K(923072K), 0.0037950 secs] [Times: user=0.02 sys=0.00, real=0.00 secs] 
2014-07-28T20:15:39.545+0000: 2501.923: [GC [PSYoungGen: 236064K->256K(230400K)] 453764K->217980K(917376K), 0.0062380 secs] [Times: user=0.03 sys=0.00, real=0.01 secs] 
2014-07-28T20:15:40.274+0000: 2502.652: [GC [PSYoungGen: 230400K->352K(225152K)] 448124K->218124K(912128K), 0.0062400 secs] [Times: user=0.03 sys=0.00, real=0.01 secs] 
2014-07-28T20:15:40.986+0000: 2503.364: [GC [PSYoungGen: 225120K->224K(219840K)] 442892K->218036K(906816K), 0.0051400 secs] [Times: user=0.04 sys=0.00, real=0.01 secs] 
2014-07-28T20:15:41.712+0000: 2504.090: [GC [PSYoungGen: 219808K->256K(214848K)] 437620K->218116K(901824K), 0.0115190 secs] [Times: user=0.06 sys=0.01, real=0.01 secs] 
2014-07-28T20:15:42.445+0000: 2504.823: [GC [PSYoungGen: 214848K->256K(209984K)] 432708K->218148K(896960K), 0.0053720 secs] [Times: user=0.04 sys=0.00, real=0.01 secs] 
2014-07-28T20:15:43.133+0000: 2505.511: [GC [PSYoungGen: 209984K->320K(205376K)] 427876K->218284K(892352K), 0.0030850 secs] [Times: user=0.02 sys=0.00, real=0.00 secs] 
2014-07-28T20:15:43.797+0000: 2506.175: [GC [PSYoungGen: 205376K->192K(200768K)] 423340K->218180K(887744K), 0.0047370 secs] [Times: user=0.02 sys=0.00, real=0.01 secs] 
2014-07-28T20:15:44.421+0000: 2506.799: [GC [PSYoungGen: 200768K->352K(196608K)] 418756K->218372K(883584K), 0.0043640 secs] [Times: user=0.03 sys=0.00, real=0.00 secs] 
2014-07-28T20:15:45.045+0000: 2507.423: [GC [PSYoungGen: 196576K->320K(192320K)] 414596K->218404K(879296K), 0.0053950 secs] [Times: user=0.04 sys=0.00, real=0.01 secs] 
2014-07-28T20:15:45.650+0000: 2508.028: [GC [PSYoungGen: 192320K->256K(188160K)] 410404K->218388K(875136K), 0.0073440 secs] [Times: user=0.05 sys=0.00, real=0.01 secs] 
2014-07-28T20:15:46.235+0000: 2508.612: [GC [PSYoungGen: 188160K->160K(225728K)] 406292K->218316K(912704K), 0.0090490 secs] [Times: user=0.05 sys=0.00, real=0.01 secs] 
2014-07-28T20:15:46.964+0000: 2509.342: [GC [PSYoungGen: 225652K->320K(270976K)] 443808K->218508K(957952K), 0.0093610 secs] [Times: user=0.06 sys=0.00, real=0.01 secs] 
2014-07-28T20:15:48.070+0000: 2510.448: [GC [PSYoungGen: 270976K->448K(264192K)] 489164K->218700K(951168K), 0.0071600 secs] [Times: user=0.03 sys=0.01, real=0.00 secs] 
2014-07-28T20:15:49.172+0000: 2511.549: [GC [PSYoungGen: 264150K->416K(257536K)] 482402K->218756K(944512K), 0.0033800 secs] [Times: user=0.02 sys=0.00, real=0.00 secs] 
2014-07-28T20:15:50.003+0000: 2512.380: [GC [PSYoungGen: 257504K->192K(250880K)] 475844K->218588K(937856K), 0.0043610 secs] [Times: user=0.03 sys=0.00, real=0.00 secs] 
2014-07-28T20:15:50.782+0000: 2513.160: [GC [PSYoungGen: 250880K->224K(244800K)] 469276K->218676K(931776K), 0.0033670 secs] [Times: user=0.02 sys=0.00, real=0.00 secs] 
2014-07-28T20:15:51.598+0000: 2513.976: [GC [PSYoungGen: 244727K->370K(238976K)] 463179K->218838K(925952K), 0.0039150 secs] [Times: user=0.03 sys=0.00, real=0.01 secs] 
2014-07-28T20:15:52.369+0000: 2514.747: [GC [PSYoungGen: 238962K->192K(233088K)] 457430K->218684K(920064K), 0.0074200 secs] [Times: user=0.04 sys=0.00, real=0.01 secs] 
2014-07-28T20:15:53.089+0000: 2515.467: [GC [PSYoungGen: 233087K->224K(227648K)] 451579K->218756K(914624K), 0.0053210 secs] [Times: user=0.02 sys=0.01, real=0.01 secs] 
2014-07-28T20:15:53.991+0000: 2516.369: [GC [PSYoungGen: 227616K->288K(222400K)] 446148K->218876K(909376K), 0.0022620 secs] [Times: user=0.01 sys=0.00, real=0.01 secs] 
2014-07-28T20:15:54.811+0000: 2517.189: [GC [PSYoungGen: 222368K->352K(217344K)] 440956K->219012K(904320K), 0.0031320 secs] [Times: user=0.02 sys=0.00, real=0.00 secs] 
2014-07-28T20:15:55.517+0000: 2517.895: [GC [PSYoungGen: 217312K->256K(212288K)] 435972K->218916K(899264K), 0.0039500 secs] [Times: user=0.03 sys=0.01, real=0.00 secs] 
2014-07-28T20:15:56.199+0000: 2518.577: [GC [PSYoungGen: 212288K->416K(207744K)] 430948K->219164K(894720K), 0.0023710 secs] [Times: user=0.02 sys=0.00, real=0.00 secs] 
2014-07-28T20:15:56.888+0000: 2519.266: [GC [PSYoungGen: 207712K->352K(203072K)] 426460K->219172K(890048K), 0.0039650 secs] [Times: user=0.02 sys=0.00, real=0.00 secs] 
2014-07-28T20:15:57.544+0000: 2519.922: [GC [PSYoungGen: 203040K->256K(198528K)] 421860K->219172K(885504K), 0.0027950 secs] [Times: user=0.01 sys=0.01, real=0.00 secs] 
2014-07-28T20:15:58.170+0000: 2520.547: [GC [PSYoungGen: 198528K->384K(194368K)] 417444K->219380K(881344K), 0.0036460 secs] [Times: user=0.01 sys=0.00, real=0.01 secs] 
2014-07-28T20:15:58.807+0000: 2521.185: [GC [PSYoungGen: 194368K->416K(190272K)] 413364K->219508K(877248K), 0.0062540 secs] [Times: user=0.04 sys=0.00, real=0.01 secs] 
2014-07-28T20:15:59.415+0000: 2521.793: [GC [PSYoungGen: 190240K->256K(186112K)] 409332K->219372K(873088K), 0.0046920 secs] [Times: user=0.02 sys=0.00, real=0.00 secs] 
2014-07-28T20:16:00.070+0000: 2522.448: [GC [PSYoungGen: 186112K->288K(182336K)] 405228K->219444K(869312K), 0.0084210 secs] [Times: user=0.05 sys=0.01, real=0.01 secs] 
2014-07-28T20:16:00.684+0000: 2523.062: [GC [PSYoungGen: 182304K->288K(178624K)] 401460K->219508K(865600K), 0.0042040 secs] [Times: user=0.02 sys=0.00, real=0.00 secs] 
2014-07-28T20:16:01.251+0000: 2523.629: [GC [PSYoungGen: 178592K->352K(175104K)] 397812K->219580K(862080K), 0.0046090 secs] [Times: user=0.03 sys=0.00, real=0.01 secs] 
2014-07-28T20:16:01.821+0000: 2524.199: [GC [PSYoungGen: 175039K->416K(171648K)] 394267K->219732K(858624K), 0.0069090 secs] [Times: user=0.04 sys=0.00, real=0.01 secs] 
2014-07-28T20:16:02.375+0000: 2524.753: [GC [PSYoungGen: 171616K->256K(205696K)] 390932K->219644K(892672K), 0.0084530 secs] [Times: user=0.05 sys=0.00, real=0.01 secs] 
2014-07-28T20:16:03.056+0000: 2525.434: [GC [PSYoungGen: 205696K->320K(201216K)] 425084K->219764K(888192K), 0.0032650 secs] [Times: user=0.02 sys=0.01, real=0.00 secs] 
2014-07-28T20:16:03.707+0000: 2526.084: [GC [PSYoungGen: 201216K->384K(196928K)] 420660K->219924K(883904K), 0.0040240 secs] [Times: user=0.03 sys=0.00, real=0.00 secs] 
2014-07-28T20:16:04.388+0000: 2526.766: [GC [PSYoungGen: 196928K->384K(192704K)] 416468K->219940K(879680K), 0.0034300 secs] [Times: user=0.02 sys=0.00, real=0.00 secs] 
2014-07-28T20:16:05.050+0000: 2527.427: [GC [PSYoungGen: 192704K->256K(188480K)] 412260K->219852K(875456K), 0.0026480 secs] [Times: user=0.01 sys=0.00, real=0.00 secs] 
2014-07-28T20:16:05.662+0000: 2528.040: [GC [PSYoungGen: 188480K->416K(184704K)] 408076K->220092K(871680K), 0.0048010 secs] [Times: user=0.03 sys=0.00, real=0.01 secs] 
2014-07-28T20:16:06.299+0000: 2528.677: [GC [PSYoungGen: 184672K->192K(180608K)] 404348K->219884K(867584K), 0.0024130 secs] [Times: user=0.01 sys=0.00, real=0.00 secs] 
2014-07-28T20:16:06.890+0000: 2529.268: [GC [PSYoungGen: 180565K->352K(177088K)] 400257K->220108K(864064K), 0.0027040 secs] [Times: user=0.01 sys=0.00, real=0.00 secs] 
2014-07-28T20:16:07.467+0000: 2529.845: [GC [PSYoungGen: 177048K->352K(173504K)] 396804K->220140K(860480K), 0.0036720 secs] [Times: user=0.02 sys=0.00, real=0.00 secs] 
2014-07-28T20:16:08.024+0000: 2530.402: [GC [PSYoungGen: 173472K->274K(169984K)] 393260K->220086K(856960K), 0.0039720 secs] [Times: user=0.01 sys=0.01, real=0.00 secs] 
2014-07-28T20:16:08.603+0000: 2530.981: [GC [PSYoungGen: 169938K->224K(166592K)] 389750K->220092K(853568K), 0.0047800 secs] [Times: user=0.03 sys=0.00, real=0.01 secs] 
2014-07-28T20:16:09.142+0000: 2531.520: [GC [PSYoungGen: 166560K->512K(163648K)] 386428K->220428K(850624K), 0.0049500 secs] [Times: user=0.04 sys=0.00, real=0.01 secs] 
2014-07-28T20:16:09.697+0000: 2532.075: [GC [PSYoungGen: 163648K->320K(160320K)] 383564K->220300K(847296K), 0.0029510 secs] [Times: user=0.01 sys=0.00, real=0.00 secs] 
2014-07-28T20:16:10.235+0000: 2532.612: [GC [PSYoungGen: 160320K->256K(157248K)] 380300K->220252K(844224K), 0.0026200 secs] [Times: user=0.02 sys=0.00, real=0.00 secs] 
2014-07-28T20:16:10.747+0000: 2533.125: [GC [PSYoungGen: 157248K->416K(154496K)] 377244K->220500K(841472K), 0.0044890 secs] [Times: user=0.02 sys=0.01, real=0.00 secs] 
2014-07-28T20:16:11.215+0000: 2533.593: [GC [PSYoungGen: 154464K->256K(185152K)] 374548K->220348K(872128K), 0.0098070 secs] [Times: user=0.05 sys=0.00, real=0.01 secs] 
2014-07-28T20:16:11.804+0000: 2534.182: [GC [PSYoungGen: 185152K->352K(181440K)] 405244K->220524K(868416K), 0.0033340 secs] [Times: user=0.02 sys=0.00, real=0.01 secs] 
2014-07-28T20:16:12.380+0000: 2534.758: [GC [PSYoungGen: 181408K->288K(177664K)] 401580K->220476K(864640K), 0.0044010 secs] [Times: user=0.03 sys=0.00, real=0.01 secs] 
2014-07-28T20:16:12.958+0000: 2535.336: [GC [PSYoungGen: 177632K->512K(174272K)] 397820K->220804K(861248K), 0.0038960 secs] [Times: user=0.02 sys=0.00, real=0.00 secs] 
2014-07-28T20:16:13.527+0000: 2535.905: [GC [PSYoungGen: 174272K->320K(170624K)] 394564K->220692K(857600K), 0.0026200 secs] [Times: user=0.01 sys=0.00, real=0.00 secs] 
2014-07-28T20:16:14.078+0000: 2536.456: [GC [PSYoungGen: 170590K->224K(167232K)] 390962K->220636K(854208K), 0.0045930 secs] [Times: user=0.03 sys=0.00, real=0.00 secs] 
2014-07-28T20:16:14.614+0000: 2536.992: [GC [PSYoungGen: 167200K->320K(164032K)] 387612K->220788K(851008K), 0.0032750 secs] [Times: user=0.02 sys=0.00, real=0.00 secs] 
2014-07-28T20:16:15.156+0000: 2537.534: [GC [PSYoungGen: 164032K->352K(160960K)] 384500K->220868K(847936K), 0.0032320 secs] [Times: user=0.02 sys=0.00, real=0.00 secs] 
2014-07-28T20:16:15.703+0000: 2538.081: [GC [PSYoungGen: 160928K->416K(157952K)] 381444K->221036K(844928K), 0.0036100 secs] [Times: user=0.02 sys=0.00, real=0.01 secs] 
2014-07-28T20:16:16.216+0000: 2538.593: [GC [PSYoungGen: 157920K->192K(154752K)] 378540K->220828K(841728K), 0.0046060 secs] [Times: user=0.01 sys=0.00, real=0.00 secs] 
2014-07-28T20:16:16.728+0000: 2539.106: [GC [PSYoungGen: 154708K->416K(152128K)] 375344K->221140K(839104K), 0.0054820 secs] [Times: user=0.03 sys=0.00, real=0.00 secs] 
2014-07-28T20:16:17.216+0000: 2539.594: [GC [PSYoungGen: 152096K->224K(149184K)] 372820K->220988K(836160K), 0.0038030 secs] [Times: user=0.02 sys=0.00, real=0.00 secs] 
2014-07-28T20:16:17.691+0000: 2540.069: [GC [PSYoungGen: 149112K->224K(146496K)] 369876K->221036K(833472K), 0.0060170 secs] [Times: user=0.03 sys=0.00, real=0.01 secs] 
2014-07-28T20:16:18.193+0000: 2540.570: [GC [PSYoungGen: 146464K->224K(175744K)] 367276K->221044K(862720K), 0.0092180 secs] [Times: user=0.05 sys=0.00, real=0.01 secs] 
2014-07-28T20:16:18.863+0000: 2541.241: [GC [PSYoungGen: 175712K->320K(210944K)] 396532K->221196K(897920K), 0.0084500 secs] [Times: user=0.05 sys=0.00, real=0.01 secs] 
2014-07-28T20:16:19.538+0000: 2541.916: [GC [PSYoungGen: 210944K->224K(253056K)] 431820K->221124K(940032K), 0.0064180 secs] [Times: user=0.04 sys=0.00, real=0.01 secs] 
2014-07-28T20:16:20.403+0000: 2542.781: [GC [PSYoungGen: 253024K->288K(246912K)] 473924K->221244K(933888K), 0.0034570 secs] [Times: user=0.03 sys=0.00, real=0.01 secs] 
2014-07-28T20:16:21.208+0000: 2543.586: [GC [PSYoungGen: 246880K->224K(240832K)] 467836K->221204K(927808K), 0.0048840 secs] [Times: user=0.01 sys=0.01, real=0.00 secs] 
2014-07-28T20:16:21.991+0000: 2544.369: [GC [PSYoungGen: 240800K->192K(235008K)] 461780K->221204K(921984K), 0.0056770 secs] [Times: user=0.02 sys=0.00, real=0.01 secs] 
2014-07-28T20:16:22.760+0000: 2545.138: [GC [PSYoungGen: 235008K->256K(229504K)] 456020K->221324K(916480K), 0.0054340 secs] [Times: user=0.03 sys=0.00, real=0.00 secs] 
2014-07-28T20:16:23.514+0000: 2545.892: [GC [PSYoungGen: 229504K->320K(224192K)] 450572K->221404K(911168K), 0.0032540 secs] [Times: user=0.02 sys=0.00, real=0.01 secs] 
2014-07-28T20:16:24.240+0000: 2546.618: [GC [PSYoungGen: 224192K->256K(218944K)] 445276K->221404K(905920K), 0.0042710 secs] [Times: user=0.02 sys=0.00, real=0.00 secs] 
2014-07-28T20:16:24.950+0000: 2547.328: [GC [PSYoungGen: 218944K->288K(214016K)] 440092K->221476K(900992K), 0.0030120 secs] [Times: user=0.01 sys=0.00, real=0.00 secs] 
2014-07-28T20:16:25.656+0000: 2548.034: [GC [PSYoungGen: 213984K->320K(209216K)] 435172K->221556K(896192K), 0.0041190 secs] [Times: user=0.01 sys=0.00, real=0.00 secs] 
2014-07-28T20:16:26.397+0000: 2548.775: [GC [PSYoungGen: 209216K->448K(204672K)] 430452K->221740K(891648K), 0.0064420 secs] [Times: user=0.03 sys=0.00, real=0.00 secs] 
2014-07-28T20:16:27.103+0000: 2549.481: [GC [PSYoungGen: 204672K->192K(199936K)] 425964K->221580K(886912K), 0.0072540 secs] [Times: user=0.04 sys=0.00, real=0.01 secs] 
2014-07-28T20:16:27.749+0000: 2550.127: [GC [PSYoungGen: 199936K->352K(195776K)] 421324K->221828K(882752K), 0.0036470 secs] [Times: user=0.02 sys=0.00, real=0.00 secs] 
2014-07-28T20:16:28.401+0000: 2550.779: [GC [PSYoungGen: 195744K->448K(191680K)] 417220K->221964K(878656K), 0.0039080 secs] [Times: user=0.02 sys=0.01, real=0.00 secs] 
2014-07-28T20:16:29.087+0000: 2551.465: [GC [PSYoungGen: 191680K->512K(187712K)] 413196K->222124K(874688K), 0.0041040 secs] [Times: user=0.02 sys=0.00, real=0.00 secs] 
2014-07-28T20:16:29.774+0000: 2552.152: [GC [PSYoungGen: 187712K->128K(183424K)] 409324K->221884K(870400K), 0.0043820 secs] [Times: user=0.02 sys=0.00, real=0.01 secs] 
2014-07-28T20:16:30.405+0000: 2552.783: [GC [PSYoungGen: 183424K->448K(179968K)] 405180K->222228K(866944K), 0.0035570 secs] [Times: user=0.02 sys=0.00, real=0.01 secs] 
2014-07-28T20:16:31.018+0000: 2553.396: [GC [PSYoungGen: 179968K->384K(176256K)] 401748K->222260K(863232K), 0.0049590 secs] [Times: user=0.03 sys=0.00, real=0.00 secs] 
2014-07-28T20:16:31.613+0000: 2553.991: [GC [PSYoungGen: 176256K->384K(172736K)] 398132K->222340K(859712K), 0.0033440 secs] [Times: user=0.02 sys=0.00, real=0.00 secs] 
2014-07-28T20:16:32.173+0000: 2554.551: [GC [PSYoungGen: 172736K->416K(169408K)] 394692K->222420K(856384K), 0.0022990 secs] [Times: user=0.01 sys=0.00, real=0.00 secs] 
2014-07-28T20:16:32.721+0000: 2555.099: [GC [PSYoungGen: 169376K->224K(165888K)] 391380K->222252K(852864K), 0.0064780 secs] [Times: user=0.04 sys=0.01, real=0.01 secs] 
2014-07-28T20:16:33.294+0000: 2555.672: [GC [PSYoungGen: 165856K->416K(162880K)] 387884K->222476K(849856K), 0.0071290 secs] [Times: user=0.05 sys=0.00, real=0.01 secs] 
2014-07-28T20:16:33.866+0000: 2556.244: [GC [PSYoungGen: 162848K->320K(159616K)] 384908K->222444K(846592K), 0.0055370 secs] [Times: user=0.03 sys=0.00, real=0.01 secs] 
2014-07-28T20:16:34.386+0000: 2556.764: [GC [PSYoungGen: 159616K->288K(156608K)] 381740K->222428K(843584K), 0.0049020 secs] [Times: user=0.03 sys=0.01, real=0.01 secs] 
2014-07-28T20:16:34.912+0000: 2557.290: [GC [PSYoungGen: 156576K->224K(153600K)] 378716K->222404K(840576K), 0.0041850 secs] [Times: user=0.03 sys=0.00, real=0.00 secs] 
2014-07-28T20:16:35.428+0000: 2557.806: [GC [PSYoungGen: 153545K->288K(150848K)] 375725K->222500K(837824K), 0.0038270 secs] [Times: user=0.02 sys=0.00, real=0.00 secs] 
2014-07-28T20:16:35.920+0000: 2558.298: [GC [PSYoungGen: 150816K->256K(148032K)] 373028K->222524K(835008K), 0.0056210 secs] [Times: user=0.04 sys=0.00, real=0.00 secs] 
2014-07-28T20:16:36.399+0000: 2558.777: [GC [PSYoungGen: 148032K->384K(145472K)] 370300K->222684K(832448K), 0.0059460 secs] [Times: user=0.04 sys=0.00, real=0.00 secs] 
2014-07-28T20:16:36.884+0000: 2559.262: [GC [PSYoungGen: 145472K->416K(142976K)] 367772K->222780K(829952K), 0.0035130 secs] [Times: user=0.02 sys=0.00, real=0.01 secs] 
2014-07-28T20:16:37.344+0000: 2559.722: [GC [PSYoungGen: 142944K->256K(140288K)] 365308K->222644K(827264K), 0.0034010 secs] [Times: user=0.03 sys=0.00, real=0.01 secs] 
2014-07-28T20:16:37.794+0000: 2560.171: [GC [PSYoungGen: 140288K->256K(137856K)] 362676K->222684K(824832K), 0.0028500 secs] [Times: user=0.02 sys=0.00, real=0.00 secs] 
2014-07-28T20:16:38.215+0000: 2560.593: [GC [PSYoungGen: 137855K->224K(165376K)] 360283K->222668K(852352K), 0.0087140 secs] [Times: user=0.05 sys=0.00, real=0.01 secs] 
2014-07-28T20:16:38.735+0000: 2561.113: [GC [PSYoungGen: 165344K->256K(162176K)] 387788K->222764K(849152K), 0.0035170 secs] [Times: user=0.01 sys=0.00, real=0.01 secs] 
2014-07-28T20:16:39.228+0000: 2561.606: [GC [PSYoungGen: 162176K->320K(159168K)] 384684K->222860K(846144K), 0.0039300 secs] [Times: user=0.02 sys=0.01, real=0.00 secs] 
2014-07-28T20:16:39.790+0000: 2562.168: [GC [PSYoungGen: 159168K->480K(156352K)] 381708K->223116K(843328K), 0.0034430 secs] [Times: user=0.02 sys=0.01, real=0.00 secs] 
2014-07-28T20:16:40.315+0000: 2562.693: [GC [PSYoungGen: 156320K->256K(153216K)] 378956K->222948K(840192K), 0.0039360 secs] [Times: user=0.02 sys=0.00, real=0.01 secs] 
2014-07-28T20:16:40.806+0000: 2563.184: [GC [PSYoungGen: 153216K->320K(150464K)] 375908K->223068K(837440K), 0.0042410 secs] [Times: user=0.03 sys=0.00, real=0.01 secs] 
2014-07-28T20:16:41.283+0000: 2563.661: [GC [PSYoungGen: 150464K->320K(147712K)] 373212K->223068K(834688K), 0.0027450 secs] [Times: user=0.01 sys=0.00, real=0.00 secs] 
2014-07-28T20:16:41.762+0000: 2564.140: [GC [PSYoungGen: 147712K->448K(145216K)] 370460K->223284K(832192K), 0.0036230 secs] [Times: user=0.02 sys=0.00, real=0.00 secs] 
2014-07-28T20:16:42.216+0000: 2564.594: [GC [PSYoungGen: 145216K->288K(142528K)] 368052K->223140K(829504K), 0.0024800 secs] [Times: user=0.01 sys=0.00, real=0.00 secs] 
2014-07-28T20:16:42.658+0000: 2565.036: [GC [PSYoungGen: 142496K->320K(140032K)] 365348K->223236K(827008K), 0.0054250 secs] [Times: user=0.03 sys=0.00, real=0.01 secs] 
2014-07-28T20:16:43.113+0000: 2565.491: [GC [PSYoungGen: 140032K->384K(137664K)] 362948K->223340K(824640K), 0.0035090 secs] [Times: user=0.02 sys=0.00, real=0.00 secs] 
2014-07-28T20:16:43.562+0000: 2565.940: [GC [PSYoungGen: 137664K->320K(135232K)] 360620K->223348K(822208K), 0.0038600 secs] [Times: user=0.02 sys=0.00, real=0.00 secs] 
2014-07-28T20:16:43.993+0000: 2566.371: [GC [PSYoungGen: 135232K->256K(132864K)] 358260K->223316K(819840K), 0.0027380 secs] [Times: user=0.01 sys=0.00, real=0.00 secs] 
2014-07-28T20:16:44.432+0000: 2566.810: [GC [PSYoungGen: 132845K->416K(130816K)] 355905K->223564K(817792K), 0.0026560 secs] [Times: user=0.01 sys=0.00, real=0.00 secs] 
2014-07-28T20:16:44.851+0000: 2567.229: [GC [PSYoungGen: 130784K->384K(156864K)] 353932K->223564K(843840K), 0.0125070 secs] [Times: user=0.07 sys=0.00, real=0.02 secs] 
2014-07-28T20:16:45.377+0000: 2567.755: [GC [PSYoungGen: 156864K->320K(188096K)] 380044K->223556K(875072K), 0.0040570 secs] [Times: user=0.02 sys=0.00, real=0.01 secs] 
2014-07-28T20:16:45.994+0000: 2568.372: [GC [PSYoungGen: 188096K->192K(225536K)] 411332K->223460K(912512K), 0.0065090 secs] [Times: user=0.04 sys=0.00, real=0.01 secs] 
2014-07-28T20:16:46.708+0000: 2569.086: [GC [PSYoungGen: 225536K->320K(258880K)] 448804K->223668K(945856K), 0.0058250 secs] [Times: user=0.03 sys=0.00, real=0.01 secs] 
2014-07-28T20:16:47.542+0000: 2569.920: [GC [PSYoungGen: 258688K->288K(252224K)] 482036K->223652K(939200K), 0.0036050 secs] [Times: user=0.02 sys=0.00, real=0.00 secs] 
2014-07-28T20:16:48.338+0000: 2570.715: [GC [PSYoungGen: 252192K->192K(245888K)] 475556K->223604K(932864K), 0.0050890 secs] [Times: user=0.04 sys=0.00, real=0.01 secs] 
2014-07-28T20:16:49.151+0000: 2571.529: [GC [PSYoungGen: 245888K->352K(240128K)] 469300K->223852K(927104K), 0.0025840 secs] [Times: user=0.01 sys=0.00, real=0.00 secs] 
2014-07-28T20:16:49.941+0000: 2572.319: [GC [PSYoungGen: 240096K->256K(234240K)] 463596K->223788K(921216K), 0.0028430 secs] [Times: user=0.02 sys=0.00, real=0.00 secs] 
2014-07-28T20:16:50.693+0000: 2573.071: [GC [PSYoungGen: 234240K->352K(228864K)] 457772K->223916K(915840K), 0.0044050 secs] [Times: user=0.02 sys=0.00, real=0.00 secs] 
2014-07-28T20:16:51.448+0000: 2573.826: [GC [PSYoungGen: 228832K->352K(223552K)] 452396K->223988K(910528K), 0.0027160 secs] [Times: user=0.02 sys=0.00, real=0.01 secs] 
2014-07-28T20:16:52.184+0000: 2574.562: [GC [PSYoungGen: 223520K->320K(218368K)] 447156K->224036K(905344K), 0.0022760 secs] [Times: user=0.01 sys=0.01, real=0.00 secs] 
2014-07-28T20:16:52.885+0000: 2575.263: [GC [PSYoungGen: 218368K->384K(213440K)] 442084K->224148K(900416K), 0.0092440 secs] [Times: user=0.05 sys=0.00, real=0.01 secs] 
2014-07-28T20:16:53.543+0000: 2575.921: [GC [PSYoungGen: 213440K->256K(208512K)] 437204K->224036K(895488K), 0.0039990 secs] [Times: user=0.03 sys=0.00, real=0.00 secs] 
2014-07-28T20:16:54.215+0000: 2576.593: [GC [PSYoungGen: 208512K->288K(203968K)] 432292K->224108K(890944K), 0.0044430 secs] [Times: user=0.03 sys=0.00, real=0.00 secs] 
2014-07-28T20:16:54.921+0000: 2577.299: [GC [PSYoungGen: 203936K->352K(199552K)] 427756K->224244K(886528K), 0.0040630 secs] [Times: user=0.02 sys=0.00, real=0.00 secs] 
2014-07-28T20:16:55.677+0000: 2578.055: [GC [PSYoungGen: 199520K->352K(195264K)] 423412K->224260K(882240K), 0.0065800 secs] [Times: user=0.04 sys=0.00, real=0.01 secs] 
2014-07-28T20:16:56.339+0000: 2578.717: [GC [PSYoungGen: 195232K->224K(190976K)] 419140K->224180K(877952K), 0.0050690 secs] [Times: user=0.03 sys=0.00, real=0.01 secs] 
2014-07-28T20:16:56.966+0000: 2579.344: [GC [PSYoungGen: 190944K->288K(187008K)] 414900K->224308K(873984K), 0.0051490 secs] [Times: user=0.04 sys=0.00, real=0.01 secs] 
2014-07-28T20:16:57.583+0000: 2579.961: [GC [PSYoungGen: 186976K->192K(182976K)] 410996K->224236K(869952K), 0.0051450 secs] [Times: user=0.02 sys=0.00, real=0.00 secs] 
2014-07-28T20:16:58.179+0000: 2580.557: [GC [PSYoungGen: 182976K->192K(179200K)] 407020K->224252K(866176K), 0.0062320 secs] [Times: user=0.02 sys=0.00, real=0.01 secs] 
2014-07-28T20:16:58.782+0000: 2581.160: [GC [PSYoungGen: 179200K->288K(175680K)] 403260K->224412K(862656K), 0.0046940 secs] [Times: user=0.03 sys=0.00, real=0.00 secs] 
2014-07-28T20:16:59.376+0000: 2581.754: [GC [PSYoungGen: 175648K->224K(172096K)] 399772K->224380K(859072K), 0.0062550 secs] [Times: user=0.04 sys=0.00, real=0.01 secs] 
2014-07-28T20:16:59.955+0000: 2582.333: [GC [PSYoungGen: 172064K->256K(168704K)] 396220K->224468K(855680K), 0.0027900 secs] [Times: user=0.01 sys=0.01, real=0.00 secs] 
2014-07-28T20:17:00.509+0000: 2582.887: [GC [PSYoungGen: 168704K->416K(165568K)] 392916K->224708K(852544K), 0.0037900 secs] [Times: user=0.02 sys=0.00, real=0.01 secs] 
2014-07-28T20:17:01.074+0000: 2583.452: [GC [PSYoungGen: 165536K->256K(162176K)] 389828K->224628K(849152K), 0.0039030 secs] [Times: user=0.02 sys=0.00, real=0.00 secs] 
2014-07-28T20:17:01.629+0000: 2584.007: [GC [PSYoungGen: 162176K->416K(159296K)] 386548K->224860K(846272K), 0.0039080 secs] [Times: user=0.02 sys=0.00, real=0.01 secs] 
2014-07-28T20:17:02.169+0000: 2584.547: [GC [PSYoungGen: 159264K->384K(156224K)] 383708K->224852K(843200K), 0.0035750 secs] [Times: user=0.02 sys=0.00, real=0.01 secs] 
2014-07-28T20:17:02.673+0000: 2585.051: [GC [PSYoungGen: 156224K->416K(153408K)] 380692K->224964K(840384K), 0.0038250 secs] [Times: user=0.03 sys=0.00, real=0.00 secs] 
2014-07-28T20:17:03.185+0000: 2585.563: [GC [PSYoungGen: 153376K->256K(150400K)] 377924K->224844K(837376K), 0.0059620 secs] [Times: user=0.02 sys=0.00, real=0.00 secs] 
2014-07-28T20:17:03.672+0000: 2586.050: [GC [PSYoungGen: 150400K->320K(147712K)] 374988K->224988K(834688K), 0.0038780 secs] [Times: user=0.02 sys=0.00, real=0.01 secs] 
2014-07-28T20:17:04.163+0000: 2586.541: [GC [PSYoungGen: 147712K->224K(145024K)] 372380K->224916K(832000K), 0.0051460 secs] [Times: user=0.03 sys=0.00, real=0.00 secs] 
2014-07-28T20:17:04.629+0000: 2587.007: [GC [PSYoungGen: 144992K->480K(142720K)] 369684K->225276K(829696K), 0.0037540 secs] [Times: user=0.03 sys=0.00, real=0.01 secs] 
2014-07-28T20:17:05.101+0000: 2587.479: [GC [PSYoungGen: 142688K->320K(140032K)] 367484K->225212K(827008K), 0.0041690 secs] [Times: user=0.02 sys=0.00, real=0.01 secs] 
2014-07-28T20:17:05.558+0000: 2587.936: [GC [PSYoungGen: 140032K->384K(137664K)] 364924K->225332K(824640K), 0.0043670 secs] [Times: user=0.02 sys=0.00, real=0.01 secs] 
2014-07-28T20:17:05.996+0000: 2588.374: [GC [PSYoungGen: 137664K->448K(135360K)] 362612K->225436K(822336K), 0.0045140 secs] [Times: user=0.02 sys=0.00, real=0.00 secs] 
2014-07-28T20:17:06.519+0000: 2588.896: [GC [PSYoungGen: 135360K->352K(162304K)] 360348K->225420K(849280K), 0.0080080 secs] [Times: user=0.05 sys=0.00, real=0.01 secs] 
2014-07-28T20:17:07.045+0000: 2589.423: [GC [PSYoungGen: 162272K->160K(159040K)] 387340K->225268K(846016K), 0.0025980 secs] [Times: user=0.02 sys=0.00, real=0.00 secs] 
2014-07-28T20:17:07.565+0000: 2589.943: [GC [PSYoungGen: 159008K->224K(156096K)] 384116K->225380K(843072K), 0.0032240 secs] [Times: user=0.01 sys=0.00, real=0.00 secs] 
2014-07-28T20:17:08.071+0000: 2590.449: [GC [PSYoungGen: 156064K->320K(153280K)] 381220K->225500K(840256K), 0.0044880 secs] [Times: user=0.03 sys=0.00, real=0.01 secs] 
2014-07-28T20:17:08.590+0000: 2590.968: [GC [PSYoungGen: 153280K->192K(150336K)] 378460K->225404K(837312K), 0.0033450 secs] [Times: user=0.02 sys=0.00, real=0.01 secs] 
2014-07-28T20:17:09.067+0000: 2591.445: [GC [PSYoungGen: 150336K->384K(147776K)] 375548K->225636K(834752K), 0.0064800 secs] [Times: user=0.04 sys=0.00, real=0.01 secs] 
2014-07-28T20:17:09.595+0000: 2591.972: [GC [PSYoungGen: 147776K->320K(145088K)] 373028K->225636K(832064K), 0.0054120 secs] [Times: user=0.04 sys=0.00, real=0.00 secs] 
2014-07-28T20:17:10.069+0000: 2592.447: [GC [PSYoungGen: 145088K->352K(142592K)] 370404K->225708K(829568K), 0.0046030 secs] [Times: user=0.03 sys=0.01, real=0.02 secs] 
2014-07-28T20:17:10.561+0000: 2592.939: [GC [PSYoungGen: 142560K->416K(140160K)] 367916K->225868K(827136K), 0.0041520 secs] [Times: user=0.03 sys=0.00, real=0.01 secs] 
2014-07-28T20:17:11.022+0000: 2593.400: [GC [PSYoungGen: 140128K->256K(167936K)] 365580K->225764K(854912K), 0.0167830 secs] [Times: user=0.09 sys=0.00, real=0.02 secs] 
2014-07-28T20:17:11.591+0000: 2593.969: [GC [PSYoungGen: 167936K->352K(201600K)] 393444K->225940K(888576K), 0.0029890 secs] [Times: user=0.01 sys=0.00, real=0.01 secs] 
2014-07-28T20:17:12.253+0000: 2594.631: [GC [PSYoungGen: 201568K->352K(241856K)] 427156K->225964K(928832K), 0.0062670 secs] [Times: user=0.04 sys=0.00, real=0.00 secs] 
2014-07-28T20:17:13.067+0000: 2595.445: [GC [PSYoungGen: 241824K->256K(263232K)] 467436K->225916K(950208K), 0.0052950 secs] [Times: user=0.01 sys=0.01, real=0.00 secs] 
2014-07-28T20:17:13.932+0000: 2596.310: [GC [PSYoungGen: 262976K->448K(256576K)] 488636K->226204K(943552K), 0.0035990 secs] [Times: user=0.03 sys=0.01, real=0.01 secs] 
2014-07-28T20:17:14.792+0000: 2597.170: [GC [PSYoungGen: 256576K->352K(250176K)] 482332K->226140K(937152K), 0.0036210 secs] [Times: user=0.02 sys=0.00, real=0.01 secs] 
2014-07-28T20:17:15.703+0000: 2598.081: [GC [PSYoungGen: 250144K->256K(243904K)] 475932K->226100K(930880K), 0.0041310 secs] [Times: user=0.02 sys=0.00, real=0.01 secs] 
2014-07-28T20:17:16.557+0000: 2598.935: [GC [PSYoungGen: 243904K->320K(238080K)] 469748K->226236K(925056K), 0.0054460 secs] [Times: user=0.03 sys=0.01, real=0.00 secs] 
2014-07-28T20:17:17.352+0000: 2599.730: [GC [PSYoungGen: 238080K->288K(232384K)] 463996K->226252K(919360K), 0.0034920 secs] [Times: user=0.02 sys=0.00, real=0.01 secs] 
2014-07-28T20:17:18.120+0000: 2600.498: [GC [PSYoungGen: 232352K->352K(227008K)] 458316K->226364K(913984K), 0.0037540 secs] [Times: user=0.02 sys=0.00, real=0.00 secs] 
2014-07-28T20:17:18.836+0000: 2601.214: [GC [PSYoungGen: 226976K->160K(221568K)] 452988K->226212K(908544K), 0.0025000 secs] [Times: user=0.01 sys=0.00, real=0.00 secs] 
2014-07-28T20:17:19.514+0000: 2601.892: [GC [PSYoungGen: 221536K->352K(216704K)] 447588K->226428K(903680K), 0.0036070 secs] [Times: user=0.02 sys=0.01, real=0.00 secs] 
2014-07-28T20:17:20.208+0000: 2602.586: [GC [PSYoungGen: 216672K->480K(211904K)] 442748K->226636K(898880K), 0.0024690 secs] [Times: user=0.02 sys=0.00, real=0.00 secs] 
2014-07-28T20:17:20.838+0000: 2603.216: [GC [PSYoungGen: 211872K->274K(206976K)] 438028K->226478K(893952K), 0.0056200 secs] [Times: user=0.03 sys=0.00, real=0.00 secs] 
2014-07-28T20:17:21.463+0000: 2603.841: [GC [PSYoungGen: 206930K->370K(202496K)] 433134K->226614K(889472K), 0.0055650 secs] [Times: user=0.04 sys=0.00, real=0.01 secs] 
2014-07-28T20:17:22.136+0000: 2604.514: [GC [PSYoungGen: 202482K->224K(197952K)] 428726K->226516K(884928K), 0.0035230 secs] [Times: user=0.02 sys=0.00, real=0.00 secs] 
2014-07-28T20:17:22.815+0000: 2605.193: [GC [PSYoungGen: 197920K->352K(193792K)] 424212K->226708K(880768K), 0.0043150 secs] [Times: user=0.02 sys=0.00, real=0.00 secs] 
2014-07-28T20:17:23.502+0000: 2605.880: [GC [PSYoungGen: 193760K->224K(189568K)] 420116K->226596K(876544K), 0.0034380 secs] [Times: user=0.02 sys=0.00, real=0.01 secs] 
2014-07-28T20:17:24.125+0000: 2606.503: [GC [PSYoungGen: 189536K->416K(185792K)] 415908K->226844K(872768K), 0.0034330 secs] [Times: user=0.01 sys=0.00, real=0.00 secs] 
2014-07-28T20:17:24.767+0000: 2607.145: [GC [PSYoungGen: 185760K->256K(181760K)] 412188K->226724K(868736K), 0.0032130 secs] [Times: user=0.02 sys=0.00, real=0.00 secs] 
2014-07-28T20:17:25.373+0000: 2607.751: [GC [PSYoungGen: 181722K->256K(178048K)] 408190K->226732K(865024K), 0.0041710 secs] [Times: user=0.02 sys=0.00, real=0.01 secs] 
2014-07-28T20:17:25.953+0000: 2608.331: [GC [PSYoungGen: 178048K->448K(174656K)] 404524K->226996K(861632K), 0.0049080 secs] [Times: user=0.02 sys=0.00, real=0.01 secs] 
2014-07-28T20:17:26.568+0000: 2608.946: [GC [PSYoungGen: 174656K->256K(171008K)] 401204K->226844K(857984K), 0.0026340 secs] [Times: user=0.01 sys=0.00, real=0.00 secs] 
2014-07-28T20:17:27.142+0000: 2609.520: [GC [PSYoungGen: 171008K->288K(167680K)] 397596K->226940K(854656K), 0.0054480 secs] [Times: user=0.03 sys=0.00, real=0.01 secs] 
2014-07-28T20:17:27.701+0000: 2610.079: [GC [PSYoungGen: 167648K->352K(164480K)] 394300K->227076K(851456K), 0.0074200 secs] [Times: user=0.05 sys=0.00, real=0.01 secs] 
2014-07-28T20:17:28.232+0000: 2610.610: [GC [PSYoungGen: 164448K->224K(161216K)] 391172K->226964K(848192K), 0.0043920 secs] [Times: user=0.03 sys=0.00, real=0.01 secs] 
2014-07-28T20:17:28.739+0000: 2611.117: [GC [PSYoungGen: 161184K->256K(158144K)] 387924K->227036K(845120K), 0.0053970 secs] [Times: user=0.03 sys=0.00, real=0.00 secs] 
2014-07-28T20:17:29.341+0000: 2611.719: [GC [PSYoungGen: 158144K->256K(155200K)] 384924K->227052K(842176K), 0.0076270 secs] [Times: user=0.05 sys=0.00, real=0.01 secs] 
2014-07-28T20:17:29.917+0000: 2612.295: [GC [PSYoungGen: 155200K->224K(186240K)] 381996K->227052K(873216K), 0.0081760 secs] [Times: user=0.05 sys=0.00, real=0.00 secs] 
2014-07-28T20:17:30.552+0000: 2612.930: [GC [PSYoungGen: 186208K->480K(223744K)] 413036K->227324K(910720K), 0.0053190 secs] [Times: user=0.03 sys=0.00, real=0.01 secs] 
2014-07-28T20:17:31.296+0000: 2613.674: [GC [PSYoungGen: 223712K->320K(218432K)] 450556K->227236K(905408K), 0.0043150 secs] [Times: user=0.02 sys=0.00, real=0.01 secs] 
2014-07-28T20:17:32.020+0000: 2614.398: [GC [PSYoungGen: 218432K->320K(213440K)] 445348K->227300K(900416K), 0.0061640 secs] [Times: user=0.04 sys=0.00, real=0.01 secs] 
2014-07-28T20:17:32.825+0000: 2615.203: [GC [PSYoungGen: 213440K->320K(208640K)] 440420K->227356K(895616K), 0.0095530 secs] [Times: user=0.05 sys=0.00, real=0.01 secs] 
2014-07-28T20:17:33.507+0000: 2615.885: [GC [PSYoungGen: 208640K->288K(204032K)] 435676K->227348K(891008K), 0.0038400 secs] [Times: user=0.03 sys=0.00, real=0.00 secs] 
2014-07-28T20:17:34.203+0000: 2616.581: [GC [PSYoungGen: 204000K->448K(199680K)] 431060K->227604K(886656K), 0.0037860 secs] [Times: user=0.03 sys=0.00, real=0.01 secs] 
2014-07-28T20:17:34.864+0000: 2617.242: [GC [PSYoungGen: 199680K->192K(239296K)] 426836K->227372K(926272K), 0.0173790 secs] [Times: user=0.08 sys=0.01, real=0.02 secs] 
2014-07-28T20:17:35.626+0000: 2618.004: [GC [PSYoungGen: 239296K->256K(283648K)] 466476K->227460K(970624K), 0.0043270 secs] [Times: user=0.02 sys=0.00, real=0.01 secs] 
2014-07-28T20:17:36.575+0000: 2618.953: [GC [PSYoungGen: 283456K->288K(283712K)] 510660K->227540K(970688K), 0.0096610 secs] [Times: user=0.05 sys=0.00, real=0.01 secs] 
2014-07-28T20:17:37.557+0000: 2619.935: [GC [PSYoungGen: 283488K->384K(276224K)] 510740K->227708K(963200K), 0.0039490 secs] [Times: user=0.01 sys=0.00, real=0.01 secs] 
2014-07-28T20:17:38.488+0000: 2620.866: [GC [PSYoungGen: 276224K->384K(269120K)] 503548K->227748K(956096K), 0.0048620 secs] [Times: user=0.02 sys=0.00, real=0.00 secs] 
2014-07-28T20:17:39.374+0000: 2621.752: [GC [PSYoungGen: 269120K->224K(262144K)] 496484K->227644K(949120K), 0.0044120 secs] [Times: user=0.01 sys=0.01, real=0.01 secs] 
2014-07-28T20:17:40.243+0000: 2622.621: [GC [PSYoungGen: 262112K->448K(255744K)] 489532K->227972K(942720K), 0.0039970 secs] [Times: user=0.03 sys=0.00, real=0.01 secs] 
2014-07-28T20:17:41.070+0000: 2623.448: [GC [PSYoungGen: 255744K->384K(249344K)] 483268K->228004K(936320K), 0.0047700 secs] [Times: user=0.03 sys=0.00, real=0.00 secs] 
2014-07-28T20:17:41.851+0000: 2624.229: [GC [PSYoungGen: 249344K->416K(243328K)] 476964K->228140K(930304K), 0.0035290 secs] [Times: user=0.02 sys=0.00, real=0.00 secs] 
2014-07-28T20:17:42.632+0000: 2625.010: [GC [PSYoungGen: 243296K->384K(237376K)] 471020K->228172K(924352K), 0.0045580 secs] [Times: user=0.02 sys=0.00, real=0.00 secs] 
2014-07-28T20:17:43.384+0000: 2625.762: [GC [PSYoungGen: 237376K->320K(231680K)] 465164K->228188K(918656K), 0.0040520 secs] [Times: user=0.03 sys=0.00, real=0.01 secs] 
2014-07-28T20:17:44.137+0000: 2626.515: [GC [PSYoungGen: 231639K->288K(226240K)] 459507K->228228K(913216K), 0.0031480 secs] [Times: user=0.01 sys=0.00, real=0.01 secs] 
2014-07-28T20:17:44.862+0000: 2627.240: [GC [PSYoungGen: 226208K->416K(221120K)] 454148K->228444K(908096K), 0.0052820 secs] [Times: user=0.04 sys=0.00, real=0.00 secs] 
2014-07-28T20:17:45.595+0000: 2627.973: [GC [PSYoungGen: 221088K->352K(216000K)] 449116K->228404K(902976K), 0.0036730 secs] [Times: user=0.02 sys=0.00, real=0.01 secs] 
2014-07-28T20:17:46.314+0000: 2628.692: [GC [PSYoungGen: 215968K->256K(211008K)] 444020K->228364K(897984K), 0.0063810 secs] [Times: user=0.04 sys=0.00, real=0.01 secs] 
2014-07-28T20:17:47.016+0000: 2629.394: [GC [PSYoungGen: 211008K->288K(206336K)] 439116K->228444K(893312K), 0.0045180 secs] [Times: user=0.02 sys=0.00, real=0.01 secs] 
2014-07-28T20:17:47.691+0000: 2630.069: [GC [PSYoungGen: 206304K->224K(201728K)] 434460K->228428K(888704K), 0.0045770 secs] [Times: user=0.02 sys=0.00, real=0.00 secs] 
2014-07-28T20:17:48.399+0000: 2630.777: [GC [PSYoungGen: 201696K->160K(197248K)] 429900K->228388K(884224K), 0.0035070 secs] [Times: user=0.02 sys=0.00, real=0.00 secs] 
2014-07-28T20:17:49.049+0000: 2631.427: [GC [PSYoungGen: 197216K->320K(193152K)] 425444K->228628K(880128K), 0.0031320 secs] [Times: user=0.01 sys=0.00, real=0.01 secs] 
2014-07-28T20:17:49.678+0000: 2632.056: [GC [PSYoungGen: 193152K->256K(188992K)] 421460K->228628K(875968K), 0.0032390 secs] [Times: user=0.01 sys=0.01, real=0.01 secs] 
2014-07-28T20:17:50.303+0000: 2632.680: [GC [PSYoungGen: 188992K->288K(185088K)] 417364K->228668K(872064K), 0.0073880 secs] [Times: user=0.05 sys=0.00, real=0.01 secs] 
2014-07-28T20:17:50.918+0000: 2633.296: [GC [PSYoungGen: 185056K->256K(181184K)] 413436K->228684K(868160K), 0.0031040 secs] [Times: user=0.02 sys=0.00, real=0.01 secs] 
2014-07-28T20:17:51.517+0000: 2633.895: [GC [PSYoungGen: 181184K->288K(177536K)] 409612K->228740K(864512K), 0.0041800 secs] [Times: user=0.02 sys=0.00, real=0.01 secs] 
2014-07-28T20:17:52.094+0000: 2634.472: [GC [PSYoungGen: 177481K->192K(173824K)] 405933K->228668K(860800K), 0.0034490 secs] [Times: user=0.01 sys=0.00, real=0.00 secs] 
2014-07-28T20:17:52.666+0000: 2635.044: [GC [PSYoungGen: 173824K->256K(170432K)] 402300K->228788K(857408K), 0.0036410 secs] [Times: user=0.02 sys=0.00, real=0.01 secs] 
2014-07-28T20:17:53.225+0000: 2635.603: [GC [PSYoungGen: 170432K->224K(167104K)] 398964K->228780K(854080K), 0.0061930 secs] [Times: user=0.03 sys=0.00, real=0.01 secs] 
2014-07-28T20:17:53.807+0000: 2636.185: [GC [PSYoungGen: 167072K->288K(163904K)] 395628K->228900K(850880K), 0.0082540 secs] [Times: user=0.06 sys=0.00, real=0.01 secs] 
2014-07-28T20:17:54.354+0000: 2636.732: [GC [PSYoungGen: 163872K->256K(160704K)] 392484K->228868K(847680K), 0.0027080 secs] [Times: user=0.01 sys=0.00, real=0.00 secs] 
2014-07-28T20:17:54.906+0000: 2637.284: [GC [PSYoungGen: 160704K->448K(157824K)] 389316K->229140K(844800K), 0.0060550 secs] [Times: user=0.03 sys=0.00, real=0.01 secs] 
2014-07-28T20:17:55.428+0000: 2637.806: [GC [PSYoungGen: 157824K->256K(154688K)] 386516K->229012K(841664K), 0.0071310 secs] [Times: user=0.04 sys=0.00, real=0.01 secs] 
2014-07-28T20:17:55.968+0000: 2638.346: [GC [PSYoungGen: 154669K->274K(151872K)] 383425K->229070K(838848K), 0.0037460 secs] [Times: user=0.01 sys=0.00, real=0.01 secs] 
2014-07-28T20:17:56.450+0000: 2638.828: [GC [PSYoungGen: 151826K->288K(149120K)] 380622K->229140K(836096K), 0.0041450 secs] [Times: user=0.02 sys=0.00, real=0.01 secs] 
2014-07-28T20:17:56.961+0000: 2639.339: [GC [PSYoungGen: 149088K->448K(179008K)] 377940K->229372K(865984K), 0.0089740 secs] [Times: user=0.04 sys=0.00, real=0.01 secs] 
2014-07-28T20:17:57.555+0000: 2639.932: [GC [PSYoungGen: 179008K->192K(175104K)] 407932K->229148K(862080K), 0.0032810 secs] [Times: user=0.01 sys=0.00, real=0.00 secs] 
2014-07-28T20:17:58.116+0000: 2640.494: [GC [PSYoungGen: 175104K->256K(171648K)] 404060K->229260K(858624K), 0.0037230 secs] [Times: user=0.02 sys=0.00, real=0.00 secs] 
2014-07-28T20:17:58.673+0000: 2641.051: [GC [PSYoungGen: 171648K->256K(168256K)] 400652K->229308K(855232K), 0.0055600 secs] [Times: user=0.04 sys=0.00, real=0.00 secs] 
2014-07-28T20:17:59.218+0000: 2641.596: [GC [PSYoungGen: 168256K->256K(164992K)] 397308K->229324K(851968K), 0.0026740 secs] [Times: user=0.01 sys=0.00, real=0.01 secs] 
2014-07-28T20:17:59.758+0000: 2642.136: [GC [PSYoungGen: 164992K->224K(161792K)] 394060K->229348K(848768K), 0.0028970 secs] [Times: user=0.01 sys=0.01, real=0.01 secs] 
2014-07-28T20:18:00.321+0000: 2642.698: [GC [PSYoungGen: 161760K->416K(158912K)] 390884K->229572K(845888K), 0.0066150 secs] [Times: user=0.04 sys=0.00, real=0.00 secs] 
2014-07-28T20:18:00.822+0000: 2643.199: [GC [PSYoungGen: 158878K->288K(155776K)] 388034K->229508K(842752K), 0.0029930 secs] [Times: user=0.01 sys=0.00, real=0.00 secs] 
2014-07-28T20:18:01.298+0000: 2643.676: [GC [PSYoungGen: 155744K->288K(152896K)] 384964K->229524K(839872K), 0.0074610 secs] [Times: user=0.05 sys=0.00, real=0.01 secs] 
2014-07-28T20:18:01.810+0000: 2644.188: [GC [PSYoungGen: 152864K->416K(150208K)] 382100K->229740K(837184K), 0.0038090 secs] [Times: user=0.02 sys=0.00, real=0.01 secs] 
2014-07-28T20:18:02.299+0000: 2644.677: [GC [PSYoungGen: 150176K->256K(179968K)] 379500K->229604K(866944K), 0.0096320 secs] [Times: user=0.05 sys=0.00, real=0.01 secs] 
2014-07-28T20:18:02.881+0000: 2645.259: [GC [PSYoungGen: 179968K->320K(176384K)] 409316K->229724K(863360K), 0.0028060 secs] [Times: user=0.01 sys=0.00, real=0.00 secs] 
2014-07-28T20:18:03.471+0000: 2645.849: [GC [PSYoungGen: 176384K->352K(172928K)] 405788K->229788K(859904K), 0.0031740 secs] [Times: user=0.02 sys=0.00, real=0.01 secs] 
2014-07-28T20:18:04.028+0000: 2646.406: [GC [PSYoungGen: 172896K->352K(169472K)] 402332K->229828K(856448K), 0.0030890 secs] [Times: user=0.02 sys=0.00, real=0.01 secs] 
2014-07-28T20:18:04.578+0000: 2646.956: [GC [PSYoungGen: 169440K->192K(165952K)] 398916K->229708K(852928K), 0.0047960 secs] [Times: user=0.03 sys=0.00, real=0.01 secs] 
2014-07-28T20:18:05.144+0000: 2647.522: [GC [PSYoungGen: 165952K->416K(163008K)] 395468K->229996K(849984K), 0.0039260 secs] [Times: user=0.03 sys=0.01, real=0.00 secs] 
2014-07-28T20:18:05.695+0000: 2648.073: [GC [PSYoungGen: 162976K->320K(159744K)] 392556K->229956K(846720K), 0.0025850 secs] [Times: user=0.02 sys=0.00, real=0.00 secs] 
2014-07-28T20:18:06.215+0000: 2648.593: [GC [PSYoungGen: 159744K->256K(156672K)] 389380K->229932K(843648K), 0.0053200 secs] [Times: user=0.04 sys=0.00, real=0.00 secs] 
2014-07-28T20:18:06.790+0000: 2649.168: [GC [PSYoungGen: 156672K->352K(153856K)] 386348K->230108K(840832K), 0.0047620 secs] [Times: user=0.03 sys=0.01, real=0.01 secs] 
2014-07-28T20:18:07.290+0000: 2649.668: [GC [PSYoungGen: 153824K->224K(150912K)] 383580K->230012K(837888K), 0.0024200 secs] [Times: user=0.02 sys=0.00, real=0.01 secs] 
2014-07-28T20:18:07.798+0000: 2650.176: [GC [PSYoungGen: 150880K->320K(148224K)] 380668K->230172K(835200K), 0.0039650 secs] [Times: user=0.02 sys=0.00, real=0.00 secs] 
2014-07-28T20:18:08.274+0000: 2650.652: [GC [PSYoungGen: 148224K->352K(145600K)] 378076K->230212K(832576K), 0.0038880 secs] [Times: user=0.01 sys=0.00, real=0.00 secs] 
2014-07-28T20:18:08.738+0000: 2651.115: [GC [PSYoungGen: 145568K->256K(142912K)] 375428K->230148K(829888K), 0.0039490 secs] [Times: user=0.02 sys=0.00, real=0.00 secs] 
2014-07-28T20:18:09.223+0000: 2651.601: [GC [PSYoungGen: 142912K->448K(140608K)] 372804K->230364K(827584K), 0.0035580 secs] [Times: user=0.02 sys=0.01, real=0.00 secs] 
2014-07-28T20:18:09.690+0000: 2652.068: [GC [PSYoungGen: 140608K->320K(138048K)] 370524K->230316K(825024K), 0.0050160 secs] [Times: user=0.03 sys=0.01, real=0.01 secs] 
2014-07-28T20:18:10.141+0000: 2652.519: [GC [PSYoungGen: 138048K->320K(135680K)] 368044K->230364K(822656K), 0.0034170 secs] [Times: user=0.02 sys=0.00, real=0.01 secs] 
2014-07-28T20:18:10.614+0000: 2652.992: [GC [PSYoungGen: 135680K->352K(133440K)] 365724K->230468K(820416K), 0.0036440 secs] [Times: user=0.02 sys=0.00, real=0.00 secs] 
2014-07-28T20:18:11.070+0000: 2653.448: [GC [PSYoungGen: 133408K->256K(131072K)] 363524K->230412K(818048K), 0.0068900 secs] [Times: user=0.05 sys=0.00, real=0.01 secs] 
2014-07-28T20:18:11.489+0000: 2653.867: [GC [PSYoungGen: 131072K->352K(129024K)] 361228K->230580K(816000K), 0.0041390 secs] [Times: user=0.01 sys=0.00, real=0.01 secs] 
2014-07-28T20:18:11.930+0000: 2654.307: [GC [PSYoungGen: 128992K->320K(126848K)] 359220K->230564K(813824K), 0.0028410 secs] [Times: user=0.02 sys=0.00, real=0.01 secs] 
2014-07-28T20:18:12.354+0000: 2654.732: [GC [PSYoungGen: 126848K->224K(152128K)] 357092K->230500K(839104K), 0.0069480 secs] [Times: user=0.04 sys=0.00, real=0.00 secs] 
2014-07-28T20:18:12.847+0000: 2655.225: [GC [PSYoungGen: 152096K->256K(149376K)] 382372K->230572K(836352K), 0.0039420 secs] [Times: user=0.02 sys=0.00, real=0.00 secs] 
2014-07-28T20:18:13.340+0000: 2655.718: [GC [PSYoungGen: 149376K->224K(146688K)] 379692K->230580K(833664K), 0.0030940 secs] [Times: user=0.02 sys=0.01, real=0.01 secs] 
2014-07-28T20:18:13.793+0000: 2656.171: [GC [PSYoungGen: 146656K->384K(176128K)] 377012K->230804K(863104K), 0.0071140 secs] [Times: user=0.04 sys=0.01, real=0.00 secs] 
2014-07-28T20:18:14.340+0000: 2656.718: [GC [PSYoungGen: 176128K->320K(211264K)] 406548K->230764K(898240K), 0.0051480 secs] [Times: user=0.04 sys=0.00, real=0.01 secs] 
2014-07-28T20:18:15.009+0000: 2657.387: [GC [PSYoungGen: 211264K->256K(206464K)] 441708K->230756K(893440K), 0.0024820 secs] [Times: user=0.02 sys=0.00, real=0.00 secs] 
2014-07-28T20:18:15.668+0000: 2658.046: [GC [PSYoungGen: 206464K->480K(202176K)] 436964K->231052K(889152K), 0.0059680 secs] [Times: user=0.03 sys=0.00, real=0.01 secs] 
2014-07-28T20:18:16.355+0000: 2658.732: [GC [PSYoungGen: 202144K->320K(197568K)] 432716K->230932K(884544K), 0.0060540 secs] [Times: user=0.04 sys=0.00, real=0.00 secs] 
2014-07-28T20:18:17.027+0000: 2659.405: [GC [PSYoungGen: 197568K->448K(193472K)] 428180K->231140K(880448K), 0.0073290 secs] [Times: user=0.04 sys=0.00, real=0.01 secs] 
2014-07-28T20:18:17.670+0000: 2660.048: [GC [PSYoungGen: 193472K->288K(189248K)] 424164K->231036K(876224K), 0.0038230 secs] [Times: user=0.02 sys=0.00, real=0.01 secs] 
2014-07-28T20:18:18.292+0000: 2660.669: [GC [PSYoungGen: 189216K->320K(185280K)] 419964K->231084K(872256K), 0.0032950 secs] [Times: user=0.01 sys=0.00, real=0.01 secs] 
2014-07-28T20:18:18.947+0000: 2661.325: [GC [PSYoungGen: 185280K->192K(181312K)] 416044K->231004K(868288K), 0.0039500 secs] [Times: user=0.03 sys=0.00, real=0.00 secs] 
2014-07-28T20:18:19.572+0000: 2661.950: [GC [PSYoungGen: 181312K->512K(177920K)] 412124K->231356K(864896K), 0.0045840 secs] [Times: user=0.02 sys=0.00, real=0.01 secs] 
2014-07-28T20:18:20.171+0000: 2662.549: [GC [PSYoungGen: 177920K->384K(174208K)] 408764K->231316K(861184K), 0.0067780 secs] [Times: user=0.04 sys=0.01, real=0.01 secs] 
2014-07-28T20:18:20.741+0000: 2663.119: [GC [PSYoungGen: 174208K->256K(170624K)] 405140K->231244K(857600K), 0.0025540 secs] [Times: user=0.01 sys=0.01, real=0.00 secs] 
2014-07-28T20:18:21.319+0000: 2663.697: [GC [PSYoungGen: 170624K->384K(167424K)] 401612K->231388K(854400K), 0.0102620 secs] [Times: user=0.06 sys=0.00, real=0.01 secs] 
2014-07-28T20:18:21.873+0000: 2664.251: [GC [PSYoungGen: 167424K->448K(164224K)] 398428K->231548K(851200K), 0.0050560 secs] [Times: user=0.03 sys=0.00, real=0.01 secs] 
2014-07-28T20:18:22.416+0000: 2664.793: [GC [PSYoungGen: 164224K->320K(160960K)] 395324K->231452K(847936K), 0.0039760 secs] [Times: user=0.01 sys=0.00, real=0.00 secs] 
2014-07-28T20:18:22.927+0000: 2665.305: [GC [PSYoungGen: 160960K->224K(157824K)] 392092K->231396K(844800K), 0.0038670 secs] [Times: user=0.02 sys=0.00, real=0.00 secs] 
2014-07-28T20:18:23.450+0000: 2665.828: [GC [PSYoungGen: 157792K->224K(154880K)] 388964K->231428K(841856K), 0.0037610 secs] [Times: user=0.02 sys=0.00, real=0.00 secs] 
2014-07-28T20:18:23.958+0000: 2666.336: [GC [PSYoungGen: 154848K->480K(152256K)] 386052K->231764K(839232K), 0.0050980 secs] [Times: user=0.03 sys=0.00, real=0.00 secs] 
2014-07-28T20:18:24.518+0000: 2666.896: [GC [PSYoungGen: 152224K->288K(149312K)] 383508K->231596K(836288K), 0.0051260 secs] [Times: user=0.03 sys=0.00, real=0.00 secs] 
2014-07-28T20:18:25.063+0000: 2667.441: [GC [PSYoungGen: 149280K->448K(146752K)] 380588K->231836K(833728K), 0.0040210 secs] [Times: user=0.02 sys=0.00, real=0.01 secs] 
2014-07-28T20:18:25.635+0000: 2668.013: [GC [PSYoungGen: 146752K->256K(143936K)] 378140K->231676K(830912K), 0.0046430 secs] [Times: user=0.01 sys=0.00, real=0.00 secs] 
2014-07-28T20:18:26.086+0000: 2668.464: [GC [PSYoungGen: 143936K->384K(141504K)] 375356K->231828K(828480K), 0.0036220 secs] [Times: user=0.02 sys=0.00, real=0.00 secs] 
2014-07-28T20:18:26.552+0000: 2668.930: [GC [PSYoungGen: 141504K->384K(139008K)] 372948K->231900K(825984K), 0.0051120 secs] [Times: user=0.02 sys=0.00, real=0.01 secs] 
2014-07-28T20:18:26.988+0000: 2669.366: [GC [PSYoungGen: 139008K->448K(136704K)] 370524K->232012K(823680K), 0.0030400 secs] [Times: user=0.01 sys=0.00, real=0.00 secs] 
2014-07-28T20:18:27.441+0000: 2669.819: [GC [PSYoungGen: 136704K->192K(134144K)] 368268K->231804K(821120K), 0.0025820 secs] [Times: user=0.02 sys=0.00, real=0.00 secs] 
2014-07-28T20:18:27.877+0000: 2670.254: [GC [PSYoungGen: 134144K->384K(132096K)] 365756K->232068K(819072K), 0.0026170 secs] [Times: user=0.02 sys=0.00, real=0.00 secs] 
2014-07-28T20:18:28.318+0000: 2670.695: [GC [PSYoungGen: 132086K->352K(129920K)] 363770K->232068K(816896K), 0.0025490 secs] [Times: user=0.01 sys=0.00, real=0.00 secs] 
2014-07-28T20:18:28.727+0000: 2671.105: [GC [PSYoungGen: 129861K->288K(127744K)] 361577K->232052K(814720K), 0.0057340 secs] [Times: user=0.04 sys=0.00, real=0.00 secs] 
2014-07-28T20:18:29.133+0000: 2671.511: [GC [PSYoungGen: 127712K->288K(153280K)] 359476K->232076K(840256K), 0.0089000 secs] [Times: user=0.05 sys=0.00, real=0.01 secs] 
2014-07-28T20:18:29.631+0000: 2672.009: [GC [PSYoungGen: 153209K->352K(183936K)] 384997K->232212K(870912K), 0.0054100 secs] [Times: user=0.03 sys=0.00, real=0.01 secs] 
2014-07-28T20:18:30.221+0000: 2672.599: [GC [PSYoungGen: 183904K->224K(220544K)] 415764K->232092K(907520K), 0.0038990 secs] [Times: user=0.03 sys=0.00, real=0.00 secs] 
2014-07-28T20:18:30.940+0000: 2673.318: [GC [PSYoungGen: 220512K->416K(215680K)] 452380K->232372K(902656K), 0.0065460 secs] [Times: user=0.04 sys=0.00, real=0.01 secs] 
2014-07-28T20:18:31.650+0000: 2674.028: [GC [PSYoungGen: 215648K->320K(210688K)] 447604K->232300K(897664K), 0.0036110 secs] [Times: user=0.02 sys=0.00, real=0.00 secs] 
2014-07-28T20:18:32.350+0000: 2674.728: [GC [PSYoungGen: 210688K->224K(205952K)] 442668K->232244K(892928K), 0.0032330 secs] [Times: user=0.02 sys=0.00, real=0.00 secs] 
2014-07-28T20:18:33.031+0000: 2675.408: [GC [PSYoungGen: 205920K->256K(201408K)] 437940K->232324K(888384K), 0.0044250 secs] [Times: user=0.02 sys=0.00, real=0.01 secs] 
2014-07-28T20:18:33.669+0000: 2676.047: [GC [PSYoungGen: 201408K->320K(197120K)] 433476K->232444K(884096K), 0.0037900 secs] [Times: user=0.02 sys=0.00, real=0.00 secs] 
2014-07-28T20:18:34.308+0000: 2676.686: [GC [PSYoungGen: 197120K->416K(193024K)] 429244K->232572K(880000K), 0.0046340 secs] [Times: user=0.02 sys=0.00, real=0.00 secs] 
2014-07-28T20:18:34.925+0000: 2677.303: [GC [PSYoungGen: 192992K->224K(188736K)] 425148K->232428K(875712K), 0.0052390 secs] [Times: user=0.03 sys=0.00, real=0.01 secs] 
2014-07-28T20:18:35.556+0000: 2677.934: [GC [PSYoungGen: 188704K->288K(184832K)] 420908K->232508K(871808K), 0.0054630 secs] [Times: user=0.03 sys=0.00, real=0.00 secs] 
2014-07-28T20:18:36.199+0000: 2678.577: [GC [PSYoungGen: 184800K->352K(181056K)] 417020K->232604K(868032K), 0.0064930 secs] [Times: user=0.01 sys=0.00, real=0.00 secs] 
2014-07-28T20:18:36.774+0000: 2679.152: [GC [PSYoungGen: 181024K->320K(177280K)] 413276K->232636K(864256K), 0.0035720 secs] [Times: user=0.02 sys=0.00, real=0.01 secs] 
2014-07-28T20:18:37.359+0000: 2679.737: [GC [PSYoungGen: 177280K->224K(173632K)] 409596K->232556K(860608K), 0.0061350 secs] [Times: user=0.04 sys=0.00, real=0.00 secs] 
2014-07-28T20:18:37.931+0000: 2680.309: [GC [PSYoungGen: 173600K->288K(170240K)] 405932K->232676K(857216K), 0.0052320 secs] [Times: user=0.03 sys=0.00, real=0.01 secs] 
2014-07-28T20:18:38.494+0000: 2680.872: [GC [PSYoungGen: 170208K->256K(166848K)] 402596K->232676K(853824K), 0.0025790 secs] [Times: user=0.01 sys=0.00, real=0.01 secs] 
2014-07-28T20:18:39.030+0000: 2681.408: [GC [PSYoungGen: 166848K->384K(163712K)] 399268K->232852K(850688K), 0.0054590 secs] [Times: user=0.03 sys=0.00, real=0.00 secs] 
2014-07-28T20:18:39.564+0000: 2681.942: [GC [PSYoungGen: 163712K->192K(160384K)] 396180K->232708K(847360K), 0.0025920 secs] [Times: user=0.02 sys=0.00, real=0.01 secs] 
2014-07-28T20:18:40.089+0000: 2682.466: [GC [PSYoungGen: 160384K->416K(157632K)] 392900K->232996K(844608K), 0.0049280 secs] [Times: user=0.03 sys=0.00, real=0.00 secs] 
2014-07-28T20:18:40.614+0000: 2682.992: [GC [PSYoungGen: 157600K->352K(154624K)] 390180K->233004K(841600K), 0.0045300 secs] [Times: user=0.02 sys=0.01, real=0.01 secs] 
2014-07-28T20:18:41.139+0000: 2683.517: [GC [PSYoungGen: 154592K->160K(151552K)] 387244K->232844K(838528K), 0.0023330 secs] [Times: user=0.01 sys=0.00, real=0.00 secs] 
2014-07-28T20:18:41.637+0000: 2684.015: [GC [PSYoungGen: 151520K->352K(148992K)] 384204K->233100K(835968K), 0.0039470 secs] [Times: user=0.02 sys=0.00, real=0.01 secs] 
2014-07-28T20:18:42.108+0000: 2684.485: [GC [PSYoungGen: 148960K->320K(146240K)] 381708K->233108K(833216K), 0.0073770 secs] [Times: user=0.04 sys=0.01, real=0.00 secs] 
2014-07-28T20:18:42.584+0000: 2684.962: [GC [PSYoungGen: 146240K->352K(175488K)] 379028K->233212K(862464K), 0.0073050 secs] [Times: user=0.05 sys=0.00, real=0.01 secs] 
2014-07-28T20:18:43.148+0000: 2685.526: [GC [PSYoungGen: 175456K->288K(210496K)] 408316K->233188K(897472K), 0.0057950 secs] [Times: user=0.04 sys=0.00, real=0.00 secs] 
2014-07-28T20:18:43.819+0000: 2686.197: [GC [PSYoungGen: 210436K->256K(205760K)] 443336K->233188K(892736K), 0.0036100 secs] [Times: user=0.01 sys=0.00, real=0.00 secs] 
2014-07-28T20:18:44.493+0000: 2686.871: [GC [PSYoungGen: 205760K->384K(201344K)] 438692K->233340K(888320K), 0.0058400 secs] [Times: user=0.04 sys=0.00, real=0.01 secs] 
2014-07-28T20:18:45.167+0000: 2687.545: [GC [PSYoungGen: 201344K->256K(196864K)] 434300K->233268K(883840K), 0.0061050 secs] [Times: user=0.04 sys=0.00, real=0.00 secs] 
2014-07-28T20:18:45.842+0000: 2688.220: [GC [PSYoungGen: 196864K->448K(192832K)] 429876K->233540K(879808K), 0.0038230 secs] [Times: user=0.02 sys=0.00, real=0.00 secs] 
2014-07-28T20:18:46.467+0000: 2688.845: [GC [PSYoungGen: 192832K->384K(188672K)] 425924K->233516K(875648K), 0.0038840 secs] [Times: user=0.03 sys=0.00, real=0.00 secs] 
2014-07-28T20:18:47.126+0000: 2689.504: [GC [PSYoungGen: 188672K->256K(184576K)] 421804K->233436K(871552K), 0.0031730 secs] [Times: user=0.02 sys=0.00, real=0.01 secs] 
2014-07-28T20:18:47.755+0000: 2690.133: [GC [PSYoungGen: 184576K->384K(180864K)] 417756K->233628K(867840K), 0.0040060 secs] [Times: user=0.03 sys=0.00, real=0.01 secs] 
2014-07-28T20:18:48.358+0000: 2690.736: [GC [PSYoungGen: 180864K->320K(177088K)] 414108K->233596K(864064K), 0.0033390 secs] [Times: user=0.01 sys=0.00, real=0.00 secs] 
2014-07-28T20:18:48.959+0000: 2691.337: [GC [PSYoungGen: 177088K->352K(173568K)] 410364K->233692K(860544K), 0.0043070 secs] [Times: user=0.03 sys=0.00, real=0.00 secs] 
2014-07-28T20:18:49.500+0000: 2691.878: [GC [PSYoungGen: 173536K->352K(170112K)] 406876K->233748K(857088K), 0.0033950 secs] [Times: user=0.02 sys=0.01, real=0.00 secs] 
2014-07-28T20:18:50.028+0000: 2692.406: [GC [PSYoungGen: 170080K->224K(166656K)] 403476K->233668K(853632K), 0.0042140 secs] [Times: user=0.02 sys=0.00, real=0.01 secs] 
2014-07-28T20:18:50.591+0000: 2692.969: [GC [PSYoungGen: 166624K->320K(163456K)] 400068K->233820K(850432K), 0.0056010 secs] [Times: user=0.03 sys=0.01, real=0.00 secs] 
2014-07-28T20:18:51.175+0000: 2693.553: [GC [PSYoungGen: 163456K->320K(160320K)] 396956K->233860K(847296K), 0.0032530 secs] [Times: user=0.02 sys=0.00, real=0.01 secs] 
2014-07-28T20:18:51.684+0000: 2694.062: [GC [PSYoungGen: 160320K->288K(157312K)] 393860K->233884K(844288K), 0.0052020 secs] [Times: user=0.02 sys=0.00, real=0.01 secs] 
2014-07-28T20:18:52.221+0000: 2694.599: [GC [PSYoungGen: 157280K->256K(154304K)] 390876K->233876K(841280K), 0.0031150 secs] [Times: user=0.02 sys=0.00, real=0.00 secs] 
2014-07-28T20:18:52.710+0000: 2695.088: [GC [PSYoungGen: 154304K->320K(151488K)] 387924K->234020K(838464K), 0.0025410 secs] [Times: user=0.01 sys=0.00, real=0.00 secs] 
2014-07-28T20:18:53.207+0000: 2695.585: [GC [PSYoungGen: 151481K->448K(148864K)] 385181K->234172K(835840K), 0.0025090 secs] [Times: user=0.02 sys=0.00, real=0.01 secs] 
2014-07-28T20:18:53.685+0000: 2696.063: [GC [PSYoungGen: 148864K->192K(145920K)] 382588K->234078K(832896K), 0.0043600 secs] [Times: user=0.03 sys=0.00, real=0.01 secs] 
2014-07-28T20:18:54.123+0000: 2696.501: [GC [PSYoungGen: 145920K->256K(143360K)] 379806K->234158K(830336K), 0.0029420 secs] [Times: user=0.01 sys=0.00, real=0.00 secs] 
2014-07-28T20:18:54.580+0000: 2696.958: [GC [PSYoungGen: 143360K->256K(140864K)] 377262K->234214K(827840K), 0.0043140 secs] [Times: user=0.03 sys=0.01, real=0.00 secs] 
2014-07-28T20:18:55.005+0000: 2697.383: [GC [PSYoungGen: 140848K->288K(138496K)] 374806K->234262K(825472K), 0.0025760 secs] [Times: user=0.01 sys=0.00, real=0.00 secs] 
2014-07-28T20:18:55.416+0000: 2697.794: [GC [PSYoungGen: 138464K->352K(136192K)] 372438K->234406K(823168K), 0.0052800 secs] [Times: user=0.03 sys=0.00, real=0.01 secs] 
2014-07-28T20:18:55.858+0000: 2698.236: [GC [PSYoungGen: 136160K->320K(133824K)] 370214K->234406K(820800K), 0.0025670 secs] [Times: user=0.01 sys=0.00, real=0.01 secs] 
2014-07-28T20:18:56.274+0000: 2698.652: [GC [PSYoungGen: 133824K->320K(131584K)] 367910K->234438K(818560K), 0.0024970 secs] [Times: user=0.02 sys=0.00, real=0.00 secs] 
2014-07-28T20:18:56.670+0000: 2699.048: [GC [PSYoungGen: 131584K->352K(157952K)] 365702K->234542K(844928K), 0.0078310 secs] [Times: user=0.05 sys=0.00, real=0.00 secs] 
2014-07-28T20:18:57.182+0000: 2699.560: [GC [PSYoungGen: 157920K->256K(154880K)] 392110K->234486K(841856K), 0.0028540 secs] [Times: user=0.01 sys=0.01, real=0.00 secs] 
2014-07-28T20:18:57.669+0000: 2700.046: [GC [PSYoungGen: 154880K->288K(152064K)] 389110K->234574K(839040K), 0.0044810 secs] [Times: user=0.03 sys=0.00, real=0.01 secs] 
2014-07-28T20:18:58.161+0000: 2700.538: [GC [PSYoungGen: 152032K->192K(182336K)] 386318K->234510K(869312K), 0.0065660 secs] [Times: user=0.04 sys=0.01, real=0.00 secs] 
2014-07-28T20:18:58.775+0000: 2701.153: [GC [PSYoungGen: 182336K->256K(178688K)] 416654K->234630K(865664K), 0.0027510 secs] [Times: user=0.01 sys=0.00, real=0.00 secs] 
2014-07-28T20:18:59.335+0000: 2701.713: [GC [PSYoungGen: 178688K->224K(175040K)] 413062K->234622K(862016K), 0.0044020 secs] [Times: user=0.03 sys=0.00, real=0.01 secs] 
2014-07-28T20:18:59.870+0000: 2702.247: [GC [PSYoungGen: 175008K->434K(210240K)] 409406K->234896K(897216K), 0.0099760 secs] [Times: user=0.05 sys=0.00, real=0.01 secs] 
2014-07-28T20:19:00.571+0000: 2702.949: [GC [PSYoungGen: 210226K->256K(205376K)] 444688K->234790K(892352K), 0.0027120 secs] [Times: user=0.02 sys=0.01, real=0.00 secs] 
2014-07-28T20:19:01.225+0000: 2703.603: [GC [PSYoungGen: 205376K->480K(201088K)] 439910K->235086K(888064K), 0.0038420 secs] [Times: user=0.02 sys=0.00, real=0.00 secs] 
2014-07-28T20:19:01.849+0000: 2704.227: [GC [PSYoungGen: 201056K->320K(196544K)] 435662K->235014K(883520K), 0.0050250 secs] [Times: user=0.03 sys=0.00, real=0.01 secs] 
2014-07-28T20:19:02.462+0000: 2704.840: [GC [PSYoungGen: 196544K->256K(192256K)] 431238K->234974K(879232K), 0.0056660 secs] [Times: user=0.04 sys=0.00, real=0.00 secs] 
2014-07-28T20:19:03.054+0000: 2705.432: [GC [PSYoungGen: 192256K->256K(188160K)] 426974K->235030K(875136K), 0.0025010 secs] [Times: user=0.02 sys=0.00, real=0.00 secs] 
2014-07-28T20:19:03.613+0000: 2705.991: [GC [PSYoungGen: 188153K->384K(184384K)] 422927K->235214K(871360K), 0.0079680 secs] [Times: user=0.05 sys=0.00, real=0.01 secs] 
2014-07-28T20:19:04.627+0000: 2707.005: [GC [PSYoungGen: 184384K->384K(180608K)] 419214K->235222K(867584K), 0.0059330 secs] [Times: user=0.04 sys=0.00, real=0.01 secs] 
2014-07-28T20:19:05.909+0000: 2708.287: [GC [PSYoungGen: 180608K->416K(177024K)] 415446K->235294K(864000K), 0.0042310 secs] [Times: user=0.01 sys=0.00, real=0.05 secs] 
2014-07-28T20:19:07.168+0000: 2709.546: [GC [PSYoungGen: 176992K->320K(173312K)] 411870K->235206K(860288K), 0.0032540 secs] [Times: user=0.02 sys=0.00, real=0.01 secs] 
2014-07-28T20:19:08.395+0000: 2710.773: [GC [PSYoungGen: 173312K->416K(169984K)] 408198K->235406K(856960K), 0.0038310 secs] [Times: user=0.03 sys=0.00, real=0.00 secs] 
2014-07-28T20:19:09.604+0000: 2711.982: [GC [PSYoungGen: 169952K->256K(166464K)] 404942K->235294K(853440K), 0.0055930 secs] [Times: user=0.04 sys=0.00, real=0.00 secs] 
2014-07-28T20:19:10.791+0000: 2713.169: [GC [PSYoungGen: 166464K->256K(163264K)] 401502K->235342K(850240K), 0.0060520 secs] [Times: user=0.03 sys=0.00, real=0.00 secs] 
2014-07-28T20:19:11.952+0000: 2714.330: [GC [PSYoungGen: 163264K->224K(160128K)] 398350K->235366K(847104K), 0.0033780 secs] [Times: user=0.02 sys=0.00, real=0.00 secs] 
2014-07-28T20:19:13.091+0000: 2715.469: [GC [PSYoungGen: 160096K->352K(157248K)] 395238K->235494K(844224K), 0.0027490 secs] [Times: user=0.02 sys=0.00, real=0.01 secs] 
2014-07-28T20:19:14.208+0000: 2716.586: [GC [PSYoungGen: 157216K->160K(154112K)] 392358K->235326K(841088K), 0.0034830 secs] [Times: user=0.01 sys=0.00, real=0.00 secs] 
2014-07-28T20:19:15.302+0000: 2717.680: [GC [PSYoungGen: 154080K->288K(151424K)] 389246K->235494K(838400K), 0.0072760 secs] [Times: user=0.04 sys=0.00, real=0.00 secs] 
2014-07-28T20:19:16.380+0000: 2718.758: [GC [PSYoungGen: 151392K->224K(148608K)] 386598K->235478K(835584K), 0.0045450 secs] [Times: user=0.03 sys=0.01, real=0.01 secs] 
2014-07-28T20:19:17.437+0000: 2719.815: [GC [PSYoungGen: 148576K->320K(145984K)] 383830K->235654K(832960K), 0.0047450 secs] [Times: user=0.02 sys=0.00, real=0.00 secs] 
2014-07-28T20:19:18.478+0000: 2720.856: [GC [PSYoungGen: 145984K->256K(143296K)] 381318K->235646K(830272K), 0.0054770 secs] [Times: user=0.03 sys=0.01, real=0.01 secs] 
2014-07-28T20:19:19.497+0000: 2721.875: [GC [PSYoungGen: 143296K->224K(140800K)] 378686K->235662K(827776K), 0.0041370 secs] [Times: user=0.03 sys=0.00, real=0.00 secs] 
2014-07-28T20:19:20.503+0000: 2722.881: [GC [PSYoungGen: 140743K->224K(138368K)] 376181K->235694K(825344K), 0.0034090 secs] [Times: user=0.02 sys=0.00, real=0.00 secs] 
2014-07-28T20:19:21.490+0000: 2723.868: [GC [PSYoungGen: 138336K->256K(136000K)] 373806K->235766K(822976K), 0.0081020 secs] [Times: user=0.05 sys=0.01, real=0.01 secs] 
2014-07-28T20:19:22.451+0000: 2724.829: [GC [PSYoungGen: 136000K->224K(133696K)] 371510K->235766K(820672K), 0.0114970 secs] [Times: user=0.08 sys=0.00, real=0.01 secs] 
2014-07-28T20:19:23.405+0000: 2725.783: [GC [PSYoungGen: 133664K->416K(131648K)] 369206K->236030K(818624K), 0.0074070 secs] [Times: user=0.05 sys=0.00, real=0.00 secs] 
2014-07-28T20:19:24.337+0000: 2726.715: [GC [PSYoungGen: 131575K->256K(129280K)] 367189K->235934K(816256K), 0.0045630 secs] [Times: user=0.03 sys=0.00, real=0.00 secs] 
2014-07-28T20:19:25.259+0000: 2727.637: [GC [PSYoungGen: 129280K->384K(127296K)] 364958K->236110K(814272K), 0.0041310 secs] [Times: user=0.01 sys=0.00, real=0.00 secs] 
2014-07-28T20:19:26.158+0000: 2728.535: [GC [PSYoungGen: 127296K->192K(125056K)] 363022K->235958K(812032K), 0.0050950 secs] [Times: user=0.04 sys=0.01, real=0.00 secs] 
2014-07-28T20:19:27.054+0000: 2729.432: [GC [PSYoungGen: 125056K->256K(123136K)] 360822K->236078K(810112K), 0.0038450 secs] [Times: user=0.03 sys=0.00, real=0.01 secs] 
2014-07-28T20:19:27.928+0000: 2730.306: [GC [PSYoungGen: 123136K->224K(121216K)] 358958K->236094K(808192K), 0.0028290 secs] [Times: user=0.01 sys=0.00, real=0.00 secs] 
2014-07-28T20:19:28.786+0000: 2731.164: [GC [PSYoungGen: 121184K->224K(119296K)] 357054K->236126K(806272K), 0.0079850 secs] [Times: user=0.04 sys=0.00, real=0.01 secs] 
2014-07-28T20:19:29.635+0000: 2732.012: [GC [PSYoungGen: 119260K->224K(117440K)] 355162K->236150K(804416K), 0.0044790 secs] [Times: user=0.02 sys=0.00, real=0.00 secs] 
2014-07-28T20:19:30.470+0000: 2732.848: [GC [PSYoungGen: 117408K->288K(140992K)] 353334K->236246K(827968K), 0.0249530 secs] [Times: user=0.16 sys=0.03, real=0.03 secs] 
2014-07-28T20:19:31.470+0000: 2733.848: [GC [PSYoungGen: 140960K->256K(169088K)] 376918K->236254K(856064K), 0.0082560 secs] [Times: user=0.05 sys=0.01, real=0.01 secs] 
2014-07-28T20:19:32.672+0000: 2735.050: [GC [PSYoungGen: 169088K->224K(202880K)] 405086K->236246K(889856K), 0.0183600 secs] [Times: user=0.10 sys=0.02, real=0.02 secs] 
2014-07-28T20:19:34.265+0000: 2736.642: [GC [PSYoungGen: 202848K->420K(243648K)] 438870K->236506K(930624K), 0.0088680 secs] [Times: user=0.04 sys=0.02, real=0.01 secs] 
2014-07-28T20:19:35.984+0000: 2738.362: [GC [PSYoungGen: 243620K->288K(237632K)] 479706K->236398K(924608K), 0.0058930 secs] [Times: user=0.02 sys=0.01, real=0.01 secs] 
2014-07-28T20:19:37.672+0000: 2740.050: [GC [PSYoungGen: 237600K->160K(231872K)] 473710K->236278K(918848K), 0.0044170 secs] [Times: user=0.02 sys=0.01, real=0.01 secs] 
2014-07-28T20:19:39.320+0000: 2741.698: [GC [PSYoungGen: 231840K->320K(226560K)] 467958K->236446K(913536K), 0.0057450 secs] [Times: user=0.04 sys=0.00, real=0.00 secs] 
2014-07-28T20:19:40.937+0000: 2743.315: [GC [PSYoungGen: 226525K->288K(221312K)] 462651K->236446K(908288K), 0.0070280 secs] [Times: user=0.02 sys=0.01, real=0.00 secs] 
2014-07-28T20:19:42.505+0000: 2744.883: [GC [PSYoungGen: 221280K->192K(216128K)] 457438K->236358K(903104K), 0.0102290 secs] [Times: user=0.06 sys=0.02, real=0.01 secs] 
2014-07-28T20:19:44.049+0000: 2746.427: [GC [PSYoungGen: 216128K->320K(211392K)] 452294K->236494K(898368K), 0.0043630 secs] [Times: user=0.02 sys=0.01, real=0.00 secs] 
2014-07-28T20:19:45.554+0000: 2747.932: [GC [PSYoungGen: 211392K->384K(206720K)] 447566K->236622K(893696K), 0.0057080 secs] [Times: user=0.05 sys=0.00, real=0.01 secs] 
2014-07-28T20:19:47.030+0000: 2749.407: [GC [PSYoungGen: 206720K->242K(202048K)] 442958K->236568K(889024K), 0.0149320 secs] [Times: user=0.08 sys=0.02, real=0.01 secs] 
2014-07-28T20:19:48.469+0000: 2750.847: [GC [PSYoungGen: 202034K->434K(197824K)] 438360K->236800K(884800K), 0.0064030 secs] [Times: user=0.03 sys=0.01, real=0.00 secs] 
2014-07-28T20:19:49.869+0000: 2752.247: [GC [PSYoungGen: 197810K->288K(193472K)] 434176K->236694K(880448K), 0.0165800 secs] [Times: user=0.06 sys=0.06, real=0.05 secs] 
2014-07-28T20:19:51.239+0000: 2753.617: [GC [PSYoungGen: 193440K->352K(189440K)] 429846K->236758K(876416K), 0.0076060 secs] [Times: user=0.05 sys=0.00, real=0.01 secs] 
2014-07-28T20:19:52.584+0000: 2754.962: [GC [PSYoungGen: 189408K->256K(185344K)] 425814K->236694K(872320K), 0.0070470 secs] [Times: user=0.03 sys=0.01, real=0.01 secs] 
2014-07-28T20:19:53.906+0000: 2756.284: [GC [PSYoungGen: 185344K->320K(181568K)] 421782K->236814K(868544K), 0.0064140 secs] [Times: user=0.04 sys=0.00, real=0.01 secs] 
2014-07-28T20:19:55.192+0000: 2757.570: [GC [PSYoungGen: 181568K->320K(177856K)] 418062K->236822K(864832K), 0.0049620 secs] [Times: user=0.02 sys=0.00, real=0.00 secs] 
2014-07-28T20:19:56.455+0000: 2758.832: [GC [PSYoungGen: 177856K->352K(174336K)] 414358K->236918K(861312K), 0.0044730 secs] [Times: user=0.03 sys=0.00, real=0.01 secs] 
2014-07-28T20:19:57.693+0000: 2760.071: [GC [PSYoungGen: 174304K->320K(170816K)] 410870K->236958K(857792K), 0.0049190 secs] [Times: user=0.03 sys=0.00, real=0.00 secs] 
2014-07-28T20:19:58.910+0000: 2761.287: [GC [PSYoungGen: 170816K->420K(167552K)] 407454K->237154K(854528K), 0.0043230 secs] [Times: user=0.02 sys=0.00, real=0.00 secs] 
2014-07-28T20:20:00.107+0000: 2762.485: [GC [PSYoungGen: 167524K->192K(164032K)] 404258K->236966K(851008K), 0.0054320 secs] [Times: user=0.01 sys=0.00, real=0.01 secs] 
2014-07-28T20:20:01.266+0000: 2763.644: [GC [PSYoungGen: 164000K->352K(161088K)] 400774K->237182K(848064K), 0.0031290 secs] [Times: user=0.02 sys=0.00, real=0.00 secs] 
2014-07-28T20:20:02.414+0000: 2764.792: [GC [PSYoungGen: 161056K->480K(158144K)] 397886K->237422K(845120K), 0.0024960 secs] [Times: user=0.02 sys=0.00, real=0.00 secs] 
2014-07-28T20:20:03.535+0000: 2765.913: [GC [PSYoungGen: 158112K->384K(155072K)] 395054K->237406K(842048K), 0.0047530 secs] [Times: user=0.03 sys=0.01, real=0.01 secs] 
2014-07-28T20:20:04.634+0000: 2767.012: [GC [PSYoungGen: 155039K->320K(152128K)] 392061K->237438K(839104K), 0.0043970 secs] [Times: user=0.03 sys=0.00, real=0.00 secs] 
2014-07-28T20:20:05.713+0000: 2768.091: [GC [PSYoungGen: 152128K->416K(149504K)] 389246K->237630K(836480K), 0.0048410 secs] [Times: user=0.03 sys=0.00, real=0.00 secs] 
2014-07-28T20:20:06.770+0000: 2769.148: [GC [PSYoungGen: 149472K->320K(146688K)] 386686K->237582K(833664K), 0.0057650 secs] [Times: user=0.04 sys=0.00, real=0.01 secs] 
2014-07-28T20:20:07.814+0000: 2770.192: [GC [PSYoungGen: 146688K->256K(144000K)] 383950K->237566K(830976K), 0.0092330 secs] [Times: user=0.06 sys=0.00, real=0.01 secs] 
2014-07-28T20:20:08.838+0000: 2771.216: [GC [PSYoungGen: 144000K->256K(141440K)] 381310K->237622K(828416K), 0.0048820 secs] [Times: user=0.03 sys=0.00, real=0.01 secs] 
2014-07-28T20:20:09.841+0000: 2772.219: [GC [PSYoungGen: 141440K->288K(139008K)] 378806K->237710K(825984K), 0.0071850 secs] [Times: user=0.05 sys=0.00, real=0.00 secs] 
2014-07-28T20:20:10.830+0000: 2773.208: [GC [PSYoungGen: 138976K->320K(136640K)] 376398K->237806K(823616K), 0.0027010 secs] [Times: user=0.02 sys=0.00, real=0.00 secs] 
2014-07-28T20:20:11.798+0000: 2774.176: [GC [PSYoungGen: 136640K->224K(134272K)] 374126K->237758K(821248K), 0.0031270 secs] [Times: user=0.02 sys=0.00, real=0.01 secs] 
2014-07-28T20:20:12.752+0000: 2775.130: [GC [PSYoungGen: 134194K->288K(132096K)] 371728K->237894K(819072K), 0.0048970 secs] [Times: user=0.03 sys=0.00, real=0.00 secs] 
2014-07-28T20:20:13.689+0000: 2776.067: [GC [PSYoungGen: 132064K->384K(129984K)] 369670K->238062K(816960K), 0.0069870 secs] [Times: user=0.04 sys=0.00, real=0.01 secs] 
2014-07-28T20:20:14.611+0000: 2776.989: [GC [PSYoungGen: 129973K->384K(127872K)] 367651K->238110K(814848K), 0.0053970 secs] [Times: user=0.02 sys=0.00, real=0.00 secs] 
2014-07-28T20:20:15.515+0000: 2777.893: [GC [PSYoungGen: 127872K->288K(125760K)] 365598K->238086K(812736K), 0.0051650 secs] [Times: user=0.03 sys=0.00, real=0.00 secs] 
2014-07-28T20:20:16.407+0000: 2778.785: [GC [PSYoungGen: 125720K->224K(123648K)] 363518K->238062K(810624K), 0.0034220 secs] [Times: user=0.02 sys=0.01, real=0.00 secs] 
2014-07-28T20:20:17.283+0000: 2779.661: [GC [PSYoungGen: 123616K->352K(121792K)] 361454K->238270K(808768K), 0.0045420 secs] [Times: user=0.02 sys=0.01, real=0.00 secs] 
2014-07-28T20:20:18.152+0000: 2780.530: [GC [PSYoungGen: 121760K->320K(119808K)] 359678K->238302K(806784K), 0.0039510 secs] [Times: user=0.01 sys=0.00, real=0.00 secs] 
2014-07-28T20:20:19.001+0000: 2781.379: [GC [PSYoungGen: 119800K->448K(118080K)] 357782K->238526K(805056K), 0.0054000 secs] [Times: user=0.03 sys=0.00, real=0.01 secs] 
2014-07-28T20:20:19.839+0000: 2782.217: [GC [PSYoungGen: 118080K->306K(116160K)] 356158K->238456K(803136K), 0.0063910 secs] [Times: user=0.04 sys=0.01, real=0.01 secs] 
2014-07-28T20:20:20.658+0000: 2783.036: [GC [PSYoungGen: 116146K->338K(114432K)] 354296K->238528K(801408K), 0.0123660 secs] [Times: user=0.06 sys=0.00, real=0.01 secs] 
2014-07-28T20:20:21.472+0000: 2783.850: [GC [PSYoungGen: 114386K->224K(112576K)] 352576K->238470K(799552K), 0.0049280 secs] [Times: user=0.04 sys=0.00, real=0.01 secs] 
2014-07-28T20:20:22.267+0000: 2784.645: [GC [PSYoungGen: 112544K->256K(110912K)] 350790K->238558K(797888K), 0.0036920 secs] [Times: user=0.02 sys=0.00, real=0.00 secs] 
2014-07-28T20:20:23.057+0000: 2785.435: [GC [PSYoungGen: 110912K->288K(109376K)] 349214K->238646K(796352K), 0.0054210 secs] [Times: user=0.03 sys=0.00, real=0.01 secs] 
2014-07-28T20:20:23.833+0000: 2786.211: [GC [PSYoungGen: 109344K->224K(107712K)] 347702K->238630K(794688K), 0.0051800 secs] [Times: user=0.04 sys=0.00, real=0.00 secs] 
2014-07-28T20:20:24.603+0000: 2786.981: [GC [PSYoungGen: 107680K->352K(106304K)] 346086K->238790K(793280K), 0.0080340 secs] [Times: user=0.05 sys=0.01, real=0.00 secs] 
2014-07-28T20:20:25.357+0000: 2787.735: [GC [PSYoungGen: 106272K->320K(104704K)] 344710K->238830K(791680K), 0.0026470 secs] [Times: user=0.01 sys=0.00, real=0.00 secs] 
2014-07-28T20:20:26.104+0000: 2788.482: [GC [PSYoungGen: 104704K->320K(103232K)] 343214K->238910K(790208K), 0.0045260 secs] [Times: user=0.02 sys=0.00, real=0.00 secs] 
2014-07-28T20:20:26.839+0000: 2789.217: [GC [PSYoungGen: 103217K->256K(101760K)] 341807K->238910K(788736K), 0.0026970 secs] [Times: user=0.01 sys=0.00, real=0.00 secs] 
2014-07-28T20:20:27.558+0000: 2789.936: [GC [PSYoungGen: 101760K->320K(100416K)] 340414K->238990K(787392K), 0.0062850 secs] [Times: user=0.03 sys=0.00, real=0.01 secs] 
2014-07-28T20:20:28.270+0000: 2790.648: [GC [PSYoungGen: 100416K->256K(99008K)] 339086K->238982K(785984K), 0.0059190 secs] [Times: user=0.04 sys=0.00, real=0.01 secs] 
2014-07-28T20:20:28.973+0000: 2791.351: [GC [PSYoungGen: 99008K->224K(97664K)] 337734K->239006K(784640K), 0.0066890 secs] [Times: user=0.04 sys=0.00, real=0.01 secs] 
2014-07-28T20:20:29.669+0000: 2792.047: [GC [PSYoungGen: 97632K->416K(96576K)] 336414K->239214K(783552K), 0.0067650 secs] [Times: user=0.04 sys=0.00, real=0.01 secs] 
2014-07-28T20:20:30.353+0000: 2792.731: [GC [PSYoungGen: 96544K->256K(95104K)] 335342K->239134K(782080K), 0.0042460 secs] [Times: user=0.03 sys=0.00, real=0.01 secs] 
2014-07-28T20:20:31.029+0000: 2793.407: [GC [PSYoungGen: 95104K->320K(93952K)] 333982K->239270K(780928K), 0.0077750 secs] [Times: user=0.06 sys=0.00, real=0.01 secs] 
2014-07-28T20:20:31.696+0000: 2794.074: [GC [PSYoungGen: 93952K->288K(112704K)] 332902K->239310K(799680K), 0.0134160 secs] [Times: user=0.09 sys=0.00, real=0.01 secs] 
2014-07-28T20:20:32.500+0000: 2794.878: [GC [PSYoungGen: 112672K->352K(135296K)] 351694K->239430K(822272K), 0.0072240 secs] [Times: user=0.04 sys=0.00, real=0.01 secs] 
2014-07-28T20:20:33.462+0000: 2795.840: [GC [PSYoungGen: 135264K->256K(132864K)] 374342K->239462K(819840K), 0.0055460 secs] [Times: user=0.03 sys=0.00, real=0.01 secs] 
2014-07-28T20:20:34.409+0000: 2796.787: [GC [PSYoungGen: 132815K->288K(130688K)] 372021K->239566K(817664K), 0.0080030 secs] [Times: user=0.05 sys=0.00, real=0.01 secs] 
2014-07-28T20:20:35.333+0000: 2797.711: [GC [PSYoungGen: 130656K->256K(128448K)] 369934K->239582K(815424K), 0.0096570 secs] [Times: user=0.07 sys=0.00, real=0.01 secs] 
2014-07-28T20:20:36.244+0000: 2798.622: [GC [PSYoungGen: 128448K->416K(154304K)] 367774K->239822K(841280K), 0.0123310 secs] [Times: user=0.09 sys=0.00, real=0.01 secs] 
2014-07-28T20:20:37.339+0000: 2799.717: [GC [PSYoungGen: 154272K->256K(151296K)] 393678K->239726K(838272K), 0.0048160 secs] [Times: user=0.02 sys=0.00, real=0.01 secs] 
2014-07-28T20:20:38.414+0000: 2800.792: [GC [PSYoungGen: 151272K->498K(148800K)] 390742K->240080K(835776K), 0.0063500 secs] [Times: user=0.03 sys=0.00, real=0.01 secs] 
2014-07-28T20:20:39.470+0000: 2801.848: [GC [PSYoungGen: 148786K->288K(145920K)] 388368K->239926K(832896K), 0.0075690 secs] [Times: user=0.05 sys=0.00, real=0.01 secs] 
2014-07-28T20:20:40.507+0000: 2802.885: [GC [PSYoungGen: 145858K->416K(143424K)] 385496K->240142K(830400K), 0.0059310 secs] [Times: user=0.04 sys=0.00, real=0.00 secs] 
2014-07-28T20:20:41.528+0000: 2803.906: [GC [PSYoungGen: 143392K->320K(140800K)] 383118K->240110K(827776K), 0.0026850 secs] [Times: user=0.01 sys=0.00, real=0.00 secs] 
2014-07-28T20:20:42.527+0000: 2804.905: [GC [PSYoungGen: 140799K->192K(138240K)] 380589K->240014K(825216K), 0.0092280 secs] [Times: user=0.06 sys=0.00, real=0.01 secs] 
2014-07-28T20:20:43.516+0000: 2805.894: [GC [PSYoungGen: 138240K->320K(136000K)] 378062K->240206K(822976K), 0.0041240 secs] [Times: user=0.03 sys=0.00, real=0.00 secs] 
2014-07-28T20:20:44.482+0000: 2806.860: [GC [PSYoungGen: 135955K->288K(133696K)] 375841K->240238K(820672K), 0.0066870 secs] [Times: user=0.04 sys=0.01, real=0.01 secs] 
2014-07-28T20:20:45.434+0000: 2807.812: [GC [PSYoungGen: 133664K->256K(131392K)] 373614K->240262K(818368K), 0.0028330 secs] [Times: user=0.02 sys=0.01, real=0.01 secs] 
2014-07-28T20:20:46.370+0000: 2808.747: [GC [PSYoungGen: 131392K->288K(129280K)] 371398K->240358K(816256K), 0.0060510 secs] [Times: user=0.04 sys=0.00, real=0.00 secs] 
2014-07-28T20:20:47.289+0000: 2809.666: [GC [PSYoungGen: 129248K->288K(127168K)] 369318K->240414K(814144K), 0.0030890 secs] [Times: user=0.01 sys=0.00, real=0.00 secs] 
2014-07-28T20:20:48.187+0000: 2810.564: [GC [PSYoungGen: 127136K->416K(125248K)] 367262K->240638K(812224K), 0.0054470 secs] [Times: user=0.03 sys=0.00, real=0.00 secs] 
2014-07-28T20:20:49.074+0000: 2811.452: [GC [PSYoungGen: 125216K->320K(123136K)] 365438K->240622K(810112K), 0.0086690 secs] [Times: user=0.06 sys=0.00, real=0.01 secs] 
2014-07-28T20:20:49.950+0000: 2812.328: [GC [PSYoungGen: 123136K->370K(121280K)] 363438K->240728K(808256K), 0.0130850 secs] [Times: user=0.08 sys=0.00, real=0.01 secs] 
2014-07-28T20:20:50.812+0000: 2813.190: [GC [PSYoungGen: 121266K->320K(119296K)] 361624K->240710K(806272K), 0.0029920 secs] [Times: user=0.02 sys=0.00, real=0.00 secs] 
2014-07-28T20:20:51.655+0000: 2814.033: [GC [PSYoungGen: 119296K->288K(117440K)] 359686K->240750K(804416K), 0.0065770 secs] [Times: user=0.04 sys=0.00, real=0.01 secs] 
2014-07-28T20:20:52.488+0000: 2814.865: [GC [PSYoungGen: 117408K->438K(115776K)] 357870K->240972K(802752K), 0.0061700 secs] [Times: user=0.03 sys=0.01, real=0.00 secs] 
2014-07-28T20:20:53.308+0000: 2815.686: [GC [PSYoungGen: 115766K->192K(113792K)] 356300K->240766K(800768K), 0.0037890 secs] [Times: user=0.02 sys=0.01, real=0.00 secs] 
2014-07-28T20:20:54.113+0000: 2816.491: [GC [PSYoungGen: 113746K->352K(112256K)] 354320K->241006K(799232K), 0.0029120 secs] [Times: user=0.01 sys=0.01, real=0.00 secs] 
2014-07-28T20:20:54.907+0000: 2817.285: [GC [PSYoungGen: 112224K->192K(110400K)] 352878K->240878K(797376K), 0.0034810 secs] [Times: user=0.01 sys=0.00, real=0.01 secs] 
2014-07-28T20:20:55.689+0000: 2818.067: [GC [PSYoungGen: 110399K->192K(108800K)] 351086K->240902K(795776K), 0.0044300 secs] [Times: user=0.01 sys=0.01, real=0.00 secs] 
2014-07-28T20:20:56.459+0000: 2818.837: [GC [PSYoungGen: 108800K->352K(107392K)] 349510K->241134K(794368K), 0.0045840 secs] [Times: user=0.03 sys=0.00, real=0.00 secs] 
2014-07-28T20:20:57.218+0000: 2819.596: [GC [PSYoungGen: 107360K->384K(105856K)] 348142K->241246K(792832K), 0.0070210 secs] [Times: user=0.05 sys=0.00, real=0.00 secs] 
2014-07-28T20:20:57.969+0000: 2820.347: [GC [PSYoungGen: 105856K->320K(104320K)] 346718K->241262K(791296K), 0.0068750 secs] [Times: user=0.04 sys=0.00, real=0.00 secs] 
2014-07-28T20:20:58.712+0000: 2821.090: [GC [PSYoungGen: 104320K->384K(102912K)] 345262K->241350K(789888K), 0.0054510 secs] [Times: user=0.02 sys=0.00, real=0.00 secs] 
2014-07-28T20:20:59.443+0000: 2821.821: [GC [PSYoungGen: 102912K->288K(101440K)] 343878K->241326K(788416K), 0.0051540 secs] [Times: user=0.03 sys=0.00, real=0.01 secs] 
2014-07-28T20:21:00.164+0000: 2822.542: [GC [PSYoungGen: 101408K->320K(100032K)] 342446K->241430K(787008K), 0.0062030 secs] [Times: user=0.04 sys=0.00, real=0.01 secs] 
2014-07-28T20:21:00.874+0000: 2823.252: [GC [PSYoungGen: 100032K->320K(98688K)] 341142K->241478K(785664K), 0.0030560 secs] [Times: user=0.02 sys=0.00, real=0.00 secs] 
2014-07-28T20:21:01.574+0000: 2823.952: [GC [PSYoungGen: 98688K->384K(97408K)] 339846K->241566K(784384K), 0.0082100 secs] [Times: user=0.05 sys=0.00, real=0.01 secs] 
2014-07-28T20:21:02.264+0000: 2824.641: [GC [PSYoungGen: 97365K->288K(96064K)] 338547K->241534K(783040K), 0.0044030 secs] [Times: user=0.03 sys=0.00, real=0.01 secs] 
2014-07-28T20:21:02.949+0000: 2825.327: [GC [PSYoungGen: 96032K->288K(94784K)] 337278K->241598K(781760K), 0.0050850 secs] [Times: user=0.03 sys=0.00, real=0.00 secs] 
2014-07-28T20:21:03.623+0000: 2826.001: [GC [PSYoungGen: 94752K->288K(113728K)] 336062K->241614K(800704K), 0.0152170 secs] [Times: user=0.06 sys=0.02, real=0.02 secs] 
2014-07-28T20:21:04.429+0000: 2826.806: [GC [PSYoungGen: 113653K->288K(112000K)] 354980K->241678K(798976K), 0.0049910 secs] [Times: user=0.02 sys=0.00, real=0.00 secs] 
2014-07-28T20:21:05.223+0000: 2827.601: [GC [PSYoungGen: 111922K->256K(134272K)] 353312K->241702K(821248K), 0.0099090 secs] [Times: user=0.07 sys=0.00, real=0.01 secs] 
2014-07-28T20:21:06.176+0000: 2828.554: [GC [PSYoungGen: 134272K->224K(132032K)] 375718K->241710K(819008K), 0.0074820 secs] [Times: user=0.04 sys=0.00, real=0.01 secs] 
2014-07-28T20:21:07.116+0000: 2829.494: [GC [PSYoungGen: 132000K->448K(130048K)] 373486K->242038K(817024K), 0.0065340 secs] [Times: user=0.04 sys=0.00, real=0.01 secs] 
2014-07-28T20:21:08.039+0000: 2830.416: [GC [PSYoungGen: 130048K->256K(127744K)] 371638K->241918K(814720K), 0.0030220 secs] [Times: user=0.02 sys=0.00, real=0.01 secs] 
2014-07-28T20:21:08.943+0000: 2831.321: [GC [PSYoungGen: 127744K->256K(125696K)] 369406K->241982K(812672K), 0.0069480 secs] [Times: user=0.04 sys=0.00, real=0.01 secs] 
2014-07-28T20:21:09.838+0000: 2832.216: [GC [PSYoungGen: 125696K->320K(123712K)] 367422K->242110K(810688K), 0.0044910 secs] [Times: user=0.03 sys=0.00, real=0.01 secs] 
2014-07-28T20:21:10.718+0000: 2833.096: [GC [PSYoungGen: 123712K->352K(121792K)] 365502K->242214K(808768K), 0.0049060 secs] [Times: user=0.02 sys=0.00, real=0.01 secs] 
2014-07-28T20:21:11.588+0000: 2833.966: [GC [PSYoungGen: 121760K->224K(119744K)] 363622K->242126K(806720K), 0.0052010 secs] [Times: user=0.02 sys=0.01, real=0.01 secs] 
2014-07-28T20:21:12.440+0000: 2834.818: [GC [PSYoungGen: 119712K->320K(117952K)] 361614K->242302K(804928K), 0.0091870 secs] [Times: user=0.07 sys=0.00, real=0.01 secs] 
2014-07-28T20:21:13.276+0000: 2835.653: [GC [PSYoungGen: 117952K->192K(116032K)] 359934K->242222K(803008K), 0.0044350 secs] [Times: user=0.02 sys=0.00, real=0.01 secs] 
2014-07-28T20:21:14.102+0000: 2836.480: [GC [PSYoungGen: 116032K->384K(114432K)] 358062K->242510K(801408K), 0.0046130 secs] [Times: user=0.02 sys=0.00, real=0.00 secs] 
2014-07-28T20:21:14.915+0000: 2837.293: [GC [PSYoungGen: 114432K->384K(112704K)] 356558K->242598K(799680K), 0.0066850 secs] [Times: user=0.04 sys=0.00, real=0.01 secs] 
2014-07-28T20:21:15.712+0000: 2838.090: [GC [PSYoungGen: 112704K->384K(111040K)] 354918K->242622K(798016K), 0.0077090 secs] [Times: user=0.05 sys=0.01, real=0.01 secs] 
2014-07-28T20:21:16.501+0000: 2838.878: [GC [PSYoungGen: 111040K->320K(109376K)] 353278K->242662K(796352K), 0.0059540 secs] [Times: user=0.03 sys=0.00, real=0.00 secs] 
2014-07-28T20:21:17.278+0000: 2839.656: [GC [PSYoungGen: 109376K->384K(107840K)] 351718K->242814K(794816K), 0.0072830 secs] [Times: user=0.05 sys=0.00, real=0.01 secs] 
2014-07-28T20:21:18.044+0000: 2840.422: [GC [PSYoungGen: 107840K->224K(106176K)] 350270K->242710K(793152K), 0.0067000 secs] [Times: user=0.04 sys=0.01, real=0.01 secs] 
2014-07-28T20:21:18.801+0000: 2841.179: [GC [PSYoungGen: 106132K->416K(104832K)] 348618K->242982K(791808K), 0.0058150 secs] [Times: user=0.04 sys=0.00, real=0.00 secs] 
2014-07-28T20:21:19.545+0000: 2841.923: [GC [PSYoungGen: 104800K->224K(103168K)] 347366K->242838K(790144K), 0.0109820 secs] [Times: user=0.08 sys=0.00, real=0.01 secs] 
2014-07-28T20:21:20.281+0000: 2842.659: [GC [PSYoungGen: 103136K->480K(102016K)] 345750K->243182K(788992K), 0.0070660 secs] [Times: user=0.04 sys=0.00, real=0.01 secs] 
2014-07-28T20:21:21.004+0000: 2843.382: [GC [PSYoungGen: 101984K->288K(100416K)] 344686K->243054K(787392K), 0.0046940 secs] [Times: user=0.03 sys=0.00, real=0.00 secs] 
2014-07-28T20:21:21.717+0000: 2844.095: [GC [PSYoungGen: 100384K->256K(99008K)] 343150K->243054K(785984K), 0.0040930 secs] [Times: user=0.03 sys=0.00, real=0.01 secs] 
2014-07-28T20:21:22.414+0000: 2844.792: [GC [PSYoungGen: 99008K->320K(97728K)] 341806K->243190K(784704K), 0.0068270 secs] [Times: user=0.04 sys=0.00, real=0.01 secs] 
2014-07-28T20:21:23.110+0000: 2845.488: [GC [PSYoungGen: 97728K->352K(96512K)] 340598K->243278K(783488K), 0.0089640 secs] [Times: user=0.05 sys=0.01, real=0.01 secs] 
2014-07-28T20:21:23.794+0000: 2846.172: [GC [PSYoungGen: 96480K->384K(95232K)] 339406K->243390K(782208K), 0.0034580 secs] [Times: user=0.02 sys=0.00, real=0.00 secs] 
2014-07-28T20:21:24.467+0000: 2846.845: [GC [PSYoungGen: 95232K->416K(94080K)] 338238K->243430K(781056K), 0.0082210 secs] [Times: user=0.03 sys=0.00, real=0.01 secs] 
2014-07-28T20:21:25.134+0000: 2847.512: [GC [PSYoungGen: 94010K->370K(92800K)] 337024K->243448K(779776K), 0.0066260 secs] [Times: user=0.04 sys=0.00, real=0.00 secs] 
2014-07-28T20:21:25.794+0000: 2848.172: [GC [PSYoungGen: 92786K->288K(111232K)] 335864K->243430K(798208K), 0.0082220 secs] [Times: user=0.05 sys=0.00, real=0.00 secs] 
2014-07-28T20:21:26.583+0000: 2848.961: [GC [PSYoungGen: 111200K->352K(133504K)] 354342K->243494K(820480K), 0.0084660 secs] [Times: user=0.06 sys=0.00, real=0.01 secs] 
2014-07-28T20:21:27.530+0000: 2849.908: [GC [PSYoungGen: 133472K->416K(131328K)] 376614K->243638K(818304K), 0.0071460 secs] [Times: user=0.04 sys=0.00, real=0.01 secs] 
2014-07-28T20:21:28.464+0000: 2850.841: [GC [PSYoungGen: 131296K->256K(128960K)] 374518K->243630K(815936K), 0.0060530 secs] [Times: user=0.04 sys=0.00, real=0.00 secs] 
2014-07-28T20:21:29.376+0000: 2851.754: [GC [PSYoungGen: 128940K->448K(127040K)] 372314K->243886K(814016K), 0.0059610 secs] [Times: user=0.04 sys=0.00, real=0.01 secs] 
2014-07-28T20:21:30.281+0000: 2852.659: [GC [PSYoungGen: 127040K->384K(124928K)] 370478K->243902K(811904K), 0.0069780 secs] [Times: user=0.04 sys=0.00, real=0.01 secs] 
2014-07-28T20:21:31.171+0000: 2853.549: [GC [PSYoungGen: 124928K->256K(122816K)] 368446K->243830K(809792K), 0.0051400 secs] [Times: user=0.03 sys=0.00, real=0.01 secs] 
2014-07-28T20:21:32.043+0000: 2854.421: [GC [PSYoungGen: 122788K->288K(120960K)] 366362K->243918K(807936K), 0.0081670 secs] [Times: user=0.04 sys=0.00, real=0.01 secs] 
2014-07-28T20:21:32.900+0000: 2855.278: [GC [PSYoungGen: 120928K->224K(118976K)] 364558K->243902K(805952K), 0.0055350 secs] [Times: user=0.02 sys=0.00, real=0.01 secs] 
2014-07-28T20:21:33.746+0000: 2856.124: [GC [PSYoungGen: 118943K->224K(117120K)] 362621K->243950K(804096K), 0.0074090 secs] [Times: user=0.05 sys=0.00, real=0.01 secs] 
2014-07-28T20:21:34.580+0000: 2856.958: [GC [PSYoungGen: 117046K->256K(115328K)] 360772K->244046K(802304K), 0.0070090 secs] [Times: user=0.05 sys=0.00, real=0.01 secs] 
2014-07-28T20:21:35.400+0000: 2857.778: [GC [PSYoungGen: 115328K->352K(113728K)] 359118K->244198K(800704K), 0.0042270 secs] [Times: user=0.02 sys=0.01, real=0.01 secs] 
2014-07-28T20:21:36.206+0000: 2858.583: [GC [PSYoungGen: 113691K->384K(112000K)] 357537K->244302K(798976K), 0.0077440 secs] [Times: user=0.06 sys=0.00, real=0.01 secs] 
2014-07-28T20:21:36.997+0000: 2859.375: [GC [PSYoungGen: 112000K->320K(110272K)] 355918K->244334K(797248K), 0.0091130 secs] [Times: user=0.05 sys=0.00, real=0.01 secs] 
2014-07-28T20:21:37.779+0000: 2860.157: [GC [PSYoungGen: 110272K->320K(108672K)] 354286K->244350K(795648K), 0.0054480 secs] [Times: user=0.03 sys=0.00, real=0.01 secs] 
2014-07-28T20:21:38.548+0000: 2860.926: [GC [PSYoungGen: 108672K->384K(107136K)] 352702K->244486K(794112K), 0.0084540 secs] [Times: user=0.06 sys=0.00, real=0.01 secs] 
2014-07-28T20:21:39.311+0000: 2861.688: [GC [PSYoungGen: 107136K->224K(105472K)] 351238K->244374K(792448K), 0.0050810 secs] [Times: user=0.02 sys=0.00, real=0.01 secs] 
2014-07-28T20:21:40.063+0000: 2862.441: [GC [PSYoungGen: 105440K->256K(104000K)] 349590K->244470K(790976K), 0.0082730 secs] [Times: user=0.06 sys=0.00, real=0.01 secs] 
2014-07-28T20:21:40.803+0000: 2863.181: [GC [PSYoungGen: 103998K->352K(102656K)] 348212K->244638K(789632K), 0.0057220 secs] [Times: user=0.04 sys=0.00, real=0.01 secs] 
2014-07-28T20:21:41.529+0000: 2863.907: [GC [PSYoungGen: 102624K->320K(101184K)] 346910K->244662K(788160K), 0.0062330 secs] [Times: user=0.03 sys=0.01, real=0.01 secs] 
2014-07-28T20:21:42.246+0000: 2864.624: [GC [PSYoungGen: 101181K->466K(99968K)] 345523K->244896K(786944K), 0.0076330 secs] [Times: user=0.05 sys=0.01, real=0.00 secs] 
2014-07-28T20:21:42.951+0000: 2865.329: [GC [PSYoungGen: 99877K->256K(98368K)] 344307K->244782K(785344K), 0.0048860 secs] [Times: user=0.03 sys=0.00, real=0.01 secs] 
2014-07-28T20:21:43.650+0000: 2866.028: [GC [PSYoungGen: 98368K->320K(97088K)] 342894K->244862K(784064K), 0.0055450 secs] [Times: user=0.02 sys=0.00, real=0.01 secs] 
2014-07-28T20:21:44.336+0000: 2866.714: [GC [PSYoungGen: 97088K->256K(95744K)] 341630K->244846K(782720K), 0.0085590 secs] [Times: user=0.05 sys=0.00, real=0.00 secs] 
2014-07-28T20:21:45.018+0000: 2867.396: [GC [PSYoungGen: 95744K->448K(115072K)] 340334K->245086K(802048K), 0.0088020 secs] [Times: user=0.06 sys=0.00, real=0.01 secs] 
2014-07-28T20:21:45.834+0000: 2868.212: [GC [PSYoungGen: 115072K->256K(113152K)] 359710K->244942K(800128K), 0.0064570 secs] [Times: user=0.04 sys=0.00, real=0.01 secs] 
2014-07-28T20:21:46.635+0000: 2869.013: [GC [PSYoungGen: 113136K->370K(111616K)] 357822K->245120K(798592K), 0.0065700 secs] [Times: user=0.04 sys=0.00, real=0.01 secs] 
2014-07-28T20:21:47.431+0000: 2869.809: [GC [PSYoungGen: 111602K->320K(133824K)] 356352K->245118K(820800K), 0.0107330 secs] [Times: user=0.07 sys=0.00, real=0.01 secs] 
2014-07-28T20:21:48.381+0000: 2870.759: [GC [PSYoungGen: 133824K->256K(131520K)] 378622K->245110K(818496K), 0.0088020 secs] [Times: user=0.06 sys=0.00, real=0.01 secs] 
2014-07-28T20:21:49.312+0000: 2871.690: [GC [PSYoungGen: 131520K->448K(129536K)] 376374K->245414K(816512K), 0.0059900 secs] [Times: user=0.04 sys=0.00, real=0.01 secs] 
2014-07-28T20:21:50.229+0000: 2872.607: [GC [PSYoungGen: 129536K->384K(127360K)] 374502K->245422K(814336K), 0.0074590 secs] [Times: user=0.05 sys=0.00, real=0.01 secs] 
2014-07-28T20:21:51.135+0000: 2873.513: [GC [PSYoungGen: 127312K->356K(125312K)] 372350K->245540K(812288K), 0.0085120 secs] [Times: user=0.06 sys=0.01, real=0.01 secs] 
2014-07-28T20:21:52.026+0000: 2874.404: [GC [PSYoungGen: 125284K->224K(123200K)] 370468K->245464K(810176K), 0.0069420 secs] [Times: user=0.04 sys=0.01, real=0.00 secs] 
2014-07-28T20:21:52.908+0000: 2875.286: [GC [PSYoungGen: 123145K->224K(121216K)] 368385K->245496K(808192K), 0.0094990 secs] [Times: user=0.05 sys=0.00, real=0.01 secs] 
2014-07-28T20:21:53.769+0000: 2876.147: [GC [PSYoungGen: 121184K->352K(119424K)] 366456K->245688K(806400K), 0.0049130 secs] [Times: user=0.03 sys=0.00, real=0.00 secs] 
2014-07-28T20:21:54.613+0000: 2876.991: [GC [PSYoungGen: 119392K->434K(117632K)] 364728K->245858K(804608K), 0.0071430 secs] [Times: user=0.05 sys=0.00, real=0.01 secs] 
2014-07-28T20:21:55.450+0000: 2877.828: [GC [PSYoungGen: 117618K->480K(115904K)] 363042K->246000K(802880K), 0.0079970 secs] [Times: user=0.05 sys=0.00, real=0.01 secs] 
2014-07-28T20:21:56.270+0000: 2878.648: [GC [PSYoungGen: 115872K->256K(113920K)] 361392K->245880K(800896K), 0.0046210 secs] [Times: user=0.03 sys=0.00, real=0.00 secs] 
2014-07-28T20:21:57.082+0000: 2879.460: [GC [PSYoungGen: 113920K->384K(112320K)] 359544K->246088K(799296K), 0.0056380 secs] [Times: user=0.03 sys=0.00, real=0.01 secs] 
2014-07-28T20:21:57.876+0000: 2880.254: [GC [PSYoungGen: 112308K->320K(110592K)] 358012K->246064K(797568K), 0.0052950 secs] [Times: user=0.03 sys=0.00, real=0.01 secs] 
2014-07-28T20:21:58.663+0000: 2881.041: [GC [PSYoungGen: 110592K->352K(109056K)] 356336K->246136K(796032K), 0.0046470 secs] [Times: user=0.03 sys=0.00, real=0.01 secs] 
2014-07-28T20:21:59.438+0000: 2881.816: [GC [PSYoungGen: 109024K->416K(107520K)] 354808K->246296K(794496K), 0.0052260 secs] [Times: user=0.03 sys=0.00, real=0.00 secs] 
2014-07-28T20:22:00.199+0000: 2882.577: [GC [PSYoungGen: 107488K->320K(105856K)] 353368K->246256K(792832K), 0.0049100 secs] [Times: user=0.02 sys=0.00, real=0.00 secs] 
2014-07-28T20:22:00.954+0000: 2883.332: [GC [PSYoungGen: 105856K->352K(104448K)] 351792K->246360K(791424K), 0.0070380 secs] [Times: user=0.05 sys=0.00, real=0.01 secs] 
2014-07-28T20:22:01.695+0000: 2884.073: [GC [PSYoungGen: 104416K->224K(102848K)] 350424K->246248K(789824K), 0.0082240 secs] [Times: user=0.05 sys=0.00, real=0.01 secs] 
2014-07-28T20:22:02.426+0000: 2884.804: [GC [PSYoungGen: 102816K->288K(101504K)] 348840K->246368K(788480K), 0.0070240 secs] [Times: user=0.05 sys=0.00, real=0.01 secs] 
2014-07-28T20:22:03.147+0000: 2885.525: [GC [PSYoungGen: 101472K->320K(100096K)] 347552K->246472K(787072K), 0.0065230 secs] [Times: user=0.04 sys=0.00, real=0.00 secs] 
2014-07-28T20:22:03.858+0000: 2886.236: [GC [PSYoungGen: 100096K->224K(98688K)] 346248K->246424K(785664K), 0.0050730 secs] [Times: user=0.02 sys=0.00, real=0.00 secs] 
2014-07-28T20:22:04.559+0000: 2886.937: [GC [PSYoungGen: 98656K->352K(97472K)] 344856K->246584K(784448K), 0.0044400 secs] [Times: user=0.03 sys=0.00, real=0.00 secs] 
2014-07-28T20:22:05.248+0000: 2887.626: [GC [PSYoungGen: 97440K->288K(96128K)] 343672K->246592K(783104K), 0.0060980 secs] [Times: user=0.04 sys=0.00, real=0.00 secs] 
2014-07-28T20:22:05.931+0000: 2888.309: [GC [PSYoungGen: 96088K->384K(94912K)] 342392K->246784K(781888K), 0.0046620 secs] [Times: user=0.03 sys=0.00, real=0.00 secs] 
2014-07-28T20:22:06.606+0000: 2888.984: [GC [PSYoungGen: 94912K->384K(93696K)] 341312K->246824K(780672K), 0.0047110 secs] [Times: user=0.03 sys=0.00, real=0.01 secs] 
2014-07-28T20:22:07.268+0000: 2889.646: [GC [PSYoungGen: 93696K->224K(92352K)] 340136K->246704K(779328K), 0.0083380 secs] [Times: user=0.05 sys=0.00, real=0.01 secs] 
2014-07-28T20:22:07.921+0000: 2890.299: [GC [PSYoungGen: 92320K->256K(91200K)] 338800K->246800K(778176K), 0.0046050 secs] [Times: user=0.02 sys=0.00, real=0.00 secs] 
2014-07-28T20:22:08.569+0000: 2890.947: [GC [PSYoungGen: 91200K->352K(90176K)] 337744K->246912K(777152K), 0.0065320 secs] [Times: user=0.03 sys=0.00, real=0.00 secs] 
2014-07-28T20:22:09.208+0000: 2891.586: [GC [PSYoungGen: 90144K->420K(89088K)] 336704K->247060K(776064K), 0.0045160 secs] [Times: user=0.02 sys=0.00, real=0.00 secs] 
2014-07-28T20:22:09.837+0000: 2892.215: [GC [PSYoungGen: 89060K->466K(88064K)] 335700K->247210K(775040K), 0.0051670 secs] [Times: user=0.03 sys=0.01, real=0.01 secs] 
2014-07-28T20:22:10.460+0000: 2892.838: [GC [PSYoungGen: 88018K->256K(86720K)] 334762K->247024K(773696K), 0.0053710 secs] [Times: user=0.03 sys=0.00, real=0.00 secs] 
2014-07-28T20:22:11.075+0000: 2893.453: [GC [PSYoungGen: 86671K->256K(85696K)] 333439K->247080K(772672K), 0.0045310 secs] [Times: user=0.02 sys=0.00, real=0.01 secs] 
2014-07-28T20:22:11.682+0000: 2894.060: [GC [PSYoungGen: 85696K->416K(84864K)] 332520K->247336K(771840K), 0.0041100 secs] [Times: user=0.03 sys=0.00, real=0.00 secs] 
2014-07-28T20:22:12.282+0000: 2894.660: [GC [PSYoungGen: 84832K->448K(83840K)] 331752K->247432K(770816K), 0.0065560 secs] [Times: user=0.04 sys=0.00, real=0.01 secs] 
2014-07-28T20:22:12.877+0000: 2895.255: [GC [PSYoungGen: 83813K->320K(82752K)] 330797K->247400K(769728K), 0.0078220 secs] [Times: user=0.05 sys=0.00, real=0.01 secs] 
2014-07-28T20:22:13.466+0000: 2895.844: [GC [PSYoungGen: 82752K->256K(99200K)] 329832K->247368K(786176K), 0.0103320 secs] [Times: user=0.06 sys=0.00, real=0.01 secs] 
2014-07-28T20:22:14.171+0000: 2896.549: [GC [PSYoungGen: 99200K->288K(119104K)] 346312K->247464K(806080K), 0.0072090 secs] [Times: user=0.04 sys=0.00, real=0.00 secs] 
2014-07-28T20:22:15.015+0000: 2897.393: [GC [PSYoungGen: 119072K->384K(117312K)] 366248K->247632K(804288K), 0.0045180 secs] [Times: user=0.03 sys=0.00, real=0.01 secs] 
2014-07-28T20:22:15.848+0000: 2898.226: [GC [PSYoungGen: 117312K->288K(115456K)] 364560K->247568K(802432K), 0.0068450 secs] [Times: user=0.04 sys=0.00, real=0.01 secs] 
2014-07-28T20:22:16.666+0000: 2899.044: [GC [PSYoungGen: 115424K->416K(113856K)] 362704K->247784K(800832K), 0.0039190 secs] [Times: user=0.02 sys=0.00, real=0.01 secs] 
2014-07-28T20:22:17.471+0000: 2899.849: [GC [PSYoungGen: 113824K->288K(112000K)] 361192K->247712K(798976K), 0.0028850 secs] [Times: user=0.02 sys=0.00, real=0.00 secs] 
2014-07-28T20:22:18.274+0000: 2900.651: [GC [PSYoungGen: 111968K->288K(110336K)] 359392K->247776K(797312K), 0.0062730 secs] [Times: user=0.04 sys=0.00, real=0.01 secs] 
2014-07-28T20:22:19.057+0000: 2901.435: [GC [PSYoungGen: 110287K->352K(108800K)] 357775K->247920K(795776K), 0.0087100 secs] [Times: user=0.05 sys=0.00, real=0.01 secs] 
2014-07-28T20:22:19.829+0000: 2902.207: [GC [PSYoungGen: 108768K->224K(107072K)] 356336K->247848K(794048K), 0.0099690 secs] [Times: user=0.07 sys=0.00, real=0.01 secs] 
2014-07-28T20:22:20.584+0000: 2902.962: [GC [PSYoungGen: 107040K->224K(105536K)] 354664K->247896K(792512K), 0.0056940 secs] [Times: user=0.03 sys=0.00, real=0.01 secs] 
2014-07-28T20:22:21.335+0000: 2903.713: [GC [PSYoungGen: 105504K->352K(104192K)] 353176K->248088K(791168K), 0.0054140 secs] [Times: user=0.04 sys=0.00, real=0.01 secs] 
2014-07-28T20:22:22.072+0000: 2904.450: [GC [PSYoungGen: 104160K->448K(102784K)] 351896K->248288K(789760K), 0.0049990 secs] [Times: user=0.03 sys=0.00, real=0.00 secs] 
2014-07-28T20:22:22.798+0000: 2905.176: [GC [PSYoungGen: 102784K->274K(101248K)] 350624K->248154K(788224K), 0.0083920 secs] [Times: user=0.05 sys=0.00, real=0.01 secs] 
2014-07-28T20:22:23.515+0000: 2905.893: [GC [PSYoungGen: 101202K->320K(99840K)] 349082K->248240K(786816K), 0.0049840 secs] [Times: user=0.03 sys=0.00, real=0.01 secs] 
2014-07-28T20:22:24.221+0000: 2906.599: [GC [PSYoungGen: 99840K->352K(98560K)] 347760K->248336K(785536K), 0.0068800 secs] [Times: user=0.05 sys=0.00, real=0.01 secs] 
2014-07-28T20:22:24.919+0000: 2907.297: [GC [PSYoungGen: 98528K->288K(97152K)] 346512K->248336K(784128K), 0.0072060 secs] [Times: user=0.04 sys=0.00, real=0.01 secs] 
2014-07-28T20:22:25.609+0000: 2907.987: [GC [PSYoungGen: 97120K->384K(95936K)] 345168K->248464K(782912K), 0.0054760 secs] [Times: user=0.04 sys=0.00, real=0.01 secs] 
2014-07-28T20:22:26.283+0000: 2908.661: [GC [PSYoungGen: 95936K->288K(94592K)] 344016K->248416K(781568K), 0.0053240 secs] [Times: user=0.04 sys=0.00, real=0.00 secs] 
2014-07-28T20:22:26.956+0000: 2909.334: [GC [PSYoungGen: 94560K->256K(93312K)] 342688K->248440K(780288K), 0.0050860 secs] [Times: user=0.03 sys=0.00, real=0.01 secs] 
2014-07-28T20:22:27.617+0000: 2909.994: [GC [PSYoungGen: 93285K->502K(92352K)] 341469K->248718K(779328K), 0.0063850 secs] [Times: user=0.05 sys=0.00, real=0.01 secs] 
2014-07-28T20:22:28.273+0000: 2910.651: [GC [PSYoungGen: 92342K->352K(91072K)] 340558K->248632K(778048K), 0.0046740 secs] [Times: user=0.02 sys=0.00, real=0.00 secs] 
2014-07-28T20:22:28.919+0000: 2911.297: [GC [PSYoungGen: 91040K->320K(89856K)] 339320K->248664K(776832K), 0.0062130 secs] [Times: user=0.03 sys=0.00, real=0.01 secs] 
2014-07-28T20:22:29.560+0000: 2911.938: [GC [PSYoungGen: 89820K->370K(88768K)] 338165K->248746K(775744K), 0.0043610 secs] [Times: user=0.03 sys=0.00, real=0.01 secs] 
2014-07-28T20:22:30.186+0000: 2912.564: [GC [PSYoungGen: 88754K->256K(87552K)] 337130K->248688K(774528K), 0.0092520 secs] [Times: user=0.07 sys=0.01, real=0.01 secs] 
2014-07-28T20:22:30.806+0000: 2913.184: [GC [PSYoungGen: 87552K->320K(86528K)] 335984K->248808K(773504K), 0.0042110 secs] [Times: user=0.03 sys=0.00, real=0.00 secs] 
2014-07-28T20:22:31.420+0000: 2913.798: [GC [PSYoungGen: 86528K->320K(85504K)] 335016K->248824K(772480K), 0.0085070 secs] [Times: user=0.06 sys=0.00, real=0.01 secs] 
2014-07-28T20:22:32.029+0000: 2914.407: [GC [PSYoungGen: 85504K->384K(84544K)] 334008K->248960K(771520K), 0.0055710 secs] [Times: user=0.02 sys=0.01, real=0.01 secs] 
2014-07-28T20:22:32.623+0000: 2915.001: [GC [PSYoungGen: 84544K->352K(83520K)] 333120K->248968K(770496K), 0.0055470 secs] [Times: user=0.04 sys=0.00, real=0.00 secs] 
2014-07-28T20:22:33.219+0000: 2915.597: [GC [PSYoungGen: 83488K->224K(100032K)] 332104K->248888K(787008K), 0.0102230 secs] [Times: user=0.07 sys=0.00, real=0.01 secs] 
2014-07-28T20:22:33.932+0000: 2916.310: [GC [PSYoungGen: 99992K->352K(120128K)] 348656K->249096K(807104K), 0.0069020 secs] [Times: user=0.04 sys=0.00, real=0.01 secs] 
2014-07-28T20:22:34.785+0000: 2917.163: [GC [PSYoungGen: 120096K->352K(144128K)] 368840K->249096K(831104K), 0.0114300 secs] [Times: user=0.08 sys=0.00, real=0.01 secs] 
2014-07-28T20:22:35.811+0000: 2918.189: [GC [PSYoungGen: 144096K->320K(141504K)] 392840K->249200K(828480K), 0.0051870 secs] [Times: user=0.04 sys=0.00, real=0.01 secs] 
2014-07-28T20:22:36.817+0000: 2919.195: [GC [PSYoungGen: 141504K->448K(139136K)] 390384K->249392K(826112K), 0.0061080 secs] [Times: user=0.04 sys=0.00, real=0.01 secs] 
2014-07-28T20:22:37.806+0000: 2920.184: [GC [PSYoungGen: 139136K->224K(136576K)] 388080K->249216K(823552K), 0.0046120 secs] [Times: user=0.03 sys=0.00, real=0.00 secs] 
2014-07-28T20:22:38.776+0000: 2921.154: [GC [PSYoungGen: 136544K->224K(134272K)] 385536K->249256K(821248K), 0.0058740 secs] [Times: user=0.02 sys=0.00, real=0.00 secs] 
2014-07-28T20:22:39.732+0000: 2922.110: [GC [PSYoungGen: 134240K->256K(132032K)] 383272K->249352K(819008K), 0.0072880 secs] [Times: user=0.04 sys=0.00, real=0.01 secs] 
2014-07-28T20:22:40.667+0000: 2923.045: [GC [PSYoungGen: 132032K->320K(129920K)] 381128K->249496K(816896K), 0.0084750 secs] [Times: user=0.06 sys=0.00, real=0.01 secs] 
2014-07-28T20:22:41.591+0000: 2923.968: [GC [PSYoungGen: 129920K->448K(127936K)] 379096K->249696K(814912K), 0.0106180 secs] [Times: user=0.04 sys=0.00, real=0.01 secs] 
2014-07-28T20:22:42.498+0000: 2924.876: [GC [PSYoungGen: 127936K->224K(125696K)] 377184K->249528K(812672K), 0.0043070 secs] [Times: user=0.02 sys=0.00, real=0.00 secs] 
2014-07-28T20:22:43.388+0000: 2925.766: [GC [PSYoungGen: 125664K->352K(123776K)] 374968K->249712K(810752K), 0.0130670 secs] [Times: user=0.08 sys=0.00, real=0.01 secs] 
2014-07-28T20:22:44.266+0000: 2926.644: [GC [PSYoungGen: 123727K->256K(121664K)] 373087K->249664K(808640K), 0.0107310 secs] [Times: user=0.07 sys=0.00, real=0.01 secs] 
2014-07-28T20:22:45.135+0000: 2927.513: [GC [PSYoungGen: 121664K->256K(119744K)] 371072K->249728K(806720K), 0.0074920 secs] [Times: user=0.04 sys=0.01, real=0.00 secs] 
2014-07-28T20:22:45.982+0000: 2928.359: [GC [PSYoungGen: 119744K->384K(118016K)] 369216K->249928K(804992K), 0.0061920 secs] [Times: user=0.04 sys=0.00, real=0.01 secs] 
2014-07-28T20:22:46.820+0000: 2929.198: [GC [PSYoungGen: 118016K->224K(141440K)] 367560K->249792K(828416K), 0.0112060 secs] [Times: user=0.07 sys=0.00, real=0.01 secs] 
2014-07-28T20:22:47.826+0000: 2930.204: [GC [PSYoungGen: 141408K->320K(169792K)] 390976K->249952K(856768K), 0.0103320 secs] [Times: user=0.07 sys=0.01, real=0.01 secs] 
2014-07-28T20:22:49.036+0000: 2931.414: [GC [PSYoungGen: 169792K->256K(166400K)] 419424K->249944K(853376K), 0.0086200 secs] [Times: user=0.06 sys=0.00, real=0.01 secs] 
2014-07-28T20:22:50.220+0000: 2932.598: [GC [PSYoungGen: 166400K->256K(163200K)] 416088K->249968K(850176K), 0.0078500 secs] [Times: user=0.04 sys=0.01, real=0.01 secs] 
2014-07-28T20:22:51.391+0000: 2933.769: [GC [PSYoungGen: 163200K->416K(160256K)] 412912K->250216K(847232K), 0.0042870 secs] [Times: user=0.02 sys=0.00, real=0.01 secs] 
2014-07-28T20:22:52.528+0000: 2934.906: [GC [PSYoungGen: 160224K->224K(157056K)] 410024K->250080K(844032K), 0.0029190 secs] [Times: user=0.01 sys=0.01, real=0.00 secs] 
2014-07-28T20:22:53.648+0000: 2936.025: [GC [PSYoungGen: 157024K->384K(154240K)] 406880K->250328K(841216K), 0.0023990 secs] [Times: user=0.01 sys=0.00, real=0.00 secs] 
2014-07-28T20:22:54.737+0000: 2937.115: [GC [PSYoungGen: 154240K->192K(151232K)] 404184K->250168K(838208K), 0.0046600 secs] [Times: user=0.01 sys=0.00, real=0.00 secs] 
2014-07-28T20:22:55.811+0000: 2938.189: [GC [PSYoungGen: 151232K->320K(148608K)] 401208K->250360K(835584K), 0.0091200 secs] [Times: user=0.06 sys=0.00, real=0.01 secs] 
2014-07-28T20:22:56.867+0000: 2939.245: [GC [PSYoungGen: 148608K->480K(146112K)] 398648K->250608K(833088K), 0.0047500 secs] [Times: user=0.02 sys=0.00, real=0.00 secs] 
2014-07-28T20:22:57.906+0000: 2940.283: [GC [PSYoungGen: 146080K->288K(143296K)] 396208K->250472K(830272K), 0.0048520 secs] [Times: user=0.03 sys=0.00, real=0.01 secs] 
2014-07-28T20:22:58.927+0000: 2941.305: [GC [PSYoungGen: 143244K->448K(140928K)] 393428K->250712K(827904K), 0.0048930 secs] [Times: user=0.03 sys=0.00, real=0.00 secs] 
2014-07-28T20:22:59.928+0000: 2942.306: [GC [PSYoungGen: 140928K->192K(138240K)] 391192K->250504K(825216K), 0.0031720 secs] [Times: user=0.02 sys=0.00, real=0.00 secs] 
2014-07-28T20:23:00.910+0000: 2943.288: [GC [PSYoungGen: 138224K->384K(136064K)] 388536K->250784K(823040K), 0.0067650 secs] [Times: user=0.04 sys=0.01, real=0.01 secs] 
2014-07-28T20:23:01.879+0000: 2944.257: [GC [PSYoungGen: 136064K->288K(133696K)] 386464K->250752K(820672K), 0.0083040 secs] [Times: user=0.05 sys=0.00, real=0.01 secs] 
2014-07-28T20:23:02.826+0000: 2945.204: [GC [PSYoungGen: 133664K->416K(131584K)] 384128K->250976K(818560K), 0.0082290 secs] [Times: user=0.05 sys=0.01, real=0.01 secs] 
2014-07-28T20:23:03.762+0000: 2946.140: [GC [PSYoungGen: 131552K->288K(129280K)] 382112K->250912K(816256K), 0.0067350 secs] [Times: user=0.04 sys=0.00, real=0.01 secs] 
2014-07-28T20:23:04.679+0000: 2947.057: [GC [PSYoungGen: 129248K->320K(127168K)] 379872K->251008K(814144K), 0.0073070 secs] [Times: user=0.05 sys=0.00, real=0.00 secs] 
2014-07-28T20:23:05.580+0000: 2947.957: [GC [PSYoungGen: 127147K->224K(125056K)] 377835K->250968K(812032K), 0.0057620 secs] [Times: user=0.03 sys=0.00, real=0.00 secs] 
2014-07-28T20:23:06.467+0000: 2948.845: [GC [PSYoungGen: 125024K->224K(123072K)] 375768K->251024K(810048K), 0.0048200 secs] [Times: user=0.03 sys=0.01, real=0.01 secs] 
2014-07-28T20:23:07.342+0000: 2949.720: [GC [PSYoungGen: 123040K->352K(121280K)] 373840K->251224K(808256K), 0.0068420 secs] [Times: user=0.04 sys=0.01, real=0.01 secs] 
2014-07-28T20:23:08.204+0000: 2950.582: [GC [PSYoungGen: 121248K->256K(119232K)] 372120K->251160K(806208K), 0.0058120 secs] [Times: user=0.02 sys=0.00, real=0.01 secs] 
2014-07-28T20:23:09.052+0000: 2951.430: [GC [PSYoungGen: 119232K->320K(117440K)] 370136K->251296K(804416K), 0.0066370 secs] [Times: user=0.03 sys=0.00, real=0.01 secs] 
2014-07-28T20:23:09.882+0000: 2952.260: [GC [PSYoungGen: 117440K->352K(115712K)] 368416K->251400K(802688K), 0.0051330 secs] [Times: user=0.03 sys=0.00, real=0.00 secs] 
2014-07-28T20:23:10.703+0000: 2953.081: [GC [PSYoungGen: 115680K->384K(113984K)] 366728K->251504K(800960K), 0.0100720 secs] [Times: user=0.07 sys=0.00, real=0.01 secs] 
2014-07-28T20:23:11.508+0000: 2953.886: [GC [PSYoungGen: 113984K->384K(112256K)] 365104K->251576K(799232K), 0.0113510 secs] [Times: user=0.07 sys=0.01, real=0.01 secs] 
2014-07-28T20:23:12.311+0000: 2954.689: [GC [PSYoungGen: 112256K->224K(110464K)] 363448K->251448K(797440K), 0.0063080 secs] [Times: user=0.03 sys=0.00, real=0.00 secs] 
2014-07-28T20:23:13.098+0000: 2955.475: [GC [PSYoungGen: 110432K->352K(108992K)] 361656K->251656K(795968K), 0.0045320 secs] [Times: user=0.02 sys=0.00, real=0.01 secs] 
2014-07-28T20:23:13.870+0000: 2956.248: [GC [PSYoungGen: 108960K->448K(107456K)] 360264K->251840K(794432K), 0.0044010 secs] [Times: user=0.02 sys=0.00, real=0.00 secs] 
2014-07-28T20:23:14.631+0000: 2957.009: [GC [PSYoungGen: 107456K->466K(105984K)] 358848K->251922K(792960K), 0.0103450 secs] [Times: user=0.07 sys=0.00, real=0.01 secs] 
2014-07-28T20:23:15.382+0000: 2957.759: [GC [PSYoungGen: 105909K->256K(104256K)] 357365K->251824K(791232K), 0.0041150 secs] [Times: user=0.02 sys=0.00, real=0.00 secs] 
2014-07-28T20:23:16.123+0000: 2958.501: [GC [PSYoungGen: 104256K->448K(102976K)] 355824K->252104K(789952K), 0.0080130 secs] [Times: user=0.05 sys=0.00, real=0.01 secs] 
2014-07-28T20:23:16.856+0000: 2959.234: [GC [PSYoungGen: 102976K->256K(101376K)] 354632K->251976K(788352K), 0.0050320 secs] [Times: user=0.03 sys=0.00, real=0.01 secs] 
2014-07-28T20:23:17.575+0000: 2959.953: [GC [PSYoungGen: 101356K->384K(100096K)] 353076K->252136K(787072K), 0.0090990 secs] [Times: user=0.06 sys=0.00, real=0.01 secs] 
2014-07-28T20:23:18.288+0000: 2960.666: [GC [PSYoungGen: 100096K->416K(98816K)] 351848K->252256K(785792K), 0.0052560 secs] [Times: user=0.04 sys=0.00, real=0.01 secs] 
2014-07-28T20:23:18.984+0000: 2961.362: [GC [PSYoungGen: 98740K->352K(97408K)] 350580K->252272K(784384K), 0.0078640 secs] [Times: user=0.05 sys=0.00, real=0.01 secs] 
2014-07-28T20:23:19.676+0000: 2962.054: [GC [PSYoungGen: 97376K->256K(116736K)] 349296K->252200K(803712K), 0.0098190 secs] [Times: user=0.07 sys=0.01, real=0.01 secs] 
2014-07-28T20:23:20.504+0000: 2962.882: [GC [PSYoungGen: 116725K->352K(140160K)] 368669K->252352K(827136K), 0.0089450 secs] [Times: user=0.03 sys=0.00, real=0.01 secs] 
2014-07-28T20:23:21.501+0000: 2963.879: [GC [PSYoungGen: 140128K->384K(137728K)] 392128K->252448K(824704K), 0.0045370 secs] [Times: user=0.02 sys=0.00, real=0.00 secs] 
2014-07-28T20:23:22.482+0000: 2964.860: [GC [PSYoungGen: 137728K->256K(135232K)] 389792K->252384K(822208K), 0.0058330 secs] [Times: user=0.03 sys=0.00, real=0.00 secs] 
2014-07-28T20:23:23.441+0000: 2965.819: [GC [PSYoungGen: 135232K->416K(133120K)] 387360K->252640K(820096K), 0.0075840 secs] [Times: user=0.05 sys=0.00, real=0.00 secs] 
2014-07-28T20:23:24.390+0000: 2966.768: [GC [PSYoungGen: 133088K->320K(130752K)] 385312K->252592K(817728K), 0.0064540 secs] [Times: user=0.03 sys=0.00, real=0.01 secs] 
2014-07-28T20:23:25.321+0000: 2967.699: [GC [PSYoungGen: 130733K->320K(128576K)] 383005K->252656K(815552K), 0.0093670 secs] [Times: user=0.05 sys=0.00, real=0.01 secs] 
2014-07-28T20:23:26.236+0000: 2968.614: [GC [PSYoungGen: 128576K->352K(126528K)] 380912K->252768K(813504K), 0.0066120 secs] [Times: user=0.04 sys=0.00, real=0.01 secs] 
2014-07-28T20:23:27.139+0000: 2969.517: [GC [PSYoungGen: 126496K->352K(124480K)] 378912K->252840K(811456K), 0.0038620 secs] [Times: user=0.02 sys=0.01, real=0.01 secs] 
2014-07-28T20:23:28.022+0000: 2970.399: [GC [PSYoungGen: 124448K->484K(122624K)] 376936K->253084K(809600K), 0.0086590 secs] [Times: user=0.05 sys=0.00, real=0.01 secs] 
2014-07-28T20:23:28.890+0000: 2971.268: [GC [PSYoungGen: 122596K->192K(120384K)] 375196K->252872K(807360K), 0.0063400 secs] [Times: user=0.04 sys=0.00, real=0.00 secs] 
2014-07-28T20:23:29.748+0000: 2972.126: [GC [PSYoungGen: 120384K->288K(118656K)] 373064K->253024K(805632K), 0.0068340 secs] [Times: user=0.04 sys=0.00, real=0.01 secs] 
2014-07-28T20:23:30.587+0000: 2972.965: [GC [PSYoungGen: 118624K->448K(116928K)] 371360K->253296K(803904K), 0.0058460 secs] [Times: user=0.03 sys=0.01, real=0.01 secs] 
2014-07-28T20:23:31.419+0000: 2973.797: [GC [PSYoungGen: 116928K->192K(114880K)] 369776K->253064K(801856K), 0.0050820 secs] [Times: user=0.02 sys=0.00, real=0.01 secs] 
2014-07-28T20:23:32.239+0000: 2974.617: [GC [PSYoungGen: 114880K->352K(113344K)] 367752K->253304K(800320K), 0.0054590 secs] [Times: user=0.03 sys=0.00, real=0.01 secs] 
2014-07-28T20:23:33.043+0000: 2975.421: [GC [PSYoungGen: 113262K->320K(111616K)] 366214K->253352K(798592K), 0.0074920 secs] [Times: user=0.05 sys=0.00, real=0.01 secs] 
2014-07-28T20:23:33.832+0000: 2976.210: [GC [PSYoungGen: 111616K->416K(110080K)] 364648K->253504K(797056K), 0.0046740 secs] [Times: user=0.03 sys=0.00, real=0.00 secs] 
2014-07-28T20:23:34.614+0000: 2976.992: [GC [PSYoungGen: 110048K->384K(108416K)] 363136K->253552K(795392K), 0.0048710 secs] [Times: user=0.03 sys=0.00, real=0.00 secs] 
2014-07-28T20:23:35.379+0000: 2977.757: [GC [PSYoungGen: 108416K->288K(106816K)] 361584K->253520K(793792K), 0.0074740 secs] [Times: user=0.04 sys=0.00, real=0.01 secs] 
2014-07-28T20:23:36.138+0000: 2978.516: [GC [PSYoungGen: 106784K->288K(105280K)] 360016K->253592K(792256K), 0.0044030 secs] [Times: user=0.02 sys=0.00, real=0.01 secs] 
2014-07-28T20:23:36.886+0000: 2979.264: [GC [PSYoungGen: 105248K->224K(103744K)] 358552K->253576K(790720K), 0.0064330 secs] [Times: user=0.04 sys=0.00, real=0.01 secs] 
2014-07-28T20:23:37.622+0000: 2980.000: [GC [PSYoungGen: 103712K->288K(102336K)] 357064K->253656K(789312K), 0.0089000 secs] [Times: user=0.05 sys=0.01, real=0.01 secs] 
2014-07-28T20:23:38.350+0000: 2980.727: [GC [PSYoungGen: 102304K->384K(100992K)] 355672K->253840K(787968K), 0.0063360 secs] [Times: user=0.04 sys=0.00, real=0.01 secs] 
2014-07-28T20:23:39.069+0000: 2981.447: [GC [PSYoungGen: 100992K->352K(121152K)] 354448K->253872K(808128K), 0.0115530 secs] [Times: user=0.08 sys=0.00, real=0.01 secs] 
2014-07-28T20:23:39.929+0000: 2982.307: [GC [PSYoungGen: 121120K->320K(119168K)] 374640K->253896K(806144K), 0.0054370 secs] [Times: user=0.03 sys=0.00, real=0.01 secs] 
2014-07-28T20:23:40.776+0000: 2983.154: [GC [PSYoungGen: 119168K->288K(117312K)] 372744K->253912K(804288K), 0.0057480 secs] [Times: user=0.03 sys=0.00, real=0.01 secs] 
2014-07-28T20:23:41.608+0000: 2983.986: [GC [PSYoungGen: 117280K->256K(115456K)] 370904K->253936K(802432K), 0.0023730 secs] [Times: user=0.02 sys=0.00, real=0.00 secs] 
2014-07-28T20:23:42.427+0000: 2984.805: [GC [PSYoungGen: 115447K->288K(113792K)] 369128K->254040K(800768K), 0.0062370 secs] [Times: user=0.04 sys=0.00, real=0.01 secs] 
2014-07-28T20:23:43.236+0000: 2985.614: [GC [PSYoungGen: 113760K->384K(112128K)] 367512K->254232K(799104K), 0.0046460 secs] [Times: user=0.02 sys=0.01, real=0.00 secs] 
2014-07-28T20:23:44.037+0000: 2986.415: [GC [PSYoungGen: 112128K->320K(110400K)] 365976K->254232K(797376K), 0.0099930 secs] [Times: user=0.06 sys=0.00, real=0.01 secs] 
2014-07-28T20:23:44.825+0000: 2987.203: [GC [PSYoungGen: 110400K->224K(108736K)] 364312K->254176K(795712K), 0.0064270 secs] [Times: user=0.04 sys=0.00, real=0.00 secs] 
2014-07-28T20:23:45.595+0000: 2987.973: [GC [PSYoungGen: 108704K->224K(107136K)] 362656K->254224K(794112K), 0.0058000 secs] [Times: user=0.02 sys=0.00, real=0.00 secs] 
2014-07-28T20:23:46.365+0000: 2988.743: [GC [PSYoungGen: 107104K->224K(105600K)] 361104K->254264K(792576K), 0.0107000 secs] [Times: user=0.07 sys=0.00, real=0.01 secs] 
2014-07-28T20:23:47.111+0000: 2989.489: [GC [PSYoungGen: 105568K->370K(104256K)] 359608K->254482K(791232K), 0.0071470 secs] [Times: user=0.03 sys=0.00, real=0.01 secs] 
2014-07-28T20:23:47.849+0000: 2990.227: [GC [PSYoungGen: 104242K->256K(102656K)] 358354K->254432K(789632K), 0.0077740 secs] [Times: user=0.05 sys=0.00, real=0.01 secs] 
2014-07-28T20:23:48.578+0000: 2990.956: [GC [PSYoungGen: 102624K->320K(101312K)] 356800K->254544K(788288K), 0.0040230 secs] [Times: user=0.03 sys=0.00, real=0.00 secs] 
2014-07-28T20:23:49.298+0000: 2991.676: [GC [PSYoungGen: 101312K->480K(100096K)] 355536K->254792K(787072K), 0.0043940 secs] [Times: user=0.03 sys=0.00, real=0.00 secs] 
2014-07-28T20:23:50.006+0000: 2992.384: [GC [PSYoungGen: 100064K->288K(98560K)] 354376K->254656K(785536K), 0.0043000 secs] [Times: user=0.02 sys=0.01, real=0.00 secs] 
2014-07-28T20:23:50.708+0000: 2993.086: [GC [PSYoungGen: 98516K->224K(118144K)] 352884K->254624K(805120K), 0.0128100 secs] [Times: user=0.08 sys=0.01, real=0.01 secs] 
2014-07-28T20:23:51.545+0000: 2993.923: [GC [PSYoungGen: 118112K->288K(116416K)] 372512K->254752K(803392K), 0.0065000 secs] [Times: user=0.04 sys=0.00, real=0.00 secs] 
2014-07-28T20:23:52.375+0000: 2994.753: [GC [PSYoungGen: 116383K->416K(114752K)] 370847K->254968K(801728K), 0.0047210 secs] [Times: user=0.03 sys=0.00, real=0.00 secs] 
2014-07-28T20:23:53.188+0000: 2995.566: [GC [PSYoungGen: 114720K->320K(112896K)] 369272K->254936K(799872K), 0.0057950 secs] [Times: user=0.04 sys=0.00, real=0.01 secs] 
2014-07-28T20:23:53.989+0000: 2996.367: [GC [PSYoungGen: 112896K->320K(111232K)] 367512K->255016K(798208K), 0.0050450 secs] [Times: user=0.04 sys=0.01, real=0.01 secs] 
2014-07-28T20:23:54.779+0000: 2997.157: [GC [PSYoungGen: 111232K->434K(109696K)] 365928K->255130K(796672K), 0.0041760 secs] [Times: user=0.02 sys=0.01, real=0.00 secs] 
2014-07-28T20:23:55.555+0000: 2997.933: [GC [PSYoungGen: 109682K->320K(107968K)] 364378K->255096K(794944K), 0.0029120 secs] [Times: user=0.01 sys=0.00, real=0.00 secs] 
2014-07-28T20:23:56.324+0000: 2998.702: [GC [PSYoungGen: 107968K->320K(106432K)] 362744K->255160K(793408K), 0.0054270 secs] [Times: user=0.03 sys=0.00, real=0.01 secs] 
2014-07-28T20:23:57.093+0000: 2999.470: [GC [PSYoungGen: 106432K->288K(104896K)] 361272K->255144K(791872K), 0.0052170 secs] [Times: user=0.02 sys=0.00, real=0.01 secs] 
2014-07-28T20:23:57.865+0000: 3000.243: [GC [PSYoungGen: 104864K->352K(103488K)] 359720K->255264K(790464K), 0.0058600 secs] [Times: user=0.04 sys=0.00, real=0.00 secs] 
2014-07-28T20:23:58.618+0000: 3000.996: [GC [PSYoungGen: 103456K->370K(102016K)] 358368K->255338K(788992K), 0.0072250 secs] [Times: user=0.05 sys=0.00, real=0.01 secs] 
2014-07-28T20:23:59.331+0000: 3001.708: [GC [PSYoungGen: 102002K->192K(100416K)] 356970K->255200K(787392K), 0.0047430 secs] [Times: user=0.01 sys=0.01, real=0.01 secs] 
2014-07-28T20:24:00.046+0000: 3002.424: [GC [PSYoungGen: 100416K->320K(99200K)] 355424K->255392K(786176K), 0.0067470 secs] [Times: user=0.03 sys=0.00, real=0.00 secs] 
2014-07-28T20:24:00.747+0000: 3003.125: [GC [PSYoungGen: 99184K->338K(97920K)] 354256K->255434K(784896K), 0.0059150 secs] [Times: user=0.03 sys=0.00, real=0.00 secs] 
2014-07-28T20:24:01.443+0000: 3003.821: [GC [PSYoungGen: 97874K->224K(96512K)] 352970K->255368K(783488K), 0.0056820 secs] [Times: user=0.03 sys=0.00, real=0.01 secs] 
2014-07-28T20:24:02.125+0000: 3004.502: [GC [PSYoungGen: 96480K->288K(95296K)] 351624K->255504K(782272K), 0.0059170 secs] [Times: user=0.04 sys=0.00, real=0.01 secs] 
2014-07-28T20:24:02.801+0000: 3005.179: [GC [PSYoungGen: 95264K->384K(94144K)] 350480K->255656K(781120K), 0.0045480 secs] [Times: user=0.02 sys=0.01, real=0.00 secs] 
2014-07-28T20:24:03.467+0000: 3005.844: [GC [PSYoungGen: 94144K->352K(92928K)] 349416K->255672K(779904K), 0.0082450 secs] [Times: user=0.04 sys=0.00, real=0.00 secs] 
2014-07-28T20:24:04.125+0000: 3006.503: [GC [PSYoungGen: 92896K->320K(91648K)] 348216K->255688K(778624K), 0.0054990 secs] [Times: user=0.03 sys=0.01, real=0.01 secs] 
2014-07-28T20:24:04.769+0000: 3007.146: [GC [PSYoungGen: 91648K->320K(90496K)] 347016K->255760K(777472K), 0.0073320 secs] [Times: user=0.05 sys=0.00, real=0.01 secs] 
2014-07-28T20:24:05.412+0000: 3007.790: [GC [PSYoungGen: 90496K->402K(89472K)] 345936K->255898K(776448K), 0.0074840 secs] [Times: user=0.05 sys=0.00, real=0.01 secs] 
2014-07-28T20:24:06.043+0000: 3008.421: [GC [PSYoungGen: 89381K->434K(88384K)] 344877K->256018K(775360K), 0.0054230 secs] [Times: user=0.04 sys=0.00, real=0.01 secs] 
2014-07-28T20:24:06.667+0000: 3009.045: [GC [PSYoungGen: 88370K->192K(105728K)] 343954K->255824K(792704K), 0.0094450 secs] [Times: user=0.06 sys=0.00, real=0.01 secs] 
2014-07-28T20:24:07.422+0000: 3009.800: [GC [PSYoungGen: 105728K->352K(127040K)] 361360K->256064K(814016K), 0.0065670 secs] [Times: user=0.04 sys=0.00, real=0.01 secs] 
2014-07-28T20:24:08.325+0000: 3010.703: [GC [PSYoungGen: 127008K->288K(152320K)] 382720K->256056K(839296K), 0.0091840 secs] [Times: user=0.05 sys=0.00, real=0.01 secs] 
2014-07-28T20:24:09.412+0000: 3011.790: [GC [PSYoungGen: 152288K->416K(149632K)] 408056K->256256K(836608K), 0.0060730 secs] [Times: user=0.04 sys=0.00, real=0.01 secs] 
2014-07-28T20:24:10.472+0000: 3012.850: [GC [PSYoungGen: 149600K->320K(146816K)] 405440K->256232K(833792K), 0.0038720 secs] [Times: user=0.02 sys=0.00, real=0.00 secs] 
2014-07-28T20:24:11.516+0000: 3013.894: [GC [PSYoungGen: 146816K->416K(144320K)] 402728K->256392K(831296K), 0.0106090 secs] [Times: user=0.07 sys=0.00, real=0.01 secs] 
2014-07-28T20:24:12.542+0000: 3014.920: [GC [PSYoungGen: 144288K->320K(141632K)] 400264K->256384K(828608K), 0.0039630 secs] [Times: user=0.03 sys=0.00, real=0.00 secs] 
2014-07-28T20:24:13.544+0000: 3015.922: [GC [PSYoungGen: 141596K->320K(139136K)] 397660K->256440K(826112K), 0.0045420 secs] [Times: user=0.02 sys=0.00, real=0.01 secs] 
2014-07-28T20:24:14.537+0000: 3016.915: [GC [PSYoungGen: 139136K->352K(136832K)] 395256K->256544K(823808K), 0.0074930 secs] [Times: user=0.03 sys=0.00, real=0.01 secs] 
2014-07-28T20:24:15.507+0000: 3017.885: [GC [PSYoungGen: 136800K->320K(134464K)] 392992K->256584K(821440K), 0.0072190 secs] [Times: user=0.05 sys=0.00, real=0.01 secs] 
2014-07-28T20:24:16.467+0000: 3018.845: [GC [PSYoungGen: 134427K->384K(132288K)] 390691K->256728K(819264K), 0.0058950 secs] [Times: user=0.04 sys=0.00, real=0.01 secs] 
2014-07-28T20:24:17.411+0000: 3019.789: [GC [PSYoungGen: 132288K->384K(130112K)] 388632K->256792K(817088K), 0.0051970 secs] [Times: user=0.03 sys=0.00, real=0.00 secs] 
2014-07-28T20:24:18.335+0000: 3020.713: [GC [PSYoungGen: 130091K->224K(127872K)] 386499K->256688K(814848K), 0.0069600 secs] [Times: user=0.04 sys=0.00, real=0.01 secs] 
2014-07-28T20:24:19.239+0000: 3021.617: [GC [PSYoungGen: 127840K->320K(125824K)] 384304K->256840K(812800K), 0.0054800 secs] [Times: user=0.03 sys=0.01, real=0.00 secs] 
2014-07-28T20:24:20.135+0000: 3022.513: [GC [PSYoungGen: 125824K->338K(123840K)] 382344K->256930K(810816K), 0.0047290 secs] [Times: user=0.03 sys=0.00, real=0.01 secs] 
2014-07-28T20:24:21.016+0000: 3023.394: [GC [PSYoungGen: 123794K->256K(121728K)] 380386K->256904K(808704K), 0.0049580 secs] [Times: user=0.03 sys=0.00, real=0.01 secs] 
2014-07-28T20:24:21.876+0000: 3024.254: [GC [PSYoungGen: 121687K->384K(119936K)] 378335K->257088K(806912K), 0.0079830 secs] [Times: user=0.05 sys=0.00, real=0.01 secs] 
2014-07-28T20:24:22.730+0000: 3025.108: [GC [PSYoungGen: 119936K->320K(118016K)] 376640K->257104K(804992K), 0.0065070 secs] [Times: user=0.04 sys=0.00, real=0.00 secs] 
2014-07-28T20:24:23.568+0000: 3025.945: [GC [PSYoungGen: 118016K->288K(116224K)] 374800K->257128K(803200K), 0.0088930 secs] [Times: user=0.06 sys=0.01, real=0.01 secs] 
2014-07-28T20:24:24.393+0000: 3026.771: [GC [PSYoungGen: 116192K->288K(114432K)] 373032K->257176K(801408K), 0.0074910 secs] [Times: user=0.05 sys=0.00, real=0.01 secs] 
2014-07-28T20:24:25.204+0000: 3027.582: [GC [PSYoungGen: 114400K->256K(112640K)] 371288K->257184K(799616K), 0.0092560 secs] [Times: user=0.05 sys=0.01, real=0.01 secs] 
2014-07-28T20:24:26.004+0000: 3028.382: [GC [PSYoungGen: 112636K->256K(110976K)] 369564K->257232K(797952K), 0.0062670 secs] [Times: user=0.04 sys=0.01, real=0.01 secs] 
2014-07-28T20:24:26.795+0000: 3029.173: [GC [PSYoungGen: 110976K->224K(109376K)] 367952K->257224K(796352K), 0.0052540 secs] [Times: user=0.03 sys=0.00, real=0.01 secs] 
2014-07-28T20:24:27.584+0000: 3029.962: [GC [PSYoungGen: 109344K->388K(107968K)] 366344K->257420K(794944K), 0.0074790 secs] [Times: user=0.04 sys=0.01, real=0.01 secs] 
2014-07-28T20:24:28.356+0000: 3030.733: [GC [PSYoungGen: 107908K->256K(106240K)] 364940K->257352K(793216K), 0.0050560 secs] [Times: user=0.04 sys=0.01, real=0.01 secs] 
2014-07-28T20:24:29.119+0000: 3031.497: [GC [PSYoungGen: 106237K->512K(104960K)] 363333K->257754K(791936K), 0.0113620 secs] [Times: user=0.06 sys=0.01, real=0.02 secs] 
2014-07-28T20:24:29.874+0000: 3032.252: [GC [PSYoungGen: 104960K->320K(103296K)] 362202K->257610K(790272K), 0.0038080 secs] [Times: user=0.02 sys=0.01, real=0.00 secs] 
2014-07-28T20:24:30.614+0000: 3032.992: [GC [PSYoungGen: 103296K->320K(101888K)] 360586K->257666K(788864K), 0.0055920 secs] [Times: user=0.04 sys=0.00, real=0.01 secs] 
2014-07-28T20:24:31.335+0000: 3033.713: [GC [PSYoungGen: 101888K->320K(100480K)] 359234K->257730K(787456K), 0.0058030 secs] [Times: user=0.04 sys=0.00, real=0.01 secs] 
2014-07-28T20:24:32.051+0000: 3034.429: [GC [PSYoungGen: 100480K->448K(99264K)] 357890K->257970K(786240K), 0.0038830 secs] [Times: user=0.02 sys=0.00, real=0.00 secs] 
2014-07-28T20:24:32.754+0000: 3035.132: [GC [PSYoungGen: 99264K->256K(97728K)] 356786K->257786K(784704K), 0.0044880 secs] [Times: user=0.03 sys=0.00, real=0.00 secs] 
2014-07-28T20:24:33.450+0000: 3035.828: [GC [PSYoungGen: 97728K->384K(96576K)] 355258K->257954K(783552K), 0.0049110 secs] [Times: user=0.03 sys=0.00, real=0.00 secs] 
2014-07-28T20:24:34.136+0000: 3036.514: [GC [PSYoungGen: 96539K->256K(95168K)] 354109K->257866K(782144K), 0.0066890 secs] [Times: user=0.04 sys=0.00, real=0.01 secs] 
2014-07-28T20:24:34.815+0000: 3037.193: [GC [PSYoungGen: 95168K->160K(93888K)] 352778K->257810K(780864K), 0.0029080 secs] [Times: user=0.02 sys=0.00, real=0.00 secs] 
2014-07-28T20:24:35.484+0000: 3037.862: [GC [PSYoungGen: 93856K->256K(92736K)] 351506K->257938K(779712K), 0.0085500 secs] [Times: user=0.06 sys=0.01, real=0.01 secs] 
2014-07-28T20:24:36.152+0000: 3038.530: [GC [PSYoungGen: 92736K->288K(91584K)] 350418K->258026K(778560K), 0.0057120 secs] [Times: user=0.03 sys=0.01, real=0.00 secs] 
2014-07-28T20:24:36.798+0000: 3039.176: [GC [PSYoungGen: 91552K->288K(90432K)] 349290K->258066K(777408K), 0.0079300 secs] [Times: user=0.05 sys=0.00, real=0.01 secs] 
2014-07-28T20:24:37.438+0000: 3039.816: [GC [PSYoungGen: 90400K->288K(89280K)] 348178K->258106K(776256K), 0.0060870 secs] [Times: user=0.04 sys=0.01, real=0.01 secs] 
2014-07-28T20:24:38.071+0000: 3040.449: [GC [PSYoungGen: 89248K->256K(88128K)] 347066K->258122K(775104K), 0.0046340 secs] [Times: user=0.03 sys=0.00, real=0.01 secs] 
2014-07-28T20:24:38.693+0000: 3041.071: [GC [PSYoungGen: 88128K->224K(87040K)] 345994K->258122K(774016K), 0.0050900 secs] [Times: user=0.02 sys=0.00, real=0.00 secs] 
2014-07-28T20:24:39.312+0000: 3041.690: [GC [PSYoungGen: 87008K->224K(85952K)] 344906K->258154K(772928K), 0.0033950 secs] [Times: user=0.02 sys=0.00, real=0.00 secs] 
2014-07-28T20:24:39.924+0000: 3042.302: [GC [PSYoungGen: 85920K->288K(84992K)] 343850K->258250K(771968K), 0.0060440 secs] [Times: user=0.02 sys=0.01, real=0.00 secs] 
2014-07-28T20:24:40.525+0000: 3042.903: [GC [PSYoungGen: 84960K->448K(84096K)] 342922K->258426K(771072K), 0.0046640 secs] [Times: user=0.03 sys=0.01, real=0.00 secs] 
2014-07-28T20:24:41.126+0000: 3043.504: [GC [PSYoungGen: 84096K->352K(83008K)] 342074K->258402K(769984K), 0.0054830 secs] [Times: user=0.03 sys=0.00, real=0.01 secs] 
2014-07-28T20:24:41.712+0000: 3044.090: [GC [PSYoungGen: 82976K->256K(81920K)] 341026K->258362K(768896K), 0.0039300 secs] [Times: user=0.02 sys=0.01, real=0.00 secs] 
2014-07-28T20:24:42.300+0000: 3044.678: [GC [PSYoungGen: 81920K->416K(81152K)] 340026K->258570K(768128K), 0.0079710 secs] [Times: user=0.05 sys=0.01, real=0.02 secs] 
2014-07-28T20:24:42.874+0000: 3045.252: [GC [PSYoungGen: 81120K->384K(80128K)] 339274K->258602K(767104K), 0.0041410 secs] [Times: user=0.02 sys=0.00, real=0.00 secs] 
2014-07-28T20:24:43.454+0000: 3045.832: [GC [PSYoungGen: 80093K->256K(79104K)] 338311K->258498K(766080K), 0.0034030 secs] [Times: user=0.01 sys=0.00, real=0.00 secs] 
2014-07-28T20:24:44.006+0000: 3046.384: [GC [PSYoungGen: 79066K->242K(78208K)] 337308K->258516K(765184K), 0.0030230 secs] [Times: user=0.02 sys=0.00, real=0.00 secs] 
2014-07-28T20:24:44.561+0000: 3046.939: [GC [PSYoungGen: 78180K->306K(77376K)] 336454K->258596K(764352K), 0.0050360 secs] [Times: user=0.03 sys=0.00, real=0.01 secs] 
2014-07-28T20:24:45.111+0000: 3047.489: [GC [PSYoungGen: 77362K->448K(76672K)] 335652K->258802K(763648K), 0.0049760 secs] [Times: user=0.03 sys=0.00, real=0.01 secs] 
2014-07-28T20:24:45.652+0000: 3048.030: [GC [PSYoungGen: 76667K->384K(75776K)] 335021K->258810K(762752K), 0.0073340 secs] [Times: user=0.04 sys=0.00, real=0.00 secs] 
2014-07-28T20:24:46.189+0000: 3048.567: [GC [PSYoungGen: 75776K->320K(74880K)] 334202K->258786K(761856K), 0.0038210 secs] [Times: user=0.02 sys=0.00, real=0.01 secs] 
2014-07-28T20:24:46.723+0000: 3049.101: [GC [PSYoungGen: 74880K->192K(73920K)] 333346K->258698K(760896K), 0.0025860 secs] [Times: user=0.02 sys=0.00, real=0.00 secs] 
2014-07-28T20:24:47.251+0000: 3049.629: [GC [PSYoungGen: 73920K->320K(73280K)] 332426K->258842K(760256K), 0.0048040 secs] [Times: user=0.03 sys=0.01, real=0.01 secs] 
2014-07-28T20:24:47.771+0000: 3050.149: [GC [PSYoungGen: 73280K->224K(72448K)] 331802K->258794K(759424K), 0.0048860 secs] [Times: user=0.03 sys=0.00, real=0.01 secs] 
2014-07-28T20:24:48.285+0000: 3050.663: [GC [PSYoungGen: 72416K->288K(71744K)] 330986K->258882K(758720K), 0.0042130 secs] [Times: user=0.03 sys=0.00, real=0.00 secs] 
2014-07-28T20:24:48.796+0000: 3051.174: [GC [PSYoungGen: 71712K->320K(86080K)] 330306K->258946K(773056K), 0.0085540 secs] [Times: user=0.04 sys=0.00, real=0.01 secs] 
2014-07-28T20:24:49.411+0000: 3051.789: [GC [PSYoungGen: 86066K->320K(85056K)] 344692K->258962K(772032K), 0.0055440 secs] [Times: user=0.03 sys=0.00, real=0.01 secs] 
2014-07-28T20:24:50.014+0000: 3052.392: [GC [PSYoungGen: 85056K->288K(102016K)] 343698K->258962K(788992K), 0.0073540 secs] [Times: user=0.04 sys=0.01, real=0.00 secs] 
2014-07-28T20:24:50.732+0000: 3053.110: [GC [PSYoungGen: 101984K->384K(100672K)] 360658K->259090K(787648K), 0.0039020 secs] [Times: user=0.02 sys=0.00, real=0.01 secs] 
2014-07-28T20:24:51.447+0000: 3053.825: [GC [PSYoungGen: 100672K->320K(99264K)] 359378K->259082K(786240K), 0.0046020 secs] [Times: user=0.02 sys=0.00, real=0.00 secs] 
2014-07-28T20:24:52.152+0000: 3054.530: [GC [PSYoungGen: 99264K->320K(97920K)] 358026K->259154K(784896K), 0.0041250 secs] [Times: user=0.02 sys=0.00, real=0.01 secs] 
2014-07-28T20:24:52.845+0000: 3055.223: [GC [PSYoungGen: 97920K->192K(96512K)] 356754K->259066K(783488K), 0.0090660 secs] [Times: user=0.06 sys=0.00, real=0.01 secs] 
2014-07-28T20:24:53.526+0000: 3055.904: [GC [PSYoungGen: 96512K->288K(95360K)] 355386K->259202K(782336K), 0.0046450 secs] [Times: user=0.03 sys=0.00, real=0.00 secs] 
2014-07-28T20:24:54.203+0000: 3056.581: [GC [PSYoungGen: 95328K->224K(94016K)] 354242K->259178K(780992K), 0.0043720 secs] [Times: user=0.02 sys=0.01, real=0.01 secs] 
2014-07-28T20:24:54.869+0000: 3057.247: [GC [PSYoungGen: 93984K->192K(92736K)] 352938K->259178K(779712K), 0.0031520 secs] [Times: user=0.01 sys=0.00, real=0.00 secs] 
2014-07-28T20:24:55.534+0000: 3057.912: [GC [PSYoungGen: 92736K->416K(91776K)] 351722K->259442K(778752K), 0.0069420 secs] [Times: user=0.04 sys=0.00, real=0.01 secs] 
2014-07-28T20:24:56.233+0000: 3058.611: [GC [PSYoungGen: 91744K->320K(90496K)] 350770K->259426K(777472K), 0.0049390 secs] [Times: user=0.39 sys=0.31, real=0.70 secs] 
2014-07-28T20:24:57.429+0000: 3059.807: [GC [PSYoungGen: 90496K->320K(89344K)] 349602K->259482K(776320K), 0.0052390 secs] [Times: user=0.03 sys=0.00, real=0.01 secs] 
2014-07-28T20:24:58.065+0000: 3060.443: [GC [PSYoungGen: 89344K->352K(88320K)] 348506K->259578K(775296K), 0.0042580 secs] [Times: user=0.03 sys=0.00, real=0.00 secs] 
2014-07-28T20:24:58.691+0000: 3061.069: [GC [PSYoungGen: 88286K->256K(87104K)] 347512K->259506K(774080K), 0.0055280 secs] [Times: user=0.03 sys=0.00, real=0.01 secs] 
2014-07-28T20:24:59.314+0000: 3061.692: [GC [PSYoungGen: 87104K->352K(86144K)] 346354K->259658K(773120K), 0.0046460 secs] [Times: user=0.03 sys=0.00, real=0.00 secs] 
2014-07-28T20:24:59.922+0000: 3062.300: [GC [PSYoungGen: 86112K->256K(84992K)] 345418K->259618K(771968K), 0.0028660 secs] [Times: user=0.02 sys=0.00, real=0.01 secs] 
2014-07-28T20:25:00.528+0000: 3062.906: [GC [PSYoungGen: 84992K->224K(83968K)] 344354K->259610K(770944K), 0.0061770 secs] [Times: user=0.04 sys=0.00, real=0.01 secs] 
2014-07-28T20:25:01.131+0000: 3063.509: [GC [PSYoungGen: 83890K->352K(83072K)] 343276K->259818K(770048K), 0.0025200 secs] [Times: user=0.01 sys=0.01, real=0.00 secs] 
2014-07-28T20:25:01.718+0000: 3064.096: [GC [PSYoungGen: 83040K->256K(81984K)] 342506K->259770K(768960K), 0.0058080 secs] [Times: user=0.04 sys=0.00, real=0.00 secs] 
2014-07-28T20:25:02.301+0000: 3064.678: [GC [PSYoungGen: 81984K->384K(81152K)] 341498K->259922K(768128K), 0.0084610 secs] [Times: user=0.04 sys=0.00, real=0.01 secs] 
2014-07-28T20:25:02.880+0000: 3065.258: [GC [PSYoungGen: 81152K->416K(80256K)] 340690K->259994K(767232K), 0.0073080 secs] [Times: user=0.03 sys=0.00, real=0.01 secs] 
2014-07-28T20:25:03.456+0000: 3065.834: [GC [PSYoungGen: 80224K->288K(96128K)] 339802K->259898K(783104K), 0.0071510 secs] [Times: user=0.03 sys=0.00, real=0.00 secs] 
2014-07-28T20:25:04.126+0000: 3066.504: [GC [PSYoungGen: 96096K->192K(94720K)] 355706K->259826K(781696K), 0.0035570 secs] [Times: user=0.01 sys=0.00, real=0.00 secs] 
2014-07-28T20:25:04.795+0000: 3067.173: [GC [PSYoungGen: 94720K->320K(93632K)] 354354K->260010K(780608K), 0.0060140 secs] [Times: user=0.04 sys=0.00, real=0.00 secs] 
2014-07-28T20:25:05.459+0000: 3067.837: [GC [PSYoungGen: 93632K->288K(92416K)] 353322K->260026K(779392K), 0.0047100 secs] [Times: user=0.03 sys=0.00, real=0.00 secs] 
2014-07-28T20:25:06.115+0000: 3068.493: [GC [PSYoungGen: 92384K->256K(91200K)] 352122K->260050K(778176K), 0.0058600 secs] [Times: user=0.04 sys=0.00, real=0.01 secs] 
2014-07-28T20:25:06.762+0000: 3069.140: [GC [PSYoungGen: 91200K->192K(109376K)] 350994K->260018K(796352K), 0.0121180 secs] [Times: user=0.07 sys=0.00, real=0.01 secs] 
2014-07-28T20:25:07.541+0000: 3069.919: [GC [PSYoungGen: 109376K->224K(107840K)] 369202K->260098K(794816K), 0.0031000 secs] [Times: user=0.01 sys=0.00, real=0.00 secs] 
2014-07-28T20:25:08.306+0000: 3070.683: [GC [PSYoungGen: 107808K->192K(106240K)] 367682K->260098K(793216K), 0.0032940 secs] [Times: user=0.02 sys=0.00, real=0.01 secs] 
2014-07-28T20:25:09.072+0000: 3071.450: [GC [PSYoungGen: 106240K->288K(104832K)] 366146K->260226K(791808K), 0.0102030 secs] [Times: user=0.05 sys=0.00, real=0.01 secs] 
2014-07-28T20:25:09.819+0000: 3072.197: [GC [PSYoungGen: 104799K->256K(103296K)] 364737K->260242K(790272K), 0.0063370 secs] [Times: user=0.04 sys=0.00, real=0.00 secs] 
2014-07-28T20:25:10.555+0000: 3072.932: [GC [PSYoungGen: 103296K->288K(101952K)] 363282K->260314K(788928K), 0.0036740 secs] [Times: user=0.02 sys=0.01, real=0.01 secs] 
2014-07-28T20:25:11.277+0000: 3073.655: [GC [PSYoungGen: 101920K->224K(100480K)] 361946K->260298K(787456K), 0.0082020 secs] [Times: user=0.04 sys=0.01, real=0.00 secs] 
2014-07-28T20:25:11.993+0000: 3074.371: [GC [PSYoungGen: 100448K->224K(99136K)] 360522K->260346K(786112K), 0.0053500 secs] [Times: user=0.03 sys=0.00, real=0.01 secs] 
2014-07-28T20:25:12.701+0000: 3075.079: [GC [PSYoungGen: 99104K->288K(97856K)] 359226K->260466K(784832K), 0.0046930 secs] [Times: user=0.03 sys=0.00, real=0.00 secs] 
2014-07-28T20:25:13.393+0000: 3075.771: [GC [PSYoungGen: 97809K->192K(96448K)] 357987K->260410K(783424K), 0.0029620 secs] [Times: user=0.02 sys=0.00, real=0.00 secs] 
2014-07-28T20:25:14.085+0000: 3076.462: [GC [PSYoungGen: 96448K->256K(95232K)] 356666K->260530K(782208K), 0.0039650 secs] [Times: user=0.02 sys=0.01, real=0.01 secs] 
2014-07-28T20:25:14.763+0000: 3077.141: [GC [PSYoungGen: 95232K->306K(114304K)] 355506K->260612K(801280K), 0.0187630 secs] [Times: user=0.11 sys=0.01, real=0.02 secs] 
2014-07-28T20:25:15.579+0000: 3077.957: [GC [PSYoungGen: 114249K->256K(137088K)] 374555K->260626K(824064K), 0.0196390 secs] [Times: user=0.07 sys=0.02, real=0.02 secs] 
2014-07-28T20:25:16.568+0000: 3078.946: [GC [PSYoungGen: 137088K->224K(164480K)] 397458K->260610K(851456K), 0.0054550 secs] [Times: user=0.24 sys=0.21, real=0.43 secs] 
2014-07-28T20:25:17.956+0000: 3080.334: [GC [PSYoungGen: 164448K->224K(197376K)] 424834K->260650K(884352K), 0.0117410 secs] [Times: user=0.07 sys=0.00, real=0.02 secs] 
2014-07-28T20:25:19.362+0000: 3081.740: [GC [PSYoungGen: 197344K->256K(193152K)] 457770K->260682K(880128K), 0.0056580 secs] [Times: user=0.03 sys=0.01, real=0.01 secs] 
2014-07-28T20:25:20.740+0000: 3083.118: [GC [PSYoungGen: 193152K->256K(189056K)] 453578K->260722K(876032K), 0.0043530 secs] [Times: user=0.03 sys=0.00, real=0.00 secs] 
2014-07-28T20:25:22.087+0000: 3084.465: [GC [PSYoungGen: 189056K->320K(185152K)] 449522K->260834K(872128K), 0.0038780 secs] [Times: user=0.02 sys=0.00, real=0.01 secs] 
2014-07-28T20:25:23.421+0000: 3085.799: [GC [PSYoungGen: 185152K->256K(181248K)] 445666K->260850K(868224K), 0.0052950 secs] [Times: user=0.03 sys=0.01, real=0.00 secs] 
2014-07-28T20:25:24.703+0000: 3087.081: [GC [PSYoungGen: 181248K->288K(177600K)] 441842K->260946K(864576K), 0.0052660 secs] [Times: user=0.03 sys=0.00, real=0.01 secs] 
2014-07-28T20:25:25.962+0000: 3088.340: [GC [PSYoungGen: 177568K->352K(174080K)] 438226K->261074K(861056K), 0.0049340 secs] [Times: user=0.03 sys=0.01, real=0.00 secs] 
2014-07-28T20:25:27.199+0000: 3089.577: [GC [PSYoungGen: 174048K->192K(170432K)] 434770K->260930K(857408K), 0.0038310 secs] [Times: user=0.01 sys=0.01, real=0.00 secs] 
2014-07-28T20:25:28.411+0000: 3090.789: [GC [PSYoungGen: 170409K->224K(167168K)] 431147K->261010K(854144K), 0.0047080 secs] [Times: user=0.03 sys=0.00, real=0.00 secs] 
2014-07-28T20:25:29.604+0000: 3091.982: [GC [PSYoungGen: 167104K->434K(164096K)] 427890K->261260K(851072K), 0.0123520 secs] [Times: user=0.05 sys=0.01, real=0.01 secs] 
2014-07-28T20:25:30.777+0000: 3093.155: [GC [PSYoungGen: 164065K->256K(160768K)] 424891K->261194K(847744K), 0.0076240 secs] [Times: user=0.04 sys=0.01, real=0.01 secs] 
2014-07-28T20:25:31.925+0000: 3094.303: [GC [PSYoungGen: 160768K->320K(157760K)] 421706K->261306K(844736K), 0.0084760 secs] [Times: user=0.05 sys=0.00, real=0.01 secs] 
2014-07-28T20:25:33.048+0000: 3095.425: [GC [PSYoungGen: 157760K->288K(154816K)] 418746K->261330K(841792K), 0.0140500 secs] [Times: user=0.08 sys=0.00, real=0.02 secs] 
2014-07-28T20:25:34.151+0000: 3096.529: [GC [PSYoungGen: 154784K->288K(151936K)] 415826K->261386K(838912K), 0.0068280 secs] [Times: user=0.04 sys=0.01, real=0.00 secs] 
2014-07-28T20:25:35.228+0000: 3097.605: [GC [PSYoungGen: 151859K->256K(149120K)] 412957K->261410K(836096K), 0.0038940 secs] [Times: user=0.02 sys=0.01, real=0.01 secs] 
2014-07-28T20:25:36.310+0000: 3098.688: [GC [PSYoungGen: 149072K->320K(146496K)] 410227K->261514K(833472K), 0.0062870 secs] [Times: user=0.03 sys=0.00, real=0.00 secs] 
2014-07-28T20:25:37.374+0000: 3099.751: [GC [PSYoungGen: 146447K->224K(143808K)] 407642K->261458K(830784K), 0.0056190 secs] [Times: user=0.01 sys=0.01, real=0.00 secs] 
2014-07-28T20:25:38.393+0000: 3100.771: [GC [PSYoungGen: 143776K->224K(141248K)] 405010K->261498K(828224K), 0.0088940 secs] [Times: user=0.05 sys=0.00, real=0.01 secs] 
2014-07-28T20:25:39.395+0000: 3101.773: [GC [PSYoungGen: 141171K->352K(138944K)] 402445K->261682K(825920K), 0.0084670 secs] [Times: user=0.05 sys=0.00, real=0.01 secs] 
2014-07-28T20:25:40.388+0000: 3102.766: [GC [PSYoungGen: 138912K->160K(136384K)] 400242K->261522K(823360K), 0.0034520 secs] [Times: user=0.02 sys=0.01, real=0.01 secs] 
2014-07-28T20:25:41.353+0000: 3103.731: [GC [PSYoungGen: 136352K->192K(134080K)] 397714K->261602K(821056K), 0.0068140 secs] [Times: user=0.03 sys=0.01, real=0.00 secs] 
2014-07-28T20:25:42.315+0000: 3104.693: [GC [PSYoungGen: 134080K->256K(131904K)] 395490K->261690K(818880K), 0.0043070 secs] [Times: user=0.02 sys=0.00, real=0.00 secs] 
2014-07-28T20:25:43.287+0000: 3105.665: [GC [PSYoungGen: 131904K->224K(129728K)] 393338K->261690K(816704K), 0.0081500 secs] [Times: user=0.04 sys=0.00, real=0.01 secs] 
2014-07-28T20:25:44.195+0000: 3106.573: [GC [PSYoungGen: 129696K->224K(127616K)] 391162K->261730K(814592K), 0.0087070 secs] [Times: user=0.04 sys=0.01, real=0.01 secs] 
2014-07-28T20:25:45.107+0000: 3107.485: [GC [PSYoungGen: 127584K->192K(125504K)] 389090K->261730K(812480K), 0.0151900 secs] [Times: user=0.07 sys=0.00, real=0.02 secs] 
2014-07-28T20:25:46.003+0000: 3108.381: [GC [PSYoungGen: 125504K->224K(123520K)] 387042K->261802K(810496K), 0.0034630 secs] [Times: user=0.01 sys=0.00, real=0.00 secs] 
2014-07-28T20:25:46.884+0000: 3109.262: [GC [PSYoungGen: 123488K->256K(121536K)] 385066K->261874K(808512K), 0.0048950 secs] [Times: user=0.02 sys=0.00, real=0.00 secs] 
2014-07-28T20:25:47.746+0000: 3110.124: [GC [PSYoungGen: 121534K->224K(119616K)] 383152K->261890K(806592K), 0.0041080 secs] [Times: user=0.03 sys=0.00, real=0.00 secs] 
2014-07-28T20:25:48.599+0000: 3110.977: [GC [PSYoungGen: 119584K->256K(117760K)] 381250K->261978K(804736K), 0.0054650 secs] [Times: user=0.03 sys=0.00, real=0.01 secs] 
2014-07-28T20:25:49.474+0000: 3111.852: [GC [PSYoungGen: 117755K->320K(116032K)] 379477K->262082K(803008K), 0.0033590 secs] [Times: user=0.02 sys=0.00, real=0.00 secs] 
2014-07-28T20:25:50.332+0000: 3112.710: [GC [PSYoungGen: 116032K->256K(114176K)] 377794K->262106K(801152K), 0.0049790 secs] [Times: user=0.26 sys=0.15, real=0.39 secs] 
2014-07-28T20:25:51.274+0000: 3113.652: [GC [PSYoungGen: 114176K->384K(112576K)] 376026K->262322K(799552K), 0.0041470 secs] [Times: user=0.03 sys=0.01, real=0.00 secs] 
2014-07-28T20:25:52.072+0000: 3114.450: [GC [PSYoungGen: 112576K->256K(110784K)] 374514K->262242K(797760K), 0.0055540 secs] [Times: user=0.03 sys=0.01, real=0.00 secs] 
2014-07-28T20:25:52.860+0000: 3115.238: [GC [PSYoungGen: 110784K->288K(109248K)] 372770K->262330K(796224K), 0.0068090 secs] [Times: user=0.03 sys=0.00, real=0.01 secs] 
2014-07-28T20:25:53.637+0000: 3116.015: [GC [PSYoungGen: 109216K->192K(107520K)] 371258K->262266K(794496K), 0.0034410 secs] [Times: user=0.02 sys=0.00, real=0.00 secs] 
2014-07-28T20:25:54.399+0000: 3116.777: [GC [PSYoungGen: 107520K->192K(105984K)] 369594K->262314K(792960K), 0.0058900 secs] [Times: user=0.04 sys=0.00, real=0.01 secs] 
2014-07-28T20:25:55.157+0000: 3117.535: [GC [PSYoungGen: 105984K->224K(104512K)] 368106K->262386K(791488K), 0.0069700 secs] [Times: user=0.04 sys=0.00, real=0.01 secs] 
2014-07-28T20:25:55.917+0000: 3118.295: [GC [PSYoungGen: 104480K->338K(103168K)] 366642K->262524K(790144K), 0.0047090 secs] [Times: user=0.02 sys=0.00, real=0.00 secs] 
2014-07-28T20:25:56.664+0000: 3119.042: [GC [PSYoungGen: 103122K->320K(101696K)] 365308K->262546K(788672K), 0.0070390 secs] [Times: user=0.03 sys=0.01, real=0.00 secs] 
2014-07-28T20:25:57.413+0000: 3119.791: [GC [PSYoungGen: 101696K->320K(100288K)] 363922K->262586K(787264K), 0.0069770 secs] [Times: user=0.04 sys=0.00, real=0.01 secs] 
2014-07-28T20:25:58.116+0000: 3120.494: [GC [PSYoungGen: 100282K->306K(98944K)] 362548K->262726K(785920K), 0.0060100 secs] [Times: user=0.04 sys=0.01, real=0.00 secs] 
2014-07-28T20:25:58.817+0000: 3121.195: [GC [PSYoungGen: 98930K->224K(97536K)] 361350K->262700K(784512K), 0.0032000 secs] [Times: user=0.01 sys=0.00, real=0.00 secs] 
2014-07-28T20:25:59.505+0000: 3121.883: [GC [PSYoungGen: 97503K->224K(96256K)] 359979K->262740K(783232K), 0.0083950 secs] [Times: user=0.04 sys=0.01, real=0.01 secs] 
2014-07-28T20:26:00.189+0000: 3122.567: [GC [PSYoungGen: 96215K->306K(95040K)] 358731K->262870K(782016K), 0.0086500 secs] [Times: user=0.05 sys=0.01, real=0.01 secs] 
2014-07-28T20:26:00.864+0000: 3123.242: [GC [PSYoungGen: 95026K->192K(93696K)] 357590K->262796K(780672K), 0.0056980 secs] [Times: user=0.04 sys=0.00, real=0.01 secs] 
2014-07-28T20:26:01.537+0000: 3123.915: [GC [PSYoungGen: 93681K->256K(92544K)] 356285K->262892K(779520K), 0.0054700 secs] [Times: user=0.04 sys=0.00, real=0.00 secs] 
2014-07-28T20:26:02.194+0000: 3124.572: [GC [PSYoungGen: 92544K->384K(91456K)] 355180K->263100K(778432K), 0.0089130 secs] [Times: user=0.05 sys=0.00, real=0.00 secs] 
2014-07-28T20:26:02.846+0000: 3125.224: [GC [PSYoungGen: 91448K->288K(109632K)] 354164K->263036K(796608K), 0.0084580 secs] [Times: user=0.05 sys=0.00, real=0.01 secs] 
2014-07-28T20:26:03.656+0000: 3126.034: [GC [PSYoungGen: 109600K->370K(108096K)] 372348K->263158K(795072K), 0.0058250 secs] [Times: user=0.02 sys=0.00, real=0.00 secs] 
2014-07-28T20:26:04.465+0000: 3126.843: [GC [PSYoungGen: 108082K->320K(106496K)] 370870K->263156K(793472K), 0.0080640 secs] [Times: user=0.05 sys=0.01, real=0.00 secs] 
2014-07-28T20:26:05.229+0000: 3127.607: [GC [PSYoungGen: 106496K->320K(104960K)] 369332K->263220K(791936K), 0.0047640 secs] [Times: user=0.02 sys=0.00, real=0.00 secs] 
2014-07-28T20:26:05.979+0000: 3128.357: [GC [PSYoungGen: 104960K->288K(103488K)] 367860K->263252K(790464K), 0.0060040 secs] [Times: user=0.05 sys=0.00, real=0.01 secs] 
2014-07-28T20:26:06.716+0000: 3129.093: [GC [PSYoungGen: 103456K->352K(102080K)] 366420K->263348K(789056K), 0.0045490 secs] [Times: user=0.03 sys=0.00, real=0.00 secs] 
2014-07-28T20:26:07.442+0000: 3129.819: [GC [PSYoungGen: 102048K->320K(100608K)] 365044K->263380K(787584K), 0.0047470 secs] [Times: user=0.02 sys=0.00, real=0.01 secs] 
2014-07-28T20:26:08.158+0000: 3130.536: [GC [PSYoungGen: 100608K->352K(99328K)] 363668K->263484K(786304K), 0.0069090 secs] [Times: user=0.05 sys=0.00, real=0.01 secs] 
2014-07-28T20:26:08.865+0000: 3131.243: [GC [PSYoungGen: 99296K->224K(97856K)] 362428K->263412K(784832K), 0.0024080 secs] [Times: user=0.01 sys=0.00, real=0.00 secs] 
2014-07-28T20:26:09.557+0000: 3131.935: [GC [PSYoungGen: 97824K->320K(96640K)] 361012K->263556K(783616K), 0.0041430 secs] [Times: user=0.03 sys=0.01, real=0.00 secs] 
2014-07-28T20:26:10.257+0000: 3132.635: [GC [PSYoungGen: 96640K->352K(95424K)] 359876K->263652K(782400K), 0.0050160 secs] [Times: user=0.03 sys=0.00, real=0.00 secs] 
2014-07-28T20:26:10.960+0000: 3133.338: [GC [PSYoungGen: 95392K->256K(94016K)] 358692K->263660K(780992K), 0.0044300 secs] [Times: user=0.03 sys=0.00, real=0.00 secs] 
2014-07-28T20:26:11.651+0000: 3134.029: [GC [PSYoungGen: 94016K->448K(92992K)] 357420K->263876K(779968K), 0.0103470 secs] [Times: user=0.43 sys=0.23, real=0.63 secs] 
2014-07-28T20:26:12.504+0000: 3134.882: [GC [PSYoungGen: 92992K->306K(91648K)] 356420K->263774K(778624K), 0.0033130 secs] [Times: user=0.01 sys=0.01, real=0.01 secs] 
2014-07-28T20:26:13.098+0000: 3135.476: [GC [PSYoungGen: 91634K->370K(90560K)] 355102K->263910K(777536K), 0.0056010 secs] [Times: user=0.03 sys=0.00, real=0.00 secs] 
2014-07-28T20:26:13.744+0000: 3136.122: [GC [PSYoungGen: 90546K->256K(89280K)] 354086K->263812K(776256K), 0.0032180 secs] [Times: user=0.01 sys=0.01, real=0.01 secs] 
2014-07-28T20:26:14.379+0000: 3136.757: [GC [PSYoungGen: 89280K->256K(88192K)] 352836K->263860K(775168K), 0.0092440 secs] [Times: user=0.04 sys=0.01, real=0.01 secs] 
2014-07-28T20:26:15.007+0000: 3137.385: [GC [PSYoungGen: 88191K->320K(87168K)] 351795K->263980K(774144K), 0.0033520 secs] [Times: user=0.02 sys=0.00, real=0.00 secs] 
2014-07-28T20:26:15.629+0000: 3138.007: [GC [PSYoungGen: 87168K->192K(85952K)] 350828K->263884K(772928K), 0.0032970 secs] [Times: user=0.02 sys=0.00, real=0.00 secs] 
2014-07-28T20:26:16.241+0000: 3138.619: [GC [PSYoungGen: 85952K->288K(85056K)] 349644K->264036K(772032K), 0.0074400 secs] [Times: user=0.04 sys=0.00, real=0.01 secs] 
2014-07-28T20:26:16.842+0000: 3139.220: [GC [PSYoungGen: 85024K->224K(83968K)] 348772K->263988K(770944K), 0.0040500 secs] [Times: user=0.02 sys=0.00, real=0.01 secs] 
2014-07-28T20:26:17.445+0000: 3139.823: [GC [PSYoungGen: 83936K->320K(100800K)] 347700K->264124K(787776K), 0.0103030 secs] [Times: user=0.06 sys=0.03, real=0.05 secs] 
2014-07-28T20:26:18.194+0000: 3140.572: [GC [PSYoungGen: 100800K->288K(99392K)] 364604K->264132K(786368K), 0.0065630 secs] [Times: user=0.03 sys=0.00, real=0.01 secs] 
2014-07-28T20:26:18.911+0000: 3141.289: [GC [PSYoungGen: 99360K->320K(119232K)] 363204K->264180K(806208K), 0.0079680 secs] [Times: user=0.03 sys=0.01, real=0.01 secs] 
2014-07-28T20:26:19.779+0000: 3142.157: [GC [PSYoungGen: 119232K->320K(117376K)] 383092K->264236K(804352K), 0.0076740 secs] [Times: user=0.04 sys=0.01, real=0.01 secs] 
2014-07-28T20:26:20.584+0000: 3142.962: [GC [PSYoungGen: 117376K->192K(115456K)] 381292K->264156K(802432K), 0.0072990 secs] [Times: user=0.05 sys=0.01, real=0.01 secs] 
2014-07-28T20:26:21.409+0000: 3143.786: [GC [PSYoungGen: 115456K->224K(113792K)] 379420K->264236K(800768K), 0.0074940 secs] [Times: user=0.04 sys=0.00, real=0.00 secs] 
2014-07-28T20:26:22.213+0000: 3144.591: [GC [PSYoungGen: 113760K->224K(112064K)] 377772K->264284K(799040K), 0.0091220 secs] [Times: user=0.05 sys=0.01, real=0.01 secs] 
2014-07-28T20:26:23.011+0000: 3145.389: [GC [PSYoungGen: 112032K->416K(110592K)] 376092K->264500K(797568K), 0.0060910 secs] [Times: user=0.03 sys=0.00, real=0.01 secs] 
2014-07-28T20:26:23.798+0000: 3146.176: [GC [PSYoungGen: 110548K->256K(108800K)] 374632K->264404K(795776K), 0.0068370 secs] [Times: user=0.04 sys=0.00, real=0.00 secs] 
2014-07-28T20:26:24.568+0000: 3146.946: [GC [PSYoungGen: 108800K->320K(107264K)] 372948K->264508K(794240K), 0.0045410 secs] [Times: user=0.01 sys=0.00, real=0.00 secs] 
2014-07-28T20:26:25.346+0000: 3147.724: [GC [PSYoungGen: 107264K->352K(105792K)] 371452K->264588K(792768K), 0.0091090 secs] [Times: user=0.05 sys=0.00, real=0.01 secs] 
2014-07-28T20:26:26.121+0000: 3148.499: [GC [PSYoungGen: 105760K->320K(104256K)] 369996K->264588K(791232K), 0.0037110 secs] [Times: user=0.02 sys=0.00, real=0.00 secs] 
2014-07-28T20:26:26.912+0000: 3149.290: [GC [PSYoungGen: 104231K->256K(102720K)] 368499K->264532K(789696K), 0.0028490 secs] [Times: user=0.01 sys=0.00, real=0.00 secs] 
2014-07-28T20:26:27.641+0000: 3150.019: [GC [PSYoungGen: 102720K->320K(101376K)] 366996K->264652K(788352K), 0.0102090 secs] [Times: user=0.07 sys=0.00, real=0.01 secs] 
2014-07-28T20:26:28.363+0000: 3150.741: [GC [PSYoungGen: 101376K->192K(99840K)] 365708K->264572K(786816K), 0.0036970 secs] [Times: user=0.03 sys=0.00, real=0.00 secs] 
2014-07-28T20:26:29.074+0000: 3151.452: [GC [PSYoungGen: 99825K->448K(98752K)] 364205K->264908K(785728K), 0.0075470 secs] [Times: user=0.05 sys=0.01, real=0.01 secs] 
2014-07-28T20:26:29.780+0000: 3152.158: [GC [PSYoungGen: 98752K->320K(97280K)] 363212K->264820K(784256K), 0.0049460 secs] [Times: user=0.03 sys=0.01, real=0.00 secs] 
2014-07-28T20:26:30.469+0000: 3152.847: [GC [PSYoungGen: 97246K->192K(95872K)] 361746K->264732K(782848K), 0.0073990 secs] [Times: user=0.05 sys=0.00, real=0.00 secs] 
2014-07-28T20:26:31.150+0000: 3153.527: [GC [PSYoungGen: 95842K->288K(94720K)] 360382K->264892K(781696K), 0.0058850 secs] [Times: user=0.04 sys=0.01, real=0.00 secs] 
2014-07-28T20:26:31.820+0000: 3154.198: [GC [PSYoungGen: 94688K->192K(93376K)] 359292K->264812K(780352K), 0.0093460 secs] [Times: user=0.06 sys=0.00, real=0.01 secs] 
2014-07-28T20:26:32.493+0000: 3154.871: [GC [PSYoungGen: 93376K->256K(92224K)] 357996K->264900K(779200K), 0.0048490 secs] [Times: user=0.02 sys=0.01, real=0.00 secs] 
2014-07-28T20:26:33.178+0000: 3155.555: [GC [PSYoungGen: 92185K->370K(110784K)] 356829K->265038K(797760K), 0.0130870 secs] [Times: user=0.07 sys=0.01, real=0.02 secs] 
2014-07-28T20:26:33.995+0000: 3156.373: [GC [PSYoungGen: 110736K->320K(132800K)] 375404K->265004K(819776K), 0.0091380 secs] [Times: user=0.05 sys=0.00, real=0.01 secs] 
2014-07-28T20:26:34.928+0000: 3157.306: [GC [PSYoungGen: 132776K->160K(159168K)] 397460K->264876K(846144K), 0.0111630 secs] [Times: user=0.07 sys=0.00, real=0.02 secs] 
2014-07-28T20:26:36.061+0000: 3158.439: [GC [PSYoungGen: 159136K->352K(191168K)] 423852K->265124K(878144K), 0.0132050 secs] [Times: user=0.08 sys=0.02, real=0.01 secs] 
2014-07-28T20:26:37.423+0000: 3159.801: [GC [PSYoungGen: 191136K->224K(187008K)] 455908K->265004K(873984K), 0.0032950 secs] [Times: user=0.02 sys=0.01, real=0.00 secs] 
2014-07-28T20:26:38.758+0000: 3161.136: [GC [PSYoungGen: 186976K->224K(183104K)] 451756K->265044K(870080K), 0.0030730 secs] [Times: user=0.02 sys=0.00, real=0.01 secs] 
2014-07-28T20:26:40.076+0000: 3162.454: [GC [PSYoungGen: 183072K->352K(179456K)] 447892K->265204K(866432K), 0.0134920 secs] [Times: user=0.06 sys=0.01, real=0.02 secs] 
2014-07-28T20:26:41.408+0000: 3163.786: [GC [PSYoungGen: 179424K->416K(175872K)] 444276K->265284K(862848K), 0.0072570 secs] [Times: user=0.04 sys=0.00, real=0.01 secs] 
2014-07-28T20:26:42.674+0000: 3165.052: [GC [PSYoungGen: 175839K->352K(172288K)] 440707K->265276K(859264K), 0.0057840 secs] [Times: user=0.03 sys=0.00, real=0.00 secs] 
2014-07-28T20:26:43.899+0000: 3166.277: [GC [PSYoungGen: 172256K->256K(168768K)] 437180K->265252K(855744K), 0.0071290 secs] [Times: user=0.03 sys=0.01, real=0.01 secs] 
2014-07-28T20:26:45.101+0000: 3167.479: [GC [PSYoungGen: 168768K->192K(165376K)] 433764K->265228K(852352K), 0.0031540 secs] [Times: user=0.02 sys=0.01, real=0.00 secs] 
2014-07-28T20:26:46.282+0000: 3168.660: [GC [PSYoungGen: 165333K->192K(162176K)] 430369K->265260K(849152K), 0.0046900 secs] [Times: user=0.01 sys=0.00, real=0.00 secs] 
2014-07-28T20:26:47.456+0000: 3169.833: [GC [PSYoungGen: 162133K->224K(159168K)] 427201K->265308K(846144K), 0.0049830 secs] [Times: user=0.90 sys=0.67, real=1.58 secs] 
2014-07-28T20:26:49.917+0000: 3172.295: [GC [PSYoungGen: 159136K->192K(156096K)] 424220K->265300K(843072K), 0.0049460 secs] [Times: user=0.02 sys=0.00, real=0.01 secs] 
2014-07-28T20:26:51.028+0000: 3173.405: [GC [PSYoungGen: 156096K->224K(153280K)] 421204K->265372K(840256K), 0.0137500 secs] [Times: user=0.07 sys=0.01, real=0.02 secs] 
2014-07-28T20:26:52.123+0000: 3174.501: [GC [PSYoungGen: 153248K->192K(150400K)] 418396K->265340K(837376K), 0.0030970 secs] [Times: user=0.01 sys=0.00, real=0.00 secs] 
2014-07-28T20:26:53.191+0000: 3175.569: [GC [PSYoungGen: 150400K->224K(147712K)] 415548K->265420K(834688K), 0.0031920 secs] [Times: user=0.01 sys=0.01, real=0.00 secs] 
2014-07-28T20:26:54.256+0000: 3176.634: [GC [PSYoungGen: 147680K->288K(145152K)] 412876K->265516K(832128K), 0.0046520 secs] [Times: user=0.02 sys=0.01, real=0.00 secs] 
2014-07-28T20:26:55.312+0000: 3177.690: [GC [PSYoungGen: 145120K->256K(142528K)] 410348K->265508K(829504K), 0.0050150 secs] [Times: user=0.02 sys=0.00, real=0.00 secs] 
2014-07-28T20:26:56.353+0000: 3178.731: [GC [PSYoungGen: 142528K->256K(140032K)] 407780K->265548K(827008K), 0.0059760 secs] [Times: user=0.04 sys=0.00, real=0.00 secs] 
2014-07-28T20:26:57.352+0000: 3179.729: [GC [PSYoungGen: 140032K->274K(137664K)] 405324K->265622K(824640K), 0.0038810 secs] [Times: user=0.01 sys=0.01, real=0.01 secs] 
2014-07-28T20:26:58.330+0000: 3180.708: [GC [PSYoungGen: 137618K->256K(135232K)] 402966K->265660K(822208K), 0.0033410 secs] [Times: user=0.02 sys=0.00, real=0.01 secs] 
2014-07-28T20:26:59.292+0000: 3181.670: [GC [PSYoungGen: 135232K->384K(133056K)] 400636K->265844K(820032K), 0.0061010 secs] [Times: user=0.04 sys=0.00, real=0.00 secs] 
2014-07-28T20:27:00.240+0000: 3182.618: [GC [PSYoungGen: 133056K->192K(130624K)] 398516K->265676K(817600K), 0.0038760 secs] [Times: user=0.02 sys=0.00, real=0.01 secs] 
2014-07-28T20:27:01.185+0000: 3183.563: [GC [PSYoungGen: 130624K->288K(128576K)] 396108K->265812K(815552K), 0.0049030 secs] [Times: user=0.02 sys=0.00, real=0.00 secs] 
2014-07-28T20:27:02.138+0000: 3184.516: [GC [PSYoungGen: 128544K->434K(126592K)] 394068K->266006K(813568K), 0.0129100 secs] [Times: user=0.06 sys=0.00, real=0.01 secs] 
2014-07-28T20:27:03.059+0000: 3185.437: [GC [PSYoungGen: 126578K->224K(124352K)] 392150K->265844K(811328K), 0.0082500 secs] [Times: user=0.04 sys=0.00, real=0.01 secs] 
2014-07-28T20:27:03.940+0000: 3186.318: [GC [PSYoungGen: 124320K->288K(122432K)] 389940K->265948K(809408K), 0.0152180 secs] [Times: user=0.09 sys=0.01, real=0.02 secs] 
2014-07-28T20:27:04.815+0000: 3187.192: [GC [PSYoungGen: 122400K->320K(120512K)] 388060K->266020K(807488K), 0.0049390 secs] [Times: user=0.02 sys=0.00, real=0.00 secs] 
2014-07-28T20:27:05.670+0000: 3188.048: [GC [PSYoungGen: 120492K->384K(118720K)] 386192K->266156K(805696K), 0.0061520 secs] [Times: user=0.03 sys=0.00, real=0.01 secs] 
2014-07-28T20:27:06.511+0000: 3188.889: [GC [PSYoungGen: 118720K->256K(142272K)] 384492K->266060K(829248K), 0.0186950 secs] [Times: user=0.10 sys=0.01, real=0.02 secs] 
2014-07-28T20:27:07.524+0000: 3189.902: [GC [PSYoungGen: 142272K->192K(170624K)] 408076K->266036K(857600K), 0.0115860 secs] [Times: user=0.07 sys=0.00, real=0.02 secs] 
2014-07-28T20:27:08.776+0000: 3191.154: [GC [PSYoungGen: 170624K->384K(167424K)] 436468K->266292K(854400K), 0.0065400 secs] [Times: user=0.04 sys=0.00, real=0.00 secs] 
2014-07-28T20:27:09.977+0000: 3192.354: [GC [PSYoungGen: 167424K->224K(164032K)] 433332K->266156K(851008K), 0.0097660 secs] [Times: user=0.06 sys=0.00, real=0.01 secs] 
2014-07-28T20:27:11.143+0000: 3193.521: [GC [PSYoungGen: 164000K->288K(160960K)] 429932K->266228K(847936K), 0.0081000 secs] [Times: user=0.05 sys=0.01, real=0.01 secs] 
2014-07-28T20:27:12.291+0000: 3194.669: [GC [PSYoungGen: 160928K->160K(157760K)] 426868K->266124K(844736K), 0.0045750 secs] [Times: user=0.02 sys=0.00, real=0.01 secs] 
2014-07-28T20:27:13.420+0000: 3195.798: [GC [PSYoungGen: 157728K->320K(154944K)] 423692K->266340K(841920K), 0.0056520 secs] [Times: user=0.03 sys=0.00, real=0.01 secs] 
2014-07-28T20:27:14.534+0000: 3196.912: [GC [PSYoungGen: 154935K->448K(152192K)] 420955K->266500K(839168K), 0.0134050 secs] [Times: user=0.07 sys=0.01, real=0.02 secs] 
2014-07-28T20:27:15.672+0000: 3198.050: [GC [PSYoungGen: 152192K->416K(149440K)] 418244K->266524K(836416K), 0.0063740 secs] [Times: user=0.19 sys=0.16, real=0.25 secs] 
2014-07-28T20:27:16.850+0000: 3199.228: [GC [PSYoungGen: 149408K->192K(146496K)] 415516K->266380K(833472K), 0.0069910 secs] [Times: user=0.04 sys=0.00, real=0.01 secs] 
2014-07-28T20:27:17.895+0000: 3200.273: [GC [PSYoungGen: 146493K->256K(143936K)] 412681K->266484K(830912K), 0.0096430 secs] [Times: user=0.06 sys=0.00, real=0.00 secs] 
2014-07-28T20:27:18.921+0000: 3201.299: [GC [PSYoungGen: 143936K->384K(141504K)] 410164K->266708K(828480K), 0.0043680 secs] [Times: user=0.03 sys=0.00, real=0.01 secs] 
2014-07-28T20:27:19.927+0000: 3202.305: [GC [PSYoungGen: 141482K->352K(139008K)] 407806K->266764K(825984K), 0.0047730 secs] [Times: user=0.03 sys=0.00, real=0.00 secs] 
2014-07-28T20:27:20.917+0000: 3203.295: [GC [PSYoungGen: 138976K->320K(136576K)] 405388K->266780K(823552K), 0.0071090 secs] [Times: user=0.04 sys=0.00, real=0.00 secs] 
2014-07-28T20:27:21.892+0000: 3204.270: [GC [PSYoungGen: 136576K->320K(134272K)] 403036K->266828K(821248K), 0.0078220 secs] [Times: user=0.04 sys=0.00, real=0.01 secs] 
2014-07-28T20:27:22.842+0000: 3205.220: [GC [PSYoungGen: 134272K->288K(132032K)] 400780K->266836K(819008K), 0.0043940 secs] [Times: user=0.02 sys=0.00, real=0.01 secs] 
2014-07-28T20:27:23.784+0000: 3206.162: [GC [PSYoungGen: 132000K->256K(129792K)] 398548K->266868K(816768K), 0.0026850 secs] [Times: user=0.02 sys=0.01, real=0.01 secs] 
2014-07-28T20:27:24.711+0000: 3207.089: [GC [PSYoungGen: 129792K->320K(127744K)] 396404K->267004K(814720K), 0.0044610 secs] [Times: user=0.03 sys=0.00, real=0.00 secs] 
2014-07-28T20:27:25.617+0000: 3207.994: [GC [PSYoungGen: 127724K->256K(125632K)] 394408K->266988K(812608K), 0.0054510 secs] [Times: user=0.03 sys=0.00, real=0.00 secs] 
2014-07-28T20:27:26.506+0000: 3208.884: [GC [PSYoungGen: 125616K->320K(123648K)] 392348K->267092K(810624K), 0.0104330 secs] [Times: user=0.06 sys=0.01, real=0.01 secs] 
2014-07-28T20:27:27.395+0000: 3209.772: [GC [PSYoungGen: 123644K->224K(121600K)] 390416K->267044K(808576K), 0.0050040 secs] [Times: user=0.03 sys=0.00, real=0.01 secs] 
2014-07-28T20:27:28.269+0000: 3210.647: [GC [PSYoungGen: 121568K->338K(119808K)] 388388K->267230K(806784K), 0.0065170 secs] [Times: user=0.05 sys=0.00, real=0.00 secs] 
2014-07-28T20:27:29.154+0000: 3211.532: [GC [PSYoungGen: 119762K->288K(117888K)] 386654K->267204K(804864K), 0.0059590 secs] [Times: user=0.02 sys=0.01, real=0.01 secs] 
2014-07-28T20:27:29.984+0000: 3212.362: [GC [PSYoungGen: 117850K->256K(116032K)] 384766K->267204K(803008K), 0.0062980 secs] [Times: user=0.03 sys=0.00, real=0.01 secs] 
2014-07-28T20:27:30.806+0000: 3213.184: [GC [PSYoungGen: 116032K->224K(114240K)] 382980K->267196K(801216K), 0.0074490 secs] [Times: user=0.04 sys=0.00, real=0.01 secs] 
2014-07-28T20:27:31.615+0000: 3213.993: [GC [PSYoungGen: 114208K->192K(112448K)] 381180K->267204K(799424K), 0.0068480 secs] [Times: user=0.04 sys=0.00, real=0.01 secs] 
2014-07-28T20:27:32.417+0000: 3214.794: [GC [PSYoungGen: 112448K->256K(110848K)] 379460K->267316K(797824K), 0.0061220 secs] [Times: user=0.03 sys=0.00, real=0.01 secs] 
2014-07-28T20:27:33.204+0000: 3215.582: [GC [PSYoungGen: 110848K->320K(109312K)] 377908K->267428K(796288K), 0.0051790 secs] [Times: user=0.03 sys=0.00, real=0.01 secs] 
2014-07-28T20:27:33.985+0000: 3216.363: [GC [PSYoungGen: 109312K->384K(107776K)] 376420K->267572K(794752K), 0.0041500 secs] [Times: user=0.03 sys=0.00, real=0.01 secs] 
2014-07-28T20:27:34.769+0000: 3217.147: [GC [PSYoungGen: 107776K->224K(106112K)] 374964K->267420K(793088K), 0.0157120 secs] [Times: user=0.09 sys=0.01, real=0.01 secs] 
2014-07-28T20:27:35.561+0000: 3217.939: [GC [PSYoungGen: 106080K->256K(104576K)] 373276K->267476K(791552K), 0.0038760 secs] [Times: user=0.02 sys=0.00, real=0.00 secs] 
2014-07-28T20:27:36.333+0000: 3218.711: [GC [PSYoungGen: 104576K->288K(103168K)] 371796K->267524K(790144K), 0.0058010 secs] [Times: user=0.02 sys=0.00, real=0.01 secs] 
2014-07-28T20:27:37.041+0000: 3219.419: [GC [PSYoungGen: 103136K->256K(101696K)] 370372K->267556K(788672K), 0.0051880 secs] [Times: user=0.04 sys=0.00, real=0.00 secs] 
2014-07-28T20:27:37.763+0000: 3220.141: [GC [PSYoungGen: 101696K->256K(100288K)] 368996K->267572K(787264K), 0.0052770 secs] [Times: user=0.03 sys=0.00, real=0.01 secs] 
2014-07-28T20:27:38.479+0000: 3220.857: [GC [PSYoungGen: 100288K->288K(99008K)] 367604K->267668K(785984K), 0.0105120 secs] [Times: user=0.07 sys=0.01, real=0.01 secs] 
2014-07-28T20:27:39.182+0000: 3221.560: [GC [PSYoungGen: 98976K->224K(118720K)] 366356K->267644K(805696K), 0.0096920 secs] [Times: user=0.05 sys=0.00, real=0.01 secs] 
2014-07-28T20:27:40.028+0000: 3222.405: [GC [PSYoungGen: 118688K->256K(116864K)] 386108K->267732K(803840K), 0.0044630 secs] [Times: user=0.02 sys=0.01, real=0.01 secs] 
2014-07-28T20:27:40.859+0000: 3223.237: [GC [PSYoungGen: 116864K->274K(115136K)] 384340K->267766K(802112K), 0.0070930 secs] [Times: user=0.04 sys=0.01, real=0.00 secs] 
2014-07-28T20:27:41.704+0000: 3224.082: [GC [PSYoungGen: 115090K->370K(113472K)] 382582K->267902K(800448K), 0.0065800 secs] [Times: user=0.04 sys=0.01, real=0.01 secs] 
2014-07-28T20:27:42.586+0000: 3224.964: [GC [PSYoungGen: 113458K->128K(111552K)] 380990K->267876K(798528K), 0.0114140 secs] [Times: user=0.53 sys=0.37, real=0.86 secs] 
2014-07-28T20:27:43.831+0000: 3226.209: [GC [PSYoungGen: 111552K->438K(110208K)] 379300K->268298K(797184K), 0.0054860 secs] [Times: user=0.03 sys=0.00, real=0.00 secs] 
2014-07-28T20:27:44.560+0000: 3226.938: [GC [PSYoungGen: 110198K->384K(108544K)] 378058K->268456K(795520K), 0.0031030 secs] [Times: user=0.02 sys=0.00, real=0.00 secs] 
2014-07-28T20:27:45.333+0000: 3227.711: [GC [PSYoungGen: 108544K->288K(106944K)] 376616K->268416K(793920K), 0.0025810 secs] [Times: user=0.02 sys=0.00, real=0.00 secs] 
2014-07-28T20:27:46.092+0000: 3228.470: [GC [PSYoungGen: 106912K->256K(105344K)] 375040K->268408K(792320K), 0.0066810 secs] [Times: user=0.04 sys=0.00, real=0.00 secs] 
2014-07-28T20:27:46.838+0000: 3229.216: [GC [PSYoungGen: 105344K->352K(104000K)] 373496K->268560K(790976K), 0.0059390 secs] [Times: user=0.03 sys=0.00, real=0.01 secs] 
2014-07-28T20:27:47.576+0000: 3229.953: [GC [PSYoungGen: 103968K->288K(102464K)] 372176K->268568K(789440K), 0.0066500 secs] [Times: user=0.04 sys=0.01, real=0.01 secs] 
2014-07-28T20:27:48.303+0000: 3230.681: [GC [PSYoungGen: 102432K->288K(101056K)] 370712K->268632K(788032K), 0.0054360 secs] [Times: user=0.03 sys=0.01, real=0.00 secs] 
2014-07-28T20:27:49.044+0000: 3231.422: [GC [PSYoungGen: 101024K->288K(99648K)] 369368K->268648K(786624K), 0.0121820 secs] [Times: user=0.06 sys=0.01, real=0.01 secs] 
2014-07-28T20:27:49.771+0000: 3232.149: [GC [PSYoungGen: 99616K->306K(119552K)] 367976K->268690K(806528K), 0.0179680 secs] [Times: user=0.10 sys=0.01, real=0.01 secs] 
2014-07-28T20:27:50.638+0000: 3233.016: [GC [PSYoungGen: 119538K->256K(143360K)] 387922K->268696K(830336K), 0.0051610 secs] [Times: user=0.03 sys=0.00, real=0.01 secs] 
2014-07-28T20:27:51.671+0000: 3234.049: [GC [PSYoungGen: 143360K->192K(171968K)] 411800K->268672K(858944K), 0.0080910 secs] [Times: user=0.04 sys=0.01, real=0.00 secs] 
2014-07-28T20:27:52.893+0000: 3235.271: [GC [PSYoungGen: 171953K->256K(168640K)] 440433K->268784K(855616K), 0.0072340 secs] [Times: user=0.05 sys=0.00, real=0.00 secs] 
2014-07-28T20:27:54.097+0000: 3236.475: [GC [PSYoungGen: 168623K->256K(165376K)] 437151K->268832K(852352K), 0.0064050 secs] [Times: user=0.04 sys=0.00, real=0.01 secs] 
2014-07-28T20:27:55.274+0000: 3237.652: [GC [PSYoungGen: 165376K->192K(162112K)] 433952K->268800K(849088K), 0.0101100 secs] [Times: user=0.05 sys=0.01, real=0.01 secs] 
2014-07-28T20:27:56.462+0000: 3238.840: [GC [PSYoungGen: 162112K->448K(159296K)] 430720K->269072K(846272K), 0.0114850 secs] [Times: user=0.06 sys=0.01, real=0.01 secs] 
2014-07-28T20:27:57.671+0000: 3240.048: [GC [PSYoungGen: 159296K->320K(156160K)] 427920K->269000K(843136K), 0.0136710 secs] [Times: user=0.07 sys=0.01, real=0.02 secs] 
2014-07-28T20:27:58.801+0000: 3241.179: [GC [PSYoungGen: 156131K->256K(153216K)] 424811K->268984K(840192K), 0.0060180 secs] [Times: user=0.03 sys=0.01, real=0.00 secs] 
2014-07-28T20:27:59.906+0000: 3242.284: [GC [PSYoungGen: 153216K->320K(150464K)] 421944K->269088K(837440K), 0.0046650 secs] [Times: user=0.02 sys=0.01, real=0.00 secs] 
2014-07-28T20:28:00.967+0000: 3243.345: [GC [PSYoungGen: 150464K->192K(147584K)] 419232K->268984K(834560K), 0.0185590 secs] [Times: user=0.13 sys=0.01, real=0.02 secs] 
2014-07-28T20:28:02.018+0000: 3244.396: [GC [PSYoungGen: 147584K->320K(145088K)] 416376K->269160K(832064K), 0.0060810 secs] [Times: user=0.04 sys=0.00, real=0.01 secs] 
2014-07-28T20:28:03.054+0000: 3245.432: [GC [PSYoungGen: 145088K->224K(142464K)] 413928K->269120K(829440K), 0.0025290 secs] [Times: user=0.02 sys=0.00, real=0.00 secs] 
2014-07-28T20:28:04.145+0000: 3246.523: [GC [PSYoungGen: 142432K->320K(140032K)] 411328K->269256K(827008K), 0.0033870 secs] [Times: user=0.02 sys=0.00, real=0.00 secs] 
2014-07-28T20:28:05.225+0000: 3247.603: [GC [PSYoungGen: 139986K->352K(137664K)] 408922K->269328K(824640K), 0.0033540 secs] [Times: user=0.02 sys=0.00, real=0.00 secs] 
2014-07-28T20:28:06.166+0000: 3248.544: [GC [PSYoungGen: 137631K->224K(135168K)] 406607K->269248K(822144K), 0.0029410 secs] [Times: user=0.02 sys=0.00, real=0.00 secs] 
2014-07-28T20:28:07.126+0000: 3249.504: [GC [PSYoungGen: 135136K->160K(132800K)] 404160K->269224K(819776K), 0.0029520 secs] [Times: user=0.01 sys=0.01, real=0.00 secs] 
2014-07-28T20:28:08.074+0000: 3250.452: [GC [PSYoungGen: 132768K->256K(130624K)] 401832K->269376K(817600K), 0.0043170 secs] [Times: user=0.02 sys=0.00, real=0.00 secs] 
2014-07-28T20:28:09.005+0000: 3251.383: [GC [PSYoungGen: 130593K->256K(128448K)] 399713K->269440K(815424K), 0.0045390 secs] [Times: user=0.03 sys=0.00, real=0.00 secs] 
2014-07-28T20:28:09.922+0000: 3252.300: [GC [PSYoungGen: 128448K->288K(126400K)] 397632K->269536K(813376K), 0.0060630 secs] [Times: user=0.03 sys=0.00, real=0.01 secs] 
2014-07-28T20:28:10.865+0000: 3253.243: [GC [PSYoungGen: 126354K->352K(124416K)] 395602K->269640K(811392K), 0.0037040 secs] [Times: user=0.02 sys=0.00, real=0.00 secs] 
2014-07-28T20:28:11.824+0000: 3254.201: [GC [PSYoungGen: 124384K->256K(122304K)] 393672K->269568K(809280K), 0.0041790 secs] [Times: user=0.01 sys=0.00, real=0.00 secs] 
2014-07-28T20:28:12.764+0000: 3255.142: [GC [PSYoungGen: 122304K->288K(120448K)] 391616K->269656K(807424K), 0.0034590 secs] [Times: user=0.01 sys=0.01, real=0.01 secs] 
2014-07-28T20:28:13.628+0000: 3256.006: [GC [PSYoungGen: 120416K->288K(118592K)] 389784K->269720K(805568K), 0.0067260 secs] [Times: user=0.04 sys=0.01, real=0.01 secs] 
2014-07-28T20:28:14.474+0000: 3256.851: [GC [PSYoungGen: 118560K->288K(116736K)] 387992K->269776K(803712K), 0.0066260 secs] [Times: user=0.04 sys=0.00, real=0.01 secs] 
2014-07-28T20:28:15.307+0000: 3257.685: [GC [PSYoungGen: 116704K->320K(114944K)] 386192K->269880K(801920K), 0.0072350 secs] [Times: user=0.05 sys=0.01, real=0.01 secs] 
2014-07-28T20:28:16.125+0000: 3258.503: [GC [PSYoungGen: 114944K->160K(113088K)] 384504K->269752K(800064K), 0.0098900 secs] [Times: user=0.06 sys=0.01, real=0.01 secs] 
2014-07-28T20:28:16.933+0000: 3259.311: [GC [PSYoungGen: 113056K->448K(111680K)] 382648K->270112K(798656K), 0.0064270 secs] [Times: user=0.04 sys=0.00, real=0.01 secs] 
2014-07-28T20:28:17.730+0000: 3260.108: [GC [PSYoungGen: 111680K->288K(109888K)] 381344K->270024K(796864K), 0.0051720 secs] [Times: user=0.03 sys=0.00, real=0.01 secs] 
2014-07-28T20:28:18.545+0000: 3260.923: [GC [PSYoungGen: 109856K->320K(108288K)] 379592K->270088K(795264K), 0.0101240 secs] [Times: user=0.06 sys=0.00, real=0.01 secs] 
2014-07-28T20:28:19.381+0000: 3261.759: [GC [PSYoungGen: 108288K->288K(106752K)] 378056K->270072K(793728K), 0.0048540 secs] [Times: user=0.39 sys=0.34, real=0.73 secs] 
2014-07-28T20:28:20.541+0000: 3262.919: [GC [PSYoungGen: 106718K->288K(128064K)] 376502K->270072K(815040K), 0.0100230 secs] [Times: user=0.06 sys=0.00, real=0.01 secs] 
2014-07-28T20:28:21.454+0000: 3263.832: [GC [PSYoungGen: 128032K->192K(125824K)] 397816K->270024K(812800K), 0.0055430 secs] [Times: user=0.03 sys=0.00, real=0.01 secs] 
2014-07-28T20:28:22.356+0000: 3264.734: [GC [PSYoungGen: 125824K->288K(123904K)] 395656K->270160K(810880K), 0.0029790 secs] [Times: user=0.02 sys=0.00, real=0.00 secs] 
2014-07-28T20:28:23.260+0000: 3265.638: [GC [PSYoungGen: 123872K->288K(121920K)] 393744K->270224K(808896K), 0.0033580 secs] [Times: user=0.01 sys=0.01, real=0.00 secs] 
2014-07-28T20:28:24.131+0000: 3266.509: [GC [PSYoungGen: 121888K->256K(119936K)] 391824K->270232K(806912K), 0.0033830 secs] [Times: user=0.02 sys=0.00, real=0.00 secs] 
2014-07-28T20:28:24.982+0000: 3267.360: [GC [PSYoungGen: 119892K->224K(118080K)] 389868K->270240K(805056K), 0.0031040 secs] [Times: user=0.01 sys=0.01, real=0.01 secs] 
2014-07-28T20:28:25.822+0000: 3268.200: [GC [PSYoungGen: 118048K->192K(116224K)] 388064K->270224K(803200K), 0.0044070 secs] [Times: user=0.02 sys=0.00, real=0.01 secs] 
2014-07-28T20:28:26.653+0000: 3269.031: [GC [PSYoungGen: 116216K->352K(114624K)] 386248K->270456K(801600K), 0.0060810 secs] [Times: user=0.03 sys=0.00, real=0.01 secs] 
2014-07-28T20:28:27.468+0000: 3269.846: [GC [PSYoungGen: 114549K->384K(112896K)] 384653K->270584K(799872K), 0.0075670 secs] [Times: user=0.05 sys=0.00, real=0.01 secs] 
2014-07-28T20:28:28.266+0000: 3270.644: [GC [PSYoungGen: 112846K->448K(111296K)] 383046K->270744K(798272K), 0.0057580 secs] [Times: user=0.04 sys=0.00, real=0.00 secs] 
2014-07-28T20:28:29.058+0000: 3271.436: [GC [PSYoungGen: 111259K->256K(109440K)] 381555K->270608K(796416K), 0.0050390 secs] [Times: user=0.03 sys=0.00, real=0.00 secs] 
2014-07-28T20:28:29.836+0000: 3272.214: [GC [PSYoungGen: 109440K->338K(107968K)] 379792K->270714K(794944K), 0.0072790 secs] [Times: user=0.05 sys=0.00, real=0.00 secs] 
2014-07-28T20:28:30.599+0000: 3272.977: [GC [PSYoungGen: 107922K->274K(106368K)] 378298K->270698K(793344K), 0.0098250 secs] [Times: user=0.06 sys=0.00, real=0.01 secs] 
2014-07-28T20:28:31.359+0000: 3273.736: [GC [PSYoungGen: 106322K->448K(104960K)] 376746K->270976K(791936K), 0.0053730 secs] [Times: user=0.03 sys=0.00, real=0.00 secs] 
2014-07-28T20:28:32.105+0000: 3274.483: [GC [PSYoungGen: 104960K->256K(103296K)] 375488K->270840K(790272K), 0.0097740 secs] [Times: user=0.07 sys=0.00, real=0.01 secs] 
2014-07-28T20:28:32.839+0000: 3275.217: [GC [PSYoungGen: 103296K->416K(102080K)] 373880K->271040K(789056K), 0.0047790 secs] [Times: user=0.02 sys=0.00, real=0.00 secs] 
2014-07-28T20:28:33.563+0000: 3275.941: [GC [PSYoungGen: 102011K->352K(100608K)] 372635K->271032K(787584K), 0.0038240 secs] [Times: user=0.02 sys=0.00, real=0.01 secs] 
2014-07-28T20:28:34.276+0000: 3276.654: [GC [PSYoungGen: 100576K->384K(99264K)] 371256K->271136K(786240K), 0.0055610 secs] [Times: user=0.03 sys=0.01, real=0.01 secs] 
2014-07-28T20:28:34.978+0000: 3277.356: [GC [PSYoungGen: 99264K->288K(97856K)] 370016K->271104K(784832K), 0.0053260 secs] [Times: user=0.03 sys=0.00, real=0.00 secs] 
2014-07-28T20:28:35.677+0000: 3278.055: [GC [PSYoungGen: 97824K->402K(96704K)] 368640K->271226K(783680K), 0.0060670 secs] [Times: user=0.03 sys=0.01, real=0.00 secs] 
2014-07-28T20:28:36.362+0000: 3278.740: [GC [PSYoungGen: 96658K->320K(95296K)] 367482K->271200K(782272K), 0.0049540 secs] [Times: user=0.03 sys=0.00, real=0.01 secs] 
2014-07-28T20:28:37.039+0000: 3279.417: [GC [PSYoungGen: 95296K->352K(94144K)] 366176K->271312K(781120K), 0.0110080 secs] [Times: user=0.08 sys=0.00, real=0.01 secs] 
2014-07-28T20:28:37.708+0000: 3280.086: [GC [PSYoungGen: 94112K->288K(112832K)] 365072K->271272K(799808K), 0.0073350 secs] [Times: user=0.05 sys=0.00, real=0.00 secs] 
2014-07-28T20:28:38.513+0000: 3280.890: [GC [PSYoungGen: 112800K->320K(135360K)] 383784K->271352K(822336K), 0.0133920 secs] [Times: user=0.09 sys=0.00, real=0.01 secs] 
2014-07-28T20:28:39.474+0000: 3281.852: [GC [PSYoungGen: 135360K->320K(162368K)] 406392K->271416K(849344K), 0.0081170 secs] [Times: user=0.06 sys=0.00, real=0.01 secs] 
2014-07-28T20:28:40.633+0000: 3283.011: [GC [PSYoungGen: 162368K->384K(159360K)] 433464K->271560K(846336K), 0.0063900 secs] [Times: user=0.04 sys=0.01, real=0.01 secs] 
2014-07-28T20:28:41.771+0000: 3284.149: [GC [PSYoungGen: 159360K->256K(156224K)] 430536K->271480K(843200K), 0.0047170 secs] [Times: user=0.03 sys=0.00, real=0.00 secs] 
2014-07-28T20:28:42.885+0000: 3285.263: [GC [PSYoungGen: 156224K->288K(153408K)] 427448K->271576K(840384K), 0.0098020 secs] [Times: user=0.07 sys=0.00, real=0.01 secs] 
2014-07-28T20:28:43.981+0000: 3286.359: [GC [PSYoungGen: 153376K->416K(150720K)] 424664K->271792K(837696K), 0.0115660 secs] [Times: user=0.09 sys=0.00, real=0.01 secs] 
2014-07-28T20:28:45.057+0000: 3287.435: [GC [PSYoungGen: 150688K->288K(147840K)] 422064K->271728K(834816K), 0.0066570 secs] [Times: user=0.04 sys=0.00, real=0.01 secs] 
2014-07-28T20:28:46.114+0000: 3288.492: [GC [PSYoungGen: 147808K->320K(145216K)] 419248K->271816K(832192K), 0.0084170 secs] [Times: user=0.05 sys=0.00, real=0.01 secs] 
2014-07-28T20:28:47.150+0000: 3289.528: [GC [PSYoungGen: 145208K->416K(142784K)] 416704K->271912K(829760K), 0.0066250 secs] [Times: user=0.04 sys=0.00, real=0.00 secs] 
2014-07-28T20:28:48.162+0000: 3290.540: [GC [PSYoungGen: 142752K->320K(140160K)] 414248K->271928K(827136K), 0.0065000 secs] [Times: user=0.04 sys=0.00, real=0.00 secs] 
2014-07-28T20:28:49.153+0000: 3291.531: [GC [PSYoungGen: 140160K->306K(137728K)] 411768K->271970K(824704K), 0.0074640 secs] [Times: user=0.05 sys=0.00, real=0.01 secs] 
2014-07-28T20:28:50.134+0000: 3292.512: [GC [PSYoungGen: 137714K->320K(135360K)] 409378K->272048K(822336K), 0.0054840 secs] [Times: user=0.03 sys=0.01, real=0.01 secs] 
2014-07-28T20:28:51.097+0000: 3293.475: [GC [PSYoungGen: 135360K->352K(133120K)] 407088K->272152K(820096K), 0.0074710 secs] [Times: user=0.05 sys=0.00, real=0.01 secs] 
2014-07-28T20:28:52.042+0000: 3294.420: [GC [PSYoungGen: 133088K->256K(130752K)] 404888K->272072K(817728K), 0.0062030 secs] [Times: user=0.04 sys=0.00, real=0.00 secs] 
2014-07-28T20:28:52.971+0000: 3295.349: [GC [PSYoungGen: 130752K->352K(128704K)] 402568K->272216K(815680K), 0.0058210 secs] [Times: user=0.02 sys=0.00, real=0.00 secs] 
2014-07-28T20:28:53.891+0000: 3296.269: [GC [PSYoungGen: 128672K->416K(126656K)] 400536K->272352K(813632K), 0.0077250 secs] [Times: user=0.05 sys=0.00, real=0.00 secs] 
2014-07-28T20:28:54.790+0000: 3297.168: [GC [PSYoungGen: 126624K->288K(124480K)] 398560K->272280K(811456K), 0.0079740 secs] [Times: user=0.05 sys=0.00, real=0.01 secs] 
2014-07-28T20:28:55.673+0000: 3298.051: [GC [PSYoungGen: 124432K->320K(122496K)] 396424K->272376K(809472K), 0.0044920 secs] [Times: user=0.02 sys=0.00, real=0.00 secs] 
2014-07-28T20:28:56.546+0000: 3298.923: [GC [PSYoungGen: 122496K->384K(120640K)] 394552K->272528K(807616K), 0.0064130 secs] [Times: user=0.04 sys=0.00, real=0.01 secs] 
2014-07-28T20:28:57.400+0000: 3299.778: [GC [PSYoungGen: 120640K->384K(118784K)] 392784K->272584K(805760K), 0.0036770 secs] [Times: user=0.02 sys=0.00, real=0.00 secs] 
2014-07-28T20:28:58.245+0000: 3300.623: [GC [PSYoungGen: 118743K->288K(116864K)] 390943K->272528K(803840K), 0.0095140 secs] [Times: user=0.06 sys=0.00, real=0.01 secs] 
2014-07-28T20:28:59.078+0000: 3301.456: [GC [PSYoungGen: 116832K->288K(115072K)] 389072K->272592K(802048K), 0.0072850 secs] [Times: user=0.05 sys=0.00, real=0.01 secs] 
2014-07-28T20:28:59.897+0000: 3302.275: [GC [PSYoungGen: 115040K->352K(113408K)] 387344K->272656K(800384K), 0.0071740 secs] [Times: user=0.05 sys=0.00, real=0.01 secs] 
2014-07-28T20:29:00.704+0000: 3303.082: [GC [PSYoungGen: 113376K->384K(111744K)] 385680K->272776K(798720K), 0.0072660 secs] [Times: user=0.05 sys=0.00, real=0.01 secs] 
2014-07-28T20:29:01.498+0000: 3303.876: [GC [PSYoungGen: 111744K->224K(109952K)] 384136K->272664K(796928K), 0.0058110 secs] [Times: user=0.02 sys=0.00, real=0.01 secs] 
2014-07-28T20:29:02.274+0000: 3304.652: [GC [PSYoungGen: 109920K->448K(108544K)] 382360K->272984K(795520K), 0.0049360 secs] [Times: user=0.03 sys=0.00, real=0.00 secs] 
2014-07-28T20:29:03.044+0000: 3305.422: [GC [PSYoungGen: 108544K->448K(107008K)] 381080K->273056K(793984K), 0.0071540 secs] [Times: user=0.04 sys=0.00, real=0.01 secs] 
2014-07-28T20:29:03.806+0000: 3306.184: [GC [PSYoungGen: 107008K->320K(105344K)] 379616K->273000K(792320K), 0.0063300 secs] [Times: user=0.04 sys=0.00, real=0.01 secs] 
2014-07-28T20:29:04.556+0000: 3306.934: [GC [PSYoungGen: 105344K->352K(103936K)] 378024K->273096K(790912K), 0.0044710 secs] [Times: user=0.03 sys=0.00, real=0.00 secs] 
2014-07-28T20:29:05.298+0000: 3307.676: [GC [PSYoungGen: 103904K->256K(102336K)] 376648K->273056K(789312K), 0.0112590 secs] [Times: user=0.07 sys=0.00, real=0.01 secs] 
2014-07-28T20:29:06.032+0000: 3308.410: [GC [PSYoungGen: 102336K->352K(122880K)] 375136K->273216K(809856K), 0.0110330 secs] [Times: user=0.07 sys=0.00, real=0.02 secs] 
2014-07-28T20:29:06.907+0000: 3309.285: [GC [PSYoungGen: 122848K->352K(147392K)] 395712K->273216K(834368K), 0.0087410 secs] [Times: user=0.05 sys=0.00, real=0.01 secs] 
2014-07-28T20:29:07.958+0000: 3310.336: [GC [PSYoungGen: 147360K->256K(176704K)] 420224K->273184K(863680K), 0.0113150 secs] [Times: user=0.08 sys=0.00, real=0.01 secs] 
2014-07-28T20:29:09.213+0000: 3311.591: [GC [PSYoungGen: 176704K->384K(173248K)] 449632K->273312K(860224K), 0.0044310 secs] [Times: user=0.03 sys=0.00, real=0.00 secs] 
2014-07-28T20:29:10.450+0000: 3312.828: [GC [PSYoungGen: 173248K->416K(169856K)] 446176K->273424K(856832K), 0.0067540 secs] [Times: user=0.04 sys=0.00, real=0.01 secs] 
2014-07-28T20:29:11.659+0000: 3314.037: [GC [PSYoungGen: 169824K->352K(166464K)] 442832K->273424K(853440K), 0.0098160 secs] [Times: user=0.07 sys=0.00, real=0.01 secs] 
2014-07-28T20:29:12.840+0000: 3315.218: [GC [PSYoungGen: 166432K->338K(163264K)] 439504K->273474K(850240K), 0.0104080 secs] [Times: user=0.07 sys=0.00, real=0.01 secs] 
2014-07-28T20:29:14.003+0000: 3316.381: [GC [PSYoungGen: 163218K->320K(160064K)] 436354K->273528K(847040K), 0.0060040 secs] [Times: user=0.04 sys=0.00, real=0.00 secs] 
2014-07-28T20:29:15.146+0000: 3317.524: [GC [PSYoungGen: 160064K->256K(156992K)] 433272K->273488K(843968K), 0.0063060 secs] [Times: user=0.03 sys=0.00, real=0.00 secs] 
2014-07-28T20:29:16.268+0000: 3318.646: [GC [PSYoungGen: 156992K->288K(154112K)] 430224K->273584K(841088K), 0.0072080 secs] [Times: user=0.04 sys=0.00, real=0.01 secs] 
2014-07-28T20:29:17.371+0000: 3319.749: [GC [PSYoungGen: 154080K->320K(151296K)] 427376K->273688K(838272K), 0.0067950 secs] [Times: user=0.04 sys=0.00, real=0.01 secs] 
2014-07-28T20:29:18.452+0000: 3320.829: [GC [PSYoungGen: 151296K->320K(148544K)] 424664K->273744K(835520K), 0.0064960 secs] [Times: user=0.04 sys=0.00, real=0.01 secs] 
2014-07-28T20:29:19.506+0000: 3321.884: [GC [PSYoungGen: 148544K->288K(145856K)] 421968K->273760K(832832K), 0.0182810 secs] [Times: user=0.12 sys=0.00, real=0.02 secs] 
2014-07-28T20:29:20.548+0000: 3322.926: [GC [PSYoungGen: 145824K->224K(143168K)] 419296K->273736K(830144K), 0.0082490 secs] [Times: user=0.05 sys=0.01, real=0.01 secs] 
2014-07-28T20:29:21.571+0000: 3323.949: [GC [PSYoungGen: 143136K->416K(140864K)] 416648K->273992K(827840K), 0.0056150 secs] [Times: user=0.03 sys=0.00, real=0.01 secs] 
2014-07-28T20:29:22.571+0000: 3324.949: [GC [PSYoungGen: 140832K->384K(138368K)] 414408K->274032K(825344K), 0.0073400 secs] [Times: user=0.05 sys=0.01, real=0.01 secs] 
2014-07-28T20:29:23.562+0000: 3325.940: [GC [PSYoungGen: 138368K->192K(135808K)] 412016K->273880K(822784K), 0.0062950 secs] [Times: user=0.05 sys=0.00, real=0.01 secs] 
2014-07-28T20:29:24.526+0000: 3326.904: [GC [PSYoungGen: 135794K->288K(133632K)] 409482K->274040K(820608K), 0.0048640 secs] [Times: user=0.02 sys=0.00, real=0.00 secs] 
2014-07-28T20:29:25.481+0000: 3327.859: [GC [PSYoungGen: 133600K->416K(131520K)] 407352K->274232K(818496K), 0.0045900 secs] [Times: user=0.03 sys=0.00, real=0.01 secs] 
2014-07-28T20:29:26.419+0000: 3328.797: [GC [PSYoungGen: 131488K->288K(129216K)] 405304K->274160K(816192K), 0.0080480 secs] [Times: user=0.05 sys=0.00, real=0.01 secs] 
2014-07-28T20:29:27.338+0000: 3329.716: [GC [PSYoungGen: 129184K->448K(127232K)] 403056K->274384K(814208K), 0.0064590 secs] [Times: user=0.04 sys=0.00, real=0.00 secs] 
2014-07-28T20:29:28.241+0000: 3330.619: [GC [PSYoungGen: 127232K->320K(125056K)] 401168K->274312K(812032K), 0.0042390 secs] [Times: user=0.02 sys=0.00, real=0.01 secs] 
2014-07-28T20:29:29.131+0000: 3331.509: [GC [PSYoungGen: 125056K->256K(123008K)] 399048K->274312K(809984K), 0.0077550 secs] [Times: user=0.05 sys=0.00, real=0.01 secs] 
2014-07-28T20:29:30.008+0000: 3332.385: [GC [PSYoungGen: 123008K->448K(121280K)] 397064K->274552K(808256K), 0.0053670 secs] [Times: user=0.03 sys=0.00, real=0.00 secs] 
2014-07-28T20:29:30.869+0000: 3333.247: [GC [PSYoungGen: 121280K->224K(119168K)] 395384K->274376K(806144K), 0.0083220 secs] [Times: user=0.05 sys=0.00, real=0.01 secs] 
2014-07-28T20:29:31.719+0000: 3334.097: [GC [PSYoungGen: 119136K->352K(117440K)] 393288K->274584K(804416K), 0.0041570 secs] [Times: user=0.02 sys=0.01, real=0.00 secs] 
2014-07-28T20:29:32.576+0000: 3334.954: [GC [PSYoungGen: 117408K->512K(115776K)] 391640K->274832K(802752K), 0.0071300 secs] [Times: user=0.05 sys=0.00, real=0.01 secs] 
2014-07-28T20:29:33.375+0000: 3335.753: [GC [PSYoungGen: 115727K->306K(113856K)] 390047K->274682K(800832K), 0.0076760 secs] [Times: user=0.05 sys=0.00, real=0.01 secs] 
2014-07-28T20:29:34.187+0000: 3336.565: [GC [PSYoungGen: 113817K->320K(112128K)] 388193K->274776K(799104K), 0.0042370 secs] [Times: user=0.02 sys=0.00, real=0.00 secs] 
2014-07-28T20:29:34.983+0000: 3337.361: [GC [PSYoungGen: 112128K->320K(110464K)] 386584K->274848K(797440K), 0.0060620 secs] [Times: user=0.04 sys=0.00, real=0.01 secs] 
2014-07-28T20:29:35.771+0000: 3338.149: [GC [PSYoungGen: 110463K->320K(108864K)] 384991K->274864K(795840K), 0.0069480 secs] [Times: user=0.04 sys=0.00, real=0.01 secs] 
2014-07-28T20:29:36.543+0000: 3338.920: [GC [PSYoungGen: 108864K->306K(107264K)] 383408K->274890K(794240K), 0.0053370 secs] [Times: user=0.04 sys=0.00, real=0.01 secs] 
2014-07-28T20:29:37.309+0000: 3339.687: [GC [PSYoungGen: 107250K->480K(105920K)] 381834K->275120K(792896K), 0.0065390 secs] [Times: user=0.04 sys=0.00, real=0.00 secs] 
2014-07-28T20:29:38.055+0000: 3340.433: [GC [PSYoungGen: 105888K->256K(104192K)] 380528K->275016K(791168K), 0.0059410 secs] [Times: user=0.04 sys=0.00, real=0.01 secs] 
2014-07-28T20:29:38.796+0000: 3341.174: [GC [PSYoungGen: 104192K->256K(102720K)] 378952K->275048K(789696K), 0.0049180 secs] [Times: user=0.03 sys=0.00, real=0.01 secs] 
2014-07-28T20:29:39.525+0000: 3341.903: [GC [PSYoungGen: 102720K->288K(101376K)] 377512K->275136K(788352K), 0.0103370 secs] [Times: user=0.07 sys=0.00, real=0.01 secs] 
2014-07-28T20:29:40.248+0000: 3342.626: [GC [PSYoungGen: 101344K->434K(100096K)] 376192K->275354K(787072K), 0.0053770 secs] [Times: user=0.03 sys=0.00, real=0.00 secs] 
2014-07-28T20:29:40.960+0000: 3343.338: [GC [PSYoungGen: 100082K->416K(98752K)] 375002K->275432K(785728K), 0.0047450 secs] [Times: user=0.03 sys=0.00, real=0.00 secs] 
2014-07-28T20:29:41.661+0000: 3344.039: [GC [PSYoungGen: 98720K->352K(97344K)] 373736K->275376K(784320K), 0.0053130 secs] [Times: user=0.04 sys=0.00, real=0.00 secs] 
2014-07-28T20:29:42.349+0000: 3344.727: [GC [PSYoungGen: 97312K->192K(95872K)] 372336K->275256K(782848K), 0.0028330 secs] [Times: user=0.01 sys=0.00, real=0.00 secs] 
2014-07-28T20:29:43.031+0000: 3345.409: [GC [PSYoungGen: 95872K->256K(94656K)] 370936K->275384K(781632K), 0.0058970 secs] [Times: user=0.04 sys=0.00, real=0.01 secs] 
2014-07-28T20:29:43.705+0000: 3346.082: [GC [PSYoungGen: 94650K->352K(93568K)] 369778K->275488K(780544K), 0.0050430 secs] [Times: user=0.03 sys=0.00, real=0.01 secs] 
2014-07-28T20:29:44.374+0000: 3346.751: [GC [PSYoungGen: 93536K->448K(92416K)] 368672K->275648K(779392K), 0.0074190 secs] [Times: user=0.04 sys=0.01, real=0.01 secs] 
2014-07-28T20:29:45.023+0000: 3347.400: [GC [PSYoungGen: 92416K->352K(91200K)] 367616K->275632K(778176K), 0.0046300 secs] [Times: user=0.03 sys=0.00, real=0.00 secs] 
2014-07-28T20:29:45.670+0000: 3348.048: [GC [PSYoungGen: 91168K->416K(90112K)] 366448K->275720K(777088K), 0.0064800 secs] [Times: user=0.04 sys=0.00, real=0.00 secs] 
2014-07-28T20:29:46.308+0000: 3348.686: [GC [PSYoungGen: 90080K->384K(88896K)] 365384K->275784K(775872K), 0.0038580 secs] [Times: user=0.02 sys=0.00, real=0.00 secs] 
2014-07-28T20:29:46.941+0000: 3349.319: [GC [PSYoungGen: 88896K->384K(87808K)] 364296K->275864K(774784K), 0.0054820 secs] [Times: user=0.03 sys=0.00, real=0.00 secs] 
2014-07-28T20:29:47.561+0000: 3349.939: [GC [PSYoungGen: 87808K->338K(86720K)] 363288K->275842K(773696K), 0.0091350 secs] [Times: user=0.05 sys=0.00, real=0.01 secs] 
2014-07-28T20:29:48.174+0000: 3350.552: [GC [PSYoungGen: 86674K->352K(85696K)] 362178K->275936K(772672K), 0.0038030 secs] [Times: user=0.02 sys=0.01, real=0.01 secs] 
2014-07-28T20:29:48.782+0000: 3351.160: [GC [PSYoungGen: 85664K->224K(84544K)] 361248K->275848K(771520K), 0.0031160 secs] [Times: user=0.01 sys=0.00, real=0.00 secs] 
2014-07-28T20:29:49.383+0000: 3351.761: [GC [PSYoungGen: 84512K->256K(83520K)] 360136K->275888K(770496K), 0.0062910 secs] [Times: user=0.04 sys=0.01, real=0.01 secs] 
2014-07-28T20:29:49.979+0000: 3352.357: [GC [PSYoungGen: 83520K->352K(82688K)] 359152K->276056K(769664K), 0.0075310 secs] [Times: user=0.05 sys=0.01, real=0.00 secs] 
2014-07-28T20:29:50.569+0000: 3352.947: [GC [PSYoungGen: 82656K->288K(81664K)] 358360K->276000K(768640K), 0.0044950 secs] [Times: user=0.03 sys=0.00, real=0.00 secs] 
2014-07-28T20:29:51.147+0000: 3353.525: [GC [PSYoungGen: 81632K->288K(80704K)] 357344K->276056K(767680K), 0.0072910 secs] [Times: user=0.04 sys=0.00, real=0.01 secs] 
2014-07-28T20:29:51.722+0000: 3354.100: [GC [PSYoungGen: 80672K->448K(79936K)] 356440K->276280K(766912K), 0.0028270 secs] [Times: user=0.01 sys=0.00, real=0.00 secs] 
2014-07-28T20:29:52.287+0000: 3354.665: [GC [PSYoungGen: 79936K->256K(78848K)] 355768K->276144K(765824K), 0.0027290 secs] [Times: user=0.01 sys=0.00, real=0.01 secs] 
2014-07-28T20:29:52.846+0000: 3355.224: [GC [PSYoungGen: 78848K->352K(78080K)] 354736K->276296K(765056K), 0.0050360 secs] [Times: user=0.02 sys=0.00, real=0.01 secs] 
2014-07-28T20:29:53.400+0000: 3355.778: [GC [PSYoungGen: 78048K->288K(77120K)] 353992K->276256K(764096K), 0.0035220 secs] [Times: user=0.02 sys=0.00, real=0.00 secs] 
2014-07-28T20:29:53.949+0000: 3356.327: [GC [PSYoungGen: 77061K->288K(76288K)] 353029K->276320K(763264K), 0.0052520 secs] [Times: user=0.03 sys=0.01, real=0.00 secs] 
2014-07-28T20:29:54.493+0000: 3356.871: [GC [PSYoungGen: 76256K->192K(75328K)] 352288K->276264K(762304K), 0.0027580 secs] [Times: user=0.02 sys=0.00, real=0.00 secs] 
2014-07-28T20:29:55.028+0000: 3357.406: [GC [PSYoungGen: 75328K->256K(74560K)] 351400K->276384K(761536K), 0.0045640 secs] [Times: user=0.03 sys=0.00, real=0.01 secs] 
2014-07-28T20:29:55.561+0000: 3357.939: [GC [PSYoungGen: 74521K->320K(73856K)] 350649K->276448K(760832K), 0.0060750 secs] [Times: user=0.04 sys=0.01, real=0.00 secs] 
2014-07-28T20:29:56.085+0000: 3358.463: [GC [PSYoungGen: 73856K->256K(73024K)] 349984K->276448K(760000K), 0.0022090 secs] [Times: user=0.01 sys=0.00, real=0.00 secs] 
2014-07-28T20:29:56.600+0000: 3358.978: [GC [PSYoungGen: 73024K->320K(72320K)] 349216K->276520K(759296K), 0.0049620 secs] [Times: user=0.03 sys=0.00, real=0.00 secs] 
2014-07-28T20:29:57.117+0000: 3359.495: [GC [PSYoungGen: 72320K->256K(71488K)] 348520K->276520K(758464K), 0.0026120 secs] [Times: user=0.02 sys=0.00, real=0.01 secs] 
2014-07-28T20:29:57.627+0000: 3360.005: [GC [PSYoungGen: 71488K->288K(70784K)] 347752K->276584K(757760K), 0.0039220 secs] [Times: user=0.02 sys=0.01, real=0.01 secs] 
2014-07-28T20:29:58.129+0000: 3360.507: [GC [PSYoungGen: 70738K->224K(70016K)] 347034K->276576K(756992K), 0.0078680 secs] [Times: user=0.05 sys=0.01, real=0.01 secs] 
2014-07-28T20:29:58.628+0000: 3361.006: [GC [PSYoungGen: 69984K->256K(69312K)] 346336K->276624K(756288K), 0.0048890 secs] [Times: user=0.03 sys=0.00, real=0.01 secs] 
2014-07-28T20:29:59.116+0000: 3361.494: [GC [PSYoungGen: 69269K->384K(83264K)] 345637K->276832K(770240K), 0.0081850 secs] [Times: user=0.05 sys=0.00, real=0.01 secs] 
2014-07-28T20:29:59.703+0000: 3362.081: [GC [PSYoungGen: 83264K->288K(99776K)] 359712K->276744K(786752K), 0.0061180 secs] [Times: user=0.04 sys=0.00, real=0.00 secs] 
2014-07-28T20:30:00.413+0000: 3362.791: [GC [PSYoungGen: 99744K->384K(119744K)] 376200K->276904K(806720K), 0.0071740 secs] [Times: user=0.05 sys=0.00, real=0.01 secs] 
2014-07-28T20:30:01.270+0000: 3363.648: [GC [PSYoungGen: 119744K->256K(117760K)] 396264K->276840K(804736K), 0.0028860 secs] [Times: user=0.02 sys=0.00, real=0.01 secs] 
2014-07-28T20:30:02.107+0000: 3364.485: [GC [PSYoungGen: 117760K->448K(116160K)] 394344K->277096K(803136K), 0.0091060 secs] [Times: user=0.05 sys=0.00, real=0.01 secs] 
2014-07-28T20:30:02.931+0000: 3365.309: [GC [PSYoungGen: 116160K->256K(114176K)] 392808K->276936K(801152K), 0.0042770 secs] [Times: user=0.02 sys=0.00, real=0.00 secs] 
2014-07-28T20:30:03.744+0000: 3366.121: [GC [PSYoungGen: 114176K->320K(112512K)] 390856K->277064K(799488K), 0.0043750 secs] [Times: user=0.03 sys=0.00, real=0.00 secs] 
2014-07-28T20:30:04.550+0000: 3366.928: [GC [PSYoungGen: 112512K->192K(110720K)] 389256K->276984K(797696K), 0.0045860 secs] [Times: user=0.02 sys=0.00, real=0.01 secs] 
2014-07-28T20:30:05.332+0000: 3367.710: [GC [PSYoungGen: 110720K->352K(109312K)] 387512K->277200K(796288K), 0.0082580 secs] [Times: user=0.05 sys=0.00, real=0.00 secs] 
2014-07-28T20:30:06.105+0000: 3368.483: [GC [PSYoungGen: 109280K->160K(107520K)] 386128K->277024K(794496K), 0.0058490 secs] [Times: user=0.02 sys=0.00, real=0.00 secs] 
2014-07-28T20:30:06.869+0000: 3369.246: [GC [PSYoungGen: 107488K->288K(106112K)] 384352K->277152K(793088K), 0.0026840 secs] [Times: user=0.01 sys=0.00, real=0.01 secs] 
2014-07-28T20:30:07.621+0000: 3369.999: [GC [PSYoungGen: 106080K->192K(104448K)] 382944K->277096K(791424K), 0.0050420 secs] [Times: user=0.02 sys=0.00, real=0.01 secs] 
2014-07-28T20:30:08.368+0000: 3370.746: [GC [PSYoungGen: 104448K->256K(103040K)] 381352K->277216K(790016K), 0.0072090 secs] [Times: user=0.04 sys=0.01, real=0.01 secs] 
2014-07-28T20:30:09.100+0000: 3371.477: [GC [PSYoungGen: 103040K->352K(101760K)] 380000K->277392K(788736K), 0.0078690 secs] [Times: user=0.05 sys=0.00, real=0.01 secs] 
2014-07-28T20:30:09.824+0000: 3372.202: [GC [PSYoungGen: 101728K->288K(100288K)] 378768K->277360K(787264K), 0.0028290 secs] [Times: user=0.02 sys=0.00, real=0.00 secs] 
2014-07-28T20:30:10.535+0000: 3372.913: [GC [PSYoungGen: 100256K->256K(98880K)] 377328K->277376K(785856K), 0.0050250 secs] [Times: user=0.02 sys=0.00, real=0.00 secs] 
2014-07-28T20:30:11.240+0000: 3373.618: [GC [PSYoungGen: 98880K->224K(97536K)] 376000K->277384K(784512K), 0.0040350 secs] [Times: user=0.02 sys=0.00, real=0.01 secs] 
2014-07-28T20:30:11.932+0000: 3374.310: [GC [PSYoungGen: 97504K->352K(96384K)] 374664K->277592K(783360K), 0.0050900 secs] [Times: user=0.03 sys=0.00, real=0.00 secs] 
2014-07-28T20:30:12.618+0000: 3374.996: [GC [PSYoungGen: 96314K->224K(94976K)] 373555K->277480K(781952K), 0.0064140 secs] [Times: user=0.04 sys=0.00, real=0.01 secs] 
2014-07-28T20:30:13.301+0000: 3375.678: [GC [PSYoungGen: 94905K->320K(93824K)] 372161K->277648K(780800K), 0.0065080 secs] [Times: user=0.03 sys=0.01, real=0.01 secs] 
2014-07-28T20:30:13.968+0000: 3376.346: [GC [PSYoungGen: 93824K->320K(92608K)] 371152K->277712K(779584K), 0.0061780 secs] [Times: user=0.03 sys=0.01, real=0.01 secs] 
2014-07-28T20:30:14.622+0000: 3377.000: [GC [PSYoungGen: 92608K->288K(91392K)] 370000K->277688K(778368K), 0.0083790 secs] [Times: user=0.05 sys=0.00, real=0.01 secs] 
2014-07-28T20:30:15.270+0000: 3377.648: [GC [PSYoungGen: 91360K->384K(90304K)] 368760K->277864K(777280K), 0.0071510 secs] [Times: user=0.05 sys=0.00, real=0.01 secs] 
2014-07-28T20:30:15.911+0000: 3378.289: [GC [PSYoungGen: 90304K->256K(108160K)] 367784K->277824K(795136K), 0.0102300 secs] [Times: user=0.05 sys=0.00, real=0.01 secs] 
2014-07-28T20:30:16.679+0000: 3379.057: [GC [PSYoungGen: 108160K->256K(106624K)] 385728K->277872K(793600K), 0.0030690 secs] [Times: user=0.02 sys=0.00, real=0.01 secs] 
2014-07-28T20:30:17.438+0000: 3379.816: [GC [PSYoungGen: 106624K->256K(105088K)] 384240K->277928K(792064K), 0.0040130 secs] [Times: user=0.02 sys=0.01, real=0.00 secs] 
2014-07-28T20:30:18.189+0000: 3380.567: [GC [PSYoungGen: 105088K->320K(103680K)] 382760K->278040K(790656K), 0.0037700 secs] [Times: user=0.02 sys=0.00, real=0.01 secs] 
2014-07-28T20:30:18.926+0000: 3381.304: [GC [PSYoungGen: 103680K->224K(102144K)] 381400K->278000K(789120K), 0.0105000 secs] [Times: user=0.07 sys=0.00, real=0.01 secs] 
2014-07-28T20:30:19.650+0000: 3382.028: [GC [PSYoungGen: 102112K->352K(100864K)] 379888K->278144K(787840K), 0.0068470 secs] [Times: user=0.04 sys=0.01, real=0.01 secs] 
2014-07-28T20:30:20.369+0000: 3382.747: [GC [PSYoungGen: 100832K->320K(99392K)] 378624K->278192K(786368K), 0.0061430 secs] [Times: user=0.05 sys=0.00, real=0.01 secs] 
2014-07-28T20:30:21.077+0000: 3383.454: [GC [PSYoungGen: 99362K->224K(97984K)] 377234K->278112K(784960K), 0.0062770 secs] [Times: user=0.02 sys=0.00, real=0.00 secs] 
2014-07-28T20:30:21.773+0000: 3384.151: [GC [PSYoungGen: 97952K->288K(96768K)] 375840K->278192K(783744K), 0.0084540 secs] [Times: user=0.05 sys=0.00, real=0.00 secs] 
2014-07-28T20:30:22.461+0000: 3384.838: [GC [PSYoungGen: 96736K->448K(95616K)] 374640K->278456K(782592K), 0.0043180 secs] [Times: user=0.03 sys=0.00, real=0.01 secs] 
2014-07-28T20:30:23.138+0000: 3385.515: [GC [PSYoungGen: 95616K->178K(94080K)] 373624K->278346K(781056K), 0.0063180 secs] [Times: user=0.04 sys=0.00, real=0.01 secs] 
2014-07-28T20:30:23.809+0000: 3386.187: [GC [PSYoungGen: 94066K->224K(92928K)] 372234K->278392K(779904K), 0.0040190 secs] [Times: user=0.02 sys=0.00, real=0.00 secs] 
2014-07-28T20:30:24.468+0000: 3386.846: [GC [PSYoungGen: 92871K->384K(91840K)] 371039K->278640K(778816K), 0.0049820 secs] [Times: user=0.04 sys=0.00, real=0.00 secs] 
2014-07-28T20:30:25.122+0000: 3387.500: [GC [PSYoungGen: 91840K->256K(90560K)] 370096K->278576K(777536K), 0.0072200 secs] [Times: user=0.04 sys=0.00, real=0.01 secs] 
2014-07-28T20:30:25.768+0000: 3388.146: [GC [PSYoungGen: 90560K->448K(89600K)] 368880K->278800K(776576K), 0.0067350 secs] [Times: user=0.05 sys=0.00, real=0.01 secs] 
2014-07-28T20:30:26.410+0000: 3388.788: [GC [PSYoungGen: 89595K->416K(88512K)] 367947K->278864K(775488K), 0.0069300 secs] [Times: user=0.04 sys=0.01, real=0.01 secs] 
2014-07-28T20:30:27.035+0000: 3389.413: [GC [PSYoungGen: 88480K->192K(87168K)] 366928K->278728K(774144K), 0.0031050 secs] [Times: user=0.01 sys=0.00, real=0.00 secs] 
2014-07-28T20:30:27.654+0000: 3390.032: [GC [PSYoungGen: 87167K->480K(86400K)] 365703K->279048K(773376K), 0.0063280 secs] [Times: user=0.04 sys=0.00, real=0.00 secs] 
2014-07-28T20:30:28.265+0000: 3390.643: [GC [PSYoungGen: 86368K->352K(85248K)] 364936K->278992K(772224K), 0.0056020 secs] [Times: user=0.03 sys=0.00, real=0.00 secs] 
2014-07-28T20:30:28.872+0000: 3391.250: [GC [PSYoungGen: 85216K->352K(84224K)] 363856K->279080K(771200K), 0.0045990 secs] [Times: user=0.02 sys=0.00, real=0.01 secs] 
2014-07-28T20:30:29.471+0000: 3391.849: [GC [PSYoungGen: 84192K->288K(83136K)] 362920K->279064K(770112K), 0.0038820 secs] [Times: user=0.02 sys=0.00, real=0.01 secs] 
2014-07-28T20:30:30.061+0000: 3392.438: [GC [PSYoungGen: 83104K->256K(82112K)] 361880K->279088K(769088K), 0.0043480 secs] [Times: user=0.03 sys=0.00, real=0.01 secs] 
2014-07-28T20:30:30.651+0000: 3393.029: [GC [PSYoungGen: 82112K->452K(81408K)] 360944K->279300K(768384K), 0.0028020 secs] [Times: user=0.02 sys=0.00, real=0.01 secs] 
2014-07-28T20:30:31.224+0000: 3393.602: [GC [PSYoungGen: 81329K->384K(80320K)] 360177K->279328K(767296K), 0.0047190 secs] [Times: user=0.03 sys=0.00, real=0.01 secs] 
2014-07-28T20:30:31.796+0000: 3394.174: [GC [PSYoungGen: 80313K->320K(79360K)] 359257K->279368K(766336K), 0.0031150 secs] [Times: user=0.01 sys=0.00, real=0.00 secs] 
2014-07-28T20:30:32.359+0000: 3394.737: [GC [PSYoungGen: 79360K->352K(78528K)] 358408K->279448K(765504K), 0.0043930 secs] [Times: user=0.03 sys=0.00, real=0.00 secs] 
2014-07-28T20:30:32.914+0000: 3395.292: [GC [PSYoungGen: 78496K->416K(77696K)] 357592K->279600K(764672K), 0.0041020 secs] [Times: user=0.03 sys=0.00, real=0.01 secs] 
2014-07-28T20:30:33.467+0000: 3395.845: [GC [PSYoungGen: 77644K->384K(76800K)] 356828K->279608K(763776K), 0.0028100 secs] [Times: user=0.02 sys=0.00, real=0.00 secs] 
2014-07-28T20:30:34.009+0000: 3396.386: [GC [PSYoungGen: 76800K->320K(75904K)] 356024K->279624K(762880K), 0.0046350 secs] [Times: user=0.02 sys=0.00, real=0.00 secs] 
2014-07-28T20:30:34.545+0000: 3396.923: [GC [PSYoungGen: 75904K->224K(75008K)] 355208K->279536K(761984K), 0.0055340 secs] [Times: user=0.03 sys=0.00, real=0.01 secs] 
2014-07-28T20:30:35.079+0000: 3397.457: [GC [PSYoungGen: 74934K->288K(74240K)] 354246K->279656K(761216K), 0.0023790 secs] [Times: user=0.01 sys=0.00, real=0.00 secs] 
2014-07-28T20:30:35.608+0000: 3397.986: [GC [PSYoungGen: 74208K->224K(73408K)] 353576K->279608K(760384K), 0.0031970 secs] [Times: user=0.01 sys=0.00, real=0.00 secs] 
2014-07-28T20:30:36.128+0000: 3398.506: [GC [PSYoungGen: 73376K->384K(72768K)] 352760K->279848K(759744K), 0.0053850 secs] [Times: user=0.03 sys=0.01, real=0.00 secs] 
2014-07-28T20:30:36.642+0000: 3399.020: [GC [PSYoungGen: 72767K->224K(71872K)] 352231K->279720K(758848K), 0.0026340 secs] [Times: user=0.01 sys=0.00, real=0.00 secs] 
2014-07-28T20:30:37.152+0000: 3399.530: [GC [PSYoungGen: 71840K->352K(71232K)] 351336K->279928K(758208K), 0.0028000 secs] [Times: user=0.02 sys=0.00, real=0.00 secs] 
2014-07-28T20:30:37.658+0000: 3400.036: [GC [PSYoungGen: 71200K->192K(70336K)] 350776K->279800K(757312K), 0.0026850 secs] [Times: user=0.01 sys=0.00, real=0.00 secs] 
2014-07-28T20:30:38.157+0000: 3400.535: [GC [PSYoungGen: 70336K->320K(69760K)] 349944K->280008K(756736K), 0.0065140 secs] [Times: user=0.04 sys=0.00, real=0.00 secs] 
2014-07-28T20:30:38.654+0000: 3401.031: [GC [PSYoungGen: 69760K->352K(69120K)] 349448K->280096K(756096K), 0.0045990 secs] [Times: user=0.02 sys=0.00, real=0.01 secs] 
2014-07-28T20:30:39.144+0000: 3401.522: [GC [PSYoungGen: 69088K->256K(68288K)] 348832K->280048K(755264K), 0.0037370 secs] [Times: user=0.02 sys=0.00, real=0.01 secs] 
2014-07-28T20:30:39.627+0000: 3402.005: [GC [PSYoungGen: 68288K->416K(67776K)] 348080K->280232K(754752K), 0.0042400 secs] [Times: user=0.03 sys=0.00, real=0.00 secs] 
2014-07-28T20:30:40.111+0000: 3402.489: [GC [PSYoungGen: 67744K->320K(67008K)] 347560K->280184K(753984K), 0.0038260 secs] [Times: user=0.01 sys=0.01, real=0.00 secs] 
2014-07-28T20:30:40.579+0000: 3402.957: [GC [PSYoungGen: 67005K->416K(66496K)] 346869K->280304K(753472K), 0.0025580 secs] [Times: user=0.02 sys=0.00, real=0.00 secs] 
2014-07-28T20:30:41.052+0000: 3403.430: [GC [PSYoungGen: 66464K->256K(65664K)] 346352K->280200K(752640K), 0.0025070 secs] [Times: user=0.02 sys=0.00, real=0.00 secs] 
2014-07-28T20:30:41.520+0000: 3403.898: [GC [PSYoungGen: 65664K->256K(65024K)] 345608K->280216K(752000K), 0.0030030 secs] [Times: user=0.02 sys=0.00, real=0.00 secs] 
2014-07-28T20:30:41.980+0000: 3404.358: [GC [PSYoungGen: 65024K->256K(64384K)] 344984K->280272K(751360K), 0.0034640 secs] [Times: user=0.02 sys=0.00, real=0.00 secs] 
2014-07-28T20:30:42.437+0000: 3404.815: [GC [PSYoungGen: 64384K->384K(63936K)] 344400K->280432K(750912K), 0.0054670 secs] [Times: user=0.03 sys=0.00, real=0.00 secs] 
2014-07-28T20:30:42.889+0000: 3405.267: [GC [PSYoungGen: 63936K->416K(63424K)] 343984K->280568K(750400K), 0.0050060 secs] [Times: user=0.03 sys=0.00, real=0.00 secs] 
2014-07-28T20:30:43.337+0000: 3405.715: [GC [PSYoungGen: 63392K->352K(62784K)] 343544K->280528K(749760K), 0.0039320 secs] [Times: user=0.02 sys=0.00, real=0.00 secs] 
2014-07-28T20:30:43.784+0000: 3406.162: [GC [PSYoungGen: 62752K->160K(62016K)] 342928K->280376K(748992K), 0.0056890 secs] [Times: user=0.03 sys=0.00, real=0.01 secs] 
2014-07-28T20:30:44.224+0000: 3406.602: [GC [PSYoungGen: 61942K->256K(74496K)] 342158K->280488K(761472K), 0.0067520 secs] [Times: user=0.04 sys=0.00, real=0.01 secs] 
2014-07-28T20:30:44.754+0000: 3407.132: [GC [PSYoungGen: 74496K->384K(89472K)] 354728K->280680K(776448K), 0.0069290 secs] [Times: user=0.04 sys=0.00, real=0.01 secs] 
2014-07-28T20:30:45.392+0000: 3407.770: [GC [PSYoungGen: 89472K->288K(107264K)] 369768K->280600K(794240K), 0.0060230 secs] [Times: user=0.03 sys=0.00, real=0.01 secs] 
2014-07-28T20:30:46.153+0000: 3408.530: [GC [PSYoungGen: 107221K->352K(105792K)] 387533K->280728K(792768K), 0.0042590 secs] [Times: user=0.01 sys=0.01, real=0.00 secs] 
2014-07-28T20:30:46.904+0000: 3409.282: [GC [PSYoungGen: 105760K->320K(104256K)] 386136K->280744K(791232K), 0.0048280 secs] [Times: user=0.03 sys=0.00, real=0.01 secs] 
2014-07-28T20:30:47.651+0000: 3410.029: [GC [PSYoungGen: 104256K->192K(102656K)] 384680K->280656K(789632K), 0.0074960 secs] [Times: user=0.04 sys=0.01, real=0.01 secs] 
2014-07-28T20:30:48.380+0000: 3410.758: [GC [PSYoungGen: 102656K->224K(101312K)] 383120K->280744K(788288K), 0.0037430 secs] [Times: user=0.03 sys=0.00, real=0.00 secs] 
2014-07-28T20:30:49.108+0000: 3411.486: [GC [PSYoungGen: 101280K->384K(100032K)] 381800K->280960K(787008K), 0.0034090 secs] [Times: user=0.01 sys=0.00, real=0.00 secs] 
2014-07-28T20:30:49.819+0000: 3412.197: [GC [PSYoungGen: 100032K->256K(98560K)] 380608K->280872K(785536K), 0.0059380 secs] [Times: user=0.04 sys=0.00, real=0.00 secs] 
2014-07-28T20:30:50.517+0000: 3412.895: [GC [PSYoungGen: 98560K->256K(97216K)] 379176K->280920K(784192K), 0.0046350 secs] [Times: user=0.03 sys=0.00, real=0.01 secs] 
2014-07-28T20:30:51.213+0000: 3413.591: [GC [PSYoungGen: 97216K->288K(96000K)] 377880K->281016K(782976K), 0.0073920 secs] [Times: user=0.03 sys=0.01, real=0.01 secs] 
2014-07-28T20:30:51.895+0000: 3414.273: [GC [PSYoungGen: 95968K->288K(94720K)] 376696K->281080K(781696K), 0.0072110 secs] [Times: user=0.04 sys=0.00, real=0.01 secs] 
2014-07-28T20:30:52.571+0000: 3414.949: [GC [PSYoungGen: 94688K->288K(93504K)] 375480K->281112K(780480K), 0.0048170 secs] [Times: user=0.03 sys=0.00, real=0.00 secs] 
2014-07-28T20:30:53.234+0000: 3415.612: [GC [PSYoungGen: 93472K->256K(92224K)] 374296K->281144K(779200K), 0.0081020 secs] [Times: user=0.06 sys=0.00, real=0.01 secs] 
2014-07-28T20:30:53.891+0000: 3416.269: [GC [PSYoungGen: 92224K->416K(91264K)] 373112K->281408K(778240K), 0.0031450 secs] [Times: user=0.02 sys=0.00, real=0.00 secs] 
2014-07-28T20:30:54.537+0000: 3416.915: [GC [PSYoungGen: 91195K->224K(109248K)] 372187K->281240K(796224K), 0.0111140 secs] [Times: user=0.06 sys=0.01, real=0.02 secs] 
2014-07-28T20:30:55.316+0000: 3417.694: [GC [PSYoungGen: 109216K->352K(107776K)] 390232K->281456K(794752K), 0.0041310 secs] [Times: user=0.02 sys=0.00, real=0.01 secs] 
2014-07-28T20:30:56.082+0000: 3418.460: [GC [PSYoungGen: 107744K->320K(106176K)] 388848K->281480K(793152K), 0.0076350 secs] [Times: user=0.04 sys=0.00, real=0.01 secs] 
2014-07-28T20:30:56.839+0000: 3419.217: [GC [PSYoungGen: 106162K->256K(104576K)] 387322K->281416K(791552K), 0.0035500 secs] [Times: user=0.01 sys=0.00, real=0.00 secs] 
2014-07-28T20:30:57.596+0000: 3419.974: [GC [PSYoungGen: 104576K->448K(103296K)] 385736K->281712K(790272K), 0.0045160 secs] [Times: user=0.02 sys=0.00, real=0.01 secs] 
2014-07-28T20:30:58.318+0000: 3420.696: [GC [PSYoungGen: 103296K->448K(101888K)] 384560K->281800K(788864K), 0.0059380 secs] [Times: user=0.03 sys=0.00, real=0.01 secs] 
2014-07-28T20:30:59.046+0000: 3421.424: [GC [PSYoungGen: 101888K->192K(100224K)] 383240K->281576K(787200K), 0.0033520 secs] [Times: user=0.01 sys=0.00, real=0.01 secs] 
2014-07-28T20:30:59.762+0000: 3422.140: [GC [PSYoungGen: 100191K->192K(98880K)] 381575K->281584K(785856K), 0.0090290 secs] [Times: user=0.04 sys=0.00, real=0.01 secs] 
2014-07-28T20:31:00.465+0000: 3422.843: [GC [PSYoungGen: 98880K->448K(97792K)] 380272K->281920K(784768K), 0.0028320 secs] [Times: user=0.01 sys=0.00, real=0.00 secs] 
2014-07-28T20:31:01.163+0000: 3423.541: [GC [PSYoungGen: 97792K->224K(96320K)] 379264K->281728K(783296K), 0.0085960 secs] [Times: user=0.05 sys=0.00, real=0.01 secs] 
2014-07-28T20:31:01.846+0000: 3424.224: [GC [PSYoungGen: 96288K->320K(95104K)] 377792K->281888K(782080K), 0.0073570 secs] [Times: user=0.05 sys=0.00, real=0.01 secs] 
2014-07-28T20:31:02.522+0000: 3424.900: [GC [PSYoungGen: 95104K->224K(93824K)] 376672K->281840K(780800K), 0.0048860 secs] [Times: user=0.02 sys=0.00, real=0.00 secs] 
2014-07-28T20:31:03.191+0000: 3425.569: [GC [PSYoungGen: 93792K->416K(92800K)] 375408K->282112K(779776K), 0.0088090 secs] [Times: user=0.05 sys=0.00, real=0.01 secs] 
2014-07-28T20:31:03.851+0000: 3426.229: [GC [PSYoungGen: 92768K->274K(91456K)] 374464K->282018K(778432K), 0.0057890 secs] [Times: user=0.04 sys=0.00, real=0.00 secs] 
2014-07-28T20:31:04.501+0000: 3426.878: [GC [PSYoungGen: 91386K->256K(109632K)] 373130K->282032K(796608K), 0.0115520 secs] [Times: user=0.06 sys=0.01, real=0.01 secs] 
2014-07-28T20:31:05.281+0000: 3427.659: [GC [PSYoungGen: 109622K->352K(131648K)] 391398K->282208K(818624K), 0.0058610 secs] [Times: user=0.03 sys=0.00, real=0.00 secs] 
2014-07-28T20:31:06.220+0000: 3428.598: [GC [PSYoungGen: 131616K->352K(129472K)] 413472K->282272K(816448K), 0.0040630 secs] [Times: user=0.02 sys=0.01, real=0.01 secs] 
2014-07-28T20:31:07.147+0000: 3429.525: [GC [PSYoungGen: 129440K->224K(127232K)] 411360K->282184K(814208K), 0.0103410 secs] [Times: user=0.06 sys=0.00, real=0.01 secs] 
2014-07-28T20:31:08.057+0000: 3430.435: [GC [PSYoungGen: 127171K->160K(152128K)] 409131K->282128K(839104K), 0.0161450 secs] [Times: user=0.10 sys=0.00, real=0.02 secs] 
2014-07-28T20:31:09.137+0000: 3431.515: [GC [PSYoungGen: 151840K->320K(152192K)] 433808K->282336K(839168K), 0.0103220 secs] [Times: user=0.05 sys=0.00, real=0.01 secs] 
2014-07-28T20:31:10.222+0000: 3432.600: [GC [PSYoungGen: 152000K->224K(149184K)] 434016K->282248K(836160K), 0.0035560 secs] [Times: user=0.01 sys=0.00, real=0.00 secs] 
2014-07-28T20:31:11.287+0000: 3433.665: [GC [PSYoungGen: 149152K->384K(146624K)] 431176K->282488K(833600K), 0.0052420 secs] [Times: user=0.03 sys=0.00, real=0.01 secs] 
2014-07-28T20:31:12.332+0000: 3434.710: [GC [PSYoungGen: 146624K->256K(143872K)] 428728K->282408K(830848K), 0.0073090 secs] [Times: user=0.04 sys=0.00, real=0.00 secs] 
2014-07-28T20:31:13.356+0000: 3435.734: [GC [PSYoungGen: 143872K->384K(141440K)] 426024K->282608K(828416K), 0.0051430 secs] [Times: user=0.02 sys=0.00, real=0.01 secs] 
2014-07-28T20:31:14.364+0000: 3436.742: [GC [PSYoungGen: 141440K->288K(138944K)] 423664K->282560K(825920K), 0.0058960 secs] [Times: user=0.03 sys=0.00, real=0.00 secs] 
2014-07-28T20:31:15.353+0000: 3437.731: [GC [PSYoungGen: 138912K->256K(136512K)] 421184K->282584K(823488K), 0.0092630 secs] [Times: user=0.05 sys=0.00, real=0.01 secs] 
2014-07-28T20:31:16.324+0000: 3438.702: [GC [PSYoungGen: 136512K->352K(134336K)] 418840K->282760K(821312K), 0.0029200 secs] [Times: user=0.01 sys=0.00, real=0.00 secs] 
2014-07-28T20:31:17.284+0000: 3439.662: [GC [PSYoungGen: 134304K->288K(132032K)] 416712K->282768K(819008K), 0.0045440 secs] [Times: user=0.03 sys=0.00, real=0.00 secs] 
2014-07-28T20:31:18.227+0000: 3440.605: [GC [PSYoungGen: 131951K->256K(129792K)] 414432K->282792K(816768K), 0.0045500 secs] [Times: user=0.03 sys=0.00, real=0.00 secs] 
2014-07-28T20:31:19.157+0000: 3441.535: [GC [PSYoungGen: 129792K->320K(127744K)] 412328K->282928K(814720K), 0.0041910 secs] [Times: user=0.02 sys=0.00, real=0.00 secs] 
2014-07-28T20:31:20.069+0000: 3442.446: [GC [PSYoungGen: 127744K->288K(125696K)] 410352K->282904K(812672K), 0.0040960 secs] [Times: user=0.02 sys=0.00, real=0.01 secs] 
2014-07-28T20:31:20.963+0000: 3443.341: [GC [PSYoungGen: 125664K->256K(123584K)] 408280K->282936K(810560K), 0.0093780 secs] [Times: user=0.04 sys=0.00, real=0.01 secs] 
2014-07-28T20:31:21.843+0000: 3444.220: [GC [PSYoungGen: 123584K->224K(121600K)] 406264K->282952K(808576K), 0.0068620 secs] [Times: user=0.04 sys=0.00, real=0.00 secs] 
2014-07-28T20:31:22.713+0000: 3445.091: [GC [PSYoungGen: 121568K->288K(119744K)] 404296K->283072K(806720K), 0.0045070 secs] [Times: user=0.03 sys=0.00, real=0.00 secs] 
2014-07-28T20:31:23.576+0000: 3445.954: [GC [PSYoungGen: 119688K->384K(117952K)] 402472K->283264K(804928K), 0.0051240 secs] [Times: user=0.03 sys=0.00, real=0.00 secs] 
2014-07-28T20:31:24.424+0000: 3446.802: [GC [PSYoungGen: 117952K->224K(116032K)] 400832K->283136K(803008K), 0.0030890 secs] [Times: user=0.01 sys=0.00, real=0.00 secs] 
2014-07-28T20:31:25.248+0000: 3447.626: [GC [PSYoungGen: 116000K->288K(114304K)] 398912K->283264K(801280K), 0.0046660 secs] [Times: user=0.03 sys=0.00, real=0.01 secs] 
2014-07-28T20:31:26.065+0000: 3448.443: [GC [PSYoungGen: 114272K->288K(112576K)] 397248K->283336K(799552K), 0.0040780 secs] [Times: user=0.03 sys=0.00, real=0.00 secs] 
2014-07-28T20:31:26.866+0000: 3449.244: [GC [PSYoungGen: 112544K->320K(110912K)] 395592K->283392K(797888K), 0.0025390 secs] [Times: user=0.02 sys=0.00, real=0.00 secs] 
2014-07-28T20:31:27.654+0000: 3450.032: [GC [PSYoungGen: 110912K->352K(109376K)] 393984K->283504K(796352K), 0.0058080 secs] [Times: user=0.04 sys=0.00, real=0.00 secs] 
2014-07-28T20:31:28.436+0000: 3450.814: [GC [PSYoungGen: 109344K->256K(107648K)] 392496K->283464K(794624K), 0.0023810 secs] [Times: user=0.01 sys=0.00, real=0.00 secs] 
2014-07-28T20:31:29.203+0000: 3451.580: [GC [PSYoungGen: 107648K->416K(106304K)] 390856K->283720K(793280K), 0.0048670 secs] [Times: user=0.03 sys=0.00, real=0.01 secs] 
2014-07-28T20:31:29.957+0000: 3452.335: [GC [PSYoungGen: 106272K->192K(104512K)] 389576K->283536K(791488K), 0.0068460 secs] [Times: user=0.04 sys=0.00, real=0.01 secs] 
2014-07-28T20:31:30.701+0000: 3453.079: [GC [PSYoungGen: 104512K->256K(103104K)] 387856K->283624K(790080K), 0.0045410 secs] [Times: user=0.02 sys=0.00, real=0.01 secs] 
2014-07-28T20:31:31.437+0000: 3453.815: [GC [PSYoungGen: 103104K->288K(101760K)] 386472K->283720K(788736K), 0.0060860 secs] [Times: user=0.03 sys=0.00, real=0.00 secs] 
2014-07-28T20:31:32.168+0000: 3454.546: [GC [PSYoungGen: 101717K->384K(100416K)] 385149K->283896K(787392K), 0.0033150 secs] [Times: user=0.02 sys=0.01, real=0.00 secs] 
2014-07-28T20:31:32.875+0000: 3455.253: [GC [PSYoungGen: 100416K->256K(98944K)] 383928K->283904K(785920K), 0.0041940 secs] [Times: user=0.02 sys=0.00, real=0.00 secs] 
2014-07-28T20:31:33.579+0000: 3455.957: [GC [PSYoungGen: 98934K->320K(97664K)] 382582K->284008K(784640K), 0.0067060 secs] [Times: user=0.04 sys=0.00, real=0.01 secs] 
2014-07-28T20:31:34.275+0000: 3456.653: [GC [PSYoungGen: 97664K->288K(96384K)] 381352K->284040K(783360K), 0.0080930 secs] [Times: user=0.05 sys=0.00, real=0.00 secs] 
2014-07-28T20:31:34.961+0000: 3457.339: [GC [PSYoungGen: 96352K->256K(95040K)] 380104K->284072K(782016K), 0.0060040 secs] [Times: user=0.03 sys=0.00, real=0.01 secs] 
2014-07-28T20:31:35.640+0000: 3458.018: [GC [PSYoungGen: 95040K->352K(93952K)] 378856K->284192K(780928K), 0.0084460 secs] [Times: user=0.05 sys=0.00, real=0.01 secs] 
2014-07-28T20:31:36.308+0000: 3458.686: [GC [PSYoungGen: 93920K->256K(92608K)] 377760K->284152K(779584K), 0.0042850 secs] [Times: user=0.02 sys=0.00, real=0.00 secs] 
2014-07-28T20:31:36.966+0000: 3459.344: [GC [PSYoungGen: 92608K->320K(91456K)] 376504K->284304K(778432K), 0.0075220 secs] [Times: user=0.05 sys=0.01, real=0.00 secs] 
2014-07-28T20:31:37.616+0000: 3459.994: [GC [PSYoungGen: 91456K->416K(90432K)] 375440K->284400K(777408K), 0.0029140 secs] [Times: user=0.02 sys=0.00, real=0.00 secs] 
2014-07-28T20:31:38.259+0000: 3460.637: [GC [PSYoungGen: 90400K->192K(89024K)] 374384K->284256K(776000K), 0.0035140 secs] [Times: user=0.02 sys=0.00, real=0.00 secs] 
2014-07-28T20:31:38.894+0000: 3461.271: [GC [PSYoungGen: 89024K->320K(88064K)] 373088K->284456K(775040K), 0.0044130 secs] [Times: user=0.02 sys=0.00, real=0.01 secs] 
2014-07-28T20:31:39.523+0000: 3461.901: [GC [PSYoungGen: 88064K->384K(87040K)] 372200K->284544K(774016K), 0.0055930 secs] [Times: user=0.04 sys=0.00, real=0.01 secs] 
2014-07-28T20:31:40.138+0000: 3462.516: [GC [PSYoungGen: 87040K->160K(85760K)] 371200K->284360K(772736K), 0.0027770 secs] [Times: user=0.01 sys=0.00, real=0.00 secs] 
2014-07-28T20:31:40.752+0000: 3463.130: [GC [PSYoungGen: 85728K->256K(84800K)] 369928K->284472K(771776K), 0.0075510 secs] [Times: user=0.04 sys=0.01, real=0.01 secs] 
2014-07-28T20:31:41.354+0000: 3463.732: [GC [PSYoungGen: 84800K->256K(83776K)] 369016K->284528K(770752K), 0.0068450 secs] [Times: user=0.04 sys=0.00, real=0.01 secs] 
2014-07-28T20:31:41.950+0000: 3464.328: [GC [PSYoungGen: 83765K->160K(82752K)] 368037K->284472K(769728K), 0.0030120 secs] [Times: user=0.02 sys=0.00, real=0.00 secs] 
2014-07-28T20:31:42.540+0000: 3464.918: [GC [PSYoungGen: 82705K->416K(82048K)] 367018K->284768K(769024K), 0.0057060 secs] [Times: user=0.04 sys=0.00, real=0.01 secs] 
2014-07-28T20:31:43.123+0000: 3465.501: [GC [PSYoungGen: 82016K->160K(80832K)] 366368K->284552K(767808K), 0.0029750 secs] [Times: user=0.02 sys=0.00, real=0.01 secs] 
2014-07-28T20:31:43.696+0000: 3466.074: [GC [PSYoungGen: 80800K->224K(79936K)] 365192K->284640K(766912K), 0.0031390 secs] [Times: user=0.02 sys=0.00, real=0.00 secs] 
2014-07-28T20:31:44.263+0000: 3466.641: [GC [PSYoungGen: 79904K->352K(79168K)] 364320K->284840K(766144K), 0.0048570 secs] [Times: user=0.02 sys=0.00, real=0.01 secs] 
2014-07-28T20:31:44.830+0000: 3467.208: [GC [PSYoungGen: 79136K->320K(78208K)] 363624K->284872K(765184K), 0.0059030 secs] [Times: user=0.04 sys=0.00, real=0.00 secs] 
2014-07-28T20:31:45.383+0000: 3467.761: [GC [PSYoungGen: 78208K->224K(93760K)] 362760K->284800K(780736K), 0.0126700 secs] [Times: user=0.07 sys=0.01, real=0.02 secs] 
2014-07-28T20:31:46.052+0000: 3468.430: [GC [PSYoungGen: 93728K->448K(112704K)] 378304K->285128K(799680K), 0.0055420 secs] [Times: user=0.04 sys=0.00, real=0.01 secs] 
2014-07-28T20:31:46.848+0000: 3469.225: [GC [PSYoungGen: 112704K->224K(110848K)] 397384K->284920K(797824K), 0.0060300 secs] [Times: user=0.03 sys=0.00, real=0.00 secs] 
2014-07-28T20:31:47.637+0000: 3470.014: [GC [PSYoungGen: 110816K->256K(132992K)] 395512K->285016K(819968K), 0.0092450 secs] [Times: user=0.06 sys=0.00, real=0.00 secs] 
2014-07-28T20:31:48.579+0000: 3470.957: [GC [PSYoungGen: 132943K->416K(130944K)] 417703K->285256K(817920K), 0.0047050 secs] [Times: user=0.02 sys=0.00, real=0.00 secs] 
2014-07-28T20:31:49.507+0000: 3471.885: [GC [PSYoungGen: 130912K->352K(128704K)] 415752K->285272K(815680K), 0.0080010 secs] [Times: user=0.05 sys=0.00, real=0.00 secs] 
2014-07-28T20:31:50.431+0000: 3472.808: [GC [PSYoungGen: 128670K->320K(126528K)] 413590K->285296K(813504K), 0.0061460 secs] [Times: user=0.04 sys=0.00, real=0.00 secs] 
2014-07-28T20:31:51.332+0000: 3473.710: [GC [PSYoungGen: 126528K->320K(124480K)] 411504K->285352K(811456K), 0.0041140 secs] [Times: user=0.02 sys=0.00, real=0.00 secs] 
2014-07-28T20:31:52.220+0000: 3474.598: [GC [PSYoungGen: 124480K->256K(122432K)] 409512K->285336K(809408K), 0.0070930 secs] [Times: user=0.04 sys=0.00, real=0.00 secs] 
2014-07-28T20:31:53.094+0000: 3475.472: [GC [PSYoungGen: 122430K->320K(120576K)] 407510K->285456K(807552K), 0.0048410 secs] [Times: user=0.02 sys=0.00, real=0.01 secs] 
2014-07-28T20:31:53.951+0000: 3476.328: [GC [PSYoungGen: 120576K->256K(118656K)] 405712K->285408K(805632K), 0.0056020 secs] [Times: user=0.03 sys=0.00, real=0.00 secs] 
2014-07-28T20:31:54.800+0000: 3477.178: [GC [PSYoungGen: 118656K->416K(116992K)] 403808K->285640K(803968K), 0.0036320 secs] [Times: user=0.02 sys=0.00, real=0.00 secs] 
2014-07-28T20:31:55.628+0000: 3478.006: [GC [PSYoungGen: 116960K->288K(115072K)] 402184K->285576K(802048K), 0.0031320 secs] [Times: user=0.02 sys=0.00, real=0.00 secs] 
2014-07-28T20:31:56.453+0000: 3478.831: [GC [PSYoungGen: 115040K->384K(113408K)] 400328K->285736K(800384K), 0.0052570 secs] [Times: user=0.03 sys=0.00, real=0.01 secs] 
2014-07-28T20:31:57.261+0000: 3479.638: [GC [PSYoungGen: 113408K->384K(111744K)] 398760K->285808K(798720K), 0.0036940 secs] [Times: user=0.02 sys=0.00, real=0.00 secs] 
2014-07-28T20:31:58.057+0000: 3480.435: [GC [PSYoungGen: 111744K->352K(110080K)] 397168K->285864K(797056K), 0.0051890 secs] [Times: user=0.03 sys=0.00, real=0.01 secs] 
2014-07-28T20:31:58.839+0000: 3481.217: [GC [PSYoungGen: 110048K->320K(108416K)] 395560K->285864K(795392K), 0.0057750 secs] [Times: user=0.03 sys=0.01, real=0.00 secs] 
2014-07-28T20:31:59.616+0000: 3481.994: [GC [PSYoungGen: 108387K->288K(106880K)] 393931K->285880K(793856K), 0.0066910 secs] [Times: user=0.04 sys=0.00, real=0.01 secs] 
2014-07-28T20:32:00.373+0000: 3482.751: [GC [PSYoungGen: 106840K->384K(105408K)] 392432K->286048K(792384K), 0.0051080 secs] [Times: user=0.04 sys=0.00, real=0.01 secs] 
2014-07-28T20:32:01.125+0000: 3483.503: [GC [PSYoungGen: 105408K->288K(103872K)] 391072K->285984K(790848K), 0.0049320 secs] [Times: user=0.01 sys=0.01, real=0.01 secs] 
2014-07-28T20:32:01.867+0000: 3484.245: [GC [PSYoungGen: 103840K->352K(102464K)] 389536K->286064K(789440K), 0.0038180 secs] [Times: user=0.02 sys=0.00, real=0.01 secs] 
2014-07-28T20:32:02.592+0000: 3484.970: [GC [PSYoungGen: 102432K->256K(100928K)] 388144K->286016K(787904K), 0.0113120 secs] [Times: user=0.07 sys=0.01, real=0.01 secs] 
2014-07-28T20:32:03.310+0000: 3485.688: [GC [PSYoungGen: 100928K->288K(99584K)] 386688K->286112K(786560K), 0.0064020 secs] [Times: user=0.04 sys=0.00, real=0.00 secs] 
2014-07-28T20:32:04.022+0000: 3486.400: [GC [PSYoungGen: 99552K->320K(98240K)] 385376K->286208K(785216K), 0.0031920 secs] [Times: user=0.01 sys=0.00, real=0.00 secs] 
2014-07-28T20:32:04.721+0000: 3487.098: [GC [PSYoungGen: 98240K->288K(96896K)] 384128K->286208K(783872K), 0.0054730 secs] [Times: user=0.03 sys=0.00, real=0.00 secs] 
2014-07-28T20:32:05.411+0000: 3487.789: [GC [PSYoungGen: 96842K->416K(95744K)] 382762K->286408K(782720K), 0.0026710 secs] [Times: user=0.01 sys=0.00, real=0.00 secs] 
2014-07-28T20:32:06.093+0000: 3488.471: [GC [PSYoungGen: 95712K->192K(94208K)] 381704K->286304K(781184K), 0.0032560 secs] [Times: user=0.02 sys=0.00, real=0.00 secs] 
2014-07-28T20:32:06.765+0000: 3489.143: [GC [PSYoungGen: 94208K->288K(93120K)] 380320K->286448K(780096K), 0.0029660 secs] [Times: user=0.02 sys=0.00, real=0.00 secs] 
2014-07-28T20:32:07.434+0000: 3489.812: [GC [PSYoungGen: 93088K->288K(91904K)] 379248K->286512K(778880K), 0.0042290 secs] [Times: user=0.02 sys=0.00, real=0.00 secs] 
2014-07-28T20:32:08.085+0000: 3490.463: [GC [PSYoungGen: 91872K->320K(90752K)] 378096K->286624K(777728K), 0.0032820 secs] [Times: user=0.02 sys=0.00, real=0.00 secs] 
2014-07-28T20:32:08.732+0000: 3491.109: [GC [PSYoungGen: 90752K->256K(89536K)] 377056K->286592K(776512K), 0.0023940 secs] [Times: user=0.01 sys=0.00, real=0.00 secs] 
2014-07-28T20:32:09.368+0000: 3491.745: [GC [PSYoungGen: 89536K->224K(88448K)] 375872K->286616K(775424K), 0.0032720 secs] [Times: user=0.01 sys=0.00, real=0.01 secs] 
2014-07-28T20:32:10.001+0000: 3492.378: [GC [PSYoungGen: 88406K->320K(87424K)] 374798K->286784K(774400K), 0.0059110 secs] [Times: user=0.03 sys=0.00, real=0.00 secs] 
2014-07-28T20:32:10.619+0000: 3492.997: [GC [PSYoungGen: 87424K->288K(86336K)] 373888K->286776K(773312K), 0.0084800 secs] [Times: user=0.05 sys=0.00, real=0.01 secs] 
2014-07-28T20:32:11.235+0000: 3493.613: [GC [PSYoungGen: 86304K->288K(85312K)] 372792K->286824K(772288K), 0.0062180 secs] [Times: user=0.04 sys=0.00, real=0.01 secs] 
2014-07-28T20:32:11.841+0000: 3494.218: [GC [PSYoungGen: 85280K->416K(84416K)] 371816K->287048K(771392K), 0.0036050 secs] [Times: user=0.02 sys=0.00, real=0.00 secs] 
2014-07-28T20:32:12.443+0000: 3494.821: [GC [PSYoungGen: 84384K->192K(83136K)] 371016K->286936K(770112K), 0.0042590 secs] [Times: user=0.03 sys=0.00, real=0.00 secs] 
2014-07-28T20:32:13.035+0000: 3495.413: [GC [PSYoungGen: 83136K->288K(82304K)] 369880K->287080K(769280K), 0.0051780 secs] [Times: user=0.03 sys=0.00, real=0.01 secs] 
2014-07-28T20:32:13.622+0000: 3496.000: [GC [PSYoungGen: 82272K->224K(81280K)] 369064K->287040K(768256K), 0.0030000 secs] [Times: user=0.02 sys=0.00, real=0.00 secs] 
2014-07-28T20:32:14.199+0000: 3496.577: [GC [PSYoungGen: 81248K->224K(80320K)] 368064K->287080K(767296K), 0.0047050 secs] [Times: user=0.01 sys=0.00, real=0.01 secs] 
2014-07-28T20:32:14.771+0000: 3497.149: [GC [PSYoungGen: 80288K->224K(79424K)] 367144K->287128K(766400K), 0.0080420 secs] [Times: user=0.05 sys=0.01, real=0.00 secs] 
2014-07-28T20:32:15.335+0000: 3497.713: [GC [PSYoungGen: 79392K->192K(95232K)] 366296K->287104K(782208K), 0.0107460 secs] [Times: user=0.07 sys=0.00, real=0.01 secs] 
2014-07-28T20:32:16.014+0000: 3498.392: [GC [PSYoungGen: 95232K->224K(114304K)] 382144K->287152K(801280K), 0.0052830 secs] [Times: user=0.02 sys=0.00, real=0.00 secs] 
2014-07-28T20:32:16.824+0000: 3499.202: [GC [PSYoungGen: 114272K->352K(137280K)] 401200K->287288K(824256K), 0.0106750 secs] [Times: user=0.08 sys=0.00, real=0.01 secs] 
2014-07-28T20:32:17.801+0000: 3500.178: [GC [PSYoungGen: 137206K->320K(164608K)] 424143K->287368K(851584K), 0.0068070 secs] [Times: user=0.04 sys=0.00, real=0.01 secs] 
2014-07-28T20:32:18.981+0000: 3501.359: [GC [PSYoungGen: 164608K->480K(161664K)] 451656K->287608K(848640K), 0.0051670 secs] [Times: user=0.03 sys=0.00, real=0.00 secs] 
2014-07-28T20:32:20.141+0000: 3502.519: [GC [PSYoungGen: 161615K->256K(158336K)] 448743K->287488K(845312K), 0.0046660 secs] [Times: user=0.02 sys=0.00, real=0.00 secs] 
2014-07-28T20:32:21.264+0000: 3503.642: [GC [PSYoungGen: 158336K->434K(155584K)] 445568K->287674K(842560K), 0.0031460 secs] [Times: user=0.02 sys=0.00, real=0.00 secs] 
2014-07-28T20:32:22.378+0000: 3504.756: [GC [PSYoungGen: 155570K->288K(152576K)] 442810K->287650K(839552K), 0.0073540 secs] [Times: user=0.05 sys=0.00, real=0.01 secs] 
2014-07-28T20:32:23.472+0000: 3505.850: [GC [PSYoungGen: 152544K->320K(149760K)] 439906K->287746K(836736K), 0.0082680 secs] [Times: user=0.06 sys=0.00, real=0.01 secs] 
2014-07-28T20:32:24.542+0000: 3506.920: [GC [PSYoungGen: 149760K->416K(147200K)] 437186K->287922K(834176K), 0.0082460 secs] [Times: user=0.05 sys=0.00, real=0.01 secs] 
2014-07-28T20:32:25.589+0000: 3507.967: [GC [PSYoungGen: 147168K->288K(144448K)] 434674K->287850K(831424K), 0.0053460 secs] [Times: user=0.03 sys=0.00, real=0.01 secs] 
2014-07-28T20:32:26.616+0000: 3508.994: [GC [PSYoungGen: 144404K->448K(142016K)] 431966K->288098K(828992K), 0.0050230 secs] [Times: user=0.03 sys=0.00, real=0.00 secs] 
2014-07-28T20:32:27.632+0000: 3510.009: [GC [PSYoungGen: 142016K->416K(139520K)] 429666K->288154K(826496K), 0.0059850 secs] [Times: user=0.04 sys=0.00, real=0.01 secs] 
2014-07-28T20:32:28.625+0000: 3511.003: [GC [PSYoungGen: 139488K->288K(136960K)] 427226K->288082K(823936K), 0.0041520 secs] [Times: user=0.03 sys=0.00, real=0.00 secs] 
2014-07-28T20:32:29.598+0000: 3511.976: [GC [PSYoungGen: 136928K->306K(134656K)] 424722K->288164K(821632K), 0.0094080 secs] [Times: user=0.07 sys=0.00, real=0.01 secs] 
2014-07-28T20:32:30.557+0000: 3512.934: [GC [PSYoungGen: 134642K->384K(132480K)] 422500K->288330K(819456K), 0.0075400 secs] [Times: user=0.05 sys=0.00, real=0.01 secs] 
2014-07-28T20:32:31.500+0000: 3513.878: [GC [PSYoungGen: 132471K->288K(130240K)] 420417K->288306K(817216K), 0.0069310 secs] [Times: user=0.04 sys=0.01, real=0.01 secs] 
2014-07-28T20:32:32.430+0000: 3514.808: [GC [PSYoungGen: 130208K->352K(128128K)] 418226K->288450K(815104K), 0.0068330 secs] [Times: user=0.04 sys=0.01, real=0.01 secs] 
2014-07-28T20:32:33.341+0000: 3515.719: [GC [PSYoungGen: 128096K->384K(126016K)] 416194K->288570K(812992K), 0.0084210 secs] [Times: user=0.05 sys=0.00, real=0.01 secs] 
2014-07-28T20:32:34.245+0000: 3516.623: [GC [PSYoungGen: 126016K->320K(123904K)] 414202K->288570K(810880K), 0.0043900 secs] [Times: user=0.02 sys=0.00, real=0.00 secs] 
2014-07-28T20:32:35.130+0000: 3517.508: [GC [PSYoungGen: 123904K->288K(121920K)] 412154K->288594K(808896K), 0.0063020 secs] [Times: user=0.02 sys=0.00, real=0.01 secs] 
2014-07-28T20:32:35.998+0000: 3518.376: [GC [PSYoungGen: 121888K->256K(119936K)] 410194K->288578K(806912K), 0.0065170 secs] [Times: user=0.04 sys=0.00, real=0.01 secs] 
2014-07-28T20:32:36.857+0000: 3519.235: [GC [PSYoungGen: 119907K->256K(118080K)] 408229K->288618K(805056K), 0.0141670 secs] [Times: user=0.10 sys=0.00, real=0.01 secs] 
2014-07-28T20:32:37.707+0000: 3520.084: [GC [PSYoungGen: 118080K->338K(116416K)] 406442K->288772K(803392K), 0.0089060 secs] [Times: user=0.05 sys=0.01, real=0.01 secs] 
2014-07-28T20:32:38.535+0000: 3520.912: [GC [PSYoungGen: 116370K->352K(114624K)] 404804K->288818K(801600K), 0.0054400 secs] [Times: user=0.03 sys=0.00, real=0.00 secs] 
2014-07-28T20:32:39.346+0000: 3521.723: [GC [PSYoungGen: 114592K->256K(112768K)] 403058K->288778K(799744K), 0.0056570 secs] [Times: user=0.03 sys=0.00, real=0.00 secs] 
2014-07-28T20:32:40.149+0000: 3522.527: [GC [PSYoungGen: 112768K->320K(111168K)] 401290K->288922K(798144K), 0.0071660 secs] [Times: user=0.04 sys=0.00, real=0.01 secs] 
2014-07-28T20:32:40.942+0000: 3523.320: [GC [PSYoungGen: 111168K->352K(109568K)] 399770K->288970K(796544K), 0.0089980 secs] [Times: user=0.06 sys=0.00, real=0.01 secs] 
2014-07-28T20:32:41.724+0000: 3524.102: [GC [PSYoungGen: 109536K->480K(108096K)] 398154K->289194K(795072K), 0.0038480 secs] [Times: user=0.03 sys=0.00, real=0.00 secs] 
2014-07-28T20:32:42.492+0000: 3524.870: [GC [PSYoungGen: 108064K->192K(106240K)] 396778K->289034K(793216K), 0.0077550 secs] [Times: user=0.05 sys=0.00, real=0.01 secs] 
2014-07-28T20:32:43.242+0000: 3525.620: [GC [PSYoungGen: 106240K->384K(104896K)] 395082K->289274K(791872K), 0.0111780 secs] [Times: user=0.07 sys=0.00, real=0.01 secs] 
2014-07-28T20:32:43.989+0000: 3526.367: [GC [PSYoungGen: 104860K->352K(103424K)] 393750K->289330K(790400K), 0.0046960 secs] [Times: user=0.02 sys=0.01, real=0.00 secs] 
2014-07-28T20:32:44.728+0000: 3527.106: [GC [PSYoungGen: 103392K->434K(102080K)] 392370K->289436K(789056K), 0.0086700 secs] [Times: user=0.06 sys=0.00, real=0.01 secs] 
2014-07-28T20:32:45.454+0000: 3527.832: [GC [PSYoungGen: 102066K->256K(100480K)] 391068K->289386K(787456K), 0.0047270 secs] [Times: user=0.03 sys=0.00, real=0.01 secs] 
2014-07-28T20:32:46.168+0000: 3528.546: [GC [PSYoungGen: 100477K->288K(99200K)] 389607K->289466K(786176K), 0.0050410 secs] [Times: user=0.03 sys=0.00, real=0.00 secs] 
2014-07-28T20:32:46.872+0000: 3529.250: [GC [PSYoungGen: 99168K->352K(119040K)] 388346K->289538K(806016K), 0.0129390 secs] [Times: user=0.09 sys=0.00, real=0.02 secs] 
2014-07-28T20:32:47.722+0000: 3530.099: [GC [PSYoungGen: 119008K->256K(117056K)] 408194K->289498K(804032K), 0.0048840 secs] [Times: user=0.03 sys=0.00, real=0.01 secs] 
2014-07-28T20:32:48.558+0000: 3530.936: [GC [PSYoungGen: 117042K->256K(115264K)] 406284K->289554K(802240K), 0.0047030 secs] [Times: user=0.03 sys=0.00, real=0.00 secs] 
2014-07-28T20:32:49.382+0000: 3531.760: [GC [PSYoungGen: 115264K->352K(113664K)] 404562K->289722K(800640K), 0.0060220 secs] [Times: user=0.03 sys=0.01, real=0.01 secs] 
2014-07-28T20:32:50.191+0000: 3532.569: [GC [PSYoungGen: 113621K->370K(111936K)] 402991K->289804K(798912K), 0.0080260 secs] [Times: user=0.05 sys=0.00, real=0.01 secs] 
2014-07-28T20:32:50.987+0000: 3533.365: [GC [PSYoungGen: 111902K->416K(110336K)] 401336K->289930K(797312K), 0.0081900 secs] [Times: user=0.06 sys=0.00, real=0.00 secs] 
2014-07-28T20:32:51.770+0000: 3534.148: [GC [PSYoungGen: 110304K->256K(108544K)] 399818K->289842K(795520K), 0.0088950 secs] [Times: user=0.04 sys=0.00, real=0.01 secs] 
2014-07-28T20:32:52.546+0000: 3534.924: [GC [PSYoungGen: 108544K->320K(130304K)] 398130K->289978K(817280K), 0.0123110 secs] [Times: user=0.08 sys=0.00, real=0.02 secs] 
2014-07-28T20:32:53.478+0000: 3535.856: [GC [PSYoungGen: 130304K->320K(156352K)] 419962K->290026K(843328K), 0.0082250 secs] [Times: user=0.05 sys=0.00, real=0.01 secs] 
2014-07-28T20:32:54.592+0000: 3536.970: [GC [PSYoungGen: 156352K->448K(153600K)] 446058K->290210K(840576K), 0.0064900 secs] [Times: user=0.02 sys=0.01, real=0.01 secs] 
2014-07-28T20:32:55.690+0000: 3538.068: [GC [PSYoungGen: 153600K->320K(150656K)] 443362K->290170K(837632K), 0.0074440 secs] [Times: user=0.06 sys=0.00, real=0.01 secs] 
2014-07-28T20:32:56.773+0000: 3539.151: [GC [PSYoungGen: 150656K->256K(147840K)] 440506K->290154K(834816K), 0.0058180 secs] [Times: user=0.04 sys=0.00, real=0.01 secs] 
2014-07-28T20:32:57.818+0000: 3540.196: [GC [PSYoungGen: 147840K->288K(145280K)] 437738K->290250K(832256K), 0.0071720 secs] [Times: user=0.04 sys=0.00, real=0.00 secs] 
2014-07-28T20:32:58.851+0000: 3541.229: [GC [PSYoungGen: 145248K->416K(142848K)] 435210K->290442K(829824K), 0.0126480 secs] [Times: user=0.09 sys=0.00, real=0.01 secs] 
2014-07-28T20:32:59.875+0000: 3542.253: [GC [PSYoungGen: 142816K->306K(140224K)] 432842K->290428K(827200K), 0.0072240 secs] [Times: user=0.05 sys=0.00, real=0.01 secs] 
2014-07-28T20:33:00.876+0000: 3543.254: [GC [PSYoungGen: 140210K->288K(137792K)] 430332K->290474K(824768K), 0.0082410 secs] [Times: user=0.06 sys=0.00, real=0.01 secs] 
2014-07-28T20:33:01.860+0000: 3544.238: [GC [PSYoungGen: 137735K->320K(135424K)] 427921K->290578K(822400K), 0.0080300 secs] [Times: user=0.05 sys=0.01, real=0.00 secs] 
2014-07-28T20:33:02.825+0000: 3545.203: [GC [PSYoungGen: 135424K->352K(133184K)] 425682K->290682K(820160K), 0.0069320 secs] [Times: user=0.04 sys=0.01, real=0.01 secs] 
2014-07-28T20:33:03.776+0000: 3546.154: [GC [PSYoungGen: 133152K->256K(130816K)] 423482K->290650K(817792K), 0.0044590 secs] [Times: user=0.03 sys=0.00, real=0.01 secs] 
2014-07-28T20:33:04.710+0000: 3547.088: [GC [PSYoungGen: 130816K->320K(128704K)] 421210K->290794K(815680K), 0.0072020 secs] [Times: user=0.05 sys=0.00, real=0.00 secs] 
2014-07-28T20:33:05.628+0000: 3548.006: [GC [PSYoungGen: 128704K->416K(126720K)] 419178K->290986K(813696K), 0.0041320 secs] [Times: user=0.02 sys=0.01, real=0.01 secs] 
2014-07-28T20:33:06.530+0000: 3548.908: [GC [PSYoungGen: 126688K->224K(124480K)] 417258K->290842K(811456K), 0.0112680 secs] [Times: user=0.07 sys=0.00, real=0.01 secs] 
2014-07-28T20:33:07.420+0000: 3549.798: [GC [PSYoungGen: 124448K->320K(122560K)] 415066K->290986K(809536K), 0.0038220 secs] [Times: user=0.02 sys=0.01, real=0.00 secs] 
2014-07-28T20:33:08.299+0000: 3550.676: [GC [PSYoungGen: 122560K->320K(120640K)] 413226K->291034K(807616K), 0.0071290 secs] [Times: user=0.03 sys=0.01, real=0.00 secs] 
2014-07-28T20:33:09.176+0000: 3551.553: [GC [PSYoungGen: 120640K->288K(118784K)] 411354K->291066K(805760K), 0.0042950 secs] [Times: user=0.03 sys=0.01, real=0.01 secs] 
2014-07-28T20:33:10.010+0000: 3552.388: [GC [PSYoungGen: 118752K->384K(116992K)] 409530K->291178K(803968K), 0.0044770 secs] [Times: user=0.03 sys=0.00, real=0.00 secs] 
2014-07-28T20:33:10.840+0000: 3553.218: [GC [PSYoungGen: 116992K->370K(115200K)] 407786K->291244K(802176K), 0.0064100 secs] [Times: user=0.04 sys=0.01, real=0.00 secs] 
2014-07-28T20:33:11.672+0000: 3554.050: [GC [PSYoungGen: 115186K->384K(113472K)] 406060K->291314K(800448K), 0.0050750 secs] [Times: user=0.03 sys=0.00, real=0.00 secs] 
2014-07-28T20:33:12.480+0000: 3554.858: [GC [PSYoungGen: 113439K->320K(111744K)] 404369K->291394K(798720K), 0.0047390 secs] [Times: user=0.02 sys=0.01, real=0.00 secs] 
2014-07-28T20:33:13.285+0000: 3555.663: [GC [PSYoungGen: 111744K->384K(110144K)] 402818K->291490K(797120K), 0.0065630 secs] [Times: user=0.04 sys=0.01, real=0.01 secs] 
2014-07-28T20:33:14.062+0000: 3556.440: [GC [PSYoungGen: 110144K->384K(108544K)] 401250K->291570K(795520K), 0.0082720 secs] [Times: user=0.04 sys=0.01, real=0.01 secs] 
2014-07-28T20:33:14.833+0000: 3557.211: [GC [PSYoungGen: 108544K->256K(106880K)] 399730K->291482K(793856K), 0.0084260 secs] [Times: user=0.06 sys=0.01, real=0.01 secs] 
2014-07-28T20:33:15.591+0000: 3557.969: [GC [PSYoungGen: 106880K->192K(105280K)] 398106K->291458K(792256K), 0.0048190 secs] [Times: user=0.02 sys=0.01, real=0.00 secs] 
2014-07-28T20:33:16.340+0000: 3558.718: [GC [PSYoungGen: 105280K->352K(104000K)] 396546K->291682K(790976K), 0.0051500 secs] [Times: user=0.03 sys=0.00, real=0.01 secs] 
2014-07-28T20:33:17.081+0000: 3559.459: [GC [PSYoungGen: 103958K->384K(102528K)] 395288K->291810K(789504K), 0.0085450 secs] [Times: user=0.05 sys=0.01, real=0.00 secs] 
2014-07-28T20:33:17.813+0000: 3560.191: [GC [PSYoungGen: 102528K->192K(100928K)] 393954K->291626K(787904K), 0.0059880 secs] [Times: user=0.03 sys=0.00, real=0.00 secs] 
2014-07-28T20:33:18.542+0000: 3560.920: [GC [PSYoungGen: 100878K->466K(99840K)] 392312K->291948K(786816K), 0.0071430 secs] [Times: user=0.04 sys=0.00, real=0.00 secs] 
2014-07-28T20:33:19.243+0000: 3561.621: [GC [PSYoungGen: 99794K->288K(98304K)] 391276K->291834K(785280K), 0.0031370 secs] [Times: user=0.01 sys=0.00, real=0.00 secs] 
2014-07-28T20:33:19.943+0000: 3562.321: [GC [PSYoungGen: 98272K->320K(96960K)] 389818K->291930K(783936K), 0.0037050 secs] [Times: user=0.30 sys=0.19, real=0.48 secs] 
2014-07-28T20:33:20.690+0000: 3563.068: [GC [PSYoungGen: 96960K->288K(95680K)] 388570K->291906K(782656K), 0.0048340 secs] [Times: user=0.02 sys=0.01, real=0.01 secs] 
2014-07-28T20:33:21.311+0000: 3563.689: [GC [PSYoungGen: 95648K->224K(114688K)] 387266K->291898K(801664K), 0.0099500 secs] [Times: user=0.08 sys=0.00, real=0.01 secs] 
2014-07-28T20:33:22.126+0000: 3564.504: [GC [PSYoungGen: 114656K->288K(137664K)] 406330K->291978K(824640K), 0.0072420 secs] [Times: user=0.05 sys=0.00, real=0.01 secs] 
2014-07-28T20:33:23.107+0000: 3565.485: [GC [PSYoungGen: 137632K->320K(135296K)] 429322K->292074K(822272K), 0.0081200 secs] [Times: user=0.05 sys=0.01, real=0.01 secs] 
2014-07-28T20:33:24.071+0000: 3566.449: [GC [PSYoungGen: 135296K->256K(132928K)] 427050K->292066K(819904K), 0.0037290 secs] [Times: user=0.02 sys=0.00, real=0.01 secs] 
2014-07-28T20:33:25.021+0000: 3567.399: [GC [PSYoungGen: 132928K->192K(130624K)] 424738K->292050K(817600K), 0.0028610 secs] [Times: user=0.01 sys=0.00, real=0.00 secs] 
2014-07-28T20:33:25.954+0000: 3568.332: [GC [PSYoungGen: 130624K->256K(128512K)] 422482K->292130K(815488K), 0.0054730 secs] [Times: user=0.02 sys=0.00, real=0.00 secs] 
2014-07-28T20:33:26.869+0000: 3569.247: [GC [PSYoungGen: 128512K->352K(126528K)] 420386K->292290K(813504K), 0.0074300 secs] [Times: user=0.04 sys=0.01, real=0.01 secs] 
2014-07-28T20:33:27.770+0000: 3570.148: [GC [PSYoungGen: 126496K->256K(124352K)] 418434K->292234K(811328K), 0.0165980 secs] [Times: user=0.11 sys=0.01, real=0.02 secs] 
2014-07-28T20:33:28.662+0000: 3571.040: [GC [PSYoungGen: 124352K->320K(122432K)] 416330K->292370K(809408K), 0.0078690 secs] [Times: user=0.04 sys=0.00, real=0.01 secs] 
2014-07-28T20:33:29.531+0000: 3571.909: [GC [PSYoungGen: 122432K->256K(120448K)] 414482K->292346K(807424K), 0.0057030 secs] [Times: user=0.04 sys=0.00, real=0.01 secs] 
2014-07-28T20:33:30.390+0000: 3572.768: [GC [PSYoungGen: 120448K->256K(118592K)] 412538K->292402K(805568K), 0.0093620 secs] [Times: user=0.06 sys=0.00, real=0.01 secs] 
2014-07-28T20:33:31.233+0000: 3573.611: [GC [PSYoungGen: 118591K->352K(142400K)] 410738K->292498K(829376K), 0.0119340 secs] [Times: user=0.08 sys=0.00, real=0.01 secs] 
2014-07-28T20:33:32.247+0000: 3574.625: [GC [PSYoungGen: 142368K->288K(139840K)] 434514K->292506K(826816K), 0.0086880 secs] [Times: user=0.06 sys=0.01, real=0.01 secs] 
2014-07-28T20:33:33.252+0000: 3575.630: [GC [PSYoungGen: 139799K->256K(137344K)] 432017K->292490K(824320K), 0.0055750 secs] [Times: user=0.01 sys=0.00, real=0.01 secs] 
2014-07-28T20:33:34.234+0000: 3576.612: [GC [PSYoungGen: 137344K->192K(134912K)] 429578K->292458K(821888K), 0.0029060 secs] [Times: user=0.02 sys=0.00, real=0.00 secs] 
2014-07-28T20:33:35.192+0000: 3577.570: [GC [PSYoungGen: 134912K->384K(132800K)] 427178K->292730K(819776K), 0.0075770 secs] [Times: user=0.05 sys=0.01, real=0.01 secs] 
2014-07-28T20:33:36.136+0000: 3578.514: [GC [PSYoungGen: 132800K->320K(130496K)] 425146K->292730K(817472K), 0.0069830 secs] [Times: user=0.05 sys=0.00, real=0.01 secs] 
2014-07-28T20:33:37.066+0000: 3579.444: [GC [PSYoungGen: 130496K->288K(128320K)] 422906K->292746K(815296K), 0.0085350 secs] [Times: user=0.05 sys=0.00, real=0.01 secs] 
2014-07-28T20:33:37.983+0000: 3580.361: [GC [PSYoungGen: 128288K->288K(126208K)] 420746K->292802K(813184K), 0.0129090 secs] [Times: user=0.09 sys=0.01, real=0.02 secs] 
2014-07-28T20:33:38.882+0000: 3581.260: [GC [PSYoungGen: 126176K->352K(124224K)] 418690K->292946K(811200K), 0.0087810 secs] [Times: user=0.06 sys=0.00, real=0.01 secs] 
2014-07-28T20:33:39.771+0000: 3582.149: [GC [PSYoungGen: 124192K->256K(122112K)] 416786K->292874K(809088K), 0.0037750 secs] [Times: user=0.68 sys=0.55, real=1.25 secs] 
2014-07-28T20:33:41.660+0000: 3584.038: [GC [PSYoungGen: 122112K->224K(120192K)] 414730K->292882K(807168K), 0.0033270 secs] [Times: user=0.02 sys=0.01, real=0.00 secs] 
2014-07-28T20:33:42.518+0000: 3584.896: [GC [PSYoungGen: 120153K->224K(118336K)] 412812K->292930K(805312K), 0.0092110 secs] [Times: user=0.06 sys=0.01, real=0.01 secs] 
2014-07-28T20:33:43.359+0000: 3585.737: [GC [PSYoungGen: 118278K->384K(116672K)] 410984K->293178K(803648K), 0.0056810 secs] [Times: user=0.04 sys=0.00, real=0.01 secs] 
2014-07-28T20:33:44.190+0000: 3586.568: [GC [PSYoungGen: 116672K->224K(114752K)] 409466K->293058K(801728K), 0.0044280 secs] [Times: user=0.03 sys=0.00, real=0.01 secs] 
2014-07-28T20:33:45.020+0000: 3587.398: [GC [PSYoungGen: 114720K->224K(113024K)] 407554K->293090K(800000K), 0.0027300 secs] [Times: user=0.01 sys=0.00, real=0.00 secs] 
2014-07-28T20:33:45.823+0000: 3588.201: [GC [PSYoungGen: 112992K->224K(111360K)] 405858K->293130K(798336K), 0.0047060 secs] [Times: user=0.03 sys=0.00, real=0.01 secs] 
2014-07-28T20:33:46.638+0000: 3589.016: [GC [PSYoungGen: 111323K->306K(109760K)] 404229K->293236K(796736K), 0.0043830 secs] [Times: user=0.02 sys=0.01, real=0.00 secs] 
2014-07-28T20:33:47.464+0000: 3589.842: [GC [PSYoungGen: 109746K->370K(108224K)] 402676K->293348K(795200K), 0.0033440 secs] [Times: user=0.29 sys=0.23, real=0.50 secs] 
2014-07-28T20:33:48.550+0000: 3590.928: [GC [PSYoungGen: 108210K->320K(106624K)] 401188K->293362K(793600K), 0.0057290 secs] [Times: user=0.03 sys=0.01, real=0.01 secs] 
2014-07-28T20:33:49.312+0000: 3591.690: [GC [PSYoungGen: 106624K->352K(105152K)] 399666K->293482K(792128K), 0.0027830 secs] [Times: user=0.02 sys=0.00, real=0.00 secs] 
2014-07-28T20:33:50.061+0000: 3592.439: [GC [PSYoungGen: 105120K->352K(103680K)] 398250K->293562K(790656K), 0.0060190 secs] [Times: user=0.04 sys=0.00, real=0.01 secs] 
2014-07-28T20:33:50.803+0000: 3593.180: [GC [PSYoungGen: 103648K->320K(102144K)] 396858K->293610K(789120K), 0.0048420 secs] [Times: user=0.03 sys=0.00, real=0.01 secs] 
2014-07-28T20:33:51.526+0000: 3593.904: [GC [PSYoungGen: 102144K->224K(100672K)] 395434K->293538K(787648K), 0.0064000 secs] [Times: user=0.04 sys=0.00, real=0.00 secs] 
2014-07-28T20:33:52.239+0000: 3594.617: [GC [PSYoungGen: 100640K->224K(99328K)] 393954K->293586K(786304K), 0.0057660 secs] [Times: user=0.03 sys=0.00, real=0.01 secs] 
2014-07-28T20:33:52.948+0000: 3595.325: [GC [PSYoungGen: 99268K->448K(98176K)] 392630K->293914K(785152K), 0.0049110 secs] [Times: user=0.03 sys=0.00, real=0.00 secs] 
2014-07-28T20:33:53.680+0000: 3596.058: [GC [PSYoungGen: 98176K->384K(96832K)] 391642K->293938K(783808K), 0.0041370 secs] [Times: user=0.02 sys=0.00, real=0.00 secs] 
2014-07-28T20:33:54.410+0000: 3596.788: [GC [PSYoungGen: 96832K->576K(95744K)] 390386K->294194K(782720K), 0.0082770 secs] [Times: user=0.19 sys=0.14, real=0.28 secs] 
2014-07-28T20:33:55.113+0000: 3597.491: [GC [PSYoungGen: 95744K->256K(94144K)] 389362K->293962K(781120K), 0.0062260 secs] [Times: user=0.04 sys=0.00, real=0.01 secs] 
2014-07-28T20:33:55.801+0000: 3598.178: [GC [PSYoungGen: 94144K->320K(92992K)] 387850K->294090K(779968K), 0.0040440 secs] [Times: user=0.02 sys=0.00, real=0.00 secs] 
2014-07-28T20:33:56.445+0000: 3598.823: [GC [PSYoungGen: 92992K->352K(91840K)] 386762K->294146K(778816K), 0.0075550 secs] [Times: user=0.05 sys=0.00, real=0.01 secs] 
2014-07-28T20:33:57.098+0000: 3599.476: [GC [PSYoungGen: 91766K->384K(90688K)] 385560K->294242K(777664K), 0.0036850 secs] [Times: user=0.03 sys=0.00, real=0.00 secs] 
2014-07-28T20:33:57.746+0000: 3600.124: [GC [PSYoungGen: 90680K->256K(89408K)] 384538K->294170K(776384K), 0.0079070 secs] [Times: user=0.05 sys=0.01, real=0.00 secs] 
2014-07-28T20:33:58.382+0000: 3600.760: [GC [PSYoungGen: 89408K->224K(88320K)] 383322K->294162K(775296K), 0.0065710 secs] [Times: user=0.04 sys=0.00, real=0.01 secs] 
2014-07-28T20:33:59.007+0000: 3601.385: [GC [PSYoungGen: 88288K->288K(87296K)] 382226K->294258K(774272K), 0.0045340 secs] [Times: user=0.01 sys=0.01, real=0.00 secs] 
2014-07-28T20:33:59.630+0000: 3602.008: [GC [PSYoungGen: 87264K->352K(104768K)] 381234K->294346K(791744K), 0.0099230 secs] [Times: user=0.07 sys=0.01, real=0.01 secs] 
2014-07-28T20:34:00.404+0000: 3602.781: [GC [PSYoungGen: 104736K->416K(125760K)] 398730K->294466K(812736K), 0.0126220 secs] [Times: user=0.07 sys=0.00, real=0.02 secs] 
2014-07-28T20:34:01.333+0000: 3603.711: [GC [PSYoungGen: 125728K->320K(123584K)] 419778K->294442K(810560K), 0.0041860 secs] [Times: user=0.02 sys=0.00, real=0.01 secs] 
2014-07-28T20:34:02.212+0000: 3604.590: [GC [PSYoungGen: 123584K->288K(121600K)] 417706K->294458K(808576K), 0.0061430 secs] [Times: user=0.05 sys=0.00, real=0.01 secs] 
2014-07-28T20:34:03.079+0000: 3605.457: [GC [PSYoungGen: 121566K->288K(119680K)] 415736K->294530K(806656K), 0.0054890 secs] [Times: user=0.04 sys=0.01, real=0.00 secs] 
Heap
 PSYoungGen      total 119680K, used 101174K [0x0000000755560000, 0x000000075e310000, 0x0000000800000000)
  eden space 119360K, 84% used [0x0000000755560000,0x000000075b7e5a08,0x000000075c9f0000)
  from space 320K, 90% used [0x000000075e230000,0x000000075e278000,0x000000075e280000)
  to   space 512K, 0% used [0x000000075e290000,0x000000075e290000,0x000000075e310000)
 ParOldGen       total 686976K, used 294242K [0x0000000600000000, 0x0000000629ee0000, 0x0000000755560000)
  object space 686976K, 42% used [0x0000000600000000,0x0000000611f58870,0x0000000629ee0000)
 PSPermGen       total 21248K, used 9449K [0x00000005f5a00000, 0x00000005f6ec0000, 0x0000000600000000)
  object space 21248K, 44% used [0x00000005f5a00000,0x00000005f633a760,0x00000005f6ec0000)
