2014-07-16T12:49:41.615+0000: 24.244: [GC [PSYoungGen: 257728K->42878K(300608K)] 257728K->72385K(987584K), 0.0775160 secs] [Times: user=0.23 sys=0.05, real=0.08 secs] 
2014-07-16T12:49:42.270+0000: 24.899: [GC [PSYoungGen: 300606K->42866K(300608K)] 330113K->83247K(987584K), 0.0740820 secs] [Times: user=0.25 sys=0.03, real=0.07 secs] 
2014-07-16T12:49:43.083+0000: 25.711: [GC [PSYoungGen: 300594K->42856K(300608K)] 340975K->85985K(987584K), 0.0446960 secs] [Times: user=0.16 sys=0.01, real=0.04 secs] 
2014-07-16T12:49:43.903+0000: 26.531: [GC [PSYoungGen: 300584K->42876K(558336K)] 343713K->86655K(1245312K), 0.0585760 secs] [Times: user=0.22 sys=0.02, real=0.06 secs] 
2014-07-16T12:49:45.593+0000: 28.222: [GC [PSYoungGen: 558332K->42875K(558336K)] 602111K->86921K(1245312K), 0.0647770 secs] [Times: user=0.22 sys=0.02, real=0.06 secs] 
2014-07-16T12:49:47.281+0000: 29.909: [GC [PSYoungGen: 558331K->43341K(1102976K)] 602377K->87387K(1789952K), 0.0576420 secs] [Times: user=0.21 sys=0.02, real=0.05 secs] 
2014-07-16T12:49:50.614+0000: 33.242: [GC [PSYoungGen: 1074253K->9918K(1104768K)] 1118299K->87856K(1791744K), 0.0613980 secs] [Times: user=0.21 sys=0.03, real=0.06 secs] 
2014-07-16T12:49:53.624+0000: 36.253: [GC [PSYoungGen: 1040830K->7976K(2138368K)] 1118768K->87570K(2825344K), 0.0296460 secs] [Times: user=0.11 sys=0.01, real=0.03 secs] 
2014-07-16T12:49:58.939+0000: 41.568: [GC [PSYoungGen: 2066792K->7606K(2141376K)] 2146386K->87683K(2828352K), 0.0284120 secs] [Times: user=0.08 sys=0.00, real=0.03 secs] 
2014-07-16T12:50:03.416+0000: 46.044: [GC [PSYoungGen: 2066401K->7487K(2711680K)] 2146478K->88199K(3398656K), 0.0367440 secs] [Times: user=0.12 sys=0.00, real=0.04 secs] 
2014-07-16T12:50:08.993+0000: 51.622: [GC [PSYoungGen: 2635199K->6788K(2634560K)] 2715911K->88060K(3321536K), 0.0164910 secs] [Times: user=0.04 sys=0.01, real=0.01 secs] 
2014-07-16T12:50:14.667+0000: 57.295: [GC [PSYoungGen: 2634500K->7140K(2712960K)] 2715772K->88596K(3399936K), 0.0348840 secs] [Times: user=0.12 sys=0.00, real=0.03 secs] 
2014-07-16T12:50:20.266+0000: 62.895: [GC [PSYoungGen: 2636324K->6980K(2636224K)] 2717780K->88862K(3323200K), 0.0157590 secs] [Times: user=0.05 sys=0.00, real=0.01 secs] 
2014-07-16T12:50:25.822+0000: 68.450: [GC [PSYoungGen: 2636164K->6980K(2516544K)] 2718046K->89035K(3203520K), 0.0056600 secs] [Times: user=0.01 sys=0.00, real=0.01 secs] 
2014-07-16T12:50:31.122+0000: 73.750: [GC [PSYoungGen: 2516484K->6948K(2402752K)] 2598539K->89259K(3089728K), 0.0203310 secs] [Times: user=0.08 sys=0.00, real=0.02 secs] 
2014-07-16T12:50:36.194+0000: 78.822: [GC [PSYoungGen: 2402724K->6934K(2294656K)] 2485035K->89397K(2981632K), 0.0228890 secs] [Times: user=0.06 sys=0.00, real=0.02 secs] 
2014-07-16T12:50:41.044+0000: 83.672: [GC [PSYoungGen: 2294614K->6774K(2191680K)] 2377077K->89501K(2878656K), 0.0064930 secs] [Times: user=0.01 sys=0.00, real=0.01 secs] 
2014-07-16T12:50:45.729+0000: 88.357: [GC [PSYoungGen: 2191670K->6884K(2094144K)] 2274397K->89747K(2781120K), 0.0221730 secs] [Times: user=0.05 sys=0.01, real=0.02 secs] 
2014-07-16T12:50:50.156+0000: 92.785: [GC [PSYoungGen: 2094116K->6732K(2001152K)] 2176979K->89859K(2688128K), 0.0220090 secs] [Times: user=0.08 sys=0.00, real=0.02 secs] 
2014-07-16T12:50:54.424+0000: 97.052: [GC [PSYoungGen: 2001100K->6948K(1913088K)] 2084227K->90195K(2600064K), 0.0200130 secs] [Times: user=0.02 sys=0.01, real=0.02 secs] 
2014-07-16T12:50:58.518+0000: 101.146: [GC [PSYoungGen: 1913060K->6564K(1828800K)] 1996307K->90059K(2515776K), 0.0302660 secs] [Times: user=0.10 sys=0.00, real=0.03 secs] 
2014-07-16T12:51:02.386+0000: 105.014: [GC [PSYoungGen: 1828772K->6756K(1749184K)] 1912267K->90371K(2436160K), 0.0127700 secs] [Times: user=0.01 sys=0.01, real=0.01 secs] 
2014-07-16T12:51:06.107+0000: 108.735: [GC [PSYoungGen: 1749156K->6756K(1673344K)] 1832771K->90547K(2360320K), 0.0231810 secs] [Times: user=0.08 sys=0.00, real=0.02 secs] 
2014-07-16T12:51:09.621+0000: 112.249: [GC [PSYoungGen: 1673296K->6796K(1601280K)] 1757087K->90747K(2288256K), 0.0248510 secs] [Times: user=0.05 sys=0.01, real=0.03 secs] 
2014-07-16T12:51:13.036+0000: 115.665: [GC [PSYoungGen: 1601228K->7020K(1532864K)] 1685179K->91097K(2219840K), 0.0337900 secs] [Times: user=0.12 sys=0.00, real=0.03 secs] 
2014-07-16T12:51:16.248+0000: 118.877: [GC [PSYoungGen: 1532844K->6824K(1467456K)] 1616921K->91100K(2154432K), 0.0282730 secs] [Times: user=0.09 sys=0.00, real=0.03 secs] 
2014-07-16T12:51:19.361+0000: 121.990: [GC [PSYoungGen: 1467432K->6756K(1405376K)] 1551708K->91200K(2092352K), 0.0178420 secs] [Times: user=0.07 sys=0.00, real=0.02 secs] 
2014-07-16T12:51:22.335+0000: 124.963: [GC [PSYoungGen: 1405348K->6710K(1346304K)] 1489792K->91250K(2033280K), 0.0244580 secs] [Times: user=0.08 sys=0.00, real=0.02 secs] 
2014-07-16T12:51:25.201+0000: 127.829: [GC [PSYoungGen: 1346294K->6660K(1290176K)] 1430834K->91360K(1977152K), 0.0363660 secs] [Times: user=0.11 sys=0.00, real=0.04 secs] 
2014-07-16T12:51:27.945+0000: 130.573: [GC [PSYoungGen: 1290076K->6828K(1236864K)] 1374776K->91721K(1923840K), 0.0246550 secs] [Times: user=0.07 sys=0.00, real=0.02 secs] 
2014-07-16T12:51:30.572+0000: 133.201: [GC [PSYoungGen: 1236844K->6916K(1186176K)] 1321737K->91928K(1873152K), 0.0267590 secs] [Times: user=0.09 sys=0.00, real=0.03 secs] 
2014-07-16T12:51:33.069+0000: 135.697: [GC [PSYoungGen: 1186116K->6852K(1137728K)] 1271128K->91968K(1824704K), 0.0256060 secs] [Times: user=0.08 sys=0.00, real=0.02 secs] 
2014-07-16T12:51:35.483+0000: 138.112: [GC [PSYoungGen: 1137667K->6756K(1091584K)] 1222784K->92032K(1778560K), 0.0070120 secs] [Times: user=0.02 sys=0.00, real=0.01 secs] 
2014-07-16T12:51:37.787+0000: 140.415: [GC [PSYoungGen: 1091556K->6760K(1362816K)] 1176832K->92172K(2049792K), 0.0501150 secs] [Times: user=0.16 sys=0.00, real=0.05 secs] 
2014-07-16T12:51:40.671+0000: 143.300: [GC [PSYoungGen: 1362792K->6532K(1305664K)] 1448204K->92048K(1992640K), 0.0064980 secs] [Times: user=0.02 sys=0.00, real=0.01 secs] 
2014-07-16T12:51:43.478+0000: 146.106: [GC [PSYoungGen: 1305604K->6970K(1251904K)] 1391120K->92558K(1938880K), 0.0085490 secs] [Times: user=0.03 sys=0.00, real=0.00 secs] 
2014-07-16T12:51:46.087+0000: 148.715: [GC [PSYoungGen: 1251898K->6660K(1200128K)] 1337486K->92432K(1887104K), 0.0156420 secs] [Times: user=0.06 sys=0.00, real=0.02 secs] 
2014-07-16T12:51:48.665+0000: 151.293: [GC [PSYoungGen: 1200068K->6664K(1151104K)] 1285840K->92556K(1838080K), 0.0160410 secs] [Times: user=0.06 sys=0.00, real=0.02 secs] 
2014-07-16T12:51:51.086+0000: 153.714: [GC [PSYoungGen: 1151048K->6660K(1104448K)] 1236940K->92680K(1791424K), 0.0197770 secs] [Times: user=0.07 sys=0.01, real=0.02 secs] 
2014-07-16T12:51:53.453+0000: 156.082: [GC [PSYoungGen: 1104388K->6892K(1060224K)] 1190408K->93001K(1747200K), 0.0135260 secs] [Times: user=0.04 sys=0.00, real=0.02 secs] 
2014-07-16T12:51:55.695+0000: 158.324: [GC [PSYoungGen: 1060204K->6998K(1018048K)] 1146313K->93322K(1705024K), 0.0169490 secs] [Times: user=0.06 sys=0.00, real=0.02 secs] 
2014-07-16T12:51:57.857+0000: 160.486: [GC [PSYoungGen: 1018006K->6614K(977408K)] 1104330K->93050K(1664384K), 0.0352740 secs] [Times: user=0.11 sys=0.00, real=0.04 secs] 
2014-07-16T12:51:59.984+0000: 162.612: [GC [PSYoungGen: 977366K->6710K(939136K)] 1063802K->93258K(1626112K), 0.0277510 secs] [Times: user=0.09 sys=0.00, real=0.03 secs] 
2014-07-16T12:52:01.965+0000: 164.594: [GC [PSYoungGen: 939126K->6564K(902528K)] 1025674K->93216K(1589504K), 0.0189720 secs] [Times: user=0.06 sys=0.01, real=0.02 secs] 
2014-07-16T12:52:03.896+0000: 166.525: [GC [PSYoungGen: 902500K->6774K(867968K)] 989152K->93530K(1554944K), 0.0051870 secs] [Times: user=0.02 sys=0.01, real=0.01 secs] 
2014-07-16T12:52:05.737+0000: 168.365: [GC [PSYoungGen: 867958K->6906K(835008K)] 954714K->93830K(1521984K), 0.0108370 secs] [Times: user=0.03 sys=0.00, real=0.01 secs] 
2014-07-16T12:52:07.498+0000: 170.126: [GC [PSYoungGen: 835002K->6468K(803072K)] 921926K->93512K(1490048K), 0.0154000 secs] [Times: user=0.05 sys=0.01, real=0.02 secs] 
2014-07-16T12:52:09.242+0000: 171.871: [GC [PSYoungGen: 803012K->6404K(772928K)] 890056K->93544K(1459904K), 0.0063530 secs] [Times: user=0.02 sys=0.00, real=0.00 secs] 
2014-07-16T12:52:10.862+0000: 173.490: [GC [PSYoungGen: 772868K->6710K(744512K)] 860008K->93946K(1431488K), 0.0152000 secs] [Times: user=0.04 sys=0.01, real=0.01 secs] 
2014-07-16T12:52:12.426+0000: 175.055: [GC [PSYoungGen: 744502K->6596K(717120K)] 831738K->93896K(1404096K), 0.0266080 secs] [Times: user=0.10 sys=0.00, real=0.03 secs] 
2014-07-16T12:52:13.987+0000: 176.616: [GC [PSYoungGen: 717060K->6692K(866432K)] 804360K->94176K(1553408K), 0.0475220 secs] [Times: user=0.16 sys=0.01, real=0.05 secs] 
2014-07-16T12:52:15.811+0000: 178.439: [GC [PSYoungGen: 866404K->6596K(1046912K)] 953888K->94216K(1733888K), 0.0219190 secs] [Times: user=0.06 sys=0.01, real=0.03 secs] 
2014-07-16T12:52:18.037+0000: 180.666: [GC [PSYoungGen: 1046852K->6596K(1265408K)] 1134472K->94336K(1952384K), 0.0198190 secs] [Times: user=0.07 sys=0.00, real=0.02 secs] 
2014-07-16T12:52:20.736+0000: 183.364: [GC [PSYoungGen: 1265348K->6564K(1529728K)] 1353088K->94392K(2216704K), 0.0114790 secs] [Times: user=0.04 sys=0.00, real=0.01 secs] 
2014-07-16T12:52:24.023+0000: 186.651: [GC [PSYoungGen: 1529700K->6988K(1465088K)] 1617528K->94897K(2152064K), 0.0155840 secs] [Times: user=0.05 sys=0.00, real=0.02 secs] 
2014-07-16T12:52:27.083+0000: 189.711: [GC [PSYoungGen: 1465036K->6664K(1402880K)] 1552945K->94812K(2089856K), 0.0059950 secs] [Times: user=0.02 sys=0.00, real=0.01 secs] 
2014-07-16T12:52:30.055+0000: 192.683: [GC [PSYoungGen: 1402824K->6998K(1344320K)] 1490972K->95258K(2031296K), 0.0193200 secs] [Times: user=0.06 sys=0.00, real=0.02 secs] 
2014-07-16T12:52:32.884+0000: 195.512: [GC [PSYoungGen: 1344278K->6806K(1288128K)] 1432538K->95162K(1975104K), 0.0218220 secs] [Times: user=0.06 sys=0.00, real=0.03 secs] 
2014-07-16T12:52:35.613+0000: 198.242: [GC [PSYoungGen: 1288086K->6660K(1234688K)] 1376442K->95176K(1921664K), 0.0140320 secs] [Times: user=0.04 sys=0.00, real=0.02 secs] 
2014-07-16T12:52:38.220+0000: 200.849: [GC [PSYoungGen: 1234628K->6052K(1183360K)] 1323144K->95176K(1870336K), 0.0231890 secs] [Times: user=0.08 sys=0.00, real=0.02 secs] 
2014-07-16T12:52:40.733+0000: 203.361: [GC [PSYoungGen: 1183332K->6724K(1135808K)] 1272456K->95968K(1822784K), 0.0055640 secs] [Times: user=0.01 sys=0.01, real=0.01 secs] 
2014-07-16T12:52:43.141+0000: 205.769: [GC [PSYoungGen: 1135748K->5748K(1088832K)] 1224992K->95968K(1775808K), 0.0091060 secs] [Times: user=0.03 sys=0.00, real=0.01 secs] 
2014-07-16T12:52:45.446+0000: 208.074: [GC [PSYoungGen: 1088820K->6564K(1045952K)] 1179040K->96961K(1732928K), 0.0129630 secs] [Times: user=0.04 sys=0.00, real=0.02 secs] 
2014-07-16T12:52:47.636+0000: 210.264: [GC [PSYoungGen: 1045919K->5476K(1003264K)] 1136315K->97329K(1690240K), 0.0252070 secs] [Times: user=0.10 sys=0.00, real=0.03 secs] 
2014-07-16T12:52:49.771+0000: 212.400: [GC [PSYoungGen: 1003236K->6852K(965056K)] 1095089K->98777K(1652032K), 0.0217360 secs] [Times: user=0.07 sys=0.00, real=0.02 secs] 
2014-07-16T12:52:51.814+0000: 214.442: [GC [PSYoungGen: 964995K->4792K(925248K)] 1056920K->98739K(1612224K), 0.0213910 secs] [Times: user=0.07 sys=0.00, real=0.02 secs] 
2014-07-16T12:52:53.782+0000: 216.411: [GC [PSYoungGen: 925240K->6856K(891456K)] 1019187K->100891K(1578432K), 0.0105970 secs] [Times: user=0.03 sys=0.00, real=0.01 secs] 
2014-07-16T12:52:55.671+0000: 218.299: [GC [PSYoungGen: 891400K->4832K(855168K)] 985435K->101035K(1542144K), 0.0195550 secs] [Times: user=0.07 sys=0.01, real=0.02 secs] 
2014-07-16T12:52:57.485+0000: 220.113: [GC [PSYoungGen: 855136K->7056K(824832K)] 951339K->103371K(1511808K), 0.0228470 secs] [Times: user=0.07 sys=0.00, real=0.02 secs] 
2014-07-16T12:52:59.239+0000: 221.867: [GC [PSYoungGen: 824784K->4208K(790912K)] 921099K->103302K(1477888K), 0.0155470 secs] [Times: user=0.05 sys=0.00, real=0.01 secs] 
2014-07-16T12:53:00.918+0000: 223.547: [GC [PSYoungGen: 790896K->6632K(763776K)] 889990K->105790K(1450752K), 0.0045790 secs] [Times: user=0.02 sys=0.00, real=0.01 secs] 
2014-07-16T12:53:02.535+0000: 225.164: [GC [PSYoungGen: 763752K->5156K(734080K)] 862910K->106080K(1421056K), 0.0107680 secs] [Times: user=0.04 sys=0.00, real=0.01 secs] 
2014-07-16T12:53:04.092+0000: 226.721: [GC [PSYoungGen: 734052K->6628K(708672K)] 834976K->107720K(1395648K), 0.0121560 secs] [Times: user=0.04 sys=0.00, real=0.01 secs] 
2014-07-16T12:53:05.601+0000: 228.230: [GC [PSYoungGen: 708644K->3824K(680192K)] 809736K->107944K(1367168K), 0.0215270 secs] [Times: user=0.07 sys=0.01, real=0.02 secs] 
2014-07-16T12:53:07.048+0000: 229.677: [GC [PSYoungGen: 680176K->6646K(658560K)] 784296K->110863K(1345536K), 0.0075860 secs] [Times: user=0.02 sys=0.00, real=0.01 secs] 
2014-07-16T12:53:08.447+0000: 231.075: [GC [PSYoungGen: 658550K->4902K(633536K)] 762767K->110959K(1320512K), 0.0145580 secs] [Times: user=0.05 sys=0.00, real=0.02 secs] 
2014-07-16T12:53:09.794+0000: 232.422: [GC [PSYoungGen: 633510K->7106K(761536K)] 739567K->113283K(1448512K), 0.0215410 secs] [Times: user=0.07 sys=0.01, real=0.02 secs] 
2014-07-16T12:53:11.396+0000: 234.024: [GC [PSYoungGen: 761474K->3068K(729344K)] 867651K->113132K(1416320K), 0.0146550 secs] [Times: user=0.05 sys=0.00, real=0.02 secs] 
2014-07-16T12:53:12.941+0000: 235.569: [GC [PSYoungGen: 729340K->6956K(706496K)] 839404K->117065K(1393472K), 0.0144560 secs] [Times: user=0.05 sys=0.00, real=0.01 secs] 
2014-07-16T12:53:14.428+0000: 237.056: [GC [PSYoungGen: 706476K->5092K(844544K)] 816585K->117105K(1531520K), 0.0193370 secs] [Times: user=0.07 sys=0.00, real=0.02 secs] 
2014-07-16T12:53:16.231+0000: 238.859: [GC [PSYoungGen: 844516K->6760K(1014144K)] 956529K->118853K(1701120K), 0.0194840 secs] [Times: user=0.07 sys=0.00, real=0.02 secs] 
2014-07-16T12:53:18.366+0000: 240.994: [GC [PSYoungGen: 1014120K->3232K(970560K)] 1126213K->119109K(1657536K), 0.0186720 secs] [Times: user=0.06 sys=0.01, real=0.02 secs] 
2014-07-16T12:53:20.491+0000: 243.120: [GC [PSYoungGen: 970528K->7262K(936448K)] 1086405K->123180K(1623424K), 0.0155250 secs] [Times: user=0.05 sys=0.00, real=0.02 secs] 
2014-07-16T12:53:22.467+0000: 245.095: [GC [PSYoungGen: 936414K->4476K(1119488K)] 1052332K->123052K(1806464K), 0.0266030 secs] [Times: user=0.10 sys=0.00, real=0.03 secs] 
2014-07-16T12:53:24.921+0000: 247.549: [GC [PSYoungGen: 1119484K->6820K(1076608K)] 1238060K->125540K(1763584K), 0.0221730 secs] [Times: user=0.07 sys=0.00, real=0.03 secs] 
2014-07-16T12:53:27.190+0000: 249.819: [GC [PSYoungGen: 1076578K->3952K(1287680K)] 1195297K->125532K(1974656K), 0.0303400 secs] [Times: user=0.11 sys=0.01, real=0.03 secs] 
2014-07-16T12:53:29.992+0000: 252.621: [GC [PSYoungGen: 1287664K->6952K(1237248K)] 1409244K->128613K(1924224K), 0.0142030 secs] [Times: user=0.04 sys=0.01, real=0.02 secs] 
2014-07-16T12:53:32.583+0000: 255.211: [GC [PSYoungGen: 1237224K->4066K(1183552K)] 1358884K->128978K(1870528K), 0.0053120 secs] [Times: user=0.01 sys=0.01, real=0.01 secs] 
2014-07-16T12:53:35.114+0000: 257.742: [GC [PSYoungGen: 1183522K->6870K(1137984K)] 1308434K->131926K(1824960K), 0.0132770 secs] [Times: user=0.02 sys=0.00, real=0.01 secs] 
2014-07-16T12:53:37.488+0000: 260.116: [GC [PSYoungGen: 1137942K->4148K(1089216K)] 1262998K->132162K(1776192K), 0.0199260 secs] [Times: user=0.08 sys=0.00, real=0.02 secs] 
2014-07-16T12:53:39.785+0000: 262.413: [GC [PSYoungGen: 1089204K->6742K(1048064K)] 1217218K->134844K(1735040K), 0.0155980 secs] [Times: user=0.05 sys=0.01, real=0.01 secs] 
2014-07-16T12:53:42.008+0000: 264.636: [GC [PSYoungGen: 1048022K->4194K(1003776K)] 1176124K->134984K(1690752K), 0.0237220 secs] [Times: user=0.08 sys=0.00, real=0.02 secs] 
2014-07-16T12:53:44.158+0000: 266.787: [GC [PSYoungGen: 1003746K->6824K(966720K)] 1134536K->137727K(1653696K), 0.0141960 secs] [Times: user=0.05 sys=0.00, real=0.01 secs] 
2014-07-16T12:53:46.190+0000: 268.818: [GC [PSYoungGen: 966696K->3952K(926016K)] 1097599K->137875K(1612992K), 0.0147710 secs] [Times: user=0.05 sys=0.00, real=0.01 secs] 
2014-07-16T12:53:48.143+0000: 270.771: [GC [PSYoungGen: 926000K->6902K(892992K)] 1059923K->140954K(1579968K), 0.0225910 secs] [Times: user=0.08 sys=0.00, real=0.02 secs] 
2014-07-16T12:53:50.031+0000: 272.659: [GC [PSYoungGen: 892982K->4008K(1067328K)] 1027034K->140882K(1754304K), 0.0351120 secs] [Times: user=0.13 sys=0.00, real=0.04 secs] 
2014-07-16T12:53:52.296+0000: 274.925: [GC [PSYoungGen: 1067304K->6920K(1282944K)] 1204178K->143842K(1969920K), 0.0194630 secs] [Times: user=0.07 sys=0.00, real=0.02 secs] 
2014-07-16T12:53:54.994+0000: 277.622: [GC [PSYoungGen: 1282888K->3756K(1226688K)] 1419810K->144009K(1913664K), 0.0222030 secs] [Times: user=0.08 sys=0.01, real=0.02 secs] 
2014-07-16T12:53:57.589+0000: 280.217: [GC [PSYoungGen: 1226668K->6792K(1179264K)] 1366921K->147158K(1866240K), 0.0106650 secs] [Times: user=0.02 sys=0.00, real=0.01 secs] 
2014-07-16T12:54:00.103+0000: 282.732: [GC [PSYoungGen: 1179208K->4154K(1128576K)] 1319574K->147408K(1815552K), 0.0273150 secs] [Times: user=0.10 sys=0.00, real=0.03 secs] 
2014-07-16T12:54:02.497+0000: 285.125: [GC [PSYoungGen: 1128570K->6724K(1085504K)] 1271824K->150058K(1772480K), 0.0114640 secs] [Times: user=0.03 sys=0.00, real=0.02 secs] 
2014-07-16T12:54:04.789+0000: 287.417: [GC [PSYoungGen: 1085444K->3688K(1038912K)] 1228778K->150382K(1725888K), 0.0220100 secs] [Times: user=0.07 sys=0.01, real=0.02 secs] 
2014-07-16T12:54:07.048+0000: 289.676: [GC [PSYoungGen: 1038888K->6920K(1000768K)] 1185582K->153726K(1687744K), 0.0347690 secs] [Times: user=0.11 sys=0.00, real=0.04 secs] 
2014-07-16T12:54:09.181+0000: 291.809: [GC [PSYoungGen: 1000712K->4080K(958464K)] 1147518K->153786K(1645440K), 0.0206220 secs] [Times: user=0.07 sys=0.00, real=0.02 secs] 
2014-07-16T12:54:11.231+0000: 293.859: [GC [PSYoungGen: 958448K->6984K(1152320K)] 1108154K->156762K(1839296K), 0.0317150 secs] [Times: user=0.11 sys=0.00, real=0.03 secs] 
2014-07-16T12:54:13.657+0000: 296.285: [GC [PSYoungGen: 1152264K->3496K(1377856K)] 1302042K->156883K(2064832K), 0.0215630 secs] [Times: user=0.07 sys=0.00, real=0.02 secs] 
2014-07-16T12:54:16.580+0000: 299.208: [GC [PSYoungGen: 1377832K->7116K(1656384K)] 1531219K->160631K(2343360K), 0.0287120 secs] [Times: user=0.09 sys=0.00, real=0.03 secs] 
2014-07-16T12:54:20.087+0000: 302.715: [GC [PSYoungGen: 1656332K->3952K(1581888K)] 1809847K->160653K(2268864K), 0.0123840 secs] [Times: user=0.02 sys=0.00, real=0.01 secs] 
2014-07-16T12:54:23.506+0000: 306.135: [GC [PSYoungGen: 1581872K->6952K(1517120K)] 1738573K->163733K(2204096K), 0.0113880 secs] [Times: user=0.04 sys=0.00, real=0.01 secs] 
2014-07-16T12:54:26.706+0000: 309.334: [GC [PSYoungGen: 1517096K->3824K(1449536K)] 1673877K->164061K(2136512K), 0.0156360 secs] [Times: user=0.04 sys=0.00, real=0.01 secs] 
2014-07-16T12:54:29.773+0000: 312.401: [GC [PSYoungGen: 1449520K->7066K(1391488K)] 1609757K->167431K(2078464K), 0.0231150 secs] [Times: user=0.08 sys=0.00, real=0.02 secs] 
2014-07-16T12:54:32.751+0000: 315.380: [GC [PSYoungGen: 1391450K->3952K(1330048K)] 1551815K->167468K(2017024K), 0.0265940 secs] [Times: user=0.09 sys=0.00, real=0.03 secs] 
2014-07-16T12:54:35.576+0000: 318.205: [GC [PSYoungGen: 1330032K->6792K(1277440K)] 1493548K->170452K(1964416K), 0.0061500 secs] [Times: user=0.01 sys=0.00, real=0.00 secs] 
2014-07-16T12:54:38.321+0000: 320.949: [GC [PSYoungGen: 1277384K->4080K(1221888K)] 1441044K->170948K(1908864K), 0.0215620 secs] [Times: user=0.08 sys=0.00, real=0.02 secs] 
2014-07-16T12:54:40.969+0000: 323.597: [GC [PSYoungGen: 1221872K->6860K(1174464K)] 1388740K->173824K(1861440K), 0.0130430 secs] [Times: user=0.03 sys=0.01, real=0.01 secs] 
2014-07-16T12:54:43.402+0000: 326.030: [GC [PSYoungGen: 1174412K->4020K(1123776K)] 1341376K->174024K(1810752K), 0.0174300 secs] [Times: user=0.06 sys=0.00, real=0.02 secs] 
2014-07-16T12:54:45.772+0000: 328.400: [GC [PSYoungGen: 1123764K->6838K(1081088K)] 1293768K->176986K(1768064K), 0.0211270 secs] [Times: user=0.07 sys=0.00, real=0.02 secs] 
2014-07-16T12:54:48.071+0000: 330.699: [GC [PSYoungGen: 1081078K->4026K(1035008K)] 1251226K->176904K(1721984K), 0.0141660 secs] [Times: user=0.03 sys=0.01, real=0.02 secs] 
2014-07-16T12:54:50.262+0000: 332.891: [GC [PSYoungGen: 1035002K->6824K(996608K)] 1207880K->179814K(1683584K), 0.0113670 secs] [Times: user=0.03 sys=0.00, real=0.01 secs] 
2014-07-16T12:54:52.363+0000: 334.991: [GC [PSYoungGen: 996584K->4026K(954560K)] 1169574K->179822K(1641536K), 0.0164260 secs] [Times: user=0.06 sys=0.00, real=0.02 secs] 
2014-07-16T12:54:54.408+0000: 337.037: [GC [PSYoungGen: 954554K->6742K(919936K)] 1130350K->182667K(1606912K), 0.0269910 secs] [Times: user=0.09 sys=0.00, real=0.02 secs] 
2014-07-16T12:54:56.394+0000: 339.022: [GC [PSYoungGen: 919894K->4094K(1099904K)] 1095819K->182904K(1786880K), 0.0313370 secs] [Times: user=0.11 sys=0.00, real=0.03 secs] 
2014-07-16T12:54:58.708+0000: 341.336: [GC [PSYoungGen: 1099902K->6920K(1058432K)] 1278712K->185834K(1745408K), 0.0135840 secs] [Times: user=0.05 sys=0.00, real=0.01 secs] 
2014-07-16T12:55:00.946+0000: 343.575: [GC [PSYoungGen: 1058339K->3688K(1012992K)] 1237253K->185815K(1699968K), 0.0143490 secs] [Times: user=0.04 sys=0.00, real=0.02 secs] 
2014-07-16T12:55:03.101+0000: 345.729: [GC [PSYoungGen: 1012968K->7024K(976128K)] 1195095K->189200K(1663104K), 0.0161890 secs] [Times: user=0.05 sys=0.00, real=0.02 secs] 
2014-07-16T12:55:05.162+0000: 347.790: [GC [PSYoungGen: 976112K->3884K(934720K)] 1158288K->189325K(1621696K), 0.0071180 secs] [Times: user=0.02 sys=0.00, real=0.01 secs] 
2014-07-16T12:55:07.162+0000: 349.790: [GC [PSYoungGen: 934700K->6824K(901248K)] 1120141K->192410K(1588224K), 0.0146940 secs] [Times: user=0.05 sys=0.00, real=0.01 secs] 
2014-07-16T12:55:09.077+0000: 351.706: [GC [PSYoungGen: 901224K->4002K(863744K)] 1086810K->192714K(1550720K), 0.0202420 secs] [Times: user=0.07 sys=0.00, real=0.02 secs] 
2014-07-16T12:55:10.917+0000: 353.545: [GC [PSYoungGen: 863714K->6806K(833536K)] 1052426K->195590K(1520512K), 0.0186850 secs] [Times: user=0.07 sys=0.00, real=0.02 secs] 
2014-07-16T12:55:12.678+0000: 355.306: [GC [PSYoungGen: 833494K->3884K(995968K)] 1022278K->195726K(1682944K), 0.0284740 secs] [Times: user=0.10 sys=0.00, real=0.03 secs] 
2014-07-16T12:55:14.787+0000: 357.416: [GC [PSYoungGen: 995948K->6810K(959552K)] 1187790K->198789K(1646528K), 0.0059420 secs] [Times: user=0.02 sys=0.00, real=0.01 secs] 
2014-07-16T12:55:16.814+0000: 359.443: [GC [PSYoungGen: 959514K->3888K(919168K)] 1151493K->198899K(1606144K), 0.0200280 secs] [Times: user=0.07 sys=0.00, real=0.02 secs] 
2014-07-16T12:55:18.770+0000: 361.399: [GC [PSYoungGen: 919152K->6632K(886272K)] 1114163K->201731K(1573248K), 0.0233970 secs] [Times: user=0.08 sys=0.00, real=0.02 secs] 
2014-07-16T12:55:20.647+0000: 363.276: [GC [PSYoungGen: 886248K->4094K(1059648K)] 1081347K->201843K(1746624K), 0.0281220 secs] [Times: user=0.10 sys=0.00, real=0.03 secs] 
2014-07-16T12:55:22.918+0000: 365.546: [GC [PSYoungGen: 1059646K->6952K(1273664K)] 1257395K->204774K(1960640K), 0.0231830 secs] [Times: user=0.07 sys=0.00, real=0.03 secs] 
2014-07-16T12:55:25.620+0000: 368.248: [GC [PSYoungGen: 1273640K->3580K(1217664K)] 1471462K->204924K(1904640K), 0.0147430 secs] [Times: user=0.04 sys=0.01, real=0.02 secs] 
2014-07-16T12:55:28.213+0000: 370.842: [GC [PSYoungGen: 1217660K->6884K(1170944K)] 1419004K->208349K(1857920K), 0.0094940 secs] [Times: user=0.02 sys=0.00, real=0.01 secs] 
2014-07-16T12:55:30.696+0000: 373.325: [GC [PSYoungGen: 1170916K->4130K(1120576K)] 1372381K->208213K(1807552K), 0.0249540 secs] [Times: user=0.09 sys=0.00, real=0.03 secs] 
2014-07-16T12:55:33.078+0000: 375.706: [GC [PSYoungGen: 1120546K->7066K(1078208K)] 1324629K->211205K(1765184K), 0.0175890 secs] [Times: user=0.06 sys=0.00, real=0.02 secs] 
2014-07-16T12:55:35.352+0000: 377.981: [GC [PSYoungGen: 1078170K->3374K(1031360K)] 1282309K->211120K(1718336K), 0.0196470 secs] [Times: user=0.06 sys=0.00, real=0.02 secs] 
2014-07-16T12:55:37.573+0000: 380.201: [GC [PSYoungGen: 1031342K->6806K(993728K)] 1239088K->214648K(1680704K), 0.0161630 secs] [Times: user=0.06 sys=0.00, real=0.01 secs] 
2014-07-16T12:55:39.657+0000: 382.286: [GC [PSYoungGen: 993686K->4404K(952192K)] 1201528K->214768K(1639168K), 0.0192960 secs] [Times: user=0.07 sys=0.00, real=0.02 secs] 
2014-07-16T12:55:41.712+0000: 384.340: [GC [PSYoungGen: 952180K->6988K(917568K)] 1162544K->217433K(1604544K), 0.0146910 secs] [Times: user=0.04 sys=0.01, real=0.02 secs] 
2014-07-16T12:55:43.634+0000: 386.262: [GC [PSYoungGen: 917508K->3054K(878144K)] 1127952K->217571K(1565120K), 0.0249470 secs] [Times: user=0.09 sys=0.01, real=0.02 secs] 
2014-07-16T12:55:45.518+0000: 388.147: [GC [PSYoungGen: 878126K->6970K(848256K)] 1092643K->221623K(1535232K), 0.0138790 secs] [Times: user=0.03 sys=0.00, real=0.01 secs] 
2014-07-16T12:55:47.360+0000: 389.988: [GC [PSYoungGen: 848250K->4604K(813696K)] 1062903K->221753K(1500672K), 0.0230810 secs] [Times: user=0.08 sys=0.00, real=0.02 secs] 
2014-07-16T12:55:49.080+0000: 391.708: [GC [PSYoungGen: 813664K->6818K(785280K)] 1030813K->224072K(1472256K), 0.0102540 secs] [Times: user=0.03 sys=0.00, real=0.01 secs] 
2014-07-16T12:55:50.723+0000: 393.352: [GC [PSYoungGen: 785250K->3196K(752448K)] 1002504K->224041K(1439424K), 0.0059700 secs] [Times: user=0.01 sys=0.00, real=0.01 secs] 
2014-07-16T12:55:52.366+0000: 394.995: [GC [PSYoungGen: 752444K->6970K(728384K)] 973289K->227904K(1415360K), 0.0179710 secs] [Times: user=0.06 sys=0.00, real=0.01 secs] 
2014-07-16T12:55:53.902+0000: 396.530: [GC [PSYoungGen: 728378K->4472K(870208K)] 949312K->227964K(1557184K), 0.0317300 secs] [Times: user=0.12 sys=0.00, real=0.03 secs] 
2014-07-16T12:55:55.753+0000: 398.381: [GC [PSYoungGen: 870200K->6842K(839232K)] 1093692K->230462K(1526208K), 0.0107920 secs] [Times: user=0.04 sys=0.00, real=0.01 secs] 
2014-07-16T12:55:57.540+0000: 400.168: [GC [PSYoungGen: 839226K->3310K(1002240K)] 1062846K->230562K(1689216K), 0.0236450 secs] [Times: user=0.08 sys=0.00, real=0.02 secs] 
2014-07-16T12:55:59.666+0000: 402.295: [GC [PSYoungGen: 1002222K->6778K(966016K)] 1229474K->234118K(1652992K), 0.0131280 secs] [Times: user=0.04 sys=0.00, real=0.01 secs] 
2014-07-16T12:56:01.700+0000: 404.328: [GC [PSYoungGen: 966010K->4408K(1155520K)] 1193350K->234326K(1842496K), 0.0266160 secs] [Times: user=0.09 sys=0.01, real=0.03 secs] 
2014-07-16T12:56:04.141+0000: 406.770: [GC [PSYoungGen: 1155495K->7134K(1111296K)] 1385413K->237116K(1798272K), 0.0058050 secs] [Times: user=0.02 sys=0.00, real=0.01 secs] 
2014-07-16T12:56:06.490+0000: 409.119: [GC [PSYoungGen: 1111262K->2936K(1062336K)] 1341244K->237047K(1749312K), 0.0299000 secs] [Times: user=0.10 sys=0.01, real=0.03 secs] 
2014-07-16T12:56:08.812+0000: 411.440: [GC [PSYoungGen: 1062328K->6906K(1278208K)] 1296439K->241097K(1965184K), 0.0358590 secs] [Times: user=0.13 sys=0.00, real=0.04 secs] 
2014-07-16T12:56:11.524+0000: 414.153: [GC [PSYoungGen: 1278202K->4784K(1530368K)] 1512393K->241220K(2217344K), 0.0217770 secs] [Times: user=0.08 sys=0.00, real=0.02 secs] 
2014-07-16T12:56:14.778+0000: 417.407: [GC [PSYoungGen: 1530352K->6856K(1467264K)] 1766788K->243340K(2154240K), 0.0272110 secs] [Times: user=0.10 sys=0.00, real=0.02 secs] 
2014-07-16T12:56:17.913+0000: 420.541: [GC [PSYoungGen: 1467208K->2936K(1401280K)] 1703692K->243690K(2088256K), 0.0318670 secs] [Times: user=0.11 sys=0.00, real=0.03 secs] 
2014-07-16T12:56:20.874+0000: 423.502: [GC [PSYoungGen: 1401272K->6924K(1346304K)] 1642026K->247774K(2033280K), 0.0202240 secs] [Times: user=0.07 sys=0.00, real=0.02 secs] 
2014-07-16T12:56:23.745+0000: 426.373: [GC [PSYoungGen: 1346252K->4836K(1288064K)] 1587102K->248084K(1975040K), 0.0215560 secs] [Times: user=0.08 sys=0.00, real=0.02 secs] 
2014-07-16T12:56:26.485+0000: 429.113: [GC [PSYoungGen: 1288036K->6692K(1236544K)] 1531284K->250156K(1923520K), 0.0140080 secs] [Times: user=0.05 sys=0.00, real=0.01 secs] 
2014-07-16T12:56:29.093+0000: 431.721: [GC [PSYoungGen: 1236516K->3168K(1182208K)] 1479980K->250364K(1869184K), 0.0258430 secs] [Times: user=0.08 sys=0.01, real=0.02 secs] 
2014-07-16T12:56:31.617+0000: 434.245: [GC [PSYoungGen: 1182176K->7224K(1137920K)] 1429372K->254517K(1824896K), 0.0193680 secs] [Times: user=0.07 sys=0.00, real=0.02 secs] 
2014-07-16T12:56:34.050+0000: 436.678: [GC [PSYoungGen: 1137912K->4326K(1089024K)] 1385205K->254671K(1776000K), 0.0294030 secs] [Times: user=0.11 sys=0.00, real=0.03 secs] 
2014-07-16T12:56:36.376+0000: 439.004: [GC [PSYoungGen: 1088998K->6852K(1047808K)] 1339343K->257405K(1734784K), 0.0280890 secs] [Times: user=0.10 sys=0.00, real=0.03 secs] 
2014-07-16T12:56:38.621+0000: 441.250: [GC [PSYoungGen: 1047748K->3890K(1252992K)] 1298301K->257405K(1939968K), 0.0251440 secs] [Times: user=0.09 sys=0.00, real=0.03 secs] 
2014-07-16T12:56:41.312+0000: 443.940: [GC [PSYoungGen: 1252978K->6760K(1204160K)] 1506493K->260355K(1891136K), 0.0086030 secs] [Times: user=0.02 sys=0.00, real=0.01 secs] 
2014-07-16T12:56:43.858+0000: 446.486: [GC [PSYoungGen: 1204136K->4344K(1152512K)] 1457731K->260703K(1839488K), 0.0281370 secs] [Times: user=0.10 sys=0.00, real=0.03 secs] 
2014-07-16T12:56:46.302+0000: 448.931: [GC [PSYoungGen: 1152504K->6824K(1108160K)] 1408863K->263383K(1795136K), 0.0207890 secs] [Times: user=0.06 sys=0.00, real=0.03 secs] 
2014-07-16T12:56:48.672+0000: 451.300: [GC [PSYoungGen: 1108136K->3816K(1060544K)] 1364695K->263445K(1747520K), 0.0158770 secs] [Times: user=0.04 sys=0.00, real=0.02 secs] 
2014-07-16T12:56:50.936+0000: 453.565: [GC [PSYoungGen: 1060520K->6938K(1021248K)] 1320149K->266687K(1708224K), 0.0140410 secs] [Times: user=0.05 sys=0.01, real=0.01 secs] 
2014-07-16T12:56:53.103+0000: 455.732: [GC [PSYoungGen: 1021210K->4094K(977984K)] 1280959K->266805K(1664960K), 0.0213000 secs] [Times: user=0.07 sys=0.00, real=0.03 secs] 
2014-07-16T12:56:55.176+0000: 457.804: [GC [PSYoungGen: 977982K->6924K(942400K)] 1240693K->269811K(1629376K), 0.0188080 secs] [Times: user=0.06 sys=0.00, real=0.02 secs] 
2014-07-16T12:56:57.172+0000: 459.800: [GC [PSYoungGen: 942348K->3706K(902528K)] 1205235K->270199K(1589504K), 0.0295000 secs] [Times: user=0.10 sys=0.00, real=0.03 secs] 
2014-07-16T12:56:59.131+0000: 461.759: [GC [PSYoungGen: 902522K->6988K(870976K)] 1169015K->273562K(1557952K), 0.0081790 secs] [Times: user=0.02 sys=0.00, real=0.01 secs] 
2014-07-16T12:57:00.975+0000: 463.604: [GC [PSYoungGen: 870924K->4154K(1040896K)] 1137498K->273560K(1727872K), 0.0311460 secs] [Times: user=0.11 sys=0.00, real=0.03 secs] 
2014-07-16T12:57:03.214+0000: 465.842: [GC [PSYoungGen: 1040890K->7030K(1251136K)] 1310296K->276524K(1938112K), 0.0279010 secs] [Times: user=0.11 sys=0.00, real=0.03 secs] 
2014-07-16T12:57:05.864+0000: 468.492: [GC [PSYoungGen: 1251126K->3560K(1196160K)] 1520620K->276575K(1883136K), 0.0157100 secs] [Times: user=0.05 sys=0.00, real=0.02 secs] 
2014-07-16T12:57:08.435+0000: 471.064: [GC [PSYoungGen: 1196136K->6810K(1150400K)] 1469151K->279929K(1837376K), 0.0139910 secs] [Times: user=0.04 sys=0.00, real=0.02 secs] 
2014-07-16T12:57:10.879+0000: 473.507: [GC [PSYoungGen: 1150362K->4332K(1101248K)] 1423481K->280183K(1788224K), 0.0295760 secs] [Times: user=0.10 sys=0.00, real=0.03 secs] 
2014-07-16T12:57:13.249+0000: 475.878: [GC [PSYoungGen: 1101228K->7116K(1059712K)] 1377079K->283039K(1746688K), 0.0258390 secs] [Times: user=0.10 sys=0.00, real=0.02 secs] 
2014-07-16T12:57:15.472+0000: 478.100: [GC [PSYoungGen: 1059660K->3250K(1013568K)] 1335583K->283138K(1700544K), 0.0185980 secs] [Times: user=0.07 sys=0.01, real=0.02 secs] 
2014-07-16T12:57:17.611+0000: 480.239: [GC [PSYoungGen: 1013554K->6874K(977024K)] 1293442K->286858K(1664000K), 0.0194720 secs] [Times: user=0.07 sys=0.00, real=0.02 secs] 
2014-07-16T12:57:19.697+0000: 482.325: [GC [PSYoungGen: 976986K->4734K(936576K)] 1256970K->286994K(1623552K), 0.0222010 secs] [Times: user=0.08 sys=0.00, real=0.03 secs] 
2014-07-16T12:57:21.691+0000: 484.320: [GC [PSYoungGen: 936562K->6910K(1125120K)] 1218823K->289285K(1812096K), 0.0240070 secs] [Times: user=0.08 sys=0.00, real=0.02 secs] 
2014-07-16T12:57:24.082+0000: 486.711: [GC [PSYoungGen: 1125118K->3122K(1345024K)] 1407493K->289453K(2032000K), 0.0274600 secs] [Times: user=0.10 sys=0.00, real=0.03 secs] 
2014-07-16T12:57:26.930+0000: 489.558: [GC [PSYoungGen: 1344957K->7134K(1617472K)] 1631289K->293602K(2304448K), 0.0335280 secs] [Times: user=0.11 sys=0.00, real=0.03 secs] 
2014-07-16T12:57:30.364+0000: 492.993: [GC [PSYoungGen: 1617438K->4450K(1734016K)] 1903906K->293544K(2420992K), 0.0283460 secs] [Times: user=0.10 sys=0.00, real=0.03 secs] 
2014-07-16T12:57:34.077+0000: 496.705: [GC [PSYoungGen: 1733986K->7066K(1661440K)] 2023080K->296272K(2348416K), 0.0324330 secs] [Times: user=0.11 sys=0.00, real=0.03 secs] 
2014-07-16T12:57:37.596+0000: 500.225: [GC [PSYoungGen: 1661402K->310K(1583104K)] 1950608K->296594K(2270080K), 0.0194880 secs] [Times: user=0.07 sys=0.01, real=0.02 secs] 
2014-07-16T12:57:40.979+0000: 503.608: [GC [PSYoungGen: 1583094K->7348K(1522112K)] 1879378K->303649K(2209088K), 0.0132010 secs] [Times: user=0.04 sys=0.00, real=0.02 secs] 
2014-07-16T12:57:44.260+0000: 506.888: [GC [PSYoungGen: 1522100K->6820K(1456896K)] 1818401K->303841K(2143872K), 0.0337010 secs] [Times: user=0.11 sys=0.00, real=0.04 secs] 
2014-07-16T12:57:47.357+0000: 509.985: [GC [PSYoungGen: 1456868K->6742K(1395328K)] 1753889K->304035K(2082304K), 0.0269890 secs] [Times: user=0.10 sys=0.00, real=0.03 secs] 
2014-07-16T12:57:50.336+0000: 512.964: [GC [PSYoungGen: 1395286K->1382K(1331456K)] 1692579K->304243K(2018432K), 0.0176710 secs] [Times: user=0.06 sys=0.00, real=0.02 secs] 
2014-07-16T12:57:53.152+0000: 515.780: [GC [PSYoungGen: 1331430K->7280K(1281664K)] 1634291K->310173K(1968640K), 0.0309070 secs] [Times: user=0.11 sys=0.00, real=0.03 secs] 
2014-07-16T12:57:55.873+0000: 518.501: [GC [PSYoungGen: 1281648K->6308K(1227712K)] 1584541K->310213K(1914688K), 0.0246940 secs] [Times: user=0.08 sys=0.00, real=0.03 secs] 
2014-07-16T12:57:58.479+0000: 521.107: [GC [PSYoungGen: 1227684K->6696K(1177728K)] 1531589K->310777K(1864704K), 0.0093790 secs] [Times: user=0.02 sys=0.00, real=0.01 secs] 
2014-07-16T12:58:00.969+0000: 523.598: [GC [PSYoungGen: 1177704K->2226K(1125312K)] 1481785K->311088K(1812288K), 0.0225910 secs] [Times: user=0.06 sys=0.01, real=0.02 secs] 
2014-07-16T12:58:03.372+0000: 526.001: [GC [PSYoungGen: 1125298K->7252K(1084736K)] 1434160K->316195K(1771712K), 0.0099000 secs] [Times: user=0.02 sys=0.00, real=0.01 secs] 
2014-07-16T12:58:05.694+0000: 528.323: [GC [PSYoungGen: 1084692K->5604K(1039616K)] 1393635K->316185K(1726592K), 0.0216150 secs] [Times: user=0.08 sys=0.00, real=0.03 secs] 
2014-07-16T12:58:07.897+0000: 530.526: [GC [PSYoungGen: 1039588K->6678K(999360K)] 1350169K->317395K(1686336K), 0.0134340 secs] [Times: user=0.05 sys=0.00, real=0.01 secs] 
2014-07-16T12:58:09.997+0000: 532.626: [GC [PSYoungGen: 999318K->2932K(956224K)] 1310035K->317540K(1643200K), 0.0269230 secs] [Times: user=0.09 sys=0.01, real=0.02 secs] 
2014-07-16T12:58:12.029+0000: 534.657: [GC [PSYoungGen: 956212K->6846K(922624K)] 1270820K->321487K(1609600K), 0.0074220 secs] [Times: user=0.02 sys=0.00, real=0.01 secs] 
2014-07-16T12:58:14.106+0000: 536.735: [GC [PSYoungGen: 922622K->5476K(885568K)] 1237263K->321849K(1572544K), 0.0128800 secs] [Times: user=0.05 sys=0.00, real=0.01 secs] 
2014-07-16T12:58:16.034+0000: 538.663: [GC [PSYoungGen: 885516K->7002K(853120K)] 1201889K->323543K(1540096K), 0.0343680 secs] [Times: user=0.12 sys=0.00, real=0.04 secs] 
2014-07-16T12:58:17.829+0000: 540.457: [GC [PSYoungGen: 853082K->2748K(1018048K)] 1169623K->323453K(1705024K), 0.0512020 secs] [Times: user=0.19 sys=0.00, real=0.05 secs] 
2014-07-16T12:58:20.030+0000: 542.658: [GC [PSYoungGen: 1018044K->6956K(1225344K)] 1338749K->327717K(1912320K), 0.0157850 secs] [Times: user=0.05 sys=0.00, real=0.01 secs] 
2014-07-16T12:58:22.639+0000: 545.268: [GC [PSYoungGen: 1225324K->5426K(1467520K)] 1546085K->327773K(2154496K), 0.0179530 secs] [Times: user=0.06 sys=0.00, real=0.02 secs] 
2014-07-16T12:58:25.783+0000: 548.411: [GC [PSYoungGen: 1467506K->7052K(1407040K)] 1789853K->329567K(2094016K), 0.0147640 secs] [Times: user=0.03 sys=0.00, real=0.02 secs] 
2014-07-16T12:58:28.782+0000: 551.411: [GC [PSYoungGen: 1406981K->2366K(1343232K)] 1729496K->329707K(2030208K), 0.0232670 secs] [Times: user=0.08 sys=0.01, real=0.02 secs] 
2014-07-16T12:58:31.646+0000: 554.274: [GC [PSYoungGen: 1343230K->7020K(1291712K)] 1670571K->334433K(1978688K), 0.0157160 secs] [Times: user=0.06 sys=0.00, real=0.02 secs] 
2014-07-16T12:58:34.407+0000: 557.035: [GC [PSYoungGen: 1291692K->5476K(1236736K)] 1619105K->334509K(1923712K), 0.0219980 secs] [Times: user=0.08 sys=0.00, real=0.02 secs] 
2014-07-16T12:58:37.029+0000: 559.658: [GC [PSYoungGen: 1236708K->6724K(1187136K)] 1565741K->335989K(1874112K), 0.0274300 secs] [Times: user=0.09 sys=0.00, real=0.03 secs] 
2014-07-16T12:58:39.570+0000: 562.198: [GC [PSYoungGen: 1187076K->2608K(1134592K)] 1516341K->336123K(1821568K), 0.0214180 secs] [Times: user=0.07 sys=0.00, real=0.03 secs] 
2014-07-16T12:58:41.975+0000: 564.604: [GC [PSYoungGen: 1134576K->7184K(1093120K)] 1468091K->340764K(1780096K), 0.0212390 secs] [Times: user=0.07 sys=0.00, real=0.02 secs] 
2014-07-16T12:58:44.308+0000: 566.937: [GC [PSYoungGen: 1093051K->5046K(1047104K)] 1426630K->340828K(1734080K), 0.0227680 secs] [Times: user=0.08 sys=0.00, real=0.03 secs] 
2014-07-16T12:58:46.522+0000: 569.151: [GC [PSYoungGen: 1047092K->6988K(1007360K)] 1382873K->342930K(1694336K), 0.0191400 secs] [Times: user=0.06 sys=0.00, real=0.02 secs] 
2014-07-16T12:58:48.645+0000: 571.273: [GC [PSYoungGen: 1007308K->2914K(963520K)] 1343250K->342779K(1650496K), 0.0139630 secs] [Times: user=0.04 sys=0.01, real=0.01 secs] 
2014-07-16T12:58:50.756+0000: 573.384: [GC [PSYoungGen: 963490K->6974K(929728K)] 1303355K->346920K(1616704K), 0.0233260 secs] [Times: user=0.08 sys=0.00, real=0.02 secs] 
2014-07-16T12:58:52.730+0000: 575.359: [GC [PSYoungGen: 929726K->4978K(891712K)] 1269672K->347304K(1578688K), 0.0220970 secs] [Times: user=0.08 sys=0.00, real=0.03 secs] 
2014-07-16T12:58:54.613+0000: 577.242: [GC [PSYoungGen: 891630K->6974K(859392K)] 1233956K->349476K(1546368K), 0.0168260 secs] [Times: user=0.05 sys=0.00, real=0.01 secs] 
2014-07-16T12:58:56.447+0000: 579.075: [GC [PSYoungGen: 859390K->3060K(822784K)] 1201892K->349559K(1509760K), 0.0123510 secs] [Times: user=0.04 sys=0.00, real=0.01 secs] 
2014-07-16T12:58:58.196+0000: 580.825: [GC [PSYoungGen: 822772K->7192K(795776K)] 1169271K->353780K(1482752K), 0.0151170 secs] [Times: user=0.06 sys=0.00, real=0.01 secs] 
2014-07-16T12:58:59.880+0000: 582.508: [GC [PSYoungGen: 795736K->4600K(763456K)] 1142324K->353697K(1450432K), 0.0173430 secs] [Times: user=0.06 sys=0.00, real=0.02 secs] 
2014-07-16T12:59:01.488+0000: 584.117: [GC [PSYoungGen: 763414K->6746K(917440K)] 1112512K->355924K(1604416K), 0.0250680 secs] [Times: user=0.09 sys=0.00, real=0.03 secs] 
2014-07-16T12:59:03.414+0000: 586.042: [GC [PSYoungGen: 917402K->3510K(1096320K)] 1266580K->356439K(1783296K), 0.0262750 secs] [Times: user=0.09 sys=0.00, real=0.03 secs] 
2014-07-16T12:59:05.729+0000: 588.358: [GC [PSYoungGen: 1096310K->6824K(1318208K)] 1449239K->359898K(2005184K), 0.0328870 secs] [Times: user=0.12 sys=0.00, real=0.03 secs] 
2014-07-16T12:59:08.526+0000: 591.154: [GC [PSYoungGen: 1318184K->4650K(1578304K)] 1671258K->360086K(2265280K), 0.0174270 secs] [Times: user=0.06 sys=0.00, real=0.01 secs] 
2014-07-16T12:59:11.896+0000: 594.524: [GC [PSYoungGen: 1578282K->6742K(1512832K)] 1933718K->362282K(2199808K), 0.0238710 secs] [Times: user=0.08 sys=0.00, real=0.02 secs] 
2014-07-16T12:59:15.111+0000: 597.740: [GC [PSYoungGen: 1512790K->3560K(1445376K)] 1868330K->362666K(2132352K), 0.0179220 secs] [Times: user=0.07 sys=0.00, real=0.02 secs] 
2014-07-16T12:59:18.206+0000: 600.835: [GC [PSYoungGen: 1445313K->6842K(1387520K)] 1804419K->366100K(2074496K), 0.0226250 secs] [Times: user=0.08 sys=0.00, real=0.02 secs] 
2014-07-16T12:59:21.217+0000: 603.845: [GC [PSYoungGen: 1387514K->4586K(1327168K)] 1746772K->366314K(2014144K), 0.0289970 secs] [Times: user=0.11 sys=0.00, real=0.03 secs] 
2014-07-16T12:59:24.039+0000: 606.668: [GC [PSYoungGen: 1327146K->7062K(1274368K)] 1688874K->368902K(1961344K), 0.0330840 secs] [Times: user=0.11 sys=0.00, real=0.03 secs] 
2014-07-16T12:59:26.770+0000: 609.398: [GC [PSYoungGen: 1274326K->3196K(1217856K)] 1636166K->368920K(1904832K), 0.0263820 secs] [Times: user=0.08 sys=0.01, real=0.02 secs] 
2014-07-16T12:59:29.373+0000: 612.002: [GC [PSYoungGen: 1217852K->7056K(1464704K)] 1583576K->372893K(2151680K), 0.0319530 secs] [Times: user=0.12 sys=0.00, real=0.03 secs] 
2014-07-16T12:59:32.530+0000: 615.158: [GC [PSYoungGen: 1464656K->4600K(1400320K)] 1830493K->373181K(2087296K), 0.0226960 secs] [Times: user=0.08 sys=0.00, real=0.02 secs] 
2014-07-16T12:59:35.534+0000: 618.163: [GC [PSYoungGen: 1400312K->6628K(1343488K)] 1768893K->375409K(2030464K), 0.0276280 secs] [Times: user=0.09 sys=0.00, real=0.03 secs] 
2014-07-16T12:59:38.364+0000: 620.993: [GC [PSYoungGen: 1343460K->3762K(1284608K)] 1712241K->375658K(1971584K), 0.0200530 secs] [Times: user=0.08 sys=0.00, real=0.02 secs] 
2014-07-16T12:59:41.115+0000: 623.743: [GC [PSYoungGen: 1284594K->6742K(1234304K)] 1656490K->378710K(1921280K), 0.0210220 secs] [Times: user=0.06 sys=0.00, real=0.02 secs] 
2014-07-16T12:59:43.725+0000: 626.354: [GC [PSYoungGen: 1234262K->4468K(1181312K)] 1606230K->378958K(1868288K), 0.0267000 secs] [Times: user=0.10 sys=0.00, real=0.03 secs] 
2014-07-16T12:59:46.234+0000: 628.862: [GC [PSYoungGen: 1181300K->6820K(1135424K)] 1555790K->381494K(1822400K), 0.0220770 secs] [Times: user=0.07 sys=0.00, real=0.02 secs] 
2014-07-16T12:59:48.637+0000: 631.265: [GC [PSYoungGen: 1135396K->3574K(1086272K)] 1510070K->381470K(1773248K), 0.0223900 secs] [Times: user=0.08 sys=0.00, real=0.02 secs] 
2014-07-16T12:59:50.958+0000: 633.587: [GC [PSYoungGen: 1086262K->6874K(1045888K)] 1464158K->384858K(1732864K), 0.0222300 secs] [Times: user=0.07 sys=0.00, real=0.02 secs] 
2014-07-16T12:59:53.173+0000: 635.801: [GC [PSYoungGen: 1045850K->4404K(1001792K)] 1423834K->385052K(1688768K), 0.0177490 secs] [Times: user=0.05 sys=0.00, real=0.01 secs] 
2014-07-16T12:59:55.323+0000: 637.952: [GC [PSYoungGen: 1001780K->6728K(964544K)] 1382428K->387553K(1651520K), 0.0211650 secs] [Times: user=0.08 sys=0.00, real=0.02 secs] 
2014-07-16T12:59:57.308+0000: 639.937: [GC [PSYoungGen: 964488K->3574K(923648K)] 1345313K->387672K(1610624K), 0.0219000 secs] [Times: user=0.07 sys=0.00, real=0.02 secs] 
2014-07-16T12:59:59.277+0000: 641.905: [GC [PSYoungGen: 923638K->6828K(1110976K)] 1307736K->391007K(1797952K), 0.0240820 secs] [Times: user=0.09 sys=0.00, real=0.02 secs] 
2014-07-16T13:00:01.676+0000: 644.304: [GC [PSYoungGen: 1110956K->4340K(1329344K)] 1495135K->391301K(2016320K), 0.0256240 secs] [Times: user=0.09 sys=0.00, real=0.02 secs] 
2014-07-16T13:00:04.524+0000: 647.153: [GC [PSYoungGen: 1329332K->7070K(1597120K)] 1716293K->394111K(2284096K), 0.0284580 secs] [Times: user=0.11 sys=0.00, real=0.02 secs] 
2014-07-16T13:00:07.896+0000: 650.524: [GC [PSYoungGen: 1597086K->3318K(1524992K)] 1984127K->394308K(2211968K), 0.0262230 secs] [Times: user=0.10 sys=0.00, real=0.02 secs] 
2014-07-16T13:00:11.155+0000: 653.783: [GC [PSYoungGen: 1524943K->7024K(1463680K)] 1915933K->398134K(2150656K), 0.0176160 secs] [Times: user=0.06 sys=0.00, real=0.01 secs] 
2014-07-16T13:00:14.282+0000: 656.910: [GC [PSYoungGen: 1463664K->4664K(1399488K)] 1854774K->398222K(2086464K), 0.0192850 secs] [Times: user=0.07 sys=0.00, real=0.02 secs] 
2014-07-16T13:00:17.239+0000: 659.868: [GC [PSYoungGen: 1399480K->6678K(1342720K)] 1793038K->400444K(2029696K), 0.0283170 secs] [Times: user=0.10 sys=0.00, real=0.03 secs] 
2014-07-16T13:00:20.100+0000: 662.729: [GC [PSYoungGen: 1342678K->3502K(1283584K)] 1736444K->400762K(1970560K), 0.0104070 secs] [Times: user=0.03 sys=0.00, real=0.01 secs] 
2014-07-16T13:00:22.823+0000: 665.452: [GC [PSYoungGen: 1283566K->7120K(1233984K)] 1680826K->404445K(1920960K), 0.0162690 secs] [Times: user=0.06 sys=0.01, real=0.02 secs] 
2014-07-16T13:00:25.517+0000: 668.146: [GC [PSYoungGen: 1233936K->4200K(1180352K)] 1631261K->404761K(1867328K), 0.0282270 secs] [Times: user=0.11 sys=0.01, real=0.02 secs] 
2014-07-16T13:00:27.996+0000: 670.625: [GC [PSYoungGen: 1180328K->6860K(1134848K)] 1580889K->407573K(1821824K), 0.0174220 secs] [Times: user=0.06 sys=0.00, real=0.02 secs] 
2014-07-16T13:00:30.399+0000: 673.027: [GC [PSYoungGen: 1134796K->4008K(1086080K)] 1535509K->407732K(1773056K), 0.0305710 secs] [Times: user=0.11 sys=0.00, real=0.03 secs] 
2014-07-16T13:00:32.743+0000: 675.371: [GC [PSYoungGen: 1086056K->6824K(1045248K)] 1489780K->410628K(1732224K), 0.0246080 secs] [Times: user=0.09 sys=0.00, real=0.03 secs] 
2014-07-16T13:00:34.964+0000: 677.593: [GC [PSYoungGen: 1045224K->4148K(1001024K)] 1449028K->410808K(1688000K), 0.0158110 secs] [Times: user=0.05 sys=0.01, real=0.02 secs] 
2014-07-16T13:00:37.139+0000: 679.768: [GC [PSYoungGen: 1001012K->6564K(963904K)] 1407672K->413360K(1650880K), 0.0255970 secs] [Times: user=0.09 sys=0.00, real=0.02 secs] 
2014-07-16T13:00:39.184+0000: 681.813: [GC [PSYoungGen: 963876K->4144K(1152960K)] 1370672K->413621K(1839936K), 0.0299830 secs] [Times: user=0.09 sys=0.00, real=0.03 secs] 
2014-07-16T13:00:41.660+0000: 684.288: [GC [PSYoungGen: 1152944K->7002K(1385600K)] 1562421K->416544K(2072576K), 0.0287340 secs] [Times: user=0.10 sys=0.00, real=0.02 secs] 
2014-07-16T13:00:44.616+0000: 687.244: [GC [PSYoungGen: 1385562K->3688K(1584448K)] 1795104K->416621K(2271424K), 0.0501330 secs] [Times: user=0.19 sys=0.00, real=0.05 secs] 
2014-07-16T13:00:48.100+0000: 690.728: [GC [PSYoungGen: 1584422K->7148K(1588160K)] 1997355K->420265K(2275136K), 0.0229290 secs] [Times: user=0.08 sys=0.00, real=0.03 secs] 
2014-07-16T13:00:51.488+0000: 694.116: [GC [PSYoungGen: 1587884K->7034K(1519872K)] 2001001K->420507K(2206848K), 0.0202740 secs] [Times: user=0.07 sys=0.00, real=0.02 secs] 
2014-07-16T13:00:54.733+0000: 697.361: [GC [PSYoungGen: 1519866K->6934K(1455232K)] 1933339K->420535K(2142208K), 0.0171070 secs] [Times: user=0.05 sys=0.00, real=0.01 secs] 
2014-07-16T13:00:57.844+0000: 700.473: [GC [PSYoungGen: 1455190K->866K(1387712K)] 1868791K->420724K(2074688K), 0.0191910 secs] [Times: user=0.06 sys=0.00, real=0.02 secs] 
2014-07-16T13:01:00.803+0000: 703.431: [GC [PSYoungGen: 1387682K->7238K(1335680K)] 1807540K->427137K(2022656K), 0.0224020 secs] [Times: user=0.06 sys=0.01, real=0.02 secs] 
2014-07-16T13:01:03.648+0000: 706.276: [GC [PSYoungGen: 1335622K->6692K(1279488K)] 1755521K->427453K(1966464K), 0.0180950 secs] [Times: user=0.06 sys=0.00, real=0.02 secs] 
2014-07-16T13:01:06.362+0000: 708.991: [GC [PSYoungGen: 1279460K->6884K(1226816K)] 1700221K->427845K(1913792K), 0.0375720 secs] [Times: user=0.12 sys=0.00, real=0.03 secs] 
2014-07-16T13:01:08.961+0000: 711.589: [GC [PSYoungGen: 1226788K->1646K(1171264K)] 1647749K->427863K(1858240K), 0.0310770 secs] [Times: user=0.11 sys=0.00, real=0.03 secs] 
2014-07-16T13:01:11.488+0000: 714.117: [GC [PSYoungGen: 1171232K->7106K(1410688K)] 1597448K->433387K(2097664K), 0.0316090 secs] [Times: user=0.11 sys=0.01, real=0.03 secs] 
2014-07-16T13:01:14.467+0000: 717.095: [GC [PSYoungGen: 1410626K->6314K(1690560K)] 1836907K->433541K(2377536K), 0.0446160 secs] [Times: user=0.14 sys=0.00, real=0.04 secs] 
2014-07-16T13:01:18.108+0000: 720.736: [GC [PSYoungGen: 1690538K->6824K(1618048K)] 2117765K->434259K(2305024K), 0.0159490 secs] [Times: user=0.06 sys=0.00, real=0.02 secs] 
2014-07-16T13:01:21.540+0000: 724.169: [GC [PSYoungGen: 1618024K->1960K(1543744K)] 2045459K->434599K(2230720K), 0.0291020 secs] [Times: user=0.11 sys=0.00, real=0.03 secs] 
2014-07-16T13:01:24.816+0000: 727.444: [GC [PSYoungGen: 1543720K->7184K(1483008K)] 1976359K->439880K(2169984K), 0.0363030 secs] [Times: user=0.12 sys=0.00, real=0.03 secs] 
2014-07-16T13:01:28.029+0000: 730.657: [GC [PSYoungGen: 1482960K->5924K(1418944K)] 1915656K->440110K(2105920K), 0.0166400 secs] [Times: user=0.06 sys=0.00, real=0.01 secs] 
2014-07-16T13:01:31.048+0000: 733.677: [GC [PSYoungGen: 1418916K->6742K(1360064K)] 1853102K->441088K(2047040K), 0.0247840 secs] [Times: user=0.09 sys=0.00, real=0.02 secs] 
2014-07-16T13:01:33.959+0000: 736.588: [GC [PSYoungGen: 1360022K->2658K(1299136K)] 1794368K->441414K(1986112K), 0.0095340 secs] [Times: user=0.02 sys=0.01, real=0.01 secs] 
2014-07-16T13:01:36.744+0000: 739.372: [GC [PSYoungGen: 1299106K->7166K(1249600K)] 1737862K->446058K(1936576K), 0.0235930 secs] [Times: user=0.08 sys=0.00, real=0.03 secs] 
2014-07-16T13:01:39.383+0000: 742.011: [GC [PSYoungGen: 1249598K->5426K(1196480K)] 1688490K->445946K(1883456K), 0.0325510 secs] [Times: user=0.12 sys=0.00, real=0.03 secs] 
2014-07-16T13:01:41.930+0000: 744.559: [GC [PSYoungGen: 1196466K->6810K(1148992K)] 1636986K->447418K(1835968K), 0.0274360 secs] [Times: user=0.09 sys=0.01, real=0.02 secs] 
2014-07-16T13:01:44.382+0000: 747.010: [GC [PSYoungGen: 1148954K->2872K(1098432K)] 1589562K->447581K(1785408K), 0.0306010 secs] [Times: user=0.11 sys=0.00, real=0.03 secs] 
2014-07-16T13:01:46.754+0000: 749.382: [GC [PSYoungGen: 1098424K->7084K(1321792K)] 1543133K->451921K(2008768K), 0.0260340 secs] [Times: user=0.09 sys=0.00, real=0.03 secs] 
2014-07-16T13:01:49.586+0000: 752.215: [GC [PSYoungGen: 1321772K->5048K(1264832K)] 1766609K->452103K(1951808K), 0.0178530 secs] [Times: user=0.06 sys=0.00, real=0.02 secs] 
2014-07-16T13:01:52.322+0000: 754.950: [GC [PSYoungGen: 1264824K->6888K(1214400K)] 1711879K->454047K(1901376K), 0.0324010 secs] [Times: user=0.11 sys=0.00, real=0.03 secs] 
2014-07-16T13:01:54.909+0000: 757.537: [GC [PSYoungGen: 1214376K->3172K(1160960K)] 1661535K->454207K(1847936K), 0.0188010 secs] [Times: user=0.07 sys=0.00, real=0.02 secs] 
2014-07-16T13:01:57.451+0000: 760.079: [GC [PSYoungGen: 1160932K->6924K(1117440K)] 1611967K->458063K(1804416K), 0.0211160 secs] [Times: user=0.07 sys=0.01, real=0.02 secs] 
2014-07-16T13:01:59.818+0000: 762.447: [GC [PSYoungGen: 1117388K->4840K(1070272K)] 1568527K->458095K(1757248K), 0.0234880 secs] [Times: user=0.08 sys=0.00, real=0.03 secs] 
2014-07-16T13:02:02.143+0000: 764.771: [GC [PSYoungGen: 1070248K->7088K(1029632K)] 1523503K->460439K(1716608K), 0.0293910 secs] [Times: user=0.10 sys=0.01, real=0.03 secs] 
2014-07-16T13:02:04.320+0000: 766.948: [GC [PSYoungGen: 1029588K->2936K(1230016K)] 1482939K->460543K(1916992K), 0.0338320 secs] [Times: user=0.12 sys=0.00, real=0.04 secs] 
2014-07-16T13:02:07.027+0000: 769.656: [GC [PSYoungGen: 1230008K->7170K(1479744K)] 1687615K->464897K(2166720K), 0.0292700 secs] [Times: user=0.11 sys=0.00, real=0.03 secs] 
2014-07-16T13:02:10.122+0000: 772.751: [GC [PSYoungGen: 1479682K->4704K(1771776K)] 1937409K->464765K(2458752K), 0.0207610 secs] [Times: user=0.07 sys=0.01, real=0.02 secs] 
2014-07-16T13:02:13.921+0000: 776.550: [GC [PSYoungGen: 1771744K->7226K(1697216K)] 2231805K->467383K(2384192K), 0.0078880 secs] [Times: user=0.02 sys=0.00, real=0.01 secs] 
2014-07-16T13:02:17.518+0000: 780.146: [GC [PSYoungGen: 1697210K->2926K(1619648K)] 2157367K->467329K(2306624K), 0.0287650 secs] [Times: user=0.10 sys=0.00, real=0.03 secs] 
2014-07-16T13:02:21.006+0000: 783.635: [GC [PSYoungGen: 1619630K->7034K(1554048K)] 2084033K->471550K(2241024K), 0.0562430 secs] [Times: user=0.19 sys=0.00, real=0.05 secs] 
2014-07-16T13:02:24.288+0000: 786.917: [GC [PSYoungGen: 1554014K->4900K(1485632K)] 2018529K->471734K(2172608K), 0.0189130 secs] [Times: user=0.07 sys=0.01, real=0.02 secs] 
2014-07-16T13:02:27.478+0000: 790.107: [GC [PSYoungGen: 1485604K->6760K(1424448K)] 1952438K->473844K(2111424K), 0.0081220 secs] [Times: user=0.02 sys=0.00, real=0.01 secs] 
2014-07-16T13:02:30.504+0000: 793.132: [GC [PSYoungGen: 1424424K->3184K(1360896K)] 1891508K->474010K(2047872K), 0.0246920 secs] [Times: user=0.08 sys=0.01, real=0.03 secs] 
2014-07-16T13:02:33.423+0000: 796.051: [GC [PSYoungGen: 1360880K->6956K(1307648K)] 1831706K->477855K(1994624K), 0.0097800 secs] [Times: user=0.03 sys=0.00, real=0.01 secs] 
2014-07-16T13:02:36.207+0000: 798.836: [GC [PSYoungGen: 1307628K->4708K(1251136K)] 1778527K->478061K(1938112K), 0.0090020 secs] [Times: user=0.02 sys=0.00, real=0.01 secs] 
2014-07-16T13:02:38.878+0000: 801.506: [GC [PSYoungGen: 1251070K->6806K(1201664K)] 1724422K->480295K(1888640K), 0.0184050 secs] [Times: user=0.07 sys=0.01, real=0.02 secs] 
2014-07-16T13:02:41.428+0000: 804.057: [GC [PSYoungGen: 1201622K->3308K(1149056K)] 1675111K->480333K(1836032K), 0.0150480 secs] [Times: user=0.05 sys=0.00, real=0.01 secs] 
2014-07-16T13:02:43.913+0000: 806.541: [GC [PSYoungGen: 1149036K->7266K(1106304K)] 1626061K->484403K(1793280K), 0.0215200 secs] [Times: user=0.07 sys=0.00, real=0.02 secs] 
2014-07-16T13:02:46.257+0000: 808.885: [GC [PSYoungGen: 1106274K->4258K(1058816K)] 1583411K->484453K(1745792K), 0.0155810 secs] [Times: user=0.06 sys=0.00, real=0.02 secs] 
2014-07-16T13:02:48.540+0000: 811.169: [GC [PSYoungGen: 1058786K->7152K(1019328K)] 1538981K->487443K(1706304K), 0.0238850 secs] [Times: user=0.08 sys=0.00, real=0.02 secs] 
2014-07-16T13:02:50.688+0000: 813.317: [GC [PSYoungGen: 1019312K->3694K(975552K)] 1499603K->487181K(1662528K), 0.0148630 secs] [Times: user=0.06 sys=0.00, real=0.01 secs] 
2014-07-16T13:02:52.776+0000: 815.405: [GC [PSYoungGen: 975534K->7088K(940544K)] 1459021K->490639K(1627520K), 0.0241610 secs] [Times: user=0.09 sys=0.01, real=0.03 secs] 
2014-07-16T13:02:54.748+0000: 817.376: [GC [PSYoungGen: 940528K->4344K(901248K)] 1424079K->490567K(1588224K), 0.0199090 secs] [Times: user=0.08 sys=0.00, real=0.02 secs] 
2014-07-16T13:02:56.669+0000: 819.298: [GC [PSYoungGen: 901199K->6742K(1083072K)] 1387422K->493085K(1770048K), 0.0289430 secs] [Times: user=0.10 sys=0.01, real=0.02 secs] 
2014-07-16T13:02:58.986+0000: 821.614: [GC [PSYoungGen: 1082941K->3880K(1295488K)] 1569284K->493659K(1982464K), 0.0234430 secs] [Times: user=0.09 sys=0.00, real=0.03 secs] 
2014-07-16T13:03:01.747+0000: 824.375: [GC [PSYoungGen: 1295445K->6928K(1556928K)] 1785224K->496803K(2243904K), 0.0386800 secs] [Times: user=0.13 sys=0.00, real=0.04 secs] 
2014-07-16T13:03:05.129+0000: 827.758: [GC [PSYoungGen: 1556880K->4258K(1487808K)] 2046755K->496900K(2174784K), 0.0082340 secs] [Times: user=0.02 sys=0.00, real=0.01 secs] 
2014-07-16T13:03:08.315+0000: 830.943: [GC [PSYoungGen: 1487778K->6724K(1427136K)] 1980420K->499622K(2114112K), 0.0381220 secs] [Times: user=0.13 sys=0.00, real=0.04 secs] 
2014-07-16T13:03:11.347+0000: 833.975: [GC [PSYoungGen: 1427076K->3936K(1364224K)] 1919974K->499714K(2051200K), 0.0267790 secs] [Times: user=0.10 sys=0.00, real=0.03 secs] 
2014-07-16T13:03:14.350+0000: 836.979: [GC [PSYoungGen: 1364192K->6920K(1310080K)] 1859970K->502786K(1997056K), 0.0208170 secs] [Times: user=0.07 sys=0.00, real=0.02 secs] 
2014-07-16T13:03:17.133+0000: 839.761: [GC [PSYoungGen: 1310024K->4084K(1252864K)] 1805890K->503230K(1939840K), 0.0300420 secs] [Times: user=0.11 sys=0.00, real=0.03 secs] 
2014-07-16T13:03:19.846+0000: 842.474: [GC [PSYoungGen: 1252852K->6614K(1203712K)] 1751998K->505848K(1890688K), 0.0104470 secs] [Times: user=0.03 sys=0.01, real=0.01 secs] 
2014-07-16T13:03:22.396+0000: 845.025: [GC [PSYoungGen: 1203670K->4396K(1152256K)] 1702904K->506094K(1839232K), 0.0253730 secs] [Times: user=0.08 sys=0.00, real=0.02 secs] 
2014-07-16T13:03:24.884+0000: 847.512: [GC [PSYoungGen: 1152236K->6916K(1107968K)] 1653934K->508790K(1794944K), 0.0241750 secs] [Times: user=0.09 sys=0.00, real=0.02 secs] 
2014-07-16T13:03:27.226+0000: 849.855: [GC [PSYoungGen: 1107900K->3760K(1324992K)] 1609774K->508871K(2011968K), 0.0373070 secs] [Times: user=0.13 sys=0.01, real=0.03 secs] 
2014-07-16T13:03:30.062+0000: 852.690: [GC [PSYoungGen: 1324976K->7152K(1592640K)] 1830087K->512343K(2279616K), 0.0286980 secs] [Times: user=0.10 sys=0.00, real=0.03 secs] 
2014-07-16T13:03:33.481+0000: 856.110: [GC [PSYoungGen: 1592624K->3952K(1521280K)] 2097815K->512443K(2208256K), 0.0280080 secs] [Times: user=0.11 sys=0.00, real=0.03 secs] 
2014-07-16T13:03:36.698+0000: 859.327: [GC [PSYoungGen: 1521264K->6920K(1459456K)] 2029755K->515635K(2146432K), 0.0235440 secs] [Times: user=0.09 sys=0.00, real=0.02 secs] 
2014-07-16T13:03:39.806+0000: 862.434: [GC [PSYoungGen: 1459400K->4218K(1395072K)] 1968115K->515699K(2082048K), 0.0236810 secs] [Times: user=0.09 sys=0.00, real=0.02 secs] 
2014-07-16T13:03:42.763+0000: 865.392: [GC [PSYoungGen: 1395066K->6970K(1339200K)] 1906547K->518532K(2026176K), 0.0277690 secs] [Times: user=0.09 sys=0.01, real=0.03 secs] 
2014-07-16T13:03:45.623+0000: 868.251: [GC [PSYoungGen: 1339194K->3688K(1280128K)] 1850756K->518722K(1967104K), 0.0265330 secs] [Times: user=0.10 sys=0.01, real=0.03 secs] 
2014-07-16T13:03:48.390+0000: 871.018: [GC [PSYoungGen: 1280084K->7006K(1538752K)] 1795118K->522216K(2225728K), 0.0447990 secs] [Times: user=0.16 sys=0.00, real=0.04 secs] 
2014-07-16T13:03:51.670+0000: 874.298: [GC [PSYoungGen: 1538718K->4144K(1775808K)] 2053928K->522278K(2462784K), 0.0448080 secs] [Times: user=0.16 sys=0.01, real=0.04 secs] 
2014-07-16T13:03:55.507+0000: 878.136: [GC [PSYoungGen: 1775792K->7326K(1701696K)] 2293926K->525564K(2388672K), 0.0203450 secs] [Times: user=0.08 sys=0.00, real=0.02 secs] 
2014-07-16T13:03:59.145+0000: 881.774: [GC [PSYoungGen: 1701662K->64K(1620928K)] 2219900K->525704K(2307904K), 0.0187490 secs] [Times: user=0.07 sys=0.00, real=0.02 secs] 
2014-07-16T13:04:02.598+0000: 885.226: [GC [PSYoungGen: 1620928K->7512K(1558528K)] 2146568K->533177K(2245504K), 0.0367670 secs] [Times: user=0.13 sys=0.00, real=0.04 secs] 
2014-07-16T13:04:05.976+0000: 888.604: [GC [PSYoungGen: 1558488K->6870K(1491392K)] 2084153K->533359K(2178368K), 0.0312010 secs] [Times: user=0.11 sys=0.00, real=0.03 secs] 
2014-07-16T13:04:09.149+0000: 891.778: [GC [PSYoungGen: 1491350K->7066K(1428352K)] 2017839K->533779K(2115328K), 0.0119340 secs] [Times: user=0.03 sys=0.00, real=0.02 secs] 
2014-07-16T13:04:12.155+0000: 894.783: [GC [PSYoungGen: 1428314K->1390K(1362560K)] 1955027K->533773K(2049536K), 0.0123930 secs] [Times: user=0.03 sys=0.00, real=0.01 secs] 
2014-07-16T13:04:15.099+0000: 897.728: [GC [PSYoungGen: 1362542K->7362K(1311360K)] 1894925K->539825K(1998336K), 0.0273930 secs] [Times: user=0.10 sys=0.00, real=0.03 secs] 
2014-07-16T13:04:17.910+0000: 900.539: [GC [PSYoungGen: 1311298K->6462K(1256000K)] 1843761K->540091K(1942976K), 0.0176690 secs] [Times: user=0.05 sys=0.00, real=0.02 secs] 
2014-07-16T13:04:20.591+0000: 903.219: [GC [PSYoungGen: 1255998K->6710K(1204480K)] 1789627K->540459K(1891456K), 0.0456440 secs] [Times: user=0.15 sys=0.01, real=0.05 secs] 
2014-07-16T13:04:23.169+0000: 905.798: [GC [PSYoungGen: 1204470K->2472K(1150976K)] 1738219K->540874K(1837952K), 0.0296300 secs] [Times: user=0.11 sys=0.01, real=0.03 secs] 
2014-07-16T13:04:25.609+0000: 908.237: [GC [PSYoungGen: 1150912K->7184K(1385408K)] 1689315K->545707K(2072384K), 0.0272790 secs] [Times: user=0.10 sys=0.00, real=0.03 secs] 
2014-07-16T13:04:28.552+0000: 911.180: [GC [PSYoungGen: 1385360K->5810K(1325952K)] 1923883K->545761K(2012928K), 0.0259240 secs] [Times: user=0.10 sys=0.00, real=0.03 secs] 
2014-07-16T13:04:31.452+0000: 914.081: [GC [PSYoungGen: 1325938K->6710K(1271680K)] 1865889K->546773K(1958656K), 0.0207270 secs] [Times: user=0.07 sys=0.01, real=0.02 secs] 
2014-07-16T13:04:34.196+0000: 916.825: [GC [PSYoungGen: 1271670K->2858K(1215360K)] 1811733K->547059K(1902336K), 0.0203490 secs] [Times: user=0.06 sys=0.00, real=0.02 secs] 
2014-07-16T13:04:36.761+0000: 919.389: [GC [PSYoungGen: 1215338K->7116K(1169664K)] 1759539K->551478K(1856640K), 0.0222620 secs] [Times: user=0.08 sys=0.01, real=0.02 secs] 
2014-07-16T13:04:39.250+0000: 921.879: [GC [PSYoungGen: 1169612K->5346K(1120320K)] 1713974K->551472K(1807296K), 0.0265270 secs] [Times: user=0.10 sys=0.00, real=0.03 secs] 
2014-07-16T13:04:41.636+0000: 924.264: [GC [PSYoungGen: 1120290K->6582K(1076288K)] 1666416K->552796K(1763264K), 0.0220390 secs] [Times: user=0.08 sys=0.00, real=0.02 secs] 
2014-07-16T13:04:43.998+0000: 926.627: [GC [PSYoungGen: 1076278K->3180K(1029824K)] 1622492K->553506K(1716800K), 0.0266760 secs] [Times: user=0.10 sys=0.00, real=0.03 secs] 
2014-07-16T13:04:46.122+0000: 928.750: [GC [PSYoungGen: 1029804K->7084K(992704K)] 1580130K->557546K(1679680K), 0.0118610 secs] [Times: user=0.03 sys=0.00, real=0.01 secs] 
2014-07-16T13:04:48.248+0000: 930.876: [GC [PSYoungGen: 992654K->5098K(951680K)] 1543115K->557994K(1638656K), 0.0218080 secs] [Times: user=0.09 sys=0.01, real=0.02 secs] 
2014-07-16T13:04:50.272+0000: 932.900: [GC [PSYoungGen: 951658K->6856K(916288K)] 1504554K->559880K(1603264K), 0.0166190 secs] [Times: user=0.05 sys=0.01, real=0.02 secs] 
2014-07-16T13:04:52.253+0000: 934.881: [GC [PSYoungGen: 916232K->3500K(877504K)] 1469256K->560107K(1564480K), 0.0195170 secs] [Times: user=0.07 sys=0.01, real=0.02 secs] 
2014-07-16T13:04:54.177+0000: 936.805: [GC [PSYoungGen: 877484K->7412K(1056256K)] 1434091K->564132K(1743232K), 0.0313050 secs] [Times: user=0.11 sys=0.01, real=0.04 secs] 
2014-07-16T13:04:56.388+0000: 939.017: [GC [PSYoungGen: 1056244K->4448K(1263104K)] 1612964K->563724K(1950080K), 0.0245420 secs] [Times: user=0.09 sys=0.00, real=0.02 secs] 
2014-07-16T13:04:59.080+0000: 941.709: [GC [PSYoungGen: 1263034K->6710K(1517120K)] 1822310K->566114K(2204096K), 0.0285550 secs] [Times: user=0.10 sys=0.00, real=0.03 secs] 
2014-07-16T13:05:02.281+0000: 944.909: [GC [PSYoungGen: 1517110K->4218K(1723776K)] 2076514K->566372K(2410752K), 0.0288550 secs] [Times: user=0.09 sys=0.00, real=0.03 secs] 
2014-07-16T13:05:05.952+0000: 948.581: [GC [PSYoungGen: 1723770K->6934K(1651776K)] 2285924K->569256K(2338752K), 0.0069080 secs] [Times: user=0.02 sys=0.00, real=0.01 secs] 
2014-07-16T13:05:09.528+0000: 952.156: [GC [PSYoungGen: 1651734K->748K(1574528K)] 2214056K->569594K(2261504K), 0.0457940 secs] [Times: user=0.17 sys=0.00, real=0.05 secs] 
2014-07-16T13:05:12.879+0000: 955.507: [GC [PSYoungGen: 1574508K->7366K(1513600K)] 2143354K->576261K(2200576K), 0.0158190 secs] [Times: user=0.04 sys=0.00, real=0.02 secs] 
2014-07-16T13:05:16.106+0000: 958.735: [GC [PSYoungGen: 1513542K->6820K(1448768K)] 2082437K->576507K(2135744K), 0.0148290 secs] [Times: user=0.05 sys=0.00, real=0.02 secs] 
2014-07-16T13:05:19.182+0000: 961.811: [GC [PSYoungGen: 1448740K->6596K(1387456K)] 2018427K->576467K(2074432K), 0.0095440 secs] [Times: user=0.02 sys=0.00, real=0.01 secs] 
2014-07-16T13:05:22.158+0000: 964.786: [GC [PSYoungGen: 1387396K->1888K(1324544K)] 1957267K->576919K(2011520K), 0.0297010 secs] [Times: user=0.12 sys=0.00, real=0.03 secs] 
2014-07-16T13:05:24.968+0000: 967.597: [GC [PSYoungGen: 1324512K->7316K(1274688K)] 1899543K->582412K(1961664K), 0.0085380 secs] [Times: user=0.03 sys=0.00, real=0.01 secs] 
2014-07-16T13:05:27.666+0000: 970.294: [GC [PSYoungGen: 1274644K->6116K(1220864K)] 1849740K->582318K(1907840K), 0.0291010 secs] [Times: user=0.10 sys=0.00, real=0.03 secs] 
2014-07-16T13:05:30.305+0000: 972.933: [GC [PSYoungGen: 1220836K->6564K(1171264K)] 1797038K->582862K(1858240K), 0.0126800 secs] [Times: user=0.02 sys=0.00, real=0.01 secs] 
2014-07-16T13:05:32.785+0000: 975.414: [GC [PSYoungGen: 1171236K->2658K(1400320K)] 1747534K->583239K(2087296K), 0.0521160 secs] [Times: user=0.19 sys=0.01, real=0.05 secs] 
2014-07-16T13:05:35.813+0000: 978.442: [GC [PSYoungGen: 1400290K->7052K(1345792K)] 1980871K->587761K(2032768K), 0.0225850 secs] [Times: user=0.08 sys=0.00, real=0.02 secs] 
2014-07-16T13:05:38.687+0000: 981.316: [GC [PSYoungGen: 1345740K->5604K(1288192K)] 1926449K->587757K(1975168K), 0.0307460 secs] [Times: user=0.11 sys=0.01, real=0.03 secs] 
2014-07-16T13:05:41.478+0000: 984.106: [GC [PSYoungGen: 1288164K->6564K(1235776K)] 1870317K->588805K(1922752K), 0.0253670 secs] [Times: user=0.07 sys=0.01, real=0.02 secs] 
2014-07-16T13:05:44.117+0000: 986.746: [GC [PSYoungGen: 1235748K->3054K(1181504K)] 1817989K->589280K(1868480K), 0.0303430 secs] [Times: user=0.09 sys=0.00, real=0.03 secs] 
2014-07-16T13:05:46.660+0000: 989.288: [GC [PSYoungGen: 1181486K->7034K(1137152K)] 1767712K->593412K(1824128K), 0.0261800 secs] [Times: user=0.08 sys=0.00, real=0.03 secs] 
2014-07-16T13:05:49.080+0000: 991.708: [GC [PSYoungGen: 1137146K->5034K(1089216K)] 1723524K->593500K(1776192K), 0.0181260 secs] [Times: user=0.07 sys=0.00, real=0.02 secs] 
2014-07-16T13:05:51.441+0000: 994.070: [GC [PSYoungGen: 1089194K->6664K(1307712K)] 1677660K->595210K(1994688K), 0.0363700 secs] [Times: user=0.14 sys=0.00, real=0.04 secs] 
2014-07-16T13:05:54.230+0000: 996.858: [GC [PSYoungGen: 1307656K->3378K(1564608K)] 1896202K->595821K(2251584K), 0.0303760 secs] [Times: user=0.11 sys=0.00, real=0.03 secs] 
2014-07-16T13:05:57.546+0000: 1000.174: [GC [PSYoungGen: 1564594K->7070K(1687680K)] 2157037K->599697K(2374656K), 0.0321080 secs] [Times: user=0.12 sys=0.00, real=0.04 secs] 
2014-07-16T13:06:01.155+0000: 1003.783: [GC [PSYoungGen: 1687085K->6838K(1881024K)] 2279711K->599931K(2568000K), 0.0460120 secs] [Times: user=0.16 sys=0.00, real=0.05 secs] 
2014-07-16T13:06:05.225+0000: 1007.854: [GC [PSYoungGen: 1880310K->7044K(1881024K)] 2473403K->600289K(2568000K), 0.0307500 secs] [Times: user=0.12 sys=0.00, real=0.03 secs] 
2014-07-16T13:06:09.148+0000: 1011.776: [GC [PSYoungGen: 1880516K->6756K(1797952K)] 2473761K->600297K(2484928K), 0.0336290 secs] [Times: user=0.12 sys=0.00, real=0.04 secs] 
2014-07-16T13:06:12.997+0000: 1015.625: [GC [PSYoungGen: 1797924K->6902K(1719808K)] 2391465K->600579K(2406784K), 0.0297010 secs] [Times: user=0.11 sys=0.01, real=0.03 secs] 
2014-07-16T13:06:16.648+0000: 1019.277: [GC [PSYoungGen: 1719798K->1322K(1639808K)] 2313475K->600883K(2326784K), 0.0279280 secs] [Times: user=0.09 sys=0.00, real=0.03 secs] 
2014-07-16T13:06:20.155+0000: 1022.783: [GC [PSYoungGen: 1639786K->7138K(1574848K)] 2239347K->606764K(2261824K), 0.0313980 secs] [Times: user=0.11 sys=0.01, real=0.03 secs] 
2014-07-16T13:06:23.509+0000: 1026.138: [GC [PSYoungGen: 1574818K->6500K(1506944K)] 2174444K->606916K(2193920K), 0.0173790 secs] [Times: user=0.07 sys=0.00, real=0.02 secs] 
2014-07-16T13:06:26.781+0000: 1029.410: [GC [PSYoungGen: 1506916K->6920K(1443392K)] 2107332K->607584K(2130368K), 0.0262820 secs] [Times: user=0.10 sys=0.00, real=0.02 secs] 
2014-07-16T13:06:29.856+0000: 1032.485: [GC [PSYoungGen: 1443308K->1632K(1725376K)] 2043972K->607739K(2412352K), 0.0529120 secs] [Times: user=0.19 sys=0.01, real=0.05 secs] 
2014-07-16T13:06:33.567+0000: 1036.195: [GC [PSYoungGen: 1725344K->7462K(1656256K)] 2331451K->613634K(2343232K), 0.0252360 secs] [Times: user=0.09 sys=0.00, real=0.02 secs] 
2014-07-16T13:06:37.248+0000: 1039.876: [GC [PSYoungGen: 1656230K->5874K(1583424K)] 2262402K->613559K(2270400K), 0.0291000 secs] [Times: user=0.09 sys=0.00, real=0.03 secs] 
2014-07-16T13:06:40.670+0000: 1043.298: [GC [PSYoungGen: 1583410K->6992K(1516800K)] 2191095K->614878K(2203776K), 0.0232080 secs] [Times: user=0.09 sys=0.00, real=0.03 secs] 
2014-07-16T13:06:43.878+0000: 1046.506: [GC [PSYoungGen: 1516752K->2608K(1447936K)] 2124638K->615079K(2134912K), 0.0274250 secs] [Times: user=0.11 sys=0.00, real=0.03 secs] 
2014-07-16T13:06:47.035+0000: 1049.663: [GC [PSYoungGen: 1447920K->6970K(1390976K)] 2060391K->619569K(2077952K), 0.0197420 secs] [Times: user=0.06 sys=0.00, real=0.02 secs] 
2014-07-16T13:06:49.998+0000: 1052.626: [GC [PSYoungGen: 1390970K->5802K(1666624K)] 2003569K->619549K(2353600K), 0.0961600 secs] [Times: user=0.35 sys=0.00, real=0.09 secs] 
2014-07-16T13:06:53.574+0000: 1056.202: [GC [PSYoungGen: 1666602K->6806K(1999808K)] 2280349K->620665K(2686784K), 0.0263170 secs] [Times: user=0.09 sys=0.00, real=0.03 secs] 
2014-07-16T13:06:57.944+0000: 1060.573: [GC [PSYoungGen: 1999766K->2608K(2224576K)] 2613625K->621254K(2911552K), 0.0309980 secs] [Times: user=0.10 sys=0.01, real=0.03 secs] 
2014-07-16T13:07:02.691+0000: 1065.319: [GC [PSYoungGen: 2224559K->7116K(2129600K)] 2843206K->625899K(2816576K), 0.0283170 secs] [Times: user=0.10 sys=0.00, real=0.03 secs] 
2014-07-16T13:07:07.285+0000: 1069.913: [GC [PSYoungGen: 2129548K->556K(2028416K)] 2748331K->626388K(2715392K), 0.0345330 secs] [Times: user=0.13 sys=0.00, real=0.04 secs] 
2014-07-16T13:07:11.633+0000: 1074.261: [GC [PSYoungGen: 2028396K->7558K(1945536K)] 2654228K->633415K(2632512K), 0.0315500 secs] [Times: user=0.11 sys=0.01, real=0.03 secs] 
2014-07-16T13:07:15.790+0000: 1078.418: [GC [PSYoungGen: 1945478K->6820K(1859264K)] 2571335K->633493K(2546240K), 0.0332300 secs] [Times: user=0.12 sys=0.00, real=0.03 secs] 
2014-07-16T13:07:19.769+0000: 1082.397: [GC [PSYoungGen: 1859236K->6916K(1778112K)] 2485909K->633877K(2465088K), 0.0209610 secs] [Times: user=0.07 sys=0.01, real=0.03 secs] 
2014-07-16T13:07:23.559+0000: 1086.187: [GC [PSYoungGen: 1778052K->1960K(1695872K)] 2405013K->634180K(2382848K), 0.0182160 secs] [Times: user=0.06 sys=0.01, real=0.02 secs] 
2014-07-16T13:07:27.216+0000: 1089.845: [GC [PSYoungGen: 1695848K->7216K(1627648K)] 2328068K->639581K(2314624K), 0.0154170 secs] [Times: user=0.06 sys=0.00, real=0.02 secs] 
2014-07-16T13:07:30.672+0000: 1093.300: [GC [PSYoungGen: 1627632K->6454K(1556992K)] 2259997K->639713K(2243968K), 0.0257800 secs] [Times: user=0.09 sys=0.00, real=0.02 secs] 
2014-07-16T13:07:34.010+0000: 1096.639: [GC [PSYoungGen: 1556982K->6888K(1491008K)] 2190241K->640259K(2177984K), 0.0369060 secs] [Times: user=0.14 sys=0.01, real=0.04 secs] 
2014-07-16T13:07:37.210+0000: 1099.839: [GC [PSYoungGen: 1490984K->2284K(1423232K)] 2124355K->640609K(2110208K), 0.0280650 secs] [Times: user=0.11 sys=0.00, real=0.03 secs] 
2014-07-16T13:07:40.253+0000: 1102.881: [GC [PSYoungGen: 1423212K->6970K(1367808K)] 2061537K->645416K(2054784K), 0.0224300 secs] [Times: user=0.09 sys=0.00, real=0.02 secs] 
2014-07-16T13:07:43.179+0000: 1105.808: [GC [PSYoungGen: 1367802K->6244K(1309952K)] 2006248K->645512K(1996928K), 0.0150450 secs] [Times: user=0.06 sys=0.00, real=0.02 secs] 
2014-07-16T13:07:45.950+0000: 1108.578: [GC [PSYoungGen: 1309924K->6756K(1256064K)] 1949192K->646208K(1943040K), 0.0299150 secs] [Times: user=0.11 sys=0.00, real=0.03 secs] 
2014-07-16T13:07:48.623+0000: 1111.251: [GC [PSYoungGen: 1256036K->2348K(1199872K)] 1895488K->646455K(1886848K), 0.0320340 secs] [Times: user=0.11 sys=0.00, real=0.04 secs] 
2014-07-16T13:07:51.214+0000: 1113.842: [GC [PSYoungGen: 1199852K->7298K(1155648K)] 1843959K->651501K(1842624K), 0.0060140 secs] [Times: user=0.02 sys=0.00, real=0.01 secs] 
2014-07-16T13:07:53.673+0000: 1116.301: [GC [PSYoungGen: 1155586K->5540K(1107008K)] 1799789K->651361K(1793984K), 0.0337550 secs] [Times: user=0.12 sys=0.00, real=0.04 secs] 
2014-07-16T13:07:56.043+0000: 1118.672: [GC [PSYoungGen: 1106917K->6792K(1063680K)] 1752738K->652805K(1750656K), 0.0214970 secs] [Times: user=0.07 sys=0.00, real=0.02 secs] 
2014-07-16T13:07:58.352+0000: 1120.981: [GC [PSYoungGen: 1063624K->2848K(1017280K)] 1709637K->653004K(1704256K), 0.0114720 secs] [Times: user=0.04 sys=0.00, real=0.01 secs] 
2014-07-16T13:08:00.523+0000: 1123.152: [GC [PSYoungGen: 1017248K->7152K(981184K)] 1667404K->657389K(1668160K), 0.0326710 secs] [Times: user=0.11 sys=0.00, real=0.04 secs] 
2014-07-16T13:08:02.663+0000: 1125.291: [GC [PSYoungGen: 981168K->5222K(1174080K)] 1631405K->657285K(1861056K), 0.0502840 secs] [Times: user=0.18 sys=0.00, real=0.05 secs] 
2014-07-16T13:08:05.162+0000: 1127.790: [GC [PSYoungGen: 1174054K->6966K(1409600K)] 1826117K->659213K(2096576K), 0.0315830 secs] [Times: user=0.11 sys=0.00, real=0.03 secs] 
2014-07-16T13:08:08.205+0000: 1130.833: [GC [PSYoungGen: 1409590K->2940K(1686144K)] 2061837K->659276K(2373120K), 0.0286720 secs] [Times: user=0.10 sys=0.00, real=0.03 secs] 
2014-07-16T13:08:11.792+0000: 1134.421: [GC [PSYoungGen: 1686140K->6892K(2026752K)] 2342476K->663316K(2713728K), 0.0437610 secs] [Times: user=0.16 sys=0.00, real=0.04 secs] 
2014-07-16T13:08:16.214+0000: 1138.842: [GC [PSYoungGen: 2026732K->5156K(2178944K)] 2683156K->663602K(2865920K), 0.0304040 secs] [Times: user=0.12 sys=0.00, real=0.03 secs] 
2014-07-16T13:08:20.844+0000: 1143.472: [GC [PSYoungGen: 2178916K->6788K(2083456K)] 2837362K->665514K(2770432K), 0.0340770 secs] [Times: user=0.13 sys=0.00, real=0.03 secs] 
2014-07-16T13:08:25.301+0000: 1147.930: [GC [PSYoungGen: 2083380K->684K(1984960K)] 2742106K->666015K(2671936K), 0.0297240 secs] [Times: user=0.10 sys=0.01, real=0.03 secs] 
2014-07-16T13:08:29.560+0000: 1152.189: [GC [PSYoungGen: 1984905K->7462K(1904000K)] 2650236K->672857K(2590976K), 0.0210730 secs] [Times: user=0.08 sys=0.00, real=0.02 secs] 
2014-07-16T13:08:33.677+0000: 1156.305: [GC [PSYoungGen: 1903974K->6920K(1820032K)] 2569369K->673067K(2507008K), 0.0195490 secs] [Times: user=0.07 sys=0.00, real=0.02 secs] 
2014-07-16T13:08:37.588+0000: 1160.216: [GC [PSYoungGen: 1819976K->6842K(1740544K)] 2486123K->673277K(2427520K), 0.0189600 secs] [Times: user=0.07 sys=0.00, real=0.02 secs] 
2014-07-16T13:08:41.275+0000: 1163.903: [GC [PSYoungGen: 1740538K->1468K(1659712K)] 2406973K->673466K(2346688K), 0.0455160 secs] [Times: user=0.16 sys=0.00, real=0.04 secs] 
2014-07-16T13:08:44.857+0000: 1167.485: [GC [PSYoungGen: 1659708K->7444K(1593984K)] 2331706K->679499K(2280960K), 0.0308510 secs] [Times: user=0.11 sys=0.01, real=0.03 secs] 
2014-07-16T13:08:48.273+0000: 1170.901: [GC [PSYoungGen: 1593940K->6180K(1524480K)] 2265995K->679551K(2211456K), 0.0361550 secs] [Times: user=0.14 sys=0.00, real=0.04 secs] 
2014-07-16T13:08:51.528+0000: 1174.157: [GC [PSYoungGen: 1524452K->6746K(1828736K)] 2197823K->680293K(2515712K), 0.0474580 secs] [Times: user=0.18 sys=0.00, real=0.05 secs] 
2014-07-16T13:08:55.464+0000: 1178.093: [GC [PSYoungGen: 1828698K->2540K(1744704K)] 2502245K->680738K(2431680K), 0.0371590 secs] [Times: user=0.14 sys=0.00, real=0.03 secs] 
2014-07-16T13:08:59.174+0000: 1181.803: [GC [PSYoungGen: 1744684K->7038K(1673344K)] 2422882K->685428K(2360320K), 0.0295470 secs] [Times: user=0.11 sys=0.00, real=0.03 secs] 
2014-07-16T13:09:02.816+0000: 1185.444: [GC [PSYoungGen: 1673342K->5924K(1600128K)] 2351732K->685598K(2287104K), 0.0284830 secs] [Times: user=0.11 sys=0.00, real=0.02 secs] 
2014-07-16T13:09:06.246+0000: 1188.875: [GC [PSYoungGen: 1600100K->7170K(1532800K)] 2279774K->687116K(2219776K), 0.0233740 secs] [Times: user=0.08 sys=0.00, real=0.02 secs] 
2014-07-16T13:09:09.522+0000: 1192.150: [GC [PSYoungGen: 1532738K->2234K(1462592K)] 2212684K->687074K(2149568K), 0.0140150 secs] [Times: user=0.02 sys=0.00, real=0.02 secs] 
2014-07-16T13:09:09.536+0000: 1192.165: [Full GC [PSYoungGen: 2234K->0K(1462592K)] [ParOldGen: 684840K->134584K(397440K)] 687074K->134584K(1860032K) [PSPermGen: 11549K->11239K(23360K)], 0.3071580 secs] [Times: user=0.98 sys=0.05, real=0.30 secs] 
2014-07-16T13:09:12.939+0000: 1195.567: [GC [PSYoungGen: 1460352K->7566K(1405888K)] 1594936K->142151K(1803328K), 0.0212580 secs] [Times: user=0.07 sys=0.00, real=0.02 secs] 
2014-07-16T13:09:16.049+0000: 1198.678: [GC [PSYoungGen: 1405838K->5436K(1344640K)] 1540423K->142345K(1742080K), 0.0151480 secs] [Times: user=0.04 sys=0.00, real=0.01 secs] 
2014-07-16T13:09:18.940+0000: 1201.568: [GC [PSYoungGen: 1344636K->6916K(1289984K)] 1481545K->144033K(1687424K), 0.0253000 secs] [Times: user=0.09 sys=0.00, real=0.02 secs] 
2014-07-16T13:09:21.671+0000: 1204.300: [GC [PSYoungGen: 1289924K->3364K(1232960K)] 1427041K->143968K(1630400K), 0.0159280 secs] [Times: user=0.06 sys=0.00, real=0.01 secs] 
2014-07-16T13:09:24.316+0000: 1206.945: [GC [PSYoungGen: 1232932K->7198K(1185920K)] 1373536K->147883K(1583360K), 0.0192090 secs] [Times: user=0.06 sys=0.00, real=0.02 secs] 
2014-07-16T13:09:26.846+0000: 1209.474: [GC [PSYoungGen: 1185886K->5156K(1135488K)] 1326571K->148053K(1532928K), 0.0202950 secs] [Times: user=0.08 sys=0.00, real=0.02 secs] 
2014-07-16T13:09:29.252+0000: 1211.880: [GC [PSYoungGen: 1135460K->6988K(1091264K)] 1278357K->150013K(1488704K), 0.0270350 secs] [Times: user=0.09 sys=0.00, real=0.03 secs] 
2014-07-16T13:09:31.563+0000: 1214.191: [GC [PSYoungGen: 1091193K->3442K(1043840K)] 1234217K->149907K(1441280K), 0.0059460 secs] [Times: user=0.02 sys=0.00, real=0.00 secs] 
2014-07-16T13:09:33.779+0000: 1216.408: [GC [PSYoungGen: 1043826K->6952K(1005632K)] 1190291K->153457K(1403072K), 0.0056810 secs] [Times: user=0.01 sys=0.00, real=0.00 secs] 
2014-07-16T13:09:35.917+0000: 1218.546: [GC [PSYoungGen: 1005608K->5216K(964160K)] 1152113K->153595K(1361600K), 0.0260280 secs] [Times: user=0.09 sys=0.00, real=0.03 secs] 
2014-07-16T13:09:37.974+0000: 1220.603: [GC [PSYoungGen: 964128K->6532K(927680K)] 1112507K->155007K(1325120K), 0.0109950 secs] [Times: user=0.03 sys=0.00, real=0.01 secs] 
2014-07-16T13:09:39.943+0000: 1222.572: [GC [PSYoungGen: 927620K->3574K(888640K)] 1076095K->155215K(1286080K), 0.0191440 secs] [Times: user=0.06 sys=0.00, real=0.02 secs] 
2014-07-16T13:09:41.837+0000: 1224.466: [GC [PSYoungGen: 888630K->6960K(1065344K)] 1040271K->158674K(1462784K), 0.0405780 secs] [Times: user=0.15 sys=0.00, real=0.04 secs] 
2014-07-16T13:09:44.115+0000: 1226.743: [GC [PSYoungGen: 1065247K->4960K(1270272K)] 1216961K->158840K(1667712K), 0.0172640 secs] [Times: user=0.06 sys=0.00, real=0.02 secs] 
2014-07-16T13:09:46.821+0000: 1229.450: [GC [PSYoungGen: 1270240K->7116K(1219840K)] 1424120K->161156K(1617280K), 0.0155900 secs] [Times: user=0.05 sys=0.00, real=0.01 secs] 
2014-07-16T13:09:49.456+0000: 1232.085: [GC [PSYoungGen: 1219788K->3236K(1165888K)] 1373828K->161115K(1563328K), 0.0109670 secs] [Times: user=0.03 sys=0.00, real=0.01 secs] 
2014-07-16T13:09:51.921+0000: 1234.549: [GC [PSYoungGen: 1165860K->7148K(1122176K)] 1323739K->165115K(1519616K), 0.0297360 secs] [Times: user=0.10 sys=0.00, real=0.03 secs] 
2014-07-16T13:09:54.313+0000: 1236.942: [GC [PSYoungGen: 1122156K->4836K(1074560K)] 1280123K->165255K(1472000K), 0.0211680 secs] [Times: user=0.08 sys=0.00, real=0.02 secs] 
2014-07-16T13:09:56.614+0000: 1239.243: [GC [PSYoungGen: 1074532K->6774K(1033344K)] 1234951K->167377K(1430784K), 0.0151990 secs] [Times: user=0.06 sys=0.00, real=0.01 secs] 
2014-07-16T13:09:58.866+0000: 1241.495: [GC [PSYoungGen: 1033334K->3630K(989120K)] 1193937K->167562K(1386560K), 0.0046830 secs] [Times: user=0.02 sys=0.00, real=0.00 secs] 
2014-07-16T13:10:00.960+0000: 1243.588: [GC [PSYoungGen: 989102K->6874K(953280K)] 1153034K->170911K(1350720K), 0.0179970 secs] [Times: user=0.06 sys=0.01, real=0.02 secs] 
2014-07-16T13:10:02.984+0000: 1245.613: [GC [PSYoungGen: 953239K->4576K(913728K)] 1117276K->171031K(1311168K), 0.0092860 secs] [Times: user=0.02 sys=0.00, real=0.00 secs] 
2014-07-16T13:10:04.936+0000: 1247.564: [GC [PSYoungGen: 913696K->6988K(880704K)] 1080151K->173627K(1278144K), 0.0239550 secs] [Times: user=0.08 sys=0.00, real=0.02 secs] 
2014-07-16T13:10:06.822+0000: 1249.450: [GC [PSYoungGen: 880652K->3368K(843328K)] 1047291K->173734K(1240768K), 0.0163250 secs] [Times: user=0.06 sys=0.01, real=0.02 secs] 
2014-07-16T13:10:08.648+0000: 1251.276: [GC [PSYoungGen: 843304K->6906K(814656K)] 1013670K->177353K(1212096K), 0.0160640 secs] [Times: user=0.06 sys=0.01, real=0.01 secs] 
2014-07-16T13:10:10.390+0000: 1253.019: [GC [PSYoungGen: 814650K->4600K(781696K)] 985097K->177383K(1179136K), 0.0197510 secs] [Times: user=0.07 sys=0.01, real=0.02 secs] 
2014-07-16T13:10:12.051+0000: 1254.680: [GC [PSYoungGen: 781688K->6874K(754816K)] 954471K->179721K(1152256K), 0.0119120 secs] [Times: user=0.03 sys=0.00, real=0.01 secs] 
2014-07-16T13:10:13.680+0000: 1256.308: [GC [PSYoungGen: 754778K->3378K(897536K)] 927625K->179954K(1294976K), 0.0249260 secs] [Times: user=0.08 sys=0.00, real=0.02 secs] 
2014-07-16T13:10:15.595+0000: 1258.223: [GC [PSYoungGen: 897522K->6938K(866368K)] 1074098K->183634K(1263808K), 0.0176440 secs] [Times: user=0.06 sys=0.00, real=0.02 secs] 
2014-07-16T13:10:17.426+0000: 1260.055: [GC [PSYoungGen: 866330K->4522K(1032512K)] 1043026K->183618K(1429952K), 0.0336560 secs] [Times: user=0.11 sys=0.00, real=0.03 secs] 
2014-07-16T13:10:19.655+0000: 1262.283: [GC [PSYoungGen: 1032490K->6742K(1236096K)] 1211586K->185910K(1633536K), 0.0189600 secs] [Times: user=0.06 sys=0.00, real=0.02 secs] 
2014-07-16T13:10:22.320+0000: 1264.948: [GC [PSYoungGen: 1236054K->3446K(1473024K)] 1415222K->186097K(1870464K), 0.0187390 secs] [Times: user=0.06 sys=0.00, real=0.02 secs] 
2014-07-16T13:10:25.509+0000: 1268.137: [GC [PSYoungGen: 1473014K->7102K(1414144K)] 1655665K->189881K(1811584K), 0.0065810 secs] [Times: user=0.02 sys=0.01, real=0.00 secs] 
2014-07-16T13:10:28.505+0000: 1271.133: [GC [PSYoungGen: 1414140K->4212K(1351744K)] 1596919K->190077K(1749184K), 0.0225070 secs] [Times: user=0.09 sys=0.00, real=0.02 secs] 
2014-07-16T13:10:31.469+0000: 1274.097: [GC [PSYoungGen: 1351732K->6874K(1297856K)] 1537597K->192851K(1695296K), 0.0261530 secs] [Times: user=0.09 sys=0.00, real=0.02 secs] 
2014-07-16T13:10:34.269+0000: 1276.897: [GC [PSYoungGen: 1297818K->3766K(1240896K)] 1483795K->193049K(1638336K), 0.0062700 secs] [Times: user=0.02 sys=0.00, real=0.01 secs] 
2014-07-16T13:10:36.904+0000: 1279.533: [GC [PSYoungGen: 1240886K->6888K(1192832K)] 1430169K->196372K(1590272K), 0.0301420 secs] [Times: user=0.11 sys=0.00, real=0.03 secs] 
2014-07-16T13:10:39.449+0000: 1282.077: [GC [PSYoungGen: 1192808K->4208K(1141376K)] 1382292K->196554K(1538816K), 0.0214320 secs] [Times: user=0.08 sys=0.01, real=0.03 secs] 
2014-07-16T13:10:41.890+0000: 1284.518: [GC [PSYoungGen: 1141360K->6810K(1097600K)] 1333706K->199294K(1495040K), 0.0163380 secs] [Times: user=0.05 sys=0.00, real=0.01 secs] 
2014-07-16T13:10:44.247+0000: 1286.875: [GC [PSYoungGen: 1097562K->3692K(1050304K)] 1290046K->199609K(1447744K), 0.0066130 secs] [Times: user=0.02 sys=0.00, real=0.01 secs] 
2014-07-16T13:10:46.469+0000: 1289.098: [GC [PSYoungGen: 1050284K->6810K(1011392K)] 1246201K->202887K(1408832K), 0.0226410 secs] [Times: user=0.08 sys=0.00, real=0.03 secs] 
2014-07-16T13:10:48.614+0000: 1291.242: [GC [PSYoungGen: 1011354K->4340K(968896K)] 1207431K->203023K(1366336K), 0.0132040 secs] [Times: user=0.05 sys=0.00, real=0.01 secs] 
2014-07-16T13:10:50.699+0000: 1293.328: [GC [PSYoungGen: 968884K->6828K(933312K)] 1167567K->205583K(1330752K), 0.0131090 secs] [Times: user=0.04 sys=0.00, real=0.02 secs] 
2014-07-16T13:10:52.684+0000: 1295.313: [GC [PSYoungGen: 933292K->3560K(893760K)] 1132047K->205740K(1291200K), 0.0350240 secs] [Times: user=0.13 sys=0.00, real=0.03 secs] 
2014-07-16T13:10:54.626+0000: 1297.254: [GC [PSYoungGen: 893736K->7276K(862912K)] 1095916K->209600K(1260352K), 0.0099370 secs] [Times: user=0.03 sys=0.01, real=0.01 secs] 
2014-07-16T13:10:56.436+0000: 1299.065: [GC [PSYoungGen: 862892K->3752K(826496K)] 1065216K->209360K(1223936K), 0.0122470 secs] [Times: user=0.05 sys=0.00, real=0.01 secs] 
2014-07-16T13:10:58.210+0000: 1300.838: [GC [PSYoungGen: 826433K->6778K(798144K)] 1032041K->212459K(1195584K), 0.0103400 secs] [Times: user=0.02 sys=0.00, real=0.01 secs] 
2014-07-16T13:10:59.908+0000: 1302.536: [GC [PSYoungGen: 798138K->4204K(765696K)] 1003819K->212546K(1163136K), 0.0134130 secs] [Times: user=0.05 sys=0.00, real=0.01 secs] 
2014-07-16T13:11:01.525+0000: 1304.153: [GC [PSYoungGen: 765676K->6682K(739712K)] 974018K->215113K(1137152K), 0.0162390 secs] [Times: user=0.05 sys=0.01, real=0.01 secs] 
2014-07-16T13:11:03.112+0000: 1305.740: [GC [PSYoungGen: 739674K->3820K(880768K)] 948105K->215534K(1278208K), 0.0406070 secs] [Times: user=0.14 sys=0.00, real=0.04 secs] 
2014-07-16T13:11:05.014+0000: 1307.643: [GC [PSYoungGen: 880736K->7084K(1056128K)] 1092450K->218950K(1453568K), 0.0213530 secs] [Times: user=0.08 sys=0.00, real=0.02 secs] 
2014-07-16T13:11:07.286+0000: 1309.914: [GC [PSYoungGen: 1056108K->3944K(1258432K)] 1267974K->218920K(1655872K), 0.0173380 secs] [Times: user=0.04 sys=0.00, real=0.01 secs] 
2014-07-16T13:11:09.958+0000: 1312.586: [GC [PSYoungGen: 1258408K->6714K(1209088K)] 1473384K->221786K(1606528K), 0.0052470 secs] [Times: user=0.02 sys=0.01, real=0.00 secs] 
2014-07-16T13:11:12.541+0000: 1315.170: [GC [PSYoungGen: 1209082K->4208K(1157056K)] 1424154K->222029K(1554496K), 0.0170860 secs] [Times: user=0.07 sys=0.00, real=0.02 secs] 
2014-07-16T13:11:15.031+0000: 1317.659: [GC [PSYoungGen: 1157040K->7016K(1112704K)] 1374861K->224997K(1510144K), 0.0145790 secs] [Times: user=0.05 sys=0.00, real=0.02 secs] 
2014-07-16T13:11:17.380+0000: 1320.008: [GC [PSYoungGen: 1112680K->3510K(1064320K)] 1330661K->225135K(1461760K), 0.0108640 secs] [Times: user=0.04 sys=0.00, real=0.01 secs] 
2014-07-16T13:11:19.710+0000: 1322.338: [GC [PSYoungGen: 1064310K->6946K(1025088K)] 1285935K->228667K(1422528K), 0.0054130 secs] [Times: user=0.01 sys=0.00, real=0.00 secs] 
2014-07-16T13:11:21.852+0000: 1324.480: [GC [PSYoungGen: 1025058K->4282K(981760K)] 1246779K->228839K(1379200K), 0.0396970 secs] [Times: user=0.14 sys=0.00, real=0.04 secs] 
2014-07-16T13:11:23.953+0000: 1326.581: [GC [PSYoungGen: 981754K->6870K(945664K)] 1206311K->231547K(1343104K), 0.0197590 secs] [Times: user=0.07 sys=0.00, real=0.02 secs] 
2014-07-16T13:11:26.015+0000: 1328.644: [GC [PSYoungGen: 945622K->3560K(905472K)] 1170299K->231718K(1302912K), 0.0257170 secs] [Times: user=0.09 sys=0.00, real=0.03 secs] 
2014-07-16T13:11:27.992+0000: 1330.621: [GC [PSYoungGen: 905448K->6974K(873792K)] 1133606K->235244K(1271232K), 0.0193890 secs] [Times: user=0.07 sys=0.01, real=0.02 secs] 
2014-07-16T13:11:29.903+0000: 1332.531: [GC [PSYoungGen: 873790K->4218K(837632K)] 1102060K->235280K(1235072K), 0.0192440 secs] [Times: user=0.07 sys=0.00, real=0.02 secs] 
2014-07-16T13:11:31.684+0000: 1334.312: [GC [PSYoungGen: 837626K->6920K(1003456K)] 1068688K->238118K(1400896K), 0.0225950 secs] [Times: user=0.08 sys=0.00, real=0.02 secs] 
2014-07-16T13:11:33.826+0000: 1336.455: [GC [PSYoungGen: 1003400K->3432K(1194688K)] 1234598K->238281K(1592128K), 0.0188980 secs] [Times: user=0.07 sys=0.00, real=0.02 secs] 
2014-07-16T13:11:36.426+0000: 1339.055: [GC [PSYoungGen: 1194664K->7266K(1149504K)] 1429513K->242219K(1546944K), 0.0139100 secs] [Times: user=0.03 sys=0.00, real=0.02 secs] 
2014-07-16T13:11:38.898+0000: 1341.527: [GC [PSYoungGen: 1149474K->3872K(1099456K)] 1384427K->242129K(1496896K), 0.0078610 secs] [Times: user=0.02 sys=0.00, real=0.01 secs] 
2014-07-16T13:11:41.292+0000: 1343.920: [GC [PSYoungGen: 1099424K->6874K(1058112K)] 1337681K->245243K(1455552K), 0.0214240 secs] [Times: user=0.08 sys=0.00, real=0.02 secs] 
2014-07-16T13:11:43.543+0000: 1346.171: [GC [PSYoungGen: 1058074K->4080K(1013056K)] 1296443K->245431K(1410496K), 0.0288560 secs] [Times: user=0.10 sys=0.00, real=0.03 secs] 
2014-07-16T13:11:45.755+0000: 1348.384: [GC [PSYoungGen: 1013040K->6742K(975552K)] 1254391K->248277K(1372992K), 0.0142030 secs] [Times: user=0.05 sys=0.00, real=0.01 secs] 
2014-07-16T13:11:47.831+0000: 1350.459: [GC [PSYoungGen: 975509K->4026K(934528K)] 1217043K->248363K(1331968K), 0.0262190 secs] [Times: user=0.08 sys=0.00, real=0.02 secs] 
2014-07-16T13:11:49.895+0000: 1352.523: [GC [PSYoungGen: 934522K->7048K(1119872K)] 1178859K->251473K(1517312K), 0.0343310 secs] [Times: user=0.12 sys=0.01, real=0.03 secs] 
2014-07-16T13:11:52.227+0000: 1354.856: [GC [PSYoungGen: 1119816K->3748K(1071360K)] 1364241K->251498K(1468800K), 0.0060110 secs] [Times: user=0.02 sys=0.00, real=0.01 secs] 
2014-07-16T13:11:54.521+0000: 1357.149: [GC [PSYoungGen: 1071332K->7024K(1031616K)] 1319082K->254894K(1429056K), 0.0263860 secs] [Times: user=0.10 sys=0.00, real=0.02 secs] 
2014-07-16T13:11:56.711+0000: 1359.339: [GC [PSYoungGen: 1031600K->3938K(1228928K)] 1279470K->255047K(1626368K), 0.0272750 secs] [Times: user=0.09 sys=0.00, real=0.02 secs] 
2014-07-16T13:11:59.385+0000: 1362.013: [GC [PSYoungGen: 1228898K->6956K(1181312K)] 1480007K->258169K(1578752K), 0.0194960 secs] [Times: user=0.06 sys=0.00, real=0.02 secs] 
2014-07-16T13:12:01.883+0000: 1364.512: [GC [PSYoungGen: 1181292K->3830K(1129984K)] 1432505K->258145K(1527424K), 0.0244980 secs] [Times: user=0.09 sys=0.00, real=0.02 secs] 
2014-07-16T13:12:04.293+0000: 1366.921: [GC [PSYoungGen: 1129974K->7294K(1353728K)] 1384289K->261706K(1751168K), 0.0312080 secs] [Times: user=0.12 sys=0.00, real=0.03 secs] 
2014-07-16T13:12:07.174+0000: 1369.803: [GC [PSYoungGen: 1353726K->3624K(1613248K)] 1608138K->261536K(2010688K), 0.0267130 secs] [Times: user=0.10 sys=0.00, real=0.02 secs] 
2014-07-16T13:12:10.678+0000: 1373.306: [GC [PSYoungGen: 1613224K->7048K(1547264K)] 1871136K->265088K(1944704K), 0.0220680 secs] [Times: user=0.07 sys=0.00, real=0.02 secs] 
2014-07-16T13:12:14.003+0000: 1376.631: [GC [PSYoungGen: 1547172K->4154K(1478336K)] 1805212K->265250K(1875776K), 0.0333480 secs] [Times: user=0.11 sys=0.00, real=0.04 secs] 
2014-07-16T13:12:17.169+0000: 1379.798: [GC [PSYoungGen: 1478269K->7134K(1418560K)] 1739364K->268454K(1816000K), 0.0233960 secs] [Times: user=0.08 sys=0.00, real=0.02 secs] 
2014-07-16T13:12:20.224+0000: 1382.852: [GC [PSYoungGen: 1418507K->3556K(1355264K)] 1679827K->268373K(1752704K), 0.0223340 secs] [Times: user=0.08 sys=0.00, real=0.03 secs] 
2014-07-16T13:12:23.124+0000: 1385.752: [GC [PSYoungGen: 1355236K->7344K(1302272K)] 1620053K->272274K(1699712K), 0.0272340 secs] [Times: user=0.09 sys=0.01, real=0.03 secs] 
2014-07-16T13:12:25.906+0000: 1388.534: [GC [PSYoungGen: 1302256K->3834K(1244736K)] 1567186K->272163K(1642176K), 0.0172000 secs] [Times: user=0.04 sys=0.01, real=0.01 secs] 
2014-07-16T13:12:28.585+0000: 1391.213: [GC [PSYoungGen: 1244730K->6892K(1196416K)] 1513059K->275350K(1593856K), 0.0167120 secs] [Times: user=0.05 sys=0.00, real=0.02 secs] 
2014-07-16T13:12:31.156+0000: 1393.784: [GC [PSYoungGen: 1196396K->4276K(1144896K)] 1464854K->275452K(1542336K), 0.0194640 secs] [Times: user=0.08 sys=0.00, real=0.02 secs] 
2014-07-16T13:12:33.605+0000: 1396.233: [GC [PSYoungGen: 1144884K->7156K(1101248K)] 1416060K->278444K(1498688K), 0.0089850 secs] [Times: user=0.02 sys=0.00, real=0.01 secs] 
2014-07-16T13:12:35.985+0000: 1398.613: [GC [PSYoungGen: 1101236K->3564K(1053376K)] 1372524K->278620K(1450816K), 0.0153790 secs] [Times: user=0.05 sys=0.00, real=0.02 secs] 
2014-07-16T13:12:38.255+0000: 1400.883: [GC [PSYoungGen: 1053356K->7034K(1014656K)] 1328412K->282202K(1412096K), 0.0121320 secs] [Times: user=0.03 sys=0.00, real=0.01 secs] 
2014-07-16T13:12:40.436+0000: 1403.064: [GC [PSYoungGen: 1014650K->4518K(972032K)] 1289818K->282314K(1369472K), 0.0206870 secs] [Times: user=0.07 sys=0.00, real=0.02 secs] 
2014-07-16T13:12:42.565+0000: 1405.193: [GC [PSYoungGen: 972006K->7020K(936320K)] 1249802K->284953K(1333760K), 0.0248710 secs] [Times: user=0.09 sys=0.00, real=0.03 secs] 
2014-07-16T13:12:44.581+0000: 1407.210: [GC [PSYoungGen: 936300K->3438K(896320K)] 1214233K->285048K(1293760K), 0.0129550 secs] [Times: user=0.05 sys=0.00, real=0.01 secs] 
2014-07-16T13:12:46.488+0000: 1409.116: [GC [PSYoungGen: 896302K->6814K(865024K)] 1177912K->288536K(1262464K), 0.0124590 secs] [Times: user=0.04 sys=0.00, real=0.02 secs] 
2014-07-16T13:12:48.320+0000: 1410.949: [GC [PSYoungGen: 864990K->4600K(829760K)] 1146712K->288774K(1227200K), 0.0137540 secs] [Times: user=0.05 sys=0.00, real=0.01 secs] 
2014-07-16T13:12:50.088+0000: 1412.716: [GC [PSYoungGen: 829752K->6732K(800448K)] 1113926K->291020K(1197888K), 0.0232870 secs] [Times: user=0.08 sys=0.01, real=0.03 secs] 
2014-07-16T13:12:51.911+0000: 1414.539: [GC [PSYoungGen: 800396K->3508K(952320K)] 1084684K->291316K(1349760K), 0.0250340 secs] [Times: user=0.08 sys=0.00, real=0.02 secs] 
2014-07-16T13:12:53.958+0000: 1416.587: [GC [PSYoungGen: 952308K->6956K(918464K)] 1240116K->294892K(1315904K), 0.0090380 secs] [Times: user=0.02 sys=0.00, real=0.01 secs] 
2014-07-16T13:12:55.961+0000: 1418.590: [GC [PSYoungGen: 918414K->4408K(880320K)] 1206350K->295111K(1277760K), 0.0231080 secs] [Times: user=0.08 sys=0.00, real=0.02 secs] 
2014-07-16T13:12:57.846+0000: 1420.475: [GC [PSYoungGen: 880312K->6774K(848832K)] 1171015K->297647K(1246272K), 0.0121870 secs] [Times: user=0.05 sys=0.00, real=0.01 secs] 
2014-07-16T13:12:59.644+0000: 1422.273: [GC [PSYoungGen: 848822K->3684K(813504K)] 1139695K->297851K(1210944K), 0.0161770 secs] [Times: user=0.06 sys=0.01, real=0.01 secs] 
2014-07-16T13:13:01.397+0000: 1424.026: [GC [PSYoungGen: 813476K->6696K(785792K)] 1107643K->300952K(1183232K), 0.0162970 secs] [Times: user=0.06 sys=0.00, real=0.02 secs] 
2014-07-16T13:13:03.062+0000: 1425.690: [GC [PSYoungGen: 785768K->4476K(754240K)] 1080024K->301476K(1151680K), 0.0206300 secs] [Times: user=0.07 sys=0.00, real=0.02 secs] 
2014-07-16T13:13:04.672+0000: 1427.300: [GC [PSYoungGen: 754236K->6878K(903296K)] 1051236K->304054K(1300736K), 0.0198700 secs] [Times: user=0.08 sys=0.00, real=0.02 secs] 
2014-07-16T13:13:06.594+0000: 1429.223: [GC [PSYoungGen: 903262K->3642K(1076032K)] 1200438K->304081K(1473472K), 0.0360070 secs] [Times: user=0.14 sys=0.00, real=0.03 secs] 
2014-07-16T13:13:08.899+0000: 1431.527: [GC [PSYoungGen: 1076026K->7170K(1289664K)] 1376465K->307721K(1687104K), 0.0165920 secs] [Times: user=0.05 sys=0.00, real=0.02 secs] 
2014-07-16T13:13:11.726+0000: 1434.354: [GC [PSYoungGen: 1289602K->4012K(1537536K)] 1590153K->307829K(1934976K), 0.0290290 secs] [Times: user=0.10 sys=0.00, real=0.03 secs] 
2014-07-16T13:13:15.028+0000: 1437.657: [GC [PSYoungGen: 1537516K->7102K(1474944K)] 1841333K->311031K(1872384K), 0.0124500 secs] [Times: user=0.05 sys=0.00, real=0.01 secs] 
2014-07-16T13:13:18.186+0000: 1440.814: [GC [PSYoungGen: 1474942K->3880K(1409280K)] 1778871K->311105K(1806720K), 0.0239200 secs] [Times: user=0.08 sys=0.00, real=0.02 secs] 
2014-07-16T13:13:21.265+0000: 1443.893: [GC [PSYoungGen: 1409256K->7344K(1353344K)] 1716481K->314690K(1750784K), 0.0154070 secs] [Times: user=0.05 sys=0.00, real=0.01 secs] 
2014-07-16T13:13:24.121+0000: 1446.750: [GC [PSYoungGen: 1353328K->3752K(1293248K)] 1660674K->314546K(1690688K), 0.0195050 secs] [Times: user=0.07 sys=0.01, real=0.02 secs] 
2014-07-16T13:13:26.892+0000: 1449.520: [GC [PSYoungGen: 1293132K->6974K(1242688K)] 1603926K->317944K(1640128K), 0.0196080 secs] [Times: user=0.07 sys=0.00, real=0.02 secs] 
2014-07-16T13:13:29.535+0000: 1452.163: [GC [PSYoungGen: 1242686K->4406K(1188992K)] 1553656K->318104K(1586432K), 0.0183720 secs] [Times: user=0.07 sys=0.00, real=0.02 secs] 
2014-07-16T13:13:32.080+0000: 1454.708: [GC [PSYoungGen: 1188982K->6970K(1142848K)] 1502680K->320756K(1540288K), 0.0188410 secs] [Times: user=0.05 sys=0.00, real=0.02 secs] 
2014-07-16T13:13:34.510+0000: 1457.139: [GC [PSYoungGen: 1142842K->3624K(1093184K)] 1456628K->320995K(1490624K), 0.0131190 secs] [Times: user=0.05 sys=0.00, real=0.01 secs] 
2014-07-16T13:13:36.874+0000: 1459.502: [GC [PSYoungGen: 1093160K->6810K(1052288K)] 1410531K->324310K(1449728K), 0.0095540 secs] [Times: user=0.02 sys=0.00, real=0.01 secs] 
2014-07-16T13:13:39.132+0000: 1461.760: [GC [PSYoungGen: 1052250K->4522K(1008000K)] 1369750K->324588K(1405440K), 0.0099940 secs] [Times: user=0.02 sys=0.00, real=0.01 secs] 
2014-07-16T13:13:41.295+0000: 1463.923: [GC [PSYoungGen: 1007978K->6550K(970112K)] 1328044K->326696K(1367552K), 0.0161840 secs] [Times: user=0.05 sys=0.00, real=0.02 secs] 
2014-07-16T13:13:43.410+0000: 1466.039: [GC [PSYoungGen: 970070K->3880K(929408K)] 1290216K->327136K(1326848K), 0.0220470 secs] [Times: user=0.08 sys=0.00, real=0.02 secs] 
2014-07-16T13:13:45.389+0000: 1468.017: [GC [PSYoungGen: 929384K->6760K(896064K)] 1252640K->330200K(1293504K), 0.0157200 secs] [Times: user=0.05 sys=0.00, real=0.01 secs] 
2014-07-16T13:13:47.307+0000: 1469.935: [GC [PSYoungGen: 896040K->4326K(859136K)] 1219480K->330436K(1256576K), 0.0234800 secs] [Times: user=0.08 sys=0.00, real=0.03 secs] 
2014-07-16T13:13:49.140+0000: 1471.768: [GC [PSYoungGen: 859110K->6956K(1029120K)] 1185220K->333162K(1426560K), 0.0327750 secs] [Times: user=0.09 sys=0.01, real=0.03 secs] 
2014-07-16T13:13:51.320+0000: 1473.948: [GC [PSYoungGen: 1029081K->3574K(984896K)] 1355287K->333284K(1382336K), 0.0110830 secs] [Times: user=0.03 sys=0.00, real=0.01 secs] 
2014-07-16T13:13:53.495+0000: 1476.123: [GC [PSYoungGen: 984886K->6988K(1180608K)] 1314596K->336797K(1578048K), 0.0374070 secs] [Times: user=0.13 sys=0.00, real=0.04 secs] 
2014-07-16T13:13:56.012+0000: 1478.640: [GC [PSYoungGen: 1180556K->4276K(1407360K)] 1510365K->337067K(1804800K), 0.0188770 secs] [Times: user=0.07 sys=0.00, real=0.02 secs] 
2014-07-16T13:13:59.061+0000: 1481.689: [GC [PSYoungGen: 1407348K->6596K(1350400K)] 1740139K->339515K(1747840K), 0.0222510 secs] [Times: user=0.08 sys=0.00, real=0.02 secs] 
2014-07-16T13:14:02.010+0000: 1484.639: [GC [PSYoungGen: 1350340K->3948K(1291328K)] 1683259K->339963K(1688768K), 0.0210750 secs] [Times: user=0.06 sys=0.00, real=0.02 secs] 
2014-07-16T13:14:04.770+0000: 1487.398: [GC [PSYoungGen: 1291308K->7102K(1546048K)] 1627323K->343237K(1943488K), 0.0377100 secs] [Times: user=0.12 sys=0.00, real=0.04 secs] 
2014-07-16T13:14:08.107+0000: 1490.735: [GC [PSYoungGen: 1546046K->3824K(1476864K)] 1882181K->343451K(1874304K), 0.0137870 secs] [Times: user=0.05 sys=0.00, real=0.01 secs] 
2014-07-16T13:14:11.246+0000: 1493.875: [GC [PSYoungGen: 1476848K->6846K(1417152K)] 1816475K->346577K(1814592K), 0.0203030 secs] [Times: user=0.07 sys=0.00, real=0.02 secs] 
2014-07-16T13:14:14.296+0000: 1496.925: [GC [PSYoungGen: 1417150K->4450K(1355136K)] 1756881K->347011K(1752576K), 0.0252350 secs] [Times: user=0.09 sys=0.00, real=0.02 secs] 
2014-07-16T13:14:17.230+0000: 1499.858: [GC [PSYoungGen: 1355106K->6788K(1300736K)] 1697667K->349637K(1698176K), 0.0266660 secs] [Times: user=0.09 sys=0.01, real=0.03 secs] 
2014-07-16T13:14:19.983+0000: 1502.611: [GC [PSYoungGen: 1300676K->3816K(1243776K)] 1643525K->349721K(1641216K), 0.0177240 secs] [Times: user=0.07 sys=0.01, real=0.01 secs] 
2014-07-16T13:14:22.663+0000: 1505.292: [GC [PSYoungGen: 1243752K->7052K(1195648K)] 1589657K->353053K(1593088K), 0.0219720 secs] [Times: user=0.08 sys=0.00, real=0.02 secs] 
2014-07-16T13:14:25.220+0000: 1507.849: [GC [PSYoungGen: 1195596K->4208K(1143872K)] 1541597K->353187K(1541312K), 0.0246650 secs] [Times: user=0.09 sys=0.00, real=0.03 secs] 
2014-07-16T13:14:27.683+0000: 1510.311: [GC [PSYoungGen: 1143856K->6824K(1099968K)] 1492835K->355956K(1497408K), 0.0087470 secs] [Times: user=0.01 sys=0.00, real=0.01 secs] 
2014-07-16T13:14:30.004+0000: 1512.632: [GC [PSYoungGen: 1099944K->3962K(1052800K)] 1449076K->355988K(1450240K), 0.0229420 secs] [Times: user=0.07 sys=0.00, real=0.03 secs] 
2014-07-16T13:14:32.291+0000: 1514.920: [GC [PSYoungGen: 1052794K->6760K(1260608K)] 1404820K->358858K(1658048K), 0.0387740 secs] [Times: user=0.13 sys=0.00, real=0.04 secs] 
2014-07-16T13:14:34.983+0000: 1517.612: [GC [PSYoungGen: 1260584K->4272K(1206080K)] 1612682K->359107K(1603520K), 0.0228940 secs] [Times: user=0.08 sys=0.00, real=0.03 secs] 
2014-07-16T13:14:37.571+0000: 1520.200: [GC [PSYoungGen: 1206064K->6792K(1159104K)] 1560899K->361787K(1556544K), 0.0165550 secs] [Times: user=0.06 sys=0.00, real=0.02 secs] 
2014-07-16T13:14:40.025+0000: 1522.653: [GC [PSYoungGen: 1159048K->3748K(1108928K)] 1514043K->361845K(1506368K), 0.0156570 secs] [Times: user=0.05 sys=0.00, real=0.02 secs] 
2014-07-16T13:14:42.470+0000: 1525.098: [GC [PSYoungGen: 1108900K->7152K(1067456K)] 1466997K->365321K(1464896K), 0.0097260 secs] [Times: user=0.03 sys=0.01, real=0.01 secs] 
2014-07-16T13:14:44.738+0000: 1527.366: [GC [PSYoungGen: 1067440K->3952K(1021568K)] 1425609K->365405K(1419008K), 0.0147420 secs] [Times: user=0.05 sys=0.00, real=0.01 secs] 
2014-07-16T13:14:46.935+0000: 1529.564: [GC [PSYoungGen: 1021552K->6824K(983808K)] 1383005K->368413K(1381248K), 0.0127320 secs] [Times: user=0.04 sys=0.00, real=0.02 secs] 
2014-07-16T13:14:49.039+0000: 1531.668: [GC [PSYoungGen: 983784K->4222K(942528K)] 1345373K->368593K(1339968K), 0.0081090 secs] [Times: user=0.02 sys=0.00, real=0.01 secs] 
2014-07-16T13:14:51.040+0000: 1533.668: [GC [PSYoungGen: 942526K->6774K(908224K)] 1306897K->371226K(1305664K), 0.0199010 secs] [Times: user=0.07 sys=0.01, real=0.02 secs] 
2014-07-16T13:14:52.953+0000: 1535.581: [GC [PSYoungGen: 908214K->3884K(870272K)] 1272666K->371356K(1267712K), 0.0259330 secs] [Times: user=0.09 sys=0.00, real=0.03 secs] 
2014-07-16T13:14:54.814+0000: 1537.442: [GC [PSYoungGen: 870252K->6856K(839872K)] 1237724K->374480K(1237312K), 0.0234560 secs] [Times: user=0.08 sys=0.00, real=0.02 secs] 
2014-07-16T13:14:56.596+0000: 1539.224: [GC [PSYoungGen: 839816K->4084K(1000960K)] 1207440K->374618K(1398400K), 0.0502480 secs] [Times: user=0.19 sys=0.01, real=0.05 secs] 
2014-07-16T13:14:58.927+0000: 1541.556: [GC [PSYoungGen: 1000948K->6956K(1199552K)] 1371482K->377594K(1596992K), 0.0174440 secs] [Times: user=0.07 sys=0.01, real=0.02 secs] 
2014-07-16T13:15:01.476+0000: 1544.105: [GC [PSYoungGen: 1199532K->3680K(1430016K)] 1570170K->377677K(1827456K), 0.0215420 secs] [Times: user=0.09 sys=0.00, real=0.02 secs] 
2014-07-16T13:15:04.583+0000: 1547.212: [GC [PSYoungGen: 1429984K->6984K(1712384K)] 1803981K->381045K(2109824K), 0.0241000 secs] [Times: user=0.09 sys=0.00, real=0.02 secs] 
2014-07-16T13:15:08.341+0000: 1550.969: [GC [PSYoungGen: 1712328K->3880K(1635136K)] 2086389K->381316K(2032576K), 0.0267090 secs] [Times: user=0.09 sys=0.00, real=0.02 secs] 
2014-07-16T13:15:11.837+0000: 1554.465: [GC [PSYoungGen: 1635112K->7016K(1567808K)] 2012548K->384580K(1965248K), 0.0197550 secs] [Times: user=0.07 sys=0.00, real=0.02 secs] 
2014-07-16T13:15:15.206+0000: 1557.834: [GC [PSYoungGen: 1567784K->3820K(1497600K)] 1945348K->384708K(1895040K), 0.0225340 secs] [Times: user=0.09 sys=0.00, real=0.02 secs] 
2014-07-16T13:15:18.465+0000: 1561.094: [GC [PSYoungGen: 1497580K->6910K(1436928K)] 1878468K->387982K(1834368K), 0.0079020 secs] [Times: user=0.02 sys=0.00, real=0.01 secs] 
2014-07-16T13:15:21.533+0000: 1564.162: [GC [PSYoungGen: 1436926K->4016K(1373440K)] 1817998K->388054K(1770880K), 0.0199020 secs] [Times: user=0.07 sys=0.00, real=0.02 secs] 
2014-07-16T13:15:24.466+0000: 1567.095: [GC [PSYoungGen: 1373424K->6742K(1318528K)] 1757462K->390869K(1715968K), 0.0161540 secs] [Times: user=0.06 sys=0.00, real=0.01 secs] 
2014-07-16T13:15:27.290+0000: 1569.918: [GC [PSYoungGen: 1318486K->3834K(1260736K)] 1702613K->391258K(1658176K), 0.0127620 secs] [Times: user=0.04 sys=0.00, real=0.01 secs] 
2014-07-16T13:15:30.027+0000: 1572.655: [GC [PSYoungGen: 1260730K->7020K(1211776K)] 1648154K->394540K(1609216K), 0.0117130 secs] [Times: user=0.03 sys=0.00, real=0.01 secs] 
2014-07-16T13:15:32.629+0000: 1575.258: [GC [PSYoungGen: 1211728K->3876K(1158976K)] 1599248K->394580K(1556416K), 0.0338570 secs] [Times: user=0.12 sys=0.00, real=0.03 secs] 
2014-07-16T13:15:35.138+0000: 1577.766: [GC [PSYoungGen: 1158920K->7020K(1114880K)] 1549624K->397908K(1512320K), 0.0266290 secs] [Times: user=0.10 sys=0.00, real=0.03 secs] 
2014-07-16T13:15:37.508+0000: 1580.136: [GC [PSYoungGen: 1114860K->3824K(1066688K)] 1505748K->397846K(1464128K), 0.0178400 secs] [Times: user=0.06 sys=0.00, real=0.02 secs] 
2014-07-16T13:15:37.526+0000: 1580.154: [Full GC [PSYoungGen: 3824K->0K(1066688K)] [ParOldGen: 394022K->150664K(410112K)] 397846K->150664K(1476800K) [PSPermGen: 11240K->11236K(25984K)], 0.2403660 secs] [Times: user=0.88 sys=0.00, real=0.24 secs] 
2014-07-16T13:15:40.023+0000: 1582.651: [GC [PSYoungGen: 1062848K->7284K(1027264K)] 1213512K->158149K(1437376K), 0.0202710 secs] [Times: user=0.06 sys=0.00, real=0.02 secs] 
2014-07-16T13:15:42.207+0000: 1584.836: [GC [PSYoungGen: 1027252K->3496K(982656K)] 1178117K->158516K(1392768K), 0.0060940 secs] [Times: user=0.02 sys=0.00, real=0.00 secs] 
2014-07-16T13:15:44.339+0000: 1586.967: [GC [PSYoungGen: 982632K->7152K(947456K)] 1137652K->162268K(1357568K), 0.0166440 secs] [Times: user=0.06 sys=0.00, real=0.01 secs] 
2014-07-16T13:15:46.336+0000: 1588.965: [GC [PSYoungGen: 947440K->4472K(907776K)] 1102556K->162290K(1317888K), 0.0167440 secs] [Times: user=0.07 sys=0.00, real=0.01 secs] 
2014-07-16T13:15:48.316+0000: 1590.945: [GC [PSYoungGen: 907768K->7148K(875200K)] 1065586K->165070K(1285312K), 0.0074330 secs] [Times: user=0.01 sys=0.01, real=0.00 secs] 
2014-07-16T13:15:50.153+0000: 1592.782: [GC [PSYoungGen: 875180K->3488K(838016K)] 1033102K->164820K(1248128K), 0.0203160 secs] [Times: user=0.07 sys=0.00, real=0.02 secs] 
2014-07-16T13:15:51.975+0000: 1594.604: [GC [PSYoungGen: 837984K->7098K(809600K)] 999316K->168542K(1219712K), 0.0215050 secs] [Times: user=0.08 sys=0.00, real=0.02 secs] 
2014-07-16T13:15:53.698+0000: 1596.326: [GC [PSYoungGen: 809594K->4386K(960704K)] 971038K->168484K(1370816K), 0.0238720 secs] [Times: user=0.08 sys=0.00, real=0.02 secs] 
2014-07-16T13:15:55.752+0000: 1598.380: [GC [PSYoungGen: 960674K->7084K(925632K)] 1124772K->171366K(1335744K), 0.0142340 secs] [Times: user=0.04 sys=0.00, real=0.01 secs] 
2014-07-16T13:15:57.711+0000: 1600.340: [GC [PSYoungGen: 925612K->3364K(885952K)] 1089894K->171208K(1296064K), 0.0210660 secs] [Times: user=0.07 sys=0.00, real=0.02 secs] 
2014-07-16T13:15:59.647+0000: 1602.276: [GC [PSYoungGen: 885924K->6874K(1060736K)] 1053768K->174807K(1470848K), 0.0543950 secs] [Times: user=0.17 sys=0.01, real=0.06 secs] 
2014-07-16T13:16:01.941+0000: 1604.569: [GC [PSYoungGen: 1060698K->4592K(1262272K)] 1228631K->175139K(1672384K), 0.0180880 secs] [Times: user=0.06 sys=0.00, real=0.02 secs] 
2014-07-16T13:16:04.662+0000: 1607.291: [GC [PSYoungGen: 1262256K->7098K(1507136K)] 1432803K->177813K(1917248K), 0.0215430 secs] [Times: user=0.08 sys=0.00, real=0.02 secs] 
2014-07-16T13:16:07.897+0000: 1610.526: [GC [PSYoungGen: 1507130K->3168K(1439104K)] 1677845K->177911K(1849216K), 0.0068440 secs] [Times: user=0.02 sys=0.00, real=0.01 secs] 
2014-07-16T13:16:11.005+0000: 1613.634: [GC [PSYoungGen: 1439072K->6888K(1718272K)] 1613815K->181727K(2128384K), 0.0414130 secs] [Times: user=0.14 sys=0.00, real=0.04 secs] 
2014-07-16T13:16:14.720+0000: 1617.349: [GC [PSYoungGen: 1718248K->4782K(1641664K)] 1893087K->182075K(2051776K), 0.0149760 secs] [Times: user=0.05 sys=0.00, real=0.01 secs] 
2014-07-16T13:16:18.215+0000: 1620.843: [GC [PSYoungGen: 1641646K->6966K(1572992K)] 1818939K->184523K(1983104K), 0.0257840 secs] [Times: user=0.09 sys=0.00, real=0.02 secs] 
2014-07-16T13:16:21.659+0000: 1624.287: [GC [PSYoungGen: 1572982K->3236K(1501888K)] 1750539K->184714K(1912000K), 0.0169330 secs] [Times: user=0.07 sys=0.00, real=0.02 secs] 
2014-07-16T13:16:24.911+0000: 1627.539: [GC [PSYoungGen: 1501860K->7294K(1441856K)] 1683338K->188877K(1851968K), 0.0134540 secs] [Times: user=0.03 sys=0.00, real=0.02 secs] 
2014-07-16T13:16:27.986+0000: 1630.614: [GC [PSYoungGen: 1441854K->4340K(1377984K)] 1623437K->188795K(1788096K), 0.0123000 secs] [Times: user=0.04 sys=0.00, real=0.01 secs] 
2014-07-16T13:16:30.956+0000: 1633.584: [GC [PSYoungGen: 1377972K->6842K(1322496K)] 1562427K->191409K(1732608K), 0.0427050 secs] [Times: user=0.16 sys=0.01, real=0.04 secs] 
2014-07-16T13:16:33.781+0000: 1636.409: [GC [PSYoungGen: 1322490K->3820K(1264384K)] 1507057K->191603K(1674496K), 0.0213950 secs] [Times: user=0.06 sys=0.00, real=0.02 secs] 
2014-07-16T13:16:36.508+0000: 1639.136: [GC [PSYoungGen: 1264342K->7002K(1215168K)] 1452125K->194970K(1625280K), 0.0208020 secs] [Times: user=0.08 sys=0.00, real=0.02 secs] 
2014-07-16T13:16:39.154+0000: 1641.782: [GC [PSYoungGen: 1215130K->4144K(1162368K)] 1403098K->195073K(1572480K), 0.0173730 secs] [Times: user=0.06 sys=0.00, real=0.02 secs] 
2014-07-16T13:16:41.603+0000: 1644.232: [GC [PSYoungGen: 1162352K->6760K(1117504K)] 1353281K->197801K(1527616K), 0.0099940 secs] [Times: user=0.03 sys=0.00, real=0.01 secs] 
2014-07-16T13:16:44.118+0000: 1646.747: [GC [PSYoungGen: 1117480K->3958K(1069504K)] 1308521K->198238K(1479616K), 0.0123950 secs] [Times: user=0.04 sys=0.00, real=0.01 secs] 
2014-07-16T13:16:46.319+0000: 1648.947: [GC [PSYoungGen: 1069494K->7212K(1029760K)] 1263774K->201628K(1439872K), 0.0230130 secs] [Times: user=0.08 sys=0.00, real=0.02 secs] 
2014-07-16T13:16:48.514+0000: 1651.143: [GC [PSYoungGen: 1029740K->3830K(985408K)] 1224156K->201642K(1395520K), 0.0285310 secs] [Times: user=0.09 sys=0.00, real=0.03 secs] 
2014-07-16T13:16:50.627+0000: 1653.256: [GC [PSYoungGen: 985398K->6728K(949376K)] 1183210K->204644K(1359488K), 0.0231100 secs] [Times: user=0.08 sys=0.00, real=0.02 secs] 
2014-07-16T13:16:52.667+0000: 1655.296: [GC [PSYoungGen: 949320K->4408K(909888K)] 1147236K->205030K(1320000K), 0.0167550 secs] [Times: user=0.06 sys=0.00, real=0.01 secs] 
2014-07-16T13:16:54.696+0000: 1657.325: [GC [PSYoungGen: 909880K->7006K(1086400K)] 1110502K->207804K(1496512K), 0.0300070 secs] [Times: user=0.10 sys=0.01, real=0.03 secs] 
2014-07-16T13:16:57.013+0000: 1659.641: [GC [PSYoungGen: 1086366K->3564K(1291392K)] 1287164K->207810K(1701504K), 0.0402720 secs] [Times: user=0.15 sys=0.00, real=0.04 secs] 
2014-07-16T13:16:59.777+0000: 1662.406: [GC [PSYoungGen: 1291372K->6906K(1542336K)] 1495618K->211232K(1952448K), 0.0177200 secs] [Times: user=0.06 sys=0.00, real=0.01 secs] 
2014-07-16T13:17:03.086+0000: 1665.715: [GC [PSYoungGen: 1542330K->4404K(1765824K)] 1746656K->211490K(2175936K), 0.0245170 secs] [Times: user=0.09 sys=0.00, real=0.03 secs] 
2014-07-16T13:17:06.991+0000: 1669.620: [GC [PSYoungGen: 1765812K->6838K(1691264K)] 1972898K->214132K(2101376K), 0.0158720 secs] [Times: user=0.06 sys=0.00, real=0.01 secs] 
2014-07-16T13:17:10.585+0000: 1673.214: [GC [PSYoungGen: 1691254K->620K(1611904K)] 1898548K->214613K(2022016K), 0.0187610 secs] [Times: user=0.07 sys=0.00, real=0.02 secs] 
2014-07-16T13:17:14.051+0000: 1676.680: [GC [PSYoungGen: 1611884K->7334K(1549056K)] 1825877K->221359K(1959168K), 0.0142870 secs] [Times: user=0.02 sys=0.00, real=0.01 secs] 
2014-07-16T13:17:17.439+0000: 1680.067: [GC [PSYoungGen: 1549030K->6724K(1482304K)] 1763055K->221621K(1892416K), 0.0219950 secs] [Times: user=0.09 sys=0.00, real=0.03 secs] 
2014-07-16T13:17:20.618+0000: 1683.247: [GC [PSYoungGen: 1482244K->6696K(1419328K)] 1697141K->221769K(1829440K), 0.0246860 secs] [Times: user=0.08 sys=0.00, real=0.03 secs] 
2014-07-16T13:17:23.635+0000: 1686.264: [GC [PSYoungGen: 1419304K->1760K(1354560K)] 1634377K->222087K(1764672K), 0.0188590 secs] [Times: user=0.07 sys=0.00, real=0.02 secs] 
2014-07-16T13:17:26.594+0000: 1689.222: [GC [PSYoungGen: 1354528K->7416K(1303232K)] 1574855K->227864K(1713344K), 0.0129210 secs] [Times: user=0.05 sys=0.00, real=0.01 secs] 
2014-07-16T13:17:29.374+0000: 1692.003: [GC [PSYoungGen: 1303224K->5946K(1247616K)] 1523672K->227768K(1657728K), 0.0209900 secs] [Times: user=0.08 sys=0.00, real=0.02 secs] 
2014-07-16T13:17:32.079+0000: 1694.708: [GC [PSYoungGen: 1247610K->6924K(1197120K)] 1469432K->228842K(1607232K), 0.0109140 secs] [Times: user=0.03 sys=0.00, real=0.01 secs] 
2014-07-16T13:17:34.625+0000: 1697.253: [GC [PSYoungGen: 1197068K->2476K(1143616K)] 1418986K->229070K(1553728K), 0.0136810 secs] [Times: user=0.05 sys=0.00, real=0.01 secs] 
2014-07-16T13:17:37.151+0000: 1699.780: [GC [PSYoungGen: 1143596K->6874K(1101376K)] 1370190K->233589K(1511488K), 0.0210710 secs] [Times: user=0.08 sys=0.01, real=0.02 secs] 
2014-07-16T13:17:39.519+0000: 1702.147: [GC [PSYoungGen: 1101338K->5880K(1055936K)] 1328053K->233629K(1466048K), 0.0236200 secs] [Times: user=0.09 sys=0.00, real=0.02 secs] 
2014-07-16T13:17:41.792+0000: 1704.420: [GC [PSYoungGen: 1055928K->6650K(1014464K)] 1283677K->234503K(1424576K), 0.0217930 secs] [Times: user=0.07 sys=0.00, real=0.02 secs] 
2014-07-16T13:17:43.963+0000: 1706.591: [GC [PSYoungGen: 1014458K->2622K(970176K)] 1242311K->234935K(1380288K), 0.0227580 secs] [Times: user=0.09 sys=0.00, real=0.03 secs] 
2014-07-16T13:17:46.049+0000: 1708.678: [GC [PSYoungGen: 970174K->6910K(936128K)] 1202487K->239343K(1346240K), 0.0218590 secs] [Times: user=0.07 sys=0.00, real=0.02 secs] 
2014-07-16T13:17:48.043+0000: 1710.671: [GC [PSYoungGen: 936126K->5628K(898368K)] 1168559K->239483K(1308480K), 0.0229940 secs] [Times: user=0.08 sys=0.00, real=0.03 secs] 
2014-07-16T13:17:50.071+0000: 1712.699: [GC [PSYoungGen: 898364K->7184K(1072064K)] 1132219K->241135K(1482176K), 0.0356340 secs] [Times: user=0.12 sys=0.01, real=0.04 secs] 
2014-07-16T13:17:52.311+0000: 1714.940: [GC [PSYoungGen: 1072016K->2152K(1271744K)] 1305967K->240985K(1681856K), 0.0179020 secs] [Times: user=0.05 sys=0.00, real=0.02 secs] 
2014-07-16T13:17:55.117+0000: 1717.745: [GC [PSYoungGen: 1271720K->7252K(1521344K)] 1510553K->246173K(1931456K), 0.0354870 secs] [Times: user=0.13 sys=0.00, real=0.03 secs] 
2014-07-16T13:17:58.320+0000: 1720.948: [GC [PSYoungGen: 1521300K->5540K(1454784K)] 1760221K->246195K(1864896K), 0.0160220 secs] [Times: user=0.06 sys=0.00, real=0.01 secs] 
2014-07-16T13:18:01.449+0000: 1724.078: [GC [PSYoungGen: 1454732K->6756K(1394368K)] 1695387K->247571K(1804480K), 0.0149500 secs] [Times: user=0.05 sys=0.00, real=0.01 secs] 
2014-07-16T13:18:04.401+0000: 1727.029: [GC [PSYoungGen: 1394340K->2808K(1331776K)] 1635155K->247920K(1741888K), 0.0347220 secs] [Times: user=0.13 sys=0.00, real=0.03 secs] 
2014-07-16T13:18:07.252+0000: 1729.880: [GC [PSYoungGen: 1331768K->6938K(1280192K)] 1576880K->252194K(1690304K), 0.0207160 secs] [Times: user=0.07 sys=0.00, real=0.02 secs] 
2014-07-16T13:18:10.026+0000: 1732.655: [GC [PSYoungGen: 1280154K->5362K(1225536K)] 1525410K->252454K(1635648K), 0.0194160 secs] [Times: user=0.07 sys=0.00, real=0.02 secs] 
2014-07-16T13:18:12.702+0000: 1735.330: [GC [PSYoungGen: 1225522K->6920K(1176640K)] 1472614K->254132K(1586752K), 0.0238740 secs] [Times: user=0.08 sys=0.00, real=0.02 secs] 
2014-07-16T13:18:15.204+0000: 1737.832: [GC [PSYoungGen: 1176584K->2808K(1124416K)] 1423796K->254270K(1534528K), 0.0202870 secs] [Times: user=0.07 sys=0.00, real=0.02 secs] 
2014-07-16T13:18:17.617+0000: 1740.245: [GC [PSYoungGen: 1124408K->6892K(1082816K)] 1375870K->258466K(1492928K), 0.0157950 secs] [Times: user=0.06 sys=0.00, real=0.02 secs] 
2014-07-16T13:18:19.956+0000: 1742.585: [GC [PSYoungGen: 1082796K->5296K(1037696K)] 1334370K->258522K(1447808K), 0.0099660 secs] [Times: user=0.04 sys=0.00, real=0.01 secs] 
2014-07-16T13:18:22.205+0000: 1744.833: [GC [PSYoungGen: 1037680K->6856K(997888K)] 1290906K->260170K(1408000K), 0.0292320 secs] [Times: user=0.10 sys=0.00, real=0.03 secs] 
2014-07-16T13:18:24.331+0000: 1746.959: [GC [PSYoungGen: 997832K->2658K(954240K)] 1251146K->260474K(1364352K), 0.0080110 secs] [Times: user=0.02 sys=0.00, real=0.00 secs] 
2014-07-16T13:18:26.391+0000: 1749.019: [GC [PSYoungGen: 954210K->6984K(921024K)] 1212026K->264904K(1331136K), 0.0120300 secs] [Times: user=0.04 sys=0.00, real=0.01 secs] 
2014-07-16T13:18:28.362+0000: 1750.991: [GC [PSYoungGen: 920968K->5176K(883392K)] 1178888K->264840K(1293504K), 0.0168370 secs] [Times: user=0.06 sys=0.00, real=0.01 secs] 
2014-07-16T13:18:30.276+0000: 1752.905: [GC [PSYoungGen: 883384K->6856K(851072K)] 1143048K->266624K(1261184K), 0.0148010 secs] [Times: user=0.06 sys=0.00, real=0.02 secs] 
2014-07-16T13:18:32.145+0000: 1754.773: [GC [PSYoungGen: 851016K->2672K(814400K)] 1110784K->266904K(1224512K), 0.0312030 secs] [Times: user=0.12 sys=0.01, real=0.03 secs] 
2014-07-16T13:18:33.929+0000: 1756.558: [GC [PSYoungGen: 814384K->7088K(787904K)] 1078616K->271457K(1198016K), 0.0124840 secs] [Times: user=0.05 sys=0.00, real=0.02 secs] 
2014-07-16T13:18:35.676+0000: 1758.304: [GC [PSYoungGen: 787888K->5118K(756480K)] 1052257K->271491K(1166592K), 0.0087020 secs] [Times: user=0.02 sys=0.00, real=0.01 secs] 
2014-07-16T13:18:37.247+0000: 1759.875: [GC [PSYoungGen: 756478K->6824K(730176K)] 1022851K->273349K(1140288K), 0.0179080 secs] [Times: user=0.07 sys=0.01, real=0.02 secs] 
2014-07-16T13:18:38.805+0000: 1761.433: [GC [PSYoungGen: 730152K->2922K(699520K)] 996677K->273365K(1109632K), 0.0195700 secs] [Times: user=0.07 sys=0.00, real=0.02 secs] 
2014-07-16T13:18:40.294+0000: 1762.923: [GC [PSYoungGen: 699498K->7006K(837504K)] 969941K->277522K(1247616K), 0.0200690 secs] [Times: user=0.07 sys=0.01, real=0.02 secs] 
2014-07-16T13:18:42.141+0000: 1764.770: [GC [PSYoungGen: 837470K->4774K(995008K)] 1107986K->277788K(1405120K), 0.0208460 secs] [Times: user=0.08 sys=0.00, real=0.02 secs] 
2014-07-16T13:18:44.256+0000: 1766.884: [GC [PSYoungGen: 994982K->7180K(1187392K)] 1267996K->280346K(1597504K), 0.0174130 secs] [Times: user=0.06 sys=0.00, real=0.02 secs] 
2014-07-16T13:18:46.837+0000: 1769.465: [GC [PSYoungGen: 1187340K->2858K(1134464K)] 1460506K->280204K(1544576K), 0.0216620 secs] [Times: user=0.07 sys=0.00, real=0.02 secs] 
2014-07-16T13:18:49.279+0000: 1771.907: [GC [PSYoungGen: 1134442K->7184K(1092608K)] 1411788K->284627K(1502720K), 0.0150250 secs] [Times: user=0.05 sys=0.00, real=0.01 secs] 
2014-07-16T13:18:51.623+0000: 1774.251: [GC [PSYoungGen: 1092560K->4792K(1046208K)] 1370003K->284547K(1456320K), 0.0077250 secs] [Times: user=0.02 sys=0.00, real=0.01 secs] 
2014-07-16T13:18:53.884+0000: 1776.513: [GC [PSYoungGen: 1046200K->6856K(1006464K)] 1325955K->286715K(1416576K), 0.0242780 secs] [Times: user=0.08 sys=0.00, real=0.03 secs] 
2014-07-16T13:18:56.067+0000: 1778.695: [GC [PSYoungGen: 1006408K->3190K(1194240K)] 1286267K->287244K(1604352K), 0.0319680 secs] [Times: user=0.12 sys=0.00, real=0.03 secs] 
2014-07-16T13:18:58.587+0000: 1781.216: [GC [PSYoungGen: 1194230K->7098K(1149056K)] 1478284K->291256K(1559168K), 0.0104430 secs] [Times: user=0.04 sys=0.00, real=0.01 secs] 
2014-07-16T13:19:01.098+0000: 1783.727: [GC [PSYoungGen: 1149050K->4712K(1099968K)] 1433208K->291375K(1510080K), 0.0237970 secs] [Times: user=0.08 sys=0.00, real=0.02 secs] 
2014-07-16T13:19:03.399+0000: 1786.027: [GC [PSYoungGen: 1099944K->6906K(1057728K)] 1386607K->293689K(1467840K), 0.0057980 secs] [Times: user=0.02 sys=0.00, real=0.00 secs] 
2014-07-16T13:19:05.708+0000: 1788.336: [GC [PSYoungGen: 1057722K->3382K(1011904K)] 1344505K->293918K(1422016K), 0.0184790 secs] [Times: user=0.07 sys=0.00, real=0.02 secs] 
2014-07-16T13:19:07.876+0000: 1790.505: [GC [PSYoungGen: 1011894K->6974K(975232K)] 1302430K->297646K(1385344K), 0.0062600 secs] [Times: user=0.02 sys=0.00, real=0.01 secs] 
2014-07-16T13:19:09.944+0000: 1792.573: [GC [PSYoungGen: 975230K->4650K(934592K)] 1265902K->297666K(1344704K), 0.0098190 secs] [Times: user=0.03 sys=0.00, real=0.01 secs] 
2014-07-16T13:19:11.991+0000: 1794.619: [GC [PSYoungGen: 934570K->6920K(900416K)] 1227586K->300040K(1310528K), 0.0177750 secs] [Times: user=0.06 sys=0.00, real=0.02 secs] 
2014-07-16T13:19:13.912+0000: 1796.540: [GC [PSYoungGen: 900360K->3254K(861952K)] 1193480K->300111K(1272064K), 0.0304190 secs] [Times: user=0.11 sys=0.00, real=0.03 secs] 
2014-07-16T13:19:15.773+0000: 1798.401: [GC [PSYoungGen: 861942K->7088K(832640K)] 1158799K->304081K(1242752K), 0.0207490 secs] [Times: user=0.07 sys=0.00, real=0.02 secs] 
2014-07-16T13:19:17.563+0000: 1800.191: [GC [PSYoungGen: 832624K->4528K(798528K)] 1129617K->303915K(1208640K), 0.0160190 secs] [Times: user=0.06 sys=0.00, real=0.02 secs] 
2014-07-16T13:19:19.267+0000: 1801.896: [GC [PSYoungGen: 798512K->6796K(953920K)] 1097899K->306279K(1364032K), 0.0317130 secs] [Times: user=0.11 sys=0.00, real=0.04 secs] 
2014-07-16T13:19:21.368+0000: 1803.996: [GC [PSYoungGen: 953868K->3364K(1132480K)] 1253351K->306466K(1542592K), 0.0161680 secs] [Times: user=0.05 sys=0.00, real=0.02 secs] 
2014-07-16T13:19:23.752+0000: 1806.380: [GC [PSYoungGen: 1132452K->7358K(1352768K)] 1435554K->310540K(1762880K), 0.0179480 secs] [Times: user=0.07 sys=0.00, real=0.02 secs] 
2014-07-16T13:19:26.688+0000: 1809.316: [GC [PSYoungGen: 1352766K->4016K(1292864K)] 1655948K->310503K(1702976K), 0.0103810 secs] [Times: user=0.03 sys=0.01, real=0.01 secs] 
2014-07-16T13:19:29.432+0000: 1812.060: [GC [PSYoungGen: 1292786K->6960K(1241984K)] 1599273K->313633K(1652096K), 0.0163360 secs] [Times: user=0.06 sys=0.00, real=0.01 secs] 
2014-07-16T13:19:32.112+0000: 1814.741: [GC [PSYoungGen: 1241968K->4030K(1187840K)] 1548641K->313673K(1597952K), 0.0146970 secs] [Times: user=0.05 sys=0.00, real=0.01 secs] 
2014-07-16T13:19:34.644+0000: 1817.273: [GC [PSYoungGen: 1187838K->6838K(1141952K)] 1497481K->316633K(1552064K), 0.0251230 secs] [Times: user=0.09 sys=0.00, real=0.02 secs] 
2014-07-16T13:19:37.113+0000: 1819.742: [GC [PSYoungGen: 1141942K->4148K(1357312K)] 1451737K->316742K(1767424K), 0.0458700 secs] [Times: user=0.17 sys=0.00, real=0.04 secs] 
2014-07-16T13:19:40.004+0000: 1822.633: [GC [PSYoungGen: 1357300K->6874K(1303104K)] 1669894K->319620K(1713216K), 0.0097190 secs] [Times: user=0.03 sys=0.00, real=0.01 secs] 
2014-07-16T13:19:42.702+0000: 1825.330: [GC [PSYoungGen: 1303066K->3816K(1245824K)] 1615812K->319690K(1655936K), 0.0349560 secs] [Times: user=0.13 sys=0.01, real=0.03 secs] 
2014-07-16T13:19:45.115+0000: 1827.743: [GC [PSYoungGen: 1245800K->7084K(1487552K)] 1561674K->323135K(1897664K), 0.0294050 secs] [Times: user=0.10 sys=0.01, real=0.03 secs] 
2014-07-16T13:19:48.092+0000: 1830.721: [GC [PSYoungGen: 1487532K->3948K(1633152K)] 1803583K->323145K(2043264K), 0.0296760 secs] [Times: user=0.10 sys=0.00, real=0.03 secs] 
2014-07-16T13:19:51.136+0000: 1833.764: [GC [PSYoungGen: 1633132K->7134K(1565888K)] 1952329K->326467K(1976000K), 0.0194260 secs] [Times: user=0.06 sys=0.00, real=0.02 secs] 
2014-07-16T13:19:54.209+0000: 1836.837: [GC [PSYoungGen: 1565854K->246K(1491968K)] 1885187K->326786K(1902080K), 0.0175640 secs] [Times: user=0.06 sys=0.00, real=0.02 secs] 
2014-07-16T13:19:57.088+0000: 1839.716: [GC [PSYoungGen: 1491958K->7366K(1435392K)] 1818498K->333947K(1845504K), 0.0221280 secs] [Times: user=0.08 sys=0.00, real=0.02 secs] 
2014-07-16T13:19:59.827+0000: 1842.455: [GC [PSYoungGen: 1435239K->6952K(1374336K)] 1761820K->334367K(1784448K), 0.0194800 secs] [Times: user=0.08 sys=0.00, real=0.02 secs] 
2014-07-16T13:20:02.490+0000: 1845.119: [GC [PSYoungGen: 1374276K->6884K(1316608K)] 1701691K->334435K(1726720K), 0.0111210 secs] [Times: user=0.03 sys=0.01, real=0.01 secs] 
2014-07-16T13:20:05.047+0000: 1847.676: [GC [PSYoungGen: 1316580K->1258K(1256128K)] 1644131K->334895K(1666240K), 0.0247210 secs] [Times: user=0.10 sys=0.00, real=0.02 secs] 
2014-07-16T13:20:07.561+0000: 1850.190: [GC [PSYoungGen: 1256106K->7608K(1210304K)] 1589743K->341301K(1620416K), 0.0154410 secs] [Times: user=0.05 sys=0.00, real=0.02 secs] 
2014-07-16T13:20:09.892+0000: 1852.521: [GC [PSYoungGen: 1210296K->6378K(1159424K)] 1543989K->341071K(1569536K), 0.0231910 secs] [Times: user=0.08 sys=0.00, real=0.02 secs] 
2014-07-16T13:20:12.195+0000: 1854.823: [GC [PSYoungGen: 1159378K->6966K(1112768K)] 1494071K->341795K(1522880K), 0.0109510 secs] [Times: user=0.03 sys=0.00, real=0.01 secs] 
2014-07-16T13:20:14.324+0000: 1856.952: [GC [PSYoungGen: 1112758K->2298K(1063168K)] 1447587K->341856K(1473280K), 0.0256090 secs] [Times: user=0.10 sys=0.00, real=0.03 secs] 
2014-07-16T13:20:16.379+0000: 1859.007: [GC [PSYoungGen: 1063162K->6956K(1025024K)] 1402720K->346634K(1435136K), 0.0140670 secs] [Times: user=0.05 sys=0.00, real=0.01 secs] 
2014-07-16T13:20:18.359+0000: 1860.988: [GC [PSYoungGen: 1025004K->6268K(983616K)] 1364682K->346730K(1393728K), 0.0058320 secs] [Times: user=0.02 sys=0.00, real=0.00 secs] 
2014-07-16T13:20:20.212+0000: 1862.840: [GC [PSYoungGen: 983612K->6806K(945408K)] 1324074K->347412K(1355520K), 0.0145670 secs] [Times: user=0.05 sys=0.00, real=0.01 secs] 
2014-07-16T13:20:22.026+0000: 1864.654: [GC [PSYoungGen: 945366K->2280K(903936K)] 1285972K->347528K(1314048K), 0.0149150 secs] [Times: user=0.04 sys=0.00, real=0.02 secs] 
2014-07-16T13:20:23.794+0000: 1866.423: [GC [PSYoungGen: 903912K->7312K(873856K)] 1249160K->352649K(1283968K), 0.0113530 secs] [Times: user=0.04 sys=0.00, real=0.01 secs] 
2014-07-16T13:20:25.456+0000: 1868.084: [GC [PSYoungGen: 873808K->5604K(838656K)] 1219145K->352519K(1248768K), 0.0237160 secs] [Times: user=0.08 sys=0.01, real=0.03 secs] 
2014-07-16T13:20:27.122+0000: 1869.751: [GC [PSYoungGen: 838628K->6792K(807936K)] 1185543K->353843K(1218048K), 0.0198040 secs] [Times: user=0.07 sys=0.00, real=0.02 secs] 
2014-07-16T13:20:28.669+0000: 1871.297: [GC [PSYoungGen: 807880K->2796K(773504K)] 1154931K->353843K(1183616K), 0.0113030 secs] [Times: user=0.04 sys=0.00, real=0.02 secs] 
2014-07-16T13:20:30.147+0000: 1872.775: [GC [PSYoungGen: 773484K->6796K(748544K)] 1124531K->357932K(1158656K), 0.0164540 secs] [Times: user=0.05 sys=0.00, real=0.02 secs] 
2014-07-16T13:20:31.561+0000: 1874.190: [GC [PSYoungGen: 748492K->5624K(719744K)] 1099628K->358189K(1129856K), 0.0065250 secs] [Times: user=0.01 sys=0.00, real=0.00 secs] 
2014-07-16T13:20:32.959+0000: 1875.587: [GC [PSYoungGen: 719736K->6870K(858048K)] 1072301K->359507K(1268160K), 0.0225030 secs] [Times: user=0.09 sys=0.00, real=0.03 secs] 
2014-07-16T13:20:34.553+0000: 1877.181: [GC [PSYoungGen: 858006K->2612K(820992K)] 1210643K->359724K(1231104K), 0.0056810 secs] [Times: user=0.02 sys=0.00, real=0.00 secs] 
2014-07-16T13:20:36.124+0000: 1878.752: [GC [PSYoungGen: 820980K->7116K(794304K)] 1178092K->364301K(1204416K), 0.0198880 secs] [Times: user=0.06 sys=0.00, real=0.02 secs] 
2014-07-16T13:20:37.714+0000: 1880.343: [GC [PSYoungGen: 794252K->5368K(944000K)] 1151437K->364237K(1354112K), 0.0243330 secs] [Times: user=0.08 sys=0.00, real=0.02 secs] 
2014-07-16T13:20:39.495+0000: 1882.124: [GC [PSYoungGen: 943992K->6824K(908544K)] 1302861K->365797K(1318656K), 0.0068800 secs] [Times: user=0.02 sys=0.00, real=0.01 secs] 
2014-07-16T13:20:41.196+0000: 1883.825: [GC [PSYoungGen: 908520K->2814K(1077632K)] 1267493K->366013K(1487744K), 0.0241140 secs] [Times: user=0.09 sys=0.00, real=0.02 secs] 
2014-07-16T13:20:43.307+0000: 1885.935: [GC [PSYoungGen: 1077630K->7234K(1288448K)] 1440829K->370473K(1698560K), 0.0222890 secs] [Times: user=0.08 sys=0.01, real=0.02 secs] 
2014-07-16T13:20:45.783+0000: 1888.412: [GC [PSYoungGen: 1288386K->4796K(1531584K)] 1651625K->370597K(1941696K), 0.0221100 secs] [Times: user=0.07 sys=0.00, real=0.02 secs] 
2014-07-16T13:20:48.925+0000: 1891.553: [GC [PSYoungGen: 1531580K->6906K(1468224K)] 1897381K->372859K(1878336K), 0.0161320 secs] [Times: user=0.05 sys=0.00, real=0.01 secs] 
2014-07-16T13:20:51.649+0000: 1894.278: [GC [PSYoungGen: 1468218K->3452K(1402560K)] 1834171K->372877K(1812672K), 0.0056760 secs] [Times: user=0.02 sys=0.01, real=0.01 secs] 
2014-07-16T13:20:54.357+0000: 1896.985: [GC [PSYoungGen: 1402556K->7284K(1347200K)] 1771981K->376832K(1757312K), 0.0206860 secs] [Times: user=0.08 sys=0.00, real=0.02 secs] 
2014-07-16T13:20:56.870+0000: 1899.498: [GC [PSYoungGen: 1347188K->4390K(1288000K)] 1716736K->376878K(1698112K), 0.0179800 secs] [Times: user=0.07 sys=0.01, real=0.02 secs] 
2014-07-16T13:20:59.409+0000: 1902.038: [GC [PSYoungGen: 1287974K->6806K(1236864K)] 1660462K->379431K(1646976K), 0.0186160 secs] [Times: user=0.07 sys=0.00, real=0.02 secs] 
2014-07-16T13:21:01.806+0000: 1904.435: [GC [PSYoungGen: 1236822K->4004K(1183104K)] 1609447K->379591K(1593216K), 0.0124890 secs] [Times: user=0.04 sys=0.00, real=0.01 secs] 
2014-07-16T13:21:04.055+0000: 1906.683: [GC [PSYoungGen: 1183076K->6970K(1137536K)] 1558663K->382669K(1547648K), 0.0208030 secs] [Times: user=0.08 sys=0.00, real=0.02 secs] 
2014-07-16T13:21:06.230+0000: 1908.858: [GC [PSYoungGen: 1137530K->4144K(1088576K)] 1513229K->382829K(1498688K), 0.0225790 secs] [Times: user=0.08 sys=0.00, real=0.02 secs] 
2014-07-16T13:21:08.473+0000: 1911.102: [GC [PSYoungGen: 1088560K->6746K(1298944K)] 1467245K->385551K(1709056K), 0.0335360 secs] [Times: user=0.13 sys=0.00, real=0.04 secs] 
2014-07-16T13:21:11.011+0000: 1913.640: [GC [PSYoungGen: 1298903K->4200K(1544000K)] 1677708K->385868K(1954112K), 0.0259290 secs] [Times: user=0.10 sys=0.00, real=0.03 secs] 
2014-07-16T13:21:13.928+0000: 1916.556: [GC [PSYoungGen: 1543933K->6984K(1480768K)] 1925602K->388757K(1890880K), 0.0187410 secs] [Times: user=0.06 sys=0.00, real=0.02 secs] 
2014-07-16T13:21:16.751+0000: 1919.380: [GC [PSYoungGen: 1480712K->3760K(1414656K)] 1862485K->389013K(1824768K), 0.0267630 secs] [Times: user=0.11 sys=0.00, real=0.03 secs] 
2014-07-16T13:21:19.514+0000: 1922.143: [GC [PSYoungGen: 1414640K->7002K(1358144K)] 1799893K->392383K(1768256K), 0.0121150 secs] [Times: user=0.04 sys=0.01, real=0.01 secs] 
2014-07-16T13:21:22.134+0000: 1924.763: [GC [PSYoungGen: 1358106K->4204K(1298496K)] 1743487K->392398K(1708608K), 0.0281460 secs] [Times: user=0.10 sys=0.00, real=0.03 secs] 
2014-07-16T13:21:24.683+0000: 1927.311: [GC [PSYoungGen: 1298476K->6892K(1247104K)] 1686670K->395254K(1657216K), 0.0174150 secs] [Times: user=0.06 sys=0.00, real=0.02 secs] 
2014-07-16T13:21:27.094+0000: 1929.722: [GC [PSYoungGen: 1247084K->3758K(1192512K)] 1635446K->395764K(1602624K), 0.0232510 secs] [Times: user=0.07 sys=0.00, real=0.02 secs] 
2014-07-16T13:21:29.472+0000: 1932.101: [GC [PSYoungGen: 1192494K->6992K(1146816K)] 1584500K->399102K(1556928K), 0.0093910 secs] [Times: user=0.03 sys=0.00, real=0.01 secs] 
2014-07-16T13:21:31.743+0000: 1934.372: [GC [PSYoungGen: 1146768K->4332K(1362432K)] 1538878K->399250K(1772544K), 0.0387010 secs] [Times: user=0.15 sys=0.00, real=0.04 secs] 
2014-07-16T13:21:34.379+0000: 1937.007: [GC [PSYoungGen: 1362412K->6952K(1307840K)] 1757330K->401998K(1717952K), 0.0187240 secs] [Times: user=0.06 sys=0.01, real=0.02 secs] 
2014-07-16T13:21:36.880+0000: 1939.508: [GC [PSYoungGen: 1307816K->3688K(1250176K)] 1702862K->402275K(1660288K), 0.0215950 secs] [Times: user=0.07 sys=0.00, real=0.02 secs] 
2014-07-16T13:21:39.285+0000: 1941.914: [GC [PSYoungGen: 1250152K->6860K(1201600K)] 1648739K->405551K(1611712K), 0.0284410 secs] [Times: user=0.11 sys=0.01, real=0.03 secs] 
2014-07-16T13:21:41.656+0000: 1944.285: [GC [PSYoungGen: 1201548K->4398K(1427968K)] 1600239K->405791K(1838080K), 0.0236760 secs] [Times: user=0.08 sys=0.01, real=0.03 secs] 
2014-07-16T13:21:44.373+0000: 1947.002: [GC [PSYoungGen: 1427950K->7020K(1370176K)] 1829343K->408608K(1780288K), 0.0130690 secs] [Times: user=0.05 sys=0.00, real=0.01 secs] 
2014-07-16T13:21:47.023+0000: 1949.652: [GC [PSYoungGen: 1370146K->3560K(1309248K)] 1771733K->408779K(1719360K), 0.0181990 secs] [Times: user=0.06 sys=0.01, real=0.02 secs] 
2014-07-16T13:21:47.042+0000: 1949.670: [Full GC [PSYoungGen: 3560K->0K(1309248K)] [ParOldGen: 405218K->157123K(414592K)] 408779K->157123K(1723840K) [PSPermGen: 11238K->11238K(24768K)], 0.8499170 secs] [Times: user=3.14 sys=0.00, real=0.85 secs] 
2014-07-16T13:21:50.394+0000: 1953.022: [GC [PSYoungGen: 1305664K->7420K(1258368K)] 1462787K->164568K(1672960K), 0.0052420 secs] [Times: user=0.01 sys=0.00, real=0.00 secs] 
2014-07-16T13:21:53.091+0000: 1955.720: [GC [PSYoungGen: 1258364K->3902K(1202816K)] 1415512K->165000K(1617408K), 0.0194720 secs] [Times: user=0.07 sys=0.00, real=0.02 secs] 
2014-07-16T13:21:55.390+0000: 1958.018: [GC [PSYoungGen: 1202810K->7138K(1156544K)] 1363908K->168468K(1571136K), 0.0150170 secs] [Times: user=0.04 sys=0.00, real=0.02 secs] 
2014-07-16T13:21:57.568+0000: 1960.196: [GC [PSYoungGen: 1156514K->4594K(1106880K)] 1317844K->168428K(1521472K), 0.0185020 secs] [Times: user=0.07 sys=0.00, real=0.02 secs] 
2014-07-16T13:21:59.777+0000: 1962.406: [GC [PSYoungGen: 1106866K->6824K(1064256K)] 1270700K->170746K(1478848K), 0.0049240 secs] [Times: user=0.02 sys=0.00, real=0.00 secs] 
2014-07-16T13:22:01.834+0000: 1964.463: [GC [PSYoungGen: 1064232K->3938K(1018688K)] 1228154K->171030K(1433280K), 0.0146200 secs] [Times: user=0.05 sys=0.00, real=0.01 secs] 
2014-07-16T13:22:03.946+0000: 1966.574: [GC [PSYoungGen: 1018658K->6838K(980928K)] 1185750K->174018K(1395520K), 0.0069380 secs] [Times: user=0.02 sys=0.01, real=0.00 secs] 
2014-07-16T13:22:05.798+0000: 1968.427: [GC [PSYoungGen: 980918K->4580K(940032K)] 1148098K->174294K(1354624K), 0.0237520 secs] [Times: user=0.08 sys=0.01, real=0.02 secs] 
2014-07-16T13:22:07.645+0000: 1970.274: [GC [PSYoungGen: 940004K->6838K(905408K)] 1109718K->176672K(1320000K), 0.0121360 secs] [Times: user=0.03 sys=0.00, real=0.01 secs] 
2014-07-16T13:22:09.535+0000: 1972.163: [GC [PSYoungGen: 905370K->3828K(867328K)] 1075203K->176820K(1281920K), 0.0055620 secs] [Times: user=0.01 sys=0.01, real=0.00 secs] 
2014-07-16T13:22:11.250+0000: 1973.878: [GC [PSYoungGen: 867316K->6920K(837056K)] 1040308K->180040K(1251648K), 0.0053200 secs] [Times: user=0.02 sys=0.00, real=0.01 secs] 
2014-07-16T13:22:12.881+0000: 1975.510: [GC [PSYoungGen: 837000K->4330K(802624K)] 1010120K->180126K(1217216K), 0.0182990 secs] [Times: user=0.07 sys=0.00, real=0.02 secs] 
2014-07-16T13:22:14.472+0000: 1977.101: [GC [PSYoungGen: 802602K->6888K(774848K)] 978398K->182861K(1189440K), 0.0159400 secs] [Times: user=0.05 sys=0.00, real=0.02 secs] 
2014-07-16T13:22:15.932+0000: 1978.560: [GC [PSYoungGen: 774824K->3746K(742784K)] 950797K->182979K(1157376K), 0.0183840 secs] [Times: user=0.07 sys=0.00, real=0.02 secs] 
2014-07-16T13:22:17.354+0000: 1979.983: [GC [PSYoungGen: 742754K->6906K(878592K)] 921987K->186220K(1293184K), 0.0158160 secs] [Times: user=0.05 sys=0.00, real=0.02 secs] 
2014-07-16T13:22:19.108+0000: 1981.736: [GC [PSYoungGen: 878586K->4340K(842240K)] 1057900K->186220K(1256832K), 0.0126310 secs] [Times: user=0.03 sys=0.01, real=0.01 secs] 
2014-07-16T13:22:20.711+0000: 1983.339: [GC [PSYoungGen: 842228K->6814K(995904K)] 1024108K->188831K(1410496K), 0.0207890 secs] [Times: user=0.07 sys=0.00, real=0.02 secs] 
2014-07-16T13:22:22.668+0000: 1985.296: [GC [PSYoungGen: 995870K->3694K(1173440K)] 1177887K->189315K(1588032K), 0.0300530 secs] [Times: user=0.10 sys=0.00, real=0.03 secs] 
2014-07-16T13:22:24.938+0000: 1987.567: [GC [PSYoungGen: 1173422K->7020K(1388224K)] 1359043K->192761K(1802816K), 0.0148590 secs] [Times: user=0.05 sys=0.00, real=0.01 secs] 
2014-07-16T13:22:27.543+0000: 1990.172: [GC [PSYoungGen: 1388204K->4274K(1327104K)] 1573945K->192808K(1741696K), 0.0073790 secs] [Times: user=0.02 sys=0.00, real=0.01 secs] 
2014-07-16T13:22:30.145+0000: 1992.773: [GC [PSYoungGen: 1327090K->6678K(1273984K)] 1515624K->195285K(1688576K), 0.0144490 secs] [Times: user=0.05 sys=0.00, real=0.02 secs] 
2014-07-16T13:22:32.571+0000: 1995.200: [GC [PSYoungGen: 1273942K->3888K(1486080K)] 1462549K->195672K(1900672K), 0.0358030 secs] [Times: user=0.12 sys=0.00, real=0.03 secs] 
2014-07-16T13:22:35.513+0000: 1998.142: [GC [PSYoungGen: 1486064K->7030K(1489600K)] 1677848K->199008K(1904192K), 0.0346470 secs] [Times: user=0.12 sys=0.00, real=0.04 secs] 
2014-07-16T13:22:38.395+0000: 2001.024: [GC [PSYoungGen: 1489206K->6852K(1425728K)] 1681184K->199184K(1840320K), 0.0190750 secs] [Times: user=0.04 sys=0.00, real=0.02 secs] 
2014-07-16T13:22:41.211+0000: 2003.839: [GC [PSYoungGen: 1425668K->6628K(1679936K)] 1618000K->199096K(2094528K), 0.0271430 secs] [Times: user=0.10 sys=0.01, real=0.02 secs] 
2014-07-16T13:22:44.621+0000: 2007.250: [GC [PSYoungGen: 1679908K->1338K(1601920K)] 1872376K->199683K(2016512K), 0.0179450 secs] [Times: user=0.07 sys=0.00, real=0.01 secs] 
2014-07-16T13:22:47.675+0000: 2010.304: [GC [PSYoungGen: 1601914K->7352K(1538816K)] 1800259K->205884K(1953408K), 0.0133130 secs] [Times: user=0.05 sys=0.00, real=0.01 secs] 
2014-07-16T13:22:50.620+0000: 2013.249: [GC [PSYoungGen: 1538808K->6314K(1472064K)] 1737340K->206002K(1886656K), 0.0124750 secs] [Times: user=0.05 sys=0.01, real=0.02 secs] 
2014-07-16T13:22:53.410+0000: 2016.038: [GC [PSYoungGen: 1472042K->6742K(1409984K)] 1671730K->206550K(1824576K), 0.0060100 secs] [Times: user=0.02 sys=0.01, real=0.01 secs] 
2014-07-16T13:22:56.218+0000: 2018.847: [GC [PSYoungGen: 1409942K->2298K(1346048K)] 1609750K->207026K(1760640K), 0.0258140 secs] [Times: user=0.09 sys=0.00, real=0.03 secs] 
2014-07-16T13:22:58.794+0000: 2021.422: [GC [PSYoungGen: 1346042K->7234K(1294464K)] 1550770K->212083K(1709056K), 0.0218310 secs] [Times: user=0.08 sys=0.00, real=0.02 secs] 
2014-07-16T13:23:01.269+0000: 2023.897: [GC [PSYoungGen: 1294402K->5816K(1239168K)] 1499251K->211943K(1653760K), 0.0177660 secs] [Times: user=0.06 sys=0.00, real=0.02 secs] 
2014-07-16T13:23:03.683+0000: 2026.312: [GC [PSYoungGen: 1239160K->7130K(1189312K)] 1445287K->213393K(1603904K), 0.0197030 secs] [Times: user=0.07 sys=0.00, real=0.02 secs] 
2014-07-16T13:23:06.086+0000: 2028.715: [GC [PSYoungGen: 1189274K->2280K(1135744K)] 1395537K->213713K(1550336K), 0.0293910 secs] [Times: user=0.10 sys=0.00, real=0.03 secs] 
2014-07-16T13:23:08.243+0000: 2030.871: [GC [PSYoungGen: 1135720K->7266K(1094400K)] 1347153K->218804K(1508992K), 0.0194530 secs] [Times: user=0.07 sys=0.00, real=0.02 secs] 
2014-07-16T13:23:10.484+0000: 2033.113: [GC [PSYoungGen: 1094370K->5798K(1048832K)] 1305908K->218756K(1463424K), 0.0142610 secs] [Times: user=0.04 sys=0.00, real=0.01 secs] 
2014-07-16T13:23:12.493+0000: 2035.121: [GC [PSYoungGen: 1048806K->6856K(1238272K)] 1261764K->219990K(1652864K), 0.0309780 secs] [Times: user=0.12 sys=0.00, real=0.04 secs] 
2014-07-16T13:23:14.983+0000: 2037.611: [GC [PSYoungGen: 1238216K->2686K(1457664K)] 1451350K->220334K(1872256K), 0.0304390 secs] [Times: user=0.11 sys=0.01, real=0.03 secs] 
2014-07-16T13:23:17.820+0000: 2040.448: [GC [PSYoungGen: 1457662K->7088K(1724480K)] 1675310K->224885K(2139072K), 0.0213320 secs] [Times: user=0.07 sys=0.01, real=0.02 secs] 
2014-07-16T13:23:21.176+0000: 2043.805: [GC [PSYoungGen: 1724464K->6974K(1649472K)] 1942261K->225273K(2064064K), 0.0119760 secs] [Times: user=0.04 sys=0.00, real=0.01 secs] 
2014-07-16T13:23:24.318+0000: 2046.947: [GC [PSYoungGen: 1649470K->7030K(1578368K)] 1867769K->225521K(1992960K), 0.0113340 secs] [Times: user=0.03 sys=0.01, real=0.01 secs] 
2014-07-16T13:23:27.395+0000: 2050.023: [GC [PSYoungGen: 1578358K->1392K(1505024K)] 1796849K->225710K(1919616K), 0.0263810 secs] [Times: user=0.09 sys=0.00, real=0.03 secs] 
2014-07-16T13:23:30.293+0000: 2052.922: [GC [PSYoungGen: 1505008K->7462K(1446720K)] 1729326K->231868K(1861312K), 0.0264830 secs] [Times: user=0.08 sys=0.00, real=0.03 secs] 
2014-07-16T13:23:33.193+0000: 2055.821: [GC [PSYoungGen: 1446694K->6518K(1384512K)] 1671100K->232022K(1799104K), 0.0164730 secs] [Times: user=0.06 sys=0.01, real=0.02 secs] 
2014-07-16T13:23:35.930+0000: 2058.559: [GC [PSYoungGen: 1384502K->6628K(1326400K)] 1610006K->232420K(1740992K), 0.0080560 secs] [Times: user=0.02 sys=0.00, real=0.01 secs] 
2014-07-16T13:23:38.538+0000: 2061.167: [GC [PSYoungGen: 1326372K->2472K(1266816K)] 1552164K->232798K(1681408K), 0.0065340 secs] [Times: user=0.02 sys=0.00, real=0.00 secs] 
2014-07-16T13:23:41.056+0000: 2063.685: [GC [PSYoungGen: 1266792K->6910K(1218560K)] 1497118K->237308K(1633152K), 0.0092380 secs] [Times: user=0.02 sys=0.00, real=0.01 secs] 
2014-07-16T13:23:43.385+0000: 2066.014: [GC [PSYoungGen: 1218558K->6244K(1167808K)] 1448956K->237885K(1582400K), 0.0240000 secs] [Times: user=0.08 sys=0.00, real=0.03 secs] 
2014-07-16T13:23:45.724+0000: 2068.352: [GC [PSYoungGen: 1167740K->6906K(1120704K)] 1399380K->238763K(1535296K), 0.0201360 secs] [Times: user=0.06 sys=0.01, real=0.02 secs] 
2014-07-16T13:23:47.894+0000: 2070.522: [GC [PSYoungGen: 1120698K->2594K(1071040K)] 1352555K->239116K(1485632K), 0.0186890 secs] [Times: user=0.06 sys=0.00, real=0.02 secs] 
2014-07-16T13:23:49.959+0000: 2072.587: [GC [PSYoungGen: 1071009K->7102K(1032320K)] 1307531K->243704K(1446912K), 0.0119360 secs] [Times: user=0.03 sys=0.01, real=0.02 secs] 
2014-07-16T13:23:51.988+0000: 2074.616: [GC [PSYoungGen: 1032318K->5920K(990016K)] 1268920K->243788K(1404608K), 0.0149390 secs] [Times: user=0.05 sys=0.00, real=0.02 secs] 
2014-07-16T13:23:53.888+0000: 2076.517: [GC [PSYoungGen: 989984K->7034K(951936K)] 1227852K->245128K(1366528K), 0.0205160 secs] [Times: user=0.07 sys=0.00, real=0.02 secs] 
2014-07-16T13:23:55.742+0000: 2078.371: [GC [PSYoungGen: 951930K->2554K(1116800K)] 1190024K->245201K(1531392K), 0.0237640 secs] [Times: user=0.08 sys=0.00, real=0.02 secs] 
2014-07-16T13:23:58.006+0000: 2080.634: [GC [PSYoungGen: 1116794K->6924K(1324288K)] 1359441K->249659K(1738880K), 0.0364320 secs] [Times: user=0.14 sys=0.00, real=0.04 secs] 
2014-07-16T13:24:00.598+0000: 2083.226: [GC [PSYoungGen: 1324236K->5750K(1563392K)] 1566971K->249765K(1977984K), 0.0291890 secs] [Times: user=0.11 sys=0.00, real=0.03 secs] 
2014-07-16T13:24:03.571+0000: 2086.199: [GC [PSYoungGen: 1563382K->6902K(1690688K)] 1807397K->251037K(2105280K), 0.0218080 secs] [Times: user=0.08 sys=0.00, real=0.03 secs] 
2014-07-16T13:24:06.817+0000: 2089.445: [GC [PSYoungGen: 1689974K->6984K(1847232K)] 1934109K->251399K(2261824K), 0.0313930 secs] [Times: user=0.12 sys=0.00, real=0.03 secs] 
2014-07-16T13:24:10.347+0000: 2092.975: [GC [PSYoungGen: 1846600K->6952K(1765696K)] 2091015K->251543K(2180288K), 0.0229830 secs] [Times: user=0.09 sys=0.00, real=0.02 secs] 
2014-07-16T13:24:13.836+0000: 2096.465: [GC [PSYoungGen: 1765672K->626K(1682432K)] 2010263K->251837K(2097024K), 0.0120850 secs] [Times: user=0.02 sys=0.00, real=0.01 secs] 
2014-07-16T13:24:17.144+0000: 2099.773: [GC [PSYoungGen: 1682418K->7462K(1616128K)] 1933629K->258746K(2030720K), 0.0157030 secs] [Times: user=0.04 sys=0.00, real=0.01 secs] 
2014-07-16T13:24:20.256+0000: 2102.884: [GC [PSYoungGen: 1616102K->6564K(1545728K)] 1867386K->258666K(1960320K), 0.0054140 secs] [Times: user=0.01 sys=0.00, real=0.00 secs] 
2014-07-16T13:24:23.241+0000: 2105.870: [GC [PSYoungGen: 1545700K->6724K(1479808K)] 1797802K->258954K(1894400K), 0.0155680 secs] [Times: user=0.06 sys=0.00, real=0.02 secs] 
2014-07-16T13:24:26.136+0000: 2108.765: [GC [PSYoungGen: 1479748K->2016K(1412160K)] 1731978K->259349K(1826752K), 0.0236880 secs] [Times: user=0.09 sys=0.00, real=0.02 secs] 
2014-07-16T13:24:28.860+0000: 2111.488: [GC [PSYoungGen: 1412128K->7484K(1357760K)] 1669461K->264930K(1772352K), 0.0208340 secs] [Times: user=0.07 sys=0.01, real=0.02 secs] 
2014-07-16T13:24:31.428+0000: 2114.056: [GC [PSYoungGen: 1357756K->5874K(1299264K)] 1615202K->264540K(1713856K), 0.0129060 secs] [Times: user=0.05 sys=0.00, real=0.01 secs] 
2014-07-16T13:24:33.890+0000: 2116.518: [GC [PSYoungGen: 1299250K->7130K(1246400K)] 1557916K->265932K(1660992K), 0.0218710 secs] [Times: user=0.09 sys=0.00, real=0.02 secs] 
2014-07-16T13:24:36.286+0000: 2118.914: [GC [PSYoungGen: 1246344K->2344K(1190144K)] 1505146K->266251K(1604736K), 0.0237980 secs] [Times: user=0.08 sys=0.00, real=0.03 secs] 
2014-07-16T13:24:38.577+0000: 2121.205: [GC [PSYoungGen: 1190120K->7338K(1146176K)] 1454027K->271350K(1560768K), 0.0219580 secs] [Times: user=0.08 sys=0.01, real=0.03 secs] 
2014-07-16T13:24:40.733+0000: 2123.362: [GC [PSYoungGen: 1146154K->5810K(1098048K)] 1410166K->271306K(1512640K), 0.0239930 secs] [Times: user=0.09 sys=0.01, real=0.03 secs] 
2014-07-16T13:24:42.823+0000: 2125.451: [GC [PSYoungGen: 1098000K->6806K(1054720K)] 1363497K->272422K(1469312K), 0.0156350 secs] [Times: user=0.05 sys=0.00, real=0.02 secs] 
2014-07-16T13:24:44.767+0000: 2127.395: [GC [PSYoungGen: 1054678K->2850K(1240640K)] 1320294K->272735K(1655232K), 0.0298330 secs] [Times: user=0.11 sys=0.00, real=0.03 secs] 
2014-07-16T13:24:47.150+0000: 2129.778: [GC [PSYoungGen: 1240610K->6874K(1468800K)] 1510495K->276871K(1883392K), 0.0239320 secs] [Times: user=0.08 sys=0.00, real=0.02 secs] 
2014-07-16T13:24:50.014+0000: 2132.642: [GC [PSYoungGen: 1468678K->5618K(1405184K)] 1738676K->277703K(1819776K), 0.0099970 secs] [Times: user=0.04 sys=0.00, real=0.01 secs] 
2014-07-16T13:24:52.698+0000: 2135.327: [GC [PSYoungGen: 1405170K->6948K(1347264K)] 1677255K->279145K(1761856K), 0.0186410 secs] [Times: user=0.05 sys=0.00, real=0.02 secs] 
2014-07-16T13:24:55.290+0000: 2137.918: [GC [PSYoungGen: 1347236K->3192K(1287104K)] 1619433K->279463K(1701696K), 0.0158380 secs] [Times: user=0.06 sys=0.00, real=0.01 secs] 
2014-07-16T13:24:57.793+0000: 2140.421: [GC [PSYoungGen: 1287096K->6952K(1237248K)] 1563367K->283367K(1651840K), 0.0065000 secs] [Times: user=0.01 sys=0.00, real=0.00 secs] 
2014-07-16T13:25:00.156+0000: 2142.784: [GC [PSYoungGen: 1237224K->5476K(1184704K)] 1513639K->283276K(1599296K), 0.0270220 secs] [Times: user=0.10 sys=0.00, real=0.03 secs] 
2014-07-16T13:25:02.432+0000: 2145.061: [GC [PSYoungGen: 1184676K->6852K(1137536K)] 1462476K->284780K(1552128K), 0.0095220 secs] [Times: user=0.03 sys=0.00, real=0.01 secs] 
2014-07-16T13:25:04.560+0000: 2147.188: [GC [PSYoungGen: 1137476K->3132K(1087552K)] 1415404K->285038K(1502144K), 0.0227800 secs] [Times: user=0.08 sys=0.00, real=0.03 secs] 
2014-07-16T13:25:06.783+0000: 2149.412: [GC [PSYoungGen: 1087514K->7056K(1047552K)] 1369420K->289090K(1462144K), 0.0241310 secs] [Times: user=0.09 sys=0.00, real=0.02 secs] 
2014-07-16T13:25:08.783+0000: 2151.411: [GC [PSYoungGen: 1047466K->5156K(1232384K)] 1329500K->289192K(1646976K), 0.0231040 secs] [Times: user=0.08 sys=0.00, real=0.02 secs] 
2014-07-16T13:25:11.193+0000: 2153.822: [GC [PSYoungGen: 1232356K->6856K(1454272K)] 1516392K->290980K(1868864K), 0.0225310 secs] [Times: user=0.08 sys=0.00, real=0.02 secs] 
2014-07-16T13:25:14.029+0000: 2156.657: [GC [PSYoungGen: 1454216K->3192K(1388928K)] 1738340K->291417K(1803520K), 0.0207950 secs] [Times: user=0.07 sys=0.00, real=0.02 secs] 
2014-07-16T13:25:16.711+0000: 2159.339: [GC [PSYoungGen: 1388920K->7226K(1334336K)] 1677145K->295619K(1748928K), 0.0146790 secs] [Times: user=0.05 sys=0.00, real=0.02 secs] 
2014-07-16T13:25:19.209+0000: 2161.838: [GC [PSYoungGen: 1334330K->4862K(1276224K)] 1622723K->295414K(1690816K), 0.0188010 secs] [Times: user=0.06 sys=0.01, real=0.02 secs] 
2014-07-16T13:25:21.792+0000: 2164.420: [GC [PSYoungGen: 1276222K->7120K(1225472K)] 1566774K->297801K(1640064K), 0.0220500 secs] [Times: user=0.07 sys=0.00, real=0.03 secs] 
2014-07-16T13:25:24.149+0000: 2166.777: [GC [PSYoungGen: 1225424K->3246K(1440640K)] 1516105K->297851K(1855232K), 0.0323610 secs] [Times: user=0.12 sys=0.00, real=0.03 secs] 
2014-07-16T13:25:26.936+0000: 2169.565: [GC [PSYoungGen: 1440622K->7322K(1383616K)] 1735227K->302079K(1798208K), 0.0071640 secs] [Times: user=0.02 sys=0.00, real=0.00 secs] 
2014-07-16T13:25:29.517+0000: 2172.146: [GC [PSYoungGen: 1383578K->4516K(1322624K)] 1678335K->301674K(1737216K), 0.0258900 secs] [Times: user=0.08 sys=0.00, real=0.02 secs] 
2014-07-16T13:25:32.119+0000: 2174.748: [GC [PSYoungGen: 1322596K->6838K(1269632K)] 1619754K->304092K(1684224K), 0.0068480 secs] [Times: user=0.02 sys=0.00, real=0.01 secs] 
2014-07-16T13:25:34.614+0000: 2177.243: [GC [PSYoungGen: 1269622K->3756K(1213952K)] 1566876K->304428K(1628544K), 0.0271580 secs] [Times: user=0.08 sys=0.00, real=0.03 secs] 
2014-07-16T13:25:36.998+0000: 2179.626: [GC [PSYoungGen: 1213932K->7248K(1167424K)] 1514604K->308104K(1582016K), 0.0061020 secs] [Times: user=0.02 sys=0.00, real=0.00 secs] 
2014-07-16T13:25:39.166+0000: 2181.795: [GC [PSYoungGen: 1167376K->4080K(1116608K)] 1468232K->307891K(1531200K), 0.0161790 secs] [Times: user=0.05 sys=0.00, real=0.01 secs] 
2014-07-16T13:25:41.314+0000: 2183.942: [GC [PSYoungGen: 1116592K->6792K(1074048K)] 1420403K->310683K(1488640K), 0.0130790 secs] [Times: user=0.04 sys=0.00, real=0.02 secs] 
2014-07-16T13:25:43.411+0000: 2186.039: [GC [PSYoungGen: 1073975K->4202K(1028288K)] 1377865K->311154K(1442880K), 0.0123910 secs] [Times: user=0.05 sys=0.00, real=0.01 secs] 
2014-07-16T13:25:45.393+0000: 2188.021: [GC [PSYoungGen: 1028266K->6956K(989952K)] 1335218K->314116K(1404544K), 0.0237950 secs] [Times: user=0.08 sys=0.00, real=0.02 secs] 
2014-07-16T13:25:47.342+0000: 2189.970: [GC [PSYoungGen: 989932K->4074K(947968K)] 1297092K->314143K(1362560K), 0.0121630 secs] [Times: user=0.04 sys=0.00, real=0.01 secs] 
2014-07-16T13:25:49.195+0000: 2191.824: [GC [PSYoungGen: 947946K->7066K(913728K)] 1258015K->317247K(1328320K), 0.0128340 secs] [Times: user=0.05 sys=0.00, real=0.02 secs] 
2014-07-16T13:25:50.923+0000: 2193.551: [GC [PSYoungGen: 913690K->3956K(875136K)] 1223871K->317067K(1289728K), 0.0199000 secs] [Times: user=0.07 sys=0.00, real=0.02 secs] 
2014-07-16T13:25:52.644+0000: 2195.272: [GC [PSYoungGen: 875124K->7102K(1036352K)] 1188235K->320309K(1450944K), 0.0286760 secs] [Times: user=0.10 sys=0.00, real=0.03 secs] 
2014-07-16T13:25:54.682+0000: 2197.310: [GC [PSYoungGen: 1036350K->3938K(1222144K)] 1349557K->320431K(1636736K), 0.0326330 secs] [Times: user=0.12 sys=0.01, real=0.03 secs] 
2014-07-16T13:25:57.113+0000: 2199.742: [GC [PSYoungGen: 1222114K->6774K(1446592K)] 1538607K->323403K(1861184K), 0.0180320 secs] [Times: user=0.06 sys=0.00, real=0.02 secs] 
2014-07-16T13:26:00.000+0000: 2202.628: [GC [PSYoungGen: 1446582K->4284K(1706304K)] 1763211K->323669K(2120896K), 0.0317840 secs] [Times: user=0.12 sys=0.00, real=0.03 secs] 
2014-07-16T13:26:03.389+0000: 2206.017: [GC [PSYoungGen: 1706300K->7258K(1751808K)] 2025685K->326755K(2166400K), 0.0142120 secs] [Times: user=0.05 sys=0.00, real=0.02 secs] 
2014-07-16T13:26:06.748+0000: 2209.376: [GC [PSYoungGen: 1751578K->6806K(1674944K)] 2071075K->326719K(2089536K), 0.0149710 secs] [Times: user=0.05 sys=0.00, real=0.02 secs] 
2014-07-16T13:26:09.978+0000: 2212.606: [GC [PSYoungGen: 1674902K->7016K(1602688K)] 1994815K->327129K(2017280K), 0.0069610 secs] [Times: user=0.01 sys=0.01, real=0.01 secs] 
2014-07-16T13:26:13.082+0000: 2215.711: [GC [PSYoungGen: 1602664K->1146K(1527936K)] 1922777K->327444K(1942528K), 0.0175030 secs] [Times: user=0.06 sys=0.00, real=0.01 secs] 
2014-07-16T13:26:16.059+0000: 2218.687: [GC [PSYoungGen: 1527930K->7548K(1468800K)] 1854228K->334011K(1883392K), 0.0265340 secs] [Times: user=0.10 sys=0.00, real=0.03 secs] 
2014-07-16T13:26:18.884+0000: 2221.512: [GC [PSYoungGen: 1468796K->6442K(1405376K)] 1795259K->334027K(1819968K), 0.0400030 secs] [Times: user=0.14 sys=0.01, real=0.04 secs] 
2014-07-16T13:26:21.582+0000: 2224.210: [GC [PSYoungGen: 1405354K->6792K(1657472K)] 1732939K->334513K(2072064K), 0.0317020 secs] [Times: user=0.11 sys=0.00, real=0.04 secs] 
2014-07-16T13:26:24.840+0000: 2227.468: [GC [PSYoungGen: 1657416K->2362K(1581376K)] 1985137K->334909K(1995968K), 0.0090250 secs] [Times: user=0.02 sys=0.00, real=0.01 secs] 
2014-07-16T13:26:27.949+0000: 2230.577: [GC [PSYoungGen: 1581370K->7138K(1518080K)] 1913917K->339854K(1932672K), 0.0082040 secs] [Times: user=0.02 sys=0.01, real=0.01 secs] 
2014-07-16T13:26:30.846+0000: 2233.474: [GC [PSYoungGen: 1518050K->6122K(1452288K)] 1850766K->339810K(1866880K), 0.0054110 secs] [Times: user=0.02 sys=0.00, real=0.00 secs] 
2014-07-16T13:26:33.672+0000: 2236.301: [GC [PSYoungGen: 1452266K->6824K(1391424K)] 1785954K->340608K(1806016K), 0.0275790 secs] [Times: user=0.10 sys=0.01, real=0.03 secs] 
2014-07-16T13:26:36.388+0000: 2239.017: [GC [PSYoungGen: 1391400K->2426K(1328448K)] 1725184K->341034K(1743040K), 0.0231260 secs] [Times: user=0.08 sys=0.00, real=0.02 secs] 
2014-07-16T13:26:39.098+0000: 2241.726: [GC [PSYoungGen: 1328442K->7088K(1277440K)] 1667050K->345792K(1692032K), 0.0319830 secs] [Times: user=0.11 sys=0.00, real=0.03 secs] 
2014-07-16T13:26:41.516+0000: 2244.144: [GC [PSYoungGen: 1277424K->5864K(1223232K)] 1616128K->345918K(1637824K), 0.0169140 secs] [Times: user=0.05 sys=0.00, real=0.02 secs] 
2014-07-16T13:26:43.908+0000: 2246.537: [GC [PSYoungGen: 1223208K->7052K(1444928K)] 1563262K->347218K(1859520K), 0.0408010 secs] [Times: user=0.14 sys=0.00, real=0.04 secs] 
2014-07-16T13:26:46.738+0000: 2249.366: [GC [PSYoungGen: 1444876K->2276K(1698624K)] 1785042K->347260K(2113216K), 0.0201910 secs] [Times: user=0.07 sys=0.00, real=0.02 secs] 
2014-07-16T13:26:50.160+0000: 2252.788: [GC [PSYoungGen: 1698596K->7398K(1629888K)] 2043580K->352536K(2044480K), 0.0138150 secs] [Times: user=0.04 sys=0.01, real=0.01 secs] 
2014-07-16T13:26:53.313+0000: 2255.942: [GC [PSYoungGen: 1629862K->5418K(1557696K)] 1975000K->352564K(1972288K), 0.0153920 secs] [Times: user=0.06 sys=0.00, real=0.02 secs] 
2014-07-16T13:26:56.323+0000: 2258.951: [GC [PSYoungGen: 1557674K->6956K(1492480K)] 1904820K->354351K(1907072K), 0.0168560 secs] [Times: user=0.05 sys=0.00, real=0.02 secs] 
2014-07-16T13:26:59.173+0000: 2261.802: [GC [PSYoungGen: 1492460K->2990K(1425024K)] 1839855K->354431K(1839616K), 0.0241830 secs] [Times: user=0.08 sys=0.01, real=0.02 secs] 
2014-07-16T13:27:01.925+0000: 2264.553: [GC [PSYoungGen: 1425006K->7034K(1368640K)] 1776447K->358563K(1783232K), 0.0139240 secs] [Times: user=0.05 sys=0.00, real=0.01 secs] 
2014-07-16T13:27:04.646+0000: 2267.275: [GC [PSYoungGen: 1368634K->5226K(1309440K)] 1720163K->358837K(1724032K), 0.0244820 secs] [Times: user=0.10 sys=0.00, real=0.03 secs] 
2014-07-16T13:27:07.146+0000: 2269.775: [GC [PSYoungGen: 1309418K->6870K(1256448K)] 1663029K->360777K(1671040K), 0.0262460 secs] [Times: user=0.09 sys=0.00, real=0.03 secs] 
2014-07-16T13:27:09.632+0000: 2272.261: [GC [PSYoungGen: 1256406K->3132K(1200704K)] 1610313K->360997K(1615296K), 0.0259240 secs] [Times: user=0.10 sys=0.00, real=0.02 secs] 
2014-07-16T13:27:12.070+0000: 2274.698: [GC [PSYoungGen: 1200700K->7294K(1419584K)] 1558565K->365271K(1834176K), 0.0259950 secs] [Times: user=0.09 sys=0.00, real=0.02 secs] 
2014-07-16T13:27:14.906+0000: 2277.534: [GC [PSYoungGen: 1419519K->4842K(1672896K)] 1777497K->365120K(2087488K), 0.0366780 secs] [Times: user=0.14 sys=0.00, real=0.04 secs] 
2014-07-16T13:27:18.088+0000: 2280.717: [GC [PSYoungGen: 1672874K->7234K(1964096K)] 2033152K->367720K(2378688K), 0.0347070 secs] [Times: user=0.12 sys=0.00, real=0.04 secs] 
2014-07-16T13:27:21.944+0000: 2284.572: [GC [PSYoungGen: 1963778K->6852K(1978240K)] 2324264K->367680K(2392832K), 0.0368560 secs] [Times: user=0.13 sys=0.01, real=0.03 secs] 
2014-07-16T13:27:25.784+0000: 2288.413: [GC [PSYoungGen: 1977540K->7394K(1978240K)] 2338368K->368446K(2392832K), 0.0280240 secs] [Times: user=0.07 sys=0.00, real=0.03 secs] 
2014-07-16T13:27:29.651+0000: 2292.280: [GC [PSYoungGen: 1978082K->7002K(2332736K)] 2339134K->368334K(2747328K), 0.0377300 secs] [Times: user=0.12 sys=0.01, real=0.04 secs] 
2014-07-16T13:27:34.245+0000: 2296.873: [GC [PSYoungGen: 2332122K->7194K(2227456K)] 2693454K->368694K(2642048K), 0.0238820 secs] [Times: user=0.09 sys=0.01, real=0.02 secs] 
2014-07-16T13:27:38.476+0000: 2301.105: [GC [PSYoungGen: 2227418K->448K(2120960K)] 2588918K->368822K(2535552K), 0.0183580 secs] [Times: user=0.07 sys=0.00, real=0.02 secs] 
2014-07-16T13:27:42.693+0000: 2305.321: [GC [PSYoungGen: 2120960K->7598K(2033344K)] 2489334K->376021K(2447936K), 0.0276120 secs] [Times: user=0.10 sys=0.00, real=0.03 secs] 
2014-07-16T13:27:46.693+0000: 2309.321: [GC [PSYoungGen: 2033326K->6852K(1942592K)] 2401749K->376229K(2357184K), 0.0258150 secs] [Times: user=0.09 sys=0.00, real=0.03 secs] 
2014-07-16T13:27:50.497+0000: 2313.125: [GC [PSYoungGen: 1942532K->6874K(1856960K)] 2311909K->376483K(2271552K), 0.0149680 secs] [Times: user=0.05 sys=0.01, real=0.01 secs] 
2014-07-16T13:27:54.189+0000: 2316.817: [GC [PSYoungGen: 1856922K->1712K(1770368K)] 2226531K->376963K(2184960K), 0.0061950 secs] [Times: user=0.02 sys=0.00, real=0.00 secs] 
2014-07-16T13:27:57.578+0000: 2320.206: [GC [PSYoungGen: 1770352K->7266K(1698560K)] 2145603K->382718K(2113152K), 0.0315860 secs] [Times: user=0.11 sys=0.01, real=0.03 secs] 
2014-07-16T13:28:00.913+0000: 2323.542: [GC [PSYoungGen: 1698530K->6628K(1624320K)] 2073982K->382974K(2038912K), 0.0138520 secs] [Times: user=0.05 sys=0.01, real=0.01 secs] 
2014-07-16T13:28:04.143+0000: 2326.771: [GC [PSYoungGen: 1624292K->7034K(1554752K)] 2000638K->383548K(1969344K), 0.0144850 secs] [Times: user=0.05 sys=0.01, real=0.01 secs] 
2014-07-16T13:28:07.086+0000: 2329.715: [GC [PSYoungGen: 1554746K->1966K(1483136K)] 1931260K->383764K(1897728K), 0.0328450 secs] [Times: user=0.12 sys=0.00, real=0.04 secs] 
2014-07-16T13:28:10.051+0000: 2332.679: [GC [PSYoungGen: 1483118K->7484K(1425344K)] 1864916K->389371K(1839936K), 0.0189130 secs] [Times: user=0.07 sys=0.00, real=0.02 secs] 
2014-07-16T13:28:12.928+0000: 2335.556: [GC [PSYoungGen: 1425340K->6070K(1363776K)] 1807227K->389305K(1778368K), 0.0366490 secs] [Times: user=0.14 sys=0.01, real=0.04 secs] 
2014-07-16T13:28:15.536+0000: 2338.165: [GC [PSYoungGen: 1363766K->6756K(1307200K)] 1747001K->390263K(1721792K), 0.0125390 secs] [Times: user=0.04 sys=0.01, real=0.01 secs] 
2014-07-16T13:28:17.955+0000: 2340.583: [GC [PSYoungGen: 1307172K->2814K(1248768K)] 1690679K->390476K(1663360K), 0.0155950 secs] [Times: user=0.06 sys=0.00, real=0.02 secs] 
2014-07-16T13:28:20.427+0000: 2343.056: [GC [PSYoungGen: 1248766K->6966K(1476864K)] 1636428K->394708K(1891456K), 0.0403280 secs] [Times: user=0.13 sys=0.00, real=0.04 secs] 
2014-07-16T13:28:23.316+0000: 2345.945: [GC [PSYoungGen: 1476854K->5884K(1740160K)] 1864596K->394962K(2154752K), 0.0274540 secs] [Times: user=0.09 sys=0.00, real=0.03 secs] 
2014-07-16T13:28:26.709+0000: 2349.337: [GC [PSYoungGen: 1740156K->6910K(1665472K)] 2129234K->396252K(2080064K), 0.0224230 secs] [Times: user=0.08 sys=0.01, real=0.02 secs] 
2014-07-16T13:28:29.919+0000: 2352.548: [GC [PSYoungGen: 1665470K->2736K(1958528K)] 2054812K->396389K(2373120K), 0.0331620 secs] [Times: user=0.12 sys=0.00, real=0.04 secs] 
2014-07-16T13:28:33.799+0000: 2356.427: [GC [PSYoungGen: 1958512K->7162K(1876352K)] 2352165K->400911K(2290944K), 0.0344030 secs] [Times: user=0.14 sys=0.00, real=0.04 secs] 
2014-07-16T13:28:37.478+0000: 2360.106: [GC [PSYoungGen: 1876346K->5618K(1792448K)] 2270095K->400935K(2207040K), 0.0154820 secs] [Times: user=0.06 sys=0.00, real=0.02 secs] 
2014-07-16T13:28:40.912+0000: 2363.540: [GC [PSYoungGen: 1792434K->7020K(1715584K)] 2187751K->402521K(2130176K), 0.0345440 secs] [Times: user=0.12 sys=0.00, real=0.04 secs] 
2014-07-16T13:28:44.294+0000: 2366.923: [GC [PSYoungGen: 1715471K->2618K(1636736K)] 2110972K->402728K(2051328K), 0.0338390 secs] [Times: user=0.13 sys=0.00, real=0.03 secs] 
2014-07-16T13:28:47.515+0000: 2370.143: [GC [PSYoungGen: 1636730K->6956K(1570304K)] 2036840K->407274K(1984896K), 0.0243170 secs] [Times: user=0.09 sys=0.00, real=0.03 secs] 
2014-07-16T13:28:50.546+0000: 2373.175: [GC [PSYoungGen: 1570284K->5674K(1501696K)] 1970602K->407420K(1916288K), 0.0126140 secs] [Times: user=0.05 sys=0.00, real=0.01 secs] 
2014-07-16T13:28:53.455+0000: 2376.084: [GC [PSYoungGen: 1501674K->7066K(1439104K)] 1903420K->408941K(1853696K), 0.0142530 secs] [Times: user=0.05 sys=0.00, real=0.02 secs] 
2014-07-16T13:28:56.332+0000: 2378.960: [GC [PSYoungGen: 1439066K->2362K(1373504K)] 1840941K->409068K(1788096K), 0.0205150 secs] [Times: user=0.08 sys=0.00, real=0.02 secs] 
2014-07-16T13:28:58.922+0000: 2381.551: [GC [PSYoungGen: 1373498K->7074K(1320320K)] 1780204K->413892K(1734912K), 0.0360380 secs] [Times: user=0.14 sys=0.00, real=0.04 secs] 
2014-07-16T13:29:01.483+0000: 2384.112: [GC [PSYoungGen: 1320290K->5564K(1263680K)] 1727108K->414049K(1678272K), 0.0158320 secs] [Times: user=0.04 sys=0.01, real=0.02 secs] 
2014-07-16T13:29:03.948+0000: 2386.576: [GC [PSYoungGen: 1263676K->6788K(1492416K)] 1672161K->415385K(1907008K), 0.0392230 secs] [Times: user=0.15 sys=0.00, real=0.04 secs] 
2014-07-16T13:29:07.008+0000: 2389.636: [GC [PSYoungGen: 1492356K->2622K(1424704K)] 1900953K->415832K(1839296K), 0.0098830 secs] [Times: user=0.03 sys=0.00, real=0.01 secs] 
2014-07-16T13:29:07.018+0000: 2389.646: [Full GC [PSYoungGen: 2622K->0K(1424704K)] [ParOldGen: 413210K->179946K(435776K)] 415832K->179946K(1860480K) [PSPermGen: 11238K->11238K(23552K)], 0.2897570 secs] [Times: user=1.04 sys=0.00, real=0.29 secs] 
2014-07-16T13:29:09.871+0000: 2392.500: [GC [PSYoungGen: 1422080K->7448K(1369088K)] 1602026K->187395K(1804864K), 0.0218650 secs] [Times: user=0.08 sys=0.01, real=0.02 secs] 
2014-07-16T13:29:12.569+0000: 2395.197: [GC [PSYoungGen: 1369048K->5042K(1309120K)] 1548995K->187634K(1744896K), 0.0110340 secs] [Times: user=0.04 sys=0.00, real=0.01 secs] 
2014-07-16T13:29:15.182+0000: 2397.810: [GC [PSYoungGen: 1309106K->6874K(1256256K)] 1491698K->189650K(1692032K), 0.0238670 secs] [Times: user=0.09 sys=0.00, real=0.02 secs] 
2014-07-16T13:29:17.653+0000: 2400.281: [GC [PSYoungGen: 1256196K->3574K(1200896K)] 1438972K->189768K(1636672K), 0.0326090 secs] [Times: user=0.12 sys=0.00, real=0.03 secs] 
2014-07-16T13:29:20.023+0000: 2402.651: [GC [PSYoungGen: 1200886K->7220K(1155008K)] 1387080K->193592K(1590784K), 0.0122300 secs] [Times: user=0.04 sys=0.00, real=0.01 secs] 
2014-07-16T13:29:22.364+0000: 2404.992: [GC [PSYoungGen: 1154996K->4722K(1105408K)] 1341368K->193509K(1541184K), 0.0187620 secs] [Times: user=0.07 sys=0.01, real=0.02 secs] 
2014-07-16T13:29:24.493+0000: 2407.121: [GC [PSYoungGen: 1105394K->6998K(1062848K)] 1294181K->195961K(1498624K), 0.0154150 secs] [Times: user=0.04 sys=0.00, real=0.01 secs] 
2014-07-16T13:29:26.658+0000: 2409.286: [GC [PSYoungGen: 1062806K->3646K(1016768K)] 1251769K->196057K(1452544K), 0.0227980 secs] [Times: user=0.08 sys=0.00, real=0.02 secs] 
2014-07-16T13:29:28.735+0000: 2411.363: [GC [PSYoungGen: 1016766K->7034K(979520K)] 1209177K->199565K(1415296K), 0.0084140 secs] [Times: user=0.02 sys=0.00, real=0.01 secs] 
2014-07-16T13:29:30.663+0000: 2413.292: [GC [PSYoungGen: 979514K->4594K(938432K)] 1172045K->199815K(1374208K), 0.0174560 secs] [Times: user=0.06 sys=0.00, real=0.02 secs] 
2014-07-16T13:29:32.487+0000: 2415.116: [GC [PSYoungGen: 938418K->6934K(904000K)] 1133639K->202244K(1339776K), 0.0129940 secs] [Times: user=0.04 sys=0.00, real=0.01 secs] 
2014-07-16T13:29:34.252+0000: 2416.880: [GC [PSYoungGen: 903958K->3696K(865664K)] 1099268K->202608K(1301440K), 0.0161720 secs] [Times: user=0.05 sys=0.00, real=0.01 secs] 
2014-07-16T13:29:35.969+0000: 2418.597: [GC [PSYoungGen: 865648K->6792K(835392K)] 1064560K->205824K(1271168K), 0.0131430 secs] [Times: user=0.02 sys=0.00, real=0.02 secs] 
2014-07-16T13:29:37.626+0000: 2420.254: [GC [PSYoungGen: 835336K->4708K(801472K)] 1034368K->205977K(1237248K), 0.0221100 secs] [Times: user=0.08 sys=0.00, real=0.02 secs] 
2014-07-16T13:29:39.175+0000: 2421.804: [GC [PSYoungGen: 801444K->6938K(950912K)] 1002713K->208335K(1386688K), 0.0294460 secs] [Times: user=0.11 sys=0.00, real=0.03 secs] 
2014-07-16T13:29:41.094+0000: 2423.722: [GC [PSYoungGen: 950874K->3582K(1121664K)] 1152271K->208173K(1557440K), 0.0207040 secs] [Times: user=0.07 sys=0.00, real=0.02 secs] 
2014-07-16T13:29:43.229+0000: 2425.857: [GC [PSYoungGen: 1121662K->6870K(1329088K)] 1326253K->211533K(1764864K), 0.0130780 secs] [Times: user=0.05 sys=0.00, real=0.01 secs] 
2014-07-16T13:29:45.925+0000: 2428.553: [GC [PSYoungGen: 1329046K->4644K(1567936K)] 1533709K->211954K(2003712K), 0.0255290 secs] [Times: user=0.08 sys=0.00, real=0.02 secs] 
2014-07-16T13:29:49.024+0000: 2431.652: [GC [PSYoungGen: 1567908K->6838K(1502720K)] 1775218K->214324K(1938496K), 0.0053220 secs] [Times: user=0.02 sys=0.00, real=0.01 secs] 
2014-07-16T13:29:51.973+0000: 2434.601: [GC [PSYoungGen: 1502710K->3764K(1435584K)] 1710196K->214662K(1871360K), 0.0105190 secs] [Times: user=0.04 sys=0.00, real=0.01 secs] 
2014-07-16T13:29:54.744+0000: 2437.372: [GC [PSYoungGen: 1435572K->6998K(1377920K)] 1646470K->218040K(1813696K), 0.0201380 secs] [Times: user=0.08 sys=0.00, real=0.02 secs] 
2014-07-16T13:29:57.556+0000: 2440.184: [GC [PSYoungGen: 1377878K->4458K(1317376K)] 1588920K->218337K(1753152K), 0.0161910 secs] [Times: user=0.06 sys=0.01, real=0.02 secs] 
2014-07-16T13:30:00.152+0000: 2442.780: [GC [PSYoungGen: 1317354K->7180K(1265024K)] 1531233K->221211K(1700800K), 0.0177330 secs] [Times: user=0.06 sys=0.00, real=0.02 secs] 
2014-07-16T13:30:02.656+0000: 2445.285: [GC [PSYoungGen: 1264949K->3570K(1208896K)] 1478979K->221162K(1644672K), 0.0149510 secs] [Times: user=0.04 sys=0.00, real=0.01 secs] 
2014-07-16T13:30:04.937+0000: 2447.565: [GC [PSYoungGen: 1208882K->7048K(1162496K)] 1426474K->224850K(1598272K), 0.0217440 secs] [Times: user=0.07 sys=0.00, real=0.03 secs] 
2014-07-16T13:30:07.283+0000: 2449.911: [GC [PSYoungGen: 1162440K->4476K(1112384K)] 1380242K->225000K(1548160K), 0.0331630 secs] [Times: user=0.12 sys=0.00, real=0.03 secs] 
2014-07-16T13:30:09.495+0000: 2452.123: [GC [PSYoungGen: 1112380K->7048K(1069824K)] 1332904K->227692K(1505600K), 0.0185520 secs] [Times: user=0.07 sys=0.00, real=0.02 secs] 
2014-07-16T13:30:11.660+0000: 2454.288: [GC [PSYoungGen: 1069768K->3560K(1259328K)] 1290412K->227605K(1695104K), 0.0251350 secs] [Times: user=0.09 sys=0.00, real=0.02 secs] 
2014-07-16T13:30:14.125+0000: 2456.753: [GC [PSYoungGen: 1259304K->6980K(1210432K)] 1483349K->231137K(1646208K), 0.0056170 secs] [Times: user=0.02 sys=0.00, real=0.01 secs] 
2014-07-16T13:30:16.522+0000: 2459.150: [GC [PSYoungGen: 1210372K->4402K(1158016K)] 1434529K->231289K(1593792K), 0.0133290 secs] [Times: user=0.05 sys=0.00, real=0.01 secs] 
2014-07-16T13:30:18.718+0000: 2461.346: [GC [PSYoungGen: 1158002K->7134K(1113344K)] 1384889K->234141K(1549120K), 0.0312160 secs] [Times: user=0.10 sys=0.00, real=0.04 secs] 
2014-07-16T13:30:20.911+0000: 2463.540: [GC [PSYoungGen: 1113310K->3318K(1064384K)] 1340317K->233925K(1500160K), 0.0169500 secs] [Times: user=0.06 sys=0.00, real=0.01 secs] 
2014-07-16T13:30:23.017+0000: 2465.646: [GC [PSYoungGen: 1064374K->7194K(1025344K)] 1294981K->237865K(1461120K), 0.0152660 secs] [Times: user=0.06 sys=0.00, real=0.02 secs] 
2014-07-16T13:30:24.975+0000: 2467.604: [GC [PSYoungGen: 1025291K->4348K(1208576K)] 1255961K->237815K(1644352K), 0.0315220 secs] [Times: user=0.11 sys=0.00, real=0.03 secs] 
2014-07-16T13:30:27.384+0000: 2470.013: [GC [PSYoungGen: 1208572K->6774K(1161152K)] 1442039K->240427K(1596928K), 0.0065840 secs] [Times: user=0.02 sys=0.01, real=0.01 secs] 
2014-07-16T13:30:29.681+0000: 2472.309: [GC [PSYoungGen: 1161142K->3756K(1110720K)] 1394795K->240891K(1546496K), 0.0199540 secs] [Times: user=0.07 sys=0.00, real=0.02 secs] 
2014-07-16T13:30:31.857+0000: 2474.485: [GC [PSYoungGen: 1110700K->6806K(1314560K)] 1347835K->244021K(1750336K), 0.0268110 secs] [Times: user=0.10 sys=0.00, real=0.03 secs] 
2014-07-16T13:30:34.369+0000: 2476.998: [GC [PSYoungGen: 1314518K->4390K(1257280K)] 1551733K->244204K(1693056K), 0.0170450 secs] [Times: user=0.06 sys=0.01, real=0.02 secs] 
2014-07-16T13:30:36.840+0000: 2479.469: [GC [PSYoungGen: 1257254K->6888K(1207552K)] 1497068K->246894K(1643328K), 0.0253230 secs] [Times: user=0.08 sys=0.00, real=0.03 secs] 
2014-07-16T13:30:39.247+0000: 2481.875: [GC [PSYoungGen: 1207528K->3706K(1154688K)] 1447534K->247180K(1590464K), 0.0072910 secs] [Times: user=0.03 sys=0.00, real=0.01 secs] 
2014-07-16T13:30:41.553+0000: 2484.182: [GC [PSYoungGen: 1154682K->6924K(1110656K)] 1398156K->250518K(1546432K), 0.0167660 secs] [Times: user=0.06 sys=0.01, real=0.01 secs] 
2014-07-16T13:30:43.664+0000: 2486.292: [GC [PSYoungGen: 1110604K->4338K(1063040K)] 1354198K->250930K(1498816K), 0.0203680 secs] [Times: user=0.08 sys=0.00, real=0.02 secs] 
2014-07-16T13:30:45.717+0000: 2488.346: [GC [PSYoungGen: 1063026K->6906K(1022784K)] 1309618K->253682K(1458560K), 0.0220340 secs] [Times: user=0.08 sys=0.00, real=0.02 secs] 
2014-07-16T13:30:47.809+0000: 2490.437: [GC [PSYoungGen: 1022778K->3874K(1204480K)] 1269554K->253998K(1640256K), 0.0258760 secs] [Times: user=0.10 sys=0.00, real=0.03 secs] 
2014-07-16T13:30:50.185+0000: 2492.813: [GC [PSYoungGen: 1204450K->6838K(1157760K)] 1454574K->257066K(1593536K), 0.0118510 secs] [Times: user=0.04 sys=0.01, real=0.01 secs] 
2014-07-16T13:30:52.506+0000: 2495.134: [GC [PSYoungGen: 1157750K->4394K(1108096K)] 1407978K->257386K(1543872K), 0.0153070 secs] [Times: user=0.06 sys=0.01, real=0.01 secs] 
2014-07-16T13:30:54.626+0000: 2497.254: [GC [PSYoungGen: 1108074K->6710K(1310528K)] 1361066K->259910K(1746304K), 0.0291460 secs] [Times: user=0.09 sys=0.00, real=0.03 secs] 
2014-07-16T13:30:57.283+0000: 2499.911: [GC [PSYoungGen: 1310518K->4010K(1253120K)] 1563718K->260240K(1688896K), 0.0092890 secs] [Times: user=0.04 sys=0.00, real=0.01 secs] 
2014-07-16T13:30:59.671+0000: 2502.299: [GC [PSYoungGen: 1253098K->6742K(1203840K)] 1509328K->263076K(1639616K), 0.0289360 secs] [Times: user=0.10 sys=0.00, real=0.03 secs] 
2014-07-16T13:31:02.145+0000: 2504.773: [GC [PSYoungGen: 1203798K->4222K(1418240K)] 1460132K->263512K(1854016K), 0.0256640 secs] [Times: user=0.09 sys=0.00, real=0.02 secs] 
2014-07-16T13:31:04.800+0000: 2507.428: [GC [PSYoungGen: 1418221K->6892K(1360832K)] 1677511K->266335K(1796608K), 0.0209640 secs] [Times: user=0.08 sys=0.00, real=0.02 secs] 
2014-07-16T13:31:07.518+0000: 2510.146: [GC [PSYoungGen: 1360812K->3902K(1300672K)] 1620255K->266638K(1736448K), 0.0097270 secs] [Times: user=0.02 sys=0.00, real=0.01 secs] 
2014-07-16T13:31:10.052+0000: 2512.681: [GC [PSYoungGen: 1300670K->6916K(1249408K)] 1563406K->269773K(1685184K), 0.0215980 secs] [Times: user=0.08 sys=0.01, real=0.02 secs] 
2014-07-16T13:31:12.579+0000: 2515.207: [GC [PSYoungGen: 1249348K->4138K(1194880K)] 1512205K->270058K(1630656K), 0.0158920 secs] [Times: user=0.06 sys=0.00, real=0.01 secs] 
2014-07-16T13:31:14.896+0000: 2517.524: [GC [PSYoungGen: 1194763K->7020K(1148544K)] 1460683K->273108K(1584320K), 0.0264650 secs] [Times: user=0.08 sys=0.00, real=0.03 secs] 
2014-07-16T13:31:17.123+0000: 2519.752: [GC [PSYoungGen: 1148524K->3824K(1098560K)] 1414612K->273206K(1534336K), 0.0138120 secs] [Times: user=0.05 sys=0.00, real=0.01 secs] 
2014-07-16T13:31:19.242+0000: 2521.870: [GC [PSYoungGen: 1098544K->6728K(1304128K)] 1367926K->276190K(1739904K), 0.0521310 secs] [Times: user=0.18 sys=0.00, real=0.05 secs] 
2014-07-16T13:31:21.801+0000: 2524.429: [GC [PSYoungGen: 1304072K->4402K(1540160K)] 1573534K->276684K(1975936K), 0.0189230 secs] [Times: user=0.07 sys=0.00, real=0.02 secs] 
2014-07-16T13:31:24.865+0000: 2527.494: [GC [PSYoungGen: 1540146K->7144K(1476864K)] 1812428K->279538K(1912640K), 0.0089870 secs] [Times: user=0.03 sys=0.00, real=0.01 secs] 
2014-07-16T13:31:27.693+0000: 2530.322: [GC [PSYoungGen: 1476840K->3442K(1410368K)] 1749234K->279655K(1846144K), 0.0203810 secs] [Times: user=0.08 sys=0.00, real=0.02 secs] 
2014-07-16T13:31:30.380+0000: 2533.008: [GC [PSYoungGen: 1410354K->6692K(1353920K)] 1686567K->283009K(1789696K), 0.0173150 secs] [Times: user=0.06 sys=0.00, real=0.01 secs] 
2014-07-16T13:31:33.143+0000: 2535.772: [GC [PSYoungGen: 1353892K->4970K(1295360K)] 1630209K->283469K(1731136K), 0.0248970 secs] [Times: user=0.09 sys=0.01, real=0.02 secs] 
2014-07-16T13:31:35.729+0000: 2538.358: [GC [PSYoungGen: 1295338K->7038K(1243392K)] 1573837K->285770K(1679168K), 0.0055050 secs] [Times: user=0.02 sys=0.00, real=0.01 secs] 
2014-07-16T13:31:38.131+0000: 2540.759: [GC [PSYoungGen: 1243390K->3118K(1188096K)] 1522122K->285790K(1623872K), 0.0184370 secs] [Times: user=0.06 sys=0.00, real=0.02 secs] 
2014-07-16T13:31:40.403+0000: 2543.032: [GC [PSYoungGen: 1188078K->6824K(1142912K)] 1470750K->289592K(1578688K), 0.0138060 secs] [Times: user=0.05 sys=0.00, real=0.01 secs] 
2014-07-16T13:31:42.661+0000: 2545.289: [GC [PSYoungGen: 1142888K->5028K(1094592K)] 1425656K->289890K(1530368K), 0.0142080 secs] [Times: user=0.04 sys=0.00, real=0.01 secs] 
2014-07-16T13:31:44.811+0000: 2547.440: [GC [PSYoungGen: 1094564K->6838K(1052096K)] 1379426K->291908K(1487872K), 0.0187320 secs] [Times: user=0.07 sys=0.00, real=0.02 secs] 
2014-07-16T13:31:46.925+0000: 2549.553: [GC [PSYoungGen: 1052051K->3120K(1006208K)] 1337121K->292155K(1441984K), 0.0268590 secs] [Times: user=0.10 sys=0.00, real=0.02 secs] 
2014-07-16T13:31:48.877+0000: 2551.505: [GC [PSYoungGen: 1006192K->7248K(970240K)] 1295227K->296364K(1406016K), 0.0095570 secs] [Times: user=0.02 sys=0.01, real=0.01 secs] 
2014-07-16T13:31:50.699+0000: 2553.328: [GC [PSYoungGen: 970192K->4458K(929216K)] 1259308K->296320K(1364992K), 0.0184440 secs] [Times: user=0.07 sys=0.01, real=0.02 secs] 
2014-07-16T13:31:52.575+0000: 2555.203: [GC [PSYoungGen: 929194K->7134K(895552K)] 1221056K->299068K(1331328K), 0.0224130 secs] [Times: user=0.08 sys=0.00, real=0.02 secs] 
2014-07-16T13:31:54.326+0000: 2556.954: [GC [PSYoungGen: 895518K->3360K(1055616K)] 1187452K->299020K(1491392K), 0.0313800 secs] [Times: user=0.12 sys=0.00, real=0.03 secs] 
2014-07-16T13:31:56.377+0000: 2559.005: [GC [PSYoungGen: 1055584K->6984K(1252096K)] 1351244K->302788K(1687872K), 0.0172880 secs] [Times: user=0.05 sys=0.00, real=0.02 secs] 
2014-07-16T13:31:58.802+0000: 2561.430: [GC [PSYoungGen: 1252040K->4580K(1477632K)] 1547844K->302941K(1913408K), 0.0244740 secs] [Times: user=0.08 sys=0.00, real=0.03 secs] 
2014-07-16T13:32:01.643+0000: 2564.271: [GC [PSYoungGen: 1477604K->7212K(1747456K)] 1775965K->305685K(2183232K), 0.0180390 secs] [Times: user=0.06 sys=0.00, real=0.02 secs] 
2014-07-16T13:32:05.037+0000: 2567.666: [GC [PSYoungGen: 1747436K->3046K(2060672K)] 2045909K->305617K(2496448K), 0.0395490 secs] [Times: user=0.13 sys=0.01, real=0.04 secs] 
2014-07-16T13:32:09.173+0000: 2571.801: [GC [PSYoungGen: 2060646K->6920K(1972864K)] 2363217K->309683K(2408640K), 0.0110530 secs] [Times: user=0.03 sys=0.00, real=0.01 secs] 
2014-07-16T13:32:12.996+0000: 2575.624: [GC [PSYoungGen: 1972808K->4836K(1883584K)] 2275571K->310002K(2319360K), 0.0179280 secs] [Times: user=0.06 sys=0.00, real=0.01 secs] 
2014-07-16T13:32:16.677+0000: 2579.305: [GC [PSYoungGen: 1883555K->6856K(1802752K)] 2188721K->312246K(2238528K), 0.0175340 secs] [Times: user=0.06 sys=0.00, real=0.01 secs] 
2014-07-16T13:32:20.210+0000: 2582.838: [GC [PSYoungGen: 1802696K->3246K(1720320K)] 2108086K->312537K(2156096K), 0.0295880 secs] [Times: user=0.10 sys=0.00, real=0.03 secs] 
2014-07-16T13:32:23.607+0000: 2586.236: [GC [PSYoungGen: 1720302K->6902K(1649024K)] 2029593K->316305K(2084800K), 0.0253660 secs] [Times: user=0.09 sys=0.00, real=0.03 secs] 
2014-07-16T13:32:26.846+0000: 2589.475: [GC [PSYoungGen: 1649014K->4836K(1575744K)] 1958417K->316702K(2011520K), 0.0372500 secs] [Times: user=0.13 sys=0.00, real=0.04 secs] 
2014-07-16T13:32:30.064+0000: 2592.693: [GC [PSYoungGen: 1575716K->6984K(1510144K)] 1887582K->318994K(1945920K), 0.0198730 secs] [Times: user=0.07 sys=0.01, real=0.02 secs] 
2014-07-16T13:32:32.872+0000: 2595.500: [GC [PSYoungGen: 1510088K->3118K(1441792K)] 1822098K->319071K(1877568K), 0.0116770 secs] [Times: user=0.02 sys=0.00, real=0.01 secs] 
2014-07-16T13:32:35.717+0000: 2598.345: [GC [PSYoungGen: 1441774K->6984K(1384448K)] 1757727K->323081K(1820224K), 0.0309320 secs] [Times: user=0.11 sys=0.00, real=0.03 secs] 
2014-07-16T13:32:38.565+0000: 2601.194: [GC [PSYoungGen: 1384392K->4722K(1323840K)] 1700489K->323487K(1759616K), 0.0257450 secs] [Times: user=0.10 sys=0.00, real=0.03 secs] 
2014-07-16T13:32:41.172+0000: 2603.801: [GC [PSYoungGen: 1323826K->6952K(1270656K)] 1642591K->325877K(1706432K), 0.0215950 secs] [Times: user=0.08 sys=0.00, real=0.02 secs] 
2014-07-16T13:32:43.660+0000: 2606.288: [GC [PSYoungGen: 1270632K->3428K(1214400K)] 1589557K->326101K(1650176K), 0.0209450 secs] [Times: user=0.07 sys=0.01, real=0.02 secs] 
2014-07-16T13:32:46.046+0000: 2608.675: [GC [PSYoungGen: 1214372K->7084K(1437696K)] 1537045K->329934K(1873472K), 0.0305460 secs] [Times: user=0.11 sys=0.00, real=0.03 secs] 
2014-07-16T13:32:48.969+0000: 2611.598: [GC [PSYoungGen: 1437676K->4458K(1374208K)] 1760526K->329985K(1809984K), 0.0233560 secs] [Times: user=0.09 sys=0.00, real=0.03 secs] 
2014-07-16T13:32:51.654+0000: 2614.282: [GC [PSYoungGen: 1374186K->6966K(1318784K)] 1699713K->332645K(1754560K), 0.0239030 secs] [Times: user=0.09 sys=0.00, real=0.02 secs] 
2014-07-16T13:32:54.195+0000: 2616.824: [GC [PSYoungGen: 1318774K->3428K(1260160K)] 1644453K->332856K(1695936K), 0.0224550 secs] [Times: user=0.08 sys=0.00, real=0.02 secs] 
2014-07-16T13:32:56.623+0000: 2619.251: [GC [PSYoungGen: 1260132K->7244K(1211584K)] 1589560K->336872K(1647360K), 0.0204410 secs] [Times: user=0.08 sys=0.00, real=0.03 secs] 
2014-07-16T13:32:58.906+0000: 2621.534: [GC [PSYoungGen: 1211532K->4138K(1158592K)] 1541160K->336722K(1594368K), 0.0158830 secs] [Times: user=0.07 sys=0.00, real=0.01 secs] 
2014-07-16T13:33:01.202+0000: 2623.830: [GC [PSYoungGen: 1158556K->6952K(1113984K)] 1491140K->339616K(1549760K), 0.0202490 secs] [Times: user=0.07 sys=0.00, real=0.02 secs] 
2014-07-16T13:33:03.297+0000: 2625.925: [GC [PSYoungGen: 1113960K->3774K(1065664K)] 1446624K->339819K(1501440K), 0.0139100 secs] [Times: user=0.05 sys=0.00, real=0.01 secs] 
2014-07-16T13:33:05.475+0000: 2628.103: [GC [PSYoungGen: 1065662K->6920K(1263488K)] 1401707K->343133K(1699264K), 0.0399940 secs] [Times: user=0.13 sys=0.01, real=0.04 secs] 
2014-07-16T13:33:07.916+0000: 2630.545: [GC [PSYoungGen: 1263432K->4142K(1491648K)] 1599645K->343337K(1927424K), 0.0289080 secs] [Times: user=0.10 sys=0.01, real=0.03 secs] 
2014-07-16T13:33:10.937+0000: 2633.565: [GC [PSYoungGen: 1491630K->6870K(1764992K)] 1830825K->346161K(2200768K), 0.0182070 secs] [Times: user=0.07 sys=0.00, real=0.02 secs] 
2014-07-16T13:33:14.445+0000: 2637.074: [GC [PSYoungGen: 1764950K->3828K(1684992K)] 2104241K->346750K(2120768K), 0.0188020 secs] [Times: user=0.06 sys=0.00, real=0.01 secs] 
2014-07-16T13:33:17.632+0000: 2640.260: [GC [PSYoungGen: 1684980K->6984K(1615040K)] 2027902K->350138K(2050816K), 0.0166210 secs] [Times: user=0.06 sys=0.00, real=0.02 secs] 
2014-07-16T13:33:20.843+0000: 2643.471: [GC [PSYoungGen: 1614984K->4280K(1542720K)] 1958138K->350411K(1978496K), 0.0307470 secs] [Times: user=0.10 sys=0.00, real=0.03 secs] 
2014-07-16T13:33:24.050+0000: 2646.679: [GC [PSYoungGen: 1542712K->7372K(1479680K)] 1888843K->353631K(1915456K), 0.0204990 secs] [Times: user=0.07 sys=0.00, real=0.02 secs] 
2014-07-16T13:33:26.870+0000: 2649.499: [GC [PSYoungGen: 1479628K->3442K(1412800K)] 1825887K->353612K(1848576K), 0.0177510 secs] [Times: user=0.07 sys=0.01, real=0.02 secs] 
2014-07-16T13:33:29.744+0000: 2652.372: [GC [PSYoungGen: 1412786K->7020K(1356544K)] 1762956K->357302K(1792320K), 0.0208160 secs] [Times: user=0.07 sys=0.00, real=0.02 secs] 
2014-07-16T13:33:32.406+0000: 2655.034: [GC [PSYoungGen: 1356524K->4772K(1297408K)] 1706806K->357422K(1733184K), 0.0230410 secs] [Times: user=0.08 sys=0.00, real=0.03 secs] 
2014-07-16T13:33:35.016+0000: 2657.645: [GC [PSYoungGen: 1297380K->7130K(1245632K)] 1650030K->359972K(1681408K), 0.0317240 secs] [Times: user=0.12 sys=0.00, real=0.03 secs] 
2014-07-16T13:33:37.434+0000: 2660.062: [GC [PSYoungGen: 1245594K->3182K(1190144K)] 1598436K->360123K(1625920K), 0.0164150 secs] [Times: user=0.06 sys=0.00, real=0.02 secs] 
2014-07-16T13:33:39.827+0000: 2662.456: [GC [PSYoungGen: 1190126K->6952K(1144896K)] 1547067K->363973K(1580672K), 0.0224130 secs] [Times: user=0.08 sys=0.00, real=0.03 secs] 
2014-07-16T13:33:42.076+0000: 2664.704: [GC [PSYoungGen: 1144872K->4974K(1096256K)] 1501893K->364269K(1532032K), 0.0161950 secs] [Times: user=0.05 sys=0.00, real=0.02 secs] 
2014-07-16T13:33:44.264+0000: 2666.892: [GC [PSYoungGen: 1096238K->6966K(1053888K)] 1455533K->366421K(1489664K), 0.0099140 secs] [Times: user=0.02 sys=0.00, real=0.01 secs] 
2014-07-16T13:33:46.300+0000: 2668.928: [GC [PSYoungGen: 1053878K->3168K(1007872K)] 1413333K->366679K(1443648K), 0.0235880 secs] [Times: user=0.09 sys=0.00, real=0.03 secs] 
2014-07-16T13:33:48.272+0000: 2670.900: [GC [PSYoungGen: 1007840K->6806K(971328K)] 1371351K->370429K(1407104K), 0.0178180 secs] [Times: user=0.06 sys=0.01, real=0.01 secs] 
2014-07-16T13:33:50.248+0000: 2672.876: [GC [PSYoungGen: 971286K->5098K(931328K)] 1334909K->370573K(1367104K), 0.0190500 secs] [Times: user=0.07 sys=0.00, real=0.02 secs] 
2014-07-16T13:33:52.042+0000: 2674.670: [GC [PSYoungGen: 931306K->6856K(1100928K)] 1296781K->372459K(1536704K), 0.0195210 secs] [Times: user=0.07 sys=0.01, real=0.02 secs] 
2014-07-16T13:33:54.201+0000: 2676.830: [GC [PSYoungGen: 1100872K->3120K(1052672K)] 1466475K->372809K(1488448K), 0.0136320 secs] [Times: user=0.05 sys=0.00, real=0.01 secs] 
2014-07-16T13:33:56.280+0000: 2678.908: [GC [PSYoungGen: 1052656K->6778K(1013952K)] 1422345K->376604K(1449728K), 0.0150150 secs] [Times: user=0.05 sys=0.00, real=0.02 secs] 
2014-07-16T13:33:58.244+0000: 2680.872: [GC [PSYoungGen: 1013946K->5220K(972096K)] 1383772K->376690K(1407872K), 0.0158760 secs] [Times: user=0.06 sys=0.00, real=0.01 secs] 
2014-07-16T13:34:00.179+0000: 2682.807: [GC [PSYoungGen: 972068K->6564K(935040K)] 1343538K->378138K(1370816K), 0.0211890 secs] [Times: user=0.06 sys=0.00, real=0.02 secs] 
2014-07-16T13:34:02.009+0000: 2684.638: [GC [PSYoungGen: 935012K->3296K(895232K)] 1306586K->378469K(1331008K), 0.0069380 secs] [Times: user=0.02 sys=0.00, real=0.01 secs] 
2014-07-16T13:34:03.788+0000: 2686.416: [GC [PSYoungGen: 895200K->7512K(864640K)] 1270373K->382790K(1300416K), 0.0240820 secs] [Times: user=0.08 sys=0.00, real=0.02 secs] 
2014-07-16T13:34:05.503+0000: 2688.131: [GC [PSYoungGen: 864600K->4270K(828224K)] 1239878K->382621K(1264000K), 0.0157310 secs] [Times: user=0.06 sys=0.00, real=0.02 secs] 
2014-07-16T13:34:07.042+0000: 2689.670: [GC [PSYoungGen: 828206K->6728K(980544K)] 1206557K->385207K(1416320K), 0.0178370 secs] [Times: user=0.07 sys=0.00, real=0.02 secs] 
2014-07-16T13:34:08.914+0000: 2691.543: [GC [PSYoungGen: 980488K->4466K(1155584K)] 1358967K->385357K(1591360K), 0.0190980 secs] [Times: user=0.07 sys=0.00, real=0.01 secs] 
2014-07-16T13:34:11.225+0000: 2693.854: [GC [PSYoungGen: 1155567K->7098K(1369536K)] 1536458K->388101K(1805312K), 0.0316360 secs] [Times: user=0.12 sys=0.00, real=0.03 secs] 
2014-07-16T13:34:13.866+0000: 2696.495: [GC [PSYoungGen: 1369530K->3838K(1616384K)] 1750533K->388362K(2052160K), 0.0281790 secs] [Times: user=0.11 sys=0.00, real=0.03 secs] 
2014-07-16T13:34:17.057+0000: 2699.685: [GC [PSYoungGen: 1616382K->7066K(1549824K)] 2000906K->391790K(1985600K), 0.0070910 secs] [Times: user=0.02 sys=0.00, real=0.00 secs] 
2014-07-16T13:34:20.126+0000: 2702.755: [GC [PSYoungGen: 1549786K->4604K(1480960K)] 1934510K->391905K(1916736K), 0.0226590 secs] [Times: user=0.09 sys=0.00, real=0.02 secs] 
2014-07-16T13:34:23.008+0000: 2705.636: [GC [PSYoungGen: 1480956K->6792K(1420096K)] 1868257K->394214K(1855872K), 0.0301730 secs] [Times: user=0.11 sys=0.01, real=0.03 secs] 
2014-07-16T13:34:25.877+0000: 2708.506: [GC [PSYoungGen: 1420040K->3824K(1357056K)] 1807462K->394610K(1792832K), 0.0191750 secs] [Times: user=0.08 sys=0.00, real=0.02 secs] 
2014-07-16T13:34:28.468+0000: 2711.096: [GC [PSYoungGen: 1357040K->6774K(1607808K)] 1747826K->397720K(2043584K), 0.0440470 secs] [Times: user=0.16 sys=0.00, real=0.04 secs] 
2014-07-16T13:34:31.633+0000: 2714.261: [GC [PSYoungGen: 1607798K->4650K(1536448K)] 1998744K->397869K(1972224K), 0.0169850 secs] [Times: user=0.07 sys=0.00, real=0.02 secs] 
2014-07-16T13:34:34.705+0000: 2717.333: [GC [PSYoungGen: 1536426K->7348K(1473280K)] 1929645K->400696K(1909056K), 0.0209800 secs] [Times: user=0.07 sys=0.01, real=0.02 secs] 
2014-07-16T13:34:37.600+0000: 2720.228: [GC [PSYoungGen: 1473268K->3254K(1406592K)] 1866616K->400621K(1842368K), 0.0208220 secs] [Times: user=0.07 sys=0.00, real=0.02 secs] 
2014-07-16T13:34:40.411+0000: 2723.040: [GC [PSYoungGen: 1406582K->7298K(1351168K)] 1803949K->404785K(1786944K), 0.0321290 secs] [Times: user=0.12 sys=0.00, real=0.03 secs] 
2014-07-16T13:34:43.138+0000: 2725.767: [GC [PSYoungGen: 1351106K->4786K(1291968K)] 1748593K->404681K(1727744K), 0.0100500 secs] [Times: user=0.03 sys=0.00, real=0.01 secs] 
2014-07-16T13:34:45.901+0000: 2728.530: [GC [PSYoungGen: 1291954K->6742K(1240064K)] 1691849K->406805K(1675840K), 0.0167890 secs] [Times: user=0.06 sys=0.00, real=0.01 secs] 
2014-07-16T13:34:48.552+0000: 2731.180: [GC [PSYoungGen: 1240022K->3832K(1185856K)] 1640085K->407014K(1621632K), 0.0201730 secs] [Times: user=0.06 sys=0.00, real=0.02 secs] 
2014-07-16T13:34:51.095+0000: 2733.723: [GC [PSYoungGen: 1185848K->6870K(1140160K)] 1589030K->410140K(1575936K), 0.0271400 secs] [Times: user=0.09 sys=0.00, real=0.03 secs] 
2014-07-16T13:34:53.567+0000: 2736.195: [GC [PSYoungGen: 1140118K->4668K(1091520K)] 1543388K->410424K(1527296K), 0.0203820 secs] [Times: user=0.06 sys=0.00, real=0.02 secs] 
2014-07-16T13:34:55.929+0000: 2738.558: [GC [PSYoungGen: 1091516K->6724K(1049472K)] 1497272K->412648K(1485248K), 0.0261090 secs] [Times: user=0.10 sys=0.00, real=0.03 secs] 
2014-07-16T13:34:58.161+0000: 2740.790: [GC [PSYoungGen: 1049412K->3810K(1004480K)] 1455336K->412949K(1440256K), 0.0199960 secs] [Times: user=0.08 sys=0.00, real=0.02 secs] 
2014-07-16T13:35:00.357+0000: 2742.985: [GC [PSYoungGen: 1004450K->6842K(1189056K)] 1413589K->416053K(1624832K), 0.0239660 secs] [Times: user=0.09 sys=0.00, real=0.02 secs] 
2014-07-16T13:35:02.851+0000: 2745.479: [GC [PSYoungGen: 1189050K->4458K(1137920K)] 1598261K->416336K(1573696K), 0.0054130 secs] [Times: user=0.02 sys=0.00, real=0.01 secs] 
2014-07-16T13:35:05.356+0000: 2747.984: [GC [PSYoungGen: 1137898K->7198K(1094272K)] 1549776K->419244K(1530048K), 0.0246210 secs] [Times: user=0.06 sys=0.00, real=0.02 secs] 
2014-07-16T13:35:07.673+0000: 2750.301: [GC [PSYoungGen: 1094238K->3432K(1046336K)] 1506284K->419058K(1482112K), 0.0239290 secs] [Times: user=0.09 sys=0.00, real=0.03 secs] 
2014-07-16T13:35:09.926+0000: 2752.554: [GC [PSYoungGen: 1046312K->6856K(1007744K)] 1461938K->422636K(1443520K), 0.0166230 secs] [Times: user=0.05 sys=0.00, real=0.01 secs] 
2014-07-16T13:35:12.106+0000: 2754.735: [GC [PSYoungGen: 1007688K->4650K(965504K)] 1423468K->423006K(1401280K), 0.0164130 secs] [Times: user=0.06 sys=0.00, real=0.01 secs] 
2014-07-16T13:35:14.164+0000: 2756.793: [GC [PSYoungGen: 965482K->6870K(929664K)] 1383838K->425362K(1365440K), 0.0164980 secs] [Times: user=0.07 sys=0.00, real=0.01 secs] 
2014-07-16T13:35:16.189+0000: 2758.818: [GC [PSYoungGen: 929552K->3564K(890048K)] 1348043K->425460K(1325824K), 0.0245860 secs] [Times: user=0.09 sys=0.00, real=0.03 secs] 
2014-07-16T13:35:18.097+0000: 2760.725: [GC [PSYoungGen: 889990K->6978K(858944K)] 1311886K->428970K(1294720K), 0.0064890 secs] [Times: user=0.02 sys=0.00, real=0.00 secs] 
2014-07-16T13:35:19.934+0000: 2762.563: [GC [PSYoungGen: 858882K->4394K(823424K)] 1280874K->428951K(1259200K), 0.0194170 secs] [Times: user=0.07 sys=0.00, real=0.02 secs] 
2014-07-16T13:35:21.713+0000: 2764.341: [GC [PSYoungGen: 823402K->6774K(794432K)] 1247959K->431387K(1230208K), 0.0203160 secs] [Times: user=0.07 sys=0.00, real=0.02 secs] 
2014-07-16T13:35:23.416+0000: 2766.044: [GC [PSYoungGen: 794422K->3710K(937216K)] 1219035K->431765K(1372992K), 0.0351100 secs] [Times: user=0.13 sys=0.00, real=0.03 secs] 
2014-07-16T13:35:25.448+0000: 2768.077: [GC [PSYoungGen: 937214K->6678K(1110528K)] 1365269K->434845K(1546304K), 0.0081450 secs] [Times: user=0.02 sys=0.00, real=0.01 secs] 
2014-07-16T13:35:27.850+0000: 2770.478: [GC [PSYoungGen: 1110486K->4458K(1308608K)] 1538653K->435209K(1744384K), 0.0187480 secs] [Times: user=0.07 sys=0.00, real=0.02 secs] 
2014-07-16T13:35:27.869+0000: 2770.497: [Full GC [PSYoungGen: 4458K->0K(1308608K)] [ParOldGen: 430750K->199588K(463744K)] 435209K->199588K(1772352K) [PSPermGen: 11246K->11246K(22528K)], 0.3151350 secs] [Times: user=1.15 sys=0.00, real=0.31 secs] 
2014-07-16T13:35:30.837+0000: 2773.465: [GC [PSYoungGen: 1304056K->7370K(1257152K)] 1503644K->206959K(1720896K), 0.0101320 secs] [Times: user=0.04 sys=0.00, real=0.01 secs] 
2014-07-16T13:35:33.543+0000: 2776.172: [GC [PSYoungGen: 1257098K->2986K(1200960K)] 1456687K->207390K(1664704K), 0.0301470 secs] [Times: user=0.10 sys=0.00, real=0.03 secs] 
2014-07-16T13:35:36.134+0000: 2778.762: [GC [PSYoungGen: 1200938K->7042K(1155840K)] 1405342K->211574K(1619584K), 0.0205900 secs] [Times: user=0.07 sys=0.00, real=0.02 secs] 
2014-07-16T13:35:38.604+0000: 2781.232: [GC [PSYoungGen: 1155778K->5540K(1364864K)] 1360310K->211523K(1828608K), 0.0377220 secs] [Times: user=0.14 sys=0.00, real=0.04 secs] 
2014-07-16T13:35:41.594+0000: 2784.223: [GC [PSYoungGen: 1364836K->6564K(1308800K)] 1570819K->212659K(1772544K), 0.0176360 secs] [Times: user=0.05 sys=0.00, real=0.02 secs] 
2014-07-16T13:35:44.407+0000: 2787.035: [GC [PSYoungGen: 1308772K->3260K(1251200K)] 1514867K->213112K(1714944K), 0.0129960 secs] [Times: user=0.05 sys=0.00, real=0.02 secs] 
2014-07-16T13:35:47.149+0000: 2789.778: [GC [PSYoungGen: 1251196K->6938K(1203264K)] 1461048K->216935K(1667008K), 0.0198660 secs] [Times: user=0.05 sys=0.01, real=0.02 secs] 
2014-07-16T13:35:49.729+0000: 2792.357: [GC [PSYoungGen: 1203226K->5042K(1152192K)] 1413223K->217163K(1615936K), 0.0246960 secs] [Times: user=0.09 sys=0.00, real=0.02 secs] 
2014-07-16T13:35:52.212+0000: 2794.840: [GC [PSYoungGen: 1152178K->6778K(1107136K)] 1364299K->219011K(1570880K), 0.0116900 secs] [Times: user=0.02 sys=0.01, real=0.01 secs] 
2014-07-16T13:35:54.582+0000: 2797.211: [GC [PSYoungGen: 1107130K->3432K(1059264K)] 1319363K->219491K(1523008K), 0.0171600 secs] [Times: user=0.06 sys=0.00, real=0.01 secs] 
2014-07-16T13:35:56.896+0000: 2799.525: [GC [PSYoungGen: 1059240K->6984K(1020480K)] 1275299K->223155K(1484224K), 0.0324020 secs] [Times: user=0.11 sys=0.00, real=0.03 secs] 
2014-07-16T13:35:59.096+0000: 2801.725: [GC [PSYoungGen: 1020424K->4786K(977920K)] 1236595K->223190K(1441664K), 0.0157640 secs] [Times: user=0.05 sys=0.00, real=0.02 secs] 
2014-07-16T13:36:01.248+0000: 2803.876: [GC [PSYoungGen: 977906K->6778K(941504K)] 1196310K->225262K(1405248K), 0.0224450 secs] [Times: user=0.08 sys=0.00, real=0.02 secs] 
2014-07-16T13:36:03.203+0000: 2805.831: [GC [PSYoungGen: 941498K->3568K(901696K)] 1159982K->225445K(1365440K), 0.0102700 secs] [Times: user=0.02 sys=0.00, real=0.01 secs] 
2014-07-16T13:36:05.141+0000: 2807.769: [GC [PSYoungGen: 901680K->6696K(870016K)] 1123557K->228709K(1333760K), 0.0178500 secs] [Times: user=0.05 sys=0.00, real=0.01 secs] 
2014-07-16T13:36:07.045+0000: 2809.673: [GC [PSYoungGen: 869992K->4722K(834816K)] 1092005K->228959K(1298560K), 0.0213290 secs] [Times: user=0.08 sys=0.00, real=0.02 secs] 
2014-07-16T13:36:08.844+0000: 2811.472: [GC [PSYoungGen: 834802K->6792K(805312K)] 1059039K->231178K(1269056K), 0.0133710 secs] [Times: user=0.04 sys=0.00, real=0.01 secs] 
2014-07-16T13:36:10.566+0000: 2813.194: [GC [PSYoungGen: 805256K->3322K(771648K)] 1029642K->231328K(1235392K), 0.0138630 secs] [Times: user=0.05 sys=0.00, real=0.01 secs] 
2014-07-16T13:36:12.231+0000: 2814.859: [GC [PSYoungGen: 771642K->6902K(746496K)] 999648K->234940K(1210240K), 0.0164100 secs] [Times: user=0.05 sys=0.00, real=0.02 secs] 
2014-07-16T13:36:13.819+0000: 2816.447: [GC [PSYoungGen: 746486K->4530K(716736K)] 974524K->235158K(1180480K), 0.0134110 secs] [Times: user=0.05 sys=0.00, real=0.01 secs] 
2014-07-16T13:36:15.357+0000: 2817.985: [GC [PSYoungGen: 716722K->6888K(849472K)] 947350K->237676K(1313216K), 0.0219480 secs] [Times: user=0.08 sys=0.00, real=0.02 secs] 
2014-07-16T13:36:17.205+0000: 2819.833: [GC [PSYoungGen: 849448K->3304K(813696K)] 1080236K->237724K(1277440K), 0.0056100 secs] [Times: user=0.01 sys=0.00, real=0.00 secs] 
2014-07-16T13:36:18.947+0000: 2821.575: [GC [PSYoungGen: 813672K->6728K(786496K)] 1048092K->241245K(1250240K), 0.0182970 secs] [Times: user=0.06 sys=0.00, real=0.02 secs] 
2014-07-16T13:36:20.657+0000: 2823.285: [GC [PSYoungGen: 786440K->4522K(755008K)] 1020957K->241421K(1218752K), 0.0112980 secs] [Times: user=0.04 sys=0.00, real=0.01 secs] 
2014-07-16T13:36:22.351+0000: 2824.980: [GC [PSYoungGen: 754982K->6742K(893952K)] 991880K->243713K(1357696K), 0.0227140 secs] [Times: user=0.08 sys=0.00, real=0.03 secs] 
2014-07-16T13:36:24.267+0000: 2826.896: [GC [PSYoungGen: 893910K->3300K(1053760K)] 1130881K->244170K(1517504K), 0.0276870 secs] [Times: user=0.10 sys=0.01, real=0.03 secs] 
2014-07-16T13:36:26.642+0000: 2829.270: [GC [PSYoungGen: 1053732K->7148K(1252480K)] 1294602K->248130K(1716224K), 0.0365660 secs] [Times: user=0.13 sys=0.01, real=0.04 secs] 
2014-07-16T13:36:29.357+0000: 2831.985: [GC [PSYoungGen: 1252460K->4274K(1479360K)] 1493442K->248153K(1943104K), 0.0229270 secs] [Times: user=0.09 sys=0.01, real=0.02 secs] 
2014-07-16T13:36:32.705+0000: 2835.333: [GC [PSYoungGen: 1479346K->7002K(1752128K)] 1723225K->250969K(2215872K), 0.0237460 secs] [Times: user=0.08 sys=0.00, real=0.03 secs] 
2014-07-16T13:36:36.476+0000: 2839.104: [GC [PSYoungGen: 1752090K->3578K(1896512K)] 1996057K->251232K(2360256K), 0.0270380 secs] [Times: user=0.10 sys=0.01, real=0.03 secs] 
2014-07-16T13:36:40.626+0000: 2843.254: [GC [PSYoungGen: 1896506K->6966K(1816640K)] 2144160K->254748K(2280384K), 0.0186830 secs] [Times: user=0.05 sys=0.01, real=0.02 secs] 
2014-07-16T13:36:44.582+0000: 2847.210: [GC [PSYoungGen: 1816630K->566K(1731072K)] 2064412K->255124K(2194816K), 0.0232370 secs] [Times: user=0.08 sys=0.00, real=0.02 secs] 
2014-07-16T13:36:48.323+0000: 2850.951: [GC [PSYoungGen: 1731062K->7206K(1662464K)] 1985620K->261813K(2126208K), 0.0108550 secs] [Times: user=0.02 sys=0.00, real=0.01 secs] 
2014-07-16T13:36:51.901+0000: 2854.530: [GC [PSYoungGen: 1662438K->6934K(1590656K)] 1917045K->262367K(2054400K), 0.0155740 secs] [Times: user=0.04 sys=0.00, real=0.01 secs] 
2014-07-16T13:36:55.387+0000: 2858.016: [GC [PSYoungGen: 1590614K->7088K(1522752K)] 1846047K->262665K(1986496K), 0.0301910 secs] [Times: user=0.10 sys=0.00, real=0.03 secs] 
2014-07-16T13:36:58.662+0000: 2861.291: [GC [PSYoungGen: 1522736K->954K(1451904K)] 1778313K->262735K(1915648K), 0.0192850 secs] [Times: user=0.07 sys=0.01, real=0.02 secs] 
2014-07-16T13:37:01.794+0000: 2864.422: [GC [PSYoungGen: 1451898K->7320K(1396736K)] 1713679K->269166K(1860480K), 0.0161530 secs] [Times: user=0.05 sys=0.00, real=0.02 secs] 
2014-07-16T13:37:04.835+0000: 2867.463: [GC [PSYoungGen: 1396696K->6710K(1337536K)] 1658542K->269310K(1801280K), 0.0063500 secs] [Times: user=0.02 sys=0.00, real=0.01 secs] 
2014-07-16T13:37:07.755+0000: 2870.384: [GC [PSYoungGen: 1337526K->6710K(1281856K)] 1600126K->269582K(1745600K), 0.0168370 secs] [Times: user=0.05 sys=0.00, real=0.02 secs] 
2014-07-16T13:37:10.509+0000: 2873.137: [GC [PSYoungGen: 1281846K->1852K(1224000K)] 1544718K->269841K(1687744K), 0.0155920 secs] [Times: user=0.03 sys=0.00, real=0.02 secs] 
2014-07-16T13:37:13.187+0000: 2875.815: [GC [PSYoungGen: 1223996K->7408K(1179136K)] 1491985K->275493K(1642880K), 0.0224250 secs] [Times: user=0.08 sys=0.00, real=0.02 secs] 
2014-07-16T13:37:15.765+0000: 2878.393: [GC [PSYoungGen: 1179120K->6002K(1129792K)] 1447205K->275473K(1593536K), 0.0284200 secs] [Times: user=0.10 sys=0.00, real=0.03 secs] 
2014-07-16T13:37:18.234+0000: 2880.862: [GC [PSYoungGen: 1129778K->6646K(1084800K)] 1399249K->276285K(1548544K), 0.0065270 secs] [Times: user=0.01 sys=0.00, real=0.00 secs] 
2014-07-16T13:37:20.557+0000: 2883.185: [GC [PSYoungGen: 1084790K->2858K(1037568K)] 1354429K->276591K(1501312K), 0.0149830 secs] [Times: user=0.04 sys=0.00, real=0.01 secs] 
2014-07-16T13:37:22.851+0000: 2885.480: [GC [PSYoungGen: 1037513K->6924K(1000320K)] 1311247K->280722K(1464064K), 0.0155230 secs] [Times: user=0.05 sys=0.00, real=0.02 secs] 
2014-07-16T13:37:24.994+0000: 2887.623: [GC [PSYoungGen: 1000268K->5668K(959680K)] 1274066K->280930K(1423424K), 0.0267080 secs] [Times: user=0.09 sys=0.01, real=0.02 secs] 
2014-07-16T13:37:27.045+0000: 2889.674: [GC [PSYoungGen: 959652K->6582K(1134528K)] 1234914K->281996K(1598272K), 0.0309110 secs] [Times: user=0.12 sys=0.00, real=0.03 secs] 
2014-07-16T13:37:29.482+0000: 2892.111: [GC [PSYoungGen: 1134518K->3118K(1337728K)] 1409932K->282251K(1801472K), 0.0286260 secs] [Times: user=0.09 sys=0.00, real=0.03 secs] 
2014-07-16T13:37:32.373+0000: 2895.001: [GC [PSYoungGen: 1337708K->6920K(1587072K)] 1616842K->286142K(2050816K), 0.0352790 secs] [Times: user=0.12 sys=0.00, real=0.04 secs] 
2014-07-16T13:37:35.835+0000: 2898.464: [GC [PSYoungGen: 1587016K->5284K(1858368K)] 1866238K->286398K(2322112K), 0.0317280 secs] [Times: user=0.11 sys=0.00, real=0.03 secs] 
2014-07-16T13:37:39.841+0000: 2902.470: [GC [PSYoungGen: 1858340K->7116K(1860672K)] 2139454K->288470K(2324416K), 0.0260620 secs] [Times: user=0.09 sys=0.00, real=0.03 secs] 
2014-07-16T13:37:43.866+0000: 2906.495: [GC [PSYoungGen: 1860172K->6724K(1778560K)] 2141526K->288238K(2242304K), 0.0280060 secs] [Times: user=0.10 sys=0.00, real=0.02 secs] 
2014-07-16T13:37:47.699+0000: 2910.327: [GC [PSYoungGen: 1778500K->6710K(1701248K)] 2060014K->288488K(2164992K), 0.0292940 secs] [Times: user=0.09 sys=0.01, real=0.09 secs] 
2014-07-16T13:37:51.417+0000: 2914.046: [GC [PSYoungGen: 1701238K->1784K(1622848K)] 1983016K->288755K(2086592K), 0.0282260 secs] [Times: user=0.10 sys=0.00, real=0.03 secs] 
2014-07-16T13:37:55.005+0000: 2917.633: [GC [PSYoungGen: 1622840K->7184K(1558400K)] 1909811K->294203K(2022144K), 0.0074330 secs] [Times: user=0.02 sys=0.00, real=0.01 secs] 
2014-07-16T13:37:58.394+0000: 2921.022: [GC [PSYoungGen: 1558352K->6126K(1490880K)] 1845371K->294398K(1954624K), 0.0216340 secs] [Times: user=0.08 sys=0.01, real=0.02 secs] 
2014-07-16T13:38:01.645+0000: 2924.273: [GC [PSYoungGen: 1490845K->6660K(1428288K)] 1779116K->295084K(1892032K), 0.0101610 secs] [Times: user=0.03 sys=0.00, real=0.01 secs] 
2014-07-16T13:38:04.744+0000: 2927.372: [GC [PSYoungGen: 1428228K->2554K(1364032K)] 1716652K->295574K(1827776K), 0.0175750 secs] [Times: user=0.07 sys=0.00, real=0.02 secs] 
2014-07-16T13:38:07.701+0000: 2930.329: [GC [PSYoungGen: 1364026K->7102K(1311424K)] 1657046K->300306K(1775168K), 0.0200730 secs] [Times: user=0.07 sys=0.00, real=0.02 secs] 
2014-07-16T13:38:10.511+0000: 2933.139: [GC [PSYoungGen: 1311422K->5758K(1255680K)] 1604626K->300264K(1719424K), 0.0136920 secs] [Times: user=0.05 sys=0.00, real=0.01 secs] 
2014-07-16T13:38:13.269+0000: 2935.897: [GC [PSYoungGen: 1255678K->7358K(1205504K)] 1550184K->301984K(1669248K), 0.0068810 secs] [Times: user=0.02 sys=0.00, real=0.01 secs] 
2014-07-16T13:38:15.875+0000: 2938.503: [GC [PSYoungGen: 1205425K->2016K(1150976K)] 1500051K->301975K(1614720K), 0.0201830 secs] [Times: user=0.08 sys=0.00, real=0.02 secs] 
2014-07-16T13:38:18.390+0000: 2941.018: [GC [PSYoungGen: 1150944K->7188K(1109312K)] 1450903K->307259K(1573056K), 0.0189110 secs] [Times: user=0.06 sys=0.00, real=0.02 secs] 
2014-07-16T13:38:20.741+0000: 2943.369: [GC [PSYoungGen: 1109268K->6130K(1063616K)] 1409339K->307234K(1527360K), 0.0236130 secs] [Times: user=0.09 sys=0.00, real=0.03 secs] 
2014-07-16T13:38:23.058+0000: 2945.686: [GC [PSYoungGen: 1063602K->6838K(1021888K)] 1364706K->308038K(1485632K), 0.0125440 secs] [Times: user=0.04 sys=0.00, real=0.01 secs] 
2014-07-16T13:38:25.266+0000: 2947.894: [GC [PSYoungGen: 1021878K->2426K(977024K)] 1323078K->308242K(1440768K), 0.0341960 secs] [Times: user=0.12 sys=0.00, real=0.03 secs] 
2014-07-16T13:38:27.387+0000: 2950.016: [GC [PSYoungGen: 977016K->7124K(1160512K)] 1282832K->313060K(1624256K), 0.0308240 secs] [Times: user=0.11 sys=0.00, real=0.03 secs] 
2014-07-16T13:38:29.936+0000: 2952.565: [GC [PSYoungGen: 1160468K->5676K(1111936K)] 1466404K->313124K(1575680K), 0.0093250 secs] [Times: user=0.02 sys=0.00, real=0.01 secs] 
2014-07-16T13:38:32.326+0000: 2954.954: [GC [PSYoungGen: 1111916K->6892K(1068352K)] 1419364K->314525K(1532096K), 0.0149150 secs] [Times: user=0.06 sys=0.00, real=0.01 secs] 
2014-07-16T13:38:34.643+0000: 2957.271: [GC [PSYoungGen: 1068332K->2554K(1021376K)] 1375965K->314812K(1485120K), 0.0263060 secs] [Times: user=0.09 sys=0.00, real=0.03 secs] 
2014-07-16T13:38:36.853+0000: 2959.482: [GC [PSYoungGen: 1021370K->7166K(985408K)] 1333628K->319544K(1449152K), 0.0136510 secs] [Times: user=0.03 sys=0.01, real=0.02 secs] 
2014-07-16T13:38:39.029+0000: 2961.657: [GC [PSYoungGen: 985406K->5410K(945024K)] 1297784K->319493K(1408768K), 0.0184980 secs] [Times: user=0.06 sys=0.00, real=0.02 secs] 
2014-07-16T13:38:41.031+0000: 2963.659: [GC [PSYoungGen: 944994K->6870K(909696K)] 1259077K->321073K(1373440K), 0.0188610 secs] [Times: user=0.06 sys=0.00, real=0.02 secs] 
2014-07-16T13:38:42.974+0000: 2965.602: [GC [PSYoungGen: 909654K->2676K(1070144K)] 1223857K->321147K(1533888K), 0.0252500 secs] [Times: user=0.09 sys=0.00, real=0.03 secs] 
2014-07-16T13:38:45.300+0000: 2967.928: [GC [PSYoungGen: 1070132K->7174K(1269568K)] 1388603K->325824K(1733312K), 0.0237150 secs] [Times: user=0.08 sys=0.00, real=0.02 secs] 
2014-07-16T13:38:48.049+0000: 2970.677: [GC [PSYoungGen: 1269510K->5106K(1215104K)] 1588160K->325952K(1678848K), 0.0184900 secs] [Times: user=0.06 sys=0.00, real=0.02 secs] 
2014-07-16T13:38:50.759+0000: 2973.387: [GC [PSYoungGen: 1215090K->6902K(1437248K)] 1535936K->327860K(1900992K), 0.0298450 secs] [Times: user=0.11 sys=0.00, real=0.03 secs] 
2014-07-16T13:38:53.890+0000: 2976.518: [GC [PSYoungGen: 1437202K->3132K(1372928K)] 1758160K->328198K(1836672K), 0.0158150 secs] [Times: user=0.05 sys=0.00, real=0.01 secs] 
2014-07-16T13:38:56.841+0000: 2979.469: [GC [PSYoungGen: 1372924K->6892K(1319104K)] 1697990K->332184K(1782848K), 0.0259450 secs] [Times: user=0.09 sys=0.00, real=0.02 secs] 
2014-07-16T13:38:59.752+0000: 2982.380: [GC [PSYoungGen: 1319084K->5106K(1262528K)] 1644376K->332410K(1726272K), 0.0255400 secs] [Times: user=0.08 sys=0.00, real=0.02 secs] 
2014-07-16T13:39:02.491+0000: 2985.119: [GC [PSYoungGen: 1262478K->7016K(1212352K)] 1589782K->334432K(1676096K), 0.0261570 secs] [Times: user=0.08 sys=0.01, real=0.02 secs] 
2014-07-16T13:39:05.190+0000: 2987.819: [GC [PSYoungGen: 1212328K->2868K(1427712K)] 1539744K->334830K(1891456K), 0.0310920 secs] [Times: user=0.12 sys=0.00, real=0.03 secs] 
2014-07-16T13:39:08.243+0000: 2990.871: [GC [PSYoungGen: 1427700K->6938K(1691328K)] 1759662K->339060K(2155072K), 0.0289940 secs] [Times: user=0.11 sys=0.00, real=0.03 secs] 
2014-07-16T13:39:11.921+0000: 2994.550: [GC [PSYoungGen: 1691290K->5290K(1616704K)] 2023412K->339262K(2080448K), 0.0209510 secs] [Times: user=0.08 sys=0.00, real=0.02 secs] 
2014-07-16T13:39:15.416+0000: 2998.044: [GC [PSYoungGen: 1616682K->6742K(1548800K)] 1950654K->340890K(2012544K), 0.0230980 secs] [Times: user=0.08 sys=0.01, real=0.02 secs] 
2014-07-16T13:39:18.748+0000: 3001.377: [GC [PSYoungGen: 1548758K->3054K(1479104K)] 1882906K->341244K(1942848K), 0.0259510 secs] [Times: user=0.09 sys=0.00, real=0.03 secs] 
2014-07-16T13:39:21.972+0000: 3004.600: [GC [PSYoungGen: 1479086K->7134K(1420416K)] 1817276K->345420K(1884160K), 0.0204740 secs] [Times: user=0.06 sys=0.00, real=0.02 secs] 
2014-07-16T13:39:25.040+0000: 3007.668: [GC [PSYoungGen: 1420363K->4772K(1358336K)] 1758650K->345698K(1822080K), 0.0299790 secs] [Times: user=0.11 sys=0.00, real=0.03 secs] 
2014-07-16T13:39:27.957+0000: 3010.585: [GC [PSYoungGen: 1358308K->6838K(1303616K)] 1699234K->347964K(1767360K), 0.0240150 secs] [Times: user=0.08 sys=0.00, real=0.02 secs] 
2014-07-16T13:39:30.792+0000: 3013.421: [GC [PSYoungGen: 1303606K->3626K(1246400K)] 1644732K->348018K(1710144K), 0.0199350 secs] [Times: user=0.06 sys=0.00, real=0.02 secs] 
2014-07-16T13:39:33.487+0000: 3016.115: [GC [PSYoungGen: 1246378K->7152K(1198528K)] 1590770K->351656K(1662272K), 0.0259080 secs] [Times: user=0.09 sys=0.00, real=0.02 secs] 
2014-07-16T13:39:36.054+0000: 3018.682: [GC [PSYoungGen: 1198512K->4320K(1146816K)] 1543016K->351923K(1610560K), 0.0170700 secs] [Times: user=0.06 sys=0.00, real=0.01 secs] 
2014-07-16T13:39:38.506+0000: 3021.134: [GC [PSYoungGen: 1146725K->6714K(1357952K)] 1494328K->354421K(1821696K), 0.0387370 secs] [Times: user=0.13 sys=0.00, real=0.04 secs] 
2014-07-16T13:39:41.439+0000: 3024.068: [GC [PSYoungGen: 1357946K->4210K(1602368K)] 1705653K->354578K(2066112K), 0.0285200 secs] [Times: user=0.09 sys=0.00, real=0.03 secs] 
2014-07-16T13:39:44.914+0000: 3027.542: [GC [PSYoungGen: 1602319K->6906K(1895744K)] 1952687K->357378K(2359488K), 0.0273620 secs] [Times: user=0.09 sys=0.00, real=0.03 secs] 
2014-07-16T13:39:49.002+0000: 3031.631: [GC [PSYoungGen: 1895738K->4138K(1809920K)] 2246210K->357767K(2273664K), 0.0230320 secs] [Times: user=0.09 sys=0.01, real=0.03 secs] 
2014-07-16T13:39:52.935+0000: 3035.563: [GC [PSYoungGen: 1809898K->7052K(1733888K)] 2163527K->360801K(2197632K), 0.0226190 secs] [Times: user=0.08 sys=0.01, real=0.03 secs] 
2014-07-16T13:39:56.679+0000: 3039.308: [GC [PSYoungGen: 1733836K->4010K(1655744K)] 2087585K->360982K(2119488K), 0.0254420 secs] [Times: user=0.10 sys=0.00, real=0.02 secs] 
2014-07-16T13:40:00.265+0000: 3042.893: [GC [PSYoungGen: 1655722K->6710K(1587072K)] 2012694K->363818K(2050816K), 0.0265060 secs] [Times: user=0.08 sys=0.01, real=0.03 secs] 
2014-07-16T13:40:03.731+0000: 3046.359: [GC [PSYoungGen: 1587062K->4530K(1516992K)] 1944170K->364442K(1980736K), 0.0217420 secs] [Times: user=0.08 sys=0.00, real=0.02 secs] 
2014-07-16T13:40:07.030+0000: 3049.659: [GC [PSYoungGen: 1516978K->7152K(1455040K)] 1876890K->367280K(1918784K), 0.0242460 secs] [Times: user=0.08 sys=0.00, real=0.02 secs] 
2014-07-16T13:40:10.217+0000: 3052.846: [GC [PSYoungGen: 1455024K->3696K(1390208K)] 1815152K->367192K(1853952K), 0.0227070 secs] [Times: user=0.09 sys=0.00, real=0.03 secs] 
2014-07-16T13:40:13.221+0000: 3055.850: [GC [PSYoungGen: 1390192K->6984K(1646272K)] 1753688K->370585K(2110016K), 0.0503250 secs] [Times: user=0.18 sys=0.00, real=0.05 secs] 
2014-07-16T13:40:16.819+0000: 3059.447: [GC [PSYoungGen: 1646216K->4530K(1572992K)] 2009817K->370807K(2036736K), 0.0132350 secs] [Times: user=0.04 sys=0.00, real=0.02 secs] 
2014-07-16T13:40:20.245+0000: 3062.873: [GC [PSYoungGen: 1572978K->7180K(1508416K)] 1939255K->373617K(1972160K), 0.0157330 secs] [Times: user=0.05 sys=0.00, real=0.02 secs] 
2014-07-16T13:40:23.458+0000: 3066.086: [GC [PSYoungGen: 1508364K->3382K(1440576K)] 1874801K->373666K(1904320K), 0.0199650 secs] [Times: user=0.07 sys=0.00, real=0.02 secs] 
2014-07-16T13:40:26.582+0000: 3069.211: [GC [PSYoungGen: 1440566K->6998K(1383360K)] 1810850K->377451K(1847104K), 0.0197530 secs] [Times: user=0.07 sys=0.01, real=0.02 secs] 
2014-07-16T13:40:29.569+0000: 3072.198: [GC [PSYoungGen: 1383318K->4722K(1323136K)] 1753771K->377472K(1786880K), 0.0276710 secs] [Times: user=0.10 sys=0.00, real=0.03 secs] 
2014-07-16T13:40:32.421+0000: 3075.050: [GC [PSYoungGen: 1323122K->7094K(1270400K)] 1695872K->379924K(1734144K), 0.0136130 secs] [Times: user=0.04 sys=0.00, real=0.02 secs] 
2014-07-16T13:40:35.255+0000: 3077.883: [GC [PSYoungGen: 1270390K->3178K(1214080K)] 1643220K->380129K(1677824K), 0.0300260 secs] [Times: user=0.11 sys=0.00, real=0.03 secs] 
2014-07-16T13:40:37.825+0000: 3080.453: [GC [PSYoungGen: 1214058K->7230K(1168256K)] 1591009K->384317K(1632000K), 0.0120150 secs] [Times: user=0.03 sys=0.00, real=0.01 secs] 
2014-07-16T13:40:40.362+0000: 3082.991: [GC [PSYoungGen: 1168254K->4604K(1118208K)] 1545341K->384247K(1581952K), 0.0103800 secs] [Times: user=0.03 sys=0.00, real=0.02 secs] 
2014-07-16T13:40:42.749+0000: 3085.377: [GC [PSYoungGen: 1118204K->6820K(1075264K)] 1497847K->386583K(1539008K), 0.0200440 secs] [Times: user=0.07 sys=0.00, real=0.02 secs] 
2014-07-16T13:40:45.050+0000: 3087.678: [GC [PSYoungGen: 1075236K->3574K(1028992K)] 1454999K->386927K(1492736K), 0.0284050 secs] [Times: user=0.11 sys=0.00, real=0.03 secs] 
2014-07-16T13:40:47.297+0000: 3089.925: [GC [PSYoungGen: 1028981K->6888K(991424K)] 1412334K->390362K(1455168K), 0.0217340 secs] [Times: user=0.08 sys=0.00, real=0.02 secs] 
2014-07-16T13:40:49.410+0000: 3092.039: [GC [PSYoungGen: 991400K->4530K(1168128K)] 1374874K->390623K(1631872K), 0.0248490 secs] [Times: user=0.09 sys=0.00, real=0.03 secs] 
2014-07-16T13:40:51.942+0000: 3094.570: [GC [PSYoungGen: 1168114K->6774K(1122816K)] 1554207K->392955K(1586560K), 0.0156020 secs] [Times: user=0.05 sys=0.01, real=0.02 secs] 
2014-07-16T13:40:54.385+0000: 3097.013: [GC [PSYoungGen: 1122806K->3706K(1322880K)] 1508987K->393469K(1786624K), 0.0292510 secs] [Times: user=0.10 sys=0.00, real=0.02 secs] 
2014-07-16T13:40:57.296+0000: 3099.924: [GC [PSYoungGen: 1322874K->6724K(1567552K)] 1712637K->396647K(2031296K), 0.0355380 secs] [Times: user=0.12 sys=0.00, real=0.04 secs] 
2014-07-16T13:41:00.665+0000: 3103.294: [GC [PSYoungGen: 1567492K->4650K(1498496K)] 1957415K->396852K(1962240K), 0.0152820 secs] [Times: user=0.06 sys=0.00, real=0.02 secs] 
2014-07-16T13:41:03.883+0000: 3106.511: [GC [PSYoungGen: 1498474K->6902K(1437120K)] 1890676K->399241K(1900864K), 0.0286990 secs] [Times: user=0.10 sys=0.01, real=0.03 secs] 
2014-07-16T13:41:07.002+0000: 3109.630: [GC [PSYoungGen: 1437110K->3578K(1373248K)] 1829449K->399559K(1836992K), 0.0317050 secs] [Times: user=0.12 sys=0.00, real=0.03 secs] 
2014-07-16T13:41:09.969+0000: 3112.597: [GC [PSYoungGen: 1373242K->7116K(1319232K)] 1769223K->403242K(1782976K), 0.0271150 secs] [Times: user=0.10 sys=0.00, real=0.02 secs] 
2014-07-16T13:41:12.801+0000: 3115.429: [GC [PSYoungGen: 1319180K->4402K(1261696K)] 1715306K->403268K(1725440K), 0.0238520 secs] [Times: user=0.09 sys=0.01, real=0.02 secs] 
2014-07-16T13:41:15.587+0000: 3118.216: [GC [PSYoungGen: 1261682K->7162K(1212352K)] 1660548K->406197K(1676096K), 0.0186870 secs] [Times: user=0.07 sys=0.00, real=0.02 secs] 
2014-07-16T13:41:18.232+0000: 3120.861: [GC [PSYoungGen: 1212346K->3428K(1427712K)] 1611381K->406174K(1891456K), 0.0315500 secs] [Times: user=0.12 sys=0.00, real=0.03 secs] 
2014-07-16T13:41:21.443+0000: 3124.071: [GC [PSYoungGen: 1427684K->6824K(1370880K)] 1830430K->409667K(1834624K), 0.0075220 secs] [Times: user=0.02 sys=0.00, real=0.01 secs] 
2014-07-16T13:41:24.368+0000: 3126.996: [GC [PSYoungGen: 1370856K->4708K(1619072K)] 1773699K->410037K(2082816K), 0.0550850 secs] [Times: user=0.20 sys=0.01, real=0.06 secs] 
2014-07-16T13:41:27.892+0000: 3130.521: [GC [PSYoungGen: 1619015K->7070K(1915904K)] 2024344K->412623K(2379648K), 0.0267750 secs] [Times: user=0.10 sys=0.01, real=0.02 secs] 
2014-07-16T13:41:32.110+0000: 3134.738: [GC [PSYoungGen: 1915870K->3192K(1827968K)] 2321423K->412630K(2291712K), 0.0061080 secs] [Times: user=0.02 sys=0.00, real=0.01 secs] 
2014-07-16T13:41:36.118+0000: 3138.746: [GC [PSYoungGen: 1827960K->7166K(1752064K)] 2237398K->416724K(2215808K), 0.0232560 secs] [Times: user=0.08 sys=0.00, real=0.02 secs] 
2014-07-16T13:41:39.879+0000: 3142.507: [GC [PSYoungGen: 1752062K->4530K(1673472K)] 2161620K->416740K(2137216K), 0.0318940 secs] [Times: user=0.12 sys=0.00, real=0.03 secs] 
2014-07-16T13:41:43.493+0000: 3146.122: [GC [PSYoungGen: 1673458K->6998K(1603776K)] 2085668K->419336K(2067520K), 0.0214130 secs] [Times: user=0.07 sys=0.00, real=0.02 secs] 
2014-07-16T13:41:46.975+0000: 3149.604: [GC [PSYoungGen: 1603734K->3314K(1531392K)] 2016072K->419664K(1995136K), 0.0210280 secs] [Times: user=0.08 sys=0.01, real=0.02 secs] 
2014-07-16T13:41:50.344+0000: 3152.972: [GC [PSYoungGen: 1531378K->7230K(1469952K)] 1947728K->423700K(1933696K), 0.0487680 secs] [Times: user=0.17 sys=0.01, real=0.05 secs] 
2014-07-16T13:41:53.485+0000: 3156.113: [GC [PSYoungGen: 1469950K->4466K(1405056K)] 1886420K->423841K(1868800K), 0.0203840 secs] [Times: user=0.07 sys=0.00, real=0.02 secs] 
2014-07-16T13:41:56.548+0000: 3159.176: [GC [PSYoungGen: 1405042K->7258K(1348800K)] 1824417K->426841K(1812544K), 0.0280930 secs] [Times: user=0.10 sys=0.00, real=0.03 secs] 
2014-07-16T13:41:59.472+0000: 3162.100: [GC [PSYoungGen: 1348762K->3378K(1288704K)] 1768345K->426644K(1752448K), 0.0264110 secs] [Times: user=0.09 sys=0.00, real=0.03 secs] 
2014-07-16T13:42:02.361+0000: 3164.989: [GC [PSYoungGen: 1288690K->7048K(1238912K)] 1711956K->430410K(1702656K), 0.0207370 secs] [Times: user=0.06 sys=0.01, real=0.02 secs] 
2014-07-16T13:42:05.030+0000: 3167.659: [GC [PSYoungGen: 1238856K->4658K(1460352K)] 1662218K->430629K(1924096K), 0.0328140 secs] [Times: user=0.13 sys=0.00, real=0.03 secs] 
2014-07-16T13:42:08.156+0000: 3170.785: [GC [PSYoungGen: 1460338K->7002K(1400960K)] 1886309K->433109K(1864704K), 0.0175530 secs] [Times: user=0.07 sys=0.00, real=0.02 secs] 
2014-07-16T13:42:11.186+0000: 3173.814: [GC [PSYoungGen: 1400922K->3454K(1651136K)] 1827029K->433058K(2114880K), 0.0385770 secs] [Times: user=0.15 sys=0.00, real=0.04 secs] 
2014-07-16T13:42:14.796+0000: 3177.425: [GC [PSYoungGen: 1651134K->6838K(1583360K)] 2080738K->436514K(2047104K), 0.0064260 secs] [Times: user=0.01 sys=0.01, real=0.01 secs] 
2014-07-16T13:42:18.211+0000: 3180.840: [GC [PSYoungGen: 1583350K->4842K(1513664K)] 2013026K->436778K(1977408K), 0.0130990 secs] [Times: user=0.05 sys=0.00, real=0.01 secs] 
2014-07-16T13:42:21.520+0000: 3184.148: [GC [PSYoungGen: 1513642K->6814K(1451264K)] 1945578K->438862K(1915008K), 0.0248790 secs] [Times: user=0.08 sys=0.01, real=0.02 secs] 
2014-07-16T13:42:24.638+0000: 3187.266: [GC [PSYoungGen: 1451230K->3310K(1386496K)] 1883278K->439232K(1850240K), 0.0376770 secs] [Times: user=0.14 sys=0.01, real=0.04 secs] 
2014-07-16T13:42:27.658+0000: 3190.287: [GC [PSYoungGen: 1386478K->7112K(1332096K)] 1822400K->443298K(1795840K), 0.0291190 secs] [Times: user=0.09 sys=0.00, real=0.03 secs] 
2014-07-16T13:42:30.558+0000: 3193.186: [GC [PSYoungGen: 1332040K->4512K(1274048K)] 1768226K->443455K(1737792K), 0.0160880 secs] [Times: user=0.05 sys=0.01, real=0.02 secs] 
2014-07-16T13:42:33.392+0000: 3196.020: [GC [PSYoungGen: 1274016K->6948K(1223744K)] 1712959K->446027K(1687488K), 0.0275470 secs] [Times: user=0.10 sys=0.01, real=0.02 secs] 
2014-07-16T13:42:36.050+0000: 3198.679: [GC [PSYoungGen: 1223672K->3514K(1170112K)] 1662751K->446356K(1633856K), 0.0110200 secs] [Times: user=0.02 sys=0.00, real=0.02 secs] 
2014-07-16T13:42:38.615+0000: 3201.243: [GC [PSYoungGen: 1170074K->7038K(1125888K)] 1612916K->450066K(1589632K), 0.0287310 secs] [Times: user=0.08 sys=0.01, real=0.03 secs] 
2014-07-16T13:42:41.044+0000: 3203.673: [GC [PSYoungGen: 1125886K->4594K(1078016K)] 1568914K->450061K(1541760K), 0.0252400 secs] [Times: user=0.09 sys=0.00, real=0.02 secs] 
2014-07-16T13:42:43.462+0000: 3206.090: [GC [PSYoungGen: 1078002K->7240K(1037504K)] 1523469K->452811K(1501248K), 0.0212100 secs] [Times: user=0.08 sys=0.00, real=0.03 secs] 
2014-07-16T13:42:45.706+0000: 3208.335: [GC [PSYoungGen: 1037448K->3114K(992192K)] 1483019K->452834K(1455936K), 0.0200670 secs] [Times: user=0.07 sys=0.00, real=0.02 secs] 
2014-07-16T13:42:47.876+0000: 3210.505: [GC [PSYoungGen: 992170K->6920K(1176064K)] 1441890K->456752K(1639808K), 0.0243920 secs] [Times: user=0.08 sys=0.00, real=0.02 secs] 
2014-07-16T13:42:50.388+0000: 3213.017: [GC [PSYoungGen: 1176008K->5052K(1126336K)] 1625840K->456778K(1590080K), 0.0155940 secs] [Times: user=0.04 sys=0.00, real=0.02 secs] 
2014-07-16T13:42:52.799+0000: 3215.428: [GC [PSYoungGen: 1126332K->6948K(1082752K)] 1578058K->458778K(1546496K), 0.0177330 secs] [Times: user=0.06 sys=0.00, real=0.02 secs] 
2014-07-16T13:42:55.145+0000: 3217.774: [GC [PSYoungGen: 1082724K->2996K(1035456K)] 1534554K->458850K(1499200K), 0.0188980 secs] [Times: user=0.07 sys=0.00, real=0.02 secs] 
2014-07-16T13:42:57.409+0000: 3220.037: [GC [PSYoungGen: 1035444K->6974K(998144K)] 1491298K->462940K(1461888K), 0.0228440 secs] [Times: user=0.05 sys=0.00, real=0.02 secs] 
2014-07-16T13:42:59.579+0000: 3222.208: [GC [PSYoungGen: 998142K->5034K(956928K)] 1454108K->463112K(1420672K), 0.0204680 secs] [Times: user=0.07 sys=0.00, real=0.02 secs] 
2014-07-16T13:42:59.600+0000: 3222.229: [Full GC [PSYoungGen: 5034K->0K(956928K)] [ParOldGen: 458077K->219854K(481344K)] 463112K->219854K(1438272K) [PSPermGen: 11246K->11246K(21888K)], 0.3287350 secs] [Times: user=1.23 sys=0.00, real=0.33 secs] 
2014-07-16T13:43:01.847+0000: 3224.476: [GC [PSYoungGen: 951872K->7420K(1133760K)] 1171726K->227275K(1615104K), 0.0276400 secs] [Times: user=0.10 sys=0.00, real=0.03 secs] 
2014-07-16T13:43:04.303+0000: 3226.932: [GC [PSYoungGen: 1133756K->2400K(1335360K)] 1353611K->227589K(1816704K), 0.0244490 secs] [Times: user=0.09 sys=0.00, real=0.03 secs] 
2014-07-16T13:43:07.288+0000: 3229.917: [GC [PSYoungGen: 1335279K->7334K(1284416K)] 1560468K->232684K(1765760K), 0.0206360 secs] [Times: user=0.08 sys=0.00, real=0.02 secs] 
2014-07-16T13:43:10.000+0000: 3232.628: [GC [PSYoungGen: 1284390K->5746K(1229632K)] 1509740K->232481K(1710976K), 0.0220280 secs] [Times: user=0.08 sys=0.00, real=0.02 secs] 
2014-07-16T13:43:12.657+0000: 3235.286: [GC [PSYoungGen: 1229618K->6824K(1180160K)] 1456353K->233647K(1661504K), 0.0278130 secs] [Times: user=0.10 sys=0.00, real=0.02 secs] 
2014-07-16T13:43:15.224+0000: 3237.852: [GC [PSYoungGen: 1180136K->2808K(1128000K)] 1406959K->233966K(1609344K), 0.0231970 secs] [Times: user=0.08 sys=0.00, real=0.03 secs] 
2014-07-16T13:43:17.688+0000: 3240.316: [GC [PSYoungGen: 1127915K->7284K(1086656K)] 1359073K->238571K(1568000K), 0.0205150 secs] [Times: user=0.08 sys=0.00, real=0.02 secs] 
2014-07-16T13:43:20.066+0000: 3242.695: [GC [PSYoungGen: 1086600K->5290K(1041088K)] 1317886K->238383K(1522432K), 0.0128870 secs] [Times: user=0.05 sys=0.00, real=0.02 secs] 
2014-07-16T13:43:22.337+0000: 3244.966: [GC [PSYoungGen: 1041066K->7130K(1232576K)] 1274159K->240327K(1713920K), 0.0321220 secs] [Times: user=0.11 sys=0.00, real=0.04 secs] 
2014-07-16T13:43:24.934+0000: 3247.562: [GC [PSYoungGen: 1232538K->2804K(1177536K)] 1465735K->240457K(1658880K), 0.0190070 secs] [Times: user=0.06 sys=0.00, real=0.02 secs] 
2014-07-16T13:43:27.489+0000: 3250.118: [GC [PSYoungGen: 1177524K->7038K(1133568K)] 1415177K->244819K(1614912K), 0.0216650 secs] [Times: user=0.08 sys=0.00, real=0.02 secs] 
2014-07-16T13:43:29.972+0000: 3252.601: [GC [PSYoungGen: 1133566K->5298K(1085952K)] 1371347K->244723K(1567296K), 0.0062660 secs] [Times: user=0.01 sys=0.00, real=0.00 secs] 
2014-07-16T13:43:32.306+0000: 3254.934: [GC [PSYoungGen: 1085938K->6924K(1043968K)] 1325363K->246486K(1525312K), 0.0186690 secs] [Times: user=0.06 sys=0.00, real=0.02 secs] 
2014-07-16T13:43:34.612+0000: 3257.240: [GC [PSYoungGen: 1043916K->2854K(1229696K)] 1283478K->246571K(1711040K), 0.0365240 secs] [Times: user=0.13 sys=0.00, real=0.03 secs] 
2014-07-16T13:43:37.278+0000: 3259.907: [GC [PSYoungGen: 1229670K->6860K(1182976K)] 1473387K->250730K(1664320K), 0.0153330 secs] [Times: user=0.05 sys=0.00, real=0.02 secs] 
2014-07-16T13:43:39.879+0000: 3262.508: [GC [PSYoungGen: 1182924K->5362K(1133184K)] 1426794K->251018K(1614528K), 0.0236790 secs] [Times: user=0.09 sys=0.00, real=0.03 secs] 
2014-07-16T13:43:42.327+0000: 3264.955: [GC [PSYoungGen: 1133170K->7102K(1088960K)] 1378826K->252886K(1570304K), 0.0063940 secs] [Times: user=0.01 sys=0.00, real=0.01 secs] 
2014-07-16T13:43:44.707+0000: 3267.336: [GC [PSYoungGen: 1088958K->2540K(1040704K)] 1334742K->253025K(1522048K), 0.0168740 secs] [Times: user=0.05 sys=0.00, real=0.02 secs] 
2014-07-16T13:43:46.978+0000: 3269.606: [GC [PSYoungGen: 1040684K->7124K(1003712K)] 1291169K->257738K(1485056K), 0.0292410 secs] [Times: user=0.11 sys=0.00, real=0.03 secs] 
2014-07-16T13:43:49.217+0000: 3271.846: [GC [PSYoungGen: 1003668K->5290K(962240K)] 1254282K->257843K(1443584K), 0.0129360 secs] [Times: user=0.05 sys=0.00, real=0.01 secs] 
2014-07-16T13:43:51.297+0000: 3273.925: [GC [PSYoungGen: 962218K->6838K(926080K)] 1214771K->259535K(1407424K), 0.0228470 secs] [Times: user=0.07 sys=0.00, real=0.02 secs] 
2014-07-16T13:43:53.337+0000: 3275.965: [GC [PSYoungGen: 926070K->2854K(1090048K)] 1178767K->259972K(1571392K), 0.0230300 secs] [Times: user=0.09 sys=0.00, real=0.02 secs] 
2014-07-16T13:43:55.683+0000: 3278.311: [GC [PSYoungGen: 1090022K->6924K(1050176K)] 1347140K->264178K(1531520K), 0.0177390 secs] [Times: user=0.06 sys=0.00, real=0.02 secs] 
2014-07-16T13:43:57.986+0000: 3280.615: [GC [PSYoungGen: 1050124K->5304K(1006656K)] 1307378K->264200K(1488000K), 0.0171530 secs] [Times: user=0.05 sys=0.00, real=0.02 secs] 
2014-07-16T13:44:00.184+0000: 3282.813: [GC [PSYoungGen: 1006648K->6938K(968448K)] 1265544K->265946K(1449792K), 0.0171660 secs] [Times: user=0.06 sys=0.00, real=0.01 secs] 
2014-07-16T13:44:02.263+0000: 3284.891: [GC [PSYoungGen: 968404K->2736K(926272K)] 1227412K->266131K(1407616K), 0.0189640 secs] [Times: user=0.07 sys=0.00, real=0.02 secs] 
2014-07-16T13:44:04.279+0000: 3286.907: [GC [PSYoungGen: 926256K->7020K(894400K)] 1189651K->270511K(1375744K), 0.0198340 secs] [Times: user=0.06 sys=0.00, real=0.02 secs] 
2014-07-16T13:44:06.209+0000: 3288.837: [GC [PSYoungGen: 894380K->5234K(858176K)] 1157871K->270653K(1339520K), 0.0089290 secs] [Times: user=0.02 sys=0.00, real=0.01 secs] 
2014-07-16T13:44:08.076+0000: 3290.705: [GC [PSYoungGen: 858162K->7070K(827264K)] 1123581K->272617K(1308608K), 0.0245760 secs] [Times: user=0.08 sys=0.00, real=0.02 secs] 
2014-07-16T13:44:09.792+0000: 3292.420: [GC [PSYoungGen: 827230K->2558K(973760K)] 1092777K->272681K(1455104K), 0.0234150 secs] [Times: user=0.09 sys=0.01, real=0.03 secs] 
2014-07-16T13:44:11.907+0000: 3294.535: [GC [PSYoungGen: 973758K->7070K(1156224K)] 1243881K->277266K(1637568K), 0.0165840 secs] [Times: user=0.06 sys=0.01, real=0.01 secs] 
2014-07-16T13:44:14.434+0000: 3297.062: [GC [PSYoungGen: 1156190K->5234K(1107392K)] 1426386K->277530K(1588736K), 0.0193980 secs] [Times: user=0.07 sys=0.00, real=0.02 secs] 
2014-07-16T13:44:16.869+0000: 3299.497: [GC [PSYoungGen: 1107378K->7066K(1064576K)] 1379674K->279570K(1545920K), 0.0178620 secs] [Times: user=0.06 sys=0.01, real=0.02 secs] 
2014-07-16T13:44:19.198+0000: 3301.826: [GC [PSYoungGen: 1064538K->2558K(1017472K)] 1337042K->279571K(1498816K), 0.0138130 secs] [Times: user=0.05 sys=0.00, real=0.01 secs] 
2014-07-16T13:44:21.407+0000: 3304.035: [GC [PSYoungGen: 1017470K->6910K(981312K)] 1294483K->284012K(1462656K), 0.0066720 secs] [Times: user=0.02 sys=0.00, real=0.01 secs] 
2014-07-16T13:44:23.565+0000: 3306.194: [GC [PSYoungGen: 981310K->5430K(941312K)] 1258412K->284418K(1422656K), 0.0202740 secs] [Times: user=0.07 sys=0.00, real=0.02 secs] 
2014-07-16T13:44:25.589+0000: 3308.217: [GC [PSYoungGen: 941302K->6832K(905984K)] 1220290K->286127K(1387328K), 0.0204080 secs] [Times: user=0.08 sys=0.00, real=0.02 secs] 
2014-07-16T13:44:27.522+0000: 3310.150: [GC [PSYoungGen: 905968K->2748K(866944K)] 1185263K->286270K(1348288K), 0.0238280 secs] [Times: user=0.09 sys=0.00, real=0.02 secs] 
2014-07-16T13:44:29.410+0000: 3312.038: [GC [PSYoungGen: 866940K->6924K(837888K)] 1150462K->290518K(1319232K), 0.0165360 secs] [Times: user=0.05 sys=0.01, real=0.01 secs] 
2014-07-16T13:44:31.227+0000: 3313.855: [GC [PSYoungGen: 837836K->5170K(804352K)] 1121430K->290626K(1285696K), 0.0070360 secs] [Times: user=0.02 sys=0.00, real=0.01 secs] 
2014-07-16T13:44:32.965+0000: 3315.593: [GC [PSYoungGen: 804338K->6824K(775808K)] 1089794K->292360K(1257152K), 0.0149180 secs] [Times: user=0.05 sys=0.00, real=0.02 secs] 
2014-07-16T13:44:34.650+0000: 3317.278: [GC [PSYoungGen: 775784K->2868K(743040K)] 1061320K->292669K(1224384K), 0.0217990 secs] [Times: user=0.08 sys=0.00, real=0.02 secs] 
2014-07-16T13:44:36.253+0000: 3318.882: [GC [PSYoungGen: 743028K->7024K(883456K)] 1032829K->296913K(1364800K), 0.0218320 secs] [Times: user=0.07 sys=0.00, real=0.02 secs] 
2014-07-16T13:44:38.141+0000: 3320.770: [GC [PSYoungGen: 883440K->4964K(1043200K)] 1173329K->296887K(1524544K), 0.0218800 secs] [Times: user=0.07 sys=0.00, real=0.02 secs] 
2014-07-16T13:44:40.426+0000: 3323.055: [GC [PSYoungGen: 1043172K->6628K(1237632K)] 1335095K->298631K(1718976K), 0.0323050 secs] [Times: user=0.10 sys=0.00, real=0.03 secs] 
2014-07-16T13:44:43.107+0000: 3325.735: [GC [PSYoungGen: 1237604K->3104K(1460416K)] 1529607K->299000K(1941760K), 0.0159170 secs] [Times: user=0.04 sys=0.01, real=0.02 secs] 
2014-07-16T13:44:46.303+0000: 3328.931: [GC [PSYoungGen: 1460384K->7144K(1731264K)] 1756280K->303185K(2212608K), 0.0261790 secs] [Times: user=0.09 sys=0.00, real=0.02 secs] 
2014-07-16T13:44:50.038+0000: 3332.666: [GC [PSYoungGen: 1731240K->4476K(1653568K)] 2027281K->303063K(2134912K), 0.0150310 secs] [Times: user=0.04 sys=0.00, real=0.02 secs] 
2014-07-16T13:44:53.662+0000: 3336.290: [GC [PSYoungGen: 1653564K->7194K(1584960K)] 1952151K->305909K(2066304K), 0.0177800 secs] [Times: user=0.06 sys=0.01, real=0.01 secs] 
2014-07-16T13:44:57.053+0000: 3339.681: [GC [PSYoungGen: 1584922K->3050K(1512960K)] 1883637K->305806K(1994304K), 0.0269440 secs] [Times: user=0.09 sys=0.00, real=0.02 secs] 
2014-07-16T13:45:00.382+0000: 3343.010: [GC [PSYoungGen: 1512938K->7038K(1452416K)] 1815694K->309915K(1933760K), 0.0285190 secs] [Times: user=0.09 sys=0.00, real=0.03 secs] 
2014-07-16T13:45:03.512+0000: 3346.141: [GC [PSYoungGen: 1452414K->4644K(1388672K)] 1755291K->310158K(1870016K), 0.0152130 secs] [Times: user=0.05 sys=0.00, real=0.02 secs] 
2014-07-16T13:45:06.559+0000: 3349.187: [GC [PSYoungGen: 1388644K->6916K(1332608K)] 1694158K->312606K(1813952K), 0.0199450 secs] [Times: user=0.07 sys=0.01, real=0.02 secs] 
2014-07-16T13:45:09.448+0000: 3352.076: [GC [PSYoungGen: 1332548K->3236K(1273344K)] 1638238K->312639K(1754688K), 0.0245340 secs] [Times: user=0.09 sys=0.00, real=0.02 secs] 
2014-07-16T13:45:12.197+0000: 3354.826: [GC [PSYoungGen: 1273316K->7048K(1224384K)] 1582719K->316587K(1705728K), 0.0247370 secs] [Times: user=0.08 sys=0.00, real=0.02 secs] 
2014-07-16T13:45:14.837+0000: 3357.465: [GC [PSYoungGen: 1224328K->4516K(1171584K)] 1533867K->316720K(1652928K), 0.0193190 secs] [Times: user=0.07 sys=0.01, real=0.02 secs] 
2014-07-16T13:45:17.347+0000: 3359.976: [GC [PSYoungGen: 1171556K->6724K(1126016K)] 1483760K->319104K(1607360K), 0.0067340 secs] [Times: user=0.02 sys=0.00, real=0.00 secs] 
2014-07-16T13:45:19.809+0000: 3362.437: [GC [PSYoungGen: 1125956K->3436K(1077184K)] 1438336K->319330K(1558528K), 0.0216500 secs] [Times: user=0.08 sys=0.00, real=0.02 secs] 
2014-07-16T13:45:22.150+0000: 3364.779: [GC [PSYoungGen: 1077164K->6970K(1037376K)] 1393058K->322960K(1518720K), 0.0223460 secs] [Times: user=0.08 sys=0.00, real=0.02 secs] 
2014-07-16T13:45:24.387+0000: 3367.016: [GC [PSYoungGen: 1037280K->4338K(993536K)] 1353270K->323271K(1474880K), 0.0231810 secs] [Times: user=0.09 sys=0.00, real=0.02 secs] 
2014-07-16T13:45:26.537+0000: 3369.165: [GC [PSYoungGen: 993522K->7062K(1177280K)] 1312455K->326155K(1658624K), 0.0283620 secs] [Times: user=0.10 sys=0.00, real=0.03 secs] 
2014-07-16T13:45:29.162+0000: 3371.790: [GC [PSYoungGen: 1177238K->3438K(1389440K)] 1496331K->326148K(1870784K), 0.0349310 secs] [Times: user=0.11 sys=0.00, real=0.04 secs] 
2014-07-16T13:45:32.129+0000: 3374.758: [GC [PSYoungGen: 1389422K->7066K(1334592K)] 1712132K->329840K(1815936K), 0.0093700 secs] [Times: user=0.02 sys=0.00, real=0.01 secs] 
2014-07-16T13:45:35.019+0000: 3377.647: [GC [PSYoungGen: 1334554K->4220K(1276096K)] 1657328K->330053K(1757440K), 0.0212470 secs] [Times: user=0.07 sys=0.00, real=0.02 secs] 
2014-07-16T13:45:37.788+0000: 3380.417: [GC [PSYoungGen: 1276092K->6884K(1225856K)] 1601925K->332901K(1707200K), 0.0267100 secs] [Times: user=0.10 sys=0.00, real=0.02 secs] 
2014-07-16T13:45:40.476+0000: 3383.104: [GC [PSYoungGen: 1225828K->3760K(1172352K)] 1551845K->333138K(1653696K), 0.0227830 secs] [Times: user=0.08 sys=0.00, real=0.02 secs] 
2014-07-16T13:45:42.997+0000: 3385.625: [GC [PSYoungGen: 1172336K->6970K(1127616K)] 1501714K->336469K(1608960K), 0.0212720 secs] [Times: user=0.06 sys=0.01, real=0.02 secs] 
2014-07-16T13:45:45.427+0000: 3388.056: [GC [PSYoungGen: 1127610K->4156K(1330368K)] 1457109K->336579K(1811712K), 0.0325360 secs] [Times: user=0.12 sys=0.00, real=0.03 secs] 
2014-07-16T13:45:48.308+0000: 3390.936: [GC [PSYoungGen: 1330364K->6596K(1277312K)] 1662787K->339139K(1758656K), 0.0143750 secs] [Times: user=0.05 sys=0.00, real=0.02 secs] 
2014-07-16T13:45:51.058+0000: 3393.686: [GC [PSYoungGen: 1277252K->3960K(1221760K)] 1609795K->339492K(1703104K), 0.0160180 secs] [Times: user=0.06 sys=0.00, real=0.02 secs] 
2014-07-16T13:45:53.669+0000: 3396.297: [GC [PSYoungGen: 1221752K->7108K(1174656K)] 1557284K->342728K(1656000K), 0.0113430 secs] [Times: user=0.04 sys=0.00, real=0.01 secs] 
2014-07-16T13:45:56.234+0000: 3398.862: [GC [PSYoungGen: 1174596K->3624K(1123264K)] 1510216K->342782K(1604608K), 0.0240780 secs] [Times: user=0.09 sys=0.00, real=0.02 secs] 
2014-07-16T13:45:58.657+0000: 3401.285: [GC [PSYoungGen: 1123240K->6902K(1080960K)] 1462398K->346204K(1562304K), 0.0147650 secs] [Times: user=0.04 sys=0.00, real=0.01 secs] 
2014-07-16T13:46:01.061+0000: 3403.689: [GC [PSYoungGen: 1080950K->4324K(1035072K)] 1420252K->346225K(1516416K), 0.0113890 secs] [Times: user=0.03 sys=0.00, real=0.02 secs] 
2014-07-16T13:46:03.294+0000: 3405.923: [GC [PSYoungGen: 1035044K->6966K(996416K)] 1376945K->349029K(1477760K), 0.0179460 secs] [Times: user=0.07 sys=0.00, real=0.02 secs] 
2014-07-16T13:46:05.466+0000: 3408.094: [GC [PSYoungGen: 996406K->3450K(953600K)] 1338469K->349189K(1434944K), 0.0116880 secs] [Times: user=0.04 sys=0.00, real=0.01 secs] 
2014-07-16T13:46:07.521+0000: 3410.149: [GC [PSYoungGen: 953594K->6742K(919552K)] 1299333K->352601K(1400896K), 0.0232370 secs] [Times: user=0.07 sys=0.00, real=0.03 secs] 
2014-07-16T13:46:09.522+0000: 3412.150: [GC [PSYoungGen: 919510K->4516K(881664K)] 1265369K->352914K(1363008K), 0.0177080 secs] [Times: user=0.06 sys=0.00, real=0.02 secs] 
2014-07-16T13:46:11.478+0000: 3414.107: [GC [PSYoungGen: 881588K->6500K(849728K)] 1229986K->354994K(1331072K), 0.0137970 secs] [Times: user=0.05 sys=0.00, real=0.01 secs] 
2014-07-16T13:46:13.286+0000: 3415.914: [GC [PSYoungGen: 849700K->3700K(814592K)] 1198194K->355432K(1295936K), 0.0070550 secs] [Times: user=0.02 sys=0.00, real=0.00 secs] 
2014-07-16T13:46:15.117+0000: 3417.745: [GC [PSYoungGen: 814580K->6742K(786880K)] 1166312K->358658K(1268224K), 0.0261690 secs] [Times: user=0.10 sys=0.00, real=0.02 secs] 
2014-07-16T13:46:16.806+0000: 3419.434: [GC [PSYoungGen: 786838K->4284K(928768K)] 1138754K->358927K(1410112K), 0.0301290 secs] [Times: user=0.11 sys=0.00, real=0.03 secs] 
2014-07-16T13:46:18.838+0000: 3421.467: [GC [PSYoungGen: 928764K->7070K(895424K)] 1283407K->361809K(1376768K), 0.0071240 secs] [Times: user=0.02 sys=0.00, real=0.01 secs] 
2014-07-16T13:46:20.824+0000: 3423.453: [GC [PSYoungGen: 895390K->3368K(1057088K)] 1250129K->361741K(1538432K), 0.0408590 secs] [Times: user=0.16 sys=0.00, real=0.05 secs] 
2014-07-16T13:46:23.130+0000: 3425.759: [GC [PSYoungGen: 1057064K->6888K(1253312K)] 1415437K->365333K(1734656K), 0.0053050 secs] [Times: user=0.01 sys=0.00, real=0.01 secs] 
2014-07-16T13:46:25.820+0000: 3428.448: [GC [PSYoungGen: 1253288K->4466K(1199232K)] 1611733K->365647K(1680576K), 0.0186550 secs] [Times: user=0.07 sys=0.00, real=0.02 secs] 
2014-07-16T13:46:28.434+0000: 3431.062: [GC [PSYoungGen: 1199218K->6710K(1152320K)] 1560399K->368011K(1633664K), 0.0098050 secs] [Times: user=0.03 sys=0.01, real=0.01 secs] 
2014-07-16T13:46:30.982+0000: 3433.611: [GC [PSYoungGen: 1152310K->3578K(1102400K)] 1513611K->368327K(1583744K), 0.0269670 secs] [Times: user=0.09 sys=0.00, real=0.03 secs] 
2014-07-16T13:46:33.311+0000: 3435.939: [GC [PSYoungGen: 1102394K->7034K(1061312K)] 1467143K->371879K(1542656K), 0.0278810 secs] [Times: user=0.10 sys=0.00, real=0.03 secs] 
2014-07-16T13:46:35.574+0000: 3438.202: [GC [PSYoungGen: 1061306K->4156K(1016064K)] 1426151K->371920K(1497408K), 0.0090600 secs] [Times: user=0.02 sys=0.00, real=0.01 secs] 
2014-07-16T13:46:37.779+0000: 3440.407: [GC [PSYoungGen: 1016060K->6788K(978368K)] 1383824K->374688K(1459712K), 0.0228490 secs] [Times: user=0.08 sys=0.01, real=0.02 secs] 
2014-07-16T13:46:39.889+0000: 3442.517: [GC [PSYoungGen: 978308K->3754K(936896K)] 1346208K->374964K(1418240K), 0.0227080 secs] [Times: user=0.09 sys=0.00, real=0.02 secs] 
2014-07-16T13:46:41.943+0000: 3444.571: [GC [PSYoungGen: 936874K->6838K(1111552K)] 1308084K->378128K(1592896K), 0.0272010 secs] [Times: user=0.10 sys=0.00, real=0.03 secs] 
2014-07-16T13:46:44.354+0000: 3446.982: [GC [PSYoungGen: 1111542K->4156K(1311872K)] 1482832K->378330K(1793216K), 0.0230910 secs] [Times: user=0.09 sys=0.00, real=0.02 secs] 
2014-07-16T13:46:47.192+0000: 3449.820: [GC [PSYoungGen: 1311861K->6806K(1259904K)] 1686034K->381116K(1741248K), 0.0179580 secs] [Times: user=0.06 sys=0.00, real=0.02 secs] 
2014-07-16T13:46:49.897+0000: 3452.525: [GC [PSYoungGen: 1259862K->3764K(1204800K)] 1634172K->381402K(1686144K), 0.0231540 secs] [Times: user=0.08 sys=0.00, real=0.03 secs] 
2014-07-16T13:46:52.540+0000: 3455.168: [GC [PSYoungGen: 1204788K->6724K(1158336K)] 1582426K->384442K(1639680K), 0.0207840 secs] [Times: user=0.06 sys=0.00, real=0.03 secs] 
2014-07-16T13:46:55.051+0000: 3457.679: [GC [PSYoungGen: 1158276K->4212K(1108672K)] 1535994K->384829K(1590016K), 0.0190420 secs] [Times: user=0.07 sys=0.00, real=0.01 secs] 
2014-07-16T13:46:57.473+0000: 3460.102: [GC [PSYoungGen: 1108660K->7162K(1066816K)] 1489277K->387899K(1548160K), 0.0248730 secs] [Times: user=0.09 sys=0.00, real=0.02 secs] 
2014-07-16T13:46:59.764+0000: 3462.392: [GC [PSYoungGen: 1066775K->3382K(1020416K)] 1447511K->387770K(1501760K), 0.0078970 secs] [Times: user=0.02 sys=0.00, real=0.01 secs] 
2014-07-16T13:47:01.977+0000: 3464.605: [GC [PSYoungGen: 1020406K->7006K(1210560K)] 1404794K->391509K(1691904K), 0.0368780 secs] [Times: user=0.11 sys=0.00, real=0.04 secs] 
2014-07-16T13:47:04.598+0000: 3467.227: [GC [PSYoungGen: 1210526K->4466K(1158400K)] 1595029K->391772K(1639744K), 0.0112700 secs] [Times: user=0.04 sys=0.00, real=0.01 secs] 
2014-07-16T13:47:07.118+0000: 3469.746: [GC [PSYoungGen: 1158381K->6892K(1113664K)] 1545687K->394382K(1595008K), 0.0220800 secs] [Times: user=0.08 sys=0.00, real=0.02 secs] 
2014-07-16T13:47:09.497+0000: 3472.126: [GC [PSYoungGen: 1113644K->3506K(1315200K)] 1501134K->394599K(1796544K), 0.0444890 secs] [Times: user=0.16 sys=0.00, real=0.05 secs] 
2014-07-16T13:47:12.405+0000: 3475.033: [GC [PSYoungGen: 1315186K->6998K(1559040K)] 1706279K->398179K(2040384K), 0.0164040 secs] [Times: user=0.06 sys=0.00, real=0.01 secs] 
2014-07-16T13:47:15.849+0000: 3478.477: [GC [PSYoungGen: 1558998K->4324K(1489792K)] 1950179K->398335K(1971136K), 0.0162380 secs] [Times: user=0.06 sys=0.00, real=0.02 secs] 
2014-07-16T13:47:19.059+0000: 3481.687: [GC [PSYoungGen: 1489764K->6774K(1428864K)] 1883775K->400977K(1910208K), 0.0121410 secs] [Times: user=0.04 sys=0.00, real=0.01 secs] 
2014-07-16T13:47:22.157+0000: 3484.786: [GC [PSYoungGen: 1428854K->3774K(1365632K)] 1823057K->401247K(1846976K), 0.0221330 secs] [Times: user=0.08 sys=0.00, real=0.02 secs] 
2014-07-16T13:47:25.119+0000: 3487.747: [GC [PSYoungGen: 1365630K->7080K(1311680K)] 1763103K->404721K(1793024K), 0.0199880 secs] [Times: user=0.07 sys=0.00, real=0.02 secs] 
2014-07-16T13:47:28.015+0000: 3490.644: [GC [PSYoungGen: 1311656K->4020K(1254080K)] 1709297K->404876K(1735424K), 0.0166180 secs] [Times: user=0.06 sys=0.00, real=0.01 secs] 
2014-07-16T13:47:30.708+0000: 3493.336: [GC [PSYoungGen: 1254068K->7106K(1205376K)] 1654924K->408074K(1686720K), 0.0156790 secs] [Times: user=0.05 sys=0.00, real=0.01 secs] 
2014-07-16T13:47:33.371+0000: 3495.999: [GC [PSYoungGen: 1205314K->3710K(1152576K)] 1606282K->407995K(1633920K), 0.0376470 secs] [Times: user=0.14 sys=0.00, real=0.04 secs] 
2014-07-16T13:47:35.927+0000: 3498.555: [GC [PSYoungGen: 1152574K->7248K(1109184K)] 1556859K->411709K(1590528K), 0.0105640 secs] [Times: user=0.03 sys=0.00, real=0.01 secs] 
2014-07-16T13:47:38.267+0000: 3500.896: [GC [PSYoungGen: 1109136K->3878K(1061120K)] 1513597K->411595K(1542464K), 0.0168070 secs] [Times: user=0.06 sys=0.00, real=0.01 secs] 
2014-07-16T13:47:40.537+0000: 3503.166: [GC [PSYoungGen: 1061094K->6774K(1021440K)] 1468811K->414563K(1502784K), 0.0114310 secs] [Times: user=0.03 sys=0.00, real=0.01 secs] 
2014-07-16T13:47:42.727+0000: 3505.356: [GC [PSYoungGen: 1021430K->4202K(978368K)] 1429219K->414882K(1459712K), 0.0281180 secs] [Times: user=0.10 sys=0.00, real=0.02 secs] 
2014-07-16T13:47:44.840+0000: 3507.468: [GC [PSYoungGen: 978346K->6856K(942528K)] 1389026K->417672K(1423872K), 0.0127730 secs] [Times: user=0.05 sys=0.00, real=0.01 secs] 
2014-07-16T13:47:46.894+0000: 3509.522: [GC [PSYoungGen: 942472K->3760K(902656K)] 1353288K->417864K(1384000K), 0.0184920 secs] [Times: user=0.07 sys=0.00, real=0.02 secs] 
2014-07-16T13:47:48.818+0000: 3511.447: [GC [PSYoungGen: 902640K->6814K(870784K)] 1316744K->421022K(1352128K), 0.0098910 secs] [Times: user=0.02 sys=0.00, real=0.01 secs] 
2014-07-16T13:47:50.691+0000: 3513.319: [GC [PSYoungGen: 870750K->4286K(834944K)] 1284958K->421109K(1316288K), 0.0184470 secs] [Times: user=0.07 sys=0.00, real=0.02 secs] 
2014-07-16T13:47:52.497+0000: 3515.125: [GC [PSYoungGen: 834942K->6842K(805760K)] 1251765K->423753K(1287104K), 0.0094020 secs] [Times: user=0.04 sys=0.00, real=0.01 secs] 
2014-07-16T13:47:54.246+0000: 3516.874: [GC [PSYoungGen: 805754K->3646K(772352K)] 1222665K->424142K(1253696K), 0.0253090 secs] [Times: user=0.09 sys=0.00, real=0.03 secs] 
2014-07-16T13:47:55.942+0000: 3518.571: [GC [PSYoungGen: 772350K->7034K(746944K)] 1192846K->427650K(1228288K), 0.0066090 secs] [Times: user=0.02 sys=0.01, real=0.01 secs] 
2014-07-16T13:47:57.554+0000: 3520.182: [GC [PSYoungGen: 746938K->4210K(879872K)] 1167554K->427680K(1361216K), 0.0258440 secs] [Times: user=0.10 sys=0.00, real=0.02 secs] 
2014-07-16T13:47:59.466+0000: 3522.094: [GC [PSYoungGen: 879858K->6678K(1044864K)] 1303328K->430268K(1526208K), 0.0308150 secs] [Times: user=0.11 sys=0.00, real=0.03 secs] 
2014-07-16T13:48:01.751+0000: 3524.380: [GC [PSYoungGen: 1044822K->3828K(1235136K)] 1468412K->430644K(1716480K), 0.0295800 secs] [Times: user=0.12 sys=0.00, real=0.03 secs] 
2014-07-16T13:48:04.421+0000: 3527.050: [GC [PSYoungGen: 1235124K->7020K(1465344K)] 1661940K->433916K(1946688K), 0.0172980 secs] [Times: user=0.06 sys=0.00, real=0.01 secs] 
2014-07-16T13:48:07.603+0000: 3530.231: [GC [PSYoungGen: 1465324K->4010K(1729408K)] 1892220K->434184K(2210752K), 0.0386220 secs] [Times: user=0.14 sys=0.00, real=0.04 secs] 
2014-07-16T13:48:11.385+0000: 3534.014: [GC [PSYoungGen: 1729386K->6970K(1732800K)] 2159560K->437256K(2214144K), 0.0177060 secs] [Times: user=0.06 sys=0.00, real=0.02 secs] 
2014-07-16T13:48:15.081+0000: 3537.709: [GC [PSYoungGen: 1732346K->6870K(1657216K)] 2162632K->437438K(2138560K), 0.0251470 secs] [Times: user=0.09 sys=0.01, real=0.03 secs] 
2014-07-16T13:48:18.727+0000: 3541.356: [GC [PSYoungGen: 1657174K->6678K(1959424K)] 2087742K->437494K(2440768K), 0.0460240 secs] [Times: user=0.16 sys=0.00, real=0.05 secs] 
2014-07-16T13:48:22.995+0000: 3545.624: [GC [PSYoungGen: 1959382K->1260K(1867712K)] 2390198K->438029K(2349056K), 0.0266810 secs] [Times: user=0.10 sys=0.00, real=0.02 secs] 
2014-07-16T13:48:27.075+0000: 3549.703: [GC [PSYoungGen: 1867692K->7384K(1791808K)] 2304461K->444234K(2273152K), 0.0085640 secs] [Times: user=0.01 sys=0.01, real=0.00 secs] 
2014-07-16T13:48:30.935+0000: 3553.563: [GC [PSYoungGen: 1791768K->6318K(1712704K)] 2228618K->444314K(2194048K), 0.0291170 secs] [Times: user=0.11 sys=0.01, real=0.03 secs] 
2014-07-16T13:48:34.667+0000: 3557.295: [GC [PSYoungGen: 1712686K->6884K(1639104K)] 2150682K->445024K(2120448K), 0.0203060 secs] [Times: user=0.05 sys=0.00, real=0.02 secs] 
2014-07-16T13:48:38.265+0000: 3560.893: [GC [PSYoungGen: 1639076K->2166K(1563840K)] 2077216K->445187K(2045184K), 0.0199840 secs] [Times: user=0.08 sys=0.00, real=0.02 secs] 
2014-07-16T13:48:41.638+0000: 3564.266: [GC [PSYoungGen: 1563830K->7252K(1501888K)] 2006851K->450377K(1983232K), 0.0194810 secs] [Times: user=0.07 sys=0.01, real=0.10 secs] 
2014-07-16T13:48:44.945+0000: 3567.574: [GC [PSYoungGen: 1501844K->5810K(1436608K)] 1944969K->450241K(1917952K), 0.0235440 secs] [Times: user=0.08 sys=0.00, real=0.03 secs] 
2014-07-16T13:48:48.101+0000: 3570.730: [GC [PSYoungGen: 1436574K->6856K(1377024K)] 1881005K->451535K(1858368K), 0.0379960 secs] [Times: user=0.14 sys=0.00, real=0.04 secs] 
2014-07-16T13:48:51.085+0000: 3573.714: [GC [PSYoungGen: 1376968K->2554K(1314944K)] 1821647K->451800K(1796288K), 0.0320850 secs] [Times: user=0.12 sys=0.00, real=0.03 secs] 
2014-07-16T13:48:53.977+0000: 3576.606: [GC [PSYoungGen: 1314938K->7134K(1264640K)] 1764184K->456460K(1745984K), 0.0156490 secs] [Times: user=0.05 sys=0.00, real=0.02 secs] 
2014-07-16T13:48:56.691+0000: 3579.319: [GC [PSYoungGen: 1264606K->5412K(1210688K)] 1713932K->456566K(1692032K), 0.0071830 secs] [Times: user=0.02 sys=0.00, real=0.00 secs] 
2014-07-16T13:48:59.309+0000: 3581.937: [GC [PSYoungGen: 1210660K->6824K(1162432K)] 1661814K->458130K(1643776K), 0.0210330 secs] [Times: user=0.08 sys=0.00, real=0.03 secs] 
2014-07-16T13:49:01.822+0000: 3584.450: [GC [PSYoungGen: 1162408K->2854K(1111168K)] 1613714K->458224K(1592512K), 0.0059070 secs] [Times: user=0.02 sys=0.00, real=0.00 secs] 
2014-07-16T13:49:04.224+0000: 3586.853: [GC [PSYoungGen: 1111142K->7016K(1070336K)] 1566512K->462499K(1551680K), 0.0272400 secs] [Times: user=0.08 sys=0.00, real=0.03 secs] 
2014-07-16T13:49:06.503+0000: 3589.132: [GC [PSYoungGen: 1070312K->5234K(1025728K)] 1525795K->462555K(1507072K), 0.0086880 secs] [Times: user=0.03 sys=0.00, real=0.01 secs] 
2014-07-16T13:49:08.783+0000: 3591.412: [GC [PSYoungGen: 1025714K->7048K(986816K)] 1483035K->464513K(1468160K), 0.0112660 secs] [Times: user=0.03 sys=0.00, real=0.01 secs] 
2014-07-16T13:49:10.930+0000: 3593.558: [GC [PSYoungGen: 986760K->2672K(943616K)] 1444225K->464350K(1424960K), 0.0211140 secs] [Times: user=0.07 sys=0.01, real=0.02 secs] 
2014-07-16T13:49:12.970+0000: 3595.598: [GC [PSYoungGen: 943600K->6952K(910976K)] 1405278K->468686K(1392320K), 0.0212730 secs] [Times: user=0.07 sys=0.01, real=0.03 secs] 
2014-07-16T13:49:14.923+0000: 3597.552: [GC [PSYoungGen: 910952K->5220K(874048K)] 1372686K->468734K(1355392K), 0.0117560 secs] [Times: user=0.02 sys=0.00, real=0.01 secs] 
2014-07-16T13:49:16.806+0000: 3599.434: [GC [PSYoungGen: 874020K->6710K(841984K)] 1337534K->470392K(1323328K), 0.0248480 secs] [Times: user=0.10 sys=0.00, real=0.02 secs] 
2014-07-16T13:49:18.634+0000: 3601.263: [GC [PSYoungGen: 841974K->2808K(991488K)] 1305656K->470486K(1472832K), 0.0241450 secs] [Times: user=0.09 sys=0.00, real=0.02 secs] 
2014-07-16T13:49:20.783+0000: 3603.411: [GC [PSYoungGen: 991480K->6960K(1178688K)] 1459158K->474702K(1660032K), 0.0308670 secs] [Times: user=0.10 sys=0.01, real=0.03 secs] 
2014-07-16T13:49:23.352+0000: 3605.981: [GC [PSYoungGen: 1178672K->4974K(1393600K)] 1646414K->474872K(1874944K), 0.0276640 secs] [Times: user=0.09 sys=0.01, real=0.03 secs] 
2014-07-16T13:49:26.360+0000: 3608.989: [GC [PSYoungGen: 1393582K->6856K(1652480K)] 1863480K->477010K(2133824K), 0.0324010 secs] [Times: user=0.12 sys=0.00, real=0.03 secs] 
2014-07-16T13:49:29.929+0000: 3612.558: [GC [PSYoungGen: 1652424K->2876K(1949568K)] 2122578K->477133K(2430912K), 0.0182800 secs] [Times: user=0.07 sys=0.00, real=0.02 secs] 
2014-07-16T13:49:34.212+0000: 3616.840: [GC [PSYoungGen: 1949564K->7276K(1867968K)] 2423821K->481630K(2349312K), 0.0236490 secs] [Times: user=0.08 sys=0.00, real=0.03 secs] 
2014-07-16T13:49:38.269+0000: 3620.897: [GC [PSYoungGen: 1867948K->4466K(1783424K)] 2342302K->481923K(2264768K), 0.0274060 secs] [Times: user=0.08 sys=0.01, real=0.03 secs] 
2014-07-16T13:49:38.296+0000: 3620.925: [Full GC [PSYoungGen: 4466K->0K(1783424K)] [ParOldGen: 477456K->238221K(498432K)] 481923K->238221K(2281856K) [PSPermGen: 11246K->11246K(21248K)], 0.3657940 secs] [Times: user=1.37 sys=0.00, real=0.36 secs] 
Heap
 PSYoungGen      total 1783424K, used 1698215K [0x0000000755560000, 0x00000007cf500000, 0x0000000800000000)
  eden space 1778944K, 95% used [0x0000000755560000,0x00000007bcfc9d80,0x00000007c1ea0000)
  from space 4480K, 0% used [0x00000007cf0a0000,0x00000007cf0a0000,0x00000007cf500000)
  to   space 7616K, 0% used [0x00000007ce620000,0x00000007ce620000,0x00000007ced90000)
 ParOldGen       total 498432K, used 238221K [0x0000000600000000, 0x000000061e6c0000, 0x0000000755560000)
  object space 498432K, 47% used [0x0000000600000000,0x000000060e8a35b8,0x000000061e6c0000)
 PSPermGen       total 21248K, used 11304K [0x00000005f5a00000, 0x00000005f6ec0000, 0x0000000600000000)
  object space 21248K, 53% used [0x00000005f5a00000,0x00000005f650a158,0x00000005f6ec0000)
