2014-07-16T15:21:50.389+0000: 24.710: [GC [PSYoungGen: 257728K->42864K(300608K)] 257728K->57718K(987584K), 0.0774580 secs] [Times: user=0.25 sys=0.03, real=0.08 secs] 
2014-07-16T15:21:50.718+0000: 25.040: [GC [PSYoungGen: 300592K->42870K(300608K)] 315446K->64029K(987584K), 0.0499800 secs] [Times: user=0.16 sys=0.03, real=0.05 secs] 
2014-07-16T15:21:52.207+0000: 26.528: [GC [PSYoungGen: 300598K->42870K(300608K)] 321757K->64493K(987584K), 0.0275200 secs] [Times: user=0.10 sys=0.00, real=0.02 secs] 
2014-07-16T15:21:53.503+0000: 27.824: [GC [PSYoungGen: 300598K->42870K(558336K)] 322221K->65397K(1245312K), 0.0848260 secs] [Times: user=0.29 sys=0.03, real=0.09 secs] 
2014-07-16T15:21:55.847+0000: 30.168: [GC [PSYoungGen: 558326K->42874K(558336K)] 580853K->66338K(1245312K), 0.0629450 secs] [Times: user=0.22 sys=0.03, real=0.07 secs] 
2014-07-16T15:21:58.196+0000: 32.518: [GC [PSYoungGen: 558330K->43104K(1088704K)] 581794K->66567K(1775680K), 0.0962910 secs] [Times: user=0.36 sys=0.02, real=0.10 secs] 
2014-07-16T15:22:02.663+0000: 36.984: [GC [PSYoungGen: 1074016K->2436K(1089472K)] 1097479K->66053K(1776448K), 0.0923090 secs] [Times: user=0.33 sys=0.02, real=0.09 secs] 
2014-07-16T15:22:06.647+0000: 40.969: [GC [PSYoungGen: 1033348K->2436K(2124224K)] 1096965K->66429K(2811200K), 0.0119820 secs] [Times: user=0.05 sys=0.00, real=0.02 secs] 
2014-07-16T15:22:13.683+0000: 48.005: [GC [PSYoungGen: 2059908K->2144K(2128576K)] 2123901K->66561K(2815552K), 0.0466220 secs] [Times: user=0.17 sys=0.00, real=0.05 secs] 
2014-07-16T15:22:20.025+0000: 54.347: [GC [PSYoungGen: 2059616K->1892K(2720576K)] 2124033K->66997K(3407552K), 0.0446200 secs] [Times: user=0.16 sys=0.00, real=0.05 secs] 
2014-07-16T15:22:27.624+0000: 61.945: [GC [PSYoungGen: 2648932K->1888K(2648960K)] 2714037K->67849K(3335936K), 0.0337560 secs] [Times: user=0.13 sys=0.01, real=0.03 secs] 
2014-07-16T15:22:34.920+0000: 69.241: [GC [PSYoungGen: 2648912K->1900K(2722112K)] 2714873K->68485K(3409088K), 0.0262520 secs] [Times: user=0.10 sys=0.00, real=0.03 secs] 
2014-07-16T15:22:41.340+0000: 75.662: [GC [PSYoungGen: 2649324K->1106K(2648576K)] 2715909K->68299K(3335552K), 0.0098850 secs] [Times: user=0.04 sys=0.00, real=0.01 secs] 
2014-07-16T15:22:47.187+0000: 81.509: [GC [PSYoungGen: 2648530K->1534K(2528384K)] 2715723K->69039K(3215360K), 0.0123150 secs] [Times: user=0.05 sys=0.00, real=0.01 secs] 
2014-07-16T15:22:52.621+0000: 86.942: [GC [PSYoungGen: 2528382K->978K(2483520K)] 2595887K->68763K(3170496K), 0.0056030 secs] [Times: user=0.01 sys=0.00, real=0.01 secs] 
2014-07-16T15:22:57.817+0000: 92.138: [GC [PSYoungGen: 2413202K->960K(2304256K)] 2480987K->69001K(2991232K), 0.0120890 secs] [Times: user=0.03 sys=0.00, real=0.01 secs] 
2014-07-16T15:23:02.612+0000: 96.933: [GC [PSYoungGen: 2304256K->448K(2266816K)] 2372297K->68737K(2953792K), 0.0047740 secs] [Times: user=0.01 sys=0.00, real=0.00 secs] 
2014-07-16T15:23:07.262+0000: 101.583: [GC [PSYoungGen: 2200192K->288K(2101632K)] 2268481K->68761K(2788608K), 0.0086140 secs] [Times: user=0.00 sys=0.01, real=0.01 secs] 
2014-07-16T15:23:11.705+0000: 106.026: [GC [PSYoungGen: 2101600K->498K(2069824K)] 2170073K->69187K(2756800K), 0.0160780 secs] [Times: user=0.05 sys=0.00, real=0.02 secs] 
2014-07-16T15:23:15.946+0000: 110.267: [GC [PSYoungGen: 2008242K->434K(1919232K)] 2076931K->69275K(2606208K), 0.0100700 secs] [Times: user=0.01 sys=0.01, real=0.01 secs] 
2014-07-16T15:23:20.020+0000: 114.341: [GC [PSYoungGen: 1919218K->320K(1890816K)] 1988059K->69353K(2577792K), 0.0040540 secs] [Times: user=0.01 sys=0.00, real=0.00 secs] 
2014-07-16T15:23:23.889+0000: 118.210: [GC [PSYoungGen: 1834560K->416K(1754304K)] 1903593K->69585K(2441280K), 0.0090020 secs] [Times: user=0.01 sys=0.01, real=0.01 secs] 
2014-07-16T15:23:27.598+0000: 121.919: [GC [PSYoungGen: 1754272K->192K(1728384K)] 1823441K->69577K(2415360K), 0.0054030 secs] [Times: user=0.01 sys=0.00, real=0.01 secs] 
2014-07-16T15:23:31.145+0000: 125.466: [GC [PSYoungGen: 1677632K->288K(1605120K)] 1747017K->69793K(2292096K), 0.0095520 secs] [Times: user=0.01 sys=0.01, real=0.01 secs] 
2014-07-16T15:23:34.588+0000: 128.909: [GC [PSYoungGen: 1605088K->530K(1581184K)] 1674593K->70155K(2268160K), 0.0040410 secs] [Times: user=0.01 sys=0.00, real=0.01 secs] 
2014-07-16T15:23:37.853+0000: 132.174: [GC [PSYoungGen: 1536210K->512K(1470464K)] 1605835K->70369K(2157440K), 0.0093200 secs] [Times: user=0.02 sys=0.01, real=0.01 secs] 
2014-07-16T15:23:40.996+0000: 135.317: [GC [PSYoungGen: 1470445K->434K(1447616K)] 1540303K->70403K(2134592K), 0.0124090 secs] [Times: user=0.04 sys=0.01, real=0.01 secs] 
2014-07-16T15:23:44.001+0000: 138.322: [GC [PSYoungGen: 1407858K->484K(1348480K)] 1477827K->70557K(2035456K), 0.0077920 secs] [Times: user=0.01 sys=0.00, real=0.01 secs] 
2014-07-16T15:23:46.851+0000: 141.172: [GC [PSYoungGen: 1348365K->406K(1326656K)] 1418438K->70695K(2013632K), 0.0039730 secs] [Times: user=0.01 sys=0.00, real=0.01 secs] 
2014-07-16T15:23:49.620+0000: 143.942: [GC [PSYoungGen: 1291798K->256K(1237824K)] 1362087K->70633K(1924800K), 0.0177690 secs] [Times: user=0.05 sys=0.01, real=0.02 secs] 
2014-07-16T15:23:52.244+0000: 146.565: [GC [PSYoungGen: 1237824K->320K(1217216K)] 1308201K->70817K(1904192K), 0.0097710 secs] [Times: user=0.02 sys=0.00, real=0.00 secs] 
2014-07-16T15:23:54.780+0000: 149.101: [GC [PSYoungGen: 1186688K->352K(1138048K)] 1257185K->70977K(1825024K), 0.0173510 secs] [Times: user=0.04 sys=0.01, real=0.02 secs] 
2014-07-16T15:23:57.189+0000: 151.511: [GC [PSYoungGen: 1138016K->210K(1118144K)] 1208641K->70979K(1805120K), 0.0039960 secs] [Times: user=0.01 sys=0.00, real=0.00 secs] 
2014-07-16T15:23:59.534+0000: 153.855: [GC [PSYoungGen: 1091538K->420K(1047680K)] 1162307K->71277K(1734656K), 0.0070700 secs] [Times: user=0.01 sys=0.00, real=0.01 secs] 
2014-07-16T15:24:01.753+0000: 156.074: [GC [PSYoungGen: 1047652K->384K(1028480K)] 1118509K->71321K(1715456K), 0.0050870 secs] [Times: user=0.01 sys=0.01, real=0.01 secs] 
2014-07-16T15:24:03.944+0000: 158.265: [GC [PSYoungGen: 1005551K->680K(965952K)] 1076489K->71713K(1652928K), 0.0140350 secs] [Times: user=0.04 sys=0.00, real=0.02 secs] 
2014-07-16T15:24:05.973+0000: 160.295: [GC [PSYoungGen: 965923K->384K(947200K)] 1036956K->71585K(1634176K), 0.0049810 secs] [Times: user=0.01 sys=0.00, real=0.01 secs] 
2014-07-16T15:24:07.945+0000: 162.267: [GC [PSYoungGen: 927552K->854K(891840K)] 998753K->72167K(1578816K), 0.0092730 secs] [Times: user=0.03 sys=0.01, real=0.01 secs] 
2014-07-16T15:24:09.848+0000: 164.169: [GC [PSYoungGen: 891798K->676K(873600K)] 963111K->72045K(1560576K), 0.0163890 secs] [Times: user=0.06 sys=0.00, real=0.01 secs] 
2014-07-16T15:24:11.659+0000: 165.980: [GC [PSYoungGen: 857109K->320K(823872K)] 928478K->71769K(1510848K), 0.0090090 secs] [Times: user=0.01 sys=0.00, real=0.01 secs] 
2014-07-16T15:24:13.412+0000: 167.734: [GC [PSYoungGen: 823872K->594K(806912K)] 895321K->72139K(1493888K), 0.0193410 secs] [Times: user=0.04 sys=0.01, real=0.02 secs] 
2014-07-16T15:24:15.125+0000: 169.447: [GC [PSYoungGen: 792786K->320K(762688K)] 864331K->71953K(1449664K), 0.0074590 secs] [Times: user=0.01 sys=0.00, real=0.01 secs] 
2014-07-16T15:24:16.756+0000: 171.078: [GC [PSYoungGen: 762688K->548K(746560K)] 834321K->72341K(1433536K), 0.0263820 secs] [Times: user=0.09 sys=0.00, real=0.03 secs] 
2014-07-16T15:24:18.308+0000: 172.629: [GC [PSYoungGen: 734434K->292K(707072K)] 806227K->72149K(1394048K), 0.0042130 secs] [Times: user=0.01 sys=0.00, real=0.00 secs] 
2014-07-16T15:24:19.808+0000: 174.129: [GC [PSYoungGen: 707043K->306K(691712K)] 778900K->72211K(1378688K), 0.0063450 secs] [Times: user=0.01 sys=0.00, real=0.01 secs] 
2014-07-16T15:24:21.265+0000: 175.586: [GC [PSYoungGen: 681197K->498K(656768K)] 753103K->72443K(1343744K), 0.0090650 secs] [Times: user=0.02 sys=0.00, real=0.01 secs] 
2014-07-16T15:24:22.663+0000: 176.984: [GC [PSYoungGen: 656702K->320K(641984K)] 728648K->72345K(1328960K), 0.0046270 secs] [Times: user=0.00 sys=0.01, real=0.00 secs] 
2014-07-16T15:24:24.122+0000: 178.443: [GC [PSYoungGen: 633024K->658K(610944K)] 705049K->72763K(1297920K), 0.0151990 secs] [Times: user=0.05 sys=0.01, real=0.01 secs] 
2014-07-16T15:24:25.406+0000: 179.727: [GC [PSYoungGen: 610898K->402K(596736K)] 683003K->72651K(1283712K), 0.0164470 secs] [Times: user=0.05 sys=0.00, real=0.02 secs] 
2014-07-16T15:24:26.660+0000: 180.981: [GC [PSYoungGen: 589202K->356K(568768K)] 661451K->72685K(1255744K), 0.0046830 secs] [Times: user=0.01 sys=0.00, real=0.00 secs] 
2014-07-16T15:24:27.869+0000: 182.191: [GC [PSYoungGen: 568740K->388K(555648K)] 641069K->72765K(1242624K), 0.0064540 secs] [Times: user=0.02 sys=0.00, real=0.01 secs] 
2014-07-16T15:24:29.079+0000: 183.400: [GC [PSYoungGen: 549252K->448K(530688K)] 621629K->72849K(1217664K), 0.0078840 secs] [Times: user=0.02 sys=0.00, real=0.01 secs] 
2014-07-16T15:24:30.172+0000: 184.494: [GC [PSYoungGen: 530688K->320K(518272K)] 603089K->72793K(1205248K), 0.0058130 secs] [Times: user=0.02 sys=0.00, real=0.00 secs] 
2014-07-16T15:24:31.269+0000: 185.590: [GC [PSYoungGen: 512768K->224K(495680K)] 585241K->72721K(1182656K), 0.0044950 secs] [Times: user=0.00 sys=0.00, real=0.01 secs] 
2014-07-16T15:24:32.321+0000: 186.642: [GC [PSYoungGen: 495648K->484K(484160K)] 568145K->73053K(1171136K), 0.0060380 secs] [Times: user=0.02 sys=0.01, real=0.00 secs] 
2014-07-16T15:24:33.347+0000: 187.669: [GC [PSYoungGen: 479652K->274K(463936K)] 552221K->72899K(1150912K), 0.0058490 secs] [Times: user=0.01 sys=0.00, real=0.01 secs] 
2014-07-16T15:24:34.336+0000: 188.657: [GC [PSYoungGen: 463890K->192K(453056K)] 536515K->72865K(1140032K), 0.0037470 secs] [Times: user=0.01 sys=0.00, real=0.00 secs] 
2014-07-16T15:24:35.294+0000: 189.615: [GC [PSYoungGen: 448960K->192K(434752K)] 521633K->72953K(1121728K), 0.0037470 secs] [Times: user=0.01 sys=0.00, real=0.00 secs] 
2014-07-16T15:24:36.232+0000: 190.553: [GC [PSYoungGen: 434752K->516K(424640K)] 507513K->73341K(1111616K), 0.0112290 secs] [Times: user=0.04 sys=0.00, real=0.01 secs] 
2014-07-16T15:24:37.116+0000: 191.437: [GC [PSYoungGen: 421444K->224K(408192K)] 494269K->73105K(1095168K), 0.0049090 secs] [Times: user=0.01 sys=0.00, real=0.01 secs] 
2014-07-16T15:24:37.995+0000: 192.316: [GC [PSYoungGen: 408160K->192K(398656K)] 481041K->73121K(1085632K), 0.0041080 secs] [Times: user=0.02 sys=0.01, real=0.00 secs] 
2014-07-16T15:24:38.827+0000: 193.148: [GC [PSYoungGen: 395647K->388K(383936K)] 468577K->73357K(1070912K), 0.0096610 secs] [Times: user=0.04 sys=0.01, real=0.01 secs] 
2014-07-16T15:24:39.655+0000: 193.977: [GC [PSYoungGen: 383876K->274K(372352K)] 456845K->73275K(1059328K), 0.0078470 secs] [Times: user=0.03 sys=0.00, real=0.01 secs] 
2014-07-16T15:24:40.444+0000: 194.766: [GC [PSYoungGen: 372306K->160K(361280K)] 445307K->73209K(1048256K), 0.0037710 secs] [Times: user=0.01 sys=0.00, real=0.00 secs] 
2014-07-16T15:24:41.215+0000: 195.536: [GC [PSYoungGen: 361188K->224K(353024K)] 434238K->73297K(1040000K), 0.0050550 secs] [Times: user=0.02 sys=0.00, real=0.00 secs] 
2014-07-16T15:24:41.961+0000: 196.282: [GC [PSYoungGen: 350816K->228K(340800K)] 423889K->73341K(1027776K), 0.0047000 secs] [Times: user=0.01 sys=0.00, real=0.01 secs] 
2014-07-16T15:24:42.687+0000: 197.008: [GC [PSYoungGen: 340772K->192K(331072K)] 413885K->73345K(1018048K), 0.0032750 secs] [Times: user=0.01 sys=0.00, real=0.00 secs] 
2014-07-16T15:24:43.403+0000: 197.725: [GC [PSYoungGen: 331072K->548K(322176K)] 404225K->73749K(1009152K), 0.0049930 secs] [Times: user=0.01 sys=0.00, real=0.00 secs] 
2014-07-16T15:24:44.144+0000: 198.465: [GC [PSYoungGen: 322126K->1156K(313920K)] 395328K->74397K(1000896K), 0.0077360 secs] [Times: user=0.02 sys=0.00, real=0.00 secs] 
2014-07-16T15:24:44.761+0000: 199.083: [GC [PSYoungGen: 313854K->160K(304384K)] 387096K->73465K(991360K), 0.0040870 secs] [Times: user=0.01 sys=0.00, real=0.01 secs] 
2014-07-16T15:24:45.421+0000: 199.742: [GC [PSYoungGen: 304352K->598K(296640K)] 377657K->73951K(983616K), 0.0059000 secs] [Times: user=0.02 sys=0.00, real=0.01 secs] 
2014-07-16T15:24:46.053+0000: 200.374: [GC [PSYoungGen: 296598K->388K(288576K)] 369951K->73789K(975552K), 0.0030210 secs] [Times: user=0.01 sys=0.00, real=0.01 secs] 
2014-07-16T15:24:46.687+0000: 201.008: [GC [PSYoungGen: 288516K->466K(281088K)] 361917K->73907K(968064K), 0.0082670 secs] [Times: user=0.02 sys=0.00, real=0.01 secs] 
2014-07-16T15:24:47.279+0000: 201.601: [GC [PSYoungGen: 281040K->466K(273792K)] 354482K->73979K(960768K), 0.0047410 secs] [Times: user=0.01 sys=0.00, real=0.01 secs] 
2014-07-16T15:24:47.858+0000: 202.179: [GC [PSYoungGen: 273699K->356K(266688K)] 347213K->73901K(953664K), 0.0046870 secs] [Times: user=0.01 sys=0.00, real=0.00 secs] 
2014-07-16T15:24:48.427+0000: 202.748: [GC [PSYoungGen: 266660K->338K(259968K)] 340205K->73907K(946944K), 0.0063650 secs] [Times: user=0.01 sys=0.00, real=0.01 secs] 
2014-07-16T15:24:48.978+0000: 203.300: [GC [PSYoungGen: 259922K->288K(253440K)] 333491K->73881K(940416K), 0.0034360 secs] [Times: user=0.01 sys=0.00, real=0.00 secs] 
2014-07-16T15:24:49.552+0000: 203.874: [GC [PSYoungGen: 253408K->256K(247168K)] 327001K->73873K(934144K), 0.0082480 secs] [Times: user=0.03 sys=0.00, real=0.01 secs] 
2014-07-16T15:24:50.090+0000: 204.412: [GC [PSYoungGen: 247168K->882K(241792K)] 320785K->74555K(928768K), 0.0046230 secs] [Times: user=0.01 sys=0.00, real=0.01 secs] 
2014-07-16T15:24:50.592+0000: 204.913: [GC [PSYoungGen: 241778K->356K(289472K)] 315451K->74069K(976448K), 0.0074560 secs] [Times: user=0.03 sys=0.00, real=0.01 secs] 
2014-07-16T15:24:51.210+0000: 205.531: [GC [PSYoungGen: 289420K->416K(281920K)] 363133K->74153K(968896K), 0.0035850 secs] [Times: user=0.01 sys=0.00, real=0.01 secs] 
2014-07-16T15:24:51.801+0000: 206.122: [GC [PSYoungGen: 281888K->320K(274496K)] 355625K->74105K(961472K), 0.0037080 secs] [Times: user=0.01 sys=0.00, real=0.01 secs] 
2014-07-16T15:24:52.382+0000: 206.704: [GC [PSYoungGen: 274411K->288K(267456K)] 348196K->74105K(954432K), 0.0056000 secs] [Times: user=0.01 sys=0.00, real=0.01 secs] 
2014-07-16T15:24:52.952+0000: 207.274: [GC [PSYoungGen: 267424K->160K(260544K)] 341241K->74009K(947520K), 0.0050540 secs] [Times: user=0.01 sys=0.00, real=0.01 secs] 
2014-07-16T15:24:53.508+0000: 207.829: [GC [PSYoungGen: 260512K->128K(253952K)] 334361K->74009K(940928K), 0.0045850 secs] [Times: user=0.02 sys=0.00, real=0.00 secs] 
2014-07-16T15:24:54.053+0000: 208.375: [GC [PSYoungGen: 253952K->470K(305152K)] 327833K->74415K(992128K), 0.0146810 secs] [Times: user=0.05 sys=0.00, real=0.02 secs] 
2014-07-16T15:24:54.720+0000: 209.041: [GC [PSYoungGen: 305046K->324K(365952K)] 378992K->74293K(1052928K), 0.0063470 secs] [Times: user=0.01 sys=0.00, real=0.01 secs] 
2014-07-16T15:24:55.496+0000: 209.817: [GC [PSYoungGen: 365892K->338K(439104K)] 439861K->74371K(1126080K), 0.0094050 secs] [Times: user=0.03 sys=0.00, real=0.01 secs] 
2014-07-16T15:24:56.429+0000: 210.750: [GC [PSYoungGen: 438978K->342K(526848K)] 513012K->74407K(1213824K), 0.0067000 secs] [Times: user=0.01 sys=0.00, real=0.01 secs] 
2014-07-16T15:24:57.563+0000: 211.884: [GC [PSYoungGen: 526806K->288K(509120K)] 600871K->74401K(1196096K), 0.0066390 secs] [Times: user=0.02 sys=0.00, real=0.01 secs] 
2014-07-16T15:24:58.653+0000: 212.974: [GC [PSYoungGen: 509085K->292K(492288K)] 583199K->74469K(1179264K), 0.0033320 secs] [Times: user=0.01 sys=0.00, real=0.01 secs] 
2014-07-16T15:24:59.722+0000: 214.043: [GC [PSYoungGen: 492259K->274K(476160K)] 566437K->74491K(1163136K), 0.0077240 secs] [Times: user=0.03 sys=0.00, real=0.01 secs] 
2014-07-16T15:25:00.741+0000: 215.063: [GC [PSYoungGen: 476114K->224K(460672K)] 550331K->74481K(1147648K), 0.0058340 secs] [Times: user=0.01 sys=0.00, real=0.01 secs] 
2014-07-16T15:25:01.724+0000: 216.046: [GC [PSYoungGen: 460638K->402K(446144K)] 534896K->74723K(1133120K), 0.0091360 secs] [Times: user=0.03 sys=0.00, real=0.01 secs] 
2014-07-16T15:25:02.667+0000: 216.988: [GC [PSYoungGen: 446090K->274K(431936K)] 520412K->74675K(1118912K), 0.0031490 secs] [Times: user=0.01 sys=0.00, real=0.00 secs] 
2014-07-16T15:25:03.581+0000: 217.902: [GC [PSYoungGen: 431890K->370K(418496K)] 506291K->74835K(1105472K), 0.0130880 secs] [Times: user=0.04 sys=0.00, real=0.01 secs] 
2014-07-16T15:25:04.510+0000: 218.832: [GC [PSYoungGen: 418384K->470K(405696K)] 492850K->74983K(1092672K), 0.0042050 secs] [Times: user=0.01 sys=0.00, real=0.00 secs] 
2014-07-16T15:25:05.374+0000: 219.695: [GC [PSYoungGen: 405654K->242K(393088K)] 480167K->74819K(1080064K), 0.0043270 secs] [Times: user=0.01 sys=0.00, real=0.01 secs] 
2014-07-16T15:25:06.211+0000: 220.532: [GC [PSYoungGen: 393072K->224K(381248K)] 467650K->74849K(1068224K), 0.0081620 secs] [Times: user=0.03 sys=0.00, real=0.01 secs] 
2014-07-16T15:25:07.038+0000: 221.359: [GC [PSYoungGen: 381210K->466K(370176K)] 455836K->75163K(1057152K), 0.0125660 secs] [Times: user=0.05 sys=0.00, real=0.01 secs] 
2014-07-16T15:25:07.825+0000: 222.147: [GC [PSYoungGen: 370115K->406K(359232K)] 444812K->75151K(1046208K), 0.0044430 secs] [Times: user=0.01 sys=0.00, real=0.01 secs] 
2014-07-16T15:25:08.578+0000: 222.899: [GC [PSYoungGen: 359190K->192K(348544K)] 433935K->74961K(1035520K), 0.0071790 secs] [Times: user=0.03 sys=0.00, real=0.00 secs] 
2014-07-16T15:25:09.317+0000: 223.639: [GC [PSYoungGen: 348544K->260K(338688K)] 423313K->75053K(1025664K), 0.0034450 secs] [Times: user=0.01 sys=0.00, real=0.00 secs] 
2014-07-16T15:25:10.064+0000: 224.386: [GC [PSYoungGen: 338628K->288K(329088K)] 413421K->75113K(1016064K), 0.0064400 secs] [Times: user=0.02 sys=0.00, real=0.01 secs] 
2014-07-16T15:25:10.766+0000: 225.087: [GC [PSYoungGen: 329056K->274K(319936K)] 403881K->75131K(1006912K), 0.0057570 secs] [Times: user=0.01 sys=0.00, real=0.00 secs] 
2014-07-16T15:25:11.440+0000: 225.761: [GC [PSYoungGen: 319890K->420K(384000K)] 394747K->75317K(1070976K), 0.0125890 secs] [Times: user=0.05 sys=0.00, real=0.01 secs] 
2014-07-16T15:25:12.259+0000: 226.581: [GC [PSYoungGen: 383972K->192K(372288K)] 458869K->75137K(1059264K), 0.0058850 secs] [Times: user=0.01 sys=0.00, real=0.00 secs] 
2014-07-16T15:25:13.060+0000: 227.382: [GC [PSYoungGen: 372239K->288K(361472K)] 447185K->75289K(1048448K), 0.0087910 secs] [Times: user=0.03 sys=0.00, real=0.01 secs] 
2014-07-16T15:25:13.827+0000: 228.148: [GC [PSYoungGen: 361440K->288K(433728K)] 436441K->75345K(1120704K), 0.0182160 secs] [Times: user=0.05 sys=0.00, real=0.02 secs] 
2014-07-16T15:25:14.768+0000: 229.090: [GC [PSYoungGen: 433696K->338K(520512K)] 508753K->75443K(1207488K), 0.0034010 secs] [Times: user=0.01 sys=0.00, real=0.00 secs] 
2014-07-16T15:25:15.874+0000: 230.195: [GC [PSYoungGen: 520466K->256K(624448K)] 595571K->75449K(1311424K), 0.0098450 secs] [Times: user=0.04 sys=0.00, real=0.01 secs] 
2014-07-16T15:25:17.219+0000: 231.541: [GC [PSYoungGen: 624374K->548K(602688K)] 699568K->76157K(1289664K), 0.0080590 secs] [Times: user=0.01 sys=0.00, real=0.01 secs] 
2014-07-16T15:25:18.501+0000: 232.822: [GC [PSYoungGen: 602660K->320K(581376K)] 678269K->75985K(1268352K), 0.0038110 secs] [Times: user=0.00 sys=0.00, real=0.00 secs] 
2014-07-16T15:25:19.790+0000: 234.112: [GC [PSYoungGen: 581376K->566K(561536K)] 657041K->76383K(1248512K), 0.0053960 secs] [Times: user=0.01 sys=0.01, real=0.00 secs] 
2014-07-16T15:25:20.945+0000: 235.266: [GC [PSYoungGen: 561511K->306K(542080K)] 637329K->76187K(1229056K), 0.0044430 secs] [Times: user=0.01 sys=0.00, real=0.01 secs] 
2014-07-16T15:25:22.103+0000: 236.425: [GC [PSYoungGen: 542066K->466K(523968K)] 617947K->76395K(1210944K), 0.0101890 secs] [Times: user=0.04 sys=0.00, real=0.01 secs] 
2014-07-16T15:25:23.221+0000: 237.543: [GC [PSYoungGen: 523922K->320K(506240K)] 599851K->76329K(1193216K), 0.0034920 secs] [Times: user=0.01 sys=0.00, real=0.00 secs] 
2014-07-16T15:25:24.298+0000: 238.620: [GC [PSYoungGen: 506240K->324K(489600K)] 582249K->76397K(1176576K), 0.0079860 secs] [Times: user=0.03 sys=0.00, real=0.00 secs] 
2014-07-16T15:25:25.366+0000: 239.687: [GC [PSYoungGen: 489538K->694K(473920K)] 565612K->76887K(1160896K), 0.0040930 secs] [Times: user=0.01 sys=0.00, real=0.01 secs] 
2014-07-16T15:25:26.369+0000: 240.691: [GC [PSYoungGen: 473910K->356K(458304K)] 550103K->76813K(1145280K), 0.0042820 secs] [Times: user=0.00 sys=0.00, real=0.00 secs] 
2014-07-16T15:25:27.349+0000: 241.671: [GC [PSYoungGen: 458276K->534K(443904K)] 534733K->77039K(1130880K), 0.0044510 secs] [Times: user=0.01 sys=0.00, real=0.00 secs] 
2014-07-16T15:25:28.285+0000: 242.607: [GC [PSYoungGen: 443862K->160K(429504K)] 520367K->76745K(1116480K), 0.0041330 secs] [Times: user=0.01 sys=0.00, real=0.01 secs] 
2014-07-16T15:25:29.206+0000: 243.527: [GC [PSYoungGen: 429469K->256K(416192K)] 506055K->76897K(1103168K), 0.0060870 secs] [Times: user=0.01 sys=0.00, real=0.01 secs] 
2014-07-16T15:25:30.111+0000: 244.432: [GC [PSYoungGen: 416192K->480K(403648K)] 492833K->77153K(1090624K), 0.0079620 secs] [Times: user=0.03 sys=0.00, real=0.00 secs] 
2014-07-16T15:25:30.958+0000: 245.279: [GC [PSYoungGen: 403616K->338K(391232K)] 480289K->77059K(1078208K), 0.0066560 secs] [Times: user=0.02 sys=0.00, real=0.01 secs] 
2014-07-16T15:25:31.797+0000: 246.119: [GC [PSYoungGen: 391186K->352K(379456K)] 467907K->77129K(1066432K), 0.0047140 secs] [Times: user=0.02 sys=0.01, real=0.01 secs] 
2014-07-16T15:25:32.592+0000: 246.913: [GC [PSYoungGen: 379424K->128K(367936K)] 456201K->76945K(1054912K), 0.0051300 secs] [Times: user=0.01 sys=0.00, real=0.00 secs] 
2014-07-16T15:25:33.400+0000: 247.722: [GC [PSYoungGen: 367936K->726K(357824K)] 444753K->77591K(1044800K), 0.0068670 secs] [Times: user=0.01 sys=0.00, real=0.00 secs] 
2014-07-16T15:25:34.157+0000: 248.478: [GC [PSYoungGen: 357781K->256K(346944K)] 434647K->77185K(1033920K), 0.0062140 secs] [Times: user=0.02 sys=0.00, real=0.01 secs] 
2014-07-16T15:25:34.940+0000: 249.261: [GC [PSYoungGen: 346944K->548K(337344K)] 423873K->77533K(1024320K), 0.0043260 secs] [Times: user=0.01 sys=0.00, real=0.01 secs] 
2014-07-16T15:25:35.622+0000: 249.944: [GC [PSYoungGen: 337316K->338K(327616K)] 414301K->77403K(1014592K), 0.0130900 secs] [Times: user=0.04 sys=0.00, real=0.01 secs] 
2014-07-16T15:25:36.313+0000: 250.634: [GC [PSYoungGen: 327570K->320K(318400K)] 404635K->77441K(1005376K), 0.0050000 secs] [Times: user=0.02 sys=0.00, real=0.00 secs] 
2014-07-16T15:25:36.996+0000: 251.317: [GC [PSYoungGen: 318400K->256K(309568K)] 395521K->77401K(996544K), 0.0061830 secs] [Times: user=0.02 sys=0.00, real=0.01 secs] 
2014-07-16T15:25:37.665+0000: 251.986: [GC [PSYoungGen: 309564K->306K(301248K)] 386709K->77483K(988224K), 0.0035550 secs] [Times: user=0.01 sys=0.00, real=0.00 secs] 
2014-07-16T15:25:38.300+0000: 252.621: [GC [PSYoungGen: 301232K->128K(292992K)] 378409K->77337K(979968K), 0.0033280 secs] [Times: user=0.01 sys=0.00, real=0.01 secs] 
2014-07-16T15:25:38.937+0000: 253.258: [GC [PSYoungGen: 292992K->160K(285312K)] 370201K->77393K(972288K), 0.0059930 secs] [Times: user=0.02 sys=0.00, real=0.01 secs] 
2014-07-16T15:25:39.542+0000: 253.864: [GC [PSYoungGen: 285280K->210K(277952K)] 362513K->77475K(964928K), 0.0075790 secs] [Times: user=0.03 sys=0.00, real=0.00 secs] 
2014-07-16T15:25:40.137+0000: 254.458: [GC [PSYoungGen: 277904K->160K(270720K)] 355170K->77433K(957696K), 0.0048490 secs] [Times: user=0.01 sys=0.00, real=0.01 secs] 
2014-07-16T15:25:40.715+0000: 255.037: [GC [PSYoungGen: 270688K->288K(324992K)] 347961K->77601K(1011968K), 0.0225780 secs] [Times: user=0.08 sys=0.00, real=0.02 secs] 
2014-07-16T15:25:41.411+0000: 255.732: [GC [PSYoungGen: 324960K->602K(390272K)] 402273K->77939K(1077248K), 0.0144670 secs] [Times: user=0.05 sys=0.00, real=0.01 secs] 
2014-07-16T15:25:42.241+0000: 256.562: [GC [PSYoungGen: 390233K->288K(467904K)] 467570K->77673K(1154880K), 0.0028860 secs] [Times: user=0.01 sys=0.00, real=0.01 secs] 
2014-07-16T15:25:43.235+0000: 257.556: [GC [PSYoungGen: 467870K->320K(561472K)] 545256K->77769K(1248448K), 0.0040100 secs] [Times: user=0.01 sys=0.00, real=0.00 secs] 
2014-07-16T15:25:44.446+0000: 258.768: [GC [PSYoungGen: 561464K->402K(542400K)] 638913K->77899K(1229376K), 0.0044310 secs] [Times: user=0.01 sys=0.00, real=0.00 secs] 
2014-07-16T15:25:45.590+0000: 259.911: [GC [PSYoungGen: 542352K->256K(523904K)] 619849K->77833K(1210880K), 0.0055820 secs] [Times: user=0.02 sys=0.00, real=0.01 secs] 
2014-07-16T15:25:46.712+0000: 261.034: [GC [PSYoungGen: 523904K->338K(506496K)] 601481K->78003K(1193472K), 0.0096210 secs] [Times: user=0.03 sys=0.00, real=0.01 secs] 
2014-07-16T15:25:47.801+0000: 262.122: [GC [PSYoungGen: 506450K->224K(489664K)] 584115K->77937K(1176640K), 0.0046630 secs] [Times: user=0.01 sys=0.00, real=0.01 secs] 
2014-07-16T15:25:48.860+0000: 263.181: [GC [PSYoungGen: 489632K->466K(473920K)] 567345K->78235K(1160896K), 0.0057420 secs] [Times: user=0.02 sys=0.00, real=0.01 secs] 
2014-07-16T15:25:49.850+0000: 264.171: [GC [PSYoungGen: 473817K->310K(458432K)] 551587K->78111K(1145408K), 0.0046390 secs] [Times: user=0.01 sys=0.00, real=0.01 secs] 
2014-07-16T15:25:50.830+0000: 265.152: [GC [PSYoungGen: 458422K->274K(443776K)] 536223K->78107K(1130752K), 0.0138610 secs] [Times: user=0.05 sys=0.00, real=0.02 secs] 
2014-07-16T15:25:51.765+0000: 266.086: [GC [PSYoungGen: 443730K->338K(429824K)] 521563K->78219K(1116800K), 0.0044970 secs] [Times: user=0.01 sys=0.00, real=0.00 secs] 
2014-07-16T15:25:52.678+0000: 267.000: [GC [PSYoungGen: 429778K->306K(416384K)] 507659K->78259K(1103360K), 0.0049770 secs] [Times: user=0.01 sys=0.00, real=0.01 secs] 
2014-07-16T15:25:53.563+0000: 267.885: [GC [PSYoungGen: 416310K->260K(403584K)] 494264K->78261K(1090560K), 0.0054060 secs] [Times: user=0.01 sys=0.00, real=0.00 secs] 
2014-07-16T15:25:54.413+0000: 268.734: [GC [PSYoungGen: 403524K->288K(391296K)] 481525K->78345K(1078272K), 0.0143780 secs] [Times: user=0.05 sys=0.00, real=0.01 secs] 
2014-07-16T15:25:55.275+0000: 269.596: [GC [PSYoungGen: 391264K->352K(379584K)] 469321K->78473K(1066560K), 0.0034200 secs] [Times: user=0.01 sys=0.00, real=0.00 secs] 
2014-07-16T15:25:56.088+0000: 270.409: [GC [PSYoungGen: 379516K->256K(368192K)] 457638K->78441K(1055168K), 0.0048230 secs] [Times: user=0.01 sys=0.01, real=0.00 secs] 
2014-07-16T15:25:56.874+0000: 271.196: [GC [PSYoungGen: 368192K->128K(357248K)] 446377K->78345K(1044224K), 0.0039000 secs] [Times: user=0.01 sys=0.01, real=0.00 secs] 
2014-07-16T15:25:57.646+0000: 271.967: [GC [PSYoungGen: 357248K->420K(347200K)] 435465K->78693K(1034176K), 0.0033180 secs] [Times: user=0.01 sys=0.00, real=0.00 secs] 
2014-07-16T15:25:58.385+0000: 272.707: [GC [PSYoungGen: 347130K->256K(337088K)] 425404K->78561K(1024064K), 0.0030110 secs] [Times: user=0.01 sys=0.00, real=0.00 secs] 
2014-07-16T15:25:59.125+0000: 273.446: [GC [PSYoungGen: 337088K->566K(327872K)] 415393K->79023K(1014848K), 0.0146840 secs] [Times: user=0.05 sys=0.00, real=0.01 secs] 
2014-07-16T15:25:59.834+0000: 274.155: [GC [PSYoungGen: 327862K->352K(393152K)] 406319K->78849K(1080128K), 0.0100210 secs] [Times: user=0.03 sys=0.00, real=0.01 secs] 
2014-07-16T15:26:00.693+0000: 275.014: [GC [PSYoungGen: 393120K->320K(381248K)] 471617K->78865K(1068224K), 0.0061550 secs] [Times: user=0.01 sys=0.00, real=0.01 secs] 
2014-07-16T15:26:01.501+0000: 275.822: [GC [PSYoungGen: 381248K->288K(369920K)] 459793K->78873K(1056896K), 0.0039760 secs] [Times: user=0.01 sys=0.01, real=0.01 secs] 
2014-07-16T15:26:02.285+0000: 276.606: [GC [PSYoungGen: 369887K->306K(359040K)] 448472K->78963K(1046016K), 0.0063460 secs] [Times: user=0.02 sys=0.00, real=0.00 secs] 
2014-07-16T15:26:03.060+0000: 277.382: [GC [PSYoungGen: 359025K->448K(348736K)] 437683K->79153K(1035712K), 0.0056060 secs] [Times: user=0.02 sys=0.00, real=0.01 secs] 
2014-07-16T15:26:03.790+0000: 278.111: [GC [PSYoungGen: 348732K->470K(338816K)] 427437K->79223K(1025792K), 0.0104080 secs] [Times: user=0.04 sys=0.00, real=0.01 secs] 
2014-07-16T15:26:04.518+0000: 278.840: [GC [PSYoungGen: 338691K->384K(329088K)] 417445K->79209K(1016064K), 0.0069160 secs] [Times: user=0.03 sys=0.00, real=0.01 secs] 
2014-07-16T15:26:05.255+0000: 279.576: [GC [PSYoungGen: 329016K->470K(320064K)] 407841K->79335K(1007040K), 0.0042020 secs] [Times: user=0.01 sys=0.00, real=0.00 secs] 
2014-07-16T15:26:05.900+0000: 280.221: [GC [PSYoungGen: 319999K->420K(311168K)] 398864K->79357K(998144K), 0.0062650 secs] [Times: user=0.01 sys=0.00, real=0.01 secs] 
2014-07-16T15:26:06.553+0000: 280.875: [GC [PSYoungGen: 311138K->96K(302400K)] 390076K->79057K(989376K), 0.0046510 secs] [Times: user=0.01 sys=0.00, real=0.01 secs] 
2014-07-16T15:26:07.215+0000: 281.536: [GC [PSYoungGen: 302368K->420K(294592K)] 381329K->79413K(981568K), 0.0047910 secs] [Times: user=0.01 sys=0.00, real=0.01 secs] 
2014-07-16T15:26:07.833+0000: 282.154: [GC [PSYoungGen: 294493K->256K(353280K)] 373487K->79281K(1040256K), 0.0244580 secs] [Times: user=0.08 sys=0.00, real=0.03 secs] 
2014-07-16T15:26:08.594+0000: 282.916: [GC [PSYoungGen: 353279K->242K(423936K)] 432304K->79283K(1110912K), 0.0057010 secs] [Times: user=0.01 sys=0.00, real=0.01 secs] 
2014-07-16T15:26:09.487+0000: 283.808: [GC [PSYoungGen: 423922K->192K(508608K)] 502963K->79265K(1195584K), 0.0031750 secs] [Times: user=0.01 sys=0.00, real=0.00 secs] 
2014-07-16T15:26:10.609+0000: 284.930: [GC [PSYoungGen: 508608K->224K(610368K)] 587681K->79321K(1297344K), 0.0081730 secs] [Times: user=0.03 sys=0.00, real=0.01 secs] 
2014-07-16T15:26:11.916+0000: 286.237: [GC [PSYoungGen: 610336K->320K(588992K)] 689433K->79465K(1275968K), 0.0050170 secs] [Times: user=0.01 sys=0.00, real=0.01 secs] 
2014-07-16T15:26:13.173+0000: 287.494: [GC [PSYoungGen: 588992K->256K(568512K)] 668137K->79497K(1255488K), 0.0100970 secs] [Times: user=0.04 sys=0.00, real=0.01 secs] 
2014-07-16T15:26:14.382+0000: 288.704: [GC [PSYoungGen: 568512K->420K(549184K)] 647753K->79765K(1236160K), 0.0140810 secs] [Times: user=0.05 sys=0.00, real=0.02 secs] 
2014-07-16T15:26:15.576+0000: 289.898: [GC [PSYoungGen: 549156K->320K(530432K)] 628501K->79769K(1217408K), 0.0082110 secs] [Times: user=0.03 sys=0.00, real=0.00 secs] 
2014-07-16T15:26:16.721+0000: 291.042: [GC [PSYoungGen: 530432K->576K(512896K)] 609881K->80121K(1199872K), 0.0069140 secs] [Times: user=0.01 sys=0.01, real=0.01 secs] 
2014-07-16T15:26:17.801+0000: 292.122: [GC [PSYoungGen: 512864K->320K(495616K)] 592409K->79897K(1182592K), 0.0074470 secs] [Times: user=0.02 sys=0.00, real=0.01 secs] 
2014-07-16T15:26:18.855+0000: 293.177: [GC [PSYoungGen: 495616K->224K(479296K)] 575193K->79833K(1166272K), 0.0069530 secs] [Times: user=0.03 sys=0.00, real=0.01 secs] 
2014-07-16T15:26:19.875+0000: 294.196: [GC [PSYoungGen: 479264K->192K(463680K)] 558873K->79841K(1150656K), 0.0033180 secs] [Times: user=0.01 sys=0.00, real=0.01 secs] 
2014-07-16T15:26:20.876+0000: 295.198: [GC [PSYoungGen: 463680K->626K(449280K)] 543329K->80347K(1136256K), 0.0069590 secs] [Times: user=0.03 sys=0.01, real=0.01 secs] 
2014-07-16T15:26:21.845+0000: 296.166: [GC [PSYoungGen: 449266K->498K(434944K)] 528987K->80267K(1121920K), 0.0099730 secs] [Times: user=0.03 sys=0.00, real=0.01 secs] 
2014-07-16T15:26:22.754+0000: 297.075: [GC [PSYoungGen: 434930K->352K(421184K)] 514699K->80225K(1108160K), 0.0131830 secs] [Times: user=0.04 sys=0.00, real=0.01 secs] 
2014-07-16T15:26:23.654+0000: 297.975: [GC [PSYoungGen: 421152K->370K(408192K)] 501025K->80315K(1095168K), 0.0056650 secs] [Times: user=0.01 sys=0.00, real=0.01 secs] 
2014-07-16T15:26:24.521+0000: 298.842: [GC [PSYoungGen: 408178K->356K(395712K)] 488123K->80365K(1082688K), 0.0054460 secs] [Times: user=0.02 sys=0.00, real=0.00 secs] 
2014-07-16T15:26:25.433+0000: 299.755: [GC [PSYoungGen: 395684K->640K(384064K)] 475693K->80809K(1071040K), 0.0044080 secs] [Times: user=0.01 sys=0.00, real=0.01 secs] 
2014-07-16T15:26:26.217+0000: 300.538: [GC [PSYoungGen: 384064K->530K(372544K)] 464233K->80779K(1059520K), 0.0062300 secs] [Times: user=0.02 sys=0.00, real=0.01 secs] 
2014-07-16T15:26:27.007+0000: 301.328: [GC [PSYoungGen: 372498K->260K(361344K)] 452747K->80573K(1048320K), 0.0055630 secs] [Times: user=0.01 sys=0.00, real=0.01 secs] 
2014-07-16T15:26:27.770+0000: 302.092: [GC [PSYoungGen: 361284K->288K(350848K)] 441597K->80617K(1037824K), 0.0042140 secs] [Times: user=0.01 sys=0.00, real=0.00 secs] 
2014-07-16T15:26:28.516+0000: 302.837: [GC [PSYoungGen: 350816K->388K(340928K)] 431145K->80741K(1027904K), 0.0043550 secs] [Times: user=0.01 sys=0.01, real=0.01 secs] 
2014-07-16T15:26:29.247+0000: 303.568: [GC [PSYoungGen: 340868K->256K(331072K)] 421221K->80633K(1018048K), 0.0033990 secs] [Times: user=0.01 sys=0.00, real=0.01 secs] 
2014-07-16T15:26:29.966+0000: 304.288: [GC [PSYoungGen: 331072K->544K(322112K)] 411449K->80961K(1009088K), 0.0060050 secs] [Times: user=0.00 sys=0.00, real=0.01 secs] 
2014-07-16T15:26:30.660+0000: 304.981: [GC [PSYoungGen: 322080K->384K(313024K)] 402497K->80833K(1000000K), 0.0099340 secs] [Times: user=0.03 sys=0.00, real=0.01 secs] 
2014-07-16T15:26:31.331+0000: 305.652: [GC [PSYoungGen: 313023K->612K(304768K)] 393473K->81293K(991744K), 0.0055520 secs] [Times: user=0.01 sys=0.00, real=0.00 secs] 
2014-07-16T15:26:32.019+0000: 306.341: [GC [PSYoungGen: 304738K->416K(365440K)] 385419K->81145K(1052416K), 0.0106820 secs] [Times: user=0.04 sys=0.00, real=0.01 secs] 
2014-07-16T15:26:32.788+0000: 307.110: [GC [PSYoungGen: 365408K->306K(354624K)] 446137K->81147K(1041600K), 0.0062690 secs] [Times: user=0.03 sys=0.00, real=0.01 secs] 
2014-07-16T15:26:33.554+0000: 307.875: [GC [PSYoungGen: 354604K->534K(344640K)] 435445K->81423K(1031616K), 0.0041070 secs] [Times: user=0.01 sys=0.00, real=0.00 secs] 
2014-07-16T15:26:34.275+0000: 308.596: [GC [PSYoungGen: 344594K->406K(334720K)] 425483K->81367K(1021696K), 0.0075900 secs] [Times: user=0.02 sys=0.01, real=0.01 secs] 
2014-07-16T15:26:34.999+0000: 309.320: [GC [PSYoungGen: 334678K->384K(325248K)] 415639K->81401K(1012224K), 0.0071990 secs] [Times: user=0.02 sys=0.00, real=0.00 secs] 
2014-07-16T15:26:35.725+0000: 310.046: [GC [PSYoungGen: 325176K->388K(316288K)] 406194K->81437K(1003264K), 0.0040260 secs] [Times: user=0.01 sys=0.00, real=0.00 secs] 
2014-07-16T15:26:36.381+0000: 310.702: [GC [PSYoungGen: 316227K->224K(307456K)] 397277K->81345K(994432K), 0.0056690 secs] [Times: user=0.01 sys=0.01, real=0.00 secs] 
2014-07-16T15:26:37.038+0000: 311.359: [GC [PSYoungGen: 307424K->434K(299328K)] 388545K->81579K(986304K), 0.0045600 secs] [Times: user=0.02 sys=0.00, real=0.01 secs] 
2014-07-16T15:26:37.675+0000: 311.996: [GC [PSYoungGen: 299314K->224K(291136K)] 380459K->81401K(978112K), 0.0038840 secs] [Times: user=0.01 sys=0.00, real=0.00 secs] 
2014-07-16T15:26:38.290+0000: 312.611: [GC [PSYoungGen: 291050K->438K(283648K)] 372228K->81663K(970624K), 0.0056850 secs] [Times: user=0.01 sys=0.00, real=0.00 secs] 
2014-07-16T15:26:38.906+0000: 313.227: [GC [PSYoungGen: 283638K->352K(276224K)] 364863K->81617K(963200K), 0.0060570 secs] [Times: user=0.02 sys=0.00, real=0.01 secs] 
2014-07-16T15:26:39.484+0000: 313.805: [GC [PSYoungGen: 276192K->242K(268992K)] 357457K->81531K(955968K), 0.0033790 secs] [Times: user=0.01 sys=0.00, real=0.00 secs] 
2014-07-16T15:26:40.057+0000: 314.378: [GC [PSYoungGen: 268976K->160K(262080K)] 350266K->81457K(949056K), 0.0060800 secs] [Times: user=0.01 sys=0.00, real=0.01 secs] 
2014-07-16T15:26:40.648+0000: 314.970: [GC [PSYoungGen: 262037K->512K(314816K)] 343335K->81857K(1001792K), 0.0098210 secs] [Times: user=0.03 sys=0.00, real=0.01 secs] 
2014-07-16T15:26:41.298+0000: 315.619: [GC [PSYoungGen: 314808K->192K(305920K)] 396153K->81577K(992896K), 0.0047060 secs] [Times: user=0.01 sys=0.00, real=0.01 secs] 
2014-07-16T15:26:41.961+0000: 316.282: [GC [PSYoungGen: 305920K->402K(367360K)] 387305K->81851K(1054336K), 0.0088830 secs] [Times: user=0.03 sys=0.00, real=0.00 secs] 
2014-07-16T15:26:42.734+0000: 317.055: [GC [PSYoungGen: 367314K->256K(440576K)] 448763K->81761K(1127552K), 0.0134570 secs] [Times: user=0.04 sys=0.00, real=0.01 secs] 
2014-07-16T15:26:43.690+0000: 318.011: [GC [PSYoungGen: 440576K->384K(528768K)] 522081K->81945K(1215744K), 0.0303880 secs] [Times: user=0.10 sys=0.00, real=0.04 secs] 
2014-07-16T15:26:44.827+0000: 319.148: [GC [PSYoungGen: 528768K->384K(634496K)] 610329K->82033K(1321472K), 0.0087970 secs] [Times: user=0.03 sys=0.00, real=0.01 secs] 
2014-07-16T15:26:46.222+0000: 320.544: [GC [PSYoungGen: 634496K->352K(761344K)] 716145K->82097K(1448320K), 0.0039470 secs] [Times: user=0.01 sys=0.00, real=0.00 secs] 
2014-07-16T15:26:47.834+0000: 322.155: [GC [PSYoungGen: 761312K->192K(732736K)] 843057K->82017K(1419712K), 0.0040970 secs] [Times: user=0.01 sys=0.00, real=0.00 secs] 
2014-07-16T15:26:49.400+0000: 323.722: [GC [PSYoungGen: 732736K->224K(705728K)] 814561K->82089K(1392704K), 0.0131910 secs] [Times: user=0.05 sys=0.00, real=0.02 secs] 
2014-07-16T15:26:50.968+0000: 325.289: [GC [PSYoungGen: 705696K->612K(680320K)] 787561K->82525K(1367296K), 0.0123950 secs] [Times: user=0.04 sys=0.00, real=0.01 secs] 
2014-07-16T15:26:52.404+0000: 326.726: [GC [PSYoungGen: 680292K->424K(655488K)] 762205K->82833K(1342464K), 0.0137440 secs] [Times: user=0.05 sys=0.00, real=0.01 secs] 
2014-07-16T15:26:53.787+0000: 328.108: [GC [PSYoungGen: 655464K->352K(786432K)] 737873K->82849K(1473408K), 0.0216070 secs] [Times: user=0.08 sys=0.00, real=0.02 secs] 
2014-07-16T15:26:55.460+0000: 329.782: [GC [PSYoungGen: 786400K->370K(756864K)] 868897K->83051K(1443840K), 0.0097880 secs] [Times: user=0.04 sys=0.00, real=0.01 secs] 
2014-07-16T15:26:57.106+0000: 331.428: [GC [PSYoungGen: 756850K->562K(728896K)] 839531K->83323K(1415872K), 0.0186450 secs] [Times: user=0.05 sys=0.00, real=0.02 secs] 
2014-07-16T15:26:58.676+0000: 332.997: [GC [PSYoungGen: 728882K->484K(701952K)] 811643K->83325K(1388928K), 0.0067130 secs] [Times: user=0.01 sys=0.00, real=0.00 secs] 
2014-07-16T15:27:00.172+0000: 334.493: [GC [PSYoungGen: 701924K->160K(676032K)] 784765K->83065K(1363008K), 0.0056090 secs] [Times: user=0.00 sys=0.00, real=0.01 secs] 
2014-07-16T15:27:01.699+0000: 336.020: [GC [PSYoungGen: 676000K->672K(652096K)] 758905K->83641K(1339072K), 0.0069080 secs] [Times: user=0.01 sys=0.00, real=0.01 secs] 
2014-07-16T15:27:03.071+0000: 337.392: [GC [PSYoungGen: 652064K->566K(628672K)] 735033K->83695K(1315648K), 0.0188950 secs] [Times: user=0.07 sys=0.00, real=0.02 secs] 
2014-07-16T15:27:04.420+0000: 338.741: [GC [PSYoungGen: 628662K->416K(606336K)] 711791K->83657K(1293312K), 0.0121460 secs] [Times: user=0.05 sys=0.00, real=0.01 secs] 
2014-07-16T15:27:05.729+0000: 340.051: [GC [PSYoungGen: 606304K->320K(584960K)] 689545K->83673K(1271936K), 0.0169610 secs] [Times: user=0.06 sys=0.00, real=0.02 secs] 
2014-07-16T15:27:06.968+0000: 341.289: [GC [PSYoungGen: 584898K->292K(564672K)] 668252K->83693K(1251648K), 0.0040810 secs] [Times: user=0.01 sys=0.00, real=0.00 secs] 
2014-07-16T15:27:08.176+0000: 342.498: [GC [PSYoungGen: 564644K->274K(545344K)] 648045K->83747K(1232320K), 0.0119290 secs] [Times: user=0.04 sys=0.00, real=0.01 secs] 
2014-07-16T15:27:09.333+0000: 343.654: [GC [PSYoungGen: 545298K->128K(526656K)] 628771K->83633K(1213632K), 0.0037000 secs] [Times: user=0.01 sys=0.00, real=0.01 secs] 
2014-07-16T15:27:10.461+0000: 344.782: [GC [PSYoungGen: 526656K->406K(509696K)] 610161K->83951K(1196672K), 0.0039870 secs] [Times: user=0.01 sys=0.00, real=0.01 secs] 
2014-07-16T15:27:11.580+0000: 345.901: [GC [PSYoungGen: 509270K->320K(492352K)] 592815K->83889K(1179328K), 0.0092200 secs] [Times: user=0.03 sys=0.00, real=0.01 secs] 
2014-07-16T15:27:12.630+0000: 346.951: [GC [PSYoungGen: 492352K->612K(476544K)] 575921K->84293K(1163520K), 0.0064960 secs] [Times: user=0.02 sys=0.00, real=0.01 secs] 
2014-07-16T15:27:13.649+0000: 347.970: [GC [PSYoungGen: 476451K->470K(460992K)] 560132K->84223K(1147968K), 0.0098570 secs] [Times: user=0.03 sys=0.00, real=0.01 secs] 
2014-07-16T15:27:14.628+0000: 348.949: [GC [PSYoungGen: 460950K->274K(446080K)] 544703K->84107K(1133056K), 0.0085460 secs] [Times: user=0.02 sys=0.00, real=0.01 secs] 
2014-07-16T15:27:15.587+0000: 349.908: [GC [PSYoungGen: 446000K->260K(432000K)] 529834K->84157K(1118976K), 0.0059070 secs] [Times: user=0.01 sys=0.00, real=0.00 secs] 
2014-07-16T15:27:16.525+0000: 350.846: [GC [PSYoungGen: 431881K->740K(418944K)] 515779K->84845K(1105920K), 0.0053680 secs] [Times: user=0.01 sys=0.00, real=0.01 secs] 
2014-07-16T15:27:17.404+0000: 351.726: [GC [PSYoungGen: 418854K->384K(405632K)] 502959K->84569K(1092608K), 0.0091500 secs] [Times: user=0.03 sys=0.00, real=0.01 secs] 
2014-07-16T15:27:18.271+0000: 352.592: [GC [PSYoungGen: 405591K->448K(393344K)] 489777K->84705K(1080320K), 0.0052390 secs] [Times: user=0.01 sys=0.00, real=0.01 secs] 
2014-07-16T15:27:19.110+0000: 353.431: [GC [PSYoungGen: 393344K->288K(381376K)] 477601K->84569K(1068352K), 0.0029360 secs] [Times: user=0.01 sys=0.00, real=0.00 secs] 
2014-07-16T15:27:19.920+0000: 354.241: [GC [PSYoungGen: 381344K->420K(370176K)] 465625K->84749K(1057152K), 0.0147380 secs] [Times: user=0.05 sys=0.00, real=0.01 secs] 
2014-07-16T15:27:20.702+0000: 355.023: [GC [PSYoungGen: 370148K->224K(359104K)] 454477K->84577K(1046080K), 0.0040090 secs] [Times: user=0.01 sys=0.00, real=0.01 secs] 
2014-07-16T15:27:21.478+0000: 355.800: [GC [PSYoungGen: 359072K->416K(348864K)] 443425K->84809K(1035840K), 0.0030590 secs] [Times: user=0.01 sys=0.00, real=0.00 secs] 
2014-07-16T15:27:22.216+0000: 356.538: [GC [PSYoungGen: 348832K->384K(338816K)] 433225K->84881K(1025792K), 0.0065200 secs] [Times: user=0.02 sys=0.01, real=0.00 secs] 
2014-07-16T15:27:22.945+0000: 357.266: [GC [PSYoungGen: 338816K->352K(329216K)] 423313K->84897K(1016192K), 0.0039940 secs] [Times: user=0.01 sys=0.00, real=0.01 secs] 
2014-07-16T15:27:23.675+0000: 357.997: [GC [PSYoungGen: 329168K->676K(320320K)] 413713K->85293K(1007296K), 0.0031640 secs] [Times: user=0.01 sys=0.00, real=0.01 secs] 
2014-07-16T15:27:24.362+0000: 358.684: [GC [PSYoungGen: 320292K->626K(311424K)] 404909K->85315K(998400K), 0.0053160 secs] [Times: user=0.01 sys=0.00, real=0.01 secs] 
2014-07-16T15:27:25.039+0000: 359.360: [GC [PSYoungGen: 311410K->242K(302592K)] 396099K->85043K(989568K), 0.0072850 secs] [Times: user=0.01 sys=0.00, real=0.00 secs] 
2014-07-16T15:27:25.687+0000: 360.009: [GC [PSYoungGen: 302578K->288K(294528K)] 387379K->85137K(981504K), 0.0042080 secs] [Times: user=0.01 sys=0.00, real=0.00 secs] 
2014-07-16T15:27:26.320+0000: 360.641: [GC [PSYoungGen: 294496K->320K(286720K)] 379345K->85241K(973696K), 0.0034600 secs] [Times: user=0.01 sys=0.00, real=0.00 secs] 
2014-07-16T15:27:26.922+0000: 361.243: [GC [PSYoungGen: 286720K->224K(279168K)] 371641K->85209K(966144K), 0.0081190 secs] [Times: user=0.03 sys=0.00, real=0.01 secs] 
2014-07-16T15:27:27.514+0000: 361.835: [GC [PSYoungGen: 279136K->338K(335104K)] 364121K->85363K(1022080K), 0.0132440 secs] [Times: user=0.04 sys=0.01, real=0.02 secs] 
2014-07-16T15:27:28.232+0000: 362.553: [GC [PSYoungGen: 335058K->192K(401856K)] 420083K->85249K(1088832K), 0.0086720 secs] [Times: user=0.04 sys=0.00, real=0.01 secs] 
2014-07-16T15:27:29.098+0000: 363.420: [GC [PSYoungGen: 401855K->338K(482432K)] 486913K->85411K(1169408K), 0.0044420 secs] [Times: user=0.02 sys=0.00, real=0.00 secs] 
2014-07-16T15:27:30.113+0000: 364.435: [GC [PSYoungGen: 482386K->192K(578688K)] 567459K->85289K(1265664K), 0.0113740 secs] [Times: user=0.04 sys=0.00, real=0.01 secs] 
2014-07-16T15:27:31.387+0000: 365.709: [GC [PSYoungGen: 578636K->548K(559104K)] 663734K->85685K(1246080K), 0.0037420 secs] [Times: user=0.01 sys=0.00, real=0.01 secs] 
2014-07-16T15:27:32.567+0000: 366.889: [GC [PSYoungGen: 559009K->520K(540032K)] 644146K->85737K(1227008K), 0.0083880 secs] [Times: user=0.02 sys=0.00, real=0.01 secs] 
2014-07-16T15:27:33.718+0000: 368.039: [GC [PSYoungGen: 539944K->448K(521664K)] 625161K->85729K(1208640K), 0.0063730 secs] [Times: user=0.01 sys=0.01, real=0.01 secs] 
2014-07-16T15:27:34.824+0000: 369.146: [GC [PSYoungGen: 521663K->402K(504256K)] 606945K->85771K(1191232K), 0.0053610 secs] [Times: user=0.01 sys=0.00, real=0.01 secs] 
2014-07-16T15:27:35.946+0000: 370.268: [GC [PSYoungGen: 504210K->598K(487808K)] 589579K->86023K(1174784K), 0.0041750 secs] [Times: user=0.01 sys=0.00, real=0.01 secs] 
2014-07-16T15:27:37.062+0000: 371.383: [GC [PSYoungGen: 487766K->320K(471616K)] 573191K->85801K(1158592K), 0.0038960 secs] [Times: user=0.01 sys=0.00, real=0.00 secs] 
2014-07-16T15:27:38.072+0000: 372.393: [GC [PSYoungGen: 471529K->292K(456384K)] 557011K->85861K(1143360K), 0.0066920 secs] [Times: user=0.02 sys=0.00, real=0.00 secs] 
2014-07-16T15:27:39.045+0000: 373.366: [GC [PSYoungGen: 456356K->192K(441728K)] 541925K->85801K(1128704K), 0.0093700 secs] [Times: user=0.03 sys=0.00, real=0.01 secs] 
2014-07-16T15:27:39.984+0000: 374.306: [GC [PSYoungGen: 441728K->256K(427904K)] 527337K->85905K(1114880K), 0.0033060 secs] [Times: user=0.01 sys=0.00, real=0.00 secs] 
2014-07-16T15:27:40.900+0000: 375.222: [GC [PSYoungGen: 427904K->466K(414848K)] 513553K->86139K(1101824K), 0.0093850 secs] [Times: user=0.04 sys=0.00, real=0.01 secs] 
2014-07-16T15:27:41.834+0000: 376.155: [GC [PSYoungGen: 414802K->626K(402240K)] 500475K->86339K(1089216K), 0.0037670 secs] [Times: user=0.01 sys=0.00, real=0.00 secs] 
2014-07-16T15:27:42.695+0000: 377.016: [GC [PSYoungGen: 402226K->434K(389824K)] 487939K->86243K(1076800K), 0.0124970 secs] [Times: user=0.05 sys=0.00, real=0.01 secs] 
2014-07-16T15:27:43.533+0000: 377.855: [GC [PSYoungGen: 389810K->402K(467712K)] 475619K->86283K(1154688K), 0.0138960 secs] [Times: user=0.05 sys=0.00, real=0.01 secs] 
2014-07-16T15:27:44.531+0000: 378.852: [GC [PSYoungGen: 467666K->288K(452544K)] 553547K->86241K(1139520K), 0.0043500 secs] [Times: user=0.01 sys=0.00, real=0.00 secs] 
2014-07-16T15:27:45.498+0000: 379.819: [GC [PSYoungGen: 452501K->424K(438272K)] 538454K->86449K(1125248K), 0.0102490 secs] [Times: user=0.04 sys=0.00, real=0.01 secs] 
2014-07-16T15:27:46.491+0000: 380.812: [GC [PSYoungGen: 438248K->448K(424512K)] 524273K->86521K(1111488K), 0.0074940 secs] [Times: user=0.03 sys=0.00, real=0.00 secs] 
2014-07-16T15:27:47.382+0000: 381.703: [GC [PSYoungGen: 424512K->402K(411328K)] 510585K->86539K(1098304K), 0.0036780 secs] [Times: user=0.01 sys=0.00, real=0.00 secs] 
2014-07-16T15:27:48.276+0000: 382.598: [GC [PSYoungGen: 411282K->356K(398656K)] 497419K->86525K(1085632K), 0.0039140 secs] [Times: user=0.01 sys=0.00, real=0.01 secs] 
2014-07-16T15:27:49.143+0000: 383.465: [GC [PSYoungGen: 398628K->530K(386816K)] 484797K->86747K(1073792K), 0.0104380 secs] [Times: user=0.03 sys=0.00, real=0.01 secs] 
2014-07-16T15:27:49.963+0000: 384.285: [GC [PSYoungGen: 386770K->466K(375232K)] 472987K->86723K(1062208K), 0.0113370 secs] [Times: user=0.04 sys=0.00, real=0.01 secs] 
2014-07-16T15:27:50.753+0000: 385.074: [GC [PSYoungGen: 375186K->384K(364032K)] 461443K->86697K(1051008K), 0.0069390 secs] [Times: user=0.03 sys=0.00, real=0.00 secs] 
2014-07-16T15:27:51.599+0000: 385.921: [GC [PSYoungGen: 364032K->612K(437056K)] 450345K->87109K(1124032K), 0.0207560 secs] [Times: user=0.06 sys=0.00, real=0.02 secs] 
2014-07-16T15:27:52.478+0000: 386.800: [GC [PSYoungGen: 437028K->320K(524032K)] 523525K->86961K(1211008K), 0.0050630 secs] [Times: user=0.01 sys=0.01, real=0.01 secs] 
2014-07-16T15:27:53.606+0000: 387.928: [GC [PSYoungGen: 524032K->544K(506752K)] 610673K->87297K(1193728K), 0.0040900 secs] [Times: user=0.01 sys=0.00, real=0.00 secs] 
2014-07-16T15:27:54.683+0000: 389.005: [GC [PSYoungGen: 506720K->406K(489856K)] 593473K->87231K(1176832K), 0.0044870 secs] [Times: user=0.01 sys=0.00, real=0.00 secs] 
2014-07-16T15:27:55.729+0000: 390.050: [GC [PSYoungGen: 489814K->402K(473856K)] 576639K->87299K(1160832K), 0.0075820 secs] [Times: user=0.03 sys=0.00, real=0.01 secs] 
2014-07-16T15:27:56.816+0000: 391.137: [GC [PSYoungGen: 473810K->498K(458624K)] 560707K->87443K(1145600K), 0.0043780 secs] [Times: user=0.01 sys=0.00, real=0.00 secs] 
2014-07-16T15:27:57.735+0000: 392.056: [GC [PSYoungGen: 458543K->392K(443904K)] 545488K->87417K(1130880K), 0.0059710 secs] [Times: user=0.01 sys=0.00, real=0.00 secs] 
2014-07-16T15:27:58.686+0000: 393.007: [GC [PSYoungGen: 443848K->256K(429696K)] 530873K->87321K(1116672K), 0.0068240 secs] [Times: user=0.02 sys=0.00, real=0.01 secs] 
2014-07-16T15:27:59.615+0000: 393.936: [GC [PSYoungGen: 429696K->160K(416256K)] 516761K->87257K(1103232K), 0.0039800 secs] [Times: user=0.01 sys=0.00, real=0.00 secs] 
2014-07-16T15:28:00.503+0000: 394.824: [GC [PSYoungGen: 416224K->192K(403456K)] 503321K->87305K(1090432K), 0.0036010 secs] [Times: user=0.01 sys=0.00, real=0.00 secs] 
2014-07-16T15:28:01.359+0000: 395.680: [GC [PSYoungGen: 403456K->480K(484480K)] 490569K->87625K(1171456K), 0.0303190 secs] [Times: user=0.11 sys=0.00, real=0.03 secs] 
2014-07-16T15:28:02.414+0000: 396.735: [GC [PSYoungGen: 484448K->256K(581056K)] 571593K->87457K(1268032K), 0.0041170 secs] [Times: user=0.01 sys=0.00, real=0.00 secs] 
2014-07-16T15:28:03.656+0000: 397.978: [GC [PSYoungGen: 581056K->612K(561344K)] 668257K->87893K(1248320K), 0.0051280 secs] [Times: user=0.01 sys=0.00, real=0.00 secs] 
2014-07-16T15:28:04.847+0000: 399.169: [GC [PSYoungGen: 561316K->288K(541824K)] 648597K->87649K(1228800K), 0.0067770 secs] [Times: user=0.01 sys=0.00, real=0.01 secs] 
2014-07-16T15:28:06.011+0000: 400.333: [GC [PSYoungGen: 541792K->402K(523648K)] 629153K->87859K(1210624K), 0.0073030 secs] [Times: user=0.02 sys=0.00, real=0.01 secs] 
2014-07-16T15:28:07.188+0000: 401.510: [GC [PSYoungGen: 523602K->402K(506176K)] 611059K->87931K(1193152K), 0.0167550 secs] [Times: user=0.06 sys=0.00, real=0.02 secs] 
2014-07-16T15:28:08.281+0000: 402.603: [GC [PSYoungGen: 506130K->452K(489536K)] 593659K->88069K(1176512K), 0.0119510 secs] [Times: user=0.04 sys=0.00, real=0.02 secs] 
2014-07-16T15:28:09.325+0000: 403.646: [GC [PSYoungGen: 489476K->388K(473472K)] 577093K->88053K(1160448K), 0.0098160 secs] [Times: user=0.04 sys=0.00, real=0.01 secs] 
2014-07-16T15:28:10.334+0000: 404.655: [GC [PSYoungGen: 473412K->562K(458304K)] 561077K->88275K(1145280K), 0.0055170 secs] [Times: user=0.01 sys=0.00, real=0.00 secs] 
2014-07-16T15:28:11.310+0000: 405.631: [GC [PSYoungGen: 458290K->288K(443456K)] 546003K->88049K(1130432K), 0.0143210 secs] [Times: user=0.05 sys=0.00, real=0.02 secs] 
2014-07-16T15:28:12.273+0000: 406.594: [GC [PSYoungGen: 443424K->370K(429568K)] 531185K->88187K(1116544K), 0.0049100 secs] [Times: user=0.01 sys=0.01, real=0.01 secs] 
2014-07-16T15:28:13.189+0000: 407.510: [GC [PSYoungGen: 429554K->192K(416000K)] 517371K->88089K(1102976K), 0.0088860 secs] [Times: user=0.03 sys=0.00, real=0.01 secs] 
2014-07-16T15:28:14.092+0000: 408.413: [GC [PSYoungGen: 416000K->470K(403520K)] 503897K->88415K(1090496K), 0.0049810 secs] [Times: user=0.01 sys=0.00, real=0.01 secs] 
2014-07-16T15:28:14.948+0000: 409.269: [GC [PSYoungGen: 403464K->406K(391168K)] 491410K->88431K(1078144K), 0.0071620 secs] [Times: user=0.02 sys=0.01, real=0.01 secs] 
2014-07-16T15:28:15.777+0000: 410.098: [GC [PSYoungGen: 391030K->228K(379264K)] 479056K->88293K(1066240K), 0.0104420 secs] [Times: user=0.04 sys=0.00, real=0.01 secs] 
2014-07-16T15:28:16.597+0000: 410.919: [GC [PSYoungGen: 379236K->306K(368064K)] 467301K->88403K(1055040K), 0.0099770 secs] [Times: user=0.03 sys=0.00, real=0.01 secs] 
2014-07-16T15:28:17.386+0000: 411.707: [GC [PSYoungGen: 368049K->466K(441856K)] 456147K->88627K(1128832K), 0.0090430 secs] [Times: user=0.02 sys=0.00, real=0.00 secs] 
2014-07-16T15:28:18.341+0000: 412.662: [GC [PSYoungGen: 441721K->502K(427968K)] 529883K->88735K(1114944K), 0.0055070 secs] [Times: user=0.01 sys=0.00, real=0.01 secs] 
2014-07-16T15:28:19.243+0000: 413.565: [GC [PSYoungGen: 427947K->128K(414272K)] 516181K->88393K(1101248K), 0.0048600 secs] [Times: user=0.01 sys=0.00, real=0.01 secs] 
2014-07-16T15:28:20.143+0000: 414.465: [GC [PSYoungGen: 414272K->384K(497408K)] 502537K->88697K(1184384K), 0.0179370 secs] [Times: user=0.06 sys=0.00, real=0.02 secs] 
2014-07-16T15:28:21.197+0000: 415.518: [GC [PSYoungGen: 497408K->320K(596800K)] 585721K->88673K(1283776K), 0.0150830 secs] [Times: user=0.04 sys=0.00, real=0.01 secs] 
2014-07-16T15:28:22.474+0000: 416.795: [GC [PSYoungGen: 596800K->480K(716288K)] 685153K->88913K(1403264K), 0.0079160 secs] [Times: user=0.02 sys=0.00, real=0.01 secs] 
2014-07-16T15:28:23.996+0000: 418.318: [GC [PSYoungGen: 716251K->274K(689792K)] 804685K->88803K(1376768K), 0.0060690 secs] [Times: user=0.02 sys=0.00, real=0.00 secs] 
2014-07-16T15:28:25.491+0000: 419.813: [GC [PSYoungGen: 689746K->640K(665024K)] 778275K->89321K(1352000K), 0.0130110 secs] [Times: user=0.05 sys=0.00, real=0.01 secs] 
2014-07-16T15:28:26.907+0000: 421.229: [GC [PSYoungGen: 665024K->502K(641024K)] 753705K->89279K(1328000K), 0.0060610 secs] [Times: user=0.01 sys=0.00, real=0.00 secs] 
2014-07-16T15:28:28.275+0000: 422.596: [GC [PSYoungGen: 640994K->484K(618240K)] 729772K->89341K(1305216K), 0.0132270 secs] [Times: user=0.04 sys=0.00, real=0.02 secs] 
2014-07-16T15:28:29.590+0000: 423.911: [GC [PSYoungGen: 618115K->406K(596416K)] 706972K->89311K(1283392K), 0.0061150 secs] [Times: user=0.03 sys=0.00, real=0.00 secs] 
2014-07-16T15:28:30.854+0000: 425.175: [GC [PSYoungGen: 596374K->274K(575488K)] 685279K->89227K(1262464K), 0.0109350 secs] [Times: user=0.04 sys=0.00, real=0.01 secs] 
2014-07-16T15:28:32.194+0000: 426.515: [GC [PSYoungGen: 575442K->580K(555968K)] 664395K->89557K(1242944K), 0.0090280 secs] [Times: user=0.01 sys=0.00, real=0.01 secs] 
2014-07-16T15:28:33.343+0000: 427.664: [GC [PSYoungGen: 555821K->484K(536896K)] 644799K->89605K(1223872K), 0.0040410 secs] [Times: user=0.01 sys=0.00, real=0.00 secs] 
2014-07-16T15:28:34.487+0000: 428.808: [GC [PSYoungGen: 536868K->416K(518720K)] 625989K->89609K(1205696K), 0.0060700 secs] [Times: user=0.01 sys=0.00, real=0.01 secs] 
2014-07-16T15:28:35.602+0000: 429.923: [GC [PSYoungGen: 518688K->288K(501312K)] 607881K->89553K(1188288K), 0.0052360 secs] [Times: user=0.02 sys=0.00, real=0.01 secs] 
2014-07-16T15:28:36.684+0000: 431.005: [GC [PSYoungGen: 501280K->370K(484864K)] 590545K->89699K(1171840K), 0.0050200 secs] [Times: user=0.02 sys=0.00, real=0.01 secs] 
2014-07-16T15:28:37.746+0000: 432.067: [GC [PSYoungGen: 484850K->416K(469120K)] 574179K->89801K(1156096K), 0.0083660 secs] [Times: user=0.03 sys=0.00, real=0.01 secs] 
2014-07-16T15:28:38.748+0000: 433.069: [GC [PSYoungGen: 469088K->320K(453888K)] 558473K->89769K(1140864K), 0.0056700 secs] [Times: user=0.01 sys=0.01, real=0.00 secs] 
2014-07-16T15:28:39.724+0000: 434.046: [GC [PSYoungGen: 453888K->292K(439488K)] 543337K->89789K(1126464K), 0.0030150 secs] [Times: user=0.01 sys=0.00, real=0.00 secs] 
2014-07-16T15:28:40.663+0000: 434.985: [GC [PSYoungGen: 439460K->370K(425728K)] 528957K->89923K(1112704K), 0.0050620 secs] [Times: user=0.02 sys=0.01, real=0.01 secs] 
2014-07-16T15:28:41.578+0000: 435.899: [GC [PSYoungGen: 425714K->402K(510912K)] 515267K->89995K(1197888K), 0.0364800 secs] [Times: user=0.12 sys=0.00, real=0.04 secs] 
2014-07-16T15:28:42.758+0000: 437.079: [GC [PSYoungGen: 510866K->512K(613120K)] 600459K->90193K(1300096K), 0.0345590 secs] [Times: user=0.13 sys=0.00, real=0.04 secs] 
2014-07-16T15:28:44.066+0000: 438.387: [GC [PSYoungGen: 613108K->374K(735552K)] 702790K->90353K(1422528K), 0.0294090 secs] [Times: user=0.11 sys=0.00, real=0.03 secs] 
2014-07-16T15:28:45.640+0000: 439.962: [GC [PSYoungGen: 735542K->484K(882752K)] 825521K->90575K(1569728K), 0.0062830 secs] [Times: user=0.02 sys=0.00, real=0.00 secs] 
2014-07-16T15:28:47.556+0000: 441.877: [GC [PSYoungGen: 882724K->288K(1059008K)] 972815K->90483K(1745984K), 0.0141560 secs] [Times: user=0.06 sys=0.00, real=0.02 secs] 
2014-07-16T15:28:49.829+0000: 444.151: [GC [PSYoungGen: 1058961K->306K(1270784K)] 1149157K->90605K(1957760K), 0.0083700 secs] [Times: user=0.02 sys=0.00, real=0.01 secs] 
2014-07-16T15:28:52.570+0000: 446.891: [GC [PSYoungGen: 1270770K->416K(1218112K)] 1361069K->90779K(1905088K), 0.0184120 secs] [Times: user=0.07 sys=0.00, real=0.02 secs] 
2014-07-16T15:28:55.163+0000: 449.484: [GC [PSYoungGen: 1218047K->448K(1167872K)] 1308411K->90963K(1854848K), 0.0052160 secs] [Times: user=0.01 sys=0.00, real=0.00 secs] 
2014-07-16T15:28:57.680+0000: 452.002: [GC [PSYoungGen: 1167872K->420K(1120064K)] 1258387K->91079K(1807040K), 0.0082890 secs] [Times: user=0.03 sys=0.00, real=0.01 secs] 
2014-07-16T15:29:00.074+0000: 454.395: [GC [PSYoungGen: 1120036K->424K(1074560K)] 1210695K->91187K(1761536K), 0.0046500 secs] [Times: user=0.01 sys=0.00, real=0.00 secs] 
2014-07-16T15:29:02.434+0000: 456.755: [GC [PSYoungGen: 1074536K->448K(1031296K)] 1165299K->91955K(1718272K), 0.0059280 secs] [Times: user=0.01 sys=0.01, real=0.00 secs] 
2014-07-16T15:29:04.594+0000: 458.915: [GC [PSYoungGen: 1031296K->608K(990272K)] 1122803K->92251K(1677248K), 0.0091030 secs] [Times: user=0.02 sys=0.00, real=0.01 secs] 
2014-07-16T15:29:06.710+0000: 461.032: [GC [PSYoungGen: 990240K->274K(950720K)] 1081883K->92213K(1637696K), 0.0035790 secs] [Times: user=0.01 sys=0.00, real=0.01 secs] 
2014-07-16T15:29:08.778+0000: 463.099: [GC [PSYoungGen: 950674K->548K(913600K)] 1042613K->92583K(1600576K), 0.0256530 secs] [Times: user=0.09 sys=0.00, real=0.03 secs] 
2014-07-16T15:29:10.789+0000: 465.110: [GC [PSYoungGen: 913572K->740K(878208K)] 1005607K->92887K(1565184K), 0.0113450 secs] [Times: user=0.04 sys=0.00, real=0.01 secs] 
2014-07-16T15:29:12.689+0000: 467.011: [GC [PSYoungGen: 878180K->712K(844352K)] 970327K->92979K(1531328K), 0.0074150 secs] [Times: user=0.01 sys=0.00, real=0.01 secs] 
2014-07-16T15:29:14.445+0000: 468.767: [GC [PSYoungGen: 844296K->288K(811648K)] 936563K->92715K(1498624K), 0.0046560 secs] [Times: user=0.01 sys=0.00, real=0.00 secs] 
2014-07-16T15:29:16.197+0000: 470.518: [GC [PSYoungGen: 811616K->626K(781184K)] 904043K->93165K(1468160K), 0.0121070 secs] [Times: user=0.03 sys=0.01, real=0.01 secs] 
2014-07-16T15:29:17.856+0000: 472.177: [GC [PSYoungGen: 781170K->256K(751488K)] 873709K->92875K(1438464K), 0.0116530 secs] [Times: user=0.05 sys=0.00, real=0.01 secs] 
2014-07-16T15:29:19.455+0000: 473.776: [GC [PSYoungGen: 751481K->480K(723840K)] 844101K->93211K(1410816K), 0.0167570 secs] [Times: user=0.06 sys=0.00, real=0.01 secs] 
2014-07-16T15:29:21.005+0000: 475.326: [GC [PSYoungGen: 723808K->192K(696896K)] 816539K->92955K(1383872K), 0.0070050 secs] [Times: user=0.02 sys=0.00, real=0.00 secs] 
2014-07-16T15:29:22.499+0000: 476.820: [GC [PSYoungGen: 696896K->192K(671488K)] 789659K->93019K(1358464K), 0.0038470 secs] [Times: user=0.01 sys=0.00, real=0.00 secs] 
2014-07-16T15:29:23.945+0000: 478.267: [GC [PSYoungGen: 671484K->516K(647680K)] 764312K->93439K(1334656K), 0.0042320 secs] [Times: user=0.01 sys=0.00, real=0.00 secs] 
2014-07-16T15:29:25.323+0000: 479.645: [GC [PSYoungGen: 647618K->306K(624320K)] 740542K->93333K(1311296K), 0.0046080 secs] [Times: user=0.01 sys=0.00, real=0.01 secs] 
2014-07-16T15:29:26.656+0000: 480.977: [GC [PSYoungGen: 624306K->356K(602304K)] 717333K->93463K(1289280K), 0.0088070 secs] [Times: user=0.04 sys=0.00, real=0.01 secs] 
2014-07-16T15:29:27.963+0000: 482.285: [GC [PSYoungGen: 602276K->448K(581312K)] 695383K->93627K(1268288K), 0.0103910 secs] [Times: user=0.03 sys=0.00, real=0.01 secs] 
2014-07-16T15:29:29.180+0000: 483.501: [GC [PSYoungGen: 581246K->256K(561024K)] 674425K->93507K(1248000K), 0.0051070 secs] [Times: user=0.02 sys=0.00, real=0.00 secs] 
2014-07-16T15:29:30.388+0000: 484.710: [GC [PSYoungGen: 561024K->338K(541952K)] 654275K->93637K(1228928K), 0.0106890 secs] [Times: user=0.04 sys=0.01, real=0.01 secs] 
2014-07-16T15:29:31.566+0000: 485.887: [GC [PSYoungGen: 541906K->434K(523712K)] 635205K->93789K(1210688K), 0.0042230 secs] [Times: user=0.02 sys=0.00, real=0.00 secs] 
2014-07-16T15:29:32.675+0000: 486.996: [GC [PSYoungGen: 523698K->288K(506112K)] 617053K->93747K(1193088K), 0.0097370 secs] [Times: user=0.03 sys=0.00, real=0.01 secs] 
2014-07-16T15:29:33.769+0000: 488.090: [GC [PSYoungGen: 506080K->480K(489600K)] 599539K->94019K(1176576K), 0.0057780 secs] [Times: user=0.02 sys=0.00, real=0.00 secs] 
2014-07-16T15:29:34.818+0000: 489.140: [GC [PSYoungGen: 489568K->306K(587264K)] 583107K->93957K(1274240K), 0.0278250 secs] [Times: user=0.09 sys=0.00, real=0.03 secs] 
2014-07-16T15:29:36.078+0000: 490.400: [GC [PSYoungGen: 587248K->452K(567104K)] 680900K->94183K(1254080K), 0.0053250 secs] [Times: user=0.02 sys=0.00, real=0.00 secs] 
2014-07-16T15:29:37.296+0000: 491.618: [GC [PSYoungGen: 567044K->402K(547584K)] 660775K->94197K(1234560K), 0.0069690 secs] [Times: user=0.01 sys=0.01, real=0.01 secs] 
2014-07-16T15:29:38.483+0000: 492.804: [GC [PSYoungGen: 547538K->434K(529024K)] 641333K->94285K(1216000K), 0.0168350 secs] [Times: user=0.06 sys=0.00, real=0.02 secs] 
2014-07-16T15:29:39.622+0000: 493.943: [GC [PSYoungGen: 528922K->320K(511168K)] 622774K->94251K(1198144K), 0.0082120 secs] [Times: user=0.02 sys=0.01, real=0.01 secs] 
2014-07-16T15:29:40.756+0000: 495.077: [GC [PSYoungGen: 511166K->658K(494592K)] 605098K->94637K(1181568K), 0.0065730 secs] [Times: user=0.02 sys=0.00, real=0.01 secs] 
2014-07-16T15:29:41.809+0000: 496.131: [GC [PSYoungGen: 494546K->548K(593280K)] 588525K->94583K(1280256K), 0.0333650 secs] [Times: user=0.12 sys=0.00, real=0.03 secs] 
2014-07-16T15:29:43.097+0000: 497.418: [GC [PSYoungGen: 593226K->320K(711616K)] 687261K->94559K(1398592K), 0.0040610 secs] [Times: user=0.01 sys=0.00, real=0.01 secs] 
2014-07-16T15:29:44.606+0000: 498.927: [GC [PSYoungGen: 711585K->516K(685824K)] 805825K->94899K(1372800K), 0.0088820 secs] [Times: user=0.03 sys=0.00, real=0.01 secs] 
2014-07-16T15:29:46.057+0000: 500.379: [GC [PSYoungGen: 685764K->288K(660672K)] 780147K->94751K(1347648K), 0.0089220 secs] [Times: user=0.03 sys=0.00, real=0.01 secs] 
2014-07-16T15:29:47.488+0000: 501.809: [GC [PSYoungGen: 660640K->584K(637248K)] 755103K->95111K(1324224K), 0.0069870 secs] [Times: user=0.03 sys=0.01, real=0.00 secs] 
2014-07-16T15:29:48.846+0000: 503.168: [GC [PSYoungGen: 637129K->288K(614272K)] 731657K->94863K(1301248K), 0.0164110 secs] [Times: user=0.06 sys=0.01, real=0.02 secs] 
2014-07-16T15:29:50.158+0000: 504.479: [GC [PSYoungGen: 614240K->306K(592704K)] 708815K->94945K(1279680K), 0.0035410 secs] [Times: user=0.01 sys=0.00, real=0.01 secs] 
2014-07-16T15:29:51.423+0000: 505.744: [GC [PSYoungGen: 592685K->420K(572224K)] 687324K->95099K(1259200K), 0.0039320 secs] [Times: user=0.01 sys=0.00, real=0.00 secs] 
2014-07-16T15:29:52.641+0000: 506.963: [GC [PSYoungGen: 572196K->420K(552576K)] 666875K->95179K(1239552K), 0.0222740 secs] [Times: user=0.08 sys=0.00, real=0.02 secs] 
2014-07-16T15:29:53.827+0000: 508.148: [GC [PSYoungGen: 552466K->388K(533760K)] 647225K->95219K(1220736K), 0.0079460 secs] [Times: user=0.03 sys=0.00, real=0.01 secs] 
2014-07-16T15:29:54.970+0000: 509.292: [GC [PSYoungGen: 533700K->224K(515648K)] 628531K->95159K(1202624K), 0.0100070 secs] [Times: user=0.04 sys=0.00, real=0.01 secs] 
2014-07-16T15:29:56.076+0000: 510.397: [GC [PSYoungGen: 515616K->288K(498560K)] 610551K->95279K(1185536K), 0.0058080 secs] [Times: user=0.02 sys=0.00, real=0.01 secs] 
2014-07-16T15:29:57.144+0000: 511.465: [GC [PSYoungGen: 498527K->288K(482176K)] 593519K->95327K(1169152K), 0.0036890 secs] [Times: user=0.01 sys=0.00, real=0.00 secs] 
2014-07-16T15:29:58.220+0000: 512.542: [GC [PSYoungGen: 482144K->598K(466816K)] 577183K->95693K(1153792K), 0.0109750 secs] [Times: user=0.04 sys=0.00, real=0.01 secs] 
2014-07-16T15:29:59.185+0000: 513.507: [GC [PSYoungGen: 466773K->406K(451648K)] 561869K->95557K(1138624K), 0.0031680 secs] [Times: user=0.00 sys=0.00, real=0.00 secs] 
2014-07-16T15:30:00.151+0000: 514.473: [GC [PSYoungGen: 451606K->288K(437184K)] 546757K->95487K(1124160K), 0.0071000 secs] [Times: user=0.01 sys=0.00, real=0.00 secs] 
2014-07-16T15:30:01.097+0000: 515.418: [GC [PSYoungGen: 437152K->416K(423616K)] 532351K->95655K(1110592K), 0.0083480 secs] [Times: user=0.03 sys=0.00, real=0.01 secs] 
2014-07-16T15:30:02.008+0000: 516.330: [GC [PSYoungGen: 423573K->420K(410496K)] 518812K->95707K(1097472K), 0.0050740 secs] [Times: user=0.01 sys=0.00, real=0.01 secs] 
2014-07-16T15:30:02.893+0000: 517.214: [GC [PSYoungGen: 410468K->384K(397888K)] 505755K->95743K(1084864K), 0.0136570 secs] [Times: user=0.05 sys=0.00, real=0.01 secs] 
2014-07-16T15:30:03.738+0000: 518.059: [GC [PSYoungGen: 397888K->324K(385856K)] 493247K->95739K(1072832K), 0.0104680 secs] [Times: user=0.04 sys=0.00, real=0.01 secs] 
2014-07-16T15:30:04.559+0000: 518.881: [GC [PSYoungGen: 385796K->192K(374144K)] 481211K->95687K(1061120K), 0.0040060 secs] [Times: user=0.01 sys=0.00, real=0.01 secs] 
2014-07-16T15:30:05.357+0000: 519.679: [GC [PSYoungGen: 374144K->306K(363264K)] 469639K->95849K(1050240K), 0.0040410 secs] [Times: user=0.01 sys=0.00, real=0.01 secs] 
2014-07-16T15:30:06.160+0000: 520.481: [GC [PSYoungGen: 363229K->520K(352960K)] 458773K->96095K(1039936K), 0.0043350 secs] [Times: user=0.01 sys=0.00, real=0.01 secs] 
2014-07-16T15:30:06.895+0000: 521.216: [GC [PSYoungGen: 352904K->160K(342400K)] 448479K->95783K(1029376K), 0.0035660 secs] [Times: user=0.01 sys=0.00, real=0.00 secs] 
2014-07-16T15:30:07.635+0000: 521.956: [GC [PSYoungGen: 342299K->306K(332800K)] 437923K->95977K(1019776K), 0.0053610 secs] [Times: user=0.02 sys=0.00, real=0.00 secs] 
2014-07-16T15:30:08.385+0000: 522.706: [GC [PSYoungGen: 332786K->434K(399424K)] 428457K->96161K(1086400K), 0.0182930 secs] [Times: user=0.06 sys=0.00, real=0.02 secs] 
2014-07-16T15:30:09.232+0000: 523.553: [GC [PSYoungGen: 399410K->534K(479360K)] 495137K->96317K(1166336K), 0.0163260 secs] [Times: user=0.06 sys=0.01, real=0.01 secs] 
2014-07-16T15:30:10.271+0000: 524.592: [GC [PSYoungGen: 479318K->320K(574912K)] 575101K->96151K(1261888K), 0.0048580 secs] [Times: user=0.02 sys=0.00, real=0.01 secs] 
2014-07-16T15:30:11.495+0000: 525.817: [GC [PSYoungGen: 574912K->498K(555328K)] 670743K->96361K(1242304K), 0.0049090 secs] [Times: user=0.01 sys=0.00, real=0.00 secs] 
2014-07-16T15:30:12.700+0000: 527.022: [GC [PSYoungGen: 555314K->480K(536448K)] 651177K->96431K(1223424K), 0.0117910 secs] [Times: user=0.04 sys=0.00, real=0.02 secs] 
2014-07-16T15:30:13.884+0000: 528.206: [GC [PSYoungGen: 536416K->370K(518272K)] 632367K->96401K(1205248K), 0.0104540 secs] [Times: user=0.04 sys=0.00, real=0.01 secs] 
2014-07-16T15:30:14.990+0000: 529.311: [GC [PSYoungGen: 518258K->256K(500864K)] 614289K->96423K(1187840K), 0.0035680 secs] [Times: user=0.01 sys=0.00, real=0.01 secs] 
2014-07-16T15:30:16.083+0000: 530.405: [GC [PSYoungGen: 500806K->680K(484800K)] 596974K->96903K(1171776K), 0.0063790 secs] [Times: user=0.01 sys=0.00, real=0.00 secs] 
2014-07-16T15:30:17.099+0000: 531.420: [GC [PSYoungGen: 484776K->502K(468864K)] 580999K->96861K(1155840K), 0.0088460 secs] [Times: user=0.03 sys=0.00, real=0.01 secs] 
2014-07-16T15:30:18.098+0000: 532.420: [GC [PSYoungGen: 468854K->256K(453504K)] 565213K->96655K(1140480K), 0.0038780 secs] [Times: user=0.01 sys=0.00, real=0.00 secs] 
2014-07-16T15:30:19.105+0000: 533.426: [GC [PSYoungGen: 453504K->516K(439424K)] 549903K->96955K(1126400K), 0.0046780 secs] [Times: user=0.01 sys=0.01, real=0.00 secs] 
2014-07-16T15:30:20.047+0000: 534.368: [GC [PSYoungGen: 439364K->822K(425920K)] 535803K->97333K(1112896K), 0.0120390 secs] [Times: user=0.05 sys=0.00, real=0.01 secs] 
2014-07-16T15:30:20.940+0000: 535.262: [GC [PSYoungGen: 425910K->320K(412224K)] 522421K->96863K(1099200K), 0.0041390 secs] [Times: user=0.01 sys=0.00, real=0.01 secs] 
2014-07-16T15:30:21.819+0000: 536.140: [GC [PSYoungGen: 412224K->192K(399488K)] 508767K->96783K(1086464K), 0.0037050 secs] [Times: user=0.01 sys=0.00, real=0.00 secs] 
2014-07-16T15:30:22.700+0000: 537.021: [GC [PSYoungGen: 399488K->288K(387520K)] 496079K->96935K(1074496K), 0.0068670 secs] [Times: user=0.02 sys=0.01, real=0.01 secs] 
2014-07-16T15:30:23.587+0000: 537.908: [GC [PSYoungGen: 387488K->576K(376192K)] 484135K->97311K(1063168K), 0.0068930 secs] [Times: user=0.01 sys=0.00, real=0.00 secs] 
2014-07-16T15:30:24.392+0000: 538.713: [GC [PSYoungGen: 376098K->452K(364992K)] 472833K->97299K(1051968K), 0.0077180 secs] [Times: user=0.01 sys=0.00, real=0.01 secs] 
2014-07-16T15:30:25.196+0000: 539.518: [GC [PSYoungGen: 364932K->580K(354496K)] 461779K->97539K(1041472K), 0.0128610 secs] [Times: user=0.04 sys=0.01, real=0.01 secs] 
2014-07-16T15:30:25.948+0000: 540.269: [GC [PSYoungGen: 354436K->288K(344000K)] 451395K->97303K(1030976K), 0.0030980 secs] [Times: user=0.01 sys=0.00, real=0.00 secs] 
2014-07-16T15:30:26.717+0000: 541.038: [GC [PSYoungGen: 343968K->320K(334208K)] 440983K->97399K(1021184K), 0.0049200 secs] [Times: user=0.02 sys=0.00, real=0.00 secs] 
2014-07-16T15:30:27.420+0000: 541.742: [GC [PSYoungGen: 334208K->470K(324992K)] 431287K->97589K(1011968K), 0.0044550 secs] [Times: user=0.01 sys=0.00, real=0.01 secs] 
2014-07-16T15:30:28.146+0000: 542.468: [GC [PSYoungGen: 324865K->484K(315968K)] 421984K->97643K(1002944K), 0.0084290 secs] [Times: user=0.03 sys=0.00, real=0.00 secs] 
2014-07-16T15:30:28.797+0000: 543.118: [GC [PSYoungGen: 315940K->420K(307264K)] 413099K->97627K(994240K), 0.0033350 secs] [Times: user=0.01 sys=0.00, real=0.00 secs] 
2014-07-16T15:30:29.450+0000: 543.771: [GC [PSYoungGen: 307236K->352K(298880K)] 404443K->97591K(985856K), 0.0074470 secs] [Times: user=0.01 sys=0.00, real=0.01 secs] 
2014-07-16T15:30:30.088+0000: 544.409: [GC [PSYoungGen: 298848K->224K(290752K)] 396087K->97495K(977728K), 0.0043910 secs] [Times: user=0.02 sys=0.00, real=0.00 secs] 
2014-07-16T15:30:30.713+0000: 545.034: [GC [PSYoungGen: 290720K->256K(348864K)] 387991K->97559K(1035840K), 0.0164720 secs] [Times: user=0.05 sys=0.00, real=0.02 secs] 
2014-07-16T15:30:31.458+0000: 545.779: [GC [PSYoungGen: 348864K->402K(418816K)] 446167K->97729K(1105792K), 0.0127860 secs] [Times: user=0.04 sys=0.00, real=0.01 secs] 
2014-07-16T15:30:32.371+0000: 546.693: [GC [PSYoungGen: 418770K->320K(502400K)] 516097K->97703K(1189376K), 0.0119610 secs] [Times: user=0.04 sys=0.00, real=0.01 secs] 
2014-07-16T15:30:33.532+0000: 547.853: [GC [PSYoungGen: 502400K->676K(603200K)] 599783K->98635K(1290176K), 0.0099050 secs] [Times: user=0.04 sys=0.00, real=0.01 secs] 
2014-07-16T15:30:34.761+0000: 549.082: [GC [PSYoungGen: 603172K->498K(723520K)] 701131K->98537K(1410496K), 0.0105620 secs] [Times: user=0.04 sys=0.00, real=0.01 secs] 
2014-07-16T15:30:36.316+0000: 550.637: [GC [PSYoungGen: 723506K->402K(696832K)] 821545K->98673K(1383808K), 0.0059140 secs] [Times: user=0.01 sys=0.00, real=0.01 secs] 
2014-07-16T15:30:37.792+0000: 552.114: [GC [PSYoungGen: 696786K->324K(671360K)] 795057K->98675K(1358336K), 0.0048680 secs] [Times: user=0.01 sys=0.00, real=0.01 secs] 
2014-07-16T15:30:39.243+0000: 553.564: [GC [PSYoungGen: 671300K->320K(647104K)] 769651K->98735K(1334080K), 0.0058810 secs] [Times: user=0.01 sys=0.00, real=0.01 secs] 
2014-07-16T15:30:40.631+0000: 554.952: [GC [PSYoungGen: 647104K->484K(624192K)] 745519K->98971K(1311168K), 0.0161920 secs] [Times: user=0.05 sys=0.00, real=0.02 secs] 
2014-07-16T15:30:41.979+0000: 556.300: [GC [PSYoungGen: 624164K->630K(602304K)] 722651K->99149K(1289280K), 0.0054480 secs] [Times: user=0.01 sys=0.00, real=0.00 secs] 
2014-07-16T15:30:43.258+0000: 557.579: [GC [PSYoungGen: 602294K->562K(581184K)] 700813K->99177K(1268160K), 0.0125150 secs] [Times: user=0.04 sys=0.01, real=0.01 secs] 
2014-07-16T15:30:44.510+0000: 558.831: [GC [PSYoungGen: 581170K->612K(561152K)] 679785K->99339K(1248128K), 0.0082390 secs] [Times: user=0.04 sys=0.00, real=0.01 secs] 
2014-07-16T15:30:45.717+0000: 560.038: [GC [PSYoungGen: 561124K->576K(541952K)] 659851K->99399K(1228928K), 0.0038270 secs] [Times: user=0.01 sys=0.00, real=0.00 secs] 
2014-07-16T15:30:46.862+0000: 561.183: [GC [PSYoungGen: 541952K->384K(523456K)] 640775K->99279K(1210432K), 0.0056180 secs] [Times: user=0.01 sys=0.00, real=0.01 secs] 
2014-07-16T15:30:47.985+0000: 562.306: [GC [PSYoungGen: 523456K->242K(505856K)] 622351K->99177K(1192832K), 0.0074290 secs] [Times: user=0.02 sys=0.00, real=0.01 secs] 
2014-07-16T15:30:49.094+0000: 563.415: [GC [PSYoungGen: 505842K->338K(489280K)] 604777K->99305K(1176256K), 0.0032330 secs] [Times: user=0.01 sys=0.01, real=0.00 secs] 
2014-07-16T15:30:50.133+0000: 564.454: [GC [PSYoungGen: 489234K->324K(587072K)] 588201K->99363K(1274048K), 0.0267060 secs] [Times: user=0.09 sys=0.00, real=0.03 secs] 
2014-07-16T15:30:51.391+0000: 565.712: [GC [PSYoungGen: 587004K->388K(566784K)] 686043K->99459K(1253760K), 0.0041810 secs] [Times: user=0.01 sys=0.00, real=0.00 secs] 
2014-07-16T15:30:52.602+0000: 566.924: [GC [PSYoungGen: 566724K->626K(547520K)] 665795K->99777K(1234496K), 0.0046360 secs] [Times: user=0.01 sys=0.00, real=0.00 secs] 
2014-07-16T15:30:53.833+0000: 568.154: [GC [PSYoungGen: 547505K->616K(528960K)] 646656K->100223K(1215936K), 0.0073540 secs] [Times: user=0.02 sys=0.01, real=0.01 secs] 
2014-07-16T15:30:54.912+0000: 569.233: [GC [PSYoungGen: 528936K->726K(511360K)] 628543K->100445K(1198336K), 0.0081710 secs] [Times: user=0.02 sys=0.01, real=0.01 secs] 
2014-07-16T15:30:56.036+0000: 570.357: [GC [PSYoungGen: 511318K->434K(494080K)] 611037K->100337K(1181056K), 0.0059980 secs] [Times: user=0.01 sys=0.00, real=0.01 secs] 
2014-07-16T15:30:57.112+0000: 571.434: [GC [PSYoungGen: 494066K->352K(477824K)] 593969K->100319K(1164800K), 0.0121130 secs] [Times: user=0.04 sys=0.00, real=0.01 secs] 
2014-07-16T15:30:58.136+0000: 572.457: [GC [PSYoungGen: 477792K->224K(462208K)] 577759K->100255K(1149184K), 0.0034340 secs] [Times: user=0.01 sys=0.00, real=0.01 secs] 
2014-07-16T15:30:59.154+0000: 573.475: [GC [PSYoungGen: 462176K->584K(447808K)] 562207K->100647K(1134784K), 0.0035850 secs] [Times: user=0.01 sys=0.01, real=0.00 secs] 
2014-07-16T15:31:00.101+0000: 574.423: [GC [PSYoungGen: 447752K->288K(433344K)] 547815K->100415K(1120320K), 0.0165090 secs] [Times: user=0.06 sys=0.00, real=0.01 secs] 
2014-07-16T15:31:01.030+0000: 575.351: [GC [PSYoungGen: 433312K->406K(520128K)] 533439K->100557K(1207104K), 0.0143400 secs] [Times: user=0.05 sys=0.00, real=0.02 secs] 
2014-07-16T15:31:02.153+0000: 576.474: [GC [PSYoungGen: 520086K->306K(623936K)] 620237K->100505K(1310912K), 0.0133560 secs] [Times: user=0.04 sys=0.00, real=0.01 secs] 
2014-07-16T15:31:03.494+0000: 577.815: [GC [PSYoungGen: 623922K->370K(748736K)] 724121K->100665K(1435712K), 0.0132760 secs] [Times: user=0.05 sys=0.00, real=0.01 secs] 
2014-07-16T15:31:05.192+0000: 579.513: [GC [PSYoungGen: 748722K->630K(721216K)] 849017K->101013K(1408192K), 0.0037500 secs] [Times: user=0.01 sys=0.00, real=0.00 secs] 
2014-07-16T15:31:06.735+0000: 581.057: [GC [PSYoungGen: 721194K->566K(694656K)] 821578K->101117K(1381632K), 0.0092970 secs] [Times: user=0.03 sys=0.01, real=0.01 secs] 
2014-07-16T15:31:08.209+0000: 582.531: [GC [PSYoungGen: 694646K->370K(669184K)] 795197K->100985K(1356160K), 0.0059980 secs] [Times: user=0.01 sys=0.00, real=0.01 secs] 
2014-07-16T15:31:09.662+0000: 583.983: [GC [PSYoungGen: 669170K->256K(644928K)] 769785K->100911K(1331904K), 0.0044930 secs] [Times: user=0.01 sys=0.00, real=0.00 secs] 
2014-07-16T15:31:11.080+0000: 585.401: [GC [PSYoungGen: 644928K->566K(622272K)] 745583K->101309K(1309248K), 0.0085580 secs] [Times: user=0.03 sys=0.00, real=0.01 secs] 
2014-07-16T15:31:12.380+0000: 586.701: [GC [PSYoungGen: 622262K->384K(600128K)] 723005K->101207K(1287104K), 0.0061650 secs] [Times: user=0.02 sys=0.00, real=0.01 secs] 
2014-07-16T15:31:13.678+0000: 587.999: [GC [PSYoungGen: 600128K->484K(579328K)] 700951K->101419K(1266304K), 0.0201580 secs] [Times: user=0.07 sys=0.00, real=0.02 secs] 
2014-07-16T15:31:14.998+0000: 589.320: [GC [PSYoungGen: 579300K->612K(559488K)] 680235K->101659K(1246464K), 0.0173160 secs] [Times: user=0.07 sys=0.00, real=0.02 secs] 
2014-07-16T15:31:16.214+0000: 590.535: [GC [PSYoungGen: 559460K->416K(540224K)] 660507K->101599K(1227200K), 0.0074810 secs] [Times: user=0.02 sys=0.00, real=0.00 secs] 
2014-07-16T15:31:17.374+0000: 591.695: [GC [PSYoungGen: 540192K->388K(521984K)] 641375K->101635K(1208960K), 0.0044030 secs] [Times: user=0.00 sys=0.01, real=0.00 secs] 
2014-07-16T15:31:18.492+0000: 592.813: [GC [PSYoungGen: 521924K->320K(504448K)] 623171K->101615K(1191424K), 0.0090820 secs] [Times: user=0.04 sys=0.00, real=0.01 secs] 
2014-07-16T15:31:19.578+0000: 593.899: [GC [PSYoungGen: 504448K->192K(487680K)] 605743K->101527K(1174656K), 0.0077330 secs] [Times: user=0.02 sys=0.00, real=0.01 secs] 
2014-07-16T15:31:20.632+0000: 594.953: [GC [PSYoungGen: 487640K->488K(472064K)] 588976K->101871K(1159040K), 0.0039320 secs] [Times: user=0.00 sys=0.00, real=0.01 secs] 
2014-07-16T15:31:21.645+0000: 595.966: [GC [PSYoungGen: 472040K->288K(456640K)] 573423K->101719K(1143616K), 0.0083990 secs] [Times: user=0.03 sys=0.00, real=0.01 secs] 
2014-07-16T15:31:22.637+0000: 596.958: [GC [PSYoungGen: 456608K->548K(548160K)] 558039K->102067K(1235136K), 0.0203230 secs] [Times: user=0.07 sys=0.00, real=0.02 secs] 
2014-07-16T15:31:23.803+0000: 598.125: [GC [PSYoungGen: 548132K->288K(529344K)] 649651K->101871K(1216320K), 0.0042130 secs] [Times: user=0.01 sys=0.00, real=0.00 secs] 
2014-07-16T15:31:24.951+0000: 599.273: [GC [PSYoungGen: 529312K->192K(511488K)] 630895K->101863K(1198464K), 0.0057790 secs] [Times: user=0.02 sys=0.01, real=0.01 secs] 
2014-07-16T15:31:26.066+0000: 600.388: [GC [PSYoungGen: 511488K->562K(494912K)] 613159K->102321K(1181888K), 0.0055990 secs] [Times: user=0.02 sys=0.00, real=0.00 secs] 
2014-07-16T15:31:27.120+0000: 601.442: [GC [PSYoungGen: 494898K->224K(478400K)] 596657K->102039K(1165376K), 0.0048320 secs] [Times: user=0.01 sys=0.00, real=0.01 secs] 
2014-07-16T15:31:28.140+0000: 602.461: [GC [PSYoungGen: 478368K->658K(463360K)] 580183K->102537K(1150336K), 0.0051890 secs] [Times: user=0.02 sys=0.00, real=0.01 secs] 
2014-07-16T15:31:29.150+0000: 603.471: [GC [PSYoungGen: 463314K->626K(448448K)] 565193K->102529K(1135424K), 0.0064670 secs] [Times: user=0.02 sys=0.00, real=0.01 secs] 
2014-07-16T15:31:30.123+0000: 604.444: [GC [PSYoungGen: 448434K->534K(434176K)] 550337K->102477K(1121152K), 0.0047290 secs] [Times: user=0.01 sys=0.00, real=0.01 secs] 
2014-07-16T15:31:31.051+0000: 605.373: [GC [PSYoungGen: 434134K->498K(420544K)] 536077K->102497K(1107520K), 0.0035820 secs] [Times: user=0.01 sys=0.00, real=0.01 secs] 
2014-07-16T15:31:31.952+0000: 606.273: [GC [PSYoungGen: 420530K->256K(407296K)] 522529K->102303K(1094272K), 0.0127150 secs] [Times: user=0.05 sys=0.00, real=0.02 secs] 
2014-07-16T15:31:32.825+0000: 607.146: [GC [PSYoungGen: 407296K->288K(394944K)] 509343K->102399K(1081920K), 0.0034070 secs] [Times: user=0.00 sys=0.00, real=0.00 secs] 
2014-07-16T15:31:33.663+0000: 607.984: [GC [PSYoungGen: 394912K->224K(382976K)] 497023K->102383K(1069952K), 0.0042700 secs] [Times: user=0.01 sys=0.00, real=0.01 secs] 
2014-07-16T15:31:34.531+0000: 608.852: [GC [PSYoungGen: 382844K->502K(371840K)] 485004K->102709K(1058816K), 0.0051710 secs] [Times: user=0.01 sys=0.00, real=0.01 secs] 
2014-07-16T15:31:35.344+0000: 609.666: [GC [PSYoungGen: 371828K->626K(446272K)] 474036K->102921K(1133248K), 0.0202050 secs] [Times: user=0.07 sys=0.00, real=0.02 secs] 
2014-07-16T15:31:36.296+0000: 610.618: [GC [PSYoungGen: 446258K->388K(432000K)] 548553K->102755K(1118976K), 0.0040550 secs] [Times: user=0.01 sys=0.00, real=0.00 secs] 
2014-07-16T15:31:37.272+0000: 611.593: [GC [PSYoungGen: 431939K->402K(418496K)] 534307K->102809K(1105472K), 0.0048140 secs] [Times: user=0.01 sys=0.00, real=0.01 secs] 
2014-07-16T15:31:38.166+0000: 612.487: [GC [PSYoungGen: 418450K->484K(405632K)] 520857K->102955K(1092608K), 0.0077580 secs] [Times: user=0.03 sys=0.00, real=0.00 secs] 
2014-07-16T15:31:39.027+0000: 613.349: [GC [PSYoungGen: 405604K->694K(393472K)] 508075K->103205K(1080448K), 0.0055190 secs] [Times: user=0.01 sys=0.00, real=0.00 secs] 
2014-07-16T15:31:39.892+0000: 614.214: [GC [PSYoungGen: 393461K->224K(381184K)] 495972K->102751K(1068160K), 0.0037460 secs] [Times: user=0.01 sys=0.00, real=0.01 secs] 
2014-07-16T15:31:40.710+0000: 615.031: [GC [PSYoungGen: 381114K->420K(370048K)] 483642K->103011K(1057024K), 0.0088580 secs] [Times: user=0.03 sys=0.00, real=0.01 secs] 
2014-07-16T15:31:41.496+0000: 615.818: [GC [PSYoungGen: 370018K->288K(359040K)] 472610K->102919K(1046016K), 0.0129570 secs] [Times: user=0.04 sys=0.00, real=0.01 secs] 
2014-07-16T15:31:42.262+0000: 616.583: [GC [PSYoungGen: 359008K->128K(430592K)] 461639K->102839K(1117568K), 0.0139060 secs] [Times: user=0.05 sys=0.00, real=0.01 secs] 
2014-07-16T15:31:43.183+0000: 617.504: [GC [PSYoungGen: 430592K->320K(516928K)] 533303K->103087K(1203904K), 0.0056680 secs] [Times: user=0.02 sys=0.00, real=0.01 secs] 
2014-07-16T15:31:44.291+0000: 618.612: [GC [PSYoungGen: 516928K->370K(499776K)] 619695K->103185K(1186752K), 0.0043890 secs] [Times: user=0.02 sys=0.00, real=0.00 secs] 
2014-07-16T15:31:45.396+0000: 619.718: [GC [PSYoungGen: 499762K->352K(483328K)] 602577K->103239K(1170304K), 0.0035720 secs] [Times: user=0.01 sys=0.00, real=0.00 secs] 
2014-07-16T15:31:46.452+0000: 620.773: [GC [PSYoungGen: 483296K->352K(467584K)] 586183K->103351K(1154560K), 0.0177570 secs] [Times: user=0.07 sys=0.01, real=0.02 secs] 
2014-07-16T15:31:47.463+0000: 621.784: [GC [PSYoungGen: 467552K->680K(452864K)] 570551K->103876K(1139840K), 0.0029300 secs] [Times: user=0.01 sys=0.00, real=0.00 secs] 
2014-07-16T15:31:48.431+0000: 622.753: [GC [PSYoungGen: 452840K->434K(438208K)] 556036K->103720K(1125184K), 0.0107230 secs] [Times: user=0.03 sys=0.00, real=0.01 secs] 
2014-07-16T15:31:49.394+0000: 623.715: [GC [PSYoungGen: 438133K->288K(525632K)] 541420K->103646K(1212608K), 0.0217420 secs] [Times: user=0.07 sys=0.00, real=0.02 secs] 
2014-07-16T15:31:50.550+0000: 624.872: [GC [PSYoungGen: 525600K->320K(508032K)] 628958K->103726K(1195008K), 0.0039550 secs] [Times: user=0.01 sys=0.00, real=0.00 secs] 
2014-07-16T15:31:51.658+0000: 625.979: [GC [PSYoungGen: 508032K->420K(491328K)] 611438K->103898K(1178304K), 0.0044330 secs] [Times: user=0.01 sys=0.00, real=0.00 secs] 
2014-07-16T15:31:52.704+0000: 627.025: [GC [PSYoungGen: 491300K->256K(475072K)] 594778K->103814K(1162048K), 0.0043710 secs] [Times: user=0.01 sys=0.00, real=0.01 secs] 
2014-07-16T15:31:53.723+0000: 628.044: [GC [PSYoungGen: 475072K->256K(459712K)] 578630K->103886K(1146688K), 0.0037800 secs] [Times: user=0.01 sys=0.00, real=0.00 secs] 
2014-07-16T15:31:54.775+0000: 629.097: [GC [PSYoungGen: 459712K->530K(445376K)] 563342K->104224K(1132352K), 0.0075920 secs] [Times: user=0.02 sys=0.00, real=0.01 secs] 
2014-07-16T15:31:55.677+0000: 629.999: [GC [PSYoungGen: 445330K->406K(431168K)] 549024K->104204K(1118144K), 0.0085860 secs] [Times: user=0.03 sys=0.01, real=0.01 secs] 
2014-07-16T15:31:56.599+0000: 630.920: [GC [PSYoungGen: 431126K->306K(417600K)] 534924K->104152K(1104576K), 0.0064170 secs] [Times: user=0.02 sys=0.00, real=0.00 secs] 
2014-07-16T15:31:57.502+0000: 631.823: [GC [PSYoungGen: 417586K->562K(501312K)] 521432K->104480K(1188288K), 0.0200040 secs] [Times: user=0.06 sys=0.00, real=0.02 secs] 
2014-07-16T15:31:58.570+0000: 632.891: [GC [PSYoungGen: 501298K->630K(601536K)] 605216K->104612K(1288512K), 0.0216230 secs] [Times: user=0.07 sys=0.00, real=0.02 secs] 
2014-07-16T15:31:59.900+0000: 634.221: [GC [PSYoungGen: 601526K->288K(721408K)] 705508K->104310K(1408384K), 0.0038220 secs] [Times: user=0.02 sys=0.00, real=0.00 secs] 
2014-07-16T15:32:01.431+0000: 635.753: [GC [PSYoungGen: 721376K->370K(694912K)] 825398K->104480K(1381888K), 0.0067170 secs] [Times: user=0.02 sys=0.00, real=0.00 secs] 
2014-07-16T15:32:02.920+0000: 637.241: [GC [PSYoungGen: 694858K->548K(669824K)] 798969K->104746K(1356800K), 0.0065770 secs] [Times: user=0.01 sys=0.00, real=0.00 secs] 
2014-07-16T15:32:04.349+0000: 638.670: [GC [PSYoungGen: 669795K->484K(645632K)] 773993K->104754K(1332608K), 0.0046620 secs] [Times: user=0.01 sys=0.00, real=0.01 secs] 
2014-07-16T15:32:05.773+0000: 640.095: [GC [PSYoungGen: 645539K->502K(622592K)] 749810K->105452K(1309568K), 0.0086760 secs] [Times: user=0.01 sys=0.00, real=0.01 secs] 
2014-07-16T15:32:07.101+0000: 641.422: [GC [PSYoungGen: 622582K->704K(600832K)] 727532K->105766K(1287808K), 0.0064540 secs] [Times: user=0.01 sys=0.00, real=0.00 secs] 
2014-07-16T15:32:08.377+0000: 642.698: [GC [PSYoungGen: 600832K->452K(579712K)] 705894K->105714K(1266688K), 0.0104950 secs] [Times: user=0.04 sys=0.00, real=0.01 secs] 
2014-07-16T15:32:09.627+0000: 643.949: [GC [PSYoungGen: 579652K->370K(559552K)] 684914K->105680K(1246528K), 0.0224300 secs] [Times: user=0.08 sys=0.00, real=0.02 secs] 
2014-07-16T15:32:10.853+0000: 645.174: [GC [PSYoungGen: 559538K->306K(540352K)] 664848K->105672K(1227328K), 0.0045510 secs] [Times: user=0.01 sys=0.00, real=0.00 secs] 
2014-07-16T15:32:12.006+0000: 646.327: [GC [PSYoungGen: 540338K->288K(522112K)] 645704K->105750K(1209088K), 0.0083170 secs] [Times: user=0.03 sys=0.00, real=0.01 secs] 
2014-07-16T15:32:13.148+0000: 647.470: [GC [PSYoungGen: 522080K->484K(504896K)] 627542K->106010K(1191872K), 0.0068230 secs] [Times: user=0.01 sys=0.00, real=0.01 secs] 
2014-07-16T15:32:14.208+0000: 648.530: [GC [PSYoungGen: 504868K->384K(488128K)] 610394K->106006K(1175104K), 0.0120910 secs] [Times: user=0.04 sys=0.00, real=0.01 secs] 
2014-07-16T15:32:15.253+0000: 649.574: [GC [PSYoungGen: 488121K->406K(585792K)] 593744K->106084K(1272768K), 0.0182490 secs] [Times: user=0.06 sys=0.00, real=0.02 secs] 
2014-07-16T15:32:16.505+0000: 650.827: [GC [PSYoungGen: 585750K->192K(565248K)] 691428K->105950K(1252224K), 0.0094540 secs] [Times: user=0.04 sys=0.00, real=0.01 secs] 
2014-07-16T15:32:17.717+0000: 652.038: [GC [PSYoungGen: 565248K->470K(678592K)] 671006K->106276K(1365568K), 0.0145900 secs] [Times: user=0.05 sys=0.00, real=0.02 secs] 
2014-07-16T15:32:19.183+0000: 653.504: [GC [PSYoungGen: 678550K->434K(814144K)] 784356K->106296K(1501120K), 0.0157860 secs] [Times: user=0.06 sys=0.00, real=0.01 secs] 
2014-07-16T15:32:21.091+0000: 655.413: [GC [PSYoungGen: 814036K->662K(783552K)] 919898K->106580K(1470528K), 0.0050930 secs] [Times: user=0.01 sys=0.00, real=0.01 secs] 
2014-07-16T15:32:22.751+0000: 657.072: [GC [PSYoungGen: 783510K->498K(753920K)] 889428K->106584K(1440896K), 0.0108320 secs] [Times: user=0.02 sys=0.00, real=0.02 secs] 
2014-07-16T15:32:24.363+0000: 658.684: [GC [PSYoungGen: 753906K->352K(725760K)] 859992K->106542K(1412736K), 0.0256080 secs] [Times: user=0.08 sys=0.00, real=0.02 secs] 
2014-07-16T15:32:25.919+0000: 660.240: [GC [PSYoungGen: 725728K->416K(699072K)] 831918K->106710K(1386048K), 0.0149060 secs] [Times: user=0.06 sys=0.00, real=0.02 secs] 
2014-07-16T15:32:27.409+0000: 661.731: [GC [PSYoungGen: 699036K->452K(673664K)] 805330K->106850K(1360640K), 0.0063900 secs] [Times: user=0.01 sys=0.00, real=0.01 secs] 
2014-07-16T15:32:28.857+0000: 663.179: [GC [PSYoungGen: 673603K->370K(649216K)] 780001K->106824K(1336192K), 0.0041500 secs] [Times: user=0.01 sys=0.00, real=0.00 secs] 
2014-07-16T15:32:30.270+0000: 664.591: [GC [PSYoungGen: 649202K->484K(626176K)] 755656K->106986K(1313152K), 0.0043680 secs] [Times: user=0.01 sys=0.00, real=0.01 secs] 
2014-07-16T15:32:31.637+0000: 665.958: [GC [PSYoungGen: 626148K->484K(604032K)] 732650K->107058K(1291008K), 0.0072440 secs] [Times: user=0.01 sys=0.01, real=0.01 secs] 
2014-07-16T15:32:32.950+0000: 667.271: [GC [PSYoungGen: 604004K->480K(582912K)] 710578K->107166K(1269888K), 0.0115710 secs] [Times: user=0.05 sys=0.00, real=0.01 secs] 
2014-07-16T15:32:34.221+0000: 668.543: [GC [PSYoungGen: 582880K->288K(562560K)] 689566K->107054K(1249536K), 0.0166020 secs] [Times: user=0.05 sys=0.00, real=0.02 secs] 
2014-07-16T15:32:35.435+0000: 669.756: [GC [PSYoungGen: 562528K->612K(543616K)] 669294K->107490K(1230592K), 0.0050990 secs] [Times: user=0.01 sys=0.00, real=0.00 secs] 
2014-07-16T15:32:36.630+0000: 670.951: [GC [PSYoungGen: 543588K->530K(525184K)] 650466K->107480K(1212160K), 0.0070550 secs] [Times: user=0.01 sys=0.00, real=0.01 secs] 
2014-07-16T15:32:37.725+0000: 672.046: [GC [PSYoungGen: 525135K->306K(507392K)] 632086K->107320K(1194368K), 0.0147790 secs] [Times: user=0.05 sys=0.00, real=0.01 secs] 
2014-07-16T15:32:38.810+0000: 673.131: [GC [PSYoungGen: 507322K->424K(490752K)] 614336K->107486K(1177728K), 0.0108050 secs] [Times: user=0.04 sys=0.00, real=0.01 secs] 
2014-07-16T15:32:39.860+0000: 674.181: [GC [PSYoungGen: 490728K->306K(474560K)] 597790K->107416K(1161536K), 0.0123390 secs] [Times: user=0.04 sys=0.00, real=0.01 secs] 
2014-07-16T15:32:40.893+0000: 675.215: [GC [PSYoungGen: 474546K->224K(459136K)] 581656K->107366K(1146112K), 0.0066830 secs] [Times: user=0.01 sys=0.00, real=0.01 secs] 
2014-07-16T15:32:41.889+0000: 676.211: [GC [PSYoungGen: 459104K->544K(551232K)] 566246K->107766K(1238208K), 0.0198890 secs] [Times: user=0.06 sys=0.00, real=0.02 secs] 
2014-07-16T15:32:43.069+0000: 677.391: [GC [PSYoungGen: 551199K->530K(532480K)] 658421K->107832K(1219456K), 0.0050420 secs] [Times: user=0.01 sys=0.00, real=0.00 secs] 
2014-07-16T15:32:44.197+0000: 678.518: [GC [PSYoungGen: 532434K->406K(514496K)] 639736K->107788K(1201472K), 0.0120870 secs] [Times: user=0.05 sys=0.00, real=0.01 secs] 
2014-07-16T15:32:45.312+0000: 679.633: [GC [PSYoungGen: 514454K->224K(497216K)] 621836K->107662K(1184192K), 0.0070290 secs] [Times: user=0.01 sys=0.01, real=0.01 secs] 
2014-07-16T15:32:46.365+0000: 680.686: [GC [PSYoungGen: 497184K->128K(480768K)] 604622K->107622K(1167744K), 0.0081170 secs] [Times: user=0.01 sys=0.00, real=0.01 secs] 
2014-07-16T15:32:47.405+0000: 681.726: [GC [PSYoungGen: 480768K->320K(465344K)] 588262K->107862K(1152320K), 0.0146010 secs] [Times: user=0.06 sys=0.00, real=0.02 secs] 
2014-07-16T15:32:48.402+0000: 682.723: [GC [PSYoungGen: 465344K->562K(558656K)] 572886K->108168K(1245632K), 0.0131630 secs] [Times: user=0.04 sys=0.00, real=0.01 secs] 
2014-07-16T15:32:49.616+0000: 683.938: [GC [PSYoungGen: 558642K->288K(539328K)] 666248K->107918K(1226304K), 0.0049050 secs] [Times: user=0.01 sys=0.00, real=0.00 secs] 
2014-07-16T15:32:50.779+0000: 685.101: [GC [PSYoungGen: 539296K->256K(521088K)] 646926K->107934K(1208064K), 0.0041880 secs] [Times: user=0.01 sys=0.00, real=0.00 secs] 
2014-07-16T15:32:51.959+0000: 686.280: [GC [PSYoungGen: 521088K->512K(625536K)] 628766K->108270K(1312512K), 0.0246010 secs] [Times: user=0.08 sys=0.00, real=0.02 secs] 
2014-07-16T15:32:53.351+0000: 687.672: [GC [PSYoungGen: 625536K->534K(750656K)] 733294K->108420K(1437632K), 0.0106500 secs] [Times: user=0.04 sys=0.00, real=0.01 secs] 
2014-07-16T15:32:54.941+0000: 689.263: [GC [PSYoungGen: 750614K->584K(722816K)] 858500K->108630K(1409792K), 0.0120770 secs] [Times: user=0.03 sys=0.00, real=0.01 secs] 
2014-07-16T15:32:56.533+0000: 690.854: [GC [PSYoungGen: 722760K->356K(696000K)] 830806K->108546K(1382976K), 0.0106000 secs] [Times: user=0.04 sys=0.00, real=0.01 secs] 
2014-07-16T15:32:58.030+0000: 692.351: [GC [PSYoungGen: 695971K->274K(670592K)] 804162K->108544K(1357568K), 0.0036130 secs] [Times: user=0.01 sys=0.00, real=0.00 secs] 
2014-07-16T15:32:59.471+0000: 693.792: [GC [PSYoungGen: 670546K->338K(646464K)] 778816K->108680K(1333440K), 0.0060060 secs] [Times: user=0.02 sys=0.01, real=0.00 secs] 
2014-07-16T15:33:00.880+0000: 695.201: [GC [PSYoungGen: 646418K->288K(623360K)] 754760K->108670K(1310336K), 0.0064310 secs] [Times: user=0.02 sys=0.00, real=0.00 secs] 
2014-07-16T15:33:02.219+0000: 696.541: [GC [PSYoungGen: 623327K->370K(601408K)] 731709K->108856K(1288384K), 0.0199720 secs] [Times: user=0.07 sys=0.00, real=0.02 secs] 
2014-07-16T15:33:03.591+0000: 697.913: [GC [PSYoungGen: 601394K->680K(580736K)] 709880K->109358K(1267712K), 0.0046130 secs] [Times: user=0.02 sys=0.00, real=0.00 secs] 
2014-07-16T15:33:04.808+0000: 699.129: [GC [PSYoungGen: 580712K->338K(560384K)] 689390K->109144K(1247360K), 0.0154500 secs] [Times: user=0.05 sys=0.00, real=0.02 secs] 
2014-07-16T15:33:06.029+0000: 700.350: [GC [PSYoungGen: 560338K->256K(541120K)] 669144K->109158K(1228096K), 0.0093920 secs] [Times: user=0.03 sys=0.00, real=0.01 secs] 
2014-07-16T15:33:07.192+0000: 701.513: [GC [PSYoungGen: 541120K->306K(522880K)] 650022K->109280K(1209856K), 0.0147520 secs] [Times: user=0.06 sys=0.00, real=0.01 secs] 
2014-07-16T15:33:08.314+0000: 702.635: [GC [PSYoungGen: 522866K->370K(505472K)] 631840K->109392K(1192448K), 0.0074430 secs] [Times: user=0.03 sys=0.00, real=0.01 secs] 
2014-07-16T15:33:09.407+0000: 703.728: [GC [PSYoungGen: 505457K->452K(488896K)] 614479K->109522K(1175872K), 0.0133710 secs] [Times: user=0.05 sys=0.00, real=0.02 secs] 
2014-07-16T15:33:10.543+0000: 704.865: [GC [PSYoungGen: 488836K->740K(473216K)] 597906K->110218K(1160192K), 0.0062780 secs] [Times: user=0.02 sys=0.00, real=0.01 secs] 
2014-07-16T15:33:11.490+0000: 705.811: [GC [PSYoungGen: 473188K->320K(457536K)] 582666K->109854K(1144512K), 0.0071140 secs] [Times: user=0.02 sys=0.00, real=0.00 secs] 
2014-07-16T15:33:12.491+0000: 706.812: [GC [PSYoungGen: 457536K->384K(443008K)] 567070K->110118K(1129984K), 0.0079440 secs] [Times: user=0.03 sys=0.00, real=0.00 secs] 
2014-07-16T15:33:13.439+0000: 707.761: [GC [PSYoungGen: 443008K->306K(428992K)] 552742K->110112K(1115968K), 0.0053490 secs] [Times: user=0.01 sys=0.00, real=0.01 secs] 
2014-07-16T15:33:14.367+0000: 708.689: [GC [PSYoungGen: 428978K->620K(515072K)] 538784K->110498K(1202048K), 0.0387160 secs] [Times: user=0.13 sys=0.00, real=0.04 secs] 
2014-07-16T15:33:15.479+0000: 709.801: [GC [PSYoungGen: 515052K->480K(617856K)] 624930K->110446K(1304832K), 0.0109090 secs] [Times: user=0.04 sys=0.00, real=0.02 secs] 
2014-07-16T15:33:16.796+0000: 711.117: [GC [PSYoungGen: 617824K->274K(741184K)] 727790K->110296K(1428160K), 0.0039550 secs] [Times: user=0.02 sys=0.00, real=0.01 secs] 
2014-07-16T15:33:18.374+0000: 712.695: [GC [PSYoungGen: 741122K->324K(889472K)] 851144K->110434K(1576448K), 0.0134570 secs] [Times: user=0.05 sys=0.00, real=0.01 secs] 
2014-07-16T15:33:20.299+0000: 714.620: [GC [PSYoungGen: 889411K->484K(855168K)] 999521K->110642K(1542144K), 0.0040500 secs] [Times: user=0.01 sys=0.00, real=0.01 secs] 
2014-07-16T15:33:22.165+0000: 716.486: [GC [PSYoungGen: 855140K->708K(822592K)] 965298K->110946K(1509568K), 0.0100240 secs] [Times: user=0.04 sys=0.00, real=0.01 secs] 
2014-07-16T15:33:23.895+0000: 718.217: [GC [PSYoungGen: 822532K->352K(790976K)] 932770K->110726K(1477952K), 0.0050360 secs] [Times: user=0.01 sys=0.00, real=0.00 secs] 
2014-07-16T15:33:25.592+0000: 719.913: [GC [PSYoungGen: 790944K->352K(761216K)] 901318K->110838K(1448192K), 0.0047500 secs] [Times: user=0.01 sys=0.00, real=0.01 secs] 
2014-07-16T15:33:27.217+0000: 721.538: [GC [PSYoungGen: 761182K->374K(732864K)] 871669K->110964K(1419840K), 0.0043330 secs] [Times: user=0.01 sys=0.00, real=0.00 secs] 
2014-07-16T15:33:28.783+0000: 723.104: [GC [PSYoungGen: 732854K->192K(705600K)] 843444K->110838K(1392576K), 0.0082900 secs] [Times: user=0.03 sys=0.00, real=0.00 secs] 
2014-07-16T15:33:30.289+0000: 724.611: [GC [PSYoungGen: 705600K->338K(680000K)] 816246K->111040K(1366976K), 0.0162530 secs] [Times: user=0.06 sys=0.00, real=0.02 secs] 
2014-07-16T15:33:31.753+0000: 726.075: [GC [PSYoungGen: 679895K->420K(655488K)] 790597K->111154K(1342464K), 0.0049220 secs] [Times: user=0.01 sys=0.01, real=0.00 secs] 
2014-07-16T15:33:33.161+0000: 727.482: [GC [PSYoungGen: 655374K->498K(632064K)] 766108K->111352K(1319040K), 0.0147280 secs] [Times: user=0.05 sys=0.01, real=0.02 secs] 
2014-07-16T15:33:34.504+0000: 728.825: [GC [PSYoungGen: 632050K->160K(609344K)] 742904K->111102K(1296320K), 0.0105940 secs] [Times: user=0.04 sys=0.00, real=0.01 secs] 
2014-07-16T15:33:35.954+0000: 730.275: [GC [PSYoungGen: 609284K->744K(588544K)] 720226K->111750K(1275520K), 0.0046390 secs] [Times: user=0.01 sys=0.00, real=0.00 secs] 
2014-07-16T15:33:37.197+0000: 731.518: [GC [PSYoungGen: 588519K->616K(568000K)] 699525K->111766K(1254976K), 0.0164980 secs] [Times: user=0.06 sys=0.00, real=0.02 secs] 
2014-07-16T15:33:38.403+0000: 732.724: [GC [PSYoungGen: 567974K->420K(548352K)] 679125K->111650K(1235328K), 0.0065550 secs] [Times: user=0.02 sys=0.00, real=0.01 secs] 
2014-07-16T15:33:39.583+0000: 733.904: [GC [PSYoungGen: 548324K->384K(529664K)] 659554K->111646K(1216640K), 0.0051500 secs] [Times: user=0.01 sys=0.01, real=0.01 secs] 
2014-07-16T15:33:40.720+0000: 735.042: [GC [PSYoungGen: 529664K->356K(511872K)] 640926K->111658K(1198848K), 0.0234740 secs] [Times: user=0.08 sys=0.00, real=0.02 secs] 
2014-07-16T15:33:41.827+0000: 736.148: [GC [PSYoungGen: 511799K->552K(495104K)] 623101K->111894K(1182080K), 0.0065130 secs] [Times: user=0.01 sys=0.00, real=0.00 secs] 
2014-07-16T15:33:42.885+0000: 737.206: [GC [PSYoungGen: 495080K->352K(478720K)] 606422K->111806K(1165696K), 0.0140440 secs] [Times: user=0.06 sys=0.00, real=0.01 secs] 
2014-07-16T15:33:43.909+0000: 738.230: [GC [PSYoungGen: 478688K->288K(574336K)] 590142K->111830K(1261312K), 0.0120350 secs] [Times: user=0.03 sys=0.00, real=0.01 secs] 
2014-07-16T15:33:45.149+0000: 739.470: [GC [PSYoungGen: 574304K->274K(554560K)] 685846K->111880K(1241536K), 0.0085840 secs] [Times: user=0.02 sys=0.00, real=0.01 secs] 
2014-07-16T15:33:46.403+0000: 740.724: [GC [PSYoungGen: 554514K->762K(536128K)] 666120K->112464K(1223104K), 0.0108770 secs] [Times: user=0.03 sys=0.00, real=0.01 secs] 
2014-07-16T15:33:47.608+0000: 741.929: [GC [PSYoungGen: 536118K->320K(517632K)] 647820K->112110K(1204608K), 0.0045520 secs] [Times: user=0.01 sys=0.00, real=0.00 secs] 
2014-07-16T15:33:48.707+0000: 743.028: [GC [PSYoungGen: 517632K->256K(500352K)] 629422K->112102K(1187328K), 0.0103240 secs] [Times: user=0.04 sys=0.00, real=0.01 secs] 
2014-07-16T15:33:49.771+0000: 744.092: [GC [PSYoungGen: 500352K->534K(484224K)] 612198K->112428K(1171200K), 0.0104200 secs] [Times: user=0.03 sys=0.00, real=0.01 secs] 
2014-07-16T15:33:50.820+0000: 745.141: [GC [PSYoungGen: 484182K->576K(468480K)] 596076K->112510K(1155456K), 0.0117160 secs] [Times: user=0.03 sys=0.00, real=0.01 secs] 
2014-07-16T15:33:51.821+0000: 746.143: [GC [PSYoungGen: 468480K->416K(453312K)] 580414K->112406K(1140288K), 0.0106010 secs] [Times: user=0.03 sys=0.00, real=0.01 secs] 
2014-07-16T15:33:52.802+0000: 747.123: [GC [PSYoungGen: 453280K->320K(438784K)] 565270K->112422K(1125760K), 0.0066420 secs] [Times: user=0.01 sys=0.00, real=0.01 secs] 
2014-07-16T15:33:53.776+0000: 748.097: [GC [PSYoungGen: 438784K->370K(425088K)] 550886K->112536K(1112064K), 0.0048020 secs] [Times: user=0.01 sys=0.00, real=0.00 secs] 
2014-07-16T15:33:54.659+0000: 748.980: [GC [PSYoungGen: 425074K->416K(510144K)] 537240K->112694K(1197120K), 0.0372380 secs] [Times: user=0.13 sys=0.01, real=0.04 secs] 
2014-07-16T15:33:55.778+0000: 750.100: [GC [PSYoungGen: 510112K->544K(612224K)] 622390K->112878K(1299200K), 0.0044850 secs] [Times: user=0.02 sys=0.00, real=0.00 secs] 
2014-07-16T15:33:57.122+0000: 751.444: [GC [PSYoungGen: 612192K->352K(734400K)] 724526K->112766K(1421376K), 0.0104120 secs] [Times: user=0.02 sys=0.00, real=0.01 secs] 
2014-07-16T15:33:58.697+0000: 753.018: [GC [PSYoungGen: 734368K->306K(707200K)] 846782K->112800K(1394176K), 0.0045560 secs] [Times: user=0.01 sys=0.01, real=0.01 secs] 
2014-07-16T15:34:00.217+0000: 754.539: [GC [PSYoungGen: 707095K->256K(681280K)] 819589K->112806K(1368256K), 0.0061860 secs] [Times: user=0.02 sys=0.00, real=0.00 secs] 
2014-07-16T15:34:01.701+0000: 756.022: [GC [PSYoungGen: 681233K->370K(656768K)] 793783K->112952K(1343744K), 0.0047120 secs] [Times: user=0.01 sys=0.00, real=0.00 secs] 
2014-07-16T15:34:03.122+0000: 757.443: [GC [PSYoungGen: 656752K->680K(633536K)] 769334K->113566K(1320512K), 0.0037310 secs] [Times: user=0.01 sys=0.00, real=0.00 secs] 
2014-07-16T15:34:04.470+0000: 758.792: [GC [PSYoungGen: 633512K->434K(610816K)] 746398K->113424K(1297792K), 0.0071660 secs] [Times: user=0.02 sys=0.00, real=0.01 secs] 
2014-07-16T15:34:05.798+0000: 760.120: [GC [PSYoungGen: 610796K->420K(589376K)] 723786K->113538K(1276352K), 0.0037580 secs] [Times: user=0.01 sys=0.00, real=0.00 secs] 
2014-07-16T15:34:07.106+0000: 761.428: [GC [PSYoungGen: 589348K->498K(568960K)] 702466K->113688K(1255936K), 0.0151670 secs] [Times: user=0.06 sys=0.00, real=0.02 secs] 
2014-07-16T15:34:08.351+0000: 762.673: [GC [PSYoungGen: 568872K->320K(549248K)] 682063K->113582K(1236224K), 0.0047610 secs] [Times: user=0.01 sys=0.00, real=0.00 secs] 
2014-07-16T15:34:09.528+0000: 763.849: [GC [PSYoungGen: 549248K->512K(530816K)] 662510K->113862K(1217792K), 0.0091070 secs] [Times: user=0.02 sys=0.00, real=0.01 secs] 
2014-07-16T15:34:10.653+0000: 764.974: [GC [PSYoungGen: 530816K->274K(512832K)] 644166K->113656K(1199808K), 0.0049790 secs] [Times: user=0.01 sys=0.00, real=0.00 secs] 
2014-07-16T15:34:11.792+0000: 766.114: [GC [PSYoungGen: 512786K->758K(496256K)] 626168K->114476K(1183232K), 0.0052770 secs] [Times: user=0.02 sys=0.00, real=0.00 secs] 
2014-07-16T15:34:12.847+0000: 767.168: [GC [PSYoungGen: 496246K->320K(479552K)] 609964K->114134K(1166528K), 0.0130500 secs] [Times: user=0.03 sys=0.00, real=0.02 secs] 
2014-07-16T15:34:13.886+0000: 768.207: [GC [PSYoungGen: 479544K->452K(464192K)] 593359K->114394K(1151168K), 0.0055850 secs] [Times: user=0.01 sys=0.00, real=0.01 secs] 
2014-07-16T15:34:14.891+0000: 769.213: [GC [PSYoungGen: 464132K->320K(449152K)] 578074K->114342K(1136128K), 0.0050180 secs] [Times: user=0.01 sys=0.00, real=0.00 secs] 
2014-07-16T15:34:15.876+0000: 770.198: [GC [PSYoungGen: 449152K->384K(435008K)] 563174K->114454K(1121984K), 0.0050450 secs] [Times: user=0.01 sys=0.00, real=0.01 secs] 
2014-07-16T15:34:16.814+0000: 771.135: [GC [PSYoungGen: 435008K->484K(421504K)] 549078K->114642K(1108480K), 0.0081590 secs] [Times: user=0.02 sys=0.00, real=0.01 secs] 
2014-07-16T15:34:17.743+0000: 772.065: [GC [PSYoungGen: 421476K->484K(408448K)] 535634K->114706K(1095424K), 0.0039970 secs] [Times: user=0.01 sys=0.00, real=0.00 secs] 
2014-07-16T15:34:18.639+0000: 772.960: [GC [PSYoungGen: 408420K->498K(395968K)] 522642K->114776K(1082944K), 0.0080840 secs] [Times: user=0.03 sys=0.00, real=0.01 secs] 
2014-07-16T15:34:19.477+0000: 773.798: [GC [PSYoungGen: 395954K->434K(475008K)] 510232K->114760K(1161984K), 0.0195970 secs] [Times: user=0.07 sys=0.00, real=0.02 secs] 
2014-07-16T15:34:20.499+0000: 774.820: [GC [PSYoungGen: 474934K->552K(570048K)] 589261K->114942K(1257024K), 0.0296660 secs] [Times: user=0.11 sys=0.00, real=0.03 secs] 
2014-07-16T15:34:21.761+0000: 776.082: [GC [PSYoungGen: 570024K->448K(683840K)] 684414K->114870K(1370816K), 0.0049040 secs] [Times: user=0.01 sys=0.00, real=0.00 secs] 
2014-07-16T15:34:23.217+0000: 777.538: [GC [PSYoungGen: 683840K->434K(820544K)] 798262K->114984K(1507520K), 0.0158200 secs] [Times: user=0.05 sys=0.00, real=0.02 secs] 
2014-07-16T15:34:24.984+0000: 779.306: [GC [PSYoungGen: 820530K->320K(984448K)] 935080K->114958K(1671424K), 0.0177670 secs] [Times: user=0.06 sys=0.00, real=0.02 secs] 
2014-07-16T15:34:27.126+0000: 781.447: [GC [PSYoungGen: 984448K->402K(945600K)] 1099086K->115168K(1632576K), 0.0076220 secs] [Times: user=0.03 sys=0.01, real=0.01 secs] 
2014-07-16T15:34:29.146+0000: 783.468: [GC [PSYoungGen: 945554K->306K(1134528K)] 1060320K->115184K(1821504K), 0.0293030 secs] [Times: user=0.11 sys=0.00, real=0.03 secs] 
2014-07-16T15:34:31.692+0000: 786.013: [GC [PSYoungGen: 1134514K->608K(1088640K)] 1249392K->115574K(1775616K), 0.0145410 secs] [Times: user=0.05 sys=0.00, real=0.01 secs] 
2014-07-16T15:34:33.975+0000: 788.297: [GC [PSYoungGen: 1088608K->480K(1044544K)] 1203574K->115638K(1731520K), 0.0182060 secs] [Times: user=0.06 sys=0.00, real=0.02 secs] 
2014-07-16T15:34:36.227+0000: 790.548: [GC [PSYoungGen: 1044512K->352K(1002560K)] 1159670K->115662K(1689536K), 0.0039600 secs] [Times: user=0.01 sys=0.00, real=0.00 secs] 
2014-07-16T15:34:38.385+0000: 792.706: [GC [PSYoungGen: 1002486K->452K(962880K)] 1117796K->115866K(1649856K), 0.0052770 secs] [Times: user=0.02 sys=0.00, real=0.00 secs] 
2014-07-16T15:34:40.468+0000: 794.789: [GC [PSYoungGen: 962820K->452K(924928K)] 1078234K->115962K(1611904K), 0.0172310 secs] [Times: user=0.06 sys=0.00, real=0.02 secs] 
2014-07-16T15:34:42.455+0000: 796.777: [GC [PSYoungGen: 924868K->352K(888704K)] 1040378K->115934K(1575680K), 0.0107220 secs] [Times: user=0.04 sys=0.00, real=0.01 secs] 
2014-07-16T15:34:44.381+0000: 798.702: [GC [PSYoungGen: 888672K->548K(854528K)] 1004254K->116282K(1541504K), 0.0055010 secs] [Times: user=0.02 sys=0.00, real=0.01 secs] 
2014-07-16T15:34:46.216+0000: 800.537: [GC [PSYoungGen: 854500K->434K(821632K)] 970234K->116304K(1508608K), 0.0067490 secs] [Times: user=0.02 sys=0.00, real=0.00 secs] 
2014-07-16T15:34:48.071+0000: 802.392: [GC [PSYoungGen: 821531K->548K(790528K)] 937401K->116498K(1477504K), 0.0047590 secs] [Times: user=0.02 sys=0.00, real=0.01 secs] 
2014-07-16T15:34:49.768+0000: 804.089: [GC [PSYoungGen: 790500K->256K(760448K)] 906450K->116310K(1447424K), 0.0045580 secs] [Times: user=0.01 sys=0.01, real=0.00 secs] 
2014-07-16T15:34:51.391+0000: 805.713: [GC [PSYoungGen: 760448K->288K(732160K)] 876502K->116414K(1419136K), 0.0084200 secs] [Times: user=0.03 sys=0.00, real=0.01 secs] 
2014-07-16T15:34:52.967+0000: 807.288: [GC [PSYoungGen: 732128K->448K(705280K)] 848254K->116678K(1392256K), 0.0079900 secs] [Times: user=0.03 sys=0.00, real=0.00 secs] 
2014-07-16T15:34:54.469+0000: 808.790: [GC [PSYoungGen: 705280K->192K(679232K)] 821510K->116542K(1366208K), 0.0071840 secs] [Times: user=0.02 sys=0.00, real=0.01 secs] 
2014-07-16T15:34:55.921+0000: 810.242: [GC [PSYoungGen: 679232K->324K(654848K)] 795582K->116762K(1341824K), 0.0041300 secs] [Times: user=0.01 sys=0.01, real=0.01 secs] 
2014-07-16T15:34:57.333+0000: 811.655: [GC [PSYoungGen: 654788K->288K(631360K)] 771226K->116798K(1318336K), 0.0103080 secs] [Times: user=0.03 sys=0.00, real=0.01 secs] 
2014-07-16T15:34:58.697+0000: 813.019: [GC [PSYoungGen: 631328K->338K(609024K)] 747838K->116928K(1296000K), 0.0064130 secs] [Times: user=0.01 sys=0.00, real=0.00 secs] 
2014-07-16T15:35:00.048+0000: 814.370: [GC [PSYoungGen: 608978K->694K(587968K)] 725568K->117348K(1274944K), 0.0093500 secs] [Times: user=0.03 sys=0.00, real=0.01 secs] 
2014-07-16T15:35:01.301+0000: 815.623: [GC [PSYoungGen: 587956K->416K(567360K)] 704610K->117134K(1254336K), 0.0133000 secs] [Times: user=0.05 sys=0.00, real=0.01 secs] 
2014-07-16T15:35:02.516+0000: 816.838: [GC [PSYoungGen: 567328K->288K(547776K)] 684046K->117094K(1234752K), 0.0093840 secs] [Times: user=0.04 sys=0.00, real=0.00 secs] 
2014-07-16T15:35:03.684+0000: 818.006: [GC [PSYoungGen: 547744K->338K(529280K)] 664550K->117248K(1216256K), 0.0042460 secs] [Times: user=0.01 sys=0.00, real=0.01 secs] 
2014-07-16T15:35:04.827+0000: 819.148: [GC [PSYoungGen: 529171K->324K(511552K)] 646081K->117306K(1198528K), 0.0050020 secs] [Times: user=0.02 sys=0.00, real=0.00 secs] 
2014-07-16T15:35:05.915+0000: 820.236: [GC [PSYoungGen: 511492K->160K(494400K)] 628474K->117198K(1181376K), 0.0142910 secs] [Times: user=0.04 sys=0.00, real=0.02 secs] 
2014-07-16T15:35:07.051+0000: 821.372: [GC [PSYoungGen: 494368K->768K(478784K)] 611406K->118166K(1165760K), 0.0076440 secs] [Times: user=0.02 sys=0.00, real=0.01 secs] 
2014-07-16T15:35:08.037+0000: 822.358: [GC [PSYoungGen: 478784K->466K(574144K)] 596182K->117920K(1261120K), 0.0570570 secs] [Times: user=0.20 sys=0.00, real=0.06 secs] 
2014-07-16T15:35:09.285+0000: 823.606: [GC [PSYoungGen: 574098K->466K(688896K)] 691552K->118056K(1375872K), 0.0277960 secs] [Times: user=0.11 sys=0.00, real=0.03 secs] 
2014-07-16T15:35:10.843+0000: 825.164: [GC [PSYoungGen: 688845K->480K(826624K)] 806435K->118126K(1513600K), 0.0117730 secs] [Times: user=0.05 sys=0.00, real=0.01 secs] 
2014-07-16T15:35:12.638+0000: 826.959: [GC [PSYoungGen: 826592K->384K(991744K)] 944238K->118126K(1678720K), 0.0079620 secs] [Times: user=0.02 sys=0.00, real=0.01 secs] 
2014-07-16T15:35:14.761+0000: 829.082: [GC [PSYoungGen: 991740K->448K(1190080K)] 1109483K->118398K(1877056K), 0.0204220 secs] [Times: user=0.06 sys=0.00, real=0.02 secs] 
2014-07-16T15:35:17.386+0000: 831.707: [GC [PSYoungGen: 1190080K->708K(1428352K)] 1308030K->118794K(2115328K), 0.0057890 secs] [Times: user=0.01 sys=0.00, real=0.01 secs] 
2014-07-16T15:35:20.433+0000: 834.754: [GC [PSYoungGen: 1428192K->438K(1367616K)] 1546279K->118636K(2054592K), 0.0050080 secs] [Times: user=0.02 sys=0.00, real=0.00 secs] 
2014-07-16T15:35:23.417+0000: 837.738: [GC [PSYoungGen: 1367606K->630K(1310336K)] 1485804K->118964K(1997312K), 0.0361470 secs] [Times: user=0.13 sys=0.00, real=0.04 secs] 
2014-07-16T15:35:26.243+0000: 840.564: [GC [PSYoungGen: 1310276K->530K(1255616K)] 1428610K->119120K(1942592K), 0.0083600 secs] [Times: user=0.02 sys=0.01, real=0.01 secs] 
2014-07-16T15:35:28.953+0000: 843.274: [GC [PSYoungGen: 1255570K->256K(1203264K)] 1374160K->118998K(1890240K), 0.0048410 secs] [Times: user=0.01 sys=0.00, real=0.00 secs] 
2014-07-16T15:35:31.553+0000: 845.875: [GC [PSYoungGen: 1203264K->406K(1153920K)] 1322006K->119260K(1840896K), 0.0193230 secs] [Times: user=0.08 sys=0.00, real=0.02 secs] 
2014-07-16T15:35:34.068+0000: 848.389: [GC [PSYoungGen: 1153878K->548K(1106944K)] 1272732K->119522K(1793920K), 0.0108930 secs] [Times: user=0.04 sys=0.00, real=0.01 secs] 
2014-07-16T15:35:36.457+0000: 850.778: [GC [PSYoungGen: 1106858K->548K(1062080K)] 1225833K->119698K(1749056K), 0.0092120 secs] [Times: user=0.02 sys=0.00, real=0.01 secs] 
2014-07-16T15:35:38.763+0000: 853.084: [GC [PSYoungGen: 1062052K->352K(1019200K)] 1181202K->119590K(1706176K), 0.0102100 secs] [Times: user=0.04 sys=0.00, real=0.01 secs] 
2014-07-16T15:35:40.959+0000: 855.280: [GC [PSYoungGen: 1019168K->584K(978816K)] 1138406K->119934K(1665792K), 0.0143460 secs] [Times: user=0.05 sys=0.00, real=0.02 secs] 
2014-07-16T15:35:43.107+0000: 857.428: [GC [PSYoungGen: 978760K->640K(940160K)] 1098110K->120070K(1627136K), 0.0038760 secs] [Times: user=0.01 sys=0.00, real=0.00 secs] 
2014-07-16T15:35:45.136+0000: 859.457: [GC [PSYoungGen: 940160K->384K(903104K)] 1059590K->119990K(1590080K), 0.0141250 secs] [Times: user=0.05 sys=0.00, real=0.01 secs] 
2014-07-16T15:35:47.078+0000: 861.399: [GC [PSYoungGen: 903104K->320K(867968K)] 1022710K->120054K(1554944K), 0.0069620 secs] [Times: user=0.02 sys=0.00, real=0.01 secs] 
2014-07-16T15:35:48.931+0000: 863.252: [GC [PSYoungGen: 867968K->242K(834496K)] 987702K->120032K(1521472K), 0.0051720 secs] [Times: user=0.02 sys=0.00, real=0.01 secs] 
2014-07-16T15:35:50.720+0000: 865.041: [GC [PSYoungGen: 834482K->224K(802688K)] 954272K->120078K(1489664K), 0.0044780 secs] [Times: user=0.01 sys=0.00, real=0.01 secs] 
2014-07-16T15:35:52.430+0000: 866.751: [GC [PSYoungGen: 802656K->288K(772416K)] 922510K->120206K(1459392K), 0.0078270 secs] [Times: user=0.03 sys=0.00, real=0.01 secs] 
2014-07-16T15:35:54.099+0000: 868.421: [GC [PSYoungGen: 772384K->772K(744000K)] 892302K->120818K(1430976K), 0.0116960 secs] [Times: user=0.03 sys=0.00, real=0.01 secs] 
2014-07-16T15:35:55.704+0000: 870.025: [GC [PSYoungGen: 743940K->384K(715968K)] 863986K->120574K(1402944K), 0.0182360 secs] [Times: user=0.07 sys=0.00, real=0.01 secs] 
2014-07-16T15:35:57.242+0000: 871.564: [GC [PSYoungGen: 715968K->338K(689664K)] 836158K->120608K(1376640K), 0.0063310 secs] [Times: user=0.02 sys=0.00, real=0.01 secs] 
2014-07-16T15:35:58.746+0000: 873.067: [GC [PSYoungGen: 689616K->288K(664576K)] 809886K->120622K(1351552K), 0.0036260 secs] [Times: user=0.01 sys=0.01, real=0.00 secs] 
2014-07-16T15:36:00.174+0000: 874.496: [GC [PSYoungGen: 664544K->306K(640704K)] 784878K->120712K(1327680K), 0.0049580 secs] [Times: user=0.02 sys=0.00, real=0.01 secs] 
2014-07-16T15:36:01.546+0000: 875.868: [GC [PSYoungGen: 640689K->224K(617856K)] 761096K->120662K(1304832K), 0.0049700 secs] [Times: user=0.02 sys=0.00, real=0.00 secs] 
2014-07-16T15:36:02.954+0000: 877.276: [GC [PSYoungGen: 617766K->448K(596288K)] 738205K->120966K(1283264K), 0.0198060 secs] [Times: user=0.07 sys=0.00, real=0.02 secs] 
2014-07-16T15:36:04.205+0000: 878.526: [GC [PSYoungGen: 596240K->388K(575552K)] 716759K->121010K(1262528K), 0.0092850 secs] [Times: user=0.04 sys=0.00, real=0.01 secs] 
2014-07-16T15:36:05.457+0000: 879.779: [GC [PSYoungGen: 575492K->416K(555712K)] 696114K->121126K(1242688K), 0.0065800 secs] [Times: user=0.01 sys=0.01, real=0.00 secs] 
2014-07-16T15:36:06.644+0000: 880.965: [GC [PSYoungGen: 555680K->420K(536768K)] 676390K->121226K(1223744K), 0.0063370 secs] [Times: user=0.01 sys=0.00, real=0.01 secs] 
2014-07-16T15:36:07.850+0000: 882.172: [GC [PSYoungGen: 536740K->694K(518912K)] 657546K->121628K(1205888K), 0.0088910 secs] [Times: user=0.03 sys=0.00, real=0.01 secs] 
2014-07-16T15:36:08.924+0000: 883.246: [GC [PSYoungGen: 518902K->370K(501312K)] 639836K->121376K(1188288K), 0.0054760 secs] [Times: user=0.02 sys=0.00, real=0.01 secs] 
2014-07-16T15:36:09.982+0000: 884.304: [GC [PSYoungGen: 501298K->192K(484608K)] 622304K->121246K(1171584K), 0.0077090 secs] [Times: user=0.03 sys=0.00, real=0.01 secs] 
2014-07-16T15:36:11.044+0000: 885.366: [GC [PSYoungGen: 484608K->818K(469440K)] 605662K->121928K(1156416K), 0.0091870 secs] [Times: user=0.03 sys=0.00, real=0.01 secs] 
2014-07-16T15:36:12.045+0000: 886.367: [GC [PSYoungGen: 469426K->448K(453952K)] 590536K->121630K(1140928K), 0.0053410 secs] [Times: user=0.02 sys=0.00, real=0.01 secs] 
2014-07-16T15:36:13.079+0000: 887.400: [GC [PSYoungGen: 453952K->640K(439744K)] 575134K->121934K(1126720K), 0.0072300 secs] [Times: user=0.02 sys=0.00, real=0.00 secs] 
2014-07-16T15:36:13.981+0000: 888.302: [GC [PSYoungGen: 439744K->506K(425792K)] 561038K->121904K(1112768K), 0.0145330 secs] [Times: user=0.06 sys=0.00, real=0.01 secs] 
2014-07-16T15:36:14.903+0000: 889.224: [GC [PSYoungGen: 425732K->356K(412480K)] 547130K->121818K(1099456K), 0.0051920 secs] [Times: user=0.01 sys=0.01, real=0.01 secs] 
2014-07-16T15:36:15.781+0000: 890.103: [GC [PSYoungGen: 412451K->420K(399872K)] 533913K->121938K(1086848K), 0.0046350 secs] [Times: user=0.01 sys=0.00, real=0.00 secs] 
2014-07-16T15:36:16.684+0000: 891.006: [GC [PSYoungGen: 399844K->384K(479744K)] 521362K->121950K(1166720K), 0.0213040 secs] [Times: user=0.07 sys=0.00, real=0.02 secs] 
2014-07-16T15:36:17.689+0000: 892.010: [GC [PSYoungGen: 479744K->228K(575488K)] 601310K->121850K(1262464K), 0.0128000 secs] [Times: user=0.04 sys=0.00, real=0.01 secs] 
2014-07-16T15:36:18.921+0000: 893.242: [GC [PSYoungGen: 575437K->406K(690752K)] 697060K->122052K(1377728K), 0.0134160 secs] [Times: user=0.05 sys=0.00, real=0.01 secs] 
2014-07-16T15:36:20.398+0000: 894.719: [GC [PSYoungGen: 690710K->256K(665472K)] 812356K->121950K(1352448K), 0.0035610 secs] [Times: user=0.01 sys=0.00, real=0.00 secs] 
2014-07-16T15:36:21.834+0000: 896.155: [GC [PSYoungGen: 665472K->676K(641984K)] 787166K->122410K(1328960K), 0.0045950 secs] [Times: user=0.02 sys=0.00, real=0.01 secs] 
2014-07-16T15:36:23.225+0000: 897.547: [GC [PSYoungGen: 641956K->530K(619008K)] 763690K->122352K(1305984K), 0.0139830 secs] [Times: user=0.06 sys=0.00, real=0.02 secs] 
2014-07-16T15:36:24.551+0000: 898.872: [GC [PSYoungGen: 618962K->402K(597056K)] 740784K->122344K(1284032K), 0.0171680 secs] [Times: user=0.06 sys=0.00, real=0.01 secs] 
2014-07-16T15:36:25.854+0000: 900.175: [GC [PSYoungGen: 597008K->626K(576448K)] 718950K->122672K(1263424K), 0.0063390 secs] [Times: user=0.02 sys=0.00, real=0.01 secs] 
2014-07-16T15:36:27.115+0000: 901.436: [GC [PSYoungGen: 576434K->484K(556480K)] 698480K->122602K(1243456K), 0.0096920 secs] [Times: user=0.04 sys=0.00, real=0.01 secs] 
2014-07-16T15:36:28.335+0000: 902.657: [GC [PSYoungGen: 556452K->402K(537472K)] 678570K->122592K(1224448K), 0.0038050 secs] [Times: user=0.01 sys=0.01, real=0.01 secs] 
2014-07-16T15:36:29.474+0000: 903.796: [GC [PSYoungGen: 537426K->388K(519360K)] 659616K->122658K(1206336K), 0.0164530 secs] [Times: user=0.06 sys=0.00, real=0.02 secs] 
2014-07-16T15:36:30.589+0000: 904.911: [GC [PSYoungGen: 519300K->520K(502208K)] 641570K->122830K(1189184K), 0.0037880 secs] [Times: user=0.01 sys=0.00, real=0.01 secs] 
2014-07-16T15:36:31.667+0000: 905.988: [GC [PSYoungGen: 502152K->516K(485696K)] 624462K->122890K(1172672K), 0.0077570 secs] [Times: user=0.02 sys=0.00, real=0.01 secs] 
2014-07-16T15:36:32.709+0000: 907.031: [GC [PSYoungGen: 485636K->306K(469632K)] 608010K->122752K(1156608K), 0.0035000 secs] [Times: user=0.01 sys=0.00, real=0.01 secs] 
2014-07-16T15:36:33.744+0000: 908.065: [GC [PSYoungGen: 469618K->466K(454720K)] 592064K->122960K(1141696K), 0.0170470 secs] [Times: user=0.06 sys=0.00, real=0.02 secs] 
2014-07-16T15:36:34.736+0000: 909.058: [GC [PSYoungGen: 454674K->740K(440512K)] 577168K->123418K(1127488K), 0.0066320 secs] [Times: user=0.01 sys=0.00, real=0.01 secs] 
2014-07-16T15:36:35.676+0000: 909.997: [GC [PSYoungGen: 440483K->452K(426432K)] 563162K->123234K(1113408K), 0.0088990 secs] [Times: user=0.03 sys=0.00, real=0.01 secs] 
2014-07-16T15:36:36.586+0000: 910.907: [GC [PSYoungGen: 426372K->466K(413184K)] 549154K->123328K(1100160K), 0.0087280 secs] [Times: user=0.03 sys=0.00, real=0.01 secs] 
2014-07-16T15:36:37.482+0000: 911.803: [GC [PSYoungGen: 413138K->416K(495680K)] 536000K->123310K(1182656K), 0.0128160 secs] [Times: user=0.05 sys=0.00, real=0.01 secs] 
2014-07-16T15:36:38.582+0000: 912.904: [GC [PSYoungGen: 495648K->288K(479296K)] 618542K->123230K(1166272K), 0.0075540 secs] [Times: user=0.02 sys=0.00, real=0.00 secs] 
2014-07-16T15:36:39.626+0000: 913.948: [GC [PSYoungGen: 479264K->406K(463872K)] 602206K->123428K(1150848K), 0.0043250 secs] [Times: user=0.01 sys=0.00, real=0.00 secs] 
2014-07-16T15:36:40.620+0000: 914.941: [GC [PSYoungGen: 463830K->402K(556608K)] 586852K->123480K(1243584K), 0.0272030 secs] [Times: user=0.09 sys=0.00, real=0.03 secs] 
2014-07-16T15:36:41.827+0000: 916.148: [GC [PSYoungGen: 556562K->434K(667840K)] 679640K->123544K(1354816K), 0.0043780 secs] [Times: user=0.01 sys=0.00, real=0.01 secs] 
2014-07-16T15:36:43.317+0000: 917.639: [GC [PSYoungGen: 667826K->698K(644032K)] 790936K->124096K(1331008K), 0.0111990 secs] [Times: user=0.04 sys=0.01, real=0.01 secs] 
2014-07-16T15:36:44.696+0000: 919.017: [GC [PSYoungGen: 643998K->484K(620928K)] 767397K->123986K(1307904K), 0.0042550 secs] [Times: user=0.01 sys=0.00, real=0.00 secs] 
2014-07-16T15:36:46.024+0000: 920.346: [GC [PSYoungGen: 620900K->384K(598912K)] 744402K->124046K(1285888K), 0.0177070 secs] [Times: user=0.06 sys=0.00, real=0.02 secs] 
2014-07-16T15:36:47.331+0000: 921.652: [GC [PSYoungGen: 598875K->370K(578048K)] 722537K->124104K(1265024K), 0.0038750 secs] [Times: user=0.01 sys=0.00, real=0.01 secs] 
2014-07-16T15:36:48.570+0000: 922.891: [GC [PSYoungGen: 578034K->274K(558016K)] 701768K->124056K(1244992K), 0.0106600 secs] [Times: user=0.04 sys=0.00, real=0.01 secs] 
2014-07-16T15:36:49.817+0000: 924.138: [GC [PSYoungGen: 557913K->338K(539072K)] 681696K->124168K(1226048K), 0.0131320 secs] [Times: user=0.04 sys=0.00, real=0.01 secs] 
2014-07-16T15:36:50.967+0000: 925.288: [GC [PSYoungGen: 539026K->402K(520960K)] 662856K->124344K(1207936K), 0.0082200 secs] [Times: user=0.02 sys=0.00, real=0.01 secs] 
2014-07-16T15:36:52.120+0000: 926.442: [GC [PSYoungGen: 520914K->402K(503616K)] 644856K->124384K(1190592K), 0.0124980 secs] [Times: user=0.04 sys=0.00, real=0.02 secs] 
2014-07-16T15:36:53.218+0000: 927.539: [GC [PSYoungGen: 503570K->744K(487360K)] 627552K->124830K(1174336K), 0.0053500 secs] [Times: user=0.01 sys=0.00, real=0.01 secs] 
2014-07-16T15:36:54.357+0000: 928.679: [GC [PSYoungGen: 487256K->352K(471104K)] 611342K->124518K(1158080K), 0.0065550 secs] [Times: user=0.01 sys=0.00, real=0.01 secs] 
2014-07-16T15:36:55.374+0000: 929.696: [GC [PSYoungGen: 471072K->488K(456064K)] 595238K->124790K(1143040K), 0.0156360 secs] [Times: user=0.05 sys=0.00, real=0.01 secs] 
2014-07-16T15:36:56.369+0000: 930.691: [GC [PSYoungGen: 456040K->256K(441280K)] 580342K->124606K(1128256K), 0.0085940 secs] [Times: user=0.03 sys=0.00, real=0.01 secs] 
2014-07-16T15:36:57.324+0000: 931.645: [GC [PSYoungGen: 441280K->274K(427456K)] 565630K->124680K(1114432K), 0.0046350 secs] [Times: user=0.01 sys=0.00, real=0.01 secs] 
2014-07-16T15:36:58.277+0000: 932.599: [GC [PSYoungGen: 427410K->832K(513408K)] 551816K->125294K(1200384K), 0.0169260 secs] [Times: user=0.05 sys=0.00, real=0.02 secs] 
2014-07-16T15:36:59.417+0000: 933.739: [GC [PSYoungGen: 513408K->288K(495872K)] 637870K->124782K(1182848K), 0.0046330 secs] [Times: user=0.01 sys=0.00, real=0.00 secs] 
2014-07-16T15:37:00.481+0000: 934.802: [GC [PSYoungGen: 495840K->384K(595072K)] 620334K->124990K(1282048K), 0.0268950 secs] [Times: user=0.09 sys=0.00, real=0.03 secs] 
2014-07-16T15:37:01.761+0000: 936.083: [GC [PSYoungGen: 595072K->256K(713920K)] 719678K->124894K(1400896K), 0.0171420 secs] [Times: user=0.06 sys=0.00, real=0.02 secs] 
2014-07-16T15:37:03.295+0000: 937.616: [GC [PSYoungGen: 713920K->452K(856960K)] 838558K->125178K(1543936K), 0.0112000 secs] [Times: user=0.04 sys=0.01, real=0.02 secs] 
2014-07-16T15:37:05.148+0000: 939.470: [GC [PSYoungGen: 856900K->384K(823936K)] 981626K->125230K(1510912K), 0.0039730 secs] [Times: user=0.02 sys=0.00, real=0.00 secs] 
2014-07-16T15:37:06.930+0000: 941.251: [GC [PSYoungGen: 823936K->256K(792448K)] 948782K->125222K(1479424K), 0.0046050 secs] [Times: user=0.01 sys=0.00, real=0.00 secs] 
2014-07-16T15:37:08.687+0000: 943.008: [GC [PSYoungGen: 792448K->676K(763072K)] 917414K->125722K(1450048K), 0.0053160 secs] [Times: user=0.01 sys=0.00, real=0.00 secs] 
2014-07-16T15:37:10.305+0000: 944.626: [GC [PSYoungGen: 763044K->384K(734272K)] 888090K->125494K(1421248K), 0.0130300 secs] [Times: user=0.04 sys=0.00, real=0.02 secs] 
2014-07-16T15:37:11.905+0000: 946.227: [GC [PSYoungGen: 734250K->680K(707456K)] 859361K->125870K(1394432K), 0.0059850 secs] [Times: user=0.01 sys=0.00, real=0.01 secs] 
2014-07-16T15:37:13.428+0000: 947.750: [GC [PSYoungGen: 707432K->484K(681408K)] 832622K->125786K(1368384K), 0.0195350 secs] [Times: user=0.07 sys=0.01, real=0.02 secs] 
2014-07-16T15:37:14.969+0000: 949.290: [GC [PSYoungGen: 681380K->576K(656832K)] 806682K->126014K(1343808K), 0.0068120 secs] [Times: user=0.02 sys=0.00, real=0.00 secs] 
2014-07-16T15:37:16.376+0000: 950.697: [GC [PSYoungGen: 656801K->520K(633280K)] 782239K->126094K(1320256K), 0.0044430 secs] [Times: user=0.01 sys=0.00, real=0.01 secs] 
2014-07-16T15:37:17.748+0000: 952.069: [GC [PSYoungGen: 633224K->466K(610752K)] 758798K->126104K(1297728K), 0.0050780 secs] [Times: user=0.01 sys=0.00, real=0.00 secs] 
2014-07-16T15:37:19.124+0000: 953.445: [GC [PSYoungGen: 610706K->562K(589376K)] 736344K->126256K(1276352K), 0.0109230 secs] [Times: user=0.04 sys=0.00, real=0.01 secs] 
2014-07-16T15:37:20.428+0000: 954.749: [GC [PSYoungGen: 589362K->616K(569024K)] 715056K->126662K(1256000K), 0.0057790 secs] [Times: user=0.02 sys=0.00, real=0.00 secs] 
2014-07-16T15:37:21.643+0000: 955.964: [GC [PSYoungGen: 569000K->676K(549568K)] 695046K->126794K(1236544K), 0.0071770 secs] [Times: user=0.01 sys=0.00, real=0.01 secs] 
2014-07-16T15:37:22.847+0000: 957.168: [GC [PSYoungGen: 549540K->434K(530688K)] 675658K->126688K(1217664K), 0.0048280 secs] [Times: user=0.01 sys=0.00, real=0.01 secs] 
2014-07-16T15:37:24.004+0000: 958.326: [GC [PSYoungGen: 530674K->434K(512896K)] 656928K->126800K(1199872K), 0.0123580 secs] [Times: user=0.04 sys=0.00, real=0.01 secs] 
2014-07-16T15:37:25.091+0000: 959.413: [GC [PSYoungGen: 512882K->356K(495808K)] 639248K->126834K(1182784K), 0.0046970 secs] [Times: user=0.01 sys=0.00, real=0.00 secs] 
2014-07-16T15:37:26.155+0000: 960.477: [GC [PSYoungGen: 495780K->256K(479424K)] 622258K->126806K(1166400K), 0.0079000 secs] [Times: user=0.03 sys=0.00, real=0.01 secs] 
2014-07-16T15:37:27.188+0000: 961.509: [GC [PSYoungGen: 479424K->210K(463872K)] 605974K->126808K(1150848K), 0.0090040 secs] [Times: user=0.03 sys=0.00, real=0.01 secs] 
2014-07-16T15:37:28.196+0000: 962.517: [GC [PSYoungGen: 463826K->288K(449088K)] 590424K->126918K(1136064K), 0.0177940 secs] [Times: user=0.06 sys=0.00, real=0.02 secs] 
2014-07-16T15:37:29.167+0000: 963.489: [GC [PSYoungGen: 449056K->530K(435136K)] 575686K->127224K(1122112K), 0.0081950 secs] [Times: user=0.02 sys=0.01, real=0.01 secs] 
2014-07-16T15:37:30.096+0000: 964.417: [GC [PSYoungGen: 435032K->324K(521856K)] 561726K->127074K(1208832K), 0.0183400 secs] [Times: user=0.07 sys=0.00, real=0.02 secs] 
2014-07-16T15:37:31.215+0000: 965.537: [GC [PSYoungGen: 521796K->452K(504576K)] 648546K->127242K(1191552K), 0.0052260 secs] [Times: user=0.01 sys=0.00, real=0.01 secs] 
2014-07-16T15:37:32.306+0000: 966.627: [GC [PSYoungGen: 504516K->320K(605248K)] 631306K->127182K(1292224K), 0.0155450 secs] [Times: user=0.05 sys=0.00, real=0.02 secs] 
2014-07-16T15:37:33.606+0000: 967.928: [GC [PSYoungGen: 605240K->420K(584192K)] 732102K->127354K(1271168K), 0.0040650 secs] [Times: user=0.01 sys=0.00, real=0.01 secs] 
2014-07-16T15:37:34.856+0000: 969.177: [GC [PSYoungGen: 584162K->256K(563776K)] 711097K->127270K(1250752K), 0.0120690 secs] [Times: user=0.05 sys=0.00, real=0.01 secs] 
2014-07-16T15:37:36.076+0000: 970.397: [GC [PSYoungGen: 563768K->402K(676672K)] 690782K->127496K(1363648K), 0.0189630 secs] [Times: user=0.05 sys=0.01, real=0.02 secs] 
2014-07-16T15:37:37.533+0000: 971.854: [GC [PSYoungGen: 676626K->384K(652160K)] 803720K->127542K(1339136K), 0.0100290 secs] [Times: user=0.03 sys=0.00, real=0.01 secs] 
2014-07-16T15:37:39.014+0000: 973.335: [GC [PSYoungGen: 652160K->676K(629184K)] 779318K->128362K(1316160K), 0.0057090 secs] [Times: user=0.02 sys=0.00, real=0.00 secs] 
2014-07-16T15:37:40.346+0000: 974.667: [GC [PSYoungGen: 629156K->480K(606720K)] 756842K->128222K(1293696K), 0.0050930 secs] [Times: user=0.02 sys=0.00, real=0.01 secs] 
2014-07-16T15:37:41.696+0000: 976.018: [GC [PSYoungGen: 606635K->768K(585728K)] 734378K->128694K(1272704K), 0.0128160 secs] [Times: user=0.04 sys=0.00, real=0.01 secs] 
2014-07-16T15:37:42.952+0000: 977.273: [GC [PSYoungGen: 585728K->402K(565120K)] 713654K->128456K(1252096K), 0.0157610 secs] [Times: user=0.06 sys=0.00, real=0.01 secs] 
2014-07-16T15:37:44.201+0000: 978.522: [GC [PSYoungGen: 565074K->512K(678144K)] 693128K->128662K(1365120K), 0.0262880 secs] [Times: user=0.10 sys=0.00, real=0.03 secs] 
2014-07-16T15:37:45.632+0000: 979.954: [GC [PSYoungGen: 678046K->292K(813504K)] 806196K->128562K(1500480K), 0.0153500 secs] [Times: user=0.06 sys=0.00, real=0.01 secs] 
2014-07-16T15:37:47.387+0000: 981.709: [GC [PSYoungGen: 813476K->288K(976192K)] 941746K->128638K(1663168K), 0.0204570 secs] [Times: user=0.07 sys=0.00, real=0.02 secs] 
2014-07-16T15:37:49.525+0000: 983.846: [GC [PSYoungGen: 976160K->402K(937728K)] 1104510K->128808K(1624704K), 0.0045100 secs] [Times: user=0.01 sys=0.00, real=0.00 secs] 
2014-07-16T15:37:51.551+0000: 985.872: [GC [PSYoungGen: 937682K->534K(901120K)] 1066088K->129036K(1588096K), 0.0056450 secs] [Times: user=0.01 sys=0.01, real=0.01 secs] 
2014-07-16T15:37:53.510+0000: 987.831: [GC [PSYoungGen: 901078K->530K(866112K)] 1029580K->129128K(1553088K), 0.0077030 secs] [Times: user=0.02 sys=0.00, real=0.01 secs] 
2014-07-16T15:37:55.420+0000: 989.742: [GC [PSYoungGen: 866066K->416K(832640K)] 994664K->129166K(1519616K), 0.0079780 secs] [Times: user=0.03 sys=0.00, real=0.01 secs] 
2014-07-16T15:37:57.225+0000: 991.547: [GC [PSYoungGen: 832608K->288K(800768K)] 961358K->129206K(1487744K), 0.0100420 secs] [Times: user=0.04 sys=0.00, real=0.01 secs] 
2014-07-16T15:37:58.950+0000: 993.272: [GC [PSYoungGen: 800731K->256K(770432K)] 929650K->129262K(1457408K), 0.0042860 secs] [Times: user=0.01 sys=0.00, real=0.01 secs] 
2014-07-16T15:38:00.653+0000: 994.975: [GC [PSYoungGen: 770432K->288K(741696K)] 899438K->129358K(1428672K), 0.0074100 secs] [Times: user=0.01 sys=0.00, real=0.00 secs] 
2014-07-16T15:38:02.250+0000: 996.572: [GC [PSYoungGen: 741641K->598K(714560K)] 870712K->129788K(1401536K), 0.0253870 secs] [Times: user=0.09 sys=0.00, real=0.03 secs] 
2014-07-16T15:38:03.803+0000: 998.124: [GC [PSYoungGen: 714518K->288K(688064K)] 843708K->129606K(1375040K), 0.0262240 secs] [Times: user=0.09 sys=0.00, real=0.03 secs] 
2014-07-16T15:38:05.320+0000: 999.641: [GC [PSYoungGen: 688032K->644K(826048K)] 817350K->130098K(1513024K), 0.0174130 secs] [Times: user=0.06 sys=0.00, real=0.02 secs] 
2014-07-16T15:38:07.103+0000: 1001.425: [GC [PSYoungGen: 825969K->466K(794432K)] 955424K->130040K(1481408K), 0.0104240 secs] [Times: user=0.02 sys=0.00, real=0.01 secs] 
2014-07-16T15:38:08.812+0000: 1003.133: [GC [PSYoungGen: 794381K->566K(764544K)] 923955K->130212K(1451520K), 0.0063150 secs] [Times: user=0.01 sys=0.00, real=0.01 secs] 
2014-07-16T15:38:10.513+0000: 1004.834: [GC [PSYoungGen: 764521K->452K(735936K)] 894167K->130146K(1422912K), 0.0049270 secs] [Times: user=0.02 sys=0.00, real=0.01 secs] 
2014-07-16T15:38:12.111+0000: 1006.432: [GC [PSYoungGen: 735874K->452K(708736K)] 865569K->130242K(1395712K), 0.0040100 secs] [Times: user=0.01 sys=0.00, real=0.01 secs] 
2014-07-16T15:38:13.708+0000: 1008.029: [GC [PSYoungGen: 708590K->466K(682816K)] 838380K->130392K(1369792K), 0.0202100 secs] [Times: user=0.07 sys=0.00, real=0.02 secs] 
2014-07-16T15:38:15.198+0000: 1009.519: [GC [PSYoungGen: 682770K->352K(657984K)] 812696K->130454K(1344960K), 0.0041620 secs] [Times: user=0.02 sys=0.00, real=0.00 secs] 
2014-07-16T15:38:16.627+0000: 1010.949: [GC [PSYoungGen: 657952K->480K(634496K)] 788054K->130694K(1321472K), 0.0085060 secs] [Times: user=0.03 sys=0.01, real=0.00 secs] 
2014-07-16T15:38:17.984+0000: 1012.306: [GC [PSYoungGen: 634464K->306K(611776K)] 764678K->130576K(1298752K), 0.0122520 secs] [Times: user=0.05 sys=0.00, real=0.02 secs] 
2014-07-16T15:38:19.307+0000: 1013.629: [GC [PSYoungGen: 611762K->562K(590528K)] 742032K->130896K(1277504K), 0.0119590 secs] [Times: user=0.04 sys=0.00, real=0.01 secs] 
2014-07-16T15:38:20.596+0000: 1014.917: [GC [PSYoungGen: 590514K->676K(570176K)] 720848K->131082K(1257152K), 0.0105430 secs] [Times: user=0.03 sys=0.00, real=0.02 secs] 
2014-07-16T15:38:21.818+0000: 1016.139: [GC [PSYoungGen: 570139K->466K(550400K)] 700546K->130968K(1237376K), 0.0102630 secs] [Times: user=0.03 sys=0.00, real=0.01 secs] 
2014-07-16T15:38:22.997+0000: 1017.318: [GC [PSYoungGen: 550354K->512K(531712K)] 680856K->131126K(1218688K), 0.0192660 secs] [Times: user=0.07 sys=0.00, real=0.02 secs] 
2014-07-16T15:38:24.168+0000: 1018.489: [GC [PSYoungGen: 531712K->616K(638080K)] 662326K->131294K(1325056K), 0.0213500 secs] [Times: user=0.07 sys=0.00, real=0.02 secs] 
2014-07-16T15:38:25.559+0000: 1019.880: [GC [PSYoungGen: 638034K->306K(765248K)] 768713K->131104K(1452224K), 0.0075570 secs] [Times: user=0.01 sys=0.00, real=0.00 secs] 
2014-07-16T15:38:27.204+0000: 1021.525: [GC [PSYoungGen: 765234K->484K(918464K)] 896032K->131402K(1605440K), 0.0154390 secs] [Times: user=0.06 sys=0.00, real=0.02 secs] 
2014-07-16T15:38:29.178+0000: 1023.500: [GC [PSYoungGen: 918436K->338K(1101952K)] 1049354K->131312K(1788928K), 0.0237200 secs] [Times: user=0.09 sys=0.00, real=0.02 secs] 
2014-07-16T15:38:31.576+0000: 1025.897: [GC [PSYoungGen: 1101856K->598K(1057600K)] 1232830K->131620K(1744576K), 0.0060370 secs] [Times: user=0.02 sys=0.00, real=0.01 secs] 
2014-07-16T15:38:33.875+0000: 1028.196: [GC [PSYoungGen: 1057558K->448K(1014976K)] 1188580K->131598K(1701952K), 0.0110380 secs] [Times: user=0.04 sys=0.00, real=0.01 secs] 
2014-07-16T15:38:36.068+0000: 1030.390: [GC [PSYoungGen: 1014976K->548K(974656K)] 1146126K->131842K(1661632K), 0.0177450 secs] [Times: user=0.07 sys=0.00, real=0.02 secs] 
2014-07-16T15:38:38.205+0000: 1032.526: [GC [PSYoungGen: 974607K->434K(936064K)] 1105902K->131880K(1623040K), 0.0102550 secs] [Times: user=0.03 sys=0.01, real=0.01 secs] 
2014-07-16T15:38:40.220+0000: 1034.541: [GC [PSYoungGen: 936050K->288K(899264K)] 1067496K->131822K(1586240K), 0.0145790 secs] [Times: user=0.05 sys=0.00, real=0.01 secs] 
2014-07-16T15:38:42.143+0000: 1036.464: [GC [PSYoungGen: 899229K->434K(864512K)] 1030764K->132048K(1551488K), 0.0098930 secs] [Times: user=0.04 sys=0.00, real=0.01 secs] 
2014-07-16T15:38:44.018+0000: 1038.339: [GC [PSYoungGen: 864498K->566K(831424K)] 996112K->132284K(1518400K), 0.0040370 secs] [Times: user=0.01 sys=0.00, real=0.01 secs] 
2014-07-16T15:38:45.845+0000: 1040.166: [GC [PSYoungGen: 831414K->562K(799744K)] 963132K->132440K(1486720K), 0.0297250 secs] [Times: user=0.10 sys=0.00, real=0.03 secs] 
2014-07-16T15:38:47.554+0000: 1041.875: [GC [PSYoungGen: 799730K->192K(769152K)] 931608K->132198K(1456128K), 0.0190010 secs] [Times: user=0.07 sys=0.00, real=0.02 secs] 
2014-07-16T15:38:49.267+0000: 1043.588: [GC [PSYoungGen: 769152K->562K(740800K)] 901158K->132648K(1427776K), 0.0218290 secs] [Times: user=0.07 sys=0.01, real=0.02 secs] 
2014-07-16T15:38:50.834+0000: 1045.156: [GC [PSYoungGen: 740786K->288K(713152K)] 872872K->132454K(1400128K), 0.0049860 secs] [Times: user=0.01 sys=0.00, real=0.00 secs] 
2014-07-16T15:38:52.383+0000: 1046.704: [GC [PSYoungGen: 713120K->498K(687168K)] 845286K->132728K(1374144K), 0.0045820 secs] [Times: user=0.01 sys=0.00, real=0.00 secs] 
2014-07-16T15:38:53.889+0000: 1048.211: [GC [PSYoungGen: 687154K->416K(662144K)] 819384K->132742K(1349120K), 0.0171070 secs] [Times: user=0.06 sys=0.00, real=0.02 secs] 
2014-07-16T15:38:55.331+0000: 1049.652: [GC [PSYoungGen: 662112K->416K(638336K)] 794438K->132894K(1325312K), 0.0159390 secs] [Times: user=0.05 sys=0.00, real=0.02 secs] 
2014-07-16T15:38:56.708+0000: 1051.029: [GC [PSYoungGen: 638304K->192K(615424K)] 770782K->132782K(1302400K), 0.0097930 secs] [Times: user=0.03 sys=0.00, real=0.01 secs] 
2014-07-16T15:38:58.047+0000: 1052.368: [GC [PSYoungGen: 615424K->626K(594240K)] 748014K->133280K(1281216K), 0.0042170 secs] [Times: user=0.01 sys=0.01, real=0.00 secs] 
2014-07-16T15:38:59.321+0000: 1053.642: [GC [PSYoungGen: 594226K->224K(573184K)] 726880K->132926K(1260160K), 0.0034600 secs] [Times: user=0.01 sys=0.00, real=0.01 secs] 
2014-07-16T15:39:00.587+0000: 1054.908: [GC [PSYoungGen: 573118K->352K(553600K)] 705821K->133102K(1240576K), 0.0077850 secs] [Times: user=0.02 sys=0.00, real=0.01 secs] 
2014-07-16T15:39:01.787+0000: 1056.108: [GC [PSYoungGen: 553568K->288K(534720K)] 686318K->133118K(1221696K), 0.0046760 secs] [Times: user=0.01 sys=0.00, real=0.00 secs] 
2014-07-16T15:39:02.948+0000: 1057.270: [GC [PSYoungGen: 534688K->434K(516864K)] 667518K->133368K(1203840K), 0.0082620 secs] [Times: user=0.02 sys=0.00, real=0.01 secs] 
2014-07-16T15:39:04.080+0000: 1058.402: [GC [PSYoungGen: 516850K->352K(499584K)] 649784K->133366K(1186560K), 0.0049630 secs] [Times: user=0.01 sys=0.00, real=0.01 secs] 
2014-07-16T15:39:05.233+0000: 1059.555: [GC [PSYoungGen: 499552K->484K(483264K)] 632566K->133618K(1170240K), 0.0043430 secs] [Times: user=0.01 sys=0.00, real=0.00 secs] 
2014-07-16T15:39:06.297+0000: 1060.618: [GC [PSYoungGen: 483236K->740K(467840K)] 616370K->134354K(1154816K), 0.0113580 secs] [Times: user=0.04 sys=0.00, real=0.01 secs] 
2014-07-16T15:39:07.306+0000: 1061.628: [GC [PSYoungGen: 467812K->306K(452352K)] 601426K->134144K(1139328K), 0.0151200 secs] [Times: user=0.06 sys=0.00, real=0.01 secs] 
2014-07-16T15:39:08.275+0000: 1062.596: [GC [PSYoungGen: 452338K->662K(543168K)] 586176K->134676K(1230144K), 0.0156070 secs] [Times: user=0.06 sys=0.00, real=0.01 secs] 
2014-07-16T15:39:09.462+0000: 1063.784: [GC [PSYoungGen: 543126K->694K(524800K)] 677140K->134796K(1211776K), 0.0079610 secs] [Times: user=0.02 sys=0.00, real=0.01 secs] 
2014-07-16T15:39:10.599+0000: 1064.921: [GC [PSYoungGen: 524790K->288K(506880K)] 658892K->134422K(1193856K), 0.0057050 secs] [Times: user=0.01 sys=0.00, real=0.01 secs] 
2014-07-16T15:39:11.694+0000: 1066.015: [GC [PSYoungGen: 506848K->192K(489984K)] 640982K->134390K(1176960K), 0.0119920 secs] [Times: user=0.04 sys=0.00, real=0.02 secs] 
2014-07-16T15:39:12.745+0000: 1067.067: [GC [PSYoungGen: 489984K->256K(474048K)] 624182K->134526K(1161024K), 0.0041860 secs] [Times: user=0.01 sys=0.00, real=0.00 secs] 
2014-07-16T15:39:13.777+0000: 1068.098: [GC [PSYoungGen: 474048K->448K(458944K)] 608318K->134774K(1145920K), 0.0051770 secs] [Times: user=0.01 sys=0.00, real=0.00 secs] 
2014-07-16T15:39:14.764+0000: 1069.085: [GC [PSYoungGen: 458944K->356K(444224K)] 593270K->134778K(1131200K), 0.0056650 secs] [Times: user=0.02 sys=0.00, real=0.01 secs] 
2014-07-16T15:39:15.730+0000: 1070.052: [GC [PSYoungGen: 444196K->224K(532864K)] 578618K->134702K(1219840K), 0.0400060 secs] [Times: user=0.14 sys=0.00, real=0.04 secs] 
2014-07-16T15:39:16.880+0000: 1071.201: [GC [PSYoungGen: 532832K->448K(639616K)] 667310K->135014K(1326592K), 0.0064910 secs] [Times: user=0.01 sys=0.00, real=0.01 secs] 
2014-07-16T15:39:18.271+0000: 1072.592: [GC [PSYoungGen: 639539K->480K(767552K)] 774105K->135118K(1454528K), 0.0100410 secs] [Times: user=0.03 sys=0.00, real=0.01 secs] 
2014-07-16T15:39:19.912+0000: 1074.234: [GC [PSYoungGen: 767520K->224K(738624K)] 902158K->134926K(1425600K), 0.0029570 secs] [Times: user=0.01 sys=0.00, real=0.01 secs] 
2014-07-16T15:39:21.576+0000: 1075.897: [GC [PSYoungGen: 738549K->420K(711488K)] 873252K->135162K(1398464K), 0.0060970 secs] [Times: user=0.01 sys=0.00, real=0.01 secs] 
2014-07-16T15:39:23.107+0000: 1077.428: [GC [PSYoungGen: 711460K->288K(685312K)] 846202K->135158K(1372288K), 0.0065790 secs] [Times: user=0.02 sys=0.00, real=0.00 secs] 
2014-07-16T15:39:24.593+0000: 1078.914: [GC [PSYoungGen: 685280K->448K(660608K)] 820150K->135430K(1347584K), 0.0124960 secs] [Times: user=0.04 sys=0.00, real=0.01 secs] 
2014-07-16T15:39:26.065+0000: 1080.387: [GC [PSYoungGen: 660608K->534K(637056K)] 795590K->135620K(1324032K), 0.0046410 secs] [Times: user=0.02 sys=0.00, real=0.01 secs] 
2014-07-16T15:39:27.437+0000: 1081.758: [GC [PSYoungGen: 637014K->402K(614336K)] 772100K->135624K(1301312K), 0.0180020 secs] [Times: user=0.07 sys=0.00, real=0.02 secs] 
2014-07-16T15:39:28.767+0000: 1083.089: [GC [PSYoungGen: 614290K->224K(592576K)] 749512K->135518K(1279552K), 0.0081970 secs] [Times: user=0.03 sys=0.01, real=0.00 secs] 
2014-07-16T15:39:30.044+0000: 1084.365: [GC [PSYoungGen: 592544K->306K(572032K)] 727838K->135648K(1259008K), 0.0075750 secs] [Times: user=0.02 sys=0.00, real=0.01 secs] 
2014-07-16T15:39:31.303+0000: 1085.625: [GC [PSYoungGen: 572017K->192K(552256K)] 707359K->135558K(1239232K), 0.0069630 secs] [Times: user=0.01 sys=0.00, real=0.01 secs] 
2014-07-16T15:39:32.494+0000: 1086.815: [GC [PSYoungGen: 552254K->274K(533568K)] 687621K->135720K(1220544K), 0.0110450 secs] [Times: user=0.04 sys=0.01, real=0.01 secs] 
2014-07-16T15:39:33.666+0000: 1087.987: [GC [PSYoungGen: 533522K->480K(515840K)] 668968K->135998K(1202816K), 0.0097420 secs] [Times: user=0.03 sys=0.00, real=0.01 secs] 
2014-07-16T15:39:34.769+0000: 1089.090: [GC [PSYoungGen: 515808K->502K(498688K)] 651326K->136124K(1185664K), 0.0043000 secs] [Times: user=0.01 sys=0.01, real=0.00 secs] 
2014-07-16T15:39:35.891+0000: 1090.212: [GC [PSYoungGen: 498678K->416K(482240K)] 634300K->136118K(1169216K), 0.0125810 secs] [Times: user=0.05 sys=0.00, real=0.01 secs] 
2014-07-16T15:39:36.940+0000: 1091.261: [GC [PSYoungGen: 482207K->516K(466688K)] 617909K->136330K(1153664K), 0.0084690 secs] [Times: user=0.01 sys=0.00, real=0.01 secs] 
2014-07-16T15:39:37.954+0000: 1092.275: [GC [PSYoungGen: 466628K->320K(559680K)] 602442K->136190K(1246656K), 0.0254690 secs] [Times: user=0.09 sys=0.00, real=0.03 secs] 
2014-07-16T15:39:39.181+0000: 1093.503: [GC [PSYoungGen: 559673K->484K(671744K)] 695544K->136410K(1358720K), 0.0058650 secs] [Times: user=0.02 sys=0.01, real=0.00 secs] 
2014-07-16T15:39:40.658+0000: 1094.979: [GC [PSYoungGen: 671685K->616K(647680K)] 807611K->136622K(1334656K), 0.0094240 secs] [Times: user=0.03 sys=0.00, real=0.01 secs] 
2014-07-16T15:39:42.044+0000: 1096.365: [GC [PSYoungGen: 647656K->320K(624256K)] 783662K->136406K(1311232K), 0.0073560 secs] [Times: user=0.01 sys=0.00, real=0.01 secs] 
2014-07-16T15:39:43.389+0000: 1097.710: [GC [PSYoungGen: 624252K->420K(602368K)] 760338K->136610K(1289344K), 0.0153840 secs] [Times: user=0.05 sys=0.00, real=0.01 secs] 
2014-07-16T15:39:44.693+0000: 1099.014: [GC [PSYoungGen: 602332K->480K(581376K)] 738522K->136798K(1268352K), 0.0074960 secs] [Times: user=0.03 sys=0.00, real=0.01 secs] 
2014-07-16T15:39:45.964+0000: 1100.285: [GC [PSYoungGen: 581344K->584K(561408K)] 717662K->136966K(1248384K), 0.0049970 secs] [Times: user=0.01 sys=0.00, real=0.00 secs] 
2014-07-16T15:39:47.153+0000: 1101.475: [GC [PSYoungGen: 561316K->292K(541888K)] 697699K->136990K(1228864K), 0.0144130 secs] [Times: user=0.05 sys=0.00, real=0.01 secs] 
2014-07-16T15:39:48.337+0000: 1102.659: [GC [PSYoungGen: 541860K->274K(523584K)] 678558K->137020K(1210560K), 0.0043270 secs] [Times: user=0.01 sys=0.00, real=0.01 secs] 
2014-07-16T15:39:49.452+0000: 1103.773: [GC [PSYoungGen: 523469K->338K(506176K)] 660215K->137148K(1193152K), 0.0039200 secs] [Times: user=0.01 sys=0.00, real=0.00 secs] 
2014-07-16T15:39:50.540+0000: 1104.862: [GC [PSYoungGen: 506130K->402K(489536K)] 642940K->137260K(1176512K), 0.0039930 secs] [Times: user=0.02 sys=0.00, real=0.00 secs] 
2014-07-16T15:39:51.608+0000: 1105.930: [GC [PSYoungGen: 489490K->274K(473408K)] 626348K->137156K(1160384K), 0.0155930 secs] [Times: user=0.05 sys=0.00, real=0.02 secs] 
2014-07-16T15:39:52.635+0000: 1106.956: [GC [PSYoungGen: 473362K->338K(458176K)] 610244K->137332K(1145152K), 0.0070350 secs] [Times: user=0.02 sys=0.00, real=0.01 secs] 
2014-07-16T15:39:53.625+0000: 1107.946: [GC [PSYoungGen: 458130K->434K(443648K)] 595124K->137508K(1130624K), 0.0074080 secs] [Times: user=0.01 sys=0.00, real=0.01 secs] 
2014-07-16T15:39:54.593+0000: 1108.915: [GC [PSYoungGen: 443634K->384K(429632K)] 580708K->137530K(1116608K), 0.0084510 secs] [Times: user=0.03 sys=0.00, real=0.01 secs] 
2014-07-16T15:39:55.526+0000: 1109.847: [GC [PSYoungGen: 429632K->448K(515584K)] 566778K->137682K(1202560K), 0.0166930 secs] [Times: user=0.06 sys=0.01, real=0.02 secs] 
2014-07-16T15:39:56.655+0000: 1110.977: [GC [PSYoungGen: 515584K->420K(618624K)] 652818K->137718K(1305600K), 0.0174420 secs] [Times: user=0.06 sys=0.00, real=0.02 secs] 
2014-07-16T15:39:57.985+0000: 1112.306: [GC [PSYoungGen: 618596K->224K(596672K)] 755894K->137610K(1283648K), 0.0038650 secs] [Times: user=0.01 sys=0.00, real=0.00 secs] 
2014-07-16T15:39:59.275+0000: 1113.597: [GC [PSYoungGen: 596640K->352K(716096K)] 734026K->137802K(1403072K), 0.0191400 secs] [Times: user=0.06 sys=0.00, real=0.02 secs] 
2014-07-16T15:40:00.860+0000: 1115.181: [GC [PSYoungGen: 716064K->516K(859456K)] 853514K->138030K(1546432K), 0.0148410 secs] [Times: user=0.06 sys=0.00, real=0.02 secs] 
2014-07-16T15:40:02.674+0000: 1116.996: [GC [PSYoungGen: 859361K->420K(826304K)] 996875K->137990K(1513280K), 0.0091230 secs] [Times: user=0.01 sys=0.00, real=0.01 secs] 
2014-07-16T15:40:04.451+0000: 1118.772: [GC [PSYoungGen: 826276K->288K(794752K)] 963846K->137978K(1481728K), 0.0057730 secs] [Times: user=0.02 sys=0.00, real=0.01 secs] 
2014-07-16T15:40:06.234+0000: 1120.556: [GC [PSYoungGen: 794718K->626K(765120K)] 932409K->138524K(1452096K), 0.0185890 secs] [Times: user=0.06 sys=0.00, real=0.02 secs] 
2014-07-16T15:40:07.859+0000: 1122.181: [GC [PSYoungGen: 765106K->192K(736128K)] 903004K->138202K(1423104K), 0.0032510 secs] [Times: user=0.01 sys=0.00, real=0.00 secs] 
2014-07-16T15:40:09.483+0000: 1123.805: [GC [PSYoungGen: 736099K->598K(709376K)] 874110K->138688K(1396352K), 0.0130880 secs] [Times: user=0.05 sys=0.00, real=0.01 secs] 
2014-07-16T15:40:11.082+0000: 1125.403: [GC [PSYoungGen: 709334K->822K(683584K)] 847424K->139096K(1370560K), 0.0046820 secs] [Times: user=0.01 sys=0.00, real=0.01 secs] 
2014-07-16T15:40:12.515+0000: 1126.837: [GC [PSYoungGen: 683574K->566K(658560K)] 821848K->138936K(1345536K), 0.0053800 secs] [Times: user=0.01 sys=0.00, real=0.00 secs] 
2014-07-16T15:40:13.952+0000: 1128.274: [GC [PSYoungGen: 658550K->704K(635072K)] 796920K->139210K(1322048K), 0.0068910 secs] [Times: user=0.02 sys=0.00, real=0.01 secs] 
2014-07-16T15:40:15.312+0000: 1129.633: [GC [PSYoungGen: 635072K->256K(612096K)] 773578K->138882K(1299072K), 0.0060210 secs] [Times: user=0.01 sys=0.00, real=0.01 secs] 
2014-07-16T15:40:16.629+0000: 1130.950: [GC [PSYoungGen: 612096K->370K(590720K)] 750722K->139084K(1277696K), 0.0139960 secs] [Times: user=0.05 sys=0.00, real=0.01 secs] 
2014-07-16T15:40:17.903+0000: 1132.224: [GC [PSYoungGen: 590706K->274K(570112K)] 729420K->139060K(1257088K), 0.0217500 secs] [Times: user=0.07 sys=0.00, real=0.03 secs] 
2014-07-16T15:40:19.141+0000: 1133.463: [GC [PSYoungGen: 570066K->352K(550592K)] 708852K->139170K(1237568K), 0.0048140 secs] [Times: user=0.01 sys=0.00, real=0.01 secs] 
2014-07-16T15:40:20.339+0000: 1134.660: [GC [PSYoungGen: 550560K->306K(531840K)] 689378K->139180K(1218816K), 0.0107950 secs] [Times: user=0.04 sys=0.01, real=0.01 secs] 
2014-07-16T15:40:21.520+0000: 1135.841: [GC [PSYoungGen: 531826K->338K(514048K)] 670700K->139252K(1201024K), 0.0054440 secs] [Times: user=0.01 sys=0.01, real=0.01 secs] 
2014-07-16T15:40:22.616+0000: 1136.937: [GC [PSYoungGen: 514002K->306K(496896K)] 652916K->139332K(1183872K), 0.0051770 secs] [Times: user=0.01 sys=0.01, real=0.00 secs] 
2014-07-16T15:40:23.695+0000: 1138.016: [GC [PSYoungGen: 496882K->256K(480512K)] 635908K->139370K(1167488K), 0.0112510 secs] [Times: user=0.04 sys=0.00, real=0.01 secs] 
2014-07-16T15:40:24.733+0000: 1139.054: [GC [PSYoungGen: 480512K->256K(464896K)] 619626K->139450K(1151872K), 0.0141890 secs] [Times: user=0.05 sys=0.00, real=0.02 secs] 
2014-07-16T15:40:25.735+0000: 1140.057: [GC [PSYoungGen: 464896K->448K(450176K)] 604090K->139738K(1137152K), 0.0089180 secs] [Times: user=0.02 sys=0.00, real=0.00 secs] 
2014-07-16T15:40:26.735+0000: 1141.056: [GC [PSYoungGen: 450121K->634K(436096K)] 589411K->140012K(1123072K), 0.0053560 secs] [Times: user=0.01 sys=0.00, real=0.01 secs] 
2014-07-16T15:40:27.678+0000: 1142.000: [GC [PSYoungGen: 436090K->388K(422272K)] 575468K->139838K(1109248K), 0.0035610 secs] [Times: user=0.01 sys=0.00, real=0.00 secs] 
2014-07-16T15:40:28.592+0000: 1142.913: [GC [PSYoungGen: 422135K->356K(506624K)] 561586K->139854K(1193600K), 0.0263420 secs] [Times: user=0.09 sys=0.00, real=0.03 secs] 
2014-07-16T15:40:29.682+0000: 1144.003: [GC [PSYoungGen: 506545K->320K(607808K)] 646044K->139866K(1294784K), 0.0069560 secs] [Times: user=0.01 sys=0.00, real=0.01 secs] 
2014-07-16T15:40:30.998+0000: 1145.320: [GC [PSYoungGen: 607727K->324K(586560K)] 747274K->139902K(1273536K), 0.0044950 secs] [Times: user=0.01 sys=0.00, real=0.00 secs] 
2014-07-16T15:40:32.272+0000: 1146.593: [GC [PSYoungGen: 586498K->470K(566336K)] 726076K->140112K(1253312K), 0.0119380 secs] [Times: user=0.05 sys=0.00, real=0.01 secs] 
2014-07-16T15:40:33.507+0000: 1147.829: [GC [PSYoungGen: 566294K->402K(546880K)] 705936K->140148K(1233856K), 0.0122400 secs] [Times: user=0.05 sys=0.00, real=0.01 secs] 
2014-07-16T15:40:34.731+0000: 1149.052: [GC [PSYoungGen: 546834K->612K(528512K)] 686580K->140462K(1215488K), 0.0150240 secs] [Times: user=0.05 sys=0.00, real=0.01 secs] 
2014-07-16T15:40:35.869+0000: 1150.190: [GC [PSYoungGen: 528484K->374K(510528K)] 668334K->140296K(1197504K), 0.0044260 secs] [Times: user=0.01 sys=0.00, real=0.00 secs] 
2014-07-16T15:40:37.010+0000: 1151.332: [GC [PSYoungGen: 510518K->384K(493632K)] 650440K->140394K(1180608K), 0.0145510 secs] [Times: user=0.06 sys=0.00, real=0.01 secs] 
2014-07-16T15:40:38.071+0000: 1152.393: [GC [PSYoungGen: 493632K->370K(592320K)] 633642K->140468K(1279296K), 0.0223810 secs] [Times: user=0.08 sys=0.00, real=0.02 secs] 
2014-07-16T15:40:39.344+0000: 1153.666: [GC [PSYoungGen: 592306K->370K(710720K)] 732404K->140500K(1397696K), 0.0126990 secs] [Times: user=0.05 sys=0.00, real=0.02 secs] 
2014-07-16T15:40:40.924+0000: 1155.246: [GC [PSYoungGen: 710706K->680K(853120K)] 850836K->140994K(1540096K), 0.0151700 secs] [Times: user=0.04 sys=0.00, real=0.02 secs] 
2014-07-16T15:40:42.778+0000: 1157.100: [GC [PSYoungGen: 853096K->384K(1023296K)] 993410K->140770K(1710272K), 0.0224250 secs] [Times: user=0.08 sys=0.00, real=0.02 secs] 
2014-07-16T15:40:44.981+0000: 1159.303: [GC [PSYoungGen: 1023296K->288K(1227840K)] 1163682K->140858K(1914816K), 0.0136320 secs] [Times: user=0.05 sys=0.00, real=0.01 secs] 
2014-07-16T15:40:47.670+0000: 1161.992: [GC [PSYoungGen: 1227808K->256K(1177088K)] 1368378K->140946K(1864064K), 0.0048990 secs] [Times: user=0.01 sys=0.00, real=0.00 secs] 
2014-07-16T15:40:50.244+0000: 1164.565: [GC [PSYoungGen: 1177088K->434K(1129024K)] 1317778K->141236K(1816000K), 0.0043160 secs] [Times: user=0.02 sys=0.00, real=0.00 secs] 
2014-07-16T15:40:52.769+0000: 1167.091: [GC [PSYoungGen: 1129008K->744K(1083456K)] 1269811K->141810K(1770432K), 0.0053660 secs] [Times: user=0.02 sys=0.00, real=0.00 secs] 
2014-07-16T15:40:55.081+0000: 1169.402: [GC [PSYoungGen: 1083432K->320K(1039296K)] 1224498K->141660K(1726272K), 0.0056360 secs] [Times: user=0.01 sys=0.00, real=0.00 secs] 
2014-07-16T15:40:57.325+0000: 1171.646: [GC [PSYoungGen: 1039296K->644K(998080K)] 1180636K->142152K(1685056K), 0.0068450 secs] [Times: user=0.01 sys=0.00, real=0.01 secs] 
2014-07-16T15:40:59.461+0000: 1173.782: [GC [PSYoungGen: 998020K->370K(958144K)] 1139528K->141942K(1645120K), 0.0037050 secs] [Times: user=0.01 sys=0.00, real=0.00 secs] 
2014-07-16T15:41:01.606+0000: 1175.927: [GC [PSYoungGen: 958120K->896K(920960K)] 1099692K->142708K(1607936K), 0.0075650 secs] [Times: user=0.02 sys=0.00, real=0.01 secs] 
2014-07-16T15:41:03.587+0000: 1177.908: [GC [PSYoungGen: 920960K->754K(884928K)] 1062772K->142710K(1571904K), 0.0126570 secs] [Times: user=0.02 sys=0.00, real=0.01 secs] 
2014-07-16T15:41:05.473+0000: 1179.795: [GC [PSYoungGen: 884914K->384K(850368K)] 1026870K->142572K(1537344K), 0.0132540 secs] [Times: user=0.05 sys=0.00, real=0.01 secs] 
2014-07-16T15:41:07.306+0000: 1181.627: [GC [PSYoungGen: 850368K->530K(817984K)] 992556K->142814K(1504960K), 0.0125730 secs] [Times: user=0.04 sys=0.00, real=0.01 secs] 
2014-07-16T15:41:09.061+0000: 1183.382: [GC [PSYoungGen: 817933K->224K(786624K)] 960217K->142588K(1473600K), 0.0046510 secs] [Times: user=0.01 sys=0.00, real=0.01 secs] 
2014-07-16T15:41:10.756+0000: 1185.077: [GC [PSYoungGen: 786592K->352K(757184K)] 928956K->142780K(1444160K), 0.0087970 secs] [Times: user=0.03 sys=0.01, real=0.01 secs] 
2014-07-16T15:41:12.443+0000: 1186.765: [GC [PSYoungGen: 757149K->580K(729216K)] 899577K->143064K(1416192K), 0.0067910 secs] [Times: user=0.02 sys=0.00, real=0.00 secs] 
2014-07-16T15:41:14.003+0000: 1188.324: [GC [PSYoungGen: 729156K->498K(702208K)] 871640K->143158K(1389184K), 0.0288890 secs] [Times: user=0.10 sys=0.00, real=0.03 secs] 
2014-07-16T15:41:15.513+0000: 1189.835: [GC [PSYoungGen: 702193K->452K(676608K)] 844854K->143224K(1363584K), 0.0081380 secs] [Times: user=0.01 sys=0.00, real=0.00 secs] 
2014-07-16T15:41:17.030+0000: 1191.351: [GC [PSYoungGen: 676461K->448K(652096K)] 819234K->143284K(1339072K), 0.0136170 secs] [Times: user=0.05 sys=0.01, real=0.02 secs] 
2014-07-16T15:41:18.408+0000: 1192.730: [GC [PSYoungGen: 652096K->598K(628992K)] 794932K->143530K(1315968K), 0.0068890 secs] [Times: user=0.03 sys=0.00, real=0.01 secs] 
2014-07-16T15:41:19.793+0000: 1194.115: [GC [PSYoungGen: 628950K->580K(606720K)] 771882K->143560K(1293696K), 0.0130900 secs] [Times: user=0.04 sys=0.00, real=0.02 secs] 
2014-07-16T15:41:21.122+0000: 1195.443: [GC [PSYoungGen: 606660K->370K(585216K)] 749640K->143398K(1272192K), 0.0050270 secs] [Times: user=0.01 sys=0.00, real=0.01 secs] 
2014-07-16T15:41:22.425+0000: 1196.747: [GC [PSYoungGen: 585202K->580K(565184K)] 728230K->143720K(1252160K), 0.0156940 secs] [Times: user=0.06 sys=0.00, real=0.01 secs] 
2014-07-16T15:41:23.696+0000: 1198.017: [GC [PSYoungGen: 565124K->530K(545792K)] 708264K->143806K(1232768K), 0.0059830 secs] [Times: user=0.01 sys=0.00, real=0.00 secs] 
2014-07-16T15:41:24.865+0000: 1199.187: [GC [PSYoungGen: 545746K->498K(654784K)] 689022K->143894K(1341760K), 0.0392120 secs] [Times: user=0.14 sys=0.00, real=0.04 secs] 
2014-07-16T15:41:26.271+0000: 1200.592: [GC [PSYoungGen: 654770K->256K(785408K)] 798166K->143716K(1472384K), 0.0059820 secs] [Times: user=0.01 sys=0.00, real=0.01 secs] 
2014-07-16T15:41:27.962+0000: 1202.283: [GC [PSYoungGen: 785344K->370K(756032K)] 928804K->143894K(1443008K), 0.0045530 secs] [Times: user=0.01 sys=0.00, real=0.01 secs] 
2014-07-16T15:41:29.586+0000: 1203.907: [GC [PSYoungGen: 756018K->434K(907264K)] 899542K->144038K(1594240K), 0.0270150 secs] [Times: user=0.10 sys=0.00, real=0.02 secs] 
2014-07-16T15:41:31.562+0000: 1205.883: [GC [PSYoungGen: 907250K->530K(872128K)] 1050854K->144190K(1559104K), 0.0113830 secs] [Times: user=0.03 sys=0.01, real=0.01 secs] 
2014-07-16T15:41:33.453+0000: 1207.775: [GC [PSYoungGen: 872082K->548K(838528K)] 1015742K->144336K(1525504K), 0.0117830 secs] [Times: user=0.03 sys=0.00, real=0.01 secs] 
2014-07-16T15:41:35.352+0000: 1209.674: [GC [PSYoungGen: 838496K->512K(806464K)] 982284K->144468K(1493440K), 0.0065930 secs] [Times: user=0.01 sys=0.00, real=0.01 secs] 
2014-07-16T15:41:37.155+0000: 1211.477: [GC [PSYoungGen: 806462K->502K(775936K)] 950419K->145018K(1462912K), 0.0189200 secs] [Times: user=0.07 sys=0.00, real=0.02 secs] 
2014-07-16T15:41:38.776+0000: 1213.097: [GC [PSYoungGen: 775833K->320K(746688K)] 920350K->144924K(1433664K), 0.0040090 secs] [Times: user=0.01 sys=0.00, real=0.00 secs] 
2014-07-16T15:41:40.378+0000: 1214.699: [GC [PSYoungGen: 746688K->224K(718912K)] 891292K->144988K(1405888K), 0.0182410 secs] [Times: user=0.06 sys=0.00, real=0.01 secs] 
2014-07-16T15:41:41.939+0000: 1216.261: [GC [PSYoungGen: 718876K->438K(692672K)] 863640K->145250K(1379648K), 0.0040600 secs] [Times: user=0.01 sys=0.00, real=0.00 secs] 
2014-07-16T15:41:43.463+0000: 1217.785: [GC [PSYoungGen: 692662K->416K(667456K)] 837474K->145348K(1354432K), 0.0073750 secs] [Times: user=0.01 sys=0.00, real=0.01 secs] 
2014-07-16T15:41:44.924+0000: 1219.246: [GC [PSYoungGen: 667399K->538K(643584K)] 812332K->145614K(1330560K), 0.0078440 secs] [Times: user=0.03 sys=0.00, real=0.01 secs] 
2014-07-16T15:41:46.316+0000: 1220.637: [GC [PSYoungGen: 643546K->256K(620352K)] 788622K->145428K(1307328K), 0.0056500 secs] [Times: user=0.01 sys=0.00, real=0.01 secs] 
2014-07-16T15:41:47.659+0000: 1221.980: [GC [PSYoungGen: 620352K->320K(598528K)] 765524K->145588K(1285504K), 0.0185360 secs] [Times: user=0.06 sys=0.00, real=0.01 secs] 
2014-07-16T15:41:48.956+0000: 1223.277: [GC [PSYoungGen: 598471K->320K(577664K)] 743739K->145652K(1264640K), 0.0141540 secs] [Times: user=0.05 sys=0.00, real=0.02 secs] 
2014-07-16T15:41:50.198+0000: 1224.520: [GC [PSYoungGen: 577580K->224K(557696K)] 722912K->145588K(1244672K), 0.0050580 secs] [Times: user=0.01 sys=0.00, real=0.00 secs] 
2014-07-16T15:41:51.400+0000: 1225.722: [GC [PSYoungGen: 557664K->338K(538816K)] 703028K->145758K(1225792K), 0.0119220 secs] [Times: user=0.05 sys=0.00, real=0.01 secs] 
2014-07-16T15:41:52.582+0000: 1226.903: [GC [PSYoungGen: 538770K->288K(520576K)] 684190K->145772K(1207552K), 0.0042560 secs] [Times: user=0.01 sys=0.00, real=0.00 secs] 
2014-07-16T15:41:53.727+0000: 1228.049: [GC [PSYoungGen: 520544K->324K(624704K)] 666028K->145904K(1311680K), 0.0536270 secs] [Times: user=0.20 sys=0.00, real=0.06 secs] 
2014-07-16T15:41:55.088+0000: 1229.409: [GC [PSYoungGen: 624644K->320K(749504K)] 770224K->145996K(1436480K), 0.0145440 secs] [Times: user=0.05 sys=0.00, real=0.02 secs] 
2014-07-16T15:41:56.730+0000: 1231.052: [GC [PSYoungGen: 749504K->320K(899392K)] 895180K->146092K(1586368K), 0.0069680 secs] [Times: user=0.01 sys=0.00, real=0.00 secs] 
2014-07-16T15:41:58.744+0000: 1233.065: [GC [PSYoungGen: 899392K->320K(864512K)] 1045164K->146172K(1551488K), 0.0053230 secs] [Times: user=0.01 sys=0.00, real=0.00 secs] 
2014-07-16T15:42:00.601+0000: 1234.922: [GC [PSYoungGen: 864512K->256K(831168K)] 1010364K->146220K(1518144K), 0.0184190 secs] [Times: user=0.05 sys=0.00, real=0.01 secs] 
2014-07-16T15:42:02.461+0000: 1236.782: [GC [PSYoungGen: 831161K->694K(799936K)] 977126K->146930K(1486912K), 0.0072280 secs] [Times: user=0.03 sys=0.00, real=0.00 secs] 
2014-07-16T15:42:04.161+0000: 1238.482: [GC [PSYoungGen: 799926K->484K(769536K)] 946162K->147112K(1456512K), 0.0130370 secs] [Times: user=0.05 sys=0.00, real=0.01 secs] 
2014-07-16T15:42:05.836+0000: 1240.157: [GC [PSYoungGen: 769508K->484K(740800K)] 916136K->147256K(1427776K), 0.0050990 secs] [Times: user=0.01 sys=0.00, real=0.00 secs] 
2014-07-16T15:42:07.535+0000: 1241.856: [GC [PSYoungGen: 740771K->950K(713856K)] 887544K->148162K(1400832K), 0.0105540 secs] [Times: user=0.02 sys=0.00, real=0.01 secs] 
2014-07-16T15:42:09.088+0000: 1243.410: [GC [PSYoungGen: 713813K->498K(687232K)] 861026K->147806K(1374208K), 0.0056020 secs] [Times: user=0.02 sys=0.01, real=0.01 secs] 
2014-07-16T15:42:10.564+0000: 1244.885: [GC [PSYoungGen: 687218K->466K(662272K)] 834526K->147926K(1349248K), 0.0197640 secs] [Times: user=0.07 sys=0.00, real=0.02 secs] 
2014-07-16T15:42:11.990+0000: 1246.311: [GC [PSYoungGen: 662226K->512K(638464K)] 809686K->148020K(1325440K), 0.0211540 secs] [Times: user=0.06 sys=0.00, real=0.02 secs] 
2014-07-16T15:42:13.390+0000: 1247.711: [GC [PSYoungGen: 638464K->384K(765952K)] 785972K->148020K(1452928K), 0.0302880 secs] [Times: user=0.10 sys=0.00, real=0.03 secs] 
2014-07-16T15:42:15.061+0000: 1249.383: [GC [PSYoungGen: 765952K->434K(919168K)] 913588K->148190K(1606144K), 0.0113610 secs] [Times: user=0.04 sys=0.00, real=0.02 secs] 
2014-07-16T15:42:17.089+0000: 1251.410: [GC [PSYoungGen: 919154K->726K(883648K)] 1066910K->148610K(1570624K), 0.0121030 secs] [Times: user=0.04 sys=0.00, real=0.01 secs] 
2014-07-16T15:42:19.107+0000: 1253.428: [GC [PSYoungGen: 883606K->548K(849344K)] 1031490K->148528K(1536320K), 0.0110430 secs] [Times: user=0.04 sys=0.00, real=0.01 secs] 
2014-07-16T15:42:20.918+0000: 1255.239: [GC [PSYoungGen: 849316K->534K(1019136K)] 997296K->148642K(1706112K), 0.0260380 secs] [Times: user=0.10 sys=0.01, real=0.03 secs] 
2014-07-16T15:42:23.125+0000: 1257.446: [GC [PSYoungGen: 1019094K->882K(978816K)] 1167202K->149062K(1665792K), 0.0053730 secs] [Times: user=0.01 sys=0.00, real=0.00 secs] 
2014-07-16T15:42:25.221+0000: 1259.542: [GC [PSYoungGen: 978735K->452K(939776K)] 1126916K->148808K(1626752K), 0.0072000 secs] [Times: user=0.02 sys=0.00, real=0.01 secs] 
2014-07-16T15:42:27.260+0000: 1261.582: [GC [PSYoungGen: 939716K->402K(902912K)] 1088072K->148870K(1589888K), 0.0051140 secs] [Times: user=0.01 sys=0.00, real=0.01 secs] 
2014-07-16T15:42:29.235+0000: 1263.556: [GC [PSYoungGen: 902854K->666K(868096K)] 1051322K->149246K(1555072K), 0.0101450 secs] [Times: user=0.03 sys=0.00, real=0.01 secs] 
2014-07-16T15:42:31.117+0000: 1265.438: [GC [PSYoungGen: 868058K->644K(834688K)] 1016638K->149352K(1521664K), 0.0100990 secs] [Times: user=0.01 sys=0.00, real=0.01 secs] 
2014-07-16T15:42:32.964+0000: 1267.286: [GC [PSYoungGen: 834628K->548K(802752K)] 983336K->149344K(1489728K), 0.0105050 secs] [Times: user=0.03 sys=0.00, real=0.01 secs] 
2014-07-16T15:42:34.646+0000: 1268.967: [GC [PSYoungGen: 802724K->420K(772288K)] 951520K->149376K(1459264K), 0.0070730 secs] [Times: user=0.03 sys=0.00, real=0.00 secs] 
2014-07-16T15:42:36.339+0000: 1270.661: [GC [PSYoungGen: 772258K->512K(743424K)] 921215K->149580K(1430400K), 0.0138700 secs] [Times: user=0.04 sys=0.00, real=0.01 secs] 
2014-07-16T15:42:37.968+0000: 1272.289: [GC [PSYoungGen: 743424K->552K(715968K)] 892492K->149700K(1402944K), 0.0264200 secs] [Times: user=0.09 sys=0.00, real=0.02 secs] 
2014-07-16T15:42:39.485+0000: 1273.807: [GC [PSYoungGen: 715944K->224K(689408K)] 865092K->149444K(1376384K), 0.0144210 secs] [Times: user=0.05 sys=0.00, real=0.02 secs] 
2014-07-16T15:42:41.036+0000: 1275.357: [GC [PSYoungGen: 689356K->548K(664704K)] 838576K->149816K(1351680K), 0.0063790 secs] [Times: user=0.02 sys=0.00, real=0.01 secs] 
2014-07-16T15:42:42.463+0000: 1276.784: [GC [PSYoungGen: 664675K->448K(797440K)] 813944K->149836K(1484416K), 0.0269210 secs] [Times: user=0.10 sys=0.00, real=0.03 secs] 
2014-07-16T15:42:44.214+0000: 1278.535: [GC [PSYoungGen: 797438K->630K(767552K)] 946827K->150130K(1454528K), 0.0082380 secs] [Times: user=0.03 sys=0.00, real=0.01 secs] 
2014-07-16T15:42:45.857+0000: 1280.179: [GC [PSYoungGen: 767542K->352K(738624K)] 917042K->150004K(1425600K), 0.0207940 secs] [Times: user=0.08 sys=0.00, real=0.02 secs] 
2014-07-16T15:42:47.448+0000: 1281.770: [GC [PSYoungGen: 738592K->242K(711168K)] 888244K->149966K(1398144K), 0.0083340 secs] [Times: user=0.03 sys=0.00, real=0.00 secs] 
2014-07-16T15:42:49.019+0000: 1283.341: [GC [PSYoungGen: 711154K->416K(685312K)] 860878K->150212K(1372288K), 0.0070630 secs] [Times: user=0.01 sys=0.00, real=0.00 secs] 
2014-07-16T15:42:50.500+0000: 1284.821: [GC [PSYoungGen: 685213K->352K(660416K)] 835010K->150220K(1347392K), 0.0177640 secs] [Times: user=0.05 sys=0.00, real=0.02 secs] 
2014-07-16T15:42:51.925+0000: 1286.247: [GC [PSYoungGen: 660384K->470K(636864K)] 810252K->150370K(1323840K), 0.0060440 secs] [Times: user=0.01 sys=0.00, real=0.01 secs] 
2014-07-16T15:42:53.302+0000: 1287.624: [GC [PSYoungGen: 636822K->370K(614144K)] 786722K->150382K(1301120K), 0.0190290 secs] [Times: user=0.07 sys=0.00, real=0.02 secs] 
2014-07-16T15:42:54.621+0000: 1288.942: [GC [PSYoungGen: 614130K->256K(592448K)] 764142K->150364K(1279424K), 0.0060970 secs] [Times: user=0.02 sys=0.00, real=0.00 secs] 
2014-07-16T15:42:55.901+0000: 1290.222: [GC [PSYoungGen: 592350K->356K(571968K)] 742458K->150528K(1258944K), 0.0047050 secs] [Times: user=0.01 sys=0.00, real=0.00 secs] 
2014-07-16T15:42:57.131+0000: 1291.453: [GC [PSYoungGen: 571940K->448K(552384K)] 722112K->150684K(1239360K), 0.0100620 secs] [Times: user=0.03 sys=0.00, real=0.01 secs] 
2014-07-16T15:42:58.361+0000: 1292.682: [GC [PSYoungGen: 552384K->320K(662656K)] 702620K->150604K(1349632K), 0.0251850 secs] [Times: user=0.09 sys=0.00, real=0.02 secs] 
2014-07-16T15:42:59.827+0000: 1294.148: [GC [PSYoungGen: 662656K->612K(639168K)] 812940K->150984K(1326144K), 0.0092070 secs] [Times: user=0.02 sys=0.00, real=0.01 secs] 
2014-07-16T15:43:01.214+0000: 1295.535: [GC [PSYoungGen: 639140K->740K(616576K)] 789512K->151160K(1303552K), 0.0048150 secs] [Times: user=0.02 sys=0.00, real=0.00 secs] 
2014-07-16T15:43:02.547+0000: 1296.869: [GC [PSYoungGen: 616548K->192K(594304K)] 766968K->150740K(1281280K), 0.0055540 secs] [Times: user=0.01 sys=0.00, real=0.01 secs] 
2014-07-16T15:43:03.830+0000: 1298.152: [GC [PSYoungGen: 594304K->320K(573760K)] 744852K->150996K(1260736K), 0.0044760 secs] [Times: user=0.01 sys=0.00, real=0.00 secs] 
2014-07-16T15:43:05.070+0000: 1299.392: [GC [PSYoungGen: 573756K->470K(554176K)] 724432K->151242K(1241152K), 0.0195520 secs] [Times: user=0.08 sys=0.00, real=0.01 secs] 
2014-07-16T15:43:06.275+0000: 1300.596: [GC [PSYoungGen: 554134K->370K(535168K)] 704906K->151230K(1222144K), 0.0116020 secs] [Times: user=0.04 sys=0.01, real=0.01 secs] 
2014-07-16T15:43:07.425+0000: 1301.746: [GC [PSYoungGen: 535154K->484K(642304K)] 686014K->151432K(1329280K), 0.0285330 secs] [Times: user=0.09 sys=0.00, real=0.03 secs] 
2014-07-16T15:43:08.892+0000: 1303.214: [GC [PSYoungGen: 642276K->448K(770624K)] 793224K->151460K(1457600K), 0.0074560 secs] [Times: user=0.01 sys=0.01, real=0.00 secs] 
2014-07-16T15:43:10.571+0000: 1304.892: [GC [PSYoungGen: 770624K->538K(924800K)] 921636K->151630K(1611776K), 0.0145770 secs] [Times: user=0.06 sys=0.00, real=0.01 secs] 
2014-07-16T15:43:12.654+0000: 1306.975: [GC [PSYoungGen: 924762K->754K(888896K)] 1075854K->151910K(1575872K), 0.0197700 secs] [Times: user=0.08 sys=0.00, real=0.02 secs] 
2014-07-16T15:43:14.619+0000: 1308.940: [GC [PSYoungGen: 888882K->242K(1066048K)] 1040038K->151854K(1753024K), 0.0255100 secs] [Times: user=0.10 sys=0.00, real=0.03 secs] 
2014-07-16T15:43:16.940+0000: 1311.262: [GC [PSYoungGen: 1066003K->448K(1279424K)] 1217615K->152310K(1966400K), 0.0248330 secs] [Times: user=0.09 sys=0.00, real=0.03 secs] 
2014-07-16T15:43:19.734+0000: 1314.056: [GC [PSYoungGen: 1279341K->552K(1226368K)] 1431204K->152558K(1913344K), 0.0132130 secs] [Times: user=0.04 sys=0.01, real=0.01 secs] 
2014-07-16T15:43:22.401+0000: 1316.722: [GC [PSYoungGen: 1226344K->872K(1176064K)] 1378350K->152990K(1863040K), 0.0094080 secs] [Times: user=0.02 sys=0.00, real=0.01 secs] 
2014-07-16T15:43:24.997+0000: 1319.319: [GC [PSYoungGen: 1176040K->370K(1127424K)] 1328158K->152800K(1814400K), 0.0093680 secs] [Times: user=0.03 sys=0.00, real=0.01 secs] 
2014-07-16T15:43:27.436+0000: 1321.758: [GC [PSYoungGen: 1127410K->562K(1081792K)] 1279840K->153184K(1768768K), 0.0050730 secs] [Times: user=0.02 sys=0.00, real=0.00 secs] 
2014-07-16T15:43:29.804+0000: 1324.125: [GC [PSYoungGen: 1081778K->288K(1037888K)] 1234400K->153046K(1724864K), 0.0097070 secs] [Times: user=0.02 sys=0.00, real=0.01 secs] 
2014-07-16T15:43:32.051+0000: 1326.372: [GC [PSYoungGen: 1037856K->370K(996416K)] 1190614K->153232K(1683392K), 0.0053390 secs] [Times: user=0.01 sys=0.00, real=0.01 secs] 
2014-07-16T15:43:34.291+0000: 1328.612: [GC [PSYoungGen: 996380K->904K(957440K)] 1149243K->153902K(1644416K), 0.0255360 secs] [Times: user=0.09 sys=0.00, real=0.03 secs] 
2014-07-16T15:43:36.349+0000: 1330.670: [GC [PSYoungGen: 957384K->288K(919168K)] 1110382K->153502K(1606144K), 0.0119040 secs] [Times: user=0.04 sys=0.00, real=0.01 secs] 
2014-07-16T15:43:38.335+0000: 1332.656: [GC [PSYoungGen: 919136K->224K(883264K)] 1072350K->153542K(1570240K), 0.0049740 secs] [Times: user=0.01 sys=0.00, real=0.01 secs] 
2014-07-16T15:43:40.247+0000: 1334.568: [GC [PSYoungGen: 883232K->320K(849216K)] 1036550K->153694K(1536192K), 0.0137950 secs] [Times: user=0.05 sys=0.00, real=0.01 secs] 
2014-07-16T15:43:42.099+0000: 1336.420: [GC [PSYoungGen: 849216K->498K(816896K)] 1002590K->153968K(1503872K), 0.0162030 secs] [Times: user=0.06 sys=0.00, real=0.02 secs] 
2014-07-16T15:43:43.902+0000: 1338.224: [GC [PSYoungGen: 816875K->612K(786048K)] 970346K->154202K(1473024K), 0.0340210 secs] [Times: user=0.13 sys=0.00, real=0.04 secs] 
2014-07-16T15:43:45.670+0000: 1339.991: [GC [PSYoungGen: 786020K->530K(943104K)] 939610K->154296K(1630080K), 0.0257070 secs] [Times: user=0.09 sys=0.00, real=0.02 secs] 
2014-07-16T15:43:47.692+0000: 1342.014: [GC [PSYoungGen: 943058K->918K(906496K)] 1096824K->154804K(1593472K), 0.0150730 secs] [Times: user=0.04 sys=0.00, real=0.02 secs] 
2014-07-16T15:43:49.651+0000: 1343.973: [GC [PSYoungGen: 906454K->402K(870784K)] 1060340K->154376K(1557760K), 0.0129920 secs] [Times: user=0.05 sys=0.00, real=0.01 secs] 
2014-07-16T15:43:51.522+0000: 1345.843: [GC [PSYoungGen: 870738K->370K(837184K)] 1024712K->154440K(1524160K), 0.0043890 secs] [Times: user=0.02 sys=0.00, real=0.00 secs] 
2014-07-16T15:43:53.324+0000: 1347.646: [GC [PSYoungGen: 837170K->224K(805120K)] 991240K->154366K(1492096K), 0.0225050 secs] [Times: user=0.08 sys=0.00, real=0.02 secs] 
2014-07-16T15:43:55.087+0000: 1349.408: [GC [PSYoungGen: 805068K->512K(774912K)] 959211K->154782K(1461888K), 0.0207960 secs] [Times: user=0.07 sys=0.01, real=0.02 secs] 
2014-07-16T15:43:56.766+0000: 1351.088: [GC [PSYoungGen: 774825K->406K(745856K)] 929096K->154820K(1432832K), 0.0126870 secs] [Times: user=0.04 sys=0.01, real=0.02 secs] 
2014-07-16T15:43:58.382+0000: 1352.703: [GC [PSYoungGen: 745814K->256K(718016K)] 900228K->154734K(1404992K), 0.0128130 secs] [Times: user=0.04 sys=0.00, real=0.01 secs] 
2014-07-16T15:43:59.937+0000: 1354.258: [GC [PSYoungGen: 718016K->502K(691904K)] 872494K->155028K(1378880K), 0.0035840 secs] [Times: user=0.01 sys=0.00, real=0.01 secs] 
2014-07-16T15:44:01.427+0000: 1355.749: [GC [PSYoungGen: 691894K->352K(666624K)] 846420K->154958K(1353600K), 0.0118690 secs] [Times: user=0.04 sys=0.00, real=0.02 secs] 
2014-07-16T15:44:02.877+0000: 1357.198: [GC [PSYoungGen: 666592K->448K(642688K)] 821198K->155134K(1329664K), 0.0057600 secs] [Times: user=0.02 sys=0.00, real=0.01 secs] 
2014-07-16T15:44:04.279+0000: 1358.600: [GC [PSYoungGen: 642688K->498K(619840K)] 797374K->155264K(1306816K), 0.0131280 secs] [Times: user=0.05 sys=0.00, real=0.02 secs] 
2014-07-16T15:44:05.604+0000: 1359.925: [GC [PSYoungGen: 619765K->452K(598016K)] 774532K->155338K(1284992K), 0.0128520 secs] [Times: user=0.05 sys=0.00, real=0.01 secs] 
2014-07-16T15:44:06.900+0000: 1361.222: [GC [PSYoungGen: 597956K->242K(576896K)] 752842K->155208K(1263872K), 0.0047950 secs] [Times: user=0.01 sys=0.00, real=0.00 secs] 
2014-07-16T15:44:08.145+0000: 1362.466: [GC [PSYoungGen: 576882K->192K(556928K)] 731848K->155222K(1243904K), 0.0117590 secs] [Times: user=0.04 sys=0.00, real=0.01 secs] 
2014-07-16T15:44:09.388+0000: 1363.709: [GC [PSYoungGen: 556874K->384K(538112K)] 711904K->155478K(1225088K), 0.0107020 secs] [Times: user=0.03 sys=0.00, real=0.01 secs] 
2014-07-16T15:44:10.542+0000: 1364.863: [GC [PSYoungGen: 538112K->420K(520064K)] 693206K->155594K(1207040K), 0.0092700 secs] [Times: user=0.03 sys=0.00, real=0.01 secs] 
2014-07-16T15:44:11.666+0000: 1365.987: [GC [PSYoungGen: 520028K->274K(502592K)] 675203K->155480K(1189568K), 0.0048630 secs] [Times: user=0.01 sys=0.00, real=0.01 secs] 
2014-07-16T15:44:12.749+0000: 1367.071: [GC [PSYoungGen: 502546K->306K(486016K)] 657752K->155592K(1172992K), 0.0061580 secs] [Times: user=0.01 sys=0.01, real=0.01 secs] 
2014-07-16T15:44:13.808+0000: 1368.130: [GC [PSYoungGen: 486002K->402K(470336K)] 641288K->155768K(1157312K), 0.0081870 secs] [Times: user=0.01 sys=0.00, real=0.01 secs] 
2014-07-16T15:44:14.838+0000: 1369.159: [GC [PSYoungGen: 470290K->306K(455040K)] 625656K->155744K(1142016K), 0.0056820 secs] [Times: user=0.01 sys=0.00, real=0.01 secs] 
2014-07-16T15:44:15.851+0000: 1370.172: [GC [PSYoungGen: 455026K->498K(440768K)] 610464K->156048K(1127744K), 0.0110100 secs] [Times: user=0.04 sys=0.00, real=0.01 secs] 
2014-07-16T15:44:16.808+0000: 1371.130: [GC [PSYoungGen: 440750K->534K(427008K)] 596301K->156140K(1113984K), 0.0057450 secs] [Times: user=0.02 sys=0.00, real=0.01 secs] 
2014-07-16T15:44:17.751+0000: 1372.072: [GC [PSYoungGen: 426966K->352K(413568K)] 582572K->155998K(1100544K), 0.0042160 secs] [Times: user=0.01 sys=0.00, real=0.01 secs] 
2014-07-16T15:44:18.636+0000: 1372.957: [GC [PSYoungGen: 413536K->256K(400768K)] 569182K->155950K(1087744K), 0.0046470 secs] [Times: user=0.01 sys=0.00, real=0.00 secs] 
2014-07-16T15:44:19.591+0000: 1373.912: [GC [PSYoungGen: 400669K->320K(388672K)] 556364K->156038K(1075648K), 0.0112640 secs] [Times: user=0.04 sys=0.01, real=0.02 secs] 
2014-07-16T15:44:20.419+0000: 1374.740: [GC [PSYoungGen: 388672K->192K(376896K)] 544390K->155998K(1063872K), 0.0058810 secs] [Times: user=0.02 sys=0.00, real=0.01 secs] 
2014-07-16T15:44:21.253+0000: 1375.575: [GC [PSYoungGen: 376894K->502K(366080K)] 532700K->156332K(1053056K), 0.0100600 secs] [Times: user=0.03 sys=0.00, real=0.01 secs] 
2014-07-16T15:44:22.046+0000: 1376.368: [GC [PSYoungGen: 366070K->690K(439424K)] 521900K->156736K(1126400K), 0.0139200 secs] [Times: user=0.04 sys=0.00, real=0.01 secs] 
2014-07-16T15:44:22.974+0000: 1377.295: [GC [PSYoungGen: 439410K->608K(527104K)] 595456K->156726K(1214080K), 0.0149390 secs] [Times: user=0.06 sys=0.00, real=0.01 secs] 
2014-07-16T15:44:24.119+0000: 1378.441: [GC [PSYoungGen: 527072K->512K(632320K)] 683190K->156734K(1319296K), 0.0061410 secs] [Times: user=0.01 sys=0.00, real=0.01 secs] 
2014-07-16T15:44:25.515+0000: 1379.836: [GC [PSYoungGen: 632320K->434K(609856K)] 788542K->156744K(1296832K), 0.0102080 secs] [Times: user=0.03 sys=0.00, real=0.01 secs] 
2014-07-16T15:44:26.849+0000: 1381.170: [GC [PSYoungGen: 609842K->452K(588544K)] 766152K->156874K(1275520K), 0.0104590 secs] [Times: user=0.04 sys=0.00, real=0.01 secs] 
2014-07-16T15:44:28.103+0000: 1382.424: [GC [PSYoungGen: 588484K->288K(567936K)] 744906K->156766K(1254912K), 0.0041740 secs] [Times: user=0.01 sys=0.00, real=0.00 secs] 
2014-07-16T15:44:29.369+0000: 1383.690: [GC [PSYoungGen: 567904K->484K(548672K)] 724382K->157002K(1235648K), 0.0064300 secs] [Times: user=0.02 sys=0.00, real=0.01 secs] 
2014-07-16T15:44:30.536+0000: 1384.858: [GC [PSYoungGen: 548591K->520K(530112K)] 705110K->157094K(1217088K), 0.0070020 secs] [Times: user=0.01 sys=0.00, real=0.01 secs] 
2014-07-16T15:44:31.683+0000: 1386.004: [GC [PSYoungGen: 530001K->438K(512192K)] 686576K->157036K(1199168K), 0.0064140 secs] [Times: user=0.01 sys=0.00, real=0.00 secs] 
2014-07-16T15:44:32.788+0000: 1387.109: [GC [PSYoungGen: 512182K->224K(495040K)] 668780K->156894K(1182016K), 0.0044220 secs] [Times: user=0.01 sys=0.00, real=0.00 secs] 
2014-07-16T15:44:33.856+0000: 1388.178: [GC [PSYoungGen: 495008K->292K(478848K)] 651678K->157026K(1165824K), 0.0048940 secs] [Times: user=0.01 sys=0.00, real=0.00 secs] 
2014-07-16T15:44:34.945+0000: 1389.266: [GC [PSYoungGen: 478817K->676K(463744K)] 635552K->157498K(1150720K), 0.0066080 secs] [Times: user=0.02 sys=0.00, real=0.00 secs] 
2014-07-16T15:44:35.945+0000: 1390.266: [GC [PSYoungGen: 463716K->552K(448768K)] 620538K->157510K(1135744K), 0.0066000 secs] [Times: user=0.02 sys=0.00, real=0.00 secs] 
2014-07-16T15:44:36.920+0000: 1391.241: [GC [PSYoungGen: 448744K->384K(434368K)] 605702K->157406K(1121344K), 0.0046920 secs] [Times: user=0.01 sys=0.00, real=0.01 secs] 
2014-07-16T15:44:37.868+0000: 1392.189: [GC [PSYoungGen: 434368K->416K(420864K)] 591390K->157502K(1107840K), 0.0064480 secs] [Times: user=0.01 sys=0.01, real=0.01 secs] 
2014-07-16T15:44:38.767+0000: 1393.089: [GC [PSYoungGen: 420832K->192K(407616K)] 577918K->157318K(1094592K), 0.0040890 secs] [Times: user=0.01 sys=0.00, real=0.00 secs] 
2014-07-16T15:44:39.687+0000: 1394.009: [GC [PSYoungGen: 407545K->566K(395584K)] 564672K->157716K(1082560K), 0.0135580 secs] [Times: user=0.05 sys=0.01, real=0.01 secs] 
2014-07-16T15:44:40.535+0000: 1394.857: [GC [PSYoungGen: 395574K->274K(383424K)] 552724K->157496K(1070400K), 0.0036710 secs] [Times: user=0.01 sys=0.00, real=0.00 secs] 
2014-07-16T15:44:41.363+0000: 1395.685: [GC [PSYoungGen: 383378K->338K(372096K)] 540600K->157584K(1059072K), 0.0049480 secs] [Times: user=0.01 sys=0.00, real=0.01 secs] 
2014-07-16T15:44:42.159+0000: 1396.480: [GC [PSYoungGen: 372050K->356K(361152K)] 529296K->157666K(1048128K), 0.0045550 secs] [Times: user=0.01 sys=0.00, real=0.00 secs] 
2014-07-16T15:44:42.943+0000: 1397.264: [GC [PSYoungGen: 361120K->520K(350848K)] 518431K->157878K(1037824K), 0.0155980 secs] [Times: user=0.05 sys=0.00, real=0.02 secs] 
2014-07-16T15:44:43.704+0000: 1398.025: [GC [PSYoungGen: 350792K->338K(340608K)] 508150K->157736K(1027584K), 0.0055700 secs] [Times: user=0.01 sys=0.00, real=0.01 secs] 
2014-07-16T15:44:44.508+0000: 1398.829: [GC [PSYoungGen: 340562K->630K(408960K)] 497960K->158580K(1095936K), 0.0179570 secs] [Times: user=0.06 sys=0.00, real=0.02 secs] 
2014-07-16T15:44:45.371+0000: 1399.692: [GC [PSYoungGen: 408942K->772K(490816K)] 566893K->158810K(1177792K), 0.0243580 secs] [Times: user=0.08 sys=0.00, real=0.03 secs] 
2014-07-16T15:44:46.448+0000: 1400.770: [GC [PSYoungGen: 490756K->370K(588416K)] 648794K->158592K(1275392K), 0.0147010 secs] [Times: user=0.06 sys=0.00, real=0.01 secs] 
2014-07-16T15:44:47.746+0000: 1402.068: [GC [PSYoungGen: 588402K->562K(706240K)] 746624K->158840K(1393216K), 0.0056140 secs] [Times: user=0.01 sys=0.00, real=0.00 secs] 
2014-07-16T15:44:49.319+0000: 1403.640: [GC [PSYoungGen: 706226K->548K(847424K)] 864504K->158906K(1534400K), 0.0081100 secs] [Times: user=0.02 sys=0.00, real=0.01 secs] 
2014-07-16T15:44:51.179+0000: 1405.500: [GC [PSYoungGen: 847396K->320K(814720K)] 1005754K->158766K(1501696K), 0.0054170 secs] [Times: user=0.01 sys=0.00, real=0.00 secs] 
2014-07-16T15:44:52.955+0000: 1407.277: [GC [PSYoungGen: 814720K->530K(977856K)] 973166K->159128K(1664832K), 0.0279220 secs] [Times: user=0.10 sys=0.00, real=0.03 secs] 
2014-07-16T15:44:55.086+0000: 1409.408: [GC [PSYoungGen: 977723K->708K(939392K)] 1136322K->159434K(1626368K), 0.0047900 secs] [Times: user=0.01 sys=0.00, real=0.00 secs] 
2014-07-16T15:44:57.102+0000: 1411.424: [GC [PSYoungGen: 939268K->566K(902400K)] 1097995K->159468K(1589376K), 0.0063680 secs] [Times: user=0.03 sys=0.00, real=0.01 secs] 
2014-07-16T15:44:59.058+0000: 1413.380: [GC [PSYoungGen: 902390K->530K(867392K)] 1061292K->159504K(1554368K), 0.0056220 secs] [Times: user=0.01 sys=0.00, real=0.00 secs] 
2014-07-16T15:45:00.907+0000: 1415.229: [GC [PSYoungGen: 867346K->388K(833920K)] 1026320K->159426K(1520896K), 0.0059280 secs] [Times: user=0.01 sys=0.00, real=0.00 secs] 
2014-07-16T15:45:02.702+0000: 1417.024: [GC [PSYoungGen: 833860K->256K(801920K)] 992898K->159374K(1488896K), 0.0133150 secs] [Times: user=0.05 sys=0.00, real=0.01 secs] 
2014-07-16T15:45:04.440+0000: 1418.762: [GC [PSYoungGen: 801920K->352K(771776K)] 961038K->159574K(1458752K), 0.0049060 secs] [Times: user=0.01 sys=0.00, real=0.00 secs] 
2014-07-16T15:45:06.130+0000: 1420.451: [GC [PSYoungGen: 771735K->698K(743232K)] 930958K->160024K(1430208K), 0.0037010 secs] [Times: user=0.02 sys=0.00, real=0.00 secs] 
2014-07-16T15:45:07.723+0000: 1422.044: [GC [PSYoungGen: 743219K->338K(715392K)] 902546K->159776K(1402368K), 0.0267050 secs] [Times: user=0.09 sys=0.00, real=0.03 secs] 
2014-07-16T15:45:09.372+0000: 1423.693: [GC [PSYoungGen: 715346K->882K(689664K)] 874784K->160400K(1376640K), 0.0058290 secs] [Times: user=0.02 sys=0.00, real=0.00 secs] 
2014-07-16T15:45:10.861+0000: 1425.182: [GC [PSYoungGen: 689650K->320K(664064K)] 849168K->159926K(1351040K), 0.0243710 secs] [Times: user=0.09 sys=0.00, real=0.02 secs] 
2014-07-16T15:45:12.308+0000: 1426.629: [GC [PSYoungGen: 664064K->384K(640256K)] 823670K->160078K(1327232K), 0.0153600 secs] [Times: user=0.05 sys=0.00, real=0.02 secs] 
2014-07-16T15:45:13.712+0000: 1428.033: [GC [PSYoungGen: 640256K->644K(617792K)] 799950K->160466K(1304768K), 0.0078620 secs] [Times: user=0.03 sys=0.00, real=0.01 secs] 
2014-07-16T15:45:15.098+0000: 1429.419: [GC [PSYoungGen: 617732K->648K(596032K)] 777554K->160558K(1283008K), 0.0040440 secs] [Times: user=0.01 sys=0.00, real=0.01 secs] 
2014-07-16T15:45:16.333+0000: 1430.654: [GC [PSYoungGen: 595976K->388K(575040K)] 755886K->160410K(1262016K), 0.0041390 secs] [Times: user=0.01 sys=0.00, real=0.00 secs] 
2014-07-16T15:45:17.588+0000: 1431.910: [GC [PSYoungGen: 574980K->438K(555264K)] 735002K->160500K(1242240K), 0.0187320 secs] [Times: user=0.07 sys=0.00, real=0.02 secs] 
2014-07-16T15:45:18.801+0000: 1433.122: [GC [PSYoungGen: 555254K->356K(536320K)] 715316K->160458K(1223296K), 0.0153710 secs] [Times: user=0.06 sys=0.00, real=0.01 secs] 
2014-07-16T15:45:20.081+0000: 1434.402: [GC [PSYoungGen: 536292K->576K(643712K)] 696394K->160726K(1330688K), 0.0297120 secs] [Times: user=0.10 sys=0.00, real=0.03 secs] 
2014-07-16T15:45:21.469+0000: 1435.791: [GC [PSYoungGen: 643706K->402K(772224K)] 803857K->160648K(1459200K), 0.0344500 secs] [Times: user=0.12 sys=0.00, real=0.04 secs] 
2014-07-16T15:45:23.190+0000: 1437.511: [GC [PSYoungGen: 772178K->434K(926592K)] 932424K->160800K(1613568K), 0.0123550 secs] [Times: user=0.04 sys=0.00, real=0.02 secs] 
2014-07-16T15:45:25.237+0000: 1439.558: [GC [PSYoungGen: 926481K->512K(1111936K)] 1086848K->161030K(1798912K), 0.0247160 secs] [Times: user=0.09 sys=0.00, real=0.03 secs] 
2014-07-16T15:45:27.634+0000: 1441.955: [GC [PSYoungGen: 1111936K->288K(1334080K)] 1272454K->160982K(2021056K), 0.0285970 secs] [Times: user=0.11 sys=0.00, real=0.03 secs] 
2014-07-16T15:45:30.586+0000: 1444.907: [GC [PSYoungGen: 1334048K->612K(1601152K)] 1494742K->161402K(2288128K), 0.0084540 secs] [Times: user=0.02 sys=0.00, real=0.01 secs] 
2014-07-16T15:45:34.055+0000: 1448.377: [GC [PSYoungGen: 1601027K->740K(1532416K)] 1761818K->161642K(2219392K), 0.0043580 secs] [Times: user=0.01 sys=0.00, real=0.00 secs] 
2014-07-16T15:45:37.382+0000: 1451.703: [GC [PSYoungGen: 1532388K->438K(1466560K)] 1693290K->161604K(2153536K), 0.0099990 secs] [Times: user=0.03 sys=0.00, real=0.01 secs] 
2014-07-16T15:45:40.631+0000: 1454.952: [GC [PSYoungGen: 1466455K->516K(1404352K)] 1627621K->161834K(2091328K), 0.0096130 secs] [Times: user=0.03 sys=0.00, real=0.01 secs] 
2014-07-16T15:45:43.650+0000: 1457.971: [GC [PSYoungGen: 1404245K->388K(1344960K)] 1565564K->161874K(2031936K), 0.0039030 secs] [Times: user=0.01 sys=0.00, real=0.00 secs] 
2014-07-16T15:45:46.581+0000: 1460.902: [GC [PSYoungGen: 1344900K->384K(1288512K)] 1506386K->162070K(1975488K), 0.0248010 secs] [Times: user=0.09 sys=0.00, real=0.03 secs] 
2014-07-16T15:45:49.411+0000: 1463.733: [GC [PSYoungGen: 1288484K->498K(1235008K)] 1450171K->162320K(1921984K), 0.0054680 secs] [Times: user=0.01 sys=0.00, real=0.01 secs] 
2014-07-16T15:45:52.153+0000: 1466.474: [GC [PSYoungGen: 1234994K->772K(1184320K)] 1396816K->162706K(1871296K), 0.0342480 secs] [Times: user=0.13 sys=0.00, real=0.04 secs] 
2014-07-16T15:45:54.693+0000: 1469.015: [GC [PSYoungGen: 1184260K->320K(1135232K)] 1346194K->162438K(1822208K), 0.0079130 secs] [Times: user=0.02 sys=0.00, real=0.01 secs] 
2014-07-16T15:45:57.172+0000: 1471.493: [GC [PSYoungGen: 1135232K->256K(1088960K)] 1297350K->162526K(1775936K), 0.0061080 secs] [Times: user=0.01 sys=0.00, real=0.01 secs] 
2014-07-16T15:45:59.533+0000: 1473.855: [GC [PSYoungGen: 1088953K->502K(1045248K)] 1251224K->162884K(1732224K), 0.0072360 secs] [Times: user=0.02 sys=0.00, real=0.01 secs] 
2014-07-16T15:46:01.860+0000: 1476.182: [GC [PSYoungGen: 1045238K->516K(1003456K)] 1207620K->162962K(1690432K), 0.0057720 secs] [Times: user=0.02 sys=0.00, real=0.01 secs] 
2014-07-16T15:46:04.104+0000: 1478.425: [GC [PSYoungGen: 1003396K->530K(963584K)] 1165842K->163144K(1650560K), 0.0204470 secs] [Times: user=0.07 sys=0.00, real=0.02 secs] 
2014-07-16T15:46:06.220+0000: 1480.541: [GC [PSYoungGen: 963538K->416K(925504K)] 1126152K->163238K(1612480K), 0.0087330 secs] [Times: user=0.03 sys=0.00, real=0.01 secs] 
2014-07-16T15:46:08.216+0000: 1482.538: [GC [PSYoungGen: 925472K->516K(889472K)] 1088294K->163458K(1576448K), 0.0041160 secs] [Times: user=0.01 sys=0.00, real=0.01 secs] 
2014-07-16T15:46:10.141+0000: 1484.462: [GC [PSYoungGen: 889412K->320K(854784K)] 1052354K->163326K(1541760K), 0.0061700 secs] [Times: user=0.02 sys=0.00, real=0.00 secs] 
2014-07-16T15:46:12.057+0000: 1486.379: [GC [PSYoungGen: 854784K->562K(822272K)] 1017790K->163632K(1509248K), 0.0058640 secs] [Times: user=0.01 sys=0.00, real=0.01 secs] 
2014-07-16T15:46:13.880+0000: 1488.201: [GC [PSYoungGen: 822258K->576K(791040K)] 985328K->163830K(1478016K), 0.0060400 secs] [Times: user=0.02 sys=0.00, real=0.00 secs] 
2014-07-16T15:46:15.621+0000: 1489.942: [GC [PSYoungGen: 791040K->562K(761280K)] 954294K->164080K(1448256K), 0.0049740 secs] [Times: user=0.01 sys=0.00, real=0.00 secs] 
2014-07-16T15:46:17.241+0000: 1491.562: [GC [PSYoungGen: 761266K->416K(732800K)] 924784K->164070K(1419776K), 0.0079220 secs] [Times: user=0.02 sys=0.01, real=0.01 secs] 
2014-07-16T15:46:18.827+0000: 1493.149: [GC [PSYoungGen: 732722K->288K(705600K)] 896377K->164014K(1392576K), 0.0169690 secs] [Times: user=0.06 sys=0.00, real=0.02 secs] 
2014-07-16T15:46:20.360+0000: 1494.681: [GC [PSYoungGen: 705568K->644K(680192K)] 869294K->164442K(1367168K), 0.0249890 secs] [Times: user=0.09 sys=0.01, real=0.02 secs] 
2014-07-16T15:46:21.858+0000: 1496.180: [GC [PSYoungGen: 680132K->498K(655424K)] 843930K->164376K(1342400K), 0.0148480 secs] [Times: user=0.06 sys=0.00, real=0.02 secs] 
2014-07-16T15:46:23.308+0000: 1497.629: [GC [PSYoungGen: 655410K->548K(632000K)] 819288K->164562K(1318976K), 0.0049350 secs] [Times: user=0.02 sys=0.01, real=0.01 secs] 
2014-07-16T15:46:24.673+0000: 1498.994: [GC [PSYoungGen: 631972K->256K(609280K)] 795986K->164382K(1296256K), 0.0055430 secs] [Times: user=0.02 sys=0.00, real=0.00 secs] 
2014-07-16T15:46:26.039+0000: 1500.361: [GC [PSYoungGen: 609280K->434K(588096K)] 773406K->164672K(1275072K), 0.0038490 secs] [Times: user=0.01 sys=0.00, real=0.01 secs] 
2014-07-16T15:46:27.300+0000: 1501.622: [GC [PSYoungGen: 588082K->224K(567488K)] 752320K->164542K(1254464K), 0.0107940 secs] [Times: user=0.04 sys=0.00, real=0.01 secs] 
2014-07-16T15:46:28.522+0000: 1502.844: [GC [PSYoungGen: 567456K->224K(548032K)] 731774K->164598K(1235008K), 0.0077750 secs] [Times: user=0.02 sys=0.00, real=0.00 secs] 
2014-07-16T15:46:29.716+0000: 1504.038: [GC [PSYoungGen: 547979K->402K(529600K)] 712353K->164824K(1216576K), 0.0141910 secs] [Times: user=0.04 sys=0.00, real=0.01 secs] 
2014-07-16T15:46:30.897+0000: 1505.218: [GC [PSYoungGen: 529554K->548K(512000K)] 693976K->164994K(1198976K), 0.0139160 secs] [Times: user=0.05 sys=0.00, real=0.01 secs] 
2014-07-16T15:46:31.978+0000: 1506.299: [GC [PSYoungGen: 511972K->480K(494976K)] 676418K->165022K(1181952K), 0.0063670 secs] [Times: user=0.01 sys=0.00, real=0.01 secs] 
2014-07-16T15:46:33.077+0000: 1507.399: [GC [PSYoungGen: 494944K->608K(478912K)] 659486K->165246K(1165888K), 0.0076860 secs] [Times: user=0.02 sys=0.00, real=0.01 secs] 
2014-07-16T15:46:34.123+0000: 1508.445: [GC [PSYoungGen: 478880K->548K(463360K)] 643518K->165298K(1150336K), 0.0064530 secs] [Times: user=0.01 sys=0.00, real=0.00 secs] 
2014-07-16T15:46:35.106+0000: 1509.428: [GC [PSYoungGen: 463332K->320K(448256K)] 628082K->165166K(1135232K), 0.0049270 secs] [Times: user=0.00 sys=0.00, real=0.00 secs] 
2014-07-16T15:46:36.103+0000: 1510.424: [GC [PSYoungGen: 448256K->896K(538432K)] 613102K->165814K(1225408K), 0.0209130 secs] [Times: user=0.07 sys=0.00, real=0.02 secs] 
2014-07-16T15:46:37.257+0000: 1511.579: [GC [PSYoungGen: 538432K->370K(645440K)] 703350K->165344K(1332416K), 0.0148850 secs] [Times: user=0.05 sys=0.00, real=0.02 secs] 
2014-07-16T15:46:38.667+0000: 1512.988: [GC [PSYoungGen: 645426K->416K(622464K)] 810400K->165438K(1309440K), 0.0051190 secs] [Times: user=0.01 sys=0.00, real=0.01 secs] 
2014-07-16T15:46:40.007+0000: 1514.328: [GC [PSYoungGen: 622432K->370K(600448K)] 787454K->165472K(1287424K), 0.0072570 secs] [Times: user=0.01 sys=0.00, real=0.01 secs] 
2014-07-16T15:46:41.367+0000: 1515.688: [GC [PSYoungGen: 600434K->854K(721024K)] 765536K->166004K(1408000K), 0.0312530 secs] [Times: user=0.12 sys=0.00, real=0.03 secs] 
2014-07-16T15:46:42.929+0000: 1517.251: [GC [PSYoungGen: 720930K->320K(864512K)] 886080K->165590K(1551488K), 0.0139220 secs] [Times: user=0.05 sys=0.00, real=0.02 secs] 
2014-07-16T15:46:44.811+0000: 1519.132: [GC [PSYoungGen: 864512K->548K(831488K)] 1029782K->165938K(1518464K), 0.0124300 secs] [Times: user=0.05 sys=0.00, real=0.02 secs] 
2014-07-16T15:46:46.659+0000: 1520.980: [GC [PSYoungGen: 831460K->434K(997568K)] 996850K->165952K(1684544K), 0.0230170 secs] [Times: user=0.08 sys=0.00, real=0.02 secs] 
2014-07-16T15:46:48.849+0000: 1523.171: [GC [PSYoungGen: 997536K->352K(957888K)] 1163055K->165982K(1644864K), 0.0069280 secs] [Times: user=0.01 sys=0.00, real=0.01 secs] 
2014-07-16T15:46:50.920+0000: 1525.241: [GC [PSYoungGen: 957856K->466K(920320K)] 1123486K->166184K(1607296K), 0.0137620 secs] [Times: user=0.05 sys=0.01, real=0.01 secs] 
2014-07-16T15:46:52.915+0000: 1527.236: [GC [PSYoungGen: 920274K->288K(884224K)] 1085992K->166086K(1571200K), 0.0203510 secs] [Times: user=0.08 sys=0.00, real=0.02 secs] 
2014-07-16T15:46:54.835+0000: 1529.157: [GC [PSYoungGen: 884192K->416K(850176K)] 1049990K->166374K(1537152K), 0.0137090 secs] [Times: user=0.05 sys=0.00, real=0.01 secs] 
2014-07-16T15:46:56.694+0000: 1531.016: [GC [PSYoungGen: 850144K->352K(817536K)] 1016102K->166446K(1504512K), 0.0250800 secs] [Times: user=0.08 sys=0.00, real=0.03 secs] 
2014-07-16T15:46:58.468+0000: 1532.790: [GC [PSYoungGen: 817504K->288K(786432K)] 983598K->166502K(1473408K), 0.0073720 secs] [Times: user=0.03 sys=0.00, real=0.01 secs] 
2014-07-16T15:47:00.186+0000: 1534.507: [GC [PSYoungGen: 786400K->466K(757056K)] 952614K->166736K(1444032K), 0.0044330 secs] [Times: user=0.01 sys=0.01, real=0.00 secs] 
2014-07-16T15:47:01.838+0000: 1536.159: [GC [PSYoungGen: 757010K->338K(728768K)] 923280K->166656K(1415744K), 0.0191080 secs] [Times: user=0.06 sys=0.00, real=0.02 secs] 
2014-07-16T15:47:03.421+0000: 1537.742: [GC [PSYoungGen: 728722K->384K(701888K)] 895040K->166814K(1388864K), 0.0078350 secs] [Times: user=0.01 sys=0.00, real=0.01 secs] 
2014-07-16T15:47:04.977+0000: 1539.298: [GC [PSYoungGen: 701847K->598K(676544K)] 868278K->167156K(1363520K), 0.0054830 secs] [Times: user=0.01 sys=0.00, real=0.00 secs] 
2014-07-16T15:47:06.491+0000: 1540.812: [GC [PSYoungGen: 676502K->498K(651968K)] 843060K->167152K(1338944K), 0.0057590 secs] [Times: user=0.01 sys=0.00, real=0.01 secs] 
2014-07-16T15:47:07.894+0000: 1542.215: [GC [PSYoungGen: 651954K->192K(628352K)] 818608K->166942K(1315328K), 0.0040010 secs] [Times: user=0.01 sys=0.00, real=0.01 secs] 
2014-07-16T15:47:09.266+0000: 1543.587: [GC [PSYoungGen: 628352K->352K(606336K)] 795102K->167166K(1293312K), 0.0203220 secs] [Times: user=0.08 sys=0.00, real=0.02 secs] 
2014-07-16T15:47:10.573+0000: 1544.895: [GC [PSYoungGen: 606304K->320K(585024K)] 773118K->167182K(1272000K), 0.0055940 secs] [Times: user=0.01 sys=0.00, real=0.01 secs] 
2014-07-16T15:47:11.844+0000: 1546.166: [GC [PSYoungGen: 584987K->384K(564800K)] 751849K->167294K(1251776K), 0.0209000 secs] [Times: user=0.08 sys=0.00, real=0.02 secs] 
2014-07-16T15:47:13.084+0000: 1547.405: [GC [PSYoungGen: 564800K->480K(545600K)] 731710K->167502K(1232576K), 0.0045870 secs] [Times: user=0.01 sys=0.00, real=0.01 secs] 
2014-07-16T15:47:14.338+0000: 1548.659: [GC [PSYoungGen: 545568K->576K(527168K)] 712590K->167872K(1214144K), 0.0096670 secs] [Times: user=0.02 sys=0.00, real=0.01 secs] 
2014-07-16T15:47:15.446+0000: 1549.767: [GC [PSYoungGen: 527168K->338K(509312K)] 694464K->167786K(1196288K), 0.0052720 secs] [Times: user=0.02 sys=0.00, real=0.01 secs] 
2014-07-16T15:47:16.574+0000: 1550.896: [GC [PSYoungGen: 509266K->744K(492864K)] 676714K->168328K(1179840K), 0.0082650 secs] [Times: user=0.01 sys=0.00, real=0.01 secs] 
2014-07-16T15:47:17.681+0000: 1552.003: [GC [PSYoungGen: 492840K->452K(476480K)] 660424K->168108K(1163456K), 0.0106660 secs] [Times: user=0.04 sys=0.00, real=0.01 secs] 
2014-07-16T15:47:18.730+0000: 1553.051: [GC [PSYoungGen: 476420K->694K(571904K)] 644076K->168446K(1258880K), 0.0355750 secs] [Times: user=0.13 sys=0.00, real=0.03 secs] 
2014-07-16T15:47:19.972+0000: 1554.293: [GC [PSYoungGen: 571894K->530K(686016K)] 739646K->168330K(1372992K), 0.0063360 secs] [Times: user=0.02 sys=0.00, real=0.01 secs] 
2014-07-16T15:47:21.560+0000: 1555.882: [GC [PSYoungGen: 685970K->818K(823360K)] 853770K->168858K(1510336K), 0.0382170 secs] [Times: user=0.14 sys=0.00, real=0.03 secs] 
2014-07-16T15:47:23.295+0000: 1557.617: [GC [PSYoungGen: 823346K->562K(987648K)] 991386K->168746K(1674624K), 0.0110700 secs] [Times: user=0.05 sys=0.00, real=0.01 secs] 
2014-07-16T15:47:25.471+0000: 1559.793: [GC [PSYoungGen: 987634K->530K(1185088K)] 1155818K->168890K(1872064K), 0.0126590 secs] [Times: user=0.04 sys=0.00, real=0.01 secs] 
2014-07-16T15:47:28.068+0000: 1562.390: [GC [PSYoungGen: 1185042K->794K(1136704K)] 1353402K->169298K(1823680K), 0.0147850 secs] [Times: user=0.06 sys=0.00, real=0.02 secs] 
2014-07-16T15:47:30.572+0000: 1564.893: [GC [PSYoungGen: 1136666K->370K(1089984K)] 1305170K->168994K(1776960K), 0.0042690 secs] [Times: user=0.01 sys=0.00, real=0.00 secs] 
2014-07-16T15:47:32.986+0000: 1567.308: [GC [PSYoungGen: 1089918K->484K(1046080K)] 1258543K->169212K(1733056K), 0.0106330 secs] [Times: user=0.04 sys=0.00, real=0.01 secs] 
2014-07-16T15:47:35.265+0000: 1569.587: [GC [PSYoungGen: 1046052K->384K(1004032K)] 1214780K->169344K(1691008K), 0.0052960 secs] [Times: user=0.00 sys=0.01, real=0.00 secs] 
2014-07-16T15:47:37.462+0000: 1571.783: [GC [PSYoungGen: 1004032K->530K(964352K)] 1172992K->169626K(1651328K), 0.0043430 secs] [Times: user=0.01 sys=0.00, real=0.00 secs] 
2014-07-16T15:47:39.548+0000: 1573.870: [GC [PSYoungGen: 964306K->370K(926144K)] 1133402K->169586K(1613120K), 0.0176170 secs] [Times: user=0.06 sys=0.00, real=0.02 secs] 
2014-07-16T15:47:41.578+0000: 1575.900: [GC [PSYoungGen: 926130K->480K(890112K)] 1095346K->169760K(1577088K), 0.0111960 secs] [Times: user=0.04 sys=0.00, real=0.01 secs] 
2014-07-16T15:47:43.538+0000: 1577.859: [GC [PSYoungGen: 890080K->516K(855744K)] 1059360K->169932K(1542720K), 0.0165190 secs] [Times: user=0.06 sys=0.01, real=0.02 secs] 
2014-07-16T15:47:45.392+0000: 1579.713: [GC [PSYoungGen: 855684K->128K(822464K)] 1025100K->169704K(1509440K), 0.0052010 secs] [Times: user=0.01 sys=0.00, real=0.01 secs] 
2014-07-16T15:47:47.237+0000: 1581.559: [GC [PSYoungGen: 822464K->580K(791680K)] 992040K->170252K(1478656K), 0.0124080 secs] [Times: user=0.04 sys=0.00, real=0.01 secs] 
2014-07-16T15:47:48.936+0000: 1583.258: [GC [PSYoungGen: 791620K->224K(761472K)] 961292K->170032K(1448448K), 0.0072320 secs] [Times: user=0.01 sys=0.00, real=0.01 secs] 
2014-07-16T15:47:50.579+0000: 1584.900: [GC [PSYoungGen: 761440K->256K(733056K)] 931248K->170104K(1420032K), 0.0078960 secs] [Times: user=0.02 sys=0.00, real=0.01 secs] 
2014-07-16T15:47:52.189+0000: 1586.511: [GC [PSYoungGen: 733056K->320K(706048K)] 902904K->170232K(1393024K), 0.0252480 secs] [Times: user=0.09 sys=0.00, real=0.03 secs] 
2014-07-16T15:47:53.743+0000: 1588.065: [GC [PSYoungGen: 705969K->676K(847616K)] 875882K->170724K(1534592K), 0.0292030 secs] [Times: user=0.11 sys=0.00, real=0.02 secs] 
2014-07-16T15:47:55.604+0000: 1589.925: [GC [PSYoungGen: 847564K->812K(1017152K)] 1017612K->171028K(1704128K), 0.0298150 secs] [Times: user=0.10 sys=0.00, real=0.03 secs] 
2014-07-16T15:47:57.840+0000: 1592.161: [GC [PSYoungGen: 1017132K->352K(1219968K)] 1187348K->170680K(1906944K), 0.0135050 secs] [Times: user=0.05 sys=0.00, real=0.01 secs] 
2014-07-16T15:48:00.518+0000: 1594.840: [GC [PSYoungGen: 1219936K->416K(1169728K)] 1390264K->170904K(1856704K), 0.0237040 secs] [Times: user=0.07 sys=0.00, real=0.02 secs] 
2014-07-16T15:48:03.057+0000: 1597.378: [GC [PSYoungGen: 1169696K->598K(1122048K)] 1340184K->171166K(1809024K), 0.0087470 secs] [Times: user=0.03 sys=0.00, real=0.01 secs] 
2014-07-16T15:48:05.475+0000: 1599.796: [GC [PSYoungGen: 1122006K->704K(1076544K)] 1292574K->171424K(1763520K), 0.0054630 secs] [Times: user=0.02 sys=0.00, real=0.01 secs] 
2014-07-16T15:48:07.906+0000: 1602.227: [GC [PSYoungGen: 1076544K->448K(1032896K)] 1247264K->171296K(1719872K), 0.0060320 secs] [Times: user=0.01 sys=0.00, real=0.00 secs] 
2014-07-16T15:48:10.172+0000: 1604.494: [GC [PSYoungGen: 1032896K->320K(991488K)] 1203744K->171312K(1678464K), 0.0055130 secs] [Times: user=0.01 sys=0.00, real=0.01 secs] 
2014-07-16T15:48:12.359+0000: 1606.680: [GC [PSYoungGen: 991413K->776K(952704K)] 1162406K->171880K(1639680K), 0.0039150 secs] [Times: user=0.01 sys=0.00, real=0.00 secs] 
2014-07-16T15:48:14.422+0000: 1608.743: [GC [PSYoungGen: 952648K->484K(914944K)] 1123752K->171740K(1601920K), 0.0050230 secs] [Times: user=0.01 sys=0.00, real=0.01 secs] 
2014-07-16T15:48:16.440+0000: 1610.762: [GC [PSYoungGen: 914916K->594K(879424K)] 1086172K->172002K(1566400K), 0.0210990 secs] [Times: user=0.08 sys=0.00, real=0.02 secs] 
2014-07-16T15:48:18.357+0000: 1612.678: [GC [PSYoungGen: 879378K->402K(845312K)] 1050786K->171898K(1532288K), 0.0054710 secs] [Times: user=0.01 sys=0.00, real=0.01 secs] 
2014-07-16T15:48:20.195+0000: 1614.517: [GC [PSYoungGen: 845203K->420K(812992K)] 1016699K->172004K(1499968K), 0.0107660 secs] [Times: user=0.04 sys=0.01, real=0.01 secs] 
2014-07-16T15:48:21.958+0000: 1616.279: [GC [PSYoungGen: 812964K->882K(782656K)] 984548K->172538K(1469632K), 0.0090550 secs] [Times: user=0.02 sys=0.00, real=0.00 secs] 
2014-07-16T15:48:23.669+0000: 1617.990: [GC [PSYoungGen: 782628K->512K(752896K)] 954284K->172272K(1439872K), 0.0051810 secs] [Times: user=0.01 sys=0.00, real=0.00 secs] 
2014-07-16T15:48:25.297+0000: 1619.619: [GC [PSYoungGen: 752896K->498K(724928K)] 924656K->172394K(1411904K), 0.0078820 secs] [Times: user=0.02 sys=0.01, real=0.01 secs] 
2014-07-16T15:48:26.866+0000: 1621.188: [GC [PSYoungGen: 724914K->306K(698048K)] 896810K->172274K(1385024K), 0.0050170 secs] [Times: user=0.01 sys=0.00, real=0.01 secs] 
2014-07-16T15:48:28.415+0000: 1622.736: [GC [PSYoungGen: 698034K->662K(672960K)] 870002K->172710K(1359936K), 0.0127100 secs] [Times: user=0.05 sys=0.00, real=0.01 secs] 
2014-07-16T15:48:29.924+0000: 1624.246: [GC [PSYoungGen: 672860K->608K(648640K)] 844909K->172728K(1335616K), 0.0040160 secs] [Times: user=0.01 sys=0.00, real=0.00 secs] 
2014-07-16T15:48:31.307+0000: 1625.628: [GC [PSYoungGen: 648608K->640K(625472K)] 820728K->172848K(1312448K), 0.0098570 secs] [Times: user=0.03 sys=0.00, real=0.01 secs] 
2014-07-16T15:48:32.728+0000: 1627.049: [GC [PSYoungGen: 625472K->694K(603456K)] 797680K->173006K(1290432K), 0.0046170 secs] [Times: user=0.01 sys=0.00, real=0.01 secs] 
2014-07-16T15:48:34.038+0000: 1628.359: [GC [PSYoungGen: 603444K->882K(582592K)] 775756K->173338K(1269568K), 0.0093130 secs] [Times: user=0.02 sys=0.01, real=0.01 secs] 
2014-07-16T15:48:35.291+0000: 1629.612: [GC [PSYoungGen: 582578K->352K(561984K)] 755034K->172912K(1248960K), 0.0104070 secs] [Times: user=0.02 sys=0.01, real=0.01 secs] 
2014-07-16T15:48:36.526+0000: 1630.847: [GC [PSYoungGen: 561952K->192K(542592K)] 734512K->172832K(1229568K), 0.0049600 secs] [Times: user=0.02 sys=0.00, real=0.01 secs] 
2014-07-16T15:48:37.758+0000: 1632.079: [GC [PSYoungGen: 542592K->772K(524864K)] 715232K->173484K(1211840K), 0.0098410 secs] [Times: user=0.02 sys=0.00, real=0.01 secs] 
2014-07-16T15:48:38.894+0000: 1633.215: [GC [PSYoungGen: 524798K->420K(506944K)] 697511K->173204K(1193920K), 0.0101610 secs] [Times: user=0.04 sys=0.01, real=0.01 secs] 
2014-07-16T15:48:39.994+0000: 1634.315: [GC [PSYoungGen: 506836K->274K(490048K)] 679621K->173106K(1177024K), 0.0049670 secs] [Times: user=0.01 sys=0.00, real=0.00 secs] 
2014-07-16T15:48:41.135+0000: 1635.457: [GC [PSYoungGen: 490002K->370K(474112K)] 662834K->173234K(1161088K), 0.0051850 secs] [Times: user=0.01 sys=0.00, real=0.00 secs] 
2014-07-16T15:48:42.159+0000: 1636.481: [GC [PSYoungGen: 474098K->434K(458880K)] 646962K->173386K(1145856K), 0.0065070 secs] [Times: user=0.01 sys=0.00, real=0.01 secs] 
2014-07-16T15:48:43.219+0000: 1637.541: [GC [PSYoungGen: 458780K->516K(444352K)] 631733K->173548K(1131328K), 0.0114540 secs] [Times: user=0.05 sys=0.00, real=0.02 secs] 
2014-07-16T15:48:44.174+0000: 1638.496: [GC [PSYoungGen: 444292K->434K(430208K)] 617324K->173602K(1117184K), 0.0090120 secs] [Times: user=0.04 sys=0.00, real=0.01 secs] 
2014-07-16T15:48:45.100+0000: 1639.422: [GC [PSYoungGen: 430186K->548K(416960K)] 603355K->173820K(1103936K), 0.0091180 secs] [Times: user=0.02 sys=0.00, real=0.01 secs] 
2014-07-16T15:48:46.019+0000: 1640.340: [GC [PSYoungGen: 416884K->452K(404096K)] 590157K->173788K(1091072K), 0.0107560 secs] [Times: user=0.03 sys=0.00, real=0.01 secs] 
2014-07-16T15:48:46.905+0000: 1641.227: [GC [PSYoungGen: 403987K->452K(391808K)] 577324K->173836K(1078784K), 0.0057650 secs] [Times: user=0.01 sys=0.01, real=0.00 secs] 
2014-07-16T15:48:47.829+0000: 1642.151: [GC [PSYoungGen: 391748K->594K(470208K)] 565132K->174018K(1157184K), 0.0288240 secs] [Times: user=0.09 sys=0.00, real=0.03 secs] 
2014-07-16T15:48:48.847+0000: 1643.168: [GC [PSYoungGen: 470077K->324K(563904K)] 643502K->173828K(1250880K), 0.0055020 secs] [Times: user=0.01 sys=0.00, real=0.01 secs] 
2014-07-16T15:48:50.085+0000: 1644.406: [GC [PSYoungGen: 563834K->822K(545024K)] 737339K->174390K(1232000K), 0.0043920 secs] [Times: user=0.02 sys=0.00, real=0.00 secs] 
2014-07-16T15:48:51.253+0000: 1645.574: [GC [PSYoungGen: 544990K->406K(653504K)] 718558K->174006K(1340480K), 0.0187770 secs] [Times: user=0.07 sys=0.01, real=0.01 secs] 
2014-07-16T15:48:52.738+0000: 1647.059: [GC [PSYoungGen: 653405K->580K(630336K)] 827006K->174276K(1317312K), 0.0079180 secs] [Times: user=0.01 sys=0.00, real=0.01 secs] 
2014-07-16T15:48:54.049+0000: 1648.370: [GC [PSYoungGen: 630276K->612K(608000K)] 803972K->174436K(1294976K), 0.0109810 secs] [Times: user=0.04 sys=0.00, real=0.01 secs] 
2014-07-16T15:48:55.361+0000: 1649.682: [GC [PSYoungGen: 607972K->402K(586496K)] 781796K->174330K(1273472K), 0.0056900 secs] [Times: user=0.02 sys=0.00, real=0.01 secs] 
2014-07-16T15:48:56.640+0000: 1650.962: [GC [PSYoungGen: 586450K->882K(566592K)] 760378K->174930K(1253568K), 0.0090150 secs] [Times: user=0.02 sys=0.00, real=0.01 secs] 
2014-07-16T15:48:57.873+0000: 1652.194: [GC [PSYoungGen: 566578K->356K(546688K)] 740626K->174468K(1233664K), 0.0049010 secs] [Times: user=0.01 sys=0.00, real=0.01 secs] 
2014-07-16T15:48:59.053+0000: 1653.375: [GC [PSYoungGen: 546631K->434K(528256K)] 720744K->174634K(1215232K), 0.0186130 secs] [Times: user=0.07 sys=0.01, real=0.01 secs] 
2014-07-16T15:49:00.194+0000: 1654.515: [GC [PSYoungGen: 528242K->192K(510272K)] 702442K->174424K(1197248K), 0.0089730 secs] [Times: user=0.01 sys=0.00, real=0.00 secs] 
2014-07-16T15:49:01.317+0000: 1655.638: [GC [PSYoungGen: 510201K->292K(493504K)] 684434K->174564K(1180480K), 0.0048020 secs] [Times: user=0.01 sys=0.00, real=0.00 secs] 
2014-07-16T15:49:02.390+0000: 1656.711: [GC [PSYoungGen: 493430K->292K(477312K)] 667703K->174628K(1164288K), 0.0040350 secs] [Times: user=0.01 sys=0.00, real=0.00 secs] 
2014-07-16T15:49:03.460+0000: 1657.781: [GC [PSYoungGen: 477284K->562K(462144K)] 651620K->174970K(1149120K), 0.0122770 secs] [Times: user=0.05 sys=0.00, real=0.01 secs] 
2014-07-16T15:49:04.476+0000: 1658.798: [GC [PSYoungGen: 462130K->932K(554880K)] 636538K->175500K(1241856K), 0.0276760 secs] [Times: user=0.10 sys=0.00, real=0.03 secs] 
2014-07-16T15:49:05.666+0000: 1659.987: [GC [PSYoungGen: 554852K->320K(665024K)] 729420K->174976K(1352000K), 0.0159490 secs] [Times: user=0.06 sys=0.00, real=0.01 secs] 
2014-07-16T15:49:07.113+0000: 1661.435: [GC [PSYoungGen: 665024K->534K(798272K)] 839680K->175254K(1485248K), 0.0061230 secs] [Times: user=0.01 sys=0.00, real=0.01 secs] 
2014-07-16T15:49:08.844+0000: 1663.166: [GC [PSYoungGen: 798230K->488K(768064K)] 972950K->175280K(1455040K), 0.0098340 secs] [Times: user=0.03 sys=0.00, real=0.01 secs] 
2014-07-16T15:49:10.541+0000: 1664.862: [GC [PSYoungGen: 768040K->370K(739264K)] 942832K->175226K(1426240K), 0.0053130 secs] [Times: user=0.01 sys=0.01, real=0.01 secs] 
2014-07-16T15:49:12.161+0000: 1666.482: [GC [PSYoungGen: 739250K->448K(712000K)] 914106K->175400K(1398976K), 0.0113170 secs] [Times: user=0.04 sys=0.00, real=0.01 secs] 
2014-07-16T15:49:13.714+0000: 1668.035: [GC [PSYoungGen: 712000K->480K(685952K)] 886952K->175584K(1372928K), 0.0131610 secs] [Times: user=0.05 sys=0.00, real=0.02 secs] 
2014-07-16T15:49:15.181+0000: 1669.503: [GC [PSYoungGen: 685920K->256K(660800K)] 861024K->175496K(1347776K), 0.0222490 secs] [Times: user=0.08 sys=0.00, real=0.02 secs] 
2014-07-16T15:49:16.620+0000: 1670.942: [GC [PSYoungGen: 660800K->274K(793024K)] 836040K->175594K(1480000K), 0.0200340 secs] [Times: user=0.07 sys=0.00, real=0.02 secs] 
2014-07-16T15:49:18.385+0000: 1672.706: [GC [PSYoungGen: 792978K->598K(763456K)] 968298K->175990K(1450432K), 0.0109220 secs] [Times: user=0.03 sys=0.00, real=0.02 secs] 
2014-07-16T15:49:20.051+0000: 1674.372: [GC [PSYoungGen: 763414K->434K(734784K)] 938806K->175938K(1421760K), 0.0106360 secs] [Times: user=0.04 sys=0.00, real=0.01 secs] 
2014-07-16T15:49:21.696+0000: 1676.018: [GC [PSYoungGen: 734770K->576K(707776K)] 910274K->176152K(1394752K), 0.0196510 secs] [Times: user=0.08 sys=0.00, real=0.02 secs] 
2014-07-16T15:49:23.244+0000: 1677.565: [GC [PSYoungGen: 707776K->402K(681792K)] 883352K->176122K(1368768K), 0.0093680 secs] [Times: user=0.03 sys=0.00, real=0.01 secs] 
2014-07-16T15:49:24.715+0000: 1679.037: [GC [PSYoungGen: 681746K->402K(818112K)] 857466K->176250K(1505088K), 0.0252680 secs] [Times: user=0.10 sys=0.00, real=0.03 secs] 
2014-07-16T15:49:26.490+0000: 1680.811: [GC [PSYoungGen: 818029K->520K(981824K)] 993878K->176464K(1668800K), 0.0161150 secs] [Times: user=0.06 sys=0.01, real=0.01 secs] 
2014-07-16T15:49:28.657+0000: 1682.978: [GC [PSYoungGen: 981768K->384K(1177920K)] 1157712K->176432K(1864896K), 0.0235960 secs] [Times: user=0.08 sys=0.00, real=0.03 secs] 
2014-07-16T15:49:31.230+0000: 1685.551: [GC [PSYoungGen: 1177920K->452K(1129792K)] 1353968K->176604K(1816768K), 0.0144970 secs] [Times: user=0.05 sys=0.01, real=0.01 secs] 
2014-07-16T15:49:33.704+0000: 1688.026: [GC [PSYoungGen: 1129732K->530K(1083904K)] 1305884K->176778K(1770880K), 0.0133610 secs] [Times: user=0.05 sys=0.00, real=0.01 secs] 
2014-07-16T15:49:36.052+0000: 1690.373: [GC [PSYoungGen: 1083858K->352K(1040000K)] 1260106K->176800K(1726976K), 0.0160840 secs] [Times: user=0.06 sys=0.00, real=0.01 secs] 
2014-07-16T15:49:38.385+0000: 1692.707: [GC [PSYoungGen: 1039968K->480K(998528K)] 1216416K->177056K(1685504K), 0.0114160 secs] [Times: user=0.04 sys=0.00, real=0.01 secs] 
2014-07-16T15:49:40.564+0000: 1694.885: [GC [PSYoungGen: 998496K->502K(958912K)] 1175072K->177182K(1645888K), 0.0057910 secs] [Times: user=0.01 sys=0.00, real=0.00 secs] 
2014-07-16T15:49:42.646+0000: 1696.968: [GC [PSYoungGen: 958902K->758K(921408K)] 1135582K->177558K(1608384K), 0.0152650 secs] [Times: user=0.05 sys=0.00, real=0.02 secs] 
2014-07-16T15:49:44.660+0000: 1698.982: [GC [PSYoungGen: 921398K->320K(885056K)] 1098198K->177368K(1572032K), 0.0049690 secs] [Times: user=0.02 sys=0.00, real=0.00 secs] 
2014-07-16T15:49:46.579+0000: 1700.900: [GC [PSYoungGen: 885056K->256K(850752K)] 1062104K->177448K(1537728K), 0.0032290 secs] [Times: user=0.01 sys=0.00, real=0.01 secs] 
2014-07-16T15:49:48.480+0000: 1702.801: [GC [PSYoungGen: 850752K->416K(818368K)] 1027944K->177704K(1505344K), 0.0110250 secs] [Times: user=0.04 sys=0.00, real=0.01 secs] 
2014-07-16T15:49:50.280+0000: 1704.601: [GC [PSYoungGen: 818336K->484K(787392K)] 995624K->177844K(1474368K), 0.0057060 secs] [Times: user=0.02 sys=0.00, real=0.01 secs] 
2014-07-16T15:49:51.973+0000: 1706.294: [GC [PSYoungGen: 787364K->530K(757824K)] 964724K->177978K(1444800K), 0.0195500 secs] [Times: user=0.07 sys=0.00, real=0.02 secs] 
2014-07-16T15:49:53.667+0000: 1707.989: [GC [PSYoungGen: 757776K->534K(729600K)] 935224K->178094K(1416576K), 0.0153030 secs] [Times: user=0.06 sys=0.00, real=0.02 secs] 
2014-07-16T15:49:55.292+0000: 1709.613: [GC [PSYoungGen: 729555K->548K(702720K)] 907116K->178292K(1389696K), 0.0145390 secs] [Times: user=0.05 sys=0.00, real=0.02 secs] 
2014-07-16T15:49:56.811+0000: 1711.133: [GC [PSYoungGen: 702692K->338K(676864K)] 880436K->178194K(1363840K), 0.0065900 secs] [Times: user=0.01 sys=0.00, real=0.01 secs] 
2014-07-16T15:49:58.271+0000: 1712.592: [GC [PSYoungGen: 676818K->288K(652352K)] 854674K->178200K(1339328K), 0.0054470 secs] [Times: user=0.02 sys=0.00, real=0.01 secs] 
2014-07-16T15:49:59.712+0000: 1714.034: [GC [PSYoungGen: 652320K->224K(628928K)] 830232K->178200K(1315904K), 0.0064490 secs] [Times: user=0.02 sys=0.00, real=0.01 secs] 
2014-07-16T15:50:01.081+0000: 1715.403: [GC [PSYoungGen: 628896K->320K(606720K)] 806872K->178344K(1293696K), 0.0053310 secs] [Times: user=0.02 sys=0.00, real=0.01 secs] 
2014-07-16T15:50:02.396+0000: 1716.718: [GC [PSYoungGen: 606687K->256K(585408K)] 784712K->178344K(1272384K), 0.0165100 secs] [Times: user=0.06 sys=0.00, real=0.01 secs] 
2014-07-16T15:50:03.711+0000: 1718.032: [GC [PSYoungGen: 585408K->466K(565376K)] 763496K->178666K(1252352K), 0.0138160 secs] [Times: user=0.05 sys=0.00, real=0.02 secs] 
2014-07-16T15:50:04.938+0000: 1719.260: [GC [PSYoungGen: 565330K->288K(545792K)] 743530K->178624K(1232768K), 0.0207500 secs] [Times: user=0.07 sys=0.00, real=0.02 secs] 
2014-07-16T15:50:06.182+0000: 1720.504: [GC [PSYoungGen: 545743K->402K(527424K)] 724080K->178794K(1214400K), 0.0056280 secs] [Times: user=0.01 sys=0.00, real=0.01 secs] 
2014-07-16T15:50:07.305+0000: 1721.626: [GC [PSYoungGen: 527378K->192K(509504K)] 705770K->178680K(1196480K), 0.0124460 secs] [Times: user=0.04 sys=0.00, real=0.01 secs] 
2014-07-16T15:50:08.415+0000: 1722.736: [GC [PSYoungGen: 509504K->288K(492736K)] 687992K->178816K(1179712K), 0.0106590 secs] [Times: user=0.04 sys=0.00, real=0.01 secs] 
2014-07-16T15:50:09.509+0000: 1723.831: [GC [PSYoungGen: 492685K->224K(591168K)] 671214K->178784K(1278144K), 0.0143740 secs] [Times: user=0.05 sys=0.00, real=0.01 secs] 
2014-07-16T15:50:10.790+0000: 1725.112: [GC [PSYoungGen: 591136K->484K(570880K)] 769696K->179124K(1257856K), 0.0101710 secs] [Times: user=0.04 sys=0.00, real=0.01 secs] 
2014-07-16T15:50:12.039+0000: 1726.360: [GC [PSYoungGen: 570852K->658K(551488K)] 749492K->179338K(1238464K), 0.0132520 secs] [Times: user=0.05 sys=0.00, real=0.02 secs] 
2014-07-16T15:50:13.229+0000: 1727.550: [GC [PSYoungGen: 551442K->242K(661248K)] 730122K->179274K(1348224K), 0.0295400 secs] [Times: user=0.11 sys=0.00, real=0.03 secs] 
2014-07-16T15:50:14.660+0000: 1728.981: [GC [PSYoungGen: 661234K->480K(793728K)] 840266K->179608K(1480704K), 0.0200450 secs] [Times: user=0.08 sys=0.00, real=0.02 secs] 
2014-07-16T15:50:16.418+0000: 1730.740: [GC [PSYoungGen: 793696K->658K(952576K)] 972824K->179978K(1639552K), 0.0242940 secs] [Times: user=0.09 sys=0.00, real=0.02 secs] 
2014-07-16T15:50:18.489+0000: 1732.810: [GC [PSYoungGen: 952530K->416K(1142720K)] 1131850K->179848K(1829696K), 0.0131970 secs] [Times: user=0.04 sys=0.00, real=0.01 secs] 
2014-07-16T15:50:21.077+0000: 1735.398: [GC [PSYoungGen: 1142650K->598K(1096320K)] 1322083K->180110K(1783296K), 0.0105610 secs] [Times: user=0.04 sys=0.00, real=0.01 secs] 
2014-07-16T15:50:23.473+0000: 1737.794: [GC [PSYoungGen: 1096272K->484K(1051904K)] 1275785K->180180K(1738880K), 0.0232790 secs] [Times: user=0.09 sys=0.00, real=0.03 secs] 
2014-07-16T15:50:25.792+0000: 1740.113: [GC [PSYoungGen: 1051876K->530K(1009792K)] 1231572K->180362K(1696768K), 0.0236800 secs] [Times: user=0.10 sys=0.00, real=0.02 secs] 
2014-07-16T15:50:27.978+0000: 1742.299: [GC [PSYoungGen: 1009745K->416K(969472K)] 1189578K->180400K(1656448K), 0.0104300 secs] [Times: user=0.04 sys=0.00, real=0.01 secs] 
2014-07-16T15:50:30.080+0000: 1744.402: [GC [PSYoungGen: 969440K->352K(931136K)] 1149424K->180416K(1618112K), 0.0165230 secs] [Times: user=0.06 sys=0.00, real=0.01 secs] 
2014-07-16T15:50:32.101+0000: 1746.423: [GC [PSYoungGen: 931104K->384K(894720K)] 1111168K->180520K(1581696K), 0.0046940 secs] [Times: user=0.01 sys=0.01, real=0.00 secs] 
2014-07-16T15:50:34.126+0000: 1748.448: [GC [PSYoungGen: 894687K->658K(860352K)] 1074824K->180906K(1547328K), 0.0157140 secs] [Times: user=0.06 sys=0.00, real=0.02 secs] 
2014-07-16T15:50:36.016+0000: 1750.337: [GC [PSYoungGen: 860306K->320K(826944K)] 1040554K->180752K(1513920K), 0.0106760 secs] [Times: user=0.02 sys=0.01, real=0.01 secs] 
2014-07-16T15:50:37.813+0000: 1752.134: [GC [PSYoungGen: 826944K->420K(795584K)] 1007376K->180980K(1482560K), 0.0050040 secs] [Times: user=0.02 sys=0.00, real=0.00 secs] 
2014-07-16T15:50:39.534+0000: 1753.855: [GC [PSYoungGen: 795508K->484K(765632K)] 976069K->181116K(1452608K), 0.0187530 secs] [Times: user=0.07 sys=0.00, real=0.02 secs] 
2014-07-16T15:50:41.197+0000: 1755.518: [GC [PSYoungGen: 765604K->498K(737024K)] 946236K->181210K(1424000K), 0.0217370 secs] [Times: user=0.08 sys=0.00, real=0.02 secs] 
2014-07-16T15:50:42.809+0000: 1757.130: [GC [PSYoungGen: 737010K->530K(709824K)] 917722K->181314K(1396800K), 0.0066270 secs] [Times: user=0.01 sys=0.00, real=0.00 secs] 
2014-07-16T15:50:44.371+0000: 1758.693: [GC [PSYoungGen: 709775K->384K(683648K)] 890560K->181272K(1370624K), 0.0057580 secs] [Times: user=0.01 sys=0.00, real=0.00 secs] 
2014-07-16T15:50:45.867+0000: 1760.188: [GC [PSYoungGen: 683644K->452K(659008K)] 864532K->181476K(1345984K), 0.0035480 secs] [Times: user=0.01 sys=0.00, real=0.01 secs] 
2014-07-16T15:50:47.332+0000: 1761.653: [GC [PSYoungGen: 658948K->402K(635328K)] 839972K->181506K(1322304K), 0.0211490 secs] [Times: user=0.07 sys=0.00, real=0.02 secs] 
2014-07-16T15:50:48.798+0000: 1763.119: [GC [PSYoungGen: 635282K->338K(612736K)] 816386K->181530K(1299712K), 0.0206580 secs] [Times: user=0.07 sys=0.00, real=0.02 secs] 
2014-07-16T15:50:50.151+0000: 1764.472: [GC [PSYoungGen: 612661K->352K(591232K)] 793854K->181632K(1278208K), 0.0143010 secs] [Times: user=0.06 sys=0.00, real=0.01 secs] 
2014-07-16T15:50:51.415+0000: 1765.737: [GC [PSYoungGen: 591200K->466K(709568K)] 772480K->181818K(1396544K), 0.0162730 secs] [Times: user=0.06 sys=0.00, real=0.02 secs] 
2014-07-16T15:50:52.955+0000: 1767.276: [GC [PSYoungGen: 709522K->256K(683328K)] 890874K->181688K(1370304K), 0.0075730 secs] [Times: user=0.03 sys=0.00, real=0.01 secs] 
2014-07-16T15:50:54.489+0000: 1768.810: [GC [PSYoungGen: 683281K->690K(659008K)] 864714K->182298K(1345984K), 0.0091670 secs] [Times: user=0.03 sys=0.00, real=0.01 secs] 
2014-07-16T15:50:55.897+0000: 1770.219: [GC [PSYoungGen: 658994K->288K(635008K)] 840602K->182032K(1321984K), 0.0087400 secs] [Times: user=0.02 sys=0.01, real=0.01 secs] 
2014-07-16T15:50:57.280+0000: 1771.601: [GC [PSYoungGen: 634976K->338K(612544K)] 816720K->182170K(1299520K), 0.0042970 secs] [Times: user=0.01 sys=0.00, real=0.01 secs] 
2014-07-16T15:50:58.625+0000: 1772.946: [GC [PSYoungGen: 612498K->370K(591040K)] 794330K->182266K(1278016K), 0.0139330 secs] [Times: user=0.05 sys=0.00, real=0.01 secs] 
2014-07-16T15:50:59.988+0000: 1774.309: [GC [PSYoungGen: 591026K->626K(570752K)] 772922K->182570K(1257728K), 0.0181420 secs] [Times: user=0.06 sys=0.00, real=0.02 secs] 
2014-07-16T15:51:01.252+0000: 1775.573: [GC [PSYoungGen: 570738K->576K(551104K)] 752682K->182608K(1238080K), 0.0095890 secs] [Times: user=0.03 sys=0.00, real=0.01 secs] 
2014-07-16T15:51:02.440+0000: 1776.761: [GC [PSYoungGen: 551104K->352K(532224K)] 733136K->182496K(1219200K), 0.0151450 secs] [Times: user=0.05 sys=0.00, real=0.02 secs] 
2014-07-16T15:51:03.612+0000: 1777.934: [GC [PSYoungGen: 532192K->370K(638592K)] 714336K->182594K(1325568K), 0.0147690 secs] [Times: user=0.06 sys=0.00, real=0.01 secs] 
2014-07-16T15:51:05.023+0000: 1779.344: [GC [PSYoungGen: 638524K->566K(616064K)] 820749K->182902K(1303040K), 0.0065470 secs] [Times: user=0.01 sys=0.00, real=0.01 secs] 
2014-07-16T15:51:06.380+0000: 1780.701: [GC [PSYoungGen: 616054K->356K(594240K)] 798390K->182796K(1281216K), 0.0142270 secs] [Times: user=0.05 sys=0.00, real=0.02 secs] 
2014-07-16T15:51:07.679+0000: 1782.000: [GC [PSYoungGen: 594212K->320K(712960K)] 776652K->182824K(1399936K), 0.0284880 secs] [Times: user=0.10 sys=0.00, real=0.03 secs] 
2014-07-16T15:51:09.315+0000: 1783.636: [GC [PSYoungGen: 712960K->758K(855936K)] 895464K->183766K(1542912K), 0.0118950 secs] [Times: user=0.03 sys=0.00, real=0.01 secs] 
2014-07-16T15:51:11.143+0000: 1785.465: [GC [PSYoungGen: 855868K->548K(1026816K)] 1038877K->183628K(1713792K), 0.0254970 secs] [Times: user=0.09 sys=0.00, real=0.02 secs] 
2014-07-16T15:51:13.377+0000: 1787.699: [GC [PSYoungGen: 1026788K->544K(1232064K)] 1209868K->183848K(1919040K), 0.0232040 secs] [Times: user=0.08 sys=0.00, real=0.02 secs] 
2014-07-16T15:51:16.116+0000: 1790.437: [GC [PSYoungGen: 1232032K->466K(1181120K)] 1415336K->183938K(1868096K), 0.0047650 secs] [Times: user=0.01 sys=0.00, real=0.00 secs] 
2014-07-16T15:51:18.706+0000: 1793.028: [GC [PSYoungGen: 1181074K->306K(1132480K)] 1364546K->183946K(1819456K), 0.0171980 secs] [Times: user=0.07 sys=0.00, real=0.01 secs] 
2014-07-16T15:51:21.229+0000: 1795.551: [GC [PSYoungGen: 1132466K->480K(1086592K)] 1316106K->184232K(1773568K), 0.0094060 secs] [Times: user=0.03 sys=0.00, real=0.01 secs] 
2014-07-16T15:51:23.584+0000: 1797.905: [GC [PSYoungGen: 1086560K->320K(1042560K)] 1270312K->184216K(1729536K), 0.0054560 secs] [Times: user=0.02 sys=0.00, real=0.01 secs] 
2014-07-16T15:51:25.868+0000: 1800.189: [GC [PSYoungGen: 1042495K->388K(1000960K)] 1226392K->184412K(1687936K), 0.0116250 secs] [Times: user=0.04 sys=0.00, real=0.01 secs] 
2014-07-16T15:51:28.056+0000: 1802.377: [GC [PSYoungGen: 1000900K->512K(961280K)] 1184924K->184672K(1648256K), 0.0129880 secs] [Times: user=0.05 sys=0.00, real=0.01 secs] 
2014-07-16T15:51:30.164+0000: 1804.485: [GC [PSYoungGen: 961280K->370K(923328K)] 1145440K->184642K(1610304K), 0.0121310 secs] [Times: user=0.04 sys=0.00, real=0.02 secs] 
2014-07-16T15:51:32.233+0000: 1806.554: [GC [PSYoungGen: 923314K->736K(887680K)] 1107586K->185112K(1574656K), 0.0218410 secs] [Times: user=0.08 sys=0.00, real=0.02 secs] 
2014-07-16T15:51:34.154+0000: 1808.475: [GC [PSYoungGen: 887648K->288K(852928K)] 1072024K->184832K(1539904K), 0.0169550 secs] [Times: user=0.06 sys=0.00, real=0.02 secs] 
2014-07-16T15:51:36.105+0000: 1810.426: [GC [PSYoungGen: 852811K->712K(820672K)] 1037356K->185384K(1507648K), 0.0050150 secs] [Times: user=0.02 sys=0.00, real=0.01 secs] 
2014-07-16T15:51:37.920+0000: 1812.241: [GC [PSYoungGen: 820616K->480K(789248K)] 1005288K->185304K(1476224K), 0.0076570 secs] [Times: user=0.02 sys=0.00, real=0.00 secs] 
2014-07-16T15:51:39.686+0000: 1814.007: [GC [PSYoungGen: 789216K->690K(759744K)] 974040K->185962K(1446720K), 0.0063190 secs] [Times: user=0.02 sys=0.01, real=0.01 secs] 
2014-07-16T15:51:41.344+0000: 1815.665: [GC [PSYoungGen: 759730K->576K(731328K)] 945002K->185928K(1418304K), 0.0183280 secs] [Times: user=0.07 sys=0.00, real=0.02 secs] 
2014-07-16T15:51:42.928+0000: 1817.249: [GC [PSYoungGen: 731328K->356K(704128K)] 916680K->185924K(1391104K), 0.0066370 secs] [Times: user=0.01 sys=0.00, real=0.00 secs] 
2014-07-16T15:51:44.464+0000: 1818.785: [GC [PSYoungGen: 704080K->566K(678592K)] 889649K->186254K(1365568K), 0.0116620 secs] [Times: user=0.04 sys=0.00, real=0.01 secs] 
2014-07-16T15:51:45.966+0000: 1820.288: [GC [PSYoungGen: 678582K->242K(653760K)] 864270K->186042K(1340736K), 0.0320530 secs] [Times: user=0.11 sys=0.00, real=0.03 secs] 
2014-07-16T15:51:47.402+0000: 1821.723: [GC [PSYoungGen: 653746K->530K(630656K)] 839546K->186426K(1317632K), 0.0039780 secs] [Times: user=0.01 sys=0.00, real=0.00 secs] 
2014-07-16T15:51:48.763+0000: 1823.085: [GC [PSYoungGen: 630605K->274K(756416K)] 816502K->186234K(1443392K), 0.0236610 secs] [Times: user=0.08 sys=0.00, real=0.02 secs] 
2014-07-16T15:51:50.419+0000: 1824.740: [GC [PSYoungGen: 756304K->640K(728576K)] 942265K->186664K(1415552K), 0.0077140 secs] [Times: user=0.02 sys=0.00, real=0.00 secs] 
2014-07-16T15:51:52.050+0000: 1826.371: [GC [PSYoungGen: 728576K->594K(701760K)] 914600K->186690K(1388736K), 0.0044610 secs] [Times: user=0.01 sys=0.00, real=0.01 secs] 
2014-07-16T15:51:53.471+0000: 1827.792: [GC [PSYoungGen: 701714K->562K(841920K)] 887810K->186810K(1528896K), 0.0341990 secs] [Times: user=0.13 sys=0.00, real=0.03 secs] 
2014-07-16T15:51:55.139+0000: 1829.461: [GC [PSYoungGen: 841906K->744K(1010432K)] 1028154K->187144K(1697408K), 0.0409480 secs] [Times: user=0.14 sys=0.00, real=0.05 secs] 
2014-07-16T15:51:57.081+0000: 1831.402: [GC [PSYoungGen: 1010408K->530K(1212224K)] 1196808K->187074K(1899200K), 0.0045950 secs] [Times: user=0.01 sys=0.01, real=0.00 secs] 
2014-07-16T15:51:59.484+0000: 1833.805: [GC [PSYoungGen: 1212178K->608K(1162368K)] 1398722K->187248K(1849344K), 0.0077940 secs] [Times: user=0.02 sys=0.00, real=0.01 secs] 
2014-07-16T15:52:01.780+0000: 1836.101: [GC [PSYoungGen: 1162334K->512K(1114752K)] 1348975K->187264K(1801728K), 0.0179470 secs] [Times: user=0.07 sys=0.00, real=0.02 secs] 
2014-07-16T15:52:04.098+0000: 1838.419: [GC [PSYoungGen: 1114752K->818K(1337920K)] 1301504K->187794K(2024896K), 0.0512590 secs] [Times: user=0.19 sys=0.00, real=0.05 secs] 
2014-07-16T15:52:06.733+0000: 1841.055: [GC [PSYoungGen: 1337906K->562K(1281664K)] 1524882K->187754K(1968640K), 0.0057750 secs] [Times: user=0.02 sys=0.00, real=0.00 secs] 
2014-07-16T15:52:09.280+0000: 1843.602: [GC [PSYoungGen: 1281648K->480K(1228288K)] 1468841K->187848K(1915264K), 0.0242350 secs] [Times: user=0.08 sys=0.00, real=0.03 secs] 
2014-07-16T15:52:11.722+0000: 1846.043: [GC [PSYoungGen: 1228243K->548K(1177664K)] 1415612K->188052K(1864640K), 0.0043600 secs] [Times: user=0.02 sys=0.00, real=0.01 secs] 
2014-07-16T15:52:14.035+0000: 1848.356: [GC [PSYoungGen: 1177636K->740K(1129600K)] 1365140K->188420K(1816576K), 0.0216960 secs] [Times: user=0.08 sys=0.00, real=0.02 secs] 
2014-07-16T15:52:16.283+0000: 1850.604: [GC [PSYoungGen: 1129572K->644K(1083648K)] 1317252K->188548K(1770624K), 0.0141420 secs] [Times: user=0.06 sys=0.00, real=0.02 secs] 
2014-07-16T15:52:18.345+0000: 1852.667: [GC [PSYoungGen: 1083548K->616K(1039872K)] 1271453K->188720K(1726848K), 0.0108630 secs] [Times: user=0.04 sys=0.00, real=0.01 secs] 
2014-07-16T15:52:20.457+0000: 1854.779: [GC [PSYoungGen: 1039797K->876K(998528K)] 1227902K->189084K(1685504K), 0.0115260 secs] [Times: user=0.03 sys=0.00, real=0.01 secs] 
2014-07-16T15:52:22.479+0000: 1856.800: [GC [PSYoungGen: 998508K->548K(958592K)] 1186716K->189116K(1645568K), 0.0050670 secs] [Times: user=0.01 sys=0.00, real=0.00 secs] 
2014-07-16T15:52:24.394+0000: 1858.716: [GC [PSYoungGen: 958511K->736K(921088K)] 1147080K->189504K(1608064K), 0.0206320 secs] [Times: user=0.07 sys=0.00, real=0.03 secs] 
2014-07-16T15:52:26.217+0000: 1860.538: [GC [PSYoungGen: 921020K->726K(885184K)] 1109789K->189726K(1572160K), 0.0119410 secs] [Times: user=0.05 sys=0.00, real=0.01 secs] 
2014-07-16T15:52:27.894+0000: 1862.216: [GC [PSYoungGen: 885142K->434K(850624K)] 1074142K->189554K(1537600K), 0.0099440 secs] [Times: user=0.03 sys=0.00, real=0.01 secs] 
2014-07-16T15:52:29.530+0000: 1863.852: [GC [PSYoungGen: 850610K->562K(818176K)] 1039730K->189778K(1505152K), 0.0249810 secs] [Times: user=0.09 sys=0.00, real=0.03 secs] 
2014-07-16T15:52:31.166+0000: 1865.487: [GC [PSYoungGen: 818162K->594K(787200K)] 1007378K->189890K(1474176K), 0.0080070 secs] [Times: user=0.03 sys=0.00, real=0.01 secs] 
2014-07-16T15:52:32.695+0000: 1867.016: [GC [PSYoungGen: 787154K->448K(757440K)] 976450K->189864K(1444416K), 0.0186760 secs] [Times: user=0.06 sys=0.01, real=0.02 secs] 
2014-07-16T15:52:34.169+0000: 1868.490: [GC [PSYoungGen: 757440K->658K(909120K)] 946856K->190210K(1596096K), 0.0339850 secs] [Times: user=0.13 sys=0.00, real=0.03 secs] 
2014-07-16T15:52:35.976+0000: 1870.297: [GC [PSYoungGen: 909074K->530K(1090688K)] 1098626K->190210K(1777664K), 0.0102180 secs] [Times: user=0.03 sys=0.00, real=0.01 secs] 
2014-07-16T15:52:38.047+0000: 1872.368: [GC [PSYoungGen: 1090642K->626K(1046720K)] 1280322K->190450K(1733696K), 0.0141400 secs] [Times: user=0.04 sys=0.00, real=0.02 secs] 
2014-07-16T15:52:40.042+0000: 1874.363: [GC [PSYoungGen: 1046706K->776K(1004992K)] 1236530K->190712K(1691968K), 0.0122670 secs] [Times: user=0.03 sys=0.00, real=0.01 secs] 
2014-07-16T15:52:42.082+0000: 1876.403: [GC [PSYoungGen: 1004936K->950K(965184K)] 1194872K->191014K(1652160K), 0.0216310 secs] [Times: user=0.07 sys=0.00, real=0.02 secs] 
2014-07-16T15:52:44.054+0000: 1878.376: [GC [PSYoungGen: 965174K->192K(926400K)] 1155238K->191342K(1613376K), 0.0062390 secs] [Times: user=0.01 sys=0.00, real=0.01 secs] 
2014-07-16T15:52:45.953+0000: 1880.275: [GC [PSYoungGen: 926374K->640K(890624K)] 1117525K->191966K(1577600K), 0.0123170 secs] [Times: user=0.04 sys=0.00, real=0.01 secs] 
2014-07-16T15:52:47.581+0000: 1881.902: [GC [PSYoungGen: 890624K->402K(855936K)] 1081950K->192056K(1542912K), 0.0080730 secs] [Times: user=0.01 sys=0.00, real=0.01 secs] 
2014-07-16T15:52:49.176+0000: 1883.497: [GC [PSYoungGen: 855890K->516K(823232K)] 1047544K->192234K(1510208K), 0.0289800 secs] [Times: user=0.10 sys=0.00, real=0.03 secs] 
2014-07-16T15:52:50.845+0000: 1885.167: [GC [PSYoungGen: 823172K->512K(987712K)] 1014890K->192294K(1674688K), 0.0246820 secs] [Times: user=0.09 sys=0.00, real=0.03 secs] 
2014-07-16T15:52:52.745+0000: 1887.066: [GC [PSYoungGen: 987712K->644K(948800K)] 1179494K->192538K(1635776K), 0.0131650 secs] [Times: user=0.04 sys=0.00, real=0.01 secs] 
2014-07-16T15:52:54.652+0000: 1888.973: [GC [PSYoungGen: 948738K->594K(911488K)] 1140633K->192648K(1598464K), 0.0056320 secs] [Times: user=0.02 sys=0.00, real=0.00 secs] 
2014-07-16T15:52:56.523+0000: 1890.844: [GC [PSYoungGen: 911442K->498K(875904K)] 1103496K->192712K(1562880K), 0.0051510 secs] [Times: user=0.02 sys=0.00, real=0.00 secs] 
2014-07-16T15:52:58.149+0000: 1892.471: [GC [PSYoungGen: 875890K->448K(842048K)] 1068104K->192790K(1529024K), 0.0209190 secs] [Times: user=0.07 sys=0.00, real=0.03 secs] 
2014-07-16T15:52:59.682+0000: 1894.003: [GC [PSYoungGen: 842048K->580K(810048K)] 1034390K->192994K(1497024K), 0.0097170 secs] [Times: user=0.04 sys=0.00, real=0.01 secs] 
2014-07-16T15:53:01.316+0000: 1895.637: [GC [PSYoungGen: 809988K->498K(779264K)] 1002402K->192960K(1466240K), 0.0107440 secs] [Times: user=0.04 sys=0.00, real=0.01 secs] 
2014-07-16T15:53:02.810+0000: 1897.132: [GC [PSYoungGen: 779250K->448K(749952K)] 971712K->193046K(1436928K), 0.0109410 secs] [Times: user=0.04 sys=0.00, real=0.01 secs] 
2014-07-16T15:53:04.297+0000: 1898.618: [GC [PSYoungGen: 749944K->612K(722304K)] 942543K->193346K(1409280K), 0.0058080 secs] [Times: user=0.01 sys=0.00, real=0.01 secs] 
2014-07-16T15:53:05.737+0000: 1900.058: [GC [PSYoungGen: 722276K->544K(695680K)] 915010K->193414K(1382656K), 0.0059490 secs] [Times: user=0.02 sys=0.00, real=0.01 secs] 
2014-07-16T15:53:07.201+0000: 1901.522: [GC [PSYoungGen: 695648K->480K(670272K)] 888518K->193462K(1357248K), 0.0218750 secs] [Times: user=0.08 sys=0.00, real=0.03 secs] 
2014-07-16T15:53:08.512+0000: 1902.834: [GC [PSYoungGen: 670240K->352K(646016K)] 863222K->193446K(1332992K), 0.0033150 secs] [Times: user=0.01 sys=0.00, real=0.00 secs] 
2014-07-16T15:53:09.723+0000: 1904.044: [GC [PSYoungGen: 645984K->566K(623168K)] 839078K->193716K(1310144K), 0.0075730 secs] [Times: user=0.01 sys=0.00, real=0.00 secs] 
2014-07-16T15:53:11.028+0000: 1905.350: [GC [PSYoungGen: 623158K->754K(601408K)] 816308K->193952K(1288384K), 0.0141550 secs] [Times: user=0.05 sys=0.00, real=0.02 secs] 
2014-07-16T15:53:12.160+0000: 1906.482: [GC [PSYoungGen: 601394K->498K(580160K)] 794592K->193800K(1267136K), 0.0043100 secs] [Times: user=0.01 sys=0.00, real=0.01 secs] 
2014-07-16T15:53:13.232+0000: 1907.553: [GC [PSYoungGen: 580146K->320K(695936K)] 773448K->193726K(1382912K), 0.0310640 secs] [Times: user=0.11 sys=0.00, real=0.04 secs] 
2014-07-16T15:53:14.625+0000: 1908.946: [GC [PSYoungGen: 695936K->534K(835328K)] 889342K->194044K(1522304K), 0.0163580 secs] [Times: user=0.06 sys=0.00, real=0.01 secs] 
2014-07-16T15:53:16.372+0000: 1910.693: [GC [PSYoungGen: 835286K->608K(803520K)] 1028796K->194230K(1490496K), 0.0045270 secs] [Times: user=0.01 sys=0.00, real=0.01 secs] 
2014-07-16T15:53:18.013+0000: 1912.335: [GC [PSYoungGen: 803488K->594K(773184K)] 997110K->194344K(1460160K), 0.0045040 secs] [Times: user=0.01 sys=0.00, real=0.00 secs] 
2014-07-16T15:53:19.530+0000: 1913.851: [GC [PSYoungGen: 773131K->648K(744320K)] 966882K->194510K(1431296K), 0.0136620 secs] [Times: user=0.05 sys=0.00, real=0.02 secs] 
2014-07-16T15:53:21.082+0000: 1915.404: [GC [PSYoungGen: 744264K->498K(716544K)] 938126K->195200K(1403520K), 0.0213080 secs] [Times: user=0.06 sys=0.00, real=0.03 secs] 
2014-07-16T15:53:22.466+0000: 1916.787: [GC [PSYoungGen: 716530K->850K(860160K)] 911232K->195656K(1547136K), 0.0162540 secs] [Times: user=0.06 sys=0.01, real=0.01 secs] 
2014-07-16T15:53:24.119+0000: 1918.440: [GC [PSYoungGen: 860114K->672K(826944K)] 1054920K->195798K(1513920K), 0.0086500 secs] [Times: user=0.02 sys=0.00, real=0.01 secs] 
2014-07-16T15:53:25.742+0000: 1920.063: [GC [PSYoungGen: 826912K->548K(795328K)] 1022038K->195810K(1482304K), 0.0066690 secs] [Times: user=0.02 sys=0.00, real=0.01 secs] 
2014-07-16T15:53:27.389+0000: 1921.710: [GC [PSYoungGen: 795300K->964K(765824K)] 990562K->196338K(1452800K), 0.0155060 secs] [Times: user=0.06 sys=0.00, real=0.02 secs] 
2014-07-16T15:53:28.909+0000: 1923.231: [GC [PSYoungGen: 765764K->384K(736640K)] 961138K->195878K(1423616K), 0.0198070 secs] [Times: user=0.07 sys=0.00, real=0.02 secs] 
2014-07-16T15:53:30.311+0000: 1924.632: [GC [PSYoungGen: 736640K->516K(884096K)] 932134K->196122K(1571072K), 0.0194190 secs] [Times: user=0.07 sys=0.01, real=0.02 secs] 
2014-07-16T15:53:32.045+0000: 1926.366: [GC [PSYoungGen: 884017K->662K(850048K)] 1079624K->196340K(1537024K), 0.0113220 secs] [Times: user=0.04 sys=0.00, real=0.02 secs] 
2014-07-16T15:53:33.649+0000: 1927.970: [GC [PSYoungGen: 849949K->640K(817408K)] 1045628K->196462K(1504384K), 0.0044200 secs] [Times: user=0.01 sys=0.00, real=0.00 secs] 
2014-07-16T15:53:35.231+0000: 1929.552: [GC [PSYoungGen: 817408K->434K(980608K)] 1013230K->196392K(1667584K), 0.0349320 secs] [Times: user=0.12 sys=0.00, real=0.04 secs] 
2014-07-16T15:53:37.266+0000: 1931.587: [GC [PSYoungGen: 980594K->576K(1176768K)] 1176552K->196662K(1863744K), 0.0151680 secs] [Times: user=0.06 sys=0.01, real=0.01 secs] 
2014-07-16T15:53:39.551+0000: 1933.872: [GC [PSYoungGen: 1176768K->484K(1128512K)] 1372854K->196706K(1815488K), 0.0193800 secs] [Times: user=0.07 sys=0.00, real=0.02 secs] 
2014-07-16T15:53:41.779+0000: 1936.101: [GC [PSYoungGen: 1128420K->722K(1354368K)] 1324642K->197072K(2041344K), 0.0299110 secs] [Times: user=0.10 sys=0.00, real=0.03 secs] 
2014-07-16T15:53:44.458+0000: 1938.779: [GC [PSYoungGen: 1354322K->726K(1297536K)] 1550672K->197236K(1984512K), 0.0110850 secs] [Times: user=0.02 sys=0.00, real=0.01 secs] 
2014-07-16T15:53:47.105+0000: 1941.426: [GC [PSYoungGen: 1297494K->548K(1243264K)] 1494004K->197346K(1930240K), 0.0306360 secs] [Times: user=0.11 sys=0.00, real=0.03 secs] 
2014-07-16T15:53:49.550+0000: 1943.872: [GC [PSYoungGen: 1243236K->352K(1491648K)] 1440034K->197334K(2178624K), 0.0308050 secs] [Times: user=0.11 sys=0.00, real=0.03 secs] 
2014-07-16T15:53:52.442+0000: 1946.763: [GC [PSYoungGen: 1491616K->630K(1428352K)] 1688598K->197740K(2115328K), 0.0112690 secs] [Times: user=0.04 sys=0.00, real=0.01 secs] 
2014-07-16T15:53:55.133+0000: 1949.455: [GC [PSYoungGen: 1428322K->612K(1367936K)] 1625433K->197930K(2054912K), 0.0311660 secs] [Times: user=0.11 sys=0.00, real=0.03 secs] 
2014-07-16T15:53:57.951+0000: 1952.272: [GC [PSYoungGen: 1367908K->626K(1310464K)] 1565226K->198136K(1997440K), 0.0102370 secs] [Times: user=0.04 sys=0.00, real=0.01 secs] 
2014-07-16T15:54:00.564+0000: 1954.885: [GC [PSYoungGen: 1310450K->498K(1255616K)] 1507960K->198192K(1942592K), 0.0267170 secs] [Times: user=0.10 sys=0.00, real=0.03 secs] 
2014-07-16T15:54:03.038+0000: 1957.359: [GC [PSYoungGen: 1255602K->690K(1203776K)] 1453296K->198520K(1890752K), 0.0051770 secs] [Times: user=0.01 sys=0.00, real=0.01 secs] 
2014-07-16T15:54:05.374+0000: 1959.695: [GC [PSYoungGen: 1203762K->726K(1154304K)] 1401592K->198772K(1841280K), 0.0059830 secs] [Times: user=0.01 sys=0.00, real=0.00 secs] 
2014-07-16T15:54:07.720+0000: 1962.041: [GC [PSYoungGen: 1154262K->502K(1106944K)] 1352308K->198820K(1793920K), 0.0055760 secs] [Times: user=0.02 sys=0.00, real=0.01 secs] 
2014-07-16T15:54:09.916+0000: 1964.237: [GC [PSYoungGen: 1106934K->416K(1062016K)] 1305252K->198894K(1748992K), 0.0206110 secs] [Times: user=0.09 sys=0.00, real=0.02 secs] 
2014-07-16T15:54:12.021+0000: 1966.342: [GC [PSYoungGen: 1061984K->466K(1019392K)] 1260462K->199072K(1706368K), 0.0124200 secs] [Times: user=0.04 sys=0.00, real=0.02 secs] 
2014-07-16T15:54:13.988+0000: 1968.310: [GC [PSYoungGen: 1019346K->690K(978944K)] 1217952K->199480K(1665920K), 0.0058810 secs] [Times: user=0.01 sys=0.01, real=0.01 secs] 
2014-07-16T15:54:15.864+0000: 1970.185: [GC [PSYoungGen: 978930K->662K(940288K)] 1177720K->199612K(1627264K), 0.0112680 secs] [Times: user=0.03 sys=0.00, real=0.01 secs] 
2014-07-16T15:54:17.799+0000: 1972.121: [GC [PSYoungGen: 940246K->690K(903424K)] 1139196K->199760K(1590400K), 0.0090800 secs] [Times: user=0.03 sys=0.00, real=0.01 secs] 
2014-07-16T15:54:19.657+0000: 1973.978: [GC [PSYoungGen: 903410K->530K(868224K)] 1102480K->199736K(1555200K), 0.0215290 secs] [Times: user=0.08 sys=0.00, real=0.02 secs] 
2014-07-16T15:54:21.324+0000: 1975.645: [GC [PSYoungGen: 868171K->384K(834624K)] 1067378K->199718K(1521600K), 0.0062070 secs] [Times: user=0.02 sys=0.00, real=0.00 secs] 
2014-07-16T15:54:22.976+0000: 1977.298: [GC [PSYoungGen: 834624K->530K(803008K)] 1033958K->199976K(1489984K), 0.0122740 secs] [Times: user=0.05 sys=0.00, real=0.01 secs] 
2014-07-16T15:54:24.496+0000: 1978.817: [GC [PSYoungGen: 802945K->448K(772544K)] 1002392K->200062K(1459520K), 0.0051200 secs] [Times: user=0.01 sys=0.00, real=0.00 secs] 
2014-07-16T15:54:25.952+0000: 1980.274: [GC [PSYoungGen: 772544K->352K(743552K)] 972158K->200094K(1430528K), 0.0193970 secs] [Times: user=0.06 sys=0.00, real=0.02 secs] 
2014-07-16T15:54:27.449+0000: 1981.770: [GC [PSYoungGen: 743520K->740K(716352K)] 943262K->200554K(1403328K), 0.0058390 secs] [Times: user=0.01 sys=0.01, real=0.01 secs] 
2014-07-16T15:54:28.851+0000: 1983.172: [GC [PSYoungGen: 716324K->630K(689920K)] 916138K->200532K(1376896K), 0.0045290 secs] [Times: user=0.01 sys=0.00, real=0.01 secs] 
2014-07-16T15:54:30.365+0000: 1984.686: [GC [PSYoungGen: 689910K->776K(665088K)] 889812K->200758K(1352064K), 0.0057460 secs] [Times: user=0.01 sys=0.00, real=0.00 secs] 
2014-07-16T15:54:31.617+0000: 1985.938: [GC [PSYoungGen: 665032K->498K(640896K)] 865014K->200600K(1327872K), 0.0101960 secs] [Times: user=0.03 sys=0.00, real=0.01 secs] 
2014-07-16T15:54:32.922+0000: 1987.243: [GC [PSYoungGen: 640882K->484K(618112K)] 840984K->200706K(1305088K), 0.0134530 secs] [Times: user=0.05 sys=0.00, real=0.02 secs] 
2014-07-16T15:54:34.133+0000: 1988.454: [GC [PSYoungGen: 618084K->608K(596480K)] 818306K->200966K(1283456K), 0.0161620 secs] [Times: user=0.05 sys=0.01, real=0.02 secs] 
2014-07-16T15:54:35.279+0000: 1989.601: [GC [PSYoungGen: 596448K->772K(715840K)] 796806K->201234K(1402816K), 0.0187710 secs] [Times: user=0.07 sys=0.00, real=0.02 secs] 
2014-07-16T15:54:36.651+0000: 1990.973: [GC [PSYoungGen: 715780K->502K(689280K)] 916242K->201060K(1376256K), 0.0050440 secs] [Times: user=0.01 sys=0.00, real=0.01 secs] 
2014-07-16T15:54:37.981+0000: 1992.302: [GC [PSYoungGen: 689270K->502K(664256K)] 889828K->201124K(1351232K), 0.0054080 secs] [Times: user=0.01 sys=0.00, real=0.01 secs] 
2014-07-16T15:54:39.362+0000: 1993.683: [GC [PSYoungGen: 664246K->580K(640512K)] 864868K->201274K(1327488K), 0.0144340 secs] [Times: user=0.06 sys=0.00, real=0.02 secs] 
2014-07-16T15:54:40.753+0000: 1995.075: [GC [PSYoungGen: 640365K->694K(768576K)] 841060K->201468K(1455552K), 0.0219820 secs] [Times: user=0.08 sys=0.00, real=0.03 secs] 
2014-07-16T15:54:42.390+0000: 1996.711: [GC [PSYoungGen: 768566K->498K(739648K)] 969340K->201520K(1426624K), 0.0131290 secs] [Times: user=0.05 sys=0.00, real=0.01 secs] 
2014-07-16T15:54:43.770+0000: 1998.091: [GC [PSYoungGen: 739634K->516K(712320K)] 940656K->201714K(1399296K), 0.0044810 secs] [Times: user=0.01 sys=0.00, real=0.00 secs] 
2014-07-16T15:54:45.157+0000: 1999.479: [GC [PSYoungGen: 712260K->608K(686272K)] 913458K->201942K(1373248K), 0.0063690 secs] [Times: user=0.02 sys=0.00, real=0.00 secs] 
2014-07-16T15:54:46.482+0000: 2000.803: [GC [PSYoungGen: 686240K->530K(661312K)] 887574K->201968K(1348288K), 0.0053610 secs] [Times: user=0.01 sys=0.00, real=0.01 secs] 
2014-07-16T15:54:47.847+0000: 2002.168: [GC [PSYoungGen: 661266K->580K(637632K)] 862704K->202098K(1324608K), 0.0045940 secs] [Times: user=0.01 sys=0.00, real=0.00 secs] 
2014-07-16T15:54:49.071+0000: 2003.392: [GC [PSYoungGen: 637572K->516K(614912K)] 839090K->202138K(1301888K), 0.0157820 secs] [Times: user=0.06 sys=0.00, real=0.01 secs] 
2014-07-16T15:54:50.310+0000: 2004.631: [GC [PSYoungGen: 614852K->498K(593216K)] 816474K->202184K(1280192K), 0.0059600 secs] [Times: user=0.02 sys=0.00, real=0.00 secs] 
2014-07-16T15:54:51.595+0000: 2005.917: [GC [PSYoungGen: 593202K->694K(572800K)] 794888K->202444K(1259776K), 0.0118180 secs] [Times: user=0.03 sys=0.00, real=0.02 secs] 
2014-07-16T15:54:52.795+0000: 2007.117: [GC [PSYoungGen: 572790K->484K(552896K)] 774540K->202474K(1239872K), 0.0194100 secs] [Times: user=0.06 sys=0.00, real=0.02 secs] 
2014-07-16T15:54:53.841+0000: 2008.162: [GC [PSYoungGen: 552868K->448K(663360K)] 754858K->202606K(1350336K), 0.0235790 secs] [Times: user=0.08 sys=0.00, real=0.02 secs] 
2014-07-16T15:54:55.189+0000: 2009.511: [GC [PSYoungGen: 663360K->580K(796160K)] 865518K->202866K(1483136K), 0.0086550 secs] [Times: user=0.03 sys=0.00, real=0.01 secs] 
2014-07-16T15:54:56.673+0000: 2010.994: [GC [PSYoungGen: 796100K->480K(955136K)] 998386K->202894K(1642112K), 0.0164700 secs] [Times: user=0.05 sys=0.00, real=0.02 secs] 
2014-07-16T15:54:58.530+0000: 2012.852: [GC [PSYoungGen: 955104K->566K(917632K)] 1157518K->203156K(1604608K), 0.0056050 secs] [Times: user=0.02 sys=0.00, real=0.00 secs] 
2014-07-16T15:55:00.304+0000: 2014.625: [GC [PSYoungGen: 917622K->580K(881920K)] 1120212K->203274K(1568896K), 0.0062790 secs] [Times: user=0.02 sys=0.00, real=0.01 secs] 
2014-07-16T15:55:02.003+0000: 2016.324: [GC [PSYoungGen: 881860K->594K(1058176K)] 1084554K->203400K(1745152K), 0.0332850 secs] [Times: user=0.12 sys=0.00, real=0.03 secs] 
2014-07-16T15:55:04.120+0000: 2018.442: [GC [PSYoungGen: 1058130K->658K(1269760K)] 1260936K->203600K(1956736K), 0.0214950 secs] [Times: user=0.08 sys=0.00, real=0.02 secs] 
2014-07-16T15:55:06.511+0000: 2020.832: [GC [PSYoungGen: 1269714K->374K(1216704K)] 1472656K->203844K(1903680K), 0.0073700 secs] [Times: user=0.02 sys=0.00, real=0.00 secs] 
2014-07-16T15:55:08.891+0000: 2023.213: [GC [PSYoungGen: 1216694K->480K(1166656K)] 1420164K->204136K(1853632K), 0.0116910 secs] [Times: user=0.03 sys=0.00, real=0.01 secs] 
2014-07-16T15:55:11.158+0000: 2025.480: [GC [PSYoungGen: 1166624K->640K(1119040K)] 1370280K->204504K(1806016K), 0.0058830 secs] [Times: user=0.02 sys=0.00, real=0.01 secs] 
2014-07-16T15:55:13.446+0000: 2027.768: [GC [PSYoungGen: 1119040K->754K(1073728K)] 1322904K->204738K(1760704K), 0.0057930 secs] [Times: user=0.02 sys=0.00, real=0.01 secs] 
2014-07-16T15:55:15.525+0000: 2029.846: [GC [PSYoungGen: 1073714K->352K(1030144K)] 1277698K->204552K(1717120K), 0.0177310 secs] [Times: user=0.06 sys=0.00, real=0.02 secs] 
2014-07-16T15:55:17.471+0000: 2031.792: [GC [PSYoungGen: 1030112K->466K(989120K)] 1234312K->204826K(1676096K), 0.0085710 secs] [Times: user=0.03 sys=0.00, real=0.00 secs] 
2014-07-16T15:55:19.464+0000: 2033.785: [GC [PSYoungGen: 989074K->754K(950208K)] 1193434K->205202K(1637184K), 0.0115700 secs] [Times: user=0.03 sys=0.00, real=0.01 secs] 
2014-07-16T15:55:21.362+0000: 2035.684: [GC [PSYoungGen: 950194K->466K(912640K)] 1154642K->205034K(1599616K), 0.0091680 secs] [Times: user=0.03 sys=0.00, real=0.00 secs] 
2014-07-16T15:55:23.308+0000: 2037.630: [GC [PSYoungGen: 912594K->658K(877312K)] 1117162K->205370K(1564288K), 0.0066300 secs] [Times: user=0.02 sys=0.00, real=0.01 secs] 
2014-07-16T15:55:25.059+0000: 2039.380: [GC [PSYoungGen: 877266K->562K(843328K)] 1081978K->205490K(1530304K), 0.0129130 secs] [Times: user=0.02 sys=0.00, real=0.01 secs] 
2014-07-16T15:55:26.794+0000: 2041.116: [GC [PSYoungGen: 843314K->690K(811200K)] 1048242K->205866K(1498176K), 0.0063060 secs] [Times: user=0.02 sys=0.01, real=0.00 secs] 
2014-07-16T15:55:28.323+0000: 2042.644: [GC [PSYoungGen: 811186K->416K(780224K)] 1016362K->205744K(1467200K), 0.0205840 secs] [Times: user=0.07 sys=0.00, real=0.03 secs] 
2014-07-16T15:55:29.825+0000: 2044.147: [GC [PSYoungGen: 780184K->530K(751104K)] 985513K->205954K(1438080K), 0.0049270 secs] [Times: user=0.01 sys=0.00, real=0.01 secs] 
2014-07-16T15:55:31.319+0000: 2045.640: [GC [PSYoungGen: 751058K->416K(723072K)] 956482K->205912K(1410048K), 0.0138170 secs] [Times: user=0.05 sys=0.00, real=0.01 secs] 
2014-07-16T15:55:32.783+0000: 2047.105: [GC [PSYoungGen: 723040K->352K(696384K)] 928536K->205952K(1383360K), 0.0044730 secs] [Times: user=0.01 sys=0.00, real=0.00 secs] 
2014-07-16T15:55:34.420+0000: 2048.741: [GC [PSYoungGen: 696344K->626K(671296K)] 901945K->206370K(1358272K), 0.0049030 secs] [Times: user=0.01 sys=0.00, real=0.01 secs] 
2014-07-16T15:55:35.663+0000: 2049.984: [GC [PSYoungGen: 671282K->420K(646912K)] 877026K->206364K(1333888K), 0.0061320 secs] [Times: user=0.01 sys=0.01, real=0.01 secs] 
2014-07-16T15:55:36.874+0000: 2051.195: [GC [PSYoungGen: 646884K->224K(623616K)] 852828K->206232K(1310592K), 0.0144990 secs] [Times: user=0.05 sys=0.00, real=0.02 secs] 
2014-07-16T15:55:38.164+0000: 2052.486: [GC [PSYoungGen: 623584K->544K(601920K)] 829592K->206624K(1288896K), 0.0162810 secs] [Times: user=0.06 sys=0.00, real=0.01 secs] 
2014-07-16T15:55:39.283+0000: 2053.605: [GC [PSYoungGen: 601888K->434K(580800K)] 807968K->206594K(1267776K), 0.0045390 secs] [Times: user=0.01 sys=0.00, real=0.01 secs] 
2014-07-16T15:55:40.427+0000: 2054.749: [GC [PSYoungGen: 580786K->434K(560768K)] 786946K->206642K(1247744K), 0.0043980 secs] [Times: user=0.02 sys=0.00, real=0.00 secs] 
2014-07-16T15:55:41.523+0000: 2055.844: [GC [PSYoungGen: 560754K->562K(541760K)] 766962K->206842K(1228736K), 0.0078670 secs] [Times: user=0.02 sys=0.00, real=0.01 secs] 
2014-07-16T15:55:42.524+0000: 2056.846: [GC [PSYoungGen: 541746K->416K(523328K)] 748026K->206800K(1210304K), 0.0084770 secs] [Times: user=0.01 sys=0.01, real=0.01 secs] 
2014-07-16T15:55:43.621+0000: 2057.942: [GC [PSYoungGen: 523296K->598K(506048K)] 729680K->207046K(1193024K), 0.0061360 secs] [Times: user=0.01 sys=0.00, real=0.01 secs] 
2014-07-16T15:55:44.711+0000: 2059.032: [GC [PSYoungGen: 506006K->544K(489280K)] 712454K->207128K(1176256K), 0.0062750 secs] [Times: user=0.02 sys=0.00, real=0.01 secs] 
2014-07-16T15:55:45.644+0000: 2059.965: [GC [PSYoungGen: 489248K->608K(587136K)] 695832K->207328K(1274112K), 0.0273570 secs] [Times: user=0.10 sys=0.00, real=0.03 secs] 
2014-07-16T15:55:46.797+0000: 2061.119: [GC [PSYoungGen: 587104K->480K(704320K)] 793824K->207248K(1391296K), 0.0053870 secs] [Times: user=0.02 sys=0.00, real=0.00 secs] 
2014-07-16T15:55:48.279+0000: 2062.601: [GC [PSYoungGen: 704288K->822K(678912K)] 911056K->207886K(1365888K), 0.0083050 secs] [Times: user=0.03 sys=0.00, real=0.01 secs] 
2014-07-16T15:55:49.517+0000: 2063.838: [GC [PSYoungGen: 678855K->384K(653952K)] 885920K->207576K(1340928K), 0.0062690 secs] [Times: user=0.02 sys=0.00, real=0.00 secs] 
2014-07-16T15:55:50.750+0000: 2065.071: [GC [PSYoungGen: 653952K->448K(784768K)] 861144K->207760K(1471744K), 0.0370960 secs] [Times: user=0.13 sys=0.00, real=0.04 secs] 
2014-07-16T15:55:52.311+0000: 2066.633: [GC [PSYoungGen: 784768K->612K(941824K)] 992080K->207996K(1628800K), 0.0157240 secs] [Times: user=0.06 sys=0.00, real=0.02 secs] 
2014-07-16T15:55:54.260+0000: 2068.581: [GC [PSYoungGen: 941796K->594K(1130112K)] 1149180K->208122K(1817088K), 0.0062230 secs] [Times: user=0.02 sys=0.00, real=0.00 secs] 
2014-07-16T15:55:56.462+0000: 2070.783: [GC [PSYoungGen: 1130066K->320K(1083840K)] 1337594K->208048K(1770816K), 0.0192280 secs] [Times: user=0.08 sys=0.00, real=0.02 secs] 
2014-07-16T15:55:58.627+0000: 2072.949: [GC [PSYoungGen: 1083840K->530K(1300800K)] 1291568K->208386K(1987776K), 0.0284360 secs] [Times: user=0.10 sys=0.00, real=0.02 secs] 
2014-07-16T15:56:01.144+0000: 2075.466: [GC [PSYoungGen: 1300754K->594K(1246656K)] 1508610K->208562K(1933632K), 0.0136310 secs] [Times: user=0.05 sys=0.00, real=0.02 secs] 
2014-07-16T15:56:03.637+0000: 2077.958: [GC [PSYoungGen: 1246610K->640K(1195072K)] 1454578K->208736K(1882048K), 0.0213110 secs] [Times: user=0.08 sys=0.00, real=0.03 secs] 
2014-07-16T15:56:06.050+0000: 2080.371: [GC [PSYoungGen: 1195072K->566K(1145920K)] 1403168K->209102K(1832896K), 0.0114510 secs] [Times: user=0.03 sys=0.00, real=0.01 secs] 
2014-07-16T15:56:08.260+0000: 2082.581: [GC [PSYoungGen: 1145910K->808K(1099456K)] 1354446K->209520K(1786432K), 0.0104180 secs] [Times: user=0.02 sys=0.00, real=0.01 secs] 
2014-07-16T15:56:10.443+0000: 2084.764: [GC [PSYoungGen: 1099432K->562K(1054720K)] 1308144K->209434K(1741696K), 0.0100500 secs] [Times: user=0.03 sys=0.00, real=0.01 secs] 
2014-07-16T15:56:12.447+0000: 2086.768: [GC [PSYoungGen: 1054706K->676K(1012544K)] 1263578K->209676K(1699520K), 0.0130110 secs] [Times: user=0.05 sys=0.00, real=0.02 secs] 
2014-07-16T15:56:14.454+0000: 2088.776: [GC [PSYoungGen: 1012516K->754K(972288K)] 1221516K->209922K(1659264K), 0.0273490 secs] [Times: user=0.11 sys=0.00, real=0.03 secs] 
2014-07-16T15:56:16.414+0000: 2090.735: [GC [PSYoungGen: 972274K->644K(933888K)] 1181442K->210004K(1620864K), 0.0142430 secs] [Times: user=0.05 sys=0.00, real=0.01 secs] 
2014-07-16T15:56:18.307+0000: 2092.628: [GC [PSYoungGen: 933809K->576K(897216K)] 1143170K->210072K(1584192K), 0.0051170 secs] [Times: user=0.01 sys=0.00, real=0.01 secs] 
2014-07-16T15:56:20.114+0000: 2094.435: [GC [PSYoungGen: 897134K->566K(862400K)] 1106631K->210182K(1549376K), 0.0124230 secs] [Times: user=0.05 sys=0.00, real=0.01 secs] 
2014-07-16T15:56:21.870+0000: 2096.191: [GC [PSYoungGen: 862390K->566K(829248K)] 1072006K->210294K(1516224K), 0.0056230 secs] [Times: user=0.01 sys=0.00, real=0.01 secs] 
2014-07-16T15:56:23.533+0000: 2097.854: [GC [PSYoungGen: 829238K->498K(797632K)] 1038966K->210362K(1484608K), 0.0052970 secs] [Times: user=0.01 sys=0.00, real=0.00 secs] 
2014-07-16T15:56:25.148+0000: 2099.470: [GC [PSYoungGen: 797618K->630K(767680K)] 1007482K->210654K(1454656K), 0.0054140 secs] [Times: user=0.02 sys=0.00, real=0.01 secs] 
2014-07-16T15:56:26.660+0000: 2100.981: [GC [PSYoungGen: 767670K->612K(739008K)] 977694K->210788K(1425984K), 0.0066930 secs] [Times: user=0.01 sys=0.00, real=0.01 secs] 
2014-07-16T15:56:28.064+0000: 2102.386: [GC [PSYoungGen: 738980K->416K(711488K)] 949156K->210696K(1398464K), 0.0244720 secs] [Times: user=0.09 sys=0.00, real=0.02 secs] 
2014-07-16T15:56:29.506+0000: 2103.827: [GC [PSYoungGen: 711456K->562K(685568K)] 921736K->210914K(1372544K), 0.0052150 secs] [Times: user=0.01 sys=0.00, real=0.00 secs] 
2014-07-16T15:56:30.804+0000: 2105.125: [GC [PSYoungGen: 685554K->630K(660800K)] 895906K->211086K(1347776K), 0.0125430 secs] [Times: user=0.04 sys=0.00, real=0.01 secs] 
2014-07-16T15:56:32.083+0000: 2106.404: [GC [PSYoungGen: 660790K->658K(792896K)] 871246K->211170K(1479872K), 0.0284600 secs] [Times: user=0.10 sys=0.00, real=0.02 secs] 
2014-07-16T15:56:33.649+0000: 2107.970: [GC [PSYoungGen: 792850K->370K(951040K)] 1003362K->211146K(1638016K), 0.0196280 secs] [Times: user=0.07 sys=0.00, real=0.02 secs] 
2014-07-16T15:56:35.584+0000: 2109.906: [GC [PSYoungGen: 951026K->448K(1141248K)] 1161802K->211376K(1828224K), 0.0190460 secs] [Times: user=0.06 sys=0.00, real=0.02 secs] 
2014-07-16T15:56:37.810+0000: 2112.131: [GC [PSYoungGen: 1141248K->434K(1094720K)] 1352176K->211570K(1781696K), 0.0088430 secs] [Times: user=0.03 sys=0.00, real=0.01 secs] 
2014-07-16T15:56:40.009+0000: 2114.330: [GC [PSYoungGen: 1094706K->576K(1050624K)] 1305842K->211832K(1737600K), 0.0124330 secs] [Times: user=0.03 sys=0.00, real=0.01 secs] 
2014-07-16T15:56:42.119+0000: 2116.441: [GC [PSYoungGen: 1050624K->608K(1008576K)] 1261880K->212016K(1695552K), 0.0268700 secs] [Times: user=0.09 sys=0.00, real=0.03 secs] 
2014-07-16T15:56:44.161+0000: 2118.483: [GC [PSYoungGen: 1008544K->754K(968576K)] 1219952K->212346K(1655552K), 0.0081900 secs] [Times: user=0.02 sys=0.00, real=0.01 secs] 
2014-07-16T15:56:46.126+0000: 2120.448: [GC [PSYoungGen: 968562K->320K(929920K)] 1180154K->212330K(1616896K), 0.0098600 secs] [Times: user=0.02 sys=0.00, real=0.01 secs] 
2014-07-16T15:56:48.014+0000: 2122.335: [GC [PSYoungGen: 929920K->480K(893760K)] 1141930K->212626K(1580736K), 0.0061090 secs] [Times: user=0.01 sys=0.00, real=0.01 secs] 
2014-07-16T15:56:49.746+0000: 2124.068: [GC [PSYoungGen: 893728K->772K(859456K)] 1105874K->213062K(1546432K), 0.0065890 secs] [Times: user=0.01 sys=0.00, real=0.00 secs] 
2014-07-16T15:56:51.371+0000: 2125.692: [GC [PSYoungGen: 859396K->580K(826304K)] 1071686K->212950K(1513280K), 0.0283730 secs] [Times: user=0.10 sys=0.00, real=0.03 secs] 
2014-07-16T15:56:52.970+0000: 2127.291: [GC [PSYoungGen: 826244K->320K(794560K)] 1038614K->212802K(1481536K), 0.0061570 secs] [Times: user=0.01 sys=0.00, real=0.01 secs] 
2014-07-16T15:56:54.571+0000: 2128.892: [GC [PSYoungGen: 794560K->480K(764800K)] 1007042K->213106K(1451776K), 0.0051720 secs] [Times: user=0.02 sys=0.00, real=0.00 secs] 
2014-07-16T15:56:56.092+0000: 2130.413: [GC [PSYoungGen: 764768K->434K(736192K)] 977394K->213204K(1423168K), 0.0059440 secs] [Times: user=0.01 sys=0.00, real=0.01 secs] 
2014-07-16T15:56:57.526+0000: 2131.847: [GC [PSYoungGen: 736178K->498K(709056K)] 948948K->213364K(1396032K), 0.0057950 secs] [Times: user=0.01 sys=0.00, real=0.01 secs] 
2014-07-16T15:56:58.939+0000: 2133.260: [GC [PSYoungGen: 709042K->580K(683264K)] 921908K->213518K(1370240K), 0.0062920 secs] [Times: user=0.01 sys=0.00, real=0.00 secs] 
2014-07-16T15:57:00.361+0000: 2134.682: [GC [PSYoungGen: 683120K->562K(658432K)] 896058K->213572K(1345408K), 0.0166990 secs] [Times: user=0.06 sys=0.00, real=0.02 secs] 
2014-07-16T15:57:01.604+0000: 2135.926: [GC [PSYoungGen: 658418K->480K(634752K)] 871428K->213610K(1321728K), 0.0170940 secs] [Times: user=0.06 sys=0.00, real=0.02 secs] 
2014-07-16T15:57:02.876+0000: 2137.198: [GC [PSYoungGen: 634707K->708K(612480K)] 847838K->213958K(1299456K), 0.0133740 secs] [Times: user=0.04 sys=0.00, real=0.02 secs] 
2014-07-16T15:57:04.074+0000: 2138.395: [GC [PSYoungGen: 612420K->434K(590656K)] 825670K->213932K(1277632K), 0.0048540 secs] [Times: user=0.01 sys=0.00, real=0.01 secs] 
2014-07-16T15:57:05.389+0000: 2139.711: [GC [PSYoungGen: 590642K->658K(570432K)] 804140K->214300K(1257408K), 0.0192810 secs] [Times: user=0.06 sys=0.00, real=0.02 secs] 
2014-07-16T15:57:06.552+0000: 2140.873: [GC [PSYoungGen: 570386K->530K(550720K)] 784028K->214332K(1237696K), 0.0128160 secs] [Times: user=0.05 sys=0.00, real=0.01 secs] 
2014-07-16T15:57:07.671+0000: 2141.992: [GC [PSYoungGen: 550674K->676K(532160K)] 764476K->214567K(1219136K), 0.0051280 secs] [Times: user=0.02 sys=0.01, real=0.00 secs] 
2014-07-16T15:57:08.851+0000: 2143.173: [GC [PSYoungGen: 532132K->570K(514176K)] 746023K->214789K(1201152K), 0.0053080 secs] [Times: user=0.02 sys=0.00, real=0.00 secs] 
2014-07-16T15:57:09.958+0000: 2144.279: [GC [PSYoungGen: 514170K->530K(616896K)] 728389K->214844K(1303872K), 0.0261420 secs] [Times: user=0.10 sys=0.00, real=0.03 secs] 
2014-07-16T15:57:11.210+0000: 2145.531: [GC [PSYoungGen: 616850K->694K(740288K)] 831164K->215161K(1427264K), 0.0290360 secs] [Times: user=0.11 sys=0.00, real=0.03 secs] 
2014-07-16T15:57:12.710+0000: 2147.031: [GC [PSYoungGen: 740278K->630K(888192K)] 954745K->215185K(1575168K), 0.0050450 secs] [Times: user=0.02 sys=0.00, real=0.00 secs] 
2014-07-16T15:57:14.502+0000: 2148.823: [GC [PSYoungGen: 888181K->640K(1065728K)] 1102736K->215626K(1752704K), 0.0279150 secs] [Times: user=0.09 sys=0.00, real=0.03 secs] 
2014-07-16T15:57:16.577+0000: 2150.898: [GC [PSYoungGen: 1065728K->448K(1278592K)] 1280714K->215594K(1965568K), 0.0063180 secs] [Times: user=0.01 sys=0.00, real=0.01 secs] 
2014-07-16T15:57:19.160+0000: 2153.481: [GC [PSYoungGen: 1278592K->804K(1534656K)] 1493738K->216183K(2221632K), 0.0396100 secs] [Times: user=0.14 sys=0.00, real=0.04 secs] 
2014-07-16T15:57:22.155+0000: 2156.476: [GC [PSYoungGen: 1534628K->790K(1469056K)] 1750007K->216321K(2156032K), 0.0082760 secs] [Times: user=0.02 sys=0.00, real=0.01 secs] 
2014-07-16T15:57:24.972+0000: 2159.294: [GC [PSYoungGen: 1469014K->562K(1406400K)] 1684545K->216300K(2093376K), 0.0295380 secs] [Times: user=0.11 sys=0.00, real=0.03 secs] 
2014-07-16T15:57:27.710+0000: 2162.032: [GC [PSYoungGen: 1406386K->804K(1347264K)] 1622124K->216783K(2034240K), 0.0214750 secs] [Times: user=0.07 sys=0.00, real=0.03 secs] 
2014-07-16T15:57:30.423+0000: 2164.744: [GC [PSYoungGen: 1347236K->804K(1290816K)] 1563215K->217103K(1977792K), 0.0111290 secs] [Times: user=0.04 sys=0.00, real=0.01 secs] 
2014-07-16T15:57:32.837+0000: 2167.158: [GC [PSYoungGen: 1290788K->562K(1236864K)] 1507087K->217020K(1923840K), 0.0128140 secs] [Times: user=0.05 sys=0.00, real=0.01 secs] 
2014-07-16T15:57:35.310+0000: 2169.631: [GC [PSYoungGen: 1236817K->626K(1185792K)] 1453276K->217292K(1872768K), 0.0052760 secs] [Times: user=0.01 sys=0.00, real=0.01 secs] 
2014-07-16T15:57:37.620+0000: 2171.942: [GC [PSYoungGen: 1185778K->658K(1137216K)] 1402444K->217548K(1824192K), 0.0342250 secs] [Times: user=0.12 sys=0.00, real=0.04 secs] 
2014-07-16T15:57:39.985+0000: 2174.306: [GC [PSYoungGen: 1137166K->658K(1090944K)] 1354057K->217668K(1777920K), 0.0083910 secs] [Times: user=0.03 sys=0.00, real=0.01 secs] 
2014-07-16T15:57:42.222+0000: 2176.544: [GC [PSYoungGen: 1090898K->548K(1046784K)] 1307908K->217719K(1733760K), 0.0057660 secs] [Times: user=0.01 sys=0.01, real=0.01 secs] 
2014-07-16T15:57:44.238+0000: 2178.559: [GC [PSYoungGen: 1046756K->900K(1005248K)] 1263927K->218279K(1692224K), 0.0325400 secs] [Times: user=0.10 sys=0.00, real=0.03 secs] 
2014-07-16T15:57:46.282+0000: 2180.603: [GC [PSYoungGen: 1005188K->416K(964800K)] 1222567K->217962K(1651776K), 0.0187230 secs] [Times: user=0.06 sys=0.00, real=0.02 secs] 
2014-07-16T15:57:48.198+0000: 2182.519: [GC [PSYoungGen: 964768K->562K(1157824K)] 1182314K->218268K(1844800K), 0.0385420 secs] [Times: user=0.13 sys=0.01, real=0.04 secs] 
2014-07-16T15:57:50.603+0000: 2184.924: [GC [PSYoungGen: 1157810K->580K(1110592K)] 1375516K->218399K(1797568K), 0.0058560 secs] [Times: user=0.02 sys=0.00, real=0.01 secs] 
2014-07-16T15:57:52.843+0000: 2187.165: [GC [PSYoungGen: 1110532K->722K(1065728K)] 1328351K->218700K(1752704K), 0.0047870 secs] [Times: user=0.02 sys=0.00, real=0.01 secs] 
2014-07-16T15:57:55.053+0000: 2189.374: [GC [PSYoungGen: 1065682K->854K(1023040K)] 1283660K->219041K(1710016K), 0.0250710 secs] [Times: user=0.08 sys=0.00, real=0.03 secs] 
2014-07-16T15:57:57.025+0000: 2191.347: [GC [PSYoungGen: 1022998K->466K(981888K)] 1241185K->218860K(1668864K), 0.0049460 secs] [Times: user=0.02 sys=0.00, real=0.00 secs] 
2014-07-16T15:57:58.981+0000: 2193.303: [GC [PSYoungGen: 981842K->694K(943232K)] 1200236K->219185K(1630208K), 0.0048880 secs] [Times: user=0.02 sys=0.00, real=0.01 secs] 
2014-07-16T15:58:00.903+0000: 2195.225: [GC [PSYoungGen: 943222K->548K(906112K)] 1161713K->219143K(1593088K), 0.0126860 secs] [Times: user=0.05 sys=0.00, real=0.02 secs] 
2014-07-16T15:58:02.627+0000: 2196.949: [GC [PSYoungGen: 906084K->434K(870784K)] 1124679K->219148K(1557760K), 0.0049140 secs] [Times: user=0.01 sys=0.00, real=0.00 secs] 
2014-07-16T15:58:04.267+0000: 2198.588: [GC [PSYoungGen: 870763K->808K(837632K)] 1089478K->219683K(1524608K), 0.0221860 secs] [Times: user=0.07 sys=0.00, real=0.02 secs] 
2014-07-16T15:58:05.942+0000: 2200.264: [GC [PSYoungGen: 837608K->534K(805440K)] 1056483K->219545K(1492416K), 0.0141690 secs] [Times: user=0.05 sys=0.01, real=0.01 secs] 
2014-07-16T15:58:07.552+0000: 2201.873: [GC [PSYoungGen: 805358K->698K(775104K)] 1024369K->219829K(1462080K), 0.0042480 secs] [Times: user=0.01 sys=0.00, real=0.00 secs] 
2014-07-16T15:58:09.160+0000: 2203.481: [GC [PSYoungGen: 775098K->530K(745984K)] 994229K->219748K(1432960K), 0.0049600 secs] [Times: user=0.02 sys=0.00, real=0.00 secs] 
2014-07-16T15:58:10.733+0000: 2205.054: [GC [PSYoungGen: 745938K->562K(718336K)] 965156K->219892K(1405312K), 0.0272150 secs] [Times: user=0.09 sys=0.00, real=0.03 secs] 
2014-07-16T15:58:12.060+0000: 2206.381: [GC [PSYoungGen: 718322K->352K(861696K)] 937652K->219794K(1548672K), 0.0326610 secs] [Times: user=0.11 sys=0.00, real=0.03 secs] 
2014-07-16T15:58:13.648+0000: 2207.969: [GC [PSYoungGen: 861664K->562K(1034176K)] 1081106K->220124K(1721152K), 0.0125130 secs] [Times: user=0.04 sys=0.00, real=0.02 secs] 
2014-07-16T15:58:15.781+0000: 2210.102: [GC [PSYoungGen: 1034162K->594K(992896K)] 1253724K->220276K(1679872K), 0.0094210 secs] [Times: user=0.04 sys=0.00, real=0.01 secs] 
2014-07-16T15:58:17.707+0000: 2212.029: [GC [PSYoungGen: 992850K->658K(953600K)] 1212532K->220516K(1640576K), 0.0092220 secs] [Times: user=0.02 sys=0.00, real=0.01 secs] 
2014-07-16T15:58:19.598+0000: 2213.919: [GC [PSYoungGen: 953554K->480K(915968K)] 1173412K->220442K(1602944K), 0.0098130 secs] [Times: user=0.02 sys=0.00, real=0.01 secs] 
2014-07-16T15:58:21.543+0000: 2215.864: [GC [PSYoungGen: 915936K->480K(880256K)] 1135898K->220554K(1567232K), 0.0179700 secs] [Times: user=0.07 sys=0.00, real=0.02 secs] 
2014-07-16T15:58:23.253+0000: 2217.574: [GC [PSYoungGen: 880224K->562K(846336K)] 1100298K->220804K(1533312K), 0.0168080 secs] [Times: user=0.06 sys=0.00, real=0.02 secs] 
2014-07-16T15:58:24.890+0000: 2219.211: [GC [PSYoungGen: 846317K->480K(813888K)] 1066560K->220890K(1500864K), 0.0139260 secs] [Times: user=0.04 sys=0.00, real=0.01 secs] 
2014-07-16T15:58:26.514+0000: 2220.836: [GC [PSYoungGen: 813815K->434K(782976K)] 1034226K->220964K(1469952K), 0.0151290 secs] [Times: user=0.06 sys=0.01, real=0.01 secs] 
2014-07-16T15:58:27.978+0000: 2222.299: [GC [PSYoungGen: 782962K->352K(753536K)] 1003492K->220994K(1440512K), 0.0063650 secs] [Times: user=0.01 sys=0.00, real=0.01 secs] 
2014-07-16T15:58:29.491+0000: 2223.812: [GC [PSYoungGen: 753504K->416K(904256K)] 974146K->221130K(1591232K), 0.0347140 secs] [Times: user=0.13 sys=0.00, real=0.03 secs] 
2014-07-16T15:58:31.313+0000: 2225.634: [GC [PSYoungGen: 904224K->608K(869312K)] 1124938K->221410K(1556288K), 0.0094350 secs] [Times: user=0.01 sys=0.00, real=0.01 secs] 
2014-07-16T15:58:33.032+0000: 2227.353: [GC [PSYoungGen: 869280K->466K(835712K)] 1090082K->221404K(1522688K), 0.0046650 secs] [Times: user=0.01 sys=0.00, real=0.00 secs] 
2014-07-16T15:58:34.610+0000: 2228.931: [GC [PSYoungGen: 835666K->534K(803904K)] 1056604K->221649K(1490880K), 0.0046180 secs] [Times: user=0.02 sys=0.00, real=0.01 secs] 
2014-07-16T15:58:36.191+0000: 2230.512: [GC [PSYoungGen: 803862K->548K(773504K)] 1024977K->221783K(1460480K), 0.0161420 secs] [Times: user=0.06 sys=0.00, real=0.02 secs] 
2014-07-16T15:58:37.627+0000: 2231.948: [GC [PSYoungGen: 773476K->530K(744576K)] 994711K->221876K(1431552K), 0.0088910 secs] [Times: user=0.02 sys=0.00, real=0.01 secs] 
2014-07-16T15:58:39.036+0000: 2233.358: [GC [PSYoungGen: 744530K->640K(717056K)] 965876K->222042K(1404032K), 0.0112930 secs] [Times: user=0.03 sys=0.00, real=0.01 secs] 
2014-07-16T15:58:40.417+0000: 2234.739: [GC [PSYoungGen: 717056K->384K(690496K)] 938458K->221930K(1377472K), 0.0165280 secs] [Times: user=0.04 sys=0.00, real=0.02 secs] 
2014-07-16T15:58:41.867+0000: 2236.189: [GC [PSYoungGen: 690496K->612K(665664K)] 912042K->222231K(1352640K), 0.0045240 secs] [Times: user=0.02 sys=0.00, real=0.01 secs] 
2014-07-16T15:58:43.190+0000: 2237.512: [GC [PSYoungGen: 665636K->566K(641664K)] 887255K->222521K(1328640K), 0.0182740 secs] [Times: user=0.07 sys=0.00, real=0.02 secs] 
2014-07-16T15:58:44.419+0000: 2238.740: [GC [PSYoungGen: 641654K->644K(770048K)] 863609K->222727K(1457024K), 0.0421520 secs] [Times: user=0.14 sys=0.00, real=0.04 secs] 
2014-07-16T15:58:45.949+0000: 2240.270: [GC [PSYoungGen: 769988K->544K(923840K)] 992071K->222762K(1610816K), 0.0061560 secs] [Times: user=0.01 sys=0.00, real=0.01 secs] 
2014-07-16T15:58:47.703+0000: 2242.024: [GC [PSYoungGen: 923760K->680K(1108672K)] 1145979K->223003K(1795648K), 0.0118440 secs] [Times: user=0.05 sys=0.00, real=0.02 secs] 
2014-07-16T15:58:49.888+0000: 2244.209: [GC [PSYoungGen: 1108648K->498K(1063552K)] 1330971K->222940K(1750528K), 0.0159120 secs] [Times: user=0.06 sys=0.00, real=0.02 secs] 
2014-07-16T15:58:52.056+0000: 2246.377: [GC [PSYoungGen: 1063538K->690K(1020992K)] 1285980K->223236K(1707968K), 0.0052060 secs] [Times: user=0.02 sys=0.00, real=0.00 secs] 
2014-07-16T15:58:54.239+0000: 2248.561: [GC [PSYoungGen: 1020978K->626K(980224K)] 1243524K->223388K(1667200K), 0.0071260 secs] [Times: user=0.02 sys=0.00, real=0.01 secs] 
2014-07-16T15:58:56.195+0000: 2250.516: [GC [PSYoungGen: 980210K->640K(941504K)] 1202972K->223642K(1628480K), 0.0134840 secs] [Times: user=0.05 sys=0.00, real=0.01 secs] 
2014-07-16T15:58:58.000+0000: 2252.322: [GC [PSYoungGen: 941504K->352K(904384K)] 1164506K->223506K(1591360K), 0.0056440 secs] [Times: user=0.01 sys=0.00, real=0.01 secs] 
2014-07-16T15:58:59.743+0000: 2254.065: [GC [PSYoungGen: 904352K->530K(869440K)] 1127506K->223772K(1556416K), 0.0186210 secs] [Times: user=0.07 sys=0.00, real=0.02 secs] 
2014-07-16T15:59:01.506+0000: 2255.828: [GC [PSYoungGen: 869394K->562K(835968K)] 1092636K->223868K(1522944K), 0.0041700 secs] [Times: user=0.02 sys=0.00, real=0.00 secs] 
2014-07-16T15:59:03.119+0000: 2257.440: [GC [PSYoungGen: 835954K->608K(804160K)] 1059260K->224066K(1491136K), 0.0142280 secs] [Times: user=0.04 sys=0.00, real=0.01 secs] 
2014-07-16T15:59:04.718+0000: 2259.039: [GC [PSYoungGen: 804128K->630K(773760K)] 1027586K->224225K(1460736K), 0.0244050 secs] [Times: user=0.09 sys=0.00, real=0.02 secs] 
2014-07-16T15:59:06.278+0000: 2260.599: [GC [PSYoungGen: 773750K->562K(744768K)] 997345K->224316K(1431744K), 0.0102190 secs] [Times: user=0.03 sys=0.00, real=0.01 secs] 
2014-07-16T15:59:07.704+0000: 2262.025: [GC [PSYoungGen: 744754K->626K(717248K)] 968508K->224644K(1404224K), 0.0080330 secs] [Times: user=0.02 sys=0.00, real=0.01 secs] 
2014-07-16T15:59:09.038+0000: 2263.359: [GC [PSYoungGen: 717234K->448K(690752K)] 941252K->224522K(1377728K), 0.0043230 secs] [Times: user=0.01 sys=0.00, real=0.00 secs] 
2014-07-16T15:59:10.459+0000: 2264.780: [GC [PSYoungGen: 690691K->876K(666112K)] 914766K->225063K(1353088K), 0.0289210 secs] [Times: user=0.10 sys=0.00, real=0.03 secs] 
2014-07-16T15:59:11.815+0000: 2266.136: [GC [PSYoungGen: 666092K->516K(641856K)] 890279K->224815K(1328832K), 0.0080070 secs] [Times: user=0.02 sys=0.00, real=0.01 secs] 
2014-07-16T15:59:13.059+0000: 2267.381: [GC [PSYoungGen: 641796K->402K(769984K)] 866095K->224844K(1456960K), 0.0196560 secs] [Times: user=0.07 sys=0.00, real=0.02 secs] 
2014-07-16T15:59:14.632+0000: 2268.953: [GC [PSYoungGen: 769938K->644K(741440K)] 994380K->225215K(1428416K), 0.0061530 secs] [Times: user=0.01 sys=0.00, real=0.01 secs] 
2014-07-16T15:59:16.243+0000: 2270.564: [GC [PSYoungGen: 741380K->736K(889664K)] 965951K->225474K(1576640K), 0.0244450 secs] [Times: user=0.09 sys=0.00, real=0.03 secs] 
2014-07-16T15:59:17.888+0000: 2272.210: [GC [PSYoungGen: 889552K->566K(855040K)] 1114291K->225433K(1542016K), 0.0084280 secs] [Times: user=0.01 sys=0.00, real=0.00 secs] 
2014-07-16T15:59:19.453+0000: 2273.775: [GC [PSYoungGen: 855030K->416K(822144K)] 1079897K->225362K(1509120K), 0.0037560 secs] [Times: user=0.01 sys=0.00, real=0.00 secs] 
2014-07-16T15:59:21.065+0000: 2275.386: [GC [PSYoungGen: 822112K->1000K(791488K)] 1047058K->226003K(1478464K), 0.0066070 secs] [Times: user=0.02 sys=0.00, real=0.01 secs] 
2014-07-16T15:59:22.595+0000: 2276.917: [GC [PSYoungGen: 791464K->544K(949184K)] 1016467K->225642K(1636160K), 0.0381830 secs] [Times: user=0.14 sys=0.00, real=0.04 secs] 
2014-07-16T15:59:24.517+0000: 2278.838: [GC [PSYoungGen: 949152K->772K(912192K)] 1174250K->226039K(1599168K), 0.0078390 secs] [Times: user=0.02 sys=0.01, real=0.01 secs] 
2014-07-16T15:59:26.393+0000: 2280.715: [GC [PSYoungGen: 912132K->694K(876544K)] 1137399K->226145K(1563520K), 0.0060090 secs] [Times: user=0.02 sys=0.00, real=0.01 secs] 
2014-07-16T15:59:28.065+0000: 2282.386: [GC [PSYoungGen: 876534K->594K(1051648K)] 1101985K->226188K(1738624K), 0.0306440 secs] [Times: user=0.11 sys=0.00, real=0.03 secs] 
2014-07-16T15:59:30.108+0000: 2284.429: [GC [PSYoungGen: 1051602K->402K(1009280K)] 1277196K->226068K(1696256K), 0.0118590 secs] [Times: user=0.04 sys=0.00, real=0.02 secs] 
2014-07-16T15:59:32.124+0000: 2286.445: [GC [PSYoungGen: 1009234K->722K(969472K)] 1234900K->226476K(1656448K), 0.0065990 secs] [Times: user=0.01 sys=0.01, real=0.01 secs] 
2014-07-16T15:59:33.985+0000: 2288.307: [GC [PSYoungGen: 969426K->544K(931072K)] 1195180K->226458K(1618048K), 0.0168300 secs] [Times: user=0.06 sys=0.00, real=0.02 secs] 
2014-07-16T15:59:35.971+0000: 2290.292: [GC [PSYoungGen: 931040K->868K(894976K)] 1156954K->226935K(1581952K), 0.0086600 secs] [Times: user=0.03 sys=0.00, real=0.00 secs] 
2014-07-16T15:59:37.801+0000: 2292.123: [GC [PSYoungGen: 894948K->466K(859904K)] 1121015K->226684K(1546880K), 0.0142100 secs] [Times: user=0.05 sys=0.00, real=0.01 secs] 
2014-07-16T15:59:39.486+0000: 2293.807: [GC [PSYoungGen: 859858K->402K(826816K)] 1086076K->226748K(1513792K), 0.0101340 secs] [Times: user=0.03 sys=0.00, real=0.01 secs] 
2014-07-16T15:59:41.087+0000: 2295.409: [GC [PSYoungGen: 826770K->530K(795456K)] 1053116K->226956K(1482432K), 0.0210520 secs] [Times: user=0.07 sys=0.01, real=0.02 secs] 
2014-07-16T15:59:42.712+0000: 2297.034: [GC [PSYoungGen: 795410K->996K(954880K)] 1021836K->227535K(1641856K), 0.0316180 secs] [Times: user=0.12 sys=0.00, real=0.03 secs] 
2014-07-16T15:59:44.593+0000: 2298.914: [GC [PSYoungGen: 954852K->498K(916864K)] 1181391K->227436K(1603840K), 0.0060220 secs] [Times: user=0.01 sys=0.00, real=0.00 secs] 
2014-07-16T15:59:46.362+0000: 2300.683: [GC [PSYoungGen: 916850K->608K(1100288K)] 1143788K->227714K(1787264K), 0.0238690 secs] [Times: user=0.09 sys=0.01, real=0.02 secs] 
2014-07-16T15:59:48.547+0000: 2302.869: [GC [PSYoungGen: 1100256K->512K(1055680K)] 1327362K->227770K(1742656K), 0.0201260 secs] [Times: user=0.07 sys=0.00, real=0.02 secs] 
2014-07-16T15:59:50.556+0000: 2304.877: [GC [PSYoungGen: 1055680K->352K(1013184K)] 1282938K->227738K(1700160K), 0.0096710 secs] [Times: user=0.02 sys=0.00, real=0.01 secs] 
2014-07-16T15:59:52.469+0000: 2306.790: [GC [PSYoungGen: 1013152K->644K(1216064K)] 1240538K->228119K(1903040K), 0.0291490 secs] [Times: user=0.11 sys=0.00, real=0.03 secs] 
2014-07-16T15:59:54.833+0000: 2309.154: [GC [PSYoungGen: 1216004K->722K(1459200K)] 1443479K->228364K(2146176K), 0.0350350 secs] [Times: user=0.12 sys=0.00, real=0.04 secs] 
2014-07-16T15:59:57.881+0000: 2312.203: [GC [PSYoungGen: 1459154K->658K(1397184K)] 1686796K->228500K(2084160K), 0.0140110 secs] [Times: user=0.05 sys=0.01, real=0.02 secs] 
2014-07-16T16:00:00.523+0000: 2314.844: [GC [PSYoungGen: 1397138K->416K(1337984K)] 1624980K->228466K(2024960K), 0.0148540 secs] [Times: user=0.05 sys=0.00, real=0.02 secs] 
2014-07-16T16:00:03.088+0000: 2317.409: [GC [PSYoungGen: 1337952K->676K(1282176K)] 1566002K->228839K(1969152K), 0.0084510 secs] [Times: user=0.02 sys=0.00, real=0.01 secs] 
2014-07-16T16:00:05.620+0000: 2319.941: [GC [PSYoungGen: 1282148K->804K(1228992K)] 1510311K->229191K(1915968K), 0.0176880 secs] [Times: user=0.05 sys=0.00, real=0.02 secs] 
2014-07-16T16:00:08.183+0000: 2322.505: [GC [PSYoungGen: 1228964K->566K(1177984K)] 1457351K->229273K(1864960K), 0.0122260 secs] [Times: user=0.05 sys=0.00, real=0.02 secs] 
2014-07-16T16:00:10.474+0000: 2324.796: [GC [PSYoungGen: 1177974K->662K(1129856K)] 1406681K->229537K(1816832K), 0.0050870 secs] [Times: user=0.01 sys=0.00, real=0.01 secs] 
2014-07-16T16:00:12.680+0000: 2327.001: [GC [PSYoungGen: 1129782K->694K(1083904K)] 1358657K->229689K(1770880K), 0.0050740 secs] [Times: user=0.02 sys=0.00, real=0.00 secs] 
2014-07-16T16:00:14.786+0000: 2329.107: [GC [PSYoungGen: 1083894K->576K(1040064K)] 1312889K->229802K(1727040K), 0.0108900 secs] [Times: user=0.03 sys=0.00, real=0.02 secs] 
2014-07-16T16:00:16.738+0000: 2331.059: [GC [PSYoungGen: 1040064K->434K(998336K)] 1269290K->229836K(1685312K), 0.0197980 secs] [Times: user=0.06 sys=0.00, real=0.02 secs] 
2014-07-16T16:00:18.700+0000: 2333.021: [GC [PSYoungGen: 998322K->452K(958784K)] 1227724K->229934K(1645760K), 0.0059240 secs] [Times: user=0.01 sys=0.00, real=0.00 secs] 
2014-07-16T16:00:20.619+0000: 2334.941: [GC [PSYoungGen: 958724K->780K(921408K)] 1188206K->230399K(1608384K), 0.0070340 secs] [Times: user=0.02 sys=0.00, real=0.00 secs] 
2014-07-16T16:00:22.459+0000: 2336.780: [GC [PSYoungGen: 921356K->562K(885248K)] 1150975K->230300K(1572224K), 0.0121070 secs] [Times: user=0.05 sys=0.00, real=0.01 secs] 
2014-07-16T16:00:24.133+0000: 2338.455: [GC [PSYoungGen: 885234K->448K(850880K)] 1114972K->230394K(1537856K), 0.0138270 secs] [Times: user=0.05 sys=0.00, real=0.01 secs] 
2014-07-16T16:00:25.775+0000: 2340.097: [GC [PSYoungGen: 850879K->320K(818176K)] 1080826K->230394K(1505152K), 0.0108920 secs] [Times: user=0.04 sys=0.00, real=0.01 secs] 
2014-07-16T16:00:27.399+0000: 2341.721: [GC [PSYoungGen: 818176K->1000K(787840K)] 1048250K->231203K(1474816K), 0.0190780 secs] [Times: user=0.07 sys=0.00, real=0.02 secs] 
2014-07-16T16:00:28.885+0000: 2343.207: [GC [PSYoungGen: 787816K->370K(757568K)] 1018019K->230668K(1444544K), 0.0053260 secs] [Times: user=0.02 sys=0.00, real=0.01 secs] 
2014-07-16T16:00:30.339+0000: 2344.660: [GC [PSYoungGen: 757551K->320K(729280K)] 987850K->230674K(1416256K), 0.0241350 secs] [Times: user=0.09 sys=0.00, real=0.02 secs] 
2014-07-16T16:00:31.803+0000: 2346.124: [GC [PSYoungGen: 729280K->658K(875456K)] 959634K->231076K(1562432K), 0.0252960 secs] [Times: user=0.09 sys=0.00, real=0.02 secs] 
2014-07-16T16:00:33.571+0000: 2347.893: [GC [PSYoungGen: 875410K->548K(841600K)] 1105828K->231111K(1528576K), 0.0059030 secs] [Times: user=0.02 sys=0.00, real=0.00 secs] 
2014-07-16T16:00:35.287+0000: 2349.608: [GC [PSYoungGen: 841572K->640K(809536K)] 1072135K->231394K(1496512K), 0.0069120 secs] [Times: user=0.02 sys=0.00, real=0.01 secs] 
2014-07-16T16:00:36.928+0000: 2351.249: [GC [PSYoungGen: 809536K->480K(778752K)] 1040290K->231386K(1465728K), 0.0097470 secs] [Times: user=0.03 sys=0.00, real=0.01 secs] 
2014-07-16T16:00:38.508+0000: 2352.829: [GC [PSYoungGen: 778720K->384K(749440K)] 1009626K->231410K(1436416K), 0.0123450 secs] [Times: user=0.05 sys=0.00, real=0.02 secs] 
2014-07-16T16:00:40.008+0000: 2354.329: [GC [PSYoungGen: 749440K->772K(722048K)] 980466K->231895K(1409024K), 0.0055830 secs] [Times: user=0.02 sys=0.00, real=0.01 secs] 
2014-07-16T16:00:41.503+0000: 2355.824: [GC [PSYoungGen: 721988K->644K(695360K)] 953111K->231831K(1382336K), 0.0139860 secs] [Times: user=0.05 sys=0.01, real=0.01 secs] 
2014-07-16T16:00:42.972+0000: 2357.294: [GC [PSYoungGen: 695300K->552K(669952K)] 926487K->232179K(1356928K), 0.0156350 secs] [Times: user=0.05 sys=0.00, real=0.01 secs] 
2014-07-16T16:00:44.282+0000: 2358.603: [GC [PSYoungGen: 669928K->800K(804096K)] 901555K->232610K(1491072K), 0.0274570 secs] [Times: user=0.10 sys=0.00, real=0.02 secs] 
2014-07-16T16:00:45.938+0000: 2360.260: [GC [PSYoungGen: 804064K->914K(773824K)] 1035874K->232917K(1460800K), 0.0056340 secs] [Times: user=0.02 sys=0.01, real=0.01 secs] 
2014-07-16T16:00:47.539+0000: 2361.860: [GC [PSYoungGen: 773778K->480K(744448K)] 1005781K->232610K(1431424K), 0.0133220 secs] [Times: user=0.04 sys=0.00, real=0.02 secs] 
2014-07-16T16:00:49.006+0000: 2363.328: [GC [PSYoungGen: 744416K->626K(716992K)] 976546K->232901K(1403968K), 0.0076370 secs] [Times: user=0.02 sys=0.01, real=0.01 secs] 
2014-07-16T16:00:50.480+0000: 2364.801: [GC [PSYoungGen: 716977K->594K(860288K)] 949252K->232957K(1547264K), 0.0243870 secs] [Times: user=0.09 sys=0.00, real=0.03 secs] 
2014-07-16T16:00:52.224+0000: 2366.546: [GC [PSYoungGen: 860241K->850K(1032512K)] 1092604K->233309K(1719488K), 0.0368970 secs] [Times: user=0.14 sys=0.00, real=0.03 secs] 
2014-07-16T16:00:54.228+0000: 2368.550: [GC [PSYoungGen: 1032466K->416K(1238400K)] 1264925K->233034K(1925376K), 0.0166910 secs] [Times: user=0.06 sys=0.00, real=0.02 secs] 
2014-07-16T16:00:56.646+0000: 2370.968: [GC [PSYoungGen: 1238368K->612K(1187392K)] 1470986K->233415K(1874368K), 0.0055160 secs] [Times: user=0.02 sys=0.00, real=0.00 secs] 
2014-07-16T16:00:58.992+0000: 2373.314: [GC [PSYoungGen: 1187364K->608K(1138688K)] 1420167K->233562K(1825664K), 0.0157770 secs] [Times: user=0.05 sys=0.01, real=0.02 secs] 
2014-07-16T16:01:01.174+0000: 2375.495: [GC [PSYoungGen: 1138656K->594K(1092352K)] 1371610K->233693K(1779328K), 0.0057040 secs] [Times: user=0.02 sys=0.00, real=0.00 secs] 
2014-07-16T16:01:03.371+0000: 2377.693: [GC [PSYoungGen: 1092306K->626K(1048192K)] 1325405K->233837K(1735168K), 0.0165640 secs] [Times: user=0.07 sys=0.00, real=0.02 secs] 
2014-07-16T16:01:05.429+0000: 2379.751: [GC [PSYoungGen: 1048178K->612K(1006208K)] 1281389K->234039K(1693184K), 0.0081820 secs] [Times: user=0.03 sys=0.00, real=0.01 secs] 
2014-07-16T16:01:07.383+0000: 2381.705: [GC [PSYoungGen: 1006180K->448K(966016K)] 1239607K->234042K(1652992K), 0.0083010 secs] [Times: user=0.02 sys=0.00, real=0.01 secs] 
2014-07-16T16:01:09.274+0000: 2383.595: [GC [PSYoungGen: 965971K->634K(928128K)] 1199566K->234325K(1615104K), 0.0061620 secs] [Times: user=0.02 sys=0.00, real=0.00 secs] 
2014-07-16T16:01:11.200+0000: 2385.521: [GC [PSYoungGen: 928122K->758K(891968K)] 1161813K->234577K(1578944K), 0.0161790 secs] [Times: user=0.05 sys=0.00, real=0.02 secs] 
2014-07-16T16:01:13.169+0000: 2387.490: [GC [PSYoungGen: 891958K->562K(857216K)] 1125777K->234741K(1544192K), 0.0348610 secs] [Times: user=0.12 sys=0.01, real=0.03 secs] 
2014-07-16T16:01:14.808+0000: 2389.130: [GC [PSYoungGen: 857202K->548K(824320K)] 1091381K->234951K(1511296K), 0.0142750 secs] [Times: user=0.04 sys=0.01, real=0.01 secs] 
2014-07-16T16:01:16.368+0000: 2390.689: [GC [PSYoungGen: 824292K->548K(792960K)] 1058695K->235127K(1479936K), 0.0078390 secs] [Times: user=0.01 sys=0.00, real=0.01 secs] 
2014-07-16T16:01:17.986+0000: 2392.307: [GC [PSYoungGen: 792932K->466K(763008K)] 1027511K->235133K(1449984K), 0.0058930 secs] [Times: user=0.01 sys=0.00, real=0.01 secs] 
2014-07-16T16:01:19.452+0000: 2393.774: [GC [PSYoungGen: 762962K->708K(734784K)] 997629K->235495K(1421760K), 0.0199540 secs] [Times: user=0.07 sys=0.00, real=0.02 secs] 
2014-07-16T16:01:20.899+0000: 2395.220: [GC [PSYoungGen: 734724K->530K(707456K)] 969511K->235373K(1394432K), 0.0145220 secs] [Times: user=0.05 sys=0.00, real=0.01 secs] 
2014-07-16T16:01:22.348+0000: 2396.669: [GC [PSYoungGen: 707410K->626K(681664K)] 942253K->235565K(1368640K), 0.0103390 secs] [Times: user=0.04 sys=0.00, real=0.01 secs] 
2014-07-16T16:01:23.706+0000: 2398.028: [GC [PSYoungGen: 681650K->498K(656896K)] 916589K->235581K(1343872K), 0.0047350 secs] [Times: user=0.01 sys=0.00, real=0.01 secs] 
2014-07-16T16:01:24.968+0000: 2399.290: [GC [PSYoungGen: 656882K->434K(633280K)] 891965K->235653K(1320256K), 0.0061010 secs] [Times: user=0.01 sys=0.01, real=0.00 secs] 
2014-07-16T16:01:26.152+0000: 2400.474: [GC [PSYoungGen: 633266K->434K(610816K)] 868485K->235749K(1297792K), 0.0043280 secs] [Times: user=0.02 sys=0.00, real=0.00 secs] 
2014-07-16T16:01:27.321+0000: 2401.642: [GC [PSYoungGen: 610802K->708K(589696K)] 846117K->236079K(1276672K), 0.0252110 secs] [Times: user=0.10 sys=0.00, real=0.02 secs] 
2014-07-16T16:01:28.581+0000: 2402.903: [GC [PSYoungGen: 589636K->644K(569152K)] 825007K->236103K(1256128K), 0.0117330 secs] [Times: user=0.04 sys=0.00, real=0.01 secs] 
2014-07-16T16:01:29.667+0000: 2403.989: [GC [PSYoungGen: 569023K->484K(549440K)] 804482K->236063K(1236416K), 0.0052590 secs] [Times: user=0.02 sys=0.00, real=0.01 secs] 
2014-07-16T16:01:30.732+0000: 2405.054: [GC [PSYoungGen: 549412K->502K(530816K)] 784991K->236129K(1217792K), 0.0161880 secs] [Times: user=0.06 sys=0.00, real=0.02 secs] 
2014-07-16T16:01:31.730+0000: 2406.052: [GC [PSYoungGen: 530806K->402K(512960K)] 766433K->236077K(1199936K), 0.0075880 secs] [Times: user=0.02 sys=0.00, real=0.00 secs] 
2014-07-16T16:01:32.761+0000: 2407.082: [GC [PSYoungGen: 512860K->512K(615552K)] 748535K->236274K(1302528K), 0.0190000 secs] [Times: user=0.06 sys=0.00, real=0.02 secs] 
2014-07-16T16:01:34.059+0000: 2408.381: [GC [PSYoungGen: 615552K->530K(738624K)] 851314K->236389K(1425600K), 0.0127270 secs] [Times: user=0.05 sys=0.00, real=0.01 secs] 
2014-07-16T16:01:35.627+0000: 2409.949: [GC [PSYoungGen: 738542K->594K(886336K)] 974401K->236605K(1573312K), 0.0241210 secs] [Times: user=0.08 sys=0.00, real=0.03 secs] 
2014-07-16T16:01:37.381+0000: 2411.702: [GC [PSYoungGen: 886290K->512K(1063360K)] 1122301K->236650K(1750336K), 0.0070020 secs] [Times: user=0.02 sys=0.00, real=0.00 secs] 
2014-07-16T16:01:39.545+0000: 2413.866: [GC [PSYoungGen: 1063360K->726K(1020864K)] 1299498K->236977K(1707840K), 0.0115970 secs] [Times: user=0.04 sys=0.00, real=0.01 secs] 
2014-07-16T16:01:41.507+0000: 2415.828: [GC [PSYoungGen: 1020759K->438K(979840K)] 1257010K->237033K(1666816K), 0.0079830 secs] [Times: user=0.03 sys=0.00, real=0.01 secs] 
2014-07-16T16:01:43.488+0000: 2417.810: [GC [PSYoungGen: 979830K->544K(941248K)] 1216425K->237266K(1628224K), 0.0196550 secs] [Times: user=0.06 sys=0.01, real=0.02 secs] 
2014-07-16T16:01:45.490+0000: 2419.811: [GC [PSYoungGen: 941216K->772K(904640K)] 1177938K->237735K(1591616K), 0.0264670 secs] [Times: user=0.10 sys=0.00, real=0.03 secs] 
2014-07-16T16:01:47.289+0000: 2421.610: [GC [PSYoungGen: 904576K->512K(869184K)] 1141539K->237650K(1556160K), 0.0059250 secs] [Times: user=0.01 sys=0.00, real=0.01 secs] 
2014-07-16T16:01:49.066+0000: 2423.387: [GC [PSYoungGen: 869184K->530K(835776K)] 1106322K->237797K(1522752K), 0.0140570 secs] [Times: user=0.04 sys=0.00, real=0.02 secs] 
2014-07-16T16:01:50.691+0000: 2425.012: [GC [PSYoungGen: 835730K->448K(803776K)] 1072997K->237818K(1490752K), 0.0177510 secs] [Times: user=0.07 sys=0.00, real=0.01 secs] 
2014-07-16T16:01:52.312+0000: 2426.633: [GC [PSYoungGen: 803776K->512K(773440K)] 1041146K->237954K(1460416K), 0.0050640 secs] [Times: user=0.01 sys=0.00, real=0.00 secs] 
2014-07-16T16:01:53.867+0000: 2428.189: [GC [PSYoungGen: 773440K->790K(744832K)] 1010882K->238377K(1431808K), 0.0069730 secs] [Times: user=0.02 sys=0.01, real=0.01 secs] 
2014-07-16T16:01:55.403+0000: 2429.724: [GC [PSYoungGen: 744723K->416K(716864K)] 982310K->238162K(1403840K), 0.0039620 secs] [Times: user=0.02 sys=0.00, real=0.00 secs] 
2014-07-16T16:01:56.794+0000: 2431.115: [GC [PSYoungGen: 716752K->512K(690624K)] 954499K->238386K(1377600K), 0.0190310 secs] [Times: user=0.06 sys=0.00, real=0.02 secs] 
2014-07-16T16:01:58.105+0000: 2432.426: [GC [PSYoungGen: 690624K->580K(665664K)] 928498K->238535K(1352640K), 0.0188110 secs] [Times: user=0.07 sys=0.00, real=0.02 secs] 
2014-07-16T16:01:59.480+0000: 2433.801: [GC [PSYoungGen: 665604K->672K(798784K)] 903559K->238690K(1485760K), 0.0265950 secs] [Times: user=0.09 sys=0.00, real=0.03 secs] 
2014-07-16T16:02:00.994+0000: 2435.316: [GC [PSYoungGen: 798752K->488K(958208K)] 1036770K->238643K(1645184K), 0.0242070 secs] [Times: user=0.09 sys=0.00, real=0.02 secs] 
2014-07-16T16:02:02.906+0000: 2437.228: [GC [PSYoungGen: 958145K->640K(1149888K)] 1196300K->238898K(1836864K), 0.0290070 secs] [Times: user=0.10 sys=0.00, real=0.03 secs] 
2014-07-16T16:02:05.379+0000: 2439.700: [GC [PSYoungGen: 1149888K->694K(1379840K)] 1388146K->239337K(2066816K), 0.0089470 secs] [Times: user=0.04 sys=0.00, real=0.01 secs] 
2014-07-16T16:02:08.087+0000: 2442.409: [GC [PSYoungGen: 1379830K->576K(1321664K)] 1618473K->239459K(2008640K), 0.0047740 secs] [Times: user=0.01 sys=0.01, real=0.00 secs] 
2014-07-16T16:02:10.787+0000: 2445.109: [GC [PSYoungGen: 1321664K->662K(1266560K)] 1560547K->239729K(1953536K), 0.0092320 secs] [Times: user=0.02 sys=0.01, real=0.01 secs] 
2014-07-16T16:02:13.332+0000: 2447.653: [GC [PSYoungGen: 1266421K->726K(1214080K)] 1505488K->239945K(1901056K), 0.0166170 secs] [Times: user=0.07 sys=0.00, real=0.02 secs] 
2014-07-16T16:02:15.862+0000: 2450.183: [GC [PSYoungGen: 1214034K->498K(1163840K)] 1453253K->240077K(1850816K), 0.0059630 secs] [Times: user=0.02 sys=0.00, real=0.01 secs] 
2014-07-16T16:02:18.258+0000: 2452.580: [GC [PSYoungGen: 1163826K->608K(1116352K)] 1403405K->240419K(1803328K), 0.0258450 secs] [Times: user=0.09 sys=0.00, real=0.02 secs] 
2014-07-16T16:02:20.503+0000: 2454.825: [GC [PSYoungGen: 1116320K->530K(1070976K)] 1356131K->240533K(1757952K), 0.0156520 secs] [Times: user=0.05 sys=0.00, real=0.02 secs] 
2014-07-16T16:02:22.734+0000: 2457.055: [GC [PSYoungGen: 1070929K->996K(1028352K)] 1310932K->241119K(1715328K), 0.0079200 secs] [Times: user=0.02 sys=0.00, real=0.01 secs] 
2014-07-16T16:02:24.836+0000: 2459.157: [GC [PSYoungGen: 1028324K->498K(986816K)] 1268447K->240877K(1673792K), 0.0050990 secs] [Times: user=0.01 sys=0.00, real=0.01 secs] 
2014-07-16T16:02:26.866+0000: 2461.187: [GC [PSYoungGen: 986802K->662K(947968K)] 1227181K->241225K(1634944K), 0.0225700 secs] [Times: user=0.08 sys=0.00, real=0.03 secs] 
2014-07-16T16:02:28.719+0000: 2463.041: [GC [PSYoungGen: 947926K->826K(910912K)] 1188489K->241541K(1597888K), 0.0069370 secs] [Times: user=0.02 sys=0.01, real=0.01 secs] 
2014-07-16T16:02:30.494+0000: 2464.815: [GC [PSYoungGen: 910906K->598K(875264K)] 1151621K->241425K(1562240K), 0.0145120 secs] [Times: user=0.04 sys=0.00, real=0.02 secs] 
2014-07-16T16:02:32.160+0000: 2466.482: [GC [PSYoungGen: 875222K->726K(841664K)] 1116049K->241625K(1528640K), 0.0068220 secs] [Times: user=0.02 sys=0.00, real=0.01 secs] 
2014-07-16T16:02:33.959+0000: 2468.281: [GC [PSYoungGen: 841622K->818K(809600K)] 1082521K->241853K(1496576K), 0.0047530 secs] [Times: user=0.01 sys=0.00, real=0.00 secs] 
2014-07-16T16:02:35.525+0000: 2469.846: [GC [PSYoungGen: 809509K->530K(778688K)] 1050544K->241773K(1465664K), 0.0058930 secs] [Times: user=0.02 sys=0.00, real=0.01 secs] 
2014-07-16T16:02:37.157+0000: 2471.479: [GC [PSYoungGen: 778642K->466K(749440K)] 1019885K->241813K(1436416K), 0.0285570 secs] [Times: user=0.10 sys=0.00, real=0.03 secs] 
2014-07-16T16:02:38.607+0000: 2472.928: [GC [PSYoungGen: 749328K->502K(899264K)] 990675K->241961K(1586240K), 0.0386880 secs] [Times: user=0.14 sys=0.00, real=0.04 secs] 
2014-07-16T16:02:40.370+0000: 2474.692: [GC [PSYoungGen: 899254K->676K(1079232K)] 1140713K->242215K(1766208K), 0.0163090 secs] [Times: user=0.05 sys=0.00, real=0.01 secs] 
2014-07-16T16:02:42.487+0000: 2476.808: [GC [PSYoungGen: 1079204K->544K(1294848K)] 1320743K->242187K(1981824K), 0.0330490 secs] [Times: user=0.12 sys=0.00, real=0.04 secs] 
2014-07-16T16:02:45.209+0000: 2479.531: [GC [PSYoungGen: 1294816K->964K(1554176K)] 1536459K->242799K(2241152K), 0.0185700 secs] [Times: user=0.07 sys=0.00, real=0.01 secs] 
2014-07-16T16:02:48.365+0000: 2482.687: [GC [PSYoungGen: 1554116K->498K(1487104K)] 1795951K->242605K(2174080K), 0.0070700 secs] [Times: user=0.02 sys=0.00, real=0.01 secs] 
2014-07-16T16:02:51.400+0000: 2485.722: [GC [PSYoungGen: 1487090K->772K(1424128K)] 1729197K->243055K(2111104K), 0.0275300 secs] [Times: user=0.10 sys=0.00, real=0.02 secs] 
2014-07-16T16:02:54.277+0000: 2488.598: [GC [PSYoungGen: 1424068K->576K(1363648K)] 1666351K->243051K(2050624K), 0.0054900 secs] [Times: user=0.02 sys=0.00, real=0.01 secs] 
2014-07-16T16:02:57.045+0000: 2491.366: [GC [PSYoungGen: 1363648K->1088K(1306880K)] 1606123K->243867K(1993856K), 0.0290630 secs] [Times: user=0.10 sys=0.00, real=0.03 secs] 
2014-07-16T16:02:59.648+0000: 2493.969: [GC [PSYoungGen: 1306880K->562K(1251904K)] 1549659K->243517K(1938880K), 0.0297960 secs] [Times: user=0.12 sys=0.00, real=0.03 secs] 
2014-07-16T16:03:02.112+0000: 2496.433: [GC [PSYoungGen: 1251890K->790K(1200320K)] 1494845K->243913K(1887296K), 0.0221260 secs] [Times: user=0.08 sys=0.00, real=0.02 secs] 
2014-07-16T16:03:04.610+0000: 2498.931: [GC [PSYoungGen: 1200277K->640K(1150784K)] 1443400K->243931K(1837760K), 0.0087410 secs] [Times: user=0.04 sys=0.00, real=0.01 secs] 
2014-07-16T16:03:06.946+0000: 2501.267: [GC [PSYoungGen: 1150784K->594K(1103808K)] 1394075K->244125K(1790784K), 0.0309060 secs] [Times: user=0.11 sys=0.00, real=0.03 secs] 
2014-07-16T16:03:09.280+0000: 2503.602: [GC [PSYoungGen: 1103762K->1192K(1059712K)] 1347293K->245091K(1746688K), 0.0054790 secs] [Times: user=0.01 sys=0.00, real=0.01 secs] 
2014-07-16T16:03:11.363+0000: 2505.684: [GC [PSYoungGen: 1059688K->790K(1016768K)] 1303587K->244841K(1703744K), 0.0074570 secs] [Times: user=0.02 sys=0.00, real=0.00 secs] 
2014-07-16T16:03:13.418+0000: 2507.739: [GC [PSYoungGen: 1016726K->836K(976320K)] 1260777K->245071K(1663296K), 0.0202830 secs] [Times: user=0.06 sys=0.00, real=0.02 secs] 
2014-07-16T16:03:15.417+0000: 2509.739: [GC [PSYoungGen: 976260K->626K(937536K)] 1220495K->245053K(1624512K), 0.0191150 secs] [Times: user=0.07 sys=0.00, real=0.02 secs] 
2014-07-16T16:03:17.306+0000: 2511.627: [GC [PSYoungGen: 937522K->790K(900992K)] 1181949K->245393K(1587968K), 0.0153660 secs] [Times: user=0.06 sys=0.00, real=0.01 secs] 
2014-07-16T16:03:19.064+0000: 2513.386: [GC [PSYoungGen: 900950K->886K(866112K)] 1145553K->245601K(1553088K), 0.0102740 secs] [Times: user=0.02 sys=0.00, real=0.01 secs] 
2014-07-16T16:03:20.789+0000: 2515.110: [GC [PSYoungGen: 866095K->868K(832832K)] 1110810K->245759K(1519808K), 0.0070500 secs] [Times: user=0.02 sys=0.00, real=0.01 secs] 
2014-07-16T16:03:22.437+0000: 2516.759: [GC [PSYoungGen: 832715K->608K(800832K)] 1077606K->245603K(1487808K), 0.0252870 secs] [Times: user=0.09 sys=0.00, real=0.02 secs] 
2014-07-16T16:03:24.061+0000: 2518.383: [GC [PSYoungGen: 800800K->822K(770816K)] 1045795K->245993K(1457792K), 0.0157030 secs] [Times: user=0.06 sys=0.00, real=0.02 secs] 
2014-07-16T16:03:25.556+0000: 2519.878: [GC [PSYoungGen: 770806K->580K(741824K)] 1015977K->245935K(1428800K), 0.0127620 secs] [Times: user=0.04 sys=0.00, real=0.01 secs] 
2014-07-16T16:03:27.066+0000: 2521.387: [GC [PSYoungGen: 741764K->708K(714496K)] 987119K->246167K(1401472K), 0.0088200 secs] [Times: user=0.03 sys=0.00, real=0.00 secs] 
2014-07-16T16:03:28.575+0000: 2522.897: [GC [PSYoungGen: 714434K->992K(688576K)] 959893K->246539K(1375552K), 0.0179080 secs] [Times: user=0.07 sys=0.00, real=0.02 secs] 
2014-07-16T16:03:30.048+0000: 2524.370: [GC [PSYoungGen: 688455K->594K(663232K)] 934002K->246253K(1350208K), 0.0085610 secs] [Times: user=0.02 sys=0.00, real=0.01 secs] 
2014-07-16T16:03:31.353+0000: 2525.674: [GC [PSYoungGen: 663186K->384K(639168K)] 908845K->246131K(1326144K), 0.0063830 secs] [Times: user=0.01 sys=0.00, real=0.01 secs] 
2014-07-16T16:03:32.550+0000: 2526.872: [GC [PSYoungGen: 639168K->352K(616448K)] 884915K->246187K(1303424K), 0.0051780 secs] [Times: user=0.01 sys=0.00, real=0.00 secs] 
2014-07-16T16:03:33.709+0000: 2528.031: [GC [PSYoungGen: 616416K->384K(594752K)] 862251K->246315K(1281728K), 0.0181150 secs] [Times: user=0.06 sys=0.00, real=0.02 secs] 
2014-07-16T16:03:34.934+0000: 2529.255: [GC [PSYoungGen: 594750K->836K(714176K)] 840681K->246887K(1401152K), 0.0190090 secs] [Times: user=0.07 sys=0.00, real=0.02 secs] 
2014-07-16T16:03:36.332+0000: 2530.653: [GC [PSYoungGen: 714116K->548K(687680K)] 960167K->246711K(1374656K), 0.0062970 secs] [Times: user=0.02 sys=0.01, real=0.01 secs] 
2014-07-16T16:03:37.706+0000: 2532.028: [GC [PSYoungGen: 687652K->562K(825152K)] 933815K->246821K(1512128K), 0.0194340 secs] [Times: user=0.08 sys=0.00, real=0.02 secs] 
2014-07-16T16:03:39.370+0000: 2533.691: [GC [PSYoungGen: 825138K->516K(793792K)] 1071397K->246855K(1480768K), 0.0109190 secs] [Times: user=0.04 sys=0.00, real=0.01 secs] 
2014-07-16T16:03:41.022+0000: 2535.344: [GC [PSYoungGen: 793732K->516K(763904K)] 1040071K->246943K(1450880K), 0.0076130 secs] [Times: user=0.02 sys=0.00, real=0.01 secs] 
2014-07-16T16:03:42.572+0000: 2536.894: [GC [PSYoungGen: 763746K->744K(735616K)] 1010173K->247299K(1422592K), 0.0162400 secs] [Times: user=0.06 sys=0.00, real=0.02 secs] 
2014-07-16T16:03:44.042+0000: 2538.363: [GC [PSYoungGen: 735592K->996K(882880K)] 982147K->247823K(1569856K), 0.0226140 secs] [Times: user=0.08 sys=0.00, real=0.02 secs] 
2014-07-16T16:03:45.847+0000: 2540.169: [GC [PSYoungGen: 882778K->630K(848384K)] 1129605K->247601K(1535360K), 0.0109500 secs] [Times: user=0.02 sys=0.00, real=0.02 secs] 
2014-07-16T16:03:47.476+0000: 2541.798: [GC [PSYoungGen: 848374K->498K(1017856K)] 1095345K->247637K(1704832K), 0.0231490 secs] [Times: user=0.09 sys=0.00, real=0.03 secs] 
2014-07-16T16:03:49.539+0000: 2543.861: [GC [PSYoungGen: 1017842K->580K(1221504K)] 1264981K->247807K(1908480K), 0.0204580 secs] [Times: user=0.08 sys=0.00, real=0.02 secs] 
2014-07-16T16:03:52.019+0000: 2546.340: [GC [PSYoungGen: 1221444K->744K(1465856K)] 1468671K->248099K(2152832K), 0.0254520 secs] [Times: user=0.09 sys=0.00, real=0.03 secs] 
2014-07-16T16:03:55.032+0000: 2549.353: [GC [PSYoungGen: 1465832K->1042K(1403904K)] 1713187K->248597K(2090880K), 0.0074590 secs] [Times: user=0.02 sys=0.00, real=0.00 secs] 
2014-07-16T16:03:57.761+0000: 2552.083: [GC [PSYoungGen: 1403858K->580K(1344256K)] 1651413K->248415K(2031232K), 0.0067170 secs] [Times: user=0.02 sys=0.00, real=0.00 secs] 
2014-07-16T16:04:00.528+0000: 2554.849: [GC [PSYoungGen: 1344196K->868K(1288192K)] 1592031K->248855K(1975168K), 0.0320510 secs] [Times: user=0.12 sys=0.00, real=0.04 secs] 
2014-07-16T16:04:03.160+0000: 2557.482: [GC [PSYoungGen: 1288164K->922K(1234688K)] 1536151K->249069K(1921664K), 0.0180770 secs] [Times: user=0.07 sys=0.00, real=0.02 secs] 
2014-07-16T16:04:05.643+0000: 2559.965: [GC [PSYoungGen: 1234619K->726K(1183488K)] 1482766K->249129K(1870464K), 0.0247600 secs] [Times: user=0.09 sys=0.00, real=0.02 secs] 
2014-07-16T16:04:08.062+0000: 2562.383: [GC [PSYoungGen: 1183446K->658K(1134912K)] 1431849K->249269K(1821888K), 0.0213260 secs] [Times: user=0.08 sys=0.00, real=0.02 secs] 
2014-07-16T16:04:10.331+0000: 2564.652: [GC [PSYoungGen: 1134866K->626K(1088640K)] 1383477K->249413K(1775616K), 0.0255630 secs] [Times: user=0.07 sys=0.00, real=0.03 secs] 
2014-07-16T16:04:12.439+0000: 2566.761: [GC [PSYoungGen: 1088626K->708K(1044800K)] 1337413K->249615K(1731776K), 0.0150840 secs] [Times: user=0.05 sys=0.00, real=0.02 secs] 
2014-07-16T16:04:14.440+0000: 2568.761: [GC [PSYoungGen: 1044662K->708K(1002944K)] 1293569K->249783K(1689920K), 0.0212840 secs] [Times: user=0.08 sys=0.00, real=0.02 secs] 
2014-07-16T16:04:16.408+0000: 2570.729: [GC [PSYoungGen: 1002884K->466K(962880K)] 1251959K->249725K(1649856K), 0.0089410 secs] [Times: user=0.02 sys=0.00, real=0.01 secs] 
2014-07-16T16:04:18.277+0000: 2572.598: [GC [PSYoungGen: 962747K->712K(925184K)] 1212006K->250099K(1612160K), 0.0192520 secs] [Times: user=0.06 sys=0.01, real=0.02 secs] 
2014-07-16T16:04:20.193+0000: 2574.514: [GC [PSYoungGen: 925090K->946K(889280K)] 1174477K->250605K(1576256K), 0.0055950 secs] [Times: user=0.01 sys=0.00, real=0.01 secs] 
2014-07-16T16:04:21.963+0000: 2576.285: [GC [PSYoungGen: 889266K->658K(854656K)] 1138925K->250429K(1541632K), 0.0205070 secs] [Times: user=0.07 sys=0.00, real=0.02 secs] 
2014-07-16T16:04:23.578+0000: 2577.899: [GC [PSYoungGen: 854610K->352K(821568K)] 1104381K->250323K(1508544K), 0.0134890 secs] [Times: user=0.05 sys=0.00, real=0.01 secs] 
2014-07-16T16:04:25.175+0000: 2579.496: [GC [PSYoungGen: 821536K->530K(790528K)] 1071507K->250645K(1477504K), 0.0114470 secs] [Times: user=0.04 sys=0.00, real=0.01 secs] 
2014-07-16T16:04:26.768+0000: 2581.089: [GC [PSYoungGen: 790482K->818K(761024K)] 1040597K->251061K(1448000K), 0.0189260 secs] [Times: user=0.07 sys=0.00, real=0.02 secs] 
2014-07-16T16:04:28.255+0000: 2582.577: [GC [PSYoungGen: 760953K->502K(732352K)] 1011196K->250849K(1419328K), 0.0052430 secs] [Times: user=0.01 sys=0.00, real=0.00 secs] 
2014-07-16T16:04:29.731+0000: 2584.052: [GC [PSYoungGen: 732342K->466K(705344K)] 982689K->250893K(1392320K), 0.0073060 secs] [Times: user=0.01 sys=0.00, real=0.01 secs] 
2014-07-16T16:04:31.304+0000: 2585.626: [GC [PSYoungGen: 705298K->626K(679680K)] 955725K->251109K(1366656K), 0.0057060 secs] [Times: user=0.02 sys=0.00, real=0.01 secs] 
2014-07-16T16:04:32.646+0000: 2586.968: [GC [PSYoungGen: 679666K->480K(815360K)] 930149K->251131K(1502336K), 0.0323120 secs] [Times: user=0.11 sys=0.00, real=0.03 secs] 
2014-07-16T16:04:34.306+0000: 2588.628: [GC [PSYoungGen: 815328K->512K(784448K)] 1065979K->251283K(1471424K), 0.0075240 secs] [Times: user=0.02 sys=0.00, real=0.00 secs] 
2014-07-16T16:04:35.916+0000: 2590.237: [GC [PSYoungGen: 784448K->1014K(755520K)] 1035219K->251945K(1442496K), 0.0077730 secs] [Times: user=0.02 sys=0.00, real=0.00 secs] 
2014-07-16T16:04:37.365+0000: 2591.686: [GC [PSYoungGen: 755510K->466K(905920K)] 1006441K->251517K(1592896K), 0.0246040 secs] [Times: user=0.09 sys=0.00, real=0.03 secs] 
2014-07-16T16:04:39.154+0000: 2593.475: [GC [PSYoungGen: 905872K->658K(870912K)] 1156923K->251789K(1557888K), 0.0137550 secs] [Times: user=0.05 sys=0.00, real=0.02 secs] 
2014-07-16T16:04:40.950+0000: 2595.271: [GC [PSYoungGen: 870866K->658K(837376K)] 1121997K->251869K(1524352K), 0.0053690 secs] [Times: user=0.02 sys=0.00, real=0.00 secs] 
2014-07-16T16:04:42.583+0000: 2596.905: [GC [PSYoungGen: 837330K->562K(805312K)] 1088541K->251893K(1492288K), 0.0212500 secs] [Times: user=0.08 sys=0.00, real=0.02 secs] 
2014-07-16T16:04:44.111+0000: 2598.432: [GC [PSYoungGen: 805298K->498K(774784K)] 1056629K->251981K(1461760K), 0.0062710 secs] [Times: user=0.02 sys=0.00, real=0.01 secs] 
2014-07-16T16:04:45.679+0000: 2600.000: [GC [PSYoungGen: 774770K->1014K(746304K)] 1026253K->252761K(1433280K), 0.0085640 secs] [Times: user=0.02 sys=0.00, real=0.01 secs] 
2014-07-16T16:04:47.139+0000: 2601.460: [GC [PSYoungGen: 746221K->890K(718528K)] 997968K->252749K(1405504K), 0.0118860 secs] [Times: user=0.03 sys=0.01, real=0.01 secs] 
2014-07-16T16:04:48.542+0000: 2602.863: [GC [PSYoungGen: 718522K->544K(691840K)] 970381K->252515K(1378816K), 0.0106090 secs] [Times: user=0.02 sys=0.01, real=0.01 secs] 
2014-07-16T16:04:49.966+0000: 2604.288: [GC [PSYoungGen: 691808K->434K(666560K)] 943779K->252477K(1353536K), 0.0172430 secs] [Times: user=0.06 sys=0.01, real=0.02 secs] 
2014-07-16T16:04:51.373+0000: 2605.694: [GC [PSYoungGen: 666546K->580K(800000K)] 918589K->252719K(1486976K), 0.0216060 secs] [Times: user=0.08 sys=0.00, real=0.02 secs] 
2014-07-16T16:04:52.997+0000: 2607.318: [GC [PSYoungGen: 799873K->726K(769920K)] 1052012K->253009K(1456896K), 0.0132510 secs] [Times: user=0.04 sys=0.00, real=0.02 secs] 
2014-07-16T16:04:54.584+0000: 2608.906: [GC [PSYoungGen: 769878K->480K(923520K)] 1022161K->252915K(1610496K), 0.0279550 secs] [Times: user=0.11 sys=0.00, real=0.03 secs] 
2014-07-16T16:04:56.444+0000: 2610.766: [GC [PSYoungGen: 923488K->694K(1108352K)] 1175923K->253297K(1795328K), 0.0197130 secs] [Times: user=0.06 sys=0.00, real=0.02 secs] 
2014-07-16T16:04:58.609+0000: 2612.931: [GC [PSYoungGen: 1108342K->320K(1329536K)] 1360945K->253051K(2016512K), 0.0224430 secs] [Times: user=0.09 sys=0.00, real=0.02 secs] 
2014-07-16T16:05:01.400+0000: 2615.721: [GC [PSYoungGen: 1329536K->832K(1274432K)] 1582267K->253675K(1961408K), 0.0093770 secs] [Times: user=0.03 sys=0.00, real=0.01 secs] 
2014-07-16T16:05:04.022+0000: 2618.343: [GC [PSYoungGen: 1274386K->708K(1221440K)] 1527229K->253767K(1908416K), 0.0110160 secs] [Times: user=0.03 sys=0.00, real=0.01 secs] 
2014-07-16T16:05:06.419+0000: 2620.741: [GC [PSYoungGen: 1221380K->740K(1171072K)] 1474439K->254063K(1858048K), 0.0122830 secs] [Times: user=0.05 sys=0.00, real=0.02 secs] 
2014-07-16T16:05:08.641+0000: 2622.963: [GC [PSYoungGen: 1171044K->466K(1122880K)] 1424367K->253965K(1809856K), 0.0159990 secs] [Times: user=0.06 sys=0.00, real=0.01 secs] 
2014-07-16T16:05:10.837+0000: 2625.158: [GC [PSYoungGen: 1122834K->544K(1077312K)] 1376333K->254155K(1764288K), 0.0206290 secs] [Times: user=0.08 sys=0.00, real=0.03 secs] 
2014-07-16T16:05:13.099+0000: 2627.420: [GC [PSYoungGen: 1077280K->1074K(1034432K)] 1330891K->254789K(1721408K), 0.0096070 secs] [Times: user=0.02 sys=0.00, real=0.01 secs] 
2014-07-16T16:05:15.159+0000: 2629.480: [GC [PSYoungGen: 1034418K->512K(992512K)] 1288133K->254475K(1679488K), 0.0117660 secs] [Times: user=0.04 sys=0.00, real=0.01 secs] 
2014-07-16T16:05:17.056+0000: 2631.377: [GC [PSYoungGen: 992512K->804K(953472K)] 1246475K->254943K(1640448K), 0.0074130 secs] [Times: user=0.02 sys=0.00, real=0.01 secs] 
2014-07-16T16:05:18.891+0000: 2633.212: [GC [PSYoungGen: 953444K->498K(915712K)] 1207583K->254741K(1602688K), 0.0065630 secs] [Times: user=0.01 sys=0.00, real=0.01 secs] 
2014-07-16T16:05:20.695+0000: 2635.016: [GC [PSYoungGen: 915698K->416K(880000K)] 1169941K->254755K(1566976K), 0.0114180 secs] [Times: user=0.04 sys=0.00, real=0.01 secs] 
2014-07-16T16:05:22.380+0000: 2636.701: [GC [PSYoungGen: 879968K->466K(846080K)] 1134307K->254893K(1533056K), 0.0060310 secs] [Times: user=0.01 sys=0.00, real=0.01 secs] 
2014-07-16T16:05:24.014+0000: 2638.335: [GC [PSYoungGen: 846034K->1092K(814336K)] 1100461K->255679K(1501312K), 0.0298870 secs] [Times: user=0.11 sys=0.00, real=0.03 secs] 
2014-07-16T16:05:25.723+0000: 2640.044: [GC [PSYoungGen: 814272K->608K(782976K)] 1068859K->255347K(1469952K), 0.0260080 secs] [Times: user=0.10 sys=0.00, real=0.03 secs] 
2014-07-16T16:05:27.311+0000: 2641.632: [GC [PSYoungGen: 782944K->534K(753536K)] 1037683K->255417K(1440512K), 0.0046100 secs] [Times: user=0.01 sys=0.00, real=0.01 secs] 
2014-07-16T16:05:28.793+0000: 2643.114: [GC [PSYoungGen: 753492K->448K(725376K)] 1008375K->255451K(1412352K), 0.0215590 secs] [Times: user=0.08 sys=0.00, real=0.03 secs] 
2014-07-16T16:05:30.211+0000: 2644.533: [GC [PSYoungGen: 725376K->648K(870656K)] 980379K->255739K(1557632K), 0.0246400 secs] [Times: user=0.09 sys=0.01, real=0.03 secs] 
2014-07-16T16:05:31.968+0000: 2646.289: [GC [PSYoungGen: 870600K->612K(837056K)] 1125691K->255775K(1524032K), 0.0060040 secs] [Times: user=0.01 sys=0.00, real=0.00 secs] 
2014-07-16T16:05:33.644+0000: 2647.966: [GC [PSYoungGen: 837028K->800K(1004544K)] 1092191K->256147K(1691520K), 0.0397280 secs] [Times: user=0.15 sys=0.00, real=0.04 secs] 
2014-07-16T16:05:35.756+0000: 2650.078: [GC [PSYoungGen: 1004512K->512K(1204992K)] 1259859K->256019K(1891968K), 0.0391180 secs] [Times: user=0.14 sys=0.00, real=0.04 secs] 
2014-07-16T16:05:38.099+0000: 2652.420: [GC [PSYoungGen: 1204992K->530K(1445952K)] 1460499K->256213K(2132928K), 0.0229190 secs] [Times: user=0.08 sys=0.01, real=0.02 secs] 
2014-07-16T16:05:40.824+0000: 2655.145: [GC [PSYoungGen: 1445906K->448K(1519168K)] 1701589K->256291K(2206144K), 0.0373110 secs] [Times: user=0.13 sys=0.00, real=0.04 secs] 
2014-07-16T16:05:43.983+0000: 2658.304: [GC [PSYoungGen: 1518528K->818K(1735552K)] 1774371K->256757K(2422528K), 0.0203850 secs] [Times: user=0.07 sys=0.00, real=0.02 secs] 
2014-07-16T16:05:47.654+0000: 2661.976: [GC [PSYoungGen: 1735282K->608K(1735552K)] 1991221K->256843K(2422528K), 0.0230730 secs] [Times: user=0.08 sys=0.00, real=0.03 secs] 
2014-07-16T16:05:50.930+0000: 2665.251: [GC [PSYoungGen: 1735072K->512K(1659520K)] 1991307K->257019K(2346496K), 0.0174460 secs] [Times: user=0.05 sys=0.00, real=0.02 secs] 
2014-07-16T16:05:54.239+0000: 2668.560: [GC [PSYoungGen: 1659520K->872K(1588160K)] 1916027K->257499K(2275136K), 0.0237690 secs] [Times: user=0.09 sys=0.00, real=0.02 secs] 
2014-07-16T16:05:57.472+0000: 2671.793: [GC [PSYoungGen: 1588136K->694K(1519744K)] 1844763K->257697K(2206720K), 0.0273150 secs] [Times: user=0.10 sys=0.00, real=0.03 secs] 
2014-07-16T16:06:00.386+0000: 2674.708: [GC [PSYoungGen: 1519734K->466K(1454656K)] 1776737K->257677K(2141632K), 0.0062320 secs] [Times: user=0.02 sys=0.00, real=0.01 secs] 
2014-07-16T16:06:03.244+0000: 2677.566: [GC [PSYoungGen: 1454610K->708K(1393152K)] 1711821K->258055K(2080128K), 0.0050500 secs] [Times: user=0.02 sys=0.00, real=0.01 secs] 
2014-07-16T16:06:05.957+0000: 2680.278: [GC [PSYoungGen: 1393092K->864K(1334592K)] 1650439K->258443K(2021568K), 0.0048000 secs] [Times: user=0.02 sys=0.00, real=0.01 secs] 
2014-07-16T16:06:08.758+0000: 2683.079: [GC [PSYoungGen: 1334560K->580K(1278464K)] 1592139K->258351K(1965440K), 0.0069210 secs] [Times: user=0.02 sys=0.00, real=0.01 secs] 
2014-07-16T16:06:11.283+0000: 2685.604: [GC [PSYoungGen: 1278404K->480K(1225216K)] 1536175K->258443K(1912192K), 0.0240290 secs] [Times: user=0.09 sys=0.00, real=0.02 secs] 
2014-07-16T16:06:13.756+0000: 2688.077: [GC [PSYoungGen: 1225184K->740K(1174912K)] 1483147K->258855K(1861888K), 0.0075700 secs] [Times: user=0.02 sys=0.00, real=0.01 secs] 
2014-07-16T16:06:16.148+0000: 2690.469: [GC [PSYoungGen: 1174884K->754K(1126784K)] 1432999K->259125K(1813760K), 0.0079100 secs] [Times: user=0.02 sys=0.00, real=0.01 secs] 
2014-07-16T16:06:18.533+0000: 2692.855: [GC [PSYoungGen: 1126770K->612K(1080896K)] 1385141K->259143K(1767872K), 0.0148660 secs] [Times: user=0.05 sys=0.00, real=0.01 secs] 
2014-07-16T16:06:20.638+0000: 2694.959: [GC [PSYoungGen: 1080868K->630K(1037312K)] 1339399K->259329K(1724288K), 0.0105910 secs] [Times: user=0.04 sys=0.00, real=0.01 secs] 
2014-07-16T16:06:22.818+0000: 2697.140: [GC [PSYoungGen: 1037302K->626K(995840K)] 1296001K->259421K(1682816K), 0.0153850 secs] [Times: user=0.06 sys=0.00, real=0.02 secs] 
2014-07-16T16:06:24.764+0000: 2699.085: [GC [PSYoungGen: 995826K->690K(956416K)] 1254621K->259725K(1643392K), 0.0075300 secs] [Times: user=0.02 sys=0.00, real=0.00 secs] 
2014-07-16T16:06:26.712+0000: 2701.034: [GC [PSYoungGen: 956402K->512K(918592K)] 1215437K->259707K(1605568K), 0.0334310 secs] [Times: user=0.12 sys=0.00, real=0.04 secs] 
2014-07-16T16:06:28.759+0000: 2703.080: [GC [PSYoungGen: 918592K->1004K(883264K)] 1177787K->260359K(1570240K), 0.0158060 secs] [Times: user=0.04 sys=0.00, real=0.02 secs] 
2014-07-16T16:06:30.403+0000: 2704.725: [GC [PSYoungGen: 883177K->388K(848576K)] 1142532K->259895K(1535552K), 0.0267320 secs] [Times: user=0.10 sys=0.00, real=0.02 secs] 
2014-07-16T16:06:32.152+0000: 2706.473: [GC [PSYoungGen: 848516K->1078K(1018880K)] 1108023K->260881K(1705856K), 0.0314940 secs] [Times: user=0.12 sys=0.00, real=0.04 secs] 
2014-07-16T16:06:34.074+0000: 2708.396: [GC [PSYoungGen: 1018857K->676K(1222080K)] 1278660K->261063K(1909056K), 0.0123010 secs] [Times: user=0.02 sys=0.00, real=0.01 secs] 
2014-07-16T16:06:36.564+0000: 2710.885: [GC [PSYoungGen: 1222052K->704K(1171712K)] 1482439K->261307K(1858688K), 0.0159000 secs] [Times: user=0.05 sys=0.00, real=0.02 secs] 
2014-07-16T16:06:39.044+0000: 2713.365: [GC [PSYoungGen: 1171712K->936K(1124032K)] 1432315K->261795K(1811008K), 0.0054370 secs] [Times: user=0.01 sys=0.01, real=0.01 secs] 
2014-07-16T16:06:41.288+0000: 2715.609: [GC [PSYoungGen: 1124008K->676K(1078144K)] 1384867K->261695K(1765120K), 0.0156370 secs] [Times: user=0.06 sys=0.00, real=0.01 secs] 
2014-07-16T16:06:43.463+0000: 2717.784: [GC [PSYoungGen: 1078100K->640K(1034624K)] 1339119K->261811K(1721600K), 0.0312680 secs] [Times: user=0.11 sys=0.00, real=0.03 secs] 
2014-07-16T16:06:45.578+0000: 2719.899: [GC [PSYoungGen: 1034624K->722K(993408K)] 1295795K->262109K(1680384K), 0.0210650 secs] [Times: user=0.07 sys=0.01, real=0.02 secs] 
2014-07-16T16:06:47.671+0000: 2721.993: [GC [PSYoungGen: 993362K->562K(953856K)] 1254749K->262109K(1640832K), 0.0115450 secs] [Times: user=0.04 sys=0.01, real=0.01 secs] 
2014-07-16T16:06:49.678+0000: 2723.999: [GC [PSYoungGen: 953842K->676K(1144640K)] 1215389K->262383K(1831616K), 0.0393780 secs] [Times: user=0.15 sys=0.00, real=0.04 secs] 
2014-07-16T16:06:51.943+0000: 2726.265: [GC [PSYoungGen: 1144612K->662K(1097984K)] 1406319K->262489K(1784960K), 0.0140800 secs] [Times: user=0.05 sys=0.00, real=0.02 secs] 
2014-07-16T16:06:54.383+0000: 2728.705: [GC [PSYoungGen: 1097942K->758K(1053632K)] 1359769K->262737K(1740608K), 0.0193020 secs] [Times: user=0.06 sys=0.00, real=0.02 secs] 
2014-07-16T16:06:56.713+0000: 2731.034: [GC [PSYoungGen: 1053622K->480K(1011136K)] 1315601K->262699K(1698112K), 0.0197850 secs] [Times: user=0.06 sys=0.00, real=0.02 secs] 
2014-07-16T16:06:59.031+0000: 2733.352: [GC [PSYoungGen: 1011020K->748K(971136K)] 1273239K->263079K(1658112K), 0.0071590 secs] [Times: user=0.02 sys=0.00, real=0.01 secs] 
2014-07-16T16:07:01.158+0000: 2735.480: [GC [PSYoungGen: 971116K->612K(932672K)] 1233447K->263087K(1619648K), 0.0066410 secs] [Times: user=0.01 sys=0.00, real=0.00 secs] 
2014-07-16T16:07:03.227+0000: 2737.549: [GC [PSYoungGen: 932644K->384K(895936K)] 1195119K->262963K(1582912K), 0.0073970 secs] [Times: user=0.02 sys=0.00, real=0.01 secs] 
2014-07-16T16:07:05.212+0000: 2739.534: [GC [PSYoungGen: 895936K->466K(861312K)] 1158515K->263205K(1548288K), 0.0112650 secs] [Times: user=0.04 sys=0.00, real=0.01 secs] 
2014-07-16T16:07:07.141+0000: 2741.462: [GC [PSYoungGen: 861266K->1138K(828864K)] 1124005K->264037K(1515840K), 0.0267860 secs] [Times: user=0.09 sys=0.00, real=0.02 secs] 
2014-07-16T16:07:08.968+0000: 2743.289: [GC [PSYoungGen: 828850K->480K(796672K)] 1091749K->263491K(1483648K), 0.0273230 secs] [Times: user=0.10 sys=0.00, real=0.03 secs] 
2014-07-16T16:07:10.752+0000: 2745.074: [GC [PSYoungGen: 796640K->800K(956224K)] 1059651K->263915K(1643200K), 0.0226400 secs] [Times: user=0.08 sys=0.00, real=0.02 secs] 
2014-07-16T16:07:12.852+0000: 2747.174: [GC [PSYoungGen: 956192K->548K(918400K)] 1219307K->263767K(1605376K), 0.0126000 secs] [Times: user=0.03 sys=0.00, real=0.01 secs] 
2014-07-16T16:07:14.864+0000: 2749.185: [GC [PSYoungGen: 918372K->498K(882560K)] 1181591K->263893K(1569536K), 0.0247530 secs] [Times: user=0.08 sys=0.00, real=0.02 secs] 
2014-07-16T16:07:16.803+0000: 2751.124: [GC [PSYoungGen: 882455K->256K(848192K)] 1145850K->263779K(1535168K), 0.0052860 secs] [Times: user=0.01 sys=0.00, real=0.00 secs] 
2014-07-16T16:07:18.695+0000: 2753.016: [GC [PSYoungGen: 848192K->676K(816128K)] 1111715K->264303K(1503104K), 0.0060860 secs] [Times: user=0.02 sys=0.00, real=0.00 secs] 
2014-07-16T16:07:20.496+0000: 2754.818: [GC [PSYoungGen: 816100K->512K(784960K)] 1079727K->264243K(1471936K), 0.0081190 secs] [Times: user=0.04 sys=0.00, real=0.01 secs] 
2014-07-16T16:07:22.227+0000: 2756.549: [GC [PSYoungGen: 784960K->626K(755584K)] 1048691K->264429K(1442560K), 0.0175820 secs] [Times: user=0.06 sys=0.00, real=0.02 secs] 
2014-07-16T16:07:23.877+0000: 2758.198: [GC [PSYoungGen: 755570K->512K(727360K)] 1019373K->264507K(1414336K), 0.0267480 secs] [Times: user=0.10 sys=0.00, real=0.03 secs] 
2014-07-16T16:07:25.481+0000: 2759.802: [GC [PSYoungGen: 727298K->502K(700544K)] 991293K->264609K(1387520K), 0.0124360 secs] [Times: user=0.04 sys=0.00, real=0.02 secs] 
2014-07-16T16:07:27.044+0000: 2761.366: [GC [PSYoungGen: 700534K->676K(675200K)] 964641K->264879K(1362176K), 0.0053050 secs] [Times: user=0.02 sys=0.00, real=0.00 secs] 
2014-07-16T16:07:28.541+0000: 2762.862: [GC [PSYoungGen: 675172K->352K(650496K)] 939375K->264635K(1337472K), 0.0064780 secs] [Times: user=0.02 sys=0.00, real=0.01 secs] 
2014-07-16T16:07:29.984+0000: 2764.306: [GC [PSYoungGen: 650403K->776K(627712K)] 914686K->265155K(1314688K), 0.0188760 secs] [Times: user=0.06 sys=0.00, real=0.02 secs] 
2014-07-16T16:07:31.383+0000: 2765.704: [GC [PSYoungGen: 627620K->790K(753088K)] 891999K->265241K(1440064K), 0.0366140 secs] [Times: user=0.13 sys=0.00, real=0.03 secs] 
2014-07-16T16:07:33.105+0000: 2767.426: [GC [PSYoungGen: 753046K->548K(903296K)] 1017497K->265175K(1590272K), 0.0081450 secs] [Times: user=0.01 sys=0.00, real=0.01 secs] 
2014-07-16T16:07:35.049+0000: 2769.371: [GC [PSYoungGen: 903268K->466K(1083776K)] 1167895K->265261K(1770752K), 0.0282400 secs] [Times: user=0.10 sys=0.00, real=0.03 secs] 
2014-07-16T16:07:37.428+0000: 2771.749: [GC [PSYoungGen: 1083730K->708K(1300736K)] 1348525K->265639K(1987712K), 0.0140670 secs] [Times: user=0.05 sys=0.00, real=0.01 secs] 
2014-07-16T16:07:40.315+0000: 2774.636: [GC [PSYoungGen: 1300674K->576K(1246336K)] 1565605K->265595K(1933312K), 0.0201090 secs] [Times: user=0.07 sys=0.00, real=0.02 secs] 
2014-07-16T16:07:43.179+0000: 2777.501: [GC [PSYoungGen: 1246237K->872K(1195072K)] 1511256K->266051K(1882048K), 0.0181630 secs] [Times: user=0.07 sys=0.00, real=0.02 secs] 
2014-07-16T16:07:45.879+0000: 2780.201: [GC [PSYoungGen: 1195046K->722K(1145856K)] 1460225K->266157K(1832832K), 0.0228000 secs] [Times: user=0.09 sys=0.00, real=0.02 secs] 
2014-07-16T16:07:48.426+0000: 2782.748: [GC [PSYoungGen: 1145810K->530K(1098944K)] 1411245K->266149K(1785920K), 0.0098780 secs] [Times: user=0.03 sys=0.01, real=0.01 secs] 
2014-07-16T16:07:50.878+0000: 2785.200: [GC [PSYoungGen: 1098898K->384K(1054272K)] 1364517K->266147K(1741248K), 0.0065860 secs] [Times: user=0.01 sys=0.00, real=0.01 secs] 
2014-07-16T16:07:53.297+0000: 2787.618: [GC [PSYoungGen: 1054272K->872K(1012480K)] 1320035K->266755K(1699456K), 0.0073450 secs] [Times: user=0.02 sys=0.00, real=0.00 secs] 
2014-07-16T16:07:55.488+0000: 2789.809: [GC [PSYoungGen: 1012456K->352K(971712K)] 1278339K->266451K(1658688K), 0.0128590 secs] [Times: user=0.05 sys=0.00, real=0.01 secs] 
2014-07-16T16:07:57.633+0000: 2791.954: [GC [PSYoungGen: 971669K->192K(933184K)] 1237768K->266411K(1620160K), 0.0056880 secs] [Times: user=0.02 sys=0.00, real=0.01 secs] 
2014-07-16T16:07:59.691+0000: 2794.012: [GC [PSYoungGen: 933184K->338K(896832K)] 1199403K->266629K(1583808K), 0.0062060 secs] [Times: user=0.02 sys=0.00, real=0.01 secs] 
2014-07-16T16:08:01.680+0000: 2796.002: [GC [PSYoungGen: 896786K->466K(862208K)] 1163077K->266853K(1549184K), 0.0211840 secs] [Times: user=0.08 sys=0.00, real=0.02 secs] 
2014-07-16T16:08:03.659+0000: 2797.980: [GC [PSYoungGen: 862142K->708K(829312K)] 1128529K->267215K(1516288K), 0.0180190 secs] [Times: user=0.06 sys=0.00, real=0.02 secs] 
2014-07-16T16:08:05.465+0000: 2799.786: [GC [PSYoungGen: 829252K->562K(797568K)] 1095759K->267285K(1484544K), 0.0065440 secs] [Times: user=0.02 sys=0.00, real=0.01 secs] 
2014-07-16T16:08:07.212+0000: 2801.534: [GC [PSYoungGen: 797554K->352K(956800K)] 1064277K->267187K(1643776K), 0.0431540 secs] [Times: user=0.15 sys=0.00, real=0.04 secs] 
2014-07-16T16:08:09.383+0000: 2803.704: [GC [PSYoungGen: 956768K->566K(1148288K)] 1223603K->267481K(1835264K), 0.0238540 secs] [Times: user=0.08 sys=0.00, real=0.02 secs] 
2014-07-16T16:08:11.943+0000: 2806.265: [GC [PSYoungGen: 1148278K->800K(1101696K)] 1415193K->267835K(1788672K), 0.0180020 secs] [Times: user=0.07 sys=0.00, real=0.02 secs] 
2014-07-16T16:08:14.511+0000: 2808.833: [GC [PSYoungGen: 1101664K->690K(1057024K)] 1368699K->267893K(1744000K), 0.0099460 secs] [Times: user=0.02 sys=0.00, real=0.01 secs] 
2014-07-16T16:08:16.818+0000: 2811.140: [GC [PSYoungGen: 1057010K->320K(1014208K)] 1324213K->267811K(1701184K), 0.0342900 secs] [Times: user=0.13 sys=0.00, real=0.04 secs] 
2014-07-16T16:08:19.089+0000: 2813.410: [GC [PSYoungGen: 1014147K->662K(974208K)] 1281638K->268249K(1661184K), 0.0206020 secs] [Times: user=0.07 sys=0.00, real=0.02 secs] 
2014-07-16T16:08:21.213+0000: 2815.534: [GC [PSYoungGen: 974166K->370K(1168640K)] 1241753K->268053K(1855616K), 0.0257390 secs] [Times: user=0.09 sys=0.00, real=0.02 secs] 
2014-07-16T16:08:23.866+0000: 2818.187: [GC [PSYoungGen: 1168626K->562K(1121024K)] 1436309K->268341K(1808000K), 0.0051630 secs] [Times: user=0.01 sys=0.00, real=0.01 secs] 
2014-07-16T16:08:26.322+0000: 2820.643: [GC [PSYoungGen: 1121010K->498K(1075456K)] 1388789K->268541K(1762432K), 0.0161980 secs] [Times: user=0.05 sys=0.01, real=0.01 secs] 
2014-07-16T16:08:28.704+0000: 2823.026: [GC [PSYoungGen: 1075442K->448K(1032064K)] 1343485K->268635K(1719040K), 0.0137920 secs] [Times: user=0.04 sys=0.01, real=0.01 secs] 
2014-07-16T16:08:30.967+0000: 2825.289: [GC [PSYoungGen: 1032064K->306K(990720K)] 1300251K->268581K(1677696K), 0.0065000 secs] [Times: user=0.02 sys=0.00, real=0.01 secs] 
2014-07-16T16:08:33.155+0000: 2827.476: [GC [PSYoungGen: 990706K->320K(951488K)] 1258981K->268699K(1638464K), 0.0203910 secs] [Times: user=0.08 sys=0.00, real=0.02 secs] 
2014-07-16T16:08:35.269+0000: 2829.591: [GC [PSYoungGen: 951488K->630K(914432K)] 1219867K->269169K(1601408K), 0.0147910 secs] [Times: user=0.05 sys=0.00, real=0.02 secs] 
2014-07-16T16:08:37.382+0000: 2831.704: [GC [PSYoungGen: 914422K->416K(878656K)] 1182961K->269107K(1565632K), 0.0080240 secs] [Times: user=0.01 sys=0.00, real=0.01 secs] 
2014-07-16T16:08:39.329+0000: 2833.650: [GC [PSYoungGen: 878624K->384K(844672K)] 1147315K->269203K(1531648K), 0.0105200 secs] [Times: user=0.03 sys=0.00, real=0.01 secs] 
2014-07-16T16:08:41.187+0000: 2835.508: [GC [PSYoungGen: 844672K->288K(812288K)] 1113491K->269211K(1499264K), 0.0182630 secs] [Times: user=0.07 sys=0.00, real=0.02 secs] 
2014-07-16T16:08:42.983+0000: 2837.304: [GC [PSYoungGen: 812256K->416K(781632K)] 1081179K->269427K(1468608K), 0.0139970 secs] [Times: user=0.05 sys=0.00, real=0.01 secs] 
2014-07-16T16:08:44.765+0000: 2839.086: [GC [PSYoungGen: 781502K->708K(752640K)] 1050513K->269847K(1439616K), 0.0209700 secs] [Times: user=0.08 sys=0.00, real=0.02 secs] 
2014-07-16T16:08:46.387+0000: 2840.708: [GC [PSYoungGen: 752580K->224K(724160K)] 1021719K->269539K(1411136K), 0.0129040 secs] [Times: user=0.04 sys=0.00, real=0.01 secs] 
2014-07-16T16:08:48.036+0000: 2842.357: [GC [PSYoungGen: 724051K->370K(869120K)] 993366K->269765K(1556096K), 0.0285910 secs] [Times: user=0.11 sys=0.00, real=0.03 secs] 
2014-07-16T16:08:49.943+0000: 2844.264: [GC [PSYoungGen: 869106K->740K(1043264K)] 1138501K->270279K(1730240K), 0.0340180 secs] [Times: user=0.12 sys=0.00, real=0.04 secs] 
2014-07-16T16:08:52.252+0000: 2846.574: [GC [PSYoungGen: 1043236K->480K(1001216K)] 1312775K->270123K(1688192K), 0.0069190 secs] [Times: user=0.01 sys=0.00, real=0.01 secs] 
2014-07-16T16:08:54.485+0000: 2848.806: [GC [PSYoungGen: 1001184K->612K(961600K)] 1270827K->270399K(1648576K), 0.0088220 secs] [Times: user=0.03 sys=0.01, real=0.00 secs] 
2014-07-16T16:08:56.599+0000: 2850.920: [GC [PSYoungGen: 961572K->306K(923456K)] 1231359K->270261K(1610432K), 0.0053640 secs] [Times: user=0.02 sys=0.00, real=0.00 secs] 
2014-07-16T16:08:58.662+0000: 2852.983: [GC [PSYoungGen: 923433K->498K(887616K)] 1193388K->270565K(1574592K), 0.0077320 secs] [Times: user=0.01 sys=0.00, real=0.01 secs] 
2014-07-16T16:09:00.619+0000: 2854.940: [GC [PSYoungGen: 887602K->306K(853056K)] 1157669K->270485K(1540032K), 0.0348120 secs] [Times: user=0.13 sys=0.00, real=0.03 secs] 
2014-07-16T16:09:02.504+0000: 2856.826: [GC [PSYoungGen: 853042K->644K(820736K)] 1123221K->270919K(1507712K), 0.0236260 secs] [Times: user=0.08 sys=0.00, real=0.03 secs] 
2014-07-16T16:09:04.317+0000: 2858.639: [GC [PSYoungGen: 820661K->484K(789376K)] 1090936K->270895K(1476352K), 0.0142890 secs] [Times: user=0.05 sys=0.00, real=0.01 secs] 
2014-07-16T16:09:06.054+0000: 2860.375: [GC [PSYoungGen: 789348K->602K(759808K)] 1059759K->271141K(1446784K), 0.0080560 secs] [Times: user=0.01 sys=0.00, real=0.01 secs] 
2014-07-16T16:09:07.731+0000: 2862.052: [GC [PSYoungGen: 759767K->356K(731264K)] 1030306K->270975K(1418240K), 0.0212130 secs] [Times: user=0.08 sys=0.00, real=0.02 secs] 
2014-07-16T16:09:09.405+0000: 2863.727: [GC [PSYoungGen: 731236K->704K(877760K)] 1001855K->271419K(1564736K), 0.0714450 secs] [Times: user=0.27 sys=0.00, real=0.08 secs] 
2014-07-16T16:09:11.334+0000: 2865.655: [GC [PSYoungGen: 877760K->352K(1052864K)] 1148475K->271171K(1739840K), 0.0298000 secs] [Times: user=0.09 sys=0.00, real=0.03 secs] 
2014-07-16T16:09:13.662+0000: 2867.983: [GC [PSYoungGen: 1052832K->384K(1263360K)] 1323651K->271299K(1950336K), 0.0143530 secs] [Times: user=0.06 sys=0.00, real=0.01 secs] 
2014-07-16T16:09:16.461+0000: 2870.782: [GC [PSYoungGen: 1263360K->484K(1516096K)] 1534275K->271591K(2203072K), 0.0103590 secs] [Times: user=0.03 sys=0.00, real=0.01 secs] 
2014-07-16T16:09:19.872+0000: 2874.194: [GC [PSYoungGen: 1516068K->520K(1451456K)] 1787175K->271795K(2138432K), 0.0103400 secs] [Times: user=0.03 sys=0.01, real=0.01 secs] 
2014-07-16T16:09:23.062+0000: 2877.383: [GC [PSYoungGen: 1451400K->630K(1389952K)] 1722675K->272241K(2076928K), 0.0228480 secs] [Times: user=0.08 sys=0.00, real=0.02 secs] 
2014-07-16T16:09:26.135+0000: 2880.456: [GC [PSYoungGen: 1389942K->744K(1331520K)] 1661553K->272531K(2018496K), 0.0146950 secs] [Times: user=0.06 sys=0.00, real=0.01 secs] 
2014-07-16T16:09:29.077+0000: 2883.398: [GC [PSYoungGen: 1331496K->562K(1275648K)] 1603283K->272597K(1962624K), 0.0103790 secs] [Times: user=0.03 sys=0.00, real=0.01 secs] 
2014-07-16T16:09:31.875+0000: 2886.196: [GC [PSYoungGen: 1275634K->416K(1222528K)] 1547669K->272547K(1909504K), 0.0158390 secs] [Times: user=0.06 sys=0.00, real=0.02 secs] 
2014-07-16T16:09:34.600+0000: 2888.921: [GC [PSYoungGen: 1222496K->626K(1172288K)] 1494627K->272925K(1859264K), 0.0173270 secs] [Times: user=0.06 sys=0.00, real=0.02 secs] 
2014-07-16T16:09:37.198+0000: 2891.519: [GC [PSYoungGen: 1172274K->484K(1124160K)] 1444573K->272975K(1811136K), 0.0061740 secs] [Times: user=0.01 sys=0.01, real=0.01 secs] 
2014-07-16T16:09:39.716+0000: 2894.038: [GC [PSYoungGen: 1124132K->658K(1078656K)] 1396623K->273269K(1765632K), 0.0205580 secs] [Times: user=0.08 sys=0.00, real=0.02 secs] 
2014-07-16T16:09:42.144+0000: 2896.465: [GC [PSYoungGen: 1078610K->384K(1034880K)] 1351221K->273107K(1721856K), 0.0055440 secs] [Times: user=0.01 sys=0.00, real=0.00 secs] 
2014-07-16T16:09:44.419+0000: 2898.740: [GC [PSYoungGen: 1034880K->950K(994048K)] 1307603K->273873K(1681024K), 0.0129990 secs] [Times: user=0.03 sys=0.00, real=0.01 secs] 
2014-07-16T16:09:46.621+0000: 2900.942: [GC [PSYoungGen: 994038K->576K(954304K)] 1266961K->273667K(1641280K), 0.0115410 secs] [Times: user=0.04 sys=0.00, real=0.01 secs] 
2014-07-16T16:09:48.717+0000: 2903.038: [GC [PSYoungGen: 954304K->420K(916672K)] 1227395K->273615K(1603648K), 0.0062410 secs] [Times: user=0.02 sys=0.00, real=0.01 secs] 
2014-07-16T16:09:50.801+0000: 2905.122: [GC [PSYoungGen: 916644K->708K(881280K)] 1189839K->273975K(1568256K), 0.0041860 secs] [Times: user=0.01 sys=0.01, real=0.01 secs] 
2014-07-16T16:09:52.740+0000: 2907.061: [GC [PSYoungGen: 881220K->402K(846912K)] 1154487K->273789K(1533888K), 0.0330540 secs] [Times: user=0.12 sys=0.00, real=0.03 secs] 
2014-07-16T16:09:54.725+0000: 2909.046: [GC [PSYoungGen: 846866K->996K(815104K)] 1120253K->274583K(1502080K), 0.0349270 secs] [Times: user=0.12 sys=0.00, real=0.03 secs] 
2014-07-16T16:09:56.473+0000: 2910.794: [GC [PSYoungGen: 815012K->466K(977408K)] 1088599K->274253K(1664384K), 0.0261080 secs] [Times: user=0.10 sys=0.00, real=0.03 secs] 
2014-07-16T16:09:58.648+0000: 2912.970: [GC [PSYoungGen: 977362K->626K(1172928K)] 1251149K->274509K(1859904K), 0.0188910 secs] [Times: user=0.05 sys=0.00, real=0.02 secs] 
2014-07-16T16:10:01.259+0000: 2915.580: [GC [PSYoungGen: 1172914K->384K(1124672K)] 1446797K->274363K(1811648K), 0.0135170 secs] [Times: user=0.04 sys=0.00, real=0.01 secs] 
2014-07-16T16:10:03.768+0000: 2918.090: [GC [PSYoungGen: 1124672K->562K(1079168K)] 1398651K->274693K(1766144K), 0.0082730 secs] [Times: user=0.03 sys=0.00, real=0.01 secs] 
2014-07-16T16:10:06.197+0000: 2920.519: [GC [PSYoungGen: 1079154K->576K(1035648K)] 1353285K->274923K(1722624K), 0.0097270 secs] [Times: user=0.03 sys=0.00, real=0.01 secs] 
2014-07-16T16:10:08.533+0000: 2922.854: [GC [PSYoungGen: 1035648K->484K(994176K)] 1309995K->274991K(1681152K), 0.0171620 secs] [Times: user=0.05 sys=0.00, real=0.02 secs] 
2014-07-16T16:10:10.789+0000: 2925.111: [GC [PSYoungGen: 994148K->662K(954944K)] 1268655K->275289K(1641920K), 0.0180910 secs] [Times: user=0.07 sys=0.00, real=0.02 secs] 
2014-07-16T16:10:12.886+0000: 2927.207: [GC [PSYoungGen: 954858K->502K(917248K)] 1229485K->275281K(1604224K), 0.0112250 secs] [Times: user=0.04 sys=0.00, real=0.02 secs] 
2014-07-16T16:10:15.005+0000: 2929.327: [GC [PSYoungGen: 917238K->896K(881856K)] 1192017K->275819K(1568832K), 0.0061270 secs] [Times: user=0.02 sys=0.00, real=0.01 secs] 
2014-07-16T16:10:16.863+0000: 2931.185: [GC [PSYoungGen: 881822K->320K(847232K)] 1156745K->275403K(1534208K), 0.0228770 secs] [Times: user=0.08 sys=0.00, real=0.02 secs] 
2014-07-16T16:10:18.733+0000: 2933.054: [GC [PSYoungGen: 847232K->416K(814912K)] 1122315K->275587K(1501888K), 0.0097980 secs] [Times: user=0.03 sys=0.00, real=0.01 secs] 
2014-07-16T16:10:20.594+0000: 2934.916: [GC [PSYoungGen: 814880K->498K(784064K)] 1090051K->275757K(1471040K), 0.0193830 secs] [Times: user=0.07 sys=0.00, real=0.02 secs] 
2014-07-16T16:10:22.315+0000: 2936.637: [GC [PSYoungGen: 783964K->890K(755008K)] 1059223K->276277K(1441984K), 0.0056600 secs] [Times: user=0.02 sys=0.00, real=0.01 secs] 
2014-07-16T16:10:23.996+0000: 2938.317: [GC [PSYoungGen: 754986K->384K(726400K)] 1030373K->275915K(1413376K), 0.0237180 secs] [Times: user=0.07 sys=0.00, real=0.03 secs] 
2014-07-16T16:10:25.601+0000: 2939.922: [GC [PSYoungGen: 726400K->224K(699520K)] 1001931K->275891K(1386496K), 0.0175430 secs] [Times: user=0.06 sys=0.00, real=0.01 secs] 
2014-07-16T16:10:27.134+0000: 2941.455: [GC [PSYoungGen: 699488K->370K(674112K)] 975155K->276141K(1361088K), 0.0178270 secs] [Times: user=0.07 sys=0.00, real=0.02 secs] 
2014-07-16T16:10:28.618+0000: 2942.939: [GC [PSYoungGen: 674097K->288K(649728K)] 949868K->276123K(1336704K), 0.0130600 secs] [Times: user=0.05 sys=0.00, real=0.02 secs] 
2014-07-16T16:10:30.104+0000: 2944.425: [GC [PSYoungGen: 649696K->868K(627072K)] 925531K->276743K(1314048K), 0.0076420 secs] [Times: user=0.01 sys=0.00, real=0.01 secs] 
2014-07-16T16:10:31.453+0000: 2945.774: [GC [PSYoungGen: 627044K->552K(604608K)] 902919K->276499K(1291584K), 0.0162190 secs] [Times: user=0.05 sys=0.00, real=0.01 secs] 
2014-07-16T16:10:32.835+0000: 2947.157: [GC [PSYoungGen: 604584K->676K(583616K)] 880531K->276719K(1270592K), 0.0060980 secs] [Times: user=0.01 sys=0.01, real=0.01 secs] 
2014-07-16T16:10:34.130+0000: 2948.451: [GC [PSYoungGen: 583585K->498K(700032K)] 859628K->276669K(1387008K), 0.0310040 secs] [Times: user=0.12 sys=0.00, real=0.04 secs] 
2014-07-16T16:10:35.699+0000: 2950.021: [GC [PSYoungGen: 700018K->598K(840064K)] 976189K->276897K(1527040K), 0.0259900 secs] [Times: user=0.09 sys=0.01, real=0.03 secs] 
2014-07-16T16:10:37.543+0000: 2951.865: [GC [PSYoungGen: 840022K->256K(1007616K)] 1116321K->276651K(1694592K), 0.0192830 secs] [Times: user=0.07 sys=0.00, real=0.02 secs] 
2014-07-16T16:10:39.767+0000: 2954.088: [GC [PSYoungGen: 1007616K->502K(1209344K)] 1284011K->276985K(1896320K), 0.0260860 secs] [Times: user=0.10 sys=0.00, real=0.03 secs] 
2014-07-16T16:10:42.468+0000: 2956.789: [GC [PSYoungGen: 1209334K->352K(1451008K)] 1485817K->276907K(2137984K), 0.0203440 secs] [Times: user=0.08 sys=0.00, real=0.02 secs] 
2014-07-16T16:10:45.756+0000: 2960.077: [GC [PSYoungGen: 1450944K->758K(1389824K)] 1727499K->277529K(2076800K), 0.0215270 secs] [Times: user=0.08 sys=0.00, real=0.02 secs] 
2014-07-16T16:10:48.808+0000: 2963.129: [GC [PSYoungGen: 1389814K->288K(1330816K)] 1666585K->277315K(2017792K), 0.0062860 secs] [Times: user=0.02 sys=0.00, real=0.01 secs] 
2014-07-16T16:10:51.844+0000: 2966.165: [GC [PSYoungGen: 1330784K->1010K(1275840K)] 1607811K->278125K(1962816K), 0.0109990 secs] [Times: user=0.03 sys=0.00, real=0.01 secs] 
2014-07-16T16:10:54.659+0000: 2968.981: [GC [PSYoungGen: 1275826K->562K(1222400K)] 1552941K->277893K(1909376K), 0.0159400 secs] [Times: user=0.05 sys=0.01, real=0.02 secs] 
2014-07-16T16:10:57.422+0000: 2971.743: [GC [PSYoungGen: 1222386K->598K(1172032K)] 1499717K->278129K(1859008K), 0.0050740 secs] [Times: user=0.01 sys=0.00, real=0.01 secs] 
2014-07-16T16:10:59.984+0000: 2974.306: [GC [PSYoungGen: 1171915K->292K(1123712K)] 1449446K->277975K(1810688K), 0.0252070 secs] [Times: user=0.09 sys=0.00, real=0.02 secs] 
2014-07-16T16:11:02.489+0000: 2976.811: [GC [PSYoungGen: 1123684K->520K(1078336K)] 1401367K->278259K(1765312K), 0.0278590 secs] [Times: user=0.10 sys=0.00, real=0.03 secs] 
2014-07-16T16:11:04.870+0000: 2979.191: [GC [PSYoungGen: 1078280K->640K(1034944K)] 1356019K->278563K(1721920K), 0.0234110 secs] [Times: user=0.07 sys=0.00, real=0.02 secs] 
2014-07-16T16:11:07.201+0000: 2981.523: [GC [PSYoungGen: 1034944K->484K(993472K)] 1312867K->278591K(1680448K), 0.0125240 secs] [Times: user=0.04 sys=0.00, real=0.01 secs] 
2014-07-16T16:11:09.390+0000: 2983.711: [GC [PSYoungGen: 993444K->498K(954112K)] 1271551K->278749K(1641088K), 0.0111050 secs] [Times: user=0.03 sys=0.00, real=0.01 secs] 
2014-07-16T16:11:11.519+0000: 2985.841: [GC [PSYoungGen: 954032K->562K(916672K)] 1232283K->278909K(1603648K), 0.0341100 secs] [Times: user=0.12 sys=0.00, real=0.03 secs] 
2014-07-16T16:11:13.527+0000: 2987.848: [GC [PSYoungGen: 916627K->338K(1099712K)] 1194974K->278805K(1786688K), 0.0290500 secs] [Times: user=0.11 sys=0.00, real=0.03 secs] 
2014-07-16T16:11:16.029+0000: 2990.350: [GC [PSYoungGen: 1099666K->580K(1319872K)] 1378133K->279183K(2006848K), 0.0340810 secs] [Times: user=0.12 sys=0.00, real=0.03 secs] 
2014-07-16T16:11:18.981+0000: 2993.302: [GC [PSYoungGen: 1319812K->370K(1264448K)] 1598415K->279157K(1951424K), 0.0096060 secs] [Times: user=0.02 sys=0.00, real=0.01 secs] 
2014-07-16T16:11:21.779+0000: 2996.100: [GC [PSYoungGen: 1264434K->416K(1212032K)] 1543221K->279371K(1899008K), 0.0081430 secs] [Times: user=0.02 sys=0.00, real=0.00 secs] 
2014-07-16T16:11:24.446+0000: 2998.768: [GC [PSYoungGen: 1212000K->584K(1162304K)] 1490955K->279675K(1849280K), 0.0247600 secs] [Times: user=0.09 sys=0.00, real=0.03 secs] 
2014-07-16T16:11:27.048+0000: 3001.370: [GC [PSYoungGen: 1162156K->434K(1114624K)] 1441247K->279701K(1801600K), 0.0198700 secs] [Times: user=0.07 sys=0.00, real=0.02 secs] 
2014-07-16T16:11:29.534+0000: 3003.856: [GC [PSYoungGen: 1114610K->288K(1069312K)] 1393877K->279707K(1756288K), 0.0062960 secs] [Times: user=0.02 sys=0.00, real=0.01 secs] 
2014-07-16T16:11:31.997+0000: 3006.318: [GC [PSYoungGen: 1069280K->804K(1026816K)] 1348699K->280375K(1713792K), 0.0325300 secs] [Times: user=0.12 sys=0.00, real=0.04 secs] 
2014-07-16T16:11:34.290+0000: 3008.611: [GC [PSYoungGen: 1026788K->530K(985600K)] 1306359K->280317K(1672576K), 0.0061970 secs] [Times: user=0.01 sys=0.00, real=0.00 secs] 
2014-07-16T16:11:36.512+0000: 3010.834: [GC [PSYoungGen: 985554K->498K(946560K)] 1265341K->280477K(1633536K), 0.0215050 secs] [Times: user=0.08 sys=0.00, real=0.02 secs] 
2014-07-16T16:11:38.627+0000: 3012.949: [GC [PSYoungGen: 946500K->498K(909440K)] 1226479K->280621K(1596416K), 0.0213390 secs] [Times: user=0.07 sys=0.01, real=0.02 secs] 
2014-07-16T16:11:40.630+0000: 3014.952: [GC [PSYoungGen: 909426K->288K(873856K)] 1189549K->280507K(1560832K), 0.0220520 secs] [Times: user=0.08 sys=0.00, real=0.02 secs] 
2014-07-16T16:11:42.565+0000: 3016.886: [GC [PSYoungGen: 873756K->416K(840320K)] 1153975K->280723K(1527296K), 0.0059900 secs] [Times: user=0.02 sys=0.00, real=0.01 secs] 
2014-07-16T16:11:44.424+0000: 3018.745: [GC [PSYoungGen: 840285K->826K(808576K)] 1120592K->281269K(1495552K), 0.0183320 secs] [Times: user=0.07 sys=0.00, real=0.02 secs] 
2014-07-16T16:11:46.303+0000: 3020.625: [GC [PSYoungGen: 808570K->562K(777728K)] 1089013K->281157K(1464704K), 0.0129290 secs] [Times: user=0.05 sys=0.00, real=0.01 secs] 
2014-07-16T16:11:48.007+0000: 3022.329: [GC [PSYoungGen: 777714K->338K(748416K)] 1058309K->281053K(1435392K), 0.0202700 secs] [Times: user=0.07 sys=0.00, real=0.02 secs] 
2014-07-16T16:11:49.701+0000: 3024.022: [GC [PSYoungGen: 748282K->694K(720960K)] 1028997K->281489K(1407936K), 0.0131420 secs] [Times: user=0.04 sys=0.01, real=0.02 secs] 
2014-07-16T16:11:51.317+0000: 3025.639: [GC [PSYoungGen: 720950K->786K(694592K)] 1001745K->281677K(1381568K), 0.0145920 secs] [Times: user=0.05 sys=0.00, real=0.02 secs] 
2014-07-16T16:11:52.840+0000: 3027.161: [GC [PSYoungGen: 694545K->370K(832896K)] 975436K->281373K(1519872K), 0.0228740 secs] [Times: user=0.08 sys=0.01, real=0.03 secs] 
2014-07-16T16:11:54.673+0000: 3028.995: [GC [PSYoungGen: 832882K->534K(801344K)] 1113885K->281665K(1488320K), 0.0148740 secs] [Times: user=0.06 sys=0.00, real=0.01 secs] 
2014-07-16T16:11:56.463+0000: 3030.784: [GC [PSYoungGen: 801302K->690K(771200K)] 1082433K->281949K(1458176K), 0.0159440 secs] [Times: user=0.06 sys=0.00, real=0.02 secs] 
2014-07-16T16:11:58.159+0000: 3032.481: [GC [PSYoungGen: 771186K->512K(742144K)] 1052445K->281875K(1429120K), 0.0136550 secs] [Times: user=0.05 sys=0.00, real=0.02 secs] 
2014-07-16T16:11:59.836+0000: 3034.158: [GC [PSYoungGen: 742144K->448K(714624K)] 1023507K->281875K(1401600K), 0.0111920 secs] [Times: user=0.05 sys=0.00, real=0.01 secs] 
2014-07-16T16:12:01.575+0000: 3035.896: [GC [PSYoungGen: 714624K->544K(688576K)] 996051K->282059K(1375552K), 0.0080340 secs] [Times: user=0.02 sys=0.00, real=0.00 secs] 
2014-07-16T16:12:03.088+0000: 3037.409: [GC [PSYoungGen: 688544K->452K(663488K)] 970059K->282167K(1350464K), 0.0119220 secs] [Times: user=0.05 sys=0.00, real=0.01 secs] 
2014-07-16T16:12:04.593+0000: 3038.914: [GC [PSYoungGen: 663428K->466K(639680K)] 945143K->282301K(1326656K), 0.0049730 secs] [Times: user=0.02 sys=0.00, real=0.01 secs] 
2014-07-16T16:12:06.000+0000: 3040.321: [GC [PSYoungGen: 639634K->320K(616768K)] 921469K->282275K(1303744K), 0.0180100 secs] [Times: user=0.06 sys=0.00, real=0.02 secs] 
2014-07-16T16:12:07.408+0000: 3041.729: [GC [PSYoungGen: 616768K->434K(595200K)] 898723K->282461K(1282176K), 0.0169260 secs] [Times: user=0.07 sys=0.00, real=0.02 secs] 
2014-07-16T16:12:08.753+0000: 3043.074: [GC [PSYoungGen: 595186K->530K(574592K)] 877213K->282637K(1261568K), 0.0154920 secs] [Times: user=0.05 sys=0.00, real=0.02 secs] 
2014-07-16T16:12:10.011+0000: 3044.332: [GC [PSYoungGen: 574546K->384K(554624K)] 856653K->282539K(1241600K), 0.0064720 secs] [Times: user=0.02 sys=0.00, real=0.01 secs] 
2014-07-16T16:12:11.252+0000: 3045.573: [GC [PSYoungGen: 554624K->726K(536128K)] 836779K->282937K(1223104K), 0.0106380 secs] [Times: user=0.04 sys=0.00, real=0.01 secs] 
2014-07-16T16:12:12.476+0000: 3046.798: [GC [PSYoungGen: 536086K->534K(643008K)] 818297K->282833K(1329984K), 0.0205720 secs] [Times: user=0.08 sys=0.00, real=0.02 secs] 
2014-07-16T16:12:13.905+0000: 3048.226: [GC [PSYoungGen: 642954K->502K(771456K)] 925253K->283017K(1458432K), 0.0199960 secs] [Times: user=0.07 sys=0.00, real=0.02 secs] 
2014-07-16T16:12:15.621+0000: 3049.943: [GC [PSYoungGen: 771446K->530K(925760K)] 1053961K->283173K(1612736K), 0.0301290 secs] [Times: user=0.11 sys=0.00, real=0.03 secs] 
2014-07-16T16:12:17.702+0000: 3052.024: [GC [PSYoungGen: 925714K->598K(1110912K)] 1208357K->283361K(1797888K), 0.0082690 secs] [Times: user=0.03 sys=0.00, real=0.01 secs] 
2014-07-16T16:12:20.185+0000: 3054.507: [GC [PSYoungGen: 1110870K->434K(1332800K)] 1393633K->283293K(2019776K), 0.0217040 secs] [Times: user=0.08 sys=0.00, real=0.03 secs] 
2014-07-16T16:12:23.156+0000: 3057.477: [GC [PSYoungGen: 1332786K->626K(1277184K)] 1615645K->283605K(1964160K), 0.0126140 secs] [Times: user=0.04 sys=0.00, real=0.02 secs] 
2014-07-16T16:12:25.936+0000: 3060.257: [GC [PSYoungGen: 1277170K->352K(1223872K)] 1560149K->283531K(1910848K), 0.0048070 secs] [Times: user=0.02 sys=0.00, real=0.01 secs] 
2014-07-16T16:12:28.651+0000: 3062.973: [GC [PSYoungGen: 1223840K->402K(1173440K)] 1507019K->283741K(1860416K), 0.0147940 secs] [Times: user=0.05 sys=0.00, real=0.01 secs] 
2014-07-16T16:12:31.274+0000: 3065.596: [GC [PSYoungGen: 1173389K->448K(1125376K)] 1456728K->283907K(1812352K), 0.0207650 secs] [Times: user=0.08 sys=0.00, real=0.02 secs] 
2014-07-16T16:12:33.788+0000: 3068.109: [GC [PSYoungGen: 1125376K->512K(1079680K)] 1408835K->284131K(1766656K), 0.0114050 secs] [Times: user=0.03 sys=0.00, real=0.02 secs] 
2014-07-16T16:12:36.167+0000: 3070.489: [GC [PSYoungGen: 1079680K->466K(1036160K)] 1363299K->284301K(1723136K), 0.0413090 secs] [Times: user=0.15 sys=0.00, real=0.04 secs] 
2014-07-16T16:12:38.511+0000: 3072.832: [GC [PSYoungGen: 1036114K->288K(994560K)] 1319949K->284235K(1681536K), 0.0111100 secs] [Times: user=0.04 sys=0.00, real=0.01 secs] 
2014-07-16T16:12:40.737+0000: 3075.058: [GC [PSYoungGen: 994528K->712K(955584K)] 1278475K->284771K(1642560K), 0.0103250 secs] [Times: user=0.02 sys=0.00, real=0.01 secs] 
2014-07-16T16:12:42.962+0000: 3077.283: [GC [PSYoungGen: 955528K->498K(917760K)] 1239587K->284677K(1604736K), 0.0049770 secs] [Times: user=0.02 sys=0.00, real=0.00 secs] 
2014-07-16T16:12:44.972+0000: 3079.293: [GC [PSYoungGen: 917746K->548K(882048K)] 1201925K->284983K(1569024K), 0.0208570 secs] [Times: user=0.08 sys=0.00, real=0.02 secs] 
2014-07-16T16:12:46.977+0000: 3081.299: [GC [PSYoungGen: 882020K->630K(848064K)] 1166455K->285369K(1535040K), 0.0052670 secs] [Times: user=0.02 sys=0.01, real=0.01 secs] 
2014-07-16T16:12:48.799+0000: 3083.121: [GC [PSYoungGen: 848054K->612K(815616K)] 1132793K->285471K(1502592K), 0.0110810 secs] [Times: user=0.04 sys=0.00, real=0.01 secs] 
2014-07-16T16:12:50.645+0000: 3084.967: [GC [PSYoungGen: 815588K->256K(784320K)] 1100447K->285219K(1471296K), 0.0231970 secs] [Times: user=0.09 sys=0.00, real=0.02 secs] 
2014-07-16T16:12:52.440+0000: 3086.762: [GC [PSYoungGen: 784320K->594K(755200K)] 1069283K->285669K(1442176K), 0.0292500 secs] [Times: user=0.10 sys=0.01, real=0.03 secs] 
2014-07-16T16:12:54.113+0000: 3088.434: [GC [PSYoungGen: 755150K->448K(726912K)] 1040225K->285691K(1413888K), 0.0145220 secs] [Times: user=0.05 sys=0.00, real=0.01 secs] 
2014-07-16T16:12:55.713+0000: 3090.035: [GC [PSYoungGen: 726912K->480K(872320K)] 1012155K->285891K(1559296K), 0.0255140 secs] [Times: user=0.08 sys=0.00, real=0.02 secs] 
2014-07-16T16:12:57.656+0000: 3091.977: [GC [PSYoungGen: 872287K->452K(1046720K)] 1157698K->285967K(1733696K), 0.0193620 secs] [Times: user=0.07 sys=0.00, real=0.02 secs] 
2014-07-16T16:12:59.981+0000: 3094.302: [GC [PSYoungGen: 1046660K->320K(1004608K)] 1332175K->285931K(1691584K), 0.0072740 secs] [Times: user=0.01 sys=0.00, real=0.01 secs] 
2014-07-16T16:13:02.263+0000: 3096.584: [GC [PSYoungGen: 1004555K->726K(965120K)] 1290166K->286425K(1652096K), 0.0150390 secs] [Times: user=0.05 sys=0.00, real=0.02 secs] 
2014-07-16T16:13:04.378+0000: 3098.699: [GC [PSYoungGen: 965058K->320K(1157568K)] 1250757K->286179K(1844544K), 0.0407910 secs] [Times: user=0.15 sys=0.00, real=0.04 secs] 
2014-07-16T16:13:06.951+0000: 3101.272: [GC [PSYoungGen: 1157568K->420K(1110400K)] 1443427K->286431K(1797376K), 0.0052800 secs] [Times: user=0.01 sys=0.00, real=0.01 secs] 
2014-07-16T16:13:09.434+0000: 3103.755: [GC [PSYoungGen: 1110372K->320K(1065280K)] 1396383K->286435K(1752256K), 0.0188140 secs] [Times: user=0.07 sys=0.00, real=0.02 secs] 
2014-07-16T16:13:11.786+0000: 3106.107: [GC [PSYoungGen: 1065280K->484K(1022656K)] 1351395K->286719K(1709632K), 0.0114780 secs] [Times: user=0.04 sys=0.00, real=0.01 secs] 
2014-07-16T16:13:14.086+0000: 3108.407: [GC [PSYoungGen: 1022628K->704K(982080K)] 1308863K->287067K(1669056K), 0.0345500 secs] [Times: user=0.12 sys=0.00, real=0.03 secs] 
2014-07-16T16:13:16.344+0000: 3110.665: [GC [PSYoungGen: 982080K->484K(1178176K)] 1268443K->287031K(1865152K), 0.0381240 secs] [Times: user=0.14 sys=0.00, real=0.04 secs] 
2014-07-16T16:13:19.040+0000: 3113.362: [GC [PSYoungGen: 1178148K->598K(1413888K)] 1464695K->287281K(2100864K), 0.0213060 secs] [Times: user=0.08 sys=0.00, real=0.02 secs] 
2014-07-16T16:13:22.212+0000: 3116.533: [GC [PSYoungGen: 1413846K->512K(1354048K)] 1700529K->287411K(2041024K), 0.0132700 secs] [Times: user=0.04 sys=0.00, real=0.01 secs] 
2014-07-16T16:13:25.271+0000: 3119.593: [GC [PSYoungGen: 1354048K->836K(1297600K)] 1640947K->287935K(1984576K), 0.0229840 secs] [Times: user=0.09 sys=0.00, real=0.02 secs] 
2014-07-16T16:13:28.148+0000: 3122.470: [GC [PSYoungGen: 1297540K->384K(1243008K)] 1584639K->287715K(1929984K), 0.0216450 secs] [Times: user=0.07 sys=0.00, real=0.02 secs] 
2014-07-16T16:13:30.895+0000: 3125.217: [GC [PSYoungGen: 1243008K->630K(1191808K)] 1530339K->288073K(1878784K), 0.0270410 secs] [Times: user=0.10 sys=0.00, real=0.03 secs] 
2014-07-16T16:13:33.535+0000: 3127.857: [GC [PSYoungGen: 1191798K->484K(1142720K)] 1479241K->288031K(1829696K), 0.0126730 secs] [Times: user=0.04 sys=0.00, real=0.02 secs] 
2014-07-16T16:13:36.133+0000: 3130.454: [GC [PSYoungGen: 1142692K->708K(1096384K)] 1430239K->288519K(1783360K), 0.0204920 secs] [Times: user=0.08 sys=0.01, real=0.02 secs] 
2014-07-16T16:13:38.535+0000: 3132.857: [GC [PSYoungGen: 1096316K->598K(1051968K)] 1384127K->288577K(1738944K), 0.0067070 secs] [Times: user=0.01 sys=0.00, real=0.01 secs] 
2014-07-16T16:13:40.844+0000: 3135.166: [GC [PSYoungGen: 1051926K->352K(1009536K)] 1339905K->288443K(1696512K), 0.0187290 secs] [Times: user=0.07 sys=0.00, real=0.02 secs] 
2014-07-16T16:13:43.102+0000: 3137.424: [GC [PSYoungGen: 1009504K->512K(969472K)] 1297595K->288699K(1656448K), 0.0234020 secs] [Times: user=0.09 sys=0.00, real=0.02 secs] 
2014-07-16T16:13:45.274+0000: 3139.595: [GC [PSYoungGen: 969472K->466K(931264K)] 1257659K->288837K(1618240K), 0.0081710 secs] [Times: user=0.02 sys=0.00, real=0.01 secs] 
2014-07-16T16:13:47.512+0000: 3141.834: [GC [PSYoungGen: 931218K->690K(895040K)] 1219589K->289229K(1582016K), 0.0233460 secs] [Times: user=0.09 sys=0.00, real=0.02 secs] 
2014-07-16T16:13:49.512+0000: 3143.833: [GC [PSYoungGen: 894950K->616K(860288K)] 1183489K->289323K(1547264K), 0.0153440 secs] [Times: user=0.06 sys=0.00, real=0.01 secs] 
2014-07-16T16:13:51.441+0000: 3145.762: [GC [PSYoungGen: 860218K->484K(827136K)] 1148925K->289391K(1514112K), 0.0153880 secs] [Times: user=0.05 sys=0.00, real=0.01 secs] 
2014-07-16T16:13:53.307+0000: 3147.628: [GC [PSYoungGen: 827051K->448K(795584K)] 1115958K->289467K(1482560K), 0.0217060 secs] [Times: user=0.07 sys=0.00, real=0.02 secs] 
2014-07-16T16:13:55.086+0000: 3149.407: [GC [PSYoungGen: 795584K->822K(765952K)] 1084603K->290017K(1452928K), 0.0059140 secs] [Times: user=0.02 sys=0.00, real=0.01 secs] 
2014-07-16T16:13:56.827+0000: 3151.148: [GC [PSYoungGen: 765895K->694K(918848K)] 1055090K->290009K(1605824K), 0.0329300 secs] [Times: user=0.10 sys=0.00, real=0.03 secs] 
2014-07-16T16:13:58.885+0000: 3153.206: [GC [PSYoungGen: 918838K->402K(882752K)] 1208153K->289829K(1569728K), 0.0066120 secs] [Times: user=0.02 sys=0.00, real=0.01 secs] 
2014-07-16T16:14:00.838+0000: 3155.159: [GC [PSYoungGen: 882706K->256K(848448K)] 1172133K->289779K(1535424K), 0.0046660 secs] [Times: user=0.02 sys=0.00, real=0.01 secs] 
2014-07-16T16:14:02.730+0000: 3157.052: [GC [PSYoungGen: 848448K->384K(816064K)] 1137971K->289979K(1503040K), 0.0127180 secs] [Times: user=0.03 sys=0.00, real=0.02 secs] 
2014-07-16T16:14:04.527+0000: 3158.848: [GC [PSYoungGen: 816064K->320K(785024K)] 1105659K->290075K(1472000K), 0.0169410 secs] [Times: user=0.06 sys=0.00, real=0.02 secs] 
2014-07-16T16:14:06.261+0000: 3160.582: [GC [PSYoungGen: 785024K->384K(755584K)] 1074779K->290299K(1442560K), 0.0069280 secs] [Times: user=0.01 sys=0.00, real=0.01 secs] 
2014-07-16T16:14:08.070+0000: 3162.391: [GC [PSYoungGen: 755584K->900K(728064K)] 1045499K->290927K(1415040K), 0.0151470 secs] [Times: user=0.05 sys=0.01, real=0.02 secs] 
2014-07-16T16:14:09.649+0000: 3163.970: [GC [PSYoungGen: 728004K->384K(700672K)] 1018031K->290547K(1387648K), 0.0267740 secs] [Times: user=0.09 sys=0.00, real=0.03 secs] 
2014-07-16T16:14:11.215+0000: 3165.536: [GC [PSYoungGen: 700672K->484K(675264K)] 990835K->290695K(1362240K), 0.0060730 secs] [Times: user=0.02 sys=0.00, real=0.00 secs] 
2014-07-16T16:14:12.693+0000: 3167.014: [GC [PSYoungGen: 675236K->548K(650944K)] 965447K->290855K(1337920K), 0.0068340 secs] [Times: user=0.01 sys=0.00, real=0.01 secs] 
2014-07-16T16:14:14.139+0000: 3168.461: [GC [PSYoungGen: 650916K->384K(627520K)] 941223K->290787K(1314496K), 0.0054090 secs] [Times: user=0.02 sys=0.00, real=0.01 secs] 
2014-07-16T16:14:15.508+0000: 3169.829: [GC [PSYoungGen: 627520K->352K(752960K)] 917923K->290915K(1439936K), 0.0303820 secs] [Times: user=0.10 sys=0.00, real=0.03 secs] 
2014-07-16T16:14:17.203+0000: 3171.524: [GC [PSYoungGen: 752928K->652K(725312K)] 1043491K->291311K(1412288K), 0.0104480 secs] [Times: user=0.01 sys=0.00, real=0.01 secs] 
2014-07-16T16:14:18.957+0000: 3173.278: [GC [PSYoungGen: 725260K->658K(698624K)] 1015919K->291405K(1385600K), 0.0146830 secs] [Times: user=0.06 sys=0.00, real=0.01 secs] 
2014-07-16T16:14:20.466+0000: 3174.787: [GC [PSYoungGen: 698578K->260K(672768K)] 989325K->291127K(1359744K), 0.0082810 secs] [Times: user=0.02 sys=0.00, real=0.00 secs] 
2014-07-16T16:14:21.960+0000: 3176.281: [GC [PSYoungGen: 672708K->338K(807360K)] 963575K->291253K(1494336K), 0.0270290 secs] [Times: user=0.11 sys=0.00, real=0.03 secs] 
2014-07-16T16:14:23.771+0000: 3178.092: [GC [PSYoungGen: 807312K->516K(968960K)] 1098227K->291535K(1655936K), 0.0189070 secs] [Times: user=0.07 sys=0.00, real=0.02 secs] 
2014-07-16T16:14:25.924+0000: 3180.245: [GC [PSYoungGen: 968900K->630K(1162752K)] 1259919K->291841K(1849728K), 0.0371130 secs] [Times: user=0.13 sys=0.00, real=0.04 secs] 
2014-07-16T16:14:28.535+0000: 3182.857: [GC [PSYoungGen: 1162740K->562K(1395136K)] 1453951K->291901K(2082112K), 0.0100380 secs] [Times: user=0.03 sys=0.00, real=0.01 secs] 
2014-07-16T16:14:31.646+0000: 3185.968: [GC [PSYoungGen: 1395122K->736K(1336512K)] 1686461K->292211K(2023488K), 0.0202420 secs] [Times: user=0.07 sys=0.00, real=0.02 secs] 
2014-07-16T16:14:34.713+0000: 3189.035: [GC [PSYoungGen: 1336480K->672K(1280512K)] 1627955K->292315K(1967488K), 0.0276050 secs] [Times: user=0.09 sys=0.01, real=0.03 secs] 
2014-07-16T16:14:37.515+0000: 3191.836: [GC [PSYoungGen: 1280480K->320K(1226880K)] 1572123K->292243K(1913856K), 0.0248320 secs] [Times: user=0.09 sys=0.00, real=0.03 secs] 
2014-07-16T16:14:40.267+0000: 3194.589: [GC [PSYoungGen: 1226880K->452K(1176448K)] 1518803K->292495K(1863424K), 0.0119560 secs] [Times: user=0.04 sys=0.00, real=0.02 secs] 
2014-07-16T16:14:42.850+0000: 3197.172: [GC [PSYoungGen: 1176388K->256K(1128000K)] 1468431K->292419K(1814976K), 0.0056540 secs] [Times: user=0.02 sys=0.01, real=0.00 secs] 
2014-07-16T16:14:45.390+0000: 3199.712: [GC [PSYoungGen: 1128000K->662K(1082560K)] 1420163K->292977K(1769536K), 0.0279320 secs] [Times: user=0.10 sys=0.00, real=0.03 secs] 
2014-07-16T16:14:47.816+0000: 3202.137: [GC [PSYoungGen: 1082472K->534K(1038784K)] 1374787K->293041K(1725760K), 0.0094450 secs] [Times: user=0.03 sys=0.00, real=0.01 secs] 
2014-07-16T16:14:50.233+0000: 3204.555: [GC [PSYoungGen: 1038653K->498K(997184K)] 1331161K->293101K(1684160K), 0.0147550 secs] [Times: user=0.05 sys=0.00, real=0.01 secs] 
2014-07-16T16:14:52.480+0000: 3206.801: [GC [PSYoungGen: 997170K->420K(957568K)] 1289773K->293167K(1644544K), 0.0048870 secs] [Times: user=0.02 sys=0.00, real=0.00 secs] 
2014-07-16T16:14:54.626+0000: 3208.947: [GC [PSYoungGen: 957540K->416K(919872K)] 1250287K->293347K(1606848K), 0.0208420 secs] [Times: user=0.07 sys=0.00, real=0.02 secs] 
2014-07-16T16:14:56.655+0000: 3210.976: [GC [PSYoungGen: 919840K->384K(883904K)] 1212771K->293499K(1570880K), 0.0302930 secs] [Times: user=0.10 sys=0.00, real=0.03 secs] 
2014-07-16T16:14:58.656+0000: 3212.977: [GC [PSYoungGen: 883904K->530K(849920K)] 1177019K->293733K(1536896K), 0.0272180 secs] [Times: user=0.09 sys=0.00, real=0.03 secs] 
2014-07-16T16:15:00.529+0000: 3214.850: [GC [PSYoungGen: 849844K->406K(817216K)] 1143047K->293721K(1504192K), 0.0172180 secs] [Times: user=0.06 sys=0.00, real=0.02 secs] 
2014-07-16T16:15:02.453+0000: 3216.774: [GC [PSYoungGen: 817174K->594K(980800K)] 1110489K->293989K(1667776K), 0.0218210 secs] [Times: user=0.08 sys=0.00, real=0.02 secs] 
2014-07-16T16:15:04.633+0000: 3218.954: [GC [PSYoungGen: 980754K->384K(1176576K)] 1274149K->293995K(1863552K), 0.0299550 secs] [Times: user=0.11 sys=0.00, real=0.03 secs] 
2014-07-16T16:15:07.245+0000: 3221.566: [GC [PSYoungGen: 1176576K->320K(1128320K)] 1470187K->294083K(1815296K), 0.0078580 secs] [Times: user=0.01 sys=0.00, real=0.01 secs] 
2014-07-16T16:15:09.747+0000: 3224.069: [GC [PSYoungGen: 1128320K->516K(1082688K)] 1422083K->294375K(1769664K), 0.0049100 secs] [Times: user=0.01 sys=0.00, real=0.01 secs] 
2014-07-16T16:15:12.200+0000: 3226.521: [GC [PSYoungGen: 1082628K->754K(1039232K)] 1376487K->294765K(1726208K), 0.0179170 secs] [Times: user=0.06 sys=0.00, real=0.02 secs] 
2014-07-16T16:15:14.555+0000: 3228.876: [GC [PSYoungGen: 1039218K->256K(997184K)] 1333229K->294681K(1684160K), 0.0097730 secs] [Times: user=0.03 sys=0.00, real=0.01 secs] 
2014-07-16T16:15:16.765+0000: 3231.087: [GC [PSYoungGen: 997184K->320K(957696K)] 1291609K->294929K(1644672K), 0.0145200 secs] [Times: user=0.05 sys=0.00, real=0.01 secs] 
2014-07-16T16:15:18.950+0000: 3233.271: [GC [PSYoungGen: 957696K->530K(920256K)] 1252305K->295251K(1607232K), 0.0050310 secs] [Times: user=0.02 sys=0.00, real=0.01 secs] 
2014-07-16T16:15:20.938+0000: 3235.259: [GC [PSYoungGen: 920210K->370K(884160K)] 1214931K->295187K(1571136K), 0.0097600 secs] [Times: user=0.03 sys=0.00, real=0.01 secs] 
2014-07-16T16:15:22.891+0000: 3237.212: [GC [PSYoungGen: 884146K->548K(850176K)] 1178963K->295461K(1537152K), 0.0225750 secs] [Times: user=0.09 sys=0.00, real=0.02 secs] 
2014-07-16T16:15:24.874+0000: 3239.195: [GC [PSYoungGen: 850132K->516K(817600K)] 1145045K->295573K(1504576K), 0.0042260 secs] [Times: user=0.02 sys=0.00, real=0.01 secs] 
2014-07-16T16:15:26.712+0000: 3241.034: [GC [PSYoungGen: 817540K->630K(786624K)] 1112597K->295887K(1473600K), 0.0083480 secs] [Times: user=0.01 sys=0.01, real=0.01 secs] 
2014-07-16T16:15:28.471+0000: 3242.793: [GC [PSYoungGen: 786614K->612K(757056K)] 1081871K->295941K(1444032K), 0.0051800 secs] [Times: user=0.01 sys=0.00, real=0.01 secs] 
2014-07-16T16:15:30.146+0000: 3244.467: [GC [PSYoungGen: 757028K->288K(728576K)] 1052357K->295705K(1415552K), 0.0310480 secs] [Times: user=0.11 sys=0.00, real=0.03 secs] 
2014-07-16T16:15:31.774+0000: 3246.095: [GC [PSYoungGen: 728543K->530K(701952K)] 1023960K->296059K(1388928K), 0.0251810 secs] [Times: user=0.09 sys=0.00, real=0.03 secs] 
2014-07-16T16:15:33.328+0000: 3247.649: [GC [PSYoungGen: 701810K->516K(676352K)] 997339K->296165K(1363328K), 0.0109360 secs] [Times: user=0.02 sys=0.00, real=0.01 secs] 
2014-07-16T16:15:34.900+0000: 3249.221: [GC [PSYoungGen: 676292K->694K(652032K)] 971941K->296455K(1339008K), 0.0119430 secs] [Times: user=0.04 sys=0.00, real=0.01 secs] 
2014-07-16T16:15:36.395+0000: 3250.716: [GC [PSYoungGen: 652022K->438K(782080K)] 947783K->296447K(1469056K), 0.0241420 secs] [Times: user=0.09 sys=0.00, real=0.03 secs] 
2014-07-16T16:15:38.118+0000: 3252.440: [GC [PSYoungGen: 782070K->370K(938368K)] 1078079K->296459K(1625344K), 0.0153490 secs] [Times: user=0.06 sys=0.00, real=0.01 secs] 
2014-07-16T16:15:40.221+0000: 3254.542: [GC [PSYoungGen: 938354K->256K(901504K)] 1234443K->296441K(1588480K), 0.0080220 secs] [Times: user=0.01 sys=0.00, real=0.01 secs] 
2014-07-16T16:15:42.225+0000: 3256.546: [GC [PSYoungGen: 901504K->320K(866560K)] 1197689K->296593K(1553536K), 0.0050870 secs] [Times: user=0.01 sys=0.00, real=0.01 secs] 
2014-07-16T16:15:44.201+0000: 3258.523: [GC [PSYoungGen: 866560K->594K(833536K)] 1162833K->297011K(1520512K), 0.0051940 secs] [Times: user=0.01 sys=0.00, real=0.00 secs] 
2014-07-16T16:15:46.017+0000: 3260.339: [GC [PSYoungGen: 833480K->352K(801536K)] 1129897K->296921K(1488512K), 0.0044200 secs] [Times: user=0.02 sys=0.00, real=0.01 secs] 
2014-07-16T16:15:47.812+0000: 3262.134: [GC [PSYoungGen: 801504K->502K(771392K)] 1098073K->297175K(1458368K), 0.0132130 secs] [Times: user=0.05 sys=0.00, real=0.01 secs] 
2014-07-16T16:15:49.542+0000: 3263.863: [GC [PSYoungGen: 771382K->448K(742464K)] 1068055K->297217K(1429440K), 0.0262220 secs] [Times: user=0.10 sys=0.00, real=0.03 secs] 
2014-07-16T16:15:51.190+0000: 3265.511: [GC [PSYoungGen: 742464K->594K(715136K)] 1039233K->297467K(1402112K), 0.0153660 secs] [Times: user=0.06 sys=0.00, real=0.01 secs] 
2014-07-16T16:15:52.792+0000: 3267.114: [GC [PSYoungGen: 715090K->516K(688832K)] 1011963K->297493K(1375808K), 0.0058100 secs] [Times: user=0.01 sys=0.00, real=0.00 secs] 
2014-07-16T16:15:54.346+0000: 3268.667: [GC [PSYoungGen: 688772K->498K(663744K)] 985749K->297643K(1350720K), 0.0065020 secs] [Times: user=0.01 sys=0.01, real=0.01 secs] 
2014-07-16T16:15:55.816+0000: 3270.137: [GC [PSYoungGen: 663730K->384K(639744K)] 960875K->297673K(1326720K), 0.0146390 secs] [Times: user=0.06 sys=0.00, real=0.02 secs] 
2014-07-16T16:15:57.247+0000: 3271.568: [GC [PSYoungGen: 639744K->320K(616960K)] 937033K->297697K(1303936K), 0.0169400 secs] [Times: user=0.06 sys=0.00, real=0.02 secs] 
2014-07-16T16:15:58.606+0000: 3272.928: [GC [PSYoungGen: 616957K->370K(595328K)] 914335K->297827K(1282304K), 0.0124590 secs] [Times: user=0.05 sys=0.00, real=0.01 secs] 
2014-07-16T16:15:59.988+0000: 3274.310: [GC [PSYoungGen: 595308K->580K(714624K)] 892765K->298117K(1401600K), 0.0388870 secs] [Times: user=0.14 sys=0.00, real=0.04 secs] 
2014-07-16T16:16:01.574+0000: 3275.895: [GC [PSYoungGen: 714564K->658K(857536K)] 1012101K->298291K(1544512K), 0.0202050 secs] [Times: user=0.07 sys=0.00, real=0.02 secs] 
2014-07-16T16:16:03.503+0000: 3277.824: [GC [PSYoungGen: 857490K->370K(1028608K)] 1155123K->298283K(1715584K), 0.0272670 secs] [Times: user=0.10 sys=0.00, real=0.03 secs] 
2014-07-16T16:16:05.841+0000: 3280.163: [GC [PSYoungGen: 1028594K->612K(1234560K)] 1326507K->298717K(1921536K), 0.0195480 secs] [Times: user=0.06 sys=0.00, real=0.01 secs] 
2014-07-16T16:16:08.597+0000: 3282.918: [GC [PSYoungGen: 1234532K->370K(1481088K)] 1532637K->298651K(2168064K), 0.0171650 secs] [Times: user=0.06 sys=0.00, real=0.02 secs] 
2014-07-16T16:16:11.943+0000: 3286.264: [GC [PSYoungGen: 1481074K->466K(1418176K)] 1779355K->298907K(2105152K), 0.0177950 secs] [Times: user=0.06 sys=0.00, real=0.01 secs] 
2014-07-16T16:16:15.113+0000: 3289.434: [GC [PSYoungGen: 1418130K->498K(1358208K)] 1716571K->299131K(2045184K), 0.0218360 secs] [Times: user=0.08 sys=0.00, real=0.02 secs] 
2014-07-16T16:16:18.234+0000: 3292.555: [GC [PSYoungGen: 1358194K->626K(1301312K)] 1656827K->299467K(1988288K), 0.0070730 secs] [Times: user=0.02 sys=0.00, real=0.00 secs] 
2014-07-16T16:16:21.169+0000: 3295.490: [GC [PSYoungGen: 1301256K->548K(1246976K)] 1600097K->299661K(1933952K), 0.0057390 secs] [Times: user=0.02 sys=0.00, real=0.01 secs] 
2014-07-16T16:16:23.932+0000: 3298.254: [GC [PSYoungGen: 1246942K->466K(1195328K)] 1546055K->299739K(1882304K), 0.0197240 secs] [Times: user=0.08 sys=0.00, real=0.02 secs] 
2014-07-16T16:16:26.623+0000: 3300.944: [GC [PSYoungGen: 1195245K->516K(1146304K)] 1494518K->300029K(1833280K), 0.0094980 secs] [Times: user=0.03 sys=0.00, real=0.01 secs] 
2014-07-16T16:16:29.160+0000: 3303.482: [GC [PSYoungGen: 1146244K->320K(1099328K)] 1445757K->300009K(1786304K), 0.0217070 secs] [Times: user=0.07 sys=0.01, real=0.02 secs] 
2014-07-16T16:16:31.616+0000: 3305.937: [GC [PSYoungGen: 1099314K->452K(1055040K)] 1399003K->300221K(1742016K), 0.0141740 secs] [Times: user=0.05 sys=0.00, real=0.01 secs] 
2014-07-16T16:16:33.953+0000: 3308.274: [GC [PSYoungGen: 1054980K->352K(1012544K)] 1354749K->300249K(1699520K), 0.0093080 secs] [Times: user=0.02 sys=0.00, real=0.01 secs] 
2014-07-16T16:16:36.232+0000: 3310.553: [GC [PSYoungGen: 1012512K->416K(972288K)] 1312409K->300497K(1659264K), 0.0120640 secs] [Times: user=0.02 sys=0.00, real=0.01 secs] 
2014-07-16T16:16:38.400+0000: 3312.721: [GC [PSYoungGen: 972256K->484K(933952K)] 1272337K->300725K(1620928K), 0.0049000 secs] [Times: user=0.01 sys=0.01, real=0.00 secs] 
2014-07-16T16:16:40.504+0000: 3314.825: [GC [PSYoungGen: 933917K->388K(897344K)] 1234158K->300693K(1584320K), 0.0162260 secs] [Times: user=0.06 sys=0.00, real=0.02 secs] 
2014-07-16T16:16:42.493+0000: 3316.815: [GC [PSYoungGen: 897284K->466K(862592K)] 1197589K->300907K(1549568K), 0.0121720 secs] [Times: user=0.03 sys=0.00, real=0.01 secs] 
2014-07-16T16:16:44.400+0000: 3318.721: [GC [PSYoungGen: 862546K->498K(829440K)] 1162987K->301059K(1516416K), 0.0113690 secs] [Times: user=0.02 sys=0.00, real=0.01 secs] 
2014-07-16T16:16:46.257+0000: 3320.578: [GC [PSYoungGen: 829426K->512K(797824K)] 1129987K->301225K(1484800K), 0.0138180 secs] [Times: user=0.05 sys=0.00, real=0.02 secs] 
2014-07-16T16:16:48.041+0000: 3322.362: [GC [PSYoungGen: 797824K->352K(767616K)] 1098537K->301193K(1454592K), 0.0072200 secs] [Times: user=0.02 sys=0.00, real=0.01 secs] 
2014-07-16T16:16:49.759+0000: 3324.080: [GC [PSYoungGen: 767584K->480K(739072K)] 1068425K->301409K(1426048K), 0.0103630 secs] [Times: user=0.03 sys=0.01, real=0.01 secs] 
2014-07-16T16:16:51.385+0000: 3325.706: [GC [PSYoungGen: 738997K->566K(711808K)] 1039926K->301575K(1398784K), 0.0223800 secs] [Times: user=0.09 sys=0.00, real=0.02 secs] 
2014-07-16T16:16:53.001+0000: 3327.323: [GC [PSYoungGen: 711798K->726K(685952K)] 1012807K->301847K(1372928K), 0.0058050 secs] [Times: user=0.02 sys=0.00, real=0.00 secs] 
2014-07-16T16:16:54.561+0000: 3328.883: [GC [PSYoungGen: 685910K->256K(660608K)] 987031K->301529K(1347584K), 0.0274760 secs] [Times: user=0.10 sys=0.00, real=0.03 secs] 
2014-07-16T16:16:56.048+0000: 3330.369: [GC [PSYoungGen: 660608K->448K(792896K)] 961881K->301865K(1479872K), 0.0380670 secs] [Times: user=0.14 sys=0.00, real=0.04 secs] 
2014-07-16T16:16:57.833+0000: 3332.154: [GC [PSYoungGen: 792894K->466K(951488K)] 1094311K->302011K(1638464K), 0.0227260 secs] [Times: user=0.09 sys=0.00, real=0.02 secs] 
2014-07-16T16:16:59.957+0000: 3334.278: [GC [PSYoungGen: 951442K->512K(1141696K)] 1252987K->302169K(1828672K), 0.0121150 secs] [Times: user=0.03 sys=0.00, real=0.08 secs] 
2014-07-16T16:17:02.561+0000: 3336.883: [GC [PSYoungGen: 1141696K->576K(1095232K)] 1443353K->302305K(1782208K), 0.0054580 secs] [Times: user=0.01 sys=0.00, real=0.00 secs] 
2014-07-16T16:17:04.967+0000: 3339.289: [GC [PSYoungGen: 1095232K->416K(1050816K)] 1396961K->302353K(1737792K), 0.0184490 secs] [Times: user=0.06 sys=0.00, real=0.02 secs] 
2014-07-16T16:17:07.298+0000: 3341.619: [GC [PSYoungGen: 1050779K->384K(1260864K)] 1352716K->302473K(1947840K), 0.0344000 secs] [Times: user=0.12 sys=0.00, real=0.04 secs] 
2014-07-16T16:17:10.199+0000: 3344.520: [GC [PSYoungGen: 1260864K->740K(1208960K)] 1562953K->303493K(1895936K), 0.0164630 secs] [Times: user=0.06 sys=0.00, real=0.02 secs] 
2014-07-16T16:17:12.872+0000: 3347.194: [GC [PSYoungGen: 1208932K->448K(1158912K)] 1511685K->303337K(1845888K), 0.0068690 secs] [Times: user=0.02 sys=0.00, real=0.00 secs] 
2014-07-16T16:17:15.508+0000: 3349.829: [GC [PSYoungGen: 1158912K->530K(1111680K)] 1461801K->303731K(1798656K), 0.0176660 secs] [Times: user=0.06 sys=0.00, real=0.02 secs] 
2014-07-16T16:17:17.943+0000: 3352.264: [GC [PSYoungGen: 1111634K->338K(1066432K)] 1414835K->303723K(1753408K), 0.0276530 secs] [Times: user=0.11 sys=0.00, real=0.02 secs] 
2014-07-16T16:17:20.371+0000: 3354.692: [GC [PSYoungGen: 1066298K->726K(1023936K)] 1369683K->304215K(1710912K), 0.0276160 secs] [Times: user=0.11 sys=0.00, real=0.03 secs] 
2014-07-16T16:17:22.728+0000: 3357.050: [GC [PSYoungGen: 1023894K->544K(1228416K)] 1327383K->304153K(1915392K), 0.0329650 secs] [Times: user=0.13 sys=0.00, real=0.03 secs] 
2014-07-16T16:17:25.551+0000: 3359.872: [GC [PSYoungGen: 1228384K->608K(1177792K)] 1531993K->304457K(1864768K), 0.0181480 secs] [Times: user=0.06 sys=0.00, real=0.02 secs] 
2014-07-16T16:17:28.183+0000: 3362.504: [GC [PSYoungGen: 1177760K->754K(1129664K)] 1481609K->304843K(1816640K), 0.0318850 secs] [Times: user=0.12 sys=0.00, real=0.04 secs] 
2014-07-16T16:17:30.739+0000: 3365.060: [GC [PSYoungGen: 1129563K->694K(1355392K)] 1433652K->304895K(2042368K), 0.0276540 secs] [Times: user=0.09 sys=0.00, real=0.03 secs] 
2014-07-16T16:17:33.762+0000: 3368.083: [GC [PSYoungGen: 1355324K->512K(1298304K)] 1659525K->304865K(1985280K), 0.0162520 secs] [Times: user=0.05 sys=0.00, real=0.02 secs] 
2014-07-16T16:17:36.669+0000: 3370.990: [GC [PSYoungGen: 1298304K->530K(1244288K)] 1602657K->305107K(1931264K), 0.0152430 secs] [Times: user=0.06 sys=0.00, real=0.01 secs] 
2014-07-16T16:17:39.410+0000: 3373.731: [GC [PSYoungGen: 1244242K->384K(1192640K)] 1548819K->305129K(1879616K), 0.0062120 secs] [Times: user=0.02 sys=0.00, real=0.01 secs] 
2014-07-16T16:17:42.132+0000: 3376.454: [GC [PSYoungGen: 1192639K->800K(1144128K)] 1497384K->305641K(1831104K), 0.0165170 secs] [Times: user=0.06 sys=0.00, real=0.02 secs] 
2014-07-16T16:17:44.676+0000: 3378.997: [GC [PSYoungGen: 1144096K->658K(1097408K)] 1448937K->305715K(1784384K), 0.0187290 secs] [Times: user=0.06 sys=0.00, real=0.02 secs] 
2014-07-16T16:17:47.105+0000: 3381.426: [GC [PSYoungGen: 1097314K->580K(1052992K)] 1402372K->305861K(1739968K), 0.0245160 secs] [Times: user=0.10 sys=0.00, real=0.03 secs] 
2014-07-16T16:17:49.445+0000: 3383.766: [GC [PSYoungGen: 1052932K->452K(1010624K)] 1358213K->305829K(1697600K), 0.0166760 secs] [Times: user=0.06 sys=0.00, real=0.02 secs] 
2014-07-16T16:17:51.721+0000: 3386.042: [GC [PSYoungGen: 1010564K->626K(970560K)] 1315941K->306099K(1657536K), 0.0212820 secs] [Times: user=0.08 sys=0.00, real=0.02 secs] 
2014-07-16T16:17:53.936+0000: 3388.257: [GC [PSYoungGen: 970546K->726K(932416K)] 1276019K->306375K(1619392K), 0.0292370 secs] [Times: user=0.11 sys=0.00, real=0.03 secs] 
2014-07-16T16:17:56.055+0000: 3390.376: [GC [PSYoungGen: 932374K->466K(895680K)] 1238023K->306315K(1582656K), 0.0191900 secs] [Times: user=0.07 sys=0.00, real=0.02 secs] 
2014-07-16T16:17:58.022+0000: 3392.343: [GC [PSYoungGen: 895634K->256K(860672K)] 1201483K->306249K(1547648K), 0.0057550 secs] [Times: user=0.01 sys=0.01, real=0.00 secs] 
2014-07-16T16:17:59.919+0000: 3394.240: [GC [PSYoungGen: 860669K->288K(827648K)] 1166662K->306377K(1514624K), 0.0080100 secs] [Times: user=0.02 sys=0.00, real=0.00 secs] 
2014-07-16T16:18:01.806+0000: 3396.128: [GC [PSYoungGen: 827616K->352K(796224K)] 1133705K->306497K(1483200K), 0.0141340 secs] [Times: user=0.04 sys=0.01, real=0.02 secs] 
2014-07-16T16:18:03.564+0000: 3397.885: [GC [PSYoungGen: 796192K->402K(766272K)] 1102337K->306707K(1453248K), 0.0094710 secs] [Times: user=0.02 sys=0.00, real=0.01 secs] 
2014-07-16T16:18:05.300+0000: 3399.622: [GC [PSYoungGen: 766226K->552K(737792K)] 1072531K->307009K(1424768K), 0.0135830 secs] [Times: user=0.05 sys=0.00, real=0.01 secs] 
2014-07-16T16:18:06.981+0000: 3401.302: [GC [PSYoungGen: 737768K->872K(710848K)] 1044225K->307777K(1397824K), 0.0074510 secs] [Times: user=0.02 sys=0.01, real=0.00 secs] 
2014-07-16T16:18:08.556+0000: 3402.877: [GC [PSYoungGen: 710824K->370K(684352K)] 1017729K->307547K(1371328K), 0.0075300 secs] [Times: user=0.02 sys=0.00, real=0.01 secs] 
2014-07-16T16:18:10.067+0000: 3404.389: [GC [PSYoungGen: 684321K->512K(659648K)] 991499K->307873K(1346624K), 0.0267240 secs] [Times: user=0.09 sys=0.00, real=0.03 secs] 
2014-07-16T16:18:11.654+0000: 3405.975: [GC [PSYoungGen: 659648K->768K(636224K)] 967009K->308265K(1323200K), 0.0181510 secs] [Times: user=0.07 sys=0.00, real=0.02 secs] 
2014-07-16T16:18:13.050+0000: 3407.372: [GC [PSYoungGen: 636224K->448K(763008K)] 943721K->308121K(1449984K), 0.0204490 secs] [Times: user=0.08 sys=0.00, real=0.02 secs] 
2014-07-16T16:18:14.735+0000: 3409.056: [GC [PSYoungGen: 763008K->612K(915712K)] 1070681K->308413K(1602688K), 0.0155240 secs] [Times: user=0.04 sys=0.00, real=0.02 secs] 
2014-07-16T16:18:16.897+0000: 3411.218: [GC [PSYoungGen: 915684K->434K(1098560K)] 1223485K->308363K(1785536K), 0.0251710 secs] [Times: user=0.09 sys=0.00, real=0.03 secs] 
2014-07-16T16:18:19.306+0000: 3413.627: [GC [PSYoungGen: 1098546K->356K(1054080K)] 1406475K->308437K(1741056K), 0.0087720 secs] [Times: user=0.02 sys=0.00, real=0.01 secs] 
2014-07-16T16:18:21.667+0000: 3415.989: [GC [PSYoungGen: 1054034K->530K(1011968K)] 1362115K->308691K(1698944K), 0.0079350 secs] [Times: user=0.02 sys=0.01, real=0.01 secs] 
2014-07-16T16:18:23.916+0000: 3418.237: [GC [PSYoungGen: 1011922K->498K(971648K)] 1320083K->308803K(1658624K), 0.0184540 secs] [Times: user=0.07 sys=0.00, real=0.02 secs] 
2014-07-16T16:18:26.075+0000: 3420.396: [GC [PSYoungGen: 971634K->740K(933568K)] 1279939K->309245K(1620544K), 0.0254970 secs] [Times: user=0.09 sys=0.00, real=0.03 secs] 
2014-07-16T16:18:28.187+0000: 3422.508: [GC [PSYoungGen: 933508K->548K(896896K)] 1242013K->309149K(1583872K), 0.0251520 secs] [Times: user=0.10 sys=0.01, real=0.02 secs] 
2014-07-16T16:18:30.172+0000: 3424.493: [GC [PSYoungGen: 896868K->448K(862016K)] 1205469K->309177K(1548992K), 0.0175970 secs] [Times: user=0.07 sys=0.00, real=0.02 secs] 
2014-07-16T16:18:32.134+0000: 3426.455: [GC [PSYoungGen: 862016K->530K(828992K)] 1170745K->309323K(1515968K), 0.0089190 secs] [Times: user=0.02 sys=0.00, real=0.00 secs] 
2014-07-16T16:18:33.968+0000: 3428.289: [GC [PSYoungGen: 828946K->320K(797184K)] 1137739K->309273K(1484160K), 0.0065560 secs] [Times: user=0.01 sys=0.01, real=0.01 secs] 
2014-07-16T16:18:35.754+0000: 3430.076: [GC [PSYoungGen: 797184K->616K(767424K)] 1106137K->309729K(1454400K), 0.0261970 secs] [Times: user=0.09 sys=0.00, real=0.02 secs] 
2014-07-16T16:18:37.601+0000: 3431.923: [GC [PSYoungGen: 767400K->758K(738880K)] 1076513K->309991K(1425856K), 0.0210990 secs] [Times: user=0.07 sys=0.00, real=0.02 secs] 
2014-07-16T16:18:39.280+0000: 3433.602: [GC [PSYoungGen: 738852K->424K(711232K)] 1048085K->309969K(1398208K), 0.0184350 secs] [Times: user=0.07 sys=0.00, real=0.02 secs] 
2014-07-16T16:18:40.893+0000: 3435.214: [GC [PSYoungGen: 711208K->498K(853504K)] 1020753K->310139K(1540480K), 0.0344620 secs] [Times: user=0.13 sys=0.00, real=0.04 secs] 
2014-07-16T16:18:42.859+0000: 3437.181: [GC [PSYoungGen: 853490K->594K(1024256K)] 1163131K->310363K(1711232K), 0.0218990 secs] [Times: user=0.09 sys=0.00, real=0.02 secs] 
2014-07-16T16:18:45.163+0000: 3439.485: [GC [PSYoungGen: 1024210K->576K(1228928K)] 1333979K->310577K(1915904K), 0.0241740 secs] [Times: user=0.09 sys=0.00, real=0.03 secs] 
2014-07-16T16:18:47.960+0000: 3442.282: [GC [PSYoungGen: 1228928K->758K(1178368K)] 1538929K->310935K(1865344K), 0.0062220 secs] [Times: user=0.03 sys=0.00, real=0.01 secs] 
2014-07-16T16:18:50.537+0000: 3444.858: [GC [PSYoungGen: 1178358K->384K(1129728K)] 1488535K->310713K(1816704K), 0.0114900 secs] [Times: user=0.03 sys=0.00, real=0.01 secs] 
2014-07-16T16:18:53.083+0000: 3447.404: [GC [PSYoungGen: 1129728K->498K(1083904K)] 1440057K->310907K(1770880K), 0.0175500 secs] [Times: user=0.07 sys=0.00, real=0.02 secs] 
2014-07-16T16:18:55.478+0000: 3449.799: [GC [PSYoungGen: 1083890K->626K(1040320K)] 1394299K->311291K(1727296K), 0.0225660 secs] [Times: user=0.08 sys=0.00, real=0.02 secs] 
2014-07-16T16:18:57.823+0000: 3452.144: [GC [PSYoungGen: 1040230K->644K(998784K)] 1350895K->311469K(1685760K), 0.0223490 secs] [Times: user=0.08 sys=0.00, real=0.02 secs] 
2014-07-16T16:19:00.077+0000: 3454.398: [GC [PSYoungGen: 998724K->580K(959104K)] 1309549K->311525K(1646080K), 0.0076050 secs] [Times: user=0.02 sys=0.00, real=0.01 secs] 
2014-07-16T16:19:02.214+0000: 3456.536: [GC [PSYoungGen: 959044K->466K(921216K)] 1269989K->311531K(1608192K), 0.0237070 secs] [Times: user=0.08 sys=0.01, real=0.03 secs] 
2014-07-16T16:19:04.289+0000: 3458.610: [GC [PSYoungGen: 921170K->594K(885440K)] 1232235K->311811K(1572416K), 0.0049310 secs] [Times: user=0.01 sys=0.00, real=0.00 secs] 
2014-07-16T16:19:06.250+0000: 3460.572: [GC [PSYoungGen: 885394K->676K(851264K)] 1196611K->312077K(1538240K), 0.0183410 secs] [Times: user=0.07 sys=0.00, real=0.02 secs] 
2014-07-16T16:19:08.186+0000: 3462.507: [GC [PSYoungGen: 851236K->352K(818368K)] 1162637K->311849K(1505344K), 0.0266590 secs] [Times: user=0.10 sys=0.00, real=0.03 secs] 
2014-07-16T16:19:10.117+0000: 3464.438: [GC [PSYoungGen: 818336K->626K(787584K)] 1129833K->312251K(1474560K), 0.0071180 secs] [Times: user=0.02 sys=0.00, real=0.01 secs] 
2014-07-16T16:19:11.884+0000: 3466.205: [GC [PSYoungGen: 787570K->726K(758080K)] 1099195K->312479K(1445056K), 0.0084730 secs] [Times: user=0.02 sys=0.00, real=0.01 secs] 
2014-07-16T16:19:13.602+0000: 3467.923: [GC [PSYoungGen: 758038K->448K(729536K)] 1069791K->312329K(1416512K), 0.0055210 secs] [Times: user=0.02 sys=0.00, real=0.00 secs] 
2014-07-16T16:19:15.233+0000: 3469.554: [GC [PSYoungGen: 729536K->616K(702848K)] 1041417K->312681K(1389824K), 0.0157500 secs] [Times: user=0.05 sys=0.00, real=0.01 secs] 
2014-07-16T16:19:16.859+0000: 3471.180: [GC [PSYoungGen: 702824K->754K(677312K)] 1014889K->313107K(1364288K), 0.0077980 secs] [Times: user=0.01 sys=0.01, real=0.01 secs] 
2014-07-16T16:19:18.316+0000: 3472.637: [GC [PSYoungGen: 677298K->384K(652480K)] 989651K->312857K(1339456K), 0.0219250 secs] [Times: user=0.08 sys=0.00, real=0.02 secs] 
2014-07-16T16:19:19.798+0000: 3474.119: [GC [PSYoungGen: 652480K->630K(629376K)] 964953K->313223K(1316352K), 0.0159930 secs] [Times: user=0.05 sys=0.00, real=0.02 secs] 
2014-07-16T16:19:21.264+0000: 3475.586: [GC [PSYoungGen: 629366K->548K(607040K)] 941959K->313213K(1294016K), 0.0165820 secs] [Times: user=0.06 sys=0.00, real=0.02 secs] 
2014-07-16T16:19:22.632+0000: 3476.953: [GC [PSYoungGen: 606989K->452K(728320K)] 919654K->313245K(1415296K), 0.0269360 secs] [Times: user=0.09 sys=0.00, real=0.02 secs] 
2014-07-16T16:19:24.305+0000: 3478.626: [GC [PSYoungGen: 728258K->416K(873856K)] 1041051K->313353K(1560832K), 0.0273950 secs] [Times: user=0.10 sys=0.00, real=0.03 secs] 
2014-07-16T16:19:26.245+0000: 3480.567: [GC [PSYoungGen: 873823K->420K(1048576K)] 1186761K->313509K(1735552K), 0.0269770 secs] [Times: user=0.09 sys=0.00, real=0.03 secs] 
2014-07-16T16:19:28.606+0000: 3482.927: [GC [PSYoungGen: 1048465K->320K(1258112K)] 1361554K->313497K(1945088K), 0.0227600 secs] [Times: user=0.08 sys=0.00, real=0.02 secs] 
2014-07-16T16:19:31.427+0000: 3485.748: [GC [PSYoungGen: 1258083K->876K(1206528K)] 1571260K->314165K(1893504K), 0.0056260 secs] [Times: user=0.02 sys=0.00, real=0.01 secs] 
2014-07-16T16:19:34.214+0000: 3488.536: [GC [PSYoungGen: 1206508K->530K(1156544K)] 1519797K->313971K(1843520K), 0.0240510 secs] [Times: user=0.09 sys=0.00, real=0.02 secs] 
2014-07-16T16:19:36.825+0000: 3491.146: [GC [PSYoungGen: 1156498K->580K(1109376K)] 1469939K->314285K(1796352K), 0.0250730 secs] [Times: user=0.09 sys=0.00, real=0.02 secs] 
2014-07-16T16:19:39.319+0000: 3493.640: [GC [PSYoungGen: 1109316K->626K(1331136K)] 1423021K->314467K(2018112K), 0.0326870 secs] [Times: user=0.12 sys=0.00, real=0.03 secs] 
2014-07-16T16:19:42.313+0000: 3496.634: [GC [PSYoungGen: 1331085K->676K(1275520K)] 1644926K->314653K(1962496K), 0.0154680 secs] [Times: user=0.06 sys=0.00, real=0.02 secs] 
2014-07-16T16:19:45.132+0000: 3499.453: [GC [PSYoungGen: 1275491K->580K(1222464K)] 1589468K->314773K(1909440K), 0.0210830 secs] [Times: user=0.07 sys=0.00, real=0.02 secs] 
2014-07-16T16:19:47.872+0000: 3502.194: [GC [PSYoungGen: 1222390K->598K(1172032K)] 1536583K->314943K(1859008K), 0.0077830 secs] [Times: user=0.02 sys=0.00, real=0.01 secs] 
2014-07-16T16:19:50.497+0000: 3504.819: [GC [PSYoungGen: 1171990K->612K(1124032K)] 1486335K->315101K(1811008K), 0.0283380 secs] [Times: user=0.09 sys=0.00, real=0.03 secs] 
2014-07-16T16:19:53.017+0000: 3507.338: [GC [PSYoungGen: 1124004K->626K(1078400K)] 1438493K->315227K(1765376K), 0.0129020 secs] [Times: user=0.05 sys=0.01, real=0.01 secs] 
2014-07-16T16:19:55.394+0000: 3509.716: [GC [PSYoungGen: 1078386K->498K(1034816K)] 1392987K->315323K(1721792K), 0.0145800 secs] [Times: user=0.05 sys=0.00, real=0.02 secs] 
2014-07-16T16:19:57.769+0000: 3512.091: [GC [PSYoungGen: 1034802K->698K(993664K)] 1349627K->315803K(1680640K), 0.0294350 secs] [Times: user=0.11 sys=0.00, real=0.03 secs] 
2014-07-16T16:20:00.022+0000: 3514.343: [GC [PSYoungGen: 993631K->516K(954176K)] 1308736K->315757K(1641152K), 0.0264070 secs] [Times: user=0.09 sys=0.00, real=0.03 secs] 
2014-07-16T16:20:02.138+0000: 3516.460: [GC [PSYoungGen: 954113K->534K(1144896K)] 1269354K->315935K(1831872K), 0.0324590 secs] [Times: user=0.12 sys=0.00, real=0.03 secs] 
2014-07-16T16:20:04.714+0000: 3519.035: [GC [PSYoungGen: 1144854K->352K(1098048K)] 1460255K->315897K(1785024K), 0.0085210 secs] [Times: user=0.02 sys=0.00, real=0.01 secs] 
2014-07-16T16:20:07.143+0000: 3521.465: [GC [PSYoungGen: 1098016K->576K(1053824K)] 1413561K->316321K(1740800K), 0.0201550 secs] [Times: user=0.06 sys=0.01, real=0.02 secs] 
2014-07-16T16:20:09.522+0000: 3523.843: [GC [PSYoungGen: 1053824K->562K(1011520K)] 1369569K->316443K(1698496K), 0.0260780 secs] [Times: user=0.10 sys=0.00, real=0.02 secs] 
2014-07-16T16:20:11.768+0000: 3526.090: [GC [PSYoungGen: 1011447K->384K(971072K)] 1327328K->316385K(1658048K), 0.0141720 secs] [Times: user=0.04 sys=0.00, real=0.01 secs] 
2014-07-16T16:20:13.932+0000: 3528.253: [GC [PSYoungGen: 971072K->480K(932864K)] 1287073K->316625K(1619840K), 0.0184130 secs] [Times: user=0.07 sys=0.00, real=0.02 secs] 
2014-07-16T16:20:15.993+0000: 3530.315: [GC [PSYoungGen: 932832K->594K(896512K)] 1248977K->316907K(1583488K), 0.0161100 secs] [Times: user=0.05 sys=0.00, real=0.02 secs] 
2014-07-16T16:20:17.984+0000: 3532.305: [GC [PSYoungGen: 896466K->320K(861440K)] 1212779K->316753K(1548416K), 0.0187250 secs] [Times: user=0.07 sys=0.00, real=0.02 secs] 
2014-07-16T16:20:19.893+0000: 3534.214: [GC [PSYoungGen: 861440K->292K(828352K)] 1177873K->316805K(1515328K), 0.0049820 secs] [Times: user=0.02 sys=0.00, real=0.00 secs] 
2014-07-16T16:20:21.725+0000: 3536.046: [GC [PSYoungGen: 828324K->320K(796800K)] 1144837K->316889K(1483776K), 0.0051370 secs] [Times: user=0.01 sys=0.00, real=0.01 secs] 
2014-07-16T16:20:23.649+0000: 3537.970: [GC [PSYoungGen: 796800K->890K(767296K)] 1113369K->317579K(1454272K), 0.0060240 secs] [Times: user=0.02 sys=0.00, real=0.01 secs] 
2014-07-16T16:20:25.350+0000: 3539.671: [GC [PSYoungGen: 767290K->594K(738368K)] 1083979K->317491K(1425344K), 0.0108030 secs] [Times: user=0.04 sys=0.00, real=0.01 secs] 
2014-07-16T16:20:27.037+0000: 3541.358: [GC [PSYoungGen: 738322K->548K(710976K)] 1055219K->317581K(1397952K), 0.0077030 secs] [Times: user=0.01 sys=0.00, real=0.01 secs] 
2014-07-16T16:20:28.612+0000: 3542.934: [GC [PSYoungGen: 710948K->808K(685184K)] 1027981K->317929K(1372160K), 0.0069300 secs] [Times: user=0.02 sys=0.00, real=0.00 secs] 
2014-07-16T16:20:30.121+0000: 3544.442: [GC [PSYoungGen: 685160K->224K(659776K)] 1002281K->317441K(1346752K), 0.0240090 secs] [Times: user=0.09 sys=0.00, real=0.03 secs] 
2014-07-16T16:20:31.610+0000: 3545.931: [GC [PSYoungGen: 659709K->880K(792320K)] 976926K->318185K(1479296K), 0.0390680 secs] [Times: user=0.14 sys=0.00, real=0.04 secs] 
2014-07-16T16:20:33.415+0000: 3547.736: [GC [PSYoungGen: 792304K->466K(950272K)] 1109609K->317883K(1637248K), 0.0269540 secs] [Times: user=0.10 sys=0.00, real=0.03 secs] 
2014-07-16T16:20:35.544+0000: 3549.865: [GC [PSYoungGen: 950225K->530K(1140288K)] 1267642K->318131K(1827264K), 0.0193820 secs] [Times: user=0.07 sys=0.00, real=0.02 secs] 
2014-07-16T16:20:38.148+0000: 3552.470: [GC [PSYoungGen: 1140242K->552K(1368256K)] 1457843K->318281K(2055232K), 0.0182710 secs] [Times: user=0.06 sys=0.00, real=0.02 secs] 
2014-07-16T16:20:41.137+0000: 3555.458: [GC [PSYoungGen: 1368232K->434K(1310592K)] 1685961K->318299K(1997568K), 0.0144740 secs] [Times: user=0.05 sys=0.00, real=0.01 secs] 
2014-07-16T16:20:44.100+0000: 3558.422: [GC [PSYoungGen: 1310578K->608K(1256064K)] 1628443K->318585K(1943040K), 0.0148480 secs] [Times: user=0.06 sys=0.00, real=0.02 secs] 
2014-07-16T16:20:46.917+0000: 3561.239: [GC [PSYoungGen: 1256032K->512K(1203904K)] 1574009K->318745K(1890880K), 0.0183710 secs] [Times: user=0.07 sys=0.00, real=0.02 secs] 
2014-07-16T16:20:49.582+0000: 3563.903: [GC [PSYoungGen: 1203904K->516K(1154432K)] 1522137K->318909K(1841408K), 0.0161330 secs] [Times: user=0.05 sys=0.00, real=0.02 secs] 
2014-07-16T16:20:52.132+0000: 3566.453: [GC [PSYoungGen: 1154372K->466K(1107264K)] 1472765K->319019K(1794240K), 0.0341860 secs] [Times: user=0.13 sys=0.00, real=0.04 secs] 
2014-07-16T16:20:54.652+0000: 3568.974: [GC [PSYoungGen: 1107218K->562K(1062464K)] 1425771K->319243K(1749440K), 0.0078260 secs] [Times: user=0.01 sys=0.00, real=0.01 secs] 
2014-07-16T16:20:57.011+0000: 3571.332: [GC [PSYoungGen: 1062382K->612K(1019840K)] 1381063K->319493K(1706816K), 0.0154170 secs] [Times: user=0.05 sys=0.00, real=0.02 secs] 
2014-07-16T16:20:59.359+0000: 3573.680: [GC [PSYoungGen: 1019812K->498K(979072K)] 1338693K->319499K(1666048K), 0.0337560 secs] [Times: user=0.12 sys=0.00, real=0.03 secs] 
2014-07-16T16:21:01.530+0000: 3575.851: [GC [PSYoungGen: 979058K->288K(940160K)] 1298059K->319409K(1627136K), 0.0209680 secs] [Times: user=0.08 sys=0.00, real=0.02 secs] 
2014-07-16T16:21:03.671+0000: 3577.992: [GC [PSYoungGen: 940128K->498K(1128320K)] 1259249K->319747K(1815296K), 0.0287960 secs] [Times: user=0.09 sys=0.00, real=0.03 secs] 
2014-07-16T16:21:06.196+0000: 3580.517: [GC [PSYoungGen: 1128306K->818K(1082752K)] 1447555K->320275K(1769728K), 0.0199120 secs] [Times: user=0.05 sys=0.00, real=0.02 secs] 
2014-07-16T16:21:08.663+0000: 3582.985: [GC [PSYoungGen: 1082738K->370K(1038656K)] 1402195K->319979K(1725632K), 0.0073590 secs] [Times: user=0.02 sys=0.00, real=0.01 secs] 
2014-07-16T16:21:10.969+0000: 3585.291: [GC [PSYoungGen: 1038642K->242K(996992K)] 1358251K->319979K(1683968K), 0.0158170 secs] [Times: user=0.06 sys=0.00, real=0.01 secs] 
2014-07-16T16:21:13.245+0000: 3587.567: [GC [PSYoungGen: 996978K->996K(958208K)] 1316715K->321077K(1645184K), 0.0067190 secs] [Times: user=0.02 sys=0.00, real=0.01 secs] 
2014-07-16T16:21:15.366+0000: 3589.687: [GC [PSYoungGen: 958120K->722K(920256K)] 1278202K->321011K(1607232K), 0.0350690 secs] [Times: user=0.13 sys=0.00, real=0.04 secs] 
2014-07-16T16:21:17.435+0000: 3591.757: [GC [PSYoungGen: 920210K->384K(883968K)] 1240499K->320873K(1570944K), 0.0206360 secs] [Times: user=0.07 sys=0.00, real=0.02 secs] 
2014-07-16T16:21:19.438+0000: 3593.759: [GC [PSYoungGen: 883968K->786K(850240K)] 1204457K->321411K(1537216K), 0.0090350 secs] [Times: user=0.02 sys=0.00, real=0.00 secs] 
2014-07-16T16:21:21.320+0000: 3595.642: [GC [PSYoungGen: 850194K->580K(817472K)] 1170819K->321309K(1504448K), 0.0248360 secs] [Times: user=0.09 sys=0.00, real=0.02 secs] 
2014-07-16T16:21:23.264+0000: 3597.585: [GC [PSYoungGen: 817412K->1110K(786944K)] 1138141K->321935K(1473920K), 0.0066780 secs] [Times: user=0.02 sys=0.01, real=0.01 secs] 
2014-07-16T16:21:25.065+0000: 3599.387: [GC [PSYoungGen: 786902K->562K(756800K)] 1107727K->321595K(1443776K), 0.0182050 secs] [Times: user=0.07 sys=0.00, real=0.02 secs] 
2014-07-16T16:21:26.775+0000: 3601.097: [GC [PSYoungGen: 756786K->484K(728576K)] 1077819K->321677K(1415552K), 0.0054500 secs] [Times: user=0.01 sys=0.00, real=0.01 secs] 
2014-07-16T16:21:28.463+0000: 3602.784: [GC [PSYoungGen: 728548K->786K(702016K)] 1049741K->322075K(1388992K), 0.0070290 secs] [Times: user=0.02 sys=0.00, real=0.01 secs] 
2014-07-16T16:21:30.010+0000: 3604.332: [GC [PSYoungGen: 701970K->520K(676160K)] 1023259K->321921K(1363136K), 0.0236790 secs] [Times: user=0.08 sys=0.00, real=0.02 secs] 
2014-07-16T16:21:31.500+0000: 3605.821: [GC [PSYoungGen: 676104K->576K(651712K)] 997505K->322065K(1338688K), 0.0074790 secs] [Times: user=0.02 sys=0.00, real=0.01 secs] 
2014-07-16T16:21:32.935+0000: 3607.257: [GC [PSYoungGen: 651712K->320K(628160K)] 973201K->321889K(1315136K), 0.0109660 secs] [Times: user=0.04 sys=0.00, real=0.01 secs] 
2014-07-16T16:21:34.401+0000: 3608.722: [GC [PSYoungGen: 628130K->676K(606336K)] 949699K->322333K(1293312K), 0.0094290 secs] [Times: user=0.03 sys=0.00, real=0.00 secs] 
2014-07-16T16:21:35.751+0000: 3610.073: [GC [PSYoungGen: 606308K->352K(584832K)] 927965K->322177K(1271808K), 0.0045500 secs] [Times: user=0.02 sys=0.00, real=0.00 secs] 
2014-07-16T16:21:37.070+0000: 3611.392: [GC [PSYoungGen: 584800K->644K(702080K)] 906625K->322557K(1389056K), 0.0287610 secs] [Times: user=0.10 sys=0.00, real=0.03 secs] 
2014-07-16T16:21:38.712+0000: 3613.033: [GC [PSYoungGen: 702020K->548K(676352K)] 1023933K->322533K(1363328K), 0.0074900 secs] [Times: user=0.02 sys=0.00, real=0.00 secs] 
2014-07-16T16:21:40.190+0000: 3614.512: [GC [PSYoungGen: 676315K->434K(651776K)] 998301K->322539K(1338752K), 0.0071400 secs] [Times: user=0.02 sys=0.00, real=0.01 secs] 
2014-07-16T16:21:41.632+0000: 3615.954: [GC [PSYoungGen: 651762K->352K(628416K)] 973867K->322537K(1315392K), 0.0094040 secs] [Times: user=0.01 sys=0.00, real=0.00 secs] 
2014-07-16T16:21:43.023+0000: 3617.345: [GC [PSYoungGen: 628384K->356K(606208K)] 950569K->322645K(1293184K), 0.0074760 secs] [Times: user=0.02 sys=0.00, real=0.00 secs] 
2014-07-16T16:21:44.375+0000: 3618.697: [GC [PSYoungGen: 606180K->320K(584896K)] 928469K->322713K(1271872K), 0.0245260 secs] [Times: user=0.10 sys=0.00, real=0.02 secs] 
2014-07-16T16:21:45.675+0000: 3619.996: [GC [PSYoungGen: 584896K->306K(564672K)] 907289K->322819K(1251648K), 0.0133720 secs] [Times: user=0.05 sys=0.00, real=0.01 secs] 
2014-07-16T16:21:46.944+0000: 3621.266: [GC [PSYoungGen: 564658K->466K(677760K)] 887171K->323051K(1364736K), 0.0243950 secs] [Times: user=0.09 sys=0.00, real=0.02 secs] 
2014-07-16T16:21:48.453+0000: 3622.775: [GC [PSYoungGen: 677704K->562K(813312K)] 1000290K->323211K(1500288K), 0.0082660 secs] [Times: user=0.02 sys=0.00, real=0.00 secs] 
2014-07-16T16:21:50.357+0000: 3624.678: [GC [PSYoungGen: 813298K->512K(782400K)] 1135947K->323233K(1469376K), 0.0168290 secs] [Times: user=0.06 sys=0.00, real=0.02 secs] 
2014-07-16T16:21:52.998+0000: 3627.319: [GC [PSYoungGen: 782400K->160K(752704K)] 1105121K->323001K(1439680K), 0.0094120 secs] [Times: user=0.04 sys=0.01, real=0.01 secs] 
Heap
 PSYoungGen      total 752704K, used 290819K [0x0000000755560000, 0x00000007c98c0000, 0x0000000800000000)
  eden space 752512K, 38% used [0x0000000755560000,0x0000000767138c18,0x0000000783440000)
  from space 192K, 83% used [0x00000007c9890000,0x00000007c98b8000,0x00000007c98c0000)
  to   space 960K, 0% used [0x00000007c96e0000,0x00000007c96e0000,0x00000007c97d0000)
 ParOldGen       total 686976K, used 322841K [0x0000000600000000, 0x0000000629ee0000, 0x0000000755560000)
  object space 686976K, 46% used [0x0000000600000000,0x0000000613b464b0,0x0000000629ee0000)
 PSPermGen       total 21248K, used 11722K [0x00000005f5a00000, 0x00000005f6ec0000, 0x0000000600000000)
  object space 21248K, 55% used [0x00000005f5a00000,0x00000005f6572a80,0x00000005f6ec0000)
